 TestApp

 Timestamp is 43172bed (Thu Sep 01 20:27:25 2005)

 Preferred load address is 00400000

 Start         Length     Name                   Class
 0001:00000000 00003110H .text                   CODE
 0002:00000000 000000d8H .idata$5                DATA
 0002:000000d8 000002acH .rdata                  DATA
 0002:00000388 00000044H .rdata$r                DATA
 0002:000003d0 00000098H .xdata$x                DATA
 0002:00000468 00000050H .idata$2                DATA
 0002:000004b8 00000014H .idata$3                DATA
 0002:000004cc 000000d8H .idata$4                DATA
 0002:000005a4 000002b2H .idata$6                DATA
 0002:00000856 00000000H .edata                  DATA
 0003:00000000 00000004H .CRT$XCA                DATA
 0003:00000004 00000010H .CRT$XCU                DATA
 0003:00000014 00000004H .CRT$XCZ                DATA
 0003:00000018 00000004H .CRT$XIA                DATA
 0003:0000001c 00000004H .CRT$XIZ                DATA
 0003:00000020 00000c7cH .data                   DATA
 0003:00000ca0 00001ed8H .bss                    DATA

  Address         Publics by Value              Rva+Base     Lib:Object

 0001:00000000       ??3@YAXPAX@Z               00401000 f i CoreMain.obj
 0001:0000000b       ?appTimestamp@@YAPBDXZ     0040100b f   CoreMain.obj
 0001:00000043       ?appInit@@YAXXZ            00401043 f   CoreMain.obj
 0001:000000c2       ?appExit@@YAXXZ            004010c2 f   CoreMain.obj
 0001:000000fc       ?appLoadDebugSymbols@@YAXXZ 004010fc f   DbgSymbols.obj
 0001:000002ff       ?appSymbolName@@YA_NIPADH@Z 004012ff f   DbgSymbols.obj
 0001:000003eb       ?appSymbolName@@YAPBDI@Z   004013eb f   DbgSymbols.obj
 0001:0000041d       ?appMalloc@@YAPAXIH@Z      0040141d f   Memory.obj
 0001:000004cb       ?appFree@@YAXPAX@Z         004014cb f   Memory.obj
 0001:000004f9       ?Unlink@FMemHeader@@QAEXXZ 004014f9 f i Memory.obj
 0001:00000524       ?Link@CMemoryChain@@AAEXXZ 00401524 f   Memory.obj
 0001:00000543       ?Unlink@CMemoryChain@@AAEXXZ 00401543 f   Memory.obj
 0001:0000056e       ??2CMemoryChain@@SAPAXIH@Z 0040156e f   Memory.obj
 0001:000005e0       ??3CMemoryChain@@SAXPAX@Z  004015e0 f   Memory.obj
 0001:00000613       ?Alloc@CMemoryChain@@QAEPAXIH@Z 00401613 f   Memory.obj
 0001:0000067d       ?appInitMemory@@YAXXZ      0040167d f   Memory.obj
 0001:00000bb1       ?sprintf@?$TString@$0BAA@@@QAAHPBDZZ 00401bb1 f i Memory.obj
 0001:00000bcd       ?Printf@COutputDevice@@QAAXPBDZZ 00401bcd f   OutputDevice.obj
 0001:00000c3d       ?Register@COutputDevice@@QAEXXZ 00401c3d f   OutputDevice.obj
 0001:00000c99       ?Unregister@COutputDevice@@QAEXXZ 00401c99 f   OutputDevice.obj
 0001:00000cec       ?appPrintf@@YAXPBDZZ       00401cec f   OutputDevice.obj
 0001:00000e0b       ?appWPrintf@@YAXPBDZZ      00401e0b f   OutputDevice.obj
 0001:00000e68       ??0COutputDeviceFile@@QAE@XZ 00401e68 f i ErrorMgr.obj
 0001:00000e80       ?Write@COutputDeviceFile@@UAEXPBD@Z 00401e80 f i ErrorMgr.obj
 0001:00000ed4       ?Flush@COutputDeviceFile@@UAEXXZ 00401ed4 f i ErrorMgr.obj
 0001:00000ee4       ?Close@COutputDeviceFile@@UAEXXZ 00401ee4 f i ErrorMgr.obj
 0001:00000f12       ??1COutputDeviceFile@@QAE@XZ 00401f12 f i ErrorMgr.obj
 0001:00000f31       ?appGetErrorLog@@YAPAVCOutputDevice@@XZ 00401f31 f   ErrorMgr.obj
 0001:00000fb7       ?Open@COutputDeviceFile@@QAEXPBD_N@Z 00401fb7 f i ErrorMgr.obj
 0001:00000ff3       ?appFatalError@@YAXPBDZZ   00401ff3 f   ErrorMgr.obj
 0001:0000108c       ?appNonFatalError@@YAXPBDZZ 0040208c f   ErrorMgr.obj
 0001:000010ea       ?appUnwindPrefix@@YAXPBD@Z 004020ea f   ErrorMgr.obj
 0001:0000119a       ?appUnwindThrow@@YAXPBDZZ  0040219a f   ErrorMgr.obj
 0001:00001231       ?Reset@CErrorHandler@@QAEXXZ 00402231 f   ErrorMgr.obj
 0001:00001262       ?appInitError@@YAXXZ       00402262 f   ErrorMgr.obj
 0001:00001320       ?sprintf@?$TString@$0CAA@@@QAAHPBDZZ 00402320 f i ErrorMgr.obj
 0001:0000133c       ?appStrcmp@@YAHPBD0@Z      0040233c f   Strings.obj
 0001:0000135d       ?appStricmp@@YAHPBD0@Z     0040235d f   Strings.obj
 0001:00001392       ?toLower@@YADD@Z           00402392 f i Strings.obj
 0001:000013a9       ?appStrcpy@@YAXPADPBD@Z    004023a9 f   Strings.obj
 0001:000013bc       ?appStrncpylwr@@YAXPADPBDH@Z 004023bc f   Strings.obj
 0001:000013f4       ?appStrncpyz@@YAXPADPBDH@Z 004023f4 f   Strings.obj
 0001:00001421       ?appStrcatn@@YAXPADHPBD@Z  00402421 f   Strings.obj
 0001:0000144c       ?appCStrlen@@YAHPBD@Z      0040244c f   Strings.obj
 0001:00001471       ?appUncolorizeString@@YAXPADPBD@Z 00402471 f   Strings.obj
 0001:000014a1       ?va@@YAPBDPBDZZ            004024a1 f   Strings.obj
 0001:0000153d       ?appSprintf@@YAHPADHPBDZZ  0040253d f   Strings.obj
 0001:00001588       ?appMatchWildcard@@YA_NPBD0_N@Z 00402588 f   Strings.obj
 0001:00001709       ??2CStringItem@@SAPAXIPBD@Z 00402709 f   Strings.obj
 0001:00001752       ??2CStringItem@@SAPAXIPBDPAVCMemoryChain@@@Z 00402752 f   Strings.obj
 0001:0000178f       ?Find@CStringList@@IAEPAVCStringItem@@PBDPAPAV2@@Z 0040278f f   Strings.obj
 0001:000017cb       ?cpuid@@YAXI@Z             004027cb f   CoreWin32.obj
 0001:000017ee       ?appPackage@@YAPBDXZ       004027ee f   CoreWin32.obj
 0001:00001853       ?appDisplayError@@YAXXZ    00402853 f   CoreWin32.obj
 0001:000018a7       ?appInitPlatform@@YAXXZ    004028a7 f   CoreWin32.obj
 0001:00001b3a       ?appShutdownPlatform@@YAXXZ 00402b3a f   CoreWin32.obj
 0001:00001b43       ?osAddressInfo@@YA_NIPADHPAH@Z 00402b43 f   DbgSymbolsWin32.obj
 0001:00001bd7       ?osModuleInfo@@YA_NIPADHPAH@Z 00402bd7 f   DbgSymbolsWin32.obj
 0001:00001d7e       ?win32ExceptFilter@@YAHPAU_EXCEPTION_POINTERS@@@Z 00402d7e f   ExceptFilterWin32.obj
 0001:0000220f       ?win32ExceptFilter2@@YAHXZ 0040320f f   ExceptFilterWin32.obj
 0001:0000225d       ?crash@@YAXPAD@Z           0040325d f   TestApp.obj
 0001:0000231f       ?cmd1@@YAXHPAPAD@Z         0040331f f   TestApp.obj
 0001:000024ab       ?cUncol@@YAXHPAPAD@Z       004034ab f   TestApp.obj
 0001:000024e7       ?cClen@@YAXHPAPAD@Z        004034e7 f   TestApp.obj
 0001:0000250e       ?cAlloc@@YAXHPAPAD@Z       0040350e f   TestApp.obj
 0001:0000256a       ?cUsage@@YAX_N@Z           0040356a f   TestApp.obj
 0001:00002584       ?cArgs@@YAXHPAPAD@Z        00403584 f   TestApp.obj
 0001:000025bf       ?cBoth@@YAX_NHPAPAD@Z      004035bf f   TestApp.obj
 0001:0000260d       ?cDir@@YAXHPAPAD@Z         0040360d f   TestApp.obj
 0001:0000269b       ?cSym@@YAX_NHPAPAD@Z       0040369b f   TestApp.obj
 0001:0000270f       _main                      0040370f f   TestApp.obj
 0001:00002877       ?RegisterCommand@@YA_NPBDP6AXXZH@Z 00403877 f   Commands.obj
 0001:00002945       ?ExecuteCommand@@YA_NPBD@Z 00403945 f   Commands.obj
 0001:00002bd3       ?ExecuteCommand@@YA_NPBDPBUCSimpleCommand@@H@Z 00403bd3 f   Commands.obj
 0001:00002dd2       ??0CFileList@@QAE@PBDHI@Z  00403dd2 f   FileSystem.obj
 0001:00002df0       ?osListDirectory@@YAXPBDAAVCFileList@@H@Z 00403df0 f   FileSystemWin32.obj
 0001:00002f20       __except_handler3          00403f20 f   MSVCRT:MSVCRT.dll
 0001:00002f30       __chkstk                   00403f30 f   MSVCRT:chkstk.obj
 0001:00002f30       __alloca_probe             00403f30 f   MSVCRT:chkstk.obj
 0001:00002f60       _strlen                    00403f60 f   MSVCRT:MSVCRT.dll
 0001:00002f66       __onexit                   00403f66 f   MSVCRT:atonexit.obj
 0001:00002f92       _atexit                    00403f92 f   MSVCRT:atonexit.obj
 0001:00002fa4       ??_Etype_info@@UAEPAXI@Z   00403fa4 f i MSVCRT:ti_inst.obj
 0001:00002fa4       ??_Gtype_info@@UAEPAXI@Z   00403fa4 f i MSVCRT:ti_inst.obj
 0001:00002fc0       __CxxThrowException@8      00403fc0 f   MSVCRT:MSVCRT.dll
 0001:00002fc6       _mainCRTStartup            00403fc6 f   MSVCRT:crtexe.obj
 0001:000030d6       ___dllonexit               004040d6 f   MSVCRT:MSVCRT.dll
 0001:000030dc       ??1type_info@@UAE@XZ       004040dc f   MSVCRT:MSVCRT.dll
 0001:000030e2       __XcptFilter               004040e2 f   MSVCRT:MSVCRT.dll
 0001:000030e8       __initterm                 004040e8 f   MSVCRT:MSVCRT.dll
 0001:000030ee       __setdefaultprecision      004040ee f   MSVCRT:fp8.obj
 0001:00003100       __matherr                  00404100 f   MSVCRT:merr.obj
 0001:00003103       __setargv                  00404103 f   MSVCRT:dllargv.obj
 0001:00003104       __controlfp                00404104 f   MSVCRT:MSVCRT.dll
 0002:00000000       __imp__VirtualQuery@12     00405000     kernel32:KERNEL32.dll
 0002:00000004       __imp__IsBadReadPtr@8      00405004     kernel32:KERNEL32.dll
 0002:00000008       __imp__GetModuleFileNameA@12 00405008     kernel32:KERNEL32.dll
 0002:0000000c       \177KERNEL32_NULL_THUNK_DATA 0040500c     kernel32:KERNEL32.dll
 0002:00000010       __imp___controlfp          00405010     MSVCRT:MSVCRT.dll
 0002:00000014       __imp__strftime            00405014     MSVCRT:MSVCRT.dll
 0002:00000018       __imp__localtime           00405018     MSVCRT:MSVCRT.dll
 0002:0000001c       __imp__time                0040501c     MSVCRT:MSVCRT.dll
 0002:00000020       __imp___except_handler3    00405020     MSVCRT:MSVCRT.dll
 0002:00000024       __imp__fclose              00405024     MSVCRT:MSVCRT.dll
 0002:00000028       __imp__fread               00405028     MSVCRT:MSVCRT.dll
 0002:0000002c       __imp__fopen               0040502c     MSVCRT:MSVCRT.dll
 0002:00000030       __imp__malloc              00405030     MSVCRT:MSVCRT.dll
 0002:00000034       __imp__free                00405034     MSVCRT:MSVCRT.dll
 0002:00000038       __imp__qsort               00405038     MSVCRT:MSVCRT.dll
 0002:0000003c       __imp___vsnprintf          0040503c     MSVCRT:MSVCRT.dll
 0002:00000040       __imp__memmove             00405040     MSVCRT:MSVCRT.dll
 0002:00000044       __imp__fwrite              00405044     MSVCRT:MSVCRT.dll
 0002:00000048       __imp__strlen              00405048     MSVCRT:MSVCRT.dll
 0002:0000004c       __imp__fflush              0040504c     MSVCRT:MSVCRT.dll
 0002:00000050       __imp__strncpy             00405050     MSVCRT:MSVCRT.dll
 0002:00000054       __imp___CxxThrowException@8 00405054     MSVCRT:MSVCRT.dll
 0002:00000058       __imp__strchr              00405058     MSVCRT:MSVCRT.dll
 0002:0000005c       __imp__strrchr             0040505c     MSVCRT:MSVCRT.dll
 0002:00000060       __imp___iob                00405060     MSVCRT:MSVCRT.dll
 0002:00000064       __imp__sprintf             00405064     MSVCRT:MSVCRT.dll
 0002:00000068       __imp__atoi                00405068     MSVCRT:MSVCRT.dll
 0002:0000006c       __imp__strtol              0040506c     MSVCRT:MSVCRT.dll
 0002:00000070       __imp__gets                00405070     MSVCRT:MSVCRT.dll
 0002:00000074       __imp___findclose          00405074     MSVCRT:MSVCRT.dll
 0002:00000078       __imp___findnext           00405078     MSVCRT:MSVCRT.dll
 0002:0000007c       __imp___findfirst          0040507c     MSVCRT:MSVCRT.dll
 0002:00000080       __imp____dllonexit         00405080     MSVCRT:MSVCRT.dll
 0002:00000084       __imp___onexit             00405084     MSVCRT:MSVCRT.dll
 0002:00000088       __imp_??1type_info@@UAE@XZ 00405088     MSVCRT:MSVCRT.dll
 0002:0000008c       __imp___exit               0040508c     MSVCRT:MSVCRT.dll
 0002:00000090       __imp___XcptFilter         00405090     MSVCRT:MSVCRT.dll
 0002:00000094       __imp__exit                00405094     MSVCRT:MSVCRT.dll
 0002:00000098       __imp____p___initenv       00405098     MSVCRT:MSVCRT.dll
 0002:0000009c       __imp____getmainargs       0040509c     MSVCRT:MSVCRT.dll
 0002:000000a0       __imp___initterm           004050a0     MSVCRT:MSVCRT.dll
 0002:000000a4       __imp____setusermatherr    004050a4     MSVCRT:MSVCRT.dll
 0002:000000a8       __imp___adjust_fdiv        004050a8     MSVCRT:MSVCRT.dll
 0002:000000ac       __imp____p__commode        004050ac     MSVCRT:MSVCRT.dll
 0002:000000b0       __imp____p__fmode          004050b0     MSVCRT:MSVCRT.dll
 0002:000000b4       __imp____set_app_type      004050b4     MSVCRT:MSVCRT.dll
 0002:000000b8       __imp__stricmp             004050b8     MSVCRT:MSVCRT.dll
 0002:000000b8       __imp___stricmp            004050b8     MSVCRT:MSVCRT.dll
 0002:000000bc       \177MSVCRT_NULL_THUNK_DATA 004050bc     MSVCRT:MSVCRT.dll
 0002:000000c0       __imp__MessageBoxA@16      004050c0     user32:USER32.dll
 0002:000000c4       \177USER32_NULL_THUNK_DATA 004050c4     user32:USER32.dll
 0002:000000c8       __imp__timeEndPeriod@4     004050c8     winmm:WINMM.dll
 0002:000000cc       __imp__timeBeginPeriod@4   004050cc     winmm:WINMM.dll
 0002:000000d0       __imp__timeGetTime@0       004050d0     winmm:WINMM.dll
 0002:000000d4       \177WINMM_NULL_THUNK_DATA  004050d4     winmm:WINMM.dll
 0002:00000150       ??_7COutputDeviceFile@@6B@ 00405150     ErrorMgr.obj
 0002:00000188       __real@8@3ff583126e978d4fe000 00405188     CoreWin32.obj
 0002:000001a0       __real@8@3feb8637bd05af6c6800 004051a0     CoreWin32.obj
 0002:00000258       ??_7COutputDeviceStdout@@6B@ 00405258     TestApp.obj
 0002:00000370       ??_7type_info@@6B@         00405370     MSVCRT:ti_inst.obj
 0002:00000388       ??_R1A@?0A@A@type_info@@8  00405388     MSVCRT:ti_inst.obj
 0002:000003a0       ??_R2type_info@@8          004053a0     MSVCRT:ti_inst.obj
 0002:000003a8       ??_R3type_info@@8          004053a8     MSVCRT:ti_inst.obj
 0002:000003b8       ??_R4type_info@@6B@        004053b8     MSVCRT:ti_inst.obj
 0002:000003d0       __CT??_R0H@84              004053d0     ErrorMgr.obj
 0002:000003f0       __CTA1H                    004053f0     ErrorMgr.obj
 0002:000003f8       __TI1H                     004053f8     ErrorMgr.obj
 0002:00000408       __CT??_R0PAX@84            00405408     TestApp.obj
 0002:00000428       __CT??_R0PAD@84            00405428     TestApp.obj
 0002:00000448       __CTA2PAD                  00405448     TestApp.obj
 0002:00000458       __TI2PAD                   00405458     TestApp.obj
 0002:00000468       __IMPORT_DESCRIPTOR_KERNEL32 00405468     kernel32:KERNEL32.dll
 0002:0000047c       __IMPORT_DESCRIPTOR_USER32 0040547c     user32:USER32.dll
 0002:00000490       __IMPORT_DESCRIPTOR_MSVCRT 00405490     MSVCRT:MSVCRT.dll
 0002:000004a4       __IMPORT_DESCRIPTOR_WINMM  004054a4     winmm:WINMM.dll
 0002:000004b8       __NULL_IMPORT_DESCRIPTOR   004054b8     kernel32:KERNEL32.dll
 0003:00000000       ___xc_a                    00406000     MSVCRT:cinitexe.obj
 0003:00000014       ___xc_z                    00406014     MSVCRT:cinitexe.obj
 0003:00000018       ___xi_a                    00406018     MSVCRT:cinitexe.obj
 0003:0000001c       ___xi_z                    0040601c     MSVCRT:cinitexe.obj
 0003:00000020       ??_C@_0BC@PMHD@?$CFb?5?$CFd?5?$CFY?5?$CFH?3?$CFM?3?$CFS?$AA@ 00406020     CoreMain.obj
 0003:00000034       ??_C@_04FKOI@quit?$AA@     00406034     CoreMain.obj
 0003:0000003c       ??_C@_0O@BKAN@History?3?5?$CFs?6?6?$AA@ 0040603c     CoreMain.obj
 0003:0000004c       ??_C@_0CN@EBOB@?6?6?$FO1?9?9?9?9?9?9?9?9?9?9?9?9?9?9?9?9?9?9?9?9?6?$CFs?5fata@ 0040604c     CoreMain.obj
 0003:0000007c       ??_C@_0BF@DIMN@symbol?5name?5too?5long?$AA@ 0040607c     DbgSymbols.obj
 0003:00000094       ??_C@_0BC@KAAP@too?5much?5packages?$AA@ 00406094     DbgSymbols.obj
 0003:000000a8       ??_C@_0BG@MIFJ@package?5name?5too?5long?$AA@ 004060a8     DbgSymbols.obj
 0003:000000c0       ??_C@_0P@KGDB@unexpected?5EOF?$AA@ 004060c0     DbgSymbols.obj
 0003:000000d0       ??_C@_0BK@GEII@symbols?4dbg?5is?5not?5found?6?$AA@ 004060d0     DbgSymbols.obj
 0003:000000ec       ??_C@_0M@NOOL@symbols?4dbg?$AA@ 004060ec     DbgSymbols.obj
 0003:000000f8       ??_C@_02JKAF@rb?$AA@       004060f8     DbgSymbols.obj
 0003:000000fc       ??_C@_05FAL@?$CFs?$CL?$CFX?$AA@ 004060fc     DbgSymbols.obj
 0003:00000104       ??_C@_04CLEA@?$CF08X?$AA@  00406104     DbgSymbols.obj
 0003:00000118       ??_C@_02FDKA@?$FO1?$AA@    00406118     Memory.obj
 0003:0000011c       ??_C@_02KMNC@?$FO7?$AA@    0040611c     Memory.obj
 0003:00000120       ??_C@_02KMBJ@?$FO2?$AA@    00406120     Memory.obj
 0003:00000124       ??_C@_0O@MNOP@Out?5of?5memory?$AA@ 00406124     Memory.obj
 0003:00000134       ??_C@_09HIMA@mem_check?$AA@ 00406134     Memory.obj
 0003:00000140       ??_C@_08FDFA@mem_dump?$AA@ 00406140     Memory.obj
 0003:0000014c       ??_C@_08IJHL@mem_mark?$AA@ 0040614c     Memory.obj
 0003:00000158       ??_C@_07BADG@meminfo?$AA@  00406158     Memory.obj
 0003:00000160       ??_C@_0IO@CCFP@Memory?5usage?5information?3?6?5?5?$CF8d?5@ 00406160     Memory.obj
 0003:000001f0       ??_C@_0CC@EACE@Displayed?5?$CFd?5points?0?5?$CFd?1?$CFd?5bytes@ 004061f0     Memory.obj
 0003:00000214       ??_C@_0BA@ONNN@?$CF8d?1?$CF?94d?5?5?$CFs?$CFs?6?$AA@ 00406214     Memory.obj
 0003:00000224       ??_C@_0BC@COED@?$CF8d?1?$CF?94d?5?5?$CFs?$CF08X?6?$AA@ 00406224     Memory.obj
 0003:00000238       ??_C@_0O@OAEJ@maxCount?5hit?6?$AA@ 00406238     Memory.obj
 0003:00000248       ??_C@_0CO@PDEO@BuildAllocatorsTable?3?5error?5in?5m@ 00406248     Memory.obj
 0003:00000278       ??_C@_0CO@DANG@BuildAllocatorsTable?3?5error?5in?5m@ 00406278     Memory.obj
 0003:000002a8       ??_C@_0BO@CGFN@Marked?5?$CFd?5memory?5allocations?6?$AA@ 004062a8     Memory.obj
 0003:000002c8       ??_C@_0DM@BEPH@Remembers?5current?5memory?5allocat@ 004062c8     Memory.obj
 0003:00000304       ??_C@_05JHKE@?$CFs?$CFs?6?$AA@ 00406304     Memory.obj
 0003:0000030c       ??_C@_0M@BDOF@?$CF21s?1?$CF?915s?5?$AA@ 0040630c     Memory.obj
 0003:00000318       ??_C@_09DKPB@?$CFd?$CFs?$CF?$CLd?$FO7?$AA@ 00406318     Memory.obj
 0003:00000324       ??_C@_0CB@DICH@?5?5?5?5?5?$FO4?$FL?$FO7?5?5?$CF9d?1?$CF?94d?5?5?$FO4?$FN?$FO7?5?5?5?5?5@ 00406324     Memory.obj
 0003:00000348       ??_C@_0BK@DMJB@?5?5?$CF8d?1?$CF?94d?5?5?5?5?5?5?9?9?9?5?5?5?5?5?5?$AA@ 00406348     Memory.obj
 0003:00000364       ??_C@_0BK@PDF@?5?5?5?5?5?9?9?9?5?5?5?5?5?5?5?5?$CF8d?1?$CF?94d?5?$AA@ 00406364     Memory.obj
 0003:00000380       ??_C@_0BJ@EKBE@no?5?$CCmem_mark?$CC?5preformed?6?$AA@ 00406380     Memory.obj
 0003:0000039c       ??_C@_0DP@HIFE@Compares?5current?5memory?5allocati@ 0040639c     Memory.obj
 0003:000003dc       ??_C@_0CK@GAIN@COutputDevice?3?3Register?3?5too?5muc@ 004063dc     OutputDevice.obj
 0003:00000408       ??_C@_04FJOH@?$FO3?$CFs?$AA@ 00406408     OutputDevice.obj
 0003:00000410       ??_C@_0BI@GKKD@Unable?5to?5write?5to?5log?6?$AA@ 00406410     ErrorMgr.obj
 0003:00000428       ??_C@_0N@CKOH@?6ERROR?3?5?$CFs?6?6?$AA@ 00406428     ErrorMgr.obj
 0003:00000438       ??_C@_0O@KGOP@?$CFs?5crash?0?5?$CFs?6?$AA@ 00406438     ErrorMgr.obj
 0003:00000448       ??_C@_0CN@LHCG@?9?9?9?9?9?9?9?9?9?9?9?9?9?9?9?9?9?9?9?9?9?9?9?9?9?9?9?9?9?9?9?9@ 00406448     ErrorMgr.obj
 0003:00000478       ??_C@_02JJJH@?6?6?$AA@     00406478     ErrorMgr.obj
 0003:0000047c       ??_C@_09KFPK@crash?4log?$AA@ 0040647c     ErrorMgr.obj
 0003:00000488       ??_C@_0BK@HDOL@Cannot?5write?5to?5file?5?$CC?$CFs?$CC?$AA@ 00406488     ErrorMgr.obj
 0003:000004a4       ??_C@_01FNLH@a?$AA@        004064a4     ErrorMgr.obj
 0003:000004a8       ??_C@_01LLF@w?$AA@         004064a8     ErrorMgr.obj
 0003:000004b0       ??_R0H@8                   004064b0     ErrorMgr.obj
 0003:000004bc       ??_C@_0BH@BBA@?6?6Recursive?5error?3?5?$CFs?6?$AA@ 004064bc     ErrorMgr.obj
 0003:000004d4       ??_C@_0N@EEOP@?$FO1ERROR?3?5?$CFs?6?$AA@ 004064d4     ErrorMgr.obj
 0003:000004e4       ??_C@_03IMDO@?$CFs?3?$AA@  004064e4     ErrorMgr.obj
 0003:000004e8       ??_C@_07MEHP@?5?$DM?9?5?$CFs?3?$AA@ 004064e8     ErrorMgr.obj
 0003:000004f0       ??_C@_0M@POPK@History?3?6?5?5?$AA@ 004064f0     ErrorMgr.obj
 0003:000004fc       ??_C@_0BL@KGJH@General?5Protection?5Fault?5?$CB?$AA@ 004064fc     ErrorMgr.obj
 0003:00000518       ??_C@_05COLM@error?$AA@    00406518     ErrorMgr.obj
 0003:00000520       ??_C@_02DILL@?$CFs?$AA@    00406520     ErrorMgr.obj
 0003:00000524       ??_C@_06IGAP@?9stack?$AA@  00406524     ErrorMgr.obj
 0003:0000052c       ??_C@_0BD@EHDG@testing?5drop?5error?$AA@ 0040652c     ErrorMgr.obj
 0003:00000540       ??_C@_05PJCB@?9drop?$AA@   00406540     ErrorMgr.obj
 0003:00000548       ??_C@_04FENK@?9gpf?$AA@    00406548     ErrorMgr.obj
 0003:00000550       ??_C@_0BA@PMOD@?5?4?4?4?5?$CIoverflow?$CJ?$AA@ 00406550     Strings.obj
 0003:00000560       ??_C@_0CN@BGKK@appSprintf?3?5overflow?5of?5?$CFd?5?$CIcall@ 00406560     Strings.obj
 0003:00000590       ??_C@_0N@NGLF@Package?3?5?$CFs?6?$AA@ 00406590     CoreWin32.obj
 0003:000005a0       ??_C@_0BA@MNDD@?$CFs?6?6History?3?5?$CFs?$AA@ 004065a0     CoreWin32.obj
 0003:000005b0       ??_C@_0BA@FBGF@?$CFs?3?5fatal?5error?$AA@ 004065b0     CoreWin32.obj
 0003:000005c0       ??_C@_0BF@JFNP@Unknown?5386?1486?5CPU?6?$AA@ 004065c0     CoreWin32.obj
 0003:000005d8       ??_C@_02DIMO@?$FN?6?$AA@   004065d8     CoreWin32.obj
 0003:000005dc       ??_C@_07FJPN@3DNow?$CB?5?$AA@ 004065dc     CoreWin32.obj
 0003:000005e4       ??_C@_05NKJE@SSE2?5?$AA@   004065e4     CoreWin32.obj
 0003:000005ec       ??_C@_04IIOM@SSE?5?$AA@    004065ec     CoreWin32.obj
 0003:000005f4       ??_C@_04OGOE@MMX?5?$AA@    004065f4     CoreWin32.obj
 0003:000005fc       ??_C@_06JFCH@RDTSC?5?$AA@  004065fc     CoreWin32.obj
 0003:00000604       ??_C@_04PBEF@FPU?5?$AA@    00406604     CoreWin32.obj
 0003:0000060c       ??_C@_0N@BFKL@CPU?5caps?3?5?$FL?5?$AA@ 0040660c     CoreWin32.obj
 0003:0000061c       ??_C@_0O@KPHI@CPU?5name?3?5?$CFs?6?$AA@ 0040661c     CoreWin32.obj
 0003:0000062c       ??_C@_0BD@ELIH@CPU?5speed?3?5?$CFg?5MHz?6?$AA@ 0040662c     CoreWin32.obj
 0003:00000640       ??_C@_05MIHC@?$CFs?$CB?$CFs?$AA@ 00406640     DbgSymbolsWin32.obj
 0003:00000648       ??_C@_03HAMA@?$CD?$CFd?$AA@ 00406648     DbgSymbolsWin32.obj
 0003:0000064c       ??_C@_02DIPJ@GS?$AA@       0040664c     ExceptFilterWin32.obj
 0003:00000650       ??_C@_02COFD@FS?$AA@       00406650     ExceptFilterWin32.obj
 0003:00000654       ??_C@_02BFKM@ES?$AA@       00406654     ExceptFilterWin32.obj
 0003:00000658       ??_C@_02DAG@DS?$AA@        00406658     ExceptFilterWin32.obj
 0003:0000065c       ??_C@_02IPK@SS?$AA@        0040665c     ExceptFilterWin32.obj
 0003:00000660       ??_C@_02GCFD@CS?$AA@       00406660     ExceptFilterWin32.obj
 0003:00000664       ??_C@_03JKAN@EIP?$AA@      00406664     ExceptFilterWin32.obj
 0003:00000668       ??_C@_03BEKG@EBP?$AA@      00406668     ExceptFilterWin32.obj
 0003:0000066c       ??_C@_03GIKF@ESP?$AA@      0040666c     ExceptFilterWin32.obj
 0003:00000670       ??_C@_03DEAG@EDI?$AA@      00406670     ExceptFilterWin32.obj
 0003:00000674       ??_C@_03DPPK@ESI?$AA@      00406674     ExceptFilterWin32.obj
 0003:00000678       ??_C@_03DHOB@EDX?$AA@      00406678     ExceptFilterWin32.obj
 0003:0000067c       ??_C@_03FGLE@ECX?$AA@      0040667c     ExceptFilterWin32.obj
 0003:00000680       ??_C@_03EABO@EBX?$AA@      00406680     ExceptFilterWin32.obj
 0003:00000684       ??_C@_03HLOB@EAX?$AA@      00406684     ExceptFilterWin32.obj
 0003:00000688       ??_C@_01BJG@?6?$AA@        00406688     ExceptFilterWin32.obj
 0003:0000068c       ??_C@_08IFFN@?6Stack?3?6?$AA@ 0040668c     ExceptFilterWin32.obj
 0003:00000698       ??_C@_0BA@FDKH@?5?5EFLAGS?3?5?$CF08X?6?$AA@ 00406698     ExceptFilterWin32.obj
 0003:000006a8       ??_C@_0M@DCCB@Registers?3?6?$AA@ 004066a8     ExceptFilterWin32.obj
 0003:000006b4       ??_C@_0L@OIHI@?$CFs?5at?5?$CC?$CFs?$CC?$AA@ 004066b4     ExceptFilterWin32.obj
 0003:000006c0       ??_C@_0BB@LNPF@Access?5violation?$AA@ 004066c0     ExceptFilterWin32.obj
 0003:000006d4       ??_C@_0P@JMBO@Illegal?5opcode?$AA@ 004066d4     ExceptFilterWin32.obj
 0003:000006e4       ??_C@_0BC@ILAJ@Float?5zero?5divide?$AA@ 004066e4     ExceptFilterWin32.obj
 0003:000006f8       ??_C@_0BE@GCEA@Integer?5zero?5divide?$AA@ 004066f8     ExceptFilterWin32.obj
 0003:0000070c       ??_C@_0BH@HFFE@Priveleged?5instruction?$AA@ 0040670c     ExceptFilterWin32.obj
 0003:00000724       ??_C@_0P@BMBP@Stack?5overflow?$AA@ 00406724     ExceptFilterWin32.obj
 0003:00000734       ??_C@_09EMAD@Exception?$AA@ 00406734     ExceptFilterWin32.obj
 0003:00000740       ??_C@_02JBML@?$CFc?$AA@    00406740     ExceptFilterWin32.obj
 0003:00000744       ??_C@_02IHLC@?5?5?$AA@     00406744     ExceptFilterWin32.obj
 0003:00000748       ??_C@_05LHOL@?5?$CF02X?$AA@ 00406748     ExceptFilterWin32.obj
 0003:00000750       ??_C@_06BCOJ@?5?$DMN?1A?$DO?$AA@ 00406750     ExceptFilterWin32.obj
 0003:00000758       ??_C@_0N@IODG@?5?5?$CFs?3?5?$CF08X?5?5?$AA@ 00406758     ExceptFilterWin32.obj
 0003:00000768       ??_C@_0L@JJGB@?5?5?$CFs?3?5?$CF04X?$AA@ 00406768     ExceptFilterWin32.obj
 0003:00000774       ??_C@_08NLFG@?5?5?$DMN?1A?$DO?6?$AA@ 00406774     ExceptFilterWin32.obj
 0003:00000780       ??_C@_06LDKA@?$CFs?$CF08X?$AA@ 00406780     ExceptFilterWin32.obj
 0003:00000788       ??_C@_06ONMO@?6?5?5?5?5?5?$AA@ 00406788     ExceptFilterWin32.obj
 0003:00000790       ??_C@_0O@CNMB@?$CFs?$CFs?$CF08X?5?$DN?5?$CFs?$AA@ 00406790     ExceptFilterWin32.obj
 0003:000007a0       ??_C@_04HGCK@?$CFs?9?$DO?$AA@ 004067a0     ExceptFilterWin32.obj
 0003:000007a8       ??_C@_05GLIP@?5?5?5?5?5?$AA@ 004067a8     ExceptFilterWin32.obj
 0003:000007b0       ??_C@_03HBPG@?$CFs?$CC?$AA@ 004067b0     ExceptFilterWin32.obj
 0003:000007b4       ??_C@_03NAME@?4?4?4?$AA@   004067b4     ExceptFilterWin32.obj
 0003:000007b8       ??_C@_02HDBI@?2n?$AA@      004067b8     ExceptFilterWin32.obj
 0003:000007bc       ??_C@_04JBJI@?5?$DN?5?$CC?$AA@ 004067bc     ExceptFilterWin32.obj
 0003:000007c8       ?tests@@3PADA              004067c8     TestApp.obj
 0003:000008e8       ??_C@_04FBGA@xcpt?$AA@     004068e8     TestApp.obj
 0003:000008f0       ??_C@_04OBLM@clen?$AA@     004068f0     TestApp.obj
 0003:000008f8       ??_C@_05LHNG@uncol?$AA@    004068f8     TestApp.obj
 0003:00000900       ??_C@_05OPGF@f?$DN?$CFg?6?$AA@ 00406900     TestApp.obj
 0003:00000908       ??_C@_06GDKF@?$CFs?5?$CFf?6?$AA@ 00406908     TestApp.obj
 0003:00000910       ??_C@_08HLCJ@123?$CFs288?$AA@ 00406910     TestApp.obj
 0003:0000091c       ??_C@_06LGDB@asksjk?$AA@   0040691c     TestApp.obj
 0003:00000928       ??_R0PAX@8                 00406928     TestApp.obj
 0003:00000938       ??_R0PAD@8                 00406938     TestApp.obj
 0003:00000948       ??_C@_0BP@JJJM@Testing?3?5?$CCa?5?$DN?5i?5?1?5?$CIargc?5?9?52?$CJ?$CC?6?$AA@ 00406948     TestApp.obj
 0003:00000968       ??_C@_0BM@MCAA@Testing?3?5?$CC?$CK?$CI?$CIbyte?$CK?$CJ0?$CJ?5?$DN?50?$CC?6?$AA@ 00406968     TestApp.obj
 0003:00000984       ??_C@_0BJ@GJNL@Testing?3?5?$CCcrash?$CItests?$CJ?$CC?6?$AA@ 00406984     TestApp.obj
 0003:000009a0       ??_C@_0CE@ELJJ@Testing?3?5?$CC?$CI?$CIvoid?5?$CI?$CK?$CJ?$CIvoid?$CJ?$CJ?50?$CJ?5?$CI@ 004069a0     TestApp.obj
 0003:000009c4       ??_C@_0CB@GMLJ@Testing?3?5?$CCappStrcmp?5?$CI0?0?5tests?$CJ?$CC?6@ 004069c4     TestApp.obj
 0003:000009e8       ??_C@_0CM@JLJO@Testing?3?5?$CCsprintf?5?$CI?$CIchar?$CK?$CJ1?0?5?$CC?$CFs@ 004069e8     TestApp.obj
 0003:00000a14       ??_C@_09FAG@exception?$AA@ 00406a14     TestApp.obj
 0003:00000a20       ??_C@_0BO@HKPE@Testing?3?5?$CCthrow?5?$CCexception?$CC?$CC?6?$AA@ 00406a20     TestApp.obj
 0003:00000a40       ??_C@_0BD@ECPN@?4?4?5arg?$FL?$CFd?$FN?5?$DN?5?$DM?$CFs?$DO?6?$AA@ 00406a40     TestApp.obj
 0003:00000a54       ??_C@_0BB@OMEE@cmd1?5?9?5args?3?5?$CFd?6?$AA@ 00406a54     TestApp.obj
 0003:00000a68       ??_C@_0BG@IBDI@uncol?5?$CI?$CC?$CFs?$CC?$CJ?5?9?$DO?5?$CC?$CFs?$CC?6?$AA@ 00406a68     TestApp.obj
 0003:00000a80       ??_C@_0BC@GKBH@clen?5?$CI?$CC?$CFs?$CC?$CJ?5?$DN?5?$CFd?6?$AA@ 00406a80     TestApp.obj
 0003:00000a94       ??_C@_0O@FBHA@?4?4?4?5ret?5?$DN?5?$CFX?6?$AA@ 00406a94     TestApp.obj
 0003:00000aa4       ??_C@_0BA@HD@alloc?3?5?$CFd?5?$FL?$CFd?$FN?6?$AA@ 00406aa4     TestApp.obj
 0003:00000ab4       ??_C@_0BA@EEIA@called?5?$CCusage?$CC?6?$AA@ 00406ab4     TestApp.obj
 0003:00000ac4       ??_C@_0O@MKHE@usage?3?5usage?6?$AA@ 00406ac4     TestApp.obj
 0003:00000ad4       ??_C@_0O@PFIK@args?5cmd?3?5?$CFd?6?$AA@ 00406ad4     TestApp.obj
 0003:00000ae4       ??_C@_0O@OIJM@both?5cmd?3?5?$CFd?6?$AA@ 00406ae4     TestApp.obj
 0003:00000af4       ??_C@_0BE@MKCF@usage?3?5both?5?$FLargs?$FN?6?$AA@ 00406af4     TestApp.obj
 0003:00000b08       ??_C@_0L@GFGG@?$FL?$CFc?$CFc?$FN?5?$CFs?6?$AA@ 00406b08     TestApp.obj
 0003:00000b14       ??_C@_01FDHG@?$CK?$AA@     00406b14     TestApp.obj
 0003:00000b18       ??_C@_0BG@MNKM@Usage?3?5sym?5?$DMaddress?$DO?6?$AA@ 00406b18     TestApp.obj
 0003:00000b30       ??_C@_03HHKO@?$CFs?6?$AA@  00406b30     TestApp.obj
 0003:00000b34       ??_C@_07MNBK@failed?6?$AA@ 00406b34     TestApp.obj
 0003:00000b3c       ??_C@_0BI@LIDH@Info?5on?5address?5?$CF08X?5?3?5?$AA@ 00406b3c     TestApp.obj
 0003:00000b54       ??_C@_0BE@GIPN@ERROR?3?5bad?5command?6?$AA@ 00406b54     TestApp.obj
 0003:00000b68       ??_C@_01FAFK@?$DO?$AA@     00406b68     TestApp.obj
 0003:00000b6c       ??_C@_03FNN@sym?$AA@       00406b6c     TestApp.obj
 0003:00000b70       ??_C@_03FIFC@dir?$AA@      00406b70     TestApp.obj
 0003:00000b74       ??_C@_05FADL@alloc?$AA@    00406b74     TestApp.obj
 0003:00000b7c       ??_C@_04LBKE@both?$AA@     00406b7c     TestApp.obj
 0003:00000b84       ??_C@_05JHCL@usage?$AA@    00406b84     TestApp.obj
 0003:00000b8c       ??_C@_04CGOG@args?$AA@     00406b8c     TestApp.obj
 0003:00000b94       ??_C@_0CN@OLID@RegisterCommand?3?5?$CC?$CFs?$CC?5is?5already@ 00406b94     Commands.obj
 0003:00000bc4       ??_C@_0CA@PNBF@No?5usage?5info?5for?5command?5?$CC?$CFs?$CC?6?$AA@ 00406bc4     Commands.obj
 0003:00000be4       ??_C@_02PLJO@?1?$DP?$AA@   00406be4     Commands.obj
 0003:00000be8       ??_C@_0BH@OFAE@GetArgs?3?5MAX_ARGS?5hit?6?$AA@ 00406be8     Commands.obj
 0003:00000c00       ??_C@_07KFEL@cmdlist?$AA@  00406c00     Commands.obj
 0003:00000c08       ??_C@_04EDEH@echo?$AA@     00406c08     Commands.obj
 0003:00000c10       ??_C@_03HKGO@?5?$CFs?$AA@  00406c10     Commands.obj
 0003:00000c14       ??_C@_0BJ@PKNG@Usage?3?5cmdlist?5?$FL?$DMmask?$DO?$FN?6?$AA@ 00406c14     Commands.obj
 0003:00000c30       ??_C@_0BK@HMMH@Displayed?5?$CFd?1?$CFd?5commands?6?$AA@ 00406c30     Commands.obj
 0003:00000c4c       ??_C@_0P@CNAN@?$CF?93d?5?$CFc?5?$CFc?5?$CFs?6?$AA@ 00406c4c     Commands.obj
 0003:00000c5c       ??_C@_0BO@OMDO@?9?9?9?9i?9a?9name?9?9?9?9?9?9?9?9?9?9?9?9?9?9?9?9?6?$AA@ 00406c5c     Commands.obj
 0003:00000c80       ??_R0?AVtype_info@@@8      00406c80     MSVCRT:ti_inst.obj
 0003:00000c98       ___defaultmatherr          00406c98     MSVCRT:merr.obj
 0003:00000da0       ?GIsRequestingExit@@3_NA   00406da0     CoreMain.obj
 0003:00000f28       ?first@CMemoryChain@@0PAV1@A 00406f28     Memory.obj
 0003:00000f30       ?GCurrentMemAllocator@@3IA 00406f30     Memory.obj
 0003:00000f3c       ?first@FMemHeader@@2PAU1@A 00406f3c     Memory.obj
 0003:00000f4c       ??_C@_00A@?$AA@            00406f4c     Memory.obj
 0003:00000fd8       ?GErr@@3VCErrorHandler@@A  00406fd8     ErrorMgr.obj
 0003:000018ec       ?GIsFatalError@@3_NA       004078ec     ErrorMgr.obj
 0003:00002108       ?GSecondsPerCycle@@3NA     00408108     CoreWin32.obj
 0003:00002110       ?GMSecondsPerCycle@@3NA    00408110     CoreWin32.obj
 0003:00002b5c       __dowildcard               00408b5c     MSVCRT:wildcard.obj
 0003:00002b60       __newmode                  00408b60     MSVCRT:_newmode.obj
 0003:00002b64       __commode                  00408b64     MSVCRT:xncommod.obj
 0003:00002b68       __fmode                    00408b68     MSVCRT:xtxtmode.obj
 0003:00002b6c       __adjust_fdiv              00408b6c     <common>
 0003:00002b70       ___onexitend               00408b70     <common>
 0003:00002b74       ___onexitbegin             00408b74     <common>

 entry point at        0001:00002fc6

 Static symbols

 0001:0000285d       _$E3                       0040385d f   Commands.obj
 0001:00002862       _$E2                       00403862 f   Commands.obj
 0001:0000286a       _$E6                       0040386a f   Commands.obj
 0001:0000286f       _$E5                       0040386f f   Commands.obj
 0001:00002aba       ?GetArgs@@YAXPBD_N@Z       00403aba f   Commands.obj
 0001:00002cac       ?InitCommands@@YAXXZ       00403cac f   Commands.obj
 0001:00002cd2       ?Cmd_Echo@@YAXHPAPAD@Z     00403cd2 f   Commands.obj
 0001:00002d15       ?Cmd_CmdList@@YAX_NHPAPAD@Z 00403d15 f   Commands.obj
 0001:0000221b       _$E5                       0040321b f   TestApp.obj
 0001:00002225       _$E2                       00403225 f   TestApp.obj
 0001:00002247       _$E4                       00403247 f   TestApp.obj
 0001:00002253       _$E3                       00403253 f   TestApp.obj
 0001:00001f1d       ?DumpReg4@@YAXPAVCOutputDevice@@PBDI@Z 00402f1d f   ExceptFilterWin32.obj
 0001:00001fb7       ?DumpReg2@@YAXPAVCOutputDevice@@PBDK@Z 00402fb7 f   ExceptFilterWin32.obj
 0001:00001fd1       ?DumpMem@@YAXPAVCOutputDevice@@PBIPAU_CONTEXT@@@Z 00402fd1 f   ExceptFilterWin32.obj
 0001:0000215e       ?IsString@@YA_NPBD@Z       0040315e f   ExceptFilterWin32.obj
 0001:0000219f       ?DumpString@@YA_NPAVCOutputDevice@@PBD@Z 0040319f f   ExceptFilterWin32.obj
 0001:000018ce       ?CheckCpuModel@@YAXXZ      004028ce f   CoreWin32.obj
 0001:00001a7f       ?CheckCpuSpeed@@YAXXZ      00402a7f f   CoreWin32.obj
 0001:00000e54       _$E5                       00401e54 f   ErrorMgr.obj
 0001:00000e5e       _$E2                       00401e5e f   ErrorMgr.obj
 0001:00000efc       _$E4                       00401efc f   ErrorMgr.obj
 0001:00000f08       _$E3                       00401f08 f   ErrorMgr.obj
 0001:0000112e       ?LogHistory@@YAXPBD@Z      0040212e f   ErrorMgr.obj
 0001:00001281       ?Cmd_Error@@YAXHPAPAD@Z    00402281 f   ErrorMgr.obj
 0001:000004c1       ?OutOfMemory@@YAXXZ        004014c1 f   Memory.obj
 0001:000006c5       ?Cmd_Meminfo@@YAXXZ        004016c5 f   Memory.obj
 0001:000006f0       ?Cmd_DumpAllocs@@YAXXZ     004016f0 f   Memory.obj
 0001:000007ac       ?BuildAllocatorsTable@@YAHPAXH@Z 004017ac f   Memory.obj
 0001:0000090e       ?CompareAllocators@@YAHPBUFAllocatorInfo@@0@Z 0040190e f   Memory.obj
 0001:0000091b       ?Cmd_MarkAllocs@@YAX_N@Z   0040191b f   Memory.obj
 0001:000009b3       ?Cmd_CheckAllocs@@YAX_N@Z  004019b3 f   Memory.obj
 0001:000000ba       ?Cmd_Quit@@YAXXZ           004010ba f   CoreMain.obj
