 TestApp

 Timestamp is 4311f6c7 (Sun Aug 28 21:39:19 2005)

 Preferred load address is 00400000

 Start         Length     Name                   Class
 0001:00000000 00002d70H .text                   CODE
 0002:00000000 000000d0H .idata$5                DATA
 0002:000000d0 00000264H .rdata                  DATA
 0002:00000338 00000044H .rdata$r                DATA
 0002:00000380 00000098H .xdata$x                DATA
 0002:00000418 0000003cH .idata$2                DATA
 0002:00000454 00000014H .idata$3                DATA
 0002:00000468 000000d0H .idata$4                DATA
 0002:00000538 00000298H .idata$6                DATA
 0002:000007d0 00000000H .edata                  DATA
 0003:00000000 00000004H .CRT$XCA                DATA
 0003:00000004 0000000cH .CRT$XCU                DATA
 0003:00000010 00000004H .CRT$XCZ                DATA
 0003:00000014 00000004H .CRT$XIA                DATA
 0003:00000018 00000004H .CRT$XIZ                DATA
 0003:00000020 00000b8cH .data                   DATA
 0003:00000bb0 00001cb4H .bss                    DATA

  Address         Publics by Value              Rva+Base     Lib:Object

 0001:00000000       ??3@YAXPAX@Z               00401000 f i CoreMain.obj
 0001:0000000b       ?appInit@@YAXXZ            0040100b f   CoreMain.obj
 0001:0000006e       ?appLoadDebugSymbols@@YAXXZ 0040106e f   DbgSymbols.obj
 0001:00000271       ?appSymbolName@@YA_NIPADH@Z 00401271 f   DbgSymbols.obj
 0001:0000035d       ?appSymbolName@@YAPBDI@Z   0040135d f   DbgSymbols.obj
 0001:0000038f       ?appMalloc@@YAPAXIH@Z      0040138f f   Memory.obj
 0001:0000043d       ?appFree@@YAXPAX@Z         0040143d f   Memory.obj
 0001:0000046b       ?Unlink@FMemHeader@@QAEXXZ 0040146b f i Memory.obj
 0001:00000496       ?Link@CMemoryChain@@AAEXXZ 00401496 f   Memory.obj
 0001:000004b5       ?Unlink@CMemoryChain@@AAEXXZ 004014b5 f   Memory.obj
 0001:000004e0       ??2CMemoryChain@@SAPAXIH@Z 004014e0 f   Memory.obj
 0001:00000552       ??3CMemoryChain@@SAXPAX@Z  00401552 f   Memory.obj
 0001:00000585       ?Alloc@CMemoryChain@@QAEPAXIH@Z 00401585 f   Memory.obj
 0001:000005ef       ?appInitMemory@@YAXXZ      004015ef f   Memory.obj
 0001:00000b23       ?sprintf@?$TString@$0BAA@@@QAAHPBDZZ 00401b23 f i Memory.obj
 0001:00000b3f       ?Register@COutputDevice@@QAEXXZ 00401b3f f   OutputDevice.obj
 0001:00000b9b       ?appPrintf@@YAXPBDZZ       00401b9b f   OutputDevice.obj
 0001:00000c60       ?appWPrintf@@YAXPBDZZ      00401c60 f   OutputDevice.obj
 0001:00000ca9       ?appFatalError@@YAXPBDZZ   00401ca9 f   ErrorMgr.obj
 0001:00000ce3       ?appNonFatalError@@YAXPBDZZ 00401ce3 f   ErrorMgr.obj
 0001:00000d41       ?appUnwindPrefix@@YAXPBD@Z 00401d41 f   ErrorMgr.obj
 0001:00000d8f       ?appUnwindThrow@@YAXPBDZZ  00401d8f f   ErrorMgr.obj
 0001:00000e16       ?Reset@CErrorHandler@@QAEXXZ 00401e16 f   ErrorMgr.obj
 0001:00000e47       ?appInitError@@YAXXZ       00401e47 f   ErrorMgr.obj
 0001:00000f05       ?sprintf@?$TString@$0CAA@@@QAAHPBDZZ 00401f05 f i ErrorMgr.obj
 0001:00000f21       ?appStrcmp@@YAHPBD0@Z      00401f21 f   Strings.obj
 0001:00000f42       ?appStricmp@@YAHPBD0@Z     00401f42 f   Strings.obj
 0001:00000f77       ?toLower@@YADD@Z           00401f77 f i Strings.obj
 0001:00000f8e       ?appStrcpy@@YAXPADPBD@Z    00401f8e f   Strings.obj
 0001:00000fa1       ?appStrncpylwr@@YAXPADPBDH@Z 00401fa1 f   Strings.obj
 0001:00000fd9       ?appStrncpyz@@YAXPADPBDH@Z 00401fd9 f   Strings.obj
 0001:00001006       ?appStrcatn@@YAXPADHPBD@Z  00402006 f   Strings.obj
 0001:00001031       ?appCStrlen@@YAHPBD@Z      00402031 f   Strings.obj
 0001:00001056       ?appUncolorizeString@@YAXPADPBD@Z 00402056 f   Strings.obj
 0001:00001086       ?va@@YAPBDPBDZZ            00402086 f   Strings.obj
 0001:00001122       ?appSprintf@@YAHPADHPBDZZ  00402122 f   Strings.obj
 0001:0000116d       ?appMatchWildcard@@YA_NPBD0_N@Z 0040216d f   Strings.obj
 0001:000012ee       ??2CStringItem@@SAPAXIPBD@Z 004022ee f   Strings.obj
 0001:00001337       ??2CStringItem@@SAPAXIPBDPAVCMemoryChain@@@Z 00402337 f   Strings.obj
 0001:00001374       ?Find@CStringList@@IAEPAVCStringItem@@PBDPAPAV2@@Z 00402374 f   Strings.obj
 0001:000013b0       ?cpuid@@YAXI@Z             004023b0 f   CoreWin32.obj
 0001:000013d3       ?appInitPlatform@@YAXXZ    004023d3 f   CoreWin32.obj
 0001:00001666       ?osAddressInfo@@YA_NIPADHPAH@Z 00402666 f   DbgSymbolsWin32.obj
 0001:000016fa       ?osModuleInfo@@YA_NIPADHPAH@Z 004026fa f   DbgSymbolsWin32.obj
 0001:000018a1       ?win32ExceptFilter@@YAHPAU_EXCEPTION_POINTERS@@@Z 004028a1 f   ExceptFilterWin32.obj
 0001:00001dd3       ?win32ExceptFilter2@@YAHXZ 00402dd3 f   ExceptFilterWin32.obj
 0001:00001e01       ?Write@COutputDeviceFile@@UAE_NPBD@Z 00402e01 f i TestApp.obj
 0001:00001ea8       ?crash@@YAXPAD@Z           00402ea8 f   TestApp.obj
 0001:00001f6a       ?cmd1@@YAXHPAPAD@Z         00402f6a f   TestApp.obj
 0001:000020f6       ?cUncol@@YAXHPAPAD@Z       004030f6 f   TestApp.obj
 0001:00002132       ?cClen@@YAXHPAPAD@Z        00403132 f   TestApp.obj
 0001:00002159       ?cAlloc@@YAXHPAPAD@Z       00403159 f   TestApp.obj
 0001:000021b5       ?quit@@YAXHPAPAD@Z         004031b5 f   TestApp.obj
 0001:000021bd       ?cUsage@@YAX_N@Z           004031bd f   TestApp.obj
 0001:000021d7       ?cArgs@@YAXHPAPAD@Z        004031d7 f   TestApp.obj
 0001:00002212       ?cBoth@@YAX_NHPAPAD@Z      00403212 f   TestApp.obj
 0001:00002260       ?cDir@@YAXHPAPAD@Z         00403260 f   TestApp.obj
 0001:000022e4       ?cSym@@YAX_NHPAPAD@Z       004032e4 f   TestApp.obj
 0001:00002358       _main                      00403358 f   TestApp.obj
 0001:000024d5       ?RegisterCommand@@YA_NPBDP6AXXZH@Z 004034d5 f   Commands.obj
 0001:000025a3       ?ExecuteCommand@@YA_NPBD@Z 004035a3 f   Commands.obj
 0001:00002831       ?ExecuteCommand@@YA_NPBDPBUCSimpleCommand@@H@Z 00403831 f   Commands.obj
 0001:00002a30       ??0CFileList@@QAE@PBDHI@Z  00403a30 f   FileSystem.obj
 0001:00002a4e       ?osListDirectory@@YAXPBDPAVCFileList@@H@Z 00403a4e f   FileSystemWin32.obj
 0001:00002b80       __except_handler3          00403b80 f   MSVCRT:MSVCRT.dll
 0001:00002b90       __alloca_probe             00403b90 f   MSVCRT:chkstk.obj
 0001:00002b90       __chkstk                   00403b90 f   MSVCRT:chkstk.obj
 0001:00002bbf       ??_Etype_info@@UAEPAXI@Z   00403bbf f i MSVCRT:ti_inst.obj
 0001:00002bbf       ??_Gtype_info@@UAEPAXI@Z   00403bbf f i MSVCRT:ti_inst.obj
 0001:00002bdc       __CxxThrowException@8      00403bdc f   MSVCRT:MSVCRT.dll
 0001:00002be2       _strlen                    00403be2 f   MSVCRT:MSVCRT.dll
 0001:00002be8       __onexit                   00403be8 f   MSVCRT:atonexit.obj
 0001:00002c14       _atexit                    00403c14 f   MSVCRT:atonexit.obj
 0001:00002c26       _mainCRTStartup            00403c26 f   MSVCRT:crtexe.obj
 0001:00002d36       ??1type_info@@UAE@XZ       00403d36 f   MSVCRT:MSVCRT.dll
 0001:00002d3c       ___dllonexit               00403d3c f   MSVCRT:MSVCRT.dll
 0001:00002d42       __XcptFilter               00403d42 f   MSVCRT:MSVCRT.dll
 0001:00002d48       __initterm                 00403d48 f   MSVCRT:MSVCRT.dll
 0001:00002d4e       __setdefaultprecision      00403d4e f   MSVCRT:fp8.obj
 0001:00002d60       __matherr                  00403d60 f   MSVCRT:merr.obj
 0001:00002d63       __setargv                  00403d63 f   MSVCRT:dllargv.obj
 0001:00002d64       __controlfp                00403d64 f   MSVCRT:MSVCRT.dll
 0002:00000000       __imp__VirtualQuery@12     00404000     kernel32:KERNEL32.dll
 0002:00000004       __imp__IsBadReadPtr@8      00404004     kernel32:KERNEL32.dll
 0002:00000008       __imp__GetModuleFileNameA@12 00404008     kernel32:KERNEL32.dll
 0002:0000000c       \177KERNEL32_NULL_THUNK_DATA 0040400c     kernel32:KERNEL32.dll
 0002:00000010       __imp___controlfp          00404010     MSVCRT:MSVCRT.dll
 0002:00000014       __imp____set_app_type      00404014     MSVCRT:MSVCRT.dll
 0002:00000018       __imp____p__fmode          00404018     MSVCRT:MSVCRT.dll
 0002:0000001c       __imp___except_handler3    0040401c     MSVCRT:MSVCRT.dll
 0002:00000020       __imp__fclose              00404020     MSVCRT:MSVCRT.dll
 0002:00000024       __imp__fread               00404024     MSVCRT:MSVCRT.dll
 0002:00000028       __imp__fopen               00404028     MSVCRT:MSVCRT.dll
 0002:0000002c       __imp__malloc              0040402c     MSVCRT:MSVCRT.dll
 0002:00000030       __imp__free                00404030     MSVCRT:MSVCRT.dll
 0002:00000034       __imp__qsort               00404034     MSVCRT:MSVCRT.dll
 0002:00000038       __imp___vsnprintf          00404038     MSVCRT:MSVCRT.dll
 0002:0000003c       __imp__memmove             0040403c     MSVCRT:MSVCRT.dll
 0002:00000040       __imp___CxxThrowException@8 00404040     MSVCRT:MSVCRT.dll
 0002:00000044       __imp__strncpy             00404044     MSVCRT:MSVCRT.dll
 0002:00000048       __imp__strchr              00404048     MSVCRT:MSVCRT.dll
 0002:0000004c       __imp__strlen              0040404c     MSVCRT:MSVCRT.dll
 0002:00000050       __imp__strrchr             00404050     MSVCRT:MSVCRT.dll
 0002:00000054       __imp__fprintf             00404054     MSVCRT:MSVCRT.dll
 0002:00000058       __imp__strftime            00404058     MSVCRT:MSVCRT.dll
 0002:0000005c       __imp__localtime           0040405c     MSVCRT:MSVCRT.dll
 0002:00000060       __imp__time                00404060     MSVCRT:MSVCRT.dll
 0002:00000064       __imp___iob                00404064     MSVCRT:MSVCRT.dll
 0002:00000068       __imp__fwrite              00404068     MSVCRT:MSVCRT.dll
 0002:0000006c       __imp__sprintf             0040406c     MSVCRT:MSVCRT.dll
 0002:00000070       __imp__atoi                00404070     MSVCRT:MSVCRT.dll
 0002:00000074       __imp__exit                00404074     MSVCRT:MSVCRT.dll
 0002:00000078       __imp__strtol              00404078     MSVCRT:MSVCRT.dll
 0002:0000007c       __imp__gets                0040407c     MSVCRT:MSVCRT.dll
 0002:00000080       __imp___findclose          00404080     MSVCRT:MSVCRT.dll
 0002:00000084       __imp___findnext           00404084     MSVCRT:MSVCRT.dll
 0002:00000088       __imp___findfirst          00404088     MSVCRT:MSVCRT.dll
 0002:0000008c       __imp_??1type_info@@UAE@XZ 0040408c     MSVCRT:MSVCRT.dll
 0002:00000090       __imp____dllonexit         00404090     MSVCRT:MSVCRT.dll
 0002:00000094       __imp___onexit             00404094     MSVCRT:MSVCRT.dll
 0002:00000098       __imp___exit               00404098     MSVCRT:MSVCRT.dll
 0002:0000009c       __imp___XcptFilter         0040409c     MSVCRT:MSVCRT.dll
 0002:000000a0       __imp____p___initenv       004040a0     MSVCRT:MSVCRT.dll
 0002:000000a4       __imp____getmainargs       004040a4     MSVCRT:MSVCRT.dll
 0002:000000a8       __imp___initterm           004040a8     MSVCRT:MSVCRT.dll
 0002:000000ac       __imp____setusermatherr    004040ac     MSVCRT:MSVCRT.dll
 0002:000000b0       __imp___adjust_fdiv        004040b0     MSVCRT:MSVCRT.dll
 0002:000000b4       __imp____p__commode        004040b4     MSVCRT:MSVCRT.dll
 0002:000000b8       __imp___stricmp            004040b8     MSVCRT:MSVCRT.dll
 0002:000000b8       __imp__stricmp             004040b8     MSVCRT:MSVCRT.dll
 0002:000000bc       \177MSVCRT_NULL_THUNK_DATA 004040bc     MSVCRT:MSVCRT.dll
 0002:000000c0       __imp__timeBeginPeriod@4   004040c0     winmm:WINMM.dll
 0002:000000c4       __imp__timeGetTime@0       004040c4     winmm:WINMM.dll
 0002:000000c8       __imp__timeEndPeriod@4     004040c8     winmm:WINMM.dll
 0002:000000cc       \177WINMM_NULL_THUNK_DATA  004040cc     winmm:WINMM.dll
 0002:00000170       __real@8@3ff583126e978d4fe000 00404170     CoreWin32.obj
 0002:00000188       __real@8@3feb8637bd05af6c6800 00404188     CoreWin32.obj
 0002:00000210       ??_7COutputDeviceStdout@@6B@ 00404210     TestApp.obj
 0002:00000214       ??_7COutputDeviceFile@@6B@ 00404214     TestApp.obj
 0002:00000320       ??_7type_info@@6B@         00404320     MSVCRT:ti_inst.obj
 0002:00000338       ??_R1A@?0A@A@type_info@@8  00404338     MSVCRT:ti_inst.obj
 0002:00000350       ??_R2type_info@@8          00404350     MSVCRT:ti_inst.obj
 0002:00000358       ??_R3type_info@@8          00404358     MSVCRT:ti_inst.obj
 0002:00000368       ??_R4type_info@@6B@        00404368     MSVCRT:ti_inst.obj
 0002:00000380       __CT??_R0H@84              00404380     ErrorMgr.obj
 0002:000003a0       __CTA1H                    004043a0     ErrorMgr.obj
 0002:000003a8       __TI1H                     004043a8     ErrorMgr.obj
 0002:000003b8       __CT??_R0PAX@84            004043b8     TestApp.obj
 0002:000003d8       __CT??_R0PAD@84            004043d8     TestApp.obj
 0002:000003f8       __CTA2PAD                  004043f8     TestApp.obj
 0002:00000408       __TI2PAD                   00404408     TestApp.obj
 0002:00000418       __IMPORT_DESCRIPTOR_KERNEL32 00404418     kernel32:KERNEL32.dll
 0002:0000042c       __IMPORT_DESCRIPTOR_WINMM  0040442c     winmm:WINMM.dll
 0002:00000440       __IMPORT_DESCRIPTOR_MSVCRT 00404440     MSVCRT:MSVCRT.dll
 0002:00000454       __NULL_IMPORT_DESCRIPTOR   00404454     kernel32:KERNEL32.dll
 0003:00000000       ___xc_a                    00405000     MSVCRT:cinitexe.obj
 0003:00000010       ___xc_z                    00405010     MSVCRT:cinitexe.obj
 0003:00000014       ___xi_a                    00405014     MSVCRT:cinitexe.obj
 0003:00000018       ___xi_z                    00405018     MSVCRT:cinitexe.obj
 0003:00000020       ??_C@_0BF@DIMN@symbol?5name?5too?5long?$AA@ 00405020     DbgSymbols.obj
 0003:00000038       ??_C@_0BC@KAAP@too?5much?5packages?$AA@ 00405038     DbgSymbols.obj
 0003:0000004c       ??_C@_0BG@MIFJ@package?5name?5too?5long?$AA@ 0040504c     DbgSymbols.obj
 0003:00000064       ??_C@_0P@KGDB@unexpected?5EOF?$AA@ 00405064     DbgSymbols.obj
 0003:00000074       ??_C@_0BK@GEII@symbols?4dbg?5is?5not?5found?6?$AA@ 00405074     DbgSymbols.obj
 0003:00000090       ??_C@_0M@NOOL@symbols?4dbg?$AA@ 00405090     DbgSymbols.obj
 0003:0000009c       ??_C@_02JKAF@rb?$AA@       0040509c     DbgSymbols.obj
 0003:000000a0       ??_C@_05FAL@?$CFs?$CL?$CFX?$AA@ 004050a0     DbgSymbols.obj
 0003:000000a8       ??_C@_04CLEA@?$CF08X?$AA@  004050a8     DbgSymbols.obj
 0003:000000bc       ??_C@_02FDKA@?$FO1?$AA@    004050bc     Memory.obj
 0003:000000c0       ??_C@_02KMNC@?$FO7?$AA@    004050c0     Memory.obj
 0003:000000c4       ??_C@_02KMBJ@?$FO2?$AA@    004050c4     Memory.obj
 0003:000000c8       ??_C@_0O@MNOP@Out?5of?5memory?$AA@ 004050c8     Memory.obj
 0003:000000d8       ??_C@_09HIMA@mem_check?$AA@ 004050d8     Memory.obj
 0003:000000e4       ??_C@_08FDFA@mem_dump?$AA@ 004050e4     Memory.obj
 0003:000000f0       ??_C@_08IJHL@mem_mark?$AA@ 004050f0     Memory.obj
 0003:000000fc       ??_C@_07BADG@meminfo?$AA@  004050fc     Memory.obj
 0003:00000104       ??_C@_0IO@CCFP@Memory?5usage?5information?3?6?5?5?$CF8d?5@ 00405104     Memory.obj
 0003:00000194       ??_C@_0CC@EACE@Displayed?5?$CFd?5points?0?5?$CFd?1?$CFd?5bytes@ 00405194     Memory.obj
 0003:000001b8       ??_C@_0BA@ONNN@?$CF8d?1?$CF?94d?5?5?$CFs?$CFs?6?$AA@ 004051b8     Memory.obj
 0003:000001c8       ??_C@_0BC@COED@?$CF8d?1?$CF?94d?5?5?$CFs?$CF08X?6?$AA@ 004051c8     Memory.obj
 0003:000001dc       ??_C@_0O@OAEJ@maxCount?5hit?6?$AA@ 004051dc     Memory.obj
 0003:000001ec       ??_C@_0CO@PDEO@BuildAllocatorsTable?3?5error?5in?5m@ 004051ec     Memory.obj
 0003:0000021c       ??_C@_0CO@DANG@BuildAllocatorsTable?3?5error?5in?5m@ 0040521c     Memory.obj
 0003:0000024c       ??_C@_0BO@CGFN@Marked?5?$CFd?5memory?5allocations?6?$AA@ 0040524c     Memory.obj
 0003:0000026c       ??_C@_0DM@BEPH@Remembers?5current?5memory?5allocat@ 0040526c     Memory.obj
 0003:000002a8       ??_C@_05JHKE@?$CFs?$CFs?6?$AA@ 004052a8     Memory.obj
 0003:000002b0       ??_C@_0M@BDOF@?$CF21s?1?$CF?915s?5?$AA@ 004052b0     Memory.obj
 0003:000002bc       ??_C@_09DKPB@?$CFd?$CFs?$CF?$CLd?$FO7?$AA@ 004052bc     Memory.obj
 0003:000002c8       ??_C@_0CB@DICH@?5?5?5?5?5?$FO4?$FL?$FO7?5?5?$CF9d?1?$CF?94d?5?5?$FO4?$FN?$FO7?5?5?5?5?5@ 004052c8     Memory.obj
 0003:000002ec       ??_C@_0BK@DMJB@?5?5?$CF8d?1?$CF?94d?5?5?5?5?5?5?9?9?9?5?5?5?5?5?5?$AA@ 004052ec     Memory.obj
 0003:00000308       ??_C@_0BK@PDF@?5?5?5?5?5?9?9?9?5?5?5?5?5?5?5?5?$CF8d?1?$CF?94d?5?$AA@ 00405308     Memory.obj
 0003:00000324       ??_C@_0BJ@EKBE@no?5?$CCmem_mark?$CC?5preformed?6?$AA@ 00405324     Memory.obj
 0003:00000340       ??_C@_0DP@HIFE@Compares?5current?5memory?5allocati@ 00405340     Memory.obj
 0003:00000380       ??_C@_0CK@GAIN@COutputDevice?3?3Register?3?5too?5muc@ 00405380     OutputDevice.obj
 0003:000003ac       ??_C@_04FJOH@?$FO3?$CFs?$AA@ 004053ac     OutputDevice.obj
 0003:000003b8       ??_R0H@8                   004053b8     ErrorMgr.obj
 0003:000003c4       ??_C@_0N@EEOP@?$FO1ERROR?3?5?$CFs?6?$AA@ 004053c4     ErrorMgr.obj
 0003:000003d4       ??_C@_03IMDO@?$CFs?3?$AA@  004053d4     ErrorMgr.obj
 0003:000003d8       ??_C@_07MEHP@?5?$DM?9?5?$CFs?3?$AA@ 004053d8     ErrorMgr.obj
 0003:000003e0       ??_C@_0BL@KGJH@General?5Protection?5Fault?5?$CB?$AA@ 004053e0     ErrorMgr.obj
 0003:000003fc       ??_C@_05COLM@error?$AA@    004053fc     ErrorMgr.obj
 0003:00000404       ??_C@_02DILL@?$CFs?$AA@    00405404     ErrorMgr.obj
 0003:00000408       ??_C@_06IGAP@?9stack?$AA@  00405408     ErrorMgr.obj
 0003:00000410       ??_C@_0BD@EHDG@testing?5drop?5error?$AA@ 00405410     ErrorMgr.obj
 0003:00000424       ??_C@_05PJCB@?9drop?$AA@   00405424     ErrorMgr.obj
 0003:0000042c       ??_C@_04FENK@?9gpf?$AA@    0040542c     ErrorMgr.obj
 0003:00000434       ??_C@_0BA@PMOD@?5?4?4?4?5?$CIoverflow?$CJ?$AA@ 00405434     Strings.obj
 0003:00000444       ??_C@_0CN@BGKK@appSprintf?3?5overflow?5of?5?$CFd?5?$CIcall@ 00405444     Strings.obj
 0003:00000474       ??_C@_0BF@JFNP@Unknown?5386?1486?5CPU?6?$AA@ 00405474     CoreWin32.obj
 0003:0000048c       ??_C@_02DIMO@?$FN?6?$AA@   0040548c     CoreWin32.obj
 0003:00000490       ??_C@_07FJPN@3DNow?$CB?5?$AA@ 00405490     CoreWin32.obj
 0003:00000498       ??_C@_06JFCH@RDTSC?5?$AA@  00405498     CoreWin32.obj
 0003:000004a0       ??_C@_05NKJE@SSE2?5?$AA@   004054a0     CoreWin32.obj
 0003:000004a8       ??_C@_04IIOM@SSE?5?$AA@    004054a8     CoreWin32.obj
 0003:000004b0       ??_C@_04OGOE@MMX?5?$AA@    004054b0     CoreWin32.obj
 0003:000004b8       ??_C@_04PBEF@FPU?5?$AA@    004054b8     CoreWin32.obj
 0003:000004c0       ??_C@_0N@BFKL@CPU?5caps?3?5?$FL?5?$AA@ 004054c0     CoreWin32.obj
 0003:000004d0       ??_C@_0O@KPHI@CPU?5name?3?5?$CFs?6?$AA@ 004054d0     CoreWin32.obj
 0003:000004e0       ??_C@_0BD@ELIH@CPU?5speed?3?5?$CFg?5MHz?6?$AA@ 004054e0     CoreWin32.obj
 0003:000004f4       ??_C@_05MIHC@?$CFs?$CB?$CFs?$AA@ 004054f4     DbgSymbolsWin32.obj
 0003:000004fc       ??_C@_03HAMA@?$CD?$CFd?$AA@ 004054fc     DbgSymbolsWin32.obj
 0003:00000500       ??_C@_03JKAN@EIP?$AA@      00405500     ExceptFilterWin32.obj
 0003:00000504       ??_C@_03BEKG@EBP?$AA@      00405504     ExceptFilterWin32.obj
 0003:00000508       ??_C@_03GIKF@ESP?$AA@      00405508     ExceptFilterWin32.obj
 0003:0000050c       ??_C@_03DEAG@EDI?$AA@      0040550c     ExceptFilterWin32.obj
 0003:00000510       ??_C@_03DPPK@ESI?$AA@      00405510     ExceptFilterWin32.obj
 0003:00000514       ??_C@_03DHOB@EDX?$AA@      00405514     ExceptFilterWin32.obj
 0003:00000518       ??_C@_03FGLE@ECX?$AA@      00405518     ExceptFilterWin32.obj
 0003:0000051c       ??_C@_03EABO@EBX?$AA@      0040551c     ExceptFilterWin32.obj
 0003:00000520       ??_C@_03HLOB@EAX?$AA@      00405520     ExceptFilterWin32.obj
 0003:00000524       ??_C@_01BJG@?6?$AA@        00405524     ExceptFilterWin32.obj
 0003:00000528       ??_C@_08IFFN@?6Stack?3?6?$AA@ 00405528     ExceptFilterWin32.obj
 0003:00000534       ??_C@_0BA@FDKH@?5?5EFLAGS?3?5?$CF08X?6?$AA@ 00405534     ExceptFilterWin32.obj
 0003:00000544       ??_C@_02DIPJ@GS?$AA@       00405544     ExceptFilterWin32.obj
 0003:00000548       ??_C@_02COFD@FS?$AA@       00405548     ExceptFilterWin32.obj
 0003:0000054c       ??_C@_02BFKM@ES?$AA@       0040554c     ExceptFilterWin32.obj
 0003:00000550       ??_C@_02DAG@DS?$AA@        00405550     ExceptFilterWin32.obj
 0003:00000554       ??_C@_02IPK@SS?$AA@        00405554     ExceptFilterWin32.obj
 0003:00000558       ??_C@_02GCFD@CS?$AA@       00405558     ExceptFilterWin32.obj
 0003:0000055c       ??_C@_04JDOB@?$CFs?6?6?$AA@ 0040555c     ExceptFilterWin32.obj
 0003:00000564       ??_C@_0CC@OCDB@?9?9?9?9?9?5Quake2?5crashed?5at?5?$CFs?5?9?9?9?9?9@ 00405564     ExceptFilterWin32.obj
 0003:00000588       ??_C@_0BI@HGMM@?$CFa?5?$CFb?5?$CFd?0?5?$CFY?5?$CI?$CFH?3?$CFM?3?$CFS?$CJ?$AA@ 00405588     ExceptFilterWin32.obj
 0003:000005a0       ??_C@_0L@OIHI@?$CFs?5at?5?$CC?$CFs?$CC?$AA@ 004055a0     ExceptFilterWin32.obj
 0003:000005ac       ??_C@_09KFPK@crash?4log?$AA@ 004055ac     ExceptFilterWin32.obj
 0003:000005b8       ??_C@_02JALM@a?$CL?$AA@    004055b8     ExceptFilterWin32.obj
 0003:000005bc       ??_C@_0BB@LNPF@Access?5violation?$AA@ 004055bc     ExceptFilterWin32.obj
 0003:000005d0       ??_C@_0P@JMBO@Illegal?5opcode?$AA@ 004055d0     ExceptFilterWin32.obj
 0003:000005e0       ??_C@_0BC@ILAJ@Float?5zero?5divide?$AA@ 004055e0     ExceptFilterWin32.obj
 0003:000005f4       ??_C@_0BE@GCEA@Integer?5zero?5divide?$AA@ 004055f4     ExceptFilterWin32.obj
 0003:00000608       ??_C@_0BH@HFFE@Priveleged?5instruction?$AA@ 00405608     ExceptFilterWin32.obj
 0003:00000620       ??_C@_0P@BMBP@Stack?5overflow?$AA@ 00405620     ExceptFilterWin32.obj
 0003:00000630       ??_C@_09EMAD@Exception?$AA@ 00405630     ExceptFilterWin32.obj
 0003:0000063c       ??_C@_02JBML@?$CFc?$AA@    0040563c     ExceptFilterWin32.obj
 0003:00000640       ??_C@_02IHLC@?5?5?$AA@     00405640     ExceptFilterWin32.obj
 0003:00000644       ??_C@_05LHOL@?5?$CF02X?$AA@ 00405644     ExceptFilterWin32.obj
 0003:0000064c       ??_C@_06BCOJ@?5?$DMN?1A?$DO?$AA@ 0040564c     ExceptFilterWin32.obj
 0003:00000654       ??_C@_0N@IODG@?5?5?$CFs?3?5?$CF08X?5?5?$AA@ 00405654     ExceptFilterWin32.obj
 0003:00000664       ??_C@_0L@JJGB@?5?5?$CFs?3?5?$CF04X?$AA@ 00405664     ExceptFilterWin32.obj
 0003:00000670       ??_C@_08NLFG@?5?5?$DMN?1A?$DO?6?$AA@ 00405670     ExceptFilterWin32.obj
 0003:0000067c       ??_C@_06LDKA@?$CFs?$CF08X?$AA@ 0040567c     ExceptFilterWin32.obj
 0003:00000684       ??_C@_06ONMO@?6?5?5?5?5?5?$AA@ 00405684     ExceptFilterWin32.obj
 0003:0000068c       ??_C@_0O@CNMB@?$CFs?$CFs?$CF08X?5?$DN?5?$CFs?$AA@ 0040568c     ExceptFilterWin32.obj
 0003:0000069c       ??_C@_04HGCK@?$CFs?9?$DO?$AA@ 0040569c     ExceptFilterWin32.obj
 0003:000006a4       ??_C@_05GLIP@?5?5?5?5?5?$AA@ 004056a4     ExceptFilterWin32.obj
 0003:000006ac       ??_C@_03HBPG@?$CFs?$CC?$AA@ 004056ac     ExceptFilterWin32.obj
 0003:000006b0       ??_C@_03NAME@?4?4?4?$AA@   004056b0     ExceptFilterWin32.obj
 0003:000006b4       ??_C@_02HDBI@?2n?$AA@      004056b4     ExceptFilterWin32.obj
 0003:000006b8       ??_C@_04JBJI@?5?$DN?5?$CC?$AA@ 004056b8     ExceptFilterWin32.obj
 0003:000006c0       ?tests@@3PADA              004056c0     TestApp.obj
 0003:000007d8       ??_C@_04FBGA@xcpt?$AA@     004057d8     TestApp.obj
 0003:000007e0       ??_C@_04FKOI@quit?$AA@     004057e0     TestApp.obj
 0003:000007e8       ??_C@_0BI@GKKD@Unable?5to?5write?5to?5log?6?$AA@ 004057e8     TestApp.obj
 0003:00000800       ??_C@_05OPGF@f?$DN?$CFg?6?$AA@ 00405800     TestApp.obj
 0003:00000808       ??_C@_06GDKF@?$CFs?5?$CFf?6?$AA@ 00405808     TestApp.obj
 0003:00000810       ??_C@_08HLCJ@123?$CFs288?$AA@ 00405810     TestApp.obj
 0003:0000081c       ??_C@_06LGDB@asksjk?$AA@   0040581c     TestApp.obj
 0003:00000828       ??_R0PAX@8                 00405828     TestApp.obj
 0003:00000838       ??_R0PAD@8                 00405838     TestApp.obj
 0003:00000848       ??_C@_0BP@JJJM@Testing?3?5?$CCa?5?$DN?5i?5?1?5?$CIargc?5?9?52?$CJ?$CC?6?$AA@ 00405848     TestApp.obj
 0003:00000868       ??_C@_0BM@MCAA@Testing?3?5?$CC?$CK?$CI?$CIbyte?$CK?$CJ0?$CJ?5?$DN?50?$CC?6?$AA@ 00405868     TestApp.obj
 0003:00000884       ??_C@_0BJ@GJNL@Testing?3?5?$CCcrash?$CItests?$CJ?$CC?6?$AA@ 00405884     TestApp.obj
 0003:000008a0       ??_C@_0CE@ELJJ@Testing?3?5?$CC?$CI?$CIvoid?5?$CI?$CK?$CJ?$CIvoid?$CJ?$CJ?50?$CJ?5?$CI@ 004058a0     TestApp.obj
 0003:000008c4       ??_C@_0CB@GMLJ@Testing?3?5?$CCappStrcmp?5?$CI0?0?5tests?$CJ?$CC?6@ 004058c4     TestApp.obj
 0003:000008e8       ??_C@_0CM@JLJO@Testing?3?5?$CCsprintf?5?$CI?$CIchar?$CK?$CJ1?0?5?$CC?$CFs@ 004058e8     TestApp.obj
 0003:00000914       ??_C@_09FAG@exception?$AA@ 00405914     TestApp.obj
 0003:00000920       ??_C@_0BO@HKPE@Testing?3?5?$CCthrow?5?$CCexception?$CC?$CC?6?$AA@ 00405920     TestApp.obj
 0003:00000940       ??_C@_0BD@ECPN@?4?4?5arg?$FL?$CFd?$FN?5?$DN?5?$DM?$CFs?$DO?6?$AA@ 00405940     TestApp.obj
 0003:00000954       ??_C@_0BB@OMEE@cmd1?5?9?5args?3?5?$CFd?6?$AA@ 00405954     TestApp.obj
 0003:00000968       ??_C@_0BG@IBDI@uncol?5?$CI?$CC?$CFs?$CC?$CJ?5?9?$DO?5?$CC?$CFs?$CC?6?$AA@ 00405968     TestApp.obj
 0003:00000980       ??_C@_0BC@GKBH@clen?5?$CI?$CC?$CFs?$CC?$CJ?5?$DN?5?$CFd?6?$AA@ 00405980     TestApp.obj
 0003:00000994       ??_C@_0O@FBHA@?4?4?4?5ret?5?$DN?5?$CFX?6?$AA@ 00405994     TestApp.obj
 0003:000009a4       ??_C@_0BA@HD@alloc?3?5?$CFd?5?$FL?$CFd?$FN?6?$AA@ 004059a4     TestApp.obj
 0003:000009b4       ??_C@_0BA@EEIA@called?5?$CCusage?$CC?6?$AA@ 004059b4     TestApp.obj
 0003:000009c4       ??_C@_0O@MKHE@usage?3?5usage?6?$AA@ 004059c4     TestApp.obj
 0003:000009d4       ??_C@_0O@PFIK@args?5cmd?3?5?$CFd?6?$AA@ 004059d4     TestApp.obj
 0003:000009e4       ??_C@_0O@OIJM@both?5cmd?3?5?$CFd?6?$AA@ 004059e4     TestApp.obj
 0003:000009f4       ??_C@_0BE@MKCF@usage?3?5both?5?$FLargs?$FN?6?$AA@ 004059f4     TestApp.obj
 0003:00000a08       ??_C@_0L@GFGG@?$FL?$CFc?$CFc?$FN?5?$CFs?6?$AA@ 00405a08     TestApp.obj
 0003:00000a14       ??_C@_01FDHG@?$CK?$AA@     00405a14     TestApp.obj
 0003:00000a18       ??_C@_0BG@MNKM@Usage?3?5sym?5?$DMaddress?$DO?6?$AA@ 00405a18     TestApp.obj
 0003:00000a30       ??_C@_03HHKO@?$CFs?6?$AA@  00405a30     TestApp.obj
 0003:00000a34       ??_C@_07MNBK@failed?6?$AA@ 00405a34     TestApp.obj
 0003:00000a3c       ??_C@_0BI@LIDH@Info?5on?5address?5?$CF08X?5?3?5?$AA@ 00405a3c     TestApp.obj
 0003:00000a54       ??_C@_0O@DNJN@BAD?5COMMAND?$CB?6?$AA@ 00405a54     TestApp.obj
 0003:00000a64       ??_C@_01FAFK@?$DO?$AA@     00405a64     TestApp.obj
 0003:00000a68       ??_C@_03FNN@sym?$AA@       00405a68     TestApp.obj
 0003:00000a6c       ??_C@_03FIFC@dir?$AA@      00405a6c     TestApp.obj
 0003:00000a70       ??_C@_05FADL@alloc?$AA@    00405a70     TestApp.obj
 0003:00000a78       ??_C@_04OBLM@clen?$AA@     00405a78     TestApp.obj
 0003:00000a80       ??_C@_05LHNG@uncol?$AA@    00405a80     TestApp.obj
 0003:00000a88       ??_C@_04LBKE@both?$AA@     00405a88     TestApp.obj
 0003:00000a90       ??_C@_05JHCL@usage?$AA@    00405a90     TestApp.obj
 0003:00000a98       ??_C@_04CGOG@args?$AA@     00405a98     TestApp.obj
 0003:00000aa0       ??_C@_0CN@OLID@RegisterCommand?3?5?$CC?$CFs?$CC?5is?5already@ 00405aa0     Commands.obj
 0003:00000ad0       ??_C@_0CA@PNBF@No?5usage?5info?5for?5command?5?$CC?$CFs?$CC?6?$AA@ 00405ad0     Commands.obj
 0003:00000af0       ??_C@_02PLJO@?1?$DP?$AA@   00405af0     Commands.obj
 0003:00000af4       ??_C@_0BH@OFAE@GetArgs?3?5MAX_ARGS?5hit?6?$AA@ 00405af4     Commands.obj
 0003:00000b0c       ??_C@_07KFEL@cmdlist?$AA@  00405b0c     Commands.obj
 0003:00000b14       ??_C@_04EDEH@echo?$AA@     00405b14     Commands.obj
 0003:00000b1c       ??_C@_03HKGO@?5?$CFs?$AA@  00405b1c     Commands.obj
 0003:00000b20       ??_C@_0BJ@PKNG@Usage?3?5cmdlist?5?$FL?$DMmask?$DO?$FN?6?$AA@ 00405b20     Commands.obj
 0003:00000b3c       ??_C@_0BK@HMMH@Displayed?5?$CFd?1?$CFd?5commands?6?$AA@ 00405b3c     Commands.obj
 0003:00000b58       ??_C@_0P@CNAN@?$CF?93d?5?$CFc?5?$CFc?5?$CFs?6?$AA@ 00405b58     Commands.obj
 0003:00000b68       ??_C@_0BO@OMDO@?9?9?9?9i?9a?9name?9?9?9?9?9?9?9?9?9?9?9?9?9?9?9?9?6?$AA@ 00405b68     Commands.obj
 0003:00000b90       ??_R0?AVtype_info@@@8      00405b90     MSVCRT:ti_inst.obj
 0003:00000ba8       ___defaultmatherr          00405ba8     MSVCRT:merr.obj
 0003:00000d34       ?first@CMemoryChain@@0PAV1@A 00405d34     Memory.obj
 0003:00000d3c       ?GCurrentMemAllocator@@3IA 00405d3c     Memory.obj
 0003:00000d48       ?first@FMemHeader@@2PAU1@A 00405d48     Memory.obj
 0003:00000d58       ??_C@_00A@?$AA@            00405d58     Memory.obj
 0003:00000de0       ?GErr@@3VCErrorHandler@@A  00405de0     ErrorMgr.obj
 0003:00001f00       ?GSecondsPerCycle@@3NA     00406f00     CoreWin32.obj
 0003:00001f08       ?GMSecondsPerCycle@@3NA    00406f08     CoreWin32.obj
 0003:00002848       __dowildcard               00407848     MSVCRT:wildcard.obj
 0003:0000284c       __newmode                  0040784c     MSVCRT:_newmode.obj
 0003:00002850       __commode                  00407850     MSVCRT:xncommod.obj
 0003:00002854       __fmode                    00407854     MSVCRT:xtxtmode.obj
 0003:00002858       __adjust_fdiv              00407858     <common>
 0003:0000285c       ___onexitend               0040785c     <common>
 0003:00002860       ___onexitbegin             00407860     <common>

 entry point at        0001:00002c26

 Static symbols

 0001:000024bb       _$E3                       004034bb f   Commands.obj
 0001:000024c0       _$E2                       004034c0 f   Commands.obj
 0001:000024c8       _$E6                       004034c8 f   Commands.obj
 0001:000024cd       _$E5                       004034cd f   Commands.obj
 0001:00002718       ?GetArgs@@YAXPBD_N@Z       00403718 f   Commands.obj
 0001:0000290a       ?InitCommands@@YAXXZ       0040390a f   Commands.obj
 0001:00002930       ?Cmd_Echo@@YAXHPAPAD@Z     00403930 f   Commands.obj
 0001:00002973       ?Cmd_CmdList@@YAX_NHPAPAD@Z 00403973 f   Commands.obj
 0001:00001ddf       _$E5                       00402ddf f   TestApp.obj
 0001:00001de9       _$E2                       00402de9 f   TestApp.obj
 0001:00001e7d       _$E4                       00402e7d f   TestApp.obj
 0001:00001e89       _$E3                       00402e89 f   TestApp.obj
 0001:00001ae7       ?DumpReg4@@YAXPAU_iobuf@@PBDI@Z 00402ae7 f   ExceptFilterWin32.obj
 0001:00001b7f       ?DumpReg2@@YAXPAU_iobuf@@PBDK@Z 00402b7f f   ExceptFilterWin32.obj
 0001:00001b9a       ?DumpMem@@YAXPAU_iobuf@@PBIPAU_CONTEXT@@@Z 00402b9a f   ExceptFilterWin32.obj
 0001:00001d26       ?IsString@@YA_NPBD@Z       00402d26 f   ExceptFilterWin32.obj
 0001:00001d67       ?DumpString@@YA_NPAU_iobuf@@PBD@Z 00402d67 f   ExceptFilterWin32.obj
 0001:000013fa       ?CheckCpuModel@@YAXXZ      004023fa f   CoreWin32.obj
 0001:000015ab       ?CheckCpuSpeed@@YAXXZ      004025ab f   CoreWin32.obj
 0001:00000e66       ?Cmd_Error@@YAXHPAPAD@Z    00401e66 f   ErrorMgr.obj
 0001:00000433       ?OutOfMemory@@YAXXZ        00401433 f   Memory.obj
 0001:00000637       ?Cmd_Meminfo@@YAXXZ        00401637 f   Memory.obj
 0001:00000662       ?Cmd_DumpAllocs@@YAXXZ     00401662 f   Memory.obj
 0001:0000071e       ?BuildAllocatorsTable@@YAHPAXH@Z 0040171e f   Memory.obj
 0001:00000880       ?CompareAllocators@@YAHPBUFAllocatorInfo@@0@Z 00401880 f   Memory.obj
 0001:0000088d       ?Cmd_MarkAllocs@@YAX_N@Z   0040188d f   Memory.obj
 0001:00000925       ?Cmd_CheckAllocs@@YAX_N@Z  00401925 f   Memory.obj
