 TestApp

 Timestamp is 4314825e (Tue Aug 30 19:59:26 2005)

 Preferred load address is 00400000

 Start         Length     Name                   Class
 0001:00000000 00003070H .text                   CODE
 0002:00000000 000000d8H .idata$5                DATA
 0002:000000d8 000002acH .rdata                  DATA
 0002:00000388 00000044H .rdata$r                DATA
 0002:000003d0 00000098H .xdata$x                DATA
 0002:00000468 00000050H .idata$2                DATA
 0002:000004b8 00000014H .idata$3                DATA
 0002:000004cc 000000d8H .idata$4                DATA
 0002:000005a4 000002b2H .idata$6                DATA
 0002:00000856 00000000H .edata                  DATA
 0003:00000000 00000004H .CRT$XCA                DATA
 0003:00000004 00000010H .CRT$XCU                DATA
 0003:00000014 00000004H .CRT$XCZ                DATA
 0003:00000018 00000004H .CRT$XIA                DATA
 0003:0000001c 00000004H .CRT$XIZ                DATA
 0003:00000020 00000c3cH .data                   DATA
 0003:00000c60 00001dd0H .bss                    DATA

  Address         Publics by Value              Rva+Base     Lib:Object

 0001:00000000       ??3@YAXPAX@Z               00401000 f i CoreMain.obj
 0001:0000000b       ?appInit@@YAXXZ            0040100b f   CoreMain.obj
 0001:0000006e       ?appLoadDebugSymbols@@YAXXZ 0040106e f   DbgSymbols.obj
 0001:00000271       ?appSymbolName@@YA_NIPADH@Z 00401271 f   DbgSymbols.obj
 0001:0000035d       ?appSymbolName@@YAPBDI@Z   0040135d f   DbgSymbols.obj
 0001:0000038f       ?appMalloc@@YAPAXIH@Z      0040138f f   Memory.obj
 0001:0000043d       ?appFree@@YAXPAX@Z         0040143d f   Memory.obj
 0001:0000046b       ?Unlink@FMemHeader@@QAEXXZ 0040146b f i Memory.obj
 0001:00000496       ?Link@CMemoryChain@@AAEXXZ 00401496 f   Memory.obj
 0001:000004b5       ?Unlink@CMemoryChain@@AAEXXZ 004014b5 f   Memory.obj
 0001:000004e0       ??2CMemoryChain@@SAPAXIH@Z 004014e0 f   Memory.obj
 0001:00000552       ??3CMemoryChain@@SAXPAX@Z  00401552 f   Memory.obj
 0001:00000585       ?Alloc@CMemoryChain@@QAEPAXIH@Z 00401585 f   Memory.obj
 0001:000005ef       ?appInitMemory@@YAXXZ      004015ef f   Memory.obj
 0001:00000b23       ?sprintf@?$TString@$0BAA@@@QAAHPBDZZ 00401b23 f i Memory.obj
 0001:00000b3f       ?Printf@COutputDevice@@QAAXPBDZZ 00401b3f f   OutputDevice.obj
 0001:00000baf       ?Register@COutputDevice@@QAEXXZ 00401baf f   OutputDevice.obj
 0001:00000c0b       ?appPrintf@@YAXPBDZZ       00401c0b f   OutputDevice.obj
 0001:00000d1e       ?appWPrintf@@YAXPBDZZ      00401d1e f   OutputDevice.obj
 0001:00000d7b       ??0COutputDeviceFile@@QAE@XZ 00401d7b f i ErrorMgr.obj
 0001:00000d93       ?Write@COutputDeviceFile@@UAEXPBD@Z 00401d93 f i ErrorMgr.obj
 0001:00000de7       ?Flush@COutputDeviceFile@@UAEXXZ 00401de7 f i ErrorMgr.obj
 0001:00000df7       ?Close@COutputDeviceFile@@UAEXXZ 00401df7 f i ErrorMgr.obj
 0001:00000e37       ?appGetErrorLog@@YAPAVCOutputDevice@@XZ 00401e37 f   ErrorMgr.obj
 0001:00000ef8       ?Open@COutputDeviceFile@@QAEXPBD_N@Z 00401ef8 f i ErrorMgr.obj
 0001:00000f34       ?appFatalError@@YAXPBDZZ   00401f34 f   ErrorMgr.obj
 0001:00000fcd       ?appNonFatalError@@YAXPBDZZ 00401fcd f   ErrorMgr.obj
 0001:0000102b       ?appUnwindPrefix@@YAXPBD@Z 0040202b f   ErrorMgr.obj
 0001:000010db       ?appUnwindThrow@@YAXPBDZZ  004020db f   ErrorMgr.obj
 0001:00001166       ?Reset@CErrorHandler@@QAEXXZ 00402166 f   ErrorMgr.obj
 0001:00001197       ?appInitError@@YAXXZ       00402197 f   ErrorMgr.obj
 0001:00001255       ?sprintf@?$TString@$0CAA@@@QAAHPBDZZ 00402255 f i ErrorMgr.obj
 0001:00001271       ?appStrcmp@@YAHPBD0@Z      00402271 f   Strings.obj
 0001:00001292       ?appStricmp@@YAHPBD0@Z     00402292 f   Strings.obj
 0001:000012c7       ?toLower@@YADD@Z           004022c7 f i Strings.obj
 0001:000012de       ?appStrcpy@@YAXPADPBD@Z    004022de f   Strings.obj
 0001:000012f1       ?appStrncpylwr@@YAXPADPBDH@Z 004022f1 f   Strings.obj
 0001:00001329       ?appStrncpyz@@YAXPADPBDH@Z 00402329 f   Strings.obj
 0001:00001356       ?appStrcatn@@YAXPADHPBD@Z  00402356 f   Strings.obj
 0001:00001381       ?appCStrlen@@YAHPBD@Z      00402381 f   Strings.obj
 0001:000013a6       ?appUncolorizeString@@YAXPADPBD@Z 004023a6 f   Strings.obj
 0001:000013d6       ?va@@YAPBDPBDZZ            004023d6 f   Strings.obj
 0001:00001472       ?appSprintf@@YAHPADHPBDZZ  00402472 f   Strings.obj
 0001:000014bd       ?appMatchWildcard@@YA_NPBD0_N@Z 004024bd f   Strings.obj
 0001:0000163e       ??2CStringItem@@SAPAXIPBD@Z 0040263e f   Strings.obj
 0001:00001687       ??2CStringItem@@SAPAXIPBDPAVCMemoryChain@@@Z 00402687 f   Strings.obj
 0001:000016c4       ?Find@CStringList@@IAEPAVCStringItem@@PBDPAPAV2@@Z 004026c4 f   Strings.obj
 0001:00001700       ?cpuid@@YAXI@Z             00402700 f   CoreWin32.obj
 0001:00001723       ?appPackage@@YAPBDXZ       00402723 f   CoreWin32.obj
 0001:00001788       ?appDisplayError@@YAXXZ    00402788 f   CoreWin32.obj
 0001:000017dc       ?appInitPlatform@@YAXXZ    004027dc f   CoreWin32.obj
 0001:00001a6f       ?osAddressInfo@@YA_NIPADHPAH@Z 00402a6f f   DbgSymbolsWin32.obj
 0001:00001b03       ?osModuleInfo@@YA_NIPADHPAH@Z 00402b03 f   DbgSymbolsWin32.obj
 0001:00001caa       ?win32ExceptFilter@@YAHPAU_EXCEPTION_POINTERS@@@Z 00402caa f   ExceptFilterWin32.obj
 0001:0000213b       ?win32ExceptFilter2@@YAHXZ 0040313b f   ExceptFilterWin32.obj
 0001:0000219b       ?crash@@YAXPAD@Z           0040319b f   TestApp.obj
 0001:0000225d       ?cmd1@@YAXHPAPAD@Z         0040325d f   TestApp.obj
 0001:000023e9       ?cUncol@@YAXHPAPAD@Z       004033e9 f   TestApp.obj
 0001:00002425       ?cClen@@YAXHPAPAD@Z        00403425 f   TestApp.obj
 0001:0000244c       ?cAlloc@@YAXHPAPAD@Z       0040344c f   TestApp.obj
 0001:000024a8       ?quit@@YAXHPAPAD@Z         004034a8 f   TestApp.obj
 0001:000024b0       ?cUsage@@YAX_N@Z           004034b0 f   TestApp.obj
 0001:000024ca       ?cArgs@@YAXHPAPAD@Z        004034ca f   TestApp.obj
 0001:00002505       ?cBoth@@YAX_NHPAPAD@Z      00403505 f   TestApp.obj
 0001:00002553       ?cDir@@YAXHPAPAD@Z         00403553 f   TestApp.obj
 0001:000025e1       ?cSym@@YAX_NHPAPAD@Z       004035e1 f   TestApp.obj
 0001:00002655       _main                      00403655 f   TestApp.obj
 0001:000027d7       ?RegisterCommand@@YA_NPBDP6AXXZH@Z 004037d7 f   Commands.obj
 0001:000028a5       ?ExecuteCommand@@YA_NPBD@Z 004038a5 f   Commands.obj
 0001:00002b33       ?ExecuteCommand@@YA_NPBDPBUCSimpleCommand@@H@Z 00403b33 f   Commands.obj
 0001:00002d32       ??0CFileList@@QAE@PBDHI@Z  00403d32 f   FileSystem.obj
 0001:00002d50       ?osListDirectory@@YAXPBDPAVCFileList@@H@Z 00403d50 f   FileSystemWin32.obj
 0001:00002e80       __except_handler3          00403e80 f   MSVCRT:MSVCRT.dll
 0001:00002e90       __alloca_probe             00403e90 f   MSVCRT:chkstk.obj
 0001:00002e90       __chkstk                   00403e90 f   MSVCRT:chkstk.obj
 0001:00002ec0       _strlen                    00403ec0 f   MSVCRT:MSVCRT.dll
 0001:00002ec6       __onexit                   00403ec6 f   MSVCRT:atonexit.obj
 0001:00002ef2       _atexit                    00403ef2 f   MSVCRT:atonexit.obj
 0001:00002f04       ??_Etype_info@@UAEPAXI@Z   00403f04 f i MSVCRT:ti_inst.obj
 0001:00002f04       ??_Gtype_info@@UAEPAXI@Z   00403f04 f i MSVCRT:ti_inst.obj
 0001:00002f20       __CxxThrowException@8      00403f20 f   MSVCRT:MSVCRT.dll
 0001:00002f26       _mainCRTStartup            00403f26 f   MSVCRT:crtexe.obj
 0001:00003036       ___dllonexit               00404036 f   MSVCRT:MSVCRT.dll
 0001:0000303c       ??1type_info@@UAE@XZ       0040403c f   MSVCRT:MSVCRT.dll
 0001:00003042       __XcptFilter               00404042 f   MSVCRT:MSVCRT.dll
 0001:00003048       __initterm                 00404048 f   MSVCRT:MSVCRT.dll
 0001:0000304e       __setdefaultprecision      0040404e f   MSVCRT:fp8.obj
 0001:00003060       __matherr                  00404060 f   MSVCRT:merr.obj
 0001:00003063       __setargv                  00404063 f   MSVCRT:dllargv.obj
 0001:00003064       __controlfp                00404064 f   MSVCRT:MSVCRT.dll
 0002:00000000       __imp__VirtualQuery@12     00405000     kernel32:KERNEL32.dll
 0002:00000004       __imp__IsBadReadPtr@8      00405004     kernel32:KERNEL32.dll
 0002:00000008       __imp__GetModuleFileNameA@12 00405008     kernel32:KERNEL32.dll
 0002:0000000c       \177KERNEL32_NULL_THUNK_DATA 0040500c     kernel32:KERNEL32.dll
 0002:00000010       __imp___controlfp          00405010     MSVCRT:MSVCRT.dll
 0002:00000014       __imp___except_handler3    00405014     MSVCRT:MSVCRT.dll
 0002:00000018       __imp__fclose              00405018     MSVCRT:MSVCRT.dll
 0002:0000001c       __imp__fread               0040501c     MSVCRT:MSVCRT.dll
 0002:00000020       __imp__fopen               00405020     MSVCRT:MSVCRT.dll
 0002:00000024       __imp__malloc              00405024     MSVCRT:MSVCRT.dll
 0002:00000028       __imp__free                00405028     MSVCRT:MSVCRT.dll
 0002:0000002c       __imp__qsort               0040502c     MSVCRT:MSVCRT.dll
 0002:00000030       __imp___vsnprintf          00405030     MSVCRT:MSVCRT.dll
 0002:00000034       __imp__memmove             00405034     MSVCRT:MSVCRT.dll
 0002:00000038       __imp__fwrite              00405038     MSVCRT:MSVCRT.dll
 0002:0000003c       __imp__strlen              0040503c     MSVCRT:MSVCRT.dll
 0002:00000040       __imp__fflush              00405040     MSVCRT:MSVCRT.dll
 0002:00000044       __imp__strftime            00405044     MSVCRT:MSVCRT.dll
 0002:00000048       __imp__localtime           00405048     MSVCRT:MSVCRT.dll
 0002:0000004c       __imp__time                0040504c     MSVCRT:MSVCRT.dll
 0002:00000050       __imp__strncpy             00405050     MSVCRT:MSVCRT.dll
 0002:00000054       __imp___CxxThrowException@8 00405054     MSVCRT:MSVCRT.dll
 0002:00000058       __imp__strchr              00405058     MSVCRT:MSVCRT.dll
 0002:0000005c       __imp__strrchr             0040505c     MSVCRT:MSVCRT.dll
 0002:00000060       __imp___iob                00405060     MSVCRT:MSVCRT.dll
 0002:00000064       __imp__sprintf             00405064     MSVCRT:MSVCRT.dll
 0002:00000068       __imp__atoi                00405068     MSVCRT:MSVCRT.dll
 0002:0000006c       __imp__exit                0040506c     MSVCRT:MSVCRT.dll
 0002:00000070       __imp__strtol              00405070     MSVCRT:MSVCRT.dll
 0002:00000074       __imp__gets                00405074     MSVCRT:MSVCRT.dll
 0002:00000078       __imp___findclose          00405078     MSVCRT:MSVCRT.dll
 0002:0000007c       __imp___findnext           0040507c     MSVCRT:MSVCRT.dll
 0002:00000080       __imp___findfirst          00405080     MSVCRT:MSVCRT.dll
 0002:00000084       __imp____dllonexit         00405084     MSVCRT:MSVCRT.dll
 0002:00000088       __imp___onexit             00405088     MSVCRT:MSVCRT.dll
 0002:0000008c       __imp_??1type_info@@UAE@XZ 0040508c     MSVCRT:MSVCRT.dll
 0002:00000090       __imp___exit               00405090     MSVCRT:MSVCRT.dll
 0002:00000094       __imp___XcptFilter         00405094     MSVCRT:MSVCRT.dll
 0002:00000098       __imp____p___initenv       00405098     MSVCRT:MSVCRT.dll
 0002:0000009c       __imp____getmainargs       0040509c     MSVCRT:MSVCRT.dll
 0002:000000a0       __imp___initterm           004050a0     MSVCRT:MSVCRT.dll
 0002:000000a4       __imp____setusermatherr    004050a4     MSVCRT:MSVCRT.dll
 0002:000000a8       __imp___adjust_fdiv        004050a8     MSVCRT:MSVCRT.dll
 0002:000000ac       __imp____p__commode        004050ac     MSVCRT:MSVCRT.dll
 0002:000000b0       __imp____p__fmode          004050b0     MSVCRT:MSVCRT.dll
 0002:000000b4       __imp____set_app_type      004050b4     MSVCRT:MSVCRT.dll
 0002:000000b8       __imp__stricmp             004050b8     MSVCRT:MSVCRT.dll
 0002:000000b8       __imp___stricmp            004050b8     MSVCRT:MSVCRT.dll
 0002:000000bc       \177MSVCRT_NULL_THUNK_DATA 004050bc     MSVCRT:MSVCRT.dll
 0002:000000c0       __imp__MessageBoxA@16      004050c0     user32:USER32.dll
 0002:000000c4       \177USER32_NULL_THUNK_DATA 004050c4     user32:USER32.dll
 0002:000000c8       __imp__timeEndPeriod@4     004050c8     winmm:WINMM.dll
 0002:000000cc       __imp__timeBeginPeriod@4   004050cc     winmm:WINMM.dll
 0002:000000d0       __imp__timeGetTime@0       004050d0     winmm:WINMM.dll
 0002:000000d4       \177WINMM_NULL_THUNK_DATA  004050d4     winmm:WINMM.dll
 0002:00000150       ??_7COutputDeviceFile@@6B@ 00405150     ErrorMgr.obj
 0002:00000188       __real@8@3ff583126e978d4fe000 00405188     CoreWin32.obj
 0002:000001a0       __real@8@3feb8637bd05af6c6800 004051a0     CoreWin32.obj
 0002:00000258       ??_7COutputDeviceStdout@@6B@ 00405258     TestApp.obj
 0002:00000370       ??_7type_info@@6B@         00405370     MSVCRT:ti_inst.obj
 0002:00000388       ??_R1A@?0A@A@type_info@@8  00405388     MSVCRT:ti_inst.obj
 0002:000003a0       ??_R2type_info@@8          004053a0     MSVCRT:ti_inst.obj
 0002:000003a8       ??_R3type_info@@8          004053a8     MSVCRT:ti_inst.obj
 0002:000003b8       ??_R4type_info@@6B@        004053b8     MSVCRT:ti_inst.obj
 0002:000003d0       __CT??_R0H@84              004053d0     ErrorMgr.obj
 0002:000003f0       __CTA1H                    004053f0     ErrorMgr.obj
 0002:000003f8       __TI1H                     004053f8     ErrorMgr.obj
 0002:00000408       __CT??_R0PAX@84            00405408     TestApp.obj
 0002:00000428       __CT??_R0PAD@84            00405428     TestApp.obj
 0002:00000448       __CTA2PAD                  00405448     TestApp.obj
 0002:00000458       __TI2PAD                   00405458     TestApp.obj
 0002:00000468       __IMPORT_DESCRIPTOR_KERNEL32 00405468     kernel32:KERNEL32.dll
 0002:0000047c       __IMPORT_DESCRIPTOR_USER32 0040547c     user32:USER32.dll
 0002:00000490       __IMPORT_DESCRIPTOR_MSVCRT 00405490     MSVCRT:MSVCRT.dll
 0002:000004a4       __IMPORT_DESCRIPTOR_WINMM  004054a4     winmm:WINMM.dll
 0002:000004b8       __NULL_IMPORT_DESCRIPTOR   004054b8     kernel32:KERNEL32.dll
 0003:00000000       ___xc_a                    00406000     MSVCRT:cinitexe.obj
 0003:00000014       ___xc_z                    00406014     MSVCRT:cinitexe.obj
 0003:00000018       ___xi_a                    00406018     MSVCRT:cinitexe.obj
 0003:0000001c       ___xi_z                    0040601c     MSVCRT:cinitexe.obj
 0003:00000020       ??_C@_0BF@DIMN@symbol?5name?5too?5long?$AA@ 00406020     DbgSymbols.obj
 0003:00000038       ??_C@_0BC@KAAP@too?5much?5packages?$AA@ 00406038     DbgSymbols.obj
 0003:0000004c       ??_C@_0BG@MIFJ@package?5name?5too?5long?$AA@ 0040604c     DbgSymbols.obj
 0003:00000064       ??_C@_0P@KGDB@unexpected?5EOF?$AA@ 00406064     DbgSymbols.obj
 0003:00000074       ??_C@_0BK@GEII@symbols?4dbg?5is?5not?5found?6?$AA@ 00406074     DbgSymbols.obj
 0003:00000090       ??_C@_0M@NOOL@symbols?4dbg?$AA@ 00406090     DbgSymbols.obj
 0003:0000009c       ??_C@_02JKAF@rb?$AA@       0040609c     DbgSymbols.obj
 0003:000000a0       ??_C@_05FAL@?$CFs?$CL?$CFX?$AA@ 004060a0     DbgSymbols.obj
 0003:000000a8       ??_C@_04CLEA@?$CF08X?$AA@  004060a8     DbgSymbols.obj
 0003:000000bc       ??_C@_02FDKA@?$FO1?$AA@    004060bc     Memory.obj
 0003:000000c0       ??_C@_02KMNC@?$FO7?$AA@    004060c0     Memory.obj
 0003:000000c4       ??_C@_02KMBJ@?$FO2?$AA@    004060c4     Memory.obj
 0003:000000c8       ??_C@_0O@MNOP@Out?5of?5memory?$AA@ 004060c8     Memory.obj
 0003:000000d8       ??_C@_09HIMA@mem_check?$AA@ 004060d8     Memory.obj
 0003:000000e4       ??_C@_08FDFA@mem_dump?$AA@ 004060e4     Memory.obj
 0003:000000f0       ??_C@_08IJHL@mem_mark?$AA@ 004060f0     Memory.obj
 0003:000000fc       ??_C@_07BADG@meminfo?$AA@  004060fc     Memory.obj
 0003:00000104       ??_C@_0IO@CCFP@Memory?5usage?5information?3?6?5?5?$CF8d?5@ 00406104     Memory.obj
 0003:00000194       ??_C@_0CC@EACE@Displayed?5?$CFd?5points?0?5?$CFd?1?$CFd?5bytes@ 00406194     Memory.obj
 0003:000001b8       ??_C@_0BA@ONNN@?$CF8d?1?$CF?94d?5?5?$CFs?$CFs?6?$AA@ 004061b8     Memory.obj
 0003:000001c8       ??_C@_0BC@COED@?$CF8d?1?$CF?94d?5?5?$CFs?$CF08X?6?$AA@ 004061c8     Memory.obj
 0003:000001dc       ??_C@_0O@OAEJ@maxCount?5hit?6?$AA@ 004061dc     Memory.obj
 0003:000001ec       ??_C@_0CO@PDEO@BuildAllocatorsTable?3?5error?5in?5m@ 004061ec     Memory.obj
 0003:0000021c       ??_C@_0CO@DANG@BuildAllocatorsTable?3?5error?5in?5m@ 0040621c     Memory.obj
 0003:0000024c       ??_C@_0BO@CGFN@Marked?5?$CFd?5memory?5allocations?6?$AA@ 0040624c     Memory.obj
 0003:0000026c       ??_C@_0DM@BEPH@Remembers?5current?5memory?5allocat@ 0040626c     Memory.obj
 0003:000002a8       ??_C@_05JHKE@?$CFs?$CFs?6?$AA@ 004062a8     Memory.obj
 0003:000002b0       ??_C@_0M@BDOF@?$CF21s?1?$CF?915s?5?$AA@ 004062b0     Memory.obj
 0003:000002bc       ??_C@_09DKPB@?$CFd?$CFs?$CF?$CLd?$FO7?$AA@ 004062bc     Memory.obj
 0003:000002c8       ??_C@_0CB@DICH@?5?5?5?5?5?$FO4?$FL?$FO7?5?5?$CF9d?1?$CF?94d?5?5?$FO4?$FN?$FO7?5?5?5?5?5@ 004062c8     Memory.obj
 0003:000002ec       ??_C@_0BK@DMJB@?5?5?$CF8d?1?$CF?94d?5?5?5?5?5?5?9?9?9?5?5?5?5?5?5?$AA@ 004062ec     Memory.obj
 0003:00000308       ??_C@_0BK@PDF@?5?5?5?5?5?9?9?9?5?5?5?5?5?5?5?5?$CF8d?1?$CF?94d?5?$AA@ 00406308     Memory.obj
 0003:00000324       ??_C@_0BJ@EKBE@no?5?$CCmem_mark?$CC?5preformed?6?$AA@ 00406324     Memory.obj
 0003:00000340       ??_C@_0DP@HIFE@Compares?5current?5memory?5allocati@ 00406340     Memory.obj
 0003:00000380       ??_C@_0CK@GAIN@COutputDevice?3?3Register?3?5too?5muc@ 00406380     OutputDevice.obj
 0003:000003ac       ??_C@_04FJOH@?$FO3?$CFs?$AA@ 004063ac     OutputDevice.obj
 0003:000003b4       ??_C@_0BI@GKKD@Unable?5to?5write?5to?5log?6?$AA@ 004063b4     ErrorMgr.obj
 0003:000003cc       ??_C@_0N@CKOH@?6ERROR?3?5?$CFs?6?6?$AA@ 004063cc     ErrorMgr.obj
 0003:000003dc       ??_C@_0O@DPJI@?$CFs?3?5?$CFs?5crash?6?$AA@ 004063dc     ErrorMgr.obj
 0003:000003ec       ??_C@_0CN@LHCG@?9?9?9?9?9?9?9?9?9?9?9?9?9?9?9?9?9?9?9?9?9?9?9?9?9?9?9?9?9?9?9?9@ 004063ec     ErrorMgr.obj
 0003:0000041c       ??_C@_02JJJH@?6?6?$AA@     0040641c     ErrorMgr.obj
 0003:00000420       ??_C@_0BF@EFNJ@?$CFb?5?$CFd?0?5?$CFY?5?$CI?$CFH?3?$CFM?3?$CFS?$CJ?$AA@ 00406420     ErrorMgr.obj
 0003:00000438       ??_C@_09KFPK@crash?4log?$AA@ 00406438     ErrorMgr.obj
 0003:00000444       ??_C@_0BK@HDOL@Cannot?5write?5to?5file?5?$CC?$CFs?$CC?$AA@ 00406444     ErrorMgr.obj
 0003:00000460       ??_C@_01FNLH@a?$AA@        00406460     ErrorMgr.obj
 0003:00000464       ??_C@_01LLF@w?$AA@         00406464     ErrorMgr.obj
 0003:00000468       ??_R0H@8                   00406468     ErrorMgr.obj
 0003:00000474       ??_C@_0BH@BBA@?6?6Recursive?5error?3?5?$CFs?6?$AA@ 00406474     ErrorMgr.obj
 0003:0000048c       ??_C@_0N@EEOP@?$FO1ERROR?3?5?$CFs?6?$AA@ 0040648c     ErrorMgr.obj
 0003:0000049c       ??_C@_03IMDO@?$CFs?3?$AA@  0040649c     ErrorMgr.obj
 0003:000004a0       ??_C@_07MEHP@?5?$DM?9?5?$CFs?3?$AA@ 004064a0     ErrorMgr.obj
 0003:000004a8       ??_C@_0M@POPK@History?3?6?5?5?$AA@ 004064a8     ErrorMgr.obj
 0003:000004b4       ??_C@_0BL@KGJH@General?5Protection?5Fault?5?$CB?$AA@ 004064b4     ErrorMgr.obj
 0003:000004d0       ??_C@_05COLM@error?$AA@    004064d0     ErrorMgr.obj
 0003:000004d8       ??_C@_02DILL@?$CFs?$AA@    004064d8     ErrorMgr.obj
 0003:000004dc       ??_C@_06IGAP@?9stack?$AA@  004064dc     ErrorMgr.obj
 0003:000004e4       ??_C@_0BD@EHDG@testing?5drop?5error?$AA@ 004064e4     ErrorMgr.obj
 0003:000004f8       ??_C@_05PJCB@?9drop?$AA@   004064f8     ErrorMgr.obj
 0003:00000500       ??_C@_04FENK@?9gpf?$AA@    00406500     ErrorMgr.obj
 0003:00000508       ??_C@_0BA@PMOD@?5?4?4?4?5?$CIoverflow?$CJ?$AA@ 00406508     Strings.obj
 0003:00000518       ??_C@_0CN@BGKK@appSprintf?3?5overflow?5of?5?$CFd?5?$CIcall@ 00406518     Strings.obj
 0003:00000548       ??_C@_0N@NGLF@Package?3?5?$CFs?6?$AA@ 00406548     CoreWin32.obj
 0003:00000558       ??_C@_0BA@MNDD@?$CFs?6?6History?3?5?$CFs?$AA@ 00406558     CoreWin32.obj
 0003:00000568       ??_C@_0BA@FBGF@?$CFs?3?5fatal?5error?$AA@ 00406568     CoreWin32.obj
 0003:00000578       ??_C@_0BF@JFNP@Unknown?5386?1486?5CPU?6?$AA@ 00406578     CoreWin32.obj
 0003:00000590       ??_C@_02DIMO@?$FN?6?$AA@   00406590     CoreWin32.obj
 0003:00000594       ??_C@_07FJPN@3DNow?$CB?5?$AA@ 00406594     CoreWin32.obj
 0003:0000059c       ??_C@_06JFCH@RDTSC?5?$AA@  0040659c     CoreWin32.obj
 0003:000005a4       ??_C@_05NKJE@SSE2?5?$AA@   004065a4     CoreWin32.obj
 0003:000005ac       ??_C@_04IIOM@SSE?5?$AA@    004065ac     CoreWin32.obj
 0003:000005b4       ??_C@_04OGOE@MMX?5?$AA@    004065b4     CoreWin32.obj
 0003:000005bc       ??_C@_04PBEF@FPU?5?$AA@    004065bc     CoreWin32.obj
 0003:000005c4       ??_C@_0N@BFKL@CPU?5caps?3?5?$FL?5?$AA@ 004065c4     CoreWin32.obj
 0003:000005d4       ??_C@_0O@KPHI@CPU?5name?3?5?$CFs?6?$AA@ 004065d4     CoreWin32.obj
 0003:000005e4       ??_C@_0BD@ELIH@CPU?5speed?3?5?$CFg?5MHz?6?$AA@ 004065e4     CoreWin32.obj
 0003:000005f8       ??_C@_05MIHC@?$CFs?$CB?$CFs?$AA@ 004065f8     DbgSymbolsWin32.obj
 0003:00000600       ??_C@_03HAMA@?$CD?$CFd?$AA@ 00406600     DbgSymbolsWin32.obj
 0003:00000604       ??_C@_02DIPJ@GS?$AA@       00406604     ExceptFilterWin32.obj
 0003:00000608       ??_C@_02COFD@FS?$AA@       00406608     ExceptFilterWin32.obj
 0003:0000060c       ??_C@_02BFKM@ES?$AA@       0040660c     ExceptFilterWin32.obj
 0003:00000610       ??_C@_02DAG@DS?$AA@        00406610     ExceptFilterWin32.obj
 0003:00000614       ??_C@_02IPK@SS?$AA@        00406614     ExceptFilterWin32.obj
 0003:00000618       ??_C@_02GCFD@CS?$AA@       00406618     ExceptFilterWin32.obj
 0003:0000061c       ??_C@_03JKAN@EIP?$AA@      0040661c     ExceptFilterWin32.obj
 0003:00000620       ??_C@_03BEKG@EBP?$AA@      00406620     ExceptFilterWin32.obj
 0003:00000624       ??_C@_03GIKF@ESP?$AA@      00406624     ExceptFilterWin32.obj
 0003:00000628       ??_C@_03DEAG@EDI?$AA@      00406628     ExceptFilterWin32.obj
 0003:0000062c       ??_C@_03DPPK@ESI?$AA@      0040662c     ExceptFilterWin32.obj
 0003:00000630       ??_C@_03DHOB@EDX?$AA@      00406630     ExceptFilterWin32.obj
 0003:00000634       ??_C@_03FGLE@ECX?$AA@      00406634     ExceptFilterWin32.obj
 0003:00000638       ??_C@_03EABO@EBX?$AA@      00406638     ExceptFilterWin32.obj
 0003:0000063c       ??_C@_03HLOB@EAX?$AA@      0040663c     ExceptFilterWin32.obj
 0003:00000640       ??_C@_01BJG@?6?$AA@        00406640     ExceptFilterWin32.obj
 0003:00000644       ??_C@_08IFFN@?6Stack?3?6?$AA@ 00406644     ExceptFilterWin32.obj
 0003:00000650       ??_C@_0BA@FDKH@?5?5EFLAGS?3?5?$CF08X?6?$AA@ 00406650     ExceptFilterWin32.obj
 0003:00000660       ??_C@_0M@DCCB@Registers?3?6?$AA@ 00406660     ExceptFilterWin32.obj
 0003:0000066c       ??_C@_0L@OIHI@?$CFs?5at?5?$CC?$CFs?$CC?$AA@ 0040666c     ExceptFilterWin32.obj
 0003:00000678       ??_C@_0BB@LNPF@Access?5violation?$AA@ 00406678     ExceptFilterWin32.obj
 0003:0000068c       ??_C@_0P@JMBO@Illegal?5opcode?$AA@ 0040668c     ExceptFilterWin32.obj
 0003:0000069c       ??_C@_0BC@ILAJ@Float?5zero?5divide?$AA@ 0040669c     ExceptFilterWin32.obj
 0003:000006b0       ??_C@_0BE@GCEA@Integer?5zero?5divide?$AA@ 004066b0     ExceptFilterWin32.obj
 0003:000006c4       ??_C@_0BH@HFFE@Priveleged?5instruction?$AA@ 004066c4     ExceptFilterWin32.obj
 0003:000006dc       ??_C@_0P@BMBP@Stack?5overflow?$AA@ 004066dc     ExceptFilterWin32.obj
 0003:000006ec       ??_C@_09EMAD@Exception?$AA@ 004066ec     ExceptFilterWin32.obj
 0003:000006f8       ??_C@_02JBML@?$CFc?$AA@    004066f8     ExceptFilterWin32.obj
 0003:000006fc       ??_C@_02IHLC@?5?5?$AA@     004066fc     ExceptFilterWin32.obj
 0003:00000700       ??_C@_05LHOL@?5?$CF02X?$AA@ 00406700     ExceptFilterWin32.obj
 0003:00000708       ??_C@_06BCOJ@?5?$DMN?1A?$DO?$AA@ 00406708     ExceptFilterWin32.obj
 0003:00000710       ??_C@_0N@IODG@?5?5?$CFs?3?5?$CF08X?5?5?$AA@ 00406710     ExceptFilterWin32.obj
 0003:00000720       ??_C@_0L@JJGB@?5?5?$CFs?3?5?$CF04X?$AA@ 00406720     ExceptFilterWin32.obj
 0003:0000072c       ??_C@_08NLFG@?5?5?$DMN?1A?$DO?6?$AA@ 0040672c     ExceptFilterWin32.obj
 0003:00000738       ??_C@_06LDKA@?$CFs?$CF08X?$AA@ 00406738     ExceptFilterWin32.obj
 0003:00000740       ??_C@_06ONMO@?6?5?5?5?5?5?$AA@ 00406740     ExceptFilterWin32.obj
 0003:00000748       ??_C@_0O@CNMB@?$CFs?$CFs?$CF08X?5?$DN?5?$CFs?$AA@ 00406748     ExceptFilterWin32.obj
 0003:00000758       ??_C@_04HGCK@?$CFs?9?$DO?$AA@ 00406758     ExceptFilterWin32.obj
 0003:00000760       ??_C@_05GLIP@?5?5?5?5?5?$AA@ 00406760     ExceptFilterWin32.obj
 0003:00000768       ??_C@_03HBPG@?$CFs?$CC?$AA@ 00406768     ExceptFilterWin32.obj
 0003:0000076c       ??_C@_03NAME@?4?4?4?$AA@   0040676c     ExceptFilterWin32.obj
 0003:00000770       ??_C@_02HDBI@?2n?$AA@      00406770     ExceptFilterWin32.obj
 0003:00000774       ??_C@_04JBJI@?5?$DN?5?$CC?$AA@ 00406774     ExceptFilterWin32.obj
 0003:00000780       ?tests@@3PADA              00406780     TestApp.obj
 0003:00000898       ??_C@_04FBGA@xcpt?$AA@     00406898     TestApp.obj
 0003:000008a0       ??_C@_04FKOI@quit?$AA@     004068a0     TestApp.obj
 0003:000008a8       ??_C@_05OPGF@f?$DN?$CFg?6?$AA@ 004068a8     TestApp.obj
 0003:000008b0       ??_C@_06GDKF@?$CFs?5?$CFf?6?$AA@ 004068b0     TestApp.obj
 0003:000008b8       ??_C@_08HLCJ@123?$CFs288?$AA@ 004068b8     TestApp.obj
 0003:000008c4       ??_C@_06LGDB@asksjk?$AA@   004068c4     TestApp.obj
 0003:000008d0       ??_R0PAX@8                 004068d0     TestApp.obj
 0003:000008e0       ??_R0PAD@8                 004068e0     TestApp.obj
 0003:000008f0       ??_C@_0BP@JJJM@Testing?3?5?$CCa?5?$DN?5i?5?1?5?$CIargc?5?9?52?$CJ?$CC?6?$AA@ 004068f0     TestApp.obj
 0003:00000910       ??_C@_0BM@MCAA@Testing?3?5?$CC?$CK?$CI?$CIbyte?$CK?$CJ0?$CJ?5?$DN?50?$CC?6?$AA@ 00406910     TestApp.obj
 0003:0000092c       ??_C@_0BJ@GJNL@Testing?3?5?$CCcrash?$CItests?$CJ?$CC?6?$AA@ 0040692c     TestApp.obj
 0003:00000948       ??_C@_0CE@ELJJ@Testing?3?5?$CC?$CI?$CIvoid?5?$CI?$CK?$CJ?$CIvoid?$CJ?$CJ?50?$CJ?5?$CI@ 00406948     TestApp.obj
 0003:0000096c       ??_C@_0CB@GMLJ@Testing?3?5?$CCappStrcmp?5?$CI0?0?5tests?$CJ?$CC?6@ 0040696c     TestApp.obj
 0003:00000990       ??_C@_0CM@JLJO@Testing?3?5?$CCsprintf?5?$CI?$CIchar?$CK?$CJ1?0?5?$CC?$CFs@ 00406990     TestApp.obj
 0003:000009bc       ??_C@_09FAG@exception?$AA@ 004069bc     TestApp.obj
 0003:000009c8       ??_C@_0BO@HKPE@Testing?3?5?$CCthrow?5?$CCexception?$CC?$CC?6?$AA@ 004069c8     TestApp.obj
 0003:000009e8       ??_C@_0BD@ECPN@?4?4?5arg?$FL?$CFd?$FN?5?$DN?5?$DM?$CFs?$DO?6?$AA@ 004069e8     TestApp.obj
 0003:000009fc       ??_C@_0BB@OMEE@cmd1?5?9?5args?3?5?$CFd?6?$AA@ 004069fc     TestApp.obj
 0003:00000a10       ??_C@_0BG@IBDI@uncol?5?$CI?$CC?$CFs?$CC?$CJ?5?9?$DO?5?$CC?$CFs?$CC?6?$AA@ 00406a10     TestApp.obj
 0003:00000a28       ??_C@_0BC@GKBH@clen?5?$CI?$CC?$CFs?$CC?$CJ?5?$DN?5?$CFd?6?$AA@ 00406a28     TestApp.obj
 0003:00000a3c       ??_C@_0O@FBHA@?4?4?4?5ret?5?$DN?5?$CFX?6?$AA@ 00406a3c     TestApp.obj
 0003:00000a4c       ??_C@_0BA@HD@alloc?3?5?$CFd?5?$FL?$CFd?$FN?6?$AA@ 00406a4c     TestApp.obj
 0003:00000a5c       ??_C@_0BA@EEIA@called?5?$CCusage?$CC?6?$AA@ 00406a5c     TestApp.obj
 0003:00000a6c       ??_C@_0O@MKHE@usage?3?5usage?6?$AA@ 00406a6c     TestApp.obj
 0003:00000a7c       ??_C@_0O@PFIK@args?5cmd?3?5?$CFd?6?$AA@ 00406a7c     TestApp.obj
 0003:00000a8c       ??_C@_0O@OIJM@both?5cmd?3?5?$CFd?6?$AA@ 00406a8c     TestApp.obj
 0003:00000a9c       ??_C@_0BE@MKCF@usage?3?5both?5?$FLargs?$FN?6?$AA@ 00406a9c     TestApp.obj
 0003:00000ab0       ??_C@_0L@GFGG@?$FL?$CFc?$CFc?$FN?5?$CFs?6?$AA@ 00406ab0     TestApp.obj
 0003:00000abc       ??_C@_01FDHG@?$CK?$AA@     00406abc     TestApp.obj
 0003:00000ac0       ??_C@_0BG@MNKM@Usage?3?5sym?5?$DMaddress?$DO?6?$AA@ 00406ac0     TestApp.obj
 0003:00000ad8       ??_C@_03HHKO@?$CFs?6?$AA@  00406ad8     TestApp.obj
 0003:00000adc       ??_C@_07MNBK@failed?6?$AA@ 00406adc     TestApp.obj
 0003:00000ae4       ??_C@_0BI@LIDH@Info?5on?5address?5?$CF08X?5?3?5?$AA@ 00406ae4     TestApp.obj
 0003:00000afc       ??_C@_0BE@GIPN@ERROR?3?5bad?5command?6?$AA@ 00406afc     TestApp.obj
 0003:00000b10       ??_C@_01FAFK@?$DO?$AA@     00406b10     TestApp.obj
 0003:00000b14       ??_C@_03FNN@sym?$AA@       00406b14     TestApp.obj
 0003:00000b18       ??_C@_03FIFC@dir?$AA@      00406b18     TestApp.obj
 0003:00000b1c       ??_C@_05FADL@alloc?$AA@    00406b1c     TestApp.obj
 0003:00000b24       ??_C@_04OBLM@clen?$AA@     00406b24     TestApp.obj
 0003:00000b2c       ??_C@_05LHNG@uncol?$AA@    00406b2c     TestApp.obj
 0003:00000b34       ??_C@_04LBKE@both?$AA@     00406b34     TestApp.obj
 0003:00000b3c       ??_C@_05JHCL@usage?$AA@    00406b3c     TestApp.obj
 0003:00000b44       ??_C@_04CGOG@args?$AA@     00406b44     TestApp.obj
 0003:00000b4c       ??_C@_0CN@OLID@RegisterCommand?3?5?$CC?$CFs?$CC?5is?5already@ 00406b4c     Commands.obj
 0003:00000b7c       ??_C@_0CA@PNBF@No?5usage?5info?5for?5command?5?$CC?$CFs?$CC?6?$AA@ 00406b7c     Commands.obj
 0003:00000b9c       ??_C@_02PLJO@?1?$DP?$AA@   00406b9c     Commands.obj
 0003:00000ba0       ??_C@_0BH@OFAE@GetArgs?3?5MAX_ARGS?5hit?6?$AA@ 00406ba0     Commands.obj
 0003:00000bb8       ??_C@_07KFEL@cmdlist?$AA@  00406bb8     Commands.obj
 0003:00000bc0       ??_C@_04EDEH@echo?$AA@     00406bc0     Commands.obj
 0003:00000bc8       ??_C@_03HKGO@?5?$CFs?$AA@  00406bc8     Commands.obj
 0003:00000bcc       ??_C@_0BJ@PKNG@Usage?3?5cmdlist?5?$FL?$DMmask?$DO?$FN?6?$AA@ 00406bcc     Commands.obj
 0003:00000be8       ??_C@_0BK@HMMH@Displayed?5?$CFd?1?$CFd?5commands?6?$AA@ 00406be8     Commands.obj
 0003:00000c04       ??_C@_0P@CNAN@?$CF?93d?5?$CFc?5?$CFc?5?$CFs?6?$AA@ 00406c04     Commands.obj
 0003:00000c14       ??_C@_0BO@OMDO@?9?9?9?9i?9a?9name?9?9?9?9?9?9?9?9?9?9?9?9?9?9?9?9?6?$AA@ 00406c14     Commands.obj
 0003:00000c40       ??_R0?AVtype_info@@@8      00406c40     MSVCRT:ti_inst.obj
 0003:00000c58       ___defaultmatherr          00406c58     MSVCRT:merr.obj
 0003:00000de4       ?first@CMemoryChain@@0PAV1@A 00406de4     Memory.obj
 0003:00000dec       ?GCurrentMemAllocator@@3IA 00406dec     Memory.obj
 0003:00000df8       ?first@FMemHeader@@2PAU1@A 00406df8     Memory.obj
 0003:00000e08       ??_C@_00A@?$AA@            00406e08     Memory.obj
 0003:00000e90       ?GErr@@3VCErrorHandler@@A  00406e90     ErrorMgr.obj
 0003:000017a4       ?GIsFatalError@@3_NA       004077a4     ErrorMgr.obj
 0003:00001fc0       ?GSecondsPerCycle@@3NA     00407fc0     CoreWin32.obj
 0003:00001fc8       ?GMSecondsPerCycle@@3NA    00407fc8     CoreWin32.obj
 0003:00002a14       __dowildcard               00408a14     MSVCRT:wildcard.obj
 0003:00002a18       __newmode                  00408a18     MSVCRT:_newmode.obj
 0003:00002a1c       __commode                  00408a1c     MSVCRT:xncommod.obj
 0003:00002a20       __fmode                    00408a20     MSVCRT:xtxtmode.obj
 0003:00002a24       __adjust_fdiv              00408a24     <common>
 0003:00002a28       ___onexitend               00408a28     <common>
 0003:00002a2c       ___onexitbegin             00408a2c     <common>

 entry point at        0001:00002f26

 Static symbols

 0001:000027bd       _$E3                       004037bd f   Commands.obj
 0001:000027c2       _$E2                       004037c2 f   Commands.obj
 0001:000027ca       _$E6                       004037ca f   Commands.obj
 0001:000027cf       _$E5                       004037cf f   Commands.obj
 0001:00002a1a       ?GetArgs@@YAXPBD_N@Z       00403a1a f   Commands.obj
 0001:00002c0c       ?InitCommands@@YAXXZ       00403c0c f   Commands.obj
 0001:00002c32       ?Cmd_Echo@@YAXHPAPAD@Z     00403c32 f   Commands.obj
 0001:00002c75       ?Cmd_CmdList@@YAX_NHPAPAD@Z 00403c75 f   Commands.obj
 0001:00002147       _$E5                       00403147 f   TestApp.obj
 0001:00002151       _$E2                       00403151 f   TestApp.obj
 0001:00002173       _$E4                       00403173 f   TestApp.obj
 0001:0000217f       _$E3                       0040317f f   TestApp.obj
 0001:00001e49       ?DumpReg4@@YAXPAVCOutputDevice@@PBDI@Z 00402e49 f   ExceptFilterWin32.obj
 0001:00001ee3       ?DumpReg2@@YAXPAVCOutputDevice@@PBDK@Z 00402ee3 f   ExceptFilterWin32.obj
 0001:00001efd       ?DumpMem@@YAXPAVCOutputDevice@@PBIPAU_CONTEXT@@@Z 00402efd f   ExceptFilterWin32.obj
 0001:0000208a       ?IsString@@YA_NPBD@Z       0040308a f   ExceptFilterWin32.obj
 0001:000020cb       ?DumpString@@YA_NPAVCOutputDevice@@PBD@Z 004030cb f   ExceptFilterWin32.obj
 0001:00001803       ?CheckCpuModel@@YAXXZ      00402803 f   CoreWin32.obj
 0001:000019b4       ?CheckCpuSpeed@@YAXXZ      004029b4 f   CoreWin32.obj
 0001:00000d67       _$E5                       00401d67 f   ErrorMgr.obj
 0001:00000d71       _$E2                       00401d71 f   ErrorMgr.obj
 0001:00000e0f       _$E4                       00401e0f f   ErrorMgr.obj
 0001:00000e1b       _$E3                       00401e1b f   ErrorMgr.obj
 0001:0000106f       ?LogHistory@@YAXPBD@Z      0040206f f   ErrorMgr.obj
 0001:000011b6       ?Cmd_Error@@YAXHPAPAD@Z    004021b6 f   ErrorMgr.obj
 0001:00000433       ?OutOfMemory@@YAXXZ        00401433 f   Memory.obj
 0001:00000637       ?Cmd_Meminfo@@YAXXZ        00401637 f   Memory.obj
 0001:00000662       ?Cmd_DumpAllocs@@YAXXZ     00401662 f   Memory.obj
 0001:0000071e       ?BuildAllocatorsTable@@YAHPAXH@Z 0040171e f   Memory.obj
 0001:00000880       ?CompareAllocators@@YAHPBUFAllocatorInfo@@0@Z 00401880 f   Memory.obj
 0001:0000088d       ?Cmd_MarkAllocs@@YAX_N@Z   0040188d f   Memory.obj
 0001:00000925       ?Cmd_CheckAllocs@@YAX_N@Z  00401925 f   Memory.obj
