 Quake2

 Timestamp is 460f7ebb (Sun Apr 01 13:43:23 2007)

 Preferred load address is 00400000

 Start         Length     Name                   Class
 0001:00000000 00069260H .text                   CODE
 0002:00000000 00000290H .idata$5                DATA
 0002:00000290 000076b4H .rdata                  DATA
 0002:00007948 00000044H .rdata$r                DATA
 0002:00007990 00000038H .xdata$x                DATA
 0002:000079c8 00000078H .idata$2                DATA
 0002:00007a40 00000014H .idata$3                DATA
 0002:00007a54 00000290H .idata$4                DATA
 0002:00007ce4 00000858H .idata$6                DATA
 0002:0000853c 00000000H .edata                  DATA
 0003:00000000 00000004H .CRT$XCA                DATA
 0003:00000004 00000088H .CRT$XCU                DATA
 0003:0000008c 00000004H .CRT$XCZ                DATA
 0003:00000090 00000004H .CRT$XIA                DATA
 0003:00000094 00000004H .CRT$XIZ                DATA
 0003:000000a0 0000e82cH .data                   DATA
 0003:0000e8d0 00460498H .bss                    DATA
 0004:00000000 00000130H .rsrc$01                DATA
 0004:00000130 00003f20H .rsrc$02                DATA

  Address         Publics by Value              Rva+Base     Lib:Object

 0001:00000000       ??3@YAXPAX@Z               00401000 f i CoreMain.obj
 0001:0000000e       ?appTimestamp@@YAPBDXZ     0040100e f   CoreMain.obj
 0001:00000043       ?appInit@@YAXXZ            00401043 f   CoreMain.obj
 0001:000000c3       ?appExit@@YAXXZ            004010c3 f   CoreMain.obj
 0001:000000cd       ?appMilliseconds@@YAIXZ    004010cd f   CoreWin32.obj
 0001:000000d3       ?appPackage@@YAPBDXZ       004010d3 f   CoreWin32.obj
 0001:0000012a       ?appGetSystemErrorMessage@@YAPBDI@Z 0040112a f   CoreWin32.obj
 0001:0000018e       ?appDisplayError@@YAXXZ    0040118e f   CoreWin32.obj
 0001:000001df       ?appInitPlatform@@YAXXZ    004011df f   CoreWin32.obj
 0001:00000372       ?appShutdownPlatform@@YAXXZ 00401372 f   CoreWin32.obj
 0001:0000037b       ?sprintf@?$TString@$0BAA@@@QAAHPBDZZ 0040137b f i CoreWin32.obj
 0001:000003a2       ?appDetectCPU@@YAXXZ       004013a2 f   CoreCpuid.obj
 0001:00000656       ?appLoadDebugSymbols@@YAXXZ 00401656 f   DbgSymbols.obj
 0001:00000813       ?appSymbolName@@YA_NIPADH@Z 00401813 f   DbgSymbols.obj
 0001:00000909       ?appSymbolName@@YAPBDI@Z   00401909 f   DbgSymbols.obj
 0001:00000941       ?osGetAddressPackage@@YA_NIPADHAAH@Z 00401941 f   DbgSymbolsWin32.obj
 0001:000009d5       ?osGetAddressSymbol@@YA_NIPADHAAH@Z 004019d5 f   DbgSymbolsWin32.obj
 0001:00000b7b       ?appMalloc@@YAPAXIH@Z      00401b7b f   Memory.obj
 0001:00000c80       ?appFree@@YAXPAX@Z         00401c80 f   Memory.obj
 0001:00000cff       ?Unlink@FMemHeader@@QAEXXZ 00401cff f i Memory.obj
 0001:00000d2a       ?Link@CMemoryChain@@AAEXXZ 00401d2a f   Memory.obj
 0001:00000d49       ?Unlink@CMemoryChain@@AAEXXZ 00401d49 f   Memory.obj
 0001:00000d74       ??2CMemoryChain@@SAPAXIH@Z 00401d74 f   Memory.obj
 0001:00000e3d       ??3CMemoryChain@@SAXPAX@Z  00401e3d f   Memory.obj
 0001:00000ebe       ?Alloc@CMemoryChain@@QAEPAXIH@Z 00401ebe f   Memory.obj
 0001:00000f8a       ?GetSize@CMemoryChain@@QAEHXZ 00401f8a f   Memory.obj
 0001:00000f98       ?BuildAllocatorsTable@@YAHPAXH@Z 00401f98 f   Memory.obj
 0001:00001105       ?appInitMemory@@YAXXZ      00402105 f   Memory.obj
 0001:000014ed       ?Write@COutputDeviceNull@@UAEXPBD@Z 004024ed f i OutputDevice.obj
 0001:000014ed       ?Tesselate@surfaceNull_t@OpenGLDrv@@UAEXAAUrefEntity_t@2@@Z 004024ed f i OutputDevice.obj
 0001:00001507       ??_GCOutputDeviceNull@@UAEPAXI@Z 00402507 f i OutputDevice.obj
 0001:00001507       ??_ECOutputDevice@@UAEPAXI@Z 00402507 f i OutputDevice.obj
 0001:00001507       ??_GCOutputDevice@@UAEPAXI@Z 00402507 f i OutputDevice.obj
 0001:00001507       ??_ECOutputDeviceNull@@UAEPAXI@Z 00402507 f i OutputDevice.obj
 0001:0000154a       ?Write@COutputDeviceLog@@UAEXPBD@Z 0040254a f i OutputDevice.obj
 0001:00001595       ??_GCOutputDeviceLog@@UAEPAXI@Z 00402595 f i OutputDevice.obj
 0001:00001595       ??_ECOutputDeviceLog@@UAEPAXI@Z 00402595 f i OutputDevice.obj
 0001:000015b5       ?Printf@COutputDevice@@QAAXPBDZZ 004025b5 f   OutputDevice.obj
 0001:00001626       ?Register@COutputDevice@@QAEXXZ 00402626 f   OutputDevice.obj
 0001:00001682       ?Unregister@COutputDevice@@QAEXXZ 00402682 f   OutputDevice.obj
 0001:000016d5       ?appPrintf@@YAXPBDZZ       004026d5 f   OutputDevice.obj
 0001:0000180c       ?appWPrintf@@YAXPBDZZ      0040280c f   OutputDevice.obj
 0001:0000186f       ??0COutputDeviceMemTail@@QAE@H@Z 0040286f f i ErrorMgr.obj
 0001:000018a0       ?Write@COutputDeviceMemTail@@UAEXPBD@Z 004028a0 f i ErrorMgr.obj
 0001:000019bc       ??_ECOutputDeviceMemTail@@UAEPAXI@Z 004029bc f i ErrorMgr.obj
 0001:000019bc       ??_GCOutputDeviceMemTail@@UAEPAXI@Z 004029bc f i ErrorMgr.obj
 0001:000019db       ??1COutputDeviceMemTail@@UAE@XZ 004029db f i ErrorMgr.obj
 0001:00001a24       ??0COutputDeviceFile@@QAE@XZ 00402a24 f i ErrorMgr.obj
 0001:00001a39       ?Write@COutputDeviceFile@@UAEXPBD@Z 00402a39 f i ErrorMgr.obj
 0001:00001a90       ?Flush@COutputDeviceFile@@UAEXXZ 00402a90 f i ErrorMgr.obj
 0001:00001aa0       ?Close@COutputDeviceFile@@UAEXXZ 00402aa0 f i ErrorMgr.obj
 0001:00001ab8       ??_ECOutputDeviceFile@@UAEPAXI@Z 00402ab8 f i ErrorMgr.obj
 0001:00001ab8       ??_GCOutputDeviceFile@@UAEPAXI@Z 00402ab8 f i ErrorMgr.obj
 0001:00001ad7       ??1COutputDeviceFile@@UAE@XZ 00402ad7 f i ErrorMgr.obj
 0001:00001b16       ?appBeginError@@YAPAVCOutputDevice@@PBD@Z 00402b16 f   ErrorMgr.obj
 0001:00001be0       ?appGetErrorLog@@YAPAVCOutputDevice@@XZ 00402be0 f   ErrorMgr.obj
 0001:00001c4b       ?Open@COutputDeviceFile@@QAEXPBD_N@Z 00402c4b f i ErrorMgr.obj
 0001:00001c91       ?appFatalError@@YAXPBDZZ   00402c91 f   ErrorMgr.obj
 0001:00001ce7       ?appNonFatalError@@YAXPBDZZ 00402ce7 f   ErrorMgr.obj
 0001:00001d49       ?appUnwindPrefix@@YAXPBD@Z 00402d49 f   ErrorMgr.obj
 0001:00001dfb       ?appUnwindThrow@@YAXPBDZZ  00402dfb f   ErrorMgr.obj
 0001:00001e71       ?Reset@CErrorHandler@@QAEXXZ 00402e71 f   ErrorMgr.obj
 0001:00001ea1       ?appInitError@@YAXXZ       00402ea1 f   ErrorMgr.obj
 0001:00001f96       ?appShutdownError@@YAXXZ   00402f96 f   ErrorMgr.obj
 0001:00002020       ?GetTail@COutputDeviceMemTail@@QAEPBDH@Z 00403020 f i ErrorMgr.obj
 0001:00002046       ?sprintf@?$TString@$0CAA@@@QAAHPBDZZ 00403046 f i ErrorMgr.obj
 0001:0000206d       ?win32ExceptFilter@@YGJPAU_EXCEPTION_POINTERS@@@Z 0040306d f   ExceptHandlerWin32.obj
 0001:00002210       ?win32ExceptFilter2@@YAIXZ 00403210 f   ExceptHandlerWin32.obj
 0001:00002219       ?sprintf@?$TString@$0EAA@@@QAAHPBDZZ 00403219 f i ExceptHandlerWin32.obj
 0001:00002240       ?DumpRegs@@YAXPAVCOutputDevice@@PAU_CONTEXT@@@Z 00403240 f   ExceptDumpers.obj
 0001:00002351       ?DumpMem@@YAXPAVCOutputDevice@@PBIPAU_CONTEXT@@@Z 00403351 f   ExceptDumpers.obj
 0001:00002590       ?UnwindEbpFrame@@YAXPAVCOutputDevice@@PBI@Z 00403590 f   ExceptDumpers.obj
 0001:00002621       ?GetLine@CSimpleParser@@QAEPBDXZ 00403621 f   ScriptParser.obj
 0001:00002738       ?SkipBraces@CSimpleParser@@QAEPBDXZ 00403738 f   ScriptParser.obj
 0001:0000276e       ?appStricmp@@YAHPBD0@Z     0040376e f   Strings.obj
 0001:000027a5       ?toLower@@YADD@Z           004037a5 f i Strings.obj
 0001:000027c0       ?appStrncpylwr@@YAXPADPBDH@Z 004037c0 f   Strings.obj
 0001:000027f8       ?appStrncpyz@@YAXPADPBDH@Z 004037f8 f   Strings.obj
 0001:00002825       ?appStrcatn@@YAXPADHPBD@Z  00403825 f   Strings.obj
 0001:00002851       ?appCopyFilename@@YAXPADPBDH@Z 00403851 f   Strings.obj
 0001:00002979       ?appCStrlen@@YAHPBD@Z      00403979 f   Strings.obj
 0001:000029a1       ?appUncolorizeString@@YAXPADPBD@Z 004039a1 f   Strings.obj
 0001:000029d3       ?va@@YAPBDPBDZZ            004039d3 f   Strings.obj
 0001:00002ac7       ?appSprintf@@YAHPADHPBDZZ  00403ac7 f   Strings.obj
 0001:00002b66       ?appMatchWildcard@@YA_NPBD0_N@Z 00403b66 f   Strings.obj
 0001:00002daa       ?appIsWildcard@@YA_NPBD@Z  00403daa f   Strings.obj
 0001:00002dd6       ?appStrdup@@YAPADPBD@Z     00403dd6 f   Strings.obj
 0001:00002e17       ?appStrdup@@YAPADPBDPAVCMemoryChain@@@Z 00403e17 f   Strings.obj
 0001:00002e4c       ??0CStringItem@@QAE@XZ     00403e4c f   Strings.obj
 0001:00002e57       ??2CStringItem@@SAPAXIPBD@Z 00403e57 f   Strings.obj
 0001:00002ef1       ??2CStringItem@@SAPAXIPBDPAVCMemoryChain@@@Z 00403ef1 f   Strings.obj
 0001:00002f66       ?Find@CStringList@@IAEPAVCStringItem@@PBDPAPAV2@@Z 00403f66 f   Strings.obj
 0001:00002ff1       ?Find@CStringList@@IAEPAVCStringItem@@H@Z 00403ff1 f   Strings.obj
 0001:0000305d       ?IndexOf@CStringList@@QAEHPBD@Z 0040405d f   Strings.obj
 0001:000030df       ?Remove@CStringList@@QAE_NPAVCStringItem@@@Z 004040df f   Strings.obj
 0001:00003163       ?Add@CTextContainer@@QAEPAUCTextRec@@PBD@Z 00404163 f   TextContainer.obj
 0001:0000320f       ?Enumerate@CTextContainer@@QAEXP6AXPBUCTextRec@@@Z@Z 0040420f f   TextContainer.obj
 0001:0000327b       ?SubtractPath@@YAPBDPBD0@Z 0040427b f   FileSystem.obj
 0001:00003313       ?appMakeDirectoryForFile@@YAXPBD@Z 00404313 f   FileSystem.obj
 0001:00003349       ?appOpenFile@@YAPAVCFile@@PBD@Z 00404349 f   FileSystem.obj
 0001:00003386       ?Read@CFileOS@@UAEHPAXH@Z  00404386 f i FileSystem.obj
 0001:000033ad       ?GetSize@CFileOS@@UAEHXZ   004043ad f i FileSystem.obj
 0001:000033f8       ?Eof@CFileOS@@UAE_NXZ      004043f8 f i FileSystem.obj
 0001:0000340c       ??_ECFileOS@@UAEPAXI@Z     0040440c f i FileSystem.obj
 0001:0000340c       ??_GCFileOS@@UAEPAXI@Z     0040440c f i FileSystem.obj
 0001:00003441       ??_ECFile@@UAEPAXI@Z       00404441 f i FileSystem.obj
 0001:00003441       ??_GCFile@@UAEPAXI@Z       00404441 f i FileSystem.obj
 0001:00003461       ?ReadByte@CFile@@QAEEXZ    00404461 f   FileSystem.obj
 0001:00003479       ?ReadInt@CFile@@QAEHXZ     00404479 f   FileSystem.obj
 0001:00003491       ?ReadString@CFile@@QAEXPADH@Z 00404491 f   FileSystem.obj
 0001:000034ce       ?GetType@CFileContainer@@MAEPBDXZ 004044ce f   FileSystem.obj
 0001:000034d4       ?Mount@CFileSystem@@QAEXAAVCFileContainer@@PBD@Z 004044d4 f   FileSystem.obj
 0001:0000352a       ?Umount@CFileSystem@@QAEXAAVCFileContainer@@@Z 0040452a f   FileSystem.obj
 0001:00003564       ?MountDirectory@CFileSystem@@QAEPAVCFileContainer@@PBD0@Z 00404564 f   FileSystem.obj
 0001:000035a9       ?GetType@CFileContainerOS@@MAEPBDXZ 004045a9 f i FileSystem.obj
 0001:000035af       ?FileExists@CFileContainerOS@@UAE_NPBD@Z 004045af f i FileSystem.obj
 0001:000035d9       ?OpenFile@CFileContainerOS@@UAEPAVCFile@@PBD@Z 004045d9 f i FileSystem.obj
 0001:000035f9       ?List@CFileContainerOS@@UAEXAAVCFileList@@PBDI@Z 004045f9 f i FileSystem.obj
 0001:00003622       ??_ECFileContainerOS@@UAEPAXI@Z 00404622 f i FileSystem.obj
 0001:00003622       ??_GCFileContainerOS@@UAEPAXI@Z 00404622 f i FileSystem.obj
 0001:00003642       ??_ECFileContainer@@UAEPAXI@Z 00404642 f i FileSystem.obj
 0001:00003642       ??_GCFileContainer@@UAEPAXI@Z 00404642 f i FileSystem.obj
 0001:00003662       ?MountArchive@CFileSystem@@QAEPAVCFileContainer@@PBD0@Z 00404662 f   FileSystem.obj
 0001:00003779       ?Mount@CFileSystem@@QAEXPBD0@Z 00404779 f   FileSystem.obj
 0001:000039aa       ?Umount@CFileSystem@@QAEXPBD@Z 004049aa f   FileSystem.obj
 0001:00003a46       ?List@CFileSystem@@UAEPAVCFileList@@PBDIPAV2@@Z 00404a46 f   FileSystem.obj
 0001:00003c00       ?RegisterFormat@CFileSystem@@SAXP6APAVCFileContainer@@PBDPAU_iobuf@@@Z@Z 00404c00 f   FileSystem.obj
 0001:00003c44       ?FileExists@CFileSystem@@UAE_NPBDI@Z 00404c44 f   FileSystem.obj
 0001:00003cc3       ?OpenFile@CFileSystem@@UAEPAVCFile@@PBDI@Z 00404cc3 f   FileSystem.obj
 0001:00003d67       ?LoadFile@CFileSystem@@QAEPAXPBDPAI@Z 00404d67 f   FileSystem.obj
 0001:00003e37       ?cMount@@YAX_NHPAPAD@Z     00404e37 f   FileSystem.obj
 0001:00003f75       ?cUmount@@YAX_NHPAPAD@Z    00404f75 f   FileSystem.obj
 0001:00003fa4       ?appInitFileSystem@@YAXAAVCFileSystem@@@Z 00404fa4 f   FileSystem.obj
 0001:00004398       ?appListDirectory@@YAXPBDAAVCFileList@@I@Z 00405398 f   FileSystemWin32.obj
 0001:000045de       ?appMakeDirectory@@YAXPBD@Z 004055de f   FileSystemWin32.obj
 0001:00004648       ?appFileType@@YAIPBD@Z     00405648 f   FileSystemWin32.obj
 0001:00004688       ?FindDir@CFileContainerArc@@IAEPAVFDirInfo@1@PBD_N@Z 00405688 f   FileContainerArc.obj
 0001:00004741       ?FindFile@CFileContainerArc@@IAEPAVCStringItem@@PBD@Z 00405741 f   FileContainerArc.obj
 0001:000047ab       ?FileExists@CFileContainerArc@@UAE_NPBD@Z 004057ab f   FileContainerArc.obj
 0001:000047c0       ?OpenFile@CFileContainerArc@@UAEPAVCFile@@PBD@Z 004057c0 f   FileContainerArc.obj
 0001:000047df       ?List@CFileContainerArc@@UAEXAAVCFileList@@PBDI@Z 004057df f   FileContainerArc.obj
 0001:0000494a       ??E?$TStringSplitter@$0BAA@$0CP@@@QAEXXZ 0040594a f i FileContainerArc.obj
 0001:000049cc       ?GetLength@CVec3@@QAEMXZ   004059cc f   Math3D.obj
 0001:000049f7       ?Normalize@CVec3@@QAEMXZ   004059f7 f   Math3D.obj
 0001:00004a49       ?VectorNormalize@@YAMABUCVec3@@AAU1@@Z 00405a49 f   Math3D.obj
 0001:00004ab3       ?NormalizeFast@CVec3@@QAEMXZ 00405ab3 f   Math3D.obj
 0001:00004b04       ?FindAxisVectors@CVec3@@QBEXAAU1@0@Z 00405b04 f   Math3D.obj
 0001:00004b74       ?cross@@YAXABUCVec3@@0AAU1@@Z 00405b74 f   Math3D.obj
 0001:00004bb0       ?VectorDistance@@YAMABUCVec3@@0@Z 00405bb0 f   Math3D.obj
 0001:00004bdf       ?Setup@CPlane@@QAEXXZ      00405bdf f   Math3D.obj
 0001:00004c8d       ?Clear@CBox@@QAEXXZ        00405c8d f   Math3D.obj
 0001:00004cab       ?Expand@CBox@@QAEXABUCVec3@@@Z 00405cab f   Math3D.obj
 0001:00004cdd       ?Expand@CBox@@QAEXABU1@@Z  00405cdd f   Math3D.obj
 0001:00004d1c       ?GetCenter@CBox@@QBEXAAUCVec3@@@Z 00405d1c f   Math3D.obj
 0001:00004d3f       ?Contains@CBox@@QBE_NABUCVec3@@@Z 00405d3f f   Math3D.obj
 0001:00004d73       ?Intersects@CBox@@QBE_NABU1@@Z 00405d73 f   Math3D.obj
 0001:00004db2       ?OnPlaneSide@CBox@@QBEHABUCPlane@@@Z 00405db2 f   Math3D.obj
 0001:00004ee1       ?FromEuler@CAxis@@QAEXABUCVec3@@@Z 00405ee1 f   Math3D.obj
 0001:00004f20       ?TransformVector@CAxis@@QBEXABUCVec3@@AAU2@@Z 00405f20 f   Math3D.obj
 0001:00004f73       ?UnTransformVector@CAxis@@QBEXABUCVec3@@AAU2@@Z 00405f73 f   Math3D.obj
 0001:00004fd7       ?TransformAxis@CAxis@@QBEXABU1@AAU1@@Z 00405fd7 f   Math3D.obj
 0001:0000501d       ?UnTransformAxis@CAxis@@QBEXABU1@AAU1@@Z 0040601d f   Math3D.obj
 0001:00005063       ?TransformPoint@CCoords@@QBEXABUCVec3@@AAU2@@Z 00406063 f   Math3D.obj
 0001:000050c3       ?UnTransformPoint@CCoords@@QBEXABUCVec3@@AAU2@@Z 004060c3 f   Math3D.obj
 0001:00005130       ?UnTransformCoords@CCoords@@QBEXABU1@AAU1@@Z 00406130 f   Math3D.obj
 0001:0000515c       ?TransformPlane@CCoords@@QBEXABUCPlane@@AAU2@@Z 0040615c f   Math3D.obj
 0001:00005196       ?TransformPoint@@YAXABUCVec3@@ABUCAxis@@0AAU1@@Z 00406196 f   Math3D.obj
 0001:000051f9       ?UnTransformPoint@@YAXABUCVec3@@ABUCAxis@@0AAU1@@Z 004061f9 f   Math3D.obj
 0001:00005269       ?Euler2Vecs@@YAXABUCVec3@@PAU1@11@Z 00406269 f   Math3D.obj
 0001:000053c9       ?Vec2Euler@@YAXABUCVec3@@AAU1@@Z 004063c9 f   Math3D.obj
 0001:000054cc       ?Vec2Yaw@@YAMABUCVec3@@@Z  004064cc f   Math3D.obj
 0001:0000553f       ?appRsqrt@@YAMM@Z          0040653f f   MathMisc.obj
 0001:0000556b       ?NormalizeColor@@YAMABUCVec3@@AAU1@@Z 0040656b f   MathMisc.obj
 0001:000055c9       ?NormalizeColor255@@YAMABUCVec3@@AAU1@@Z 004065c9 f   MathMisc.obj
 0001:0000562b       ?SCR_StopCinematic@@YAXXZ  0040662b f   cl_cin.obj
 0001:000056bf       ?SCR_DrawCinematic@@YA_NXZ 004066bf f   cl_cin.obj
 0001:00005ab6       ?SCR_PlayCinematic@@YAXPBD@Z 00406ab6 f   cl_cin.obj
 0001:00005e0d       ?sprintf@?$TString@$0EA@@@QAAHPBDZZ 00406e0d f i cl_cin.obj
 0001:00005e2e       ?CL_Download_f@@YAX_NHPAPAD@Z 00406e2e f   cl_download.obj
 0001:000061db       ?CL_ParseDownload@@YAXXZ   004071db f   cl_download.obj
 0001:00006a0a       ?CL_Precache_f@@YAXHPAPAD@Z 00407a0a f   cl_download.obj
 0001:00006a65       ?sprintf@?$TString@$0IA@@@QAAHPBDZZ 00407a65 f i cl_download.obj
 0001:00006a89       ?CL_ParseDelta@@YAXPAUclEntityState_t@@0HI_N@Z 00407a89 f   cl_ents.obj
 0001:00006c09       ?CL_ParseFrame@@YAXXZ      00407c09 f   cl_ents.obj
 0001:000072be       ?CL_AddEntityBox@@YAXPAUclEntityState_t@@I@Z 004082be f   cl_ents.obj
 0001:000073c2       ?Lerp@@YAXABUCVec3@@0MAAU1@@Z 004083c2 f i cl_ents.obj
 0001:000073f9       ?OffsetThirdPersonView@@YAXXZ 004083f9 f   cl_ents.obj
 0001:000074e1       ?CL_AddEntities@@YAXXZ     004084e1 f   cl_ents.obj
 0001:00008422       ?CL_ClearLightStyles@@YAXXZ 00409422 f   cl_fx.obj
 0001:000084a4       ?CL_SetLightstyle@@YAXHPBD@Z 004094a4 f   cl_fx.obj
 0001:00008505       ?CL_AllocDlight@@YAPAUcdlight_t@@HABUCVec3@@@Z 00409505 f   cl_fx.obj
 0001:00008570       ?CL_AllocParticleTrace@@YAPAUparticleTrace_t@@ABUCVec3@@0MM@Z 00409570 f   cl_fx.obj
 0001:000085ff       ?CL_AllocParticleBeam@@YAPAUbeam_t@@ABUCVec3@@0MM@Z 004095ff f   cl_fx.obj
 0001:00008674       ?CL_AllocParticle@@YAPAUparticle_t@@XZ 00409674 f   cl_fx.obj
 0001:000086c7       ?CL_MetalSparks@@YAXABUCVec3@@0H@Z 004096c7 f   cl_fx.obj
 0001:000087c5       ?CL_AddEffects@@YAXXZ      004097c5 f   cl_fx.obj
 0001:00008eaa       ?CL_ClearEffects@@YAXXZ    00409eaa f   cl_fx.obj
 0001:00008f2c       ?CL_EntityEvent@@YAXPAUclEntityState_t@@@Z 00409f2c f   cl_fx.obj
 0001:000090e3       ?CL_ParseMuzzleFlash@@YAXXZ 0040a0e3 f   cl_fx.obj
 0001:00009453       ?CL_ParseMuzzleFlash2@@YAXXZ 0040a453 f   cl_fx.obj
 0001:000098c9       ?CL_ParticleEffect@@YAXABUCVec3@@0HH@Z 0040a8c9 f   cl_fx.obj
 0001:00009ab2       ?CL_ParticleEffect2@@YAXABUCVec3@@0HH@Z 0040aab2 f   cl_fx.obj
 0001:00009ada       ?CL_ParticleEffect3@@YAXABUCVec3@@0HH@Z 0040aada f   cl_fx.obj
 0001:00009b02       ?CL_TeleporterParticles@@YAXPAUclEntityState_t@@@Z 0040ab02 f   cl_fx.obj
 0001:00009b24       ?CL_LogoutEffect@@YAXABUCVec3@@H@Z 0040ab24 f   cl_fx.obj
 0001:00009b5c       ?CL_ItemRespawnParticles@@YAXABUCVec3@@@Z 0040ab5c f   cl_fx.obj
 0001:00009b7a       ?CL_ExplosionParticles@@YAXABUCVec3@@@Z 0040ab7a f   cl_fx.obj
 0001:00009b9b       ?CL_BFGExplosionParticles@@YAXABUCVec3@@@Z 0040ab9b f   cl_fx.obj
 0001:00009bbc       ?CL_TrackerExplosionParticles@@YAXABUCVec3@@@Z 0040abbc f   cl_fx.obj
 0001:00009bdd       ?CL_BlasterParticles@@YAXABUCVec3@@0I@Z 0040abdd f   cl_fx.obj
 0001:00009c04       ?CL_BlasterTrail@@YAXAAUcentity_t@@@Z 0040ac04 f   cl_fx.obj
 0001:00009d0b       ?CL_BlasterTrail2@@YAXAAUcentity_t@@@Z 0040ad0b f   cl_fx.obj
 0001:00009d22       ?CL_FlagTrail@@YAXAAUcentity_t@@H@Z 0040ad22 f   cl_fx.obj
 0001:00009d41       ?CL_RocketTrail@@YAXAAUcentity_t@@@Z 0040ad41 f   cl_fx.obj
 0001:00009d80       ?CL_BubbleTrail@@YAXABUCVec3@@0@Z 0040ad80 f   cl_fx.obj
 0001:00009e1c       ?CL_BubbleTrail2@@YAXABUCVec3@@0@Z 0040ae1c f   cl_fx.obj
 0001:00009e36       ?CL_TagTrail@@YAXAAUcentity_t@@@Z 0040ae36 f   cl_fx.obj
 0001:00009e4d       ?CL_DebugTrail@@YAXABUCVec3@@0@Z 0040ae4d f   cl_fx.obj
 0001:00009e67       ?CL_ForceWall@@YAXABUCVec3@@0H@Z 0040ae67 f   cl_fx.obj
 0001:00009e89       ?CL_BigTeleportParticles@@YAXABUCVec3@@@Z 0040ae89 f   cl_fx.obj
 0001:00009fc4       ?CL_BfgParticles@@YAXABUCVec3@@@Z 0040afc4 f   cl_fx.obj
 0001:0000a13e       ?CL_FlyEffect@@YAXAAUcentity_t@@@Z 0040b13e f   cl_fx.obj
 0001:0000a2ca       ?CL_DiminishingTrail@@YAXAAUcentity_t@@H@Z 0040b2ca f   cl_fx.obj
 0001:0000a424       ?CL_RailTrail@@YAXABUCVec3@@0@Z 0040b424 f   cl_fx.obj
 0001:0000a596       ?CL_RailTrailExt@@YAXABUCVec3@@0EE@Z 0040b596 f   cl_fx.obj
 0001:0000a6db       ?CL_IonripperTrail@@YAXAAUcentity_t@@@Z 0040b6db f   cl_fx.obj
 0001:0000a835       ?CL_TrapParticles@@YAXABUCVec3@@@Z 0040b835 f   cl_fx.obj
 0001:0000a9a8       ?CL_TeleportParticles@@YAXABUCVec3@@@Z 0040b9a8 f   cl_fx.obj
 0001:0000aade       ?CL_Heatbeam@@YAXABUCVec3@@0@Z 0040bade f   cl_fx.obj
 0001:0000ad84       ?CL_ParticleSteamEffect@@YAXABUCVec3@@0HHH@Z 0040bd84 f   cl_fx.obj
 0001:0000aeba       ?CL_ParticleSmokeEffect@@YAXABUCVec3@@0@Z 0040beba f   cl_fx.obj
 0001:0000afd3       ?CL_TrackerTrail@@YAXAAUcentity_t@@@Z 0040bfd3 f   cl_fx.obj
 0001:0000b14d       ?CL_TrackerShell@@YAXABUCVec3@@@Z 0040c14d f   cl_fx.obj
 0001:0000b1d9       ?CL_MonsterPlasmaShell@@YAXABUCVec3@@@Z 0040c1d9 f   cl_fx.obj
 0001:0000b262       ?CL_WidowSplash@@YAXABUCVec3@@@Z 0040c262 f   cl_fx.obj
 0001:0000b343       ?CL_InitInput@@YAXXZ       0040c343 f   cl_input.obj
 0001:0000b8f1       ?CL_SendCmd@@YAXXZ         0040c8f1 f   cl_input.obj
 0001:0000bf10       ?CL_WriteDemoMessage@@YAXXZ 0040cf10 f   cl_main.obj
 0001:0000bf52       ?Cmd_ForwardToServer@@YAXHPAPAD@Z 0040cf52 f   cl_main.obj
 0001:0000c017       ?CL_ForwardToServer_f@@YAXHPAPAD@Z 0040d017 f   cl_main.obj
 0001:0000c060       ?CL_Pause@@YAX_N@Z         0040d060 f   cl_main.obj
 0001:0000c0a5       ?CL_Drop@@YAX_N@Z          0040d0a5 f   cl_main.obj
 0001:0000c0d0       ?CL_SendConnectPacket@@YAXXZ 0040d0d0 f   cl_main.obj
 0001:0000c136       ?CL_Connect_f@@YAX_NHPAPAD@Z 0040d136 f   cl_main.obj
 0001:0000c1a3       ?CL_Rcon_f@@YAXHPAPAD@Z    0040d1a3 f   cl_main.obj
 0001:0000c28f       ?CL_Disconnect@@YAXXZ      0040d28f f   cl_main.obj
 0001:0000c43a       ?CL_Disconnect_f@@YAXXZ    0040d43a f   cl_main.obj
 0001:0000c444       ?CL_Changing_f@@YAXXZ      0040d444 f   cl_main.obj
 0001:0000c46c       ?CL_Reconnect_f@@YAXXZ     0040d46c f   cl_main.obj
 0001:0000c508       ?CL_PingServers_f@@YAXXZ   0040d508 f   cl_main.obj
 0001:0000c8c3       ?CL_ConnectionlessPacket@@YAXXZ 0040d8c3 f   cl_main.obj
 0001:0000c9c0       ?CL_Userinfo_f@@YAXXZ      0040d9c0 f   cl_main.obj
 0001:0000c9db       ?CL_RegisterSounds@@YAXXZ  0040d9db f   cl_main.obj
 0001:0000ca1a       ?CL_Snd_Restart_f@@YAXXZ   0040da1a f   cl_main.obj
 0001:0000ca29       ?CL_WriteConfiguration@@YAXPBD@Z 0040da29 f   cl_main.obj
 0001:0000cb10       ?CL_WriteConfig_f@@YAX_NHPAPAD@Z 0040db10 f   cl_main.obj
 0001:0000cb7a       ?CL_FixCvarCheats@@YAXXZ   0040db7a f   cl_main.obj
 0001:0000cbcb       ?CL_Frame@@YAXMM@Z         0040dbcb f   cl_main.obj
 0001:0000d033       ?CL_ClearState@@YAXXZ      0040e033 f   cl_main.obj
 0001:0000d071       ?CL_Init@@YAXXZ            0040e071 f   cl_main.obj
 0001:0000d520       ?CL_Shutdown@@YAXXZ        0040e520 f   cl_main.obj
 0001:0000d57c       ?CL_ParseClientinfo@@YAXH@Z 0040e57c f   cl_parse.obj
 0001:0000d634       ?CL_UpdatePlayerClientInfo@@YAXXZ 0040e634 f   cl_parse.obj
 0001:0000d675       ?CL_ParseServerMessage@@YAXXZ 0040e675 f   cl_parse.obj
 0001:0000de5b       ?FreePlayerModelsInfo@@YAXXZ 0040ee5b f   cl_playermodel.obj
 0001:0000de81       ?ScanPlayerModels@@YA_NXZ  0040ee81 f   cl_playermodel.obj
 0001:0000e27b       ?RunAnimation@@YAXAAUclientInfo_t@@AAUanimState_t@@H@Z 0040f27b f   cl_playermodel.obj
 0001:0000e469       ?CL_LoadClientinfo@@YAXAAUclientInfo_t@@PBD_N@Z 0040f469 f   cl_playermodel.obj
 0001:0000f0f5       ?ParsePlayerEntity@@YAHAAUcentity_t@@AAUclientInfo_t@@PAUclEntityState_t@@ABUentity_t@@PAU4@HH@Z 004100f5 f   cl_playermodel.obj
 0001:0000fc64       ?CreateAndInsert@?$TList@VCStringItem@@@@QAEPAVCStringItem@@PBDPAVCMemoryChain@@@Z 00410c64 f i cl_playermodel.obj
 0001:0000fc9c       ?Insert@?$TList@VshaderScript_t@OpenGLDrv@@@@QAE_NPAVshaderScript_t@OpenGLDrv@@@Z 00410c9c f i cl_playermodel.obj
 0001:0000fc9c       ?Insert@?$TList@VCStringItem@@@@QAE_NPAVCStringItem@@@Z 00410c9c f i cl_playermodel.obj
 0001:0000fc9c       ?Insert@?$TList@VplayerModelInfo_t@@@@QAE_NPAVplayerModelInfo_t@@@Z 00410c9c f i cl_playermodel.obj
 0001:0000fcd2       ?CL_CheckPredictionError@@YAXXZ 00410cd2 f   cl_pred.obj
 0001:0000fe65       ?CL_EntityTrace@@YAXAAUtrace_t@@ABUCVec3@@1ABUCBox@@H@Z 00410e65 f   cl_pred.obj
 0001:000101bf       ?CL_Trace@@YAXAAUtrace_t@@ABUCVec3@@1ABUCBox@@H@Z 004111bf f   cl_pred.obj
 0001:00010270       ?CL_PMpointcontents@@YAHABUCVec3@@@Z 00411270 f   cl_pred.obj
 0001:00010406       ?CL_PredictMovement@@YAXXZ 00411406 f   cl_pred.obj
 0001:000107cd       ?DrawString@@YAXHHPBD@Z    004117cd f   cl_scrn.obj
 0001:00010812       ?SCR_DebugGraph@@YAXMH@Z   00411812 f   cl_scrn.obj
 0001:0001083c       ?SCR_CenterPrint@@YAXPBD@Z 0041183c f   cl_scrn.obj
 0001:00010942       ?Key_Message@@YAXH@Z       00411942 f   cl_scrn.obj
 0001:000109e2       ?SCR_SetLevelshot@@YAXPBD@Z 004119e2 f   cl_scrn.obj
 0001:00010add       ?SCR_BeginLoadingPlaque@@YAX_N@Z 00411add f   cl_scrn.obj
 0001:00010b73       ?SCR_EndLoadingPlaque@@YAX_N@Z 00411b73 f   cl_scrn.obj
 0001:00010bf8       ?SCR_LoadingNotify@@YAXPBDM@Z 00411bf8 f   cl_scrn.obj
 0001:00010c21       ?SCR_ShowConsole@@YAX_N0@Z 00411c21 f   cl_scrn.obj
 0001:00010ce6       ?SCR_ToggleConsole@@YAXXZ  00411ce6 f   cl_scrn.obj
 0001:00010d0e       ?SCR_TouchPics@@YAXXZ      00411d0e f   cl_scrn.obj
 0001:00010d62       ?SCR_UpdateScreen@@YAXXZ   00411d62 f   cl_scrn.obj
 0001:000120ea       ?SCR_Init@@YAXXZ           004130ea f   cl_scrn.obj
 0001:0001241b       ?sprintf@?$TString@$0BA@@@QAAHPBDZZ 0041341b f i cl_scrn.obj
 0001:0001243c       ?CL_RegisterTEntSounds@@YAXXZ 0041343c f   cl_tent.obj
 0001:00012691       ?CL_RegisterTEntModels@@YAXXZ 00413691 f   cl_tent.obj
 0001:000127e2       ?CL_ClearTEnts@@YAXXZ      004137e2 f   cl_tent.obj
 0001:00012813       ?CL_SmokeAndFlash@@YAXABUCVec3@@@Z 00413813 f   cl_tent.obj
 0001:000129ab       ?CL_ParseTEnt@@YAXXZ       004139ab f   cl_tent.obj
 0001:00013cd1       ?CL_AddTEnts@@YAXXZ        00414cd1 f   cl_tent.obj
 0001:000146d6       ?V_AddEntity@@YAXPAUentity_t@@@Z 004156d6 f   cl_view.obj
 0001:00014714       ?V_AddEntity2@@YAXPAUentity_t@@@Z 00415714 f   cl_view.obj
 0001:00014746       ?AddEntityWithEffects2@@YAXPAUentity_t@@I@Z 00415746 f   cl_view.obj
 0001:000147e7       ?AddEntityWithEffects@@YAXPAUentity_t@@I@Z 004157e7 f   cl_view.obj
 0001:00014808       ?V_AddLight@@YAXABUCVec3@@MMMM@Z 00415808 f   cl_view.obj
 0001:0001484d       ?V_TestEntities@@YAXXZ     0041584d f   cl_view.obj
 0001:0001497a       ?V_TestLights@@YAXXZ       0041597a f   cl_view.obj
 0001:00014a50       ?V_InitRenderer@@YAXXZ     00415a50 f   cl_view.obj
 0001:00014e71       ?CalcFov@@YAMMMM@Z         00415e71 f   cl_view.obj
 0001:00014edf       ?V_RenderView@@YA_NXZ      00415edf f   cl_view.obj
 0001:00015c86       ?V_Init@@YAXXZ             00416c86 f   cl_view.obj
 0001:00015d35       ?Con_ClearNotify@@YAXXZ    00416d35 f   console.obj
 0001:00015d44       ?Con_CheckResize@@YAXXZ    00416d44 f   console.obj
 0001:00015e6b       ?Write@COutputDeviceCon@@UAEXPBD@Z 00416e6b f   console.obj
 0001:00016071       ?Con_DrawNotify@@YAX_N@Z   00417071 f   console.obj
 0001:00016247       ?Con_DrawConsole@@YAXM@Z   00417247 f   console.obj
 0001:000164fb       ?Con_ClearTyping@@YAXXZ    004174fb f   console.obj
 0001:00016514       ?Key_Console@@YAXHH@Z      00417514 f   console.obj
 0001:00016961       ?Con_Init@@YAXXZ           00417961 f   console.obj
 0001:00016acf       ?Key_KeynumToString@@YAPBDH@Z 00417acf f   keys.obj
 0001:00016b95       ?Draw@completeMenu_t@@UAEXXZ 00417b95 f i keys.obj
 0001:00016bc6       ?KeyDown@completeMenu_t@@UAEPBDH@Z 00417bc6 f i keys.obj
 0001:00016bf2       ?Init@completeMenu_t@@UAE_NXZ 00417bf2 f i keys.obj
 0001:00016d19       ?CompleteMenuCallback@completeMenu_t@@SAXPAX@Z 00417d19 f i keys.obj
 0001:00016daa       ?CompleteCommand@@YAXXZ    00417daa f   keys.obj
 0001:000174bb       ?Key_SetBinding@@YAXHPBD@Z 004184bb f   keys.obj
 0001:000174fb       ?Key_FindBinding@@YAHPBDPAHH@Z 004184fb f   keys.obj
 0001:00017549       ?Key_WriteBindings@@YAXPAVCOutputDevice@@@Z 00418549 f   keys.obj
 0001:00017593       ?Key_Init@@YAXXZ           00418593 f   keys.obj
 0001:00017877       ?Key_Event@@YAXH_N@Z       00418877 f   keys.obj
 0001:00017bd6       ?Key_ClearStates@@YAXXZ    00418bd6 f   keys.obj
 0001:00017c0b       ?M_ForceMenuOn@@YAXXZ      00418c0b f   menu.obj
 0001:00017c2a       ?Draw@menuMain_t@@UAEXXZ   00418c2a f i menu.obj
 0001:00017d66       ?KeyDown@menuMain_t@@UAEPBDH@Z 00418d66 f i menu.obj
 0001:00017e27       ?Init@menuMain_t@@UAE_NXZ  00418e27 f i menu.obj
 0001:00017e2f       ?M_Menu_Main_f@@YAXXZ      00418e2f f   menu.obj
 0001:00017e49       ?Init@multiplayerMenu_t@@UAE_NXZ 00418e49 f i menu.obj
 0001:00017f6d       ?Init@keysMenu_t@@UAE_NXZ  00418f6d f i menu.obj
 0001:0001815b       ?KeyCursorDrawFunc@keysMenu_t@@SAXPAUmenuFramework_t@@@Z 0041915b f i menu.obj
 0001:0001819e       ?DrawKeyBindingFunc@keysMenu_t@@SAXPAX@Z 0041919e f i menu.obj
 0001:0001825e       ?KeyDown@keysMenu_t@@UAEPBDH@Z 0041925e f i menu.obj
 0001:0001830b       ?UnbindCommand@keysMenu_t@@QAEXPAD@Z 0041930b f i menu.obj
 0001:00018350       ?KeyBindingFunc@keysMenu_t@@QAEXPAX@Z 00419350 f i menu.obj
 0001:000183b2       ?Init@optionsMenu_t@@UAE_NXZ 004193b2 f i menu.obj
 0001:00018765       ?CrosshairFunc@optionsMenu_t@@SAXPAX@Z 00419765 f i menu.obj
 0001:0001878d       ?JoystickFunc@optionsMenu_t@@SAXPAX@Z 0041978d f i menu.obj
 0001:000187a2       ?AlwaysRunFunc@optionsMenu_t@@SAXPAX@Z 004197a2 f i menu.obj
 0001:000187b7       ?MouseSpeedFunc@optionsMenu_t@@SAXPAX@Z 004197b7 f i menu.obj
 0001:000187d4       ?InvertMouseFunc@optionsMenu_t@@SAXPAX@Z 004197d4 f i menu.obj
 0001:0001880d       ?UpdateVolumeFunc@optionsMenu_t@@SAXPAX@Z 0041980d f i menu.obj
 0001:0001882a       ?UpdateCDVolumeFunc@optionsMenu_t@@SAXPAX@Z 0041982a f i menu.obj
 0001:00018844       ?SetMenuItemValues@optionsMenu_t@@SAXXZ 00419844 f i menu.obj
 0001:0001898c       ?ResetDefaultsFunc@optionsMenu_t@@SAXPAX@Z 0041998c f i menu.obj
 0001:000189a1       ?UpdateSoundFunc@optionsMenu_t@@SAXPAX@Z 004199a1 f i menu.obj
 0001:00018ba5       ?ScanCrosshairs@optionsMenu_t@@SAXXZ 00419ba5 f i menu.obj
 0001:00018c02       ?Draw@optionsMenu_t@@UAEXXZ 00419c02 f i menu.obj
 0001:00018c67       ?Draw@creditsMenu_t@@UAEXXZ 00419c67 f i menu.obj
 0001:00018d0e       ?KeyDown@creditsMenu_t@@UAEPBDH@Z 00419d0e f i menu.obj
 0001:00018d4e       ?Init@creditsMenu_t@@UAE_NXZ 00419d4e f i menu.obj
 0001:00018dcf       ?Init@gameMenu_t@@UAE_NXZ  00419dcf f i menu.obj
 0001:00018f5a       ?EasyGameFunc@gameMenu_t@@SAXPAX@Z 00419f5a f i menu.obj
 0001:00018f66       ?StartGame@gameMenu_t@@SAXPBD@Z 00419f66 f i menu.obj
 0001:00018fc1       ?MediumGameFunc@gameMenu_t@@SAXPAX@Z 00419fc1 f i menu.obj
 0001:00018fcd       ?HardGameFunc@gameMenu_t@@SAXPAX@Z 00419fcd f i menu.obj
 0001:00018fe9       ?Init@savegameMenu_t@@UAE_NXZ 00419fe9 f i menu.obj
 0001:000190f9       ?Create_Savestrings@savegameMenu_t@@QAEXXZ 0041a0f9 f i menu.obj
 0001:000191b9       ?LoadGameCallback@savegameMenu_t@@SAXPAX@Z 0041a1b9 f i menu.obj
 0001:000191e6       ?SaveGameCallback@savegameMenu_t@@SAXPAX@Z 0041a1e6 f i menu.obj
 0001:00019209       ?Draw@savegameMenu_t@@UAEXXZ 0041a209 f i menu.obj
 0001:00019224       ?DrawSavegameShot@savegameMenu_t@@QAEXHH@Z 0041a224 f i menu.obj
 0001:000192ff       ?Init@joinserverMenu_t@@UAE_NXZ 0041a2ff f i menu.obj
 0001:00019436       ?JoinServerFunc@joinserverMenu_t@@SAXPAX@Z 0041a436 f i menu.obj
 0001:0001949b       ?SearchLocalGames@joinserverMenu_t@@SAXXZ 0041a49b f i menu.obj
 0001:00019506       ?M_AddToServerList@@YAXUnetadr_t@@PBD@Z 0041a506 f   menu.obj
 0001:00019591       ?Init@startserverMenu_t@@UAE_NXZ 0041a591 f i menu.obj
 0001:00019a1f       ?DMOptionsFunc@startserverMenu_t@@SAXPAX@Z 0041aa1f f i menu.obj
 0001:00019a2f       ?RulesChangeFunc@startserverMenu_t@@SAXPAX@Z 0041aa2f f i menu.obj
 0001:00019aa7       ?StartServerActionFunc@startserverMenu_t@@SAXPAX@Z 0041aaa7 f i menu.obj
 0001:00019ad2       ?StartServerFunc@startserverMenu_t@@SAXPBD@Z 0041aad2 f i menu.obj
 0001:00019cae       ?KeyDown@startserverMenu_t@@UAEPBDH@Z 0041acae f i menu.obj
 0001:00019d0d       ?Init@dmoptionsMenu_t@@UAE_NXZ 0041ad0d f i menu.obj
 0001:0001a2ea       ?DMFlagCallback@dmoptionsMenu_t@@SAXPAX@Z 0041b2ea f i menu.obj
 0001:0001a4c3       ?Init@downloadOptionsMenu_t@@UAE_NXZ 0041b4c3 f i menu.obj
 0001:0001a69d       ?DownloadCallback@downloadOptionsMenu_t@@SAXPAX@Z 0041b69d f i menu.obj
 0001:0001a70b       ?Init@addressBookMenu_t@@UAE_NXZ 0041b70b f i menu.obj
 0001:0001a7b1       ?KeyDown@addressBookMenu_t@@UAEPBDH@Z 0041b7b1 f i menu.obj
 0001:0001a810       ?Init@playerConfigMenu_t@@UAE_NXZ 0041b810 f i menu.obj
 0001:0001ad57       ?HandednessCallback@playerConfigMenu_t@@SAXPAX@Z 0041bd57 f i menu.obj
 0001:0001ad6c       ?RTypeCallback@playerConfigMenu_t@@SAXPAX@Z 0041bd6c f i menu.obj
 0001:0001ad81       ?RColorCallback@playerConfigMenu_t@@SAXPAX@Z 0041bd81 f i menu.obj
 0001:0001ad96       ?RateCallback@playerConfigMenu_t@@SAXPAX@Z 0041bd96 f i menu.obj
 0001:0001adb9       ?ModelCallback@playerConfigMenu_t@@SAXPAX@Z 0041bdb9 f i menu.obj
 0001:0001aded       ?SkinCallback@playerConfigMenu_t@@SAXPAX@Z 0041bded f i menu.obj
 0001:0001adf5       ?Draw@playerConfigMenu_t@@UAEXXZ 0041bdf5 f i menu.obj
 0001:0001b0d7       ?KeyDown@playerConfigMenu_t@@UAEPBDH@Z 0041c0d7 f i menu.obj
 0001:0001b1b7       ?Init@dmbrowseMenu_t@@UAE_NXZ 0041c1b7 f i menu.obj
 0001:0001b3c0       ?KeyDown@dmbrowseMenu_t@@UAEPBDH@Z 0041c3c0 f i menu.obj
 0001:0001b598       ?Draw@dmbrowseMenu_t@@UAEXXZ 0041c598 f i menu.obj
 0001:0001b6e5       ?DrawThumbnail@dmbrowseMenu_t@@SAXHHHHPBD_N@Z 0041c6e5 f i menu.obj
 0001:0001b7bf       ?Init@videoMenu_t@@UAE_NXZ 0041c7bf f i menu.obj
 0001:0001bd98       ?ScreenSizeCallback@videoMenu_t@@SAXPAX@Z 0041cd98 f i menu.obj
 0001:0001bdb9       ?BrightnessCallback@videoMenu_t@@SAXPAX@Z 0041cdb9 f i menu.obj
 0001:0001bdda       ?ContrastCallback@videoMenu_t@@SAXPAX@Z 0041cdda f i menu.obj
 0001:0001be16       ?CancelChanges@videoMenu_t@@SAXPAX@Z 0041ce16 f i menu.obj
 0001:0001be63       ?KeyDown@videoMenu_t@@UAEPBDH@Z 0041ce63 f i menu.obj
 0001:0001beac       ?ApplyChanges@videoMenu_t@@SAXPAX@Z 0041ceac f i menu.obj
 0001:0001c063       ?KeyDown@quitMenu_t@@UAEPBDH@Z 0041d063 f i menu.obj
 0001:0001c0a0       ?Draw@quitMenu_t@@UAEXXZ   0041d0a0 f i menu.obj
 0001:0001c110       ?M_Init@@YAXXZ             0041d110 f   menu.obj
 0001:0001c2f2       ?ItemAtCursor@menuFramework_t@@QAEPAUmenuCommon_t@@XZ 0041d2f2 f   qmenu.obj
 0001:0001c346       ?AddItem@menuFramework_t@@QAEXPAUmenuCommon_t@@@Z 0041d346 f   qmenu.obj
 0001:0001c402       ?AdjustCursor@menuFramework_t@@QAEXH@Z 0041d402 f   qmenu.obj
 0001:0001c57a       ?Center@menuFramework_t@@QAEXXZ 0041d57a f   qmenu.obj
 0001:0001c5bb       ?Draw@menuFramework_t@@UAEXXZ 0041d5bb f   qmenu.obj
 0001:0001cb74       ?SelectItem@menuFramework_t@@QAE_NXZ 0041db74 f   qmenu.obj
 0001:0001cbd9       ?SetStatusBar@menuFramework_t@@QAEXPBD@Z 0041dbd9 f   qmenu.obj
 0001:0001cbe6       ?SlideItem@menuFramework_t@@QAEXH@Z 0041dbe6 f   qmenu.obj
 0001:0001d184       ?Push@menuFramework_t@@QAEXXZ 0041e184 f   qmenu.obj
 0001:0001d203       ?M_ForceMenuOff@@YAXXZ     0041e203 f   qmenu.obj
 0001:0001d230       ?Pop@menuFramework_t@@QAEXXZ 0041e230 f   qmenu.obj
 0001:0001d26a       ?KeyDown@menuFramework_t@@UAEPBDH@Z 0041e26a f   qmenu.obj
 0001:0001d4e2       ?Init@menuFramework_t@@UAE_NXZ 0041e4e2 f   qmenu.obj
 0001:0001d4e5       ?M_Draw@@YAXXZ             0041e4e5 f   qmenu.obj
 0001:0001d520       ?M_Keydown@@YAXH@Z         0041e520 f   qmenu.obj
 0001:0001d542       ?InitRendererVars@@YAXXZ   0041e542 f   ref_vars.obj
 0001:0001d561       ?S_SoundInfo_f@@YAXXZ      0041e561 f   snd_dma.obj
 0001:0001d5db       ?S_Init@@YAXXZ             0041e5db f   snd_dma.obj
 0001:0001d6ad       ?S_Shutdown@@YAXXZ         0041e6ad f   snd_dma.obj
 0001:0001d740       ?S_BeginRegistration@@YAXXZ 0041e740 f   snd_dma.obj
 0001:0001d74e       ?S_RegisterSound@@YAPAUsfx_t@@PBD@Z 0041e74e f   snd_dma.obj
 0001:0001d8f9       ?S_EndRegistration@@YAXXZ  0041e8f9 f   snd_dma.obj
 0001:0001d982       ?S_PickChannel@@YAPAUchannel_t@@HH@Z 0041e982 f   snd_dma.obj
 0001:0001da10       ?S_Spatialize@@YAXPAUchannel_t@@@Z 0041ea10 f   snd_dma.obj
 0001:0001dbf2       ?S_AllocPlaysound@@YAPAUplaysound_t@@XZ 0041ebf2 f   snd_dma.obj
 0001:0001dc14       ?S_FreePlaysound@@YAXPAUplaysound_t@@@Z 0041ec14 f   snd_dma.obj
 0001:0001dc47       ?S_IssuePlaysound@@YAXPAUplaysound_t@@@Z 0041ec47 f   snd_dma.obj
 0001:0001dd18       ?S_StartSound@@YAXPBUCVec3@@HHPAUsfx_t@@MMM@Z 0041ed18 f   snd_dma.obj
 0001:0001e0d8       ?S_StartLocalSound@@YAXPBD@Z 0041f0d8 f   snd_dma.obj
 0001:0001e12a       ?S_ClearBuffer@@YAXXZ      0041f12a f   snd_dma.obj
 0001:0001e193       ?S_StopAllSounds_f@@YAXXZ  0041f193 f   snd_dma.obj
 0001:0001e203       ?S_AddLoopSounds@@YAXXZ    0041f203 f   snd_dma.obj
 0001:0001e3d9       ?S_RawSamples@@YAXHHHHPAE@Z 0041f3d9 f   snd_dma.obj
 0001:0001e5dd       ?S_Update@@YAXABUCVec3@@0@Z 0041f5dd f   snd_dma.obj
 0001:0001e6b3       ?GetSoundtime@@YAXXZ       0041f6b3 f   snd_dma.obj
 0001:0001e71a       ?S_Update_@@YAXXZ          0041f71a f   snd_dma.obj
 0001:0001e9cd       ?S_LoadSound@@YAPAUsfxcache_t@@PAUsfx_t@@@Z 0041f9cd f   snd_mem.obj
 0001:0001ef5c       ?S_WriteLinearBlastStereo16@@YAXXZ 0041ff5c f   snd_mix.obj
 0001:0001efc6       ?S_TransferStereo16@@YAXPAKH@Z 0041ffc6 f   snd_mix.obj
 0001:0001f031       ?S_TransferPaintBuffer@@YAXH@Z 00420031 f   snd_mix.obj
 0001:0001f195       ?S_PaintChannels@@YAXH@Z   00420195 f   snd_mix.obj
 0001:0001f411       ?S_InitScaletable@@YAXXZ   00420411 f   snd_mix.obj
 0001:0001f556       ?SV_ComputeAnimation@@YAXPAUplayer_state_t@@AAUentityStateEx_t@@PAU2@PAUedict_s@@@Z 00420556 f   sv_anim.obj
 0001:0001fa0f       ?SV_ReadLevelFile@@YAXXZ   00420a0f f   sv_ccmds.obj
 0001:0001fab4       ?SV_AddressBanned@@YA_NPAUnetadr_t@@@Z 00420ab4 f   sv_ccmds.obj
 0001:0001faf8       ?SV_InitCommands@@YAXXZ    00420af8 f   sv_ccmds.obj
 0001:00020f81       ?sprintf@?$TString@$0CI@@@QAAHPBDZZ 00421f81 f i sv_ccmds.obj
 0001:00020fa2       ?SV_WriteFrameToClient@@YAXPAUclient_t@@PAVsizebuf_t@@@Z 00421fa2 f   sv_ents.obj
 0001:000216d1       ?SV_RecordDemoMessage@@YAXXZ 004226d1 f   sv_ents.obj
 0001:0002189f       ?SV_MulticastOld@@YAXABUCVec3@@W4multicast_t@@@Z 0042289f f i sv_game.obj
 0001:000218b4       ?SV_StartSoundOld@@YAXPBUCVec3@@PAUedict_s@@HHMMM@Z 004228b4 f i sv_game.obj
 0001:0002230c       ?SV_InitGameLibrary@@YAX_N@Z 0042330c f   sv_game.obj
 0001:00022601       ?SV_ShutdownGameLibrary@@YAXXZ 00423601 f   sv_game.obj
 0001:0002275e       ?SV_FindIndex@@YAHPBDHH_N@Z 0042375e f   sv_init.obj
 0001:00022875       ?SV_ModelIndex@@YAHPBD@Z   00423875 f   sv_init.obj
 0001:0002288e       ?SV_SoundIndex@@YAHPBD@Z   0042388e f   sv_init.obj
 0001:000228aa       ?SV_ImageIndex@@YAHPBD@Z   004238aa f   sv_init.obj
 0001:000228c6       ?SV_CreateBaseline@@YAXXZ  004238c6 f   sv_init.obj
 0001:00022943       ?SV_SpawnServer@@YAXPAD0W4server_state_t@@_N2@Z 00423943 f   sv_init.obj
 0001:00022cb0       ?SV_InitGame@@YAXXZ        00423cb0 f   sv_init.obj
 0001:00022ed9       ?SV_Map@@YAX_NPBD0@Z       00423ed9 f   sv_init.obj
 0001:0002309e       ?SV_DropClient@@YAXPAUclient_t@@PAD@Z 0042409e f   sv_main.obj
 0001:00023ace       ??0COutputDeviceMem@@QAE@H@Z 00424ace f i sv_main.obj
 0001:00023aff       ?Write@COutputDeviceMem@@UAEXPBD@Z 00424aff f i sv_main.obj
 0001:00023b86       ??_GCOutputDeviceMem@@UAEPAXI@Z 00424b86 f i sv_main.obj
 0001:00023b86       ??_ECOutputDeviceMem@@UAEPAXI@Z 00424b86 f i sv_main.obj
 0001:00023ba5       ??1COutputDeviceMem@@UAE@XZ 00424ba5 f i sv_main.obj
 0001:00023bc4       ?SV_CalcPings@@YAXXZ       00424bc4 f   sv_main.obj
 0001:00023c4b       ?SV_GiveMsec@@YAXXZ        00424c4b f   sv_main.obj
 0001:00023c8a       ?SV_ReadPackets@@YAXXZ     00424c8a f   sv_main.obj
 0001:00023eaf       ?SV_CheckTimeouts@@YAXXZ   00424eaf f   sv_main.obj
 0001:00023fc0       ?SV_PostprocessFrame@@YAXXZ 00424fc0 f   sv_main.obj
 0001:00024485       ?SV_MulticastHook@@YAPAVsizebuf_t@@PAV1@0@Z 00425485 f   sv_main.obj
 0001:00024861       ?SV_TraceHook@@YAXAAUtrace0_t@@ABUCVec3@@PBU2@21PAUedict_s@@H@Z 00425861 f   sv_main.obj
 0001:000249ef       ?SV_Frame@@YAXM@Z          004259ef f   sv_main.obj
 0001:00024c98       ?SV_UserinfoChanged@@YAXPAUclient_t@@@Z 00425c98 f   sv_main.obj
 0001:00024d59       ?SV_InitVars@@YAXXZ        00425d59 f   sv_main.obj
 0001:00024d68       ?SV_Init@@YAXXZ            00425d68 f   sv_main.obj
 0001:00024dc1       ?SV_Shutdown@@YAXPBD_N@Z   00425dc1 f   sv_main.obj
 0001:00024fce       ?SV_ClientPrintf@@YAXPAUclient_t@@HPBDZZ 00425fce f   sv_send.obj
 0001:00025029       ?SV_BroadcastPrintf@@YAXHPBDZZ 00426029 f   sv_send.obj
 0001:000250ff       ?SV_BroadcastCommand@@YAXPBDZZ 004260ff f   sv_send.obj
 0001:00025159       ?SV_Multicast@@YAXABUCVec3@@W4multicast_t@@_N@Z 00426159 f   sv_send.obj
 0001:0002535a       ?SV_StartSound@@YAXPBUCVec3@@PAUedict_s@@HHMMM_N@Z 0042635a f   sv_send.obj
 0001:000255f3       ?SV_SendClientDatagram@@YA_NPAUclient_t@@@Z 004265f3 f   sv_send.obj
 0001:000256b5       ?SV_DemoCompleted@@YAXXZ   004266b5 f   sv_send.obj
 0001:000256d1       ?SV_SendClientMessages@@YAXXZ 004266d1 f   sv_send.obj
 0001:000258b9       ?SV_DrawText3D@@YAXABUCVec3@@PBDI@Z 004268b9 f   sv_text.obj
 0001:000258f1       ?SV_ClearTexts@@YAXXZ      004268f1 f   sv_text.obj
 0001:000258f9       ?SV_DrawTexts@@YAXXZ       004268f9 f   sv_text.obj
 0001:0002594e       ??0?$TTextContainer@UCSVText@@$0BAAAA@@@QAE@XZ 0042694e f i sv_text.obj
 0001:00025973       ?SV_TokenizeString@@YAXPBD@Z 00426973 f   sv_tokenize.obj
 0001:00025a4a       ?SV_Argc@@YAHXZ            00426a4a f   sv_tokenize.obj
 0001:00025a50       ?SV_Argv@@YAPADH@Z         00426a50 f   sv_tokenize.obj
 0001:00025a6e       ?SV_Args@@YAPADXZ          00426a6e f   sv_tokenize.obj
 0001:00026327       ?SV_Nextserver@@YAXXZ      00427327 f   sv_user.obj
 0001:000263bb       ?SV_ClientThink@@YAXPAUclient_t@@PAUusercmd_t@@@Z 004273bb f   sv_user.obj
 0001:0002644c       ?SV_ExecuteClientMessage@@YAXPAUclient_t@@@Z 0042744c f   sv_user.obj
 0001:00026822       ?SV_ClearWorld@@YAXXZ      00427822 f   sv_world.obj
 0001:00026960       ?SV_UnlinkEdict@@YAXPAUedict_s@@@Z 00427960 f   sv_world.obj
 0001:00026a26       ?SV_LinkEdict@@YAXPAUedict_s@@@Z 00427a26 f   sv_world.obj
 0001:00027037       ?SV_AreaEdicts@@YAHABUCVec3@@0PAPAUedict_s@@HH@Z 00428037 f   sv_world.obj
 0001:000271d5       ?SV_PointContents@@YAHABUCVec3@@@Z 004281d5 f   sv_world.obj
 0001:000272fb       ?SV_Trace@@YAXAAUtrace_t@@ABUCVec3@@1ABUCBox@@PAUedict_s@@H@Z 004282fb f   sv_world.obj
 0001:00027778       ?InitByteDirs@@YAXXZ       00428778 f   anorms.obj
 0001:000277b7       ?Cbuf_AddText@@YAXPBD@Z    004287b7 f   cmd.obj
 0001:0002781d       ?Cbuf_CopyToDefer@@YAXXZ   0042881d f   cmd.obj
 0001:00027865       ?Cbuf_InsertFromDefer@@YAXXZ 00428865 f   cmd.obj
 0001:00027921       ?Cbuf_Execute@@YAXXZ       00428921 f   cmd.obj
 0001:00027a31       ?Cmd_Unalias_f@@YAX_NHPAPAD@Z 00428a31 f   cmd.obj
 0001:00027aa9       ?Cmd_WriteAliases@@YAXPAVCOutputDevice@@@Z 00428aa9 f   cmd.obj
 0001:00027adc       ?RegisterCommand@@YA_NPBDP6AXXZI@Z 00428adc f   cmd.obj
 0001:00027bbd       ?UnregisterCommand@@YA_NPBD@Z 00428bbd f   cmd.obj
 0001:00027c4e       ?ExecuteCommand@@YA_NPBD@Z 00428c4e f   cmd.obj
 0001:00028091       ?ExecuteCommand@@YA_NPBDPBUCSimpleCommand@@H@Z 00429091 f   cmd.obj
 0001:000284d3       ?CM_LoadMap@@YAPAUCBspModel@@PBD_NPAI@Z 004294d3 f   cmodel.obj
 0001:00029dc2       ?CM_BuildBrush@@YAPAUCBrush@@HPAVCMemoryChain@@@Z 0042adc2 f   cmodel.obj
 0001:00029e8b       ?CM_InlineModel@@YAPAUCBspModel@@PBD@Z 0042ae8b f   cmodel.obj
 0001:00029eb6       ?CM_InlineModel@@YAPAUCBspModel@@H@Z 0042aeb6 f   cmodel.obj
 0001:00029f91       ?CM_HeadnodeForBox@@YAHABUCBox@@@Z 0042af91 f   cmodel.obj
 0001:00029fd9       ?CM_FindLeaf@@YAPBUCBspLeaf@@ABUCVec3@@H@Z 0042afd9 f   cmodel.obj
 0001:0002a088       ?DistanceTo@CPlane@@QBEMABUCVec3@@@Z 0042b088 f i cmodel.obj
 0001:0002a0cd       ?GetContents@CBspLeaf@@QBEIABUCVec3@@@Z 0042b0cd f   cmodel.obj
 0001:0002a14e       ?CM_PointContents@@YAHABUCVec3@@H@Z 0042b14e f   cmodel.obj
 0001:0002a1b8       ?CM_TransformedPointContents@@YAHABUCVec3@@H00@Z 0042b1b8 f   cmodel.obj
 0001:0002a28d       ?CM_TransformedPointContents@@YAHABUCVec3@@H0ABUCAxis@@@Z 0042b28d f   cmodel.obj
 0001:0002a32c       ?CM_BoxLeafs@@YAHABUCBox@@PAPAUCBspLeaf@@HPAHH@Z 0042b32c f   cmodel.obj
 0001:0002a43e       ?BOX_ON_PLANE_SIDE@@YAHABUCBox@@ABUCPlane@@@Z 0042b43e f i cmodel.obj
 0001:0002a4a9       ?CM_BoxTrace@@YAXAAUtrace_t@@ABUCVec3@@1ABUCBox@@HI@Z 0042b4a9 f   cmodel.obj
 0001:0002a785       ?GetVertex@CBox@@QBEXHAAUCVec3@@@Z 0042b785 f i cmodel.obj
 0001:0002abff       ?SplitTrace@@YAMABUCVec3@@0ABUCPlane@@AAM2_N@Z 0042bbff f i cmodel.obj
 0001:0002b0ac       ?CM_TransformedBoxTrace@@YAXAAUtrace_t@@ABUCVec3@@1ABUCBox@@HI11@Z 0042c0ac f   cmodel.obj
 0001:0002b21f       ?CM_TransformedBoxTrace@@YAXAAUtrace_t@@ABUCVec3@@1ABUCBox@@HI1ABUCAxis@@@Z 0042c21f f   cmodel.obj
 0001:0002b2dc       ?CM_CombineTrace@@YA_NAAUtrace_t@@ABU1@@Z 0042c2dc f   cmodel.obj
 0001:0002b329       ?CM_ClipTraceToModels@@YAXAAUtrace_t@@ABUCVec3@@1ABUCBox@@I@Z 0042c329 f   cmodel.obj
 0001:0002b42b       ?CM_PointModelContents@@YAHABUCVec3@@@Z 0042c42b f   cmodel.obj
 0001:0002b47a       ?CM_BrushTrace@@YAHABUCVec3@@0PAHH@Z 0042c47a f   cmodel.obj
 0001:0002b780       ?CM_RefineBrushTrace@@YAHABUCVec3@@0PAHH@Z 0042c780 f   cmodel.obj
 0001:0002b826       ?CM_ClusterPVS@@YAPBEH@Z   0042c826 f   cmodel.obj
 0001:0002b95e       ?CM_SetAreaPortalState@@YAXH_N@Z 0042c95e f   cmodel.obj
 0001:0002b986       ?CM_AreasConnected@@YA_NHH@Z 0042c986 f   cmodel.obj
 0001:0002b9cd       ?CM_WriteAreaBits@@YAHPAEH@Z 0042c9cd f   cmodel.obj
 0001:0002ba6f       ?CM_WritePortalState@@YAXPAU_iobuf@@@Z 0042ca6f f   cmodel.obj
 0001:0002ba8c       ?CM_ReadPortalState@@YAXPAU_iobuf@@@Z 0042ca8c f   cmodel.obj
 0001:0002baae       ?CM_HeadnodeVisible@@YA_NHPBE@Z 0042caae f   cmodel.obj
 0001:0002bb8b       ??E?$TStringSplitter@$0EA@$0DL@@@QAEXXZ 0042cb8b f i cmodel.obj
 0001:0002bbed       ?LoadNodes@@YAXPAUdBsp2Node_t@@H@Z 0042cbed f i cmodel.obj
 0001:0002bd04       ?LoadLeafBrushes@@YAXPAGHPAUdBsp2Leaf_t@@@Z 0042cd04 f i cmodel.obj
 0001:0002bd98       ?LoadSubmodels@@YAXPAUdBsp2Model_t@@H@Z 0042cd98 f i cmodel.obj
 0001:0002be20       ?LoadNodes@@YAXPAUdBsp1Node_t@@H@Z 0042ce20 f i cmodel.obj
 0001:0002bee3       ?LoadSubmodels@@YAXPAUdBsp1Model_t@@H@Z 0042cee3 f i cmodel.obj
 0001:0002bf6b       ?LoadNodes@@YAXPAUdBsp3Node_t@@H@Z 0042cf6b f i cmodel.obj
 0001:0002c020       ?LoadLeafBrushes@@YAXPAIHPAUdBsp3Leaf_t@@@Z 0042d020 f i cmodel.obj
 0001:0002c0b1       ?Com_DPrintf@@YAXPBDZZ     0042d0b1 f   common.obj
 0001:0002c12a       ?DebugPrintf@@YAXPBDZZ     0042d12a f   common.obj
 0001:0002c1d9       ?IPWildcard@@YA_NPAUnetadr_t@@PBD@Z 0042d1d9 f   common.obj
 0001:0002c2b3       ?Com_ServerState@@YA?AW4server_state_t@@XZ 0042d2b3 f   common.obj
 0001:0002c2b9       ?Com_SetServerState@@YAXW4server_state_t@@@Z 0042d2b9 f   common.obj
 0001:0002c2c6       ?crand@@YAMXZ              0042d2c6 f   common.obj
 0001:0002c2e4       ?Info_ValueForKey@@YAPBDPBD0@Z 0042d2e4 f   common.obj
 0001:0002c363       ?Info_SetValueForKey@@YAXPADPBD1@Z 0042d363 f   common.obj
 0001:0002c49a       ?Info_Print@@YAXPBD@Z      0042d49a f   common.obj
 0001:0002c520       ?LerpAngle@@YAMMMM@Z       0042d520 f   common.obj
 0001:0002c564       ?ReduceAngle@@YAMM@Z       0042d564 f   common.obj
 0001:0002c590       ?AngleSubtract@@YAMMM@Z    0042d590 f   common.obj
 0001:0002c5c9       ?AnglesSubtract@@YAXABUCVec3@@0AAU1@@Z 0042d5c9 f   common.obj
 0001:0002c622       ?COM_Parse@@YAPADAAPBD_N@Z 0042d622 f   common.obj
 0001:0002c744       ?COM_QuoteString@@YAPBDPBD_N@Z 0042d744 f   common.obj
 0001:0002c7a1       ?Com_CheckCmdlineVar@@YA_NPBD@Z 0042d7a1 f   common.obj
 0001:0002c7fa       ?Com_Init@@YAXPBD@Z        0042d7fa f   common.obj
 0001:0002cba1       ?Com_Frame@@YAXM@Z         0042dba1 f   common.obj
 0001:0002cfa1       ?Com_BlockSequenceCRCByte@@YAEPAEHH@Z 0042dfa1 f   crc.obj
 0001:0002d059       ?Cvar_VariableValue@@YAMPBD@Z 0042e059 f   cvar.obj
 0001:0002d0d0       ?Cvar_VariableInt@@YAHPBD@Z 0042e0d0 f   cvar.obj
 0001:0002d0e7       ?Cvar_VariableString@@YAPBDPBD@Z 0042e0e7 f   cvar.obj
 0001:0002d103       ?Cvar_Get@@YAPAUcvar_t@@PBD0H@Z 0042e103 f   cvar.obj
 0001:0002d3d0       ?Cvar_GetVars@@YAXPBUcvarInfo_t@@H@Z 0042e3d0 f   cvar.obj
 0001:0002d47a       ?Cvar_FullSet@@YAXPAUcvar_t@@PBDI@Z 0042e47a f   cvar.obj
 0001:0002d49a       ?Cvar_FullSet@@YAPAUcvar_t@@PBD0I@Z 0042e49a f   cvar.obj
 0001:0002d4da       ?Cvar_SetValue@@YAPAUcvar_t@@PBDM@Z 0042e4da f   cvar.obj
 0001:0002d673       ?Cvar_SetInteger@@YAPAUcvar_t@@PBDH@Z 0042e673 f   cvar.obj
 0001:0002d697       ?Cvar_Set@@YAPAUcvar_t@@PBD0@Z 0042e697 f   cvar.obj
 0001:0002d6ae       ?Cvar_ForceSet@@YAPAUcvar_t@@PBD0@Z 0042e6ae f   cvar.obj
 0001:0002d6c5       ?Cvar_Clamp@@YAMPAUcvar_t@@MM@Z 0042e6c5 f   cvar.obj
 0001:0002d723       ?Cvar_Command@@YA_NHPAPAD@Z 0042e723 f   cvar.obj
 0001:0002d7be       ?IsDefault@cvar_t@@QAE_NXZ 0042e7be f i cvar.obj
 0001:0002d7db       ?Cvar_WriteVariables@@YAXPAVCOutputDevice@@HHPBD@Z 0042e7db f   cvar.obj
 0001:0002d861       ?Cvar_BitInfo@@YAPBDI@Z    0042e861 f   cvar.obj
 0001:0002d8b3       ?Cvar_Cheats@@YAX_N@Z      0042e8b3 f   cvar.obj
 0001:0002e12a       ?MSG_WriteDeltaEntity@@YAXPAVsizebuf_t@@PBUentityStateEx_t@@PAU2@_N33@Z 0042f12a f   entdelta.obj
 0001:0002e6e6       ?MSG_WriteRemoveEntity@@YAXPAVsizebuf_t@@H@Z 0042f6e6 f   entdelta.obj
 0001:0002e726       ?MSG_ReadEntityBits@@YAHPAVsizebuf_t@@PAIPA_N@Z 0042f726 f   entdelta.obj
 0001:0002e798       ?MSG_ReadDeltaEntity@@YAXPAVsizebuf_t@@PBUentityStateEx_t@@PAU2@I@Z 0042f798 f   entdelta.obj
 0001:0002e81b       ?MSG_WriteDeltaUsercmd@@YAXPAVsizebuf_t@@PBUusercmd_t@@PAU2@@Z 0042f81b f   entdelta.obj
 0001:0002e8aa       ?MSG_ReadDeltaUsercmd@@YAXPAVsizebuf_t@@PBUusercmd_t@@PAU2@@Z 0042f8aa f   entdelta.obj
 0001:0002ebad       ?MSG_WriteDeltaPlayerstate@@YAXPAVsizebuf_t@@PBUplayer_state_t@@PAU2@@Z 0042fbad f   entdelta.obj
 0001:0002ecb6       ?MSG_ReadDeltaPlayerstate@@YAXPAVsizebuf_t@@PBUplayer_state_t@@PAU2@@Z 0042fcb6 f   entdelta.obj
 0001:0002ed70       ?ProcessEntstring@@YAPBDPBD@Z 0042fd70 f   EntityParser.obj
 0001:000303df       ?Inflate@CBox@@QAEXM@Z     004313df f i EntityParser.obj
 0001:00031179       ?LoadPCX@@YAPAEPBDAAH1AAPAE@Z 00432179 f   images.obj
 0001:000312b4       ?LoadTGA@@YAPAEPBDAAH1@Z   004322b4 f   images.obj
 0001:00031548       ?LoadJPG@@YAPAEPBDAAH1@Z   00432548 f   images.obj
 0001:000317fc       ?ImageExists@@YAHPBDH@Z    004327fc f   images.obj
 0001:00031920       ?WriteTGA@@YA_NPBDPAEHH@Z  00432920 f   images.obj
 0001:00031b14       ?WriteJPG@@YA_NPBDPAEHH_N@Z 00432b14 f   images.obj
 0001:00031c45       ??0CBrush@@QAE@ABUCBox@@@Z 00432c45 f   MapBrush.obj
 0001:00031d96       ?Split@CBrush@@QAEPAU1@PAUCPlane@@@Z 00432d96 f   MapBrush.obj
 0001:000327e8       ?GetVec@CAllocVertexPool@@QAEPAUCVec3@@ABU2@@Z 004337e8 f i MapBrush.obj
 0001:0003287c       ?GetBounds@CBrush@@QAEXAAUCBox@@@Z 0043387c f   MapBrush.obj
 0001:000328fe       ?AddBevels@CBrush@@QAEXP6APAUCPlane@@ABUCVec3@@M@Z@Z 004338fe f   MapBrush.obj
 0001:00032bf2       ?Negate@CVec3@@QAEXXZ      00433bf2 f i MapBrush.obj
 0001:00032c00       ?MD4Init@@YAXPAUMD4_CTX@@@Z 00433c00 f   md4.obj
 0001:00032c28       ?MD4Update@@YAXPAUMD4_CTX@@PAEI@Z 00433c28 f   md4.obj
 0001:00032cc6       ?MD4Final@@YAXQAEPAUMD4_CTX@@@Z 00433cc6 f   md4.obj
 0001:000333b7       ?Com_BlockChecksum@@YAIPAXH@Z 004343b7 f   md4.obj
 0001:000333f3       ?LoadQ2BspFile@@YAXXZ      004343f3 f   model.obj
 0001:000338cc       ?LoadQ1BspFile@@YAXXZ      004348cc f   model.obj
 0001:00033bec       ?LoadQ3BspFile@@YAXXZ      00434bec f   model.obj
 0001:00033e59       ?LoadBspFile@@YAPAUbspfile_t@@PBD_NPAI@Z 00434e59 f   model.obj
 0001:00034060       ?Init@sizebuf_t@@QAEXPAXH@Z 00435060 f   msg.obj
 0001:0003407d       ?Write@sizebuf_t@@QAEXPBXH@Z 0043507d f   msg.obj
 0001:000340ef       ?MSG_WriteChar@@YAXPAVsizebuf_t@@H@Z 004350ef f   msg.obj
 0001:000340ef       ?MSG_WriteByte@@YAXPAVsizebuf_t@@H@Z 004350ef f   msg.obj
 0001:00034102       ?MSG_WriteShort@@YAXPAVsizebuf_t@@H@Z 00435102 f   msg.obj
 0001:00034115       ?MSG_WriteLong@@YAXPAVsizebuf_t@@H@Z 00435115 f   msg.obj
 0001:00034128       ?MSG_WriteFloat@@YAXPAVsizebuf_t@@M@Z 00435128 f   msg.obj
 0001:0003413b       ?MSG_WriteString@@YAXPAVsizebuf_t@@PBD@Z 0043513b f   msg.obj
 0001:00034165       ?MSG_WritePos@@YAXPAVsizebuf_t@@ABUCVec3@@@Z 00435165 f   msg.obj
 0001:000341c9       ?MSG_WriteAngle@@YAXPAVsizebuf_t@@M@Z 004351c9 f   msg.obj
 0001:000341f4       ?MSG_WriteAngle16@@YAXPAVsizebuf_t@@M@Z 004351f4 f   msg.obj
 0001:0003421f       ?MSG_WriteDir@@YAXPAVsizebuf_t@@ABUCVec3@@@Z 0043521f f   msg.obj
 0001:00034287       ?MSG_ReadDir@@YAXPAVsizebuf_t@@AAUCVec3@@@Z 00435287 f   msg.obj
 0001:000342ba       ?MSG_ReadChar@@YAHPAVsizebuf_t@@@Z 004352ba f   msg.obj
 0001:000342dd       ?MSG_ReadByte@@YAHPAVsizebuf_t@@@Z 004352dd f   msg.obj
 0001:00034305       ?MSG_ReadShort@@YAHPAVsizebuf_t@@@Z 00435305 f   msg.obj
 0001:0003432e       ?MSG_ReadLong@@YAHPAVsizebuf_t@@@Z 0043532e f   msg.obj
 0001:00034350       ?MSG_ReadString@@YAPADPAVsizebuf_t@@@Z 00435350 f   msg.obj
 0001:00034386       ?MSG_ReadPos@@YAXPAVsizebuf_t@@AAUCVec3@@@Z 00435386 f   msg.obj
 0001:000343d8       ?MSG_ReadAngle@@YAMPAVsizebuf_t@@@Z 004353d8 f   msg.obj
 0001:000343f2       ?MSG_ReadAngle16@@YAMPAVsizebuf_t@@@Z 004353f2 f   msg.obj
 0001:0003440c       ?MSG_ReadData@@YAXPAVsizebuf_t@@PAXH@Z 0043540c f   msg.obj
 0001:0003442f       ?Netchan_Init@@YAXXZ       0043542f f   net_chan.obj
 0001:0003449e       ?Netchan_OutOfBandPrint@@YAXW4netsrc_t@@Unetadr_t@@PBDZZ 0043549e f   net_chan.obj
 0001:00034523       ?Setup@netchan_t@@QAEXW4netsrc_t@@Unetadr_t@@H@Z 00435523 f   net_chan.obj
 0001:00034579       ?NeedReliable@netchan_t@@QAE_NXZ 00435579 f   net_chan.obj
 0001:0003459e       ?Transmit@netchan_t@@QAEXPAXH@Z 0043559e f   net_chan.obj
 0001:00034734       ?Process@netchan_t@@QAE_NPAVsizebuf_t@@@Z 00435734 f   net_chan.obj
 0001:00034861       ?Pmove@@YAXPAUpmove_t@@@Z  00435861 f   pmove.obj
 0001:000364d7       ?FileExists@CQuakeFileSystem@@UAE_NPBDI@Z 004374d7 f i QuakeFileSystem.obj
 0001:0003653e       ?CheckFilename@CQuakeFileSystem@@AAEXPBD@Z 0043753e f i QuakeFileSystem.obj
 0001:000365dd       ?OpenFile@CQuakeFileSystem@@UAEPAVCFile@@PBDI@Z 004375dd f i QuakeFileSystem.obj
 0001:0003666d       ?List@CQuakeFileSystem@@UAEPAVCFileList@@PBDIPAV2@@Z 0043766d f i QuakeFileSystem.obj
 0001:000366ff       ??_GCQuakeFileSystem@@UAEPAXI@Z 004376ff f i QuakeFileSystem.obj
 0001:000366ff       ??_ECQuakeFileSystem@@UAEPAXI@Z 004376ff f i QuakeFileSystem.obj
 0001:000366ff       ??_ECFileSystem@@UAEPAXI@Z 004376ff f i QuakeFileSystem.obj
 0001:000366ff       ??_GCFileSystem@@UAEPAXI@Z 004376ff f i QuakeFileSystem.obj
 0001:0003671f       ?FS_Gamedir@@YAPBDXZ       0043771f f   QuakeFileSystem.obj
 0001:00036725       ?FS_NextPath@@YAPBDPBD@Z   00437725 f   QuakeFileSystem.obj
 0001:00036769       ?FS_CopyFile@@YAXPBD0@Z    00437769 f   QuakeFileSystem.obj
 0001:0003683f       ?FS_CopyFiles@@YAXPBD0@Z   0043783f f   QuakeFileSystem.obj
 0001:00036959       ?FS_RemoveFiles@@YAXPBD@Z  00437959 f   QuakeFileSystem.obj
 0001:00036a14       ?InitFileSystem@@YAXXZ     00437a14 f   QuakeFileSystem.obj
 0001:00036b48       ?Create@CFileContainerPak@@SAPAVCFileContainer@@PBDPAU_iobuf@@@Z 00437b48 f i QuakeFileSystem.obj
 0001:00036cb1       ??0CFileContainerArc@@QAE@XZ 00437cb1 f i QuakeFileSystem.obj
 0001:00036cf8       ??_GCFileContainerArc@@UAEPAXI@Z 00437cf8 f i QuakeFileSystem.obj
 0001:00036cf8       ??_ECFileContainerArc@@UAEPAXI@Z 00437cf8 f i QuakeFileSystem.obj
 0001:00036d27       ?GetType@CFileContainerPak@@MAEPBDXZ 00437d27 f i QuakeFileSystem.obj
 0001:00036d2d       ?OpenLocalFile@CFileContainerPak@@MAEPAVCFile@@ABVCStringItem@@@Z 00437d2d f i QuakeFileSystem.obj
 0001:00036d7d       ?Read@CFilePak@CFileContainerPak@@UAEHPAXH@Z 00437d7d f i QuakeFileSystem.obj
 0001:00036db7       ?GetSize@CFilePak@CFileContainerPak@@UAEHXZ 00437db7 f i QuakeFileSystem.obj
 0001:00036dbe       ?Eof@CFilePak@CFileContainerPak@@UAE_NXZ 00437dbe f i QuakeFileSystem.obj
 0001:00036dcb       ??_ECFilePak@CFileContainerPak@@UAEPAXI@Z 00437dcb f i QuakeFileSystem.obj
 0001:00036dcb       ??_GCFilePak@CFileContainerPak@@UAEPAXI@Z 00437dcb f i QuakeFileSystem.obj
 0001:00036e00       ??_ECFileContainerPak@@UAEPAXI@Z 00437e00 f i QuakeFileSystem.obj
 0001:00036e00       ??_GCFileContainerPak@@UAEPAXI@Z 00437e00 f i QuakeFileSystem.obj
 0001:00036e2f       ?Create@CFileContainerZip@@SAPAVCFileContainer@@PBDPAU_iobuf@@@Z 00437e2f f i QuakeFileSystem.obj
 0001:0003712e       ?GetType@CFileContainerZip@@MAEPBDXZ 0043812e f i QuakeFileSystem.obj
 0001:00037134       ?OpenLocalFile@CFileContainerZip@@MAEPAVCFile@@ABVCStringItem@@@Z 00438134 f i QuakeFileSystem.obj
 0001:000371d0       ??0CFilePak@CFileContainerZip@@QAE@ABVCFileInfo@1@PAU_iobuf@@@Z 004381d0 f i QuakeFileSystem.obj
 0001:00037222       ?Read@CFilePak@CFileContainerZip@@UAEHPAXH@Z 00438222 f i QuakeFileSystem.obj
 0001:0003736b       ?GetSize@CFilePak@CFileContainerZip@@UAEHXZ 0043836b f i QuakeFileSystem.obj
 0001:00037375       ?Eof@CFilePak@CFileContainerZip@@UAE_NXZ 00438375 f i QuakeFileSystem.obj
 0001:00037388       ??_GCFilePak@CFileContainerZip@@UAEPAXI@Z 00438388 f i QuakeFileSystem.obj
 0001:00037388       ??_ECFilePak@CFileContainerZip@@UAEPAXI@Z 00438388 f i QuakeFileSystem.obj
 0001:000373a7       ??1CFilePak@CFileContainerZip@@UAE@XZ 004383a7 f i QuakeFileSystem.obj
 0001:00037416       ??_ECFileContainerZip@@UAEPAXI@Z 00438416 f i QuakeFileSystem.obj
 0001:00037416       ??_GCFileContainerZip@@UAEPAXI@Z 00438416 f i QuakeFileSystem.obj
 0001:00037445       ?Mount@CZResource@@SAPAVCFileContainer@@PBDPBE0PAVCFileSystem@@@Z 00438445 f i QuakeFileSystem.obj
 0001:000375f1       ?GetType@CZResource@@MAEPBDXZ 004385f1 f i QuakeFileSystem.obj
 0001:000375f7       ?OpenLocalFile@CZResource@@MAEPAVCFile@@ABVCStringItem@@@Z 004385f7 f i QuakeFileSystem.obj
 0001:00037628       ??0CFileRes@CZResource@@QAE@ABVCFileInfo@1@PBXH@Z 00438628 f i QuakeFileSystem.obj
 0001:000376db       ?Read@CFileRes@CZResource@@UAEHPAXH@Z 004386db f i QuakeFileSystem.obj
 0001:0003772e       ?GetSize@CFileRes@CZResource@@UAEHXZ 0043872e f i QuakeFileSystem.obj
 0001:00037735       ?Eof@CFileRes@CZResource@@UAE_NXZ 00438735 f i QuakeFileSystem.obj
 0001:00037742       ??_GCFileRes@CZResource@@UAEPAXI@Z 00438742 f i QuakeFileSystem.obj
 0001:00037742       ??_ECFileRes@CZResource@@UAEPAXI@Z 00438742 f i QuakeFileSystem.obj
 0001:00037774       ??_ECZResource@@UAEPAXI@Z  00438774 f i QuakeFileSystem.obj
 0001:00037774       ??_GCZResource@@UAEPAXI@Z  00438774 f i QuakeFileSystem.obj
 0001:000377a3       ?MountGame@CQuakeFileSystem@@QAEXPBD@Z 004387a3 f i QuakeFileSystem.obj
 0001:000377ee       ?SetGameDir@CQuakeFileSystem@@QAE_NPBD@Z 004387ee f i QuakeFileSystem.obj
 0001:000379f0       ?FS_Tick@@YAXXZ            004389f0 f   QuakeFileSystem.obj
 0001:00037b3d       ?CDAudio_Play@@YAXH_N@Z    00438b3d f   cd_win.obj
 0001:00037d30       ?CDAudio_Stop@@YAXXZ       00438d30 f   cd_win.obj
 0001:00037df1       ?CDAudio_Update@@YAXXZ     00438df1 f   cd_win.obj
 0001:00037e94       ?CDAudio_Init@@YA_NXZ      00438e94 f   cd_win.obj
 0001:000382b5       ?CDAudio_Shutdown@@YAXXZ   004392b5 f   cd_win.obj
 0001:000382d8       ?CDAudio_Activate@@YAX_N@Z 004392d8 f   cd_win.obj
 0001:000382ef       ?IN_Init@@YAXXZ            004392ef f   in_win.obj
 0001:0003857c       ?IN_Shutdown@@YAXXZ        0043957c f   in_win.obj
 0001:000387dd       ?IN_Activate@@YAX_N@Z      004397dd f   in_win.obj
 0001:000387ea       ?IN_Frame@@YAXXZ           004397ea f   in_win.obj
 0001:00038b4c       ?IN_Move@@YAXPAUusercmd_t@@@Z 00439b4c f   in_win.obj
 0001:00038ff7       ?NET_CompareAdr@@YA_NPAUnetadr_t@@0@Z 00439ff7 f   net_wins.obj
 0001:00039032       ?NET_CompareBaseAdr@@YA_NPAUnetadr_t@@0@Z 0043a032 f   net_wins.obj
 0001:0003905f       ?NET_AdrToString@@YAPBDPAUnetadr_t@@@Z 0043a05f f   net_wins.obj
 0001:000390a5       ?NET_StringToAdr@@YA_NPBDPAUnetadr_t@@F@Z 0043a0a5 f   net_wins.obj
 0001:000391ba       ?NET_IsLocalAddress@@YA_NPAUnetadr_t@@@Z 0043a1ba f   net_wins.obj
 0001:000391c9       ?NET_GetPacket@@YA_NW4netsrc_t@@PAUnetadr_t@@PAVsizebuf_t@@@Z 0043a1c9 f   net_wins.obj
 0001:00039348       ?NET_SendPacket@@YAXW4netsrc_t@@HPAXUnetadr_t@@@Z 0043a348 f   net_wins.obj
 0001:00039466       ?NET_Config@@YAX_N@Z       0043a466 f   net_wins.obj
 0001:00039641       ?NET_Init@@YAXXZ           0043a641 f   net_wins.obj
 0001:000396f4       ?SNDDMA_Init@@YA_NXZ       0043a6f4 f   snd_win.obj
 0001:00039d3f       ?SNDDMA_GetDMAPos@@YAHXZ   0043ad3f f   snd_win.obj
 0001:00039d89       ?SNDDMA_BeginPainting@@YAXXZ 0043ad89 f   snd_win.obj
 0001:00039ea8       ?SNDDMA_Submit@@YAXXZ      0043aea8 f   snd_win.obj
 0001:00039ecd       ?SNDDMA_Shutdown@@YAXXZ    0043aecd f   snd_win.obj
 0001:00039ed2       ?S_Activate@@YAX_N@Z       0043aed2 f   snd_win.obj
 0001:00039f25       ?Write@COutputDeviceWin32Console@@UAEXPBD@Z 0043af25 f i sys_win.obj
 0001:00039f9d       ?EraseInput@COutputDeviceWin32Console@@QAEXXZ 0043af9d f i sys_win.obj
 0001:0003a023       ??_ECOutputDeviceWin32Console@@UAEPAXI@Z 0043b023 f i sys_win.obj
 0001:0003a023       ??_GCOutputDeviceWin32Console@@UAEPAXI@Z 0043b023 f i sys_win.obj
 0001:0003a043       ?Sys_ConsoleInput@@YAPADXZ 0043b043 f   sys_win.obj
 0001:0003a2cc       ?Sys_ProcessMessages@@YAXXZ 0043b2cc f   sys_win.obj
 0001:0003a385       _WinMain@16                0043b385 f   sys_win.obj
 0001:0003a68d       ??_ECOutputDeviceCon@@UAEPAXI@Z 0043b68d f i sys_win.obj
 0001:0003a68d       ??_GCOutputDeviceCon@@UAEPAXI@Z 0043b68d f i sys_win.obj
 0001:0003a735       ?Init@COutputDeviceWin32Console@@QAEXXZ 0043b735 f i sys_win.obj
 0001:0003a75f       ?AddMsgHook@@YAXP6A_NIIJ@Z@Z 0043b75f f   vid_dll.obj
 0001:0003a7a6       ?RemoveMsgHook@@YAXP6A_NIIJ@Z@Z 0043b7a6 f   vid_dll.obj
 0001:0003a7d9       ?Vid_CreateWindow@@YAPAXHH_N@Z 0043b7d9 f   vid_dll.obj
 0001:0003aed2       ?Vid_DestroyWindow@@YAX_N@Z 0043bed2 f   vid_dll.obj
 0001:0003af11       ?Vid_Restart@@YAXXZ        0043bf11 f   vid_dll.obj
 0001:0003af1d       ?Vid_GetModeInfo@@YA_NPAH0H@Z 0043bf1d f   vid_dll.obj
 0001:0003af4f       ?Vid_Tick@@YAXXZ           0043bf4f f   vid_dll.obj
 0001:0003b100       ?Vid_Init@@YAXXZ           0043c100 f   vid_dll.obj
 0001:0003b1a3       ?Vid_Shutdown@@YAXXZ       0043c1a3 f   vid_dll.obj
 0001:0003b1c2       ?BK_FlushShader@OpenGLDrv@@YAXXZ 0043c1c2 f   gl_backend.obj
 0001:0003d9ec       ?Tesselate@surfacePlanar_t@OpenGLDrv@@UAEXAAUrefEntity_t@2@@Z 0043e9ec f   gl_backend.obj
 0001:0003db52       ?Tesselate@surfaceTrisurf_t@OpenGLDrv@@UAEXAAUrefEntity_t@2@@Z 0043eb52 f   gl_backend.obj
 0001:0003dc5a       ?Tesselate@surfacePoly_t@OpenGLDrv@@UAEXAAUrefEntity_t@2@@Z 0043ec5a f   gl_backend.obj
 0001:0003dd61       ?Tesselate@surfaceMd3_t@OpenGLDrv@@UAEXAAUrefEntity_t@2@@Z 0043ed61 f   gl_backend.obj
 0001:0003e30f       ?DrawBrush@OpenGLDrv@@YAXPBUCBrush@@PBDH@Z 0043f30f f   gl_backend.obj
 0001:0003e372       ?Tesselate@surfaceEntity_t@OpenGLDrv@@UAEXAAUrefEntity_t@2@@Z 0043f372 f   gl_backend.obj
 0001:0003e456       ?Tesselate@surfaceParticle_t@OpenGLDrv@@UAEXAAUrefEntity_t@2@@Z 0043f456 f   gl_backend.obj
 0001:0003e6a6       ?BK_DrawScene@OpenGLDrv@@YAXXZ 0043f6a6 f   gl_backend.obj
 0001:0003ef8d       ?BK_DrawPic@OpenGLDrv@@YAXPAVshader_t@1@HHHHMMMMIE@Z 0043ff8d f   gl_backend.obj
 0001:0003f16e       ?BK_DrawText@OpenGLDrv@@YAXPBDHHHHHI@Z 0044016e f   gl_backend.obj
 0001:0003f363       ?BK_BeginFrame@OpenGLDrv@@YAXXZ 00440363 f   gl_backend.obj
 0001:0003f3c7       ?BK_EndFrame@OpenGLDrv@@YAXXZ 004403c7 f   gl_backend.obj
 0001:0003f41c       ?BK_Init@OpenGLDrv@@YAXXZ  0044041c f   gl_backend.obj
 0001:0003f44b       ?BK_Shutdown@OpenGLDrv@@YAXXZ 0044044b f   gl_backend.obj
 0001:0003f463       ?AllocDynamicMemory@OpenGLDrv@@YAPAXH@Z 00440463 f   gl_buffers.obj
 0001:0003f4d1       ?ResizeDynamicMemory@OpenGLDrv@@YAXPAXH@Z 004404d1 f   gl_buffers.obj
 0001:0003f515       ?AddSurfaceToPortal@OpenGLDrv@@YAXPAVsurfaceBase_t@1@PAVshader_t@1@HH@Z 00440515 f   gl_buffers.obj
 0001:0003f586       ?InsertShaderIndex@OpenGLDrv@@YAXH@Z 00440586 f   gl_buffers.obj
 0001:0003f5c2       ?ClearPortal@OpenGLDrv@@YAXXZ 004405c2 f   gl_buffers.obj
 0001:0003f5e0       ?SortSurfaces@OpenGLDrv@@YAXPAUviewPortal_t@1@PAPAUsurfaceInfo_t@1@@Z 004405e0 f   gl_buffers.obj
 0001:0003f772       ?ClearBuffers@OpenGLDrv@@YAXXZ 00440772 f   gl_buffers.obj
 0001:0003f789       ?CreateBuffers@OpenGLDrv@@YAXXZ 00440789 f   gl_buffers.obj
 0001:0003f7af       ?FreeBuffers@OpenGLDrv@@YAXXZ 004407af f   gl_buffers.obj
 0001:0003f7d3       ?InitEntity@model_t@OpenGLDrv@@UAE_NPAUentity_t@@PAUrefEntity_t@2@@Z 004407d3 f   gl_frontend.obj
 0001:0003f7d8       ?AddSurfaces@model_t@OpenGLDrv@@UAEXPAUrefEntity_t@2@@Z 004407d8 f   gl_frontend.obj
 0001:0003f809       ?GetLeaf@model_t@OpenGLDrv@@UAEPBUCBspLeaf@@PAUrefEntity_t@2@@Z 00440809 f   gl_frontend.obj
 0001:0003f820       ?DrawLabel@model_t@OpenGLDrv@@UAEXPAUrefEntity_t@2@@Z 00440820 f   gl_frontend.obj
 0001:0003f823       ?InitEntity@inlineModel_t@OpenGLDrv@@UAE_NPAUentity_t@@PAUrefEntity_t@2@@Z 00440823 f   gl_frontend.obj
 0001:0003f890       ?AddSurfaces@inlineModel_t@OpenGLDrv@@UAEXPAUrefEntity_t@2@@Z 00440890 f   gl_frontend.obj
 0001:0003fdee       ?GetLeaf@inlineModel_t@OpenGLDrv@@UAEPBUCBspLeaf@@PAUrefEntity_t@2@@Z 00440dee f   gl_frontend.obj
 0001:0003ff99       ?DrawLabel@inlineModel_t@OpenGLDrv@@UAEXPAUrefEntity_t@2@@Z 00440f99 f   gl_frontend.obj
 0001:0003ffe2       ?InitEntity@md3Model_t@OpenGLDrv@@UAE_NPAUentity_t@@PAUrefEntity_t@2@@Z 00440fe2 f   gl_frontend.obj
 0001:000401c0       ?AddSurfaces@md3Model_t@OpenGLDrv@@UAEXPAUrefEntity_t@2@@Z 004411c0 f   gl_frontend.obj
 0001:000402fa       ?GetLeaf@md3Model_t@OpenGLDrv@@UAEPBUCBspLeaf@@PAUrefEntity_t@2@@Z 004412fa f   gl_frontend.obj
 0001:00040335       ?DrawLabel@md3Model_t@OpenGLDrv@@UAEXPAUrefEntity_t@2@@Z 00441335 f   gl_frontend.obj
 0001:0004039e       ?InitEntity@sprModel_t@OpenGLDrv@@UAE_NPAUentity_t@@PAUrefEntity_t@2@@Z 0044139e f   gl_frontend.obj
 0001:000403c1       ?AddSurfaces@sprModel_t@OpenGLDrv@@UAEXPAUrefEntity_t@2@@Z 004413c1 f   gl_frontend.obj
 0001:0004053f       ?GetLeaf@sprModel_t@OpenGLDrv@@UAEPBUCBspLeaf@@PAUrefEntity_t@2@@Z 0044153f f   gl_frontend.obj
 0001:00040627       ?AddEntity@OpenGLDrv@@YAXPAUentity_t@@@Z 00441627 f   gl_frontend.obj
 0001:000407e0       ?AddDlight@OpenGLDrv@@YAXPAUdlight_t@@@Z 004417e0 f   gl_frontend.obj
 0001:00040998       ?DrawPortal@OpenGLDrv@@YAXXZ 00441998 f   gl_frontend.obj
 0001:00042bb0       ?GL_TextureMode@OpenGLDrv@@YAXPBD@Z 00443bb0 f   gl_image.obj
 0001:00042c5b       ?CreateImage@OpenGLDrv@@YAPAVimage_t@1@PBDPAXHHI@Z 00443c5b f   gl_image.obj
 0001:00043a0d       ?CreateImage8@OpenGLDrv@@YAPAVimage_t@1@PBDPAXHHIPAI@Z 00444a0d f   gl_image.obj
 0001:00043aec       ?LoadDelayedImages@OpenGLDrv@@YAXXZ 00444aec f   gl_image.obj
 0001:00043b7f       ?DrawStretchRaw8@OpenGLDrv@@YAXHHHHHHPAEPAI@Z 00444b7f f   gl_image.obj
 0001:00043eb2       ?SetupGamma@OpenGLDrv@@YAXXZ 00444eb2 f   gl_image.obj
 0001:00043ff8       ?PerformScreenshot@OpenGLDrv@@YAXXZ 00444ff8 f   gl_image.obj
 0001:00044269       ?InitImages@OpenGLDrv@@YAXXZ 00445269 f   gl_image.obj
 0001:00044a42       ?ShutdownImages@OpenGLDrv@@YAXXZ 00445a42 f   gl_image.obj
 0001:00044aa9       ?ShowImages@OpenGLDrv@@YAXXZ 00445aa9 f   gl_image.obj
 0001:00044d35       ?FindImage@OpenGLDrv@@YAPAVimage_t@1@PBDI@Z 00445d35 f   gl_image.obj
 0001:00045119       ?GetImageColor@OpenGLDrv@@YA_NPBDIPATcolor_t@@@Z 00446119 f   gl_image.obj
 0001:0004518a       ?GL_Lock@OpenGLDrv@@YAXXZ  0044618a f   gl_interface.obj
 0001:00045202       ?GL_Unlock@OpenGLDrv@@YAXXZ 00446202 f   gl_interface.obj
 0001:000453c4       ?GL_Bind@OpenGLDrv@@YAXPBVimage_t@1@@Z 004463c4 f   gl_interface.obj
 0001:00045559       ?GL_BindForce@OpenGLDrv@@YAXPBVimage_t@1@@Z 00446559 f   gl_interface.obj
 0001:000455f1       ?GL_TexEnv@OpenGLDrv@@YAXI@Z 004465f1 f   gl_interface.obj
 0001:00045770       ?GL_TexMipBias@OpenGLDrv@@YAXM@Z 00446770 f   gl_interface.obj
 0001:000457cc       ?GL_TexEnvColor@OpenGLDrv@@YAXPBTcolor_t@@@Z 004467cc f   gl_interface.obj
 0001:0004587c       ?GL_SelectTexture@OpenGLDrv@@YAXH@Z 0044687c f   gl_interface.obj
 0001:000458df       ?GL_TexCoordPointer@OpenGLDrv@@YAXPAX@Z 004468df f   gl_interface.obj
 0001:00045912       ?GL_SetMultitexture@OpenGLDrv@@YAXH@Z 00446912 f   gl_interface.obj
 0001:00045a03       ?GL_DisableTexCoordArrays@OpenGLDrv@@YAXXZ 00446a03 f   gl_interface.obj
 0001:00045a57       ?GL_CullFace@OpenGLDrv@@YAXW4gl_cullMode_t@1@@Z 00446a57 f   gl_interface.obj
 0001:00045aab       ?GL_DepthRange@OpenGLDrv@@YAXW4gl_depthMode_t@1@@Z 00446aab f   gl_interface.obj
 0001:00045ae1       ?GL_State@OpenGLDrv@@YAXI@Z 00446ae1 f   gl_interface.obj
 0001:00045c31       ?GL_EnableFog@OpenGLDrv@@YAX_N@Z 00446c31 f   gl_interface.obj
 0001:00045d0b       ?GL_SetDefaultState@OpenGLDrv@@YAXXZ 00446d0b f   gl_interface.obj
 0001:00045e62       ?GL_Set2DMode@OpenGLDrv@@YAXXZ 00446e62 f   gl_interface.obj
 0001:00045f56       ?GL_Set3DMode@OpenGLDrv@@YAXPAUviewPortal_t@1@@Z 00446f56 f   gl_interface.obj
 0001:00046041       ?Show@CPointLight@OpenGLDrv@@UBEXXZ 00447041 f   gl_light.obj
 0001:00046247       ?Show@CSurfLight@OpenGLDrv@@UBEXXZ 00447247 f   gl_light.obj
 0001:000463a7       ?ShowLights@OpenGLDrv@@YAXXZ 004473a7 f   gl_light.obj
 0001:00046416       ?Init@CPointLight@OpenGLDrv@@UAEXXZ 00447416 f   gl_light.obj
 0001:0004642e       ?Init@CLightLinear@OpenGLDrv@@EAEXXZ 0044742e f   gl_light.obj
 0001:00046462       ?GetScale@CLightLinear@OpenGLDrv@@EBEMM@Z 00447462 f   gl_light.obj
 0001:00046472       ?Init@CLightInv@OpenGLDrv@@EAEXXZ 00447472 f   gl_light.obj
 0001:0004648e       ?GetScale@CLightInv@OpenGLDrv@@EBEMM@Z 0044748e f   gl_light.obj
 0001:000464aa       ?Init@CLightInv2@OpenGLDrv@@EAEXXZ 004474aa f   gl_light.obj
 0001:00046513       ?GetScale@CLightInv2@OpenGLDrv@@EBEMM@Z 00447513 f   gl_light.obj
 0001:00046535       ?Init@CLightNofade@OpenGLDrv@@EAEXXZ 00447535 f   gl_light.obj
 0001:00046546       ?GetScale@CLightNofade@OpenGLDrv@@EBEMM@Z 00447546 f   gl_light.obj
 0001:0004654c       ?Add@CPointLight@OpenGLDrv@@UBEXABUCVec3@@ABUCAxis@@@Z 0044754c f   gl_light.obj
 0001:00046998       ?Init@CSurfLight@OpenGLDrv@@UAEXXZ 00447998 f   gl_light.obj
 0001:00046a73       ?Add@CSurfLight@OpenGLDrv@@UBEXABUCVec3@@ABUCAxis@@@Z 00447a73 f   gl_light.obj
 0001:00046e94       ?Init@CSunLight@OpenGLDrv@@UAEXXZ 00447e94 f   gl_light.obj
 0001:00046f41       ?Add@CSunLight@OpenGLDrv@@UBEXABUCVec3@@ABUCAxis@@@Z 00447f41 f   gl_light.obj
 0001:00047007       ?LightForEntity@OpenGLDrv@@YAXPAUrefEntity_t@1@@Z 00448007 f   gl_light.obj
 0001:000478e2       ?DiffuseLight@OpenGLDrv@@YAXPATcolor_t@@M@Z 004488e2 f   gl_light.obj
 0001:00047b2e       ?InitLightGrid@OpenGLDrv@@YAXXZ 00448b2e f   gl_light.obj
 0001:00047bd4       ?PostLoadLights@OpenGLDrv@@YAXXZ 00448bd4 f   gl_light.obj
 0001:00047cbd       ?LM_Init@OpenGLDrv@@YAXXZ  00448cbd f   gl_lightmap.obj
 0001:00047cd3       ?LM_Flush@OpenGLDrv@@YAXPAUlightmapBlock_t@1@@Z 00448cd3 f   gl_lightmap.obj
 0001:00047d33       ?LM_Done@OpenGLDrv@@YAXXZ  00448d33 f   gl_lightmap.obj
 0001:00047d5a       ?LM_Save@OpenGLDrv@@YAXPAUlightmapBlock_t@1@@Z 00448d5a f   gl_lightmap.obj
 0001:00047d75       ?LM_Restore@OpenGLDrv@@YAXPAUlightmapBlock_t@1@@Z 00448d75 f   gl_lightmap.obj
 0001:00047d90       ?LM_NewBlock@OpenGLDrv@@YAPAUlightmapBlock_t@1@XZ 00448d90 f   gl_lightmap.obj
 0001:00047def       ?LM_Rewind@OpenGLDrv@@YAXXZ 00448def f   gl_lightmap.obj
 0001:00047df7       ?LM_NextBlock@OpenGLDrv@@YAPAUlightmapBlock_t@1@XZ 00448df7 f   gl_lightmap.obj
 0001:00047e24       ?LM_CheckMinlight@OpenGLDrv@@YAXPAUdynamicLightmap_t@1@@Z 00448e24 f   gl_lightmap.obj
 0001:00047eba       ?LM_AllocBlock@OpenGLDrv@@YA_NPAUlightmapBlock_t@1@PAUdynamicLightmap_t@1@@Z 00448eba f   gl_lightmap.obj
 0001:00047fe0       ?LM_Copy@OpenGLDrv@@YAXPAE0H@Z 00448fe0 f   gl_lightmap.obj
 0001:00048359       ?LM_PutBlock@OpenGLDrv@@YAXPAUdynamicLightmap_t@1@@Z 00449359 f   gl_lightmap.obj
 0001:00048470       ?LM_PutBlock1@OpenGLDrv@@YAXPAUdynamicLightmap_t@1@@Z 00449470 f   gl_lightmap.obj
 0001:000485c1       ?LM_SortLightStyles@OpenGLDrv@@YAXPAUdynamicLightmap_t@1@@Z 004495c1 f   gl_lightmap.obj
 0001:00048653       ?UpdateDynamicLightmap@OpenGLDrv@@YAXPAVsurfacePlanar_t@1@_NI@Z 00449653 f   gl_lightmap.obj
 0001:00048e93       ?LM_IsMonotone@OpenGLDrv@@YA_NPAUdynamicLightmap_t@1@PATcolor_t@@@Z 00449e93 f   gl_lightmap.obj
 0001:00048f9a       ?Init@OpenGLDrv@@YA_NXZ    00449f9a f   gl_main.obj
 0001:0004968a       ?Shutdown@OpenGLDrv@@YAX_N@Z 0044a68a f   gl_main.obj
 0001:00049713       ?GL_EnableRendering@OpenGLDrv@@YAX_N@Z 0044a713 f   gl_main.obj
 0001:00049731       ?BeginFrame@OpenGLDrv@@YAXN@Z 0044a731 f   gl_main.obj
 0001:0004985e       ?EndFrame@OpenGLDrv@@YAXXZ 0044a85e f   gl_main.obj
 0001:00049876       ?RenderFrame@OpenGLDrv@@YAXPAUrefdef_t@@@Z 0044a876 f   gl_main.obj
 0001:00049dbc       ?Zero@FDrawStats@OpenGLDrv@@QAEXXZ 0044adbc f i gl_main.obj
 0001:0004a1cd       ?Fill8@OpenGLDrv@@YAXHHHHH@Z 0044b1cd f   gl_main.obj
 0001:0004a210       ?Fill@OpenGLDrv@@YAXHHHHI@Z 0044b210 f   gl_main.obj
 0001:0004a24c       ?TileClear@OpenGLDrv@@YAXHHHHPBD@Z 0044b24c f   gl_main.obj
 0001:0004a2ed       ?DrawStretchPic@OpenGLDrv@@YAXHHHHPBD@Z 0044b2ed f   gl_main.obj
 0001:0004a332       ?DrawDetailedPic@OpenGLDrv@@YAXHHHHPBD@Z 0044b332 f   gl_main.obj
 0001:0004a3dc       ?DrawPic@OpenGLDrv@@YAXHHPBDHH@Z 0044b3dc f   gl_main.obj
 0001:0004a464       ?LoadNewWorld@OpenGLDrv@@YAXXZ 0044b464 f   gl_main.obj
 0001:0004a484       ?DumpLoadStats@OpenGLDrv@@YAXXZ 0044b484 f   gl_main.obj
 0001:0004a50a       ?FinishLoadingWorld@OpenGLDrv@@YAXXZ 0044b50a f   gl_main.obj
 0001:0004a50f       ?RegisterPic@OpenGLDrv@@YAPAVCBasicImage@@PBD@Z 0044b50f f   gl_main.obj
 0001:0004a523       ?RegisterSkin@OpenGLDrv@@YAPAVCBasicImage@@PBD_N@Z 0044b523 f   gl_main.obj
 0001:0004a543       ?RegisterModel@OpenGLDrv@@YAPAVCRenderModel@@PBD@Z 0044b543 f   gl_main.obj
 0001:0004a551       ?SetSky@OpenGLDrv@@YAXPBDMABUCVec3@@@Z 0044b551 f   gl_main.obj
 0001:0004a659       ?Screenshot@OpenGLDrv@@YAXHPBD@Z 0044b659 f   gl_main.obj
 0001:0004a681       ?GetClientLight@OpenGLDrv@@YAMXZ 0044b681 f   gl_main.obj
 0001:0004a688       ?InitFuncTables@OpenGLDrv@@YAXXZ 0044b688 f   gl_math.obj
 0001:0004a78c       ?BuildRotationAxis@OpenGLDrv@@YAXAAUCAxis@@ABUCVec3@@M@Z 0044b78c f   gl_math.obj
 0001:0004a883       ?GetBoxRect@OpenGLDrv@@YA_NPBUrefEntity_t@1@ABUCVec3@@QAM2_N@Z 0044b883 f   gl_math.obj
 0001:0004ab8d       ?ProjectToScreen@OpenGLDrv@@YA_NABUCVec3@@QAH@Z 0044bb8d f   gl_math.obj
 0001:0004acd0       ?SaturateColor3f@OpenGLDrv@@YAXAAUCVec3@@@Z 0044bcd0 f   gl_math.obj
 0001:0004adc0       ?SaturateColor4b@OpenGLDrv@@YAXPATcolor_t@@@Z 0044bdc0 f   gl_math.obj
 0001:0004aece       ?SubdividePlane@OpenGLDrv@@YAHPAPAUCVec3@@HM@Z 0044bece f   gl_poly.obj
 0001:0004b3ad       ?FreeSubdividedPlane@OpenGLDrv@@YAXXZ 0044c3ad f   gl_poly.obj
 0001:0004b3c5       ?GetSubdivideIndexes@OpenGLDrv@@YAXPAH@Z 0044c3c5 f   gl_poly.obj
 0001:0004b41b       ?RemoveCollinearPoints@OpenGLDrv@@YAHPAPAUCVec3@@H@Z 0044c41b f   gl_poly.obj
 0001:0004b511       ?InitShaders@OpenGLDrv@@YAXXZ 0044c511 f   gl_shader.obj
 0001:0004b6af       ?ShutdownShaders@OpenGLDrv@@YAXXZ 0044c6af f   gl_shader.obj
 0001:0004b6ed       ?GetLightmapImage@OpenGLDrv@@YAPAVimage_t@1@H@Z 0044c6ed f   gl_shader.obj
 0001:0004b718       ?SetShaderLightmap@OpenGLDrv@@YAPAVshader_t@1@PAV21@H@Z 0044c718 f   gl_shader.obj
 0001:0004baec       ??4shader_t@OpenGLDrv@@QAEAAV01@ABV01@@Z 0044caec f i gl_shader.obj
 0001:0004bdb6       ?SetShaderLightstyles@OpenGLDrv@@YAPAVshader_t@1@PAV21@I_N@Z 0044cdb6 f   gl_shader.obj
 0001:0004be68       ?GetAlphaShader@OpenGLDrv@@YAPAVshader_t@1@PAV21@@Z 0044ce68 f   gl_shader.obj
 0001:0004c34f       ?SetShaderAnimFreq@OpenGLDrv@@YAXPAVshader_t@1@H@Z 0044d34f f   gl_shader.obj
 0001:0004c3a5       ?FindShader@OpenGLDrv@@YAPAVshader_t@1@PBDI@Z 0044d3a5 f   gl_shader.obj
 0001:0004e059       ?GetShaderByNum@OpenGLDrv@@YAPAVshader_t@1@H@Z 0044f059 f   gl_shader.obj
 0001:0004e07b       ?ResetShaders@OpenGLDrv@@YAXXZ 0044f07b f   gl_shader.obj
 0001:0004e2b0       ?Reload@shader_t@OpenGLDrv@@UAEXXZ 0044f2b0 f   gl_shader.obj
 0001:0004e2df       ?ClearSky@OpenGLDrv@@YAXXZ 0044f2df f   gl_sky.obj
 0001:0004e33c       ?AddSkySurface@OpenGLDrv@@YAXPAVsurfacePlanar_t@1@E@Z 0044f33c f   gl_sky.obj
 0001:0004e96a       ?DrawSky@OpenGLDrv@@YAXXZ  0044f96a f   gl_sky.obj
 0001:0004f1bc       ?DrawChar@OpenGLDrv@@YAXHHHH@Z 004501bc f   gl_text.obj
 0001:0004f216       ?ClearTexts@OpenGLDrv@@YAXXZ 00450216 f   gl_text.obj
 0001:0004f22b       ?FlushTexts@OpenGLDrv@@YAXXZ 0045022b f   gl_text.obj
 0001:0004f2d7       ?DrawTextPos@OpenGLDrv@@YAXHHPBDI@Z 004502d7 f   gl_text.obj
 0001:0004f303       ?DrawTextLeft@OpenGLDrv@@YAXPBDI@Z 00450303 f   gl_text.obj
 0001:0004f38b       ?DrawTextRight@OpenGLDrv@@YAXPBDI@Z 0045038b f   gl_text.obj
 0001:0004f3d5       ?DrawText3D@OpenGLDrv@@YAXABUCVec3@@PBDI@Z 004503d5 f   gl_text.obj
 0001:0004f402       ?InitTexts@OpenGLDrv@@YAXXZ 00450402 f   gl_text.obj
 0001:0004f41c       ??0?$TTextContainer@UCRText@OpenGLDrv@@$0BAAAA@@@QAE@XZ 0045041c f i gl_text.obj
 0001:0004f441       ?FindModel@OpenGLDrv@@YAPAVmodel_t@1@PBD@Z 00450441 f   gl_model.obj
 0001:0004f61d       ?FreeModels@OpenGLDrv@@YAXXZ 0045061d f   gl_model.obj
 0001:0004f68f       ?InitModels@OpenGLDrv@@YAXXZ 0045068f f   gl_model.obj
 0001:0004f785       ?ShutdownModels@OpenGLDrv@@YAXXZ 00450785 f   gl_model.obj
 0001:0004f796       ?LoadWorldMap@OpenGLDrv@@YAXXZ 00450796 f   gl_bspmodel.obj
 0001:0004fc09       ?GetName@CLightLinear@OpenGLDrv@@EBEPBDXZ 00450c09 f i gl_bspmodel.obj
 0001:0004fc0f       ?GetName@CLightInv@OpenGLDrv@@EBEPBDXZ 00450c0f f i gl_bspmodel.obj
 0001:0004fc15       ?GetName@CLightInv2@OpenGLDrv@@EBEPBDXZ 00450c15 f i gl_bspmodel.obj
 0001:0004fc1b       ?GetName@CLightNofade@OpenGLDrv@@EBEPBDXZ 00450c1b f i gl_bspmodel.obj
 0001:0004fc21       ?Flush@COutputDevice@@UAEXXZ 00450c21 f i gl_bspmodel.obj
 0001:0004fc21       ?Close@COutputDevice@@UAEXXZ 00450c21 f i gl_bspmodel.obj
[...]
 0001:00064e0f       _noscale                   00465e0f f   libs-vc-win32:jcscale.obj
 0001:000648b8       _start_pass                004658b8 f   libs-vc-win32:jcpred.obj
 0001:00064910       _reset_predictor           00465910 f   libs-vc-win32:jcpred.obj
 0001:0006493d       _jpeg_difference_first_row 0046593d f   libs-vc-win32:jcpred.obj
 0001:00064a27       _jpeg_difference1          00465a27 f   libs-vc-win32:jcpred.obj
 0001:00064a95       _jpeg_difference2          00465a95 f   libs-vc-win32:jcpred.obj
 0001:00064b06       _jpeg_difference3          00465b06 f   libs-vc-win32:jcpred.obj
 0001:00064b7e       _jpeg_difference4          00465b7e f   libs-vc-win32:jcpred.obj
 0001:00064c09       _jpeg_difference5          00465c09 f   libs-vc-win32:jcpred.obj
 0001:00064c9c       _jpeg_difference6          00465c9c f   libs-vc-win32:jcpred.obj
 0001:00064d2b       _jpeg_difference7          00465d2b f   libs-vc-win32:jcpred.obj
 0001:000641a7       _start_pass_huff           004651a7 f   libs-vc-win32:jclhuff.obj
 0001:00064344       _encode_mcus_huff          00465344 f   libs-vc-win32:jclhuff.obj
 0001:0006452f       _emit_bits                 0046552f f   libs-vc-win32:jclhuff.obj
 0001:000645d2       _dump_buffer               004655d2 f   libs-vc-win32:jclhuff.obj
 0001:000645f6       _emit_restart              004655f6 f   libs-vc-win32:jclhuff.obj
 0001:00064641       _flush_bits                00465641 f   libs-vc-win32:jclhuff.obj
 0001:00064665       _finish_pass_huff          00465665 f   libs-vc-win32:jclhuff.obj
 0001:000646d2       _encode_mcus_gather        004656d2 f   libs-vc-win32:jclhuff.obj
 0001:000647fb       _finish_pass_gather        004657fb f   libs-vc-win32:jclhuff.obj
 0001:00064891       _need_optimization_pass    00465891 f   libs-vc-win32:jclhuff.obj
 0001:00063d85       _start_pass_diff           00464d85 f   libs-vc-win32:jcdiffct.obj
 0001:00063e23       _start_iMCU_row            00464e23 f   libs-vc-win32:jcdiffct.obj
 0001:00063e65       _compress_data             00464e65 f   libs-vc-win32:jcdiffct.obj
 0001:00063ffb       _compress_first_pass       00464ffb f   libs-vc-win32:jcdiffct.obj
 0001:000640f0       _compress_output           004650f0 f   libs-vc-win32:jcdiffct.obj
 0001:00063998       _start_pass_fdctmgr        00464998 f   libs-vc-win32:jcdctmgr.obj
 0001:00063a9a       _forward_DCT_float         00464a9a f   libs-vc-win32:jcdctmgr.obj
 0001:00062ecd       _start_pass_phuff          00463ecd f   libs-vc-win32:jcphuff.obj
 0001:0006303a       _encode_mcu_DC_first       0046403a f   libs-vc-win32:jcphuff.obj
 0001:0006316c       _emit_bits                 0046416c f   libs-vc-win32:jcphuff.obj
 0001:00063217       _dump_buffer               00464217 f   libs-vc-win32:jcphuff.obj
 0001:0006324f       _emit_symbol               0046424f f   libs-vc-win32:jcphuff.obj
 0001:0006328f       _emit_restart              0046428f f   libs-vc-win32:jcphuff.obj
 0001:00063318       _emit_eobrun               00464318 f   libs-vc-win32:jcphuff.obj
 0001:0006339e       _encode_mcu_AC_first       0046439e f   libs-vc-win32:jcphuff.obj
 0001:00063532       _encode_mcu_DC_refine      00464532 f   libs-vc-win32:jcphuff.obj
 0001:000635ec       _encode_mcu_AC_refine      004645ec f   libs-vc-win32:jcphuff.obj
 0001:00063803       _finish_pass_phuff         00464803 f   libs-vc-win32:jcphuff.obj
 0001:00063852       _finish_pass_gather_phuff  00464852 f   libs-vc-win32:jcphuff.obj
 0001:00063915       _need_optimization_pass    00464915 f   libs-vc-win32:jcphuff.obj
 0001:00062668       _start_pass_huff           00463668 f   libs-vc-win32:jcshuff.obj
 0001:000627dd       _encode_mcu_huff           004637dd f   libs-vc-win32:jcshuff.obj
 0001:000628e8       _encode_one_block          004638e8 f   libs-vc-win32:jcshuff.obj
 0001:00062a5f       _emit_bits                 00463a5f f   libs-vc-win32:jcshuff.obj
 0001:00062b02       _dump_buffer               00463b02 f   libs-vc-win32:jcshuff.obj
 0001:00062b26       _emit_restart              00463b26 f   libs-vc-win32:jcshuff.obj
 0001:00062b93       _flush_bits                00463b93 f   libs-vc-win32:jcshuff.obj
 0001:00062bb7       _finish_pass_huff          00463bb7 f   libs-vc-win32:jcshuff.obj
 0001:00062c26       _encode_mcu_gather         00463c26 f   libs-vc-win32:jcshuff.obj
 0001:00062cdc       _htest_one_block           00463cdc f   libs-vc-win32:jcshuff.obj
 0001:00062da3       _finish_pass_gather        00463da3 f   libs-vc-win32:jcshuff.obj
 0001:00064891       _need_optimization_pass    00465891 f   libs-vc-win32:jclhuff.obj
 0001:0006203b       _start_pass_coef           0046303b f   libs-vc-win32:jccoefct.obj
 0001:00063e23       _start_iMCU_row            00464e23 f   libs-vc-win32:jcdiffct.obj
 0001:000620d0       _compress_data             004630d0 f   libs-vc-win32:jccoefct.obj
 0001:000622b7       _compress_first_pass       004632b7 f   libs-vc-win32:jccoefct.obj
 0001:0006249d       _compress_output           0046349d f   libs-vc-win32:jccoefct.obj
 0001:00061f53       _calc_output_dimensions    00462f53 f   libs-vc-win32:jdlossls.obj
 0001:00061f64       _start_input_pass          00462f64 f   libs-vc-win32:jdlossls.obj
 0001:00061c92       _calc_output_dimensions    00462c92 f   libs-vc-win32:jdlossy.obj
 0001:00061e05       _start_input_pass          00462e05 f   libs-vc-win32:jdlossy.obj
 0001:00061e25       _latch_quant_tables        00462e25 f   libs-vc-win32:jdlossy.obj
 0001:00061ebd       _start_output_pass         00462ebd f   libs-vc-win32:jdlossy.obj
 0001:00061be1       _start_pass                00462be1 f   libs-vc-win32:jclossls.obj
 0001:00061b4d       _start_pass                00462b4d f   libs-vc-win32:jclossy.obj
 0001:000610a2       _initial_setup             004620a2 f   libs-vc-win32:jcmaster.obj
 0001:00061255       _validate_script           00462255 f   libs-vc-win32:jcmaster.obj
 0001:0006162d       _prepare_for_pass          0046262d f   libs-vc-win32:jcmaster.obj
 0001:000617a5       _select_scan_parameters    004627a5 f   libs-vc-win32:jcmaster.obj
 0001:000618a6       _per_scan_setup            004628a6 f   libs-vc-win32:jcmaster.obj
 0001:00061a51       _pass_startup              00462a51 f   libs-vc-win32:jcmaster.obj
 0001:00061a78       _finish_pass_master        00462a78 f   libs-vc-win32:jcmaster.obj
 0001:00060b8e       _rgb_ycc_start             00461b8e f   libs-vc-win32:jccolor.obj
 0001:00060c52       _rgb_ycc_convert           00461c52 f   libs-vc-win32:jccolor.obj
 0001:00060d51       _rgb_gray_convert          00461d51 f   libs-vc-win32:jccolor.obj
 0001:00060dd6       _cmyk_ycck_convert         00461dd6 f   libs-vc-win32:jccolor.obj
 0001:00060f0e       _grayscale_convert         00461f0e f   libs-vc-win32:jccolor.obj
 0001:00060f68       _null_convert              00461f68 f   libs-vc-win32:jccolor.obj
 0001:00031786       _null_method               00432786 f   images.obj
 0001:00031786       _start_pass_downsample     00432786 f   images.obj
 0001:000602da       _sep_downsample            004612da f   libs-vc-win32:jcsample.obj
 0001:0006034f       _int_downsample            0046134f f   libs-vc-win32:jcsample.obj
 0001:00060447       _expand_right_edge         00461447 f   libs-vc-win32:jcsample.obj
 0001:0006049c       _fullsize_downsample       0046149c f   libs-vc-win32:jcsample.obj
 0001:000604e0       _h2v1_downsample           004614e0 f   libs-vc-win32:jcsample.obj
 0001:00060574       _h2v2_downsample           00461574 f   libs-vc-win32:jcsample.obj
 0001:00060621       _h2v2_smooth_downsample    00461621 f   libs-vc-win32:jcsample.obj
 0001:00060899       _fullsize_smooth_downsample 00461899 f   libs-vc-win32:jcsample.obj
 0001:0005fcd6       _start_pass_prep           00460cd6 f   libs-vc-win32:jcprepct.obj
 0001:0005fd14       _pre_process_data          00460d14 f   libs-vc-win32:jcprepct.obj
 0001:0005fec2       _pre_process_context       00460ec2 f   libs-vc-win32:jcprepct.obj
 0001:0006007b       _create_context_buffer     0046107b f   libs-vc-win32:jcprepct.obj
 0001:0005fb4e       _start_pass_main           00460b4e f   libs-vc-win32:jcmainct.obj
 0001:0005fb90       _process_data_simple_main  00460b90 f   libs-vc-win32:jcmainct.obj
 0001:0005f124       _create_colormap           00460124 f   libs-vc-win32:jquant1.obj
 0001:0005f256       _select_ncolors            00460256 f   libs-vc-win32:jquant1.obj
 0001:0005f32d       _create_colorindex         0046032d f   libs-vc-win32:jquant1.obj
 0001:0005f459       _alloc_fs_workspace        00460459 f   libs-vc-win32:jquant1.obj
 0001:0005f495       _start_pass_1_quant        00460495 f   libs-vc-win32:jquant1.obj
 0001:0005f561       _create_odither_tables     00460561 f   libs-vc-win32:jquant1.obj
 0001:0005f5c0       _make_odither_array        004605c0 f   libs-vc-win32:jquant1.obj
 0001:0005f623       _color_quantize            00460623 f   libs-vc-win32:jquant1.obj
 0001:0005f6ae       _color_quantize3           004606ae f   libs-vc-win32:jquant1.obj
 0001:0005f73c       _quantize_ord_dither       0046073c f   libs-vc-win32:jquant1.obj
 0001:0005f827       _quantize3_ord_dither      00460827 f   libs-vc-win32:jquant1.obj
 0001:0005f927       _quantize_fs_dither        00460927 f   libs-vc-win32:jquant1.obj
 0001:00031786       _finish_pass_1_quant       00432786 f   images.obj
 0001:0005faab       _new_color_map_1_quant     00460aab f   libs-vc-win32:jquant1.obj
 0001:0005e0e5       _init_error_limit          0045f0e5 f   libs-vc-win32:jquant2.obj
 0001:0005e184       _start_pass_2_quant        0045f184 f   libs-vc-win32:jquant2.obj
 0001:0005e286       _prescan_quantize          0045f286 f   libs-vc-win32:jquant2.obj
 0001:0005e2f5       _pass2_no_dither           0045f2f5 f   libs-vc-win32:jquant2.obj
 0001:0005e3a2       _fill_inverse_cmap         0045f3a2 f   libs-vc-win32:jquant2.obj
 0001:0005e46d       _find_nearby_colors        0045f46d f   libs-vc-win32:jquant2.obj
 0001:0005e611       _find_best_colors          0045f611 f   libs-vc-win32:jquant2.obj
 0001:0005e72b       _pass2_fs_dither           0045f72b f   libs-vc-win32:jquant2.obj
 0001:0005e99a       _finish_pass1              0045f99a f   libs-vc-win32:jquant2.obj
 0001:0005e9bc       _select_colors             0045f9bc f   libs-vc-win32:jquant2.obj
 0001:0005ea48       _update_box                0045fa48 f   libs-vc-win32:jquant2.obj
 0001:0005ede2       _median_cut                0045fde2 f   libs-vc-win32:jquant2.obj
 0001:0005eef6       _find_biggest_color_pop    0045fef6 f   libs-vc-win32:jquant2.obj
 0001:0005ef25       _find_biggest_volume       0045ff25 f   libs-vc-win32:jquant2.obj
 0001:0005ef4e       _compute_color             0045ff4e f   libs-vc-win32:jquant2.obj
 0001:00031786       _finish_pass2              00432786 f   images.obj
 0001:0005f08a       _new_color_map_2_quant     0046008a f   libs-vc-win32:jquant2.obj
 0001:0005dafc       _build_ycc_rgb_table       0045eafc f   libs-vc-win32:jdmerge.obj
 0001:0005dbac       _start_pass_merged_upsample 0045ebac f   libs-vc-win32:jdmerge.obj
 0001:0005dbc1       _merged_2v_upsample        0045ebc1 f   libs-vc-win32:jdmerge.obj
 0001:0005dc68       _merged_1v_upsample        0045ec68 f   libs-vc-win32:jdmerge.obj
 0001:0005dc99       _h2v1_merged_upsample      0045ec99 f   libs-vc-win32:jdmerge.obj
 0001:0005ddef       _h2v2_merged_upsample      0045edef f   libs-vc-win32:jdmerge.obj
 0001:0005d6a0       _build_ycc_rgb_table       0045e6a0 f   libs-vc-win32:jdcolor.obj
 0001:0005d750       _ycc_rgb_convert           0045e750 f   libs-vc-win32:jdcolor.obj
 0001:0005d85e       _null_convert              0045e85e f   libs-vc-win32:jdcolor.obj
 0001:0005d8d6       _grayscale_convert         0045e8d6 f   libs-vc-win32:jdcolor.obj
 0001:0005d8f9       _gray_rgb_convert          0045e8f9 f   libs-vc-win32:jdcolor.obj
 0001:0005d952       _ycck_cmyk_convert         0045e952 f   libs-vc-win32:jdcolor.obj
 0001:00031786       _start_pass_dcolor         00432786 f   images.obj
 0001:0005d101       _start_pass_upsample       0045e101 f   libs-vc-win32:jdsample.obj
 0001:0005d11b       _sep_upsample              0045e11b f   libs-vc-win32:jdsample.obj
 0001:0005d1e8       _fullsize_upsample         0045e1e8 f   libs-vc-win32:jdsample.obj
 0001:0005d1f3       _noop_upsample             0045e1f3 f   libs-vc-win32:jdsample.obj
 0001:0005d1fb       _int_upsample              0045e1fb f   libs-vc-win32:jdsample.obj
 0001:0005d2e5       _h2v1_upsample             0045e2e5 f   libs-vc-win32:jdsample.obj
 0001:0005d33c       _h2v2_upsample             0045e33c f   libs-vc-win32:jdsample.obj
 0001:0005d3ae       _h2v1_fancy_upsample       0045e3ae f   libs-vc-win32:jdsample.obj
 0001:0005d451       _h2v2_fancy_upsample       0045e451 f   libs-vc-win32:jdsample.obj
 0001:0005cd0a       _start_pass_dpost          0045dd0a f   libs-vc-win32:jdpostct.obj
 0001:0005cdb0       _post_process_1pass        0045ddb0 f   libs-vc-win32:jdpostct.obj
 0001:0005ce15       _post_process_prepass      0045de15 f   libs-vc-win32:jdpostct.obj
 0001:0005cea6       _post_process_2pass        0045dea6 f   libs-vc-win32:jdpostct.obj
 0001:0005c711       _alloc_funny_pointers      0045d711 f   libs-vc-win32:jdmainct.obj
 0001:0005c7be       _start_pass_main           0045d7be f   libs-vc-win32:jdmainct.obj
 0001:0005c826       _make_funny_pointers       0045d826 f   libs-vc-win32:jdmainct.obj
 0001:0005c966       _process_data_simple_main  0045d966 f   libs-vc-win32:jdmainct.obj
 0001:0005c9ce       _process_data_context_main 0045d9ce f   libs-vc-win32:jdmainct.obj
 0001:0005cae0       _set_wraparound_pointers   0045dae0 f   libs-vc-win32:jdmainct.obj
 0001:0005cbca       _set_bottom_pointers       0045dbca f   libs-vc-win32:jdmainct.obj
 0001:0005cc64       _process_data_crank_post   0045dc64 f   libs-vc-win32:jdmainct.obj
 0001:0005b43a       _write_marker_header       0045c43a f   libs-vc-win32:jcmarker.obj
 0001:0005b490       _emit_byte                 0045c490 f   libs-vc-win32:jcmarker.obj
 0001:0005b4c1       _write_marker_byte         0045c4c1 f   libs-vc-win32:jcmarker.obj
 0001:0005b4d1       _write_file_header         0045c4d1 f   libs-vc-win32:jcmarker.obj
 0001:0005b51d       _emit_jfif_app0            0045c51d f   libs-vc-win32:jcmarker.obj
 0001:0005b5f0       _emit_adobe_app14          0045c5f0 f   libs-vc-win32:jcmarker.obj
 0001:0005b696       _write_frame_header        0045c696 f   libs-vc-win32:jcmarker.obj
 0001:0005b775       _emit_dqt                  0045c775 f   libs-vc-win32:jcmarker.obj
 0001:0005b864       _emit_sof                  0045c864 f   libs-vc-win32:jcmarker.obj
 0001:0005b940       _write_scan_header         0045c940 f   libs-vc-win32:jcmarker.obj
 0001:0005ba00       _emit_dht                  0045ca00 f   libs-vc-win32:jcmarker.obj
 0001:0005bad9       _emit_dri                  0045cad9 f   libs-vc-win32:jcmarker.obj
 0001:0005bb28       _emit_sos                  0045cb28 f   libs-vc-win32:jcmarker.obj
 0001:0005bc16       _write_file_trailer        0045cc16 f   libs-vc-win32:jcmarker.obj
 0001:0005bc36       _write_tables_only         0045cc36 f   libs-vc-win32:jcmarker.obj
 0001:0005af8f       _use_merged_upsample       0045bf8f f   libs-vc-win32:jdmaster.obj
 0001:0005b035       _master_selection          0045c035 f   libs-vc-win32:jdmaster.obj
 0001:0005b192       _prepare_range_limit_table 0045c192 f   libs-vc-win32:jdmaster.obj
 0001:0005b218       _prepare_for_output_pass   0045c218 f   libs-vc-win32:jdmaster.obj
 0001:0005b339       _finish_output_pass        0045c339 f   libs-vc-win32:jdmaster.obj
 0001:0005a406       _alloc_small               0045b406 f   libs-vc-win32:jmemmgr.obj
 0001:0005a524       _alloc_large               0045b524 f   libs-vc-win32:jmemmgr.obj
 0001:0005a5d5       _alloc_sarray              0045b5d5 f   libs-vc-win32:jmemmgr.obj
 0001:0005a66d       _alloc_barray              0045b66d f   libs-vc-win32:jmemmgr.obj
 0001:0005a711       _alloc_darray              0045b711 f   libs-vc-win32:jmemmgr.obj
 0001:0005a7bc       _request_virt_sarray       0045b7bc f   libs-vc-win32:jmemmgr.obj
 0001:0005a81d       _request_virt_barray       0045b81d f   libs-vc-win32:jmemmgr.obj
 0001:0005a87e       _realize_virt_arrays       0045b87e f   libs-vc-win32:jmemmgr.obj
 0001:0005aa01       _access_virt_sarray        0045ba01 f   libs-vc-win32:jmemmgr.obj
 0001:0005ab21       _do_sarray_io              0045bb21 f   libs-vc-win32:jmemmgr.obj
 0001:0005abb1       _access_virt_barray        0045bbb1 f   libs-vc-win32:jmemmgr.obj
 0001:0005acd6       _do_barray_io              0045bcd6 f   libs-vc-win32:jmemmgr.obj
 0001:0005ad67       _free_pool                 0045bd67 f   libs-vc-win32:jmemmgr.obj
 0001:0005ae4e       _self_destruct             0045be4e f   libs-vc-win32:jmemmgr.obj
 0001:00059ea0       _start_input_pass          0045aea0 f   libs-vc-win32:jdinput.obj
 0001:00059ece       _per_scan_setup            0045aece f   libs-vc-win32:jdinput.obj
 0001:0005a054       _finish_input_pass         0045b054 f   libs-vc-win32:jdinput.obj
 0001:0005a065       _consume_markers           0045b065 f   libs-vc-win32:jdinput.obj
 0001:0005a101       _initial_setup             0045b101 f   libs-vc-win32:jdinput.obj
 0001:0005a30b       _reset_input_controller    0045b30b f   libs-vc-win32:jdinput.obj
 0001:00059aa5       _make_crc_table            0045aaa5 f   libs-vc-win32:crc32.obj
 0001:00059bf2       _crc32_little              0045abf2 f   libs-vc-win32:crc32.obj
 0001:0005989f       _fixedtables               0045a89f f   libs-vc-win32:inflate.obj
 0001:00059989       _updatewindow              0045a989 f   libs-vc-win32:inflate.obj
 0001:000585c7       _init_destination          004595c7 f   libs-vc-win32:jdatadst.obj
 0001:000585ed       _empty_output_buffer       004595ed f   libs-vc-win32:jdatadst.obj
 0001:0005862f       _term_destination          0045962f f   libs-vc-win32:jdatadst.obj
 0001:0005814e       _std_huff_tables           0045914e f   libs-vc-win32:jcparam.obj
 0001:000581a8       _add_huff_table            004591a8 f   libs-vc-win32:jcparam.obj
 0001:000566a6       _next_marker               004576a6 f   libs-vc-win32:jdmarker.obj
 0001:000567e0       _get_interesting_appn      004577e0 f   libs-vc-win32:jdmarker.obj
 0001:0005690b       _examine_app0              0045790b f   libs-vc-win32:jdmarker.obj
 0001:00056b19       _examine_app14             00457b19 f   libs-vc-win32:jdmarker.obj
 0001:00056bda       _skip_variable             00457bda f   libs-vc-win32:jdmarker.obj
 0001:00056c7d       _read_markers              00457c7d f   libs-vc-win32:jdmarker.obj
 0001:00056e85       _get_soi                   00457e85 f   libs-vc-win32:jdmarker.obj
 0001:00056f30       _get_sof                   00457f30 f   libs-vc-win32:jdmarker.obj
 0001:00057239       _get_sos                   00458239 f   libs-vc-win32:jdmarker.obj
 0001:00057527       _get_dht                   00458527 f   libs-vc-win32:jdmarker.obj
 0001:000577c8       _get_dqt                   004587c8 f   libs-vc-win32:jdmarker.obj
 0001:00057a24       _get_dri                   00458a24 f   libs-vc-win32:jdmarker.obj
 0001:00057b03       _first_marker              00458b03 f   libs-vc-win32:jdmarker.obj
 0001:00057b9f       _read_restart_marker       00458b9f f   libs-vc-win32:jdmarker.obj
 0001:00057c1d       _reset_marker_reader       00458c1d f   libs-vc-win32:jdmarker.obj
 0001:0005648a       _output_pass_setup         0045748a f   libs-vc-win32:jdapistd.obj
 0001:0005617d       _default_decompress_parms  0045717d f   libs-vc-win32:jdapimin.obj

 299 bytes saved through ICF

