 quake2

 Timestamp is 3f3f54ec (Sun Aug 17 14:11:56 2003)

 Preferred load address is 00400000

 Start         Length     Name                   Class
 0001:00000000 0006c030H .text                   CODE
 0002:00000000 00000330H .idata$5                DATA
 0002:00000330 00001964H .rdata                  DATA
 0002:00001c94 00000078H .idata$2                DATA
 0002:00001d0c 00000014H .idata$3                DATA
 0002:00001d20 00000330H .idata$4                DATA
 0002:00002050 00000a56H .idata$6                DATA
 0002:00002aa6 00000000H .edata                  DATA
 0003:00000000 00000004H .CRT$XCA                DATA
 0003:00000004 00000004H .CRT$XCZ                DATA
 0003:00000008 00000004H .CRT$XIA                DATA
 0003:0000000c 00000004H .CRT$XIZ                DATA
 0003:00000010 00014fc4H .data                   DATA
 0003:00014fd8 00a7ba84H .bss                    DATA
 0004:00000000 00000130H .rsrc$01                DATA
 0004:00000130 00003f20H .rsrc$02                DATA

  Address         Publics by Value              Rva+Base     Lib:Object

 0001:00000000       _CDAudio_Play2             00401000 f   cd_win.obj
 0001:000001e5       _CDAudio_Play              004011e5 f   cd_win.obj
 0001:000001fc       _CDAudio_Stop              004011fc f   cd_win.obj
 0001:00000241       _CDAudio_Pause             00401241 f   cd_win.obj
 0001:0000029a       _CDAudio_Resume            0040129a f   cd_win.obj
 0001:0000030c       _CDAudio_MessageHandler    0040130c f   cd_win.obj
 0001:000003a3       _CDAudio_Update            004013a3 f   cd_win.obj
 0001:000003da       _CDAudio_Init              004013da f   cd_win.obj
 0001:000007d1       _CDAudio_Shutdown          004017d1 f   cd_win.obj
 0001:00000804       _CDAudio_Activate          00401804 f   cd_win.obj
 0001:00000815       _SCR_StopCinematic         00401815 f   cl_cin.obj
 0001:000008b1       _SCR_FinishCinematic       004018b1 f   cl_cin.obj
 0001:000008f3       _SCR_RunCinematic          004018f3 f   cl_cin.obj
 0001:00000d10       _SCR_DrawCinematic         00401d10 f   cl_cin.obj
 0001:00000db4       _SCR_PlayCinematic         00401db4 f   cl_cin.obj
 0001:00001101       _CL_ParseEntityBits        00402101 f   cl_ents.obj
 0001:00001163       _CL_ParseDelta             00402163 f   cl_ents.obj
 0001:000014dd       _CL_DeltaEntity            004024dd f   cl_ents.obj
 0001:0000164a       _CL_ParsePacketEntities    0040264a f   cl_ents.obj
 0001:00001876       _CL_ParsePlayerstate       00402876 f   cl_ents.obj
 0001:00001b84       _CL_FireEntityEvents       00402b84 f   cl_ents.obj
 0001:00001bd6       _CL_ParseFrame             00402bd6 f   cl_ents.obj
 0001:00001eab       _CL_AddEntityBox           00402eab f   cl_ents.obj
 0001:00001fa8       _CL_OffsetThirdPersonView  00402fa8 f   cl_ents.obj
 0001:00002075       _CL_CalcViewValues         00403075 f   cl_ents.obj
 0001:00002337       _CL_AddEntities            00403337 f   cl_ents.obj
 0001:00003136       _CL_GetEntitySoundOrigin   00404136 f   cl_ents.obj
 0001:00003172       _CL_ClearLightStyles       00404172 f   cl_fx.obj
 0001:000031f6       _CL_RunLightStyles         004041f6 f   cl_fx.obj
 0001:00003293       _CL_SetLightstyle          00404293 f   cl_fx.obj
 0001:000032fd       _CL_AllocDlight            004042fd f   cl_fx.obj
 0001:0000336d       _CL_AddDLights             0040436d f   cl_fx.obj
 0001:000033cd       _CL_ClearParticles         004043cd f   cl_fx.obj
 0001:0000341f       _CL_AllocParticleTrace     0040441f f   cl_fx.obj
 0001:000034c4       _CL_AllocParticleBeam      004044c4 f   cl_fx.obj
 0001:0000352e       _CL_AllocParticle          0040452e f   cl_fx.obj
 0001:0000357d       _CL_UpdateParticles        0040457d f   cl_fx.obj
 0001:00003b4b       _CL_MetalSparks            00404b4b f   cl_fx.obj
 0001:00003c21       _CL_ParseMuzzleFlash       00404c21 f   cl_fx.obj
 0001:0000443c       _CL_ParseMuzzleFlash2      0040543c f   cl_fx.obj
 0001:00004b09       _CL_ParticleEffect         00405b09 f   cl_fx.obj
 0001:00004bd8       _CL_ParticleEffect2        00405bd8 f   cl_fx.obj
 0001:00004ca3       _CL_ParticleEffect3        00405ca3 f   cl_fx.obj
 0001:00004d73       _CL_TeleporterParticles    00405d73 f   cl_fx.obj
 0001:00004e2a       _CL_LogoutEffect           00405e2a f   cl_fx.obj
 0001:00004f15       _CL_ItemRespawnParticles   00405f15 f   cl_fx.obj
 0001:00004fc4       _CL_ExplosionParticles     00405fc4 f   cl_fx.obj
 0001:0000506e       _CL_BigTeleportParticles   0040606e f   cl_fx.obj
 0001:000051c5       _CL_BlasterParticles       004061c5 f   cl_fx.obj
 0001:00005291       _CL_BlasterTrail           00406291 f   cl_fx.obj
 0001:0000538a       _CL_FlagTrail              0040638a f   cl_fx.obj
 0001:00005490       _CL_DiminishingTrail       00406490 f   cl_fx.obj
 0001:000056fa       _CL_RocketTrail            004066fa f   cl_fx.obj
 0001:00005829       _CL_RailTrail              00406829 f   cl_fx.obj
 0001:00005a59       _CL_RailTrailExt           00406a59 f   cl_fx.obj
 0001:00005b54       _CL_IonripperTrail         00406b54 f   cl_fx.obj
 0001:00005c68       _CL_BubbleTrail            00406c68 f   cl_fx.obj
 0001:00005d8c       _CL_FlyParticles           00406d8c f   cl_fx.obj
 0001:00005f2a       _CL_FlyEffect              00406f2a f   cl_fx.obj
 0001:00005fad       _CL_BfgParticles           00406fad f   cl_fx.obj
 0001:00006185       _CL_TrapParticles          00407185 f   cl_fx.obj
 0001:00006427       _CL_BFGExplosionParticles  00407427 f   cl_fx.obj
 0001:000064d1       _CL_TeleportParticles      004074d1 f   cl_fx.obj
 0001:0000660a       _CL_EntityEvent            0040760a f   cl_fx.obj
 0001:000067e8       _CL_ClearEffects           004077e8 f   cl_fx.obj
 0001:00006806       _IN_CenterView             00407806 f   cl_input.obj
 0001:00006827       _CL_InitInput              00407827 f   cl_input.obj
 0001:00006d07       _CL_SendCmd                00407d07 f   cl_input.obj
 0001:0000741f       _CL_ParseInventory         0040841f f   cl_inv.obj
 0001:0000743f       _CL_DrawInventory          0040843f f   cl_inv.obj
 0001:000076b1       _CL_WriteDemoMessage       004086b1 f   cl_main.obj
 0001:000076f3       _CL_Stop_f                 004086f3 f   cl_main.obj
 0001:0000774e       _CL_Record_f               0040874e f   cl_main.obj
 0001:000079f1       _Cmd_ForwardToServer       004089f1 f   cl_main.obj
 0001:00007a5d       _CL_Setenv_f               00408a5d f   cl_main.obj
 0001:00007b21       _CL_ForwardToServer_f      00408b21 f   cl_main.obj
 0001:00007b6f       _CL_Pause_f                00408b6f f   cl_main.obj
 0001:00007bb1       _CL_Quit_f                 00408bb1 f   cl_main.obj
 0001:00007bbb       _CL_Drop                   00408bbb f   cl_main.obj
 0001:00007bdd       _CL_SendConnectPacket      00408bdd f   cl_main.obj
 0001:00007cb4       _CL_CheckForResend         00408cb4 f   cl_main.obj
 0001:00007db8       _CL_Connect_f              00408db8 f   cl_main.obj
 0001:00007e39       _CL_Rcon_f                 00408e39 f   cl_main.obj
 0001:00007f44       _CL_ClearState             00408f44 f   cl_main.obj
 0001:00007f83       _CL_Disconnect             00408f83 f   cl_main.obj
 0001:000080bc       _CL_Disconnect_f           004090bc f   cl_main.obj
 0001:000080cb       _CL_Changing_f             004090cb f   cl_main.obj
 0001:000080ef       _CL_Reconnect_f            004090ef f   cl_main.obj
 0001:0000818b       _CL_PingServers_f          0040918b f   cl_main.obj
 0001:000082f3       _CL_Skins_f                004092f3 f   cl_main.obj
 0001:0000832f       _CL_ConnectionlessPacket   0040932f f   cl_main.obj
 0001:0000868d       _CL_ReadPackets            0040968d f   cl_main.obj
 0001:00008781       _CL_FixUpGender            00409781 f   cl_main.obj
 0001:00008831       _CL_Userinfo_f             00409831 f   cl_main.obj
 0001:00008849       _CL_Snd_Restart_f          00409849 f   cl_main.obj
 0001:00008858       _CL_RequestNextDownload    00409858 f   cl_main.obj
 0001:00008e9b       _CL_Precache_f             00409e9b f   cl_main.obj
 0001:00008f61       _CL_WriteConfiguration     00409f61 f   cl_main.obj
 0001:00009005       _CL_WriteConfig_f          0040a005 f   cl_main.obj
 0001:00009064       _CL_InitLocal              0040a064 f   cl_main.obj
 0001:00009284       _CL_FixCvarCheats          0040a284 f   cl_main.obj
 0001:000092d5       _CL_Frame                  0040a2d5 f   cl_main.obj
 0001:00009512       _CL_Init                   0040a512 f   cl_main.obj
 0001:0000955f       _CL_Shutdown               0040a55f f   cl_main.obj
 0001:000095a5       _vectoangles2              0040a5a5 f   cl_newfx.obj
 0001:000096a7       _CL_Flashlight             0040a6a7 f   cl_newfx.obj
 0001:000096e1       _CL_ColorFlash             0040a6e1 f   cl_newfx.obj
 0001:0000971d       _CL_DebugTrail             0040a71d f   cl_newfx.obj
 0001:00009814       _CL_ForceWall              0040a814 f   cl_newfx.obj
 0001:0000994e       _CL_BubbleTrail2           0040a94e f   cl_newfx.obj
 0001:00009a7e       _CL_Heatbeam               0040aa7e f   cl_newfx.obj
 0001:00009cf0       _CL_ParticleSteamEffect    0040acf0 f   cl_newfx.obj
 0001:00009dfc       _CL_ParticleSteamEffect2   0040adfc f   cl_newfx.obj
 0001:00009f1b       _CL_TrackerTrail           0040af1b f   cl_newfx.obj
 0001:0000a060       _CL_Tracker_Shell          0040b060 f   cl_newfx.obj
 0001:0000a0d7       _CL_MonsterPlasma_Shell    0040b0d7 f   cl_newfx.obj
 0001:0000a14b       _CL_Widowbeamout           0040b14b f   cl_newfx.obj
 0001:0000a1f2       _CL_Nukeblast              0040b1f2 f   cl_newfx.obj
 0001:0000a299       _CL_WidowSplash            0040b299 f   cl_newfx.obj
 0001:0000a34f       _CL_TagTrail               0040b34f f   cl_newfx.obj
 0001:0000a455       _CL_ColorExplosionParticles 0040b455 f   cl_newfx.obj
 0001:0000a502       _CL_ParticleSmokeEffect    0040b502 f   cl_newfx.obj
 0001:0000a60c       _CL_BlasterParticles2      0040b60c f   cl_newfx.obj
 0001:0000a6d9       _CL_BlasterTrail2          0040b6d9 f   cl_newfx.obj
 0001:0000a7d2       _CL_DownloadFileName       0040b7d2 f   cl_parse.obj
 0001:0000a811       _CL_CheckOrDownloadFile    0040b811 f   cl_parse.obj
 0001:0000aa4c       _CL_Download_f             0040ba4c f   cl_parse.obj
 0001:0000ab17       _CL_RegisterSounds         0040bb17 f   cl_parse.obj
 0001:0000ab56       _CL_ParseDownload          0040bb56 f   cl_parse.obj
 0001:0000acc3       _CL_ParseServerData        0040bcc3 f   cl_parse.obj
 0001:0000adc8       _CL_ParseBaseline          0040bdc8 f   cl_parse.obj
 0001:0000ae10       _CL_LoadClientinfo         0040be10 f   cl_parse.obj
 0001:0000b0fa       _CL_ParseClientinfo        0040c0fa f   cl_parse.obj
 0001:0000b11e       _CL_ParseConfigString      0040c11e f   cl_parse.obj
 0001:0000b2bb       _CL_ParseStartSoundPacket  0040c2bb f   cl_parse.obj
 0001:0000b3bd       _CL_ParseServerMessage     0040c3bd f   cl_parse.obj
 0001:0000b6b2       _CL_CheckPredictionError   0040c6b2 f   cl_pred.obj
 0001:0000b7f0       _CL_ClipMoveToEntities     0040c7f0 f   cl_pred.obj
 0001:0000bad6       _CL_PMTrace                0040cad6 f   cl_pred.obj
 0001:0000bb3b       _CL_PMpointcontents        0040cb3b f   cl_pred.obj
 0001:0000bc6e       _CL_PredictMovement        0040cc6e f   cl_pred.obj
 0001:0000beb8       _CL_AddNetgraph            0040ceb8 f   cl_scrn.obj
 0001:0000bf92       _SCR_DebugGraph            0040cf92 f   cl_scrn.obj
 0001:0000bfba       _SCR_DrawDebugGraph        0040cfba f   cl_scrn.obj
 0001:0000c0b4       _SCR_CenterPrint           0040d0b4 f   cl_scrn.obj
 0001:0000c1c4       _SCR_DrawCenterString      0040d1c4 f   cl_scrn.obj
 0001:0000c289       _SCR_SizeUp_f              0040d289 f   cl_scrn.obj
 0001:0000c2a2       _SCR_SizeDown_f            0040d2a2 f   cl_scrn.obj
 0001:0000c2c3       _SCR_Sky_f                 0040d2c3 f   cl_scrn.obj
 0001:0000c36e       _SCR_Init                  0040d36e f   cl_scrn.obj
 0001:0000c3d3       _SCR_DrawPause             0040d3d3 f   cl_scrn.obj
 0001:0000c431       _SCR_RunConsole            0040d431 f   cl_scrn.obj
 0001:0000c513       _SCR_DrawConsole           0040d513 f   cl_scrn.obj
 0001:0000c59d       _SCR_SetLevelshot          0040d59d f   cl_scrn.obj
 0001:0000c608       _SCR_DrawLoading           0040d608 f   cl_scrn.obj
 0001:0000c6c1       _SCR_BeginLoadingPlaque    0040d6c1 f   cl_scrn.obj
 0001:0000c721       _SCR_EndLoadingPlaque      0040d721 f   cl_scrn.obj
 0001:0000c73f       _SCR_Loading_f             0040d73f f   cl_scrn.obj
 0001:0000c744       _SCR_TimeRefresh_f         0040d744 f   cl_scrn.obj
 0001:0000c81b       _SCR_TileClear             0040d81b f   cl_scrn.obj
 0001:0000c8c4       _DrawHUDString             0040d8c4 f   cl_scrn.obj
 0001:0000c976       _SCR_DrawField             0040d976 f   cl_scrn.obj
 0001:0000ca1d       _SCR_TouchPics             0040da1d f   cl_scrn.obj
 0001:0000cab0       _SCR_ExecuteLayoutString   0040dab0 f   cl_scrn.obj
 0001:0000d268       _SCR_UpdateScreen          0040e268 f   cl_scrn.obj
 0001:0000d588       _CL_RegisterTEntSounds     0040e588 f   cl_tent.obj
 0001:0000d7c0       _CL_RegisterTEntModels     0040e7c0 f   cl_tent.obj
 0001:0000d946       _CL_ClearTEnts             0040e946 f   cl_tent.obj
 0001:0000d99d       _CL_AllocExplosion         0040e99d f   cl_tent.obj
 0001:0000da40       _CL_AddExplosions          0040ea40 f   cl_tent.obj
 0001:0000dc16       _CL_SmokeAndFlash          0040ec16 f   cl_tent.obj
 0001:0000dc5e       _CL_ParseBeam              0040ec5e f   cl_tent.obj
 0001:0000dd4d       _CL_ParseBeam2             0040ed4d f   cl_tent.obj
 0001:0000de4d       _CL_ParsePlayerBeam        0040ee4d f   cl_tent.obj
 0001:0000df89       _CL_ParseLightning         0040ef89 f   cl_tent.obj
 0001:0000e05f       _CL_ParseLaser             0040f05f f   cl_tent.obj
 0001:0000e104       _CL_ParseSteam             0040f104 f   cl_tent.obj
 0001:0000e215       _CL_ParseWidow             0040f215 f   cl_tent.obj
 0001:0000e281       _CL_ParseNuke              0040f281 f   cl_tent.obj
 0001:0000e2eb       _CL_ParseTEnt              0040f2eb f   cl_tent.obj
 0001:0000f12b       _CL_AddBeams               0041012b f   cl_tent.obj
 0001:0000f480       _CL_AddPlayerBeams         00410480 f   cl_tent.obj
 0001:0000fb7a       _CL_AddLasers              00410b7a f   cl_tent.obj
 0001:0000fb9f       _CL_ProcessSustain         00410b9f f   cl_tent.obj
 0001:0000fbe0       _CL_AddTEnts               00410be0 f   cl_tent.obj
 0001:0000fbf9       _V_AddEntity               00410bf9 f   cl_view.obj
 0001:0000fc28       _V_AddLight                00410c28 f   cl_view.obj
 0001:0000fc73       _V_TestParticles           00410c73 f   cl_view.obj
 0001:0000fd31       _V_TestEntities            00410d31 f   cl_view.obj
 0001:0000fdd3       _V_TestLights              00410dd3 f   cl_view.obj
 0001:0000fea6       _CL_PrepRefresh            00410ea6 f   cl_view.obj
 0001:0001011c       _CalcFov                   0041111c f   cl_view.obj
 0001:00010195       _V_Gun_Next_f              00411195 f   cl_view.obj
 0001:000101ae       _V_Gun_Prev_f              004111ae f   cl_view.obj
 0001:000101d0       _V_Gun_Model_f             004111d0 f   cl_view.obj
 0001:00010204       _SCR_DrawCrosshair         00411204 f   cl_view.obj
 0001:00010279       _V_RenderView              00411279 f   cl_view.obj
 0001:00011084       _V_Init                    00412084 f   cl_view.obj
 0001:00011299       _Cbuf_Init                 00412299 f   cmd.obj
 0001:000112b1       _Cbuf_AddText              004122b1 f   cmd.obj
 0001:00011319       _Cbuf_InsertText           00412319 f   cmd.obj
 0001:00011371       _Cbuf_CopyToDefer          00412371 f   cmd.obj
 0001:0001139d       _Cbuf_InsertFromDefer      0041239d f   cmd.obj
 0001:000113b0       _Cbuf_Execute              004123b0 f   cmd.obj
 0001:00011496       _Cmd_Exec_f                00412496 f   cmd.obj
 0001:0001151b       _Cmd_Echo_f                0041251b f   cmd.obj
 0001:0001155d       _Cmd_Alias_f               0041255d f   cmd.obj
 0001:00011684       _Cmd_Unalias_f             00412684 f   cmd.obj
 0001:00011710       _Cmd_WriteAliases          00412710 f   cmd.obj
 0001:00011739       _Cmd_Argc                  00412739 f   cmd.obj
 0001:0001173f       _Cmd_Argv                  0041273f f   cmd.obj
 0001:00011759       _Cmd_Args                  00412759 f   cmd.obj
 0001:0001175f       _Cmd_TokenizeString        0041275f f   cmd.obj
 0001:00011a39       _Cmd_AddCommand            00412a39 f   cmd.obj
 0001:00011aa1       _Cmd_RemoveCommand         00412aa1 f   cmd.obj
 0001:00011ae3       _Cmd_ExecuteString         00412ae3 f   cmd.obj
 0001:00011bc6       _Cmd_Init                  00412bc6 f   cmd.obj
 0001:00011cdf       _CMod_GetSurfMaterial      00412cdf f   cmodel.obj
 0001:00011d3c       _CM_LoadMap                00412d3c f   cmodel.obj
 0001:00012391       _PlaneTypeForNormal        00413391 f i cmodel.obj
 0001:00012511       _CM_InlineModel            00413511 f   cmodel.obj
 0001:00012560       _CM_NumClusters            00413560 f   cmodel.obj
 0001:00012566       _CM_NumInlineModels        00413566 f   cmodel.obj
 0001:0001256c       _CM_EntityString           0041356c f   cmodel.obj
 0001:00012572       _CM_LeafContents           00413572 f   cmodel.obj
 0001:0001259c       _CM_LeafCluster            0041359c f   cmodel.obj
 0001:000125c7       _CM_LeafArea               004135c7 f   cmodel.obj
 0001:000125f2       _CM_InitBoxHull            004135f2 f   cmodel.obj
 0001:00012786       _CM_HeadnodeForBox         00413786 f   cmodel.obj
 0001:0001283b       _CM_PointLeafnum           0041383b f   cmodel.obj
 0001:0001289e       _DISTANCE_TO_PLANE         0041389e f i cmodel.obj
 0001:000128e6       _CM_BoxLeafnums            004138e6 f   cmodel.obj
 0001:000129bb       _BOX_ON_PLANE_SIDE         004139bb f i cmodel.obj
 0001:00012a40       _CM_PointContents          00413a40 f   cmodel.obj
 0001:00012a65       _CM_TransformedPointContents 00413a65 f   cmodel.obj
 0001:00012b4a       _CM_TransformedPointContents2 00413b4a f   cmodel.obj
 0001:00012be5       _CM_BoxTrace               00413be5 f   cmodel.obj
 0001:00013682       _CM_TransformedBoxTrace    00414682 f   cmodel.obj
 0001:000138d8       _CM_TransformedBoxTrace2   004148d8 f   cmodel.obj
 0001:00013a70       _CM_BrushTrace             00414a70 f   cmodel.obj
 0001:00013e6c       _CM_RefineBrushTrace       00414e6c f   cmodel.obj
 0001:00013ebc       _CM_DecompressVis          00414ebc f   cmodel.obj
 0001:00013f45       _CM_ClusterPVS             00414f45 f   cmodel.obj
 0001:00013f92       _CM_ClusterPHS             00414f92 f   cmodel.obj
 0001:00013fdf       _FloodAreaConnections      00414fdf f   cmodel.obj
 0001:0001409a       _CM_SetAreaPortalState     0041509a f   cmodel.obj
 0001:000140c7       _CM_AreasConnected         004150c7 f   cmodel.obj
 0001:00014115       _CM_WriteAreaBits          00415115 f   cmodel.obj
 0001:000141a5       _CM_WritePortalState       004151a5 f   cmodel.obj
 0001:000141bf       _CM_ReadPortalState        004151bf f   cmodel.obj
 0001:000141dd       _CM_HeadnodeVisible        004151dd f   cmodel.obj
 0001:00014245       _Com_BeginRedirect         00415245 f   common.obj
 0001:00014282       _Com_EndRedirect           00415282 f   common.obj
 0001:000142ad       _Com_Printf                004152ad f   common.obj
 0001:0001440c       _Com_DPrintf               0041540c f   common.obj
 0001:00014470       _DebugPrintf               00415470 f   common.obj
 0001:00014518       _Com_WPrintf               00415518 f   common.obj
 0001:00014571       _Com_Error                 00415571 f   common.obj
 0001:0001466c       _Com_Quit                  0041566c f   common.obj
 0001:0001469c       _MatchWildcard             0041569c f   common.obj
 0001:000147f3       _MatchWildcard2            004157f3 f   common.obj
 0001:0001483f       _IPWildcard                0041583f f   common.obj
 0001:0001491a       _Com_ServerState           0041591a f   common.obj
 0001:00014920       _Com_SetServerState        00415920 f   common.obj
 0001:0001492a       _MSG_WriteByte             0041592a f   common.obj
 0001:0001492a       _MSG_WriteChar             0041592a f   common.obj
 0001:0001493e       _MSG_WriteShort            0041593e f   common.obj
 0001:00014958       _MSG_WriteLong             00415958 f   common.obj
 0001:00014982       _MSG_WriteFloat            00415982 f   common.obj
 0001:000149a8       _MSG_WriteString           004159a8 f   common.obj
 0001:000149e0       _MSG_WriteCoord            004159e0 f   common.obj
 0001:00014a0f       _MSG_WritePos              00415a0f f   common.obj
 0001:00014a91       _MSG_WriteAngle            00415a91 f   common.obj
 0001:00014aba       _MSG_WriteAngle16          00415aba f   common.obj
 0001:00014af1       _MSG_WriteDeltaUsercmd     00415af1 f   common.obj
 0001:00014c79       _MSG_WriteDir              00415c79 f   common.obj
 0001:00014ce6       _MSG_ReadDir               00415ce6 f   common.obj
 0001:00014d24       _MSG_WriteDeltaEntity      00415d24 f   common.obj
 0001:0001522e       _MSG_BeginReading          0041622e f   common.obj
 0001:00015237       _MSG_ReadChar              00416237 f   common.obj
 0001:00015258       _MSG_ReadByte              00416258 f   common.obj
 0001:00015279       _MSG_ReadShort             00416279 f   common.obj
 0001:000152a9       _MSG_ReadLong              004162a9 f   common.obj
 0001:000152e8       _MSG_ReadString            004162e8 f   common.obj
 0001:0001531b       _MSG_ReadCoord             0041631b f   common.obj
 0001:00015335       _MSG_ReadPos               00416335 f   common.obj
 0001:00015387       _MSG_ReadAngle             00416387 f   common.obj
 0001:000153a1       _MSG_ReadAngle16           004163a1 f   common.obj
 0001:000153bb       _MSG_ReadDeltaUsercmd      004163bb f   common.obj
 0001:00015472       _MSG_ReadData              00416472 f   common.obj
 0001:00015495       _SZ_Init                   00416495 f   common.obj
 0001:000154b7       _SZ_Clear                  004164b7 f   common.obj
 0001:000154c4       _SZ_GetSpace               004164c4 f   common.obj
 0001:0001552a       _SZ_Write                  0041652a f   common.obj
 0001:0001554b       _SZ_Print                  0041654b f   common.obj
 0001:00015594       _Info_Print                00416594 f   common.obj
 0001:00015651       _COM_BlockSequenceCRCByte  00416651 f   common.obj
 0001:000156dd       _frand                     004166dd f   common.obj
 0001:000156fa       _crand                     004166fa f   common.obj
 0001:0001571d       _COM_CheckCmdlineVar       0041671d f   common.obj
 0001:00015773       _QCommon_Init              00416773 f   common.obj
 0001:00015ad3       _QCommon_Frame             00416ad3 f   common.obj
 0001:00015e00       _DeinitConProc             00416e00 f   conproc.obj
 0001:00015e11       _DrawStringCommon          00416e11 f   console.obj
 0001:00015e6e       _DrawString                00416e6e f   console.obj
 0001:00015e90       _DrawAltString             00416e90 f   console.obj
 0001:00015eb5       _Con_ToggleConsole_f       00416eb5 f   console.obj
 0001:00015f30       _Con_ClearNotify           00416f30 f   console.obj
 0001:00015f42       _Con_CheckResize           00416f42 f   console.obj
 0001:00016062       _Con_Print                 00417062 f   console.obj
 0001:00016399       _Con_DrawNotify            00417399 f   console.obj
 0001:000165df       _Con_DrawConsole           004175df f   console.obj
 0001:00016b2a       _Key_Console               00417b2a f   console.obj
 0001:00017076       _Key_Message               00418076 f   console.obj
 0001:00017107       _Con_Init                  00418107 f   console.obj
 0001:0001730a       _CRC_Block                 0041830a f   crc.obj
 0001:00017346       _Cvar_VariableValue        00418346 f   cvar.obj
 0001:000173b4       _Cvar_VariableInt          004183b4 f   cvar.obj
 0001:000173c7       _Cvar_VariableString       004183c7 f   cvar.obj
 0001:000173df       _Cvar_Get                  004183df f   cvar.obj
 0001:00017673       _Cvar_GetVars              00418673 f   cvar.obj
 0001:000176c7       _Cvar_FullSet              004186c7 f   cvar.obj
 0001:00017724       _Cvar_SetValue             00418724 f   cvar.obj
 0001:00017985       _Cvar_SetInteger           00418985 f   cvar.obj
 0001:000179a7       _Cvar_Set                  004189a7 f   cvar.obj
 0001:000179bc       _Cvar_ForceSet             004189bc f   cvar.obj
 0001:000179d1       _Cvar_Clamp                004189d1 f   cvar.obj
 0001:00017a5b       _Cvar_ClampName            00418a5b f   cvar.obj
 0001:00017aac       _Cvar_GetLatchedVars       00418aac f   cvar.obj
 0001:00017adb       _Cvar_Command              00418adb f   cvar.obj
 0001:00017b87       _Cvar_WriteVariables       00418b87 f   cvar.obj
 0001:00017c01       _Cvar_BitInfo              00418c01 f   cvar.obj
 0001:00017c3a       _Cvar_Userinfo             00418c3a f   cvar.obj
 0001:00017c43       _Cvar_Serverinfo           00418c43 f   cvar.obj
 0001:00017c4c       _Cvar_Cheats               00418c4c f   cvar.obj
 0001:00017ca2       _Cvar_Init                 00418ca2 f   cvar.obj
 0001:000182ed       _FS_CreatePath             004192ed f   files.obj
 0001:00018337       _FS_CopyFile               00419337 f   files.obj
 0001:0001843a       _FS_CopyFiles              0041943a f   files.obj
 0001:00018513       _FS_RemoveFiles            00419513 f   files.obj
 0001:00018587       _Developer_searchpath      00419587 f   files.obj
 0001:000185cc       _FS_FCloseFile             004195cc f   files.obj
 0001:00018662       _FS_FOpenFile              00419662 f   files.obj
 0001:00018b8a       _FS_FileExists             00419b8a f   files.obj
 0001:00018dc7       _FS_Read                   00419dc7 f   files.obj
 0001:0001900f       _FS_LoadFile               0041a00f f   files.obj
 0001:00019071       _FS_FreeFile               0041a071 f   files.obj
 0001:0001907c       _FS_Gamedir                0041a07c f   files.obj
 0001:00019090       _FS_LoadGameConfig         0041a090 f   files.obj
 0001:00019155       _FS_SetGamedir             0041a155 f   files.obj
 0001:000197f8       _FS_ListFiles              0041a7f8 f   files.obj
 0001:00019b06       _FS_NextPath               0041ab06 f   files.obj
 0001:00019b2a       _FS_InitFilesystem         0041ab2a f   files.obj
 0001:0001a4ee       _LoadPCX                   0041b4ee f   images.obj
 0001:0001a625       _LoadTGA                   0041b625 f   images.obj
 0001:0001a818       _LoadJPG                   0041b818 f   images.obj
 0001:0001aaab       _ImageExists               0041baab f   images.obj
 0001:0001aba5       _WriteTGA                  0041bba5 f   images.obj
 0001:0001ad96       _WriteJPG                  0041bd96 f   images.obj
 0001:0001aebe       _IN_MLookDown              0041bebe f   in_win.obj
 0001:0001aec9       _IN_MLookUp                0041bec9 f   in_win.obj
 0001:0001aeec       _IN_StartupMouse           0041beec f   in_win.obj
 0001:0001af46       _IN_MouseEvent             0041bf46 f   in_win.obj
 0001:0001afc3       _IN_Init                   0041bfc3 f   in_win.obj
 0001:0001b009       _IN_Shutdown               0041c009 f   in_win.obj
 0001:0001b0f6       _IN_Activate               0041c0f6 f   in_win.obj
 0001:0001b10d       _IN_Frame                  0041c10d f   in_win.obj
 0001:0001b50e       _IN_Move                   0041c50e f   in_win.obj
 0001:0001b6d9       _IN_StartupJoystick        0041c6d9 f   in_win.obj
 0001:0001b7fa       _Joy_AdvancedUpdate_f      0041c7fa f   in_win.obj
 0001:0001b991       _IN_Commands               0041c991 f   in_win.obj
 0001:0001bac0       _IN_ReadJoystick           0041cac0 f   in_win.obj
 0001:0001bafb       _IN_JoyMove                0041cafb f   in_win.obj
 0001:0001be4b       _Key_StringToKeynum        0041ce4b f   keys.obj
 0001:0001be95       _Key_KeynumToString        0041ce95 f   keys.obj
 0001:0001bee8       _CompleteCommand           0041cee8 f   keys.obj
 0001:0001c6ee       _Key_SetBinding            0041d6ee f   keys.obj
 0001:0001c748       _Key_Bindlist_f            0041d748 f   keys.obj
 0001:0001c7e4       _Key_WriteBindings         0041d7e4 f   keys.obj
 0001:0001c822       _Key_Init                  0041d822 f   keys.obj
 0001:0001caf8       _Key_Event                 0041daf8 f   keys.obj
 0001:0001cdef       _Key_ClearStates           0041ddef f   keys.obj
 0001:0001ce34       _Key_ClearTyping           0041de34 f   keys.obj
 0001:0001ce4d       _MD4Init                   0041de4d f   md4.obj
 0001:0001ce75       _MD4Update                 0041de75 f   md4.obj
 0001:0001cf13       _MD4Final                  0041df13 f   md4.obj
 0001:0001d604       _Com_BlockChecksum         0041e604 f   md4.obj
 0001:0001d640       _Z_Free                    0041e640 f   memory.obj
 0001:0001d696       _Z_FreeTags                0041e696 f   memory.obj
 0001:0001d6c6       _Z_TagMalloc               0041e6c6 f   memory.obj
 0001:0001d737       _Z_Malloc                  0041e737 f   memory.obj
 0001:0001d759       _Z_BlockMalloc             0041e759 f   memory.obj
 0001:0001d774       _CreateMemoryChain         0041e774 f   memory.obj
 0001:0001d7dc       _FreeMemoryChain           0041e7dc f   memory.obj
 0001:0001d806       _AllocChainBlock           0041e806 f   memory.obj
 0001:0001d851       _CopyString                0041e851 f   memory.obj
 0001:0001d875       _ChainCopyString           0041e875 f   memory.obj
 0001:0001d89d       _AllocNamedStruc           0041e89d f   memory.obj
 0001:0001d8d8       _ChainAllocNamedStruc      0041e8d8 f   memory.obj
 0001:0001d917       _FindNamedStruc            0041e917 f   memory.obj
 0001:0001d95b       _FindNamedStrucByIndex     0041e95b f   memory.obj
 0001:0001d972       _IndexOfNamedStruc         0041e972 f   memory.obj
 0001:0001d9a0       _AddToNamedList            0041e9a0 f   memory.obj
 0001:0001d9ea       _ChainAddToNamedList       0041e9ea f   memory.obj
 0001:0001da34       _FreeNamedList             0041ea34 f   memory.obj
 0001:0001da4f       _Z_Init                    0041ea4f f   memory.obj
 0001:0001da8a       _M_PushMenu                0041ea8a f   menu.obj
 0001:0001db47       _M_ForceMenuOff            0041eb47 f   menu.obj
 0001:0001db74       _M_PopMenu                 0041eb74 f   menu.obj
 0001:0001dbc8       _Default_MenuKey           0041ebc8 f   menu.obj
 0001:0001dcf2       _M_Print                   0041ecf2 f   menu.obj
 0001:0001dd3d       _M_DrawTextBox             0041ed3d f   menu.obj
 0001:0001df29       _M_Main_Draw               0041ef29 f   menu.obj
 0001:0001e0ad       _M_Main_Key                0041f0ad f   menu.obj
 0001:0001e191       _M_Menu_Main_f             0041f191 f   menu.obj
 0001:0001e1ad       _M_Menu_Multiplayer_f      0041f1ad f   menu.obj
 0001:0001e332       _M_Menu_Keys_f             0041f332 f   menu.obj
 0001:0001e80f       _M_Menu_Options_f          0041f80f f   menu.obj
 0001:0001f17e       _M_Menu_Video_f            0042017e f   menu.obj
 0001:0001f19f       _M_Menu_Credits_f          0042019f f   menu.obj
 0001:0001f36f       _M_Menu_Game_f             0042036f f   menu.obj
 0001:0001f602       _M_Menu_LoadGame_f         00420602 f   menu.obj
 0001:0001f8d5       _M_Menu_SaveGame_f         004208d5 f   menu.obj
 0001:0001fa35       _M_AddToServerList         00420a35 f   menu.obj
 0001:0001faa8       _M_Menu_JoinServer_f       00420aa8 f   menu.obj
 0001:0001fd0c       _M_Menu_StartServer_f      00420d0c f   menu.obj
 0001:00020537       _M_Menu_DMOptions_f        00421537 f   menu.obj
 0001:00020cb3       _M_Menu_DownloadOptions_f  00421cb3 f   menu.obj
 0001:00020f35       _M_Menu_AddressBook_f      00421f35 f   menu.obj
 0001:000222ea       _M_Init                    004232ea f   menu.obj
 0001:0002240e       _M_Draw                    0042340e f   menu.obj
 0001:0002249f       _M_Keydown                 0042349f f   menu.obj
 0001:000224bb       _LoadQ2BspFile             004234bb f   model.obj
 0001:00022a84       _LoadBspFile               00423a84 f   model.obj
 0001:00022ba4       _ProcessEntstring          00423ba4 f   model.obj
 0001:000239d8       _Netchan_Init              004249d8 f   net_chan.obj
 0001:00023a38       _Netchan_OutOfBand         00424a38 f   net_chan.obj
 0001:00023a98       _Netchan_OutOfBandPrint    00424a98 f   net_chan.obj
 0001:00023ad8       _Netchan_Setup             00424ad8 f   net_chan.obj
 0001:00023b33       _Netchan_NeedReliable      00424b33 f   net_chan.obj
 0001:00023b5f       _Netchan_Transmit          00424b5f f   net_chan.obj
 0001:00023d03       _Netchan_Process           00424d03 f   net_chan.obj
 0001:00023e2a       _NetadrToSockadr           00424e2a f   net_wins.obj
 0001:00023ecc       _SockadrToNetadr           00424ecc f   net_wins.obj
 0001:00023f2f       _NET_CompareAdr            00424f2f f   net_wins.obj
 0001:00023f95       _NET_CompareBaseAdr        00424f95 f   net_wins.obj
 0001:00023fee       _NET_AdrToString           00424fee f   net_wins.obj
 0001:000240a7       _NET_StringToSockaddr      004250a7 f   net_wins.obj
 0001:000242e0       _NET_StringToAdr           004252e0 f   net_wins.obj
 0001:00024339       _NET_IsLocalAddress        00425339 f   net_wins.obj
 0001:00024345       _NET_GetLoopPacket         00425345 f   net_wins.obj
 0001:000243cc       _NET_SendLoopPacket        004253cc f   net_wins.obj
 0001:00024418       _NET_GetPacket             00425418 f   net_wins.obj
 0001:00024536       _NET_SendPacket            00425536 f   net_wins.obj
 0001:00024610       _NET_IPSocket              00425610 f   net_wins.obj
 0001:00024726       _NET_OpenIP                00425726 f   net_wins.obj
 0001:000247a2       _NET_OpenIPX               004257a2 f   net_wins.obj
 0001:000248fa       _NET_Config                004258fa f   net_wins.obj
 0001:0002498d       _NET_Init                  0042598d f   net_wins.obj
 0001:000249f7       _Pmove                     004259f7 f   pmove.obj
 0001:000266f2       _NormalizeColor            004276f2 f   q_shared2.obj
 0001:0002675e       _NormalizeColor255         0042775e f   q_shared2.obj
 0001:000267ce       _Q_rsqrt                   004277ce f   q_shared2.obj
 0001:000267fe       _RotatePointAroundVector   004277fe f   q_shared2.obj
 0001:0002696e       _AngleVectors              0042796e f   q_shared2.obj
 0001:00026acf       _ProjectPointOnPlane       00427acf f   q_shared2.obj
 0001:00026b4e       _PerpendicularVector       00427b4e f   q_shared2.obj
 0001:00026bcd       _MakeNormalVectors         00427bcd f   q_shared2.obj
 0001:00026c34       _MatrixMultiply            00427c34 f   q_shared2.obj
 0001:00026d1b       _R_ConcatTransforms        00427d1b f   q_shared2.obj
 0001:00026e55       _SetPlaneSignbits          00427e55 f   q_shared2.obj
 0001:00026e85       _LerpAngle                 00427e85 f   q_shared2.obj
 0001:00026ec8       _anglemod                  00427ec8 f   q_shared2.obj
 0001:00026ef4       _BoxOnPlaneSide            00427ef4 f   q_shared2.obj
 0001:00027010       _ClearBounds               00428010 f   q_shared2.obj
 0001:00027039       _AddPointToBounds          00428039 f   q_shared2.obj
 0001:00027072       _VectorCompare             00428072 f   q_shared2.obj
 0001:000270a0       _VectorNormalize           004280a0 f   q_shared2.obj
 0001:000270f4       _VectorNormalize2          004280f4 f   q_shared2.obj
 0001:0002714c       _VectorNormalizeFast       0042814c f   q_shared2.obj
 0001:0002718f       _VectorMA                  0042818f f   q_shared2.obj
 0001:000271be       _CrossProduct              004281be f   q_shared2.obj
 0001:000271f9       _VectorLength              004281f9 f   q_shared2.obj
 0001:00027228       _VectorDistance            00428228 f   q_shared2.obj
 0001:00027259       _VectorInverse             00428259 f   q_shared2.obj
 0001:00027274       _VectorScale               00428274 f   q_shared2.obj
 0001:00027298       _AnglesToAxis              00428298 f   q_shared2.obj
 0001:000272d1       _COM_FilePath              004282d1 f   q_shared2.obj
 0001:00027307       _ShortSwap                 00428307 f   q_shared2.obj
 0001:0002731c       _va                        0042831c f   q_shared2.obj
 0001:00027369       _COM_ParseExt              00428369 f   q_shared2.obj
 0001:00027464       _Com_PageInMemory          00428464 f   q_shared2.obj
 0001:00027483       _Q_stricmp                 00428483 f   q_shared2.obj
 0001:00027494       _Q_strncasecmp             00428494 f   q_shared2.obj
 0001:000274ec       _Q_strcasecmp              004284ec f   q_shared2.obj
 0001:00027502       _Q_strncpyz                00428502 f   q_shared2.obj
 0001:00027526       _Q_strncpylower            00428526 f   q_shared2.obj
 0001:00027560       _Q_CopyFilename            00428560 f   q_shared2.obj
 0001:000275fc       _Com_sprintf               004285fc f   q_shared2.obj
 0001:00027642       _Info_ValueForKey          00428642 f   q_shared2.obj
 0001:000276cd       _Info_RemoveKey            004286cd f   q_shared2.obj
 0001:00027753       _Info_SetValueForKey       00428753 f   q_shared2.obj
 0001:00027891       _Field_Draw                00428891 f   qmenu.obj
 0001:00027aa0       _Field_Key                 00428aa0 f   qmenu.obj
 0001:00027d09       _Menu_AddItem              00428d09 f   qmenu.obj
 0001:00027d3e       _Menu_AdjustCursor         00428d3e f   qmenu.obj
 0001:00027e7d       _Menu_Center               00428e7d f   qmenu.obj
 0001:00027eb5       _Menu_DrawDotsItem         00428eb5 f   qmenu.obj
 0001:00027f1a       _Menu_Draw                 00428f1a f   qmenu.obj
 0001:000281cb       _Menu_ItemAtCursor         004291cb f   qmenu.obj
 0001:000281e3       _Menu_SelectItem           004291e3 f   qmenu.obj
 0001:00028225       _Menu_SetStatusBar         00429225 f   qmenu.obj
 0001:00028234       _Menu_SlideItem            00429234 f   qmenu.obj
 0001:00028284       _Menu_TallySlots           00429284 f   qmenu.obj
 0001:00028734       _S_SoundInfo_f             00429734 f   snd_dma.obj
 0001:000287be       _S_ReadModelsSex           004297be f   snd_dma.obj
 0001:000288a7       _S_IsFemale                004298a7 f   snd_dma.obj
 0001:00028935       _S_Init                    00429935 f   snd_dma.obj
 0001:00028a08       _S_Shutdown                00429a08 f   snd_dma.obj
 0001:00028a92       _S_FindName                00429a92 f   snd_dma.obj
 0001:00028b7e       _S_AliasName               00429b7e f   snd_dma.obj
 0001:00028c0a       _S_BeginRegistration       00429c0a f   snd_dma.obj
 0001:00028c1b       _S_RegisterSound           00429c1b f   snd_dma.obj
 0001:00028c81       _S_EndRegistration         00429c81 f   snd_dma.obj
 0001:00028d14       _S_PickChannel             00429d14 f   snd_dma.obj
 0001:00028dab       _S_SpatializeOrigin        00429dab f   snd_dma.obj
 0001:00028ed2       _S_Spatialize              00429ed2 f   snd_dma.obj
 0001:00028f40       _S_AllocPlaysound          00429f40 f   snd_dma.obj
 0001:00028f5f       _S_FreePlaysound           00429f5f f   snd_dma.obj
 0001:00028f8f       _S_IssuePlaysound          00429f8f f   snd_dma.obj
 0001:0002904d       _S_RegisterSexedSound      0042a04d f   snd_dma.obj
 0001:00029131       _S_StartSound              0042a131 f   snd_dma.obj
 0001:000292c7       _S_StartLocalSound         0042a2c7 f   snd_dma.obj
 0001:00029316       _S_ClearBuffer             0042a316 f   snd_dma.obj
 0001:0002936e       _S_StopAllSounds           0042a36e f   snd_dma.obj
 0001:000293e9       _S_AddLoopSounds           0042a3e9 f   snd_dma.obj
 0001:000295be       _S_RawSamples              0042a5be f   snd_dma.obj
 0001:000297c2       _S_Update                  0042a7c2 f   snd_dma.obj
 0001:000298e9       _GetSoundtime              0042a8e9 f   snd_dma.obj
 0001:00029950       _S_Update_                 0042a950 f   snd_dma.obj
 0001:000299e6       _S_Play                    0042a9e6 f   snd_dma.obj
 0001:00029a96       _S_SoundList               0042aa96 f   snd_dma.obj
 0001:00029b57       _ResampleSfx               0042ab57 f   snd_mem.obj
 0001:00029c5b       _S_LoadSound               0042ac5b f   snd_mem.obj
 0001:00029d81       _FindNextChunk             0042ad81 f   snd_mem.obj
 0001:00029e0b       _GetWavinfo                0042ae0b f   snd_mem.obj
 0001:00029ffb       _S_WriteLinearBlastStereo16 0042affb f   snd_mix.obj
 0001:0002a06f       _S_TransferStereo16        0042b06f f   snd_mix.obj
 0001:0002a0d8       _S_TransferPaintBuffer     0042b0d8 f   snd_mix.obj
 0001:0002a234       _S_PaintChannels           0042b234 f   snd_mix.obj
 0001:0002a459       _S_InitScaletable          0042b459 f   snd_mix.obj
 0001:0002a4ac       _S_PaintChannelFrom8       0042b4ac f   snd_mix.obj
 0001:0002a5ae       _S_PaintChannelFrom16      0042b5ae f   snd_mix.obj
 0001:0002a619       _FreeSound                 0042b619 f   snd_win.obj
 0001:0002a729       _SNDDMA_InitDirect         0042b729 f   snd_win.obj
 0001:0002abf8       _SNDDMA_Init               0042bbf8 f   snd_win.obj
 0001:0002ac74       _SNDDMA_GetDMAPos          0042bc74 f   snd_win.obj
 0001:0002acbe       _SNDDMA_BeginPainting      0042bcbe f   snd_win.obj
 0001:0002adc0       _SNDDMA_Submit             0042bdc0 f   snd_win.obj
 0001:0002ade5       _SNDDMA_Shutdown           0042bde5 f   snd_win.obj
 0001:0002adea       _S_Activate                0042bdea f   snd_win.obj
 0001:0002ae15       _SV_SetMaster_f            0042be15 f   sv_ccmds.obj
 0001:0002af27       _SV_WipeSavegame           0042bf27 f   sv_ccmds.obj
 0001:0002af55       _SV_CopySaveGame           0042bf55 f   sv_ccmds.obj
 0001:0002afaa       _SV_WriteLevelFile         0042bfaa f   sv_ccmds.obj
 0001:0002b058       _SV_ReadLevelFile          0042c058 f   sv_ccmds.obj
 0001:0002b106       _SV_WriteServerFile        0042c106 f   sv_ccmds.obj
 0001:0002b342       _SV_ReadServerFile         0042c342 f   sv_ccmds.obj
 0001:0002b45c       _SV_DemoMap_f              0042c45c f   sv_ccmds.obj
 0001:0002b4eb       _SV_GameMap_f              0042c4eb f   sv_ccmds.obj
 0001:0002b65d       _SV_Map_f                  0042c65d f   sv_ccmds.obj
 0001:0002b6ca       _SV_Loadgame_f             0042c6ca f   sv_ccmds.obj
 0001:0002b7cf       _SV_Savegame_f             0042c7cf f   sv_ccmds.obj
 0001:0002b8d4       _SV_AddressBanned          0042c8d4 f   sv_ccmds.obj
 0001:0002b916       _SV_InitOperatorCommands   0042c916 f   sv_ccmds.obj
 0001:0002c2b5       _SV_EmitPacketEntities     0042d2b5 f   sv_ents.obj
 0001:0002c423       _SV_WritePlayerstateToClient 0042d423 f   sv_ents.obj
 0001:0002c8e1       _SV_WriteFrameToClient     0042d8e1 f   sv_ents.obj
 0001:0002c99d       _SV_FatPVS                 0042d99d f   sv_ents.obj
 0001:0002caca       _SV_BuildClientFrame       0042daca f   sv_ents.obj
 0001:0002cd95       _SV_RecordDemoMessage      0042dd95 f   sv_ents.obj
 0001:0002ceb4       _SV_ShutdownGameProgs      0042deb4 f   sv_game.obj
 0001:0002cecd       _SV_InitGameProgs          0042decd f   sv_game.obj
 0001:0002d778       _SV_FindIndex              0042e778 f   sv_init.obj
 0001:0002d83f       _SV_ModelIndex             0042e83f f   sv_init.obj
 0001:0002d855       _SV_SoundIndex             0042e855 f   sv_init.obj
 0001:0002d86e       _SV_ImageIndex             0042e86e f   sv_init.obj
 0001:0002d887       _SV_CreateBaseline         0042e887 f   sv_init.obj
 0001:0002d8ea       _SV_CheckForSavegame       0042e8ea f   sv_init.obj
 0001:0002d972       _SV_SpawnServer            0042e972 f   sv_init.obj
 0001:0002dc08       _SV_InitGame               0042ec08 f   sv_init.obj
 0001:0002ddf3       _SV_Map                    0042edf3 f   sv_init.obj
 0001:0002dfb1       _SV_DropClient             0042efb1 f   sv_main.obj
 0001:0002e026       _SV_StatusString           0042f026 f   sv_main.obj
 0001:0002e105       _SVC_Info                  0042f105 f   sv_main.obj
 0001:0002e1db       _SVC_GetChallenge          0042f1db f   sv_main.obj
 0001:0002e283       _SVC_DirectConnect         0042f283 f   sv_main.obj
 0001:0002e6f0       _Rcon_Validate             0042f6f0 f   sv_main.obj
 0001:0002e721       _SVC_RemoteCommand         0042f721 f   sv_main.obj
 0001:0002e7f3       _SV_ConnectionlessPacket   0042f7f3 f   sv_main.obj
 0001:0002e955       _SV_CalcPings              0042f955 f   sv_main.obj
 0001:0002e9dc       _SV_GiveMsec               0042f9dc f   sv_main.obj
 0001:0002ea1b       _SV_ReadPackets            0042fa1b f   sv_main.obj
 0001:0002eb31       _SV_CheckTimeouts          0042fb31 f   sv_main.obj
 0001:0002ebd7       _SV_PostprocessFrame       0042fbd7 f   sv_main.obj
 0001:0002efc3       _SV_MulticastHook          0042ffc3 f   sv_main.obj
 0001:0002f26a       _SV_TraceHook              0043026a f   sv_main.obj
 0001:0002f3a0       _SV_Frame                  004303a0 f   sv_main.obj
 0001:0002f5dd       _SV_UserinfoChanged        004305dd f   sv_main.obj
 0001:0002f6a1       _SV_Init                   004306a1 f   sv_main.obj
 0001:0002f704       _SV_Shutdown               00430704 f   sv_main.obj
 0001:0002f8d2       _SV_FlushRedirect          004308d2 f   sv_send.obj
 0001:0002f944       _SV_ClientPrintf           00430944 f   sv_send.obj
 0001:0002f99a       _SV_BroadcastPrintf        0043099a f   sv_send.obj
 0001:0002fa6b       _SV_BroadcastCommand       00430a6b f   sv_send.obj
 0001:0002fabd       _SV_Multicast              00430abd f   sv_send.obj
 0001:0002fcad       _SV_MulticastOld           00430cad f   sv_send.obj
 0001:0002fcc0       _SV_StartSound             00430cc0 f   sv_send.obj
 0001:0002ff1a       _SV_StartSoundOld          00430f1a f   sv_send.obj
 0001:0002ff4a       _SV_StartSoundNew          00430f4a f   sv_send.obj
 0001:0002ff7a       _SV_SendClientDatagram     00430f7a f   sv_send.obj
 0001:00030051       _SV_DemoCompleted          00431051 f   sv_send.obj
 0001:0003006d       _SV_RateDrop               0043106d f   sv_send.obj
 0001:000300b8       _SV_SendClientMessages     004310b8 f   sv_send.obj
 0001:0003020b       _SV_BeginDemoserver        0043120b f   sv_user.obj
 0001:0003025b       _SV_New_f                  0043125b f   sv_user.obj
 0001:000303d0       _SV_Configstrings_f        004313d0 f   sv_user.obj
 0001:0003052a       _SV_Baselines_f            0043152a f   sv_user.obj
 0001:0003069e       _SV_Begin_f                0043169e f   sv_user.obj
 0001:000306fb       _SV_NextDownload_f         004316fb f   sv_user.obj
 0001:000307cf       _SV_BeginDownload_f        004317cf f   sv_user.obj
 0001:000309e7       _SV_Disconnect_f           004319e7 f   sv_user.obj
 0001:000309f7       _SV_ShowServerinfo_f       004319f7 f   sv_user.obj
 0001:00030a04       _SV_Nextserver             00431a04 f   sv_user.obj
 0001:00030a63       _SV_Nextserver_f           00431a63 f   sv_user.obj
 0001:00030aaa       _SV_ExecuteUserCommand     00431aaa f   sv_user.obj
 0001:00030b17       _SV_ClientThink            00431b17 f   sv_user.obj
 0001:00030b5a       _SV_ExecuteClientMessage   00431b5a f   sv_user.obj
 0001:00030d87       _SV_ClearWorld             00431d87 f   sv_world.obj
 0001:00030eeb       _SV_UnlinkEdict            00431eeb f   sv_world.obj
 0001:00030f4e       _SV_LinkEdict              00431f4e f   sv_world.obj
 0001:000314fd       _SV_AreaEdicts             004324fd f   sv_world.obj
 0001:0003166e       _SV_PointContents          0043266e f   sv_world.obj
 0001:00031759       _SV_ClipMoveToEntities     00432759 f   sv_world.obj
 0001:00031aab       _SV_Trace                  00432aab f   sv_world.obj
 0001:00031b16       _Sys_Error                 00432b16 f   sys_win.obj
 0001:00031b76       _Sys_Quit                  00432b76 f   sys_win.obj
 0001:00031c58       _Sys_Init                  00432c58 f   sys_win.obj
 0001:00032065       _Sys_ConsoleInput          00433065 f   sys_win.obj
 0001:000321c5       _Sys_ConsoleOutput         004331c5 f   sys_win.obj
 0001:00032276       _Sys_SendKeyEvents         00433276 f   sys_win.obj
 0001:000322df       _Sys_GetClipboardData      004332df f   sys_win.obj
 0001:00032338       _Sys_AppActivate           00433338 f   sys_win.obj
 0001:00032353       _Sys_UnloadGame            00433353 f   sys_win.obj
 0001:00032378       _Sys_GetGameAPI            00433378 f   sys_win.obj
 0001:00032465       _WinMain@16                00433465 f   sys_win.obj
 0001:00032559       _Vid_CreateWindow          00433559 f   vid_dll.obj
 0001:00032c3a       _Vid_DestroyWindow         00433c3a f   vid_dll.obj
 0001:00032c83       _Vid_GetModeInfo           00433c83 f   vid_dll.obj
 0001:00032cb2       _Vid_UpdateWindowPosAndSize 00433cb2 f   vid_dll.obj
 0001:00032d19       _Vid_FreeReflib            00433d19 f   vid_dll.obj
 0001:00032d5a       _Vid_CheckChanges          00433d5a f   vid_dll.obj
 0001:0003311e       _Vid_Init                  0043411e f   vid_dll.obj
 0001:0003318f       _Vid_Shutdown              0043418f f   vid_dll.obj
 0001:000331bd       _Vid_MenuInit              004341bd f   vid_menu.obj
 0001:000338f8       _Vid_MenuDraw              004348f8 f   vid_menu.obj
 0001:0003398c       _Vid_MenuKey               0043498c f   vid_menu.obj
 0001:00033cc4       _GL_BackEnd                00434cc4 f   gl_backend.obj
 0001:00037026       _GL_InitBackend            00438026 f   gl_backend.obj
 0001:0003705d       _GL_ShutdownBackend        0043805d f   gl_backend.obj
 0001:00037071       _GL_AllocDynamicMemory     00438071 f   gl_buffers.obj
 0001:000370df       _GL_ResizeDynamicMemory    004380df f   gl_buffers.obj
 0001:00037131       _GL_AddSurfaceToPortal     00438131 f   gl_buffers.obj
 0001:00037194       _GL_AddDynamicSurface      00438194 f   gl_buffers.obj
 0001:000371bc       _GL_InsertShaderIndex      004381bc f   gl_buffers.obj
 0001:00037208       _GL_ClearPortal            00438208 f   gl_buffers.obj
 0001:00037224       _GL_FinishPortal           00438224 f   gl_buffers.obj
 0001:00037275       _GL_SortSurfaces           00438275 f   gl_buffers.obj
 0001:00037410       _GL_ClearBuffers           00438410 f   gl_buffers.obj
 0001:00037427       _GL_TextureMode            00438427 f   gl_image.obj
 0001:000374d6       _GL_CreateImage            004384d6 f   gl_image.obj
 0001:00038201       _GL_SetRawPalette          00439201 f   gl_image.obj
 0001:00038232       _GL_DrawStretchRaw         00439232 f   gl_image.obj
 0001:000384fc       _GL_SetupGamma             004394fc f   gl_image.obj
 0001:0003869e       _GL_PerformScreenshot      0043969e f   gl_image.obj
 0001:00038929       _GL_InitImages             00439929 f   gl_image.obj
 0001:00038e9e       _GL_ShutdownImages         00439e9e f   gl_image.obj
 0001:00038f19       _GL_ShowImages             00439f19 f   gl_image.obj
 0001:0003914f       _GL_FindImage              0043a14f f   gl_image.obj
 0001:0003954c       _GL_Lock                   0043a54c f   gl_interface.obj
 0001:000395c9       _GL_Unlock                 0043a5c9 f   gl_interface.obj
 0001:00039752       _GL_Bind                   0043a752 f   gl_interface.obj
 0001:00039845       _GL_BindForce              0043a845 f   gl_interface.obj
 0001:00039891       _GL_TexEnv                 0043a891 f   gl_interface.obj
 0001:00039a0e       _GL_TexEnvColor            0043aa0e f   gl_interface.obj
 0001:00039aba       _GL_SelectTexture          0043aaba f   gl_interface.obj
 0001:00039b18       _GL_TexCoordPointer        0043ab18 f   gl_interface.obj
 0001:00039b47       _GL_SetMultitexture        0043ab47 f   gl_interface.obj
 0001:00039c1f       _GL_DisableTexCoordArrays  0043ac1f f   gl_interface.obj
 0001:00039c78       _GL_CullFace               0043ac78 f   gl_interface.obj
 0001:00039cc9       _GL_DepthRange             0043acc9 f   gl_interface.obj
 0001:00039cfc       _GL_State                  0043acfc f   gl_interface.obj
 0001:00039e55       _GL_EnableFog              0043ae55 f   gl_interface.obj
 0001:00039f59       _GL_SetDefaultState        0043af59 f   gl_interface.obj
 0001:0003a078       _GL_Set2DMode              0043b078 f   gl_interface.obj
 0001:0003a176       _GL_Setup                  0043b176 f   gl_interface.obj
 0001:0003a2af       _GL_ShowLights             0043b2af f   gl_light.obj
 0001:0003a5ac       _GL_LightForEntity         0043b5ac f   gl_light.obj
 0001:0003b74e       _GL_ApplyEntitySpherelights 0043c74e f   gl_light.obj
 0001:0003b8d2       _LM_Init                   0043c8d2 f   gl_lightmap.obj
 0001:0003b8e8       _LM_Flush                  0043c8e8 f   gl_lightmap.obj
 0001:0003b946       _LM_Done                   0043c946 f   gl_lightmap.obj
 0001:0003b96d       _LM_Save                   0043c96d f   gl_lightmap.obj
 0001:0003b987       _LM_Restore                0043c987 f   gl_lightmap.obj
 0001:0003b9a1       _LM_NewBlock               0043c9a1 f   gl_lightmap.obj
 0001:0003ba1a       _LM_Rewind                 0043ca1a f   gl_lightmap.obj
 0001:0003ba22       _LM_NextBlock              0043ca22 f   gl_lightmap.obj
 0001:0003ba53       _LM_AllocBlock             0043ca53 f   gl_lightmap.obj
 0001:0003bb06       _LM_PutBlock               0043cb06 f   gl_lightmap.obj
 0001:0003bc9b       _LM_SortLightStyles        0043cc9b f   gl_lightmap.obj
 0001:0003bd29       _GL_UpdateDynamicLightmap  0043cd29 f   gl_lightmap.obj
 0001:0003c208       _GL_DrawStretchPic         0043d208 f   gl_main.obj
 0001:0003c2c4       _DrawTextLeft              0043d2c4 f   gl_main.obj
 0001:0003c3cf       _DrawTextRight             0043d3cf f   gl_main.obj
 0001:0003c420       _DrawText3D                0043d420 f   gl_main.obj
 0001:0003c5d0       _GL_GetRefAPI              0043d5d0 f   gl_main.obj
 0001:0003de3e       _GL_InitFuncTables         0043ee3e f   gl_math.obj
 0001:0003dfef       _ModelToWorldCoord         0043efef f   gl_math.obj
 0001:0003e043       _WorldToModelCoord         0043f043 f   gl_math.obj
 0001:0003e08a       _GetBoxRect                0043f08a f   gl_math.obj
 0001:0003e40c       _GL_FindModel              0043f40c f   gl_model.obj
 0001:0003e587       _GL_LoadWorldMap           0043f587 f   gl_model.obj
 0001:00040686       _GL_PointInLeaf            00441686 f   gl_model.obj
 0001:00040fa5       _ATAN2_FUNC                00441fa5 f i gl_model.obj
 0001:00041144       _GL_FindSkin               00442144 f   gl_model.obj
 0001:0004129a       _GL_ResetModels            0044229a f   gl_model.obj
 0001:00041364       _GL_InitModels             00442364 f   gl_model.obj
 0001:000413d1       _GL_ShutdownModels         004423d1 f   gl_model.obj
 0001:000413e7       _SubdividePlane            004423e7 f   gl_poly.obj
 0001:0004183d       _FreeSubdividedPlane       0044283d f   gl_poly.obj
 0001:00041855       _GetSubdivideIndexes       00442855 f   gl_poly.obj
 0001:000418a8       _RemoveCollinearPoints     004428a8 f   gl_poly.obj
 0001:000419bc       _GetPolyArea               004429bc f   gl_poly.obj
 0001:00041a50       _GL_InitShaders            00442a50 f   gl_shader.obj
 0001:00041b79       _GL_ShutdownShaders        00442b79 f   gl_shader.obj
 0001:00041ba3       _GL_SetShaderLightmap      00442ba3 f   gl_shader.obj
 0001:00041f6a       _GL_SetShaderLightstyles   00442f6a f   gl_shader.obj
 0001:00042006       _GL_GetAlphaShader         00443006 f   gl_shader.obj
 0001:0004233b       _GL_FindShader             0044333b f   gl_shader.obj
 0001:00042894       _GL_GetShaderByNum         00443894 f   gl_shader.obj
 0001:000428b2       _GL_ResetShaders           004438b2 f   gl_shader.obj
 0001:00042ca8       _GL_ClearSkyBox            00443ca8 f   gl_sky.obj
 0001:00042ccb       _GL_ShowWholeSky           00443ccb f   gl_sky.obj
 0001:00042cf3       _GL_AddSkySurface          00443cf3 f   gl_sky.obj
 0001:000432e5       _GL_TesselateSkySide       004442e5 f   gl_sky.obj
 0001:000435a0       _GL_AddEntity              004445a0 f   gl_frontend.obj
 0001:00043ac7       _GL_AddDlight              00444ac7 f   gl_frontend.obj
 0001:00043c8f       _GL_DrawPortal             00444c8f f   gl_frontend.obj
 0001:000464f8       _GLimp_SetMode             004474f8 f   glw_imp.obj
 0001:0004679a       _GLimp_HasGamma            0044779a f   glw_imp.obj
 0001:000467af       _GLimp_SetGamma            004477af f   glw_imp.obj
 0001:00046955       _GLimp_Shutdown            00447955 f   glw_imp.obj
 0001:00046a62       _GLimp_Init                00447a62 f   glw_imp.obj
 0001:00046da6       _GLimp_EndFrame            00447da6 f   glw_imp.obj
 0001:00046e42       _GLimp_AppActivate         00447e42 f   glw_imp.obj
 0001:00048523       _QGL_Shutdown              00449523 f   qgl_win.obj
 0001:00048555       _QGL_Init                  00449555 f   qgl_win.obj
 0001:000485d9       _QGL_InitExtensions        004495d9 f   qgl_win.obj
 0001:00048964       _QGL_EnableLogging         00449964 f   qgl_win.obj
 0001:00048a2f       _QGL_LogMessage            00449a2f f   qgl_win.obj
 0001:00048a46       _Hunk_Begin                00449a46 f   q_shwin.obj
 0001:00048a80       _Hunk_Alloc                00449a80 f   q_shwin.obj
 0001:00048b07       _Hunk_End                  00449b07 f   q_shwin.obj
 0001:00048b0d       _Hunk_Free                 00449b0d f   q_shwin.obj
 0001:00048b26       _Sys_Milliseconds          00449b26 f   q_shwin.obj
 0001:00048b5a       _Sys_Mkdir                 00449b5a f   q_shwin.obj
 0001:00048b66       _Sys_FindFirst             00449b66 f   q_shwin.obj
 0001:00048be4       _Sys_FindNext              00449be4 f   q_shwin.obj
 0001:00048c59       _Sys_FindClose             00449c59 f   q_shwin.obj
 0001:00048c73       _R_Alias_clip_z            00449c73 f   r_aclip.obj
 0001:00048d20       _R_Alias_clip_left         00449d20 f   r_aclip.obj
 0001:00048eee       _R_Alias_clip_right        00449eee f   r_aclip.obj
 0001:000490bc       _R_Alias_clip_top          0044a0bc f   r_aclip.obj
 0001:0004928c       _R_Alias_clip_bottom       0044a28c f   r_aclip.obj
 0001:0004945c       _R_AliasClip               0044a45c f   r_aclip.obj
 0001:0004952c       _R_AliasClipTriangle       0044a52c f   r_aclip.obj
 0001:0004971e       _R_AliasCheckFrameBBox     0044a71e f   r_alias.obj
 0001:00049851       _R_AliasCheckBBox          0044a851 f   r_alias.obj
 0001:000498b5       _R_AliasTransformVector    0044a8b5 f   r_alias.obj
 0001:00049911       _R_AliasPreparePoints      0044a911 f   r_alias.obj
 0001:00049ba9       _R_AliasSetUpTransform     0044aba9 f   r_alias.obj
 0001:00049d38       _R_AliasTransformFinalVerts 0044ad38 f   r_alias.obj
 0001:00049f07       _R_AliasProjectAndClipTestFinalVert 0044af07 f   r_alias.obj
 0001:00049f8f       _R_AliasSetupLighting      0044af8f f   r_alias.obj
 0001:0004a0f9       _R_AliasSetupFrames        0044b0f9 f   r_alias.obj
 0001:0004a16d       _R_AliasSetUpLerpData      0044b16d f   r_alias.obj
 0001:0004a295       _R_AliasDrawModel          0044b295 f   r_alias.obj
 0001:0004a51c       _R_EntityRotate            0044b51c f   r_bsp.obj
 0001:0004a59d       _R_RotateBmodel            0044b59d f   r_bsp.obj
 0001:0004a6f8       _R_RecursiveClipBPoly      0044b6f8 f   r_bsp.obj
 0001:0004aa28       _R_DrawSolidClippedSubmodelPolygons 0044ba28 f   r_bsp.obj
 0001:0004abaf       _R_DrawSubmodelPolygons    0044bbaf f   r_bsp.obj
 0001:0004ac3f       _R_RecursiveWorldNode      0044bc3f f   r_bsp.obj
 0001:0004ae71       _R_RenderWorld             0044be71 f   r_bsp.obj
 0001:0004aeed       _Draw_FindPic              0044beed f   r_draw.obj
 0001:0004af30       _Draw_InitLocal            0044bf30 f   r_draw.obj
 0001:0004af41       _Draw_Char                 0044bf41 f   r_draw.obj
 0001:0004b022       _Draw_CharColor            0044c022 f   r_draw.obj
 0001:0004b131       _R_DrawTexts               0044c131 f   r_draw.obj
 0001:0004b1a7       _DrawText_Pos              0044c1a7 f   r_draw.obj
 0001:0004b2b5       _DrawText_Left             0044c2b5 f   r_draw.obj
 0001:0004b2f1       _DrawText_Right            0044c2f1 f   r_draw.obj
 0001:0004b340       _Draw_GetPicSize           0044c340 f   r_draw.obj
 0001:0004b380       _Draw_StretchPicImplementation 0044c380 f   r_draw.obj
 0001:0004b4aa       _Draw_StretchPic           0044c4aa f   r_draw.obj
 0001:0004b4e2       _Draw_StretchRaw           0044c4e2 f   r_draw.obj
 0001:0004b514       _Draw_Pic                  0044c514 f   r_draw.obj
 0001:0004b6cd       _Draw_PicColor             0044c6cd f   r_draw.obj
 0001:0004b886       _Draw_TileClear            0044c886 f   r_draw.obj
 0001:0004b956       _Draw_Fill                 0044c956 f   r_draw.obj
 0001:0004b9f2       _Draw_Fade                 0044c9f2 f   r_draw.obj
 0001:0004ba54       _R_BeginEdgeFrame          0044ca54 f   r_edge.obj
 0001:0004bb10       _R_InsertNewEdges          0044cb10 f   r_edge.obj
 0001:0004bb56       _R_RemoveEdges             0044cb56 f   r_edge.obj
 0001:0004bb74       _R_StepActiveU             0044cb74 f   r_edge.obj
 0001:0004bc08       _R_CleanupSpan             0044cc08 f   r_edge.obj
 0001:0004bc58       _R_LeadingEdgeBackwards    0044cc58 f   r_edge.obj
 0001:0004bced       _R_TrailingEdge            0044cced f   r_edge.obj
 0001:0004bd51       _R_LeadingEdge             0044cd51 f   r_edge.obj
 0001:0004bef4       _R_GenerateSpans           0044cef4 f   r_edge.obj
 0001:0004bf62       _R_GenerateSpansBackward   0044cf62 f   r_edge.obj
 0001:0004bfd0       _R_ScanEdges               0044cfd0 f   r_edge.obj
 0001:0004c1a7       _D_FlatFillSurface         0044d1a7 f   r_edge.obj
 0001:0004c201       _D_CalcGradients           0044d201 f   r_edge.obj
 0001:0004c43a       _D_BackgroundSurf          0044d43a f   r_edge.obj
 0001:0004c47a       _D_TurbulentSurf           0044d47a f   r_edge.obj
 0001:0004c59c       _D_SkySurf                 0044d59c f   r_edge.obj
 0001:0004c61d       _D_SolidSurf               0044d61d f   r_edge.obj
 0001:0004c788       _D_DrawflatSurfaces        0044d788 f   r_edge.obj
 0001:0004c7d8       _D_DrawSurfaces            0044d7d8 f   r_edge.obj
 0001:0004c8d6       _R_ImageList_f             0044d8d6 f   r_image.obj
 0001:0004c997       _R_FindFreeImage           0044d997 f   r_image.obj
 0001:0004c9e5       _R_LoadPic                 0044d9e5 f   r_image.obj
 0001:0004ca75       _R_LoadTex                 0044da75 f   r_image.obj
 0001:0004cb01       _R_LoadWal                 0044db01 f   r_image.obj
 0001:0004cb57       _R_MipMap                  0044db57 f   r_image.obj
 0001:0004cc85       _R_DownsampleImage         0044dc85 f   r_image.obj
 0001:0004cd8a       _R_FindImage               0044dd8a f   r_image.obj
 0001:0004d12f       _R_RegisterSkin            0044e12f f   r_image.obj
 0001:0004d13d       _R_FreeUnusedImages        0044e13d f   r_image.obj
 0001:0004d19d       _R_InitImages              0044e19d f   r_image.obj
 0001:0004d203       _R_ShutdownImages          0044e203 f   r_image.obj
 0001:0004d240       _R_MarkLights              0044e240 f   r_light.obj
 0001:0004d30f       _R_PushDlights             0044e30f f   r_light.obj
 0001:0004d36d       _RecursiveLightPoint       0044e36d f   r_light.obj
 0001:0004d608       _R_LightPoint              0044e608 f   r_light.obj
 0001:0004d723       _R_AddDynamicLights        0044e723 f   r_light.obj
 0001:0004d9bd       _R_BuildLightMap           0044e9bd f   r_light.obj
 0001:0004dab3       _R_InitTextures            0044eab3 f   r_main.obj
 0001:0004db74       _R_InitTurb                0044eb74 f   r_main.obj
 0001:0004dbf1       _R_Register                0044ebf1 f   r_main.obj
 0001:0004dc59       _R_Init                    0044ec59 f   r_main.obj
 0001:0004dcea       _R_Shutdown                0044ecea f   r_main.obj
 0001:0004dd5f       _R_NewMap                  0044ed5f f   r_main.obj
 0001:0004de09       _R_MarkLeaves              0044ee09 f   r_main.obj
 0001:0004df30       _R_DrawEntitiesOnList      0044ef30 f   r_main.obj
 0001:0004e13f       _R_BmodelCheckBBox         0044f13f f   r_main.obj
 0001:0004e1f1       _R_FindTopnode             0044f1f1 f   r_main.obj
 0001:0004e246       _RotatedBBox               0044f246 f   r_main.obj
 0001:0004e3a5       _R_DrawBEntitiesOnList     0044f3a5 f   r_main.obj
 0001:0004e5bd       _R_EdgeDrawing             0044f5bd f   r_main.obj
 0001:0004e692       _R_CalcPalette             0044f692 f   r_main.obj
 0001:0004e797       _R_SetLightLevel           0044f797 f   r_main.obj
 0001:0004e7e7       _R_RenderFrame             0044f7e7 f   r_main.obj
 0001:0004e9d8       _R_InitGraphics            0044f9d8 f   r_main.obj
 0001:0004ea4e       _R_BeginFrame              0044fa4e f   r_main.obj
 0001:0004eb71       _R_GammaCorrectAndSetPalette 0044fb71 f   r_main.obj
 0001:0004ebd0       _R_CinematicSetPalette     0044fbd0 f   r_main.obj
 0001:0004ec67       _Draw_BuildGammaTable      0044fc67 f   r_main.obj
 0001:0004ed12       _R_DrawBeam                0044fd12 f   r_main.obj
 0001:0004ee78       _R_SetSky                  0044fe78 f   r_main.obj
 0001:0004eef3       _Draw_GetPalette           0044fef3 f   r_main.obj
 0001:0004f03b       _Draw_ConCharColor         0045003b f   r_main.obj
 0001:0004f05c       _GetRefAPI                 0045005c f   r_main.obj
 0001:0004f2ac       _D_ViewChanged             004502ac f   r_misc.obj
 0001:0004f41f       _R_PrintTimes              0045041f f   r_misc.obj
 0001:0004f499       _R_PrintDSpeeds            00450499 f   r_misc.obj
 0001:0004f560       _R_PrintAliasStats         00450560 f   r_misc.obj
 0001:0004f573       _R_TransformFrustum        00450573 f   r_misc.obj
 0001:0004f63b       _TransformVector           0045063b f   r_misc.obj
 0001:0004f6a6       _R_SetUpFrustumIndexes     004506a6 f   r_misc.obj
 0001:0004f70b       _R_ViewChanged             0045070b f   r_misc.obj
 0001:0004fa54       _R_SetupFrame              00450a54 f   r_misc.obj
 0001:0004fc40       _WritePCXfile              00450c40 f   r_misc.obj
 0001:0004fd62       _R_ScreenShot              00450d62 f   r_misc.obj
 0001:0004fe71       _Mod_Modellist_f           00450e71 f   r_model.obj
 0001:0004fecf       _Mod_Init                  00450ecf f   r_model.obj
 0001:0004fee7       _Mod_ForName               00450ee7 f   r_model.obj
 0001:00050123       _Mod_PointInLeaf           00451123 f   r_model.obj
 0001:00050185       _Mod_DecompressVis         00451185 f   r_model.obj
 0001:00050205       _Mod_ClusterPVS            00451205 f   r_model.obj
 0001:00050232       _Mod_LoadLighting          00451232 f   r_model.obj
 0001:000502b1       _R_NumberLeafs             004512b1 f   r_model.obj
 0001:000502ff       _Mod_LoadVertexes          004512ff f   r_model.obj
 0001:00050341       _Mod_LoadEdges             00451341 f   r_model.obj
 0001:0005038f       _Mod_LoadTexinfo           0045138f f   r_model.obj
 0001:000504f7       _CalcSurfaceExtents        004514f7 f   r_model.obj
 0001:00050677       _Mod_LoadFaces             00451677 f   r_model.obj
 0001:000507de       _Mod_SetParent             004517de f   r_model.obj
 0001:00050803       _Mod_LoadNodes             00451803 f   r_model.obj
 0001:000508f9       _Mod_LoadLeafs             004518f9 f   r_model.obj
 0001:000509a2       _Mod_LoadMarksurfaces      004519a2 f   r_model.obj
 0001:00050a1e       _Mod_LoadSurfedges         00451a1e f   r_model.obj
 0001:00050a5d       _Mod_LoadPlanes            00451a5d f   r_model.obj
 0001:00050ac0       _Mod_LoadBrushModel        00451ac0 f   r_model.obj
 0001:00050cb2       _Mod_LoadAliasModel        00451cb2 f   r_model.obj
 0001:00050f2d       _Mod_LoadSpriteModel       00451f2d f   r_model.obj
 0001:00051014       _R_BeginRegistration       00452014 f   r_model.obj
 0001:000510a4       _R_RegisterModel           004520a4 f   r_model.obj
 0001:0005119c       _R_EndRegistration         0045219c f   r_model.obj
 0001:00051207       _Mod_FreeAll               00452207 f   r_model.obj
 0001:0005124c       _R_DrawParticle            0045224c f   r_part.obj
 0001:000514e6       _R_DrawParticles           004524e6 f   r_part.obj
 0001:00051590       _R_DrawSpanletOpaque       00452590 f   r_poly.obj
 0001:00051620       _R_DrawSpanletTurbulentStipple33 00452620 f   r_poly.obj
 0001:0005174b       _R_DrawSpanletTurbulentStipple66 0045274b f   r_poly.obj
 0001:0005192c       _R_DrawSpanletTurbulentBlended66 0045292c f   r_poly.obj
 0001:000519e1       _R_DrawSpanletTurbulentBlended33 004529e1 f   r_poly.obj
 0001:00051a96       _R_DrawSpanlet33           00452a96 f   r_poly.obj
 0001:00051b30       _R_DrawSpanletConstant33   00452b30 f   r_poly.obj
 0001:00051b89       _R_DrawSpanlet66           00452b89 f   r_poly.obj
 0001:00051c27       _R_DrawSpanlet33Stipple    00452c27 f   r_poly.obj
 0001:00051d42       _R_DrawSpanlet66Stipple    00452d42 f   r_poly.obj
 0001:00051ed3       _R_ClipPolyFace            00452ed3 f   r_poly.obj
 0001:00052044       _R_PolygonDrawSpans        00453044 f   r_poly.obj
 0001:00052436       _R_PolygonScanLeftEdge     00453436 f   r_poly.obj
 0001:0005259a       _R_PolygonScanRightEdge    0045359a f   r_poly.obj
 0001:000527a4       _R_ClipAndDrawPoly         004537a4 f   r_poly.obj
 0001:000529a6       _R_BuildPolygonFromSurface 004539a6 f   r_poly.obj
 0001:00052bb9       _R_PolygonCalculateGradients 00453bb9 f   r_poly.obj
 0001:00052e72       _R_DrawAlphaSurfaces       00453e72 f   r_poly.obj
 0001:00052f08       _R_IMFlatShadedQuad        00453f08 f   r_poly.obj
 0001:0005304a       _R_InitAdivtab             0045404a f   r_polyse.obj
 0001:000530b6       _R_PolysetUpdateTables     004540b6 f   r_polyse.obj
 0001:000530f1       _R_DrawTriangle            004540f1 f   r_polyse.obj
 0001:00053202       _R_PolysetScanLeftEdge_C   00454202 f   r_polyse.obj
 0001:000533cc       _FloorDivMod               004543cc f   r_polyse.obj
 0001:00053466       _R_PolysetSetUpForLineScan 00454466 f   r_polyse.obj
 0001:000534f4       _R_PolysetCalcGradients    004544f4 f   r_polyse.obj
 0001:00053767       _R_PolysetDrawSpans8_33    00454767 f   r_polyse.obj
 0001:00053897       _R_PolysetDrawSpansConstant8_33 00454897 f   r_polyse.obj
 0001:00053931       _R_PolysetDrawSpans8_66    00454931 f   r_polyse.obj
 0001:00053a6d       _R_PolysetDrawSpansConstant8_66 00454a6d f   r_polyse.obj
 0001:00053b15       _R_PolysetDrawSpans8_Opaque 00454b15 f   r_polyse.obj
 0001:00053c60       _R_RasterizeAliasPolySmooth 00454c60 f   r_polyse.obj
 0001:00054240       _R_PolysetSetEdgeTable     00455240 f   r_polyse.obj
 0001:000542db       _R_InitSkyBox              004552db f   r_rast.obj
 0001:00054555       _R_EmitSkyBox              00455555 f   r_rast.obj
 0001:00054668       _R_EmitEdge                00455668 f   r_rast.obj
 0001:00054a2d       _R_ClipEdge                00455a2d f   r_rast.obj
 0001:00054bdb       _R_EmitCachedEdge          00455bdb f   r_rast.obj
 0001:00054c32       _R_RenderFace              00455c32 f   r_rast.obj
 0001:00054ff9       _R_RenderBmodelFace        00455ff9 f   r_rast.obj
 0001:00055262       _D_WarpScreen              00456262 f   r_scan.obj
 0001:00055424       _D_DrawTurbulent8Span      00456424 f   r_scan.obj
 0001:000554a8       _Turbulent8                004564a8 f   r_scan.obj
 0001:00055804       _NonTurbulent8             00456804 f   r_scan.obj
 0001:00055b3e       _D_DrawSpans16             00456b3e f   r_scan.obj
 0001:00055e5b       _D_DrawZSpans              00456e5b f   r_scan.obj
 0001:00055f2b       _R_DrawSprite              00456f2b f   r_sprite.obj
 0001:000561c0       _R_TextureAnimation        004571c0 f   r_surf.obj
 0001:000561e4       _R_DrawSurface             004571e4 f   r_surf.obj
 0001:00056349       _R_DrawSurfaceBlock8_mip0  00457349 f   r_surf.obj
 0001:00056448       _R_DrawSurfaceBlock8_mip1  00457448 f   r_surf.obj
 0001:00056547       _R_DrawSurfaceBlock8_mip2  00457547 f   r_surf.obj
 0001:00056646       _R_DrawSurfaceBlock8_mip3  00457646 f   r_surf.obj
 0001:00056742       _R_InitCaches              00457742 f   r_surf.obj
 0001:000567c3       _D_FlushCaches             004577c3 f   r_surf.obj
 0001:00056808       _D_SCAlloc                 00457808 f   r_surf.obj
 0001:0005699c       _D_CacheSurface            0045799c f   r_surf.obj
 0001:00056b11       _DDRAW_Init                00457b11 f   rw_ddraw.obj
 0001:00056f21       _DDRAW_SetPalette          00457f21 f   rw_ddraw.obj
 0001:00056f8a       _DDRAW_Shutdown            00457f8a f   rw_ddraw.obj
 0001:000570f5       _DIB_Init                  004580f5 f   rw_dib.obj
 0001:000572da       _DIB_SetPalette            004582da f   rw_dib.obj
 0001:0005749e       _DIB_Shutdown              0045849e f   rw_dib.obj
 0001:00057597       _SWimp_Init                00458597 f   rw_imp.obj
 0001:0005759b       _SWimp_EndFrame            0045859b f   rw_imp.obj
 0001:00057707       _SWimp_SetMode             00458707 f   rw_imp.obj
 0001:00057829       _SWimp_SetPalette          00458829 f   rw_imp.obj
 0001:0005784e       _SWimp_Shutdown            0045884e f   rw_imp.obj
 0001:00057895       _SWimp_AppActivate         00458895 f   rw_imp.obj
 0001:000578cf       _adler32                   004588cf f   adler32.obj
 0001:000579e8       _crc32                     004589e8 f   crc32.obj
 0001:00057afe       _inflate_blocks_reset      00458afe f   infblock.obj
 0001:00057b69       _inflate_blocks_new        00458b69 f   infblock.obj
 0001:00057bf4       _inflate_blocks            00458bf4 f   infblock.obj
 0001:0005840b       _inflate_blocks_free       0045940b f   infblock.obj
 0001:0005843f       _inflate_codes_new         0045943f f   infcodes.obj
 0001:00058473       _inflate_codes             00459473 f   infcodes.obj
 0001:00058a31       _inflate_codes_free        00459a31 f   infcodes.obj
 0001:00058a42       _inflate_fast              00459a42 f   inffast.obj
 0001:00058d0d       _inflateReset              00459d0d f   inflate.obj
 0001:00058d4c       _inflateEnd                00459d4c f   inflate.obj
 0001:00058d8a       _inflateInit2_             00459d8a f   inflate.obj
 0001:00058e74       _inflate                   00459e74 f   inflate.obj
 0001:000591d7       _inflate_trees_bits        0045a1d7 f   inftrees.obj
 0001:000595e5       _inflate_trees_dynamic     0045a5e5 f   inftrees.obj
 0001:000596e8       _inflate_trees_fixed       0045a6e8 f   inftrees.obj
 0001:00059717       _inflate_flush             0045a717 f   infutil.obj
 0001:00059803       _Zip_OpenArchive           0045a803 f   zip.obj
 0001:0005986e       _Zip_CloseArchive          0045a86e f   zip.obj
 0001:0005987a       _Zip_EnumArchive           0045a87a f   zip.obj
 0001:00059a5b       _Zip_OpenFile              0045aa5b f   zip.obj
 0001:00059b6a       _Zip_ReadFile              0045ab6a f   zip.obj
 0001:00059c61       _Zip_CloseFile             0045ac61 f   zip.obj
 0001:00059ca9       _Zip_OpenBuf               0045aca9 f   zip.obj
 0001:00059cfc       _Zip_ReadBuf               0045acfc f   zip.obj
 0001:00059d44       _Zip_CloseBuf              0045ad44 f   zip.obj
 0001:00059d5a       _zcalloc                   0045ad5a f   zutil.obj
 0001:00059d6b       _zcfree                    0045ad6b f   zutil.obj
 0001:00059d6b       _jpeg_free_small           0045ad6b f   zutil.obj
 0001:00059d6b       _jpeg_free_large           0045ad6b f   zutil.obj
 0001:00059d77       _jpeg_CreateCompress       0045ad77 f   jcapimin.obj
 0001:00059e2b       _jpeg_suppress_tables      0045ae2b f   jcapimin.obj
 0001:00059e75       _jpeg_finish_compress      0045ae75 f   jcapimin.obj
 0001:00059f5f       _jpeg_start_compress       0045af5f f   jcapistd.obj
 0001:00059fcb       _jpeg_write_scanlines      0045afcb f   jcapistd.obj
 0001:0005a076       _jinit_c_coef_controller   0045b076 f   jccoefct.obj
 0001:0005a715       _jinit_color_converter     0045b715 f   jccolor.obj
 0001:0005acff       _jinit_forward_dct         0045bcff f   jcdctmgr.obj
 0001:0005b1db       _jinit_c_diff_controller   0045c1db f   jcdiffct.obj
 0001:0005b741       _jpeg_make_c_derived_tbl   0045c741 f   jchuff.obj
 0001:0005b943       _jpeg_gen_optimal_table    0045c943 f   jchuff.obj
 0001:0005bb02       _jinit_compress_master     0045cb02 f   jcinit.obj
 0001:0005bb5b       _jinit_lhuff_encoder       0045cb5b f   jclhuff.obj
 0001:0005c288       _jinit_lossless_c_codec    0045d288 f   jclossls.obj
 0001:0005c320       _jinit_lossy_c_codec       0045d320 f   jclossy.obj
 0001:0005c3bb       _jinit_c_main_controller   0045d3bb f   jcmainct.obj
 0001:0005c528       _jinit_marker_writer       0045d528 f   jcmarker.obj
 0001:0005ce04       _jinit_c_master_control    0045de04 f   jcmaster.obj
 0001:0005d8f3       _jinit_c_codec             0045e8f3 f   jcodec.obj
 0001:0005d90f       _jinit_d_codec             0045e90f f   jcodec.obj
 0001:0005d92b       _jpeg_abort                0045e92b f   jcomapi.obj
 0001:0005d95e       _jpeg_destroy              0045e95e f   jcomapi.obj
 0001:0005d979       _jpeg_alloc_quant_table    0045e979 f   jcomapi.obj
 0001:0005d995       _jpeg_alloc_huff_table     0045e995 f   jcomapi.obj
 0001:0005d9b1       _jpeg_add_quant_table      0045e9b1 f   jcparam.obj
 0001:0005da63       _jpeg_quality_scaling      0045ea63 f   jcparam.obj
 0001:0005da8a       _jpeg_set_quality          0045ea8a f   jcparam.obj
 0001:0005dac4       _jpeg_set_defaults         0045eac4 f   jcparam.obj
 0001:0005dc86       _jpeg_default_colorspace   0045ec86 f   jcparam.obj
 0001:0005dcd6       _jpeg_set_colorspace       0045ecd6 f   jcparam.obj
 0001:0005dff1       _jinit_phuff_encoder       0045eff1 f   jcphuff.obj
 0001:0005ea96       _jinit_differencer         0045fa96 f   jcpred.obj
 0001:0005efb0       _jinit_c_prep_controller   0045ffb0 f   jcprepct.obj
 0001:0005f4fb       _jinit_downsampler         004604fb f   jcsample.obj
 0001:0005fd7b       _jinit_c_scaler            00460d7b f   jcscale.obj
 0001:0005fdf1       _jinit_shuff_encoder       00460df1 f   jcshuff.obj
 0001:00060659       _jpeg_CreateDecompress     00461659 f   jdapimin.obj
 0001:00060719       _jpeg_destroy_compress     00461719 f   jdapimin.obj
 0001:00060719       _jpeg_destroy_decompress   00461719 f   jdapimin.obj
 0001:00060724       _jpeg_read_header          00461724 f   jdapimin.obj
 0001:00060786       _jpeg_consume_input        00461786 f   jdapimin.obj
 0001:000609d4       _jpeg_finish_decompress    004619d4 f   jdapimin.obj
 0001:00060a6b       _jpeg_start_decompress     00461a6b f   jdapistd.obj
 0001:00060bd8       _jpeg_read_scanlines       00461bd8 f   jdapistd.obj
 0001:00060c5c       _jpeg_stdio_dest           00461c5c f   jdatadst.obj
 0001:00060d5c       _jinit_d_coef_controller   00461d5c f   jdcoefct.obj
[...]
 0001:00022684       _SwapQ2BspFile             00423684 f   model.obj
 0001:0002289a       _ProcessQ2BspFile          0042389a f   model.obj
 0001:0002296d       _LoadQ2Submodels           0042396d f   model.obj
 0001:00022a3f       _CheckLump                 00423a3f f   model.obj
 0001:00022d17       _ReadEntity                00423d17 f   model.obj
 0001:00022ddb       _WriteEntity               00423ddb f   model.obj
 0001:00022e46       _ProcessEntityTarget       00423e46 f   model.obj
 0001:00022ebf       _FindField                 00423ebf f   model.obj
 0001:00022ef8       _GetVector                 00423ef8 f   model.obj
 0001:00022f29       _ProcessEntity             00423f29 f   model.obj
 0001:0002394a       _AddField                  0042494a f   model.obj
 0001:00023987       _FindEntityTarget          00424987 f   model.obj
 0001:0001e1ce       _Multiplayer_MenuDraw      0041f1ce f   menu.obj
 0001:0001e1f1       _M_Banner                  0041f1f1 f   menu.obj
 0001:0001e233       _Multiplayer_MenuInit      0041f233 f   menu.obj
 0001:0001e321       _Multiplayer_MenuKey       0041f321 f   menu.obj
 0001:0001e353       _Keys_MenuInit             0041f353 f   menu.obj
 0001:0001e4e6       _KeyCursorDrawFunc         0041f4e6 f   menu.obj
 0001:0001e527       _DrawKeyBindingFunc        0041f527 f   menu.obj
 0001:0001e5ff       _M_FindKeysForCommand      0041f5ff f   menu.obj
 0001:0001e64f       _SeekLine                  0041f64f f   menu.obj
 0001:0001e676       _AppendToken               0041f676 f   menu.obj
 0001:0001e6a0       _Keys_MenuDraw             0041f6a0 f   menu.obj
 0001:0001e6b9       _Keys_MenuKey              0041f6b9 f   menu.obj
 0001:0001e771       _M_UnbindCommand           0041f771 f   menu.obj
 0001:0001e7bd       _KeyBindingFunc            0041f7bd f   menu.obj
 0001:0001e830       _Options_MenuInit          0041f830 f   menu.obj
 0001:0001ecbb       _CrosshairFunc             0041fcbb f   menu.obj
 0001:0001ecdf       _JoystickFunc              0041fcdf f   menu.obj
 0001:0001ecf2       _CustomizeControlsFunc     0041fcf2 f   menu.obj
 0001:0001ecf7       _AlwaysRunFunc             0041fcf7 f   menu.obj
 0001:0001ed0a       _FreeLookFunc              0041fd0a f   menu.obj
 0001:0001ed1d       _MouseSpeedFunc            0041fd1d f   menu.obj
 0001:0001ed3a       _ControlsSetMenuItemValues 0041fd3a f   menu.obj
 0001:0001ef06       _ControlsResetDefaultsFunc 0041ff06 f   menu.obj
 0001:0001ef1b       _InvertMouseFunc           0041ff1b f   menu.obj
 0001:0001ef36       _LookspringFunc            0041ff36 f   menu.obj
 0001:0001ef52       _LookstrafeFunc            0041ff52 f   menu.obj
 0001:0001ef6e       _UpdateVolumeFunc          0041ff6e f   menu.obj
 0001:0001ef8b       _UpdateCDVolumeFunc        0041ff8b f   menu.obj
 0001:0001efa4       _ConsoleFunc               0041ffa4 f   menu.obj
 0001:0001efd3       _UpdateSoundFunc           0041ffd3 f   menu.obj
 0001:0001f07b       _Options_ScanCrosshairs    0042007b f   menu.obj
 0001:0001f0ce       _Options_MenuDraw          004200ce f   menu.obj
 0001:0001f0f6       _Options_CrosshairDraw     004200f6 f   menu.obj
 0001:0001f16d       _Options_MenuKey           0042016d f   menu.obj
 0001:0001f253       _M_Credits_MenuDraw        00420253 f   menu.obj
 0001:0001f33d       _M_Credits_Key             0042033d f   menu.obj
 0001:0001f39a       _Game_MenuInit             0042039a f   menu.obj
 0001:0001f547       _EasyGameFunc              00420547 f   menu.obj
 0001:0001f55d       _StartGame                 0042055d f   menu.obj
 0001:0001f5a2       _MediumGameFunc            004205a2 f   menu.obj
 0001:0001f5b8       _HardGameFunc              004205b8 f   menu.obj
 0001:0001f5ce       _Game_MenuDraw             004205ce f   menu.obj
 0001:0001f5f1       _Game_MenuKey              004205f1 f   menu.obj
 0001:0001f623       _LoadGame_MenuInit         00420623 f   menu.obj
 0001:0001f6cc       _Create_Savestrings        004206cc f   menu.obj
 0001:0001f791       _LoadGameCallback          00420791 f   menu.obj
 0001:0001f7bb       _LoadGame_MenuDraw         004207bb f   menu.obj
 0001:0001f7e4       _DrawSavegameShot          004207e4 f   menu.obj
 0001:0001f8a3       _LoadGame_MenuKey          004208a3 f   menu.obj
 0001:0001f904       _SaveGame_MenuDraw         00420904 f   menu.obj
 0001:0001f939       _SaveGame_MenuInit         00420939 f   menu.obj
 0001:0001f9d4       _SaveGameCallback          004209d4 f   menu.obj
 0001:0001f9f3       _SaveGame_MenuKey          004209f3 f   menu.obj
 0001:0001fac9       _JoinServer_MenuInit       00420ac9 f   menu.obj
 0001:0001fc1a       _JoinServerFunc            00420c1a f   menu.obj
 0001:0001fc77       _SearchLocalGames          00420c77 f   menu.obj
 0001:0001fce3       _JoinServer_MenuDraw       00420ce3 f   menu.obj
 0001:0001fcfb       _JoinServer_MenuKey        00420cfb f   menu.obj
 0001:0001fd2d       _StartServer_MenuInit      00420d2d f   menu.obj
 0001:000201dd       _DMOptionsFunc             004211dd f   menu.obj
 0001:000201ec       _RulesChangeFunc           004211ec f   menu.obj
 0001:00020255       _StartServerActionFunc     00421255 f   menu.obj
 0001:00020281       _StartServerFunc           00421281 f   menu.obj
 0001:000204ec       _StartServer_MenuDraw      004214ec f   menu.obj
 0001:000204f8       _StartServer_MenuKey       004214f8 f   menu.obj
 0001:00020558       _DMOptions_MenuInit        00421558 f   menu.obj
 0001:00020ae8       _DMFlagCallback            00421ae8 f   menu.obj
 0001:00020c96       _DMOptions_MenuDraw        00421c96 f   menu.obj
 0001:00020ca2       _DMOptions_MenuKey         00421ca2 f   menu.obj
 0001:00020cd4       _DownloadOptions_MenuInit  00421cd4 f   menu.obj
 0001:00020ebf       _DownloadCallback          00421ebf f   menu.obj
 0001:00020f18       _DownloadOptions_MenuDraw  00421f18 f   menu.obj
 0001:00020f24       _DownloadOptions_MenuKey   00421f24 f   menu.obj
 0001:00020f56       _AddressBook_MenuInit      00421f56 f   menu.obj
 0001:0002100c       _AddressBook_MenuKey       0042200c f   menu.obj
 0001:0002105d       _AddressBook_MenuDraw      0042205d f   menu.obj
 0001:00021075       _M_Menu_PlayerConfig_f     00422075 f   menu.obj
 0001:000210d0       _PlayerConfig_MenuInit     004220d0 f   menu.obj
 0001:00021602       _HandednessCallback        00422602 f   menu.obj
 0001:00021615       _RTypeCallback             00422615 f   menu.obj
 0001:00021628       _RColorCallback            00422628 f   menu.obj
 0001:0002163b       _RateCallback              0042263b f   menu.obj
 0001:00021659       _ModelCallback             00422659 f   menu.obj
 0001:0002169a       _PlayerConfig_ScanDirectories 0042269a f   menu.obj
 0001:00021861       _IsValidSkin               00422861 f   menu.obj
 0001:0002192a       _PlayerConfig_MenuDraw     0042292a f   menu.obj
 0001:00021bd8       _PlayerConfig_MenuKey      00422bd8 f   menu.obj
 0001:00021cac       _M_Menu_DMBrowse_f         00422cac f   menu.obj
 0001:00021cf0       _DMBrowse_MenuInit         00422cf0 f   menu.obj
 0001:00021ed6       _DMBrowse_MenuKey          00422ed6 f   menu.obj
 0001:00022079       _DMBrowse_MenuDraw         00423079 f   menu.obj
 0001:0002219e       _DrawThumbnail             0042319e f   menu.obj
 0001:00022265       _M_Quit_Key                00423265 f   menu.obj
 0001:000222a5       _M_Quit_Draw               004232a5 f   menu.obj
 0001:000223f2       _M_Menu_Quit_f             004233f2 f   menu.obj
 0001:0001d780       _AllocChain                0041e780 f   memory.obj
 0001:0001da70       _Z_Stats_f                 0041ea70 f   memory.obj
 0001:0001cf77       _MD4Transform              0041df77 f   md4.obj
 0001:0001d579       _Encode                    0041e579 f   md4.obj
 0001:0001d5be       _Decode                    0041e5be f   md4.obj
 0001:0001bf5f       _Do_CompleteCommand        0041cf5f f   keys.obj
 0001:0001c3fe       _TryComplete               0041d3fe f   keys.obj
 0001:0001c493       _CompleteMenu              0041d493 f   keys.obj
 0001:0001c5d5       _CompleteMenuDraw          0041d5d5 f   keys.obj
 0001:0001c634       _CompleteMenuKey           0041d634 f   keys.obj
 0001:0001c666       _CompleteMenuCallback      0041d666 f   keys.obj
 0001:0001c908       _Key_Unbind_f              0041d908 f   keys.obj
 0001:0001c9ee       _Key_Unbindall_f           0041d9ee f   keys.obj
 0001:0001ca18       _Key_Bind_f                0041da18 f   keys.obj
 0001:0001b00e       _IN_DeactivateMouse        0041c00e f   in_win.obj
 0001:0001b03a       _IN_FreeDirect             0041c03a f   in_win.obj
 0001:0001b0a3       _IN_FreeWin32              0041c0a3 f   in_win.obj
 0001:0001b23c       _IN_ActivateMouse          0041c23c f   in_win.obj
 0001:0001b2b4       _IN_InitDirect             0041c2b4 f   in_win.obj
 0001:0001b3fe       _IN_InitWin32              0041c3fe f   in_win.obj
 0001:0001b52c       _IN_MouseMove              0041c52c f   in_win.obj
 0001:00033116       _J_InitSource              00434116 f   vid_dll.obj
 0001:0001a9fd       _J_FillInputBuffer         0041b9fd f   images.obj
 0001:0001aa25       _J_SkipInputData           0041ba25 f   images.obj
 0001:00033116       _J_TermSource              00434116 f   vid_dll.obj
 0001:0001aa3d       _InitJpegError             0041ba3d f   images.obj
 0001:0001aa6e       _J_ErrorExit               0041ba6e f   images.obj
 0001:0001aa7d       _J_EmitMessage             0041ba7d f   images.obj
 0001:0001aa9a       _J_ResetErrorMgr           0041ba9a f   images.obj
 0001:00018a54       _FindPakFile               00419a54 f   files.obj
 0001:00018ac4       _FindPakDirectory          00419ac4 f   files.obj
 0001:00018b55       _FileLength                00419b55 f   files.obj
 0001:00018faa       _FOpenCached               00419faa f   files.obj
 0001:000192eb       _UnloadPackFile            0041a2eb f   files.obj
 0001:00019311       _ClearFileCache            0041a311 f   files.obj
 0001:00019338       _AddGameDirectory          0041a338 f   files.obj
 0001:000193fd       _AddDirFilesToList         0041a3fd f   files.obj
 0001:000194c0       _LoadPackFile              0041a4c0 f   files.obj
 0001:0001962e       _AddPakFile                0041a62e f   files.obj
 0001:000196cd       _AddPakDirectory           0041a6cd f   files.obj
 0001:000197ab       _EnumZippedPak             0041a7ab f   files.obj
 0001:00019a46       _ListPakDirectory          0041aa46 f   files.obj
 0001:00019c01       _InitResFiles              0041ac01 f   files.obj
 0001:00019ce4       _FS_LoadPak_f              0041ace4 f   files.obj
 0001:00019db1       _TryLoadPak                0041adb1 f   files.obj
 0001:00019e1f       _FindPakStruc              0041ae1f f   files.obj
 0001:00019e74       _FS_UnloadPak_f            0041ae74 f   files.obj
 0001:0001a01b       _FS_Link_f                 0041b01b f   files.obj
 0001:0001a0e7       _FS_Dir_f                  0041b0e7 f   files.obj
 0001:0001a2f8       _FS_Path_f                 0041b2f8 f   files.obj
 0001:0001a390       _FS_Cat_f                  0041b390 f   files.obj
 0001:0001a469       _FS_Type_f                 0041b469 f   files.obj
 0001:0001735f       _Cvar_FindVar              0041835f f   cvar.obj
 0001:00017394       _ComputeHash               00418394 f   cvar.obj
 0001:000175a6       _Cvar_SetString            004185a6 f   cvar.obj
 0001:0001763c       _Cvar_InfoValidate         0041863c f   cvar.obj
 0001:0001774c       _Cvar_Set2                 0041874c f   cvar.obj
 0001:0001791e       _Cvar_SetHardcoded         0041891e f   cvar.obj
 0001:00017d49       _Cvar_Set_f                00418d49 f   cvar.obj
 0001:00017dc6       _Cvar_SetWithFlags         00418dc6 f   cvar.obj
 0001:00017e19       _Cvar_Seta_f               00418e19 f   cvar.obj
 0001:00017e3b       _Cvar_Setu_f               00418e3b f   cvar.obj
 0001:00017e5d       _Cvar_Sets_f               00418e5d f   cvar.obj
 0001:00017e7f       _Cvar_Reset_f              00418e7f f   cvar.obj
 0001:00017ee4       _Cvar_List_f               00418ee4 f   cvar.obj
 0001:00017ff4       _Cvar_Add_f                00418ff4 f   cvar.obj
 0001:0001816b       _Cvar_Scale_f              0041916b f   cvar.obj
 0001:000181de       _Cvar_Toggle_f             004191de f   cvar.obj
 0001:00018241       _Cvar_Cycle_f              00419241 f   cvar.obj
 0001:000160ed       _Con_Clear_f               004170ed f   console.obj
 0001:00016154       _PlaceChar                 00417154 f   console.obj
 0001:000162de       _FindLine                  004172de f   console.obj
 0001:00016a55       _Con_DrawInput             00417a55 f   console.obj
 0001:0001704f       _iswordsym                 0041804f f   console.obj
 0001:000171d4       _Con_Dump_f                004181d4 f   console.obj
 0001:000172e3       _Con_MessageMode_f         004182e3 f   console.obj
 0001:000172f5       _Con_MessageMode2_f        004182f5 f   console.obj
 0001:000148f4       _GetInt                    004158f4 f   common.obj
 0001:000158c9       _Com_Error_f               004168c9 f   common.obj
 0001:000158e1       _ParseCmdline              004168e1 f   common.obj
 0001:00015a96       _PushCmdline               00416a96 f   common.obj
 0001:00011f42       _CMod_LoadSurfaces         00412f42 f   cmodel.obj
 0001:00012044       _CMod_ReadSurfMaterials    00413044 f   cmodel.obj
 0001:0001217f       _CMod_LoadNodes            0041317f f   cmodel.obj
 0001:000121e1       _CMod_LoadBrushes          004131e1 f   cmodel.obj
 0001:0001222d       _CMod_LoadLeafs            0041322d f   cmodel.obj
 0001:000122fc       _CMod_LoadPlanes           004132fc f   cmodel.obj
 0001:00012402       _CMod_LoadLeafBrushes      00413402 f   cmodel.obj
 0001:0001244d       _CMod_LoadBrushSides       0041344d f   cmodel.obj
 0001:000124c6       _CMod_LoadAreas            004134c6 f   cmodel.obj
 0001:00012855       _PointLeafnum_r            00413855 f   cmodel.obj
 0001:00012940       _BoxLeafnums_r             00413940 f   cmodel.obj
 0001:00012e99       _TestInLeaf                00413e99 f   cmodel.obj
 0001:00012efe       _TestBoxInBrush            00413efe f   cmodel.obj
 0001:0001306f       _RecursiveHullCheck        0041406f f   cmodel.obj
 0001:00013346       _TraceToLeaf               00414346 f   cmodel.obj
 0001:00013401       _ClipBoxToBrush            00414401 f   cmodel.obj
 0001:00013aa7       _RecursiveBrushTest        00414aa7 f   cmodel.obj
 0001:00013d3d       _TestBrush                 00414d3d f   cmodel.obj
 0001:0001401e       _FloodArea_r               0041501e f   cmodel.obj
 0001:000118fe       _Cmd_MacroExpandString     004128fe f   cmd.obj
 0001:00011c3a       _Cmd_Wait_f                00412c3a f   cmd.obj
 0001:00011c6f       _Cmd_List_f                00412c6f f   cmd.obj
 0001:00010615       _DrawSurfInfo              00411615 f   cl_view.obj
 0001:00010b13       _DrawFlag                  00411b13 f   cl_view.obj
 0001:00010c64       _DecodeContents            00411c64 f   cl_view.obj
 0001:00010caf       _DrawOriginInfo            00411caf f   cl_view.obj
 0001:00010e40       _DrawFpsInfo               00411e40 f   cl_view.obj
 0001:00010f69       _FixWaterVis               00411f69 f   cl_view.obj
 0001:00011067       _entitycmpfnc              00412067 f   cl_view.obj
 0001:000110d0       _Screenshot_f              004120d0 f   cl_view.obj
 0001:0000d504       _SCR_CalcVrect             0040e504 f   cl_scrn.obj
 0001:000085cc       _TryParseStatus            004095cc f   cl_main.obj
 0001:00006a3c       _IN_KLookUp                00407a3c f   cl_input.obj
 0001:00006a48       _KeyUp                     00407a48 f   cl_input.obj
 0001:00006ac2       _IN_KLookDown              00407ac2 f   cl_input.obj
 0001:00006ace       _KeyDown                   00407ace f   cl_input.obj
 0001:00006b44       _IN_UpUp                   00407b44 f   cl_input.obj
 0001:00006b50       _IN_UpDown                 00407b50 f   cl_input.obj
 0001:00006b5c       _IN_DownUp                 00407b5c f   cl_input.obj
 0001:00006b68       _IN_DownDown               00407b68 f   cl_input.obj
 0001:00006b74       _IN_RightUp                00407b74 f   cl_input.obj
 0001:00006b80       _IN_RightDown              00407b80 f   cl_input.obj
 0001:00006b8c       _IN_LeftUp                 00407b8c f   cl_input.obj
 0001:00006b98       _IN_LeftDown               00407b98 f   cl_input.obj
 0001:00006ba4       _IN_ForwardUp              00407ba4 f   cl_input.obj
 0001:00006bb0       _IN_ForwardDown            00407bb0 f   cl_input.obj
 0001:00006bbc       _IN_BackUp                 00407bbc f   cl_input.obj
 0001:00006bc8       _IN_BackDown               00407bc8 f   cl_input.obj
 0001:00006bd4       _IN_LookupUp               00407bd4 f   cl_input.obj
 0001:00006be0       _IN_LookupDown             00407be0 f   cl_input.obj
 0001:00006bec       _IN_LookdownUp             00407bec f   cl_input.obj
 0001:00006bf8       _IN_LookdownDown           00407bf8 f   cl_input.obj
 0001:00006c04       _IN_MoveleftUp             00407c04 f   cl_input.obj
 0001:00006c10       _IN_MoveleftDown           00407c10 f   cl_input.obj
 0001:00006c1c       _IN_MoverightUp            00407c1c f   cl_input.obj
 0001:00006c28       _IN_MoverightDown          00407c28 f   cl_input.obj
 0001:00006c34       _IN_SpeedUp                00407c34 f   cl_input.obj
 0001:00006c40       _IN_SpeedDown              00407c40 f   cl_input.obj
 0001:00006c4c       _IN_StrafeUp               00407c4c f   cl_input.obj
 0001:00006c58       _IN_StrafeDown             00407c58 f   cl_input.obj
 0001:00006c64       _IN_AttackUp               00407c64 f   cl_input.obj
 0001:00006c70       _IN_AttackDown             00407c70 f   cl_input.obj
 0001:00006c7c       _IN_UseUp                  00407c7c f   cl_input.obj
 0001:00006c88       _IN_UseDown                00407c88 f   cl_input.obj
 0001:00006c94       _IN_Lookdown               00407c94 f   cl_input.obj
 0001:00006cc7       _IN_Lookup                 00407cc7 f   cl_input.obj
 0001:00006f5f       _CreateCmd                 00407f5f f   cl_input.obj
 0001:00006fab       _BaseMove                  00407fab f   cl_input.obj
 0001:00007185       _CL_KeyState               00408185 f   cl_input.obj
 0001:000071e5       _AdjustAngles              004081e5 f   cl_input.obj
 0001:000072f4       _FinishMove                004082f4 f   cl_input.obj
 0001:000073ad       _ClampPitch                004083ad f   cl_input.obj
 0001:000036f7       _CL_AddParticleTraces      004046f7 f   cl_fx.obj
 0001:00003a69       _CL_AddParticleBeams       00404a69 f   cl_fx.obj
 0001:00002429       _CL_AddDebugLines          00403429 f   cl_ents.obj
 0001:0000247d       _CL_AddPacketEntities      0040347d f   cl_ents.obj
 0001:00002ea5       _GetEntityInfo             00403ea5 f   cl_ents.obj
 0001:00002fb4       _AddEntityWithEffects      00403fb4 f   cl_ents.obj
 0001:00002fe0       _AddViewWeapon             00403fe0 f   cl_ents.obj
 0001:0000083e       _FreeCinematic             0040183e f   cl_cin.obj
 0001:000009f1       _ReadNextFrame             004019f1 f   cl_cin.obj
 0001:00000b0e       _Huff1Decompress           00401b0e f   cl_cin.obj
 0001:00000fb7       _Huff1TableInit            00401fb7 f   cl_cin.obj
 0001:000010b1       _SmallestNode1             004020b1 f   cl_cin.obj
 0001:0000014c       _CDAudio_GetAudioDiskInfo  0040114c f   cd_win.obj
 0001:000004c4       _CD_f                      004014c4 f   cd_win.obj
 0001:0000077d       _CDAudio_Eject             0040177d f   cd_win.obj
 0001:000007a7       _CDAudio_CloseDoor         004017a7 f   cd_win.obj

 70 bytes saved through ICF

