 quake2

 Timestamp is 3f1d10b4 (Tue Jul 22 14:23:48 2003)

 Preferred load address is 00400000

 Start         Length     Name                   Class
 0001:00000000 0006b7b0H .text                   CODE
 0002:00000000 00000364H .idata$5                DATA
 0002:00000368 00001974H .rdata                  DATA
 0002:00001cdc 00000078H .idata$2                DATA
 0002:00001d54 00000014H .idata$3                DATA
 0002:00001d68 00000364H .idata$4                DATA
 0002:000020cc 00000b66H .idata$6                DATA
 0002:00002c32 00000000H .edata                  DATA
 0003:00000000 00000004H .CRT$XCA                DATA
 0003:00000004 00000004H .CRT$XCZ                DATA
 0003:00000008 00000004H .CRT$XIA                DATA
 0003:0000000c 00000004H .CRT$XIZ                DATA
 0003:00000010 00014f84H .data                   DATA
 0003:00014f98 00a592c4H .bss                    DATA
 0004:00000000 00000130H .rsrc$01                DATA
 0004:00000130 00003f20H .rsrc$02                DATA

  Address         Publics by Value              Rva+Base     Lib:Object

 0001:00000000       _CDAudio_Play2             00401000 f   cd_win.obj
 0001:000001e5       _CDAudio_Play              004011e5 f   cd_win.obj
 0001:000001fc       _CDAudio_Stop              004011fc f   cd_win.obj
 0001:00000241       _CDAudio_Pause             00401241 f   cd_win.obj
 0001:0000029a       _CDAudio_Resume            0040129a f   cd_win.obj
 0001:0000030c       _CDAudio_MessageHandler    0040130c f   cd_win.obj
 0001:000003a3       _CDAudio_Update            004013a3 f   cd_win.obj
 0001:000003da       _CDAudio_Init              004013da f   cd_win.obj
 0001:000007d1       _CDAudio_Shutdown          004017d1 f   cd_win.obj
 0001:00000804       _CDAudio_Activate          00401804 f   cd_win.obj
 0001:00000815       _SCR_StopCinematic         00401815 f   cl_cin.obj
 0001:000008b1       _SCR_FinishCinematic       004018b1 f   cl_cin.obj
 0001:000008f3       _SCR_RunCinematic          004018f3 f   cl_cin.obj
 0001:00000d0f       _SCR_DrawCinematic         00401d0f f   cl_cin.obj
 0001:00000db3       _SCR_PlayCinematic         00401db3 f   cl_cin.obj
 0001:000010fd       _CL_ParseEntityBits        004020fd f   cl_ents.obj
 0001:0000115f       _CL_ParseDelta             0040215f f   cl_ents.obj
 0001:000014d9       _CL_DeltaEntity            004024d9 f   cl_ents.obj
 0001:00001646       _CL_ParsePacketEntities    00402646 f   cl_ents.obj
 0001:00001872       _CL_ParsePlayerstate       00402872 f   cl_ents.obj
 0001:00001b80       _CL_FireEntityEvents       00402b80 f   cl_ents.obj
 0001:00001bd2       _CL_ParseFrame             00402bd2 f   cl_ents.obj
 0001:00001e71       _CL_AddEntityBox           00402e71 f   cl_ents.obj
 0001:00001f6e       _CL_OffsetThirdPersonView  00402f6e f   cl_ents.obj
 0001:0000203b       _CL_CalcViewValues         0040303b f   cl_ents.obj
 0001:000022fd       _CL_AddEntities            004032fd f   cl_ents.obj
 0001:0000308d       _CL_GetEntitySoundOrigin   0040408d f   cl_ents.obj
 0001:000030c9       _CL_ClearLightStyles       004040c9 f   cl_fx.obj
 0001:0000314d       _CL_RunLightStyles         0040414d f   cl_fx.obj
 0001:000031e7       _CL_SetLightstyle          004041e7 f   cl_fx.obj
 0001:00003251       _CL_AllocDlight            00404251 f   cl_fx.obj
 0001:000032bc       _CL_RunDLights             004042bc f   cl_fx.obj
 0001:0000330e       _CL_AddDLights             0040430e f   cl_fx.obj
 0001:00003357       _CL_ClearParticles         00404357 f   cl_fx.obj
 0001:000033a9       _CL_AllocParticleTrace     004043a9 f   cl_fx.obj
 0001:0000344e       _CL_AllocParticleBeam      0040444e f   cl_fx.obj
 0001:000034b3       _CL_AllocParticle          004044b3 f   cl_fx.obj
 0001:00003502       _CL_UpdateParticles        00404502 f   cl_fx.obj
 0001:00003ac9       _CL_MetalSparks            00404ac9 f   cl_fx.obj
 0001:00003ba8       _CL_ParseMuzzleFlash       00404ba8 f   cl_fx.obj
 0001:000043c3       _CL_ParseMuzzleFlash2      004053c3 f   cl_fx.obj
 0001:00004aa2       _CL_ParticleEffect         00405aa2 f   cl_fx.obj
 0001:00004b71       _CL_ParticleEffect2        00405b71 f   cl_fx.obj
 0001:00004c3c       _CL_ParticleEffect3        00405c3c f   cl_fx.obj
 0001:00004d0c       _CL_TeleporterParticles    00405d0c f   cl_fx.obj
 0001:00004dc3       _CL_LogoutEffect           00405dc3 f   cl_fx.obj
 0001:00004eae       _CL_ItemRespawnParticles   00405eae f   cl_fx.obj
 0001:00004f5d       _CL_ExplosionParticles     00405f5d f   cl_fx.obj
 0001:00005007       _CL_BigTeleportParticles   00406007 f   cl_fx.obj
 0001:0000515e       _CL_BlasterParticles       0040615e f   cl_fx.obj
 0001:0000522a       _CL_BlasterTrail           0040622a f   cl_fx.obj
 0001:00005323       _CL_FlagTrail              00406323 f   cl_fx.obj
 0001:00005429       _CL_DiminishingTrail       00406429 f   cl_fx.obj
 0001:00005693       _CL_RocketTrail            00406693 f   cl_fx.obj
 0001:000057c2       _CL_RailTrail              004067c2 f   cl_fx.obj
 0001:000059f2       _CL_RailTrailExt           004069f2 f   cl_fx.obj
 0001:00005ae4       _CL_IonripperTrail         00406ae4 f   cl_fx.obj
 0001:00005bf8       _CL_BubbleTrail            00406bf8 f   cl_fx.obj
 0001:00005d1c       _CL_FlyParticles           00406d1c f   cl_fx.obj
 0001:00005ec1       _CL_FlyEffect              00406ec1 f   cl_fx.obj
 0001:00005f44       _CL_BfgParticles           00406f44 f   cl_fx.obj
 0001:00006121       _CL_TrapParticles          00407121 f   cl_fx.obj
 0001:000063c3       _CL_BFGExplosionParticles  004073c3 f   cl_fx.obj
 0001:0000646d       _CL_TeleportParticles      0040746d f   cl_fx.obj
 0001:000065a6       _CL_EntityEvent            004075a6 f   cl_fx.obj
 0001:00006784       _CL_ClearEffects           00407784 f   cl_fx.obj
 0001:000067a2       _IN_KLookDown              004077a2 f   cl_input.obj
 0001:00006824       _IN_KLookUp                00407824 f   cl_input.obj
 0001:000068aa       _IN_UpDown                 004078aa f   cl_input.obj
 0001:000068b6       _IN_UpUp                   004078b6 f   cl_input.obj
 0001:000068c2       _IN_DownDown               004078c2 f   cl_input.obj
 0001:000068ce       _IN_DownUp                 004078ce f   cl_input.obj
 0001:000068da       _IN_LeftDown               004078da f   cl_input.obj
 0001:000068e6       _IN_LeftUp                 004078e6 f   cl_input.obj
 0001:000068f2       _IN_RightDown              004078f2 f   cl_input.obj
 0001:000068fe       _IN_RightUp                004078fe f   cl_input.obj
 0001:0000690a       _IN_ForwardDown            0040790a f   cl_input.obj
 0001:00006916       _IN_ForwardUp              00407916 f   cl_input.obj
 0001:00006922       _IN_BackDown               00407922 f   cl_input.obj
 0001:0000692e       _IN_BackUp                 0040792e f   cl_input.obj
 0001:0000693a       _IN_LookupDown             0040793a f   cl_input.obj
 0001:00006946       _IN_LookupUp               00407946 f   cl_input.obj
 0001:00006952       _IN_LookdownDown           00407952 f   cl_input.obj
 0001:0000695e       _IN_LookdownUp             0040795e f   cl_input.obj
 0001:0000696a       _IN_MoveleftDown           0040796a f   cl_input.obj
 0001:00006976       _IN_MoveleftUp             00407976 f   cl_input.obj
 0001:00006982       _IN_MoverightDown          00407982 f   cl_input.obj
 0001:0000698e       _IN_MoverightUp            0040798e f   cl_input.obj
 0001:0000699a       _IN_SpeedDown              0040799a f   cl_input.obj
 0001:000069a6       _IN_SpeedUp                004079a6 f   cl_input.obj
 0001:000069b2       _IN_StrafeDown             004079b2 f   cl_input.obj
 0001:000069be       _IN_StrafeUp               004079be f   cl_input.obj
 0001:000069ca       _IN_AttackDown             004079ca f   cl_input.obj
 0001:000069d6       _IN_AttackUp               004079d6 f   cl_input.obj
 0001:000069e2       _IN_UseDown                004079e2 f   cl_input.obj
 0001:000069ee       _IN_UseUp                  004079ee f   cl_input.obj
 0001:000069fa       _CL_KeyState               004079fa f   cl_input.obj
 0001:00006a5a       _CL_AdjustAngles           00407a5a f   cl_input.obj
 0001:00006b69       _CL_BaseMove               00407b69 f   cl_input.obj
 0001:00006d43       _CL_ClampPitch             00407d43 f   cl_input.obj
 0001:00006df1       _CL_FinishMove             00407df1 f   cl_input.obj
 0001:00006ea8       _CL_CreateCmd              00407ea8 f   cl_input.obj
 0001:00006f0e       _IN_CenterView             00407f0e f   cl_input.obj
 0001:00006f2f       _CL_InitInput              00407f2f f   cl_input.obj
 0001:00007123       _CL_SendCmd                00408123 f   cl_input.obj
 0001:00007314       _CL_ParseInventory         00408314 f   cl_inv.obj
 0001:00007334       _CL_DrawInventory          00408334 f   cl_inv.obj
 0001:000075ab       _CL_WriteDemoMessage       004085ab f   cl_main.obj
 0001:000075ed       _CL_Stop_f                 004085ed f   cl_main.obj
 0001:00007648       _CL_Record_f               00408648 f   cl_main.obj
 0001:000078eb       _Cmd_ForwardToServer       004088eb f   cl_main.obj
 0001:00007957       _CL_Setenv_f               00408957 f   cl_main.obj
 0001:00007a1b       _CL_ForwardToServer_f      00408a1b f   cl_main.obj
 0001:00007a69       _CL_Pause_f                00408a69 f   cl_main.obj
 0001:00007aab       _CL_Quit_f                 00408aab f   cl_main.obj
 0001:00007ab5       _CL_Drop                   00408ab5 f   cl_main.obj
 0001:00007ad7       _CL_SendConnectPacket      00408ad7 f   cl_main.obj
 0001:00007bae       _CL_CheckForResend         00408bae f   cl_main.obj
 0001:00007cb2       _CL_Connect_f              00408cb2 f   cl_main.obj
 0001:00007d31       _CL_Rcon_f                 00408d31 f   cl_main.obj
 0001:00007e3c       _CL_ClearState             00408e3c f   cl_main.obj
 0001:00007e7b       _CL_Disconnect             00408e7b f   cl_main.obj
 0001:00007fb8       _CL_Disconnect_f           00408fb8 f   cl_main.obj
 0001:00007fc7       _CL_Changing_f             00408fc7 f   cl_main.obj
 0001:00007feb       _CL_Reconnect_f            00408feb f   cl_main.obj
 0001:00008087       _CL_ParseStatusMessage     00409087 f   cl_main.obj
 0001:000080be       _CL_PingServers_f          004090be f   cl_main.obj
 0001:00008226       _CL_Skins_f                00409226 f   cl_main.obj
 0001:00008262       _CL_ConnectionlessPacket   00409262 f   cl_main.obj
 0001:0000858b       _CL_ReadPackets            0040958b f   cl_main.obj
 0001:00008685       _CL_FixUpGender            00409685 f   cl_main.obj
 0001:00008736       _CL_Userinfo_f             00409736 f   cl_main.obj
 0001:0000874e       _CL_Snd_Restart_f          0040974e f   cl_main.obj
 0001:0000875d       _CL_RequestNextDownload    0040975d f   cl_main.obj
 0001:00008da0       _CL_Precache_f             00409da0 f   cl_main.obj
 0001:00008e66       _CL_WriteConfiguration     00409e66 f   cl_main.obj
 0001:00008ef7       _CL_WriteConfig_f          00409ef7 f   cl_main.obj
 0001:00008f56       _CL_InitLocal              00409f56 f   cl_main.obj
 0001:00009176       _CL_FixCvarCheats          0040a176 f   cl_main.obj
 0001:000091c7       _CL_SendCommand            0040a1c7 f   cl_main.obj
 0001:000091e5       _CL_Frame                  0040a1e5 f   cl_main.obj
 0001:000093c1       _CL_Init                   0040a3c1 f   cl_main.obj
 0001:0000940e       _CL_Shutdown               0040a40e f   cl_main.obj
 0001:00009454       _vectoangles2              0040a454 f   cl_newfx.obj
 0001:00009556       _CL_Flashlight             0040a556 f   cl_newfx.obj
 0001:000095a6       _CL_ColorFlash             0040a5a6 f   cl_newfx.obj
 0001:000095f8       _CL_DebugTrail             0040a5f8 f   cl_newfx.obj
 0001:000096ef       _CL_ForceWall              0040a6ef f   cl_newfx.obj
 0001:00009829       _CL_BubbleTrail2           0040a829 f   cl_newfx.obj
 0001:00009959       _CL_Heatbeam               0040a959 f   cl_newfx.obj
 0001:00009bd1       _CL_ParticleSteamEffect    0040abd1 f   cl_newfx.obj
 0001:00009cdd       _CL_ParticleSteamEffect2   0040acdd f   cl_newfx.obj
 0001:00009dfc       _CL_TrackerTrail           0040adfc f   cl_newfx.obj
 0001:00009f41       _CL_Tracker_Shell          0040af41 f   cl_newfx.obj
 0001:00009fb8       _CL_MonsterPlasma_Shell    0040afb8 f   cl_newfx.obj
 0001:0000a02c       _CL_Widowbeamout           0040b02c f   cl_newfx.obj
 0001:0000a0d3       _CL_Nukeblast              0040b0d3 f   cl_newfx.obj
 0001:0000a17a       _CL_WidowSplash            0040b17a f   cl_newfx.obj
 0001:0000a235       _CL_TagTrail               0040b235 f   cl_newfx.obj
 0001:0000a33b       _CL_ColorExplosionParticles 0040b33b f   cl_newfx.obj
 0001:0000a3e8       _CL_ParticleSmokeEffect    0040b3e8 f   cl_newfx.obj
 0001:0000a4f2       _CL_BlasterParticles2      0040b4f2 f   cl_newfx.obj
 0001:0000a5bf       _CL_BlasterTrail2          0040b5bf f   cl_newfx.obj
 0001:0000a6b8       _CL_DownloadFileName       0040b6b8 f   cl_parse.obj
 0001:0000a6f7       _CL_CheckOrDownloadFile    0040b6f7 f   cl_parse.obj
 0001:0000a932       _CL_Download_f             0040b932 f   cl_parse.obj
 0001:0000a9fd       _CL_RegisterSounds         0040b9fd f   cl_parse.obj
 0001:0000aa3c       _CL_ParseDownload          0040ba3c f   cl_parse.obj
 0001:0000aba9       _CL_ParseServerData        0040bba9 f   cl_parse.obj
 0001:0000acaf       _CL_ParseBaseline          0040bcaf f   cl_parse.obj
 0001:0000acf7       _CL_LoadClientinfo         0040bcf7 f   cl_parse.obj
 0001:0000afe6       _CL_ParseClientinfo        0040bfe6 f   cl_parse.obj
 0001:0000b00a       _CL_ParseConfigString      0040c00a f   cl_parse.obj
 0001:0000b1ac       _CL_ParseStartSoundPacket  0040c1ac f   cl_parse.obj
 0001:0000b2ae       _CL_ParseServerMessage     0040c2ae f   cl_parse.obj
 0001:0000b580       _CL_CheckPredictionError   0040c580 f   cl_pred.obj
 0001:0000b6be       _CL_ClipMoveToEntities     0040c6be f   cl_pred.obj
 0001:0000b9a4       _CL_PMTrace                0040c9a4 f   cl_pred.obj
 0001:0000ba09       _CL_PMpointcontents        0040ca09 f   cl_pred.obj
 0001:0000bb3c       _CL_PredictMovement        0040cb3c f   cl_pred.obj
 0001:0000bd63       _CL_AddNetgraph            0040cd63 f   cl_scrn.obj
 0001:0000be3d       _SCR_DebugGraph            0040ce3d f   cl_scrn.obj
 0001:0000be65       _SCR_DrawDebugGraph        0040ce65 f   cl_scrn.obj
 0001:0000bf44       _SCR_CenterPrint           0040cf44 f   cl_scrn.obj
 0001:0000c055       _SCR_DrawCenterString      0040d055 f   cl_scrn.obj
 0001:0000c1aa       _SCR_SizeUp_f              0040d1aa f   cl_scrn.obj
 0001:0000c1c3       _SCR_SizeDown_f            0040d1c3 f   cl_scrn.obj
 0001:0000c1e4       _SCR_Sky_f                 0040d1e4 f   cl_scrn.obj
 0001:0000c28f       _SCR_Init                  0040d28f f   cl_scrn.obj
 0001:0000c2f4       _SCR_DrawNet               0040d2f4 f   cl_scrn.obj
 0001:0000c32f       _SCR_DrawPause             0040d32f f   cl_scrn.obj
 0001:0000c398       _SCR_RunConsole            0040d398 f   cl_scrn.obj
 0001:0000c47a       _SCR_DrawConsole           0040d47a f   cl_scrn.obj
 0001:0000c512       _SCR_SetLevelshot          0040d512 f   cl_scrn.obj
 0001:0000c57d       _SCR_DrawLoading           0040d57d f   cl_scrn.obj
 0001:0000c636       _SCR_BeginLoadingPlaque    0040d636 f   cl_scrn.obj
 0001:0000c696       _SCR_EndLoadingPlaque      0040d696 f   cl_scrn.obj
 0001:0000c6b4       _SCR_Loading_f             0040d6b4 f   cl_scrn.obj
 0001:0000c6b9       _SCR_TimeRefresh_f         0040d6b9 f   cl_scrn.obj
 0001:0000c790       _SCR_AddDirtyPoint         0040d790 f   cl_scrn.obj
 0001:0000c7cd       _SCR_DirtyScreen           0040d7cd f   cl_scrn.obj
 0001:0000c848       _SCR_TileClear             0040d848 f   cl_scrn.obj
 0001:0000ca23       _DrawHUDString             0040da23 f   cl_scrn.obj
 0001:0000cad5       _SCR_DrawField             0040dad5 f   cl_scrn.obj
 0001:0000cbf9       _SCR_TouchPics             0040dbf9 f   cl_scrn.obj
 0001:0000cc8c       _SCR_ExecuteLayoutString   0040dc8c f   cl_scrn.obj
 0001:0000d63d       _SCR_UpdateScreen          0040e63d f   cl_scrn.obj
 0001:0000d92d       _CL_RegisterTEntSounds     0040e92d f   cl_tent.obj
 0001:0000db65       _CL_RegisterTEntModels     0040eb65 f   cl_tent.obj
 0001:0000dceb       _CL_ClearTEnts             0040eceb f   cl_tent.obj
 0001:0000dd42       _CL_AllocExplosion         0040ed42 f   cl_tent.obj
 0001:0000dd94       _CL_AddExplosions          0040ed94 f   cl_tent.obj
 0001:0000df6a       _CL_SmokeAndFlash          0040ef6a f   cl_tent.obj
 0001:0000dfd1       _CL_ParseBeam              0040efd1 f   cl_tent.obj
 0001:0000e0c0       _CL_ParseBeam2             0040f0c0 f   cl_tent.obj
 0001:0000e1c0       _CL_ParsePlayerBeam        0040f1c0 f   cl_tent.obj
 0001:0000e2fc       _CL_ParseLightning         0040f2fc f   cl_tent.obj
 0001:0000e3d2       _CL_ParseLaser             0040f3d2 f   cl_tent.obj
 0001:0000e477       _CL_ParseSteam             0040f477 f   cl_tent.obj
 0001:0000e588       _CL_ParseWidow             0040f588 f   cl_tent.obj
 0001:0000e5f4       _CL_ParseNuke              0040f5f4 f   cl_tent.obj
 0001:0000e65e       _CL_ParseTEnt              0040f65e f   cl_tent.obj
 0001:0000f517       _CL_AddBeams               00410517 f   cl_tent.obj
 0001:0000f864       _CL_AddPlayerBeams         00410864 f   cl_tent.obj
 0001:0000ff5c       _CL_AddLasers              00410f5c f   cl_tent.obj
 0001:0000ff81       _CL_ProcessSustain         00410f81 f   cl_tent.obj
 0001:0000ffc2       _CL_AddTEnts               00410fc2 f   cl_tent.obj
 0001:0000ffdb       _V_AddEntity               00410fdb f   cl_view.obj
 0001:0001000a       _V_AddLight                0041100a f   cl_view.obj
 0001:00010055       _V_TestParticles           00411055 f   cl_view.obj
 0001:00010113       _V_TestEntities            00411113 f   cl_view.obj
 0001:000101b5       _V_TestLights              004111b5 f   cl_view.obj
 0001:00010288       _CL_PrepRefresh            00411288 f   cl_view.obj
 0001:0001055b       _CalcFov                   0041155b f   cl_view.obj
 0001:000105d4       _V_Gun_Next_f              004115d4 f   cl_view.obj
 0001:000105ed       _V_Gun_Prev_f              004115ed f   cl_view.obj
 0001:0001060f       _V_Gun_Model_f             0041160f f   cl_view.obj
 0001:00010643       _SCR_DrawCrosshair         00411643 f   cl_view.obj
 0001:000106b8       _V_RenderView              004116b8 f   cl_view.obj
 0001:000114ab       _V_Init                    004124ab f   cl_view.obj
 0001:000116a5       _Cbuf_Init                 004126a5 f   cmd.obj
 0001:000116bd       _Cbuf_AddText              004126bd f   cmd.obj
 0001:00011719       _Cbuf_InsertText           00412719 f   cmd.obj
 0001:00011771       _Cbuf_CopyToDefer          00412771 f   cmd.obj
 0001:0001179d       _Cbuf_InsertFromDefer      0041279d f   cmd.obj
 0001:000117b0       _Cbuf_Execute              004127b0 f   cmd.obj
 0001:00011896       _Cbuf_AddEarlyCommands     00412896 f   cmd.obj
 0001:00011918       _Cbuf_AddLateCommands      00412918 f   cmd.obj
 0001:00011a33       _Cmd_Exec_f                00412a33 f   cmd.obj
 0001:00011ab8       _Cmd_Echo_f                00412ab8 f   cmd.obj
 0001:00011afa       _Cmd_Alias_f               00412afa f   cmd.obj
 0001:00011c21       _Cmd_Unalias_f             00412c21 f   cmd.obj
 0001:00011cad       _Cmd_WriteAliases          00412cad f   cmd.obj
 0001:00011cd6       _Cmd_Argc                  00412cd6 f   cmd.obj
 0001:00011cdc       _Cmd_Argv                  00412cdc f   cmd.obj
 0001:00011cf6       _Cmd_Args                  00412cf6 f   cmd.obj
 0001:00011cfc       _Cmd_TokenizeString        00412cfc f   cmd.obj
 0001:00011f2e       _Cmd_AddCommand            00412f2e f   cmd.obj
 0001:00011f96       _Cmd_RemoveCommand         00412f96 f   cmd.obj
 0001:00011fd8       _Cmd_ExecuteString         00412fd8 f   cmd.obj
 0001:000120b0       _Cmd_Init                  004130b0 f   cmd.obj
 0001:000121b3       _CMod_GetSurfMaterial      004131b3 f   cmodel.obj
 0001:00012210       _CM_LoadMap                00413210 f   cmodel.obj
 0001:0001297a       _CM_InlineModel            0041397a f   cmodel.obj
 0001:000129c9       _CM_NumClusters            004139c9 f   cmodel.obj
 0001:000129cf       _CM_NumInlineModels        004139cf f   cmodel.obj
 0001:000129d5       _CM_EntityString           004139d5 f   cmodel.obj
 0001:000129db       _CM_LeafContents           004139db f   cmodel.obj
 0001:00012a05       _CM_LeafCluster            00413a05 f   cmodel.obj
 0001:00012a30       _CM_LeafArea               00413a30 f   cmodel.obj
 0001:00012a5b       _CM_InitBoxHull            00413a5b f   cmodel.obj
 0001:00012c3a       _CM_HeadnodeForBox         00413c3a f   cmodel.obj
 0001:00012cef       _CM_PointLeafnum           00413cef f   cmodel.obj
 0001:00012d72       _CM_BoxLeafnums            00413d72 f   cmodel.obj
 0001:00012e82       _CM_PointContents          00413e82 f   cmodel.obj
 0001:00012ea7       _CM_TransformedPointContents 00413ea7 f   cmodel.obj
 0001:00012f8c       _CM_TransformedPointContents2 00413f8c f   cmodel.obj
 0001:00013027       _CM_BoxTrace               00414027 f   cmodel.obj
 0001:00013a49       _CM_TransformedBoxTrace    00414a49 f   cmodel.obj
 0001:00013c9f       _CM_TransformedBoxTrace2   00414c9f f   cmodel.obj
 0001:00013e37       _CM_DecompressVis          00414e37 f   cmodel.obj
 0001:00013ee0       _CM_ClusterPVS             00414ee0 f   cmodel.obj
 0001:00013f2d       _CM_ClusterPHS             00414f2d f   cmodel.obj
 0001:00013f7a       _FloodAreaConnections      00414f7a f   cmodel.obj
 0001:00014035       _CM_SetAreaPortalState     00415035 f   cmodel.obj
 0001:00014062       _CM_AreasConnected         00415062 f   cmodel.obj
 0001:000140b0       _CM_WriteAreaBits          004150b0 f   cmodel.obj
 0001:00014140       _CM_WritePortalState       00415140 f   cmodel.obj
 0001:0001415a       _CM_ReadPortalState        0041515a f   cmodel.obj
 0001:00014178       _CM_HeadnodeVisible        00415178 f   cmodel.obj
 0001:000141e0       _Com_BeginRedirect         004151e0 f   common.obj
 0001:0001421d       _Com_EndRedirect           0041521d f   common.obj
 0001:00014248       _Com_Printf                00415248 f   common.obj
 0001:000143a7       _Com_DPrintf               004153a7 f   common.obj
 0001:0001440b       _DebugPrintf               0041540b f   common.obj
 0001:000144b3       _Com_WPrintf               004154b3 f   common.obj
 0001:0001450c       _Com_Error                 0041550c f   common.obj
 0001:000145ea       _Com_Quit                  004155ea f   common.obj
 0001:0001461a       _MatchWildcard             0041561a f   common.obj
 0001:0001475a       _MatchWildcard2            0041575a f   common.obj
 0001:000147a6       _IPWildcard                004157a6 f   common.obj
 0001:00014881       _Com_ServerState           00415881 f   common.obj
 0001:00014887       _Com_SetServerState        00415887 f   common.obj
 0001:00014891       _MSG_WriteChar             00415891 f   common.obj
 0001:00014891       _MSG_WriteByte             00415891 f   common.obj
 0001:000148a5       _MSG_WriteShort            004158a5 f   common.obj
 0001:000148bf       _MSG_WriteLong             004158bf f   common.obj
 0001:000148e9       _MSG_WriteFloat            004158e9 f   common.obj
 0001:0001490f       _MSG_WriteString           0041590f f   common.obj
 0001:00014947       _MSG_WriteCoord            00415947 f   common.obj
 0001:0001497c       _MSG_WritePos              0041597c f   common.obj
 0001:00014a0a       _MSG_WriteAngle            00415a0a f   common.obj
 0001:00014a39       _MSG_WriteAngle16          00415a39 f   common.obj
 0001:00014a74       _MSG_WriteDeltaUsercmd     00415a74 f   common.obj
 0001:00014bfc       _MSG_WriteDir              00415bfc f   common.obj
 0001:00014c69       _MSG_ReadDir               00415c69 f   common.obj
 0001:00014ca7       _MSG_WriteDeltaEntity      00415ca7 f   common.obj
 0001:0001517b       _MSG_BeginReading          0041617b f   common.obj
 0001:00015184       _MSG_ReadChar              00416184 f   common.obj
 0001:000151a5       _MSG_ReadByte              004161a5 f   common.obj
 0001:000151c6       _MSG_ReadShort             004161c6 f   common.obj
 0001:000151f6       _MSG_ReadLong              004161f6 f   common.obj
 0001:00015235       _MSG_ReadString            00416235 f   common.obj
 0001:00015268       _MSG_ReadStringLine        00416268 f   common.obj
 0001:000152a0       _MSG_ReadCoord             004162a0 f   common.obj
 0001:000152ba       _MSG_ReadPos               004162ba f   common.obj
 0001:0001530c       _MSG_ReadAngle             0041630c f   common.obj
 0001:00015326       _MSG_ReadAngle16           00416326 f   common.obj
 0001:00015340       _MSG_ReadDeltaUsercmd      00416340 f   common.obj
 0001:000153f7       _MSG_ReadData              004163f7 f   common.obj
 0001:0001541a       _SZ_Init                   0041641a f   common.obj
 0001:0001543c       _SZ_Clear                  0041643c f   common.obj
 0001:00015449       _SZ_GetSpace               00416449 f   common.obj
 0001:000154af       _SZ_Write                  004164af f   common.obj
 0001:000154d0       _SZ_Print                  004164d0 f   common.obj
 0001:00015519       _COM_Argc                  00416519 f   common.obj
 0001:0001551f       _COM_Argv                  0041651f f   common.obj
 0001:00015540       _COM_ClearArgv             00416540 f   common.obj
 0001:00015568       _COM_InitArgv              00416568 f   common.obj
 0001:000155c3       _Info_Print                004165c3 f   common.obj
 0001:00015680       _COM_BlockSequenceCRCByte  00416680 f   common.obj
 0001:0001570c       _frand                     0041670c f   common.obj
 0001:00015729       _crand                     00416729 f   common.obj
 0001:0001574c       _Qcommon_Init              0041674c f   common.obj
 0001:000158a0       _Qcommon_Frame             004168a0 f   common.obj
 0001:00015bbc       _CCheckParm                00416bbc f   conproc.obj
 0001:00015bf5       _InitConProc               00416bf5 f   conproc.obj
 0001:00015d47       _DeinitConProc             00416d47 f   conproc.obj
 0001:00015d58       _RequestProc@4             00416d58 f   conproc.obj
 0001:00015e69       _WriteText                 00416e69 f   conproc.obj
 0001:00015f30       _CharToCode                00416f30 f   conproc.obj
 0001:00015fb8       _SetConsoleCXCY            00416fb8 f   conproc.obj
 0001:000160ef       _DrawStringCommon          004170ef f   console.obj
 0001:0001614c       _DrawString                0041714c f   console.obj
 0001:0001616e       _DrawAltString             0041716e f   console.obj
 0001:00016193       _Con_ToggleConsole_f       00417193 f   console.obj
 0001:000161fa       _Con_ClearNotify           004171fa f   console.obj
 0001:00016208       _Con_CheckResize           00417208 f   console.obj
 0001:00016328       _Con_Init                  00417328 f   console.obj
 0001:000165c5       _Con_Print                 004175c5 f   console.obj
 0001:00016895       _Con_DrawNotify            00417895 f   console.obj
 0001:00016aef       _Con_DrawConsole           00417aef f   console.obj
 0001:0001702b       _CRC_Block                 0041802b f   crc.obj
 0001:00017067       _Cvar_VariableValue        00418067 f   cvar.obj
 0001:000170d5       _Cvar_VariableInt          004180d5 f   cvar.obj
 0001:000170e8       _Cvar_VariableString       004180e8 f   cvar.obj
 0001:00017100       _Cvar_Get                  00418100 f   cvar.obj
 0001:00017379       _Cvar_GetVars              00418379 f   cvar.obj
 0001:000173cd       _Cvar_FullSet              004183cd f   cvar.obj
 0001:0001742a       _Cvar_SetValue             0041842a f   cvar.obj
 0001:00017661       _Cvar_SetInteger           00418661 f   cvar.obj
 0001:00017683       _Cvar_Set                  00418683 f   cvar.obj
 0001:00017698       _Cvar_ForceSet             00418698 f   cvar.obj
 0001:000176ad       _Cvar_Clamp                004186ad f   cvar.obj
 0001:00017737       _Cvar_ClampName            00418737 f   cvar.obj
 0001:00017788       _Cvar_GetLatchedVars       00418788 f   cvar.obj
 0001:000177b7       _Cvar_Command              004187b7 f   cvar.obj
 0001:0001784b       _Cvar_WriteVariables       0041884b f   cvar.obj
 0001:000178b0       _Cvar_BitInfo              004188b0 f   cvar.obj
 0001:000178e9       _Cvar_Userinfo             004188e9 f   cvar.obj
 0001:000178f2       _Cvar_Serverinfo           004188f2 f   cvar.obj
 0001:000178fb       _Cvar_Cheats               004188fb f   cvar.obj
 0001:00017951       _Cvar_Init                 00418951 f   cvar.obj
 0001:00017f8e       _FS_CreatePath             00418f8e f   files.obj
 0001:00017fd8       _FS_CopyFile               00418fd8 f   files.obj
 0001:000180db       _FS_CopyFiles              004190db f   files.obj
 0001:000181b7       _FS_RemoveFiles            004191b7 f   files.obj
 0001:00018231       _Developer_searchpath      00419231 f   files.obj
 0001:00018276       _FS_FCloseFile             00419276 f   files.obj
 0001:0001830c       _FS_FOpenFile              0041930c f   files.obj
 0001:00018834       _FS_FileExists             00419834 f   files.obj
 0001:00018a6e       _FS_Read                   00419a6e f   files.obj
 0001:00018cb6       _FS_LoadFile               00419cb6 f   files.obj
 0001:00018d18       _FS_FreeFile               00419d18 f   files.obj
 0001:00018d23       _FS_LoadPackFile           00419d23 f   files.obj
 0001:0001905b       _FS_UnloadPackFile         0041a05b f   files.obj
 0001:000190a8       _FS_AddGameDirectory       0041a0a8 f   files.obj
 0001:0001923f       _FS_Gamedir                0041a23f f   files.obj
 0001:00019253       _FS_LoadGameConfig         0041a253 f   files.obj
 0001:00019318       _FS_SetGamedir             0041a318 f   files.obj
 0001:000194b1       _FS_ListFiles              0041a4b1 f   files.obj
 0001:000197e2       _FS_NextPath               0041a7e2 f   files.obj
 0001:00019806       _FS_InitFilesystem         0041a806 f   files.obj
 0001:0001a1cc       _LoadPCX                   0041b1cc f   images.obj
 0001:0001a3b0       _LoadTGA                   0041b3b0 f   images.obj
 0001:0001a75e       _LoadJPG                   0041b75e f   images.obj
 0001:0001a9f0       _ImageExists               0041b9f0 f   images.obj
 0001:0001aaf6       _WriteTGA                  0041baf6 f   images.obj
 0001:0001aba2       _WriteJPG                  0041bba2 f   images.obj
 0001:0001acca       _IN_MLookDown              0041bcca f   in_win.obj
 0001:0001acd5       _IN_MLookUp                0041bcd5 f   in_win.obj
 0001:0001acf8       _IN_StartupMouse           0041bcf8 f   in_win.obj
 0001:0001ad52       _IN_MouseEvent             0041bd52 f   in_win.obj
 0001:0001adcf       _IN_Init                   0041bdcf f   in_win.obj
 0001:0001ae15       _IN_Shutdown               0041be15 f   in_win.obj
 0001:0001af02       _IN_Activate               0041bf02 f   in_win.obj
 0001:0001af19       _IN_Frame                  0041bf19 f   in_win.obj
 0001:0001b31a       _IN_Move                   0041c31a f   in_win.obj
 0001:0001b4e5       _IN_StartupJoystick        0041c4e5 f   in_win.obj
 0001:0001b606       _Joy_AdvancedUpdate_f      0041c606 f   in_win.obj
 0001:0001b79d       _IN_Commands               0041c79d f   in_win.obj
 0001:0001b8cc       _IN_ReadJoystick           0041c8cc f   in_win.obj
 0001:0001b907       _IN_JoyMove                0041c907 f   in_win.obj
 0001:0001bc57       _Key_StringToKeynum        0041cc57 f   keys.obj
 0001:0001bca1       _Key_KeynumToString        0041cca1 f   keys.obj
 0001:0001bcf4       _Key_Console               0041ccf4 f   keys.obj
 0001:0001ca3b       _Key_Message               0041da3b f   keys.obj
 0001:0001cacc       _Key_SetBinding            0041dacc f   keys.obj
 0001:0001cb26       _Key_Bindlist_f            0041db26 f   keys.obj
 0001:0001cbc2       _Key_WriteBindings         0041dbc2 f   keys.obj
 0001:0001cc00       _Key_Init                  0041dc00 f   keys.obj
 0001:0001ced6       _Key_Event                 0041ded6 f   keys.obj
 0001:0001d1cd       _Key_ClearStates           0041e1cd f   keys.obj
 0001:0001d212       _Key_ClearTyping           0041e212 f   keys.obj
 0001:0001d22b       _MD4Init                   0041e22b f   md4.obj
 0001:0001d253       _MD4Update                 0041e253 f   md4.obj
 0001:0001d2f1       _MD4Final                  0041e2f1 f   md4.obj
 0001:0001d9e2       _Com_BlockChecksum         0041e9e2 f   md4.obj
 0001:0001da1e       _Z_Free                    0041ea1e f   memory.obj
 0001:0001da74       _Z_FreeTags                0041ea74 f   memory.obj
 0001:0001daa4       _Z_TagMalloc               0041eaa4 f   memory.obj
 0001:0001db15       _Z_Malloc                  0041eb15 f   memory.obj
 0001:0001db37       _Z_BlockMalloc             0041eb37 f   memory.obj
 0001:0001db52       _CreateMemoryChain         0041eb52 f   memory.obj
 0001:0001dbba       _FreeMemoryChain           0041ebba f   memory.obj
 0001:0001dbe4       _AllocChainBlock           0041ebe4 f   memory.obj
 0001:0001dc2f       _CopyString                0041ec2f f   memory.obj
 0001:0001dc53       _ChainCopyString           0041ec53 f   memory.obj
 0001:0001dc7b       _AllocNamedStruc           0041ec7b f   memory.obj
 0001:0001dcb6       _ChainAllocNamedStruc      0041ecb6 f   memory.obj
 0001:0001dcf5       _FindNamedStruc            0041ecf5 f   memory.obj
 0001:0001dd39       _FindNamedStrucByIndex     0041ed39 f   memory.obj
 0001:0001dd50       _IndexOfNamedStruc         0041ed50 f   memory.obj
 0001:0001dd7e       _AddToNamedList            0041ed7e f   memory.obj
 0001:0001ddc8       _ChainAddToNamedList       0041edc8 f   memory.obj
 0001:0001de12       _FreeNamedList             0041ee12 f   memory.obj
 0001:0001de2d       _Z_Init                    0041ee2d f   memory.obj
 0001:0001de68       _M_PushMenu                0041ee68 f   menu.obj
 0001:0001df25       _M_ForceMenuOff            0041ef25 f   menu.obj
 0001:0001df52       _M_PopMenu                 0041ef52 f   menu.obj
 0001:0001dfa6       _Default_MenuKey           0041efa6 f   menu.obj
 0001:0001e0d0       _M_Print                   0041f0d0 f   menu.obj
 0001:0001e11b       _M_DrawTextBox             0041f11b f   menu.obj
 0001:0001e307       _M_Main_Draw               0041f307 f   menu.obj
 0001:0001e48e       _M_Main_Key                0041f48e f   menu.obj
 0001:0001e572       _M_Menu_Main_f             0041f572 f   menu.obj
 0001:0001e58e       _M_Menu_Multiplayer_f      0041f58e f   menu.obj
 0001:0001e713       _M_Menu_Keys_f             0041f713 f   menu.obj
 0001:0001ebf0       _M_Menu_Options_f          0041fbf0 f   menu.obj
 0001:0001f55f       _M_Menu_Video_f            0042055f f   menu.obj
 0001:0001f580       _M_Menu_Credits_f          00420580 f   menu.obj
 0001:0001f74e       _M_Menu_Game_f             0042074e f   menu.obj
 0001:0001f9e1       _M_Menu_LoadGame_f         004209e1 f   menu.obj
 0001:0001fcb4       _M_Menu_SaveGame_f         00420cb4 f   menu.obj
 0001:0001fe14       _M_AddToServerList         00420e14 f   menu.obj
 0001:0001fe92       _M_Menu_JoinServer_f       00420e92 f   menu.obj
 0001:000200f6       _M_Menu_StartServer_f      004210f6 f   menu.obj
 0001:00020921       _M_Menu_DMOptions_f        00421921 f   menu.obj
 0001:000210da       _M_Menu_DownloadOptions_f  004220da f   menu.obj
 0001:0002135c       _M_Menu_AddressBook_f      0042235c f   menu.obj
 0001:0002271b       _M_Init                    0042371b f   menu.obj
 0001:0002283f       _M_Draw                    0042383f f   menu.obj
 0001:000228d9       _M_Keydown                 004238d9 f   menu.obj
 0001:000228f5       _LoadQ2BspFile             004238f5 f   model.obj
 0001:00022ebe       _LoadBspFile               00423ebe f   model.obj
 0001:00022fde       _ProcessEntstring          00423fde f   model.obj
 0001:00023e01       _Netchan_Init              00424e01 f   net_chan.obj
 0001:00023e61       _Netchan_OutOfBand         00424e61 f   net_chan.obj
 0001:00023ec1       _Netchan_OutOfBandPrint    00424ec1 f   net_chan.obj
 0001:00023f01       _Netchan_Setup             00424f01 f   net_chan.obj
 0001:00023f5c       _Netchan_NeedReliable      00424f5c f   net_chan.obj
 0001:00023f88       _Netchan_Transmit          00424f88 f   net_chan.obj
 0001:0002412c       _Netchan_Process           0042512c f   net_chan.obj
 0001:00024253       _NetadrToSockadr           00425253 f   net_wins.obj
 0001:000242f5       _SockadrToNetadr           004252f5 f   net_wins.obj
 0001:00024358       _NET_CompareAdr            00425358 f   net_wins.obj
 0001:000243be       _NET_CompareBaseAdr        004253be f   net_wins.obj
 0001:00024417       _NET_AdrToString           00425417 f   net_wins.obj
 0001:000244d0       _NET_StringToSockaddr      004254d0 f   net_wins.obj
 0001:00024709       _NET_StringToAdr           00425709 f   net_wins.obj
 0001:00024762       _NET_IsLocalAddress        00425762 f   net_wins.obj
 0001:0002476e       _NET_GetLoopPacket         0042576e f   net_wins.obj
 0001:000247f5       _NET_SendLoopPacket        004257f5 f   net_wins.obj
 0001:00024841       _NET_GetPacket             00425841 f   net_wins.obj
 0001:00024961       _NET_SendPacket            00425961 f   net_wins.obj
 0001:00024a43       _NET_IPSocket              00425a43 f   net_wins.obj
 0001:00024b59       _NET_OpenIP                00425b59 f   net_wins.obj
 0001:00024c7a       _NET_IPXSocket             00425c7a f   net_wins.obj
 0001:00024d7c       _NET_OpenIPX               00425d7c f   net_wins.obj
 0001:00024e64       _NET_Config                00425e64 f   net_wins.obj
 0001:00024edc       _NET_Sleep                 00425edc f   net_wins.obj
 0001:00024fa9       _NET_Init                  00425fa9 f   net_wins.obj
 0001:00024fe5       _Pmove                     00425fe5 f   pmove.obj
 0001:00026afa       _NormalizeColor            00427afa f   q_shared2.obj
 0001:00026b66       _NormalizeColor255         00427b66 f   q_shared2.obj
 0001:00026bd6       _Q_rsqrt                   00427bd6 f   q_shared2.obj
 0001:00026c06       _RotatePointAroundVector   00427c06 f   q_shared2.obj
 0001:00026d76       _AngleVectors              00427d76 f   q_shared2.obj
 0001:00026ed7       _ProjectPointOnPlane       00427ed7 f   q_shared2.obj
 0001:00026f56       _PerpendicularVector       00427f56 f   q_shared2.obj
 0001:00026fd5       _MakeNormalVectors         00427fd5 f   q_shared2.obj
 0001:0002703c       _MatrixMultiply            0042803c f   q_shared2.obj
 0001:00027123       _R_ConcatTransforms        00428123 f   q_shared2.obj
 0001:0002725d       _SetPlaneSignbits          0042825d f   q_shared2.obj
 0001:0002728d       _LerpAngle                 0042828d f   q_shared2.obj
 0001:000272d0       _anglemod                  004282d0 f   q_shared2.obj
 0001:00027300       _BoxOnPlaneSide            00428300 f   q_shared2.obj
 0001:0002741c       _ClearBounds               0042841c f   q_shared2.obj
 0001:00027445       _AddPointToBounds          00428445 f   q_shared2.obj
 0001:0002747e       _VectorCompare             0042847e f   q_shared2.obj
 0001:000274ac       _VectorNormalize           004284ac f   q_shared2.obj
 0001:00027500       _VectorNormalize2          00428500 f   q_shared2.obj
 0001:00027558       _VectorNormalizeFast       00428558 f   q_shared2.obj
 0001:0002759b       _VectorMA                  0042859b f   q_shared2.obj
 0001:000275ca       _CrossProduct              004285ca f   q_shared2.obj
 0001:00027605       _VectorLength              00428605 f   q_shared2.obj
 0001:00027634       _VectorDistance            00428634 f   q_shared2.obj
 0001:00027665       _VectorInverse             00428665 f   q_shared2.obj
 0001:00027680       _VectorScale               00428680 f   q_shared2.obj
 0001:000276a4       _AnglesToAxis              004286a4 f   q_shared2.obj
 0001:000276e9       _COM_FilePath              004286e9 f   q_shared2.obj
 0001:0002771f       _ShortSwap                 0042871f f   q_shared2.obj
 0001:00027734       _va                        00428734 f   q_shared2.obj
 0001:00027781       _COM_ParseExt              00428781 f   q_shared2.obj
 0001:0002787c       _Com_PageInMemory          0042887c f   q_shared2.obj
 0001:0002789b       _Q_stricmp                 0042889b f   q_shared2.obj
 0001:000278ac       _Q_strncasecmp             004288ac f   q_shared2.obj
 0001:00027904       _Q_strcasecmp              00428904 f   q_shared2.obj
 0001:0002791a       _Q_strncpyz                0042891a f   q_shared2.obj
 0001:0002793e       _Q_strncpylower            0042893e f   q_shared2.obj
 0001:00027978       _Q_CopyFilename            00428978 f   q_shared2.obj
 0001:00027a12       _Com_sprintf               00428a12 f   q_shared2.obj
 0001:00027a57       _Info_ValueForKey          00428a57 f   q_shared2.obj
 0001:00027ae2       _Info_RemoveKey            00428ae2 f   q_shared2.obj
 0001:00027b68       _Info_SetValueForKey       00428b68 f   q_shared2.obj
 0001:00027ca6       _Field_Draw                00428ca6 f   qmenu.obj
 0001:00027eba       _Field_Key                 00428eba f   qmenu.obj
 0001:00028123       _Menu_AddItem              00429123 f   qmenu.obj
 0001:00028158       _Menu_AdjustCursor         00429158 f   qmenu.obj
 0001:00028297       _Menu_Center               00429297 f   qmenu.obj
 0001:000282cf       _Menu_DrawDotsItem         004292cf f   qmenu.obj
 0001:00028334       _Menu_Draw                 00429334 f   qmenu.obj
 0001:000285e5       _Menu_ItemAtCursor         004295e5 f   qmenu.obj
 0001:000285fd       _Menu_SelectItem           004295fd f   qmenu.obj
 0001:0002863f       _Menu_SetStatusBar         0042963f f   qmenu.obj
 0001:0002864e       _Menu_SlideItem            0042964e f   qmenu.obj
 0001:0002869e       _Menu_TallySlots           0042969e f   qmenu.obj
 0001:00028b4e       _S_SoundInfo_f             00429b4e f   snd_dma.obj
 0001:00028bd8       _S_ReadModelsSex           00429bd8 f   snd_dma.obj
 0001:00028cc1       _S_IsFemale                00429cc1 f   snd_dma.obj
 0001:00028d4f       _S_Init                    00429d4f f   snd_dma.obj
 0001:00028e22       _S_Shutdown                00429e22 f   snd_dma.obj
 0001:00028eac       _S_FindName                00429eac f   snd_dma.obj
 0001:00028f98       _S_AliasName               00429f98 f   snd_dma.obj
 0001:00029024       _S_BeginRegistration       0042a024 f   snd_dma.obj
 0001:00029035       _S_RegisterSound           0042a035 f   snd_dma.obj
 0001:0002909b       _S_EndRegistration         0042a09b f   snd_dma.obj
 0001:0002912e       _S_PickChannel             0042a12e f   snd_dma.obj
 0001:000291c5       _S_SpatializeOrigin        0042a1c5 f   snd_dma.obj
 0001:000292e7       _S_Spatialize              0042a2e7 f   snd_dma.obj
 0001:00029355       _S_AllocPlaysound          0042a355 f   snd_dma.obj
 0001:00029374       _S_FreePlaysound           0042a374 f   snd_dma.obj
 0001:000293a4       _S_IssuePlaysound          0042a3a4 f   snd_dma.obj
 0001:00029462       _S_RegisterSexedSound      0042a462 f   snd_dma.obj
 0001:00029546       _S_StartSound              0042a546 f   snd_dma.obj
 0001:000296dc       _S_StartLocalSound         0042a6dc f   snd_dma.obj
 0001:0002972b       _S_ClearBuffer             0042a72b f   snd_dma.obj
 0001:00029783       _S_StopAllSounds           0042a783 f   snd_dma.obj
 0001:000297fe       _S_AddLoopSounds           0042a7fe f   snd_dma.obj
 0001:000299d3       _S_RawSamples              0042a9d3 f   snd_dma.obj
 0001:00029bd7       _S_Update                  0042abd7 f   snd_dma.obj
 0001:00029cfe       _GetSoundtime              0042acfe f   snd_dma.obj
 0001:00029d65       _S_Update_                 0042ad65 f   snd_dma.obj
 0001:00029dfb       _S_Play                    0042adfb f   snd_dma.obj
 0001:00029eab       _S_SoundList               0042aeab f   snd_dma.obj
 0001:00029f6c       _ResampleSfx               0042af6c f   snd_mem.obj
 0001:0002a070       _S_LoadSound               0042b070 f   snd_mem.obj
 0001:0002a196       _FindNextChunk             0042b196 f   snd_mem.obj
 0001:0002a220       _GetWavinfo                0042b220 f   snd_mem.obj
 0001:0002a410       _S_WriteLinearBlastStereo16 0042b410 f   snd_mix.obj
 0001:0002a484       _S_TransferStereo16        0042b484 f   snd_mix.obj
 0001:0002a4ed       _S_TransferPaintBuffer     0042b4ed f   snd_mix.obj
 0001:0002a649       _S_PaintChannels           0042b649 f   snd_mix.obj
 0001:0002a86e       _S_InitScaletable          0042b86e f   snd_mix.obj
 0001:0002a8c1       _S_PaintChannelFrom8       0042b8c1 f   snd_mix.obj
 0001:0002a9c3       _S_PaintChannelFrom16      0042b9c3 f   snd_mix.obj
 0001:0002aa2e       _FreeSound                 0042ba2e f   snd_win.obj
 0001:0002ab3e       _SNDDMA_InitDirect         0042bb3e f   snd_win.obj
 0001:0002b00d       _SNDDMA_Init               0042c00d f   snd_win.obj
 0001:0002b089       _SNDDMA_GetDMAPos          0042c089 f   snd_win.obj
 0001:0002b0d3       _SNDDMA_BeginPainting      0042c0d3 f   snd_win.obj
 0001:0002b1d5       _SNDDMA_Submit             0042c1d5 f   snd_win.obj
 0001:0002b1fa       _SNDDMA_Shutdown           0042c1fa f   snd_win.obj
 0001:0002b1ff       _S_Activate                0042c1ff f   snd_win.obj
 0001:0002b22a       _SV_SetMaster_f            0042c22a f   sv_ccmds.obj
 0001:0002b33c       _SV_WipeSavegame           0042c33c f   sv_ccmds.obj
 0001:0002b36a       _SV_CopySaveGame           0042c36a f   sv_ccmds.obj
 0001:0002b3bf       _SV_WriteLevelFile         0042c3bf f   sv_ccmds.obj
 0001:0002b46d       _SV_ReadLevelFile          0042c46d f   sv_ccmds.obj
 0001:0002b51b       _SV_WriteServerFile        0042c51b f   sv_ccmds.obj
 0001:0002b77b       _SV_ReadServerFile         0042c77b f   sv_ccmds.obj
 0001:0002b895       _SV_DemoMap_f              0042c895 f   sv_ccmds.obj
 0001:0002b8cd       _SV_GameMap_f              0042c8cd f   sv_ccmds.obj
 0001:0002ba3d       _SV_Map_f                  0042ca3d f   sv_ccmds.obj
 0001:0002baaa       _SV_Loadgame_f             0042caaa f   sv_ccmds.obj
 0001:0002bbaf       _SV_Savegame_f             0042cbaf f   sv_ccmds.obj
 0001:0002bcb4       _SV_AddressBanned          0042ccb4 f   sv_ccmds.obj
 0001:0002bcf6       _SV_InitOperatorCommands   0042ccf6 f   sv_ccmds.obj
 0001:0002c695       _SV_EmitPacketEntities     0042d695 f   sv_ents.obj
 0001:0002c803       _SV_WritePlayerstateToClient 0042d803 f   sv_ents.obj
 0001:0002ccc1       _SV_WriteFrameToClient     0042dcc1 f   sv_ents.obj
 0001:0002cd7d       _SV_FatPVS                 0042dd7d f   sv_ents.obj
 0001:0002ceaa       _SV_BuildClientFrame       0042deaa f   sv_ents.obj
 0001:0002d175       _SV_RecordDemoMessage      0042e175 f   sv_ents.obj
 0001:0002d294       _SV_ShutdownGameProgs      0042e294 f   sv_game.obj
 0001:0002d2ad       _SV_InitGameProgs          0042e2ad f   sv_game.obj
 0001:0002db58       _SV_FindIndex              0042eb58 f   sv_init.obj
 0001:0002dc1f       _SV_ModelIndex             0042ec1f f   sv_init.obj
 0001:0002dc35       _SV_SoundIndex             0042ec35 f   sv_init.obj
 0001:0002dc4e       _SV_ImageIndex             0042ec4e f   sv_init.obj
 0001:0002dc67       _SV_CreateBaseline         0042ec67 f   sv_init.obj
 0001:0002dcca       _SV_CheckForSavegame       0042ecca f   sv_init.obj
 0001:0002dd52       _SV_SpawnServer            0042ed52 f   sv_init.obj
 0001:0002dfe0       _SV_InitGame               0042efe0 f   sv_init.obj
 0001:0002e1cb       _SV_Map                    0042f1cb f   sv_init.obj
 0001:0002e389       _SV_DropClient             0042f389 f   sv_main.obj
 0001:0002e3fe       _SV_StatusString           0042f3fe f   sv_main.obj
 0001:0002e4dd       _SVC_Status                0042f4dd f   sv_main.obj
 0001:0002e506       _SVC_Ack                   0042f506 f   sv_main.obj
 0001:0002e51f       _SVC_Info                  0042f51f f   sv_main.obj
 0001:0002e5e0       _SVC_GetChallenge          0042f5e0 f   sv_main.obj
 0001:0002e688       _SVC_DirectConnect         0042f688 f   sv_main.obj
 0001:0002eaf6       _Rcon_Validate             0042faf6 f   sv_main.obj
 0001:0002eb27       _SVC_RemoteCommand         0042fb27 f   sv_main.obj
 0001:0002ebf9       _SV_ConnectionlessPacket   0042fbf9 f   sv_main.obj
 0001:0002ed35       _SV_CalcPings              0042fd35 f   sv_main.obj
 0001:0002edbc       _SV_GiveMsec               0042fdbc f   sv_main.obj
 0001:0002edfb       _SV_ReadPackets            0042fdfb f   sv_main.obj
 0001:0002ef11       _SV_CheckTimeouts          0042ff11 f   sv_main.obj
 0001:0002efb7       _SV_PostprocessFrame       0042ffb7 f   sv_main.obj
 0001:0002f3e2       _SV_MulticastHook          004303e2 f   sv_main.obj
 0001:0002f5ab       _SV_Frame                  004305ab f   sv_main.obj
 0001:0002f704       _Master_Heartbeat          00430704 f   sv_main.obj
 0001:0002f7a8       _Master_Shutdown           004307a8 f   sv_main.obj
 0001:0002f81b       _SV_UserinfoChanged        0043081b f   sv_main.obj
 0001:0002f8de       _SV_Init                   004308de f   sv_main.obj
 0001:0002f941       _SV_Shutdown               00430941 f   sv_main.obj
 0001:0002fa9c       _SV_FlushRedirect          00430a9c f   sv_send.obj
 0001:0002fb0e       _SV_ClientPrintf           00430b0e f   sv_send.obj
 0001:0002fb64       _SV_BroadcastPrintf        00430b64 f   sv_send.obj
 0001:0002fc35       _SV_BroadcastCommand       00430c35 f   sv_send.obj
 0001:0002fc87       _SV_Multicast              00430c87 f   sv_send.obj
 0001:0002fe77       _SV_MulticastOld           00430e77 f   sv_send.obj
 0001:0002fe8a       _SV_StartSound             00430e8a f   sv_send.obj
 0001:000300e4       _SV_StartSoundOld          004310e4 f   sv_send.obj
 0001:00030114       _SV_StartSoundNew          00431114 f   sv_send.obj
 0001:00030144       _SV_SendClientDatagram     00431144 f   sv_send.obj
 0001:0003021b       _SV_DemoCompleted          0043121b f   sv_send.obj
 0001:00030237       _SV_RateDrop               00431237 f   sv_send.obj
 0001:00030282       _SV_SendClientMessages     00431282 f   sv_send.obj
 0001:000303d5       _SV_BeginDemoserver        004313d5 f   sv_user.obj
 0001:00030425       _SV_New_f                  00431425 f   sv_user.obj
 0001:0003059a       _SV_Configstrings_f        0043159a f   sv_user.obj
 0001:000306f4       _SV_Baselines_f            004316f4 f   sv_user.obj
 0001:00030868       _SV_Begin_f                00431868 f   sv_user.obj
 0001:000308c5       _SV_NextDownload_f         004318c5 f   sv_user.obj
 0001:00030999       _SV_BeginDownload_f        00431999 f   sv_user.obj
 0001:00030bb1       _SV_Disconnect_f           00431bb1 f   sv_user.obj
 0001:00030bc1       _SV_ShowServerinfo_f       00431bc1 f   sv_user.obj
 0001:00030bce       _SV_Nextserver             00431bce f   sv_user.obj
 0001:00030c2d       _SV_Nextserver_f           00431c2d f   sv_user.obj
 0001:00030c74       _SV_ExecuteUserCommand     00431c74 f   sv_user.obj
 0001:00030ce1       _SV_ClientThink            00431ce1 f   sv_user.obj
 0001:00030d24       _SV_ExecuteClientMessage   00431d24 f   sv_user.obj
 0001:00030f55       _SV_ClearWorld             00431f55 f   sv_world.obj
 0001:000310b9       _SV_UnlinkEdict            004320b9 f   sv_world.obj
 0001:0003111c       _SV_LinkEdict              0043211c f   sv_world.obj
 0001:000316d9       _SV_AreaEdicts             004326d9 f   sv_world.obj
 0001:0003184a       _SV_PointContents          0043284a f   sv_world.obj
 0001:00031935       _SV_ClipMoveToEntities     00432935 f   sv_world.obj
 0001:00031c87       _SV_Trace                  00432c87 f   sv_world.obj
 0001:00031d03       _Sys_Error                 00432d03 f   sys_win.obj
 0001:00031d63       _Sys_Quit                  00432d63 f   sys_win.obj
 0001:00031da3       _Sys_ScanForCD             00432da3 f   sys_win.obj
 0001:00031e3f       _Sys_Init                  00432e3f f   sys_win.obj
 0001:0003225e       _Sys_ConsoleInput          0043325e f   sys_win.obj
 0001:000323be       _Sys_ConsoleOutput         004333be f   sys_win.obj
 0001:0003246f       _Sys_SendKeyEvents         0043346f f   sys_win.obj
 0001:000324d8       _Sys_GetClipboardData      004334d8 f   sys_win.obj
 0001:00032531       _Sys_AppActivate           00433531 f   sys_win.obj
 0001:0003254c       _Sys_UnloadGame            0043354c f   sys_win.obj
 0001:00032571       _Sys_GetGameAPI            00433571 f   sys_win.obj
 0001:0003265e       _ParseCommandLine          0043365e f   sys_win.obj
 0001:000326d3       _WinMain@16                004336d3 f   sys_win.obj
 0001:00032810       _AppActivate               00433810 f   vid_dll.obj
 0001:00032945       _Vid_CreateWindow          00433945 f   vid_dll.obj
 0001:00032f2d       _Vid_DestroyWindow         00433f2d f   vid_dll.obj
 0001:00032f76       _Vid_GetModeInfo           00433f76 f   vid_dll.obj
 0001:00032fa5       _Vid_UpdateWindowPosAndSize 00433fa5 f   vid_dll.obj
 0001:0003300c       _Vid_FreeReflib            0043400c f   vid_dll.obj
 0001:0003304d       _Vid_CheckChanges          0043404d f   vid_dll.obj
 0001:00033410       _Vid_Init                  00434410 f   vid_dll.obj
 0001:00033481       _Vid_Shutdown              00434481 f   vid_dll.obj
 0001:000334af       _Vid_MenuInit              004344af f   vid_menu.obj
 0001:00033bea       _Vid_MenuDraw              00434bea f   vid_menu.obj
 0001:00033c7e       _Vid_MenuKey               00434c7e f   vid_menu.obj
 0001:00033fb6       _TesselateText             00434fb6 f   gl_backend.obj
 0001:00035a8b       _GL_BackEnd                00436a8b f   gl_backend.obj
 0001:000372f6       _GL_InitBackend            004382f6 f   gl_backend.obj
 0001:0003732d       _GL_ShutdownBackend        0043832d f   gl_backend.obj
 0001:00037341       _GL_AllocDynamicMemory     00438341 f   gl_buffers.obj
 0001:000373af       _GL_ResizeDynamicMemory    004383af f   gl_buffers.obj
 0001:00037401       _GL_AddSurfaceToPortal     00438401 f   gl_buffers.obj
 0001:00037464       _GL_AddDynamicSurface      00438464 f   gl_buffers.obj
 0001:0003748c       _GL_InsertShaderIndex      0043848c f   gl_buffers.obj
 0001:000374d8       _GL_ClearPortal            004384d8 f   gl_buffers.obj
 0001:000374f4       _GL_FinishPortal           004384f4 f   gl_buffers.obj
 0001:0003754a       _GL_SortSurfaces           0043854a f   gl_buffers.obj
 0001:000376e5       _GL_ClearBuffers           004386e5 f   gl_buffers.obj
 0001:000376fc       _GL_TextureMode            004386fc f   gl_image.obj
 0001:000377ab       _GL_CreateImage            004387ab f   gl_image.obj
 0001:000384c6       _GL_SetRawPalette          004394c6 f   gl_image.obj
 0001:000384f7       _GL_DrawStretchRaw         004394f7 f   gl_image.obj
 0001:000387bc       _GL_SetupGamma             004397bc f   gl_image.obj
 0001:0003895c       _GL_PerformScreenshot      0043995c f   gl_image.obj
 0001:00038b7b       _GL_InitImages             00439b7b f   gl_image.obj
 0001:000390f0       _GL_ShutdownImages         0043a0f0 f   gl_image.obj
 0001:0003916b       _GL_ShowImages             0043a16b f   gl_image.obj
 0001:000393a1       _GL_FindImage              0043a3a1 f   gl_image.obj
 0001:0003979e       _GL_Lock                   0043a79e f   gl_interface.obj
 0001:0003981b       _GL_Unlock                 0043a81b f   gl_interface.obj
 0001:000399a4       _GL_Bind                   0043a9a4 f   gl_interface.obj
 0001:00039a97       _GL_BindForce              0043aa97 f   gl_interface.obj
 0001:00039ae3       _GL_TexEnv                 0043aae3 f   gl_interface.obj
 0001:00039c60       _GL_TexEnvColor            0043ac60 f   gl_interface.obj
 0001:00039d0c       _GL_SelectTexture          0043ad0c f   gl_interface.obj
 0001:00039d6a       _GL_TexCoordPointer        0043ad6a f   gl_interface.obj
 0001:00039d99       _GL_SetMultitexture        0043ad99 f   gl_interface.obj
 0001:00039e71       _GL_DisableTexCoordArrays  0043ae71 f   gl_interface.obj
 0001:00039eca       _GL_CullFace               0043aeca f   gl_interface.obj
 0001:00039f1b       _GL_DepthRange             0043af1b f   gl_interface.obj
 0001:00039f4e       _GL_State                  0043af4e f   gl_interface.obj
 0001:0003a0a7       _GL_EnableFog              0043b0a7 f   gl_interface.obj
 0001:0003a1ab       _GL_SetDefaultState        0043b1ab f   gl_interface.obj
 0001:0003a2ca       _GL_Set2DMode              0043b2ca f   gl_interface.obj
 0001:0003a3c8       _GL_Setup                  0043b3c8 f   gl_interface.obj
 0001:0003a501       _GL_ShowLights             0043b501 f   gl_light.obj
 0001:0003a7be       _GL_LightForEntity         0043b7be f   gl_light.obj
 0001:0003b939       _GL_ApplyEntitySpherelights 0043c939 f   gl_light.obj
 0001:0003bad1       _LM_Init                   0043cad1 f   gl_lightmap.obj
 0001:0003bae7       _LM_Flush                  0043cae7 f   gl_lightmap.obj
 0001:0003bb45       _LM_Done                   0043cb45 f   gl_lightmap.obj
 0001:0003bb6c       _LM_Save                   0043cb6c f   gl_lightmap.obj
 0001:0003bb86       _LM_Restore                0043cb86 f   gl_lightmap.obj
 0001:0003bba0       _LM_NewBlock               0043cba0 f   gl_lightmap.obj
 0001:0003bc19       _LM_Rewind                 0043cc19 f   gl_lightmap.obj
 0001:0003bc21       _LM_NextBlock              0043cc21 f   gl_lightmap.obj
 0001:0003bc52       _LM_AllocBlock             0043cc52 f   gl_lightmap.obj
 0001:0003bd05       _LM_PutBlock               0043cd05 f   gl_lightmap.obj
 0001:0003be9a       _LM_SortLightStyles        0043ce9a f   gl_lightmap.obj
 0001:0003bf28       _GL_UpdateDynamicLightmap  0043cf28 f   gl_lightmap.obj
 0001:0003c417       _GL_DrawStretchPic         0043d417 f   gl_main.obj
 0001:0003c4d3       _DrawTextLeft              0043d4d3 f   gl_main.obj
 0001:0003c5de       _DrawTextRight             0043d5de f   gl_main.obj
 0001:0003c62f       _GL_GetRefAPI              0043d62f f   gl_main.obj
 0001:0003de76       _GL_InitFuncTables         0043ee76 f   gl_math.obj
 0001:0003e020       _ModelToWorldCoord         0043f020 f   gl_math.obj
 0001:0003e074       _WorldToModelCoord         0043f074 f   gl_math.obj
 0001:0003e0bb       _GL_FindModel              0043f0bb f   gl_model.obj
 0001:0003e236       _GL_LoadWorldMap           0043f236 f   gl_model.obj
 0001:000402d6       _GL_PointInLeaf            004412d6 f   gl_model.obj
 0001:00040bfb       _ATAN2_FUNC                00441bfb f i gl_model.obj
 0001:00040d94       _GL_FindSkin               00441d94 f   gl_model.obj
 0001:00040eea       _GL_ResetModels            00441eea f   gl_model.obj
 0001:00040fb4       _GL_InitModels             00441fb4 f   gl_model.obj
 0001:00041021       _GL_ShutdownModels         00442021 f   gl_model.obj
 0001:00041037       _SubdividePlane            00442037 f   gl_poly.obj
 0001:00041487       _FreeSubdividedPlane       00442487 f   gl_poly.obj
 0001:0004149f       _GetSubdivideIndexes       0044249f f   gl_poly.obj
 0001:000414f2       _RemoveCollinearPoints     004424f2 f   gl_poly.obj
 0001:00041606       _GetPolyArea               00442606 f   gl_poly.obj
 0001:0004169a       _GL_InitShaders            0044269a f   gl_shader.obj
 0001:000417c3       _GL_ShutdownShaders        004427c3 f   gl_shader.obj
 0001:000417ed       _GL_SetShaderLightmap      004427ed f   gl_shader.obj
 0001:00041bb4       _GL_SetShaderLightstyles   00442bb4 f   gl_shader.obj
 0001:00041c50       _GL_GetAlphaShader         00442c50 f   gl_shader.obj
 0001:00041f80       _GL_FindShader             00442f80 f   gl_shader.obj
 0001:000424d1       _GL_GetShaderByNum         004434d1 f   gl_shader.obj
 0001:000424ef       _GL_ResetShaders           004434ef f   gl_shader.obj
 0001:000428e5       _GL_ClearSkyBox            004438e5 f   gl_sky.obj
 0001:00042908       _GL_ShowWholeSky           00443908 f   gl_sky.obj
 0001:00042930       _GL_AddSkySurface          00443930 f   gl_sky.obj
 0001:00042f22       _GL_TesselateSkySide       00443f22 f   gl_sky.obj
 0001:000431e5       _GL_AddEntity              004441e5 f   gl_world.obj
 0001:000436e8       _GL_AddDlight              004446e8 f   gl_world.obj
 0001:000438bf       _GL_DrawPortal             004448bf f   gl_world.obj
 0001:00045f09       _GLimp_SetMode             00446f09 f   glw_imp.obj
 0001:000461ab       _GLimp_HasGamma            004471ab f   glw_imp.obj
 0001:000461c0       _GLimp_SetGamma            004471c0 f   glw_imp.obj
 0001:00046366       _GLimp_Shutdown            00447366 f   glw_imp.obj
 0001:00046473       _GLimp_Init                00447473 f   glw_imp.obj
 0001:000467b7       _GLimp_EndFrame            004477b7 f   glw_imp.obj
 0001:00046853       _GLimp_AppActivate         00447853 f   glw_imp.obj
 0001:00047f34       _QGL_Shutdown              00448f34 f   qgl_win.obj
 0001:00047f66       _QGL_Init                  00448f66 f   qgl_win.obj
 0001:00047fea       _QGL_InitExtensions        00448fea f   qgl_win.obj
 0001:00048318       _QGL_EnableLogging         00449318 f   qgl_win.obj
 0001:000483e3       _QGL_LogMessage            004493e3 f   qgl_win.obj
 0001:000483fa       _Hunk_Begin                004493fa f   q_shwin.obj
 0001:00048434       _Hunk_Alloc                00449434 f   q_shwin.obj
 0001:000484bb       _Hunk_End                  004494bb f   q_shwin.obj
 0001:000484c1       _Hunk_Free                 004494c1 f   q_shwin.obj
 0001:000484da       _Sys_Milliseconds          004494da f   q_shwin.obj
 0001:0004850e       _Sys_Mkdir                 0044950e f   q_shwin.obj
 0001:0004851a       _Sys_FindFirst             0044951a f   q_shwin.obj
 0001:00048634       _Sys_FindNext              00449634 f   q_shwin.obj
 0001:000486a6       _Sys_FindClose             004496a6 f   q_shwin.obj
 0001:000486c0       _R_Alias_clip_z            004496c0 f   r_aclip.obj
 0001:0004876d       _R_Alias_clip_left         0044976d f   r_aclip.obj
 0001:0004893b       _R_Alias_clip_right        0044993b f   r_aclip.obj
 0001:00048b09       _R_Alias_clip_top          00449b09 f   r_aclip.obj
 0001:00048cd9       _R_Alias_clip_bottom       00449cd9 f   r_aclip.obj
 0001:00048ea9       _R_AliasClip               00449ea9 f   r_aclip.obj
 0001:00048f79       _R_AliasClipTriangle       00449f79 f   r_aclip.obj
 0001:0004916b       _R_AliasCheckFrameBBox     0044a16b f   r_alias.obj
 0001:0004929e       _R_AliasCheckBBox          0044a29e f   r_alias.obj
 0001:00049302       _R_AliasTransformVector    0044a302 f   r_alias.obj
 0001:0004935e       _R_AliasPreparePoints      0044a35e f   r_alias.obj
 0001:000495f6       _R_AliasSetUpTransform     0044a5f6 f   r_alias.obj
 0001:00049785       _R_AliasTransformFinalVerts 0044a785 f   r_alias.obj
 0001:00049956       _R_AliasProjectAndClipTestFinalVert 0044a956 f   r_alias.obj
 0001:000499de       _R_AliasSetupLighting      0044a9de f   r_alias.obj
 0001:00049b48       _R_AliasSetupFrames        0044ab48 f   r_alias.obj
 0001:00049bbc       _R_AliasSetUpLerpData      0044abbc f   r_alias.obj
 0001:00049ce4       _R_AliasDrawModel          0044ace4 f   r_alias.obj
 0001:00049f6b       _R_EntityRotate            0044af6b f   r_bsp.obj
 0001:00049fec       _R_RotateBmodel            0044afec f   r_bsp.obj
 0001:0004a147       _R_RecursiveClipBPoly      0044b147 f   r_bsp.obj
 0001:0004a477       _R_DrawSolidClippedSubmodelPolygons 0044b477 f   r_bsp.obj
 0001:0004a5fe       _R_DrawSubmodelPolygons    0044b5fe f   r_bsp.obj
 0001:0004a68e       _R_RecursiveWorldNode      0044b68e f   r_bsp.obj
 0001:0004a8e9       _R_RenderWorld             0044b8e9 f   r_bsp.obj
 0001:0004a958       _Draw_FindPic              0044b958 f   r_draw.obj
 0001:0004a99b       _Draw_InitLocal            0044b99b f   r_draw.obj
 0001:0004a9ac       _Draw_Char                 0044b9ac f   r_draw.obj
 0001:0004aa8d       _Draw_CharColor            0044ba8d f   r_draw.obj
 0001:0004ab9c       _R_DrawTexts               0044bb9c f   r_draw.obj
 0001:0004ac12       _DrawText_Pos              0044bc12 f   r_draw.obj
 0001:0004ad1e       _DrawText_Left             0044bd1e f   r_draw.obj
 0001:0004ad5a       _DrawText_Right            0044bd5a f   r_draw.obj
 0001:0004ada9       _Draw_GetPicSize           0044bda9 f   r_draw.obj
 0001:0004ade9       _Draw_StretchPicImplementation 0044bde9 f   r_draw.obj
 0001:0004af13       _Draw_StretchPic           0044bf13 f   r_draw.obj
 0001:0004af4b       _Draw_StretchRaw           0044bf4b f   r_draw.obj
 0001:0004af7d       _Draw_Pic                  0044bf7d f   r_draw.obj
 0001:0004b136       _Draw_PicColor             0044c136 f   r_draw.obj
 0001:0004b2ef       _Draw_TileClear            0044c2ef f   r_draw.obj
 0001:0004b3bf       _Draw_Fill                 0044c3bf f   r_draw.obj
 0001:0004b45b       _Draw_Fade                 0044c45b f   r_draw.obj
 0001:0004b4bd       _R_BeginEdgeFrame          0044c4bd f   r_edge.obj
 0001:0004b579       _R_InsertNewEdges          0044c579 f   r_edge.obj
 0001:0004b5bf       _R_RemoveEdges             0044c5bf f   r_edge.obj
 0001:0004b5dd       _R_StepActiveU             0044c5dd f   r_edge.obj
 0001:0004b671       _R_CleanupSpan             0044c671 f   r_edge.obj
 0001:0004b6c1       _R_LeadingEdgeBackwards    0044c6c1 f   r_edge.obj
 0001:0004b756       _R_TrailingEdge            0044c756 f   r_edge.obj
 0001:0004b7ba       _R_LeadingEdge             0044c7ba f   r_edge.obj
 0001:0004b95d       _R_GenerateSpans           0044c95d f   r_edge.obj
 0001:0004b9cb       _R_GenerateSpansBackward   0044c9cb f   r_edge.obj
 0001:0004ba39       _R_ScanEdges               0044ca39 f   r_edge.obj
 0001:0004bc10       _D_FlatFillSurface         0044cc10 f   r_edge.obj
 0001:0004bc6a       _D_CalcGradients           0044cc6a f   r_edge.obj
 0001:0004be81       _D_BackgroundSurf          0044ce81 f   r_edge.obj
 0001:0004bec1       _D_TurbulentSurf           0044cec1 f   r_edge.obj
 0001:0004bfe3       _D_SkySurf                 0044cfe3 f   r_edge.obj
 0001:0004c064       _D_SolidSurf               0044d064 f   r_edge.obj
 0001:0004c1cf       _D_DrawflatSurfaces        0044d1cf f   r_edge.obj
 0001:0004c21f       _D_DrawSurfaces            0044d21f f   r_edge.obj
 0001:0004c31d       _R_ImageList_f             0044d31d f   r_image.obj
 0001:0004c3de       _R_FindFreeImage           0044d3de f   r_image.obj
 0001:0004c42c       _R_LoadPic                 0044d42c f   r_image.obj
 0001:0004c4bc       _R_LoadTex                 0044d4bc f   r_image.obj
 0001:0004c548       _R_LoadWal                 0044d548 f   r_image.obj
 0001:0004c59e       _R_MipMap                  0044d59e f   r_image.obj
 0001:0004c6cc       _R_DownsampleImage         0044d6cc f   r_image.obj
 0001:0004c7d1       _R_FindImage               0044d7d1 f   r_image.obj
 0001:0004cb76       _R_RegisterSkin            0044db76 f   r_image.obj
 0001:0004cb84       _R_FreeUnusedImages        0044db84 f   r_image.obj
 0001:0004cbe4       _R_InitImages              0044dbe4 f   r_image.obj
 0001:0004cc4a       _R_ShutdownImages          0044dc4a f   r_image.obj
 0001:0004cc87       _R_MarkLights              0044dc87 f   r_light.obj
 0001:0004cd56       _R_PushDlights             0044dd56 f   r_light.obj
 0001:0004cdb4       _RecursiveLightPoint       0044ddb4 f   r_light.obj
 0001:0004d063       _R_LightPoint              0044e063 f   r_light.obj
 0001:0004d17a       _R_AddDynamicLights        0044e17a f   r_light.obj
 0001:0004d414       _R_BuildLightMap           0044e414 f   r_light.obj
 0001:0004d50a       _R_InitTextures            0044e50a f   r_main.obj
 0001:0004d5cb       _R_InitTurb                0044e5cb f   r_main.obj
 0001:0004d648       _R_Register                0044e648 f   r_main.obj
 0001:0004d6b0       _R_Init                    0044e6b0 f   r_main.obj
 0001:0004d741       _R_Shutdown                0044e741 f   r_main.obj
 0001:0004d7b6       _R_NewMap                  0044e7b6 f   r_main.obj
 0001:0004d860       _R_MarkLeaves              0044e860 f   r_main.obj
 0001:0004d987       _R_DrawEntitiesOnList      0044e987 f   r_main.obj
 0001:0004db96       _R_BmodelCheckBBox         0044eb96 f   r_main.obj
 0001:0004dc48       _R_FindTopnode             0044ec48 f   r_main.obj
 0001:0004dcd0       _RotatedBBox               0044ecd0 f   r_main.obj
 0001:0004de2f       _R_DrawBEntitiesOnList     0044ee2f f   r_main.obj
 0001:0004e047       _R_EdgeDrawing             0044f047 f   r_main.obj
 0001:0004e11c       _R_CalcPalette             0044f11c f   r_main.obj
 0001:0004e221       _R_SetLightLevel           0044f221 f   r_main.obj
 0001:0004e271       _R_RenderFrame             0044f271 f   r_main.obj
 0001:0004e462       _R_InitGraphics            0044f462 f   r_main.obj
 0001:0004e4d8       _R_BeginFrame              0044f4d8 f   r_main.obj
 0001:0004e5fb       _R_GammaCorrectAndSetPalette 0044f5fb f   r_main.obj
 0001:0004e65a       _R_CinematicSetPalette     0044f65a f   r_main.obj
 0001:0004e6f1       _Draw_BuildGammaTable      0044f6f1 f   r_main.obj
 0001:0004e79c       _R_DrawBeam                0044f79c f   r_main.obj
 0001:0004e902       _R_SetSky                  0044f902 f   r_main.obj
 0001:0004e97d       _Draw_GetPalette           0044f97d f   r_main.obj
 0001:0004eac5       _Draw_ConCharColor         0044fac5 f   r_main.obj
 0001:0004eae6       _GetRefAPI                 0044fae6 f   r_main.obj
 0001:0004ed32       _D_ViewChanged             0044fd32 f   r_misc.obj
 0001:0004ee8e       _R_PrintTimes              0044fe8e f   r_misc.obj
 0001:0004ef08       _R_PrintDSpeeds            0044ff08 f   r_misc.obj
 0001:0004efcf       _R_PrintAliasStats         0044ffcf f   r_misc.obj
 0001:0004efe2       _R_TransformFrustum        0044ffe2 f   r_misc.obj
 0001:0004f0aa       _TransformVector           004500aa f   r_misc.obj
 0001:0004f115       _R_SetUpFrustumIndexes     00450115 f   r_misc.obj
 0001:0004f17a       _R_ViewChanged             0045017a f   r_misc.obj
 0001:0004f489       _R_SetupFrame              00450489 f   r_misc.obj
 0001:0004f675       _R_SurfacePatch            00450675 f   r_misc.obj
 0001:0004f675       __setargv                  00450675 f   r_misc.obj
 0001:0004f675       _Qcommon_Shutdown          00450675 f   r_misc.obj
 0001:0004f675       _jpeg_mem_term             00450675 f   r_misc.obj
 0001:0004f676       _WritePCXfile              00450676 f   r_misc.obj
 0001:0004f798       _R_ScreenShot              00450798 f   r_misc.obj
 0001:0004f8a7       _Mod_Modellist_f           004508a7 f   r_model.obj
 0001:0004f905       _Mod_Init                  00450905 f   r_model.obj
 0001:0004f91d       _Mod_ForName               0045091d f   r_model.obj
 0001:0004fb59       _Mod_PointInLeaf           00450b59 f   r_model.obj
 0001:0004fbbb       _Mod_DecompressVis         00450bbb f   r_model.obj
 0001:0004fc3b       _Mod_ClusterPVS            00450c3b f   r_model.obj
 0001:0004fc68       _Mod_LoadLighting          00450c68 f   r_model.obj
 0001:0004fce7       _R_NumberLeafs             00450ce7 f   r_model.obj
 0001:0004fd35       _Mod_LoadVertexes          00450d35 f   r_model.obj
 0001:0004fd77       _Mod_LoadEdges             00450d77 f   r_model.obj
 0001:0004fdc5       _Mod_LoadTexinfo           00450dc5 f   r_model.obj
 0001:0004ff2d       _CalcSurfaceExtents        00450f2d f   r_model.obj
 0001:000500c2       _Mod_LoadFaces             004510c2 f   r_model.obj
 0001:00050229       _Mod_SetParent             00451229 f   r_model.obj
 0001:0005024e       _Mod_LoadNodes             0045124e f   r_model.obj
 0001:00050344       _Mod_LoadLeafs             00451344 f   r_model.obj
 0001:000503ed       _Mod_LoadMarksurfaces      004513ed f   r_model.obj
 0001:00050469       _Mod_LoadSurfedges         00451469 f   r_model.obj
 0001:000504a8       _Mod_LoadPlanes            004514a8 f   r_model.obj
 0001:0005050d       _Mod_LoadBrushModel        0045150d f   r_model.obj
 0001:000506ff       _Mod_LoadAliasModel        004516ff f   r_model.obj
 0001:0005097f       _Mod_LoadSpriteModel       0045197f f   r_model.obj
 0001:00050a66       _R_BeginRegistration       00451a66 f   r_model.obj
 0001:00050af6       _R_RegisterModel           00451af6 f   r_model.obj
 0001:00050bee       _R_EndRegistration         00451bee f   r_model.obj
 0001:00050c59       _Mod_FreeAll               00451c59 f   r_model.obj
 0001:00050c9e       _R_DrawParticle            00451c9e f   r_part.obj
 0001:00050f27       _R_DrawParticles           00451f27 f   r_part.obj
 0001:00050fd1       _R_DrawSpanletOpaque       00451fd1 f   r_poly.obj
 0001:00051061       _R_DrawSpanletTurbulentStipple33 00452061 f   r_poly.obj
 0001:0005118c       _R_DrawSpanletTurbulentStipple66 0045218c f   r_poly.obj
 0001:0005136d       _R_DrawSpanletTurbulentBlended66 0045236d f   r_poly.obj
 0001:00051422       _R_DrawSpanletTurbulentBlended33 00452422 f   r_poly.obj
 0001:000514d7       _R_DrawSpanlet33           004524d7 f   r_poly.obj
 0001:00051571       _R_DrawSpanletConstant33   00452571 f   r_poly.obj
 0001:000515ca       _R_DrawSpanlet66           004525ca f   r_poly.obj
 0001:00051668       _R_DrawSpanlet33Stipple    00452668 f   r_poly.obj
 0001:00051783       _R_DrawSpanlet66Stipple    00452783 f   r_poly.obj
 0001:00051914       _R_ClipPolyFace            00452914 f   r_poly.obj
 0001:00051a85       _R_PolygonDrawSpans        00452a85 f   r_poly.obj
 0001:00051e0d       _R_PolygonScanLeftEdge     00452e0d f   r_poly.obj
 0001:00051f41       _R_PolygonScanRightEdge    00452f41 f   r_poly.obj
 0001:00052131       _R_ClipAndDrawPoly         00453131 f   r_poly.obj
 0001:00052333       _R_BuildPolygonFromSurface 00453333 f   r_poly.obj
 0001:0005253f       _R_PolygonCalculateGradients 0045353f f   r_poly.obj
 0001:000527f8       _R_DrawAlphaSurfaces       004537f8 f   r_poly.obj
 0001:0005288e       _R_IMFlatShadedQuad        0045388e f   r_poly.obj
 0001:000529d0       _R_InitAdivtab             004539d0 f   r_polyse.obj
 0001:00052a3b       _R_PolysetUpdateTables     00453a3b f   r_polyse.obj
 0001:00052a76       _R_DrawTriangle            00453a76 f   r_polyse.obj
 0001:00052b87       _R_PolysetScanLeftEdge_C   00453b87 f   r_polyse.obj
 0001:00052d51       _FloorDivMod               00453d51 f   r_polyse.obj
 0001:00052ded       _R_PolysetSetUpForLineScan 00453ded f   r_polyse.obj
 0001:00052e7b       _R_PolysetCalcGradients    00453e7b f   r_polyse.obj
 0001:00053086       _R_PolysetDrawSpans8_33    00454086 f   r_polyse.obj
 0001:000531b6       _R_PolysetDrawSpansConstant8_33 004541b6 f   r_polyse.obj
 0001:00053250       _R_PolysetDrawSpans8_66    00454250 f   r_polyse.obj
 0001:0005338c       _R_PolysetDrawSpansConstant8_66 0045438c f   r_polyse.obj
 0001:00053434       _R_PolysetDrawSpans8_Opaque 00454434 f   r_polyse.obj
 0001:0005357f       _R_RasterizeAliasPolySmooth 0045457f f   r_polyse.obj
 0001:00053b5f       _R_PolysetSetEdgeTable     00454b5f f   r_polyse.obj
 0001:00053bfa       _R_InitSkyBox              00454bfa f   r_rast.obj
 0001:00053e74       _R_EmitSkyBox              00454e74 f   r_rast.obj
 0001:00053f87       _R_EmitEdge                00454f87 f   r_rast.obj
 0001:0005435b       _R_ClipEdge                0045535b f   r_rast.obj
 0001:00054509       _R_EmitCachedEdge          00455509 f   r_rast.obj
 0001:00054560       _R_RenderFace              00455560 f   r_rast.obj
 0001:00054927       _R_RenderBmodelFace        00455927 f   r_rast.obj
 0001:00054b90       _D_WarpScreen              00455b90 f   r_scan.obj
 0001:00054d38       _D_DrawTurbulent8Span      00455d38 f   r_scan.obj
 0001:00054dbc       _Turbulent8                00455dbc f   r_scan.obj
 0001:00055090       _NonTurbulent8             00456090 f   r_scan.obj
 0001:0005534e       _D_DrawSpans16             0045634e f   r_scan.obj
 0001:000555e8       _D_DrawZSpans              004565e8 f   r_scan.obj
 0001:000556a5       _R_DrawSprite              004566a5 f   r_sprite.obj
 0001:0005593a       _R_TextureAnimation        0045693a f   r_surf.obj
 0001:0005595e       _R_DrawSurface             0045695e f   r_surf.obj
 0001:00055ac3       _R_DrawSurfaceBlock8_mip0  00456ac3 f   r_surf.obj
 0001:00055bc2       _R_DrawSurfaceBlock8_mip1  00456bc2 f   r_surf.obj
 0001:00055cc1       _R_DrawSurfaceBlock8_mip2  00456cc1 f   r_surf.obj
 0001:00055dc0       _R_DrawSurfaceBlock8_mip3  00456dc0 f   r_surf.obj
 0001:00055ebc       _R_InitCaches              00456ebc f   r_surf.obj
 0001:00055f3d       _D_FlushCaches             00456f3d f   r_surf.obj
 0001:00055f82       _D_SCAlloc                 00456f82 f   r_surf.obj
 0001:00056116       _D_CacheSurface            00457116 f   r_surf.obj
 0001:0005628b       _DDRAW_Init                0045728b f   rw_ddraw.obj
 0001:0005669b       _DDRAW_SetPalette          0045769b f   rw_ddraw.obj
 0001:00056704       _DDRAW_Shutdown            00457704 f   rw_ddraw.obj
 0001:0005686f       _DIB_Init                  0045786f f   rw_dib.obj
 0001:00056a54       _DIB_SetPalette            00457a54 f   rw_dib.obj
 0001:00056c18       _DIB_Shutdown              00457c18 f   rw_dib.obj
 0001:00056d11       _SWimp_Init                00457d11 f   rw_imp.obj
 0001:00056d15       _SWimp_EndFrame            00457d15 f   rw_imp.obj
 0001:00056e81       _SWimp_SetMode             00457e81 f   rw_imp.obj
 0001:00056fa3       _SWimp_SetPalette          00457fa3 f   rw_imp.obj
 0001:00056fc8       _SWimp_Shutdown            00457fc8 f   rw_imp.obj
 0001:0005700f       _SWimp_AppActivate         0045800f f   rw_imp.obj
 0001:00057049       _adler32                   00458049 f   adler32.obj
 0001:00057162       _crc32                     00458162 f   crc32.obj
 0001:00057278       _inflate_blocks_reset      00458278 f   infblock.obj
 0001:000572e3       _inflate_blocks_new        004582e3 f   infblock.obj
 0001:0005736e       _inflate_blocks            0045836e f   infblock.obj
 0001:00057b85       _inflate_blocks_free       00458b85 f   infblock.obj
 0001:00057bb9       _inflate_codes_new         00458bb9 f   infcodes.obj
 0001:00057bed       _inflate_codes             00458bed f   infcodes.obj
 0001:000581ab       _inflate_codes_free        004591ab f   infcodes.obj
 0001:000581bc       _inflate_fast              004591bc f   inffast.obj
 0001:00058487       _inflateReset              00459487 f   inflate.obj
 0001:000584c6       _inflateEnd                004594c6 f   inflate.obj
 0001:00058504       _inflateInit2_             00459504 f   inflate.obj
 0001:000585ee       _inflate                   004595ee f   inflate.obj
[...]
 0001:0002c462       _SV_Serverinfo_f           0042d462 f   sv_ccmds.obj
 0001:0002c47a       _SV_ServerRecord_f         0042d47a f   sv_ccmds.obj
 0001:0002c631       _SV_ServerStop_f           0042d631 f   sv_ccmds.obj
 0001:0002c65d       _SV_KillServer_f           0042d65d f   sv_ccmds.obj
 0001:0002c67d       _SV_ServerCommand_f        0042d67d f   sv_ccmds.obj
 0001:0002aaa6       _DS_DestroyBuffers         0042baa6 f   snd_win.obj
 0001:0002ac8f       _DS_CreateBuffers          0042bc8f f   snd_win.obj
 0001:0002a1f2       _GetLittleLong             0042b1f2 f   snd_mem.obj
 0001:0002a3f3       _GetLittleShort            0042b3f3 f   snd_mem.obj
 0001:000281dc       _Menu_MakeVisible          004291dc f   qmenu.obj
 0001:00028266       _Menu_CompletelyVisible    00429266 f   qmenu.obj
 0001:0002830e       _strlen_color              0042930e f   qmenu.obj
 0001:000284bc       _Action_Draw               004294bc f   qmenu.obj
 0001:00028537       _Menu_ItemVisible          00429537 f   qmenu.obj
 0001:00028580       _Menu_DrawStatusBar        00429580 f   qmenu.obj
 0001:000286d5       _MenuList_Draw             004296d5 f   qmenu.obj
 0001:0002875d       _DrawCaption               0042975d f   qmenu.obj
 0001:0002879c       _Separator_Draw            0042979c f   qmenu.obj
 0001:000287ed       _Slider_DoSlide            004297ed f   qmenu.obj
 0001:00028824       _Slider_Draw               00429824 f   qmenu.obj
 0001:00028917       _SpinControl_DoSlide       00429917 f   qmenu.obj
 0001:00028946       _SpinControl_Draw          00429946 f   qmenu.obj
 0001:00028a21       _SpinControl2_DoSlide      00429a21 f   qmenu.obj
 0001:00028a62       _SpinControl2_Draw         00429a62 f   qmenu.obj
 0001:00025288       _StepSlideMove             00426288 f   pmove.obj
 0001:00025431       _StepSlideMove_            00426431 f   pmove.obj
 0001:00025684       _ClipVelocity              00426684 f   pmove.obj
 0001:000256ed       _Friction                  004266ed f   pmove.obj
 0001:000257fc       _WaterMove                 004267fc f   pmove.obj
 0001:000258e2       _Accelerate                004268e2 f   pmove.obj
 0001:0002594e       _AddCurrents               0042694e f   pmove.obj
 0001:00025bed       _AirMove                   00426bed f   pmove.obj
 0001:00025e46       _AirAccelerate             00426e46 f   pmove.obj
 0001:00025ecc       _CatagorizePosition        00426ecc f   pmove.obj
 0001:000260f6       _CheckJump                 004270f6 f   pmove.obj
 0001:000261bd       _CheckSpecialMovement      004271bd f   pmove.obj
 0001:00026320       _FlyMove                   00427320 f   pmove.obj
 0001:00026573       _CheckDuck                 00427573 f   pmove.obj
 0001:000266a8       _DeadMove                  004276a8 f   pmove.obj
 0001:00026706       _SnapPosition              00427706 f   pmove.obj
 0001:0002686f       _GoodPosition              0042786f f   pmove.obj
 0001:000268e5       _InitialSnapPosition       004278e5 f   pmove.obj
 0001:000269fe       _ClampAngles               004279fe f   pmove.obj
 0001:00024923       _NET_ErrorString           00425923 f   net_wins.obj
 0001:00022abe       _SwapQ2BspFile             00423abe f   model.obj
 0001:00022cd4       _ProcessQ2BspFile          00423cd4 f   model.obj
 0001:00022da7       _LoadQ2Submodels           00423da7 f   model.obj
 0001:00022e79       _CheckLump                 00423e79 f   model.obj
 0001:00023151       _ReadEntity                00424151 f   model.obj
 0001:00023215       _WriteEntity               00424215 f   model.obj
 0001:00023280       _ProcessEntityTarget       00424280 f   model.obj
 0001:000232f9       _FindField                 004242f9 f   model.obj
 0001:00023332       _GetVector                 00424332 f   model.obj
 0001:00023363       _ProcessEntity             00424363 f   model.obj
 0001:00023d73       _AddField                  00424d73 f   model.obj
 0001:00023db0       _FindEntityTarget          00424db0 f   model.obj
 0001:0001e5af       _Multiplayer_MenuDraw      0041f5af f   menu.obj
 0001:0001e5d2       _M_Banner                  0041f5d2 f   menu.obj
 0001:0001e614       _Multiplayer_MenuInit      0041f614 f   menu.obj
 0001:0001e702       _Multiplayer_MenuKey       0041f702 f   menu.obj
 0001:0001e734       _Keys_MenuInit             0041f734 f   menu.obj
 0001:0001e8c7       _KeyCursorDrawFunc         0041f8c7 f   menu.obj
 0001:0001e908       _DrawKeyBindingFunc        0041f908 f   menu.obj
 0001:0001e9e0       _M_FindKeysForCommand      0041f9e0 f   menu.obj
 0001:0001ea30       _SeekLine                  0041fa30 f   menu.obj
 0001:0001ea57       _AppendToken               0041fa57 f   menu.obj
 0001:0001ea81       _Keys_MenuDraw             0041fa81 f   menu.obj
 0001:0001ea9a       _Keys_MenuKey              0041fa9a f   menu.obj
 0001:0001eb52       _M_UnbindCommand           0041fb52 f   menu.obj
 0001:0001eb9e       _KeyBindingFunc            0041fb9e f   menu.obj
 0001:0001ec11       _Options_MenuInit          0041fc11 f   menu.obj
 0001:0001f09c       _CrosshairFunc             0042009c f   menu.obj
 0001:0001f0c0       _JoystickFunc              004200c0 f   menu.obj
 0001:0001f0d3       _CustomizeControlsFunc     004200d3 f   menu.obj
 0001:0001f0d8       _AlwaysRunFunc             004200d8 f   menu.obj
 0001:0001f0eb       _FreeLookFunc              004200eb f   menu.obj
 0001:0001f0fe       _MouseSpeedFunc            004200fe f   menu.obj
 0001:0001f11b       _ControlsSetMenuItemValues 0042011b f   menu.obj
 0001:0001f2e7       _ControlsResetDefaultsFunc 004202e7 f   menu.obj
 0001:0001f2fc       _InvertMouseFunc           004202fc f   menu.obj
 0001:0001f317       _LookspringFunc            00420317 f   menu.obj
 0001:0001f333       _LookstrafeFunc            00420333 f   menu.obj
 0001:0001f34f       _UpdateVolumeFunc          0042034f f   menu.obj
 0001:0001f36c       _UpdateCDVolumeFunc        0042036c f   menu.obj
 0001:0001f385       _ConsoleFunc               00420385 f   menu.obj
 0001:0001f3b4       _UpdateSoundFunc           004203b4 f   menu.obj
 0001:0001f45c       _Options_ScanCrosshairs    0042045c f   menu.obj
 0001:0001f4af       _Options_MenuDraw          004204af f   menu.obj
 0001:0001f4d7       _Options_CrosshairDraw     004204d7 f   menu.obj
 0001:0001f54e       _Options_MenuKey           0042054e f   menu.obj
 0001:0001f634       _M_Credits_MenuDraw        00420634 f   menu.obj
 0001:0001f71c       _M_Credits_Key             0042071c f   menu.obj
 0001:0001f779       _Game_MenuInit             00420779 f   menu.obj
 0001:0001f926       _EasyGameFunc              00420926 f   menu.obj
 0001:0001f93c       _StartGame                 0042093c f   menu.obj
 0001:0001f981       _MediumGameFunc            00420981 f   menu.obj
 0001:0001f997       _HardGameFunc              00420997 f   menu.obj
 0001:0001f9ad       _Game_MenuDraw             004209ad f   menu.obj
 0001:0001f9d0       _Game_MenuKey              004209d0 f   menu.obj
 0001:0001fa02       _LoadGame_MenuInit         00420a02 f   menu.obj
 0001:0001faab       _Create_Savestrings        00420aab f   menu.obj
 0001:0001fb70       _LoadGameCallback          00420b70 f   menu.obj
 0001:0001fb9a       _LoadGame_MenuDraw         00420b9a f   menu.obj
 0001:0001fbc3       _DrawSavegameShot          00420bc3 f   menu.obj
 0001:0001fc82       _LoadGame_MenuKey          00420c82 f   menu.obj
 0001:0001fce3       _SaveGame_MenuDraw         00420ce3 f   menu.obj
 0001:0001fd18       _SaveGame_MenuInit         00420d18 f   menu.obj
 0001:0001fdb3       _SaveGameCallback          00420db3 f   menu.obj
 0001:0001fdd2       _SaveGame_MenuKey          00420dd2 f   menu.obj
 0001:0001feb3       _JoinServer_MenuInit       00420eb3 f   menu.obj
 0001:00020004       _JoinServerFunc            00421004 f   menu.obj
 0001:00020061       _SearchLocalGames          00421061 f   menu.obj
 0001:000200cd       _JoinServer_MenuDraw       004210cd f   menu.obj
 0001:000200e5       _JoinServer_MenuKey        004210e5 f   menu.obj
 0001:00020117       _StartServer_MenuInit      00421117 f   menu.obj
 0001:000205c7       _DMOptionsFunc             004215c7 f   menu.obj
 0001:000205d6       _RulesChangeFunc           004215d6 f   menu.obj
 0001:0002063f       _StartServerActionFunc     0042163f f   menu.obj
 0001:0002066b       _StartServerFunc           0042166b f   menu.obj
 0001:000208d6       _StartServer_MenuDraw      004218d6 f   menu.obj
 0001:000208e2       _StartServer_MenuKey       004218e2 f   menu.obj
 0001:00020942       _DMOptions_MenuInit        00421942 f   menu.obj
 0001:00020ed2       _DMFlagCallback            00421ed2 f   menu.obj
 0001:000210bd       _DMOptions_MenuDraw        004220bd f   menu.obj
 0001:000210c9       _DMOptions_MenuKey         004220c9 f   menu.obj
 0001:000210fb       _DownloadOptions_MenuInit  004220fb f   menu.obj
 0001:000212e6       _DownloadCallback          004222e6 f   menu.obj
 0001:0002133f       _DownloadOptions_MenuDraw  0042233f f   menu.obj
 0001:0002134b       _DownloadOptions_MenuKey   0042234b f   menu.obj
 0001:0002137d       _AddressBook_MenuInit      0042237d f   menu.obj
 0001:00021433       _AddressBook_MenuKey       00422433 f   menu.obj
 0001:00021484       _AddressBook_MenuDraw      00422484 f   menu.obj
 0001:0002149c       _M_Menu_PlayerConfig_f     0042249c f   menu.obj
 0001:000214f7       _PlayerConfig_MenuInit     004224f7 f   menu.obj
 0001:00021a29       _HandednessCallback        00422a29 f   menu.obj
 0001:00021a3c       _RTypeCallback             00422a3c f   menu.obj
 0001:00021a4f       _RColorCallback            00422a4f f   menu.obj
 0001:00021a62       _RateCallback              00422a62 f   menu.obj
 0001:00021a80       _ModelCallback             00422a80 f   menu.obj
 0001:00021ac1       _PlayerConfig_ScanDirectories 00422ac1 f   menu.obj
 0001:00021c89       _IsValidSkin               00422c89 f   menu.obj
 0001:00021d52       _PlayerConfig_MenuDraw     00422d52 f   menu.obj
 0001:00022006       _PlayerConfig_MenuKey      00423006 f   menu.obj
 0001:000220da       _M_Menu_DMBrowse_f         004230da f   menu.obj
 0001:0002211e       _DMBrowse_MenuInit         0042311e f   menu.obj
 0001:00022307       _DMBrowse_MenuKey          00423307 f   menu.obj
 0001:000224aa       _DMBrowse_MenuDraw         004234aa f   menu.obj
 0001:000225cf       _DrawThumbnail             004235cf f   menu.obj
 0001:00022696       _M_Quit_Key                00423696 f   menu.obj
 0001:000226d6       _M_Quit_Draw               004236d6 f   menu.obj
 0001:00022823       _M_Menu_Quit_f             00423823 f   menu.obj
 0001:0001db5e       _AllocChain                0041eb5e f   memory.obj
 0001:0001de4e       _Z_Stats_f                 0041ee4e f   memory.obj
 0001:0001d355       _MD4Transform              0041e355 f   md4.obj
 0001:0001d957       _Encode                    0041e957 f   md4.obj
 0001:0001d99c       _Decode                    0041e99c f   md4.obj
 0001:0001c234       _CompleteCommand           0041d234 f   keys.obj
 0001:0001c2ab       _Do_CompleteCommand        0041d2ab f   keys.obj
 0001:0001c724       _TryComplete               0041d724 f   keys.obj
 0001:0001c7b9       _CompleteMenu              0041d7b9 f   keys.obj
 0001:0001c8fb       _CompleteMenuDraw          0041d8fb f   keys.obj
 0001:0001c95a       _CompleteMenuKey           0041d95a f   keys.obj
 0001:0001c98c       _CompleteMenuCallback      0041d98c f   keys.obj
 0001:0001ca14       _iswordsym                 0041da14 f   keys.obj
 0001:0001cce6       _Key_Unbind_f              0041dce6 f   keys.obj
 0001:0001cdcc       _Key_Unbindall_f           0041ddcc f   keys.obj
 0001:0001cdf6       _Key_Bind_f                0041ddf6 f   keys.obj
 0001:0001ae1a       _IN_DeactivateMouse        0041be1a f   in_win.obj
 0001:0001ae46       _IN_FreeDirect             0041be46 f   in_win.obj
 0001:0001aeaf       _IN_FreeWin32              0041beaf f   in_win.obj
 0001:0001b048       _IN_ActivateMouse          0041c048 f   in_win.obj
 0001:0001b0c0       _IN_InitDirect             0041c0c0 f   in_win.obj
 0001:0001b20a       _IN_InitWin32              0041c20a f   in_win.obj
 0001:0001b338       _IN_MouseMove              0041c338 f   in_win.obj
 0001:0001a981       _J_InitSource              0041b981 f   images.obj
 0001:0001a941       _J_FillInputBuffer         0041b941 f   images.obj
 0001:0001a969       _J_SkipInputData           0041b969 f   images.obj
 0001:0001a981       _J_TermSource              0041b981 f   images.obj
 0001:0001a982       _InitJpegError             0041b982 f   images.obj
 0001:0001a9b3       _J_ErrorExit               0041b9b3 f   images.obj
 0001:0001a9c2       _J_EmitMessage             0041b9c2 f   images.obj
 0001:0001a9df       _J_ResetErrorMgr           0041b9df f   images.obj
 0001:000186fe       _FindPakFile               004196fe f   files.obj
 0001:0001876e       _FindPakDirectory          0041976e f   files.obj
 0001:000187ff       _FileLength                004197ff f   files.obj
 0001:00018c51       _FOpenCached               00419c51 f   files.obj
 0001:00018e91       _AddPakFile                00419e91 f   files.obj
 0001:00018f30       _AddPakDirectory           00419f30 f   files.obj
 0001:0001900e       _EnumZippedPak             0041a00e f   files.obj
 0001:00019081       _ClearFileCache            0041a081 f   files.obj
 0001:00019172       _AddDirFilesToList         0041a172 f   files.obj
 0001:00019722       _ListPakDirectory          0041a722 f   files.obj
 0001:000198dd       _InitResFiles              0041a8dd f   files.obj
 0001:000199c0       _FS_LoadPak_f              0041a9c0 f   files.obj
 0001:00019a8f       _TryLoadPak                0041aa8f f   files.obj
 0001:00019afd       _FindPakStruc              0041aafd f   files.obj
 0001:00019b52       _FS_UnloadPak_f            0041ab52 f   files.obj
 0001:00019cf9       _FS_Link_f                 0041acf9 f   files.obj
 0001:00019dc5       _FS_Dir_f                  0041adc5 f   files.obj
 0001:00019fd6       _FS_Path_f                 0041afd6 f   files.obj
 0001:0001a06e       _FS_Cat_f                  0041b06e f   files.obj
 0001:0001a147       _FS_Type_f                 0041b147 f   files.obj
 0001:00017080       _Cvar_FindVar              00418080 f   cvar.obj
 0001:000170b5       _ComputeHash               004180b5 f   cvar.obj
 0001:000172ac       _Cvar_SetString            004182ac f   cvar.obj
 0001:00017342       _Cvar_InfoValidate         00418342 f   cvar.obj
 0001:00017452       _Cvar_Set2                 00418452 f   cvar.obj
 0001:000175fa       _Cvar_SetHardcoded         004185fa f   cvar.obj
 0001:000179f8       _Cvar_Set_f                004189f8 f   cvar.obj
 0001:00017a75       _Cvar_SetWithFlags         00418a75 f   cvar.obj
 0001:00017aba       _Cvar_Seta_f               00418aba f   cvar.obj
 0001:00017adc       _Cvar_Setu_f               00418adc f   cvar.obj
 0001:00017afe       _Cvar_Sets_f               00418afe f   cvar.obj
 0001:00017b20       _Cvar_Reset_f              00418b20 f   cvar.obj
 0001:00017b85       _Cvar_List_f               00418b85 f   cvar.obj
 0001:00017c95       _Cvar_Add_f                00418c95 f   cvar.obj
 0001:00017e0c       _Cvar_Scale_f              00418e0c f   cvar.obj
 0001:00017e7f       _Cvar_Toggle_f             00418e7f f   cvar.obj
 0001:00017ee2       _Cvar_Cycle_f              00418ee2 f   cvar.obj
 0001:00016404       _Con_ToggleChat_f          00417404 f   console.obj
 0001:00016435       _Con_Clear_f               00417435 f   console.obj
 0001:0001648b       _Con_Dump_f                0041748b f   console.obj
 0001:0001659e       _Con_MessageMode_f         0041759e f   console.obj
 0001:000165b0       _Con_MessageMode2_f        004175b0 f   console.obj
 0001:00016650       _PlaceChar                 00417650 f   console.obj
 0001:000167da       _FindLine                  004177da f   console.obj
 0001:00016f56       _Con_DrawInput             00417f56 f   console.obj
 0001:0001485b       _GetInt                    0041585b f   common.obj
 0001:00015888       _Com_Error_f               00416888 f   common.obj
 0001:00012416       _CMod_LoadSurfaces         00413416 f   cmodel.obj
 0001:00012530       _CMod_ReadSurfMaterials    00413530 f   cmodel.obj
 0001:0001266b       _CMod_LoadNodes            0041366b f   cmodel.obj
 0001:000126cd       _CMod_LoadBrushes          004136cd f   cmodel.obj
 0001:00012719       _CMod_LoadLeafs            00413719 f   cmodel.obj
 0001:000127e8       _CMod_LoadPlanes           004137e8 f   cmodel.obj
 0001:0001286b       _CMod_LoadLeafBrushes      0041386b f   cmodel.obj
 0001:000128b6       _CMod_LoadBrushSides       004138b6 f   cmodel.obj
 0001:0001292f       _CMod_LoadAreas            0041392f f   cmodel.obj
 0001:00012d09       _CM_PointLeafnum_r         00413d09 f   cmodel.obj
 0001:00012dcc       _CM_BoxLeafnums_r          00413dcc f   cmodel.obj
 0001:00013335       _CM_TestInLeaf             00414335 f   cmodel.obj
 0001:000133bd       _CM_TestBoxInBrush         004143bd f   cmodel.obj
 0001:0001349e       _CM_RecursiveHullCheck     0041449e f   cmodel.obj
 0001:00013770       _CM_TraceToLeaf            00414770 f   cmodel.obj
 0001:0001384d       _CM_ClipBoxToBrush         0041484d f   cmodel.obj
 0001:00013fb9       _FloodArea_r               00414fb9 f   cmodel.obj
 0001:00011df3       _Cmd_MacroExpandString     00412df3 f   cmd.obj
 0001:0001210e       _Cmd_Wait_f                0041310e f   cmd.obj
 0001:00012143       _Cmd_List_f                00413143 f   cmd.obj
 0001:00010a95       _DrawSurfInfo              00411a95 f   cl_view.obj
 0001:00010fd9       _DrawFlag                  00411fd9 f   cl_view.obj
 0001:00011034       _DecodeContents            00412034 f   cl_view.obj
 0001:000110d6       _DrawOriginInfo            004120d6 f   cl_view.obj
 0001:00011267       _DrawFpsInfo               00412267 f   cl_view.obj
 0001:00011390       _FixWaterVis               00412390 f   cl_view.obj
 0001:0001148e       _entitycmpfnc              0041248e f   cl_view.obj
 0001:000114f7       _Screenshot_f              004124f7 f   cl_view.obj
 0001:0000d8a9       _SCR_CalcVrect             0040e8a9 f   cl_scrn.obj
 0001:000084ca       _TryParseStatus            004094ca f   cl_main.obj
 0001:000067ae       _KeyDown                   004077ae f   cl_input.obj
 0001:00006830       _KeyUp                     00407830 f   cl_input.obj
 0001:00003682       _CL_AddParticleTraces      00404682 f   cl_fx.obj
 0001:000039f4       _CL_AddParticleBeams       004049f4 f   cl_fx.obj
 0001:000023c9       _CL_AddDebugLines          004033c9 f   cl_ents.obj
 0001:00002415       _CL_AddPacketEntities      00403415 f   cl_ents.obj
 0001:00002dfc       _GetEntityInfo             00403dfc f   cl_ents.obj
 0001:00002f0b       _AddEntityWithEffects      00403f0b f   cl_ents.obj
 0001:00002f37       _AddViewWeapon             00403f37 f   cl_ents.obj
 0001:0000083e       _FreeCinematic             0040183e f   cl_cin.obj
 0001:000009f0       _ReadNextFrame             004019f0 f   cl_cin.obj
 0001:00000b0d       _Huff1Decompress           00401b0d f   cl_cin.obj
 0001:00000fb3       _Huff1TableInit            00401fb3 f   cl_cin.obj
 0001:000010ad       _SmallestNode1             004020ad f   cl_cin.obj
 0001:0000014c       _CDAudio_GetAudioDiskInfo  0040114c f   cd_win.obj
 0001:000004c4       _CD_f                      004014c4 f   cd_win.obj
 0001:0000077d       _CDAudio_Eject             0040177d f   cd_win.obj
 0001:000007a7       _CDAudio_CloseDoor         004017a7 f   cd_win.obj

 70 bytes saved through ICF

