 Quake2

 Timestamp is 4583e75d (Sat Dec 16 15:32:29 2006)

 Preferred load address is 00400000

 Start         Length     Name                   Class
 0001:00000000 00067970H .text                   CODE
 0002:00000000 00000294H .idata$5                DATA
 0002:00000298 000075dcH .rdata                  DATA
 0002:00007878 00000044H .rdata$r                DATA
 0002:000078c0 00000038H .xdata$x                DATA
 0002:000078f8 00000078H .idata$2                DATA
 0002:00007970 00000014H .idata$3                DATA
 0002:00007984 00000294H .idata$4                DATA
 0002:00007c18 0000086aH .idata$6                DATA
 0002:00008482 00000000H .edata                  DATA
 0003:00000000 00000004H .CRT$XCA                DATA
 0003:00000004 00000088H .CRT$XCU                DATA
 0003:0000008c 00000004H .CRT$XCZ                DATA
 0003:00000090 00000004H .CRT$XIA                DATA
 0003:00000094 00000004H .CRT$XIZ                DATA
 0003:000000a0 0000e6acH .data                   DATA
 0003:0000e750 0045fff8H .bss                    DATA
 0004:00000000 00000130H .rsrc$01                DATA
 0004:00000130 00003f20H .rsrc$02                DATA

  Address         Publics by Value              Rva+Base     Lib:Object

 0001:00000000       ??3@YAXPAX@Z               00401000 f i CoreMain.obj
 0001:0000000e       ?appTimestamp@@YAPBDXZ     0040100e f   CoreMain.obj
 0001:00000043       ?appInit@@YAXXZ            00401043 f   CoreMain.obj
 0001:000000c3       ?appExit@@YAXXZ            004010c3 f   CoreMain.obj
 0001:000000cd       ?appMilliseconds@@YAIXZ    004010cd f   CoreWin32.obj
 0001:000000d3       ?appPackage@@YAPBDXZ       004010d3 f   CoreWin32.obj
 0001:0000012b       ?appGetSystemErrorMessage@@YAPBDI@Z 0040112b f   CoreWin32.obj
 0001:0000018f       ?appDisplayError@@YAXXZ    0040118f f   CoreWin32.obj
 0001:000001e0       ?appInitPlatform@@YAXXZ    004011e0 f   CoreWin32.obj
 0001:00000373       ?appShutdownPlatform@@YAXXZ 00401373 f   CoreWin32.obj
 0001:0000037c       ?sprintf@?$TString@$0BAA@@@QAAHPBDZZ 0040137c f i CoreWin32.obj
 0001:00000399       ?appDetectCPU@@YAXXZ       00401399 f   CoreCpuid.obj
 0001:0000064d       ?appLoadDebugSymbols@@YAXXZ 0040164d f   DbgSymbols.obj
 0001:0000080b       ?appSymbolName@@YA_NIPADH@Z 0040180b f   DbgSymbols.obj
 0001:00000901       ?appSymbolName@@YAPBDI@Z   00401901 f   DbgSymbols.obj
 0001:00000939       ?osGetAddressPackage@@YA_NIPADHAAH@Z 00401939 f   DbgSymbolsWin32.obj
 0001:000009cd       ?osGetAddressSymbol@@YA_NIPADHAAH@Z 004019cd f   DbgSymbolsWin32.obj
 0001:00000b74       ?appMalloc@@YAPAXIH@Z      00401b74 f   Memory.obj
 0001:00000c79       ?appFree@@YAXPAX@Z         00401c79 f   Memory.obj
 0001:00000cf8       ?Unlink@FMemHeader@@QAEXXZ 00401cf8 f i Memory.obj
 0001:00000d23       ?Link@CMemoryChain@@AAEXXZ 00401d23 f   Memory.obj
 0001:00000d42       ?Unlink@CMemoryChain@@AAEXXZ 00401d42 f   Memory.obj
 0001:00000d6d       ??2CMemoryChain@@SAPAXIH@Z 00401d6d f   Memory.obj
 0001:00000e36       ??3CMemoryChain@@SAXPAX@Z  00401e36 f   Memory.obj
 0001:00000eb7       ?Alloc@CMemoryChain@@QAEPAXIH@Z 00401eb7 f   Memory.obj
 0001:00000f83       ?GetSize@CMemoryChain@@QAEHXZ 00401f83 f   Memory.obj
 0001:00000f91       ?BuildAllocatorsTable@@YAHPAXH@Z 00401f91 f   Memory.obj
 0001:000010fe       ?appInitMemory@@YAXXZ      004020fe f   Memory.obj
 0001:000014e6       ?Write@COutputDeviceNull@@UAEXPBD@Z 004024e6 f i OutputDevice.obj
 0001:00001500       ??_GCOutputDevice@@UAEPAXI@Z 00402500 f i OutputDevice.obj
 0001:00001500       ??_ECOutputDeviceNull@@UAEPAXI@Z 00402500 f i OutputDevice.obj
 0001:00001500       ??_GCOutputDeviceNull@@UAEPAXI@Z 00402500 f i OutputDevice.obj
 0001:00001500       ??_ECOutputDevice@@UAEPAXI@Z 00402500 f i OutputDevice.obj
 0001:00001543       ?Write@COutputDeviceLog@@UAEXPBD@Z 00402543 f i OutputDevice.obj
 0001:0000158e       ??_ECOutputDeviceLog@@UAEPAXI@Z 0040258e f i OutputDevice.obj
 0001:0000158e       ??_GCOutputDeviceLog@@UAEPAXI@Z 0040258e f i OutputDevice.obj
 0001:000015ae       ?Printf@COutputDevice@@QAAXPBDZZ 004025ae f   OutputDevice.obj
 0001:0000161f       ?Register@COutputDevice@@QAEXXZ 0040261f f   OutputDevice.obj
 0001:0000167b       ?Unregister@COutputDevice@@QAEXXZ 0040267b f   OutputDevice.obj
 0001:000016ce       ?appPrintf@@YAXPBDZZ       004026ce f   OutputDevice.obj
 0001:00001805       ?appWPrintf@@YAXPBDZZ      00402805 f   OutputDevice.obj
 0001:00001868       ??0COutputDeviceMemTail@@QAE@H@Z 00402868 f i ErrorMgr.obj
 0001:00001899       ?Write@COutputDeviceMemTail@@UAEXPBD@Z 00402899 f i ErrorMgr.obj
 0001:000019b5       ??_ECOutputDeviceMemTail@@UAEPAXI@Z 004029b5 f i ErrorMgr.obj
 0001:000019b5       ??_GCOutputDeviceMemTail@@UAEPAXI@Z 004029b5 f i ErrorMgr.obj
 0001:000019d4       ??1COutputDeviceMemTail@@UAE@XZ 004029d4 f i ErrorMgr.obj
 0001:00001a1d       ??0COutputDeviceFile@@QAE@XZ 00402a1d f i ErrorMgr.obj
 0001:00001a32       ?Write@COutputDeviceFile@@UAEXPBD@Z 00402a32 f i ErrorMgr.obj
 0001:00001a89       ?Flush@COutputDeviceFile@@UAEXXZ 00402a89 f i ErrorMgr.obj
 0001:00001a99       ?Close@COutputDeviceFile@@UAEXXZ 00402a99 f i ErrorMgr.obj
 0001:00001ab1       ??_GCOutputDeviceFile@@UAEPAXI@Z 00402ab1 f i ErrorMgr.obj
 0001:00001ab1       ??_ECOutputDeviceFile@@UAEPAXI@Z 00402ab1 f i ErrorMgr.obj
 0001:00001ad0       ??1COutputDeviceFile@@UAE@XZ 00402ad0 f i ErrorMgr.obj
 0001:00001b0f       ?appBeginError@@YAPAVCOutputDevice@@PBD@Z 00402b0f f   ErrorMgr.obj
 0001:00001bda       ?appGetErrorLog@@YAPAVCOutputDevice@@XZ 00402bda f   ErrorMgr.obj
 0001:00001c45       ?Open@COutputDeviceFile@@QAEXPBD_N@Z 00402c45 f i ErrorMgr.obj
 0001:00001c8b       ?appFatalError@@YAXPBDZZ   00402c8b f   ErrorMgr.obj
 0001:00001ce1       ?appNonFatalError@@YAXPBDZZ 00402ce1 f   ErrorMgr.obj
 0001:00001d43       ?appUnwindPrefix@@YAXPBD@Z 00402d43 f   ErrorMgr.obj
 0001:00001df5       ?appUnwindThrow@@YAXPBDZZ  00402df5 f   ErrorMgr.obj
 0001:00001e6b       ?Reset@CErrorHandler@@QAEXXZ 00402e6b f   ErrorMgr.obj
 0001:00001e9c       ?appInitError@@YAXXZ       00402e9c f   ErrorMgr.obj
 0001:00001f91       ?appShutdownError@@YAXXZ   00402f91 f   ErrorMgr.obj
 0001:0000201b       ?GetTail@COutputDeviceMemTail@@QAEPBDH@Z 0040301b f i ErrorMgr.obj
 0001:00002041       ?sprintf@?$TString@$0CAA@@@QAAHPBDZZ 00403041 f i ErrorMgr.obj
 0001:0000205e       ?win32ExceptFilter@@YGJPAU_EXCEPTION_POINTERS@@@Z 0040305e f   ExceptHandlerWin32.obj
 0001:00002201       ?win32ExceptFilter2@@YAIXZ 00403201 f   ExceptHandlerWin32.obj
 0001:0000220a       ?sprintf@?$TString@$0EAA@@@QAAHPBDZZ 0040320a f i ExceptHandlerWin32.obj
 0001:00002227       ?DumpRegs@@YAXPAVCOutputDevice@@PAU_CONTEXT@@@Z 00403227 f   ExceptDumpers.obj
 0001:00002338       ?DumpMem@@YAXPAVCOutputDevice@@PBIPAU_CONTEXT@@@Z 00403338 f   ExceptDumpers.obj
 0001:00002577       ?UnwindEbpFrame@@YAXPAVCOutputDevice@@PBI@Z 00403577 f   ExceptDumpers.obj
 0001:00002608       ?GetLine@CSimpleParser@@QAEPBDXZ 00403608 f   ScriptParser.obj
 0001:0000271f       ?SkipBraces@CSimpleParser@@QAEPBDXZ 0040371f f   ScriptParser.obj
 0001:00002755       ?appStricmp@@YAHPBD0@Z     00403755 f   Strings.obj
 0001:0000278c       ?toLower@@YADD@Z           0040378c f i Strings.obj
 0001:000027a7       ?appStrncpylwr@@YAXPADPBDH@Z 004037a7 f   Strings.obj
 0001:000027df       ?appStrncpyz@@YAXPADPBDH@Z 004037df f   Strings.obj
 0001:0000280c       ?appStrcatn@@YAXPADHPBD@Z  0040380c f   Strings.obj
 0001:00002838       ?appCopyFilename@@YAXPADPBDH@Z 00403838 f   Strings.obj
 0001:00002960       ?appCStrlen@@YAHPBD@Z      00403960 f   Strings.obj
 0001:00002988       ?appUncolorizeString@@YAXPADPBD@Z 00403988 f   Strings.obj
 0001:000029ba       ?va@@YAPBDPBDZZ            004039ba f   Strings.obj
 0001:00002aae       ?appSprintf@@YAHPADHPBDZZ  00403aae f   Strings.obj
 0001:00002b4d       ?appMatchWildcard@@YA_NPBD0_N@Z 00403b4d f   Strings.obj
 0001:00002d92       ?appIsWildcard@@YA_NPBD@Z  00403d92 f   Strings.obj
 0001:00002dbe       ?appStrdup@@YAPADPBD@Z     00403dbe f   Strings.obj
 0001:00002dff       ?appStrdup@@YAPADPBDPAVCMemoryChain@@@Z 00403dff f   Strings.obj
 0001:00002e34       ??0CStringItem@@QAE@XZ     00403e34 f   Strings.obj
 0001:00002e3f       ??2CStringItem@@SAPAXIPBD@Z 00403e3f f   Strings.obj
 0001:00002ed9       ??2CStringItem@@SAPAXIPBDPAVCMemoryChain@@@Z 00403ed9 f   Strings.obj
 0001:00002f4e       ?Find@CStringList@@IAEPAVCStringItem@@PBDPAPAV2@@Z 00403f4e f   Strings.obj
 0001:00002fd9       ?Find@CStringList@@IAEPAVCStringItem@@H@Z 00403fd9 f   Strings.obj
 0001:00003045       ?IndexOf@CStringList@@QAEHPBD@Z 00404045 f   Strings.obj
 0001:000030c7       ?Remove@CStringList@@QAE_NPAVCStringItem@@@Z 004040c7 f   Strings.obj
 0001:0000314b       ?Add@CTextContainer@@QAEPAUCTextRec@@PBD@Z 0040414b f   TextContainer.obj
 0001:000031f7       ?Enumerate@CTextContainer@@QAEXP6AXPBUCTextRec@@@Z@Z 004041f7 f   TextContainer.obj
 0001:00003263       ?SubtractPath@@YAPBDPBD0@Z 00404263 f   FileSystem.obj
 0001:000032fb       ?appMakeDirectoryForFile@@YAXPBD@Z 004042fb f   FileSystem.obj
 0001:00003331       ?appOpenFile@@YAPAVCFile@@PBD@Z 00404331 f   FileSystem.obj
 0001:0000336e       ?Read@CFileOS@@UAEHPAXH@Z  0040436e f i FileSystem.obj
 0001:00003395       ?GetSize@CFileOS@@UAEHXZ   00404395 f i FileSystem.obj
 0001:000033e0       ?Eof@CFileOS@@UAE_NXZ      004043e0 f i FileSystem.obj
 0001:000033f4       ??_GCFileOS@@UAEPAXI@Z     004043f4 f i FileSystem.obj
 0001:000033f4       ??_ECFileOS@@UAEPAXI@Z     004043f4 f i FileSystem.obj
 0001:00003429       ??_ECFile@@UAEPAXI@Z       00404429 f i FileSystem.obj
 0001:00003429       ??_GCFile@@UAEPAXI@Z       00404429 f i FileSystem.obj
 0001:00003449       ?ReadByte@CFile@@QAEEXZ    00404449 f   FileSystem.obj
 0001:00003461       ?ReadInt@CFile@@QAEHXZ     00404461 f   FileSystem.obj
 0001:00003479       ?ReadString@CFile@@QAEXPADH@Z 00404479 f   FileSystem.obj
 0001:000034b6       ?GetType@CFileContainer@@MAEPBDXZ 004044b6 f   FileSystem.obj
 0001:000034bc       ?Mount@CFileSystem@@QAEXAAVCFileContainer@@PBD@Z 004044bc f   FileSystem.obj
 0001:00003512       ?Umount@CFileSystem@@QAEXAAVCFileContainer@@@Z 00404512 f   FileSystem.obj
 0001:0000354c       ?MountDirectory@CFileSystem@@QAEPAVCFileContainer@@PBD0@Z 0040454c f   FileSystem.obj
 0001:00003591       ?GetType@CFileContainerOS@@MAEPBDXZ 00404591 f i FileSystem.obj
 0001:00003597       ?FileExists@CFileContainerOS@@UAE_NPBD@Z 00404597 f i FileSystem.obj
 0001:000035c1       ?OpenFile@CFileContainerOS@@UAEPAVCFile@@PBD@Z 004045c1 f i FileSystem.obj
 0001:000035e1       ?List@CFileContainerOS@@UAEXAAVCFileList@@PBDI@Z 004045e1 f i FileSystem.obj
 0001:0000360a       ??_GCFileContainerOS@@UAEPAXI@Z 0040460a f i FileSystem.obj
 0001:0000360a       ??_ECFileContainerOS@@UAEPAXI@Z 0040460a f i FileSystem.obj
 0001:0000362a       ??_ECFileContainer@@UAEPAXI@Z 0040462a f i FileSystem.obj
 0001:0000362a       ??_GCFileContainer@@UAEPAXI@Z 0040462a f i FileSystem.obj
 0001:0000364a       ?MountArchive@CFileSystem@@QAEPAVCFileContainer@@PBD0@Z 0040464a f   FileSystem.obj
 0001:00003761       ?Mount@CFileSystem@@QAEXPBD0@Z 00404761 f   FileSystem.obj
 0001:00003993       ?Umount@CFileSystem@@QAEXPBD@Z 00404993 f   FileSystem.obj
 0001:00003a2f       ?List@CFileSystem@@UAEPAVCFileList@@PBDIPAV2@@Z 00404a2f f   FileSystem.obj
 0001:00003bea       ?RegisterFormat@CFileSystem@@SAXP6APAVCFileContainer@@PBDPAU_iobuf@@@Z@Z 00404bea f   FileSystem.obj
 0001:00003c2e       ?FileExists@CFileSystem@@UAE_NPBDI@Z 00404c2e f   FileSystem.obj
 0001:00003cad       ?OpenFile@CFileSystem@@UAEPAVCFile@@PBDI@Z 00404cad f   FileSystem.obj
 0001:00003d52       ?LoadFile@CFileSystem@@QAEPAXPBDPAI@Z 00404d52 f   FileSystem.obj
 0001:00003e22       ?cMount@@YAX_NHPAPAD@Z     00404e22 f   FileSystem.obj
 0001:00003f60       ?cUmount@@YAX_NHPAPAD@Z    00404f60 f   FileSystem.obj
 0001:00003f8f       ?appInitFileSystem@@YAXAAVCFileSystem@@@Z 00404f8f f   FileSystem.obj
 0001:00004386       ?appListDirectory@@YAXPBDAAVCFileList@@I@Z 00405386 f   FileSystemWin32.obj
 0001:000045cd       ?appMakeDirectory@@YAXPBD@Z 004055cd f   FileSystemWin32.obj
 0001:00004637       ?appFileType@@YAIPBD@Z     00405637 f   FileSystemWin32.obj
 0001:00004677       ?FindDir@CFileContainerArc@@IAEPAVFDirInfo@1@PBD_N@Z 00405677 f   FileContainerArc.obj
 0001:00004730       ?FindFile@CFileContainerArc@@IAEPAVCStringItem@@PBD@Z 00405730 f   FileContainerArc.obj
 0001:0000479b       ?FileExists@CFileContainerArc@@UAE_NPBD@Z 0040579b f   FileContainerArc.obj
 0001:000047b0       ?OpenFile@CFileContainerArc@@UAEPAVCFile@@PBD@Z 004057b0 f   FileContainerArc.obj
 0001:000047cf       ?List@CFileContainerArc@@UAEXAAVCFileList@@PBDI@Z 004057cf f   FileContainerArc.obj
 0001:0000493c       ??E?$TStringSplitter@$0BAA@$0CP@@@QAEXXZ 0040593c f i FileContainerArc.obj
 0001:000049be       ?GetLength@CVec3@@QAEMXZ   004059be f   Math3D.obj
 0001:000049e9       ?Normalize@CVec3@@QAEMXZ   004059e9 f   Math3D.obj
 0001:00004a3b       ?VectorNormalize@@YAMABUCVec3@@AAU1@@Z 00405a3b f   Math3D.obj
 0001:00004aa5       ?NormalizeFast@CVec3@@QAEMXZ 00405aa5 f   Math3D.obj
 0001:00004af6       ?FindAxisVectors@CVec3@@QBEXAAU1@0@Z 00405af6 f   Math3D.obj
 0001:00004b66       ?cross@@YAXABUCVec3@@0AAU1@@Z 00405b66 f   Math3D.obj
 0001:00004ba2       ?VectorDistance@@YAMABUCVec3@@0@Z 00405ba2 f   Math3D.obj
 0001:00004bd1       ?Setup@CPlane@@QAEXXZ      00405bd1 f   Math3D.obj
 0001:00004c7f       ?Clear@CBox@@QAEXXZ        00405c7f f   Math3D.obj
 0001:00004c9d       ?Expand@CBox@@QAEXABUCVec3@@@Z 00405c9d f   Math3D.obj
 0001:00004ccf       ?Expand@CBox@@QAEXABU1@@Z  00405ccf f   Math3D.obj
 0001:00004d0e       ?GetCenter@CBox@@QBEXAAUCVec3@@@Z 00405d0e f   Math3D.obj
 0001:00004d31       ?Contains@CBox@@QBE_NABUCVec3@@@Z 00405d31 f   Math3D.obj
 0001:00004d65       ?Intersects@CBox@@QBE_NABU1@@Z 00405d65 f   Math3D.obj
 0001:00004da4       ?OnPlaneSide@CBox@@QBEHABUCPlane@@@Z 00405da4 f   Math3D.obj
 0001:00004ed3       ?FromEuler@CAxis@@QAEXABUCVec3@@@Z 00405ed3 f   Math3D.obj
 0001:00004f12       ?TransformVector@CAxis@@QBEXABUCVec3@@AAU2@@Z 00405f12 f   Math3D.obj
 0001:00004f65       ?UnTransformVector@CAxis@@QBEXABUCVec3@@AAU2@@Z 00405f65 f   Math3D.obj
 0001:00004fc9       ?TransformAxis@CAxis@@QBEXABU1@AAU1@@Z 00405fc9 f   Math3D.obj
 0001:0000500f       ?UnTransformAxis@CAxis@@QBEXABU1@AAU1@@Z 0040600f f   Math3D.obj
 0001:00005055       ?TransformPoint@CCoords@@QBEXABUCVec3@@AAU2@@Z 00406055 f   Math3D.obj
 0001:000050b5       ?UnTransformPoint@CCoords@@QBEXABUCVec3@@AAU2@@Z 004060b5 f   Math3D.obj
 0001:00005122       ?UnTransformCoords@CCoords@@QBEXABU1@AAU1@@Z 00406122 f   Math3D.obj
 0001:0000514e       ?TransformPlane@CCoords@@QBEXABUCPlane@@AAU2@@Z 0040614e f   Math3D.obj
 0001:00005188       ?TransformPoint@@YAXABUCVec3@@ABUCAxis@@0AAU1@@Z 00406188 f   Math3D.obj
 0001:000051eb       ?UnTransformPoint@@YAXABUCVec3@@ABUCAxis@@0AAU1@@Z 004061eb f   Math3D.obj
 0001:0000525b       ?Euler2Vecs@@YAXABUCVec3@@PAU1@11@Z 0040625b f   Math3D.obj
 0001:000053bb       ?Vec2Euler@@YAXABUCVec3@@AAU1@@Z 004063bb f   Math3D.obj
 0001:000054be       ?Vec2Yaw@@YAMABUCVec3@@@Z  004064be f   Math3D.obj
 0001:00005531       ?appRsqrt@@YAMM@Z          00406531 f   MathMisc.obj
 0001:0000555d       ?NormalizeColor@@YAMABUCVec3@@AAU1@@Z 0040655d f   MathMisc.obj
 0001:000055bb       ?NormalizeColor255@@YAMABUCVec3@@AAU1@@Z 004065bb f   MathMisc.obj
 0001:0000561d       ?SCR_StopCinematic@@YAXXZ  0040661d f   cl_cin.obj
 0001:000056b1       ?SCR_DrawCinematic@@YA_NXZ 004066b1 f   cl_cin.obj
 0001:00005aa8       ?SCR_PlayCinematic@@YAXPBD@Z 00406aa8 f   cl_cin.obj
 0001:00005dff       ?sprintf@?$TString@$0EA@@@QAAHPBDZZ 00406dff f i cl_cin.obj
 0001:00005e19       ?CL_Download_f@@YAX_NHPAPAD@Z 00406e19 f   cl_download.obj
 0001:000061c6       ?CL_ParseDownload@@YAXXZ   004071c6 f   cl_download.obj
 0001:000069f5       ?CL_Precache_f@@YAXHPAPAD@Z 004079f5 f   cl_download.obj
 0001:00006a50       ?sprintf@?$TString@$0IA@@@QAAHPBDZZ 00407a50 f i cl_download.obj
 0001:00006a6d       ?CL_ParseDelta@@YAXPAUclEntityState_t@@0HI_N@Z 00407a6d f   cl_ents.obj
 0001:00006bed       ?CL_ParseFrame@@YAXXZ      00407bed f   cl_ents.obj
 0001:000072a2       ?CL_AddEntityBox@@YAXPAUclEntityState_t@@I@Z 004082a2 f   cl_ents.obj
 0001:000073a6       ?Lerp@@YAXABUCVec3@@0MAAU1@@Z 004083a6 f i cl_ents.obj
 0001:000073dd       ?OffsetThirdPersonView@@YAXXZ 004083dd f   cl_ents.obj
 0001:000074c5       ?CL_AddEntities@@YAXXZ     004084c5 f   cl_ents.obj
 0001:00008406       ?CL_ClearLightStyles@@YAXXZ 00409406 f   cl_fx.obj
 0001:00008488       ?CL_SetLightstyle@@YAXHPBD@Z 00409488 f   cl_fx.obj
 0001:000084e9       ?CL_AllocDlight@@YAPAUcdlight_t@@HABUCVec3@@@Z 004094e9 f   cl_fx.obj
 0001:00008554       ?CL_AllocParticleTrace@@YAPAUparticleTrace_t@@ABUCVec3@@0MM@Z 00409554 f   cl_fx.obj
 0001:000085e3       ?CL_AllocParticleBeam@@YAPAUbeam_t@@ABUCVec3@@0MM@Z 004095e3 f   cl_fx.obj
 0001:00008658       ?CL_AllocParticle@@YAPAUparticle_t@@XZ 00409658 f   cl_fx.obj
 0001:000086ab       ?CL_MetalSparks@@YAXABUCVec3@@0H@Z 004096ab f   cl_fx.obj
 0001:000087a9       ?CL_AddEffects@@YAXXZ      004097a9 f   cl_fx.obj
 0001:00008e97       ?CL_ClearEffects@@YAXXZ    00409e97 f   cl_fx.obj
 0001:00008f19       ?CL_EntityEvent@@YAXPAUclEntityState_t@@@Z 00409f19 f   cl_fx.obj
 0001:000090d0       ?CL_ParseMuzzleFlash@@YAXXZ 0040a0d0 f   cl_fx.obj
 0001:00009440       ?CL_ParseMuzzleFlash2@@YAXXZ 0040a440 f   cl_fx.obj
 0001:000098b6       ?CL_ParticleEffect@@YAXABUCVec3@@0HH@Z 0040a8b6 f   cl_fx.obj
 0001:00009a9f       ?CL_ParticleEffect2@@YAXABUCVec3@@0HH@Z 0040aa9f f   cl_fx.obj
 0001:00009ac7       ?CL_ParticleEffect3@@YAXABUCVec3@@0HH@Z 0040aac7 f   cl_fx.obj
 0001:00009aef       ?CL_TeleporterParticles@@YAXPAUclEntityState_t@@@Z 0040aaef f   cl_fx.obj
 0001:00009b11       ?CL_LogoutEffect@@YAXABUCVec3@@H@Z 0040ab11 f   cl_fx.obj
 0001:00009b49       ?CL_ItemRespawnParticles@@YAXABUCVec3@@@Z 0040ab49 f   cl_fx.obj
 0001:00009b67       ?CL_ExplosionParticles@@YAXABUCVec3@@@Z 0040ab67 f   cl_fx.obj
 0001:00009b88       ?CL_BFGExplosionParticles@@YAXABUCVec3@@@Z 0040ab88 f   cl_fx.obj
 0001:00009ba9       ?CL_TrackerExplosionParticles@@YAXABUCVec3@@@Z 0040aba9 f   cl_fx.obj
 0001:00009bca       ?CL_BlasterParticles@@YAXABUCVec3@@0I@Z 0040abca f   cl_fx.obj
 0001:00009bf1       ?CL_BlasterTrail@@YAXAAUcentity_t@@@Z 0040abf1 f   cl_fx.obj
 0001:00009cf8       ?CL_BlasterTrail2@@YAXAAUcentity_t@@@Z 0040acf8 f   cl_fx.obj
 0001:00009d0f       ?CL_FlagTrail@@YAXAAUcentity_t@@H@Z 0040ad0f f   cl_fx.obj
 0001:00009d2e       ?CL_RocketTrail@@YAXAAUcentity_t@@@Z 0040ad2e f   cl_fx.obj
 0001:00009d6d       ?CL_BubbleTrail@@YAXABUCVec3@@0@Z 0040ad6d f   cl_fx.obj
 0001:00009e09       ?CL_BubbleTrail2@@YAXABUCVec3@@0@Z 0040ae09 f   cl_fx.obj
 0001:00009e23       ?CL_TagTrail@@YAXAAUcentity_t@@@Z 0040ae23 f   cl_fx.obj
 0001:00009e3a       ?CL_DebugTrail@@YAXABUCVec3@@0@Z 0040ae3a f   cl_fx.obj
 0001:00009e54       ?CL_ForceWall@@YAXABUCVec3@@0H@Z 0040ae54 f   cl_fx.obj
 0001:00009e76       ?CL_BigTeleportParticles@@YAXABUCVec3@@@Z 0040ae76 f   cl_fx.obj
 0001:00009fb1       ?CL_BfgParticles@@YAXABUCVec3@@@Z 0040afb1 f   cl_fx.obj
 0001:0000a12b       ?CL_FlyEffect@@YAXAAUcentity_t@@@Z 0040b12b f   cl_fx.obj
 0001:0000a2b7       ?CL_DiminishingTrail@@YAXAAUcentity_t@@H@Z 0040b2b7 f   cl_fx.obj
 0001:0000a411       ?CL_RailTrail@@YAXABUCVec3@@0@Z 0040b411 f   cl_fx.obj
 0001:0000a583       ?CL_RailTrailExt@@YAXABUCVec3@@0EE@Z 0040b583 f   cl_fx.obj
 0001:0000a6c8       ?CL_IonripperTrail@@YAXAAUcentity_t@@@Z 0040b6c8 f   cl_fx.obj
 0001:0000a822       ?CL_TrapParticles@@YAXABUCVec3@@@Z 0040b822 f   cl_fx.obj
 0001:0000a995       ?CL_TeleportParticles@@YAXABUCVec3@@@Z 0040b995 f   cl_fx.obj
 0001:0000aacb       ?CL_Heatbeam@@YAXABUCVec3@@0@Z 0040bacb f   cl_fx.obj
 0001:0000ad71       ?CL_ParticleSteamEffect@@YAXABUCVec3@@0HHH@Z 0040bd71 f   cl_fx.obj
 0001:0000aea7       ?CL_ParticleSmokeEffect@@YAXABUCVec3@@0@Z 0040bea7 f   cl_fx.obj
 0001:0000afc0       ?CL_TrackerTrail@@YAXAAUcentity_t@@@Z 0040bfc0 f   cl_fx.obj
 0001:0000b13a       ?CL_TrackerShell@@YAXABUCVec3@@@Z 0040c13a f   cl_fx.obj
 0001:0000b1c6       ?CL_MonsterPlasmaShell@@YAXABUCVec3@@@Z 0040c1c6 f   cl_fx.obj
 0001:0000b24f       ?CL_WidowSplash@@YAXABUCVec3@@@Z 0040c24f f   cl_fx.obj
 0001:0000b330       ?CL_InitInput@@YAXXZ       0040c330 f   cl_input.obj
 0001:0000b8de       ?CL_SendCmd@@YAXXZ         0040c8de f   cl_input.obj
 0001:0000befd       ?CL_WriteDemoMessage@@YAXXZ 0040cefd f   cl_main.obj
 0001:0000bf3f       ?Cmd_ForwardToServer@@YAXHPAPAD@Z 0040cf3f f   cl_main.obj
 0001:0000c004       ?CL_ForwardToServer_f@@YAXHPAPAD@Z 0040d004 f   cl_main.obj
 0001:0000c04d       ?CL_Pause@@YAX_N@Z         0040d04d f   cl_main.obj
 0001:0000c092       ?CL_Drop@@YAX_N@Z          0040d092 f   cl_main.obj
 0001:0000c0bd       ?CL_SendConnectPacket@@YAXXZ 0040d0bd f   cl_main.obj
 0001:0000c123       ?CL_Connect_f@@YAX_NHPAPAD@Z 0040d123 f   cl_main.obj
 0001:0000c190       ?CL_Rcon_f@@YAXHPAPAD@Z    0040d190 f   cl_main.obj
 0001:0000c27c       ?CL_Disconnect@@YAXXZ      0040d27c f   cl_main.obj
 0001:0000c427       ?CL_Disconnect_f@@YAXXZ    0040d427 f   cl_main.obj
 0001:0000c431       ?CL_Changing_f@@YAXXZ      0040d431 f   cl_main.obj
 0001:0000c459       ?CL_Reconnect_f@@YAXXZ     0040d459 f   cl_main.obj
 0001:0000c4f5       ?CL_PingServers_f@@YAXXZ   0040d4f5 f   cl_main.obj
 0001:0000c8b1       ?CL_ConnectionlessPacket@@YAXXZ 0040d8b1 f   cl_main.obj
 0001:0000c9ae       ?CL_Userinfo_f@@YAXXZ      0040d9ae f   cl_main.obj
 0001:0000c9c9       ?CL_RegisterSounds@@YAXXZ  0040d9c9 f   cl_main.obj
 0001:0000ca08       ?CL_Snd_Restart_f@@YAXXZ   0040da08 f   cl_main.obj
 0001:0000ca17       ?CL_WriteConfiguration@@YAXPBD@Z 0040da17 f   cl_main.obj
 0001:0000cafe       ?CL_WriteConfig_f@@YAX_NHPAPAD@Z 0040dafe f   cl_main.obj
 0001:0000cb69       ?CL_FixCvarCheats@@YAXXZ   0040db69 f   cl_main.obj
 0001:0000cbba       ?CL_Frame@@YAXMM@Z         0040dbba f   cl_main.obj
 0001:0000d023       ?CL_ClearState@@YAXXZ      0040e023 f   cl_main.obj
 0001:0000d061       ?CL_Init@@YAXXZ            0040e061 f   cl_main.obj
 0001:0000d510       ?CL_Shutdown@@YAXXZ        0040e510 f   cl_main.obj
 0001:0000d56c       ?CL_ParseClientinfo@@YAXH@Z 0040e56c f   cl_parse.obj
 0001:0000d624       ?CL_UpdatePlayerClientInfo@@YAXXZ 0040e624 f   cl_parse.obj
 0001:0000d665       ?CL_ParseServerMessage@@YAXXZ 0040e665 f   cl_parse.obj
 0001:0000de4b       ?FreePlayerModelsInfo@@YAXXZ 0040ee4b f   cl_playermodel.obj
 0001:0000de71       ?ScanPlayerModels@@YA_NXZ  0040ee71 f   cl_playermodel.obj
 0001:0000e26b       ?RunAnimation@@YAXAAUclientInfo_t@@AAUanimState_t@@H@Z 0040f26b f   cl_playermodel.obj
 0001:0000e459       ?CL_LoadClientinfo@@YAXAAUclientInfo_t@@PBD_N@Z 0040f459 f   cl_playermodel.obj
 0001:0000f0ea       ?ParsePlayerEntity@@YAHAAUcentity_t@@AAUclientInfo_t@@PAUclEntityState_t@@ABUentity_t@@PAU4@HH@Z 004100ea f   cl_playermodel.obj
 0001:0000fc59       ?CreateAndInsert@?$TList@VCStringItem@@@@QAEPAVCStringItem@@PBDPAVCMemoryChain@@@Z 00410c59 f i cl_playermodel.obj
 0001:0000fc91       ?CL_CheckPredictionError@@YAXXZ 00410c91 f   cl_pred.obj
 0001:0000fe24       ?CL_EntityTrace@@YAXAAUtrace_t@@ABUCVec3@@1ABUCBox@@H@Z 00410e24 f   cl_pred.obj
 0001:0001017e       ?CL_Trace@@YAXAAUtrace_t@@ABUCVec3@@1ABUCBox@@H@Z 0041117e f   cl_pred.obj
 0001:0001022f       ?CL_PMpointcontents@@YAHABUCVec3@@@Z 0041122f f   cl_pred.obj
 0001:000103c5       ?CL_PredictMovement@@YAXXZ 004113c5 f   cl_pred.obj
 0001:0001078c       ?DrawString@@YAXHHPBD@Z    0041178c f   cl_scrn.obj
 0001:000107d1       ?SCR_DebugGraph@@YAXMH@Z   004117d1 f   cl_scrn.obj
 0001:000107fb       ?SCR_CenterPrint@@YAXPBD@Z 004117fb f   cl_scrn.obj
 0001:00010901       ?Key_Message@@YAXH@Z       00411901 f   cl_scrn.obj
 0001:000109a1       ?SCR_SetLevelshot@@YAXPBD@Z 004119a1 f   cl_scrn.obj
 0001:00010aa1       ?SCR_BeginLoadingPlaque@@YAX_N@Z 00411aa1 f   cl_scrn.obj
 0001:00010b37       ?SCR_EndLoadingPlaque@@YAX_N@Z 00411b37 f   cl_scrn.obj
 0001:00010bbc       ?SCR_LoadingNotify@@YAXPBDM@Z 00411bbc f   cl_scrn.obj
 0001:00010be6       ?SCR_ShowConsole@@YAX_N0@Z 00411be6 f   cl_scrn.obj
 0001:00010cab       ?SCR_ToggleConsole@@YAXXZ  00411cab f   cl_scrn.obj
 0001:00010cd3       ?SCR_TouchPics@@YAXXZ      00411cd3 f   cl_scrn.obj
 0001:00010d29       ?SCR_UpdateScreen@@YAXXZ   00411d29 f   cl_scrn.obj
 0001:000120b8       ?SCR_Init@@YAXXZ           004130b8 f   cl_scrn.obj
 0001:000123e9       ?sprintf@?$TString@$0BA@@@QAAHPBDZZ 004133e9 f i cl_scrn.obj
 0001:00012403       ?CL_RegisterTEntSounds@@YAXXZ 00413403 f   cl_tent.obj
 0001:00012658       ?CL_RegisterTEntModels@@YAXXZ 00413658 f   cl_tent.obj
 0001:000127a9       ?CL_ClearTEnts@@YAXXZ      004137a9 f   cl_tent.obj
 0001:000127da       ?CL_SmokeAndFlash@@YAXABUCVec3@@@Z 004137da f   cl_tent.obj
 0001:00012972       ?CL_ParseTEnt@@YAXXZ       00413972 f   cl_tent.obj
 0001:00013c98       ?CL_AddTEnts@@YAXXZ        00414c98 f   cl_tent.obj
 0001:0001469d       ?V_AddEntity@@YAXPAUentity_t@@@Z 0041569d f   cl_view.obj
 0001:000146db       ?V_AddEntity2@@YAXPAUentity_t@@@Z 004156db f   cl_view.obj
 0001:0001470d       ?AddEntityWithEffects2@@YAXPAUentity_t@@I@Z 0041570d f   cl_view.obj
 0001:000147ae       ?AddEntityWithEffects@@YAXPAUentity_t@@I@Z 004157ae f   cl_view.obj
 0001:000147cf       ?V_AddLight@@YAXABUCVec3@@MMMM@Z 004157cf f   cl_view.obj
 0001:00014814       ?V_TestEntities@@YAXXZ     00415814 f   cl_view.obj
 0001:00014941       ?V_TestLights@@YAXXZ       00415941 f   cl_view.obj
 0001:00014a17       ?V_InitRenderer@@YAXXZ     00415a17 f   cl_view.obj
 0001:00014e38       ?CalcFov@@YAMMMM@Z         00415e38 f   cl_view.obj
 0001:00014ea6       ?V_RenderView@@YA_NXZ      00415ea6 f   cl_view.obj
 0001:00015c48       ?V_Init@@YAXXZ             00416c48 f   cl_view.obj
 0001:00015cf7       ?Con_ClearNotify@@YAXXZ    00416cf7 f   console.obj
 0001:00015d06       ?Con_CheckResize@@YAXXZ    00416d06 f   console.obj
 0001:00015e2d       ?Write@COutputDeviceCon@@UAEXPBD@Z 00416e2d f   console.obj
 0001:00016033       ?Con_DrawNotify@@YAX_N@Z   00417033 f   console.obj
 0001:00016209       ?Con_DrawConsole@@YAXM@Z   00417209 f   console.obj
 0001:000164bd       ?Con_ClearTyping@@YAXXZ    004174bd f   console.obj
 0001:000164d6       ?Key_Console@@YAXHH@Z      004174d6 f   console.obj
 0001:00016923       ?Con_Init@@YAXXZ           00417923 f   console.obj
 0001:00016a91       ?Key_KeynumToString@@YAPBDH@Z 00417a91 f   keys.obj
 0001:00016b57       ?Draw@completeMenu_t@@UAEXXZ 00417b57 f i keys.obj
 0001:00016b88       ?KeyDown@completeMenu_t@@UAEPBDH@Z 00417b88 f i keys.obj
 0001:00016bb4       ?Init@completeMenu_t@@UAE_NXZ 00417bb4 f i keys.obj
 0001:00016cdb       ?CompleteMenuCallback@completeMenu_t@@SAXPAX@Z 00417cdb f i keys.obj
 0001:00016d6c       ?CompleteCommand@@YAXXZ    00417d6c f   keys.obj
 0001:0001747d       ?Key_SetBinding@@YAXHPBD@Z 0041847d f   keys.obj
 0001:000174bd       ?Key_FindBinding@@YAHPBDPAHH@Z 004184bd f   keys.obj
 0001:0001750b       ?Key_WriteBindings@@YAXPAVCOutputDevice@@@Z 0041850b f   keys.obj
 0001:00017555       ?Key_Init@@YAXXZ           00418555 f   keys.obj
 0001:00017839       ?Key_Event@@YAXH_N@Z       00418839 f   keys.obj
 0001:00017b98       ?Key_ClearStates@@YAXXZ    00418b98 f   keys.obj
 0001:00017bcd       ?M_ForceMenuOn@@YAXXZ      00418bcd f   menu.obj
 0001:00017bec       ?Draw@menuMain_t@@UAEXXZ   00418bec f i menu.obj
 0001:00017d28       ?KeyDown@menuMain_t@@UAEPBDH@Z 00418d28 f i menu.obj
 0001:00017de9       ?Init@menuMain_t@@UAE_NXZ  00418de9 f i menu.obj
 0001:00017df1       ?M_Menu_Main_f@@YAXXZ      00418df1 f   menu.obj
 0001:00017e0b       ?Init@multiplayerMenu_t@@UAE_NXZ 00418e0b f i menu.obj
 0001:00017f2f       ?Init@keysMenu_t@@UAE_NXZ  00418f2f f i menu.obj
 0001:0001811d       ?KeyCursorDrawFunc@keysMenu_t@@SAXPAUmenuFramework_t@@@Z 0041911d f i menu.obj
 0001:00018160       ?DrawKeyBindingFunc@keysMenu_t@@SAXPAX@Z 00419160 f i menu.obj
 0001:00018227       ?KeyDown@keysMenu_t@@UAEPBDH@Z 00419227 f i menu.obj
 0001:000182d4       ?UnbindCommand@keysMenu_t@@QAEXPAD@Z 004192d4 f i menu.obj
 0001:00018319       ?KeyBindingFunc@keysMenu_t@@QAEXPAX@Z 00419319 f i menu.obj
 0001:0001837b       ?Init@optionsMenu_t@@UAE_NXZ 0041937b f i menu.obj
 0001:0001872e       ?CrosshairFunc@optionsMenu_t@@SAXPAX@Z 0041972e f i menu.obj
 0001:00018756       ?JoystickFunc@optionsMenu_t@@SAXPAX@Z 00419756 f i menu.obj
 0001:0001876b       ?AlwaysRunFunc@optionsMenu_t@@SAXPAX@Z 0041976b f i menu.obj
 0001:00018780       ?MouseSpeedFunc@optionsMenu_t@@SAXPAX@Z 00419780 f i menu.obj
 0001:0001879d       ?InvertMouseFunc@optionsMenu_t@@SAXPAX@Z 0041979d f i menu.obj
 0001:000187d6       ?UpdateVolumeFunc@optionsMenu_t@@SAXPAX@Z 004197d6 f i menu.obj
 0001:000187f3       ?UpdateCDVolumeFunc@optionsMenu_t@@SAXPAX@Z 004197f3 f i menu.obj
 0001:0001880d       ?SetMenuItemValues@optionsMenu_t@@SAXXZ 0041980d f i menu.obj
 0001:00018955       ?ResetDefaultsFunc@optionsMenu_t@@SAXPAX@Z 00419955 f i menu.obj
 0001:0001896a       ?UpdateSoundFunc@optionsMenu_t@@SAXPAX@Z 0041996a f i menu.obj
 0001:00018b6e       ?ScanCrosshairs@optionsMenu_t@@SAXXZ 00419b6e f i menu.obj
 0001:00018bcb       ?Draw@optionsMenu_t@@UAEXXZ 00419bcb f i menu.obj
 0001:00018c30       ?Draw@creditsMenu_t@@UAEXXZ 00419c30 f i menu.obj
 0001:00018cd7       ?KeyDown@creditsMenu_t@@UAEPBDH@Z 00419cd7 f i menu.obj
 0001:00018d17       ?Init@creditsMenu_t@@UAE_NXZ 00419d17 f i menu.obj
 0001:00018d98       ?Init@gameMenu_t@@UAE_NXZ  00419d98 f i menu.obj
 0001:00018f23       ?EasyGameFunc@gameMenu_t@@SAXPAX@Z 00419f23 f i menu.obj
 0001:00018f2f       ?StartGame@gameMenu_t@@SAXPBD@Z 00419f2f f i menu.obj
 0001:00018f8a       ?MediumGameFunc@gameMenu_t@@SAXPAX@Z 00419f8a f i menu.obj
 0001:00018f96       ?HardGameFunc@gameMenu_t@@SAXPAX@Z 00419f96 f i menu.obj
 0001:00018fb2       ?Init@savegameMenu_t@@UAE_NXZ 00419fb2 f i menu.obj
 0001:000190c2       ?Create_Savestrings@savegameMenu_t@@QAEXXZ 0041a0c2 f i menu.obj
 0001:00019182       ?LoadGameCallback@savegameMenu_t@@SAXPAX@Z 0041a182 f i menu.obj
 0001:000191af       ?SaveGameCallback@savegameMenu_t@@SAXPAX@Z 0041a1af f i menu.obj
 0001:000191d2       ?Draw@savegameMenu_t@@UAEXXZ 0041a1d2 f i menu.obj
 0001:000191ed       ?DrawSavegameShot@savegameMenu_t@@QAEXHH@Z 0041a1ed f i menu.obj
 0001:000192c8       ?Init@joinserverMenu_t@@UAE_NXZ 0041a2c8 f i menu.obj
 0001:000193ff       ?JoinServerFunc@joinserverMenu_t@@SAXPAX@Z 0041a3ff f i menu.obj
 0001:00019464       ?SearchLocalGames@joinserverMenu_t@@SAXXZ 0041a464 f i menu.obj
 0001:000194cf       ?M_AddToServerList@@YAXUnetadr_t@@PAD@Z 0041a4cf f   menu.obj
 0001:0001955a       ?Init@startserverMenu_t@@UAE_NXZ 0041a55a f i menu.obj
 0001:000199e8       ?DMOptionsFunc@startserverMenu_t@@SAXPAX@Z 0041a9e8 f i menu.obj
 0001:000199f8       ?RulesChangeFunc@startserverMenu_t@@SAXPAX@Z 0041a9f8 f i menu.obj
 0001:00019a70       ?StartServerActionFunc@startserverMenu_t@@SAXPAX@Z 0041aa70 f i menu.obj
 0001:00019a9b       ?StartServerFunc@startserverMenu_t@@SAXPBD@Z 0041aa9b f i menu.obj
 0001:00019c77       ?KeyDown@startserverMenu_t@@UAEPBDH@Z 0041ac77 f i menu.obj
 0001:00019cd6       ?Init@dmoptionsMenu_t@@UAE_NXZ 0041acd6 f i menu.obj
 0001:0001a2b3       ?DMFlagCallback@dmoptionsMenu_t@@SAXPAX@Z 0041b2b3 f i menu.obj
 0001:0001a491       ?Init@downloadOptionsMenu_t@@UAE_NXZ 0041b491 f i menu.obj
 0001:0001a66b       ?DownloadCallback@downloadOptionsMenu_t@@SAXPAX@Z 0041b66b f i menu.obj
 0001:0001a6d9       ?Init@addressBookMenu_t@@UAE_NXZ 0041b6d9 f i menu.obj
 0001:0001a77f       ?KeyDown@addressBookMenu_t@@UAEPBDH@Z 0041b77f f i menu.obj
 0001:0001a7de       ?Init@playerConfigMenu_t@@UAE_NXZ 0041b7de f i menu.obj
 0001:0001ad25       ?HandednessCallback@playerConfigMenu_t@@SAXPAX@Z 0041bd25 f i menu.obj
 0001:0001ad3a       ?RTypeCallback@playerConfigMenu_t@@SAXPAX@Z 0041bd3a f i menu.obj
 0001:0001ad4f       ?RColorCallback@playerConfigMenu_t@@SAXPAX@Z 0041bd4f f i menu.obj
 0001:0001ad64       ?RateCallback@playerConfigMenu_t@@SAXPAX@Z 0041bd64 f i menu.obj
 0001:0001ad87       ?ModelCallback@playerConfigMenu_t@@SAXPAX@Z 0041bd87 f i menu.obj
 0001:0001adbb       ?SkinCallback@playerConfigMenu_t@@SAXPAX@Z 0041bdbb f i menu.obj
 0001:0001adc3       ?Draw@playerConfigMenu_t@@UAEXXZ 0041bdc3 f i menu.obj
 0001:0001b0a5       ?KeyDown@playerConfigMenu_t@@UAEPBDH@Z 0041c0a5 f i menu.obj
 0001:0001b185       ?Init@dmbrowseMenu_t@@UAE_NXZ 0041c185 f i menu.obj
 0001:0001b38e       ?KeyDown@dmbrowseMenu_t@@UAEPBDH@Z 0041c38e f i menu.obj
 0001:0001b566       ?Draw@dmbrowseMenu_t@@UAEXXZ 0041c566 f i menu.obj
 0001:0001b6b3       ?DrawThumbnail@dmbrowseMenu_t@@SAXHHHHPBD_N@Z 0041c6b3 f i menu.obj
 0001:0001b78d       ?Init@videoMenu_t@@UAE_NXZ 0041c78d f i menu.obj
 0001:0001bd66       ?ScreenSizeCallback@videoMenu_t@@SAXPAX@Z 0041cd66 f i menu.obj
 0001:0001bd87       ?BrightnessCallback@videoMenu_t@@SAXPAX@Z 0041cd87 f i menu.obj
 0001:0001bda8       ?ContrastCallback@videoMenu_t@@SAXPAX@Z 0041cda8 f i menu.obj
 0001:0001bde4       ?CancelChanges@videoMenu_t@@SAXPAX@Z 0041cde4 f i menu.obj
 0001:0001be31       ?KeyDown@videoMenu_t@@UAEPBDH@Z 0041ce31 f i menu.obj
 0001:0001be7a       ?ApplyChanges@videoMenu_t@@SAXPAX@Z 0041ce7a f i menu.obj
 0001:0001c031       ?KeyDown@quitMenu_t@@UAEPBDH@Z 0041d031 f i menu.obj
 0001:0001c06e       ?Draw@quitMenu_t@@UAEXXZ   0041d06e f i menu.obj
 0001:0001c0de       ?M_Init@@YAXXZ             0041d0de f   menu.obj
 0001:0001c2c0       ?ItemAtCursor@menuFramework_t@@QAEPAUmenuCommon_t@@XZ 0041d2c0 f   qmenu.obj
 0001:0001c314       ?AddItem@menuFramework_t@@QAEXPAUmenuCommon_t@@@Z 0041d314 f   qmenu.obj
 0001:0001c3d0       ?AdjustCursor@menuFramework_t@@QAEXH@Z 0041d3d0 f   qmenu.obj
 0001:0001c548       ?Center@menuFramework_t@@QAEXXZ 0041d548 f   qmenu.obj
 0001:0001c589       ?Draw@menuFramework_t@@UAEXXZ 0041d589 f   qmenu.obj
 0001:0001cb42       ?SelectItem@menuFramework_t@@QAE_NXZ 0041db42 f   qmenu.obj
 0001:0001cba7       ?SetStatusBar@menuFramework_t@@QAEXPBD@Z 0041dba7 f   qmenu.obj
 0001:0001cbb4       ?SlideItem@menuFramework_t@@QAEXH@Z 0041dbb4 f   qmenu.obj
 0001:0001d152       ?Push@menuFramework_t@@QAEXXZ 0041e152 f   qmenu.obj
 0001:0001d1d1       ?M_ForceMenuOff@@YAXXZ     0041e1d1 f   qmenu.obj
 0001:0001d1fe       ?Pop@menuFramework_t@@QAEXXZ 0041e1fe f   qmenu.obj
 0001:0001d238       ?KeyDown@menuFramework_t@@UAEPBDH@Z 0041e238 f   qmenu.obj
 0001:0001d4b0       ?Init@menuFramework_t@@UAE_NXZ 0041e4b0 f   qmenu.obj
 0001:0001d4b3       ?M_Draw@@YAXXZ             0041e4b3 f   qmenu.obj
 0001:0001d4ee       ?M_Keydown@@YAXH@Z         0041e4ee f   qmenu.obj
 0001:0001d510       ?InitRendererVars@@YAXXZ   0041e510 f   ref_vars.obj
 0001:0001d52f       ?S_SoundInfo_f@@YAXXZ      0041e52f f   snd_dma.obj
 0001:0001d5a9       ?S_Init@@YAXXZ             0041e5a9 f   snd_dma.obj
 0001:0001d67b       ?S_Shutdown@@YAXXZ         0041e67b f   snd_dma.obj
 0001:0001d70e       ?S_BeginRegistration@@YAXXZ 0041e70e f   snd_dma.obj
 0001:0001d71c       ?S_RegisterSound@@YAPAUsfx_t@@PBD@Z 0041e71c f   snd_dma.obj
 0001:0001d8c7       ?S_EndRegistration@@YAXXZ  0041e8c7 f   snd_dma.obj
 0001:0001d950       ?S_PickChannel@@YAPAUchannel_t@@HH@Z 0041e950 f   snd_dma.obj
 0001:0001d9de       ?S_Spatialize@@YAXPAUchannel_t@@@Z 0041e9de f   snd_dma.obj
 0001:0001dbc0       ?S_AllocPlaysound@@YAPAUplaysound_t@@XZ 0041ebc0 f   snd_dma.obj
 0001:0001dbe2       ?S_FreePlaysound@@YAXPAUplaysound_t@@@Z 0041ebe2 f   snd_dma.obj
 0001:0001dc15       ?S_IssuePlaysound@@YAXPAUplaysound_t@@@Z 0041ec15 f   snd_dma.obj
 0001:0001dce6       ?S_StartSound@@YAXPBUCVec3@@HHPAUsfx_t@@MMM@Z 0041ece6 f   snd_dma.obj
 0001:0001e0a7       ?S_StartLocalSound@@YAXPBD@Z 0041f0a7 f   snd_dma.obj
 0001:0001e0f9       ?S_ClearBuffer@@YAXXZ      0041f0f9 f   snd_dma.obj
 0001:0001e162       ?S_StopAllSounds_f@@YAXXZ  0041f162 f   snd_dma.obj
 0001:0001e1d2       ?S_AddLoopSounds@@YAXXZ    0041f1d2 f   snd_dma.obj
 0001:0001e3a8       ?S_RawSamples@@YAXHHHHPAE@Z 0041f3a8 f   snd_dma.obj
 0001:0001e5ac       ?S_Update@@YAXABUCVec3@@0@Z 0041f5ac f   snd_dma.obj
 0001:0001e682       ?GetSoundtime@@YAXXZ       0041f682 f   snd_dma.obj
 0001:0001e6e9       ?S_Update_@@YAXXZ          0041f6e9 f   snd_dma.obj
 0001:0001e99c       ?S_LoadSound@@YAPAUsfxcache_t@@PAUsfx_t@@@Z 0041f99c f   snd_mem.obj
 0001:0001ef2d       ?S_WriteLinearBlastStereo16@@YAXXZ 0041ff2d f   snd_mix.obj
 0001:0001ef97       ?S_TransferStereo16@@YAXPAKH@Z 0041ff97 f   snd_mix.obj
 0001:0001f002       ?S_TransferPaintBuffer@@YAXH@Z 00420002 f   snd_mix.obj
 0001:0001f166       ?S_PaintChannels@@YAXH@Z   00420166 f   snd_mix.obj
 0001:0001f3e2       ?S_InitScaletable@@YAXXZ   004203e2 f   snd_mix.obj
 0001:0001f527       ?SV_ComputeAnimation@@YAXPAUplayer_state_t@@AAUentityStateEx_t@@PAU2@PAUedict_s@@@Z 00420527 f   sv_anim.obj
 0001:0001f9e4       ?SV_ReadLevelFile@@YAXXZ   004209e4 f   sv_ccmds.obj
 0001:0001fa89       ?SV_AddressBanned@@YA_NPAUnetadr_t@@@Z 00420a89 f   sv_ccmds.obj
 0001:0001facd       ?SV_InitCommands@@YAXXZ    00420acd f   sv_ccmds.obj
 0001:00020f59       ?sprintf@?$TString@$0CI@@@QAAHPBDZZ 00421f59 f i sv_ccmds.obj
 0001:00020f73       ?SV_WriteFrameToClient@@YAXPAUclient_t@@PAVsizebuf_t@@@Z 00421f73 f   sv_ents.obj
 0001:000216a2       ?SV_RecordDemoMessage@@YAXXZ 004226a2 f   sv_ents.obj
 0001:00021870       ?SV_MulticastOld@@YAXABUCVec3@@W4multicast_t@@@Z 00422870 f i sv_game.obj
 0001:00021885       ?SV_StartSoundOld@@YAXPBUCVec3@@PAUedict_s@@HHMMM@Z 00422885 f i sv_game.obj
 0001:000222dd       ?SV_InitGameLibrary@@YAX_N@Z 004232dd f   sv_game.obj
 0001:000225d2       ?SV_ShutdownGameLibrary@@YAXXZ 004235d2 f   sv_game.obj
 0001:0002272f       ?SV_FindIndex@@YAHPBDHH_N@Z 0042372f f   sv_init.obj
 0001:00022846       ?SV_ModelIndex@@YAHPBD@Z   00423846 f   sv_init.obj
 0001:0002285f       ?SV_SoundIndex@@YAHPBD@Z   0042385f f   sv_init.obj
 0001:0002287b       ?SV_ImageIndex@@YAHPBD@Z   0042387b f   sv_init.obj
 0001:00022897       ?SV_CreateBaseline@@YAXXZ  00423897 f   sv_init.obj
 0001:00022914       ?SV_SpawnServer@@YAXPAD0W4server_state_t@@_N2@Z 00423914 f   sv_init.obj
 0001:00022c81       ?SV_InitGame@@YAXXZ        00423c81 f   sv_init.obj
 0001:00022eaa       ?SV_Map@@YAX_NPBD0@Z       00423eaa f   sv_init.obj
 0001:0002306f       ?SV_DropClient@@YAXPAUclient_t@@PAD@Z 0042406f f   sv_main.obj
 0001:00023aa2       ??0COutputDeviceMem@@QAE@H@Z 00424aa2 f i sv_main.obj
 0001:00023ad3       ?Write@COutputDeviceMem@@UAEXPBD@Z 00424ad3 f i sv_main.obj
 0001:00023b5a       ??_ECOutputDeviceMem@@UAEPAXI@Z 00424b5a f i sv_main.obj
 0001:00023b5a       ??_GCOutputDeviceMem@@UAEPAXI@Z 00424b5a f i sv_main.obj
 0001:00023b79       ??1COutputDeviceMem@@UAE@XZ 00424b79 f i sv_main.obj
 0001:00023b98       ?SV_CalcPings@@YAXXZ       00424b98 f   sv_main.obj
 0001:00023c1f       ?SV_GiveMsec@@YAXXZ        00424c1f f   sv_main.obj
 0001:00023c5e       ?SV_ReadPackets@@YAXXZ     00424c5e f   sv_main.obj
 0001:00023e71       ?SV_CheckTimeouts@@YAXXZ   00424e71 f   sv_main.obj
 0001:00023f82       ?SV_PostprocessFrame@@YAXXZ 00424f82 f   sv_main.obj
 0001:00024447       ?SV_MulticastHook@@YAPAVsizebuf_t@@PAV1@0@Z 00425447 f   sv_main.obj
 0001:00024823       ?SV_TraceHook@@YAXAAUtrace0_t@@ABUCVec3@@PBU2@21PAUedict_s@@H@Z 00425823 f   sv_main.obj
 0001:000249b1       ?SV_Frame@@YAXM@Z          004259b1 f   sv_main.obj
 0001:00024c5a       ?SV_UserinfoChanged@@YAXPAUclient_t@@@Z 00425c5a f   sv_main.obj
 0001:00024d1c       ?SV_InitVars@@YAXXZ        00425d1c f   sv_main.obj
 0001:00024d2b       ?SV_Init@@YAXXZ            00425d2b f   sv_main.obj
 0001:00024d84       ?SV_Shutdown@@YAXPBD_N@Z   00425d84 f   sv_main.obj
 0001:00024f91       ?SV_ClientPrintf@@YAXPAUclient_t@@HPBDZZ 00425f91 f   sv_send.obj
 0001:00024fec       ?SV_BroadcastPrintf@@YAXHPBDZZ 00425fec f   sv_send.obj
 0001:000250c2       ?SV_BroadcastCommand@@YAXPBDZZ 004260c2 f   sv_send.obj
 0001:0002511c       ?SV_Multicast@@YAXABUCVec3@@W4multicast_t@@_N@Z 0042611c f   sv_send.obj
 0001:0002531d       ?SV_StartSound@@YAXPBUCVec3@@PAUedict_s@@HHMMM_N@Z 0042631d f   sv_send.obj
 0001:000255b6       ?SV_SendClientDatagram@@YA_NPAUclient_t@@@Z 004265b6 f   sv_send.obj
 0001:00025678       ?SV_DemoCompleted@@YAXXZ   00426678 f   sv_send.obj
 0001:00025694       ?SV_SendClientMessages@@YAXXZ 00426694 f   sv_send.obj
 0001:00025847       ?SV_DrawText3D@@YAXABUCVec3@@PBDI@Z 00426847 f   sv_text.obj
 0001:0002587f       ?SV_ClearTexts@@YAXXZ      0042687f f   sv_text.obj
 0001:00025887       ?SV_DrawTexts@@YAXXZ       00426887 f   sv_text.obj
 0001:000258dc       ??0?$TTextContainer@UCSVText@@$0BAAAA@@@QAE@XZ 004268dc f i sv_text.obj
 0001:00025901       ?SV_TokenizeString@@YAXPBD@Z 00426901 f   sv_tokenize.obj
 0001:000259d8       ?SV_Argc@@YAHXZ            004269d8 f   sv_tokenize.obj
 0001:000259de       ?SV_Argv@@YAPADH@Z         004269de f   sv_tokenize.obj
 0001:000259fc       ?SV_Args@@YAPADXZ          004269fc f   sv_tokenize.obj
 0001:000262c7       ?SV_Nextserver@@YAXXZ      004272c7 f   sv_user.obj
 0001:0002635b       ?SV_ClientThink@@YAXPAUclient_t@@PAUusercmd_t@@@Z 0042735b f   sv_user.obj
 0001:000263ec       ?SV_ExecuteClientMessage@@YAXPAUclient_t@@@Z 004273ec f   sv_user.obj
 0001:0002673c       ?SV_ClearWorld@@YAXXZ      0042773c f   sv_world.obj
 0001:0002687a       ?SV_UnlinkEdict@@YAXPAUedict_s@@@Z 0042787a f   sv_world.obj
 0001:00026940       ?SV_LinkEdict@@YAXPAUedict_s@@@Z 00427940 f   sv_world.obj
 0001:00026f5a       ?SV_AreaEdicts@@YAHABUCVec3@@0PAPAUedict_s@@HH@Z 00427f5a f   sv_world.obj
 0001:000270f8       ?SV_PointContents@@YAHABUCVec3@@@Z 004280f8 f   sv_world.obj
 0001:0002721e       ?SV_Trace@@YAXAAUtrace_t@@ABUCVec3@@1ABUCBox@@PAUedict_s@@H@Z 0042821e f   sv_world.obj
 0001:0002769b       ?InitByteDirs@@YAXXZ       0042869b f   anorms.obj
 0001:000276da       ?Cbuf_AddText@@YAXPBD@Z    004286da f   cmd.obj
 0001:00027740       ?Cbuf_CopyToDefer@@YAXXZ   00428740 f   cmd.obj
 0001:00027788       ?Cbuf_InsertFromDefer@@YAXXZ 00428788 f   cmd.obj
 0001:00027844       ?Cbuf_Execute@@YAXXZ       00428844 f   cmd.obj
 0001:00027954       ?Cmd_Unalias_f@@YAX_NHPAPAD@Z 00428954 f   cmd.obj
 0001:000279cc       ?Cmd_WriteAliases@@YAXPAVCOutputDevice@@@Z 004289cc f   cmd.obj
 0001:000279ff       ?RegisterCommand@@YA_NPBDP6AXXZI@Z 004289ff f   cmd.obj
 0001:00027ae0       ?UnregisterCommand@@YA_NPBD@Z 00428ae0 f   cmd.obj
 0001:00027b71       ?ExecuteCommand@@YA_NPBD@Z 00428b71 f   cmd.obj
 0001:00027fb4       ?ExecuteCommand@@YA_NPBDPBUCSimpleCommand@@H@Z 00428fb4 f   cmd.obj
 0001:000283f6       ?CM_LoadMap@@YAPAUCBspModel@@PBD_NPAI@Z 004293f6 f   cmodel.obj
 0001:00028b15       ?LoadLeafBrushes@@YAXPAGH@Z 00429b15 f i cmodel.obj
 0001:000298b2       ?CM_BuildBrush@@YAPAUCBrush@@HPAVCMemoryChain@@@Z 0042a8b2 f   cmodel.obj
 0001:0002997b       ?CM_InlineModel@@YAPAUCBspModel@@PBD@Z 0042a97b f   cmodel.obj
 0001:000299a6       ?CM_InlineModel@@YAPAUCBspModel@@H@Z 0042a9a6 f   cmodel.obj
 0001:00029a81       ?CM_HeadnodeForBox@@YAHABUCBox@@@Z 0042aa81 f   cmodel.obj
 0001:00029ac9       ?CM_FindLeaf@@YAPBUCBspLeaf@@ABUCVec3@@H@Z 0042aac9 f   cmodel.obj
 0001:00029b78       ?DistanceTo@CPlane@@QBEMABUCVec3@@@Z 0042ab78 f i cmodel.obj
 0001:00029bbd       ?CM_PointContents@@YAHABUCVec3@@H@Z 0042abbd f   cmodel.obj
 0001:00029c1c       ?CM_TransformedPointContents@@YAHABUCVec3@@H00@Z 0042ac1c f   cmodel.obj
 0001:00029cf4       ?CM_TransformedPointContents@@YAHABUCVec3@@H0ABUCAxis@@@Z 0042acf4 f   cmodel.obj
 0001:00029d96       ?CM_BoxLeafs@@YAHABUCBox@@PAPAUCBspLeaf@@HPAHH@Z 0042ad96 f   cmodel.obj
 0001:00029ea8       ?BOX_ON_PLANE_SIDE@@YAHABUCBox@@ABUCPlane@@@Z 0042aea8 f i cmodel.obj
 0001:00029f13       ?CM_BoxTrace@@YAXAAUtrace_t@@ABUCVec3@@1ABUCBox@@HI@Z 0042af13 f   cmodel.obj
 0001:0002a1ef       ?GetVertex@CBox@@QBEXHAAUCVec3@@@Z 0042b1ef f i cmodel.obj
 0001:0002a669       ?SplitTrace@@YAMABUCVec3@@0ABUCPlane@@AAM2_N@Z 0042b669 f i cmodel.obj
 0001:0002ab16       ?CM_TransformedBoxTrace@@YAXAAUtrace_t@@ABUCVec3@@1ABUCBox@@HI11@Z 0042bb16 f   cmodel.obj
 0001:0002ac89       ?CM_TransformedBoxTrace@@YAXAAUtrace_t@@ABUCVec3@@1ABUCBox@@HI1ABUCAxis@@@Z 0042bc89 f   cmodel.obj
 0001:0002ad46       ?CM_CombineTrace@@YA_NAAUtrace_t@@ABU1@@Z 0042bd46 f   cmodel.obj
 0001:0002ad93       ?CM_ClipTraceToModels@@YAXAAUtrace_t@@ABUCVec3@@1ABUCBox@@I@Z 0042bd93 f   cmodel.obj
 0001:0002ae95       ?CM_PointModelContents@@YAHABUCVec3@@@Z 0042be95 f   cmodel.obj
 0001:0002aee4       ?CM_BrushTrace@@YAHABUCVec3@@0PAHH@Z 0042bee4 f   cmodel.obj
 0001:0002b1ea       ?CM_RefineBrushTrace@@YAHABUCVec3@@0PAHH@Z 0042c1ea f   cmodel.obj
 0001:0002b290       ?CM_ClusterPVS@@YAPBEH@Z   0042c290 f   cmodel.obj
 0001:0002b3c8       ?CM_SetAreaPortalState@@YAXH_N@Z 0042c3c8 f   cmodel.obj
 0001:0002b3f0       ?CM_AreasConnected@@YA_NHH@Z 0042c3f0 f   cmodel.obj
 0001:0002b437       ?CM_WriteAreaBits@@YAHPAEH@Z 0042c437 f   cmodel.obj
 0001:0002b4d9       ?CM_WritePortalState@@YAXPAU_iobuf@@@Z 0042c4d9 f   cmodel.obj
 0001:0002b4f6       ?CM_ReadPortalState@@YAXPAU_iobuf@@@Z 0042c4f6 f   cmodel.obj
 0001:0002b518       ?CM_HeadnodeVisible@@YA_NHPBE@Z 0042c518 f   cmodel.obj
 0001:0002b5f5       ??E?$TStringSplitter@$0EA@$0DL@@@QAEXXZ 0042c5f5 f i cmodel.obj
 0001:0002b657       ?LoadNodes@@YAXPAUdBsp2Node_t@@H@Z 0042c657 f i cmodel.obj
 0001:0002b76e       ?LoadNodes@@YAXPAUdBsp1Node_t@@H@Z 0042c76e f i cmodel.obj
 0001:0002b831       ?Com_DPrintf@@YAXPBDZZ     0042c831 f   common.obj
 0001:0002b8aa       ?DebugPrintf@@YAXPBDZZ     0042c8aa f   common.obj
 0001:0002b959       ?IPWildcard@@YA_NPAUnetadr_t@@PBD@Z 0042c959 f   common.obj
 0001:0002ba33       ?Com_ServerState@@YA?AW4server_state_t@@XZ 0042ca33 f   common.obj
 0001:0002ba39       ?Com_SetServerState@@YAXW4server_state_t@@@Z 0042ca39 f   common.obj
 0001:0002ba46       ?crand@@YAMXZ              0042ca46 f   common.obj
 0001:0002ba64       ?Info_ValueForKey@@YAPBDPBD0@Z 0042ca64 f   common.obj
 0001:0002bae3       ?Info_SetValueForKey@@YAXPADPBD1@Z 0042cae3 f   common.obj
 0001:0002bc1a       ?Info_Print@@YAXPBD@Z      0042cc1a f   common.obj
 0001:0002bca0       ?LerpAngle@@YAMMMM@Z       0042cca0 f   common.obj
 0001:0002bce4       ?ReduceAngle@@YAMM@Z       0042cce4 f   common.obj
 0001:0002bd10       ?AngleSubtract@@YAMMM@Z    0042cd10 f   common.obj
 0001:0002bd49       ?AnglesSubtract@@YAXABUCVec3@@0AAU1@@Z 0042cd49 f   common.obj
 0001:0002bda2       ?COM_Parse@@YAPADAAPBD_N@Z 0042cda2 f   common.obj
 0001:0002bec4       ?COM_QuoteString@@YAPBDPBD_N@Z 0042cec4 f   common.obj
 0001:0002bf21       ?Com_CheckCmdlineVar@@YA_NPBD@Z 0042cf21 f   common.obj
 0001:0002bf7a       ?Com_Init@@YAXPBD@Z        0042cf7a f   common.obj
 0001:0002c321       ?Com_Frame@@YAXM@Z         0042d321 f   common.obj
 0001:0002c721       ?Com_BlockSequenceCRCByte@@YAEPAEHH@Z 0042d721 f   crc.obj
 0001:0002c7d9       ?Cvar_VariableValue@@YAMPBD@Z 0042d7d9 f   cvar.obj
 0001:0002c850       ?Cvar_VariableInt@@YAHPBD@Z 0042d850 f   cvar.obj
 0001:0002c867       ?Cvar_VariableString@@YAPBDPBD@Z 0042d867 f   cvar.obj
 0001:0002c883       ?Cvar_Get@@YAPAUcvar_t@@PBD0H@Z 0042d883 f   cvar.obj
 0001:0002cb50       ?Cvar_GetVars@@YAXPBUcvarInfo_t@@H@Z 0042db50 f   cvar.obj
 0001:0002cbfa       ?Cvar_FullSet@@YAXPAUcvar_t@@PBDI@Z 0042dbfa f   cvar.obj
 0001:0002cc1a       ?Cvar_FullSet@@YAPAUcvar_t@@PBD0I@Z 0042dc1a f   cvar.obj
 0001:0002cc5a       ?Cvar_SetValue@@YAPAUcvar_t@@PBDM@Z 0042dc5a f   cvar.obj
 0001:0002cdf3       ?Cvar_SetInteger@@YAPAUcvar_t@@PBDH@Z 0042ddf3 f   cvar.obj
 0001:0002ce17       ?Cvar_Set@@YAPAUcvar_t@@PBD0@Z 0042de17 f   cvar.obj
 0001:0002ce2e       ?Cvar_ForceSet@@YAPAUcvar_t@@PBD0@Z 0042de2e f   cvar.obj
 0001:0002ce45       ?Cvar_Clamp@@YAMPAUcvar_t@@MM@Z 0042de45 f   cvar.obj
 0001:0002cea3       ?Cvar_Command@@YA_NHPAPAD@Z 0042dea3 f   cvar.obj
 0001:0002cf3e       ?IsDefault@cvar_t@@QAE_NXZ 0042df3e f i cvar.obj
 0001:0002cf5b       ?Cvar_WriteVariables@@YAXPAVCOutputDevice@@HHPBD@Z 0042df5b f   cvar.obj
 0001:0002cfe1       ?Cvar_BitInfo@@YAPBDI@Z    0042dfe1 f   cvar.obj
 0001:0002d033       ?Cvar_Cheats@@YAX_N@Z      0042e033 f   cvar.obj
 0001:0002d8aa       ?MSG_WriteDeltaEntity@@YAXPAVsizebuf_t@@PBUentityStateEx_t@@PAU2@_N33@Z 0042e8aa f   entdelta.obj
 0001:0002de66       ?MSG_WriteRemoveEntity@@YAXPAVsizebuf_t@@H@Z 0042ee66 f   entdelta.obj
 0001:0002dea6       ?MSG_ReadEntityBits@@YAHPAVsizebuf_t@@PAIPA_N@Z 0042eea6 f   entdelta.obj
 0001:0002df18       ?MSG_ReadDeltaEntity@@YAXPAVsizebuf_t@@PBUentityStateEx_t@@PAU2@I@Z 0042ef18 f   entdelta.obj
 0001:0002df9b       ?MSG_WriteDeltaUsercmd@@YAXPAVsizebuf_t@@PBUusercmd_t@@PAU2@@Z 0042ef9b f   entdelta.obj
 0001:0002e02a       ?MSG_ReadDeltaUsercmd@@YAXPAVsizebuf_t@@PBUusercmd_t@@PAU2@@Z 0042f02a f   entdelta.obj
 0001:0002e32d       ?MSG_WriteDeltaPlayerstate@@YAXPAVsizebuf_t@@PBUplayer_state_t@@PAU2@@Z 0042f32d f   entdelta.obj
 0001:0002e436       ?MSG_ReadDeltaPlayerstate@@YAXPAVsizebuf_t@@PBUplayer_state_t@@PAU2@@Z 0042f436 f   entdelta.obj
 0001:0002e4f0       ?ProcessEntstring@@YAPBDPBD@Z 0042f4f0 f   EntityParser.obj
 0001:0002f90b       ?Inflate@CBox@@QAEXM@Z     0043090b f i EntityParser.obj
 0001:0003069f       ?LoadPCX@@YAPAEPBDAAH1AAPAE@Z 0043169f f   images.obj
 0001:000307da       ?LoadTGA@@YAPAEPBDAAH1@Z   004317da f   images.obj
 0001:00030a6e       ?LoadJPG@@YAPAEPBDAAH1@Z   00431a6e f   images.obj
 0001:00030d22       ?ImageExists@@YAHPBDH@Z    00431d22 f   images.obj
 0001:00030e46       ?WriteTGA@@YA_NPBDPAEHH@Z  00431e46 f   images.obj
 0001:0003103a       ?WriteJPG@@YA_NPBDPAEHH_N@Z 0043203a f   images.obj
 0001:0003116b       ??0CBrush@@QAE@ABUCBox@@@Z 0043216b f   MapBrush.obj
 0001:000312bc       ?Split@CBrush@@QAEPAU1@PAUCPlane@@@Z 004322bc f   MapBrush.obj
 0001:00031d0e       ?GetVec@CAllocVertexPool@@QAEPAUCVec3@@ABU2@@Z 00432d0e f i MapBrush.obj
 0001:00031da2       ?GetBounds@CBrush@@QAEXAAUCBox@@@Z 00432da2 f   MapBrush.obj
 0001:00031e24       ?AddBevels@CBrush@@QAEXP6APAUCPlane@@ABUCVec3@@M@Z@Z 00432e24 f   MapBrush.obj
 0001:00032118       ?Negate@CVec3@@QAEXXZ      00433118 f i MapBrush.obj
 0001:00032126       ?MD4Init@@YAXPAUMD4_CTX@@@Z 00433126 f   md4.obj
 0001:0003214e       ?MD4Update@@YAXPAUMD4_CTX@@PAEI@Z 0043314e f   md4.obj
 0001:000321ec       ?MD4Final@@YAXQAEPAUMD4_CTX@@@Z 004331ec f   md4.obj
 0001:000328dd       ?Com_BlockChecksum@@YAIPAXH@Z 004338dd f   md4.obj
 0001:00032919       ?LoadQ2BspFile@@YAXXZ      00433919 f   model.obj
 0001:00032e8e       ?LoadQ1BspFile@@YAXXZ      00433e8e f   model.obj
 0001:0003324a       ?LoadQ3BspFile@@YAXXZ      0043424a f   model.obj
 0001:000334ab       ?LoadBspFile@@YAPAUbspfile_t@@PBD_NPAI@Z 004344ab f   model.obj
 0001:000336b2       ?Init@sizebuf_t@@QAEXPAXH@Z 004346b2 f   msg.obj
 0001:000336cf       ?Write@sizebuf_t@@QAEXPBXH@Z 004346cf f   msg.obj
 0001:00033741       ?MSG_WriteByte@@YAXPAVsizebuf_t@@H@Z 00434741 f   msg.obj
 0001:00033741       ?MSG_WriteChar@@YAXPAVsizebuf_t@@H@Z 00434741 f   msg.obj
 0001:00033754       ?MSG_WriteShort@@YAXPAVsizebuf_t@@H@Z 00434754 f   msg.obj
 0001:00033767       ?MSG_WriteLong@@YAXPAVsizebuf_t@@H@Z 00434767 f   msg.obj
 0001:0003377a       ?MSG_WriteFloat@@YAXPAVsizebuf_t@@M@Z 0043477a f   msg.obj
 0001:0003378d       ?MSG_WriteString@@YAXPAVsizebuf_t@@PBD@Z 0043478d f   msg.obj
 0001:000337b7       ?MSG_WritePos@@YAXPAVsizebuf_t@@ABUCVec3@@@Z 004347b7 f   msg.obj
 0001:0003381b       ?MSG_WriteAngle@@YAXPAVsizebuf_t@@M@Z 0043481b f   msg.obj
 0001:00033846       ?MSG_WriteAngle16@@YAXPAVsizebuf_t@@M@Z 00434846 f   msg.obj
 0001:00033871       ?MSG_WriteDir@@YAXPAVsizebuf_t@@ABUCVec3@@@Z 00434871 f   msg.obj
 0001:000338d9       ?MSG_ReadDir@@YAXPAVsizebuf_t@@AAUCVec3@@@Z 004348d9 f   msg.obj
 0001:0003390c       ?MSG_ReadChar@@YAHPAVsizebuf_t@@@Z 0043490c f   msg.obj
 0001:0003392f       ?MSG_ReadByte@@YAHPAVsizebuf_t@@@Z 0043492f f   msg.obj
 0001:00033957       ?MSG_ReadShort@@YAHPAVsizebuf_t@@@Z 00434957 f   msg.obj
 0001:00033980       ?MSG_ReadLong@@YAHPAVsizebuf_t@@@Z 00434980 f   msg.obj
 0001:000339a2       ?MSG_ReadString@@YAPADPAVsizebuf_t@@@Z 004349a2 f   msg.obj
 0001:000339d8       ?MSG_ReadPos@@YAXPAVsizebuf_t@@AAUCVec3@@@Z 004349d8 f   msg.obj
 0001:00033a2a       ?MSG_ReadAngle@@YAMPAVsizebuf_t@@@Z 00434a2a f   msg.obj
 0001:00033a44       ?MSG_ReadAngle16@@YAMPAVsizebuf_t@@@Z 00434a44 f   msg.obj
 0001:00033a5e       ?MSG_ReadData@@YAXPAVsizebuf_t@@PAXH@Z 00434a5e f   msg.obj
 0001:00033a81       ?Netchan_Init@@YAXXZ       00434a81 f   net_chan.obj
 0001:00033af0       ?Netchan_OutOfBandPrint@@YAXW4netsrc_t@@Unetadr_t@@PBDZZ 00434af0 f   net_chan.obj
 0001:00033b75       ?Setup@netchan_t@@QAEXW4netsrc_t@@Unetadr_t@@H@Z 00434b75 f   net_chan.obj
 0001:00033bcb       ?NeedReliable@netchan_t@@QAE_NXZ 00434bcb f   net_chan.obj
 0001:00033bf0       ?Transmit@netchan_t@@QAEXPAXH@Z 00434bf0 f   net_chan.obj
 0001:00033d86       ?Process@netchan_t@@QAE_NPAVsizebuf_t@@@Z 00434d86 f   net_chan.obj
 0001:00033eb3       ?Pmove@@YAXPAUpmove_t@@@Z  00434eb3 f   pmove.obj
 0001:00035b29       ?FileExists@CQuakeFileSystem@@UAE_NPBDI@Z 00436b29 f i QuakeFileSystem.obj
 0001:00035b90       ?CheckFilename@CQuakeFileSystem@@AAEXPBD@Z 00436b90 f i QuakeFileSystem.obj
 0001:00035c2f       ?OpenFile@CQuakeFileSystem@@UAEPAVCFile@@PBDI@Z 00436c2f f i QuakeFileSystem.obj
 0001:00035cbf       ?List@CQuakeFileSystem@@UAEPAVCFileList@@PBDIPAV2@@Z 00436cbf f i QuakeFileSystem.obj
 0001:00035d51       ??_ECFileSystem@@UAEPAXI@Z 00436d51 f i QuakeFileSystem.obj
 0001:00035d51       ??_ECQuakeFileSystem@@UAEPAXI@Z 00436d51 f i QuakeFileSystem.obj
 0001:00035d51       ??_GCQuakeFileSystem@@UAEPAXI@Z 00436d51 f i QuakeFileSystem.obj
 0001:00035d51       ??_GCFileSystem@@UAEPAXI@Z 00436d51 f i QuakeFileSystem.obj
 0001:00035d71       ?FS_Gamedir@@YAPBDXZ       00436d71 f   QuakeFileSystem.obj
 0001:00035d77       ?FS_NextPath@@YAPBDPBD@Z   00436d77 f   QuakeFileSystem.obj
 0001:00035dbb       ?FS_CopyFile@@YAXPBD0@Z    00436dbb f   QuakeFileSystem.obj
 0001:00035e91       ?FS_CopyFiles@@YAXPBD0@Z   00436e91 f   QuakeFileSystem.obj
 0001:00035fab       ?FS_RemoveFiles@@YAXPBD@Z  00436fab f   QuakeFileSystem.obj
 0001:00036066       ?InitFileSystem@@YAXXZ     00437066 f   QuakeFileSystem.obj
 0001:0003619a       ?Create@CFileContainerPak@@SAPAVCFileContainer@@PBDPAU_iobuf@@@Z 0043719a f i QuakeFileSystem.obj
 0001:00036303       ??0CFileContainerArc@@QAE@XZ 00437303 f i QuakeFileSystem.obj
 0001:0003634a       ??_GCFileContainerArc@@UAEPAXI@Z 0043734a f i QuakeFileSystem.obj
 0001:0003634a       ??_ECFileContainerArc@@UAEPAXI@Z 0043734a f i QuakeFileSystem.obj
 0001:00036379       ?GetType@CFileContainerPak@@MAEPBDXZ 00437379 f i QuakeFileSystem.obj
 0001:0003637f       ?OpenLocalFile@CFileContainerPak@@MAEPAVCFile@@ABVCStringItem@@@Z 0043737f f i QuakeFileSystem.obj
 0001:000363cf       ?Read@CFilePak@CFileContainerPak@@UAEHPAXH@Z 004373cf f i QuakeFileSystem.obj
 0001:00036409       ?GetSize@CFilePak@CFileContainerPak@@UAEHXZ 00437409 f i QuakeFileSystem.obj
 0001:00036410       ?Eof@CFilePak@CFileContainerPak@@UAE_NXZ 00437410 f i QuakeFileSystem.obj
 0001:0003641d       ??_GCFilePak@CFileContainerPak@@UAEPAXI@Z 0043741d f i QuakeFileSystem.obj
 0001:0003641d       ??_ECFilePak@CFileContainerPak@@UAEPAXI@Z 0043741d f i QuakeFileSystem.obj
 0001:00036452       ??_ECFileContainerPak@@UAEPAXI@Z 00437452 f i QuakeFileSystem.obj
 0001:00036452       ??_GCFileContainerPak@@UAEPAXI@Z 00437452 f i QuakeFileSystem.obj
 0001:00036481       ?Create@CFileContainerZip@@SAPAVCFileContainer@@PBDPAU_iobuf@@@Z 00437481 f i QuakeFileSystem.obj
 0001:00036780       ?GetType@CFileContainerZip@@MAEPBDXZ 00437780 f i QuakeFileSystem.obj
 0001:00036786       ?OpenLocalFile@CFileContainerZip@@MAEPAVCFile@@ABVCStringItem@@@Z 00437786 f i QuakeFileSystem.obj
 0001:00036822       ??0CFilePak@CFileContainerZip@@QAE@ABVCFileInfo@1@PAU_iobuf@@@Z 00437822 f i QuakeFileSystem.obj
 0001:00036874       ?Read@CFilePak@CFileContainerZip@@UAEHPAXH@Z 00437874 f i QuakeFileSystem.obj
 0001:000369bd       ?GetSize@CFilePak@CFileContainerZip@@UAEHXZ 004379bd f i QuakeFileSystem.obj
 0001:000369c7       ?Eof@CFilePak@CFileContainerZip@@UAE_NXZ 004379c7 f i QuakeFileSystem.obj
 0001:000369da       ??_GCFilePak@CFileContainerZip@@UAEPAXI@Z 004379da f i QuakeFileSystem.obj
 0001:000369da       ??_ECFilePak@CFileContainerZip@@UAEPAXI@Z 004379da f i QuakeFileSystem.obj
 0001:000369f9       ??1CFilePak@CFileContainerZip@@UAE@XZ 004379f9 f i QuakeFileSystem.obj
 0001:00036a68       ??_ECFileContainerZip@@UAEPAXI@Z 00437a68 f i QuakeFileSystem.obj
 0001:00036a68       ??_GCFileContainerZip@@UAEPAXI@Z 00437a68 f i QuakeFileSystem.obj
 0001:00036a97       ?Mount@CZResource@@SAPAVCFileContainer@@PBDPBE0PAVCFileSystem@@@Z 00437a97 f i QuakeFileSystem.obj
 0001:00036c43       ?GetType@CZResource@@MAEPBDXZ 00437c43 f i QuakeFileSystem.obj
 0001:00036c49       ?OpenLocalFile@CZResource@@MAEPAVCFile@@ABVCStringItem@@@Z 00437c49 f i QuakeFileSystem.obj
 0001:00036c7a       ??0CFileRes@CZResource@@QAE@ABVCFileInfo@1@PBXH@Z 00437c7a f i QuakeFileSystem.obj
 0001:00036d2d       ?Read@CFileRes@CZResource@@UAEHPAXH@Z 00437d2d f i QuakeFileSystem.obj
 0001:00036d80       ?GetSize@CFileRes@CZResource@@UAEHXZ 00437d80 f i QuakeFileSystem.obj
 0001:00036d87       ?Eof@CFileRes@CZResource@@UAE_NXZ 00437d87 f i QuakeFileSystem.obj
 0001:00036d94       ??_GCFileRes@CZResource@@UAEPAXI@Z 00437d94 f i QuakeFileSystem.obj
 0001:00036d94       ??_ECFileRes@CZResource@@UAEPAXI@Z 00437d94 f i QuakeFileSystem.obj
 0001:00036dc6       ??_GCZResource@@UAEPAXI@Z  00437dc6 f i QuakeFileSystem.obj
 0001:00036dc6       ??_ECZResource@@UAEPAXI@Z  00437dc6 f i QuakeFileSystem.obj
 0001:00036df5       ?MountGame@CQuakeFileSystem@@QAEXPBD@Z 00437df5 f i QuakeFileSystem.obj
 0001:00036e40       ?SetGameDir@CQuakeFileSystem@@QAE_NPBD@Z 00437e40 f i QuakeFileSystem.obj
 0001:00037042       ?FS_Tick@@YAXXZ            00438042 f   QuakeFileSystem.obj
 0001:0003718f       ?CDAudio_Play@@YAXH_N@Z    0043818f f   cd_win.obj
 0001:00037382       ?CDAudio_Stop@@YAXXZ       00438382 f   cd_win.obj
 0001:00037443       ?CDAudio_Update@@YAXXZ     00438443 f   cd_win.obj
 0001:000374e6       ?CDAudio_Init@@YA_NXZ      004384e6 f   cd_win.obj
 0001:00037907       ?CDAudio_Shutdown@@YAXXZ   00438907 f   cd_win.obj
 0001:0003792a       ?CDAudio_Activate@@YAX_N@Z 0043892a f   cd_win.obj
 0001:00037941       ?IN_Init@@YAXXZ            00438941 f   in_win.obj
 0001:00037bce       ?IN_Shutdown@@YAXXZ        00438bce f   in_win.obj
 0001:00037e2f       ?IN_Activate@@YAX_N@Z      00438e2f f   in_win.obj
 0001:00037e3c       ?IN_Frame@@YAXXZ           00438e3c f   in_win.obj
 0001:0003819e       ?IN_Move@@YAXPAUusercmd_t@@@Z 0043919e f   in_win.obj
 0001:00038649       ?NET_CompareAdr@@YA_NPAUnetadr_t@@0@Z 00439649 f   net_wins.obj
 0001:00038684       ?NET_CompareBaseAdr@@YA_NPAUnetadr_t@@0@Z 00439684 f   net_wins.obj
 0001:000386b1       ?NET_AdrToString@@YAPBDPAUnetadr_t@@@Z 004396b1 f   net_wins.obj
 0001:000386f7       ?NET_StringToAdr@@YA_NPBDPAUnetadr_t@@F@Z 004396f7 f   net_wins.obj
 0001:0003880d       ?NET_IsLocalAddress@@YA_NPAUnetadr_t@@@Z 0043980d f   net_wins.obj
 0001:0003881c       ?NET_GetPacket@@YA_NW4netsrc_t@@PAUnetadr_t@@PAVsizebuf_t@@@Z 0043981c f   net_wins.obj
 0001:0003899b       ?NET_SendPacket@@YAXW4netsrc_t@@HPAXUnetadr_t@@@Z 0043999b f   net_wins.obj
 0001:00038ab9       ?NET_Config@@YAX_N@Z       00439ab9 f   net_wins.obj
 0001:00038c94       ?NET_Init@@YAXXZ           00439c94 f   net_wins.obj
 0001:00038d47       ?SNDDMA_Init@@YA_NXZ       00439d47 f   snd_win.obj
 0001:00039392       ?SNDDMA_GetDMAPos@@YAHXZ   0043a392 f   snd_win.obj
 0001:000393dc       ?SNDDMA_BeginPainting@@YAXXZ 0043a3dc f   snd_win.obj
 0001:000394fb       ?SNDDMA_Submit@@YAXXZ      0043a4fb f   snd_win.obj
 0001:00039520       ?SNDDMA_Shutdown@@YAXXZ    0043a520 f   snd_win.obj
 0001:00039525       ?S_Activate@@YAX_N@Z       0043a525 f   snd_win.obj
 0001:00039578       ?Write@COutputDeviceWin32Console@@UAEXPBD@Z 0043a578 f i sys_win.obj
 0001:000395f0       ?EraseInput@COutputDeviceWin32Console@@QAEXXZ 0043a5f0 f i sys_win.obj
 0001:00039676       ??_ECOutputDeviceWin32Console@@UAEPAXI@Z 0043a676 f i sys_win.obj
 0001:00039676       ??_GCOutputDeviceWin32Console@@UAEPAXI@Z 0043a676 f i sys_win.obj
 0001:00039696       ?Sys_ConsoleInput@@YAPADXZ 0043a696 f   sys_win.obj
 0001:0003991f       ?Sys_ProcessMessages@@YAXXZ 0043a91f f   sys_win.obj
 0001:000399d8       _WinMain@16                0043a9d8 f   sys_win.obj
 0001:00039ce0       ??_ECOutputDeviceCon@@UAEPAXI@Z 0043ace0 f i sys_win.obj
 0001:00039ce0       ??_GCOutputDeviceCon@@UAEPAXI@Z 0043ace0 f i sys_win.obj
 0001:00039d88       ?Init@COutputDeviceWin32Console@@QAEXXZ 0043ad88 f i sys_win.obj
 0001:00039db2       ?AddMsgHook@@YAXP6A_NIIJ@Z@Z 0043adb2 f   vid_dll.obj
 0001:00039df9       ?RemoveMsgHook@@YAXP6A_NIIJ@Z@Z 0043adf9 f   vid_dll.obj
 0001:00039e2c       ?Vid_CreateWindow@@YAPAXHH_N@Z 0043ae2c f   vid_dll.obj
 0001:0003a54e       ?Vid_DestroyWindow@@YAX_N@Z 0043b54e f   vid_dll.obj
 0001:0003a58d       ?Vid_Restart@@YAXXZ        0043b58d f   vid_dll.obj
 0001:0003a599       ?Vid_GetModeInfo@@YA_NPAH0H@Z 0043b599 f   vid_dll.obj
 0001:0003a5cb       ?Vid_Tick@@YAXXZ           0043b5cb f   vid_dll.obj
 0001:0003a77c       ?Vid_Init@@YAXXZ           0043b77c f   vid_dll.obj
 0001:0003a81f       ?Vid_Shutdown@@YAXXZ       0043b81f f   vid_dll.obj
 0001:0003a83e       ?BK_FlushShader@OpenGLDrv@@YAXXZ 0043b83e f   gl_backend.obj
 0001:0003d036       ?Tesselate@surfacePlanar_t@OpenGLDrv@@UAEXAAUrefEntity_t@2@@Z 0043e036 f   gl_backend.obj
 0001:0003d19c       ?Tesselate@surfacePoly_t@OpenGLDrv@@UAEXAAUrefEntity_t@2@@Z 0043e19c f   gl_backend.obj
 0001:0003d2a3       ?Tesselate@surfaceMd3_t@OpenGLDrv@@UAEXAAUrefEntity_t@2@@Z 0043e2a3 f   gl_backend.obj
 0001:0003d851       ?DrawBrush@OpenGLDrv@@YAXPBUCBrush@@PBDH@Z 0043e851 f   gl_backend.obj
 0001:0003d8b4       ?Tesselate@surfaceEntity_t@OpenGLDrv@@UAEXAAUrefEntity_t@2@@Z 0043e8b4 f   gl_backend.obj
 0001:0003d998       ?Tesselate@surfaceParticle_t@OpenGLDrv@@UAEXAAUrefEntity_t@2@@Z 0043e998 f   gl_backend.obj
 0001:0003dbe8       ?BK_DrawScene@OpenGLDrv@@YAXXZ 0043ebe8 f   gl_backend.obj
 0001:0003e3f5       ?BK_DrawPic@OpenGLDrv@@YAXPAVshader_t@1@HHHHMMMMIE@Z 0043f3f5 f   gl_backend.obj
 0001:0003e5d6       ?BK_DrawText@OpenGLDrv@@YAXPBDHHHHHI@Z 0043f5d6 f   gl_backend.obj
 0001:0003e7cb       ?BK_BeginFrame@OpenGLDrv@@YAXXZ 0043f7cb f   gl_backend.obj
 0001:0003e82f       ?BK_EndFrame@OpenGLDrv@@YAXXZ 0043f82f f   gl_backend.obj
 0001:0003e884       ?BK_Init@OpenGLDrv@@YAXXZ  0043f884 f   gl_backend.obj
 0001:0003e8b3       ?BK_Shutdown@OpenGLDrv@@YAXXZ 0043f8b3 f   gl_backend.obj
 0001:0003e8cb       ?AllocDynamicMemory@OpenGLDrv@@YAPAXH@Z 0043f8cb f   gl_buffers.obj
 0001:0003e939       ?ResizeDynamicMemory@OpenGLDrv@@YAXPAXH@Z 0043f939 f   gl_buffers.obj
 0001:0003e97d       ?AddSurfaceToPortal@OpenGLDrv@@YAXPAVsurfaceBase_t@1@PAVshader_t@1@HH@Z 0043f97d f   gl_buffers.obj
 0001:0003e9ee       ?InsertShaderIndex@OpenGLDrv@@YAXH@Z 0043f9ee f   gl_buffers.obj
 0001:0003ea2a       ?ClearPortal@OpenGLDrv@@YAXXZ 0043fa2a f   gl_buffers.obj
 0001:0003ea48       ?SortSurfaces@OpenGLDrv@@YAXPAUviewPortal_t@1@PAPAUsurfaceInfo_t@1@@Z 0043fa48 f   gl_buffers.obj
 0001:0003ebda       ?ClearBuffers@OpenGLDrv@@YAXXZ 0043fbda f   gl_buffers.obj
 0001:0003ebf1       ?CreateBuffers@OpenGLDrv@@YAXXZ 0043fbf1 f   gl_buffers.obj
 0001:0003ec17       ?FreeBuffers@OpenGLDrv@@YAXXZ 0043fc17 f   gl_buffers.obj
 0001:0003ec3b       ?InitEntity@model_t@OpenGLDrv@@UAE_NPAUentity_t@@PAUrefEntity_t@2@@Z 0043fc3b f   gl_frontend.obj
 0001:0003ec40       ?AddSurfaces@model_t@OpenGLDrv@@UAEXPAUrefEntity_t@2@@Z 0043fc40 f   gl_frontend.obj
 0001:0003ec71       ?GetLeaf@model_t@OpenGLDrv@@UAEPBUCBspLeaf@@PAUrefEntity_t@2@@Z 0043fc71 f   gl_frontend.obj
 0001:0003ec88       ?DrawLabel@model_t@OpenGLDrv@@UAEXPAUrefEntity_t@2@@Z 0043fc88 f   gl_frontend.obj
 0001:0003ec8b       ?InitEntity@inlineModel_t@OpenGLDrv@@UAE_NPAUentity_t@@PAUrefEntity_t@2@@Z 0043fc8b f   gl_frontend.obj
 0001:0003ecf8       ?AddSurfaces@inlineModel_t@OpenGLDrv@@UAEXPAUrefEntity_t@2@@Z 0043fcf8 f   gl_frontend.obj
 0001:0003f201       ?GetLeaf@inlineModel_t@OpenGLDrv@@UAEPBUCBspLeaf@@PAUrefEntity_t@2@@Z 00440201 f   gl_frontend.obj
 0001:0003f3ac       ?DrawLabel@inlineModel_t@OpenGLDrv@@UAEXPAUrefEntity_t@2@@Z 004403ac f   gl_frontend.obj
 0001:0003f3f5       ?InitEntity@md3Model_t@OpenGLDrv@@UAE_NPAUentity_t@@PAUrefEntity_t@2@@Z 004403f5 f   gl_frontend.obj
 0001:0003f5d3       ?AddSurfaces@md3Model_t@OpenGLDrv@@UAEXPAUrefEntity_t@2@@Z 004405d3 f   gl_frontend.obj
 0001:0003f70d       ?GetLeaf@md3Model_t@OpenGLDrv@@UAEPBUCBspLeaf@@PAUrefEntity_t@2@@Z 0044070d f   gl_frontend.obj
 0001:0003f748       ?DrawLabel@md3Model_t@OpenGLDrv@@UAEXPAUrefEntity_t@2@@Z 00440748 f   gl_frontend.obj
 0001:0003f7b1       ?InitEntity@sprModel_t@OpenGLDrv@@UAE_NPAUentity_t@@PAUrefEntity_t@2@@Z 004407b1 f   gl_frontend.obj
 0001:0003f7d4       ?AddSurfaces@sprModel_t@OpenGLDrv@@UAEXPAUrefEntity_t@2@@Z 004407d4 f   gl_frontend.obj
 0001:0003f957       ?GetLeaf@sprModel_t@OpenGLDrv@@UAEPBUCBspLeaf@@PAUrefEntity_t@2@@Z 00440957 f   gl_frontend.obj
 0001:0003fa3f       ?AddEntity@OpenGLDrv@@YAXPAUentity_t@@@Z 00440a3f f   gl_frontend.obj
 0001:0003fbf8       ?AddDlight@OpenGLDrv@@YAXPAUdlight_t@@@Z 00440bf8 f   gl_frontend.obj
 0001:0003fdb0       ?DrawPortal@OpenGLDrv@@YAXXZ 00440db0 f   gl_frontend.obj
 0001:00041fdc       ?GL_TextureMode@OpenGLDrv@@YAXPBD@Z 00442fdc f   gl_image.obj
 0001:00042087       ?CreateImage@OpenGLDrv@@YAPAVimage_t@1@PBDPAXHHI@Z 00443087 f   gl_image.obj
 0001:00042e39       ?CreateImage8@OpenGLDrv@@YAPAVimage_t@1@PBDPAXHHIPAI@Z 00443e39 f   gl_image.obj
 0001:00042f18       ?LoadDelayedImages@OpenGLDrv@@YAXXZ 00443f18 f   gl_image.obj
 0001:00042fab       ?DrawStretchRaw8@OpenGLDrv@@YAXHHHHHHPAEPAI@Z 00443fab f   gl_image.obj
 0001:000432de       ?SetupGamma@OpenGLDrv@@YAXXZ 004442de f   gl_image.obj
 0001:00043424       ?PerformScreenshot@OpenGLDrv@@YAXXZ 00444424 f   gl_image.obj
 0001:00043695       ?InitImages@OpenGLDrv@@YAXXZ 00444695 f   gl_image.obj
 0001:00043e6e       ?ShutdownImages@OpenGLDrv@@YAXXZ 00444e6e f   gl_image.obj
 0001:00043ed5       ?ShowImages@OpenGLDrv@@YAXXZ 00444ed5 f   gl_image.obj
 0001:00044161       ?FindImage@OpenGLDrv@@YAPAVimage_t@1@PBDI@Z 00445161 f   gl_image.obj
 0001:000444ce       ?GL_Lock@OpenGLDrv@@YAXXZ  004454ce f   gl_interface.obj
 0001:00044546       ?GL_Unlock@OpenGLDrv@@YAXXZ 00445546 f   gl_interface.obj
 0001:00044708       ?GL_Bind@OpenGLDrv@@YAXPBVimage_t@1@@Z 00445708 f   gl_interface.obj
 0001:0004489d       ?GL_BindForce@OpenGLDrv@@YAXPBVimage_t@1@@Z 0044589d f   gl_interface.obj
 0001:00044935       ?GL_TexEnv@OpenGLDrv@@YAXI@Z 00445935 f   gl_interface.obj
 0001:00044ab4       ?GL_TexMipBias@OpenGLDrv@@YAXM@Z 00445ab4 f   gl_interface.obj
 0001:00044b10       ?GL_TexEnvColor@OpenGLDrv@@YAXPBTcolor_t@@@Z 00445b10 f   gl_interface.obj
 0001:00044bc0       ?GL_SelectTexture@OpenGLDrv@@YAXH@Z 00445bc0 f   gl_interface.obj
 0001:00044c23       ?GL_TexCoordPointer@OpenGLDrv@@YAXPAX@Z 00445c23 f   gl_interface.obj
 0001:00044c56       ?GL_SetMultitexture@OpenGLDrv@@YAXH@Z 00445c56 f   gl_interface.obj
 0001:00044d47       ?GL_DisableTexCoordArrays@OpenGLDrv@@YAXXZ 00445d47 f   gl_interface.obj
 0001:00044d9b       ?GL_CullFace@OpenGLDrv@@YAXW4gl_cullMode_t@1@@Z 00445d9b f   gl_interface.obj
 0001:00044def       ?GL_DepthRange@OpenGLDrv@@YAXW4gl_depthMode_t@1@@Z 00445def f   gl_interface.obj
 0001:00044e25       ?GL_State@OpenGLDrv@@YAXI@Z 00445e25 f   gl_interface.obj
 0001:00044f75       ?GL_EnableFog@OpenGLDrv@@YAX_N@Z 00445f75 f   gl_interface.obj
 0001:0004504f       ?GL_SetDefaultState@OpenGLDrv@@YAXXZ 0044604f f   gl_interface.obj
 0001:000451a6       ?GL_Set2DMode@OpenGLDrv@@YAXXZ 004461a6 f   gl_interface.obj
 0001:0004529a       ?GL_Set3DMode@OpenGLDrv@@YAXPAUviewPortal_t@1@@Z 0044629a f   gl_interface.obj
 0001:00045385       ?Show@CPointLight@OpenGLDrv@@UBEXXZ 00446385 f   gl_light.obj
 0001:0004558e       ?Show@CSurfLight@OpenGLDrv@@UBEXXZ 0044658e f   gl_light.obj
 0001:000456e8       ?ShowLights@OpenGLDrv@@YAXXZ 004466e8 f   gl_light.obj
 0001:00045757       ?Init@CPointLight@OpenGLDrv@@UAEXXZ 00446757 f   gl_light.obj
 0001:0004576f       ?Init@CLightLinear@OpenGLDrv@@EAEXXZ 0044676f f   gl_light.obj
 0001:000457a3       ?GetScale@CLightLinear@OpenGLDrv@@EBEMM@Z 004467a3 f   gl_light.obj
 0001:000457b3       ?Init@CLightInv@OpenGLDrv@@EAEXXZ 004467b3 f   gl_light.obj
 0001:000457cf       ?GetScale@CLightInv@OpenGLDrv@@EBEMM@Z 004467cf f   gl_light.obj
 0001:000457eb       ?Init@CLightInv2@OpenGLDrv@@EAEXXZ 004467eb f   gl_light.obj
 0001:00045852       ?GetScale@CLightInv2@OpenGLDrv@@EBEMM@Z 00446852 f   gl_light.obj
 0001:00045874       ?Init@CLightNofade@OpenGLDrv@@EAEXXZ 00446874 f   gl_light.obj
 0001:00045885       ?GetScale@CLightNofade@OpenGLDrv@@EBEMM@Z 00446885 f   gl_light.obj
 0001:0004588b       ?Add@CPointLight@OpenGLDrv@@UBEXABUCVec3@@ABUCAxis@@@Z 0044688b f   gl_light.obj
 0001:00045cd7       ?Init@CSurfLight@OpenGLDrv@@UAEXXZ 00446cd7 f   gl_light.obj
 0001:00045db0       ?Add@CSurfLight@OpenGLDrv@@UBEXABUCVec3@@ABUCAxis@@@Z 00446db0 f   gl_light.obj
 0001:000461d1       ?Init@CSunLight@OpenGLDrv@@UAEXXZ 004471d1 f   gl_light.obj
 0001:0004627e       ?Add@CSunLight@OpenGLDrv@@UBEXABUCVec3@@ABUCAxis@@@Z 0044727e f   gl_light.obj
 0001:00046344       ?LightForEntity@OpenGLDrv@@YAXPAUrefEntity_t@1@@Z 00447344 f   gl_light.obj
 0001:00046c1f       ?DiffuseLight@OpenGLDrv@@YAXPATcolor_t@@M@Z 00447c1f f   gl_light.obj
 0001:00046e6b       ?InitLightGrid@OpenGLDrv@@YAXXZ 00447e6b f   gl_light.obj
 0001:00046f11       ?PostLoadLights@OpenGLDrv@@YAXXZ 00447f11 f   gl_light.obj
 0001:00046ffa       ?LM_Init@OpenGLDrv@@YAXXZ  00447ffa f   gl_lightmap.obj
 0001:00047010       ?LM_Flush@OpenGLDrv@@YAXPAUlightmapBlock_t@1@@Z 00448010 f   gl_lightmap.obj
 0001:00047070       ?LM_Done@OpenGLDrv@@YAXXZ  00448070 f   gl_lightmap.obj
 0001:00047097       ?LM_Save@OpenGLDrv@@YAXPAUlightmapBlock_t@1@@Z 00448097 f   gl_lightmap.obj
 0001:000470b2       ?LM_Restore@OpenGLDrv@@YAXPAUlightmapBlock_t@1@@Z 004480b2 f   gl_lightmap.obj
 0001:000470cd       ?LM_NewBlock@OpenGLDrv@@YAPAUlightmapBlock_t@1@XZ 004480cd f   gl_lightmap.obj
 0001:0004712c       ?LM_Rewind@OpenGLDrv@@YAXXZ 0044812c f   gl_lightmap.obj
 0001:00047134       ?LM_NextBlock@OpenGLDrv@@YAPAUlightmapBlock_t@1@XZ 00448134 f   gl_lightmap.obj
 0001:00047161       ?LM_CheckMinlight@OpenGLDrv@@YAXPAUdynamicLightmap_t@1@@Z 00448161 f   gl_lightmap.obj
 0001:000471f7       ?LM_AllocBlock@OpenGLDrv@@YA_NPAUlightmapBlock_t@1@PAUdynamicLightmap_t@1@@Z 004481f7 f   gl_lightmap.obj
 0001:0004731d       ?LM_PutBlock@OpenGLDrv@@YAXPAUdynamicLightmap_t@1@@Z 0044831d f   gl_lightmap.obj
 0001:00047791       ?LM_PutBlock1@OpenGLDrv@@YAXPAUdynamicLightmap_t@1@@Z 00448791 f   gl_lightmap.obj
 0001:000478e2       ?LM_SortLightStyles@OpenGLDrv@@YAXPAUdynamicLightmap_t@1@@Z 004488e2 f   gl_lightmap.obj
 0001:00047974       ?UpdateDynamicLightmap@OpenGLDrv@@YAXPAVsurfacePlanar_t@1@_NI@Z 00448974 f   gl_lightmap.obj
 0001:000481ba       ?LM_IsMonotone@OpenGLDrv@@YA_NPAUdynamicLightmap_t@1@PATcolor_t@@@Z 004491ba f   gl_lightmap.obj
 0001:000482c1       ?Init@OpenGLDrv@@YA_NXZ    004492c1 f   gl_main.obj
 0001:000489b2       ?Shutdown@OpenGLDrv@@YAX_N@Z 004499b2 f   gl_main.obj
 0001:00048a3b       ?GL_EnableRendering@OpenGLDrv@@YAX_N@Z 00449a3b f   gl_main.obj
 0001:00048a59       ?BeginFrame@OpenGLDrv@@YAXN@Z 00449a59 f   gl_main.obj
 0001:00048b86       ?EndFrame@OpenGLDrv@@YAXXZ 00449b86 f   gl_main.obj
 0001:00048b9e       ?RenderFrame@OpenGLDrv@@YAXPAUrefdef_t@@@Z 00449b9e f   gl_main.obj
 0001:000490e4       ?Zero@FDrawStats@OpenGLDrv@@QAEXXZ 0044a0e4 f i gl_main.obj
 0001:000494f5       ?Fill8@OpenGLDrv@@YAXHHHHH@Z 0044a4f5 f   gl_main.obj
 0001:00049538       ?Fill@OpenGLDrv@@YAXHHHHI@Z 0044a538 f   gl_main.obj
 0001:00049574       ?TileClear@OpenGLDrv@@YAXHHHHPBD@Z 0044a574 f   gl_main.obj
 0001:00049615       ?DrawStretchPic@OpenGLDrv@@YAXHHHHPBD@Z 0044a615 f   gl_main.obj
 0001:0004965a       ?DrawDetailedPic@OpenGLDrv@@YAXHHHHPBD@Z 0044a65a f   gl_main.obj
 0001:00049704       ?DrawPic@OpenGLDrv@@YAXHHPBDHH@Z 0044a704 f   gl_main.obj
 0001:0004978c       ?LoadNewWorld@OpenGLDrv@@YAXXZ 0044a78c f   gl_main.obj
 0001:000497ac       ?DumpLoadStats@OpenGLDrv@@YAXXZ 0044a7ac f   gl_main.obj
 0001:00049832       ?FinishLoadingWorld@OpenGLDrv@@YAXXZ 0044a832 f   gl_main.obj
 0001:00049837       ?RegisterPic@OpenGLDrv@@YAPAVCBasicImage@@PBD@Z 0044a837 f   gl_main.obj
 0001:0004984b       ?RegisterSkin@OpenGLDrv@@YAPAVCBasicImage@@PBD_N@Z 0044a84b f   gl_main.obj
 0001:0004986b       ?RegisterModel@OpenGLDrv@@YAPAVCRenderModel@@PBD@Z 0044a86b f   gl_main.obj
 0001:00049879       ?SetSky@OpenGLDrv@@YAXPBDMABUCVec3@@@Z 0044a879 f   gl_main.obj
 0001:00049958       ?Screenshot@OpenGLDrv@@YAXHPBD@Z 0044a958 f   gl_main.obj
 0001:00049981       ?GetClientLight@OpenGLDrv@@YAMXZ 0044a981 f   gl_main.obj
 0001:00049988       ?InitFuncTables@OpenGLDrv@@YAXXZ 0044a988 f   gl_math.obj
 0001:00049b2e       ?BuildRotationAxis@OpenGLDrv@@YAXAAUCAxis@@ABUCVec3@@M@Z 0044ab2e f   gl_math.obj
 0001:00049c25       ?GetBoxRect@OpenGLDrv@@YA_NPBUrefEntity_t@1@ABUCVec3@@QAM2_N@Z 0044ac25 f   gl_math.obj
 0001:00049f2f       ?ProjectToScreen@OpenGLDrv@@YA_NABUCVec3@@QAH@Z 0044af2f f   gl_math.obj
 0001:0004a072       ?SaturateColor3f@OpenGLDrv@@YAXAAUCVec3@@@Z 0044b072 f   gl_math.obj
 0001:0004a162       ?SaturateColor4b@OpenGLDrv@@YAXPATcolor_t@@@Z 0044b162 f   gl_math.obj
 0001:0004a270       ?SubdividePlane@OpenGLDrv@@YAHPAPAUCVec3@@HM@Z 0044b270 f   gl_poly.obj
 0001:0004a74f       ?FreeSubdividedPlane@OpenGLDrv@@YAXXZ 0044b74f f   gl_poly.obj
 0001:0004a767       ?GetSubdivideIndexes@OpenGLDrv@@YAXPAH@Z 0044b767 f   gl_poly.obj
 0001:0004a7bd       ?RemoveCollinearPoints@OpenGLDrv@@YAHPAPAUCVec3@@H@Z 0044b7bd f   gl_poly.obj
 0001:0004a8b3       ?GetPolyArea@OpenGLDrv@@YAMPAPAUCVec3@@H@Z 0044b8b3 f   gl_poly.obj
 0001:0004a946       ?InitShaders@OpenGLDrv@@YAXXZ 0044b946 f   gl_shader.obj
 0001:0004aae4       ?ShutdownShaders@OpenGLDrv@@YAXXZ 0044bae4 f   gl_shader.obj
 0001:0004ab22       ?GetLightmapImage@OpenGLDrv@@YAPAVimage_t@1@H@Z 0044bb22 f   gl_shader.obj
 0001:0004ab4d       ?SetShaderLightmap@OpenGLDrv@@YAPAVshader_t@1@PAV21@H@Z 0044bb4d f   gl_shader.obj
 0001:0004ae67       ??4shader_t@OpenGLDrv@@QAEAAV01@ABV01@@Z 0044be67 f i gl_shader.obj
 0001:0004b0bb       ?SetShaderLightstyles@OpenGLDrv@@YAPAVshader_t@1@PAV21@I_N@Z 0044c0bb f   gl_shader.obj
 0001:0004b16d       ?GetAlphaShader@OpenGLDrv@@YAPAVshader_t@1@PAV21@@Z 0044c16d f   gl_shader.obj
 0001:0004b5ce       ?SetShaderAnimFreq@OpenGLDrv@@YAXPAVshader_t@1@H@Z 0044c5ce f   gl_shader.obj
 0001:0004b624       ?FindShader@OpenGLDrv@@YAPAVshader_t@1@PBDI@Z 0044c624 f   gl_shader.obj
 0001:0004d136       ?GetShaderByNum@OpenGLDrv@@YAPAVshader_t@1@H@Z 0044e136 f   gl_shader.obj
 0001:0004d158       ?ResetShaders@OpenGLDrv@@YAXXZ 0044e158 f   gl_shader.obj
 0001:0004d390       ?Reload@shader_t@OpenGLDrv@@UAEXXZ 0044e390 f   gl_shader.obj
 0001:0004d3bf       ?Insert@?$TList@VCStringItem@@@@QAE_NPAVCStringItem@@@Z 0044e3bf f i gl_shader.obj
 0001:0004d3bf       ?Insert@?$TList@VplayerModelInfo_t@@@@QAE_NPAVplayerModelInfo_t@@@Z 0044e3bf f i gl_shader.obj
 0001:0004d3bf       ?Insert@?$TList@VshaderScript_t@OpenGLDrv@@@@QAE_NPAVshaderScript_t@OpenGLDrv@@@Z 0044e3bf f i gl_shader.obj
 0001:0004d3f5       ?ClearSky@OpenGLDrv@@YAXXZ 0044e3f5 f   gl_sky.obj
 0001:0004d452       ?AddSkySurface@OpenGLDrv@@YAXPAVsurfacePlanar_t@1@E@Z 0044e452 f   gl_sky.obj
 0001:0004da1a       ?DrawSky@OpenGLDrv@@YAXXZ  0044ea1a f   gl_sky.obj
 0001:0004e218       ?DrawChar@OpenGLDrv@@YAXHHHH@Z 0044f218 f   gl_text.obj
 0001:0004e272       ?ClearTexts@OpenGLDrv@@YAXXZ 0044f272 f   gl_text.obj
 0001:0004e287       ?FlushTexts@OpenGLDrv@@YAXXZ 0044f287 f   gl_text.obj
 0001:0004e333       ?DrawTextPos@OpenGLDrv@@YAXHHPBDI@Z 0044f333 f   gl_text.obj
 0001:0004e35f       ?DrawTextLeft@OpenGLDrv@@YAXPBDI@Z 0044f35f f   gl_text.obj
 0001:0004e3e7       ?DrawTextRight@OpenGLDrv@@YAXPBDI@Z 0044f3e7 f   gl_text.obj
 0001:0004e431       ?DrawText3D@OpenGLDrv@@YAXABUCVec3@@PBDI@Z 0044f431 f   gl_text.obj
 0001:0004e45e       ?InitTexts@OpenGLDrv@@YAXXZ 0044f45e f   gl_text.obj
 0001:0004e478       ??0?$TTextContainer@UCRText@OpenGLDrv@@$0BAAAA@@@QAE@XZ 0044f478 f i gl_text.obj
 0001:0004e49d       ?FindModel@OpenGLDrv@@YAPAVmodel_t@1@PBD@Z 0044f49d f   gl_model.obj
 0001:0004e679       ?FreeModels@OpenGLDrv@@YAXXZ 0044f679 f   gl_model.obj
 0001:0004e6eb       ?InitModels@OpenGLDrv@@YAXXZ 0044f6eb f   gl_model.obj
 0001:0004e7e1       ?ShutdownModels@OpenGLDrv@@YAXXZ 0044f7e1 f   gl_model.obj
 0001:0004e7f2       ?LoadWorldMap@OpenGLDrv@@YAXXZ 0044f7f2 f   gl_bspmodel.obj
 0001:0004ec59       ?GetName@CLightLinear@OpenGLDrv@@EBEPBDXZ 0044fc59 f i gl_bspmodel.obj
 0001:0004ec5f       ?GetName@CLightInv@OpenGLDrv@@EBEPBDXZ 0044fc5f f i gl_bspmodel.obj
 0001:0004ec65       ?GetName@CLightInv2@OpenGLDrv@@EBEPBDXZ 0044fc65 f i gl_bspmodel.obj
 0001:0004ec6b       ?GetName@CLightNofade@OpenGLDrv@@EBEPBDXZ 0044fc6b f i gl_bspmodel.obj
 0001:0004ec71       ?Show@CSunLight@OpenGLDrv@@UBEXXZ 0044fc71 f i gl_bspmodel.obj
 0001:0004ec71       ?Close@COutputDevice@@UAEXXZ 0044fc71 f i gl_bspmodel.obj
 0001:0004ec71       ?Flush@COutputDevice@@UAEXXZ 0044fc71 f i gl_bspmodel.obj
 0001:00050a81       ?LerpTag@model_t@OpenGLDrv@@UBE_NHHMPBDAAUCCoords@@@Z 00451a81 f   gl_trimodel.obj
 0001:00050a8f       ?LerpTag@md3Model_t@OpenGLDrv@@UBE_NHHMPBDAAUCCoords@@@Z 00451a8f f   gl_trimodel.obj
 0001:00050b9f       ?LoadMd2@OpenGLDrv@@YAPAVmd3Model_t@1@PBDPAEI@Z 00451b9f f   gl_trimodel.obj
 0001:00051734       ?ATAN2_FUNC@OpenGLDrv@@YAMMM@Z 00452734 f i gl_trimodel.obj
 0001:000518ea       ?LoadMd3@OpenGLDrv@@YAPAVmd3Model_t@1@PBDPAEI@Z 004528ea f   gl_trimodel.obj
 0001:00051dcb       ?LoadSp2@OpenGLDrv@@YAPAVsprModel_t@1@PBDPAEI@Z 00452dcb f   gl_trimodel.obj
 0001:00051ff6       ?LoadSpr@OpenGLDrv@@YAPAVsprModel_t@1@PBDPAEI@Z 00452ff6 f   gl_trimodel.obj
 0001:0005376f       ?QGL_Init@OpenGLDrv@@YA_NPBD@Z 0045476f f   GLBind.obj
[...]
 0001:0006351f       _noscale                   0046451f f   libs-vc-win32:jcscale.obj
 0001:00062fc8       _start_pass                00463fc8 f   libs-vc-win32:jcpred.obj
 0001:00063020       _reset_predictor           00464020 f   libs-vc-win32:jcpred.obj
 0001:0006304d       _jpeg_difference_first_row 0046404d f   libs-vc-win32:jcpred.obj
 0001:00063137       _jpeg_difference1          00464137 f   libs-vc-win32:jcpred.obj
 0001:000631a5       _jpeg_difference2          004641a5 f   libs-vc-win32:jcpred.obj
 0001:00063216       _jpeg_difference3          00464216 f   libs-vc-win32:jcpred.obj
 0001:0006328e       _jpeg_difference4          0046428e f   libs-vc-win32:jcpred.obj
 0001:00063319       _jpeg_difference5          00464319 f   libs-vc-win32:jcpred.obj
 0001:000633ac       _jpeg_difference6          004643ac f   libs-vc-win32:jcpred.obj
 0001:0006343b       _jpeg_difference7          0046443b f   libs-vc-win32:jcpred.obj
 0001:000628b7       _start_pass_huff           004638b7 f   libs-vc-win32:jclhuff.obj
 0001:00062a54       _encode_mcus_huff          00463a54 f   libs-vc-win32:jclhuff.obj
 0001:00062c3f       _emit_bits                 00463c3f f   libs-vc-win32:jclhuff.obj
 0001:00062ce2       _dump_buffer               00463ce2 f   libs-vc-win32:jclhuff.obj
 0001:00062d06       _emit_restart              00463d06 f   libs-vc-win32:jclhuff.obj
 0001:00062d51       _flush_bits                00463d51 f   libs-vc-win32:jclhuff.obj
 0001:00062d75       _finish_pass_huff          00463d75 f   libs-vc-win32:jclhuff.obj
 0001:00062de2       _encode_mcus_gather        00463de2 f   libs-vc-win32:jclhuff.obj
 0001:00062f0b       _finish_pass_gather        00463f0b f   libs-vc-win32:jclhuff.obj
 0001:00062fa1       _need_optimization_pass    00463fa1 f   libs-vc-win32:jclhuff.obj
 0001:000624d7       _start_pass_diff           004634d7 f   libs-vc-win32:jcdiffct.obj
 0001:000607e0       _start_iMCU_row            004617e0 f   libs-vc-win32:jccoefct.obj
 0001:00062575       _compress_data             00463575 f   libs-vc-win32:jcdiffct.obj
 0001:0006270b       _compress_first_pass       0046370b f   libs-vc-win32:jcdiffct.obj
 0001:00062800       _compress_output           00463800 f   libs-vc-win32:jcdiffct.obj
 0001:000620ea       _start_pass_fdctmgr        004630ea f   libs-vc-win32:jcdctmgr.obj
 0001:000621ec       _forward_DCT_float         004631ec f   libs-vc-win32:jcdctmgr.obj
 0001:0006161f       _start_pass_phuff          0046261f f   libs-vc-win32:jcphuff.obj
 0001:0006178c       _encode_mcu_DC_first       0046278c f   libs-vc-win32:jcphuff.obj
 0001:000618be       _emit_bits                 004628be f   libs-vc-win32:jcphuff.obj
 0001:00061969       _dump_buffer               00462969 f   libs-vc-win32:jcphuff.obj
 0001:000619a1       _emit_symbol               004629a1 f   libs-vc-win32:jcphuff.obj
 0001:000619e1       _emit_restart              004629e1 f   libs-vc-win32:jcphuff.obj
 0001:00061a6a       _emit_eobrun               00462a6a f   libs-vc-win32:jcphuff.obj
 0001:00061af0       _encode_mcu_AC_first       00462af0 f   libs-vc-win32:jcphuff.obj
 0001:00061c84       _encode_mcu_DC_refine      00462c84 f   libs-vc-win32:jcphuff.obj
 0001:00061d3e       _encode_mcu_AC_refine      00462d3e f   libs-vc-win32:jcphuff.obj
 0001:00061f55       _finish_pass_phuff         00462f55 f   libs-vc-win32:jcphuff.obj
 0001:00061fa4       _finish_pass_gather_phuff  00462fa4 f   libs-vc-win32:jcphuff.obj
 0001:00062067       _need_optimization_pass    00463067 f   libs-vc-win32:jcphuff.obj
 0001:00060dba       _start_pass_huff           00461dba f   libs-vc-win32:jcshuff.obj
 0001:00060f2f       _encode_mcu_huff           00461f2f f   libs-vc-win32:jcshuff.obj
 0001:0006103a       _encode_one_block          0046203a f   libs-vc-win32:jcshuff.obj
 0001:000611b1       _emit_bits                 004621b1 f   libs-vc-win32:jcshuff.obj
 0001:00061254       _dump_buffer               00462254 f   libs-vc-win32:jcshuff.obj
 0001:00061278       _emit_restart              00462278 f   libs-vc-win32:jcshuff.obj
 0001:000612e5       _flush_bits                004622e5 f   libs-vc-win32:jcshuff.obj
 0001:00061309       _finish_pass_huff          00462309 f   libs-vc-win32:jcshuff.obj
 0001:00061378       _encode_mcu_gather         00462378 f   libs-vc-win32:jcshuff.obj
 0001:0006142e       _htest_one_block           0046242e f   libs-vc-win32:jcshuff.obj
 0001:000614f5       _finish_pass_gather        004624f5 f   libs-vc-win32:jcshuff.obj
 0001:00062fa1       _need_optimization_pass    00463fa1 f   libs-vc-win32:jclhuff.obj
 0001:0006074b       _start_pass_coef           0046174b f   libs-vc-win32:jccoefct.obj
 0001:000607e0       _start_iMCU_row            004617e0 f   libs-vc-win32:jccoefct.obj
 0001:00060822       _compress_data             00461822 f   libs-vc-win32:jccoefct.obj
 0001:00060a09       _compress_first_pass       00461a09 f   libs-vc-win32:jccoefct.obj
 0001:00060bef       _compress_output           00461bef f   libs-vc-win32:jccoefct.obj
 0001:00060663       _calc_output_dimensions    00461663 f   libs-vc-win32:jdlossls.obj
 0001:00060674       _start_input_pass          00461674 f   libs-vc-win32:jdlossls.obj
 0001:000603a2       _calc_output_dimensions    004613a2 f   libs-vc-win32:jdlossy.obj
 0001:00060515       _start_input_pass          00461515 f   libs-vc-win32:jdlossy.obj
 0001:00060535       _latch_quant_tables        00461535 f   libs-vc-win32:jdlossy.obj
 0001:000605cd       _start_output_pass         004615cd f   libs-vc-win32:jdlossy.obj
 0001:000602f1       _start_pass                004612f1 f   libs-vc-win32:jclossls.obj
 0001:0006025d       _start_pass                0046125d f   libs-vc-win32:jclossy.obj
 0001:0005f7b2       _initial_setup             004607b2 f   libs-vc-win32:jcmaster.obj
 0001:0005f965       _validate_script           00460965 f   libs-vc-win32:jcmaster.obj
 0001:0005fd3d       _prepare_for_pass          00460d3d f   libs-vc-win32:jcmaster.obj
 0001:0005feb5       _select_scan_parameters    00460eb5 f   libs-vc-win32:jcmaster.obj
 0001:0005ffb6       _per_scan_setup            00460fb6 f   libs-vc-win32:jcmaster.obj
 0001:00060161       _pass_startup              00461161 f   libs-vc-win32:jcmaster.obj
 0001:00060188       _finish_pass_master        00461188 f   libs-vc-win32:jcmaster.obj
 0001:0005f29e       _rgb_ycc_start             0046029e f   libs-vc-win32:jccolor.obj
 0001:0005f362       _rgb_ycc_convert           00460362 f   libs-vc-win32:jccolor.obj
 0001:0005f461       _rgb_gray_convert          00460461 f   libs-vc-win32:jccolor.obj
 0001:0005f4e6       _cmyk_ycck_convert         004604e6 f   libs-vc-win32:jccolor.obj
 0001:0005f61e       _grayscale_convert         0046061e f   libs-vc-win32:jccolor.obj
 0001:0005f678       _null_convert              00460678 f   libs-vc-win32:jccolor.obj
 0001:00030cac       _null_method               00431cac f   images.obj
 0001:00030cac       _start_pass_downsample     00431cac f   images.obj
 0001:0005e9ea       _sep_downsample            0045f9ea f   libs-vc-win32:jcsample.obj
 0001:0005ea5f       _int_downsample            0045fa5f f   libs-vc-win32:jcsample.obj
 0001:0005eb57       _expand_right_edge         0045fb57 f   libs-vc-win32:jcsample.obj
 0001:0005ebac       _fullsize_downsample       0045fbac f   libs-vc-win32:jcsample.obj
 0001:0005ebf0       _h2v1_downsample           0045fbf0 f   libs-vc-win32:jcsample.obj
 0001:0005ec84       _h2v2_downsample           0045fc84 f   libs-vc-win32:jcsample.obj
 0001:0005ed31       _h2v2_smooth_downsample    0045fd31 f   libs-vc-win32:jcsample.obj
 0001:0005efa9       _fullsize_smooth_downsample 0045ffa9 f   libs-vc-win32:jcsample.obj
 0001:0005e3e6       _start_pass_prep           0045f3e6 f   libs-vc-win32:jcprepct.obj
 0001:0005e424       _pre_process_data          0045f424 f   libs-vc-win32:jcprepct.obj
 0001:0005e5d2       _pre_process_context       0045f5d2 f   libs-vc-win32:jcprepct.obj
 0001:0005e78b       _create_context_buffer     0045f78b f   libs-vc-win32:jcprepct.obj
 0001:0005e25e       _start_pass_main           0045f25e f   libs-vc-win32:jcmainct.obj
 0001:0005e2a0       _process_data_simple_main  0045f2a0 f   libs-vc-win32:jcmainct.obj
 0001:0005d834       _create_colormap           0045e834 f   libs-vc-win32:jquant1.obj
 0001:0005d966       _select_ncolors            0045e966 f   libs-vc-win32:jquant1.obj
 0001:0005da3d       _create_colorindex         0045ea3d f   libs-vc-win32:jquant1.obj
 0001:0005db69       _alloc_fs_workspace        0045eb69 f   libs-vc-win32:jquant1.obj
 0001:0005dba5       _start_pass_1_quant        0045eba5 f   libs-vc-win32:jquant1.obj
 0001:0005dc71       _create_odither_tables     0045ec71 f   libs-vc-win32:jquant1.obj
 0001:0005dcd0       _make_odither_array        0045ecd0 f   libs-vc-win32:jquant1.obj
 0001:0005dd33       _color_quantize            0045ed33 f   libs-vc-win32:jquant1.obj
 0001:0005ddbe       _color_quantize3           0045edbe f   libs-vc-win32:jquant1.obj
 0001:0005de4c       _quantize_ord_dither       0045ee4c f   libs-vc-win32:jquant1.obj
 0001:0005df37       _quantize3_ord_dither      0045ef37 f   libs-vc-win32:jquant1.obj
 0001:0005e037       _quantize_fs_dither        0045f037 f   libs-vc-win32:jquant1.obj
 0001:00030cac       _finish_pass_1_quant       00431cac f   images.obj
 0001:0005e1bb       _new_color_map_1_quant     0045f1bb f   libs-vc-win32:jquant1.obj
 0001:0005c7f5       _init_error_limit          0045d7f5 f   libs-vc-win32:jquant2.obj
 0001:0005c894       _start_pass_2_quant        0045d894 f   libs-vc-win32:jquant2.obj
 0001:0005c996       _prescan_quantize          0045d996 f   libs-vc-win32:jquant2.obj
 0001:0005ca05       _pass2_no_dither           0045da05 f   libs-vc-win32:jquant2.obj
 0001:0005cab2       _fill_inverse_cmap         0045dab2 f   libs-vc-win32:jquant2.obj
 0001:0005cb7d       _find_nearby_colors        0045db7d f   libs-vc-win32:jquant2.obj
 0001:0005cd21       _find_best_colors          0045dd21 f   libs-vc-win32:jquant2.obj
 0001:0005ce3b       _pass2_fs_dither           0045de3b f   libs-vc-win32:jquant2.obj
 0001:0005d0aa       _finish_pass1              0045e0aa f   libs-vc-win32:jquant2.obj
 0001:0005d0cc       _select_colors             0045e0cc f   libs-vc-win32:jquant2.obj
 0001:0005d158       _update_box                0045e158 f   libs-vc-win32:jquant2.obj
 0001:0005d4f2       _median_cut                0045e4f2 f   libs-vc-win32:jquant2.obj
 0001:0005d606       _find_biggest_color_pop    0045e606 f   libs-vc-win32:jquant2.obj
 0001:0005d635       _find_biggest_volume       0045e635 f   libs-vc-win32:jquant2.obj
 0001:0005d65e       _compute_color             0045e65e f   libs-vc-win32:jquant2.obj
 0001:00030cac       _finish_pass2              00431cac f   images.obj
 0001:0005d79a       _new_color_map_2_quant     0045e79a f   libs-vc-win32:jquant2.obj
 0001:0005c20c       _build_ycc_rgb_table       0045d20c f   libs-vc-win32:jdmerge.obj
 0001:0005c2bc       _start_pass_merged_upsample 0045d2bc f   libs-vc-win32:jdmerge.obj
 0001:0005c2d1       _merged_2v_upsample        0045d2d1 f   libs-vc-win32:jdmerge.obj
 0001:0005c378       _merged_1v_upsample        0045d378 f   libs-vc-win32:jdmerge.obj
 0001:0005c3a9       _h2v1_merged_upsample      0045d3a9 f   libs-vc-win32:jdmerge.obj
 0001:0005c4ff       _h2v2_merged_upsample      0045d4ff f   libs-vc-win32:jdmerge.obj
 0001:0005bdb0       _build_ycc_rgb_table       0045cdb0 f   libs-vc-win32:jdcolor.obj
 0001:0005be60       _ycc_rgb_convert           0045ce60 f   libs-vc-win32:jdcolor.obj
 0001:0005bf6e       _null_convert              0045cf6e f   libs-vc-win32:jdcolor.obj
 0001:0005bfe6       _grayscale_convert         0045cfe6 f   libs-vc-win32:jdcolor.obj
 0001:0005c009       _gray_rgb_convert          0045d009 f   libs-vc-win32:jdcolor.obj
 0001:0005c062       _ycck_cmyk_convert         0045d062 f   libs-vc-win32:jdcolor.obj
 0001:00030cac       _start_pass_dcolor         00431cac f   images.obj
 0001:0005b811       _start_pass_upsample       0045c811 f   libs-vc-win32:jdsample.obj
 0001:0005b82b       _sep_upsample              0045c82b f   libs-vc-win32:jdsample.obj
 0001:0005b8f8       _fullsize_upsample         0045c8f8 f   libs-vc-win32:jdsample.obj
 0001:0005b903       _noop_upsample             0045c903 f   libs-vc-win32:jdsample.obj
 0001:0005b90b       _int_upsample              0045c90b f   libs-vc-win32:jdsample.obj
 0001:0005b9f5       _h2v1_upsample             0045c9f5 f   libs-vc-win32:jdsample.obj
 0001:0005ba4c       _h2v2_upsample             0045ca4c f   libs-vc-win32:jdsample.obj
 0001:0005babe       _h2v1_fancy_upsample       0045cabe f   libs-vc-win32:jdsample.obj
 0001:0005bb61       _h2v2_fancy_upsample       0045cb61 f   libs-vc-win32:jdsample.obj
 0001:0005b41a       _start_pass_dpost          0045c41a f   libs-vc-win32:jdpostct.obj
 0001:0005b4c0       _post_process_1pass        0045c4c0 f   libs-vc-win32:jdpostct.obj
 0001:0005b525       _post_process_prepass      0045c525 f   libs-vc-win32:jdpostct.obj
 0001:0005b5b6       _post_process_2pass        0045c5b6 f   libs-vc-win32:jdpostct.obj
 0001:0005ae21       _alloc_funny_pointers      0045be21 f   libs-vc-win32:jdmainct.obj
 0001:0005aece       _start_pass_main           0045bece f   libs-vc-win32:jdmainct.obj
 0001:0005af36       _make_funny_pointers       0045bf36 f   libs-vc-win32:jdmainct.obj
 0001:0005b076       _process_data_simple_main  0045c076 f   libs-vc-win32:jdmainct.obj
 0001:0005b0de       _process_data_context_main 0045c0de f   libs-vc-win32:jdmainct.obj
 0001:0005b1f0       _set_wraparound_pointers   0045c1f0 f   libs-vc-win32:jdmainct.obj
 0001:0005b2da       _set_bottom_pointers       0045c2da f   libs-vc-win32:jdmainct.obj
 0001:0005b374       _process_data_crank_post   0045c374 f   libs-vc-win32:jdmainct.obj
 0001:00059b4d       _write_marker_header       0045ab4d f   libs-vc-win32:jcmarker.obj
 0001:00059ba3       _emit_byte                 0045aba3 f   libs-vc-win32:jcmarker.obj
 0001:00059bd4       _write_marker_byte         0045abd4 f   libs-vc-win32:jcmarker.obj
 0001:00059be4       _write_file_header         0045abe4 f   libs-vc-win32:jcmarker.obj
 0001:00059c30       _emit_jfif_app0            0045ac30 f   libs-vc-win32:jcmarker.obj
 0001:00059d03       _emit_adobe_app14          0045ad03 f   libs-vc-win32:jcmarker.obj
 0001:00059da9       _write_frame_header        0045ada9 f   libs-vc-win32:jcmarker.obj
 0001:00059e88       _emit_dqt                  0045ae88 f   libs-vc-win32:jcmarker.obj
 0001:00059f77       _emit_sof                  0045af77 f   libs-vc-win32:jcmarker.obj
 0001:0005a053       _write_scan_header         0045b053 f   libs-vc-win32:jcmarker.obj
 0001:0005a113       _emit_dht                  0045b113 f   libs-vc-win32:jcmarker.obj
 0001:0005a1ec       _emit_dri                  0045b1ec f   libs-vc-win32:jcmarker.obj
 0001:0005a23b       _emit_sos                  0045b23b f   libs-vc-win32:jcmarker.obj
 0001:0005a329       _write_file_trailer        0045b329 f   libs-vc-win32:jcmarker.obj
 0001:0005a349       _write_tables_only         0045b349 f   libs-vc-win32:jcmarker.obj
 0001:000596a2       _use_merged_upsample       0045a6a2 f   libs-vc-win32:jdmaster.obj
 0001:00059748       _master_selection          0045a748 f   libs-vc-win32:jdmaster.obj
 0001:000598a5       _prepare_range_limit_table 0045a8a5 f   libs-vc-win32:jdmaster.obj
 0001:0005992b       _prepare_for_output_pass   0045a92b f   libs-vc-win32:jdmaster.obj
 0001:00059a4c       _finish_output_pass        0045aa4c f   libs-vc-win32:jdmaster.obj
 0001:00058b19       _alloc_small               00459b19 f   libs-vc-win32:jmemmgr.obj
 0001:00058c37       _alloc_large               00459c37 f   libs-vc-win32:jmemmgr.obj
 0001:00058ce8       _alloc_sarray              00459ce8 f   libs-vc-win32:jmemmgr.obj
 0001:00058d80       _alloc_barray              00459d80 f   libs-vc-win32:jmemmgr.obj
 0001:00058e24       _alloc_darray              00459e24 f   libs-vc-win32:jmemmgr.obj
 0001:00058ecf       _request_virt_sarray       00459ecf f   libs-vc-win32:jmemmgr.obj
 0001:00058f30       _request_virt_barray       00459f30 f   libs-vc-win32:jmemmgr.obj
 0001:00058f91       _realize_virt_arrays       00459f91 f   libs-vc-win32:jmemmgr.obj
 0001:00059114       _access_virt_sarray        0045a114 f   libs-vc-win32:jmemmgr.obj
 0001:00059234       _do_sarray_io              0045a234 f   libs-vc-win32:jmemmgr.obj
 0001:000592c4       _access_virt_barray        0045a2c4 f   libs-vc-win32:jmemmgr.obj
 0001:000593e9       _do_barray_io              0045a3e9 f   libs-vc-win32:jmemmgr.obj
 0001:0005947a       _free_pool                 0045a47a f   libs-vc-win32:jmemmgr.obj
 0001:00059561       _self_destruct             0045a561 f   libs-vc-win32:jmemmgr.obj
 0001:000585b3       _start_input_pass          004595b3 f   libs-vc-win32:jdinput.obj
 0001:000585e1       _per_scan_setup            004595e1 f   libs-vc-win32:jdinput.obj
 0001:00058767       _finish_input_pass         00459767 f   libs-vc-win32:jdinput.obj
 0001:00058778       _consume_markers           00459778 f   libs-vc-win32:jdinput.obj
 0001:00058814       _initial_setup             00459814 f   libs-vc-win32:jdinput.obj
 0001:00058a1e       _reset_input_controller    00459a1e f   libs-vc-win32:jdinput.obj
 0001:000581b8       _make_crc_table            004591b8 f   libs-vc-win32:crc32.obj
 0001:00058305       _crc32_little              00459305 f   libs-vc-win32:crc32.obj
 0001:00057fb2       _fixedtables               00458fb2 f   libs-vc-win32:inflate.obj
 0001:0005809c       _updatewindow              0045909c f   libs-vc-win32:inflate.obj
 0001:00056cda       _init_destination          00457cda f   libs-vc-win32:jdatadst.obj
 0001:00056d00       _empty_output_buffer       00457d00 f   libs-vc-win32:jdatadst.obj
 0001:00056d42       _term_destination          00457d42 f   libs-vc-win32:jdatadst.obj
 0001:00056861       _std_huff_tables           00457861 f   libs-vc-win32:jcparam.obj
 0001:000568bb       _add_huff_table            004578bb f   libs-vc-win32:jcparam.obj
 0001:00054db9       _next_marker               00455db9 f   libs-vc-win32:jdmarker.obj
 0001:00054ef3       _get_interesting_appn      00455ef3 f   libs-vc-win32:jdmarker.obj
 0001:0005501e       _examine_app0              0045601e f   libs-vc-win32:jdmarker.obj
 0001:0005522c       _examine_app14             0045622c f   libs-vc-win32:jdmarker.obj
 0001:000552ed       _skip_variable             004562ed f   libs-vc-win32:jdmarker.obj
 0001:00055390       _read_markers              00456390 f   libs-vc-win32:jdmarker.obj
 0001:00055598       _get_soi                   00456598 f   libs-vc-win32:jdmarker.obj
 0001:00055643       _get_sof                   00456643 f   libs-vc-win32:jdmarker.obj
 0001:0005594c       _get_sos                   0045694c f   libs-vc-win32:jdmarker.obj
 0001:00055c3a       _get_dht                   00456c3a f   libs-vc-win32:jdmarker.obj
 0001:00055edb       _get_dqt                   00456edb f   libs-vc-win32:jdmarker.obj
 0001:00056137       _get_dri                   00457137 f   libs-vc-win32:jdmarker.obj
 0001:00056216       _first_marker              00457216 f   libs-vc-win32:jdmarker.obj
 0001:000562b2       _read_restart_marker       004572b2 f   libs-vc-win32:jdmarker.obj
 0001:00056330       _reset_marker_reader       00457330 f   libs-vc-win32:jdmarker.obj
 0001:00054b9d       _output_pass_setup         00455b9d f   libs-vc-win32:jdapistd.obj
 0001:00054890       _default_decompress_parms  00455890 f   libs-vc-win32:jdapimin.obj

 296 bytes saved through ICF

