 Quake2

 Timestamp is 437da8a6 (Fri Nov 18 13:10:46 2005)

 Preferred load address is 00400000

 Start         Length     Name                   Class
 0001:00000000 000610a0H .text                   CODE
 0002:00000000 00000290H .idata$5                DATA
 0002:00000290 0000649cH .rdata                  DATA
 0002:00006730 00000044H .rdata$r                DATA
 0002:00006778 00000038H .xdata$x                DATA
 0002:000067b0 00000078H .idata$2                DATA
 0002:00006828 00000014H .idata$3                DATA
 0002:0000683c 00000290H .idata$4                DATA
 0002:00006acc 00000860H .idata$6                DATA
 0002:0000732c 00000000H .edata                  DATA
 0003:00000000 00000004H .CRT$XCA                DATA
 0003:00000004 00000088H .CRT$XCU                DATA
 0003:0000008c 00000004H .CRT$XCZ                DATA
 0003:00000090 00000004H .CRT$XIA                DATA
 0003:00000094 00000004H .CRT$XIZ                DATA
 0003:000000a0 0000d49cH .data                   DATA
 0003:0000d540 004585dcH .bss                    DATA
 0004:00000000 00000130H .rsrc$01                DATA
 0004:00000130 00003f20H .rsrc$02                DATA

  Address         Publics by Value              Rva+Base     Lib:Object

 0001:00000000       ??3@YAXPAX@Z               00401000 f i CoreMain.obj
 0001:0000000b       ?appTimestamp@@YAPBDXZ     0040100b f   CoreMain.obj
 0001:00000040       ?appInit@@YAXXZ            00401040 f   CoreMain.obj
 0001:000000bf       ?appExit@@YAXXZ            004010bf f   CoreMain.obj
 0001:000000c9       ?appMilliseconds@@YAIXZ    004010c9 f   CoreWin32.obj
 0001:000000cf       ?appPackage@@YAPBDXZ       004010cf f   CoreWin32.obj
 0001:00000127       ?appGetSystemErrorMessage@@YAPBDI@Z 00401127 f   CoreWin32.obj
 0001:0000018b       ?appDisplayError@@YAXXZ    0040118b f   CoreWin32.obj
 0001:000001c4       ?appInitPlatform@@YAXXZ    004011c4 f   CoreWin32.obj
 0001:0000034b       ?appShutdownPlatform@@YAXXZ 0040134b f   CoreWin32.obj
 0001:00000354       ?appDetectCPU@@YAXXZ       00401354 f   CoreCpuid.obj
 0001:00000608       ?appLoadDebugSymbols@@YAXXZ 00401608 f   DbgSymbols.obj
 0001:000007c6       ?appSymbolName@@YA_NIPADH@Z 004017c6 f   DbgSymbols.obj
 0001:000008bc       ?appSymbolName@@YAPBDI@Z   004018bc f   DbgSymbols.obj
 0001:000008f2       ?osGetAddressPackage@@YA_NIPADHAAH@Z 004018f2 f   DbgSymbolsWin32.obj
 0001:00000986       ?osGetAddressSymbol@@YA_NIPADHAAH@Z 00401986 f   DbgSymbolsWin32.obj
 0001:00000b2d       ?sprintf@?$TString@$0BAA@@@QAAHPBDZZ 00401b2d f i DbgSymbolsWin32.obj
 0001:00000b49       ?appMalloc@@YAPAXIH@Z      00401b49 f   Memory.obj
 0001:00000bf7       ?appFree@@YAXPAX@Z         00401bf7 f   Memory.obj
 0001:00000c25       ?Unlink@FMemHeader@@QAEXXZ 00401c25 f i Memory.obj
 0001:00000c50       ?Link@CMemoryChain@@AAEXXZ 00401c50 f   Memory.obj
 0001:00000c6f       ?Unlink@CMemoryChain@@AAEXXZ 00401c6f f   Memory.obj
 0001:00000c9a       ??2CMemoryChain@@SAPAXIH@Z 00401c9a f   Memory.obj
 0001:00000d0c       ??3CMemoryChain@@SAXPAX@Z  00401d0c f   Memory.obj
 0001:00000d3f       ?Alloc@CMemoryChain@@QAEPAXIH@Z 00401d3f f   Memory.obj
 0001:00000da9       ?BuildAllocatorsTable@@YAHPAXH@Z 00401da9 f   Memory.obj
 0001:00000f18       ?appInitMemory@@YAXXZ      00401f18 f   Memory.obj
 0001:00001300       ?Flush@COutputDevice@@UAEXXZ 00402300 f i OutputDevice.obj
 0001:00001300       ?Close@COutputDevice@@UAEXXZ 00402300 f i OutputDevice.obj
 0001:00001301       ?Write@COutputDeviceNull@@UAEXPBD@Z 00402301 f i OutputDevice.obj
 0001:0000131b       ??_GCOutputDeviceNull@@UAEPAXI@Z 0040231b f i OutputDevice.obj
 0001:0000131b       ??_GCOutputDeviceWin32Console@@UAEPAXI@Z 0040231b f i OutputDevice.obj
 0001:0000131b       ??_ECOutputDeviceLog@@UAEPAXI@Z 0040231b f i OutputDevice.obj
 0001:0000131b       ??_GCOutputDevice@@UAEPAXI@Z 0040231b f i OutputDevice.obj
 0001:0000131b       ??_ECOutputDevice@@UAEPAXI@Z 0040231b f i OutputDevice.obj
 0001:0000131b       ??_ECOutputDeviceWin32Console@@UAEPAXI@Z 0040231b f i OutputDevice.obj
 0001:0000131b       ??_GCOutputDeviceLog@@UAEPAXI@Z 0040231b f i OutputDevice.obj
 0001:0000131b       ??_ECOutputDeviceNull@@UAEPAXI@Z 0040231b f i OutputDevice.obj
 0001:0000135b       ?Write@COutputDeviceLog@@UAEXPBD@Z 0040235b f i OutputDevice.obj
 0001:000013a3       ?Printf@COutputDevice@@QAAXPBDZZ 004023a3 f   OutputDevice.obj
 0001:00001414       ?Register@COutputDevice@@QAEXXZ 00402414 f   OutputDevice.obj
 0001:00001470       ?Unregister@COutputDevice@@QAEXXZ 00402470 f   OutputDevice.obj
 0001:000014c3       ?appPrintf@@YAXPBDZZ       004024c3 f   OutputDevice.obj
 0001:000015fa       ?appWPrintf@@YAXPBDZZ      004025fa f   OutputDevice.obj
 0001:0000165d       ??0COutputDeviceMemTail@@QAE@H@Z 0040265d f i ErrorMgr.obj
 0001:0000168b       ?Write@COutputDeviceMemTail@@UAEXPBD@Z 0040268b f i ErrorMgr.obj
 0001:000017a7       ??_GCOutputDeviceMemTail@@UAEPAXI@Z 004027a7 f i ErrorMgr.obj
 0001:000017a7       ??_ECOutputDeviceMemTail@@UAEPAXI@Z 004027a7 f i ErrorMgr.obj
 0001:000017c3       ??1COutputDeviceMemTail@@UAE@XZ 004027c3 f i ErrorMgr.obj
 0001:0000180c       ??0COutputDeviceFile@@QAE@XZ 0040280c f i ErrorMgr.obj
 0001:00001821       ?Write@COutputDeviceFile@@UAEXPBD@Z 00402821 f i ErrorMgr.obj
 0001:00001875       ?Flush@COutputDeviceFile@@UAEXXZ 00402875 f i ErrorMgr.obj
 0001:00001885       ?Close@COutputDeviceFile@@UAEXXZ 00402885 f i ErrorMgr.obj
 0001:0000189d       ??_ECOutputDeviceFile@@UAEPAXI@Z 0040289d f i ErrorMgr.obj
 0001:0000189d       ??_GCOutputDeviceFile@@UAEPAXI@Z 0040289d f i ErrorMgr.obj
 0001:000018b9       ??1COutputDeviceFile@@UAE@XZ 004028b9 f i ErrorMgr.obj
 0001:000018f8       ?appBeginError@@YAPAVCOutputDevice@@PBD@Z 004028f8 f   ErrorMgr.obj
 0001:000019c1       ?appGetErrorLog@@YAPAVCOutputDevice@@XZ 004029c1 f   ErrorMgr.obj
 0001:00001a2c       ?Open@COutputDeviceFile@@QAEXPBD_N@Z 00402a2c f i ErrorMgr.obj
 0001:00001a72       ?appFatalError@@YAXPBDZZ   00402a72 f   ErrorMgr.obj
 0001:00001ac8       ?appNonFatalError@@YAXPBDZZ 00402ac8 f   ErrorMgr.obj
 0001:00001b2a       ?appUnwindPrefix@@YAXPBD@Z 00402b2a f   ErrorMgr.obj
 0001:00001bda       ?appUnwindThrow@@YAXPBDZZ  00402bda f   ErrorMgr.obj
 0001:00001c50       ?Reset@CErrorHandler@@QAEXXZ 00402c50 f   ErrorMgr.obj
 0001:00001c81       ?appInitError@@YAXXZ       00402c81 f   ErrorMgr.obj
 0001:00001d76       ?appShutdownError@@YAXXZ   00402d76 f   ErrorMgr.obj
 0001:00001e00       ?GetTail@COutputDeviceMemTail@@QAEPBDH@Z 00402e00 f i ErrorMgr.obj
 0001:00001e24       ?sprintf@?$TString@$0CAA@@@QAAHPBDZZ 00402e24 f i ErrorMgr.obj
 0001:00001e40       ?win32ExceptFilter@@YGJPAU_EXCEPTION_POINTERS@@@Z 00402e40 f   ExceptHandlerWin32.obj
 0001:00001fe3       ?win32ExceptFilter2@@YAIXZ 00402fe3 f   ExceptHandlerWin32.obj
 0001:00001fec       ?sprintf@?$TString@$0EAA@@@QAAHPBDZZ 00402fec f i ExceptHandlerWin32.obj
 0001:00002008       ?DumpRegs@@YAXPAVCOutputDevice@@PAU_CONTEXT@@@Z 00403008 f   ExceptDumpers.obj
 0001:00002115       ?DumpMem@@YAXPAVCOutputDevice@@PBIPAU_CONTEXT@@@Z 00403115 f   ExceptDumpers.obj
 0001:0000234f       ?UnwindEbpFrame@@YAXPAVCOutputDevice@@PBI@Z 0040334f f   ExceptDumpers.obj
 0001:000023e0       ?GetLine@CSimpleParser@@QAEPBDXZ 004033e0 f   ScriptParser.obj
 0001:000024f5       ?SkipBraces@CSimpleParser@@QAEPBDXZ 004034f5 f   ScriptParser.obj
 0001:0000252b       ?appStricmp@@YAHPBD0@Z     0040352b f   Strings.obj
 0001:00002560       ?toLower@@YADD@Z           00403560 f i Strings.obj
 0001:00002577       ?appStrncpylwr@@YAXPADPBDH@Z 00403577 f   Strings.obj
 0001:000025af       ?appStrncpyz@@YAXPADPBDH@Z 004035af f   Strings.obj
 0001:000025dc       ?appStrcatn@@YAXPADHPBD@Z  004035dc f   Strings.obj
 0001:00002607       ?appCopyFilename@@YAXPADPBDH@Z 00403607 f   Strings.obj
 0001:000026a7       ?appCStrlen@@YAHPBD@Z      004036a7 f   Strings.obj
 0001:000026cc       ?appUncolorizeString@@YAXPADPBD@Z 004036cc f   Strings.obj
 0001:000026fc       ?va@@YAPBDPBDZZ            004036fc f   Strings.obj
 0001:00002798       ?appSprintf@@YAHPADHPBDZZ  00403798 f   Strings.obj
 0001:000027e3       ?appMatchWildcard@@YA_NPBD0_N@Z 004037e3 f   Strings.obj
 0001:00002972       ?appIsWildcard@@YA_NPBD@Z  00403972 f   Strings.obj
 0001:0000299c       ?CopyString@@YAPADPBD@Z    0040399c f   Strings.obj
 0001:000029dc       ?CopyString@@YAPADPBDPAVCMemoryChain@@@Z 004039dc f   Strings.obj
 0001:00002a10       ??2CStringItem@@SAPAXIPBD@Z 00403a10 f   Strings.obj
 0001:00002a5d       ??2CStringItem@@SAPAXIPBDPAVCMemoryChain@@@Z 00403a5d f   Strings.obj
 0001:00002a87       ??0CStringItem@@QAE@XZ     00403a87 f   Strings.obj
 0001:00002a92       ?Find@CStringList@@IAEPAVCStringItem@@PBDPAPAV2@@Z 00403a92 f   Strings.obj
 0001:00002ace       ?Find@CStringList@@IAEPAVCStringItem@@H@Z 00403ace f   Strings.obj
 0001:00002ae7       ?IndexOf@CStringList@@QAEHPBD@Z 00403ae7 f   Strings.obj
 0001:00002b14       ?Remove@CStringList@@QAE_NPAVCStringItem@@@Z 00403b14 f   Strings.obj
 0001:00002b40       ?Add@CTextContainer@@QAEPAUCTextRec@@PBD@Z 00403b40 f   TextContainer.obj
 0001:00002bec       ?Enumerate@CTextContainer@@QAEXP6AXPBUCTextRec@@@Z@Z 00403bec f   TextContainer.obj
 0001:00002c58       ?SubtractPath@@YAPBDPBD0@Z 00403c58 f   FileSystem.obj
 0001:00002cec       ?appMakeDirectoryForFile@@YAXPBD@Z 00403cec f   FileSystem.obj
 0001:00002d22       ?appOpenFile@@YAPAVCFile@@PBD@Z 00403d22 f   FileSystem.obj
 0001:00002d5e       ?Read@CFileOS@@UAEHPAXH@Z  00403d5e f i FileSystem.obj
 0001:00002d83       ?GetSize@CFileOS@@UAEHXZ   00403d83 f i FileSystem.obj
 0001:00002dc8       ?Eof@CFileOS@@UAE_NXZ      00403dc8 f i FileSystem.obj
 0001:00002ddc       ??_ECFileOS@@UAEPAXI@Z     00403ddc f i FileSystem.obj
 0001:00002ddc       ??_GCFileOS@@UAEPAXI@Z     00403ddc f i FileSystem.obj
 0001:00002e0e       ??_GCFile@@UAEPAXI@Z       00403e0e f i FileSystem.obj
 0001:00002e0e       ??_ECFile@@UAEPAXI@Z       00403e0e f i FileSystem.obj
 0001:00002e2b       ?ReadByte@CFile@@QAEEXZ    00403e2b f   FileSystem.obj
 0001:00002e43       ?ReadInt@CFile@@QAEHXZ     00403e43 f   FileSystem.obj
 0001:00002e5b       ?ReadString@CFile@@QAEXPADH@Z 00403e5b f   FileSystem.obj
 0001:00002e9b       ?GetType@CFileContainer@@MAEPBDXZ 00403e9b f   FileSystem.obj
 0001:00002ea1       ?Mount@CFileSystem@@QAEXAAVCFileContainer@@PBD@Z 00403ea1 f   FileSystem.obj
 0001:00002ef7       ?Umount@CFileSystem@@QAEXAAVCFileContainer@@@Z 00403ef7 f   FileSystem.obj
 0001:00002f2e       ?MountDirectory@CFileSystem@@QAEPAVCFileContainer@@PBD0@Z 00403f2e f   FileSystem.obj
 0001:00002f71       ?GetType@CFileContainerOS@@MAEPBDXZ 00403f71 f i FileSystem.obj
 0001:00002f77       ?FileExists@CFileContainerOS@@UAE_NPBD@Z 00403f77 f i FileSystem.obj
 0001:00002f9e       ?OpenFile@CFileContainerOS@@UAEPAVCFile@@PBD@Z 00403f9e f i FileSystem.obj
 0001:00002fbb       ?List@CFileContainerOS@@UAEXAAVCFileList@@PBDI@Z 00403fbb f i FileSystem.obj
 0001:00002fe3       ??_ECFileContainer@@UAEPAXI@Z 00403fe3 f i FileSystem.obj
 0001:00002fe3       ??_GCFileContainer@@UAEPAXI@Z 00403fe3 f i FileSystem.obj
 0001:00002fe3       ??_ECFileContainerOS@@UAEPAXI@Z 00403fe3 f i FileSystem.obj
 0001:00002fe3       ??_GCFileContainerOS@@UAEPAXI@Z 00403fe3 f i FileSystem.obj
 0001:00003000       ?MountArchive@CFileSystem@@QAEPAVCFileContainer@@PBD0@Z 00404000 f   FileSystem.obj
 0001:00003117       ?Mount@CFileSystem@@QAEXPBD0@Z 00404117 f   FileSystem.obj
 0001:00003349       ?Umount@CFileSystem@@QAEXPBD@Z 00404349 f   FileSystem.obj
 0001:000033e5       ?List@CFileSystem@@UAEPAVCFileList@@PBDIPAV2@@Z 004043e5 f   FileSystem.obj
 0001:0000359d       ?RegisterFormat@CFileSystem@@SAXP6APAVCFileContainer@@PBDPAU_iobuf@@@Z@Z 0040459d f   FileSystem.obj
 0001:000035dd       ?FileExists@CFileSystem@@UAE_NPBDI@Z 004045dd f   FileSystem.obj
 0001:0000365c       ?OpenFile@CFileSystem@@UAEPAVCFile@@PBDI@Z 0040465c f   FileSystem.obj
 0001:00003701       ?LoadFile@CFileSystem@@QAEPAXPBDPAI@Z 00404701 f   FileSystem.obj
 0001:000037d1       ?cMount@@YAX_NHPAPAD@Z     004047d1 f   FileSystem.obj
 0001:0000390a       ?cUmount@@YAX_NHPAPAD@Z    0040490a f   FileSystem.obj
 0001:00003937       ?appInitFileSystem@@YAXAAVCFileSystem@@@Z 00404937 f   FileSystem.obj
 0001:00003d2a       ?appListDirectoryOS@@YAXPBDAAVCFileList@@I@Z 00404d2a f   FileSystemWin32.obj
 0001:00003f71       ?appMakeDirectory@@YAXPBD@Z 00404f71 f   FileSystemWin32.obj
 0001:00003fde       ?appFileType@@YAIPBD@Z     00404fde f   FileSystemWin32.obj
 0001:0000401e       ?FindDir@CFileContainerArc@@IAEPAVCArcDir@1@PBD_N@Z 0040501e f   FileContainerArc.obj
 0001:00004107       ?FindFile@CFileContainerArc@@IAEPAVCStringItem@@PBD@Z 00405107 f   FileContainerArc.obj
 0001:00004172       ?FileExists@CFileContainerArc@@UAE_NPBD@Z 00405172 f   FileContainerArc.obj
 0001:00004184       ?OpenFile@CFileContainerArc@@UAEPAVCFile@@PBD@Z 00405184 f   FileContainerArc.obj
 0001:000041a0       ?List@CFileContainerArc@@UAEXAAVCFileList@@PBDI@Z 004051a0 f   FileContainerArc.obj
 0001:0000430d       ?SCR_StopCinematic@@YAXXZ  0040530d f   cl_cin.obj
 0001:000043a1       ?SCR_DrawCinematic@@YA_NXZ 004053a1 f   cl_cin.obj
 0001:000047be       ?SCR_PlayCinematic@@YAXPBD@Z 004057be f   cl_cin.obj
 0001:00004b15       ?sprintf@?$TString@$0EA@@@QAAHPBDZZ 00405b15 f i cl_cin.obj
 0001:00004b2e       ?CL_Download_f@@YAX_NHPAPAD@Z 00405b2e f   cl_download.obj
 0001:00004ed9       ?CL_ParseDownload@@YAXXZ   00405ed9 f   cl_download.obj
 0001:000056ec       ?CL_Precache_f@@YAXHPAPAD@Z 004066ec f   cl_download.obj
 0001:0000574a       ?sprintf@?$TString@$0IA@@@QAAHPBDZZ 0040674a f i cl_download.obj
 0001:00005766       ?CL_ParseDelta@@YAXPAUclEntityState_t@@0HI_N@Z 00406766 f   cl_ents.obj
 0001:000058e6       ?CL_ParseFrame@@YAXXZ      004068e6 f   cl_ents.obj
 0001:00005f95       ?CL_AddEntityBox@@YAXPAUclEntityState_t@@I@Z 00406f95 f   cl_ents.obj
 0001:00006099       ?Lerp@@YAXABUCVec3@@0MAAU1@@Z 00407099 f i cl_ents.obj
 0001:000060d0       ?CL_OffsetThirdPersonView@@YAXXZ 004070d0 f   cl_ents.obj
 0001:000061b8       ?CL_AddEntities@@YAXXZ     004071b8 f   cl_ents.obj
 0001:000070f6       ?CL_ClearLightStyles@@YAXXZ 004080f6 f   cl_fx.obj
 0001:00007178       ?CL_SetLightstyle@@YAXHPBD@Z 00408178 f   cl_fx.obj
 0001:000071d9       ?CL_AllocDlight@@YAPAUcdlight_t@@HABUCVec3@@@Z 004081d9 f   cl_fx.obj
 0001:00007242       ?CL_AllocParticleTrace@@YAPAUparticleTrace_t@@ABUCVec3@@0MM@Z 00408242 f   cl_fx.obj
 0001:000072d1       ?CL_AllocParticleBeam@@YAPAUbeam_t@@ABUCVec3@@0MM@Z 004082d1 f   cl_fx.obj
 0001:00007345       ?CL_AllocParticle@@YAPAUparticle_t@@XZ 00408345 f   cl_fx.obj
 0001:00007398       ?CL_MetalSparks@@YAXABUCVec3@@0H@Z 00408398 f   cl_fx.obj
 0001:00007496       ?CL_AddEffects@@YAXXZ      00408496 f   cl_fx.obj
 0001:00007b9b       ?CL_ClearEffects@@YAXXZ    00408b9b f   cl_fx.obj
 0001:00007c1d       ?CL_EntityEvent@@YAXPAUclEntityState_t@@@Z 00408c1d f   cl_fx.obj
 0001:00007dd1       ?CL_ParseMuzzleFlash@@YAXXZ 00408dd1 f   cl_fx.obj
 0001:00008141       ?CL_ParseMuzzleFlash2@@YAXXZ 00409141 f   cl_fx.obj
 0001:000085b7       ?CL_ParticleEffect@@YAXABUCVec3@@0HH@Z 004095b7 f   cl_fx.obj
 0001:000087a0       ?CL_ParticleEffect2@@YAXABUCVec3@@0HH@Z 004097a0 f   cl_fx.obj
 0001:000087c8       ?CL_ParticleEffect3@@YAXABUCVec3@@0HH@Z 004097c8 f   cl_fx.obj
 0001:000087f0       ?CL_TeleporterParticles@@YAXPAUclEntityState_t@@@Z 004097f0 f   cl_fx.obj
 0001:0000880f       ?CL_LogoutEffect@@YAXABUCVec3@@H@Z 0040980f f   cl_fx.obj
 0001:00008845       ?CL_ItemRespawnParticles@@YAXABUCVec3@@@Z 00409845 f   cl_fx.obj
 0001:00008860       ?CL_ExplosionParticles@@YAXABUCVec3@@@Z 00409860 f   cl_fx.obj
 0001:0000887e       ?CL_BFGExplosionParticles@@YAXABUCVec3@@@Z 0040987e f   cl_fx.obj
 0001:0000889c       ?CL_TrackerExplosionParticles@@YAXABUCVec3@@@Z 0040989c f   cl_fx.obj
 0001:000088ba       ?CL_BlasterParticles@@YAXABUCVec3@@0I@Z 004098ba f   cl_fx.obj
 0001:000088e0       ?CL_BlasterTrail@@YAXAAUcentity_t@@@Z 004098e0 f   cl_fx.obj
 0001:000089e3       ?CL_BlasterTrail2@@YAXAAUcentity_t@@@Z 004099e3 f   cl_fx.obj
 0001:000089f6       ?CL_FlagTrail@@YAXAAUcentity_t@@H@Z 004099f6 f   cl_fx.obj
 0001:00008a12       ?CL_RocketTrail@@YAXAAUcentity_t@@@Z 00409a12 f   cl_fx.obj
 0001:00008a51       ?CL_BubbleTrail@@YAXABUCVec3@@0@Z 00409a51 f   cl_fx.obj
 0001:00008aeb       ?CL_BubbleTrail2@@YAXABUCVec3@@0@Z 00409aeb f   cl_fx.obj
 0001:00008b03       ?CL_TagTrail@@YAXAAUcentity_t@@@Z 00409b03 f   cl_fx.obj
 0001:00008b16       ?CL_DebugTrail@@YAXABUCVec3@@0@Z 00409b16 f   cl_fx.obj
 0001:00008b2e       ?CL_ForceWall@@YAXABUCVec3@@0H@Z 00409b2e f   cl_fx.obj
 0001:00008b4f       ?CL_BigTeleportParticles@@YAXABUCVec3@@@Z 00409b4f f   cl_fx.obj
 0001:00008c8a       ?CL_BfgParticles@@YAXABUCVec3@@@Z 00409c8a f   cl_fx.obj
 0001:00008e04       ?CL_FlyEffect@@YAXAAUcentity_t@@@Z 00409e04 f   cl_fx.obj
 0001:00008f90       ?CL_DiminishingTrail@@YAXAAUcentity_t@@H@Z 00409f90 f   cl_fx.obj
 0001:000090ea       ?CL_RailTrail@@YAXABUCVec3@@0@Z 0040a0ea f   cl_fx.obj
 0001:00009260       ?CL_RailTrailExt@@YAXABUCVec3@@0EE@Z 0040a260 f   cl_fx.obj
 0001:000093a5       ?CL_IonripperTrail@@YAXAAUcentity_t@@@Z 0040a3a5 f   cl_fx.obj
 0001:000094ff       ?CL_TrapParticles@@YAXABUCVec3@@@Z 0040a4ff f   cl_fx.obj
 0001:00009693       ?CL_TeleportParticles@@YAXABUCVec3@@@Z 0040a693 f   cl_fx.obj
 0001:000097c9       ?CL_Heatbeam@@YAXABUCVec3@@0@Z 0040a7c9 f   cl_fx.obj
 0001:00009a6f       ?CL_ParticleSteamEffect@@YAXABUCVec3@@0HHH@Z 0040aa6f f   cl_fx.obj
 0001:00009ba8       ?CL_ParticleSmokeEffect@@YAXABUCVec3@@0@Z 0040aba8 f   cl_fx.obj
 0001:00009cc4       ?CL_TrackerTrail@@YAXAAUcentity_t@@@Z 0040acc4 f   cl_fx.obj
 0001:00009e42       ?CL_TrackerShell@@YAXABUCVec3@@@Z 0040ae42 f   cl_fx.obj
 0001:00009ece       ?CL_MonsterPlasmaShell@@YAXABUCVec3@@@Z 0040aece f   cl_fx.obj
 0001:00009f57       ?CL_WidowSplash@@YAXABUCVec3@@@Z 0040af57 f   cl_fx.obj
 0001:0000a038       ?CL_InitInput@@YAXXZ       0040b038 f   cl_input.obj
 0001:0000a595       ?CL_SendCmd@@YAXXZ         0040b595 f   cl_input.obj
 0001:0000ab78       ?CL_WriteDemoMessage@@YAXXZ 0040bb78 f   cl_main.obj
 0001:0000abba       ?Cmd_ForwardToServer@@YAXHPAPAD@Z 0040bbba f   cl_main.obj
 0001:0000ac7d       ?CL_ForwardToServer_f@@YAXHPAPAD@Z 0040bc7d f   cl_main.obj
 0001:0000acc5       ?CL_Pause@@YAX_N@Z         0040bcc5 f   cl_main.obj
 0001:0000ad07       ?CL_Drop@@YAX_N@Z          0040bd07 f   cl_main.obj
 0001:0000ad2e       ?CL_SendConnectPacket@@YAXXZ 0040bd2e f   cl_main.obj
 0001:0000ad94       ?CL_Connect_f@@YAX_NHPAPAD@Z 0040bd94 f   cl_main.obj
 0001:0000adff       ?CL_Rcon_f@@YAXHPAPAD@Z    0040bdff f   cl_main.obj
 0001:0000aeeb       ?CL_Disconnect@@YAXXZ      0040beeb f   cl_main.obj
 0001:0000b096       ?CL_Disconnect_f@@YAXXZ    0040c096 f   cl_main.obj
 0001:0000b0a0       ?CL_Changing_f@@YAXXZ      0040c0a0 f   cl_main.obj
 0001:0000b0c4       ?CL_Reconnect_f@@YAXXZ     0040c0c4 f   cl_main.obj
 0001:0000b160       ?CL_PingServers_f@@YAXXZ   0040c160 f   cl_main.obj
 0001:0000b262       ?CL_Skins_f@@YAXXZ         0040c262 f   cl_main.obj
 0001:0000b54b       ?CL_ConnectionlessPacket@@YAXXZ 0040c54b f   cl_main.obj
 0001:0000b648       ?CL_ReadPackets@@YAXXZ     0040c648 f   cl_main.obj
 0001:0000b78b       ?CL_Userinfo_f@@YAXXZ      0040c78b f   cl_main.obj
 0001:0000b7a6       ?CL_RegisterSounds@@YAXXZ  0040c7a6 f   cl_main.obj
 0001:0000b7e5       ?CL_Snd_Restart_f@@YAXXZ   0040c7e5 f   cl_main.obj
 0001:0000b7f4       ?CL_WriteConfiguration@@YAXPBD@Z 0040c7f4 f   cl_main.obj
 0001:0000b8db       ?CL_WriteConfig_f@@YAX_NHPAPAD@Z 0040c8db f   cl_main.obj
 0001:0000b946       ?CL_FixCvarCheats@@YAXXZ   0040c946 f   cl_main.obj
 0001:0000b997       ?CL_Frame@@YAXMM@Z         0040c997 f   cl_main.obj
 0001:0000bcd1       ?CL_ClearState@@YAXXZ      0040ccd1 f   cl_main.obj
 0001:0000bd0f       ?CL_Init@@YAXXZ            0040cd0f f   cl_main.obj
 0001:0000c1cd       ?CL_Shutdown@@YAXXZ        0040d1cd f   cl_main.obj
 0001:0000c229       ?CL_ParseClientinfo@@YAXH@Z 0040d229 f   cl_parse.obj
 0001:0000c2de       ?CL_UpdatePlayerClientInfo@@YAXXZ 0040d2de f   cl_parse.obj
 0001:0000c31f       ?CL_ParseServerMessage@@YAXXZ 0040d31f f   cl_parse.obj
 0001:0000cb11       ?FreePlayerModelsInfo@@YAXXZ 0040db11 f   cl_playermodel.obj
 0001:0000cb37       ?ScanPlayerModels@@YA_NXZ  0040db37 f   cl_playermodel.obj
 0001:0000cf2c       ?RunAnimation@@YAXAAUclientInfo_t@@AAUanimState_t@@H@Z 0040df2c f   cl_playermodel.obj
 0001:0000d10d       ?CL_LoadClientinfo@@YAXAAUclientInfo_t@@PBD_N@Z 0040e10d f   cl_playermodel.obj
 0001:0000dd98       ?ParsePlayerEntity@@YAHAAUcentity_t@@AAUclientInfo_t@@PAUclEntityState_t@@ABUentity_t@@PAU4@HH@Z 0040ed98 f   cl_playermodel.obj
 0001:0000e8ed       ?CreateAndInsert@?$TList@VCStringItem@@@@QAEPAVCStringItem@@PBDPAVCMemoryChain@@@Z 0040f8ed f i cl_playermodel.obj
 0001:0000e923       ?Insert@?$TList@VplayerModelInfo_t@@@@QAE_NPAVplayerModelInfo_t@@@Z 0040f923 f i cl_playermodel.obj
 0001:0000e923       ?Insert@?$TList@VshaderScript_t@OpenGLDrv@@@@QAE_NPAVshaderScript_t@OpenGLDrv@@@Z 0040f923 f i cl_playermodel.obj
 0001:0000e923       ?Insert@?$TList@VCStringItem@@@@QAE_NPAVCStringItem@@@Z 0040f923 f i cl_playermodel.obj
 0001:0000e959       ?CL_CheckPredictionError@@YAXXZ 0040f959 f   cl_pred.obj
 0001:0000eaec       ?CL_EntityTrace@@YAXAAUtrace_t@@ABUCVec3@@1ABUCBox@@H@Z 0040faec f   cl_pred.obj
 0001:0000ee88       ?CL_Trace@@YAXAAUtrace_t@@ABUCVec3@@1ABUCBox@@H@Z 0040fe88 f   cl_pred.obj
 0001:0000ef04       ?CL_PMpointcontents@@YAHABUCVec3@@@Z 0040ff04 f   cl_pred.obj
 0001:0000f090       ?CL_PredictMovement@@YAXXZ 00410090 f   cl_pred.obj
 0001:0000f435       ?DrawString@@YAXHHPBD@Z    00410435 f   cl_scrn.obj
 0001:0000f47a       ?SCR_DebugGraph@@YAXMH@Z   0041047a f   cl_scrn.obj
 0001:0000f4a2       ?SCR_CenterPrint@@YAXPBD@Z 004104a2 f   cl_scrn.obj
 0001:0000f5a8       ?Key_Message@@YAXH@Z       004105a8 f   cl_scrn.obj
 0001:0000f644       ?SCR_SetLevelshot@@YAXPBD@Z 00410644 f   cl_scrn.obj
 0001:0000f73d       ?SCR_BeginLoadingPlaque@@YAXXZ 0041073d f   cl_scrn.obj
 0001:0000f7c2       ?SCR_EndLoadingPlaque@@YAX_N@Z 004107c2 f   cl_scrn.obj
 0001:0000f847       ?SCR_ShowConsole@@YAX_N0@Z 00410847 f   cl_scrn.obj
 0001:0000f90c       ?SCR_ToggleConsole@@YAXXZ  0041090c f   cl_scrn.obj
 0001:0000f934       ?SCR_TouchPics@@YAXXZ      00410934 f   cl_scrn.obj
 0001:0000f98a       ?SCR_UpdateScreen@@YAXXZ   0041098a f   cl_scrn.obj
 0001:00010bd5       ?SCR_Init@@YAXXZ           00411bd5 f   cl_scrn.obj
 0001:00010f13       ?sprintf@?$TString@$0BA@@@QAAHPBDZZ 00411f13 f i cl_scrn.obj
 0001:00010f2c       ?CL_RegisterTEntSounds@@YAXXZ 00411f2c f   cl_tent.obj
 0001:00011171       ?CL_RegisterTEntModels@@YAXXZ 00412171 f   cl_tent.obj
 0001:000112be       ?CL_ClearTEnts@@YAXXZ      004122be f   cl_tent.obj
 0001:000112ef       ?CL_SmokeAndFlash@@YAXABUCVec3@@@Z 004122ef f   cl_tent.obj
 0001:00011485       ?CL_ParsePlayerBeam@@YAHPAVCRenderModel@@@Z 00412485 f   cl_tent.obj
 0001:00011590       ?CL_ParseLightning@@YAHPAVCRenderModel@@@Z 00412590 f   cl_tent.obj
 0001:00011652       ?CL_ParseWidow@@YAXXZ      00412652 f   cl_tent.obj
 0001:00011788       ?CL_ParseNuke@@YAXXZ       00412788 f   cl_tent.obj
 0001:0001189b       ?CL_ParseTEnt@@YAXXZ       0041289b f   cl_tent.obj
 0001:00012682       ?CL_AddBeams@@YAXXZ        00413682 f   cl_tent.obj
 0001:00012884       ?CL_AddPlayerBeams@@YAXXZ  00413884 f   cl_tent.obj
 0001:00012e8b       ?CL_AddTEnts@@YAXXZ        00413e8b f   cl_tent.obj
 0001:0001308b       ?V_AddEntity@@YAXPAUentity_t@@@Z 0041408b f   cl_view.obj
 0001:000130c6       ?V_AddEntity2@@YAXPAUentity_t@@@Z 004140c6 f   cl_view.obj
 0001:000130f5       ?AddEntityWithEffects2@@YAXPAUentity_t@@I@Z 004140f5 f   cl_view.obj
 0001:00013194       ?AddEntityWithEffects@@YAXPAUentity_t@@I@Z 00414194 f   cl_view.obj
 0001:000131b3       ?V_AddLight@@YAXABUCVec3@@MMMM@Z 004141b3 f   cl_view.obj
 0001:000131f8       ?V_TestEntities@@YAXXZ     004141f8 f   cl_view.obj
 0001:00013325       ?V_TestLights@@YAXXZ       00414325 f   cl_view.obj
 0001:000133fb       ?V_InitRenderer@@YAXXZ     004143fb f   cl_view.obj
 0001:000137eb       ?CalcFov@@YAMMMM@Z         004147eb f   cl_view.obj
 0001:00013859       ?V_RenderView@@YA_NXZ      00414859 f   cl_view.obj
 0001:00014499       ?V_Init@@YAXXZ             00415499 f   cl_view.obj
 0001:00014548       ?Con_ClearNotify@@YAXXZ    00415548 f   console.obj
 0001:00014557       ?Con_CheckResize@@YAXXZ    00415557 f   console.obj
 0001:0001467e       ?Write@COutputDeviceCon@@UAEXPBD@Z 0041567e f   console.obj
 0001:00014978       ?Con_DrawNotify@@YAX_N@Z   00415978 f   console.obj
 0001:00014a90       ?Con_DrawConsole@@YAXM@Z   00415a90 f   console.obj
 0001:00014d44       ?Con_ClearTyping@@YAXXZ    00415d44 f   console.obj
 0001:00014d5d       ?Key_Console@@YAXHH@Z      00415d5d f   console.obj
 0001:000151a5       ?Con_Init@@YAXXZ           004161a5 f   console.obj
 0001:00015313       ?Key_KeynumToString@@YAPBDH@Z 00416313 f   keys.obj
 0001:000153d3       ?Draw@completeMenu_t@@UAEXXZ 004163d3 f i keys.obj
 0001:00015404       ?KeyDown@completeMenu_t@@UAEPBDH@Z 00416404 f i keys.obj
 0001:0001542d       ?Init@completeMenu_t@@UAE_NXZ 0041642d f i keys.obj
 0001:00015554       ?CompleteMenuCallback@completeMenu_t@@SAXPAX@Z 00416554 f i keys.obj
 0001:000155e2       ?CompleteCommand@@YAXXZ    004165e2 f   keys.obj
 0001:00015ced       ?Key_SetBinding@@YAXHPBD@Z 00416ced f   keys.obj
 0001:00015d2b       ?Key_FindBinding@@YAHPBDPAHH@Z 00416d2b f   keys.obj
 0001:00015d79       ?Key_WriteBindings@@YAXPAVCOutputDevice@@@Z 00416d79 f   keys.obj
 0001:00015dc0       ?Key_Init@@YAXXZ           00416dc0 f   keys.obj
 0001:000160a4       ?Key_Event@@YAXH_N@Z       004170a4 f   keys.obj
 0001:000163fd       ?Key_ClearStates@@YAXXZ    004173fd f   keys.obj
 0001:00016432       ?M_ForceMenuOn@@YAXXZ      00417432 f   menu.obj
 0001:00016451       ?Draw@menuMain_t@@UAEXXZ   00417451 f i menu.obj
 0001:0001658d       ?KeyDown@menuMain_t@@UAEPBDH@Z 0041758d f i menu.obj
 0001:00016649       ?Init@menuMain_t@@UAE_NXZ  00417649 f i menu.obj
 0001:00016651       ?M_Menu_Main_f@@YAXXZ      00417651 f   menu.obj
 0001:0001666b       ?Init@multiplayerMenu_t@@UAE_NXZ 0041766b f i menu.obj
 0001:0001678f       ?Init@keysMenu_t@@UAE_NXZ  0041778f f i menu.obj
 0001:00016978       ?KeyCursorDrawFunc@keysMenu_t@@SAXPAUmenuFramework_t@@@Z 00417978 f i menu.obj
 0001:000169b8       ?DrawKeyBindingFunc@keysMenu_t@@SAXPAX@Z 004179b8 f i menu.obj
 0001:00016a7f       ?KeyDown@keysMenu_t@@UAEPBDH@Z 00417a7f f i menu.obj
 0001:00016b2c       ?UnbindCommand@keysMenu_t@@QAEXPAD@Z 00417b2c f i menu.obj
 0001:00016b71       ?KeyBindingFunc@keysMenu_t@@QAEXPAX@Z 00417b71 f i menu.obj
 0001:00016bd0       ?Init@optionsMenu_t@@UAE_NXZ 00417bd0 f i menu.obj
 0001:00016f7a       ?CrosshairFunc@optionsMenu_t@@SAXPAX@Z 00417f7a f i menu.obj
 0001:00016fa2       ?JoystickFunc@optionsMenu_t@@SAXPAX@Z 00417fa2 f i menu.obj
 0001:00016fb7       ?AlwaysRunFunc@optionsMenu_t@@SAXPAX@Z 00417fb7 f i menu.obj
 0001:00016fcc       ?MouseSpeedFunc@optionsMenu_t@@SAXPAX@Z 00417fcc f i menu.obj
 0001:00016fe9       ?InvertMouseFunc@optionsMenu_t@@SAXPAX@Z 00417fe9 f i menu.obj
 0001:00017022       ?UpdateVolumeFunc@optionsMenu_t@@SAXPAX@Z 00418022 f i menu.obj
 0001:0001703f       ?UpdateCDVolumeFunc@optionsMenu_t@@SAXPAX@Z 0041803f f i menu.obj
 0001:00017059       ?SetMenuItemValues@optionsMenu_t@@SAXXZ 00418059 f i menu.obj
 0001:000171a1       ?ResetDefaultsFunc@optionsMenu_t@@SAXPAX@Z 004181a1 f i menu.obj
 0001:000171b6       ?UpdateSoundFunc@optionsMenu_t@@SAXPAX@Z 004181b6 f i menu.obj
 0001:000173b9       ?ScanCrosshairs@optionsMenu_t@@SAXXZ 004183b9 f i menu.obj
 0001:00017416       ?Draw@optionsMenu_t@@UAEXXZ 00418416 f i menu.obj
 0001:0001747b       ?Draw@creditsMenu_t@@UAEXXZ 0041847b f i menu.obj
 0001:00017522       ?KeyDown@creditsMenu_t@@UAEPBDH@Z 00418522 f i menu.obj
 0001:0001755d       ?Init@creditsMenu_t@@UAE_NXZ 0041855d f i menu.obj
 0001:000175de       ?Init@gameMenu_t@@UAE_NXZ  004185de f i menu.obj
 0001:00017769       ?EasyGameFunc@gameMenu_t@@SAXPAX@Z 00418769 f i menu.obj
 0001:00017775       ?StartGame@gameMenu_t@@SAXPBD@Z 00418775 f i menu.obj
 0001:000177cd       ?MediumGameFunc@gameMenu_t@@SAXPAX@Z 004187cd f i menu.obj
 0001:000177d9       ?HardGameFunc@gameMenu_t@@SAXPAX@Z 004187d9 f i menu.obj
 0001:000177f5       ?Init@savegameMenu_t@@UAE_NXZ 004187f5 f i menu.obj
 0001:00017905       ?Create_Savestrings@savegameMenu_t@@QAEXXZ 00418905 f i menu.obj
 0001:000179ba       ?LoadGameCallback@savegameMenu_t@@SAXPAX@Z 004189ba f i menu.obj
 0001:000179e3       ?SaveGameCallback@savegameMenu_t@@SAXPAX@Z 004189e3 f i menu.obj
 0001:00017a02       ?Draw@savegameMenu_t@@UAEXXZ 00418a02 f i menu.obj
 0001:00017a1d       ?DrawSavegameShot@savegameMenu_t@@QAEXHH@Z 00418a1d f i menu.obj
 0001:00017af8       ?Init@joinserverMenu_t@@UAE_NXZ 00418af8 f i menu.obj
 0001:00017c21       ?JoinServerFunc@joinserverMenu_t@@SAXPAX@Z 00418c21 f i menu.obj
 0001:00017c83       ?SearchLocalGames@joinserverMenu_t@@SAXXZ 00418c83 f i menu.obj
 0001:00017cee       ?M_AddToServerList@@YAXUnetadr_t@@PAD@Z 00418cee f   menu.obj
 0001:00017d6f       ?Init@startserverMenu_t@@UAE_NXZ 00418d6f f i menu.obj
 0001:000181fd       ?DMOptionsFunc@startserverMenu_t@@SAXPAX@Z 004191fd f i menu.obj
 0001:0001820d       ?RulesChangeFunc@startserverMenu_t@@SAXPAX@Z 0041920d f i menu.obj
 0001:00018285       ?StartServerActionFunc@startserverMenu_t@@SAXPAX@Z 00419285 f i menu.obj
 0001:000182b0       ?StartServerFunc@startserverMenu_t@@SAXPAD@Z 004192b0 f i menu.obj
 0001:000184e6       ?KeyDown@startserverMenu_t@@UAEPBDH@Z 004194e6 f i menu.obj
 0001:00018543       ?Init@dmoptionsMenu_t@@UAE_NXZ 00419543 f i menu.obj
 0001:00018b20       ?DMFlagCallback@dmoptionsMenu_t@@SAXPAX@Z 00419b20 f i menu.obj
 0001:00018cf6       ?Init@downloadOptionsMenu_t@@UAE_NXZ 00419cf6 f i menu.obj
 0001:00018ec1       ?DownloadCallback@downloadOptionsMenu_t@@SAXPAX@Z 00419ec1 f i menu.obj
 0001:00018f2c       ?Init@addressBookMenu_t@@UAE_NXZ 00419f2c f i menu.obj
 0001:00018fd4       ?KeyDown@addressBookMenu_t@@UAEPBDH@Z 00419fd4 f i menu.obj
 0001:00019031       ?Init@playerConfigMenu_t@@UAE_NXZ 0041a031 f i menu.obj
 0001:00019578       ?HandednessCallback@playerConfigMenu_t@@SAXPAX@Z 0041a578 f i menu.obj
 0001:0001958d       ?RTypeCallback@playerConfigMenu_t@@SAXPAX@Z 0041a58d f i menu.obj
 0001:000195a2       ?RColorCallback@playerConfigMenu_t@@SAXPAX@Z 0041a5a2 f i menu.obj
 0001:000195b7       ?RateCallback@playerConfigMenu_t@@SAXPAX@Z 0041a5b7 f i menu.obj
 0001:000195da       ?ModelCallback@playerConfigMenu_t@@SAXPAX@Z 0041a5da f i menu.obj
 0001:0001960e       ?SkinCallback@playerConfigMenu_t@@SAXPAX@Z 0041a60e f i menu.obj
 0001:00019616       ?Draw@playerConfigMenu_t@@UAEXXZ 0041a616 f i menu.obj
 0001:000198f8       ?KeyDown@playerConfigMenu_t@@UAEPBDH@Z 0041a8f8 f i menu.obj
 0001:000199d7       ?Init@dmbrowseMenu_t@@UAE_NXZ 0041a9d7 f i menu.obj
 0001:00019bdd       ?KeyDown@dmbrowseMenu_t@@UAEPBDH@Z 0041abdd f i menu.obj
 0001:00019da1       ?Draw@dmbrowseMenu_t@@UAEXXZ 0041ada1 f i menu.obj
 0001:00019ee6       ?DrawThumbnail@dmbrowseMenu_t@@SAXHHHHPAD_N@Z 0041aee6 f i menu.obj
 0001:00019fc0       ?Init@videoMenu_t@@UAE_NXZ 0041afc0 f i menu.obj
 0001:0001a579       ?ScreenSizeCallback@videoMenu_t@@SAXPAX@Z 0041b579 f i menu.obj
 0001:0001a597       ?BrightnessCallback@videoMenu_t@@SAXPAX@Z 0041b597 f i menu.obj
 0001:0001a5b5       ?ContrastCallback@videoMenu_t@@SAXPAX@Z 0041b5b5 f i menu.obj
 0001:0001a5ee       ?CancelChanges@videoMenu_t@@SAXPAX@Z 0041b5ee f i menu.obj
 0001:0001a60f       ?KeyDown@videoMenu_t@@UAEPBDH@Z 0041b60f f i menu.obj
 0001:0001a656       ?ApplyChanges@videoMenu_t@@SAXPAX@Z 0041b656 f i menu.obj
 0001:0001a80d       ?KeyDown@quitMenu_t@@UAEPBDH@Z 0041b80d f i menu.obj
 0001:0001a847       ?Draw@quitMenu_t@@UAEXXZ   0041b847 f i menu.obj
 0001:0001a8b7       ?M_Init@@YAXXZ             0041b8b7 f   menu.obj
 0001:0001aa99       ?ItemAtCursor@menuFramework_t@@QAEPAUmenuCommon_t@@XZ 0041ba99 f   qmenu.obj
 0001:0001aaed       ?AddItem@menuFramework_t@@QAEXPAUmenuCommon_t@@@Z 0041baed f   qmenu.obj
 0001:0001aba9       ?AdjustCursor@menuFramework_t@@QAEXH@Z 0041bba9 f   qmenu.obj
 0001:0001ad18       ?Center@menuFramework_t@@QAEXXZ 0041bd18 f   qmenu.obj
 0001:0001ad59       ?Draw@menuFramework_t@@UAEXXZ 0041bd59 f   qmenu.obj
 0001:0001b31e       ?SelectItem@menuFramework_t@@QAE_NXZ 0041c31e f   qmenu.obj
 0001:0001b37c       ?SetStatusBar@menuFramework_t@@QAEXPBD@Z 0041c37c f   qmenu.obj
 0001:0001b386       ?SlideItem@menuFramework_t@@QAEXH@Z 0041c386 f   qmenu.obj
 0001:0001b903       ?Push@menuFramework_t@@QAEXXZ 0041c903 f   qmenu.obj
 0001:0001b982       ?M_ForceMenuOff@@YAXXZ     0041c982 f   qmenu.obj
 0001:0001b9af       ?Pop@menuFramework_t@@QAEXXZ 0041c9af f   qmenu.obj
 0001:0001b9e9       ?KeyDown@menuFramework_t@@UAEPBDH@Z 0041c9e9 f   qmenu.obj
 0001:0001bc5d       ?Init@menuFramework_t@@UAE_NXZ 0041cc5d f   qmenu.obj
 0001:0001bc60       ?M_Draw@@YAXXZ             0041cc60 f   qmenu.obj
 0001:0001bc9b       ?M_Keydown@@YAXH@Z         0041cc9b f   qmenu.obj
 0001:0001bcba       ?InitRendererVars@@YAXXZ   0041ccba f   ref_vars.obj
 0001:0001bcd9       ?S_SoundInfo_f@@YAXXZ      0041ccd9 f   snd_dma.obj
 0001:0001bd53       ?S_Init@@YAXXZ             0041cd53 f   snd_dma.obj
 0001:0001be25       ?S_Shutdown@@YAXXZ         0041ce25 f   snd_dma.obj
 0001:0001beb8       ?S_BeginRegistration@@YAXXZ 0041ceb8 f   snd_dma.obj
 0001:0001bec6       ?S_RegisterSound@@YAPAUsfx_t@@PBD@Z 0041cec6 f   snd_dma.obj
 0001:0001c06c       ?S_EndRegistration@@YAXXZ  0041d06c f   snd_dma.obj
 0001:0001c0ef       ?S_PickChannel@@YAPAUchannel_t@@HH@Z 0041d0ef f   snd_dma.obj
 0001:0001c17c       ?S_Spatialize@@YAXPAUchannel_t@@@Z 0041d17c f   snd_dma.obj
 0001:0001c35c       ?S_AllocPlaysound@@YAPAUplaysound_t@@XZ 0041d35c f   snd_dma.obj
 0001:0001c37e       ?S_FreePlaysound@@YAXPAUplaysound_t@@@Z 0041d37e f   snd_dma.obj
 0001:0001c3ae       ?S_IssuePlaysound@@YAXPAUplaysound_t@@@Z 0041d3ae f   snd_dma.obj
 0001:0001c47b       ?S_StartSound@@YAXPBUCVec3@@HHPAUsfx_t@@MMM@Z 0041d47b f   snd_dma.obj
 0001:0001c83a       ?S_StartLocalSound@@YAXPBD@Z 0041d83a f   snd_dma.obj
 0001:0001c889       ?S_ClearBuffer@@YAXXZ      0041d889 f   snd_dma.obj
 0001:0001c8f2       ?S_StopAllSounds_f@@YAXXZ  0041d8f2 f   snd_dma.obj
 0001:0001c962       ?S_AddLoopSounds@@YAXXZ    0041d962 f   snd_dma.obj
 0001:0001cb38       ?S_RawSamples@@YAXHHHHPAE@Z 0041db38 f   snd_dma.obj
 0001:0001cd3c       ?S_Update@@YAXABUCVec3@@0@Z 0041dd3c f   snd_dma.obj
 0001:0001ce12       ?GetSoundtime@@YAXXZ       0041de12 f   snd_dma.obj
 0001:0001ce79       ?S_Update_@@YAXXZ          0041de79 f   snd_dma.obj
 0001:0001d12c       ?ResampleSfx@@YAXPAUsfx_t@@HHPAE@Z 0041e12c f   snd_mem.obj
 0001:0001d247       ?S_LoadSound@@YAPAUsfxcache_t@@PAUsfx_t@@@Z 0041e247 f   snd_mem.obj
 0001:0001d5b0       ?S_WriteLinearBlastStereo16@@YAXXZ 0041e5b0 f   snd_mix.obj
 0001:0001d61a       ?S_TransferStereo16@@YAXPAKH@Z 0041e61a f   snd_mix.obj
 0001:0001d683       ?S_TransferPaintBuffer@@YAXH@Z 0041e683 f   snd_mix.obj
 0001:0001d7e7       ?S_PaintChannels@@YAXH@Z   0041e7e7 f   snd_mix.obj
 0001:0001da63       ?S_InitScaletable@@YAXXZ   0041ea63 f   snd_mix.obj
 0001:0001dba8       ?SV_ComputeAnimation@@YAXPAUplayer_state_t@@AAUentityStateEx_t@@PAU2@PAUedict_s@@@Z 0041eba8 f   sv_anim.obj
 0001:0001dfa5       ?SV_ReadLevelFile@@YAXXZ   0041efa5 f   sv_ccmds.obj
 0001:0001e053       ?SV_AddressBanned@@YA_NPAUnetadr_t@@@Z 0041f053 f   sv_ccmds.obj
 0001:0001e094       ?SV_InitCommands@@YAXXZ    0041f094 f   sv_ccmds.obj
 0001:0001f4ad       ?sprintf@?$TString@$0CI@@@QAAHPBDZZ 004204ad f i sv_ccmds.obj
 0001:0001f4c6       ?SV_WriteFrameToClient@@YAXPAUclient_t@@PAVsizebuf_t@@@Z 004204c6 f   sv_ents.obj
 0001:0001fc0c       ?SV_RecordDemoMessage@@YAXXZ 00420c0c f   sv_ents.obj
 0001:0001fdda       ?SV_MulticastOld@@YAXABUCVec3@@W4multicast_t@@@Z 00420dda f i sv_game.obj
 0001:0001fded       ?SV_StartSoundOld@@YAXPBUCVec3@@PAUedict_s@@HHMMM@Z 00420ded f i sv_game.obj
 0001:0002087b       ?SV_InitGameLibrary@@YAX_N@Z 0042187b f   sv_game.obj
 0001:00020b6d       ?SV_ShutdownGameLibrary@@YAXXZ 00421b6d f   sv_game.obj
 0001:00020cca       ?SV_FindIndex@@YAHPBDHH_N@Z 00421cca f   sv_init.obj
 0001:00020dd9       ?SV_ModelIndex@@YAHPBD@Z   00421dd9 f   sv_init.obj
 0001:00020def       ?SV_SoundIndex@@YAHPBD@Z   00421def f   sv_init.obj
 0001:00020e08       ?SV_ImageIndex@@YAHPBD@Z   00421e08 f   sv_init.obj
 0001:00020e21       ?SV_CreateBaseline@@YAXXZ  00421e21 f   sv_init.obj
 0001:00020e9e       ?SV_SpawnServer@@YAXPAD0W4server_state_t@@_N2@Z 00421e9e f   sv_init.obj
 0001:000211ee       ?SV_InitGame@@YAXXZ        004221ee f   sv_init.obj
 0001:00021416       ?SV_Map@@YAX_NPBD0@Z       00422416 f   sv_init.obj
 0001:000215d8       ?SV_DropClient@@YAXPAUclient_t@@PAD@Z 004225d8 f   sv_main.obj
 0001:00021fb5       ??0COutputDeviceMem@@QAE@H@Z 00422fb5 f i sv_main.obj
 0001:00021fe3       ?Write@COutputDeviceMem@@UAEXPBD@Z 00422fe3 f i sv_main.obj
 0001:00022068       ??_ECOutputDeviceMem@@UAEPAXI@Z 00423068 f i sv_main.obj
 0001:00022068       ??_GCOutputDeviceMem@@UAEPAXI@Z 00423068 f i sv_main.obj
 0001:00022084       ??1COutputDeviceMem@@UAE@XZ 00423084 f i sv_main.obj
 0001:000220a3       ?SV_ConnectionlessPacket@@YAXXZ 004230a3 f   sv_main.obj
 0001:0002216e       ?SV_CalcPings@@YAXXZ       0042316e f   sv_main.obj
 0001:000221f5       ?SV_GiveMsec@@YAXXZ        004231f5 f   sv_main.obj
 0001:00022234       ?SV_ReadPackets@@YAXXZ     00423234 f   sv_main.obj
 0001:0002237c       ?SV_CheckTimeouts@@YAXXZ   0042337c f   sv_main.obj
 0001:0002248d       ?SV_PostprocessFrame@@YAXXZ 0042348d f   sv_main.obj
 0001:00022960       ?SV_MulticastHook@@YAPAVsizebuf_t@@PAV1@0@Z 00423960 f   sv_main.obj
 0001:00022d50       ?SV_TraceHook@@YAXAAUtrace_t@@ABUCVec3@@PBU2@21PAUedict_s@@H@Z 00423d50 f   sv_main.obj
 0001:00022ecf       ?SV_Frame@@YAXM@Z          00423ecf f   sv_main.obj
 0001:00023182       ?SV_UserinfoChanged@@YAXPAUclient_t@@@Z 00424182 f   sv_main.obj
 0001:00023243       ?SV_InitVars@@YAXXZ        00424243 f   sv_main.obj
 0001:00023252       ?SV_Init@@YAXXZ            00424252 f   sv_main.obj
 0001:000232ab       ?SV_Shutdown@@YAXPBD_N@Z   004242ab f   sv_main.obj
 0001:000234b8       ?SV_ClientPrintf@@YAXPAUclient_t@@HPBDZZ 004244b8 f   sv_send.obj
 0001:00023513       ?SV_BroadcastPrintf@@YAXHPBDZZ 00424513 f   sv_send.obj
 0001:000235e9       ?SV_BroadcastCommand@@YAXPBDZZ 004245e9 f   sv_send.obj
 0001:00023643       ?SV_Multicast@@YAXABUCVec3@@W4multicast_t@@_N@Z 00424643 f   sv_send.obj
 0001:00023869       ?SV_StartSound@@YAXPBUCVec3@@PAUedict_s@@HHMMM_N@Z 00424869 f   sv_send.obj
 0001:00023b39       ?SV_SendClientDatagram@@YA_NPAUclient_t@@@Z 00424b39 f   sv_send.obj
 0001:00023bfb       ?SV_DemoCompleted@@YAXXZ   00424bfb f   sv_send.obj
 0001:00023c17       ?SV_SendClientMessages@@YAXXZ 00424c17 f   sv_send.obj
 0001:00023dc7       ?SV_DrawText3D@@YAXABUCVec3@@PBDI@Z 00424dc7 f   sv_text.obj
 0001:00023dfe       ?SV_ClearTexts@@YAXXZ      00424dfe f   sv_text.obj
 0001:00023e06       ?SV_DrawTexts@@YAXXZ       00424e06 f   sv_text.obj
 0001:00023e57       ??0?$TTextContainer@UCSVText@@$0BAAAA@@@QAE@XZ 00424e57 f i sv_text.obj
 0001:00023e7c       ?SV_TokenizeString@@YAXPBD@Z 00424e7c f   sv_tokenize.obj
 0001:00023f53       ?SV_Argc@@YAHXZ            00424f53 f   sv_tokenize.obj
 0001:00023f59       ?SV_Argv@@YAPADH@Z         00424f59 f   sv_tokenize.obj
 0001:00023f73       ?SV_Args@@YAPADXZ          00424f73 f   sv_tokenize.obj
 0001:00024827       ?SV_Nextserver@@YAXXZ      00425827 f   sv_user.obj
 0001:000248b6       ?SV_ClientThink@@YAXPAUclient_t@@PAUusercmd_t@@@Z 004258b6 f   sv_user.obj
 0001:00024947       ?SV_ExecuteClientMessage@@YAXPAUclient_t@@@Z 00425947 f   sv_user.obj
 0001:00024c97       ?SV_ClearWorld@@YAXXZ      00425c97 f   sv_world.obj
 0001:00024dd2       ?SV_UnlinkEdict@@YAXPAUedict_s@@@Z 00425dd2 f   sv_world.obj
 0001:00024e95       ?SV_LinkEdict@@YAXPAUedict_s@@@Z 00425e95 f   sv_world.obj
 0001:00025480       ?SV_AreaEdicts@@YAHABUCVec3@@0PAPAUedict_s@@HH@Z 00426480 f   sv_world.obj
 0001:0002561b       ?SV_PointContents@@YAHABUCVec3@@@Z 0042661b f   sv_world.obj
 0001:00025742       ?SV_Trace@@YAXAAUtrace_t@@ABUCVec3@@1ABUCBox@@PAUedict_s@@H@Z 00426742 f   sv_world.obj
 0001:00025bc1       ?InitByteDirs@@YAXXZ       00426bc1 f   anorms.obj
 0001:00025c00       ?Cbuf_AddText@@YAXPBD@Z    00426c00 f   cmd.obj
 0001:00025c62       ?Cbuf_CopyToDefer@@YAXXZ   00426c62 f   cmd.obj
 0001:00025caa       ?Cbuf_InsertFromDefer@@YAXXZ 00426caa f   cmd.obj
 0001:00025d63       ?Cbuf_Execute@@YAXXZ       00426d63 f   cmd.obj
 0001:00025e69       ?Cmd_Unalias_f@@YAX_NHPAPAD@Z 00426e69 f   cmd.obj
 0001:00025edf       ?Cmd_WriteAliases@@YAXPAVCOutputDevice@@@Z 00426edf f   cmd.obj
 0001:00025f0f       ?RegisterCommand@@YA_NPBDP6AXXZI@Z 00426f0f f   cmd.obj
 0001:00025ff0       ?UnregisterCommand@@YA_NPBD@Z 00426ff0 f   cmd.obj
 0001:00026081       ?ExecuteCommand@@YA_NPBD@Z 00427081 f   cmd.obj
 0001:000264c4       ?ExecuteCommand@@YA_NPBDPBUCSimpleCommand@@H@Z 004274c4 f   cmd.obj
 0001:00026901       ?CM_LoadMap@@YAPAUcmodel_t@@PBD_NPAI@Z 00427901 f   cmodel.obj
 0001:0002706b       ?SetSignbits@cplane_t@@QAEXXZ 0042806b f i cmodel.obj
 0001:0002709f       ?SetType@cplane_t@@QAEXXZ  0042809f f i cmodel.obj
 0001:00027114       ?CMod_LoadLeafBrushes@@YAXPAGH@Z 00428114 f i cmodel.obj
 0001:00027222       ?CM_InlineModel@@YAPAUcmodel_t@@PBD@Z 00428222 f   cmodel.obj
 0001:00027263       ?CM_NumClusters@@YAHXZ     00428263 f   cmodel.obj
 0001:00027269       ?CM_NumInlineModels@@YAHXZ 00428269 f   cmodel.obj
 0001:0002726f       ?CM_EntityString@@YAPBDXZ  0042826f f   cmodel.obj
 0001:00027275       ?CM_LeafContents@@YAHH@Z   00428275 f   cmodel.obj
 0001:0002729c       ?CM_LeafCluster@@YAHH@Z    0042829c f   cmodel.obj
 0001:00027312       ?CM_LeafArea@@YAHH@Z       00428312 f   cmodel.obj
 0001:000274d5       ?CM_HeadnodeForBox@@YAHABUCBox@@@Z 004284d5 f   cmodel.obj
 0001:0002758a       ?CM_PointLeafnum@@YAHABUCVec3@@H@Z 0042858a f   cmodel.obj
 0001:0002762d       ?DistanceTo@cplane_t@@QAEMABUCVec3@@@Z 0042862d f i cmodel.obj
 0001:00027671       ?CM_PointContents@@YAHABUCVec3@@H@Z 00428671 f   cmodel.obj
 0001:000276e6       ?CM_TransformedPointContents@@YAHABUCVec3@@H00@Z 004286e6 f   cmodel.obj
 0001:000277c7       ?CM_TransformedPointContents@@YAHABUCVec3@@H0ABUCAxis@@@Z 004287c7 f   cmodel.obj
 0001:00027872       ?CM_BoxLeafnums@@YAHABUCBox@@PAHH1H@Z 00428872 f   cmodel.obj
 0001:00027985       ?BOX_ON_PLANE_SIDE@@YAHABUCBox@@ABUcplane_t@@@Z 00428985 f i cmodel.obj
 0001:000279ef       ?CM_BoxTrace@@YAXAAUtrace_t@@ABUCVec3@@1ABUCBox@@HH@Z 004289ef f   cmodel.obj
 0001:00028387       ?CM_TransformedBoxTrace@@YAXAAUtrace_t@@ABUCVec3@@1ABUCBox@@HH11@Z 00429387 f   cmodel.obj
 0001:00028504       ?CM_TransformedBoxTrace@@YAXAAUtrace_t@@ABUCVec3@@1ABUCBox@@HH1ABUCAxis@@@Z 00429504 f   cmodel.obj
 0001:000285c1       ?CM_BrushTrace@@YAHABUCVec3@@0PAHH@Z 004295c1 f   cmodel.obj
 0001:000289b1       ?CM_RefineBrushTrace@@YAHABUCVec3@@0PAHH@Z 004299b1 f   cmodel.obj
 0001:00028a57       ?CM_ClusterPVS@@YAPAEH@Z   00429a57 f   cmodel.obj
 0001:00028b9b       ?CM_ClusterPHS@@YAPAEH@Z   00429b9b f   cmodel.obj
 0001:00028cfe       ?CM_SetAreaPortalState@@YAXH_N@Z 00429cfe f   cmodel.obj
 0001:00028d23       ?CM_AreasConnected@@YA_NHH@Z 00429d23 f   cmodel.obj
 0001:00028d67       ?CM_WriteAreaBits@@YAHPAEH@Z 00429d67 f   cmodel.obj
 0001:00028e09       ?CM_WritePortalState@@YAXPAU_iobuf@@@Z 00429e09 f   cmodel.obj
 0001:00028e23       ?CM_ReadPortalState@@YAXPAU_iobuf@@@Z 00429e23 f   cmodel.obj
 0001:00028e41       ?CM_HeadnodeVisible@@YA_NHPBE@Z 00429e41 f   cmodel.obj
 0001:00028f1c       ?Com_DPrintf@@YAXPBDZZ     00429f1c f   common.obj
 0001:00028f95       ?DebugPrintf@@YAXPBDZZ     00429f95 f   common.obj
 0001:00029044       ?IPWildcard@@YA_NPAUnetadr_t@@PBD@Z 0042a044 f   common.obj
 0001:0002911b       ?Com_ServerState@@YA?AW4server_state_t@@XZ 0042a11b f   common.obj
 0001:00029121       ?Com_SetServerState@@YAXW4server_state_t@@@Z 0042a121 f   common.obj
 0001:0002912b       ?crand@@YAMXZ              0042a12b f   common.obj
 0001:00029149       ?Info_ValueForKey@@YAPBDPBD0@Z 0042a149 f   common.obj
 0001:000291c8       ?Info_SetValueForKey@@YAXPADPBD1@Z 0042a1c8 f   common.obj
 0001:0002932b       ?Info_Print@@YAXPBD@Z      0042a32b f   common.obj
 0001:000293b1       ?Com_CheckCmdlineVar@@YA_NPBD@Z 0042a3b1 f   common.obj
 0001:00029407       ?Com_Init@@YAXPBD@Z        0042a407 f   common.obj
 0001:000297ae       ?Com_Frame@@YAXM@Z         0042a7ae f   common.obj
 0001:00029ba8       ?Com_BlockSequenceCRCByte@@YAEPAEHH@Z 0042aba8 f   crc.obj
 0001:00029c5e       ?Cvar_VariableValue@@YAMPBD@Z 0042ac5e f   cvar.obj
 0001:00029ccc       ?Cvar_VariableInt@@YAHPBD@Z 0042accc f   cvar.obj
 0001:00029cdf       ?Cvar_VariableString@@YAPBDPBD@Z 0042acdf f   cvar.obj
 0001:00029cf7       ?Cvar_Get@@YAPAUcvar_t@@PBD0H@Z 0042acf7 f   cvar.obj
 0001:00029fbe       ?Cvar_GetVars@@YAXPBUcvarInfo_t@@H@Z 0042afbe f   cvar.obj
 0001:0002a068       ?Cvar_FullSet@@YAXPAUcvar_t@@PBDI@Z 0042b068 f   cvar.obj
 0001:0002a087       ?Cvar_FullSet@@YAPAUcvar_t@@PBD0I@Z 0042b087 f   cvar.obj
 0001:0002a0c7       ?Cvar_SetValue@@YAPAUcvar_t@@PBDM@Z 0042b0c7 f   cvar.obj
 0001:0002a25e       ?Cvar_SetInteger@@YAPAUcvar_t@@PBDH@Z 0042b25e f   cvar.obj
 0001:0002a280       ?Cvar_Set@@YAPAUcvar_t@@PBD0@Z 0042b280 f   cvar.obj
 0001:0002a295       ?Cvar_ForceSet@@YAPAUcvar_t@@PBD0@Z 0042b295 f   cvar.obj
 0001:0002a2aa       ?Cvar_Clamp@@YAMPAUcvar_t@@MM@Z 0042b2aa f   cvar.obj
 0001:0002a308       ?Cvar_Command@@YA_NHPAPAD@Z 0042b308 f   cvar.obj
 0001:0002a3a1       ?IsDefault@cvar_t@@QAE_NXZ 0042b3a1 f i cvar.obj
 0001:0002a3be       ?Cvar_WriteVariables@@YAXPAVCOutputDevice@@HHPBD@Z 0042b3be f   cvar.obj
 0001:0002a444       ?Cvar_BitInfo@@YAPBDI@Z    0042b444 f   cvar.obj
 0001:0002a496       ?Cvar_Cheats@@YAX_N@Z      0042b496 f   cvar.obj
 0001:0002ad09       ?MSG_WriteDeltaEntity@@YAXPAVsizebuf_t@@PBUentityStateEx_t@@PAU2@_N33@Z 0042bd09 f   entdelta.obj
 0001:0002b2c5       ?MSG_WriteRemoveEntity@@YAXPAVsizebuf_t@@H@Z 0042c2c5 f   entdelta.obj
 0001:0002b305       ?MSG_ReadEntityBits@@YAHPAVsizebuf_t@@PAIPA_N@Z 0042c305 f   entdelta.obj
 0001:0002b376       ?MSG_ReadDeltaEntity@@YAXPAVsizebuf_t@@PBUentityStateEx_t@@PAU2@I@Z 0042c376 f   entdelta.obj
 0001:0002b3f9       ?MSG_WriteDeltaUsercmd@@YAXPAVsizebuf_t@@PBUusercmd_t@@PAU2@@Z 0042c3f9 f   entdelta.obj
 0001:0002b488       ?MSG_ReadDeltaUsercmd@@YAXPAVsizebuf_t@@PBUusercmd_t@@PAU2@@Z 0042c488 f   entdelta.obj
 0001:0002b78b       ?MSG_WriteDeltaPlayerstate@@YAXPAVsizebuf_t@@PBUplayer_state_t@@PAU2@@Z 0042c78b f   entdelta.obj
 0001:0002b894       ?MSG_ReadDeltaPlayerstate@@YAXPAVsizebuf_t@@PBUplayer_state_t@@PAU2@@Z 0042c894 f   entdelta.obj
 0001:0002b94e       ?LoadPCX@@YAXPBDAAPAE1AAH2@Z 0042c94e f   images.obj
 0001:0002ba89       ?LoadTGA@@YAXPBDAAPAEAAH2@Z 0042ca89 f   images.obj
 0001:0002bc63       ?LoadJPG@@YAXPBDAAPAEAAH2@Z 0042cc63 f   images.obj
 0001:0002befd       ?ImageExists@@YAHPBDH@Z    0042cefd f   images.obj
 0001:0002c021       ?WriteTGA@@YA_NPBDPAEHH@Z  0042d021 f   images.obj
 0001:0002c215       ?WriteJPG@@YA_NPBDPAEHH_N@Z 0042d215 f   images.obj
 0001:0002c346       ?MD4Init@@YAXPAUMD4_CTX@@@Z 0042d346 f   md4.obj
 0001:0002c36e       ?MD4Update@@YAXPAUMD4_CTX@@PAEI@Z 0042d36e f   md4.obj
 0001:0002c40c       ?MD4Final@@YAXQAEPAUMD4_CTX@@@Z 0042d40c f   md4.obj
 0001:0002cafd       ?Com_BlockChecksum@@YAIPAXH@Z 0042dafd f   md4.obj
 0001:0002cb39       ?LoadQ2BspFile@@YAXXZ      0042db39 f   model.obj
 0001:0002ceef       ?LoadBspFile@@YAPAUbspfile_t@@PBD_NPAI@Z 0042deef f   model.obj
 0001:0002d0a8       ?ProcessEntstring@@YAPADPAD@Z 0042e0a8 f   model.obj
 0001:0002df51       ?Init@sizebuf_t@@QAEXPAXH@Z 0042ef51 f   msg.obj
 0001:0002df6c       ?Write@sizebuf_t@@QAEXPBXH@Z 0042ef6c f   msg.obj
 0001:0002dfdc       ?MSG_WriteChar@@YAXPAVsizebuf_t@@H@Z 0042efdc f   msg.obj
 0001:0002dfdc       ?MSG_WriteByte@@YAXPAVsizebuf_t@@H@Z 0042efdc f   msg.obj
 0001:0002dfed       ?MSG_WriteShort@@YAXPAVsizebuf_t@@H@Z 0042efed f   msg.obj
 0001:0002dffe       ?MSG_WriteFloat@@YAXPAVsizebuf_t@@M@Z 0042effe f   msg.obj
 0001:0002dffe       ?MSG_WriteLong@@YAXPAVsizebuf_t@@H@Z 0042effe f   msg.obj
 0001:0002e00f       ?MSG_WriteString@@YAXPAVsizebuf_t@@PBD@Z 0042f00f f   msg.obj
 0001:0002e039       ?MSG_WritePos@@YAXPAVsizebuf_t@@ABUCVec3@@@Z 0042f039 f   msg.obj
 0001:0002e09d       ?MSG_WriteAngle@@YAXPAVsizebuf_t@@M@Z 0042f09d f   msg.obj
 0001:0002e0c8       ?MSG_WriteAngle16@@YAXPAVsizebuf_t@@M@Z 0042f0c8 f   msg.obj
 0001:0002e0f3       ?MSG_WriteDir@@YAXPAVsizebuf_t@@ABUCVec3@@@Z 0042f0f3 f   msg.obj
 0001:0002e15b       ?MSG_ReadDir@@YAXPAVsizebuf_t@@AAUCVec3@@@Z 0042f15b f   msg.obj
 0001:0002e18c       ?MSG_ReadChar@@YAHPAVsizebuf_t@@@Z 0042f18c f   msg.obj
 0001:0002e1ac       ?MSG_ReadByte@@YAHPAVsizebuf_t@@@Z 0042f1ac f   msg.obj
 0001:0002e1cc       ?MSG_ReadShort@@YAHPAVsizebuf_t@@@Z 0042f1cc f   msg.obj
 0001:0002e1ec       ?MSG_ReadLong@@YAHPAVsizebuf_t@@@Z 0042f1ec f   msg.obj
 0001:0002e20b       ?MSG_ReadString@@YAPADPAVsizebuf_t@@@Z 0042f20b f   msg.obj
 0001:0002e23e       ?MSG_ReadPos@@YAXPAVsizebuf_t@@AAUCVec3@@@Z 0042f23e f   msg.obj
 0001:0002e290       ?MSG_ReadAngle@@YAMPAVsizebuf_t@@@Z 0042f290 f   msg.obj
 0001:0002e2aa       ?MSG_ReadAngle16@@YAMPAVsizebuf_t@@@Z 0042f2aa f   msg.obj
 0001:0002e2c4       ?MSG_ReadData@@YAXPAVsizebuf_t@@PAXH@Z 0042f2c4 f   msg.obj
 0001:0002e2e7       ?Netchan_Init@@YAXXZ       0042f2e7 f   net_chan.obj
 0001:0002e356       ?Netchan_OutOfBandPrint@@YAXW4netsrc_t@@Unetadr_t@@PBDZZ 0042f356 f   net_chan.obj
 0001:0002e3db       ?Setup@netchan_t@@QAEXW4netsrc_t@@Unetadr_t@@H@Z 0042f3db f   net_chan.obj
 0001:0002e430       ?NeedReliable@netchan_t@@QAE_NXZ 0042f430 f   net_chan.obj
 0001:0002e455       ?Transmit@netchan_t@@QAEXPAXH@Z 0042f455 f   net_chan.obj
 0001:0002e5eb       ?Process@netchan_t@@QAE_NPAVsizebuf_t@@@Z 0042f5eb f   net_chan.obj
 0001:0002e718       ?Pmove@@YAXPAUpmove_t@@@Z  0042f718 f   pmove.obj
 0001:0003037e       ?NormalizeColor@@YAMABUCVec3@@AAU1@@Z 0043137e f   q_shared2.obj
 0001:000303da       ?NormalizeColor255@@YAMABUCVec3@@AAU1@@Z 004313da f   q_shared2.obj
 0001:0003043a       ?appRsqrt@@YAMM@Z          0043143a f   q_shared2.obj
 0001:00030466       ?AngleVectors@@YAXABUCVec3@@PAU1@11@Z 00431466 f   q_shared2.obj
 0001:000305c7       ?MakeNormalVectors@@YAXABUCVec3@@AAU1@1@Z 004315c7 f   q_shared2.obj
 0001:00030636       ?Vec2Angles@@YAXABUCVec3@@AAU1@@Z 00431636 f   q_shared2.obj
 0001:00030739       ?Vec2Yaw@@YAMABUCVec3@@@Z  00431739 f   q_shared2.obj
 0001:000307ac       ?VectorLength@@YAMABUCVec3@@@Z 004317ac f   q_shared2.obj
 0001:000307db       ?VectorDistance@@YAMABUCVec3@@0@Z 004317db f   q_shared2.obj
 0001:0003080c       ?LerpAngle@@YAMMMM@Z       0043180c f   q_shared2.obj
 0001:0003084f       ?AngleMod@@YAMM@Z          0043184f f   q_shared2.obj
 0001:0003087b       ?AngleSubtract@@YAMMM@Z    0043187b f   q_shared2.obj
 0001:000308b2       ?AnglesSubtract@@YAXABUCVec3@@0AAU1@@Z 004318b2 f   q_shared2.obj
 0001:0003090a       ?Normalize@CVec3@@QAEMXZ   0043190a f   q_shared2.obj
 0001:0003095c       ?VectorNormalize@@YAMABUCVec3@@AAU1@@Z 0043195c f   q_shared2.obj
 0001:000309c5       ?NormalizeFast@CVec3@@QAEMXZ 004319c5 f   q_shared2.obj
 0001:00030a16       ?cross@@YAXABUCVec3@@0AAU1@@Z 00431a16 f   q_shared2.obj
 0001:00030a51       ?Clear@CBox@@QAEXXZ        00431a51 f   q_shared2.obj
 0001:00030a6f       ?Expand@CBox@@QAEXABUCVec3@@@Z 00431a6f f   q_shared2.obj
 0001:00030a9e       ?Expand@CBox@@QAEXABU1@@Z  00431a9e f   q_shared2.obj
 0001:00030ada       ?GetCenter@CBox@@QAEXAAUCVec3@@@Z 00431ada f   q_shared2.obj
 0001:00030afa       ?OnPlaneSide@CBox@@QBEHABUcplane_t@@@Z 00431afa f   q_shared2.obj
 0001:00030c29       ?FromAngles@CAxis@@QAEXABUCVec3@@@Z 00431c29 f   q_shared2.obj
 0001:00030c68       ?TransformVector@CAxis@@QBEXABUCVec3@@AAU2@@Z 00431c68 f   q_shared2.obj
 0001:00030cb9       ?UnTransformVector@CAxis@@QBEXABUCVec3@@AAU2@@Z 00431cb9 f   q_shared2.obj
 0001:00030d1d       ?TransformAxis@CAxis@@QBEXABU1@AAU1@@Z 00431d1d f   q_shared2.obj
 0001:00030d63       ?UnTransformAxis@CAxis@@QBEXABU1@AAU1@@Z 00431d63 f   q_shared2.obj
 0001:00030da9       ?TransformPoint@CCoords@@QBEXABUCVec3@@AAU2@@Z 00431da9 f   q_shared2.obj
 0001:00030e07       ?UnTransformPoint@CCoords@@QBEXABUCVec3@@AAU2@@Z 00431e07 f   q_shared2.obj
 0001:00030e74       ?UnTransformCoords@CCoords@@QBEXABU1@AAU1@@Z 00431e74 f   q_shared2.obj
 0001:00030e9e       ?TransformPlane@CCoords@@QBEXABUcplane_t@@AAU2@@Z 00431e9e f   q_shared2.obj
 0001:00030ed6       ?TransformPoint@@YAXABUCVec3@@ABUCAxis@@0AAU1@@Z 00431ed6 f   q_shared2.obj
 0001:00030f39       ?UnTransformPoint@@YAXABUCVec3@@ABUCAxis@@0AAU1@@Z 00431f39 f   q_shared2.obj
 0001:00030fa9       ?COM_Parse@@YAPADAAPBD_N@Z 00431fa9 f   q_shared2.obj
 0001:000310c9       ?COM_QuoteString@@YAPBDPBD_N@Z 004320c9 f   q_shared2.obj
 0001:0003113b       ?FileExists@CQuakeFileSystem@@UAE_NPBDI@Z 0043213b f i QuakeFileSystem.obj
 0001:000311a2       ?CheckFilename@CQuakeFileSystem@@AAEXPBD@Z 004321a2 f i QuakeFileSystem.obj
 0001:00031241       ?OpenFile@CQuakeFileSystem@@UAEPAVCFile@@PBDI@Z 00432241 f i QuakeFileSystem.obj
 0001:000312d1       ?List@CQuakeFileSystem@@UAEPAVCFileList@@PBDIPAV2@@Z 004322d1 f i QuakeFileSystem.obj
 0001:0003134c       ?FS_Gamedir@@YAPBDXZ       0043234c f   QuakeFileSystem.obj
 0001:00031352       ?FS_NextPath@@YAPBDPBD@Z   00432352 f   QuakeFileSystem.obj
 0001:00031392       ?FS_CopyFile@@YAXPBD0@Z    00432392 f   QuakeFileSystem.obj
 0001:00031468       ?FS_CopyFiles@@YAXPBD0@Z   00432468 f   QuakeFileSystem.obj
 0001:00031582       ?FS_RemoveFiles@@YAXPBD@Z  00432582 f   QuakeFileSystem.obj
 0001:0003163d       ?InitFileSystem@@YAXXZ     0043263d f   QuakeFileSystem.obj
 0001:00031771       ?Create@CFileContainerPak@@SAPAVCFileContainer@@PBDPAU_iobuf@@@Z 00432771 f i QuakeFileSystem.obj
 0001:000318da       ??0CFileContainerArc@@QAE@XZ 004328da f i QuakeFileSystem.obj
 0001:00031921       ??_ECZResource@@UAEPAXI@Z  00432921 f i QuakeFileSystem.obj
 0001:00031921       ??_ECFileContainerZip@@UAEPAXI@Z 00432921 f i QuakeFileSystem.obj
 0001:00031921       ??_GCFileContainerPak@@UAEPAXI@Z 00432921 f i QuakeFileSystem.obj
 0001:00031921       ??_ECFileContainerPak@@UAEPAXI@Z 00432921 f i QuakeFileSystem.obj
 0001:00031921       ??_GCFileContainerArc@@UAEPAXI@Z 00432921 f i QuakeFileSystem.obj
 0001:00031921       ??_GCFileContainerZip@@UAEPAXI@Z 00432921 f i QuakeFileSystem.obj
 0001:00031921       ??_GCZResource@@UAEPAXI@Z  00432921 f i QuakeFileSystem.obj
 0001:00031921       ??_ECFileContainerArc@@UAEPAXI@Z 00432921 f i QuakeFileSystem.obj
 0001:0003194d       ?GetType@CFileContainerPak@@MAEPBDXZ 0043294d f i QuakeFileSystem.obj
 0001:00031953       ?OpenFile@CFileContainerPak@@MAEPAVCFile@@ABVCStringItem@@@Z 00432953 f i QuakeFileSystem.obj
 0001:000319a0       ?Read@CFilePak@CFileContainerPak@@UAEHPAXH@Z 004329a0 f i QuakeFileSystem.obj
 0001:000319d9       ?GetSize@CFilePak@CFileContainerPak@@UAEHXZ 004329d9 f i QuakeFileSystem.obj
 0001:000319e0       ?Eof@CFilePak@CFileContainerPak@@UAE_NXZ 004329e0 f i QuakeFileSystem.obj
 0001:000319ed       ??_GCFilePak@CFileContainerPak@@UAEPAXI@Z 004329ed f i QuakeFileSystem.obj
 0001:000319ed       ??_ECFilePak@CFileContainerPak@@UAEPAXI@Z 004329ed f i QuakeFileSystem.obj
 0001:00031a1f       ?Create@CFileContainerZip@@SAPAVCFileContainer@@PBDPAU_iobuf@@@Z 00432a1f f i QuakeFileSystem.obj
 0001:00031d29       ?GetType@CFileContainerZip@@MAEPBDXZ 00432d29 f i QuakeFileSystem.obj
 0001:00031d2f       ?OpenFile@CFileContainerZip@@MAEPAVCFile@@ABVCStringItem@@@Z 00432d2f f i QuakeFileSystem.obj
 0001:00031dcb       ??0CFilePak@CFileContainerZip@@QAE@ABVCFileInfo@1@PAU_iobuf@@@Z 00432dcb f i QuakeFileSystem.obj
 0001:00031e1b       ?Read@CFilePak@CFileContainerZip@@UAEHPAXH@Z 00432e1b f i QuakeFileSystem.obj
 0001:00031f64       ?GetSize@CFilePak@CFileContainerZip@@UAEHXZ 00432f64 f i QuakeFileSystem.obj
 0001:00031f6e       ?Eof@CFilePak@CFileContainerZip@@UAE_NXZ 00432f6e f i QuakeFileSystem.obj
 0001:00031f81       ??_ECFilePak@CFileContainerZip@@UAEPAXI@Z 00432f81 f i QuakeFileSystem.obj
 0001:00031f81       ??_GCFilePak@CFileContainerZip@@UAEPAXI@Z 00432f81 f i QuakeFileSystem.obj
 0001:00031f9d       ??1CFilePak@CFileContainerZip@@UAE@XZ 00432f9d f i QuakeFileSystem.obj
 0001:0003200c       ?Mount@CZResource@@SAPAVCFileContainer@@PBDPBE0PAVCFileSystem@@@Z 0043300c f i QuakeFileSystem.obj
 0001:000321b8       ?GetType@CZResource@@MAEPBDXZ 004331b8 f i QuakeFileSystem.obj
 0001:000321be       ?OpenFile@CZResource@@MAEPAVCFile@@ABVCStringItem@@@Z 004331be f i QuakeFileSystem.obj
 0001:000321ec       ??0CFileRes@CZResource@@QAE@ABVCFileInfo@1@PBXH@Z 004331ec f i QuakeFileSystem.obj
 0001:0003229f       ?Read@CFileRes@CZResource@@UAEHPAXH@Z 0043329f f i QuakeFileSystem.obj
 0001:000322f1       ?GetSize@CFileRes@CZResource@@UAEHXZ 004332f1 f i QuakeFileSystem.obj
 0001:000322f8       ?Eof@CFileRes@CZResource@@UAE_NXZ 004332f8 f i QuakeFileSystem.obj
 0001:00032305       ??_GCFileRes@CZResource@@UAEPAXI@Z 00433305 f i QuakeFileSystem.obj
 0001:00032305       ??_ECFileRes@CZResource@@UAEPAXI@Z 00433305 f i QuakeFileSystem.obj
 0001:00032334       ?MountGame@CQuakeFileSystem@@QAEXPBD@Z 00433334 f i QuakeFileSystem.obj
 0001:0003237f       ?SetGameDir@CQuakeFileSystem@@QAE_NPBD@Z 0043337f f i QuakeFileSystem.obj
 0001:0003257f       ?FS_Tick@@YAXXZ            0043357f f   QuakeFileSystem.obj
 0001:000326c8       ?CDAudio_Play@@YAXH_N@Z    004336c8 f   cd_win.obj
 0001:000328b6       ?CDAudio_Stop@@YAXXZ       004338b6 f   cd_win.obj
 0001:00032977       ?CDAudio_Update@@YAXXZ     00433977 f   cd_win.obj
 0001:00032a1a       ?CDAudio_Init@@YA_NXZ      00433a1a f   cd_win.obj
 0001:00032e3b       ?CDAudio_Shutdown@@YAXXZ   00433e3b f   cd_win.obj
 0001:00032e5e       ?CDAudio_Activate@@YAX_N@Z 00433e5e f   cd_win.obj
 0001:00032e6f       ?IN_Init@@YAXXZ            00433e6f f   in_win.obj
 0001:000330fc       ?IN_Shutdown@@YAXXZ        004340fc f   in_win.obj
 0001:00033358       ?IN_Activate@@YAX_N@Z      00434358 f   in_win.obj
 0001:00033362       ?IN_Frame@@YAXXZ           00434362 f   in_win.obj
 0001:000336c4       ?IN_Move@@YAXPAUusercmd_t@@@Z 004346c4 f   in_win.obj
 0001:00033b6d       ?NET_CompareAdr@@YA_NPAUnetadr_t@@0@Z 00434b6d f   net_wins.obj
 0001:00033ba3       ?NET_CompareBaseAdr@@YA_NPAUnetadr_t@@0@Z 00434ba3 f   net_wins.obj
 0001:00033bcc       ?NET_AdrToString@@YAPBDPAUnetadr_t@@@Z 00434bcc f   net_wins.obj
 0001:00033c0f       ?NET_StringToAdr@@YA_NPBDPAUnetadr_t@@F@Z 00434c0f f   net_wins.obj
 0001:00033d23       ?NET_IsLocalAddress@@YA_NPAUnetadr_t@@@Z 00434d23 f   net_wins.obj
 0001:00033d2f       ?NET_GetPacket@@YA_NW4netsrc_t@@PAUnetadr_t@@PAVsizebuf_t@@@Z 00434d2f f   net_wins.obj
 0001:00033e8a       ?NET_SendPacket@@YAXW4netsrc_t@@HPAXUnetadr_t@@@Z 00434e8a f   net_wins.obj
 0001:00033fa5       ?NET_Config@@YAX_N@Z       00434fa5 f   net_wins.obj
 0001:0003417d       ?NET_Init@@YAXXZ           0043517d f   net_wins.obj
 0001:00034230       ?SNDDMA_Init@@YA_NXZ       00435230 f   snd_win.obj
 0001:00034877       ?SNDDMA_GetDMAPos@@YAHXZ   00435877 f   snd_win.obj
 0001:000348c1       ?SNDDMA_BeginPainting@@YAXXZ 004358c1 f   snd_win.obj
 0001:000349d9       ?SNDDMA_Submit@@YAXXZ      004359d9 f   snd_win.obj
 0001:000349fe       ?SNDDMA_Shutdown@@YAXXZ    004359fe f   snd_win.obj
 0001:00034a03       ?S_Activate@@YAX_N@Z       00435a03 f   snd_win.obj
 0001:00034a51       ?Write@COutputDeviceWin32Console@@UAEXPBD@Z 00435a51 f i sys_win.obj
 0001:00034ac9       ?EraseInput@COutputDeviceWin32Console@@QAEXXZ 00435ac9 f i sys_win.obj
 0001:00034b4f       ?Sys_ConsoleInput@@YAPADXZ 00435b4f f   sys_win.obj
 0001:00034dd8       ?Sys_ProcessMessages@@YAXXZ 00435dd8 f   sys_win.obj
 0001:00034e91       _WinMain@16                00435e91 f   sys_win.obj
 0001:0003518e       ??_ECOutputDeviceCon@@UAEPAXI@Z 0043618e f i sys_win.obj
 0001:0003518e       ??_GCOutputDeviceCon@@UAEPAXI@Z 0043618e f i sys_win.obj
 0001:00035233       ?Init@COutputDeviceWin32Console@@QAEXXZ 00436233 f i sys_win.obj
 0001:0003525d       ?AddMsgHook@@YAXP6A_NIIJ@Z@Z 0043625d f   vid_dll.obj
 0001:000352a1       ?RemoveMsgHook@@YAXP6A_NIIJ@Z@Z 004362a1 f   vid_dll.obj
 0001:000352d0       ?Vid_CreateWindow@@YAPAXHH_N@Z 004362d0 f   vid_dll.obj
 0001:000359e0       ?Vid_DestroyWindow@@YAX_N@Z 004369e0 f   vid_dll.obj
 0001:00035a1c       ?Vid_Restart@@YAXXZ        00436a1c f   vid_dll.obj
 0001:00035a28       ?Vid_GetModeInfo@@YA_NPAH0H@Z 00436a28 f   vid_dll.obj
 0001:00035a58       ?Vid_Tick@@YAXXZ           00436a58 f   vid_dll.obj
 0001:00035c08       ?Vid_Init@@YAXXZ           00436c08 f   vid_dll.obj
 0001:00035cab       ?Vid_Shutdown@@YAXXZ       00436cab f   vid_dll.obj
 0001:00035cca       ?Tesselate@surfacePlanar_t@OpenGLDrv@@UAEXAAUrefEntity_t@2@@Z 00436cca f   gl_backend.obj
 0001:000366a6       ?Negate@CVec3@@QAEXXZ      004376a6 f i gl_backend.obj
 0001:000382de       ?Tesselate@surfacePoly_t@OpenGLDrv@@UAEXAAUrefEntity_t@2@@Z 004392de f   gl_backend.obj
 0001:000383e5       ?Tesselate@surfaceMd3_t@OpenGLDrv@@UAEXAAUrefEntity_t@2@@Z 004393e5 f   gl_backend.obj
 0001:00038774       ?DrawTriangles@OpenGLDrv@@YA_NXZ 00439774 f   gl_backend.obj
 0001:00038889       ?DrawNormals@OpenGLDrv@@YA_NXZ 00439889 f   gl_backend.obj
 0001:00038993       ?Tesselate@surfaceEntity_t@OpenGLDrv@@UAEXAAUrefEntity_t@2@@Z 00439993 f   gl_backend.obj
 0001:00038a77       ?Tesselate@surfaceParticle_t@OpenGLDrv@@UAEXAAUrefEntity_t@2@@Z 00439a77 f   gl_backend.obj
 0001:00038cc7       ?BK_DrawScene@OpenGLDrv@@YAXXZ 00439cc7 f   gl_backend.obj
 0001:000392ef       ?BK_DrawPic@OpenGLDrv@@YAXPAVshader_t@1@HHHHMMMMIE@Z 0043a2ef f   gl_backend.obj
 0001:000394d0       ?BK_DrawText@OpenGLDrv@@YAXPBDHHHHHI@Z 0043a4d0 f   gl_backend.obj
 0001:000396c5       ?BK_BeginFrame@OpenGLDrv@@YAXXZ 0043a6c5 f   gl_backend.obj
 0001:00039729       ?BK_EndFrame@OpenGLDrv@@YAXXZ 0043a729 f   gl_backend.obj
 0001:00039768       ?BK_Init@OpenGLDrv@@YAXXZ  0043a768 f   gl_backend.obj
 0001:00039797       ?BK_Shutdown@OpenGLDrv@@YAXXZ 0043a797 f   gl_backend.obj
 0001:000397af       ?AllocDynamicMemory@OpenGLDrv@@YAPAXH@Z 0043a7af f   gl_buffers.obj
 0001:0003981a       ?ResizeDynamicMemory@OpenGLDrv@@YAXPAXH@Z 0043a81a f   gl_buffers.obj
 0001:0003985c       ?AddSurfaceToPortal@OpenGLDrv@@YAXPAVsurfaceBase_t@1@PAVshader_t@1@HH@Z 0043a85c f   gl_buffers.obj
 0001:000398cd       ?InsertShaderIndex@OpenGLDrv@@YAXH@Z 0043a8cd f   gl_buffers.obj
 0001:00039906       ?ClearPortal@OpenGLDrv@@YAXXZ 0043a906 f   gl_buffers.obj
 0001:00039924       ?SortSurfaces@OpenGLDrv@@YAXPAUviewPortal_t@1@PAPAUsurfaceInfo_t@1@@Z 0043a924 f   gl_buffers.obj
 0001:00039ab6       ?ClearBuffers@OpenGLDrv@@YAXXZ 0043aab6 f   gl_buffers.obj
 0001:00039acd       ?CreateBuffers@OpenGLDrv@@YAXXZ 0043aacd f   gl_buffers.obj
 0001:00039af3       ?FreeBuffers@OpenGLDrv@@YAXXZ 0043aaf3 f   gl_buffers.obj
 0001:00039b17       ?InitEntity@model_t@OpenGLDrv@@UAE_NPAUentity_t@@PAUrefEntity_t@2@@Z 0043ab17 f   gl_frontend.obj
 0001:00039b1c       ?AddSurfaces@model_t@OpenGLDrv@@UAEXPAUrefEntity_t@2@@Z 0043ab1c f   gl_frontend.obj
 0001:00039b4a       ?GetLeaf@model_t@OpenGLDrv@@UAEPAUnode_t@2@PAUrefEntity_t@2@@Z 0043ab4a f   gl_frontend.obj
 0001:00039b5b       ?DrawLabel@model_t@OpenGLDrv@@UAEXPAUrefEntity_t@2@@Z 0043ab5b f   gl_frontend.obj
 0001:00039b5e       ?InitEntity@inlineModel_t@OpenGLDrv@@UAE_NPAUentity_t@@PAUrefEntity_t@2@@Z 0043ab5e f   gl_frontend.obj
 0001:00039bb0       ?AddSurfaces@inlineModel_t@OpenGLDrv@@UAEXPAUrefEntity_t@2@@Z 0043abb0 f   gl_frontend.obj
 0001:0003a09e       ?GetLeaf@inlineModel_t@OpenGLDrv@@UAEPAUnode_t@2@PAUrefEntity_t@2@@Z 0043b09e f   gl_frontend.obj
 0001:0003a243       ?DrawLabel@inlineModel_t@OpenGLDrv@@UAEXPAUrefEntity_t@2@@Z 0043b243 f   gl_frontend.obj
 0001:0003a289       ?InitEntity@md3Model_t@OpenGLDrv@@UAE_NPAUentity_t@@PAUrefEntity_t@2@@Z 0043b289 f   gl_frontend.obj
 0001:0003a467       ?AddSurfaces@md3Model_t@OpenGLDrv@@UAEXPAUrefEntity_t@2@@Z 0043b467 f   gl_frontend.obj
 0001:0003a5a1       ?GetLeaf@md3Model_t@OpenGLDrv@@UAEPAUnode_t@2@PAUrefEntity_t@2@@Z 0043b5a1 f   gl_frontend.obj
 0001:0003a5d9       ?DrawLabel@md3Model_t@OpenGLDrv@@UAEXPAUrefEntity_t@2@@Z 0043b5d9 f   gl_frontend.obj
 0001:0003a63f       ?InitEntity@sprModel_t@OpenGLDrv@@UAE_NPAUentity_t@@PAUrefEntity_t@2@@Z 0043b63f f   gl_frontend.obj
 0001:0003a65f       ?AddSurfaces@sprModel_t@OpenGLDrv@@UAEXPAUrefEntity_t@2@@Z 0043b65f f   gl_frontend.obj
 0001:0003a7e2       ?GetLeaf@sprModel_t@OpenGLDrv@@UAEPAUnode_t@2@PAUrefEntity_t@2@@Z 0043b7e2 f   gl_frontend.obj
 0001:0003a8c3       ?AddEntity@OpenGLDrv@@YAXPAUentity_t@@@Z 0043b8c3 f   gl_frontend.obj
 0001:0003aa52       ?AddDlight@OpenGLDrv@@YAXPAUdlight_t@@@Z 0043ba52 f   gl_frontend.obj
 0001:0003ac0a       ?DrawPortal@OpenGLDrv@@YAXXZ 0043bc0a f   gl_frontend.obj
 0001:0003cc32       ?GL_TextureMode@OpenGLDrv@@YAXPBD@Z 0043dc32 f   gl_image.obj
 0001:0003ccda       ?CreateImage@OpenGLDrv@@YAPAVimage_t@1@PBDPAXHHI@Z 0043dcda f   gl_image.obj
 0001:0003da7b       ?LoadDelayedImages@OpenGLDrv@@YAXXZ 0043ea7b f   gl_image.obj
 0001:0003db0e       ?DrawStretchRaw8@OpenGLDrv@@YAXHHHHHHPAEPAI@Z 0043eb0e f   gl_image.obj
 0001:0003dee5       ?SetupGamma@OpenGLDrv@@YAXXZ 0043eee5 f   gl_image.obj
 0001:0003e02b       ?PerformScreenshot@OpenGLDrv@@YAXXZ 0043f02b f   gl_image.obj
 0001:0003e29b       ?InitImages@OpenGLDrv@@YAXXZ 0043f29b f   gl_image.obj
 0001:0003ea78       ?ShutdownImages@OpenGLDrv@@YAXXZ 0043fa78 f   gl_image.obj
 0001:0003eadf       ?ShowImages@OpenGLDrv@@YAXXZ 0043fadf f   gl_image.obj
 0001:0003ed6b       ?FindImage@OpenGLDrv@@YAPAVimage_t@1@PBDI@Z 0043fd6b f   gl_image.obj
 0001:0003f0e7       ?GL_Lock@OpenGLDrv@@YAXXZ  004400e7 f   gl_interface.obj
 0001:0003f15f       ?GL_Unlock@OpenGLDrv@@YAXXZ 0044015f f   gl_interface.obj
 0001:0003f321       ?GL_Bind@OpenGLDrv@@YAXPBVimage_t@1@@Z 00440321 f   gl_interface.obj
 0001:0003f44b       ?GL_BindForce@OpenGLDrv@@YAXPBVimage_t@1@@Z 0044044b f   gl_interface.obj
 0001:0003f4c9       ?GL_TexEnv@OpenGLDrv@@YAXI@Z 004404c9 f   gl_interface.obj
 0001:0003f648       ?GL_TexMipBias@OpenGLDrv@@YAXM@Z 00440648 f   gl_interface.obj
 0001:0003f6a3       ?GL_TexEnvColor@OpenGLDrv@@YAXPBTcolor_t@@@Z 004406a3 f   gl_interface.obj
 0001:0003f753       ?GL_SelectTexture@OpenGLDrv@@YAXH@Z 00440753 f   gl_interface.obj
 0001:0003f7b4       ?GL_TexCoordPointer@OpenGLDrv@@YAXPAX@Z 004407b4 f   gl_interface.obj
 0001:0003f7e4       ?GL_SetMultitexture@OpenGLDrv@@YAXH@Z 004407e4 f   gl_interface.obj
 0001:0003f8ca       ?GL_DisableTexCoordArrays@OpenGLDrv@@YAXXZ 004408ca f   gl_interface.obj
 0001:0003f91e       ?GL_CullFace@OpenGLDrv@@YAXW4gl_cullMode_t@1@@Z 0044091e f   gl_interface.obj
 0001:0003f96f       ?GL_DepthRange@OpenGLDrv@@YAXW4gl_depthMode_t@1@@Z 0044096f f   gl_interface.obj
 0001:0003f9a2       ?GL_State@OpenGLDrv@@YAXI@Z 004409a2 f   gl_interface.obj
 0001:0003faf2       ?GL_EnableFog@OpenGLDrv@@YAX_N@Z 00440af2 f   gl_interface.obj
 0001:0003fbea       ?GL_SetDefaultState@OpenGLDrv@@YAXXZ 00440bea f   gl_interface.obj
 0001:0003fd46       ?GL_Set2DMode@OpenGLDrv@@YAXXZ 00440d46 f   gl_interface.obj
 0001:0003fe41       ?GL_Set3DMode@OpenGLDrv@@YAXPAUviewPortal_t@1@@Z 00440e41 f   gl_interface.obj
 0001:0003ff29       ?ShowLights@OpenGLDrv@@YAXXZ 00440f29 f   gl_light.obj
 0001:00040312       ?LightForEntity@OpenGLDrv@@YAXPAUrefEntity_t@1@@Z 00441312 f   gl_light.obj
 0001:000415a4       ?DiffuseLight@OpenGLDrv@@YAXPATcolor_t@@M@Z 004425a4 f   gl_light.obj
 0001:000417f0       ?InitLightGrid@OpenGLDrv@@YAXXZ 004427f0 f   gl_light.obj
 0001:00041896       ?PostLoadLights@OpenGLDrv@@YAXXZ 00442896 f   gl_light.obj
 0001:00041b26       ?LM_Init@OpenGLDrv@@YAXXZ  00442b26 f   gl_lightmap.obj
 0001:00041b3c       ?LM_Flush@OpenGLDrv@@YAXPAUlightmapBlock_t@1@@Z 00442b3c f   gl_lightmap.obj
 0001:00041b99       ?LM_Done@OpenGLDrv@@YAXXZ  00442b99 f   gl_lightmap.obj
 0001:00041bc0       ?LM_Save@OpenGLDrv@@YAXPAUlightmapBlock_t@1@@Z 00442bc0 f   gl_lightmap.obj
 0001:00041bd8       ?LM_Restore@OpenGLDrv@@YAXPAUlightmapBlock_t@1@@Z 00442bd8 f   gl_lightmap.obj
 0001:00041bf0       ?LM_NewBlock@OpenGLDrv@@YAPAUlightmapBlock_t@1@XZ 00442bf0 f   gl_lightmap.obj
 0001:00041c4f       ?LM_Rewind@OpenGLDrv@@YAXXZ 00442c4f f   gl_lightmap.obj
 0001:00041c57       ?LM_NextBlock@OpenGLDrv@@YAPAUlightmapBlock_t@1@XZ 00442c57 f   gl_lightmap.obj
 0001:00041c84       ?LM_CheckMinlight@OpenGLDrv@@YAXPAUdynamicLightmap_t@1@@Z 00442c84 f   gl_lightmap.obj
 0001:00041d1a       ?LM_AllocBlock@OpenGLDrv@@YA_NPAUlightmapBlock_t@1@PAUdynamicLightmap_t@1@@Z 00442d1a f   gl_lightmap.obj
 0001:00041dd1       ?LM_PutBlock@OpenGLDrv@@YAXPAUdynamicLightmap_t@1@@Z 00442dd1 f   gl_lightmap.obj
 0001:000421fe       ?LM_SortLightStyles@OpenGLDrv@@YAXPAUdynamicLightmap_t@1@@Z 004431fe f   gl_lightmap.obj
 0001:0004228f       ?UpdateDynamicLightmap@OpenGLDrv@@YAXPAVsurfacePlanar_t@1@_NI@Z 0044328f f   gl_lightmap.obj
 0001:000427a1       ?LM_IsMonotone@OpenGLDrv@@YA_NPAUdynamicLightmap_t@1@PATcolor_t@@@Z 004437a1 f   gl_lightmap.obj
 0001:000428a8       ?Init@OpenGLDrv@@YA_NXZ    004438a8 f   gl_main.obj
 0001:00042eed       ?Shutdown@OpenGLDrv@@YAX_N@Z 00443eed f   gl_main.obj
 0001:00042f76       ?GL_EnableRendering@OpenGLDrv@@YAX_N@Z 00443f76 f   gl_main.obj
 0001:00042f91       ?BeginFrame@OpenGLDrv@@YAXN@Z 00443f91 f   gl_main.obj
 0001:000430bb       ?EndFrame@OpenGLDrv@@YAXXZ 004440bb f   gl_main.obj
 0001:000430d3       ?RenderFrame@OpenGLDrv@@YAXPAUrefdef_t@@@Z 004440d3 f   gl_main.obj
 0001:0004399b       ?Fill8@OpenGLDrv@@YAXHHHHH@Z 0044499b f   gl_main.obj
 0001:000439de       ?Fill@OpenGLDrv@@YAXHHHHI@Z 004449de f   gl_main.obj
 0001:00043a1a       ?TileClear@OpenGLDrv@@YAXHHHHPBD@Z 00444a1a f   gl_main.obj
 0001:00043abb       ?DrawStretchPic@OpenGLDrv@@YAXHHHHPBD@Z 00444abb f   gl_main.obj
 0001:00043b00       ?DrawDetailedPic@OpenGLDrv@@YAXHHHHPBD@Z 00444b00 f   gl_main.obj
 0001:00043baa       ?DrawPic@OpenGLDrv@@YAXHHPBDHH@Z 00444baa f   gl_main.obj
 0001:00043c32       ?LoadNewWorld@OpenGLDrv@@YAXPBD@Z 00444c32 f   gl_main.obj
 0001:00043c64       ?DumpLoadStats@OpenGLDrv@@YAXXZ 00444c64 f   gl_main.obj
 0001:00043cea       ?FinishLoadingWorld@OpenGLDrv@@YAXXZ 00444cea f   gl_main.obj
 0001:00043cef       ?RegisterPic@OpenGLDrv@@YAPAVCBasicImage@@PBD@Z 00444cef f   gl_main.obj
 0001:00043d00       ?RegisterSkin@OpenGLDrv@@YAPAVCBasicImage@@PBD_N@Z 00444d00 f   gl_main.obj
 0001:00043d1e       ?RegisterModel@OpenGLDrv@@YAPAVCRenderModel@@PBD@Z 00444d1e f   gl_main.obj
 0001:00043d29       ?SetSky@OpenGLDrv@@YAXPBDMABUCVec3@@@Z 00444d29 f   gl_main.obj
 0001:00043dc7       ?Screenshot@OpenGLDrv@@YAXHPBD@Z 00444dc7 f   gl_main.obj
 0001:00043dee       ?GetClientLight@OpenGLDrv@@YAMXZ 00444dee f   gl_main.obj
 0001:00043df5       ?InitFuncTables@OpenGLDrv@@YAXXZ 00444df5 f   gl_math.obj
 0001:00043f9b       ?BuildRotationAxis@OpenGLDrv@@YAXAAUCAxis@@ABUCVec3@@M@Z 00444f9b f   gl_math.obj
 0001:00044092       ?GetBoxRect@OpenGLDrv@@YA_NPBUrefEntity_t@1@ABUCVec3@@QAM2_N@Z 00445092 f   gl_math.obj
 0001:0004439c       ?ProjectToScreen@OpenGLDrv@@YA_NABUCVec3@@QAH@Z 0044539c f   gl_math.obj
 0001:000444df       ?SaturateColor3f@OpenGLDrv@@YAXAAUCVec3@@@Z 004454df f   gl_math.obj
 0001:000445cf       ?SaturateColor4b@OpenGLDrv@@YAXPATcolor_t@@@Z 004455cf f   gl_math.obj
 0001:000446dd       ?SubdividePlane@OpenGLDrv@@YAHPAPAUCVec3@@HM@Z 004456dd f   gl_poly.obj
 0001:00044b5e       ?FreeSubdividedPlane@OpenGLDrv@@YAXXZ 00445b5e f   gl_poly.obj
 0001:00044b76       ?GetSubdivideIndexes@OpenGLDrv@@YAXPAH@Z 00445b76 f   gl_poly.obj
 0001:00044bc9       ?RemoveCollinearPoints@OpenGLDrv@@YAHPAPAUCVec3@@H@Z 00445bc9 f   gl_poly.obj
 0001:00044cbf       ?GetPolyArea@OpenGLDrv@@YAMPAPAUCVec3@@H@Z 00445cbf f   gl_poly.obj
 0001:00044d53       ?InitShaders@OpenGLDrv@@YAXXZ 00445d53 f   gl_shader.obj
 0001:00044ed8       ?ShutdownShaders@OpenGLDrv@@YAXXZ 00445ed8 f   gl_shader.obj
 0001:00044f16       ?GetLightmapImage@OpenGLDrv@@YAPAVimage_t@1@H@Z 00445f16 f   gl_shader.obj
 0001:00044f3e       ?SetShaderLightmap@OpenGLDrv@@YAPAVshader_t@1@PAV21@H@Z 00445f3e f   gl_shader.obj
 0001:0004525d       ??4shader_t@OpenGLDrv@@QAEAAV01@ABV01@@Z 0044625d f i gl_shader.obj
 0001:00045493       ?SetShaderLightstyles@OpenGLDrv@@YAPAVshader_t@1@PAV21@I@Z 00446493 f   gl_shader.obj
 0001:0004552f       ?GetAlphaShader@OpenGLDrv@@YAPAVshader_t@1@PAV21@@Z 0044652f f   gl_shader.obj
 0001:00045925       ?FindShader@OpenGLDrv@@YAPAVshader_t@1@PBDI@Z 00446925 f   gl_shader.obj
 0001:00047295       ?GetShaderByNum@OpenGLDrv@@YAPAVshader_t@1@H@Z 00448295 f   gl_shader.obj
 0001:000472b3       ?ResetShaders@OpenGLDrv@@YAXXZ 004482b3 f   gl_shader.obj
 0001:0004749e       ?Reload@shader_t@OpenGLDrv@@UAEXXZ 0044849e f   gl_shader.obj
 0001:000474cd       ?ClearSky@OpenGLDrv@@YAXXZ 004484cd f   gl_sky.obj
 0001:0004752a       ?AddSkySurface@OpenGLDrv@@YAXPAVsurfacePlanar_t@1@E@Z 0044852a f   gl_sky.obj
 0001:00047af2       ?DrawSky@OpenGLDrv@@YAXXZ  00448af2 f   gl_sky.obj
 0001:00048196       ?DrawChar@OpenGLDrv@@YAXHHHH@Z 00449196 f   gl_text.obj
 0001:000481f0       ?ClearTexts@OpenGLDrv@@YAXXZ 004491f0 f   gl_text.obj
 0001:00048205       ?FlushTexts@OpenGLDrv@@YAXXZ 00449205 f   gl_text.obj
 0001:000482b1       ?DrawTextPos@OpenGLDrv@@YAXHHPBDI@Z 004492b1 f   gl_text.obj
 0001:000482dd       ?DrawTextLeft@OpenGLDrv@@YAXPBDI@Z 004492dd f   gl_text.obj
 0001:00048364       ?DrawTextRight@OpenGLDrv@@YAXPBDI@Z 00449364 f   gl_text.obj
 0001:000483ae       ?DrawText3D@OpenGLDrv@@YAXABUCVec3@@PBDI@Z 004493ae f   gl_text.obj
 0001:000483db       ?InitTexts@OpenGLDrv@@YAXXZ 004493db f   gl_text.obj
 0001:000483f5       ??0?$TTextContainer@UCRText@OpenGLDrv@@$0BAAAA@@@QAE@XZ 004493f5 f i gl_text.obj
 0001:0004841a       ?FindModel@OpenGLDrv@@YAPAVmodel_t@1@PBD@Z 0044941a f   gl_model.obj
 0001:000485f6       ?FreeModels@OpenGLDrv@@YAXXZ 004495f6 f   gl_model.obj
 0001:00048668       ?InitModels@OpenGLDrv@@YAXXZ 00449668 f   gl_model.obj
 0001:0004875e       ?ShutdownModels@OpenGLDrv@@YAXXZ 0044975e f   gl_model.obj
 0001:0004876f       ?LoadWorldMap@OpenGLDrv@@YAXPBD@Z 0044976f f   gl_bspmodel.obj
 0001:0004a277       ?PointInLeaf@OpenGLDrv@@YAPAUnode_t@1@ABUCVec3@@@Z 0044b277 f   gl_bspmodel.obj
 0001:0004a2c2       ?CALL_CONSTRUCTOR@@YAXPAVinlineModel_t@OpenGLDrv@@@Z 0044b2c2 f i gl_bspmodel.obj
 0001:0004a2d8       ?LerpTag@model_t@OpenGLDrv@@UBE_NHHMPBDAAUCCoords@@@Z 0044b2d8 f   gl_trimodel.obj
 0001:0004a2e6       ?LerpTag@md3Model_t@OpenGLDrv@@UBE_NHHMPBDAAUCCoords@@@Z 0044b2e6 f   gl_trimodel.obj
 0001:0004a3f6       ?LoadMd2@OpenGLDrv@@YAPAVmd3Model_t@1@PBDPAEI@Z 0044b3f6 f   gl_trimodel.obj
 0001:0004af58       ?ATAN2_FUNC@OpenGLDrv@@YAMMM@Z 0044bf58 f i gl_trimodel.obj
 0001:0004b10e       ?LoadMd3@OpenGLDrv@@YAPAVmd3Model_t@1@PBDPAEI@Z 0044c10e f   gl_trimodel.obj
 0001:0004b5c3       ?LoadSp2@OpenGLDrv@@YAPAVsprModel_t@1@PBDPAEI@Z 0044c5c3 f   gl_trimodel.obj
 0001:0004b7db       ?LoadSpr@OpenGLDrv@@YAPAVsprModel_t@1@PBDPAEI@Z 0044c7db f   gl_trimodel.obj
 0001:0004b8e4       ?CALL_CONSTRUCTOR@@YAXPAVmd3Model_t@OpenGLDrv@@@Z 0044c8e4 f i gl_trimodel.obj
 0001:0004b8fa       ?CALL_CONSTRUCTOR@@YAXPAVsprModel_t@OpenGLDrv@@@Z 0044c8fa f i gl_trimodel.obj
 0001:0004ceb7       ?QGL_Init@OpenGLDrv@@YA_NPBD@Z 0044deb7 f   GLBind.obj
 0001:0004cf9d       ?QGL_Shutdown@OpenGLDrv@@YAXXZ 0044df9d f   GLBind.obj
 0001:0004cfda       ?QGL_InitExtensions@OpenGLDrv@@YAXXZ 0044dfda f   GLBind.obj
 0001:0004d4c4       ?QGL_PrintExtensionsString@OpenGLDrv@@YAXPBD00@Z 0044e4c4 f   GLBind.obj
 0001:0004d611       ?QGL_EnableLogging@OpenGLDrv@@YAX_N@Z 0044e611 f   GLBind.obj
 0001:0004d6b7       ?QGL_LogMessage@OpenGLDrv@@YAXPBD@Z 0044e6b7 f   GLBind.obj
 0001:0004d6cd       ?QGL_SwapBuffers@OpenGLDrv@@YAXXZ 0044e6cd f   GLBind.obj
 0001:0004d74f       ?GLimp_HasGamma@OpenGLDrv@@YA_NXZ 0044e74f f   gl_win.obj
 0001:0004d763       ?GLimp_SetGamma@OpenGLDrv@@YAXM@Z 0044e763 f   gl_win.obj
 0001:0004d909       ?GLimp_SetMode@OpenGLDrv@@YA_NPAI0H_N@Z 0044e909 f   gl_win.obj
 0001:0004dcdd       ?GLimp_Shutdown@OpenGLDrv@@YAX_N@Z 0044ecdd f   gl_win.obj
 0001:0004dd8a       ?AppActivate@OpenGLDrv@@YAX_N@Z 0044ed8a f   gl_win.obj
 0001:0004ddfa       _jpeg_CreateDecompress     0044edfa f   libs:jdapimin.obj
 0001:0004deba       _jpeg_read_header          0044eeba f   libs:jdapimin.obj
 0001:0004df1c       _jpeg_consume_input        0044ef1c f   libs:jdapimin.obj
 0001:0004e16b       _jpeg_finish_decompress    0044f16b f   libs:jdapimin.obj
 0001:0004e202       _jpeg_start_decompress     0044f202 f   libs:jdapistd.obj
 0001:0004e36f       _jpeg_read_scanlines       0044f36f f   libs:jdapistd.obj
 0001:0004e3f3       _jpeg_resync_to_restart    0044f3f3 f   libs:jdmarker.obj
 0001:0004e5b8       _jinit_marker_reader       0044f5b8 f   libs:jdmarker.obj
 0001:0004fa83       _jpeg_CreateCompress       00450a83 f   libs:jcapimin.obj
 0001:0004fb37       _jpeg_destroy_decompress   00450b37 f   libs:jcapimin.obj
 0001:0004fb37       _jpeg_destroy_compress     00450b37 f   libs:jcapimin.obj
 0001:0004fb42       _jpeg_suppress_tables      00450b42 f   libs:jcapimin.obj
 0001:0004fb8c       _jpeg_finish_compress      00450b8c f   libs:jcapimin.obj
 0001:0004fc76       _jpeg_start_compress       00450c76 f   libs:jcapistd.obj
 0001:0004fce2       _jpeg_write_scanlines      00450ce2 f   libs:jcapistd.obj
 0001:0004fd8d       _jpeg_add_quant_table      00450d8d f   libs:jcparam.obj
 0001:0004fe3f       _jpeg_quality_scaling      00450e3f f   libs:jcparam.obj
 0001:0004fe66       _jpeg_set_quality          00450e66 f   libs:jcparam.obj
 0001:0004fea0       _jpeg_set_defaults         00450ea0 f   libs:jcparam.obj
 0001:00050066       _jpeg_default_colorspace   00451066 f   libs:jcparam.obj
 0001:000500b6       _jpeg_set_colorspace       004510b6 f   libs:jcparam.obj
[...]
 0001:0005efbb       _process_restart           0045ffbb f   libs:jddiffct.obj
 0001:0005cfdb       _dummy_consume_data        0045dfdb f   libs:jdcoefct.obj
 0001:0005eff0       _consume_data              0045fff0 f   libs:jddiffct.obj
 0001:0005f067       _output_data               00460067 f   libs:jddiffct.obj
 0001:0005eaee       _start_pass                0045faee f   libs:jddctmgr.obj
 0001:0005df40       _start_pass_phuff_decoder  0045ef40 f   libs:jdphuff.obj
 0001:0005e189       _decode_mcu_DC_first       0045f189 f   libs:jdphuff.obj
 0001:0005e381       _process_restart           0045f381 f   libs:jdphuff.obj
 0001:0005e3f0       _decode_mcu_AC_first       0045f3f0 f   libs:jdphuff.obj
 0001:0005e610       _decode_mcu_DC_refine      0045f610 f   libs:jdphuff.obj
 0001:0005e6e5       _decode_mcu_AC_refine      0045f6e5 f   libs:jdphuff.obj
 0001:0005d987       _start_pass_huff_decoder   0045e987 f   libs:jdshuff.obj
 0001:0005dabf       _decode_mcu                0045eabf f   libs:jdshuff.obj
 0001:0005de6f       _process_restart           0045ee6f f   libs:jdshuff.obj
 0001:0005cd6d       _start_input_pass          0045dd6d f   libs:jdcoefct.obj
 0001:0005cd80       _start_iMCU_row            0045dd80 f   libs:jdcoefct.obj
 0001:0005cdc5       _start_output_pass         0045ddc5 f   libs:jdcoefct.obj
 0001:0005ce02       _decompress_onepass        0045de02 f   libs:jdcoefct.obj
 0001:0005cfdb       _dummy_consume_data        0045dfdb f   libs:jdcoefct.obj
 0001:0005cfde       _consume_data              0045dfde f   libs:jdcoefct.obj
 0001:0005d197       _decompress_data           0045e197 f   libs:jdcoefct.obj
 0001:0005d303       _smoothing_ok              0045e303 f   libs:jdcoefct.obj
 0001:0005d3ee       _decompress_smooth_data    0045e3ee f   libs:jdcoefct.obj
 0001:0005cc06       _scaler_start_pass         0045dc06 f   libs:jcscale.obj
 0001:0005cc29       _simple_downscale          0045dc29 f   libs:jcscale.obj
 0001:0005cc55       _noscale                   0045dc55 f   libs:jcscale.obj
 0001:0005c6fe       _start_pass                0045d6fe f   libs:jcpred.obj
 0001:0005c756       _reset_predictor           0045d756 f   libs:jcpred.obj
 0001:0005c783       _jpeg_difference_first_row 0045d783 f   libs:jcpred.obj
 0001:0005c86d       _jpeg_difference1          0045d86d f   libs:jcpred.obj
 0001:0005c8db       _jpeg_difference2          0045d8db f   libs:jcpred.obj
 0001:0005c94c       _jpeg_difference3          0045d94c f   libs:jcpred.obj
 0001:0005c9c4       _jpeg_difference4          0045d9c4 f   libs:jcpred.obj
 0001:0005ca4f       _jpeg_difference5          0045da4f f   libs:jcpred.obj
 0001:0005cae2       _jpeg_difference6          0045dae2 f   libs:jcpred.obj
 0001:0005cb71       _jpeg_difference7          0045db71 f   libs:jcpred.obj
 0001:0005bff0       _start_pass_huff           0045cff0 f   libs:jclhuff.obj
 0001:0005c18d       _encode_mcus_huff          0045d18d f   libs:jclhuff.obj
 0001:0005c378       _emit_bits                 0045d378 f   libs:jclhuff.obj
 0001:0005c41b       _dump_buffer               0045d41b f   libs:jclhuff.obj
 0001:0005c43f       _emit_restart              0045d43f f   libs:jclhuff.obj
 0001:0005c48a       _flush_bits                0045d48a f   libs:jclhuff.obj
 0001:0005c4ae       _finish_pass_huff          0045d4ae f   libs:jclhuff.obj
 0001:0005c51b       _encode_mcus_gather        0045d51b f   libs:jclhuff.obj
 0001:0005c644       _finish_pass_gather        0045d644 f   libs:jclhuff.obj
 0001:0005ad15       _need_optimization_pass    0045bd15 f   libs:jcshuff.obj
 0001:0005bc10       _start_pass_diff           0045cc10 f   libs:jcdiffct.obj
 0001:00059f16       _start_iMCU_row            0045af16 f   libs:jccoefct.obj
 0001:0005bcae       _compress_data             0045ccae f   libs:jcdiffct.obj
 0001:0005be44       _compress_first_pass       0045ce44 f   libs:jcdiffct.obj
 0001:0005bf39       _compress_output           0045cf39 f   libs:jcdiffct.obj
 0001:0005b823       _start_pass_fdctmgr        0045c823 f   libs:jcdctmgr.obj
 0001:0005b925       _forward_DCT_float         0045c925 f   libs:jcdctmgr.obj
 0001:0005ad58       _start_pass_phuff          0045bd58 f   libs:jcphuff.obj
 0001:0005aec5       _encode_mcu_DC_first       0045bec5 f   libs:jcphuff.obj
 0001:0005aff7       _emit_bits                 0045bff7 f   libs:jcphuff.obj
 0001:0005b0a2       _dump_buffer               0045c0a2 f   libs:jcphuff.obj
 0001:0005b0da       _emit_symbol               0045c0da f   libs:jcphuff.obj
 0001:0005b11a       _emit_restart              0045c11a f   libs:jcphuff.obj
 0001:0005b1a3       _emit_eobrun               0045c1a3 f   libs:jcphuff.obj
 0001:0005b229       _encode_mcu_AC_first       0045c229 f   libs:jcphuff.obj
 0001:0005b3bd       _encode_mcu_DC_refine      0045c3bd f   libs:jcphuff.obj
 0001:0005b477       _encode_mcu_AC_refine      0045c477 f   libs:jcphuff.obj
 0001:0005b68e       _finish_pass_phuff         0045c68e f   libs:jcphuff.obj
 0001:0005b6dd       _finish_pass_gather_phuff  0045c6dd f   libs:jcphuff.obj
 0001:0005b7a0       _need_optimization_pass    0045c7a0 f   libs:jcphuff.obj
 0001:0005a4f0       _start_pass_huff           0045b4f0 f   libs:jcshuff.obj
 0001:0005a665       _encode_mcu_huff           0045b665 f   libs:jcshuff.obj
 0001:0005a770       _encode_one_block          0045b770 f   libs:jcshuff.obj
 0001:0005a8e7       _emit_bits                 0045b8e7 f   libs:jcshuff.obj
 0001:0005a98a       _dump_buffer               0045b98a f   libs:jcshuff.obj
 0001:0005a9ae       _emit_restart              0045b9ae f   libs:jcshuff.obj
 0001:0005aa1b       _flush_bits                0045ba1b f   libs:jcshuff.obj
 0001:0005aa3f       _finish_pass_huff          0045ba3f f   libs:jcshuff.obj
 0001:0005aaae       _encode_mcu_gather         0045baae f   libs:jcshuff.obj
 0001:0005ab64       _htest_one_block           0045bb64 f   libs:jcshuff.obj
 0001:0005ac2b       _finish_pass_gather        0045bc2b f   libs:jcshuff.obj
 0001:0005ad15       _need_optimization_pass    0045bd15 f   libs:jcshuff.obj
 0001:00059e81       _start_pass_coef           0045ae81 f   libs:jccoefct.obj
 0001:00059f16       _start_iMCU_row            0045af16 f   libs:jccoefct.obj
 0001:00059f58       _compress_data             0045af58 f   libs:jccoefct.obj
 0001:0005a13f       _compress_first_pass       0045b13f f   libs:jccoefct.obj
 0001:0005a325       _compress_output           0045b325 f   libs:jccoefct.obj
 0001:00059d99       _calc_output_dimensions    0045ad99 f   libs:jdlossls.obj
 0001:00059daa       _start_input_pass          0045adaa f   libs:jdlossls.obj
 0001:00059ad8       _calc_output_dimensions    0045aad8 f   libs:jdlossy.obj
 0001:00059c4b       _start_input_pass          0045ac4b f   libs:jdlossy.obj
 0001:00059c6b       _latch_quant_tables        0045ac6b f   libs:jdlossy.obj
 0001:00059d03       _start_output_pass         0045ad03 f   libs:jdlossy.obj
 0001:00059a27       _start_pass                0045aa27 f   libs:jclossls.obj
 0001:00059993       _start_pass                0045a993 f   libs:jclossy.obj
 0001:00058ee8       _initial_setup             00459ee8 f   libs:jcmaster.obj
 0001:0005909b       _validate_script           0045a09b f   libs:jcmaster.obj
 0001:00059473       _prepare_for_pass          0045a473 f   libs:jcmaster.obj
 0001:000595eb       _select_scan_parameters    0045a5eb f   libs:jcmaster.obj
 0001:000596ec       _per_scan_setup            0045a6ec f   libs:jcmaster.obj
 0001:00059897       _pass_startup              0045a897 f   libs:jcmaster.obj
 0001:000598be       _finish_pass_master        0045a8be f   libs:jcmaster.obj
 0001:000589d4       _rgb_ycc_start             004599d4 f   libs:jccolor.obj
 0001:00058a98       _rgb_ycc_convert           00459a98 f   libs:jccolor.obj
 0001:00058b97       _rgb_gray_convert          00459b97 f   libs:jccolor.obj
 0001:00058c1c       _cmyk_ycck_convert         00459c1c f   libs:jccolor.obj
 0001:00058d54       _grayscale_convert         00459d54 f   libs:jccolor.obj
 0001:00058dae       _null_convert              00459dae f   libs:jccolor.obj
 0001:0002be91       _null_method               0042ce91 f   images.obj
 0001:0002be91       _start_pass_downsample     0042ce91 f   images.obj
 0001:00058120       _sep_downsample            00459120 f   libs:jcsample.obj
 0001:00058195       _int_downsample            00459195 f   libs:jcsample.obj
 0001:0005828d       _expand_right_edge         0045928d f   libs:jcsample.obj
 0001:000582e2       _fullsize_downsample       004592e2 f   libs:jcsample.obj
 0001:00058326       _h2v1_downsample           00459326 f   libs:jcsample.obj
 0001:000583ba       _h2v2_downsample           004593ba f   libs:jcsample.obj
 0001:00058467       _h2v2_smooth_downsample    00459467 f   libs:jcsample.obj
 0001:000586df       _fullsize_smooth_downsample 004596df f   libs:jcsample.obj
 0001:00057b1c       _start_pass_prep           00458b1c f   libs:jcprepct.obj
 0001:00057b5a       _pre_process_data          00458b5a f   libs:jcprepct.obj
 0001:00057d08       _pre_process_context       00458d08 f   libs:jcprepct.obj
 0001:00057ec1       _create_context_buffer     00458ec1 f   libs:jcprepct.obj
 0001:00057994       _start_pass_main           00458994 f   libs:jcmainct.obj
 0001:000579d6       _process_data_simple_main  004589d6 f   libs:jcmainct.obj
 0001:00056f6a       _create_colormap           00457f6a f   libs:jquant1.obj
 0001:0005709c       _select_ncolors            0045809c f   libs:jquant1.obj
 0001:00057173       _create_colorindex         00458173 f   libs:jquant1.obj
 0001:0005729f       _alloc_fs_workspace        0045829f f   libs:jquant1.obj
 0001:000572db       _start_pass_1_quant        004582db f   libs:jquant1.obj
 0001:000573a7       _create_odither_tables     004583a7 f   libs:jquant1.obj
 0001:00057406       _make_odither_array        00458406 f   libs:jquant1.obj
 0001:00057469       _color_quantize            00458469 f   libs:jquant1.obj
 0001:000574f4       _color_quantize3           004584f4 f   libs:jquant1.obj
 0001:00057582       _quantize_ord_dither       00458582 f   libs:jquant1.obj
 0001:0005766d       _quantize3_ord_dither      0045866d f   libs:jquant1.obj
 0001:0005776d       _quantize_fs_dither        0045876d f   libs:jquant1.obj
 0001:0002be91       _finish_pass_1_quant       0042ce91 f   images.obj
 0001:000578f1       _new_color_map_1_quant     004588f1 f   libs:jquant1.obj
 0001:00055f2b       _init_error_limit          00456f2b f   libs:jquant2.obj
 0001:00055fca       _start_pass_2_quant        00456fca f   libs:jquant2.obj
 0001:000560cc       _prescan_quantize          004570cc f   libs:jquant2.obj
 0001:0005613b       _pass2_no_dither           0045713b f   libs:jquant2.obj
 0001:000561e8       _fill_inverse_cmap         004571e8 f   libs:jquant2.obj
 0001:000562b3       _find_nearby_colors        004572b3 f   libs:jquant2.obj
 0001:00056457       _find_best_colors          00457457 f   libs:jquant2.obj
 0001:00056571       _pass2_fs_dither           00457571 f   libs:jquant2.obj
 0001:000567e0       _finish_pass1              004577e0 f   libs:jquant2.obj
 0001:00056802       _select_colors             00457802 f   libs:jquant2.obj
 0001:0005688e       _update_box                0045788e f   libs:jquant2.obj
 0001:00056c28       _median_cut                00457c28 f   libs:jquant2.obj
 0001:00056d3c       _find_biggest_color_pop    00457d3c f   libs:jquant2.obj
 0001:00056d6b       _find_biggest_volume       00457d6b f   libs:jquant2.obj
 0001:00056d94       _compute_color             00457d94 f   libs:jquant2.obj
 0001:0002be91       _finish_pass2              0042ce91 f   images.obj
 0001:00056ed0       _new_color_map_2_quant     00457ed0 f   libs:jquant2.obj
 0001:00055942       _build_ycc_rgb_table       00456942 f   libs:jdmerge.obj
 0001:000559f2       _start_pass_merged_upsample 004569f2 f   libs:jdmerge.obj
 0001:00055a07       _merged_2v_upsample        00456a07 f   libs:jdmerge.obj
 0001:00055aae       _merged_1v_upsample        00456aae f   libs:jdmerge.obj
 0001:00055adf       _h2v1_merged_upsample      00456adf f   libs:jdmerge.obj
 0001:00055c35       _h2v2_merged_upsample      00456c35 f   libs:jdmerge.obj
 0001:000554e6       _build_ycc_rgb_table       004564e6 f   libs:jdcolor.obj
 0001:00055596       _ycc_rgb_convert           00456596 f   libs:jdcolor.obj
 0001:000556a4       _null_convert              004566a4 f   libs:jdcolor.obj
 0001:0005571c       _grayscale_convert         0045671c f   libs:jdcolor.obj
 0001:0005573f       _gray_rgb_convert          0045673f f   libs:jdcolor.obj
 0001:00055798       _ycck_cmyk_convert         00456798 f   libs:jdcolor.obj
 0001:0002be91       _start_pass_dcolor         0042ce91 f   images.obj
 0001:00054f47       _start_pass_upsample       00455f47 f   libs:jdsample.obj
 0001:00054f61       _sep_upsample              00455f61 f   libs:jdsample.obj
 0001:0005502e       _fullsize_upsample         0045602e f   libs:jdsample.obj
 0001:00055039       _noop_upsample             00456039 f   libs:jdsample.obj
 0001:00055041       _int_upsample              00456041 f   libs:jdsample.obj
 0001:0005512b       _h2v1_upsample             0045612b f   libs:jdsample.obj
 0001:00055182       _h2v2_upsample             00456182 f   libs:jdsample.obj
 0001:000551f4       _h2v1_fancy_upsample       004561f4 f   libs:jdsample.obj
 0001:00055297       _h2v2_fancy_upsample       00456297 f   libs:jdsample.obj
 0001:00054b50       _start_pass_dpost          00455b50 f   libs:jdpostct.obj
 0001:00054bf6       _post_process_1pass        00455bf6 f   libs:jdpostct.obj
 0001:00054c5b       _post_process_prepass      00455c5b f   libs:jdpostct.obj
 0001:00054cec       _post_process_2pass        00455cec f   libs:jdpostct.obj
 0001:00054557       _alloc_funny_pointers      00455557 f   libs:jdmainct.obj
 0001:00054604       _start_pass_main           00455604 f   libs:jdmainct.obj
 0001:0005466c       _make_funny_pointers       0045566c f   libs:jdmainct.obj
 0001:000547ac       _process_data_simple_main  004557ac f   libs:jdmainct.obj
 0001:00054814       _process_data_context_main 00455814 f   libs:jdmainct.obj
 0001:00054926       _set_wraparound_pointers   00455926 f   libs:jdmainct.obj
 0001:00054a10       _set_bottom_pointers       00455a10 f   libs:jdmainct.obj
 0001:00054aaa       _process_data_crank_post   00455aaa f   libs:jdmainct.obj
 0001:00053280       _write_marker_header       00454280 f   libs:jcmarker.obj
 0001:000532d6       _emit_byte                 004542d6 f   libs:jcmarker.obj
 0001:00053307       _write_marker_byte         00454307 f   libs:jcmarker.obj
 0001:00053317       _write_file_header         00454317 f   libs:jcmarker.obj
 0001:00053363       _emit_jfif_app0            00454363 f   libs:jcmarker.obj
 0001:00053436       _emit_adobe_app14          00454436 f   libs:jcmarker.obj
 0001:000534dc       _write_frame_header        004544dc f   libs:jcmarker.obj
 0001:000535bb       _emit_dqt                  004545bb f   libs:jcmarker.obj
 0001:000536aa       _emit_sof                  004546aa f   libs:jcmarker.obj
 0001:00053786       _write_scan_header         00454786 f   libs:jcmarker.obj
 0001:00053846       _emit_dht                  00454846 f   libs:jcmarker.obj
 0001:0005391f       _emit_dri                  0045491f f   libs:jcmarker.obj
 0001:0005396e       _emit_sos                  0045496e f   libs:jcmarker.obj
 0001:00053a5c       _write_file_trailer        00454a5c f   libs:jcmarker.obj
 0001:00053a7c       _write_tables_only         00454a7c f   libs:jcmarker.obj
 0001:00052dd5       _use_merged_upsample       00453dd5 f   libs:jdmaster.obj
 0001:00052e7b       _master_selection          00453e7b f   libs:jdmaster.obj
 0001:00052fd8       _prepare_range_limit_table 00453fd8 f   libs:jdmaster.obj
 0001:0005305e       _prepare_for_output_pass   0045405e f   libs:jdmaster.obj
 0001:0005317f       _finish_output_pass        0045417f f   libs:jdmaster.obj
 0001:0005224c       _alloc_small               0045324c f   libs:jmemmgr.obj
 0001:0005236a       _alloc_large               0045336a f   libs:jmemmgr.obj
 0001:0005241b       _alloc_sarray              0045341b f   libs:jmemmgr.obj
 0001:000524b3       _alloc_barray              004534b3 f   libs:jmemmgr.obj
 0001:00052557       _alloc_darray              00453557 f   libs:jmemmgr.obj
 0001:00052602       _request_virt_sarray       00453602 f   libs:jmemmgr.obj
 0001:00052663       _request_virt_barray       00453663 f   libs:jmemmgr.obj
 0001:000526c4       _realize_virt_arrays       004536c4 f   libs:jmemmgr.obj
 0001:00052847       _access_virt_sarray        00453847 f   libs:jmemmgr.obj
 0001:00052967       _do_sarray_io              00453967 f   libs:jmemmgr.obj
 0001:000529f7       _access_virt_barray        004539f7 f   libs:jmemmgr.obj
 0001:00052b1c       _do_barray_io              00453b1c f   libs:jmemmgr.obj
 0001:00052bad       _free_pool                 00453bad f   libs:jmemmgr.obj
 0001:00052c94       _self_destruct             00453c94 f   libs:jmemmgr.obj
 0001:00051ce6       _start_input_pass          00452ce6 f   libs:jdinput.obj
 0001:00051d14       _per_scan_setup            00452d14 f   libs:jdinput.obj
 0001:00051e9a       _finish_input_pass         00452e9a f   libs:jdinput.obj
 0001:00051eab       _consume_markers           00452eab f   libs:jdinput.obj
 0001:00051f47       _initial_setup             00452f47 f   libs:jdinput.obj
 0001:00052151       _reset_input_controller    00453151 f   libs:jdinput.obj
 0001:000518eb       _make_crc_table            004528eb f   libs:crc32.obj
 0001:00051a38       _crc32_little              00452a38 f   libs:crc32.obj
 0001:000516e5       _fixedtables               004526e5 f   libs:inflate.obj
 0001:000517cf       _updatewindow              004527cf f   libs:inflate.obj
 0001:0005040d       _init_destination          0045140d f   libs:jdatadst.obj
 0001:00050433       _empty_output_buffer       00451433 f   libs:jdatadst.obj
 0001:00050475       _term_destination          00451475 f   libs:jdatadst.obj
 0001:0004ff94       _std_huff_tables           00450f94 f   libs:jcparam.obj
 0001:0004ffee       _add_huff_table            00450fee f   libs:jcparam.obj
 0001:0004e4e1       _next_marker               0044f4e1 f   libs:jdmarker.obj
 0001:0004e61b       _get_interesting_appn      0044f61b f   libs:jdmarker.obj
 0001:0004e746       _examine_app0              0044f746 f   libs:jdmarker.obj
 0001:0004e954       _examine_app14             0044f954 f   libs:jdmarker.obj
 0001:0004ea15       _skip_variable             0044fa15 f   libs:jdmarker.obj
 0001:0004eab8       _read_markers              0044fab8 f   libs:jdmarker.obj
 0001:0004ecc0       _get_soi                   0044fcc0 f   libs:jdmarker.obj
 0001:0004ed6b       _get_sof                   0044fd6b f   libs:jdmarker.obj
 0001:0004f074       _get_sos                   00450074 f   libs:jdmarker.obj
 0001:0004f362       _get_dht                   00450362 f   libs:jdmarker.obj
 0001:0004f603       _get_dqt                   00450603 f   libs:jdmarker.obj
 0001:0004f85f       _get_dri                   0045085f f   libs:jdmarker.obj
 0001:0004f93e       _first_marker              0045093e f   libs:jdmarker.obj
 0001:0004f9da       _read_restart_marker       004509da f   libs:jdmarker.obj
 0001:0004fa58       _reset_marker_reader       00450a58 f   libs:jdmarker.obj
 0001:0004e2c5       _output_pass_setup         0044f2c5 f   libs:jdapistd.obj
 0001:0004dfb8       _default_decompress_parms  0044efb8 f   libs:jdapimin.obj

 678 bytes saved through ICF

