 quake2

 Timestamp is 42135511 (Wed Feb 16 17:13:37 2005)

 Preferred load address is 00400000

 Start         Length     Name                   Class
 0001:00000000 0005f4f0H .text                   CODE
 0002:00000000 00000284H .idata$5                DATA
 0002:00000288 00003b7cH .rdata                  DATA
 0002:00003e08 00000044H .rdata$r                DATA
 0002:00003e50 00000038H .xdata$x                DATA
 0002:00003e88 00000078H .idata$2                DATA
 0002:00003f00 00000014H .idata$3                DATA
 0002:00003f14 00000284H .idata$4                DATA
 0002:00004198 00000824H .idata$6                DATA
 0002:000049bc 00000000H .edata                  DATA
 0003:00000000 00000004H .CRT$XCA                DATA
 0003:00000004 00000004H .CRT$XCZ                DATA
 0003:00000008 00000004H .CRT$XIA                DATA
 0003:0000000c 00000004H .CRT$XIZ                DATA
 0003:00000010 0000f2ccH .data                   DATA
 0003:0000f2e0 009fc29cH .bss                    DATA
 0004:00000000 00000130H .rsrc$01                DATA
 0004:00000130 00003f20H .rsrc$02                DATA

  Address         Publics by Value              Rva+Base     Lib:Object

 0001:00000000       ??3@YAXPAX@Z               00401000 f i cl_cin.obj
 0001:0000000b       ?SCR_StopCinematic@@YAXXZ  0040100b f   cl_cin.obj
 0001:00000091       ?SCR_FinishCinematic@@YAXXZ 00401091 f   cl_cin.obj
 0001:000000d0       ?SCR_RunCinematic@@YAXXZ   004010d0 f   cl_cin.obj
 0001:00000516       ?SCR_DrawCinematic@@YA_NXZ 00401516 f   cl_cin.obj
 0001:0000057f       ?SCR_PlayCinematic@@YAXPAD@Z 0040157f f   cl_cin.obj
 0001:00000941       ?CL_Download_f@@YAX_NHPAPAD@Z 00401941 f   cl_download.obj
 0001:00000cf2       ?CL_ParseDownload@@YAXXZ   00401cf2 f   cl_download.obj
 0001:00001509       ?CL_Precache_f@@YAXHPAPAD@Z 00402509 f   cl_download.obj
 0001:00001567       ?CL_ParseEntityBits@@YAHPAI@Z 00402567 f   cl_ents.obj
 0001:000015c9       ?CL_ParseDelta@@YAXPAUentityState_t@@0HH_N@Z 004025c9 f   cl_ents.obj
 0001:00001965       ?CL_DeltaEntity@@YAXPAUframe_t@@HPAUentityState_t@@H@Z 00402965 f   cl_ents.obj
 0001:00001abc       ?CL_ParsePacketEntities@@YAXPAUframe_t@@0@Z 00402abc f   cl_ents.obj
 0001:00001cc4       ?CL_ParsePlayerstate@@YAXPAUframe_t@@0@Z 00402cc4 f   cl_ents.obj
 0001:00001fcc       ?CL_FireEntityEvents@@YAXPAUframe_t@@@Z 00402fcc f   cl_ents.obj
 0001:0000201e       ?CL_ParseFrame@@YAXXZ      0040301e f   cl_ents.obj
 0001:000022ec       ?CL_AddEntityBox@@YAXPAUentityState_t@@I@Z 004032ec f   cl_ents.obj
 0001:000023d3       ?CL_OffsetThirdPersonView@@YAXXZ 004033d3 f   cl_ents.obj
 0001:0000248d       ?CL_CalcViewValues@@YAXXZ  0040348d f   cl_ents.obj
 0001:00002794       ?CL_AddEntities@@YAXXZ     00403794 f   cl_ents.obj
 0001:0000353c       ?CL_GetEntitySoundOrigin@@YAXHQAM@Z 0040453c f   cl_ents.obj
 0001:0000356e       ?CL_ClearLightStyles@@YAXXZ 0040456e f   cl_fx.obj
 0001:000035f0       ?CL_RunLightStyles@@YAXXZ  004045f0 f   cl_fx.obj
 0001:0000368f       ?CL_SetLightstyle@@YAXHPBD@Z 0040468f f   cl_fx.obj
 0001:000036f0       ?CL_ClearDlights@@YAXXZ    004046f0 f   cl_fx.obj
 0001:00003701       ?CL_AllocDlight@@YAPAUcdlight_t@@HQAM@Z 00404701 f   cl_fx.obj
 0001:0000376a       ?CL_AddDLights@@YAXXZ      0040476a f   cl_fx.obj
 0001:000037ca       ?CL_ClearParticles@@YAXXZ  004047ca f   cl_fx.obj
 0001:00003831       ?CL_AllocParticleTrace@@YAPAUparticleTrace_t@@QAM0MM@Z 00404831 f   cl_fx.obj
 0001:000038d1       ?CL_AllocParticleBeam@@YAPAUbeam_s@@QAM0MM@Z 004048d1 f   cl_fx.obj
 0001:00003944       ?CL_AllocParticle@@YAPAUparticle_s@@XZ 00404944 f   cl_fx.obj
 0001:00003992       ?CL_UpdateParticles@@YAXXZ 00404992 f   cl_fx.obj
 0001:00003f84       ?CL_MetalSparks@@YAXQAM0H@Z 00404f84 f   cl_fx.obj
 0001:00004071       ?CL_ParseMuzzleFlash@@YAXXZ 00405071 f   cl_fx.obj
 0001:0000485b       ?CL_ParseMuzzleFlash2@@YAXXZ 0040585b f   cl_fx.obj
 0001:00004f47       ?CL_ParticleEffect@@YAXQAM0HH@Z 00405f47 f   cl_fx.obj
 0001:00005016       ?CL_ParticleEffect2@@YAXQAM0HH@Z 00406016 f   cl_fx.obj
 0001:000050e1       ?CL_ParticleEffect3@@YAXQAM0HH@Z 004060e1 f   cl_fx.obj
 0001:000051b1       ?CL_TeleporterParticles@@YAXPAUentityState_t@@@Z 004061b1 f   cl_fx.obj
 0001:00005268       ?CL_LogoutEffect@@YAXQAMH@Z 00406268 f   cl_fx.obj
 0001:00005353       ?CL_ItemRespawnParticles@@YAXQAM@Z 00406353 f   cl_fx.obj
 0001:00005402       ?CL_ExplosionParticles@@YAXQAM@Z 00406402 f   cl_fx.obj
 0001:000054ac       ?CL_BigTeleportParticles@@YAXQAM@Z 004064ac f   cl_fx.obj
 0001:00005603       ?CL_BlasterParticles@@YAXQAM0@Z 00406603 f   cl_fx.obj
 0001:000056cf       ?CL_BlasterTrail@@YAXQAM0@Z 004066cf f   cl_fx.obj
 0001:000057c2       ?CL_FlagTrail@@YAXQAM0M@Z  004067c2 f   cl_fx.obj
 0001:000058c2       ?CL_DiminishingTrail@@YAXQAM0PAUcentity_t@@H@Z 004068c2 f   cl_fx.obj
 0001:00005b26       ?CL_RocketTrail@@YAXQAM0PAUcentity_t@@@Z 00406b26 f   cl_fx.obj
 0001:00005c53       ?CL_RailTrail@@YAXQAM0@Z   00406c53 f   cl_fx.obj
 0001:00005e79       ?CL_RailTrailExt@@YAXQAM0EE@Z 00406e79 f   cl_fx.obj
 0001:00005f7b       ?CL_IonripperTrail@@YAXQAM0@Z 00406f7b f   cl_fx.obj
 0001:0000608e       ?CL_BubbleTrail@@YAXQAM0@Z 0040708e f   cl_fx.obj
 0001:000061ac       ?CL_FlyParticles@@YAXQAMH@Z 004071ac f   cl_fx.obj
 0001:0000634b       ?CL_FlyEffect@@YAXPAUcentity_t@@QAM@Z 0040734b f   cl_fx.obj
 0001:000063ce       ?CL_BfgParticles@@YAXPAUentity_t@@@Z 004073ce f   cl_fx.obj
 0001:000065a8       ?CL_TrapParticles@@YAXPAUentity_t@@@Z 004075a8 f   cl_fx.obj
 0001:0000682b       ?CL_BFGExplosionParticles@@YAXQAM@Z 0040782b f   cl_fx.obj
 0001:000068d5       ?CL_TeleportParticles@@YAXQAM@Z 004078d5 f   cl_fx.obj
 0001:00006a0e       ?CL_EntityEvent@@YAXPAUentityState_t@@@Z 00407a0e f   cl_fx.obj
 0001:00006be9       ?CL_ClearEffects@@YAXXZ    00407be9 f   cl_fx.obj
 0001:00006bf8       ?IN_CenterView@@YAXXZ      00407bf8 f   cl_input.obj
 0001:00006c19       ?CL_InitInput@@YAXXZ       00407c19 f   cl_input.obj
 0001:000071b5       ?CL_SendCmd@@YAXXZ         004081b5 f   cl_input.obj
 0001:000078af       ?CL_WriteDemoMessage@@YAXXZ 004088af f   cl_main.obj
 0001:000078f1       ?Cmd_ForwardToServer@@YAXHPAPAD@Z 004088f1 f   cl_main.obj
 0001:00007984       ?CL_ForwardToServer_f@@YAXHPAPAD@Z 00408984 f   cl_main.obj
 0001:000079cc       ?CL_Pause@@YAX_N@Z         004089cc f   cl_main.obj
 0001:00007a0e       ?CL_Quit_f@@YAXXZ          00408a0e f   cl_main.obj
 0001:00007a18       ?CL_Drop@@YAX_N@Z          00408a18 f   cl_main.obj
 0001:00007a3b       ?CL_SendConnectPacket@@YAXXZ 00408a3b f   cl_main.obj
 0001:00007b12       ?CL_CheckForResend@@YAXXZ  00408b12 f   cl_main.obj
 0001:00007c17       ?CL_Connect_f@@YAX_NHPAPAD@Z 00408c17 f   cl_main.obj
 0001:00007c9a       ?CL_Rcon_f@@YAXHPAPAD@Z    00408c9a f   cl_main.obj
 0001:00007da2       ?CL_ClearState@@YAXXZ      00408da2 f   cl_main.obj
 0001:00007dd9       ?CL_Disconnect@@YAXXZ      00408dd9 f   cl_main.obj
 0001:00007f89       ?CL_Disconnect_f@@YAXXZ    00408f89 f   cl_main.obj
 0001:00007f93       ?CL_Changing_f@@YAXXZ      00408f93 f   cl_main.obj
 0001:00007fb7       ?CL_Reconnect_f@@YAXXZ     00408fb7 f   cl_main.obj
 0001:00008053       ?CL_PingServers_f@@YAXXZ   00409053 f   cl_main.obj
 0001:000081be       ?CL_Skins_f@@YAXXZ         004091be f   cl_main.obj
 0001:00008491       ?CL_ConnectionlessPacket@@YAXXZ 00409491 f   cl_main.obj
 0001:00008590       ?CL_ReadPackets@@YAXXZ     00409590 f   cl_main.obj
 0001:000086d5       ?CL_FixUpGender@@YAXXZ     004096d5 f   cl_main.obj
 0001:00008787       ?CL_Userinfo_f@@YAXXZ      00409787 f   cl_main.obj
 0001:0000879f       ?CL_RegisterSounds@@YAXXZ  0040979f f   cl_main.obj
 0001:000087de       ?CL_Snd_Restart_f@@YAXXZ   004097de f   cl_main.obj
 0001:000087ed       ?CL_WriteConfiguration@@YAXPAD@Z 004097ed f   cl_main.obj
 0001:000088a8       ?CL_WriteConfig_f@@YAX_NHPAPAD@Z 004098a8 f   cl_main.obj
 0001:00008907       ?CL_FixCvarCheats@@YAXXZ   00409907 f   cl_main.obj
 0001:00008961       ?CL_Frame@@YAXMH@Z         00409961 f   cl_main.obj
 0001:00008b6a       ?CL_Init@@YAXXZ            00409b6a f   cl_main.obj
 0001:0000902b       ?CL_Shutdown@@YAX_N@Z      0040a02b f   cl_main.obj
 0001:00009074       ?CL_Flashlight@@YAXHQAM@Z  0040a074 f   cl_newfx.obj
 0001:000090ae       ?CL_ColorFlash@@YAXQAMHHMMM@Z 0040a0ae f   cl_newfx.obj
 0001:000090ea       ?CL_DebugTrail@@YAXQAM0@Z  0040a0ea f   cl_newfx.obj
 0001:000091ca       ?CL_ForceWall@@YAXQAM0H@Z  0040a1ca f   cl_newfx.obj
 0001:000092f1       ?CL_BubbleTrail2@@YAXQAM0H@Z 0040a2f1 f   cl_newfx.obj
 0001:0000941b       ?CL_Heatbeam@@YAXQAM0@Z    0040a41b f   cl_newfx.obj
 0001:000096cc       ?CL_ParticleSteamEffect@@YAXQAM0HHH@Z 0040a6cc f   cl_newfx.obj
 0001:000097f6       ?CL_ParticleSteamEffect2@@YAXPAUcl_sustain_s@@@Z 0040a7f6 f   cl_newfx.obj
 0001:0000992d       ?CL_TrackerTrail@@YAXQAM0H@Z 0040a92d f   cl_newfx.obj
 0001:00009a7d       ?CL_Tracker_Shell@@YAXQAM@Z 0040aa7d f   cl_newfx.obj
 0001:00009b06       ?CL_MonsterPlasma_Shell@@YAXQAM@Z 0040ab06 f   cl_newfx.obj
 0001:00009b8c       ?CL_Widowbeamout@@YAXPAUcl_sustain_s@@@Z 0040ab8c f   cl_newfx.obj
 0001:00009c48       ?CL_Nukeblast@@YAXPAUcl_sustain_s@@@Z 0040ac48 f   cl_newfx.obj
 0001:00009d04       ?CL_WidowSplash@@YAXQAM@Z  0040ad04 f   cl_newfx.obj
 0001:00009dcc       ?CL_TagTrail@@YAXQAM0M@Z   0040adcc f   cl_newfx.obj
 0001:00009ecc       ?CL_ColorExplosionParticles@@YAXQAMHH@Z 0040aecc f   cl_newfx.obj
 0001:00009f79       ?CL_ParticleSmokeEffect@@YAXQAM0HHH@Z 0040af79 f   cl_newfx.obj
 0001:0000a0a1       ?CL_BlasterParticles2@@YAXQAM0I@Z 0040b0a1 f   cl_newfx.obj
 0001:0000a16e       ?CL_BlasterTrail2@@YAXQAM0@Z 0040b16e f   cl_newfx.obj
 0001:0000a261       ?CL_LoadClientinfo@@YAXPAUclientinfo_t@@PAD@Z 0040b261 f   cl_parse.obj
 0001:0000a548       ?CL_ParseClientinfo@@YAXH@Z 0040b548 f   cl_parse.obj
 0001:0000a56c       ?CL_ParseServerMessage@@YAXXZ 0040b56c f   cl_parse.obj
 0001:0000ad2c       ?CL_CheckPredictionError@@YAXXZ 0040bd2c f   cl_pred.obj
 0001:0000aecc       ?CL_EntityTrace@@YAXPAUtrace_t@@QAM111H@Z 0040becc f   cl_pred.obj
 0001:0000b286       ?CL_Trace@@YAXPAUtrace_t@@QAM111H@Z 0040c286 f   cl_pred.obj
 0001:0000b308       ?CL_PMpointcontents@@YAHQAM@Z 0040c308 f   cl_pred.obj
 0001:0000b492       ?CL_PredictMovement@@YAXXZ 0040c492 f   cl_pred.obj
 0001:0000b834       ?DrawString@@YAXHHPBD@Z    0040c834 f   cl_scrn.obj
 0001:0000b879       ?SCR_DebugGraph@@YAXMH@Z   0040c879 f   cl_scrn.obj
 0001:0000b8a1       ?SCR_CenterPrint@@YAXPAD@Z 0040c8a1 f   cl_scrn.obj
 0001:0000b9a5       ?Key_Message@@YAXH@Z       0040c9a5 f   cl_scrn.obj
 0001:0000ba41       ?SCR_SetLevelshot@@YAXPAD@Z 0040ca41 f   cl_scrn.obj
 0001:0000bb25       ?SCR_BeginLoadingPlaque@@YAXXZ 0040cb25 f   cl_scrn.obj
 0001:0000bbaa       ?SCR_EndLoadingPlaque@@YAX_N@Z 0040cbaa f   cl_scrn.obj
 0001:0000bc2f       ?SCR_ShowConsole@@YAX_N0@Z 0040cc2f f   cl_scrn.obj
 0001:0000bd08       ?SCR_ToggleConsole@@YAXXZ  0040cd08 f   cl_scrn.obj
 0001:0000bd30       ?SCR_TouchPics@@YAXXZ      0040cd30 f   cl_scrn.obj
 0001:0000bda0       ?SCR_UpdateScreen@@YAXXZ   0040cda0 f   cl_scrn.obj
 0001:0000d27c       ?SCR_Init@@YAXXZ           0040e27c f   cl_scrn.obj
 0001:0000d55c       ?CL_RegisterTEntSounds@@YAXXZ 0040e55c f   cl_tent.obj
 0001:0000d7a1       ?CL_RegisterTEntModels@@YAXXZ 0040e7a1 f   cl_tent.obj
 0001:0000d8d9       ?CL_ClearTEnts@@YAXXZ      0040e8d9 f   cl_tent.obj
 0001:0000d90d       ?CL_AllocExplosion@@YAPAUexplosion_t@@QAMW4exptype_t@@@Z 0040e90d f   cl_tent.obj
 0001:0000d9a9       ?CL_AddExplosions@@YAXXZ   0040e9a9 f   cl_tent.obj
 0001:0000db43       ?CL_SmokeAndFlash@@YAXQAM@Z 0040eb43 f   cl_tent.obj
 0001:0000db8b       ?CL_ParseBeam@@YAHPAUmodel_s@@@Z 0040eb8b f   cl_tent.obj
 0001:0000dc6a       ?CL_ParseBeam2@@YAHPAUmodel_s@@@Z 0040ec6a f   cl_tent.obj
 0001:0000dd41       ?CL_ParsePlayerBeam@@YAHPAUmodel_s@@@Z 0040ed41 f   cl_tent.obj
 0001:0000de4f       ?CL_ParseLightning@@YAHPAUmodel_s@@@Z 0040ee4f f   cl_tent.obj
 0001:0000df1b       ?CL_ParseLaser@@YAXI@Z     0040ef1b f   cl_tent.obj
 0001:0000df97       ?CL_ParseSteam@@YAXXZ      0040ef97 f   cl_tent.obj
 0001:0000e0a8       ?CL_ParseWidow@@YAXXZ      0040f0a8 f   cl_tent.obj
 0001:0000e114       ?CL_ParseNuke@@YAXXZ       0040f114 f   cl_tent.obj
 0001:0000e17e       ?CL_ParseTEnt@@YAXXZ       0040f17e f   cl_tent.obj
 0001:0000ef97       ?CL_AddBeams@@YAXXZ        0040ff97 f   cl_tent.obj
 0001:0000f2d3       ?CL_AddPlayerBeams@@YAXXZ  004102d3 f   cl_tent.obj
 0001:0000f9c3       ?CL_ProcessSustain@@YAXXZ  004109c3 f   cl_tent.obj
 0001:0000fa04       ?CL_AddTEnts@@YAXXZ        00410a04 f   cl_tent.obj
 0001:0000fa18       ?V_AddEntity@@YAXPAUentity_t@@@Z 00410a18 f   cl_view.obj
 0001:0000fa47       ?V_AddLight@@YAXQAMMMMM@Z  00410a47 f   cl_view.obj
 0001:0000fa8c       ?V_TestParticles@@YAXXZ    00410a8c f   cl_view.obj
 0001:0000fb4a       ?V_TestEntities@@YAXXZ     00410b4a f   cl_view.obj
 0001:0000fbe0       ?V_TestLights@@YAXXZ       00410be0 f   cl_view.obj
 0001:0000fcae       ?CL_PrepRefresh@@YAXXZ     00410cae f   cl_view.obj
 0001:0000ff73       ?CalcFov@@YAMMMM@Z         00410f73 f   cl_view.obj
 0001:0000ffe7       ?V_RenderView@@YA_NM@Z     00410fe7 f   cl_view.obj
 0001:00010b56       ?V_Init@@YAXXZ             00411b56 f   cl_view.obj
 0001:00010c06       ?Con_ClearNotify@@YAXXZ    00411c06 f   console.obj
 0001:00010c15       ?Con_CheckResize@@YAXXZ    00411c15 f   console.obj
 0001:00010d3c       ?Con_Print@@YAXPBD@Z       00411d3c f   console.obj
 0001:00011034       ?Con_DrawNotify@@YAX_N@Z   00412034 f   console.obj
 0001:0001114e       ?Con_DrawConsole@@YAXM@Z   0041214e f   console.obj
 0001:00011528       ?Con_ClearTyping@@YAXXZ    00412528 f   console.obj
 0001:00011541       ?Key_Console@@YAXHH@Z      00412541 f   console.obj
 0001:00011989       ?Con_Init@@YAXXZ           00412989 f   console.obj
 0001:00011b05       ?Key_KeynumToString@@YAPBDH@Z 00412b05 f   keys.obj
 0001:00011bb5       ?CompleteCommand@@YAXXZ    00412bb5 f   keys.obj
 0001:00012502       ?Key_SetBinding@@YAXHPBD@Z 00413502 f   keys.obj
 0001:00012540       ?Key_FindBinding@@YAHPBDPAHH@Z 00413540 f   keys.obj
 0001:0001258e       ?Key_WriteBindings@@YAXPAU_iobuf@@@Z 0041358e f   keys.obj
 0001:000125d6       ?Key_Init@@YAXXZ           004135d6 f   keys.obj
 0001:000128ba       ?Key_Event@@YAXH_NI@Z      004138ba f   keys.obj
 0001:00012c07       ?Key_ClearStates@@YAXXZ    00413c07 f   keys.obj
 0001:00012c3e       ?M_PushMenu@@YAXP6AXXZP6APBDH@Z@Z 00413c3e f   menu.obj
 0001:00012ccd       ?M_ForceMenuOff@@YAXXZ     00413ccd f   menu.obj
 0001:00012cf6       ?M_ForceMenuOn@@YAXXZ      00413cf6 f   menu.obj
 0001:00012d0f       ?M_PopMenu@@YAXXZ          00413d0f f   menu.obj
 0001:00012d5b       ?Default_MenuKey@@YAPBDPAUmenuFramework_s@@H@Z 00413d5b f   menu.obj
 0001:00012e7b       ?M_DrawCharacter@@YAXHHH@Z 00413e7b f   menu.obj
 0001:00012ead       ?M_Print@@YAXHHPAD@Z       00413ead f   menu.obj
 0001:00012ef3       ?M_DrawCursor@@YAXHHH@Z    00413ef3 f   menu.obj
 0001:00012f18       ?M_DrawTextBox@@YAXHHHH@Z  00413f18 f   menu.obj
 0001:00012fea       ?M_Main_Draw@@YAXXZ        00413fea f   menu.obj
 0001:0001315e       ?M_Main_Key@@YAPBDH@Z      0041415e f   menu.obj
 0001:0001323c       ?M_Menu_Main_f@@YAXXZ      0041423c f   menu.obj
 0001:0001325d       ?M_Menu_Multiplayer_f@@YAXXZ 0041425d f   menu.obj
 0001:00013435       ?M_Menu_Keys_f@@YAXXZ      00414435 f   menu.obj
 0001:00013891       ?M_Menu_Options_f@@YAXXZ   00414891 f   menu.obj
 0001:000141a6       ?M_Menu_Video_f@@YAXXZ     004151a6 f   menu.obj
 0001:000141c7       ?M_Menu_Credits_f@@YAXXZ   004151c7 f   menu.obj
 0001:00014374       ?M_Menu_Game_f@@YAXXZ      00415374 f   menu.obj
 0001:000145e7       ?M_Menu_LoadGame_f@@YAXXZ  004155e7 f   menu.obj
 0001:000148b5       ?M_Menu_SaveGame_f@@YAXXZ  004158b5 f   menu.obj
 0001:00014a15       ?M_AddToServerList@@YAXUnetadr_t@@PAD@Z 00415a15 f   menu.obj
 0001:00014a88       ?M_Menu_JoinServer_f@@YAXXZ 00415a88 f   menu.obj
 0001:00014cec       ?M_Menu_StartServer_f@@YAXXZ 00415cec f   menu.obj
 0001:00015514       ?M_Menu_DMOptions_f@@YAXXZ 00416514 f   menu.obj
 0001:00015cbb       ?M_Menu_DownloadOptions_f@@YAXXZ 00416cbb f   menu.obj
 0001:00015f3d       ?M_Menu_AddressBook_f@@YAXXZ 00416f3d f   menu.obj
 0001:0001731b       ?M_Init@@YAXXZ             0041831b f   menu.obj
 0001:00017439       ?M_Draw@@YAXXZ             00418439 f   menu.obj
 0001:0001748a       ?M_Keydown@@YAXH@Z         0041848a f   menu.obj
 0001:000174a6       ?Menu_ItemAtCursor@@YAPAUmenuCommon_s@@PAUmenuFramework_s@@@Z 004184a6 f   qmenu.obj
 0001:000174f6       ?Field_Key@@YA_NPAUmenuField_t@@H@Z 004184f6 f   qmenu.obj
 0001:000176a3       ?Menu_AddItem@@YAXPAUmenuFramework_s@@PAX@Z 004186a3 f   qmenu.obj
 0001:0001775e       ?Menu_AdjustCursor@@YAXPAUmenuFramework_s@@H@Z 0041875e f   qmenu.obj
 0001:000178a9       ?Menu_Center@@YAXPAUmenuFramework_s@@@Z 004188a9 f   qmenu.obj
 0001:000178e9       ?Menu_Draw@@YAXPAUmenuFramework_s@@@Z 004188e9 f   qmenu.obj
 0001:00017e38       ?Menu_SelectItem@@YA_NPAUmenuFramework_s@@@Z 00418e38 f   qmenu.obj
 0001:00017e8b       ?Menu_SetStatusBar@@YAXPAUmenuFramework_s@@PBD@Z 00418e8b f   qmenu.obj
 0001:00017e97       ?Menu_SlideItem@@YAXPAUmenuFramework_s@@H@Z 00418e97 f   qmenu.obj
 0001:00018392       ?InitRendererVars@@YAXXZ   00419392 f   ref_vars.obj
 0001:000183b1       ?S_SoundInfo_f@@YAXXZ      004193b1 f   snd_dma.obj
 0001:0001843b       ?S_ReadModelsSex@@YAXXZ    0041943b f   snd_dma.obj
 0001:00018520       ?S_IsFemale@@YA_NPAD@Z     00419520 f   snd_dma.obj
 0001:00018574       ?S_Init@@YAXXZ             00419574 f   snd_dma.obj
 0001:0001864a       ?S_Shutdown@@YAXXZ         0041964a f   snd_dma.obj
 0001:000186dd       ?S_AliasName@@YAPAUsfx_s@@PAD0@Z 004196dd f   snd_dma.obj
 0001:000187a3       ?S_BeginRegistration@@YAXXZ 004197a3 f   snd_dma.obj
 0001:000187b1       ?S_RegisterSound@@YAPAUsfx_s@@PBD@Z 004197b1 f   snd_dma.obj
 0001:0001894a       ?S_EndRegistration@@YAXXZ  0041994a f   snd_dma.obj
 0001:000189e2       ?S_PickChannel@@YAPAUchannel_t@@HH@Z 004199e2 f   snd_dma.obj
 0001:00018a6f       ?S_SpatializeOrigin@@YAXQAMMMPAH1@Z 00419a6f f   snd_dma.obj
 0001:00018b96       ?S_Spatialize@@YAXPAUchannel_t@@@Z 00419b96 f   snd_dma.obj
 0001:00018c07       ?S_AllocPlaysound@@YAPAUplaysound_s@@XZ 00419c07 f   snd_dma.obj
 0001:00018c29       ?S_FreePlaysound@@YAXPAUplaysound_s@@@Z 00419c29 f   snd_dma.obj
 0001:00018c59       ?S_IssuePlaysound@@YAXPAUplaysound_s@@@Z 00419c59 f   snd_dma.obj
 0001:00018d26       ?S_StartSound@@YAXQAMHHPAUsfx_s@@MMM@Z 00419d26 f   snd_dma.obj
 0001:00018fcf       ?S_StartLocalSound@@YAXPBD@Z 00419fcf f   snd_dma.obj
 0001:0001901e       ?S_ClearBuffer@@YAXXZ      0041a01e f   snd_dma.obj
 0001:00019087       ?S_StopAllSounds_f@@YAXXZ  0041a087 f   snd_dma.obj
 0001:000190f7       ?S_AddLoopSounds@@YAXXZ    0041a0f7 f   snd_dma.obj
 0001:000192cd       ?S_RawSamples@@YAXHHHHPAE@Z 0041a2cd f   snd_dma.obj
 0001:000194d1       ?S_Update@@YAXQAM000@Z     0041a4d1 f   snd_dma.obj
 0001:000195cb       ?GetSoundtime@@YAXXZ       0041a5cb f   snd_dma.obj
 0001:00019632       ?S_Update_@@YAXXZ          0041a632 f   snd_dma.obj
 0001:000198e5       ?ResampleSfx@@YAXPAUsfx_s@@HHPAE@Z 0041a8e5 f   snd_mem.obj
 0001:00019a00       ?S_LoadSound@@YAPAUsfxcache_t@@PAUsfx_s@@@Z 0041aa00 f   snd_mem.obj
 0001:00019b35       ?GetWavinfo@@YA?AUwavinfo_t@@PADPAEH@Z 0041ab35 f   snd_mem.obj
 0001:00019d77       ?S_WriteLinearBlastStereo16@@YAXXZ 0041ad77 f   snd_mix.obj
 0001:00019deb       ?S_TransferStereo16@@YAXPAKH@Z 0041adeb f   snd_mix.obj
 0001:00019e54       ?S_TransferPaintBuffer@@YAXH@Z 0041ae54 f   snd_mix.obj
 0001:00019fb0       ?S_PaintChannels@@YAXH@Z   0041afb0 f   snd_mix.obj
 0001:0001a24c       ?S_InitScaletable@@YAXXZ   0041b24c f   snd_mix.obj
 0001:0001a40d       ?SV_WipeSavegame@@YAXPAD@Z 0041b40d f   sv_ccmds.obj
 0001:0001a43b       ?SV_CopySaveGame@@YAXPAD0@Z 0041b43b f   sv_ccmds.obj
 0001:0001a490       ?SV_WriteLevelFile@@YAXXZ  0041b490 f   sv_ccmds.obj
 0001:0001a53e       ?SV_ReadLevelFile@@YAXXZ   0041b53e f   sv_ccmds.obj
 0001:0001a5ec       ?SV_WriteServerFile@@YAX_NPAD@Z 0041b5ec f   sv_ccmds.obj
 0001:0001a829       ?SV_ReadServerFile@@YAXXZ  0041b829 f   sv_ccmds.obj
 0001:0001a94e       ?SV_AddressBanned@@YA_NPAUnetadr_t@@@Z 0041b94e f   sv_ccmds.obj
 0001:0001a98f       ?SV_InitOperatorCommands@@YAXXZ 0041b98f f   sv_ccmds.obj
 0001:0001b9ae       ?SV_WritePlayerstateToClient@@YAXPAUclient_frame_t@@0PAUsizebuf_s@@@Z 0041c9ae f   sv_ents.obj
 0001:0001beca       ?SV_WriteFrameToClient@@YAXPAUclient_s@@PAUsizebuf_s@@@Z 0041ceca f   sv_ents.obj
 0001:0001c0f2       ?SV_FatPVS@@YAXQAM@Z       0041d0f2 f   sv_ents.obj
 0001:0001c210       ?SV_BuildClientFrame@@YAXPAUclient_s@@@Z 0041d210 f   sv_ents.obj
 0001:0001c525       ?SV_RecordDemoMessage@@YAXXZ 0041d525 f   sv_ents.obj
 0001:0001d09e       ?SV_InitGameLibrary@@YAX_N@Z 0041e09e f   sv_game.obj
 0001:0001d1e4       ?SV_ShutdownGameLibrary@@YAXXZ 0041e1e4 f   sv_game.obj
 0001:0001d341       ?SV_FindIndex@@YAHPADHH_N@Z 0041e341 f   sv_init.obj
 0001:0001d446       ?SV_ModelIndex@@YAHPAD@Z   0041e446 f   sv_init.obj
 0001:0001d45c       ?SV_SoundIndex@@YAHPAD@Z   0041e45c f   sv_init.obj
 0001:0001d475       ?SV_ImageIndex@@YAHPAD@Z   0041e475 f   sv_init.obj
 0001:0001d48e       ?SV_CreateBaseline@@YAXXZ  0041e48e f   sv_init.obj
 0001:0001d4ec       ?SV_CheckForSavegame@@YAXXZ 0041e4ec f   sv_init.obj
 0001:0001d574       ?SV_SpawnServer@@YAXPAD0W4server_state_t@@_N2@Z 0041e574 f   sv_init.obj
 0001:0001d843       ?SV_InitGame@@YAXXZ        0041e843 f   sv_init.obj
 0001:0001da7e       ?SV_Map@@YAX_NPAD0@Z       0041ea7e f   sv_init.obj
 0001:0001dc47       ?SV_DropClient@@YAXPAUclient_s@@PAD@Z 0041ec47 f   sv_main.obj
 0001:0001dcf8       ?SV_StatusString@@YAPADXZ  0041ecf8 f   sv_main.obj
 0001:0001e52f       ?SV_ConnectionlessPacket@@YAXXZ 0041f52f f   sv_main.obj
 0001:0001e5fa       ?SV_CalcPings@@YAXXZ       0041f5fa f   sv_main.obj
 0001:0001e681       ?SV_GiveMsec@@YAXXZ        0041f681 f   sv_main.obj
 0001:0001e6c0       ?SV_ReadPackets@@YAXXZ     0041f6c0 f   sv_main.obj
 0001:0001e80a       ?SV_CheckTimeouts@@YAXXZ   0041f80a f   sv_main.obj
 0001:0001e91b       ?SV_PostprocessFrame@@YAXXZ 0041f91b f   sv_main.obj
 0001:0001edf2       ?SV_MulticastHook@@YAPAUsizebuf_s@@PAU1@0@Z 0041fdf2 f   sv_main.obj
 0001:0001f1e6       ?SV_TraceHook@@YA?AUtrace_t@@QAM000PAUedict_s@@H@Z 004201e6 f   sv_main.obj
 0001:0001f361       ?SV_Frame@@YAXM@Z          00420361 f   sv_main.obj
 0001:0001f61b       ?SV_UserinfoChanged@@YAXPAUclient_s@@@Z 0042061b f   sv_main.obj
 0001:0001f6df       ?SV_Init@@YAXXZ            004206df f   sv_main.obj
 0001:0001f756       ?SV_Shutdown@@YAXPAD_N@Z   00420756 f   sv_main.obj
 0001:0001f953       ?SV_BeginRedirect@@YAXXZ   00420953 f   sv_send.obj
 0001:0001f9fd       ?SV_ClientPrintf@@YAXPAUclient_s@@HPADZZ 004209fd f   sv_send.obj
 0001:0001fa58       ?SV_BroadcastPrintf@@YAXHPADZZ 00420a58 f   sv_send.obj
 0001:0001fb2e       ?SV_BroadcastCommand@@YAXPADZZ 00420b2e f   sv_send.obj
 0001:0001fb83       ?SV_Multicast@@YAXQAMW4multicast_t@@_N@Z 00420b83 f   sv_send.obj
 0001:0001fdc6       ?SV_MulticastOld@@YAXQAMW4multicast_t@@@Z 00420dc6 f   sv_send.obj
 0001:0001fdd9       ?SV_MulticastNew@@YAXQAMW4multicast_t@@@Z 00420dd9 f   sv_send.obj
 0001:0001fdec       ?SV_StartSound@@YAXQAMPAUedict_s@@HHMMM_N@Z 00420dec f   sv_send.obj
 0001:000200b4       ?SV_StartSoundOld@@YAXQAMPAUedict_s@@HHMMM@Z 004210b4 f   sv_send.obj
 0001:000200e4       ?SV_StartSoundNew@@YAXQAMPAUedict_s@@HHMMM@Z 004210e4 f   sv_send.obj
 0001:00020114       ?SV_SendClientDatagram@@YA_NPAUclient_s@@@Z 00421114 f   sv_send.obj
 0001:000201e7       ?SV_DemoCompleted@@YAXXZ   004211e7 f   sv_send.obj
 0001:00020203       ?SV_RateDrop@@YA_NPAUclient_s@@@Z 00421203 f   sv_send.obj
 0001:0002024d       ?SV_SendClientMessages@@YAXXZ 0042124d f   sv_send.obj
 0001:0002039b       ?SV_TokenizeString@@YAXPBD@Z 0042139b f   sv_tokenize.obj
 0001:00020472       ?SV_Argc@@YAHXZ            00421472 f   sv_tokenize.obj
 0001:00020478       ?SV_Argv@@YAPADH@Z         00421478 f   sv_tokenize.obj
 0001:00020492       ?SV_Args@@YAPADXZ          00421492 f   sv_tokenize.obj
 0001:00020ce3       ?SV_Nextserver@@YAXXZ      00421ce3 f   sv_user.obj
 0001:00020d72       ?SV_ExecuteUserCommand@@YAXPAD@Z 00421d72 f   sv_user.obj
 0001:00020e34       ?SV_ClientThink@@YAXPAUclient_s@@PAUusercmd_t@@@Z 00421e34 f   sv_user.obj
 0001:00020e77       ?SV_ExecuteClientMessage@@YAXPAUclient_s@@@Z 00421e77 f   sv_user.obj
 0001:00021095       ?SV_ClearWorld@@YAXXZ      00422095 f   sv_world.obj
 0001:000211ed       ?SV_UnlinkEdict@@YAXPAUedict_s@@@Z 004221ed f   sv_world.obj
 0001:000212b0       ?SV_LinkEdict@@YAXPAUedict_s@@@Z 004222b0 f   sv_world.obj
 0001:00021908       ?SV_AreaEdicts@@YAHQAM0PAPAUedict_s@@HH@Z 00422908 f   sv_world.obj
 0001:00021ab9       ?SV_PointContents@@YAHQAM@Z 00422ab9 f   sv_world.obj
 0001:00021bdf       ?SV_ClipMoveToEntities@@YAXPAUtrace_t@@QAM111PAUedict_s@@H@Z 00422bdf f   sv_world.obj
 0001:00021fbe       ?SV_Trace@@YAXPAUtrace_t@@QAM111PAUedict_s@@H@Z 00422fbe f   sv_world.obj
 0001:00022078       ?Cbuf_Init@@YAXXZ          00423078 f   cmd.obj
 0001:00022090       ?Cbuf_AddText@@YAXPAD@Z    00423090 f   cmd.obj
 0001:000220f5       ?Cbuf_InsertText@@YAXPAD@Z 004230f5 f   cmd.obj
 0001:0002215c       ?Cbuf_CopyToDefer@@YAXXZ   0042315c f   cmd.obj
 0001:000221a4       ?Cbuf_InsertFromDefer@@YAXXZ 004231a4 f   cmd.obj
 0001:000221cd       ?Cbuf_Execute@@YAXXZ       004231cd f   cmd.obj
 0001:000222cf       ?Cmd_Unalias_f@@YAX_NHPAPAD@Z 004232cf f   cmd.obj
 0001:00022358       ?Cmd_WriteAliases@@YAXPAU_iobuf@@@Z 00423358 f   cmd.obj
 0001:00022389       ?RegisterCommand@@YA_NPBDP6AXXZH@Z 00423389 f   cmd.obj
 0001:000223ea       ?UnregisterCommand@@YAXPBD@Z 004233ea f   cmd.obj
 0001:0002242c       ?Cmd_ExecuteString@@YA_NPBD@Z 0042342c f   cmd.obj
 0001:000228b2       ?ExecuteCommand@@YA_NPBDPBUCSimpleCommand@@H@Z 004238b2 f   cmd.obj
 0001:00022979       ?Cmd_Init@@YAXXZ           00423979 f   cmd.obj
 0001:00022ca0       ?CMod_GetSurfMaterial@@YA?AW4material_t@@PAD@Z 00423ca0 f   cmodel.obj
 0001:00022cfd       ?CM_LoadMap@@YAPAUcmodel_t@@PAD_NPAI@Z 00423cfd f   cmodel.obj
 0001:00023355       ?PlaneTypeForNormal@@YAHQBM@Z 00424355 f i cmodel.obj
 0001:000234f9       ?CM_InlineModel@@YAPAUcmodel_t@@PAD@Z 004244f9 f   cmodel.obj
 0001:0002353a       ?CM_NumClusters@@YAHXZ     0042453a f   cmodel.obj
 0001:00023540       ?CM_NumInlineModels@@YAHXZ 00424540 f   cmodel.obj
 0001:00023546       ?CM_EntityString@@YAPADXZ  00424546 f   cmodel.obj
 0001:0002354c       ?CM_LeafContents@@YAHH@Z   0042454c f   cmodel.obj
 0001:00023570       ?CM_LeafCluster@@YAHH@Z    00424570 f   cmodel.obj
 0001:000235e2       ?CM_LeafArea@@YAHH@Z       004245e2 f   cmodel.obj
 0001:00023607       ?CM_InitBoxHull@@YAXXZ     00424607 f   cmodel.obj
 0001:00023797       ?CM_HeadnodeForBox@@YAHQAM0@Z 00424797 f   cmodel.obj
 0001:0002384c       ?CM_PointLeafnum@@YAHQAMH@Z 0042484c f   cmodel.obj
 0001:000238ec       ?DISTANCE_TO_PLANE@@YAMQBMPBUcplane_t@@@Z 004248ec f i cmodel.obj
 0001:00023934       ?CM_PointContents@@YAHQAMH@Z 00424934 f   cmodel.obj
 0001:000239a6       ?CM_TransformedPointContents@@YAHQAMH00@Z 004249a6 f   cmodel.obj
 0001:00023adc       ?CM_TransformedPointContents2@@YAHQAMH0PAY02M@Z 00424adc f   cmodel.obj
 0001:00023bca       ?CM_BoxLeafnums@@YAHQAM0PAHH1H@Z 00424bca f   cmodel.obj
 0001:00023cdc       ?BOX_ON_PLANE_SIDE@@YAHQBM0PBUcplane_t@@@Z 00424cdc f i cmodel.obj
 0001:00023d61       ?CM_BoxTrace@@YAXPAUtrace_t@@QBM111HH@Z 00424d61 f   cmodel.obj
 0001:0002477a       ?CM_TransformedBoxTrace@@YAXPAUtrace_t@@QBM111HH11@Z 0042577a f   cmodel.obj
 0001:00024a4a       ?CM_TransformedBoxTrace2@@YAXPAUtrace_t@@QBM111HH1PAY02$$CBM@Z 00425a4a f   cmodel.obj
 0001:00024c5f       ?CM_BrushTrace@@YAHQBM0PAHH@Z 00425c5f f   cmodel.obj
 0001:0002507d       ?CM_RefineBrushTrace@@YAHQBM0PAHH@Z 0042607d f   cmodel.obj
 0001:00025122       ?CM_ClusterPVS@@YAPAEH@Z   00426122 f   cmodel.obj
 0001:00025266       ?CM_ClusterPHS@@YAPAEH@Z   00426266 f   cmodel.obj
 0001:00025309       ?FloodAreaConnections@@YAXXZ 00426309 f   cmodel.obj
 0001:000253c2       ?CM_SetAreaPortalState@@YAXH_N@Z 004263c2 f   cmodel.obj
 0001:000253e7       ?CM_AreasConnected@@YA_NHH@Z 004263e7 f   cmodel.obj
 0001:0002542b       ?CM_WriteAreaBits@@YAHPAEH@Z 0042642b f   cmodel.obj
 0001:000254c5       ?CM_WritePortalState@@YAXPAU_iobuf@@@Z 004264c5 f   cmodel.obj
 0001:000254df       ?CM_ReadPortalState@@YAXPAU_iobuf@@@Z 004264df f   cmodel.obj
 0001:000254fd       ?CM_HeadnodeVisible@@YA_NHPAE@Z 004264fd f   cmodel.obj
 0001:000255d2       ?Com_BeginRedirect@@YAXPADHP6AX0@Z@Z 004265d2 f   common.obj
 0001:000255ff       ?Com_EndRedirect@@YAXXZ    004265ff f   common.obj
 0001:0002561e       ?Com_Printf@@YAXPBDZZ      0042661e f   common.obj
 0001:000257c6       ?Com_DPrintf@@YAXPBDZZ     004267c6 f   common.obj
 0001:00025843       ?DebugPrintf@@YAXPBDZZ     00426843 f   common.obj
 0001:000258ed       ?Com_WPrintf@@YAXPBDZZ     004268ed f   common.obj
 0001:0002594b       ?Com_FatalError@@YAXPBDZZ  0042694b f   common.obj
 0001:000259ef       ?Com_DropError@@YAXPBDZZ   004269ef f   common.obj
 0001:00025a8d       ?appUnwindPrefix@@YAXPBD@Z 00426a8d f   common.obj
 0001:00025ae5       ?appUnwindThrow@@YAXPBDZZ  00426ae5 f   common.obj
 0001:00025b6d       ?Com_ResetErrorState@@YAXXZ 00426b6d f   common.obj
 0001:00025b7e       ?Com_Quit@@YAXXZ           00426b7e f   common.obj
 0001:00025b9e       ?MatchWildcard@@YA_NPBD0_N@Z 00426b9e f   common.obj
 0001:00025d2c       ?va@@YAPADPBDZZ            00426d2c f   common.obj
 0001:00025d79       ?appSprintf@@YAHPADHPBDZZ  00426d79 f   common.obj
 0001:00025dbf       ?IPWildcard@@YA_NPAUnetadr_t@@PAD@Z 00426dbf f   common.obj
 0001:00025e99       ?Com_ServerState@@YA?AW4server_state_t@@XZ 00426e99 f   common.obj
 0001:00025e9f       ?Com_SetServerState@@YAXW4server_state_t@@@Z 00426e9f f   common.obj
 0001:00025ea9       ?frand@@YAMXZ              00426ea9 f   common.obj
 0001:00025ec1       ?crand@@YAMXZ              00426ec1 f   common.obj
 0001:00025edf       ?MSG_WriteByte@@YAXPAUsizebuf_s@@H@Z 00426edf f   common.obj
 0001:00025edf       ?MSG_WriteChar@@YAXPAUsizebuf_s@@H@Z 00426edf f   common.obj
 0001:00025ef3       ?MSG_WriteShort@@YAXPAUsizebuf_s@@H@Z 00426ef3 f   common.obj
 0001:00025f0d       ?MSG_WriteLong@@YAXPAUsizebuf_s@@H@Z 00426f0d f   common.obj
 0001:00025f37       ?MSG_WriteFloat@@YAXPAUsizebuf_s@@M@Z 00426f37 f   common.obj
 0001:00025f53       ?MSG_WriteString@@YAXPAUsizebuf_s@@PAD@Z 00426f53 f   common.obj
 0001:00025f8a       ?MSG_WriteCoord@@YAXPAUsizebuf_s@@M@Z 00426f8a f   common.obj
 0001:00025faf       ?MSG_WritePos@@YAXPAUsizebuf_s@@QAM@Z 00426faf f   common.obj
 0001:00026013       ?MSG_WriteAngle@@YAXPAUsizebuf_s@@M@Z 00427013 f   common.obj
 0001:0002603e       ?MSG_WriteAngle16@@YAXPAUsizebuf_s@@M@Z 0042703e f   common.obj
 0001:00026069       ?MSG_WriteDeltaUsercmd@@YAXPAUsizebuf_s@@PAUusercmd_t@@1@Z 00427069 f   common.obj
 0001:00026193       ?MSG_WriteDir@@YAXPAUsizebuf_s@@QAM@Z 00427193 f   common.obj
 0001:000261fa       ?MSG_ReadDir@@YAXPAUsizebuf_s@@QAM@Z 004271fa f   common.obj
 0001:0002622b       ?MSG_WriteDeltaEntity@@YAXPAUentity_state_t@@0PAUsizebuf_s@@_N2@Z 0042722b f   common.obj
 0001:00026673       ?MSG_BeginReading@@YAXPAUsizebuf_s@@@Z 00427673 f   common.obj
 0001:0002667c       ?MSG_ReadChar@@YAHPAUsizebuf_s@@@Z 0042767c f   common.obj
 0001:0002669d       ?MSG_ReadByte@@YAHPAUsizebuf_s@@@Z 0042769d f   common.obj
 0001:000266be       ?MSG_ReadShort@@YAHPAUsizebuf_s@@@Z 004276be f   common.obj
 0001:000266ee       ?MSG_ReadLong@@YAHPAUsizebuf_s@@@Z 004276ee f   common.obj
 0001:0002672d       ?MSG_ReadString@@YAPADPAUsizebuf_s@@@Z 0042772d f   common.obj
 0001:00026760       ?MSG_ReadCoord@@YAMPAUsizebuf_s@@@Z 00427760 f   common.obj
 0001:0002677a       ?MSG_ReadPos@@YAXPAUsizebuf_s@@QAM@Z 0042777a f   common.obj
 0001:000267cc       ?MSG_ReadAngle@@YAMPAUsizebuf_s@@@Z 004277cc f   common.obj
 0001:000267e6       ?MSG_ReadAngle16@@YAMPAUsizebuf_s@@@Z 004277e6 f   common.obj
 0001:00026800       ?MSG_ReadDeltaUsercmd@@YAXPAUsizebuf_s@@PAUusercmd_t@@1@Z 00427800 f   common.obj
 0001:000268bb       ?MSG_ReadData@@YAXPAUsizebuf_s@@PAXH@Z 004278bb f   common.obj
 0001:000268de       ?SZ_Init@@YAXPAUsizebuf_s@@PAXH@Z 004278de f   common.obj
 0001:000268fc       ?SZ_Clear@@YAXPAUsizebuf_s@@@Z 004278fc f   common.obj
 0001:00026909       ?SZ_GetSpace@@YAPAXPAUsizebuf_s@@H@Z 00427909 f   common.obj
 0001:00026966       ?SZ_Write@@YAXPAUsizebuf_s@@PAXH@Z 00427966 f   common.obj
 0001:00026992       ?SZ_Insert@@YAXPAUsizebuf_s@@PAXHH@Z 00427992 f   common.obj
 0001:000269eb       ?SZ_Print@@YAXPAUsizebuf_s@@PAD@Z 004279eb f   common.obj
 0001:00026a41       ?Info_ValueForKey@@YAPADPAD0@Z 00427a41 f   common.obj
 0001:00026acc       ?Info_RemoveKey@@YAXPAD0@Z 00427acc f   common.obj
 0001:00026b52       ?Info_SetValueForKey@@YAXPAD00@Z 00427b52 f   common.obj
 0001:00026c8a       ?Info_Print@@YAXPAD@Z      00427c8a f   common.obj
 0001:00026d4f       ?COM_BlockSequenceCRCByte@@YAEPAEHH@Z 00427d4f f   common.obj
 0001:00026de0       ?COM_CheckCmdlineVar@@YA_NPBD@Z 00427de0 f   common.obj
 0001:00026e36       ?QCommon_Init@@YAXPAD@Z    00427e36 f   common.obj
 0001:000271f0       ?QCommon_Frame@@YAXH@Z     004281f0 f   common.obj
 0001:000274c7       ?QCommon_Shutdown@@YAXXZ   004284c7 f   common.obj
 0001:000274e0       ?CRC_Init@@YAXPAG@Z        004284e0 f   crc.obj
 0001:000274ea       ?CRC_Block@@YAGPAEH@Z      004284ea f   crc.obj
 0001:00027533       ?Cvar_VariableValue@@YAMPBD@Z 00428533 f   cvar.obj
 0001:000275a1       ?Cvar_VariableInt@@YAHPBD@Z 004285a1 f   cvar.obj
 0001:000275b4       ?Cvar_VariableString@@YAPADPBD@Z 004285b4 f   cvar.obj
 0001:000275cc       ?Cvar_Get@@YAPAUcvar_s@@PBD0H@Z 004285cc f   cvar.obj
 0001:0002787f       ?Cvar_GetVars@@YAXPBUcvarInfo_t@@H@Z 0042887f f   cvar.obj
 0001:00027929       ?Cvar_FullSet@@YAPAUcvar_s@@PBD0H@Z 00428929 f   cvar.obj
 0001:00027983       ?Cvar_SetValue@@YAPAUcvar_s@@PBDM@Z 00428983 f   cvar.obj
 0001:00027ba9       ?Cvar_SetInteger@@YAPAUcvar_s@@PBDH@Z 00428ba9 f   cvar.obj
 0001:00027bcb       ?Cvar_Set@@YAPAUcvar_s@@PBD0@Z 00428bcb f   cvar.obj
 0001:00027be0       ?Cvar_ForceSet@@YAPAUcvar_s@@PBD0@Z 00428be0 f   cvar.obj
 0001:00027bf5       ?Cvar_Clamp@@YAMPAUcvar_s@@MM@Z 00428bf5 f   cvar.obj
 0001:00027c53       ?Cvar_ClampName@@YAMPBDMM@Z 00428c53 f   cvar.obj
 0001:00027c92       ?Cvar_GetLatchedVars@@YAXXZ 00428c92 f   cvar.obj
 0001:00027cc1       ?Cvar_Command@@YA_NHPAPAD@Z 00428cc1 f   cvar.obj
 0001:00027d62       ?Cvar_WriteVariables@@YAXPAU_iobuf@@HHPBD@Z 00428d62 f   cvar.obj
 0001:00027df5       ?Cvar_BitInfo@@YAPADH@Z    00428df5 f   cvar.obj
 0001:00027e2e       ?Cvar_Userinfo@@YAPADXZ    00428e2e f   cvar.obj
 0001:00027e37       ?Cvar_Serverinfo@@YAPADXZ  00428e37 f   cvar.obj
 0001:00027e40       ?Cvar_Cheats@@YAX_N@Z      00428e40 f   cvar.obj
 0001:00027e96       ?Cvar_Init@@YAXXZ          00428e96 f   cvar.obj
 0001:0002854e       ?FS_CreatePath@@YAXPAD@Z   0042954e f   files.obj
 0001:00028598       ?FS_CopyFile@@YAXPAD0@Z    00429598 f   files.obj
 0001:0002869b       ?FS_CopyFiles@@YAXPAD0@Z   0042969b f   files.obj
 0001:00028774       ?FS_RemoveFiles@@YAXPAD@Z  00429774 f   files.obj
 0001:000287e8       ?FS_FCloseFile@@YAXPAU_iobuf@@@Z 004297e8 f   files.obj
 0001:0002887c       ?FS_FOpenFile@@YAHPBDPAPAU_iobuf@@@Z 0042987c f   files.obj
 0001:00028db2       ?FS_FileExists@@YA_NPAD@Z  00429db2 f   files.obj
 0001:00028fcf       ?FS_Read@@YAXPAXHPAU_iobuf@@@Z 00429fcf f   files.obj
 0001:00029268       ?FS_LoadFile@@YAPAXPBDPAI@Z 0042a268 f   files.obj
 0001:000292bd       ?FS_FreeFile@@YAXPAX@Z     0042a2bd f   files.obj
 0001:000292c8       ?FS_Gamedir@@YAPADXZ       0042a2c8 f   files.obj
 0001:000292dc       ?FS_LoadGameConfig@@YAXXZ  0042a2dc f   files.obj
 0001:000293a1       ?FS_SetGamedir@@YA_NPBD@Z  0042a3a1 f   files.obj
 0001:00029a48       ?FS_ListFiles@@YAPAUbasenamed_s@@PADPAHH@Z 0042aa48 f   files.obj
 0001:00029d5b       ?FS_NextPath@@YAPADPBD@Z   0042ad5b f   files.obj
 0001:00029d7f       ?FS_InitFilesystem@@YAXXZ  0042ad7f f   files.obj
 0001:0002a72a       ?LoadPCX@@YAXPBDPAPAE1PAH2@Z 0042b72a f   images.obj
 0001:0002a86e       ?LoadTGA@@YAXPBDPAPAEPAH2@Z 0042b86e f   images.obj
 0001:0002aa66       ?LoadJPG@@YAXPBDPAPAEPAH2@Z 0042ba66 f   images.obj
 0001:0002acf5       ?ImageExists@@YAHPBDH@Z    0042bcf5 f   images.obj
 0001:0002adef       ?WriteTGA@@YA_NPBDPAEHH@Z  0042bdef f   images.obj
 0001:0002afd6       ?WriteJPG@@YA_NPBDPAEHH_N@Z 0042bfd6 f   images.obj
 0001:0002b0fd       ?MD4Init@@YAXPAUMD4_CTX@@@Z 0042c0fd f   md4.obj
 0001:0002b125       ?MD4Update@@YAXPAUMD4_CTX@@PAEI@Z 0042c125 f   md4.obj
 0001:0002b1c3       ?MD4Final@@YAXQAEPAUMD4_CTX@@@Z 0042c1c3 f   md4.obj
 0001:0002b8b4       ?Com_BlockChecksum@@YAIPAXH@Z 0042c8b4 f   md4.obj
 0001:0002b8f0       ?appFree@@YAXPAX@Z         0042c8f0 f   memory.obj
 0001:0002b944       ?appMalloc@@YAPAXH@Z       0042c944 f   memory.obj
 0001:0002b9b2       ?CreateMemoryChain@@YAPAXXZ 0042c9b2 f   memory.obj
 0001:0002ba1c       ?FreeMemoryChain@@YAXPAX@Z 0042ca1c f   memory.obj
 0001:0002ba46       ?AllocChainBlock@@YAPAXPAXH@Z 0042ca46 f   memory.obj
 0001:0002ba91       ?CopyString@@YAPADPBD@Z    0042ca91 f   memory.obj
 0001:0002bac0       ?ChainCopyString@@YAPADPBDPAX@Z 0042cac0 f   memory.obj
 0001:0002baf4       ?AllocNamedStruc@@YAPAUbasenamed_s@@HPAD@Z 0042caf4 f   memory.obj
 0001:0002bb2f       ?ChainAllocNamedStruc@@YAPAUbasenamed_s@@HPADPAX@Z 0042cb2f f   memory.obj
 0001:0002bb6e       ?FindNamedStruc@@YAPAUbasenamed_s@@PADPAU1@PAPAU1@@Z 0042cb6e f   memory.obj
 0001:0002bbb2       ?FindNamedStrucByIndex@@YAPAUbasenamed_s@@PAU1@H@Z 0042cbb2 f   memory.obj
 0001:0002bbc9       ?IndexOfNamedStruc@@YAHPADPAUbasenamed_s@@@Z 0042cbc9 f   memory.obj
 0001:0002bbf7       ?AddToNamedList@@YAPAUbasenamed_s@@PADPAU1@@Z 0042cbf7 f   memory.obj
 0001:0002bc41       ?ChainAddToNamedList@@YAPAUbasenamed_s@@PADPAU1@PAX@Z 0042cc41 f   memory.obj
 0001:0002bc8b       ?FreeNamedList@@YAXPAUbasenamed_s@@@Z 0042cc8b f   memory.obj
 0001:0002bca6       ?Mem_Init@@YAXXZ           0042cca6 f   memory.obj
 0001:0002bcd5       ?LoadQ2BspFile@@YAXXZ      0042ccd5 f   model.obj
 0001:0002c0ae       ?LoadBspFile@@YAPAUbspfile_t@@PBD_NPAI@Z 0042d0ae f   model.obj
 0001:0002c24d       ?ProcessEntstring@@YAPADPAD@Z 0042d24d f   model.obj
 0001:0002d0af       ?Netchan_Init@@YAXXZ       0042e0af f   net_chan.obj
 0001:0002d10f       ?Netchan_OutOfBand@@YAXW4netsrc_t@@Unetadr_t@@HPAX@Z 0042e10f f   net_chan.obj
 0001:0002d16f       ?Netchan_OutOfBandPrint@@YAXW4netsrc_t@@Unetadr_t@@PBDZZ 0042e16f f   net_chan.obj
 0001:0002d1b4       ?Netchan_Setup@@YAXW4netsrc_t@@PAUnetchan_t@@Unetadr_t@@H@Z 0042e1b4 f   net_chan.obj
 0001:0002d20d       ?Netchan_NeedReliable@@YA_NPAUnetchan_t@@@Z 0042e20d f   net_chan.obj
 0001:0002d237       ?Netchan_Transmit@@YAXPAUnetchan_t@@HPAX@Z 0042e237 f   net_chan.obj
 0001:0002d3dd       ?Netchan_Process@@YA_NPAUnetchan_t@@PAUsizebuf_s@@@Z 0042e3dd f   net_chan.obj
 0001:0002d503       ?Pmove@@YAXPAUpmove_t@@@Z  0042e503 f   pmove.obj
 0001:0002f29d       ?NormalizeColor@@YAMQBMQAM@Z 0043029d f   q_shared2.obj
 0001:0002f2fe       ?NormalizeColor255@@YAMQBMQAM@Z 004302fe f   q_shared2.obj
 0001:0002f363       ?Q_rsqrt@@YAMM@Z           00430363 f   q_shared2.obj
 0001:0002f393       ?AngleVectors@@YAXQBMQAM11@Z 00430393 f   q_shared2.obj
 0001:0002f4f4       ?MakeNormalVectors@@YAXQAM00@Z 004304f4 f   q_shared2.obj
 0001:0002f55b       ?SetPlaneSignbits@@YAXPAUcplane_t@@@Z 0043055b f   q_shared2.obj
 0001:0002f57e       ?LerpAngle@@YAMMMM@Z       0043057e f   q_shared2.obj
 0001:0002f5c1       ?anglemod@@YAMM@Z          004305c1 f   q_shared2.obj
 0001:0002f5ed       ?BoxOnPlaneSide@@YAHQBM0PBUcplane_t@@@Z 004305ed f   q_shared2.obj
 0001:0002f710       ?ClearBounds@@YAXQAM0@Z    00430710 f   q_shared2.obj
 0001:0002f739       ?AddPointToBounds@@YAXQBMQAM1@Z 00430739 f   q_shared2.obj
 0001:0002f772       ?VectorCompare@@YA_NQBM0@Z 00430772 f   q_shared2.obj
 0001:0002f79f       ?VectorNormalize@@YAMQAM@Z 0043079f f   q_shared2.obj
 0001:0002f7f8       ?VectorNormalize2@@YAMQBMQAM@Z 004307f8 f   q_shared2.obj
 0001:0002f853       ?VectorNormalizeFast@@YAMQAM@Z 00430853 f   q_shared2.obj
 0001:0002f8a6       ?CrossProduct@@YAXQBM0QAM@Z 004308a6 f   q_shared2.obj
 0001:0002f8e1       ?VectorLength@@YAMQBM@Z    004308e1 f   q_shared2.obj
 0001:0002f910       ?VectorDistance@@YAMQBM0@Z 00430910 f   q_shared2.obj
 0001:0002f941       ?VectorScale@@YAXQBMMQAM@Z 00430941 f   q_shared2.obj
 0001:0002f965       ?AnglesToAxis@@YAXQBMQAY02M@Z 00430965 f   q_shared2.obj
 0001:0002f9a3       ?COM_FilePath@@YAXPAD0@Z   004309a3 f   q_shared2.obj
 0001:0002f9d9       ?ShortSwap@@YAFF@Z         004309d9 f   q_shared2.obj
 0001:0002f9ee       ?COM_Parse@@YAPADAAPBD_N@Z 004309ee f   q_shared2.obj
 0001:0002fb12       ?COM_QuoteString@@YAPBDPBD_N@Z 00430b12 f   q_shared2.obj
 0001:0002fb6d       ?Com_PageInMemory@@YAXPAXH@Z 00430b6d f   q_shared2.obj
 0001:0002fb8c       ?appStrncpyz@@YAXPADPBDH@Z 00430b8c f   q_shared2.obj
 0001:0002fbb0       ?Q_strncpylower@@YAXPADPBDH@Z 00430bb0 f   q_shared2.obj
 0001:0002fbea       ?Q_CopyFilename@@YAXPADPBDH@Z 00430bea f   q_shared2.obj
 0001:0002fc86       ?Zip_OpenArchive@@YAPAU_iobuf@@PAD@Z 00430c86 f   zip.obj
 0001:0002fcf1       ?Zip_CloseArchive@@YAXPAU_iobuf@@@Z 00430cf1 f   zip.obj
 0001:0002fcfd       ?Zip_EnumArchive@@YA_NPAU_iobuf@@P6A_NPAUzipFile_t@@@Z@Z 00430cfd f   zip.obj
 0001:0002feda       ?Zip_OpenFile@@YAPAUZFILE@@PAU_iobuf@@PAUzipFile_t@@@Z 00430eda f   zip.obj
 0001:0002ffb9       ?Zip_ReadFile@@YAHPAUZFILE@@PAXH@Z 00430fb9 f   zip.obj
 0001:000300af       ?Zip_CloseFile@@YA_NPAUZFILE@@@Z 004310af f   zip.obj
 0001:000300f3       ?Zip_OpenBuf@@YAPAUZBUF@@PAXH@Z 004310f3 f   zip.obj
 0001:0003012f       ?Zip_ReadBuf@@YAHPAUZBUF@@PAXH@Z 0043112f f   zip.obj
 0001:00030177       ?Zip_CloseBuf@@YAXPAUZBUF@@@Z 00431177 f   zip.obj
 0001:0003018c       ?CDAudio_Play2@@YAXH_N@Z   0043118c f   cd_win.obj
 0001:0003036b       ?CDAudio_Play@@YAXH_N@Z    0043136b f   cd_win.obj
 0001:00030382       ?CDAudio_Stop@@YAXXZ       00431382 f   cd_win.obj
 0001:000303c7       ?CDAudio_Pause@@YAXXZ      004313c7 f   cd_win.obj
 0001:00030420       ?CDAudio_Resume@@YAXXZ     00431420 f   cd_win.obj
 0001:0003048f       ?CDAudio_MessageHandler@@YAJPAUHWND__@@IIJ@Z 0043148f f   cd_win.obj
 0001:00030526       ?CDAudio_Update@@YAXXZ     00431526 f   cd_win.obj
 0001:0003055a       ?CDAudio_Init@@YAHXZ       0043155a f   cd_win.obj
 0001:0003090c       ?CDAudio_Shutdown@@YAXXZ   0043190c f   cd_win.obj
 0001:0003093f       ?CDAudio_Activate@@YAX_N@Z 0043193f f   cd_win.obj
 0001:00030950       ?IN_MouseEvent@@YAXH@Z     00431950 f   in_win.obj
 0001:000309ba       ?IN_Commands@@YAXXZ        004319ba f   in_win.obj
 0001:00030aeb       ?IN_Init@@YAXXZ            00431aeb f   in_win.obj
 0001:00030e31       ?IN_Shutdown@@YAXXZ        00431e31 f   in_win.obj
 0001:00030f15       ?IN_Move@@YAXPAUusercmd_t@@@Z 00431f15 f   in_win.obj
 0001:00031417       ?IN_Activate@@YAX_N@Z      00432417 f   in_win.obj
 0001:00031421       ?IN_Frame@@YAXXZ           00432421 f   in_win.obj
 0001:0003182b       ?NetadrToSockadr@@YAXPAUnetadr_t@@PAUsockaddr@@@Z 0043282b f   net_wins.obj
 0001:000318b0       ?SockadrToNetadr@@YAXPAUsockaddr@@PAUnetadr_t@@@Z 004328b0 f   net_wins.obj
 0001:00031900       ?NET_CompareAdr@@YA_NPAUnetadr_t@@0@Z 00432900 f   net_wins.obj
 0001:00031960       ?NET_CompareBaseAdr@@YA_NPAUnetadr_t@@0@Z 00432960 f   net_wins.obj
 0001:000319b6       ?NET_AdrToString@@YAPADPAUnetadr_t@@@Z 004329b6 f   net_wins.obj
 0001:00031a6f       ?NET_StringToAdr@@YA_NPBDPAUnetadr_t@@@Z 00432a6f f   net_wins.obj
 0001:00031cf9       ?NET_IsLocalAddress@@YA_NPAUnetadr_t@@@Z 00432cf9 f   net_wins.obj
 0001:00031d05       ?NET_GetLoopPacket@@YA_NW4netsrc_t@@PAUnetadr_t@@PAUsizebuf_s@@@Z 00432d05 f   net_wins.obj
 0001:00031d91       ?NET_SendLoopPacket@@YAXW4netsrc_t@@HPAXUnetadr_t@@@Z 00432d91 f   net_wins.obj
 0001:00031de6       ?NET_GetPacket@@YA_NW4netsrc_t@@PAUnetadr_t@@PAUsizebuf_s@@@Z 00432de6 f   net_wins.obj
 0001:00031f04       ?NET_SendPacket@@YAXW4netsrc_t@@HPAXUnetadr_t@@@Z 00432f04 f   net_wins.obj
 0001:00031fd5       ?NET_IPSocket@@YAHPADH@Z   00432fd5 f   net_wins.obj
 0001:000320ea       ?NET_OpenIP@@YAXXZ         004330ea f   net_wins.obj
 0001:00032166       ?NET_OpenIPX@@YAXXZ        00433166 f   net_wins.obj
 0001:000322a6       ?NET_Config@@YAX_N@Z       004332a6 f   net_wins.obj
 0001:0003234a       ?NET_Init@@YAXXZ           0043334a f   net_wins.obj
 0001:000323b6       ?Hunk_Begin@@YAPAXH@Z      004333b6 f   q_shwin.obj
 0001:000323ea       ?Hunk_Alloc@@YAPAXH@Z      004333ea f   q_shwin.obj
 0001:00032449       ?Hunk_End@@YAHXZ           00433449 f   q_shwin.obj
 0001:0003244f       ?Hunk_Free@@YAXPAX@Z       0043344f f   q_shwin.obj
 0001:00032468       ?Sys_Milliseconds@@YAHXZ   00433468 f   q_shwin.obj
 0001:00032499       ?Sys_Mkdir@@YAXPAD@Z       00433499 f   q_shwin.obj
 0001:000324a5       ?Sys_FindFirst@@YAPADPADH@Z 004334a5 f   q_shwin.obj
 0001:0003253f       ?Sys_FindNext@@YAPADXZ     0043353f f   q_shwin.obj
 0001:000325a9       ?Sys_FindClose@@YAXXZ      004335a9 f   q_shwin.obj
 0001:000325c3       ?SNDDMA_Init@@YA_NXZ       004335c3 f   snd_win.obj
 0001:00032c02       ?SNDDMA_GetDMAPos@@YAHXZ   00433c02 f   snd_win.obj
 0001:00032c4c       ?SNDDMA_BeginPainting@@YAXXZ 00433c4c f   snd_win.obj
 0001:00032d64       ?SNDDMA_Submit@@YAXXZ      00433d64 f   snd_win.obj
 0001:00032d89       ?SNDDMA_Shutdown@@YAXXZ    00433d89 f   snd_win.obj
 0001:00032d8e       ?S_Activate@@YAX_N@Z       00433d8e f   snd_win.obj
 0001:00032db9       ?Sys_Quit@@YAXXZ           00433db9 f   sys_win.obj
 0001:00032e74       ?Sys_Error@@YAXPBDZZ       00433e74 f   sys_win.obj
 0001:00032ed4       ?osAddressInfo@@YA_NIPADHPAH@Z 00433ed4 f   sys_win.obj
 0001:00032f68       ?osModuleInfo@@YA_NIPADHPAH@Z 00433f68 f   sys_win.obj
 0001:00033110       ?appSymbolName@@YA_NIPADH@Z 00434110 f   sys_win.obj
 0001:00033190       ?appSymbolName@@YAPADI@Z   00434190 f   sys_win.obj
 0001:000331c2       ?win32ExceptFilter@@YAHPAU_EXCEPTION_POINTERS@@@Z 004341c2 f   sys_win.obj
 0001:0003377a       ?win32ExceptFilter2@@YAHXZ 0043477a f   sys_win.obj
 0001:00033786       ?Sys_Init@@YAXXZ           00434786 f   sys_win.obj
 0001:00033acf       ?Sys_ConsoleInput@@YAPADXZ 00434acf f   sys_win.obj
 0001:00033d86       ?Sys_ConsoleOutput@@YAXPAD@Z 00434d86 f   sys_win.obj
 0001:00033e14       ?Sys_SendKeyEvents@@YAXXZ  00434e14 f   sys_win.obj
 0001:00033f00       ?Sys_UnloadGame@@YAXXZ     00434f00 f   sys_win.obj
 0001:00033f7b       ?Sys_GetGameAPI@@YAPAXPAX@Z 00434f7b f   sys_win.obj
 0001:000340d2       _WinMain@16                004350d2 f   sys_win.obj
 0001:00034349       ?Vid_CreateWindow@@YAPAXHH_N@Z 00435349 f   vid_dll.obj
 0001:00034b72       ?Vid_DestroyWindow@@YAX_N@Z 00435b72 f   vid_dll.obj
 0001:00034bad       ?Vid_GetModeInfo@@YA_NPAH0H@Z 00435bad f   vid_dll.obj
 0001:00034bdb       ?Vid_UpdateWindowPosAndSize@@YAXHH@Z 00435bdb f   vid_dll.obj
 0001:00034c42       ?Vid_FreeReflib@@YAXXZ     00435c42 f   vid_dll.obj
 0001:00034c7c       ?Vid_CheckChanges@@YAXXZ   00435c7c f   vid_dll.obj
 0001:00035012       ?Vid_Init@@YAXXZ           00436012 f   vid_dll.obj
 0001:00035103       ?Vid_Shutdown@@YAXXZ       00436103 f   vid_dll.obj
 0001:00035131       ?Vid_MenuInit@@YAXXZ       00436131 f   vid_menu.obj
 0001:00035987       ?Vid_MenuDraw@@YAXXZ       00436987 f   vid_menu.obj
 0001:00035a0a       ?Vid_MenuKey@@YAPBDH@Z     00436a0a f   vid_menu.obj
 0001:00035d75       ?GL_BackEnd@@YAXXZ         00436d75 f   gl_backend.obj
 0001:0003937e       ?GL_InitBackend@@YAXXZ     0043a37e f   gl_backend.obj
 0001:000393c1       ?GL_ShutdownBackend@@YAXXZ 0043a3c1 f   gl_backend.obj
 0001:000393d5       ?GL_AllocDynamicMemory@@YAPAXH@Z 0043a3d5 f   gl_buffers.obj
 0001:0003943e       ?GL_ResizeDynamicMemory@@YAXPAXH@Z 0043a43e f   gl_buffers.obj
 0001:00039480       ?GL_AddSurfaceToPortal@@YAXPAUsurfaceCommon_s@@PAUshader_s@@HH@Z 0043a480 f   gl_buffers.obj
 0001:000394e9       ?GL_AddDynamicSurface@@YAPAUsurfaceCommon_s@@PAUshader_s@@H@Z 0043a4e9 f   gl_buffers.obj
 0001:00039511       ?GL_InsertShaderIndex@@YAXH@Z 0043a511 f   gl_buffers.obj
 0001:00039544       ?GL_ClearPortal@@YAXXZ     0043a544 f   gl_buffers.obj
 0001:00039560       ?GL_FinishPortal@@YAXXZ    0043a560 f   gl_buffers.obj
 0001:000395b1       ?GL_SortSurfaces@@YAXPAUviewPortal_s@@PAPAUsurfaceInfo_s@@@Z 0043a5b1 f   gl_buffers.obj
 0001:00039743       ?GL_ClearBuffers@@YAXXZ    0043a743 f   gl_buffers.obj
 0001:0003975a       ?GL_AddEntity@@YAXPAUentity_t@@@Z 0043a75a f   gl_frontend.obj
 0001:00039bce       ?GL_AddDlight@@YAXPAUdlight_t@@@Z 0043abce f   gl_frontend.obj
 0001:00039d86       ?GL_DrawPortal@@YAXXZ      0043ad86 f   gl_frontend.obj
 0001:0003c86f       ?GL_TextureMode@@YAXPAD@Z  0043d86f f   gl_image.obj
 0001:0003c917       ?GL_CreateImage@@YAPAUimage_s@@PBDPAXHHH@Z 0043d917 f   gl_image.obj
 0001:0003d6fc       ?GL_DrawStretchRaw8@@YAXHHHHHHPAEPAI@Z 0043e6fc f   gl_image.obj
 0001:0003dab1       ?GL_SetupGamma@@YAXXZ      0043eab1 f   gl_image.obj
 0001:0003dbf6       ?GL_PerformScreenshot@@YAXXZ 0043ebf6 f   gl_image.obj
 0001:0003de7e       ?GL_InitImages@@YAXXZ      0043ee7e f   gl_image.obj
 0001:0003e64e       ?GL_ShutdownImages@@YAXXZ  0043f64e f   gl_image.obj
 0001:0003e6b5       ?GL_LoadDelayedImages@@YAXXZ 0043f6b5 f   gl_image.obj
 0001:0003e732       ?GL_ShowImages@@YAXXZ      0043f732 f   gl_image.obj
 0001:0003e9ba       ?GL_FindImage@@YAPAUimage_s@@PBDH@Z 0043f9ba f   gl_image.obj
 0001:0003ed47       ?GL_Lock@@YAXXZ            0043fd47 f   gl_interface.obj
 0001:0003edbf       ?GL_Unlock@@YAXXZ          0043fdbf f   gl_interface.obj
 0001:0003ef81       ?GL_Bind@@YAXPAUimage_s@@@Z 0043ff81 f   gl_interface.obj
 0001:0003f0ab       ?GL_BindForce@@YAXPAUimage_s@@@Z 004400ab f   gl_interface.obj
 0001:0003f129       ?GL_TexEnv@@YAXI@Z         00440129 f   gl_interface.obj
 0001:0003f2a8       ?GL_TexMipBias@@YAXM@Z     004402a8 f   gl_interface.obj
 0001:0003f303       ?GL_TexEnvColor@@YAXPATcolor_t@@@Z 00440303 f   gl_interface.obj
 0001:0003f3b3       ?GL_SelectTexture@@YAXH@Z  004403b3 f   gl_interface.obj
 0001:0003f414       ?GL_TexCoordPointer@@YAXPAX@Z 00440414 f   gl_interface.obj
 0001:0003f444       ?GL_SetMultitexture@@YAXH@Z 00440444 f   gl_interface.obj
 0001:0003f52a       ?GL_DisableTexCoordArrays@@YAXXZ 0044052a f   gl_interface.obj
 0001:0003f57e       ?GL_CullFace@@YAXW4gl_cullMode_t@@@Z 0044057e f   gl_interface.obj
 0001:0003f5cf       ?GL_DepthRange@@YAXW4gl_depthMode_t@@@Z 004405cf f   gl_interface.obj
 0001:0003f602       ?GL_State@@YAXI@Z          00440602 f   gl_interface.obj
 0001:0003f75b       ?GL_EnableFog@@YAX_N@Z     0044075b f   gl_interface.obj
 0001:0003f853       ?GL_SetDefaultState@@YAXXZ 00440853 f   gl_interface.obj
 0001:0003f9a1       ?GL_Set2DMode@@YAXXZ       004409a1 f   gl_interface.obj
 0001:0003fa9c       ?GL_Setup@@YAXPAUviewPortal_s@@@Z 00440a9c f   gl_interface.obj
 0001:0003fb84       ?GL_ShowLights@@YAXXZ      00440b84 f   gl_light.obj
 0001:0003ffa9       ?GL_LightForEntity@@YAXPAUrefEntity_s@@@Z 00440fa9 f   gl_light.obj
 0001:00041210       ?GL_DiffuseLight@@YAXPATcolor_t@@M@Z 00442210 f   gl_light.obj
 0001:00041388       ?GL_InitLightGrid@@YAXXZ   00442388 f   gl_light.obj
 0001:00041424       ?GL_PostLoadLights@@YAXXZ  00442424 f   gl_light.obj
 0001:000416c2       ?LM_Init@@YAXXZ            004426c2 f   gl_lightmap.obj
 0001:000416d8       ?LM_Flush@@YAXPAUlightmapBlock_t@@@Z 004426d8 f   gl_lightmap.obj
 0001:00041735       ?LM_Done@@YAXXZ            00442735 f   gl_lightmap.obj
 0001:0004175c       ?LM_Save@@YAXPAUlightmapBlock_t@@@Z 0044275c f   gl_lightmap.obj
 0001:00041774       ?LM_Restore@@YAXPAUlightmapBlock_t@@@Z 00442774 f   gl_lightmap.obj
 0001:0004178c       ?LM_NewBlock@@YAPAUlightmapBlock_t@@XZ 0044278c f   gl_lightmap.obj
 0001:000417f8       ?LM_Rewind@@YAXXZ          004427f8 f   gl_lightmap.obj
 0001:00041800       ?LM_NextBlock@@YAPAUlightmapBlock_t@@XZ 00442800 f   gl_lightmap.obj
 0001:0004182d       ?LM_CheckMinlight@@YAXPAUdynamicLightmap_s@@@Z 0044282d f   gl_lightmap.obj
 0001:000418c3       ?LM_AllocBlock@@YA_NPAUlightmapBlock_t@@PAUdynamicLightmap_s@@@Z 004428c3 f   gl_lightmap.obj
 0001:0004197a       ?LM_PutBlock@@YAXPAUdynamicLightmap_s@@@Z 0044297a f   gl_lightmap.obj
 0001:00041da7       ?LM_SortLightStyles@@YAXPAUdynamicLightmap_s@@@Z 00442da7 f   gl_lightmap.obj
 0001:00041e38       ?GL_UpdateDynamicLightmap@@YAXPAUshader_s@@PAUsurfacePlanar_s@@_NI@Z 00442e38 f   gl_lightmap.obj
 0001:00042334       ?LM_IsMonotone@@YA_NPAUdynamicLightmap_s@@PATcolor_t@@@Z 00443334 f   gl_lightmap.obj
 0001:0004243b       ?GL_EnableRendering@@YAX_N@Z 0044343b f   gl_main.obj
 0001:00042456       ?GL_DrawStretchPic@@YAXPAUshader_s@@HHHHMMMMIE@Z 00443456 f   gl_main.obj
 0001:00042522       ?DrawTextLeft@@YAXPBDI@Z   00443522 f   gl_main.obj
 0001:00042690       ?DrawTextRight@@YAXPBDI@Z  00443690 f   gl_main.obj
 0001:000426da       ?DrawText3D@@YAXQAMPBDI@Z  004436da f   gl_main.obj
 0001:00042707       _GL_GetRefAPI              00443707 f   gl_main.obj
 0001:0004400c       ?GL_InitFuncTables@@YAXXZ  0044500c f   gl_math.obj
 0001:000441bd       ?ModelToWorldCoord@@YAXQAMPAUrefEntity_s@@0@Z 004451bd f   gl_math.obj
 0001:0004422e       ?WorldToModelCoord@@YAXQAMPAUrefEntity_s@@0@Z 0044522e f   gl_math.obj
 0001:00044275       ?BuildRotationMatrix@@YAXQAY02MQAMM@Z 00445275 f   gl_math.obj
 0001:0004436f       ?GetBoxRect@@YA_NPAUrefEntity_s@@QAM11_N@Z 0044536f f   gl_math.obj
 0001:000446e0       ?ProjectToScreen@@YA_NQAMPAH@Z 004456e0 f   gl_math.obj
 0001:00044823       ?SaturateColor3f@@YAXQAM@Z 00445823 f   gl_math.obj
 0001:00044913       ?SaturateColor4b@@YAXPATcolor_t@@@Z 00445913 f   gl_math.obj
 0001:00044a21       ?GL_FindModel@@YAPAUmodel_s@@PBD@Z 00445a21 f   gl_model.obj
 0001:00044b9b       ?GL_LoadWorldMap@@YAXPBD@Z 00445b9b f   gl_model.obj
 0001:0004674d       ?GL_PointInLeaf@@YAPAUnode_s@@QAM@Z 0044774d f   gl_model.obj
 0001:000473cf       ?ATAN2_FUNC@@YAMMM@Z       004483cf f i gl_model.obj
 0001:0004757a       ?GL_FindSkin@@YAPAUshader_s@@PBD@Z 0044857a f   gl_model.obj
 0001:000476d9       ?GL_ResetModels@@YAXXZ     004486d9 f   gl_model.obj
 0001:000477a2       ?GL_InitModels@@YAXXZ      004487a2 f   gl_model.obj
 0001:0004788a       ?GL_ShutdownModels@@YAXXZ  0044888a f   gl_model.obj
 0001:000478a0       ?SubdividePlane@@YAHPAPAY02MHM@Z 004488a0 f   gl_poly.obj
 0001:00047cea       ?FreeSubdividedPlane@@YAXXZ 00448cea f   gl_poly.obj
 0001:00047d02       ?GetSubdivideIndexes@@YAXPAH@Z 00448d02 f   gl_poly.obj
 0001:00047d55       ?RemoveCollinearPoints@@YAHPAPAY02MH@Z 00448d55 f   gl_poly.obj
 0001:00047e50       ?GetPolyArea@@YAMPAPAY02MH@Z 00448e50 f   gl_poly.obj
 0001:00047ee4       ?GL_InitShaders@@YAXXZ     00448ee4 f   gl_shader.obj
 0001:00048035       ?GL_ShutdownShaders@@YAXXZ 00449035 f   gl_shader.obj
 0001:0004805f       ?GetLightmapImage@@YAPAUimage_s@@H@Z 0044905f f   gl_shader.obj
 0001:00048087       ?GL_SetShaderLightmap@@YAPAUshader_s@@PAU1@H@Z 00449087 f   gl_shader.obj
 0001:0004845c       ?GL_SetShaderLightstyles@@YAPAUshader_s@@PAU1@H@Z 0044945c f   gl_shader.obj
 0001:000484f8       ?GL_GetAlphaShader@@YAPAUshader_s@@PAU1@@Z 004494f8 f   gl_shader.obj
 0001:000487be       ?GL_FindShader@@YAPAUshader_s@@PBDH@Z 004497be f   gl_shader.obj
 0001:00048ddc       ?GL_GetShaderByNum@@YAPAUshader_s@@H@Z 00449ddc f   gl_shader.obj
 0001:00048dfa       ?GL_ResetShaders@@YAXXZ    00449dfa f   gl_shader.obj
 0001:000492c0       ?GL_ClearSkyBox@@YAXXZ     0044a2c0 f   gl_sky.obj
 0001:000492d7       ?GL_SetSkyRotate@@YAXMQAM@Z 0044a2d7 f   gl_sky.obj
 0001:0004930f       ?GL_SkyVisible@@YA_NXZ     0044a30f f   gl_sky.obj
 0001:00049328       ?GL_AddSkySurface@@YAXPAUsurfacePlanar_s@@QAME@Z 0044a328 f   gl_sky.obj
 0001:00049937       ?GL_TesselateSkySide@@YAHHPAUbufVertex_t@@PAUbufTexCoord_t@@M@Z 0044a937 f   gl_sky.obj
 0001:0004b252       ?QGL_Shutdown@@YAXXZ       0044c252 f   qgl_win.obj
 0001:0004b290       ?QGL_Init@@YA_NPBD@Z       0044c290 f   qgl_win.obj
 0001:0004b313       ?QGL_InitExtensions@@YAXXZ 0044c313 f   qgl_win.obj
 0001:0004b7ff       ?QGL_PrintExtensionsString@@YAXPBD00@Z 0044c7ff f   qgl_win.obj
 0001:0004b94f       ?QGL_EnableLogging@@YAX_N@Z 0044c94f f   qgl_win.obj
 0001:0004ba06       ?QGL_LogMessage@@YAXPBD@Z  0044ca06 f   qgl_win.obj
 0001:0004ba1d       ?GLimp_SetMode@@YA?AW4rserr_t@@PAI0H_N@Z 0044ca1d f   glw_imp.obj
 0001:0004bcb0       ?GLimp_HasGamma@@YA_NXZ    0044ccb0 f   glw_imp.obj
 0001:0004bcc4       ?GLimp_SetGamma@@YAXM@Z    0044ccc4 f   glw_imp.obj
 0001:0004be6c       ?GLimp_Init@@YAHXZ         0044ce6c f   glw_imp.obj
 0001:0004c1b4       ?GLimp_Shutdown@@YAXXZ     0044d1b4 f   glw_imp.obj
 0001:0004c25c       ?GLimp_EndFrame@@YAXXZ     0044d25c f   glw_imp.obj
 0001:0004c2dd       ?GLimp_AppActivate@@YAX_N@Z 0044d2dd f   glw_imp.obj
 0001:0004c3c0       _jpeg_CreateDecompress     0044d3c0 f   lib:jdapimin.obj
 0001:0004c480       _jpeg_read_header          0044d480 f   lib:jdapimin.obj
 0001:0004c4e2       _jpeg_consume_input        0044d4e2 f   lib:jdapimin.obj
 0001:0004c731       _jpeg_finish_decompress    0044d731 f   lib:jdapimin.obj
 0001:0004c7c8       _jpeg_start_decompress     0044d7c8 f   lib:jdapistd.obj
 0001:0004c935       _jpeg_read_scanlines       0044d935 f   lib:jdapistd.obj
 0001:0004c9b9       _jpeg_resync_to_restart    0044d9b9 f   lib:jdmarker.obj
 0001:0004cb7e       _jinit_marker_reader       0044db7e f   lib:jdmarker.obj
 0001:0004e049       _jpeg_CreateCompress       0044f049 f   lib:jcapimin.obj
 0001:0004e0fd       _jpeg_destroy_decompress   0044f0fd f   lib:jcapimin.obj
 0001:0004e0fd       _jpeg_destroy_compress     0044f0fd f   lib:jcapimin.obj
 0001:0004e108       _jpeg_suppress_tables      0044f108 f   lib:jcapimin.obj
 0001:0004e152       _jpeg_finish_compress      0044f152 f   lib:jcapimin.obj
 0001:0004e23c       _jpeg_start_compress       0044f23c f   lib:jcapistd.obj
 0001:0004e2a8       _jpeg_write_scanlines      0044f2a8 f   lib:jcapistd.obj
 0001:0004e353       _jpeg_add_quant_table      0044f353 f   lib:jcparam.obj
 0001:0004e405       _jpeg_quality_scaling      0044f405 f   lib:jcparam.obj
 0001:0004e42c       _jpeg_set_quality          0044f42c f   lib:jcparam.obj
 0001:0004e466       _jpeg_set_defaults         0044f466 f   lib:jcparam.obj
 0001:0004e62c       _jpeg_default_colorspace   0044f62c f   lib:jcparam.obj
 0001:0004e67c       _jpeg_set_colorspace       0044f67c f   lib:jcparam.obj
 0001:0004e997       _jpeg_stdio_dest           0044f997 f   lib:jdatadst.obj
 0001:0004eb96       _crc32                     0044fb96 f   lib:crc32.obj
 0001:0004ee30       _inflateReset              0044fe30 f   lib:inflate.obj
 0001:0004ee77       _inflateInit2_             0044fe77 f   lib:inflate.obj
 0001:0004ef30       _inflate                   0044ff30 f   lib:inflate.obj
 0001:000501ff       _inflateEnd                004511ff f   lib:inflate.obj
 0001:0005023d       _jinit_input_controller    0045123d f   lib:jdinput.obj
 0001:00050720       _jinit_memory_mgr          00451720 f   lib:jmemmgr.obj
 0001:0005125c       _jpeg_abort                0045225c f   lib:jcomapi.obj
 0001:0005128f       _jpeg_destroy              0045228f f   lib:jcomapi.obj
 0001:000512aa       _jpeg_alloc_quant_table    004522aa f   lib:jcomapi.obj
 0001:000512c6       _jpeg_alloc_huff_table     004522c6 f   lib:jcomapi.obj
 0001:000512e2       _jpeg_calc_output_dimensions 004522e2 f   lib:jdmaster.obj
 0001:000513e2       _jinit_master_decompress   004523e2 f   lib:jdmaster.obj
 0001:00051738       _jdiv_round_up             00452738 f   lib:jutils.obj
 0001:00051748       _jround_up                 00452748 f   lib:jutils.obj
 0001:00051760       _jcopy_sample_rows         00452760 f   lib:jutils.obj
 0001:0005179e       _jcopy_block_row           0045279e f   lib:jutils.obj
 0001:000517b7       _jzero_far                 004527b7 f   lib:jutils.obj
 0001:000517ca       _jinit_marker_writer       004527ca f   lib:jcmarker.obj
 0001:000520a6       _jinit_compress_master     004530a6 f   lib:jcinit.obj
 0001:000520ff       _zcalloc                   004530ff f   lib:zutil.obj
 0001:00052111       _inflate_fast              00453111 f   lib:inffast.obj
 0001:000524c6       _inflate_table             004534c6 f   lib:inftrees.obj
 0001:0005284f       _adler32                   0045384f f   lib:adler32.obj
 0001:00052968       _jinit_c_codec             00453968 f   lib:jcodec.obj
 0001:00052984       _jinit_d_codec             00453984 f   lib:jcodec.obj
 0001:000529a0       _jpeg_free_small           004539a0 f   lib:jmemnobs.obj
 0001:000529a0       _jpeg_free_large           004539a0 f   lib:jmemnobs.obj
 0001:000529a0       _zcfree                    004539a0 f   lib:jmemnobs.obj
 0001:000529ac       _jpeg_get_large            004539ac f   lib:jmemnobs.obj
 0001:000529ac       _jpeg_get_small            004539ac f   lib:jmemnobs.obj
 0001:000529b8       _jpeg_mem_available        004539b8 f   lib:jmemnobs.obj
 0001:000529bd       _jpeg_open_backing_store   004539bd f   lib:jmemnobs.obj
 0001:000529d1       _jinit_d_main_controller   004539d1 f   lib:jdmainct.obj
 0001:0005301c       _jinit_d_post_controller   0045401c f   lib:jdpostct.obj
 0001:000532c7       _jinit_upsampler           004542c7 f   lib:jdsample.obj
 0001:00053905       _jinit_color_deconverter   00454905 f   lib:jdcolor.obj
 0001:00053e1b       _jinit_merged_upsampler    00454e1b f   lib:jdmerge.obj
 0001:0005436b       _jinit_2pass_quantizer     0045536b f   lib:jquant2.obj
 0001:0005542e       _jinit_1pass_quantizer     0045642e f   lib:jquant1.obj
 0001:00055e54       _jinit_c_main_controller   00456e54 f   lib:jcmainct.obj
 0001:00055fc1       _jinit_c_prep_controller   00456fc1 f   lib:jcprepct.obj
 0001:0005650c       _jinit_downsampler         0045750c f   lib:jcsample.obj
 0001:00056d8c       _jinit_color_converter     00457d8c f   lib:jccolor.obj
 0001:00057376       _jinit_c_master_control    00458376 f   lib:jcmaster.obj
 0001:00057e65       _jinit_lossy_c_codec       00458e65 f   lib:jclossy.obj
 0001:00057f00       _jinit_lossless_c_codec    00458f00 f   lib:jclossls.obj
 0001:00057f98       _jinit_lossy_d_codec       00458f98 f   lib:jdlossy.obj
 0001:0005826b       _jinit_lossless_d_codec    0045926b f   lib:jdlossls.obj
 0001:0005831b       _jinit_c_coef_controller   0045931b f   lib:jccoefct.obj
 0001:000589ba       _jinit_shuff_encoder       004599ba f   lib:jcshuff.obj
 0001:00059222       _jinit_phuff_encoder       0045a222 f   lib:jcphuff.obj
 0001:00059cc7       _jinit_forward_dct         0045acc7 f   lib:jcdctmgr.obj
 0001:00059f96       _jinit_c_diff_controller   0045af96 f   lib:jcdiffct.obj
 0001:0005a4fc       _jinit_lhuff_encoder       0045b4fc f   lib:jclhuff.obj
 0001:0005ac29       _jinit_differencer         0045bc29 f   lib:jcpred.obj
 0001:0005b143       _jinit_c_scaler            0045c143 f   lib:jcscale.obj
 0001:0005b1b9       _jinit_d_coef_controller   0045c1b9 f   lib:jdcoefct.obj
 0001:0005be92       _jinit_shuff_decoder       0045ce92 f   lib:jdshuff.obj
 0001:0005c427       _jinit_phuff_decoder       0045d427 f   lib:jdphuff.obj
 0001:0005cfc4       _jinit_inverse_dct         0045dfc4 f   lib:jddctmgr.obj
 0001:0005d1a8       _jinit_d_diff_controller   0045e1a8 f   lib:jddiffct.obj
 0001:0005d6d9       _jinit_d_scaler            0045e6d9 f   lib:jdscale.obj
 0001:0005d7d8       _jinit_undifferencer       0045e7d8 f   lib:jdpred.obj
 0001:0005db92       _jinit_lhuff_decoder       0045eb92 f   lib:jdlhuff.obj
 0001:0005df87       _jpeg_make_c_derived_tbl   0045ef87 f   lib:jchuff.obj
 0001:0005e189       _jpeg_gen_optimal_table    0045f189 f   lib:jchuff.obj
 0001:0005e348       _jpeg_fdct_float           0045f348 f   lib:jfdctflt.obj
 0001:0005e54d       _jpeg_make_d_derived_tbl   0045f54d f   lib:jdhuff.obj
 0001:0005e7ea       _jpeg_fill_bit_buffer      0045f7ea f   lib:jdhuff.obj
 0001:0005e8f9       _jpeg_huff_decode          0045f8f9 f   lib:jdhuff.obj
 0001:0005e9d9       _jpeg_idct_4x4             0045f9d9 f   lib:jidctred.obj
 0001:0005ecc7       _jpeg_idct_2x2             0045fcc7 f   lib:jidctred.obj
 0001:0005ee89       _jpeg_idct_1x1             0045fe89 f   lib:jidctred.obj
 0001:0005eec5       _jpeg_idct_float           0045fec5 f   lib:jidctflt.obj
 0001:0005f2a0       __chkstk                   004602a0 f   MSVCRT:chkstk.obj
 0001:0005f2a0       __alloca_probe             004602a0 f   MSVCRT:chkstk.obj
 0001:0005f2d0       _strcmp                    004602d0 f   MSVCRT:MSVCRT.dll
 0001:0005f2d6       __except_handler3          004602d6 f   MSVCRT:MSVCRT.dll
 0001:0005f2dc       _strlen                    004602dc f   MSVCRT:MSVCRT.dll
 0001:0005f2e2       _strcpy                    004602e2 f   MSVCRT:MSVCRT.dll
 0001:0005f2e8       _sin                       004602e8 f   MSVCRT:MSVCRT.dll
 0001:0005f2ee       _tan                       004602ee f   MSVCRT:MSVCRT.dll
 0001:0005f2f4       _cos                       004602f4 f   MSVCRT:MSVCRT.dll
 0001:0005f2fa       __ftol                     004602fa f   MSVCRT:MSVCRT.dll
 0001:0005f300       _strcat                    00460300 f   MSVCRT:MSVCRT.dll
 0001:0005f306       _fmod                      00460306 f   MSVCRT:MSVCRT.dll
 0001:0005f30c       _atan2                     0046030c f   MSVCRT:MSVCRT.dll
 0001:0005f312       _acos                      00460312 f   MSVCRT:MSVCRT.dll
 0001:0005f318       _sqrt                      00460318 f   MSVCRT:MSVCRT.dll
 0001:0005f31e       _atan                      0046031e f   MSVCRT:MSVCRT.dll
 0001:0005f324       ??_Etype_info@@UAEPAXI@Z   00460324 f i MSVCRT:ti_inst.obj
 0001:0005f324       ??_Gtype_info@@UAEPAXI@Z   00460324 f i MSVCRT:ti_inst.obj
 0001:0005f340       __CxxThrowException@8      00460340 f   MSVCRT:MSVCRT.dll
 0001:0005f346       _memcpy                    00460346 f   MSVCRT:MSVCRT.dll
 0001:0005f34c       _memset                    0046034c f   MSVCRT:MSVCRT.dll
 0001:0005f352       _pow                       00460352 f   MSVCRT:MSVCRT.dll
 0001:0005f358       _asin                      00460358 f   MSVCRT:MSVCRT.dll
 0001:0005f35e       _WinMainCRTStartup         0046035e f   MSVCRT:crtexew.obj
 0001:0005f4bc       ??1type_info@@UAE@XZ       004604bc f   MSVCRT:MSVCRT.dll
 0001:0005f4c2       __XcptFilter               004604c2 f   MSVCRT:MSVCRT.dll
 0001:0005f4c8       __initterm                 004604c8 f   MSVCRT:MSVCRT.dll
 0001:0005f4ce       __setdefaultprecision      004604ce f   MSVCRT:fp8.obj
 0001:0005f4e0       __matherr                  004604e0 f   MSVCRT:merr.obj
 0001:0005f4e0       _jpeg_mem_init             004604e0 f   MSVCRT:merr.obj
 0001:0005f4e3       __setargv                  004604e3 f   MSVCRT:dllargv.obj
 0001:0005f4e3       _jpeg_mem_term             004604e3 f   MSVCRT:dllargv.obj
 0001:0005f4e4       __controlfp                004604e4 f   MSVCRT:MSVCRT.dll
 0002:00000000       __imp__SetDeviceGammaRamp@8 00461000     gdi32:GDI32.dll
 0002:00000004       __imp__GetDeviceGammaRamp@8 00461004     gdi32:GDI32.dll
 0002:00000008       __imp__DescribePixelFormat@16 00461008     gdi32:GDI32.dll
 0002:0000000c       __imp__SetPixelFormat@12   0046100c     gdi32:GDI32.dll
 0002:00000010       __imp__ChoosePixelFormat@8 00461010     gdi32:GDI32.dll
 0002:00000014       __imp__SwapBuffers@4       00461014     gdi32:GDI32.dll
 0002:00000018       __imp__GetDeviceCaps@8     00461018     gdi32:GDI32.dll
 0002:0000001c       \177GDI32_NULL_THUNK_DATA  0046101c     gdi32:GDI32.dll
 0002:00000020       __imp__SetErrorMode@4      00461020     kernel32:KERNEL32.dll
 0002:00000024       __imp__GetModuleFileNameA@12 00461024     kernel32:KERNEL32.dll
 0002:00000028       __imp__VirtualQuery@12     00461028     kernel32:KERNEL32.dll
 0002:0000002c       __imp__IsBadReadPtr@8      0046102c     kernel32:KERNEL32.dll
 0002:00000030       __imp__GetStdHandle@4      00461030     kernel32:KERNEL32.dll
 0002:00000034       __imp__AllocConsole@0      00461034     kernel32:KERNEL32.dll
 0002:00000038       __imp__ReadConsoleInputA@16 00461038     kernel32:KERNEL32.dll
 0002:0000003c       __imp__GetDriveTypeA@4     0046103c     kernel32:KERNEL32.dll
 0002:00000040       __imp__WriteFile@20        00461040     kernel32:KERNEL32.dll
 0002:00000044       __imp__SetConsoleTextAttribute@8 00461044     kernel32:KERNEL32.dll
 0002:00000048       __imp__SetPriorityClass@8  00461048     kernel32:KERNEL32.dll
 0002:0000004c       __imp__GetCurrentProcess@0 0046104c     kernel32:KERNEL32.dll
 0002:00000050       __imp__GetVersionExA@4     00461050     kernel32:KERNEL32.dll
 0002:00000054       __imp__FreeConsole@0       00461054     kernel32:KERNEL32.dll
 0002:00000058       __imp__Sleep@4             00461058     kernel32:KERNEL32.dll
 0002:0000005c       __imp__GetStartupInfoA@4   0046105c     kernel32:KERNEL32.dll
 0002:00000060       __imp__GetModuleHandleA@4  00461060     kernel32:KERNEL32.dll
 0002:00000064       __imp__VirtualFree@12      00461064     kernel32:KERNEL32.dll
 0002:00000068       __imp__VirtualAlloc@16     00461068     kernel32:KERNEL32.dll
 0002:0000006c       __imp__LoadLibraryA@4      0046106c     kernel32:KERNEL32.dll
 0002:00000070       __imp__GetProcAddress@8    00461070     kernel32:KERNEL32.dll
 0002:00000074       __imp__GetNumberOfConsoleInputEvents@8 00461074     kernel32:KERNEL32.dll
 0002:00000078       __imp__FreeLibrary@4       00461078     kernel32:KERNEL32.dll
 0002:0000007c       \177KERNEL32_NULL_THUNK_DATA 0046107c     kernel32:KERNEL32.dll
 0002:00000080       __imp____p__commode        00461080     MSVCRT:MSVCRT.dll
 0002:00000084       __imp___adjust_fdiv        00461084     MSVCRT:MSVCRT.dll
 0002:00000088       __imp____p__fmode          00461088     MSVCRT:MSVCRT.dll
 0002:0000008c       __imp___initterm           0046108c     MSVCRT:MSVCRT.dll
 0002:00000090       __imp____getmainargs       00461090     MSVCRT:MSVCRT.dll
 0002:00000094       __imp___acmdln             00461094     MSVCRT:MSVCRT.dll
 0002:00000098       __imp___XcptFilter         00461098     MSVCRT:MSVCRT.dll
 0002:0000009c       __imp___exit               0046109c     MSVCRT:MSVCRT.dll
 0002:000000a0       __imp_??1type_info@@UAE@XZ 004610a0     MSVCRT:MSVCRT.dll
 0002:000000a4       __imp__fflush              004610a4     MSVCRT:MSVCRT.dll
 0002:000000a8       __imp___winmajor           004610a8     MSVCRT:MSVCRT.dll
 0002:000000ac       __imp__asin                004610ac     MSVCRT:MSVCRT.dll
 0002:000000b0       __imp__pow                 004610b0     MSVCRT:MSVCRT.dll
 0002:000000b4       __imp__exit                004610b4     MSVCRT:MSVCRT.dll
 0002:000000b8       __imp___findclose          004610b8     MSVCRT:MSVCRT.dll
 0002:000000bc       __imp___findnext           004610bc     MSVCRT:MSVCRT.dll
 0002:000000c0       __imp___findfirst          004610c0     MSVCRT:MSVCRT.dll
 0002:000000c4       __imp___mkdir              004610c4     MSVCRT:MSVCRT.dll
 0002:000000c8       __imp__malloc              004610c8     MSVCRT:MSVCRT.dll
 0002:000000cc       __imp__free                004610cc     MSVCRT:MSVCRT.dll
 0002:000000d0       __imp__memset              004610d0     MSVCRT:MSVCRT.dll
 0002:000000d4       __imp__memcpy              004610d4     MSVCRT:MSVCRT.dll
 0002:000000d8       __imp__remove              004610d8     MSVCRT:MSVCRT.dll
 0002:000000dc       __imp__srand               004610dc     MSVCRT:MSVCRT.dll
 0002:000000e0       __imp___CxxThrowException@8 004610e0     MSVCRT:MSVCRT.dll
 0002:000000e4       __imp__strftime            004610e4     MSVCRT:MSVCRT.dll
 0002:000000e8       __imp__strstr              004610e8     MSVCRT:MSVCRT.dll
 0002:000000ec       __imp__time                004610ec     MSVCRT:MSVCRT.dll
 0002:000000f0       __imp____set_app_type      004610f0     MSVCRT:MSVCRT.dll
 0002:000000f4       __imp___controlfp          004610f4     MSVCRT:MSVCRT.dll
 0002:000000f8       __imp___stricmp            004610f8     MSVCRT:MSVCRT.dll
 0002:000000f8       __imp__stricmp             004610f8     MSVCRT:MSVCRT.dll
 0002:000000fc       __imp__strnicmp            004610fc     MSVCRT:MSVCRT.dll
 0002:000000fc       __imp___strnicmp           004610fc     MSVCRT:MSVCRT.dll
 0002:00000100       __imp____setusermatherr    00461100     MSVCRT:MSVCRT.dll
 0002:00000104       __imp__localtime           00461104     MSVCRT:MSVCRT.dll
 0002:00000108       __imp__memmove             00461108     MSVCRT:MSVCRT.dll
 0002:0000010c       __imp__fread               0046110c     MSVCRT:MSVCRT.dll
 0002:00000110       __imp__strncat             00461110     MSVCRT:MSVCRT.dll
 0002:00000114       __imp__qsort               00461114     MSVCRT:MSVCRT.dll
 0002:00000118       __imp__atan                00461118     MSVCRT:MSVCRT.dll
 0002:0000011c       __imp__strncpy             0046111c     MSVCRT:MSVCRT.dll
 0002:00000120       __imp__sscanf              00461120     MSVCRT:MSVCRT.dll
 0002:00000124       __imp__sqrt                00461124     MSVCRT:MSVCRT.dll
 0002:00000128       __imp__acos                00461128     MSVCRT:MSVCRT.dll
 0002:0000012c       __imp__atan2               0046112c     MSVCRT:MSVCRT.dll
 0002:00000130       __imp__fmod                00461130     MSVCRT:MSVCRT.dll
 0002:00000134       __imp__fprintf             00461134     MSVCRT:MSVCRT.dll
 0002:00000138       __imp__strcat              00461138     MSVCRT:MSVCRT.dll
 0002:0000013c       __imp___putenv             0046113c     MSVCRT:MSVCRT.dll
 0002:0000013c       __imp__putenv              0046113c     MSVCRT:MSVCRT.dll
 0002:00000140       __imp__atof                00461140     MSVCRT:MSVCRT.dll
 0002:00000144       __imp___ftol               00461144     MSVCRT:MSVCRT.dll
 0002:00000148       __imp__cos                 00461148     MSVCRT:MSVCRT.dll
 0002:0000014c       __imp__tan                 0046114c     MSVCRT:MSVCRT.dll
 0002:00000150       __imp__rand                00461150     MSVCRT:MSVCRT.dll
 0002:00000154       __imp__sin                 00461154     MSVCRT:MSVCRT.dll
 0002:00000158       __imp__atoi                00461158     MSVCRT:MSVCRT.dll
 0002:0000015c       __imp__fclose              0046115c     MSVCRT:MSVCRT.dll
 0002:00000160       __imp__strcmp              00461160     MSVCRT:MSVCRT.dll
 0002:00000164       __imp__strchr              00461164     MSVCRT:MSVCRT.dll
 0002:00000168       __imp___except_handler3    00461168     MSVCRT:MSVCRT.dll
 0002:0000016c       __imp__ftell               0046116c     MSVCRT:MSVCRT.dll
 0002:00000170       __imp__fseek               00461170     MSVCRT:MSVCRT.dll
 0002:00000174       __imp__fopen               00461174     MSVCRT:MSVCRT.dll
 0002:00000178       __imp__strlen              00461178     MSVCRT:MSVCRT.dll
 0002:0000017c       __imp__strrchr             0046117c     MSVCRT:MSVCRT.dll
 0002:00000180       __imp__strcpy              00461180     MSVCRT:MSVCRT.dll
 0002:00000184       __imp___vsnprintf          00461184     MSVCRT:MSVCRT.dll
 0002:00000188       __imp__rename              00461188     MSVCRT:MSVCRT.dll
 0002:0000018c       __imp__fwrite              0046118c     MSVCRT:MSVCRT.dll
 0002:00000190       \177MSVCRT_NULL_THUNK_DATA 00461190     MSVCRT:MSVCRT.dll
 0002:00000194       __imp__DefWindowProcA@16   00461194     user32:USER32.dll
 0002:00000198       __imp__ShowCursor@4        00461198     user32:USER32.dll
 0002:0000019c       __imp__ReleaseCapture@0    0046119c     user32:USER32.dll
 0002:000001a0       __imp__ClipCursor@4        004611a0     user32:USER32.dll
 0002:000001a4       __imp__SetCursorPos@8      004611a4     user32:USER32.dll
 0002:000001a8       __imp__GetCursorPos@4      004611a8     user32:USER32.dll
 0002:000001ac       __imp__SetCursor@4         004611ac     user32:USER32.dll
 0002:000001b0       __imp__SetCapture@4        004611b0     user32:USER32.dll
 0002:000001b4       __imp__GetWindowRect@8     004611b4     user32:USER32.dll
 0002:000001b8       __imp__GetSystemMetrics@4  004611b8     user32:USER32.dll
 0002:000001bc       __imp__DispatchMessageA@4  004611bc     user32:USER32.dll
 0002:000001c0       __imp__TranslateMessage@4  004611c0     user32:USER32.dll
 0002:000001c4       __imp__PeekMessageA@20     004611c4     user32:USER32.dll
 0002:000001c8       __imp__MessageBoxA@16      004611c8     user32:USER32.dll
 0002:000001cc       __imp__CreateWindowExA@48  004611cc     user32:USER32.dll
 0002:000001d0       __imp__RegisterClassA@4    004611d0     user32:USER32.dll
 0002:000001d4       __imp__LoadCursorA@8       004611d4     user32:USER32.dll
 0002:000001d8       __imp__LoadIconA@8         004611d8     user32:USER32.dll
 0002:000001dc       __imp__SetFocus@4          004611dc     user32:USER32.dll
 0002:000001e0       __imp__SetForegroundWindow@4 004611e0     user32:USER32.dll
 0002:000001e4       __imp__UpdateWindow@4      004611e4     user32:USER32.dll
 0002:000001e8       __imp__SetWindowPos@28     004611e8     user32:USER32.dll
 0002:000001ec       __imp__GetDesktopWindow@0  004611ec     user32:USER32.dll
 0002:000001f0       __imp__ReleaseDC@8         004611f0     user32:USER32.dll
 0002:000001f4       __imp__MoveWindow@24       004611f4     user32:USER32.dll
 0002:000001f8       __imp__DestroyWindow@4     004611f8     user32:USER32.dll
 0002:000001fc       __imp__UnregisterClassA@8  004611fc     user32:USER32.dll
 0002:00000200       __imp__UnregisterHotKey@8  00461200     user32:USER32.dll
 0002:00000204       __imp__RegisterHotKey@16   00461204     user32:USER32.dll
 0002:00000208       __imp__SystemParametersInfoA@16 00461208     user32:USER32.dll
 0002:0000020c       __imp__GetDC@4             0046120c     user32:USER32.dll
 0002:00000210       __imp__ChangeDisplaySettingsA@8 00461210     user32:USER32.dll
 0002:00000214       __imp__GetWindowLongA@8    00461214     user32:USER32.dll
 0002:00000218       __imp__RegisterWindowMessageA@4 00461218     user32:USER32.dll
[...]
 0001:0005d346       _start_iMCU_row            0045e346 f   lib:jddiffct.obj
 0001:0005d38b       _start_output_pass         0045e38b f   lib:jddiffct.obj
 0001:0005d397       _decompress_data           0045e397 f   lib:jddiffct.obj
 0001:0005d507       _process_restart           0045e507 f   lib:jddiffct.obj
 0001:0005d53c       _dummy_consume_data        0045e53c f   lib:jddiffct.obj
 0001:0005d53f       _consume_data              0045e53f f   lib:jddiffct.obj
 0001:0005d5b6       _output_data               0045e5b6 f   lib:jddiffct.obj
 0001:0005d03a       _start_pass                0045e03a f   lib:jddctmgr.obj
 0001:0005c48c       _start_pass_phuff_decoder  0045d48c f   lib:jdphuff.obj
 0001:0005c6d5       _decode_mcu_DC_first       0045d6d5 f   lib:jdphuff.obj
 0001:0005c8cd       _process_restart           0045d8cd f   lib:jdphuff.obj
 0001:0005c93c       _decode_mcu_AC_first       0045d93c f   lib:jdphuff.obj
 0001:0005cb5c       _decode_mcu_DC_refine      0045db5c f   lib:jdphuff.obj
 0001:0005cc31       _decode_mcu_AC_refine      0045dc31 f   lib:jdphuff.obj
 0001:0005bed3       _start_pass_huff_decoder   0045ced3 f   lib:jdshuff.obj
 0001:0005c00b       _decode_mcu                0045d00b f   lib:jdshuff.obj
 0001:0005c3bb       _process_restart           0045d3bb f   lib:jdshuff.obj
 0001:0005b2bc       _start_input_pass          0045c2bc f   lib:jdcoefct.obj
 0001:0005b2cf       _start_iMCU_row            0045c2cf f   lib:jdcoefct.obj
 0001:0005b314       _start_output_pass         0045c314 f   lib:jdcoefct.obj
 0001:0005b351       _decompress_onepass        0045c351 f   lib:jdcoefct.obj
 0001:0005d53c       _dummy_consume_data        0045e53c f   lib:jddiffct.obj
 0001:0005b52a       _consume_data              0045c52a f   lib:jdcoefct.obj
 0001:0005b6e3       _decompress_data           0045c6e3 f   lib:jdcoefct.obj
 0001:0005b84f       _smoothing_ok              0045c84f f   lib:jdcoefct.obj
 0001:0005b93a       _decompress_smooth_data    0045c93a f   lib:jdcoefct.obj
 0001:0005b155       _scaler_start_pass         0045c155 f   lib:jcscale.obj
 0001:0005b178       _simple_downscale          0045c178 f   lib:jcscale.obj
 0001:0005b1a4       _noscale                   0045c1a4 f   lib:jcscale.obj
 0001:0005ac4d       _start_pass                0045bc4d f   lib:jcpred.obj
 0001:0005aca5       _reset_predictor           0045bca5 f   lib:jcpred.obj
 0001:0005acd2       _jpeg_difference_first_row 0045bcd2 f   lib:jcpred.obj
 0001:0005adbc       _jpeg_difference1          0045bdbc f   lib:jcpred.obj
 0001:0005ae2a       _jpeg_difference2          0045be2a f   lib:jcpred.obj
 0001:0005ae9b       _jpeg_difference3          0045be9b f   lib:jcpred.obj
 0001:0005af13       _jpeg_difference4          0045bf13 f   lib:jcpred.obj
 0001:0005af9e       _jpeg_difference5          0045bf9e f   lib:jcpred.obj
 0001:0005b031       _jpeg_difference6          0045c031 f   lib:jcpred.obj
 0001:0005b0c0       _jpeg_difference7          0045c0c0 f   lib:jcpred.obj
 0001:0005a53c       _start_pass_huff           0045b53c f   lib:jclhuff.obj
 0001:0005a6d9       _encode_mcus_huff          0045b6d9 f   lib:jclhuff.obj
 0001:0005a8c4       _emit_bits                 0045b8c4 f   lib:jclhuff.obj
 0001:0005a967       _dump_buffer               0045b967 f   lib:jclhuff.obj
 0001:0005a98b       _emit_restart              0045b98b f   lib:jclhuff.obj
 0001:0005a9d6       _flush_bits                0045b9d6 f   lib:jclhuff.obj
 0001:0005a9fa       _finish_pass_huff          0045b9fa f   lib:jclhuff.obj
 0001:0005aa67       _encode_mcus_gather        0045ba67 f   lib:jclhuff.obj
 0001:0005ab90       _finish_pass_gather        0045bb90 f   lib:jclhuff.obj
 0001:0005ac26       _need_optimization_pass    0045bc26 f   lib:jclhuff.obj
 0001:0005a11a       _start_pass_diff           0045b11a f   lib:jcdiffct.obj
 0001:0005a1b8       _start_iMCU_row            0045b1b8 f   lib:jcdiffct.obj
 0001:0005a1fa       _compress_data             0045b1fa f   lib:jcdiffct.obj
 0001:0005a390       _compress_first_pass       0045b390 f   lib:jcdiffct.obj
 0001:0005a485       _compress_output           0045b485 f   lib:jcdiffct.obj
 0001:00059d2d       _start_pass_fdctmgr        0045ad2d f   lib:jcdctmgr.obj
 0001:00059e2f       _forward_DCT_float         0045ae2f f   lib:jcdctmgr.obj
 0001:00059262       _start_pass_phuff          0045a262 f   lib:jcphuff.obj
 0001:000593cf       _encode_mcu_DC_first       0045a3cf f   lib:jcphuff.obj
 0001:00059501       _emit_bits                 0045a501 f   lib:jcphuff.obj
 0001:000595ac       _dump_buffer               0045a5ac f   lib:jcphuff.obj
 0001:000595e4       _emit_symbol               0045a5e4 f   lib:jcphuff.obj
 0001:00059624       _emit_restart              0045a624 f   lib:jcphuff.obj
 0001:000596ad       _emit_eobrun               0045a6ad f   lib:jcphuff.obj
 0001:00059733       _encode_mcu_AC_first       0045a733 f   lib:jcphuff.obj
 0001:000598c7       _encode_mcu_DC_refine      0045a8c7 f   lib:jcphuff.obj
 0001:00059981       _encode_mcu_AC_refine      0045a981 f   lib:jcphuff.obj
 0001:00059b98       _finish_pass_phuff         0045ab98 f   lib:jcphuff.obj
 0001:00059be7       _finish_pass_gather_phuff  0045abe7 f   lib:jcphuff.obj
 0001:00059caa       _need_optimization_pass    0045acaa f   lib:jcphuff.obj
 0001:000589fd       _start_pass_huff           004599fd f   lib:jcshuff.obj
 0001:00058b72       _encode_mcu_huff           00459b72 f   lib:jcshuff.obj
 0001:00058c7d       _encode_one_block          00459c7d f   lib:jcshuff.obj
 0001:00058df4       _emit_bits                 00459df4 f   lib:jcshuff.obj
 0001:00058e97       _dump_buffer               00459e97 f   lib:jcshuff.obj
 0001:00058ebb       _emit_restart              00459ebb f   lib:jcshuff.obj
 0001:00058f28       _flush_bits                00459f28 f   lib:jcshuff.obj
 0001:00058f4c       _finish_pass_huff          00459f4c f   lib:jcshuff.obj
 0001:00058fbb       _encode_mcu_gather         00459fbb f   lib:jcshuff.obj
 0001:00059071       _htest_one_block           0045a071 f   lib:jcshuff.obj
 0001:00059138       _finish_pass_gather        0045a138 f   lib:jcshuff.obj
 0001:0005ac26       _need_optimization_pass    0045bc26 f   lib:jclhuff.obj
 0001:000583d0       _start_pass_coef           004593d0 f   lib:jccoefct.obj
 0001:0005a1b8       _start_iMCU_row            0045b1b8 f   lib:jcdiffct.obj
 0001:00058465       _compress_data             00459465 f   lib:jccoefct.obj
 0001:0005864c       _compress_first_pass       0045964c f   lib:jccoefct.obj
 0001:00058832       _compress_output           00459832 f   lib:jccoefct.obj
 0001:000582e8       _calc_output_dimensions    004592e8 f   lib:jdlossls.obj
 0001:000582f9       _start_input_pass          004592f9 f   lib:jdlossls.obj
 0001:00058027       _calc_output_dimensions    00459027 f   lib:jdlossy.obj
 0001:0005819a       _start_input_pass          0045919a f   lib:jdlossy.obj
 0001:000581ba       _latch_quant_tables        004591ba f   lib:jdlossy.obj
 0001:00058252       _start_output_pass         00459252 f   lib:jdlossy.obj
 0001:00057f76       _start_pass                00458f76 f   lib:jclossls.obj
 0001:00057ee2       _start_pass                00458ee2 f   lib:jclossy.obj
 0001:00057437       _initial_setup             00458437 f   lib:jcmaster.obj
 0001:000575ea       _validate_script           004585ea f   lib:jcmaster.obj
 0001:000579c2       _prepare_for_pass          004589c2 f   lib:jcmaster.obj
 0001:00057b3a       _select_scan_parameters    00458b3a f   lib:jcmaster.obj
 0001:00057c3b       _per_scan_setup            00458c3b f   lib:jcmaster.obj
 0001:00057de6       _pass_startup              00458de6 f   lib:jcmaster.obj
 0001:00057e0d       _finish_pass_master        00458e0d f   lib:jcmaster.obj
 0001:00056f23       _rgb_ycc_start             00457f23 f   lib:jccolor.obj
 0001:00056fe7       _rgb_ycc_convert           00457fe7 f   lib:jccolor.obj
 0001:000570e6       _rgb_gray_convert          004580e6 f   lib:jccolor.obj
 0001:0005716b       _cmyk_ycck_convert         0045816b f   lib:jccolor.obj
 0001:000572a3       _grayscale_convert         004582a3 f   lib:jccolor.obj
 0001:000572fd       _null_convert              004582fd f   lib:jccolor.obj
 0001:0003500a       _null_method               0043600a f   vid_dll.obj
 0001:0003500a       _start_pass_downsample     0043600a f   vid_dll.obj
 0001:0005666f       _sep_downsample            0045766f f   lib:jcsample.obj
 0001:000566e4       _int_downsample            004576e4 f   lib:jcsample.obj
 0001:000567dc       _expand_right_edge         004577dc f   lib:jcsample.obj
 0001:00056831       _fullsize_downsample       00457831 f   lib:jcsample.obj
 0001:00056875       _h2v1_downsample           00457875 f   lib:jcsample.obj
 0001:00056909       _h2v2_downsample           00457909 f   lib:jcsample.obj
 0001:000569b6       _h2v2_smooth_downsample    004579b6 f   lib:jcsample.obj
 0001:00056c2e       _fullsize_smooth_downsample 00457c2e f   lib:jcsample.obj
 0001:0005606b       _start_pass_prep           0045706b f   lib:jcprepct.obj
 0001:000560a9       _pre_process_data          004570a9 f   lib:jcprepct.obj
 0001:00056257       _pre_process_context       00457257 f   lib:jcprepct.obj
 0001:00056410       _create_context_buffer     00457410 f   lib:jcprepct.obj
 0001:00055ee3       _start_pass_main           00456ee3 f   lib:jcmainct.obj
 0001:00055f25       _process_data_simple_main  00456f25 f   lib:jcmainct.obj
 0001:000554b9       _create_colormap           004564b9 f   lib:jquant1.obj
 0001:000555eb       _select_ncolors            004565eb f   lib:jquant1.obj
 0001:000556c2       _create_colorindex         004566c2 f   lib:jquant1.obj
 0001:000557ee       _alloc_fs_workspace        004567ee f   lib:jquant1.obj
 0001:0005582a       _start_pass_1_quant        0045682a f   lib:jquant1.obj
 0001:000558f6       _create_odither_tables     004568f6 f   lib:jquant1.obj
 0001:00055955       _make_odither_array        00456955 f   lib:jquant1.obj
 0001:000559b8       _color_quantize            004569b8 f   lib:jquant1.obj
 0001:00055a43       _color_quantize3           00456a43 f   lib:jquant1.obj
 0001:00055ad1       _quantize_ord_dither       00456ad1 f   lib:jquant1.obj
 0001:00055bbc       _quantize3_ord_dither      00456bbc f   lib:jquant1.obj
 0001:00055cbc       _quantize_fs_dither        00456cbc f   lib:jquant1.obj
 0001:0003500a       _finish_pass_1_quant       0043600a f   vid_dll.obj
 0001:00055e40       _new_color_map_1_quant     00456e40 f   lib:jquant1.obj
 0001:0005447a       _init_error_limit          0045547a f   lib:jquant2.obj
 0001:00054519       _start_pass_2_quant        00455519 f   lib:jquant2.obj
 0001:0005461b       _prescan_quantize          0045561b f   lib:jquant2.obj
 0001:0005468a       _pass2_no_dither           0045568a f   lib:jquant2.obj
 0001:00054737       _fill_inverse_cmap         00455737 f   lib:jquant2.obj
 0001:00054802       _find_nearby_colors        00455802 f   lib:jquant2.obj
 0001:000549a6       _find_best_colors          004559a6 f   lib:jquant2.obj
 0001:00054ac0       _pass2_fs_dither           00455ac0 f   lib:jquant2.obj
 0001:00054d2f       _finish_pass1              00455d2f f   lib:jquant2.obj
 0001:00054d51       _select_colors             00455d51 f   lib:jquant2.obj
 0001:00054ddd       _update_box                00455ddd f   lib:jquant2.obj
 0001:00055177       _median_cut                00456177 f   lib:jquant2.obj
 0001:0005528b       _find_biggest_color_pop    0045628b f   lib:jquant2.obj
 0001:000552ba       _find_biggest_volume       004562ba f   lib:jquant2.obj
 0001:000552e3       _compute_color             004562e3 f   lib:jquant2.obj
 0001:0003500a       _finish_pass2              0043600a f   vid_dll.obj
 0001:0005541f       _new_color_map_2_quant     0045641f f   lib:jquant2.obj
 0001:00053e91       _build_ycc_rgb_table       00454e91 f   lib:jdmerge.obj
 0001:00053f41       _start_pass_merged_upsample 00454f41 f   lib:jdmerge.obj
 0001:00053f56       _merged_2v_upsample        00454f56 f   lib:jdmerge.obj
 0001:00053ffd       _merged_1v_upsample        00454ffd f   lib:jdmerge.obj
 0001:0005402e       _h2v1_merged_upsample      0045502e f   lib:jdmerge.obj
 0001:00054184       _h2v2_merged_upsample      00455184 f   lib:jdmerge.obj
 0001:00053a35       _build_ycc_rgb_table       00454a35 f   lib:jdcolor.obj
 0001:00053ae5       _ycc_rgb_convert           00454ae5 f   lib:jdcolor.obj
 0001:00053bf3       _null_convert              00454bf3 f   lib:jdcolor.obj
 0001:00053c6b       _grayscale_convert         00454c6b f   lib:jdcolor.obj
 0001:00053c8e       _gray_rgb_convert          00454c8e f   lib:jdcolor.obj
 0001:00053ce7       _ycck_cmyk_convert         00454ce7 f   lib:jdcolor.obj
 0001:0003500a       _start_pass_dcolor         0043600a f   vid_dll.obj
 0001:00053496       _start_pass_upsample       00454496 f   lib:jdsample.obj
 0001:000534b0       _sep_upsample              004544b0 f   lib:jdsample.obj
 0001:0005357d       _fullsize_upsample         0045457d f   lib:jdsample.obj
 0001:00053588       _noop_upsample             00454588 f   lib:jdsample.obj
 0001:00053590       _int_upsample              00454590 f   lib:jdsample.obj
 0001:0005367a       _h2v1_upsample             0045467a f   lib:jdsample.obj
 0001:000536d1       _h2v2_upsample             004546d1 f   lib:jdsample.obj
 0001:00053743       _h2v1_fancy_upsample       00454743 f   lib:jdsample.obj
 0001:000537e6       _h2v2_fancy_upsample       004547e6 f   lib:jdsample.obj
 0001:0005309f       _start_pass_dpost          0045409f f   lib:jdpostct.obj
 0001:00053145       _post_process_1pass        00454145 f   lib:jdpostct.obj
 0001:000531aa       _post_process_prepass      004541aa f   lib:jdpostct.obj
 0001:0005323b       _post_process_2pass        0045423b f   lib:jdpostct.obj
 0001:00052aa6       _alloc_funny_pointers      00453aa6 f   lib:jdmainct.obj
 0001:00052b53       _start_pass_main           00453b53 f   lib:jdmainct.obj
 0001:00052bbb       _make_funny_pointers       00453bbb f   lib:jdmainct.obj
 0001:00052cfb       _process_data_simple_main  00453cfb f   lib:jdmainct.obj
 0001:00052d63       _process_data_context_main 00453d63 f   lib:jdmainct.obj
 0001:00052e75       _set_wraparound_pointers   00453e75 f   lib:jdmainct.obj
 0001:00052f5f       _set_bottom_pointers       00453f5f f   lib:jdmainct.obj
 0001:00052ff9       _process_data_crank_post   00453ff9 f   lib:jdmainct.obj
 0001:00051818       _write_marker_header       00452818 f   lib:jcmarker.obj
 0001:0005186e       _emit_byte                 0045286e f   lib:jcmarker.obj
 0001:0005189f       _write_marker_byte         0045289f f   lib:jcmarker.obj
 0001:000518af       _write_file_header         004528af f   lib:jcmarker.obj
 0001:000518fb       _emit_jfif_app0            004528fb f   lib:jcmarker.obj
 0001:000519ce       _emit_adobe_app14          004529ce f   lib:jcmarker.obj
 0001:00051a74       _write_frame_header        00452a74 f   lib:jcmarker.obj
 0001:00051b53       _emit_dqt                  00452b53 f   lib:jcmarker.obj
 0001:00051c42       _emit_sof                  00452c42 f   lib:jcmarker.obj
 0001:00051d1e       _write_scan_header         00452d1e f   lib:jcmarker.obj
 0001:00051dde       _emit_dht                  00452dde f   lib:jcmarker.obj
 0001:00051eb7       _emit_dri                  00452eb7 f   lib:jcmarker.obj
 0001:00051f06       _emit_sos                  00452f06 f   lib:jcmarker.obj
 0001:00051ff4       _write_file_trailer        00452ff4 f   lib:jcmarker.obj
 0001:00052014       _write_tables_only         00453014 f   lib:jcmarker.obj
 0001:0005136d       _use_merged_upsample       0045236d f   lib:jdmaster.obj
 0001:00051413       _master_selection          00452413 f   lib:jdmaster.obj
 0001:00051570       _prepare_range_limit_table 00452570 f   lib:jdmaster.obj
 0001:000515f6       _prepare_for_output_pass   004525f6 f   lib:jdmaster.obj
 0001:00051717       _finish_output_pass        00452717 f   lib:jdmaster.obj
 0001:000507e4       _alloc_small               004517e4 f   lib:jmemmgr.obj
 0001:00050902       _alloc_large               00451902 f   lib:jmemmgr.obj
 0001:000509b3       _alloc_sarray              004519b3 f   lib:jmemmgr.obj
 0001:00050a4b       _alloc_barray              00451a4b f   lib:jmemmgr.obj
 0001:00050aef       _alloc_darray              00451aef f   lib:jmemmgr.obj
 0001:00050b9a       _request_virt_sarray       00451b9a f   lib:jmemmgr.obj
 0001:00050bfb       _request_virt_barray       00451bfb f   lib:jmemmgr.obj
 0001:00050c5c       _realize_virt_arrays       00451c5c f   lib:jmemmgr.obj
 0001:00050ddf       _access_virt_sarray        00451ddf f   lib:jmemmgr.obj
 0001:00050eff       _do_sarray_io              00451eff f   lib:jmemmgr.obj
 0001:00050f8f       _access_virt_barray        00451f8f f   lib:jmemmgr.obj
 0001:000510b4       _do_barray_io              004520b4 f   lib:jmemmgr.obj
 0001:00051145       _free_pool                 00452145 f   lib:jmemmgr.obj
 0001:0005122c       _self_destruct             0045222c f   lib:jmemmgr.obj
 0001:0005027e       _start_input_pass          0045127e f   lib:jdinput.obj
 0001:000502ac       _per_scan_setup            004512ac f   lib:jdinput.obj
 0001:00050432       _finish_input_pass         00451432 f   lib:jdinput.obj
 0001:00050443       _consume_markers           00451443 f   lib:jdinput.obj
 0001:000504df       _initial_setup             004514df f   lib:jdinput.obj
 0001:000506e9       _reset_input_controller    004516e9 f   lib:jdinput.obj
 0001:00050037       _fixedtables               00451037 f   lib:inflate.obj
 0001:00050121       _updatewindow              00451121 f   lib:inflate.obj
 0001:0004ea97       _make_crc_table            0044fa97 f   lib:crc32.obj
 0001:0004ebc3       _crc32_little              0044fbc3 f   lib:crc32.obj
 0001:0004e9d3       _init_destination          0044f9d3 f   lib:jdatadst.obj
 0001:0004e9f9       _empty_output_buffer       0044f9f9 f   lib:jdatadst.obj
 0001:0004ea3b       _term_destination          0044fa3b f   lib:jdatadst.obj
 0001:0004e55a       _std_huff_tables           0044f55a f   lib:jcparam.obj
 0001:0004e5b4       _add_huff_table            0044f5b4 f   lib:jcparam.obj
 0001:0004caa7       _next_marker               0044daa7 f   lib:jdmarker.obj
 0001:0004cbe1       _get_interesting_appn      0044dbe1 f   lib:jdmarker.obj
 0001:0004cd0c       _examine_app0              0044dd0c f   lib:jdmarker.obj
 0001:0004cf1a       _examine_app14             0044df1a f   lib:jdmarker.obj
 0001:0004cfdb       _skip_variable             0044dfdb f   lib:jdmarker.obj
 0001:0004d07e       _read_markers              0044e07e f   lib:jdmarker.obj
 0001:0004d286       _get_soi                   0044e286 f   lib:jdmarker.obj
 0001:0004d331       _get_sof                   0044e331 f   lib:jdmarker.obj
 0001:0004d63a       _get_sos                   0044e63a f   lib:jdmarker.obj
 0001:0004d928       _get_dht                   0044e928 f   lib:jdmarker.obj
 0001:0004dbc9       _get_dqt                   0044ebc9 f   lib:jdmarker.obj
 0001:0004de25       _get_dri                   0044ee25 f   lib:jdmarker.obj
 0001:0004df04       _first_marker              0044ef04 f   lib:jdmarker.obj
 0001:0004dfa0       _read_restart_marker       0044efa0 f   lib:jdmarker.obj
 0001:0004e01e       _reset_marker_reader       0044f01e f   lib:jdmarker.obj
 0001:0004c88b       _output_pass_setup         0044d88b f   lib:jdapistd.obj
 0001:0004c57e       _default_decompress_parms  0044d57e f   lib:jdapimin.obj

 71 bytes saved through ICF

