 quake2

 Timestamp is 429830e2 (Sat May 28 12:50:42 2005)

 Preferred load address is 00400000

 Start         Length     Name                   Class
 0001:00000000 0005e4d0H .text                   CODE
 0002:00000000 0000027cH .idata$5                DATA
 0002:00000280 00005aa4H .rdata                  DATA
 0002:00005d28 00000044H .rdata$r                DATA
 0002:00005d70 00000038H .xdata$x                DATA
 0002:00005da8 00000078H .idata$2                DATA
 0002:00005e20 00000014H .idata$3                DATA
 0002:00005e34 0000027cH .idata$4                DATA
 0002:000060b0 00000808H .idata$6                DATA
 0002:000068b8 00000000H .edata                  DATA
 0003:00000000 00000004H .CRT$XCA                DATA
 0003:00000004 00000078H .CRT$XCU                DATA
 0003:0000007c 00000004H .CRT$XCZ                DATA
 0003:00000080 00000004H .CRT$XIA                DATA
 0003:00000084 00000004H .CRT$XIZ                DATA
 0003:00000090 0000cb4cH .data                   DATA
 0003:0000cbe0 002f5368H .bss                    DATA
 0004:00000000 00000130H .rsrc$01                DATA
 0004:00000130 00003f20H .rsrc$02                DATA

  Address         Publics by Value              Rva+Base     Lib:Object

 0001:00000000       ??3@YAXPAX@Z               00401000 f i CoreMain.obj
 0001:0000000b       ?appInit@@YAXXZ            0040100b f   CoreMain.obj
 0001:0000006e       ?appExit@@YAXXZ            0040106e f   CoreMain.obj
 0001:00000073       ?appLoadDebugSymbols@@YAXXZ 00401073 f   DbgSymbols.obj
 0001:00000276       ?appSymbolName@@YA_NIPADH@Z 00401276 f   DbgSymbols.obj
 0001:00000362       ?appSymbolName@@YAPBDI@Z   00401362 f   DbgSymbols.obj
 0001:00000394       ?appMalloc@@YAPAXIH@Z      00401394 f   Memory.obj
 0001:00000442       ?appFree@@YAXPAX@Z         00401442 f   Memory.obj
 0001:00000470       ?Unlink@FMemHeader@@QAEXXZ 00401470 f i Memory.obj
 0001:0000049b       ?Link@CMemoryChain@@AAEXXZ 0040149b f   Memory.obj
 0001:000004ba       ?Unlink@CMemoryChain@@AAEXXZ 004014ba f   Memory.obj
 0001:000004e5       ??2CMemoryChain@@SAPAXIH@Z 004014e5 f   Memory.obj
 0001:00000557       ??3CMemoryChain@@SAXPAX@Z  00401557 f   Memory.obj
 0001:0000058a       ?Alloc@CMemoryChain@@QAEPAXIH@Z 0040158a f   Memory.obj
 0001:000005f4       ?appInitMemory@@YAXXZ      004015f4 f   Memory.obj
 0001:00000b2d       ?Write@COutputDeviceNull@@UAEXPBD@Z 00401b2d f i OutputDevice.obj
 0001:00000b30       ?appWPrintf@@YAXPBDZZ      00401b30 f   OutputDevice.obj
 0001:00000b81       ?appFatalError@@YAXPBDZZ   00401b81 f   ErrorMgr.obj
 0001:00000bbb       ?appNonFatalError@@YAXPBDZZ 00401bbb f   ErrorMgr.obj
 0001:00000c19       ?appUnwindPrefix@@YAXPBD@Z 00401c19 f   ErrorMgr.obj
 0001:00000c70       ?appUnwindThrow@@YAXPBDZZ  00401c70 f   ErrorMgr.obj
 0001:00000cf7       ?Reset@CErrorHandler@@QAEXXZ 00401cf7 f   ErrorMgr.obj
 0001:00000d21       ?appInitError@@YAXXZ       00401d21 f   ErrorMgr.obj
 0001:00000ddf       ?appStricmp@@YAHPBD0@Z     00401ddf f   Strings.obj
 0001:00000e14       ?toLower@@YADD@Z           00401e14 f i Strings.obj
 0001:00000e2b       ?appStrcpy@@YAXPADPBD@Z    00401e2b f   Strings.obj
 0001:00000e3e       ?appStrncpylwr@@YAXPADPBDH@Z 00401e3e f   Strings.obj
 0001:00000e76       ?appStrncpyz@@YAXPADPBDH@Z 00401e76 f   Strings.obj
 0001:00000ea3       ?appStrcatn@@YAXPADHPBD@Z  00401ea3 f   Strings.obj
 0001:00000ece       ?appCopyFilename@@YAXPADPBDH@Z 00401ece f   Strings.obj
 0001:00000f6a       ?appCStrlen@@YAHPBD@Z      00401f6a f   Strings.obj
 0001:00000f8f       ?appUncolorizeString@@YAXPADPBD@Z 00401f8f f   Strings.obj
 0001:00000fbf       ?va@@YAPBDPBDZZ            00401fbf f   Strings.obj
 0001:0000105b       ?appSprintf@@YAHPADHPBDZZ  0040205b f   Strings.obj
 0001:000010a6       ?appMatchWildcard@@YA_NPBD0_N@Z 004020a6 f   Strings.obj
 0001:00001226       ?CopyString@@YAPADPBD@Z    00402226 f   Strings.obj
 0001:00001266       ?CopyString@@YAPADPBDPAVCMemoryChain@@@Z 00402266 f   Strings.obj
 0001:0000129a       ??2CStringItem@@SAPAXIPBD@Z 0040229a f   Strings.obj
 0001:000012e3       ??2CStringItem@@SAPAXIPBDPAVCMemoryChain@@@Z 004022e3 f   Strings.obj
 0001:00001320       ?Find@CStringList@@IAEPAVCStringItem@@PBDPAPAV2@@Z 00402320 f   Strings.obj
 0001:00001363       ?Find@CStringList@@IAEPAVCStringItem@@H@Z 00402363 f   Strings.obj
 0001:0000137c       ?IndexOf@CStringList@@QAEHPBD@Z 0040237c f   Strings.obj
 0001:000013a9       ?Remove@CStringList@@QAE_NPAVCStringItem@@@Z 004023a9 f   Strings.obj
 0001:000013d5       ?Free@CStringList@@QAEXXZ  004023d5 f   Strings.obj
 0001:000013ee       ?appMillisecondsf@@YANXZ   004023ee f   CoreWin32.obj
 0001:00001427       ?appMilliseconds@@YAIXZ    00402427 f   CoreWin32.obj
 0001:0000145c       ?cpuid@@YAXI@Z             0040245c f   CoreWin32.obj
 0001:0000147f       ?appInitPlatform@@YAXXZ    0040247f f   CoreWin32.obj
 0001:00001712       ?appShutdownPlatform@@YAXXZ 00402712 f   CoreWin32.obj
 0001:0000171b       ?osAddressInfo@@YA_NIPADHPAH@Z 0040271b f   DbgSymbolsWin32.obj
 0001:000017af       ?osModuleInfo@@YA_NIPADHPAH@Z 004027af f   DbgSymbolsWin32.obj
 0001:00001957       ?win32ExceptFilter@@YAHPAU_EXCEPTION_POINTERS@@@Z 00402957 f   ExceptFilterWin32.obj
 0001:00001e8d       ?win32ExceptFilter2@@YAHXZ 00402e8d f   ExceptFilterWin32.obj
 0001:00001e99       ?SCR_StopCinematic@@YAXXZ  00402e99 f   cl_cin.obj
 0001:00001f2d       ?SCR_DrawCinematic@@YA_NXZ 00402f2d f   cl_cin.obj
 0001:0000238e       ?SCR_PlayCinematic@@YAXPAD@Z 0040338e f   cl_cin.obj
 0001:000026fe       ?CL_Download_f@@YAX_NHPAPAD@Z 004036fe f   cl_download.obj
 0001:00002aaf       ?CL_ParseDownload@@YAXXZ   00403aaf f   cl_download.obj
 0001:000032bc       ?CL_Precache_f@@YAXHPAPAD@Z 004042bc f   cl_download.obj
 0001:0000331a       ?CL_ParseDelta@@YAXPAUentityState_t@@0HI_N@Z 0040431a f   cl_ents.obj
 0001:00003497       ?CL_ParsePacketEntities@@YAXPAUframe_t@@0@Z 00404497 f   cl_ents.obj
 0001:00003802       ?CL_FireEntityEvents@@YAXPAUframe_t@@@Z 00404802 f   cl_ents.obj
 0001:00003854       ?CL_ParseFrame@@YAXXZ      00404854 f   cl_ents.obj
 0001:00003b46       ?CL_AddEntityBox@@YAXPAUentityState_t@@I@Z 00404b46 f   cl_ents.obj
 0001:00003c7c       ?CL_OffsetThirdPersonView@@YAXXZ 00404c7c f   cl_ents.obj
 0001:00003d3d       ?CL_CalcViewValues@@YAXXZ  00404d3d f   cl_ents.obj
 0001:00004043       ?Lerp@@YAXABUCVec3@@0MAAU1@@Z 00405043 f i cl_ents.obj
 0001:0000407a       ?CL_AddEntities@@YAXXZ     0040507a f   cl_ents.obj
 0001:00004df7       ?CL_GetEntitySoundOrigin@@YAXHAAUCVec3@@@Z 00405df7 f   cl_ents.obj
 0001:00004e2f       ?CL_ClearLightStyles@@YAXXZ 00405e2f f   cl_fx.obj
 0001:00004eb1       ?CL_RunLightStyles@@YAXXZ  00405eb1 f   cl_fx.obj
 0001:00004f50       ?CL_SetLightstyle@@YAXHPBD@Z 00405f50 f   cl_fx.obj
 0001:00004fb1       ?CL_ClearDlights@@YAXXZ    00405fb1 f   cl_fx.obj
 0001:00004fc2       ?CL_AllocDlight@@YAPAUcdlight_t@@HABUCVec3@@@Z 00405fc2 f   cl_fx.obj
 0001:0000502b       ?CL_AddDLights@@YAXXZ      0040602b f   cl_fx.obj
 0001:0000508b       ?CL_ClearParticles@@YAXXZ  0040608b f   cl_fx.obj
 0001:000050f2       ?CL_AllocParticleTrace@@YAPAUparticleTrace_t@@ABUCVec3@@0MM@Z 004060f2 f   cl_fx.obj
 0001:00005192       ?CL_AllocParticleBeam@@YAPAUbeam_t@@ABUCVec3@@0MM@Z 00406192 f   cl_fx.obj
 0001:00005205       ?CL_AllocParticle@@YAPAUparticle_t@@XZ 00406205 f   cl_fx.obj
 0001:00005253       ?CL_UpdateParticles@@YAXXZ 00406253 f   cl_fx.obj
 0001:00005844       ?CL_MetalSparks@@YAXABUCVec3@@0H@Z 00406844 f   cl_fx.obj
 0001:00005931       ?CL_ParseMuzzleFlash@@YAXXZ 00406931 f   cl_fx.obj
 0001:00005cc5       ?CL_ParseMuzzleFlash2@@YAXXZ 00406cc5 f   cl_fx.obj
 0001:00006302       ?CL_ParticleEffect@@YAXABUCVec3@@0HH@Z 00407302 f   cl_fx.obj
 0001:000063d1       ?CL_ParticleEffect2@@YAXABUCVec3@@0HH@Z 004073d1 f   cl_fx.obj
 0001:0000649c       ?CL_ParticleEffect3@@YAXABUCVec3@@0HH@Z 0040749c f   cl_fx.obj
 0001:0000656c       ?CL_TeleporterParticles@@YAXPAUentityState_t@@@Z 0040756c f   cl_fx.obj
 0001:00006623       ?CL_LogoutEffect@@YAXABUCVec3@@H@Z 00407623 f   cl_fx.obj
 0001:0000670e       ?CL_ItemRespawnParticles@@YAXABUCVec3@@@Z 0040770e f   cl_fx.obj
 0001:000067bd       ?CL_ExplosionParticles@@YAXABUCVec3@@@Z 004077bd f   cl_fx.obj
 0001:00006867       ?CL_BigTeleportParticles@@YAXABUCVec3@@@Z 00407867 f   cl_fx.obj
 0001:000069be       ?CL_BlasterParticles@@YAXABUCVec3@@0@Z 004079be f   cl_fx.obj
 0001:00006a8a       ?CL_BlasterTrail@@YAXABUCVec3@@0@Z 00407a8a f   cl_fx.obj
 0001:00006b96       ?CL_FlagTrail@@YAXABUCVec3@@0H@Z 00407b96 f   cl_fx.obj
 0001:00006cae       ?CL_DiminishingTrail@@YAXABUCVec3@@0PAUcentity_t@@H@Z 00407cae f   cl_fx.obj
 0001:00006f1e       ?CL_RocketTrail@@YAXABUCVec3@@0PAUcentity_t@@@Z 00407f1e f   cl_fx.obj
 0001:00007046       ?CL_RailTrail@@YAXABUCVec3@@0@Z 00408046 f   cl_fx.obj
 0001:00007288       ?CL_RailTrailExt@@YAXABUCVec3@@0EE@Z 00408288 f   cl_fx.obj
 0001:0000738c       ?CL_IonripperTrail@@YAXABUCVec3@@0@Z 0040838c f   cl_fx.obj
 0001:000074b8       ?CL_BubbleTrail@@YAXABUCVec3@@0@Z 004084b8 f   cl_fx.obj
 0001:000075cd       ?CL_FlyParticles@@YAXABUCVec3@@H@Z 004085cd f   cl_fx.obj
 0001:00007767       ?CL_FlyEffect@@YAXPAUcentity_t@@ABUCVec3@@@Z 00408767 f   cl_fx.obj
 0001:000077cf       ?CL_BfgParticles@@YAXPAUentity_t@@@Z 004087cf f   cl_fx.obj
 0001:000079ae       ?CL_TrapParticles@@YAXPAUentity_t@@@Z 004089ae f   cl_fx.obj
 0001:00007c4c       ?CL_BFGExplosionParticles@@YAXABUCVec3@@@Z 00408c4c f   cl_fx.obj
 0001:00007cf6       ?CL_TeleportParticles@@YAXABUCVec3@@@Z 00408cf6 f   cl_fx.obj
 0001:00007e31       ?CL_EntityEvent@@YAXPAUentityState_t@@@Z 00408e31 f   cl_fx.obj
 0001:0000800b       ?CL_ClearEffects@@YAXXZ    0040900b f   cl_fx.obj
 0001:0000801a       ?IN_CenterView@@YAXXZ      0040901a f   cl_input.obj
 0001:0000803b       ?CL_InitInput@@YAXXZ       0040903b f   cl_input.obj
 0001:000085d7       ?CL_SendCmd@@YAXXZ         004095d7 f   cl_input.obj
 0001:00008cd7       ?CL_WriteDemoMessage@@YAXXZ 00409cd7 f   cl_main.obj
 0001:00008d19       ?Cmd_ForwardToServer@@YAXHPAPAD@Z 00409d19 f   cl_main.obj
 0001:00008ddc       ?CL_ForwardToServer_f@@YAXHPAPAD@Z 00409ddc f   cl_main.obj
 0001:00008e24       ?CL_Pause@@YAX_N@Z         00409e24 f   cl_main.obj
 0001:00008e66       ?CL_Quit_f@@YAXXZ          00409e66 f   cl_main.obj
 0001:00008e70       ?CL_Drop@@YAX_N@Z          00409e70 f   cl_main.obj
 0001:00008e93       ?CL_SendConnectPacket@@YAXXZ 00409e93 f   cl_main.obj
 0001:00008f6a       ?CL_CheckForResend@@YAXXZ  00409f6a f   cl_main.obj
 0001:0000906f       ?CL_Connect_f@@YAX_NHPAPAD@Z 0040a06f f   cl_main.obj
 0001:000090f2       ?CL_Rcon_f@@YAXHPAPAD@Z    0040a0f2 f   cl_main.obj
 0001:000091fa       ?CL_Disconnect@@YAXXZ      0040a1fa f   cl_main.obj
 0001:000093a1       ?CL_Disconnect_f@@YAXXZ    0040a3a1 f   cl_main.obj
 0001:000093ab       ?CL_Changing_f@@YAXXZ      0040a3ab f   cl_main.obj
 0001:000093cf       ?CL_Reconnect_f@@YAXXZ     0040a3cf f   cl_main.obj
 0001:0000946b       ?CL_PingServers_f@@YAXXZ   0040a46b f   cl_main.obj
 0001:000095d6       ?CL_Skins_f@@YAXXZ         0040a5d6 f   cl_main.obj
 0001:000098c1       ?CL_ConnectionlessPacket@@YAXXZ 0040a8c1 f   cl_main.obj
 0001:000099c1       ?CL_ReadPackets@@YAXXZ     0040a9c1 f   cl_main.obj
 0001:00009b04       ?CL_FixUpGender@@YAXXZ     0040ab04 f   cl_main.obj
 0001:00009bb6       ?CL_Userinfo_f@@YAXXZ      0040abb6 f   cl_main.obj
 0001:00009bce       ?CL_RegisterSounds@@YAXXZ  0040abce f   cl_main.obj
 0001:00009c0d       ?CL_Snd_Restart_f@@YAXXZ   0040ac0d f   cl_main.obj
 0001:00009c1c       ?CL_WriteConfiguration@@YAXPBD@Z 0040ac1c f   cl_main.obj
 0001:00009cd7       ?CL_WriteConfig_f@@YAX_NHPAPAD@Z 0040acd7 f   cl_main.obj
 0001:00009d36       ?CL_FixCvarCheats@@YAXXZ   0040ad36 f   cl_main.obj
 0001:00009d90       ?CL_Frame@@YAXMM@Z         0040ad90 f   cl_main.obj
 0001:00009f96       ?CL_ClearState@@YAXXZ      0040af96 f   cl_main.obj
 0001:00009fcf       ?CL_Init@@YAXXZ            0040afcf f   cl_main.obj
 0001:0000a4a6       ?CL_Shutdown@@YAX_N@Z      0040b4a6 f   cl_main.obj
 0001:0000a4fb       ?CL_Flashlight@@YAXHABUCVec3@@@Z 0040b4fb f   cl_newfx.obj
 0001:0000a535       ?CL_ColorFlash@@YAXABUCVec3@@HHMMM@Z 0040b535 f   cl_newfx.obj
 0001:0000a571       ?CL_DebugTrail@@YAXABUCVec3@@0@Z 0040b571 f   cl_newfx.obj
 0001:0000a667       ?CL_ForceWall@@YAXABUCVec3@@0H@Z 0040b667 f   cl_newfx.obj
 0001:0000a7a7       ?CL_BubbleTrail2@@YAXABUCVec3@@0H@Z 0040b7a7 f   cl_newfx.obj
 0001:0000a8d3       ?CL_Heatbeam@@YAXABUCVec3@@0@Z 0040b8d3 f   cl_newfx.obj
 0001:0000ab61       ?CL_ParticleSteamEffect@@YAXABUCVec3@@0HHH@Z 0040bb61 f   cl_newfx.obj
 0001:0000ac95       ?CL_ParticleSteamEffect2@@YAXPAUcl_sustain_t@@@Z 0040bc95 f   cl_newfx.obj
 0001:0000add6       ?CL_TrackerTrail@@YAXABUCVec3@@0H@Z 0040bdd6 f   cl_newfx.obj
 0001:0000af23       ?CL_Tracker_Shell@@YAXABUCVec3@@@Z 0040bf23 f   cl_newfx.obj
 0001:0000afa8       ?CL_MonsterPlasma_Shell@@YAXABUCVec3@@@Z 0040bfa8 f   cl_newfx.obj
 0001:0000b02a       ?CL_Widowbeamout@@YAXPAUcl_sustain_t@@@Z 0040c02a f   cl_newfx.obj
 0001:0000b0de       ?CL_Nukeblast@@YAXPAUcl_sustain_t@@@Z 0040c0de f   cl_newfx.obj
 0001:0000b192       ?CL_WidowSplash@@YAXABUCVec3@@@Z 0040c192 f   cl_newfx.obj
 0001:0000b25c       ?CL_TagTrail@@YAXABUCVec3@@0H@Z 0040c25c f   cl_newfx.obj
 0001:0000b374       ?CL_ColorExplosionParticles@@YAXABUCVec3@@HH@Z 0040c374 f   cl_newfx.obj
 0001:0000b421       ?CL_ParticleSmokeEffect@@YAXABUCVec3@@0HHH@Z 0040c421 f   cl_newfx.obj
 0001:0000b553       ?CL_BlasterParticles2@@YAXABUCVec3@@0I@Z 0040c553 f   cl_newfx.obj
 0001:0000b620       ?CL_BlasterTrail2@@YAXABUCVec3@@0@Z 0040c620 f   cl_newfx.obj
 0001:0000b72c       ?CL_LoadClientinfo@@YAXPAUclientinfo_t@@PAD@Z 0040c72c f   cl_parse.obj
 0001:0000ba06       ?CL_ParseClientinfo@@YAXH@Z 0040ca06 f   cl_parse.obj
 0001:0000ba2a       ?CL_ParseServerMessage@@YAXXZ 0040ca2a f   cl_parse.obj
 0001:0000c1e1       ?CL_CheckPredictionError@@YAXXZ 0040d1e1 f   cl_pred.obj
 0001:0000c377       ?CL_EntityTrace@@YAXAAUtrace_t@@ABUCVec3@@111H@Z 0040d377 f   cl_pred.obj
 0001:0000c70f       ?CL_Trace@@YAXAAUtrace_t@@ABUCVec3@@111H@Z 0040d70f f   cl_pred.obj
 0001:0000c791       ?CL_PMpointcontents@@YAHABUCVec3@@@Z 0040d791 f   cl_pred.obj
 0001:0000c91d       ?CL_PredictMovement@@YAXXZ 0040d91d f   cl_pred.obj
 0001:0000ccbf       ?DrawString@@YAXHHPBD@Z    0040dcbf f   cl_scrn.obj
 0001:0000cd03       ?SCR_DebugGraph@@YAXMH@Z   0040dd03 f   cl_scrn.obj
 0001:0000cd2b       ?SCR_CenterPrint@@YAXPAD@Z 0040dd2b f   cl_scrn.obj
 0001:0000ce2f       ?Key_Message@@YAXH@Z       0040de2f f   cl_scrn.obj
 0001:0000cecb       ?SCR_SetLevelshot@@YAXPBD@Z 0040decb f   cl_scrn.obj
 0001:0000cfbe       ?SCR_BeginLoadingPlaque@@YAXXZ 0040dfbe f   cl_scrn.obj
 0001:0000d043       ?SCR_EndLoadingPlaque@@YAX_N@Z 0040e043 f   cl_scrn.obj
 0001:0000d0c8       ?SCR_ShowConsole@@YAX_N0@Z 0040e0c8 f   cl_scrn.obj
 0001:0000d19f       ?SCR_ToggleConsole@@YAXXZ  0040e19f f   cl_scrn.obj
 0001:0000d1c7       ?SCR_TouchPics@@YAXXZ      0040e1c7 f   cl_scrn.obj
 0001:0000d226       ?SCR_UpdateScreen@@YAXXZ   0040e226 f   cl_scrn.obj
 0001:0000e4a1       ?SCR_Init@@YAXXZ           0040f4a1 f   cl_scrn.obj
 0001:0000e7eb       ?CL_RegisterTEntSounds@@YAXXZ 0040f7eb f   cl_tent.obj
 0001:0000ea30       ?CL_RegisterTEntModels@@YAXXZ 0040fa30 f   cl_tent.obj
 0001:0000eb6e       ?CL_ClearTEnts@@YAXXZ      0040fb6e f   cl_tent.obj
 0001:0000eba2       ?CL_AllocExplosion@@YAPAUexplosion_t@@ABUCVec3@@W4exptype_t@@@Z 0040fba2 f   cl_tent.obj
 0001:0000ec3f       ?CL_AddExplosions@@YAXXZ   0040fc3f f   cl_tent.obj
 0001:0000edd9       ?CL_SmokeAndFlash@@YAXABUCVec3@@@Z 0040fdd9 f   cl_tent.obj
 0001:0000ee21       ?CL_ParseBeam@@YAHPAVCRenderModel@@@Z 0040fe21 f   cl_tent.obj
 0001:0000eeed       ?CL_ParseBeam2@@YAHPAVCRenderModel@@@Z 0040feed f   cl_tent.obj
 0001:0000efc4       ?CL_ParsePlayerBeam@@YAHPAVCRenderModel@@@Z 0040ffc4 f   cl_tent.obj
 0001:0000f0cf       ?CL_ParseLightning@@YAHPAVCRenderModel@@@Z 004100cf f   cl_tent.obj
 0001:0000f191       ?CL_ParseLaser@@YAXI@Z     00410191 f   cl_tent.obj
 0001:0000f20d       ?CL_ParseSteam@@YAXXZ      0041020d f   cl_tent.obj
 0001:0000f31e       ?CL_ParseWidow@@YAXXZ      0041031e f   cl_tent.obj
 0001:0000f38a       ?CL_ParseNuke@@YAXXZ       0041038a f   cl_tent.obj
 0001:0000f3f4       ?CL_ParseTEnt@@YAXXZ       004103f4 f   cl_tent.obj
 0001:00010207       ?CL_AddBeams@@YAXXZ        00411207 f   cl_tent.obj
 0001:00010542       ?CL_AddPlayerBeams@@YAXXZ  00411542 f   cl_tent.obj
 0001:00010c62       ?CL_ProcessSustain@@YAXXZ  00411c62 f   cl_tent.obj
 0001:00010ca3       ?CL_AddTEnts@@YAXXZ        00411ca3 f   cl_tent.obj
 0001:00010cb7       ?V_AddEntity@@YAXPAUentity_t@@@Z 00411cb7 f   cl_view.obj
 0001:00010ce6       ?V_AddLight@@YAXABUCVec3@@MMMM@Z 00411ce6 f   cl_view.obj
 0001:00010d2b       ?V_TestParticles@@YAXXZ    00411d2b f   cl_view.obj
 0001:00010df4       ?V_TestEntities@@YAXXZ     00411df4 f   cl_view.obj
 0001:00010f24       ?V_TestLights@@YAXXZ       00411f24 f   cl_view.obj
 0001:00010ffa       ?CL_PrepRefresh@@YAXXZ     00411ffa f   cl_view.obj
 0001:000112ba       ?CalcFov@@YAMMMM@Z         004122ba f   cl_view.obj
 0001:0001132e       ?V_RenderView@@YA_NXZ      0041232e f   cl_view.obj
 0001:00012004       ?V_Init@@YAXXZ             00413004 f   cl_view.obj
 0001:000120b3       ?Con_ClearNotify@@YAXXZ    004130b3 f   console.obj
 0001:000120c2       ?Con_CheckResize@@YAXXZ    004130c2 f   console.obj
 0001:000121e9       ?Con_Print@@YAXPBD@Z       004131e9 f   console.obj
 0001:000124e1       ?Con_DrawNotify@@YAX_N@Z   004134e1 f   console.obj
 0001:000125f9       ?Con_DrawConsole@@YAXM@Z   004135f9 f   console.obj
 0001:000129cc       ?Con_ClearTyping@@YAXXZ    004139cc f   console.obj
 0001:000129e5       ?Key_Console@@YAXHH@Z      004139e5 f   console.obj
 0001:00012e2d       ?Con_Init@@YAXXZ           00413e2d f   console.obj
 0001:00012fa9       ?Key_KeynumToString@@YAPBDH@Z 00413fa9 f   keys.obj
 0001:00013069       ?Draw@completeMenu_t@@UAEXXZ 00414069 f i keys.obj
 0001:0001309a       ?KeyDown@completeMenu_t@@UAEPBDH@Z 0041409a f i keys.obj
 0001:000130c3       ?Init@completeMenu_t@@UAE_NXZ 004140c3 f i keys.obj
 0001:000131ea       ?CompleteMenuCallback@completeMenu_t@@SAXPAX@Z 004141ea f i keys.obj
 0001:00013278       ?CompleteCommand@@YAXXZ    00414278 f   keys.obj
 0001:000139ad       ?Key_SetBinding@@YAXHPBD@Z 004149ad f   keys.obj
 0001:000139eb       ?Key_FindBinding@@YAHPBDPAHH@Z 004149eb f   keys.obj
 0001:00013a39       ?Key_WriteBindings@@YAXPAU_iobuf@@@Z 00414a39 f   keys.obj
 0001:00013a81       ?Key_Init@@YAXXZ           00414a81 f   keys.obj
 0001:00013d65       ?Key_Event@@YAXH_N@Z       00414d65 f   keys.obj
 0001:000140be       ?Key_ClearStates@@YAXXZ    004150be f   keys.obj
 0001:000140f3       ?M_ForceMenuOn@@YAXXZ      004150f3 f   menu.obj
 0001:00014112       ?Draw@menuMain_t@@UAEXXZ   00415112 f i menu.obj
 0001:00014275       ?KeyDown@menuMain_t@@UAEPBDH@Z 00415275 f i menu.obj
 0001:00014331       ?Init@menuMain_t@@UAE_NXZ  00415331 f i menu.obj
 0001:00014339       ?M_Menu_Main_f@@YAXXZ      00415339 f   menu.obj
 0001:00014353       ?Init@multiplayerMenu_t@@UAE_NXZ 00415353 f i menu.obj
 0001:00014477       ?Init@keysMenu_t@@UAE_NXZ  00415477 f i menu.obj
 0001:0001465c       ?KeyCursorDrawFunc@keysMenu_t@@SAXPAUmenuFramework_t@@@Z 0041565c f i menu.obj
 0001:0001469c       ?DrawKeyBindingFunc@keysMenu_t@@SAXPAX@Z 0041569c f i menu.obj
 0001:00014763       ?KeyDown@keysMenu_t@@UAEPBDH@Z 00415763 f i menu.obj
 0001:00014810       ?UnbindCommand@keysMenu_t@@QAEXPAD@Z 00415810 f i menu.obj
 0001:00014855       ?KeyBindingFunc@keysMenu_t@@QAEXPAX@Z 00415855 f i menu.obj
 0001:000148b4       ?Init@optionsMenu_t@@UAE_NXZ 004158b4 f i menu.obj
 0001:00014d12       ?CrosshairFunc@optionsMenu_t@@SAXPAX@Z 00415d12 f i menu.obj
 0001:00014d3a       ?JoystickFunc@optionsMenu_t@@SAXPAX@Z 00415d3a f i menu.obj
 0001:00014d4f       ?AlwaysRunFunc@optionsMenu_t@@SAXPAX@Z 00415d4f f i menu.obj
 0001:00014d64       ?FreeLookFunc@optionsMenu_t@@SAXPAX@Z 00415d64 f i menu.obj
 0001:00014d79       ?MouseSpeedFunc@optionsMenu_t@@SAXPAX@Z 00415d79 f i menu.obj
 0001:00014d96       ?InvertMouseFunc@optionsMenu_t@@SAXPAX@Z 00415d96 f i menu.obj
 0001:00014db1       ?LookspringFunc@optionsMenu_t@@SAXPAX@Z 00415db1 f i menu.obj
 0001:00014dcd       ?LookstrafeFunc@optionsMenu_t@@SAXPAX@Z 00415dcd f i menu.obj
 0001:00014de9       ?UpdateVolumeFunc@optionsMenu_t@@SAXPAX@Z 00415de9 f i menu.obj
 0001:00014e06       ?UpdateCDVolumeFunc@optionsMenu_t@@SAXPAX@Z 00415e06 f i menu.obj
 0001:00014e20       ?SetMenuItemValues@optionsMenu_t@@SAXXZ 00415e20 f i menu.obj
 0001:00014ffe       ?ResetDefaultsFunc@optionsMenu_t@@SAXPAX@Z 00415ffe f i menu.obj
 0001:00015013       ?UpdateSoundFunc@optionsMenu_t@@SAXPAX@Z 00416013 f i menu.obj
 0001:00015216       ?ScanCrosshairs@optionsMenu_t@@SAXXZ 00416216 f i menu.obj
 0001:00015273       ?Draw@optionsMenu_t@@UAEXXZ 00416273 f i menu.obj
 0001:000152d8       ?Draw@creditsMenu_t@@UAEXXZ 004162d8 f i menu.obj
 0001:0001537f       ?KeyDown@creditsMenu_t@@UAEPBDH@Z 0041637f f i menu.obj
 0001:000153ba       ?Init@creditsMenu_t@@UAE_NXZ 004163ba f i menu.obj
 0001:00015482       ?Init@gameMenu_t@@UAE_NXZ  00416482 f i menu.obj
 0001:0001560d       ?EasyGameFunc@gameMenu_t@@SAXPAX@Z 0041660d f i menu.obj
 0001:00015619       ?StartGame@gameMenu_t@@SAXPBD@Z 00416619 f i menu.obj
 0001:0001566c       ?MediumGameFunc@gameMenu_t@@SAXPAX@Z 0041666c f i menu.obj
 0001:00015678       ?HardGameFunc@gameMenu_t@@SAXPAX@Z 00416678 f i menu.obj
 0001:00015694       ?Init@savegameMenu_t@@UAE_NXZ 00416694 f i menu.obj
 0001:000157a4       ?Create_Savestrings@savegameMenu_t@@QAEXXZ 004167a4 f i menu.obj
 0001:0001585f       ?LoadGameCallback@savegameMenu_t@@SAXPAX@Z 0041685f f i menu.obj
 0001:00015888       ?SaveGameCallback@savegameMenu_t@@SAXPAX@Z 00416888 f i menu.obj
 0001:000158a7       ?Draw@savegameMenu_t@@UAEXXZ 004168a7 f i menu.obj
 0001:000158c2       ?DrawSavegameShot@savegameMenu_t@@QAEXHH@Z 004168c2 f i menu.obj
 0001:000159a7       ?Init@joinserverMenu_t@@UAE_NXZ 004169a7 f i menu.obj
 0001:00015ad0       ?JoinServerFunc@joinserverMenu_t@@SAXPAX@Z 00416ad0 f i menu.obj
 0001:00015b32       ?SearchLocalGames@joinserverMenu_t@@SAXXZ 00416b32 f i menu.obj
 0001:00015b9d       ?M_AddToServerList@@YAXUnetadr_t@@PAD@Z 00416b9d f   menu.obj
 0001:00015c20       ?Init@startserverMenu_t@@UAE_NXZ 00416c20 f i menu.obj
 0001:000160c2       ?DMOptionsFunc@startserverMenu_t@@SAXPAX@Z 004170c2 f i menu.obj
 0001:000160d2       ?RulesChangeFunc@startserverMenu_t@@SAXPAX@Z 004170d2 f i menu.obj
 0001:0001614c       ?StartServerActionFunc@startserverMenu_t@@SAXPAX@Z 0041714c f i menu.obj
 0001:00016177       ?StartServerFunc@startserverMenu_t@@SAXPAD@Z 00417177 f i menu.obj
 0001:000163ae       ?KeyDown@startserverMenu_t@@UAEPBDH@Z 004173ae f i menu.obj
 0001:0001640b       ?Init@dmoptionsMenu_t@@UAE_NXZ 0041740b f i menu.obj
 0001:000169ea       ?DMFlagCallback@dmoptionsMenu_t@@SAXPAX@Z 004179ea f i menu.obj
 0001:00016bc5       ?Init@downloadOptionsMenu_t@@UAE_NXZ 00417bc5 f i menu.obj
 0001:00016d90       ?DownloadCallback@downloadOptionsMenu_t@@SAXPAX@Z 00417d90 f i menu.obj
 0001:00016dfb       ?Init@addressBookMenu_t@@UAE_NXZ 00417dfb f i menu.obj
 0001:00016ea3       ?KeyDown@addressBookMenu_t@@UAEPBDH@Z 00417ea3 f i menu.obj
 0001:00016f00       ?Init@playerConfigMenu_t@@UAE_NXZ 00417f00 f i menu.obj
 0001:00017457       ?HandednessCallback@playerConfigMenu_t@@SAXPAX@Z 00418457 f i menu.obj
 0001:0001746c       ?RTypeCallback@playerConfigMenu_t@@SAXPAX@Z 0041846c f i menu.obj
 0001:00017481       ?RColorCallback@playerConfigMenu_t@@SAXPAX@Z 00418481 f i menu.obj
 0001:00017496       ?RateCallback@playerConfigMenu_t@@SAXPAX@Z 00418496 f i menu.obj
 0001:000174b9       ?ModelCallback@playerConfigMenu_t@@SAXPAX@Z 004184b9 f i menu.obj
 0001:000174e6       ?ScanDirectories@playerConfigMenu_t@@SA_NXZ 004184e6 f i menu.obj
 0001:00017660       ?IsValidSkin@playerConfigMenu_t@@SA_NPADPAVCStringItem@@@Z 00418660 f i menu.obj
 0001:0001771b       ?Draw@playerConfigMenu_t@@UAEXXZ 0041871b f i menu.obj
 0001:000179c7       ?KeyDown@playerConfigMenu_t@@UAEPBDH@Z 004189c7 f i menu.obj
 0001:00017ab9       ?Init@dmbrowseMenu_t@@UAE_NXZ 00418ab9 f i menu.obj
 0001:00017cbf       ?KeyDown@dmbrowseMenu_t@@UAEPBDH@Z 00418cbf f i menu.obj
 0001:00017e83       ?Draw@dmbrowseMenu_t@@UAEXXZ 00418e83 f i menu.obj
 0001:00017fc8       ?DrawThumbnail@dmbrowseMenu_t@@SAXHHHHPAD_N@Z 00418fc8 f i menu.obj
 0001:000180af       ?Init@videoMenu_t@@UAE_NXZ 004190af f i menu.obj
 0001:00018668       ?ScreenSizeCallback@videoMenu_t@@SAXPAX@Z 00419668 f i menu.obj
 0001:00018686       ?BrightnessCallback@videoMenu_t@@SAXPAX@Z 00419686 f i menu.obj
 0001:000186a4       ?ContrastCallback@videoMenu_t@@SAXPAX@Z 004196a4 f i menu.obj
 0001:000186dd       ?CancelChanges@videoMenu_t@@SAXPAX@Z 004196dd f i menu.obj
 0001:000186fe       ?KeyDown@videoMenu_t@@UAEPBDH@Z 004196fe f i menu.obj
 0001:00018745       ?ApplyChanges@videoMenu_t@@SAXPAX@Z 00419745 f i menu.obj
 0001:000188fc       ?KeyDown@quitMenu_t@@UAEPBDH@Z 004198fc f i menu.obj
 0001:00018934       ?Draw@quitMenu_t@@UAEXXZ   00419934 f i menu.obj
 0001:000189b4       ?KeyDown@testMenu_t@@UAEPBDH@Z 004199b4 f i menu.obj
 0001:000189c5       ?Draw@testMenu_t@@UAEXXZ   004199c5 f i menu.obj
 0001:00018bc0       ?M_Init@@YAXXZ             00419bc0 f   menu.obj
 0001:00018dbc       ?Insert@?$TList@VplayerModelInfo_t@@@@QAE_NPAVplayerModelInfo_t@@@Z 00419dbc f i menu.obj
 0001:00018dbc       ?Insert@?$TList@VCStringItem@@@@QAE_NPAVCStringItem@@@Z 00419dbc f i menu.obj
 0001:00018df2       ?ItemAtCursor@menuFramework_t@@QAEPAUmenuCommon_t@@XZ 00419df2 f   qmenu.obj
 0001:00018e46       ?AddItem@menuFramework_t@@QAEXPAUmenuCommon_t@@@Z 00419e46 f   qmenu.obj
 0001:00018f02       ?AdjustCursor@menuFramework_t@@QAEXH@Z 00419f02 f   qmenu.obj
 0001:00019071       ?Center@menuFramework_t@@QAEXXZ 0041a071 f   qmenu.obj
 0001:000190b2       ?Draw@menuFramework_t@@UAEXXZ 0041a0b2 f   qmenu.obj
 0001:0001966a       ?SelectItem@menuFramework_t@@QAE_NXZ 0041a66a f   qmenu.obj
 0001:000196c8       ?SetStatusBar@menuFramework_t@@QAEXPBD@Z 0041a6c8 f   qmenu.obj
 0001:000196d2       ?SlideItem@menuFramework_t@@QAEXH@Z 0041a6d2 f   qmenu.obj
 0001:00019c4f       ?Push@menuFramework_t@@QAEXXZ 0041ac4f f   qmenu.obj
 0001:00019cd7       ?M_ForceMenuOff@@YAXXZ     0041acd7 f   qmenu.obj
 0001:00019cfa       ?Pop@menuFramework_t@@QAEXXZ 0041acfa f   qmenu.obj
 0001:00019d34       ?KeyDown@menuFramework_t@@UAEPBDH@Z 0041ad34 f   qmenu.obj
 0001:00019fa8       ?Init@menuFramework_t@@UAE_NXZ 0041afa8 f   qmenu.obj
 0001:00019fab       ?M_Draw@@YAXXZ             0041afab f   qmenu.obj
 0001:00019fe6       ?M_Keydown@@YAXH@Z         0041afe6 f   qmenu.obj
 0001:0001a005       ?InitRendererVars@@YAXXZ   0041b005 f   ref_vars.obj
 0001:0001a024       ?S_SoundInfo_f@@YAXXZ      0041b024 f   snd_dma.obj
 0001:0001a0ae       ?S_ReadModelsSex@@YAXXZ    0041b0ae f   snd_dma.obj
 0001:0001a193       ?S_IsFemale@@YA_NPBD@Z     0041b193 f   snd_dma.obj
 0001:0001a1e7       ?S_Init@@YAXXZ             0041b1e7 f   snd_dma.obj
 0001:0001a2bd       ?S_Shutdown@@YAXXZ         0041b2bd f   snd_dma.obj
 0001:0001a350       ?S_BeginRegistration@@YAXXZ 0041b350 f   snd_dma.obj
 0001:0001a35e       ?S_RegisterSound@@YAPAUsfx_t@@PBD@Z 0041b35e f   snd_dma.obj
 0001:0001a4f7       ?S_EndRegistration@@YAXXZ  0041b4f7 f   snd_dma.obj
 0001:0001a58f       ?S_PickChannel@@YAPAUchannel_t@@HH@Z 0041b58f f   snd_dma.obj
 0001:0001a61c       ?S_Spatialize@@YAXPAUchannel_t@@@Z 0041b61c f   snd_dma.obj
 0001:0001a7b3       ?S_AllocPlaysound@@YAPAUplaysound_t@@XZ 0041b7b3 f   snd_dma.obj
 0001:0001a7d5       ?S_FreePlaysound@@YAXPAUplaysound_t@@@Z 0041b7d5 f   snd_dma.obj
 0001:0001a805       ?S_IssuePlaysound@@YAXPAUplaysound_t@@@Z 0041b805 f   snd_dma.obj
 0001:0001a8d2       ?S_StartSound@@YAXPBUCVec3@@HHPAUsfx_t@@MMM@Z 0041b8d2 f   snd_dma.obj
 0001:0001ac48       ?S_StartLocalSound@@YAXPBD@Z 0041bc48 f   snd_dma.obj
 0001:0001ac97       ?S_ClearBuffer@@YAXXZ      0041bc97 f   snd_dma.obj
 0001:0001ad00       ?S_StopAllSounds_f@@YAXXZ  0041bd00 f   snd_dma.obj
 0001:0001ad70       ?S_AddLoopSounds@@YAXXZ    0041bd70 f   snd_dma.obj
 0001:0001af46       ?S_RawSamples@@YAXHHHHPAE@Z 0041bf46 f   snd_dma.obj
 0001:0001b14a       ?S_Update@@YAXABUCVec3@@000@Z 0041c14a f   snd_dma.obj
 0001:0001b243       ?GetSoundtime@@YAXXZ       0041c243 f   snd_dma.obj
 0001:0001b2aa       ?S_Update_@@YAXXZ          0041c2aa f   snd_dma.obj
 0001:0001b55d       ?ResampleSfx@@YAXPAUsfx_t@@HHPAE@Z 0041c55d f   snd_mem.obj
 0001:0001b678       ?S_LoadSound@@YAPAUsfxcache_t@@PAUsfx_t@@@Z 0041c678 f   snd_mem.obj
 0001:0001b7b0       ?GetWavinfo@@YA?AUwavinfo_t@@PADPAEH@Z 0041c7b0 f   snd_mem.obj
 0001:0001b9f2       ?S_WriteLinearBlastStereo16@@YAXXZ 0041c9f2 f   snd_mix.obj
 0001:0001ba66       ?S_TransferStereo16@@YAXPAKH@Z 0041ca66 f   snd_mix.obj
 0001:0001bacf       ?S_TransferPaintBuffer@@YAXH@Z 0041cacf f   snd_mix.obj
 0001:0001bc33       ?S_PaintChannels@@YAXH@Z   0041cc33 f   snd_mix.obj
 0001:0001becf       ?S_InitScaletable@@YAXXZ   0041cecf f   snd_mix.obj
 0001:0001c090       ?SV_WipeSavegame@@YAXPAD@Z 0041d090 f   sv_ccmds.obj
 0001:0001c0be       ?SV_CopySaveGame@@YAXPAD0@Z 0041d0be f   sv_ccmds.obj
 0001:0001c113       ?SV_WriteLevelFile@@YAXXZ  0041d113 f   sv_ccmds.obj
 0001:0001c1c1       ?SV_ReadLevelFile@@YAXXZ   0041d1c1 f   sv_ccmds.obj
 0001:0001c26f       ?SV_WriteServerFile@@YAX_NPAD@Z 0041d26f f   sv_ccmds.obj
 0001:0001c4ab       ?SV_ReadServerFile@@YAXXZ  0041d4ab f   sv_ccmds.obj
 0001:0001c5d0       ?SV_AddressBanned@@YA_NPAUnetadr_t@@@Z 0041d5d0 f   sv_ccmds.obj
 0001:0001c611       ?SV_InitOperatorCommands@@YAXXZ 0041d611 f   sv_ccmds.obj
 0001:0001d60f       ?SV_WriteFrameToClient@@YAXPAUclient_t@@PAVsizebuf_t@@@Z 0041e60f f   sv_ents.obj
 0001:0001d7fb       ?SV_BuildClientFrame@@YAXPAUclient_t@@@Z 0041e7fb f   sv_ents.obj
 0001:0001dbf3       ?SV_RecordDemoMessage@@YAXXZ 0041ebf3 f   sv_ents.obj
 0001:0001e719       ?SV_InitGameLibrary@@YAX_N@Z 0041f719 f   sv_game.obj
 0001:0001e85f       ?SV_ShutdownGameLibrary@@YAXXZ 0041f85f f   sv_game.obj
 0001:0001e9bc       ?SV_FindIndex@@YAHPADHH_N@Z 0041f9bc f   sv_init.obj
 0001:0001eac9       ?SV_ModelIndex@@YAHPAD@Z   0041fac9 f   sv_init.obj
 0001:0001eadf       ?SV_SoundIndex@@YAHPAD@Z   0041fadf f   sv_init.obj
 0001:0001eaf8       ?SV_ImageIndex@@YAHPAD@Z   0041faf8 f   sv_init.obj
 0001:0001eb11       ?SV_CreateBaseline@@YAXXZ  0041fb11 f   sv_init.obj
 0001:0001eb6f       ?SV_CheckForSavegame@@YAXXZ 0041fb6f f   sv_init.obj
 0001:0001ebf7       ?SV_SpawnServer@@YAXPAD0W4server_state_t@@_N2@Z 0041fbf7 f   sv_init.obj
 0001:0001eec5       ?SV_InitGame@@YAXXZ        0041fec5 f   sv_init.obj
 0001:0001f10f       ?SV_Map@@YAX_NPBD0@Z       0042010f f   sv_init.obj
 0001:0001f2d8       ?SV_DropClient@@YAXPAUclient_t@@PAD@Z 004202d8 f   sv_main.obj
 0001:0001f389       ?SV_StatusString@@YAPADXZ  00420389 f   sv_main.obj
 0001:0001fbbc       ?SV_ConnectionlessPacket@@YAXXZ 00420bbc f   sv_main.obj
 0001:0001fc87       ?SV_CalcPings@@YAXXZ       00420c87 f   sv_main.obj
 0001:0001fd0e       ?SV_GiveMsec@@YAXXZ        00420d0e f   sv_main.obj
 0001:0001fd4d       ?SV_ReadPackets@@YAXXZ     00420d4d f   sv_main.obj
 0001:0001fe95       ?SV_CheckTimeouts@@YAXXZ   00420e95 f   sv_main.obj
 0001:0001ffa6       ?SV_PostprocessFrame@@YAXXZ 00420fa6 f   sv_main.obj
 0001:00020472       ?SV_MulticastHook@@YAPAVsizebuf_t@@PAV1@0@Z 00421472 f   sv_main.obj
 0001:00020862       ?SV_TraceHook@@YA?AUtrace_t@@ABUCVec3@@PBU2@10PAUedict_s@@H@Z 00421862 f   sv_main.obj
 0001:000209ee       ?SV_Frame@@YAXM@Z          004219ee f   sv_main.obj
 0001:00020ca2       ?SV_UserinfoChanged@@YAXPAUclient_t@@@Z 00421ca2 f   sv_main.obj
 0001:00020d66       ?SV_Init@@YAXXZ            00421d66 f   sv_main.obj
 0001:00020dc8       ?SV_Shutdown@@YAXPBD_N@Z   00421dc8 f   sv_main.obj
 0001:00020fcf       ?SV_BeginRedirect@@YAXXZ   00421fcf f   sv_send.obj
 0001:00021079       ?SV_ClientPrintf@@YAXPAUclient_t@@HPBDZZ 00422079 f   sv_send.obj
 0001:000210d4       ?SV_BroadcastPrintf@@YAXHPBDZZ 004220d4 f   sv_send.obj
 0001:000211aa       ?SV_BroadcastCommand@@YAXPBDZZ 004221aa f   sv_send.obj
 0001:00021202       ?SV_Multicast@@YAXABUCVec3@@W4multicast_t@@_N@Z 00422202 f   sv_send.obj
 0001:00021428       ?SV_MulticastOld@@YAXABUCVec3@@W4multicast_t@@@Z 00422428 f   sv_send.obj
 0001:0002143b       ?SV_MulticastNew@@YAXABUCVec3@@W4multicast_t@@@Z 0042243b f   sv_send.obj
 0001:0002144e       ?SV_StartSound@@YAXPBUCVec3@@PAUedict_s@@HHMMM_N@Z 0042244e f   sv_send.obj
 0001:0002171b       ?SV_StartSoundOld@@YAXPBUCVec3@@PAUedict_s@@HHMMM@Z 0042271b f   sv_send.obj
 0001:0002174b       ?SV_StartSoundNew@@YAXPBUCVec3@@PAUedict_s@@HHMMM@Z 0042274b f   sv_send.obj
 0001:0002177b       ?SV_SendClientDatagram@@YA_NPAUclient_t@@@Z 0042277b f   sv_send.obj
 0001:00021844       ?SV_DemoCompleted@@YAXXZ   00422844 f   sv_send.obj
 0001:00021860       ?SV_RateDrop@@YA_NPAUclient_t@@@Z 00422860 f   sv_send.obj
 0001:000218aa       ?SV_SendClientMessages@@YAXXZ 004228aa f   sv_send.obj
 0001:000219ed       ?SV_TokenizeString@@YAXPBD@Z 004229ed f   sv_tokenize.obj
 0001:00021ac4       ?SV_Argc@@YAHXZ            00422ac4 f   sv_tokenize.obj
 0001:00021aca       ?SV_Argv@@YAPADH@Z         00422aca f   sv_tokenize.obj
 0001:00021ae4       ?SV_Args@@YAPADXZ          00422ae4 f   sv_tokenize.obj
 0001:00022331       ?SV_Nextserver@@YAXXZ      00423331 f   sv_user.obj
 0001:000223c0       ?SV_ExecuteUserCommand@@YAXPAD@Z 004233c0 f   sv_user.obj
 0001:00022482       ?SV_ClientThink@@YAXPAUclient_t@@PAUusercmd_t@@@Z 00423482 f   sv_user.obj
 0001:000224c5       ?SV_ExecuteClientMessage@@YAXPAUclient_t@@@Z 004234c5 f   sv_user.obj
 0001:000226e3       ?SV_ClearWorld@@YAXXZ      004236e3 f   sv_world.obj
 0001:0002281e       ?SV_UnlinkEdict@@YAXPAUedict_s@@@Z 0042381e f   sv_world.obj
 0001:000228e1       ?SV_LinkEdict@@YAXPAUedict_s@@@Z 004238e1 f   sv_world.obj
 0001:00022ecc       ?SV_AreaEdicts@@YAHABUCVec3@@0PAPAUedict_s@@HH@Z 00423ecc f   sv_world.obj
 0001:0002307d       ?SV_PointContents@@YAHABUCVec3@@@Z 0042407d f   sv_world.obj
 0001:000231a4       ?SV_Trace@@YAXAAUtrace_t@@ABUCVec3@@111PAUedict_s@@H@Z 004241a4 f   sv_world.obj
 0001:00023636       ?InitByteDirs@@YAXXZ       00424636 f   anorms.obj
 0001:00023675       ?Cbuf_AddText@@YAXPBD@Z    00424675 f   cmd.obj
 0001:000236d7       ?Cbuf_CopyToDefer@@YAXXZ   004246d7 f   cmd.obj
 0001:0002371f       ?Cbuf_InsertFromDefer@@YAXXZ 0042471f f   cmd.obj
 0001:000237d8       ?Cbuf_Execute@@YAXXZ       004247d8 f   cmd.obj
 0001:000238de       ?Cmd_Unalias_f@@YAX_NHPAPAD@Z 004248de f   cmd.obj
 0001:00023954       ?Cmd_WriteAliases@@YAXPAU_iobuf@@@Z 00424954 f   cmd.obj
 0001:00023985       ?RegisterCommand@@YA_NPBDP6AXXZH@Z 00424985 f   cmd.obj
 0001:00023a3e       ?UnregisterCommand@@YA_NPBD@Z 00424a3e f   cmd.obj
 0001:00023acf       ?Cmd_ExecuteString@@YA_NPBD@Z 00424acf f   cmd.obj
 0001:00023f22       ?ExecuteCommand@@YA_NPBDPBUCSimpleCommand@@H@Z 00424f22 f   cmd.obj
 0001:00023fe9       ?Cmd_Init@@YAXXZ           00424fe9 f   cmd.obj
 0001:0002433b       ?CM_LoadMap@@YAPAUcmodel_t@@PBD_NPAI@Z 0042533b f   cmodel.obj
 0001:00024a6c       ?SetSignbits@cplane_t@@QAEXXZ 00425a6c f i cmodel.obj
 0001:00024aa0       ?SetType@cplane_t@@QAEXXZ  00425aa0 f i cmodel.obj
 0001:00024c5c       ?CM_InlineModel@@YAPAUcmodel_t@@PBD@Z 00425c5c f   cmodel.obj
 0001:00024c9d       ?CM_NumClusters@@YAHXZ     00425c9d f   cmodel.obj
 0001:00024ca3       ?CM_NumInlineModels@@YAHXZ 00425ca3 f   cmodel.obj
 0001:00024ca9       ?CM_EntityString@@YAPBDXZ  00425ca9 f   cmodel.obj
 0001:00024caf       ?CM_LeafContents@@YAHH@Z   00425caf f   cmodel.obj
 0001:00024cd6       ?CM_LeafCluster@@YAHH@Z    00425cd6 f   cmodel.obj
 0001:00024d4c       ?CM_LeafArea@@YAHH@Z       00425d4c f   cmodel.obj
 0001:00024f0d       ?CM_HeadnodeForBox@@YAHABUCBox@@@Z 00425f0d f   cmodel.obj
 0001:00024fc2       ?CM_PointLeafnum@@YAHABUCVec3@@H@Z 00425fc2 f   cmodel.obj
 0001:00025065       ?DistanceTo@cplane_t@@QAEMABUCVec3@@@Z 00426065 f i cmodel.obj
 0001:000250a9       ?CM_PointContents@@YAHABUCVec3@@H@Z 004260a9 f   cmodel.obj
 0001:0002511e       ?CM_TransformedPointContents@@YAHABUCVec3@@H00@Z 0042611e f   cmodel.obj
 0001:000251ff       ?CM_TransformedPointContents@@YAHABUCVec3@@H0ABUCAxis@@@Z 004261ff f   cmodel.obj
 0001:000252aa       ?CM_BoxLeafnums@@YAHABUCBox@@PAHH1H@Z 004262aa f   cmodel.obj
 0001:000253b3       ?BOX_ON_PLANE_SIDE@@YAHABUCBox@@PBUcplane_t@@@Z 004263b3 f i cmodel.obj
 0001:0002541f       ?CM_BoxTrace@@YAXAAUtrace_t@@ABUCVec3@@1PBU2@2HH@Z 0042641f f   cmodel.obj
 0001:00025dfc       ?CM_TransformedBoxTrace@@YAXAAUtrace_t@@ABUCVec3@@1PBU2@2HH11@Z 00426dfc f   cmodel.obj
 0001:00025f7c       ?CM_TransformedBoxTrace@@YAXAAUtrace_t@@ABUCVec3@@1PBU2@2HH1ABUCAxis@@@Z 00426f7c f   cmodel.obj
 0001:0002603c       ?CM_BrushTrace@@YAHABUCVec3@@0PAHH@Z 0042703c f   cmodel.obj
 0001:0002644e       ?CM_RefineBrushTrace@@YAHABUCVec3@@0PAHH@Z 0042744e f   cmodel.obj
 0001:000264f4       ?CM_ClusterPVS@@YAPAEH@Z   004274f4 f   cmodel.obj
 0001:00026638       ?CM_ClusterPHS@@YAPAEH@Z   00427638 f   cmodel.obj
 0001:0002679b       ?CM_SetAreaPortalState@@YAXH_N@Z 0042779b f   cmodel.obj
 0001:000267c0       ?CM_AreasConnected@@YA_NHH@Z 004277c0 f   cmodel.obj
 0001:00026804       ?CM_WriteAreaBits@@YAHPAEH@Z 00427804 f   cmodel.obj
 0001:000268a6       ?CM_WritePortalState@@YAXPAU_iobuf@@@Z 004278a6 f   cmodel.obj
 0001:000268c0       ?CM_ReadPortalState@@YAXPAU_iobuf@@@Z 004278c0 f   cmodel.obj
 0001:000268de       ?CM_HeadnodeVisible@@YA_NHPBE@Z 004278de f   cmodel.obj
 0001:000269b9       ?Com_BeginRedirect@@YAXPADHP6AX0@Z@Z 004279b9 f   common.obj
 0001:000269e6       ?Com_EndRedirect@@YAXXZ    004279e6 f   common.obj
 0001:00026a05       ?Com_Printf@@YAXPBDZZ      00427a05 f   common.obj
 0001:00026bfd       ?Com_DPrintf@@YAXPBDZZ     00427bfd f   common.obj
 0001:00026c76       ?DebugPrintf@@YAXPBDZZ     00427c76 f   common.obj
 0001:00026d20       ?Com_WPrintf@@YAXPBDZZ     00427d20 f   common.obj
 0001:00026d7a       ?Com_Quit@@YAXXZ           00427d7a f   common.obj
 0001:00026d9a       ?IPWildcard@@YA_NPAUnetadr_t@@PAD@Z 00427d9a f   common.obj
 0001:00026e74       ?Com_ServerState@@YA?AW4server_state_t@@XZ 00427e74 f   common.obj
 0001:00026e7a       ?Com_SetServerState@@YAXW4server_state_t@@@Z 00427e7a f   common.obj
 0001:00026e84       ?frand@@YAMXZ              00427e84 f   common.obj
 0001:00026e9c       ?crand@@YAMXZ              00427e9c f   common.obj
 0001:00026eba       ?Info_ValueForKey@@YAPBDPBD0@Z 00427eba f   common.obj
 0001:00026f39       ?Info_SetValueForKey@@YAXPADPBD1@Z 00427f39 f   common.obj
 0001:0002709c       ?Info_Print@@YAXPBD@Z      0042809c f   common.obj
 0001:00027122       ?Com_CheckCmdlineVar@@YA_NPBD@Z 00428122 f   common.obj
 0001:00027178       ?Com_Init@@YAXPBD@Z        00428178 f   common.obj
 0001:00027546       ?Com_Frame@@YAXM@Z         00428546 f   common.obj
 0001:00027884       ?Com_Shutdown@@YAXXZ       00428884 f   common.obj
 0001:0002789d       ?Com_BlockSequenceCRCByte@@YAEPAEHH@Z 0042889d f   crc.obj
 0001:00027953       ?Cvar_VariableValue@@YAMPBD@Z 00428953 f   cvar.obj
 0001:000279c1       ?Cvar_VariableInt@@YAHPBD@Z 004289c1 f   cvar.obj
 0001:000279d4       ?Cvar_VariableString@@YAPBDPBD@Z 004289d4 f   cvar.obj
 0001:000279ec       ?Cvar_Get@@YAPAUcvar_t@@PBD0H@Z 004289ec f   cvar.obj
 0001:00027ca3       ?Cvar_GetVars@@YAXPBUcvarInfo_t@@H@Z 00428ca3 f   cvar.obj
 0001:00027d4d       ?Cvar_FullSet@@YAPAUcvar_t@@PBD0I@Z 00428d4d f   cvar.obj
 0001:00027da7       ?Cvar_SetValue@@YAPAUcvar_t@@PBDM@Z 00428da7 f   cvar.obj
 0001:00027fcd       ?Cvar_SetInteger@@YAPAUcvar_t@@PBDH@Z 00428fcd f   cvar.obj
 0001:00027fef       ?Cvar_Set@@YAPAUcvar_t@@PBD0@Z 00428fef f   cvar.obj
 0001:00028004       ?Cvar_ForceSet@@YAPAUcvar_t@@PBD0@Z 00429004 f   cvar.obj
 0001:00028019       ?Cvar_Clamp@@YAMPAUcvar_t@@MM@Z 00429019 f   cvar.obj
 0001:00028077       ?Cvar_GetLatchedVars@@YAXXZ 00429077 f   cvar.obj
 0001:000280a6       ?Cvar_Command@@YA_NHPAPAD@Z 004290a6 f   cvar.obj
 0001:0002813f       ?IsDefault@cvar_t@@QAE_NXZ 0042913f f i cvar.obj
 0001:0002815c       ?Cvar_WriteVariables@@YAXPAU_iobuf@@HHPBD@Z 0042915c f   cvar.obj
 0001:000281e4       ?Cvar_Userinfo@@YAPBDXZ    004291e4 f   cvar.obj
 0001:0002823f       ?Cvar_Serverinfo@@YAPBDXZ  0042923f f   cvar.obj
 0001:00028248       ?Cvar_Cheats@@YAX_N@Z      00429248 f   cvar.obj
 0001:00028299       ?Cvar_Init@@YAXXZ          00429299 f   cvar.obj
 0001:00028aa2       ?MSG_WriteDeltaEntity@@YAXPAVsizebuf_t@@PBUentity_state_t@@PAU2@_N3@Z 00429aa2 f   entdelta.obj
 0001:00029045       ?MSG_WriteRemoveEntity@@YAXPAVsizebuf_t@@H@Z 0042a045 f   entdelta.obj
 0001:00029085       ?MSG_ReadEntityBits@@YAHPAVsizebuf_t@@PAIPA_N@Z 0042a085 f   entdelta.obj
 0001:000290f6       ?MSG_ReadDeltaEntity@@YAXPAVsizebuf_t@@PBUentity_state_t@@PAU2@I@Z 0042a0f6 f   entdelta.obj
 0001:00029179       ?MSG_WriteDeltaUsercmd@@YAXPAVsizebuf_t@@PBUusercmd_t@@PAU2@@Z 0042a179 f   entdelta.obj
 0001:00029208       ?MSG_ReadDeltaUsercmd@@YAXPAVsizebuf_t@@PBUusercmd_t@@PAU2@@Z 0042a208 f   entdelta.obj
 0001:0002950b       ?MSG_WriteDeltaPlayerstate@@YAXPAVsizebuf_t@@PBUplayer_state_t@@PAU2@@Z 0042a50b f   entdelta.obj
 0001:00029614       ?MSG_ReadDeltaPlayerstate@@YAXPAVsizebuf_t@@PBUplayer_state_t@@PAU2@@Z 0042a614 f   entdelta.obj
 0001:000296e8       ?FS_CreatePath@@YAXPBD@Z   0042a6e8 f   files.obj
 0001:0002974e       ?FS_CopyFile@@YAXPBD0@Z    0042a74e f   files.obj
 0001:00029851       ?FS_CopyFiles@@YAXPBD0@Z   0042a851 f   files.obj
 0001:0002992a       ?FS_RemoveFiles@@YAXPBD@Z  0042a92a f   files.obj
 0001:0002999e       ?FS_FCloseFile@@YAXPAVQFILE@@@Z 0042a99e f   files.obj
 0001:00029a39       ?FS_FOpenFile@@YAPAVQFILE@@PBDPAH@Z 0042aa39 f   files.obj
 0001:00029f45       ?FS_FileExists@@YA_NPBD@Z  0042af45 f   files.obj
 0001:0002a15e       ?FS_Read@@YAXPAXHPAVQFILE@@@Z 0042b15e f   files.obj
 0001:0002a3c0       ?FS_LoadFile@@YAPAXPBDPAI@Z 0042b3c0 f   files.obj
 0001:0002a416       ?FS_FreeFile@@YAXPAX@Z     0042b416 f   files.obj
 0001:0002a421       ?FS_Gamedir@@YAPADXZ       0042b421 f   files.obj
 0001:0002a435       ?FS_LoadGameConfig@@YAXXZ  0042b435 f   files.obj
 0001:0002a4fa       ?FS_SetGamedir@@YA_NPBD@Z  0042b4fa f   files.obj
 0001:0002abe5       ?FS_ListFiles@@YA?AV?$TList@VCStringItem@@@@PBDH@Z 0042bbe5 f   files.obj
 0001:0002aeed       ?FS_NextPath@@YAPADPBD@Z   0042beed f   files.obj
 0001:0002af11       ?FS_InitFilesystem@@YAXXZ  0042bf11 f   files.obj
 0001:0002b8bd       ?LoadPCX@@YAXPBDPAPAE1PAH2@Z 0042c8bd f   images.obj
 0001:0002ba07       ?LoadTGA@@YAXPBDPAPAEPAH2@Z 0042ca07 f   images.obj
 0001:0002bc02       ?LoadJPG@@YAXPBDPAPAEPAH2@Z 0042cc02 f   images.obj
 0001:0002be8e       ?ImageExists@@YAHPBDH@Z    0042ce8e f   images.obj
 0001:0002bf8c       ?WriteTGA@@YA_NPBDPAEHH@Z  0042cf8c f   images.obj
 0001:0002c176       ?WriteJPG@@YA_NPBDPAEHH_N@Z 0042d176 f   images.obj
 0001:0002c29d       ?MD4Init@@YAXPAUMD4_CTX@@@Z 0042d29d f   md4.obj
 0001:0002c2c5       ?MD4Update@@YAXPAUMD4_CTX@@PAEI@Z 0042d2c5 f   md4.obj
 0001:0002c363       ?MD4Final@@YAXQAEPAUMD4_CTX@@@Z 0042d363 f   md4.obj
 0001:0002ca54       ?Com_BlockChecksum@@YAIPAXH@Z 0042da54 f   md4.obj
 0001:0002ca90       ?LoadQ2BspFile@@YAXXZ      0042da90 f   model.obj
 0001:0002ce46       ?LoadBspFile@@YAPAUbspfile_t@@PBD_NPAI@Z 0042de46 f   model.obj
 0001:0002cff4       ?ProcessEntstring@@YAPADPAD@Z 0042dff4 f   model.obj
 0001:0002de95       ?Init@sizebuf_t@@QAEXPAXH@Z 0042ee95 f   msg.obj
 0001:0002deb0       ?Write@sizebuf_t@@QAEXPBXH@Z 0042eeb0 f   msg.obj
 0001:0002df20       ?MSG_WriteChar@@YAXPAVsizebuf_t@@H@Z 0042ef20 f   msg.obj
 0001:0002df20       ?MSG_WriteByte@@YAXPAVsizebuf_t@@H@Z 0042ef20 f   msg.obj
 0001:0002df31       ?MSG_WriteShort@@YAXPAVsizebuf_t@@H@Z 0042ef31 f   msg.obj
 0001:0002df42       ?MSG_WriteLong@@YAXPAVsizebuf_t@@H@Z 0042ef42 f   msg.obj
 0001:0002df42       ?MSG_WriteFloat@@YAXPAVsizebuf_t@@M@Z 0042ef42 f   msg.obj
 0001:0002df53       ?MSG_WriteString@@YAXPAVsizebuf_t@@PBD@Z 0042ef53 f   msg.obj
 0001:0002df7d       ?MSG_WritePos@@YAXPAVsizebuf_t@@ABUCVec3@@@Z 0042ef7d f   msg.obj
 0001:0002dfe1       ?MSG_WriteAngle@@YAXPAVsizebuf_t@@M@Z 0042efe1 f   msg.obj
 0001:0002e00c       ?MSG_WriteAngle16@@YAXPAVsizebuf_t@@M@Z 0042f00c f   msg.obj
 0001:0002e037       ?MSG_WriteDir@@YAXPAVsizebuf_t@@ABUCVec3@@@Z 0042f037 f   msg.obj
 0001:0002e09f       ?MSG_ReadDir@@YAXPAVsizebuf_t@@AAUCVec3@@@Z 0042f09f f   msg.obj
 0001:0002e0d0       ?MSG_ReadChar@@YAHPAVsizebuf_t@@@Z 0042f0d0 f   msg.obj
 0001:0002e0f0       ?MSG_ReadByte@@YAHPAVsizebuf_t@@@Z 0042f0f0 f   msg.obj
 0001:0002e110       ?MSG_ReadShort@@YAHPAVsizebuf_t@@@Z 0042f110 f   msg.obj
 0001:0002e130       ?MSG_ReadLong@@YAHPAVsizebuf_t@@@Z 0042f130 f   msg.obj
 0001:0002e14f       ?MSG_ReadString@@YAPADPAVsizebuf_t@@@Z 0042f14f f   msg.obj
 0001:0002e182       ?MSG_ReadPos@@YAXPAVsizebuf_t@@AAUCVec3@@@Z 0042f182 f   msg.obj
 0001:0002e1d4       ?MSG_ReadAngle@@YAMPAVsizebuf_t@@@Z 0042f1d4 f   msg.obj
 0001:0002e1ee       ?MSG_ReadAngle16@@YAMPAVsizebuf_t@@@Z 0042f1ee f   msg.obj
 0001:0002e208       ?MSG_ReadData@@YAXPAVsizebuf_t@@PAXH@Z 0042f208 f   msg.obj
 0001:0002e22b       ?Netchan_Init@@YAXXZ       0042f22b f   net_chan.obj
 0001:0002e29f       ?Netchan_OutOfBandPrint@@YAXW4netsrc_t@@Unetadr_t@@PBDZZ 0042f29f f   net_chan.obj
 0001:0002e326       ?Setup@netchan_t@@QAEXW4netsrc_t@@Unetadr_t@@H@Z 0042f326 f   net_chan.obj
 0001:0002e37e       ?NeedReliable@netchan_t@@QAE_NXZ 0042f37e f   net_chan.obj
 0001:0002e3a3       ?Transmit@netchan_t@@QAEXPAXH@Z 0042f3a3 f   net_chan.obj
 0001:0002e540       ?Process@netchan_t@@QAE_NPAVsizebuf_t@@@Z 0042f540 f   net_chan.obj
 0001:0002e66e       ?Pmove@@YAXPAUpmove_t@@@Z  0042f66e f   pmove.obj
 0001:00030402       ?NormalizeColor@@YAMABUCVec3@@AAU1@@Z 00431402 f   q_shared2.obj
 0001:0003045e       ?NormalizeColor255@@YAMABUCVec3@@AAU1@@Z 0043145e f   q_shared2.obj
 0001:000304be       ?Q_rsqrt@@YAMM@Z           004314be f   q_shared2.obj
 0001:000304ee       ?AngleVectors@@YAXABUCVec3@@PAU1@11@Z 004314ee f   q_shared2.obj
 0001:0003064f       ?MakeNormalVectors@@YAXABUCVec3@@AAU1@1@Z 0043164f f   q_shared2.obj
 0001:000306be       ?CrossProduct@@YAXABUCVec3@@0AAU1@@Z 004316be f   q_shared2.obj
 0001:000306f9       ?VectorLength@@YAMABUCVec3@@@Z 004316f9 f   q_shared2.obj
 0001:00030728       ?VectorDistance@@YAMABUCVec3@@0@Z 00431728 f   q_shared2.obj
 0001:00030759       ?LerpAngle@@YAMMMM@Z       00431759 f   q_shared2.obj
 0001:0003079c       ?anglemod@@YAMM@Z          0043179c f   q_shared2.obj
 0001:000307c8       ?Normalize@CVec3@@QAEMXZ   004317c8 f   q_shared2.obj
 0001:0003081a       ?VectorNormalize@@YAMABUCVec3@@AAU1@@Z 0043181a f   q_shared2.obj
 0001:00030872       ?NormalizeFast@CVec3@@QAEMXZ 00431872 f   q_shared2.obj
 0001:000308c3       ?BoxOnPlaneSide@@YAHABUCBox@@PBUcplane_t@@@Z 004318c3 f   q_shared2.obj
 0001:000309e4       ?Clear@CBox@@QAEXXZ        004319e4 f   q_shared2.obj
 0001:00030a02       ?Expand@CBox@@QAEXABUCVec3@@@Z 00431a02 f   q_shared2.obj
 0001:00030a31       ?Expand@CBox@@QAEXABU1@@Z  00431a31 f   q_shared2.obj
 0001:00030a6d       ?GetCenter@CBox@@QAEXAAUCVec3@@@Z 00431a6d f   q_shared2.obj
 0001:00030a8d       ?FromAngles@CAxis@@QAEXABUCVec3@@@Z 00431a8d f   q_shared2.obj
 0001:00030acc       ?TransformVector@CAxis@@QBEXABUCVec3@@AAU2@@Z 00431acc f   q_shared2.obj
 0001:00030b1d       ?UnTransformVector@CAxis@@QBEXABUCVec3@@AAU2@@Z 00431b1d f   q_shared2.obj
 0001:00030b81       ?TransformPoint@CCoords@@QBEXABUCVec3@@AAU2@@Z 00431b81 f   q_shared2.obj
 0001:00030bdf       ?UnTransformPoint@CCoords@@QBEXABUCVec3@@AAU2@@Z 00431bdf f   q_shared2.obj
 0001:00030c4c       ?TransformPlane@CCoords@@QBEXABUcplane_t@@AAU2@@Z 00431c4c f   q_shared2.obj
 0001:00030c84       ?TransformPoint@@YAXABUCVec3@@ABUCAxis@@0AAU1@@Z 00431c84 f   q_shared2.obj
 0001:00030ce7       ?UnTransformPoint@@YAXABUCVec3@@ABUCAxis@@0AAU1@@Z 00431ce7 f   q_shared2.obj
 0001:00030d57       ?ShortSwap@@YAFF@Z         00431d57 f   q_shared2.obj
 0001:00030d6c       ?COM_Parse@@YAPADAAPBD_N@Z 00431d6c f   q_shared2.obj
 0001:00030e90       ?COM_QuoteString@@YAPBDPBD_N@Z 00431e90 f   q_shared2.obj
 0001:00030eeb       ?Com_PageInMemory@@YAXPAXH@Z 00431eeb f   q_shared2.obj
 0001:00030f0a       ?Zip_OpenArchive@@YAPAU_iobuf@@PBD@Z 00431f0a f   zip.obj
 0001:00030f75       ?Zip_CloseArchive@@YAXPAU_iobuf@@@Z 00431f75 f   zip.obj
 0001:00030f81       ?Zip_EnumArchive@@YA_NPAU_iobuf@@P6A_NPAUzipFile_t@@@Z@Z 00431f81 f   zip.obj
 0001:0003115e       ?Zip_OpenFile@@YAPAUZFILE@@PAU_iobuf@@PAUzipFile_t@@@Z 0043215e f   zip.obj
 0001:00031242       ?Zip_ReadFile@@YAHPAUZFILE@@PAXH@Z 00432242 f   zip.obj
 0001:00031338       ?Zip_CloseFile@@YA_NPAUZFILE@@@Z 00432338 f   zip.obj
 0001:0003137c       ?Zip_OpenBuf@@YAPAUZBUF@@PAXH@Z 0043237c f   zip.obj
 0001:000313ba       ?Zip_ReadBuf@@YAHPAUZBUF@@PAXH@Z 004323ba f   zip.obj
 0001:00031402       ?Zip_CloseBuf@@YAXPAUZBUF@@@Z 00432402 f   zip.obj
 0001:00031417       _zcalloc                   00432417 f   zip.obj
 0001:0003142b       _zcfree                    0043242b f   zip.obj
 0001:00031436       ?CDAudio_Play2@@YAXH_N@Z   00432436 f   cd_win.obj
 0001:00031615       ?CDAudio_Play@@YAXH_N@Z    00432615 f   cd_win.obj
 0001:0003162c       ?CDAudio_Stop@@YAXXZ       0043262c f   cd_win.obj
 0001:00031671       ?CDAudio_Pause@@YAXXZ      00432671 f   cd_win.obj
 0001:000316ca       ?CDAudio_Resume@@YAXXZ     004326ca f   cd_win.obj
 0001:00031739       ?CDAudio_Update@@YAXXZ     00432739 f   cd_win.obj
 0001:0003176d       ?CDAudio_Init@@YAHXZ       0043276d f   cd_win.obj
 0001:00031bcf       ?CDAudio_Shutdown@@YAXXZ   00432bcf f   cd_win.obj
 0001:00031c02       ?CDAudio_Activate@@YAX_N@Z 00432c02 f   cd_win.obj
 0001:00031c13       ?IN_Commands@@YAXXZ        00432c13 f   in_win.obj
 0001:00031d3b       ?IN_Init@@YAXXZ            00432d3b f   in_win.obj
 0001:00032032       ?IN_Shutdown@@YAXXZ        00433032 f   in_win.obj
 0001:0003220c       ?IN_Move@@YAXPAUusercmd_t@@@Z 0043320c f   in_win.obj
 0001:000327e9       ?IN_Activate@@YAX_N@Z      004337e9 f   in_win.obj
 0001:000327f3       ?IN_Frame@@YAXXZ           004337f3 f   in_win.obj
 0001:00032b5b       ?NetadrToSockadr@@YAXPAUnetadr_t@@PAUsockaddr@@@Z 00433b5b f   net_wins.obj
 0001:00032be0       ?SockadrToNetadr@@YAXPAUsockaddr@@PAUnetadr_t@@@Z 00433be0 f   net_wins.obj
 0001:00032c30       ?NET_CompareAdr@@YA_NPAUnetadr_t@@0@Z 00433c30 f   net_wins.obj
 0001:00032c86       ?NET_CompareBaseAdr@@YA_NPAUnetadr_t@@0@Z 00433c86 f   net_wins.obj
 0001:00032cd1       ?NET_AdrToString@@YAPADPAUnetadr_t@@@Z 00433cd1 f   net_wins.obj
 0001:00032d8a       ?NET_StringToAdr@@YA_NPBDPAUnetadr_t@@@Z 00433d8a f   net_wins.obj
 0001:00033014       ?NET_IsLocalAddress@@YA_NPAUnetadr_t@@@Z 00434014 f   net_wins.obj
 0001:00033020       ?NET_GetLoopPacket@@YA_NW4netsrc_t@@PAUnetadr_t@@PAVsizebuf_t@@@Z 00434020 f   net_wins.obj
 0001:000330ab       ?NET_SendLoopPacket@@YAXW4netsrc_t@@HPAXUnetadr_t@@@Z 004340ab f   net_wins.obj
 0001:00033100       ?NET_GetPacket@@YA_NW4netsrc_t@@PAUnetadr_t@@PAVsizebuf_t@@@Z 00434100 f   net_wins.obj
 0001:0003321d       ?NET_SendPacket@@YAXW4netsrc_t@@HPAXUnetadr_t@@@Z 0043421d f   net_wins.obj
 0001:000332ee       ?NET_Config@@YAX_N@Z       004342ee f   net_wins.obj
 0001:00033663       ?NET_Init@@YAXXZ           00434663 f   net_wins.obj
 0001:0003371d       ?Sys_Mkdir@@YAXPAD@Z       0043471d f   fs_win.obj
 0001:00033729       ?Sys_FindFirst@@YAPBDPBDH@Z 00434729 f   fs_win.obj
 0001:000337e3       ?Sys_FindNext@@YAPBDXZ     004347e3 f   fs_win.obj
 0001:0003384d       ?Sys_FindClose@@YAXXZ      0043484d f   fs_win.obj
 0001:00033867       ?Sys_FileExists@@YA_NPBDH@Z 00434867 f   fs_win.obj
 0001:00033885       ?SNDDMA_Init@@YA_NXZ       00434885 f   snd_win.obj
 0001:00033ec4       ?SNDDMA_GetDMAPos@@YAHXZ   00434ec4 f   snd_win.obj
 0001:00033f0e       ?SNDDMA_BeginPainting@@YAXXZ 00434f0e f   snd_win.obj
 0001:00034026       ?SNDDMA_Submit@@YAXXZ      00435026 f   snd_win.obj
 0001:0003404b       ?SNDDMA_Shutdown@@YAXXZ    0043504b f   snd_win.obj
 0001:00034050       ?S_Activate@@YAX_N@Z       00435050 f   snd_win.obj
 0001:0003407b       ?Sys_Quit@@YAXXZ           0043507b f   sys_win.obj
 0001:00034133       ?Sys_Init@@YAXXZ           00435133 f   sys_win.obj
 0001:000341ab       ?Sys_ConsoleInput@@YAPADXZ 004351ab f   sys_win.obj
 0001:00034466       ?Sys_ConsoleOutput@@YAXPBD@Z 00435466 f   sys_win.obj
 0001:000344f3       ?Sys_SendKeyEvents@@YAXXZ  004354f3 f   sys_win.obj
 0001:000345ab       ?Sys_UnloadGame@@YAXXZ     004355ab f   sys_win.obj
 0001:00034626       ?Sys_GetGameAPI@@YAPAXPAX@Z 00435626 f   sys_win.obj
 0001:0003477d       _WinMain@16                0043577d f   sys_win.obj
 0001:00034a03       ?AddMsgHook@@YAXP6A_NIIJ@Z@Z 00435a03 f   vid_dll.obj
 0001:00034a47       ?RemoveMsgHook@@YAXP6A_NIIJ@Z@Z 00435a47 f   vid_dll.obj
 0001:00034a76       ?Vid_CreateWindow@@YAPAXHH_N@Z 00435a76 f   vid_dll.obj
 0001:0003517a       ?Vid_DestroyWindow@@YAX_N@Z 0043617a f   vid_dll.obj
 0001:000351b5       ?Vid_Restart@@YAXXZ        004361b5 f   vid_dll.obj
 0001:000351bd       ?Vid_GetModeInfo@@YA_NPAH0H@Z 004361bd f   vid_dll.obj
 0001:000351ed       ?Vid_Tick@@YAXXZ           004361ed f   vid_dll.obj
 0001:0003539d       ?Vid_Init@@YAXXZ           0043639d f   vid_dll.obj
 0001:0003546e       ?Vid_Shutdown@@YAXXZ       0043646e f   vid_dll.obj
 0001:0003548d       ?Tesselate@surfacePlanar_t@OpenGLDrv@@UAEXXZ 0043648d f   gl_backend.obj
 0001:0003709a       ?Tesselate@surfacePoly_t@OpenGLDrv@@UAEXXZ 0043809a f   gl_backend.obj
 0001:00037195       ?Tesselate@surfaceMd3_t@OpenGLDrv@@UAEXXZ 00438195 f   gl_backend.obj
 0001:0003774a       ?Tesselate@surfaceEntity_t@OpenGLDrv@@UAEXXZ 0043874a f   gl_backend.obj
 0001:00037834       ?Tesselate@surfaceParticle_t@OpenGLDrv@@UAEXXZ 00438834 f   gl_backend.obj
 0001:00037a82       ?BK_DrawScene@OpenGLDrv@@YAXXZ 00438a82 f   gl_backend.obj
 0001:00038516       ?BK_DrawPic@OpenGLDrv@@YAXPAVshader_t@1@HHHHMMMMIE@Z 00439516 f   gl_backend.obj
 0001:000386f7       ?BK_DrawText@OpenGLDrv@@YAXPBDHHHHHI@Z 004396f7 f   gl_backend.obj
 0001:000388e2       ?BK_BeginFrame@OpenGLDrv@@YAXXZ 004398e2 f   gl_backend.obj
 0001:0003897b       ?BK_EndFrame@OpenGLDrv@@YAXXZ 0043997b f   gl_backend.obj
 0001:000389ba       ?BK_Init@OpenGLDrv@@YAXXZ  004399ba f   gl_backend.obj
 0001:000389e9       ?BK_Shutdown@OpenGLDrv@@YAXXZ 004399e9 f   gl_backend.obj
 0001:00038a01       ?FindModel@OpenGLDrv@@YAPAVmodel_t@1@PBD@Z 00439a01 f   gl_bspmodel.obj
 0001:00038b4f       ?LoadWorldMap@OpenGLDrv@@YAXPBD@Z 00439b4f f   gl_bspmodel.obj
 0001:00039c0f       ?Negate@CVec3@@QAEXXZ      0043ac0f f i gl_bspmodel.obj
 0001:0003a667       ?PointInLeaf@OpenGLDrv@@YAPAUnode_t@1@ABUCVec3@@@Z 0043b667 f   gl_bspmodel.obj
 0001:0003a724       ?InitModels@OpenGLDrv@@YAXXZ 0043b724 f   gl_bspmodel.obj
 0001:0003a81a       ?ShutdownModels@OpenGLDrv@@YAXXZ 0043b81a f   gl_bspmodel.obj
 0001:0003a82b       ?CALL_CONSTRUCTOR@@YAXPAVinlineModel_t@OpenGLDrv@@@Z 0043b82b f i gl_bspmodel.obj
 0001:0003a841       ?AllocDynamicMemory@OpenGLDrv@@YAPAXH@Z 0043b841 f   gl_buffers.obj
 0001:0003a8ac       ?ResizeDynamicMemory@OpenGLDrv@@YAXPAXH@Z 0043b8ac f   gl_buffers.obj
 0001:0003a8ee       ?AddSurfaceToPortal@OpenGLDrv@@YAXPAVsurfaceBase_t@1@PAVshader_t@1@HH@Z 0043b8ee f   gl_buffers.obj
 0001:0003a957       ?InsertShaderIndex@OpenGLDrv@@YAXH@Z 0043b957 f   gl_buffers.obj
 0001:0003a990       ?ClearPortal@OpenGLDrv@@YAXXZ 0043b990 f   gl_buffers.obj
 0001:0003a9ae       ?SortSurfaces@OpenGLDrv@@YAXPAUviewPortal_t@1@PAPAUsurfaceInfo_t@1@@Z 0043b9ae f   gl_buffers.obj
 0001:0003ab40       ?ClearBuffers@OpenGLDrv@@YAXXZ 0043bb40 f   gl_buffers.obj
 0001:0003ab57       ?CreateBuffers@OpenGLDrv@@YAXXZ 0043bb57 f   gl_buffers.obj
 0001:0003ab7d       ?FreeBuffers@OpenGLDrv@@YAXXZ 0043bb7d f   gl_buffers.obj
 0001:0003aba1       ?InitEntity@model_t@OpenGLDrv@@UAEXPAUentity_t@@PAUrefEntity_t@2@@Z 0043bba1 f   gl_frontend.obj
 0001:0003abb9       ?AddSurfaces@model_t@OpenGLDrv@@UAEXPAUrefEntity_t@2@@Z 0043bbb9 f   gl_frontend.obj
 0001:0003abe7       ?GetLeaf@model_t@OpenGLDrv@@UAEPAUnode_t@2@PAUrefEntity_t@2@@Z 0043bbe7 f   gl_frontend.obj
 0001:0003abf8       ?DrawLabel@model_t@OpenGLDrv@@UAEXPAUrefEntity_t@2@@Z 0043bbf8 f   gl_frontend.obj
 0001:0003abfb       ?InitEntity@inlineModel_t@OpenGLDrv@@UAEXPAUentity_t@@PAUrefEntity_t@2@@Z 0043bbfb f   gl_frontend.obj
 0001:0003ac4b       ?AddSurfaces@inlineModel_t@OpenGLDrv@@UAEXPAUrefEntity_t@2@@Z 0043bc4b f   gl_frontend.obj
 0001:0003b0ff       ?GetLeaf@inlineModel_t@OpenGLDrv@@UAEPAUnode_t@2@PAUrefEntity_t@2@@Z 0043c0ff f   gl_frontend.obj
 0001:0003b2a4       ?DrawLabel@inlineModel_t@OpenGLDrv@@UAEXPAUrefEntity_t@2@@Z 0043c2a4 f   gl_frontend.obj
 0001:0003b2ea       ?InitEntity@md3Model_t@OpenGLDrv@@UAEXPAUentity_t@@PAUrefEntity_t@2@@Z 0043c2ea f   gl_frontend.obj
 0001:0003b493       ?AddSurfaces@md3Model_t@OpenGLDrv@@UAEXPAUrefEntity_t@2@@Z 0043c493 f   gl_frontend.obj
 0001:0003b4f9       ?GetLeaf@md3Model_t@OpenGLDrv@@UAEPAUnode_t@2@PAUrefEntity_t@2@@Z 0043c4f9 f   gl_frontend.obj
 0001:0003b531       ?DrawLabel@md3Model_t@OpenGLDrv@@UAEXPAUrefEntity_t@2@@Z 0043c531 f   gl_frontend.obj
 0001:0003b58c       ?InitEntity@sp2Model_t@OpenGLDrv@@UAEXPAUentity_t@@PAUrefEntity_t@2@@Z 0043c58c f   gl_frontend.obj
 0001:0003b5a6       ?AddSurfaces@sp2Model_t@OpenGLDrv@@UAEXPAUrefEntity_t@2@@Z 0043c5a6 f   gl_frontend.obj
 0001:0003b72d       ?GetLeaf@sp2Model_t@OpenGLDrv@@UAEPAUnode_t@2@PAUrefEntity_t@2@@Z 0043c72d f   gl_frontend.obj
 0001:0003b80e       ?AddEntity@OpenGLDrv@@YAXPAUentity_t@@@Z 0043c80e f   gl_frontend.obj
 0001:0003b9bd       ?AddDlight@OpenGLDrv@@YAXPAUdlight_t@@@Z 0043c9bd f   gl_frontend.obj
 0001:0003bb75       ?DrawPortal@OpenGLDrv@@YAXXZ 0043cb75 f   gl_frontend.obj
 0001:0003dac5       ?GL_TextureMode@OpenGLDrv@@YAXPBD@Z 0043eac5 f   gl_image.obj
 0001:0003db6d       ?CreateImage@OpenGLDrv@@YAPAVimage_t@1@PBDPAXHHI@Z 0043eb6d f   gl_image.obj
 0001:0003e8de       ?LoadDelayedImages@OpenGLDrv@@YAXXZ 0043f8de f   gl_image.obj
 0001:0003e971       ?DrawStretchRaw8@OpenGLDrv@@YAXHHHHHHPAEPAI@Z 0043f971 f   gl_image.obj
 0001:0003ed32       ?SetupGamma@OpenGLDrv@@YAXXZ 0043fd32 f   gl_image.obj
 0001:0003ee78       ?PerformScreenshot@OpenGLDrv@@YAXXZ 0043fe78 f   gl_image.obj
 0001:0003f105       ?InitImages@OpenGLDrv@@YAXXZ 00440105 f   gl_image.obj
 0001:0003f8d6       ?ShutdownImages@OpenGLDrv@@YAXXZ 004408d6 f   gl_image.obj
 0001:0003f93d       ?ShowImages@OpenGLDrv@@YAXXZ 0044093d f   gl_image.obj
 0001:0003fbc5       ?FindImage@OpenGLDrv@@YAPAVimage_t@1@PBDI@Z 00440bc5 f   gl_image.obj
 0001:0003fe65       ?GL_Lock@OpenGLDrv@@YAXXZ  00440e65 f   gl_interface.obj
 0001:0003fedd       ?GL_Unlock@OpenGLDrv@@YAXXZ 00440edd f   gl_interface.obj
 0001:0004009f       ?GL_Bind@OpenGLDrv@@YAXPAVimage_t@1@@Z 0044109f f   gl_interface.obj
 0001:000401c9       ?GL_BindForce@OpenGLDrv@@YAXPAVimage_t@1@@Z 004411c9 f   gl_interface.obj
 0001:00040247       ?GL_TexEnv@OpenGLDrv@@YAXI@Z 00441247 f   gl_interface.obj
 0001:000403c6       ?GL_TexMipBias@OpenGLDrv@@YAXM@Z 004413c6 f   gl_interface.obj
 0001:00040421       ?GL_TexEnvColor@OpenGLDrv@@YAXPATcolor_t@@@Z 00441421 f   gl_interface.obj
 0001:000404d1       ?GL_SelectTexture@OpenGLDrv@@YAXH@Z 004414d1 f   gl_interface.obj
 0001:00040532       ?GL_TexCoordPointer@OpenGLDrv@@YAXPAX@Z 00441532 f   gl_interface.obj
 0001:00040562       ?GL_SetMultitexture@OpenGLDrv@@YAXH@Z 00441562 f   gl_interface.obj
 0001:00040648       ?GL_DisableTexCoordArrays@OpenGLDrv@@YAXXZ 00441648 f   gl_interface.obj
 0001:0004069c       ?GL_CullFace@OpenGLDrv@@YAXW4gl_cullMode_t@1@@Z 0044169c f   gl_interface.obj
 0001:000406ed       ?GL_DepthRange@OpenGLDrv@@YAXW4gl_depthMode_t@1@@Z 004416ed f   gl_interface.obj
 0001:00040720       ?GL_State@OpenGLDrv@@YAXI@Z 00441720 f   gl_interface.obj
 0001:00040875       ?GL_EnableFog@OpenGLDrv@@YAX_N@Z 00441875 f   gl_interface.obj
 0001:0004096d       ?GL_SetDefaultState@OpenGLDrv@@YAXXZ 0044196d f   gl_interface.obj
 0001:00040abb       ?GL_Set2DMode@OpenGLDrv@@YAXXZ 00441abb f   gl_interface.obj
 0001:00040bb6       ?GL_Set3DMode@OpenGLDrv@@YAXPAUviewPortal_t@1@@Z 00441bb6 f   gl_interface.obj
 0001:00040c9e       ?ShowLights@OpenGLDrv@@YAXXZ 00441c9e f   gl_light.obj
 0001:00041087       ?LightForEntity@OpenGLDrv@@YAXPAUrefEntity_t@1@@Z 00442087 f   gl_light.obj
 0001:000422f8       ?DiffuseLight@OpenGLDrv@@YAXPATcolor_t@@M@Z 004432f8 f   gl_light.obj
 0001:00042471       ?InitLightGrid@OpenGLDrv@@YAXXZ 00443471 f   gl_light.obj
 0001:00042517       ?PostLoadLights@OpenGLDrv@@YAXXZ 00443517 f   gl_light.obj
 0001:000427a7       ?LM_Init@OpenGLDrv@@YAXXZ  004437a7 f   gl_lightmap.obj
 0001:000427bd       ?LM_Flush@OpenGLDrv@@YAXPAUlightmapBlock_t@1@@Z 004437bd f   gl_lightmap.obj
 0001:0004281a       ?LM_Done@OpenGLDrv@@YAXXZ  0044381a f   gl_lightmap.obj
 0001:00042841       ?LM_Save@OpenGLDrv@@YAXPAUlightmapBlock_t@1@@Z 00443841 f   gl_lightmap.obj
 0001:00042859       ?LM_Restore@OpenGLDrv@@YAXPAUlightmapBlock_t@1@@Z 00443859 f   gl_lightmap.obj
 0001:00042871       ?LM_NewBlock@OpenGLDrv@@YAPAUlightmapBlock_t@1@XZ 00443871 f   gl_lightmap.obj
 0001:000428e1       ?LM_Rewind@OpenGLDrv@@YAXXZ 004438e1 f   gl_lightmap.obj
 0001:000428e9       ?LM_NextBlock@OpenGLDrv@@YAPAUlightmapBlock_t@1@XZ 004438e9 f   gl_lightmap.obj
 0001:00042916       ?LM_CheckMinlight@OpenGLDrv@@YAXPAUdynamicLightmap_t@1@@Z 00443916 f   gl_lightmap.obj
 0001:000429ac       ?LM_AllocBlock@OpenGLDrv@@YA_NPAUlightmapBlock_t@1@PAUdynamicLightmap_t@1@@Z 004439ac f   gl_lightmap.obj
 0001:00042a63       ?LM_PutBlock@OpenGLDrv@@YAXPAUdynamicLightmap_t@1@@Z 00443a63 f   gl_lightmap.obj
 0001:00042e90       ?LM_SortLightStyles@OpenGLDrv@@YAXPAUdynamicLightmap_t@1@@Z 00443e90 f   gl_lightmap.obj
 0001:00042f21       ?UpdateDynamicLightmap@OpenGLDrv@@YAXPAVsurfacePlanar_t@1@_NI@Z 00443f21 f   gl_lightmap.obj
 0001:00043423       ?LM_IsMonotone@OpenGLDrv@@YA_NPAUdynamicLightmap_t@1@PATcolor_t@@@Z 00444423 f   gl_lightmap.obj
 0001:0004352a       ?Init@OpenGLDrv@@YA_NXZ    0044452a f   gl_main.obj
 0001:00043b90       ?Shutdown@OpenGLDrv@@YAX_N@Z 00444b90 f   gl_main.obj
 0001:00043c19       ?GL_EnableRendering@OpenGLDrv@@YAX_N@Z 00444c19 f   gl_main.obj
 0001:00043c34       ?BeginFrame@OpenGLDrv@@YAXXZ 00444c34 f   gl_main.obj
 0001:00043d4e       ?EndFrame@OpenGLDrv@@YAXXZ 00444d4e f   gl_main.obj
 0001:00043d66       ?RenderFrame@OpenGLDrv@@YAXPAUrefdef_t@@@Z 00444d66 f   gl_main.obj
 0001:0004458f       ?Fill8@OpenGLDrv@@YAXHHHHH@Z 0044558f f   gl_main.obj
 0001:000445d2       ?Fill@OpenGLDrv@@YAXHHHHI@Z 004455d2 f   gl_main.obj
 0001:0004460e       ?TileClear@OpenGLDrv@@YAXHHHHPBD@Z 0044560e f   gl_main.obj
 0001:000446c5       ?DrawStretchPic@OpenGLDrv@@YAXHHHHPBD@Z 004456c5 f   gl_main.obj
 0001:00044742       ?DrawDetailedPic@OpenGLDrv@@YAXHHHHPBD@Z 00445742 f   gl_main.obj
 0001:000447e9       ?DrawPic@OpenGLDrv@@YAXHHPBDHH@Z 004457e9 f   gl_main.obj
 0001:0004486e       ?BeginRegistration@OpenGLDrv@@YAXPBD@Z 0044586e f   gl_main.obj
 0001:00044892       _jpeg_mem_term             00445892 f   gl_main.obj
 0001:00044892       ?EndRegistration@OpenGLDrv@@YAXXZ 00445892 f   gl_main.obj
 0001:00044892       __setargv                  00445892 f   gl_main.obj
 0001:00044893       ?RegisterPic@OpenGLDrv@@YAPAVCBasicImage@@PBD@Z 00445893 f   gl_main.obj
 0001:000448a1       ?RegisterSkin@OpenGLDrv@@YAPAVCBasicImage@@PBD@Z 004458a1 f   gl_main.obj
 0001:000448ac       ?RegisterModel@OpenGLDrv@@YAPAVCRenderModel@@PBD@Z 004458ac f   gl_main.obj
 0001:000448c0       ?SetSky@OpenGLDrv@@YAXPBDMABUCVec3@@@Z 004458c0 f   gl_main.obj
 0001:00044966       ?Screenshot@OpenGLDrv@@YAXHPBD@Z 00445966 f   gl_main.obj
 0001:00044989       ?GetClientLight@OpenGLDrv@@YAMXZ 00445989 f   gl_main.obj
 0001:00044990       ?GetCaps@OpenGLDrv@@YAIXZ  00445990 f   gl_main.obj
 0001:00044996       ?InitFuncTables@OpenGLDrv@@YAXXZ 00445996 f   gl_math.obj
 0001:00044b47       ?BuildRotationAxis@OpenGLDrv@@YAXAAUCAxis@@ABUCVec3@@M@Z 00445b47 f   gl_math.obj
 0001:00044c3e       ?GetBoxRect@OpenGLDrv@@YA_NPBUrefEntity_t@1@ABUCVec3@@QAM2_N@Z 00445c3e f   gl_math.obj
 0001:00044f48       ?ProjectToScreen@OpenGLDrv@@YA_NABUCVec3@@QAH@Z 00445f48 f   gl_math.obj
 0001:0004508b       ?SaturateColor3f@OpenGLDrv@@YAXAAUCVec3@@@Z 0044608b f   gl_math.obj
 0001:0004517b       ?SaturateColor4b@OpenGLDrv@@YAXPATcolor_t@@@Z 0044617b f   gl_math.obj
 0001:00045289       ?SubdividePlane@OpenGLDrv@@YAHPAPAUCVec3@@HM@Z 00446289 f   gl_poly.obj
 0001:000456d8       ?FreeSubdividedPlane@OpenGLDrv@@YAXXZ 004466d8 f   gl_poly.obj
 0001:000456f0       ?GetSubdivideIndexes@OpenGLDrv@@YAXPAH@Z 004466f0 f   gl_poly.obj
 0001:00045743       ?RemoveCollinearPoints@OpenGLDrv@@YAHPAPAUCVec3@@H@Z 00446743 f   gl_poly.obj
 0001:00045839       ?GetPolyArea@OpenGLDrv@@YAMPAPAUCVec3@@H@Z 00446839 f   gl_poly.obj
 0001:000458cd       ?InitShaders@OpenGLDrv@@YAXXZ 004468cd f   gl_shader.obj
 0001:00045a24       ?ShutdownShaders@OpenGLDrv@@YAXXZ 00446a24 f   gl_shader.obj
 0001:00045a5e       ?GetLightmapImage@OpenGLDrv@@YAPAVimage_t@1@H@Z 00446a5e f   gl_shader.obj
 0001:00045a86       ?SetShaderLightmap@OpenGLDrv@@YAPAVshader_t@1@PAV21@H@Z 00446a86 f   gl_shader.obj
 0001:00045dab       ??4shader_t@OpenGLDrv@@QAEAAV01@ABV01@@Z 00446dab f i gl_shader.obj
 0001:00045edd       ??4CBasicImage@@QAEAAV0@ABV0@@Z 00446edd f i gl_shader.obj
 0001:00045fe5       ?SetShaderLightstyles@OpenGLDrv@@YAPAVshader_t@1@PAV21@I@Z 00446fe5 f   gl_shader.obj
 0001:00046083       ?GetAlphaShader@OpenGLDrv@@YAPAVshader_t@1@PAV21@@Z 00447083 f   gl_shader.obj
 0001:00046346       ?FindShader@OpenGLDrv@@YAPAVshader_t@1@PBDI@Z 00447346 f   gl_shader.obj
 0001:0004695f       ?GetShaderByNum@OpenGLDrv@@YAPAVshader_t@1@H@Z 0044795f f   gl_shader.obj
 0001:0004697d       ?ResetShaders@OpenGLDrv@@YAXXZ 0044797d f   gl_shader.obj
 0001:00046e4f       ?Reload@shader_t@OpenGLDrv@@UAEXXZ 00447e4f f   gl_shader.obj
 0001:00046e7a       ?ClearSkyBox@OpenGLDrv@@YAXXZ 00447e7a f   gl_sky.obj
 0001:00046e91       ?SetSkyRotate@OpenGLDrv@@YAXMABUCVec3@@@Z 00447e91 f   gl_sky.obj
 0001:00046ec9       ?SkyVisible@OpenGLDrv@@YA_NXZ 00447ec9 f   gl_sky.obj
 0001:00046ee2       ?AddSkySurface@OpenGLDrv@@YAXPAVsurfacePlanar_t@1@ABUCVec3@@E@Z 00447ee2 f   gl_sky.obj
 0001:0004747d       ?TesselateSkySide@OpenGLDrv@@YAHHPAUbufVertex_t@1@PAUbufTexCoord_t@1@M@Z 0044847d f   gl_sky.obj
 0001:00047742       ?DrawChar@OpenGLDrv@@YAXHHHH@Z 00448742 f   gl_text.obj
 0001:0004776f       ?DrawConChar@OpenGLDrv@@YAXHHHH@Z 0044876f f   gl_text.obj
 0001:000477a4       ?ClearTexts@OpenGLDrv@@YAXXZ 004487a4 f   gl_text.obj
 0001:000477b9       ?FlushTexts@OpenGLDrv@@YAXXZ 004487b9 f   gl_text.obj
 0001:0004784b       ?DrawTextPos@OpenGLDrv@@YAXHHPBDI@Z 0044884b f   gl_text.obj
 0001:00047932       ?DrawTextLeft@OpenGLDrv@@YAXPBDI@Z 00448932 f   gl_text.obj
 0001:000479b9       ?DrawTextRight@OpenGLDrv@@YAXPBDI@Z 004489b9 f   gl_text.obj
 0001:00047a03       ?DrawText3D@OpenGLDrv@@YAXABUCVec3@@PBDI@Z 00448a03 f   gl_text.obj
 0001:00047a30       ?InitTexts@OpenGLDrv@@YAXXZ 00448a30 f   gl_text.obj
 0001:00047a4a       ?LoadMd2@OpenGLDrv@@YAPAVmd3Model_t@1@PBDPAEI@Z 00448a4a f   gl_trimodel.obj
 0001:00048583       ?ATAN2_FUNC@OpenGLDrv@@YAMMM@Z 00449583 f i gl_trimodel.obj
 0001:00048731       ?LoadMd3@OpenGLDrv@@YAPAVmd3Model_t@1@PBDPAEI@Z 00449731 f   gl_trimodel.obj
 0001:00048bc3       ?FindSkin@OpenGLDrv@@YAPAVshader_t@1@PBD@Z 00449bc3 f   gl_trimodel.obj
 0001:00048bd4       ?LoadSp2@OpenGLDrv@@YAPAVsp2Model_t@1@PBDPAEI@Z 00449bd4 f   gl_trimodel.obj
 0001:00048d29       ?CALL_CONSTRUCTOR@@YAXPAVmd3Model_t@OpenGLDrv@@@Z 00449d29 f i gl_trimodel.obj
 0001:00048d3f       ?CALL_CONSTRUCTOR@@YAXPAVsp2Model_t@OpenGLDrv@@@Z 00449d3f f i gl_trimodel.obj
 0001:0004a34a       ?QGL_Init@OpenGLDrv@@YA_NPBD@Z 0044b34a f   qgl_win.obj
 0001:0004a42c       ?QGL_Shutdown@OpenGLDrv@@YAXXZ 0044b42c f   qgl_win.obj
 0001:0004a46a       ?QGL_InitExtensions@OpenGLDrv@@YAXXZ 0044b46a f   qgl_win.obj
 0001:0004a956       ?QGL_PrintExtensionsString@OpenGLDrv@@YAXPBD00@Z 0044b956 f   qgl_win.obj
 0001:0004aaa3       ?QGL_EnableLogging@OpenGLDrv@@YAX_N@Z 0044baa3 f   qgl_win.obj
 0001:0004ab5d       ?QGL_LogMessage@OpenGLDrv@@YAXPBD@Z 0044bb5d f   qgl_win.obj
 0001:0004ab74       ?QGL_SwapBuffers@OpenGLDrv@@YAXXZ 0044bb74 f   qgl_win.obj
 0001:0004abcb       ?GLimp_HasGamma@OpenGLDrv@@YA_NXZ 0044bbcb f   gl_win.obj
 0001:0004abdf       ?GLimp_SetGamma@OpenGLDrv@@YAXM@Z 0044bbdf f   gl_win.obj
 0001:0004ad87       ?GLimp_SetMode@OpenGLDrv@@YA_NPAI0H_N@Z 0044bd87 f   gl_win.obj
 0001:0004b17d       ?GLimp_Shutdown@OpenGLDrv@@YAX_N@Z 0044c17d f   gl_win.obj
 0001:0004b22a       ?AppActivate@OpenGLDrv@@YAX_N@Z 0044c22a f   gl_win.obj
 0001:0004b29a       _jpeg_CreateDecompress     0044c29a f   lib:jdapimin.obj
 0001:0004b35a       _jpeg_destroy_decompress   0044c35a f   lib:jdapimin.obj
 0001:0004b35a       _jpeg_destroy_compress     0044c35a f   lib:jdapimin.obj
 0001:0004b365       _jpeg_read_header          0044c365 f   lib:jdapimin.obj
 0001:0004b3c7       _jpeg_consume_input        0044c3c7 f   lib:jdapimin.obj
 0001:0004b616       _jpeg_finish_decompress    0044c616 f   lib:jdapimin.obj
 0001:0004b6ad       _jpeg_start_decompress     0044c6ad f   lib:jdapistd.obj
 0001:0004b81a       _jpeg_read_scanlines       0044c81a f   lib:jdapistd.obj
 0001:0004b89e       _jpeg_resync_to_restart    0044c89e f   lib:jdmarker.obj
 0001:0004ba63       _jinit_marker_reader       0044ca63 f   lib:jdmarker.obj
 0001:0004cf2e       _jpeg_CreateCompress       0044df2e f   lib:jcapimin.obj
 0001:0004cfe2       _jpeg_suppress_tables      0044dfe2 f   lib:jcapimin.obj
 0001:0004d02c       _jpeg_finish_compress      0044e02c f   lib:jcapimin.obj
 0001:0004d116       _jpeg_start_compress       0044e116 f   lib:jcapistd.obj
 0001:0004d182       _jpeg_write_scanlines      0044e182 f   lib:jcapistd.obj
 0001:0004d22d       _jpeg_add_quant_table      0044e22d f   lib:jcparam.obj
 0001:0004d2df       _jpeg_quality_scaling      0044e2df f   lib:jcparam.obj
 0001:0004d306       _jpeg_set_quality          0044e306 f   lib:jcparam.obj
 0001:0004d340       _jpeg_set_defaults         0044e340 f   lib:jcparam.obj
 0001:0004d506       _jpeg_default_colorspace   0044e506 f   lib:jcparam.obj
 0001:0004d556       _jpeg_set_colorspace       0044e556 f   lib:jcparam.obj
 0001:0004d871       _jpeg_stdio_dest           0044e871 f   lib:jdatadst.obj
 0001:0004da91       _crc32                     0044ea91 f   lib:crc32.obj
 0001:0004dd2b       _inflateReset              0044ed2b f   lib:inflate.obj
 0001:0004dd79       _inflateInit2_             0044ed79 f   lib:inflate.obj
 0001:0004de32       _inflate                   0044ee32 f   lib:inflate.obj
 0001:0004f107       _inflateEnd                00450107 f   lib:inflate.obj
 0001:0004f145       _jinit_input_controller    00450145 f   lib:jdinput.obj
 0001:0004f628       _jinit_memory_mgr          00450628 f   lib:jmemmgr.obj
 0001:00050164       _jpeg_abort                00451164 f   lib:jcomapi.obj
 0001:00050197       _jpeg_destroy              00451197 f   lib:jcomapi.obj
 0001:000501b2       _jpeg_alloc_quant_table    004511b2 f   lib:jcomapi.obj
 0001:000501ce       _jpeg_alloc_huff_table     004511ce f   lib:jcomapi.obj
 0001:000501ea       _jpeg_calc_output_dimensions 004511ea f   lib:jdmaster.obj
 0001:000502ea       _jinit_master_decompress   004512ea f   lib:jdmaster.obj
 0001:00050640       _jdiv_round_up             00451640 f   lib:jutils.obj
 0001:00050650       _jround_up                 00451650 f   lib:jutils.obj
 0001:00050668       _jcopy_sample_rows         00451668 f   lib:jutils.obj
 0001:000506a6       _jcopy_block_row           004516a6 f   lib:jutils.obj
 0001:000506bf       _jzero_far                 004516bf f   lib:jutils.obj
 0001:000506d2       _jinit_marker_writer       004516d2 f   lib:jcmarker.obj
 0001:00050fae       _jinit_compress_master     00451fae f   lib:jcinit.obj
 0001:00051007       _inflate_fast              00452007 f   lib:inffast.obj
 0001:000513bc       _inflate_table             004523bc f   lib:inftrees.obj
 0001:00051770       _adler32                   00452770 f   lib:adler32.obj
 0001:00051889       _jinit_c_codec             00452889 f   lib:jcodec.obj
 0001:000518a5       _jinit_d_codec             004528a5 f   lib:jcodec.obj
 0001:000518c1       _jpeg_get_small            004528c1 f   lib:jmemnobs.obj
 0001:000518c1       _jpeg_get_large            004528c1 f   lib:jmemnobs.obj
 0001:000518cd       _jpeg_free_small           004528cd f   lib:jmemnobs.obj
 0001:000518cd       _jpeg_free_large           004528cd f   lib:jmemnobs.obj
 0001:000518d9       _jpeg_mem_available        004528d9 f   lib:jmemnobs.obj
 0001:000518de       _jpeg_open_backing_store   004528de f   lib:jmemnobs.obj
 0001:000518f2       _jinit_d_main_controller   004528f2 f   lib:jdmainct.obj
 0001:00051f3d       _jinit_d_post_controller   00452f3d f   lib:jdpostct.obj
 0001:000521e8       _jinit_upsampler           004531e8 f   lib:jdsample.obj
 0001:00052826       _jinit_color_deconverter   00453826 f   lib:jdcolor.obj
 0001:00052d3c       _jinit_merged_upsampler    00453d3c f   lib:jdmerge.obj
 0001:0005328c       _jinit_2pass_quantizer     0045428c f   lib:jquant2.obj
 0001:0005434f       _jinit_1pass_quantizer     0045534f f   lib:jquant1.obj
 0001:00054d75       _jinit_c_main_controller   00455d75 f   lib:jcmainct.obj
 0001:00054ee2       _jinit_c_prep_controller   00455ee2 f   lib:jcprepct.obj
 0001:0005542d       _jinit_downsampler         0045642d f   lib:jcsample.obj
 0001:00055cad       _jinit_color_converter     00456cad f   lib:jccolor.obj
 0001:00056297       _jinit_c_master_control    00457297 f   lib:jcmaster.obj
 0001:00056d86       _jinit_lossy_c_codec       00457d86 f   lib:jclossy.obj
 0001:00056e21       _jinit_lossless_c_codec    00457e21 f   lib:jclossls.obj
 0001:00056eb9       _jinit_lossy_d_codec       00457eb9 f   lib:jdlossy.obj
 0001:0005718c       _jinit_lossless_d_codec    0045818c f   lib:jdlossls.obj
 0001:0005723c       _jinit_c_coef_controller   0045823c f   lib:jccoefct.obj
 0001:000578db       _jinit_shuff_encoder       004588db f   lib:jcshuff.obj
 0001:00058146       _jinit_phuff_encoder       00459146 f   lib:jcphuff.obj
 0001:00058beb       _jinit_forward_dct         00459beb f   lib:jcdctmgr.obj
 0001:00058eba       _jinit_c_diff_controller   00459eba f   lib:jcdiffct.obj
 0001:00059420       _jinit_lhuff_encoder       0045a420 f   lib:jclhuff.obj
 0001:00059b4a       _jinit_differencer         0045ab4a f   lib:jcpred.obj
 0001:0005a064       _jinit_c_scaler            0045b064 f   lib:jcscale.obj
 0001:0005a0da       _jinit_d_coef_controller   0045b0da f   lib:jdcoefct.obj
 0001:0005adb3       _jinit_shuff_decoder       0045bdb3 f   lib:jdshuff.obj
 0001:0005b348       _jinit_phuff_decoder       0045c348 f   lib:jdphuff.obj
 0001:0005bee5       _jinit_inverse_dct         0045cee5 f   lib:jddctmgr.obj
 0001:0005c0c9       _jinit_d_diff_controller   0045d0c9 f   lib:jddiffct.obj
 0001:0005c5fa       _jinit_d_scaler            0045d5fa f   lib:jdscale.obj
 0001:0005c6f9       _jinit_undifferencer       0045d6f9 f   lib:jdpred.obj
 0001:0005cab3       _jinit_lhuff_decoder       0045dab3 f   lib:jdlhuff.obj
 0001:0005cea8       _jpeg_make_c_derived_tbl   0045dea8 f   lib:jchuff.obj
 0001:0005d0aa       _jpeg_gen_optimal_table    0045e0aa f   lib:jchuff.obj
 0001:0005d269       _jpeg_fdct_float           0045e269 f   lib:jfdctflt.obj
 0001:0005d46e       _jpeg_make_d_derived_tbl   0045e46e f   lib:jdhuff.obj
 0001:0005d70b       _jpeg_fill_bit_buffer      0045e70b f   lib:jdhuff.obj
 0001:0005d81a       _jpeg_huff_decode          0045e81a f   lib:jdhuff.obj
 0001:0005d8fa       _jpeg_idct_4x4             0045e8fa f   lib:jidctred.obj
 0001:0005dbe8       _jpeg_idct_2x2             0045ebe8 f   lib:jidctred.obj
 0001:0005ddaa       _jpeg_idct_1x1             0045edaa f   lib:jidctred.obj
 0001:0005dde6       _jpeg_idct_float           0045ede6 f   lib:jidctflt.obj
 0001:0005e1c0       __except_handler3          0045f1c0 f   MSVCRT:MSVCRT.dll
 0001:0005e1d0       __chkstk                   0045f1d0 f   MSVCRT:chkstk.obj
 0001:0005e1d0       __alloca_probe             0045f1d0 f   MSVCRT:chkstk.obj
 0001:0005e1ff       ??_Etype_info@@UAEPAXI@Z   0045f1ff f i MSVCRT:ti_inst.obj
 0001:0005e1ff       ??_Gtype_info@@UAEPAXI@Z   0045f1ff f i MSVCRT:ti_inst.obj
 0001:0005e21c       __CxxThrowException@8      0045f21c f   MSVCRT:MSVCRT.dll
 0001:0005e222       _strcpy                    0045f222 f   MSVCRT:MSVCRT.dll
 0001:0005e228       _strlen                    0045f228 f   MSVCRT:MSVCRT.dll
 0001:0005e22e       _strcmp                    0045f22e f   MSVCRT:MSVCRT.dll
 0001:0005e234       _sin                       0045f234 f   MSVCRT:MSVCRT.dll
 0001:0005e23a       _tan                       0045f23a f   MSVCRT:MSVCRT.dll
 0001:0005e240       _cos                       0045f240 f   MSVCRT:MSVCRT.dll
 0001:0005e246       _strcat                    0045f246 f   MSVCRT:MSVCRT.dll
 0001:0005e24c       _fmod                      0045f24c f   MSVCRT:MSVCRT.dll
 0001:0005e252       _atan2                     0045f252 f   MSVCRT:MSVCRT.dll
 0001:0005e258       _acos                      0045f258 f   MSVCRT:MSVCRT.dll
 0001:0005e25e       _sqrt                      0045f25e f   MSVCRT:MSVCRT.dll
 0001:0005e264       _atan                      0045f264 f   MSVCRT:MSVCRT.dll
 0001:0005e26a       _memcpy                    0045f26a f   MSVCRT:MSVCRT.dll
 0001:0005e270       _memset                    0045f270 f   MSVCRT:MSVCRT.dll
 0001:0005e276       _pow                       0045f276 f   MSVCRT:MSVCRT.dll
 0001:0005e27c       _asin                      0045f27c f   MSVCRT:MSVCRT.dll
 0001:0005e282       __purecall                 0045f282 f   MSVCRT:MSVCRT.dll
 0001:0005e288       _WinMainCRTStartup         0045f288 f   MSVCRT:crtexew.obj
[...]
 0001:0005c267       _start_iMCU_row            0045d267 f   lib:jddiffct.obj
 0001:0005c2ac       _start_output_pass         0045d2ac f   lib:jddiffct.obj
 0001:0005c2b8       _decompress_data           0045d2b8 f   lib:jddiffct.obj
 0001:0005c428       _process_restart           0045d428 f   lib:jddiffct.obj
 0001:0005c45d       _dummy_consume_data        0045d45d f   lib:jddiffct.obj
 0001:0005c460       _consume_data              0045d460 f   lib:jddiffct.obj
 0001:0005c4d7       _output_data               0045d4d7 f   lib:jddiffct.obj
 0001:0005bf5b       _start_pass                0045cf5b f   lib:jddctmgr.obj
 0001:0005b3ad       _start_pass_phuff_decoder  0045c3ad f   lib:jdphuff.obj
 0001:0005b5f6       _decode_mcu_DC_first       0045c5f6 f   lib:jdphuff.obj
 0001:0005b7ee       _process_restart           0045c7ee f   lib:jdphuff.obj
 0001:0005b85d       _decode_mcu_AC_first       0045c85d f   lib:jdphuff.obj
 0001:0005ba7d       _decode_mcu_DC_refine      0045ca7d f   lib:jdphuff.obj
 0001:0005bb52       _decode_mcu_AC_refine      0045cb52 f   lib:jdphuff.obj
 0001:0005adf4       _start_pass_huff_decoder   0045bdf4 f   lib:jdshuff.obj
 0001:0005af2c       _decode_mcu                0045bf2c f   lib:jdshuff.obj
 0001:0005b2dc       _process_restart           0045c2dc f   lib:jdshuff.obj
 0001:0005a1dd       _start_input_pass          0045b1dd f   lib:jdcoefct.obj
 0001:0005a1f0       _start_iMCU_row            0045b1f0 f   lib:jdcoefct.obj
 0001:0005a235       _start_output_pass         0045b235 f   lib:jdcoefct.obj
 0001:0005a272       _decompress_onepass        0045b272 f   lib:jdcoefct.obj
 0001:0005c45d       _dummy_consume_data        0045d45d f   lib:jddiffct.obj
 0001:0005a44b       _consume_data              0045b44b f   lib:jdcoefct.obj
 0001:0005a604       _decompress_data           0045b604 f   lib:jdcoefct.obj
 0001:0005a770       _smoothing_ok              0045b770 f   lib:jdcoefct.obj
 0001:0005a85b       _decompress_smooth_data    0045b85b f   lib:jdcoefct.obj
 0001:0005a076       _scaler_start_pass         0045b076 f   lib:jcscale.obj
 0001:0005a099       _simple_downscale          0045b099 f   lib:jcscale.obj
 0001:0005a0c5       _noscale                   0045b0c5 f   lib:jcscale.obj
 0001:00059b6e       _start_pass                0045ab6e f   lib:jcpred.obj
 0001:00059bc6       _reset_predictor           0045abc6 f   lib:jcpred.obj
 0001:00059bf3       _jpeg_difference_first_row 0045abf3 f   lib:jcpred.obj
 0001:00059cdd       _jpeg_difference1          0045acdd f   lib:jcpred.obj
 0001:00059d4b       _jpeg_difference2          0045ad4b f   lib:jcpred.obj
 0001:00059dbc       _jpeg_difference3          0045adbc f   lib:jcpred.obj
 0001:00059e34       _jpeg_difference4          0045ae34 f   lib:jcpred.obj
 0001:00059ebf       _jpeg_difference5          0045aebf f   lib:jcpred.obj
 0001:00059f52       _jpeg_difference6          0045af52 f   lib:jcpred.obj
 0001:00059fe1       _jpeg_difference7          0045afe1 f   lib:jcpred.obj
 0001:00059460       _start_pass_huff           0045a460 f   lib:jclhuff.obj
 0001:000595fd       _encode_mcus_huff          0045a5fd f   lib:jclhuff.obj
 0001:000597e8       _emit_bits                 0045a7e8 f   lib:jclhuff.obj
 0001:0005988b       _dump_buffer               0045a88b f   lib:jclhuff.obj
 0001:000598af       _emit_restart              0045a8af f   lib:jclhuff.obj
 0001:000598fa       _flush_bits                0045a8fa f   lib:jclhuff.obj
 0001:0005991e       _finish_pass_huff          0045a91e f   lib:jclhuff.obj
 0001:0005998b       _encode_mcus_gather        0045a98b f   lib:jclhuff.obj
 0001:00059ab4       _finish_pass_gather        0045aab4 f   lib:jclhuff.obj
 0001:00058143       _need_optimization_pass    00459143 f   lib:jcshuff.obj
 0001:0005903e       _start_pass_diff           0045a03e f   lib:jcdiffct.obj
 0001:000590dc       _start_iMCU_row            0045a0dc f   lib:jcdiffct.obj
 0001:0005911e       _compress_data             0045a11e f   lib:jcdiffct.obj
 0001:000592b4       _compress_first_pass       0045a2b4 f   lib:jcdiffct.obj
 0001:000593a9       _compress_output           0045a3a9 f   lib:jcdiffct.obj
 0001:00058c51       _start_pass_fdctmgr        00459c51 f   lib:jcdctmgr.obj
 0001:00058d53       _forward_DCT_float         00459d53 f   lib:jcdctmgr.obj
 0001:00058186       _start_pass_phuff          00459186 f   lib:jcphuff.obj
 0001:000582f3       _encode_mcu_DC_first       004592f3 f   lib:jcphuff.obj
 0001:00058425       _emit_bits                 00459425 f   lib:jcphuff.obj
 0001:000584d0       _dump_buffer               004594d0 f   lib:jcphuff.obj
 0001:00058508       _emit_symbol               00459508 f   lib:jcphuff.obj
 0001:00058548       _emit_restart              00459548 f   lib:jcphuff.obj
 0001:000585d1       _emit_eobrun               004595d1 f   lib:jcphuff.obj
 0001:00058657       _encode_mcu_AC_first       00459657 f   lib:jcphuff.obj
 0001:000587eb       _encode_mcu_DC_refine      004597eb f   lib:jcphuff.obj
 0001:000588a5       _encode_mcu_AC_refine      004598a5 f   lib:jcphuff.obj
 0001:00058abc       _finish_pass_phuff         00459abc f   lib:jcphuff.obj
 0001:00058b0b       _finish_pass_gather_phuff  00459b0b f   lib:jcphuff.obj
 0001:00058bce       _need_optimization_pass    00459bce f   lib:jcphuff.obj
 0001:0005791e       _start_pass_huff           0045891e f   lib:jcshuff.obj
 0001:00057a93       _encode_mcu_huff           00458a93 f   lib:jcshuff.obj
 0001:00057b9e       _encode_one_block          00458b9e f   lib:jcshuff.obj
 0001:00057d15       _emit_bits                 00458d15 f   lib:jcshuff.obj
 0001:00057db8       _dump_buffer               00458db8 f   lib:jcshuff.obj
 0001:00057ddc       _emit_restart              00458ddc f   lib:jcshuff.obj
 0001:00057e49       _flush_bits                00458e49 f   lib:jcshuff.obj
 0001:00057e6d       _finish_pass_huff          00458e6d f   lib:jcshuff.obj
 0001:00057edc       _encode_mcu_gather         00458edc f   lib:jcshuff.obj
 0001:00057f92       _htest_one_block           00458f92 f   lib:jcshuff.obj
 0001:00058059       _finish_pass_gather        00459059 f   lib:jcshuff.obj
 0001:00058143       _need_optimization_pass    00459143 f   lib:jcshuff.obj
 0001:000572f1       _start_pass_coef           004582f1 f   lib:jccoefct.obj
 0001:000590dc       _start_iMCU_row            0045a0dc f   lib:jcdiffct.obj
 0001:00057386       _compress_data             00458386 f   lib:jccoefct.obj
 0001:0005756d       _compress_first_pass       0045856d f   lib:jccoefct.obj
 0001:00057753       _compress_output           00458753 f   lib:jccoefct.obj
 0001:00057209       _calc_output_dimensions    00458209 f   lib:jdlossls.obj
 0001:0005721a       _start_input_pass          0045821a f   lib:jdlossls.obj
 0001:00056f48       _calc_output_dimensions    00457f48 f   lib:jdlossy.obj
 0001:000570bb       _start_input_pass          004580bb f   lib:jdlossy.obj
 0001:000570db       _latch_quant_tables        004580db f   lib:jdlossy.obj
 0001:00057173       _start_output_pass         00458173 f   lib:jdlossy.obj
 0001:00056e97       _start_pass                00457e97 f   lib:jclossls.obj
 0001:00056e03       _start_pass                00457e03 f   lib:jclossy.obj
 0001:00056358       _initial_setup             00457358 f   lib:jcmaster.obj
 0001:0005650b       _validate_script           0045750b f   lib:jcmaster.obj
 0001:000568e3       _prepare_for_pass          004578e3 f   lib:jcmaster.obj
 0001:00056a5b       _select_scan_parameters    00457a5b f   lib:jcmaster.obj
 0001:00056b5c       _per_scan_setup            00457b5c f   lib:jcmaster.obj
 0001:00056d07       _pass_startup              00457d07 f   lib:jcmaster.obj
 0001:00056d2e       _finish_pass_master        00457d2e f   lib:jcmaster.obj
 0001:00055e44       _rgb_ycc_start             00456e44 f   lib:jccolor.obj
 0001:00055f08       _rgb_ycc_convert           00456f08 f   lib:jccolor.obj
 0001:00056007       _rgb_gray_convert          00457007 f   lib:jccolor.obj
 0001:0005608c       _cmyk_ycck_convert         0045708c f   lib:jccolor.obj
 0001:000561c4       _grayscale_convert         004571c4 f   lib:jccolor.obj
 0001:0005621e       _null_convert              0045721e f   lib:jccolor.obj
 0001:0001e714       _null_method               0041f714 f   sv_game.obj
 0001:0001e714       _start_pass_downsample     0041f714 f   sv_game.obj
 0001:00055590       _sep_downsample            00456590 f   lib:jcsample.obj
 0001:00055605       _int_downsample            00456605 f   lib:jcsample.obj
 0001:000556fd       _expand_right_edge         004566fd f   lib:jcsample.obj
 0001:00055752       _fullsize_downsample       00456752 f   lib:jcsample.obj
 0001:00055796       _h2v1_downsample           00456796 f   lib:jcsample.obj
 0001:0005582a       _h2v2_downsample           0045682a f   lib:jcsample.obj
 0001:000558d7       _h2v2_smooth_downsample    004568d7 f   lib:jcsample.obj
 0001:00055b4f       _fullsize_smooth_downsample 00456b4f f   lib:jcsample.obj
 0001:00054f8c       _start_pass_prep           00455f8c f   lib:jcprepct.obj
 0001:00054fca       _pre_process_data          00455fca f   lib:jcprepct.obj
 0001:00055178       _pre_process_context       00456178 f   lib:jcprepct.obj
 0001:00055331       _create_context_buffer     00456331 f   lib:jcprepct.obj
 0001:00054e04       _start_pass_main           00455e04 f   lib:jcmainct.obj
 0001:00054e46       _process_data_simple_main  00455e46 f   lib:jcmainct.obj
 0001:000543da       _create_colormap           004553da f   lib:jquant1.obj
 0001:0005450c       _select_ncolors            0045550c f   lib:jquant1.obj
 0001:000545e3       _create_colorindex         004555e3 f   lib:jquant1.obj
 0001:0005470f       _alloc_fs_workspace        0045570f f   lib:jquant1.obj
 0001:0005474b       _start_pass_1_quant        0045574b f   lib:jquant1.obj
 0001:00054817       _create_odither_tables     00455817 f   lib:jquant1.obj
 0001:00054876       _make_odither_array        00455876 f   lib:jquant1.obj
 0001:000548d9       _color_quantize            004558d9 f   lib:jquant1.obj
 0001:00054964       _color_quantize3           00455964 f   lib:jquant1.obj
 0001:000549f2       _quantize_ord_dither       004559f2 f   lib:jquant1.obj
 0001:00054add       _quantize3_ord_dither      00455add f   lib:jquant1.obj
 0001:00054bdd       _quantize_fs_dither        00455bdd f   lib:jquant1.obj
 0001:0001e714       _finish_pass_1_quant       0041f714 f   sv_game.obj
 0001:00054d61       _new_color_map_1_quant     00455d61 f   lib:jquant1.obj
 0001:0005339b       _init_error_limit          0045439b f   lib:jquant2.obj
 0001:0005343a       _start_pass_2_quant        0045443a f   lib:jquant2.obj
 0001:0005353c       _prescan_quantize          0045453c f   lib:jquant2.obj
 0001:000535ab       _pass2_no_dither           004545ab f   lib:jquant2.obj
 0001:00053658       _fill_inverse_cmap         00454658 f   lib:jquant2.obj
 0001:00053723       _find_nearby_colors        00454723 f   lib:jquant2.obj
 0001:000538c7       _find_best_colors          004548c7 f   lib:jquant2.obj
 0001:000539e1       _pass2_fs_dither           004549e1 f   lib:jquant2.obj
 0001:00053c50       _finish_pass1              00454c50 f   lib:jquant2.obj
 0001:00053c72       _select_colors             00454c72 f   lib:jquant2.obj
 0001:00053cfe       _update_box                00454cfe f   lib:jquant2.obj
 0001:00054098       _median_cut                00455098 f   lib:jquant2.obj
 0001:000541ac       _find_biggest_color_pop    004551ac f   lib:jquant2.obj
 0001:000541db       _find_biggest_volume       004551db f   lib:jquant2.obj
 0001:00054204       _compute_color             00455204 f   lib:jquant2.obj
 0001:0001e714       _finish_pass2              0041f714 f   sv_game.obj
 0001:00054340       _new_color_map_2_quant     00455340 f   lib:jquant2.obj
 0001:00052db2       _build_ycc_rgb_table       00453db2 f   lib:jdmerge.obj
 0001:00052e62       _start_pass_merged_upsample 00453e62 f   lib:jdmerge.obj
 0001:00052e77       _merged_2v_upsample        00453e77 f   lib:jdmerge.obj
 0001:00052f1e       _merged_1v_upsample        00453f1e f   lib:jdmerge.obj
 0001:00052f4f       _h2v1_merged_upsample      00453f4f f   lib:jdmerge.obj
 0001:000530a5       _h2v2_merged_upsample      004540a5 f   lib:jdmerge.obj
 0001:00052956       _build_ycc_rgb_table       00453956 f   lib:jdcolor.obj
 0001:00052a06       _ycc_rgb_convert           00453a06 f   lib:jdcolor.obj
 0001:00052b14       _null_convert              00453b14 f   lib:jdcolor.obj
 0001:00052b8c       _grayscale_convert         00453b8c f   lib:jdcolor.obj
 0001:00052baf       _gray_rgb_convert          00453baf f   lib:jdcolor.obj
 0001:00052c08       _ycck_cmyk_convert         00453c08 f   lib:jdcolor.obj
 0001:0001e714       _start_pass_dcolor         0041f714 f   sv_game.obj
 0001:000523b7       _start_pass_upsample       004533b7 f   lib:jdsample.obj
 0001:000523d1       _sep_upsample              004533d1 f   lib:jdsample.obj
 0001:0005249e       _fullsize_upsample         0045349e f   lib:jdsample.obj
 0001:000524a9       _noop_upsample             004534a9 f   lib:jdsample.obj
 0001:000524b1       _int_upsample              004534b1 f   lib:jdsample.obj
 0001:0005259b       _h2v1_upsample             0045359b f   lib:jdsample.obj
 0001:000525f2       _h2v2_upsample             004535f2 f   lib:jdsample.obj
 0001:00052664       _h2v1_fancy_upsample       00453664 f   lib:jdsample.obj
 0001:00052707       _h2v2_fancy_upsample       00453707 f   lib:jdsample.obj
 0001:00051fc0       _start_pass_dpost          00452fc0 f   lib:jdpostct.obj
 0001:00052066       _post_process_1pass        00453066 f   lib:jdpostct.obj
 0001:000520cb       _post_process_prepass      004530cb f   lib:jdpostct.obj
 0001:0005215c       _post_process_2pass        0045315c f   lib:jdpostct.obj
 0001:000519c7       _alloc_funny_pointers      004529c7 f   lib:jdmainct.obj
 0001:00051a74       _start_pass_main           00452a74 f   lib:jdmainct.obj
 0001:00051adc       _make_funny_pointers       00452adc f   lib:jdmainct.obj
 0001:00051c1c       _process_data_simple_main  00452c1c f   lib:jdmainct.obj
 0001:00051c84       _process_data_context_main 00452c84 f   lib:jdmainct.obj
 0001:00051d96       _set_wraparound_pointers   00452d96 f   lib:jdmainct.obj
 0001:00051e80       _set_bottom_pointers       00452e80 f   lib:jdmainct.obj
 0001:00051f1a       _process_data_crank_post   00452f1a f   lib:jdmainct.obj
 0001:00050720       _write_marker_header       00451720 f   lib:jcmarker.obj
 0001:00050776       _emit_byte                 00451776 f   lib:jcmarker.obj
 0001:000507a7       _write_marker_byte         004517a7 f   lib:jcmarker.obj
 0001:000507b7       _write_file_header         004517b7 f   lib:jcmarker.obj
 0001:00050803       _emit_jfif_app0            00451803 f   lib:jcmarker.obj
 0001:000508d6       _emit_adobe_app14          004518d6 f   lib:jcmarker.obj
 0001:0005097c       _write_frame_header        0045197c f   lib:jcmarker.obj
 0001:00050a5b       _emit_dqt                  00451a5b f   lib:jcmarker.obj
 0001:00050b4a       _emit_sof                  00451b4a f   lib:jcmarker.obj
 0001:00050c26       _write_scan_header         00451c26 f   lib:jcmarker.obj
 0001:00050ce6       _emit_dht                  00451ce6 f   lib:jcmarker.obj
 0001:00050dbf       _emit_dri                  00451dbf f   lib:jcmarker.obj
 0001:00050e0e       _emit_sos                  00451e0e f   lib:jcmarker.obj
 0001:00050efc       _write_file_trailer        00451efc f   lib:jcmarker.obj
 0001:00050f1c       _write_tables_only         00451f1c f   lib:jcmarker.obj
 0001:00050275       _use_merged_upsample       00451275 f   lib:jdmaster.obj
 0001:0005031b       _master_selection          0045131b f   lib:jdmaster.obj
 0001:00050478       _prepare_range_limit_table 00451478 f   lib:jdmaster.obj
 0001:000504fe       _prepare_for_output_pass   004514fe f   lib:jdmaster.obj
 0001:0005061f       _finish_output_pass        0045161f f   lib:jdmaster.obj
 0001:0004f6ec       _alloc_small               004506ec f   lib:jmemmgr.obj
 0001:0004f80a       _alloc_large               0045080a f   lib:jmemmgr.obj
 0001:0004f8bb       _alloc_sarray              004508bb f   lib:jmemmgr.obj
 0001:0004f953       _alloc_barray              00450953 f   lib:jmemmgr.obj
 0001:0004f9f7       _alloc_darray              004509f7 f   lib:jmemmgr.obj
 0001:0004faa2       _request_virt_sarray       00450aa2 f   lib:jmemmgr.obj
 0001:0004fb03       _request_virt_barray       00450b03 f   lib:jmemmgr.obj
 0001:0004fb64       _realize_virt_arrays       00450b64 f   lib:jmemmgr.obj
 0001:0004fce7       _access_virt_sarray        00450ce7 f   lib:jmemmgr.obj
 0001:0004fe07       _do_sarray_io              00450e07 f   lib:jmemmgr.obj
 0001:0004fe97       _access_virt_barray        00450e97 f   lib:jmemmgr.obj
 0001:0004ffbc       _do_barray_io              00450fbc f   lib:jmemmgr.obj
 0001:0005004d       _free_pool                 0045104d f   lib:jmemmgr.obj
 0001:00050134       _self_destruct             00451134 f   lib:jmemmgr.obj
 0001:0004f186       _start_input_pass          00450186 f   lib:jdinput.obj
 0001:0004f1b4       _per_scan_setup            004501b4 f   lib:jdinput.obj
 0001:0004f33a       _finish_input_pass         0045033a f   lib:jdinput.obj
 0001:0004f34b       _consume_markers           0045034b f   lib:jdinput.obj
 0001:0004f3e7       _initial_setup             004503e7 f   lib:jdinput.obj
 0001:0004f5f1       _reset_input_controller    004505f1 f   lib:jdinput.obj
 0001:0004ef3f       _fixedtables               0044ff3f f   lib:inflate.obj
 0001:0004f029       _updatewindow              00450029 f   lib:inflate.obj
 0001:0004d971       _make_crc_table            0044e971 f   lib:crc32.obj
 0001:0004dabe       _crc32_little              0044eabe f   lib:crc32.obj
 0001:0004d8ad       _init_destination          0044e8ad f   lib:jdatadst.obj
 0001:0004d8d3       _empty_output_buffer       0044e8d3 f   lib:jdatadst.obj
 0001:0004d915       _term_destination          0044e915 f   lib:jdatadst.obj
 0001:0004d434       _std_huff_tables           0044e434 f   lib:jcparam.obj
 0001:0004d48e       _add_huff_table            0044e48e f   lib:jcparam.obj
 0001:0004b98c       _next_marker               0044c98c f   lib:jdmarker.obj
 0001:0004bac6       _get_interesting_appn      0044cac6 f   lib:jdmarker.obj
 0001:0004bbf1       _examine_app0              0044cbf1 f   lib:jdmarker.obj
 0001:0004bdff       _examine_app14             0044cdff f   lib:jdmarker.obj
 0001:0004bec0       _skip_variable             0044cec0 f   lib:jdmarker.obj
 0001:0004bf63       _read_markers              0044cf63 f   lib:jdmarker.obj
 0001:0004c16b       _get_soi                   0044d16b f   lib:jdmarker.obj
 0001:0004c216       _get_sof                   0044d216 f   lib:jdmarker.obj
 0001:0004c51f       _get_sos                   0044d51f f   lib:jdmarker.obj
 0001:0004c80d       _get_dht                   0044d80d f   lib:jdmarker.obj
 0001:0004caae       _get_dqt                   0044daae f   lib:jdmarker.obj
 0001:0004cd0a       _get_dri                   0044dd0a f   lib:jdmarker.obj
 0001:0004cde9       _first_marker              0044dde9 f   lib:jdmarker.obj
 0001:0004ce85       _read_restart_marker       0044de85 f   lib:jdmarker.obj
 0001:0004cf03       _reset_marker_reader       0044df03 f   lib:jdmarker.obj
 0001:0004b770       _output_pass_setup         0044c770 f   lib:jdapistd.obj
 0001:0004b463       _default_decompress_parms  0044c463 f   lib:jdapimin.obj

 128 bytes saved through ICF

