 Quake2

 Timestamp is 434a957f (Mon Oct 10 20:23:27 2005)

 Preferred load address is 00400000

 Start         Length     Name                   Class
 0001:00000000 00060c60H .text                   CODE
 0002:00000000 00000288H .idata$5                DATA
 0002:00000288 000063ecH .rdata                  DATA
 0002:00006678 00000044H .rdata$r                DATA
 0002:000066c0 00000038H .xdata$x                DATA
 0002:000066f8 00000078H .idata$2                DATA
 0002:00006770 00000014H .idata$3                DATA
 0002:00006784 00000288H .idata$4                DATA
 0002:00006a0c 0000084cH .idata$6                DATA
 0002:00007258 00000000H .edata                  DATA
 0003:00000000 00000004H .CRT$XCA                DATA
 0003:00000004 00000084H .CRT$XCU                DATA
 0003:00000088 00000004H .CRT$XCZ                DATA
 0003:0000008c 00000004H .CRT$XIA                DATA
 0003:00000090 00000004H .CRT$XIZ                DATA
 0003:000000a0 0000d41cH .data                   DATA
 0003:0000d4c0 00458604H .bss                    DATA
 0004:00000000 00000130H .rsrc$01                DATA
 0004:00000130 00003f20H .rsrc$02                DATA

  Address         Publics by Value              Rva+Base     Lib:Object

 0001:00000000       ??3@YAXPAX@Z               00401000 f i CoreMain.obj
 0001:0000000b       ?appTimestamp@@YAPBDXZ     0040100b f   CoreMain.obj
 0001:00000040       ?appInit@@YAXXZ            00401040 f   CoreMain.obj
 0001:000000bf       ?appExit@@YAXXZ            004010bf f   CoreMain.obj
 0001:000000f9       ?appLoadDebugSymbols@@YAXXZ 004010f9 f   DbgSymbols.obj
 0001:000002b7       ?appSymbolName@@YA_NIPADH@Z 004012b7 f   DbgSymbols.obj
 0001:000003ad       ?appSymbolName@@YAPBDI@Z   004013ad f   DbgSymbols.obj
 0001:000003e3       ?appMalloc@@YAPAXIH@Z      004013e3 f   Memory.obj
 0001:00000491       ?appFree@@YAXPAX@Z         00401491 f   Memory.obj
 0001:000004bf       ?Unlink@FMemHeader@@QAEXXZ 004014bf f i Memory.obj
 0001:000004ea       ?Link@CMemoryChain@@AAEXXZ 004014ea f   Memory.obj
 0001:00000509       ?Unlink@CMemoryChain@@AAEXXZ 00401509 f   Memory.obj
 0001:00000534       ??2CMemoryChain@@SAPAXIH@Z 00401534 f   Memory.obj
 0001:000005a6       ??3CMemoryChain@@SAXPAX@Z  004015a6 f   Memory.obj
 0001:000005d9       ?Alloc@CMemoryChain@@QAEPAXIH@Z 004015d9 f   Memory.obj
 0001:00000643       ?appInitMemory@@YAXXZ      00401643 f   Memory.obj
 0001:00000b77       ?sprintf@?$TString@$0BAA@@@QAAHPBDZZ 00401b77 f i Memory.obj
 0001:00000bb1       ?Close@COutputDevice@@UAEXXZ 00401bb1 f i OutputDevice.obj
 0001:00000bb1       ?Flush@COutputDevice@@UAEXXZ 00401bb1 f i OutputDevice.obj
 0001:00000bb2       ?Write@COutputDeviceNull@@UAEXPBD@Z 00401bb2 f i OutputDevice.obj
 0001:00000bd3       ?Write@COutputDeviceLog@@UAEXPBD@Z 00401bd3 f i OutputDevice.obj
 0001:00000c04       ?Printf@COutputDevice@@QAAXPBDZZ 00401c04 f   OutputDevice.obj
 0001:00000c74       ?Register@COutputDevice@@QAEXXZ 00401c74 f   OutputDevice.obj
 0001:00000cd0       ?Unregister@COutputDevice@@QAEXXZ 00401cd0 f   OutputDevice.obj
 0001:00000d23       ?appPrintf@@YAXPBDZZ       00401d23 f   OutputDevice.obj
 0001:00000e59       ?appWPrintf@@YAXPBDZZ      00401e59 f   OutputDevice.obj
 0001:00000eb6       ??0COutputDeviceFile@@QAE@XZ 00401eb6 f i ErrorMgr.obj
 0001:00000ecb       ?Write@COutputDeviceFile@@UAEXPBD@Z 00401ecb f i ErrorMgr.obj
 0001:00000f1f       ?Flush@COutputDeviceFile@@UAEXXZ 00401f1f f i ErrorMgr.obj
 0001:00000f2f       ?Close@COutputDeviceFile@@UAEXXZ 00401f2f f i ErrorMgr.obj
 0001:00000f5d       ??1COutputDeviceFile@@QAE@XZ 00401f5d f i ErrorMgr.obj
 0001:00000f7c       ?appGetErrorLog@@YAPAVCOutputDevice@@XZ 00401f7c f   ErrorMgr.obj
 0001:0000101b       ?Open@COutputDeviceFile@@QAEXPBD_N@Z 0040201b f i ErrorMgr.obj
 0001:00001061       ?appFatalError@@YAXPBDZZ   00402061 f   ErrorMgr.obj
 0001:00001101       ?appNonFatalError@@YAXPBDZZ 00402101 f   ErrorMgr.obj
 0001:00001163       ?appUnwindPrefix@@YAXPBD@Z 00402163 f   ErrorMgr.obj
 0001:00001213       ?appUnwindThrow@@YAXPBDZZ  00402213 f   ErrorMgr.obj
 0001:00001298       ?Reset@CErrorHandler@@QAEXXZ 00402298 f   ErrorMgr.obj
 0001:000012c9       ?appInitError@@YAXXZ       004022c9 f   ErrorMgr.obj
 0001:000013ad       ?sprintf@?$TString@$0CAA@@@QAAHPBDZZ 004023ad f i ErrorMgr.obj
 0001:000013c9       ?GetLine@CSimpleParser@@QAEPBDXZ 004023c9 f   ScriptParser.obj
 0001:000014de       ?SkipBraces@CSimpleParser@@QAEPBDXZ 004024de f   ScriptParser.obj
 0001:00001514       ?appStricmp@@YAHPBD0@Z     00402514 f   Strings.obj
 0001:00001549       ?toLower@@YADD@Z           00402549 f i Strings.obj
 0001:00001560       ?appStrcpy@@YAXPADPBD@Z    00402560 f   Strings.obj
 0001:00001573       ?appStrncpylwr@@YAXPADPBDH@Z 00402573 f   Strings.obj
 0001:000015ab       ?appStrncpyz@@YAXPADPBDH@Z 004025ab f   Strings.obj
 0001:000015d8       ?appStrcatn@@YAXPADHPBD@Z  004025d8 f   Strings.obj
 0001:00001603       ?appCopyFilename@@YAXPADPBDH@Z 00402603 f   Strings.obj
 0001:000016a3       ?appCStrlen@@YAHPBD@Z      004026a3 f   Strings.obj
 0001:000016c8       ?appUncolorizeString@@YAXPADPBD@Z 004026c8 f   Strings.obj
 0001:000016f8       ?va@@YAPBDPBDZZ            004026f8 f   Strings.obj
 0001:00001794       ?appSprintf@@YAHPADHPBDZZ  00402794 f   Strings.obj
 0001:000017df       ?appMatchWildcard@@YA_NPBD0_N@Z 004027df f   Strings.obj
 0001:0000196e       ?appIsWildcard@@YA_NPBD@Z  0040296e f   Strings.obj
 0001:00001998       ?CopyString@@YAPADPBD@Z    00402998 f   Strings.obj
 0001:000019d8       ?CopyString@@YAPADPBDPAVCMemoryChain@@@Z 004029d8 f   Strings.obj
 0001:00001a0c       ??2CStringItem@@SAPAXIPBD@Z 00402a0c f   Strings.obj
 0001:00001a59       ??2CStringItem@@SAPAXIPBDPAVCMemoryChain@@@Z 00402a59 f   Strings.obj
 0001:00001a83       ??0CStringItem@@QAE@XZ     00402a83 f   Strings.obj
 0001:00001a8e       ?Find@CStringList@@IAEPAVCStringItem@@PBDPAPAV2@@Z 00402a8e f   Strings.obj
 0001:00001aca       ?Find@CStringList@@IAEPAVCStringItem@@H@Z 00402aca f   Strings.obj
 0001:00001ae3       ?IndexOf@CStringList@@QAEHPBD@Z 00402ae3 f   Strings.obj
 0001:00001b10       ?Remove@CStringList@@QAE_NPAVCStringItem@@@Z 00402b10 f   Strings.obj
 0001:00001b3c       ?Add@CTextContainer@@QAEPAUCTextRec@@PBD@Z 00402b3c f   TextContainer.obj
 0001:00001be8       ?Enumerate@CTextContainer@@QAEXP6AXPBUCTextRec@@@Z@Z 00402be8 f   TextContainer.obj
 0001:00001c54       ?SubtractPath@@YAPBDPBD0@Z 00402c54 f   FileSystem.obj
 0001:00001ce8       ?appMakeDirectoryForFile@@YAXPBD@Z 00402ce8 f   FileSystem.obj
 0001:00001d1e       ?appOpenFile@@YAPAVCFile@@PBD@Z 00402d1e f   FileSystem.obj
 0001:00001d5a       ?Read@CFileOS@@UAEHPAXH@Z  00402d5a f i FileSystem.obj
 0001:00001d7f       ?GetSize@CFileOS@@UAEHXZ   00402d7f f i FileSystem.obj
 0001:00001dc4       ?Eof@CFileOS@@UAE_NXZ      00402dc4 f i FileSystem.obj
 0001:00001dd8       ??_ECFileOS@@UAEPAXI@Z     00402dd8 f i FileSystem.obj
 0001:00001dd8       ??_GCFileOS@@UAEPAXI@Z     00402dd8 f i FileSystem.obj
 0001:00001e0a       ??_ECFile@@UAEPAXI@Z       00402e0a f i FileSystem.obj
 0001:00001e0a       ??_GCFile@@UAEPAXI@Z       00402e0a f i FileSystem.obj
 0001:00001e27       ?ReadByte@CFile@@QAEEXZ    00402e27 f   FileSystem.obj
 0001:00001e3f       ?ReadInt@CFile@@QAEHXZ     00402e3f f   FileSystem.obj
 0001:00001e57       ?ReadString@CFile@@QAEXPADH@Z 00402e57 f   FileSystem.obj
 0001:00001e97       ?GetType@CFileContainer@@MAEPBDXZ 00402e97 f   FileSystem.obj
 0001:00001e9d       ?Mount@CFileSystem@@QAEXAAVCFileContainer@@PBD@Z 00402e9d f   FileSystem.obj
 0001:00001ef3       ?Umount@CFileSystem@@QAEXAAVCFileContainer@@@Z 00402ef3 f   FileSystem.obj
 0001:00001f2a       ?MountDirectory@CFileSystem@@QAEPAVCFileContainer@@PBD0@Z 00402f2a f   FileSystem.obj
 0001:00001f6d       ?GetType@CFileContainerOS@@MAEPBDXZ 00402f6d f i FileSystem.obj
 0001:00001f73       ?FileExists@CFileContainerOS@@UAE_NPBD@Z 00402f73 f i FileSystem.obj
 0001:00001faa       ?OpenFile@CFileContainerOS@@UAEPAVCFile@@PBD@Z 00402faa f i FileSystem.obj
 0001:00001fc7       ?List@CFileContainerOS@@UAEXAAVCFileList@@PBDI@Z 00402fc7 f i FileSystem.obj
 0001:00001fef       ??_GCFileContainerOS@@UAEPAXI@Z 00402fef f i FileSystem.obj
 0001:00001fef       ??_ECFileContainerOS@@UAEPAXI@Z 00402fef f i FileSystem.obj
 0001:00001fef       ??_ECFileContainer@@UAEPAXI@Z 00402fef f i FileSystem.obj
 0001:00001fef       ??_GCFileContainer@@UAEPAXI@Z 00402fef f i FileSystem.obj
 0001:0000200c       ?MountArchive@CFileSystem@@QAEPAVCFileContainer@@PBD0@Z 0040300c f   FileSystem.obj
 0001:00002123       ?Mount@CFileSystem@@QAEXPBD0@Z 00403123 f   FileSystem.obj
 0001:00002309       ?Umount@CFileSystem@@QAEXPBD@Z 00403309 f   FileSystem.obj
 0001:000023a5       ?List@CFileSystem@@UAEPAVCFileList@@PBDIPAV2@@Z 004033a5 f   FileSystem.obj
 0001:0000255d       ?RegisterFormat@CFileSystem@@SAXP6APAVCFileContainer@@PBDPAU_iobuf@@@Z@Z 0040355d f   FileSystem.obj
 0001:0000259d       ?FileExists@CFileSystem@@UAE_NPBDI@Z 0040359d f   FileSystem.obj
 0001:0000261c       ?OpenFile@CFileSystem@@UAEPAVCFile@@PBDI@Z 0040361c f   FileSystem.obj
 0001:000026c1       ?LoadFile@CFileSystem@@QAEPAXPBDPAI@Z 004036c1 f   FileSystem.obj
 0001:00002791       ?appInitFileSystem@@YAXAAVCFileSystem@@@Z 00403791 f   FileSystem.obj
 0001:00002cea       ?FindDir@CFileContainerArc@@IAEPAVCArcDir@1@PBD_N@Z 00403cea f   FileContainerArc.obj
 0001:00002dd3       ?FindFile@CFileContainerArc@@IAEPAVCStringItem@@PBD@Z 00403dd3 f   FileContainerArc.obj
 0001:00002e3e       ?FileExists@CFileContainerArc@@UAE_NPBD@Z 00403e3e f   FileContainerArc.obj
 0001:00002e50       ?OpenFile@CFileContainerArc@@UAEPAVCFile@@PBD@Z 00403e50 f   FileContainerArc.obj
 0001:00002e6c       ?List@CFileContainerArc@@UAEXAAVCFileList@@PBDI@Z 00403e6c f   FileContainerArc.obj
 0001:00002fd9       ?appMillisecondsf@@YANXZ   00403fd9 f   CoreWin32.obj
 0001:00003012       ?appMilliseconds@@YAIXZ    00404012 f   CoreWin32.obj
 0001:00003047       ?cpuid@@YAXI@Z             00404047 f   CoreWin32.obj
 0001:0000306a       ?appPackage@@YAPBDXZ       0040406a f   CoreWin32.obj
 0001:000030c2       ?appGetSystemErrorMessage@@YAPBDI@Z 004040c2 f   CoreWin32.obj
 0001:00003126       ?appDisplayError@@YAXXZ    00404126 f   CoreWin32.obj
 0001:0000317a       ?appInitPlatform@@YAXXZ    0040417a f   CoreWin32.obj
 0001:000035bb       ?appShutdownPlatform@@YAXXZ 004045bb f   CoreWin32.obj
 0001:000035c4       ?osAddressInfo@@YA_NIPADHPAH@Z 004045c4 f   DbgSymbolsWin32.obj
 0001:00003658       ?osModuleInfo@@YA_NIPADHPAH@Z 00404658 f   DbgSymbolsWin32.obj
 0001:000037ff       ?win32ExceptFilter@@YAHPAU_EXCEPTION_POINTERS@@@Z 004047ff f   ExceptFilterWin32.obj
 0001:00003d38       ?win32ExceptFilter2@@YAHXZ 00404d38 f   ExceptFilterWin32.obj
 0001:00003d44       ?appListDirectoryOS@@YAXPBDAAVCFileList@@I@Z 00404d44 f   FileSystemWin32.obj
 0001:00003f8b       ?appMakeDirectory@@YAXPBD@Z 00404f8b f   FileSystemWin32.obj
 0001:00003ff8       ?SCR_StopCinematic@@YAXXZ  00404ff8 f   cl_cin.obj
 0001:0000408c       ?SCR_DrawCinematic@@YA_NXZ 0040508c f   cl_cin.obj
 0001:000044a9       ?SCR_PlayCinematic@@YAXPBD@Z 004054a9 f   cl_cin.obj
 0001:00004800       ?sprintf@?$TString@$0EA@@@QAAHPBDZZ 00405800 f i cl_cin.obj
 0001:00004819       ?CL_Download_f@@YAX_NHPAPAD@Z 00405819 f   cl_download.obj
 0001:00004bc4       ?CL_ParseDownload@@YAXXZ   00405bc4 f   cl_download.obj
 0001:000053ec       ?CL_Precache_f@@YAXHPAPAD@Z 004063ec f   cl_download.obj
 0001:0000544a       ?sprintf@?$TString@$0IA@@@QAAHPBDZZ 0040644a f i cl_download.obj
 0001:00005466       ?CL_ParseDelta@@YAXPAUclEntityState_t@@0HI_N@Z 00406466 f   cl_ents.obj
 0001:000055e6       ?CL_ParseFrame@@YAXXZ      004065e6 f   cl_ents.obj
 0001:00005c95       ?CL_AddEntityBox@@YAXPAUclEntityState_t@@I@Z 00406c95 f   cl_ents.obj
 0001:00005d99       ?Lerp@@YAXABUCVec3@@0MAAU1@@Z 00406d99 f i cl_ents.obj
 0001:00005dd0       ?CL_OffsetThirdPersonView@@YAXXZ 00406dd0 f   cl_ents.obj
 0001:00005eb8       ?CL_AddEntities@@YAXXZ     00406eb8 f   cl_ents.obj
 0001:00006df6       ?CL_ClearLightStyles@@YAXXZ 00407df6 f   cl_fx.obj
 0001:00006e78       ?CL_SetLightstyle@@YAXHPBD@Z 00407e78 f   cl_fx.obj
 0001:00006ed9       ?CL_AllocDlight@@YAPAUcdlight_t@@HABUCVec3@@@Z 00407ed9 f   cl_fx.obj
 0001:00006f42       ?CL_AllocParticleTrace@@YAPAUparticleTrace_t@@ABUCVec3@@0MM@Z 00407f42 f   cl_fx.obj
 0001:00006fd1       ?CL_AllocParticleBeam@@YAPAUbeam_t@@ABUCVec3@@0MM@Z 00407fd1 f   cl_fx.obj
 0001:00007045       ?CL_AllocParticle@@YAPAUparticle_t@@XZ 00408045 f   cl_fx.obj
 0001:00007098       ?CL_MetalSparks@@YAXABUCVec3@@0H@Z 00408098 f   cl_fx.obj
 0001:00007196       ?CL_AddEffects@@YAXXZ      00408196 f   cl_fx.obj
 0001:0000789b       ?CL_ClearEffects@@YAXXZ    0040889b f   cl_fx.obj
 0001:0000791d       ?CL_EntityEvent@@YAXPAUclEntityState_t@@@Z 0040891d f   cl_fx.obj
 0001:00007ad1       ?CL_ParseMuzzleFlash@@YAXXZ 00408ad1 f   cl_fx.obj
 0001:00007e41       ?CL_ParseMuzzleFlash2@@YAXXZ 00408e41 f   cl_fx.obj
 0001:000082b7       ?CL_ParticleEffect@@YAXABUCVec3@@0HH@Z 004092b7 f   cl_fx.obj
 0001:000084a0       ?CL_ParticleEffect2@@YAXABUCVec3@@0HH@Z 004094a0 f   cl_fx.obj
 0001:000084c8       ?CL_ParticleEffect3@@YAXABUCVec3@@0HH@Z 004094c8 f   cl_fx.obj
 0001:000084f0       ?CL_TeleporterParticles@@YAXPAUclEntityState_t@@@Z 004094f0 f   cl_fx.obj
 0001:0000850f       ?CL_LogoutEffect@@YAXABUCVec3@@H@Z 0040950f f   cl_fx.obj
 0001:00008545       ?CL_ItemRespawnParticles@@YAXABUCVec3@@@Z 00409545 f   cl_fx.obj
 0001:00008560       ?CL_ExplosionParticles@@YAXABUCVec3@@@Z 00409560 f   cl_fx.obj
 0001:0000857e       ?CL_BFGExplosionParticles@@YAXABUCVec3@@@Z 0040957e f   cl_fx.obj
 0001:0000859c       ?CL_TrackerExplosionParticles@@YAXABUCVec3@@@Z 0040959c f   cl_fx.obj
 0001:000085ba       ?CL_BlasterParticles@@YAXABUCVec3@@0I@Z 004095ba f   cl_fx.obj
 0001:000085e0       ?CL_BlasterTrail@@YAXAAUcentity_t@@@Z 004095e0 f   cl_fx.obj
 0001:000086e3       ?CL_BlasterTrail2@@YAXAAUcentity_t@@@Z 004096e3 f   cl_fx.obj
 0001:000086f6       ?CL_FlagTrail@@YAXAAUcentity_t@@H@Z 004096f6 f   cl_fx.obj
 0001:00008712       ?CL_RocketTrail@@YAXAAUcentity_t@@@Z 00409712 f   cl_fx.obj
 0001:00008751       ?CL_BubbleTrail@@YAXABUCVec3@@0@Z 00409751 f   cl_fx.obj
 0001:000087eb       ?CL_BubbleTrail2@@YAXABUCVec3@@0@Z 004097eb f   cl_fx.obj
 0001:00008803       ?CL_TagTrail@@YAXAAUcentity_t@@@Z 00409803 f   cl_fx.obj
 0001:00008816       ?CL_DebugTrail@@YAXABUCVec3@@0@Z 00409816 f   cl_fx.obj
 0001:0000882e       ?CL_ForceWall@@YAXABUCVec3@@0H@Z 0040982e f   cl_fx.obj
 0001:0000884f       ?CL_BigTeleportParticles@@YAXABUCVec3@@@Z 0040984f f   cl_fx.obj
 0001:0000898a       ?CL_BfgParticles@@YAXABUCVec3@@@Z 0040998a f   cl_fx.obj
 0001:00008b04       ?CL_FlyEffect@@YAXAAUcentity_t@@@Z 00409b04 f   cl_fx.obj
 0001:00008c90       ?CL_DiminishingTrail@@YAXAAUcentity_t@@H@Z 00409c90 f   cl_fx.obj
 0001:00008dea       ?CL_RailTrail@@YAXABUCVec3@@0@Z 00409dea f   cl_fx.obj
 0001:00008f60       ?CL_RailTrailExt@@YAXABUCVec3@@0EE@Z 00409f60 f   cl_fx.obj
 0001:000090a5       ?CL_IonripperTrail@@YAXAAUcentity_t@@@Z 0040a0a5 f   cl_fx.obj
 0001:000091ff       ?CL_TrapParticles@@YAXABUCVec3@@@Z 0040a1ff f   cl_fx.obj
 0001:00009393       ?CL_TeleportParticles@@YAXABUCVec3@@@Z 0040a393 f   cl_fx.obj
 0001:000094c9       ?CL_Heatbeam@@YAXABUCVec3@@0@Z 0040a4c9 f   cl_fx.obj
 0001:0000976f       ?CL_ParticleSteamEffect@@YAXABUCVec3@@0HHH@Z 0040a76f f   cl_fx.obj
 0001:000098a8       ?CL_ParticleSmokeEffect@@YAXABUCVec3@@0@Z 0040a8a8 f   cl_fx.obj
 0001:000099c4       ?CL_TrackerTrail@@YAXAAUcentity_t@@@Z 0040a9c4 f   cl_fx.obj
 0001:00009b42       ?CL_TrackerShell@@YAXABUCVec3@@@Z 0040ab42 f   cl_fx.obj
 0001:00009bce       ?CL_MonsterPlasmaShell@@YAXABUCVec3@@@Z 0040abce f   cl_fx.obj
 0001:00009c57       ?CL_WidowSplash@@YAXABUCVec3@@@Z 0040ac57 f   cl_fx.obj
 0001:00009d38       ?CL_InitInput@@YAXXZ       0040ad38 f   cl_input.obj
 0001:0000a295       ?CL_SendCmd@@YAXXZ         0040b295 f   cl_input.obj
 0001:0000a878       ?CL_WriteDemoMessage@@YAXXZ 0040b878 f   cl_main.obj
 0001:0000a8ba       ?Cmd_ForwardToServer@@YAXHPAPAD@Z 0040b8ba f   cl_main.obj
 0001:0000a97d       ?CL_ForwardToServer_f@@YAXHPAPAD@Z 0040b97d f   cl_main.obj
 0001:0000a9c5       ?CL_Pause@@YAX_N@Z         0040b9c5 f   cl_main.obj
 0001:0000aa07       ?CL_Drop@@YAX_N@Z          0040ba07 f   cl_main.obj
 0001:0000aa2e       ?CL_SendConnectPacket@@YAXXZ 0040ba2e f   cl_main.obj
 0001:0000aa94       ?CL_Connect_f@@YAX_NHPAPAD@Z 0040ba94 f   cl_main.obj
 0001:0000aaff       ?CL_Rcon_f@@YAXHPAPAD@Z    0040baff f   cl_main.obj
 0001:0000abeb       ?CL_Disconnect@@YAXXZ      0040bbeb f   cl_main.obj
 0001:0000ad96       ?CL_Disconnect_f@@YAXXZ    0040bd96 f   cl_main.obj
 0001:0000ada0       ?CL_Changing_f@@YAXXZ      0040bda0 f   cl_main.obj
 0001:0000adc4       ?CL_Reconnect_f@@YAXXZ     0040bdc4 f   cl_main.obj
 0001:0000ae60       ?CL_PingServers_f@@YAXXZ   0040be60 f   cl_main.obj
 0001:0000af62       ?CL_Skins_f@@YAXXZ         0040bf62 f   cl_main.obj
 0001:0000b24b       ?CL_ConnectionlessPacket@@YAXXZ 0040c24b f   cl_main.obj
 0001:0000b348       ?CL_ReadPackets@@YAXXZ     0040c348 f   cl_main.obj
 0001:0000b48b       ?CL_Userinfo_f@@YAXXZ      0040c48b f   cl_main.obj
 0001:0000b4a6       ?CL_RegisterSounds@@YAXXZ  0040c4a6 f   cl_main.obj
 0001:0000b4e5       ?CL_Snd_Restart_f@@YAXXZ   0040c4e5 f   cl_main.obj
 0001:0000b4f4       ?CL_WriteConfiguration@@YAXPBD@Z 0040c4f4 f   cl_main.obj
 0001:0000b5db       ?CL_WriteConfig_f@@YAX_NHPAPAD@Z 0040c5db f   cl_main.obj
 0001:0000b646       ?CL_FixCvarCheats@@YAXXZ   0040c646 f   cl_main.obj
 0001:0000b697       ?CL_Frame@@YAXMM@Z         0040c697 f   cl_main.obj
 0001:0000b9d1       ?CL_ClearState@@YAXXZ      0040c9d1 f   cl_main.obj
 0001:0000ba0f       ?CL_Init@@YAXXZ            0040ca0f f   cl_main.obj
 0001:0000becd       ?CL_Shutdown@@YAXXZ        0040cecd f   cl_main.obj
 0001:0000bf29       ?sprintf@?$TString@$0EAA@@@QAAHPBDZZ 0040cf29 f i cl_main.obj
 0001:0000bf45       ?CL_ParseClientinfo@@YAXH@Z 0040cf45 f   cl_parse.obj
 0001:0000bffa       ?CL_UpdatePlayerClientInfo@@YAXXZ 0040cffa f   cl_parse.obj
 0001:0000c03b       ?CL_ParseServerMessage@@YAXXZ 0040d03b f   cl_parse.obj
 0001:0000c82d       ?FreePlayerModelsInfo@@YAXXZ 0040d82d f   cl_playermodel.obj
 0001:0000c853       ?ScanQuake3Models@@YAXPBD@Z 0040d853 f   cl_playermodel.obj
 0001:0000c9f4       ?ScanPlayerModels@@YA_NXZ  0040d9f4 f   cl_playermodel.obj
 0001:0000cc48       ?RunAnimation@@YAXAAUclientInfo_t@@AAUanimState_t@@H@Z 0040dc48 f   cl_playermodel.obj
 0001:0000ce29       ?CL_LoadClientinfo@@YAXAAUclientInfo_t@@PBD_N@Z 0040de29 f   cl_playermodel.obj
 0001:0000dab4       ?ParsePlayerEntity@@YAHAAUcentity_t@@AAUclientInfo_t@@PAUclEntityState_t@@ABUentity_t@@PAU4@HH@Z 0040eab4 f   cl_playermodel.obj
 0001:0000e609       ?CreateAndInsert@?$TList@VCStringItem@@@@QAEPAVCStringItem@@PBDPAVCMemoryChain@@@Z 0040f609 f i cl_playermodel.obj
 0001:0000e63f       ?Insert@?$TList@VCStringItem@@@@QAE_NPAVCStringItem@@@Z 0040f63f f i cl_playermodel.obj
 0001:0000e63f       ?Insert@?$TList@VplayerModelInfo_t@@@@QAE_NPAVplayerModelInfo_t@@@Z 0040f63f f i cl_playermodel.obj
 0001:0000e63f       ?Insert@?$TList@VshaderScript_t@OpenGLDrv@@@@QAE_NPAVshaderScript_t@OpenGLDrv@@@Z 0040f63f f i cl_playermodel.obj
 0001:0000e675       ?CL_CheckPredictionError@@YAXXZ 0040f675 f   cl_pred.obj
 0001:0000e808       ?CL_EntityTrace@@YAXAAUtrace_t@@ABUCVec3@@1ABUCBox@@H@Z 0040f808 f   cl_pred.obj
 0001:0000eba4       ?CL_Trace@@YAXAAUtrace_t@@ABUCVec3@@1ABUCBox@@H@Z 0040fba4 f   cl_pred.obj
 0001:0000ec20       ?CL_PMpointcontents@@YAHABUCVec3@@@Z 0040fc20 f   cl_pred.obj
 0001:0000edac       ?CL_PredictMovement@@YAXXZ 0040fdac f   cl_pred.obj
 0001:0000f15f       ?DrawString@@YAXHHPBD@Z    0041015f f   cl_scrn.obj
 0001:0000f1a4       ?SCR_DebugGraph@@YAXMH@Z   004101a4 f   cl_scrn.obj
 0001:0000f1cc       ?SCR_CenterPrint@@YAXPBD@Z 004101cc f   cl_scrn.obj
 0001:0000f2d2       ?Key_Message@@YAXH@Z       004102d2 f   cl_scrn.obj
 0001:0000f36e       ?SCR_SetLevelshot@@YAXPBD@Z 0041036e f   cl_scrn.obj
 0001:0000f467       ?SCR_BeginLoadingPlaque@@YAXXZ 00410467 f   cl_scrn.obj
 0001:0000f4ec       ?SCR_EndLoadingPlaque@@YAX_N@Z 004104ec f   cl_scrn.obj
 0001:0000f571       ?SCR_ShowConsole@@YAX_N0@Z 00410571 f   cl_scrn.obj
 0001:0000f636       ?SCR_ToggleConsole@@YAXXZ  00410636 f   cl_scrn.obj
 0001:0000f65e       ?SCR_TouchPics@@YAXXZ      0041065e f   cl_scrn.obj
 0001:0000f6b4       ?SCR_UpdateScreen@@YAXXZ   004106b4 f   cl_scrn.obj
 0001:000108f8       ?SCR_Init@@YAXXZ           004118f8 f   cl_scrn.obj
 0001:00010c27       ?sprintf@?$TString@$0BA@@@QAAHPBDZZ 00411c27 f i cl_scrn.obj
 0001:00010c40       ?CL_RegisterTEntSounds@@YAXXZ 00411c40 f   cl_tent.obj
 0001:00010e85       ?CL_RegisterTEntModels@@YAXXZ 00411e85 f   cl_tent.obj
 0001:00010fd2       ?CL_ClearTEnts@@YAXXZ      00411fd2 f   cl_tent.obj
 0001:00011003       ?CL_SmokeAndFlash@@YAXABUCVec3@@@Z 00412003 f   cl_tent.obj
 0001:00011199       ?CL_ParsePlayerBeam@@YAHPAVCRenderModel@@@Z 00412199 f   cl_tent.obj
 0001:000112a4       ?CL_ParseLightning@@YAHPAVCRenderModel@@@Z 004122a4 f   cl_tent.obj
 0001:00011366       ?CL_ParseWidow@@YAXXZ      00412366 f   cl_tent.obj
 0001:0001149c       ?CL_ParseNuke@@YAXXZ       0041249c f   cl_tent.obj
 0001:000115af       ?CL_ParseTEnt@@YAXXZ       004125af f   cl_tent.obj
 0001:00012396       ?CL_AddBeams@@YAXXZ        00413396 f   cl_tent.obj
 0001:00012598       ?CL_AddPlayerBeams@@YAXXZ  00413598 f   cl_tent.obj
 0001:00012b9f       ?CL_AddTEnts@@YAXXZ        00413b9f f   cl_tent.obj
 0001:00012d9f       ?V_AddEntity@@YAXPAUentity_t@@@Z 00413d9f f   cl_view.obj
 0001:00012dda       ?V_AddEntity2@@YAXPAUentity_t@@@Z 00413dda f   cl_view.obj
 0001:00012e09       ?AddEntityWithEffects2@@YAXPAUentity_t@@I@Z 00413e09 f   cl_view.obj
 0001:00012ea8       ?AddEntityWithEffects@@YAXPAUentity_t@@I@Z 00413ea8 f   cl_view.obj
 0001:00012ec7       ?V_AddLight@@YAXABUCVec3@@MMMM@Z 00413ec7 f   cl_view.obj
 0001:00012f0c       ?V_TestEntities@@YAXXZ     00413f0c f   cl_view.obj
 0001:00013039       ?V_TestLights@@YAXXZ       00414039 f   cl_view.obj
 0001:0001310f       ?V_InitRenderer@@YAXXZ     0041410f f   cl_view.obj
 0001:000134f7       ?CalcFov@@YAMMMM@Z         004144f7 f   cl_view.obj
 0001:00013565       ?V_RenderView@@YA_NXZ      00414565 f   cl_view.obj
 0001:0001417f       ?V_Init@@YAXXZ             0041517f f   cl_view.obj
 0001:0001422e       ?Con_ClearNotify@@YAXXZ    0041522e f   console.obj
 0001:0001423d       ?Con_CheckResize@@YAXXZ    0041523d f   console.obj
 0001:00014364       ?Write@COutputDeviceCon@@UAEXPBD@Z 00415364 f   console.obj
 0001:0001465e       ?Con_DrawNotify@@YAX_N@Z   0041565e f   console.obj
 0001:00014776       ?Con_DrawConsole@@YAXM@Z   00415776 f   console.obj
 0001:00014a2a       ?Con_ClearTyping@@YAXXZ    00415a2a f   console.obj
 0001:00014a43       ?Key_Console@@YAXHH@Z      00415a43 f   console.obj
 0001:00014e8b       ?Con_Init@@YAXXZ           00415e8b f   console.obj
 0001:00014ff9       ?Key_KeynumToString@@YAPBDH@Z 00415ff9 f   keys.obj
 0001:000150b9       ?Draw@completeMenu_t@@UAEXXZ 004160b9 f i keys.obj
 0001:000150ea       ?KeyDown@completeMenu_t@@UAEPBDH@Z 004160ea f i keys.obj
 0001:00015113       ?Init@completeMenu_t@@UAE_NXZ 00416113 f i keys.obj
 0001:0001523a       ?CompleteMenuCallback@completeMenu_t@@SAXPAX@Z 0041623a f i keys.obj
 0001:000152c8       ?CompleteCommand@@YAXXZ    004162c8 f   keys.obj
 0001:000159d3       ?Key_SetBinding@@YAXHPBD@Z 004169d3 f   keys.obj
 0001:00015a11       ?Key_FindBinding@@YAHPBDPAHH@Z 00416a11 f   keys.obj
 0001:00015a5f       ?Key_WriteBindings@@YAXPAVCOutputDevice@@@Z 00416a5f f   keys.obj
 0001:00015aa6       ?Key_Init@@YAXXZ           00416aa6 f   keys.obj
 0001:00015d8a       ?Key_Event@@YAXH_N@Z       00416d8a f   keys.obj
 0001:000160e3       ?Key_ClearStates@@YAXXZ    004170e3 f   keys.obj
 0001:00016118       ?M_ForceMenuOn@@YAXXZ      00417118 f   menu.obj
 0001:00016137       ?Draw@menuMain_t@@UAEXXZ   00417137 f i menu.obj
 0001:00016273       ?KeyDown@menuMain_t@@UAEPBDH@Z 00417273 f i menu.obj
 0001:0001632f       ?Init@menuMain_t@@UAE_NXZ  0041732f f i menu.obj
 0001:00016337       ?M_Menu_Main_f@@YAXXZ      00417337 f   menu.obj
 0001:00016351       ?Init@multiplayerMenu_t@@UAE_NXZ 00417351 f i menu.obj
 0001:00016475       ?Init@keysMenu_t@@UAE_NXZ  00417475 f i menu.obj
 0001:0001665e       ?KeyCursorDrawFunc@keysMenu_t@@SAXPAUmenuFramework_t@@@Z 0041765e f i menu.obj
 0001:0001669e       ?DrawKeyBindingFunc@keysMenu_t@@SAXPAX@Z 0041769e f i menu.obj
 0001:00016765       ?KeyDown@keysMenu_t@@UAEPBDH@Z 00417765 f i menu.obj
 0001:00016812       ?UnbindCommand@keysMenu_t@@QAEXPAD@Z 00417812 f i menu.obj
 0001:00016857       ?KeyBindingFunc@keysMenu_t@@QAEXPAX@Z 00417857 f i menu.obj
 0001:000168b6       ?Init@optionsMenu_t@@UAE_NXZ 004178b6 f i menu.obj
 0001:00016c60       ?CrosshairFunc@optionsMenu_t@@SAXPAX@Z 00417c60 f i menu.obj
 0001:00016c88       ?JoystickFunc@optionsMenu_t@@SAXPAX@Z 00417c88 f i menu.obj
 0001:00016c9d       ?AlwaysRunFunc@optionsMenu_t@@SAXPAX@Z 00417c9d f i menu.obj
 0001:00016cb2       ?MouseSpeedFunc@optionsMenu_t@@SAXPAX@Z 00417cb2 f i menu.obj
 0001:00016ccf       ?InvertMouseFunc@optionsMenu_t@@SAXPAX@Z 00417ccf f i menu.obj
 0001:00016d08       ?UpdateVolumeFunc@optionsMenu_t@@SAXPAX@Z 00417d08 f i menu.obj
 0001:00016d25       ?UpdateCDVolumeFunc@optionsMenu_t@@SAXPAX@Z 00417d25 f i menu.obj
 0001:00016d3f       ?SetMenuItemValues@optionsMenu_t@@SAXXZ 00417d3f f i menu.obj
 0001:00016e87       ?ResetDefaultsFunc@optionsMenu_t@@SAXPAX@Z 00417e87 f i menu.obj
 0001:00016e9c       ?UpdateSoundFunc@optionsMenu_t@@SAXPAX@Z 00417e9c f i menu.obj
 0001:0001709f       ?ScanCrosshairs@optionsMenu_t@@SAXXZ 0041809f f i menu.obj
 0001:000170fc       ?Draw@optionsMenu_t@@UAEXXZ 004180fc f i menu.obj
 0001:00017161       ?Draw@creditsMenu_t@@UAEXXZ 00418161 f i menu.obj
 0001:00017208       ?KeyDown@creditsMenu_t@@UAEPBDH@Z 00418208 f i menu.obj
 0001:00017243       ?Init@creditsMenu_t@@UAE_NXZ 00418243 f i menu.obj
 0001:000172c4       ?Init@gameMenu_t@@UAE_NXZ  004182c4 f i menu.obj
 0001:0001744f       ?EasyGameFunc@gameMenu_t@@SAXPAX@Z 0041844f f i menu.obj
 0001:0001745b       ?StartGame@gameMenu_t@@SAXPBD@Z 0041845b f i menu.obj
 0001:000174b3       ?MediumGameFunc@gameMenu_t@@SAXPAX@Z 004184b3 f i menu.obj
 0001:000174bf       ?HardGameFunc@gameMenu_t@@SAXPAX@Z 004184bf f i menu.obj
 0001:000174db       ?Init@savegameMenu_t@@UAE_NXZ 004184db f i menu.obj
 0001:000175eb       ?Create_Savestrings@savegameMenu_t@@QAEXXZ 004185eb f i menu.obj
 0001:000176a0       ?LoadGameCallback@savegameMenu_t@@SAXPAX@Z 004186a0 f i menu.obj
 0001:000176c9       ?SaveGameCallback@savegameMenu_t@@SAXPAX@Z 004186c9 f i menu.obj
 0001:000176e8       ?Draw@savegameMenu_t@@UAEXXZ 004186e8 f i menu.obj
 0001:00017703       ?DrawSavegameShot@savegameMenu_t@@QAEXHH@Z 00418703 f i menu.obj
 0001:000177de       ?Init@joinserverMenu_t@@UAE_NXZ 004187de f i menu.obj
 0001:00017907       ?JoinServerFunc@joinserverMenu_t@@SAXPAX@Z 00418907 f i menu.obj
 0001:00017969       ?SearchLocalGames@joinserverMenu_t@@SAXXZ 00418969 f i menu.obj
 0001:000179d4       ?M_AddToServerList@@YAXUnetadr_t@@PAD@Z 004189d4 f   menu.obj
 0001:00017a55       ?Init@startserverMenu_t@@UAE_NXZ 00418a55 f i menu.obj
 0001:00017ee3       ?DMOptionsFunc@startserverMenu_t@@SAXPAX@Z 00418ee3 f i menu.obj
 0001:00017ef3       ?RulesChangeFunc@startserverMenu_t@@SAXPAX@Z 00418ef3 f i menu.obj
 0001:00017f6b       ?StartServerActionFunc@startserverMenu_t@@SAXPAX@Z 00418f6b f i menu.obj
 0001:00017f96       ?StartServerFunc@startserverMenu_t@@SAXPAD@Z 00418f96 f i menu.obj
 0001:000181cc       ?KeyDown@startserverMenu_t@@UAEPBDH@Z 004191cc f i menu.obj
 0001:00018229       ?Init@dmoptionsMenu_t@@UAE_NXZ 00419229 f i menu.obj
 0001:00018806       ?DMFlagCallback@dmoptionsMenu_t@@SAXPAX@Z 00419806 f i menu.obj
 0001:000189dc       ?Init@downloadOptionsMenu_t@@UAE_NXZ 004199dc f i menu.obj
 0001:00018ba7       ?DownloadCallback@downloadOptionsMenu_t@@SAXPAX@Z 00419ba7 f i menu.obj
 0001:00018c12       ?Init@addressBookMenu_t@@UAE_NXZ 00419c12 f i menu.obj
 0001:00018cba       ?KeyDown@addressBookMenu_t@@UAEPBDH@Z 00419cba f i menu.obj
 0001:00018d17       ?Init@playerConfigMenu_t@@UAE_NXZ 00419d17 f i menu.obj
 0001:0001925e       ?HandednessCallback@playerConfigMenu_t@@SAXPAX@Z 0041a25e f i menu.obj
 0001:00019273       ?RTypeCallback@playerConfigMenu_t@@SAXPAX@Z 0041a273 f i menu.obj
 0001:00019288       ?RColorCallback@playerConfigMenu_t@@SAXPAX@Z 0041a288 f i menu.obj
 0001:0001929d       ?RateCallback@playerConfigMenu_t@@SAXPAX@Z 0041a29d f i menu.obj
 0001:000192c0       ?ModelCallback@playerConfigMenu_t@@SAXPAX@Z 0041a2c0 f i menu.obj
 0001:000192f4       ?SkinCallback@playerConfigMenu_t@@SAXPAX@Z 0041a2f4 f i menu.obj
 0001:000192fc       ?Draw@playerConfigMenu_t@@UAEXXZ 0041a2fc f i menu.obj
 0001:000195de       ?KeyDown@playerConfigMenu_t@@UAEPBDH@Z 0041a5de f i menu.obj
 0001:000196bd       ?Init@dmbrowseMenu_t@@UAE_NXZ 0041a6bd f i menu.obj
 0001:000198c3       ?KeyDown@dmbrowseMenu_t@@UAEPBDH@Z 0041a8c3 f i menu.obj
 0001:00019a87       ?Draw@dmbrowseMenu_t@@UAEXXZ 0041aa87 f i menu.obj
 0001:00019bcc       ?DrawThumbnail@dmbrowseMenu_t@@SAXHHHHPAD_N@Z 0041abcc f i menu.obj
 0001:00019ca6       ?Init@videoMenu_t@@UAE_NXZ 0041aca6 f i menu.obj
 0001:0001a25f       ?ScreenSizeCallback@videoMenu_t@@SAXPAX@Z 0041b25f f i menu.obj
 0001:0001a27d       ?BrightnessCallback@videoMenu_t@@SAXPAX@Z 0041b27d f i menu.obj
 0001:0001a29b       ?ContrastCallback@videoMenu_t@@SAXPAX@Z 0041b29b f i menu.obj
 0001:0001a2d4       ?CancelChanges@videoMenu_t@@SAXPAX@Z 0041b2d4 f i menu.obj
 0001:0001a2f5       ?KeyDown@videoMenu_t@@UAEPBDH@Z 0041b2f5 f i menu.obj
 0001:0001a33c       ?ApplyChanges@videoMenu_t@@SAXPAX@Z 0041b33c f i menu.obj
 0001:0001a4f3       ?KeyDown@quitMenu_t@@UAEPBDH@Z 0041b4f3 f i menu.obj
 0001:0001a52d       ?Draw@quitMenu_t@@UAEXXZ   0041b52d f i menu.obj
 0001:0001a59d       ?M_Init@@YAXXZ             0041b59d f   menu.obj
 0001:0001a77f       ?ItemAtCursor@menuFramework_t@@QAEPAUmenuCommon_t@@XZ 0041b77f f   qmenu.obj
 0001:0001a7d3       ?AddItem@menuFramework_t@@QAEXPAUmenuCommon_t@@@Z 0041b7d3 f   qmenu.obj
 0001:0001a88f       ?AdjustCursor@menuFramework_t@@QAEXH@Z 0041b88f f   qmenu.obj
 0001:0001a9fe       ?Center@menuFramework_t@@QAEXXZ 0041b9fe f   qmenu.obj
 0001:0001aa3f       ?Draw@menuFramework_t@@UAEXXZ 0041ba3f f   qmenu.obj
 0001:0001b004       ?SelectItem@menuFramework_t@@QAE_NXZ 0041c004 f   qmenu.obj
 0001:0001b062       ?SetStatusBar@menuFramework_t@@QAEXPBD@Z 0041c062 f   qmenu.obj
 0001:0001b06c       ?SlideItem@menuFramework_t@@QAEXH@Z 0041c06c f   qmenu.obj
 0001:0001b5e9       ?Push@menuFramework_t@@QAEXXZ 0041c5e9 f   qmenu.obj
 0001:0001b668       ?M_ForceMenuOff@@YAXXZ     0041c668 f   qmenu.obj
 0001:0001b695       ?Pop@menuFramework_t@@QAEXXZ 0041c695 f   qmenu.obj
 0001:0001b6cf       ?KeyDown@menuFramework_t@@UAEPBDH@Z 0041c6cf f   qmenu.obj
 0001:0001b943       ?Init@menuFramework_t@@UAE_NXZ 0041c943 f   qmenu.obj
 0001:0001b946       ?M_Draw@@YAXXZ             0041c946 f   qmenu.obj
 0001:0001b981       ?M_Keydown@@YAXH@Z         0041c981 f   qmenu.obj
 0001:0001b9a0       ?InitRendererVars@@YAXXZ   0041c9a0 f   ref_vars.obj
 0001:0001b9bf       ?S_SoundInfo_f@@YAXXZ      0041c9bf f   snd_dma.obj
 0001:0001ba49       ?S_Init@@YAXXZ             0041ca49 f   snd_dma.obj
 0001:0001bb1b       ?S_Shutdown@@YAXXZ         0041cb1b f   snd_dma.obj
 0001:0001bbae       ?S_BeginRegistration@@YAXXZ 0041cbae f   snd_dma.obj
 0001:0001bbbc       ?S_RegisterSound@@YAPAUsfx_t@@PBD@Z 0041cbbc f   snd_dma.obj
 0001:0001bd62       ?S_EndRegistration@@YAXXZ  0041cd62 f   snd_dma.obj
 0001:0001bde5       ?S_PickChannel@@YAPAUchannel_t@@HH@Z 0041cde5 f   snd_dma.obj
 0001:0001be72       ?S_Spatialize@@YAXPAUchannel_t@@@Z 0041ce72 f   snd_dma.obj
 0001:0001c052       ?S_AllocPlaysound@@YAPAUplaysound_t@@XZ 0041d052 f   snd_dma.obj
 0001:0001c074       ?S_FreePlaysound@@YAXPAUplaysound_t@@@Z 0041d074 f   snd_dma.obj
 0001:0001c0a4       ?S_IssuePlaysound@@YAXPAUplaysound_t@@@Z 0041d0a4 f   snd_dma.obj
 0001:0001c171       ?S_StartSound@@YAXPBUCVec3@@HHPAUsfx_t@@MMM@Z 0041d171 f   snd_dma.obj
 0001:0001c530       ?S_StartLocalSound@@YAXPBD@Z 0041d530 f   snd_dma.obj
 0001:0001c57f       ?S_ClearBuffer@@YAXXZ      0041d57f f   snd_dma.obj
 0001:0001c5e8       ?S_StopAllSounds_f@@YAXXZ  0041d5e8 f   snd_dma.obj
 0001:0001c658       ?S_AddLoopSounds@@YAXXZ    0041d658 f   snd_dma.obj
 0001:0001c82e       ?S_RawSamples@@YAXHHHHPAE@Z 0041d82e f   snd_dma.obj
 0001:0001ca32       ?S_Update@@YAXABUCVec3@@0@Z 0041da32 f   snd_dma.obj
 0001:0001cb08       ?GetSoundtime@@YAXXZ       0041db08 f   snd_dma.obj
 0001:0001cb6f       ?S_Update_@@YAXXZ          0041db6f f   snd_dma.obj
 0001:0001ce22       ?ResampleSfx@@YAXPAUsfx_t@@HHPAE@Z 0041de22 f   snd_mem.obj
 0001:0001cf3d       ?S_LoadSound@@YAPAUsfxcache_t@@PAUsfx_t@@@Z 0041df3d f   snd_mem.obj
 0001:0001d079       ?GetWavinfo@@YA?AUwavinfo_t@@PADPAEH@Z 0041e079 f   snd_mem.obj
 0001:0001d2bb       ?S_WriteLinearBlastStereo16@@YAXXZ 0041e2bb f   snd_mix.obj
 0001:0001d325       ?S_TransferStereo16@@YAXPAKH@Z 0041e325 f   snd_mix.obj
 0001:0001d38e       ?S_TransferPaintBuffer@@YAXH@Z 0041e38e f   snd_mix.obj
 0001:0001d4f2       ?S_PaintChannels@@YAXH@Z   0041e4f2 f   snd_mix.obj
 0001:0001d76e       ?S_InitScaletable@@YAXXZ   0041e76e f   snd_mix.obj
 0001:0001d8b3       ?SV_ComputeAnimation@@YAXPAUplayer_state_t@@AAUentityStateEx_t@@PAU2@PAUedict_s@@@Z 0041e8b3 f   sv_anim.obj
 0001:0001dcb0       ?SV_ReadLevelFile@@YAXXZ   0041ecb0 f   sv_ccmds.obj
 0001:0001dd5e       ?SV_AddressBanned@@YA_NPAUnetadr_t@@@Z 0041ed5e f   sv_ccmds.obj
 0001:0001dd9f       ?SV_InitCommands@@YAXXZ    0041ed9f f   sv_ccmds.obj
 0001:0001f1b8       ?sprintf@?$TString@$0CI@@@QAAHPBDZZ 004201b8 f i sv_ccmds.obj
 0001:0001f1d1       ?SV_WriteFrameToClient@@YAXPAUclient_t@@PAVsizebuf_t@@@Z 004201d1 f   sv_ents.obj
 0001:0001f917       ?SV_RecordDemoMessage@@YAXXZ 00420917 f   sv_ents.obj
 0001:0001fae5       ?SV_MulticastOld@@YAXABUCVec3@@W4multicast_t@@@Z 00420ae5 f i sv_game.obj
 0001:0001faf8       ?SV_StartSoundOld@@YAXPBUCVec3@@PAUedict_s@@HHMMM@Z 00420af8 f i sv_game.obj
 0001:0002057c       ?SV_InitGameLibrary@@YAX_N@Z 0042157c f   sv_game.obj
 0001:0002086e       ?SV_ShutdownGameLibrary@@YAXXZ 0042186e f   sv_game.obj
 0001:000209cb       ?SV_FindIndex@@YAHPBDHH_N@Z 004219cb f   sv_init.obj
 0001:00020ada       ?SV_ModelIndex@@YAHPBD@Z   00421ada f   sv_init.obj
 0001:00020af0       ?SV_SoundIndex@@YAHPBD@Z   00421af0 f   sv_init.obj
 0001:00020b09       ?SV_ImageIndex@@YAHPBD@Z   00421b09 f   sv_init.obj
 0001:00020b22       ?SV_CreateBaseline@@YAXXZ  00421b22 f   sv_init.obj
 0001:00020b9f       ?SV_SpawnServer@@YAXPAD0W4server_state_t@@_N2@Z 00421b9f f   sv_init.obj
 0001:00020eca       ?SV_InitGame@@YAXXZ        00421eca f   sv_init.obj
 0001:000210f2       ?SV_Map@@YAX_NPBD0@Z       004220f2 f   sv_init.obj
 0001:000212b4       ?SV_DropClient@@YAXPAUclient_t@@PAD@Z 004222b4 f   sv_main.obj
 0001:00021c93       ??0COutputDeviceMem@@QAE@H@Z 00422c93 f i sv_main.obj
 0001:00021cc1       ?Write@COutputDeviceMem@@UAEXPBD@Z 00422cc1 f i sv_main.obj
 0001:00021d46       ??_GCOutputDeviceMem@@QAEPAXI@Z 00422d46 f i sv_main.obj
 0001:00021d71       ?SV_ConnectionlessPacket@@YAXXZ 00422d71 f   sv_main.obj
 0001:00021e3c       ?SV_CalcPings@@YAXXZ       00422e3c f   sv_main.obj
 0001:00021ec3       ?SV_GiveMsec@@YAXXZ        00422ec3 f   sv_main.obj
 0001:00021f02       ?SV_ReadPackets@@YAXXZ     00422f02 f   sv_main.obj
 0001:0002204a       ?SV_CheckTimeouts@@YAXXZ   0042304a f   sv_main.obj
 0001:0002215b       ?SV_PostprocessFrame@@YAXXZ 0042315b f   sv_main.obj
 0001:0002262e       ?SV_MulticastHook@@YAPAVsizebuf_t@@PAV1@0@Z 0042362e f   sv_main.obj
 0001:00022a1e       ?SV_TraceHook@@YA?AUtrace_t@@ABUCVec3@@PBU2@10PAUedict_s@@H@Z 00423a1e f   sv_main.obj
 0001:00022bbc       ?SV_Frame@@YAXM@Z          00423bbc f   sv_main.obj
 0001:00022e75       ?SV_UserinfoChanged@@YAXPAUclient_t@@@Z 00423e75 f   sv_main.obj
 0001:00022f36       ?SV_InitVars@@YAXXZ        00423f36 f   sv_main.obj
 0001:00022f45       ?SV_Init@@YAXXZ            00423f45 f   sv_main.obj
 0001:00022f9e       ?SV_Shutdown@@YAXPBD_N@Z   00423f9e f   sv_main.obj
 0001:000231ab       ?SV_ClientPrintf@@YAXPAUclient_t@@HPBDZZ 004241ab f   sv_send.obj
 0001:00023206       ?SV_BroadcastPrintf@@YAXHPBDZZ 00424206 f   sv_send.obj
 0001:000232dc       ?SV_BroadcastCommand@@YAXPBDZZ 004242dc f   sv_send.obj
 0001:00023336       ?SV_Multicast@@YAXABUCVec3@@W4multicast_t@@_N@Z 00424336 f   sv_send.obj
 0001:0002355c       ?SV_StartSound@@YAXPBUCVec3@@PAUedict_s@@HHMMM_N@Z 0042455c f   sv_send.obj
 0001:0002382c       ?SV_SendClientDatagram@@YA_NPAUclient_t@@@Z 0042482c f   sv_send.obj
 0001:000238ee       ?SV_DemoCompleted@@YAXXZ   004248ee f   sv_send.obj
 0001:0002390a       ?SV_SendClientMessages@@YAXXZ 0042490a f   sv_send.obj
 0001:00023aba       ?SV_DrawText3D@@YAXABUCVec3@@PBDI@Z 00424aba f   sv_text.obj
 0001:00023af1       ?SV_ClearTexts@@YAXXZ      00424af1 f   sv_text.obj
 0001:00023af9       ?SV_DrawTexts@@YAXXZ       00424af9 f   sv_text.obj
 0001:00023b4a       ??0?$TTextContainer@UCSVText@@$0BAAAA@@@QAE@XZ 00424b4a f i sv_text.obj
 0001:00023b6f       ?SV_TokenizeString@@YAXPBD@Z 00424b6f f   sv_tokenize.obj
 0001:00023c46       ?SV_Argc@@YAHXZ            00424c46 f   sv_tokenize.obj
 0001:00023c4c       ?SV_Argv@@YAPADH@Z         00424c4c f   sv_tokenize.obj
 0001:00023c66       ?SV_Args@@YAPADXZ          00424c66 f   sv_tokenize.obj
 0001:0002451a       ?SV_Nextserver@@YAXXZ      0042551a f   sv_user.obj
 0001:000245a9       ?SV_ClientThink@@YAXPAUclient_t@@PAUusercmd_t@@@Z 004255a9 f   sv_user.obj
 0001:000245ec       ?SV_ExecuteClientMessage@@YAXPAUclient_t@@@Z 004255ec f   sv_user.obj
 0001:000248c4       ?SV_ClearWorld@@YAXXZ      004258c4 f   sv_world.obj
 0001:000249ff       ?SV_UnlinkEdict@@YAXPAUedict_s@@@Z 004259ff f   sv_world.obj
 0001:00024ac2       ?SV_LinkEdict@@YAXPAUedict_s@@@Z 00425ac2 f   sv_world.obj
 0001:000250ad       ?SV_AreaEdicts@@YAHABUCVec3@@0PAPAUedict_s@@HH@Z 004260ad f   sv_world.obj
 0001:00025248       ?SV_PointContents@@YAHABUCVec3@@@Z 00426248 f   sv_world.obj
 0001:0002536f       ?SV_Trace@@YAXAAUtrace_t@@ABUCVec3@@1ABUCBox@@PAUedict_s@@H@Z 0042636f f   sv_world.obj
 0001:000257ee       ?InitByteDirs@@YAXXZ       004267ee f   anorms.obj
 0001:0002582d       ?Cbuf_AddText@@YAXPBD@Z    0042682d f   cmd.obj
 0001:0002588f       ?Cbuf_CopyToDefer@@YAXXZ   0042688f f   cmd.obj
 0001:000258d7       ?Cbuf_InsertFromDefer@@YAXXZ 004268d7 f   cmd.obj
 0001:00025990       ?Cbuf_Execute@@YAXXZ       00426990 f   cmd.obj
 0001:00025a96       ?Cmd_Unalias_f@@YAX_NHPAPAD@Z 00426a96 f   cmd.obj
 0001:00025b0c       ?Cmd_WriteAliases@@YAXPAVCOutputDevice@@@Z 00426b0c f   cmd.obj
 0001:00025b3c       ?RegisterCommand@@YA_NPBDP6AXXZI@Z 00426b3c f   cmd.obj
 0001:00025c1d       ?UnregisterCommand@@YA_NPBD@Z 00426c1d f   cmd.obj
 0001:00025cae       ?ExecuteCommand@@YA_NPBD@Z 00426cae f   cmd.obj
 0001:000260f1       ?ExecuteCommand@@YA_NPBDPBUCSimpleCommand@@H@Z 004270f1 f   cmd.obj
 0001:0002652e       ?CM_LoadMap@@YAPAUcmodel_t@@PBD_NPAI@Z 0042752e f   cmodel.obj
 0001:00026c98       ?SetSignbits@cplane_t@@QAEXXZ 00427c98 f i cmodel.obj
 0001:00026ccc       ?SetType@cplane_t@@QAEXXZ  00427ccc f i cmodel.obj
 0001:00026d41       ?CMod_LoadLeafBrushes@@YAXPAGH@Z 00427d41 f i cmodel.obj
 0001:00026e4f       ?CM_InlineModel@@YAPAUcmodel_t@@PBD@Z 00427e4f f   cmodel.obj
 0001:00026e90       ?CM_NumClusters@@YAHXZ     00427e90 f   cmodel.obj
 0001:00026e96       ?CM_NumInlineModels@@YAHXZ 00427e96 f   cmodel.obj
 0001:00026e9c       ?CM_EntityString@@YAPBDXZ  00427e9c f   cmodel.obj
 0001:00026ea2       ?CM_LeafContents@@YAHH@Z   00427ea2 f   cmodel.obj
 0001:00026ec9       ?CM_LeafCluster@@YAHH@Z    00427ec9 f   cmodel.obj
 0001:00026f3f       ?CM_LeafArea@@YAHH@Z       00427f3f f   cmodel.obj
 0001:00027102       ?CM_HeadnodeForBox@@YAHABUCBox@@@Z 00428102 f   cmodel.obj
 0001:000271b7       ?CM_PointLeafnum@@YAHABUCVec3@@H@Z 004281b7 f   cmodel.obj
 0001:0002725a       ?DistanceTo@cplane_t@@QAEMABUCVec3@@@Z 0042825a f i cmodel.obj
 0001:0002729e       ?CM_PointContents@@YAHABUCVec3@@H@Z 0042829e f   cmodel.obj
 0001:00027313       ?CM_TransformedPointContents@@YAHABUCVec3@@H00@Z 00428313 f   cmodel.obj
 0001:000273f4       ?CM_TransformedPointContents@@YAHABUCVec3@@H0ABUCAxis@@@Z 004283f4 f   cmodel.obj
 0001:0002749f       ?CM_BoxLeafnums@@YAHABUCBox@@PAHH1H@Z 0042849f f   cmodel.obj
 0001:000275b2       ?BOX_ON_PLANE_SIDE@@YAHABUCBox@@ABUcplane_t@@@Z 004285b2 f i cmodel.obj
 0001:0002761c       ?CM_BoxTrace@@YAXAAUtrace_t@@ABUCVec3@@1ABUCBox@@HH@Z 0042861c f   cmodel.obj
 0001:00027fb4       ?CM_TransformedBoxTrace@@YAXAAUtrace_t@@ABUCVec3@@1ABUCBox@@HH11@Z 00428fb4 f   cmodel.obj
 0001:00028131       ?CM_TransformedBoxTrace@@YAXAAUtrace_t@@ABUCVec3@@1ABUCBox@@HH1ABUCAxis@@@Z 00429131 f   cmodel.obj
 0001:000281ee       ?CM_BrushTrace@@YAHABUCVec3@@0PAHH@Z 004291ee f   cmodel.obj
 0001:000285de       ?CM_RefineBrushTrace@@YAHABUCVec3@@0PAHH@Z 004295de f   cmodel.obj
 0001:00028684       ?CM_ClusterPVS@@YAPAEH@Z   00429684 f   cmodel.obj
 0001:000287c8       ?CM_ClusterPHS@@YAPAEH@Z   004297c8 f   cmodel.obj
 0001:0002892b       ?CM_SetAreaPortalState@@YAXH_N@Z 0042992b f   cmodel.obj
 0001:00028950       ?CM_AreasConnected@@YA_NHH@Z 00429950 f   cmodel.obj
 0001:00028994       ?CM_WriteAreaBits@@YAHPAEH@Z 00429994 f   cmodel.obj
 0001:00028a36       ?CM_WritePortalState@@YAXPAU_iobuf@@@Z 00429a36 f   cmodel.obj
 0001:00028a50       ?CM_ReadPortalState@@YAXPAU_iobuf@@@Z 00429a50 f   cmodel.obj
 0001:00028a6e       ?CM_HeadnodeVisible@@YA_NHPBE@Z 00429a6e f   cmodel.obj
 0001:00028b49       ?Com_DPrintf@@YAXPBDZZ     00429b49 f   common.obj
 0001:00028bc2       ?DebugPrintf@@YAXPBDZZ     00429bc2 f   common.obj
 0001:00028c70       ?IPWildcard@@YA_NPAUnetadr_t@@PBD@Z 00429c70 f   common.obj
 0001:00028d47       ?Com_ServerState@@YA?AW4server_state_t@@XZ 00429d47 f   common.obj
 0001:00028d4d       ?Com_SetServerState@@YAXW4server_state_t@@@Z 00429d4d f   common.obj
 0001:00028d57       ?crand@@YAMXZ              00429d57 f   common.obj
 0001:00028d75       ?Info_ValueForKey@@YAPBDPBD0@Z 00429d75 f   common.obj
 0001:00028df4       ?Info_SetValueForKey@@YAXPADPBD1@Z 00429df4 f   common.obj
 0001:00028f57       ?Info_Print@@YAXPBD@Z      00429f57 f   common.obj
 0001:00028fdd       ?Com_CheckCmdlineVar@@YA_NPBD@Z 00429fdd f   common.obj
 0001:00029033       ?Com_Init@@YAXPBD@Z        0042a033 f   common.obj
 0001:000293da       ?Com_Frame@@YAXM@Z         0042a3da f   common.obj
 0001:000297dc       ?Com_BlockSequenceCRCByte@@YAEPAEHH@Z 0042a7dc f   crc.obj
 0001:00029892       ?Cvar_VariableValue@@YAMPBD@Z 0042a892 f   cvar.obj
 0001:00029900       ?Cvar_VariableInt@@YAHPBD@Z 0042a900 f   cvar.obj
 0001:00029913       ?Cvar_VariableString@@YAPBDPBD@Z 0042a913 f   cvar.obj
 0001:0002992b       ?Cvar_Get@@YAPAUcvar_t@@PBD0H@Z 0042a92b f   cvar.obj
 0001:00029bf2       ?Cvar_GetVars@@YAXPBUcvarInfo_t@@H@Z 0042abf2 f   cvar.obj
 0001:00029c9c       ?Cvar_FullSet@@YAXPAUcvar_t@@PBDI@Z 0042ac9c f   cvar.obj
 0001:00029cbb       ?Cvar_FullSet@@YAPAUcvar_t@@PBD0I@Z 0042acbb f   cvar.obj
 0001:00029cfb       ?Cvar_SetValue@@YAPAUcvar_t@@PBDM@Z 0042acfb f   cvar.obj
 0001:00029e92       ?Cvar_SetInteger@@YAPAUcvar_t@@PBDH@Z 0042ae92 f   cvar.obj
 0001:00029eb4       ?Cvar_Set@@YAPAUcvar_t@@PBD0@Z 0042aeb4 f   cvar.obj
 0001:00029ec9       ?Cvar_ForceSet@@YAPAUcvar_t@@PBD0@Z 0042aec9 f   cvar.obj
 0001:00029ede       ?Cvar_Clamp@@YAMPAUcvar_t@@MM@Z 0042aede f   cvar.obj
 0001:00029f3c       ?Cvar_Command@@YA_NHPAPAD@Z 0042af3c f   cvar.obj
 0001:00029fd5       ?IsDefault@cvar_t@@QAE_NXZ 0042afd5 f i cvar.obj
 0001:00029ff2       ?Cvar_WriteVariables@@YAXPAVCOutputDevice@@HHPBD@Z 0042aff2 f   cvar.obj
 0001:0002a078       ?Cvar_BitInfo@@YAPBDI@Z    0042b078 f   cvar.obj
 0001:0002a0ca       ?Cvar_Cheats@@YAX_N@Z      0042b0ca f   cvar.obj
 0001:0002a93d       ?MSG_WriteDeltaEntity@@YAXPAVsizebuf_t@@PBUentityStateEx_t@@PAU2@_N33@Z 0042b93d f   entdelta.obj
 0001:0002aef9       ?MSG_WriteRemoveEntity@@YAXPAVsizebuf_t@@H@Z 0042bef9 f   entdelta.obj
 0001:0002af39       ?MSG_ReadEntityBits@@YAHPAVsizebuf_t@@PAIPA_N@Z 0042bf39 f   entdelta.obj
 0001:0002afaa       ?MSG_ReadDeltaEntity@@YAXPAVsizebuf_t@@PBUentityStateEx_t@@PAU2@I@Z 0042bfaa f   entdelta.obj
 0001:0002b02d       ?MSG_WriteDeltaUsercmd@@YAXPAVsizebuf_t@@PBUusercmd_t@@PAU2@@Z 0042c02d f   entdelta.obj
 0001:0002b0bc       ?MSG_ReadDeltaUsercmd@@YAXPAVsizebuf_t@@PBUusercmd_t@@PAU2@@Z 0042c0bc f   entdelta.obj
 0001:0002b3bf       ?MSG_WriteDeltaPlayerstate@@YAXPAVsizebuf_t@@PBUplayer_state_t@@PAU2@@Z 0042c3bf f   entdelta.obj
 0001:0002b4c8       ?MSG_ReadDeltaPlayerstate@@YAXPAVsizebuf_t@@PBUplayer_state_t@@PAU2@@Z 0042c4c8 f   entdelta.obj
 0001:0002b582       ?LoadPCX@@YAXPBDAAPAE1AAH2@Z 0042c582 f   images.obj
 0001:0002b6bd       ?LoadTGA@@YAXPBDAAPAEAAH2@Z 0042c6bd f   images.obj
 0001:0002b897       ?LoadJPG@@YAXPBDAAPAEAAH2@Z 0042c897 f   images.obj
 0001:0002bb28       ?ImageExists@@YAHPBDH@Z    0042cb28 f   images.obj
 0001:0002bc4c       ?WriteTGA@@YA_NPBDPAEHH@Z  0042cc4c f   images.obj
 0001:0002be40       ?WriteJPG@@YA_NPBDPAEHH_N@Z 0042ce40 f   images.obj
 0001:0002bf71       ?MD4Init@@YAXPAUMD4_CTX@@@Z 0042cf71 f   md4.obj
 0001:0002bf99       ?MD4Update@@YAXPAUMD4_CTX@@PAEI@Z 0042cf99 f   md4.obj
 0001:0002c037       ?MD4Final@@YAXQAEPAUMD4_CTX@@@Z 0042d037 f   md4.obj
 0001:0002c728       ?Com_BlockChecksum@@YAIPAXH@Z 0042d728 f   md4.obj
 0001:0002c764       ?LoadQ2BspFile@@YAXXZ      0042d764 f   model.obj
 0001:0002cb1a       ?LoadBspFile@@YAPAUbspfile_t@@PBD_NPAI@Z 0042db1a f   model.obj
 0001:0002ccd3       ?ProcessEntstring@@YAPADPAD@Z 0042dcd3 f   model.obj
 0001:0002db7c       ?Init@sizebuf_t@@QAEXPAXH@Z 0042eb7c f   msg.obj
 0001:0002db97       ?Write@sizebuf_t@@QAEXPBXH@Z 0042eb97 f   msg.obj
 0001:0002dc07       ?MSG_WriteChar@@YAXPAVsizebuf_t@@H@Z 0042ec07 f   msg.obj
 0001:0002dc07       ?MSG_WriteByte@@YAXPAVsizebuf_t@@H@Z 0042ec07 f   msg.obj
 0001:0002dc18       ?MSG_WriteShort@@YAXPAVsizebuf_t@@H@Z 0042ec18 f   msg.obj
 0001:0002dc29       ?MSG_WriteFloat@@YAXPAVsizebuf_t@@M@Z 0042ec29 f   msg.obj
 0001:0002dc29       ?MSG_WriteLong@@YAXPAVsizebuf_t@@H@Z 0042ec29 f   msg.obj
 0001:0002dc3a       ?MSG_WriteString@@YAXPAVsizebuf_t@@PBD@Z 0042ec3a f   msg.obj
 0001:0002dc64       ?MSG_WritePos@@YAXPAVsizebuf_t@@ABUCVec3@@@Z 0042ec64 f   msg.obj
 0001:0002dcc8       ?MSG_WriteAngle@@YAXPAVsizebuf_t@@M@Z 0042ecc8 f   msg.obj
 0001:0002dcf3       ?MSG_WriteAngle16@@YAXPAVsizebuf_t@@M@Z 0042ecf3 f   msg.obj
 0001:0002dd1e       ?MSG_WriteDir@@YAXPAVsizebuf_t@@ABUCVec3@@@Z 0042ed1e f   msg.obj
 0001:0002dd86       ?MSG_ReadDir@@YAXPAVsizebuf_t@@AAUCVec3@@@Z 0042ed86 f   msg.obj
 0001:0002ddb7       ?MSG_ReadChar@@YAHPAVsizebuf_t@@@Z 0042edb7 f   msg.obj
 0001:0002ddd7       ?MSG_ReadByte@@YAHPAVsizebuf_t@@@Z 0042edd7 f   msg.obj
 0001:0002ddf7       ?MSG_ReadShort@@YAHPAVsizebuf_t@@@Z 0042edf7 f   msg.obj
 0001:0002de17       ?MSG_ReadLong@@YAHPAVsizebuf_t@@@Z 0042ee17 f   msg.obj
 0001:0002de36       ?MSG_ReadString@@YAPADPAVsizebuf_t@@@Z 0042ee36 f   msg.obj
 0001:0002de69       ?MSG_ReadPos@@YAXPAVsizebuf_t@@AAUCVec3@@@Z 0042ee69 f   msg.obj
 0001:0002debb       ?MSG_ReadAngle@@YAMPAVsizebuf_t@@@Z 0042eebb f   msg.obj
 0001:0002ded5       ?MSG_ReadAngle16@@YAMPAVsizebuf_t@@@Z 0042eed5 f   msg.obj
 0001:0002deef       ?MSG_ReadData@@YAXPAVsizebuf_t@@PAXH@Z 0042eeef f   msg.obj
 0001:0002df12       ?Netchan_Init@@YAXXZ       0042ef12 f   net_chan.obj
 0001:0002df81       ?Netchan_OutOfBandPrint@@YAXW4netsrc_t@@Unetadr_t@@PBDZZ 0042ef81 f   net_chan.obj
 0001:0002e006       ?Setup@netchan_t@@QAEXW4netsrc_t@@Unetadr_t@@H@Z 0042f006 f   net_chan.obj
 0001:0002e05b       ?NeedReliable@netchan_t@@QAE_NXZ 0042f05b f   net_chan.obj
 0001:0002e080       ?Transmit@netchan_t@@QAEXPAXH@Z 0042f080 f   net_chan.obj
 0001:0002e216       ?Process@netchan_t@@QAE_NPAVsizebuf_t@@@Z 0042f216 f   net_chan.obj
 0001:0002e343       ?Pmove@@YAXPAUpmove_t@@@Z  0042f343 f   pmove.obj
 0001:0003002c       ?NormalizeColor@@YAMABUCVec3@@AAU1@@Z 0043102c f   q_shared2.obj
 0001:00030088       ?NormalizeColor255@@YAMABUCVec3@@AAU1@@Z 00431088 f   q_shared2.obj
 0001:000300e8       ?appRsqrt@@YAMM@Z          004310e8 f   q_shared2.obj
 0001:00030114       ?AngleVectors@@YAXABUCVec3@@PAU1@11@Z 00431114 f   q_shared2.obj
 0001:00030275       ?MakeNormalVectors@@YAXABUCVec3@@AAU1@1@Z 00431275 f   q_shared2.obj
 0001:000302e4       ?Vec2Angles@@YAXABUCVec3@@AAU1@@Z 004312e4 f   q_shared2.obj
 0001:000303e7       ?Vec2Yaw@@YAMABUCVec3@@@Z  004313e7 f   q_shared2.obj
 0001:0003045a       ?VectorLength@@YAMABUCVec3@@@Z 0043145a f   q_shared2.obj
 0001:00030489       ?VectorDistance@@YAMABUCVec3@@0@Z 00431489 f   q_shared2.obj
 0001:000304ba       ?LerpAngle@@YAMMMM@Z       004314ba f   q_shared2.obj
 0001:000304fd       ?AngleMod@@YAMM@Z          004314fd f   q_shared2.obj
 0001:00030529       ?AngleSubtract@@YAMMM@Z    00431529 f   q_shared2.obj
 0001:00030560       ?AnglesSubtract@@YAXABUCVec3@@0AAU1@@Z 00431560 f   q_shared2.obj
 0001:000305b8       ?Normalize@CVec3@@QAEMXZ   004315b8 f   q_shared2.obj
 0001:0003060a       ?VectorNormalize@@YAMABUCVec3@@AAU1@@Z 0043160a f   q_shared2.obj
 0001:00030662       ?NormalizeFast@CVec3@@QAEMXZ 00431662 f   q_shared2.obj
 0001:000306b3       ?cross@@YAXABUCVec3@@0AAU1@@Z 004316b3 f   q_shared2.obj
 0001:000306ee       ?Clear@CBox@@QAEXXZ        004316ee f   q_shared2.obj
 0001:0003070c       ?Expand@CBox@@QAEXABUCVec3@@@Z 0043170c f   q_shared2.obj
 0001:0003073b       ?Expand@CBox@@QAEXABU1@@Z  0043173b f   q_shared2.obj
 0001:00030777       ?GetCenter@CBox@@QAEXAAUCVec3@@@Z 00431777 f   q_shared2.obj
 0001:00030797       ?OnPlaneSide@CBox@@QBEHABUcplane_t@@@Z 00431797 f   q_shared2.obj
 0001:000308c6       ?FromAngles@CAxis@@QAEXABUCVec3@@@Z 004318c6 f   q_shared2.obj
 0001:00030905       ?TransformVector@CAxis@@QBEXABUCVec3@@AAU2@@Z 00431905 f   q_shared2.obj
 0001:00030956       ?UnTransformVector@CAxis@@QBEXABUCVec3@@AAU2@@Z 00431956 f   q_shared2.obj
 0001:000309ba       ?TransformAxis@CAxis@@QBEXABU1@AAU1@@Z 004319ba f   q_shared2.obj
 0001:00030a00       ?UnTransformAxis@CAxis@@QBEXABU1@AAU1@@Z 00431a00 f   q_shared2.obj
 0001:00030a46       ?TransformPoint@CCoords@@QBEXABUCVec3@@AAU2@@Z 00431a46 f   q_shared2.obj
 0001:00030aa4       ?UnTransformPoint@CCoords@@QBEXABUCVec3@@AAU2@@Z 00431aa4 f   q_shared2.obj
 0001:00030b11       ?UnTransformCoords@CCoords@@QBEXABU1@AAU1@@Z 00431b11 f   q_shared2.obj
 0001:00030b3b       ?TransformPlane@CCoords@@QBEXABUcplane_t@@AAU2@@Z 00431b3b f   q_shared2.obj
 0001:00030b73       ?TransformPoint@@YAXABUCVec3@@ABUCAxis@@0AAU1@@Z 00431b73 f   q_shared2.obj
 0001:00030bd6       ?UnTransformPoint@@YAXABUCVec3@@ABUCAxis@@0AAU1@@Z 00431bd6 f   q_shared2.obj
 0001:00030c46       ?COM_Parse@@YAPADAAPBD_N@Z 00431c46 f   q_shared2.obj
 0001:00030d66       ?COM_QuoteString@@YAPBDPBD_N@Z 00431d66 f   q_shared2.obj
 0001:00030dd8       ?FileExists@CQuakeFileSystem@@UAE_NPBDI@Z 00431dd8 f i QuakeFileSystem.obj
 0001:00030e3f       ?CheckFilename@CQuakeFileSystem@@AAEXPBD@Z 00431e3f f i QuakeFileSystem.obj
 0001:00030ede       ?OpenFile@CQuakeFileSystem@@UAEPAVCFile@@PBDI@Z 00431ede f i QuakeFileSystem.obj
 0001:00030f6e       ?List@CQuakeFileSystem@@UAEPAVCFileList@@PBDIPAV2@@Z 00431f6e f i QuakeFileSystem.obj
 0001:00030fe9       ?FS_Gamedir@@YAPBDXZ       00431fe9 f   QuakeFileSystem.obj
 0001:00030fef       ?FS_NextPath@@YAPBDPBD@Z   00431fef f   QuakeFileSystem.obj
 0001:0003102f       ?FS_CopyFile@@YAXPBD0@Z    0043202f f   QuakeFileSystem.obj
 0001:00031105       ?FS_CopyFiles@@YAXPBD0@Z   00432105 f   QuakeFileSystem.obj
 0001:0003121f       ?FS_RemoveFiles@@YAXPBD@Z  0043221f f   QuakeFileSystem.obj
 0001:000312da       ?InitFileSystem@@YAXXZ     004322da f   QuakeFileSystem.obj
 0001:0003140e       ?Create@CFileContainerPak@@SAPAVCFileContainer@@PBDPAU_iobuf@@@Z 0043240e f i QuakeFileSystem.obj
 0001:00031577       ??0CFileContainerArc@@QAE@XZ 00432577 f i QuakeFileSystem.obj
 0001:000315be       ?GetType@CFileContainerPak@@MAEPBDXZ 004325be f i QuakeFileSystem.obj
 0001:000315c4       ?OpenFile@CFileContainerPak@@MAEPAVCFile@@ABVCStringItem@@@Z 004325c4 f i QuakeFileSystem.obj
 0001:00031611       ?Read@CFilePak@CFileContainerPak@@UAEHPAXH@Z 00432611 f i QuakeFileSystem.obj
 0001:0003164a       ?GetSize@CFilePak@CFileContainerPak@@UAEHXZ 0043264a f i QuakeFileSystem.obj
 0001:00031651       ?Eof@CFilePak@CFileContainerPak@@UAE_NXZ 00432651 f i QuakeFileSystem.obj
 0001:0003165e       ??_GCFilePak@CFileContainerPak@@UAEPAXI@Z 0043265e f i QuakeFileSystem.obj
 0001:0003165e       ??_ECFilePak@CFileContainerPak@@UAEPAXI@Z 0043265e f i QuakeFileSystem.obj
 0001:00031690       ??_ECFileContainerPak@@UAEPAXI@Z 00432690 f i QuakeFileSystem.obj
 0001:00031690       ??_GCFileContainerPak@@UAEPAXI@Z 00432690 f i QuakeFileSystem.obj
 0001:00031690       ??_ECFileContainerZip@@UAEPAXI@Z 00432690 f i QuakeFileSystem.obj
 0001:00031690       ??_ECZResource@@UAEPAXI@Z  00432690 f i QuakeFileSystem.obj
 0001:00031690       ??_GCFileContainerZip@@UAEPAXI@Z 00432690 f i QuakeFileSystem.obj
 0001:00031690       ??_GCZResource@@UAEPAXI@Z  00432690 f i QuakeFileSystem.obj
 0001:00031690       ??_ECFileContainerArc@@UAEPAXI@Z 00432690 f i QuakeFileSystem.obj
 0001:00031690       ??_GCFileContainerArc@@UAEPAXI@Z 00432690 f i QuakeFileSystem.obj
 0001:000316bc       ?Create@CFileContainerZip@@SAPAVCFileContainer@@PBDPAU_iobuf@@@Z 004326bc f i QuakeFileSystem.obj
 0001:000319c6       ?GetType@CFileContainerZip@@MAEPBDXZ 004329c6 f i QuakeFileSystem.obj
 0001:000319cc       ?OpenFile@CFileContainerZip@@MAEPAVCFile@@ABVCStringItem@@@Z 004329cc f i QuakeFileSystem.obj
 0001:00031a68       ??0CFilePak@CFileContainerZip@@QAE@ABVCFileInfo@1@PAU_iobuf@@@Z 00432a68 f i QuakeFileSystem.obj
 0001:00031ab8       ?Read@CFilePak@CFileContainerZip@@UAEHPAXH@Z 00432ab8 f i QuakeFileSystem.obj
 0001:00031c01       ?GetSize@CFilePak@CFileContainerZip@@UAEHXZ 00432c01 f i QuakeFileSystem.obj
 0001:00031c0b       ?Eof@CFilePak@CFileContainerZip@@UAE_NXZ 00432c0b f i QuakeFileSystem.obj
 0001:00031c1e       ??_GCFilePak@CFileContainerZip@@UAEPAXI@Z 00432c1e f i QuakeFileSystem.obj
 0001:00031c1e       ??_ECFilePak@CFileContainerZip@@UAEPAXI@Z 00432c1e f i QuakeFileSystem.obj
 0001:00031c3a       ??1CFilePak@CFileContainerZip@@UAE@XZ 00432c3a f i QuakeFileSystem.obj
 0001:00031ca9       ?Mount@CZResource@@SAPAVCFileContainer@@PBDPBE0PAVCFileSystem@@@Z 00432ca9 f i QuakeFileSystem.obj
 0001:00031e55       ?GetType@CZResource@@MAEPBDXZ 00432e55 f i QuakeFileSystem.obj
 0001:00031e5b       ?OpenFile@CZResource@@MAEPAVCFile@@ABVCStringItem@@@Z 00432e5b f i QuakeFileSystem.obj
 0001:00031e89       ??0CFileRes@CZResource@@QAE@ABVCFileInfo@1@PBXH@Z 00432e89 f i QuakeFileSystem.obj
 0001:00031f3c       ?Read@CFileRes@CZResource@@UAEHPAXH@Z 00432f3c f i QuakeFileSystem.obj
 0001:00031f8e       ?GetSize@CFileRes@CZResource@@UAEHXZ 00432f8e f i QuakeFileSystem.obj
 0001:00031f95       ?Eof@CFileRes@CZResource@@UAE_NXZ 00432f95 f i QuakeFileSystem.obj
 0001:00031fa2       ??_GCFileRes@CZResource@@UAEPAXI@Z 00432fa2 f i QuakeFileSystem.obj
 0001:00031fa2       ??_ECFileRes@CZResource@@UAEPAXI@Z 00432fa2 f i QuakeFileSystem.obj
 0001:00031fd1       ?MountGame@CQuakeFileSystem@@QAEXPBD@Z 00432fd1 f i QuakeFileSystem.obj
 0001:0003201c       ?SetGameDir@CQuakeFileSystem@@QAE_NPBD@Z 0043301c f i QuakeFileSystem.obj
 0001:0003221c       ?FS_Tick@@YAXXZ            0043321c f   QuakeFileSystem.obj
 0001:00032361       ?CDAudio_Play@@YAXH_N@Z    00433361 f   cd_win.obj
 0001:0003254f       ?CDAudio_Stop@@YAXXZ       0043354f f   cd_win.obj
 0001:00032610       ?CDAudio_Update@@YAXXZ     00433610 f   cd_win.obj
 0001:000326b3       ?CDAudio_Init@@YA_NXZ      004336b3 f   cd_win.obj
 0001:00032ad4       ?CDAudio_Shutdown@@YAXXZ   00433ad4 f   cd_win.obj
 0001:00032af7       ?CDAudio_Activate@@YAX_N@Z 00433af7 f   cd_win.obj
 0001:00032b08       ?IN_Init@@YAXXZ            00433b08 f   in_win.obj
 0001:00032d95       ?IN_Shutdown@@YAXXZ        00433d95 f   in_win.obj
 0001:00032ff1       ?IN_Activate@@YAX_N@Z      00433ff1 f   in_win.obj
 0001:00032ffb       ?IN_Frame@@YAXXZ           00433ffb f   in_win.obj
 0001:0003335d       ?IN_Move@@YAXPAUusercmd_t@@@Z 0043435d f   in_win.obj
 0001:00033806       ?NET_CompareAdr@@YA_NPAUnetadr_t@@0@Z 00434806 f   net_wins.obj
 0001:0003383c       ?NET_CompareBaseAdr@@YA_NPAUnetadr_t@@0@Z 0043483c f   net_wins.obj
 0001:00033865       ?NET_AdrToString@@YAPBDPAUnetadr_t@@@Z 00434865 f   net_wins.obj
 0001:000338a8       ?NET_StringToAdr@@YA_NPBDPAUnetadr_t@@F@Z 004348a8 f   net_wins.obj
 0001:000339bc       ?NET_IsLocalAddress@@YA_NPAUnetadr_t@@@Z 004349bc f   net_wins.obj
 0001:000339c8       ?NET_GetPacket@@YA_NW4netsrc_t@@PAUnetadr_t@@PAVsizebuf_t@@@Z 004349c8 f   net_wins.obj
 0001:00033b23       ?NET_SendPacket@@YAXW4netsrc_t@@HPAXUnetadr_t@@@Z 00434b23 f   net_wins.obj
 0001:00033c3e       ?NET_Config@@YAX_N@Z       00434c3e f   net_wins.obj
 0001:00033e16       ?NET_Init@@YAXXZ           00434e16 f   net_wins.obj
 0001:00033ec9       ?SNDDMA_Init@@YA_NXZ       00434ec9 f   snd_win.obj
 0001:00034508       ?SNDDMA_GetDMAPos@@YAHXZ   00435508 f   snd_win.obj
 0001:00034552       ?SNDDMA_BeginPainting@@YAXXZ 00435552 f   snd_win.obj
 0001:0003466a       ?SNDDMA_Submit@@YAXXZ      0043566a f   snd_win.obj
 0001:0003468f       ?SNDDMA_Shutdown@@YAXXZ    0043568f f   snd_win.obj
 0001:00034694       ?S_Activate@@YAX_N@Z       00435694 f   snd_win.obj
 0001:000346dd       ?Write@COutputDeviceWin32Console@@UAEXPBD@Z 004356dd f i sys_win.obj
 0001:00034755       ?EraseInput@COutputDeviceWin32Console@@QAEXXZ 00435755 f i sys_win.obj
 0001:000347c4       ?Sys_ConsoleInput@@YAPADXZ 004357c4 f   sys_win.obj
 0001:00034a4d       ?Sys_ProcessMessages@@YAXXZ 00435a4d f   sys_win.obj
 0001:00034b06       _WinMain@16                00435b06 f   sys_win.obj
 0001:00034e46       ?Init@COutputDeviceWin32Console@@QAEXXZ 00435e46 f i sys_win.obj
 0001:00034e70       ?AddMsgHook@@YAXP6A_NIIJ@Z@Z 00435e70 f   vid_dll.obj
 0001:00034eb4       ?RemoveMsgHook@@YAXP6A_NIIJ@Z@Z 00435eb4 f   vid_dll.obj
 0001:00034ee3       ?Vid_CreateWindow@@YAPAXHH_N@Z 00435ee3 f   vid_dll.obj
 0001:000355f3       ?Vid_DestroyWindow@@YAX_N@Z 004365f3 f   vid_dll.obj
 0001:0003562f       ?Vid_Restart@@YAXXZ        0043662f f   vid_dll.obj
 0001:0003563b       ?Vid_GetModeInfo@@YA_NPAH0H@Z 0043663b f   vid_dll.obj
 0001:0003566b       ?Vid_Tick@@YAXXZ           0043666b f   vid_dll.obj
 0001:0003581b       ?Vid_Init@@YAXXZ           0043681b f   vid_dll.obj
 0001:000358be       ?Vid_Shutdown@@YAXXZ       004368be f   vid_dll.obj
 0001:000358dd       ?Tesselate@surfacePlanar_t@OpenGLDrv@@UAEXAAUrefEntity_t@2@@Z 004368dd f   gl_backend.obj
 0001:000362b9       ?Negate@CVec3@@QAEXXZ      004372b9 f i gl_backend.obj
 0001:00037ef1       ?Tesselate@surfacePoly_t@OpenGLDrv@@UAEXAAUrefEntity_t@2@@Z 00438ef1 f   gl_backend.obj
 0001:00037ff8       ?Tesselate@surfaceMd3_t@OpenGLDrv@@UAEXAAUrefEntity_t@2@@Z 00438ff8 f   gl_backend.obj
 0001:00038387       ?DrawTriangles@OpenGLDrv@@YA_NXZ 00439387 f   gl_backend.obj
 0001:0003849c       ?DrawNormals@OpenGLDrv@@YA_NXZ 0043949c f   gl_backend.obj
 0001:000385a6       ?Tesselate@surfaceEntity_t@OpenGLDrv@@UAEXAAUrefEntity_t@2@@Z 004395a6 f   gl_backend.obj
 0001:0003868a       ?Tesselate@surfaceParticle_t@OpenGLDrv@@UAEXAAUrefEntity_t@2@@Z 0043968a f   gl_backend.obj
 0001:000388da       ?BK_DrawScene@OpenGLDrv@@YAXXZ 004398da f   gl_backend.obj
 0001:00038f02       ?BK_DrawPic@OpenGLDrv@@YAXPAVshader_t@1@HHHHMMMMIE@Z 00439f02 f   gl_backend.obj
 0001:000390e3       ?BK_DrawText@OpenGLDrv@@YAXPBDHHHHHI@Z 0043a0e3 f   gl_backend.obj
 0001:000392d8       ?BK_BeginFrame@OpenGLDrv@@YAXXZ 0043a2d8 f   gl_backend.obj
 0001:0003933c       ?BK_EndFrame@OpenGLDrv@@YAXXZ 0043a33c f   gl_backend.obj
 0001:0003937b       ?BK_Init@OpenGLDrv@@YAXXZ  0043a37b f   gl_backend.obj
 0001:000393aa       ?BK_Shutdown@OpenGLDrv@@YAXXZ 0043a3aa f   gl_backend.obj
 0001:000393c2       ?AllocDynamicMemory@OpenGLDrv@@YAPAXH@Z 0043a3c2 f   gl_buffers.obj
 0001:0003942d       ?ResizeDynamicMemory@OpenGLDrv@@YAXPAXH@Z 0043a42d f   gl_buffers.obj
 0001:0003946f       ?AddSurfaceToPortal@OpenGLDrv@@YAXPAVsurfaceBase_t@1@PAVshader_t@1@HH@Z 0043a46f f   gl_buffers.obj
 0001:000394e0       ?InsertShaderIndex@OpenGLDrv@@YAXH@Z 0043a4e0 f   gl_buffers.obj
 0001:00039519       ?ClearPortal@OpenGLDrv@@YAXXZ 0043a519 f   gl_buffers.obj
 0001:00039537       ?SortSurfaces@OpenGLDrv@@YAXPAUviewPortal_t@1@PAPAUsurfaceInfo_t@1@@Z 0043a537 f   gl_buffers.obj
 0001:000396c9       ?ClearBuffers@OpenGLDrv@@YAXXZ 0043a6c9 f   gl_buffers.obj
 0001:000396e0       ?CreateBuffers@OpenGLDrv@@YAXXZ 0043a6e0 f   gl_buffers.obj
 0001:00039706       ?FreeBuffers@OpenGLDrv@@YAXXZ 0043a706 f   gl_buffers.obj
 0001:0003972a       ?InitEntity@model_t@OpenGLDrv@@UAE_NPAUentity_t@@PAUrefEntity_t@2@@Z 0043a72a f   gl_frontend.obj
 0001:0003972f       ?AddSurfaces@model_t@OpenGLDrv@@UAEXPAUrefEntity_t@2@@Z 0043a72f f   gl_frontend.obj
 0001:0003975d       ?GetLeaf@model_t@OpenGLDrv@@UAEPAUnode_t@2@PAUrefEntity_t@2@@Z 0043a75d f   gl_frontend.obj
 0001:0003976e       ?DrawLabel@model_t@OpenGLDrv@@UAEXPAUrefEntity_t@2@@Z 0043a76e f   gl_frontend.obj
 0001:00039771       ?InitEntity@inlineModel_t@OpenGLDrv@@UAE_NPAUentity_t@@PAUrefEntity_t@2@@Z 0043a771 f   gl_frontend.obj
 0001:000397c3       ?AddSurfaces@inlineModel_t@OpenGLDrv@@UAEXPAUrefEntity_t@2@@Z 0043a7c3 f   gl_frontend.obj
 0001:00039cb1       ?GetLeaf@inlineModel_t@OpenGLDrv@@UAEPAUnode_t@2@PAUrefEntity_t@2@@Z 0043acb1 f   gl_frontend.obj
 0001:00039e56       ?DrawLabel@inlineModel_t@OpenGLDrv@@UAEXPAUrefEntity_t@2@@Z 0043ae56 f   gl_frontend.obj
 0001:00039e9c       ?InitEntity@md3Model_t@OpenGLDrv@@UAE_NPAUentity_t@@PAUrefEntity_t@2@@Z 0043ae9c f   gl_frontend.obj
 0001:0003a07a       ?AddSurfaces@md3Model_t@OpenGLDrv@@UAEXPAUrefEntity_t@2@@Z 0043b07a f   gl_frontend.obj
 0001:0003a1b4       ?GetLeaf@md3Model_t@OpenGLDrv@@UAEPAUnode_t@2@PAUrefEntity_t@2@@Z 0043b1b4 f   gl_frontend.obj
 0001:0003a1ec       ?DrawLabel@md3Model_t@OpenGLDrv@@UAEXPAUrefEntity_t@2@@Z 0043b1ec f   gl_frontend.obj
 0001:0003a252       ?InitEntity@sprModel_t@OpenGLDrv@@UAE_NPAUentity_t@@PAUrefEntity_t@2@@Z 0043b252 f   gl_frontend.obj
 0001:0003a272       ?AddSurfaces@sprModel_t@OpenGLDrv@@UAEXPAUrefEntity_t@2@@Z 0043b272 f   gl_frontend.obj
 0001:0003a3f5       ?GetLeaf@sprModel_t@OpenGLDrv@@UAEPAUnode_t@2@PAUrefEntity_t@2@@Z 0043b3f5 f   gl_frontend.obj
 0001:0003a4d6       ?AddEntity@OpenGLDrv@@YAXPAUentity_t@@@Z 0043b4d6 f   gl_frontend.obj
 0001:0003a665       ?AddDlight@OpenGLDrv@@YAXPAUdlight_t@@@Z 0043b665 f   gl_frontend.obj
 0001:0003a81d       ?DrawPortal@OpenGLDrv@@YAXXZ 0043b81d f   gl_frontend.obj
 0001:0003c7e7       ?GL_TextureMode@OpenGLDrv@@YAXPBD@Z 0043d7e7 f   gl_image.obj
 0001:0003c88f       ?CreateImage@OpenGLDrv@@YAPAVimage_t@1@PBDPAXHHI@Z 0043d88f f   gl_image.obj
 0001:0003d630       ?LoadDelayedImages@OpenGLDrv@@YAXXZ 0043e630 f   gl_image.obj
 0001:0003d6c3       ?DrawStretchRaw8@OpenGLDrv@@YAXHHHHHHPAEPAI@Z 0043e6c3 f   gl_image.obj
 0001:0003da9a       ?SetupGamma@OpenGLDrv@@YAXXZ 0043ea9a f   gl_image.obj
 0001:0003dbe0       ?PerformScreenshot@OpenGLDrv@@YAXXZ 0043ebe0 f   gl_image.obj
 0001:0003de50       ?InitImages@OpenGLDrv@@YAXXZ 0043ee50 f   gl_image.obj
 0001:0003e62d       ?ShutdownImages@OpenGLDrv@@YAXXZ 0043f62d f   gl_image.obj
 0001:0003e694       ?ShowImages@OpenGLDrv@@YAXXZ 0043f694 f   gl_image.obj
 0001:0003e920       ?FindImage@OpenGLDrv@@YAPAVimage_t@1@PBDI@Z 0043f920 f   gl_image.obj
 0001:0003ec9c       ?GL_Lock@OpenGLDrv@@YAXXZ  0043fc9c f   gl_interface.obj
 0001:0003ed14       ?GL_Unlock@OpenGLDrv@@YAXXZ 0043fd14 f   gl_interface.obj
 0001:0003eed6       ?GL_Bind@OpenGLDrv@@YAXPBVimage_t@1@@Z 0043fed6 f   gl_interface.obj
 0001:0003f000       ?GL_BindForce@OpenGLDrv@@YAXPBVimage_t@1@@Z 00440000 f   gl_interface.obj
 0001:0003f07e       ?GL_TexEnv@OpenGLDrv@@YAXI@Z 0044007e f   gl_interface.obj
 0001:0003f1fd       ?GL_TexMipBias@OpenGLDrv@@YAXM@Z 004401fd f   gl_interface.obj
 0001:0003f258       ?GL_TexEnvColor@OpenGLDrv@@YAXPBTcolor_t@@@Z 00440258 f   gl_interface.obj
 0001:0003f308       ?GL_SelectTexture@OpenGLDrv@@YAXH@Z 00440308 f   gl_interface.obj
 0001:0003f369       ?GL_TexCoordPointer@OpenGLDrv@@YAXPAX@Z 00440369 f   gl_interface.obj
 0001:0003f399       ?GL_SetMultitexture@OpenGLDrv@@YAXH@Z 00440399 f   gl_interface.obj
 0001:0003f47f       ?GL_DisableTexCoordArrays@OpenGLDrv@@YAXXZ 0044047f f   gl_interface.obj
 0001:0003f4d3       ?GL_CullFace@OpenGLDrv@@YAXW4gl_cullMode_t@1@@Z 004404d3 f   gl_interface.obj
 0001:0003f524       ?GL_DepthRange@OpenGLDrv@@YAXW4gl_depthMode_t@1@@Z 00440524 f   gl_interface.obj
 0001:0003f557       ?GL_State@OpenGLDrv@@YAXI@Z 00440557 f   gl_interface.obj
 0001:0003f6a7       ?GL_EnableFog@OpenGLDrv@@YAX_N@Z 004406a7 f   gl_interface.obj
 0001:0003f79f       ?GL_SetDefaultState@OpenGLDrv@@YAXXZ 0044079f f   gl_interface.obj
 0001:0003f8fb       ?GL_Set2DMode@OpenGLDrv@@YAXXZ 004408fb f   gl_interface.obj
 0001:0003f9f6       ?GL_Set3DMode@OpenGLDrv@@YAXPAUviewPortal_t@1@@Z 004409f6 f   gl_interface.obj
 0001:0003fade       ?ShowLights@OpenGLDrv@@YAXXZ 00440ade f   gl_light.obj
 0001:0003fec7       ?LightForEntity@OpenGLDrv@@YAXPAUrefEntity_t@1@@Z 00440ec7 f   gl_light.obj
 0001:00041159       ?DiffuseLight@OpenGLDrv@@YAXPATcolor_t@@M@Z 00442159 f   gl_light.obj
 0001:000413a5       ?InitLightGrid@OpenGLDrv@@YAXXZ 004423a5 f   gl_light.obj
 0001:0004144b       ?PostLoadLights@OpenGLDrv@@YAXXZ 0044244b f   gl_light.obj
 0001:000416db       ?LM_Init@OpenGLDrv@@YAXXZ  004426db f   gl_lightmap.obj
 0001:000416f1       ?LM_Flush@OpenGLDrv@@YAXPAUlightmapBlock_t@1@@Z 004426f1 f   gl_lightmap.obj
 0001:0004174e       ?LM_Done@OpenGLDrv@@YAXXZ  0044274e f   gl_lightmap.obj
 0001:00041775       ?LM_Save@OpenGLDrv@@YAXPAUlightmapBlock_t@1@@Z 00442775 f   gl_lightmap.obj
 0001:0004178d       ?LM_Restore@OpenGLDrv@@YAXPAUlightmapBlock_t@1@@Z 0044278d f   gl_lightmap.obj
 0001:000417a5       ?LM_NewBlock@OpenGLDrv@@YAPAUlightmapBlock_t@1@XZ 004427a5 f   gl_lightmap.obj
 0001:00041804       ?LM_Rewind@OpenGLDrv@@YAXXZ 00442804 f   gl_lightmap.obj
 0001:0004180c       ?LM_NextBlock@OpenGLDrv@@YAPAUlightmapBlock_t@1@XZ 0044280c f   gl_lightmap.obj
 0001:00041839       ?LM_CheckMinlight@OpenGLDrv@@YAXPAUdynamicLightmap_t@1@@Z 00442839 f   gl_lightmap.obj
 0001:000418cf       ?LM_AllocBlock@OpenGLDrv@@YA_NPAUlightmapBlock_t@1@PAUdynamicLightmap_t@1@@Z 004428cf f   gl_lightmap.obj
 0001:00041986       ?LM_PutBlock@OpenGLDrv@@YAXPAUdynamicLightmap_t@1@@Z 00442986 f   gl_lightmap.obj
 0001:00041db3       ?LM_SortLightStyles@OpenGLDrv@@YAXPAUdynamicLightmap_t@1@@Z 00442db3 f   gl_lightmap.obj
 0001:00041e44       ?UpdateDynamicLightmap@OpenGLDrv@@YAXPAVsurfacePlanar_t@1@_NI@Z 00442e44 f   gl_lightmap.obj
 0001:00042356       ?LM_IsMonotone@OpenGLDrv@@YA_NPAUdynamicLightmap_t@1@PATcolor_t@@@Z 00443356 f   gl_lightmap.obj
 0001:0004245d       ?Init@OpenGLDrv@@YA_NXZ    0044345d f   gl_main.obj
 0001:00042aa2       ?Shutdown@OpenGLDrv@@YAX_N@Z 00443aa2 f   gl_main.obj
 0001:00042b2b       ?GL_EnableRendering@OpenGLDrv@@YAX_N@Z 00443b2b f   gl_main.obj
 0001:00042b46       ?BeginFrame@OpenGLDrv@@YAXN@Z 00443b46 f   gl_main.obj
 0001:00042c70       ?EndFrame@OpenGLDrv@@YAXXZ 00443c70 f   gl_main.obj
 0001:00042c88       ?RenderFrame@OpenGLDrv@@YAXPAUrefdef_t@@@Z 00443c88 f   gl_main.obj
 0001:00043550       ?Fill8@OpenGLDrv@@YAXHHHHH@Z 00444550 f   gl_main.obj
 0001:00043593       ?Fill@OpenGLDrv@@YAXHHHHI@Z 00444593 f   gl_main.obj
 0001:000435cf       ?TileClear@OpenGLDrv@@YAXHHHHPBD@Z 004445cf f   gl_main.obj
 0001:00043670       ?DrawStretchPic@OpenGLDrv@@YAXHHHHPBD@Z 00444670 f   gl_main.obj
 0001:000436b5       ?DrawDetailedPic@OpenGLDrv@@YAXHHHHPBD@Z 004446b5 f   gl_main.obj
 0001:0004375f       ?DrawPic@OpenGLDrv@@YAXHHPBDHH@Z 0044475f f   gl_main.obj
 0001:000437e7       ?LoadNewWorld@OpenGLDrv@@YAXPBD@Z 004447e7 f   gl_main.obj
 0001:00043819       ?DumpLoadStats@OpenGLDrv@@YAXXZ 00444819 f   gl_main.obj
 0001:0004389f       ?FinishLoadingWorld@OpenGLDrv@@YAXXZ 0044489f f   gl_main.obj
 0001:000438a4       ?RegisterPic@OpenGLDrv@@YAPAVCBasicImage@@PBD@Z 004448a4 f   gl_main.obj
 0001:000438b5       ?RegisterSkin@OpenGLDrv@@YAPAVCBasicImage@@PBD_N@Z 004448b5 f   gl_main.obj
 0001:000438d3       ?RegisterModel@OpenGLDrv@@YAPAVCRenderModel@@PBD@Z 004448d3 f   gl_main.obj
 0001:000438de       ?SetSky@OpenGLDrv@@YAXPBDMABUCVec3@@@Z 004448de f   gl_main.obj
 0001:0004397c       ?Screenshot@OpenGLDrv@@YAXHPBD@Z 0044497c f   gl_main.obj
 0001:000439a3       ?GetClientLight@OpenGLDrv@@YAMXZ 004449a3 f   gl_main.obj
 0001:000439aa       ?InitFuncTables@OpenGLDrv@@YAXXZ 004449aa f   gl_math.obj
 0001:00043b50       ?BuildRotationAxis@OpenGLDrv@@YAXAAUCAxis@@ABUCVec3@@M@Z 00444b50 f   gl_math.obj
 0001:00043c47       ?GetBoxRect@OpenGLDrv@@YA_NPBUrefEntity_t@1@ABUCVec3@@QAM2_N@Z 00444c47 f   gl_math.obj
 0001:00043f51       ?ProjectToScreen@OpenGLDrv@@YA_NABUCVec3@@QAH@Z 00444f51 f   gl_math.obj
 0001:00044094       ?SaturateColor3f@OpenGLDrv@@YAXAAUCVec3@@@Z 00445094 f   gl_math.obj
 0001:00044184       ?SaturateColor4b@OpenGLDrv@@YAXPATcolor_t@@@Z 00445184 f   gl_math.obj
 0001:00044292       ?SubdividePlane@OpenGLDrv@@YAHPAPAUCVec3@@HM@Z 00445292 f   gl_poly.obj
 0001:00044713       ?FreeSubdividedPlane@OpenGLDrv@@YAXXZ 00445713 f   gl_poly.obj
 0001:0004472b       ?GetSubdivideIndexes@OpenGLDrv@@YAXPAH@Z 0044572b f   gl_poly.obj
 0001:0004477e       ?RemoveCollinearPoints@OpenGLDrv@@YAHPAPAUCVec3@@H@Z 0044577e f   gl_poly.obj
 0001:00044874       ?GetPolyArea@OpenGLDrv@@YAMPAPAUCVec3@@H@Z 00445874 f   gl_poly.obj
 0001:00044908       ?InitShaders@OpenGLDrv@@YAXXZ 00445908 f   gl_shader.obj
 0001:00044a8d       ?ShutdownShaders@OpenGLDrv@@YAXXZ 00445a8d f   gl_shader.obj
 0001:00044acb       ?GetLightmapImage@OpenGLDrv@@YAPAVimage_t@1@H@Z 00445acb f   gl_shader.obj
 0001:00044af3       ?SetShaderLightmap@OpenGLDrv@@YAPAVshader_t@1@PAV21@H@Z 00445af3 f   gl_shader.obj
 0001:00044e12       ??4shader_t@OpenGLDrv@@QAEAAV01@ABV01@@Z 00445e12 f i gl_shader.obj
 0001:00045048       ?SetShaderLightstyles@OpenGLDrv@@YAPAVshader_t@1@PAV21@I@Z 00446048 f   gl_shader.obj
 0001:000450e4       ?GetAlphaShader@OpenGLDrv@@YAPAVshader_t@1@PAV21@@Z 004460e4 f   gl_shader.obj
 0001:000454da       ?FindShader@OpenGLDrv@@YAPAVshader_t@1@PBDI@Z 004464da f   gl_shader.obj
 0001:00046e4a       ?GetShaderByNum@OpenGLDrv@@YAPAVshader_t@1@H@Z 00447e4a f   gl_shader.obj
 0001:00046e68       ?ResetShaders@OpenGLDrv@@YAXXZ 00447e68 f   gl_shader.obj
 0001:00047053       ?Reload@shader_t@OpenGLDrv@@UAEXXZ 00448053 f   gl_shader.obj
 0001:00047082       ?ClearSky@OpenGLDrv@@YAXXZ 00448082 f   gl_sky.obj
 0001:000470df       ?AddSkySurface@OpenGLDrv@@YAXPAVsurfacePlanar_t@1@E@Z 004480df f   gl_sky.obj
 0001:000476a7       ?DrawSky@OpenGLDrv@@YAXXZ  004486a7 f   gl_sky.obj
 0001:00047d4b       ?DrawChar@OpenGLDrv@@YAXHHHH@Z 00448d4b f   gl_text.obj
 0001:00047da5       ?ClearTexts@OpenGLDrv@@YAXXZ 00448da5 f   gl_text.obj
 0001:00047dba       ?FlushTexts@OpenGLDrv@@YAXXZ 00448dba f   gl_text.obj
 0001:00047e66       ?DrawTextPos@OpenGLDrv@@YAXHHPBDI@Z 00448e66 f   gl_text.obj
 0001:00047e92       ?DrawTextLeft@OpenGLDrv@@YAXPBDI@Z 00448e92 f   gl_text.obj
 0001:00047f19       ?DrawTextRight@OpenGLDrv@@YAXPBDI@Z 00448f19 f   gl_text.obj
 0001:00047f63       ?DrawText3D@OpenGLDrv@@YAXABUCVec3@@PBDI@Z 00448f63 f   gl_text.obj
 0001:00047f90       ?InitTexts@OpenGLDrv@@YAXXZ 00448f90 f   gl_text.obj
 0001:00047faa       ??0?$TTextContainer@UCRText@OpenGLDrv@@$0BAAAA@@@QAE@XZ 00448faa f i gl_text.obj
 0001:00047fcf       ?FindModel@OpenGLDrv@@YAPAVmodel_t@1@PBD@Z 00448fcf f   gl_model.obj
 0001:000481ab       ?FreeModels@OpenGLDrv@@YAXXZ 004491ab f   gl_model.obj
 0001:0004821d       ?InitModels@OpenGLDrv@@YAXXZ 0044921d f   gl_model.obj
 0001:00048313       ?ShutdownModels@OpenGLDrv@@YAXXZ 00449313 f   gl_model.obj
 0001:00048324       ?LoadWorldMap@OpenGLDrv@@YAXPBD@Z 00449324 f   gl_bspmodel.obj
 0001:00049e2c       ?PointInLeaf@OpenGLDrv@@YAPAUnode_t@1@ABUCVec3@@@Z 0044ae2c f   gl_bspmodel.obj
 0001:00049e77       ?CALL_CONSTRUCTOR@@YAXPAVinlineModel_t@OpenGLDrv@@@Z 0044ae77 f i gl_bspmodel.obj
 0001:00049e8d       ?LerpTag@model_t@OpenGLDrv@@UBE_NHHMPBDAAUCCoords@@@Z 0044ae8d f   gl_trimodel.obj
 0001:00049e9b       ?LerpTag@md3Model_t@OpenGLDrv@@UBE_NHHMPBDAAUCCoords@@@Z 0044ae9b f   gl_trimodel.obj
 0001:00049fab       ?LoadMd2@OpenGLDrv@@YAPAVmd3Model_t@1@PBDPAEI@Z 0044afab f   gl_trimodel.obj
 0001:0004ab0d       ?ATAN2_FUNC@OpenGLDrv@@YAMMM@Z 0044bb0d f i gl_trimodel.obj
 0001:0004acc3       ?LoadMd3@OpenGLDrv@@YAPAVmd3Model_t@1@PBDPAEI@Z 0044bcc3 f   gl_trimodel.obj
 0001:0004b178       ?LoadSp2@OpenGLDrv@@YAPAVsprModel_t@1@PBDPAEI@Z 0044c178 f   gl_trimodel.obj
 0001:0004b390       ?LoadSpr@OpenGLDrv@@YAPAVsprModel_t@1@PBDPAEI@Z 0044c390 f   gl_trimodel.obj
 0001:0004b499       ?CALL_CONSTRUCTOR@@YAXPAVmd3Model_t@OpenGLDrv@@@Z 0044c499 f i gl_trimodel.obj
 0001:0004b4af       ?CALL_CONSTRUCTOR@@YAXPAVsprModel_t@OpenGLDrv@@@Z 0044c4af f i gl_trimodel.obj
 0001:0004ca6c       ?QGL_Init@OpenGLDrv@@YA_NPBD@Z 0044da6c f   GLBind.obj
 0001:0004cb52       ?QGL_Shutdown@OpenGLDrv@@YAXXZ 0044db52 f   GLBind.obj
 0001:0004cb99       ?QGL_InitExtensions@OpenGLDrv@@YAXXZ 0044db99 f   GLBind.obj
 0001:0004d083       ?QGL_PrintExtensionsString@OpenGLDrv@@YAXPBD00@Z 0044e083 f   GLBind.obj
 0001:0004d1d0       ?QGL_EnableLogging@OpenGLDrv@@YAX_N@Z 0044e1d0 f   GLBind.obj
 0001:0004d27e       ?QGL_LogMessage@OpenGLDrv@@YAXPBD@Z 0044e27e f   GLBind.obj
 0001:0004d294       ?QGL_SwapBuffers@OpenGLDrv@@YAXXZ 0044e294 f   GLBind.obj
 0001:0004d316       ?GLimp_HasGamma@OpenGLDrv@@YA_NXZ 0044e316 f   gl_win.obj
 0001:0004d32a       ?GLimp_SetGamma@OpenGLDrv@@YAXM@Z 0044e32a f   gl_win.obj
 0001:0004d4d0       ?GLimp_SetMode@OpenGLDrv@@YA_NPAI0H_N@Z 0044e4d0 f   gl_win.obj
 0001:0004d8a4       ?GLimp_Shutdown@OpenGLDrv@@YAX_N@Z 0044e8a4 f   gl_win.obj
 0001:0004d951       ?AppActivate@OpenGLDrv@@YAX_N@Z 0044e951 f   gl_win.obj
 0001:0004d9c1       _jpeg_CreateDecompress     0044e9c1 f   lib:jdapimin.obj
 0001:0004da81       _jpeg_destroy_decompress   0044ea81 f   lib:jdapimin.obj
 0001:0004da81       _jpeg_destroy_compress     0044ea81 f   lib:jdapimin.obj
 0001:0004da8c       _jpeg_read_header          0044ea8c f   lib:jdapimin.obj
 0001:0004daee       _jpeg_consume_input        0044eaee f   lib:jdapimin.obj
 0001:0004dd3d       _jpeg_finish_decompress    0044ed3d f   lib:jdapimin.obj
 0001:0004ddd4       _jpeg_start_decompress     0044edd4 f   lib:jdapistd.obj
 0001:0004df41       _jpeg_read_scanlines       0044ef41 f   lib:jdapistd.obj
 0001:0004dfc5       _jpeg_resync_to_restart    0044efc5 f   lib:jdmarker.obj
 0001:0004e18a       _jinit_marker_reader       0044f18a f   lib:jdmarker.obj
 0001:0004f655       _jpeg_CreateCompress       00450655 f   lib:jcapimin.obj
 0001:0004f709       _jpeg_suppress_tables      00450709 f   lib:jcapimin.obj
 0001:0004f753       _jpeg_finish_compress      00450753 f   lib:jcapimin.obj
 0001:0004f83d       _jpeg_start_compress       0045083d f   lib:jcapistd.obj
 0001:0004f8a9       _jpeg_write_scanlines      004508a9 f   lib:jcapistd.obj
 0001:0004f954       _jpeg_add_quant_table      00450954 f   lib:jcparam.obj
 0001:0004fa06       _jpeg_quality_scaling      00450a06 f   lib:jcparam.obj
 0001:0004fa2d       _jpeg_set_quality          00450a2d f   lib:jcparam.obj
 0001:0004fa67       _jpeg_set_defaults         00450a67 f   lib:jcparam.obj
 0001:0004fc2d       _jpeg_default_colorspace   00450c2d f   lib:jcparam.obj
 0001:0004fc7d       _jpeg_set_colorspace       00450c7d f   lib:jcparam.obj
 0001:0004ff98       _jpeg_stdio_dest           00450f98 f   lib:jdatadst.obj
 0001:00050098       _inflateReset              00451098 f   lib:inflate.obj
 0001:000500e6       _inflateInit2_             004510e6 f   lib:inflate.obj
 0001:0005019f       _inflate                   0045119f f   lib:inflate.obj
 0001:00051474       _inflateEnd                00452474 f   lib:inflate.obj
 0001:000515d2       _crc32                     004525d2 f   lib:crc32.obj
 0001:0005186c       _jinit_input_controller    0045286c f   lib:jdinput.obj
 0001:00051d4f       _jinit_memory_mgr          00452d4f f   lib:jmemmgr.obj
 0001:0005288b       _jpeg_abort                0045388b f   lib:jcomapi.obj
 0001:000528be       _jpeg_destroy              004538be f   lib:jcomapi.obj
 0001:000528d9       _jpeg_alloc_quant_table    004538d9 f   lib:jcomapi.obj
 0001:000528f5       _jpeg_alloc_huff_table     004538f5 f   lib:jcomapi.obj
 0001:00052911       _jpeg_calc_output_dimensions 00453911 f   lib:jdmaster.obj
 0001:00052a11       _jinit_master_decompress   00453a11 f   lib:jdmaster.obj
 0001:00052d67       _jdiv_round_up             00453d67 f   lib:jutils.obj
 0001:00052d77       _jround_up                 00453d77 f   lib:jutils.obj
 0001:00052d8f       _jcopy_sample_rows         00453d8f f   lib:jutils.obj
 0001:00052dcd       _jcopy_block_row           00453dcd f   lib:jutils.obj
 0001:00052de6       _jzero_far                 00453de6 f   lib:jutils.obj
 0001:00052df9       _jinit_marker_writer       00453df9 f   lib:jcmarker.obj
 0001:000536d5       _jinit_compress_master     004546d5 f   lib:jcinit.obj
 0001:0005372e       _zcalloc                   0045472e f   lib:zlib.obj
 0001:00053750       _zcfree                    00454750 f   lib:zlib.obj
 0001:0005375b       _inflate_fast              0045475b f   lib:inffast.obj
 0001:00053b10       _inflate_table             00454b10 f   lib:inftrees.obj
 0001:00053ec4       _adler32                   00454ec4 f   lib:adler32.obj
 0001:00053fdd       _jinit_c_codec             00454fdd f   lib:jcodec.obj
 0001:00053ff9       _jinit_d_codec             00454ff9 f   lib:jcodec.obj
 0001:00054015       _jpeg_get_large            00455015 f   lib:jmemnobs.obj
[...]
 0001:0005e9c1       _start_iMCU_row            0045f9c1 f   lib:jddiffct.obj
 0001:0005ea06       _start_output_pass         0045fa06 f   lib:jddiffct.obj
 0001:0005ea12       _decompress_data           0045fa12 f   lib:jddiffct.obj
 0001:0005eb82       _process_restart           0045fb82 f   lib:jddiffct.obj
 0001:0005cba2       _dummy_consume_data        0045dba2 f   lib:jdcoefct.obj
 0001:0005ebb7       _consume_data              0045fbb7 f   lib:jddiffct.obj
 0001:0005ec2e       _output_data               0045fc2e f   lib:jddiffct.obj
 0001:0005e6b5       _start_pass                0045f6b5 f   lib:jddctmgr.obj
 0001:0005db07       _start_pass_phuff_decoder  0045eb07 f   lib:jdphuff.obj
 0001:0005dd50       _decode_mcu_DC_first       0045ed50 f   lib:jdphuff.obj
 0001:0005df48       _process_restart           0045ef48 f   lib:jdphuff.obj
 0001:0005dfb7       _decode_mcu_AC_first       0045efb7 f   lib:jdphuff.obj
 0001:0005e1d7       _decode_mcu_DC_refine      0045f1d7 f   lib:jdphuff.obj
 0001:0005e2ac       _decode_mcu_AC_refine      0045f2ac f   lib:jdphuff.obj
 0001:0005d54e       _start_pass_huff_decoder   0045e54e f   lib:jdshuff.obj
 0001:0005d686       _decode_mcu                0045e686 f   lib:jdshuff.obj
 0001:0005da36       _process_restart           0045ea36 f   lib:jdshuff.obj
 0001:0005c934       _start_input_pass          0045d934 f   lib:jdcoefct.obj
 0001:0005c947       _start_iMCU_row            0045d947 f   lib:jdcoefct.obj
 0001:0005c98c       _start_output_pass         0045d98c f   lib:jdcoefct.obj
 0001:0005c9c9       _decompress_onepass        0045d9c9 f   lib:jdcoefct.obj
 0001:0005cba2       _dummy_consume_data        0045dba2 f   lib:jdcoefct.obj
 0001:0005cba5       _consume_data              0045dba5 f   lib:jdcoefct.obj
 0001:0005cd5e       _decompress_data           0045dd5e f   lib:jdcoefct.obj
 0001:0005ceca       _smoothing_ok              0045deca f   lib:jdcoefct.obj
 0001:0005cfb5       _decompress_smooth_data    0045dfb5 f   lib:jdcoefct.obj
 0001:0005c7cd       _scaler_start_pass         0045d7cd f   lib:jcscale.obj
 0001:0005c7f0       _simple_downscale          0045d7f0 f   lib:jcscale.obj
 0001:0005c81c       _noscale                   0045d81c f   lib:jcscale.obj
 0001:0005c2c5       _start_pass                0045d2c5 f   lib:jcpred.obj
 0001:0005c31d       _reset_predictor           0045d31d f   lib:jcpred.obj
 0001:0005c34a       _jpeg_difference_first_row 0045d34a f   lib:jcpred.obj
 0001:0005c434       _jpeg_difference1          0045d434 f   lib:jcpred.obj
 0001:0005c4a2       _jpeg_difference2          0045d4a2 f   lib:jcpred.obj
 0001:0005c513       _jpeg_difference3          0045d513 f   lib:jcpred.obj
 0001:0005c58b       _jpeg_difference4          0045d58b f   lib:jcpred.obj
 0001:0005c616       _jpeg_difference5          0045d616 f   lib:jcpred.obj
 0001:0005c6a9       _jpeg_difference6          0045d6a9 f   lib:jcpred.obj
 0001:0005c738       _jpeg_difference7          0045d738 f   lib:jcpred.obj
 0001:0005bbb7       _start_pass_huff           0045cbb7 f   lib:jclhuff.obj
 0001:0005bd54       _encode_mcus_huff          0045cd54 f   lib:jclhuff.obj
 0001:0005bf3f       _emit_bits                 0045cf3f f   lib:jclhuff.obj
 0001:0005bfe2       _dump_buffer               0045cfe2 f   lib:jclhuff.obj
 0001:0005c006       _emit_restart              0045d006 f   lib:jclhuff.obj
 0001:0005c051       _flush_bits                0045d051 f   lib:jclhuff.obj
 0001:0005c075       _finish_pass_huff          0045d075 f   lib:jclhuff.obj
 0001:0005c0e2       _encode_mcus_gather        0045d0e2 f   lib:jclhuff.obj
 0001:0005c20b       _finish_pass_gather        0045d20b f   lib:jclhuff.obj
 0001:0005a89a       _need_optimization_pass    0045b89a f   lib:jcshuff.obj
 0001:0005b795       _start_pass_diff           0045c795 f   lib:jcdiffct.obj
 0001:0005b833       _start_iMCU_row            0045c833 f   lib:jcdiffct.obj
 0001:0005b875       _compress_data             0045c875 f   lib:jcdiffct.obj
 0001:0005ba0b       _compress_first_pass       0045ca0b f   lib:jcdiffct.obj
 0001:0005bb00       _compress_output           0045cb00 f   lib:jcdiffct.obj
 0001:0005b3a8       _start_pass_fdctmgr        0045c3a8 f   lib:jcdctmgr.obj
 0001:0005b4aa       _forward_DCT_float         0045c4aa f   lib:jcdctmgr.obj
 0001:0005a8dd       _start_pass_phuff          0045b8dd f   lib:jcphuff.obj
 0001:0005aa4a       _encode_mcu_DC_first       0045ba4a f   lib:jcphuff.obj
 0001:0005ab7c       _emit_bits                 0045bb7c f   lib:jcphuff.obj
 0001:0005ac27       _dump_buffer               0045bc27 f   lib:jcphuff.obj
 0001:0005ac5f       _emit_symbol               0045bc5f f   lib:jcphuff.obj
 0001:0005ac9f       _emit_restart              0045bc9f f   lib:jcphuff.obj
 0001:0005ad28       _emit_eobrun               0045bd28 f   lib:jcphuff.obj
 0001:0005adae       _encode_mcu_AC_first       0045bdae f   lib:jcphuff.obj
 0001:0005af42       _encode_mcu_DC_refine      0045bf42 f   lib:jcphuff.obj
 0001:0005affc       _encode_mcu_AC_refine      0045bffc f   lib:jcphuff.obj
 0001:0005b213       _finish_pass_phuff         0045c213 f   lib:jcphuff.obj
 0001:0005b262       _finish_pass_gather_phuff  0045c262 f   lib:jcphuff.obj
 0001:0005b325       _need_optimization_pass    0045c325 f   lib:jcphuff.obj
 0001:0005a075       _start_pass_huff           0045b075 f   lib:jcshuff.obj
 0001:0005a1ea       _encode_mcu_huff           0045b1ea f   lib:jcshuff.obj
 0001:0005a2f5       _encode_one_block          0045b2f5 f   lib:jcshuff.obj
 0001:0005a46c       _emit_bits                 0045b46c f   lib:jcshuff.obj
 0001:0005a50f       _dump_buffer               0045b50f f   lib:jcshuff.obj
 0001:0005a533       _emit_restart              0045b533 f   lib:jcshuff.obj
 0001:0005a5a0       _flush_bits                0045b5a0 f   lib:jcshuff.obj
 0001:0005a5c4       _finish_pass_huff          0045b5c4 f   lib:jcshuff.obj
 0001:0005a633       _encode_mcu_gather         0045b633 f   lib:jcshuff.obj
 0001:0005a6e9       _htest_one_block           0045b6e9 f   lib:jcshuff.obj
 0001:0005a7b0       _finish_pass_gather        0045b7b0 f   lib:jcshuff.obj
 0001:0005a89a       _need_optimization_pass    0045b89a f   lib:jcshuff.obj
 0001:00059a48       _start_pass_coef           0045aa48 f   lib:jccoefct.obj
 0001:0005b833       _start_iMCU_row            0045c833 f   lib:jcdiffct.obj
 0001:00059add       _compress_data             0045aadd f   lib:jccoefct.obj
 0001:00059cc4       _compress_first_pass       0045acc4 f   lib:jccoefct.obj
 0001:00059eaa       _compress_output           0045aeaa f   lib:jccoefct.obj
 0001:00059960       _calc_output_dimensions    0045a960 f   lib:jdlossls.obj
 0001:00059971       _start_input_pass          0045a971 f   lib:jdlossls.obj
 0001:0005969f       _calc_output_dimensions    0045a69f f   lib:jdlossy.obj
 0001:00059812       _start_input_pass          0045a812 f   lib:jdlossy.obj
 0001:00059832       _latch_quant_tables        0045a832 f   lib:jdlossy.obj
 0001:000598ca       _start_output_pass         0045a8ca f   lib:jdlossy.obj
 0001:000595ee       _start_pass                0045a5ee f   lib:jclossls.obj
 0001:0005955a       _start_pass                0045a55a f   lib:jclossy.obj
 0001:00058aaf       _initial_setup             00459aaf f   lib:jcmaster.obj
 0001:00058c62       _validate_script           00459c62 f   lib:jcmaster.obj
 0001:0005903a       _prepare_for_pass          0045a03a f   lib:jcmaster.obj
 0001:000591b2       _select_scan_parameters    0045a1b2 f   lib:jcmaster.obj
 0001:000592b3       _per_scan_setup            0045a2b3 f   lib:jcmaster.obj
 0001:0005945e       _pass_startup              0045a45e f   lib:jcmaster.obj
 0001:00059485       _finish_pass_master        0045a485 f   lib:jcmaster.obj
 0001:0005859b       _rgb_ycc_start             0045959b f   lib:jccolor.obj
 0001:0005865f       _rgb_ycc_convert           0045965f f   lib:jccolor.obj
 0001:0005875e       _rgb_gray_convert          0045975e f   lib:jccolor.obj
 0001:000587e3       _cmyk_ycck_convert         004597e3 f   lib:jccolor.obj
 0001:0005891b       _grayscale_convert         0045991b f   lib:jccolor.obj
 0001:00058975       _null_convert              00459975 f   lib:jccolor.obj
 0001:0002bac5       _null_method               0042cac5 f   images.obj
 0001:0002bac5       _start_pass_downsample     0042cac5 f   images.obj
 0001:00057ce7       _sep_downsample            00458ce7 f   lib:jcsample.obj
 0001:00057d5c       _int_downsample            00458d5c f   lib:jcsample.obj
 0001:00057e54       _expand_right_edge         00458e54 f   lib:jcsample.obj
 0001:00057ea9       _fullsize_downsample       00458ea9 f   lib:jcsample.obj
 0001:00057eed       _h2v1_downsample           00458eed f   lib:jcsample.obj
 0001:00057f81       _h2v2_downsample           00458f81 f   lib:jcsample.obj
 0001:0005802e       _h2v2_smooth_downsample    0045902e f   lib:jcsample.obj
 0001:000582a6       _fullsize_smooth_downsample 004592a6 f   lib:jcsample.obj
 0001:000576e3       _start_pass_prep           004586e3 f   lib:jcprepct.obj
 0001:00057721       _pre_process_data          00458721 f   lib:jcprepct.obj
 0001:000578cf       _pre_process_context       004588cf f   lib:jcprepct.obj
 0001:00057a88       _create_context_buffer     00458a88 f   lib:jcprepct.obj
 0001:0005755b       _start_pass_main           0045855b f   lib:jcmainct.obj
 0001:0005759d       _process_data_simple_main  0045859d f   lib:jcmainct.obj
 0001:00056b31       _create_colormap           00457b31 f   lib:jquant1.obj
 0001:00056c63       _select_ncolors            00457c63 f   lib:jquant1.obj
 0001:00056d3a       _create_colorindex         00457d3a f   lib:jquant1.obj
 0001:00056e66       _alloc_fs_workspace        00457e66 f   lib:jquant1.obj
 0001:00056ea2       _start_pass_1_quant        00457ea2 f   lib:jquant1.obj
 0001:00056f6e       _create_odither_tables     00457f6e f   lib:jquant1.obj
 0001:00056fcd       _make_odither_array        00457fcd f   lib:jquant1.obj
 0001:00057030       _color_quantize            00458030 f   lib:jquant1.obj
 0001:000570bb       _color_quantize3           004580bb f   lib:jquant1.obj
 0001:00057149       _quantize_ord_dither       00458149 f   lib:jquant1.obj
 0001:00057234       _quantize3_ord_dither      00458234 f   lib:jquant1.obj
 0001:00057334       _quantize_fs_dither        00458334 f   lib:jquant1.obj
 0001:0002bac5       _finish_pass_1_quant       0042cac5 f   images.obj
 0001:000574b8       _new_color_map_1_quant     004584b8 f   lib:jquant1.obj
 0001:00055af2       _init_error_limit          00456af2 f   lib:jquant2.obj
 0001:00055b91       _start_pass_2_quant        00456b91 f   lib:jquant2.obj
 0001:00055c93       _prescan_quantize          00456c93 f   lib:jquant2.obj
 0001:00055d02       _pass2_no_dither           00456d02 f   lib:jquant2.obj
 0001:00055daf       _fill_inverse_cmap         00456daf f   lib:jquant2.obj
 0001:00055e7a       _find_nearby_colors        00456e7a f   lib:jquant2.obj
 0001:0005601e       _find_best_colors          0045701e f   lib:jquant2.obj
 0001:00056138       _pass2_fs_dither           00457138 f   lib:jquant2.obj
 0001:000563a7       _finish_pass1              004573a7 f   lib:jquant2.obj
 0001:000563c9       _select_colors             004573c9 f   lib:jquant2.obj
 0001:00056455       _update_box                00457455 f   lib:jquant2.obj
 0001:000567ef       _median_cut                004577ef f   lib:jquant2.obj
 0001:00056903       _find_biggest_color_pop    00457903 f   lib:jquant2.obj
 0001:00056932       _find_biggest_volume       00457932 f   lib:jquant2.obj
 0001:0005695b       _compute_color             0045795b f   lib:jquant2.obj
 0001:0002bac5       _finish_pass2              0042cac5 f   images.obj
 0001:00056a97       _new_color_map_2_quant     00457a97 f   lib:jquant2.obj
 0001:00055509       _build_ycc_rgb_table       00456509 f   lib:jdmerge.obj
 0001:000555b9       _start_pass_merged_upsample 004565b9 f   lib:jdmerge.obj
 0001:000555ce       _merged_2v_upsample        004565ce f   lib:jdmerge.obj
 0001:00055675       _merged_1v_upsample        00456675 f   lib:jdmerge.obj
 0001:000556a6       _h2v1_merged_upsample      004566a6 f   lib:jdmerge.obj
 0001:000557fc       _h2v2_merged_upsample      004567fc f   lib:jdmerge.obj
 0001:000550ad       _build_ycc_rgb_table       004560ad f   lib:jdcolor.obj
 0001:0005515d       _ycc_rgb_convert           0045615d f   lib:jdcolor.obj
 0001:0005526b       _null_convert              0045626b f   lib:jdcolor.obj
 0001:000552e3       _grayscale_convert         004562e3 f   lib:jdcolor.obj
 0001:00055306       _gray_rgb_convert          00456306 f   lib:jdcolor.obj
 0001:0005535f       _ycck_cmyk_convert         0045635f f   lib:jdcolor.obj
 0001:0002bac5       _start_pass_dcolor         0042cac5 f   images.obj
 0001:00054b0e       _start_pass_upsample       00455b0e f   lib:jdsample.obj
 0001:00054b28       _sep_upsample              00455b28 f   lib:jdsample.obj
 0001:00054bf5       _fullsize_upsample         00455bf5 f   lib:jdsample.obj
 0001:00054c00       _noop_upsample             00455c00 f   lib:jdsample.obj
 0001:00054c08       _int_upsample              00455c08 f   lib:jdsample.obj
 0001:00054cf2       _h2v1_upsample             00455cf2 f   lib:jdsample.obj
 0001:00054d49       _h2v2_upsample             00455d49 f   lib:jdsample.obj
 0001:00054dbb       _h2v1_fancy_upsample       00455dbb f   lib:jdsample.obj
 0001:00054e5e       _h2v2_fancy_upsample       00455e5e f   lib:jdsample.obj
 0001:00054717       _start_pass_dpost          00455717 f   lib:jdpostct.obj
 0001:000547bd       _post_process_1pass        004557bd f   lib:jdpostct.obj
 0001:00054822       _post_process_prepass      00455822 f   lib:jdpostct.obj
 0001:000548b3       _post_process_2pass        004558b3 f   lib:jdpostct.obj
 0001:0005411e       _alloc_funny_pointers      0045511e f   lib:jdmainct.obj
 0001:000541cb       _start_pass_main           004551cb f   lib:jdmainct.obj
 0001:00054233       _make_funny_pointers       00455233 f   lib:jdmainct.obj
 0001:00054373       _process_data_simple_main  00455373 f   lib:jdmainct.obj
 0001:000543db       _process_data_context_main 004553db f   lib:jdmainct.obj
 0001:000544ed       _set_wraparound_pointers   004554ed f   lib:jdmainct.obj
 0001:000545d7       _set_bottom_pointers       004555d7 f   lib:jdmainct.obj
 0001:00054671       _process_data_crank_post   00455671 f   lib:jdmainct.obj
 0001:00052e47       _write_marker_header       00453e47 f   lib:jcmarker.obj
 0001:00052e9d       _emit_byte                 00453e9d f   lib:jcmarker.obj
 0001:00052ece       _write_marker_byte         00453ece f   lib:jcmarker.obj
 0001:00052ede       _write_file_header         00453ede f   lib:jcmarker.obj
 0001:00052f2a       _emit_jfif_app0            00453f2a f   lib:jcmarker.obj
 0001:00052ffd       _emit_adobe_app14          00453ffd f   lib:jcmarker.obj
 0001:000530a3       _write_frame_header        004540a3 f   lib:jcmarker.obj
 0001:00053182       _emit_dqt                  00454182 f   lib:jcmarker.obj
 0001:00053271       _emit_sof                  00454271 f   lib:jcmarker.obj
 0001:0005334d       _write_scan_header         0045434d f   lib:jcmarker.obj
 0001:0005340d       _emit_dht                  0045440d f   lib:jcmarker.obj
 0001:000534e6       _emit_dri                  004544e6 f   lib:jcmarker.obj
 0001:00053535       _emit_sos                  00454535 f   lib:jcmarker.obj
 0001:00053623       _write_file_trailer        00454623 f   lib:jcmarker.obj
 0001:00053643       _write_tables_only         00454643 f   lib:jcmarker.obj
 0001:0005299c       _use_merged_upsample       0045399c f   lib:jdmaster.obj
 0001:00052a42       _master_selection          00453a42 f   lib:jdmaster.obj
 0001:00052b9f       _prepare_range_limit_table 00453b9f f   lib:jdmaster.obj
 0001:00052c25       _prepare_for_output_pass   00453c25 f   lib:jdmaster.obj
 0001:00052d46       _finish_output_pass        00453d46 f   lib:jdmaster.obj
 0001:00051e13       _alloc_small               00452e13 f   lib:jmemmgr.obj
 0001:00051f31       _alloc_large               00452f31 f   lib:jmemmgr.obj
 0001:00051fe2       _alloc_sarray              00452fe2 f   lib:jmemmgr.obj
 0001:0005207a       _alloc_barray              0045307a f   lib:jmemmgr.obj
 0001:0005211e       _alloc_darray              0045311e f   lib:jmemmgr.obj
 0001:000521c9       _request_virt_sarray       004531c9 f   lib:jmemmgr.obj
 0001:0005222a       _request_virt_barray       0045322a f   lib:jmemmgr.obj
 0001:0005228b       _realize_virt_arrays       0045328b f   lib:jmemmgr.obj
 0001:0005240e       _access_virt_sarray        0045340e f   lib:jmemmgr.obj
 0001:0005252e       _do_sarray_io              0045352e f   lib:jmemmgr.obj
 0001:000525be       _access_virt_barray        004535be f   lib:jmemmgr.obj
 0001:000526e3       _do_barray_io              004536e3 f   lib:jmemmgr.obj
 0001:00052774       _free_pool                 00453774 f   lib:jmemmgr.obj
 0001:0005285b       _self_destruct             0045385b f   lib:jmemmgr.obj
 0001:000518ad       _start_input_pass          004528ad f   lib:jdinput.obj
 0001:000518db       _per_scan_setup            004528db f   lib:jdinput.obj
 0001:00051a61       _finish_input_pass         00452a61 f   lib:jdinput.obj
 0001:00051a72       _consume_markers           00452a72 f   lib:jdinput.obj
 0001:00051b0e       _initial_setup             00452b0e f   lib:jdinput.obj
 0001:00051d18       _reset_input_controller    00452d18 f   lib:jdinput.obj
 0001:000514b2       _make_crc_table            004524b2 f   lib:crc32.obj
 0001:000515ff       _crc32_little              004525ff f   lib:crc32.obj
 0001:000512ac       _fixedtables               004522ac f   lib:inflate.obj
 0001:00051396       _updatewindow              00452396 f   lib:inflate.obj
 0001:0004ffd4       _init_destination          00450fd4 f   lib:jdatadst.obj
 0001:0004fffa       _empty_output_buffer       00450ffa f   lib:jdatadst.obj
 0001:0005003c       _term_destination          0045103c f   lib:jdatadst.obj
 0001:0004fb5b       _std_huff_tables           00450b5b f   lib:jcparam.obj
 0001:0004fbb5       _add_huff_table            00450bb5 f   lib:jcparam.obj
 0001:0004e0b3       _next_marker               0044f0b3 f   lib:jdmarker.obj
 0001:0004e1ed       _get_interesting_appn      0044f1ed f   lib:jdmarker.obj
 0001:0004e318       _examine_app0              0044f318 f   lib:jdmarker.obj
 0001:0004e526       _examine_app14             0044f526 f   lib:jdmarker.obj
 0001:0004e5e7       _skip_variable             0044f5e7 f   lib:jdmarker.obj
 0001:0004e68a       _read_markers              0044f68a f   lib:jdmarker.obj
 0001:0004e892       _get_soi                   0044f892 f   lib:jdmarker.obj
 0001:0004e93d       _get_sof                   0044f93d f   lib:jdmarker.obj
 0001:0004ec46       _get_sos                   0044fc46 f   lib:jdmarker.obj
 0001:0004ef34       _get_dht                   0044ff34 f   lib:jdmarker.obj
 0001:0004f1d5       _get_dqt                   004501d5 f   lib:jdmarker.obj
 0001:0004f431       _get_dri                   00450431 f   lib:jdmarker.obj
 0001:0004f510       _first_marker              00450510 f   lib:jdmarker.obj
 0001:0004f5ac       _read_restart_marker       004505ac f   lib:jdmarker.obj
 0001:0004f62a       _reset_marker_reader       0045062a f   lib:jdmarker.obj
 0001:0004de97       _output_pass_setup         0044ee97 f   lib:jdapistd.obj
 0001:0004db8a       _default_decompress_parms  0044eb8a f   lib:jdapimin.obj

 504 bytes saved through ICF

