 Quake2

 Timestamp is 435d0d3b (Mon Oct 24 20:35:07 2005)

 Preferred load address is 00400000

 Start         Length     Name                   Class
 0001:00000000 00060d70H .text                   CODE
 0002:00000000 0000028cH .idata$5                DATA
 0002:00000290 00006464H .rdata                  DATA
 0002:000066f8 00000044H .rdata$r                DATA
 0002:00006740 00000038H .xdata$x                DATA
 0002:00006778 00000078H .idata$2                DATA
 0002:000067f0 00000014H .idata$3                DATA
 0002:00006804 0000028cH .idata$4                DATA
 0002:00006a90 00000858H .idata$6                DATA
 0002:000072e8 00000000H .edata                  DATA
 0003:00000000 00000004H .CRT$XCA                DATA
 0003:00000004 00000084H .CRT$XCU                DATA
 0003:00000088 00000004H .CRT$XCZ                DATA
 0003:0000008c 00000004H .CRT$XIA                DATA
 0003:00000090 00000004H .CRT$XIZ                DATA
 0003:000000a0 0000d42cH .data                   DATA
 0003:0000d4d0 004585d4H .bss                    DATA
 0004:00000000 00000130H .rsrc$01                DATA
 0004:00000130 00003f20H .rsrc$02                DATA

  Address         Publics by Value              Rva+Base     Lib:Object

 0001:00000000       ??3@YAXPAX@Z               00401000 f i CoreMain.obj
 0001:0000000b       ?appTimestamp@@YAPBDXZ     0040100b f   CoreMain.obj
 0001:00000040       ?appInit@@YAXXZ            00401040 f   CoreMain.obj
 0001:000000bf       ?appExit@@YAXXZ            004010bf f   CoreMain.obj
 0001:000000f9       ?appLoadDebugSymbols@@YAXXZ 004010f9 f   DbgSymbols.obj
 0001:000002b7       ?appSymbolName@@YA_NIPADH@Z 004012b7 f   DbgSymbols.obj
 0001:000003ad       ?appSymbolName@@YAPBDI@Z   004013ad f   DbgSymbols.obj
 0001:000003e3       ?appMalloc@@YAPAXIH@Z      004013e3 f   Memory.obj
 0001:00000491       ?appFree@@YAXPAX@Z         00401491 f   Memory.obj
 0001:000004bf       ?Unlink@FMemHeader@@QAEXXZ 004014bf f i Memory.obj
 0001:000004ea       ?Link@CMemoryChain@@AAEXXZ 004014ea f   Memory.obj
 0001:00000509       ?Unlink@CMemoryChain@@AAEXXZ 00401509 f   Memory.obj
 0001:00000534       ??2CMemoryChain@@SAPAXIH@Z 00401534 f   Memory.obj
 0001:000005a6       ??3CMemoryChain@@SAXPAX@Z  004015a6 f   Memory.obj
 0001:000005d9       ?Alloc@CMemoryChain@@QAEPAXIH@Z 004015d9 f   Memory.obj
 0001:00000643       ?BuildAllocatorsTable@@YAHPAXH@Z 00401643 f   Memory.obj
 0001:000007b2       ?appInitMemory@@YAXXZ      004017b2 f   Memory.obj
 0001:00000b77       ?sprintf@?$TString@$0BAA@@@QAAHPBDZZ 00401b77 f i Memory.obj
 0001:00000bb6       ?Flush@COutputDevice@@UAEXXZ 00401bb6 f i OutputDevice.obj
 0001:00000bb6       ?Close@COutputDevice@@UAEXXZ 00401bb6 f i OutputDevice.obj
 0001:00000bb7       ?Write@COutputDeviceNull@@UAEXPBD@Z 00401bb7 f i OutputDevice.obj
 0001:00000bd1       ??_ECOutputDeviceNull@@UAEPAXI@Z 00401bd1 f i OutputDevice.obj
 0001:00000bd1       ??_ECOutputDevice@@UAEPAXI@Z 00401bd1 f i OutputDevice.obj
 0001:00000bd1       ??_GCOutputDevice@@UAEPAXI@Z 00401bd1 f i OutputDevice.obj
 0001:00000bd1       ??_GCOutputDeviceWin32Console@@UAEPAXI@Z 00401bd1 f i OutputDevice.obj
 0001:00000bd1       ??_GCOutputDeviceNull@@UAEPAXI@Z 00401bd1 f i OutputDevice.obj
 0001:00000bd1       ??_ECOutputDeviceWin32Console@@UAEPAXI@Z 00401bd1 f i OutputDevice.obj
 0001:00000bd1       ??_GCOutputDeviceLog@@UAEPAXI@Z 00401bd1 f i OutputDevice.obj
 0001:00000bd1       ??_ECOutputDeviceLog@@UAEPAXI@Z 00401bd1 f i OutputDevice.obj
 0001:00000c11       ?Write@COutputDeviceLog@@UAEXPBD@Z 00401c11 f i OutputDevice.obj
 0001:00000c59       ?Printf@COutputDevice@@QAAXPBDZZ 00401c59 f   OutputDevice.obj
 0001:00000cca       ?Register@COutputDevice@@QAEXXZ 00401cca f   OutputDevice.obj
 0001:00000d26       ?Unregister@COutputDevice@@QAEXXZ 00401d26 f   OutputDevice.obj
 0001:00000d79       ?appPrintf@@YAXPBDZZ       00401d79 f   OutputDevice.obj
 0001:00000eb0       ?appWPrintf@@YAXPBDZZ      00401eb0 f   OutputDevice.obj
 0001:00000f0d       ??0COutputDeviceFile@@QAE@XZ 00401f0d f i ErrorMgr.obj
 0001:00000f22       ?Write@COutputDeviceFile@@UAEXPBD@Z 00401f22 f i ErrorMgr.obj
 0001:00000f76       ?Flush@COutputDeviceFile@@UAEXXZ 00401f76 f i ErrorMgr.obj
 0001:00000f86       ?Close@COutputDeviceFile@@UAEXXZ 00401f86 f i ErrorMgr.obj
 0001:00000f9e       ??_ECOutputDeviceFile@@UAEPAXI@Z 00401f9e f i ErrorMgr.obj
 0001:00000f9e       ??_GCOutputDeviceFile@@UAEPAXI@Z 00401f9e f i ErrorMgr.obj
 0001:00000fba       ??1COutputDeviceFile@@UAE@XZ 00401fba f i ErrorMgr.obj
 0001:00000ff9       ?appGetErrorLog@@YAPAVCOutputDevice@@XZ 00401ff9 f   ErrorMgr.obj
 0001:00001098       ?Open@COutputDeviceFile@@QAEXPBD_N@Z 00402098 f i ErrorMgr.obj
 0001:000010de       ?appFatalError@@YAXPBDZZ   004020de f   ErrorMgr.obj
 0001:0000117e       ?appNonFatalError@@YAXPBDZZ 0040217e f   ErrorMgr.obj
 0001:000011e0       ?appUnwindPrefix@@YAXPBD@Z 004021e0 f   ErrorMgr.obj
 0001:00001290       ?appUnwindThrow@@YAXPBDZZ  00402290 f   ErrorMgr.obj
 0001:00001315       ?Reset@CErrorHandler@@QAEXXZ 00402315 f   ErrorMgr.obj
 0001:00001346       ?appInitError@@YAXXZ       00402346 f   ErrorMgr.obj
 0001:0000142a       ?sprintf@?$TString@$0CAA@@@QAAHPBDZZ 0040242a f i ErrorMgr.obj
 0001:00001446       ?GetLine@CSimpleParser@@QAEPBDXZ 00402446 f   ScriptParser.obj
 0001:0000155b       ?SkipBraces@CSimpleParser@@QAEPBDXZ 0040255b f   ScriptParser.obj
 0001:00001591       ?appStricmp@@YAHPBD0@Z     00402591 f   Strings.obj
 0001:000015c6       ?toLower@@YADD@Z           004025c6 f i Strings.obj
 0001:000015dd       ?appStrcpy@@YAXPADPBD@Z    004025dd f   Strings.obj
 0001:000015f0       ?appStrncpylwr@@YAXPADPBDH@Z 004025f0 f   Strings.obj
 0001:00001628       ?appStrncpyz@@YAXPADPBDH@Z 00402628 f   Strings.obj
 0001:00001655       ?appStrcatn@@YAXPADHPBD@Z  00402655 f   Strings.obj
 0001:00001680       ?appCopyFilename@@YAXPADPBDH@Z 00402680 f   Strings.obj
 0001:00001720       ?appCStrlen@@YAHPBD@Z      00402720 f   Strings.obj
 0001:00001745       ?appUncolorizeString@@YAXPADPBD@Z 00402745 f   Strings.obj
 0001:00001775       ?va@@YAPBDPBDZZ            00402775 f   Strings.obj
 0001:00001811       ?appSprintf@@YAHPADHPBDZZ  00402811 f   Strings.obj
 0001:0000185c       ?appMatchWildcard@@YA_NPBD0_N@Z 0040285c f   Strings.obj
 0001:000019eb       ?appIsWildcard@@YA_NPBD@Z  004029eb f   Strings.obj
 0001:00001a15       ?CopyString@@YAPADPBD@Z    00402a15 f   Strings.obj
 0001:00001a55       ?CopyString@@YAPADPBDPAVCMemoryChain@@@Z 00402a55 f   Strings.obj
 0001:00001a89       ??2CStringItem@@SAPAXIPBD@Z 00402a89 f   Strings.obj
 0001:00001ad6       ??2CStringItem@@SAPAXIPBDPAVCMemoryChain@@@Z 00402ad6 f   Strings.obj
 0001:00001b00       ??0CStringItem@@QAE@XZ     00402b00 f   Strings.obj
 0001:00001b0b       ?Find@CStringList@@IAEPAVCStringItem@@PBDPAPAV2@@Z 00402b0b f   Strings.obj
 0001:00001b47       ?Find@CStringList@@IAEPAVCStringItem@@H@Z 00402b47 f   Strings.obj
 0001:00001b60       ?IndexOf@CStringList@@QAEHPBD@Z 00402b60 f   Strings.obj
 0001:00001b8d       ?Remove@CStringList@@QAE_NPAVCStringItem@@@Z 00402b8d f   Strings.obj
 0001:00001bb9       ?Add@CTextContainer@@QAEPAUCTextRec@@PBD@Z 00402bb9 f   TextContainer.obj
 0001:00001c65       ?Enumerate@CTextContainer@@QAEXP6AXPBUCTextRec@@@Z@Z 00402c65 f   TextContainer.obj
 0001:00001cd1       ?SubtractPath@@YAPBDPBD0@Z 00402cd1 f   FileSystem.obj
 0001:00001d65       ?appMakeDirectoryForFile@@YAXPBD@Z 00402d65 f   FileSystem.obj
 0001:00001d9b       ?appOpenFile@@YAPAVCFile@@PBD@Z 00402d9b f   FileSystem.obj
 0001:00001dd7       ?Read@CFileOS@@UAEHPAXH@Z  00402dd7 f i FileSystem.obj
 0001:00001dfc       ?GetSize@CFileOS@@UAEHXZ   00402dfc f i FileSystem.obj
 0001:00001e41       ?Eof@CFileOS@@UAE_NXZ      00402e41 f i FileSystem.obj
 0001:00001e55       ??_ECFileOS@@UAEPAXI@Z     00402e55 f i FileSystem.obj
 0001:00001e55       ??_GCFileOS@@UAEPAXI@Z     00402e55 f i FileSystem.obj
 0001:00001e87       ??_GCFile@@UAEPAXI@Z       00402e87 f i FileSystem.obj
 0001:00001e87       ??_ECFile@@UAEPAXI@Z       00402e87 f i FileSystem.obj
 0001:00001ea4       ?ReadByte@CFile@@QAEEXZ    00402ea4 f   FileSystem.obj
 0001:00001ebc       ?ReadInt@CFile@@QAEHXZ     00402ebc f   FileSystem.obj
 0001:00001ed4       ?ReadString@CFile@@QAEXPADH@Z 00402ed4 f   FileSystem.obj
 0001:00001f14       ?GetType@CFileContainer@@MAEPBDXZ 00402f14 f   FileSystem.obj
 0001:00001f1a       ?Mount@CFileSystem@@QAEXAAVCFileContainer@@PBD@Z 00402f1a f   FileSystem.obj
 0001:00001f70       ?Umount@CFileSystem@@QAEXAAVCFileContainer@@@Z 00402f70 f   FileSystem.obj
 0001:00001fa7       ?MountDirectory@CFileSystem@@QAEPAVCFileContainer@@PBD0@Z 00402fa7 f   FileSystem.obj
 0001:00001fea       ?GetType@CFileContainerOS@@MAEPBDXZ 00402fea f i FileSystem.obj
 0001:00001ff0       ?FileExists@CFileContainerOS@@UAE_NPBD@Z 00402ff0 f i FileSystem.obj
 0001:00002027       ?OpenFile@CFileContainerOS@@UAEPAVCFile@@PBD@Z 00403027 f i FileSystem.obj
 0001:00002044       ?List@CFileContainerOS@@UAEXAAVCFileList@@PBDI@Z 00403044 f i FileSystem.obj
 0001:0000206c       ??_GCFileContainer@@UAEPAXI@Z 0040306c f i FileSystem.obj
 0001:0000206c       ??_ECFileContainer@@UAEPAXI@Z 0040306c f i FileSystem.obj
 0001:0000206c       ??_GCFileContainerOS@@UAEPAXI@Z 0040306c f i FileSystem.obj
 0001:0000206c       ??_ECFileContainerOS@@UAEPAXI@Z 0040306c f i FileSystem.obj
 0001:00002089       ?MountArchive@CFileSystem@@QAEPAVCFileContainer@@PBD0@Z 00403089 f   FileSystem.obj
 0001:000021a0       ?Mount@CFileSystem@@QAEXPBD0@Z 004031a0 f   FileSystem.obj
 0001:00002386       ?Umount@CFileSystem@@QAEXPBD@Z 00403386 f   FileSystem.obj
 0001:00002422       ?List@CFileSystem@@UAEPAVCFileList@@PBDIPAV2@@Z 00403422 f   FileSystem.obj
 0001:000025da       ?RegisterFormat@CFileSystem@@SAXP6APAVCFileContainer@@PBDPAU_iobuf@@@Z@Z 004035da f   FileSystem.obj
 0001:0000261a       ?FileExists@CFileSystem@@UAE_NPBDI@Z 0040361a f   FileSystem.obj
 0001:00002699       ?OpenFile@CFileSystem@@UAEPAVCFile@@PBDI@Z 00403699 f   FileSystem.obj
 0001:0000273e       ?LoadFile@CFileSystem@@QAEPAXPBDPAI@Z 0040373e f   FileSystem.obj
 0001:0000280e       ?cMount@@YAX_NHPAPAD@Z     0040380e f   FileSystem.obj
 0001:00002947       ?cUmount@@YAX_NHPAPAD@Z    00403947 f   FileSystem.obj
 0001:00002974       ?appInitFileSystem@@YAXAAVCFileSystem@@@Z 00403974 f   FileSystem.obj
 0001:00002d67       ?FindDir@CFileContainerArc@@IAEPAVCArcDir@1@PBD_N@Z 00403d67 f   FileContainerArc.obj
 0001:00002e50       ?FindFile@CFileContainerArc@@IAEPAVCStringItem@@PBD@Z 00403e50 f   FileContainerArc.obj
 0001:00002ebb       ?FileExists@CFileContainerArc@@UAE_NPBD@Z 00403ebb f   FileContainerArc.obj
 0001:00002ecd       ?OpenFile@CFileContainerArc@@UAEPAVCFile@@PBD@Z 00403ecd f   FileContainerArc.obj
 0001:00002ee9       ?List@CFileContainerArc@@UAEXAAVCFileList@@PBDI@Z 00403ee9 f   FileContainerArc.obj
 0001:00003056       ?appMillisecondsf@@YANXZ   00404056 f   CoreWin32.obj
 0001:0000308f       ?appMilliseconds@@YAIXZ    0040408f f   CoreWin32.obj
 0001:000030c4       ?cpuid@@YAXI@Z             004040c4 f   CoreWin32.obj
 0001:000030e7       ?appPackage@@YAPBDXZ       004040e7 f   CoreWin32.obj
 0001:0000313f       ?appGetSystemErrorMessage@@YAPBDI@Z 0040413f f   CoreWin32.obj
 0001:000031a3       ?appDisplayError@@YAXXZ    004041a3 f   CoreWin32.obj
 0001:000031f8       ?appInitPlatform@@YAXXZ    004041f8 f   CoreWin32.obj
 0001:00003630       ?appShutdownPlatform@@YAXXZ 00404630 f   CoreWin32.obj
 0001:00003639       ?osAddressInfo@@YA_NIPADHPAH@Z 00404639 f   DbgSymbolsWin32.obj
 0001:000036cd       ?osModuleInfo@@YA_NIPADHPAH@Z 004046cd f   DbgSymbolsWin32.obj
 0001:00003874       ?win32ExceptFilter@@YGJPAU_EXCEPTION_POINTERS@@@Z 00404874 f   ExceptFilterWin32.obj
 0001:00003dc8       ?win32ExceptFilter2@@YAIXZ 00404dc8 f   ExceptFilterWin32.obj
 0001:00003dd1       ?appListDirectoryOS@@YAXPBDAAVCFileList@@I@Z 00404dd1 f   FileSystemWin32.obj
 0001:00004018       ?appMakeDirectory@@YAXPBD@Z 00405018 f   FileSystemWin32.obj
 0001:00004085       ?SCR_StopCinematic@@YAXXZ  00405085 f   cl_cin.obj
 0001:00004119       ?SCR_DrawCinematic@@YA_NXZ 00405119 f   cl_cin.obj
 0001:00004536       ?SCR_PlayCinematic@@YAXPBD@Z 00405536 f   cl_cin.obj
 0001:0000488d       ?sprintf@?$TString@$0EA@@@QAAHPBDZZ 0040588d f i cl_cin.obj
 0001:000048a6       ?CL_Download_f@@YAX_NHPAPAD@Z 004058a6 f   cl_download.obj
 0001:00004c51       ?CL_ParseDownload@@YAXXZ   00405c51 f   cl_download.obj
 0001:00005464       ?CL_Precache_f@@YAXHPAPAD@Z 00406464 f   cl_download.obj
 0001:000054c2       ?sprintf@?$TString@$0IA@@@QAAHPBDZZ 004064c2 f i cl_download.obj
 0001:000054de       ?CL_ParseDelta@@YAXPAUclEntityState_t@@0HI_N@Z 004064de f   cl_ents.obj
 0001:0000565e       ?CL_ParseFrame@@YAXXZ      0040665e f   cl_ents.obj
 0001:00005d0d       ?CL_AddEntityBox@@YAXPAUclEntityState_t@@I@Z 00406d0d f   cl_ents.obj
 0001:00005e11       ?Lerp@@YAXABUCVec3@@0MAAU1@@Z 00406e11 f i cl_ents.obj
 0001:00005e48       ?CL_OffsetThirdPersonView@@YAXXZ 00406e48 f   cl_ents.obj
 0001:00005f30       ?CL_AddEntities@@YAXXZ     00406f30 f   cl_ents.obj
 0001:00006e6e       ?CL_ClearLightStyles@@YAXXZ 00407e6e f   cl_fx.obj
 0001:00006ef0       ?CL_SetLightstyle@@YAXHPBD@Z 00407ef0 f   cl_fx.obj
 0001:00006f51       ?CL_AllocDlight@@YAPAUcdlight_t@@HABUCVec3@@@Z 00407f51 f   cl_fx.obj
 0001:00006fba       ?CL_AllocParticleTrace@@YAPAUparticleTrace_t@@ABUCVec3@@0MM@Z 00407fba f   cl_fx.obj
 0001:00007049       ?CL_AllocParticleBeam@@YAPAUbeam_t@@ABUCVec3@@0MM@Z 00408049 f   cl_fx.obj
 0001:000070bd       ?CL_AllocParticle@@YAPAUparticle_t@@XZ 004080bd f   cl_fx.obj
 0001:00007110       ?CL_MetalSparks@@YAXABUCVec3@@0H@Z 00408110 f   cl_fx.obj
 0001:0000720e       ?CL_AddEffects@@YAXXZ      0040820e f   cl_fx.obj
 0001:00007913       ?CL_ClearEffects@@YAXXZ    00408913 f   cl_fx.obj
 0001:00007995       ?CL_EntityEvent@@YAXPAUclEntityState_t@@@Z 00408995 f   cl_fx.obj
 0001:00007b49       ?CL_ParseMuzzleFlash@@YAXXZ 00408b49 f   cl_fx.obj
 0001:00007eb9       ?CL_ParseMuzzleFlash2@@YAXXZ 00408eb9 f   cl_fx.obj
 0001:0000832f       ?CL_ParticleEffect@@YAXABUCVec3@@0HH@Z 0040932f f   cl_fx.obj
 0001:00008518       ?CL_ParticleEffect2@@YAXABUCVec3@@0HH@Z 00409518 f   cl_fx.obj
 0001:00008540       ?CL_ParticleEffect3@@YAXABUCVec3@@0HH@Z 00409540 f   cl_fx.obj
 0001:00008568       ?CL_TeleporterParticles@@YAXPAUclEntityState_t@@@Z 00409568 f   cl_fx.obj
 0001:00008587       ?CL_LogoutEffect@@YAXABUCVec3@@H@Z 00409587 f   cl_fx.obj
 0001:000085bd       ?CL_ItemRespawnParticles@@YAXABUCVec3@@@Z 004095bd f   cl_fx.obj
 0001:000085d8       ?CL_ExplosionParticles@@YAXABUCVec3@@@Z 004095d8 f   cl_fx.obj
 0001:000085f6       ?CL_BFGExplosionParticles@@YAXABUCVec3@@@Z 004095f6 f   cl_fx.obj
 0001:00008614       ?CL_TrackerExplosionParticles@@YAXABUCVec3@@@Z 00409614 f   cl_fx.obj
 0001:00008632       ?CL_BlasterParticles@@YAXABUCVec3@@0I@Z 00409632 f   cl_fx.obj
 0001:00008658       ?CL_BlasterTrail@@YAXAAUcentity_t@@@Z 00409658 f   cl_fx.obj
 0001:0000875b       ?CL_BlasterTrail2@@YAXAAUcentity_t@@@Z 0040975b f   cl_fx.obj
 0001:0000876e       ?CL_FlagTrail@@YAXAAUcentity_t@@H@Z 0040976e f   cl_fx.obj
 0001:0000878a       ?CL_RocketTrail@@YAXAAUcentity_t@@@Z 0040978a f   cl_fx.obj
 0001:000087c9       ?CL_BubbleTrail@@YAXABUCVec3@@0@Z 004097c9 f   cl_fx.obj
 0001:00008863       ?CL_BubbleTrail2@@YAXABUCVec3@@0@Z 00409863 f   cl_fx.obj
 0001:0000887b       ?CL_TagTrail@@YAXAAUcentity_t@@@Z 0040987b f   cl_fx.obj
 0001:0000888e       ?CL_DebugTrail@@YAXABUCVec3@@0@Z 0040988e f   cl_fx.obj
 0001:000088a6       ?CL_ForceWall@@YAXABUCVec3@@0H@Z 004098a6 f   cl_fx.obj
 0001:000088c7       ?CL_BigTeleportParticles@@YAXABUCVec3@@@Z 004098c7 f   cl_fx.obj
 0001:00008a02       ?CL_BfgParticles@@YAXABUCVec3@@@Z 00409a02 f   cl_fx.obj
 0001:00008b7c       ?CL_FlyEffect@@YAXAAUcentity_t@@@Z 00409b7c f   cl_fx.obj
 0001:00008d08       ?CL_DiminishingTrail@@YAXAAUcentity_t@@H@Z 00409d08 f   cl_fx.obj
 0001:00008e62       ?CL_RailTrail@@YAXABUCVec3@@0@Z 00409e62 f   cl_fx.obj
 0001:00008fd8       ?CL_RailTrailExt@@YAXABUCVec3@@0EE@Z 00409fd8 f   cl_fx.obj
 0001:0000911d       ?CL_IonripperTrail@@YAXAAUcentity_t@@@Z 0040a11d f   cl_fx.obj
 0001:00009277       ?CL_TrapParticles@@YAXABUCVec3@@@Z 0040a277 f   cl_fx.obj
 0001:0000940b       ?CL_TeleportParticles@@YAXABUCVec3@@@Z 0040a40b f   cl_fx.obj
 0001:00009541       ?CL_Heatbeam@@YAXABUCVec3@@0@Z 0040a541 f   cl_fx.obj
 0001:000097e7       ?CL_ParticleSteamEffect@@YAXABUCVec3@@0HHH@Z 0040a7e7 f   cl_fx.obj
 0001:00009920       ?CL_ParticleSmokeEffect@@YAXABUCVec3@@0@Z 0040a920 f   cl_fx.obj
 0001:00009a3c       ?CL_TrackerTrail@@YAXAAUcentity_t@@@Z 0040aa3c f   cl_fx.obj
 0001:00009bba       ?CL_TrackerShell@@YAXABUCVec3@@@Z 0040abba f   cl_fx.obj
 0001:00009c46       ?CL_MonsterPlasmaShell@@YAXABUCVec3@@@Z 0040ac46 f   cl_fx.obj
 0001:00009ccf       ?CL_WidowSplash@@YAXABUCVec3@@@Z 0040accf f   cl_fx.obj
 0001:00009db0       ?CL_InitInput@@YAXXZ       0040adb0 f   cl_input.obj
 0001:0000a30d       ?CL_SendCmd@@YAXXZ         0040b30d f   cl_input.obj
 0001:0000a8f0       ?CL_WriteDemoMessage@@YAXXZ 0040b8f0 f   cl_main.obj
 0001:0000a932       ?Cmd_ForwardToServer@@YAXHPAPAD@Z 0040b932 f   cl_main.obj
 0001:0000a9f5       ?CL_ForwardToServer_f@@YAXHPAPAD@Z 0040b9f5 f   cl_main.obj
 0001:0000aa3d       ?CL_Pause@@YAX_N@Z         0040ba3d f   cl_main.obj
 0001:0000aa7f       ?CL_Drop@@YAX_N@Z          0040ba7f f   cl_main.obj
 0001:0000aaa6       ?CL_SendConnectPacket@@YAXXZ 0040baa6 f   cl_main.obj
 0001:0000ab0c       ?CL_Connect_f@@YAX_NHPAPAD@Z 0040bb0c f   cl_main.obj
 0001:0000ab77       ?CL_Rcon_f@@YAXHPAPAD@Z    0040bb77 f   cl_main.obj
 0001:0000ac63       ?CL_Disconnect@@YAXXZ      0040bc63 f   cl_main.obj
 0001:0000ae0e       ?CL_Disconnect_f@@YAXXZ    0040be0e f   cl_main.obj
 0001:0000ae18       ?CL_Changing_f@@YAXXZ      0040be18 f   cl_main.obj
 0001:0000ae3c       ?CL_Reconnect_f@@YAXXZ     0040be3c f   cl_main.obj
 0001:0000aed8       ?CL_PingServers_f@@YAXXZ   0040bed8 f   cl_main.obj
 0001:0000afda       ?CL_Skins_f@@YAXXZ         0040bfda f   cl_main.obj
 0001:0000b2c3       ?CL_ConnectionlessPacket@@YAXXZ 0040c2c3 f   cl_main.obj
 0001:0000b3c0       ?CL_ReadPackets@@YAXXZ     0040c3c0 f   cl_main.obj
 0001:0000b503       ?CL_Userinfo_f@@YAXXZ      0040c503 f   cl_main.obj
 0001:0000b51e       ?CL_RegisterSounds@@YAXXZ  0040c51e f   cl_main.obj
 0001:0000b55d       ?CL_Snd_Restart_f@@YAXXZ   0040c55d f   cl_main.obj
 0001:0000b56c       ?CL_WriteConfiguration@@YAXPBD@Z 0040c56c f   cl_main.obj
 0001:0000b653       ?CL_WriteConfig_f@@YAX_NHPAPAD@Z 0040c653 f   cl_main.obj
 0001:0000b6be       ?CL_FixCvarCheats@@YAXXZ   0040c6be f   cl_main.obj
 0001:0000b70f       ?CL_Frame@@YAXMM@Z         0040c70f f   cl_main.obj
 0001:0000ba49       ?CL_ClearState@@YAXXZ      0040ca49 f   cl_main.obj
 0001:0000ba87       ?CL_Init@@YAXXZ            0040ca87 f   cl_main.obj
 0001:0000bf45       ?CL_Shutdown@@YAXXZ        0040cf45 f   cl_main.obj
 0001:0000bfa1       ?sprintf@?$TString@$0EAA@@@QAAHPBDZZ 0040cfa1 f i cl_main.obj
 0001:0000bfbd       ?CL_ParseClientinfo@@YAXH@Z 0040cfbd f   cl_parse.obj
 0001:0000c072       ?CL_UpdatePlayerClientInfo@@YAXXZ 0040d072 f   cl_parse.obj
 0001:0000c0b3       ?CL_ParseServerMessage@@YAXXZ 0040d0b3 f   cl_parse.obj
 0001:0000c8a5       ?FreePlayerModelsInfo@@YAXXZ 0040d8a5 f   cl_playermodel.obj
 0001:0000c8cb       ?ScanQuake3Models@@YAXPBD@Z 0040d8cb f   cl_playermodel.obj
 0001:0000ca6c       ?ScanPlayerModels@@YA_NXZ  0040da6c f   cl_playermodel.obj
 0001:0000ccc0       ?RunAnimation@@YAXAAUclientInfo_t@@AAUanimState_t@@H@Z 0040dcc0 f   cl_playermodel.obj
 0001:0000cea1       ?CL_LoadClientinfo@@YAXAAUclientInfo_t@@PBD_N@Z 0040dea1 f   cl_playermodel.obj
 0001:0000db2c       ?ParsePlayerEntity@@YAHAAUcentity_t@@AAUclientInfo_t@@PAUclEntityState_t@@ABUentity_t@@PAU4@HH@Z 0040eb2c f   cl_playermodel.obj
 0001:0000e681       ?CreateAndInsert@?$TList@VCStringItem@@@@QAEPAVCStringItem@@PBDPAVCMemoryChain@@@Z 0040f681 f i cl_playermodel.obj
 0001:0000e6b7       ?Insert@?$TList@VplayerModelInfo_t@@@@QAE_NPAVplayerModelInfo_t@@@Z 0040f6b7 f i cl_playermodel.obj
 0001:0000e6b7       ?Insert@?$TList@VshaderScript_t@OpenGLDrv@@@@QAE_NPAVshaderScript_t@OpenGLDrv@@@Z 0040f6b7 f i cl_playermodel.obj
 0001:0000e6b7       ?Insert@?$TList@VCStringItem@@@@QAE_NPAVCStringItem@@@Z 0040f6b7 f i cl_playermodel.obj
 0001:0000e6ed       ?CL_CheckPredictionError@@YAXXZ 0040f6ed f   cl_pred.obj
 0001:0000e880       ?CL_EntityTrace@@YAXAAUtrace_t@@ABUCVec3@@1ABUCBox@@H@Z 0040f880 f   cl_pred.obj
 0001:0000ec1c       ?CL_Trace@@YAXAAUtrace_t@@ABUCVec3@@1ABUCBox@@H@Z 0040fc1c f   cl_pred.obj
 0001:0000ec98       ?CL_PMpointcontents@@YAHABUCVec3@@@Z 0040fc98 f   cl_pred.obj
 0001:0000ee24       ?CL_PredictMovement@@YAXXZ 0040fe24 f   cl_pred.obj
 0001:0000f1c9       ?DrawString@@YAXHHPBD@Z    004101c9 f   cl_scrn.obj
 0001:0000f20e       ?SCR_DebugGraph@@YAXMH@Z   0041020e f   cl_scrn.obj
 0001:0000f236       ?SCR_CenterPrint@@YAXPBD@Z 00410236 f   cl_scrn.obj
 0001:0000f33c       ?Key_Message@@YAXH@Z       0041033c f   cl_scrn.obj
 0001:0000f3d8       ?SCR_SetLevelshot@@YAXPBD@Z 004103d8 f   cl_scrn.obj
 0001:0000f4d1       ?SCR_BeginLoadingPlaque@@YAXXZ 004104d1 f   cl_scrn.obj
 0001:0000f556       ?SCR_EndLoadingPlaque@@YAX_N@Z 00410556 f   cl_scrn.obj
 0001:0000f5db       ?SCR_ShowConsole@@YAX_N0@Z 004105db f   cl_scrn.obj
 0001:0000f6a0       ?SCR_ToggleConsole@@YAXXZ  004106a0 f   cl_scrn.obj
 0001:0000f6c8       ?SCR_TouchPics@@YAXXZ      004106c8 f   cl_scrn.obj
 0001:0000f71e       ?SCR_UpdateScreen@@YAXXZ   0041071e f   cl_scrn.obj
 0001:00010962       ?SCR_Init@@YAXXZ           00411962 f   cl_scrn.obj
 0001:00010c91       ?sprintf@?$TString@$0BA@@@QAAHPBDZZ 00411c91 f i cl_scrn.obj
 0001:00010caa       ?CL_RegisterTEntSounds@@YAXXZ 00411caa f   cl_tent.obj
 0001:00010eef       ?CL_RegisterTEntModels@@YAXXZ 00411eef f   cl_tent.obj
 0001:0001103c       ?CL_ClearTEnts@@YAXXZ      0041203c f   cl_tent.obj
 0001:0001106d       ?CL_SmokeAndFlash@@YAXABUCVec3@@@Z 0041206d f   cl_tent.obj
 0001:00011203       ?CL_ParsePlayerBeam@@YAHPAVCRenderModel@@@Z 00412203 f   cl_tent.obj
 0001:0001130e       ?CL_ParseLightning@@YAHPAVCRenderModel@@@Z 0041230e f   cl_tent.obj
 0001:000113d0       ?CL_ParseWidow@@YAXXZ      004123d0 f   cl_tent.obj
 0001:00011506       ?CL_ParseNuke@@YAXXZ       00412506 f   cl_tent.obj
 0001:00011619       ?CL_ParseTEnt@@YAXXZ       00412619 f   cl_tent.obj
 0001:00012400       ?CL_AddBeams@@YAXXZ        00413400 f   cl_tent.obj
 0001:00012602       ?CL_AddPlayerBeams@@YAXXZ  00413602 f   cl_tent.obj
 0001:00012c09       ?CL_AddTEnts@@YAXXZ        00413c09 f   cl_tent.obj
 0001:00012e09       ?V_AddEntity@@YAXPAUentity_t@@@Z 00413e09 f   cl_view.obj
 0001:00012e44       ?V_AddEntity2@@YAXPAUentity_t@@@Z 00413e44 f   cl_view.obj
 0001:00012e73       ?AddEntityWithEffects2@@YAXPAUentity_t@@I@Z 00413e73 f   cl_view.obj
 0001:00012f12       ?AddEntityWithEffects@@YAXPAUentity_t@@I@Z 00413f12 f   cl_view.obj
 0001:00012f31       ?V_AddLight@@YAXABUCVec3@@MMMM@Z 00413f31 f   cl_view.obj
 0001:00012f76       ?V_TestEntities@@YAXXZ     00413f76 f   cl_view.obj
 0001:000130a3       ?V_TestLights@@YAXXZ       004140a3 f   cl_view.obj
 0001:00013179       ?V_InitRenderer@@YAXXZ     00414179 f   cl_view.obj
 0001:00013569       ?CalcFov@@YAMMMM@Z         00414569 f   cl_view.obj
 0001:000135d7       ?V_RenderView@@YA_NXZ      004145d7 f   cl_view.obj
 0001:000141f1       ?V_Init@@YAXXZ             004151f1 f   cl_view.obj
 0001:000142a0       ?Con_ClearNotify@@YAXXZ    004152a0 f   console.obj
 0001:000142af       ?Con_CheckResize@@YAXXZ    004152af f   console.obj
 0001:000143d6       ?Write@COutputDeviceCon@@UAEXPBD@Z 004153d6 f   console.obj
 0001:000146d0       ?Con_DrawNotify@@YAX_N@Z   004156d0 f   console.obj
 0001:000147e8       ?Con_DrawConsole@@YAXM@Z   004157e8 f   console.obj
 0001:00014a9c       ?Con_ClearTyping@@YAXXZ    00415a9c f   console.obj
 0001:00014ab5       ?Key_Console@@YAXHH@Z      00415ab5 f   console.obj
 0001:00014efd       ?Con_Init@@YAXXZ           00415efd f   console.obj
 0001:0001506b       ?Key_KeynumToString@@YAPBDH@Z 0041606b f   keys.obj
 0001:0001512b       ?Draw@completeMenu_t@@UAEXXZ 0041612b f i keys.obj
 0001:0001515c       ?KeyDown@completeMenu_t@@UAEPBDH@Z 0041615c f i keys.obj
 0001:00015185       ?Init@completeMenu_t@@UAE_NXZ 00416185 f i keys.obj
 0001:000152ac       ?CompleteMenuCallback@completeMenu_t@@SAXPAX@Z 004162ac f i keys.obj
 0001:0001533a       ?CompleteCommand@@YAXXZ    0041633a f   keys.obj
 0001:00015a45       ?Key_SetBinding@@YAXHPBD@Z 00416a45 f   keys.obj
 0001:00015a83       ?Key_FindBinding@@YAHPBDPAHH@Z 00416a83 f   keys.obj
 0001:00015ad1       ?Key_WriteBindings@@YAXPAVCOutputDevice@@@Z 00416ad1 f   keys.obj
 0001:00015b18       ?Key_Init@@YAXXZ           00416b18 f   keys.obj
 0001:00015dfc       ?Key_Event@@YAXH_N@Z       00416dfc f   keys.obj
 0001:00016155       ?Key_ClearStates@@YAXXZ    00417155 f   keys.obj
 0001:0001618a       ?M_ForceMenuOn@@YAXXZ      0041718a f   menu.obj
 0001:000161a9       ?Draw@menuMain_t@@UAEXXZ   004171a9 f i menu.obj
 0001:000162e5       ?KeyDown@menuMain_t@@UAEPBDH@Z 004172e5 f i menu.obj
 0001:000163a1       ?Init@menuMain_t@@UAE_NXZ  004173a1 f i menu.obj
 0001:000163a9       ?M_Menu_Main_f@@YAXXZ      004173a9 f   menu.obj
 0001:000163c3       ?Init@multiplayerMenu_t@@UAE_NXZ 004173c3 f i menu.obj
 0001:000164e7       ?Init@keysMenu_t@@UAE_NXZ  004174e7 f i menu.obj
 0001:000166d0       ?KeyCursorDrawFunc@keysMenu_t@@SAXPAUmenuFramework_t@@@Z 004176d0 f i menu.obj
 0001:00016710       ?DrawKeyBindingFunc@keysMenu_t@@SAXPAX@Z 00417710 f i menu.obj
 0001:000167d7       ?KeyDown@keysMenu_t@@UAEPBDH@Z 004177d7 f i menu.obj
 0001:00016884       ?UnbindCommand@keysMenu_t@@QAEXPAD@Z 00417884 f i menu.obj
 0001:000168c9       ?KeyBindingFunc@keysMenu_t@@QAEXPAX@Z 004178c9 f i menu.obj
 0001:00016928       ?Init@optionsMenu_t@@UAE_NXZ 00417928 f i menu.obj
 0001:00016cd2       ?CrosshairFunc@optionsMenu_t@@SAXPAX@Z 00417cd2 f i menu.obj
 0001:00016cfa       ?JoystickFunc@optionsMenu_t@@SAXPAX@Z 00417cfa f i menu.obj
 0001:00016d0f       ?AlwaysRunFunc@optionsMenu_t@@SAXPAX@Z 00417d0f f i menu.obj
 0001:00016d24       ?MouseSpeedFunc@optionsMenu_t@@SAXPAX@Z 00417d24 f i menu.obj
 0001:00016d41       ?InvertMouseFunc@optionsMenu_t@@SAXPAX@Z 00417d41 f i menu.obj
 0001:00016d7a       ?UpdateVolumeFunc@optionsMenu_t@@SAXPAX@Z 00417d7a f i menu.obj
 0001:00016d97       ?UpdateCDVolumeFunc@optionsMenu_t@@SAXPAX@Z 00417d97 f i menu.obj
 0001:00016db1       ?SetMenuItemValues@optionsMenu_t@@SAXXZ 00417db1 f i menu.obj
 0001:00016ef9       ?ResetDefaultsFunc@optionsMenu_t@@SAXPAX@Z 00417ef9 f i menu.obj
 0001:00016f0e       ?UpdateSoundFunc@optionsMenu_t@@SAXPAX@Z 00417f0e f i menu.obj
 0001:00017111       ?ScanCrosshairs@optionsMenu_t@@SAXXZ 00418111 f i menu.obj
 0001:0001716e       ?Draw@optionsMenu_t@@UAEXXZ 0041816e f i menu.obj
 0001:000171d3       ?Draw@creditsMenu_t@@UAEXXZ 004181d3 f i menu.obj
 0001:0001727a       ?KeyDown@creditsMenu_t@@UAEPBDH@Z 0041827a f i menu.obj
 0001:000172b5       ?Init@creditsMenu_t@@UAE_NXZ 004182b5 f i menu.obj
 0001:00017336       ?Init@gameMenu_t@@UAE_NXZ  00418336 f i menu.obj
 0001:000174c1       ?EasyGameFunc@gameMenu_t@@SAXPAX@Z 004184c1 f i menu.obj
 0001:000174cd       ?StartGame@gameMenu_t@@SAXPBD@Z 004184cd f i menu.obj
 0001:00017525       ?MediumGameFunc@gameMenu_t@@SAXPAX@Z 00418525 f i menu.obj
 0001:00017531       ?HardGameFunc@gameMenu_t@@SAXPAX@Z 00418531 f i menu.obj
 0001:0001754d       ?Init@savegameMenu_t@@UAE_NXZ 0041854d f i menu.obj
 0001:0001765d       ?Create_Savestrings@savegameMenu_t@@QAEXXZ 0041865d f i menu.obj
 0001:00017712       ?LoadGameCallback@savegameMenu_t@@SAXPAX@Z 00418712 f i menu.obj
 0001:0001773b       ?SaveGameCallback@savegameMenu_t@@SAXPAX@Z 0041873b f i menu.obj
 0001:0001775a       ?Draw@savegameMenu_t@@UAEXXZ 0041875a f i menu.obj
 0001:00017775       ?DrawSavegameShot@savegameMenu_t@@QAEXHH@Z 00418775 f i menu.obj
 0001:00017850       ?Init@joinserverMenu_t@@UAE_NXZ 00418850 f i menu.obj
 0001:00017979       ?JoinServerFunc@joinserverMenu_t@@SAXPAX@Z 00418979 f i menu.obj
 0001:000179db       ?SearchLocalGames@joinserverMenu_t@@SAXXZ 004189db f i menu.obj
 0001:00017a46       ?M_AddToServerList@@YAXUnetadr_t@@PAD@Z 00418a46 f   menu.obj
 0001:00017ac7       ?Init@startserverMenu_t@@UAE_NXZ 00418ac7 f i menu.obj
 0001:00017f55       ?DMOptionsFunc@startserverMenu_t@@SAXPAX@Z 00418f55 f i menu.obj
 0001:00017f65       ?RulesChangeFunc@startserverMenu_t@@SAXPAX@Z 00418f65 f i menu.obj
 0001:00017fdd       ?StartServerActionFunc@startserverMenu_t@@SAXPAX@Z 00418fdd f i menu.obj
 0001:00018008       ?StartServerFunc@startserverMenu_t@@SAXPAD@Z 00419008 f i menu.obj
 0001:0001823e       ?KeyDown@startserverMenu_t@@UAEPBDH@Z 0041923e f i menu.obj
 0001:0001829b       ?Init@dmoptionsMenu_t@@UAE_NXZ 0041929b f i menu.obj
 0001:00018878       ?DMFlagCallback@dmoptionsMenu_t@@SAXPAX@Z 00419878 f i menu.obj
 0001:00018a4e       ?Init@downloadOptionsMenu_t@@UAE_NXZ 00419a4e f i menu.obj
 0001:00018c19       ?DownloadCallback@downloadOptionsMenu_t@@SAXPAX@Z 00419c19 f i menu.obj
 0001:00018c84       ?Init@addressBookMenu_t@@UAE_NXZ 00419c84 f i menu.obj
 0001:00018d2c       ?KeyDown@addressBookMenu_t@@UAEPBDH@Z 00419d2c f i menu.obj
 0001:00018d89       ?Init@playerConfigMenu_t@@UAE_NXZ 00419d89 f i menu.obj
 0001:000192d0       ?HandednessCallback@playerConfigMenu_t@@SAXPAX@Z 0041a2d0 f i menu.obj
 0001:000192e5       ?RTypeCallback@playerConfigMenu_t@@SAXPAX@Z 0041a2e5 f i menu.obj
 0001:000192fa       ?RColorCallback@playerConfigMenu_t@@SAXPAX@Z 0041a2fa f i menu.obj
 0001:0001930f       ?RateCallback@playerConfigMenu_t@@SAXPAX@Z 0041a30f f i menu.obj
 0001:00019332       ?ModelCallback@playerConfigMenu_t@@SAXPAX@Z 0041a332 f i menu.obj
 0001:00019366       ?SkinCallback@playerConfigMenu_t@@SAXPAX@Z 0041a366 f i menu.obj
 0001:0001936e       ?Draw@playerConfigMenu_t@@UAEXXZ 0041a36e f i menu.obj
 0001:00019650       ?KeyDown@playerConfigMenu_t@@UAEPBDH@Z 0041a650 f i menu.obj
 0001:0001972f       ?Init@dmbrowseMenu_t@@UAE_NXZ 0041a72f f i menu.obj
 0001:00019935       ?KeyDown@dmbrowseMenu_t@@UAEPBDH@Z 0041a935 f i menu.obj
 0001:00019af9       ?Draw@dmbrowseMenu_t@@UAEXXZ 0041aaf9 f i menu.obj
 0001:00019c3e       ?DrawThumbnail@dmbrowseMenu_t@@SAXHHHHPAD_N@Z 0041ac3e f i menu.obj
 0001:00019d18       ?Init@videoMenu_t@@UAE_NXZ 0041ad18 f i menu.obj
 0001:0001a2d1       ?ScreenSizeCallback@videoMenu_t@@SAXPAX@Z 0041b2d1 f i menu.obj
 0001:0001a2ef       ?BrightnessCallback@videoMenu_t@@SAXPAX@Z 0041b2ef f i menu.obj
 0001:0001a30d       ?ContrastCallback@videoMenu_t@@SAXPAX@Z 0041b30d f i menu.obj
 0001:0001a346       ?CancelChanges@videoMenu_t@@SAXPAX@Z 0041b346 f i menu.obj
 0001:0001a367       ?KeyDown@videoMenu_t@@UAEPBDH@Z 0041b367 f i menu.obj
 0001:0001a3ae       ?ApplyChanges@videoMenu_t@@SAXPAX@Z 0041b3ae f i menu.obj
 0001:0001a565       ?KeyDown@quitMenu_t@@UAEPBDH@Z 0041b565 f i menu.obj
 0001:0001a59f       ?Draw@quitMenu_t@@UAEXXZ   0041b59f f i menu.obj
 0001:0001a60f       ?M_Init@@YAXXZ             0041b60f f   menu.obj
 0001:0001a7f1       ?ItemAtCursor@menuFramework_t@@QAEPAUmenuCommon_t@@XZ 0041b7f1 f   qmenu.obj
 0001:0001a845       ?AddItem@menuFramework_t@@QAEXPAUmenuCommon_t@@@Z 0041b845 f   qmenu.obj
 0001:0001a901       ?AdjustCursor@menuFramework_t@@QAEXH@Z 0041b901 f   qmenu.obj
 0001:0001aa70       ?Center@menuFramework_t@@QAEXXZ 0041ba70 f   qmenu.obj
 0001:0001aab1       ?Draw@menuFramework_t@@UAEXXZ 0041bab1 f   qmenu.obj
 0001:0001b076       ?SelectItem@menuFramework_t@@QAE_NXZ 0041c076 f   qmenu.obj
 0001:0001b0d4       ?SetStatusBar@menuFramework_t@@QAEXPBD@Z 0041c0d4 f   qmenu.obj
 0001:0001b0de       ?SlideItem@menuFramework_t@@QAEXH@Z 0041c0de f   qmenu.obj
 0001:0001b65b       ?Push@menuFramework_t@@QAEXXZ 0041c65b f   qmenu.obj
 0001:0001b6da       ?M_ForceMenuOff@@YAXXZ     0041c6da f   qmenu.obj
 0001:0001b707       ?Pop@menuFramework_t@@QAEXXZ 0041c707 f   qmenu.obj
 0001:0001b741       ?KeyDown@menuFramework_t@@UAEPBDH@Z 0041c741 f   qmenu.obj
 0001:0001b9b5       ?Init@menuFramework_t@@UAE_NXZ 0041c9b5 f   qmenu.obj
 0001:0001b9b8       ?M_Draw@@YAXXZ             0041c9b8 f   qmenu.obj
 0001:0001b9f3       ?M_Keydown@@YAXH@Z         0041c9f3 f   qmenu.obj
 0001:0001ba12       ?InitRendererVars@@YAXXZ   0041ca12 f   ref_vars.obj
 0001:0001ba31       ?S_SoundInfo_f@@YAXXZ      0041ca31 f   snd_dma.obj
 0001:0001baab       ?S_Init@@YAXXZ             0041caab f   snd_dma.obj
 0001:0001bb7d       ?S_Shutdown@@YAXXZ         0041cb7d f   snd_dma.obj
 0001:0001bc10       ?S_BeginRegistration@@YAXXZ 0041cc10 f   snd_dma.obj
 0001:0001bc1e       ?S_RegisterSound@@YAPAUsfx_t@@PBD@Z 0041cc1e f   snd_dma.obj
 0001:0001bdc4       ?S_EndRegistration@@YAXXZ  0041cdc4 f   snd_dma.obj
 0001:0001be47       ?S_PickChannel@@YAPAUchannel_t@@HH@Z 0041ce47 f   snd_dma.obj
 0001:0001bed4       ?S_Spatialize@@YAXPAUchannel_t@@@Z 0041ced4 f   snd_dma.obj
 0001:0001c0b4       ?S_AllocPlaysound@@YAPAUplaysound_t@@XZ 0041d0b4 f   snd_dma.obj
 0001:0001c0d6       ?S_FreePlaysound@@YAXPAUplaysound_t@@@Z 0041d0d6 f   snd_dma.obj
 0001:0001c106       ?S_IssuePlaysound@@YAXPAUplaysound_t@@@Z 0041d106 f   snd_dma.obj
 0001:0001c1d3       ?S_StartSound@@YAXPBUCVec3@@HHPAUsfx_t@@MMM@Z 0041d1d3 f   snd_dma.obj
 0001:0001c592       ?S_StartLocalSound@@YAXPBD@Z 0041d592 f   snd_dma.obj
 0001:0001c5e1       ?S_ClearBuffer@@YAXXZ      0041d5e1 f   snd_dma.obj
 0001:0001c64a       ?S_StopAllSounds_f@@YAXXZ  0041d64a f   snd_dma.obj
 0001:0001c6ba       ?S_AddLoopSounds@@YAXXZ    0041d6ba f   snd_dma.obj
 0001:0001c890       ?S_RawSamples@@YAXHHHHPAE@Z 0041d890 f   snd_dma.obj
 0001:0001ca94       ?S_Update@@YAXABUCVec3@@0@Z 0041da94 f   snd_dma.obj
 0001:0001cb6a       ?GetSoundtime@@YAXXZ       0041db6a f   snd_dma.obj
 0001:0001cbd1       ?S_Update_@@YAXXZ          0041dbd1 f   snd_dma.obj
 0001:0001ce84       ?ResampleSfx@@YAXPAUsfx_t@@HHPAE@Z 0041de84 f   snd_mem.obj
 0001:0001cf9f       ?S_LoadSound@@YAPAUsfxcache_t@@PAUsfx_t@@@Z 0041df9f f   snd_mem.obj
 0001:0001d308       ?S_WriteLinearBlastStereo16@@YAXXZ 0041e308 f   snd_mix.obj
 0001:0001d372       ?S_TransferStereo16@@YAXPAKH@Z 0041e372 f   snd_mix.obj
 0001:0001d3db       ?S_TransferPaintBuffer@@YAXH@Z 0041e3db f   snd_mix.obj
 0001:0001d53f       ?S_PaintChannels@@YAXH@Z   0041e53f f   snd_mix.obj
 0001:0001d7bb       ?S_InitScaletable@@YAXXZ   0041e7bb f   snd_mix.obj
 0001:0001d900       ?SV_ComputeAnimation@@YAXPAUplayer_state_t@@AAUentityStateEx_t@@PAU2@PAUedict_s@@@Z 0041e900 f   sv_anim.obj
 0001:0001dcfd       ?SV_ReadLevelFile@@YAXXZ   0041ecfd f   sv_ccmds.obj
 0001:0001ddab       ?SV_AddressBanned@@YA_NPAUnetadr_t@@@Z 0041edab f   sv_ccmds.obj
 0001:0001ddec       ?SV_InitCommands@@YAXXZ    0041edec f   sv_ccmds.obj
 0001:0001f205       ?sprintf@?$TString@$0CI@@@QAAHPBDZZ 00420205 f i sv_ccmds.obj
 0001:0001f21e       ?SV_WriteFrameToClient@@YAXPAUclient_t@@PAVsizebuf_t@@@Z 0042021e f   sv_ents.obj
 0001:0001f964       ?SV_RecordDemoMessage@@YAXXZ 00420964 f   sv_ents.obj
 0001:0001fb32       ?SV_MulticastOld@@YAXABUCVec3@@W4multicast_t@@@Z 00420b32 f i sv_game.obj
 0001:0001fb45       ?SV_StartSoundOld@@YAXPBUCVec3@@PAUedict_s@@HHMMM@Z 00420b45 f i sv_game.obj
 0001:000205d3       ?SV_InitGameLibrary@@YAX_N@Z 004215d3 f   sv_game.obj
 0001:000208c5       ?SV_ShutdownGameLibrary@@YAXXZ 004218c5 f   sv_game.obj
 0001:00020a22       ?SV_FindIndex@@YAHPBDHH_N@Z 00421a22 f   sv_init.obj
 0001:00020b31       ?SV_ModelIndex@@YAHPBD@Z   00421b31 f   sv_init.obj
 0001:00020b47       ?SV_SoundIndex@@YAHPBD@Z   00421b47 f   sv_init.obj
 0001:00020b60       ?SV_ImageIndex@@YAHPBD@Z   00421b60 f   sv_init.obj
 0001:00020b79       ?SV_CreateBaseline@@YAXXZ  00421b79 f   sv_init.obj
 0001:00020bf6       ?SV_SpawnServer@@YAXPAD0W4server_state_t@@_N2@Z 00421bf6 f   sv_init.obj
 0001:00020f46       ?SV_InitGame@@YAXXZ        00421f46 f   sv_init.obj
 0001:0002116e       ?SV_Map@@YAX_NPBD0@Z       0042216e f   sv_init.obj
 0001:00021330       ?SV_DropClient@@YAXPAUclient_t@@PAD@Z 00422330 f   sv_main.obj
 0001:00021d0d       ??0COutputDeviceMem@@QAE@H@Z 00422d0d f i sv_main.obj
 0001:00021d3b       ?Write@COutputDeviceMem@@UAEXPBD@Z 00422d3b f i sv_main.obj
 0001:00021dc0       ??_ECOutputDeviceMem@@UAEPAXI@Z 00422dc0 f i sv_main.obj
 0001:00021dc0       ??_GCOutputDeviceMem@@UAEPAXI@Z 00422dc0 f i sv_main.obj
 0001:00021ddc       ??1COutputDeviceMem@@UAE@XZ 00422ddc f i sv_main.obj
 0001:00021dfb       ?SV_ConnectionlessPacket@@YAXXZ 00422dfb f   sv_main.obj
 0001:00021ec6       ?SV_CalcPings@@YAXXZ       00422ec6 f   sv_main.obj
 0001:00021f4d       ?SV_GiveMsec@@YAXXZ        00422f4d f   sv_main.obj
 0001:00021f8c       ?SV_ReadPackets@@YAXXZ     00422f8c f   sv_main.obj
 0001:000220d4       ?SV_CheckTimeouts@@YAXXZ   004230d4 f   sv_main.obj
 0001:000221e5       ?SV_PostprocessFrame@@YAXXZ 004231e5 f   sv_main.obj
 0001:000226b8       ?SV_MulticastHook@@YAPAVsizebuf_t@@PAV1@0@Z 004236b8 f   sv_main.obj
 0001:00022aa8       ?SV_TraceHook@@YAXAAUtrace_t@@ABUCVec3@@PBU2@21PAUedict_s@@H@Z 00423aa8 f   sv_main.obj
 0001:00022c27       ?SV_Frame@@YAXM@Z          00423c27 f   sv_main.obj
 0001:00022eda       ?SV_UserinfoChanged@@YAXPAUclient_t@@@Z 00423eda f   sv_main.obj
 0001:00022f9b       ?SV_InitVars@@YAXXZ        00423f9b f   sv_main.obj
 0001:00022faa       ?SV_Init@@YAXXZ            00423faa f   sv_main.obj
 0001:00023003       ?SV_Shutdown@@YAXPBD_N@Z   00424003 f   sv_main.obj
 0001:00023210       ?SV_ClientPrintf@@YAXPAUclient_t@@HPBDZZ 00424210 f   sv_send.obj
 0001:0002326b       ?SV_BroadcastPrintf@@YAXHPBDZZ 0042426b f   sv_send.obj
 0001:00023341       ?SV_BroadcastCommand@@YAXPBDZZ 00424341 f   sv_send.obj
 0001:0002339b       ?SV_Multicast@@YAXABUCVec3@@W4multicast_t@@_N@Z 0042439b f   sv_send.obj
 0001:000235c1       ?SV_StartSound@@YAXPBUCVec3@@PAUedict_s@@HHMMM_N@Z 004245c1 f   sv_send.obj
 0001:00023891       ?SV_SendClientDatagram@@YA_NPAUclient_t@@@Z 00424891 f   sv_send.obj
 0001:00023953       ?SV_DemoCompleted@@YAXXZ   00424953 f   sv_send.obj
 0001:0002396f       ?SV_SendClientMessages@@YAXXZ 0042496f f   sv_send.obj
 0001:00023b1f       ?SV_DrawText3D@@YAXABUCVec3@@PBDI@Z 00424b1f f   sv_text.obj
 0001:00023b56       ?SV_ClearTexts@@YAXXZ      00424b56 f   sv_text.obj
 0001:00023b5e       ?SV_DrawTexts@@YAXXZ       00424b5e f   sv_text.obj
 0001:00023baf       ??0?$TTextContainer@UCSVText@@$0BAAAA@@@QAE@XZ 00424baf f i sv_text.obj
 0001:00023bd4       ?SV_TokenizeString@@YAXPBD@Z 00424bd4 f   sv_tokenize.obj
 0001:00023cab       ?SV_Argc@@YAHXZ            00424cab f   sv_tokenize.obj
 0001:00023cb1       ?SV_Argv@@YAPADH@Z         00424cb1 f   sv_tokenize.obj
 0001:00023ccb       ?SV_Args@@YAPADXZ          00424ccb f   sv_tokenize.obj
 0001:0002457f       ?SV_Nextserver@@YAXXZ      0042557f f   sv_user.obj
 0001:0002460e       ?SV_ClientThink@@YAXPAUclient_t@@PAUusercmd_t@@@Z 0042560e f   sv_user.obj
 0001:0002469f       ?SV_ExecuteClientMessage@@YAXPAUclient_t@@@Z 0042569f f   sv_user.obj
 0001:000249ef       ?SV_ClearWorld@@YAXXZ      004259ef f   sv_world.obj
 0001:00024b2a       ?SV_UnlinkEdict@@YAXPAUedict_s@@@Z 00425b2a f   sv_world.obj
 0001:00024bed       ?SV_LinkEdict@@YAXPAUedict_s@@@Z 00425bed f   sv_world.obj
 0001:000251d8       ?SV_AreaEdicts@@YAHABUCVec3@@0PAPAUedict_s@@HH@Z 004261d8 f   sv_world.obj
 0001:00025373       ?SV_PointContents@@YAHABUCVec3@@@Z 00426373 f   sv_world.obj
 0001:0002549a       ?SV_Trace@@YAXAAUtrace_t@@ABUCVec3@@1ABUCBox@@PAUedict_s@@H@Z 0042649a f   sv_world.obj
 0001:00025919       ?InitByteDirs@@YAXXZ       00426919 f   anorms.obj
 0001:00025958       ?Cbuf_AddText@@YAXPBD@Z    00426958 f   cmd.obj
 0001:000259ba       ?Cbuf_CopyToDefer@@YAXXZ   004269ba f   cmd.obj
 0001:00025a02       ?Cbuf_InsertFromDefer@@YAXXZ 00426a02 f   cmd.obj
 0001:00025abb       ?Cbuf_Execute@@YAXXZ       00426abb f   cmd.obj
 0001:00025bc1       ?Cmd_Unalias_f@@YAX_NHPAPAD@Z 00426bc1 f   cmd.obj
 0001:00025c37       ?Cmd_WriteAliases@@YAXPAVCOutputDevice@@@Z 00426c37 f   cmd.obj
 0001:00025c67       ?RegisterCommand@@YA_NPBDP6AXXZI@Z 00426c67 f   cmd.obj
 0001:00025d48       ?UnregisterCommand@@YA_NPBD@Z 00426d48 f   cmd.obj
 0001:00025dd9       ?ExecuteCommand@@YA_NPBD@Z 00426dd9 f   cmd.obj
 0001:0002621c       ?ExecuteCommand@@YA_NPBDPBUCSimpleCommand@@H@Z 0042721c f   cmd.obj
 0001:00026659       ?CM_LoadMap@@YAPAUcmodel_t@@PBD_NPAI@Z 00427659 f   cmodel.obj
 0001:00026dc3       ?SetSignbits@cplane_t@@QAEXXZ 00427dc3 f i cmodel.obj
 0001:00026df7       ?SetType@cplane_t@@QAEXXZ  00427df7 f i cmodel.obj
 0001:00026e6c       ?CMod_LoadLeafBrushes@@YAXPAGH@Z 00427e6c f i cmodel.obj
 0001:00026f7a       ?CM_InlineModel@@YAPAUcmodel_t@@PBD@Z 00427f7a f   cmodel.obj
 0001:00026fbb       ?CM_NumClusters@@YAHXZ     00427fbb f   cmodel.obj
 0001:00026fc1       ?CM_NumInlineModels@@YAHXZ 00427fc1 f   cmodel.obj
 0001:00026fc7       ?CM_EntityString@@YAPBDXZ  00427fc7 f   cmodel.obj
 0001:00026fcd       ?CM_LeafContents@@YAHH@Z   00427fcd f   cmodel.obj
 0001:00026ff4       ?CM_LeafCluster@@YAHH@Z    00427ff4 f   cmodel.obj
 0001:0002706a       ?CM_LeafArea@@YAHH@Z       0042806a f   cmodel.obj
 0001:0002722d       ?CM_HeadnodeForBox@@YAHABUCBox@@@Z 0042822d f   cmodel.obj
 0001:000272e2       ?CM_PointLeafnum@@YAHABUCVec3@@H@Z 004282e2 f   cmodel.obj
 0001:00027385       ?DistanceTo@cplane_t@@QAEMABUCVec3@@@Z 00428385 f i cmodel.obj
 0001:000273c9       ?CM_PointContents@@YAHABUCVec3@@H@Z 004283c9 f   cmodel.obj
 0001:0002743e       ?CM_TransformedPointContents@@YAHABUCVec3@@H00@Z 0042843e f   cmodel.obj
 0001:0002751f       ?CM_TransformedPointContents@@YAHABUCVec3@@H0ABUCAxis@@@Z 0042851f f   cmodel.obj
 0001:000275ca       ?CM_BoxLeafnums@@YAHABUCBox@@PAHH1H@Z 004285ca f   cmodel.obj
 0001:000276dd       ?BOX_ON_PLANE_SIDE@@YAHABUCBox@@ABUcplane_t@@@Z 004286dd f i cmodel.obj
 0001:00027747       ?CM_BoxTrace@@YAXAAUtrace_t@@ABUCVec3@@1ABUCBox@@HH@Z 00428747 f   cmodel.obj
 0001:000280df       ?CM_TransformedBoxTrace@@YAXAAUtrace_t@@ABUCVec3@@1ABUCBox@@HH11@Z 004290df f   cmodel.obj
 0001:0002825c       ?CM_TransformedBoxTrace@@YAXAAUtrace_t@@ABUCVec3@@1ABUCBox@@HH1ABUCAxis@@@Z 0042925c f   cmodel.obj
 0001:00028319       ?CM_BrushTrace@@YAHABUCVec3@@0PAHH@Z 00429319 f   cmodel.obj
 0001:00028709       ?CM_RefineBrushTrace@@YAHABUCVec3@@0PAHH@Z 00429709 f   cmodel.obj
 0001:000287af       ?CM_ClusterPVS@@YAPAEH@Z   004297af f   cmodel.obj
 0001:000288f3       ?CM_ClusterPHS@@YAPAEH@Z   004298f3 f   cmodel.obj
 0001:00028a56       ?CM_SetAreaPortalState@@YAXH_N@Z 00429a56 f   cmodel.obj
 0001:00028a7b       ?CM_AreasConnected@@YA_NHH@Z 00429a7b f   cmodel.obj
 0001:00028abf       ?CM_WriteAreaBits@@YAHPAEH@Z 00429abf f   cmodel.obj
 0001:00028b61       ?CM_WritePortalState@@YAXPAU_iobuf@@@Z 00429b61 f   cmodel.obj
 0001:00028b7b       ?CM_ReadPortalState@@YAXPAU_iobuf@@@Z 00429b7b f   cmodel.obj
 0001:00028b99       ?CM_HeadnodeVisible@@YA_NHPBE@Z 00429b99 f   cmodel.obj
 0001:00028c74       ?Com_DPrintf@@YAXPBDZZ     00429c74 f   common.obj
 0001:00028ced       ?DebugPrintf@@YAXPBDZZ     00429ced f   common.obj
 0001:00028d9c       ?IPWildcard@@YA_NPAUnetadr_t@@PBD@Z 00429d9c f   common.obj
 0001:00028e73       ?Com_ServerState@@YA?AW4server_state_t@@XZ 00429e73 f   common.obj
 0001:00028e79       ?Com_SetServerState@@YAXW4server_state_t@@@Z 00429e79 f   common.obj
 0001:00028e83       ?crand@@YAMXZ              00429e83 f   common.obj
 0001:00028ea1       ?Info_ValueForKey@@YAPBDPBD0@Z 00429ea1 f   common.obj
 0001:00028f20       ?Info_SetValueForKey@@YAXPADPBD1@Z 00429f20 f   common.obj
 0001:00029083       ?Info_Print@@YAXPBD@Z      0042a083 f   common.obj
 0001:00029109       ?Com_CheckCmdlineVar@@YA_NPBD@Z 0042a109 f   common.obj
 0001:0002915f       ?Com_Init@@YAXPBD@Z        0042a15f f   common.obj
 0001:00029506       ?Com_Frame@@YAXM@Z         0042a506 f   common.obj
 0001:00029900       ?Com_BlockSequenceCRCByte@@YAEPAEHH@Z 0042a900 f   crc.obj
 0001:000299b6       ?Cvar_VariableValue@@YAMPBD@Z 0042a9b6 f   cvar.obj
 0001:00029a24       ?Cvar_VariableInt@@YAHPBD@Z 0042aa24 f   cvar.obj
 0001:00029a37       ?Cvar_VariableString@@YAPBDPBD@Z 0042aa37 f   cvar.obj
 0001:00029a4f       ?Cvar_Get@@YAPAUcvar_t@@PBD0H@Z 0042aa4f f   cvar.obj
 0001:00029d16       ?Cvar_GetVars@@YAXPBUcvarInfo_t@@H@Z 0042ad16 f   cvar.obj
 0001:00029dc0       ?Cvar_FullSet@@YAXPAUcvar_t@@PBDI@Z 0042adc0 f   cvar.obj
 0001:00029ddf       ?Cvar_FullSet@@YAPAUcvar_t@@PBD0I@Z 0042addf f   cvar.obj
 0001:00029e1f       ?Cvar_SetValue@@YAPAUcvar_t@@PBDM@Z 0042ae1f f   cvar.obj
 0001:00029fb6       ?Cvar_SetInteger@@YAPAUcvar_t@@PBDH@Z 0042afb6 f   cvar.obj
 0001:00029fd8       ?Cvar_Set@@YAPAUcvar_t@@PBD0@Z 0042afd8 f   cvar.obj
 0001:00029fed       ?Cvar_ForceSet@@YAPAUcvar_t@@PBD0@Z 0042afed f   cvar.obj
 0001:0002a002       ?Cvar_Clamp@@YAMPAUcvar_t@@MM@Z 0042b002 f   cvar.obj
 0001:0002a060       ?Cvar_Command@@YA_NHPAPAD@Z 0042b060 f   cvar.obj
 0001:0002a0f9       ?IsDefault@cvar_t@@QAE_NXZ 0042b0f9 f i cvar.obj
 0001:0002a116       ?Cvar_WriteVariables@@YAXPAVCOutputDevice@@HHPBD@Z 0042b116 f   cvar.obj
 0001:0002a19c       ?Cvar_BitInfo@@YAPBDI@Z    0042b19c f   cvar.obj
 0001:0002a1ee       ?Cvar_Cheats@@YAX_N@Z      0042b1ee f   cvar.obj
 0001:0002aa61       ?MSG_WriteDeltaEntity@@YAXPAVsizebuf_t@@PBUentityStateEx_t@@PAU2@_N33@Z 0042ba61 f   entdelta.obj
 0001:0002b01d       ?MSG_WriteRemoveEntity@@YAXPAVsizebuf_t@@H@Z 0042c01d f   entdelta.obj
 0001:0002b05d       ?MSG_ReadEntityBits@@YAHPAVsizebuf_t@@PAIPA_N@Z 0042c05d f   entdelta.obj
 0001:0002b0ce       ?MSG_ReadDeltaEntity@@YAXPAVsizebuf_t@@PBUentityStateEx_t@@PAU2@I@Z 0042c0ce f   entdelta.obj
 0001:0002b151       ?MSG_WriteDeltaUsercmd@@YAXPAVsizebuf_t@@PBUusercmd_t@@PAU2@@Z 0042c151 f   entdelta.obj
 0001:0002b1e0       ?MSG_ReadDeltaUsercmd@@YAXPAVsizebuf_t@@PBUusercmd_t@@PAU2@@Z 0042c1e0 f   entdelta.obj
 0001:0002b4e3       ?MSG_WriteDeltaPlayerstate@@YAXPAVsizebuf_t@@PBUplayer_state_t@@PAU2@@Z 0042c4e3 f   entdelta.obj
 0001:0002b5ec       ?MSG_ReadDeltaPlayerstate@@YAXPAVsizebuf_t@@PBUplayer_state_t@@PAU2@@Z 0042c5ec f   entdelta.obj
 0001:0002b6a6       ?LoadPCX@@YAXPBDAAPAE1AAH2@Z 0042c6a6 f   images.obj
 0001:0002b7e1       ?LoadTGA@@YAXPBDAAPAEAAH2@Z 0042c7e1 f   images.obj
 0001:0002b9bb       ?LoadJPG@@YAXPBDAAPAEAAH2@Z 0042c9bb f   images.obj
 0001:0002bc55       ?ImageExists@@YAHPBDH@Z    0042cc55 f   images.obj
 0001:0002bd79       ?WriteTGA@@YA_NPBDPAEHH@Z  0042cd79 f   images.obj
 0001:0002bf6d       ?WriteJPG@@YA_NPBDPAEHH_N@Z 0042cf6d f   images.obj
 0001:0002c09e       ?MD4Init@@YAXPAUMD4_CTX@@@Z 0042d09e f   md4.obj
 0001:0002c0c6       ?MD4Update@@YAXPAUMD4_CTX@@PAEI@Z 0042d0c6 f   md4.obj
 0001:0002c164       ?MD4Final@@YAXQAEPAUMD4_CTX@@@Z 0042d164 f   md4.obj
 0001:0002c855       ?Com_BlockChecksum@@YAIPAXH@Z 0042d855 f   md4.obj
 0001:0002c891       ?LoadQ2BspFile@@YAXXZ      0042d891 f   model.obj
 0001:0002cc47       ?LoadBspFile@@YAPAUbspfile_t@@PBD_NPAI@Z 0042dc47 f   model.obj
 0001:0002ce00       ?ProcessEntstring@@YAPADPAD@Z 0042de00 f   model.obj
 0001:0002dca9       ?Init@sizebuf_t@@QAEXPAXH@Z 0042eca9 f   msg.obj
 0001:0002dcc4       ?Write@sizebuf_t@@QAEXPBXH@Z 0042ecc4 f   msg.obj
 0001:0002dd34       ?MSG_WriteChar@@YAXPAVsizebuf_t@@H@Z 0042ed34 f   msg.obj
 0001:0002dd34       ?MSG_WriteByte@@YAXPAVsizebuf_t@@H@Z 0042ed34 f   msg.obj
 0001:0002dd45       ?MSG_WriteShort@@YAXPAVsizebuf_t@@H@Z 0042ed45 f   msg.obj
 0001:0002dd56       ?MSG_WriteFloat@@YAXPAVsizebuf_t@@M@Z 0042ed56 f   msg.obj
 0001:0002dd56       ?MSG_WriteLong@@YAXPAVsizebuf_t@@H@Z 0042ed56 f   msg.obj
 0001:0002dd67       ?MSG_WriteString@@YAXPAVsizebuf_t@@PBD@Z 0042ed67 f   msg.obj
 0001:0002dd91       ?MSG_WritePos@@YAXPAVsizebuf_t@@ABUCVec3@@@Z 0042ed91 f   msg.obj
 0001:0002ddf5       ?MSG_WriteAngle@@YAXPAVsizebuf_t@@M@Z 0042edf5 f   msg.obj
 0001:0002de20       ?MSG_WriteAngle16@@YAXPAVsizebuf_t@@M@Z 0042ee20 f   msg.obj
 0001:0002de4b       ?MSG_WriteDir@@YAXPAVsizebuf_t@@ABUCVec3@@@Z 0042ee4b f   msg.obj
 0001:0002deb3       ?MSG_ReadDir@@YAXPAVsizebuf_t@@AAUCVec3@@@Z 0042eeb3 f   msg.obj
 0001:0002dee4       ?MSG_ReadChar@@YAHPAVsizebuf_t@@@Z 0042eee4 f   msg.obj
 0001:0002df04       ?MSG_ReadByte@@YAHPAVsizebuf_t@@@Z 0042ef04 f   msg.obj
 0001:0002df24       ?MSG_ReadShort@@YAHPAVsizebuf_t@@@Z 0042ef24 f   msg.obj
 0001:0002df44       ?MSG_ReadLong@@YAHPAVsizebuf_t@@@Z 0042ef44 f   msg.obj
 0001:0002df63       ?MSG_ReadString@@YAPADPAVsizebuf_t@@@Z 0042ef63 f   msg.obj
 0001:0002df96       ?MSG_ReadPos@@YAXPAVsizebuf_t@@AAUCVec3@@@Z 0042ef96 f   msg.obj
 0001:0002dfe8       ?MSG_ReadAngle@@YAMPAVsizebuf_t@@@Z 0042efe8 f   msg.obj
 0001:0002e002       ?MSG_ReadAngle16@@YAMPAVsizebuf_t@@@Z 0042f002 f   msg.obj
 0001:0002e01c       ?MSG_ReadData@@YAXPAVsizebuf_t@@PAXH@Z 0042f01c f   msg.obj
 0001:0002e03f       ?Netchan_Init@@YAXXZ       0042f03f f   net_chan.obj
 0001:0002e0ae       ?Netchan_OutOfBandPrint@@YAXW4netsrc_t@@Unetadr_t@@PBDZZ 0042f0ae f   net_chan.obj
 0001:0002e133       ?Setup@netchan_t@@QAEXW4netsrc_t@@Unetadr_t@@H@Z 0042f133 f   net_chan.obj
 0001:0002e188       ?NeedReliable@netchan_t@@QAE_NXZ 0042f188 f   net_chan.obj
 0001:0002e1ad       ?Transmit@netchan_t@@QAEXPAXH@Z 0042f1ad f   net_chan.obj
 0001:0002e343       ?Process@netchan_t@@QAE_NPAVsizebuf_t@@@Z 0042f343 f   net_chan.obj
 0001:0002e470       ?Pmove@@YAXPAUpmove_t@@@Z  0042f470 f   pmove.obj
 0001:000300d6       ?NormalizeColor@@YAMABUCVec3@@AAU1@@Z 004310d6 f   q_shared2.obj
 0001:00030132       ?NormalizeColor255@@YAMABUCVec3@@AAU1@@Z 00431132 f   q_shared2.obj
 0001:00030192       ?appRsqrt@@YAMM@Z          00431192 f   q_shared2.obj
 0001:000301be       ?AngleVectors@@YAXABUCVec3@@PAU1@11@Z 004311be f   q_shared2.obj
 0001:0003031f       ?MakeNormalVectors@@YAXABUCVec3@@AAU1@1@Z 0043131f f   q_shared2.obj
 0001:0003038e       ?Vec2Angles@@YAXABUCVec3@@AAU1@@Z 0043138e f   q_shared2.obj
 0001:00030491       ?Vec2Yaw@@YAMABUCVec3@@@Z  00431491 f   q_shared2.obj
 0001:00030504       ?VectorLength@@YAMABUCVec3@@@Z 00431504 f   q_shared2.obj
 0001:00030533       ?VectorDistance@@YAMABUCVec3@@0@Z 00431533 f   q_shared2.obj
 0001:00030564       ?LerpAngle@@YAMMMM@Z       00431564 f   q_shared2.obj
 0001:000305a7       ?AngleMod@@YAMM@Z          004315a7 f   q_shared2.obj
 0001:000305d3       ?AngleSubtract@@YAMMM@Z    004315d3 f   q_shared2.obj
 0001:0003060a       ?AnglesSubtract@@YAXABUCVec3@@0AAU1@@Z 0043160a f   q_shared2.obj
 0001:00030662       ?Normalize@CVec3@@QAEMXZ   00431662 f   q_shared2.obj
 0001:000306b4       ?VectorNormalize@@YAMABUCVec3@@AAU1@@Z 004316b4 f   q_shared2.obj
 0001:0003071d       ?NormalizeFast@CVec3@@QAEMXZ 0043171d f   q_shared2.obj
 0001:0003076e       ?cross@@YAXABUCVec3@@0AAU1@@Z 0043176e f   q_shared2.obj
 0001:000307a9       ?Clear@CBox@@QAEXXZ        004317a9 f   q_shared2.obj
 0001:000307c7       ?Expand@CBox@@QAEXABUCVec3@@@Z 004317c7 f   q_shared2.obj
 0001:000307f6       ?Expand@CBox@@QAEXABU1@@Z  004317f6 f   q_shared2.obj
 0001:00030832       ?GetCenter@CBox@@QAEXAAUCVec3@@@Z 00431832 f   q_shared2.obj
 0001:00030852       ?OnPlaneSide@CBox@@QBEHABUcplane_t@@@Z 00431852 f   q_shared2.obj
 0001:00030981       ?FromAngles@CAxis@@QAEXABUCVec3@@@Z 00431981 f   q_shared2.obj
 0001:000309c0       ?TransformVector@CAxis@@QBEXABUCVec3@@AAU2@@Z 004319c0 f   q_shared2.obj
 0001:00030a11       ?UnTransformVector@CAxis@@QBEXABUCVec3@@AAU2@@Z 00431a11 f   q_shared2.obj
 0001:00030a75       ?TransformAxis@CAxis@@QBEXABU1@AAU1@@Z 00431a75 f   q_shared2.obj
 0001:00030abb       ?UnTransformAxis@CAxis@@QBEXABU1@AAU1@@Z 00431abb f   q_shared2.obj
 0001:00030b01       ?TransformPoint@CCoords@@QBEXABUCVec3@@AAU2@@Z 00431b01 f   q_shared2.obj
 0001:00030b5f       ?UnTransformPoint@CCoords@@QBEXABUCVec3@@AAU2@@Z 00431b5f f   q_shared2.obj
 0001:00030bcc       ?UnTransformCoords@CCoords@@QBEXABU1@AAU1@@Z 00431bcc f   q_shared2.obj
 0001:00030bf6       ?TransformPlane@CCoords@@QBEXABUcplane_t@@AAU2@@Z 00431bf6 f   q_shared2.obj
 0001:00030c2e       ?TransformPoint@@YAXABUCVec3@@ABUCAxis@@0AAU1@@Z 00431c2e f   q_shared2.obj
 0001:00030c91       ?UnTransformPoint@@YAXABUCVec3@@ABUCAxis@@0AAU1@@Z 00431c91 f   q_shared2.obj
 0001:00030d01       ?COM_Parse@@YAPADAAPBD_N@Z 00431d01 f   q_shared2.obj
 0001:00030e21       ?COM_QuoteString@@YAPBDPBD_N@Z 00431e21 f   q_shared2.obj
 0001:00030e93       ?FileExists@CQuakeFileSystem@@UAE_NPBDI@Z 00431e93 f i QuakeFileSystem.obj
 0001:00030efa       ?CheckFilename@CQuakeFileSystem@@AAEXPBD@Z 00431efa f i QuakeFileSystem.obj
 0001:00030f99       ?OpenFile@CQuakeFileSystem@@UAEPAVCFile@@PBDI@Z 00431f99 f i QuakeFileSystem.obj
 0001:00031029       ?List@CQuakeFileSystem@@UAEPAVCFileList@@PBDIPAV2@@Z 00432029 f i QuakeFileSystem.obj
 0001:000310a4       ?FS_Gamedir@@YAPBDXZ       004320a4 f   QuakeFileSystem.obj
 0001:000310aa       ?FS_NextPath@@YAPBDPBD@Z   004320aa f   QuakeFileSystem.obj
 0001:000310ea       ?FS_CopyFile@@YAXPBD0@Z    004320ea f   QuakeFileSystem.obj
 0001:000311c0       ?FS_CopyFiles@@YAXPBD0@Z   004321c0 f   QuakeFileSystem.obj
 0001:000312da       ?FS_RemoveFiles@@YAXPBD@Z  004322da f   QuakeFileSystem.obj
 0001:00031395       ?InitFileSystem@@YAXXZ     00432395 f   QuakeFileSystem.obj
 0001:000314c9       ?Create@CFileContainerPak@@SAPAVCFileContainer@@PBDPAU_iobuf@@@Z 004324c9 f i QuakeFileSystem.obj
 0001:00031632       ??0CFileContainerArc@@QAE@XZ 00432632 f i QuakeFileSystem.obj
 0001:00031679       ?GetType@CFileContainerPak@@MAEPBDXZ 00432679 f i QuakeFileSystem.obj
 0001:0003167f       ?OpenFile@CFileContainerPak@@MAEPAVCFile@@ABVCStringItem@@@Z 0043267f f i QuakeFileSystem.obj
 0001:000316cc       ?Read@CFilePak@CFileContainerPak@@UAEHPAXH@Z 004326cc f i QuakeFileSystem.obj
 0001:00031705       ?GetSize@CFilePak@CFileContainerPak@@UAEHXZ 00432705 f i QuakeFileSystem.obj
 0001:0003170c       ?Eof@CFilePak@CFileContainerPak@@UAE_NXZ 0043270c f i QuakeFileSystem.obj
 0001:00031719       ??_GCFilePak@CFileContainerPak@@UAEPAXI@Z 00432719 f i QuakeFileSystem.obj
 0001:00031719       ??_ECFilePak@CFileContainerPak@@UAEPAXI@Z 00432719 f i QuakeFileSystem.obj
 0001:0003174b       ?Create@CFileContainerZip@@SAPAVCFileContainer@@PBDPAU_iobuf@@@Z 0043274b f i QuakeFileSystem.obj
 0001:00031a55       ?GetType@CFileContainerZip@@MAEPBDXZ 00432a55 f i QuakeFileSystem.obj
 0001:00031a5b       ?OpenFile@CFileContainerZip@@MAEPAVCFile@@ABVCStringItem@@@Z 00432a5b f i QuakeFileSystem.obj
 0001:00031af7       ??0CFilePak@CFileContainerZip@@QAE@ABVCFileInfo@1@PAU_iobuf@@@Z 00432af7 f i QuakeFileSystem.obj
 0001:00031b47       ?Read@CFilePak@CFileContainerZip@@UAEHPAXH@Z 00432b47 f i QuakeFileSystem.obj
 0001:00031c90       ?GetSize@CFilePak@CFileContainerZip@@UAEHXZ 00432c90 f i QuakeFileSystem.obj
 0001:00031c9a       ?Eof@CFilePak@CFileContainerZip@@UAE_NXZ 00432c9a f i QuakeFileSystem.obj
 0001:00031cad       ??_GCFilePak@CFileContainerZip@@UAEPAXI@Z 00432cad f i QuakeFileSystem.obj
 0001:00031cad       ??_ECFilePak@CFileContainerZip@@UAEPAXI@Z 00432cad f i QuakeFileSystem.obj
 0001:00031cc9       ??1CFilePak@CFileContainerZip@@UAE@XZ 00432cc9 f i QuakeFileSystem.obj
 0001:00031d38       ??_GCZResource@@UAEPAXI@Z  00432d38 f i QuakeFileSystem.obj
 0001:00031d38       ??_ECZResource@@UAEPAXI@Z  00432d38 f i QuakeFileSystem.obj
 0001:00031d38       ??_ECFileContainerPak@@UAEPAXI@Z 00432d38 f i QuakeFileSystem.obj
 0001:00031d38       ??_GCFileContainerPak@@UAEPAXI@Z 00432d38 f i QuakeFileSystem.obj
 0001:00031d38       ??_ECFileContainerZip@@UAEPAXI@Z 00432d38 f i QuakeFileSystem.obj
 0001:00031d38       ??_GCFileContainerArc@@UAEPAXI@Z 00432d38 f i QuakeFileSystem.obj
 0001:00031d38       ??_ECFileContainerArc@@UAEPAXI@Z 00432d38 f i QuakeFileSystem.obj
 0001:00031d38       ??_GCFileContainerZip@@UAEPAXI@Z 00432d38 f i QuakeFileSystem.obj
 0001:00031d64       ?Mount@CZResource@@SAPAVCFileContainer@@PBDPBE0PAVCFileSystem@@@Z 00432d64 f i QuakeFileSystem.obj
 0001:00031f10       ?GetType@CZResource@@MAEPBDXZ 00432f10 f i QuakeFileSystem.obj
 0001:00031f16       ?OpenFile@CZResource@@MAEPAVCFile@@ABVCStringItem@@@Z 00432f16 f i QuakeFileSystem.obj
 0001:00031f44       ??0CFileRes@CZResource@@QAE@ABVCFileInfo@1@PBXH@Z 00432f44 f i QuakeFileSystem.obj
 0001:00031ff7       ?Read@CFileRes@CZResource@@UAEHPAXH@Z 00432ff7 f i QuakeFileSystem.obj
 0001:00032049       ?GetSize@CFileRes@CZResource@@UAEHXZ 00433049 f i QuakeFileSystem.obj
 0001:00032050       ?Eof@CFileRes@CZResource@@UAE_NXZ 00433050 f i QuakeFileSystem.obj
 0001:0003205d       ??_GCFileRes@CZResource@@UAEPAXI@Z 0043305d f i QuakeFileSystem.obj
 0001:0003205d       ??_ECFileRes@CZResource@@UAEPAXI@Z 0043305d f i QuakeFileSystem.obj
 0001:0003208c       ?MountGame@CQuakeFileSystem@@QAEXPBD@Z 0043308c f i QuakeFileSystem.obj
 0001:000320d7       ?SetGameDir@CQuakeFileSystem@@QAE_NPBD@Z 004330d7 f i QuakeFileSystem.obj
 0001:000322d7       ?FS_Tick@@YAXXZ            004332d7 f   QuakeFileSystem.obj
 0001:00032420       ?CDAudio_Play@@YAXH_N@Z    00433420 f   cd_win.obj
 0001:0003260e       ?CDAudio_Stop@@YAXXZ       0043360e f   cd_win.obj
 0001:000326cf       ?CDAudio_Update@@YAXXZ     004336cf f   cd_win.obj
 0001:00032772       ?CDAudio_Init@@YA_NXZ      00433772 f   cd_win.obj
 0001:00032b93       ?CDAudio_Shutdown@@YAXXZ   00433b93 f   cd_win.obj
 0001:00032bb6       ?CDAudio_Activate@@YAX_N@Z 00433bb6 f   cd_win.obj
 0001:00032bc7       ?IN_Init@@YAXXZ            00433bc7 f   in_win.obj
 0001:00032e54       ?IN_Shutdown@@YAXXZ        00433e54 f   in_win.obj
 0001:000330b0       ?IN_Activate@@YAX_N@Z      004340b0 f   in_win.obj
 0001:000330ba       ?IN_Frame@@YAXXZ           004340ba f   in_win.obj
 0001:0003341c       ?IN_Move@@YAXPAUusercmd_t@@@Z 0043441c f   in_win.obj
 0001:000338c5       ?NET_CompareAdr@@YA_NPAUnetadr_t@@0@Z 004348c5 f   net_wins.obj
 0001:000338fb       ?NET_CompareBaseAdr@@YA_NPAUnetadr_t@@0@Z 004348fb f   net_wins.obj
 0001:00033924       ?NET_AdrToString@@YAPBDPAUnetadr_t@@@Z 00434924 f   net_wins.obj
 0001:00033967       ?NET_StringToAdr@@YA_NPBDPAUnetadr_t@@F@Z 00434967 f   net_wins.obj
 0001:00033a7b       ?NET_IsLocalAddress@@YA_NPAUnetadr_t@@@Z 00434a7b f   net_wins.obj
 0001:00033a87       ?NET_GetPacket@@YA_NW4netsrc_t@@PAUnetadr_t@@PAVsizebuf_t@@@Z 00434a87 f   net_wins.obj
 0001:00033be2       ?NET_SendPacket@@YAXW4netsrc_t@@HPAXUnetadr_t@@@Z 00434be2 f   net_wins.obj
 0001:00033cfd       ?NET_Config@@YAX_N@Z       00434cfd f   net_wins.obj
 0001:00033ed5       ?NET_Init@@YAXXZ           00434ed5 f   net_wins.obj
 0001:00033f88       ?SNDDMA_Init@@YA_NXZ       00434f88 f   snd_win.obj
 0001:000345cf       ?SNDDMA_GetDMAPos@@YAHXZ   004355cf f   snd_win.obj
 0001:00034619       ?SNDDMA_BeginPainting@@YAXXZ 00435619 f   snd_win.obj
 0001:00034731       ?SNDDMA_Submit@@YAXXZ      00435731 f   snd_win.obj
 0001:00034756       ?SNDDMA_Shutdown@@YAXXZ    00435756 f   snd_win.obj
 0001:0003475b       ?S_Activate@@YAX_N@Z       0043575b f   snd_win.obj
 0001:000347a9       ?Write@COutputDeviceWin32Console@@UAEXPBD@Z 004357a9 f i sys_win.obj
 0001:00034821       ?EraseInput@COutputDeviceWin32Console@@QAEXXZ 00435821 f i sys_win.obj
 0001:000348a7       ?Sys_ConsoleInput@@YAPADXZ 004358a7 f   sys_win.obj
 0001:00034b30       ?Sys_ProcessMessages@@YAXXZ 00435b30 f   sys_win.obj
 0001:00034be9       _WinMain@16                00435be9 f   sys_win.obj
 0001:00034ec2       ??_GCOutputDeviceCon@@UAEPAXI@Z 00435ec2 f i sys_win.obj
 0001:00034ec2       ??_ECOutputDeviceCon@@UAEPAXI@Z 00435ec2 f i sys_win.obj
 0001:00034f67       ?Init@COutputDeviceWin32Console@@QAEXXZ 00435f67 f i sys_win.obj
 0001:00034f91       ?AddMsgHook@@YAXP6A_NIIJ@Z@Z 00435f91 f   vid_dll.obj
 0001:00034fd5       ?RemoveMsgHook@@YAXP6A_NIIJ@Z@Z 00435fd5 f   vid_dll.obj
 0001:00035004       ?Vid_CreateWindow@@YAPAXHH_N@Z 00436004 f   vid_dll.obj
 0001:00035714       ?Vid_DestroyWindow@@YAX_N@Z 00436714 f   vid_dll.obj
 0001:00035750       ?Vid_Restart@@YAXXZ        00436750 f   vid_dll.obj
 0001:0003575c       ?Vid_GetModeInfo@@YA_NPAH0H@Z 0043675c f   vid_dll.obj
 0001:0003578c       ?Vid_Tick@@YAXXZ           0043678c f   vid_dll.obj
 0001:0003593c       ?Vid_Init@@YAXXZ           0043693c f   vid_dll.obj
 0001:000359df       ?Vid_Shutdown@@YAXXZ       004369df f   vid_dll.obj
 0001:000359fe       ?Tesselate@surfacePlanar_t@OpenGLDrv@@UAEXAAUrefEntity_t@2@@Z 004369fe f   gl_backend.obj
 0001:000363da       ?Negate@CVec3@@QAEXXZ      004373da f i gl_backend.obj
 0001:00038012       ?Tesselate@surfacePoly_t@OpenGLDrv@@UAEXAAUrefEntity_t@2@@Z 00439012 f   gl_backend.obj
 0001:00038119       ?Tesselate@surfaceMd3_t@OpenGLDrv@@UAEXAAUrefEntity_t@2@@Z 00439119 f   gl_backend.obj
 0001:000384a8       ?DrawTriangles@OpenGLDrv@@YA_NXZ 004394a8 f   gl_backend.obj
 0001:000385bd       ?DrawNormals@OpenGLDrv@@YA_NXZ 004395bd f   gl_backend.obj
 0001:000386c7       ?Tesselate@surfaceEntity_t@OpenGLDrv@@UAEXAAUrefEntity_t@2@@Z 004396c7 f   gl_backend.obj
 0001:000387ab       ?Tesselate@surfaceParticle_t@OpenGLDrv@@UAEXAAUrefEntity_t@2@@Z 004397ab f   gl_backend.obj
 0001:000389fb       ?BK_DrawScene@OpenGLDrv@@YAXXZ 004399fb f   gl_backend.obj
 0001:00039023       ?BK_DrawPic@OpenGLDrv@@YAXPAVshader_t@1@HHHHMMMMIE@Z 0043a023 f   gl_backend.obj
 0001:00039204       ?BK_DrawText@OpenGLDrv@@YAXPBDHHHHHI@Z 0043a204 f   gl_backend.obj
 0001:000393f9       ?BK_BeginFrame@OpenGLDrv@@YAXXZ 0043a3f9 f   gl_backend.obj
 0001:0003945d       ?BK_EndFrame@OpenGLDrv@@YAXXZ 0043a45d f   gl_backend.obj
 0001:0003949c       ?BK_Init@OpenGLDrv@@YAXXZ  0043a49c f   gl_backend.obj
 0001:000394cb       ?BK_Shutdown@OpenGLDrv@@YAXXZ 0043a4cb f   gl_backend.obj
 0001:000394e3       ?AllocDynamicMemory@OpenGLDrv@@YAPAXH@Z 0043a4e3 f   gl_buffers.obj
 0001:0003954e       ?ResizeDynamicMemory@OpenGLDrv@@YAXPAXH@Z 0043a54e f   gl_buffers.obj
 0001:00039590       ?AddSurfaceToPortal@OpenGLDrv@@YAXPAVsurfaceBase_t@1@PAVshader_t@1@HH@Z 0043a590 f   gl_buffers.obj
 0001:00039601       ?InsertShaderIndex@OpenGLDrv@@YAXH@Z 0043a601 f   gl_buffers.obj
 0001:0003963a       ?ClearPortal@OpenGLDrv@@YAXXZ 0043a63a f   gl_buffers.obj
 0001:00039658       ?SortSurfaces@OpenGLDrv@@YAXPAUviewPortal_t@1@PAPAUsurfaceInfo_t@1@@Z 0043a658 f   gl_buffers.obj
 0001:000397ea       ?ClearBuffers@OpenGLDrv@@YAXXZ 0043a7ea f   gl_buffers.obj
 0001:00039801       ?CreateBuffers@OpenGLDrv@@YAXXZ 0043a801 f   gl_buffers.obj
 0001:00039827       ?FreeBuffers@OpenGLDrv@@YAXXZ 0043a827 f   gl_buffers.obj
 0001:0003984b       ?InitEntity@model_t@OpenGLDrv@@UAE_NPAUentity_t@@PAUrefEntity_t@2@@Z 0043a84b f   gl_frontend.obj
 0001:00039850       ?AddSurfaces@model_t@OpenGLDrv@@UAEXPAUrefEntity_t@2@@Z 0043a850 f   gl_frontend.obj
 0001:0003987e       ?GetLeaf@model_t@OpenGLDrv@@UAEPAUnode_t@2@PAUrefEntity_t@2@@Z 0043a87e f   gl_frontend.obj
 0001:0003988f       ?DrawLabel@model_t@OpenGLDrv@@UAEXPAUrefEntity_t@2@@Z 0043a88f f   gl_frontend.obj
 0001:00039892       ?InitEntity@inlineModel_t@OpenGLDrv@@UAE_NPAUentity_t@@PAUrefEntity_t@2@@Z 0043a892 f   gl_frontend.obj
 0001:000398e4       ?AddSurfaces@inlineModel_t@OpenGLDrv@@UAEXPAUrefEntity_t@2@@Z 0043a8e4 f   gl_frontend.obj
 0001:00039dd2       ?GetLeaf@inlineModel_t@OpenGLDrv@@UAEPAUnode_t@2@PAUrefEntity_t@2@@Z 0043add2 f   gl_frontend.obj
 0001:00039f77       ?DrawLabel@inlineModel_t@OpenGLDrv@@UAEXPAUrefEntity_t@2@@Z 0043af77 f   gl_frontend.obj
 0001:00039fbd       ?InitEntity@md3Model_t@OpenGLDrv@@UAE_NPAUentity_t@@PAUrefEntity_t@2@@Z 0043afbd f   gl_frontend.obj
 0001:0003a19b       ?AddSurfaces@md3Model_t@OpenGLDrv@@UAEXPAUrefEntity_t@2@@Z 0043b19b f   gl_frontend.obj
 0001:0003a2d5       ?GetLeaf@md3Model_t@OpenGLDrv@@UAEPAUnode_t@2@PAUrefEntity_t@2@@Z 0043b2d5 f   gl_frontend.obj
 0001:0003a30d       ?DrawLabel@md3Model_t@OpenGLDrv@@UAEXPAUrefEntity_t@2@@Z 0043b30d f   gl_frontend.obj
 0001:0003a373       ?InitEntity@sprModel_t@OpenGLDrv@@UAE_NPAUentity_t@@PAUrefEntity_t@2@@Z 0043b373 f   gl_frontend.obj
 0001:0003a393       ?AddSurfaces@sprModel_t@OpenGLDrv@@UAEXPAUrefEntity_t@2@@Z 0043b393 f   gl_frontend.obj
 0001:0003a516       ?GetLeaf@sprModel_t@OpenGLDrv@@UAEPAUnode_t@2@PAUrefEntity_t@2@@Z 0043b516 f   gl_frontend.obj
 0001:0003a5f7       ?AddEntity@OpenGLDrv@@YAXPAUentity_t@@@Z 0043b5f7 f   gl_frontend.obj
 0001:0003a786       ?AddDlight@OpenGLDrv@@YAXPAUdlight_t@@@Z 0043b786 f   gl_frontend.obj
 0001:0003a93e       ?DrawPortal@OpenGLDrv@@YAXXZ 0043b93e f   gl_frontend.obj
 0001:0003c908       ?GL_TextureMode@OpenGLDrv@@YAXPBD@Z 0043d908 f   gl_image.obj
 0001:0003c9b0       ?CreateImage@OpenGLDrv@@YAPAVimage_t@1@PBDPAXHHI@Z 0043d9b0 f   gl_image.obj
 0001:0003d751       ?LoadDelayedImages@OpenGLDrv@@YAXXZ 0043e751 f   gl_image.obj
 0001:0003d7e4       ?DrawStretchRaw8@OpenGLDrv@@YAXHHHHHHPAEPAI@Z 0043e7e4 f   gl_image.obj
 0001:0003dbbb       ?SetupGamma@OpenGLDrv@@YAXXZ 0043ebbb f   gl_image.obj
 0001:0003dd01       ?PerformScreenshot@OpenGLDrv@@YAXXZ 0043ed01 f   gl_image.obj
 0001:0003df71       ?InitImages@OpenGLDrv@@YAXXZ 0043ef71 f   gl_image.obj
 0001:0003e74e       ?ShutdownImages@OpenGLDrv@@YAXXZ 0043f74e f   gl_image.obj
 0001:0003e7b5       ?ShowImages@OpenGLDrv@@YAXXZ 0043f7b5 f   gl_image.obj
 0001:0003ea41       ?FindImage@OpenGLDrv@@YAPAVimage_t@1@PBDI@Z 0043fa41 f   gl_image.obj
 0001:0003edbd       ?GL_Lock@OpenGLDrv@@YAXXZ  0043fdbd f   gl_interface.obj
 0001:0003ee35       ?GL_Unlock@OpenGLDrv@@YAXXZ 0043fe35 f   gl_interface.obj
 0001:0003eff7       ?GL_Bind@OpenGLDrv@@YAXPBVimage_t@1@@Z 0043fff7 f   gl_interface.obj
 0001:0003f121       ?GL_BindForce@OpenGLDrv@@YAXPBVimage_t@1@@Z 00440121 f   gl_interface.obj
 0001:0003f19f       ?GL_TexEnv@OpenGLDrv@@YAXI@Z 0044019f f   gl_interface.obj
 0001:0003f31e       ?GL_TexMipBias@OpenGLDrv@@YAXM@Z 0044031e f   gl_interface.obj
 0001:0003f379       ?GL_TexEnvColor@OpenGLDrv@@YAXPBTcolor_t@@@Z 00440379 f   gl_interface.obj
 0001:0003f429       ?GL_SelectTexture@OpenGLDrv@@YAXH@Z 00440429 f   gl_interface.obj
 0001:0003f48a       ?GL_TexCoordPointer@OpenGLDrv@@YAXPAX@Z 0044048a f   gl_interface.obj
 0001:0003f4ba       ?GL_SetMultitexture@OpenGLDrv@@YAXH@Z 004404ba f   gl_interface.obj
 0001:0003f5a0       ?GL_DisableTexCoordArrays@OpenGLDrv@@YAXXZ 004405a0 f   gl_interface.obj
 0001:0003f5f4       ?GL_CullFace@OpenGLDrv@@YAXW4gl_cullMode_t@1@@Z 004405f4 f   gl_interface.obj
 0001:0003f645       ?GL_DepthRange@OpenGLDrv@@YAXW4gl_depthMode_t@1@@Z 00440645 f   gl_interface.obj
 0001:0003f678       ?GL_State@OpenGLDrv@@YAXI@Z 00440678 f   gl_interface.obj
 0001:0003f7c8       ?GL_EnableFog@OpenGLDrv@@YAX_N@Z 004407c8 f   gl_interface.obj
 0001:0003f8c0       ?GL_SetDefaultState@OpenGLDrv@@YAXXZ 004408c0 f   gl_interface.obj
 0001:0003fa1c       ?GL_Set2DMode@OpenGLDrv@@YAXXZ 00440a1c f   gl_interface.obj
 0001:0003fb17       ?GL_Set3DMode@OpenGLDrv@@YAXPAUviewPortal_t@1@@Z 00440b17 f   gl_interface.obj
 0001:0003fbff       ?ShowLights@OpenGLDrv@@YAXXZ 00440bff f   gl_light.obj
 0001:0003ffe8       ?LightForEntity@OpenGLDrv@@YAXPAUrefEntity_t@1@@Z 00440fe8 f   gl_light.obj
 0001:0004127a       ?DiffuseLight@OpenGLDrv@@YAXPATcolor_t@@M@Z 0044227a f   gl_light.obj
 0001:000414c6       ?InitLightGrid@OpenGLDrv@@YAXXZ 004424c6 f   gl_light.obj
 0001:0004156c       ?PostLoadLights@OpenGLDrv@@YAXXZ 0044256c f   gl_light.obj
 0001:000417fc       ?LM_Init@OpenGLDrv@@YAXXZ  004427fc f   gl_lightmap.obj
 0001:00041812       ?LM_Flush@OpenGLDrv@@YAXPAUlightmapBlock_t@1@@Z 00442812 f   gl_lightmap.obj
 0001:0004186f       ?LM_Done@OpenGLDrv@@YAXXZ  0044286f f   gl_lightmap.obj
 0001:00041896       ?LM_Save@OpenGLDrv@@YAXPAUlightmapBlock_t@1@@Z 00442896 f   gl_lightmap.obj
 0001:000418ae       ?LM_Restore@OpenGLDrv@@YAXPAUlightmapBlock_t@1@@Z 004428ae f   gl_lightmap.obj
 0001:000418c6       ?LM_NewBlock@OpenGLDrv@@YAPAUlightmapBlock_t@1@XZ 004428c6 f   gl_lightmap.obj
 0001:00041925       ?LM_Rewind@OpenGLDrv@@YAXXZ 00442925 f   gl_lightmap.obj
 0001:0004192d       ?LM_NextBlock@OpenGLDrv@@YAPAUlightmapBlock_t@1@XZ 0044292d f   gl_lightmap.obj
 0001:0004195a       ?LM_CheckMinlight@OpenGLDrv@@YAXPAUdynamicLightmap_t@1@@Z 0044295a f   gl_lightmap.obj
 0001:000419f0       ?LM_AllocBlock@OpenGLDrv@@YA_NPAUlightmapBlock_t@1@PAUdynamicLightmap_t@1@@Z 004429f0 f   gl_lightmap.obj
 0001:00041aa7       ?LM_PutBlock@OpenGLDrv@@YAXPAUdynamicLightmap_t@1@@Z 00442aa7 f   gl_lightmap.obj
 0001:00041ed4       ?LM_SortLightStyles@OpenGLDrv@@YAXPAUdynamicLightmap_t@1@@Z 00442ed4 f   gl_lightmap.obj
 0001:00041f65       ?UpdateDynamicLightmap@OpenGLDrv@@YAXPAVsurfacePlanar_t@1@_NI@Z 00442f65 f   gl_lightmap.obj
 0001:00042477       ?LM_IsMonotone@OpenGLDrv@@YA_NPAUdynamicLightmap_t@1@PATcolor_t@@@Z 00443477 f   gl_lightmap.obj
 0001:0004257e       ?Init@OpenGLDrv@@YA_NXZ    0044357e f   gl_main.obj
 0001:00042bc3       ?Shutdown@OpenGLDrv@@YAX_N@Z 00443bc3 f   gl_main.obj
 0001:00042c4c       ?GL_EnableRendering@OpenGLDrv@@YAX_N@Z 00443c4c f   gl_main.obj
 0001:00042c67       ?BeginFrame@OpenGLDrv@@YAXN@Z 00443c67 f   gl_main.obj
 0001:00042d91       ?EndFrame@OpenGLDrv@@YAXXZ 00443d91 f   gl_main.obj
 0001:00042da9       ?RenderFrame@OpenGLDrv@@YAXPAUrefdef_t@@@Z 00443da9 f   gl_main.obj
 0001:00043671       ?Fill8@OpenGLDrv@@YAXHHHHH@Z 00444671 f   gl_main.obj
 0001:000436b4       ?Fill@OpenGLDrv@@YAXHHHHI@Z 004446b4 f   gl_main.obj
 0001:000436f0       ?TileClear@OpenGLDrv@@YAXHHHHPBD@Z 004446f0 f   gl_main.obj
 0001:00043791       ?DrawStretchPic@OpenGLDrv@@YAXHHHHPBD@Z 00444791 f   gl_main.obj
 0001:000437d6       ?DrawDetailedPic@OpenGLDrv@@YAXHHHHPBD@Z 004447d6 f   gl_main.obj
 0001:00043880       ?DrawPic@OpenGLDrv@@YAXHHPBDHH@Z 00444880 f   gl_main.obj
 0001:00043908       ?LoadNewWorld@OpenGLDrv@@YAXPBD@Z 00444908 f   gl_main.obj
 0001:0004393a       ?DumpLoadStats@OpenGLDrv@@YAXXZ 0044493a f   gl_main.obj
 0001:000439c0       ?FinishLoadingWorld@OpenGLDrv@@YAXXZ 004449c0 f   gl_main.obj
 0001:000439c5       ?RegisterPic@OpenGLDrv@@YAPAVCBasicImage@@PBD@Z 004449c5 f   gl_main.obj
 0001:000439d6       ?RegisterSkin@OpenGLDrv@@YAPAVCBasicImage@@PBD_N@Z 004449d6 f   gl_main.obj
 0001:000439f4       ?RegisterModel@OpenGLDrv@@YAPAVCRenderModel@@PBD@Z 004449f4 f   gl_main.obj
 0001:000439ff       ?SetSky@OpenGLDrv@@YAXPBDMABUCVec3@@@Z 004449ff f   gl_main.obj
 0001:00043a9d       ?Screenshot@OpenGLDrv@@YAXHPBD@Z 00444a9d f   gl_main.obj
 0001:00043ac4       ?GetClientLight@OpenGLDrv@@YAMXZ 00444ac4 f   gl_main.obj
 0001:00043acb       ?InitFuncTables@OpenGLDrv@@YAXXZ 00444acb f   gl_math.obj
 0001:00043c71       ?BuildRotationAxis@OpenGLDrv@@YAXAAUCAxis@@ABUCVec3@@M@Z 00444c71 f   gl_math.obj
 0001:00043d68       ?GetBoxRect@OpenGLDrv@@YA_NPBUrefEntity_t@1@ABUCVec3@@QAM2_N@Z 00444d68 f   gl_math.obj
 0001:00044072       ?ProjectToScreen@OpenGLDrv@@YA_NABUCVec3@@QAH@Z 00445072 f   gl_math.obj
 0001:000441b5       ?SaturateColor3f@OpenGLDrv@@YAXAAUCVec3@@@Z 004451b5 f   gl_math.obj
 0001:000442a5       ?SaturateColor4b@OpenGLDrv@@YAXPATcolor_t@@@Z 004452a5 f   gl_math.obj
 0001:000443b3       ?SubdividePlane@OpenGLDrv@@YAHPAPAUCVec3@@HM@Z 004453b3 f   gl_poly.obj
 0001:00044834       ?FreeSubdividedPlane@OpenGLDrv@@YAXXZ 00445834 f   gl_poly.obj
 0001:0004484c       ?GetSubdivideIndexes@OpenGLDrv@@YAXPAH@Z 0044584c f   gl_poly.obj
 0001:0004489f       ?RemoveCollinearPoints@OpenGLDrv@@YAHPAPAUCVec3@@H@Z 0044589f f   gl_poly.obj
 0001:00044995       ?GetPolyArea@OpenGLDrv@@YAMPAPAUCVec3@@H@Z 00445995 f   gl_poly.obj
 0001:00044a29       ?InitShaders@OpenGLDrv@@YAXXZ 00445a29 f   gl_shader.obj
 0001:00044bae       ?ShutdownShaders@OpenGLDrv@@YAXXZ 00445bae f   gl_shader.obj
 0001:00044bec       ?GetLightmapImage@OpenGLDrv@@YAPAVimage_t@1@H@Z 00445bec f   gl_shader.obj
 0001:00044c14       ?SetShaderLightmap@OpenGLDrv@@YAPAVshader_t@1@PAV21@H@Z 00445c14 f   gl_shader.obj
 0001:00044f33       ??4shader_t@OpenGLDrv@@QAEAAV01@ABV01@@Z 00445f33 f i gl_shader.obj
 0001:00045169       ?SetShaderLightstyles@OpenGLDrv@@YAPAVshader_t@1@PAV21@I@Z 00446169 f   gl_shader.obj
 0001:00045205       ?GetAlphaShader@OpenGLDrv@@YAPAVshader_t@1@PAV21@@Z 00446205 f   gl_shader.obj
 0001:000455fb       ?FindShader@OpenGLDrv@@YAPAVshader_t@1@PBDI@Z 004465fb f   gl_shader.obj
 0001:00046f6b       ?GetShaderByNum@OpenGLDrv@@YAPAVshader_t@1@H@Z 00447f6b f   gl_shader.obj
 0001:00046f89       ?ResetShaders@OpenGLDrv@@YAXXZ 00447f89 f   gl_shader.obj
 0001:00047174       ?Reload@shader_t@OpenGLDrv@@UAEXXZ 00448174 f   gl_shader.obj
 0001:000471a3       ?ClearSky@OpenGLDrv@@YAXXZ 004481a3 f   gl_sky.obj
 0001:00047200       ?AddSkySurface@OpenGLDrv@@YAXPAVsurfacePlanar_t@1@E@Z 00448200 f   gl_sky.obj
 0001:000477c8       ?DrawSky@OpenGLDrv@@YAXXZ  004487c8 f   gl_sky.obj
 0001:00047e6c       ?DrawChar@OpenGLDrv@@YAXHHHH@Z 00448e6c f   gl_text.obj
 0001:00047ec6       ?ClearTexts@OpenGLDrv@@YAXXZ 00448ec6 f   gl_text.obj
 0001:00047edb       ?FlushTexts@OpenGLDrv@@YAXXZ 00448edb f   gl_text.obj
 0001:00047f87       ?DrawTextPos@OpenGLDrv@@YAXHHPBDI@Z 00448f87 f   gl_text.obj
 0001:00047fb3       ?DrawTextLeft@OpenGLDrv@@YAXPBDI@Z 00448fb3 f   gl_text.obj
 0001:0004803a       ?DrawTextRight@OpenGLDrv@@YAXPBDI@Z 0044903a f   gl_text.obj
 0001:00048084       ?DrawText3D@OpenGLDrv@@YAXABUCVec3@@PBDI@Z 00449084 f   gl_text.obj
 0001:000480b1       ?InitTexts@OpenGLDrv@@YAXXZ 004490b1 f   gl_text.obj
 0001:000480cb       ??0?$TTextContainer@UCRText@OpenGLDrv@@$0BAAAA@@@QAE@XZ 004490cb f i gl_text.obj
 0001:000480f0       ?FindModel@OpenGLDrv@@YAPAVmodel_t@1@PBD@Z 004490f0 f   gl_model.obj
 0001:000482cc       ?FreeModels@OpenGLDrv@@YAXXZ 004492cc f   gl_model.obj
 0001:0004833e       ?InitModels@OpenGLDrv@@YAXXZ 0044933e f   gl_model.obj
 0001:00048434       ?ShutdownModels@OpenGLDrv@@YAXXZ 00449434 f   gl_model.obj
 0001:00048445       ?LoadWorldMap@OpenGLDrv@@YAXPBD@Z 00449445 f   gl_bspmodel.obj
 0001:00049f4d       ?PointInLeaf@OpenGLDrv@@YAPAUnode_t@1@ABUCVec3@@@Z 0044af4d f   gl_bspmodel.obj
 0001:00049f98       ?CALL_CONSTRUCTOR@@YAXPAVinlineModel_t@OpenGLDrv@@@Z 0044af98 f i gl_bspmodel.obj
 0001:00049fae       ?LerpTag@model_t@OpenGLDrv@@UBE_NHHMPBDAAUCCoords@@@Z 0044afae f   gl_trimodel.obj
 0001:00049fbc       ?LerpTag@md3Model_t@OpenGLDrv@@UBE_NHHMPBDAAUCCoords@@@Z 0044afbc f   gl_trimodel.obj
 0001:0004a0cc       ?LoadMd2@OpenGLDrv@@YAPAVmd3Model_t@1@PBDPAEI@Z 0044b0cc f   gl_trimodel.obj
 0001:0004ac2e       ?ATAN2_FUNC@OpenGLDrv@@YAMMM@Z 0044bc2e f i gl_trimodel.obj
 0001:0004ade4       ?LoadMd3@OpenGLDrv@@YAPAVmd3Model_t@1@PBDPAEI@Z 0044bde4 f   gl_trimodel.obj
 0001:0004b299       ?LoadSp2@OpenGLDrv@@YAPAVsprModel_t@1@PBDPAEI@Z 0044c299 f   gl_trimodel.obj
 0001:0004b4b1       ?LoadSpr@OpenGLDrv@@YAPAVsprModel_t@1@PBDPAEI@Z 0044c4b1 f   gl_trimodel.obj
 0001:0004b5ba       ?CALL_CONSTRUCTOR@@YAXPAVmd3Model_t@OpenGLDrv@@@Z 0044c5ba f i gl_trimodel.obj
 0001:0004b5d0       ?CALL_CONSTRUCTOR@@YAXPAVsprModel_t@OpenGLDrv@@@Z 0044c5d0 f i gl_trimodel.obj
 0001:0004cb8d       ?QGL_Init@OpenGLDrv@@YA_NPBD@Z 0044db8d f   GLBind.obj
 0001:0004cc73       ?QGL_Shutdown@OpenGLDrv@@YAXXZ 0044dc73 f   GLBind.obj
 0001:0004ccb0       ?QGL_InitExtensions@OpenGLDrv@@YAXXZ 0044dcb0 f   GLBind.obj
 0001:0004d19a       ?QGL_PrintExtensionsString@OpenGLDrv@@YAXPBD00@Z 0044e19a f   GLBind.obj
 0001:0004d2e7       ?QGL_EnableLogging@OpenGLDrv@@YAX_N@Z 0044e2e7 f   GLBind.obj
 0001:0004d38d       ?QGL_LogMessage@OpenGLDrv@@YAXPBD@Z 0044e38d f   GLBind.obj
 0001:0004d3a3       ?QGL_SwapBuffers@OpenGLDrv@@YAXXZ 0044e3a3 f   GLBind.obj
 0001:0004d425       ?GLimp_HasGamma@OpenGLDrv@@YA_NXZ 0044e425 f   gl_win.obj
 0001:0004d439       ?GLimp_SetGamma@OpenGLDrv@@YAXM@Z 0044e439 f   gl_win.obj
 0001:0004d5df       ?GLimp_SetMode@OpenGLDrv@@YA_NPAI0H_N@Z 0044e5df f   gl_win.obj
 0001:0004d9b3       ?GLimp_Shutdown@OpenGLDrv@@YAX_N@Z 0044e9b3 f   gl_win.obj
 0001:0004da60       ?AppActivate@OpenGLDrv@@YAX_N@Z 0044ea60 f   gl_win.obj
 0001:0004dad0       _jpeg_CreateDecompress     0044ead0 f   libs:jdapimin.obj
 0001:0004db90       _jpeg_destroy_decompress   0044eb90 f   libs:jdapimin.obj
 0001:0004db90       _jpeg_destroy_compress     0044eb90 f   libs:jdapimin.obj
 0001:0004db9b       _jpeg_read_header          0044eb9b f   libs:jdapimin.obj
 0001:0004dbfd       _jpeg_consume_input        0044ebfd f   libs:jdapimin.obj
 0001:0004de4c       _jpeg_finish_decompress    0044ee4c f   libs:jdapimin.obj
 0001:0004dee3       _jpeg_start_decompress     0044eee3 f   libs:jdapistd.obj
 0001:0004e050       _jpeg_read_scanlines       0044f050 f   libs:jdapistd.obj
 0001:0004e0d4       _jpeg_resync_to_restart    0044f0d4 f   libs:jdmarker.obj
 0001:0004e299       _jinit_marker_reader       0044f299 f   libs:jdmarker.obj
 0001:0004f764       _jpeg_CreateCompress       00450764 f   libs:jcapimin.obj
 0001:0004f818       _jpeg_suppress_tables      00450818 f   libs:jcapimin.obj
 0001:0004f862       _jpeg_finish_compress      00450862 f   libs:jcapimin.obj
 0001:0004f94c       _jpeg_start_compress       0045094c f   libs:jcapistd.obj
 0001:0004f9b8       _jpeg_write_scanlines      004509b8 f   libs:jcapistd.obj
 0001:0004fa63       _jpeg_add_quant_table      00450a63 f   libs:jcparam.obj
 0001:0004fb15       _jpeg_quality_scaling      00450b15 f   libs:jcparam.obj
 0001:0004fb3c       _jpeg_set_quality          00450b3c f   libs:jcparam.obj
 0001:0004fb76       _jpeg_set_defaults         00450b76 f   libs:jcparam.obj
 0001:0004fd3c       _jpeg_default_colorspace   00450d3c f   libs:jcparam.obj
 0001:0004fd8c       _jpeg_set_colorspace       00450d8c f   libs:jcparam.obj
 0001:000500a7       _jpeg_stdio_dest           004510a7 f   libs:jdatadst.obj
 0001:000501a7       _inflateReset              004511a7 f   libs:inflate.obj
 0001:000501f5       _inflateInit2_             004511f5 f   libs:inflate.obj
 0001:000502ae       _inflate                   004512ae f   libs:inflate.obj
 0001:00051583       _inflateEnd                00452583 f   libs:inflate.obj
 0001:000516e1       _crc32                     004526e1 f   libs:crc32.obj
 0001:0005197b       _jinit_input_controller    0045297b f   libs:jdinput.obj
 0001:00051e5e       _jinit_memory_mgr          00452e5e f   libs:jmemmgr.obj
 0001:0005299a       _jpeg_abort                0045399a f   libs:jcomapi.obj
 0001:000529cd       _jpeg_destroy              004539cd f   libs:jcomapi.obj
 0001:000529e8       _jpeg_alloc_quant_table    004539e8 f   libs:jcomapi.obj
[...]
 0001:0005ec91       _process_restart           0045fc91 f   libs:jddiffct.obj
 0001:0005ccb1       _dummy_consume_data        0045dcb1 f   libs:jdcoefct.obj
 0001:0005ecc6       _consume_data              0045fcc6 f   libs:jddiffct.obj
 0001:0005ed3d       _output_data               0045fd3d f   libs:jddiffct.obj
 0001:0005e7c4       _start_pass                0045f7c4 f   libs:jddctmgr.obj
 0001:0005dc16       _start_pass_phuff_decoder  0045ec16 f   libs:jdphuff.obj
 0001:0005de5f       _decode_mcu_DC_first       0045ee5f f   libs:jdphuff.obj
 0001:0005e057       _process_restart           0045f057 f   libs:jdphuff.obj
 0001:0005e0c6       _decode_mcu_AC_first       0045f0c6 f   libs:jdphuff.obj
 0001:0005e2e6       _decode_mcu_DC_refine      0045f2e6 f   libs:jdphuff.obj
 0001:0005e3bb       _decode_mcu_AC_refine      0045f3bb f   libs:jdphuff.obj
 0001:0005d65d       _start_pass_huff_decoder   0045e65d f   libs:jdshuff.obj
 0001:0005d795       _decode_mcu                0045e795 f   libs:jdshuff.obj
 0001:0005db45       _process_restart           0045eb45 f   libs:jdshuff.obj
 0001:0005ca43       _start_input_pass          0045da43 f   libs:jdcoefct.obj
 0001:0005ca56       _start_iMCU_row            0045da56 f   libs:jdcoefct.obj
 0001:0005ca9b       _start_output_pass         0045da9b f   libs:jdcoefct.obj
 0001:0005cad8       _decompress_onepass        0045dad8 f   libs:jdcoefct.obj
 0001:0005ccb1       _dummy_consume_data        0045dcb1 f   libs:jdcoefct.obj
 0001:0005ccb4       _consume_data              0045dcb4 f   libs:jdcoefct.obj
 0001:0005ce6d       _decompress_data           0045de6d f   libs:jdcoefct.obj
 0001:0005cfd9       _smoothing_ok              0045dfd9 f   libs:jdcoefct.obj
 0001:0005d0c4       _decompress_smooth_data    0045e0c4 f   libs:jdcoefct.obj
 0001:0005c8dc       _scaler_start_pass         0045d8dc f   libs:jcscale.obj
 0001:0005c8ff       _simple_downscale          0045d8ff f   libs:jcscale.obj
 0001:0005c92b       _noscale                   0045d92b f   libs:jcscale.obj
 0001:0005c3d4       _start_pass                0045d3d4 f   libs:jcpred.obj
 0001:0005c42c       _reset_predictor           0045d42c f   libs:jcpred.obj
 0001:0005c459       _jpeg_difference_first_row 0045d459 f   libs:jcpred.obj
 0001:0005c543       _jpeg_difference1          0045d543 f   libs:jcpred.obj
 0001:0005c5b1       _jpeg_difference2          0045d5b1 f   libs:jcpred.obj
 0001:0005c622       _jpeg_difference3          0045d622 f   libs:jcpred.obj
 0001:0005c69a       _jpeg_difference4          0045d69a f   libs:jcpred.obj
 0001:0005c725       _jpeg_difference5          0045d725 f   libs:jcpred.obj
 0001:0005c7b8       _jpeg_difference6          0045d7b8 f   libs:jcpred.obj
 0001:0005c847       _jpeg_difference7          0045d847 f   libs:jcpred.obj
 0001:0005bcc6       _start_pass_huff           0045ccc6 f   libs:jclhuff.obj
 0001:0005be63       _encode_mcus_huff          0045ce63 f   libs:jclhuff.obj
 0001:0005c04e       _emit_bits                 0045d04e f   libs:jclhuff.obj
 0001:0005c0f1       _dump_buffer               0045d0f1 f   libs:jclhuff.obj
 0001:0005c115       _emit_restart              0045d115 f   libs:jclhuff.obj
 0001:0005c160       _flush_bits                0045d160 f   libs:jclhuff.obj
 0001:0005c184       _finish_pass_huff          0045d184 f   libs:jclhuff.obj
 0001:0005c1f1       _encode_mcus_gather        0045d1f1 f   libs:jclhuff.obj
 0001:0005c31a       _finish_pass_gather        0045d31a f   libs:jclhuff.obj
 0001:0005a9eb       _need_optimization_pass    0045b9eb f   libs:jcshuff.obj
 0001:0005b8e6       _start_pass_diff           0045c8e6 f   libs:jcdiffct.obj
 0001:00059bec       _start_iMCU_row            0045abec f   libs:jccoefct.obj
 0001:0005b984       _compress_data             0045c984 f   libs:jcdiffct.obj
 0001:0005bb1a       _compress_first_pass       0045cb1a f   libs:jcdiffct.obj
 0001:0005bc0f       _compress_output           0045cc0f f   libs:jcdiffct.obj
 0001:0005b4f9       _start_pass_fdctmgr        0045c4f9 f   libs:jcdctmgr.obj
 0001:0005b5fb       _forward_DCT_float         0045c5fb f   libs:jcdctmgr.obj
 0001:0005aa2e       _start_pass_phuff          0045ba2e f   libs:jcphuff.obj
 0001:0005ab9b       _encode_mcu_DC_first       0045bb9b f   libs:jcphuff.obj
 0001:0005accd       _emit_bits                 0045bccd f   libs:jcphuff.obj
 0001:0005ad78       _dump_buffer               0045bd78 f   libs:jcphuff.obj
 0001:0005adb0       _emit_symbol               0045bdb0 f   libs:jcphuff.obj
 0001:0005adf0       _emit_restart              0045bdf0 f   libs:jcphuff.obj
 0001:0005ae79       _emit_eobrun               0045be79 f   libs:jcphuff.obj
 0001:0005aeff       _encode_mcu_AC_first       0045beff f   libs:jcphuff.obj
 0001:0005b093       _encode_mcu_DC_refine      0045c093 f   libs:jcphuff.obj
 0001:0005b14d       _encode_mcu_AC_refine      0045c14d f   libs:jcphuff.obj
 0001:0005b364       _finish_pass_phuff         0045c364 f   libs:jcphuff.obj
 0001:0005b3b3       _finish_pass_gather_phuff  0045c3b3 f   libs:jcphuff.obj
 0001:0005b476       _need_optimization_pass    0045c476 f   libs:jcphuff.obj
 0001:0005a1c6       _start_pass_huff           0045b1c6 f   libs:jcshuff.obj
 0001:0005a33b       _encode_mcu_huff           0045b33b f   libs:jcshuff.obj
 0001:0005a446       _encode_one_block          0045b446 f   libs:jcshuff.obj
 0001:0005a5bd       _emit_bits                 0045b5bd f   libs:jcshuff.obj
 0001:0005a660       _dump_buffer               0045b660 f   libs:jcshuff.obj
 0001:0005a684       _emit_restart              0045b684 f   libs:jcshuff.obj
 0001:0005a6f1       _flush_bits                0045b6f1 f   libs:jcshuff.obj
 0001:0005a715       _finish_pass_huff          0045b715 f   libs:jcshuff.obj
 0001:0005a784       _encode_mcu_gather         0045b784 f   libs:jcshuff.obj
 0001:0005a83a       _htest_one_block           0045b83a f   libs:jcshuff.obj
 0001:0005a901       _finish_pass_gather        0045b901 f   libs:jcshuff.obj
 0001:0005a9eb       _need_optimization_pass    0045b9eb f   libs:jcshuff.obj
 0001:00059b57       _start_pass_coef           0045ab57 f   libs:jccoefct.obj
 0001:00059bec       _start_iMCU_row            0045abec f   libs:jccoefct.obj
 0001:00059c2e       _compress_data             0045ac2e f   libs:jccoefct.obj
 0001:00059e15       _compress_first_pass       0045ae15 f   libs:jccoefct.obj
 0001:00059ffb       _compress_output           0045affb f   libs:jccoefct.obj
 0001:00059a6f       _calc_output_dimensions    0045aa6f f   libs:jdlossls.obj
 0001:00059a80       _start_input_pass          0045aa80 f   libs:jdlossls.obj
 0001:000597ae       _calc_output_dimensions    0045a7ae f   libs:jdlossy.obj
 0001:00059921       _start_input_pass          0045a921 f   libs:jdlossy.obj
 0001:00059941       _latch_quant_tables        0045a941 f   libs:jdlossy.obj
 0001:000599d9       _start_output_pass         0045a9d9 f   libs:jdlossy.obj
 0001:000596fd       _start_pass                0045a6fd f   libs:jclossls.obj
 0001:00059669       _start_pass                0045a669 f   libs:jclossy.obj
 0001:00058bbe       _initial_setup             00459bbe f   libs:jcmaster.obj
 0001:00058d71       _validate_script           00459d71 f   libs:jcmaster.obj
 0001:00059149       _prepare_for_pass          0045a149 f   libs:jcmaster.obj
 0001:000592c1       _select_scan_parameters    0045a2c1 f   libs:jcmaster.obj
 0001:000593c2       _per_scan_setup            0045a3c2 f   libs:jcmaster.obj
 0001:0005956d       _pass_startup              0045a56d f   libs:jcmaster.obj
 0001:00059594       _finish_pass_master        0045a594 f   libs:jcmaster.obj
 0001:000586aa       _rgb_ycc_start             004596aa f   libs:jccolor.obj
 0001:0005876e       _rgb_ycc_convert           0045976e f   libs:jccolor.obj
 0001:0005886d       _rgb_gray_convert          0045986d f   libs:jccolor.obj
 0001:000588f2       _cmyk_ycck_convert         004598f2 f   libs:jccolor.obj
 0001:00058a2a       _grayscale_convert         00459a2a f   libs:jccolor.obj
 0001:00058a84       _null_convert              00459a84 f   libs:jccolor.obj
 0001:0002bbe9       _null_method               0042cbe9 f   images.obj
 0001:0002bbe9       _start_pass_downsample     0042cbe9 f   images.obj
 0001:00057df6       _sep_downsample            00458df6 f   libs:jcsample.obj
 0001:00057e6b       _int_downsample            00458e6b f   libs:jcsample.obj
 0001:00057f63       _expand_right_edge         00458f63 f   libs:jcsample.obj
 0001:00057fb8       _fullsize_downsample       00458fb8 f   libs:jcsample.obj
 0001:00057ffc       _h2v1_downsample           00458ffc f   libs:jcsample.obj
 0001:00058090       _h2v2_downsample           00459090 f   libs:jcsample.obj
 0001:0005813d       _h2v2_smooth_downsample    0045913d f   libs:jcsample.obj
 0001:000583b5       _fullsize_smooth_downsample 004593b5 f   libs:jcsample.obj
 0001:000577f2       _start_pass_prep           004587f2 f   libs:jcprepct.obj
 0001:00057830       _pre_process_data          00458830 f   libs:jcprepct.obj
 0001:000579de       _pre_process_context       004589de f   libs:jcprepct.obj
 0001:00057b97       _create_context_buffer     00458b97 f   libs:jcprepct.obj
 0001:0005766a       _start_pass_main           0045866a f   libs:jcmainct.obj
 0001:000576ac       _process_data_simple_main  004586ac f   libs:jcmainct.obj
 0001:00056c40       _create_colormap           00457c40 f   libs:jquant1.obj
 0001:00056d72       _select_ncolors            00457d72 f   libs:jquant1.obj
 0001:00056e49       _create_colorindex         00457e49 f   libs:jquant1.obj
 0001:00056f75       _alloc_fs_workspace        00457f75 f   libs:jquant1.obj
 0001:00056fb1       _start_pass_1_quant        00457fb1 f   libs:jquant1.obj
 0001:0005707d       _create_odither_tables     0045807d f   libs:jquant1.obj
 0001:000570dc       _make_odither_array        004580dc f   libs:jquant1.obj
 0001:0005713f       _color_quantize            0045813f f   libs:jquant1.obj
 0001:000571ca       _color_quantize3           004581ca f   libs:jquant1.obj
 0001:00057258       _quantize_ord_dither       00458258 f   libs:jquant1.obj
 0001:00057343       _quantize3_ord_dither      00458343 f   libs:jquant1.obj
 0001:00057443       _quantize_fs_dither        00458443 f   libs:jquant1.obj
 0001:0002bbe9       _finish_pass_1_quant       0042cbe9 f   images.obj
 0001:000575c7       _new_color_map_1_quant     004585c7 f   libs:jquant1.obj
 0001:00055c01       _init_error_limit          00456c01 f   libs:jquant2.obj
 0001:00055ca0       _start_pass_2_quant        00456ca0 f   libs:jquant2.obj
 0001:00055da2       _prescan_quantize          00456da2 f   libs:jquant2.obj
 0001:00055e11       _pass2_no_dither           00456e11 f   libs:jquant2.obj
 0001:00055ebe       _fill_inverse_cmap         00456ebe f   libs:jquant2.obj
 0001:00055f89       _find_nearby_colors        00456f89 f   libs:jquant2.obj
 0001:0005612d       _find_best_colors          0045712d f   libs:jquant2.obj
 0001:00056247       _pass2_fs_dither           00457247 f   libs:jquant2.obj
 0001:000564b6       _finish_pass1              004574b6 f   libs:jquant2.obj
 0001:000564d8       _select_colors             004574d8 f   libs:jquant2.obj
 0001:00056564       _update_box                00457564 f   libs:jquant2.obj
 0001:000568fe       _median_cut                004578fe f   libs:jquant2.obj
 0001:00056a12       _find_biggest_color_pop    00457a12 f   libs:jquant2.obj
 0001:00056a41       _find_biggest_volume       00457a41 f   libs:jquant2.obj
 0001:00056a6a       _compute_color             00457a6a f   libs:jquant2.obj
 0001:0002bbe9       _finish_pass2              0042cbe9 f   images.obj
 0001:00056ba6       _new_color_map_2_quant     00457ba6 f   libs:jquant2.obj
 0001:00055618       _build_ycc_rgb_table       00456618 f   libs:jdmerge.obj
 0001:000556c8       _start_pass_merged_upsample 004566c8 f   libs:jdmerge.obj
 0001:000556dd       _merged_2v_upsample        004566dd f   libs:jdmerge.obj
 0001:00055784       _merged_1v_upsample        00456784 f   libs:jdmerge.obj
 0001:000557b5       _h2v1_merged_upsample      004567b5 f   libs:jdmerge.obj
 0001:0005590b       _h2v2_merged_upsample      0045690b f   libs:jdmerge.obj
 0001:000551bc       _build_ycc_rgb_table       004561bc f   libs:jdcolor.obj
 0001:0005526c       _ycc_rgb_convert           0045626c f   libs:jdcolor.obj
 0001:0005537a       _null_convert              0045637a f   libs:jdcolor.obj
 0001:000553f2       _grayscale_convert         004563f2 f   libs:jdcolor.obj
 0001:00055415       _gray_rgb_convert          00456415 f   libs:jdcolor.obj
 0001:0005546e       _ycck_cmyk_convert         0045646e f   libs:jdcolor.obj
 0001:0002bbe9       _start_pass_dcolor         0042cbe9 f   images.obj
 0001:00054c1d       _start_pass_upsample       00455c1d f   libs:jdsample.obj
 0001:00054c37       _sep_upsample              00455c37 f   libs:jdsample.obj
 0001:00054d04       _fullsize_upsample         00455d04 f   libs:jdsample.obj
 0001:00054d0f       _noop_upsample             00455d0f f   libs:jdsample.obj
 0001:00054d17       _int_upsample              00455d17 f   libs:jdsample.obj
 0001:00054e01       _h2v1_upsample             00455e01 f   libs:jdsample.obj
 0001:00054e58       _h2v2_upsample             00455e58 f   libs:jdsample.obj
 0001:00054eca       _h2v1_fancy_upsample       00455eca f   libs:jdsample.obj
 0001:00054f6d       _h2v2_fancy_upsample       00455f6d f   libs:jdsample.obj
 0001:00054826       _start_pass_dpost          00455826 f   libs:jdpostct.obj
 0001:000548cc       _post_process_1pass        004558cc f   libs:jdpostct.obj
 0001:00054931       _post_process_prepass      00455931 f   libs:jdpostct.obj
 0001:000549c2       _post_process_2pass        004559c2 f   libs:jdpostct.obj
 0001:0005422d       _alloc_funny_pointers      0045522d f   libs:jdmainct.obj
 0001:000542da       _start_pass_main           004552da f   libs:jdmainct.obj
 0001:00054342       _make_funny_pointers       00455342 f   libs:jdmainct.obj
 0001:00054482       _process_data_simple_main  00455482 f   libs:jdmainct.obj
 0001:000544ea       _process_data_context_main 004554ea f   libs:jdmainct.obj
 0001:000545fc       _set_wraparound_pointers   004555fc f   libs:jdmainct.obj
 0001:000546e6       _set_bottom_pointers       004556e6 f   libs:jdmainct.obj
 0001:00054780       _process_data_crank_post   00455780 f   libs:jdmainct.obj
 0001:00052f56       _write_marker_header       00453f56 f   libs:jcmarker.obj
 0001:00052fac       _emit_byte                 00453fac f   libs:jcmarker.obj
 0001:00052fdd       _write_marker_byte         00453fdd f   libs:jcmarker.obj
 0001:00052fed       _write_file_header         00453fed f   libs:jcmarker.obj
 0001:00053039       _emit_jfif_app0            00454039 f   libs:jcmarker.obj
 0001:0005310c       _emit_adobe_app14          0045410c f   libs:jcmarker.obj
 0001:000531b2       _write_frame_header        004541b2 f   libs:jcmarker.obj
 0001:00053291       _emit_dqt                  00454291 f   libs:jcmarker.obj
 0001:00053380       _emit_sof                  00454380 f   libs:jcmarker.obj
 0001:0005345c       _write_scan_header         0045445c f   libs:jcmarker.obj
 0001:0005351c       _emit_dht                  0045451c f   libs:jcmarker.obj
 0001:000535f5       _emit_dri                  004545f5 f   libs:jcmarker.obj
 0001:00053644       _emit_sos                  00454644 f   libs:jcmarker.obj
 0001:00053732       _write_file_trailer        00454732 f   libs:jcmarker.obj
 0001:00053752       _write_tables_only         00454752 f   libs:jcmarker.obj
 0001:00052aab       _use_merged_upsample       00453aab f   libs:jdmaster.obj
 0001:00052b51       _master_selection          00453b51 f   libs:jdmaster.obj
 0001:00052cae       _prepare_range_limit_table 00453cae f   libs:jdmaster.obj
 0001:00052d34       _prepare_for_output_pass   00453d34 f   libs:jdmaster.obj
 0001:00052e55       _finish_output_pass        00453e55 f   libs:jdmaster.obj
 0001:00051f22       _alloc_small               00452f22 f   libs:jmemmgr.obj
 0001:00052040       _alloc_large               00453040 f   libs:jmemmgr.obj
 0001:000520f1       _alloc_sarray              004530f1 f   libs:jmemmgr.obj
 0001:00052189       _alloc_barray              00453189 f   libs:jmemmgr.obj
 0001:0005222d       _alloc_darray              0045322d f   libs:jmemmgr.obj
 0001:000522d8       _request_virt_sarray       004532d8 f   libs:jmemmgr.obj
 0001:00052339       _request_virt_barray       00453339 f   libs:jmemmgr.obj
 0001:0005239a       _realize_virt_arrays       0045339a f   libs:jmemmgr.obj
 0001:0005251d       _access_virt_sarray        0045351d f   libs:jmemmgr.obj
 0001:0005263d       _do_sarray_io              0045363d f   libs:jmemmgr.obj
 0001:000526cd       _access_virt_barray        004536cd f   libs:jmemmgr.obj
 0001:000527f2       _do_barray_io              004537f2 f   libs:jmemmgr.obj
 0001:00052883       _free_pool                 00453883 f   libs:jmemmgr.obj
 0001:0005296a       _self_destruct             0045396a f   libs:jmemmgr.obj
 0001:000519bc       _start_input_pass          004529bc f   libs:jdinput.obj
 0001:000519ea       _per_scan_setup            004529ea f   libs:jdinput.obj
 0001:00051b70       _finish_input_pass         00452b70 f   libs:jdinput.obj
 0001:00051b81       _consume_markers           00452b81 f   libs:jdinput.obj
 0001:00051c1d       _initial_setup             00452c1d f   libs:jdinput.obj
 0001:00051e27       _reset_input_controller    00452e27 f   libs:jdinput.obj
 0001:000515c1       _make_crc_table            004525c1 f   libs:crc32.obj
 0001:0005170e       _crc32_little              0045270e f   libs:crc32.obj
 0001:000513bb       _fixedtables               004523bb f   libs:inflate.obj
 0001:000514a5       _updatewindow              004524a5 f   libs:inflate.obj
 0001:000500e3       _init_destination          004510e3 f   libs:jdatadst.obj
 0001:00050109       _empty_output_buffer       00451109 f   libs:jdatadst.obj
 0001:0005014b       _term_destination          0045114b f   libs:jdatadst.obj
 0001:0004fc6a       _std_huff_tables           00450c6a f   libs:jcparam.obj
 0001:0004fcc4       _add_huff_table            00450cc4 f   libs:jcparam.obj
 0001:0004e1c2       _next_marker               0044f1c2 f   libs:jdmarker.obj
 0001:0004e2fc       _get_interesting_appn      0044f2fc f   libs:jdmarker.obj
 0001:0004e427       _examine_app0              0044f427 f   libs:jdmarker.obj
 0001:0004e635       _examine_app14             0044f635 f   libs:jdmarker.obj
 0001:0004e6f6       _skip_variable             0044f6f6 f   libs:jdmarker.obj
 0001:0004e799       _read_markers              0044f799 f   libs:jdmarker.obj
 0001:0004e9a1       _get_soi                   0044f9a1 f   libs:jdmarker.obj
 0001:0004ea4c       _get_sof                   0044fa4c f   libs:jdmarker.obj
 0001:0004ed55       _get_sos                   0044fd55 f   libs:jdmarker.obj
 0001:0004f043       _get_dht                   00450043 f   libs:jdmarker.obj
 0001:0004f2e4       _get_dqt                   004502e4 f   libs:jdmarker.obj
 0001:0004f540       _get_dri                   00450540 f   libs:jdmarker.obj
 0001:0004f61f       _first_marker              0045061f f   libs:jdmarker.obj
 0001:0004f6bb       _read_restart_marker       004506bb f   libs:jdmarker.obj
 0001:0004f739       _reset_marker_reader       00450739 f   libs:jdmarker.obj
 0001:0004dfa6       _output_pass_setup         0044efa6 f   libs:jdapistd.obj
 0001:0004dc99       _default_decompress_parms  0044ec99 f   libs:jdapimin.obj

 678 bytes saved through ICF

