 quake2

 Timestamp is 41495f27 (Thu Sep 16 13:38:47 2004)

 Preferred load address is 00400000

 Start         Length     Name                   Class
 0001:00000000 0006eb60H .text                   CODE
 0002:00000000 00000300H .idata$5                DATA
 0002:00000300 0000565cH .rdata                  DATA
 0002:0000595c 00000078H .idata$2                DATA
 0002:000059d4 00000014H .idata$3                DATA
 0002:000059e8 00000300H .idata$4                DATA
 0002:00005ce8 000009beH .idata$6                DATA
 0002:000066a6 00000000H .edata                  DATA
 0003:00000000 00000004H .CRT$XCA                DATA
 0003:00000004 00000004H .CRT$XCZ                DATA
 0003:00000008 00000004H .CRT$XIA                DATA
 0003:0000000c 00000004H .CRT$XIZ                DATA
 0003:00000010 00013434H .data                   DATA
 0003:00013448 00b00b30H .bss                    DATA
 0004:00000000 00000130H .rsrc$01                DATA
 0004:00000130 00003f20H .rsrc$02                DATA

  Address         Publics by Value              Rva+Base     Lib:Object

 0001:00000000       _CDAudio_Play2             00401000 f   cd_win.obj
 0001:000001e5       _CDAudio_Play              004011e5 f   cd_win.obj
 0001:000001fc       _CDAudio_Stop              004011fc f   cd_win.obj
 0001:00000241       _CDAudio_Pause             00401241 f   cd_win.obj
 0001:0000029a       _CDAudio_Resume            0040129a f   cd_win.obj
 0001:0000030c       _CDAudio_MessageHandler    0040130c f   cd_win.obj
 0001:000003a3       _CDAudio_Update            004013a3 f   cd_win.obj
 0001:000003da       _CDAudio_Init              004013da f   cd_win.obj
 0001:000007d1       _CDAudio_Shutdown          004017d1 f   cd_win.obj
 0001:00000804       _CDAudio_Activate          00401804 f   cd_win.obj
 0001:00000815       _SCR_StopCinematic         00401815 f   cl_cin.obj
 0001:000008b1       _SCR_FinishCinematic       004018b1 f   cl_cin.obj
 0001:000008f3       _SCR_RunCinematic          004018f3 f   cl_cin.obj
 0001:00000d0d       _SCR_DrawCinematic         00401d0d f   cl_cin.obj
 0001:00000d93       _SCR_PlayCinematic         00401d93 f   cl_cin.obj
 0001:000010e3       _CL_ParseEntityBits        004020e3 f   cl_ents.obj
 0001:00001145       _CL_ParseDelta             00402145 f   cl_ents.obj
 0001:000014e4       _CL_DeltaEntity            004024e4 f   cl_ents.obj
 0001:00001661       _CL_ParsePacketEntities    00402661 f   cl_ents.obj
 0001:00001860       _CL_ParsePlayerstate       00402860 f   cl_ents.obj
 0001:00001b6e       _CL_FireEntityEvents       00402b6e f   cl_ents.obj
 0001:00001bc0       _CL_ParseFrame             00402bc0 f   cl_ents.obj
 0001:00001e9f       _CL_AddEntityBox           00402e9f f   cl_ents.obj
 0001:00001f8f       _CL_OffsetThirdPersonView  00402f8f f   cl_ents.obj
 0001:00002049       _CL_CalcViewValues         00403049 f   cl_ents.obj
 0001:00002356       _CL_AddEntities            00403356 f   cl_ents.obj
 0001:0000313e       _CL_GetEntitySoundOrigin   0040413e f   cl_ents.obj
 0001:00003171       _CL_ClearLightStyles       00404171 f   cl_fx.obj
 0001:000031f5       _CL_RunLightStyles         004041f5 f   cl_fx.obj
 0001:00003292       _CL_SetLightstyle          00404292 f   cl_fx.obj
 0001:000032f9       _CL_AllocDlight            004042f9 f   cl_fx.obj
 0001:00003366       _CL_AddDLights             00404366 f   cl_fx.obj
 0001:000033c6       _CL_ClearParticles         004043c6 f   cl_fx.obj
 0001:00003430       _CL_AllocParticleTrace     00404430 f   cl_fx.obj
 0001:000034d3       _CL_AllocParticleBeam      004044d3 f   cl_fx.obj
 0001:00003546       _CL_AllocParticle          00404546 f   cl_fx.obj
 0001:00003594       _CL_UpdateParticles        00404594 f   cl_fx.obj
 0001:00003b87       _CL_MetalSparks            00404b87 f   cl_fx.obj
 0001:00003c74       _CL_ParseMuzzleFlash       00404c74 f   cl_fx.obj
 0001:000044ab       _CL_ParseMuzzleFlash2      004054ab f   cl_fx.obj
 0001:00004b8f       _CL_ParticleEffect         00405b8f f   cl_fx.obj
 0001:00004c5e       _CL_ParticleEffect2        00405c5e f   cl_fx.obj
 0001:00004d29       _CL_ParticleEffect3        00405d29 f   cl_fx.obj
 0001:00004df9       _CL_TeleporterParticles    00405df9 f   cl_fx.obj
 0001:00004eb0       _CL_LogoutEffect           00405eb0 f   cl_fx.obj
 0001:00004f9b       _CL_ItemRespawnParticles   00405f9b f   cl_fx.obj
 0001:0000504a       _CL_ExplosionParticles     0040604a f   cl_fx.obj
 0001:000050f4       _CL_BigTeleportParticles   004060f4 f   cl_fx.obj
 0001:0000524b       _CL_BlasterParticles       0040624b f   cl_fx.obj
 0001:00005317       _CL_BlasterTrail           00406317 f   cl_fx.obj
 0001:0000540a       _CL_FlagTrail              0040640a f   cl_fx.obj
 0001:0000550a       _CL_DiminishingTrail       0040650a f   cl_fx.obj
 0001:0000576e       _CL_RocketTrail            0040676e f   cl_fx.obj
 0001:0000589b       _CL_RailTrail              0040689b f   cl_fx.obj
 0001:00005ac1       _CL_RailTrailExt           00406ac1 f   cl_fx.obj
 0001:00005bc3       _CL_IonripperTrail         00406bc3 f   cl_fx.obj
 0001:00005cd6       _CL_BubbleTrail            00406cd6 f   cl_fx.obj
 0001:00005df4       _CL_FlyParticles           00406df4 f   cl_fx.obj
 0001:00005f93       _CL_FlyEffect              00406f93 f   cl_fx.obj
 0001:00006016       _CL_BfgParticles           00407016 f   cl_fx.obj
 0001:000061f0       _CL_TrapParticles          004071f0 f   cl_fx.obj
 0001:00006473       _CL_BFGExplosionParticles  00407473 f   cl_fx.obj
 0001:0000651d       _CL_TeleportParticles      0040751d f   cl_fx.obj
 0001:00006656       _CL_EntityEvent            00407656 f   cl_fx.obj
 0001:00006834       _CL_ClearEffects           00407834 f   cl_fx.obj
 0001:00006852       _IN_CenterView             00407852 f   cl_input.obj
 0001:00006873       _CL_InitInput              00407873 f   cl_input.obj
 0001:00006d53       _CL_SendCmd                00407d53 f   cl_input.obj
 0001:0000744e       _CL_ParseInventory         0040844e f   cl_inv.obj
 0001:0000746e       _CL_DrawInventory          0040846e f   cl_inv.obj
 0001:000076c4       _CL_WriteDemoMessage       004086c4 f   cl_main.obj
 0001:00007706       _CL_Stop_f                 00408706 f   cl_main.obj
 0001:00007761       _CL_Record_f               00408761 f   cl_main.obj
 0001:00007a04       _Cmd_ForwardToServer       00408a04 f   cl_main.obj
 0001:00007a70       _CL_Setenv_f               00408a70 f   cl_main.obj
 0001:00007b34       _CL_ForwardToServer_f      00408b34 f   cl_main.obj
 0001:00007b82       _CL_Pause                  00408b82 f   cl_main.obj
 0001:00007bc2       _CL_Quit_f                 00408bc2 f   cl_main.obj
 0001:00007bcc       _CL_Drop                   00408bcc f   cl_main.obj
 0001:00007be8       _CL_SendConnectPacket      00408be8 f   cl_main.obj
 0001:00007cbf       _CL_CheckForResend         00408cbf f   cl_main.obj
 0001:00007dc4       _CL_Connect_f              00408dc4 f   cl_main.obj
 0001:00007e45       _CL_Rcon_f                 00408e45 f   cl_main.obj
 0001:00007f50       _CL_ClearState             00408f50 f   cl_main.obj
 0001:00007f8f       _CL_Disconnect             00408f8f f   cl_main.obj
 0001:00008115       _CL_Disconnect_f           00409115 f   cl_main.obj
 0001:00008121       _CL_Changing_f             00409121 f   cl_main.obj
 0001:00008145       _CL_Reconnect_f            00409145 f   cl_main.obj
 0001:000081e1       _CL_PingServers_f          004091e1 f   cl_main.obj
 0001:00008349       _CL_Skins_f                00409349 f   cl_main.obj
 0001:00008385       _CL_ConnectionlessPacket   00409385 f   cl_main.obj
 0001:000086e4       _CL_ReadPackets            004096e4 f   cl_main.obj
 0001:00008829       _CL_FixUpGender            00409829 f   cl_main.obj
 0001:000088d9       _CL_Userinfo_f             004098d9 f   cl_main.obj
 0001:000088f1       _CL_Snd_Restart_f          004098f1 f   cl_main.obj
 0001:00008900       _CL_RequestNextDownload    00409900 f   cl_main.obj
 0001:00008f41       _CL_Precache_f             00409f41 f   cl_main.obj
 0001:00008fa5       _CL_WriteConfiguration     00409fa5 f   cl_main.obj
 0001:00009060       _CL_WriteConfig_f          0040a060 f   cl_main.obj
 0001:000090bf       _CL_InitLocal              0040a0bf f   cl_main.obj
 0001:000092f5       _CL_FixCvarCheats          0040a2f5 f   cl_main.obj
 0001:00009346       _CL_Frame                  0040a346 f   cl_main.obj
 0001:000095d4       _CL_Init                   0040a5d4 f   cl_main.obj
 0001:00009671       _CL_Shutdown               0040a671 f   cl_main.obj
 0001:000096af       _CL_Flashlight             0040a6af f   cl_newfx.obj
 0001:000096e9       _CL_ColorFlash             0040a6e9 f   cl_newfx.obj
 0001:00009725       _CL_DebugTrail             0040a725 f   cl_newfx.obj
 0001:00009805       _CL_ForceWall              0040a805 f   cl_newfx.obj
 0001:0000992c       _CL_BubbleTrail2           0040a92c f   cl_newfx.obj
 0001:00009a56       _CL_Heatbeam               0040aa56 f   cl_newfx.obj
 0001:00009d07       _CL_ParticleSteamEffect    0040ad07 f   cl_newfx.obj
 0001:00009e31       _CL_ParticleSteamEffect2   0040ae31 f   cl_newfx.obj
 0001:00009f68       _CL_TrackerTrail           0040af68 f   cl_newfx.obj
 0001:0000a1cb       _CL_Tracker_Shell          0040b1cb f   cl_newfx.obj
 0001:0000a254       _CL_MonsterPlasma_Shell    0040b254 f   cl_newfx.obj
 0001:0000a2da       _CL_Widowbeamout           0040b2da f   cl_newfx.obj
 0001:0000a396       _CL_Nukeblast              0040b396 f   cl_newfx.obj
 0001:0000a452       _CL_WidowSplash            0040b452 f   cl_newfx.obj
 0001:0000a51a       _CL_TagTrail               0040b51a f   cl_newfx.obj
 0001:0000a61a       _CL_ColorExplosionParticles 0040b61a f   cl_newfx.obj
 0001:0000a6c7       _CL_ParticleSmokeEffect    0040b6c7 f   cl_newfx.obj
 0001:0000a7ef       _CL_BlasterParticles2      0040b7ef f   cl_newfx.obj
 0001:0000a8bc       _CL_BlasterTrail2          0040b8bc f   cl_newfx.obj
 0001:0000a9af       _CL_DownloadFileName       0040b9af f   cl_parse.obj
 0001:0000a9ee       _CL_CheckOrDownloadFile    0040b9ee f   cl_parse.obj
 0001:0000ac29       _CL_Download_f             0040bc29 f   cl_parse.obj
 0001:0000acf4       _CL_RegisterSounds         0040bcf4 f   cl_parse.obj
 0001:0000ad33       _CL_ParseDownload          0040bd33 f   cl_parse.obj
 0001:0000aea0       _CL_ParseServerData        0040bea0 f   cl_parse.obj
 0001:0000afa1       _CL_ParseBaseline          0040bfa1 f   cl_parse.obj
 0001:0000afe9       _CL_LoadClientinfo         0040bfe9 f   cl_parse.obj
 0001:0000b2d3       _CL_ParseClientinfo        0040c2d3 f   cl_parse.obj
 0001:0000b2f7       _CL_ParseConfigString      0040c2f7 f   cl_parse.obj
 0001:0000b491       _CL_ParseStartSoundPacket  0040c491 f   cl_parse.obj
 0001:0000b590       _CL_ParseServerMessage     0040c590 f   cl_parse.obj
 0001:0000b8e6       _CL_CheckPredictionError   0040c8e6 f   cl_pred.obj
 0001:0000ba8c       _CL_EntityTrace            0040ca8c f   cl_pred.obj
 0001:0000be48       _CL_Trace                  0040ce48 f   cl_pred.obj
 0001:0000beca       _CL_PMpointcontents        0040ceca f   cl_pred.obj
 0001:0000c054       _CL_PredictMovement        0040d054 f   cl_pred.obj
 0001:0000c3f8       _CL_AddNetgraph            0040d3f8 f   cl_scrn.obj
 0001:0000c4d2       _SCR_DebugGraph            0040d4d2 f   cl_scrn.obj
 0001:0000c4fa       _SCR_CenterPrint           0040d4fa f   cl_scrn.obj
 0001:0000c5fe       _SCR_DrawCenterString      0040d5fe f   cl_scrn.obj
 0001:0000c6cc       _SCR_Sky_f                 0040d6cc f   cl_scrn.obj
 0001:0000c777       _SCR_Init                  0040d777 f   cl_scrn.obj
 0001:0000c7be       _SCR_SetLevelshot          0040d7be f   cl_scrn.obj
 0001:0000c847       _SCR_SetLevelshot2         0040d847 f   cl_scrn.obj
 0001:0000c8a1       _SCR_ShowConsole           0040d8a1 f   cl_scrn.obj
 0001:0000c932       _SCR_BeginLoadingPlaque    0040d932 f   cl_scrn.obj
 0001:0000c973       _SCR_EndLoadingPlaque      0040d973 f   cl_scrn.obj
 0001:0000c9b4       _SCR_Loading_f             0040d9b4 f   cl_scrn.obj
 0001:0000c9b9       _SCR_TimeRefresh_f         0040d9b9 f   cl_scrn.obj
 0001:0000ca90       _SCR_TileClear             0040da90 f   cl_scrn.obj
 0001:0000cb35       _DrawHUDString             0040db35 f   cl_scrn.obj
 0001:0000cbe7       _SCR_DrawField             0040dbe7 f   cl_scrn.obj
 0001:0000cc8e       _SCR_TouchPics             0040dc8e f   cl_scrn.obj
 0001:0000cd21       _SCR_ExecuteLayoutString   0040dd21 f   cl_scrn.obj
 0001:0000d4e3       _SCR_UpdateScreen          0040e4e3 f   cl_scrn.obj
 0001:0000dc97       _CL_RegisterTEntSounds     0040ec97 f   cl_tent.obj
 0001:0000decf       _CL_RegisterTEntModels     0040eecf f   cl_tent.obj
 0001:0000e055       _CL_ClearTEnts             0040f055 f   cl_tent.obj
 0001:0000e09c       _CL_AllocExplosion         0040f09c f   cl_tent.obj
 0001:0000e13a       _CL_AddExplosions          0040f13a f   cl_tent.obj
 0001:0000e30f       _CL_SmokeAndFlash          0040f30f f   cl_tent.obj
 0001:0000e357       _CL_ParseBeam              0040f357 f   cl_tent.obj
 0001:0000e436       _CL_ParseBeam2             0040f436 f   cl_tent.obj
 0001:0000e50d       _CL_ParsePlayerBeam        0040f50d f   cl_tent.obj
 0001:0000e61b       _CL_ParseLightning         0040f61b f   cl_tent.obj
 0001:0000e6e7       _CL_ParseLaser             0040f6e7 f   cl_tent.obj
 0001:0000e763       _CL_ParseSteam             0040f763 f   cl_tent.obj
 0001:0000e874       _CL_ParseWidow             0040f874 f   cl_tent.obj
 0001:0000e8e0       _CL_ParseNuke              0040f8e0 f   cl_tent.obj
 0001:0000e94a       _CL_ParseTEnt              0040f94a f   cl_tent.obj
 0001:0000f76c       _CL_AddBeams               0041076c f   cl_tent.obj
 0001:0000faad       _CL_AddPlayerBeams         00410aad f   cl_tent.obj
 0001:000101a2       _CL_ProcessSustain         004111a2 f   cl_tent.obj
 0001:000101e3       _CL_AddTEnts               004111e3 f   cl_tent.obj
 0001:000101f7       _V_AddEntity               004111f7 f   cl_view.obj
 0001:00010226       _V_AddLight                00411226 f   cl_view.obj
 0001:0001026b       _V_TestParticles           0041126b f   cl_view.obj
 0001:00010329       _V_TestEntities            00411329 f   cl_view.obj
 0001:000103cb       _V_TestLights              004113cb f   cl_view.obj
 0001:0001049e       _CL_PrepRefresh            0041149e f   cl_view.obj
 0001:0001075f       _CalcFov                   0041175f f   cl_view.obj
 0001:000107d6       _V_Gun_Next_f              004117d6 f   cl_view.obj
 0001:000107ef       _V_Gun_Prev_f              004117ef f   cl_view.obj
 0001:00010811       _V_Gun_Model_f             00411811 f   cl_view.obj
 0001:00010845       _SCR_DrawCrosshair         00411845 f   cl_view.obj
 0001:000108ba       _V_RenderView              004118ba f   cl_view.obj
 0001:00011497       _V_Init                    00412497 f   cl_view.obj
 0001:000116ac       _Cbuf_Init                 004126ac f   cmd.obj
 0001:000116c4       _Cbuf_AddText              004126c4 f   cmd.obj
 0001:00011729       _Cbuf_InsertText           00412729 f   cmd.obj
 0001:00011790       _Cbuf_CopyToDefer          00412790 f   cmd.obj
 0001:000117bc       _Cbuf_InsertFromDefer      004127bc f   cmd.obj
 0001:000117cf       _Cbuf_Execute              004127cf f   cmd.obj
 0001:000118b5       _Cmd_Exec_f                004128b5 f   cmd.obj
 0001:0001193a       _Cmd_Echo_f                0041293a f   cmd.obj
 0001:0001197c       _Cmd_Alias_f               0041297c f   cmd.obj
 0001:00011aa3       _Cmd_Unalias_f             00412aa3 f   cmd.obj
 0001:00011b2f       _Cmd_WriteAliases          00412b2f f   cmd.obj
 0001:00011b60       _Cmd_Argc                  00412b60 f   cmd.obj
 0001:00011b66       _Cmd_Argv                  00412b66 f   cmd.obj
 0001:00011b80       _Cmd_Args                  00412b80 f   cmd.obj
 0001:00011b86       _Cmd_TokenizeString        00412b86 f   cmd.obj
 0001:00011e63       _Cmd_AddCommand            00412e63 f   cmd.obj
 0001:00011ecb       _Cmd_RemoveCommand         00412ecb f   cmd.obj
 0001:00011f0d       _Cmd_ExecuteString         00412f0d f   cmd.obj
 0001:00012075       _Cmd_Init                  00413075 f   cmd.obj
 0001:00012195       _CMod_GetSurfMaterial      00413195 f   cmodel.obj
 0001:000121f2       _CM_LoadMap                004131f2 f   cmodel.obj
 0001:00012844       _PlaneTypeForNormal        00413844 f i cmodel.obj
 0001:000129b5       _CM_InlineModel            004139b5 f   cmodel.obj
 0001:000129fe       _CM_NumClusters            004139fe f   cmodel.obj
 0001:00012a04       _CM_NumInlineModels        00413a04 f   cmodel.obj
 0001:00012a0a       _CM_EntityString           00413a0a f   cmodel.obj
 0001:00012a10       _CM_LeafContents           00413a10 f   cmodel.obj
 0001:00012a37       _CM_LeafCluster            00413a37 f   cmodel.obj
 0001:00012aaa       _CM_LeafArea               00413aaa f   cmodel.obj
 0001:00012ad2       _CM_InitBoxHull            00413ad2 f   cmodel.obj
 0001:00012c62       _CM_HeadnodeForBox         00413c62 f   cmodel.obj
 0001:00012d17       _CM_PointLeafnum           00413d17 f   cmodel.obj
 0001:00012dc2       _DISTANCE_TO_PLANE         00413dc2 f i cmodel.obj
 0001:00012e0a       _CM_PointContents          00413e0a f   cmodel.obj
 0001:00012e80       _CM_TransformedPointContents 00413e80 f   cmodel.obj
 0001:00012fb9       _CM_TransformedPointContents2 00413fb9 f   cmodel.obj
 0001:000130aa       _CM_BoxLeafnums            004140aa f   cmodel.obj
 0001:000131c9       _BOX_ON_PLANE_SIDE         004141c9 f i cmodel.obj
 0001:0001324e       _CM_BoxTrace               0041424e f   cmodel.obj
 0001:00013c9e       _CM_TransformedBoxTrace    00414c9e f   cmodel.obj
 0001:00013f71       _CM_TransformedBoxTrace2   00414f71 f   cmodel.obj
 0001:00014186       _CM_BrushTrace             00415186 f   cmodel.obj
 0001:000145a5       _CM_RefineBrushTrace       004155a5 f   cmodel.obj
 0001:0001464a       _CM_DecompressVis          0041564a f   cmodel.obj
 0001:000146d3       _CM_ClusterPVS             004156d3 f   cmodel.obj
 0001:0001476f       _CM_ClusterPHS             0041576f f   cmodel.obj
 0001:0001480b       _FloodAreaConnections      0041580b f   cmodel.obj
 0001:000148c2       _CM_SetAreaPortalState     004158c2 f   cmodel.obj
 0001:000148eb       _CM_AreasConnected         004158eb f   cmodel.obj
 0001:00014936       _CM_WriteAreaBits          00415936 f   cmodel.obj
 0001:000149c6       _CM_WritePortalState       004159c6 f   cmodel.obj
 0001:000149e0       _CM_ReadPortalState        004159e0 f   cmodel.obj
 0001:000149fe       _CM_HeadnodeVisible        004159fe f   cmodel.obj
 0001:00014ad3       _Com_BeginRedirect         00415ad3 f   common.obj
 0001:00014b10       _Com_EndRedirect           00415b10 f   common.obj
 0001:00014b3b       _Com_Printf                00415b3b f   common.obj
 0001:00014c9f       _Com_DPrintf               00415c9f f   common.obj
 0001:00014d08       _DebugPrintf               00415d08 f   common.obj
 0001:00014db5       _Com_WPrintf               00415db5 f   common.obj
 0001:00014e13       _Com_FatalError            00415e13 f   common.obj
 0001:00014eb8       _Com_DropError             00415eb8 f   common.obj
 0001:00014f32       _appUnwindPrefix           00415f32 f   common.obj
 0001:00014f8a       _appUnwindThrow            00415f8a f   common.obj
 0001:00015012       _Com_ResetErrorState       00416012 f   common.obj
 0001:00015027       _Com_Quit                  00416027 f   common.obj
 0001:0001505a       _MatchWildcard             0041605a f   common.obj
 0001:000151b0       _MatchWildcard2            004161b0 f   common.obj
 0001:00015205       _IPWildcard                00416205 f   common.obj
 0001:000152e0       _Com_ServerState           004162e0 f   common.obj
 0001:000152e6       _Com_SetServerState        004162e6 f   common.obj
 0001:000152f0       _MSG_WriteChar             004162f0 f   common.obj
 0001:000152f0       _MSG_WriteByte             004162f0 f   common.obj
 0001:00015304       _MSG_WriteShort            00416304 f   common.obj
 0001:0001531e       _MSG_WriteLong             0041631e f   common.obj
 0001:00015348       _MSG_WriteFloat            00416348 f   common.obj
 0001:0001536e       _MSG_WriteString           0041636e f   common.obj
 0001:000153a6       _MSG_WriteCoord            004163a6 f   common.obj
 0001:000153d5       _MSG_WritePos              004163d5 f   common.obj
 0001:00015457       _MSG_WriteAngle            00416457 f   common.obj
 0001:00015480       _MSG_WriteAngle16          00416480 f   common.obj
 0001:000154b7       _MSG_WriteDeltaUsercmd     004164b7 f   common.obj
 0001:0001563f       _MSG_WriteDir              0041663f f   common.obj
 0001:000156ac       _MSG_ReadDir               004166ac f   common.obj
 0001:000156e1       _MSG_WriteDeltaEntity      004166e1 f   common.obj
 0001:00015be7       _MSG_BeginReading          00416be7 f   common.obj
 0001:00015bf0       _MSG_ReadChar              00416bf0 f   common.obj
 0001:00015c11       _MSG_ReadByte              00416c11 f   common.obj
 0001:00015c32       _MSG_ReadShort             00416c32 f   common.obj
 0001:00015c62       _MSG_ReadLong              00416c62 f   common.obj
 0001:00015ca1       _MSG_ReadString            00416ca1 f   common.obj
 0001:00015cd4       _MSG_ReadCoord             00416cd4 f   common.obj
 0001:00015cee       _MSG_ReadPos               00416cee f   common.obj
 0001:00015d40       _MSG_ReadAngle             00416d40 f   common.obj
 0001:00015d5a       _MSG_ReadAngle16           00416d5a f   common.obj
 0001:00015d74       _MSG_ReadDeltaUsercmd      00416d74 f   common.obj
 0001:00015e2b       _MSG_ReadData              00416e2b f   common.obj
 0001:00015e4e       _SZ_Init                   00416e4e f   common.obj
 0001:00015e70       _SZ_Clear                  00416e70 f   common.obj
 0001:00015e7d       _SZ_GetSpace               00416e7d f   common.obj
 0001:00015eda       _SZ_Write                  00416eda f   common.obj
 0001:00015efb       _SZ_Insert                 00416efb f   common.obj
 0001:00015f4e       _SZ_Print                  00416f4e f   common.obj
 0001:00015f97       _Info_Print                00416f97 f   common.obj
 0001:00016054       _COM_BlockSequenceCRCByte  00417054 f   common.obj
 0001:000160e0       _frand                     004170e0 f   common.obj
 0001:000160fd       _crand                     004170fd f   common.obj
 0001:00016120       _COM_CheckCmdlineVar       00417120 f   common.obj
 0001:00016176       _QCommon_Init              00417176 f   common.obj
 0001:0001656b       _QCommon_Frame             0041756b f   common.obj
 0001:0001688f       _DrawStringCommon          0041788f f   console.obj
 0001:000168e9       _DrawString                004178e9 f   console.obj
 0001:00016909       _Con_ToggleConsole_f       00417909 f   console.obj
 0001:0001693b       _Con_ClearNotify           0041793b f   console.obj
 0001:0001694d       _Con_CheckResize           0041794d f   console.obj
 0001:00016a73       _Con_Print                 00417a73 f   console.obj
 0001:00016d77       _Con_DrawNotify            00417d77 f   console.obj
 0001:00016fb0       _Con_DrawConsole           00417fb0 f   console.obj
 0001:0001752f       _Key_Console               0041852f f   console.obj
 0001:00017ab9       _Key_Message               00418ab9 f   console.obj
 0001:00017b55       _Con_Init                  00418b55 f   console.obj
 0001:00017d2f       _CRC_Block                 00418d2f f   crc.obj
 0001:00017d6b       _Cvar_VariableValue        00418d6b f   cvar.obj
 0001:00017dd9       _Cvar_VariableInt          00418dd9 f   cvar.obj
 0001:00017dec       _Cvar_VariableString       00418dec f   cvar.obj
 0001:00017e04       _Cvar_Get                  00418e04 f   cvar.obj
 0001:000180a0       _Cvar_GetVars              004190a0 f   cvar.obj
 0001:000180f4       _Cvar_FullSet              004190f4 f   cvar.obj
 0001:00018151       _Cvar_SetValue             00419151 f   cvar.obj
 0001:000183b2       _Cvar_SetInteger           004193b2 f   cvar.obj
 0001:000183d4       _Cvar_Set                  004193d4 f   cvar.obj
 0001:000183e9       _Cvar_ForceSet             004193e9 f   cvar.obj
 0001:000183fe       _Cvar_Clamp                004193fe f   cvar.obj
 0001:00018488       _Cvar_ClampName            00419488 f   cvar.obj
 0001:000184d9       _Cvar_GetLatchedVars       004194d9 f   cvar.obj
 0001:00018508       _Cvar_Command              00419508 f   cvar.obj
 0001:000185b4       _Cvar_WriteVariables       004195b4 f   cvar.obj
 0001:00018647       _Cvar_BitInfo              00419647 f   cvar.obj
 0001:00018680       _Cvar_Userinfo             00419680 f   cvar.obj
 0001:00018689       _Cvar_Serverinfo           00419689 f   cvar.obj
 0001:00018692       _Cvar_Cheats               00419692 f   cvar.obj
 0001:000186eb       _Cvar_Init                 004196eb f   cvar.obj
 0001:00018d92       _FS_CreatePath             00419d92 f   files.obj
 0001:00018ddc       _FS_CopyFile               00419ddc f   files.obj
 0001:00018edf       _FS_CopyFiles              00419edf f   files.obj
 0001:00018fb8       _FS_RemoveFiles            00419fb8 f   files.obj
 0001:0001902c       _Developer_searchpath      0041a02c f   files.obj
 0001:00019071       _FS_FCloseFile             0041a071 f   files.obj
 0001:00019103       _FS_FOpenFile              0041a103 f   files.obj
 0001:0001962b       _FS_FileExists             0041a62b f   files.obj
 0001:00019867       _FS_Read                   0041a867 f   files.obj
 0001:00019aa4       _FS_LoadFile               0041aaa4 f   files.obj
 0001:00019b06       _FS_FreeFile               0041ab06 f   files.obj
 0001:00019b11       _FS_Gamedir                0041ab11 f   files.obj
 0001:00019b25       _FS_LoadGameConfig         0041ab25 f   files.obj
 0001:00019bea       _FS_SetGamedir             0041abea f   files.obj
 0001:0001a293       _FS_ListFiles              0041b293 f   files.obj
 0001:0001a5a1       _FS_NextPath               0041b5a1 f   files.obj
 0001:0001a5c5       _FS_InitFilesystem         0041b5c5 f   files.obj
 0001:0001af8e       _LoadPCX                   0041bf8e f   images.obj
 0001:0001b0c3       _LoadTGA                   0041c0c3 f   images.obj
 0001:0001b2b2       _LoadJPG                   0041c2b2 f   images.obj
 0001:0001b540       _ImageExists               0041c540 f   images.obj
 0001:0001b63a       _WriteTGA                  0041c63a f   images.obj
 0001:0001b82b       _WriteJPG                  0041c82b f   images.obj
 0001:0001b953       _IN_MLookDown              0041c953 f   in_win.obj
 0001:0001b95e       _IN_MLookUp                0041c95e f   in_win.obj
 0001:0001b981       _IN_MouseEvent             0041c981 f   in_win.obj
 0001:0001b9eb       _IN_Commands               0041c9eb f   in_win.obj
 0001:0001bb1a       _IN_Init                   0041cb1a f   in_win.obj
 0001:0001be44       _IN_Shutdown               0041ce44 f   in_win.obj
 0001:0001bf28       _IN_Move                   0041cf28 f   in_win.obj
 0001:0001c482       _IN_Activate               0041d482 f   in_win.obj
 0001:0001c499       _IN_Frame                  0041d499 f   in_win.obj
 0001:0001c886       _Key_KeynumToString        0041d886 f   keys.obj
 0001:0001c920       _CompleteCommand           0041d920 f   keys.obj
 0001:0001d244       _Key_SetBinding            0041e244 f   keys.obj
 0001:0001d282       _Key_FindBinding           0041e282 f   keys.obj
 0001:0001d2d0       _Key_WriteBindings         0041e2d0 f   keys.obj
 0001:0001d318       _Key_Init                  0041e318 f   keys.obj
 0001:0001d644       _Key_Event                 0041e644 f   keys.obj
 0001:0001d995       _Key_ClearStates           0041e995 f   keys.obj
 0001:0001d9cc       _Key_ClearTyping           0041e9cc f   keys.obj
 0001:0001d9e5       _MD4Init                   0041e9e5 f   md4.obj
 0001:0001da0d       _MD4Update                 0041ea0d f   md4.obj
 0001:0001daab       _MD4Final                  0041eaab f   md4.obj
 0001:0001e19c       _Com_BlockChecksum         0041f19c f   md4.obj
 0001:0001e1d8       _Z_Free                    0041f1d8 f   memory.obj
 0001:0001e230       _Z_FreeTags                0041f230 f   memory.obj
 0001:0001e260       _Z_TagMalloc               0041f260 f   memory.obj
 0001:0001e2cf       _Z_Malloc                  0041f2cf f   memory.obj
 0001:0001e2f1       _Z_BlockMalloc             0041f2f1 f   memory.obj
 0001:0001e30c       _CreateMemoryChain         0041f30c f   memory.obj
 0001:0001e372       _FreeMemoryChain           0041f372 f   memory.obj
 0001:0001e39c       _AllocChainBlock           0041f39c f   memory.obj
 0001:0001e3e7       _CopyString                0041f3e7 f   memory.obj
 0001:0001e40e       _ChainCopyString           0041f40e f   memory.obj
 0001:0001e436       _AllocNamedStruc           0041f436 f   memory.obj
 0001:0001e474       _ChainAllocNamedStruc      0041f474 f   memory.obj
 0001:0001e4b3       _FindNamedStruc            0041f4b3 f   memory.obj
 0001:0001e4f7       _FindNamedStrucByIndex     0041f4f7 f   memory.obj
 0001:0001e50e       _IndexOfNamedStruc         0041f50e f   memory.obj
 0001:0001e53c       _AddToNamedList            0041f53c f   memory.obj
 0001:0001e586       _ChainAddToNamedList       0041f586 f   memory.obj
 0001:0001e5d0       _FreeNamedList             0041f5d0 f   memory.obj
 0001:0001e5eb       _Z_Init                    0041f5eb f   memory.obj
 0001:0001e626       _M_PushMenu                0041f626 f   menu.obj
 0001:0001e6be       _M_ForceMenuOff            0041f6be f   menu.obj
 0001:0001e6e7       _M_ForceMenuOn             0041f6e7 f   menu.obj
 0001:0001e700       _M_PopMenu                 0041f700 f   menu.obj
 0001:0001e751       _Default_MenuKey           0041f751 f   menu.obj
 0001:0001e871       _M_Print                   0041f871 f   menu.obj
 0001:0001e8bc       _M_DrawTextBox             0041f8bc f   menu.obj
 0001:0001eaa8       _M_Main_Draw               0041faa8 f   menu.obj
 0001:0001ec2c       _M_Main_Key                0041fc2c f   menu.obj
 0001:0001ed27       _M_Menu_Main_f             0041fd27 f   menu.obj
 0001:0001ed48       _M_Menu_Multiplayer_f      0041fd48 f   menu.obj
 0001:0001ef20       _M_Menu_Keys_f             0041ff20 f   menu.obj
 0001:0001f39f       _M_Menu_Options_f          0042039f f   menu.obj
 0001:0001fcaa       _M_Menu_Video_f            00420caa f   menu.obj
 0001:0001fccb       _M_Menu_Credits_f          00420ccb f   menu.obj
 0001:0001fe90       _M_Menu_Game_f             00420e90 f   menu.obj
 0001:00020103       _M_Menu_LoadGame_f         00421103 f   menu.obj
 0001:000203d3       _M_Menu_SaveGame_f         004213d3 f   menu.obj
 0001:00020533       _M_AddToServerList         00421533 f   menu.obj
 0001:000205a6       _M_Menu_JoinServer_f       004215a6 f   menu.obj
 0001:0002080e       _M_Menu_StartServer_f      0042180e f   menu.obj
 0001:00021039       _M_Menu_DMOptions_f        00422039 f   menu.obj
 0001:000217b5       _M_Menu_DownloadOptions_f  004227b5 f   menu.obj
 0001:00021a37       _M_Menu_AddressBook_f      00422a37 f   menu.obj
 0001:00022e28       _M_Init                    00423e28 f   menu.obj
 0001:00022f4c       _M_Draw                    00423f4c f   menu.obj
 0001:00022fd6       _M_Keydown                 00423fd6 f   menu.obj
 0001:00022ff2       _LoadQ2BspFile             00423ff2 f   model.obj
 0001:000235ba       _LoadBspFile               004245ba f   model.obj
 0001:00023772       _ProcessEntstring          00424772 f   model.obj
 0001:000245e2       _Netchan_Init              004255e2 f   net_chan.obj
 0001:00024642       _Netchan_OutOfBand         00425642 f   net_chan.obj
 0001:000246a2       _Netchan_OutOfBandPrint    004256a2 f   net_chan.obj
 0001:000246e7       _Netchan_Setup             004256e7 f   net_chan.obj
 0001:00024744       _Netchan_NeedReliable      00425744 f   net_chan.obj
 0001:00024770       _Netchan_Transmit          00425770 f   net_chan.obj
 0001:00024915       _Netchan_Process           00425915 f   net_chan.obj
 0001:00024a3c       _NetadrToSockadr           00425a3c f   net_wins.obj
 0001:00024ade       _SockadrToNetadr           00425ade f   net_wins.obj
 0001:00024b41       _NET_CompareAdr            00425b41 f   net_wins.obj
 0001:00024ba7       _NET_CompareBaseAdr        00425ba7 f   net_wins.obj
 0001:00024c00       _NET_AdrToString           00425c00 f   net_wins.obj
 0001:00024cb9       _NET_StringToSockaddr      00425cb9 f   net_wins.obj
 0001:00024ef2       _NET_StringToAdr           00425ef2 f   net_wins.obj
 0001:00024f4b       _NET_IsLocalAddress        00425f4b f   net_wins.obj
 0001:00024f57       _NET_GetLoopPacket         00425f57 f   net_wins.obj
 0001:00024fde       _NET_SendLoopPacket        00425fde f   net_wins.obj
 0001:0002502a       _NET_GetPacket             0042602a f   net_wins.obj
 0001:00025148       _NET_SendPacket            00426148 f   net_wins.obj
 0001:00025220       _NET_IPSocket              00426220 f   net_wins.obj
 0001:00025336       _NET_OpenIP                00426336 f   net_wins.obj
 0001:000253b2       _NET_OpenIPX               004263b2 f   net_wins.obj
 0001:0002550a       _NET_Config                0042650a f   net_wins.obj
 0001:0002559d       _NET_Init                  0042659d f   net_wins.obj
 0001:00025604       _Pmove                     00426604 f   pmove.obj
 0001:0002739a       _NormalizeColor            0042839a f   q_shared2.obj
 0001:000273fb       _NormalizeColor255         004283fb f   q_shared2.obj
 0001:00027460       _Q_rsqrt                   00428460 f   q_shared2.obj
 0001:00027490       _RotatePointAroundVector   00428490 f   q_shared2.obj
 0001:00027600       _AngleVectors              00428600 f   q_shared2.obj
 0001:00027761       _ProjectPointOnPlane       00428761 f   q_shared2.obj
 0001:000277e0       _PerpendicularVector       004287e0 f   q_shared2.obj
 0001:0002785f       _MakeNormalVectors         0042885f f   q_shared2.obj
 0001:000278c6       _MatrixMultiply            004288c6 f   q_shared2.obj
 0001:000279ad       _SetPlaneSignbits          004289ad f   q_shared2.obj
 0001:000279d0       _LerpAngle                 004289d0 f   q_shared2.obj
 0001:00027a13       _anglemod                  00428a13 f   q_shared2.obj
 0001:00027a3f       _BoxOnPlaneSide            00428a3f f   q_shared2.obj
 0001:00027b62       _ClearBounds               00428b62 f   q_shared2.obj
 0001:00027b8b       _AddPointToBounds          00428b8b f   q_shared2.obj
 0001:00027bc4       _VectorCompare             00428bc4 f   q_shared2.obj
 0001:00027bf2       _VectorNormalize           00428bf2 f   q_shared2.obj
 0001:00027c46       _VectorNormalize2          00428c46 f   q_shared2.obj
 0001:00027c9e       _VectorNormalizeFast       00428c9e f   q_shared2.obj
 0001:00027cef       _CrossProduct              00428cef f   q_shared2.obj
 0001:00027d2a       _VectorLength              00428d2a f   q_shared2.obj
 0001:00027d59       _VectorDistance            00428d59 f   q_shared2.obj
 0001:00027d8a       _VectorInverse             00428d8a f   q_shared2.obj
 0001:00027da5       _VectorScale               00428da5 f   q_shared2.obj
 0001:00027dc9       _AnglesToAxis              00428dc9 f   q_shared2.obj
 0001:00027e07       _COM_FilePath              00428e07 f   q_shared2.obj
 0001:00027e3d       _ShortSwap                 00428e3d f   q_shared2.obj
 0001:00027e52       _va                        00428e52 f   q_shared2.obj
 0001:00027e9f       _COM_ParseExt              00428e9f f   q_shared2.obj
 0001:00027fa8       _COM_QuoteString           00428fa8 f   q_shared2.obj
 0001:00028003       _Com_PageInMemory          00429003 f   q_shared2.obj
 0001:00028022       _Q_stricmp                 00429022 f   q_shared2.obj
 0001:00028033       _Q_strncasecmp             00429033 f   q_shared2.obj
 0001:0002808b       _Q_strcasecmp              0042908b f   q_shared2.obj
 0001:000280a1       _Q_strncpyz                004290a1 f   q_shared2.obj
 0001:000280c5       _Q_strncpylower            004290c5 f   q_shared2.obj
 0001:000280ff       _Q_CopyFilename            004290ff f   q_shared2.obj
 0001:0002819b       _Com_sprintf               0042919b f   q_shared2.obj
 0001:000281e1       _Info_ValueForKey          004291e1 f   q_shared2.obj
 0001:0002826c       _Info_RemoveKey            0042926c f   q_shared2.obj
 0001:000282f2       _Info_SetValueForKey       004292f2 f   q_shared2.obj
 0001:00028430       _Menu_ItemAtCursor         00429430 f   qmenu.obj
 0001:00028487       _Field_Key                 00429487 f   qmenu.obj
 0001:000286f7       _Menu_AddItem              004296f7 f   qmenu.obj
 0001:00028772       _Menu_AdjustCursor         00429772 f   qmenu.obj
 0001:000288bd       _Menu_Center               004298bd f   qmenu.obj
 0001:000288fd       _Menu_DrawDotsItem         004298fd f   qmenu.obj
 0001:0002893c       _Menu_Draw                 0042993c f   qmenu.obj
 0001:00028e57       _Menu_SelectItem           00429e57 f   qmenu.obj
 0001:00028e8b       _Menu_SetStatusBar         00429e8b f   qmenu.obj
 0001:00028e97       _Menu_SlideItem            00429e97 f   qmenu.obj
 0001:000293ae       _S_SoundInfo_f             0042a3ae f   snd_dma.obj
 0001:00029438       _S_ReadModelsSex           0042a438 f   snd_dma.obj
 0001:00029520       _S_IsFemale                0042a520 f   snd_dma.obj
 0001:000295ae       _S_Init                    0042a5ae f   snd_dma.obj
 0001:00029681       _S_Shutdown                0042a681 f   snd_dma.obj
 0001:0002970b       _S_FindName                0042a70b f   snd_dma.obj
 0001:000297ed       _S_AliasName               0042a7ed f   snd_dma.obj
 0001:00029876       _S_BeginRegistration       0042a876 f   snd_dma.obj
 0001:00029887       _S_RegisterSound           0042a887 f   snd_dma.obj
 0001:000298ed       _S_EndRegistration         0042a8ed f   snd_dma.obj
 0001:00029980       _S_PickChannel             0042a980 f   snd_dma.obj
 0001:00029a14       _S_SpatializeOrigin        0042aa14 f   snd_dma.obj
 0001:00029b3b       _S_Spatialize              0042ab3b f   snd_dma.obj
 0001:00029bac       _S_AllocPlaysound          0042abac f   snd_dma.obj
 0001:00029bcb       _S_FreePlaysound           0042abcb f   snd_dma.obj
 0001:00029bfb       _S_IssuePlaysound          0042abfb f   snd_dma.obj
 0001:00029cc8       _S_RegisterSexedSound      0042acc8 f   snd_dma.obj
 0001:00029dac       _S_StartSound              0042adac f   snd_dma.obj
 0001:00029f7b       _S_StartLocalSound         0042af7b f   snd_dma.obj
 0001:00029fca       _S_ClearBuffer             0042afca f   snd_dma.obj
 0001:0002a022       _S_StopAllSounds           0042b022 f   snd_dma.obj
 0001:0002a09d       _S_AddLoopSounds           0042b09d f   snd_dma.obj
 0001:0002a26f       _S_RawSamples              0042b26f f   snd_dma.obj
 0001:0002a473       _S_Update                  0042b473 f   snd_dma.obj
 0001:0002a56e       _GetSoundtime              0042b56e f   snd_dma.obj
 0001:0002a5d5       _S_Update_                 0042b5d5 f   snd_dma.obj
 0001:0002a67b       _S_Play                    0042b67b f   snd_dma.obj
 0001:0002a7ec       _ResampleSfx               0042b7ec f   snd_mem.obj
 0001:0002a904       _S_LoadSound               0042b904 f   snd_mem.obj
 0001:0002aa2d       _FindNextChunk             0042ba2d f   snd_mem.obj
 0001:0002aab7       _GetWavinfo                0042bab7 f   snd_mem.obj
 0001:0002aca4       _S_WriteLinearBlastStereo16 0042bca4 f   snd_mix.obj
 0001:0002ad18       _S_TransferStereo16        0042bd18 f   snd_mix.obj
 0001:0002ad81       _S_TransferPaintBuffer     0042bd81 f   snd_mix.obj
 0001:0002aedd       _S_PaintChannels           0042bedd f   snd_mix.obj
 0001:0002b10a       _S_InitScaletable          0042c10a f   snd_mix.obj
 0001:0002b15e       _S_PaintChannelFrom8       0042c15e f   snd_mix.obj
 0001:0002b260       _S_PaintChannelFrom16      0042c260 f   snd_mix.obj
 0001:0002b2cb       _FreeSound                 0042c2cb f   snd_win.obj
 0001:0002b3db       _SNDDMA_InitDirect         0042c3db f   snd_win.obj
 0001:0002b8ae       _SNDDMA_Init               0042c8ae f   snd_win.obj
 0001:0002b92a       _SNDDMA_GetDMAPos          0042c92a f   snd_win.obj
 0001:0002b974       _SNDDMA_BeginPainting      0042c974 f   snd_win.obj
 0001:0002ba76       _SNDDMA_Submit             0042ca76 f   snd_win.obj
 0001:0002ba9b       _SNDDMA_Shutdown           0042ca9b f   snd_win.obj
 0001:0002baa0       _S_Activate                0042caa0 f   snd_win.obj
 0001:0002bacb       _SV_SetMaster_f            0042cacb f   sv_ccmds.obj
 0001:0002bbdd       _SV_WipeSavegame           0042cbdd f   sv_ccmds.obj
 0001:0002bc0b       _SV_CopySaveGame           0042cc0b f   sv_ccmds.obj
 0001:0002bc60       _SV_WriteLevelFile         0042cc60 f   sv_ccmds.obj
 0001:0002bd0e       _SV_ReadLevelFile          0042cd0e f   sv_ccmds.obj
 0001:0002bdbc       _SV_WriteServerFile        0042cdbc f   sv_ccmds.obj
 0001:0002bff8       _SV_ReadServerFile         0042cff8 f   sv_ccmds.obj
 0001:0002c112       _SV_DemoMap_f              0042d112 f   sv_ccmds.obj
 0001:0002c19c       _SV_GameMap_f              0042d19c f   sv_ccmds.obj
 0001:0002c30e       _SV_Map_f                  0042d30e f   sv_ccmds.obj
 0001:0002c37b       _SV_Loadgame_f             0042d37b f   sv_ccmds.obj
 0001:0002c480       _SV_Savegame_f             0042d480 f   sv_ccmds.obj
 0001:0002c585       _SV_AddressBanned          0042d585 f   sv_ccmds.obj
 0001:0002c5c7       _SV_InitOperatorCommands   0042d5c7 f   sv_ccmds.obj
 0001:0002cf66       _SV_WritePlayerstateToClient 0042df66 f   sv_ents.obj
 0001:0002d48a       _SV_WriteFrameToClient     0042e48a f   sv_ents.obj
 0001:0002d6b4       _SV_FatPVS                 0042e6b4 f   sv_ents.obj
 0001:0002d7de       _SV_BuildClientFrame       0042e7de f   sv_ents.obj
 0001:0002daee       _SV_RecordDemoMessage      0042eaee f   sv_ents.obj
 0001:0002dc0d       _SV_InitGameProgs          0042ec0d f   sv_game.obj
 0001:0002e694       _SV_ShutdownGameProgs      0042f694 f   sv_game.obj
 0001:0002e6fd       _SV_FindIndex              0042f6fd f   sv_init.obj
 0001:0002e800       _SV_ModelIndex             0042f800 f   sv_init.obj
 0001:0002e816       _SV_SoundIndex             0042f816 f   sv_init.obj
 0001:0002e82f       _SV_ImageIndex             0042f82f f   sv_init.obj
 0001:0002e848       _SV_CreateBaseline         0042f848 f   sv_init.obj
 0001:0002e8a6       _SV_CheckForSavegame       0042f8a6 f   sv_init.obj
 0001:0002e92e       _SV_SpawnServer            0042f92e f   sv_init.obj
 0001:0002ec00       _SV_InitGame               0042fc00 f   sv_init.obj
 0001:0002ee33       _SV_Map                    0042fe33 f   sv_init.obj
 0001:0002eff1       _SV_DropClient             0042fff1 f   sv_main.obj
 0001:0002f066       _SV_StatusString           00430066 f   sv_main.obj
 0001:0002f145       _SVC_Info                  00430145 f   sv_main.obj
 0001:0002f21b       _SVC_GetChallenge          0043021b f   sv_main.obj
 0001:0002f2c3       _SVC_DirectConnect         004302c3 f   sv_main.obj
 0001:0002f72f       _Rcon_Validate             0043072f f   sv_main.obj
 0001:0002f760       _SVC_RemoteCommand         00430760 f   sv_main.obj
 0001:0002f832       _SV_ConnectionlessPacket   00430832 f   sv_main.obj
 0001:0002f994       _SV_CalcPings              00430994 f   sv_main.obj
 0001:0002fa1b       _SV_GiveMsec               00430a1b f   sv_main.obj
 0001:0002fa5a       _SV_ReadPackets            00430a5a f   sv_main.obj
 0001:0002fba4       _SV_CheckTimeouts          00430ba4 f   sv_main.obj
 0001:0002fc64       _SV_PostprocessFrame       00430c64 f   sv_main.obj
 0001:0003013a       _SV_MulticastHook          0043113a f   sv_main.obj
 0001:00030553       _SV_TraceHook              00431553 f   sv_main.obj
 0001:000306ce       _SV_Frame                  004316ce f   sv_main.obj
 0001:00030973       _SV_UserinfoChanged        00431973 f   sv_main.obj
 0001:00030a37       _SV_Init                   00431a37 f   sv_main.obj
 0001:00030aae       _SV_Shutdown               00431aae f   sv_main.obj
 0001:00030cba       _SV_FlushRedirect          00431cba f   sv_send.obj
 0001:00030d2c       _SV_ClientPrintf           00431d2c f   sv_send.obj
 0001:00030d87       _SV_BroadcastPrintf        00431d87 f   sv_send.obj
 0001:00030e5d       _SV_BroadcastCommand       00431e5d f   sv_send.obj
 0001:00030eb4       _SV_Multicast              00431eb4 f   sv_send.obj
 0001:000310f9       _SV_MulticastOld           004320f9 f   sv_send.obj
 0001:0003110c       _SV_StartSound             0043210c f   sv_send.obj
 0001:000313d1       _SV_StartSoundOld          004323d1 f   sv_send.obj
 0001:00031401       _SV_StartSoundNew          00432401 f   sv_send.obj
 0001:00031431       _SV_SendClientDatagram     00432431 f   sv_send.obj
 0001:00031505       _SV_DemoCompleted          00432505 f   sv_send.obj
 0001:00031521       _SV_RateDrop               00432521 f   sv_send.obj
 0001:0003156c       _SV_SendClientMessages     0043256c f   sv_send.obj
 0001:000316bb       _SV_BeginDemoserver        004326bb f   sv_user.obj
 0001:00031708       _SV_New_f                  00432708 f   sv_user.obj
 0001:0003187d       _SV_Configstrings_f        0043287d f   sv_user.obj
 0001:000319d7       _SV_Baselines_f            004329d7 f   sv_user.obj
 0001:00031b4b       _SV_Begin_f                00432b4b f   sv_user.obj
 0001:00031ba8       _SV_NextDownload_f         00432ba8 f   sv_user.obj
 0001:00031c7c       _SV_BeginDownload_f        00432c7c f   sv_user.obj
 0001:00031e94       _SV_Disconnect_f           00432e94 f   sv_user.obj
 0001:00031ea4       _SV_ShowServerinfo_f       00432ea4 f   sv_user.obj
 0001:00031eb1       _SV_Nextserver             00432eb1 f   sv_user.obj
 0001:00031efb       _SV_Nextserver_f           00432efb f   sv_user.obj
 0001:00031f42       _SV_ExecuteUserCommand     00432f42 f   sv_user.obj
 0001:00032030       _SV_ClientThink            00433030 f   sv_user.obj
 0001:00032073       _SV_ExecuteClientMessage   00433073 f   sv_user.obj
 0001:00032294       _SV_ClearWorld             00433294 f   sv_world.obj
 0001:000323e8       _SV_UnlinkEdict            004333e8 f   sv_world.obj
 0001:000324a4       _SV_LinkEdict              004334a4 f   sv_world.obj
 0001:00032b02       _SV_AreaEdicts             00433b02 f   sv_world.obj
 0001:00032cb3       _SV_PointContents          00433cb3 f   sv_world.obj
 0001:00032dd9       _SV_ClipMoveToEntities     00433dd9 f   sv_world.obj
 0001:000331b9       _SV_Trace                  004341b9 f   sv_world.obj
 0001:00033275       _Sys_Quit                  00434275 f   sys_win.obj
 0001:00033349       _Sys_Error                 00434349 f   sys_win.obj
 0001:0003339d       _osAddressInfo             0043439d f   sys_win.obj
 0001:00033431       _osModuleInfo              00434431 f   sys_win.obj
 0001:000335cc       _appSymbolName2            004345cc f   sys_win.obj
 0001:0003364c       _appSymbolName             0043464c f   sys_win.obj
 0001:0003367e       _win32ExceptFilter         0043467e f   sys_win.obj
 0001:00033c60       _win32ExceptFilter2        00434c60 f   sys_win.obj
 0001:00033c6c       _Sys_Init                  00434c6c f   sys_win.obj
 0001:00033f64       _Sys_ConsoleInput          00434f64 f   sys_win.obj
 0001:000340c4       _Sys_ConsoleOutput         004350c4 f   sys_win.obj
 0001:00034175       _Sys_SendKeyEvents         00435175 f   sys_win.obj
 0001:000341de       _Sys_GetClipboardData      004351de f   sys_win.obj
 0001:00034237       _Sys_AppActivate           00435237 f   sys_win.obj
 0001:00034252       _Sys_UnloadGame            00435252 f   sys_win.obj
 0001:00034275       _Sys_GetGameAPI            00435275 f   sys_win.obj
 0001:0003435f       _WinMain@16                0043535f f   sys_win.obj
 0001:0003451f       _Vid_CreateWindow          0043551f f   vid_dll.obj
 0001:00034cb8       _Vid_DestroyWindow         00435cb8 f   vid_dll.obj
 0001:00034cf3       _Vid_GetModeInfo           00435cf3 f   vid_dll.obj
 0001:00034d22       _Vid_UpdateWindowPosAndSize 00435d22 f   vid_dll.obj
 0001:00034d89       _Vid_FreeReflib            00435d89 f   vid_dll.obj
 0001:00034dc8       _Vid_CheckChanges          00435dc8 f   vid_dll.obj
 0001:0003517a       _Vid_Init                  0043617a f   vid_dll.obj
 0001:000351eb       _Vid_Shutdown              004361eb f   vid_dll.obj
 0001:00035219       _Vid_MenuInit              00436219 f   vid_menu.obj
 0001:00035a79       _Vid_MenuDraw              00436a79 f   vid_menu.obj
 0001:00035b0d       _Vid_MenuKey               00436b0d f   vid_menu.obj
 0001:00035e67       _Zip_OpenArchive           00436e67 f   zip.obj
 0001:00035ed2       _Zip_CloseArchive          00436ed2 f   zip.obj
 0001:00035ede       _Zip_EnumArchive           00436ede f   zip.obj
 0001:000360bf       _Zip_OpenFile              004370bf f   zip.obj
 0001:000361ce       _Zip_ReadFile              004371ce f   zip.obj
 0001:000362c5       _Zip_CloseFile             004372c5 f   zip.obj
 0001:0003630d       _Zip_OpenBuf               0043730d f   zip.obj
 0001:00036360       _Zip_ReadBuf               00437360 f   zip.obj
 0001:000363a8       _Zip_CloseBuf              004373a8 f   zip.obj
 0001:000363be       _GL_BackEnd                004373be f   gl_backend.obj
 0001:0003979f       _GL_InitBackend            0043a79f f   gl_backend.obj
 0001:000397e2       _GL_ShutdownBackend        0043a7e2 f   gl_backend.obj
 0001:000397f6       _GL_AllocDynamicMemory     0043a7f6 f   gl_buffers.obj
 0001:00039856       _GL_ResizeDynamicMemory    0043a856 f   gl_buffers.obj
 0001:000398a1       _GL_AddSurfaceToPortal     0043a8a1 f   gl_buffers.obj
 0001:00039904       _GL_AddDynamicSurface      0043a904 f   gl_buffers.obj
 0001:0003992c       _GL_InsertShaderIndex      0043a92c f   gl_buffers.obj
 0001:0003995f       _GL_ClearPortal            0043a95f f   gl_buffers.obj
 0001:0003997b       _GL_FinishPortal           0043a97b f   gl_buffers.obj
 0001:000399cc       _GL_SortSurfaces           0043a9cc f   gl_buffers.obj
 0001:00039b67       _GL_ClearBuffers           0043ab67 f   gl_buffers.obj
 0001:00039b7e       _GL_AddEntity              0043ab7e f   gl_frontend.obj
 0001:00039ff2       _GL_AddDlight              0043aff2 f   gl_frontend.obj
 0001:0003a1aa       _GL_DrawPortal             0043b1aa f   gl_frontend.obj
 0001:0003cccf       _GL_TextureMode            0043dccf f   gl_image.obj
 0001:0003cd6f       _GL_CreateImage            0043dd6f f   gl_image.obj
 0001:0003da60       _GL_SetRawPalette          0043ea60 f   gl_image.obj
 0001:0003da91       _GL_DrawStretchRaw8        0043ea91 f   gl_image.obj
 0001:0003dd41       _GL_SetupGamma             0043ed41 f   gl_image.obj
 0001:0003de84       _GL_PerformScreenshot      0043ee84 f   gl_image.obj
 0001:0003e10d       _GL_InitImages             0043f10d f   gl_image.obj
 0001:0003e6d3       _GL_ShutdownImages         0043f6d3 f   gl_image.obj
 0001:0003e75e       _GL_LoadDelayedImages      0043f75e f   gl_image.obj
 0001:0003e7db       _GL_ShowImages             0043f7db f   gl_image.obj
 0001:0003ea1a       _GL_FindImage              0043fa1a f   gl_image.obj
 0001:0003ee17       _GL_Lock                   0043fe17 f   gl_interface.obj
 0001:0003eea8       _GL_Unlock                 0043fea8 f   gl_interface.obj
 0001:0003f057       _GL_Bind                   00440057 f   gl_interface.obj
 0001:0003f179       _GL_BindForce              00440179 f   gl_interface.obj
 0001:0003f1c6       _GL_TexEnv                 004401c6 f   gl_interface.obj
 0001:0003f345       _GL_TexMipBias             00440345 f   gl_interface.obj
 0001:0003f3a0       _GL_TexEnvColor            004403a0 f   gl_interface.obj
 0001:0003f450       _GL_SelectTexture          00440450 f   gl_interface.obj
 0001:0003f4b1       _GL_TexCoordPointer        004404b1 f   gl_interface.obj
 0001:0003f4e1       _GL_SetMultitexture        004404e1 f   gl_interface.obj
 0001:0003f5b8       _GL_DisableTexCoordArrays  004405b8 f   gl_interface.obj
 0001:0003f611       _GL_CullFace               00440611 f   gl_interface.obj
 0001:0003f662       _GL_DepthRange             00440662 f   gl_interface.obj
 0001:0003f695       _GL_State                  00440695 f   gl_interface.obj
 0001:0003f7ee       _GL_EnableFog              004407ee f   gl_interface.obj
 0001:0003f8f2       _GL_SetDefaultState        004408f2 f   gl_interface.obj
 0001:0003fa11       _GL_Set2DMode              00440a11 f   gl_interface.obj
 0001:0003fb0c       _GL_Setup                  00440b0c f   gl_interface.obj
 0001:0003fc18       _GL_ShowLights             00440c18 f   gl_light.obj
 0001:0004003d       _GL_LightForEntity         0044103d f   gl_light.obj
 0001:000412b6       _GL_DiffuseLight           004422b6 f   gl_light.obj
 0001:0004142e       _GL_InitLightGrid          0044242e f   gl_light.obj
 0001:000414ca       _GL_PostLoadLights         004424ca f   gl_light.obj
 0001:00041768       _LM_Init                   00442768 f   gl_lightmap.obj
 0001:0004177e       _LM_Flush                  0044277e f   gl_lightmap.obj
 0001:000417db       _LM_Done                   004427db f   gl_lightmap.obj
 0001:00041802       _LM_Save                   00442802 f   gl_lightmap.obj
 0001:0004181c       _LM_Restore                0044281c f   gl_lightmap.obj
 0001:00041836       _LM_NewBlock               00442836 f   gl_lightmap.obj
 0001:000418b0       _LM_Rewind                 004428b0 f   gl_lightmap.obj
 0001:000418b8       _LM_NextBlock              004428b8 f   gl_lightmap.obj
 0001:000418e5       _LM_CheckMinlight          004428e5 f   gl_lightmap.obj
 0001:0004197b       _LM_AllocBlock             0044297b f   gl_lightmap.obj
 0001:00041a32       _LM_PutBlock               00442a32 f   gl_lightmap.obj
 0001:00041e6c       _LM_SortLightStyles        00442e6c f   gl_lightmap.obj
 0001:00041efd       _GL_UpdateDynamicLightmap  00442efd f   gl_lightmap.obj
 0001:000423f4       _LM_IsMonotone             004433f4 f   gl_lightmap.obj
 0001:000424fb       _GL_EnableRendering        004434fb f   gl_main.obj
 0001:00042516       _DrawTextLeft              00443516 f   gl_main.obj
 0001:000425e0       _DrawTextRight             004435e0 f   gl_main.obj
 0001:0004261e       _DrawText3D                0044361e f   gl_main.obj
 0001:00042696       _GL_GetRefAPI              00443696 f   gl_main.obj
 0001:00043eb8       _GL_InitFuncTables         00444eb8 f   gl_math.obj
 0001:00044069       _ModelToWorldCoord         00445069 f   gl_math.obj
 0001:000440da       _WorldToModelCoord         004450da f   gl_math.obj
 0001:00044121       _BuildRotationMatrix       00445121 f   gl_math.obj
 0001:0004421b       _GetBoxRect                0044521b f   gl_math.obj
 0001:0004458c       _ProjectToScreen           0044558c f   gl_math.obj
 0001:000446cf       _SaturateColor3f           004456cf f   gl_math.obj
 0001:000447bf       _SaturateColor4b           004457bf f   gl_math.obj
 0001:000448cd       _GL_FindModel              004458cd f   gl_model.obj
 0001:00044a4b       _GL_LoadWorldMap           00445a4b f   gl_model.obj
 0001:000465aa       _GL_PointInLeaf            004475aa f   gl_model.obj
 0001:00046ef1       _ATAN2_FUNC                00447ef1 f i gl_model.obj
 0001:0004709c       _GL_FindSkin               0044809c f   gl_model.obj
 0001:000471f5       _GL_ResetModels            004481f5 f   gl_model.obj
 0001:000472c4       _GL_InitModels             004482c4 f   gl_model.obj
 0001:00047331       _GL_ShutdownModels         00448331 f   gl_model.obj
 0001:00047347       _SubdividePlane            00448347 f   gl_poly.obj
 0001:0004779a       _FreeSubdividedPlane       0044879a f   gl_poly.obj
 0001:000477b2       _GetSubdivideIndexes       004487b2 f   gl_poly.obj
 0001:00047805       _RemoveCollinearPoints     00448805 f   gl_poly.obj
 0001:00047919       _GetPolyArea               00448919 f   gl_poly.obj
 0001:000479ad       _GL_InitShaders            004489ad f   gl_shader.obj
 0001:00047b0f       _GL_ShutdownShaders        00448b0f f   gl_shader.obj
 0001:00047b39       _GL_SetShaderLightmap      00448b39 f   gl_shader.obj
 0001:00047f3b       _GL_SetShaderLightstyles   00448f3b f   gl_shader.obj
 0001:00047fd7       _GL_GetAlphaShader         00448fd7 f   gl_shader.obj
 0001:000482e7       _GL_FindShader             004492e7 f   gl_shader.obj
 0001:00048853       _GL_GetShaderByNum         00449853 f   gl_shader.obj
 0001:00048871       _GL_ResetShaders           00449871 f   gl_shader.obj
 0001:00048c81       _GL_ClearSkyBox            00449c81 f   gl_sky.obj
 0001:00048ca4       _GL_SetSkyRotate           00449ca4 f   gl_sky.obj
 0001:00048cdc       _GL_SkyVisible             00449cdc f   gl_sky.obj
 0001:00048cf5       _GL_AddSkySurface          00449cf5 f   gl_sky.obj
 0001:00049322       _GL_TesselateSkySide       0044a322 f   gl_sky.obj
 0001:000495f4       _GLimp_SetMode             0044a5f4 f   glw_imp.obj
 0001:00049896       _GLimp_HasGamma            0044a896 f   glw_imp.obj
 0001:000498aa       _GLimp_SetGamma            0044a8aa f   glw_imp.obj
 0001:00049a43       _GLimp_Init                0044aa43 f   glw_imp.obj
 0001:00049da1       _GLimp_Shutdown            0044ada1 f   glw_imp.obj
 0001:00049e4f       _GLimp_EndFrame            0044ae4f f   glw_imp.obj
 0001:00049ee9       _GLimp_AppActivate         0044aee9 f   glw_imp.obj
 0001:0004b5d0       _QGL_Shutdown              0044c5d0 f   qgl_win.obj
 0001:0004b60e       _QGL_Init                  0044c60e f   qgl_win.obj
 0001:0004b691       _QGL_InitExtensions        0044c691 f   qgl_win.obj
 0001:0004b9fb       _QGL_EnableLogging         0044c9fb f   qgl_win.obj
 0001:0004bac6       _QGL_LogMessage            0044cac6 f   qgl_win.obj
 0001:0004badd       _Hunk_Begin                0044cadd f   q_shwin.obj
 0001:0004bb17       _Hunk_Alloc                0044cb17 f   q_shwin.obj
 0001:0004bb9e       _Hunk_End                  0044cb9e f   q_shwin.obj
 0001:0004bba4       _Hunk_Free                 0044cba4 f   q_shwin.obj
 0001:0004bbbd       _Sys_Milliseconds          0044cbbd f   q_shwin.obj
 0001:0004bbf1       _Sys_Mkdir                 0044cbf1 f   q_shwin.obj
 0001:0004bbfd       _Sys_FindFirst             0044cbfd f   q_shwin.obj
 0001:0004bc7b       _Sys_FindNext              0044cc7b f   q_shwin.obj
 0001:0004bcf0       _Sys_FindClose             0044ccf0 f   q_shwin.obj
 0001:0004bd0a       _R_Alias_clip_z            0044cd0a f   r_aclip.obj
 0001:0004bdcc       _R_Alias_clip_left         0044cdcc f   r_aclip.obj
 0001:0004bfd8       _R_Alias_clip_right        0044cfd8 f   r_aclip.obj
 0001:0004c1e4       _R_Alias_clip_top          0044d1e4 f   r_aclip.obj
 0001:0004c3f8       _R_Alias_clip_bottom       0044d3f8 f   r_aclip.obj
 0001:0004c60c       _R_AliasClip               0044d60c f   r_aclip.obj
 0001:0004c6dc       _R_AliasClipTriangle       0044d6dc f   r_aclip.obj
 0001:0004c8ce       _R_AliasCheckFrameBBox     0044d8ce f   r_alias.obj
 0001:0004ca01       _R_AliasCheckBBox          0044da01 f   r_alias.obj
 0001:0004ca65       _R_AliasTransformVector    0044da65 f   r_alias.obj
 0001:0004cac1       _R_AliasPreparePoints      0044dac1 f   r_alias.obj
 0001:0004cd59       _R_AliasSetUpTransform     0044dd59 f   r_alias.obj
 0001:0004d01c       _R_AliasTransformFinalVerts 0044e01c f   r_alias.obj
 0001:0004d1eb       _R_AliasProjectAndClipTestFinalVert 0044e1eb f   r_alias.obj
 0001:0004d29a       _R_AliasSetupLighting      0044e29a f   r_alias.obj
 0001:0004d404       _R_AliasSetupFrames        0044e404 f   r_alias.obj
 0001:0004d478       _R_AliasSetUpLerpData      0044e478 f   r_alias.obj
 0001:0004d5a0       _R_AliasDrawModel          0044e5a0 f   r_alias.obj
 0001:0004d834       _R_EntityRotate            0044e834 f   r_bsp.obj
 0001:0004d8b0       _R_RotateBmodel            0044e8b0 f   r_bsp.obj
 0001:0004da0b       _R_RecursiveClipBPoly      0044ea0b f   r_bsp.obj
 0001:0004dd3b       _R_DrawSolidClippedSubmodelPolygons 0044ed3b f   r_bsp.obj
 0001:0004dec2       _R_DrawSubmodelPolygons    0044eec2 f   r_bsp.obj
 0001:0004df52       _R_RecursiveWorldNode      0044ef52 f   r_bsp.obj
 0001:0004e184       _R_RenderWorld             0044f184 f   r_bsp.obj
 0001:0004e1ff       _Draw_FindPic              0044f1ff f   r_draw.obj
 0001:0004e242       _Draw_InitLocal            0044f242 f   r_draw.obj
 0001:0004e253       _Draw_Char                 0044f253 f   r_draw.obj
 0001:0004e334       _Draw_CharColor            0044f334 f   r_draw.obj
 0001:0004e443       _R_DrawTexts               0044f443 f   r_draw.obj
 0001:0004e4b9       _DrawText_Pos              0044f4b9 f   r_draw.obj
 0001:0004e591       _DrawText_Left             0044f591 f   r_draw.obj
 0001:0004e5b9       _DrawText_Right            0044f5b9 f   r_draw.obj
 0001:0004e5f5       _Draw_GetPicSize           0044f5f5 f   r_draw.obj
 0001:0004e635       _Draw_StretchPicImplementation 0044f635 f   r_draw.obj
 0001:0004e75c       _Draw_StretchPic           0044f75c f   r_draw.obj
 0001:0004e794       _Draw_StretchRaw8          0044f794 f   r_draw.obj
 0001:0004e7c6       _Draw_Pic                  0044f7c6 f   r_draw.obj
 0001:0004e97f       _Draw_PicColor             0044f97f f   r_draw.obj
 0001:0004eb38       _Draw_TileClear            0044fb38 f   r_draw.obj
 0001:0004ec08       _Draw_Fill                 0044fc08 f   r_draw.obj
 0001:0004eca4       _Draw_Fade                 0044fca4 f   r_draw.obj
 0001:0004ed06       _R_BeginEdgeFrame          0044fd06 f   r_edge.obj
 0001:0004edc2       _R_InsertNewEdges          0044fdc2 f   r_edge.obj
 0001:0004ee08       _R_RemoveEdges             0044fe08 f   r_edge.obj
 0001:0004ee26       _R_StepActiveU             0044fe26 f   r_edge.obj
 0001:0004eeba       _R_CleanupSpan             0044feba f   r_edge.obj
 0001:0004ef0a       _R_LeadingEdgeBackwards    0044ff0a f   r_edge.obj
 0001:0004ef9f       _R_TrailingEdge            0044ff9f f   r_edge.obj
 0001:0004f003       _R_LeadingEdge             00450003 f   r_edge.obj
 0001:0004f1a6       _R_GenerateSpans           004501a6 f   r_edge.obj
 0001:0004f214       _R_GenerateSpansBackward   00450214 f   r_edge.obj
 0001:0004f282       _R_ScanEdges               00450282 f   r_edge.obj
 0001:0004f459       _D_FlatFillSurface         00450459 f   r_edge.obj
 0001:0004f4b3       _D_CalcGradients           004504b3 f   r_edge.obj
 0001:0004f713       _D_BackgroundSurf          00450713 f   r_edge.obj
 0001:0004f753       _D_TurbulentSurf           00450753 f   r_edge.obj
 0001:0004f862       _D_SkySurf                 00450862 f   r_edge.obj
 0001:0004f8e3       _D_SolidSurf               004508e3 f   r_edge.obj
 0001:0004fa3b       _D_DrawflatSurfaces        00450a3b f   r_edge.obj
 0001:0004fa8b       _D_DrawSurfaces            00450a8b f   r_edge.obj
 0001:0004fb84       _R_ImageList_f             00450b84 f   r_image.obj
 0001:0004fc45       _R_FindFreeImage           00450c45 f   r_image.obj
 0001:0004fc90       _R_LoadPic                 00450c90 f   r_image.obj
 0001:0004fd1d       _R_LoadTex                 00450d1d f   r_image.obj
 0001:0004fda9       _R_LoadWal                 00450da9 f   r_image.obj
 0001:0004fdff       _R_MipMap                  00450dff f   r_image.obj
 0001:0004ff2d       _R_DownsampleImage         00450f2d f   r_image.obj
 0001:00050032       _R_FindImage               00451032 f   r_image.obj
 0001:000503d7       _R_RegisterSkin            004513d7 f   r_image.obj
 0001:000503e5       _R_FreeUnusedImages        004513e5 f   r_image.obj
 0001:00050445       _R_InitImages              00451445 f   r_image.obj
 0001:000504a8       _R_ShutdownImages          004514a8 f   r_image.obj
 0001:000504e5       _R_MarkLights              004514e5 f   r_light.obj
 0001:000505ab       _R_PushDlights             004515ab f   r_light.obj
 0001:00050609       _R_LightPoint              00451609 f   r_light.obj
 0001:000509d4       _R_AddDynamicLights        004519d4 f   r_light.obj
 0001:00050c72       _R_BuildLightMap           00451c72 f   r_light.obj
 0001:00050d68       _R_InitTextures            00451d68 f   r_main.obj
 0001:00050e29       _R_InitTurb                00451e29 f   r_main.obj
 0001:00050ea6       _R_Register                00451ea6 f   r_main.obj
 0001:00050f0e       _R_Init                    00451f0e f   r_main.obj
 0001:00050f9f       _R_Shutdown                00451f9f f   r_main.obj
 0001:00051014       _R_NewMap                  00452014 f   r_main.obj
 0001:000510be       _R_MarkLeaves              004520be f   r_main.obj
 0001:000511e5       _R_DrawEntitiesOnList      004521e5 f   r_main.obj
 0001:0005138d       _R_BmodelCheckBBox         0045238d f   r_main.obj
 0001:0005143f       _R_FindTopnode             0045243f f   r_main.obj
 0001:00051494       _RotatedBBox               00452494 f   r_main.obj
 0001:000515f6       _R_DrawBEntitiesOnList     004525f6 f   r_main.obj
 0001:000517f7       _R_EdgeDrawing             004527f7 f   r_main.obj
 0001:000518cc       _R_CalcPalette             004528cc f   r_main.obj
 0001:000519d1       _R_SetLightLevel           004529d1 f   r_main.obj
 0001:00051a21       _R_RenderFrame             00452a21 f   r_main.obj
 0001:00051c06       _R_InitGraphics            00452c06 f   r_main.obj
 0001:00051c7c       _R_BeginFrame              00452c7c f   r_main.obj
 0001:00051dc1       _R_GammaCorrectAndSetPalette 00452dc1 f   r_main.obj
 0001:00051e20       _R_CinematicSetPalette     00452e20 f   r_main.obj
 0001:00051eb7       _Draw_BuildGammaTable      00452eb7 f   r_main.obj
 0001:00051fc8       _R_DrawBeam                00452fc8 f   r_main.obj
 0001:0005211d       _R_SetSky                  0045311d f   r_main.obj
 0001:00052194       _Draw_GetPalette           00453194 f   r_main.obj
 0001:000522da       _Draw_ConCharColor         004532da f   r_main.obj
 0001:000522fb       _GetRefAPI                 004532fb f   r_main.obj
 0001:0005254c       _D_ViewChanged             0045354c f   r_misc.obj
 0001:000526bf       _R_PrintTimes              004536bf f   r_misc.obj
 0001:00052727       _R_PrintDSpeeds            00453727 f   r_misc.obj
 0001:000527dc       _R_PrintAliasStats         004537dc f   r_misc.obj
 0001:000527ef       _R_TransformFrustum        004537ef f   r_misc.obj
 0001:000528ad       _TransformVector           004538ad f   r_misc.obj
 0001:00052918       _R_SetUpFrustumIndexes     00453918 f   r_misc.obj
 0001:0005297d       _R_ViewChanged             0045397d f   r_misc.obj
 0001:00052cc6       _R_SetupFrame              00453cc6 f   r_misc.obj
 0001:00052ea1       _WritePCXfile              00453ea1 f   r_misc.obj
 0001:00052fc3       _R_ScreenShot              00453fc3 f   r_misc.obj
 0001:000530d2       _Mod_Modellist_f           004540d2 f   r_model.obj
 0001:00053130       _Mod_Init                  00454130 f   r_model.obj
 0001:00053148       _Mod_ForName               00454148 f   r_model.obj
 0001:00053376       _Mod_PointInLeaf           00454376 f   r_model.obj
 0001:000533d5       _Mod_DecompressVis         004543d5 f   r_model.obj
 0001:00053455       _Mod_ClusterPVS            00454455 f   r_model.obj
 0001:00053482       _Mod_LoadLighting          00454482 f   r_model.obj
 0001:00053501       _R_NumberLeafs             00454501 f   r_model.obj
 0001:0005354f       _Mod_LoadVertexes          0045454f f   r_model.obj
 0001:00053591       _Mod_LoadEdges             00454591 f   r_model.obj
 0001:000535df       _Mod_LoadTexinfo           004545df f   r_model.obj
 0001:00053747       _CalcSurfaceExtents        00454747 f   r_model.obj
 0001:000538c5       _Mod_LoadFaces             004548c5 f   r_model.obj
 0001:00053a26       _Mod_SetParent             00454a26 f   r_model.obj
 0001:00053a4b       _Mod_LoadNodes             00454a4b f   r_model.obj
 0001:00053b41       _Mod_LoadLeafs             00454b41 f   r_model.obj
 0001:00053bea       _Mod_LoadMarksurfaces      00454bea f   r_model.obj
 0001:00053c63       _Mod_LoadSurfedges         00454c63 f   r_model.obj
 0001:00053ca2       _Mod_LoadPlanes            00454ca2 f   r_model.obj
 0001:00053d11       _Mod_LoadBrushModel        00454d11 f   r_model.obj
 0001:00053ef0       _Mod_LoadAliasModel        00454ef0 f   r_model.obj
 0001:0005415d       _Mod_LoadSpriteModel       0045515d f   r_model.obj
 0001:00054240       _R_BeginRegistration       00455240 f   r_model.obj
 0001:000542d0       _R_RegisterModel           004552d0 f   r_model.obj
 0001:000543c8       _R_EndRegistration         004553c8 f   r_model.obj
 0001:00054433       _Mod_FreeAll               00455433 f   r_model.obj
 0001:00054478       _R_DrawParticle            00455478 f   r_part.obj
 0001:00054712       _R_DrawParticles           00455712 f   r_part.obj
 0001:000547ba       _R_DrawSpanletOpaque       004557ba f   r_poly.obj
 0001:0005484a       _R_DrawSpanletTurbulentStipple33 0045584a f   r_poly.obj
 0001:00054975       _R_DrawSpanletTurbulentStipple66 00455975 f   r_poly.obj
 0001:00054b56       _R_DrawSpanletTurbulentBlended66 00455b56 f   r_poly.obj
 0001:00054c0b       _R_DrawSpanletTurbulentBlended33 00455c0b f   r_poly.obj
 0001:00054cc0       _R_DrawSpanlet33           00455cc0 f   r_poly.obj
 0001:00054d5a       _R_DrawSpanletConstant33   00455d5a f   r_poly.obj
 0001:00054db3       _R_DrawSpanlet66           00455db3 f   r_poly.obj
 0001:00054e51       _R_DrawSpanlet33Stipple    00455e51 f   r_poly.obj
 0001:00054f6c       _R_DrawSpanlet66Stipple    00455f6c f   r_poly.obj
 0001:000550fd       _R_ClipPolyFace            004560fd f   r_poly.obj
 0001:0005526e       _R_PolygonDrawSpans        0045626e f   r_poly.obj
 0001:0005566d       _R_PolygonScanLeftEdge     0045666d f   r_poly.obj
 0001:000557d1       _R_PolygonScanRightEdge    004567d1 f   r_poly.obj
 0001:000559db       _R_ClipAndDrawPoly         004569db f   r_poly.obj
 0001:00055bda       _R_BuildPolygonFromSurface 00456bda f   r_poly.obj
 0001:00055dd0       _R_PolygonCalculateGradients 00456dd0 f   r_poly.obj
 0001:000560a3       _R_DrawAlphaSurfaces       004570a3 f   r_poly.obj
 0001:00056139       _R_IMFlatShadedQuad        00457139 f   r_poly.obj
 0001:00056267       _R_InitAdivtab             00457267 f   r_polyse.obj
 0001:000562d3       _R_PolysetUpdateTables     004572d3 f   r_polyse.obj
 0001:0005630e       _R_DrawTriangle            0045730e f   r_polyse.obj
 0001:0005641f       _R_PolysetScanLeftEdge_C   0045741f f   r_polyse.obj
 0001:000565e9       _FloorDivMod               004575e9 f   r_polyse.obj
 0001:00056683       _R_PolysetSetUpForLineScan 00457683 f   r_polyse.obj
 0001:00056711       _R_PolysetCalcGradients    00457711 f   r_polyse.obj
 0001:00056984       _R_PolysetDrawSpans8_33    00457984 f   r_polyse.obj
 0001:00056ab4       _R_PolysetDrawSpansConstant8_33 00457ab4 f   r_polyse.obj
 0001:00056b4e       _R_PolysetDrawSpans8_66    00457b4e f   r_polyse.obj
 0001:00056c8a       _R_PolysetDrawSpansConstant8_66 00457c8a f   r_polyse.obj
 0001:00056d32       _R_PolysetDrawSpans8_Opaque 00457d32 f   r_polyse.obj
 0001:00056e7d       _R_RasterizeAliasPolySmooth 00457e7d f   r_polyse.obj
 0001:0005745d       _R_PolysetSetEdgeTable     0045845d f   r_polyse.obj
 0001:000574f8       _R_InitSkyBox              004584f8 f   r_rast.obj
 0001:00057761       _R_EmitSkyBox              00458761 f   r_rast.obj
 0001:00057874       _R_EmitEdge                00458874 f   r_rast.obj
 0001:00057c46       _R_ClipEdge                00458c46 f   r_rast.obj
 0001:00057df4       _R_EmitCachedEdge          00458df4 f   r_rast.obj
 0001:00057e4b       _R_RenderFace              00458e4b f   r_rast.obj
 0001:00058212       _R_RenderBmodelFace        00459212 f   r_rast.obj
 0001:0005847b       _D_WarpScreen              0045947b f   r_scan.obj
 0001:0005863d       _D_DrawTurbulent8Span      0045963d f   r_scan.obj
 0001:000586c1       _Turbulent8                004596c1 f   r_scan.obj
 0001:00058a1d       _NonTurbulent8             00459a1d f   r_scan.obj
 0001:00058d57       _D_DrawSpans16             00459d57 f   r_scan.obj
 0001:00059074       _D_DrawZSpans              0045a074 f   r_scan.obj
 0001:00059144       _R_DrawSprite              0045a144 f   r_sprite.obj
 0001:000593ce       _R_TextureAnimation        0045a3ce f   r_surf.obj
 0001:000593f2       _R_DrawSurface             0045a3f2 f   r_surf.obj
 0001:00059557       _R_DrawSurfaceBlock8_mip0  0045a557 f   r_surf.obj
 0001:00059656       _R_DrawSurfaceBlock8_mip1  0045a656 f   r_surf.obj
 0001:00059755       _R_DrawSurfaceBlock8_mip2  0045a755 f   r_surf.obj
 0001:00059854       _R_DrawSurfaceBlock8_mip3  0045a854 f   r_surf.obj
 0001:00059950       _R_InitCaches              0045a950 f   r_surf.obj
 0001:000599d1       _D_FlushCaches             0045a9d1 f   r_surf.obj
 0001:00059a16       _D_SCAlloc                 0045aa16 f   r_surf.obj
 0001:00059ba3       _D_CacheSurface            0045aba3 f   r_surf.obj
 0001:00059d18       _DDRAW_Init                0045ad18 f   rw_ddraw.obj
 0001:0005a128       _DDRAW_SetPalette          0045b128 f   rw_ddraw.obj
 0001:0005a191       _DDRAW_Shutdown            0045b191 f   rw_ddraw.obj
 0001:0005a2fc       _DIB_Init                  0045b2fc f   rw_dib.obj
 0001:0005a4e1       _DIB_SetPalette            0045b4e1 f   rw_dib.obj
 0001:0005a69d       _DIB_Shutdown              0045b69d f   rw_dib.obj
 0001:0005a796       _SWimp_Init                0045b796 f   rw_imp.obj
 0001:0005a79a       _SWimp_EndFrame            0045b79a f   rw_imp.obj
 0001:0005a906       _SWimp_SetMode             0045b906 f   rw_imp.obj
 0001:0005aa28       _SWimp_SetPalette          0045ba28 f   rw_imp.obj
 0001:0005aa4d       _SWimp_Shutdown            0045ba4d f   rw_imp.obj
 0001:0005aa94       _SWimp_AppActivate         0045ba94 f   rw_imp.obj
 0001:0005ab40       _jpeg_CreateDecompress     0045bb40 f   lib:jdapimin.obj
 0001:0005ac00       _jpeg_read_header          0045bc00 f   lib:jdapimin.obj
 0001:0005ac62       _jpeg_consume_input        0045bc62 f   lib:jdapimin.obj
 0001:0005aeb0       _jpeg_finish_decompress    0045beb0 f   lib:jdapimin.obj
 0001:0005af47       _jpeg_start_decompress     0045bf47 f   lib:jdapistd.obj
 0001:0005b0b4       _jpeg_read_scanlines       0045c0b4 f   lib:jdapistd.obj
 0001:0005b138       _jpeg_resync_to_restart    0045c138 f   lib:jdmarker.obj
 0001:0005b2fd       _jinit_marker_reader       0045c2fd f   lib:jdmarker.obj
 0001:0005c7c8       _jpeg_CreateCompress       0045d7c8 f   lib:jcapimin.obj
 0001:0005c87c       _jpeg_destroy_decompress   0045d87c f   lib:jcapimin.obj
 0001:0005c87c       _jpeg_destroy_compress     0045d87c f   lib:jcapimin.obj
 0001:0005c887       _jpeg_suppress_tables      0045d887 f   lib:jcapimin.obj
 0001:0005c8d1       _jpeg_finish_compress      0045d8d1 f   lib:jcapimin.obj
 0001:0005c9bb       _jpeg_start_compress       0045d9bb f   lib:jcapistd.obj
 0001:0005ca27       _jpeg_write_scanlines      0045da27 f   lib:jcapistd.obj
 0001:0005cad2       _jpeg_add_quant_table      0045dad2 f   lib:jcparam.obj
 0001:0005cb84       _jpeg_quality_scaling      0045db84 f   lib:jcparam.obj
 0001:0005cbab       _jpeg_set_quality          0045dbab f   lib:jcparam.obj
 0001:0005cbe5       _jpeg_set_defaults         0045dbe5 f   lib:jcparam.obj
 0001:0005cda7       _jpeg_default_colorspace   0045dda7 f   lib:jcparam.obj
 0001:0005cdf7       _jpeg_set_colorspace       0045ddf7 f   lib:jcparam.obj
 0001:0005d112       _jpeg_stdio_dest           0045e112 f   lib:jdatadst.obj
 0001:0005d212       _crc32                     0045e212 f   lib:crc32.obj
 0001:0005d49e       _inflateReset              0045e49e f   lib:inflate.obj
 0001:0005d4e5       _inflateInit2_             0045e4e5 f   lib:inflate.obj
 0001:0005d59e       _inflate                   0045e59e f   lib:inflate.obj
 0001:0005e72c       _inflateEnd                0045f72c f   lib:inflate.obj
 0001:0005e76a       _jinit_input_controller    0045f76a f   lib:jdinput.obj
 0001:0005ec4d       _jinit_memory_mgr          0045fc4d f   lib:jmemmgr.obj
 0001:0005f7e1       _jpeg_abort                004607e1 f   lib:jcomapi.obj
 0001:0005f814       _jpeg_destroy              00460814 f   lib:jcomapi.obj
 0001:0005f82f       _jpeg_alloc_quant_table    0046082f f   lib:jcomapi.obj
 0001:0005f84b       _jpeg_alloc_huff_table     0046084b f   lib:jcomapi.obj
 0001:0005f867       _jpeg_calc_output_dimensions 00460867 f   lib:jdmaster.obj
 0001:0005f967       _jinit_master_decompress   00460967 f   lib:jdmaster.obj
 0001:0005fcbd       _jdiv_round_up             00460cbd f   lib:jutils.obj
 0001:0005fccd       _jround_up                 00460ccd f   lib:jutils.obj
 0001:0005fce5       _jcopy_sample_rows         00460ce5 f   lib:jutils.obj
 0001:0005fd23       _jcopy_block_row           00460d23 f   lib:jutils.obj
 0001:0005fd3c       _jzero_far                 00460d3c f   lib:jutils.obj
 0001:0005fd4f       _jinit_marker_writer       00460d4f f   lib:jcmarker.obj
 0001:0006062b       _jinit_compress_master     0046162b f   lib:jcinit.obj
 0001:00060684       _zcalloc                   00461684 f   lib:zutil.obj
 0001:00060696       _inflate_fast              00461696 f   lib:inffast.obj
 0001:00060a4b       _inflate_table             00461a4b f   lib:inftrees.obj
 0001:00060dd4       _adler32                   00461dd4 f   lib:adler32.obj
 0001:00060eed       _jinit_c_codec             00461eed f   lib:jcodec.obj
 0001:00060f09       _jinit_d_codec             00461f09 f   lib:jcodec.obj
 0001:00060f25       _jpeg_get_small            00461f25 f   lib:jmemansi.obj
 0001:00060f25       _jpeg_get_large            00461f25 f   lib:jmemansi.obj
 0001:00060f31       _zcfree                    00461f31 f   lib:jmemansi.obj
 0001:00060f31       _jpeg_free_small           00461f31 f   lib:jmemansi.obj
 0001:00060f31       _jpeg_free_large           00461f31 f   lib:jmemansi.obj
 0001:00060f3d       _jpeg_mem_available        00461f3d f   lib:jmemansi.obj
 0001:00060f4c       _jpeg_open_backing_store   00461f4c f   lib:jmemansi.obj
 0001:00061063       _jpeg_mem_init             00462063 f   lib:jmemansi.obj
 0001:00061069       __setargv                  00462069 f   lib:jmemansi.obj
 0001:00061069       _QCommon_Shutdown          00462069 f   lib:jmemansi.obj
 0001:00061069       _jpeg_mem_term             00462069 f   lib:jmemansi.obj
 0001:00061069       _R_SurfacePatch            00462069 f   lib:jmemansi.obj
 0001:0006106a       _jinit_d_main_controller   0046206a f   lib:jdmainct.obj
 0001:000616b5       _jinit_d_post_controller   004626b5 f   lib:jdpostct.obj
[...]
 0001:0006bc98       _decompress_data           0046cc98 f   lib:jddiffct.obj
 0001:0006be08       _process_restart           0046ce08 f   lib:jddiffct.obj
 0001:0003514d       _dummy_consume_data        0043614d f   vid_dll.obj
 0001:0006be3d       _consume_data              0046ce3d f   lib:jddiffct.obj
 0001:0006beb4       _output_data               0046ceb4 f   lib:jddiffct.obj
 0001:0006b8e0       _start_pass                0046c8e0 f   lib:jddctmgr.obj
 0001:0006ad32       _start_pass_phuff_decoder  0046bd32 f   lib:jdphuff.obj
 0001:0006af7b       _decode_mcu_DC_first       0046bf7b f   lib:jdphuff.obj
 0001:0006b173       _process_restart           0046c173 f   lib:jdphuff.obj
 0001:0006b1e2       _decode_mcu_AC_first       0046c1e2 f   lib:jdphuff.obj
 0001:0006b402       _decode_mcu_DC_refine      0046c402 f   lib:jdphuff.obj
 0001:0006b4d7       _decode_mcu_AC_refine      0046c4d7 f   lib:jdphuff.obj
 0001:0006a779       _start_pass_huff_decoder   0046b779 f   lib:jdshuff.obj
 0001:0006a8b1       _decode_mcu                0046b8b1 f   lib:jdshuff.obj
 0001:0006ac61       _process_restart           0046bc61 f   lib:jdshuff.obj
 0001:00069b62       _start_input_pass          0046ab62 f   lib:jdcoefct.obj
 0001:00069b75       _start_iMCU_row            0046ab75 f   lib:jdcoefct.obj
 0001:00069bba       _start_output_pass         0046abba f   lib:jdcoefct.obj
 0001:00069bf7       _decompress_onepass        0046abf7 f   lib:jdcoefct.obj
 0001:0003514d       _dummy_consume_data        0043614d f   vid_dll.obj
 0001:00069dd0       _consume_data              0046add0 f   lib:jdcoefct.obj
 0001:00069f89       _decompress_data           0046af89 f   lib:jdcoefct.obj
 0001:0006a0f5       _smoothing_ok              0046b0f5 f   lib:jdcoefct.obj
 0001:0006a1e0       _decompress_smooth_data    0046b1e0 f   lib:jdcoefct.obj
 0001:000699fb       _scaler_start_pass         0046a9fb f   lib:jcscale.obj
 0001:00069a1e       _simple_downscale          0046aa1e f   lib:jcscale.obj
 0001:00069a4a       _noscale                   0046aa4a f   lib:jcscale.obj
 0001:000694f3       _start_pass                0046a4f3 f   lib:jcpred.obj
 0001:0006954b       _reset_predictor           0046a54b f   lib:jcpred.obj
 0001:00069578       _jpeg_difference_first_row 0046a578 f   lib:jcpred.obj
 0001:00069662       _jpeg_difference1          0046a662 f   lib:jcpred.obj
 0001:000696d0       _jpeg_difference2          0046a6d0 f   lib:jcpred.obj
 0001:00069741       _jpeg_difference3          0046a741 f   lib:jcpred.obj
 0001:000697b9       _jpeg_difference4          0046a7b9 f   lib:jcpred.obj
 0001:00069844       _jpeg_difference5          0046a844 f   lib:jcpred.obj
 0001:000698d7       _jpeg_difference6          0046a8d7 f   lib:jcpred.obj
 0001:00069966       _jpeg_difference7          0046a966 f   lib:jcpred.obj
 0001:00068de2       _start_pass_huff           00469de2 f   lib:jclhuff.obj
 0001:00068f7f       _encode_mcus_huff          00469f7f f   lib:jclhuff.obj
 0001:0006916a       _emit_bits                 0046a16a f   lib:jclhuff.obj
 0001:0006920d       _dump_buffer               0046a20d f   lib:jclhuff.obj
 0001:00069231       _emit_restart              0046a231 f   lib:jclhuff.obj
 0001:0006927c       _flush_bits                0046a27c f   lib:jclhuff.obj
 0001:000692a0       _finish_pass_huff          0046a2a0 f   lib:jclhuff.obj
 0001:0006930d       _encode_mcus_gather        0046a30d f   lib:jclhuff.obj
 0001:00069436       _finish_pass_gather        0046a436 f   lib:jclhuff.obj
 0001:000694cc       _need_optimization_pass    0046a4cc f   lib:jclhuff.obj
 0001:00068a02       _start_pass_diff           00469a02 f   lib:jcdiffct.obj
 0001:00066afe       _start_iMCU_row            00467afe f   lib:jccoefct.obj
 0001:00068aa0       _compress_data             00469aa0 f   lib:jcdiffct.obj
 0001:00068c36       _compress_first_pass       00469c36 f   lib:jcdiffct.obj
 0001:00068d2b       _compress_output           00469d2b f   lib:jcdiffct.obj
 0001:0006842d       _start_pass_fdctmgr        0046942d f   lib:jcdctmgr.obj
 0001:000685cb       _forward_DCT               004695cb f   lib:jcdctmgr.obj
 0001:00068717       _forward_DCT_float         00469717 f   lib:jcdctmgr.obj
 0001:0006793d       _start_pass_phuff          0046893d f   lib:jcphuff.obj
 0001:00067aaa       _encode_mcu_DC_first       00468aaa f   lib:jcphuff.obj
 0001:00067bdc       _emit_bits                 00468bdc f   lib:jcphuff.obj
 0001:00067c87       _dump_buffer               00468c87 f   lib:jcphuff.obj
 0001:00067cbf       _emit_symbol               00468cbf f   lib:jcphuff.obj
 0001:00067cff       _emit_restart              00468cff f   lib:jcphuff.obj
 0001:00067d88       _emit_eobrun               00468d88 f   lib:jcphuff.obj
 0001:00067e0e       _encode_mcu_AC_first       00468e0e f   lib:jcphuff.obj
 0001:00067fa2       _encode_mcu_DC_refine      00468fa2 f   lib:jcphuff.obj
 0001:0006805c       _encode_mcu_AC_refine      0046905c f   lib:jcphuff.obj
 0001:00068273       _finish_pass_phuff         00469273 f   lib:jcphuff.obj
 0001:000682c2       _finish_pass_gather_phuff  004692c2 f   lib:jcphuff.obj
 0001:00068385       _need_optimization_pass    00469385 f   lib:jcphuff.obj
 0001:000670d8       _start_pass_huff           004680d8 f   lib:jcshuff.obj
 0001:0006724d       _encode_mcu_huff           0046824d f   lib:jcshuff.obj
 0001:00067358       _encode_one_block          00468358 f   lib:jcshuff.obj
 0001:000674cf       _emit_bits                 004684cf f   lib:jcshuff.obj
 0001:00067572       _dump_buffer               00468572 f   lib:jcshuff.obj
 0001:00067596       _emit_restart              00468596 f   lib:jcshuff.obj
 0001:00067603       _flush_bits                00468603 f   lib:jcshuff.obj
 0001:00067627       _finish_pass_huff          00468627 f   lib:jcshuff.obj
 0001:00067696       _encode_mcu_gather         00468696 f   lib:jcshuff.obj
 0001:0006774c       _htest_one_block           0046874c f   lib:jcshuff.obj
 0001:00067813       _finish_pass_gather        00468813 f   lib:jcshuff.obj
 0001:000694cc       _need_optimization_pass    0046a4cc f   lib:jclhuff.obj
 0001:00066a69       _start_pass_coef           00467a69 f   lib:jccoefct.obj
 0001:00066afe       _start_iMCU_row            00467afe f   lib:jccoefct.obj
 0001:00066b40       _compress_data             00467b40 f   lib:jccoefct.obj
 0001:00066d27       _compress_first_pass       00467d27 f   lib:jccoefct.obj
 0001:00066f0d       _compress_output           00467f0d f   lib:jccoefct.obj
 0001:00066981       _calc_output_dimensions    00467981 f   lib:jdlossls.obj
 0001:00066992       _start_input_pass          00467992 f   lib:jdlossls.obj
 0001:000666c0       _calc_output_dimensions    004676c0 f   lib:jdlossy.obj
 0001:00066833       _start_input_pass          00467833 f   lib:jdlossy.obj
 0001:00066853       _latch_quant_tables        00467853 f   lib:jdlossy.obj
 0001:000668eb       _start_output_pass         004678eb f   lib:jdlossy.obj
 0001:0006660f       _start_pass                0046760f f   lib:jclossls.obj
 0001:0006657b       _start_pass                0046757b f   lib:jclossy.obj
 0001:00065ad0       _initial_setup             00466ad0 f   lib:jcmaster.obj
 0001:00065c83       _validate_script           00466c83 f   lib:jcmaster.obj
 0001:0006605b       _prepare_for_pass          0046705b f   lib:jcmaster.obj
 0001:000661d3       _select_scan_parameters    004671d3 f   lib:jcmaster.obj
 0001:000662d4       _per_scan_setup            004672d4 f   lib:jcmaster.obj
 0001:0006647f       _pass_startup              0046747f f   lib:jcmaster.obj
 0001:000664a6       _finish_pass_master        004674a6 f   lib:jcmaster.obj
 0001:000655bc       _rgb_ycc_start             004665bc f   lib:jccolor.obj
 0001:00065680       _rgb_ycc_convert           00466680 f   lib:jccolor.obj
 0001:0006577f       _rgb_gray_convert          0046677f f   lib:jccolor.obj
 0001:00065804       _cmyk_ycck_convert         00466804 f   lib:jccolor.obj
 0001:0006593c       _grayscale_convert         0046693c f   lib:jccolor.obj
 0001:00065996       _null_convert              00466996 f   lib:jccolor.obj
 0001:0003514c       _null_method               0043614c f   vid_dll.obj
 0001:0003514c       _start_pass_downsample     0043614c f   vid_dll.obj
 0001:00064d08       _sep_downsample            00465d08 f   lib:jcsample.obj
 0001:00064d7d       _int_downsample            00465d7d f   lib:jcsample.obj
 0001:00064e75       _expand_right_edge         00465e75 f   lib:jcsample.obj
 0001:00064eca       _fullsize_downsample       00465eca f   lib:jcsample.obj
 0001:00064f0e       _h2v1_downsample           00465f0e f   lib:jcsample.obj
 0001:00064fa2       _h2v2_downsample           00465fa2 f   lib:jcsample.obj
 0001:0006504f       _h2v2_smooth_downsample    0046604f f   lib:jcsample.obj
 0001:000652c7       _fullsize_smooth_downsample 004662c7 f   lib:jcsample.obj
 0001:00064704       _start_pass_prep           00465704 f   lib:jcprepct.obj
 0001:00064742       _pre_process_data          00465742 f   lib:jcprepct.obj
 0001:000648f0       _pre_process_context       004658f0 f   lib:jcprepct.obj
 0001:00064aa9       _create_context_buffer     00465aa9 f   lib:jcprepct.obj
 0001:0006457c       _start_pass_main           0046557c f   lib:jcmainct.obj
 0001:000645be       _process_data_simple_main  004655be f   lib:jcmainct.obj
 0001:00063b52       _create_colormap           00464b52 f   lib:jquant1.obj
 0001:00063c84       _select_ncolors            00464c84 f   lib:jquant1.obj
 0001:00063d5b       _create_colorindex         00464d5b f   lib:jquant1.obj
 0001:00063e87       _alloc_fs_workspace        00464e87 f   lib:jquant1.obj
 0001:00063ec3       _start_pass_1_quant        00464ec3 f   lib:jquant1.obj
 0001:00063f8f       _create_odither_tables     00464f8f f   lib:jquant1.obj
 0001:00063fee       _make_odither_array        00464fee f   lib:jquant1.obj
 0001:00064051       _color_quantize            00465051 f   lib:jquant1.obj
 0001:000640dc       _color_quantize3           004650dc f   lib:jquant1.obj
 0001:0006416a       _quantize_ord_dither       0046516a f   lib:jquant1.obj
 0001:00064255       _quantize3_ord_dither      00465255 f   lib:jquant1.obj
 0001:00064355       _quantize_fs_dither        00465355 f   lib:jquant1.obj
 0001:0003514c       _finish_pass_1_quant       0043614c f   vid_dll.obj
 0001:000644d9       _new_color_map_1_quant     004654d9 f   lib:jquant1.obj
 0001:00062b13       _init_error_limit          00463b13 f   lib:jquant2.obj
 0001:00062bb2       _start_pass_2_quant        00463bb2 f   lib:jquant2.obj
 0001:00062cb4       _prescan_quantize          00463cb4 f   lib:jquant2.obj
 0001:00062d23       _pass2_no_dither           00463d23 f   lib:jquant2.obj
 0001:00062dd0       _fill_inverse_cmap         00463dd0 f   lib:jquant2.obj
 0001:00062e9b       _find_nearby_colors        00463e9b f   lib:jquant2.obj
 0001:0006303f       _find_best_colors          0046403f f   lib:jquant2.obj
 0001:00063159       _pass2_fs_dither           00464159 f   lib:jquant2.obj
 0001:000633c8       _finish_pass1              004643c8 f   lib:jquant2.obj
 0001:000633ea       _select_colors             004643ea f   lib:jquant2.obj
 0001:00063476       _update_box                00464476 f   lib:jquant2.obj
 0001:00063810       _median_cut                00464810 f   lib:jquant2.obj
 0001:00063924       _find_biggest_color_pop    00464924 f   lib:jquant2.obj
 0001:00063953       _find_biggest_volume       00464953 f   lib:jquant2.obj
 0001:0006397c       _compute_color             0046497c f   lib:jquant2.obj
 0001:0003514c       _finish_pass2              0043614c f   vid_dll.obj
 0001:00063ab8       _new_color_map_2_quant     00464ab8 f   lib:jquant2.obj
 0001:0006252a       _build_ycc_rgb_table       0046352a f   lib:jdmerge.obj
 0001:000625da       _start_pass_merged_upsample 004635da f   lib:jdmerge.obj
 0001:000625ef       _merged_2v_upsample        004635ef f   lib:jdmerge.obj
 0001:00062696       _merged_1v_upsample        00463696 f   lib:jdmerge.obj
 0001:000626c7       _h2v1_merged_upsample      004636c7 f   lib:jdmerge.obj
 0001:0006281d       _h2v2_merged_upsample      0046381d f   lib:jdmerge.obj
 0001:000620ce       _build_ycc_rgb_table       004630ce f   lib:jdcolor.obj
 0001:0006217e       _ycc_rgb_convert           0046317e f   lib:jdcolor.obj
 0001:0006228c       _null_convert              0046328c f   lib:jdcolor.obj
 0001:00062304       _grayscale_convert         00463304 f   lib:jdcolor.obj
 0001:00062327       _gray_rgb_convert          00463327 f   lib:jdcolor.obj
 0001:00062380       _ycck_cmyk_convert         00463380 f   lib:jdcolor.obj
 0001:0003514c       _start_pass_dcolor         0043614c f   vid_dll.obj
 0001:00061b2f       _start_pass_upsample       00462b2f f   lib:jdsample.obj
 0001:00061b49       _sep_upsample              00462b49 f   lib:jdsample.obj
 0001:00061c16       _fullsize_upsample         00462c16 f   lib:jdsample.obj
 0001:00061c21       _noop_upsample             00462c21 f   lib:jdsample.obj
 0001:00061c29       _int_upsample              00462c29 f   lib:jdsample.obj
 0001:00061d13       _h2v1_upsample             00462d13 f   lib:jdsample.obj
 0001:00061d6a       _h2v2_upsample             00462d6a f   lib:jdsample.obj
 0001:00061ddc       _h2v1_fancy_upsample       00462ddc f   lib:jdsample.obj
 0001:00061e7f       _h2v2_fancy_upsample       00462e7f f   lib:jdsample.obj
 0001:00061738       _start_pass_dpost          00462738 f   lib:jdpostct.obj
 0001:000617de       _post_process_1pass        004627de f   lib:jdpostct.obj
 0001:00061843       _post_process_prepass      00462843 f   lib:jdpostct.obj
 0001:000618d4       _post_process_2pass        004628d4 f   lib:jdpostct.obj
 0001:0006113f       _alloc_funny_pointers      0046213f f   lib:jdmainct.obj
 0001:000611ec       _start_pass_main           004621ec f   lib:jdmainct.obj
 0001:00061254       _make_funny_pointers       00462254 f   lib:jdmainct.obj
 0001:00061394       _process_data_simple_main  00462394 f   lib:jdmainct.obj
 0001:000613fc       _process_data_context_main 004623fc f   lib:jdmainct.obj
 0001:0006150e       _set_wraparound_pointers   0046250e f   lib:jdmainct.obj
 0001:000615f8       _set_bottom_pointers       004625f8 f   lib:jdmainct.obj
 0001:00061692       _process_data_crank_post   00462692 f   lib:jdmainct.obj
 0001:00060f9e       _read_backing_store        00461f9e f   lib:jmemansi.obj
 0001:00060ff9       _write_backing_store       00461ff9 f   lib:jmemansi.obj
 0001:00061054       _close_backing_store       00462054 f   lib:jmemansi.obj
 0001:0005fd9d       _write_marker_header       00460d9d f   lib:jcmarker.obj
 0001:0005fdf3       _emit_byte                 00460df3 f   lib:jcmarker.obj
 0001:0005fe24       _write_marker_byte         00460e24 f   lib:jcmarker.obj
 0001:0005fe34       _write_file_header         00460e34 f   lib:jcmarker.obj
 0001:0005fe80       _emit_jfif_app0            00460e80 f   lib:jcmarker.obj
 0001:0005ff53       _emit_adobe_app14          00460f53 f   lib:jcmarker.obj
 0001:0005fff9       _write_frame_header        00460ff9 f   lib:jcmarker.obj
 0001:000600d8       _emit_dqt                  004610d8 f   lib:jcmarker.obj
 0001:000601c7       _emit_sof                  004611c7 f   lib:jcmarker.obj
 0001:000602a3       _write_scan_header         004612a3 f   lib:jcmarker.obj
 0001:00060363       _emit_dht                  00461363 f   lib:jcmarker.obj
 0001:0006043c       _emit_dri                  0046143c f   lib:jcmarker.obj
 0001:0006048b       _emit_sos                  0046148b f   lib:jcmarker.obj
 0001:00060579       _write_file_trailer        00461579 f   lib:jcmarker.obj
 0001:00060599       _write_tables_only         00461599 f   lib:jcmarker.obj
 0001:0005f8f2       _use_merged_upsample       004608f2 f   lib:jdmaster.obj
 0001:0005f998       _master_selection          00460998 f   lib:jdmaster.obj
 0001:0005faf5       _prepare_range_limit_table 00460af5 f   lib:jdmaster.obj
 0001:0005fb7b       _prepare_for_output_pass   00460b7b f   lib:jdmaster.obj
 0001:0005fc9c       _finish_output_pass        00460c9c f   lib:jdmaster.obj
 0001:0005ed69       _alloc_small               0045fd69 f   lib:jmemmgr.obj
 0001:0005ee87       _alloc_large               0045fe87 f   lib:jmemmgr.obj
 0001:0005ef38       _alloc_sarray              0045ff38 f   lib:jmemmgr.obj
 0001:0005efd0       _alloc_barray              0045ffd0 f   lib:jmemmgr.obj
 0001:0005f074       _alloc_darray              00460074 f   lib:jmemmgr.obj
 0001:0005f11f       _request_virt_sarray       0046011f f   lib:jmemmgr.obj
 0001:0005f180       _request_virt_barray       00460180 f   lib:jmemmgr.obj
 0001:0005f1e1       _realize_virt_arrays       004601e1 f   lib:jmemmgr.obj
 0001:0005f364       _access_virt_sarray        00460364 f   lib:jmemmgr.obj
 0001:0005f484       _do_sarray_io              00460484 f   lib:jmemmgr.obj
 0001:0005f514       _access_virt_barray        00460514 f   lib:jmemmgr.obj
 0001:0005f639       _do_barray_io              00460639 f   lib:jmemmgr.obj
 0001:0005f6ca       _free_pool                 004606ca f   lib:jmemmgr.obj
 0001:0005f7b1       _self_destruct             004607b1 f   lib:jmemmgr.obj
 0001:0005e7ab       _start_input_pass          0045f7ab f   lib:jdinput.obj
 0001:0005e7d9       _per_scan_setup            0045f7d9 f   lib:jdinput.obj
 0001:0005e95f       _finish_input_pass         0045f95f f   lib:jdinput.obj
 0001:0005e970       _consume_markers           0045f970 f   lib:jdinput.obj
 0001:0005ea0c       _initial_setup             0045fa0c f   lib:jdinput.obj
 0001:0005ec16       _reset_input_controller    0045fc16 f   lib:jdinput.obj
 0001:0005e64e       _updatewindow              0045f64e f   lib:inflate.obj
 0001:0005d231       _crc32_little              0045e231 f   lib:crc32.obj
 0001:0005d14e       _init_destination          0045e14e f   lib:jdatadst.obj
 0001:0005d174       _empty_output_buffer       0045e174 f   lib:jdatadst.obj
 0001:0005d1b6       _term_destination          0045e1b6 f   lib:jdatadst.obj
 0001:0005ccd5       _std_huff_tables           0045dcd5 f   lib:jcparam.obj
 0001:0005cd2f       _add_huff_table            0045dd2f f   lib:jcparam.obj
 0001:0005b226       _next_marker               0045c226 f   lib:jdmarker.obj
 0001:0005b360       _get_interesting_appn      0045c360 f   lib:jdmarker.obj
 0001:0005b48b       _examine_app0              0045c48b f   lib:jdmarker.obj
 0001:0005b699       _examine_app14             0045c699 f   lib:jdmarker.obj
 0001:0005b75a       _skip_variable             0045c75a f   lib:jdmarker.obj
 0001:0005b7fd       _read_markers              0045c7fd f   lib:jdmarker.obj
 0001:0005ba05       _get_soi                   0045ca05 f   lib:jdmarker.obj
 0001:0005bab0       _get_sof                   0045cab0 f   lib:jdmarker.obj
 0001:0005bdb9       _get_sos                   0045cdb9 f   lib:jdmarker.obj
 0001:0005c0a7       _get_dht                   0045d0a7 f   lib:jdmarker.obj
 0001:0005c348       _get_dqt                   0045d348 f   lib:jdmarker.obj
 0001:0005c5a4       _get_dri                   0045d5a4 f   lib:jdmarker.obj
 0001:0005c683       _first_marker              0045d683 f   lib:jdmarker.obj
 0001:0005c71f       _read_restart_marker       0045d71f f   lib:jdmarker.obj
 0001:0005c79d       _reset_marker_reader       0045d79d f   lib:jdmarker.obj
 0001:0005b00a       _output_pass_setup         0045c00a f   lib:jdapistd.obj
 0001:0005acfe       _default_decompress_parms  0045bcfe f   lib:jdapimin.obj

 70 bytes saved through ICF

