 quake2

 Timestamp is 4290340a (Sun May 22 11:26:02 2005)

 Preferred load address is 00400000

 Start         Length     Name                   Class
 0001:00000000 0005e740H .text                   CODE
 0002:00000000 0000027cH .idata$5                DATA
 0002:00000280 00005af4H .rdata                  DATA
 0002:00005d78 00000044H .rdata$r                DATA
 0002:00005dc0 00000038H .xdata$x                DATA
 0002:00005df8 00000078H .idata$2                DATA
 0002:00005e70 00000014H .idata$3                DATA
 0002:00005e84 0000027cH .idata$4                DATA
 0002:00006100 00000808H .idata$6                DATA
 0002:00006908 00000000H .edata                  DATA
 0003:00000000 00000004H .CRT$XCA                DATA
 0003:00000004 00000070H .CRT$XCU                DATA
 0003:00000074 00000004H .CRT$XCZ                DATA
 0003:00000078 00000004H .CRT$XIA                DATA
 0003:0000007c 00000004H .CRT$XIZ                DATA
 0003:00000080 0000ca9cH .data                   DATA
 0003:0000cb20 002f5368H .bss                    DATA
 0004:00000000 00000130H .rsrc$01                DATA
 0004:00000130 00003f20H .rsrc$02                DATA

  Address         Publics by Value              Rva+Base     Lib:Object

 0001:00000000       ??3@YAXPAX@Z               00401000 f i CoreMain.obj
 0001:0000000b       ?appInit@@YAXXZ            0040100b f   CoreMain.obj
 0001:0000006e       ?appExit@@YAXXZ            0040106e f   CoreMain.obj
 0001:00000073       ?appLoadDebugSymbols@@YAXXZ 00401073 f   DbgSymbols.obj
 0001:00000276       ?appSymbolName@@YA_NIPADH@Z 00401276 f   DbgSymbols.obj
 0001:00000362       ?appSymbolName@@YAPBDI@Z   00401362 f   DbgSymbols.obj
 0001:00000394       ?appMalloc@@YAPAXIH@Z      00401394 f   Memory.obj
 0001:00000442       ?appFree@@YAXPAX@Z         00401442 f   Memory.obj
 0001:00000470       ?Unlink@FMemHeader@@QAEXXZ 00401470 f i Memory.obj
 0001:0000049b       ?Link@CMemoryChain@@AAEXXZ 0040149b f   Memory.obj
 0001:000004ba       ?Unlink@CMemoryChain@@AAEXXZ 004014ba f   Memory.obj
 0001:000004e5       ??2CMemoryChain@@SAPAXIH@Z 004014e5 f   Memory.obj
 0001:00000557       ??3CMemoryChain@@SAXPAX@Z  00401557 f   Memory.obj
 0001:0000058a       ?Alloc@CMemoryChain@@QAEPAXIH@Z 0040158a f   Memory.obj
 0001:000005f4       ?appInitMemory@@YAXXZ      004015f4 f   Memory.obj
 0001:00000b2d       ?Write@COutputDeviceNull@@UAEXPBD@Z 00401b2d f i OutputDevice.obj
 0001:00000b30       ?appWPrintf@@YAXPBDZZ      00401b30 f   OutputDevice.obj
 0001:00000b81       ?appFatalError@@YAXPBDZZ   00401b81 f   ErrorMgr.obj
 0001:00000bbb       ?appNonFatalError@@YAXPBDZZ 00401bbb f   ErrorMgr.obj
 0001:00000c19       ?appUnwindPrefix@@YAXPBD@Z 00401c19 f   ErrorMgr.obj
 0001:00000c70       ?appUnwindThrow@@YAXPBDZZ  00401c70 f   ErrorMgr.obj
 0001:00000cf7       ?Reset@CErrorHandler@@QAEXXZ 00401cf7 f   ErrorMgr.obj
 0001:00000d21       ?appInitError@@YAXXZ       00401d21 f   ErrorMgr.obj
 0001:00000ddf       ?appStricmp@@YAHPBD0@Z     00401ddf f   Strings.obj
 0001:00000e14       ?toLower@@YADD@Z           00401e14 f i Strings.obj
 0001:00000e2b       ?appStrcpy@@YAXPADPBD@Z    00401e2b f   Strings.obj
 0001:00000e3e       ?appStrncpylwr@@YAXPADPBDH@Z 00401e3e f   Strings.obj
 0001:00000e76       ?appStrncpyz@@YAXPADPBDH@Z 00401e76 f   Strings.obj
 0001:00000ea3       ?appStrcatn@@YAXPADHPBD@Z  00401ea3 f   Strings.obj
 0001:00000ece       ?appCopyFilename@@YAXPADPBDH@Z 00401ece f   Strings.obj
 0001:00000f6a       ?appCStrlen@@YAHPBD@Z      00401f6a f   Strings.obj
 0001:00000f8f       ?appUncolorizeString@@YAXPADPBD@Z 00401f8f f   Strings.obj
 0001:00000fbf       ?va@@YAPBDPBDZZ            00401fbf f   Strings.obj
 0001:0000105b       ?appSprintf@@YAHPADHPBDZZ  0040205b f   Strings.obj
 0001:000010a6       ?appMatchWildcard@@YA_NPBD0_N@Z 004020a6 f   Strings.obj
 0001:00001226       ?CopyString@@YAPADPBD@Z    00402226 f   Strings.obj
 0001:00001266       ?CopyString@@YAPADPBDPAVCMemoryChain@@@Z 00402266 f   Strings.obj
 0001:0000129a       ??2CStringItem@@SAPAXIPBD@Z 0040229a f   Strings.obj
 0001:000012e3       ??2CStringItem@@SAPAXIPBDPAVCMemoryChain@@@Z 004022e3 f   Strings.obj
 0001:00001320       ?Find@CStringList@@IAEPAVCStringItem@@PBDPAPAV2@@Z 00402320 f   Strings.obj
 0001:00001363       ?Find@CStringList@@IAEPAVCStringItem@@H@Z 00402363 f   Strings.obj
 0001:0000137c       ?IndexOf@CStringList@@QAEHPBD@Z 0040237c f   Strings.obj
 0001:000013a9       ?Remove@CStringList@@QAE_NPAVCStringItem@@@Z 004023a9 f   Strings.obj
 0001:000013d5       ?Free@CStringList@@QAEXXZ  004023d5 f   Strings.obj
 0001:000013ee       ?appMillisecondsf@@YANXZ   004023ee f   CoreWin32.obj
 0001:00001427       ?appMilliseconds@@YAIXZ    00402427 f   CoreWin32.obj
 0001:0000145c       ?cpuid@@YAXI@Z             0040245c f   CoreWin32.obj
 0001:0000147f       ?appInitPlatform@@YAXXZ    0040247f f   CoreWin32.obj
 0001:00001712       ?appShutdownPlatform@@YAXXZ 00402712 f   CoreWin32.obj
 0001:0000171b       ?osAddressInfo@@YA_NIPADHPAH@Z 0040271b f   DbgSymbolsWin32.obj
 0001:000017af       ?osModuleInfo@@YA_NIPADHPAH@Z 004027af f   DbgSymbolsWin32.obj
 0001:00001957       ?win32ExceptFilter@@YAHPAU_EXCEPTION_POINTERS@@@Z 00402957 f   ExceptFilterWin32.obj
 0001:00001e8d       ?win32ExceptFilter2@@YAHXZ 00402e8d f   ExceptFilterWin32.obj
 0001:00001e99       ?SCR_StopCinematic@@YAXXZ  00402e99 f   cl_cin.obj
 0001:00001f2d       ?SCR_DrawCinematic@@YA_NXZ 00402f2d f   cl_cin.obj
 0001:0000238e       ?SCR_PlayCinematic@@YAXPAD@Z 0040338e f   cl_cin.obj
 0001:000026fe       ?CL_Download_f@@YAX_NHPAPAD@Z 004036fe f   cl_download.obj
 0001:00002aaf       ?CL_ParseDownload@@YAXXZ   00403aaf f   cl_download.obj
 0001:000032bc       ?CL_Precache_f@@YAXHPAPAD@Z 004042bc f   cl_download.obj
 0001:0000331a       ?CL_ParseDelta@@YAXPAUentityState_t@@0HI_N@Z 0040431a f   cl_ents.obj
 0001:00003542       ?CL_ParsePacketEntities@@YAXPAUframe_t@@0@Z 00404542 f   cl_ents.obj
 0001:000038ad       ?CL_FireEntityEvents@@YAXPAUframe_t@@@Z 004048ad f   cl_ents.obj
 0001:000038ff       ?CL_ParseFrame@@YAXXZ      004048ff f   cl_ents.obj
 0001:00003bf1       ?CL_AddEntityBox@@YAXPAUentityState_t@@I@Z 00404bf1 f   cl_ents.obj
 0001:00003d27       ?CL_OffsetThirdPersonView@@YAXXZ 00404d27 f   cl_ents.obj
 0001:00003de8       ?CL_CalcViewValues@@YAXXZ  00404de8 f   cl_ents.obj
 0001:000040f1       ?CL_AddEntities@@YAXXZ     004050f1 f   cl_ents.obj
 0001:00004e67       ?CL_GetEntitySoundOrigin@@YAXHQAM@Z 00405e67 f   cl_ents.obj
 0001:00004e9f       ?CL_ClearLightStyles@@YAXXZ 00405e9f f   cl_fx.obj
 0001:00004f21       ?CL_RunLightStyles@@YAXXZ  00405f21 f   cl_fx.obj
 0001:00004fc0       ?CL_SetLightstyle@@YAXHPBD@Z 00405fc0 f   cl_fx.obj
 0001:00005021       ?CL_ClearDlights@@YAXXZ    00406021 f   cl_fx.obj
 0001:00005032       ?CL_AllocDlight@@YAPAUcdlight_t@@HQAM@Z 00406032 f   cl_fx.obj
 0001:0000509b       ?CL_AddDLights@@YAXXZ      0040609b f   cl_fx.obj
 0001:000050fb       ?CL_ClearParticles@@YAXXZ  004060fb f   cl_fx.obj
 0001:00005162       ?CL_AllocParticleTrace@@YAPAUparticleTrace_t@@QAM0MM@Z 00406162 f   cl_fx.obj
 0001:00005202       ?CL_AllocParticleBeam@@YAPAUbeam_t@@QAM0MM@Z 00406202 f   cl_fx.obj
 0001:00005275       ?CL_AllocParticle@@YAPAUparticle_t@@XZ 00406275 f   cl_fx.obj
 0001:000052c3       ?CL_UpdateParticles@@YAXXZ 004062c3 f   cl_fx.obj
 0001:000058b4       ?CL_MetalSparks@@YAXQAM0H@Z 004068b4 f   cl_fx.obj
 0001:000059a1       ?CL_ParseMuzzleFlash@@YAXXZ 004069a1 f   cl_fx.obj
 0001:00005d36       ?CL_ParseMuzzleFlash2@@YAXXZ 00406d36 f   cl_fx.obj
 0001:00006372       ?CL_ParticleEffect@@YAXQAM0HH@Z 00407372 f   cl_fx.obj
 0001:00006441       ?CL_ParticleEffect2@@YAXQAM0HH@Z 00407441 f   cl_fx.obj
 0001:0000650c       ?CL_ParticleEffect3@@YAXQAM0HH@Z 0040750c f   cl_fx.obj
 0001:000065dc       ?CL_TeleporterParticles@@YAXPAUentityState_t@@@Z 004075dc f   cl_fx.obj
 0001:00006693       ?CL_LogoutEffect@@YAXQAMH@Z 00407693 f   cl_fx.obj
 0001:0000677e       ?CL_ItemRespawnParticles@@YAXQAM@Z 0040777e f   cl_fx.obj
 0001:0000682d       ?CL_ExplosionParticles@@YAXQAM@Z 0040782d f   cl_fx.obj
 0001:000068d7       ?CL_BigTeleportParticles@@YAXQAM@Z 004078d7 f   cl_fx.obj
 0001:00006a2e       ?CL_BlasterParticles@@YAXQAM0@Z 00407a2e f   cl_fx.obj
 0001:00006afa       ?CL_BlasterTrail@@YAXQAM0@Z 00407afa f   cl_fx.obj
 0001:00006c08       ?CL_FlagTrail@@YAXQAM0H@Z  00407c08 f   cl_fx.obj
 0001:00006d22       ?CL_DiminishingTrail@@YAXQAM0PAUcentity_t@@H@Z 00407d22 f   cl_fx.obj
 0001:00006f94       ?CL_RocketTrail@@YAXQAM0PAUcentity_t@@@Z 00407f94 f   cl_fx.obj
 0001:000070bd       ?CL_RailTrail@@YAXQAM0@Z   004080bd f   cl_fx.obj
 0001:00007300       ?CL_RailTrailExt@@YAXQAM0EE@Z 00408300 f   cl_fx.obj
 0001:00007404       ?CL_IonripperTrail@@YAXQAM0@Z 00408404 f   cl_fx.obj
 0001:00007532       ?CL_BubbleTrail@@YAXQAM0@Z 00408532 f   cl_fx.obj
 0001:00007649       ?CL_FlyParticles@@YAXQAMH@Z 00408649 f   cl_fx.obj
 0001:000077e2       ?CL_FlyEffect@@YAXPAUcentity_t@@QAM@Z 004087e2 f   cl_fx.obj
 0001:0000784a       ?CL_BfgParticles@@YAXPAUentity_t@@@Z 0040884a f   cl_fx.obj
 0001:00007a1e       ?CL_TrapParticles@@YAXPAUentity_t@@@Z 00408a1e f   cl_fx.obj
 0001:00007cbe       ?CL_BFGExplosionParticles@@YAXQAM@Z 00408cbe f   cl_fx.obj
 0001:00007d68       ?CL_TeleportParticles@@YAXQAM@Z 00408d68 f   cl_fx.obj
 0001:00007ea3       ?CL_EntityEvent@@YAXPAUentityState_t@@@Z 00408ea3 f   cl_fx.obj
 0001:0000807d       ?CL_ClearEffects@@YAXXZ    0040907d f   cl_fx.obj
 0001:0000808c       ?IN_CenterView@@YAXXZ      0040908c f   cl_input.obj
 0001:000080ad       ?CL_InitInput@@YAXXZ       004090ad f   cl_input.obj
 0001:00008649       ?CL_SendCmd@@YAXXZ         00409649 f   cl_input.obj
 0001:00008d3c       ?CL_WriteDemoMessage@@YAXXZ 00409d3c f   cl_main.obj
 0001:00008d7e       ?Cmd_ForwardToServer@@YAXHPAPAD@Z 00409d7e f   cl_main.obj
 0001:00008e41       ?CL_ForwardToServer_f@@YAXHPAPAD@Z 00409e41 f   cl_main.obj
 0001:00008e89       ?CL_Pause@@YAX_N@Z         00409e89 f   cl_main.obj
 0001:00008ecb       ?CL_Quit_f@@YAXXZ          00409ecb f   cl_main.obj
 0001:00008ed5       ?CL_Drop@@YAX_N@Z          00409ed5 f   cl_main.obj
 0001:00008ef8       ?CL_SendConnectPacket@@YAXXZ 00409ef8 f   cl_main.obj
 0001:00008fcf       ?CL_CheckForResend@@YAXXZ  00409fcf f   cl_main.obj
 0001:000090d4       ?CL_Connect_f@@YAX_NHPAPAD@Z 0040a0d4 f   cl_main.obj
 0001:00009157       ?CL_Rcon_f@@YAXHPAPAD@Z    0040a157 f   cl_main.obj
 0001:0000925f       ?CL_Disconnect@@YAXXZ      0040a25f f   cl_main.obj
 0001:00009405       ?CL_Disconnect_f@@YAXXZ    0040a405 f   cl_main.obj
 0001:0000940f       ?CL_Changing_f@@YAXXZ      0040a40f f   cl_main.obj
 0001:00009433       ?CL_Reconnect_f@@YAXXZ     0040a433 f   cl_main.obj
 0001:000094cf       ?CL_PingServers_f@@YAXXZ   0040a4cf f   cl_main.obj
 0001:0000963a       ?CL_Skins_f@@YAXXZ         0040a63a f   cl_main.obj
 0001:00009925       ?CL_ConnectionlessPacket@@YAXXZ 0040a925 f   cl_main.obj
 0001:00009a25       ?CL_ReadPackets@@YAXXZ     0040aa25 f   cl_main.obj
 0001:00009b68       ?CL_FixUpGender@@YAXXZ     0040ab68 f   cl_main.obj
 0001:00009c1a       ?CL_Userinfo_f@@YAXXZ      0040ac1a f   cl_main.obj
 0001:00009c32       ?CL_RegisterSounds@@YAXXZ  0040ac32 f   cl_main.obj
 0001:00009c71       ?CL_Snd_Restart_f@@YAXXZ   0040ac71 f   cl_main.obj
 0001:00009c80       ?CL_WriteConfiguration@@YAXPBD@Z 0040ac80 f   cl_main.obj
 0001:00009d3b       ?CL_WriteConfig_f@@YAX_NHPAPAD@Z 0040ad3b f   cl_main.obj
 0001:00009d9a       ?CL_FixCvarCheats@@YAXXZ   0040ad9a f   cl_main.obj
 0001:00009df4       ?CL_Frame@@YAXMM@Z         0040adf4 f   cl_main.obj
 0001:00009ffa       ?CL_ClearState@@YAXXZ      0040affa f   cl_main.obj
 0001:0000a033       ?CL_Init@@YAXXZ            0040b033 f   cl_main.obj
 0001:0000a50a       ?CL_Shutdown@@YAX_N@Z      0040b50a f   cl_main.obj
 0001:0000a55f       ?CL_Flashlight@@YAXHQAM@Z  0040b55f f   cl_newfx.obj
 0001:0000a599       ?CL_ColorFlash@@YAXQAMHHMMM@Z 0040b599 f   cl_newfx.obj
 0001:0000a5d5       ?CL_DebugTrail@@YAXQAM0@Z  0040b5d5 f   cl_newfx.obj
 0001:0000a6cc       ?CL_ForceWall@@YAXQAM0H@Z  0040b6cc f   cl_newfx.obj
 0001:0000a80e       ?CL_BubbleTrail2@@YAXQAM0H@Z 0040b80e f   cl_newfx.obj
 0001:0000a93c       ?CL_Heatbeam@@YAXQAM0@Z    0040b93c f   cl_newfx.obj
 0001:0000abca       ?CL_ParticleSteamEffect@@YAXQAM0HHH@Z 0040bbca f   cl_newfx.obj
 0001:0000acfe       ?CL_ParticleSteamEffect2@@YAXPAUcl_sustain_t@@@Z 0040bcfe f   cl_newfx.obj
 0001:0000ae3f       ?CL_TrackerTrail@@YAXQAM0H@Z 0040be3f f   cl_newfx.obj
 0001:0000af8d       ?CL_Tracker_Shell@@YAXQAM@Z 0040bf8d f   cl_newfx.obj
 0001:0000b016       ?CL_MonsterPlasma_Shell@@YAXQAM@Z 0040c016 f   cl_newfx.obj
 0001:0000b09c       ?CL_Widowbeamout@@YAXPAUcl_sustain_t@@@Z 0040c09c f   cl_newfx.obj
 0001:0000b150       ?CL_Nukeblast@@YAXPAUcl_sustain_t@@@Z 0040c150 f   cl_newfx.obj
 0001:0000b204       ?CL_WidowSplash@@YAXQAM@Z  0040c204 f   cl_newfx.obj
 0001:0000b2d2       ?CL_TagTrail@@YAXQAM0H@Z   0040c2d2 f   cl_newfx.obj
 0001:0000b3ec       ?CL_ColorExplosionParticles@@YAXQAMHH@Z 0040c3ec f   cl_newfx.obj
 0001:0000b499       ?CL_ParticleSmokeEffect@@YAXQAM0HHH@Z 0040c499 f   cl_newfx.obj
 0001:0000b5cb       ?CL_BlasterParticles2@@YAXQAM0I@Z 0040c5cb f   cl_newfx.obj
 0001:0000b698       ?CL_BlasterTrail2@@YAXQAM0@Z 0040c698 f   cl_newfx.obj
 0001:0000b7a6       ?CL_LoadClientinfo@@YAXPAUclientinfo_t@@PAD@Z 0040c7a6 f   cl_parse.obj
 0001:0000ba80       ?CL_ParseClientinfo@@YAXH@Z 0040ca80 f   cl_parse.obj
 0001:0000baa4       ?CL_ParseServerMessage@@YAXXZ 0040caa4 f   cl_parse.obj
 0001:0000c25b       ?CL_CheckPredictionError@@YAXXZ 0040d25b f   cl_pred.obj
 0001:0000c3f1       ?CL_EntityTrace@@YAXPAUtrace_t@@QBM111H@Z 0040d3f1 f   cl_pred.obj
 0001:0000c7a8       ?CL_Trace@@YAXPAUtrace_t@@QBM111H@Z 0040d7a8 f   cl_pred.obj
 0001:0000c82a       ?CL_PMpointcontents@@YAHQAM@Z 0040d82a f   cl_pred.obj
 0001:0000c9b6       ?CL_PredictMovement@@YAXXZ 0040d9b6 f   cl_pred.obj
 0001:0000cd58       ?DrawString@@YAXHHPBD@Z    0040dd58 f   cl_scrn.obj
 0001:0000cd9c       ?SCR_DebugGraph@@YAXMH@Z   0040dd9c f   cl_scrn.obj
 0001:0000cdc4       ?SCR_CenterPrint@@YAXPAD@Z 0040ddc4 f   cl_scrn.obj
 0001:0000cec8       ?Key_Message@@YAXH@Z       0040dec8 f   cl_scrn.obj
 0001:0000cf64       ?SCR_SetLevelshot@@YAXPBD@Z 0040df64 f   cl_scrn.obj
 0001:0000d057       ?SCR_BeginLoadingPlaque@@YAXXZ 0040e057 f   cl_scrn.obj
 0001:0000d0dc       ?SCR_EndLoadingPlaque@@YAX_N@Z 0040e0dc f   cl_scrn.obj
 0001:0000d161       ?SCR_ShowConsole@@YAX_N0@Z 0040e161 f   cl_scrn.obj
 0001:0000d238       ?SCR_ToggleConsole@@YAXXZ  0040e238 f   cl_scrn.obj
 0001:0000d260       ?SCR_TouchPics@@YAXXZ      0040e260 f   cl_scrn.obj
 0001:0000d2bf       ?SCR_UpdateScreen@@YAXXZ   0040e2bf f   cl_scrn.obj
 0001:0000e53a       ?SCR_Init@@YAXXZ           0040f53a f   cl_scrn.obj
 0001:0000e884       ?CL_RegisterTEntSounds@@YAXXZ 0040f884 f   cl_tent.obj
 0001:0000eac9       ?CL_RegisterTEntModels@@YAXXZ 0040fac9 f   cl_tent.obj
 0001:0000ec07       ?CL_ClearTEnts@@YAXXZ      0040fc07 f   cl_tent.obj
 0001:0000ec3b       ?CL_AllocExplosion@@YAPAUexplosion_t@@QAMW4exptype_t@@@Z 0040fc3b f   cl_tent.obj
 0001:0000ecd8       ?CL_AddExplosions@@YAXXZ   0040fcd8 f   cl_tent.obj
 0001:0000ee72       ?CL_SmokeAndFlash@@YAXQAM@Z 0040fe72 f   cl_tent.obj
 0001:0000eeba       ?CL_ParseBeam@@YAHPAVCRenderModel@@@Z 0040feba f   cl_tent.obj
 0001:0000ef86       ?CL_ParseBeam2@@YAHPAVCRenderModel@@@Z 0040ff86 f   cl_tent.obj
 0001:0000f05d       ?CL_ParsePlayerBeam@@YAHPAVCRenderModel@@@Z 0041005d f   cl_tent.obj
 0001:0000f16b       ?CL_ParseLightning@@YAHPAVCRenderModel@@@Z 0041016b f   cl_tent.obj
 0001:0000f22d       ?CL_ParseLaser@@YAXI@Z     0041022d f   cl_tent.obj
 0001:0000f2a9       ?CL_ParseSteam@@YAXXZ      004102a9 f   cl_tent.obj
 0001:0000f3ba       ?CL_ParseWidow@@YAXXZ      004103ba f   cl_tent.obj
 0001:0000f426       ?CL_ParseNuke@@YAXXZ       00410426 f   cl_tent.obj
 0001:0000f490       ?CL_ParseTEnt@@YAXXZ       00410490 f   cl_tent.obj
 0001:000102bc       ?CL_AddBeams@@YAXXZ        004112bc f   cl_tent.obj
 0001:000105f9       ?CL_AddPlayerBeams@@YAXXZ  004115f9 f   cl_tent.obj
 0001:00010d0f       ?CL_ProcessSustain@@YAXXZ  00411d0f f   cl_tent.obj
 0001:00010d50       ?CL_AddTEnts@@YAXXZ        00411d50 f   cl_tent.obj
 0001:00010d64       ?V_AddEntity@@YAXPAUentity_t@@@Z 00411d64 f   cl_view.obj
 0001:00010d93       ?V_AddLight@@YAXQAMMMMM@Z  00411d93 f   cl_view.obj
 0001:00010dd8       ?V_TestParticles@@YAXXZ    00411dd8 f   cl_view.obj
 0001:00010e96       ?V_TestEntities@@YAXXZ     00411e96 f   cl_view.obj
 0001:00010f2c       ?V_TestLights@@YAXXZ       00411f2c f   cl_view.obj
 0001:00010ffa       ?CL_PrepRefresh@@YAXXZ     00411ffa f   cl_view.obj
 0001:000112ba       ?CalcFov@@YAMMMM@Z         004122ba f   cl_view.obj
 0001:0001132e       ?V_RenderView@@YA_NXZ      0041232e f   cl_view.obj
 0001:00012004       ?V_Init@@YAXXZ             00413004 f   cl_view.obj
 0001:000120b3       ?Con_ClearNotify@@YAXXZ    004130b3 f   console.obj
 0001:000120c2       ?Con_CheckResize@@YAXXZ    004130c2 f   console.obj
 0001:000121e9       ?Con_Print@@YAXPBD@Z       004131e9 f   console.obj
 0001:000124e1       ?Con_DrawNotify@@YAX_N@Z   004134e1 f   console.obj
 0001:000125f9       ?Con_DrawConsole@@YAXM@Z   004135f9 f   console.obj
 0001:000129cc       ?Con_ClearTyping@@YAXXZ    004139cc f   console.obj
 0001:000129e5       ?Key_Console@@YAXHH@Z      004139e5 f   console.obj
 0001:00012e2d       ?Con_Init@@YAXXZ           00413e2d f   console.obj
 0001:00012fa9       ?Key_KeynumToString@@YAPBDH@Z 00413fa9 f   keys.obj
 0001:00013069       ?Draw@completeMenu_t@@UAEXXZ 00414069 f i keys.obj
 0001:0001309a       ?KeyDown@completeMenu_t@@UAEPBDH@Z 0041409a f i keys.obj
 0001:000130c3       ?Init@completeMenu_t@@UAE_NXZ 004140c3 f i keys.obj
 0001:000131ea       ?CompleteMenuCallback@completeMenu_t@@SAXPAX@Z 004141ea f i keys.obj
 0001:00013278       ?CompleteCommand@@YAXXZ    00414278 f   keys.obj
 0001:000139ad       ?Key_SetBinding@@YAXHPBD@Z 004149ad f   keys.obj
 0001:000139eb       ?Key_FindBinding@@YAHPBDPAHH@Z 004149eb f   keys.obj
 0001:00013a39       ?Key_WriteBindings@@YAXPAU_iobuf@@@Z 00414a39 f   keys.obj
 0001:00013a81       ?Key_Init@@YAXXZ           00414a81 f   keys.obj
 0001:00013d65       ?Key_Event@@YAXH_N@Z       00414d65 f   keys.obj
 0001:000140be       ?Key_ClearStates@@YAXXZ    004150be f   keys.obj
 0001:000140f3       ?M_ForceMenuOn@@YAXXZ      004150f3 f   menu.obj
 0001:00014112       ?Draw@menuMain_t@@UAEXXZ   00415112 f i menu.obj
 0001:00014275       ?KeyDown@menuMain_t@@UAEPBDH@Z 00415275 f i menu.obj
 0001:00014331       ?Init@menuMain_t@@UAE_NXZ  00415331 f i menu.obj
 0001:00014339       ?M_Menu_Main_f@@YAXXZ      00415339 f   menu.obj
 0001:00014353       ?Init@multiplayerMenu_t@@UAE_NXZ 00415353 f i menu.obj
 0001:00014477       ?Init@keysMenu_t@@UAE_NXZ  00415477 f i menu.obj
 0001:0001465c       ?KeyCursorDrawFunc@keysMenu_t@@SAXPAUmenuFramework_t@@@Z 0041565c f i menu.obj
 0001:0001469c       ?DrawKeyBindingFunc@keysMenu_t@@SAXPAX@Z 0041569c f i menu.obj
 0001:00014763       ?KeyDown@keysMenu_t@@UAEPBDH@Z 00415763 f i menu.obj
 0001:00014810       ?UnbindCommand@keysMenu_t@@QAEXPAD@Z 00415810 f i menu.obj
 0001:00014855       ?KeyBindingFunc@keysMenu_t@@QAEXPAX@Z 00415855 f i menu.obj
 0001:000148b4       ?Init@optionsMenu_t@@UAE_NXZ 004158b4 f i menu.obj
 0001:00014d12       ?CrosshairFunc@optionsMenu_t@@SAXPAX@Z 00415d12 f i menu.obj
 0001:00014d3a       ?JoystickFunc@optionsMenu_t@@SAXPAX@Z 00415d3a f i menu.obj
 0001:00014d4f       ?AlwaysRunFunc@optionsMenu_t@@SAXPAX@Z 00415d4f f i menu.obj
 0001:00014d64       ?FreeLookFunc@optionsMenu_t@@SAXPAX@Z 00415d64 f i menu.obj
 0001:00014d79       ?MouseSpeedFunc@optionsMenu_t@@SAXPAX@Z 00415d79 f i menu.obj
 0001:00014d96       ?InvertMouseFunc@optionsMenu_t@@SAXPAX@Z 00415d96 f i menu.obj
 0001:00014db1       ?LookspringFunc@optionsMenu_t@@SAXPAX@Z 00415db1 f i menu.obj
 0001:00014dcd       ?LookstrafeFunc@optionsMenu_t@@SAXPAX@Z 00415dcd f i menu.obj
 0001:00014de9       ?UpdateVolumeFunc@optionsMenu_t@@SAXPAX@Z 00415de9 f i menu.obj
 0001:00014e06       ?UpdateCDVolumeFunc@optionsMenu_t@@SAXPAX@Z 00415e06 f i menu.obj
 0001:00014e20       ?SetMenuItemValues@optionsMenu_t@@SAXXZ 00415e20 f i menu.obj
 0001:00014ffe       ?ResetDefaultsFunc@optionsMenu_t@@SAXPAX@Z 00415ffe f i menu.obj
 0001:00015013       ?UpdateSoundFunc@optionsMenu_t@@SAXPAX@Z 00416013 f i menu.obj
 0001:00015216       ?ScanCrosshairs@optionsMenu_t@@SAXXZ 00416216 f i menu.obj
 0001:00015273       ?Draw@optionsMenu_t@@UAEXXZ 00416273 f i menu.obj
 0001:000152d8       ?Draw@creditsMenu_t@@UAEXXZ 004162d8 f i menu.obj
 0001:0001537f       ?KeyDown@creditsMenu_t@@UAEPBDH@Z 0041637f f i menu.obj
 0001:000153ba       ?Init@creditsMenu_t@@UAE_NXZ 004163ba f i menu.obj
 0001:00015482       ?Init@gameMenu_t@@UAE_NXZ  00416482 f i menu.obj
 0001:0001560d       ?EasyGameFunc@gameMenu_t@@SAXPAX@Z 0041660d f i menu.obj
 0001:00015619       ?StartGame@gameMenu_t@@SAXPBD@Z 00416619 f i menu.obj
 0001:0001566c       ?MediumGameFunc@gameMenu_t@@SAXPAX@Z 0041666c f i menu.obj
 0001:00015678       ?HardGameFunc@gameMenu_t@@SAXPAX@Z 00416678 f i menu.obj
 0001:00015694       ?Init@savegameMenu_t@@UAE_NXZ 00416694 f i menu.obj
 0001:000157a4       ?Create_Savestrings@savegameMenu_t@@QAEXXZ 004167a4 f i menu.obj
 0001:0001585f       ?LoadGameCallback@savegameMenu_t@@SAXPAX@Z 0041685f f i menu.obj
 0001:00015888       ?SaveGameCallback@savegameMenu_t@@SAXPAX@Z 00416888 f i menu.obj
 0001:000158a7       ?Draw@savegameMenu_t@@UAEXXZ 004168a7 f i menu.obj
 0001:000158c2       ?DrawSavegameShot@savegameMenu_t@@QAEXHH@Z 004168c2 f i menu.obj
 0001:000159a7       ?Init@joinserverMenu_t@@UAE_NXZ 004169a7 f i menu.obj
 0001:00015ad0       ?JoinServerFunc@joinserverMenu_t@@SAXPAX@Z 00416ad0 f i menu.obj
 0001:00015b32       ?SearchLocalGames@joinserverMenu_t@@SAXXZ 00416b32 f i menu.obj
 0001:00015b9d       ?M_AddToServerList@@YAXUnetadr_t@@PAD@Z 00416b9d f   menu.obj
 0001:00015c20       ?Init@startserverMenu_t@@UAE_NXZ 00416c20 f i menu.obj
 0001:000160c2       ?DMOptionsFunc@startserverMenu_t@@SAXPAX@Z 004170c2 f i menu.obj
 0001:000160d2       ?RulesChangeFunc@startserverMenu_t@@SAXPAX@Z 004170d2 f i menu.obj
 0001:0001614c       ?StartServerActionFunc@startserverMenu_t@@SAXPAX@Z 0041714c f i menu.obj
 0001:00016177       ?StartServerFunc@startserverMenu_t@@SAXPAD@Z 00417177 f i menu.obj
 0001:000163ae       ?KeyDown@startserverMenu_t@@UAEPBDH@Z 004173ae f i menu.obj
 0001:0001640b       ?Init@dmoptionsMenu_t@@UAE_NXZ 0041740b f i menu.obj
 0001:000169ea       ?DMFlagCallback@dmoptionsMenu_t@@SAXPAX@Z 004179ea f i menu.obj
 0001:00016bc5       ?Init@downloadOptionsMenu_t@@UAE_NXZ 00417bc5 f i menu.obj
 0001:00016d90       ?DownloadCallback@downloadOptionsMenu_t@@SAXPAX@Z 00417d90 f i menu.obj
 0001:00016dfb       ?Init@addressBookMenu_t@@UAE_NXZ 00417dfb f i menu.obj
 0001:00016ea3       ?KeyDown@addressBookMenu_t@@UAEPBDH@Z 00417ea3 f i menu.obj
 0001:00016f00       ?Init@playerConfigMenu_t@@UAE_NXZ 00417f00 f i menu.obj
 0001:00017457       ?HandednessCallback@playerConfigMenu_t@@SAXPAX@Z 00418457 f i menu.obj
 0001:0001746c       ?RTypeCallback@playerConfigMenu_t@@SAXPAX@Z 0041846c f i menu.obj
 0001:00017481       ?RColorCallback@playerConfigMenu_t@@SAXPAX@Z 00418481 f i menu.obj
 0001:00017496       ?RateCallback@playerConfigMenu_t@@SAXPAX@Z 00418496 f i menu.obj
 0001:000174b9       ?ModelCallback@playerConfigMenu_t@@SAXPAX@Z 004184b9 f i menu.obj
 0001:000174e6       ?ScanDirectories@playerConfigMenu_t@@SA_NXZ 004184e6 f i menu.obj
 0001:00017660       ?IsValidSkin@playerConfigMenu_t@@SA_NPADPAVCStringItem@@@Z 00418660 f i menu.obj
 0001:0001771b       ?Draw@playerConfigMenu_t@@UAEXXZ 0041871b f i menu.obj
 0001:000179c7       ?KeyDown@playerConfigMenu_t@@UAEPBDH@Z 004189c7 f i menu.obj
 0001:00017ab9       ?Init@dmbrowseMenu_t@@UAE_NXZ 00418ab9 f i menu.obj
 0001:00017cbf       ?KeyDown@dmbrowseMenu_t@@UAEPBDH@Z 00418cbf f i menu.obj
 0001:00017e83       ?Draw@dmbrowseMenu_t@@UAEXXZ 00418e83 f i menu.obj
 0001:00017fc8       ?DrawThumbnail@dmbrowseMenu_t@@SAXHHHHPAD_N@Z 00418fc8 f i menu.obj
 0001:000180af       ?Init@videoMenu_t@@UAE_NXZ 004190af f i menu.obj
 0001:00018668       ?ScreenSizeCallback@videoMenu_t@@SAXPAX@Z 00419668 f i menu.obj
 0001:00018686       ?BrightnessCallback@videoMenu_t@@SAXPAX@Z 00419686 f i menu.obj
 0001:000186a4       ?ContrastCallback@videoMenu_t@@SAXPAX@Z 004196a4 f i menu.obj
 0001:000186dd       ?CancelChanges@videoMenu_t@@SAXPAX@Z 004196dd f i menu.obj
 0001:000186fe       ?KeyDown@videoMenu_t@@UAEPBDH@Z 004196fe f i menu.obj
 0001:00018745       ?ApplyChanges@videoMenu_t@@SAXPAX@Z 00419745 f i menu.obj
 0001:000188fc       ?KeyDown@quitMenu_t@@UAEPBDH@Z 004198fc f i menu.obj
 0001:00018934       ?Draw@quitMenu_t@@UAEXXZ   00419934 f i menu.obj
 0001:000189b4       ?KeyDown@testMenu_t@@UAEPBDH@Z 004199b4 f i menu.obj
 0001:000189c5       ?Draw@testMenu_t@@UAEXXZ   004199c5 f i menu.obj
 0001:00018bc0       ?M_Init@@YAXXZ             00419bc0 f   menu.obj
 0001:00018dbc       ?Insert@?$TList@VCStringItem@@@@QAE_NPAVCStringItem@@@Z 00419dbc f i menu.obj
 0001:00018dbc       ?Insert@?$TList@VplayerModelInfo_t@@@@QAE_NPAVplayerModelInfo_t@@@Z 00419dbc f i menu.obj
 0001:00018df2       ?ItemAtCursor@menuFramework_t@@QAEPAUmenuCommon_t@@XZ 00419df2 f   qmenu.obj
 0001:00018e46       ?AddItem@menuFramework_t@@QAEXPAUmenuCommon_t@@@Z 00419e46 f   qmenu.obj
 0001:00018f02       ?AdjustCursor@menuFramework_t@@QAEXH@Z 00419f02 f   qmenu.obj
 0001:00019071       ?Center@menuFramework_t@@QAEXXZ 0041a071 f   qmenu.obj
 0001:000190b2       ?Draw@menuFramework_t@@UAEXXZ 0041a0b2 f   qmenu.obj
 0001:0001966a       ?SelectItem@menuFramework_t@@QAE_NXZ 0041a66a f   qmenu.obj
 0001:000196c8       ?SetStatusBar@menuFramework_t@@QAEXPBD@Z 0041a6c8 f   qmenu.obj
 0001:000196d2       ?SlideItem@menuFramework_t@@QAEXH@Z 0041a6d2 f   qmenu.obj
 0001:00019c4f       ?Push@menuFramework_t@@QAEXXZ 0041ac4f f   qmenu.obj
 0001:00019cd7       ?M_ForceMenuOff@@YAXXZ     0041acd7 f   qmenu.obj
 0001:00019cfa       ?Pop@menuFramework_t@@QAEXXZ 0041acfa f   qmenu.obj
 0001:00019d34       ?KeyDown@menuFramework_t@@UAEPBDH@Z 0041ad34 f   qmenu.obj
 0001:00019fa8       ?Init@menuFramework_t@@UAE_NXZ 0041afa8 f   qmenu.obj
 0001:00019fab       ?M_Draw@@YAXXZ             0041afab f   qmenu.obj
 0001:00019fe6       ?M_Keydown@@YAXH@Z         0041afe6 f   qmenu.obj
 0001:0001a005       ?InitRendererVars@@YAXXZ   0041b005 f   ref_vars.obj
 0001:0001a024       ?S_SoundInfo_f@@YAXXZ      0041b024 f   snd_dma.obj
 0001:0001a0ae       ?S_ReadModelsSex@@YAXXZ    0041b0ae f   snd_dma.obj
 0001:0001a193       ?S_IsFemale@@YA_NPBD@Z     0041b193 f   snd_dma.obj
 0001:0001a1e7       ?S_Init@@YAXXZ             0041b1e7 f   snd_dma.obj
 0001:0001a2bd       ?S_Shutdown@@YAXXZ         0041b2bd f   snd_dma.obj
 0001:0001a350       ?S_BeginRegistration@@YAXXZ 0041b350 f   snd_dma.obj
 0001:0001a35e       ?S_RegisterSound@@YAPAUsfx_t@@PBD@Z 0041b35e f   snd_dma.obj
 0001:0001a4f7       ?S_EndRegistration@@YAXXZ  0041b4f7 f   snd_dma.obj
 0001:0001a58f       ?S_PickChannel@@YAPAUchannel_t@@HH@Z 0041b58f f   snd_dma.obj
 0001:0001a61c       ?S_Spatialize@@YAXPAUchannel_t@@@Z 0041b61c f   snd_dma.obj
 0001:0001a7b4       ?S_AllocPlaysound@@YAPAUplaysound_t@@XZ 0041b7b4 f   snd_dma.obj
 0001:0001a7d6       ?S_FreePlaysound@@YAXPAUplaysound_t@@@Z 0041b7d6 f   snd_dma.obj
 0001:0001a806       ?S_IssuePlaysound@@YAXPAUplaysound_t@@@Z 0041b806 f   snd_dma.obj
 0001:0001a8d3       ?S_StartSound@@YAXQBMHHPAUsfx_t@@MMM@Z 0041b8d3 f   snd_dma.obj
 0001:0001ac49       ?S_StartLocalSound@@YAXPBD@Z 0041bc49 f   snd_dma.obj
 0001:0001ac98       ?S_ClearBuffer@@YAXXZ      0041bc98 f   snd_dma.obj
 0001:0001ad01       ?S_StopAllSounds_f@@YAXXZ  0041bd01 f   snd_dma.obj
 0001:0001ad71       ?S_AddLoopSounds@@YAXXZ    0041bd71 f   snd_dma.obj
 0001:0001af47       ?S_RawSamples@@YAXHHHHPAE@Z 0041bf47 f   snd_dma.obj
 0001:0001b14b       ?S_Update@@YAXQBM000@Z     0041c14b f   snd_dma.obj
 0001:0001b244       ?GetSoundtime@@YAXXZ       0041c244 f   snd_dma.obj
 0001:0001b2ab       ?S_Update_@@YAXXZ          0041c2ab f   snd_dma.obj
 0001:0001b55e       ?ResampleSfx@@YAXPAUsfx_t@@HHPAE@Z 0041c55e f   snd_mem.obj
 0001:0001b679       ?S_LoadSound@@YAPAUsfxcache_t@@PAUsfx_t@@@Z 0041c679 f   snd_mem.obj
 0001:0001b7b1       ?GetWavinfo@@YA?AUwavinfo_t@@PADPAEH@Z 0041c7b1 f   snd_mem.obj
 0001:0001b9f3       ?S_WriteLinearBlastStereo16@@YAXXZ 0041c9f3 f   snd_mix.obj
 0001:0001ba67       ?S_TransferStereo16@@YAXPAKH@Z 0041ca67 f   snd_mix.obj
 0001:0001bad0       ?S_TransferPaintBuffer@@YAXH@Z 0041cad0 f   snd_mix.obj
 0001:0001bc34       ?S_PaintChannels@@YAXH@Z   0041cc34 f   snd_mix.obj
 0001:0001bed0       ?S_InitScaletable@@YAXXZ   0041ced0 f   snd_mix.obj
 0001:0001c091       ?SV_WipeSavegame@@YAXPAD@Z 0041d091 f   sv_ccmds.obj
 0001:0001c0bf       ?SV_CopySaveGame@@YAXPAD0@Z 0041d0bf f   sv_ccmds.obj
 0001:0001c114       ?SV_WriteLevelFile@@YAXXZ  0041d114 f   sv_ccmds.obj
 0001:0001c1c2       ?SV_ReadLevelFile@@YAXXZ   0041d1c2 f   sv_ccmds.obj
 0001:0001c270       ?SV_WriteServerFile@@YAX_NPAD@Z 0041d270 f   sv_ccmds.obj
 0001:0001c4ac       ?SV_ReadServerFile@@YAXXZ  0041d4ac f   sv_ccmds.obj
 0001:0001c5d1       ?SV_AddressBanned@@YA_NPAUnetadr_t@@@Z 0041d5d1 f   sv_ccmds.obj
 0001:0001c612       ?SV_InitOperatorCommands@@YAXXZ 0041d612 f   sv_ccmds.obj
 0001:0001d610       ?SV_WriteFrameToClient@@YAXPAUclient_t@@PAVsizebuf_t@@@Z 0041e610 f   sv_ents.obj
 0001:0001d7fc       ?SV_FatPVS@@YAXQAM@Z       0041e7fc f   sv_ents.obj
 0001:0001d91a       ?SV_BuildClientFrame@@YAXPAUclient_t@@@Z 0041e91a f   sv_ents.obj
 0001:0001dc34       ?SV_RecordDemoMessage@@YAXXZ 0041ec34 f   sv_ents.obj
 0001:0001e764       ?SV_InitGameLibrary@@YAX_N@Z 0041f764 f   sv_game.obj
 0001:0001e8aa       ?SV_ShutdownGameLibrary@@YAXXZ 0041f8aa f   sv_game.obj
 0001:0001ea07       ?SV_FindIndex@@YAHPADHH_N@Z 0041fa07 f   sv_init.obj
 0001:0001eb14       ?SV_ModelIndex@@YAHPAD@Z   0041fb14 f   sv_init.obj
 0001:0001eb2a       ?SV_SoundIndex@@YAHPAD@Z   0041fb2a f   sv_init.obj
 0001:0001eb43       ?SV_ImageIndex@@YAHPAD@Z   0041fb43 f   sv_init.obj
 0001:0001eb5c       ?SV_CreateBaseline@@YAXXZ  0041fb5c f   sv_init.obj
 0001:0001ebba       ?SV_CheckForSavegame@@YAXXZ 0041fbba f   sv_init.obj
 0001:0001ec42       ?SV_SpawnServer@@YAXPAD0W4server_state_t@@_N2@Z 0041fc42 f   sv_init.obj
 0001:0001ef10       ?SV_InitGame@@YAXXZ        0041ff10 f   sv_init.obj
 0001:0001f15a       ?SV_Map@@YAX_NPBD0@Z       0042015a f   sv_init.obj
 0001:0001f323       ?SV_DropClient@@YAXPAUclient_t@@PAD@Z 00420323 f   sv_main.obj
 0001:0001f3d4       ?SV_StatusString@@YAPADXZ  004203d4 f   sv_main.obj
 0001:0001fc07       ?SV_ConnectionlessPacket@@YAXXZ 00420c07 f   sv_main.obj
 0001:0001fcd2       ?SV_CalcPings@@YAXXZ       00420cd2 f   sv_main.obj
 0001:0001fd59       ?SV_GiveMsec@@YAXXZ        00420d59 f   sv_main.obj
 0001:0001fd98       ?SV_ReadPackets@@YAXXZ     00420d98 f   sv_main.obj
 0001:0001fee0       ?SV_CheckTimeouts@@YAXXZ   00420ee0 f   sv_main.obj
 0001:0001fff1       ?SV_PostprocessFrame@@YAXXZ 00420ff1 f   sv_main.obj
 0001:000204c8       ?SV_MulticastHook@@YAPAVsizebuf_t@@PAV1@0@Z 004214c8 f   sv_main.obj
 0001:000208b9       ?SV_TraceHook@@YA?AUtrace_t@@QAM000PAUedict_s@@H@Z 004218b9 f   sv_main.obj
 0001:00020a30       ?SV_Frame@@YAXM@Z          00421a30 f   sv_main.obj
 0001:00020ce4       ?SV_UserinfoChanged@@YAXPAUclient_t@@@Z 00421ce4 f   sv_main.obj
 0001:00020da8       ?SV_Init@@YAXXZ            00421da8 f   sv_main.obj
 0001:00020e0a       ?SV_Shutdown@@YAXPBD_N@Z   00421e0a f   sv_main.obj
 0001:00021011       ?SV_BeginRedirect@@YAXXZ   00422011 f   sv_send.obj
 0001:000210bb       ?SV_ClientPrintf@@YAXPAUclient_t@@HPBDZZ 004220bb f   sv_send.obj
 0001:00021116       ?SV_BroadcastPrintf@@YAXHPBDZZ 00422116 f   sv_send.obj
 0001:000211ec       ?SV_BroadcastCommand@@YAXPBDZZ 004221ec f   sv_send.obj
 0001:00021241       ?SV_Multicast@@YAXQAMW4multicast_t@@_N@Z 00422241 f   sv_send.obj
 0001:0002147f       ?SV_MulticastOld@@YAXQAMW4multicast_t@@@Z 0042247f f   sv_send.obj
 0001:00021492       ?SV_MulticastNew@@YAXQAMW4multicast_t@@@Z 00422492 f   sv_send.obj
 0001:000214a5       ?SV_StartSound@@YAXQAMPAUedict_s@@HHMMM_N@Z 004224a5 f   sv_send.obj
 0001:0002176d       ?SV_StartSoundOld@@YAXQAMPAUedict_s@@HHMMM@Z 0042276d f   sv_send.obj
 0001:0002179d       ?SV_StartSoundNew@@YAXQAMPAUedict_s@@HHMMM@Z 0042279d f   sv_send.obj
 0001:000217cd       ?SV_SendClientDatagram@@YA_NPAUclient_t@@@Z 004227cd f   sv_send.obj
 0001:00021896       ?SV_DemoCompleted@@YAXXZ   00422896 f   sv_send.obj
 0001:000218b2       ?SV_RateDrop@@YA_NPAUclient_t@@@Z 004228b2 f   sv_send.obj
 0001:000218fc       ?SV_SendClientMessages@@YAXXZ 004228fc f   sv_send.obj
 0001:00021a3f       ?SV_TokenizeString@@YAXPBD@Z 00422a3f f   sv_tokenize.obj
 0001:00021b16       ?SV_Argc@@YAHXZ            00422b16 f   sv_tokenize.obj
 0001:00021b1c       ?SV_Argv@@YAPADH@Z         00422b1c f   sv_tokenize.obj
 0001:00021b36       ?SV_Args@@YAPADXZ          00422b36 f   sv_tokenize.obj
 0001:00022383       ?SV_Nextserver@@YAXXZ      00423383 f   sv_user.obj
 0001:00022412       ?SV_ExecuteUserCommand@@YAXPAD@Z 00423412 f   sv_user.obj
 0001:000224d4       ?SV_ClientThink@@YAXPAUclient_t@@PAUusercmd_t@@@Z 004234d4 f   sv_user.obj
 0001:00022517       ?SV_ExecuteClientMessage@@YAXPAUclient_t@@@Z 00423517 f   sv_user.obj
 0001:00022735       ?SV_ClearWorld@@YAXXZ      00423735 f   sv_world.obj
 0001:0002288d       ?SV_UnlinkEdict@@YAXPAUedict_s@@@Z 0042388d f   sv_world.obj
 0001:00022950       ?SV_LinkEdict@@YAXPAUedict_s@@@Z 00423950 f   sv_world.obj
 0001:00022ff6       ?SV_AreaEdicts@@YAHQBM0PAPAUedict_s@@HH@Z 00423ff6 f   sv_world.obj
 0001:000231a7       ?SV_PointContents@@YAHQBM@Z 004241a7 f   sv_world.obj
 0001:000232cd       ?SV_ClipMoveToEntities@@YAXPAUtrace_t@@QBM111PAUedict_s@@H@Z 004242cd f   sv_world.obj
 0001:000236c1       ?SV_Trace@@YAXPAUtrace_t@@QBM111PAUedict_s@@H@Z 004246c1 f   sv_world.obj
 0001:0002377b       ?InitByteDirs@@YAXXZ       0042477b f   anorms.obj
 0001:000237ba       ?Cbuf_AddText@@YAXPBD@Z    004247ba f   cmd.obj
 0001:0002381c       ?Cbuf_CopyToDefer@@YAXXZ   0042481c f   cmd.obj
 0001:00023864       ?Cbuf_InsertFromDefer@@YAXXZ 00424864 f   cmd.obj
 0001:0002391d       ?Cbuf_Execute@@YAXXZ       0042491d f   cmd.obj
 0001:00023a23       ?Cmd_Unalias_f@@YAX_NHPAPAD@Z 00424a23 f   cmd.obj
 0001:00023a99       ?Cmd_WriteAliases@@YAXPAU_iobuf@@@Z 00424a99 f   cmd.obj
 0001:00023aca       ?RegisterCommand@@YA_NPBDP6AXXZH@Z 00424aca f   cmd.obj
 0001:00023b83       ?UnregisterCommand@@YA_NPBD@Z 00424b83 f   cmd.obj
 0001:00023c14       ?Cmd_ExecuteString@@YA_NPBD@Z 00424c14 f   cmd.obj
 0001:00024067       ?ExecuteCommand@@YA_NPBDPBUCSimpleCommand@@H@Z 00425067 f   cmd.obj
 0001:0002412e       ?Cmd_Init@@YAXXZ           0042512e f   cmd.obj
 0001:00024480       ?CM_LoadMap@@YAPAUcmodel_t@@PBD_NPAI@Z 00425480 f   cmodel.obj
 0001:00024bb1       ?SetSignbits@cplane_t@@QAEXXZ 00425bb1 f i cmodel.obj
 0001:00024bcf       ?SetType@cplane_t@@QAEXXZ  00425bcf f i cmodel.obj
 0001:00024d8b       ?CM_InlineModel@@YAPAUcmodel_t@@PBD@Z 00425d8b f   cmodel.obj
 0001:00024dcc       ?CM_NumClusters@@YAHXZ     00425dcc f   cmodel.obj
 0001:00024dd2       ?CM_NumInlineModels@@YAHXZ 00425dd2 f   cmodel.obj
 0001:00024dd8       ?CM_EntityString@@YAPBDXZ  00425dd8 f   cmodel.obj
 0001:00024dde       ?CM_LeafContents@@YAHH@Z   00425dde f   cmodel.obj
 0001:00024e05       ?CM_LeafCluster@@YAHH@Z    00425e05 f   cmodel.obj
 0001:00024e7b       ?CM_LeafArea@@YAHH@Z       00425e7b f   cmodel.obj
 0001:0002503c       ?CM_HeadnodeForBox@@YAHQAM0@Z 0042603c f   cmodel.obj
 0001:000250f1       ?CM_PointLeafnum@@YAHQBMH@Z 004260f1 f   cmodel.obj
 0001:00025191       ?DistanceTo@cplane_t@@QAEMQBM@Z 00426191 f i cmodel.obj
 0001:000251d5       ?CM_PointContents@@YAHQBMH@Z 004261d5 f   cmodel.obj
 0001:0002524a       ?CM_TransformedPointContents@@YAHQBMH00@Z 0042624a f   cmodel.obj
 0001:0002538c       ?CM_TransformedPointContents@@YAHQBMH0ABUCAxis@@@Z 0042638c f   cmodel.obj
 0001:00025484       ?CM_BoxLeafnums@@YAHQBM0PAHH1H@Z 00426484 f   cmodel.obj
 0001:00025598       ?BOX_ON_PLANE_SIDE@@YAHQBM0PBUcplane_t@@@Z 00426598 f i cmodel.obj
 0001:0002561d       ?CM_BoxTrace@@YAXPAUtrace_t@@QBM111HH@Z 0042661d f   cmodel.obj
 0001:00026097       ?CM_TransformedBoxTrace@@YAXPAUtrace_t@@QBM111HH11@Z 00427097 f   cmodel.obj
 0001:00026414       ?CM_TransformedBoxTrace@@YAXPAUtrace_t@@QBM111HH1ABUCAxis@@@Z 00427414 f   cmodel.obj
 0001:0002667b       ?CM_BrushTrace@@YAHQBM0PAHH@Z 0042767b f   cmodel.obj
 0001:00026aa1       ?CM_RefineBrushTrace@@YAHQBM0PAHH@Z 00427aa1 f   cmodel.obj
 0001:00026b47       ?CM_ClusterPVS@@YAPAEH@Z   00427b47 f   cmodel.obj
 0001:00026c8b       ?CM_ClusterPHS@@YAPAEH@Z   00427c8b f   cmodel.obj
 0001:00026dee       ?CM_SetAreaPortalState@@YAXH_N@Z 00427dee f   cmodel.obj
 0001:00026e13       ?CM_AreasConnected@@YA_NHH@Z 00427e13 f   cmodel.obj
 0001:00026e57       ?CM_WriteAreaBits@@YAHPAEH@Z 00427e57 f   cmodel.obj
 0001:00026ef9       ?CM_WritePortalState@@YAXPAU_iobuf@@@Z 00427ef9 f   cmodel.obj
 0001:00026f13       ?CM_ReadPortalState@@YAXPAU_iobuf@@@Z 00427f13 f   cmodel.obj
 0001:00026f31       ?CM_HeadnodeVisible@@YA_NHPAE@Z 00427f31 f   cmodel.obj
 0001:0002700c       ?Com_BeginRedirect@@YAXPADHP6AX0@Z@Z 0042800c f   common.obj
 0001:00027039       ?Com_EndRedirect@@YAXXZ    00428039 f   common.obj
 0001:00027058       ?Com_Printf@@YAXPBDZZ      00428058 f   common.obj
 0001:00027250       ?Com_DPrintf@@YAXPBDZZ     00428250 f   common.obj
 0001:000272c9       ?DebugPrintf@@YAXPBDZZ     004282c9 f   common.obj
 0001:00027373       ?Com_WPrintf@@YAXPBDZZ     00428373 f   common.obj
 0001:000273cd       ?Com_Quit@@YAXXZ           004283cd f   common.obj
 0001:000273ed       ?IPWildcard@@YA_NPAUnetadr_t@@PAD@Z 004283ed f   common.obj
 0001:000274c7       ?Com_ServerState@@YA?AW4server_state_t@@XZ 004284c7 f   common.obj
 0001:000274cd       ?Com_SetServerState@@YAXW4server_state_t@@@Z 004284cd f   common.obj
 0001:000274d7       ?frand@@YAMXZ              004284d7 f   common.obj
 0001:000274ef       ?crand@@YAMXZ              004284ef f   common.obj
 0001:0002750d       ?Info_ValueForKey@@YAPBDPBD0@Z 0042850d f   common.obj
 0001:0002758c       ?Info_SetValueForKey@@YAXPADPBD1@Z 0042858c f   common.obj
 0001:000276ef       ?Info_Print@@YAXPBD@Z      004286ef f   common.obj
 0001:00027775       ?Com_CheckCmdlineVar@@YA_NPBD@Z 00428775 f   common.obj
 0001:000277cb       ?Com_Init@@YAXPBD@Z        004287cb f   common.obj
 0001:00027b99       ?Com_Frame@@YAXM@Z         00428b99 f   common.obj
 0001:00027ed7       ?Com_Shutdown@@YAXXZ       00428ed7 f   common.obj
 0001:00027ef0       ?Com_BlockSequenceCRCByte@@YAEPAEHH@Z 00428ef0 f   crc.obj
 0001:00027fa6       ?Cvar_VariableValue@@YAMPBD@Z 00428fa6 f   cvar.obj
 0001:00028014       ?Cvar_VariableInt@@YAHPBD@Z 00429014 f   cvar.obj
 0001:00028027       ?Cvar_VariableString@@YAPBDPBD@Z 00429027 f   cvar.obj
 0001:0002803f       ?Cvar_Get@@YAPAUcvar_t@@PBD0H@Z 0042903f f   cvar.obj
 0001:000282f6       ?Cvar_GetVars@@YAXPBUcvarInfo_t@@H@Z 004292f6 f   cvar.obj
 0001:000283a0       ?Cvar_FullSet@@YAPAUcvar_t@@PBD0I@Z 004293a0 f   cvar.obj
 0001:000283fa       ?Cvar_SetValue@@YAPAUcvar_t@@PBDM@Z 004293fa f   cvar.obj
 0001:00028620       ?Cvar_SetInteger@@YAPAUcvar_t@@PBDH@Z 00429620 f   cvar.obj
 0001:00028642       ?Cvar_Set@@YAPAUcvar_t@@PBD0@Z 00429642 f   cvar.obj
 0001:00028657       ?Cvar_ForceSet@@YAPAUcvar_t@@PBD0@Z 00429657 f   cvar.obj
 0001:0002866c       ?Cvar_Clamp@@YAMPAUcvar_t@@MM@Z 0042966c f   cvar.obj
 0001:000286ca       ?Cvar_GetLatchedVars@@YAXXZ 004296ca f   cvar.obj
 0001:000286f9       ?Cvar_Command@@YA_NHPAPAD@Z 004296f9 f   cvar.obj
 0001:00028792       ?IsDefault@cvar_t@@QAE_NXZ 00429792 f i cvar.obj
 0001:000287af       ?Cvar_WriteVariables@@YAXPAU_iobuf@@HHPBD@Z 004297af f   cvar.obj
 0001:00028837       ?Cvar_Userinfo@@YAPBDXZ    00429837 f   cvar.obj
 0001:00028892       ?Cvar_Serverinfo@@YAPBDXZ  00429892 f   cvar.obj
 0001:0002889b       ?Cvar_Cheats@@YAX_N@Z      0042989b f   cvar.obj
 0001:000288ec       ?Cvar_Init@@YAXXZ          004298ec f   cvar.obj
 0001:00028fab       ?MSG_WriteDeltaEntity@@YAXPAVsizebuf_t@@PBUentity_state_t@@PAU2@_N3@Z 00429fab f   entdelta.obj
 0001:0002954e       ?MSG_WriteRemoveEntity@@YAXPAVsizebuf_t@@H@Z 0042a54e f   entdelta.obj
 0001:0002958e       ?MSG_ReadEntityBits@@YAHPAVsizebuf_t@@PAIPA_N@Z 0042a58e f   entdelta.obj
 0001:000295ff       ?MSG_ReadDeltaEntity@@YAXPAVsizebuf_t@@PBUentity_state_t@@PAU2@I@Z 0042a5ff f   entdelta.obj
 0001:00029682       ?MSG_WriteDeltaUsercmd@@YAXPAVsizebuf_t@@PBUusercmd_t@@PAU2@@Z 0042a682 f   entdelta.obj
 0001:00029711       ?MSG_ReadDeltaUsercmd@@YAXPAVsizebuf_t@@PBUusercmd_t@@PAU2@@Z 0042a711 f   entdelta.obj
 0001:00029794       ?MSG_WriteDeltaPlayerstate@@YAXPAVsizebuf_t@@PBUplayer_state_t@@PAU2@@Z 0042a794 f   entdelta.obj
 0001:0002989d       ?MSG_ReadDeltaPlayerstate@@YAXPAVsizebuf_t@@PBUplayer_state_t@@PAU2@@Z 0042a89d f   entdelta.obj
 0001:00029971       ?FS_CreatePath@@YAXPBD@Z   0042a971 f   files.obj
 0001:000299d7       ?FS_CopyFile@@YAXPBD0@Z    0042a9d7 f   files.obj
 0001:00029ada       ?FS_CopyFiles@@YAXPBD0@Z   0042aada f   files.obj
 0001:00029bb3       ?FS_RemoveFiles@@YAXPBD@Z  0042abb3 f   files.obj
 0001:00029c27       ?FS_FCloseFile@@YAXPAVQFILE@@@Z 0042ac27 f   files.obj
 0001:00029cc2       ?FS_FOpenFile@@YAPAVQFILE@@PBDPAH@Z 0042acc2 f   files.obj
 0001:0002a1ce       ?FS_FileExists@@YA_NPBD@Z  0042b1ce f   files.obj
 0001:0002a3e7       ?FS_Read@@YAXPAXHPAVQFILE@@@Z 0042b3e7 f   files.obj
 0001:0002a649       ?FS_LoadFile@@YAPAXPBDPAI@Z 0042b649 f   files.obj
 0001:0002a69f       ?FS_FreeFile@@YAXPAX@Z     0042b69f f   files.obj
 0001:0002a6aa       ?FS_Gamedir@@YAPADXZ       0042b6aa f   files.obj
 0001:0002a6be       ?FS_LoadGameConfig@@YAXXZ  0042b6be f   files.obj
 0001:0002a783       ?FS_SetGamedir@@YA_NPBD@Z  0042b783 f   files.obj
 0001:0002ae6e       ?FS_ListFiles@@YA?AV?$TList@VCStringItem@@@@PBDH@Z 0042be6e f   files.obj
 0001:0002b176       ?FS_NextPath@@YAPADPBD@Z   0042c176 f   files.obj
 0001:0002b19a       ?FS_InitFilesystem@@YAXXZ  0042c19a f   files.obj
 0001:0002bb46       ?LoadPCX@@YAXPBDPAPAE1PAH2@Z 0042cb46 f   images.obj
 0001:0002bc90       ?LoadTGA@@YAXPBDPAPAEPAH2@Z 0042cc90 f   images.obj
 0001:0002be8b       ?LoadJPG@@YAXPBDPAPAEPAH2@Z 0042ce8b f   images.obj
 0001:0002c117       ?ImageExists@@YAHPBDH@Z    0042d117 f   images.obj
 0001:0002c215       ?WriteTGA@@YA_NPBDPAEHH@Z  0042d215 f   images.obj
 0001:0002c3ff       ?WriteJPG@@YA_NPBDPAEHH_N@Z 0042d3ff f   images.obj
 0001:0002c526       ?MD4Init@@YAXPAUMD4_CTX@@@Z 0042d526 f   md4.obj
 0001:0002c54e       ?MD4Update@@YAXPAUMD4_CTX@@PAEI@Z 0042d54e f   md4.obj
 0001:0002c5ec       ?MD4Final@@YAXQAEPAUMD4_CTX@@@Z 0042d5ec f   md4.obj
 0001:0002ccdd       ?Com_BlockChecksum@@YAIPAXH@Z 0042dcdd f   md4.obj
 0001:0002cd19       ?LoadQ2BspFile@@YAXXZ      0042dd19 f   model.obj
 0001:0002d0f1       ?LoadBspFile@@YAPAUbspfile_t@@PBD_NPAI@Z 0042e0f1 f   model.obj
 0001:0002d29f       ?ProcessEntstring@@YAPADPAD@Z 0042e29f f   model.obj
 0001:0002e148       ?Init@sizebuf_t@@QAEXPAXH@Z 0042f148 f   msg.obj
 0001:0002e163       ?Write@sizebuf_t@@QAEXPBXH@Z 0042f163 f   msg.obj
 0001:0002e1d3       ?MSG_WriteChar@@YAXPAVsizebuf_t@@H@Z 0042f1d3 f   msg.obj
 0001:0002e1d3       ?MSG_WriteByte@@YAXPAVsizebuf_t@@H@Z 0042f1d3 f   msg.obj
 0001:0002e1e4       ?MSG_WriteShort@@YAXPAVsizebuf_t@@H@Z 0042f1e4 f   msg.obj
 0001:0002e1f5       ?MSG_WriteFloat@@YAXPAVsizebuf_t@@M@Z 0042f1f5 f   msg.obj
 0001:0002e1f5       ?MSG_WriteLong@@YAXPAVsizebuf_t@@H@Z 0042f1f5 f   msg.obj
 0001:0002e206       ?MSG_WriteString@@YAXPAVsizebuf_t@@PBD@Z 0042f206 f   msg.obj
 0001:0002e230       ?MSG_WritePos@@YAXPAVsizebuf_t@@QAM@Z 0042f230 f   msg.obj
 0001:0002e294       ?MSG_WriteAngle@@YAXPAVsizebuf_t@@M@Z 0042f294 f   msg.obj
 0001:0002e2bf       ?MSG_WriteAngle16@@YAXPAVsizebuf_t@@M@Z 0042f2bf f   msg.obj
 0001:0002e2ea       ?MSG_WriteDir@@YAXPAVsizebuf_t@@QAM@Z 0042f2ea f   msg.obj
 0001:0002e351       ?MSG_ReadDir@@YAXPAVsizebuf_t@@QAM@Z 0042f351 f   msg.obj
 0001:0002e382       ?MSG_ReadChar@@YAHPAVsizebuf_t@@@Z 0042f382 f   msg.obj
 0001:0002e3a2       ?MSG_ReadByte@@YAHPAVsizebuf_t@@@Z 0042f3a2 f   msg.obj
 0001:0002e3c2       ?MSG_ReadShort@@YAHPAVsizebuf_t@@@Z 0042f3c2 f   msg.obj
 0001:0002e3e2       ?MSG_ReadLong@@YAHPAVsizebuf_t@@@Z 0042f3e2 f   msg.obj
 0001:0002e401       ?MSG_ReadString@@YAPADPAVsizebuf_t@@@Z 0042f401 f   msg.obj
 0001:0002e434       ?MSG_ReadPos@@YAXPAVsizebuf_t@@QAM@Z 0042f434 f   msg.obj
 0001:0002e486       ?MSG_ReadAngle@@YAMPAVsizebuf_t@@@Z 0042f486 f   msg.obj
 0001:0002e4a0       ?MSG_ReadAngle16@@YAMPAVsizebuf_t@@@Z 0042f4a0 f   msg.obj
 0001:0002e4ba       ?MSG_ReadData@@YAXPAVsizebuf_t@@PAXH@Z 0042f4ba f   msg.obj
 0001:0002e4dd       ?Netchan_Init@@YAXXZ       0042f4dd f   net_chan.obj
 0001:0002e551       ?Netchan_OutOfBandPrint@@YAXW4netsrc_t@@Unetadr_t@@PBDZZ 0042f551 f   net_chan.obj
 0001:0002e5d8       ?Setup@netchan_t@@QAEXW4netsrc_t@@Unetadr_t@@H@Z 0042f5d8 f   net_chan.obj
 0001:0002e630       ?NeedReliable@netchan_t@@QAE_NXZ 0042f630 f   net_chan.obj
 0001:0002e655       ?Transmit@netchan_t@@QAEXPAXH@Z 0042f655 f   net_chan.obj
 0001:0002e7f2       ?Process@netchan_t@@QAE_NPAVsizebuf_t@@@Z 0042f7f2 f   net_chan.obj
 0001:0002e920       ?Pmove@@YAXPAUpmove_t@@@Z  0042f920 f   pmove.obj
 0001:00030693       ?NormalizeColor@@YAMQBMQAM@Z 00431693 f   q_shared2.obj
 0001:000306ed       ?NormalizeColor255@@YAMQBMQAM@Z 004316ed f   q_shared2.obj
 0001:0003074b       ?Q_rsqrt@@YAMM@Z           0043174b f   q_shared2.obj
 0001:0003077b       ?AngleVectors@@YAXQBMQAM11@Z 0043177b f   q_shared2.obj
 0001:000308dc       ?MakeNormalVectors@@YAXQAM00@Z 004318dc f   q_shared2.obj
 0001:00030943       ?VectorNormalize@@YAMQAM@Z 00431943 f   q_shared2.obj
 0001:00030997       ?VectorNormalize@@YAMQBMQAM@Z 00431997 f   q_shared2.obj
 0001:000309ef       ?VectorNormalizeFast@@YAMQAM@Z 004319ef f   q_shared2.obj
 0001:00030a40       ?CrossProduct@@YAXQBM0QAM@Z 00431a40 f   q_shared2.obj
 0001:00030a7b       ?VectorLength@@YAMQBM@Z    00431a7b f   q_shared2.obj
 0001:00030aaa       ?VectorDistance@@YAMQBM0@Z 00431aaa f   q_shared2.obj
 0001:00030adb       ?LerpAngle@@YAMMMM@Z       00431adb f   q_shared2.obj
 0001:00030b1e       ?anglemod@@YAMM@Z          00431b1e f   q_shared2.obj
 0001:00030b4a       ?BoxOnPlaneSide@@YAHQBM0PBUcplane_t@@@Z 00431b4a f   q_shared2.obj
 0001:00030c6d       ?Clear@CBox@@QAEXXZ        00431c6d f   q_shared2.obj
 0001:00030c8b       ?Expand@CBox@@QAEXQBM@Z    00431c8b f   q_shared2.obj
 0001:00030cba       ?Expand@CBox@@QAEXABU1@@Z  00431cba f   q_shared2.obj
 0001:00030cf6       ?GetCenter@CBox@@QAEXQAM@Z 00431cf6 f   q_shared2.obj
 0001:00030d16       ?FromAngles@CAxis@@QAEXQBM@Z 00431d16 f   q_shared2.obj
 0001:00030d55       ?ShortSwap@@YAFF@Z         00431d55 f   q_shared2.obj
 0001:00030d6a       ?COM_Parse@@YAPADAAPBD_N@Z 00431d6a f   q_shared2.obj
 0001:00030e8e       ?COM_QuoteString@@YAPBDPBD_N@Z 00431e8e f   q_shared2.obj
 0001:00030ee9       ?Com_PageInMemory@@YAXPAXH@Z 00431ee9 f   q_shared2.obj
 0001:00030f08       ?Zip_OpenArchive@@YAPAU_iobuf@@PBD@Z 00431f08 f   zip.obj
 0001:00030f73       ?Zip_CloseArchive@@YAXPAU_iobuf@@@Z 00431f73 f   zip.obj
 0001:00030f7f       ?Zip_EnumArchive@@YA_NPAU_iobuf@@P6A_NPAUzipFile_t@@@Z@Z 00431f7f f   zip.obj
 0001:0003115c       ?Zip_OpenFile@@YAPAUZFILE@@PAU_iobuf@@PAUzipFile_t@@@Z 0043215c f   zip.obj
 0001:00031240       ?Zip_ReadFile@@YAHPAUZFILE@@PAXH@Z 00432240 f   zip.obj
 0001:00031336       ?Zip_CloseFile@@YA_NPAUZFILE@@@Z 00432336 f   zip.obj
 0001:0003137a       ?Zip_OpenBuf@@YAPAUZBUF@@PAXH@Z 0043237a f   zip.obj
 0001:000313b8       ?Zip_ReadBuf@@YAHPAUZBUF@@PAXH@Z 004323b8 f   zip.obj
 0001:00031400       ?Zip_CloseBuf@@YAXPAUZBUF@@@Z 00432400 f   zip.obj
 0001:00031415       _zcalloc                   00432415 f   zip.obj
 0001:00031429       _zcfree                    00432429 f   zip.obj
 0001:00031434       ?CDAudio_Play2@@YAXH_N@Z   00432434 f   cd_win.obj
 0001:00031613       ?CDAudio_Play@@YAXH_N@Z    00432613 f   cd_win.obj
 0001:0003162a       ?CDAudio_Stop@@YAXXZ       0043262a f   cd_win.obj
 0001:0003166f       ?CDAudio_Pause@@YAXXZ      0043266f f   cd_win.obj
 0001:000316c8       ?CDAudio_Resume@@YAXXZ     004326c8 f   cd_win.obj
 0001:00031737       ?CDAudio_Update@@YAXXZ     00432737 f   cd_win.obj
 0001:0003176b       ?CDAudio_Init@@YAHXZ       0043276b f   cd_win.obj
 0001:00031bcd       ?CDAudio_Shutdown@@YAXXZ   00432bcd f   cd_win.obj
 0001:00031c00       ?CDAudio_Activate@@YAX_N@Z 00432c00 f   cd_win.obj
 0001:00031c11       ?IN_Commands@@YAXXZ        00432c11 f   in_win.obj
 0001:00031d39       ?IN_Init@@YAXXZ            00432d39 f   in_win.obj
 0001:00032030       ?IN_Shutdown@@YAXXZ        00433030 f   in_win.obj
 0001:0003220a       ?IN_Move@@YAXPAUusercmd_t@@@Z 0043320a f   in_win.obj
 0001:000327e7       ?IN_Activate@@YAX_N@Z      004337e7 f   in_win.obj
 0001:000327f1       ?IN_Frame@@YAXXZ           004337f1 f   in_win.obj
 0001:00032b59       ?NetadrToSockadr@@YAXPAUnetadr_t@@PAUsockaddr@@@Z 00433b59 f   net_wins.obj
 0001:00032bde       ?SockadrToNetadr@@YAXPAUsockaddr@@PAUnetadr_t@@@Z 00433bde f   net_wins.obj
 0001:00032c2e       ?NET_CompareAdr@@YA_NPAUnetadr_t@@0@Z 00433c2e f   net_wins.obj
 0001:00032c84       ?NET_CompareBaseAdr@@YA_NPAUnetadr_t@@0@Z 00433c84 f   net_wins.obj
 0001:00032ccf       ?NET_AdrToString@@YAPADPAUnetadr_t@@@Z 00433ccf f   net_wins.obj
 0001:00032d88       ?NET_StringToAdr@@YA_NPBDPAUnetadr_t@@@Z 00433d88 f   net_wins.obj
 0001:00033012       ?NET_IsLocalAddress@@YA_NPAUnetadr_t@@@Z 00434012 f   net_wins.obj
 0001:0003301e       ?NET_GetLoopPacket@@YA_NW4netsrc_t@@PAUnetadr_t@@PAVsizebuf_t@@@Z 0043401e f   net_wins.obj
 0001:000330a9       ?NET_SendLoopPacket@@YAXW4netsrc_t@@HPAXUnetadr_t@@@Z 004340a9 f   net_wins.obj
 0001:000330fe       ?NET_GetPacket@@YA_NW4netsrc_t@@PAUnetadr_t@@PAVsizebuf_t@@@Z 004340fe f   net_wins.obj
 0001:0003321b       ?NET_SendPacket@@YAXW4netsrc_t@@HPAXUnetadr_t@@@Z 0043421b f   net_wins.obj
 0001:000332ec       ?NET_Config@@YAX_N@Z       004342ec f   net_wins.obj
 0001:00033661       ?NET_Init@@YAXXZ           00434661 f   net_wins.obj
 0001:0003371b       ?Sys_Mkdir@@YAXPAD@Z       0043471b f   fs_win.obj
 0001:00033727       ?Sys_FindFirst@@YAPBDPBDH@Z 00434727 f   fs_win.obj
 0001:000337e1       ?Sys_FindNext@@YAPBDXZ     004347e1 f   fs_win.obj
 0001:0003384b       ?Sys_FindClose@@YAXXZ      0043484b f   fs_win.obj
 0001:00033865       ?Sys_FileExists@@YA_NPBDH@Z 00434865 f   fs_win.obj
 0001:00033883       ?SNDDMA_Init@@YA_NXZ       00434883 f   snd_win.obj
 0001:00033ec2       ?SNDDMA_GetDMAPos@@YAHXZ   00434ec2 f   snd_win.obj
 0001:00033f0c       ?SNDDMA_BeginPainting@@YAXXZ 00434f0c f   snd_win.obj
 0001:00034024       ?SNDDMA_Submit@@YAXXZ      00435024 f   snd_win.obj
 0001:00034049       ?SNDDMA_Shutdown@@YAXXZ    00435049 f   snd_win.obj
 0001:0003404e       ?S_Activate@@YAX_N@Z       0043504e f   snd_win.obj
 0001:00034079       ?Sys_Quit@@YAXXZ           00435079 f   sys_win.obj
 0001:00034131       ?Sys_Init@@YAXXZ           00435131 f   sys_win.obj
 0001:000341a9       ?Sys_ConsoleInput@@YAPADXZ 004351a9 f   sys_win.obj
 0001:00034464       ?Sys_ConsoleOutput@@YAXPBD@Z 00435464 f   sys_win.obj
 0001:000344f1       ?Sys_SendKeyEvents@@YAXXZ  004354f1 f   sys_win.obj
 0001:000345a9       ?Sys_UnloadGame@@YAXXZ     004355a9 f   sys_win.obj
 0001:00034624       ?Sys_GetGameAPI@@YAPAXPAX@Z 00435624 f   sys_win.obj
 0001:0003477b       _WinMain@16                0043577b f   sys_win.obj
 0001:00034a01       ?AddMsgHook@@YAXP6A_NIIJ@Z@Z 00435a01 f   vid_dll.obj
 0001:00034a45       ?RemoveMsgHook@@YAXP6A_NIIJ@Z@Z 00435a45 f   vid_dll.obj
 0001:00034a74       ?Vid_CreateWindow@@YAPAXHH_N@Z 00435a74 f   vid_dll.obj
 0001:00035178       ?Vid_DestroyWindow@@YAX_N@Z 00436178 f   vid_dll.obj
 0001:000351b3       ?Vid_Restart@@YAXXZ        004361b3 f   vid_dll.obj
 0001:000351bb       ?Vid_GetModeInfo@@YA_NPAH0H@Z 004361bb f   vid_dll.obj
 0001:000351eb       ?Vid_Tick@@YAXXZ           004361eb f   vid_dll.obj
 0001:0003539b       ?Vid_Init@@YAXXZ           0043639b f   vid_dll.obj
 0001:0003546c       ?Vid_Shutdown@@YAXXZ       0043646c f   vid_dll.obj
 0001:0003548b       ?Tesselate@surfacePlanar_t@OpenGLDrv@@UAEXXZ 0043648b f   gl_backend.obj
 0001:000370a4       ?Tesselate@surfacePoly_t@OpenGLDrv@@UAEXXZ 004380a4 f   gl_backend.obj
 0001:0003719f       ?Tesselate@surfaceMd3_t@OpenGLDrv@@UAEXXZ 0043819f f   gl_backend.obj
 0001:00037754       ?Tesselate@surfaceEntity_t@OpenGLDrv@@UAEXXZ 00438754 f   gl_backend.obj
 0001:00037890       ?Tesselate@surfaceParticle_t@OpenGLDrv@@UAEXXZ 00438890 f   gl_backend.obj
 0001:00037ad2       ?BK_DrawScene@OpenGLDrv@@YAXXZ 00438ad2 f   gl_backend.obj
 0001:000385a9       ?BK_DrawPic@OpenGLDrv@@YAXPAVshader_t@1@HHHHMMMMIE@Z 004395a9 f   gl_backend.obj
 0001:00038781       ?BK_DrawText@OpenGLDrv@@YAXPBDHHHHHI@Z 00439781 f   gl_backend.obj
 0001:0003896c       ?BK_BeginFrame@OpenGLDrv@@YAXXZ 0043996c f   gl_backend.obj
 0001:00038a05       ?BK_EndFrame@OpenGLDrv@@YAXXZ 00439a05 f   gl_backend.obj
 0001:00038a44       ?BK_Init@OpenGLDrv@@YAXXZ  00439a44 f   gl_backend.obj
 0001:00038a73       ?BK_Shutdown@OpenGLDrv@@YAXXZ 00439a73 f   gl_backend.obj
 0001:00038a8b       ?AllocDynamicMemory@OpenGLDrv@@YAPAXH@Z 00439a8b f   gl_buffers.obj
 0001:00038af6       ?ResizeDynamicMemory@OpenGLDrv@@YAXPAXH@Z 00439af6 f   gl_buffers.obj
 0001:00038b38       ?AddSurfaceToPortal@OpenGLDrv@@YAXPAVsurfaceBase_t@1@PAVshader_t@1@HH@Z 00439b38 f   gl_buffers.obj
 0001:00038ba1       ?InsertShaderIndex@OpenGLDrv@@YAXH@Z 00439ba1 f   gl_buffers.obj
 0001:00038bda       ?ClearPortal@OpenGLDrv@@YAXXZ 00439bda f   gl_buffers.obj
 0001:00038bf8       ?SortSurfaces@OpenGLDrv@@YAXPAUviewPortal_t@1@PAPAUsurfaceInfo_t@1@@Z 00439bf8 f   gl_buffers.obj
 0001:00038d8a       ?ClearBuffers@OpenGLDrv@@YAXXZ 00439d8a f   gl_buffers.obj
 0001:00038da1       ?CreateBuffers@OpenGLDrv@@YAXXZ 00439da1 f   gl_buffers.obj
 0001:00038dc7       ?FreeBuffers@OpenGLDrv@@YAXXZ 00439dc7 f   gl_buffers.obj
 0001:00038deb       ?InitEntity@model_t@OpenGLDrv@@UAEXPAUentity_t@@PAUrefEntity_t@2@@Z 00439deb f   gl_frontend.obj
 0001:00038e03       ?AddSurfaces@model_t@OpenGLDrv@@UAEXPAUrefEntity_t@2@@Z 00439e03 f   gl_frontend.obj
 0001:00038e31       ?GetLeaf@model_t@OpenGLDrv@@UAEPAUnode_t@2@PAUrefEntity_t@2@@Z 00439e31 f   gl_frontend.obj
 0001:00038e42       ?DrawLabel@model_t@OpenGLDrv@@UAEXPAUrefEntity_t@2@@Z 00439e42 f   gl_frontend.obj
 0001:00038e45       ?InitEntity@inlineModel_t@OpenGLDrv@@UAEXPAUentity_t@@PAUrefEntity_t@2@@Z 00439e45 f   gl_frontend.obj
 0001:00038e96       ?AddSurfaces@inlineModel_t@OpenGLDrv@@UAEXPAUrefEntity_t@2@@Z 00439e96 f   gl_frontend.obj
 0001:000393d0       ?GetLeaf@inlineModel_t@OpenGLDrv@@UAEPAUnode_t@2@PAUrefEntity_t@2@@Z 0043a3d0 f   gl_frontend.obj
 0001:00039575       ?DrawLabel@inlineModel_t@OpenGLDrv@@UAEXPAUrefEntity_t@2@@Z 0043a575 f   gl_frontend.obj
 0001:000395bb       ?InitEntity@md3Model_t@OpenGLDrv@@UAEXPAUentity_t@@PAUrefEntity_t@2@@Z 0043a5bb f   gl_frontend.obj
 0001:000397aa       ?AddSurfaces@md3Model_t@OpenGLDrv@@UAEXPAUrefEntity_t@2@@Z 0043a7aa f   gl_frontend.obj
 0001:00039810       ?GetLeaf@md3Model_t@OpenGLDrv@@UAEPAUnode_t@2@PAUrefEntity_t@2@@Z 0043a810 f   gl_frontend.obj
 0001:00039848       ?DrawLabel@md3Model_t@OpenGLDrv@@UAEXPAUrefEntity_t@2@@Z 0043a848 f   gl_frontend.obj
 0001:000398a3       ?InitEntity@sp2Model_t@OpenGLDrv@@UAEXPAUentity_t@@PAUrefEntity_t@2@@Z 0043a8a3 f   gl_frontend.obj
 0001:000398bd       ?AddSurfaces@sp2Model_t@OpenGLDrv@@UAEXPAUrefEntity_t@2@@Z 0043a8bd f   gl_frontend.obj
 0001:00039a44       ?GetLeaf@sp2Model_t@OpenGLDrv@@UAEPAUnode_t@2@PAUrefEntity_t@2@@Z 0043aa44 f   gl_frontend.obj
 0001:00039b23       ?AddEntity@OpenGLDrv@@YAXPAUentity_t@@@Z 0043ab23 f   gl_frontend.obj
 0001:00039cea       ?AddDlight@OpenGLDrv@@YAXPAUdlight_t@@@Z 0043acea f   gl_frontend.obj
 0001:00039ea2       ?DrawPortal@OpenGLDrv@@YAXXZ 0043aea2 f   gl_frontend.obj
 0001:0003a04d       ?VectorNegate@@YAXQAM@Z    0043b04d f i gl_frontend.obj
 0001:0003bdff       ?GL_TextureMode@OpenGLDrv@@YAXPBD@Z 0043cdff f   gl_image.obj
 0001:0003bea7       ?CreateImage@OpenGLDrv@@YAPAVimage_t@1@PBDPAXHHI@Z 0043cea7 f   gl_image.obj
 0001:0003cc18       ?LoadDelayedImages@OpenGLDrv@@YAXXZ 0043dc18 f   gl_image.obj
 0001:0003ccab       ?DrawStretchRaw8@OpenGLDrv@@YAXHHHHHHPAEPAI@Z 0043dcab f   gl_image.obj
 0001:0003d06c       ?SetupGamma@OpenGLDrv@@YAXXZ 0043e06c f   gl_image.obj
 0001:0003d1b2       ?PerformScreenshot@OpenGLDrv@@YAXXZ 0043e1b2 f   gl_image.obj
 0001:0003d43f       ?InitImages@OpenGLDrv@@YAXXZ 0043e43f f   gl_image.obj
 0001:0003dc10       ?ShutdownImages@OpenGLDrv@@YAXXZ 0043ec10 f   gl_image.obj
 0001:0003dc77       ?ShowImages@OpenGLDrv@@YAXXZ 0043ec77 f   gl_image.obj
 0001:0003deff       ?FindImage@OpenGLDrv@@YAPAVimage_t@1@PBDI@Z 0043eeff f   gl_image.obj
 0001:0003e19f       ?GL_Lock@OpenGLDrv@@YAXXZ  0043f19f f   gl_interface.obj
 0001:0003e217       ?GL_Unlock@OpenGLDrv@@YAXXZ 0043f217 f   gl_interface.obj
 0001:0003e3d9       ?GL_Bind@OpenGLDrv@@YAXPAVimage_t@1@@Z 0043f3d9 f   gl_interface.obj
 0001:0003e503       ?GL_BindForce@OpenGLDrv@@YAXPAVimage_t@1@@Z 0043f503 f   gl_interface.obj
 0001:0003e581       ?GL_TexEnv@OpenGLDrv@@YAXI@Z 0043f581 f   gl_interface.obj
 0001:0003e700       ?GL_TexMipBias@OpenGLDrv@@YAXM@Z 0043f700 f   gl_interface.obj
 0001:0003e75b       ?GL_TexEnvColor@OpenGLDrv@@YAXPATcolor_t@@@Z 0043f75b f   gl_interface.obj
 0001:0003e80b       ?GL_SelectTexture@OpenGLDrv@@YAXH@Z 0043f80b f   gl_interface.obj
 0001:0003e86c       ?GL_TexCoordPointer@OpenGLDrv@@YAXPAX@Z 0043f86c f   gl_interface.obj
 0001:0003e89c       ?GL_SetMultitexture@OpenGLDrv@@YAXH@Z 0043f89c f   gl_interface.obj
 0001:0003e982       ?GL_DisableTexCoordArrays@OpenGLDrv@@YAXXZ 0043f982 f   gl_interface.obj
 0001:0003e9d6       ?GL_CullFace@OpenGLDrv@@YAXW4gl_cullMode_t@1@@Z 0043f9d6 f   gl_interface.obj
 0001:0003ea27       ?GL_DepthRange@OpenGLDrv@@YAXW4gl_depthMode_t@1@@Z 0043fa27 f   gl_interface.obj
 0001:0003ea5a       ?GL_State@OpenGLDrv@@YAXI@Z 0043fa5a f   gl_interface.obj
 0001:0003ebaf       ?GL_EnableFog@OpenGLDrv@@YAX_N@Z 0043fbaf f   gl_interface.obj
 0001:0003eca7       ?GL_SetDefaultState@OpenGLDrv@@YAXXZ 0043fca7 f   gl_interface.obj
 0001:0003edf5       ?GL_Set2DMode@OpenGLDrv@@YAXXZ 0043fdf5 f   gl_interface.obj
 0001:0003eef0       ?GL_Set3DMode@OpenGLDrv@@YAXPAUviewPortal_t@1@@Z 0043fef0 f   gl_interface.obj
 0001:0003efd8       ?ShowLights@OpenGLDrv@@YAXXZ 0043ffd8 f   gl_light.obj
 0001:0003f3c1       ?LightForEntity@OpenGLDrv@@YAXPAUrefEntity_t@1@@Z 004403c1 f   gl_light.obj
 0001:00040634       ?DiffuseLight@OpenGLDrv@@YAXPATcolor_t@@M@Z 00441634 f   gl_light.obj
 0001:000407a4       ?InitLightGrid@OpenGLDrv@@YAXXZ 004417a4 f   gl_light.obj
 0001:0004084a       ?PostLoadLights@OpenGLDrv@@YAXXZ 0044184a f   gl_light.obj
 0001:00040ada       ?LM_Init@OpenGLDrv@@YAXXZ  00441ada f   gl_lightmap.obj
 0001:00040af0       ?LM_Flush@OpenGLDrv@@YAXPAUlightmapBlock_t@1@@Z 00441af0 f   gl_lightmap.obj
 0001:00040b4d       ?LM_Done@OpenGLDrv@@YAXXZ  00441b4d f   gl_lightmap.obj
 0001:00040b74       ?LM_Save@OpenGLDrv@@YAXPAUlightmapBlock_t@1@@Z 00441b74 f   gl_lightmap.obj
 0001:00040b8c       ?LM_Restore@OpenGLDrv@@YAXPAUlightmapBlock_t@1@@Z 00441b8c f   gl_lightmap.obj
 0001:00040ba4       ?LM_NewBlock@OpenGLDrv@@YAPAUlightmapBlock_t@1@XZ 00441ba4 f   gl_lightmap.obj
 0001:00040c14       ?LM_Rewind@OpenGLDrv@@YAXXZ 00441c14 f   gl_lightmap.obj
 0001:00040c1c       ?LM_NextBlock@OpenGLDrv@@YAPAUlightmapBlock_t@1@XZ 00441c1c f   gl_lightmap.obj
 0001:00040c49       ?LM_CheckMinlight@OpenGLDrv@@YAXPAUdynamicLightmap_t@1@@Z 00441c49 f   gl_lightmap.obj
 0001:00040cdf       ?LM_AllocBlock@OpenGLDrv@@YA_NPAUlightmapBlock_t@1@PAUdynamicLightmap_t@1@@Z 00441cdf f   gl_lightmap.obj
 0001:00040d96       ?LM_PutBlock@OpenGLDrv@@YAXPAUdynamicLightmap_t@1@@Z 00441d96 f   gl_lightmap.obj
 0001:000411c3       ?LM_SortLightStyles@OpenGLDrv@@YAXPAUdynamicLightmap_t@1@@Z 004421c3 f   gl_lightmap.obj
 0001:00041254       ?UpdateDynamicLightmap@OpenGLDrv@@YAXPAVsurfacePlanar_t@1@_NI@Z 00442254 f   gl_lightmap.obj
 0001:00041756       ?LM_IsMonotone@OpenGLDrv@@YA_NPAUdynamicLightmap_t@1@PATcolor_t@@@Z 00442756 f   gl_lightmap.obj
 0001:0004185d       ?Init@OpenGLDrv@@YA_NXZ    0044285d f   gl_main.obj
 0001:00041ec3       ?Shutdown@OpenGLDrv@@YAX_N@Z 00442ec3 f   gl_main.obj
 0001:00041f4c       ?GL_EnableRendering@OpenGLDrv@@YAX_N@Z 00442f4c f   gl_main.obj
 0001:00041f67       ?BeginFrame@OpenGLDrv@@YAXXZ 00442f67 f   gl_main.obj
 0001:00042081       ?EndFrame@OpenGLDrv@@YAXXZ 00443081 f   gl_main.obj
 0001:00042099       ?RenderFrame@OpenGLDrv@@YAXPAUrefdef_t@@@Z 00443099 f   gl_main.obj
 0001:000428c3       ?Fill8@OpenGLDrv@@YAXHHHHH@Z 004438c3 f   gl_main.obj
 0001:00042906       ?Fill@OpenGLDrv@@YAXHHHHI@Z 00443906 f   gl_main.obj
 0001:00042942       ?TileClear@OpenGLDrv@@YAXHHHHPBD@Z 00443942 f   gl_main.obj
 0001:000429f9       ?DrawStretchPic@OpenGLDrv@@YAXHHHHPBD@Z 004439f9 f   gl_main.obj
 0001:00042a76       ?DrawDetailedPic@OpenGLDrv@@YAXHHHHPBD@Z 00443a76 f   gl_main.obj
 0001:00042b1d       ?DrawPic@OpenGLDrv@@YAXHHPBDHH@Z 00443b1d f   gl_main.obj
 0001:00042ba2       ?BeginRegistration@OpenGLDrv@@YAXPBD@Z 00443ba2 f   gl_main.obj
 0001:00042bc6       ?RegisterPic@OpenGLDrv@@YAPAVCBasicImage@@PBD@Z 00443bc6 f   gl_main.obj
 0001:00042bd4       ?RegisterSkin@OpenGLDrv@@YAPAVCBasicImage@@PBD@Z 00443bd4 f   gl_main.obj
 0001:00042bdf       ?RegisterModel@OpenGLDrv@@YAPAVCRenderModel@@PBD@Z 00443bdf f   gl_main.obj
 0001:00042bf3       ?SetSky@OpenGLDrv@@YAXPBDMQAM@Z 00443bf3 f   gl_main.obj
 0001:00042c99       ?Screenshot@OpenGLDrv@@YAXHPBD@Z 00443c99 f   gl_main.obj
 0001:00042cbc       ?GetClientLight@OpenGLDrv@@YAMXZ 00443cbc f   gl_main.obj
 0001:00042cc3       ?GetCaps@OpenGLDrv@@YAIXZ  00443cc3 f   gl_main.obj
 0001:00042cc9       ?InitFuncTables@OpenGLDrv@@YAXXZ 00443cc9 f   gl_math.obj
 0001:00042e7a       ?ModelToWorldCoord@OpenGLDrv@@YAXQAMPAUrefEntity_t@1@0@Z 00443e7a f   gl_math.obj
 0001:00042ee7       ?WorldToModelCoord@OpenGLDrv@@YAXQAMPAUrefEntity_t@1@0@Z 00443ee7 f   gl_math.obj
 0001:00042f2e       ?BuildRotationMatrix@OpenGLDrv@@YAXQAY02MQAMM@Z 00443f2e f   gl_math.obj
 0001:00043028       ?GetBoxRect@OpenGLDrv@@YA_NPAUrefEntity_t@1@QAM11_N@Z 00444028 f   gl_math.obj
 0001:0004339e       ?ProjectToScreen@OpenGLDrv@@YA_NQAMPAH@Z 0044439e f   gl_math.obj
 0001:000434e1       ?SaturateColor3f@OpenGLDrv@@YAXQAM@Z 004444e1 f   gl_math.obj
 0001:000435d1       ?SaturateColor4b@OpenGLDrv@@YAXPATcolor_t@@@Z 004445d1 f   gl_math.obj
 0001:000436df       ?FindModel@OpenGLDrv@@YAPAVmodel_t@1@PBD@Z 004446df f   gl_model.obj
 0001:0004382d       ?LoadWorldMap@OpenGLDrv@@YAXPBD@Z 0044482d f   gl_model.obj
 0001:0004532c       ?PointInLeaf@OpenGLDrv@@YAPAUnode_t@1@QAM@Z 0044632c f   gl_model.obj
 0001:00045ecb       ?ATAN2_FUNC@OpenGLDrv@@YAMMM@Z 00446ecb f i gl_model.obj
 0001:00046475       ?FindSkin@OpenGLDrv@@YAPAVshader_t@1@PBD@Z 00447475 f   gl_model.obj
 0001:0004664d       ?InitModels@OpenGLDrv@@YAXXZ 0044764d f   gl_model.obj
 0001:00046743       ?ShutdownModels@OpenGLDrv@@YAXXZ 00447743 f   gl_model.obj
 0001:00046754       ?CALL_CONSTRUCTOR@@YAXPAVinlineModel_t@OpenGLDrv@@@Z 00447754 f i gl_model.obj
 0001:0004676a       ?CALL_CONSTRUCTOR@@YAXPAVmd3Model_t@OpenGLDrv@@@Z 0044776a f i gl_model.obj
 0001:00046780       ?CALL_CONSTRUCTOR@@YAXPAVsp2Model_t@OpenGLDrv@@@Z 00447780 f i gl_model.obj
 0001:00046796       ?SubdividePlane@OpenGLDrv@@YAHPAPAY02MHM@Z 00447796 f   gl_poly.obj
 0001:00046be5       ?FreeSubdividedPlane@OpenGLDrv@@YAXXZ 00447be5 f   gl_poly.obj
 0001:00046bfd       ?GetSubdivideIndexes@OpenGLDrv@@YAXPAH@Z 00447bfd f   gl_poly.obj
 0001:00046c50       ?RemoveCollinearPoints@OpenGLDrv@@YAHPAPAY02MH@Z 00447c50 f   gl_poly.obj
 0001:00046d4b       ?GetPolyArea@OpenGLDrv@@YAMPAPAY02MH@Z 00447d4b f   gl_poly.obj
 0001:00046ddf       ?InitShaders@OpenGLDrv@@YAXXZ 00447ddf f   gl_shader.obj
 0001:00046f36       ?ShutdownShaders@OpenGLDrv@@YAXXZ 00447f36 f   gl_shader.obj
 0001:00046f70       ?GetLightmapImage@OpenGLDrv@@YAPAVimage_t@1@H@Z 00447f70 f   gl_shader.obj
 0001:00046f98       ?SetShaderLightmap@OpenGLDrv@@YAPAVshader_t@1@PAV21@H@Z 00447f98 f   gl_shader.obj
 0001:000472bd       ??4shader_t@OpenGLDrv@@QAEAAV01@ABV01@@Z 004482bd f i gl_shader.obj
 0001:000473f4       ??4CBasicImage@@QAEAAV0@ABV0@@Z 004483f4 f i gl_shader.obj
 0001:000474fc       ?SetShaderLightstyles@OpenGLDrv@@YAPAVshader_t@1@PAV21@I@Z 004484fc f   gl_shader.obj
 0001:0004759a       ?GetAlphaShader@OpenGLDrv@@YAPAVshader_t@1@PAV21@@Z 0044859a f   gl_shader.obj
 0001:0004785d       ?FindShader@OpenGLDrv@@YAPAVshader_t@1@PBDI@Z 0044885d f   gl_shader.obj
 0001:00047e76       ?GetShaderByNum@OpenGLDrv@@YAPAVshader_t@1@H@Z 00448e76 f   gl_shader.obj
 0001:00047e94       ?ResetShaders@OpenGLDrv@@YAXXZ 00448e94 f   gl_shader.obj
 0001:00048366       ?Reload@shader_t@OpenGLDrv@@UAEXXZ 00449366 f   gl_shader.obj
 0001:00048391       ?ClearSkyBox@OpenGLDrv@@YAXXZ 00449391 f   gl_sky.obj
 0001:000483a8       ?SetSkyRotate@OpenGLDrv@@YAXMQAM@Z 004493a8 f   gl_sky.obj
 0001:000483e0       ?SkyVisible@OpenGLDrv@@YA_NXZ 004493e0 f   gl_sky.obj
 0001:000483f9       ?AddSkySurface@OpenGLDrv@@YAXPAVsurfacePlanar_t@1@QAME@Z 004493f9 f   gl_sky.obj
 0001:000489f8       ?TesselateSkySide@OpenGLDrv@@YAHHPAUbufVertex_t@1@PAUbufTexCoord_t@1@M@Z 004499f8 f   gl_sky.obj
 0001:00048cbd       ?DrawChar@OpenGLDrv@@YAXHHHH@Z 00449cbd f   gl_text.obj
 0001:00048cea       ?DrawConChar@OpenGLDrv@@YAXHHHH@Z 00449cea f   gl_text.obj
 0001:00048d1f       ?ClearTexts@OpenGLDrv@@YAXXZ 00449d1f f   gl_text.obj
 0001:00048d34       ?FlushTexts@OpenGLDrv@@YAXXZ 00449d34 f   gl_text.obj
 0001:00048dc6       ?DrawTextPos@OpenGLDrv@@YAXHHPBDI@Z 00449dc6 f   gl_text.obj
 0001:00048ead       ?DrawTextLeft@OpenGLDrv@@YAXPBDI@Z 00449ead f   gl_text.obj
 0001:00048f34       ?DrawTextRight@OpenGLDrv@@YAXPBDI@Z 00449f34 f   gl_text.obj
 0001:00048f7e       ?DrawText3D@OpenGLDrv@@YAXQAMPBDI@Z 00449f7e f   gl_text.obj
 0001:00048fab       ?InitTexts@OpenGLDrv@@YAXXZ 00449fab f   gl_text.obj
 0001:0004a5ba       ?QGL_Init@OpenGLDrv@@YA_NPBD@Z 0044b5ba f   qgl_win.obj
 0001:0004a69c       ?QGL_Shutdown@OpenGLDrv@@YAXXZ 0044b69c f   qgl_win.obj
 0001:0004a6da       ?QGL_InitExtensions@OpenGLDrv@@YAXXZ 0044b6da f   qgl_win.obj
 0001:0004abc6       ?QGL_PrintExtensionsString@OpenGLDrv@@YAXPBD00@Z 0044bbc6 f   qgl_win.obj
 0001:0004ad13       ?QGL_EnableLogging@OpenGLDrv@@YAX_N@Z 0044bd13 f   qgl_win.obj
 0001:0004adcd       ?QGL_LogMessage@OpenGLDrv@@YAXPBD@Z 0044bdcd f   qgl_win.obj
 0001:0004ade4       ?QGL_SwapBuffers@OpenGLDrv@@YAXXZ 0044bde4 f   qgl_win.obj
 0001:0004ae3b       ?GLimp_HasGamma@OpenGLDrv@@YA_NXZ 0044be3b f   gl_win.obj
 0001:0004ae4f       ?GLimp_SetGamma@OpenGLDrv@@YAXM@Z 0044be4f f   gl_win.obj
 0001:0004aff7       ?GLimp_SetMode@OpenGLDrv@@YA_NPAI0H_N@Z 0044bff7 f   gl_win.obj
 0001:0004b3ed       ?GLimp_Shutdown@OpenGLDrv@@YAX_N@Z 0044c3ed f   gl_win.obj
 0001:0004b49a       ?AppActivate@OpenGLDrv@@YAX_N@Z 0044c49a f   gl_win.obj
 0001:0004b50a       _jpeg_CreateDecompress     0044c50a f   lib:jdapimin.obj
 0001:0004b5ca       _jpeg_read_header          0044c5ca f   lib:jdapimin.obj
 0001:0004b62c       _jpeg_consume_input        0044c62c f   lib:jdapimin.obj
 0001:0004b87b       _jpeg_finish_decompress    0044c87b f   lib:jdapimin.obj
 0001:0004b912       _jpeg_start_decompress     0044c912 f   lib:jdapistd.obj
 0001:0004ba7f       _jpeg_read_scanlines       0044ca7f f   lib:jdapistd.obj
 0001:0004bb03       _jpeg_resync_to_restart    0044cb03 f   lib:jdmarker.obj
 0001:0004bcc8       _jinit_marker_reader       0044ccc8 f   lib:jdmarker.obj
 0001:0004d193       _jpeg_CreateCompress       0044e193 f   lib:jcapimin.obj
 0001:0004d247       _jpeg_destroy_decompress   0044e247 f   lib:jcapimin.obj
 0001:0004d247       _jpeg_destroy_compress     0044e247 f   lib:jcapimin.obj
 0001:0004d252       _jpeg_suppress_tables      0044e252 f   lib:jcapimin.obj
 0001:0004d29c       _jpeg_finish_compress      0044e29c f   lib:jcapimin.obj
 0001:0004d386       _jpeg_start_compress       0044e386 f   lib:jcapistd.obj
 0001:0004d3f2       _jpeg_write_scanlines      0044e3f2 f   lib:jcapistd.obj
 0001:0004d49d       _jpeg_add_quant_table      0044e49d f   lib:jcparam.obj
 0001:0004d54f       _jpeg_quality_scaling      0044e54f f   lib:jcparam.obj
 0001:0004d576       _jpeg_set_quality          0044e576 f   lib:jcparam.obj
 0001:0004d5b0       _jpeg_set_defaults         0044e5b0 f   lib:jcparam.obj
 0001:0004d776       _jpeg_default_colorspace   0044e776 f   lib:jcparam.obj
 0001:0004d7c6       _jpeg_set_colorspace       0044e7c6 f   lib:jcparam.obj
 0001:0004dae1       _jpeg_stdio_dest           0044eae1 f   lib:jdatadst.obj
 0001:0004dd01       _crc32                     0044ed01 f   lib:crc32.obj
 0001:0004df9b       _inflateReset              0044ef9b f   lib:inflate.obj
 0001:0004dfe9       _inflateInit2_             0044efe9 f   lib:inflate.obj
 0001:0004e0a2       _inflate                   0044f0a2 f   lib:inflate.obj
 0001:0004f377       _inflateEnd                00450377 f   lib:inflate.obj
 0001:0004f3b5       _jinit_input_controller    004503b5 f   lib:jdinput.obj
 0001:0004f898       _jinit_memory_mgr          00450898 f   lib:jmemmgr.obj
 0001:000503d4       _jpeg_abort                004513d4 f   lib:jcomapi.obj
 0001:00050407       _jpeg_destroy              00451407 f   lib:jcomapi.obj
 0001:00050422       _jpeg_alloc_quant_table    00451422 f   lib:jcomapi.obj
 0001:0005043e       _jpeg_alloc_huff_table     0045143e f   lib:jcomapi.obj
 0001:0005045a       _jpeg_calc_output_dimensions 0045145a f   lib:jdmaster.obj
 0001:0005055a       _jinit_master_decompress   0045155a f   lib:jdmaster.obj
 0001:000508b0       _jdiv_round_up             004518b0 f   lib:jutils.obj
 0001:000508c0       _jround_up                 004518c0 f   lib:jutils.obj
 0001:000508d8       _jcopy_sample_rows         004518d8 f   lib:jutils.obj
 0001:00050916       _jcopy_block_row           00451916 f   lib:jutils.obj
 0001:0005092f       _jzero_far                 0045192f f   lib:jutils.obj
 0001:00050942       _jinit_marker_writer       00451942 f   lib:jcmarker.obj
 0001:0005121e       _jinit_compress_master     0045221e f   lib:jcinit.obj
 0001:00051277       _inflate_fast              00452277 f   lib:inffast.obj
 0001:0005162c       _inflate_table             0045262c f   lib:inftrees.obj
 0001:000519e0       _adler32                   004529e0 f   lib:adler32.obj
 0001:00051af9       _jinit_c_codec             00452af9 f   lib:jcodec.obj
 0001:00051b15       _jinit_d_codec             00452b15 f   lib:jcodec.obj
 0001:00051b31       _jpeg_get_large            00452b31 f   lib:jmemnobs.obj
 0001:00051b31       _jpeg_get_small            00452b31 f   lib:jmemnobs.obj
 0001:00051b3d       _jpeg_free_large           00452b3d f   lib:jmemnobs.obj
 0001:00051b3d       _jpeg_free_small           00452b3d f   lib:jmemnobs.obj
 0001:00051b49       _jpeg_mem_available        00452b49 f   lib:jmemnobs.obj
 0001:00051b4e       _jpeg_open_backing_store   00452b4e f   lib:jmemnobs.obj
 0001:00051b62       _jinit_d_main_controller   00452b62 f   lib:jdmainct.obj
 0001:000521ad       _jinit_d_post_controller   004531ad f   lib:jdpostct.obj
 0001:00052458       _jinit_upsampler           00453458 f   lib:jdsample.obj
 0001:00052a96       _jinit_color_deconverter   00453a96 f   lib:jdcolor.obj
 0001:00052fac       _jinit_merged_upsampler    00453fac f   lib:jdmerge.obj
 0001:000534fc       _jinit_2pass_quantizer     004544fc f   lib:jquant2.obj
 0001:000545bf       _jinit_1pass_quantizer     004555bf f   lib:jquant1.obj
 0001:00054fe5       _jinit_c_main_controller   00455fe5 f   lib:jcmainct.obj
 0001:00055152       _jinit_c_prep_controller   00456152 f   lib:jcprepct.obj
 0001:0005569d       _jinit_downsampler         0045669d f   lib:jcsample.obj
 0001:00055f1d       _jinit_color_converter     00456f1d f   lib:jccolor.obj
 0001:00056507       _jinit_c_master_control    00457507 f   lib:jcmaster.obj
 0001:00056ff6       _jinit_lossy_c_codec       00457ff6 f   lib:jclossy.obj
 0001:00057091       _jinit_lossless_c_codec    00458091 f   lib:jclossls.obj
 0001:00057129       _jinit_lossy_d_codec       00458129 f   lib:jdlossy.obj
 0001:000573fc       _jinit_lossless_d_codec    004583fc f   lib:jdlossls.obj
 0001:000574ac       _jinit_c_coef_controller   004584ac f   lib:jccoefct.obj
 0001:00057b8d       _jinit_shuff_encoder       00458b8d f   lib:jcshuff.obj
 0001:000583f5       _jinit_phuff_encoder       004593f5 f   lib:jcphuff.obj
 0001:00058e9a       _jinit_forward_dct         00459e9a f   lib:jcdctmgr.obj
 0001:00059169       _jinit_c_diff_controller   0045a169 f   lib:jcdiffct.obj
 0001:0005968d       _jinit_lhuff_encoder       0045a68d f   lib:jclhuff.obj
 0001:00059dba       _jinit_differencer         0045adba f   lib:jcpred.obj
 0001:0005a2d4       _jinit_c_scaler            0045b2d4 f   lib:jcscale.obj
 0001:0005a34a       _jinit_d_coef_controller   0045b34a f   lib:jdcoefct.obj
 0001:0005b026       _jinit_shuff_decoder       0045c026 f   lib:jdshuff.obj
 0001:0005b5bb       _jinit_phuff_decoder       0045c5bb f   lib:jdphuff.obj
 0001:0005c158       _jinit_inverse_dct         0045d158 f   lib:jddctmgr.obj
 0001:0005c33c       _jinit_d_diff_controller   0045d33c f   lib:jddiffct.obj
 0001:0005c86a       _jinit_d_scaler            0045d86a f   lib:jdscale.obj
 0001:0005c969       _jinit_undifferencer       0045d969 f   lib:jdpred.obj
 0001:0005cd23       _jinit_lhuff_decoder       0045dd23 f   lib:jdlhuff.obj
 0001:0005d118       _jpeg_make_c_derived_tbl   0045e118 f   lib:jchuff.obj
 0001:0005d31a       _jpeg_gen_optimal_table    0045e31a f   lib:jchuff.obj
 0001:0005d4d9       _jpeg_fdct_float           0045e4d9 f   lib:jfdctflt.obj
 0001:0005d6de       _jpeg_make_d_derived_tbl   0045e6de f   lib:jdhuff.obj
 0001:0005d97b       _jpeg_fill_bit_buffer      0045e97b f   lib:jdhuff.obj
 0001:0005da8a       _jpeg_huff_decode          0045ea8a f   lib:jdhuff.obj
 0001:0005db6a       _jpeg_idct_4x4             0045eb6a f   lib:jidctred.obj
 0001:0005de58       _jpeg_idct_2x2             0045ee58 f   lib:jidctred.obj
 0001:0005e01a       _jpeg_idct_1x1             0045f01a f   lib:jidctred.obj
 0001:0005e056       _jpeg_idct_float           0045f056 f   lib:jidctflt.obj
 0001:0005e430       __except_handler3          0045f430 f   MSVCRT:MSVCRT.dll
 0001:0005e440       __chkstk                   0045f440 f   MSVCRT:chkstk.obj
 0001:0005e440       __alloca_probe             0045f440 f   MSVCRT:chkstk.obj
 0001:0005e46f       ??_Etype_info@@UAEPAXI@Z   0045f46f f i MSVCRT:ti_inst.obj
 0001:0005e46f       ??_Gtype_info@@UAEPAXI@Z   0045f46f f i MSVCRT:ti_inst.obj
 0001:0005e48c       __CxxThrowException@8      0045f48c f   MSVCRT:MSVCRT.dll
 0001:0005e492       _strcpy                    0045f492 f   MSVCRT:MSVCRT.dll
 0001:0005e498       _strlen                    0045f498 f   MSVCRT:MSVCRT.dll
 0001:0005e49e       _strcmp                    0045f49e f   MSVCRT:MSVCRT.dll
 0001:0005e4a4       _sin                       0045f4a4 f   MSVCRT:MSVCRT.dll
 0001:0005e4aa       _tan                       0045f4aa f   MSVCRT:MSVCRT.dll
 0001:0005e4b0       _cos                       0045f4b0 f   MSVCRT:MSVCRT.dll
 0001:0005e4b6       _strcat                    0045f4b6 f   MSVCRT:MSVCRT.dll
 0001:0005e4bc       _fmod                      0045f4bc f   MSVCRT:MSVCRT.dll
 0001:0005e4c2       _atan2                     0045f4c2 f   MSVCRT:MSVCRT.dll
 0001:0005e4c8       _acos                      0045f4c8 f   MSVCRT:MSVCRT.dll
 0001:0005e4ce       _sqrt                      0045f4ce f   MSVCRT:MSVCRT.dll
 0001:0005e4d4       _atan                      0045f4d4 f   MSVCRT:MSVCRT.dll
 0001:0005e4da       _memcpy                    0045f4da f   MSVCRT:MSVCRT.dll
 0001:0005e4e0       _memset                    0045f4e0 f   MSVCRT:MSVCRT.dll
 0001:0005e4e6       _pow                       0045f4e6 f   MSVCRT:MSVCRT.dll
 0001:0005e4ec       _asin                      0045f4ec f   MSVCRT:MSVCRT.dll
 0001:0005e4f2       __purecall                 0045f4f2 f   MSVCRT:MSVCRT.dll
 0001:0005e4f8       _WinMainCRTStartup         0045f4f8 f   MSVCRT:crtexew.obj
 0001:0005e656       __ftol                     0045f656 f   MSVCRT:MSVCRT.dll
 0001:0005e65c       ??1type_info@@UAE@XZ       0045f65c f   MSVCRT:MSVCRT.dll
 0001:0005e662       __XcptFilter               0045f662 f   MSVCRT:MSVCRT.dll
 0001:0005e668       __initterm                 0045f668 f   MSVCRT:MSVCRT.dll
 0001:0005e66e       __setdefaultprecision      0045f66e f   MSVCRT:fp8.obj
 0001:0005e680       _jpeg_mem_init             0045f680 f   MSVCRT:merr.obj
 0001:0005e680       __matherr                  0045f680 f   MSVCRT:merr.obj
 0001:0005e683       _jpeg_mem_term             0045f683 f   MSVCRT:dllargv.obj
 0001:0005e683       __setargv                  0045f683 f   MSVCRT:dllargv.obj
 0001:0005e683       ?EndRegistration@OpenGLDrv@@YAXXZ 0045f683 f   MSVCRT:dllargv.obj
 0001:0005e684       __controlfp                0045f684 f   MSVCRT:MSVCRT.dll
 0002:00000000       __imp__SwapBuffers@4       00460000     gdi32:GDI32.dll
 0002:00000004       __imp__SetPixelFormat@12   00460004     gdi32:GDI32.dll
 0002:00000008       __imp__DescribePixelFormat@16 00460008     gdi32:GDI32.dll
 0002:0000000c       __imp__ChoosePixelFormat@8 0046000c     gdi32:GDI32.dll
 0002:00000010       __imp__SetDeviceGammaRamp@8 00460010     gdi32:GDI32.dll
 0002:00000014       __imp__GetDeviceGammaRamp@8 00460014     gdi32:GDI32.dll
 0002:00000018       __imp__GetDeviceCaps@8     00460018     gdi32:GDI32.dll
 0002:0000001c       \177GDI32_NULL_THUNK_DATA  0046001c     gdi32:GDI32.dll
 0002:00000020       __imp__GetDriveTypeA@4     00460020     kernel32:KERNEL32.dll
[...]
 0001:0005c4da       _start_iMCU_row            0045d4da f   lib:jddiffct.obj
 0001:0005c51f       _start_output_pass         0045d51f f   lib:jddiffct.obj
 0001:0005c52b       _decompress_data           0045d52b f   lib:jddiffct.obj
 0001:0005c69b       _process_restart           0045d69b f   lib:jddiffct.obj
 0001:0005a6bb       _dummy_consume_data        0045b6bb f   lib:jdcoefct.obj
 0001:0005c6d0       _consume_data              0045d6d0 f   lib:jddiffct.obj
 0001:0005c747       _output_data               0045d747 f   lib:jddiffct.obj
 0001:0005c1ce       _start_pass                0045d1ce f   lib:jddctmgr.obj
 0001:0005b620       _start_pass_phuff_decoder  0045c620 f   lib:jdphuff.obj
 0001:0005b869       _decode_mcu_DC_first       0045c869 f   lib:jdphuff.obj
 0001:0005ba61       _process_restart           0045ca61 f   lib:jdphuff.obj
 0001:0005bad0       _decode_mcu_AC_first       0045cad0 f   lib:jdphuff.obj
 0001:0005bcf0       _decode_mcu_DC_refine      0045ccf0 f   lib:jdphuff.obj
 0001:0005bdc5       _decode_mcu_AC_refine      0045cdc5 f   lib:jdphuff.obj
 0001:0005b067       _start_pass_huff_decoder   0045c067 f   lib:jdshuff.obj
 0001:0005b19f       _decode_mcu                0045c19f f   lib:jdshuff.obj
 0001:0005b54f       _process_restart           0045c54f f   lib:jdshuff.obj
 0001:0005a44d       _start_input_pass          0045b44d f   lib:jdcoefct.obj
 0001:0005a460       _start_iMCU_row            0045b460 f   lib:jdcoefct.obj
 0001:0005a4a5       _start_output_pass         0045b4a5 f   lib:jdcoefct.obj
 0001:0005a4e2       _decompress_onepass        0045b4e2 f   lib:jdcoefct.obj
 0001:0005a6bb       _dummy_consume_data        0045b6bb f   lib:jdcoefct.obj
 0001:0005a6be       _consume_data              0045b6be f   lib:jdcoefct.obj
 0001:0005a877       _decompress_data           0045b877 f   lib:jdcoefct.obj
 0001:0005a9e3       _smoothing_ok              0045b9e3 f   lib:jdcoefct.obj
 0001:0005aace       _decompress_smooth_data    0045bace f   lib:jdcoefct.obj
 0001:0005a2e6       _scaler_start_pass         0045b2e6 f   lib:jcscale.obj
 0001:0005a309       _simple_downscale          0045b309 f   lib:jcscale.obj
 0001:0005a335       _noscale                   0045b335 f   lib:jcscale.obj
 0001:00059dde       _start_pass                0045adde f   lib:jcpred.obj
 0001:00059e36       _reset_predictor           0045ae36 f   lib:jcpred.obj
 0001:00059e63       _jpeg_difference_first_row 0045ae63 f   lib:jcpred.obj
 0001:00059f4d       _jpeg_difference1          0045af4d f   lib:jcpred.obj
 0001:00059fbb       _jpeg_difference2          0045afbb f   lib:jcpred.obj
 0001:0005a02c       _jpeg_difference3          0045b02c f   lib:jcpred.obj
 0001:0005a0a4       _jpeg_difference4          0045b0a4 f   lib:jcpred.obj
 0001:0005a12f       _jpeg_difference5          0045b12f f   lib:jcpred.obj
 0001:0005a1c2       _jpeg_difference6          0045b1c2 f   lib:jcpred.obj
 0001:0005a251       _jpeg_difference7          0045b251 f   lib:jcpred.obj
 0001:000596cd       _start_pass_huff           0045a6cd f   lib:jclhuff.obj
 0001:0005986a       _encode_mcus_huff          0045a86a f   lib:jclhuff.obj
 0001:00059a55       _emit_bits                 0045aa55 f   lib:jclhuff.obj
 0001:00059af8       _dump_buffer               0045aaf8 f   lib:jclhuff.obj
 0001:00059b1c       _emit_restart              0045ab1c f   lib:jclhuff.obj
 0001:00059b67       _flush_bits                0045ab67 f   lib:jclhuff.obj
 0001:00059b8b       _finish_pass_huff          0045ab8b f   lib:jclhuff.obj
 0001:00059bf8       _encode_mcus_gather        0045abf8 f   lib:jclhuff.obj
 0001:00059d21       _finish_pass_gather        0045ad21 f   lib:jclhuff.obj
 0001:00059db7       _need_optimization_pass    0045adb7 f   lib:jclhuff.obj
 0001:000592ed       _start_pass_diff           0045a2ed f   lib:jcdiffct.obj
 0001:000575f6       _start_iMCU_row            004585f6 f   lib:jccoefct.obj
 0001:0005938b       _compress_data             0045a38b f   lib:jcdiffct.obj
 0001:00059521       _compress_first_pass       0045a521 f   lib:jcdiffct.obj
 0001:00059616       _compress_output           0045a616 f   lib:jcdiffct.obj
 0001:00058f00       _start_pass_fdctmgr        00459f00 f   lib:jcdctmgr.obj
 0001:00059002       _forward_DCT_float         0045a002 f   lib:jcdctmgr.obj
 0001:00058435       _start_pass_phuff          00459435 f   lib:jcphuff.obj
 0001:000585a2       _encode_mcu_DC_first       004595a2 f   lib:jcphuff.obj
 0001:000586d4       _emit_bits                 004596d4 f   lib:jcphuff.obj
 0001:0005877f       _dump_buffer               0045977f f   lib:jcphuff.obj
 0001:000587b7       _emit_symbol               004597b7 f   lib:jcphuff.obj
 0001:000587f7       _emit_restart              004597f7 f   lib:jcphuff.obj
 0001:00058880       _emit_eobrun               00459880 f   lib:jcphuff.obj
 0001:00058906       _encode_mcu_AC_first       00459906 f   lib:jcphuff.obj
 0001:00058a9a       _encode_mcu_DC_refine      00459a9a f   lib:jcphuff.obj
 0001:00058b54       _encode_mcu_AC_refine      00459b54 f   lib:jcphuff.obj
 0001:00058d6b       _finish_pass_phuff         00459d6b f   lib:jcphuff.obj
 0001:00058dba       _finish_pass_gather_phuff  00459dba f   lib:jcphuff.obj
 0001:00058e7d       _need_optimization_pass    00459e7d f   lib:jcphuff.obj
 0001:00057bd0       _start_pass_huff           00458bd0 f   lib:jcshuff.obj
 0001:00057d45       _encode_mcu_huff           00458d45 f   lib:jcshuff.obj
 0001:00057e50       _encode_one_block          00458e50 f   lib:jcshuff.obj
 0001:00057fc7       _emit_bits                 00458fc7 f   lib:jcshuff.obj
 0001:0005806a       _dump_buffer               0045906a f   lib:jcshuff.obj
 0001:0005808e       _emit_restart              0045908e f   lib:jcshuff.obj
 0001:000580fb       _flush_bits                004590fb f   lib:jcshuff.obj
 0001:0005811f       _finish_pass_huff          0045911f f   lib:jcshuff.obj
 0001:0005818e       _encode_mcu_gather         0045918e f   lib:jcshuff.obj
 0001:00058244       _htest_one_block           00459244 f   lib:jcshuff.obj
 0001:0005830b       _finish_pass_gather        0045930b f   lib:jcshuff.obj
 0001:00059db7       _need_optimization_pass    0045adb7 f   lib:jclhuff.obj
 0001:00057561       _start_pass_coef           00458561 f   lib:jccoefct.obj
 0001:000575f6       _start_iMCU_row            004585f6 f   lib:jccoefct.obj
 0001:00057638       _compress_data             00458638 f   lib:jccoefct.obj
 0001:0005781f       _compress_first_pass       0045881f f   lib:jccoefct.obj
 0001:00057a05       _compress_output           00458a05 f   lib:jccoefct.obj
 0001:00057479       _calc_output_dimensions    00458479 f   lib:jdlossls.obj
 0001:0005748a       _start_input_pass          0045848a f   lib:jdlossls.obj
 0001:000571b8       _calc_output_dimensions    004581b8 f   lib:jdlossy.obj
 0001:0005732b       _start_input_pass          0045832b f   lib:jdlossy.obj
 0001:0005734b       _latch_quant_tables        0045834b f   lib:jdlossy.obj
 0001:000573e3       _start_output_pass         004583e3 f   lib:jdlossy.obj
 0001:00057107       _start_pass                00458107 f   lib:jclossls.obj
 0001:00057073       _start_pass                00458073 f   lib:jclossy.obj
 0001:000565c8       _initial_setup             004575c8 f   lib:jcmaster.obj
 0001:0005677b       _validate_script           0045777b f   lib:jcmaster.obj
 0001:00056b53       _prepare_for_pass          00457b53 f   lib:jcmaster.obj
 0001:00056ccb       _select_scan_parameters    00457ccb f   lib:jcmaster.obj
 0001:00056dcc       _per_scan_setup            00457dcc f   lib:jcmaster.obj
 0001:00056f77       _pass_startup              00457f77 f   lib:jcmaster.obj
 0001:00056f9e       _finish_pass_master        00457f9e f   lib:jcmaster.obj
 0001:000560b4       _rgb_ycc_start             004570b4 f   lib:jccolor.obj
 0001:00056178       _rgb_ycc_convert           00457178 f   lib:jccolor.obj
 0001:00056277       _rgb_gray_convert          00457277 f   lib:jccolor.obj
 0001:000562fc       _cmyk_ycck_convert         004572fc f   lib:jccolor.obj
 0001:00056434       _grayscale_convert         00457434 f   lib:jccolor.obj
 0001:0005648e       _null_convert              0045748e f   lib:jccolor.obj
 0001:0001e75f       _null_method               0041f75f f   sv_game.obj
 0001:0001e75f       _start_pass_downsample     0041f75f f   sv_game.obj
 0001:00055800       _sep_downsample            00456800 f   lib:jcsample.obj
 0001:00055875       _int_downsample            00456875 f   lib:jcsample.obj
 0001:0005596d       _expand_right_edge         0045696d f   lib:jcsample.obj
 0001:000559c2       _fullsize_downsample       004569c2 f   lib:jcsample.obj
 0001:00055a06       _h2v1_downsample           00456a06 f   lib:jcsample.obj
 0001:00055a9a       _h2v2_downsample           00456a9a f   lib:jcsample.obj
 0001:00055b47       _h2v2_smooth_downsample    00456b47 f   lib:jcsample.obj
 0001:00055dbf       _fullsize_smooth_downsample 00456dbf f   lib:jcsample.obj
 0001:000551fc       _start_pass_prep           004561fc f   lib:jcprepct.obj
 0001:0005523a       _pre_process_data          0045623a f   lib:jcprepct.obj
 0001:000553e8       _pre_process_context       004563e8 f   lib:jcprepct.obj
 0001:000555a1       _create_context_buffer     004565a1 f   lib:jcprepct.obj
 0001:00055074       _start_pass_main           00456074 f   lib:jcmainct.obj
 0001:000550b6       _process_data_simple_main  004560b6 f   lib:jcmainct.obj
 0001:0005464a       _create_colormap           0045564a f   lib:jquant1.obj
 0001:0005477c       _select_ncolors            0045577c f   lib:jquant1.obj
 0001:00054853       _create_colorindex         00455853 f   lib:jquant1.obj
 0001:0005497f       _alloc_fs_workspace        0045597f f   lib:jquant1.obj
 0001:000549bb       _start_pass_1_quant        004559bb f   lib:jquant1.obj
 0001:00054a87       _create_odither_tables     00455a87 f   lib:jquant1.obj
 0001:00054ae6       _make_odither_array        00455ae6 f   lib:jquant1.obj
 0001:00054b49       _color_quantize            00455b49 f   lib:jquant1.obj
 0001:00054bd4       _color_quantize3           00455bd4 f   lib:jquant1.obj
 0001:00054c62       _quantize_ord_dither       00455c62 f   lib:jquant1.obj
 0001:00054d4d       _quantize3_ord_dither      00455d4d f   lib:jquant1.obj
 0001:00054e4d       _quantize_fs_dither        00455e4d f   lib:jquant1.obj
 0001:0001e75f       _finish_pass_1_quant       0041f75f f   sv_game.obj
 0001:00054fd1       _new_color_map_1_quant     00455fd1 f   lib:jquant1.obj
 0001:0005360b       _init_error_limit          0045460b f   lib:jquant2.obj
 0001:000536aa       _start_pass_2_quant        004546aa f   lib:jquant2.obj
 0001:000537ac       _prescan_quantize          004547ac f   lib:jquant2.obj
 0001:0005381b       _pass2_no_dither           0045481b f   lib:jquant2.obj
 0001:000538c8       _fill_inverse_cmap         004548c8 f   lib:jquant2.obj
 0001:00053993       _find_nearby_colors        00454993 f   lib:jquant2.obj
 0001:00053b37       _find_best_colors          00454b37 f   lib:jquant2.obj
 0001:00053c51       _pass2_fs_dither           00454c51 f   lib:jquant2.obj
 0001:00053ec0       _finish_pass1              00454ec0 f   lib:jquant2.obj
 0001:00053ee2       _select_colors             00454ee2 f   lib:jquant2.obj
 0001:00053f6e       _update_box                00454f6e f   lib:jquant2.obj
 0001:00054308       _median_cut                00455308 f   lib:jquant2.obj
 0001:0005441c       _find_biggest_color_pop    0045541c f   lib:jquant2.obj
 0001:0005444b       _find_biggest_volume       0045544b f   lib:jquant2.obj
 0001:00054474       _compute_color             00455474 f   lib:jquant2.obj
 0001:0001e75f       _finish_pass2              0041f75f f   sv_game.obj
 0001:000545b0       _new_color_map_2_quant     004555b0 f   lib:jquant2.obj
 0001:00053022       _build_ycc_rgb_table       00454022 f   lib:jdmerge.obj
 0001:000530d2       _start_pass_merged_upsample 004540d2 f   lib:jdmerge.obj
 0001:000530e7       _merged_2v_upsample        004540e7 f   lib:jdmerge.obj
 0001:0005318e       _merged_1v_upsample        0045418e f   lib:jdmerge.obj
 0001:000531bf       _h2v1_merged_upsample      004541bf f   lib:jdmerge.obj
 0001:00053315       _h2v2_merged_upsample      00454315 f   lib:jdmerge.obj
 0001:00052bc6       _build_ycc_rgb_table       00453bc6 f   lib:jdcolor.obj
 0001:00052c76       _ycc_rgb_convert           00453c76 f   lib:jdcolor.obj
 0001:00052d84       _null_convert              00453d84 f   lib:jdcolor.obj
 0001:00052dfc       _grayscale_convert         00453dfc f   lib:jdcolor.obj
 0001:00052e1f       _gray_rgb_convert          00453e1f f   lib:jdcolor.obj
 0001:00052e78       _ycck_cmyk_convert         00453e78 f   lib:jdcolor.obj
 0001:0001e75f       _start_pass_dcolor         0041f75f f   sv_game.obj
 0001:00052627       _start_pass_upsample       00453627 f   lib:jdsample.obj
 0001:00052641       _sep_upsample              00453641 f   lib:jdsample.obj
 0001:0005270e       _fullsize_upsample         0045370e f   lib:jdsample.obj
 0001:00052719       _noop_upsample             00453719 f   lib:jdsample.obj
 0001:00052721       _int_upsample              00453721 f   lib:jdsample.obj
 0001:0005280b       _h2v1_upsample             0045380b f   lib:jdsample.obj
 0001:00052862       _h2v2_upsample             00453862 f   lib:jdsample.obj
 0001:000528d4       _h2v1_fancy_upsample       004538d4 f   lib:jdsample.obj
 0001:00052977       _h2v2_fancy_upsample       00453977 f   lib:jdsample.obj
 0001:00052230       _start_pass_dpost          00453230 f   lib:jdpostct.obj
 0001:000522d6       _post_process_1pass        004532d6 f   lib:jdpostct.obj
 0001:0005233b       _post_process_prepass      0045333b f   lib:jdpostct.obj
 0001:000523cc       _post_process_2pass        004533cc f   lib:jdpostct.obj
 0001:00051c37       _alloc_funny_pointers      00452c37 f   lib:jdmainct.obj
 0001:00051ce4       _start_pass_main           00452ce4 f   lib:jdmainct.obj
 0001:00051d4c       _make_funny_pointers       00452d4c f   lib:jdmainct.obj
 0001:00051e8c       _process_data_simple_main  00452e8c f   lib:jdmainct.obj
 0001:00051ef4       _process_data_context_main 00452ef4 f   lib:jdmainct.obj
 0001:00052006       _set_wraparound_pointers   00453006 f   lib:jdmainct.obj
 0001:000520f0       _set_bottom_pointers       004530f0 f   lib:jdmainct.obj
 0001:0005218a       _process_data_crank_post   0045318a f   lib:jdmainct.obj
 0001:00050990       _write_marker_header       00451990 f   lib:jcmarker.obj
 0001:000509e6       _emit_byte                 004519e6 f   lib:jcmarker.obj
 0001:00050a17       _write_marker_byte         00451a17 f   lib:jcmarker.obj
 0001:00050a27       _write_file_header         00451a27 f   lib:jcmarker.obj
 0001:00050a73       _emit_jfif_app0            00451a73 f   lib:jcmarker.obj
 0001:00050b46       _emit_adobe_app14          00451b46 f   lib:jcmarker.obj
 0001:00050bec       _write_frame_header        00451bec f   lib:jcmarker.obj
 0001:00050ccb       _emit_dqt                  00451ccb f   lib:jcmarker.obj
 0001:00050dba       _emit_sof                  00451dba f   lib:jcmarker.obj
 0001:00050e96       _write_scan_header         00451e96 f   lib:jcmarker.obj
 0001:00050f56       _emit_dht                  00451f56 f   lib:jcmarker.obj
 0001:0005102f       _emit_dri                  0045202f f   lib:jcmarker.obj
 0001:0005107e       _emit_sos                  0045207e f   lib:jcmarker.obj
 0001:0005116c       _write_file_trailer        0045216c f   lib:jcmarker.obj
 0001:0005118c       _write_tables_only         0045218c f   lib:jcmarker.obj
 0001:000504e5       _use_merged_upsample       004514e5 f   lib:jdmaster.obj
 0001:0005058b       _master_selection          0045158b f   lib:jdmaster.obj
 0001:000506e8       _prepare_range_limit_table 004516e8 f   lib:jdmaster.obj
 0001:0005076e       _prepare_for_output_pass   0045176e f   lib:jdmaster.obj
 0001:0005088f       _finish_output_pass        0045188f f   lib:jdmaster.obj
 0001:0004f95c       _alloc_small               0045095c f   lib:jmemmgr.obj
 0001:0004fa7a       _alloc_large               00450a7a f   lib:jmemmgr.obj
 0001:0004fb2b       _alloc_sarray              00450b2b f   lib:jmemmgr.obj
 0001:0004fbc3       _alloc_barray              00450bc3 f   lib:jmemmgr.obj
 0001:0004fc67       _alloc_darray              00450c67 f   lib:jmemmgr.obj
 0001:0004fd12       _request_virt_sarray       00450d12 f   lib:jmemmgr.obj
 0001:0004fd73       _request_virt_barray       00450d73 f   lib:jmemmgr.obj
 0001:0004fdd4       _realize_virt_arrays       00450dd4 f   lib:jmemmgr.obj
 0001:0004ff57       _access_virt_sarray        00450f57 f   lib:jmemmgr.obj
 0001:00050077       _do_sarray_io              00451077 f   lib:jmemmgr.obj
 0001:00050107       _access_virt_barray        00451107 f   lib:jmemmgr.obj
 0001:0005022c       _do_barray_io              0045122c f   lib:jmemmgr.obj
 0001:000502bd       _free_pool                 004512bd f   lib:jmemmgr.obj
 0001:000503a4       _self_destruct             004513a4 f   lib:jmemmgr.obj
 0001:0004f3f6       _start_input_pass          004503f6 f   lib:jdinput.obj
 0001:0004f424       _per_scan_setup            00450424 f   lib:jdinput.obj
 0001:0004f5aa       _finish_input_pass         004505aa f   lib:jdinput.obj
 0001:0004f5bb       _consume_markers           004505bb f   lib:jdinput.obj
 0001:0004f657       _initial_setup             00450657 f   lib:jdinput.obj
 0001:0004f861       _reset_input_controller    00450861 f   lib:jdinput.obj
 0001:0004f1af       _fixedtables               004501af f   lib:inflate.obj
 0001:0004f299       _updatewindow              00450299 f   lib:inflate.obj
 0001:0004dbe1       _make_crc_table            0044ebe1 f   lib:crc32.obj
 0001:0004dd2e       _crc32_little              0044ed2e f   lib:crc32.obj
 0001:0004db1d       _init_destination          0044eb1d f   lib:jdatadst.obj
 0001:0004db43       _empty_output_buffer       0044eb43 f   lib:jdatadst.obj
 0001:0004db85       _term_destination          0044eb85 f   lib:jdatadst.obj
 0001:0004d6a4       _std_huff_tables           0044e6a4 f   lib:jcparam.obj
 0001:0004d6fe       _add_huff_table            0044e6fe f   lib:jcparam.obj
 0001:0004bbf1       _next_marker               0044cbf1 f   lib:jdmarker.obj
 0001:0004bd2b       _get_interesting_appn      0044cd2b f   lib:jdmarker.obj
 0001:0004be56       _examine_app0              0044ce56 f   lib:jdmarker.obj
 0001:0004c064       _examine_app14             0044d064 f   lib:jdmarker.obj
 0001:0004c125       _skip_variable             0044d125 f   lib:jdmarker.obj
 0001:0004c1c8       _read_markers              0044d1c8 f   lib:jdmarker.obj
 0001:0004c3d0       _get_soi                   0044d3d0 f   lib:jdmarker.obj
 0001:0004c47b       _get_sof                   0044d47b f   lib:jdmarker.obj
 0001:0004c784       _get_sos                   0044d784 f   lib:jdmarker.obj
 0001:0004ca72       _get_dht                   0044da72 f   lib:jdmarker.obj
 0001:0004cd13       _get_dqt                   0044dd13 f   lib:jdmarker.obj
 0001:0004cf6f       _get_dri                   0044df6f f   lib:jdmarker.obj
 0001:0004d04e       _first_marker              0044e04e f   lib:jdmarker.obj
 0001:0004d0ea       _read_restart_marker       0044e0ea f   lib:jdmarker.obj
 0001:0004d168       _reset_marker_reader       0044e168 f   lib:jdmarker.obj
 0001:0004b9d5       _output_pass_setup         0044c9d5 f   lib:jdapistd.obj
 0001:0004b6c8       _default_decompress_parms  0044c6c8 f   lib:jdapimin.obj

 128 bytes saved through ICF

