 quake2

 Timestamp is 3dd398c1 (Thu Nov 14 15:36:17 2002)

 Preferred load address is 00400000

 Start         Length     Name                   Class
 0001:00000000 00062010H .text                   CODE
 0002:00000000 00000358H .idata$5                DATA
 0002:00000358 000019b4H .rdata                  DATA
 0002:00001d0c 00000078H .idata$2                DATA
 0002:00001d84 00000014H .idata$3                DATA
 0002:00001d98 00000358H .idata$4                DATA
 0002:000020f0 00000b46H .idata$6                DATA
 0002:00002c36 00000000H .edata                  DATA
 0003:00000000 00000004H .CRT$XCA                DATA
 0003:00000004 00000004H .CRT$XCZ                DATA
 0003:00000008 00000004H .CRT$XIA                DATA
 0003:0000000c 00000004H .CRT$XIZ                DATA
 0003:00000010 00013aa4H .data                   DATA
 0003:00013ab8 0097058cH .bss                    DATA
 0004:00000000 000000a0H .rsrc$01                DATA
 0004:000000a0 00000300H .rsrc$02                DATA

  Address         Publics by Value              Rva+Base     Lib:Object

 0001:00000000       _CDAudio_Play2             00401000 f   cd_win.obj
 0001:000001e5       _CDAudio_Play              004011e5 f   cd_win.obj
 0001:000001fc       _CDAudio_Stop              004011fc f   cd_win.obj
 0001:00000241       _CDAudio_Pause             00401241 f   cd_win.obj
 0001:0000029a       _CDAudio_Resume            0040129a f   cd_win.obj
 0001:0000030c       _CDAudio_MessageHandler    0040130c f   cd_win.obj
 0001:000003a3       _CDAudio_Update            004013a3 f   cd_win.obj
 0001:000003da       _CDAudio_Init              004013da f   cd_win.obj
 0001:000007d1       _CDAudio_Shutdown          004017d1 f   cd_win.obj
 0001:00000804       _CDAudio_Activate          00401804 f   cd_win.obj
 0001:00000815       _SCR_StopCinematic         00401815 f   cl_cin.obj
 0001:000008a1       _SCR_FinishCinematic       004018a1 f   cl_cin.obj
 0001:000008cb       _SCR_ReadNextFrame         004018cb f   cl_cin.obj
 0001:00000bec       _SCR_RunCinematic          00401bec f   cl_cin.obj
 0001:00000ce5       _SCR_DrawCinematic         00401ce5 f   cl_cin.obj
 0001:00000d84       _SCR_PlayCinematic         00401d84 f   cl_cin.obj
 0001:00001099       _CL_ParseEntityBits        00402099 f   cl_ents.obj
 0001:00001118       _CL_ParseDelta             00402118 f   cl_ents.obj
 0001:000012f6       _CL_DeltaEntity            004022f6 f   cl_ents.obj
 0001:0000148f       _CL_ParsePacketEntities    0040248f f   cl_ents.obj
 0001:000016b2       _CL_ParsePlayerstate       004026b2 f   cl_ents.obj
 0001:000019c0       _CL_FireEntityEvents       004029c0 f   cl_ents.obj
 0001:00001a0f       _CL_ParseFrame             00402a0f f   cl_ents.obj
 0001:00001c7c       _CL_AddPacketEntities      00402c7c f   cl_ents.obj
 0001:00002726       _CL_AddViewWeapon          00403726 f   cl_ents.obj
 0001:00002860       _CL_CalcViewValues         00403860 f   cl_ents.obj
 0001:00002afe       _CL_AddEntities            00403afe f   cl_ents.obj
 0001:00002bcb       _CL_GetEntitySoundOrigin   00403bcb f   cl_ents.obj
 0001:00002c18       _CL_RunLightStyles         00403c18 f   cl_fx.obj
 0001:00002c88       _CL_SetLightstyle          00403c88 f   cl_fx.obj
 0001:00002cf3       _CL_AddLightStyles         00403cf3 f   cl_fx.obj
 0001:00002d2b       _CL_AllocDlight            00403d2b f   cl_fx.obj
 0001:00002d96       _CL_RunDLights             00403d96 f   cl_fx.obj
 0001:00002de8       _CL_ParseMuzzleFlash       00403de8 f   cl_fx.obj
 0001:00003601       _CL_ParseMuzzleFlash2      00404601 f   cl_fx.obj
 0001:00003d0b       _CL_AddDLights             00404d0b f   cl_fx.obj
 0001:00003dd9       _CL_ClearParticles         00404dd9 f   cl_fx.obj
 0001:00003e19       _CL_ParticleEffect         00404e19 f   cl_fx.obj
 0001:00003ee8       _CL_ParticleEffect2        00404ee8 f   cl_fx.obj
 0001:00003fb3       _CL_ParticleEffect3        00404fb3 f   cl_fx.obj
 0001:00004083       _CL_TeleporterParticles    00405083 f   cl_fx.obj
 0001:0000413a       _CL_LogoutEffect           0040513a f   cl_fx.obj
 0001:00004225       _CL_ItemRespawnParticles   00405225 f   cl_fx.obj
 0001:000042d4       _CL_ExplosionParticles     004052d4 f   cl_fx.obj
 0001:0000437e       _CL_BigTeleportParticles   0040537e f   cl_fx.obj
 0001:000044d5       _CL_BlasterParticles       004054d5 f   cl_fx.obj
 0001:000045a1       _CL_BlasterTrail           004055a1 f   cl_fx.obj
 0001:0000469d       _CL_FlagTrail              0040569d f   cl_fx.obj
 0001:000047a6       _CL_DiminishingTrail       004057a6 f   cl_fx.obj
 0001:00004a13       _MakeNormalVectors         00405a13 f   cl_fx.obj
 0001:00004a6a       _CL_RocketTrail            00405a6a f   cl_fx.obj
 0001:00004b9e       _CL_RailTrail              00405b9e f   cl_fx.obj
 0001:00004dd8       _CL_IonripperTrail         00405dd8 f   cl_fx.obj
 0001:00004ef1       _CL_BubbleTrail            00405ef1 f   cl_fx.obj
 0001:00005018       _CL_FlyParticles           00406018 f   cl_fx.obj
 0001:000051be       _CL_FlyEffect              004061be f   cl_fx.obj
 0001:00005241       _CL_BfgParticles           00406241 f   cl_fx.obj
 0001:00005420       _CL_TrapParticles          00406420 f   cl_fx.obj
 0001:000056b5       _CL_BFGExplosionParticles  004066b5 f   cl_fx.obj
 0001:0000575f       _CL_TeleportParticles      0040675f f   cl_fx.obj
 0001:00005898       _CL_AllocParticleTrace     00406898 f   cl_fx.obj
 0001:00005941       _CL_MetalSparks            00406941 f   cl_fx.obj
 0001:00005a20       _CL_AllocParticle          00406a20 f   cl_fx.obj
 0001:00005a61       _CL_UpdateParticles        00406a61 f   cl_fx.obj
 0001:00005f46       _CL_EntityEvent            00406f46 f   cl_fx.obj
 0001:00006123       _CL_ClearEffects           00407123 f   cl_fx.obj
 0001:00006155       _KeyDown                   00407155 f   cl_input.obj
 0001:000061cb       _KeyUp                     004071cb f   cl_input.obj
 0001:00006245       _IN_KLookDown              00407245 f   cl_input.obj
 0001:00006251       _IN_KLookUp                00407251 f   cl_input.obj
 0001:0000625d       _IN_UpDown                 0040725d f   cl_input.obj
 0001:00006269       _IN_UpUp                   00407269 f   cl_input.obj
 0001:00006275       _IN_DownDown               00407275 f   cl_input.obj
 0001:00006281       _IN_DownUp                 00407281 f   cl_input.obj
 0001:0000628d       _IN_LeftDown               0040728d f   cl_input.obj
 0001:00006299       _IN_LeftUp                 00407299 f   cl_input.obj
 0001:000062a5       _IN_RightDown              004072a5 f   cl_input.obj
 0001:000062b1       _IN_RightUp                004072b1 f   cl_input.obj
 0001:000062bd       _IN_ForwardDown            004072bd f   cl_input.obj
 0001:000062c9       _IN_ForwardUp              004072c9 f   cl_input.obj
 0001:000062d5       _IN_BackDown               004072d5 f   cl_input.obj
 0001:000062e1       _IN_BackUp                 004072e1 f   cl_input.obj
 0001:000062ed       _IN_LookupDown             004072ed f   cl_input.obj
 0001:000062f9       _IN_LookupUp               004072f9 f   cl_input.obj
 0001:00006305       _IN_LookdownDown           00407305 f   cl_input.obj
 0001:00006311       _IN_LookdownUp             00407311 f   cl_input.obj
 0001:0000631d       _IN_MoveleftDown           0040731d f   cl_input.obj
 0001:00006329       _IN_MoveleftUp             00407329 f   cl_input.obj
 0001:00006335       _IN_MoverightDown          00407335 f   cl_input.obj
 0001:00006341       _IN_MoverightUp            00407341 f   cl_input.obj
 0001:0000634d       _IN_SpeedDown              0040734d f   cl_input.obj
 0001:00006359       _IN_SpeedUp                00407359 f   cl_input.obj
 0001:00006365       _IN_StrafeDown             00407365 f   cl_input.obj
 0001:00006371       _IN_StrafeUp               00407371 f   cl_input.obj
 0001:0000637d       _IN_AttackDown             0040737d f   cl_input.obj
 0001:00006389       _IN_AttackUp               00407389 f   cl_input.obj
 0001:00006395       _IN_UseDown                00407395 f   cl_input.obj
 0001:000063a1       _IN_UseUp                  004073a1 f   cl_input.obj
 0001:000063ad       _IN_Impulse                004073ad f   cl_input.obj
 0001:000063c3       _CL_KeyState               004073c3 f   cl_input.obj
 0001:00006421       _CL_AdjustAngles           00407421 f   cl_input.obj
 0001:00006530       _CL_BaseMove               00407530 f   cl_input.obj
 0001:0000670a       _CL_ClampPitch             0040770a f   cl_input.obj
 0001:000067b8       _CL_FinishMove             004077b8 f   cl_input.obj
 0001:00006867       _CL_CreateCmd              00407867 f   cl_input.obj
 0001:000068d3       _IN_CenterView             004078d3 f   cl_input.obj
 0001:000068f4       _CL_InitInput              004078f4 f   cl_input.obj
 0001:00006afa       _CL_SendCmd                00407afa f   cl_input.obj
 0001:00006cf4       _CL_ParseInventory         00407cf4 f   cl_inv.obj
 0001:00006d14       _CL_DrawInventory          00407d14 f   cl_inv.obj
 0001:00006f75       _CL_WriteDemoMessage       00407f75 f   cl_main.obj
 0001:00006fb7       _CL_Stop_f                 00407fb7 f   cl_main.obj
 0001:00007012       _CL_Record_f               00408012 f   cl_main.obj
 0001:0000728b       _Cmd_ForwardToServer       0040828b f   cl_main.obj
 0001:000072f7       _CL_Setenv_f               004082f7 f   cl_main.obj
 0001:000073bb       _CL_ForwardToServer_f      004083bb f   cl_main.obj
 0001:00007409       _CL_Pause_f                00408409 f   cl_main.obj
 0001:00007442       _CL_Quit_f                 00408442 f   cl_main.obj
 0001:0000744c       _CL_Drop                   0040844c f   cl_main.obj
 0001:0000746e       _CL_SendConnectPacket      0040846e f   cl_main.obj
 0001:00007542       _CL_CheckForResend         00408542 f   cl_main.obj
 0001:00007622       _CL_Connect_f              00408622 f   cl_main.obj
 0001:000076a1       _CL_Rcon_f                 004086a1 f   cl_main.obj
 0001:000077ee       _CL_ClearState             004087ee f   cl_main.obj
 0001:0000782d       _CL_Disconnect             0040882d f   cl_main.obj
 0001:00007962       _CL_Disconnect_f           00408962 f   cl_main.obj
 0001:00007971       _CL_Changing_f             00408971 f   cl_main.obj
 0001:00007995       _CL_Reconnect_f            00408995 f   cl_main.obj
 0001:00007a31       _CL_ParseStatusMessage     00408a31 f   cl_main.obj
 0001:00007a68       _CL_PingServers_f          00408a68 f   cl_main.obj
 0001:00007bc2       _CL_Skins_f                00408bc2 f   cl_main.obj
 0001:00007bfe       _CL_ConnectionlessPacket   00408bfe f   cl_main.obj
 0001:00007e40       _CL_ReadPackets            00408e40 f   cl_main.obj
 0001:00007f7e       _CL_FixUpGender            00408f7e f   cl_main.obj
 0001:00008051       _CL_Userinfo_f             00409051 f   cl_main.obj
 0001:00008069       _CL_Snd_Restart_f          00409069 f   cl_main.obj
 0001:00008078       _CL_RequestNextDownload    00409078 f   cl_main.obj
 0001:000086a8       _CL_Precache_f             004096a8 f   cl_main.obj
 0001:00008711       _CL_WriteConfiguration     00409711 f   cl_main.obj
 0001:000087a2       _CL_WriteConfig_f          004097a2 f   cl_main.obj
 0001:00008801       _CL_InitLocal              00409801 f   cl_main.obj
 0001:00008a21       _CL_FixCvarCheats          00409a21 f   cl_main.obj
 0001:00008ade       _CL_SendCommand            00409ade f   cl_main.obj
 0001:00008afc       _CL_Frame                  00409afc f   cl_main.obj
 0001:00008cb1       _CL_Init                   00409cb1 f   cl_main.obj
 0001:00008d06       _CL_Shutdown               00409d06 f   cl_main.obj
 0001:00008d4c       _vectoangles2              00409d4c f   cl_newfx.obj
 0001:00008e4e       _CL_Flashlight             00409e4e f   cl_newfx.obj
 0001:00008e9f       _CL_ColorFlash             00409e9f f   cl_newfx.obj
 0001:00008f45       _CL_DebugTrail             00409f45 f   cl_newfx.obj
 0001:00009039       _CL_ForceWall              0040a039 f   cl_newfx.obj
 0001:00009176       _CL_BubbleTrail2           0040a176 f   cl_newfx.obj
 0001:000092a9       _CL_Heatbeam               0040a2a9 f   cl_newfx.obj
 0001:00009541       _CL_ParticleSteamEffect    0040a541 f   cl_newfx.obj
 0001:0000964d       _CL_ParticleSteamEffect2   0040a64d f   cl_newfx.obj
 0001:0000976f       _CL_TrackerTrail           0040a76f f   cl_newfx.obj
 0001:000098bc       _CL_Tracker_Shell          0040a8bc f   cl_newfx.obj
 0001:00009933       _CL_MonsterPlasma_Shell    0040a933 f   cl_newfx.obj
 0001:000099a7       _CL_Widowbeamout           0040a9a7 f   cl_newfx.obj
 0001:00009a4e       _CL_Nukeblast              0040aa4e f   cl_newfx.obj
 0001:00009af5       _CL_WidowSplash            0040aaf5 f   cl_newfx.obj
 0001:00009bb0       _CL_TagTrail               0040abb0 f   cl_newfx.obj
 0001:00009cb9       _CL_ColorExplosionParticles 0040acb9 f   cl_newfx.obj
 0001:00009d66       _CL_ParticleSmokeEffect    0040ad66 f   cl_newfx.obj
 0001:00009e70       _CL_BlasterParticles2      0040ae70 f   cl_newfx.obj
 0001:00009f3d       _CL_BlasterTrail2          0040af3d f   cl_newfx.obj
 0001:0000a039       _CL_DownloadFileName       0040b039 f   cl_parse.obj
 0001:0000a078       _CL_CheckOrDownloadFile    0040b078 f   cl_parse.obj
 0001:0000a1dc       _CL_Download_f             0040b1dc f   cl_parse.obj
 0001:0000a2a8       _CL_RegisterSounds         0040b2a8 f   cl_parse.obj
 0001:0000a2e7       _CL_ParseDownload          0040b2e7 f   cl_parse.obj
 0001:0000a454       _CL_ParseServerData        0040b454 f   cl_parse.obj
 0001:0000a563       _CL_ParseBaseline          0040b563 f   cl_parse.obj
 0001:0000a59d       _CL_LoadClientinfo         0040b59d f   cl_parse.obj
 0001:0000a868       _CL_ParseClientinfo        0040b868 f   cl_parse.obj
 0001:0000a88c       _CL_ParseConfigString      0040b88c f   cl_parse.obj
 0001:0000aa11       _CL_ParseStartSoundPacket  0040ba11 f   cl_parse.obj
 0001:0000ab13       _SHOWNET                   0040bb13 f   cl_parse.obj
 0001:0000ab37       _CL_ParseServerMessage     0040bb37 f   cl_parse.obj
 0001:0000add7       _CL_CheckPredictionError   0040bdd7 f   cl_pred.obj
 0001:0000aefd       _CL_ClipMoveToEntities     0040befd f   cl_pred.obj
 0001:0000b054       _CL_PMTrace                0040c054 f   cl_pred.obj
 0001:0000b0c3       _CL_PMpointcontents        0040c0c3 f   cl_pred.obj
 0001:0000b12d       _CL_PredictMovement        0040c12d f   cl_pred.obj
 0001:0000b33b       _CL_AddNetgraph            0040c33b f   cl_scrn.obj
 0001:0000b415       _SCR_DebugGraph            0040c415 f   cl_scrn.obj
 0001:0000b43d       _SCR_DrawDebugGraph        0040c43d f   cl_scrn.obj
 0001:0000b51c       _SCR_CenterPrint           0040c51c f   cl_scrn.obj
 0001:0000b62d       _SCR_DrawCenterString      0040c62d f   cl_scrn.obj
 0001:0000b782       _SCR_SizeUp_f              0040c782 f   cl_scrn.obj
 0001:0000b79b       _SCR_SizeDown_f            0040c79b f   cl_scrn.obj
 0001:0000b7bc       _SCR_Sky_f                 0040c7bc f   cl_scrn.obj
 0001:0000b867       _SCR_Init                  0040c867 f   cl_scrn.obj
 0001:0000b8cc       _SCR_DrawNet               0040c8cc f   cl_scrn.obj
 0001:0000b907       _SCR_DrawPause             0040c907 f   cl_scrn.obj
 0001:0000b970       _SCR_RunConsole            0040c970 f   cl_scrn.obj
 0001:0000ba0d       _SCR_DrawConsole           0040ca0d f   cl_scrn.obj
 0001:0000baa0       _SCR_SetLevelshot          0040caa0 f   cl_scrn.obj
 0001:0000bb32       _SCR_DrawLoading           0040cb32 f   cl_scrn.obj
 0001:0000bbd6       _SCR_BeginLoadingPlaque    0040cbd6 f   cl_scrn.obj
 0001:0000bc2c       _SCR_EndLoadingPlaque      0040cc2c f   cl_scrn.obj
 0001:0000bc47       _SCR_Loading_f             0040cc47 f   cl_scrn.obj
 0001:0000bc4c       _SCR_TimeRefresh_f         0040cc4c f   cl_scrn.obj
 0001:0000bd23       _SCR_AddDirtyPoint         0040cd23 f   cl_scrn.obj
 0001:0000bd60       _SCR_DirtyScreen           0040cd60 f   cl_scrn.obj
 0001:0000bddb       _SCR_TileClear             0040cddb f   cl_scrn.obj
 0001:0000bfb6       _DrawHUDString             0040cfb6 f   cl_scrn.obj
 0001:0000c068       _SCR_DrawField             0040d068 f   cl_scrn.obj
 0001:0000c18c       _SCR_TouchPics             0040d18c f   cl_scrn.obj
 0001:0000c21e       _SCR_ExecuteLayoutString   0040d21e f   cl_scrn.obj
 0001:0000cbd0       _SCR_UpdateScreen          0040dbd0 f   cl_scrn.obj
 0001:0000cebb       _CL_RegisterTEntSounds     0040debb f   cl_tent.obj
 0001:0000d0f3       _CL_RegisterTEntModels     0040e0f3 f   cl_tent.obj
 0001:0000d279       _CL_ClearTEnts             0040e279 f   cl_tent.obj
 0001:0000d2d0       _CL_AllocExplosion         0040e2d0 f   cl_tent.obj
 0001:0000d34a       _CL_SmokeAndFlash          0040e34a f   cl_tent.obj
 0001:0000d3db       _CL_ParseBeam              0040e3db f   cl_tent.obj
 0001:0000d4df       _CL_ParseBeam2             0040e4df f   cl_tent.obj
 0001:0000d5f3       _CL_ParsePlayerBeam        0040e5f3 f   cl_tent.obj
 0001:0000d73e       _CL_ParseLightning         0040e73e f   cl_tent.obj
 0001:0000d81c       _CL_ParseLaser             0040e81c f   cl_tent.obj
 0001:0000d8c4       _CL_ParseSteam             0040e8c4 f   cl_tent.obj
 0001:0000d9d5       _CL_ParseWidow             0040e9d5 f   cl_tent.obj
 0001:0000da41       _CL_ParseNuke              0040ea41 f   cl_tent.obj
 0001:0000daab       _CL_ParseTEnt              0040eaab f   cl_tent.obj
 0001:0000e921       _CL_AddBeams               0040f921 f   cl_tent.obj
 0001:0000ec48       _CL_AddPlayerBeams         0040fc48 f   cl_tent.obj
 0001:0000f36c       _CL_AddExplosions          0041036c f   cl_tent.obj
 0001:0000f557       _CL_AddLasers              00410557 f   cl_tent.obj
 0001:0000f57c       _CL_ProcessSustain         0041057c f   cl_tent.obj
 0001:0000f5bd       _CL_AddTEnts               004105bd f   cl_tent.obj
 0001:0000f5d6       _V_AddEntity               004105d6 f   cl_view.obj
 0001:0000f600       _V_AddLight                00410600 f   cl_view.obj
 0001:0000f64c       _V_AddLightStyle           0041064c f   cl_view.obj
 0001:0000f697       _V_TestParticles           00410697 f   cl_view.obj
 0001:0000f755       _V_TestEntities            00410755 f   cl_view.obj
 0001:0000f7f7       _V_TestLights              004107f7 f   cl_view.obj
 0001:0000f8d5       _CL_PrepRefresh            004108d5 f   cl_view.obj
 0001:0000fba3       _CalcFov                   00410ba3 f   cl_view.obj
 0001:0000fc1c       _V_Gun_Next_f              00410c1c f   cl_view.obj
 0001:0000fc35       _V_Gun_Prev_f              00410c35 f   cl_view.obj
 0001:0000fc57       _V_Gun_Model_f             00410c57 f   cl_view.obj
 0001:0000fc8b       _SCR_DrawCrosshair         00410c8b f   cl_view.obj
 0001:0000fcf7       _V_RenderView              00410cf7 f   cl_view.obj
 0001:000108af       _V_Viewpos_f               004118af f   cl_view.obj
 0001:000108ed       _V_Init                    004118ed f   cl_view.obj
 0001:00010939       _Cbuf_Init                 00411939 f   cmd.obj
 0001:00010951       _Cbuf_AddText              00411951 f   cmd.obj
 0001:000109ad       _Cbuf_InsertText           004119ad f   cmd.obj
 0001:00010a05       _Cbuf_CopyToDefer          00411a05 f   cmd.obj
 0001:00010a31       _Cbuf_InsertFromDefer      00411a31 f   cmd.obj
 0001:00010a44       _Cbuf_ExecuteText          00411a44 f   cmd.obj
 0001:00010a83       _Cbuf_Execute              00411a83 f   cmd.obj
 0001:00010b37       _Cbuf_AddEarlyCommands     00411b37 f   cmd.obj
 0001:00010bb9       _Cbuf_AddLateCommands      00411bb9 f   cmd.obj
 0001:00010cce       _Cmd_Exec_f                00411cce f   cmd.obj
 0001:00010d53       _Cmd_Echo_f                00411d53 f   cmd.obj
 0001:00010d95       _Cmd_Alias_f               00411d95 f   cmd.obj
 0001:00010ebc       _Cmd_Unalias_f             00411ebc f   cmd.obj
 0001:00010f45       _Cmd_WriteAliases          00411f45 f   cmd.obj
 0001:00010f6e       _Cmd_Argc                  00411f6e f   cmd.obj
 0001:00010f74       _Cmd_Argv                  00411f74 f   cmd.obj
 0001:00010f8e       _Cmd_Args                  00411f8e f   cmd.obj
 0001:00010f94       _Cmd_TokenizeString        00411f94 f   cmd.obj
 0001:000111c6       _Cmd_AddCommand            004121c6 f   cmd.obj
 0001:00011231       _Cmd_RemoveCommand         00412231 f   cmd.obj
 0001:00011273       _Cmd_CompleteCommand       00412273 f   cmd.obj
 0001:00011772       _Cmd_ExecuteString         00412772 f   cmd.obj
 0001:0001184a       _Cmd_Init                  0041284a f   cmd.obj
 0001:00011923       _CMod_GetSurfMaterial      00412923 f   cmodel.obj
 0001:0001197d       _CM_LoadMap                0041297d f   cmodel.obj
 0001:000121a3       _CM_InlineModel            004131a3 f   cmodel.obj
 0001:000121f1       _CM_NumClusters            004131f1 f   cmodel.obj
 0001:000121f7       _CM_NumInlineModels        004131f7 f   cmodel.obj
 0001:000121fd       _CM_EntityString           004131fd f   cmodel.obj
 0001:00012203       _CM_LeafContents           00413203 f   cmodel.obj
 0001:0001222d       _CM_LeafCluster            0041322d f   cmodel.obj
 0001:00012258       _CM_LeafArea               00413258 f   cmodel.obj
 0001:00012283       _CM_InitBoxHull            00413283 f   cmodel.obj
 0001:0001245e       _CM_HeadnodeForBox         0041345e f   cmodel.obj
 0001:00012513       _CM_PointLeafnum_r         00413513 f   cmodel.obj
 0001:0001257c       _CM_PointLeafnum           0041357c f   cmodel.obj
 0001:00012596       _CM_BoxLeafnums_r          00413596 f   cmodel.obj
 0001:0001264c       _CM_BoxLeafnums            0041364c f   cmodel.obj
 0001:0001269f       _CM_PointContents          0041369f f   cmodel.obj
 0001:000126c4       _CM_TransformedPointContents 004136c4 f   cmodel.obj
 0001:000127a6       _TraceBuf_Init             004137a6 f   cmodel.obj
 0001:0001284e       _TraceBuf_LimitFrac        0041384e f   cmodel.obj
 0001:000128a5       _TraceBuf_AddLeaf          004138a5 f   cmodel.obj
 0001:00012a2d       _TraceBuf_FindPart         00413a2d f   cmodel.obj
 0001:00012a68       _CM_ClipBoxToHLLeaf        00413a68 f   cmodel.obj
 0001:00012d09       _CM_TraceToHLLeaf          00413d09 f   cmodel.obj
 0001:00012ddc       _CM_FinishHLTrace          00413ddc f   cmodel.obj
 0001:00012f24       _CM_RecursiveHLHullCheck   00413f24 f   cmodel.obj
 0001:0001320c       _CM_ClipBoxToBrush         0041420c f   cmodel.obj
 0001:00013408       _CM_TestBoxInBrush         00414408 f   cmodel.obj
 0001:000134e9       _CM_TraceToLeaf            004144e9 f   cmodel.obj
 0001:000135c6       _CM_TestInLeaf             004145c6 f   cmodel.obj
 0001:0001364e       _CM_RecursiveHullCheck     0041464e f   cmodel.obj
 0001:00013926       _CM_BoxTrace               00414926 f   cmodel.obj
 0001:00013ea0       _CM_TransformedBoxTrace    00414ea0 f   cmodel.obj
 0001:000140fc       _CM_DecompressVis          004150fc f   cmodel.obj
 0001:000141a5       _CM_ClusterPVS             004151a5 f   cmodel.obj
 0001:000141f2       _CM_ClusterPHS             004151f2 f   cmodel.obj
 0001:0001423f       _FloodArea_r               0041523f f   cmodel.obj
 0001:000142bb       _FloodAreaConnections      004152bb f   cmodel.obj
 0001:000142fa       _CM_SetAreaPortalState     004152fa f   cmodel.obj
 0001:00014327       _CM_AreasConnected         00415327 f   cmodel.obj
 0001:00014375       _CM_WriteAreaBits          00415375 f   cmodel.obj
 0001:00014405       _CM_WritePortalState       00415405 f   cmodel.obj
 0001:0001441f       _CM_ReadPortalState        0041541f f   cmodel.obj
 0001:0001443d       _CM_HeadnodeVisible        0041543d f   cmodel.obj
 0001:000144a5       _Com_BeginRedirect         004154a5 f   common.obj
 0001:000144e2       _Com_EndRedirect           004154e2 f   common.obj
 0001:0001450d       _Com_Printf                0041550d f   common.obj
 0001:0001466c       _Com_DPrintf               0041566c f   common.obj
 0001:000146e6       _DebugPrintf               004156e6 f   common.obj
 0001:0001478e       _Com_WPrintf               0041578e f   common.obj
 0001:000147e7       _Com_Error                 004157e7 f   common.obj
 0001:000148c5       _Com_Quit                  004158c5 f   common.obj
 0001:000148f5       _MatchWildcard             004158f5 f   common.obj
 0001:00014a32       _Com_ServerState           00415a32 f   common.obj
 0001:00014a38       _Com_SetServerState        00415a38 f   common.obj
 0001:00014a42       _MSG_WriteByte             00415a42 f   common.obj
 0001:00014a42       _MSG_WriteChar             00415a42 f   common.obj
 0001:00014a56       _MSG_WriteShort            00415a56 f   common.obj
 0001:00014a70       _MSG_WriteLong             00415a70 f   common.obj
 0001:00014a9a       _MSG_WriteFloat            00415a9a f   common.obj
 0001:00014ac0       _MSG_WriteString           00415ac0 f   common.obj
 0001:00014af8       _MSG_WriteCoord            00415af8 f   common.obj
 0001:00014b21       _MSG_WritePos              00415b21 f   common.obj
 0001:00014b95       _MSG_WriteAngle            00415b95 f   common.obj
 0001:00014bb8       _MSG_WriteAngle16          00415bb8 f   common.obj
 0001:00014be7       _MSG_WriteDeltaUsercmd     00415be7 f   common.obj
 0001:00014d6f       _MSG_WriteDir              00415d6f f   common.obj
 0001:00014ddc       _MSG_ReadDir               00415ddc f   common.obj
 0001:00014e25       _MSG_WriteDeltaEntity      00415e25 f   common.obj
 0001:0001531e       _MSG_BeginReading          0041631e f   common.obj
 0001:00015327       _MSG_ReadChar              00416327 f   common.obj
 0001:00015348       _MSG_ReadByte              00416348 f   common.obj
 0001:00015369       _MSG_ReadShort             00416369 f   common.obj
 0001:00015399       _MSG_ReadLong              00416399 f   common.obj
 0001:000153d8       _MSG_ReadString            004163d8 f   common.obj
 0001:0001540b       _MSG_ReadStringLine        0041640b f   common.obj
 0001:00015443       _MSG_ReadCoord             00416443 f   common.obj
 0001:0001545d       _MSG_ReadPos               0041645d f   common.obj
 0001:000154af       _MSG_ReadAngle             004164af f   common.obj
 0001:000154c9       _MSG_ReadAngle16           004164c9 f   common.obj
 0001:000154e3       _MSG_ReadDeltaUsercmd      004164e3 f   common.obj
 0001:0001559a       _MSG_ReadData              0041659a f   common.obj
 0001:000155bd       _SZ_Init                   004165bd f   common.obj
 0001:000155df       _SZ_Clear                  004165df f   common.obj
 0001:000155ec       _SZ_GetSpace               004165ec f   common.obj
 0001:0001564e       _SZ_Write                  0041664e f   common.obj
 0001:0001566f       _SZ_Print                  0041666f f   common.obj
 0001:000156b8       _COM_Argc                  004166b8 f   common.obj
 0001:000156be       _COM_Argv                  004166be f   common.obj
 0001:000156df       _COM_ClearArgv             004166df f   common.obj
 0001:00015707       _COM_InitArgv              00416707 f   common.obj
 0001:00015762       _Info_Print                00416762 f   common.obj
 0001:0001581f       _COM_BlockSequenceCRCByte  0041681f f   common.obj
 0001:000158ab       _frand                     004168ab f   common.obj
 0001:000158c8       _crand                     004168c8 f   common.obj
 0001:000158eb       _Com_Error_f               004168eb f   common.obj
 0001:00015903       _Qcommon_Init              00416903 f   common.obj
 0001:00015a32       _Qcommon_Frame             00416a32 f   common.obj
 0001:00015c15       __setargv                  00416c15 f   common.obj
 0001:00015c15       _R_SurfacePatch            00416c15 f   common.obj
 0001:00015c15       _Qcommon_Shutdown          00416c15 f   common.obj
 0001:00015c15       _jpeg_mem_term             00416c15 f   common.obj
 0001:00015c16       _CCheckParm                00416c16 f   conproc.obj
 0001:00015c4f       _InitConProc               00416c4f f   conproc.obj
 0001:00015da1       _DeinitConProc             00416da1 f   conproc.obj
 0001:00015db2       _RequestProc@4             00416db2 f   conproc.obj
 0001:00015ec3       _WriteText                 00416ec3 f   conproc.obj
 0001:00015f8a       _CharToCode                00416f8a f   conproc.obj
 0001:00016012       _SetConsoleCXCY            00417012 f   conproc.obj
 0001:00016149       _DrawStringCommon          00417149 f   console.obj
 0001:000161a6       _DrawString                004171a6 f   console.obj
 0001:000161c8       _DrawAltString             004171c8 f   console.obj
 0001:000161ed       _Key_ClearTyping           004171ed f   console.obj
 0001:00016207       _Con_ToggleConsole_f       00417207 f   console.obj
 0001:00016298       _Con_ClearNotify           00417298 f   console.obj
 0001:000162a6       _Con_CheckResize           004172a6 f   console.obj
 0001:000163c6       _Con_Init                  004173c6 f   console.obj
 0001:00016672       _Con_Print                 00417672 f   console.obj
 0001:00016955       _Con_DrawNotify            00417955 f   console.obj
 0001:00016b61       _Con_DrawConsole           00417b61 f   console.obj
 0001:000170a2       _CRC_Block                 004180a2 f   crc.obj
 0001:000170de       _Cvar_VariableValue        004180de f   cvar.obj
 0001:0001714c       _Cvar_VariableInt          0041814c f   cvar.obj
 0001:0001715f       _Cvar_VariableString       0041815f f   cvar.obj
 0001:00017177       _Cvar_Get                  00418177 f   cvar.obj
 0001:000173d3       _Cvar_GetVars              004183d3 f   cvar.obj
 0001:00017414       _Cvar_FullSet              00418414 f   cvar.obj
 0001:00017471       _Cvar_SetValue             00418471 f   cvar.obj
 0001:0001765c       _Cvar_SetInteger           0041865c f   cvar.obj
 0001:0001767e       _Cvar_Set                  0041867e f   cvar.obj
 0001:00017693       _Cvar_ForceSet             00418693 f   cvar.obj
 0001:000176a8       _Cvar_Clamp                004186a8 f   cvar.obj
 0001:00017732       _Cvar_ClampName            00418732 f   cvar.obj
 0001:00017783       _Cvar_GetLatchedVars       00418783 f   cvar.obj
 0001:000177b2       _Cvar_Command              004187b2 f   cvar.obj
 0001:00017820       _Cvar_WriteVariables       00418820 f   cvar.obj
 0001:00017885       _Cvar_BitInfo              00418885 f   cvar.obj
 0001:000178be       _Cvar_Userinfo             004188be f   cvar.obj
 0001:000178c7       _Cvar_Serverinfo           004188c7 f   cvar.obj
 0001:000178d0       _Cvar_Init                 004188d0 f   cvar.obj
 0001:00017ee5       _FS_CreatePath             00418ee5 f   files.obj
 0001:00017f0b       _Developer_searchpath      00418f0b f   files.obj
 0001:00017f50       _FS_FCloseFile             00418f50 f   files.obj
 0001:00017fe6       _FS_FOpenFile              00418fe6 f   files.obj
 0001:0001841e       _FS_FileExists             0041941e f   files.obj
 0001:000185d2       _FS_Read                   004195d2 f   files.obj
 0001:0001887f       _FS_LoadFile               0041987f f   files.obj
 0001:000188e1       _FS_FreeFile               004198e1 f   files.obj
 0001:000188ec       _FS_LoadPackFile           004198ec f   files.obj
 0001:00018c24       _FS_UnloadPackFile         00419c24 f   files.obj
 0001:00018c71       _FS_AddGameDirectory       00419c71 f   files.obj
 0001:00018e0d       _FS_Gamedir                00419e0d f   files.obj
 0001:00018e21       _FS_LoadGameConfig         00419e21 f   files.obj
 0001:00018ee6       _FS_SetGamedir             00419ee6 f   files.obj
 0001:0001907f       _FS_ListFiles              0041a07f f   files.obj
 0001:00019323       _FS_NextPath               0041a323 f   files.obj
 0001:00019347       _FS_InitFilesystem         0041a347 f   files.obj
 0001:00019cfc       _LoadPCX                   0041acfc f   images.obj
 0001:00019ee0       _LoadTGA                   0041aee0 f   images.obj
 0001:0001a276       _LoadJPG                   0041b276 f   images.obj
 0001:0001a509       _ImageExists               0041b509 f   images.obj
 0001:0001a60f       _WriteTGA                  0041b60f f   images.obj
 0001:0001a6bb       _WriteJPG                  0041b6bb f   images.obj
 0001:0001a7e3       _IN_MLookDown              0041b7e3 f   in_win.obj
 0001:0001a7ee       _IN_MLookUp                0041b7ee f   in_win.obj
 0001:0001a811       _IN_StartupMouse           0041b811 f   in_win.obj
 0001:0001a86b       _IN_MouseEvent             0041b86b f   in_win.obj
 0001:0001a8e8       _IN_Init                   0041b8e8 f   in_win.obj
 0001:0001a92e       _IN_Shutdown               0041b92e f   in_win.obj
 0001:0001aa13       _IN_Activate               0041ba13 f   in_win.obj
 0001:0001aa2a       _IN_Frame                  0041ba2a f   in_win.obj
 0001:0001adf7       _IN_Move                   0041bdf7 f   in_win.obj
 0001:0001afc2       _IN_StartupJoystick        0041bfc2 f   in_win.obj
 0001:0001b0e3       _Joy_AdvancedUpdate_f      0041c0e3 f   in_win.obj
 0001:0001b27a       _IN_Commands               0041c27a f   in_win.obj
 0001:0001b3a9       _IN_ReadJoystick           0041c3a9 f   in_win.obj
 0001:0001b3e4       _IN_JoyMove                0041c3e4 f   in_win.obj
 0001:0001b734       _CompleteCommand           0041c734 f   keys.obj
 0001:0001b79b       _Key_Console               0041c79b f   keys.obj
 0001:0001bd91       _Key_Message               0041cd91 f   keys.obj
 0001:0001be22       _Key_StringToKeynum        0041ce22 f   keys.obj
 0001:0001be6c       _Key_KeynumToString        0041ce6c f   keys.obj
 0001:0001bebf       _Key_SetBinding            0041cebf f   keys.obj
 0001:0001bf19       _Key_Bindlist_f            0041cf19 f   keys.obj
 0001:0001bfaa       _Key_WriteBindings         0041cfaa f   keys.obj
 0001:0001bfe8       _Key_Init                  0041cfe8 f   keys.obj
 0001:0001c2be       _Key_Event                 0041d2be f   keys.obj
 0001:0001c59d       _Key_ClearStates           0041d59d f   keys.obj
 0001:0001c5e4       _MD4Init                   0041d5e4 f   md4.obj
 0001:0001c60c       _MD4Update                 0041d60c f   md4.obj
 0001:0001c6aa       _MD4Final                  0041d6aa f   md4.obj
 0001:0001cd9b       _Com_BlockChecksum         0041dd9b f   md4.obj
 0001:0001cdd7       _Z_Free                    0041ddd7 f   memory.obj
 0001:0001ce2d       _Z_FreeTags                0041de2d f   memory.obj
 0001:0001ce5d       _Z_TagMalloc               0041de5d f   memory.obj
 0001:0001cece       _Z_Malloc                  0041dece f   memory.obj
 0001:0001cef0       _Z_BlockMalloc             0041def0 f   memory.obj
 0001:0001cf0b       _CreateMemoryChain         0041df0b f   memory.obj
 0001:0001cf6c       _FreeMemoryChain           0041df6c f   memory.obj
 0001:0001cf96       _AllocChainBlock           0041df96 f   memory.obj
 0001:0001cfe1       _CopyString                0041dfe1 f   memory.obj
 0001:0001d005       _ChainCopyString           0041e005 f   memory.obj
 0001:0001d02d       _AllocNamedStruc           0041e02d f   memory.obj
 0001:0001d068       _ChainAllocNamedStruc      0041e068 f   memory.obj
 0001:0001d0a7       _FindNamedStruc            0041e0a7 f   memory.obj
 0001:0001d0eb       _FindNamedStrucByIndex     0041e0eb f   memory.obj
 0001:0001d102       _IndexOfNamedStruc         0041e102 f   memory.obj
 0001:0001d130       _AddToNamedList            0041e130 f   memory.obj
 0001:0001d17a       _ChainAddToNamedList       0041e17a f   memory.obj
 0001:0001d1c4       _FreeNamedList             0041e1c4 f   memory.obj
 0001:0001d1df       _Z_Init                    0041e1df f   memory.obj
 0001:0001d21a       _M_PushMenu                0041e21a f   menu.obj
 0001:0001d2d7       _M_ForceMenuOff            0041e2d7 f   menu.obj
 0001:0001d304       _M_PopMenu                 0041e304 f   menu.obj
 0001:0001d358       _Default_MenuKey           0041e358 f   menu.obj
 0001:0001d482       _M_Print                   0041e482 f   menu.obj
 0001:0001d4cd       _M_DrawTextBox             0041e4cd f   menu.obj
 0001:0001d6b9       _M_Main_Draw               0041e6b9 f   menu.obj
 0001:0001d82a       _M_Main_Key                0041e82a f   menu.obj
 0001:0001d90d       _M_Menu_Main_f             0041e90d f   menu.obj
 0001:0001d928       _M_Menu_Multiplayer_f      0041e928 f   menu.obj
 0001:0001daac       _M_Menu_Keys_f             0041eaac f   menu.obj
 0001:0001df8c       _M_Menu_Options_f          0041ef8c f   menu.obj
 0001:0001e87c       _M_Menu_Video_f            0041f87c f   menu.obj
 0001:0001e89c       _M_Menu_Credits_f          0041f89c f   menu.obj
 0001:0001ea69       _M_Menu_Game_f             0041fa69 f   menu.obj
 0001:0001ecfb       _M_Menu_LoadGame_f         0041fcfb f   menu.obj
 0001:0001eea7       _M_Menu_SaveGame_f         0041fea7 f   menu.obj
 0001:0001efe1       _M_AddToServerList         0041ffe1 f   menu.obj
 0001:0001f05f       _M_Menu_JoinServer_f       0042005f f   menu.obj
 0001:0001f2cd       _M_Menu_StartServer_f      004202cd f   menu.obj
 0001:0001faf7       _M_Menu_DMOptions_f        00420af7 f   menu.obj
 0001:000202b3       _M_Menu_DownloadOptions_f  004212b3 f   menu.obj
 0001:0002053a       _M_Menu_AddressBook_f      0042153a f   menu.obj
 0001:00021718       _M_Init                    00422718 f   menu.obj
 0001:0002183b       _M_Draw                    0042283b f   menu.obj
 0001:00021896       _M_Keydown                 00422896 f   menu.obj
 0001:000218b2       _SwapQ2BspFile             004228b2 f   model.obj
 0001:00021afb       _ProcessQ2BspFile          00422afb f   model.obj
 0001:00021bd4       _CheckLump                 00422bd4 f   model.obj
 0001:00021c19       _LoadQ2BspFile             00422c19 f   model.obj
 0001:00021dc0       _LoadBspFile               00422dc0 f   model.obj
 0001:00021eba       _Netchan_Init              00422eba f   net_chan.obj
 0001:00021f1a       _Netchan_OutOfBand         00422f1a f   net_chan.obj
 0001:00021f76       _Netchan_OutOfBandPrint    00422f76 f   net_chan.obj
 0001:00021fb6       _Netchan_Setup             00422fb6 f   net_chan.obj
 0001:00022011       _Netchan_NeedReliable      00423011 f   net_chan.obj
 0001:0002203d       _Netchan_Transmit          0042303d f   net_chan.obj
 0001:000221e6       _Netchan_Process           004231e6 f   net_chan.obj
 0001:00022331       _NetadrToSockadr           00423331 f   net_wins.obj
 0001:000223d8       _SockadrToNetadr           004233d8 f   net_wins.obj
 0001:0002243b       _NET_CompareAdr            0042343b f   net_wins.obj
 0001:0002249d       _NET_CompareBaseAdr        0042349d f   net_wins.obj
 0001:000224f5       _NET_AdrToString           004234f5 f   net_wins.obj
 0001:000225a9       _NET_StringToSockaddr      004235a9 f   net_wins.obj
 0001:000227de       _NET_StringToAdr           004237de f   net_wins.obj
 0001:00022837       _NET_IsLocalAddress        00423837 f   net_wins.obj
 0001:00022841       _NET_GetLoopPacket         00423841 f   net_wins.obj
 0001:000228c8       _NET_SendLoopPacket        004238c8 f   net_wins.obj
 0001:00022914       _NET_GetPacket             00423914 f   net_wins.obj
 0001:00022a49       _NET_SendPacket            00423a49 f   net_wins.obj
 0001:00022baa       _NET_IPSocket              00423baa f   net_wins.obj
 0001:00022cb9       _NET_OpenIP                00423cb9 f   net_wins.obj
 0001:00022dda       _NET_IPXSocket             00423dda f   net_wins.obj
 0001:00022ed5       _NET_OpenIPX               00423ed5 f   net_wins.obj
 0001:00022fbd       _NET_Config                00423fbd f   net_wins.obj
 0001:00023033       _NET_Sleep                 00424033 f   net_wins.obj
 0001:000230dd       _NET_Init                  004240dd f   net_wins.obj
 0001:00023354       _Pmove                     00424354 f   pmove.obj
 0001:00024f40       _RotatePointAroundVector   00425f40 f   q_shared2.obj
 0001:000250b0       _AngleVectors              004260b0 f   q_shared2.obj
 0001:000251b4       _ProjectPointOnPlane       004261b4 f   q_shared2.obj
 0001:00025233       _PerpendicularVector       00426233 f   q_shared2.obj
 0001:000252b2       _MatrixMultiply            004262b2 f   q_shared2.obj
 0001:00025399       _R_ConcatTransforms        00426399 f   q_shared2.obj
 0001:000254d3       _SetPlaneSignbits          004264d3 f   q_shared2.obj
 0001:00025505       _LerpAngle                 00426505 f   q_shared2.obj
 0001:00025548       _anglemod                  00426548 f   q_shared2.obj
 0001:0002556c       _BoxOnPlaneSide            0042656c f   q_shared2.obj
 0001:00025688       _ClearBounds               00426688 f   q_shared2.obj
 0001:000256b1       _AddPointToBounds          004266b1 f   q_shared2.obj
 0001:000256ea       _VectorCompare             004266ea f   q_shared2.obj
 0001:00025718       _VectorNormalize           00426718 f   q_shared2.obj
 0001:0002576c       _VectorNormalize2          0042676c f   q_shared2.obj
 0001:000257c4       _VectorMA                  004267c4 f   q_shared2.obj
 0001:000257f3       _CrossProduct              004267f3 f   q_shared2.obj
 0001:0002582e       _VectorLength              0042682e f   q_shared2.obj
 0001:00025856       _VectorDistance            00426856 f   q_shared2.obj
 0001:00025887       _VectorInverse             00426887 f   q_shared2.obj
 0001:000258a2       _VectorScale               004268a2 f   q_shared2.obj
 0001:000258c6       _AnglesToAxis              004268c6 f   q_shared2.obj
 0001:0002590b       _AxisCopy                  0042690b f   q_shared2.obj
 0001:00025948       _COM_StripExtension        00426948 f   q_shared2.obj
 0001:00025969       _COM_FilePath              00426969 f   q_shared2.obj
 0001:0002599f       _ShortSwap                 0042699f f   q_shared2.obj
 0001:000259b4       _va                        004269b4 f   q_shared2.obj
 0001:00025a01       _COM_ParseExt              00426a01 f   q_shared2.obj
 0001:00025afc       _Com_PageInMemory          00426afc f   q_shared2.obj
 0001:00025b1b       _Q_stricmp                 00426b1b f   q_shared2.obj
 0001:00025b2c       _Q_strncasecmp             00426b2c f   q_shared2.obj
 0001:00025b84       _Q_strcasecmp              00426b84 f   q_shared2.obj
 0001:00025b9a       _Q_strncpyz                00426b9a f   q_shared2.obj
 0001:00025bf7       _Q_strncpylower            00426bf7 f   q_shared2.obj
 0001:00025c31       _Q_CopyFilename            00426c31 f   q_shared2.obj
 0001:00025c73       _Com_sprintf               00426c73 f   q_shared2.obj
 0001:00025caf       _Info_ValueForKey          00426caf f   q_shared2.obj
 0001:00025d3a       _Info_RemoveKey            00426d3a f   q_shared2.obj
 0001:00025dc0       _Info_SetValueForKey       00426dc0 f   q_shared2.obj
 0001:00025efe       _Field_Draw                00426efe f   qmenu.obj
 0001:00026112       _Field_Key                 00427112 f   qmenu.obj
 0001:0002637b       _Menu_AddItem              0042737b f   qmenu.obj
 0001:000263b0       _Menu_AdjustCursor         004273b0 f   qmenu.obj
 0001:000264ef       _Menu_Center               004274ef f   qmenu.obj
 0001:00026527       _Menu_DrawDotsItem         00427527 f   qmenu.obj
 0001:0002658c       _Menu_Draw                 0042758c f   qmenu.obj
 0001:0002685d       _Menu_ItemAtCursor         0042785d f   qmenu.obj
 0001:00026875       _Menu_SelectItem           00427875 f   qmenu.obj
 0001:000268b7       _Menu_SetStatusBar         004278b7 f   qmenu.obj
 0001:000268c6       _Menu_SlideItem            004278c6 f   qmenu.obj
 0001:00026916       _Menu_TallySlots           00427916 f   qmenu.obj
 0001:00026dc6       _S_SoundInfo_f             00427dc6 f   snd_dma.obj
 0001:00026e50       _S_ReadModelsSex           00427e50 f   snd_dma.obj
 0001:00026f39       _S_IsFemale                00427f39 f   snd_dma.obj
 0001:00026f94       _S_Init                    00427f94 f   snd_dma.obj
 0001:00027067       _S_Shutdown                00428067 f   snd_dma.obj
 0001:000270f1       _S_FindName                004280f1 f   snd_dma.obj
 0001:000271dd       _S_AliasName               004281dd f   snd_dma.obj
 0001:00027269       _S_BeginRegistration       00428269 f   snd_dma.obj
 0001:0002727a       _S_RegisterSound           0042827a f   snd_dma.obj
 0001:000272e0       _S_EndRegistration         004282e0 f   snd_dma.obj
 0001:00027373       _S_PickChannel             00428373 f   snd_dma.obj
 0001:0002740a       _S_SpatializeOrigin        0042840a f   snd_dma.obj
 0001:00027512       _S_Spatialize              00428512 f   snd_dma.obj
 0001:00027580       _S_AllocPlaysound          00428580 f   snd_dma.obj
 0001:0002759f       _S_FreePlaysound           0042859f f   snd_dma.obj
 0001:000275cf       _S_IssuePlaysound          004285cf f   snd_dma.obj
 0001:00027690       _S_RegisterSexedSound      00428690 f   snd_dma.obj
 0001:00027774       _S_StartSound              00428774 f   snd_dma.obj
 0001:0002790a       _S_StartLocalSound         0042890a f   snd_dma.obj
 0001:00027959       _S_ClearBuffer             00428959 f   snd_dma.obj
 0001:000279b1       _S_StopAllSounds           004289b1 f   snd_dma.obj
 0001:00027a2c       _S_AddLoopSounds           00428a2c f   snd_dma.obj
 0001:00027bf8       _S_RawSamples              00428bf8 f   snd_dma.obj
 0001:00027dfc       _S_Update                  00428dfc f   snd_dma.obj
 0001:00027f54       _GetSoundtime              00428f54 f   snd_dma.obj
 0001:00027fbb       _S_Update_                 00428fbb f   snd_dma.obj
 0001:00028051       _S_Play                    00429051 f   snd_dma.obj
 0001:00028101       _S_SoundList               00429101 f   snd_dma.obj
 0001:000281c2       _ResampleSfx               004291c2 f   snd_mem.obj
 0001:000282c6       _S_LoadSound               004292c6 f   snd_mem.obj
 0001:000283ec       _GetLittleShort            004293ec f   snd_mem.obj
 0001:00028409       _GetLittleLong             00429409 f   snd_mem.obj
 0001:00028437       _FindNextChunk             00429437 f   snd_mem.obj
 0001:00028493       _GetWavinfo                00429493 f   snd_mem.obj
 0001:00028666       _S_WriteLinearBlastStereo16 00429666 f   snd_mix.obj
 0001:000286da       _S_TransferStereo16        004296da f   snd_mix.obj
 0001:00028743       _S_TransferPaintBuffer     00429743 f   snd_mix.obj
 0001:0002889f       _S_PaintChannels           0042989f f   snd_mix.obj
 0001:00028ac4       _S_InitScaletable          00429ac4 f   snd_mix.obj
 0001:00028b17       _S_PaintChannelFrom8       00429b17 f   snd_mix.obj
 0001:00028c19       _S_PaintChannelFrom16      00429c19 f   snd_mix.obj
 0001:00028c84       _FreeSound                 00429c84 f   snd_win.obj
 0001:00028d94       _SNDDMA_InitDirect         00429d94 f   snd_win.obj
 0001:00029263       _SNDDMA_Init               0042a263 f   snd_win.obj
 0001:000292df       _SNDDMA_GetDMAPos          0042a2df f   snd_win.obj
 0001:00029329       _SNDDMA_BeginPainting      0042a329 f   snd_win.obj
 0001:0002942b       _SNDDMA_Submit             0042a42b f   snd_win.obj
 0001:00029450       _SNDDMA_Shutdown           0042a450 f   snd_win.obj
 0001:00029455       _S_Activate                0042a455 f   snd_win.obj
 0001:00029480       _SV_SetMaster_f            0042a480 f   sv_ccmds.obj
 0001:0002959d       _SV_SetPlayer              0042a59d f   sv_ccmds.obj
 0001:00029689       _SV_WipeSavegame           0042a689 f   sv_ccmds.obj
 0001:0002973f       _CopyFile                  0042a73f f   sv_ccmds.obj
 0001:000297d8       _SV_CopySaveGame           0042a7d8 f   sv_ccmds.obj
 0001:000299a5       _SV_WriteLevelFile         0042a9a5 f   sv_ccmds.obj
 0001:00029a53       _SV_ReadLevelFile          0042aa53 f   sv_ccmds.obj
 0001:00029b01       _SV_WriteServerFile        0042ab01 f   sv_ccmds.obj
 0001:00029d15       _SV_ReadServerFile         0042ad15 f   sv_ccmds.obj
 0001:00029e23       _SV_DemoMap_f              0042ae23 f   sv_ccmds.obj
 0001:00029e5b       _SV_GameMap_f              0042ae5b f   sv_ccmds.obj
 0001:00029fd4       _SV_Map_f                  0042afd4 f   sv_ccmds.obj
 0001:0002a041       _SV_Loadgame_f             0042b041 f   sv_ccmds.obj
 0001:0002a139       _SV_Savegame_f             0042b139 f   sv_ccmds.obj
 0001:0002a238       _SV_Kick_f                 0042b238 f   sv_ccmds.obj
 0001:0002a2b5       _SV_Status_f               0042b2b5 f   sv_ccmds.obj
 0001:0002a457       _SV_ConSay_f               0042b457 f   sv_ccmds.obj
 0001:0002a4ea       _SV_Heartbeat_f            0042b4ea f   sv_ccmds.obj
 0001:0002a4f5       _SV_Serverinfo_f           0042b4f5 f   sv_ccmds.obj
 0001:0002a50d       _SV_DumpUser_f             0042b50d f   sv_ccmds.obj
 0001:0002a553       _SV_ServerRecord_f         0042b553 f   sv_ccmds.obj
 0001:0002a70a       _SV_ServerStop_f           0042b70a f   sv_ccmds.obj
 0001:0002a736       _SV_KillServer_f           0042b736 f   sv_ccmds.obj
 0001:0002a756       _SV_ServerCommand_f        0042b756 f   sv_ccmds.obj
 0001:0002a76e       _SV_InitOperatorCommands   0042b76e f   sv_ccmds.obj
 0001:0002a874       _SV_EmitPacketEntities     0042b874 f   sv_ents.obj
 0001:0002a9e2       _SV_WritePlayerstateToClient 0042b9e2 f   sv_ents.obj
 0001:0002aea0       _SV_WriteFrameToClient     0042bea0 f   sv_ents.obj
 0001:0002af5c       _SV_FatPVS                 0042bf5c f   sv_ents.obj
 0001:0002b089       _SV_BuildClientFrame       0042c089 f   sv_ents.obj
 0001:0002b354       _SV_RecordDemoMessage      0042c354 f   sv_ents.obj
 0001:0002b479       _SV_ShutdownGameProgs      0042c479 f   sv_game.obj
 0001:0002b492       _SV_InitGameProgs          0042c492 f   sv_game.obj
 0001:0002baf1       _SV_FindIndex              0042caf1 f   sv_init.obj
 0001:0002bbb8       _SV_ModelIndex             0042cbb8 f   sv_init.obj
 0001:0002bbce       _SV_SoundIndex             0042cbce f   sv_init.obj
 0001:0002bbe7       _SV_ImageIndex             0042cbe7 f   sv_init.obj
 0001:0002bc00       _SV_CreateBaseline         0042cc00 f   sv_init.obj
 0001:0002bc63       _SV_CheckForSavegame       0042cc63 f   sv_init.obj
 0001:0002bceb       _SV_SpawnServer            0042cceb f   sv_init.obj
 0001:0002bf68       _SV_InitGame               0042cf68 f   sv_init.obj
 0001:0002c153       _SV_Map                    0042d153 f   sv_init.obj
 0001:0002c34a       _SV_DropClient             0042d34a f   sv_main.obj
 0001:0002c39e       _SV_StatusString           0042d39e f   sv_main.obj
 0001:0002c485       _SVC_Status                0042d485 f   sv_main.obj
 0001:0002c4ae       _SVC_Info                  0042d4ae f   sv_main.obj
 0001:0002c564       _SVC_GetChallenge          0042d564 f   sv_main.obj
 0001:0002c62f       _SVC_DirectConnect         0042d62f f   sv_main.obj
 0001:0002cb0c       _Rcon_Validate             0042db0c f   sv_main.obj
 0001:0002cb3d       _SVC_RemoteCommand         0042db3d f   sv_main.obj
 0001:0002cc29       _SV_ConnectionlessPacket   0042dc29 f   sv_main.obj
 0001:0002cd85       _SV_CalcPings              0042dd85 f   sv_main.obj
 0001:0002ce0c       _SV_GiveMsec               0042de0c f   sv_main.obj
 0001:0002ce4b       _SV_ReadPackets            0042de4b f   sv_main.obj
 0001:0002cf7c       _SV_CheckTimeouts          0042df7c f   sv_main.obj
 0001:0002d038       _SV_PrepWorldFrame         0042e038 f   sv_main.obj
 0001:0002d05e       _SV_RunGameFrame           0042e05e f   sv_main.obj
 0001:0002d0e7       _SV_PostprocessFrame       0042e0e7 f   sv_main.obj
 0001:0002d507       _SV_Frame                  0042e507 f   sv_main.obj
 0001:0002d5c1       _Master_Heartbeat          0042e5c1 f   sv_main.obj
 0001:0002d678       _Master_Shutdown           0042e678 f   sv_main.obj
 0001:0002d6f6       _SV_UserinfoChanged        0042e6f6 f   sv_main.obj
 0001:0002d7be       _SV_Init                   0042e7be f   sv_main.obj
 0001:0002d821       _SV_FinalMessage           0042e821 f   sv_main.obj
 0001:0002d8e8       _SV_Shutdown               0042e8e8 f   sv_main.obj
 0001:0002d97f       _SV_FlushRedirect          0042e97f f   sv_send.obj
 0001:0002d9f1       _SV_ClientPrintf           0042e9f1 f   sv_send.obj
 0001:0002da47       _SV_BroadcastPrintf        0042ea47 f   sv_send.obj
 0001:0002db18       _SV_BroadcastCommand       0042eb18 f   sv_send.obj
 0001:0002db6a       _SV_Multicast              0042eb6a f   sv_send.obj
 0001:0002dd15       _SV_MulticastOld           0042ed15 f   sv_send.obj
 0001:0002dd28       _SV_StartSound             0042ed28 f   sv_send.obj
 0001:0002df82       _SV_StartSoundOld          0042ef82 f   sv_send.obj
 0001:0002dfb2       _SV_StartSoundNew          0042efb2 f   sv_send.obj
 0001:0002dfe2       _SV_SendClientDatagram     0042efe2 f   sv_send.obj
 0001:0002e0b6       _SV_DemoCompleted          0042f0b6 f   sv_send.obj
 0001:0002e0d2       _SV_RateDrop               0042f0d2 f   sv_send.obj
 0001:0002e11d       _SV_SendClientMessages     0042f11d f   sv_send.obj
 0001:0002e27a       _SV_BeginDemoserver        0042f27a f   sv_user.obj
 0001:0002e2ca       _SV_New_f                  0042f2ca f   sv_user.obj
 0001:0002e43f       _SV_Configstrings_f        0042f43f f   sv_user.obj
 0001:0002e58c       _SV_Baselines_f            0042f58c f   sv_user.obj
 0001:0002e6f4       _SV_Begin_f                0042f6f4 f   sv_user.obj
 0001:0002e751       _SV_NextDownload_f         0042f751 f   sv_user.obj
 0001:0002e825       _SV_BeginDownload_f        0042f825 f   sv_user.obj
 0001:0002ea5c       _SV_Disconnect_f           0042fa5c f   sv_user.obj
 0001:0002ea69       _SV_ShowServerinfo_f       0042fa69 f   sv_user.obj
 0001:0002ea76       _SV_Nextserver             0042fa76 f   sv_user.obj
 0001:0002ead5       _SV_Nextserver_f           0042fad5 f   sv_user.obj
 0001:0002eb1c       _SV_ExecuteUserCommand     0042fb1c f   sv_user.obj
 0001:0002eb89       _SV_ClientThink            0042fb89 f   sv_user.obj
 0001:0002ebcc       _SV_ExecuteClientMessage   0042fbcc f   sv_user.obj
 0001:0002edfa       _SV_CreateAreaNode         0042fdfa f   sv_world.obj
 0001:0002ef01       _SV_ClearWorld             0042ff01 f   sv_world.obj
 0001:0002ef2e       _SV_UnlinkEdict            0042ff2e f   sv_world.obj
 0001:0002ef53       _SV_LinkEdict              0042ff53 f   sv_world.obj
 0001:0002f38f       _SV_AreaEdicts_r           0043038f f   sv_world.obj
 0001:0002f49c       _SV_AreaEdicts             0043049c f   sv_world.obj
 0001:0002f4e0       _SV_PointContents          004304e0 f   sv_world.obj
 0001:0002f582       _SV_HullForEntity          00430582 f   sv_world.obj
 0001:0002f5c5       _SV_ClipMoveToEntities     004305c5 f   sv_world.obj
 0001:0002f744       _SV_TraceBounds            00430744 f   sv_world.obj
 0001:0002f7bc       _SV_Trace                  004307bc f   sv_world.obj
 0001:0002f8a7       _Sys_Error                 004308a7 f   sys_win.obj
 0001:0002f904       _Sys_Quit                  00430904 f   sys_win.obj
 0001:0002f944       _Sys_ScanForCD             00430944 f   sys_win.obj
 0001:0002f9e5       _Sys_Init                  004309e5 f   sys_win.obj
 0001:0002fe04       _Sys_ConsoleInput          00430e04 f   sys_win.obj
 0001:0002ff64       _Sys_ConsoleOutput         00430f64 f   sys_win.obj
 0001:00030015       _Sys_SendKeyEvents         00431015 f   sys_win.obj
 0001:0003007e       _Sys_GetClipboardData      0043107e f   sys_win.obj
 0001:000300d7       _Sys_AppActivate           004310d7 f   sys_win.obj
 0001:000300f2       _Sys_UnloadGame            004310f2 f   sys_win.obj
 0001:00030117       _Sys_GetGameAPI            00431117 f   sys_win.obj
 0001:00030204       _ParseCommandLine          00431204 f   sys_win.obj
 0001:00030279       _WinMain@16                00431279 f   sys_win.obj
 0001:000303a9       _AppActivate               004313a9 f   vid_dll.obj
 0001:000304de       _MainWndProc@16            004314de f   vid_dll.obj
 0001:000308c8       _Vid_GetModeInfo           004318c8 f   vid_dll.obj
 0001:000308f7       _Vid_UpdateWindowPosAndSize 004318f7 f   vid_dll.obj
 0001:0003095e       _Vid_NewWindow             0043195e f   vid_dll.obj
 0001:0003097b       _Vid_FreeReflib            0043197b f   vid_dll.obj
 0001:000309bc       _Vid_LoadRefresh           004319bc f   vid_dll.obj
 0001:00030c31       _Vid_CheckChanges          00431c31 f   vid_dll.obj
 0001:00030d7e       _Vid_Init                  00431d7e f   vid_dll.obj
 0001:00030de5       _Vid_Shutdown              00431de5 f   vid_dll.obj
 0001:00030e0b       _Vid_MenuInit              00431e0b f   vid_menu.obj
 0001:00031546       _Vid_MenuDraw              00432546 f   vid_menu.obj
 0001:000315da       _Vid_MenuKey               004325da f   vid_menu.obj
 0001:00031987       _GL_ClearBuffers           00432987 f   gl_backend.obj
 0001:00031996       _GL_ClearPortal            00432996 f   gl_backend.obj
 0001:000319b2       _GL_AddSurfaceToPortal     004329b2 f   gl_backend.obj
 0001:00031a03       _GL_InsertShaderIndex      00432a03 f   gl_backend.obj
 0001:00031a53       _GL_FinishPortal           00432a53 f   gl_backend.obj
 0001:00031aa8       _GL_BackEnd                00432aa8 f   gl_backend.obj
 0001:0003435c       _GL_InitBackend            0043535c f   gl_backend.obj
 0001:00034568       _GL_ShutdownBackend        00435568 f   gl_backend.obj
 0001:000345b5       _GL_Bind                   004355b5 f   gl_image.obj
 0001:0003464c       _GL_SelectTexture          0043564c f   gl_image.obj
 0001:0003469d       _GL_CullFace               0043569d f   gl_image.obj
 0001:000346e0       _GL_TexEnv                 004356e0 f   gl_image.obj
 0001:00034743       _GL_State                  00435743 f   gl_image.obj
 0001:000348b0       _GL_TextureMode            004358b0 f   gl_image.obj
 0001:00034964       _GL_CreateImage            00435964 f   gl_image.obj
 0001:00035443       _GL_SetRawPalette          00436443 f   gl_image.obj
 0001:00035474       _GL_DrawStretchRaw         00436474 f   gl_image.obj
 0001:00035727       _GL_SetupGamma             00436727 f   gl_image.obj
 0001:000358c5       _GL_InitImages             004368c5 f   gl_image.obj
 0001:00036137       _GL_ShutdownImages         00437137 f   gl_image.obj
 0001:000361be       _GL_ShowImages             004371be f   gl_image.obj
 0001:0003637c       _GL_FindImage              0043737c f   gl_image.obj
 0001:00036643       _GL_SetMode                00437643 f   gl_main.obj
 0001:00036720       _GL_SetDefaultState        00437720 f   gl_main.obj
 0001:0003682a       _GL_Set2DMode              0043782a f   gl_main.obj
 0001:000368fa       _GL_SetColorB              004378fa f   gl_main.obj
 0001:00036946       _GL_DrawStretchPic         00437946 f   gl_main.obj
 0001:00036a0d       _DrawTextPos               00437a0d f   gl_main.obj
 0001:00036adc       _DrawTextLeft              00437adc f   gl_main.obj
 0001:00036b18       _DrawTextRight             00437b18 f   gl_main.obj
 0001:00036b69       _GL_GetRefAPI              00437b69 f   gl_main.obj
 0001:00037ea0       _GL_FindModel              00438ea0 f   gl_model.obj
 0001:00037fa2       _GL_UpdateDynamicLightmap  00438fa2 f   gl_model.obj
 0001:000383da       _GL_LoadWorldMap           004393da f   gl_model.obj
 0001:0003a02b       _GL_PointInLeaf            0043b02b f   gl_model.obj
 0001:0003a672       _GL_FindSkin               0043b672 f   gl_model.obj
 0001:0003a683       _GL_ResetModels            0043b683 f   gl_model.obj
 0001:0003a73f       _GL_InitModels             0043b73f f   gl_model.obj
 0001:0003a7ac       _GL_ShutdownModels         0043b7ac f   gl_model.obj
 0001:0003a7c8       _GL_InitShaders            0043b7c8 f   gl_shader.obj
 0001:0003a8e3       _GL_ShutdownShaders        0043b8e3 f   gl_shader.obj
 0001:0003a90d       _GL_ResetShaders           0043b90d f   gl_shader.obj
 0001:0003a9d6       _GL_SetShaderLightmap      0043b9d6 f   gl_shader.obj
 0001:0003aca2       _GL_GetAlphaShader         0043bca2 f   gl_shader.obj
 0001:0003af19       _GL_FindShader             0043bf19 f   gl_shader.obj
 0001:0003b3c3       _GL_GetShaderByNum         0043c3c3 f   gl_shader.obj
 0001:0003b3e1       _GL_DrawWorld              0043c3e1 f   gl_world.obj
 0001:0003b8a3       _GL_DrawEntities           0043c8a3 f   gl_world.obj
 0001:0003be3e       _GL_AddEntity              0043ce3e f   gl_world.obj
 0001:0003c042       _GL_CreateWindow           0043d042 f   glw_imp.obj
 0001:0003c187       _GLimp_SetMode             0043d187 f   glw_imp.obj
 0001:0003c3fe       _GLimp_HasGamma            0043d3fe f   glw_imp.obj
 0001:0003c413       _GLimp_SetGamma            0043d413 f   glw_imp.obj
 0001:0003c502       _GLimp_Shutdown            0043d502 f   glw_imp.obj
 0001:0003c624       _GLimp_Init                0043d624 f   glw_imp.obj
 0001:0003c6eb       _GLimp_InitGL              0043d6eb f   glw_imp.obj
 0001:0003c971       _GLimp_EndFrame            0043d971 f   glw_imp.obj
 0001:0003ca0d       _GLimp_AppActivate         0043da0d f   glw_imp.obj
 0001:0003e0ff       _QGL_Shutdown              0043f0ff f   qgl_win.obj
 0001:0003e125       _QGL_Init                  0043f125 f   qgl_win.obj
 0001:0003e1a9       _QGL_InitExtensions        0043f1a9 f   qgl_win.obj
 0001:0003e3a4       _GLimp_EnableLogging       0043f3a4 f   qgl_win.obj
 0001:0003e46f       _GLimp_LogMessage          0043f46f f   qgl_win.obj
 0001:0003e486       _Hunk_Begin                0043f486 f   q_shwin.obj
 0001:0003e4c0       _Hunk_Alloc                0043f4c0 f   q_shwin.obj
 0001:0003e547       _Hunk_End                  0043f547 f   q_shwin.obj
 0001:0003e54d       _Hunk_Free                 0043f54d f   q_shwin.obj
 0001:0003e566       _Sys_Milliseconds          0043f566 f   q_shwin.obj
 0001:0003e59a       _Sys_Mkdir                 0043f59a f   q_shwin.obj
 0001:0003e5a6       _Sys_FindFirst             0043f5a6 f   q_shwin.obj
 0001:0003e6c7       _Sys_FindNext              0043f6c7 f   q_shwin.obj
 0001:0003e739       _Sys_FindClose             0043f739 f   q_shwin.obj
 0001:0003e753       _R_Alias_clip_z            0043f753 f   r_aclip.obj
 0001:0003e800       _R_Alias_clip_left         0043f800 f   r_aclip.obj
 0001:0003e9ce       _R_Alias_clip_right        0043f9ce f   r_aclip.obj
 0001:0003eb9c       _R_Alias_clip_top          0043fb9c f   r_aclip.obj
 0001:0003ed6c       _R_Alias_clip_bottom       0043fd6c f   r_aclip.obj
 0001:0003ef3c       _R_AliasClip               0043ff3c f   r_aclip.obj
 0001:0003f00c       _R_AliasClipTriangle       0044000c f   r_aclip.obj
 0001:0003f1fe       _R_AliasCheckFrameBBox     004401fe f   r_alias.obj
 0001:0003f331       _R_AliasCheckBBox          00440331 f   r_alias.obj
 0001:0003f395       _R_AliasTransformVector    00440395 f   r_alias.obj
 0001:0003f3f1       _R_AliasPreparePoints      004403f1 f   r_alias.obj
 0001:0003f689       _R_AliasSetUpTransform     00440689 f   r_alias.obj
 0001:0003f845       _R_AliasTransformFinalVerts 00440845 f   r_alias.obj
 0001:0003fa16       _R_AliasProjectAndClipTestFinalVert 00440a16 f   r_alias.obj
 0001:0003fa9e       _R_AliasSetupLighting      00440a9e f   r_alias.obj
 0001:0003fc10       _R_AliasSetupFrames        00440c10 f   r_alias.obj
 0001:0003fc84       _R_AliasSetUpLerpData      00440c84 f   r_alias.obj
 0001:0003fdac       _R_AliasDrawModel          00440dac f   r_alias.obj
 0001:00040033       _R_EntityRotate            00441033 f   r_bsp.obj
 0001:000400a2       _R_RotateBmodel            004410a2 f   r_bsp.obj
 0001:000401fd       _R_RecursiveClipBPoly      004411fd f   r_bsp.obj
 0001:0004052d       _R_DrawSolidClippedSubmodelPolygons 0044152d f   r_bsp.obj
 0001:000406b4       _R_DrawSubmodelPolygons    004416b4 f   r_bsp.obj
 0001:00040744       _R_RecursiveWorldNode      00441744 f   r_bsp.obj
 0001:0004099f       _R_RenderWorld             0044199f f   r_bsp.obj
 0001:00040a1a       _Draw_FindPic              00441a1a f   r_draw.obj
 0001:00040a5d       _Draw_InitLocal            00441a5d f   r_draw.obj
 0001:00040a6e       _Draw_Char                 00441a6e f   r_draw.obj
 0001:00040b4f       _Draw_CharColor            00441b4f f   r_draw.obj
 0001:00040c5e       _R_DrawTexts               00441c5e f   r_draw.obj
 0001:00040cd4       _DrawText_Pos              00441cd4 f   r_draw.obj
 0001:00040de0       _DrawText_Left             00441de0 f   r_draw.obj
 0001:00040e1c       _DrawText_Right            00441e1c f   r_draw.obj
 0001:00040e6b       _Draw_GetPicSize           00441e6b f   r_draw.obj
 0001:00040eab       _Draw_StretchPicImplementation 00441eab f   r_draw.obj
 0001:00040fd5       _Draw_StretchPic           00441fd5 f   r_draw.obj
 0001:0004100d       _Draw_StretchRaw           0044200d f   r_draw.obj
 0001:0004103f       _Draw_Pic                  0044203f f   r_draw.obj
 0001:000411f8       _Draw_PicColor             004421f8 f   r_draw.obj
 0001:000413b1       _Draw_TileClear            004423b1 f   r_draw.obj
 0001:00041481       _Draw_Fill                 00442481 f   r_draw.obj
 0001:0004151d       _Draw_FadeScreen           0044251d f   r_draw.obj
 0001:0004156a       _R_BeginEdgeFrame          0044256a f   r_edge.obj
 0001:00041626       _R_InsertNewEdges          00442626 f   r_edge.obj
 0001:0004166c       _R_RemoveEdges             0044266c f   r_edge.obj
 0001:0004168a       _R_StepActiveU             0044268a f   r_edge.obj
 0001:0004171e       _R_CleanupSpan             0044271e f   r_edge.obj
 0001:0004176e       _R_LeadingEdgeBackwards    0044276e f   r_edge.obj
 0001:00041803       _R_TrailingEdge            00442803 f   r_edge.obj
 0001:00041867       _R_LeadingEdge             00442867 f   r_edge.obj
 0001:00041a0a       _R_GenerateSpans           00442a0a f   r_edge.obj
 0001:00041a78       _R_GenerateSpansBackward   00442a78 f   r_edge.obj
 0001:00041ae6       _R_ScanEdges               00442ae6 f   r_edge.obj
 0001:00041cbd       _D_FlatFillSurface         00442cbd f   r_edge.obj
 0001:00041d17       _D_CalcGradients           00442d17 f   r_edge.obj
 0001:00041f2e       _D_BackgroundSurf          00442f2e f   r_edge.obj
 0001:00041f6e       _D_TurbulentSurf           00442f6e f   r_edge.obj
 0001:000420c7       _D_SkySurf                 004430c7 f   r_edge.obj
 0001:00042148       _D_SolidSurf               00443148 f   r_edge.obj
 0001:000422ea       _D_DrawflatSurfaces        004432ea f   r_edge.obj
 0001:0004233a       _D_DrawSurfaces            0044333a f   r_edge.obj
 0001:00042447       _R_ImageList_f             00443447 f   r_image.obj
 0001:00042508       _R_FindFreeImage           00443508 f   r_image.obj
 0001:00042556       _R_LoadPic                 00443556 f   r_image.obj
 0001:000425e6       _R_LoadTex                 004435e6 f   r_image.obj
 0001:00042672       _R_LoadWal                 00443672 f   r_image.obj
 0001:000426c8       _R_MipMap                  004436c8 f   r_image.obj
 0001:000427f6       _R_DownsampleImage         004437f6 f   r_image.obj
 0001:000428fb       _R_FindImage               004438fb f   r_image.obj
 0001:00042ca0       _R_RegisterSkin            00443ca0 f   r_image.obj
 0001:00042cae       _R_FreeUnusedImages        00443cae f   r_image.obj
 0001:00042d0e       _R_InitImages              00443d0e f   r_image.obj
 0001:00042d74       _R_ShutdownImages          00443d74 f   r_image.obj
 0001:00042db1       _R_MarkLights              00443db1 f   r_light.obj
 0001:00042e80       _R_PushDlights             00443e80 f   r_light.obj
 0001:00042ed5       _RecursiveLightPoint       00443ed5 f   r_light.obj
 0001:0004317e       _R_LightPoint              0044417e f   r_light.obj
 0001:000432b3       _R_AddDynamicLights        004442b3 f   r_light.obj
 0001:00043539       _R_BuildLightMap           00444539 f   r_light.obj
 0001:0004362f       _R_InitTextures            0044462f f   r_main.obj
 0001:000436f0       _R_InitTurb                004446f0 f   r_main.obj
 0001:0004376d       _R_Register                0044476d f   r_main.obj
 0001:000437e4       _R_UnRegister              004447e4 f   r_main.obj
 0001:00043808       _R_Init                    00444808 f   r_main.obj
 0001:000438a3       _R_Shutdown                004448a3 f   r_main.obj
 0001:00043906       _R_NewMap                  00444906 f   r_main.obj
 0001:000439b0       _R_MarkLeaves              004449b0 f   r_main.obj
 0001:00043ad7       _R_DrawEntitiesOnList      00444ad7 f   r_main.obj
 0001:00043cff       _R_BmodelCheckBBox         00444cff f   r_main.obj
 0001:00043db1       _R_FindTopnode             00444db1 f   r_main.obj
 0001:00043e39       _RotatedBBox               00444e39 f   r_main.obj
 0001:00043fa7       _R_DrawBEntitiesOnList     00444fa7 f   r_main.obj
 0001:000441f4       _R_EdgeDrawing             004451f4 f   r_main.obj
 0001:000442c9       _R_CalcPalette             004452c9 f   r_main.obj
 0001:000443ce       _R_SetLightLevel           004453ce f   r_main.obj
 0001:0004441c       _R_RenderFrame             0044541c f   r_main.obj
 0001:00044604       _R_InitGraphics            00445604 f   r_main.obj
 0001:0004467a       _R_BeginFrame              0044567a f   r_main.obj
 0001:0004479d       _R_GammaCorrectAndSetPalette 0044579d f   r_main.obj
 0001:000447fc       _R_CinematicSetPalette     004457fc f   r_main.obj
 0001:00044893       _Draw_BuildGammaTable      00445893 f   r_main.obj
 0001:0004493e       _R_DrawBeam                0044593e f   r_main.obj
 0001:00044aa4       _R_SetSky                  00445aa4 f   r_main.obj
 0001:00044b2c       _Draw_GetPalette           00445b2c f   r_main.obj
 0001:00044c74       _Draw_ConCharColor         00445c74 f   r_main.obj
 0001:00044c95       _GetRefAPI                 00445c95 f   r_main.obj
 0001:00044ddc       _D_ViewChanged             00445ddc f   r_misc.obj
 0001:00044f38       _R_PrintTimes              00445f38 f   r_misc.obj
 0001:00044fb2       _R_PrintDSpeeds            00445fb2 f   r_misc.obj
 0001:00045079       _R_PrintAliasStats         00446079 f   r_misc.obj
 0001:0004508c       _R_TransformFrustum        0044608c f   r_misc.obj
 0001:0004514b       _TransformVector           0044614b f   r_misc.obj
 0001:000451b6       _R_SetUpFrustumIndexes     004461b6 f   r_misc.obj
 0001:0004521b       _R_ViewChanged             0044621b f   r_misc.obj
 0001:0004552a       _R_SetupFrame              0044652a f   r_misc.obj
 0001:00045759       _WritePCXfile              00446759 f   r_misc.obj
 0001:0004587b       _R_ScreenShot_f            0044687b f   r_misc.obj
 0001:0004599b       _Mod_Modellist_f           0044699b f   r_model.obj
 0001:000459f9       _Mod_Init                  004469f9 f   r_model.obj
 0001:00045a11       _Mod_ForName               00446a11 f   r_model.obj
 0001:00045c49       _Mod_PointInLeaf           00446c49 f   r_model.obj
 0001:00045cab       _Mod_DecompressVis         00446cab f   r_model.obj
 0001:00045d2b       _Mod_ClusterPVS            00446d2b f   r_model.obj
 0001:00045d58       _Mod_LoadLighting          00446d58 f   r_model.obj
 0001:00045dd7       _R_NumberLeafs             00446dd7 f   r_model.obj
 0001:00045e25       _Mod_LoadVertexes          00446e25 f   r_model.obj
 0001:00045e67       _Mod_LoadEdges             00446e67 f   r_model.obj
 0001:00045eb5       _Mod_LoadTexinfo           00446eb5 f   r_model.obj
 0001:0004601d       _CalcSurfaceExtents        0044701d f   r_model.obj
 0001:00046188       _Mod_LoadFaces             00447188 f   r_model.obj
 0001:000462ef       _Mod_SetParent             004472ef f   r_model.obj
 0001:00046314       _Mod_LoadNodes             00447314 f   r_model.obj
 0001:0004640a       _Mod_LoadLeafs             0044740a f   r_model.obj
 0001:000464b3       _Mod_LoadMarksurfaces      004474b3 f   r_model.obj
 0001:0004652f       _Mod_LoadSurfedges         0044752f f   r_model.obj
 0001:0004656e       _Mod_LoadPlanes            0044756e f   r_model.obj
 0001:000465d6       _Mod_LoadBrushModel        004475d6 f   r_model.obj
 0001:000467e9       _Mod_LoadAliasModel        004477e9 f   r_model.obj
 0001:00046a69       _Mod_LoadSpriteModel       00447a69 f   r_model.obj
 0001:00046b50       _R_BeginRegistration       00447b50 f   r_model.obj
 0001:00046be0       _R_RegisterModel           00447be0 f   r_model.obj
 0001:00046cd8       _R_EndRegistration         00447cd8 f   r_model.obj
 0001:00046d43       _Mod_FreeAll               00447d43 f   r_model.obj
 0001:00046d88       _R_DrawParticle            00447d88 f   r_part.obj
 0001:00047011       _R_DrawParticles           00448011 f   r_part.obj
 0001:000470c8       _R_DrawSpanletOpaque       004480c8 f   r_poly.obj
 0001:00047158       _R_DrawSpanletTurbulentStipple33 00448158 f   r_poly.obj
 0001:00047283       _R_DrawSpanletTurbulentStipple66 00448283 f   r_poly.obj
 0001:00047464       _R_DrawSpanletTurbulentBlended66 00448464 f   r_poly.obj
 0001:00047519       _R_DrawSpanletTurbulentBlended33 00448519 f   r_poly.obj
 0001:000475ce       _R_DrawSpanlet33           004485ce f   r_poly.obj
 0001:00047668       _R_DrawSpanletConstant33   00448668 f   r_poly.obj
 0001:000476c1       _R_DrawSpanlet66           004486c1 f   r_poly.obj
 0001:0004775f       _R_DrawSpanlet33Stipple    0044875f f   r_poly.obj
 0001:0004787a       _R_DrawSpanlet66Stipple    0044887a f   r_poly.obj
 0001:00047a0b       _R_ClipPolyFace            00448a0b f   r_poly.obj
 0001:00047b7c       _R_PolygonDrawSpans        00448b7c f   r_poly.obj
 0001:00047f04       _R_PolygonScanLeftEdge     00448f04 f   r_poly.obj
 0001:00048038       _R_PolygonScanRightEdge    00449038 f   r_poly.obj
 0001:00048228       _R_ClipAndDrawPoly         00449228 f   r_poly.obj
 0001:0004842a       _R_BuildPolygonFromSurface 0044942a f   r_poly.obj
 0001:0004866c       _R_PolygonCalculateGradients 0044966c f   r_poly.obj
 0001:00048925       _R_DrawAlphaSurfaces       00449925 f   r_poly.obj
 0001:000489bb       _R_IMFlatShadedQuad        004499bb f   r_poly.obj
 0001:00048b36       _R_InitAdivtab             00449b36 f   r_polyse.obj
 0001:00048ba1       _R_PolysetUpdateTables     00449ba1 f   r_polyse.obj
 0001:00048bdc       _R_DrawTriangle            00449bdc f   r_polyse.obj
 0001:00048ced       _R_PolysetScanLeftEdge_C   00449ced f   r_polyse.obj
 0001:00048eb7       _FloorDivMod               00449eb7 f   r_polyse.obj
 0001:00048f53       _R_PolysetSetUpForLineScan 00449f53 f   r_polyse.obj
 0001:00048fe1       _R_PolysetCalcGradients    00449fe1 f   r_polyse.obj
 0001:000491ec       _R_PolysetDrawSpans8_33    0044a1ec f   r_polyse.obj
 0001:0004931c       _R_PolysetDrawSpansConstant8_33 0044a31c f   r_polyse.obj
 0001:000493b6       _R_PolysetDrawSpans8_66    0044a3b6 f   r_polyse.obj
 0001:000494f2       _R_PolysetDrawSpansConstant8_66 0044a4f2 f   r_polyse.obj
 0001:0004959a       _R_PolysetDrawSpans8_Opaque 0044a59a f   r_polyse.obj
 0001:000496e5       _R_RasterizeAliasPolySmooth 0044a6e5 f   r_polyse.obj
 0001:00049cc5       _R_PolysetSetEdgeTable     0044acc5 f   r_polyse.obj
 0001:00049d60       _R_InitSkyBox              0044ad60 f   r_rast.obj
 0001:00049fe7       _R_EmitSkyBox              0044afe7 f   r_rast.obj
 0001:0004a0fa       _R_EmitEdge                0044b0fa f   r_rast.obj
 0001:0004a4ce       _R_ClipEdge                0044b4ce f   r_rast.obj
 0001:0004a67c       _R_EmitCachedEdge          0044b67c f   r_rast.obj
 0001:0004a6d3       _R_RenderFace              0044b6d3 f   r_rast.obj
 0001:0004aa9a       _R_RenderBmodelFace        0044ba9a f   r_rast.obj
 0001:0004ad03       _D_WarpScreen              0044bd03 f   r_scan.obj
 0001:0004aeab       _D_DrawTurbulent8Span      0044beab f   r_scan.obj
 0001:0004af2f       _Turbulent8                0044bf2f f   r_scan.obj
 0001:0004b203       _NonTurbulent8             0044c203 f   r_scan.obj
 0001:0004b4c1       _D_DrawSpans16             0044c4c1 f   r_scan.obj
 0001:0004b75b       _D_DrawZSpans              0044c75b f   r_scan.obj
 0001:0004b818       _R_DrawSprite              0044c818 f   r_sprite.obj
 0001:0004bae6       _R_TextureAnimation        0044cae6 f   r_surf.obj
 0001:0004bb0a       _R_DrawSurface             0044cb0a f   r_surf.obj
 0001:0004bc6f       _R_DrawSurfaceBlock8_mip0  0044cc6f f   r_surf.obj
 0001:0004bd6e       _R_DrawSurfaceBlock8_mip1  0044cd6e f   r_surf.obj
 0001:0004be6d       _R_DrawSurfaceBlock8_mip2  0044ce6d f   r_surf.obj
 0001:0004bf6c       _R_DrawSurfaceBlock8_mip3  0044cf6c f   r_surf.obj
 0001:0004c068       _R_InitCaches              0044d068 f   r_surf.obj
 0001:0004c0e9       _D_FlushCaches             0044d0e9 f   r_surf.obj
 0001:0004c12e       _D_SCAlloc                 0044d12e f   r_surf.obj
 0001:0004c2c2       _D_CacheSurface            0044d2c2 f   r_surf.obj
 0001:0004c459       _DDRAW_Init                0044d459 f   rw_ddraw.obj
 0001:0004c869       _DDRAW_SetPalette          0044d869 f   rw_ddraw.obj
 0001:0004c8d2       _DDRAW_Shutdown            0044d8d2 f   rw_ddraw.obj
 0001:0004cf1d       _DIB_Init                  0044df1d f   rw_dib.obj
 0001:0004d102       _DIB_SetPalette            0044e102 f   rw_dib.obj
 0001:0004d2c6       _DIB_Shutdown              0044e2c6 f   rw_dib.obj
 0001:0004d3bf       _Vid_CreateWindow          0044e3bf f   rw_imp.obj
 0001:0004d4f4       _SWimp_Init                0044e4f4 f   rw_imp.obj
 0001:0004d50a       _SWimp_EndFrame            0044e50a f   rw_imp.obj
 0001:0004d676       _SWimp_SetMode             0044e676 f   rw_imp.obj
 0001:0004d794       _SWimp_SetPalette          0044e794 f   rw_imp.obj
 0001:0004d7b9       _SWimp_Shutdown            0044e7b9 f   rw_imp.obj
 0001:0004d815       _SWimp_AppActivate         0044e815 f   rw_imp.obj
 0001:0004d858       _adler32                   0044e858 f   adler32.obj
 0001:0004d971       _crc32                     0044e971 f   crc32.obj
 0001:0004da87       _inflate_blocks_reset      0044ea87 f   infblock.obj
 0001:0004daf2       _inflate_blocks_new        0044eaf2 f   infblock.obj
 0001:0004db7d       _inflate_blocks            0044eb7d f   infblock.obj
 0001:0004e394       _inflate_blocks_free       0044f394 f   infblock.obj
 0001:0004e3c8       _inflate_codes_new         0044f3c8 f   infcodes.obj
 0001:0004e3fc       _inflate_codes             0044f3fc f   infcodes.obj
 0001:0004e9ba       _inflate_codes_free        0044f9ba f   infcodes.obj
 0001:0004e9cb       _inflate_fast              0044f9cb f   inffast.obj
 0001:0004ec96       _inflateReset              0044fc96 f   inflate.obj
 0001:0004ecd5       _inflateEnd                0044fcd5 f   inflate.obj
 0001:0004ed13       _inflateInit2_             0044fd13 f   inflate.obj
 0001:0004edfd       _inflate                   0044fdfd f   inflate.obj
 0001:0004f160       _inflate_trees_bits        00450160 f   inftrees.obj
 0001:0004f56e       _inflate_trees_dynamic     0045056e f   inftrees.obj
 0001:0004f671       _inflate_trees_fixed       00450671 f   inftrees.obj
[...]
 0001:000316ba       _ApplyChanges              004326ba f   vid_menu.obj
 0001:00030453       _WIN_DisableAltTab         00431453 f   vid_dll.obj
 0001:0003049f       _WIN_EnableAltTab          0043149f f   vid_dll.obj
 0001:000307ed       _MapKey                    004317ed f   vid_dll.obj
 0001:00037dd1       _D_RenderFrame             00438dd1 f   gl_main.obj
 0001:00037dd1       _D_BeginRegistration       00438dd1 f   gl_main.obj
 0001:0005704a       _D_RegisterModel           0045804a f   jdcoefct.obj
 0001:0005704a       _D_RegisterSkin            0045804a f   jdcoefct.obj
 0001:0005704a       _D_FindPic                 0045804a f   jdcoefct.obj
 0001:00037dd1       _D_SetSky                  00438dd1 f   gl_main.obj
 0001:00037dd1       _D_EndRegistration         00438dd1 f   gl_main.obj
 0001:00030c1a       _D_Draw_GetPicSize         00431c1a f   vid_dll.obj
 0001:00037dd1       _D_Draw_PicColor           00438dd1 f   gl_main.obj
 0001:00037dd1       _D_Draw_StretchPic         00438dd1 f   gl_main.obj
 0001:00037dd1       _D_Draw_CharColor          00438dd1 f   gl_main.obj
 0001:00037dd1       _D_Draw_TileClear          00438dd1 f   gl_main.obj
 0001:00037dd1       _D_Draw_Fill               00438dd1 f   gl_main.obj
 0001:00037dd1       _D_Draw_FadeScreen         00438dd1 f   gl_main.obj
 0001:00037dd1       _D_DrawTextPos             00438dd1 f   gl_main.obj
 0001:00037dd1       _D_DrawTextSide            00438dd1 f   gl_main.obj
 0001:00037dd1       _D_Draw_StretchRaw         00438dd1 f   gl_main.obj
 0001:00037dd1       _D_SetPalette              00438dd1 f   gl_main.obj
 0001:00030dbb       _Vid_Restart_f             00431dbb f   vid_dll.obj
 0001:00030dc8       _Vid_Front_f               00431dc8 f   vid_dll.obj
 0001:0002faaf       _ExceptionFilter@4         00430aaf f   sys_win.obj
 0001:0002fd21       _DumpReg4                  00430d21 f   sys_win.obj
 0001:0002fdb9       _DumpMem                   00430db9 f   sys_win.obj
 0001:0002b64d       _PF_Unicast                0042c64d f   sv_game.obj
 0001:0002b6b9       _PF_dprintf                0042c6b9 f   sv_game.obj
 0001:0002b6ec       _PF_cprintf                0042c6ec f   sv_game.obj
 0001:0002b783       _PF_centerprintf           0042c783 f   sv_game.obj
 0001:0002b7eb       _PF_error                  0042c7eb f   sv_game.obj
 0001:0002b820       _PF_setmodel               0042c820 f   sv_game.obj
 0001:0002b891       _PF_Configstring           0042c891 f   sv_game.obj
 0001:0002b911       _PF_WriteChar              0042c911 f   sv_game.obj
 0001:0002b911       _PF_WriteByte              0042c911 f   sv_game.obj
 0001:0002b922       _PF_WriteShort             0042c922 f   sv_game.obj
 0001:0002b933       _PF_WriteLong              0042c933 f   sv_game.obj
 0001:0002b944       _PF_WriteFloat             0042c944 f   sv_game.obj
 0001:0002b959       _PF_WriteString            0042c959 f   sv_game.obj
 0001:0002b96a       _PF_WritePos               0042c96a f   sv_game.obj
 0001:0002b97b       _PF_WriteDir               0042c97b f   sv_game.obj
 0001:0002b98c       _PF_WriteAngle             0042c98c f   sv_game.obj
 0001:0002b9a1       _PF_inPVS                  0042c9a1 f   sv_game.obj
 0001:0002ba19       _PF_inPHS                  0042ca19 f   sv_game.obj
 0001:0002ba91       _PF_StartSound             0042ca91 f   sv_game.obj
 0001:0002bac4       _PF_TagMalloc              0042cac4 f   sv_game.obj
 0001:0002bad6       _PF_Cvar_Get               0042cad6 f   sv_game.obj
 0001:00028cfc       _DS_DestroyBuffers         00429cfc f   snd_win.obj
 0001:00028ee5       _DS_CreateBuffers          00429ee5 f   snd_win.obj
 0001:00026434       _Menu_MakeVisible          00427434 f   qmenu.obj
 0001:000264be       _Menu_CompletelyVisible    004274be f   qmenu.obj
 0001:00026566       _strlen_color              00427566 f   qmenu.obj
 0001:00026714       _Action_Draw               00427714 f   qmenu.obj
 0001:0002678f       _Menu_ItemVisible          0042778f f   qmenu.obj
 0001:000267d8       _Menu_DrawStatusBar        004277d8 f   qmenu.obj
 0001:0002694d       _MenuList_Draw             0042794d f   qmenu.obj
 0001:000269d5       _DrawCaption               004279d5 f   qmenu.obj
 0001:00026a14       _Separator_Draw            00427a14 f   qmenu.obj
 0001:00026a65       _Slider_DoSlide            00427a65 f   qmenu.obj
 0001:00026a9c       _Slider_Draw               00427a9c f   qmenu.obj
 0001:00026b8f       _SpinControl_DoSlide       00427b8f f   qmenu.obj
 0001:00026bbe       _SpinControl_Draw          00427bbe f   qmenu.obj
 0001:00026c99       _SpinControl2_DoSlide      00427c99 f   qmenu.obj
 0001:00026cda       _SpinControl2_Draw         00427cda f   qmenu.obj
 0001:0002360f       _StepSlideMove             0042460f f   pmove.obj
 0001:000237fe       _StepSlideMove_            004247fe f   pmove.obj
 0001:00023a80       _ClipVelocity              00424a80 f   pmove.obj
 0001:00023ae9       _Friction                  00424ae9 f   pmove.obj
 0001:00023bf4       _WaterMove                 00424bf4 f   pmove.obj
 0001:00023cdc       _Accelerate                00424cdc f   pmove.obj
 0001:00023d48       _AddCurrents               00424d48 f   pmove.obj
 0001:00023fd7       _AirMove                   00424fd7 f   pmove.obj
 0001:00024232       _AirAccelerate             00425232 f   pmove.obj
 0001:000242b8       _CatagorizePosition        004252b8 f   pmove.obj
 0001:0002450e       _CheckJump                 0042550e f   pmove.obj
 0001:000245d5       _CheckSpecialMovement      004255d5 f   pmove.obj
 0001:00024738       _FlyMove                   00425738 f   pmove.obj
 0001:0002499e       _CheckDuck                 0042599e f   pmove.obj
 0001:00024ad3       _DeadMove                  00425ad3 f   pmove.obj
 0001:00024b3f       _SnapPosition              00425b3f f   pmove.obj
 0001:00024cb5       _GoodPosition              00425cb5 f   pmove.obj
 0001:00024d2b       _InitialSnapPosition       00425d2b f   pmove.obj
 0001:00024e44       _ClampAngles               00425e44 f   pmove.obj
 0001:00023118       _NET_ErrorString           00424118 f   net_wins.obj
 0001:0001d948       _Multiplayer_MenuDraw      0041e948 f   menu.obj
 0001:0001d96b       _M_Banner                  0041e96b f   menu.obj
 0001:0001d9ad       _Multiplayer_MenuInit      0041e9ad f   menu.obj
 0001:0001da9b       _Multiplayer_MenuKey       0041ea9b f   menu.obj
 0001:0001dacc       _Keys_MenuInit             0041eacc f   menu.obj
 0001:0001dc66       _KeyCursorDrawFunc         0041ec66 f   menu.obj
 0001:0001dca7       _DrawKeyBindingFunc        0041eca7 f   menu.obj
 0001:0001dd7f       _M_FindKeysForCommand      0041ed7f f   menu.obj
 0001:0001ddcf       _SeekLine                  0041edcf f   menu.obj
 0001:0001ddf6       _AppendToken               0041edf6 f   menu.obj
 0001:0001de20       _Keys_MenuDraw             0041ee20 f   menu.obj
 0001:0001de39       _Keys_MenuKey              0041ee39 f   menu.obj
 0001:0001deee       _M_UnbindCommand           0041eeee f   menu.obj
 0001:0001df3a       _KeyBindingFunc            0041ef3a f   menu.obj
 0001:0001dfac       _Options_MenuInit          0041efac f   menu.obj
 0001:0001e40a       _CrosshairFunc             0041f40a f   menu.obj
 0001:0001e42e       _JoystickFunc              0041f42e f   menu.obj
 0001:0001e441       _CustomizeControlsFunc     0041f441 f   menu.obj
 0001:0001e446       _AlwaysRunFunc             0041f446 f   menu.obj
 0001:0001e459       _FreeLookFunc              0041f459 f   menu.obj
 0001:0001e46c       _MouseSpeedFunc            0041f46c f   menu.obj
 0001:0001e489       _ControlsSetMenuItemValues 0041f489 f   menu.obj
 0001:0001e623       _ControlsResetDefaultsFunc 0041f623 f   menu.obj
 0001:0001e638       _InvertMouseFunc           0041f638 f   menu.obj
 0001:0001e653       _LookspringFunc            0041f653 f   menu.obj
 0001:0001e66f       _LookstrafeFunc            0041f66f f   menu.obj
 0001:0001e68b       _UpdateVolumeFunc          0041f68b f   menu.obj
 0001:0001e6a8       _UpdateCDVolumeFunc        0041f6a8 f   menu.obj
 0001:0001e6c1       _ConsoleFunc               0041f6c1 f   menu.obj
 0001:0001e6f0       _UpdateSoundQualityFunc    0041f6f0 f   menu.obj
 0001:0001e779       _Options_ScanCrosshairs    0041f779 f   menu.obj
 0001:0001e7cc       _Options_MenuDraw          0041f7cc f   menu.obj
 0001:0001e7f4       _Options_CrosshairDraw     0041f7f4 f   menu.obj
 0001:0001e86b       _Options_MenuKey           0041f86b f   menu.obj
 0001:0001e94f       _M_Credits_MenuDraw        0041f94f f   menu.obj
 0001:0001ea37       _M_Credits_Key             0041fa37 f   menu.obj
 0001:0001ea93       _Game_MenuInit             0041fa93 f   menu.obj
 0001:0001ec40       _EasyGameFunc              0041fc40 f   menu.obj
 0001:0001ec56       _StartGame                 0041fc56 f   menu.obj
 0001:0001ec9b       _MediumGameFunc            0041fc9b f   menu.obj
 0001:0001ecb1       _HardGameFunc              0041fcb1 f   menu.obj
 0001:0001ecc7       _Game_MenuDraw             0041fcc7 f   menu.obj
 0001:0001ecea       _Game_MenuKey              0041fcea f   menu.obj
 0001:0001ed1b       _LoadGame_MenuInit         0041fd1b f   menu.obj
 0001:0001edb1       _Create_Savestrings        0041fdb1 f   menu.obj
 0001:0001ee33       _LoadGameCallback          0041fe33 f   menu.obj
 0001:0001ee5d       _LoadGame_MenuDraw         0041fe5d f   menu.obj
 0001:0001ee75       _LoadGame_MenuKey          0041fe75 f   menu.obj
 0001:0001eed5       _SaveGame_MenuDraw         0041fed5 f   menu.obj
 0001:0001eef8       _SaveGame_MenuInit         0041fef8 f   menu.obj
 0001:0001ef80       _SaveGameCallback          0041ff80 f   menu.obj
 0001:0001ef9f       _SaveGame_MenuKey          0041ff9f f   menu.obj
 0001:0001f07f       _JoinServer_MenuInit       0042007f f   menu.obj
 0001:0001f1d0       _JoinServerFunc            004201d0 f   menu.obj
 0001:0001f238       _SearchLocalGames          00420238 f   menu.obj
 0001:0001f2a4       _JoinServer_MenuDraw       004202a4 f   menu.obj
 0001:0001f2bc       _JoinServer_MenuKey        004202bc f   menu.obj
 0001:0001f2ed       _StartServer_MenuInit      004202ed f   menu.obj
 0001:0001f79d       _DMOptionsFunc             0042079d f   menu.obj
 0001:0001f7ac       _RulesChangeFunc           004207ac f   menu.obj
 0001:0001f815       _StartServerActionFunc     00420815 f   menu.obj
 0001:0001f841       _StartServerFunc           00420841 f   menu.obj
 0001:0001faac       _StartServer_MenuDraw      00420aac f   menu.obj
 0001:0001fab8       _StartServer_MenuKey       00420ab8 f   menu.obj
 0001:0001fb17       _DMOptions_MenuInit        00420b17 f   menu.obj
 0001:000200ab       _DMFlagCallback            004210ab f   menu.obj
 0001:00020296       _DMOptions_MenuDraw        00421296 f   menu.obj
 0001:000202a2       _DMOptions_MenuKey         004212a2 f   menu.obj
 0001:000202d3       _DownloadOptions_MenuInit  004212d3 f   menu.obj
 0001:000204be       _DownloadCallback          004214be f   menu.obj
 0001:0002051d       _DownloadOptions_MenuDraw  0042151d f   menu.obj
 0001:00020529       _DownloadOptions_MenuKey   00421529 f   menu.obj
 0001:0002055a       _AddressBook_MenuInit      0042155a f   menu.obj
 0001:00020610       _AddressBook_MenuKey       00421610 f   menu.obj
 0001:00020661       _AddressBook_MenuDraw      00421661 f   menu.obj
 0001:00020679       _M_Menu_PlayerConfig_f     00421679 f   menu.obj
 0001:000206d3       _PlayerConfig_MenuInit     004216d3 f   menu.obj
 0001:00020afc       _HandednessCallback        00421afc f   menu.obj
 0001:00020b0f       _RateCallback              00421b0f f   menu.obj
 0001:00020b2d       _ModelCallback             00421b2d f   menu.obj
 0001:00020b64       _PlayerConfig_ScanDirectories 00421b64 f   menu.obj
 0001:00020d2c       _IconOfSkinExists          00421d2c f   menu.obj
 0001:00020dce       _PlayerConfig_MenuDraw     00421dce f   menu.obj
 0001:00021043       _PlayerConfig_MenuKey      00422043 f   menu.obj
 0001:00021117       _M_Menu_DMBrowse_f         00422117 f   menu.obj
 0001:0002115a       _DMBrowse_MenuInit         0042215a f   menu.obj
 0001:00021304       _DMBrowse_MenuKey          00422304 f   menu.obj
 0001:000214a7       _DMBrowse_MenuDraw         004224a7 f   menu.obj
 0001:000215cc       _DrawThumbnail             004225cc f   menu.obj
 0001:00021693       _M_Quit_Key                00422693 f   menu.obj
 0001:000216d3       _M_Quit_Draw               004226d3 f   menu.obj
 0001:00021820       _M_Menu_Quit_f             00422820 f   menu.obj
 0001:0001cf17       _AllocChain                0041df17 f   memory.obj
 0001:0001d200       _Z_Stats_f                 0041e200 f   memory.obj
 0001:0001c70e       _MD4Transform              0041d70e f   md4.obj
 0001:0001cd10       _Encode                    0041dd10 f   md4.obj
 0001:0001cd55       _Decode                    0041dd55 f   md4.obj
 0001:0001bd6a       _iswordsym                 0041cd6a f   keys.obj
 0001:0001c0d1       _Key_Unbind_f              0041d0d1 f   keys.obj
 0001:0001c1b4       _Key_Unbindall_f           0041d1b4 f   keys.obj
 0001:0001c1de       _Key_Bind_f                0041d1de f   keys.obj
 0001:0001a933       _IN_DeactivateMouse        0041b933 f   in_win.obj
 0001:0001a95f       _IN_FreeDirect             0041b95f f   in_win.obj
 0001:0001a9c0       _IN_FreeWin32              0041b9c0 f   in_win.obj
 0001:0001ab41       _IN_ActivateMouse          0041bb41 f   in_win.obj
 0001:0001abb9       _IN_InitDirect             0041bbb9 f   in_win.obj
 0001:0001acf5       _IN_InitWin32              0041bcf5 f   in_win.obj
 0001:0001ae15       _IN_MouseMove              0041be15 f   in_win.obj
 0001:00037dd1       _J_InitSource              00438dd1 f   gl_main.obj
 0001:0001a44f       _J_FillInputBuffer         0041b44f f   images.obj
 0001:0001a477       _J_SkipInputData           0041b477 f   images.obj
 0001:00037dd1       _J_TermSource              00438dd1 f   gl_main.obj
 0001:0001a48f       _InitJpegError             0041b48f f   images.obj
 0001:0001a4cc       _J_ErrorExit               0041b4cc f   images.obj
 0001:0001a4db       _J_EmitMessage             0041b4db f   images.obj
 0001:0001a4f8       _J_ResetErrorMgr           0041b4f8 f   images.obj
 0001:000182ea       _FindPakFile               004192ea f   files.obj
 0001:00018359       _FindPakDirectory          00419359 f   files.obj
 0001:000183e9       _FileLength                004193e9 f   files.obj
 0001:0001881a       _FOpenCached               0041981a f   files.obj
 0001:00018a5a       _AddPakFile                00419a5a f   files.obj
 0001:00018af9       _AddPakDirectory           00419af9 f   files.obj
 0001:00018bd7       _EnumZippedPak             00419bd7 f   files.obj
 0001:00018c4a       _ClearFileCache            00419c4a f   files.obj
 0001:00018d44       _AddDirFilesToList         00419d44 f   files.obj
 0001:00019269       _ListPakDirectory          0041a269 f   files.obj
 0001:0001941e       _InitResFiles              0041a41e f   files.obj
 0001:00019501       _FS_LoadPak_f              0041a501 f   files.obj
 0001:000195d0       _TryLoadPak                0041a5d0 f   files.obj
 0001:0001963e       _FindPakStruc              0041a63e f   files.obj
 0001:00019693       _FS_UnloadPak_f            0041a693 f   files.obj
 0001:00019837       _FS_Link_f                 0041a837 f   files.obj
 0001:00019903       _FS_Dir_f                  0041a903 f   files.obj
 0001:00019b14       _FS_Path_f                 0041ab14 f   files.obj
 0001:00019bac       _FS_Cat_f                  0041abac f   files.obj
 0001:00019c72       _FS_Type_f                 0041ac72 f   files.obj
 0001:000170f7       _Cvar_FindVar              004180f7 f   cvar.obj
 0001:0001712c       _ComputeHash               0041812c f   cvar.obj
 0001:00017306       _Cvar_SetString            00418306 f   cvar.obj
 0001:0001739c       _Cvar_InfoValidate         0041839c f   cvar.obj
 0001:00017499       _Cvar_Set2                 00418499 f   cvar.obj
 0001:000175f5       _Cvar_SetHardcoded         004185f5 f   cvar.obj
 0001:00017977       _Cvar_Set_f                00418977 f   cvar.obj
 0001:000179f4       _Cvar_SetWithFlags         004189f4 f   cvar.obj
 0001:00017a39       _Cvar_Seta_f               00418a39 f   cvar.obj
 0001:00017a5b       _Cvar_Setu_f               00418a5b f   cvar.obj
 0001:00017a7d       _Cvar_Sets_f               00418a7d f   cvar.obj
 0001:00017a9f       _Cvar_Reset_f              00418a9f f   cvar.obj
 0001:00017b01       _Cvar_List_f               00418b01 f   cvar.obj
 0001:00017bec       _Cvar_Add_f                00418bec f   cvar.obj
 0001:00017d63       _Cvar_Scale_f              00418d63 f   cvar.obj
 0001:00017dd6       _Cvar_Toggle_f             00418dd6 f   cvar.obj
 0001:00017e39       _Cvar_Cycle_f              00418e39 f   cvar.obj
 0001:000164a2       _Con_ToggleChat_f          004174a2 f   console.obj
 0001:000164e2       _Con_Clear_f               004174e2 f   console.obj
 0001:00016538       _Con_Dump_f                00417538 f   console.obj
 0001:0001664b       _Con_MessageMode_f         0041764b f   console.obj
 0001:0001665d       _Con_MessageMode2_f        0041765d f   console.obj
 0001:000166f6       _PlaceChar                 004176f6 f   console.obj
 0001:0001689a       _FindLine                  0041789a f   console.obj
 0001:00016fca       _Con_DrawInput             00417fca f   console.obj
 0001:00011b9b       _CMod_LoadSubmodels        00412b9b f   cmodel.obj
 0001:00011c23       _CMod_LoadSurfaces         00412c23 f   cmodel.obj
 0001:00011d3d       _CMod_ReadSurfMaterials    00412d3d f   cmodel.obj
 0001:00011e78       _CMod_LoadNodes            00412e78 f   cmodel.obj
 0001:00011eda       _CMod_LoadBrushes          00412eda f   cmodel.obj
 0001:00011f26       _CMod_LoadLeafs            00412f26 f   cmodel.obj
 0001:00011ff5       _CMod_LoadPlanes           00412ff5 f   cmodel.obj
 0001:00012094       _CMod_LoadLeafBrushes      00413094 f   cmodel.obj
 0001:000120df       _CMod_LoadBrushSides       004130df f   cmodel.obj
 0001:00012158       _CMod_LoadAreas            00413158 f   cmodel.obj
 0001:00012e68       _TraceBuf_Dump             00413e68 f   cmodel.obj
 0001:0001108b       _Cmd_MacroExpandString     0041208b f   cmd.obj
 0001:000116f8       _TryComplete               004126f8 f   cmd.obj
 0001:000118a8       _Cmd_Wait_f                004128a8 f   cmd.obj
 0001:000118b3       _Cmd_List_f                004128b3 f   cmd.obj
 0001:000100a9       _DrawSurfInfo              004110a9 f   cl_view.obj
 0001:00010408       _DecodeContents            00411408 f   cl_view.obj
 0001:000104d8       _DrawOriginInfo            004114d8 f   cl_view.obj
 0001:00010669       _DrawFpsInfo               00411669 f   cl_view.obj
 0001:00010792       _FixWaterVis               00411792 f   cl_view.obj
 0001:00010892       _entitycmpfnc              00411892 f   cl_view.obj
 0001:0000ce37       _SCR_CalcVrect             0040de37 f   cl_scrn.obj
 0001:00005bd8       _CL_AddParticleTraces      00406bd8 f   cl_fx.obj
 0001:000009ea       _Huff1Decompress           004019ea f   cl_cin.obj
 0001:00000f4f       _Huff1TableInit            00401f4f f   cl_cin.obj
 0001:00001049       _SmallestNode1             00402049 f   cl_cin.obj
 0001:0000014c       _CDAudio_GetAudioDiskInfo  0040114c f   cd_win.obj
 0001:000004c4       _CD_f                      004014c4 f   cd_win.obj
 0001:0000077d       _CDAudio_Eject             0040177d f   cd_win.obj
 0001:000007a7       _CDAudio_CloseDoor         004017a7 f   cd_win.obj

 70 bytes saved through ICF

