 Quake2

 Timestamp is 4433990f (Wed Apr 05 14:16:47 2006)

 Preferred load address is 00400000

 Start         Length     Name                   Class
 0001:00000000 00061500H .text                   CODE
 0002:00000000 00000290H .idata$5                DATA
 0002:00000290 0000651cH .rdata                  DATA
 0002:000067b0 00000044H .rdata$r                DATA
 0002:000067f8 00000038H .xdata$x                DATA
 0002:00006830 00000078H .idata$2                DATA
 0002:000068a8 00000014H .idata$3                DATA
 0002:000068bc 00000290H .idata$4                DATA
 0002:00006b4c 00000860H .idata$6                DATA
 0002:000073ac 00000000H .edata                  DATA
 0003:00000000 00000004H .CRT$XCA                DATA
 0003:00000004 00000088H .CRT$XCU                DATA
 0003:0000008c 00000004H .CRT$XCZ                DATA
 0003:00000090 00000004H .CRT$XIA                DATA
 0003:00000094 00000004H .CRT$XIZ                DATA
 0003:000000a0 0000d3fcH .data                   DATA
 0003:0000d4a0 0045861cH .bss                    DATA
 0004:00000000 00000130H .rsrc$01                DATA
 0004:00000130 00003f20H .rsrc$02                DATA

  Address         Publics by Value              Rva+Base     Lib:Object

 0001:00000000       ??3@YAXPAX@Z               00401000 f i CoreMain.obj
 0001:0000000b       ?appTimestamp@@YAPBDXZ     0040100b f   CoreMain.obj
 0001:00000040       ?appInit@@YAXXZ            00401040 f   CoreMain.obj
 0001:000000bf       ?appExit@@YAXXZ            004010bf f   CoreMain.obj
 0001:000000c9       ?appMilliseconds@@YAIXZ    004010c9 f   CoreWin32.obj
 0001:000000cf       ?appPackage@@YAPBDXZ       004010cf f   CoreWin32.obj
 0001:00000127       ?appGetSystemErrorMessage@@YAPBDI@Z 00401127 f   CoreWin32.obj
 0001:0000018b       ?appDisplayError@@YAXXZ    0040118b f   CoreWin32.obj
 0001:000001dc       ?appInitPlatform@@YAXXZ    004011dc f   CoreWin32.obj
 0001:0000036f       ?appShutdownPlatform@@YAXXZ 0040136f f   CoreWin32.obj
 0001:00000378       ?sprintf@?$TString@$0BAA@@@QAAHPBDZZ 00401378 f i CoreWin32.obj
 0001:00000394       ?appDetectCPU@@YAXXZ       00401394 f   CoreCpuid.obj
 0001:00000648       ?appLoadDebugSymbols@@YAXXZ 00401648 f   DbgSymbols.obj
 0001:00000806       ?appSymbolName@@YA_NIPADH@Z 00401806 f   DbgSymbols.obj
 0001:000008fc       ?appSymbolName@@YAPBDI@Z   004018fc f   DbgSymbols.obj
 0001:00000932       ?osGetAddressPackage@@YA_NIPADHAAH@Z 00401932 f   DbgSymbolsWin32.obj
 0001:000009c6       ?osGetAddressSymbol@@YA_NIPADHAAH@Z 004019c6 f   DbgSymbolsWin32.obj
 0001:00000b6d       ?appMalloc@@YAPAXIH@Z      00401b6d f   Memory.obj
 0001:00000c1a       ?appFree@@YAXPAX@Z         00401c1a f   Memory.obj
 0001:00000c47       ?Unlink@FMemHeader@@QAEXXZ 00401c47 f i Memory.obj
 0001:00000c72       ?Link@CMemoryChain@@AAEXXZ 00401c72 f   Memory.obj
 0001:00000c91       ?Unlink@CMemoryChain@@AAEXXZ 00401c91 f   Memory.obj
 0001:00000cbc       ??2CMemoryChain@@SAPAXIH@Z 00401cbc f   Memory.obj
 0001:00000d2e       ??3CMemoryChain@@SAXPAX@Z  00401d2e f   Memory.obj
 0001:00000d61       ?Alloc@CMemoryChain@@QAEPAXIH@Z 00401d61 f   Memory.obj
 0001:00000dcb       ?BuildAllocatorsTable@@YAHPAXH@Z 00401dcb f   Memory.obj
 0001:00000f3a       ?appInitMemory@@YAXXZ      00401f3a f   Memory.obj
 0001:00001322       ?Close@COutputDevice@@UAEXXZ 00402322 f i OutputDevice.obj
 0001:00001322       ?Flush@COutputDevice@@UAEXXZ 00402322 f i OutputDevice.obj
 0001:00001323       ?Write@COutputDeviceNull@@UAEXPBD@Z 00402323 f i OutputDevice.obj
 0001:0000133d       ??_GCOutputDeviceLog@@UAEPAXI@Z 0040233d f i OutputDevice.obj
 0001:0000133d       ??_ECOutputDevice@@UAEPAXI@Z 0040233d f i OutputDevice.obj
 0001:0000133d       ??_ECOutputDeviceLog@@UAEPAXI@Z 0040233d f i OutputDevice.obj
 0001:0000133d       ??_GCOutputDevice@@UAEPAXI@Z 0040233d f i OutputDevice.obj
 0001:0000133d       ??_ECOutputDeviceWin32Console@@UAEPAXI@Z 0040233d f i OutputDevice.obj
 0001:0000133d       ??_GCOutputDeviceWin32Console@@UAEPAXI@Z 0040233d f i OutputDevice.obj
 0001:0000133d       ??_GCOutputDeviceNull@@UAEPAXI@Z 0040233d f i OutputDevice.obj
 0001:0000133d       ??_ECOutputDeviceNull@@UAEPAXI@Z 0040233d f i OutputDevice.obj
 0001:0000137d       ?Write@COutputDeviceLog@@UAEXPBD@Z 0040237d f i OutputDevice.obj
 0001:000013c5       ?Printf@COutputDevice@@QAAXPBDZZ 004023c5 f   OutputDevice.obj
 0001:00001436       ?Register@COutputDevice@@QAEXXZ 00402436 f   OutputDevice.obj
 0001:00001492       ?Unregister@COutputDevice@@QAEXXZ 00402492 f   OutputDevice.obj
 0001:000014e5       ?appPrintf@@YAXPBDZZ       004024e5 f   OutputDevice.obj
 0001:0000161c       ?appWPrintf@@YAXPBDZZ      0040261c f   OutputDevice.obj
 0001:0000167f       ??0COutputDeviceMemTail@@QAE@H@Z 0040267f f i ErrorMgr.obj
 0001:000016ad       ?Write@COutputDeviceMemTail@@UAEXPBD@Z 004026ad f i ErrorMgr.obj
 0001:000017c9       ??_ECOutputDeviceMemTail@@UAEPAXI@Z 004027c9 f i ErrorMgr.obj
 0001:000017c9       ??_GCOutputDeviceMemTail@@UAEPAXI@Z 004027c9 f i ErrorMgr.obj
 0001:000017e5       ??1COutputDeviceMemTail@@UAE@XZ 004027e5 f i ErrorMgr.obj
 0001:0000182e       ??0COutputDeviceFile@@QAE@XZ 0040282e f i ErrorMgr.obj
 0001:00001843       ?Write@COutputDeviceFile@@UAEXPBD@Z 00402843 f i ErrorMgr.obj
 0001:00001897       ?Flush@COutputDeviceFile@@UAEXXZ 00402897 f i ErrorMgr.obj
 0001:000018a7       ?Close@COutputDeviceFile@@UAEXXZ 004028a7 f i ErrorMgr.obj
 0001:000018bf       ??_ECOutputDeviceFile@@UAEPAXI@Z 004028bf f i ErrorMgr.obj
 0001:000018bf       ??_GCOutputDeviceFile@@UAEPAXI@Z 004028bf f i ErrorMgr.obj
 0001:000018db       ??1COutputDeviceFile@@UAE@XZ 004028db f i ErrorMgr.obj
 0001:0000191a       ?appBeginError@@YAPAVCOutputDevice@@PBD@Z 0040291a f   ErrorMgr.obj
 0001:000019e3       ?appGetErrorLog@@YAPAVCOutputDevice@@XZ 004029e3 f   ErrorMgr.obj
 0001:00001a4e       ?Open@COutputDeviceFile@@QAEXPBD_N@Z 00402a4e f i ErrorMgr.obj
 0001:00001a94       ?appFatalError@@YAXPBDZZ   00402a94 f   ErrorMgr.obj
 0001:00001aea       ?appNonFatalError@@YAXPBDZZ 00402aea f   ErrorMgr.obj
 0001:00001b4c       ?appUnwindPrefix@@YAXPBD@Z 00402b4c f   ErrorMgr.obj
 0001:00001bfc       ?appUnwindThrow@@YAXPBDZZ  00402bfc f   ErrorMgr.obj
 0001:00001c72       ?Reset@CErrorHandler@@QAEXXZ 00402c72 f   ErrorMgr.obj
 0001:00001ca3       ?appInitError@@YAXXZ       00402ca3 f   ErrorMgr.obj
 0001:00001d98       ?appShutdownError@@YAXXZ   00402d98 f   ErrorMgr.obj
 0001:00001e22       ?GetTail@COutputDeviceMemTail@@QAEPBDH@Z 00402e22 f i ErrorMgr.obj
 0001:00001e46       ?sprintf@?$TString@$0CAA@@@QAAHPBDZZ 00402e46 f i ErrorMgr.obj
 0001:00001e62       ?win32ExceptFilter@@YGJPAU_EXCEPTION_POINTERS@@@Z 00402e62 f   ExceptHandlerWin32.obj
 0001:00002005       ?win32ExceptFilter2@@YAIXZ 00403005 f   ExceptHandlerWin32.obj
 0001:0000200e       ?sprintf@?$TString@$0EAA@@@QAAHPBDZZ 0040300e f i ExceptHandlerWin32.obj
 0001:0000202a       ?DumpRegs@@YAXPAVCOutputDevice@@PAU_CONTEXT@@@Z 0040302a f   ExceptDumpers.obj
 0001:00002137       ?DumpMem@@YAXPAVCOutputDevice@@PBIPAU_CONTEXT@@@Z 00403137 f   ExceptDumpers.obj
 0001:00002371       ?UnwindEbpFrame@@YAXPAVCOutputDevice@@PBI@Z 00403371 f   ExceptDumpers.obj
 0001:00002402       ?GetLine@CSimpleParser@@QAEPBDXZ 00403402 f   ScriptParser.obj
 0001:00002517       ?SkipBraces@CSimpleParser@@QAEPBDXZ 00403517 f   ScriptParser.obj
 0001:0000254d       ?appStricmp@@YAHPBD0@Z     0040354d f   Strings.obj
 0001:00002582       ?toLower@@YADD@Z           00403582 f i Strings.obj
 0001:00002599       ?appStrncpylwr@@YAXPADPBDH@Z 00403599 f   Strings.obj
 0001:000025d1       ?appStrncpyz@@YAXPADPBDH@Z 004035d1 f   Strings.obj
 0001:000025fe       ?appStrcatn@@YAXPADHPBD@Z  004035fe f   Strings.obj
 0001:00002629       ?appCopyFilename@@YAXPADPBDH@Z 00403629 f   Strings.obj
 0001:000026c9       ?appCStrlen@@YAHPBD@Z      004036c9 f   Strings.obj
 0001:000026ee       ?appUncolorizeString@@YAXPADPBD@Z 004036ee f   Strings.obj
 0001:0000271e       ?va@@YAPBDPBDZZ            0040371e f   Strings.obj
 0001:000027ba       ?appSprintf@@YAHPADHPBDZZ  004037ba f   Strings.obj
 0001:00002805       ?appMatchWildcard@@YA_NPBD0_N@Z 00403805 f   Strings.obj
 0001:00002994       ?appIsWildcard@@YA_NPBD@Z  00403994 f   Strings.obj
 0001:000029be       ?appStrdup@@YAPADPBD@Z     004039be f   Strings.obj
 0001:000029fe       ?appStrdup@@YAPADPBDPAVCMemoryChain@@@Z 004039fe f   Strings.obj
 0001:00002a32       ??0CStringItem@@QAE@XZ     00403a32 f   Strings.obj
 0001:00002a3d       ??2CStringItem@@SAPAXIPBD@Z 00403a3d f   Strings.obj
 0001:00002a8a       ??2CStringItem@@SAPAXIPBDPAVCMemoryChain@@@Z 00403a8a f   Strings.obj
 0001:00002ab4       ?Find@CStringList@@IAEPAVCStringItem@@PBDPAPAV2@@Z 00403ab4 f   Strings.obj
 0001:00002af0       ?Find@CStringList@@IAEPAVCStringItem@@H@Z 00403af0 f   Strings.obj
 0001:00002b09       ?IndexOf@CStringList@@QAEHPBD@Z 00403b09 f   Strings.obj
 0001:00002b36       ?Remove@CStringList@@QAE_NPAVCStringItem@@@Z 00403b36 f   Strings.obj
 0001:00002b62       ?Add@CTextContainer@@QAEPAUCTextRec@@PBD@Z 00403b62 f   TextContainer.obj
 0001:00002c0e       ?Enumerate@CTextContainer@@QAEXP6AXPBUCTextRec@@@Z@Z 00403c0e f   TextContainer.obj
 0001:00002c7a       ?SubtractPath@@YAPBDPBD0@Z 00403c7a f   FileSystem.obj
 0001:00002d0e       ?appMakeDirectoryForFile@@YAXPBD@Z 00403d0e f   FileSystem.obj
 0001:00002d44       ?appOpenFile@@YAPAVCFile@@PBD@Z 00403d44 f   FileSystem.obj
 0001:00002d80       ?Read@CFileOS@@UAEHPAXH@Z  00403d80 f i FileSystem.obj
 0001:00002da5       ?GetSize@CFileOS@@UAEHXZ   00403da5 f i FileSystem.obj
 0001:00002dea       ?Eof@CFileOS@@UAE_NXZ      00403dea f i FileSystem.obj
 0001:00002dfe       ??_GCFileOS@@UAEPAXI@Z     00403dfe f i FileSystem.obj
 0001:00002dfe       ??_ECFileOS@@UAEPAXI@Z     00403dfe f i FileSystem.obj
 0001:00002e30       ??_ECFile@@UAEPAXI@Z       00403e30 f i FileSystem.obj
 0001:00002e30       ??_GCFile@@UAEPAXI@Z       00403e30 f i FileSystem.obj
 0001:00002e4d       ?ReadByte@CFile@@QAEEXZ    00403e4d f   FileSystem.obj
 0001:00002e65       ?ReadInt@CFile@@QAEHXZ     00403e65 f   FileSystem.obj
 0001:00002e7d       ?ReadString@CFile@@QAEXPADH@Z 00403e7d f   FileSystem.obj
 0001:00002ebd       ?GetType@CFileContainer@@MAEPBDXZ 00403ebd f   FileSystem.obj
 0001:00002ec3       ?Mount@CFileSystem@@QAEXAAVCFileContainer@@PBD@Z 00403ec3 f   FileSystem.obj
 0001:00002f19       ?Umount@CFileSystem@@QAEXAAVCFileContainer@@@Z 00403f19 f   FileSystem.obj
 0001:00002f50       ?MountDirectory@CFileSystem@@QAEPAVCFileContainer@@PBD0@Z 00403f50 f   FileSystem.obj
 0001:00002f93       ?GetType@CFileContainerOS@@MAEPBDXZ 00403f93 f i FileSystem.obj
 0001:00002f99       ?FileExists@CFileContainerOS@@UAE_NPBD@Z 00403f99 f i FileSystem.obj
 0001:00002fc0       ?OpenFile@CFileContainerOS@@UAEPAVCFile@@PBD@Z 00403fc0 f i FileSystem.obj
 0001:00002fdd       ?List@CFileContainerOS@@UAEXAAVCFileList@@PBDI@Z 00403fdd f i FileSystem.obj
 0001:00003005       ??_GCFileContainer@@UAEPAXI@Z 00404005 f i FileSystem.obj
 0001:00003005       ??_ECFileContainer@@UAEPAXI@Z 00404005 f i FileSystem.obj
 0001:00003005       ??_GCFileContainerOS@@UAEPAXI@Z 00404005 f i FileSystem.obj
 0001:00003005       ??_ECFileContainerOS@@UAEPAXI@Z 00404005 f i FileSystem.obj
 0001:00003022       ?MountArchive@CFileSystem@@QAEPAVCFileContainer@@PBD0@Z 00404022 f   FileSystem.obj
 0001:00003139       ?Mount@CFileSystem@@QAEXPBD0@Z 00404139 f   FileSystem.obj
 0001:0000336b       ?Umount@CFileSystem@@QAEXPBD@Z 0040436b f   FileSystem.obj
 0001:00003407       ?List@CFileSystem@@UAEPAVCFileList@@PBDIPAV2@@Z 00404407 f   FileSystem.obj
 0001:000035bf       ?RegisterFormat@CFileSystem@@SAXP6APAVCFileContainer@@PBDPAU_iobuf@@@Z@Z 004045bf f   FileSystem.obj
 0001:000035ff       ?FileExists@CFileSystem@@UAE_NPBDI@Z 004045ff f   FileSystem.obj
 0001:0000367e       ?OpenFile@CFileSystem@@UAEPAVCFile@@PBDI@Z 0040467e f   FileSystem.obj
 0001:00003723       ?LoadFile@CFileSystem@@QAEPAXPBDPAI@Z 00404723 f   FileSystem.obj
 0001:000037f3       ?cMount@@YAX_NHPAPAD@Z     004047f3 f   FileSystem.obj
 0001:0000392c       ?cUmount@@YAX_NHPAPAD@Z    0040492c f   FileSystem.obj
 0001:00003959       ?appInitFileSystem@@YAXAAVCFileSystem@@@Z 00404959 f   FileSystem.obj
 0001:00003d4c       ?appListDirectory@@YAXPBDAAVCFileList@@I@Z 00404d4c f   FileSystemWin32.obj
 0001:00003f93       ?appMakeDirectory@@YAXPBD@Z 00404f93 f   FileSystemWin32.obj
 0001:00004000       ?appFileType@@YAIPBD@Z     00405000 f   FileSystemWin32.obj
 0001:00004040       ?FindDir@CFileContainerArc@@IAEPAVCArcDir@1@PBD_N@Z 00405040 f   FileContainerArc.obj
 0001:00004129       ?FindFile@CFileContainerArc@@IAEPAVCStringItem@@PBD@Z 00405129 f   FileContainerArc.obj
 0001:00004194       ?FileExists@CFileContainerArc@@UAE_NPBD@Z 00405194 f   FileContainerArc.obj
 0001:000041a6       ?OpenFile@CFileContainerArc@@UAEPAVCFile@@PBD@Z 004051a6 f   FileContainerArc.obj
 0001:000041c2       ?List@CFileContainerArc@@UAEXAAVCFileList@@PBDI@Z 004051c2 f   FileContainerArc.obj
 0001:0000432f       ?SCR_StopCinematic@@YAXXZ  0040532f f   cl_cin.obj
 0001:000043c3       ?SCR_DrawCinematic@@YA_NXZ 004053c3 f   cl_cin.obj
 0001:000047ba       ?SCR_PlayCinematic@@YAXPBD@Z 004057ba f   cl_cin.obj
 0001:00004b11       ?sprintf@?$TString@$0EA@@@QAAHPBDZZ 00405b11 f i cl_cin.obj
 0001:00004b2a       ?CL_Download_f@@YAX_NHPAPAD@Z 00405b2a f   cl_download.obj
 0001:00004ed7       ?CL_ParseDownload@@YAXXZ   00405ed7 f   cl_download.obj
 0001:000056ea       ?CL_Precache_f@@YAXHPAPAD@Z 004066ea f   cl_download.obj
 0001:00005748       ?sprintf@?$TString@$0IA@@@QAAHPBDZZ 00406748 f i cl_download.obj
 0001:00005764       ?CL_ParseDelta@@YAXPAUclEntityState_t@@0HI_N@Z 00406764 f   cl_ents.obj
 0001:000058e4       ?CL_ParseFrame@@YAXXZ      004068e4 f   cl_ents.obj
 0001:00005f93       ?CL_AddEntityBox@@YAXPAUclEntityState_t@@I@Z 00406f93 f   cl_ents.obj
 0001:00006097       ?Lerp@@YAXABUCVec3@@0MAAU1@@Z 00407097 f i cl_ents.obj
 0001:000060ce       ?CL_OffsetThirdPersonView@@YAXXZ 004070ce f   cl_ents.obj
 0001:000061b6       ?CL_AddEntities@@YAXXZ     004071b6 f   cl_ents.obj
 0001:000070f5       ?CL_ClearLightStyles@@YAXXZ 004080f5 f   cl_fx.obj
 0001:00007177       ?CL_SetLightstyle@@YAXHPBD@Z 00408177 f   cl_fx.obj
 0001:000071d8       ?CL_AllocDlight@@YAPAUcdlight_t@@HABUCVec3@@@Z 004081d8 f   cl_fx.obj
 0001:00007241       ?CL_AllocParticleTrace@@YAPAUparticleTrace_t@@ABUCVec3@@0MM@Z 00408241 f   cl_fx.obj
 0001:000072d0       ?CL_AllocParticleBeam@@YAPAUbeam_t@@ABUCVec3@@0MM@Z 004082d0 f   cl_fx.obj
 0001:00007344       ?CL_AllocParticle@@YAPAUparticle_t@@XZ 00408344 f   cl_fx.obj
 0001:00007397       ?CL_MetalSparks@@YAXABUCVec3@@0H@Z 00408397 f   cl_fx.obj
 0001:00007495       ?CL_AddEffects@@YAXXZ      00408495 f   cl_fx.obj
 0001:00007b9c       ?CL_ClearEffects@@YAXXZ    00408b9c f   cl_fx.obj
 0001:00007c1e       ?CL_EntityEvent@@YAXPAUclEntityState_t@@@Z 00408c1e f   cl_fx.obj
 0001:00007dd2       ?CL_ParseMuzzleFlash@@YAXXZ 00408dd2 f   cl_fx.obj
 0001:00008142       ?CL_ParseMuzzleFlash2@@YAXXZ 00409142 f   cl_fx.obj
 0001:000085b8       ?CL_ParticleEffect@@YAXABUCVec3@@0HH@Z 004095b8 f   cl_fx.obj
 0001:000087a1       ?CL_ParticleEffect2@@YAXABUCVec3@@0HH@Z 004097a1 f   cl_fx.obj
 0001:000087c9       ?CL_ParticleEffect3@@YAXABUCVec3@@0HH@Z 004097c9 f   cl_fx.obj
 0001:000087f1       ?CL_TeleporterParticles@@YAXPAUclEntityState_t@@@Z 004097f1 f   cl_fx.obj
 0001:00008810       ?CL_LogoutEffect@@YAXABUCVec3@@H@Z 00409810 f   cl_fx.obj
 0001:00008846       ?CL_ItemRespawnParticles@@YAXABUCVec3@@@Z 00409846 f   cl_fx.obj
 0001:00008861       ?CL_ExplosionParticles@@YAXABUCVec3@@@Z 00409861 f   cl_fx.obj
 0001:0000887f       ?CL_BFGExplosionParticles@@YAXABUCVec3@@@Z 0040987f f   cl_fx.obj
 0001:0000889d       ?CL_TrackerExplosionParticles@@YAXABUCVec3@@@Z 0040989d f   cl_fx.obj
 0001:000088bb       ?CL_BlasterParticles@@YAXABUCVec3@@0I@Z 004098bb f   cl_fx.obj
 0001:000088e1       ?CL_BlasterTrail@@YAXAAUcentity_t@@@Z 004098e1 f   cl_fx.obj
 0001:000089e4       ?CL_BlasterTrail2@@YAXAAUcentity_t@@@Z 004099e4 f   cl_fx.obj
 0001:000089f7       ?CL_FlagTrail@@YAXAAUcentity_t@@H@Z 004099f7 f   cl_fx.obj
 0001:00008a13       ?CL_RocketTrail@@YAXAAUcentity_t@@@Z 00409a13 f   cl_fx.obj
 0001:00008a52       ?CL_BubbleTrail@@YAXABUCVec3@@0@Z 00409a52 f   cl_fx.obj
 0001:00008aec       ?CL_BubbleTrail2@@YAXABUCVec3@@0@Z 00409aec f   cl_fx.obj
 0001:00008b04       ?CL_TagTrail@@YAXAAUcentity_t@@@Z 00409b04 f   cl_fx.obj
 0001:00008b17       ?CL_DebugTrail@@YAXABUCVec3@@0@Z 00409b17 f   cl_fx.obj
 0001:00008b2f       ?CL_ForceWall@@YAXABUCVec3@@0H@Z 00409b2f f   cl_fx.obj
 0001:00008b50       ?CL_BigTeleportParticles@@YAXABUCVec3@@@Z 00409b50 f   cl_fx.obj
 0001:00008c8b       ?CL_BfgParticles@@YAXABUCVec3@@@Z 00409c8b f   cl_fx.obj
 0001:00008e05       ?CL_FlyEffect@@YAXAAUcentity_t@@@Z 00409e05 f   cl_fx.obj
 0001:00008f91       ?CL_DiminishingTrail@@YAXAAUcentity_t@@H@Z 00409f91 f   cl_fx.obj
 0001:000090eb       ?CL_RailTrail@@YAXABUCVec3@@0@Z 0040a0eb f   cl_fx.obj
 0001:00009261       ?CL_RailTrailExt@@YAXABUCVec3@@0EE@Z 0040a261 f   cl_fx.obj
 0001:000093a6       ?CL_IonripperTrail@@YAXAAUcentity_t@@@Z 0040a3a6 f   cl_fx.obj
 0001:00009500       ?CL_TrapParticles@@YAXABUCVec3@@@Z 0040a500 f   cl_fx.obj
 0001:00009673       ?CL_TeleportParticles@@YAXABUCVec3@@@Z 0040a673 f   cl_fx.obj
 0001:000097a9       ?CL_Heatbeam@@YAXABUCVec3@@0@Z 0040a7a9 f   cl_fx.obj
 0001:00009a4f       ?CL_ParticleSteamEffect@@YAXABUCVec3@@0HHH@Z 0040aa4f f   cl_fx.obj
 0001:00009b88       ?CL_ParticleSmokeEffect@@YAXABUCVec3@@0@Z 0040ab88 f   cl_fx.obj
 0001:00009ca4       ?CL_TrackerTrail@@YAXAAUcentity_t@@@Z 0040aca4 f   cl_fx.obj
 0001:00009e22       ?CL_TrackerShell@@YAXABUCVec3@@@Z 0040ae22 f   cl_fx.obj
 0001:00009eae       ?CL_MonsterPlasmaShell@@YAXABUCVec3@@@Z 0040aeae f   cl_fx.obj
 0001:00009f37       ?CL_WidowSplash@@YAXABUCVec3@@@Z 0040af37 f   cl_fx.obj
 0001:0000a018       ?CL_InitInput@@YAXXZ       0040b018 f   cl_input.obj
 0001:0000a575       ?CL_SendCmd@@YAXXZ         0040b575 f   cl_input.obj
 0001:0000ab58       ?CL_WriteDemoMessage@@YAXXZ 0040bb58 f   cl_main.obj
 0001:0000ab9a       ?Cmd_ForwardToServer@@YAXHPAPAD@Z 0040bb9a f   cl_main.obj
 0001:0000ac5d       ?CL_ForwardToServer_f@@YAXHPAPAD@Z 0040bc5d f   cl_main.obj
 0001:0000aca5       ?CL_Pause@@YAX_N@Z         0040bca5 f   cl_main.obj
 0001:0000ace7       ?CL_Drop@@YAX_N@Z          0040bce7 f   cl_main.obj
 0001:0000ad0e       ?CL_SendConnectPacket@@YAXXZ 0040bd0e f   cl_main.obj
 0001:0000ad74       ?CL_Connect_f@@YAX_NHPAPAD@Z 0040bd74 f   cl_main.obj
 0001:0000addf       ?CL_Rcon_f@@YAXHPAPAD@Z    0040bddf f   cl_main.obj
 0001:0000aecb       ?CL_Disconnect@@YAXXZ      0040becb f   cl_main.obj
 0001:0000b076       ?CL_Disconnect_f@@YAXXZ    0040c076 f   cl_main.obj
 0001:0000b080       ?CL_Changing_f@@YAXXZ      0040c080 f   cl_main.obj
 0001:0000b0a4       ?CL_Reconnect_f@@YAXXZ     0040c0a4 f   cl_main.obj
 0001:0000b140       ?CL_PingServers_f@@YAXXZ   0040c140 f   cl_main.obj
 0001:0000b4ef       ?CL_ConnectionlessPacket@@YAXXZ 0040c4ef f   cl_main.obj
 0001:0000b5ec       ?CL_Userinfo_f@@YAXXZ      0040c5ec f   cl_main.obj
 0001:0000b607       ?CL_RegisterSounds@@YAXXZ  0040c607 f   cl_main.obj
 0001:0000b646       ?CL_Snd_Restart_f@@YAXXZ   0040c646 f   cl_main.obj
 0001:0000b655       ?CL_WriteConfiguration@@YAXPBD@Z 0040c655 f   cl_main.obj
 0001:0000b73c       ?CL_WriteConfig_f@@YAX_NHPAPAD@Z 0040c73c f   cl_main.obj
 0001:0000b7a7       ?CL_FixCvarCheats@@YAXXZ   0040c7a7 f   cl_main.obj
 0001:0000b7f8       ?CL_Frame@@YAXMM@Z         0040c7f8 f   cl_main.obj
 0001:0000bc75       ?CL_ClearState@@YAXXZ      0040cc75 f   cl_main.obj
 0001:0000bcb3       ?CL_Init@@YAXXZ            0040ccb3 f   cl_main.obj
 0001:0000c161       ?CL_Shutdown@@YAXXZ        0040d161 f   cl_main.obj
 0001:0000c1bd       ?CL_ParseClientinfo@@YAXH@Z 0040d1bd f   cl_parse.obj
 0001:0000c272       ?CL_UpdatePlayerClientInfo@@YAXXZ 0040d272 f   cl_parse.obj
 0001:0000c2b3       ?CL_ParseServerMessage@@YAXXZ 0040d2b3 f   cl_parse.obj
 0001:0000ca9e       ?FreePlayerModelsInfo@@YAXXZ 0040da9e f   cl_playermodel.obj
 0001:0000cac4       ?ScanPlayerModels@@YA_NXZ  0040dac4 f   cl_playermodel.obj
 0001:0000cebc       ?RunAnimation@@YAXAAUclientInfo_t@@AAUanimState_t@@H@Z 0040debc f   cl_playermodel.obj
 0001:0000d09d       ?CL_LoadClientinfo@@YAXAAUclientInfo_t@@PBD_N@Z 0040e09d f   cl_playermodel.obj
 0001:0000dd29       ?ParsePlayerEntity@@YAHAAUcentity_t@@AAUclientInfo_t@@PAUclEntityState_t@@ABUentity_t@@PAU4@HH@Z 0040ed29 f   cl_playermodel.obj
 0001:0000e87e       ?CreateAndInsert@?$TList@VCStringItem@@@@QAEPAVCStringItem@@PBDPAVCMemoryChain@@@Z 0040f87e f i cl_playermodel.obj
 0001:0000e8b4       ?CL_CheckPredictionError@@YAXXZ 0040f8b4 f   cl_pred.obj
 0001:0000ea47       ?CL_EntityTrace@@YAXAAUtrace_t@@ABUCVec3@@1ABUCBox@@H@Z 0040fa47 f   cl_pred.obj
 0001:0000ede3       ?CL_Trace@@YAXAAUtrace_t@@ABUCVec3@@1ABUCBox@@H@Z 0040fde3 f   cl_pred.obj
 0001:0000ee5f       ?CL_PMpointcontents@@YAHABUCVec3@@@Z 0040fe5f f   cl_pred.obj
 0001:0000efeb       ?CL_PredictMovement@@YAXXZ 0040ffeb f   cl_pred.obj
 0001:0000f390       ?DrawString@@YAXHHPBD@Z    00410390 f   cl_scrn.obj
 0001:0000f3d5       ?SCR_DebugGraph@@YAXMH@Z   004103d5 f   cl_scrn.obj
 0001:0000f3fd       ?SCR_CenterPrint@@YAXPBD@Z 004103fd f   cl_scrn.obj
 0001:0000f503       ?Key_Message@@YAXH@Z       00410503 f   cl_scrn.obj
 0001:0000f59f       ?SCR_SetLevelshot@@YAXPBD@Z 0041059f f   cl_scrn.obj
 0001:0000f698       ?SCR_BeginLoadingPlaque@@YAXXZ 00410698 f   cl_scrn.obj
 0001:0000f723       ?SCR_EndLoadingPlaque@@YAX_N@Z 00410723 f   cl_scrn.obj
 0001:0000f7a8       ?SCR_LoadingNotify@@YAXPBDM@Z 004107a8 f   cl_scrn.obj
 0001:0000f7cf       ?SCR_ShowConsole@@YAX_N0@Z 004107cf f   cl_scrn.obj
 0001:0000f894       ?SCR_ToggleConsole@@YAXXZ  00410894 f   cl_scrn.obj
 0001:0000f8bc       ?SCR_TouchPics@@YAXXZ      004108bc f   cl_scrn.obj
 0001:0000f912       ?SCR_UpdateScreen@@YAXXZ   00410912 f   cl_scrn.obj
 0001:00010ca0       ?SCR_Init@@YAXXZ           00411ca0 f   cl_scrn.obj
 0001:00010fde       ?sprintf@?$TString@$0BA@@@QAAHPBDZZ 00411fde f i cl_scrn.obj
 0001:00010ff7       ?CL_RegisterTEntSounds@@YAXXZ 00411ff7 f   cl_tent.obj
 0001:0001123c       ?CL_RegisterTEntModels@@YAXXZ 0041223c f   cl_tent.obj
 0001:00011389       ?CL_ClearTEnts@@YAXXZ      00412389 f   cl_tent.obj
 0001:000113ba       ?CL_SmokeAndFlash@@YAXABUCVec3@@@Z 004123ba f   cl_tent.obj
 0001:00011550       ?CL_ParseTEnt@@YAXXZ       00412550 f   cl_tent.obj
 0001:00012734       ?CL_AddTEnts@@YAXXZ        00413734 f   cl_tent.obj
 0001:0001313d       ?V_AddEntity@@YAXPAUentity_t@@@Z 0041413d f   cl_view.obj
 0001:00013178       ?V_AddEntity2@@YAXPAUentity_t@@@Z 00414178 f   cl_view.obj
 0001:000131a7       ?AddEntityWithEffects2@@YAXPAUentity_t@@I@Z 004141a7 f   cl_view.obj
 0001:00013246       ?AddEntityWithEffects@@YAXPAUentity_t@@I@Z 00414246 f   cl_view.obj
 0001:00013265       ?V_AddLight@@YAXABUCVec3@@MMMM@Z 00414265 f   cl_view.obj
 0001:000132aa       ?V_TestEntities@@YAXXZ     004142aa f   cl_view.obj
 0001:000133d7       ?V_TestLights@@YAXXZ       004143d7 f   cl_view.obj
 0001:000134ad       ?V_InitRenderer@@YAXXZ     004144ad f   cl_view.obj
 0001:000138e4       ?CalcFov@@YAMMMM@Z         004148e4 f   cl_view.obj
 0001:00013952       ?V_RenderView@@YA_NXZ      00414952 f   cl_view.obj
 0001:00014592       ?V_Init@@YAXXZ             00415592 f   cl_view.obj
 0001:00014641       ?Con_ClearNotify@@YAXXZ    00415641 f   console.obj
 0001:00014650       ?Con_CheckResize@@YAXXZ    00415650 f   console.obj
 0001:00014777       ?Write@COutputDeviceCon@@UAEXPBD@Z 00415777 f   console.obj
 0001:0001497c       ?Con_DrawNotify@@YAX_N@Z   0041597c f   console.obj
 0001:00014b4f       ?Con_DrawConsole@@YAXM@Z   00415b4f f   console.obj
 0001:00014e03       ?Con_ClearTyping@@YAXXZ    00415e03 f   console.obj
 0001:00014e1c       ?Key_Console@@YAXHH@Z      00415e1c f   console.obj
 0001:00015264       ?Con_Init@@YAXXZ           00416264 f   console.obj
 0001:000153d2       ?Key_KeynumToString@@YAPBDH@Z 004163d2 f   keys.obj
 0001:00015492       ?Draw@completeMenu_t@@UAEXXZ 00416492 f i keys.obj
 0001:000154c3       ?KeyDown@completeMenu_t@@UAEPBDH@Z 004164c3 f i keys.obj
 0001:000154ec       ?Init@completeMenu_t@@UAE_NXZ 004164ec f i keys.obj
 0001:00015613       ?CompleteMenuCallback@completeMenu_t@@SAXPAX@Z 00416613 f i keys.obj
 0001:000156a1       ?CompleteCommand@@YAXXZ    004166a1 f   keys.obj
 0001:00015dac       ?Key_SetBinding@@YAXHPBD@Z 00416dac f   keys.obj
 0001:00015dea       ?Key_FindBinding@@YAHPBDPAHH@Z 00416dea f   keys.obj
 0001:00015e38       ?Key_WriteBindings@@YAXPAVCOutputDevice@@@Z 00416e38 f   keys.obj
 0001:00015e7f       ?Key_Init@@YAXXZ           00416e7f f   keys.obj
 0001:00016163       ?Key_Event@@YAXH_N@Z       00417163 f   keys.obj
 0001:000164bc       ?Key_ClearStates@@YAXXZ    004174bc f   keys.obj
 0001:000164f1       ?M_ForceMenuOn@@YAXXZ      004174f1 f   menu.obj
 0001:00016510       ?Draw@menuMain_t@@UAEXXZ   00417510 f i menu.obj
 0001:0001664c       ?KeyDown@menuMain_t@@UAEPBDH@Z 0041764c f i menu.obj
 0001:00016708       ?Init@menuMain_t@@UAE_NXZ  00417708 f i menu.obj
 0001:00016710       ?M_Menu_Main_f@@YAXXZ      00417710 f   menu.obj
 0001:0001672a       ?Init@multiplayerMenu_t@@UAE_NXZ 0041772a f i menu.obj
 0001:0001684e       ?Init@keysMenu_t@@UAE_NXZ  0041784e f i menu.obj
 0001:00016a37       ?KeyCursorDrawFunc@keysMenu_t@@SAXPAUmenuFramework_t@@@Z 00417a37 f i menu.obj
 0001:00016a77       ?DrawKeyBindingFunc@keysMenu_t@@SAXPAX@Z 00417a77 f i menu.obj
 0001:00016b3e       ?KeyDown@keysMenu_t@@UAEPBDH@Z 00417b3e f i menu.obj
 0001:00016beb       ?UnbindCommand@keysMenu_t@@QAEXPAD@Z 00417beb f i menu.obj
 0001:00016c30       ?KeyBindingFunc@keysMenu_t@@QAEXPAX@Z 00417c30 f i menu.obj
 0001:00016c8f       ?Init@optionsMenu_t@@UAE_NXZ 00417c8f f i menu.obj
 0001:00017039       ?CrosshairFunc@optionsMenu_t@@SAXPAX@Z 00418039 f i menu.obj
 0001:00017061       ?JoystickFunc@optionsMenu_t@@SAXPAX@Z 00418061 f i menu.obj
 0001:00017076       ?AlwaysRunFunc@optionsMenu_t@@SAXPAX@Z 00418076 f i menu.obj
 0001:0001708b       ?MouseSpeedFunc@optionsMenu_t@@SAXPAX@Z 0041808b f i menu.obj
 0001:000170a8       ?InvertMouseFunc@optionsMenu_t@@SAXPAX@Z 004180a8 f i menu.obj
 0001:000170e1       ?UpdateVolumeFunc@optionsMenu_t@@SAXPAX@Z 004180e1 f i menu.obj
 0001:000170fe       ?UpdateCDVolumeFunc@optionsMenu_t@@SAXPAX@Z 004180fe f i menu.obj
 0001:00017118       ?SetMenuItemValues@optionsMenu_t@@SAXXZ 00418118 f i menu.obj
 0001:00017260       ?ResetDefaultsFunc@optionsMenu_t@@SAXPAX@Z 00418260 f i menu.obj
 0001:00017275       ?UpdateSoundFunc@optionsMenu_t@@SAXPAX@Z 00418275 f i menu.obj
 0001:00017478       ?ScanCrosshairs@optionsMenu_t@@SAXXZ 00418478 f i menu.obj
 0001:000174d5       ?Draw@optionsMenu_t@@UAEXXZ 004184d5 f i menu.obj
 0001:0001753a       ?Draw@creditsMenu_t@@UAEXXZ 0041853a f i menu.obj
 0001:000175e1       ?KeyDown@creditsMenu_t@@UAEPBDH@Z 004185e1 f i menu.obj
 0001:0001761c       ?Init@creditsMenu_t@@UAE_NXZ 0041861c f i menu.obj
 0001:0001769d       ?Init@gameMenu_t@@UAE_NXZ  0041869d f i menu.obj
 0001:00017828       ?EasyGameFunc@gameMenu_t@@SAXPAX@Z 00418828 f i menu.obj
 0001:00017834       ?StartGame@gameMenu_t@@SAXPBD@Z 00418834 f i menu.obj
 0001:0001788c       ?MediumGameFunc@gameMenu_t@@SAXPAX@Z 0041888c f i menu.obj
 0001:00017898       ?HardGameFunc@gameMenu_t@@SAXPAX@Z 00418898 f i menu.obj
 0001:000178b4       ?Init@savegameMenu_t@@UAE_NXZ 004188b4 f i menu.obj
 0001:000179c4       ?Create_Savestrings@savegameMenu_t@@QAEXXZ 004189c4 f i menu.obj
 0001:00017a79       ?LoadGameCallback@savegameMenu_t@@SAXPAX@Z 00418a79 f i menu.obj
 0001:00017aa2       ?SaveGameCallback@savegameMenu_t@@SAXPAX@Z 00418aa2 f i menu.obj
 0001:00017ac1       ?Draw@savegameMenu_t@@UAEXXZ 00418ac1 f i menu.obj
 0001:00017adc       ?DrawSavegameShot@savegameMenu_t@@QAEXHH@Z 00418adc f i menu.obj
 0001:00017bb7       ?Init@joinserverMenu_t@@UAE_NXZ 00418bb7 f i menu.obj
 0001:00017ce0       ?JoinServerFunc@joinserverMenu_t@@SAXPAX@Z 00418ce0 f i menu.obj
 0001:00017d42       ?SearchLocalGames@joinserverMenu_t@@SAXXZ 00418d42 f i menu.obj
 0001:00017dad       ?M_AddToServerList@@YAXUnetadr_t@@PAD@Z 00418dad f   menu.obj
 0001:00017e2e       ?Init@startserverMenu_t@@UAE_NXZ 00418e2e f i menu.obj
 0001:000182bc       ?DMOptionsFunc@startserverMenu_t@@SAXPAX@Z 004192bc f i menu.obj
 0001:000182cc       ?RulesChangeFunc@startserverMenu_t@@SAXPAX@Z 004192cc f i menu.obj
 0001:00018344       ?StartServerActionFunc@startserverMenu_t@@SAXPAX@Z 00419344 f i menu.obj
 0001:0001836f       ?StartServerFunc@startserverMenu_t@@SAXPAD@Z 0041936f f i menu.obj
 0001:000185a5       ?KeyDown@startserverMenu_t@@UAEPBDH@Z 004195a5 f i menu.obj
 0001:00018602       ?Init@dmoptionsMenu_t@@UAE_NXZ 00419602 f i menu.obj
 0001:00018bdf       ?DMFlagCallback@dmoptionsMenu_t@@SAXPAX@Z 00419bdf f i menu.obj
 0001:00018db5       ?Init@downloadOptionsMenu_t@@UAE_NXZ 00419db5 f i menu.obj
 0001:00018f80       ?DownloadCallback@downloadOptionsMenu_t@@SAXPAX@Z 00419f80 f i menu.obj
 0001:00018feb       ?Init@addressBookMenu_t@@UAE_NXZ 00419feb f i menu.obj
 0001:00019093       ?KeyDown@addressBookMenu_t@@UAEPBDH@Z 0041a093 f i menu.obj
 0001:000190f0       ?Init@playerConfigMenu_t@@UAE_NXZ 0041a0f0 f i menu.obj
 0001:00019637       ?HandednessCallback@playerConfigMenu_t@@SAXPAX@Z 0041a637 f i menu.obj
 0001:0001964c       ?RTypeCallback@playerConfigMenu_t@@SAXPAX@Z 0041a64c f i menu.obj
 0001:00019661       ?RColorCallback@playerConfigMenu_t@@SAXPAX@Z 0041a661 f i menu.obj
 0001:00019676       ?RateCallback@playerConfigMenu_t@@SAXPAX@Z 0041a676 f i menu.obj
 0001:00019699       ?ModelCallback@playerConfigMenu_t@@SAXPAX@Z 0041a699 f i menu.obj
 0001:000196cd       ?SkinCallback@playerConfigMenu_t@@SAXPAX@Z 0041a6cd f i menu.obj
 0001:000196d5       ?Draw@playerConfigMenu_t@@UAEXXZ 0041a6d5 f i menu.obj
 0001:000199b7       ?KeyDown@playerConfigMenu_t@@UAEPBDH@Z 0041a9b7 f i menu.obj
 0001:00019a96       ?Init@dmbrowseMenu_t@@UAE_NXZ 0041aa96 f i menu.obj
 0001:00019c9d       ?KeyDown@dmbrowseMenu_t@@UAEPBDH@Z 0041ac9d f i menu.obj
 0001:00019e61       ?Draw@dmbrowseMenu_t@@UAEXXZ 0041ae61 f i menu.obj
 0001:00019fa6       ?DrawThumbnail@dmbrowseMenu_t@@SAXHHHHPAD_N@Z 0041afa6 f i menu.obj
 0001:0001a080       ?Init@videoMenu_t@@UAE_NXZ 0041b080 f i menu.obj
 0001:0001a653       ?ScreenSizeCallback@videoMenu_t@@SAXPAX@Z 0041b653 f i menu.obj
 0001:0001a671       ?BrightnessCallback@videoMenu_t@@SAXPAX@Z 0041b671 f i menu.obj
 0001:0001a68f       ?ContrastCallback@videoMenu_t@@SAXPAX@Z 0041b68f f i menu.obj
 0001:0001a6c8       ?CancelChanges@videoMenu_t@@SAXPAX@Z 0041b6c8 f i menu.obj
 0001:0001a715       ?KeyDown@videoMenu_t@@UAEPBDH@Z 0041b715 f i menu.obj
 0001:0001a75c       ?ApplyChanges@videoMenu_t@@SAXPAX@Z 0041b75c f i menu.obj
 0001:0001a913       ?KeyDown@quitMenu_t@@UAEPBDH@Z 0041b913 f i menu.obj
 0001:0001a94d       ?Draw@quitMenu_t@@UAEXXZ   0041b94d f i menu.obj
 0001:0001a9bd       ?M_Init@@YAXXZ             0041b9bd f   menu.obj
 0001:0001ab9f       ?ItemAtCursor@menuFramework_t@@QAEPAUmenuCommon_t@@XZ 0041bb9f f   qmenu.obj
 0001:0001abf3       ?AddItem@menuFramework_t@@QAEXPAUmenuCommon_t@@@Z 0041bbf3 f   qmenu.obj
 0001:0001acaf       ?AdjustCursor@menuFramework_t@@QAEXH@Z 0041bcaf f   qmenu.obj
 0001:0001ae1e       ?Center@menuFramework_t@@QAEXXZ 0041be1e f   qmenu.obj
 0001:0001ae5f       ?Draw@menuFramework_t@@UAEXXZ 0041be5f f   qmenu.obj
 0001:0001b424       ?SelectItem@menuFramework_t@@QAE_NXZ 0041c424 f   qmenu.obj
 0001:0001b482       ?SetStatusBar@menuFramework_t@@QAEXPBD@Z 0041c482 f   qmenu.obj
 0001:0001b48c       ?SlideItem@menuFramework_t@@QAEXH@Z 0041c48c f   qmenu.obj
 0001:0001ba13       ?Push@menuFramework_t@@QAEXXZ 0041ca13 f   qmenu.obj
 0001:0001ba92       ?M_ForceMenuOff@@YAXXZ     0041ca92 f   qmenu.obj
 0001:0001babf       ?Pop@menuFramework_t@@QAEXXZ 0041cabf f   qmenu.obj
 0001:0001baf9       ?KeyDown@menuFramework_t@@UAEPBDH@Z 0041caf9 f   qmenu.obj
 0001:0001bd6d       ?Init@menuFramework_t@@UAE_NXZ 0041cd6d f   qmenu.obj
 0001:0001bd70       ?M_Draw@@YAXXZ             0041cd70 f   qmenu.obj
 0001:0001bdab       ?M_Keydown@@YAXH@Z         0041cdab f   qmenu.obj
 0001:0001bdca       ?InitRendererVars@@YAXXZ   0041cdca f   ref_vars.obj
 0001:0001bde9       ?S_SoundInfo_f@@YAXXZ      0041cde9 f   snd_dma.obj
 0001:0001be63       ?S_Init@@YAXXZ             0041ce63 f   snd_dma.obj
 0001:0001bf35       ?S_Shutdown@@YAXXZ         0041cf35 f   snd_dma.obj
 0001:0001bfc8       ?S_BeginRegistration@@YAXXZ 0041cfc8 f   snd_dma.obj
 0001:0001bfd6       ?S_RegisterSound@@YAPAUsfx_t@@PBD@Z 0041cfd6 f   snd_dma.obj
 0001:0001c17d       ?S_EndRegistration@@YAXXZ  0041d17d f   snd_dma.obj
 0001:0001c200       ?S_PickChannel@@YAPAUchannel_t@@HH@Z 0041d200 f   snd_dma.obj
 0001:0001c28d       ?S_Spatialize@@YAXPAUchannel_t@@@Z 0041d28d f   snd_dma.obj
 0001:0001c46d       ?S_AllocPlaysound@@YAPAUplaysound_t@@XZ 0041d46d f   snd_dma.obj
 0001:0001c48f       ?S_FreePlaysound@@YAXPAUplaysound_t@@@Z 0041d48f f   snd_dma.obj
 0001:0001c4bf       ?S_IssuePlaysound@@YAXPAUplaysound_t@@@Z 0041d4bf f   snd_dma.obj
 0001:0001c58c       ?S_StartSound@@YAXPBUCVec3@@HHPAUsfx_t@@MMM@Z 0041d58c f   snd_dma.obj
 0001:0001c94d       ?S_StartLocalSound@@YAXPBD@Z 0041d94d f   snd_dma.obj
 0001:0001c99c       ?S_ClearBuffer@@YAXXZ      0041d99c f   snd_dma.obj
 0001:0001ca05       ?S_StopAllSounds_f@@YAXXZ  0041da05 f   snd_dma.obj
 0001:0001ca75       ?S_AddLoopSounds@@YAXXZ    0041da75 f   snd_dma.obj
 0001:0001cc4b       ?S_RawSamples@@YAXHHHHPAE@Z 0041dc4b f   snd_dma.obj
 0001:0001ce4f       ?S_Update@@YAXABUCVec3@@0@Z 0041de4f f   snd_dma.obj
 0001:0001cf25       ?GetSoundtime@@YAXXZ       0041df25 f   snd_dma.obj
 0001:0001cf8c       ?S_Update_@@YAXXZ          0041df8c f   snd_dma.obj
 0001:0001d23f       ?S_LoadSound@@YAPAUsfxcache_t@@PAUsfx_t@@@Z 0041e23f f   snd_mem.obj
 0001:0001d7ca       ?S_WriteLinearBlastStereo16@@YAXXZ 0041e7ca f   snd_mix.obj
 0001:0001d834       ?S_TransferStereo16@@YAXPAKH@Z 0041e834 f   snd_mix.obj
 0001:0001d89d       ?S_TransferPaintBuffer@@YAXH@Z 0041e89d f   snd_mix.obj
 0001:0001da01       ?S_PaintChannels@@YAXH@Z   0041ea01 f   snd_mix.obj
 0001:0001dc7d       ?S_InitScaletable@@YAXXZ   0041ec7d f   snd_mix.obj
 0001:0001ddc2       ?SV_ComputeAnimation@@YAXPAUplayer_state_t@@AAUentityStateEx_t@@PAU2@PAUedict_s@@@Z 0041edc2 f   sv_anim.obj
 0001:0001e270       ?SV_ReadLevelFile@@YAXXZ   0041f270 f   sv_ccmds.obj
 0001:0001e31e       ?SV_AddressBanned@@YA_NPAUnetadr_t@@@Z 0041f31e f   sv_ccmds.obj
 0001:0001e35f       ?SV_InitCommands@@YAXXZ    0041f35f f   sv_ccmds.obj
 0001:0001f7bd       ?sprintf@?$TString@$0CI@@@QAAHPBDZZ 004207bd f i sv_ccmds.obj
 0001:0001f7d6       ?SV_WriteFrameToClient@@YAXPAUclient_t@@PAVsizebuf_t@@@Z 004207d6 f   sv_ents.obj
 0001:0001ff1c       ?SV_RecordDemoMessage@@YAXXZ 00420f1c f   sv_ents.obj
 0001:000200ea       ?SV_MulticastOld@@YAXABUCVec3@@W4multicast_t@@@Z 004210ea f i sv_game.obj
 0001:000200fd       ?SV_StartSoundOld@@YAXPBUCVec3@@PAUedict_s@@HHMMM@Z 004210fd f i sv_game.obj
 0001:00020b8b       ?SV_InitGameLibrary@@YAX_N@Z 00421b8b f   sv_game.obj
 0001:00020e7d       ?SV_ShutdownGameLibrary@@YAXXZ 00421e7d f   sv_game.obj
 0001:00020fda       ?SV_FindIndex@@YAHPBDHH_N@Z 00421fda f   sv_init.obj
 0001:000210e9       ?SV_ModelIndex@@YAHPBD@Z   004220e9 f   sv_init.obj
 0001:000210ff       ?SV_SoundIndex@@YAHPBD@Z   004220ff f   sv_init.obj
 0001:00021118       ?SV_ImageIndex@@YAHPBD@Z   00422118 f   sv_init.obj
 0001:00021131       ?SV_CreateBaseline@@YAXXZ  00422131 f   sv_init.obj
 0001:000211ae       ?SV_SpawnServer@@YAXPAD0W4server_state_t@@_N2@Z 004221ae f   sv_init.obj
 0001:000214ff       ?SV_InitGame@@YAXXZ        004224ff f   sv_init.obj
 0001:00021727       ?SV_Map@@YAX_NPBD0@Z       00422727 f   sv_init.obj
 0001:000218e9       ?SV_DropClient@@YAXPAUclient_t@@PAD@Z 004228e9 f   sv_main.obj
 0001:0002230d       ??0COutputDeviceMem@@QAE@H@Z 0042330d f i sv_main.obj
 0001:0002233b       ?Write@COutputDeviceMem@@UAEXPBD@Z 0042333b f i sv_main.obj
 0001:000223c0       ??_ECOutputDeviceMem@@UAEPAXI@Z 004233c0 f i sv_main.obj
 0001:000223c0       ??_GCOutputDeviceMem@@UAEPAXI@Z 004233c0 f i sv_main.obj
 0001:000223dc       ??1COutputDeviceMem@@UAE@XZ 004233dc f i sv_main.obj
 0001:000223fb       ?SV_CalcPings@@YAXXZ       004233fb f   sv_main.obj
 0001:00022482       ?SV_GiveMsec@@YAXXZ        00423482 f   sv_main.obj
 0001:000224c1       ?SV_ReadPackets@@YAXXZ     004234c1 f   sv_main.obj
 0001:000226d4       ?SV_CheckTimeouts@@YAXXZ   004236d4 f   sv_main.obj
 0001:000227e5       ?SV_PostprocessFrame@@YAXXZ 004237e5 f   sv_main.obj
 0001:00022cb8       ?SV_MulticastHook@@YAPAVsizebuf_t@@PAV1@0@Z 00423cb8 f   sv_main.obj
 0001:000230a8       ?SV_TraceHook@@YAXAAUtrace_t@@ABUCVec3@@PBU2@21PAUedict_s@@H@Z 004240a8 f   sv_main.obj
 0001:00023227       ?SV_Frame@@YAXM@Z          00424227 f   sv_main.obj
 0001:000234da       ?SV_UserinfoChanged@@YAXPAUclient_t@@@Z 004244da f   sv_main.obj
 0001:0002359b       ?SV_InitVars@@YAXXZ        0042459b f   sv_main.obj
 0001:000235aa       ?SV_Init@@YAXXZ            004245aa f   sv_main.obj
 0001:00023603       ?SV_Shutdown@@YAXPBD_N@Z   00424603 f   sv_main.obj
 0001:00023810       ?SV_ClientPrintf@@YAXPAUclient_t@@HPBDZZ 00424810 f   sv_send.obj
 0001:0002386b       ?SV_BroadcastPrintf@@YAXHPBDZZ 0042486b f   sv_send.obj
 0001:00023941       ?SV_BroadcastCommand@@YAXPBDZZ 00424941 f   sv_send.obj
 0001:0002399b       ?SV_Multicast@@YAXABUCVec3@@W4multicast_t@@_N@Z 0042499b f   sv_send.obj
 0001:00023bc1       ?SV_StartSound@@YAXPBUCVec3@@PAUedict_s@@HHMMM_N@Z 00424bc1 f   sv_send.obj
 0001:00023e91       ?SV_SendClientDatagram@@YA_NPAUclient_t@@@Z 00424e91 f   sv_send.obj
 0001:00023f53       ?SV_DemoCompleted@@YAXXZ   00424f53 f   sv_send.obj
 0001:00023f6f       ?SV_SendClientMessages@@YAXXZ 00424f6f f   sv_send.obj
 0001:0002411f       ?SV_DrawText3D@@YAXABUCVec3@@PBDI@Z 0042511f f   sv_text.obj
 0001:00024156       ?SV_ClearTexts@@YAXXZ      00425156 f   sv_text.obj
 0001:0002415e       ?SV_DrawTexts@@YAXXZ       0042515e f   sv_text.obj
 0001:000241af       ??0?$TTextContainer@UCSVText@@$0BAAAA@@@QAE@XZ 004251af f i sv_text.obj
 0001:000241d4       ?SV_TokenizeString@@YAXPBD@Z 004251d4 f   sv_tokenize.obj
 0001:000242ab       ?SV_Argc@@YAHXZ            004252ab f   sv_tokenize.obj
 0001:000242b1       ?SV_Argv@@YAPADH@Z         004252b1 f   sv_tokenize.obj
 0001:000242cb       ?SV_Args@@YAPADXZ          004252cb f   sv_tokenize.obj
 0001:00024b99       ?SV_Nextserver@@YAXXZ      00425b99 f   sv_user.obj
 0001:00024c28       ?SV_ClientThink@@YAXPAUclient_t@@PAUusercmd_t@@@Z 00425c28 f   sv_user.obj
 0001:00024cb9       ?SV_ExecuteClientMessage@@YAXPAUclient_t@@@Z 00425cb9 f   sv_user.obj
 0001:00025009       ?SV_ClearWorld@@YAXXZ      00426009 f   sv_world.obj
 0001:00025144       ?SV_UnlinkEdict@@YAXPAUedict_s@@@Z 00426144 f   sv_world.obj
 0001:00025207       ?SV_LinkEdict@@YAXPAUedict_s@@@Z 00426207 f   sv_world.obj
 0001:000257f1       ?SV_AreaEdicts@@YAHABUCVec3@@0PAPAUedict_s@@HH@Z 004267f1 f   sv_world.obj
 0001:0002598c       ?SV_PointContents@@YAHABUCVec3@@@Z 0042698c f   sv_world.obj
 0001:00025ab3       ?SV_Trace@@YAXAAUtrace_t@@ABUCVec3@@1ABUCBox@@PAUedict_s@@H@Z 00426ab3 f   sv_world.obj
 0001:00025f32       ?InitByteDirs@@YAXXZ       00426f32 f   anorms.obj
 0001:00025f71       ?Cbuf_AddText@@YAXPBD@Z    00426f71 f   cmd.obj
 0001:00025fd3       ?Cbuf_CopyToDefer@@YAXXZ   00426fd3 f   cmd.obj
 0001:0002601b       ?Cbuf_InsertFromDefer@@YAXXZ 0042701b f   cmd.obj
 0001:000260d4       ?Cbuf_Execute@@YAXXZ       004270d4 f   cmd.obj
 0001:000261da       ?Cmd_Unalias_f@@YAX_NHPAPAD@Z 004271da f   cmd.obj
 0001:00026250       ?Cmd_WriteAliases@@YAXPAVCOutputDevice@@@Z 00427250 f   cmd.obj
 0001:00026280       ?RegisterCommand@@YA_NPBDP6AXXZI@Z 00427280 f   cmd.obj
 0001:00026361       ?UnregisterCommand@@YA_NPBD@Z 00427361 f   cmd.obj
 0001:000263f2       ?ExecuteCommand@@YA_NPBD@Z 004273f2 f   cmd.obj
 0001:00026835       ?ExecuteCommand@@YA_NPBDPBUCSimpleCommand@@H@Z 00427835 f   cmd.obj
 0001:00026c72       ?CM_LoadMap@@YAPAUcmodel_t@@PBD_NPAI@Z 00427c72 f   cmodel.obj
 0001:000273e1       ?SetSignbits@cplane_t@@QAEXXZ 004283e1 f i cmodel.obj
 0001:00027415       ?SetType@cplane_t@@QAEXXZ  00428415 f i cmodel.obj
 0001:0002748a       ?CMod_LoadLeafBrushes@@YAXPAGH@Z 0042848a f i cmodel.obj
 0001:0002759a       ?CM_InlineModel@@YAPAUcmodel_t@@PBD@Z 0042859a f   cmodel.obj
 0001:000275db       ?CM_NumClusters@@YAHXZ     004285db f   cmodel.obj
 0001:000275e1       ?CM_NumInlineModels@@YAHXZ 004285e1 f   cmodel.obj
 0001:000275e7       ?CM_EntityString@@YAPBDXZ  004285e7 f   cmodel.obj
 0001:000275ed       ?CM_LeafContents@@YAHH@Z   004285ed f   cmodel.obj
 0001:00027614       ?CM_LeafCluster@@YAHH@Z    00428614 f   cmodel.obj
 0001:0002768a       ?CM_LeafArea@@YAHH@Z       0042868a f   cmodel.obj
 0001:0002784d       ?CM_HeadnodeForBox@@YAHABUCBox@@@Z 0042884d f   cmodel.obj
 0001:00027902       ?CM_PointLeafnum@@YAHABUCVec3@@H@Z 00428902 f   cmodel.obj
 0001:000279a5       ?DistanceTo@cplane_t@@QAEMABUCVec3@@@Z 004289a5 f i cmodel.obj
 0001:000279e9       ?CM_PointContents@@YAHABUCVec3@@H@Z 004289e9 f   cmodel.obj
 0001:00027a5e       ?CM_TransformedPointContents@@YAHABUCVec3@@H00@Z 00428a5e f   cmodel.obj
 0001:00027b3f       ?CM_TransformedPointContents@@YAHABUCVec3@@H0ABUCAxis@@@Z 00428b3f f   cmodel.obj
 0001:00027bea       ?CM_BoxLeafnums@@YAHABUCBox@@PAHH1H@Z 00428bea f   cmodel.obj
 0001:00027cfd       ?BOX_ON_PLANE_SIDE@@YAHABUCBox@@ABUcplane_t@@@Z 00428cfd f i cmodel.obj
 0001:00027d67       ?CM_BoxTrace@@YAXAAUtrace_t@@ABUCVec3@@1ABUCBox@@HH@Z 00428d67 f   cmodel.obj
 0001:000286ff       ?CM_TransformedBoxTrace@@YAXAAUtrace_t@@ABUCVec3@@1ABUCBox@@HH11@Z 004296ff f   cmodel.obj
 0001:0002887c       ?CM_TransformedBoxTrace@@YAXAAUtrace_t@@ABUCVec3@@1ABUCBox@@HH1ABUCAxis@@@Z 0042987c f   cmodel.obj
 0001:00028939       ?CM_BrushTrace@@YAHABUCVec3@@0PAHH@Z 00429939 f   cmodel.obj
 0001:00028d29       ?CM_RefineBrushTrace@@YAHABUCVec3@@0PAHH@Z 00429d29 f   cmodel.obj
 0001:00028dcf       ?CM_ClusterPVS@@YAPAEH@Z   00429dcf f   cmodel.obj
 0001:00028f1c       ?CM_ClusterPHS@@YAPAEH@Z   00429f1c f   cmodel.obj
 0001:00029088       ?CM_SetAreaPortalState@@YAXH_N@Z 0042a088 f   cmodel.obj
 0001:000290ad       ?CM_AreasConnected@@YA_NHH@Z 0042a0ad f   cmodel.obj
 0001:000290f1       ?CM_WriteAreaBits@@YAHPAEH@Z 0042a0f1 f   cmodel.obj
 0001:00029193       ?CM_WritePortalState@@YAXPAU_iobuf@@@Z 0042a193 f   cmodel.obj
 0001:000291ad       ?CM_ReadPortalState@@YAXPAU_iobuf@@@Z 0042a1ad f   cmodel.obj
 0001:000291cb       ?CM_HeadnodeVisible@@YA_NHPBE@Z 0042a1cb f   cmodel.obj
 0001:000292a6       ?Com_DPrintf@@YAXPBDZZ     0042a2a6 f   common.obj
 0001:0002931f       ?DebugPrintf@@YAXPBDZZ     0042a31f f   common.obj
 0001:000293ce       ?IPWildcard@@YA_NPAUnetadr_t@@PBD@Z 0042a3ce f   common.obj
 0001:000294a5       ?Com_ServerState@@YA?AW4server_state_t@@XZ 0042a4a5 f   common.obj
 0001:000294ab       ?Com_SetServerState@@YAXW4server_state_t@@@Z 0042a4ab f   common.obj
 0001:000294b5       ?crand@@YAMXZ              0042a4b5 f   common.obj
 0001:000294d3       ?Info_ValueForKey@@YAPBDPBD0@Z 0042a4d3 f   common.obj
 0001:00029552       ?Info_SetValueForKey@@YAXPADPBD1@Z 0042a552 f   common.obj
 0001:00029689       ?Info_Print@@YAXPBD@Z      0042a689 f   common.obj
 0001:0002970f       ?Com_CheckCmdlineVar@@YA_NPBD@Z 0042a70f f   common.obj
 0001:00029765       ?Com_Init@@YAXPBD@Z        0042a765 f   common.obj
 0001:00029b0c       ?Com_Frame@@YAXM@Z         0042ab0c f   common.obj
 0001:00029f06       ?Com_BlockSequenceCRCByte@@YAEPAEHH@Z 0042af06 f   crc.obj
 0001:00029fbc       ?Cvar_VariableValue@@YAMPBD@Z 0042afbc f   cvar.obj
 0001:0002a02a       ?Cvar_VariableInt@@YAHPBD@Z 0042b02a f   cvar.obj
 0001:0002a03d       ?Cvar_VariableString@@YAPBDPBD@Z 0042b03d f   cvar.obj
 0001:0002a055       ?Cvar_Get@@YAPAUcvar_t@@PBD0H@Z 0042b055 f   cvar.obj
 0001:0002a31c       ?Cvar_GetVars@@YAXPBUcvarInfo_t@@H@Z 0042b31c f   cvar.obj
 0001:0002a3c6       ?Cvar_FullSet@@YAXPAUcvar_t@@PBDI@Z 0042b3c6 f   cvar.obj
 0001:0002a3e5       ?Cvar_FullSet@@YAPAUcvar_t@@PBD0I@Z 0042b3e5 f   cvar.obj
 0001:0002a425       ?Cvar_SetValue@@YAPAUcvar_t@@PBDM@Z 0042b425 f   cvar.obj
 0001:0002a5bc       ?Cvar_SetInteger@@YAPAUcvar_t@@PBDH@Z 0042b5bc f   cvar.obj
 0001:0002a5de       ?Cvar_Set@@YAPAUcvar_t@@PBD0@Z 0042b5de f   cvar.obj
 0001:0002a5f3       ?Cvar_ForceSet@@YAPAUcvar_t@@PBD0@Z 0042b5f3 f   cvar.obj
 0001:0002a608       ?Cvar_Clamp@@YAMPAUcvar_t@@MM@Z 0042b608 f   cvar.obj
 0001:0002a666       ?Cvar_Command@@YA_NHPAPAD@Z 0042b666 f   cvar.obj
 0001:0002a6ff       ?IsDefault@cvar_t@@QAE_NXZ 0042b6ff f i cvar.obj
 0001:0002a71c       ?Cvar_WriteVariables@@YAXPAVCOutputDevice@@HHPBD@Z 0042b71c f   cvar.obj
 0001:0002a7a2       ?Cvar_BitInfo@@YAPBDI@Z    0042b7a2 f   cvar.obj
 0001:0002a7f4       ?Cvar_Cheats@@YAX_N@Z      0042b7f4 f   cvar.obj
 0001:0002b05e       ?MSG_WriteDeltaEntity@@YAXPAVsizebuf_t@@PBUentityStateEx_t@@PAU2@_N33@Z 0042c05e f   entdelta.obj
 0001:0002b61a       ?MSG_WriteRemoveEntity@@YAXPAVsizebuf_t@@H@Z 0042c61a f   entdelta.obj
 0001:0002b65a       ?MSG_ReadEntityBits@@YAHPAVsizebuf_t@@PAIPA_N@Z 0042c65a f   entdelta.obj
 0001:0002b6cb       ?MSG_ReadDeltaEntity@@YAXPAVsizebuf_t@@PBUentityStateEx_t@@PAU2@I@Z 0042c6cb f   entdelta.obj
 0001:0002b74e       ?MSG_WriteDeltaUsercmd@@YAXPAVsizebuf_t@@PBUusercmd_t@@PAU2@@Z 0042c74e f   entdelta.obj
 0001:0002b7dd       ?MSG_ReadDeltaUsercmd@@YAXPAVsizebuf_t@@PBUusercmd_t@@PAU2@@Z 0042c7dd f   entdelta.obj
 0001:0002bae0       ?MSG_WriteDeltaPlayerstate@@YAXPAVsizebuf_t@@PBUplayer_state_t@@PAU2@@Z 0042cae0 f   entdelta.obj
 0001:0002bbe9       ?MSG_ReadDeltaPlayerstate@@YAXPAVsizebuf_t@@PBUplayer_state_t@@PAU2@@Z 0042cbe9 f   entdelta.obj
 0001:0002bca3       ?LoadPCX@@YAPAEPBDAAH1AAPAE@Z 0042cca3 f   images.obj
 0001:0002bdde       ?LoadTGA@@YAPAEPBDAAH1@Z   0042cdde f   images.obj
 0001:0002bfc8       ?LoadJPG@@YAPAEPBDAAH1@Z   0042cfc8 f   images.obj
 0001:0002c270       ?ImageExists@@YAHPBDH@Z    0042d270 f   images.obj
 0001:0002c394       ?WriteTGA@@YA_NPBDPAEHH@Z  0042d394 f   images.obj
 0001:0002c588       ?WriteJPG@@YA_NPBDPAEHH_N@Z 0042d588 f   images.obj
 0001:0002c6b9       ?MD4Init@@YAXPAUMD4_CTX@@@Z 0042d6b9 f   md4.obj
 0001:0002c6e1       ?MD4Update@@YAXPAUMD4_CTX@@PAEI@Z 0042d6e1 f   md4.obj
 0001:0002c77f       ?MD4Final@@YAXQAEPAUMD4_CTX@@@Z 0042d77f f   md4.obj
 0001:0002ce70       ?Com_BlockChecksum@@YAIPAXH@Z 0042de70 f   md4.obj
 0001:0002ceac       ?LoadQ2BspFile@@YAXXZ      0042deac f   model.obj
 0001:0002d262       ?LoadBspFile@@YAPAUbspfile_t@@PBD_NPAI@Z 0042e262 f   model.obj
 0001:0002e2b7       ?Init@sizebuf_t@@QAEXPAXH@Z 0042f2b7 f   msg.obj
 0001:0002e2d2       ?Write@sizebuf_t@@QAEXPBXH@Z 0042f2d2 f   msg.obj
 0001:0002e342       ?MSG_WriteChar@@YAXPAVsizebuf_t@@H@Z 0042f342 f   msg.obj
 0001:0002e342       ?MSG_WriteByte@@YAXPAVsizebuf_t@@H@Z 0042f342 f   msg.obj
 0001:0002e353       ?MSG_WriteShort@@YAXPAVsizebuf_t@@H@Z 0042f353 f   msg.obj
 0001:0002e364       ?MSG_WriteLong@@YAXPAVsizebuf_t@@H@Z 0042f364 f   msg.obj
 0001:0002e364       ?MSG_WriteFloat@@YAXPAVsizebuf_t@@M@Z 0042f364 f   msg.obj
 0001:0002e375       ?MSG_WriteString@@YAXPAVsizebuf_t@@PBD@Z 0042f375 f   msg.obj
 0001:0002e39f       ?MSG_WritePos@@YAXPAVsizebuf_t@@ABUCVec3@@@Z 0042f39f f   msg.obj
 0001:0002e403       ?MSG_WriteAngle@@YAXPAVsizebuf_t@@M@Z 0042f403 f   msg.obj
 0001:0002e42e       ?MSG_WriteAngle16@@YAXPAVsizebuf_t@@M@Z 0042f42e f   msg.obj
 0001:0002e459       ?MSG_WriteDir@@YAXPAVsizebuf_t@@ABUCVec3@@@Z 0042f459 f   msg.obj
 0001:0002e4c1       ?MSG_ReadDir@@YAXPAVsizebuf_t@@AAUCVec3@@@Z 0042f4c1 f   msg.obj
 0001:0002e4f2       ?MSG_ReadChar@@YAHPAVsizebuf_t@@@Z 0042f4f2 f   msg.obj
 0001:0002e512       ?MSG_ReadByte@@YAHPAVsizebuf_t@@@Z 0042f512 f   msg.obj
 0001:0002e532       ?MSG_ReadShort@@YAHPAVsizebuf_t@@@Z 0042f532 f   msg.obj
 0001:0002e552       ?MSG_ReadLong@@YAHPAVsizebuf_t@@@Z 0042f552 f   msg.obj
 0001:0002e571       ?MSG_ReadString@@YAPADPAVsizebuf_t@@@Z 0042f571 f   msg.obj
 0001:0002e5a4       ?MSG_ReadPos@@YAXPAVsizebuf_t@@AAUCVec3@@@Z 0042f5a4 f   msg.obj
 0001:0002e5f6       ?MSG_ReadAngle@@YAMPAVsizebuf_t@@@Z 0042f5f6 f   msg.obj
 0001:0002e610       ?MSG_ReadAngle16@@YAMPAVsizebuf_t@@@Z 0042f610 f   msg.obj
 0001:0002e62a       ?MSG_ReadData@@YAXPAVsizebuf_t@@PAXH@Z 0042f62a f   msg.obj
 0001:0002e64d       ?Netchan_Init@@YAXXZ       0042f64d f   net_chan.obj
 0001:0002e6bc       ?Netchan_OutOfBandPrint@@YAXW4netsrc_t@@Unetadr_t@@PBDZZ 0042f6bc f   net_chan.obj
 0001:0002e741       ?Setup@netchan_t@@QAEXW4netsrc_t@@Unetadr_t@@H@Z 0042f741 f   net_chan.obj
 0001:0002e796       ?NeedReliable@netchan_t@@QAE_NXZ 0042f796 f   net_chan.obj
 0001:0002e7bb       ?Transmit@netchan_t@@QAEXPAXH@Z 0042f7bb f   net_chan.obj
 0001:0002e951       ?Process@netchan_t@@QAE_NPAVsizebuf_t@@@Z 0042f951 f   net_chan.obj
 0001:0002ea7e       ?Pmove@@YAXPAUpmove_t@@@Z  0042fa7e f   pmove.obj
 0001:000306df       ?NormalizeColor@@YAMABUCVec3@@AAU1@@Z 004316df f   q_shared2.obj
 0001:0003073b       ?NormalizeColor255@@YAMABUCVec3@@AAU1@@Z 0043173b f   q_shared2.obj
 0001:0003079b       ?appRsqrt@@YAMM@Z          0043179b f   q_shared2.obj
 0001:000307c7       ?AngleVectors@@YAXABUCVec3@@PAU1@11@Z 004317c7 f   q_shared2.obj
 0001:00030928       ?MakeNormalVectors@@YAXABUCVec3@@AAU1@1@Z 00431928 f   q_shared2.obj
 0001:00030997       ?Vec2Angles@@YAXABUCVec3@@AAU1@@Z 00431997 f   q_shared2.obj
 0001:00030a9a       ?Vec2Yaw@@YAMABUCVec3@@@Z  00431a9a f   q_shared2.obj
 0001:00030b0d       ?VectorLength@@YAMABUCVec3@@@Z 00431b0d f   q_shared2.obj
 0001:00030b3c       ?VectorDistance@@YAMABUCVec3@@0@Z 00431b3c f   q_shared2.obj
 0001:00030b6d       ?LerpAngle@@YAMMMM@Z       00431b6d f   q_shared2.obj
 0001:00030bb0       ?AngleMod@@YAMM@Z          00431bb0 f   q_shared2.obj
 0001:00030bdc       ?AngleSubtract@@YAMMM@Z    00431bdc f   q_shared2.obj
 0001:00030c13       ?AnglesSubtract@@YAXABUCVec3@@0AAU1@@Z 00431c13 f   q_shared2.obj
 0001:00030c6b       ?Normalize@CVec3@@QAEMXZ   00431c6b f   q_shared2.obj
 0001:00030cbd       ?VectorNormalize@@YAMABUCVec3@@AAU1@@Z 00431cbd f   q_shared2.obj
 0001:00030d26       ?NormalizeFast@CVec3@@QAEMXZ 00431d26 f   q_shared2.obj
 0001:00030d77       ?cross@@YAXABUCVec3@@0AAU1@@Z 00431d77 f   q_shared2.obj
 0001:00030db2       ?Clear@CBox@@QAEXXZ        00431db2 f   q_shared2.obj
 0001:00030dd0       ?Expand@CBox@@QAEXABUCVec3@@@Z 00431dd0 f   q_shared2.obj
 0001:00030dff       ?Expand@CBox@@QAEXABU1@@Z  00431dff f   q_shared2.obj
 0001:00030e3b       ?GetCenter@CBox@@QAEXAAUCVec3@@@Z 00431e3b f   q_shared2.obj
 0001:00030e5b       ?OnPlaneSide@CBox@@QBEHABUcplane_t@@@Z 00431e5b f   q_shared2.obj
 0001:00030f8a       ?FromAngles@CAxis@@QAEXABUCVec3@@@Z 00431f8a f   q_shared2.obj
 0001:00030fc9       ?TransformVector@CAxis@@QBEXABUCVec3@@AAU2@@Z 00431fc9 f   q_shared2.obj
 0001:0003101a       ?UnTransformVector@CAxis@@QBEXABUCVec3@@AAU2@@Z 0043201a f   q_shared2.obj
 0001:0003107e       ?TransformAxis@CAxis@@QBEXABU1@AAU1@@Z 0043207e f   q_shared2.obj
 0001:000310c4       ?UnTransformAxis@CAxis@@QBEXABU1@AAU1@@Z 004320c4 f   q_shared2.obj
 0001:0003110a       ?TransformPoint@CCoords@@QBEXABUCVec3@@AAU2@@Z 0043210a f   q_shared2.obj
 0001:00031168       ?UnTransformPoint@CCoords@@QBEXABUCVec3@@AAU2@@Z 00432168 f   q_shared2.obj
 0001:000311d5       ?UnTransformCoords@CCoords@@QBEXABU1@AAU1@@Z 004321d5 f   q_shared2.obj
 0001:000311ff       ?TransformPlane@CCoords@@QBEXABUcplane_t@@AAU2@@Z 004321ff f   q_shared2.obj
 0001:00031237       ?TransformPoint@@YAXABUCVec3@@ABUCAxis@@0AAU1@@Z 00432237 f   q_shared2.obj
 0001:0003129a       ?UnTransformPoint@@YAXABUCVec3@@ABUCAxis@@0AAU1@@Z 0043229a f   q_shared2.obj
 0001:0003130a       ?COM_Parse@@YAPADAAPBD_N@Z 0043230a f   q_shared2.obj
 0001:0003142a       ?COM_QuoteString@@YAPBDPBD_N@Z 0043242a f   q_shared2.obj
 0001:000314a1       ?FileExists@CQuakeFileSystem@@UAE_NPBDI@Z 004324a1 f i QuakeFileSystem.obj
 0001:00031508       ?CheckFilename@CQuakeFileSystem@@AAEXPBD@Z 00432508 f i QuakeFileSystem.obj
 0001:000315a7       ?OpenFile@CQuakeFileSystem@@UAEPAVCFile@@PBDI@Z 004325a7 f i QuakeFileSystem.obj
 0001:00031637       ?List@CQuakeFileSystem@@UAEPAVCFileList@@PBDIPAV2@@Z 00432637 f i QuakeFileSystem.obj
 0001:000316c9       ??_GCQuakeFileSystem@@UAEPAXI@Z 004326c9 f i QuakeFileSystem.obj
 0001:000316c9       ??_GCFileSystem@@UAEPAXI@Z 004326c9 f i QuakeFileSystem.obj
 0001:000316c9       ??_ECQuakeFileSystem@@UAEPAXI@Z 004326c9 f i QuakeFileSystem.obj
 0001:000316c9       ??_ECFileSystem@@UAEPAXI@Z 004326c9 f i QuakeFileSystem.obj
 0001:000316e6       ?FS_Gamedir@@YAPBDXZ       004326e6 f   QuakeFileSystem.obj
 0001:000316ec       ?FS_NextPath@@YAPBDPBD@Z   004326ec f   QuakeFileSystem.obj
 0001:0003172c       ?FS_CopyFile@@YAXPBD0@Z    0043272c f   QuakeFileSystem.obj
 0001:00031802       ?FS_CopyFiles@@YAXPBD0@Z   00432802 f   QuakeFileSystem.obj
 0001:0003191c       ?FS_RemoveFiles@@YAXPBD@Z  0043291c f   QuakeFileSystem.obj
 0001:000319d7       ?InitFileSystem@@YAXXZ     004329d7 f   QuakeFileSystem.obj
 0001:00031b0b       ?Create@CFileContainerPak@@SAPAVCFileContainer@@PBDPAU_iobuf@@@Z 00432b0b f i QuakeFileSystem.obj
 0001:00031c74       ??0CFileContainerArc@@QAE@XZ 00432c74 f i QuakeFileSystem.obj
 0001:00031cbb       ?GetType@CFileContainerPak@@MAEPBDXZ 00432cbb f i QuakeFileSystem.obj
 0001:00031cc1       ?OpenLocalFile@CFileContainerPak@@MAEPAVCFile@@ABVCStringItem@@@Z 00432cc1 f i QuakeFileSystem.obj
 0001:00031d0e       ?Read@CFilePak@CFileContainerPak@@UAEHPAXH@Z 00432d0e f i QuakeFileSystem.obj
 0001:00031d47       ?GetSize@CFilePak@CFileContainerPak@@UAEHXZ 00432d47 f i QuakeFileSystem.obj
 0001:00031d4e       ?Eof@CFilePak@CFileContainerPak@@UAE_NXZ 00432d4e f i QuakeFileSystem.obj
 0001:00031d5b       ??_ECFilePak@CFileContainerPak@@UAEPAXI@Z 00432d5b f i QuakeFileSystem.obj
 0001:00031d5b       ??_GCFilePak@CFileContainerPak@@UAEPAXI@Z 00432d5b f i QuakeFileSystem.obj
 0001:00031d8d       ?Create@CFileContainerZip@@SAPAVCFileContainer@@PBDPAU_iobuf@@@Z 00432d8d f i QuakeFileSystem.obj
 0001:0003208c       ?GetType@CFileContainerZip@@MAEPBDXZ 0043308c f i QuakeFileSystem.obj
 0001:00032092       ?OpenLocalFile@CFileContainerZip@@MAEPAVCFile@@ABVCStringItem@@@Z 00433092 f i QuakeFileSystem.obj
 0001:0003212e       ??0CFilePak@CFileContainerZip@@QAE@ABVCFileInfo@1@PAU_iobuf@@@Z 0043312e f i QuakeFileSystem.obj
 0001:0003217e       ?Read@CFilePak@CFileContainerZip@@UAEHPAXH@Z 0043317e f i QuakeFileSystem.obj
 0001:000322c7       ?GetSize@CFilePak@CFileContainerZip@@UAEHXZ 004332c7 f i QuakeFileSystem.obj
 0001:000322d1       ?Eof@CFilePak@CFileContainerZip@@UAE_NXZ 004332d1 f i QuakeFileSystem.obj
 0001:000322e4       ??_ECFilePak@CFileContainerZip@@UAEPAXI@Z 004332e4 f i QuakeFileSystem.obj
 0001:000322e4       ??_GCFilePak@CFileContainerZip@@UAEPAXI@Z 004332e4 f i QuakeFileSystem.obj
 0001:00032300       ??1CFilePak@CFileContainerZip@@UAE@XZ 00433300 f i QuakeFileSystem.obj
 0001:0003236f       ?Mount@CZResource@@SAPAVCFileContainer@@PBDPBE0PAVCFileSystem@@@Z 0043336f f i QuakeFileSystem.obj
 0001:0003251b       ?GetType@CZResource@@MAEPBDXZ 0043351b f i QuakeFileSystem.obj
 0001:00032521       ?OpenLocalFile@CZResource@@MAEPAVCFile@@ABVCStringItem@@@Z 00433521 f i QuakeFileSystem.obj
 0001:0003254f       ??0CFileRes@CZResource@@QAE@ABVCFileInfo@1@PBXH@Z 0043354f f i QuakeFileSystem.obj
 0001:00032602       ?Read@CFileRes@CZResource@@UAEHPAXH@Z 00433602 f i QuakeFileSystem.obj
 0001:00032654       ?GetSize@CFileRes@CZResource@@UAEHXZ 00433654 f i QuakeFileSystem.obj
 0001:0003265b       ?Eof@CFileRes@CZResource@@UAE_NXZ 0043365b f i QuakeFileSystem.obj
 0001:00032668       ??_GCFileRes@CZResource@@UAEPAXI@Z 00433668 f i QuakeFileSystem.obj
 0001:00032668       ??_ECFileRes@CZResource@@UAEPAXI@Z 00433668 f i QuakeFileSystem.obj
 0001:00032697       ??_GCFileContainerArc@@UAEPAXI@Z 00433697 f i QuakeFileSystem.obj
 0001:00032697       ??_GCFileContainerPak@@UAEPAXI@Z 00433697 f i QuakeFileSystem.obj
 0001:00032697       ??_ECFileContainerArc@@UAEPAXI@Z 00433697 f i QuakeFileSystem.obj
 0001:00032697       ??_ECFileContainerZip@@UAEPAXI@Z 00433697 f i QuakeFileSystem.obj
 0001:00032697       ??_GCZResource@@UAEPAXI@Z  00433697 f i QuakeFileSystem.obj
 0001:00032697       ??_ECZResource@@UAEPAXI@Z  00433697 f i QuakeFileSystem.obj
 0001:00032697       ??_GCFileContainerZip@@UAEPAXI@Z 00433697 f i QuakeFileSystem.obj
 0001:00032697       ??_ECFileContainerPak@@UAEPAXI@Z 00433697 f i QuakeFileSystem.obj
 0001:000326c3       ?MountGame@CQuakeFileSystem@@QAEXPBD@Z 004336c3 f i QuakeFileSystem.obj
 0001:0003270e       ?SetGameDir@CQuakeFileSystem@@QAE_NPBD@Z 0043370e f i QuakeFileSystem.obj
 0001:00032910       ?FS_Tick@@YAXXZ            00433910 f   QuakeFileSystem.obj
 0001:00032a59       ?CDAudio_Play@@YAXH_N@Z    00433a59 f   cd_win.obj
 0001:00032c47       ?CDAudio_Stop@@YAXXZ       00433c47 f   cd_win.obj
 0001:00032d08       ?CDAudio_Update@@YAXXZ     00433d08 f   cd_win.obj
 0001:00032dab       ?CDAudio_Init@@YA_NXZ      00433dab f   cd_win.obj
 0001:000331cc       ?CDAudio_Shutdown@@YAXXZ   004341cc f   cd_win.obj
 0001:000331ef       ?CDAudio_Activate@@YAX_N@Z 004341ef f   cd_win.obj
 0001:00033200       ?IN_Init@@YAXXZ            00434200 f   in_win.obj
 0001:0003348d       ?IN_Shutdown@@YAXXZ        0043448d f   in_win.obj
 0001:000336e9       ?IN_Activate@@YAX_N@Z      004346e9 f   in_win.obj
 0001:000336f3       ?IN_Frame@@YAXXZ           004346f3 f   in_win.obj
 0001:00033a55       ?IN_Move@@YAXPAUusercmd_t@@@Z 00434a55 f   in_win.obj
 0001:00033efe       ?NET_CompareAdr@@YA_NPAUnetadr_t@@0@Z 00434efe f   net_wins.obj
 0001:00033f34       ?NET_CompareBaseAdr@@YA_NPAUnetadr_t@@0@Z 00434f34 f   net_wins.obj
 0001:00033f5d       ?NET_AdrToString@@YAPBDPAUnetadr_t@@@Z 00434f5d f   net_wins.obj
 0001:00033fa0       ?NET_StringToAdr@@YA_NPBDPAUnetadr_t@@F@Z 00434fa0 f   net_wins.obj
 0001:000340b4       ?NET_IsLocalAddress@@YA_NPAUnetadr_t@@@Z 004350b4 f   net_wins.obj
 0001:000340c0       ?NET_GetPacket@@YA_NW4netsrc_t@@PAUnetadr_t@@PAVsizebuf_t@@@Z 004350c0 f   net_wins.obj
 0001:0003421b       ?NET_SendPacket@@YAXW4netsrc_t@@HPAXUnetadr_t@@@Z 0043521b f   net_wins.obj
 0001:00034336       ?NET_Config@@YAX_N@Z       00435336 f   net_wins.obj
 0001:0003450e       ?NET_Init@@YAXXZ           0043550e f   net_wins.obj
 0001:000345c1       ?SNDDMA_Init@@YA_NXZ       004355c1 f   snd_win.obj
 0001:00034c08       ?SNDDMA_GetDMAPos@@YAHXZ   00435c08 f   snd_win.obj
 0001:00034c52       ?SNDDMA_BeginPainting@@YAXXZ 00435c52 f   snd_win.obj
 0001:00034d6a       ?SNDDMA_Submit@@YAXXZ      00435d6a f   snd_win.obj
 0001:00034d8f       ?SNDDMA_Shutdown@@YAXXZ    00435d8f f   snd_win.obj
 0001:00034d94       ?S_Activate@@YAX_N@Z       00435d94 f   snd_win.obj
 0001:00034de2       ?Write@COutputDeviceWin32Console@@UAEXPBD@Z 00435de2 f i sys_win.obj
 0001:00034e5a       ?EraseInput@COutputDeviceWin32Console@@QAEXXZ 00435e5a f i sys_win.obj
 0001:00034ee0       ?Sys_ConsoleInput@@YAPADXZ 00435ee0 f   sys_win.obj
 0001:00035169       ?Sys_ProcessMessages@@YAXXZ 00436169 f   sys_win.obj
 0001:00035222       _WinMain@16                00436222 f   sys_win.obj
 0001:0003551f       ??_GCOutputDeviceCon@@UAEPAXI@Z 0043651f f i sys_win.obj
 0001:0003551f       ??_ECOutputDeviceCon@@UAEPAXI@Z 0043651f f i sys_win.obj
 0001:000355c4       ?Init@COutputDeviceWin32Console@@QAEXXZ 004365c4 f i sys_win.obj
 0001:000355ee       ?AddMsgHook@@YAXP6A_NIIJ@Z@Z 004365ee f   vid_dll.obj
 0001:00035632       ?RemoveMsgHook@@YAXP6A_NIIJ@Z@Z 00436632 f   vid_dll.obj
 0001:00035661       ?Vid_CreateWindow@@YAPAXHH_N@Z 00436661 f   vid_dll.obj
 0001:00035d6e       ?Vid_DestroyWindow@@YAX_N@Z 00436d6e f   vid_dll.obj
 0001:00035daa       ?Vid_Restart@@YAXXZ        00436daa f   vid_dll.obj
 0001:00035db6       ?Vid_GetModeInfo@@YA_NPAH0H@Z 00436db6 f   vid_dll.obj
 0001:00035de6       ?Vid_Tick@@YAXXZ           00436de6 f   vid_dll.obj
 0001:00035f97       ?Vid_Init@@YAXXZ           00436f97 f   vid_dll.obj
 0001:0003603a       ?Vid_Shutdown@@YAXXZ       0043703a f   vid_dll.obj
 0001:00036059       ?Tesselate@surfacePlanar_t@OpenGLDrv@@UAEXAAUrefEntity_t@2@@Z 00437059 f   gl_backend.obj
 0001:00036a35       ?Negate@CVec3@@QAEXXZ      00437a35 f i gl_backend.obj
 0001:0003866d       ?Tesselate@surfacePoly_t@OpenGLDrv@@UAEXAAUrefEntity_t@2@@Z 0043966d f   gl_backend.obj
 0001:00038774       ?Tesselate@surfaceMd3_t@OpenGLDrv@@UAEXAAUrefEntity_t@2@@Z 00439774 f   gl_backend.obj
 0001:00038b03       ?DrawTriangles@OpenGLDrv@@YA_NXZ 00439b03 f   gl_backend.obj
 0001:00038c18       ?DrawNormals@OpenGLDrv@@YA_NXZ 00439c18 f   gl_backend.obj
 0001:00038d22       ?Tesselate@surfaceEntity_t@OpenGLDrv@@UAEXAAUrefEntity_t@2@@Z 00439d22 f   gl_backend.obj
 0001:00038e06       ?Tesselate@surfaceParticle_t@OpenGLDrv@@UAEXAAUrefEntity_t@2@@Z 00439e06 f   gl_backend.obj
 0001:00039056       ?BK_DrawScene@OpenGLDrv@@YAXXZ 0043a056 f   gl_backend.obj
 0001:0003967e       ?BK_DrawPic@OpenGLDrv@@YAXPAVshader_t@1@HHHHMMMMIE@Z 0043a67e f   gl_backend.obj
 0001:0003985f       ?BK_DrawText@OpenGLDrv@@YAXPBDHHHHHI@Z 0043a85f f   gl_backend.obj
 0001:00039a54       ?BK_BeginFrame@OpenGLDrv@@YAXXZ 0043aa54 f   gl_backend.obj
 0001:00039ab8       ?BK_EndFrame@OpenGLDrv@@YAXXZ 0043aab8 f   gl_backend.obj
 0001:00039af7       ?BK_Init@OpenGLDrv@@YAXXZ  0043aaf7 f   gl_backend.obj
 0001:00039b26       ?BK_Shutdown@OpenGLDrv@@YAXXZ 0043ab26 f   gl_backend.obj
 0001:00039b3e       ?AllocDynamicMemory@OpenGLDrv@@YAPAXH@Z 0043ab3e f   gl_buffers.obj
 0001:00039ba9       ?ResizeDynamicMemory@OpenGLDrv@@YAXPAXH@Z 0043aba9 f   gl_buffers.obj
 0001:00039beb       ?AddSurfaceToPortal@OpenGLDrv@@YAXPAVsurfaceBase_t@1@PAVshader_t@1@HH@Z 0043abeb f   gl_buffers.obj
 0001:00039c5c       ?InsertShaderIndex@OpenGLDrv@@YAXH@Z 0043ac5c f   gl_buffers.obj
 0001:00039c95       ?ClearPortal@OpenGLDrv@@YAXXZ 0043ac95 f   gl_buffers.obj
 0001:00039cb3       ?SortSurfaces@OpenGLDrv@@YAXPAUviewPortal_t@1@PAPAUsurfaceInfo_t@1@@Z 0043acb3 f   gl_buffers.obj
 0001:00039e45       ?ClearBuffers@OpenGLDrv@@YAXXZ 0043ae45 f   gl_buffers.obj
 0001:00039e5c       ?CreateBuffers@OpenGLDrv@@YAXXZ 0043ae5c f   gl_buffers.obj
 0001:00039e82       ?FreeBuffers@OpenGLDrv@@YAXXZ 0043ae82 f   gl_buffers.obj
 0001:00039ea6       ?InitEntity@model_t@OpenGLDrv@@UAE_NPAUentity_t@@PAUrefEntity_t@2@@Z 0043aea6 f   gl_frontend.obj
 0001:00039eab       ?AddSurfaces@model_t@OpenGLDrv@@UAEXPAUrefEntity_t@2@@Z 0043aeab f   gl_frontend.obj
 0001:00039ed9       ?GetLeaf@model_t@OpenGLDrv@@UAEPAUnode_t@2@PAUrefEntity_t@2@@Z 0043aed9 f   gl_frontend.obj
 0001:00039eea       ?DrawLabel@model_t@OpenGLDrv@@UAEXPAUrefEntity_t@2@@Z 0043aeea f   gl_frontend.obj
 0001:00039eed       ?InitEntity@inlineModel_t@OpenGLDrv@@UAE_NPAUentity_t@@PAUrefEntity_t@2@@Z 0043aeed f   gl_frontend.obj
 0001:00039f3f       ?AddSurfaces@inlineModel_t@OpenGLDrv@@UAEXPAUrefEntity_t@2@@Z 0043af3f f   gl_frontend.obj
 0001:0003a42d       ?GetLeaf@inlineModel_t@OpenGLDrv@@UAEPAUnode_t@2@PAUrefEntity_t@2@@Z 0043b42d f   gl_frontend.obj
 0001:0003a5d2       ?DrawLabel@inlineModel_t@OpenGLDrv@@UAEXPAUrefEntity_t@2@@Z 0043b5d2 f   gl_frontend.obj
 0001:0003a618       ?InitEntity@md3Model_t@OpenGLDrv@@UAE_NPAUentity_t@@PAUrefEntity_t@2@@Z 0043b618 f   gl_frontend.obj
 0001:0003a7f6       ?AddSurfaces@md3Model_t@OpenGLDrv@@UAEXPAUrefEntity_t@2@@Z 0043b7f6 f   gl_frontend.obj
 0001:0003a930       ?GetLeaf@md3Model_t@OpenGLDrv@@UAEPAUnode_t@2@PAUrefEntity_t@2@@Z 0043b930 f   gl_frontend.obj
 0001:0003a968       ?DrawLabel@md3Model_t@OpenGLDrv@@UAEXPAUrefEntity_t@2@@Z 0043b968 f   gl_frontend.obj
 0001:0003a9ce       ?InitEntity@sprModel_t@OpenGLDrv@@UAE_NPAUentity_t@@PAUrefEntity_t@2@@Z 0043b9ce f   gl_frontend.obj
 0001:0003a9ee       ?AddSurfaces@sprModel_t@OpenGLDrv@@UAEXPAUrefEntity_t@2@@Z 0043b9ee f   gl_frontend.obj
 0001:0003ab71       ?GetLeaf@sprModel_t@OpenGLDrv@@UAEPAUnode_t@2@PAUrefEntity_t@2@@Z 0043bb71 f   gl_frontend.obj
 0001:0003ac52       ?AddEntity@OpenGLDrv@@YAXPAUentity_t@@@Z 0043bc52 f   gl_frontend.obj
 0001:0003ade1       ?AddDlight@OpenGLDrv@@YAXPAUdlight_t@@@Z 0043bde1 f   gl_frontend.obj
 0001:0003af99       ?DrawPortal@OpenGLDrv@@YAXXZ 0043bf99 f   gl_frontend.obj
 0001:0003cfcb       ?GL_TextureMode@OpenGLDrv@@YAXPBD@Z 0043dfcb f   gl_image.obj
 0001:0003d073       ?CreateImage@OpenGLDrv@@YAPAVimage_t@1@PBDPAXHHI@Z 0043e073 f   gl_image.obj
 0001:0003de14       ?LoadDelayedImages@OpenGLDrv@@YAXXZ 0043ee14 f   gl_image.obj
 0001:0003dea7       ?DrawStretchRaw8@OpenGLDrv@@YAXHHHHHHPAEPAI@Z 0043eea7 f   gl_image.obj
 0001:0003e27e       ?SetupGamma@OpenGLDrv@@YAXXZ 0043f27e f   gl_image.obj
 0001:0003e3c4       ?PerformScreenshot@OpenGLDrv@@YAXXZ 0043f3c4 f   gl_image.obj
 0001:0003e635       ?InitImages@OpenGLDrv@@YAXXZ 0043f635 f   gl_image.obj
 0001:0003ee0e       ?ShutdownImages@OpenGLDrv@@YAXXZ 0043fe0e f   gl_image.obj
 0001:0003ee75       ?ShowImages@OpenGLDrv@@YAXXZ 0043fe75 f   gl_image.obj
 0001:0003f101       ?FindImage@OpenGLDrv@@YAPAVimage_t@1@PBDI@Z 00440101 f   gl_image.obj
 0001:0003f46e       ?GL_Lock@OpenGLDrv@@YAXXZ  0044046e f   gl_interface.obj
 0001:0003f4e6       ?GL_Unlock@OpenGLDrv@@YAXXZ 004404e6 f   gl_interface.obj
 0001:0003f6a8       ?GL_Bind@OpenGLDrv@@YAXPBVimage_t@1@@Z 004406a8 f   gl_interface.obj
 0001:0003f7d2       ?GL_BindForce@OpenGLDrv@@YAXPBVimage_t@1@@Z 004407d2 f   gl_interface.obj
 0001:0003f850       ?GL_TexEnv@OpenGLDrv@@YAXI@Z 00440850 f   gl_interface.obj
 0001:0003f9cf       ?GL_TexMipBias@OpenGLDrv@@YAXM@Z 004409cf f   gl_interface.obj
 0001:0003fa2a       ?GL_TexEnvColor@OpenGLDrv@@YAXPBTcolor_t@@@Z 00440a2a f   gl_interface.obj
 0001:0003fada       ?GL_SelectTexture@OpenGLDrv@@YAXH@Z 00440ada f   gl_interface.obj
 0001:0003fb3b       ?GL_TexCoordPointer@OpenGLDrv@@YAXPAX@Z 00440b3b f   gl_interface.obj
 0001:0003fb6b       ?GL_SetMultitexture@OpenGLDrv@@YAXH@Z 00440b6b f   gl_interface.obj
 0001:0003fc51       ?GL_DisableTexCoordArrays@OpenGLDrv@@YAXXZ 00440c51 f   gl_interface.obj
 0001:0003fca5       ?GL_CullFace@OpenGLDrv@@YAXW4gl_cullMode_t@1@@Z 00440ca5 f   gl_interface.obj
 0001:0003fcf6       ?GL_DepthRange@OpenGLDrv@@YAXW4gl_depthMode_t@1@@Z 00440cf6 f   gl_interface.obj
 0001:0003fd29       ?GL_State@OpenGLDrv@@YAXI@Z 00440d29 f   gl_interface.obj
 0001:0003fe79       ?GL_EnableFog@OpenGLDrv@@YAX_N@Z 00440e79 f   gl_interface.obj
 0001:0003ff53       ?GL_SetDefaultState@OpenGLDrv@@YAXXZ 00440f53 f   gl_interface.obj
 0001:000400af       ?GL_Set2DMode@OpenGLDrv@@YAXXZ 004410af f   gl_interface.obj
 0001:000401aa       ?GL_Set3DMode@OpenGLDrv@@YAXPAUviewPortal_t@1@@Z 004411aa f   gl_interface.obj
 0001:00040292       ?ShowLights@OpenGLDrv@@YAXXZ 00441292 f   gl_light.obj
 0001:0004067b       ?LightForEntity@OpenGLDrv@@YAXPAUrefEntity_t@1@@Z 0044167b f   gl_light.obj
 0001:00041916       ?DiffuseLight@OpenGLDrv@@YAXPATcolor_t@@M@Z 00442916 f   gl_light.obj
 0001:00041b62       ?InitLightGrid@OpenGLDrv@@YAXXZ 00442b62 f   gl_light.obj
 0001:00041c08       ?PostLoadLights@OpenGLDrv@@YAXXZ 00442c08 f   gl_light.obj
 0001:00041ea2       ?LM_Init@OpenGLDrv@@YAXXZ  00442ea2 f   gl_lightmap.obj
 0001:00041eb8       ?LM_Flush@OpenGLDrv@@YAXPAUlightmapBlock_t@1@@Z 00442eb8 f   gl_lightmap.obj
 0001:00041f15       ?LM_Done@OpenGLDrv@@YAXXZ  00442f15 f   gl_lightmap.obj
 0001:00041f3c       ?LM_Save@OpenGLDrv@@YAXPAUlightmapBlock_t@1@@Z 00442f3c f   gl_lightmap.obj
 0001:00041f54       ?LM_Restore@OpenGLDrv@@YAXPAUlightmapBlock_t@1@@Z 00442f54 f   gl_lightmap.obj
 0001:00041f6c       ?LM_NewBlock@OpenGLDrv@@YAPAUlightmapBlock_t@1@XZ 00442f6c f   gl_lightmap.obj
 0001:00041fcb       ?LM_Rewind@OpenGLDrv@@YAXXZ 00442fcb f   gl_lightmap.obj
 0001:00041fd3       ?LM_NextBlock@OpenGLDrv@@YAPAUlightmapBlock_t@1@XZ 00442fd3 f   gl_lightmap.obj
 0001:00042000       ?LM_CheckMinlight@OpenGLDrv@@YAXPAUdynamicLightmap_t@1@@Z 00443000 f   gl_lightmap.obj
 0001:00042096       ?LM_AllocBlock@OpenGLDrv@@YA_NPAUlightmapBlock_t@1@PAUdynamicLightmap_t@1@@Z 00443096 f   gl_lightmap.obj
 0001:0004214d       ?LM_PutBlock@OpenGLDrv@@YAXPAUdynamicLightmap_t@1@@Z 0044314d f   gl_lightmap.obj
 0001:0004257a       ?LM_SortLightStyles@OpenGLDrv@@YAXPAUdynamicLightmap_t@1@@Z 0044357a f   gl_lightmap.obj
 0001:0004260b       ?UpdateDynamicLightmap@OpenGLDrv@@YAXPAVsurfacePlanar_t@1@_NI@Z 0044360b f   gl_lightmap.obj
 0001:00042b1d       ?LM_IsMonotone@OpenGLDrv@@YA_NPAUdynamicLightmap_t@1@PATcolor_t@@@Z 00443b1d f   gl_lightmap.obj
 0001:00042c24       ?Init@OpenGLDrv@@YA_NXZ    00443c24 f   gl_main.obj
 0001:00043269       ?Shutdown@OpenGLDrv@@YAX_N@Z 00444269 f   gl_main.obj
 0001:000432f2       ?GL_EnableRendering@OpenGLDrv@@YAX_N@Z 004442f2 f   gl_main.obj
 0001:0004330d       ?BeginFrame@OpenGLDrv@@YAXN@Z 0044430d f   gl_main.obj
 0001:00043437       ?EndFrame@OpenGLDrv@@YAXXZ 00444437 f   gl_main.obj
 0001:0004344f       ?RenderFrame@OpenGLDrv@@YAXPAUrefdef_t@@@Z 0044444f f   gl_main.obj
 0001:00043d17       ?Fill8@OpenGLDrv@@YAXHHHHH@Z 00444d17 f   gl_main.obj
 0001:00043d5a       ?Fill@OpenGLDrv@@YAXHHHHI@Z 00444d5a f   gl_main.obj
 0001:00043d96       ?TileClear@OpenGLDrv@@YAXHHHHPBD@Z 00444d96 f   gl_main.obj
 0001:00043e37       ?DrawStretchPic@OpenGLDrv@@YAXHHHHPBD@Z 00444e37 f   gl_main.obj
 0001:00043e7c       ?DrawDetailedPic@OpenGLDrv@@YAXHHHHPBD@Z 00444e7c f   gl_main.obj
 0001:00043f26       ?DrawPic@OpenGLDrv@@YAXHHPBDHH@Z 00444f26 f   gl_main.obj
 0001:00043fae       ?LoadNewWorld@OpenGLDrv@@YAXPBD@Z 00444fae f   gl_main.obj
 0001:00043fe0       ?DumpLoadStats@OpenGLDrv@@YAXXZ 00444fe0 f   gl_main.obj
 0001:00044066       ?FinishLoadingWorld@OpenGLDrv@@YAXXZ 00445066 f   gl_main.obj
 0001:0004406b       ?RegisterPic@OpenGLDrv@@YAPAVCBasicImage@@PBD@Z 0044506b f   gl_main.obj
 0001:0004407c       ?RegisterSkin@OpenGLDrv@@YAPAVCBasicImage@@PBD_N@Z 0044507c f   gl_main.obj
 0001:0004409a       ?RegisterModel@OpenGLDrv@@YAPAVCRenderModel@@PBD@Z 0044509a f   gl_main.obj
 0001:000440a5       ?SetSky@OpenGLDrv@@YAXPBDMABUCVec3@@@Z 004450a5 f   gl_main.obj
 0001:00044143       ?Screenshot@OpenGLDrv@@YAXHPBD@Z 00445143 f   gl_main.obj
 0001:0004416a       ?GetClientLight@OpenGLDrv@@YAMXZ 0044516a f   gl_main.obj
 0001:00044171       ?InitFuncTables@OpenGLDrv@@YAXXZ 00445171 f   gl_math.obj
 0001:00044317       ?BuildRotationAxis@OpenGLDrv@@YAXAAUCAxis@@ABUCVec3@@M@Z 00445317 f   gl_math.obj
 0001:0004440e       ?GetBoxRect@OpenGLDrv@@YA_NPBUrefEntity_t@1@ABUCVec3@@QAM2_N@Z 0044540e f   gl_math.obj
 0001:00044718       ?ProjectToScreen@OpenGLDrv@@YA_NABUCVec3@@QAH@Z 00445718 f   gl_math.obj
 0001:0004485b       ?SaturateColor3f@OpenGLDrv@@YAXAAUCVec3@@@Z 0044585b f   gl_math.obj
 0001:0004494b       ?SaturateColor4b@OpenGLDrv@@YAXPATcolor_t@@@Z 0044594b f   gl_math.obj
 0001:00044a59       ?SubdividePlane@OpenGLDrv@@YAHPAPAUCVec3@@HM@Z 00445a59 f   gl_poly.obj
 0001:00044eda       ?FreeSubdividedPlane@OpenGLDrv@@YAXXZ 00445eda f   gl_poly.obj
 0001:00044ef2       ?GetSubdivideIndexes@OpenGLDrv@@YAXPAH@Z 00445ef2 f   gl_poly.obj
 0001:00044f45       ?RemoveCollinearPoints@OpenGLDrv@@YAHPAPAUCVec3@@H@Z 00445f45 f   gl_poly.obj
 0001:0004503b       ?GetPolyArea@OpenGLDrv@@YAMPAPAUCVec3@@H@Z 0044603b f   gl_poly.obj
 0001:000450cf       ?InitShaders@OpenGLDrv@@YAXXZ 004460cf f   gl_shader.obj
 0001:00045254       ?ShutdownShaders@OpenGLDrv@@YAXXZ 00446254 f   gl_shader.obj
 0001:00045292       ?GetLightmapImage@OpenGLDrv@@YAPAVimage_t@1@H@Z 00446292 f   gl_shader.obj
 0001:000452ba       ?SetShaderLightmap@OpenGLDrv@@YAPAVshader_t@1@PAV21@H@Z 004462ba f   gl_shader.obj
 0001:000455d9       ??4shader_t@OpenGLDrv@@QAEAAV01@ABV01@@Z 004465d9 f i gl_shader.obj
 0001:0004580f       ?SetShaderLightstyles@OpenGLDrv@@YAPAVshader_t@1@PAV21@I@Z 0044680f f   gl_shader.obj
 0001:000458ab       ?GetAlphaShader@OpenGLDrv@@YAPAVshader_t@1@PAV21@@Z 004468ab f   gl_shader.obj
 0001:00045ca1       ?FindShader@OpenGLDrv@@YAPAVshader_t@1@PBDI@Z 00446ca1 f   gl_shader.obj
 0001:00047611       ?GetShaderByNum@OpenGLDrv@@YAPAVshader_t@1@H@Z 00448611 f   gl_shader.obj
 0001:0004762f       ?ResetShaders@OpenGLDrv@@YAXXZ 0044862f f   gl_shader.obj
 0001:0004781a       ?Reload@shader_t@OpenGLDrv@@UAEXXZ 0044881a f   gl_shader.obj
 0001:00047849       ?Insert@?$TList@VshaderScript_t@OpenGLDrv@@@@QAE_NPAVshaderScript_t@OpenGLDrv@@@Z 00448849 f i gl_shader.obj
 0001:00047849       ?Insert@?$TList@VplayerModelInfo_t@@@@QAE_NPAVplayerModelInfo_t@@@Z 00448849 f i gl_shader.obj
 0001:00047849       ?Insert@?$TList@VCStringItem@@@@QAE_NPAVCStringItem@@@Z 00448849 f i gl_shader.obj
 0001:0004787f       ?ClearSky@OpenGLDrv@@YAXXZ 0044887f f   gl_sky.obj
 0001:000478dc       ?AddSkySurface@OpenGLDrv@@YAXPAVsurfacePlanar_t@1@E@Z 004488dc f   gl_sky.obj
 0001:00047ea4       ?DrawSky@OpenGLDrv@@YAXXZ  00448ea4 f   gl_sky.obj
 0001:00048548       ?DrawChar@OpenGLDrv@@YAXHHHH@Z 00449548 f   gl_text.obj
 0001:000485a2       ?ClearTexts@OpenGLDrv@@YAXXZ 004495a2 f   gl_text.obj
 0001:000485b7       ?FlushTexts@OpenGLDrv@@YAXXZ 004495b7 f   gl_text.obj
 0001:00048663       ?DrawTextPos@OpenGLDrv@@YAXHHPBDI@Z 00449663 f   gl_text.obj
 0001:0004868f       ?DrawTextLeft@OpenGLDrv@@YAXPBDI@Z 0044968f f   gl_text.obj
 0001:00048716       ?DrawTextRight@OpenGLDrv@@YAXPBDI@Z 00449716 f   gl_text.obj
 0001:00048760       ?DrawText3D@OpenGLDrv@@YAXABUCVec3@@PBDI@Z 00449760 f   gl_text.obj
 0001:0004878d       ?InitTexts@OpenGLDrv@@YAXXZ 0044978d f   gl_text.obj
 0001:000487a7       ??0?$TTextContainer@UCRText@OpenGLDrv@@$0BAAAA@@@QAE@XZ 004497a7 f i gl_text.obj
 0001:000487cc       ?FindModel@OpenGLDrv@@YAPAVmodel_t@1@PBD@Z 004497cc f   gl_model.obj
 0001:000489a8       ?FreeModels@OpenGLDrv@@YAXXZ 004499a8 f   gl_model.obj
 0001:00048a1a       ?InitModels@OpenGLDrv@@YAXXZ 00449a1a f   gl_model.obj
 0001:00048b10       ?ShutdownModels@OpenGLDrv@@YAXXZ 00449b10 f   gl_model.obj
 0001:00048b21       ?LoadWorldMap@OpenGLDrv@@YAXPBD@Z 00449b21 f   gl_bspmodel.obj
 0001:0004a69d       ?PointInLeaf@OpenGLDrv@@YAPAUnode_t@1@ABUCVec3@@@Z 0044b69d f   gl_bspmodel.obj
 0001:0004a6e8       ?LerpTag@model_t@OpenGLDrv@@UBE_NHHMPBDAAUCCoords@@@Z 0044b6e8 f   gl_trimodel.obj
 0001:0004a6f6       ?LerpTag@md3Model_t@OpenGLDrv@@UBE_NHHMPBDAAUCCoords@@@Z 0044b6f6 f   gl_trimodel.obj
 0001:0004a806       ?LoadMd2@OpenGLDrv@@YAPAVmd3Model_t@1@PBDPAEI@Z 0044b806 f   gl_trimodel.obj
 0001:0004b39b       ?ATAN2_FUNC@OpenGLDrv@@YAMMM@Z 0044c39b f i gl_trimodel.obj
 0001:0004b551       ?LoadMd3@OpenGLDrv@@YAPAVmd3Model_t@1@PBDPAEI@Z 0044c551 f   gl_trimodel.obj
 0001:0004ba32       ?LoadSp2@OpenGLDrv@@YAPAVsprModel_t@1@PBDPAEI@Z 0044ca32 f   gl_trimodel.obj
 0001:0004bc57       ?LoadSpr@OpenGLDrv@@YAPAVsprModel_t@1@PBDPAEI@Z 0044cc57 f   gl_trimodel.obj
 0001:0004d314       ?QGL_Init@OpenGLDrv@@YA_NPBD@Z 0044e314 f   GLBind.obj
 0001:0004d3fa       ?QGL_Shutdown@OpenGLDrv@@YAXXZ 0044e3fa f   GLBind.obj
 0001:0004d437       ?QGL_InitExtensions@OpenGLDrv@@YAXXZ 0044e437 f   GLBind.obj
 0001:0004d921       ?QGL_PrintExtensionsString@OpenGLDrv@@YAXPBD00@Z 0044e921 f   GLBind.obj
 0001:0004da6e       ?QGL_EnableLogging@OpenGLDrv@@YAX_N@Z 0044ea6e f   GLBind.obj
 0001:0004db14       ?QGL_LogMessage@OpenGLDrv@@YAXPBD@Z 0044eb14 f   GLBind.obj
 0001:0004db2a       ?QGL_SwapBuffers@OpenGLDrv@@YAXXZ 0044eb2a f   GLBind.obj
 0001:0004dbac       ?GLimp_HasGamma@OpenGLDrv@@YA_NXZ 0044ebac f   gl_win.obj
 0001:0004dbc0       ?GLimp_SetGamma@OpenGLDrv@@YAXM@Z 0044ebc0 f   gl_win.obj
 0001:0004dd66       ?GLimp_SetMode@OpenGLDrv@@YA_NPAI0H_N@Z 0044ed66 f   gl_win.obj
 0001:0004e13a       ?GLimp_Shutdown@OpenGLDrv@@YAX_N@Z 0044f13a f   gl_win.obj
 0001:0004e1e7       ?AppActivate@OpenGLDrv@@YAX_N@Z 0044f1e7 f   gl_win.obj
 0001:0004e257       _jpeg_CreateDecompress     0044f257 f   libs:jdapimin.obj
 0001:0004e317       _jpeg_destroy_decompress   0044f317 f   libs:jdapimin.obj
 0001:0004e317       _jpeg_destroy_compress     0044f317 f   libs:jdapimin.obj
 0001:0004e322       _jpeg_read_header          0044f322 f   libs:jdapimin.obj
 0001:0004e384       _jpeg_consume_input        0044f384 f   libs:jdapimin.obj
 0001:0004e5d3       _jpeg_finish_decompress    0044f5d3 f   libs:jdapimin.obj
 0001:0004e66a       _jpeg_start_decompress     0044f66a f   libs:jdapistd.obj
 0001:0004e7d7       _jpeg_read_scanlines       0044f7d7 f   libs:jdapistd.obj
 0001:0004e85b       _jpeg_resync_to_restart    0044f85b f   libs:jdmarker.obj
 0001:0004ea20       _jinit_marker_reader       0044fa20 f   libs:jdmarker.obj
 0001:0004feeb       _jpeg_CreateCompress       00450eeb f   libs:jcapimin.obj
 0001:0004ff9f       _jpeg_suppress_tables      00450f9f f   libs:jcapimin.obj
 0001:0004ffe9       _jpeg_finish_compress      00450fe9 f   libs:jcapimin.obj
 0001:000500d3       _jpeg_start_compress       004510d3 f   libs:jcapistd.obj
 0001:0005013f       _jpeg_write_scanlines      0045113f f   libs:jcapistd.obj
 0001:000501ea       _jpeg_add_quant_table      004511ea f   libs:jcparam.obj
 0001:0005029c       _jpeg_quality_scaling      0045129c f   libs:jcparam.obj
 0001:000502c3       _jpeg_set_quality          004512c3 f   libs:jcparam.obj
 0001:000502fd       _jpeg_set_defaults         004512fd f   libs:jcparam.obj
 0001:000504c3       _jpeg_default_colorspace   004514c3 f   libs:jcparam.obj
 0001:00050513       _jpeg_set_colorspace       00451513 f   libs:jcparam.obj
 0001:0005082e       _jpeg_stdio_dest           0045182e f   libs:jdatadst.obj
 0001:0005092e       _inflateReset              0045192e f   libs:inflate.obj
 0001:0005097c       _inflateInit2_             0045197c f   libs:inflate.obj
 0001:00050a35       _inflate                   00451a35 f   libs:inflate.obj
 0001:00051d0a       _inflateEnd                00452d0a f   libs:inflate.obj
 0001:00051e68       _crc32                     00452e68 f   libs:crc32.obj
 0001:00052102       _jinit_input_controller    00453102 f   libs:jdinput.obj
 0001:000525e5       _jinit_memory_mgr          004535e5 f   libs:jmemmgr.obj
 0001:00053121       _jpeg_abort                00454121 f   libs:jcomapi.obj
 0001:00053154       _jpeg_destroy              00454154 f   libs:jcomapi.obj
[...]
 0001:0005f418       _process_restart           00460418 f   libs:jddiffct.obj
 0001:0005d438       _dummy_consume_data        0045e438 f   libs:jdcoefct.obj
 0001:0005f44d       _consume_data              0046044d f   libs:jddiffct.obj
 0001:0005f4c4       _output_data               004604c4 f   libs:jddiffct.obj
 0001:0005ef4b       _start_pass                0045ff4b f   libs:jddctmgr.obj
 0001:0005e39d       _start_pass_phuff_decoder  0045f39d f   libs:jdphuff.obj
 0001:0005e5e6       _decode_mcu_DC_first       0045f5e6 f   libs:jdphuff.obj
 0001:0005e7de       _process_restart           0045f7de f   libs:jdphuff.obj
 0001:0005e84d       _decode_mcu_AC_first       0045f84d f   libs:jdphuff.obj
 0001:0005ea6d       _decode_mcu_DC_refine      0045fa6d f   libs:jdphuff.obj
 0001:0005eb42       _decode_mcu_AC_refine      0045fb42 f   libs:jdphuff.obj
 0001:0005dde4       _start_pass_huff_decoder   0045ede4 f   libs:jdshuff.obj
 0001:0005df1c       _decode_mcu                0045ef1c f   libs:jdshuff.obj
 0001:0005e2cc       _process_restart           0045f2cc f   libs:jdshuff.obj
 0001:0005d1ca       _start_input_pass          0045e1ca f   libs:jdcoefct.obj
 0001:0005d1dd       _start_iMCU_row            0045e1dd f   libs:jdcoefct.obj
 0001:0005d222       _start_output_pass         0045e222 f   libs:jdcoefct.obj
 0001:0005d25f       _decompress_onepass        0045e25f f   libs:jdcoefct.obj
 0001:0005d438       _dummy_consume_data        0045e438 f   libs:jdcoefct.obj
 0001:0005d43b       _consume_data              0045e43b f   libs:jdcoefct.obj
 0001:0005d5f4       _decompress_data           0045e5f4 f   libs:jdcoefct.obj
 0001:0005d760       _smoothing_ok              0045e760 f   libs:jdcoefct.obj
 0001:0005d84b       _decompress_smooth_data    0045e84b f   libs:jdcoefct.obj
 0001:0005d063       _scaler_start_pass         0045e063 f   libs:jcscale.obj
 0001:0005d086       _simple_downscale          0045e086 f   libs:jcscale.obj
 0001:0005d0b2       _noscale                   0045e0b2 f   libs:jcscale.obj
 0001:0005cb5b       _start_pass                0045db5b f   libs:jcpred.obj
 0001:0005cbb3       _reset_predictor           0045dbb3 f   libs:jcpred.obj
 0001:0005cbe0       _jpeg_difference_first_row 0045dbe0 f   libs:jcpred.obj
 0001:0005ccca       _jpeg_difference1          0045dcca f   libs:jcpred.obj
 0001:0005cd38       _jpeg_difference2          0045dd38 f   libs:jcpred.obj
 0001:0005cda9       _jpeg_difference3          0045dda9 f   libs:jcpred.obj
 0001:0005ce21       _jpeg_difference4          0045de21 f   libs:jcpred.obj
 0001:0005ceac       _jpeg_difference5          0045deac f   libs:jcpred.obj
 0001:0005cf3f       _jpeg_difference6          0045df3f f   libs:jcpred.obj
 0001:0005cfce       _jpeg_difference7          0045dfce f   libs:jcpred.obj
 0001:0005c44d       _start_pass_huff           0045d44d f   libs:jclhuff.obj
 0001:0005c5ea       _encode_mcus_huff          0045d5ea f   libs:jclhuff.obj
 0001:0005c7d5       _emit_bits                 0045d7d5 f   libs:jclhuff.obj
 0001:0005c878       _dump_buffer               0045d878 f   libs:jclhuff.obj
 0001:0005c89c       _emit_restart              0045d89c f   libs:jclhuff.obj
 0001:0005c8e7       _flush_bits                0045d8e7 f   libs:jclhuff.obj
 0001:0005c90b       _finish_pass_huff          0045d90b f   libs:jclhuff.obj
 0001:0005c978       _encode_mcus_gather        0045d978 f   libs:jclhuff.obj
 0001:0005caa1       _finish_pass_gather        0045daa1 f   libs:jclhuff.obj
 0001:0005b130       _need_optimization_pass    0045c130 f   libs:jcshuff.obj
 0001:0005c02b       _start_pass_diff           0045d02b f   libs:jcdiffct.obj
 0001:0005c0c9       _start_iMCU_row            0045d0c9 f   libs:jcdiffct.obj
 0001:0005c10b       _compress_data             0045d10b f   libs:jcdiffct.obj
 0001:0005c2a1       _compress_first_pass       0045d2a1 f   libs:jcdiffct.obj
 0001:0005c396       _compress_output           0045d396 f   libs:jcdiffct.obj
 0001:0005bc3e       _start_pass_fdctmgr        0045cc3e f   libs:jcdctmgr.obj
 0001:0005bd40       _forward_DCT_float         0045cd40 f   libs:jcdctmgr.obj
 0001:0005b173       _start_pass_phuff          0045c173 f   libs:jcphuff.obj
 0001:0005b2e0       _encode_mcu_DC_first       0045c2e0 f   libs:jcphuff.obj
 0001:0005b412       _emit_bits                 0045c412 f   libs:jcphuff.obj
 0001:0005b4bd       _dump_buffer               0045c4bd f   libs:jcphuff.obj
 0001:0005b4f5       _emit_symbol               0045c4f5 f   libs:jcphuff.obj
 0001:0005b535       _emit_restart              0045c535 f   libs:jcphuff.obj
 0001:0005b5be       _emit_eobrun               0045c5be f   libs:jcphuff.obj
 0001:0005b644       _encode_mcu_AC_first       0045c644 f   libs:jcphuff.obj
 0001:0005b7d8       _encode_mcu_DC_refine      0045c7d8 f   libs:jcphuff.obj
 0001:0005b892       _encode_mcu_AC_refine      0045c892 f   libs:jcphuff.obj
 0001:0005baa9       _finish_pass_phuff         0045caa9 f   libs:jcphuff.obj
 0001:0005baf8       _finish_pass_gather_phuff  0045caf8 f   libs:jcphuff.obj
 0001:0005bbbb       _need_optimization_pass    0045cbbb f   libs:jcphuff.obj
 0001:0005a90b       _start_pass_huff           0045b90b f   libs:jcshuff.obj
 0001:0005aa80       _encode_mcu_huff           0045ba80 f   libs:jcshuff.obj
 0001:0005ab8b       _encode_one_block          0045bb8b f   libs:jcshuff.obj
 0001:0005ad02       _emit_bits                 0045bd02 f   libs:jcshuff.obj
 0001:0005ada5       _dump_buffer               0045bda5 f   libs:jcshuff.obj
 0001:0005adc9       _emit_restart              0045bdc9 f   libs:jcshuff.obj
 0001:0005ae36       _flush_bits                0045be36 f   libs:jcshuff.obj
 0001:0005ae5a       _finish_pass_huff          0045be5a f   libs:jcshuff.obj
 0001:0005aec9       _encode_mcu_gather         0045bec9 f   libs:jcshuff.obj
 0001:0005af7f       _htest_one_block           0045bf7f f   libs:jcshuff.obj
 0001:0005b046       _finish_pass_gather        0045c046 f   libs:jcshuff.obj
 0001:0005b130       _need_optimization_pass    0045c130 f   libs:jcshuff.obj
 0001:0005a2de       _start_pass_coef           0045b2de f   libs:jccoefct.obj
 0001:0005c0c9       _start_iMCU_row            0045d0c9 f   libs:jcdiffct.obj
 0001:0005a373       _compress_data             0045b373 f   libs:jccoefct.obj
 0001:0005a55a       _compress_first_pass       0045b55a f   libs:jccoefct.obj
 0001:0005a740       _compress_output           0045b740 f   libs:jccoefct.obj
 0001:0005a1f6       _calc_output_dimensions    0045b1f6 f   libs:jdlossls.obj
 0001:0005a207       _start_input_pass          0045b207 f   libs:jdlossls.obj
 0001:00059f35       _calc_output_dimensions    0045af35 f   libs:jdlossy.obj
 0001:0005a0a8       _start_input_pass          0045b0a8 f   libs:jdlossy.obj
 0001:0005a0c8       _latch_quant_tables        0045b0c8 f   libs:jdlossy.obj
 0001:0005a160       _start_output_pass         0045b160 f   libs:jdlossy.obj
 0001:00059e84       _start_pass                0045ae84 f   libs:jclossls.obj
 0001:00059df0       _start_pass                0045adf0 f   libs:jclossy.obj
 0001:00059345       _initial_setup             0045a345 f   libs:jcmaster.obj
 0001:000594f8       _validate_script           0045a4f8 f   libs:jcmaster.obj
 0001:000598d0       _prepare_for_pass          0045a8d0 f   libs:jcmaster.obj
 0001:00059a48       _select_scan_parameters    0045aa48 f   libs:jcmaster.obj
 0001:00059b49       _per_scan_setup            0045ab49 f   libs:jcmaster.obj
 0001:00059cf4       _pass_startup              0045acf4 f   libs:jcmaster.obj
 0001:00059d1b       _finish_pass_master        0045ad1b f   libs:jcmaster.obj
 0001:00058e31       _rgb_ycc_start             00459e31 f   libs:jccolor.obj
 0001:00058ef5       _rgb_ycc_convert           00459ef5 f   libs:jccolor.obj
 0001:00058ff4       _rgb_gray_convert          00459ff4 f   libs:jccolor.obj
 0001:00059079       _cmyk_ycck_convert         0045a079 f   libs:jccolor.obj
 0001:000591b1       _grayscale_convert         0045a1b1 f   libs:jccolor.obj
 0001:0005920b       _null_convert              0045a20b f   libs:jccolor.obj
 0001:0002c204       _null_method               0042d204 f   images.obj
 0001:0002c204       _start_pass_downsample     0042d204 f   images.obj
 0001:0005857d       _sep_downsample            0045957d f   libs:jcsample.obj
 0001:000585f2       _int_downsample            004595f2 f   libs:jcsample.obj
 0001:000586ea       _expand_right_edge         004596ea f   libs:jcsample.obj
 0001:0005873f       _fullsize_downsample       0045973f f   libs:jcsample.obj
 0001:00058783       _h2v1_downsample           00459783 f   libs:jcsample.obj
 0001:00058817       _h2v2_downsample           00459817 f   libs:jcsample.obj
 0001:000588c4       _h2v2_smooth_downsample    004598c4 f   libs:jcsample.obj
 0001:00058b3c       _fullsize_smooth_downsample 00459b3c f   libs:jcsample.obj
 0001:00057f79       _start_pass_prep           00458f79 f   libs:jcprepct.obj
 0001:00057fb7       _pre_process_data          00458fb7 f   libs:jcprepct.obj
 0001:00058165       _pre_process_context       00459165 f   libs:jcprepct.obj
 0001:0005831e       _create_context_buffer     0045931e f   libs:jcprepct.obj
 0001:00057df1       _start_pass_main           00458df1 f   libs:jcmainct.obj
 0001:00057e33       _process_data_simple_main  00458e33 f   libs:jcmainct.obj
 0001:000573c7       _create_colormap           004583c7 f   libs:jquant1.obj
 0001:000574f9       _select_ncolors            004584f9 f   libs:jquant1.obj
 0001:000575d0       _create_colorindex         004585d0 f   libs:jquant1.obj
 0001:000576fc       _alloc_fs_workspace        004586fc f   libs:jquant1.obj
 0001:00057738       _start_pass_1_quant        00458738 f   libs:jquant1.obj
 0001:00057804       _create_odither_tables     00458804 f   libs:jquant1.obj
 0001:00057863       _make_odither_array        00458863 f   libs:jquant1.obj
 0001:000578c6       _color_quantize            004588c6 f   libs:jquant1.obj
 0001:00057951       _color_quantize3           00458951 f   libs:jquant1.obj
 0001:000579df       _quantize_ord_dither       004589df f   libs:jquant1.obj
 0001:00057aca       _quantize3_ord_dither      00458aca f   libs:jquant1.obj
 0001:00057bca       _quantize_fs_dither        00458bca f   libs:jquant1.obj
 0001:0002c204       _finish_pass_1_quant       0042d204 f   images.obj
 0001:00057d4e       _new_color_map_1_quant     00458d4e f   libs:jquant1.obj
 0001:00056388       _init_error_limit          00457388 f   libs:jquant2.obj
 0001:00056427       _start_pass_2_quant        00457427 f   libs:jquant2.obj
 0001:00056529       _prescan_quantize          00457529 f   libs:jquant2.obj
 0001:00056598       _pass2_no_dither           00457598 f   libs:jquant2.obj
 0001:00056645       _fill_inverse_cmap         00457645 f   libs:jquant2.obj
 0001:00056710       _find_nearby_colors        00457710 f   libs:jquant2.obj
 0001:000568b4       _find_best_colors          004578b4 f   libs:jquant2.obj
 0001:000569ce       _pass2_fs_dither           004579ce f   libs:jquant2.obj
 0001:00056c3d       _finish_pass1              00457c3d f   libs:jquant2.obj
 0001:00056c5f       _select_colors             00457c5f f   libs:jquant2.obj
 0001:00056ceb       _update_box                00457ceb f   libs:jquant2.obj
 0001:00057085       _median_cut                00458085 f   libs:jquant2.obj
 0001:00057199       _find_biggest_color_pop    00458199 f   libs:jquant2.obj
 0001:000571c8       _find_biggest_volume       004581c8 f   libs:jquant2.obj
 0001:000571f1       _compute_color             004581f1 f   libs:jquant2.obj
 0001:0002c204       _finish_pass2              0042d204 f   images.obj
 0001:0005732d       _new_color_map_2_quant     0045832d f   libs:jquant2.obj
 0001:00055d9f       _build_ycc_rgb_table       00456d9f f   libs:jdmerge.obj
 0001:00055e4f       _start_pass_merged_upsample 00456e4f f   libs:jdmerge.obj
 0001:00055e64       _merged_2v_upsample        00456e64 f   libs:jdmerge.obj
 0001:00055f0b       _merged_1v_upsample        00456f0b f   libs:jdmerge.obj
 0001:00055f3c       _h2v1_merged_upsample      00456f3c f   libs:jdmerge.obj
 0001:00056092       _h2v2_merged_upsample      00457092 f   libs:jdmerge.obj
 0001:00055943       _build_ycc_rgb_table       00456943 f   libs:jdcolor.obj
 0001:000559f3       _ycc_rgb_convert           004569f3 f   libs:jdcolor.obj
 0001:00055b01       _null_convert              00456b01 f   libs:jdcolor.obj
 0001:00055b79       _grayscale_convert         00456b79 f   libs:jdcolor.obj
 0001:00055b9c       _gray_rgb_convert          00456b9c f   libs:jdcolor.obj
 0001:00055bf5       _ycck_cmyk_convert         00456bf5 f   libs:jdcolor.obj
 0001:0002c204       _start_pass_dcolor         0042d204 f   images.obj
 0001:000553a4       _start_pass_upsample       004563a4 f   libs:jdsample.obj
 0001:000553be       _sep_upsample              004563be f   libs:jdsample.obj
 0001:0005548b       _fullsize_upsample         0045648b f   libs:jdsample.obj
 0001:00055496       _noop_upsample             00456496 f   libs:jdsample.obj
 0001:0005549e       _int_upsample              0045649e f   libs:jdsample.obj
 0001:00055588       _h2v1_upsample             00456588 f   libs:jdsample.obj
 0001:000555df       _h2v2_upsample             004565df f   libs:jdsample.obj
 0001:00055651       _h2v1_fancy_upsample       00456651 f   libs:jdsample.obj
 0001:000556f4       _h2v2_fancy_upsample       004566f4 f   libs:jdsample.obj
 0001:00054fad       _start_pass_dpost          00455fad f   libs:jdpostct.obj
 0001:00055053       _post_process_1pass        00456053 f   libs:jdpostct.obj
 0001:000550b8       _post_process_prepass      004560b8 f   libs:jdpostct.obj
 0001:00055149       _post_process_2pass        00456149 f   libs:jdpostct.obj
 0001:000549b4       _alloc_funny_pointers      004559b4 f   libs:jdmainct.obj
 0001:00054a61       _start_pass_main           00455a61 f   libs:jdmainct.obj
 0001:00054ac9       _make_funny_pointers       00455ac9 f   libs:jdmainct.obj
 0001:00054c09       _process_data_simple_main  00455c09 f   libs:jdmainct.obj
 0001:00054c71       _process_data_context_main 00455c71 f   libs:jdmainct.obj
 0001:00054d83       _set_wraparound_pointers   00455d83 f   libs:jdmainct.obj
 0001:00054e6d       _set_bottom_pointers       00455e6d f   libs:jdmainct.obj
 0001:00054f07       _process_data_crank_post   00455f07 f   libs:jdmainct.obj
 0001:000536dd       _write_marker_header       004546dd f   libs:jcmarker.obj
 0001:00053733       _emit_byte                 00454733 f   libs:jcmarker.obj
 0001:00053764       _write_marker_byte         00454764 f   libs:jcmarker.obj
 0001:00053774       _write_file_header         00454774 f   libs:jcmarker.obj
 0001:000537c0       _emit_jfif_app0            004547c0 f   libs:jcmarker.obj
 0001:00053893       _emit_adobe_app14          00454893 f   libs:jcmarker.obj
 0001:00053939       _write_frame_header        00454939 f   libs:jcmarker.obj
 0001:00053a18       _emit_dqt                  00454a18 f   libs:jcmarker.obj
 0001:00053b07       _emit_sof                  00454b07 f   libs:jcmarker.obj
 0001:00053be3       _write_scan_header         00454be3 f   libs:jcmarker.obj
 0001:00053ca3       _emit_dht                  00454ca3 f   libs:jcmarker.obj
 0001:00053d7c       _emit_dri                  00454d7c f   libs:jcmarker.obj
 0001:00053dcb       _emit_sos                  00454dcb f   libs:jcmarker.obj
 0001:00053eb9       _write_file_trailer        00454eb9 f   libs:jcmarker.obj
 0001:00053ed9       _write_tables_only         00454ed9 f   libs:jcmarker.obj
 0001:00053232       _use_merged_upsample       00454232 f   libs:jdmaster.obj
 0001:000532d8       _master_selection          004542d8 f   libs:jdmaster.obj
 0001:00053435       _prepare_range_limit_table 00454435 f   libs:jdmaster.obj
 0001:000534bb       _prepare_for_output_pass   004544bb f   libs:jdmaster.obj
 0001:000535dc       _finish_output_pass        004545dc f   libs:jdmaster.obj
 0001:000526a9       _alloc_small               004536a9 f   libs:jmemmgr.obj
 0001:000527c7       _alloc_large               004537c7 f   libs:jmemmgr.obj
 0001:00052878       _alloc_sarray              00453878 f   libs:jmemmgr.obj
 0001:00052910       _alloc_barray              00453910 f   libs:jmemmgr.obj
 0001:000529b4       _alloc_darray              004539b4 f   libs:jmemmgr.obj
 0001:00052a5f       _request_virt_sarray       00453a5f f   libs:jmemmgr.obj
 0001:00052ac0       _request_virt_barray       00453ac0 f   libs:jmemmgr.obj
 0001:00052b21       _realize_virt_arrays       00453b21 f   libs:jmemmgr.obj
 0001:00052ca4       _access_virt_sarray        00453ca4 f   libs:jmemmgr.obj
 0001:00052dc4       _do_sarray_io              00453dc4 f   libs:jmemmgr.obj
 0001:00052e54       _access_virt_barray        00453e54 f   libs:jmemmgr.obj
 0001:00052f79       _do_barray_io              00453f79 f   libs:jmemmgr.obj
 0001:0005300a       _free_pool                 0045400a f   libs:jmemmgr.obj
 0001:000530f1       _self_destruct             004540f1 f   libs:jmemmgr.obj
 0001:00052143       _start_input_pass          00453143 f   libs:jdinput.obj
 0001:00052171       _per_scan_setup            00453171 f   libs:jdinput.obj
 0001:000522f7       _finish_input_pass         004532f7 f   libs:jdinput.obj
 0001:00052308       _consume_markers           00453308 f   libs:jdinput.obj
 0001:000523a4       _initial_setup             004533a4 f   libs:jdinput.obj
 0001:000525ae       _reset_input_controller    004535ae f   libs:jdinput.obj
 0001:00051d48       _make_crc_table            00452d48 f   libs:crc32.obj
 0001:00051e95       _crc32_little              00452e95 f   libs:crc32.obj
 0001:00051b42       _fixedtables               00452b42 f   libs:inflate.obj
 0001:00051c2c       _updatewindow              00452c2c f   libs:inflate.obj
 0001:0005086a       _init_destination          0045186a f   libs:jdatadst.obj
 0001:00050890       _empty_output_buffer       00451890 f   libs:jdatadst.obj
 0001:000508d2       _term_destination          004518d2 f   libs:jdatadst.obj
 0001:000503f1       _std_huff_tables           004513f1 f   libs:jcparam.obj
 0001:0005044b       _add_huff_table            0045144b f   libs:jcparam.obj
 0001:0004e949       _next_marker               0044f949 f   libs:jdmarker.obj
 0001:0004ea83       _get_interesting_appn      0044fa83 f   libs:jdmarker.obj
 0001:0004ebae       _examine_app0              0044fbae f   libs:jdmarker.obj
 0001:0004edbc       _examine_app14             0044fdbc f   libs:jdmarker.obj
 0001:0004ee7d       _skip_variable             0044fe7d f   libs:jdmarker.obj
 0001:0004ef20       _read_markers              0044ff20 f   libs:jdmarker.obj
 0001:0004f128       _get_soi                   00450128 f   libs:jdmarker.obj
 0001:0004f1d3       _get_sof                   004501d3 f   libs:jdmarker.obj
 0001:0004f4dc       _get_sos                   004504dc f   libs:jdmarker.obj
 0001:0004f7ca       _get_dht                   004507ca f   libs:jdmarker.obj
 0001:0004fa6b       _get_dqt                   00450a6b f   libs:jdmarker.obj
 0001:0004fcc7       _get_dri                   00450cc7 f   libs:jdmarker.obj
 0001:0004fda6       _first_marker              00450da6 f   libs:jdmarker.obj
 0001:0004fe42       _read_restart_marker       00450e42 f   libs:jdmarker.obj
 0001:0004fec0       _reset_marker_reader       00450ec0 f   libs:jdmarker.obj
 0001:0004e72d       _output_pass_setup         0044f72d f   libs:jdapistd.obj
 0001:0004e420       _default_decompress_parms  0044f420 f   libs:jdapimin.obj

 736 bytes saved through ICF

