 quake2

 Timestamp is 4217812e (Sat Feb 19 21:10:54 2005)

 Preferred load address is 00400000

 Start         Length     Name                   Class
 0001:00000000 0005faa0H .text                   CODE
 0002:00000000 00000284H .idata$5                DATA
 0002:00000288 00004114H .rdata                  DATA
 0002:000043a0 00000044H .rdata$r                DATA
 0002:000043e8 00000038H .xdata$x                DATA
 0002:00004420 00000078H .idata$2                DATA
 0002:00004498 00000014H .idata$3                DATA
 0002:000044ac 00000284H .idata$4                DATA
 0002:00004730 00000824H .idata$6                DATA
 0002:00004f54 00000000H .edata                  DATA
 0003:00000000 00000004H .CRT$XCA                DATA
 0003:00000004 00000020H .CRT$XCU                DATA
 0003:00000024 00000004H .CRT$XCZ                DATA
 0003:00000028 00000004H .CRT$XIA                DATA
 0003:0000002c 00000004H .CRT$XIZ                DATA
 0003:00000030 0000ea2cH .data                   DATA
 0003:0000ea60 009fb504H .bss                    DATA
 0004:00000000 00000130H .rsrc$01                DATA
 0004:00000130 00003f20H .rsrc$02                DATA

  Address         Publics by Value              Rva+Base     Lib:Object

 0001:00000000       ??3@YAXPAX@Z               00401000 f i CoreMain.obj
 0001:0000000b       ?appInit@@YAXXZ            0040100b f   CoreMain.obj
 0001:00000069       ?appLoadDebugSymbols@@YAXXZ 00401069 f   DbgSymbols.obj
 0001:0000026c       ?appSymbolName@@YA_NIPADH@Z 0040126c f   DbgSymbols.obj
 0001:00000358       ?appSymbolName@@YAPADI@Z   00401358 f   DbgSymbols.obj
 0001:0000038a       ?appMalloc@@YAPAXIH@Z      0040138a f   Memory.obj
 0001:00000438       ?appFree@@YAXPAX@Z         00401438 f   Memory.obj
 0001:00000466       ?Unlink@FMemHeader@@QAEXXZ 00401466 f i Memory.obj
 0001:00000491       ?Link@CMemoryChain@@AAEXXZ 00401491 f   Memory.obj
 0001:000004b0       ?Unlink@CMemoryChain@@AAEXXZ 004014b0 f   Memory.obj
 0001:000004db       ??2CMemoryChain@@SAPAXIH@Z 004014db f   Memory.obj
 0001:0000054d       ??3CMemoryChain@@SAXPAX@Z  0040154d f   Memory.obj
 0001:00000580       ?Alloc@CMemoryChain@@QAEPAXIH@Z 00401580 f   Memory.obj
 0001:000005ea       ?appInitMemory@@YAXXZ      004015ea f   Memory.obj
 0001:00000ad3       ?Write@COutputDeviceNull@@UAEXPBD@Z 00401ad3 f i OutputDevice.obj
 0001:00000ad6       ?appWPrintf@@YAXPBDZZ      00401ad6 f   OutputDevice.obj
 0001:00000b27       ?appFatalError@@YAXPBDZZ   00401b27 f   ErrorMgr.obj
 0001:00000b80       ?appNonFatalError@@YAXPBDZZ 00401b80 f   ErrorMgr.obj
 0001:00000bc0       ?appUnwindPrefix@@YAXPBD@Z 00401bc0 f   ErrorMgr.obj
 0001:00000c18       ?appUnwindThrow@@YAXPBDZZ  00401c18 f   ErrorMgr.obj
 0001:00000ca0       ?Reset@CErrorHandler@@QAEXXZ 00401ca0 f   ErrorMgr.obj
 0001:00000cbb       ?appInitError@@YAXXZ       00401cbb f   ErrorMgr.obj
 0001:00000d23       ?appStricmp@@YAHPBD0@Z     00401d23 f   Strings.obj
 0001:00000d58       ?toLower@@YADD@Z           00401d58 f i Strings.obj
 0001:00000d6f       ?appStrcpy@@YAXPADPBD@Z    00401d6f f   Strings.obj
 0001:00000d82       ?appStrncpylwr@@YAXPADPBDH@Z 00401d82 f   Strings.obj
 0001:00000db4       ?appStrncpyz@@YAXPADPBDH@Z 00401db4 f   Strings.obj
 0001:00000de1       ?appCopyFilename@@YAXPADPBDH@Z 00401de1 f   Strings.obj
 0001:00000e7d       ?va@@YAPADPBDZZ            00401e7d f   Strings.obj
 0001:00000eca       ?appSprintf@@YAHPADHPBDZZ  00401eca f   Strings.obj
 0001:00000f15       ?appMatchWildcard@@YA_NPBD0_N@Z 00401f15 f   Strings.obj
 0001:00001095       ?CopyString@@YAPADPBD@Z    00402095 f   Strings.obj
 0001:000010d5       ?CopyString@@YAPADPBDPAVCMemoryChain@@@Z 004020d5 f   Strings.obj
 0001:00001109       ??2CStringItem@@SAPAXIPBD@Z 00402109 f   Strings.obj
 0001:00001152       ??2CStringItem@@SAPAXIPBDPAVCMemoryChain@@@Z 00402152 f   Strings.obj
 0001:0000119c       ?Find@CStringList@@IAEPAVCStringItem@@PBDPAPAV2@@Z 0040219c f   Strings.obj
 0001:000011df       ?Find@CStringList@@IAEPAVCStringItem@@H@Z 004021df f   Strings.obj
 0001:000011f8       ?IndexOf@CStringList@@QAEHPBD@Z 004021f8 f   Strings.obj
 0001:00001225       ?Remove@CStringList@@QAE_NPAVCStringItem@@@Z 00402225 f   Strings.obj
 0001:00001251       ?Free@CStringList@@QAEXXZ  00402251 f   Strings.obj
 0001:0000126a       ?osAddressInfo@@YA_NIPADHPAH@Z 0040226a f   DbgSymbolsWin32.obj
 0001:000012fe       ?osModuleInfo@@YA_NIPADHPAH@Z 004022fe f   DbgSymbolsWin32.obj
 0001:000014a6       ?win32ExceptFilter@@YAHPAU_EXCEPTION_POINTERS@@@Z 004024a6 f   ExceptFilterWin32.obj
 0001:00001a5e       ?win32ExceptFilter2@@YAHXZ 00402a5e f   ExceptFilterWin32.obj
 0001:00001a6a       ?SCR_StopCinematic@@YAXXZ  00402a6a f   cl_cin.obj
 0001:00001afe       ?SCR_DrawCinematic@@YA_NXZ 00402afe f   cl_cin.obj
 0001:00001f61       ?SCR_PlayCinematic@@YAXPAD@Z 00402f61 f   cl_cin.obj
 0001:000022c2       ?CL_Download_f@@YAX_NHPAPAD@Z 004032c2 f   cl_download.obj
 0001:00002673       ?CL_ParseDownload@@YAXXZ   00403673 f   cl_download.obj
 0001:00002e7b       ?CL_Precache_f@@YAXHPAPAD@Z 00403e7b f   cl_download.obj
 0001:00002ed9       ?CL_ParseEntityBits@@YAHPAI@Z 00403ed9 f   cl_ents.obj
 0001:00002f3b       ?CL_ParseDelta@@YAXPAUentityState_t@@0HH_N@Z 00403f3b f   cl_ents.obj
 0001:000032d7       ?CL_DeltaEntity@@YAXPAUframe_t@@HPAUentityState_t@@H@Z 004042d7 f   cl_ents.obj
 0001:0000342e       ?CL_ParsePacketEntities@@YAXPAUframe_t@@0@Z 0040442e f   cl_ents.obj
 0001:00003636       ?CL_ParsePlayerstate@@YAXPAUframe_t@@0@Z 00404636 f   cl_ents.obj
 0001:0000393e       ?CL_FireEntityEvents@@YAXPAUframe_t@@@Z 0040493e f   cl_ents.obj
 0001:00003990       ?CL_ParseFrame@@YAXXZ      00404990 f   cl_ents.obj
 0001:00003c5e       ?CL_AddEntityBox@@YAXPAUentityState_t@@I@Z 00404c5e f   cl_ents.obj
 0001:00003d45       ?CL_OffsetThirdPersonView@@YAXXZ 00404d45 f   cl_ents.obj
 0001:00003dff       ?CL_CalcViewValues@@YAXXZ  00404dff f   cl_ents.obj
 0001:00004106       ?CL_AddEntities@@YAXXZ     00405106 f   cl_ents.obj
 0001:00004ea5       ?CL_GetEntitySoundOrigin@@YAXHQAM@Z 00405ea5 f   cl_ents.obj
 0001:00004ed7       ?CL_ClearLightStyles@@YAXXZ 00405ed7 f   cl_fx.obj
 0001:00004f59       ?CL_RunLightStyles@@YAXXZ  00405f59 f   cl_fx.obj
 0001:00004ff8       ?CL_SetLightstyle@@YAXHPBD@Z 00405ff8 f   cl_fx.obj
 0001:00005059       ?CL_ClearDlights@@YAXXZ    00406059 f   cl_fx.obj
 0001:0000506a       ?CL_AllocDlight@@YAPAUcdlight_t@@HQAM@Z 0040606a f   cl_fx.obj
 0001:000050d3       ?CL_AddDLights@@YAXXZ      004060d3 f   cl_fx.obj
 0001:00005133       ?CL_ClearParticles@@YAXXZ  00406133 f   cl_fx.obj
 0001:0000519a       ?CL_AllocParticleTrace@@YAPAUparticleTrace_t@@QAM0MM@Z 0040619a f   cl_fx.obj
 0001:0000523a       ?CL_AllocParticleBeam@@YAPAUbeam_s@@QAM0MM@Z 0040623a f   cl_fx.obj
 0001:000052ad       ?CL_AllocParticle@@YAPAUparticle_s@@XZ 004062ad f   cl_fx.obj
 0001:000052fb       ?CL_UpdateParticles@@YAXXZ 004062fb f   cl_fx.obj
 0001:000058ed       ?CL_MetalSparks@@YAXQAM0H@Z 004068ed f   cl_fx.obj
 0001:000059da       ?CL_ParseMuzzleFlash@@YAXXZ 004069da f   cl_fx.obj
 0001:00005d70       ?CL_ParseMuzzleFlash2@@YAXXZ 00406d70 f   cl_fx.obj
 0001:000063ab       ?CL_ParticleEffect@@YAXQAM0HH@Z 004073ab f   cl_fx.obj
 0001:0000647a       ?CL_ParticleEffect2@@YAXQAM0HH@Z 0040747a f   cl_fx.obj
 0001:00006545       ?CL_ParticleEffect3@@YAXQAM0HH@Z 00407545 f   cl_fx.obj
 0001:00006615       ?CL_TeleporterParticles@@YAXPAUentityState_t@@@Z 00407615 f   cl_fx.obj
 0001:000066cc       ?CL_LogoutEffect@@YAXQAMH@Z 004076cc f   cl_fx.obj
 0001:000067b7       ?CL_ItemRespawnParticles@@YAXQAM@Z 004077b7 f   cl_fx.obj
 0001:00006866       ?CL_ExplosionParticles@@YAXQAM@Z 00407866 f   cl_fx.obj
 0001:00006910       ?CL_BigTeleportParticles@@YAXQAM@Z 00407910 f   cl_fx.obj
 0001:00006a67       ?CL_BlasterParticles@@YAXQAM0@Z 00407a67 f   cl_fx.obj
 0001:00006b33       ?CL_BlasterTrail@@YAXQAM0@Z 00407b33 f   cl_fx.obj
 0001:00006c26       ?CL_FlagTrail@@YAXQAM0M@Z  00407c26 f   cl_fx.obj
 0001:00006d26       ?CL_DiminishingTrail@@YAXQAM0PAUcentity_t@@H@Z 00407d26 f   cl_fx.obj
 0001:00006f8a       ?CL_RocketTrail@@YAXQAM0PAUcentity_t@@@Z 00407f8a f   cl_fx.obj
 0001:000070b7       ?CL_RailTrail@@YAXQAM0@Z   004080b7 f   cl_fx.obj
 0001:000072dd       ?CL_RailTrailExt@@YAXQAM0EE@Z 004082dd f   cl_fx.obj
 0001:000073e1       ?CL_IonripperTrail@@YAXQAM0@Z 004083e1 f   cl_fx.obj
 0001:000074f4       ?CL_BubbleTrail@@YAXQAM0@Z 004084f4 f   cl_fx.obj
 0001:00007612       ?CL_FlyParticles@@YAXQAMH@Z 00408612 f   cl_fx.obj
 0001:000077b1       ?CL_FlyEffect@@YAXPAUcentity_t@@QAM@Z 004087b1 f   cl_fx.obj
 0001:00007834       ?CL_BfgParticles@@YAXPAUentity_t@@@Z 00408834 f   cl_fx.obj
 0001:00007a0e       ?CL_TrapParticles@@YAXPAUentity_t@@@Z 00408a0e f   cl_fx.obj
 0001:00007c91       ?CL_BFGExplosionParticles@@YAXQAM@Z 00408c91 f   cl_fx.obj
 0001:00007d3b       ?CL_TeleportParticles@@YAXQAM@Z 00408d3b f   cl_fx.obj
 0001:00007e74       ?CL_EntityEvent@@YAXPAUentityState_t@@@Z 00408e74 f   cl_fx.obj
 0001:0000804f       ?CL_ClearEffects@@YAXXZ    0040904f f   cl_fx.obj
 0001:0000805e       ?IN_CenterView@@YAXXZ      0040905e f   cl_input.obj
 0001:0000807f       ?CL_InitInput@@YAXXZ       0040907f f   cl_input.obj
 0001:0000861b       ?CL_SendCmd@@YAXXZ         0040961b f   cl_input.obj
 0001:00008d16       ?CL_WriteDemoMessage@@YAXXZ 00409d16 f   cl_main.obj
 0001:00008d58       ?Cmd_ForwardToServer@@YAXHPAPAD@Z 00409d58 f   cl_main.obj
 0001:00008deb       ?CL_ForwardToServer_f@@YAXHPAPAD@Z 00409deb f   cl_main.obj
 0001:00008e33       ?CL_Pause@@YAX_N@Z         00409e33 f   cl_main.obj
 0001:00008e75       ?CL_Quit_f@@YAXXZ          00409e75 f   cl_main.obj
 0001:00008e7f       ?CL_Drop@@YAX_N@Z          00409e7f f   cl_main.obj
 0001:00008ea2       ?CL_SendConnectPacket@@YAXXZ 00409ea2 f   cl_main.obj
 0001:00008f79       ?CL_CheckForResend@@YAXXZ  00409f79 f   cl_main.obj
 0001:0000907e       ?CL_Connect_f@@YAX_NHPAPAD@Z 0040a07e f   cl_main.obj
 0001:00009101       ?CL_Rcon_f@@YAXHPAPAD@Z    0040a101 f   cl_main.obj
 0001:00009209       ?CL_ClearState@@YAXXZ      0040a209 f   cl_main.obj
 0001:00009240       ?CL_Disconnect@@YAXXZ      0040a240 f   cl_main.obj
 0001:000093f0       ?CL_Disconnect_f@@YAXXZ    0040a3f0 f   cl_main.obj
 0001:000093fa       ?CL_Changing_f@@YAXXZ      0040a3fa f   cl_main.obj
 0001:0000941e       ?CL_Reconnect_f@@YAXXZ     0040a41e f   cl_main.obj
 0001:000094ba       ?CL_PingServers_f@@YAXXZ   0040a4ba f   cl_main.obj
 0001:00009625       ?CL_Skins_f@@YAXXZ         0040a625 f   cl_main.obj
 0001:000098f8       ?CL_ConnectionlessPacket@@YAXXZ 0040a8f8 f   cl_main.obj
 0001:000099f7       ?CL_ReadPackets@@YAXXZ     0040a9f7 f   cl_main.obj
 0001:00009b3c       ?CL_FixUpGender@@YAXXZ     0040ab3c f   cl_main.obj
 0001:00009bee       ?CL_Userinfo_f@@YAXXZ      0040abee f   cl_main.obj
 0001:00009c06       ?CL_RegisterSounds@@YAXXZ  0040ac06 f   cl_main.obj
 0001:00009c45       ?CL_Snd_Restart_f@@YAXXZ   0040ac45 f   cl_main.obj
 0001:00009c54       ?CL_WriteConfiguration@@YAXPAD@Z 0040ac54 f   cl_main.obj
 0001:00009d0f       ?CL_WriteConfig_f@@YAX_NHPAPAD@Z 0040ad0f f   cl_main.obj
 0001:00009d6e       ?CL_FixCvarCheats@@YAXXZ   0040ad6e f   cl_main.obj
 0001:00009dc8       ?CL_Frame@@YAXMH@Z         0040adc8 f   cl_main.obj
 0001:00009fac       ?CL_Init@@YAXXZ            0040afac f   cl_main.obj
 0001:0000a46d       ?CL_Shutdown@@YAX_N@Z      0040b46d f   cl_main.obj
 0001:0000a4b6       ?CL_Flashlight@@YAXHQAM@Z  0040b4b6 f   cl_newfx.obj
 0001:0000a4f0       ?CL_ColorFlash@@YAXQAMHHMMM@Z 0040b4f0 f   cl_newfx.obj
 0001:0000a52c       ?CL_DebugTrail@@YAXQAM0@Z  0040b52c f   cl_newfx.obj
 0001:0000a60c       ?CL_ForceWall@@YAXQAM0H@Z  0040b60c f   cl_newfx.obj
 0001:0000a733       ?CL_BubbleTrail2@@YAXQAM0H@Z 0040b733 f   cl_newfx.obj
 0001:0000a85d       ?CL_Heatbeam@@YAXQAM0@Z    0040b85d f   cl_newfx.obj
 0001:0000ab0e       ?CL_ParticleSteamEffect@@YAXQAM0HHH@Z 0040bb0e f   cl_newfx.obj
 0001:0000ac38       ?CL_ParticleSteamEffect2@@YAXPAUcl_sustain_s@@@Z 0040bc38 f   cl_newfx.obj
 0001:0000ad6f       ?CL_TrackerTrail@@YAXQAM0H@Z 0040bd6f f   cl_newfx.obj
 0001:0000aebf       ?CL_Tracker_Shell@@YAXQAM@Z 0040bebf f   cl_newfx.obj
 0001:0000af48       ?CL_MonsterPlasma_Shell@@YAXQAM@Z 0040bf48 f   cl_newfx.obj
 0001:0000afce       ?CL_Widowbeamout@@YAXPAUcl_sustain_s@@@Z 0040bfce f   cl_newfx.obj
 0001:0000b08a       ?CL_Nukeblast@@YAXPAUcl_sustain_s@@@Z 0040c08a f   cl_newfx.obj
 0001:0000b146       ?CL_WidowSplash@@YAXQAM@Z  0040c146 f   cl_newfx.obj
 0001:0000b20e       ?CL_TagTrail@@YAXQAM0M@Z   0040c20e f   cl_newfx.obj
 0001:0000b30e       ?CL_ColorExplosionParticles@@YAXQAMHH@Z 0040c30e f   cl_newfx.obj
 0001:0000b3bb       ?CL_ParticleSmokeEffect@@YAXQAM0HHH@Z 0040c3bb f   cl_newfx.obj
 0001:0000b4e3       ?CL_BlasterParticles2@@YAXQAM0I@Z 0040c4e3 f   cl_newfx.obj
 0001:0000b5b0       ?CL_BlasterTrail2@@YAXQAM0@Z 0040c5b0 f   cl_newfx.obj
 0001:0000b6a3       ?CL_LoadClientinfo@@YAXPAUclientinfo_t@@PAD@Z 0040c6a3 f   cl_parse.obj
 0001:0000b98a       ?CL_ParseClientinfo@@YAXH@Z 0040c98a f   cl_parse.obj
 0001:0000b9ae       ?CL_ParseServerMessage@@YAXXZ 0040c9ae f   cl_parse.obj
 0001:0000c16e       ?CL_CheckPredictionError@@YAXXZ 0040d16e f   cl_pred.obj
 0001:0000c30e       ?CL_EntityTrace@@YAXPAUtrace_t@@QAM111H@Z 0040d30e f   cl_pred.obj
 0001:0000c6c8       ?CL_Trace@@YAXPAUtrace_t@@QAM111H@Z 0040d6c8 f   cl_pred.obj
 0001:0000c74a       ?CL_PMpointcontents@@YAHQAM@Z 0040d74a f   cl_pred.obj
 0001:0000c8d4       ?CL_PredictMovement@@YAXXZ 0040d8d4 f   cl_pred.obj
 0001:0000cc76       ?DrawString@@YAXHHPBD@Z    0040dc76 f   cl_scrn.obj
 0001:0000ccbb       ?SCR_DebugGraph@@YAXMH@Z   0040dcbb f   cl_scrn.obj
 0001:0000cce3       ?SCR_CenterPrint@@YAXPAD@Z 0040dce3 f   cl_scrn.obj
 0001:0000cde7       ?Key_Message@@YAXH@Z       0040dde7 f   cl_scrn.obj
 0001:0000ce83       ?SCR_SetLevelshot@@YAXPAD@Z 0040de83 f   cl_scrn.obj
 0001:0000cf67       ?SCR_BeginLoadingPlaque@@YAXXZ 0040df67 f   cl_scrn.obj
 0001:0000cfec       ?SCR_EndLoadingPlaque@@YAX_N@Z 0040dfec f   cl_scrn.obj
 0001:0000d071       ?SCR_ShowConsole@@YAX_N0@Z 0040e071 f   cl_scrn.obj
 0001:0000d14a       ?SCR_ToggleConsole@@YAXXZ  0040e14a f   cl_scrn.obj
 0001:0000d172       ?SCR_TouchPics@@YAXXZ      0040e172 f   cl_scrn.obj
 0001:0000d1e2       ?SCR_UpdateScreen@@YAXXZ   0040e1e2 f   cl_scrn.obj
 0001:0000e536       ?SCR_Init@@YAXXZ           0040f536 f   cl_scrn.obj
 0001:0000e816       ?CL_RegisterTEntSounds@@YAXXZ 0040f816 f   cl_tent.obj
 0001:0000ea5b       ?CL_RegisterTEntModels@@YAXXZ 0040fa5b f   cl_tent.obj
 0001:0000eb93       ?CL_ClearTEnts@@YAXXZ      0040fb93 f   cl_tent.obj
 0001:0000ebc7       ?CL_AllocExplosion@@YAPAUexplosion_t@@QAMW4exptype_t@@@Z 0040fbc7 f   cl_tent.obj
 0001:0000ec63       ?CL_AddExplosions@@YAXXZ   0040fc63 f   cl_tent.obj
 0001:0000edfd       ?CL_SmokeAndFlash@@YAXQAM@Z 0040fdfd f   cl_tent.obj
 0001:0000ee45       ?CL_ParseBeam@@YAHPAUmodel_s@@@Z 0040fe45 f   cl_tent.obj
 0001:0000ef24       ?CL_ParseBeam2@@YAHPAUmodel_s@@@Z 0040ff24 f   cl_tent.obj
 0001:0000effb       ?CL_ParsePlayerBeam@@YAHPAUmodel_s@@@Z 0040fffb f   cl_tent.obj
 0001:0000f109       ?CL_ParseLightning@@YAHPAUmodel_s@@@Z 00410109 f   cl_tent.obj
 0001:0000f1d5       ?CL_ParseLaser@@YAXI@Z     004101d5 f   cl_tent.obj
 0001:0000f251       ?CL_ParseSteam@@YAXXZ      00410251 f   cl_tent.obj
 0001:0000f362       ?CL_ParseWidow@@YAXXZ      00410362 f   cl_tent.obj
 0001:0000f3ce       ?CL_ParseNuke@@YAXXZ       004103ce f   cl_tent.obj
 0001:0000f438       ?CL_ParseTEnt@@YAXXZ       00410438 f   cl_tent.obj
 0001:00010253       ?CL_AddBeams@@YAXXZ        00411253 f   cl_tent.obj
 0001:0001058f       ?CL_AddPlayerBeams@@YAXXZ  0041158f f   cl_tent.obj
 0001:00010c7f       ?CL_ProcessSustain@@YAXXZ  00411c7f f   cl_tent.obj
 0001:00010cc0       ?CL_AddTEnts@@YAXXZ        00411cc0 f   cl_tent.obj
 0001:00010cd4       ?V_AddEntity@@YAXPAUentity_t@@@Z 00411cd4 f   cl_view.obj
 0001:00010d03       ?V_AddLight@@YAXQAMMMMM@Z  00411d03 f   cl_view.obj
 0001:00010d48       ?V_TestParticles@@YAXXZ    00411d48 f   cl_view.obj
 0001:00010e06       ?V_TestEntities@@YAXXZ     00411e06 f   cl_view.obj
 0001:00010e9c       ?V_TestLights@@YAXXZ       00411e9c f   cl_view.obj
 0001:00010f6a       ?CL_PrepRefresh@@YAXXZ     00411f6a f   cl_view.obj
 0001:0001122f       ?CalcFov@@YAMMMM@Z         0041222f f   cl_view.obj
 0001:000112a3       ?V_RenderView@@YA_NM@Z     004122a3 f   cl_view.obj
 0001:00011f58       ?V_Init@@YAXXZ             00412f58 f   cl_view.obj
 0001:00012008       ?Con_ClearNotify@@YAXXZ    00413008 f   console.obj
 0001:00012017       ?Con_CheckResize@@YAXXZ    00413017 f   console.obj
 0001:0001213e       ?Con_Print@@YAXPBD@Z       0041313e f   console.obj
 0001:00012436       ?Con_DrawNotify@@YAX_N@Z   00413436 f   console.obj
 0001:00012550       ?Con_DrawConsole@@YAXM@Z   00413550 f   console.obj
 0001:0001292a       ?Con_ClearTyping@@YAXXZ    0041392a f   console.obj
 0001:00012943       ?Key_Console@@YAXHH@Z      00413943 f   console.obj
 0001:00012d8b       ?Con_Init@@YAXXZ           00413d8b f   console.obj
 0001:00012f07       ?Key_KeynumToString@@YAPBDH@Z 00413f07 f   keys.obj
 0001:00012fb7       ?CompleteCommand@@YAXXZ    00413fb7 f   keys.obj
 0001:00013912       ?Key_SetBinding@@YAXHPBD@Z 00414912 f   keys.obj
 0001:00013950       ?Key_FindBinding@@YAHPBDPAHH@Z 00414950 f   keys.obj
 0001:0001399e       ?Key_WriteBindings@@YAXPAU_iobuf@@@Z 0041499e f   keys.obj
 0001:000139e6       ?Key_Init@@YAXXZ           004149e6 f   keys.obj
 0001:00013cca       ?Key_Event@@YAXH_NI@Z      00414cca f   keys.obj
 0001:00014018       ?Key_ClearStates@@YAXXZ    00415018 f   keys.obj
 0001:0001404f       ?M_PushMenu@@YAXP6AXXZP6APBDH@Z@Z 0041504f f   menu.obj
 0001:000140de       ?M_ForceMenuOff@@YAXXZ     004150de f   menu.obj
 0001:00014107       ?M_ForceMenuOn@@YAXXZ      00415107 f   menu.obj
 0001:00014120       ?M_PopMenu@@YAXXZ          00415120 f   menu.obj
 0001:0001416c       ?Default_MenuKey@@YAPBDPAUmenuFramework_s@@H@Z 0041516c f   menu.obj
 0001:0001428c       ?M_DrawCharacter@@YAXHHH@Z 0041528c f   menu.obj
 0001:000142be       ?M_Print@@YAXHHPAD@Z       004152be f   menu.obj
 0001:00014304       ?M_DrawCursor@@YAXHHH@Z    00415304 f   menu.obj
 0001:00014329       ?M_DrawTextBox@@YAXHHHH@Z  00415329 f   menu.obj
 0001:000143fb       ?M_Main_Draw@@YAXXZ        004153fb f   menu.obj
 0001:0001456f       ?M_Main_Key@@YAPBDH@Z      0041556f f   menu.obj
 0001:0001464d       ?M_Menu_Main_f@@YAXXZ      0041564d f   menu.obj
 0001:0001466e       ?M_Menu_Multiplayer_f@@YAXXZ 0041566e f   menu.obj
 0001:00014846       ?M_Menu_Keys_f@@YAXXZ      00415846 f   menu.obj
 0001:00014ca2       ?M_Menu_Options_f@@YAXXZ   00415ca2 f   menu.obj
 0001:000155b7       ?M_Menu_Video_f@@YAXXZ     004165b7 f   menu.obj
 0001:000155d8       ?M_Menu_Credits_f@@YAXXZ   004165d8 f   menu.obj
 0001:00015785       ?M_Menu_Game_f@@YAXXZ      00416785 f   menu.obj
 0001:000159f8       ?M_Menu_LoadGame_f@@YAXXZ  004169f8 f   menu.obj
 0001:00015cc6       ?M_Menu_SaveGame_f@@YAXXZ  00416cc6 f   menu.obj
 0001:00015e26       ?M_AddToServerList@@YAXUnetadr_t@@PAD@Z 00416e26 f   menu.obj
 0001:00015e99       ?M_Menu_JoinServer_f@@YAXXZ 00416e99 f   menu.obj
 0001:0001610a       ?M_Menu_StartServer_f@@YAXXZ 0041710a f   menu.obj
 0001:00016910       ?M_Menu_DMOptions_f@@YAXXZ 00417910 f   menu.obj
 0001:000170b1       ?M_Menu_DownloadOptions_f@@YAXXZ 004180b1 f   menu.obj
 0001:00017333       ?M_Menu_AddressBook_f@@YAXXZ 00418333 f   menu.obj
 0001:000186e7       ?M_Init@@YAXXZ             004196e7 f   menu.obj
 0001:00018805       ?M_Draw@@YAXXZ             00419805 f   menu.obj
 0001:00018856       ?M_Keydown@@YAXH@Z         00419856 f   menu.obj
 0001:00018872       ?Insert@?$TList@VplayerModelInfo_t@@@@QAE_NPAVplayerModelInfo_t@@@Z 00419872 f i menu.obj
 0001:00018872       ?Insert@?$TList@VCStringItem@@@@QAE_NPAVCStringItem@@@Z 00419872 f i menu.obj
 0001:000188a8       ?Menu_ItemAtCursor@@YAPAUmenuCommon_s@@PAUmenuFramework_s@@@Z 004198a8 f   qmenu.obj
 0001:000188f8       ?Field_Key@@YA_NPAUmenuField_t@@H@Z 004198f8 f   qmenu.obj
 0001:00018aa5       ?Menu_AddItem@@YAXPAUmenuFramework_s@@PAX@Z 00419aa5 f   qmenu.obj
 0001:00018b60       ?Menu_AdjustCursor@@YAXPAUmenuFramework_s@@H@Z 00419b60 f   qmenu.obj
 0001:00018cab       ?Menu_Center@@YAXPAUmenuFramework_s@@@Z 00419cab f   qmenu.obj
 0001:00018ceb       ?Menu_Draw@@YAXPAUmenuFramework_s@@@Z 00419ceb f   qmenu.obj
 0001:0001923a       ?Menu_SelectItem@@YA_NPAUmenuFramework_s@@@Z 0041a23a f   qmenu.obj
 0001:0001928d       ?Menu_SetStatusBar@@YAXPAUmenuFramework_s@@PBD@Z 0041a28d f   qmenu.obj
 0001:00019299       ?Menu_SlideItem@@YAXPAUmenuFramework_s@@H@Z 0041a299 f   qmenu.obj
 0001:00019794       ?InitRendererVars@@YAXXZ   0041a794 f   ref_vars.obj
 0001:000197b3       ?S_SoundInfo_f@@YAXXZ      0041a7b3 f   snd_dma.obj
 0001:0001983d       ?S_ReadModelsSex@@YAXXZ    0041a83d f   snd_dma.obj
 0001:00019922       ?S_IsFemale@@YA_NPAD@Z     0041a922 f   snd_dma.obj
 0001:00019976       ?S_Init@@YAXXZ             0041a976 f   snd_dma.obj
 0001:00019a4c       ?S_Shutdown@@YAXXZ         0041aa4c f   snd_dma.obj
 0001:00019adf       ?S_AliasName@@YAPAUsfx_s@@PAD0@Z 0041aadf f   snd_dma.obj
 0001:00019ba5       ?S_BeginRegistration@@YAXXZ 0041aba5 f   snd_dma.obj
 0001:00019bb3       ?S_RegisterSound@@YAPAUsfx_s@@PBD@Z 0041abb3 f   snd_dma.obj
 0001:00019d4c       ?S_EndRegistration@@YAXXZ  0041ad4c f   snd_dma.obj
 0001:00019de4       ?S_PickChannel@@YAPAUchannel_t@@HH@Z 0041ade4 f   snd_dma.obj
 0001:00019e71       ?S_SpatializeOrigin@@YAXQAMMMPAH1@Z 0041ae71 f   snd_dma.obj
 0001:00019f98       ?S_Spatialize@@YAXPAUchannel_t@@@Z 0041af98 f   snd_dma.obj
 0001:0001a009       ?S_AllocPlaysound@@YAPAUplaysound_s@@XZ 0041b009 f   snd_dma.obj
 0001:0001a02b       ?S_FreePlaysound@@YAXPAUplaysound_s@@@Z 0041b02b f   snd_dma.obj
 0001:0001a05b       ?S_IssuePlaysound@@YAXPAUplaysound_s@@@Z 0041b05b f   snd_dma.obj
 0001:0001a128       ?S_StartSound@@YAXQAMHHPAUsfx_s@@MMM@Z 0041b128 f   snd_dma.obj
 0001:0001a3d1       ?S_StartLocalSound@@YAXPBD@Z 0041b3d1 f   snd_dma.obj
 0001:0001a420       ?S_ClearBuffer@@YAXXZ      0041b420 f   snd_dma.obj
 0001:0001a489       ?S_StopAllSounds_f@@YAXXZ  0041b489 f   snd_dma.obj
 0001:0001a4f9       ?S_AddLoopSounds@@YAXXZ    0041b4f9 f   snd_dma.obj
 0001:0001a6cf       ?S_RawSamples@@YAXHHHHPAE@Z 0041b6cf f   snd_dma.obj
 0001:0001a8d3       ?S_Update@@YAXQAM000@Z     0041b8d3 f   snd_dma.obj
 0001:0001a9cd       ?GetSoundtime@@YAXXZ       0041b9cd f   snd_dma.obj
 0001:0001aa34       ?S_Update_@@YAXXZ          0041ba34 f   snd_dma.obj
 0001:0001ace7       ?ResampleSfx@@YAXPAUsfx_s@@HHPAE@Z 0041bce7 f   snd_mem.obj
 0001:0001ae02       ?S_LoadSound@@YAPAUsfxcache_t@@PAUsfx_s@@@Z 0041be02 f   snd_mem.obj
 0001:0001af3a       ?GetWavinfo@@YA?AUwavinfo_t@@PADPAEH@Z 0041bf3a f   snd_mem.obj
 0001:0001b17c       ?S_WriteLinearBlastStereo16@@YAXXZ 0041c17c f   snd_mix.obj
 0001:0001b1f0       ?S_TransferStereo16@@YAXPAKH@Z 0041c1f0 f   snd_mix.obj
 0001:0001b259       ?S_TransferPaintBuffer@@YAXH@Z 0041c259 f   snd_mix.obj
 0001:0001b3b5       ?S_PaintChannels@@YAXH@Z   0041c3b5 f   snd_mix.obj
 0001:0001b651       ?S_InitScaletable@@YAXXZ   0041c651 f   snd_mix.obj
 0001:0001b812       ?SV_WipeSavegame@@YAXPAD@Z 0041c812 f   sv_ccmds.obj
 0001:0001b840       ?SV_CopySaveGame@@YAXPAD0@Z 0041c840 f   sv_ccmds.obj
 0001:0001b895       ?SV_WriteLevelFile@@YAXXZ  0041c895 f   sv_ccmds.obj
 0001:0001b943       ?SV_ReadLevelFile@@YAXXZ   0041c943 f   sv_ccmds.obj
 0001:0001b9f1       ?SV_WriteServerFile@@YAX_NPAD@Z 0041c9f1 f   sv_ccmds.obj
 0001:0001bc2e       ?SV_ReadServerFile@@YAXXZ  0041cc2e f   sv_ccmds.obj
 0001:0001bd53       ?SV_AddressBanned@@YA_NPAUnetadr_t@@@Z 0041cd53 f   sv_ccmds.obj
 0001:0001bd94       ?SV_InitOperatorCommands@@YAXXZ 0041cd94 f   sv_ccmds.obj
 0001:0001cda3       ?SV_WritePlayerstateToClient@@YAXPAUclient_frame_t@@0PAUsizebuf_s@@@Z 0041dda3 f   sv_ents.obj
 0001:0001d2bf       ?SV_WriteFrameToClient@@YAXPAUclient_s@@PAUsizebuf_s@@@Z 0041e2bf f   sv_ents.obj
 0001:0001d4e7       ?SV_FatPVS@@YAXQAM@Z       0041e4e7 f   sv_ents.obj
 0001:0001d605       ?SV_BuildClientFrame@@YAXPAUclient_s@@@Z 0041e605 f   sv_ents.obj
 0001:0001d91a       ?SV_RecordDemoMessage@@YAXXZ 0041e91a f   sv_ents.obj
 0001:0001e4a3       ?SV_InitGameLibrary@@YAX_N@Z 0041f4a3 f   sv_game.obj
 0001:0001e5e9       ?SV_ShutdownGameLibrary@@YAXXZ 0041f5e9 f   sv_game.obj
 0001:0001e746       ?SV_FindIndex@@YAHPADHH_N@Z 0041f746 f   sv_init.obj
 0001:0001e84b       ?SV_ModelIndex@@YAHPAD@Z   0041f84b f   sv_init.obj
 0001:0001e861       ?SV_SoundIndex@@YAHPAD@Z   0041f861 f   sv_init.obj
 0001:0001e87a       ?SV_ImageIndex@@YAHPAD@Z   0041f87a f   sv_init.obj
 0001:0001e893       ?SV_CreateBaseline@@YAXXZ  0041f893 f   sv_init.obj
 0001:0001e8f1       ?SV_CheckForSavegame@@YAXXZ 0041f8f1 f   sv_init.obj
 0001:0001e979       ?SV_SpawnServer@@YAXPAD0W4server_state_t@@_N2@Z 0041f979 f   sv_init.obj
 0001:0001ec48       ?SV_InitGame@@YAXXZ        0041fc48 f   sv_init.obj
 0001:0001ee86       ?SV_Map@@YAX_NPAD0@Z       0041fe86 f   sv_init.obj
 0001:0001f04f       ?SV_DropClient@@YAXPAUclient_s@@PAD@Z 0042004f f   sv_main.obj
 0001:0001f100       ?SV_StatusString@@YAPADXZ  00420100 f   sv_main.obj
 0001:0001f937       ?SV_ConnectionlessPacket@@YAXXZ 00420937 f   sv_main.obj
 0001:0001fa02       ?SV_CalcPings@@YAXXZ       00420a02 f   sv_main.obj
 0001:0001fa89       ?SV_GiveMsec@@YAXXZ        00420a89 f   sv_main.obj
 0001:0001fac8       ?SV_ReadPackets@@YAXXZ     00420ac8 f   sv_main.obj
 0001:0001fc12       ?SV_CheckTimeouts@@YAXXZ   00420c12 f   sv_main.obj
 0001:0001fd23       ?SV_PostprocessFrame@@YAXXZ 00420d23 f   sv_main.obj
 0001:000201fa       ?SV_MulticastHook@@YAPAUsizebuf_s@@PAU1@0@Z 004211fa f   sv_main.obj
 0001:000205ee       ?SV_TraceHook@@YA?AUtrace_t@@QAM000PAUedict_s@@H@Z 004215ee f   sv_main.obj
 0001:00020769       ?SV_Frame@@YAXM@Z          00421769 f   sv_main.obj
 0001:00020a23       ?SV_UserinfoChanged@@YAXPAUclient_s@@@Z 00421a23 f   sv_main.obj
 0001:00020ae7       ?SV_Init@@YAXXZ            00421ae7 f   sv_main.obj
 0001:00020b5e       ?SV_Shutdown@@YAXPAD_N@Z   00421b5e f   sv_main.obj
 0001:00020d5b       ?SV_BeginRedirect@@YAXXZ   00421d5b f   sv_send.obj
 0001:00020e05       ?SV_ClientPrintf@@YAXPAUclient_s@@HPADZZ 00421e05 f   sv_send.obj
 0001:00020e60       ?SV_BroadcastPrintf@@YAXHPADZZ 00421e60 f   sv_send.obj
 0001:00020f36       ?SV_BroadcastCommand@@YAXPADZZ 00421f36 f   sv_send.obj
 0001:00020f8b       ?SV_Multicast@@YAXQAMW4multicast_t@@_N@Z 00421f8b f   sv_send.obj
 0001:000211ce       ?SV_MulticastOld@@YAXQAMW4multicast_t@@@Z 004221ce f   sv_send.obj
 0001:000211e1       ?SV_MulticastNew@@YAXQAMW4multicast_t@@@Z 004221e1 f   sv_send.obj
 0001:000211f4       ?SV_StartSound@@YAXQAMPAUedict_s@@HHMMM_N@Z 004221f4 f   sv_send.obj
 0001:000214bc       ?SV_StartSoundOld@@YAXQAMPAUedict_s@@HHMMM@Z 004224bc f   sv_send.obj
 0001:000214ec       ?SV_StartSoundNew@@YAXQAMPAUedict_s@@HHMMM@Z 004224ec f   sv_send.obj
 0001:0002151c       ?SV_SendClientDatagram@@YA_NPAUclient_s@@@Z 0042251c f   sv_send.obj
 0001:000215ef       ?SV_DemoCompleted@@YAXXZ   004225ef f   sv_send.obj
 0001:0002160b       ?SV_RateDrop@@YA_NPAUclient_s@@@Z 0042260b f   sv_send.obj
 0001:00021655       ?SV_SendClientMessages@@YAXXZ 00422655 f   sv_send.obj
 0001:000217a3       ?SV_TokenizeString@@YAXPBD@Z 004227a3 f   sv_tokenize.obj
 0001:0002187a       ?SV_Argc@@YAHXZ            0042287a f   sv_tokenize.obj
 0001:00021880       ?SV_Argv@@YAPADH@Z         00422880 f   sv_tokenize.obj
 0001:0002189a       ?SV_Args@@YAPADXZ          0042289a f   sv_tokenize.obj
 0001:000220eb       ?SV_Nextserver@@YAXXZ      004230eb f   sv_user.obj
 0001:0002217a       ?SV_ExecuteUserCommand@@YAXPAD@Z 0042317a f   sv_user.obj
 0001:0002223c       ?SV_ClientThink@@YAXPAUclient_s@@PAUusercmd_t@@@Z 0042323c f   sv_user.obj
 0001:0002227f       ?SV_ExecuteClientMessage@@YAXPAUclient_s@@@Z 0042327f f   sv_user.obj
 0001:0002249d       ?SV_ClearWorld@@YAXXZ      0042349d f   sv_world.obj
 0001:000225f5       ?SV_UnlinkEdict@@YAXPAUedict_s@@@Z 004235f5 f   sv_world.obj
 0001:000226b8       ?SV_LinkEdict@@YAXPAUedict_s@@@Z 004236b8 f   sv_world.obj
 0001:00022d10       ?SV_AreaEdicts@@YAHQAM0PAPAUedict_s@@HH@Z 00423d10 f   sv_world.obj
 0001:00022ec1       ?SV_PointContents@@YAHQAM@Z 00423ec1 f   sv_world.obj
 0001:00022fe7       ?SV_ClipMoveToEntities@@YAXPAUtrace_t@@QAM111PAUedict_s@@H@Z 00423fe7 f   sv_world.obj
 0001:000233c6       ?SV_Trace@@YAXPAUtrace_t@@QAM111PAUedict_s@@H@Z 004243c6 f   sv_world.obj
 0001:0002349a       ?Cbuf_Init@@YAXXZ          0042449a f   cmd.obj
 0001:000234b2       ?Cbuf_AddText@@YAXPAD@Z    004244b2 f   cmd.obj
 0001:00023517       ?Cbuf_InsertText@@YAXPAD@Z 00424517 f   cmd.obj
 0001:0002357e       ?Cbuf_CopyToDefer@@YAXXZ   0042457e f   cmd.obj
 0001:000235c6       ?Cbuf_InsertFromDefer@@YAXXZ 004245c6 f   cmd.obj
 0001:000235ef       ?Cbuf_Execute@@YAXXZ       004245ef f   cmd.obj
 0001:000236f1       ?Cmd_Unalias_f@@YAX_NHPAPAD@Z 004246f1 f   cmd.obj
 0001:00023767       ?Cmd_WriteAliases@@YAXPAU_iobuf@@@Z 00424767 f   cmd.obj
 0001:00023798       ?RegisterCommand@@YA_NPBDP6AXXZH@Z 00424798 f   cmd.obj
 0001:00023851       ?UnregisterCommand@@YA_NPBD@Z 00424851 f   cmd.obj
 0001:000238e2       ?Cmd_ExecuteString@@YA_NPBD@Z 004248e2 f   cmd.obj
 0001:00023d52       ?ExecuteCommand@@YA_NPBDPBUCSimpleCommand@@H@Z 00424d52 f   cmd.obj
 0001:00023e19       ?Cmd_Init@@YAXXZ           00424e19 f   cmd.obj
 0001:00024157       ?CMod_GetSurfMaterial@@YA?AW4material_t@@PAD@Z 00425157 f   cmodel.obj
 0001:000241b4       ?CM_LoadMap@@YAPAUcmodel_t@@PAD_NPAI@Z 004251b4 f   cmodel.obj
 0001:00024829       ?PlaneTypeForNormal@@YAHQBM@Z 00425829 f i cmodel.obj
 0001:000249cd       ?CM_InlineModel@@YAPAUcmodel_t@@PAD@Z 004259cd f   cmodel.obj
 0001:00024a0e       ?CM_NumClusters@@YAHXZ     00425a0e f   cmodel.obj
 0001:00024a14       ?CM_NumInlineModels@@YAHXZ 00425a14 f   cmodel.obj
 0001:00024a1a       ?CM_EntityString@@YAPADXZ  00425a1a f   cmodel.obj
 0001:00024a20       ?CM_LeafContents@@YAHH@Z   00425a20 f   cmodel.obj
 0001:00024a44       ?CM_LeafCluster@@YAHH@Z    00425a44 f   cmodel.obj
 0001:00024ab6       ?CM_LeafArea@@YAHH@Z       00425ab6 f   cmodel.obj
 0001:00024adb       ?CM_InitBoxHull@@YAXXZ     00425adb f   cmodel.obj
 0001:00024c6b       ?CM_HeadnodeForBox@@YAHQAM0@Z 00425c6b f   cmodel.obj
 0001:00024d20       ?CM_PointLeafnum@@YAHQAMH@Z 00425d20 f   cmodel.obj
 0001:00024dc0       ?DISTANCE_TO_PLANE@@YAMQBMPBUcplane_t@@@Z 00425dc0 f i cmodel.obj
 0001:00024e08       ?CM_PointContents@@YAHQAMH@Z 00425e08 f   cmodel.obj
 0001:00024e7a       ?CM_TransformedPointContents@@YAHQAMH00@Z 00425e7a f   cmodel.obj
 0001:00024fb0       ?CM_TransformedPointContents2@@YAHQAMH0PAY02M@Z 00425fb0 f   cmodel.obj
 0001:0002509e       ?CM_BoxLeafnums@@YAHQAM0PAHH1H@Z 0042609e f   cmodel.obj
 0001:000251b0       ?BOX_ON_PLANE_SIDE@@YAHQBM0PBUcplane_t@@@Z 004261b0 f i cmodel.obj
 0001:00025235       ?CM_BoxTrace@@YAXPAUtrace_t@@QBM111HH@Z 00426235 f   cmodel.obj
 0001:00025c4e       ?CM_TransformedBoxTrace@@YAXPAUtrace_t@@QBM111HH11@Z 00426c4e f   cmodel.obj
 0001:00025f1e       ?CM_TransformedBoxTrace2@@YAXPAUtrace_t@@QBM111HH1PAY02$$CBM@Z 00426f1e f   cmodel.obj
 0001:00026133       ?CM_BrushTrace@@YAHQBM0PAHH@Z 00427133 f   cmodel.obj
 0001:00026551       ?CM_RefineBrushTrace@@YAHQBM0PAHH@Z 00427551 f   cmodel.obj
 0001:000265f6       ?CM_ClusterPVS@@YAPAEH@Z   004275f6 f   cmodel.obj
 0001:0002673a       ?CM_ClusterPHS@@YAPAEH@Z   0042773a f   cmodel.obj
 0001:000267dd       ?FloodAreaConnections@@YAXXZ 004277dd f   cmodel.obj
 0001:00026896       ?CM_SetAreaPortalState@@YAXH_N@Z 00427896 f   cmodel.obj
 0001:000268bb       ?CM_AreasConnected@@YA_NHH@Z 004278bb f   cmodel.obj
 0001:000268ff       ?CM_WriteAreaBits@@YAHPAEH@Z 004278ff f   cmodel.obj
 0001:00026999       ?CM_WritePortalState@@YAXPAU_iobuf@@@Z 00427999 f   cmodel.obj
 0001:000269b3       ?CM_ReadPortalState@@YAXPAU_iobuf@@@Z 004279b3 f   cmodel.obj
 0001:000269d1       ?CM_HeadnodeVisible@@YA_NHPAE@Z 004279d1 f   cmodel.obj
 0001:00026aa6       ?Com_BeginRedirect@@YAXPADHP6AX0@Z@Z 00427aa6 f   common.obj
 0001:00026ad3       ?Com_EndRedirect@@YAXXZ    00427ad3 f   common.obj
 0001:00026af2       ?Com_Printf@@YAXPBDZZ      00427af2 f   common.obj
 0001:00026cff       ?Com_DPrintf@@YAXPBDZZ     00427cff f   common.obj
 0001:00026d78       ?DebugPrintf@@YAXPBDZZ     00427d78 f   common.obj
 0001:00026e22       ?Com_WPrintf@@YAXPBDZZ     00427e22 f   common.obj
 0001:00026e7c       ?Com_Quit@@YAXXZ           00427e7c f   common.obj
 0001:00026e9c       ?IPWildcard@@YA_NPAUnetadr_t@@PAD@Z 00427e9c f   common.obj
 0001:00026f76       ?Com_ServerState@@YA?AW4server_state_t@@XZ 00427f76 f   common.obj
 0001:00026f7c       ?Com_SetServerState@@YAXW4server_state_t@@@Z 00427f7c f   common.obj
 0001:00026f86       ?frand@@YAMXZ              00427f86 f   common.obj
 0001:00026f9e       ?crand@@YAMXZ              00427f9e f   common.obj
 0001:00026fbc       ?MSG_WriteChar@@YAXPAUsizebuf_s@@H@Z 00427fbc f   common.obj
 0001:00026fbc       ?MSG_WriteByte@@YAXPAUsizebuf_s@@H@Z 00427fbc f   common.obj
 0001:00026fd0       ?MSG_WriteShort@@YAXPAUsizebuf_s@@H@Z 00427fd0 f   common.obj
 0001:00026fea       ?MSG_WriteLong@@YAXPAUsizebuf_s@@H@Z 00427fea f   common.obj
 0001:00027014       ?MSG_WriteFloat@@YAXPAUsizebuf_s@@M@Z 00428014 f   common.obj
 0001:00027030       ?MSG_WriteString@@YAXPAUsizebuf_s@@PAD@Z 00428030 f   common.obj
 0001:00027067       ?MSG_WriteCoord@@YAXPAUsizebuf_s@@M@Z 00428067 f   common.obj
 0001:0002708c       ?MSG_WritePos@@YAXPAUsizebuf_s@@QAM@Z 0042808c f   common.obj
 0001:000270f0       ?MSG_WriteAngle@@YAXPAUsizebuf_s@@M@Z 004280f0 f   common.obj
 0001:0002711b       ?MSG_WriteAngle16@@YAXPAUsizebuf_s@@M@Z 0042811b f   common.obj
 0001:00027146       ?MSG_WriteDeltaUsercmd@@YAXPAUsizebuf_s@@PAUusercmd_t@@1@Z 00428146 f   common.obj
 0001:00027270       ?MSG_WriteDir@@YAXPAUsizebuf_s@@QAM@Z 00428270 f   common.obj
 0001:000272d7       ?MSG_ReadDir@@YAXPAUsizebuf_s@@QAM@Z 004282d7 f   common.obj
 0001:00027308       ?MSG_WriteDeltaEntity@@YAXPAUentity_state_t@@0PAUsizebuf_s@@_N2@Z 00428308 f   common.obj
 0001:00027750       ?MSG_BeginReading@@YAXPAUsizebuf_s@@@Z 00428750 f   common.obj
 0001:00027759       ?MSG_ReadChar@@YAHPAUsizebuf_s@@@Z 00428759 f   common.obj
 0001:0002777a       ?MSG_ReadByte@@YAHPAUsizebuf_s@@@Z 0042877a f   common.obj
 0001:0002779b       ?MSG_ReadShort@@YAHPAUsizebuf_s@@@Z 0042879b f   common.obj
 0001:000277cb       ?MSG_ReadLong@@YAHPAUsizebuf_s@@@Z 004287cb f   common.obj
 0001:0002780a       ?MSG_ReadString@@YAPADPAUsizebuf_s@@@Z 0042880a f   common.obj
 0001:0002783d       ?MSG_ReadCoord@@YAMPAUsizebuf_s@@@Z 0042883d f   common.obj
 0001:00027857       ?MSG_ReadPos@@YAXPAUsizebuf_s@@QAM@Z 00428857 f   common.obj
 0001:000278a9       ?MSG_ReadAngle@@YAMPAUsizebuf_s@@@Z 004288a9 f   common.obj
 0001:000278c3       ?MSG_ReadAngle16@@YAMPAUsizebuf_s@@@Z 004288c3 f   common.obj
 0001:000278dd       ?MSG_ReadDeltaUsercmd@@YAXPAUsizebuf_s@@PAUusercmd_t@@1@Z 004288dd f   common.obj
 0001:00027998       ?MSG_ReadData@@YAXPAUsizebuf_s@@PAXH@Z 00428998 f   common.obj
 0001:000279bb       ?SZ_Init@@YAXPAUsizebuf_s@@PAXH@Z 004289bb f   common.obj
 0001:000279d9       ?SZ_Clear@@YAXPAUsizebuf_s@@@Z 004289d9 f   common.obj
 0001:000279e6       ?SZ_GetSpace@@YAPAXPAUsizebuf_s@@H@Z 004289e6 f   common.obj
 0001:00027a43       ?SZ_Write@@YAXPAUsizebuf_s@@PAXH@Z 00428a43 f   common.obj
 0001:00027a6f       ?SZ_Insert@@YAXPAUsizebuf_s@@PAXHH@Z 00428a6f f   common.obj
 0001:00027ac8       ?SZ_Print@@YAXPAUsizebuf_s@@PAD@Z 00428ac8 f   common.obj
 0001:00027b1e       ?Info_ValueForKey@@YAPADPAD0@Z 00428b1e f   common.obj
 0001:00027ba9       ?Info_RemoveKey@@YAXPAD0@Z 00428ba9 f   common.obj
 0001:00027c2f       ?Info_SetValueForKey@@YAXPAD00@Z 00428c2f f   common.obj
 0001:00027d67       ?Info_Print@@YAXPAD@Z      00428d67 f   common.obj
 0001:00027e2c       ?COM_BlockSequenceCRCByte@@YAEPAEHH@Z 00428e2c f   common.obj
 0001:00027ebd       ?COM_CheckCmdlineVar@@YA_NPBD@Z 00428ebd f   common.obj
 0001:00027f13       ?QCommon_Init@@YAXPAD@Z    00428f13 f   common.obj
 0001:000282e1       ?QCommon_Frame@@YAXH@Z     004292e1 f   common.obj
 0001:000285b8       ?QCommon_Shutdown@@YAXXZ   004295b8 f   common.obj
 0001:000285d1       ?CRC_Init@@YAXPAG@Z        004295d1 f   crc.obj
 0001:000285db       ?CRC_Block@@YAGPAEH@Z      004295db f   crc.obj
 0001:00028624       ?Cvar_VariableValue@@YAMPBD@Z 00429624 f   cvar.obj
 0001:00028692       ?Cvar_VariableInt@@YAHPBD@Z 00429692 f   cvar.obj
 0001:000286a5       ?Cvar_VariableString@@YAPADPBD@Z 004296a5 f   cvar.obj
 0001:000286bd       ?Cvar_Get@@YAPAUcvar_s@@PBD0H@Z 004296bd f   cvar.obj
 0001:00028974       ?Cvar_GetVars@@YAXPBUcvarInfo_t@@H@Z 00429974 f   cvar.obj
 0001:00028a1e       ?Cvar_FullSet@@YAPAUcvar_s@@PBD0H@Z 00429a1e f   cvar.obj
 0001:00028a78       ?Cvar_SetValue@@YAPAUcvar_s@@PBDM@Z 00429a78 f   cvar.obj
 0001:00028c9e       ?Cvar_SetInteger@@YAPAUcvar_s@@PBDH@Z 00429c9e f   cvar.obj
 0001:00028cc0       ?Cvar_Set@@YAPAUcvar_s@@PBD0@Z 00429cc0 f   cvar.obj
 0001:00028cd5       ?Cvar_ForceSet@@YAPAUcvar_s@@PBD0@Z 00429cd5 f   cvar.obj
 0001:00028cea       ?Cvar_Clamp@@YAMPAUcvar_s@@MM@Z 00429cea f   cvar.obj
 0001:00028d48       ?Cvar_ClampName@@YAMPBDMM@Z 00429d48 f   cvar.obj
 0001:00028d87       ?Cvar_GetLatchedVars@@YAXXZ 00429d87 f   cvar.obj
 0001:00028db6       ?Cvar_Command@@YA_NHPAPAD@Z 00429db6 f   cvar.obj
 0001:00028e57       ?Cvar_WriteVariables@@YAXPAU_iobuf@@HHPBD@Z 00429e57 f   cvar.obj
 0001:00028eea       ?Cvar_BitInfo@@YAPADH@Z    00429eea f   cvar.obj
 0001:00028f23       ?Cvar_Userinfo@@YAPADXZ    00429f23 f   cvar.obj
 0001:00028f2c       ?Cvar_Serverinfo@@YAPADXZ  00429f2c f   cvar.obj
 0001:00028f35       ?Cvar_Cheats@@YAX_N@Z      00429f35 f   cvar.obj
 0001:00028f8b       ?Cvar_Init@@YAXXZ          00429f8b f   cvar.obj
 0001:00029657       ?FS_CreatePath@@YAXPAD@Z   0042a657 f   files.obj
 0001:000296a1       ?FS_CopyFile@@YAXPAD0@Z    0042a6a1 f   files.obj
 0001:000297a4       ?FS_CopyFiles@@YAXPAD0@Z   0042a7a4 f   files.obj
 0001:0002987d       ?FS_RemoveFiles@@YAXPAD@Z  0042a87d f   files.obj
 0001:000298f1       ?FS_FCloseFile@@YAXPAU_iobuf@@@Z 0042a8f1 f   files.obj
 0001:0002998c       ?FS_FOpenFile@@YAHPBDPAPAU_iobuf@@@Z 0042a98c f   files.obj
 0001:00029eb1       ?FS_FileExists@@YA_NPAD@Z  0042aeb1 f   files.obj
 0001:0002a0ce       ?FS_Read@@YAXPAXHPAU_iobuf@@@Z 0042b0ce f   files.obj
 0001:0002a36e       ?FS_LoadFile@@YAPAXPBDPAI@Z 0042b36e f   files.obj
 0001:0002a3c5       ?FS_FreeFile@@YAXPAX@Z     0042b3c5 f   files.obj
 0001:0002a3d0       ?FS_Gamedir@@YAPADXZ       0042b3d0 f   files.obj
 0001:0002a3e4       ?FS_LoadGameConfig@@YAXXZ  0042b3e4 f   files.obj
 0001:0002a4a9       ?FS_SetGamedir@@YA_NPBD@Z  0042b4a9 f   files.obj
 0001:0002abc8       ?FS_ListFiles@@YA?AV?$TList@VCStringItem@@@@PADPAHH@Z 0042bbc8 f   files.obj
 0001:0002aeed       ?FS_NextPath@@YAPADPBD@Z   0042beed f   files.obj
 0001:0002af11       ?FS_InitFilesystem@@YAXXZ  0042bf11 f   files.obj
 0001:0002b8e4       ?LoadPCX@@YAXPBDPAPAE1PAH2@Z 0042c8e4 f   images.obj
 0001:0002ba2e       ?LoadTGA@@YAXPBDPAPAEPAH2@Z 0042ca2e f   images.obj
 0001:0002bc29       ?LoadJPG@@YAXPBDPAPAEPAH2@Z 0042cc29 f   images.obj
 0001:0002bebb       ?ImageExists@@YAHPBDH@Z    0042cebb f   images.obj
 0001:0002bfbc       ?WriteTGA@@YA_NPBDPAEHH@Z  0042cfbc f   images.obj
 0001:0002c1a6       ?WriteJPG@@YA_NPBDPAEHH_N@Z 0042d1a6 f   images.obj
 0001:0002c2cd       ?MD4Init@@YAXPAUMD4_CTX@@@Z 0042d2cd f   md4.obj
 0001:0002c2f5       ?MD4Update@@YAXPAUMD4_CTX@@PAEI@Z 0042d2f5 f   md4.obj
 0001:0002c393       ?MD4Final@@YAXQAEPAUMD4_CTX@@@Z 0042d393 f   md4.obj
 0001:0002ca84       ?Com_BlockChecksum@@YAIPAXH@Z 0042da84 f   md4.obj
 0001:0002cac0       ?LoadQ2BspFile@@YAXXZ      0042dac0 f   model.obj
 0001:0002ce8c       ?LoadBspFile@@YAPAUbspfile_t@@PBD_NPAI@Z 0042de8c f   model.obj
 0001:0002d03a       ?ProcessEntstring@@YAPADPAD@Z 0042e03a f   model.obj
 0001:0002dea0       ?Netchan_Init@@YAXXZ       0042eea0 f   net_chan.obj
 0001:0002df00       ?Netchan_OutOfBand@@YAXW4netsrc_t@@Unetadr_t@@HPAX@Z 0042ef00 f   net_chan.obj
 0001:0002df60       ?Netchan_OutOfBandPrint@@YAXW4netsrc_t@@Unetadr_t@@PBDZZ 0042ef60 f   net_chan.obj
 0001:0002dfa5       ?Netchan_Setup@@YAXW4netsrc_t@@PAUnetchan_t@@Unetadr_t@@H@Z 0042efa5 f   net_chan.obj
 0001:0002dffe       ?Netchan_NeedReliable@@YA_NPAUnetchan_t@@@Z 0042effe f   net_chan.obj
 0001:0002e028       ?Netchan_Transmit@@YAXPAUnetchan_t@@HPAX@Z 0042f028 f   net_chan.obj
 0001:0002e1ce       ?Netchan_Process@@YA_NPAUnetchan_t@@PAUsizebuf_s@@@Z 0042f1ce f   net_chan.obj
 0001:0002e2f4       ?Pmove@@YAXPAUpmove_t@@@Z  0042f2f4 f   pmove.obj
 0001:0003008e       ?NormalizeColor@@YAMQBMQAM@Z 0043108e f   q_shared2.obj
 0001:000300ef       ?NormalizeColor255@@YAMQBMQAM@Z 004310ef f   q_shared2.obj
 0001:00030154       ?Q_rsqrt@@YAMM@Z           00431154 f   q_shared2.obj
 0001:00030184       ?AngleVectors@@YAXQBMQAM11@Z 00431184 f   q_shared2.obj
 0001:000302e5       ?MakeNormalVectors@@YAXQAM00@Z 004312e5 f   q_shared2.obj
 0001:0003034c       ?SetPlaneSignbits@@YAXPAUcplane_t@@@Z 0043134c f   q_shared2.obj
 0001:0003036f       ?LerpAngle@@YAMMMM@Z       0043136f f   q_shared2.obj
 0001:000303b2       ?anglemod@@YAMM@Z          004313b2 f   q_shared2.obj
 0001:000303de       ?BoxOnPlaneSide@@YAHQBM0PBUcplane_t@@@Z 004313de f   q_shared2.obj
 0001:00030501       ?ClearBounds@@YAXQAM0@Z    00431501 f   q_shared2.obj
 0001:0003052a       ?AddPointToBounds@@YAXQBMQAM1@Z 0043152a f   q_shared2.obj
 0001:00030563       ?VectorCompare@@YA_NQBM0@Z 00431563 f   q_shared2.obj
 0001:00030590       ?VectorNormalize@@YAMQAM@Z 00431590 f   q_shared2.obj
 0001:000305e9       ?VectorNormalize2@@YAMQBMQAM@Z 004315e9 f   q_shared2.obj
 0001:00030644       ?VectorNormalizeFast@@YAMQAM@Z 00431644 f   q_shared2.obj
 0001:00030697       ?CrossProduct@@YAXQBM0QAM@Z 00431697 f   q_shared2.obj
 0001:000306d2       ?VectorLength@@YAMQBM@Z    004316d2 f   q_shared2.obj
 0001:00030701       ?VectorDistance@@YAMQBM0@Z 00431701 f   q_shared2.obj
 0001:00030732       ?VectorScale@@YAXQBMMQAM@Z 00431732 f   q_shared2.obj
 0001:00030756       ?AnglesToAxis@@YAXQBMQAY02M@Z 00431756 f   q_shared2.obj
 0001:00030794       ?COM_FilePath@@YAXPAD0@Z   00431794 f   q_shared2.obj
 0001:000307ca       ?ShortSwap@@YAFF@Z         004317ca f   q_shared2.obj
 0001:000307df       ?COM_Parse@@YAPADAAPBD_N@Z 004317df f   q_shared2.obj
 0001:00030903       ?COM_QuoteString@@YAPBDPBD_N@Z 00431903 f   q_shared2.obj
 0001:0003095e       ?Com_PageInMemory@@YAXPAXH@Z 0043195e f   q_shared2.obj
 0001:0003097d       ?Q_strncpylower@@YAXPADPBDH@Z 0043197d f   q_shared2.obj
 0001:000309b7       ?Zip_OpenArchive@@YAPAU_iobuf@@PAD@Z 004319b7 f   zip.obj
 0001:00030a22       ?Zip_CloseArchive@@YAXPAU_iobuf@@@Z 00431a22 f   zip.obj
 0001:00030a2e       ?Zip_EnumArchive@@YA_NPAU_iobuf@@P6A_NPAUzipFile_t@@@Z@Z 00431a2e f   zip.obj
 0001:00030c0b       ?Zip_OpenFile@@YAPAUZFILE@@PAU_iobuf@@PAUzipFile_t@@@Z 00431c0b f   zip.obj
 0001:00030cef       ?Zip_ReadFile@@YAHPAUZFILE@@PAXH@Z 00431cef f   zip.obj
 0001:00030de5       ?Zip_CloseFile@@YA_NPAUZFILE@@@Z 00431de5 f   zip.obj
 0001:00030e29       ?Zip_OpenBuf@@YAPAUZBUF@@PAXH@Z 00431e29 f   zip.obj
 0001:00030e67       ?Zip_ReadBuf@@YAHPAUZBUF@@PAXH@Z 00431e67 f   zip.obj
 0001:00030eaf       ?Zip_CloseBuf@@YAXPAUZBUF@@@Z 00431eaf f   zip.obj
 0001:00030ec4       ?CreateMemoryChain@@YAPAXXZ 00431ec4 f   memory2.obj
 0001:00030f20       ?FreeMemoryChain@@YAXPAX@Z 00431f20 f   memory2.obj
 0001:00030f3b       ?AllocChainBlock@@YAPAXPAXH@Z 00431f3b f   memory2.obj
 0001:00030f86       ?AllocNamedStruc@@YAPAUbasenamed_s@@HPAD@Z 00431f86 f   memory2.obj
 0001:00030fc4       ?CDAudio_Play2@@YAXH_N@Z   00431fc4 f   cd_win.obj
 0001:000311a3       ?CDAudio_Play@@YAXH_N@Z    004321a3 f   cd_win.obj
 0001:000311ba       ?CDAudio_Stop@@YAXXZ       004321ba f   cd_win.obj
 0001:000311ff       ?CDAudio_Pause@@YAXXZ      004321ff f   cd_win.obj
 0001:00031258       ?CDAudio_Resume@@YAXXZ     00432258 f   cd_win.obj
 0001:000312c7       ?CDAudio_MessageHandler@@YAJPAUHWND__@@IIJ@Z 004322c7 f   cd_win.obj
 0001:0003135e       ?CDAudio_Update@@YAXXZ     0043235e f   cd_win.obj
 0001:00031392       ?CDAudio_Init@@YAHXZ       00432392 f   cd_win.obj
 0001:00031744       ?CDAudio_Shutdown@@YAXXZ   00432744 f   cd_win.obj
 0001:00031777       ?CDAudio_Activate@@YAX_N@Z 00432777 f   cd_win.obj
 0001:00031788       ?IN_MouseEvent@@YAXH@Z     00432788 f   in_win.obj
 0001:000317f2       ?IN_Commands@@YAXXZ        004327f2 f   in_win.obj
 0001:00031923       ?IN_Init@@YAXXZ            00432923 f   in_win.obj
 0001:00031c69       ?IN_Shutdown@@YAXXZ        00432c69 f   in_win.obj
 0001:00031d4d       ?IN_Move@@YAXPAUusercmd_t@@@Z 00432d4d f   in_win.obj
 0001:0003224f       ?IN_Activate@@YAX_N@Z      0043324f f   in_win.obj
 0001:00032259       ?IN_Frame@@YAXXZ           00433259 f   in_win.obj
 0001:00032663       ?NetadrToSockadr@@YAXPAUnetadr_t@@PAUsockaddr@@@Z 00433663 f   net_wins.obj
 0001:000326e8       ?SockadrToNetadr@@YAXPAUsockaddr@@PAUnetadr_t@@@Z 004336e8 f   net_wins.obj
 0001:00032738       ?NET_CompareAdr@@YA_NPAUnetadr_t@@0@Z 00433738 f   net_wins.obj
 0001:00032798       ?NET_CompareBaseAdr@@YA_NPAUnetadr_t@@0@Z 00433798 f   net_wins.obj
 0001:000327ee       ?NET_AdrToString@@YAPADPAUnetadr_t@@@Z 004337ee f   net_wins.obj
 0001:000328a7       ?NET_StringToAdr@@YA_NPBDPAUnetadr_t@@@Z 004338a7 f   net_wins.obj
 0001:00032b31       ?NET_IsLocalAddress@@YA_NPAUnetadr_t@@@Z 00433b31 f   net_wins.obj
 0001:00032b3d       ?NET_GetLoopPacket@@YA_NW4netsrc_t@@PAUnetadr_t@@PAUsizebuf_s@@@Z 00433b3d f   net_wins.obj
 0001:00032bc9       ?NET_SendLoopPacket@@YAXW4netsrc_t@@HPAXUnetadr_t@@@Z 00433bc9 f   net_wins.obj
 0001:00032c1e       ?NET_GetPacket@@YA_NW4netsrc_t@@PAUnetadr_t@@PAUsizebuf_s@@@Z 00433c1e f   net_wins.obj
 0001:00032d3c       ?NET_SendPacket@@YAXW4netsrc_t@@HPAXUnetadr_t@@@Z 00433d3c f   net_wins.obj
 0001:00032e0d       ?NET_IPSocket@@YAHPADH@Z   00433e0d f   net_wins.obj
 0001:00032f22       ?NET_OpenIP@@YAXXZ         00433f22 f   net_wins.obj
 0001:00032f9e       ?NET_OpenIPX@@YAXXZ        00433f9e f   net_wins.obj
 0001:000330de       ?NET_Config@@YAX_N@Z       004340de f   net_wins.obj
 0001:00033182       ?NET_Init@@YAXXZ           00434182 f   net_wins.obj
 0001:000331ee       ?Hunk_Begin@@YAPAXH@Z      004341ee f   q_shwin.obj
 0001:00033222       ?Hunk_Alloc@@YAPAXH@Z      00434222 f   q_shwin.obj
 0001:00033281       ?Hunk_End@@YAHXZ           00434281 f   q_shwin.obj
 0001:00033287       ?Hunk_Free@@YAXPAX@Z       00434287 f   q_shwin.obj
 0001:000332a0       ?Sys_Milliseconds@@YAHXZ   004342a0 f   q_shwin.obj
 0001:000332d1       ?Sys_Mkdir@@YAXPAD@Z       004342d1 f   q_shwin.obj
 0001:000332dd       ?Sys_FindFirst@@YAPADPADH@Z 004342dd f   q_shwin.obj
 0001:00033377       ?Sys_FindNext@@YAPADXZ     00434377 f   q_shwin.obj
 0001:000333e1       ?Sys_FindClose@@YAXXZ      004343e1 f   q_shwin.obj
 0001:000333fb       ?SNDDMA_Init@@YA_NXZ       004343fb f   snd_win.obj
 0001:00033a3a       ?SNDDMA_GetDMAPos@@YAHXZ   00434a3a f   snd_win.obj
 0001:00033a84       ?SNDDMA_BeginPainting@@YAXXZ 00434a84 f   snd_win.obj
 0001:00033b9c       ?SNDDMA_Submit@@YAXXZ      00434b9c f   snd_win.obj
 0001:00033bc1       ?SNDDMA_Shutdown@@YAXXZ    00434bc1 f   snd_win.obj
 0001:00033bc6       ?S_Activate@@YAX_N@Z       00434bc6 f   snd_win.obj
 0001:00033bf1       ?Sys_Quit@@YAXXZ           00434bf1 f   sys_win.obj
 0001:00033cac       ?Sys_Init@@YAXXZ           00434cac f   sys_win.obj
 0001:00033ff5       ?Sys_ConsoleInput@@YAPADXZ 00434ff5 f   sys_win.obj
 0001:000342ac       ?Sys_ConsoleOutput@@YAXPAD@Z 004352ac f   sys_win.obj
 0001:0003433a       ?Sys_SendKeyEvents@@YAXXZ  0043533a f   sys_win.obj
 0001:00034426       ?Sys_UnloadGame@@YAXXZ     00435426 f   sys_win.obj
 0001:000344a1       ?Sys_GetGameAPI@@YAPAXPAX@Z 004354a1 f   sys_win.obj
 0001:000345f8       _WinMain@16                004355f8 f   sys_win.obj
 0001:000348d5       ?Vid_CreateWindow@@YAPAXHH_N@Z 004358d5 f   vid_dll.obj
 0001:000350fe       ?Vid_DestroyWindow@@YAX_N@Z 004360fe f   vid_dll.obj
 0001:00035139       ?Vid_GetModeInfo@@YA_NPAH0H@Z 00436139 f   vid_dll.obj
 0001:00035167       ?Vid_UpdateWindowPosAndSize@@YAXHH@Z 00436167 f   vid_dll.obj
 0001:000351ce       ?Vid_FreeReflib@@YAXXZ     004361ce f   vid_dll.obj
 0001:00035208       ?Vid_CheckChanges@@YAXXZ   00436208 f   vid_dll.obj
 0001:000355a1       ?Vid_Init@@YAXXZ           004365a1 f   vid_dll.obj
 0001:00035692       ?Vid_Shutdown@@YAXXZ       00436692 f   vid_dll.obj
 0001:000356c0       ?Vid_MenuInit@@YAXXZ       004366c0 f   vid_menu.obj
 0001:00035f16       ?Vid_MenuDraw@@YAXXZ       00436f16 f   vid_menu.obj
 0001:00035f99       ?Vid_MenuKey@@YAPBDH@Z     00436f99 f   vid_menu.obj
 0001:00036304       ?GL_BackEnd@@YAXXZ         00437304 f   gl_backend.obj
 0001:0003990d       ?GL_InitBackend@@YAXXZ     0043a90d f   gl_backend.obj
 0001:00039952       ?GL_ShutdownBackend@@YAXXZ 0043a952 f   gl_backend.obj
 0001:00039966       ?GL_AllocDynamicMemory@@YAPAXH@Z 0043a966 f   gl_buffers.obj
 0001:000399cf       ?GL_ResizeDynamicMemory@@YAXPAXH@Z 0043a9cf f   gl_buffers.obj
 0001:00039a11       ?GL_AddSurfaceToPortal@@YAXPAUsurfaceCommon_s@@PAUshader_s@@HH@Z 0043aa11 f   gl_buffers.obj
 0001:00039a7a       ?GL_AddDynamicSurface@@YAPAUsurfaceCommon_s@@PAUshader_s@@H@Z 0043aa7a f   gl_buffers.obj
 0001:00039aa2       ?GL_InsertShaderIndex@@YAXH@Z 0043aaa2 f   gl_buffers.obj
 0001:00039ad5       ?GL_ClearPortal@@YAXXZ     0043aad5 f   gl_buffers.obj
 0001:00039af1       ?GL_FinishPortal@@YAXXZ    0043aaf1 f   gl_buffers.obj
 0001:00039b42       ?GL_SortSurfaces@@YAXPAUviewPortal_s@@PAPAUsurfaceInfo_s@@@Z 0043ab42 f   gl_buffers.obj
 0001:00039cd4       ?GL_ClearBuffers@@YAXXZ    0043acd4 f   gl_buffers.obj
 0001:00039ceb       ?GL_AddEntity@@YAXPAUentity_t@@@Z 0043aceb f   gl_frontend.obj
 0001:0003a15f       ?GL_AddDlight@@YAXPAUdlight_t@@@Z 0043b15f f   gl_frontend.obj
 0001:0003a317       ?GL_DrawPortal@@YAXXZ      0043b317 f   gl_frontend.obj
 0001:0003ce00       ?GL_TextureMode@@YAXPAD@Z  0043de00 f   gl_image.obj
 0001:0003cea8       ?GL_CreateImage@@YAPAUimage_s@@PBDPAXHHH@Z 0043dea8 f   gl_image.obj
 0001:0003dc8f       ?GL_DrawStretchRaw8@@YAXHHHHHHPAEPAI@Z 0043ec8f f   gl_image.obj
 0001:0003e049       ?GL_SetupGamma@@YAXXZ      0043f049 f   gl_image.obj
 0001:0003e18e       ?GL_PerformScreenshot@@YAXXZ 0043f18e f   gl_image.obj
 0001:0003e41b       ?GL_InitImages@@YAXXZ      0043f41b f   gl_image.obj
 0001:0003ebeb       ?GL_ShutdownImages@@YAXXZ  0043fbeb f   gl_image.obj
 0001:0003ec52       ?GL_LoadDelayedImages@@YAXXZ 0043fc52 f   gl_image.obj
 0001:0003eccf       ?GL_ShowImages@@YAXXZ      0043fccf f   gl_image.obj
 0001:0003ef57       ?GL_FindImage@@YAPAUimage_s@@PBDH@Z 0043ff57 f   gl_image.obj
 0001:0003f2e4       ?GL_Lock@@YAXXZ            004402e4 f   gl_interface.obj
 0001:0003f35c       ?GL_Unlock@@YAXXZ          0044035c f   gl_interface.obj
 0001:0003f51e       ?GL_Bind@@YAXPAUimage_s@@@Z 0044051e f   gl_interface.obj
 0001:0003f648       ?GL_BindForce@@YAXPAUimage_s@@@Z 00440648 f   gl_interface.obj
 0001:0003f6c6       ?GL_TexEnv@@YAXI@Z         004406c6 f   gl_interface.obj
 0001:0003f845       ?GL_TexMipBias@@YAXM@Z     00440845 f   gl_interface.obj
 0001:0003f8a0       ?GL_TexEnvColor@@YAXPATcolor_t@@@Z 004408a0 f   gl_interface.obj
 0001:0003f950       ?GL_SelectTexture@@YAXH@Z  00440950 f   gl_interface.obj
 0001:0003f9b1       ?GL_TexCoordPointer@@YAXPAX@Z 004409b1 f   gl_interface.obj
 0001:0003f9e1       ?GL_SetMultitexture@@YAXH@Z 004409e1 f   gl_interface.obj
 0001:0003fac7       ?GL_DisableTexCoordArrays@@YAXXZ 00440ac7 f   gl_interface.obj
 0001:0003fb1b       ?GL_CullFace@@YAXW4gl_cullMode_t@@@Z 00440b1b f   gl_interface.obj
 0001:0003fb6c       ?GL_DepthRange@@YAXW4gl_depthMode_t@@@Z 00440b6c f   gl_interface.obj
 0001:0003fb9f       ?GL_State@@YAXI@Z          00440b9f f   gl_interface.obj
 0001:0003fcf8       ?GL_EnableFog@@YAX_N@Z     00440cf8 f   gl_interface.obj
 0001:0003fdf0       ?GL_SetDefaultState@@YAXXZ 00440df0 f   gl_interface.obj
 0001:0003ff3e       ?GL_Set2DMode@@YAXXZ       00440f3e f   gl_interface.obj
 0001:00040039       ?GL_Setup@@YAXPAUviewPortal_s@@@Z 00441039 f   gl_interface.obj
 0001:00040121       ?GL_ShowLights@@YAXXZ      00441121 f   gl_light.obj
 0001:00040546       ?GL_LightForEntity@@YAXPAUrefEntity_s@@@Z 00441546 f   gl_light.obj
 0001:000417ad       ?GL_DiffuseLight@@YAXPATcolor_t@@M@Z 004427ad f   gl_light.obj
 0001:00041925       ?GL_InitLightGrid@@YAXXZ   00442925 f   gl_light.obj
 0001:000419c1       ?GL_PostLoadLights@@YAXXZ  004429c1 f   gl_light.obj
 0001:00041c5f       ?LM_Init@@YAXXZ            00442c5f f   gl_lightmap.obj
 0001:00041c75       ?LM_Flush@@YAXPAUlightmapBlock_t@@@Z 00442c75 f   gl_lightmap.obj
 0001:00041cd2       ?LM_Done@@YAXXZ            00442cd2 f   gl_lightmap.obj
 0001:00041cf9       ?LM_Save@@YAXPAUlightmapBlock_t@@@Z 00442cf9 f   gl_lightmap.obj
 0001:00041d11       ?LM_Restore@@YAXPAUlightmapBlock_t@@@Z 00442d11 f   gl_lightmap.obj
 0001:00041d29       ?LM_NewBlock@@YAPAUlightmapBlock_t@@XZ 00442d29 f   gl_lightmap.obj
 0001:00041d99       ?LM_Rewind@@YAXXZ          00442d99 f   gl_lightmap.obj
 0001:00041da1       ?LM_NextBlock@@YAPAUlightmapBlock_t@@XZ 00442da1 f   gl_lightmap.obj
 0001:00041dce       ?LM_CheckMinlight@@YAXPAUdynamicLightmap_s@@@Z 00442dce f   gl_lightmap.obj
 0001:00041e64       ?LM_AllocBlock@@YA_NPAUlightmapBlock_t@@PAUdynamicLightmap_s@@@Z 00442e64 f   gl_lightmap.obj
 0001:00041f1b       ?LM_PutBlock@@YAXPAUdynamicLightmap_s@@@Z 00442f1b f   gl_lightmap.obj
 0001:00042348       ?LM_SortLightStyles@@YAXPAUdynamicLightmap_s@@@Z 00443348 f   gl_lightmap.obj
 0001:000423d9       ?GL_UpdateDynamicLightmap@@YAXPAUshader_s@@PAUsurfacePlanar_s@@_NI@Z 004433d9 f   gl_lightmap.obj
 0001:000428d5       ?LM_IsMonotone@@YA_NPAUdynamicLightmap_s@@PATcolor_t@@@Z 004438d5 f   gl_lightmap.obj
 0001:000429dc       ?GL_EnableRendering@@YAX_N@Z 004439dc f   gl_main.obj
 0001:000429f7       ?GL_DrawStretchPic@@YAXPAUshader_s@@HHHHMMMMIE@Z 004439f7 f   gl_main.obj
 0001:00042ac3       ?DrawTextLeft@@YAXPBDI@Z   00443ac3 f   gl_main.obj
 0001:00042c31       ?DrawTextRight@@YAXPBDI@Z  00443c31 f   gl_main.obj
 0001:00042c7b       ?DrawText3D@@YAXQAMPBDI@Z  00443c7b f   gl_main.obj
 0001:00042ca8       _GL_GetRefAPI              00443ca8 f   gl_main.obj
 0001:000445aa       ?GL_InitFuncTables@@YAXXZ  004455aa f   gl_math.obj
 0001:0004475b       ?ModelToWorldCoord@@YAXQAMPAUrefEntity_s@@0@Z 0044575b f   gl_math.obj
 0001:000447cc       ?WorldToModelCoord@@YAXQAMPAUrefEntity_s@@0@Z 004457cc f   gl_math.obj
 0001:00044813       ?BuildRotationMatrix@@YAXQAY02MQAMM@Z 00445813 f   gl_math.obj
 0001:0004490d       ?GetBoxRect@@YA_NPAUrefEntity_s@@QAM11_N@Z 0044590d f   gl_math.obj
 0001:00044c7e       ?ProjectToScreen@@YA_NQAMPAH@Z 00445c7e f   gl_math.obj
 0001:00044dc1       ?SaturateColor3f@@YAXQAM@Z 00445dc1 f   gl_math.obj
 0001:00044eb1       ?SaturateColor4b@@YAXPATcolor_t@@@Z 00445eb1 f   gl_math.obj
 0001:00044fbf       ?GL_FindModel@@YAPAUmodel_s@@PBD@Z 00445fbf f   gl_model.obj
 0001:00045139       ?GL_LoadWorldMap@@YAXPBD@Z 00446139 f   gl_model.obj
 0001:00046ceb       ?GL_PointInLeaf@@YAPAUnode_s@@QAM@Z 00447ceb f   gl_model.obj
 0001:0004796f       ?ATAN2_FUNC@@YAMMM@Z       0044896f f i gl_model.obj
 0001:00047b1a       ?GL_FindSkin@@YAPAUshader_s@@PBD@Z 00448b1a f   gl_model.obj
 0001:00047c7c       ?GL_ResetModels@@YAXXZ     00448c7c f   gl_model.obj
 0001:00047d45       ?GL_InitModels@@YAXXZ      00448d45 f   gl_model.obj
 0001:00047e2d       ?GL_ShutdownModels@@YAXXZ  00448e2d f   gl_model.obj
 0001:00047e43       ?SubdividePlane@@YAHPAPAY02MHM@Z 00448e43 f   gl_poly.obj
 0001:0004828d       ?FreeSubdividedPlane@@YAXXZ 0044928d f   gl_poly.obj
 0001:000482a5       ?GetSubdivideIndexes@@YAXPAH@Z 004492a5 f   gl_poly.obj
 0001:000482f8       ?RemoveCollinearPoints@@YAHPAPAY02MH@Z 004492f8 f   gl_poly.obj
 0001:000483f3       ?GetPolyArea@@YAMPAPAY02MH@Z 004493f3 f   gl_poly.obj
 0001:00048487       ?GL_InitShaders@@YAXXZ     00449487 f   gl_shader.obj
 0001:000485d8       ?GL_ShutdownShaders@@YAXXZ 004495d8 f   gl_shader.obj
 0001:00048602       ?GetLightmapImage@@YAPAUimage_s@@H@Z 00449602 f   gl_shader.obj
 0001:0004862a       ?GL_SetShaderLightmap@@YAPAUshader_s@@PAU1@H@Z 0044962a f   gl_shader.obj
 0001:000489ff       ?GL_SetShaderLightstyles@@YAPAUshader_s@@PAU1@H@Z 004499ff f   gl_shader.obj
 0001:00048a9b       ?GL_GetAlphaShader@@YAPAUshader_s@@PAU1@@Z 00449a9b f   gl_shader.obj
 0001:00048d61       ?GL_FindShader@@YAPAUshader_s@@PBDH@Z 00449d61 f   gl_shader.obj
 0001:0004937f       ?GL_GetShaderByNum@@YAPAUshader_s@@H@Z 0044a37f f   gl_shader.obj
 0001:0004939d       ?GL_ResetShaders@@YAXXZ    0044a39d f   gl_shader.obj
 0001:00049863       ?GL_ClearSkyBox@@YAXXZ     0044a863 f   gl_sky.obj
 0001:0004987a       ?GL_SetSkyRotate@@YAXMQAM@Z 0044a87a f   gl_sky.obj
 0001:000498b2       ?GL_SkyVisible@@YA_NXZ     0044a8b2 f   gl_sky.obj
 0001:000498cb       ?GL_AddSkySurface@@YAXPAUsurfacePlanar_s@@QAME@Z 0044a8cb f   gl_sky.obj
 0001:00049eda       ?GL_TesselateSkySide@@YAHHPAUbufVertex_t@@PAUbufTexCoord_t@@M@Z 0044aeda f   gl_sky.obj
 0001:0004b7f5       ?QGL_Shutdown@@YAXXZ       0044c7f5 f   qgl_win.obj
 0001:0004b833       ?QGL_Init@@YA_NPBD@Z       0044c833 f   qgl_win.obj
 0001:0004b8b6       ?QGL_InitExtensions@@YAXXZ 0044c8b6 f   qgl_win.obj
 0001:0004bda2       ?QGL_PrintExtensionsString@@YAXPBD00@Z 0044cda2 f   qgl_win.obj
 0001:0004bef2       ?QGL_EnableLogging@@YAX_N@Z 0044cef2 f   qgl_win.obj
 0001:0004bfa9       ?QGL_LogMessage@@YAXPBD@Z  0044cfa9 f   qgl_win.obj
 0001:0004bfc0       ?GLimp_SetMode@@YA?AW4rserr_t@@PAI0H_N@Z 0044cfc0 f   glw_imp.obj
 0001:0004c253       ?GLimp_HasGamma@@YA_NXZ    0044d253 f   glw_imp.obj
 0001:0004c267       ?GLimp_SetGamma@@YAXM@Z    0044d267 f   glw_imp.obj
 0001:0004c40f       ?GLimp_Init@@YAHXZ         0044d40f f   glw_imp.obj
 0001:0004c757       ?GLimp_Shutdown@@YAXXZ     0044d757 f   glw_imp.obj
 0001:0004c7ff       ?GLimp_EndFrame@@YAXXZ     0044d7ff f   glw_imp.obj
 0001:0004c880       ?GLimp_AppActivate@@YAX_N@Z 0044d880 f   glw_imp.obj
 0001:0004c960       _jpeg_CreateDecompress     0044d960 f   lib:jdapimin.obj
 0001:0004ca20       _jpeg_read_header          0044da20 f   lib:jdapimin.obj
 0001:0004ca82       _jpeg_consume_input        0044da82 f   lib:jdapimin.obj
 0001:0004ccd1       _jpeg_finish_decompress    0044dcd1 f   lib:jdapimin.obj
 0001:0004cd68       _jpeg_start_decompress     0044dd68 f   lib:jdapistd.obj
 0001:0004ced5       _jpeg_read_scanlines       0044ded5 f   lib:jdapistd.obj
 0001:0004cf59       _jpeg_resync_to_restart    0044df59 f   lib:jdmarker.obj
 0001:0004d11e       _jinit_marker_reader       0044e11e f   lib:jdmarker.obj
 0001:0004e5e9       _jpeg_CreateCompress       0044f5e9 f   lib:jcapimin.obj
 0001:0004e69d       _jpeg_destroy_compress     0044f69d f   lib:jcapimin.obj
 0001:0004e69d       _jpeg_destroy_decompress   0044f69d f   lib:jcapimin.obj
 0001:0004e6a8       _jpeg_suppress_tables      0044f6a8 f   lib:jcapimin.obj
 0001:0004e6f2       _jpeg_finish_compress      0044f6f2 f   lib:jcapimin.obj
 0001:0004e7dc       _jpeg_start_compress       0044f7dc f   lib:jcapistd.obj
 0001:0004e848       _jpeg_write_scanlines      0044f848 f   lib:jcapistd.obj
 0001:0004e8f3       _jpeg_add_quant_table      0044f8f3 f   lib:jcparam.obj
 0001:0004e9a5       _jpeg_quality_scaling      0044f9a5 f   lib:jcparam.obj
 0001:0004e9cc       _jpeg_set_quality          0044f9cc f   lib:jcparam.obj
 0001:0004ea06       _jpeg_set_defaults         0044fa06 f   lib:jcparam.obj
 0001:0004ebcc       _jpeg_default_colorspace   0044fbcc f   lib:jcparam.obj
 0001:0004ec1c       _jpeg_set_colorspace       0044fc1c f   lib:jcparam.obj
 0001:0004ef37       _jpeg_stdio_dest           0044ff37 f   lib:jdatadst.obj
 0001:0004f136       _crc32                     00450136 f   lib:crc32.obj
 0001:0004f3d0       _inflateReset              004503d0 f   lib:inflate.obj
 0001:0004f417       _inflateInit2_             00450417 f   lib:inflate.obj
 0001:0004f4d0       _inflate                   004504d0 f   lib:inflate.obj
 0001:0005079f       _inflateEnd                0045179f f   lib:inflate.obj
 0001:000507dd       _jinit_input_controller    004517dd f   lib:jdinput.obj
 0001:00050cc0       _jinit_memory_mgr          00451cc0 f   lib:jmemmgr.obj
 0001:000517fc       _jpeg_abort                004527fc f   lib:jcomapi.obj
 0001:0005182f       _jpeg_destroy              0045282f f   lib:jcomapi.obj
 0001:0005184a       _jpeg_alloc_quant_table    0045284a f   lib:jcomapi.obj
 0001:00051866       _jpeg_alloc_huff_table     00452866 f   lib:jcomapi.obj
 0001:00051882       _jpeg_calc_output_dimensions 00452882 f   lib:jdmaster.obj
 0001:00051982       _jinit_master_decompress   00452982 f   lib:jdmaster.obj
 0001:00051cd8       _jdiv_round_up             00452cd8 f   lib:jutils.obj
 0001:00051ce8       _jround_up                 00452ce8 f   lib:jutils.obj
 0001:00051d00       _jcopy_sample_rows         00452d00 f   lib:jutils.obj
 0001:00051d3e       _jcopy_block_row           00452d3e f   lib:jutils.obj
 0001:00051d57       _jzero_far                 00452d57 f   lib:jutils.obj
 0001:00051d6a       _jinit_marker_writer       00452d6a f   lib:jcmarker.obj
 0001:00052646       _jinit_compress_master     00453646 f   lib:jcinit.obj
 0001:0005269f       _zcalloc                   0045369f f   lib:zutil.obj
 0001:000526b1       _inflate_fast              004536b1 f   lib:inffast.obj
 0001:00052a66       _inflate_table             00453a66 f   lib:inftrees.obj
 0001:00052def       _adler32                   00453def f   lib:adler32.obj
 0001:00052f08       _jinit_c_codec             00453f08 f   lib:jcodec.obj
 0001:00052f24       _jinit_d_codec             00453f24 f   lib:jcodec.obj
 0001:00052f40       _jpeg_get_large            00453f40 f   lib:jmemnobs.obj
 0001:00052f40       _jpeg_get_small            00453f40 f   lib:jmemnobs.obj
 0001:00052f4c       _jpeg_free_small           00453f4c f   lib:jmemnobs.obj
 0001:00052f4c       _zcfree                    00453f4c f   lib:jmemnobs.obj
 0001:00052f4c       _jpeg_free_large           00453f4c f   lib:jmemnobs.obj
 0001:00052f58       _jpeg_mem_available        00453f58 f   lib:jmemnobs.obj
 0001:00052f5d       _jpeg_open_backing_store   00453f5d f   lib:jmemnobs.obj
 0001:00052f71       _jinit_d_main_controller   00453f71 f   lib:jdmainct.obj
 0001:000535bc       _jinit_d_post_controller   004545bc f   lib:jdpostct.obj
 0001:00053867       _jinit_upsampler           00454867 f   lib:jdsample.obj
 0001:00053ea5       _jinit_color_deconverter   00454ea5 f   lib:jdcolor.obj
 0001:000543bb       _jinit_merged_upsampler    004553bb f   lib:jdmerge.obj
 0001:0005490b       _jinit_2pass_quantizer     0045590b f   lib:jquant2.obj
 0001:000559ce       _jinit_1pass_quantizer     004569ce f   lib:jquant1.obj
 0001:000563f4       _jinit_c_main_controller   004573f4 f   lib:jcmainct.obj
 0001:00056561       _jinit_c_prep_controller   00457561 f   lib:jcprepct.obj
 0001:00056aac       _jinit_downsampler         00457aac f   lib:jcsample.obj
 0001:0005732c       _jinit_color_converter     0045832c f   lib:jccolor.obj
 0001:00057916       _jinit_c_master_control    00458916 f   lib:jcmaster.obj
 0001:00058405       _jinit_lossy_c_codec       00459405 f   lib:jclossy.obj
 0001:000584a0       _jinit_lossless_c_codec    004594a0 f   lib:jclossls.obj
 0001:00058538       _jinit_lossy_d_codec       00459538 f   lib:jdlossy.obj
 0001:0005880b       _jinit_lossless_d_codec    0045980b f   lib:jdlossls.obj
 0001:000588bb       _jinit_c_coef_controller   004598bb f   lib:jccoefct.obj
 0001:00058f5a       _jinit_shuff_encoder       00459f5a f   lib:jcshuff.obj
 0001:000597c2       _jinit_phuff_encoder       0045a7c2 f   lib:jcphuff.obj
 0001:0005a267       _jinit_forward_dct         0045b267 f   lib:jcdctmgr.obj
 0001:0005a536       _jinit_c_diff_controller   0045b536 f   lib:jcdiffct.obj
 0001:0005aa9c       _jinit_lhuff_encoder       0045ba9c f   lib:jclhuff.obj
 0001:0005b1c9       _jinit_differencer         0045c1c9 f   lib:jcpred.obj
 0001:0005b6e3       _jinit_c_scaler            0045c6e3 f   lib:jcscale.obj
 0001:0005b759       _jinit_d_coef_controller   0045c759 f   lib:jdcoefct.obj
 0001:0005c432       _jinit_shuff_decoder       0045d432 f   lib:jdshuff.obj
 0001:0005c9c7       _jinit_phuff_decoder       0045d9c7 f   lib:jdphuff.obj
 0001:0005d564       _jinit_inverse_dct         0045e564 f   lib:jddctmgr.obj
 0001:0005d748       _jinit_d_diff_controller   0045e748 f   lib:jddiffct.obj
 0001:0005dc76       _jinit_d_scaler            0045ec76 f   lib:jdscale.obj
 0001:0005dd75       _jinit_undifferencer       0045ed75 f   lib:jdpred.obj
 0001:0005e12f       _jinit_lhuff_decoder       0045f12f f   lib:jdlhuff.obj
 0001:0005e524       _jpeg_make_c_derived_tbl   0045f524 f   lib:jchuff.obj
 0001:0005e726       _jpeg_gen_optimal_table    0045f726 f   lib:jchuff.obj
 0001:0005e8e5       _jpeg_fdct_float           0045f8e5 f   lib:jfdctflt.obj
 0001:0005eaea       _jpeg_make_d_derived_tbl   0045faea f   lib:jdhuff.obj
 0001:0005ed87       _jpeg_fill_bit_buffer      0045fd87 f   lib:jdhuff.obj
 0001:0005ee96       _jpeg_huff_decode          0045fe96 f   lib:jdhuff.obj
 0001:0005ef76       _jpeg_idct_4x4             0045ff76 f   lib:jidctred.obj
 0001:0005f264       _jpeg_idct_2x2             00460264 f   lib:jidctred.obj
 0001:0005f426       _jpeg_idct_1x1             00460426 f   lib:jidctred.obj
 0001:0005f462       _jpeg_idct_float           00460462 f   lib:jidctflt.obj
 0001:0005f840       __except_handler3          00460840 f   MSVCRT:MSVCRT.dll
 0001:0005f850       __chkstk                   00460850 f   MSVCRT:chkstk.obj
 0001:0005f850       __alloca_probe             00460850 f   MSVCRT:chkstk.obj
 0001:0005f87f       ??_Etype_info@@UAEPAXI@Z   0046087f f i MSVCRT:ti_inst.obj
 0001:0005f87f       ??_Gtype_info@@UAEPAXI@Z   0046087f f i MSVCRT:ti_inst.obj
 0001:0005f89c       __CxxThrowException@8      0046089c f   MSVCRT:MSVCRT.dll
 0001:0005f8a2       _strcpy                    004608a2 f   MSVCRT:MSVCRT.dll
 0001:0005f8a8       _strlen                    004608a8 f   MSVCRT:MSVCRT.dll
 0001:0005f8ae       _strcat                    004608ae f   MSVCRT:MSVCRT.dll
 0001:0005f8b4       _strcmp                    004608b4 f   MSVCRT:MSVCRT.dll
 0001:0005f8ba       _sin                       004608ba f   MSVCRT:MSVCRT.dll
 0001:0005f8c0       _tan                       004608c0 f   MSVCRT:MSVCRT.dll
 0001:0005f8c6       _cos                       004608c6 f   MSVCRT:MSVCRT.dll
 0001:0005f8cc       __ftol                     004608cc f   MSVCRT:MSVCRT.dll
 0001:0005f8d2       _fmod                      004608d2 f   MSVCRT:MSVCRT.dll
 0001:0005f8d8       _atan2                     004608d8 f   MSVCRT:MSVCRT.dll
 0001:0005f8de       _acos                      004608de f   MSVCRT:MSVCRT.dll
 0001:0005f8e4       _sqrt                      004608e4 f   MSVCRT:MSVCRT.dll
 0001:0005f8ea       _atan                      004608ea f   MSVCRT:MSVCRT.dll
 0001:0005f8f0       _memcpy                    004608f0 f   MSVCRT:MSVCRT.dll
 0001:0005f8f6       _memset                    004608f6 f   MSVCRT:MSVCRT.dll
 0001:0005f8fc       _pow                       004608fc f   MSVCRT:MSVCRT.dll
 0001:0005f902       _asin                      00460902 f   MSVCRT:MSVCRT.dll
 0001:0005f908       _WinMainCRTStartup         00460908 f   MSVCRT:crtexew.obj
 0001:0005fa66       ??1type_info@@UAE@XZ       00460a66 f   MSVCRT:MSVCRT.dll
 0001:0005fa6c       __XcptFilter               00460a6c f   MSVCRT:MSVCRT.dll
 0001:0005fa72       __initterm                 00460a72 f   MSVCRT:MSVCRT.dll
 0001:0005fa78       __setdefaultprecision      00460a78 f   MSVCRT:fp8.obj
 0001:0005fa8a       _jpeg_mem_init             00460a8a f   MSVCRT:merr.obj
 0001:0005fa8a       __matherr                  00460a8a f   MSVCRT:merr.obj
 0001:0005fa8d       _jpeg_mem_term             00460a8d f   MSVCRT:dllargv.obj
 0001:0005fa8d       __setargv                  00460a8d f   MSVCRT:dllargv.obj
 0001:0005fa8e       __controlfp                00460a8e f   MSVCRT:MSVCRT.dll
 0002:00000000       __imp__SetDeviceGammaRamp@8 00461000     gdi32:GDI32.dll
 0002:00000004       __imp__GetDeviceGammaRamp@8 00461004     gdi32:GDI32.dll
 0002:00000008       __imp__DescribePixelFormat@16 00461008     gdi32:GDI32.dll
 0002:0000000c       __imp__SetPixelFormat@12   0046100c     gdi32:GDI32.dll
 0002:00000010       __imp__ChoosePixelFormat@8 00461010     gdi32:GDI32.dll
 0002:00000014       __imp__SwapBuffers@4       00461014     gdi32:GDI32.dll
 0002:00000018       __imp__GetDeviceCaps@8     00461018     gdi32:GDI32.dll
 0002:0000001c       \177GDI32_NULL_THUNK_DATA  0046101c     gdi32:GDI32.dll
 0002:00000020       __imp__Sleep@4             00461020     kernel32:KERNEL32.dll
 0002:00000024       __imp__FreeConsole@0       00461024     kernel32:KERNEL32.dll
 0002:00000028       __imp__GetDriveTypeA@4     00461028     kernel32:KERNEL32.dll
 0002:0000002c       __imp__SetErrorMode@4      0046102c     kernel32:KERNEL32.dll
 0002:00000030       __imp__GetStdHandle@4      00461030     kernel32:KERNEL32.dll
 0002:00000034       __imp__AllocConsole@0      00461034     kernel32:KERNEL32.dll
 0002:00000038       __imp__ReadConsoleInputA@16 00461038     kernel32:KERNEL32.dll
 0002:0000003c       __imp__VirtualFree@12      0046103c     kernel32:KERNEL32.dll
 0002:00000040       __imp__WriteFile@20        00461040     kernel32:KERNEL32.dll
 0002:00000044       __imp__SetConsoleTextAttribute@8 00461044     kernel32:KERNEL32.dll
 0002:00000048       __imp__SetPriorityClass@8  00461048     kernel32:KERNEL32.dll
 0002:0000004c       __imp__GetCurrentProcess@0 0046104c     kernel32:KERNEL32.dll
 0002:00000050       __imp__GetVersionExA@4     00461050     kernel32:KERNEL32.dll
 0002:00000054       __imp__VirtualAlloc@16     00461054     kernel32:KERNEL32.dll
 0002:00000058       __imp__LoadLibraryA@4      00461058     kernel32:KERNEL32.dll
 0002:0000005c       __imp__GetStartupInfoA@4   0046105c     kernel32:KERNEL32.dll
 0002:00000060       __imp__GetModuleHandleA@4  00461060     kernel32:KERNEL32.dll
 0002:00000064       __imp__GetProcAddress@8    00461064     kernel32:KERNEL32.dll
 0002:00000068       __imp__FreeLibrary@4       00461068     kernel32:KERNEL32.dll
 0002:0000006c       __imp__IsBadReadPtr@8      0046106c     kernel32:KERNEL32.dll
 0002:00000070       __imp__VirtualQuery@12     00461070     kernel32:KERNEL32.dll
 0002:00000074       __imp__GetNumberOfConsoleInputEvents@8 00461074     kernel32:KERNEL32.dll
 0002:00000078       __imp__GetModuleFileNameA@12 00461078     kernel32:KERNEL32.dll
 0002:0000007c       \177KERNEL32_NULL_THUNK_DATA 0046107c     kernel32:KERNEL32.dll
 0002:00000080       __imp____p__commode        00461080     MSVCRT:MSVCRT.dll
 0002:00000084       __imp___adjust_fdiv        00461084     MSVCRT:MSVCRT.dll
 0002:00000088       __imp____p__fmode          00461088     MSVCRT:MSVCRT.dll
 0002:0000008c       __imp___initterm           0046108c     MSVCRT:MSVCRT.dll
 0002:00000090       __imp____getmainargs       00461090     MSVCRT:MSVCRT.dll
 0002:00000094       __imp___acmdln             00461094     MSVCRT:MSVCRT.dll
 0002:00000098       __imp___XcptFilter         00461098     MSVCRT:MSVCRT.dll
 0002:0000009c       __imp___exit               0046109c     MSVCRT:MSVCRT.dll
 0002:000000a0       __imp_??1type_info@@UAE@XZ 004610a0     MSVCRT:MSVCRT.dll
 0002:000000a4       __imp__fflush              004610a4     MSVCRT:MSVCRT.dll
 0002:000000a8       __imp___winmajor           004610a8     MSVCRT:MSVCRT.dll
 0002:000000ac       __imp__asin                004610ac     MSVCRT:MSVCRT.dll
 0002:000000b0       __imp__pow                 004610b0     MSVCRT:MSVCRT.dll
 0002:000000b4       __imp__exit                004610b4     MSVCRT:MSVCRT.dll
 0002:000000b8       __imp___findclose          004610b8     MSVCRT:MSVCRT.dll
 0002:000000bc       __imp___findnext           004610bc     MSVCRT:MSVCRT.dll
 0002:000000c0       __imp___findfirst          004610c0     MSVCRT:MSVCRT.dll
 0002:000000c4       __imp___mkdir              004610c4     MSVCRT:MSVCRT.dll
 0002:000000c8       __imp__memset              004610c8     MSVCRT:MSVCRT.dll
 0002:000000cc       __imp__memcpy              004610cc     MSVCRT:MSVCRT.dll
 0002:000000d0       __imp__remove              004610d0     MSVCRT:MSVCRT.dll
 0002:000000d4       __imp__srand               004610d4     MSVCRT:MSVCRT.dll
 0002:000000d8       __imp__strstr              004610d8     MSVCRT:MSVCRT.dll
 0002:000000dc       __imp__memmove             004610dc     MSVCRT:MSVCRT.dll
 0002:000000e0       __imp__atan                004610e0     MSVCRT:MSVCRT.dll
 0002:000000e4       __imp__strncpy             004610e4     MSVCRT:MSVCRT.dll
 0002:000000e8       __imp__sscanf              004610e8     MSVCRT:MSVCRT.dll
 0002:000000ec       __imp__sqrt                004610ec     MSVCRT:MSVCRT.dll
 0002:000000f0       __imp____set_app_type      004610f0     MSVCRT:MSVCRT.dll
 0002:000000f4       __imp___controlfp          004610f4     MSVCRT:MSVCRT.dll
 0002:000000f8       __imp___stricmp            004610f8     MSVCRT:MSVCRT.dll
 0002:000000f8       __imp__stricmp             004610f8     MSVCRT:MSVCRT.dll
 0002:000000fc       __imp___strnicmp           004610fc     MSVCRT:MSVCRT.dll
 0002:000000fc       __imp__strnicmp            004610fc     MSVCRT:MSVCRT.dll
 0002:00000100       __imp____setusermatherr    00461100     MSVCRT:MSVCRT.dll
 0002:00000104       __imp__acos                00461104     MSVCRT:MSVCRT.dll
 0002:00000108       __imp__atan2               00461108     MSVCRT:MSVCRT.dll
 0002:0000010c       __imp__fmod                0046110c     MSVCRT:MSVCRT.dll
 0002:00000110       __imp__atof                00461110     MSVCRT:MSVCRT.dll
 0002:00000114       __imp___ftol               00461114     MSVCRT:MSVCRT.dll
 0002:00000118       __imp__cos                 00461118     MSVCRT:MSVCRT.dll
 0002:0000011c       __imp__tan                 0046111c     MSVCRT:MSVCRT.dll
 0002:00000120       __imp__rand                00461120     MSVCRT:MSVCRT.dll
 0002:00000124       __imp__sin                 00461124     MSVCRT:MSVCRT.dll
 0002:00000128       __imp__atoi                00461128     MSVCRT:MSVCRT.dll
 0002:0000012c       __imp__fwrite              0046112c     MSVCRT:MSVCRT.dll
 0002:00000130       __imp__rename              00461130     MSVCRT:MSVCRT.dll
 0002:00000134       __imp__fseek               00461134     MSVCRT:MSVCRT.dll
 0002:00000138       __imp__ftell               00461138     MSVCRT:MSVCRT.dll
 0002:0000013c       __imp___putenv             0046113c     MSVCRT:MSVCRT.dll
 0002:0000013c       __imp__putenv              0046113c     MSVCRT:MSVCRT.dll
 0002:00000140       __imp__strcmp              00461140     MSVCRT:MSVCRT.dll
 0002:00000144       __imp__time                00461144     MSVCRT:MSVCRT.dll
 0002:00000148       __imp__localtime           00461148     MSVCRT:MSVCRT.dll
 0002:0000014c       __imp__strftime            0046114c     MSVCRT:MSVCRT.dll
 0002:00000150       __imp__fprintf             00461150     MSVCRT:MSVCRT.dll
 0002:00000154       __imp__strcat              00461154     MSVCRT:MSVCRT.dll
 0002:00000158       __imp__strrchr             00461158     MSVCRT:MSVCRT.dll
 0002:0000015c       __imp__strlen              0046115c     MSVCRT:MSVCRT.dll
 0002:00000160       __imp___except_handler3    00461160     MSVCRT:MSVCRT.dll
 0002:00000164       __imp__fclose              00461164     MSVCRT:MSVCRT.dll
 0002:00000168       __imp__fread               00461168     MSVCRT:MSVCRT.dll
 0002:0000016c       __imp__fopen               0046116c     MSVCRT:MSVCRT.dll
 0002:00000170       __imp__malloc              00461170     MSVCRT:MSVCRT.dll
 0002:00000174       __imp__free                00461174     MSVCRT:MSVCRT.dll
 0002:00000178       __imp__qsort               00461178     MSVCRT:MSVCRT.dll
 0002:0000017c       __imp___vsnprintf          0046117c     MSVCRT:MSVCRT.dll
 0002:00000180       __imp___CxxThrowException@8 00461180     MSVCRT:MSVCRT.dll
 0002:00000184       __imp__strncat             00461184     MSVCRT:MSVCRT.dll
 0002:00000188       __imp__strcpy              00461188     MSVCRT:MSVCRT.dll
 0002:0000018c       __imp__strchr              0046118c     MSVCRT:MSVCRT.dll
 0002:00000190       \177MSVCRT_NULL_THUNK_DATA 00461190     MSVCRT:MSVCRT.dll
 0002:00000194       __imp__DefWindowProcA@16   00461194     user32:USER32.dll
 0002:00000198       __imp__ShowCursor@4        00461198     user32:USER32.dll
 0002:0000019c       __imp__ReleaseCapture@0    0046119c     user32:USER32.dll
 0002:000001a0       __imp__ClipCursor@4        004611a0     user32:USER32.dll
 0002:000001a4       __imp__SetCursorPos@8      004611a4     user32:USER32.dll
 0002:000001a8       __imp__GetCursorPos@4      004611a8     user32:USER32.dll
 0002:000001ac       __imp__SetCursor@4         004611ac     user32:USER32.dll
 0002:000001b0       __imp__SetCapture@4        004611b0     user32:USER32.dll
 0002:000001b4       __imp__GetWindowRect@8     004611b4     user32:USER32.dll
 0002:000001b8       __imp__GetSystemMetrics@4  004611b8     user32:USER32.dll
 0002:000001bc       __imp__DispatchMessageA@4  004611bc     user32:USER32.dll
 0002:000001c0       __imp__TranslateMessage@4  004611c0     user32:USER32.dll
 0002:000001c4       __imp__PeekMessageA@20     004611c4     user32:USER32.dll
 0002:000001c8       __imp__MessageBoxA@16      004611c8     user32:USER32.dll
 0002:000001cc       __imp__CreateWindowExA@48  004611cc     user32:USER32.dll
 0002:000001d0       __imp__RegisterClassA@4    004611d0     user32:USER32.dll
 0002:000001d4       __imp__LoadCursorA@8       004611d4     user32:USER32.dll
 0002:000001d8       __imp__LoadIconA@8         004611d8     user32:USER32.dll
 0002:000001dc       __imp__SetFocus@4          004611dc     user32:USER32.dll
[...]
 0001:0005d87e       _start_input_pass          0045e87e f   lib:jddiffct.obj
 0001:0005d8e6       _start_iMCU_row            0045e8e6 f   lib:jddiffct.obj
 0001:0005d92b       _start_output_pass         0045e92b f   lib:jddiffct.obj
 0001:0005d937       _decompress_data           0045e937 f   lib:jddiffct.obj
 0001:0005daa7       _process_restart           0045eaa7 f   lib:jddiffct.obj
 0001:00035573       _dummy_consume_data        00436573 f   vid_dll.obj
 0001:0005dadc       _consume_data              0045eadc f   lib:jddiffct.obj
 0001:0005db53       _output_data               0045eb53 f   lib:jddiffct.obj
 0001:0005d5da       _start_pass                0045e5da f   lib:jddctmgr.obj
 0001:0005ca2c       _start_pass_phuff_decoder  0045da2c f   lib:jdphuff.obj
 0001:0005cc75       _decode_mcu_DC_first       0045dc75 f   lib:jdphuff.obj
 0001:0005ce6d       _process_restart           0045de6d f   lib:jdphuff.obj
 0001:0005cedc       _decode_mcu_AC_first       0045dedc f   lib:jdphuff.obj
 0001:0005d0fc       _decode_mcu_DC_refine      0045e0fc f   lib:jdphuff.obj
 0001:0005d1d1       _decode_mcu_AC_refine      0045e1d1 f   lib:jdphuff.obj
 0001:0005c473       _start_pass_huff_decoder   0045d473 f   lib:jdshuff.obj
 0001:0005c5ab       _decode_mcu                0045d5ab f   lib:jdshuff.obj
 0001:0005c95b       _process_restart           0045d95b f   lib:jdshuff.obj
 0001:0005b85c       _start_input_pass          0045c85c f   lib:jdcoefct.obj
 0001:0005b86f       _start_iMCU_row            0045c86f f   lib:jdcoefct.obj
 0001:0005b8b4       _start_output_pass         0045c8b4 f   lib:jdcoefct.obj
 0001:0005b8f1       _decompress_onepass        0045c8f1 f   lib:jdcoefct.obj
 0001:00035573       _dummy_consume_data        00436573 f   vid_dll.obj
 0001:0005baca       _consume_data              0045caca f   lib:jdcoefct.obj
 0001:0005bc83       _decompress_data           0045cc83 f   lib:jdcoefct.obj
 0001:0005bdef       _smoothing_ok              0045cdef f   lib:jdcoefct.obj
 0001:0005beda       _decompress_smooth_data    0045ceda f   lib:jdcoefct.obj
 0001:0005b6f5       _scaler_start_pass         0045c6f5 f   lib:jcscale.obj
 0001:0005b718       _simple_downscale          0045c718 f   lib:jcscale.obj
 0001:0005b744       _noscale                   0045c744 f   lib:jcscale.obj
 0001:0005b1ed       _start_pass                0045c1ed f   lib:jcpred.obj
 0001:0005b245       _reset_predictor           0045c245 f   lib:jcpred.obj
 0001:0005b272       _jpeg_difference_first_row 0045c272 f   lib:jcpred.obj
 0001:0005b35c       _jpeg_difference1          0045c35c f   lib:jcpred.obj
 0001:0005b3ca       _jpeg_difference2          0045c3ca f   lib:jcpred.obj
 0001:0005b43b       _jpeg_difference3          0045c43b f   lib:jcpred.obj
 0001:0005b4b3       _jpeg_difference4          0045c4b3 f   lib:jcpred.obj
 0001:0005b53e       _jpeg_difference5          0045c53e f   lib:jcpred.obj
 0001:0005b5d1       _jpeg_difference6          0045c5d1 f   lib:jcpred.obj
 0001:0005b660       _jpeg_difference7          0045c660 f   lib:jcpred.obj
 0001:0005aadc       _start_pass_huff           0045badc f   lib:jclhuff.obj
 0001:0005ac79       _encode_mcus_huff          0045bc79 f   lib:jclhuff.obj
 0001:0005ae64       _emit_bits                 0045be64 f   lib:jclhuff.obj
 0001:0005af07       _dump_buffer               0045bf07 f   lib:jclhuff.obj
 0001:0005af2b       _emit_restart              0045bf2b f   lib:jclhuff.obj
 0001:0005af76       _flush_bits                0045bf76 f   lib:jclhuff.obj
 0001:0005af9a       _finish_pass_huff          0045bf9a f   lib:jclhuff.obj
 0001:0005b007       _encode_mcus_gather        0045c007 f   lib:jclhuff.obj
 0001:0005b130       _finish_pass_gather        0045c130 f   lib:jclhuff.obj
 0001:0005b1c6       _need_optimization_pass    0045c1c6 f   lib:jclhuff.obj
 0001:0005a6ba       _start_pass_diff           0045b6ba f   lib:jcdiffct.obj
 0001:0005a758       _start_iMCU_row            0045b758 f   lib:jcdiffct.obj
 0001:0005a79a       _compress_data             0045b79a f   lib:jcdiffct.obj
 0001:0005a930       _compress_first_pass       0045b930 f   lib:jcdiffct.obj
 0001:0005aa25       _compress_output           0045ba25 f   lib:jcdiffct.obj
 0001:0005a2cd       _start_pass_fdctmgr        0045b2cd f   lib:jcdctmgr.obj
 0001:0005a3cf       _forward_DCT_float         0045b3cf f   lib:jcdctmgr.obj
 0001:00059802       _start_pass_phuff          0045a802 f   lib:jcphuff.obj
 0001:0005996f       _encode_mcu_DC_first       0045a96f f   lib:jcphuff.obj
 0001:00059aa1       _emit_bits                 0045aaa1 f   lib:jcphuff.obj
 0001:00059b4c       _dump_buffer               0045ab4c f   lib:jcphuff.obj
 0001:00059b84       _emit_symbol               0045ab84 f   lib:jcphuff.obj
 0001:00059bc4       _emit_restart              0045abc4 f   lib:jcphuff.obj
 0001:00059c4d       _emit_eobrun               0045ac4d f   lib:jcphuff.obj
 0001:00059cd3       _encode_mcu_AC_first       0045acd3 f   lib:jcphuff.obj
 0001:00059e67       _encode_mcu_DC_refine      0045ae67 f   lib:jcphuff.obj
 0001:00059f21       _encode_mcu_AC_refine      0045af21 f   lib:jcphuff.obj
 0001:0005a138       _finish_pass_phuff         0045b138 f   lib:jcphuff.obj
 0001:0005a187       _finish_pass_gather_phuff  0045b187 f   lib:jcphuff.obj
 0001:0005a24a       _need_optimization_pass    0045b24a f   lib:jcphuff.obj
 0001:00058f9d       _start_pass_huff           00459f9d f   lib:jcshuff.obj
 0001:00059112       _encode_mcu_huff           0045a112 f   lib:jcshuff.obj
 0001:0005921d       _encode_one_block          0045a21d f   lib:jcshuff.obj
 0001:00059394       _emit_bits                 0045a394 f   lib:jcshuff.obj
 0001:00059437       _dump_buffer               0045a437 f   lib:jcshuff.obj
 0001:0005945b       _emit_restart              0045a45b f   lib:jcshuff.obj
 0001:000594c8       _flush_bits                0045a4c8 f   lib:jcshuff.obj
 0001:000594ec       _finish_pass_huff          0045a4ec f   lib:jcshuff.obj
 0001:0005955b       _encode_mcu_gather         0045a55b f   lib:jcshuff.obj
 0001:00059611       _htest_one_block           0045a611 f   lib:jcshuff.obj
 0001:000596d8       _finish_pass_gather        0045a6d8 f   lib:jcshuff.obj
 0001:0005b1c6       _need_optimization_pass    0045c1c6 f   lib:jclhuff.obj
 0001:00058970       _start_pass_coef           00459970 f   lib:jccoefct.obj
 0001:0005a758       _start_iMCU_row            0045b758 f   lib:jcdiffct.obj
 0001:00058a05       _compress_data             00459a05 f   lib:jccoefct.obj
 0001:00058bec       _compress_first_pass       00459bec f   lib:jccoefct.obj
 0001:00058dd2       _compress_output           00459dd2 f   lib:jccoefct.obj
 0001:00058888       _calc_output_dimensions    00459888 f   lib:jdlossls.obj
 0001:00058899       _start_input_pass          00459899 f   lib:jdlossls.obj
 0001:000585c7       _calc_output_dimensions    004595c7 f   lib:jdlossy.obj
 0001:0005873a       _start_input_pass          0045973a f   lib:jdlossy.obj
 0001:0005875a       _latch_quant_tables        0045975a f   lib:jdlossy.obj
 0001:000587f2       _start_output_pass         004597f2 f   lib:jdlossy.obj
 0001:00058516       _start_pass                00459516 f   lib:jclossls.obj
 0001:00058482       _start_pass                00459482 f   lib:jclossy.obj
 0001:000579d7       _initial_setup             004589d7 f   lib:jcmaster.obj
 0001:00057b8a       _validate_script           00458b8a f   lib:jcmaster.obj
 0001:00057f62       _prepare_for_pass          00458f62 f   lib:jcmaster.obj
 0001:000580da       _select_scan_parameters    004590da f   lib:jcmaster.obj
 0001:000581db       _per_scan_setup            004591db f   lib:jcmaster.obj
 0001:00058386       _pass_startup              00459386 f   lib:jcmaster.obj
 0001:000583ad       _finish_pass_master        004593ad f   lib:jcmaster.obj
 0001:000574c3       _rgb_ycc_start             004584c3 f   lib:jccolor.obj
 0001:00057587       _rgb_ycc_convert           00458587 f   lib:jccolor.obj
 0001:00057686       _rgb_gray_convert          00458686 f   lib:jccolor.obj
 0001:0005770b       _cmyk_ycck_convert         0045870b f   lib:jccolor.obj
 0001:00057843       _grayscale_convert         00458843 f   lib:jccolor.obj
 0001:0005789d       _null_convert              0045889d f   lib:jccolor.obj
 0001:00035599       _null_method               00436599 f   vid_dll.obj
 0001:00035599       _start_pass_downsample     00436599 f   vid_dll.obj
 0001:00056c0f       _sep_downsample            00457c0f f   lib:jcsample.obj
 0001:00056c84       _int_downsample            00457c84 f   lib:jcsample.obj
 0001:00056d7c       _expand_right_edge         00457d7c f   lib:jcsample.obj
 0001:00056dd1       _fullsize_downsample       00457dd1 f   lib:jcsample.obj
 0001:00056e15       _h2v1_downsample           00457e15 f   lib:jcsample.obj
 0001:00056ea9       _h2v2_downsample           00457ea9 f   lib:jcsample.obj
 0001:00056f56       _h2v2_smooth_downsample    00457f56 f   lib:jcsample.obj
 0001:000571ce       _fullsize_smooth_downsample 004581ce f   lib:jcsample.obj
 0001:0005660b       _start_pass_prep           0045760b f   lib:jcprepct.obj
 0001:00056649       _pre_process_data          00457649 f   lib:jcprepct.obj
 0001:000567f7       _pre_process_context       004577f7 f   lib:jcprepct.obj
 0001:000569b0       _create_context_buffer     004579b0 f   lib:jcprepct.obj
 0001:00056483       _start_pass_main           00457483 f   lib:jcmainct.obj
 0001:000564c5       _process_data_simple_main  004574c5 f   lib:jcmainct.obj
 0001:00055a59       _create_colormap           00456a59 f   lib:jquant1.obj
 0001:00055b8b       _select_ncolors            00456b8b f   lib:jquant1.obj
 0001:00055c62       _create_colorindex         00456c62 f   lib:jquant1.obj
 0001:00055d8e       _alloc_fs_workspace        00456d8e f   lib:jquant1.obj
 0001:00055dca       _start_pass_1_quant        00456dca f   lib:jquant1.obj
 0001:00055e96       _create_odither_tables     00456e96 f   lib:jquant1.obj
 0001:00055ef5       _make_odither_array        00456ef5 f   lib:jquant1.obj
 0001:00055f58       _color_quantize            00456f58 f   lib:jquant1.obj
 0001:00055fe3       _color_quantize3           00456fe3 f   lib:jquant1.obj
 0001:00056071       _quantize_ord_dither       00457071 f   lib:jquant1.obj
 0001:0005615c       _quantize3_ord_dither      0045715c f   lib:jquant1.obj
 0001:0005625c       _quantize_fs_dither        0045725c f   lib:jquant1.obj
 0001:00035599       _finish_pass_1_quant       00436599 f   vid_dll.obj
 0001:000563e0       _new_color_map_1_quant     004573e0 f   lib:jquant1.obj
 0001:00054a1a       _init_error_limit          00455a1a f   lib:jquant2.obj
 0001:00054ab9       _start_pass_2_quant        00455ab9 f   lib:jquant2.obj
 0001:00054bbb       _prescan_quantize          00455bbb f   lib:jquant2.obj
 0001:00054c2a       _pass2_no_dither           00455c2a f   lib:jquant2.obj
 0001:00054cd7       _fill_inverse_cmap         00455cd7 f   lib:jquant2.obj
 0001:00054da2       _find_nearby_colors        00455da2 f   lib:jquant2.obj
 0001:00054f46       _find_best_colors          00455f46 f   lib:jquant2.obj
 0001:00055060       _pass2_fs_dither           00456060 f   lib:jquant2.obj
 0001:000552cf       _finish_pass1              004562cf f   lib:jquant2.obj
 0001:000552f1       _select_colors             004562f1 f   lib:jquant2.obj
 0001:0005537d       _update_box                0045637d f   lib:jquant2.obj
 0001:00055717       _median_cut                00456717 f   lib:jquant2.obj
 0001:0005582b       _find_biggest_color_pop    0045682b f   lib:jquant2.obj
 0001:0005585a       _find_biggest_volume       0045685a f   lib:jquant2.obj
 0001:00055883       _compute_color             00456883 f   lib:jquant2.obj
 0001:00035599       _finish_pass2              00436599 f   vid_dll.obj
 0001:000559bf       _new_color_map_2_quant     004569bf f   lib:jquant2.obj
 0001:00054431       _build_ycc_rgb_table       00455431 f   lib:jdmerge.obj
 0001:000544e1       _start_pass_merged_upsample 004554e1 f   lib:jdmerge.obj
 0001:000544f6       _merged_2v_upsample        004554f6 f   lib:jdmerge.obj
 0001:0005459d       _merged_1v_upsample        0045559d f   lib:jdmerge.obj
 0001:000545ce       _h2v1_merged_upsample      004555ce f   lib:jdmerge.obj
 0001:00054724       _h2v2_merged_upsample      00455724 f   lib:jdmerge.obj
 0001:00053fd5       _build_ycc_rgb_table       00454fd5 f   lib:jdcolor.obj
 0001:00054085       _ycc_rgb_convert           00455085 f   lib:jdcolor.obj
 0001:00054193       _null_convert              00455193 f   lib:jdcolor.obj
 0001:0005420b       _grayscale_convert         0045520b f   lib:jdcolor.obj
 0001:0005422e       _gray_rgb_convert          0045522e f   lib:jdcolor.obj
 0001:00054287       _ycck_cmyk_convert         00455287 f   lib:jdcolor.obj
 0001:00035599       _start_pass_dcolor         00436599 f   vid_dll.obj
 0001:00053a36       _start_pass_upsample       00454a36 f   lib:jdsample.obj
 0001:00053a50       _sep_upsample              00454a50 f   lib:jdsample.obj
 0001:00053b1d       _fullsize_upsample         00454b1d f   lib:jdsample.obj
 0001:00053b28       _noop_upsample             00454b28 f   lib:jdsample.obj
 0001:00053b30       _int_upsample              00454b30 f   lib:jdsample.obj
 0001:00053c1a       _h2v1_upsample             00454c1a f   lib:jdsample.obj
 0001:00053c71       _h2v2_upsample             00454c71 f   lib:jdsample.obj
 0001:00053ce3       _h2v1_fancy_upsample       00454ce3 f   lib:jdsample.obj
 0001:00053d86       _h2v2_fancy_upsample       00454d86 f   lib:jdsample.obj
 0001:0005363f       _start_pass_dpost          0045463f f   lib:jdpostct.obj
 0001:000536e5       _post_process_1pass        004546e5 f   lib:jdpostct.obj
 0001:0005374a       _post_process_prepass      0045474a f   lib:jdpostct.obj
 0001:000537db       _post_process_2pass        004547db f   lib:jdpostct.obj
 0001:00053046       _alloc_funny_pointers      00454046 f   lib:jdmainct.obj
 0001:000530f3       _start_pass_main           004540f3 f   lib:jdmainct.obj
 0001:0005315b       _make_funny_pointers       0045415b f   lib:jdmainct.obj
 0001:0005329b       _process_data_simple_main  0045429b f   lib:jdmainct.obj
 0001:00053303       _process_data_context_main 00454303 f   lib:jdmainct.obj
 0001:00053415       _set_wraparound_pointers   00454415 f   lib:jdmainct.obj
 0001:000534ff       _set_bottom_pointers       004544ff f   lib:jdmainct.obj
 0001:00053599       _process_data_crank_post   00454599 f   lib:jdmainct.obj
 0001:00051db8       _write_marker_header       00452db8 f   lib:jcmarker.obj
 0001:00051e0e       _emit_byte                 00452e0e f   lib:jcmarker.obj
 0001:00051e3f       _write_marker_byte         00452e3f f   lib:jcmarker.obj
 0001:00051e4f       _write_file_header         00452e4f f   lib:jcmarker.obj
 0001:00051e9b       _emit_jfif_app0            00452e9b f   lib:jcmarker.obj
 0001:00051f6e       _emit_adobe_app14          00452f6e f   lib:jcmarker.obj
 0001:00052014       _write_frame_header        00453014 f   lib:jcmarker.obj
 0001:000520f3       _emit_dqt                  004530f3 f   lib:jcmarker.obj
 0001:000521e2       _emit_sof                  004531e2 f   lib:jcmarker.obj
 0001:000522be       _write_scan_header         004532be f   lib:jcmarker.obj
 0001:0005237e       _emit_dht                  0045337e f   lib:jcmarker.obj
 0001:00052457       _emit_dri                  00453457 f   lib:jcmarker.obj
 0001:000524a6       _emit_sos                  004534a6 f   lib:jcmarker.obj
 0001:00052594       _write_file_trailer        00453594 f   lib:jcmarker.obj
 0001:000525b4       _write_tables_only         004535b4 f   lib:jcmarker.obj
 0001:0005190d       _use_merged_upsample       0045290d f   lib:jdmaster.obj
 0001:000519b3       _master_selection          004529b3 f   lib:jdmaster.obj
 0001:00051b10       _prepare_range_limit_table 00452b10 f   lib:jdmaster.obj
 0001:00051b96       _prepare_for_output_pass   00452b96 f   lib:jdmaster.obj
 0001:00051cb7       _finish_output_pass        00452cb7 f   lib:jdmaster.obj
 0001:00050d84       _alloc_small               00451d84 f   lib:jmemmgr.obj
 0001:00050ea2       _alloc_large               00451ea2 f   lib:jmemmgr.obj
 0001:00050f53       _alloc_sarray              00451f53 f   lib:jmemmgr.obj
 0001:00050feb       _alloc_barray              00451feb f   lib:jmemmgr.obj
 0001:0005108f       _alloc_darray              0045208f f   lib:jmemmgr.obj
 0001:0005113a       _request_virt_sarray       0045213a f   lib:jmemmgr.obj
 0001:0005119b       _request_virt_barray       0045219b f   lib:jmemmgr.obj
 0001:000511fc       _realize_virt_arrays       004521fc f   lib:jmemmgr.obj
 0001:0005137f       _access_virt_sarray        0045237f f   lib:jmemmgr.obj
 0001:0005149f       _do_sarray_io              0045249f f   lib:jmemmgr.obj
 0001:0005152f       _access_virt_barray        0045252f f   lib:jmemmgr.obj
 0001:00051654       _do_barray_io              00452654 f   lib:jmemmgr.obj
 0001:000516e5       _free_pool                 004526e5 f   lib:jmemmgr.obj
 0001:000517cc       _self_destruct             004527cc f   lib:jmemmgr.obj
 0001:0005081e       _start_input_pass          0045181e f   lib:jdinput.obj
 0001:0005084c       _per_scan_setup            0045184c f   lib:jdinput.obj
 0001:000509d2       _finish_input_pass         004519d2 f   lib:jdinput.obj
 0001:000509e3       _consume_markers           004519e3 f   lib:jdinput.obj
 0001:00050a7f       _initial_setup             00451a7f f   lib:jdinput.obj
 0001:00050c89       _reset_input_controller    00451c89 f   lib:jdinput.obj
 0001:000505d7       _fixedtables               004515d7 f   lib:inflate.obj
 0001:000506c1       _updatewindow              004516c1 f   lib:inflate.obj
 0001:0004f037       _make_crc_table            00450037 f   lib:crc32.obj
 0001:0004f163       _crc32_little              00450163 f   lib:crc32.obj
 0001:0004ef73       _init_destination          0044ff73 f   lib:jdatadst.obj
 0001:0004ef99       _empty_output_buffer       0044ff99 f   lib:jdatadst.obj
 0001:0004efdb       _term_destination          0044ffdb f   lib:jdatadst.obj
 0001:0004eafa       _std_huff_tables           0044fafa f   lib:jcparam.obj
 0001:0004eb54       _add_huff_table            0044fb54 f   lib:jcparam.obj
 0001:0004d047       _next_marker               0044e047 f   lib:jdmarker.obj
 0001:0004d181       _get_interesting_appn      0044e181 f   lib:jdmarker.obj
 0001:0004d2ac       _examine_app0              0044e2ac f   lib:jdmarker.obj
 0001:0004d4ba       _examine_app14             0044e4ba f   lib:jdmarker.obj
 0001:0004d57b       _skip_variable             0044e57b f   lib:jdmarker.obj
 0001:0004d61e       _read_markers              0044e61e f   lib:jdmarker.obj
 0001:0004d826       _get_soi                   0044e826 f   lib:jdmarker.obj
 0001:0004d8d1       _get_sof                   0044e8d1 f   lib:jdmarker.obj
 0001:0004dbda       _get_sos                   0044ebda f   lib:jdmarker.obj
 0001:0004dec8       _get_dht                   0044eec8 f   lib:jdmarker.obj
 0001:0004e169       _get_dqt                   0044f169 f   lib:jdmarker.obj
 0001:0004e3c5       _get_dri                   0044f3c5 f   lib:jdmarker.obj
 0001:0004e4a4       _first_marker              0044f4a4 f   lib:jdmarker.obj
 0001:0004e540       _read_restart_marker       0044f540 f   lib:jdmarker.obj
 0001:0004e5be       _reset_marker_reader       0044f5be f   lib:jdmarker.obj
 0001:0004ce2b       _output_pass_setup         0044de2b f   lib:jdapistd.obj
 0001:0004cb1e       _default_decompress_parms  0044db1e f   lib:jdapimin.obj

 125 bytes saved through ICF

