 Quake2

 Timestamp is 46489fa9 (Mon May 14 21:43:05 2007)

 Preferred load address is 00400000

 Start         Length     Name                   Class
 0001:00000000 0006a120H .text                   CODE
 0002:00000000 00000290H .idata$5                DATA
 0002:00000290 000077a4H .rdata                  DATA
 0002:00007a38 00000044H .rdata$r                DATA
 0002:00007a80 00000038H .xdata$x                DATA
 0002:00007ab8 00000078H .idata$2                DATA
 0002:00007b30 00000014H .idata$3                DATA
 0002:00007b44 00000290H .idata$4                DATA
 0002:00007dd4 00000858H .idata$6                DATA
 0002:0000862c 00000000H .edata                  DATA
 0003:00000000 00000004H .CRT$XCA                DATA
 0003:00000004 0000008cH .CRT$XCU                DATA
 0003:00000090 00000004H .CRT$XCZ                DATA
 0003:00000094 00000004H .CRT$XIA                DATA
 0003:00000098 00000004H .CRT$XIZ                DATA
 0003:000000a0 0000eadcH .data                   DATA
 0003:0000eb80 00460b60H .bss                    DATA
 0004:00000000 00000130H .rsrc$01                DATA
 0004:00000130 00003f20H .rsrc$02                DATA

  Address         Publics by Value              Rva+Base     Lib:Object

 0001:00000000       ??3@YAXPAX@Z               00401000 f i CoreMain.obj
 0001:0000000e       ?appTimestamp@@YAPBDXZ     0040100e f   CoreMain.obj
 0001:00000043       ?appInit@@YAXXZ            00401043 f   CoreMain.obj
 0001:000000c3       ?appExit@@YAXXZ            004010c3 f   CoreMain.obj
 0001:000000cd       ?appMilliseconds@@YAIXZ    004010cd f   CoreWin32.obj
 0001:000000d3       ?appPackage@@YAPBDXZ       004010d3 f   CoreWin32.obj
 0001:0000012a       ?appGetSystemErrorMessage@@YAPBDI@Z 0040112a f   CoreWin32.obj
 0001:0000018e       ?appDisplayError@@YAXXZ    0040118e f   CoreWin32.obj
 0001:000001df       ?appInitPlatform@@YAXXZ    004011df f   CoreWin32.obj
 0001:00000372       ?appShutdownPlatform@@YAXXZ 00401372 f   CoreWin32.obj
 0001:0000037b       ?sprintf@?$TString@$0BAA@@@QAAHPBDZZ 0040137b f i CoreWin32.obj
 0001:000003a2       ?appDetectCPU@@YAXXZ       004013a2 f   CoreCpuid.obj
 0001:00000656       ?appLoadDebugSymbols@@YAXXZ 00401656 f   DbgSymbols.obj
 0001:00000813       ?appSymbolName@@YA_NIPADH@Z 00401813 f   DbgSymbols.obj
 0001:00000909       ?appSymbolName@@YAPBDI@Z   00401909 f   DbgSymbols.obj
 0001:00000941       ?osGetAddressPackage@@YA_NIPADHAAH@Z 00401941 f   DbgSymbolsWin32.obj
 0001:000009d5       ?osGetAddressSymbol@@YA_NIPADHAAH@Z 004019d5 f   DbgSymbolsWin32.obj
 0001:00000b7b       ?appMalloc@@YAPAXIH@Z      00401b7b f   Memory.obj
 0001:00000c80       ?appFree@@YAXPAX@Z         00401c80 f   Memory.obj
 0001:00000cff       ?Unlink@FMemHeader@@QAEXXZ 00401cff f i Memory.obj
 0001:00000d2a       ?Link@CMemoryChain@@AAEXXZ 00401d2a f   Memory.obj
 0001:00000d49       ?Unlink@CMemoryChain@@AAEXXZ 00401d49 f   Memory.obj
 0001:00000d74       ??2CMemoryChain@@SAPAXIH@Z 00401d74 f   Memory.obj
 0001:00000e3d       ??3CMemoryChain@@SAXPAX@Z  00401e3d f   Memory.obj
 0001:00000ebe       ?Alloc@CMemoryChain@@QAEPAXIH@Z 00401ebe f   Memory.obj
 0001:00000f8a       ?GetSize@CMemoryChain@@QAEHXZ 00401f8a f   Memory.obj
 0001:00000f98       ?BuildAllocatorsTable@@YAHPAXH@Z 00401f98 f   Memory.obj
 0001:00001105       ?appInitMemory@@YAXXZ      00402105 f   Memory.obj
 0001:000014ed       ?Tesselate@surfaceNull_t@OpenGLDrv@@UAEXAAUrefEntity_t@2@@Z 004024ed f i OutputDevice.obj
 0001:000014ed       ?Write@COutputDeviceNull@@UAEXPBD@Z 004024ed f i OutputDevice.obj
 0001:00001507       ??_ECOutputDeviceNull@@UAEPAXI@Z 00402507 f i OutputDevice.obj
 0001:00001507       ??_ECOutputDevice@@UAEPAXI@Z 00402507 f i OutputDevice.obj
 0001:00001507       ??_GCOutputDeviceNull@@UAEPAXI@Z 00402507 f i OutputDevice.obj
 0001:00001507       ??_GCOutputDevice@@UAEPAXI@Z 00402507 f i OutputDevice.obj
 0001:0000154a       ?Write@COutputDeviceLog@@UAEXPBD@Z 0040254a f i OutputDevice.obj
 0001:00001595       ??_GCOutputDeviceLog@@UAEPAXI@Z 00402595 f i OutputDevice.obj
 0001:00001595       ??_ECOutputDeviceLog@@UAEPAXI@Z 00402595 f i OutputDevice.obj
 0001:000015b5       ?Printf@COutputDevice@@QAAXPBDZZ 004025b5 f   OutputDevice.obj
 0001:00001626       ?Register@COutputDevice@@QAEXXZ 00402626 f   OutputDevice.obj
 0001:00001682       ?Unregister@COutputDevice@@QAEXXZ 00402682 f   OutputDevice.obj
 0001:000016d5       ?appPrintf@@YAXPBDZZ       004026d5 f   OutputDevice.obj
 0001:0000180c       ?appWPrintf@@YAXPBDZZ      0040280c f   OutputDevice.obj
 0001:0000186f       ??0COutputDeviceMemTail@@QAE@H@Z 0040286f f i ErrorMgr.obj
 0001:000018a0       ?Write@COutputDeviceMemTail@@UAEXPBD@Z 004028a0 f i ErrorMgr.obj
 0001:000019bc       ??_ECOutputDeviceMemTail@@UAEPAXI@Z 004029bc f i ErrorMgr.obj
 0001:000019bc       ??_GCOutputDeviceMemTail@@UAEPAXI@Z 004029bc f i ErrorMgr.obj
 0001:000019db       ??1COutputDeviceMemTail@@UAE@XZ 004029db f i ErrorMgr.obj
 0001:00001a24       ??0COutputDeviceFile@@QAE@XZ 00402a24 f i ErrorMgr.obj
 0001:00001a39       ?Write@COutputDeviceFile@@UAEXPBD@Z 00402a39 f i ErrorMgr.obj
 0001:00001a90       ?Flush@COutputDeviceFile@@UAEXXZ 00402a90 f i ErrorMgr.obj
 0001:00001aa0       ?Close@COutputDeviceFile@@UAEXXZ 00402aa0 f i ErrorMgr.obj
 0001:00001ab8       ??_GCOutputDeviceFile@@UAEPAXI@Z 00402ab8 f i ErrorMgr.obj
 0001:00001ab8       ??_ECOutputDeviceFile@@UAEPAXI@Z 00402ab8 f i ErrorMgr.obj
 0001:00001ad7       ??1COutputDeviceFile@@UAE@XZ 00402ad7 f i ErrorMgr.obj
 0001:00001b16       ?appBeginError@@YAPAVCOutputDevice@@PBD@Z 00402b16 f   ErrorMgr.obj
 0001:00001be0       ?appGetErrorLog@@YAPAVCOutputDevice@@XZ 00402be0 f   ErrorMgr.obj
 0001:00001c4b       ?Open@COutputDeviceFile@@QAEXPBD_N@Z 00402c4b f i ErrorMgr.obj
 0001:00001c91       ?appFatalError@@YAXPBDZZ   00402c91 f   ErrorMgr.obj
 0001:00001ce7       ?appNonFatalError@@YAXPBDZZ 00402ce7 f   ErrorMgr.obj
 0001:00001d49       ?appUnwindPrefix@@YAXPBD@Z 00402d49 f   ErrorMgr.obj
 0001:00001dfb       ?appUnwindThrow@@YAXPBDZZ  00402dfb f   ErrorMgr.obj
 0001:00001e71       ?Reset@CErrorHandler@@QAEXXZ 00402e71 f   ErrorMgr.obj
 0001:00001ea1       ?appInitError@@YAXXZ       00402ea1 f   ErrorMgr.obj
 0001:00001f96       ?appShutdownError@@YAXXZ   00402f96 f   ErrorMgr.obj
 0001:00002020       ?GetTail@COutputDeviceMemTail@@QAEPBDH@Z 00403020 f i ErrorMgr.obj
 0001:00002046       ?sprintf@?$TString@$0CAA@@@QAAHPBDZZ 00403046 f i ErrorMgr.obj
 0001:0000206d       ?win32ExceptFilter@@YGJPAU_EXCEPTION_POINTERS@@@Z 0040306d f   ExceptHandlerWin32.obj
 0001:00002210       ?win32ExceptFilter2@@YAIXZ 00403210 f   ExceptHandlerWin32.obj
 0001:00002219       ?sprintf@?$TString@$0EAA@@@QAAHPBDZZ 00403219 f i ExceptHandlerWin32.obj
 0001:00002240       ?DumpRegs@@YAXPAVCOutputDevice@@PAU_CONTEXT@@@Z 00403240 f   ExceptDumpers.obj
 0001:00002351       ?DumpMem@@YAXPAVCOutputDevice@@PBIPAU_CONTEXT@@@Z 00403351 f   ExceptDumpers.obj
 0001:00002590       ?UnwindEbpFrame@@YAXPAVCOutputDevice@@PBI@Z 00403590 f   ExceptDumpers.obj
 0001:00002621       ?GetLine@CSimpleParser@@QAEPBDXZ 00403621 f   ScriptParser.obj
 0001:00002738       ?SkipBraces@CSimpleParser@@QAEPBDXZ 00403738 f   ScriptParser.obj
 0001:0000276e       ?appStricmp@@YAHPBD0@Z     0040376e f   Strings.obj
 0001:000027a5       ?toLower@@YADD@Z           004037a5 f i Strings.obj
 0001:000027c0       ?appStrncpylwr@@YAXPADPBDH@Z 004037c0 f   Strings.obj
 0001:000027f8       ?appStrncpyz@@YAXPADPBDH@Z 004037f8 f   Strings.obj
 0001:00002825       ?appStrcatn@@YAXPADHPBD@Z  00403825 f   Strings.obj
 0001:00002851       ?appCopyFilename@@YAXPADPBDH@Z 00403851 f   Strings.obj
 0001:00002979       ?appCStrlen@@YAHPBD@Z      00403979 f   Strings.obj
 0001:000029a1       ?appUncolorizeString@@YAXPADPBD@Z 004039a1 f   Strings.obj
 0001:000029d3       ?va@@YAPBDPBDZZ            004039d3 f   Strings.obj
 0001:00002ac7       ?appSprintf@@YAHPADHPBDZZ  00403ac7 f   Strings.obj
 0001:00002b66       ?appMatchWildcard@@YA_NPBD0_N@Z 00403b66 f   Strings.obj
 0001:00002daa       ?appIsWildcard@@YA_NPBD@Z  00403daa f   Strings.obj
 0001:00002dd6       ?appStrdup@@YAPADPBD@Z     00403dd6 f   Strings.obj
 0001:00002e17       ?appStrdup@@YAPADPBDPAVCMemoryChain@@@Z 00403e17 f   Strings.obj
 0001:00002e4c       ??0CStringItem@@QAE@XZ     00403e4c f   Strings.obj
 0001:00002e57       ??2CStringItem@@SAPAXIPBD@Z 00403e57 f   Strings.obj
 0001:00002ef1       ??2CStringItem@@SAPAXIPBDPAVCMemoryChain@@@Z 00403ef1 f   Strings.obj
 0001:00002f66       ?Find@CStringList@@IAEPAVCStringItem@@PBDPAPAV2@@Z 00403f66 f   Strings.obj
 0001:00002ff1       ?Find@CStringList@@IAEPAVCStringItem@@H@Z 00403ff1 f   Strings.obj
 0001:0000305d       ?IndexOf@CStringList@@QAEHPBD@Z 0040405d f   Strings.obj
 0001:000030df       ?Remove@CStringList@@QAE_NPAVCStringItem@@@Z 004040df f   Strings.obj
 0001:00003163       ?Add@CTextContainer@@QAEPAUCTextRec@@PBD@Z 00404163 f   TextContainer.obj
 0001:0000320f       ?Enumerate@CTextContainer@@QAEXP6AXPBUCTextRec@@@Z@Z 0040420f f   TextContainer.obj
 0001:0000327b       ?SubtractPath@@YAPBDPBD0@Z 0040427b f   FileSystem.obj
 0001:00003313       ?appMakeDirectoryForFile@@YAXPBD@Z 00404313 f   FileSystem.obj
 0001:00003349       ?appOpenFile@@YAPAVCFile@@PBD@Z 00404349 f   FileSystem.obj
 0001:00003386       ?Read@CFileOS@@UAEHPAXH@Z  00404386 f i FileSystem.obj
 0001:000033ad       ?GetSize@CFileOS@@UAEHXZ   004043ad f i FileSystem.obj
 0001:000033f8       ?Eof@CFileOS@@UAE_NXZ      004043f8 f i FileSystem.obj
 0001:0000340c       ??_GCFileOS@@UAEPAXI@Z     0040440c f i FileSystem.obj
 0001:0000340c       ??_ECFileOS@@UAEPAXI@Z     0040440c f i FileSystem.obj
 0001:00003441       ??_ECFile@@UAEPAXI@Z       00404441 f i FileSystem.obj
 0001:00003441       ??_GCFile@@UAEPAXI@Z       00404441 f i FileSystem.obj
 0001:00003461       ?ReadByte@CFile@@QAEEXZ    00404461 f   FileSystem.obj
 0001:00003479       ?ReadInt@CFile@@QAEHXZ     00404479 f   FileSystem.obj
 0001:00003491       ?ReadString@CFile@@QAEXPADH@Z 00404491 f   FileSystem.obj
 0001:000034ce       ?GetType@CFileContainer@@MAEPBDXZ 004044ce f   FileSystem.obj
 0001:000034d4       ?Mount@CFileSystem@@QAEXAAVCFileContainer@@PBD@Z 004044d4 f   FileSystem.obj
 0001:0000352a       ?Umount@CFileSystem@@QAEXAAVCFileContainer@@@Z 0040452a f   FileSystem.obj
 0001:00003564       ?MountDirectory@CFileSystem@@QAEPAVCFileContainer@@PBD0@Z 00404564 f   FileSystem.obj
 0001:000035a9       ?GetType@CFileContainerOS@@MAEPBDXZ 004045a9 f i FileSystem.obj
 0001:000035af       ?FileExists@CFileContainerOS@@UAE_NPBD@Z 004045af f i FileSystem.obj
 0001:000035d9       ?OpenFile@CFileContainerOS@@UAEPAVCFile@@PBD@Z 004045d9 f i FileSystem.obj
 0001:000035f9       ?List@CFileContainerOS@@UAEXAAVCFileList@@PBDI@Z 004045f9 f i FileSystem.obj
 0001:00003622       ??_ECFileContainerOS@@UAEPAXI@Z 00404622 f i FileSystem.obj
 0001:00003622       ??_GCFileContainerOS@@UAEPAXI@Z 00404622 f i FileSystem.obj
 0001:00003642       ??_ECFileContainer@@UAEPAXI@Z 00404642 f i FileSystem.obj
 0001:00003642       ??_GCFileContainer@@UAEPAXI@Z 00404642 f i FileSystem.obj
 0001:00003662       ?MountArchive@CFileSystem@@QAEPAVCFileContainer@@PBD0@Z 00404662 f   FileSystem.obj
 0001:00003779       ?Mount@CFileSystem@@QAEXPBD0@Z 00404779 f   FileSystem.obj
 0001:000039aa       ?Umount@CFileSystem@@QAEXPBD@Z 004049aa f   FileSystem.obj
 0001:00003a46       ?List@CFileSystem@@UAEPAVCFileList@@PBDIPAV2@@Z 00404a46 f   FileSystem.obj
 0001:00003c00       ?RegisterFormat@CFileSystem@@SAXP6APAVCFileContainer@@PBDPAU_iobuf@@@Z@Z 00404c00 f   FileSystem.obj
 0001:00003c44       ?FileExists@CFileSystem@@UAE_NPBDI@Z 00404c44 f   FileSystem.obj
 0001:00003cc3       ?OpenFile@CFileSystem@@UAEPAVCFile@@PBDI@Z 00404cc3 f   FileSystem.obj
 0001:00003d67       ?LoadFile@CFileSystem@@QAEPAXPBDPAI@Z 00404d67 f   FileSystem.obj
 0001:00003e37       ?cMount@@YAX_NHPAPAD@Z     00404e37 f   FileSystem.obj
 0001:00003f75       ?cUmount@@YAX_NHPAPAD@Z    00404f75 f   FileSystem.obj
 0001:00003fa4       ?appInitFileSystem@@YAXAAVCFileSystem@@@Z 00404fa4 f   FileSystem.obj
 0001:00004398       ?appListDirectory@@YAXPBDAAVCFileList@@I@Z 00405398 f   FileSystemWin32.obj
 0001:000045de       ?appMakeDirectory@@YAXPBD@Z 004055de f   FileSystemWin32.obj
 0001:00004648       ?appFileType@@YAIPBD@Z     00405648 f   FileSystemWin32.obj
 0001:00004688       ?FindDir@CFileContainerArc@@IAEPAVFDirInfo@1@PBD_N@Z 00405688 f   FileContainerArc.obj
 0001:00004741       ?FindFile@CFileContainerArc@@IAEPAVCStringItem@@PBD@Z 00405741 f   FileContainerArc.obj
 0001:000047ab       ?FileExists@CFileContainerArc@@UAE_NPBD@Z 004057ab f   FileContainerArc.obj
 0001:000047c0       ?OpenFile@CFileContainerArc@@UAEPAVCFile@@PBD@Z 004057c0 f   FileContainerArc.obj
 0001:000047df       ?List@CFileContainerArc@@UAEXAAVCFileList@@PBDI@Z 004057df f   FileContainerArc.obj
 0001:0000494a       ??E?$TStringSplitter@$0BAA@$0CP@@@QAEXXZ 0040594a f i FileContainerArc.obj
 0001:000049cc       ?GetLength@CVec3@@QAEMXZ   004059cc f   Math3D.obj
 0001:000049f7       ?Normalize@CVec3@@QAEMXZ   004059f7 f   Math3D.obj
 0001:00004a49       ?VectorNormalize@@YAMABUCVec3@@AAU1@@Z 00405a49 f   Math3D.obj
 0001:00004ab3       ?NormalizeFast@CVec3@@QAEMXZ 00405ab3 f   Math3D.obj
 0001:00004b04       ?FindAxisVectors@CVec3@@QBEXAAU1@0@Z 00405b04 f   Math3D.obj
 0001:00004b74       ?cross@@YAXABUCVec3@@0AAU1@@Z 00405b74 f   Math3D.obj
 0001:00004bb0       ?VectorDistance@@YAMABUCVec3@@0@Z 00405bb0 f   Math3D.obj
 0001:00004bdf       ?Setup@CPlane@@QAEXXZ      00405bdf f   Math3D.obj
 0001:00004c8d       ?Clear@CBox@@QAEXXZ        00405c8d f   Math3D.obj
 0001:00004cab       ?Expand@CBox@@QAEXABUCVec3@@@Z 00405cab f   Math3D.obj
 0001:00004cdd       ?Expand@CBox@@QAEXABU1@@Z  00405cdd f   Math3D.obj
 0001:00004d1c       ?GetCenter@CBox@@QBEXAAUCVec3@@@Z 00405d1c f   Math3D.obj
 0001:00004d3f       ?Contains@CBox@@QBE_NABUCVec3@@@Z 00405d3f f   Math3D.obj
 0001:00004d73       ?Intersects@CBox@@QBE_NABU1@@Z 00405d73 f   Math3D.obj
 0001:00004db2       ?OnPlaneSide@CBox@@QBEHABUCPlane@@@Z 00405db2 f   Math3D.obj
 0001:00004ee1       ?FromEuler@CAxis@@QAEXABUCVec3@@@Z 00405ee1 f   Math3D.obj
 0001:00004f20       ?TransformVector@CAxis@@QBEXABUCVec3@@AAU2@@Z 00405f20 f   Math3D.obj
 0001:00004f73       ?UnTransformVector@CAxis@@QBEXABUCVec3@@AAU2@@Z 00405f73 f   Math3D.obj
 0001:00004fd7       ?TransformAxis@CAxis@@QBEXABU1@AAU1@@Z 00405fd7 f   Math3D.obj
 0001:0000501d       ?UnTransformAxis@CAxis@@QBEXABU1@AAU1@@Z 0040601d f   Math3D.obj
 0001:00005063       ?TransformPoint@CCoords@@QBEXABUCVec3@@AAU2@@Z 00406063 f   Math3D.obj
 0001:000050c3       ?UnTransformPoint@CCoords@@QBEXABUCVec3@@AAU2@@Z 004060c3 f   Math3D.obj
 0001:00005130       ?UnTransformCoords@CCoords@@QBEXABU1@AAU1@@Z 00406130 f   Math3D.obj
 0001:0000515c       ?TransformPlane@CCoords@@QBEXABUCPlane@@AAU2@@Z 0040615c f   Math3D.obj
 0001:00005196       ?TransformPoint@@YAXABUCVec3@@ABUCAxis@@0AAU1@@Z 00406196 f   Math3D.obj
 0001:000051f9       ?UnTransformPoint@@YAXABUCVec3@@ABUCAxis@@0AAU1@@Z 004061f9 f   Math3D.obj
 0001:00005269       ?Euler2Vecs@@YAXABUCVec3@@PAU1@11@Z 00406269 f   Math3D.obj
 0001:000053c9       ?Vec2Euler@@YAXABUCVec3@@AAU1@@Z 004063c9 f   Math3D.obj
 0001:000054cb       ?Vec2Yaw@@YAMABUCVec3@@@Z  004064cb f   Math3D.obj
 0001:0000553e       ?appRsqrt@@YAMM@Z          0040653e f   MathMisc.obj
 0001:0000556a       ?NormalizeColor@@YAMABUCVec3@@AAU1@@Z 0040656a f   MathMisc.obj
 0001:000055c8       ?NormalizeColor255@@YAMABUCVec3@@AAU1@@Z 004065c8 f   MathMisc.obj
 0001:0000562a       ?SCR_StopCinematic@@YAXXZ  0040662a f   cl_cin.obj
 0001:000056be       ?SCR_DrawCinematic@@YA_NXZ 004066be f   cl_cin.obj
 0001:00005ab5       ?SCR_PlayCinematic@@YAXPBD@Z 00406ab5 f   cl_cin.obj
 0001:00005e0c       ?sprintf@?$TString@$0EA@@@QAAHPBDZZ 00406e0c f i cl_cin.obj
 0001:00005e2d       ?CL_Download_f@@YAX_NHPAPAD@Z 00406e2d f   cl_download.obj
 0001:000061da       ?CL_ParseDownload@@YAXXZ   004071da f   cl_download.obj
 0001:00006a09       ?CL_Precache_f@@YAXHPAPAD@Z 00407a09 f   cl_download.obj
 0001:00006a64       ?sprintf@?$TString@$0IA@@@QAAHPBDZZ 00407a64 f i cl_download.obj
 0001:00006a88       ?CL_ParseDelta@@YAXPAUclEntityState_t@@0HI_N@Z 00407a88 f   cl_ents.obj
 0001:00006c08       ?CL_ParseFrame@@YAXXZ      00407c08 f   cl_ents.obj
 0001:000072bd       ?CL_AddEntityBox@@YAXPAUclEntityState_t@@I@Z 004082bd f   cl_ents.obj
 0001:000073c1       ?Lerp@@YAXABUCVec3@@0MAAU1@@Z 004083c1 f i cl_ents.obj
 0001:000073f8       ?OffsetThirdPersonView@@YAXXZ 004083f8 f   cl_ents.obj
 0001:000074e0       ?CL_AddEntities@@YAXXZ     004084e0 f   cl_ents.obj
 0001:00008421       ?CL_ClearLightStyles@@YAXXZ 00409421 f   cl_fx.obj
 0001:000084a3       ?CL_SetLightstyle@@YAXHPBD@Z 004094a3 f   cl_fx.obj
 0001:00008504       ?CL_AllocDlight@@YAPAUcdlight_t@@HABUCVec3@@@Z 00409504 f   cl_fx.obj
 0001:0000856f       ?CL_AllocParticleTrace@@YAPAUparticleTrace_t@@ABUCVec3@@0MM@Z 0040956f f   cl_fx.obj
 0001:000085fe       ?CL_AllocParticleBeam@@YAPAUbeam_t@@ABUCVec3@@0MM@Z 004095fe f   cl_fx.obj
 0001:00008673       ?CL_AllocParticle@@YAPAUparticle_t@@XZ 00409673 f   cl_fx.obj
 0001:000086c6       ?CL_MetalSparks@@YAXABUCVec3@@0H@Z 004096c6 f   cl_fx.obj
 0001:000087c4       ?CL_AddEffects@@YAXXZ      004097c4 f   cl_fx.obj
 0001:00008ea9       ?CL_ClearEffects@@YAXXZ    00409ea9 f   cl_fx.obj
 0001:00008f2b       ?CL_EntityEvent@@YAXPAUclEntityState_t@@@Z 00409f2b f   cl_fx.obj
 0001:000090e2       ?CL_ParseMuzzleFlash@@YAXXZ 0040a0e2 f   cl_fx.obj
 0001:00009452       ?CL_ParseMuzzleFlash2@@YAXXZ 0040a452 f   cl_fx.obj
 0001:000098c8       ?CL_ParticleEffect@@YAXABUCVec3@@0HH@Z 0040a8c8 f   cl_fx.obj
 0001:00009ab1       ?CL_ParticleEffect2@@YAXABUCVec3@@0HH@Z 0040aab1 f   cl_fx.obj
 0001:00009ad9       ?CL_ParticleEffect3@@YAXABUCVec3@@0HH@Z 0040aad9 f   cl_fx.obj
 0001:00009b01       ?CL_TeleporterParticles@@YAXPAUclEntityState_t@@@Z 0040ab01 f   cl_fx.obj
 0001:00009b23       ?CL_LogoutEffect@@YAXABUCVec3@@H@Z 0040ab23 f   cl_fx.obj
 0001:00009b5b       ?CL_ItemRespawnParticles@@YAXABUCVec3@@@Z 0040ab5b f   cl_fx.obj
 0001:00009b79       ?CL_ExplosionParticles@@YAXABUCVec3@@@Z 0040ab79 f   cl_fx.obj
 0001:00009b9a       ?CL_BFGExplosionParticles@@YAXABUCVec3@@@Z 0040ab9a f   cl_fx.obj
 0001:00009bbb       ?CL_TrackerExplosionParticles@@YAXABUCVec3@@@Z 0040abbb f   cl_fx.obj
 0001:00009bdc       ?CL_BlasterParticles@@YAXABUCVec3@@0I@Z 0040abdc f   cl_fx.obj
 0001:00009c03       ?CL_BlasterTrail@@YAXAAUcentity_t@@@Z 0040ac03 f   cl_fx.obj
 0001:00009d0a       ?CL_BlasterTrail2@@YAXAAUcentity_t@@@Z 0040ad0a f   cl_fx.obj
 0001:00009d21       ?CL_FlagTrail@@YAXAAUcentity_t@@H@Z 0040ad21 f   cl_fx.obj
 0001:00009d40       ?CL_RocketTrail@@YAXAAUcentity_t@@@Z 0040ad40 f   cl_fx.obj
 0001:00009d7f       ?CL_BubbleTrail@@YAXABUCVec3@@0@Z 0040ad7f f   cl_fx.obj
 0001:00009e1b       ?CL_BubbleTrail2@@YAXABUCVec3@@0@Z 0040ae1b f   cl_fx.obj
 0001:00009e35       ?CL_TagTrail@@YAXAAUcentity_t@@@Z 0040ae35 f   cl_fx.obj
 0001:00009e4c       ?CL_DebugTrail@@YAXABUCVec3@@0@Z 0040ae4c f   cl_fx.obj
 0001:00009e66       ?CL_ForceWall@@YAXABUCVec3@@0H@Z 0040ae66 f   cl_fx.obj
 0001:00009e88       ?CL_BigTeleportParticles@@YAXABUCVec3@@@Z 0040ae88 f   cl_fx.obj
 0001:00009fc3       ?CL_BfgParticles@@YAXABUCVec3@@@Z 0040afc3 f   cl_fx.obj
 0001:0000a13d       ?CL_FlyEffect@@YAXAAUcentity_t@@@Z 0040b13d f   cl_fx.obj
 0001:0000a2c9       ?CL_DiminishingTrail@@YAXAAUcentity_t@@H@Z 0040b2c9 f   cl_fx.obj
 0001:0000a423       ?CL_RailTrail@@YAXABUCVec3@@0@Z 0040b423 f   cl_fx.obj
 0001:0000a595       ?CL_RailTrailExt@@YAXABUCVec3@@0EE@Z 0040b595 f   cl_fx.obj
 0001:0000a6da       ?CL_IonripperTrail@@YAXAAUcentity_t@@@Z 0040b6da f   cl_fx.obj
 0001:0000a834       ?CL_TrapParticles@@YAXABUCVec3@@@Z 0040b834 f   cl_fx.obj
 0001:0000a9a7       ?CL_TeleportParticles@@YAXABUCVec3@@@Z 0040b9a7 f   cl_fx.obj
 0001:0000aadd       ?CL_Heatbeam@@YAXABUCVec3@@0@Z 0040badd f   cl_fx.obj
 0001:0000ad83       ?CL_ParticleSteamEffect@@YAXABUCVec3@@0HHH@Z 0040bd83 f   cl_fx.obj
 0001:0000aeb9       ?CL_ParticleSmokeEffect@@YAXABUCVec3@@0@Z 0040beb9 f   cl_fx.obj
 0001:0000afd2       ?CL_TrackerTrail@@YAXAAUcentity_t@@@Z 0040bfd2 f   cl_fx.obj
 0001:0000b14c       ?CL_TrackerShell@@YAXABUCVec3@@@Z 0040c14c f   cl_fx.obj
 0001:0000b1d8       ?CL_MonsterPlasmaShell@@YAXABUCVec3@@@Z 0040c1d8 f   cl_fx.obj
 0001:0000b261       ?CL_WidowSplash@@YAXABUCVec3@@@Z 0040c261 f   cl_fx.obj
 0001:0000b342       ?CL_InitInput@@YAXXZ       0040c342 f   cl_input.obj
 0001:0000b8f0       ?CL_SendCmd@@YAXXZ         0040c8f0 f   cl_input.obj
 0001:0000bf0f       ?CL_WriteDemoMessage@@YAXXZ 0040cf0f f   cl_main.obj
 0001:0000bf51       ?Cmd_ForwardToServer@@YAXHPAPAD@Z 0040cf51 f   cl_main.obj
 0001:0000c016       ?CL_ForwardToServer_f@@YAXHPAPAD@Z 0040d016 f   cl_main.obj
 0001:0000c05f       ?CL_Pause@@YAX_N@Z         0040d05f f   cl_main.obj
 0001:0000c0a4       ?CL_Drop@@YAX_N@Z          0040d0a4 f   cl_main.obj
 0001:0000c0cf       ?CL_SendConnectPacket@@YAXXZ 0040d0cf f   cl_main.obj
 0001:0000c135       ?CL_Connect_f@@YAX_NHPAPAD@Z 0040d135 f   cl_main.obj
 0001:0000c1a2       ?CL_Rcon_f@@YAXHPAPAD@Z    0040d1a2 f   cl_main.obj
 0001:0000c28e       ?CL_Disconnect@@YAXXZ      0040d28e f   cl_main.obj
 0001:0000c439       ?CL_Disconnect_f@@YAXXZ    0040d439 f   cl_main.obj
 0001:0000c443       ?CL_Changing_f@@YAXXZ      0040d443 f   cl_main.obj
 0001:0000c46b       ?CL_Reconnect_f@@YAXXZ     0040d46b f   cl_main.obj
 0001:0000c507       ?CL_PingServers_f@@YAXXZ   0040d507 f   cl_main.obj
 0001:0000c8c2       ?CL_ConnectionlessPacket@@YAXXZ 0040d8c2 f   cl_main.obj
 0001:0000c9bf       ?CL_Userinfo_f@@YAXXZ      0040d9bf f   cl_main.obj
 0001:0000c9da       ?CL_RegisterSounds@@YAXXZ  0040d9da f   cl_main.obj
 0001:0000ca19       ?CL_Snd_Restart_f@@YAXXZ   0040da19 f   cl_main.obj
 0001:0000ca28       ?CL_WriteConfiguration@@YAXPBD@Z 0040da28 f   cl_main.obj
 0001:0000cb0f       ?CL_WriteConfig_f@@YAX_NHPAPAD@Z 0040db0f f   cl_main.obj
 0001:0000cb79       ?CL_FixCvarCheats@@YAXXZ   0040db79 f   cl_main.obj
 0001:0000cbca       ?CL_Frame@@YAXMM@Z         0040dbca f   cl_main.obj
 0001:0000d032       ?CL_ClearState@@YAXXZ      0040e032 f   cl_main.obj
 0001:0000d070       ?CL_Init@@YAXXZ            0040e070 f   cl_main.obj
 0001:0000d51f       ?CL_Shutdown@@YAXXZ        0040e51f f   cl_main.obj
 0001:0000d57b       ?CL_ParseClientinfo@@YAXH@Z 0040e57b f   cl_parse.obj
 0001:0000d633       ?CL_UpdatePlayerClientInfo@@YAXXZ 0040e633 f   cl_parse.obj
 0001:0000d674       ?CL_ParseServerMessage@@YAXXZ 0040e674 f   cl_parse.obj
 0001:0000de5a       ?FreePlayerModelsInfo@@YAXXZ 0040ee5a f   cl_playermodel.obj
 0001:0000de80       ?ScanPlayerModels@@YA_NXZ  0040ee80 f   cl_playermodel.obj
 0001:0000e27a       ?RunAnimation@@YAXAAUclientInfo_t@@AAUanimState_t@@H@Z 0040f27a f   cl_playermodel.obj
 0001:0000e468       ?CL_LoadClientinfo@@YAXAAUclientInfo_t@@PBD_N@Z 0040f468 f   cl_playermodel.obj
 0001:0000f0f4       ?ParsePlayerEntity@@YAHAAUcentity_t@@AAUclientInfo_t@@PAUclEntityState_t@@ABUentity_t@@PAU4@HH@Z 004100f4 f   cl_playermodel.obj
 0001:0000fc63       ?CreateAndInsert@?$TList@VCStringItem@@@@QAEPAVCStringItem@@PBDPAVCMemoryChain@@@Z 00410c63 f i cl_playermodel.obj
 0001:0000fc9b       ?CL_CheckPredictionError@@YAXXZ 00410c9b f   cl_pred.obj
 0001:0000fe2e       ?CL_EntityTrace@@YAXAAUtrace_t@@ABUCVec3@@1ABUCBox@@H@Z 00410e2e f   cl_pred.obj
 0001:00010188       ?CL_Trace@@YAXAAUtrace_t@@ABUCVec3@@1ABUCBox@@H@Z 00411188 f   cl_pred.obj
 0001:00010239       ?CL_PMpointcontents@@YAHABUCVec3@@@Z 00411239 f   cl_pred.obj
 0001:000103cf       ?CL_PredictMovement@@YAXXZ 004113cf f   cl_pred.obj
 0001:00010796       ?DrawString@@YAXHHPBD@Z    00411796 f   cl_scrn.obj
 0001:000107db       ?SCR_DebugGraph@@YAXMH@Z   004117db f   cl_scrn.obj
 0001:00010805       ?SCR_CenterPrint@@YAXPBD@Z 00411805 f   cl_scrn.obj
 0001:0001090b       ?Key_Message@@YAXH@Z       0041190b f   cl_scrn.obj
 0001:000109ab       ?SCR_SetLevelshot@@YAXPBD@Z 004119ab f   cl_scrn.obj
 0001:00010aa6       ?SCR_BeginLoadingPlaque@@YAX_N@Z 00411aa6 f   cl_scrn.obj
 0001:00010b3c       ?SCR_EndLoadingPlaque@@YAX_N@Z 00411b3c f   cl_scrn.obj
 0001:00010bc1       ?SCR_LoadingNotify@@YAXPBDM@Z 00411bc1 f   cl_scrn.obj
 0001:00010bea       ?SCR_ShowConsole@@YAX_N0@Z 00411bea f   cl_scrn.obj
 0001:00010caf       ?SCR_ToggleConsole@@YAXXZ  00411caf f   cl_scrn.obj
 0001:00010cd7       ?SCR_TouchPics@@YAXXZ      00411cd7 f   cl_scrn.obj
 0001:00010d2b       ?SCR_UpdateScreen@@YAXXZ   00411d2b f   cl_scrn.obj
 0001:000120b3       ?SCR_Init@@YAXXZ           004130b3 f   cl_scrn.obj
 0001:000123e4       ?sprintf@?$TString@$0BA@@@QAAHPBDZZ 004133e4 f i cl_scrn.obj
 0001:00012405       ?CL_RegisterTEntSounds@@YAXXZ 00413405 f   cl_tent.obj
 0001:0001265a       ?CL_RegisterTEntModels@@YAXXZ 0041365a f   cl_tent.obj
 0001:000127ab       ?CL_ClearTEnts@@YAXXZ      004137ab f   cl_tent.obj
 0001:000127dc       ?CL_SmokeAndFlash@@YAXABUCVec3@@@Z 004137dc f   cl_tent.obj
 0001:00012974       ?CL_ParseTEnt@@YAXXZ       00413974 f   cl_tent.obj
 0001:00013c9a       ?CL_AddTEnts@@YAXXZ        00414c9a f   cl_tent.obj
 0001:0001469f       ?V_AddEntity@@YAXPAUentity_t@@@Z 0041569f f   cl_view.obj
 0001:000146dd       ?V_AddEntity2@@YAXPAUentity_t@@@Z 004156dd f   cl_view.obj
 0001:0001470f       ?AddEntityWithEffects2@@YAXPAUentity_t@@I@Z 0041570f f   cl_view.obj
 0001:000147b0       ?AddEntityWithEffects@@YAXPAUentity_t@@I@Z 004157b0 f   cl_view.obj
 0001:000147d1       ?V_AddLight@@YAXABUCVec3@@MMMM@Z 004157d1 f   cl_view.obj
 0001:00014816       ?V_TestEntities@@YAXXZ     00415816 f   cl_view.obj
 0001:00014943       ?V_TestLights@@YAXXZ       00415943 f   cl_view.obj
 0001:00014a19       ?V_InitRenderer@@YAXXZ     00415a19 f   cl_view.obj
 0001:00014e3a       ?CalcFov@@YAMMMM@Z         00415e3a f   cl_view.obj
 0001:00014ea8       ?V_RenderView@@YA_NXZ      00415ea8 f   cl_view.obj
 0001:00015c4f       ?V_Init@@YAXXZ             00416c4f f   cl_view.obj
 0001:00015cfe       ?Con_ClearNotify@@YAXXZ    00416cfe f   console.obj
 0001:00015d0d       ?Con_CheckResize@@YAXXZ    00416d0d f   console.obj
 0001:00015e34       ?Write@COutputDeviceCon@@UAEXPBD@Z 00416e34 f   console.obj
 0001:0001603a       ?Con_DrawNotify@@YAX_N@Z   0041703a f   console.obj
 0001:00016210       ?Con_DrawConsole@@YAXM@Z   00417210 f   console.obj
 0001:000164c4       ?Con_ClearTyping@@YAXXZ    004174c4 f   console.obj
 0001:000164dd       ?Key_Console@@YAXHH@Z      004174dd f   console.obj
 0001:0001692a       ?Con_Init@@YAXXZ           0041792a f   console.obj
 0001:00016a98       ?Key_KeynumToString@@YAPBDH@Z 00417a98 f   keys.obj
 0001:00016b5e       ?Draw@completeMenu_t@@UAEXXZ 00417b5e f i keys.obj
 0001:00016b8f       ?KeyDown@completeMenu_t@@UAEPBDH@Z 00417b8f f i keys.obj
 0001:00016bbb       ?Init@completeMenu_t@@UAE_NXZ 00417bbb f i keys.obj
 0001:00016ce2       ?CompleteMenuCallback@completeMenu_t@@SAXPAX@Z 00417ce2 f i keys.obj
 0001:00016d73       ?CompleteCommand@@YAXXZ    00417d73 f   keys.obj
 0001:00017484       ?Key_SetBinding@@YAXHPBD@Z 00418484 f   keys.obj
 0001:000174c4       ?Key_FindBinding@@YAHPBDPAHH@Z 004184c4 f   keys.obj
 0001:00017512       ?Key_WriteBindings@@YAXPAVCOutputDevice@@@Z 00418512 f   keys.obj
 0001:0001755c       ?Key_Init@@YAXXZ           0041855c f   keys.obj
 0001:00017840       ?Key_Event@@YAXH_N@Z       00418840 f   keys.obj
 0001:00017b9f       ?Key_ClearStates@@YAXXZ    00418b9f f   keys.obj
 0001:00017bd4       ?M_ForceMenuOn@@YAXXZ      00418bd4 f   menu.obj
 0001:00017bf3       ?Draw@menuMain_t@@UAEXXZ   00418bf3 f i menu.obj
 0001:00017d2f       ?KeyDown@menuMain_t@@UAEPBDH@Z 00418d2f f i menu.obj
 0001:00017df0       ?Init@menuMain_t@@UAE_NXZ  00418df0 f i menu.obj
 0001:00017df8       ?M_Menu_Main_f@@YAXXZ      00418df8 f   menu.obj
 0001:00017e12       ?Init@multiplayerMenu_t@@UAE_NXZ 00418e12 f i menu.obj
 0001:00017f36       ?Init@keysMenu_t@@UAE_NXZ  00418f36 f i menu.obj
 0001:00018124       ?KeyCursorDrawFunc@keysMenu_t@@SAXPAUmenuFramework_t@@@Z 00419124 f i menu.obj
 0001:00018167       ?DrawKeyBindingFunc@keysMenu_t@@SAXPAX@Z 00419167 f i menu.obj
 0001:00018227       ?KeyDown@keysMenu_t@@UAEPBDH@Z 00419227 f i menu.obj
 0001:000182d4       ?UnbindCommand@keysMenu_t@@QAEXPAD@Z 004192d4 f i menu.obj
 0001:00018319       ?KeyBindingFunc@keysMenu_t@@QAEXPAX@Z 00419319 f i menu.obj
 0001:0001837b       ?Init@optionsMenu_t@@UAE_NXZ 0041937b f i menu.obj
 0001:0001872e       ?CrosshairFunc@optionsMenu_t@@SAXPAX@Z 0041972e f i menu.obj
 0001:00018756       ?JoystickFunc@optionsMenu_t@@SAXPAX@Z 00419756 f i menu.obj
 0001:0001876b       ?AlwaysRunFunc@optionsMenu_t@@SAXPAX@Z 0041976b f i menu.obj
 0001:00018780       ?MouseSpeedFunc@optionsMenu_t@@SAXPAX@Z 00419780 f i menu.obj
 0001:0001879d       ?InvertMouseFunc@optionsMenu_t@@SAXPAX@Z 0041979d f i menu.obj
 0001:000187d6       ?UpdateVolumeFunc@optionsMenu_t@@SAXPAX@Z 004197d6 f i menu.obj
 0001:000187f3       ?UpdateCDVolumeFunc@optionsMenu_t@@SAXPAX@Z 004197f3 f i menu.obj
 0001:0001880d       ?SetMenuItemValues@optionsMenu_t@@SAXXZ 0041980d f i menu.obj
 0001:00018955       ?ResetDefaultsFunc@optionsMenu_t@@SAXPAX@Z 00419955 f i menu.obj
 0001:0001896a       ?UpdateSoundFunc@optionsMenu_t@@SAXPAX@Z 0041996a f i menu.obj
 0001:00018b6e       ?ScanCrosshairs@optionsMenu_t@@SAXXZ 00419b6e f i menu.obj
 0001:00018bcb       ?Draw@optionsMenu_t@@UAEXXZ 00419bcb f i menu.obj
 0001:00018c30       ?Draw@creditsMenu_t@@UAEXXZ 00419c30 f i menu.obj
 0001:00018cd7       ?KeyDown@creditsMenu_t@@UAEPBDH@Z 00419cd7 f i menu.obj
 0001:00018d17       ?Init@creditsMenu_t@@UAE_NXZ 00419d17 f i menu.obj
 0001:00018d98       ?Init@gameMenu_t@@UAE_NXZ  00419d98 f i menu.obj
 0001:00018f23       ?EasyGameFunc@gameMenu_t@@SAXPAX@Z 00419f23 f i menu.obj
 0001:00018f2f       ?StartGame@gameMenu_t@@SAXPBD@Z 00419f2f f i menu.obj
 0001:00018f8a       ?MediumGameFunc@gameMenu_t@@SAXPAX@Z 00419f8a f i menu.obj
 0001:00018f96       ?HardGameFunc@gameMenu_t@@SAXPAX@Z 00419f96 f i menu.obj
 0001:00018fb2       ?Init@savegameMenu_t@@UAE_NXZ 00419fb2 f i menu.obj
 0001:000190c2       ?Create_Savestrings@savegameMenu_t@@QAEXXZ 0041a0c2 f i menu.obj
 0001:00019182       ?LoadGameCallback@savegameMenu_t@@SAXPAX@Z 0041a182 f i menu.obj
 0001:000191af       ?SaveGameCallback@savegameMenu_t@@SAXPAX@Z 0041a1af f i menu.obj
 0001:000191d2       ?Draw@savegameMenu_t@@UAEXXZ 0041a1d2 f i menu.obj
 0001:000191ed       ?DrawSavegameShot@savegameMenu_t@@QAEXHH@Z 0041a1ed f i menu.obj
 0001:000192c8       ?Init@joinserverMenu_t@@UAE_NXZ 0041a2c8 f i menu.obj
 0001:000193ff       ?JoinServerFunc@joinserverMenu_t@@SAXPAX@Z 0041a3ff f i menu.obj
 0001:00019464       ?SearchLocalGames@joinserverMenu_t@@SAXXZ 0041a464 f i menu.obj
 0001:000194cf       ?M_AddToServerList@@YAXUnetadr_t@@PBD@Z 0041a4cf f   menu.obj
 0001:0001955a       ?Init@startserverMenu_t@@UAE_NXZ 0041a55a f i menu.obj
 0001:000199e8       ?DMOptionsFunc@startserverMenu_t@@SAXPAX@Z 0041a9e8 f i menu.obj
 0001:000199f8       ?RulesChangeFunc@startserverMenu_t@@SAXPAX@Z 0041a9f8 f i menu.obj
 0001:00019a70       ?StartServerActionFunc@startserverMenu_t@@SAXPAX@Z 0041aa70 f i menu.obj
 0001:00019a9b       ?StartServerFunc@startserverMenu_t@@SAXPBD@Z 0041aa9b f i menu.obj
 0001:00019c77       ?KeyDown@startserverMenu_t@@UAEPBDH@Z 0041ac77 f i menu.obj
 0001:00019cd6       ?Init@dmoptionsMenu_t@@UAE_NXZ 0041acd6 f i menu.obj
 0001:0001a2b3       ?DMFlagCallback@dmoptionsMenu_t@@SAXPAX@Z 0041b2b3 f i menu.obj
 0001:0001a48c       ?Init@downloadOptionsMenu_t@@UAE_NXZ 0041b48c f i menu.obj
 0001:0001a666       ?DownloadCallback@downloadOptionsMenu_t@@SAXPAX@Z 0041b666 f i menu.obj
 0001:0001a6d4       ?Init@addressBookMenu_t@@UAE_NXZ 0041b6d4 f i menu.obj
 0001:0001a77a       ?KeyDown@addressBookMenu_t@@UAEPBDH@Z 0041b77a f i menu.obj
 0001:0001a7d9       ?Init@playerConfigMenu_t@@UAE_NXZ 0041b7d9 f i menu.obj
 0001:0001ad20       ?HandednessCallback@playerConfigMenu_t@@SAXPAX@Z 0041bd20 f i menu.obj
 0001:0001ad35       ?RTypeCallback@playerConfigMenu_t@@SAXPAX@Z 0041bd35 f i menu.obj
 0001:0001ad4a       ?RColorCallback@playerConfigMenu_t@@SAXPAX@Z 0041bd4a f i menu.obj
 0001:0001ad5f       ?RateCallback@playerConfigMenu_t@@SAXPAX@Z 0041bd5f f i menu.obj
 0001:0001ad82       ?ModelCallback@playerConfigMenu_t@@SAXPAX@Z 0041bd82 f i menu.obj
 0001:0001adb6       ?SkinCallback@playerConfigMenu_t@@SAXPAX@Z 0041bdb6 f i menu.obj
 0001:0001adbe       ?Draw@playerConfigMenu_t@@UAEXXZ 0041bdbe f i menu.obj
 0001:0001b0a0       ?KeyDown@playerConfigMenu_t@@UAEPBDH@Z 0041c0a0 f i menu.obj
 0001:0001b180       ?Init@dmbrowseMenu_t@@UAE_NXZ 0041c180 f i menu.obj
 0001:0001b389       ?KeyDown@dmbrowseMenu_t@@UAEPBDH@Z 0041c389 f i menu.obj
 0001:0001b561       ?Draw@dmbrowseMenu_t@@UAEXXZ 0041c561 f i menu.obj
 0001:0001b6ae       ?DrawThumbnail@dmbrowseMenu_t@@SAXHHHHPBD_N@Z 0041c6ae f i menu.obj
 0001:0001b788       ?Init@videoMenu_t@@UAE_NXZ 0041c788 f i menu.obj
 0001:0001bd84       ?ScreenSizeCallback@videoMenu_t@@SAXPAX@Z 0041cd84 f i menu.obj
 0001:0001bda5       ?BrightnessCallback@videoMenu_t@@SAXPAX@Z 0041cda5 f i menu.obj
 0001:0001bdc6       ?ContrastCallback@videoMenu_t@@SAXPAX@Z 0041cdc6 f i menu.obj
 0001:0001be02       ?CancelChanges@videoMenu_t@@SAXPAX@Z 0041ce02 f i menu.obj
 0001:0001be4f       ?KeyDown@videoMenu_t@@UAEPBDH@Z 0041ce4f f i menu.obj
 0001:0001be98       ?ApplyChanges@videoMenu_t@@SAXPAX@Z 0041ce98 f i menu.obj
 0001:0001c073       ?KeyDown@quitMenu_t@@UAEPBDH@Z 0041d073 f i menu.obj
 0001:0001c0b0       ?Draw@quitMenu_t@@UAEXXZ   0041d0b0 f i menu.obj
 0001:0001c120       ?M_Init@@YAXXZ             0041d120 f   menu.obj
 0001:0001c302       ?ItemAtCursor@menuFramework_t@@QAEPAUmenuCommon_t@@XZ 0041d302 f   qmenu.obj
 0001:0001c356       ?AddItem@menuFramework_t@@QAEXPAUmenuCommon_t@@@Z 0041d356 f   qmenu.obj
 0001:0001c412       ?AdjustCursor@menuFramework_t@@QAEXH@Z 0041d412 f   qmenu.obj
 0001:0001c58a       ?Center@menuFramework_t@@QAEXXZ 0041d58a f   qmenu.obj
 0001:0001c5cb       ?Draw@menuFramework_t@@UAEXXZ 0041d5cb f   qmenu.obj
 0001:0001cb84       ?SelectItem@menuFramework_t@@QAE_NXZ 0041db84 f   qmenu.obj
 0001:0001cbe9       ?SetStatusBar@menuFramework_t@@QAEXPBD@Z 0041dbe9 f   qmenu.obj
 0001:0001cbf6       ?SlideItem@menuFramework_t@@QAEXH@Z 0041dbf6 f   qmenu.obj
 0001:0001d194       ?Push@menuFramework_t@@QAEXXZ 0041e194 f   qmenu.obj
 0001:0001d213       ?M_ForceMenuOff@@YAXXZ     0041e213 f   qmenu.obj
 0001:0001d240       ?Pop@menuFramework_t@@QAEXXZ 0041e240 f   qmenu.obj
 0001:0001d27a       ?KeyDown@menuFramework_t@@UAEPBDH@Z 0041e27a f   qmenu.obj
 0001:0001d4f2       ?Init@menuFramework_t@@UAE_NXZ 0041e4f2 f   qmenu.obj
 0001:0001d4f5       ?M_Draw@@YAXXZ             0041e4f5 f   qmenu.obj
 0001:0001d530       ?M_Keydown@@YAXH@Z         0041e530 f   qmenu.obj
 0001:0001d552       ?InitRendererVars@@YAXXZ   0041e552 f   ref_vars.obj
 0001:0001d571       ?S_SoundInfo_f@@YAXXZ      0041e571 f   snd_dma.obj
 0001:0001d5eb       ?S_Init@@YAXXZ             0041e5eb f   snd_dma.obj
 0001:0001d6bd       ?S_Shutdown@@YAXXZ         0041e6bd f   snd_dma.obj
 0001:0001d750       ?S_BeginRegistration@@YAXXZ 0041e750 f   snd_dma.obj
 0001:0001d75e       ?S_RegisterSound@@YAPAUsfx_t@@PBD@Z 0041e75e f   snd_dma.obj
 0001:0001d909       ?S_EndRegistration@@YAXXZ  0041e909 f   snd_dma.obj
 0001:0001d992       ?S_PickChannel@@YAPAUchannel_t@@HH@Z 0041e992 f   snd_dma.obj
 0001:0001da20       ?S_Spatialize@@YAXPAUchannel_t@@@Z 0041ea20 f   snd_dma.obj
 0001:0001dc02       ?S_AllocPlaysound@@YAPAUplaysound_t@@XZ 0041ec02 f   snd_dma.obj
 0001:0001dc24       ?S_FreePlaysound@@YAXPAUplaysound_t@@@Z 0041ec24 f   snd_dma.obj
 0001:0001dc57       ?S_IssuePlaysound@@YAXPAUplaysound_t@@@Z 0041ec57 f   snd_dma.obj
 0001:0001dd28       ?S_StartSound@@YAXPBUCVec3@@HHPAUsfx_t@@MMM@Z 0041ed28 f   snd_dma.obj
 0001:0001e0e8       ?S_StartLocalSound@@YAXPBD@Z 0041f0e8 f   snd_dma.obj
 0001:0001e13a       ?S_ClearBuffer@@YAXXZ      0041f13a f   snd_dma.obj
 0001:0001e1a3       ?S_StopAllSounds_f@@YAXXZ  0041f1a3 f   snd_dma.obj
 0001:0001e213       ?S_AddLoopSounds@@YAXXZ    0041f213 f   snd_dma.obj
 0001:0001e3e9       ?S_RawSamples@@YAXHHHHPAE@Z 0041f3e9 f   snd_dma.obj
 0001:0001e5ed       ?S_Update@@YAXABUCVec3@@0@Z 0041f5ed f   snd_dma.obj
 0001:0001e6c3       ?GetSoundtime@@YAXXZ       0041f6c3 f   snd_dma.obj
 0001:0001e72a       ?S_Update_@@YAXXZ          0041f72a f   snd_dma.obj
 0001:0001e9dd       ?S_LoadSound@@YAPAUsfxcache_t@@PAUsfx_t@@@Z 0041f9dd f   snd_mem.obj
 0001:0001ef6c       ?S_WriteLinearBlastStereo16@@YAXXZ 0041ff6c f   snd_mix.obj
 0001:0001efd6       ?S_TransferStereo16@@YAXPAKH@Z 0041ffd6 f   snd_mix.obj
 0001:0001f041       ?S_TransferPaintBuffer@@YAXH@Z 00420041 f   snd_mix.obj
 0001:0001f1a5       ?S_PaintChannels@@YAXH@Z   004201a5 f   snd_mix.obj
 0001:0001f421       ?S_InitScaletable@@YAXXZ   00420421 f   snd_mix.obj
 0001:0001f566       ?SV_ComputeAnimation@@YAXPAUplayer_state_t@@AAUentityStateEx_t@@PAU2@PAUedict_s@@@Z 00420566 f   sv_anim.obj
 0001:0001fa1f       ?SV_ReadLevelFile@@YAXXZ   00420a1f f   sv_ccmds.obj
 0001:0001fac4       ?SV_AddressBanned@@YA_NPAUnetadr_t@@@Z 00420ac4 f   sv_ccmds.obj
 0001:0001fb08       ?SV_InitCommands@@YAXXZ    00420b08 f   sv_ccmds.obj
 0001:00020f91       ?sprintf@?$TString@$0CI@@@QAAHPBDZZ 00421f91 f i sv_ccmds.obj
 0001:00020fb2       ?SV_WriteFrameToClient@@YAXPAUclient_t@@PAVsizebuf_t@@@Z 00421fb2 f   sv_ents.obj
 0001:000216e1       ?SV_RecordDemoMessage@@YAXXZ 004226e1 f   sv_ents.obj
 0001:000218af       ?SV_MulticastOld@@YAXABUCVec3@@W4multicast_t@@@Z 004228af f i sv_game.obj
 0001:000218c4       ?SV_StartSoundOld@@YAXPBUCVec3@@PAUedict_s@@HHMMM@Z 004228c4 f i sv_game.obj
 0001:0002231c       ?SV_InitGameLibrary@@YAX_N@Z 0042331c f   sv_game.obj
 0001:00022611       ?SV_ShutdownGameLibrary@@YAXXZ 00423611 f   sv_game.obj
 0001:0002276e       ?SV_FindIndex@@YAHPBDHH_N@Z 0042376e f   sv_init.obj
 0001:00022885       ?SV_ModelIndex@@YAHPBD@Z   00423885 f   sv_init.obj
 0001:0002289e       ?SV_SoundIndex@@YAHPBD@Z   0042389e f   sv_init.obj
 0001:000228ba       ?SV_ImageIndex@@YAHPBD@Z   004238ba f   sv_init.obj
 0001:000228d6       ?SV_CreateBaseline@@YAXXZ  004238d6 f   sv_init.obj
 0001:00022953       ?SV_SpawnServer@@YAXPAD0W4server_state_t@@_N2@Z 00423953 f   sv_init.obj
 0001:00022cc0       ?SV_InitGame@@YAXXZ        00423cc0 f   sv_init.obj
 0001:00022ee9       ?SV_Map@@YAX_NPBD0@Z       00423ee9 f   sv_init.obj
 0001:000230ae       ?SV_DropClient@@YAXPAUclient_t@@PAD@Z 004240ae f   sv_main.obj
 0001:00023ade       ??0COutputDeviceMem@@QAE@H@Z 00424ade f i sv_main.obj
 0001:00023b0f       ?Write@COutputDeviceMem@@UAEXPBD@Z 00424b0f f i sv_main.obj
 0001:00023b96       ??_GCOutputDeviceMem@@UAEPAXI@Z 00424b96 f i sv_main.obj
 0001:00023b96       ??_ECOutputDeviceMem@@UAEPAXI@Z 00424b96 f i sv_main.obj
 0001:00023bb5       ??1COutputDeviceMem@@UAE@XZ 00424bb5 f i sv_main.obj
 0001:00023bd4       ?SV_CalcPings@@YAXXZ       00424bd4 f   sv_main.obj
 0001:00023c5b       ?SV_GiveMsec@@YAXXZ        00424c5b f   sv_main.obj
 0001:00023c9a       ?SV_ReadPackets@@YAXXZ     00424c9a f   sv_main.obj
 0001:00023ebf       ?SV_CheckTimeouts@@YAXXZ   00424ebf f   sv_main.obj
 0001:00023fd0       ?SV_PostprocessFrame@@YAXXZ 00424fd0 f   sv_main.obj
 0001:00024495       ?SV_MulticastHook@@YAPAVsizebuf_t@@PAV1@0@Z 00425495 f   sv_main.obj
 0001:00024871       ?SV_TraceHook@@YAXAAUtrace0_t@@ABUCVec3@@PBU2@21PAUedict_s@@H@Z 00425871 f   sv_main.obj
 0001:00024af0       ?SV_Frame@@YAXM@Z          00425af0 f   sv_main.obj
 0001:00024d99       ?SV_UserinfoChanged@@YAXPAUclient_t@@@Z 00425d99 f   sv_main.obj
 0001:00024e5a       ?SV_InitVars@@YAXXZ        00425e5a f   sv_main.obj
 0001:00024e69       ?SV_Init@@YAXXZ            00425e69 f   sv_main.obj
 0001:00024ec2       ?SV_Shutdown@@YAXPBD_N@Z   00425ec2 f   sv_main.obj
 0001:000250cf       ?SV_ClientPrintf@@YAXPAUclient_t@@HPBDZZ 004260cf f   sv_send.obj
 0001:0002512a       ?SV_BroadcastPrintf@@YAXHPBDZZ 0042612a f   sv_send.obj
 0001:00025200       ?SV_BroadcastCommand@@YAXPBDZZ 00426200 f   sv_send.obj
 0001:0002525a       ?SV_Multicast@@YAXABUCVec3@@W4multicast_t@@_N@Z 0042625a f   sv_send.obj
 0001:0002545b       ?SV_StartSound@@YAXPBUCVec3@@PAUedict_s@@HHMMM_N@Z 0042645b f   sv_send.obj
 0001:000256f4       ?SV_SendClientDatagram@@YA_NPAUclient_t@@@Z 004266f4 f   sv_send.obj
 0001:000257b6       ?SV_DemoCompleted@@YAXXZ   004267b6 f   sv_send.obj
 0001:000257d2       ?SV_SendClientMessages@@YAXXZ 004267d2 f   sv_send.obj
 0001:000259ba       ?SV_DrawText3D@@YAXABUCVec3@@PBDI@Z 004269ba f   sv_text.obj
 0001:000259f2       ?SV_ClearTexts@@YAXXZ      004269f2 f   sv_text.obj
 0001:000259fa       ?SV_DrawTexts@@YAXXZ       004269fa f   sv_text.obj
 0001:00025a4f       ??0?$TTextContainer@UCSVText@@$0BAAAA@@@QAE@XZ 00426a4f f i sv_text.obj
 0001:00025a74       ?SV_TokenizeString@@YAXPBD@Z 00426a74 f   sv_tokenize.obj
 0001:00025b4b       ?SV_Argc@@YAHXZ            00426b4b f   sv_tokenize.obj
 0001:00025b51       ?SV_Argv@@YAPADH@Z         00426b51 f   sv_tokenize.obj
 0001:00025b6f       ?SV_Args@@YAPADXZ          00426b6f f   sv_tokenize.obj
 0001:00026428       ?SV_Nextserver@@YAXXZ      00427428 f   sv_user.obj
 0001:000264bc       ?SV_ClientThink@@YAXPAUclient_t@@PAUusercmd_t@@@Z 004274bc f   sv_user.obj
 0001:0002654d       ?SV_ExecuteClientMessage@@YAXPAUclient_t@@@Z 0042754d f   sv_user.obj
 0001:00026923       ?SV_ClearWorld@@YAXXZ      00427923 f   sv_world.obj
 0001:00026a61       ?SV_UnlinkEdict@@YAXPAUedict_s@@@Z 00427a61 f   sv_world.obj
 0001:00026b27       ?SV_LinkEdict@@YAXPAUedict_s@@@Z 00427b27 f   sv_world.obj
 0001:0002723c       ?SV_AreaEdicts@@YAHABUCVec3@@0PAPAUedict_s@@HH@Z 0042823c f   sv_world.obj
 0001:000273da       ?SV_PointContents@@YAHABUCVec3@@@Z 004283da f   sv_world.obj
 0001:00027500       ?SV_Trace@@YAXAAUtrace_t@@ABUCVec3@@1ABUCBox@@PAUedict_s@@H@Z 00428500 f   sv_world.obj
 0001:0002797d       ?InitByteDirs@@YAXXZ       0042897d f   anorms.obj
 0001:000279bc       ?Cbuf_AddText@@YAXPBD@Z    004289bc f   cmd.obj
 0001:00027a22       ?Cbuf_CopyToDefer@@YAXXZ   00428a22 f   cmd.obj
 0001:00027a6a       ?Cbuf_InsertFromDefer@@YAXXZ 00428a6a f   cmd.obj
 0001:00027b26       ?Cbuf_Execute@@YAXXZ       00428b26 f   cmd.obj
 0001:00027c36       ?Cmd_Unalias_f@@YAX_NHPAPAD@Z 00428c36 f   cmd.obj
 0001:00027cae       ?Cmd_WriteAliases@@YAXPAVCOutputDevice@@@Z 00428cae f   cmd.obj
 0001:00027ce1       ?RegisterCommand@@YA_NPBDP6AXXZI@Z 00428ce1 f   cmd.obj
 0001:00027dc2       ?UnregisterCommand@@YA_NPBD@Z 00428dc2 f   cmd.obj
 0001:00027e53       ?ExecuteCommand@@YA_NPBD@Z 00428e53 f   cmd.obj
 0001:00028296       ?ExecuteCommand@@YA_NPBDPBUCSimpleCommand@@H@Z 00429296 f   cmd.obj
 0001:000286d8       ?CM_LoadMap@@YAPAUCBspModel@@PBD_NPAI@Z 004296d8 f   cmodel.obj
 0001:0002a067       ?CM_BuildBrush@@YAPAUCBrush@@HPAVCMemoryChain@@@Z 0042b067 f   cmodel.obj
 0001:0002a130       ?CM_InlineModel@@YAPAUCBspModel@@PBD@Z 0042b130 f   cmodel.obj
 0001:0002a15b       ?CM_InlineModel@@YAPAUCBspModel@@H@Z 0042b15b f   cmodel.obj
 0001:0002a236       ?CM_HeadnodeForBox@@YAHABUCBox@@@Z 0042b236 f   cmodel.obj
 0001:0002a27e       ?CM_FindLeaf@@YAPBUCBspLeaf@@ABUCVec3@@H@Z 0042b27e f   cmodel.obj
 0001:0002a32d       ?DistanceTo@CPlane@@QBEMABUCVec3@@@Z 0042b32d f i cmodel.obj
 0001:0002a372       ?GetContents@CBspLeaf@@QBEIABUCVec3@@@Z 0042b372 f   cmodel.obj
 0001:0002a3f3       ?CM_PointContents@@YAHABUCVec3@@H@Z 0042b3f3 f   cmodel.obj
 0001:0002a45d       ?CM_TransformedPointContents@@YAHABUCVec3@@H00@Z 0042b45d f   cmodel.obj
 0001:0002a532       ?CM_TransformedPointContents@@YAHABUCVec3@@H0ABUCAxis@@@Z 0042b532 f   cmodel.obj
 0001:0002a5d1       ?CM_BoxLeafs@@YAHABUCBox@@PAPAUCBspLeaf@@HPAHH@Z 0042b5d1 f   cmodel.obj
 0001:0002a6e3       ?BOX_ON_PLANE_SIDE@@YAHABUCBox@@ABUCPlane@@@Z 0042b6e3 f i cmodel.obj
 0001:0002a74e       ?CM_BoxTrace@@YAXAAUtrace_t@@ABUCVec3@@1ABUCBox@@HI@Z 0042b74e f   cmodel.obj
 0001:0002aa2a       ?GetVertex@CBox@@QBEXHAAUCVec3@@@Z 0042ba2a f i cmodel.obj
 0001:0002aea4       ?SplitTrace@@YAMABUCVec3@@0ABUCPlane@@AAM2_N@Z 0042bea4 f i cmodel.obj
 0001:0002b351       ?CM_TransformedBoxTrace@@YAXAAUtrace_t@@ABUCVec3@@1ABUCBox@@HI11@Z 0042c351 f   cmodel.obj
 0001:0002b4c4       ?CM_TransformedBoxTrace@@YAXAAUtrace_t@@ABUCVec3@@1ABUCBox@@HI1ABUCAxis@@@Z 0042c4c4 f   cmodel.obj
 0001:0002b581       ?CM_CombineTrace@@YA_NAAUtrace_t@@ABU1@@Z 0042c581 f   cmodel.obj
 0001:0002b5ce       ?CM_ClipTraceToModels@@YAXAAUtrace_t@@ABUCVec3@@1ABUCBox@@I@Z 0042c5ce f   cmodel.obj
 0001:0002b6d0       ?CM_PointModelContents@@YAHABUCVec3@@@Z 0042c6d0 f   cmodel.obj
 0001:0002b71f       ?CM_BrushTrace@@YAHABUCVec3@@0PAHH@Z 0042c71f f   cmodel.obj
 0001:0002ba25       ?CM_RefineBrushTrace@@YAHABUCVec3@@0PAHH@Z 0042ca25 f   cmodel.obj
 0001:0002bacb       ?CM_ClusterPVS@@YAPBEH@Z   0042cacb f   cmodel.obj
 0001:0002bc03       ?CM_SetAreaPortalState@@YAXH_N@Z 0042cc03 f   cmodel.obj
 0001:0002bc2b       ?CM_AreasConnected@@YA_NHH@Z 0042cc2b f   cmodel.obj
 0001:0002bc72       ?CM_WriteAreaBits@@YAHPAEH@Z 0042cc72 f   cmodel.obj
 0001:0002bd14       ?CM_WritePortalState@@YAXPAU_iobuf@@@Z 0042cd14 f   cmodel.obj
 0001:0002bd31       ?CM_ReadPortalState@@YAXPAU_iobuf@@@Z 0042cd31 f   cmodel.obj
 0001:0002bd53       ?CM_HeadnodeVisible@@YA_NHPBE@Z 0042cd53 f   cmodel.obj
 0001:0002be30       ??E?$TStringSplitter@$0EA@$0DL@@@QAEXXZ 0042ce30 f i cmodel.obj
 0001:0002be92       ?LoadNodes@@YAXPAUdBsp2Node_t@@H@Z 0042ce92 f i cmodel.obj
 0001:0002bfa9       ?LoadLeafBrushes@@YAXPAGHPAUdBsp2Leaf_t@@@Z 0042cfa9 f i cmodel.obj
 0001:0002c03d       ?LoadSubmodels@@YAXPAUdBsp2Model_t@@H@Z 0042d03d f i cmodel.obj
 0001:0002c0c5       ?LoadNodes@@YAXPAUdBsp1Node_t@@H@Z 0042d0c5 f i cmodel.obj
 0001:0002c188       ?LoadSubmodels@@YAXPAUdBsp1Model_t@@H@Z 0042d188 f i cmodel.obj
 0001:0002c210       ?LoadNodes@@YAXPAUdBsp3Node_t@@H@Z 0042d210 f i cmodel.obj
 0001:0002c2c5       ?LoadLeafBrushes@@YAXPAIHPAUdBsp3Leaf_t@@@Z 0042d2c5 f i cmodel.obj
 0001:0002c356       ?Com_DPrintf@@YAXPBDZZ     0042d356 f   common.obj
 0001:0002c3cf       ?DebugPrintf@@YAXPBDZZ     0042d3cf f   common.obj
 0001:0002c47e       ?IPWildcard@@YA_NPAUnetadr_t@@PBD@Z 0042d47e f   common.obj
 0001:0002c558       ?Com_ServerState@@YA?AW4server_state_t@@XZ 0042d558 f   common.obj
 0001:0002c55e       ?Com_SetServerState@@YAXW4server_state_t@@@Z 0042d55e f   common.obj
 0001:0002c56b       ?crand@@YAMXZ              0042d56b f   common.obj
 0001:0002c589       ?Info_ValueForKey@@YAPBDPBD0@Z 0042d589 f   common.obj
 0001:0002c608       ?Info_SetValueForKey@@YAXPADPBD1@Z 0042d608 f   common.obj
 0001:0002c73f       ?Info_Print@@YAXPBD@Z      0042d73f f   common.obj
 0001:0002c7c5       ?LerpAngle@@YAMMMM@Z       0042d7c5 f   common.obj
 0001:0002c809       ?ReduceAngle@@YAMM@Z       0042d809 f   common.obj
 0001:0002c835       ?AngleSubtract@@YAMMM@Z    0042d835 f   common.obj
 0001:0002c86e       ?AnglesSubtract@@YAXABUCVec3@@0AAU1@@Z 0042d86e f   common.obj
 0001:0002c8c7       ?COM_Parse@@YAPADAAPBD_N@Z 0042d8c7 f   common.obj
 0001:0002c9e9       ?COM_QuoteString@@YAPBDPBD_N@Z 0042d9e9 f   common.obj
 0001:0002ca46       ?Com_CheckCmdlineVar@@YA_NPBD@Z 0042da46 f   common.obj
 0001:0002ca9f       ?Com_Init@@YAXPBD@Z        0042da9f f   common.obj
 0001:0002ce46       ?Com_Frame@@YAXM@Z         0042de46 f   common.obj
 0001:0002d246       ?Com_BlockSequenceCRCByte@@YAEPAEHH@Z 0042e246 f   crc.obj
 0001:0002d2fe       ?Cvar_VariableValue@@YAMPBD@Z 0042e2fe f   cvar.obj
 0001:0002d375       ?Cvar_VariableInt@@YAHPBD@Z 0042e375 f   cvar.obj
 0001:0002d38c       ?Cvar_VariableString@@YAPBDPBD@Z 0042e38c f   cvar.obj
 0001:0002d3a8       ?Cvar_Get@@YAPAUcvar_t@@PBD0H@Z 0042e3a8 f   cvar.obj
 0001:0002d675       ?Cvar_GetVars@@YAXPBUcvarInfo_t@@H@Z 0042e675 f   cvar.obj
 0001:0002d71f       ?Cvar_FullSet@@YAXPAUcvar_t@@PBDI@Z 0042e71f f   cvar.obj
 0001:0002d73f       ?Cvar_FullSet@@YAPAUcvar_t@@PBD0I@Z 0042e73f f   cvar.obj
 0001:0002d77f       ?Cvar_SetValue@@YAPAUcvar_t@@PBDM@Z 0042e77f f   cvar.obj
 0001:0002d918       ?Cvar_SetInteger@@YAPAUcvar_t@@PBDH@Z 0042e918 f   cvar.obj
 0001:0002d93c       ?Cvar_Set@@YAPAUcvar_t@@PBD0@Z 0042e93c f   cvar.obj
 0001:0002d953       ?Cvar_ForceSet@@YAPAUcvar_t@@PBD0@Z 0042e953 f   cvar.obj
 0001:0002d96a       ?Cvar_Clamp@@YAMPAUcvar_t@@MM@Z 0042e96a f   cvar.obj
 0001:0002d9c8       ?Cvar_Command@@YA_NHPAPAD@Z 0042e9c8 f   cvar.obj
 0001:0002da63       ?IsDefault@cvar_t@@QAE_NXZ 0042ea63 f i cvar.obj
 0001:0002da80       ?Cvar_WriteVariables@@YAXPAVCOutputDevice@@HHPBD@Z 0042ea80 f   cvar.obj
 0001:0002db06       ?Cvar_BitInfo@@YAPBDI@Z    0042eb06 f   cvar.obj
 0001:0002db58       ?Cvar_Cheats@@YAX_N@Z      0042eb58 f   cvar.obj
 0001:0002e3cf       ?MSG_WriteDeltaEntity@@YAXPAVsizebuf_t@@PBUentityStateEx_t@@PAU2@_N33@Z 0042f3cf f   entdelta.obj
 0001:0002e98b       ?MSG_WriteRemoveEntity@@YAXPAVsizebuf_t@@H@Z 0042f98b f   entdelta.obj
 0001:0002e9cb       ?MSG_ReadEntityBits@@YAHPAVsizebuf_t@@PAIPA_N@Z 0042f9cb f   entdelta.obj
 0001:0002ea3d       ?MSG_ReadDeltaEntity@@YAXPAVsizebuf_t@@PBUentityStateEx_t@@PAU2@I@Z 0042fa3d f   entdelta.obj
 0001:0002eac0       ?MSG_WriteDeltaUsercmd@@YAXPAVsizebuf_t@@PBUusercmd_t@@PAU2@@Z 0042fac0 f   entdelta.obj
 0001:0002eb4f       ?MSG_ReadDeltaUsercmd@@YAXPAVsizebuf_t@@PBUusercmd_t@@PAU2@@Z 0042fb4f f   entdelta.obj
 0001:0002ee52       ?MSG_WriteDeltaPlayerstate@@YAXPAVsizebuf_t@@PBUplayer_state_t@@PAU2@@Z 0042fe52 f   entdelta.obj
 0001:0002ef5b       ?MSG_ReadDeltaPlayerstate@@YAXPAVsizebuf_t@@PBUplayer_state_t@@PAU2@@Z 0042ff5b f   entdelta.obj
 0001:0002f015       ?ProcessEntstring@@YAPBDPBD@Z 00430015 f   EntityParser.obj
 0001:0003073e       ?Inflate@CBox@@QAEXM@Z     0043173e f i EntityParser.obj
 0001:00031b07       ?LoadPCX@@YAPAEPBDAAH1AAPAE@Z 00432b07 f   images.obj
 0001:00031c42       ?LoadTGA@@YAPAEPBDAAH1@Z   00432c42 f   images.obj
 0001:00031ed6       ?LoadJPG@@YAPAEPBDAAH1@Z   00432ed6 f   images.obj
 0001:0003218a       ?ImageExists@@YAHPBDH@Z    0043318a f   images.obj
 0001:000322ae       ?WriteTGA@@YA_NPBDPAEHH@Z  004332ae f   images.obj
 0001:000324a2       ?WriteJPG@@YA_NPBDPAEHH_N@Z 004334a2 f   images.obj
 0001:000325d3       ??0CBrush@@QAE@ABUCBox@@@Z 004335d3 f   MapBrush.obj
 0001:00032724       ?Split@CBrush@@QAEPAU1@PAUCPlane@@@Z 00433724 f   MapBrush.obj
 0001:00033176       ?GetVec@CAllocVertexPool@@QAEPAUCVec3@@ABU2@@Z 00434176 f i MapBrush.obj
 0001:0003320a       ?GetBounds@CBrush@@QAEXAAUCBox@@@Z 0043420a f   MapBrush.obj
 0001:0003328c       ?AddBevels@CBrush@@QAEXP6APAUCPlane@@ABUCVec3@@M@Z@Z 0043428c f   MapBrush.obj
 0001:00033580       ?Negate@CVec3@@QAEXXZ      00434580 f i MapBrush.obj
 0001:0003358e       ?MD4Init@@YAXPAUMD4_CTX@@@Z 0043458e f   md4.obj
 0001:000335b6       ?MD4Update@@YAXPAUMD4_CTX@@PAEI@Z 004345b6 f   md4.obj
 0001:00033654       ?MD4Final@@YAXQAEPAUMD4_CTX@@@Z 00434654 f   md4.obj
 0001:00033d45       ?Com_BlockChecksum@@YAIPAXH@Z 00434d45 f   md4.obj
 0001:00033d81       ?LoadQ2BspFile@@YAXXZ      00434d81 f   model.obj
 0001:0003425a       ?LoadQ1BspFile@@YAXXZ      0043525a f   model.obj
 0001:0003457a       ?LoadQ3BspFile@@YAXXZ      0043557a f   model.obj
 0001:000347e7       ?LoadBspFile@@YAPAUbspfile_t@@PBD_NPAI@Z 004357e7 f   model.obj
 0001:000349ee       ?Init@sizebuf_t@@QAEXPAXH@Z 004359ee f   msg.obj
 0001:00034a0b       ?Write@sizebuf_t@@QAEXPBXH@Z 00435a0b f   msg.obj
 0001:00034a7d       ?MSG_WriteChar@@YAXPAVsizebuf_t@@H@Z 00435a7d f   msg.obj
 0001:00034a7d       ?MSG_WriteByte@@YAXPAVsizebuf_t@@H@Z 00435a7d f   msg.obj
 0001:00034a90       ?MSG_WriteShort@@YAXPAVsizebuf_t@@H@Z 00435a90 f   msg.obj
 0001:00034aa3       ?MSG_WriteLong@@YAXPAVsizebuf_t@@H@Z 00435aa3 f   msg.obj
 0001:00034ab6       ?MSG_WriteFloat@@YAXPAVsizebuf_t@@M@Z 00435ab6 f   msg.obj
 0001:00034ac9       ?MSG_WriteString@@YAXPAVsizebuf_t@@PBD@Z 00435ac9 f   msg.obj
 0001:00034af3       ?MSG_WritePos@@YAXPAVsizebuf_t@@ABUCVec3@@@Z 00435af3 f   msg.obj
 0001:00034b57       ?MSG_WriteAngle@@YAXPAVsizebuf_t@@M@Z 00435b57 f   msg.obj
 0001:00034b82       ?MSG_WriteAngle16@@YAXPAVsizebuf_t@@M@Z 00435b82 f   msg.obj
 0001:00034bad       ?MSG_WriteDir@@YAXPAVsizebuf_t@@ABUCVec3@@@Z 00435bad f   msg.obj
 0001:00034c15       ?MSG_ReadDir@@YAXPAVsizebuf_t@@AAUCVec3@@@Z 00435c15 f   msg.obj
 0001:00034c48       ?MSG_ReadChar@@YAHPAVsizebuf_t@@@Z 00435c48 f   msg.obj
 0001:00034c6b       ?MSG_ReadByte@@YAHPAVsizebuf_t@@@Z 00435c6b f   msg.obj
 0001:00034c93       ?MSG_ReadShort@@YAHPAVsizebuf_t@@@Z 00435c93 f   msg.obj
 0001:00034cbc       ?MSG_ReadLong@@YAHPAVsizebuf_t@@@Z 00435cbc f   msg.obj
 0001:00034cde       ?MSG_ReadString@@YAPADPAVsizebuf_t@@@Z 00435cde f   msg.obj
 0001:00034d14       ?MSG_ReadPos@@YAXPAVsizebuf_t@@AAUCVec3@@@Z 00435d14 f   msg.obj
 0001:00034d66       ?MSG_ReadAngle@@YAMPAVsizebuf_t@@@Z 00435d66 f   msg.obj
 0001:00034d80       ?MSG_ReadAngle16@@YAMPAVsizebuf_t@@@Z 00435d80 f   msg.obj
 0001:00034d9a       ?MSG_ReadData@@YAXPAVsizebuf_t@@PAXH@Z 00435d9a f   msg.obj
 0001:00034dbd       ?Netchan_Init@@YAXXZ       00435dbd f   net_chan.obj
 0001:00034e2c       ?Netchan_OutOfBandPrint@@YAXW4netsrc_t@@Unetadr_t@@PBDZZ 00435e2c f   net_chan.obj
 0001:00034eb1       ?Setup@netchan_t@@QAEXW4netsrc_t@@Unetadr_t@@H@Z 00435eb1 f   net_chan.obj
 0001:00034f07       ?NeedReliable@netchan_t@@QAE_NXZ 00435f07 f   net_chan.obj
 0001:00034f2c       ?Transmit@netchan_t@@QAEXPAXH@Z 00435f2c f   net_chan.obj
 0001:000350c2       ?Process@netchan_t@@QAE_NPAVsizebuf_t@@@Z 004360c2 f   net_chan.obj
 0001:000351ef       ?Pmove@@YAXPAUpmove_t@@@Z  004361ef f   pmove.obj
 0001:00036e65       ?FileExists@CQuakeFileSystem@@UAE_NPBDI@Z 00437e65 f i QuakeFileSystem.obj
 0001:00036ecc       ?CheckFilename@CQuakeFileSystem@@AAEXPBD@Z 00437ecc f i QuakeFileSystem.obj
 0001:00036f6b       ?OpenFile@CQuakeFileSystem@@UAEPAVCFile@@PBDI@Z 00437f6b f i QuakeFileSystem.obj
 0001:00036ffb       ?List@CQuakeFileSystem@@UAEPAVCFileList@@PBDIPAV2@@Z 00437ffb f i QuakeFileSystem.obj
 0001:0003708d       ??_ECQuakeFileSystem@@UAEPAXI@Z 0043808d f i QuakeFileSystem.obj
 0001:0003708d       ??_GCQuakeFileSystem@@UAEPAXI@Z 0043808d f i QuakeFileSystem.obj
 0001:0003708d       ??_ECFileSystem@@UAEPAXI@Z 0043808d f i QuakeFileSystem.obj
 0001:0003708d       ??_GCFileSystem@@UAEPAXI@Z 0043808d f i QuakeFileSystem.obj
 0001:000370ad       ?FS_Gamedir@@YAPBDXZ       004380ad f   QuakeFileSystem.obj
 0001:000370b3       ?FS_NextPath@@YAPBDPBD@Z   004380b3 f   QuakeFileSystem.obj
 0001:000370f7       ?FS_CopyFile@@YAXPBD0@Z    004380f7 f   QuakeFileSystem.obj
 0001:000371cd       ?FS_CopyFiles@@YAXPBD0@Z   004381cd f   QuakeFileSystem.obj
 0001:000372e7       ?FS_RemoveFiles@@YAXPBD@Z  004382e7 f   QuakeFileSystem.obj
 0001:000373a2       ?InitFileSystem@@YAXXZ     004383a2 f   QuakeFileSystem.obj
 0001:000374d6       ?Create@CFileContainerPak@@SAPAVCFileContainer@@PBDPAU_iobuf@@@Z 004384d6 f i QuakeFileSystem.obj
 0001:0003763f       ??0CFileContainerArc@@QAE@XZ 0043863f f i QuakeFileSystem.obj
 0001:00037686       ??_ECFileContainerArc@@UAEPAXI@Z 00438686 f i QuakeFileSystem.obj
 0001:00037686       ??_GCFileContainerArc@@UAEPAXI@Z 00438686 f i QuakeFileSystem.obj
 0001:000376b5       ?GetType@CFileContainerPak@@MAEPBDXZ 004386b5 f i QuakeFileSystem.obj
 0001:000376bb       ?OpenLocalFile@CFileContainerPak@@MAEPAVCFile@@ABVCStringItem@@@Z 004386bb f i QuakeFileSystem.obj
 0001:0003770b       ?Read@CFilePak@CFileContainerPak@@UAEHPAXH@Z 0043870b f i QuakeFileSystem.obj
 0001:00037745       ?GetSize@CFilePak@CFileContainerPak@@UAEHXZ 00438745 f i QuakeFileSystem.obj
 0001:0003774c       ?Eof@CFilePak@CFileContainerPak@@UAE_NXZ 0043874c f i QuakeFileSystem.obj
 0001:00037759       ??_ECFilePak@CFileContainerPak@@UAEPAXI@Z 00438759 f i QuakeFileSystem.obj
 0001:00037759       ??_GCFilePak@CFileContainerPak@@UAEPAXI@Z 00438759 f i QuakeFileSystem.obj
 0001:0003778e       ??_ECFileContainerPak@@UAEPAXI@Z 0043878e f i QuakeFileSystem.obj
 0001:0003778e       ??_GCFileContainerPak@@UAEPAXI@Z 0043878e f i QuakeFileSystem.obj
 0001:000377bd       ?Create@CFileContainerZip@@SAPAVCFileContainer@@PBDPAU_iobuf@@@Z 004387bd f i QuakeFileSystem.obj
 0001:00037abc       ?GetType@CFileContainerZip@@MAEPBDXZ 00438abc f i QuakeFileSystem.obj
 0001:00037ac2       ?OpenLocalFile@CFileContainerZip@@MAEPAVCFile@@ABVCStringItem@@@Z 00438ac2 f i QuakeFileSystem.obj
 0001:00037b5e       ??0CFilePak@CFileContainerZip@@QAE@ABVCFileInfo@1@PAU_iobuf@@@Z 00438b5e f i QuakeFileSystem.obj
 0001:00037bb0       ?Read@CFilePak@CFileContainerZip@@UAEHPAXH@Z 00438bb0 f i QuakeFileSystem.obj
 0001:00037cf9       ?GetSize@CFilePak@CFileContainerZip@@UAEHXZ 00438cf9 f i QuakeFileSystem.obj
 0001:00037d03       ?Eof@CFilePak@CFileContainerZip@@UAE_NXZ 00438d03 f i QuakeFileSystem.obj
 0001:00037d16       ??_GCFilePak@CFileContainerZip@@UAEPAXI@Z 00438d16 f i QuakeFileSystem.obj
 0001:00037d16       ??_ECFilePak@CFileContainerZip@@UAEPAXI@Z 00438d16 f i QuakeFileSystem.obj
 0001:00037d35       ??1CFilePak@CFileContainerZip@@UAE@XZ 00438d35 f i QuakeFileSystem.obj
 0001:00037da4       ??_ECFileContainerZip@@UAEPAXI@Z 00438da4 f i QuakeFileSystem.obj
 0001:00037da4       ??_GCFileContainerZip@@UAEPAXI@Z 00438da4 f i QuakeFileSystem.obj
 0001:00037dd3       ?Mount@CZResource@@SAPAVCFileContainer@@PBDPBE0PAVCFileSystem@@@Z 00438dd3 f i QuakeFileSystem.obj
 0001:00037f7f       ?GetType@CZResource@@MAEPBDXZ 00438f7f f i QuakeFileSystem.obj
 0001:00037f85       ?OpenLocalFile@CZResource@@MAEPAVCFile@@ABVCStringItem@@@Z 00438f85 f i QuakeFileSystem.obj
 0001:00037fb6       ??0CFileRes@CZResource@@QAE@ABVCFileInfo@1@PBXH@Z 00438fb6 f i QuakeFileSystem.obj
 0001:00038069       ?Read@CFileRes@CZResource@@UAEHPAXH@Z 00439069 f i QuakeFileSystem.obj
 0001:000380bc       ?GetSize@CFileRes@CZResource@@UAEHXZ 004390bc f i QuakeFileSystem.obj
 0001:000380c3       ?Eof@CFileRes@CZResource@@UAE_NXZ 004390c3 f i QuakeFileSystem.obj
 0001:000380d0       ??_GCFileRes@CZResource@@UAEPAXI@Z 004390d0 f i QuakeFileSystem.obj
 0001:000380d0       ??_ECFileRes@CZResource@@UAEPAXI@Z 004390d0 f i QuakeFileSystem.obj
 0001:00038102       ??_GCZResource@@UAEPAXI@Z  00439102 f i QuakeFileSystem.obj
 0001:00038102       ??_ECZResource@@UAEPAXI@Z  00439102 f i QuakeFileSystem.obj
 0001:00038131       ?MountGame@CQuakeFileSystem@@QAEXPBD@Z 00439131 f i QuakeFileSystem.obj
 0001:0003817c       ?SetGameDir@CQuakeFileSystem@@QAE_NPBD@Z 0043917c f i QuakeFileSystem.obj
 0001:0003837e       ?FS_Tick@@YAXXZ            0043937e f   QuakeFileSystem.obj
 0001:000384cb       ?CDAudio_Play@@YAXH_N@Z    004394cb f   cd_win.obj
 0001:000386be       ?CDAudio_Stop@@YAXXZ       004396be f   cd_win.obj
 0001:0003877f       ?CDAudio_Update@@YAXXZ     0043977f f   cd_win.obj
 0001:00038822       ?CDAudio_Init@@YA_NXZ      00439822 f   cd_win.obj
 0001:00038c43       ?CDAudio_Shutdown@@YAXXZ   00439c43 f   cd_win.obj
 0001:00038c66       ?CDAudio_Activate@@YAX_N@Z 00439c66 f   cd_win.obj
 0001:00038c7d       ?IN_Init@@YAXXZ            00439c7d f   in_win.obj
 0001:00038f0a       ?IN_Shutdown@@YAXXZ        00439f0a f   in_win.obj
 0001:0003916b       ?IN_Activate@@YAX_N@Z      0043a16b f   in_win.obj
 0001:00039178       ?IN_Frame@@YAXXZ           0043a178 f   in_win.obj
 0001:000394da       ?IN_Move@@YAXPAUusercmd_t@@@Z 0043a4da f   in_win.obj
 0001:00039985       ?NET_CompareAdr@@YA_NPAUnetadr_t@@0@Z 0043a985 f   net_wins.obj
 0001:000399c0       ?NET_CompareBaseAdr@@YA_NPAUnetadr_t@@0@Z 0043a9c0 f   net_wins.obj
 0001:000399ed       ?NET_AdrToString@@YAPBDPAUnetadr_t@@@Z 0043a9ed f   net_wins.obj
 0001:00039a33       ?NET_StringToAdr@@YA_NPBDPAUnetadr_t@@F@Z 0043aa33 f   net_wins.obj
 0001:00039b48       ?NET_IsLocalAddress@@YA_NPAUnetadr_t@@@Z 0043ab48 f   net_wins.obj
 0001:00039b57       ?NET_GetPacket@@YA_NW4netsrc_t@@PAUnetadr_t@@PAVsizebuf_t@@@Z 0043ab57 f   net_wins.obj
 0001:00039cd6       ?NET_SendPacket@@YAXW4netsrc_t@@HPAXUnetadr_t@@@Z 0043acd6 f   net_wins.obj
 0001:00039df4       ?NET_Config@@YAX_N@Z       0043adf4 f   net_wins.obj
 0001:00039fcf       ?NET_Init@@YAXXZ           0043afcf f   net_wins.obj
 0001:0003a082       ?SNDDMA_Init@@YA_NXZ       0043b082 f   snd_win.obj
 0001:0003a6cd       ?SNDDMA_GetDMAPos@@YAHXZ   0043b6cd f   snd_win.obj
 0001:0003a717       ?SNDDMA_BeginPainting@@YAXXZ 0043b717 f   snd_win.obj
 0001:0003a836       ?SNDDMA_Submit@@YAXXZ      0043b836 f   snd_win.obj
 0001:0003a85b       ?SNDDMA_Shutdown@@YAXXZ    0043b85b f   snd_win.obj
 0001:0003a860       ?S_Activate@@YAX_N@Z       0043b860 f   snd_win.obj
 0001:0003a8b3       ?Write@COutputDeviceWin32Console@@UAEXPBD@Z 0043b8b3 f i sys_win.obj
 0001:0003a92b       ?EraseInput@COutputDeviceWin32Console@@QAEXXZ 0043b92b f i sys_win.obj
 0001:0003a9b1       ??_ECOutputDeviceWin32Console@@UAEPAXI@Z 0043b9b1 f i sys_win.obj
 0001:0003a9b1       ??_GCOutputDeviceWin32Console@@UAEPAXI@Z 0043b9b1 f i sys_win.obj
 0001:0003a9d1       ?Sys_ConsoleInput@@YAPADXZ 0043b9d1 f   sys_win.obj
 0001:0003ac5a       ?Sys_ProcessMessages@@YAXXZ 0043bc5a f   sys_win.obj
 0001:0003ad13       _WinMain@16                0043bd13 f   sys_win.obj
 0001:0003b01b       ??_ECOutputDeviceCon@@UAEPAXI@Z 0043c01b f i sys_win.obj
 0001:0003b01b       ??_GCOutputDeviceCon@@UAEPAXI@Z 0043c01b f i sys_win.obj
 0001:0003b0c3       ?Init@COutputDeviceWin32Console@@QAEXXZ 0043c0c3 f i sys_win.obj
 0001:0003b0ed       ?AddMsgHook@@YAXP6A_NIIJ@Z@Z 0043c0ed f   vid_dll.obj
 0001:0003b134       ?RemoveMsgHook@@YAXP6A_NIIJ@Z@Z 0043c134 f   vid_dll.obj
 0001:0003b167       ?Vid_CreateWindow@@YAPAXHH_N@Z 0043c167 f   vid_dll.obj
 0001:0003b860       ?Vid_DestroyWindow@@YAX_N@Z 0043c860 f   vid_dll.obj
 0001:0003b89f       ?Vid_Restart@@YAXXZ        0043c89f f   vid_dll.obj
 0001:0003b8ab       ?Vid_GetModeInfo@@YA_NPAH0H@Z 0043c8ab f   vid_dll.obj
 0001:0003b8dd       ?Vid_Tick@@YAXXZ           0043c8dd f   vid_dll.obj
 0001:0003ba8e       ?Vid_Init@@YAXXZ           0043ca8e f   vid_dll.obj
 0001:0003bb31       ?Vid_Shutdown@@YAXXZ       0043cb31 f   vid_dll.obj
 0001:0003bb50       ?PreLight@Comb@OpenGLDrv@@YAHPBVshader_t@2@@Z 0043cb50 f   gl_backend.obj
 0001:0003bcde       ?AddStaticStages@Comb@OpenGLDrv@@YAXPBVshader_t@2@H@Z 0043ccde f   gl_backend.obj
 0001:0003bdb3       ?ComputeConstColor@Comb@OpenGLDrv@@YAXXZ 0043cdb3 f   gl_backend.obj
 0001:0003c0d8       ?NoMultitexture@Comb@OpenGLDrv@@YAXXZ 0043d0d8 f   gl_backend.obj
 0001:0003c12f       ?UseMultitexture@Comb@OpenGLDrv@@YAXPBD@Z 0043d12f f   gl_backend.obj
 0001:0003c76c       ?ShowFillrate@Comb@OpenGLDrv@@YAXPBVshader_t@2@@Z 0043d76c f   gl_backend.obj
 0001:0003c818       ?DebugLight@Comb@OpenGLDrv@@YAXPBVshader_t@2@@Z 0043d818 f   gl_backend.obj
 0001:0003c995       ?BK_FlushShader@OpenGLDrv@@YAXXZ 0043d995 f   gl_backend.obj
 0001:0003e54a       ?Tesselate@surfacePlanar_t@OpenGLDrv@@UAEXAAUrefEntity_t@2@@Z 0043f54a f   gl_backend.obj
 0001:0003e6b0       ?Tesselate@surfaceTrisurf_t@OpenGLDrv@@UAEXAAUrefEntity_t@2@@Z 0043f6b0 f   gl_backend.obj
 0001:0003e7b8       ?Tesselate@surfacePoly_t@OpenGLDrv@@UAEXAAUrefEntity_t@2@@Z 0043f7b8 f   gl_backend.obj
 0001:0003e8bf       ?Tesselate@surfaceMd3_t@OpenGLDrv@@UAEXAAUrefEntity_t@2@@Z 0043f8bf f   gl_backend.obj
 0001:0003ee6d       ?DrawBrush@OpenGLDrv@@YAXPBUCBrush@@PBDH@Z 0043fe6d f   gl_backend.obj
 0001:0003eed0       ?Tesselate@surfaceEntity_t@OpenGLDrv@@UAEXAAUrefEntity_t@2@@Z 0043fed0 f   gl_backend.obj
 0001:0003efb4       ?Tesselate@surfaceParticle_t@OpenGLDrv@@UAEXAAUrefEntity_t@2@@Z 0043ffb4 f   gl_backend.obj
 0001:0003f204       ?BK_DrawScene@OpenGLDrv@@YAXXZ 00440204 f   gl_backend.obj
 0001:0003fa58       ?BK_DrawPic@OpenGLDrv@@YAXPAVshader_t@1@HHHHMMMMIE@Z 00440a58 f   gl_backend.obj
 0001:0003fc39       ?BK_DrawText@OpenGLDrv@@YAXPBDHHHHHI@Z 00440c39 f   gl_backend.obj
 0001:0003fe2e       ?BK_BeginFrame@OpenGLDrv@@YAXXZ 00440e2e f   gl_backend.obj
 0001:0003fe92       ?BK_EndFrame@OpenGLDrv@@YAXXZ 00440e92 f   gl_backend.obj
 0001:0003fee7       ?BK_Init@OpenGLDrv@@YAXXZ  00440ee7 f   gl_backend.obj
 0001:0003ff16       ?BK_Shutdown@OpenGLDrv@@YAXXZ 00440f16 f   gl_backend.obj
 0001:0003ff2e       ?AllocDynamicMemory@OpenGLDrv@@YAPAXH@Z 00440f2e f   gl_buffers.obj
 0001:0003ff9c       ?ResizeDynamicMemory@OpenGLDrv@@YAXPAXH@Z 00440f9c f   gl_buffers.obj
 0001:0003ffe0       ?AddSurfaceToPortal@OpenGLDrv@@YAXPAVsurfaceBase_t@1@PAVshader_t@1@HH@Z 00440fe0 f   gl_buffers.obj
 0001:00040051       ?InsertShaderIndex@OpenGLDrv@@YAXH@Z 00441051 f   gl_buffers.obj
 0001:0004008d       ?ClearPortal@OpenGLDrv@@YAXXZ 0044108d f   gl_buffers.obj
 0001:000400ab       ?SortSurfaces@OpenGLDrv@@YAXPAUviewPortal_t@1@PAPAUsurfaceInfo_t@1@@Z 004410ab f   gl_buffers.obj
 0001:0004023d       ?ClearBuffers@OpenGLDrv@@YAXXZ 0044123d f   gl_buffers.obj
 0001:00040254       ?CreateBuffers@OpenGLDrv@@YAXXZ 00441254 f   gl_buffers.obj
 0001:0004027a       ?FreeBuffers@OpenGLDrv@@YAXXZ 0044127a f   gl_buffers.obj
 0001:0004029e       ?InitEntity@model_t@OpenGLDrv@@UAE_NPAUentity_t@@PAUrefEntity_t@2@@Z 0044129e f   gl_frontend.obj
 0001:000402a3       ?AddSurfaces@model_t@OpenGLDrv@@UAEXPAUrefEntity_t@2@@Z 004412a3 f   gl_frontend.obj
 0001:000402d4       ?GetLeaf@model_t@OpenGLDrv@@UAEPBUCBspLeaf@@PAUrefEntity_t@2@@Z 004412d4 f   gl_frontend.obj
 0001:000402eb       ?DrawLabel@model_t@OpenGLDrv@@UAEXPAUrefEntity_t@2@@Z 004412eb f   gl_frontend.obj
 0001:000402ee       ?InitEntity@inlineModel_t@OpenGLDrv@@UAE_NPAUentity_t@@PAUrefEntity_t@2@@Z 004412ee f   gl_frontend.obj
 0001:0004035b       ?AddSurfaces@inlineModel_t@OpenGLDrv@@UAEXPAUrefEntity_t@2@@Z 0044135b f   gl_frontend.obj
 0001:00040898       ?GetLeaf@inlineModel_t@OpenGLDrv@@UAEPBUCBspLeaf@@PAUrefEntity_t@2@@Z 00441898 f   gl_frontend.obj
 0001:00040a43       ?DrawLabel@inlineModel_t@OpenGLDrv@@UAEXPAUrefEntity_t@2@@Z 00441a43 f   gl_frontend.obj
 0001:00040a8c       ?InitEntity@md3Model_t@OpenGLDrv@@UAE_NPAUentity_t@@PAUrefEntity_t@2@@Z 00441a8c f   gl_frontend.obj
 0001:00040c6a       ?AddSurfaces@md3Model_t@OpenGLDrv@@UAEXPAUrefEntity_t@2@@Z 00441c6a f   gl_frontend.obj
 0001:00040da4       ?GetLeaf@md3Model_t@OpenGLDrv@@UAEPBUCBspLeaf@@PAUrefEntity_t@2@@Z 00441da4 f   gl_frontend.obj
 0001:00040ddf       ?DrawLabel@md3Model_t@OpenGLDrv@@UAEXPAUrefEntity_t@2@@Z 00441ddf f   gl_frontend.obj
 0001:00040e48       ?InitEntity@sprModel_t@OpenGLDrv@@UAE_NPAUentity_t@@PAUrefEntity_t@2@@Z 00441e48 f   gl_frontend.obj
 0001:00040e6b       ?AddSurfaces@sprModel_t@OpenGLDrv@@UAEXPAUrefEntity_t@2@@Z 00441e6b f   gl_frontend.obj
 0001:00040fe9       ?GetLeaf@sprModel_t@OpenGLDrv@@UAEPBUCBspLeaf@@PAUrefEntity_t@2@@Z 00441fe9 f   gl_frontend.obj
 0001:000410d1       ?AddEntity@OpenGLDrv@@YAXPAUentity_t@@@Z 004420d1 f   gl_frontend.obj
 0001:0004128a       ?AddDlight@OpenGLDrv@@YAXPAUdlight_t@@@Z 0044228a f   gl_frontend.obj
 0001:00041442       ?DrawPortal@OpenGLDrv@@YAXXZ 00442442 f   gl_frontend.obj
 0001:0004365a       ?GL_TextureMode@OpenGLDrv@@YAXPBD@Z 0044465a f   gl_image.obj
 0001:00043705       ?CreateImage@OpenGLDrv@@YAPAVimage_t@1@PBDPAXHHI@Z 00444705 f   gl_image.obj
 0001:000444b7       ?CreateImage8@OpenGLDrv@@YAPAVimage_t@1@PBDPAXHHIPAI@Z 004454b7 f   gl_image.obj
 0001:00044596       ?LoadDelayedImages@OpenGLDrv@@YAXXZ 00445596 f   gl_image.obj
 0001:00044629       ?DrawStretchRaw8@OpenGLDrv@@YAXHHHHHHPAEPAI@Z 00445629 f   gl_image.obj
 0001:0004495c       ?SetupGamma@OpenGLDrv@@YAXXZ 0044595c f   gl_image.obj
 0001:00044aa2       ?PerformScreenshot@OpenGLDrv@@YAXXZ 00445aa2 f   gl_image.obj
 0001:00044d13       ?InitImages@OpenGLDrv@@YAXXZ 00445d13 f   gl_image.obj
 0001:000454ec       ?ShutdownImages@OpenGLDrv@@YAXXZ 004464ec f   gl_image.obj
 0001:00045553       ?ShowImages@OpenGLDrv@@YAXXZ 00446553 f   gl_image.obj
 0001:000457df       ?FindImage@OpenGLDrv@@YAPAVimage_t@1@PBDI@Z 004467df f   gl_image.obj
 0001:00045bc3       ?GetImageColor@OpenGLDrv@@YA_NPBDIPATcolor_t@@@Z 00446bc3 f   gl_image.obj
 0001:00045c34       ?GL_Lock@OpenGLDrv@@YAXXZ  00446c34 f   gl_interface.obj
 0001:00045cac       ?GL_Unlock@OpenGLDrv@@YAXXZ 00446cac f   gl_interface.obj
 0001:00045e6e       ?GL_Bind@OpenGLDrv@@YAXPBVimage_t@1@@Z 00446e6e f   gl_interface.obj
 0001:00046003       ?GL_BindForce@OpenGLDrv@@YAXPBVimage_t@1@@Z 00447003 f   gl_interface.obj
 0001:0004609b       ?GL_TexEnv@OpenGLDrv@@YAXI@Z 0044709b f   gl_interface.obj
 0001:0004621a       ?GL_TexMipBias@OpenGLDrv@@YAXM@Z 0044721a f   gl_interface.obj
 0001:00046276       ?GL_TexEnvColor@OpenGLDrv@@YAXPBTcolor_t@@@Z 00447276 f   gl_interface.obj
 0001:00046326       ?GL_SelectTexture@OpenGLDrv@@YAXH@Z 00447326 f   gl_interface.obj
 0001:00046389       ?GL_TexCoordPointer@OpenGLDrv@@YAXPAX@Z 00447389 f   gl_interface.obj
 0001:000463bc       ?GL_SetMultitexture@OpenGLDrv@@YAXH@Z 004473bc f   gl_interface.obj
 0001:000464ad       ?GL_DisableTexCoordArrays@OpenGLDrv@@YAXXZ 004474ad f   gl_interface.obj
 0001:00046501       ?GL_CullFace@OpenGLDrv@@YAXW4gl_cullMode_t@1@@Z 00447501 f   gl_interface.obj
 0001:00046555       ?GL_DepthRange@OpenGLDrv@@YAXW4gl_depthMode_t@1@@Z 00447555 f   gl_interface.obj
 0001:0004658b       ?GL_State@OpenGLDrv@@YAXI@Z 0044758b f   gl_interface.obj
 0001:000466db       ?GL_EnableFog@OpenGLDrv@@YAX_N@Z 004476db f   gl_interface.obj
 0001:000467b5       ?GL_SetDefaultState@OpenGLDrv@@YAXXZ 004477b5 f   gl_interface.obj
 0001:0004690c       ?GL_Set2DMode@OpenGLDrv@@YAXXZ 0044790c f   gl_interface.obj
 0001:00046a00       ?GL_Set3DMode@OpenGLDrv@@YAXPAUviewPortal_t@1@@Z 00447a00 f   gl_interface.obj
 0001:00046aeb       ?Show@CPointLight@OpenGLDrv@@UBEXXZ 00447aeb f   gl_light.obj
 0001:00046cf1       ?Show@CSurfLight@OpenGLDrv@@UBEXXZ 00447cf1 f   gl_light.obj
 0001:00046e51       ?ShowLights@OpenGLDrv@@YAXXZ 00447e51 f   gl_light.obj
 0001:00046ed6       ?Init@CPointLight@OpenGLDrv@@UAEXXZ 00447ed6 f   gl_light.obj
 0001:00046eee       ?Init@CLightLinear@OpenGLDrv@@EAEXXZ 00447eee f   gl_light.obj
 0001:00046f22       ?GetScale@CLightLinear@OpenGLDrv@@EBEMM@Z 00447f22 f   gl_light.obj
 0001:00046f32       ?Init@CLightInv@OpenGLDrv@@EAEXXZ 00447f32 f   gl_light.obj
 0001:00046f4e       ?GetScale@CLightInv@OpenGLDrv@@EBEMM@Z 00447f4e f   gl_light.obj
 0001:00046f6a       ?Init@CLightInv2@OpenGLDrv@@EAEXXZ 00447f6a f   gl_light.obj
 0001:00046fd3       ?GetScale@CLightInv2@OpenGLDrv@@EBEMM@Z 00447fd3 f   gl_light.obj
 0001:00046ff5       ?Init@CLightNofade@OpenGLDrv@@EAEXXZ 00447ff5 f   gl_light.obj
 0001:00047006       ?GetScale@CLightNofade@OpenGLDrv@@EBEMM@Z 00448006 f   gl_light.obj
 0001:0004700c       ?Add@CPointLight@OpenGLDrv@@UBEXABUCVec3@@ABUCAxis@@@Z 0044800c f   gl_light.obj
 0001:00047458       ?Init@CSurfLight@OpenGLDrv@@UAEXXZ 00448458 f   gl_light.obj
 0001:00047533       ?Add@CSurfLight@OpenGLDrv@@UBEXABUCVec3@@ABUCAxis@@@Z 00448533 f   gl_light.obj
 0001:00047954       ?Init@CSunLight@OpenGLDrv@@UAEXXZ 00448954 f   gl_light.obj
 0001:00047a01       ?Add@CSunLight@OpenGLDrv@@UBEXABUCVec3@@ABUCAxis@@@Z 00448a01 f   gl_light.obj
 0001:00047ac7       ?LightForEntity@OpenGLDrv@@YAXPAUrefEntity_t@1@@Z 00448ac7 f   gl_light.obj
 0001:000483a2       ?DiffuseLight@OpenGLDrv@@YAXPATcolor_t@@M@Z 004493a2 f   gl_light.obj
 0001:000485ee       ?InitLightGrid@OpenGLDrv@@YAXXZ 004495ee f   gl_light.obj
 0001:00048694       ?PostLoadLights@OpenGLDrv@@YAXXZ 00449694 f   gl_light.obj
 0001:0004877d       ?LM_Init@OpenGLDrv@@YAXXZ  0044977d f   gl_lightmap.obj
 0001:00048793       ?LM_Flush@OpenGLDrv@@YAXPAUlightmapBlock_t@1@@Z 00449793 f   gl_lightmap.obj
 0001:000487f3       ?LM_Done@OpenGLDrv@@YAXXZ  004497f3 f   gl_lightmap.obj
 0001:0004881a       ?LM_Save@OpenGLDrv@@YAXPAUlightmapBlock_t@1@@Z 0044981a f   gl_lightmap.obj
 0001:00048835       ?LM_Restore@OpenGLDrv@@YAXPAUlightmapBlock_t@1@@Z 00449835 f   gl_lightmap.obj
 0001:00048850       ?LM_NewBlock@OpenGLDrv@@YAPAUlightmapBlock_t@1@XZ 00449850 f   gl_lightmap.obj
 0001:000488af       ?LM_Rewind@OpenGLDrv@@YAXXZ 004498af f   gl_lightmap.obj
 0001:000488b7       ?LM_NextBlock@OpenGLDrv@@YAPAUlightmapBlock_t@1@XZ 004498b7 f   gl_lightmap.obj
 0001:000488e4       ?LM_CheckMinlight@OpenGLDrv@@YAXPAUdynamicLightmap_t@1@@Z 004498e4 f   gl_lightmap.obj
 0001:0004897a       ?LM_AllocBlock@OpenGLDrv@@YA_NPAUlightmapBlock_t@1@PAUdynamicLightmap_t@1@@Z 0044997a f   gl_lightmap.obj
 0001:00048aa0       ?LM_Copy@OpenGLDrv@@YAXPAE0HH@Z 00449aa0 f   gl_lightmap.obj
 0001:00048e1a       ?LM_PutBlock@OpenGLDrv@@YAXPAUdynamicLightmap_t@1@@Z 00449e1a f   gl_lightmap.obj
 0001:00048f31       ?LM_PutBlock1@OpenGLDrv@@YAXPAUdynamicLightmap_t@1@@Z 00449f31 f   gl_lightmap.obj
 0001:00049082       ?LM_SortLightStyles@OpenGLDrv@@YAXPAUdynamicLightmap_t@1@@Z 0044a082 f   gl_lightmap.obj
 0001:00049114       ?UpdateDynamicLightmap@OpenGLDrv@@YAXPAVsurfacePlanar_t@1@_NI@Z 0044a114 f   gl_lightmap.obj
 0001:00049954       ?LM_IsMonotone@OpenGLDrv@@YA_NPAUdynamicLightmap_t@1@PATcolor_t@@@Z 0044a954 f   gl_lightmap.obj
 0001:00049a5b       ?Init@OpenGLDrv@@YA_NXZ    0044aa5b f   gl_main.obj
 0001:0004a14a       ?Shutdown@OpenGLDrv@@YAX_N@Z 0044b14a f   gl_main.obj
 0001:0004a1d3       ?GL_EnableRendering@OpenGLDrv@@YAX_N@Z 0044b1d3 f   gl_main.obj
 0001:0004a1f1       ?BeginFrame@OpenGLDrv@@YAXN@Z 0044b1f1 f   gl_main.obj
 0001:0004a323       ?EndFrame@OpenGLDrv@@YAXXZ 0044b323 f   gl_main.obj
 0001:0004a33b       ?RenderFrame@OpenGLDrv@@YAXPAUrefdef_t@@@Z 0044b33b f   gl_main.obj
 0001:0004a881       ?Zero@FDrawStats@OpenGLDrv@@QAEXXZ 0044b881 f i gl_main.obj
 0001:0004ac92       ?Fill8@OpenGLDrv@@YAXHHHHH@Z 0044bc92 f   gl_main.obj
 0001:0004acd5       ?Fill@OpenGLDrv@@YAXHHHHI@Z 0044bcd5 f   gl_main.obj
 0001:0004ad11       ?TileClear@OpenGLDrv@@YAXHHHHPBD@Z 0044bd11 f   gl_main.obj
 0001:0004adb2       ?DrawStretchPic@OpenGLDrv@@YAXHHHHPBD@Z 0044bdb2 f   gl_main.obj
 0001:0004adf7       ?DrawDetailedPic@OpenGLDrv@@YAXHHHHPBD@Z 0044bdf7 f   gl_main.obj
 0001:0004aea1       ?DrawPic@OpenGLDrv@@YAXHHPBDHH@Z 0044bea1 f   gl_main.obj
 0001:0004af29       ?LoadNewWorld@OpenGLDrv@@YAXXZ 0044bf29 f   gl_main.obj
 0001:0004af49       ?DumpLoadStats@OpenGLDrv@@YAXXZ 0044bf49 f   gl_main.obj
 0001:0004afcf       ?FinishLoadingWorld@OpenGLDrv@@YAXXZ 0044bfcf f   gl_main.obj
 0001:0004afd4       ?RegisterPic@OpenGLDrv@@YAPAVCBasicImage@@PBD@Z 0044bfd4 f   gl_main.obj
 0001:0004afe8       ?RegisterSkin@OpenGLDrv@@YAPAVCBasicImage@@PBD_N@Z 0044bfe8 f   gl_main.obj
 0001:0004b008       ?RegisterModel@OpenGLDrv@@YAPAVCRenderModel@@PBD@Z 0044c008 f   gl_main.obj
 0001:0004b016       ?SetSky@OpenGLDrv@@YAXPBDMABUCVec3@@@Z 0044c016 f   gl_main.obj
 0001:0004b11e       ?Screenshot@OpenGLDrv@@YAXHPBD@Z 0044c11e f   gl_main.obj
 0001:0004b146       ?GetClientLight@OpenGLDrv@@YAMXZ 0044c146 f   gl_main.obj
 0001:0004b14d       ?InitFuncTables@OpenGLDrv@@YAXXZ 0044c14d f   gl_math.obj
 0001:0004b251       ?BuildRotationAxis@OpenGLDrv@@YAXAAUCAxis@@ABUCVec3@@M@Z 0044c251 f   gl_math.obj
 0001:0004b348       ?GetBoxRect@OpenGLDrv@@YA_NPBUrefEntity_t@1@ABUCVec3@@QAM2_N@Z 0044c348 f   gl_math.obj
 0001:0004b652       ?ProjectToScreen@OpenGLDrv@@YA_NABUCVec3@@QAH@Z 0044c652 f   gl_math.obj
 0001:0004b795       ?SaturateColor3f@OpenGLDrv@@YAXAAUCVec3@@@Z 0044c795 f   gl_math.obj
 0001:0004b885       ?SaturateColor4b@OpenGLDrv@@YAXPATcolor_t@@@Z 0044c885 f   gl_math.obj
 0001:0004b993       ?SubdividePlane@OpenGLDrv@@YAHPAPAUCVec3@@HM@Z 0044c993 f   gl_poly.obj
 0001:0004be72       ?FreeSubdividedPlane@OpenGLDrv@@YAXXZ 0044ce72 f   gl_poly.obj
 0001:0004be8a       ?GetSubdivideIndexes@OpenGLDrv@@YAXPAH@Z 0044ce8a f   gl_poly.obj
 0001:0004bee0       ?RemoveCollinearPoints@OpenGLDrv@@YAHPAPAUCVec3@@H@Z 0044cee0 f   gl_poly.obj
 0001:0004bfd6       ?InitShaders@OpenGLDrv@@YAXXZ 0044cfd6 f   gl_shader.obj
 0001:0004c174       ?ShutdownShaders@OpenGLDrv@@YAXXZ 0044d174 f   gl_shader.obj
 0001:0004c1b2       ?GetLightmapImage@OpenGLDrv@@YAPAVimage_t@1@H@Z 0044d1b2 f   gl_shader.obj
 0001:0004c1dd       ?SetShaderLightmap@OpenGLDrv@@YAPAVshader_t@1@PAV21@H@Z 0044d1dd f   gl_shader.obj
 0001:0004c5b1       ??4shader_t@OpenGLDrv@@QAEAAV01@ABV01@@Z 0044d5b1 f i gl_shader.obj
 0001:0004c87b       ?SetShaderLightstyles@OpenGLDrv@@YAPAVshader_t@1@PAV21@I_N@Z 0044d87b f   gl_shader.obj
 0001:0004c92d       ?GetAlphaShader@OpenGLDrv@@YAPAVshader_t@1@PAV21@@Z 0044d92d f   gl_shader.obj
 0001:0004ce1d       ?SetShaderAnimFreq@OpenGLDrv@@YAXPAVshader_t@1@H@Z 0044de1d f   gl_shader.obj
 0001:0004ce73       ?FindShader@OpenGLDrv@@YAPAVshader_t@1@PBDI@Z 0044de73 f   gl_shader.obj
 0001:0004eb34       ?GetShaderByNum@OpenGLDrv@@YAPAVshader_t@1@H@Z 0044fb34 f   gl_shader.obj
 0001:0004eb56       ?ResetShaders@OpenGLDrv@@YAXXZ 0044fb56 f   gl_shader.obj
 0001:0004ed8b       ?Reload@shader_t@OpenGLDrv@@UAEXXZ 0044fd8b f   gl_shader.obj
 0001:0004edba       ?Insert@?$TList@VplayerModelInfo_t@@@@QAE_NPAVplayerModelInfo_t@@@Z 0044fdba f i gl_shader.obj
 0001:0004edba       ?Insert@?$TList@VCStringItem@@@@QAE_NPAVCStringItem@@@Z 0044fdba f i gl_shader.obj
 0001:0004edba       ?Insert@?$TList@VshaderScript_t@OpenGLDrv@@@@QAE_NPAVshaderScript_t@OpenGLDrv@@@Z 0044fdba f i gl_shader.obj
 0001:0004edf0       ?ClearSky@OpenGLDrv@@YAXXZ 0044fdf0 f   gl_sky.obj
 0001:0004ee4d       ?AddToSky@surfaceBase_t@OpenGLDrv@@UAEX_N@Z 0044fe4d f   gl_sky.obj
 0001:0004ee61       ?AddToSky@surfacePlanar_t@OpenGLDrv@@UAEX_N@Z 0044fe61 f   gl_sky.obj
 0001:0004f694       ?AddToSky@surfaceTrisurf_t@OpenGLDrv@@UAEX_N@Z 00450694 f   gl_sky.obj
 0001:0004f6d9       ?DrawSky@OpenGLDrv@@YAXXZ  004506d9 f   gl_sky.obj
 0001:0004feca       ?DrawChar@OpenGLDrv@@YAXHHHH@Z 00450eca f   gl_text.obj
 0001:0004ff24       ?ClearTexts@OpenGLDrv@@YAXXZ 00450f24 f   gl_text.obj
 0001:0004ff39       ?FlushTexts@OpenGLDrv@@YAXXZ 00450f39 f   gl_text.obj
 0001:0004ffe5       ?DrawTextPos@OpenGLDrv@@YAXHHPBDI@Z 00450fe5 f   gl_text.obj
 0001:00050011       ?DrawTextLeft@OpenGLDrv@@YAXPBDI@Z 00451011 f   gl_text.obj
 0001:00050099       ?DrawTextRight@OpenGLDrv@@YAXPBDI@Z 00451099 f   gl_text.obj
 0001:000500e3       ?DrawText3D@OpenGLDrv@@YAXABUCVec3@@PBDI@Z 004510e3 f   gl_text.obj
 0001:00050110       ?InitTexts@OpenGLDrv@@YAXXZ 00451110 f   gl_text.obj
 0001:0005012a       ??0?$TTextContainer@UCRText@OpenGLDrv@@$0BAAAA@@@QAE@XZ 0045112a f i gl_text.obj
 0001:0005014f       ?FindModel@OpenGLDrv@@YAPAVmodel_t@1@PBD@Z 0045114f f   gl_model.obj
 0001:0005033f       ?FreeModels@OpenGLDrv@@YAXXZ 0045133f f   gl_model.obj
[...]
 0001:00065cd6       _noscale                   00466cd6 f   libs-vc-win32:jcscale.obj
 0001:0006577f       _start_pass                0046677f f   libs-vc-win32:jcpred.obj
 0001:000657d7       _reset_predictor           004667d7 f   libs-vc-win32:jcpred.obj
 0001:00065804       _jpeg_difference_first_row 00466804 f   libs-vc-win32:jcpred.obj
 0001:000658ee       _jpeg_difference1          004668ee f   libs-vc-win32:jcpred.obj
 0001:0006595c       _jpeg_difference2          0046695c f   libs-vc-win32:jcpred.obj
 0001:000659cd       _jpeg_difference3          004669cd f   libs-vc-win32:jcpred.obj
 0001:00065a45       _jpeg_difference4          00466a45 f   libs-vc-win32:jcpred.obj
 0001:00065ad0       _jpeg_difference5          00466ad0 f   libs-vc-win32:jcpred.obj
 0001:00065b63       _jpeg_difference6          00466b63 f   libs-vc-win32:jcpred.obj
 0001:00065bf2       _jpeg_difference7          00466bf2 f   libs-vc-win32:jcpred.obj
 0001:0006506e       _start_pass_huff           0046606e f   libs-vc-win32:jclhuff.obj
 0001:0006520b       _encode_mcus_huff          0046620b f   libs-vc-win32:jclhuff.obj
 0001:000653f6       _emit_bits                 004663f6 f   libs-vc-win32:jclhuff.obj
 0001:00065499       _dump_buffer               00466499 f   libs-vc-win32:jclhuff.obj
 0001:000654bd       _emit_restart              004664bd f   libs-vc-win32:jclhuff.obj
 0001:00065508       _flush_bits                00466508 f   libs-vc-win32:jclhuff.obj
 0001:0006552c       _finish_pass_huff          0046652c f   libs-vc-win32:jclhuff.obj
 0001:00065599       _encode_mcus_gather        00466599 f   libs-vc-win32:jclhuff.obj
 0001:000656c2       _finish_pass_gather        004666c2 f   libs-vc-win32:jclhuff.obj
 0001:00065758       _need_optimization_pass    00466758 f   libs-vc-win32:jclhuff.obj
 0001:00064c4c       _start_pass_diff           00465c4c f   libs-vc-win32:jcdiffct.obj
 0001:00064cea       _start_iMCU_row            00465cea f   libs-vc-win32:jcdiffct.obj
 0001:00064d2c       _compress_data             00465d2c f   libs-vc-win32:jcdiffct.obj
 0001:00064ec2       _compress_first_pass       00465ec2 f   libs-vc-win32:jcdiffct.obj
 0001:00064fb7       _compress_output           00465fb7 f   libs-vc-win32:jcdiffct.obj
 0001:0006485f       _start_pass_fdctmgr        0046585f f   libs-vc-win32:jcdctmgr.obj
 0001:00064961       _forward_DCT_float         00465961 f   libs-vc-win32:jcdctmgr.obj
 0001:00063d94       _start_pass_phuff          00464d94 f   libs-vc-win32:jcphuff.obj
 0001:00063f01       _encode_mcu_DC_first       00464f01 f   libs-vc-win32:jcphuff.obj
 0001:00064033       _emit_bits                 00465033 f   libs-vc-win32:jcphuff.obj
 0001:000640de       _dump_buffer               004650de f   libs-vc-win32:jcphuff.obj
 0001:00064116       _emit_symbol               00465116 f   libs-vc-win32:jcphuff.obj
 0001:00064156       _emit_restart              00465156 f   libs-vc-win32:jcphuff.obj
 0001:000641df       _emit_eobrun               004651df f   libs-vc-win32:jcphuff.obj
 0001:00064265       _encode_mcu_AC_first       00465265 f   libs-vc-win32:jcphuff.obj
 0001:000643f9       _encode_mcu_DC_refine      004653f9 f   libs-vc-win32:jcphuff.obj
 0001:000644b3       _encode_mcu_AC_refine      004654b3 f   libs-vc-win32:jcphuff.obj
 0001:000646ca       _finish_pass_phuff         004656ca f   libs-vc-win32:jcphuff.obj
 0001:00064719       _finish_pass_gather_phuff  00465719 f   libs-vc-win32:jcphuff.obj
 0001:000647dc       _need_optimization_pass    004657dc f   libs-vc-win32:jcphuff.obj
 0001:0006352f       _start_pass_huff           0046452f f   libs-vc-win32:jcshuff.obj
 0001:000636a4       _encode_mcu_huff           004646a4 f   libs-vc-win32:jcshuff.obj
 0001:000637af       _encode_one_block          004647af f   libs-vc-win32:jcshuff.obj
 0001:00063926       _emit_bits                 00464926 f   libs-vc-win32:jcshuff.obj
 0001:000639c9       _dump_buffer               004649c9 f   libs-vc-win32:jcshuff.obj
 0001:000639ed       _emit_restart              004649ed f   libs-vc-win32:jcshuff.obj
 0001:00063a5a       _flush_bits                00464a5a f   libs-vc-win32:jcshuff.obj
 0001:00063a7e       _finish_pass_huff          00464a7e f   libs-vc-win32:jcshuff.obj
 0001:00063aed       _encode_mcu_gather         00464aed f   libs-vc-win32:jcshuff.obj
 0001:00063ba3       _htest_one_block           00464ba3 f   libs-vc-win32:jcshuff.obj
 0001:00063c6a       _finish_pass_gather        00464c6a f   libs-vc-win32:jcshuff.obj
 0001:00065758       _need_optimization_pass    00466758 f   libs-vc-win32:jclhuff.obj
 0001:00062f02       _start_pass_coef           00463f02 f   libs-vc-win32:jccoefct.obj
 0001:00064cea       _start_iMCU_row            00465cea f   libs-vc-win32:jcdiffct.obj
 0001:00062f97       _compress_data             00463f97 f   libs-vc-win32:jccoefct.obj
 0001:0006317e       _compress_first_pass       0046417e f   libs-vc-win32:jccoefct.obj
 0001:00063364       _compress_output           00464364 f   libs-vc-win32:jccoefct.obj
 0001:00062e1a       _calc_output_dimensions    00463e1a f   libs-vc-win32:jdlossls.obj
 0001:00062e2b       _start_input_pass          00463e2b f   libs-vc-win32:jdlossls.obj
 0001:00062b59       _calc_output_dimensions    00463b59 f   libs-vc-win32:jdlossy.obj
 0001:00062ccc       _start_input_pass          00463ccc f   libs-vc-win32:jdlossy.obj
 0001:00062cec       _latch_quant_tables        00463cec f   libs-vc-win32:jdlossy.obj
 0001:00062d84       _start_output_pass         00463d84 f   libs-vc-win32:jdlossy.obj
 0001:00062aa8       _start_pass                00463aa8 f   libs-vc-win32:jclossls.obj
 0001:00062a14       _start_pass                00463a14 f   libs-vc-win32:jclossy.obj
 0001:00061f69       _initial_setup             00462f69 f   libs-vc-win32:jcmaster.obj
 0001:0006211c       _validate_script           0046311c f   libs-vc-win32:jcmaster.obj
 0001:000624f4       _prepare_for_pass          004634f4 f   libs-vc-win32:jcmaster.obj
 0001:0006266c       _select_scan_parameters    0046366c f   libs-vc-win32:jcmaster.obj
 0001:0006276d       _per_scan_setup            0046376d f   libs-vc-win32:jcmaster.obj
 0001:00062918       _pass_startup              00463918 f   libs-vc-win32:jcmaster.obj
 0001:0006293f       _finish_pass_master        0046393f f   libs-vc-win32:jcmaster.obj
 0001:00061a55       _rgb_ycc_start             00462a55 f   libs-vc-win32:jccolor.obj
 0001:00061b19       _rgb_ycc_convert           00462b19 f   libs-vc-win32:jccolor.obj
 0001:00061c18       _rgb_gray_convert          00462c18 f   libs-vc-win32:jccolor.obj
 0001:00061c9d       _cmyk_ycck_convert         00462c9d f   libs-vc-win32:jccolor.obj
 0001:00061dd5       _grayscale_convert         00462dd5 f   libs-vc-win32:jccolor.obj
 0001:00061e2f       _null_convert              00462e2f f   libs-vc-win32:jccolor.obj
 0001:00032114       _null_method               00433114 f   images.obj
 0001:00032114       _start_pass_downsample     00433114 f   images.obj
 0001:000611a1       _sep_downsample            004621a1 f   libs-vc-win32:jcsample.obj
 0001:00061216       _int_downsample            00462216 f   libs-vc-win32:jcsample.obj
 0001:0006130e       _expand_right_edge         0046230e f   libs-vc-win32:jcsample.obj
 0001:00061363       _fullsize_downsample       00462363 f   libs-vc-win32:jcsample.obj
 0001:000613a7       _h2v1_downsample           004623a7 f   libs-vc-win32:jcsample.obj
 0001:0006143b       _h2v2_downsample           0046243b f   libs-vc-win32:jcsample.obj
 0001:000614e8       _h2v2_smooth_downsample    004624e8 f   libs-vc-win32:jcsample.obj
 0001:00061760       _fullsize_smooth_downsample 00462760 f   libs-vc-win32:jcsample.obj
 0001:00060b9d       _start_pass_prep           00461b9d f   libs-vc-win32:jcprepct.obj
 0001:00060bdb       _pre_process_data          00461bdb f   libs-vc-win32:jcprepct.obj
 0001:00060d89       _pre_process_context       00461d89 f   libs-vc-win32:jcprepct.obj
 0001:00060f42       _create_context_buffer     00461f42 f   libs-vc-win32:jcprepct.obj
 0001:00060a15       _start_pass_main           00461a15 f   libs-vc-win32:jcmainct.obj
 0001:00060a57       _process_data_simple_main  00461a57 f   libs-vc-win32:jcmainct.obj
 0001:0005ffeb       _create_colormap           00460feb f   libs-vc-win32:jquant1.obj
 0001:0006011d       _select_ncolors            0046111d f   libs-vc-win32:jquant1.obj
 0001:000601f4       _create_colorindex         004611f4 f   libs-vc-win32:jquant1.obj
 0001:00060320       _alloc_fs_workspace        00461320 f   libs-vc-win32:jquant1.obj
 0001:0006035c       _start_pass_1_quant        0046135c f   libs-vc-win32:jquant1.obj
 0001:00060428       _create_odither_tables     00461428 f   libs-vc-win32:jquant1.obj
 0001:00060487       _make_odither_array        00461487 f   libs-vc-win32:jquant1.obj
 0001:000604ea       _color_quantize            004614ea f   libs-vc-win32:jquant1.obj
 0001:00060575       _color_quantize3           00461575 f   libs-vc-win32:jquant1.obj
 0001:00060603       _quantize_ord_dither       00461603 f   libs-vc-win32:jquant1.obj
 0001:000606ee       _quantize3_ord_dither      004616ee f   libs-vc-win32:jquant1.obj
 0001:000607ee       _quantize_fs_dither        004617ee f   libs-vc-win32:jquant1.obj
 0001:00032114       _finish_pass_1_quant       00433114 f   images.obj
 0001:00060972       _new_color_map_1_quant     00461972 f   libs-vc-win32:jquant1.obj
 0001:0005efac       _init_error_limit          0045ffac f   libs-vc-win32:jquant2.obj
 0001:0005f04b       _start_pass_2_quant        0046004b f   libs-vc-win32:jquant2.obj
 0001:0005f14d       _prescan_quantize          0046014d f   libs-vc-win32:jquant2.obj
 0001:0005f1bc       _pass2_no_dither           004601bc f   libs-vc-win32:jquant2.obj
 0001:0005f269       _fill_inverse_cmap         00460269 f   libs-vc-win32:jquant2.obj
 0001:0005f334       _find_nearby_colors        00460334 f   libs-vc-win32:jquant2.obj
 0001:0005f4d8       _find_best_colors          004604d8 f   libs-vc-win32:jquant2.obj
 0001:0005f5f2       _pass2_fs_dither           004605f2 f   libs-vc-win32:jquant2.obj
 0001:0005f861       _finish_pass1              00460861 f   libs-vc-win32:jquant2.obj
 0001:0005f883       _select_colors             00460883 f   libs-vc-win32:jquant2.obj
 0001:0005f90f       _update_box                0046090f f   libs-vc-win32:jquant2.obj
 0001:0005fca9       _median_cut                00460ca9 f   libs-vc-win32:jquant2.obj
 0001:0005fdbd       _find_biggest_color_pop    00460dbd f   libs-vc-win32:jquant2.obj
 0001:0005fdec       _find_biggest_volume       00460dec f   libs-vc-win32:jquant2.obj
 0001:0005fe15       _compute_color             00460e15 f   libs-vc-win32:jquant2.obj
 0001:00032114       _finish_pass2              00433114 f   images.obj
 0001:0005ff51       _new_color_map_2_quant     00460f51 f   libs-vc-win32:jquant2.obj
 0001:0005e9c3       _build_ycc_rgb_table       0045f9c3 f   libs-vc-win32:jdmerge.obj
 0001:0005ea73       _start_pass_merged_upsample 0045fa73 f   libs-vc-win32:jdmerge.obj
 0001:0005ea88       _merged_2v_upsample        0045fa88 f   libs-vc-win32:jdmerge.obj
 0001:0005eb2f       _merged_1v_upsample        0045fb2f f   libs-vc-win32:jdmerge.obj
 0001:0005eb60       _h2v1_merged_upsample      0045fb60 f   libs-vc-win32:jdmerge.obj
 0001:0005ecb6       _h2v2_merged_upsample      0045fcb6 f   libs-vc-win32:jdmerge.obj
 0001:0005e567       _build_ycc_rgb_table       0045f567 f   libs-vc-win32:jdcolor.obj
 0001:0005e617       _ycc_rgb_convert           0045f617 f   libs-vc-win32:jdcolor.obj
 0001:0005e725       _null_convert              0045f725 f   libs-vc-win32:jdcolor.obj
 0001:0005e79d       _grayscale_convert         0045f79d f   libs-vc-win32:jdcolor.obj
 0001:0005e7c0       _gray_rgb_convert          0045f7c0 f   libs-vc-win32:jdcolor.obj
 0001:0005e819       _ycck_cmyk_convert         0045f819 f   libs-vc-win32:jdcolor.obj
 0001:00032114       _start_pass_dcolor         00433114 f   images.obj
 0001:0005dfc8       _start_pass_upsample       0045efc8 f   libs-vc-win32:jdsample.obj
 0001:0005dfe2       _sep_upsample              0045efe2 f   libs-vc-win32:jdsample.obj
 0001:0005e0af       _fullsize_upsample         0045f0af f   libs-vc-win32:jdsample.obj
 0001:0005e0ba       _noop_upsample             0045f0ba f   libs-vc-win32:jdsample.obj
 0001:0005e0c2       _int_upsample              0045f0c2 f   libs-vc-win32:jdsample.obj
 0001:0005e1ac       _h2v1_upsample             0045f1ac f   libs-vc-win32:jdsample.obj
 0001:0005e203       _h2v2_upsample             0045f203 f   libs-vc-win32:jdsample.obj
 0001:0005e275       _h2v1_fancy_upsample       0045f275 f   libs-vc-win32:jdsample.obj
 0001:0005e318       _h2v2_fancy_upsample       0045f318 f   libs-vc-win32:jdsample.obj
 0001:0005dbd1       _start_pass_dpost          0045ebd1 f   libs-vc-win32:jdpostct.obj
 0001:0005dc77       _post_process_1pass        0045ec77 f   libs-vc-win32:jdpostct.obj
 0001:0005dcdc       _post_process_prepass      0045ecdc f   libs-vc-win32:jdpostct.obj
 0001:0005dd6d       _post_process_2pass        0045ed6d f   libs-vc-win32:jdpostct.obj
 0001:0005d5d8       _alloc_funny_pointers      0045e5d8 f   libs-vc-win32:jdmainct.obj
 0001:0005d685       _start_pass_main           0045e685 f   libs-vc-win32:jdmainct.obj
 0001:0005d6ed       _make_funny_pointers       0045e6ed f   libs-vc-win32:jdmainct.obj
 0001:0005d82d       _process_data_simple_main  0045e82d f   libs-vc-win32:jdmainct.obj
 0001:0005d895       _process_data_context_main 0045e895 f   libs-vc-win32:jdmainct.obj
 0001:0005d9a7       _set_wraparound_pointers   0045e9a7 f   libs-vc-win32:jdmainct.obj
 0001:0005da91       _set_bottom_pointers       0045ea91 f   libs-vc-win32:jdmainct.obj
 0001:0005db2b       _process_data_crank_post   0045eb2b f   libs-vc-win32:jdmainct.obj
 0001:0005c301       _write_marker_header       0045d301 f   libs-vc-win32:jcmarker.obj
 0001:0005c357       _emit_byte                 0045d357 f   libs-vc-win32:jcmarker.obj
 0001:0005c388       _write_marker_byte         0045d388 f   libs-vc-win32:jcmarker.obj
 0001:0005c398       _write_file_header         0045d398 f   libs-vc-win32:jcmarker.obj
 0001:0005c3e4       _emit_jfif_app0            0045d3e4 f   libs-vc-win32:jcmarker.obj
 0001:0005c4b7       _emit_adobe_app14          0045d4b7 f   libs-vc-win32:jcmarker.obj
 0001:0005c55d       _write_frame_header        0045d55d f   libs-vc-win32:jcmarker.obj
 0001:0005c63c       _emit_dqt                  0045d63c f   libs-vc-win32:jcmarker.obj
 0001:0005c72b       _emit_sof                  0045d72b f   libs-vc-win32:jcmarker.obj
 0001:0005c807       _write_scan_header         0045d807 f   libs-vc-win32:jcmarker.obj
 0001:0005c8c7       _emit_dht                  0045d8c7 f   libs-vc-win32:jcmarker.obj
 0001:0005c9a0       _emit_dri                  0045d9a0 f   libs-vc-win32:jcmarker.obj
 0001:0005c9ef       _emit_sos                  0045d9ef f   libs-vc-win32:jcmarker.obj
 0001:0005cadd       _write_file_trailer        0045dadd f   libs-vc-win32:jcmarker.obj
 0001:0005cafd       _write_tables_only         0045dafd f   libs-vc-win32:jcmarker.obj
 0001:0005be56       _use_merged_upsample       0045ce56 f   libs-vc-win32:jdmaster.obj
 0001:0005befc       _master_selection          0045cefc f   libs-vc-win32:jdmaster.obj
 0001:0005c059       _prepare_range_limit_table 0045d059 f   libs-vc-win32:jdmaster.obj
 0001:0005c0df       _prepare_for_output_pass   0045d0df f   libs-vc-win32:jdmaster.obj
 0001:0005c200       _finish_output_pass        0045d200 f   libs-vc-win32:jdmaster.obj
 0001:0005b2cd       _alloc_small               0045c2cd f   libs-vc-win32:jmemmgr.obj
 0001:0005b3eb       _alloc_large               0045c3eb f   libs-vc-win32:jmemmgr.obj
 0001:0005b49c       _alloc_sarray              0045c49c f   libs-vc-win32:jmemmgr.obj
 0001:0005b534       _alloc_barray              0045c534 f   libs-vc-win32:jmemmgr.obj
 0001:0005b5d8       _alloc_darray              0045c5d8 f   libs-vc-win32:jmemmgr.obj
 0001:0005b683       _request_virt_sarray       0045c683 f   libs-vc-win32:jmemmgr.obj
 0001:0005b6e4       _request_virt_barray       0045c6e4 f   libs-vc-win32:jmemmgr.obj
 0001:0005b745       _realize_virt_arrays       0045c745 f   libs-vc-win32:jmemmgr.obj
 0001:0005b8c8       _access_virt_sarray        0045c8c8 f   libs-vc-win32:jmemmgr.obj
 0001:0005b9e8       _do_sarray_io              0045c9e8 f   libs-vc-win32:jmemmgr.obj
 0001:0005ba78       _access_virt_barray        0045ca78 f   libs-vc-win32:jmemmgr.obj
 0001:0005bb9d       _do_barray_io              0045cb9d f   libs-vc-win32:jmemmgr.obj
 0001:0005bc2e       _free_pool                 0045cc2e f   libs-vc-win32:jmemmgr.obj
 0001:0005bd15       _self_destruct             0045cd15 f   libs-vc-win32:jmemmgr.obj
 0001:0005ad67       _start_input_pass          0045bd67 f   libs-vc-win32:jdinput.obj
 0001:0005ad95       _per_scan_setup            0045bd95 f   libs-vc-win32:jdinput.obj
 0001:0005af1b       _finish_input_pass         0045bf1b f   libs-vc-win32:jdinput.obj
 0001:0005af2c       _consume_markers           0045bf2c f   libs-vc-win32:jdinput.obj
 0001:0005afc8       _initial_setup             0045bfc8 f   libs-vc-win32:jdinput.obj
 0001:0005b1d2       _reset_input_controller    0045c1d2 f   libs-vc-win32:jdinput.obj
 0001:0005a96c       _make_crc_table            0045b96c f   libs-vc-win32:crc32.obj
 0001:0005aab9       _crc32_little              0045bab9 f   libs-vc-win32:crc32.obj
 0001:0005a766       _fixedtables               0045b766 f   libs-vc-win32:inflate.obj
 0001:0005a850       _updatewindow              0045b850 f   libs-vc-win32:inflate.obj
 0001:0005948e       _init_destination          0045a48e f   libs-vc-win32:jdatadst.obj
 0001:000594b4       _empty_output_buffer       0045a4b4 f   libs-vc-win32:jdatadst.obj
 0001:000594f6       _term_destination          0045a4f6 f   libs-vc-win32:jdatadst.obj
 0001:00059015       _std_huff_tables           0045a015 f   libs-vc-win32:jcparam.obj
 0001:0005906f       _add_huff_table            0045a06f f   libs-vc-win32:jcparam.obj
 0001:0005756d       _next_marker               0045856d f   libs-vc-win32:jdmarker.obj
 0001:000576a7       _get_interesting_appn      004586a7 f   libs-vc-win32:jdmarker.obj
 0001:000577d2       _examine_app0              004587d2 f   libs-vc-win32:jdmarker.obj
 0001:000579e0       _examine_app14             004589e0 f   libs-vc-win32:jdmarker.obj
 0001:00057aa1       _skip_variable             00458aa1 f   libs-vc-win32:jdmarker.obj
 0001:00057b44       _read_markers              00458b44 f   libs-vc-win32:jdmarker.obj
 0001:00057d4c       _get_soi                   00458d4c f   libs-vc-win32:jdmarker.obj
 0001:00057df7       _get_sof                   00458df7 f   libs-vc-win32:jdmarker.obj
 0001:00058100       _get_sos                   00459100 f   libs-vc-win32:jdmarker.obj
 0001:000583ee       _get_dht                   004593ee f   libs-vc-win32:jdmarker.obj
 0001:0005868f       _get_dqt                   0045968f f   libs-vc-win32:jdmarker.obj
 0001:000588eb       _get_dri                   004598eb f   libs-vc-win32:jdmarker.obj
 0001:000589ca       _first_marker              004599ca f   libs-vc-win32:jdmarker.obj
 0001:00058a66       _read_restart_marker       00459a66 f   libs-vc-win32:jdmarker.obj
 0001:00058ae4       _reset_marker_reader       00459ae4 f   libs-vc-win32:jdmarker.obj
 0001:00057351       _output_pass_setup         00458351 f   libs-vc-win32:jdapistd.obj
 0001:00057044       _default_decompress_parms  00458044 f   libs-vc-win32:jdapimin.obj

 299 bytes saved through ICF

