 quake2

 Timestamp is 41c856a6 (Tue Dec 21 20:00:22 2004)

 Preferred load address is 00400000

 Start         Length     Name                   Class
 0001:00000000 00070020H .text                   CODE
 0002:00000000 00000304H .idata$5                DATA
 0002:00000308 00003494H .rdata                  DATA
 0002:0000379c 00000078H .idata$2                DATA
 0002:00003814 00000014H .idata$3                DATA
 0002:00003828 00000304H .idata$4                DATA
 0002:00003b2c 000009d8H .idata$6                DATA
 0002:00004504 00000000H .edata                  DATA
 0003:00000000 00000004H .CRT$XCA                DATA
 0003:00000004 00000004H .CRT$XCZ                DATA
 0003:00000008 00000004H .CRT$XIA                DATA
 0003:0000000c 00000004H .CRT$XIZ                DATA
 0003:00000010 000133b4H .data                   DATA
 0003:000133c8 00b05730H .bss                    DATA
 0004:00000000 00000130H .rsrc$01                DATA
 0004:00000130 00003f20H .rsrc$02                DATA

  Address         Publics by Value              Rva+Base     Lib:Object

 0001:00000000       _CDAudio_Play2             00401000 f   cd_win.obj
 0001:000001e2       _CDAudio_Play              004011e2 f   cd_win.obj
 0001:000001f9       _CDAudio_Stop              004011f9 f   cd_win.obj
 0001:0000023e       _CDAudio_Pause             0040123e f   cd_win.obj
 0001:00000297       _CDAudio_Resume            00401297 f   cd_win.obj
 0001:00000306       _CDAudio_MessageHandler    00401306 f   cd_win.obj
 0001:0000039d       _CDAudio_Update            0040139d f   cd_win.obj
 0001:000003d1       _CDAudio_Init              004013d1 f   cd_win.obj
 0001:000007cf       _CDAudio_Shutdown          004017cf f   cd_win.obj
 0001:00000802       _CDAudio_Activate          00401802 f   cd_win.obj
 0001:00000813       _SCR_StopCinematic         00401813 f   cl_cin.obj
 0001:000008af       _SCR_FinishCinematic       004018af f   cl_cin.obj
 0001:000008f1       _SCR_RunCinematic          004018f1 f   cl_cin.obj
 0001:00000d0b       _SCR_DrawCinematic         00401d0b f   cl_cin.obj
 0001:00000d91       _SCR_PlayCinematic         00401d91 f   cl_cin.obj
 0001:000010e1       _CL_ParseEntityBits        004020e1 f   cl_ents.obj
 0001:00001143       _CL_ParseDelta             00402143 f   cl_ents.obj
 0001:000014e2       _CL_DeltaEntity            004024e2 f   cl_ents.obj
 0001:0000165f       _CL_ParsePacketEntities    0040265f f   cl_ents.obj
 0001:0000185e       _CL_ParsePlayerstate       0040285e f   cl_ents.obj
 0001:00001b6c       _CL_FireEntityEvents       00402b6c f   cl_ents.obj
 0001:00001bbe       _CL_ParseFrame             00402bbe f   cl_ents.obj
 0001:00001e9d       _CL_AddEntityBox           00402e9d f   cl_ents.obj
 0001:00001f8d       _CL_OffsetThirdPersonView  00402f8d f   cl_ents.obj
 0001:00002047       _CL_CalcViewValues         00403047 f   cl_ents.obj
 0001:00002354       _CL_AddEntities            00403354 f   cl_ents.obj
 0001:00003112       _CL_GetEntitySoundOrigin   00404112 f   cl_ents.obj
 0001:00003145       _CL_ClearLightStyles       00404145 f   cl_fx.obj
 0001:000031c9       _CL_RunLightStyles         004041c9 f   cl_fx.obj
 0001:00003266       _CL_SetLightstyle          00404266 f   cl_fx.obj
 0001:000032cd       _CL_AllocDlight            004042cd f   cl_fx.obj
 0001:0000333a       _CL_AddDLights             0040433a f   cl_fx.obj
 0001:0000339a       _CL_ClearParticles         0040439a f   cl_fx.obj
 0001:00003404       _CL_AllocParticleTrace     00404404 f   cl_fx.obj
 0001:000034a7       _CL_AllocParticleBeam      004044a7 f   cl_fx.obj
 0001:0000351a       _CL_AllocParticle          0040451a f   cl_fx.obj
 0001:00003568       _CL_UpdateParticles        00404568 f   cl_fx.obj
 0001:00003b5b       _CL_MetalSparks            00404b5b f   cl_fx.obj
 0001:00003c48       _CL_ParseMuzzleFlash       00404c48 f   cl_fx.obj
 0001:0000447f       _CL_ParseMuzzleFlash2      0040547f f   cl_fx.obj
 0001:00004b63       _CL_ParticleEffect         00405b63 f   cl_fx.obj
 0001:00004c32       _CL_ParticleEffect2        00405c32 f   cl_fx.obj
 0001:00004cfd       _CL_ParticleEffect3        00405cfd f   cl_fx.obj
 0001:00004dcd       _CL_TeleporterParticles    00405dcd f   cl_fx.obj
 0001:00004e84       _CL_LogoutEffect           00405e84 f   cl_fx.obj
 0001:00004f6f       _CL_ItemRespawnParticles   00405f6f f   cl_fx.obj
 0001:0000501e       _CL_ExplosionParticles     0040601e f   cl_fx.obj
 0001:000050c8       _CL_BigTeleportParticles   004060c8 f   cl_fx.obj
 0001:0000521f       _CL_BlasterParticles       0040621f f   cl_fx.obj
 0001:000052eb       _CL_BlasterTrail           004062eb f   cl_fx.obj
 0001:000053de       _CL_FlagTrail              004063de f   cl_fx.obj
 0001:000054de       _CL_DiminishingTrail       004064de f   cl_fx.obj
 0001:00005742       _CL_RocketTrail            00406742 f   cl_fx.obj
 0001:0000586f       _CL_RailTrail              0040686f f   cl_fx.obj
 0001:00005a95       _CL_RailTrailExt           00406a95 f   cl_fx.obj
 0001:00005b97       _CL_IonripperTrail         00406b97 f   cl_fx.obj
 0001:00005caa       _CL_BubbleTrail            00406caa f   cl_fx.obj
 0001:00005dc8       _CL_FlyParticles           00406dc8 f   cl_fx.obj
 0001:00005f67       _CL_FlyEffect              00406f67 f   cl_fx.obj
 0001:00005fea       _CL_BfgParticles           00406fea f   cl_fx.obj
 0001:000061c4       _CL_TrapParticles          004071c4 f   cl_fx.obj
 0001:00006447       _CL_BFGExplosionParticles  00407447 f   cl_fx.obj
 0001:000064f1       _CL_TeleportParticles      004074f1 f   cl_fx.obj
 0001:0000662a       _CL_EntityEvent            0040762a f   cl_fx.obj
 0001:00006808       _CL_ClearEffects           00407808 f   cl_fx.obj
 0001:00006826       _IN_CenterView             00407826 f   cl_input.obj
 0001:00006847       _CL_InitInput              00407847 f   cl_input.obj
 0001:00006d27       _CL_SendCmd                00407d27 f   cl_input.obj
 0001:00007422       _CL_ParseInventory         00408422 f   cl_inv.obj
 0001:00007442       _CL_DrawInventory          00408442 f   cl_inv.obj
 0001:00007698       _CL_WriteDemoMessage       00408698 f   cl_main.obj
 0001:000076da       _CL_Stop_f                 004086da f   cl_main.obj
 0001:00007735       _CL_Record_f               00408735 f   cl_main.obj
 0001:000079d8       _Cmd_ForwardToServer       004089d8 f   cl_main.obj
 0001:00007a44       _CL_Setenv_f               00408a44 f   cl_main.obj
 0001:00007b08       _CL_ForwardToServer_f      00408b08 f   cl_main.obj
 0001:00007b56       _CL_Pause                  00408b56 f   cl_main.obj
 0001:00007b96       _CL_Quit_f                 00408b96 f   cl_main.obj
 0001:00007ba0       _CL_Drop                   00408ba0 f   cl_main.obj
 0001:00007bbc       _CL_SendConnectPacket      00408bbc f   cl_main.obj
 0001:00007c93       _CL_CheckForResend         00408c93 f   cl_main.obj
 0001:00007d98       _CL_Connect_f              00408d98 f   cl_main.obj
 0001:00007e19       _CL_Rcon_f                 00408e19 f   cl_main.obj
 0001:00007f24       _CL_ClearState             00408f24 f   cl_main.obj
 0001:00007f63       _CL_Disconnect             00408f63 f   cl_main.obj
 0001:000080e9       _CL_Disconnect_f           004090e9 f   cl_main.obj
 0001:000080f5       _CL_Changing_f             004090f5 f   cl_main.obj
 0001:00008119       _CL_Reconnect_f            00409119 f   cl_main.obj
 0001:000081b5       _CL_PingServers_f          004091b5 f   cl_main.obj
 0001:0000831d       _CL_Skins_f                0040931d f   cl_main.obj
 0001:00008359       _CL_ConnectionlessPacket   00409359 f   cl_main.obj
 0001:000086b3       _CL_ReadPackets            004096b3 f   cl_main.obj
 0001:000087f8       _CL_FixUpGender            004097f8 f   cl_main.obj
 0001:000088a8       _CL_Userinfo_f             004098a8 f   cl_main.obj
 0001:000088c0       _CL_Snd_Restart_f          004098c0 f   cl_main.obj
 0001:000088cf       _CL_RequestNextDownload    004098cf f   cl_main.obj
 0001:00008f10       _CL_Precache_f             00409f10 f   cl_main.obj
 0001:00008f74       _CL_WriteConfiguration     00409f74 f   cl_main.obj
 0001:0000902f       _CL_WriteConfig_f          0040a02f f   cl_main.obj
 0001:0000908e       _CL_InitLocal              0040a08e f   cl_main.obj
 0001:000092c4       _CL_FixCvarCheats          0040a2c4 f   cl_main.obj
 0001:00009315       _CL_Frame                  0040a315 f   cl_main.obj
 0001:0000951b       _CL_Init                   0040a51b f   cl_main.obj
 0001:000095ab       _CL_Shutdown               0040a5ab f   cl_main.obj
 0001:000095f4       _CL_Flashlight             0040a5f4 f   cl_newfx.obj
 0001:0000962e       _CL_ColorFlash             0040a62e f   cl_newfx.obj
 0001:0000966a       _CL_DebugTrail             0040a66a f   cl_newfx.obj
 0001:0000974a       _CL_ForceWall              0040a74a f   cl_newfx.obj
 0001:00009871       _CL_BubbleTrail2           0040a871 f   cl_newfx.obj
 0001:0000999b       _CL_Heatbeam               0040a99b f   cl_newfx.obj
 0001:00009c4c       _CL_ParticleSteamEffect    0040ac4c f   cl_newfx.obj
 0001:00009d76       _CL_ParticleSteamEffect2   0040ad76 f   cl_newfx.obj
 0001:00009ead       _CL_TrackerTrail           0040aead f   cl_newfx.obj
 0001:0000a110       _CL_Tracker_Shell          0040b110 f   cl_newfx.obj
 0001:0000a199       _CL_MonsterPlasma_Shell    0040b199 f   cl_newfx.obj
 0001:0000a21f       _CL_Widowbeamout           0040b21f f   cl_newfx.obj
 0001:0000a2db       _CL_Nukeblast              0040b2db f   cl_newfx.obj
 0001:0000a397       _CL_WidowSplash            0040b397 f   cl_newfx.obj
 0001:0000a45f       _CL_TagTrail               0040b45f f   cl_newfx.obj
 0001:0000a55f       _CL_ColorExplosionParticles 0040b55f f   cl_newfx.obj
 0001:0000a60c       _CL_ParticleSmokeEffect    0040b60c f   cl_newfx.obj
 0001:0000a734       _CL_BlasterParticles2      0040b734 f   cl_newfx.obj
 0001:0000a801       _CL_BlasterTrail2          0040b801 f   cl_newfx.obj
 0001:0000a8f4       _CL_DownloadFileName       0040b8f4 f   cl_parse.obj
 0001:0000a933       _CL_CheckOrDownloadFile    0040b933 f   cl_parse.obj
 0001:0000ab6e       _CL_Download_f             0040bb6e f   cl_parse.obj
 0001:0000ac39       _CL_RegisterSounds         0040bc39 f   cl_parse.obj
 0001:0000ac78       _CL_ParseDownload          0040bc78 f   cl_parse.obj
 0001:0000ade5       _CL_ParseServerData        0040bde5 f   cl_parse.obj
 0001:0000aee6       _CL_ParseBaseline          0040bee6 f   cl_parse.obj
 0001:0000af2e       _CL_LoadClientinfo         0040bf2e f   cl_parse.obj
 0001:0000b218       _CL_ParseClientinfo        0040c218 f   cl_parse.obj
 0001:0000b23c       _CL_ParseConfigString      0040c23c f   cl_parse.obj
 0001:0000b3d6       _CL_ParseStartSoundPacket  0040c3d6 f   cl_parse.obj
 0001:0000b4d5       _CL_ParseServerMessage     0040c4d5 f   cl_parse.obj
 0001:0000b82b       _CL_CheckPredictionError   0040c82b f   cl_pred.obj
 0001:0000b9d1       _CL_EntityTrace            0040c9d1 f   cl_pred.obj
 0001:0000bd8d       _CL_Trace                  0040cd8d f   cl_pred.obj
 0001:0000be0f       _CL_PMpointcontents        0040ce0f f   cl_pred.obj
 0001:0000bf99       _CL_PredictMovement        0040cf99 f   cl_pred.obj
 0001:0000c33d       _CL_AddNetgraph            0040d33d f   cl_scrn.obj
 0001:0000c417       _SCR_DebugGraph            0040d417 f   cl_scrn.obj
 0001:0000c43f       _SCR_CenterPrint           0040d43f f   cl_scrn.obj
 0001:0000c543       _SCR_DrawCenterString      0040d543 f   cl_scrn.obj
 0001:0000c611       _SCR_Sky_f                 0040d611 f   cl_scrn.obj
 0001:0000c6bc       _SCR_Init                  0040d6bc f   cl_scrn.obj
 0001:0000c703       _SCR_SetLevelshot          0040d703 f   cl_scrn.obj
 0001:0000c78c       _SCR_SetLevelshot2         0040d78c f   cl_scrn.obj
 0001:0000c7e6       _SCR_ShowConsole           0040d7e6 f   cl_scrn.obj
 0001:0000c8c3       _SCR_BeginLoadingPlaque    0040d8c3 f   cl_scrn.obj
 0001:0000c952       _SCR_EndLoadingPlaque      0040d952 f   cl_scrn.obj
 0001:0000c9dd       _SCR_Loading_f             0040d9dd f   cl_scrn.obj
 0001:0000c9e2       _SCR_TimeRefresh_f         0040d9e2 f   cl_scrn.obj
 0001:0000cab9       _SCR_TileClear             0040dab9 f   cl_scrn.obj
 0001:0000cb5e       _DrawHUDString             0040db5e f   cl_scrn.obj
 0001:0000cc10       _SCR_DrawField             0040dc10 f   cl_scrn.obj
 0001:0000ccb7       _SCR_TouchPics             0040dcb7 f   cl_scrn.obj
 0001:0000cd4a       _SCR_ExecuteLayoutString   0040dd4a f   cl_scrn.obj
 0001:0000d50c       _SCR_UpdateScreen          0040e50c f   cl_scrn.obj
 0001:0000dcb5       _CL_RegisterTEntSounds     0040ecb5 f   cl_tent.obj
 0001:0000deed       _CL_RegisterTEntModels     0040eeed f   cl_tent.obj
 0001:0000e073       _CL_ClearTEnts             0040f073 f   cl_tent.obj
 0001:0000e0ba       _CL_AllocExplosion         0040f0ba f   cl_tent.obj
 0001:0000e158       _CL_AddExplosions          0040f158 f   cl_tent.obj
 0001:0000e32d       _CL_SmokeAndFlash          0040f32d f   cl_tent.obj
 0001:0000e375       _CL_ParseBeam              0040f375 f   cl_tent.obj
 0001:0000e454       _CL_ParseBeam2             0040f454 f   cl_tent.obj
 0001:0000e52b       _CL_ParsePlayerBeam        0040f52b f   cl_tent.obj
 0001:0000e639       _CL_ParseLightning         0040f639 f   cl_tent.obj
 0001:0000e705       _CL_ParseLaser             0040f705 f   cl_tent.obj
 0001:0000e781       _CL_ParseSteam             0040f781 f   cl_tent.obj
 0001:0000e892       _CL_ParseWidow             0040f892 f   cl_tent.obj
 0001:0000e8fe       _CL_ParseNuke              0040f8fe f   cl_tent.obj
 0001:0000e968       _CL_ParseTEnt              0040f968 f   cl_tent.obj
 0001:0000f78a       _CL_AddBeams               0041078a f   cl_tent.obj
 0001:0000facb       _CL_AddPlayerBeams         00410acb f   cl_tent.obj
 0001:000101c0       _CL_ProcessSustain         004111c0 f   cl_tent.obj
 0001:00010201       _CL_AddTEnts               00411201 f   cl_tent.obj
 0001:00010215       _V_AddEntity               00411215 f   cl_view.obj
 0001:00010244       _V_AddLight                00411244 f   cl_view.obj
 0001:00010289       _V_TestParticles           00411289 f   cl_view.obj
 0001:00010347       _V_TestEntities            00411347 f   cl_view.obj
 0001:000103e9       _V_TestLights              004113e9 f   cl_view.obj
 0001:000104bc       _CL_PrepRefresh            004114bc f   cl_view.obj
 0001:0001077d       _CalcFov                   0041177d f   cl_view.obj
 0001:000107f4       _SCR_DrawCrosshair         004117f4 f   cl_view.obj
 0001:00010869       _V_RenderView              00411869 f   cl_view.obj
 0001:00011418       _V_Init                    00412418 f   cl_view.obj
 0001:00011600       _Cbuf_Init                 00412600 f   cmd.obj
 0001:00011618       _Cbuf_AddText              00412618 f   cmd.obj
 0001:0001167d       _Cbuf_InsertText           0041267d f   cmd.obj
 0001:000116e4       _Cbuf_CopyToDefer          004126e4 f   cmd.obj
 0001:00011726       _Cbuf_InsertFromDefer      00412726 f   cmd.obj
 0001:0001174f       _Cbuf_Execute              0041274f f   cmd.obj
 0001:00011835       _Cmd_Exec_f                00412835 f   cmd.obj
 0001:000118ba       _Cmd_Echo_f                004128ba f   cmd.obj
 0001:000118fc       _Cmd_Alias_f               004128fc f   cmd.obj
 0001:00011a23       _Cmd_Unalias_f             00412a23 f   cmd.obj
 0001:00011aaf       _Cmd_WriteAliases          00412aaf f   cmd.obj
 0001:00011ae0       _Cmd_Argc                  00412ae0 f   cmd.obj
 0001:00011ae6       _Cmd_Argv                  00412ae6 f   cmd.obj
 0001:00011b00       _Cmd_Args                  00412b00 f   cmd.obj
 0001:00011b06       _Cmd_TokenizeString        00412b06 f   cmd.obj
 0001:00011de3       _Cmd_AddCommand            00412de3 f   cmd.obj
 0001:00011e39       _Cmd_RemoveCommand         00412e39 f   cmd.obj
 0001:00011e7b       _Cmd_ExecuteString         00412e7b f   cmd.obj
 0001:00011fe3       _Cmd_Init                  00412fe3 f   cmd.obj
 0001:00012103       _CMod_GetSurfMaterial      00413103 f   cmodel.obj
 0001:00012160       _CM_LoadMap                00413160 f   cmodel.obj
 0001:000127b2       _PlaneTypeForNormal        004137b2 f i cmodel.obj
 0001:00012923       _CM_InlineModel            00413923 f   cmodel.obj
 0001:0001296c       _CM_NumClusters            0041396c f   cmodel.obj
 0001:00012972       _CM_NumInlineModels        00413972 f   cmodel.obj
 0001:00012978       _CM_EntityString           00413978 f   cmodel.obj
 0001:0001297e       _CM_LeafContents           0041397e f   cmodel.obj
 0001:000129a5       _CM_LeafCluster            004139a5 f   cmodel.obj
 0001:00012a18       _CM_LeafArea               00413a18 f   cmodel.obj
 0001:00012a40       _CM_InitBoxHull            00413a40 f   cmodel.obj
 0001:00012bd0       _CM_HeadnodeForBox         00413bd0 f   cmodel.obj
 0001:00012c85       _CM_PointLeafnum           00413c85 f   cmodel.obj
 0001:00012d30       _DISTANCE_TO_PLANE         00413d30 f i cmodel.obj
 0001:00012d78       _CM_PointContents          00413d78 f   cmodel.obj
 0001:00012dee       _CM_TransformedPointContents 00413dee f   cmodel.obj
 0001:00012f27       _CM_TransformedPointContents2 00413f27 f   cmodel.obj
 0001:00013018       _CM_BoxLeafnums            00414018 f   cmodel.obj
 0001:00013137       _BOX_ON_PLANE_SIDE         00414137 f i cmodel.obj
 0001:000131bc       _CM_BoxTrace               004141bc f   cmodel.obj
 0001:00013c0c       _CM_TransformedBoxTrace    00414c0c f   cmodel.obj
 0001:00013edf       _CM_TransformedBoxTrace2   00414edf f   cmodel.obj
 0001:000140f4       _CM_BrushTrace             004150f4 f   cmodel.obj
 0001:00014513       _CM_RefineBrushTrace       00415513 f   cmodel.obj
 0001:000145b8       _CM_ClusterPVS             004155b8 f   cmodel.obj
 0001:000146dd       _CM_ClusterPHS             004156dd f   cmodel.obj
 0001:00014779       _FloodAreaConnections      00415779 f   cmodel.obj
 0001:00014830       _CM_SetAreaPortalState     00415830 f   cmodel.obj
 0001:00014859       _CM_AreasConnected         00415859 f   cmodel.obj
 0001:000148a4       _CM_WriteAreaBits          004158a4 f   cmodel.obj
 0001:00014934       _CM_WritePortalState       00415934 f   cmodel.obj
 0001:0001494e       _CM_ReadPortalState        0041594e f   cmodel.obj
 0001:0001496c       _CM_HeadnodeVisible        0041596c f   cmodel.obj
 0001:00014a41       _Com_BeginRedirect         00415a41 f   common.obj
 0001:00014a7e       _Com_EndRedirect           00415a7e f   common.obj
 0001:00014aa9       _Com_Printf                00415aa9 f   common.obj
 0001:00014c5c       _Com_DPrintf               00415c5c f   common.obj
 0001:00014cd9       _DebugPrintf               00415cd9 f   common.obj
 0001:00014d86       _Com_WPrintf               00415d86 f   common.obj
 0001:00014de4       _Com_FatalError            00415de4 f   common.obj
 0001:00014e89       _Com_DropError             00415e89 f   common.obj
 0001:00014f0d       _appUnwindPrefix           00415f0d f   common.obj
 0001:00014f65       _appUnwindThrow            00415f65 f   common.obj
 0001:00014fed       _Com_ResetErrorState       00415fed f   common.obj
 0001:00015002       _Com_Quit                  00416002 f   common.obj
 0001:00015035       _MatchWildcard             00416035 f   common.obj
 0001:0001518b       _MatchWildcard2            0041618b f   common.obj
 0001:000151e0       _IPWildcard                004161e0 f   common.obj
 0001:000152bb       _Com_ServerState           004162bb f   common.obj
 0001:000152c1       _Com_SetServerState        004162c1 f   common.obj
 0001:000152cb       _MSG_WriteChar             004162cb f   common.obj
 0001:000152cb       _MSG_WriteByte             004162cb f   common.obj
 0001:000152df       _MSG_WriteShort            004162df f   common.obj
 0001:000152f9       _MSG_WriteLong             004162f9 f   common.obj
 0001:00015323       _MSG_WriteFloat            00416323 f   common.obj
 0001:00015349       _MSG_WriteString           00416349 f   common.obj
 0001:00015381       _MSG_WriteCoord            00416381 f   common.obj
 0001:000153b0       _MSG_WritePos              004163b0 f   common.obj
 0001:00015432       _MSG_WriteAngle            00416432 f   common.obj
 0001:0001545b       _MSG_WriteAngle16          0041645b f   common.obj
 0001:00015492       _MSG_WriteDeltaUsercmd     00416492 f   common.obj
 0001:0001561a       _MSG_WriteDir              0041661a f   common.obj
 0001:00015687       _MSG_ReadDir               00416687 f   common.obj
 0001:000156bc       _MSG_WriteDeltaEntity      004166bc f   common.obj
 0001:00015bc2       _MSG_BeginReading          00416bc2 f   common.obj
 0001:00015bcb       _MSG_ReadChar              00416bcb f   common.obj
 0001:00015bec       _MSG_ReadByte              00416bec f   common.obj
 0001:00015c0d       _MSG_ReadShort             00416c0d f   common.obj
 0001:00015c3d       _MSG_ReadLong              00416c3d f   common.obj
 0001:00015c7c       _MSG_ReadString            00416c7c f   common.obj
 0001:00015caf       _MSG_ReadCoord             00416caf f   common.obj
 0001:00015cc9       _MSG_ReadPos               00416cc9 f   common.obj
 0001:00015d1b       _MSG_ReadAngle             00416d1b f   common.obj
 0001:00015d35       _MSG_ReadAngle16           00416d35 f   common.obj
 0001:00015d4f       _MSG_ReadDeltaUsercmd      00416d4f f   common.obj
 0001:00015e06       _MSG_ReadData              00416e06 f   common.obj
 0001:00015e29       _SZ_Init                   00416e29 f   common.obj
 0001:00015e4b       _SZ_Clear                  00416e4b f   common.obj
 0001:00015e58       _SZ_GetSpace               00416e58 f   common.obj
 0001:00015eb5       _SZ_Write                  00416eb5 f   common.obj
 0001:00015ed6       _SZ_Insert                 00416ed6 f   common.obj
 0001:00015f29       _SZ_Print                  00416f29 f   common.obj
 0001:00015f72       _Info_Print                00416f72 f   common.obj
 0001:0001602f       _COM_BlockSequenceCRCByte  0041702f f   common.obj
 0001:000160bb       _frand                     004170bb f   common.obj
 0001:000160d8       _crand                     004170d8 f   common.obj
 0001:000160fb       _COM_CheckCmdlineVar       004170fb f   common.obj
 0001:00016151       _QCommon_Init              00417151 f   common.obj
 0001:00016528       _QCommon_Frame             00417528 f   common.obj
 0001:000167ff       _DrawStringCommon          004177ff f   console.obj
 0001:00016859       _DrawString                00417859 f   console.obj
 0001:00016879       _Con_ToggleConsole_f       00417879 f   console.obj
 0001:000168ab       _Con_ClearNotify           004178ab f   console.obj
 0001:000168bd       _Con_CheckResize           004178bd f   console.obj
 0001:000169e4       _Con_Print                 004179e4 f   console.obj
 0001:00016ce8       _Con_DrawNotify            00417ce8 f   console.obj
 0001:00016f2a       _Con_DrawConsole           00417f2a f   console.obj
 0001:000174f5       _Key_Console               004184f5 f   console.obj
 0001:00017a7f       _Key_Message               00418a7f f   console.obj
 0001:00017b1b       _Con_Init                  00418b1b f   console.obj
 0001:00017ce4       _CRC_Block                 00418ce4 f   crc.obj
 0001:00017d20       _Cvar_VariableValue        00418d20 f   cvar.obj
 0001:00017d8e       _Cvar_VariableInt          00418d8e f   cvar.obj
 0001:00017da1       _Cvar_VariableString       00418da1 f   cvar.obj
 0001:00017db9       _Cvar_Get                  00418db9 f   cvar.obj
 0001:00018055       _Cvar_GetVars              00419055 f   cvar.obj
 0001:000180a9       _Cvar_FullSet              004190a9 f   cvar.obj
 0001:00018106       _Cvar_SetValue             00419106 f   cvar.obj
 0001:00018367       _Cvar_SetInteger           00419367 f   cvar.obj
 0001:00018389       _Cvar_Set                  00419389 f   cvar.obj
 0001:0001839e       _Cvar_ForceSet             0041939e f   cvar.obj
 0001:000183b3       _Cvar_Clamp                004193b3 f   cvar.obj
 0001:0001843d       _Cvar_ClampName            0041943d f   cvar.obj
 0001:0001848e       _Cvar_GetLatchedVars       0041948e f   cvar.obj
 0001:000184bd       _Cvar_Command              004194bd f   cvar.obj
 0001:00018569       _Cvar_WriteVariables       00419569 f   cvar.obj
 0001:000185fc       _Cvar_BitInfo              004195fc f   cvar.obj
 0001:00018635       _Cvar_Userinfo             00419635 f   cvar.obj
 0001:0001863e       _Cvar_Serverinfo           0041963e f   cvar.obj
 0001:00018647       _Cvar_Cheats               00419647 f   cvar.obj
 0001:000186a0       _Cvar_Init                 004196a0 f   cvar.obj
 0001:00018d47       _FS_CreatePath             00419d47 f   files.obj
 0001:00018d91       _FS_CopyFile               00419d91 f   files.obj
 0001:00018e94       _FS_CopyFiles              00419e94 f   files.obj
 0001:00018f6d       _FS_RemoveFiles            00419f6d f   files.obj
 0001:00018fe1       _FS_FCloseFile             00419fe1 f   files.obj
 0001:00019073       _FS_FOpenFile              0041a073 f   files.obj
 0001:0001959b       _FS_FileExists             0041a59b f   files.obj
 0001:000197d7       _FS_Read                   0041a7d7 f   files.obj
 0001:00019a14       _FS_LoadFile               0041aa14 f   files.obj
 0001:00019a76       _FS_FreeFile               0041aa76 f   files.obj
 0001:00019a81       _FS_Gamedir                0041aa81 f   files.obj
 0001:00019a95       _FS_LoadGameConfig         0041aa95 f   files.obj
 0001:00019b5a       _FS_SetGamedir             0041ab5a f   files.obj
 0001:0001a1ff       _FS_ListFiles              0041b1ff f   files.obj
 0001:0001a50d       _FS_NextPath               0041b50d f   files.obj
 0001:0001a531       _FS_InitFilesystem         0041b531 f   files.obj
 0001:0001aefa       _LoadPCX                   0041befa f   images.obj
 0001:0001b02f       _LoadTGA                   0041c02f f   images.obj
 0001:0001b21e       _LoadJPG                   0041c21e f   images.obj
 0001:0001b4ac       _ImageExists               0041c4ac f   images.obj
 0001:0001b5a6       _WriteTGA                  0041c5a6 f   images.obj
 0001:0001b797       _WriteJPG                  0041c797 f   images.obj
 0001:0001b8bf       _IN_MLookDown              0041c8bf f   in_win.obj
 0001:0001b8ca       _IN_MLookUp                0041c8ca f   in_win.obj
 0001:0001b8ed       _IN_MouseEvent             0041c8ed f   in_win.obj
 0001:0001b957       _IN_Commands               0041c957 f   in_win.obj
 0001:0001ba86       _IN_Init                   0041ca86 f   in_win.obj
 0001:0001bd7a       _IN_Shutdown               0041cd7a f   in_win.obj
 0001:0001be5e       _IN_Move                   0041ce5e f   in_win.obj
 0001:0001c3b8       _IN_Activate               0041d3b8 f   in_win.obj
 0001:0001c3cf       _IN_Frame                  0041d3cf f   in_win.obj
 0001:0001c79b       _Key_KeynumToString        0041d79b f   keys.obj
 0001:0001c835       _CompleteCommand           0041d835 f   keys.obj
 0001:0001d1b6       _Key_SetBinding            0041e1b6 f   keys.obj
 0001:0001d1f4       _Key_FindBinding           0041e1f4 f   keys.obj
 0001:0001d242       _Key_WriteBindings         0041e242 f   keys.obj
 0001:0001d28a       _Key_Init                  0041e28a f   keys.obj
 0001:0001d5b6       _Key_Event                 0041e5b6 f   keys.obj
 0001:0001d907       _Key_ClearStates           0041e907 f   keys.obj
 0001:0001d93e       _Key_ClearTyping           0041e93e f   keys.obj
 0001:0001d957       _MD4Init                   0041e957 f   md4.obj
 0001:0001d97f       _MD4Update                 0041e97f f   md4.obj
 0001:0001da1d       _MD4Final                  0041ea1d f   md4.obj
 0001:0001e10e       _Com_BlockChecksum         0041f10e f   md4.obj
 0001:0001e14a       _Z_Free                    0041f14a f   memory.obj
 0001:0001e1a2       _Z_FreeTags                0041f1a2 f   memory.obj
 0001:0001e1d2       _Z_TagMalloc               0041f1d2 f   memory.obj
 0001:0001e241       _Z_Malloc                  0041f241 f   memory.obj
 0001:0001e263       _Z_BlockMalloc             0041f263 f   memory.obj
 0001:0001e27e       _CreateMemoryChain         0041f27e f   memory.obj
 0001:0001e2e4       _FreeMemoryChain           0041f2e4 f   memory.obj
 0001:0001e30e       _AllocChainBlock           0041f30e f   memory.obj
 0001:0001e359       _CopyString                0041f359 f   memory.obj
 0001:0001e380       _ChainCopyString           0041f380 f   memory.obj
 0001:0001e3a8       _AllocNamedStruc           0041f3a8 f   memory.obj
 0001:0001e3e6       _ChainAllocNamedStruc      0041f3e6 f   memory.obj
 0001:0001e425       _FindNamedStruc            0041f425 f   memory.obj
 0001:0001e469       _FindNamedStrucByIndex     0041f469 f   memory.obj
 0001:0001e480       _IndexOfNamedStruc         0041f480 f   memory.obj
 0001:0001e4ae       _AddToNamedList            0041f4ae f   memory.obj
 0001:0001e4f8       _ChainAddToNamedList       0041f4f8 f   memory.obj
 0001:0001e542       _FreeNamedList             0041f542 f   memory.obj
 0001:0001e55d       _Z_Init                    0041f55d f   memory.obj
 0001:0001e598       _M_PushMenu                0041f598 f   menu.obj
 0001:0001e62d       _M_ForceMenuOff            0041f62d f   menu.obj
 0001:0001e660       _M_ForceMenuOn             0041f660 f   menu.obj
 0001:0001e679       _M_PopMenu                 0041f679 f   menu.obj
 0001:0001e6ca       _Default_MenuKey           0041f6ca f   menu.obj
 0001:0001e7ea       _M_Print                   0041f7ea f   menu.obj
 0001:0001e830       _M_DrawTextBox             0041f830 f   menu.obj
 0001:0001ea1c       _M_Main_Draw               0041fa1c f   menu.obj
 0001:0001eba0       _M_Main_Key                0041fba0 f   menu.obj
 0001:0001ec9a       _M_Menu_Main_f             0041fc9a f   menu.obj
 0001:0001ecbb       _M_Menu_Multiplayer_f      0041fcbb f   menu.obj
 0001:0001ee93       _M_Menu_Keys_f             0041fe93 f   menu.obj
 0001:0001f312       _M_Menu_Options_f          00420312 f   menu.obj
 0001:0001fc1d       _M_Menu_Video_f            00420c1d f   menu.obj
 0001:0001fc3e       _M_Menu_Credits_f          00420c3e f   menu.obj
 0001:0001fe25       _M_Menu_Game_f             00420e25 f   menu.obj
 0001:00020098       _M_Menu_LoadGame_f         00421098 f   menu.obj
 0001:00020368       _M_Menu_SaveGame_f         00421368 f   menu.obj
 0001:000204c8       _M_AddToServerList         004214c8 f   menu.obj
 0001:0002053b       _M_Menu_JoinServer_f       0042153b f   menu.obj
 0001:000207a3       _M_Menu_StartServer_f      004217a3 f   menu.obj
 0001:00020fee       _M_Menu_DMOptions_f        00421fee f   menu.obj
 0001:0002178f       _M_Menu_DownloadOptions_f  0042278f f   menu.obj
 0001:00021a11       _M_Menu_AddressBook_f      00422a11 f   menu.obj
 0001:00022e02       _M_Init                    00423e02 f   menu.obj
 0001:00022f26       _M_Draw                    00423f26 f   menu.obj
 0001:00022fb0       _M_Keydown                 00423fb0 f   menu.obj
 0001:00022fcc       _LoadQ2BspFile             00423fcc f   model.obj
 0001:00023592       _LoadBspFile               00424592 f   model.obj
 0001:0002374a       _ProcessEntstring          0042474a f   model.obj
 0001:000245ba       _Netchan_Init              004255ba f   net_chan.obj
 0001:0002461a       _Netchan_OutOfBand         0042561a f   net_chan.obj
 0001:0002467a       _Netchan_OutOfBandPrint    0042567a f   net_chan.obj
 0001:000246bf       _Netchan_Setup             004256bf f   net_chan.obj
 0001:0002471c       _Netchan_NeedReliable      0042571c f   net_chan.obj
 0001:00024748       _Netchan_Transmit          00425748 f   net_chan.obj
 0001:000248ed       _Netchan_Process           004258ed f   net_chan.obj
 0001:00024a14       _NetadrToSockadr           00425a14 f   net_wins.obj
 0001:00024ab6       _SockadrToNetadr           00425ab6 f   net_wins.obj
 0001:00024b19       _NET_CompareAdr            00425b19 f   net_wins.obj
 0001:00024b7f       _NET_CompareBaseAdr        00425b7f f   net_wins.obj
 0001:00024bd8       _NET_AdrToString           00425bd8 f   net_wins.obj
 0001:00024c91       _NET_StringToSockaddr      00425c91 f   net_wins.obj
 0001:00024eca       _NET_StringToAdr           00425eca f   net_wins.obj
 0001:00024f23       _NET_IsLocalAddress        00425f23 f   net_wins.obj
 0001:00024f2f       _NET_GetLoopPacket         00425f2f f   net_wins.obj
 0001:00024fb6       _NET_SendLoopPacket        00425fb6 f   net_wins.obj
 0001:00025002       _NET_GetPacket             00426002 f   net_wins.obj
 0001:00025120       _NET_SendPacket            00426120 f   net_wins.obj
 0001:000251f8       _NET_IPSocket              004261f8 f   net_wins.obj
 0001:0002530e       _NET_OpenIP                0042630e f   net_wins.obj
 0001:0002538a       _NET_OpenIPX               0042638a f   net_wins.obj
 0001:000254e2       _NET_Config                004264e2 f   net_wins.obj
 0001:00025575       _NET_Init                  00426575 f   net_wins.obj
 0001:000255dc       _Pmove                     004265dc f   pmove.obj
 0001:00027372       _NormalizeColor            00428372 f   q_shared2.obj
 0001:000273d3       _NormalizeColor255         004283d3 f   q_shared2.obj
 0001:00027438       _Q_rsqrt                   00428438 f   q_shared2.obj
 0001:00027468       _RotatePointAroundVector   00428468 f   q_shared2.obj
 0001:000275d8       _AngleVectors              004285d8 f   q_shared2.obj
 0001:00027739       _ProjectPointOnPlane       00428739 f   q_shared2.obj
 0001:000277b8       _PerpendicularVector       004287b8 f   q_shared2.obj
 0001:00027837       _MakeNormalVectors         00428837 f   q_shared2.obj
 0001:0002789e       _MatrixMultiply            0042889e f   q_shared2.obj
 0001:00027985       _SetPlaneSignbits          00428985 f   q_shared2.obj
 0001:000279a8       _LerpAngle                 004289a8 f   q_shared2.obj
 0001:000279eb       _anglemod                  004289eb f   q_shared2.obj
 0001:00027a17       _BoxOnPlaneSide            00428a17 f   q_shared2.obj
 0001:00027b3a       _ClearBounds               00428b3a f   q_shared2.obj
 0001:00027b63       _AddPointToBounds          00428b63 f   q_shared2.obj
 0001:00027b9c       _VectorCompare             00428b9c f   q_shared2.obj
 0001:00027bca       _VectorNormalize           00428bca f   q_shared2.obj
 0001:00027c1e       _VectorNormalize2          00428c1e f   q_shared2.obj
 0001:00027c76       _VectorNormalizeFast       00428c76 f   q_shared2.obj
 0001:00027cc7       _CrossProduct              00428cc7 f   q_shared2.obj
 0001:00027d02       _VectorLength              00428d02 f   q_shared2.obj
 0001:00027d31       _VectorDistance            00428d31 f   q_shared2.obj
 0001:00027d62       _VectorInverse             00428d62 f   q_shared2.obj
 0001:00027d7d       _VectorScale               00428d7d f   q_shared2.obj
 0001:00027da1       _AnglesToAxis              00428da1 f   q_shared2.obj
 0001:00027ddf       _COM_FilePath              00428ddf f   q_shared2.obj
 0001:00027e15       _ShortSwap                 00428e15 f   q_shared2.obj
 0001:00027e2a       _va                        00428e2a f   q_shared2.obj
 0001:00027e77       _COM_ParseExt              00428e77 f   q_shared2.obj
 0001:00027f80       _COM_QuoteString           00428f80 f   q_shared2.obj
 0001:00027fdb       _Com_PageInMemory          00428fdb f   q_shared2.obj
 0001:00027ffa       _Q_stricmp                 00428ffa f   q_shared2.obj
 0001:0002800b       _Q_strncasecmp             0042900b f   q_shared2.obj
 0001:00028063       _Q_strcasecmp              00429063 f   q_shared2.obj
 0001:00028079       _Q_strncpyz                00429079 f   q_shared2.obj
 0001:0002809d       _Q_strncpylower            0042909d f   q_shared2.obj
 0001:000280d7       _Q_CopyFilename            004290d7 f   q_shared2.obj
 0001:00028173       _Com_sprintf               00429173 f   q_shared2.obj
 0001:000281b9       _Info_ValueForKey          004291b9 f   q_shared2.obj
 0001:00028244       _Info_RemoveKey            00429244 f   q_shared2.obj
 0001:000282ca       _Info_SetValueForKey       004292ca f   q_shared2.obj
 0001:00028408       _Menu_ItemAtCursor         00429408 f   qmenu.obj
 0001:0002845f       _Field_Key                 0042945f f   qmenu.obj
 0001:000286cf       _Menu_AddItem              004296cf f   qmenu.obj
 0001:0002874a       _Menu_AdjustCursor         0042974a f   qmenu.obj
 0001:00028895       _Menu_Center               00429895 f   qmenu.obj
 0001:000288d5       _Menu_DrawDotsItem         004298d5 f   qmenu.obj
 0001:00028914       _Menu_Draw                 00429914 f   qmenu.obj
 0001:00028e2f       _Menu_SelectItem           00429e2f f   qmenu.obj
 0001:00028e63       _Menu_SetStatusBar         00429e63 f   qmenu.obj
 0001:00028e6f       _Menu_SlideItem            00429e6f f   qmenu.obj
 0001:00029386       _S_SoundInfo_f             0042a386 f   snd_dma.obj
 0001:00029410       _S_ReadModelsSex           0042a410 f   snd_dma.obj
 0001:000294f8       _S_IsFemale                0042a4f8 f   snd_dma.obj
 0001:00029586       _S_Init                    0042a586 f   snd_dma.obj
 0001:00029659       _S_Shutdown                0042a659 f   snd_dma.obj
 0001:000296e3       _S_FindName                0042a6e3 f   snd_dma.obj
 0001:000297c5       _S_AliasName               0042a7c5 f   snd_dma.obj
 0001:0002984e       _S_BeginRegistration       0042a84e f   snd_dma.obj
 0001:0002985f       _S_RegisterSound           0042a85f f   snd_dma.obj
 0001:000298c5       _S_EndRegistration         0042a8c5 f   snd_dma.obj
 0001:00029958       _S_PickChannel             0042a958 f   snd_dma.obj
 0001:000299ec       _S_SpatializeOrigin        0042a9ec f   snd_dma.obj
 0001:00029b13       _S_Spatialize              0042ab13 f   snd_dma.obj
 0001:00029b84       _S_AllocPlaysound          0042ab84 f   snd_dma.obj
 0001:00029ba3       _S_FreePlaysound           0042aba3 f   snd_dma.obj
 0001:00029bd3       _S_IssuePlaysound          0042abd3 f   snd_dma.obj
 0001:00029ca0       _S_RegisterSexedSound      0042aca0 f   snd_dma.obj
 0001:00029d84       _S_StartSound              0042ad84 f   snd_dma.obj
 0001:00029f53       _S_StartLocalSound         0042af53 f   snd_dma.obj
 0001:00029fa2       _S_ClearBuffer             0042afa2 f   snd_dma.obj
 0001:00029ffa       _S_StopAllSounds           0042affa f   snd_dma.obj
 0001:0002a075       _S_AddLoopSounds           0042b075 f   snd_dma.obj
 0001:0002a247       _S_RawSamples              0042b247 f   snd_dma.obj
 0001:0002a44b       _S_Update                  0042b44b f   snd_dma.obj
 0001:0002a546       _GetSoundtime              0042b546 f   snd_dma.obj
 0001:0002a5ad       _S_Update_                 0042b5ad f   snd_dma.obj
 0001:0002a653       _S_Play                    0042b653 f   snd_dma.obj
 0001:0002a7c4       _ResampleSfx               0042b7c4 f   snd_mem.obj
 0001:0002a8dc       _S_LoadSound               0042b8dc f   snd_mem.obj
 0001:0002aa05       _FindNextChunk             0042ba05 f   snd_mem.obj
 0001:0002aa8f       _GetWavinfo                0042ba8f f   snd_mem.obj
 0001:0002ac7c       _S_WriteLinearBlastStereo16 0042bc7c f   snd_mix.obj
 0001:0002acf0       _S_TransferStereo16        0042bcf0 f   snd_mix.obj
 0001:0002ad59       _S_TransferPaintBuffer     0042bd59 f   snd_mix.obj
 0001:0002aeb5       _S_PaintChannels           0042beb5 f   snd_mix.obj
 0001:0002b0e2       _S_InitScaletable          0042c0e2 f   snd_mix.obj
 0001:0002b136       _S_PaintChannelFrom8       0042c136 f   snd_mix.obj
 0001:0002b238       _S_PaintChannelFrom16      0042c238 f   snd_mix.obj
 0001:0002b2a3       _FreeSound                 0042c2a3 f   snd_win.obj
 0001:0002b3b3       _SNDDMA_InitDirect         0042c3b3 f   snd_win.obj
 0001:0002b885       _SNDDMA_Init               0042c885 f   snd_win.obj
 0001:0002b901       _SNDDMA_GetDMAPos          0042c901 f   snd_win.obj
 0001:0002b94b       _SNDDMA_BeginPainting      0042c94b f   snd_win.obj
 0001:0002ba4d       _SNDDMA_Submit             0042ca4d f   snd_win.obj
 0001:0002ba72       _SNDDMA_Shutdown           0042ca72 f   snd_win.obj
 0001:0002ba77       _S_Activate                0042ca77 f   snd_win.obj
 0001:0002baa2       _SV_SetMaster_f            0042caa2 f   sv_ccmds.obj
 0001:0002bbb4       _SV_WipeSavegame           0042cbb4 f   sv_ccmds.obj
 0001:0002bbe2       _SV_CopySaveGame           0042cbe2 f   sv_ccmds.obj
 0001:0002bc37       _SV_WriteLevelFile         0042cc37 f   sv_ccmds.obj
 0001:0002bce5       _SV_ReadLevelFile          0042cce5 f   sv_ccmds.obj
 0001:0002bd93       _SV_WriteServerFile        0042cd93 f   sv_ccmds.obj
 0001:0002bfcf       _SV_ReadServerFile         0042cfcf f   sv_ccmds.obj
 0001:0002c0f4       _SV_DemoMap_f              0042d0f4 f   sv_ccmds.obj
 0001:0002c17e       _SV_GameMap_f              0042d17e f   sv_ccmds.obj
 0001:0002c2f0       _SV_Map_f                  0042d2f0 f   sv_ccmds.obj
 0001:0002c35d       _SV_Loadgame_f             0042d35d f   sv_ccmds.obj
 0001:0002c462       _SV_Savegame_f             0042d462 f   sv_ccmds.obj
 0001:0002c567       _SV_AddressBanned          0042d567 f   sv_ccmds.obj
 0001:0002c5a9       _SV_InitOperatorCommands   0042d5a9 f   sv_ccmds.obj
 0001:0002cf48       _SV_WritePlayerstateToClient 0042df48 f   sv_ents.obj
 0001:0002d46c       _SV_WriteFrameToClient     0042e46c f   sv_ents.obj
 0001:0002d696       _SV_FatPVS                 0042e696 f   sv_ents.obj
 0001:0002d7c0       _SV_BuildClientFrame       0042e7c0 f   sv_ents.obj
 0001:0002dad0       _SV_RecordDemoMessage      0042ead0 f   sv_ents.obj
 0001:0002e46d       _SV_InitGameProgs          0042f46d f   sv_game.obj
 0001:0002e538       _SV_ShutdownGameProgs      0042f538 f   sv_game.obj
 0001:0002e5a9       _SV_FindIndex              0042f5a9 f   sv_init.obj
 0001:0002e6ac       _SV_ModelIndex             0042f6ac f   sv_init.obj
 0001:0002e6c2       _SV_SoundIndex             0042f6c2 f   sv_init.obj
 0001:0002e6db       _SV_ImageIndex             0042f6db f   sv_init.obj
 0001:0002e6f4       _SV_CreateBaseline         0042f6f4 f   sv_init.obj
 0001:0002e752       _SV_CheckForSavegame       0042f752 f   sv_init.obj
 0001:0002e7da       _SV_SpawnServer            0042f7da f   sv_init.obj
 0001:0002eaac       _SV_InitGame               0042faac f   sv_init.obj
 0001:0002ecf0       _SV_Map                    0042fcf0 f   sv_init.obj
 0001:0002eeb8       _SV_DropClient             0042feb8 f   sv_main.obj
 0001:0002ef2d       _SV_StatusString           0042ff2d f   sv_main.obj
 0001:0002f00c       _SVC_Info                  0043000c f   sv_main.obj
 0001:0002f0e2       _SVC_GetChallenge          004300e2 f   sv_main.obj
 0001:0002f18a       _SVC_DirectConnect         0043018a f   sv_main.obj
 0001:0002f5f6       _Rcon_Validate             004305f6 f   sv_main.obj
 0001:0002f627       _SVC_RemoteCommand         00430627 f   sv_main.obj
 0001:0002f6f9       _SV_ConnectionlessPacket   004306f9 f   sv_main.obj
 0001:0002f85b       _SV_CalcPings              0043085b f   sv_main.obj
 0001:0002f8e2       _SV_GiveMsec               004308e2 f   sv_main.obj
 0001:0002f921       _SV_ReadPackets            00430921 f   sv_main.obj
 0001:0002fa6b       _SV_CheckTimeouts          00430a6b f   sv_main.obj
 0001:0002fb7c       _SV_PostprocessFrame       00430b7c f   sv_main.obj
 0001:00030052       _SV_MulticastHook          00431052 f   sv_main.obj
 0001:0003046b       _SV_TraceHook              0043146b f   sv_main.obj
 0001:000305e6       _SV_Frame                  004315e6 f   sv_main.obj
 0001:0003087f       _SV_UserinfoChanged        0043187f f   sv_main.obj
 0001:00030943       _SV_Init                   00431943 f   sv_main.obj
 0001:000309ba       _SV_Shutdown               004319ba f   sv_main.obj
 0001:00030bbe       _SV_FlushRedirect          00431bbe f   sv_send.obj
 0001:00030c30       _SV_ClientPrintf           00431c30 f   sv_send.obj
 0001:00030c8b       _SV_BroadcastPrintf        00431c8b f   sv_send.obj
 0001:00030d61       _SV_BroadcastCommand       00431d61 f   sv_send.obj
 0001:00030db8       _SV_Multicast              00431db8 f   sv_send.obj
 0001:00030ffd       _SV_MulticastOld           00431ffd f   sv_send.obj
 0001:00031010       _SV_StartSound             00432010 f   sv_send.obj
 0001:000312d5       _SV_StartSoundOld          004322d5 f   sv_send.obj
 0001:00031305       _SV_StartSoundNew          00432305 f   sv_send.obj
 0001:00031335       _SV_SendClientDatagram     00432335 f   sv_send.obj
 0001:00031409       _SV_DemoCompleted          00432409 f   sv_send.obj
 0001:00031425       _SV_RateDrop               00432425 f   sv_send.obj
 0001:00031470       _SV_SendClientMessages     00432470 f   sv_send.obj
 0001:000315bf       _SV_BeginDemoserver        004325bf f   sv_user.obj
 0001:0003160c       _SV_New_f                  0043260c f   sv_user.obj
 0001:00031781       _SV_Configstrings_f        00432781 f   sv_user.obj
 0001:000318db       _SV_Baselines_f            004328db f   sv_user.obj
 0001:00031a4f       _SV_Begin_f                00432a4f f   sv_user.obj
 0001:00031aac       _SV_NextDownload_f         00432aac f   sv_user.obj
 0001:00031b80       _SV_BeginDownload_f        00432b80 f   sv_user.obj
 0001:00031d98       _SV_Disconnect_f           00432d98 f   sv_user.obj
 0001:00031da8       _SV_ShowServerinfo_f       00432da8 f   sv_user.obj
 0001:00031db5       _SV_Nextserver             00432db5 f   sv_user.obj
 0001:00031dff       _SV_Nextserver_f           00432dff f   sv_user.obj
 0001:00031e46       _SV_ExecuteUserCommand     00432e46 f   sv_user.obj
 0001:00031f34       _SV_ClientThink            00432f34 f   sv_user.obj
 0001:00031f77       _SV_ExecuteClientMessage   00432f77 f   sv_user.obj
 0001:00032198       _SV_ClearWorld             00433198 f   sv_world.obj
 0001:000322ec       _SV_UnlinkEdict            004332ec f   sv_world.obj
 0001:000323a8       _SV_LinkEdict              004333a8 f   sv_world.obj
 0001:00032a06       _SV_AreaEdicts             00433a06 f   sv_world.obj
 0001:00032bb7       _SV_PointContents          00433bb7 f   sv_world.obj
 0001:00032cdd       _SV_ClipMoveToEntities     00433cdd f   sv_world.obj
 0001:000330bd       _SV_Trace                  004340bd f   sv_world.obj
 0001:00033179       _Sys_Quit                  00434179 f   sys_win.obj
 0001:00033249       _Sys_Error                 00434249 f   sys_win.obj
 0001:0003329d       _osAddressInfo             0043429d f   sys_win.obj
 0001:00033331       _osModuleInfo              00434331 f   sys_win.obj
 0001:000334cc       _appSymbolName2            004344cc f   sys_win.obj
 0001:0003354c       _appSymbolName             0043454c f   sys_win.obj
 0001:0003357e       _win32ExceptFilter         0043457e f   sys_win.obj
 0001:00033b4c       _win32ExceptFilter2        00434b4c f   sys_win.obj
 0001:00033b58       _Sys_Init                  00434b58 f   sys_win.obj
 0001:00033ee0       _Sys_ConsoleInput          00434ee0 f   sys_win.obj
 0001:00034191       _Sys_ConsoleOutput         00435191 f   sys_win.obj
 0001:0003421f       _Sys_SendKeyEvents         0043521f f   sys_win.obj
 0001:00034288       _Sys_GetClipboardData      00435288 f   sys_win.obj
 0001:000342e1       _Sys_UnloadGame            004352e1 f   sys_win.obj
 0001:00034304       _Sys_GetGameAPI            00435304 f   sys_win.obj
 0001:000343ee       _WinMain@16                004353ee f   sys_win.obj
 0001:00034625       _Vid_CreateWindow          00435625 f   vid_dll.obj
 0001:00034e0b       _Vid_DestroyWindow         00435e0b f   vid_dll.obj
 0001:00034e46       _Vid_GetModeInfo           00435e46 f   vid_dll.obj
 0001:00034e75       _Vid_UpdateWindowPosAndSize 00435e75 f   vid_dll.obj
 0001:00034edc       _Vid_FreeReflib            00435edc f   vid_dll.obj
 0001:00034f1b       _Vid_CheckChanges          00435f1b f   vid_dll.obj
 0001:0003530f       _Vid_Init                  0043630f f   vid_dll.obj
 0001:000353ce       _Vid_Shutdown              004363ce f   vid_dll.obj
 0001:000353fc       _Vid_MenuInit              004363fc f   vid_menu.obj
 0001:00035c5c       _Vid_MenuDraw              00436c5c f   vid_menu.obj
 0001:00035cf0       _Vid_MenuKey               00436cf0 f   vid_menu.obj
 0001:0003604a       _Zip_OpenArchive           0043704a f   zip.obj
 0001:000360b5       _Zip_CloseArchive          004370b5 f   zip.obj
 0001:000360c1       _Zip_EnumArchive           004370c1 f   zip.obj
 0001:000362a2       _Zip_OpenFile              004372a2 f   zip.obj
 0001:000363b1       _Zip_ReadFile              004373b1 f   zip.obj
 0001:000364a8       _Zip_CloseFile             004374a8 f   zip.obj
 0001:000364f0       _Zip_OpenBuf               004374f0 f   zip.obj
 0001:00036543       _Zip_ReadBuf               00437543 f   zip.obj
 0001:0003658b       _Zip_CloseBuf              0043758b f   zip.obj
 0001:000365a1       _GL_BackEnd                004375a1 f   gl_backend.obj
 0001:00039b1d       _GL_InitBackend            0043ab1d f   gl_backend.obj
 0001:00039b60       _GL_ShutdownBackend        0043ab60 f   gl_backend.obj
 0001:00039b74       _GL_AllocDynamicMemory     0043ab74 f   gl_buffers.obj
 0001:00039bd4       _GL_ResizeDynamicMemory    0043abd4 f   gl_buffers.obj
 0001:00039c1f       _GL_AddSurfaceToPortal     0043ac1f f   gl_buffers.obj
 0001:00039c82       _GL_AddDynamicSurface      0043ac82 f   gl_buffers.obj
 0001:00039caa       _GL_InsertShaderIndex      0043acaa f   gl_buffers.obj
 0001:00039cdd       _GL_ClearPortal            0043acdd f   gl_buffers.obj
 0001:00039cf9       _GL_FinishPortal           0043acf9 f   gl_buffers.obj
 0001:00039d4a       _GL_SortSurfaces           0043ad4a f   gl_buffers.obj
 0001:00039ee5       _GL_ClearBuffers           0043aee5 f   gl_buffers.obj
 0001:00039efc       _GL_AddEntity              0043aefc f   gl_frontend.obj
 0001:0003a370       _GL_AddDlight              0043b370 f   gl_frontend.obj
 0001:0003a528       _GL_DrawPortal             0043b528 f   gl_frontend.obj
 0001:0003d04d       _GL_TextureMode            0043e04d f   gl_image.obj
 0001:0003d0f4       _GL_CreateImage            0043e0f4 f   gl_image.obj
 0001:0003dec4       _GL_SetRawPalette          0043eec4 f   gl_image.obj
 0001:0003def5       _GL_DrawStretchRaw8        0043eef5 f   gl_image.obj
 0001:0003e521       _GL_SetupGamma             0043f521 f   gl_image.obj
 0001:0003e664       _GL_PerformScreenshot      0043f664 f   gl_image.obj
 0001:0003e8ed       _GL_InitImages             0043f8ed f   gl_image.obj
 0001:0003eedc       _GL_ShutdownImages         0043fedc f   gl_image.obj
 0001:0003ef43       _GL_LoadDelayedImages      0043ff43 f   gl_image.obj
 0001:0003efc0       _GL_ShowImages             0043ffc0 f   gl_image.obj
 0001:0003f248       _GL_FindImage              00440248 f   gl_image.obj
 0001:0003f603       _GL_Lock                   00440603 f   gl_interface.obj
 0001:0003f693       _GL_Unlock                 00440693 f   gl_interface.obj
 0001:0003f855       _GL_Bind                   00440855 f   gl_interface.obj
 0001:0003f97f       _GL_BindForce              0044097f f   gl_interface.obj
 0001:0003f9fd       _GL_TexEnv                 004409fd f   gl_interface.obj
 0001:0003fb7c       _GL_TexMipBias             00440b7c f   gl_interface.obj
 0001:0003fbd7       _GL_TexEnvColor            00440bd7 f   gl_interface.obj
 0001:0003fc87       _GL_SelectTexture          00440c87 f   gl_interface.obj
 0001:0003fce8       _GL_TexCoordPointer        00440ce8 f   gl_interface.obj
 0001:0003fd18       _GL_SetMultitexture        00440d18 f   gl_interface.obj
 0001:0003fe0a       _GL_DisableTexCoordArrays  00440e0a f   gl_interface.obj
 0001:0003fe63       _GL_CullFace               00440e63 f   gl_interface.obj
 0001:0003feb4       _GL_DepthRange             00440eb4 f   gl_interface.obj
 0001:0003fee7       _GL_State                  00440ee7 f   gl_interface.obj
 0001:00040040       _GL_EnableFog              00441040 f   gl_interface.obj
 0001:00040138       _GL_SetDefaultState        00441138 f   gl_interface.obj
 0001:00040286       _GL_Set2DMode              00441286 f   gl_interface.obj
 0001:00040381       _GL_Setup                  00441381 f   gl_interface.obj
 0001:0004048d       _GL_ShowLights             0044148d f   gl_light.obj
 0001:000408b2       _GL_LightForEntity         004418b2 f   gl_light.obj
 0001:00041b2b       _GL_DiffuseLight           00442b2b f   gl_light.obj
 0001:00041ca3       _GL_InitLightGrid          00442ca3 f   gl_light.obj
 0001:00041d3f       _GL_PostLoadLights         00442d3f f   gl_light.obj
 0001:00041fdd       _LM_Init                   00442fdd f   gl_lightmap.obj
 0001:00041ff3       _LM_Flush                  00442ff3 f   gl_lightmap.obj
 0001:00042050       _LM_Done                   00443050 f   gl_lightmap.obj
 0001:00042077       _LM_Save                   00443077 f   gl_lightmap.obj
 0001:00042091       _LM_Restore                00443091 f   gl_lightmap.obj
 0001:000420ab       _LM_NewBlock               004430ab f   gl_lightmap.obj
 0001:00042125       _LM_Rewind                 00443125 f   gl_lightmap.obj
 0001:0004212d       _LM_NextBlock              0044312d f   gl_lightmap.obj
 0001:0004215a       _LM_CheckMinlight          0044315a f   gl_lightmap.obj
 0001:000421f0       _LM_AllocBlock             004431f0 f   gl_lightmap.obj
 0001:000422a7       _LM_PutBlock               004432a7 f   gl_lightmap.obj
 0001:000426e1       _LM_SortLightStyles        004436e1 f   gl_lightmap.obj
 0001:00042772       _GL_UpdateDynamicLightmap  00443772 f   gl_lightmap.obj
 0001:00042c69       _LM_IsMonotone             00443c69 f   gl_lightmap.obj
 0001:00042d70       _GL_EnableRendering        00443d70 f   gl_main.obj
 0001:00042d8b       _DrawTextLeft              00443d8b f   gl_main.obj
 0001:00042e55       _DrawTextRight             00443e55 f   gl_main.obj
 0001:00042e93       _DrawText3D                00443e93 f   gl_main.obj
 0001:00042f0b       _GL_GetRefAPI              00443f0b f   gl_main.obj
 0001:000448e1       _GL_InitFuncTables         004458e1 f   gl_math.obj
 0001:00044a92       _ModelToWorldCoord         00445a92 f   gl_math.obj
 0001:00044b03       _WorldToModelCoord         00445b03 f   gl_math.obj
 0001:00044b4a       _BuildRotationMatrix       00445b4a f   gl_math.obj
 0001:00044c44       _GetBoxRect                00445c44 f   gl_math.obj
 0001:00044fb5       _ProjectToScreen           00445fb5 f   gl_math.obj
 0001:000450f8       _SaturateColor3f           004460f8 f   gl_math.obj
 0001:000451e8       _SaturateColor4b           004461e8 f   gl_math.obj
 0001:000452f6       _GL_FindModel              004462f6 f   gl_model.obj
 0001:00045474       _GL_LoadWorldMap           00446474 f   gl_model.obj
 0001:00047017       _GL_PointInLeaf            00448017 f   gl_model.obj
 0001:00047a24       _ATAN2_FUNC                00448a24 f i gl_model.obj
 0001:00047bcf       _GL_FindSkin               00448bcf f   gl_model.obj
 0001:00047d2e       _GL_ResetModels            00448d2e f   gl_model.obj
 0001:00047e02       _GL_InitModels             00448e02 f   gl_model.obj
 0001:00047e96       _GL_ShutdownModels         00448e96 f   gl_model.obj
 0001:00047eac       _SubdividePlane            00448eac f   gl_poly.obj
 0001:000482ff       _FreeSubdividedPlane       004492ff f   gl_poly.obj
 0001:00048317       _GetSubdivideIndexes       00449317 f   gl_poly.obj
 0001:0004836a       _RemoveCollinearPoints     0044936a f   gl_poly.obj
 0001:0004847e       _GetPolyArea               0044947e f   gl_poly.obj
 0001:00048512       _GL_InitShaders            00449512 f   gl_shader.obj
 0001:0004865e       _GL_ShutdownShaders        0044965e f   gl_shader.obj
 0001:00048688       _GL_SetShaderLightmap      00449688 f   gl_shader.obj
 0001:00048a8a       _GL_SetShaderLightstyles   00449a8a f   gl_shader.obj
 0001:00048b26       _GL_GetAlphaShader         00449b26 f   gl_shader.obj
 0001:00048de0       _GL_FindShader             00449de0 f   gl_shader.obj
 0001:00049419       _GL_GetShaderByNum         0044a419 f   gl_shader.obj
 0001:00049437       _GL_ResetShaders           0044a437 f   gl_shader.obj
 0001:000498c5       _GL_ClearSkyBox            0044a8c5 f   gl_sky.obj
 0001:000498e8       _GL_SetSkyRotate           0044a8e8 f   gl_sky.obj
 0001:00049920       _GL_SkyVisible             0044a920 f   gl_sky.obj
 0001:00049939       _GL_AddSkySurface          0044a939 f   gl_sky.obj
 0001:00049f66       _GL_TesselateSkySide       0044af66 f   gl_sky.obj
 0001:0004a238       _GLimp_SetMode             0044b238 f   glw_imp.obj
 0001:0004a4de       _GLimp_HasGamma            0044b4de f   glw_imp.obj
 0001:0004a4f2       _GLimp_SetGamma            0044b4f2 f   glw_imp.obj
 0001:0004a68b       _GLimp_Init                0044b68b f   glw_imp.obj
 0001:0004a9d2       _GLimp_Shutdown            0044b9d2 f   glw_imp.obj
 0001:0004aa80       _GLimp_EndFrame            0044ba80 f   glw_imp.obj
 0001:0004ab1d       _GLimp_AppActivate         0044bb1d f   glw_imp.obj
 0001:0004c227       _QGL_Shutdown              0044d227 f   qgl_win.obj
 0001:0004c26b       _QGL_Init                  0044d26b f   qgl_win.obj
 0001:0004c2ee       _QGL_InitExtensions        0044d2ee f   qgl_win.obj
 0001:0004c703       _QGL_PrintExtensionsString 0044d703 f   qgl_win.obj
 0001:0004c832       _QGL_EnableLogging         0044d832 f   qgl_win.obj
 0001:0004c8cd       _QGL_LogMessage            0044d8cd f   qgl_win.obj
 0001:0004c8e4       _Hunk_Begin                0044d8e4 f   q_shwin.obj
 0001:0004c91e       _Hunk_Alloc                0044d91e f   q_shwin.obj
 0001:0004c9a5       _Hunk_End                  0044d9a5 f   q_shwin.obj
 0001:0004c9ab       _Hunk_Free                 0044d9ab f   q_shwin.obj
 0001:0004c9c4       _Sys_Milliseconds          0044d9c4 f   q_shwin.obj
 0001:0004c9f8       _Sys_Mkdir                 0044d9f8 f   q_shwin.obj
 0001:0004ca04       _Sys_FindFirst             0044da04 f   q_shwin.obj
 0001:0004ca82       _Sys_FindNext              0044da82 f   q_shwin.obj
 0001:0004caf7       _Sys_FindClose             0044daf7 f   q_shwin.obj
 0001:0004cb11       _R_Alias_clip_z            0044db11 f   r_aclip.obj
 0001:0004cbd3       _R_Alias_clip_left         0044dbd3 f   r_aclip.obj
 0001:0004cddf       _R_Alias_clip_right        0044dddf f   r_aclip.obj
 0001:0004cfeb       _R_Alias_clip_top          0044dfeb f   r_aclip.obj
 0001:0004d1ff       _R_Alias_clip_bottom       0044e1ff f   r_aclip.obj
 0001:0004d413       _R_AliasClip               0044e413 f   r_aclip.obj
 0001:0004d4e3       _R_AliasClipTriangle       0044e4e3 f   r_aclip.obj
 0001:0004d6d5       _R_AliasCheckFrameBBox     0044e6d5 f   r_alias.obj
 0001:0004d808       _R_AliasCheckBBox          0044e808 f   r_alias.obj
 0001:0004d86c       _R_AliasTransformVector    0044e86c f   r_alias.obj
 0001:0004d8c8       _R_AliasPreparePoints      0044e8c8 f   r_alias.obj
 0001:0004db60       _R_AliasSetUpTransform     0044eb60 f   r_alias.obj
 0001:0004de23       _R_AliasTransformFinalVerts 0044ee23 f   r_alias.obj
 0001:0004dff2       _R_AliasProjectAndClipTestFinalVert 0044eff2 f   r_alias.obj
 0001:0004e0a1       _R_AliasSetupLighting      0044f0a1 f   r_alias.obj
 0001:0004e20b       _R_AliasSetupFrames        0044f20b f   r_alias.obj
 0001:0004e27f       _R_AliasSetUpLerpData      0044f27f f   r_alias.obj
 0001:0004e3a7       _R_AliasDrawModel          0044f3a7 f   r_alias.obj
 0001:0004e63b       _R_EntityRotate            0044f63b f   r_bsp.obj
 0001:0004e6b7       _R_RotateBmodel            0044f6b7 f   r_bsp.obj
 0001:0004e812       _R_RecursiveClipBPoly      0044f812 f   r_bsp.obj
 0001:0004eb42       _R_DrawSolidClippedSubmodelPolygons 0044fb42 f   r_bsp.obj
 0001:0004ecc9       _R_DrawSubmodelPolygons    0044fcc9 f   r_bsp.obj
 0001:0004ed59       _R_RecursiveWorldNode      0044fd59 f   r_bsp.obj
 0001:0004ef8b       _R_RenderWorld             0044ff8b f   r_bsp.obj
 0001:0004f006       _Draw_FindPic              00450006 f   r_draw.obj
 0001:0004f0a2       _Draw_InitLocal            004500a2 f   r_draw.obj
 0001:0004f0b3       _Draw_Char                 004500b3 f   r_draw.obj
 0001:0004f1fe       _Draw_CharColor            004501fe f   r_draw.obj
 0001:0004f373       _R_DrawTexts               00450373 f   r_draw.obj
 0001:0004f439       _DrawText_Pos              00450439 f   r_draw.obj
 0001:0004f511       _DrawText_Left             00450511 f   r_draw.obj
 0001:0004f539       _DrawText_Right            00450539 f   r_draw.obj
 0001:0004f575       _Draw_GetPicSize           00450575 f   r_draw.obj
 0001:0004f5b5       _Draw_StretchPicImplementation 004505b5 f   r_draw.obj
 0001:0004f6dc       _Draw_StretchPic           004506dc f   r_draw.obj
 0001:0004f770       _Draw_StretchRaw8          00450770 f   r_draw.obj
 0001:0004f7ea       _Draw_Pic                  004507ea f   r_draw.obj
 0001:0004f9f4       _Draw_PicColor             004509f4 f   r_draw.obj
 0001:0004fbad       _Draw_TileClear            00450bad f   r_draw.obj
 0001:0004fccc       _Draw_Fill                 00450ccc f   r_draw.obj
 0001:0004fdb2       _Draw_Fade                 00450db2 f   r_draw.obj
 0001:0004fe60       _R_BeginEdgeFrame          00450e60 f   r_edge.obj
 0001:0004ff1c       _R_InsertNewEdges          00450f1c f   r_edge.obj
 0001:0004ff62       _R_RemoveEdges             00450f62 f   r_edge.obj
 0001:0004ff80       _R_StepActiveU             00450f80 f   r_edge.obj
 0001:00050014       _R_CleanupSpan             00451014 f   r_edge.obj
 0001:00050064       _R_LeadingEdgeBackwards    00451064 f   r_edge.obj
 0001:000500f9       _R_TrailingEdge            004510f9 f   r_edge.obj
 0001:0005015d       _R_LeadingEdge             0045115d f   r_edge.obj
 0001:00050300       _R_GenerateSpans           00451300 f   r_edge.obj
 0001:0005036e       _R_GenerateSpansBackward   0045136e f   r_edge.obj
 0001:000503dc       _R_ScanEdges               004513dc f   r_edge.obj
 0001:000505b3       _D_FlatFillSurface         004515b3 f   r_edge.obj
 0001:0005060d       _D_CalcGradients           0045160d f   r_edge.obj
 0001:0005086d       _D_BackgroundSurf          0045186d f   r_edge.obj
 0001:000508ad       _D_TurbulentSurf           004518ad f   r_edge.obj
 0001:000509bc       _D_SkySurf                 004519bc f   r_edge.obj
 0001:00050a3d       _D_SolidSurf               00451a3d f   r_edge.obj
 0001:00050b95       _D_DrawflatSurfaces        00451b95 f   r_edge.obj
 0001:00050be5       _D_DrawSurfaces            00451be5 f   r_edge.obj
 0001:00050cde       _R_ImageList_f             00451cde f   r_image.obj
 0001:00050d9f       _R_FindFreeImage           00451d9f f   r_image.obj
 0001:00050dea       _R_LoadPic                 00451dea f   r_image.obj
 0001:00050e77       _R_LoadTex                 00451e77 f   r_image.obj
 0001:00050f03       _R_LoadWal                 00451f03 f   r_image.obj
 0001:00050f59       _R_MipMap                  00451f59 f   r_image.obj
 0001:00051087       _R_DownsampleImage         00452087 f   r_image.obj
 0001:0005118c       _R_FindImage               0045218c f   r_image.obj
 0001:00051531       _R_RegisterSkin            00452531 f   r_image.obj
 0001:0005153f       _R_FreeUnusedImages        0045253f f   r_image.obj
 0001:0005159f       _R_InitImages              0045259f f   r_image.obj
 0001:00051602       _R_ShutdownImages          00452602 f   r_image.obj
 0001:0005163f       _R_MarkLights              0045263f f   r_light.obj
 0001:00051705       _R_PushDlights             00452705 f   r_light.obj
 0001:00051763       _R_LightPoint              00452763 f   r_light.obj
 0001:00051b2e       _R_AddDynamicLights        00452b2e f   r_light.obj
 0001:00051dcc       _R_BuildLightMap           00452dcc f   r_light.obj
 0001:00051ec2       _R_InitTextures            00452ec2 f   r_main.obj
 0001:00051f83       _R_InitTurb                00452f83 f   r_main.obj
 0001:00052000       _R_Register                00453000 f   r_main.obj
 0001:00052068       _R_Init                    00453068 f   r_main.obj
 0001:0005214f       _R_Shutdown                0045314f f   r_main.obj
 0001:00052210       _R_NewMap                  00453210 f   r_main.obj
 0001:000522ba       _R_MarkLeaves              004532ba f   r_main.obj
 0001:000523e1       _R_DrawEntitiesOnList      004533e1 f   r_main.obj
 0001:00052589       _R_BmodelCheckBBox         00453589 f   r_main.obj
 0001:0005263b       _R_FindTopnode             0045363b f   r_main.obj
 0001:00052690       _RotatedBBox               00453690 f   r_main.obj
 0001:000527f2       _R_DrawBEntitiesOnList     004537f2 f   r_main.obj
 0001:000529f3       _R_EdgeDrawing             004539f3 f   r_main.obj
 0001:00052ac8       _R_CalcPalette             00453ac8 f   r_main.obj
 0001:00052bcd       _R_SetLightLevel           00453bcd f   r_main.obj
 0001:00052c1d       _R_RenderFrame             00453c1d f   r_main.obj
 0001:00052e48       _R_InitGraphics            00453e48 f   r_main.obj
 0001:00052ebe       _R_BeginFrame              00453ebe f   r_main.obj
 0001:00053057       _R_GammaCorrectAndSetPalette 00454057 f   r_main.obj
 0001:000530b6       _R_CinematicSetPalette     004540b6 f   r_main.obj
 0001:0005314d       _Draw_BuildGammaTable      0045414d f   r_main.obj
 0001:0005325e       _R_DrawBeam                0045425e f   r_main.obj
 0001:000533b3       _R_SetSky                  004543b3 f   r_main.obj
 0001:0005342a       _Draw_GetPalette           0045442a f   r_main.obj
 0001:00053570       _Draw_ConCharColor         00454570 f   r_main.obj
 0001:00053591       _GetRefAPI                 00454591 f   r_main.obj
 0001:000537cb       _D_ViewChanged             004547cb f   r_misc.obj
 0001:0005393e       _R_PrintTimes              0045493e f   r_misc.obj
 0001:000539a6       _R_PrintDSpeeds            004549a6 f   r_misc.obj
 0001:00053a5b       _R_PrintAliasStats         00454a5b f   r_misc.obj
 0001:00053a6e       _R_TransformFrustum        00454a6e f   r_misc.obj
 0001:00053b2c       _TransformVector           00454b2c f   r_misc.obj
 0001:00053b97       _R_SetUpFrustumIndexes     00454b97 f   r_misc.obj
 0001:00053bfc       _R_ViewChanged             00454bfc f   r_misc.obj
 0001:00053f45       _R_SetupFrame              00454f45 f   r_misc.obj
 0001:00054120       _WritePCXfile              00455120 f   r_misc.obj
 0001:00054242       _R_ScreenShot              00455242 f   r_misc.obj
 0001:00054351       _Mod_Modellist_f           00455351 f   r_model.obj
 0001:000543af       _Mod_Init                  004553af f   r_model.obj
 0001:000543c7       _Mod_ForName               004553c7 f   r_model.obj
 0001:000545f5       _Mod_PointInLeaf           004555f5 f   r_model.obj
 0001:00054654       _Mod_DecompressVis         00455654 f   r_model.obj
 0001:000546d4       _Mod_ClusterPVS            004556d4 f   r_model.obj
 0001:00054701       _Mod_LoadLighting          00455701 f   r_model.obj
 0001:00054780       _R_NumberLeafs             00455780 f   r_model.obj
 0001:000547ce       _Mod_LoadVertexes          004557ce f   r_model.obj
 0001:00054810       _Mod_LoadEdges             00455810 f   r_model.obj
 0001:0005485e       _Mod_LoadTexinfo           0045585e f   r_model.obj
 0001:000549c6       _CalcSurfaceExtents        004559c6 f   r_model.obj
 0001:00054b44       _Mod_LoadFaces             00455b44 f   r_model.obj
 0001:00054ca5       _Mod_SetParent             00455ca5 f   r_model.obj
 0001:00054cca       _Mod_LoadNodes             00455cca f   r_model.obj
 0001:00054dc0       _Mod_LoadLeafs             00455dc0 f   r_model.obj
 0001:00054e69       _Mod_LoadMarksurfaces      00455e69 f   r_model.obj
 0001:00054ee2       _Mod_LoadSurfedges         00455ee2 f   r_model.obj
 0001:00054f21       _Mod_LoadPlanes            00455f21 f   r_model.obj
 0001:00054f90       _Mod_LoadBrushModel        00455f90 f   r_model.obj
 0001:0005516f       _Mod_LoadAliasModel        0045616f f   r_model.obj
 0001:000553dc       _Mod_LoadSpriteModel       004563dc f   r_model.obj
 0001:000554bf       _R_BeginRegistration       004564bf f   r_model.obj
 0001:0005554f       _R_RegisterModel           0045654f f   r_model.obj
 0001:00055647       _R_EndRegistration         00456647 f   r_model.obj
 0001:000556b2       _Mod_FreeAll               004566b2 f   r_model.obj
 0001:000556f7       _R_DrawParticle            004566f7 f   r_part.obj
 0001:00055991       _R_DrawParticles           00456991 f   r_part.obj
 0001:00055a39       _R_DrawSpanletOpaque       00456a39 f   r_poly.obj
 0001:00055ac9       _R_DrawSpanletTurbulentStipple33 00456ac9 f   r_poly.obj
 0001:00055bf4       _R_DrawSpanletTurbulentStipple66 00456bf4 f   r_poly.obj
 0001:00055dd5       _R_DrawSpanletTurbulentBlended66 00456dd5 f   r_poly.obj
 0001:00055e8a       _R_DrawSpanletTurbulentBlended33 00456e8a f   r_poly.obj
 0001:00055f3f       _R_DrawSpanlet33           00456f3f f   r_poly.obj
 0001:00055fd9       _R_DrawSpanletConstant33   00456fd9 f   r_poly.obj
 0001:00056032       _R_DrawSpanlet66           00457032 f   r_poly.obj
 0001:000560d0       _R_DrawSpanlet33Stipple    004570d0 f   r_poly.obj
 0001:000561eb       _R_DrawSpanlet66Stipple    004571eb f   r_poly.obj
 0001:0005637c       _R_ClipPolyFace            0045737c f   r_poly.obj
 0001:000564ed       _R_PolygonDrawSpans        004574ed f   r_poly.obj
 0001:000568ec       _R_PolygonScanLeftEdge     004578ec f   r_poly.obj
 0001:00056a50       _R_PolygonScanRightEdge    00457a50 f   r_poly.obj
 0001:00056c5a       _R_ClipAndDrawPoly         00457c5a f   r_poly.obj
 0001:00056e59       _R_BuildPolygonFromSurface 00457e59 f   r_poly.obj
 0001:0005704f       _R_PolygonCalculateGradients 0045804f f   r_poly.obj
 0001:00057322       _R_DrawAlphaSurfaces       00458322 f   r_poly.obj
 0001:000573b8       _R_IMFlatShadedQuad        004583b8 f   r_poly.obj
 0001:000574e6       _R_InitAdivtab             004584e6 f   r_polyse.obj
 0001:00057552       _R_PolysetUpdateTables     00458552 f   r_polyse.obj
 0001:0005758d       _R_DrawTriangle            0045858d f   r_polyse.obj
 0001:0005769e       _R_PolysetScanLeftEdge_C   0045869e f   r_polyse.obj
 0001:00057868       _FloorDivMod               00458868 f   r_polyse.obj
 0001:00057902       _R_PolysetSetUpForLineScan 00458902 f   r_polyse.obj
 0001:00057990       _R_PolysetCalcGradients    00458990 f   r_polyse.obj
 0001:00057c03       _R_PolysetDrawSpans8_33    00458c03 f   r_polyse.obj
 0001:00057d33       _R_PolysetDrawSpansConstant8_33 00458d33 f   r_polyse.obj
 0001:00057dcd       _R_PolysetDrawSpans8_66    00458dcd f   r_polyse.obj
 0001:00057f09       _R_PolysetDrawSpansConstant8_66 00458f09 f   r_polyse.obj
 0001:00057fb1       _R_PolysetDrawSpans8_Opaque 00458fb1 f   r_polyse.obj
 0001:000580fc       _R_RasterizeAliasPolySmooth 004590fc f   r_polyse.obj
 0001:000586dc       _R_PolysetSetEdgeTable     004596dc f   r_polyse.obj
 0001:00058777       _R_InitSkyBox              00459777 f   r_rast.obj
 0001:000589e0       _R_EmitSkyBox              004599e0 f   r_rast.obj
 0001:00058af3       _R_EmitEdge                00459af3 f   r_rast.obj
 0001:00058ec5       _R_ClipEdge                00459ec5 f   r_rast.obj
 0001:00059073       _R_EmitCachedEdge          0045a073 f   r_rast.obj
 0001:000590ca       _R_RenderFace              0045a0ca f   r_rast.obj
 0001:00059491       _R_RenderBmodelFace        0045a491 f   r_rast.obj
 0001:000596fa       _D_WarpScreen              0045a6fa f   r_scan.obj
 0001:000598bc       _D_DrawTurbulent8Span      0045a8bc f   r_scan.obj
 0001:00059940       _Turbulent8                0045a940 f   r_scan.obj
 0001:00059c9c       _NonTurbulent8             0045ac9c f   r_scan.obj
 0001:00059fd6       _D_DrawSpans16             0045afd6 f   r_scan.obj
 0001:0005a2f3       _D_DrawZSpans              0045b2f3 f   r_scan.obj
 0001:0005a3c3       _R_DrawSprite              0045b3c3 f   r_sprite.obj
 0001:0005a64d       _R_TextureAnimation        0045b64d f   r_surf.obj
 0001:0005a671       _R_DrawSurface             0045b671 f   r_surf.obj
 0001:0005a7d6       _R_DrawSurfaceBlock8_mip0  0045b7d6 f   r_surf.obj
 0001:0005a8d5       _R_DrawSurfaceBlock8_mip1  0045b8d5 f   r_surf.obj
 0001:0005a9d4       _R_DrawSurfaceBlock8_mip2  0045b9d4 f   r_surf.obj
 0001:0005aad3       _R_DrawSurfaceBlock8_mip3  0045bad3 f   r_surf.obj
 0001:0005abcf       _R_InitCaches              0045bbcf f   r_surf.obj
 0001:0005ac50       _D_FlushCaches             0045bc50 f   r_surf.obj
 0001:0005ac95       _D_SCAlloc                 0045bc95 f   r_surf.obj
 0001:0005ae22       _D_CacheSurface            0045be22 f   r_surf.obj
 0001:0005af97       _DDRAW_Init                0045bf97 f   rw_ddraw.obj
 0001:0005b3a7       _DDRAW_SetPalette          0045c3a7 f   rw_ddraw.obj
 0001:0005b410       _DDRAW_Shutdown            0045c410 f   rw_ddraw.obj
 0001:0005b57b       _DIB_Init                  0045c57b f   rw_dib.obj
 0001:0005b760       _DIB_SetPalette            0045c760 f   rw_dib.obj
 0001:0005b91c       _DIB_Shutdown              0045c91c f   rw_dib.obj
 0001:0005ba15       _SWimp_Init                0045ca15 f   rw_imp.obj
 0001:0005ba19       _SWimp_EndFrame            0045ca19 f   rw_imp.obj
 0001:0005bb85       _SWimp_SetMode             0045cb85 f   rw_imp.obj
 0001:0005bca7       _SWimp_SetPalette          0045cca7 f   rw_imp.obj
 0001:0005bccc       _SWimp_Shutdown            0045cccc f   rw_imp.obj
 0001:0005bd13       _SWimp_AppActivate         0045cd13 f   rw_imp.obj
 0001:0005bdc0       _jpeg_CreateDecompress     0045cdc0 f   lib:jdapimin.obj
 0001:0005be80       _jpeg_destroy_compress     0045ce80 f   lib:jdapimin.obj
 0001:0005be80       _jpeg_destroy_decompress   0045ce80 f   lib:jdapimin.obj
 0001:0005be8b       _jpeg_read_header          0045ce8b f   lib:jdapimin.obj
 0001:0005beed       _jpeg_consume_input        0045ceed f   lib:jdapimin.obj
 0001:0005c13b       _jpeg_finish_decompress    0045d13b f   lib:jdapimin.obj
 0001:0005c1d2       _jpeg_start_decompress     0045d1d2 f   lib:jdapistd.obj
 0001:0005c33f       _jpeg_read_scanlines       0045d33f f   lib:jdapistd.obj
 0001:0005c3c3       _jpeg_resync_to_restart    0045d3c3 f   lib:jdmarker.obj
 0001:0005c588       _jinit_marker_reader       0045d588 f   lib:jdmarker.obj
 0001:0005da53       _jpeg_CreateCompress       0045ea53 f   lib:jcapimin.obj
 0001:0005db07       _jpeg_suppress_tables      0045eb07 f   lib:jcapimin.obj
 0001:0005db51       _jpeg_finish_compress      0045eb51 f   lib:jcapimin.obj
 0001:0005dc3b       _jpeg_start_compress       0045ec3b f   lib:jcapistd.obj
 0001:0005dca7       _jpeg_write_scanlines      0045eca7 f   lib:jcapistd.obj
 0001:0005dd52       _jpeg_add_quant_table      0045ed52 f   lib:jcparam.obj
 0001:0005de04       _jpeg_quality_scaling      0045ee04 f   lib:jcparam.obj
 0001:0005de2b       _jpeg_set_quality          0045ee2b f   lib:jcparam.obj
 0001:0005de65       _jpeg_set_defaults         0045ee65 f   lib:jcparam.obj
 0001:0005e027       _jpeg_default_colorspace   0045f027 f   lib:jcparam.obj
 0001:0005e077       _jpeg_set_colorspace       0045f077 f   lib:jcparam.obj
 0001:0005e392       _jpeg_stdio_dest           0045f392 f   lib:jdatadst.obj
 0001:0005e591       _crc32                     0045f591 f   lib:crc32.obj
 0001:0005e82b       _inflateReset              0045f82b f   lib:inflate.obj
 0001:0005e872       _inflateInit2_             0045f872 f   lib:inflate.obj
 0001:0005e92b       _inflate                   0045f92b f   lib:inflate.obj
 0001:0005fbfa       _inflateEnd                00460bfa f   lib:inflate.obj
 0001:0005fc38       _jinit_input_controller    00460c38 f   lib:jdinput.obj
 0001:0006011b       _jinit_memory_mgr          0046111b f   lib:jmemmgr.obj
 0001:00060caf       _jpeg_abort                00461caf f   lib:jcomapi.obj
 0001:00060ce2       _jpeg_destroy              00461ce2 f   lib:jcomapi.obj
 0001:00060cfd       _jpeg_alloc_quant_table    00461cfd f   lib:jcomapi.obj
 0001:00060d19       _jpeg_alloc_huff_table     00461d19 f   lib:jcomapi.obj
 0001:00060d35       _jpeg_calc_output_dimensions 00461d35 f   lib:jdmaster.obj
 0001:00060e35       _jinit_master_decompress   00461e35 f   lib:jdmaster.obj
 0001:0006118b       _jdiv_round_up             0046218b f   lib:jutils.obj
 0001:0006119b       _jround_up                 0046219b f   lib:jutils.obj
 0001:000611b3       _jcopy_sample_rows         004621b3 f   lib:jutils.obj
 0001:000611f1       _jcopy_block_row           004621f1 f   lib:jutils.obj
 0001:0006120a       _jzero_far                 0046220a f   lib:jutils.obj
 0001:0006121d       _jinit_marker_writer       0046221d f   lib:jcmarker.obj
 0001:00061af9       _jinit_compress_master     00462af9 f   lib:jcinit.obj
 0001:00061b52       _zcalloc                   00462b52 f   lib:zutil.obj
 0001:00061b64       _jpeg_free_large           00462b64 f   lib:zutil.obj
 0001:00061b64       _jpeg_free_small           00462b64 f   lib:zutil.obj
 0001:00061b64       _zcfree                    00462b64 f   lib:zutil.obj
 0001:00061b70       _inflate_fast              00462b70 f   lib:inffast.obj
 0001:00061f25       _inflate_table             00462f25 f   lib:inftrees.obj
 0001:000622ae       _adler32                   004632ae f   lib:adler32.obj
 0001:000623c7       _jinit_c_codec             004633c7 f   lib:jcodec.obj
 0001:000623e3       _jinit_d_codec             004633e3 f   lib:jcodec.obj
 0001:000623ff       _jpeg_get_large            004633ff f   lib:jmemansi.obj
 0001:000623ff       _jpeg_get_small            004633ff f   lib:jmemansi.obj
 0001:0006240b       _jpeg_mem_available        0046340b f   lib:jmemansi.obj
 0001:0006241a       _jpeg_open_backing_store   0046341a f   lib:jmemansi.obj
 0001:00062531       _jpeg_mem_init             00463531 f   lib:jmemansi.obj
 0001:00062537       _jinit_d_main_controller   00463537 f   lib:jdmainct.obj
 0001:00062b82       _jinit_d_post_controller   00463b82 f   lib:jdpostct.obj
 0001:00062e2d       _jinit_upsampler           00463e2d f   lib:jdsample.obj
 0001:0006346b       _jinit_color_deconverter   0046446b f   lib:jdcolor.obj
 0001:00063981       _jinit_merged_upsampler    00464981 f   lib:jdmerge.obj
 0001:00063ed1       _jinit_2pass_quantizer     00464ed1 f   lib:jquant2.obj
 0001:00064f94       _jinit_1pass_quantizer     00465f94 f   lib:jquant1.obj
 0001:000659ba       _jinit_c_main_controller   004669ba f   lib:jcmainct.obj
 0001:00065b27       _jinit_c_prep_controller   00466b27 f   lib:jcprepct.obj
 0001:00066072       _jinit_downsampler         00467072 f   lib:jcsample.obj
 0001:000668f2       _jinit_color_converter     004678f2 f   lib:jccolor.obj
[...]
 0001:0006d2d5       _process_restart           0046e2d5 f   lib:jddiffct.obj
 0001:000352e2       _dummy_consume_data        004362e2 f   vid_dll.obj
 0001:0006d30a       _consume_data              0046e30a f   lib:jddiffct.obj
 0001:0006d381       _output_data               0046e381 f   lib:jddiffct.obj
 0001:0006cdad       _start_pass                0046ddad f   lib:jddctmgr.obj
 0001:0006c1ff       _start_pass_phuff_decoder  0046d1ff f   lib:jdphuff.obj
 0001:0006c448       _decode_mcu_DC_first       0046d448 f   lib:jdphuff.obj
 0001:0006c640       _process_restart           0046d640 f   lib:jdphuff.obj
 0001:0006c6af       _decode_mcu_AC_first       0046d6af f   lib:jdphuff.obj
 0001:0006c8cf       _decode_mcu_DC_refine      0046d8cf f   lib:jdphuff.obj
 0001:0006c9a4       _decode_mcu_AC_refine      0046d9a4 f   lib:jdphuff.obj
 0001:0006bc46       _start_pass_huff_decoder   0046cc46 f   lib:jdshuff.obj
 0001:0006bd7e       _decode_mcu                0046cd7e f   lib:jdshuff.obj
 0001:0006c12e       _process_restart           0046d12e f   lib:jdshuff.obj
 0001:0006b02f       _start_input_pass          0046c02f f   lib:jdcoefct.obj
 0001:0006b042       _start_iMCU_row            0046c042 f   lib:jdcoefct.obj
 0001:0006b087       _start_output_pass         0046c087 f   lib:jdcoefct.obj
 0001:0006b0c4       _decompress_onepass        0046c0c4 f   lib:jdcoefct.obj
 0001:000352e2       _dummy_consume_data        004362e2 f   vid_dll.obj
 0001:0006b29d       _consume_data              0046c29d f   lib:jdcoefct.obj
 0001:0006b456       _decompress_data           0046c456 f   lib:jdcoefct.obj
 0001:0006b5c2       _smoothing_ok              0046c5c2 f   lib:jdcoefct.obj
 0001:0006b6ad       _decompress_smooth_data    0046c6ad f   lib:jdcoefct.obj
 0001:0006aec8       _scaler_start_pass         0046bec8 f   lib:jcscale.obj
 0001:0006aeeb       _simple_downscale          0046beeb f   lib:jcscale.obj
 0001:0006af17       _noscale                   0046bf17 f   lib:jcscale.obj
 0001:0006a9c0       _start_pass                0046b9c0 f   lib:jcpred.obj
 0001:0006aa18       _reset_predictor           0046ba18 f   lib:jcpred.obj
 0001:0006aa45       _jpeg_difference_first_row 0046ba45 f   lib:jcpred.obj
 0001:0006ab2f       _jpeg_difference1          0046bb2f f   lib:jcpred.obj
 0001:0006ab9d       _jpeg_difference2          0046bb9d f   lib:jcpred.obj
 0001:0006ac0e       _jpeg_difference3          0046bc0e f   lib:jcpred.obj
 0001:0006ac86       _jpeg_difference4          0046bc86 f   lib:jcpred.obj
 0001:0006ad11       _jpeg_difference5          0046bd11 f   lib:jcpred.obj
 0001:0006ada4       _jpeg_difference6          0046bda4 f   lib:jcpred.obj
 0001:0006ae33       _jpeg_difference7          0046be33 f   lib:jcpred.obj
 0001:0006a2af       _start_pass_huff           0046b2af f   lib:jclhuff.obj
 0001:0006a44c       _encode_mcus_huff          0046b44c f   lib:jclhuff.obj
 0001:0006a637       _emit_bits                 0046b637 f   lib:jclhuff.obj
 0001:0006a6da       _dump_buffer               0046b6da f   lib:jclhuff.obj
 0001:0006a6fe       _emit_restart              0046b6fe f   lib:jclhuff.obj
 0001:0006a749       _flush_bits                0046b749 f   lib:jclhuff.obj
 0001:0006a76d       _finish_pass_huff          0046b76d f   lib:jclhuff.obj
 0001:0006a7da       _encode_mcus_gather        0046b7da f   lib:jclhuff.obj
 0001:0006a903       _finish_pass_gather        0046b903 f   lib:jclhuff.obj
 0001:0006a999       _need_optimization_pass    0046b999 f   lib:jclhuff.obj
 0001:00069ecf       _start_pass_diff           0046aecf f   lib:jcdiffct.obj
 0001:00067fcb       _start_iMCU_row            00468fcb f   lib:jccoefct.obj
 0001:00069f6d       _compress_data             0046af6d f   lib:jcdiffct.obj
 0001:0006a103       _compress_first_pass       0046b103 f   lib:jcdiffct.obj
 0001:0006a1f8       _compress_output           0046b1f8 f   lib:jcdiffct.obj
 0001:000698fa       _start_pass_fdctmgr        0046a8fa f   lib:jcdctmgr.obj
 0001:00069a98       _forward_DCT               0046aa98 f   lib:jcdctmgr.obj
 0001:00069be4       _forward_DCT_float         0046abe4 f   lib:jcdctmgr.obj
 0001:00068e0a       _start_pass_phuff          00469e0a f   lib:jcphuff.obj
 0001:00068f77       _encode_mcu_DC_first       00469f77 f   lib:jcphuff.obj
 0001:000690a9       _emit_bits                 0046a0a9 f   lib:jcphuff.obj
 0001:00069154       _dump_buffer               0046a154 f   lib:jcphuff.obj
 0001:0006918c       _emit_symbol               0046a18c f   lib:jcphuff.obj
 0001:000691cc       _emit_restart              0046a1cc f   lib:jcphuff.obj
 0001:00069255       _emit_eobrun               0046a255 f   lib:jcphuff.obj
 0001:000692db       _encode_mcu_AC_first       0046a2db f   lib:jcphuff.obj
 0001:0006946f       _encode_mcu_DC_refine      0046a46f f   lib:jcphuff.obj
 0001:00069529       _encode_mcu_AC_refine      0046a529 f   lib:jcphuff.obj
 0001:00069740       _finish_pass_phuff         0046a740 f   lib:jcphuff.obj
 0001:0006978f       _finish_pass_gather_phuff  0046a78f f   lib:jcphuff.obj
 0001:00069852       _need_optimization_pass    0046a852 f   lib:jcphuff.obj
 0001:000685a5       _start_pass_huff           004695a5 f   lib:jcshuff.obj
 0001:0006871a       _encode_mcu_huff           0046971a f   lib:jcshuff.obj
 0001:00068825       _encode_one_block          00469825 f   lib:jcshuff.obj
 0001:0006899c       _emit_bits                 0046999c f   lib:jcshuff.obj
 0001:00068a3f       _dump_buffer               00469a3f f   lib:jcshuff.obj
 0001:00068a63       _emit_restart              00469a63 f   lib:jcshuff.obj
 0001:00068ad0       _flush_bits                00469ad0 f   lib:jcshuff.obj
 0001:00068af4       _finish_pass_huff          00469af4 f   lib:jcshuff.obj
 0001:00068b63       _encode_mcu_gather         00469b63 f   lib:jcshuff.obj
 0001:00068c19       _htest_one_block           00469c19 f   lib:jcshuff.obj
 0001:00068ce0       _finish_pass_gather        00469ce0 f   lib:jcshuff.obj
 0001:0006a999       _need_optimization_pass    0046b999 f   lib:jclhuff.obj
 0001:00067f36       _start_pass_coef           00468f36 f   lib:jccoefct.obj
 0001:00067fcb       _start_iMCU_row            00468fcb f   lib:jccoefct.obj
 0001:0006800d       _compress_data             0046900d f   lib:jccoefct.obj
 0001:000681f4       _compress_first_pass       004691f4 f   lib:jccoefct.obj
 0001:000683da       _compress_output           004693da f   lib:jccoefct.obj
 0001:00067e4e       _calc_output_dimensions    00468e4e f   lib:jdlossls.obj
 0001:00067e5f       _start_input_pass          00468e5f f   lib:jdlossls.obj
 0001:00067b8d       _calc_output_dimensions    00468b8d f   lib:jdlossy.obj
 0001:00067d00       _start_input_pass          00468d00 f   lib:jdlossy.obj
 0001:00067d20       _latch_quant_tables        00468d20 f   lib:jdlossy.obj
 0001:00067db8       _start_output_pass         00468db8 f   lib:jdlossy.obj
 0001:00067adc       _start_pass                00468adc f   lib:jclossls.obj
 0001:00067a48       _start_pass                00468a48 f   lib:jclossy.obj
 0001:00066f9d       _initial_setup             00467f9d f   lib:jcmaster.obj
 0001:00067150       _validate_script           00468150 f   lib:jcmaster.obj
 0001:00067528       _prepare_for_pass          00468528 f   lib:jcmaster.obj
 0001:000676a0       _select_scan_parameters    004686a0 f   lib:jcmaster.obj
 0001:000677a1       _per_scan_setup            004687a1 f   lib:jcmaster.obj
 0001:0006794c       _pass_startup              0046894c f   lib:jcmaster.obj
 0001:00067973       _finish_pass_master        00468973 f   lib:jcmaster.obj
 0001:00066a89       _rgb_ycc_start             00467a89 f   lib:jccolor.obj
 0001:00066b4d       _rgb_ycc_convert           00467b4d f   lib:jccolor.obj
 0001:00066c4c       _rgb_gray_convert          00467c4c f   lib:jccolor.obj
 0001:00066cd1       _cmyk_ycck_convert         00467cd1 f   lib:jccolor.obj
 0001:00066e09       _grayscale_convert         00467e09 f   lib:jccolor.obj
 0001:00066e63       _null_convert              00467e63 f   lib:jccolor.obj
 0001:000352e1       _null_method               004362e1 f   vid_dll.obj
 0001:000352e1       _start_pass_downsample     004362e1 f   vid_dll.obj
 0001:000661d5       _sep_downsample            004671d5 f   lib:jcsample.obj
 0001:0006624a       _int_downsample            0046724a f   lib:jcsample.obj
 0001:00066342       _expand_right_edge         00467342 f   lib:jcsample.obj
 0001:00066397       _fullsize_downsample       00467397 f   lib:jcsample.obj
 0001:000663db       _h2v1_downsample           004673db f   lib:jcsample.obj
 0001:0006646f       _h2v2_downsample           0046746f f   lib:jcsample.obj
 0001:0006651c       _h2v2_smooth_downsample    0046751c f   lib:jcsample.obj
 0001:00066794       _fullsize_smooth_downsample 00467794 f   lib:jcsample.obj
 0001:00065bd1       _start_pass_prep           00466bd1 f   lib:jcprepct.obj
 0001:00065c0f       _pre_process_data          00466c0f f   lib:jcprepct.obj
 0001:00065dbd       _pre_process_context       00466dbd f   lib:jcprepct.obj
 0001:00065f76       _create_context_buffer     00466f76 f   lib:jcprepct.obj
 0001:00065a49       _start_pass_main           00466a49 f   lib:jcmainct.obj
 0001:00065a8b       _process_data_simple_main  00466a8b f   lib:jcmainct.obj
 0001:0006501f       _create_colormap           0046601f f   lib:jquant1.obj
 0001:00065151       _select_ncolors            00466151 f   lib:jquant1.obj
 0001:00065228       _create_colorindex         00466228 f   lib:jquant1.obj
 0001:00065354       _alloc_fs_workspace        00466354 f   lib:jquant1.obj
 0001:00065390       _start_pass_1_quant        00466390 f   lib:jquant1.obj
 0001:0006545c       _create_odither_tables     0046645c f   lib:jquant1.obj
 0001:000654bb       _make_odither_array        004664bb f   lib:jquant1.obj
 0001:0006551e       _color_quantize            0046651e f   lib:jquant1.obj
 0001:000655a9       _color_quantize3           004665a9 f   lib:jquant1.obj
 0001:00065637       _quantize_ord_dither       00466637 f   lib:jquant1.obj
 0001:00065722       _quantize3_ord_dither      00466722 f   lib:jquant1.obj
 0001:00065822       _quantize_fs_dither        00466822 f   lib:jquant1.obj
 0001:000352e1       _finish_pass_1_quant       004362e1 f   vid_dll.obj
 0001:000659a6       _new_color_map_1_quant     004669a6 f   lib:jquant1.obj
 0001:00063fe0       _init_error_limit          00464fe0 f   lib:jquant2.obj
 0001:0006407f       _start_pass_2_quant        0046507f f   lib:jquant2.obj
 0001:00064181       _prescan_quantize          00465181 f   lib:jquant2.obj
 0001:000641f0       _pass2_no_dither           004651f0 f   lib:jquant2.obj
 0001:0006429d       _fill_inverse_cmap         0046529d f   lib:jquant2.obj
 0001:00064368       _find_nearby_colors        00465368 f   lib:jquant2.obj
 0001:0006450c       _find_best_colors          0046550c f   lib:jquant2.obj
 0001:00064626       _pass2_fs_dither           00465626 f   lib:jquant2.obj
 0001:00064895       _finish_pass1              00465895 f   lib:jquant2.obj
 0001:000648b7       _select_colors             004658b7 f   lib:jquant2.obj
 0001:00064943       _update_box                00465943 f   lib:jquant2.obj
 0001:00064cdd       _median_cut                00465cdd f   lib:jquant2.obj
 0001:00064df1       _find_biggest_color_pop    00465df1 f   lib:jquant2.obj
 0001:00064e20       _find_biggest_volume       00465e20 f   lib:jquant2.obj
 0001:00064e49       _compute_color             00465e49 f   lib:jquant2.obj
 0001:000352e1       _finish_pass2              004362e1 f   vid_dll.obj
 0001:00064f85       _new_color_map_2_quant     00465f85 f   lib:jquant2.obj
 0001:000639f7       _build_ycc_rgb_table       004649f7 f   lib:jdmerge.obj
 0001:00063aa7       _start_pass_merged_upsample 00464aa7 f   lib:jdmerge.obj
 0001:00063abc       _merged_2v_upsample        00464abc f   lib:jdmerge.obj
 0001:00063b63       _merged_1v_upsample        00464b63 f   lib:jdmerge.obj
 0001:00063b94       _h2v1_merged_upsample      00464b94 f   lib:jdmerge.obj
 0001:00063cea       _h2v2_merged_upsample      00464cea f   lib:jdmerge.obj
 0001:0006359b       _build_ycc_rgb_table       0046459b f   lib:jdcolor.obj
 0001:0006364b       _ycc_rgb_convert           0046464b f   lib:jdcolor.obj
 0001:00063759       _null_convert              00464759 f   lib:jdcolor.obj
 0001:000637d1       _grayscale_convert         004647d1 f   lib:jdcolor.obj
 0001:000637f4       _gray_rgb_convert          004647f4 f   lib:jdcolor.obj
 0001:0006384d       _ycck_cmyk_convert         0046484d f   lib:jdcolor.obj
 0001:000352e1       _start_pass_dcolor         004362e1 f   vid_dll.obj
 0001:00062ffc       _start_pass_upsample       00463ffc f   lib:jdsample.obj
 0001:00063016       _sep_upsample              00464016 f   lib:jdsample.obj
 0001:000630e3       _fullsize_upsample         004640e3 f   lib:jdsample.obj
 0001:000630ee       _noop_upsample             004640ee f   lib:jdsample.obj
 0001:000630f6       _int_upsample              004640f6 f   lib:jdsample.obj
 0001:000631e0       _h2v1_upsample             004641e0 f   lib:jdsample.obj
 0001:00063237       _h2v2_upsample             00464237 f   lib:jdsample.obj
 0001:000632a9       _h2v1_fancy_upsample       004642a9 f   lib:jdsample.obj
 0001:0006334c       _h2v2_fancy_upsample       0046434c f   lib:jdsample.obj
 0001:00062c05       _start_pass_dpost          00463c05 f   lib:jdpostct.obj
 0001:00062cab       _post_process_1pass        00463cab f   lib:jdpostct.obj
 0001:00062d10       _post_process_prepass      00463d10 f   lib:jdpostct.obj
 0001:00062da1       _post_process_2pass        00463da1 f   lib:jdpostct.obj
 0001:0006260c       _alloc_funny_pointers      0046360c f   lib:jdmainct.obj
 0001:000626b9       _start_pass_main           004636b9 f   lib:jdmainct.obj
 0001:00062721       _make_funny_pointers       00463721 f   lib:jdmainct.obj
 0001:00062861       _process_data_simple_main  00463861 f   lib:jdmainct.obj
 0001:000628c9       _process_data_context_main 004638c9 f   lib:jdmainct.obj
 0001:000629db       _set_wraparound_pointers   004639db f   lib:jdmainct.obj
 0001:00062ac5       _set_bottom_pointers       00463ac5 f   lib:jdmainct.obj
 0001:00062b5f       _process_data_crank_post   00463b5f f   lib:jdmainct.obj
 0001:0006246c       _read_backing_store        0046346c f   lib:jmemansi.obj
 0001:000624c7       _write_backing_store       004634c7 f   lib:jmemansi.obj
 0001:00062522       _close_backing_store       00463522 f   lib:jmemansi.obj
 0001:0006126b       _write_marker_header       0046226b f   lib:jcmarker.obj
 0001:000612c1       _emit_byte                 004622c1 f   lib:jcmarker.obj
 0001:000612f2       _write_marker_byte         004622f2 f   lib:jcmarker.obj
 0001:00061302       _write_file_header         00462302 f   lib:jcmarker.obj
 0001:0006134e       _emit_jfif_app0            0046234e f   lib:jcmarker.obj
 0001:00061421       _emit_adobe_app14          00462421 f   lib:jcmarker.obj
 0001:000614c7       _write_frame_header        004624c7 f   lib:jcmarker.obj
 0001:000615a6       _emit_dqt                  004625a6 f   lib:jcmarker.obj
 0001:00061695       _emit_sof                  00462695 f   lib:jcmarker.obj
 0001:00061771       _write_scan_header         00462771 f   lib:jcmarker.obj
 0001:00061831       _emit_dht                  00462831 f   lib:jcmarker.obj
 0001:0006190a       _emit_dri                  0046290a f   lib:jcmarker.obj
 0001:00061959       _emit_sos                  00462959 f   lib:jcmarker.obj
 0001:00061a47       _write_file_trailer        00462a47 f   lib:jcmarker.obj
 0001:00061a67       _write_tables_only         00462a67 f   lib:jcmarker.obj
 0001:00060dc0       _use_merged_upsample       00461dc0 f   lib:jdmaster.obj
 0001:00060e66       _master_selection          00461e66 f   lib:jdmaster.obj
 0001:00060fc3       _prepare_range_limit_table 00461fc3 f   lib:jdmaster.obj
 0001:00061049       _prepare_for_output_pass   00462049 f   lib:jdmaster.obj
 0001:0006116a       _finish_output_pass        0046216a f   lib:jdmaster.obj
 0001:00060237       _alloc_small               00461237 f   lib:jmemmgr.obj
 0001:00060355       _alloc_large               00461355 f   lib:jmemmgr.obj
 0001:00060406       _alloc_sarray              00461406 f   lib:jmemmgr.obj
 0001:0006049e       _alloc_barray              0046149e f   lib:jmemmgr.obj
 0001:00060542       _alloc_darray              00461542 f   lib:jmemmgr.obj
 0001:000605ed       _request_virt_sarray       004615ed f   lib:jmemmgr.obj
 0001:0006064e       _request_virt_barray       0046164e f   lib:jmemmgr.obj
 0001:000606af       _realize_virt_arrays       004616af f   lib:jmemmgr.obj
 0001:00060832       _access_virt_sarray        00461832 f   lib:jmemmgr.obj
 0001:00060952       _do_sarray_io              00461952 f   lib:jmemmgr.obj
 0001:000609e2       _access_virt_barray        004619e2 f   lib:jmemmgr.obj
 0001:00060b07       _do_barray_io              00461b07 f   lib:jmemmgr.obj
 0001:00060b98       _free_pool                 00461b98 f   lib:jmemmgr.obj
 0001:00060c7f       _self_destruct             00461c7f f   lib:jmemmgr.obj
 0001:0005fc79       _start_input_pass          00460c79 f   lib:jdinput.obj
 0001:0005fca7       _per_scan_setup            00460ca7 f   lib:jdinput.obj
 0001:0005fe2d       _finish_input_pass         00460e2d f   lib:jdinput.obj
 0001:0005fe3e       _consume_markers           00460e3e f   lib:jdinput.obj
 0001:0005feda       _initial_setup             00460eda f   lib:jdinput.obj
 0001:000600e4       _reset_input_controller    004610e4 f   lib:jdinput.obj
 0001:0005fa32       _fixedtables               00460a32 f   lib:inflate.obj
 0001:0005fb1c       _updatewindow              00460b1c f   lib:inflate.obj
 0001:0005e492       _make_crc_table            0045f492 f   lib:crc32.obj
 0001:0005e5be       _crc32_little              0045f5be f   lib:crc32.obj
 0001:0005e3ce       _init_destination          0045f3ce f   lib:jdatadst.obj
 0001:0005e3f4       _empty_output_buffer       0045f3f4 f   lib:jdatadst.obj
 0001:0005e436       _term_destination          0045f436 f   lib:jdatadst.obj
 0001:0005df55       _std_huff_tables           0045ef55 f   lib:jcparam.obj
 0001:0005dfaf       _add_huff_table            0045efaf f   lib:jcparam.obj
 0001:0005c4b1       _next_marker               0045d4b1 f   lib:jdmarker.obj
 0001:0005c5eb       _get_interesting_appn      0045d5eb f   lib:jdmarker.obj
 0001:0005c716       _examine_app0              0045d716 f   lib:jdmarker.obj
 0001:0005c924       _examine_app14             0045d924 f   lib:jdmarker.obj
 0001:0005c9e5       _skip_variable             0045d9e5 f   lib:jdmarker.obj
 0001:0005ca88       _read_markers              0045da88 f   lib:jdmarker.obj
 0001:0005cc90       _get_soi                   0045dc90 f   lib:jdmarker.obj
 0001:0005cd3b       _get_sof                   0045dd3b f   lib:jdmarker.obj
 0001:0005d044       _get_sos                   0045e044 f   lib:jdmarker.obj
 0001:0005d332       _get_dht                   0045e332 f   lib:jdmarker.obj
 0001:0005d5d3       _get_dqt                   0045e5d3 f   lib:jdmarker.obj
 0001:0005d82f       _get_dri                   0045e82f f   lib:jdmarker.obj
 0001:0005d90e       _first_marker              0045e90e f   lib:jdmarker.obj
 0001:0005d9aa       _read_restart_marker       0045e9aa f   lib:jdmarker.obj
 0001:0005da28       _reset_marker_reader       0045ea28 f   lib:jdmarker.obj
 0001:0005c295       _output_pass_setup         0045d295 f   lib:jdapistd.obj
 0001:0005bf89       _default_decompress_parms  0045cf89 f   lib:jdapimin.obj

 70 bytes saved through ICF

