 quake2

 Timestamp is 3db7ec17 (Thu Oct 24 16:48:23 2002)

 Preferred load address is 00400000

 Start         Length     Name                   Class
 0001:00000000 00061e10H .text                   CODE
 0002:00000000 00000354H .idata$5                DATA
 0002:00000358 0000167cH .rdata                  DATA
 0002:000019d4 00000078H .idata$2                DATA
 0002:00001a4c 00000014H .idata$3                DATA
 0002:00001a60 00000354H .idata$4                DATA
 0002:00001db4 00000b38H .idata$6                DATA
 0002:000028ec 00000000H .edata                  DATA
 0003:00000000 00000004H .CRT$XCA                DATA
 0003:00000004 00000004H .CRT$XCZ                DATA
 0003:00000008 00000004H .CRT$XIA                DATA
 0003:0000000c 00000004H .CRT$XIZ                DATA
 0003:00000010 00013814H .data                   DATA
 0003:00013828 00982d7cH .bss                    DATA
 0004:00000000 000000a0H .rsrc$01                DATA
 0004:000000a0 00000300H .rsrc$02                DATA

  Address         Publics by Value              Rva+Base     Lib:Object

 0001:00000000       _CDAudio_Play2             00401000 f   cd_win.obj
 0001:000001e5       _CDAudio_Play              004011e5 f   cd_win.obj
 0001:000001fc       _CDAudio_Stop              004011fc f   cd_win.obj
 0001:00000241       _CDAudio_Pause             00401241 f   cd_win.obj
 0001:0000029a       _CDAudio_Resume            0040129a f   cd_win.obj
 0001:0000030c       _CDAudio_MessageHandler    0040130c f   cd_win.obj
 0001:000003a3       _CDAudio_Update            004013a3 f   cd_win.obj
 0001:000003da       _CDAudio_Init              004013da f   cd_win.obj
 0001:000007d1       _CDAudio_Shutdown          004017d1 f   cd_win.obj
 0001:00000804       _CDAudio_Activate          00401804 f   cd_win.obj
 0001:00000815       _SCR_StopCinematic         00401815 f   cl_cin.obj
 0001:000008a1       _SCR_FinishCinematic       004018a1 f   cl_cin.obj
 0001:000008cb       _SCR_ReadNextFrame         004018cb f   cl_cin.obj
 0001:00000bec       _SCR_RunCinematic          00401bec f   cl_cin.obj
 0001:00000ce5       _SCR_DrawCinematic         00401ce5 f   cl_cin.obj
 0001:00000d84       _SCR_PlayCinematic         00401d84 f   cl_cin.obj
 0001:000010a6       _CL_ParseEntityBits        004020a6 f   cl_ents.obj
 0001:00001125       _CL_ParseDelta             00402125 f   cl_ents.obj
 0001:00001303       _CL_DeltaEntity            00402303 f   cl_ents.obj
 0001:0000149c       _CL_ParsePacketEntities    0040249c f   cl_ents.obj
 0001:000016bf       _CL_ParsePlayerstate       004026bf f   cl_ents.obj
 0001:000019cd       _CL_FireEntityEvents       004029cd f   cl_ents.obj
 0001:00001a1c       _CL_ParseFrame             00402a1c f   cl_ents.obj
 0001:00001c89       _CL_AddPacketEntities      00402c89 f   cl_ents.obj
 0001:00002733       _CL_AddViewWeapon          00403733 f   cl_ents.obj
 0001:0000286d       _CL_CalcViewValues         0040386d f   cl_ents.obj
 0001:00002b0b       _CL_AddEntities            00403b0b f   cl_ents.obj
 0001:00002bdd       _CL_GetEntitySoundOrigin   00403bdd f   cl_ents.obj
 0001:00002c2a       _CL_RunLightStyles         00403c2a f   cl_fx.obj
 0001:00002c9a       _CL_SetLightstyle          00403c9a f   cl_fx.obj
 0001:00002d05       _CL_AddLightStyles         00403d05 f   cl_fx.obj
 0001:00002d3d       _CL_AllocDlight            00403d3d f   cl_fx.obj
 0001:00002da8       _CL_RunDLights             00403da8 f   cl_fx.obj
 0001:00002dfa       _CL_ParseMuzzleFlash       00403dfa f   cl_fx.obj
 0001:00003645       _CL_ParseMuzzleFlash2      00404645 f   cl_fx.obj
 0001:00003d4f       _CL_AddDLights             00404d4f f   cl_fx.obj
 0001:00003e1d       _CL_ClearParticles         00404e1d f   cl_fx.obj
 0001:00003e51       _CL_ParticleEffect         00404e51 f   cl_fx.obj
 0001:00003f4e       _CL_ParticleEffect2        00404f4e f   cl_fx.obj
 0001:00004040       _CL_ParticleEffect3        00405040 f   cl_fx.obj
 0001:00004132       _CL_TeleporterParticles    00405132 f   cl_fx.obj
 0001:0000421a       _CL_LogoutEffect           0040521a f   cl_fx.obj
 0001:00004349       _CL_ItemRespawnParticles   00405349 f   cl_fx.obj
 0001:0000442c       _CL_ExplosionParticles     0040542c f   cl_fx.obj
 0001:0000450f       _CL_BigTeleportParticles   0040550f f   cl_fx.obj
 0001:00004683       _CL_BlasterParticles       00405683 f   cl_fx.obj
 0001:00004783       _CL_BlasterTrail           00405783 f   cl_fx.obj
 0001:000048b4       _CL_FlagTrail              004058b4 f   cl_fx.obj
 0001:000049ea       _CL_DiminishingTrail       004059ea f   cl_fx.obj
 0001:00004cae       _MakeNormalVectors         00405cae f   cl_fx.obj
 0001:00004d05       _CL_RocketTrail            00405d05 f   cl_fx.obj
 0001:00004e70       _CL_RailTrail              00405e70 f   cl_fx.obj
 0001:00005111       _CL_IonripperTrail         00406111 f   cl_fx.obj
 0001:00005264       _CL_BubbleTrail            00406264 f   cl_fx.obj
 0001:000053ba       _CL_FlyParticles           004063ba f   cl_fx.obj
 0001:0000558d       _CL_FlyEffect              0040658d f   cl_fx.obj
 0001:00005610       _CL_BfgParticles           00406610 f   cl_fx.obj
 0001:00005817       _CL_TrapParticles          00406817 f   cl_fx.obj
 0001:00005b19       _CL_BFGExplosionParticles  00406b19 f   cl_fx.obj
 0001:00005bfc       _CL_TeleportParticles      00406bfc f   cl_fx.obj
 0001:00005d6b       _CL_AddParticles           00406d6b f   cl_fx.obj
 0001:00005ec4       _CL_EntityEvent            00406ec4 f   cl_fx.obj
 0001:000060a1       _CL_ClearEffects           004070a1 f   cl_fx.obj
 0001:000060d3       _KeyDown                   004070d3 f   cl_input.obj
 0001:00006149       _KeyUp                     00407149 f   cl_input.obj
 0001:000061c3       _IN_KLookDown              004071c3 f   cl_input.obj
 0001:000061cf       _IN_KLookUp                004071cf f   cl_input.obj
 0001:000061db       _IN_UpDown                 004071db f   cl_input.obj
 0001:000061e7       _IN_UpUp                   004071e7 f   cl_input.obj
 0001:000061f3       _IN_DownDown               004071f3 f   cl_input.obj
 0001:000061ff       _IN_DownUp                 004071ff f   cl_input.obj
 0001:0000620b       _IN_LeftDown               0040720b f   cl_input.obj
 0001:00006217       _IN_LeftUp                 00407217 f   cl_input.obj
 0001:00006223       _IN_RightDown              00407223 f   cl_input.obj
 0001:0000622f       _IN_RightUp                0040722f f   cl_input.obj
 0001:0000623b       _IN_ForwardDown            0040723b f   cl_input.obj
 0001:00006247       _IN_ForwardUp              00407247 f   cl_input.obj
 0001:00006253       _IN_BackDown               00407253 f   cl_input.obj
 0001:0000625f       _IN_BackUp                 0040725f f   cl_input.obj
 0001:0000626b       _IN_LookupDown             0040726b f   cl_input.obj
 0001:00006277       _IN_LookupUp               00407277 f   cl_input.obj
 0001:00006283       _IN_LookdownDown           00407283 f   cl_input.obj
 0001:0000628f       _IN_LookdownUp             0040728f f   cl_input.obj
 0001:0000629b       _IN_MoveleftDown           0040729b f   cl_input.obj
 0001:000062a7       _IN_MoveleftUp             004072a7 f   cl_input.obj
 0001:000062b3       _IN_MoverightDown          004072b3 f   cl_input.obj
 0001:000062bf       _IN_MoverightUp            004072bf f   cl_input.obj
 0001:000062cb       _IN_SpeedDown              004072cb f   cl_input.obj
 0001:000062d7       _IN_SpeedUp                004072d7 f   cl_input.obj
 0001:000062e3       _IN_StrafeDown             004072e3 f   cl_input.obj
 0001:000062ef       _IN_StrafeUp               004072ef f   cl_input.obj
 0001:000062fb       _IN_AttackDown             004072fb f   cl_input.obj
 0001:00006307       _IN_AttackUp               00407307 f   cl_input.obj
 0001:00006313       _IN_UseDown                00407313 f   cl_input.obj
 0001:0000631f       _IN_UseUp                  0040731f f   cl_input.obj
 0001:0000632b       _IN_Impulse                0040732b f   cl_input.obj
 0001:00006341       _CL_KeyState               00407341 f   cl_input.obj
 0001:0000639f       _CL_AdjustAngles           0040739f f   cl_input.obj
 0001:000064ae       _CL_BaseMove               004074ae f   cl_input.obj
 0001:00006688       _CL_ClampPitch             00407688 f   cl_input.obj
 0001:00006736       _CL_FinishMove             00407736 f   cl_input.obj
 0001:000067e5       _CL_CreateCmd              004077e5 f   cl_input.obj
 0001:00006851       _IN_CenterView             00407851 f   cl_input.obj
 0001:00006872       _CL_InitInput              00407872 f   cl_input.obj
 0001:00006a78       _CL_SendCmd                00407a78 f   cl_input.obj
 0001:00006c72       _CL_ParseInventory         00407c72 f   cl_inv.obj
 0001:00006c92       _CL_DrawInventory          00407c92 f   cl_inv.obj
 0001:00006ef3       _CL_WriteDemoMessage       00407ef3 f   cl_main.obj
 0001:00006f35       _CL_Stop_f                 00407f35 f   cl_main.obj
 0001:00006f90       _CL_Record_f               00407f90 f   cl_main.obj
 0001:00007209       _Cmd_ForwardToServer       00408209 f   cl_main.obj
 0001:00007275       _CL_Setenv_f               00408275 f   cl_main.obj
 0001:00007339       _CL_ForwardToServer_f      00408339 f   cl_main.obj
 0001:00007387       _CL_Pause_f                00408387 f   cl_main.obj
 0001:000073c0       _CL_Quit_f                 004083c0 f   cl_main.obj
 0001:000073ca       _CL_Drop                   004083ca f   cl_main.obj
 0001:000073ec       _CL_SendConnectPacket      004083ec f   cl_main.obj
 0001:000074c0       _CL_CheckForResend         004084c0 f   cl_main.obj
 0001:000075a0       _CL_Connect_f              004085a0 f   cl_main.obj
 0001:0000761f       _CL_Rcon_f                 0040861f f   cl_main.obj
 0001:0000776c       _CL_ClearState             0040876c f   cl_main.obj
 0001:000077ab       _CL_Disconnect             004087ab f   cl_main.obj
 0001:000078e0       _CL_Disconnect_f           004088e0 f   cl_main.obj
 0001:000078ef       _CL_Changing_f             004088ef f   cl_main.obj
 0001:00007913       _CL_Reconnect_f            00408913 f   cl_main.obj
 0001:000079af       _CL_ParseStatusMessage     004089af f   cl_main.obj
 0001:000079e6       _CL_PingServers_f          004089e6 f   cl_main.obj
 0001:00007b40       _CL_Skins_f                00408b40 f   cl_main.obj
 0001:00007b7c       _CL_ConnectionlessPacket   00408b7c f   cl_main.obj
 0001:00007dbe       _CL_ReadPackets            00408dbe f   cl_main.obj
 0001:00007efc       _CL_FixUpGender            00408efc f   cl_main.obj
 0001:00007fcf       _CL_Userinfo_f             00408fcf f   cl_main.obj
 0001:00007fe7       _CL_Snd_Restart_f          00408fe7 f   cl_main.obj
 0001:00007ff6       _CL_RequestNextDownload    00408ff6 f   cl_main.obj
 0001:0000863a       _CL_Precache_f             0040963a f   cl_main.obj
 0001:000086a3       _CL_WriteConfiguration     004096a3 f   cl_main.obj
 0001:0000872e       _CL_WriteConfig_f          0040972e f   cl_main.obj
 0001:0000878d       _CL_InitLocal              0040978d f   cl_main.obj
 0001:000089ad       _CL_FixCvarCheats          004099ad f   cl_main.obj
 0001:00008a6a       _CL_SendCommand            00409a6a f   cl_main.obj
 0001:00008a88       _CL_Frame                  00409a88 f   cl_main.obj
 0001:00008c3d       _CL_Init                   00409c3d f   cl_main.obj
 0001:00008c92       _CL_Shutdown               00409c92 f   cl_main.obj
 0001:00008cd8       _vectoangles2              00409cd8 f   cl_newfx.obj
 0001:00008dda       _CL_Flashlight             00409dda f   cl_newfx.obj
 0001:00008e2b       _CL_ColorFlash             00409e2b f   cl_newfx.obj
 0001:00008ed1       _CL_DebugTrail             00409ed1 f   cl_newfx.obj
 0001:00008fff       _CL_ForceWall              00409fff f   cl_newfx.obj
 0001:00009163       _CL_BubbleTrail2           0040a163 f   cl_newfx.obj
 0001:000092c5       _CL_Heatbeam               0040a2c5 f   cl_newfx.obj
 0001:00009590       _CL_ParticleSteamEffect    0040a590 f   cl_newfx.obj
 0001:000096ca       _CL_ParticleSteamEffect2   0040a6ca f   cl_newfx.obj
 0001:0000981c       _CL_TrackerTrail           0040a81c f   cl_newfx.obj
 0001:0000999e       _CL_Tracker_Shell          0040a99e f   cl_newfx.obj
 0001:00009a47       _CL_MonsterPlasma_Shell    0040aa47 f   cl_newfx.obj
 0001:00009aef       _CL_Widowbeamout           0040aaef f   cl_newfx.obj
 0001:00009bc7       _CL_Nukeblast              0040abc7 f   cl_newfx.obj
 0001:00009c9f       _CL_WidowSplash            0040ac9f f   cl_newfx.obj
 0001:00009d83       _CL_TagTrail               0040ad83 f   cl_newfx.obj
 0001:00009eb9       _CL_ColorExplosionParticles 0040aeb9 f   cl_newfx.obj
 0001:00009f9b       _CL_ParticleSmokeEffect    0040af9b f   cl_newfx.obj
 0001:0000a0d3       _CL_BlasterParticles2      0040b0d3 f   cl_newfx.obj
 0001:0000a1d5       _CL_BlasterTrail2          0040b1d5 f   cl_newfx.obj
 0001:0000a306       _CL_DownloadFileName       0040b306 f   cl_parse.obj
 0001:0000a345       _CL_CheckOrDownloadFile    0040b345 f   cl_parse.obj
 0001:0000a4a9       _CL_Download_f             0040b4a9 f   cl_parse.obj
 0001:0000a575       _CL_RegisterSounds         0040b575 f   cl_parse.obj
 0001:0000a5b4       _CL_ParseDownload          0040b5b4 f   cl_parse.obj
 0001:0000a721       _CL_ParseServerData        0040b721 f   cl_parse.obj
 0001:0000a830       _CL_ParseBaseline          0040b830 f   cl_parse.obj
 0001:0000a86a       _CL_LoadClientinfo         0040b86a f   cl_parse.obj
 0001:0000ac02       _CL_ParseClientinfo        0040bc02 f   cl_parse.obj
 0001:0000ac26       _CL_ParseConfigString      0040bc26 f   cl_parse.obj
 0001:0000adab       _CL_ParseStartSoundPacket  0040bdab f   cl_parse.obj
 0001:0000aead       _SHOWNET                   0040bead f   cl_parse.obj
 0001:0000aed1       _CL_ParseServerMessage     0040bed1 f   cl_parse.obj
 0001:0000b171       _CL_CheckPredictionError   0040c171 f   cl_pred.obj
 0001:0000b297       _CL_ClipMoveToEntities     0040c297 f   cl_pred.obj
 0001:0000b3ee       _CL_PMTrace                0040c3ee f   cl_pred.obj
 0001:0000b45d       _CL_PMpointcontents        0040c45d f   cl_pred.obj
 0001:0000b4c7       _CL_PredictMovement        0040c4c7 f   cl_pred.obj
 0001:0000b6d5       _CL_AddNetgraph            0040c6d5 f   cl_scrn.obj
 0001:0000b7af       _SCR_DebugGraph            0040c7af f   cl_scrn.obj
 0001:0000b7d7       _SCR_DrawDebugGraph        0040c7d7 f   cl_scrn.obj
 0001:0000b8b6       _SCR_CenterPrint           0040c8b6 f   cl_scrn.obj
 0001:0000b9c7       _SCR_DrawCenterString      0040c9c7 f   cl_scrn.obj
 0001:0000bb1c       _SCR_SizeUp_f              0040cb1c f   cl_scrn.obj
 0001:0000bb35       _SCR_SizeDown_f            0040cb35 f   cl_scrn.obj
 0001:0000bb56       _SCR_Sky_f                 0040cb56 f   cl_scrn.obj
 0001:0000bc01       _SCR_Init                  0040cc01 f   cl_scrn.obj
 0001:0000bc66       _SCR_DrawNet               0040cc66 f   cl_scrn.obj
 0001:0000bca1       _SCR_DrawPause             0040cca1 f   cl_scrn.obj
 0001:0000bd0a       _SCR_RunConsole            0040cd0a f   cl_scrn.obj
 0001:0000bdab       _SCR_DrawConsole           0040cdab f   cl_scrn.obj
 0001:0000be3e       _SCR_SetLevelshot          0040ce3e f   cl_scrn.obj
 0001:0000bed0       _SCR_DrawLoading           0040ced0 f   cl_scrn.obj
 0001:0000bf74       _SCR_BeginLoadingPlaque    0040cf74 f   cl_scrn.obj
 0001:0000bfca       _SCR_EndLoadingPlaque      0040cfca f   cl_scrn.obj
 0001:0000bfe5       _SCR_Loading_f             0040cfe5 f   cl_scrn.obj
 0001:0000bfea       _SCR_TimeRefresh_f         0040cfea f   cl_scrn.obj
 0001:0000c0c1       _SCR_AddDirtyPoint         0040d0c1 f   cl_scrn.obj
 0001:0000c0fe       _SCR_DirtyScreen           0040d0fe f   cl_scrn.obj
 0001:0000c179       _SCR_TileClear             0040d179 f   cl_scrn.obj
 0001:0000c354       _DrawHUDString             0040d354 f   cl_scrn.obj
 0001:0000c406       _SCR_DrawField             0040d406 f   cl_scrn.obj
 0001:0000c52a       _SCR_TouchPics             0040d52a f   cl_scrn.obj
 0001:0000c5bc       _SCR_ExecuteLayoutString   0040d5bc f   cl_scrn.obj
 0001:0000cf6e       _SCR_UpdateScreen          0040df6e f   cl_scrn.obj
 0001:0000d259       _CL_RegisterTEntSounds     0040e259 f   cl_tent.obj
 0001:0000d491       _CL_RegisterTEntModels     0040e491 f   cl_tent.obj
 0001:0000d617       _CL_ClearTEnts             0040e617 f   cl_tent.obj
 0001:0000d66e       _CL_AllocExplosion         0040e66e f   cl_tent.obj
 0001:0000d6e8       _CL_SmokeAndFlash          0040e6e8 f   cl_tent.obj
 0001:0000d779       _CL_ParseBeam              0040e779 f   cl_tent.obj
 0001:0000d87d       _CL_ParseBeam2             0040e87d f   cl_tent.obj
 0001:0000d991       _CL_ParsePlayerBeam        0040e991 f   cl_tent.obj
 0001:0000dadc       _CL_ParseLightning         0040eadc f   cl_tent.obj
 0001:0000dbba       _CL_ParseLaser             0040ebba f   cl_tent.obj
 0001:0000dc62       _CL_ParseSteam             0040ec62 f   cl_tent.obj
 0001:0000dd73       _CL_ParseWidow             0040ed73 f   cl_tent.obj
 0001:0000dddf       _CL_ParseNuke              0040eddf f   cl_tent.obj
 0001:0000de49       _CL_ParseTEnt              0040ee49 f   cl_tent.obj
 0001:0000ecd4       _CL_AddBeams               0040fcd4 f   cl_tent.obj
 0001:0000effb       _CL_AddPlayerBeams         0040fffb f   cl_tent.obj
 0001:0000f71f       _CL_AddExplosions          0041071f f   cl_tent.obj
 0001:0000f90a       _CL_AddLasers              0041090a f   cl_tent.obj
 0001:0000f92f       _CL_ProcessSustain         0041092f f   cl_tent.obj
 0001:0000f970       _CL_AddTEnts               00410970 f   cl_tent.obj
 0001:0000f989       _V_AddEntity               00410989 f   cl_view.obj
 0001:0000f9b3       _V_AddParticle             004109b3 f   cl_view.obj
 0001:0000fa0a       _V_AddLight                00410a0a f   cl_view.obj
 0001:0000fa56       _V_AddLightStyle           00410a56 f   cl_view.obj
 0001:0000faa1       _V_TestParticles           00410aa1 f   cl_view.obj
 0001:0000fb4e       _V_TestEntities            00410b4e f   cl_view.obj
 0001:0000fbf0       _V_TestLights              00410bf0 f   cl_view.obj
 0001:0000fcce       _CL_PrepRefresh            00410cce f   cl_view.obj
 0001:0000ff9c       _CalcFov                   00410f9c f   cl_view.obj
 0001:00010015       _V_Gun_Next_f              00411015 f   cl_view.obj
 0001:0001002e       _V_Gun_Prev_f              0041102e f   cl_view.obj
 0001:00010050       _V_Gun_Model_f             00411050 f   cl_view.obj
 0001:00010095       _SCR_DrawCrosshair         00411095 f   cl_view.obj
 0001:00010101       _V_RenderView              00411101 f   cl_view.obj
 0001:00010ba4       _V_Viewpos_f               00411ba4 f   cl_view.obj
 0001:00010be2       _V_Init                    00411be2 f   cl_view.obj
 0001:00010c2e       _Cbuf_Init                 00411c2e f   cmd.obj
 0001:00010c46       _Cbuf_AddText              00411c46 f   cmd.obj
 0001:00010ca2       _Cbuf_InsertText           00411ca2 f   cmd.obj
 0001:00010cfa       _Cbuf_CopyToDefer          00411cfa f   cmd.obj
 0001:00010d26       _Cbuf_InsertFromDefer      00411d26 f   cmd.obj
 0001:00010d39       _Cbuf_ExecuteText          00411d39 f   cmd.obj
 0001:00010d78       _Cbuf_Execute              00411d78 f   cmd.obj
 0001:00010e2c       _Cbuf_AddEarlyCommands     00411e2c f   cmd.obj
 0001:00010eae       _Cbuf_AddLateCommands      00411eae f   cmd.obj
 0001:00010fc3       _Cmd_Exec_f                00411fc3 f   cmd.obj
 0001:00011048       _Cmd_Echo_f                00412048 f   cmd.obj
 0001:0001108a       _Cmd_Alias_f               0041208a f   cmd.obj
 0001:000111d3       _Cmd_Argc                  004121d3 f   cmd.obj
 0001:000111d9       _Cmd_Argv                  004121d9 f   cmd.obj
 0001:000111f3       _Cmd_Args                  004121f3 f   cmd.obj
 0001:000111f9       _Cmd_TokenizeString        004121f9 f   cmd.obj
 0001:0001142b       _Cmd_AddCommand            0041242b f   cmd.obj
 0001:00011496       _Cmd_RemoveCommand         00412496 f   cmd.obj
 0001:000114d8       _Cmd_CompleteCommand       004124d8 f   cmd.obj
 0001:0001184b       _Cmd_ExecuteString         0041284b f   cmd.obj
 0001:00011916       _Cmd_Init                  00412916 f   cmd.obj
 0001:000119e0       _CMod_GetSurfMaterial      004129e0 f   cmodel.obj
 0001:00011a3a       _CM_LoadMap                00412a3a f   cmodel.obj
 0001:00012260       _CM_InlineModel            00413260 f   cmodel.obj
 0001:000122ae       _CM_NumClusters            004132ae f   cmodel.obj
 0001:000122b4       _CM_NumInlineModels        004132b4 f   cmodel.obj
 0001:000122ba       _CM_EntityString           004132ba f   cmodel.obj
 0001:000122c0       _CM_LeafContents           004132c0 f   cmodel.obj
 0001:000122ea       _CM_LeafCluster            004132ea f   cmodel.obj
 0001:00012315       _CM_LeafArea               00413315 f   cmodel.obj
 0001:00012340       _CM_InitBoxHull            00413340 f   cmodel.obj
 0001:0001251b       _CM_HeadnodeForBox         0041351b f   cmodel.obj
 0001:000125d0       _CM_PointLeafnum_r         004135d0 f   cmodel.obj
 0001:00012639       _CM_PointLeafnum           00413639 f   cmodel.obj
 0001:00012653       _CM_BoxLeafnums_r          00413653 f   cmodel.obj
 0001:00012709       _CM_BoxLeafnums            00413709 f   cmodel.obj
 0001:0001275c       _CM_PointContents          0041375c f   cmodel.obj
 0001:00012781       _CM_TransformedPointContents 00413781 f   cmodel.obj
 0001:00012863       _TraceBuf_Dump             00413863 f   cmodel.obj
 0001:00012931       _TraceBuf_Init             00413931 f   cmodel.obj
 0001:000129d9       _TraceBuf_LimitFrac        004139d9 f   cmodel.obj
 0001:00012a30       _TraceBuf_AddLeaf          00413a30 f   cmodel.obj
 0001:00012bb8       _TraceBuf_FindPart         00413bb8 f   cmodel.obj
 0001:00012bf3       _CM_ClipBoxToHLLeaf        00413bf3 f   cmodel.obj
 0001:00012e94       _CM_TraceToHLLeaf          00413e94 f   cmodel.obj
 0001:00012f67       _CM_FinishHLTrace          00413f67 f   cmodel.obj
 0001:00012ff3       _CM_RecursiveHLHullCheck   00413ff3 f   cmodel.obj
 0001:000132db       _CM_ClipBoxToBrush         004142db f   cmodel.obj
 0001:000134d7       _CM_TestBoxInBrush         004144d7 f   cmodel.obj
 0001:000135b8       _CM_TraceToLeaf            004145b8 f   cmodel.obj
 0001:00013645       _CM_TestInLeaf             00414645 f   cmodel.obj
 0001:000136cd       _CM_RecursiveHullCheck     004146cd f   cmodel.obj
 0001:000139a5       _CM_BoxTrace               004149a5 f   cmodel.obj
 0001:00013ef6       _CM_TransformedBoxTrace    00414ef6 f   cmodel.obj
 0001:00014152       _CM_DecompressVis          00415152 f   cmodel.obj
 0001:000141fb       _CM_ClusterPVS             004151fb f   cmodel.obj
 0001:00014248       _CM_ClusterPHS             00415248 f   cmodel.obj
 0001:00014295       _FloodArea_r               00415295 f   cmodel.obj
 0001:00014311       _FloodAreaConnections      00415311 f   cmodel.obj
 0001:00014350       _CM_SetAreaPortalState     00415350 f   cmodel.obj
 0001:0001437d       _CM_AreasConnected         0041537d f   cmodel.obj
 0001:000143cb       _CM_WriteAreaBits          004153cb f   cmodel.obj
 0001:0001445b       _CM_WritePortalState       0041545b f   cmodel.obj
 0001:00014475       _CM_ReadPortalState        00415475 f   cmodel.obj
 0001:00014493       _CM_HeadnodeVisible        00415493 f   cmodel.obj
 0001:000144fb       _Com_BeginRedirect         004154fb f   common.obj
 0001:00014538       _Com_EndRedirect           00415538 f   common.obj
 0001:00014563       _Com_Printf                00415563 f   common.obj
 0001:000146c2       _Com_DPrintf               004156c2 f   common.obj
 0001:00014726       _DebugPrintf               00415726 f   common.obj
 0001:000147ce       _Com_WPrintf               004157ce f   common.obj
 0001:00014827       _Com_Error                 00415827 f   common.obj
 0001:00014905       _Com_Quit                  00415905 f   common.obj
 0001:00014935       _MatchWildcard             00415935 f   common.obj
 0001:00014a72       _Com_ServerState           00415a72 f   common.obj
 0001:00014a78       _Com_SetServerState        00415a78 f   common.obj
 0001:00014a82       _MSG_WriteByte             00415a82 f   common.obj
 0001:00014a82       _MSG_WriteChar             00415a82 f   common.obj
 0001:00014a96       _MSG_WriteShort            00415a96 f   common.obj
 0001:00014ab0       _MSG_WriteLong             00415ab0 f   common.obj
 0001:00014ada       _MSG_WriteFloat            00415ada f   common.obj
 0001:00014b00       _MSG_WriteString           00415b00 f   common.obj
 0001:00014b38       _MSG_WriteCoord            00415b38 f   common.obj
 0001:00014b61       _MSG_WritePos              00415b61 f   common.obj
 0001:00014bd5       _MSG_WriteAngle            00415bd5 f   common.obj
 0001:00014bf8       _MSG_WriteAngle16          00415bf8 f   common.obj
 0001:00014c27       _MSG_WriteDeltaUsercmd     00415c27 f   common.obj
 0001:00014daf       _MSG_WriteDir              00415daf f   common.obj
 0001:00014e1c       _MSG_ReadDir               00415e1c f   common.obj
 0001:00014e65       _MSG_WriteDeltaEntity      00415e65 f   common.obj
 0001:0001535e       _MSG_BeginReading          0041635e f   common.obj
 0001:00015367       _MSG_ReadChar              00416367 f   common.obj
 0001:00015388       _MSG_ReadByte              00416388 f   common.obj
 0001:000153a9       _MSG_ReadShort             004163a9 f   common.obj
 0001:000153d9       _MSG_ReadLong              004163d9 f   common.obj
 0001:00015418       _MSG_ReadString            00416418 f   common.obj
 0001:0001544b       _MSG_ReadStringLine        0041644b f   common.obj
 0001:00015483       _MSG_ReadCoord             00416483 f   common.obj
 0001:0001549d       _MSG_ReadPos               0041649d f   common.obj
 0001:000154ef       _MSG_ReadAngle             004164ef f   common.obj
 0001:00015509       _MSG_ReadAngle16           00416509 f   common.obj
 0001:00015523       _MSG_ReadDeltaUsercmd      00416523 f   common.obj
 0001:000155da       _MSG_ReadData              004165da f   common.obj
 0001:000155fd       _SZ_Init                   004165fd f   common.obj
 0001:0001561f       _SZ_Clear                  0041661f f   common.obj
 0001:0001562c       _SZ_GetSpace               0041662c f   common.obj
 0001:0001568e       _SZ_Write                  0041668e f   common.obj
 0001:000156af       _SZ_Print                  004166af f   common.obj
 0001:000156f8       _COM_Argc                  004166f8 f   common.obj
 0001:000156fe       _COM_Argv                  004166fe f   common.obj
 0001:0001571f       _COM_ClearArgv             0041671f f   common.obj
 0001:00015747       _COM_InitArgv              00416747 f   common.obj
 0001:000157a2       _Info_Print                004167a2 f   common.obj
 0001:0001585f       _COM_BlockSequenceCRCByte  0041685f f   common.obj
 0001:000158eb       _frand                     004168eb f   common.obj
 0001:00015908       _crand                     00416908 f   common.obj
 0001:0001592b       _Com_Error_f               0041692b f   common.obj
 0001:00015943       _Qcommon_Init              00416943 f   common.obj
 0001:00015a7c       _Qcommon_Frame             00416a7c f   common.obj
 0001:00015c5f       _CCheckParm                00416c5f f   conproc.obj
 0001:00015c98       _InitConProc               00416c98 f   conproc.obj
 0001:00015dea       _DeinitConProc             00416dea f   conproc.obj
 0001:00015dfb       _RequestProc@4             00416dfb f   conproc.obj
 0001:00015f0c       _WriteText                 00416f0c f   conproc.obj
 0001:00015fd3       _CharToCode                00416fd3 f   conproc.obj
 0001:0001605b       _SetConsoleCXCY            0041705b f   conproc.obj
 0001:00016192       _DrawStringCommon          00417192 f   console.obj
 0001:000161ef       _DrawString                004171ef f   console.obj
 0001:00016211       _DrawAltString             00417211 f   console.obj
 0001:00016236       _Key_ClearTyping           00417236 f   console.obj
 0001:00016250       _Con_ToggleConsole_f       00417250 f   console.obj
 0001:000162e1       _Con_ClearNotify           004172e1 f   console.obj
 0001:000162ef       _Con_CheckResize           004172ef f   console.obj
 0001:0001640f       _Con_Init                  0041740f f   console.obj
 0001:000166bb       _Con_Print                 004176bb f   console.obj
 0001:0001699e       _Con_DrawNotify            0041799e f   console.obj
 0001:00016bad       _Con_DrawConsole           00417bad f   console.obj
 0001:000170cd       _CRC_Block                 004180cd f   crc.obj
 0001:00017109       _Cvar_VariableValue        00418109 f   cvar.obj
 0001:00017177       _Cvar_VariableInt          00418177 f   cvar.obj
 0001:0001718a       _Cvar_VariableString       0041818a f   cvar.obj
 0001:000171a2       _Cvar_Get                  004181a2 f   cvar.obj
 0001:000173fe       _Cvar_GetVars              004183fe f   cvar.obj
 0001:0001742e       _Cvar_FullSet              0041842e f   cvar.obj
 0001:0001748b       _Cvar_SetValue             0041848b f   cvar.obj
 0001:00017681       _Cvar_SetInteger           00418681 f   cvar.obj
 0001:000176af       _Cvar_Set                  004186af f   cvar.obj
 0001:000176c4       _Cvar_ForceSet             004186c4 f   cvar.obj
 0001:000176d9       _Cvar_Clamp                004186d9 f   cvar.obj
 0001:00017737       _Cvar_ClampName            00418737 f   cvar.obj
 0001:000177b0       _Cvar_GetLatchedVars       004187b0 f   cvar.obj
 0001:000177df       _Cvar_Command              004187df f   cvar.obj
 0001:00017876       _Cvar_WriteVariables       00418876 f   cvar.obj
 0001:00017901       _Cvar_BitInfo              00418901 f   cvar.obj
 0001:0001793a       _Cvar_Userinfo             0041893a f   cvar.obj
 0001:00017943       _Cvar_Serverinfo           00418943 f   cvar.obj
 0001:0001794c       _Cvar_Init                 0041894c f   cvar.obj
 0001:00017f61       _FS_CreatePath             00418f61 f   files.obj
 0001:00017f87       _Developer_searchpath      00418f87 f   files.obj
 0001:00017fcc       _FS_FCloseFile             00418fcc f   files.obj
 0001:00018062       _FS_FOpenFile              00419062 f   files.obj
 0001:0001849a       _FS_FileExists             0041949a f   files.obj
 0001:00018678       _FS_Read                   00419678 f   files.obj
 0001:00018925       _FS_LoadFile               00419925 f   files.obj
 0001:00018987       _FS_FreeFile               00419987 f   files.obj
 0001:00018992       _FS_LoadPackFile           00419992 f   files.obj
 0001:00018cca       _FS_UnloadPackFile         00419cca f   files.obj
 0001:00018d17       _FS_AddGameDirectory       00419d17 f   files.obj
 0001:00018ec1       _FS_Gamedir                00419ec1 f   files.obj
 0001:00018ed5       _FS_LoadGameConfig         00419ed5 f   files.obj
 0001:00018f4e       _FS_SetGamedir             00419f4e f   files.obj
 0001:000190e0       _FS_ListFiles              0041a0e0 f   files.obj
 0001:00019393       _FS_Dir_f                  0041a393 f   files.obj
 0001:000195a4       _FS_Path_f                 0041a5a4 f   files.obj
 0001:0001963c       _FS_Cat_f                  0041a63c f   files.obj
 0001:00019702       _FS_NextPath               0041a702 f   files.obj
 0001:00019726       _FS_InitFilesystem         0041a726 f   files.obj
 0001:00019cd3       _LoadPCX                   0041acd3 f   images.obj
 0001:00019eb7       _LoadTGA                   0041aeb7 f   images.obj
 0001:0001a24d       _LoadJPG                   0041b24d f   images.obj
 0001:0001a4e0       _ImageExists               0041b4e0 f   images.obj
 0001:0001a5f9       _WriteTGA                  0041b5f9 f   images.obj
 0001:0001a6a5       _WriteJPG                  0041b6a5 f   images.obj
 0001:0001a7cd       _IN_MLookDown              0041b7cd f   in_win.obj
 0001:0001a7d8       _IN_MLookUp                0041b7d8 f   in_win.obj
 0001:0001a7fb       _IN_ActivateMouse          0041b7fb f   in_win.obj
 0001:0001a914       _IN_DeactivateMouse        0041b914 f   in_win.obj
 0001:0001a965       _IN_StartupMouse           0041b965 f   in_win.obj
 0001:0001a9a9       _IN_MouseEvent             0041b9a9 f   in_win.obj
 0001:0001aa26       _IN_MouseMove              0041ba26 f   in_win.obj
 0001:0001abd0       _IN_Init                   0041bbd0 f   in_win.obj
 0001:0001ac16       _IN_Shutdown               0041bc16 f   in_win.obj
 0001:0001ac1b       _IN_Activate               0041bc1b f   in_win.obj
 0001:0001ac32       _IN_Frame                  0041bc32 f   in_win.obj
 0001:0001ac82       _IN_Move                   0041bc82 f   in_win.obj
 0001:0001aca0       _IN_StartupJoystick        0041bca0 f   in_win.obj
 0001:0001adc1       _Joy_AdvancedUpdate_f      0041bdc1 f   in_win.obj
 0001:0001af58       _IN_Commands               0041bf58 f   in_win.obj
 0001:0001b087       _IN_ReadJoystick           0041c087 f   in_win.obj
 0001:0001b0c2       _IN_JoyMove                0041c0c2 f   in_win.obj
 0001:0001b412       _CompleteCommand           0041c412 f   keys.obj
 0001:0001b479       _Key_Console               0041c479 f   keys.obj
 0001:0001ba6f       _Key_Message               0041ca6f f   keys.obj
 0001:0001bb00       _Key_StringToKeynum        0041cb00 f   keys.obj
 0001:0001bb4a       _Key_KeynumToString        0041cb4a f   keys.obj
 0001:0001bb9d       _Key_SetBinding            0041cb9d f   keys.obj
 0001:0001bbf7       _Key_Bindlist_f            0041cbf7 f   keys.obj
 0001:0001bc88       _Key_WriteBindings         0041cc88 f   keys.obj
 0001:0001bcc6       _Key_Init                  0041ccc6 f   keys.obj
 0001:0001bf9c       _Key_Event                 0041cf9c f   keys.obj
 0001:0001c2c3       _Key_ClearStates           0041d2c3 f   keys.obj
 0001:0001c30a       _MD4Init                   0041d30a f   md4.obj
 0001:0001c332       _MD4Update                 0041d332 f   md4.obj
 0001:0001c3d0       _MD4Final                  0041d3d0 f   md4.obj
 0001:0001cac1       _Com_BlockChecksum         0041dac1 f   md4.obj
 0001:0001cafd       _Z_Free                    0041dafd f   memory.obj
 0001:0001cb53       _Z_FreeTags                0041db53 f   memory.obj
 0001:0001cb83       _Z_TagMalloc               0041db83 f   memory.obj
 0001:0001cbf4       _Z_Malloc                  0041dbf4 f   memory.obj
 0001:0001cc16       _Z_BlockMalloc             0041dc16 f   memory.obj
 0001:0001cc31       _CreateMemoryChain         0041dc31 f   memory.obj
 0001:0001cc92       _FreeMemoryChain           0041dc92 f   memory.obj
 0001:0001ccbc       _AllocChainBlock           0041dcbc f   memory.obj
 0001:0001cd07       _CopyString                0041dd07 f   memory.obj
 0001:0001cd2b       _ChainCopyString           0041dd2b f   memory.obj
 0001:0001cd53       _AllocNamedStruc           0041dd53 f   memory.obj
 0001:0001cd8e       _ChainAllocNamedStruc      0041dd8e f   memory.obj
 0001:0001cdcd       _FindNamedStruc            0041ddcd f   memory.obj
 0001:0001ce11       _FindNamedStrucByIndex     0041de11 f   memory.obj
 0001:0001ce28       _IndexOfNamedStruc         0041de28 f   memory.obj
 0001:0001ce56       _AddToNamedList            0041de56 f   memory.obj
 0001:0001cea0       _ChainAddToNamedList       0041dea0 f   memory.obj
 0001:0001ceea       _FreeNamedList             0041deea f   memory.obj
 0001:0001cf05       _Z_Init                    0041df05 f   memory.obj
 0001:0001cf40       _M_PushMenu                0041df40 f   menu.obj
 0001:0001cffd       _M_ForceMenuOff            0041dffd f   menu.obj
 0001:0001d02a       _M_PopMenu                 0041e02a f   menu.obj
 0001:0001d07e       _Default_MenuKey           0041e07e f   menu.obj
 0001:0001d1a8       _M_Print                   0041e1a8 f   menu.obj
 0001:0001d1f3       _M_DrawTextBox             0041e1f3 f   menu.obj
 0001:0001d3df       _M_Main_Draw               0041e3df f   menu.obj
 0001:0001d550       _M_Main_Key                0041e550 f   menu.obj
 0001:0001d635       _M_Menu_Main_f             0041e635 f   menu.obj
 0001:0001d650       _M_Menu_Multiplayer_f      0041e650 f   menu.obj
 0001:0001d7d4       _M_Menu_Keys_f             0041e7d4 f   menu.obj
 0001:0001dcb4       _M_Menu_Options_f          0041ecb4 f   menu.obj
 0001:0001e5b3       _M_Menu_Video_f            0041f5b3 f   menu.obj
 0001:0001e5d3       _M_Menu_Credits_f          0041f5d3 f   menu.obj
 0001:0001e79f       _M_Menu_Game_f             0041f79f f   menu.obj
 0001:0001ea31       _M_Menu_LoadGame_f         0041fa31 f   menu.obj
 0001:0001ebdd       _M_Menu_SaveGame_f         0041fbdd f   menu.obj
 0001:0001ed17       _M_AddToServerList         0041fd17 f   menu.obj
 0001:0001ed95       _M_Menu_JoinServer_f       0041fd95 f   menu.obj
 0001:0001f018       _M_Menu_StartServer_f      00420018 f   menu.obj
 0001:0001f842       _M_Menu_DMOptions_f        00420842 f   menu.obj
 0001:0001fffa       _M_Menu_DownloadOptions_f  00420ffa f   menu.obj
 0001:00020281       _M_Menu_AddressBook_f      00421281 f   menu.obj
 0001:000214a4       _M_Init                    004224a4 f   menu.obj
 0001:000215c7       _M_Draw                    004225c7 f   menu.obj
 0001:00021622       _M_Keydown                 00422622 f   menu.obj
 0001:0002163e       _SwapQ2BspFile             0042263e f   model.obj
 0001:00021887       _ProcessQ2BspFile          00422887 f   model.obj
 0001:00021960       _CheckLump                 00422960 f   model.obj
 0001:000219a5       _LoadQ2BspFile             004229a5 f   model.obj
 0001:00021b4c       _LoadBspFile               00422b4c f   model.obj
 0001:00021c46       _Netchan_Init              00422c46 f   net_chan.obj
 0001:00021ca6       _Netchan_OutOfBand         00422ca6 f   net_chan.obj
 0001:00021d02       _Netchan_OutOfBandPrint    00422d02 f   net_chan.obj
 0001:00021d42       _Netchan_Setup             00422d42 f   net_chan.obj
 0001:00021d9d       _Netchan_NeedReliable      00422d9d f   net_chan.obj
 0001:00021dc9       _Netchan_Transmit          00422dc9 f   net_chan.obj
 0001:00021f72       _Netchan_Process           00422f72 f   net_chan.obj
 0001:000220bd       _NetadrToSockadr           004230bd f   net_wins.obj
 0001:00022164       _SockadrToNetadr           00423164 f   net_wins.obj
 0001:000221c7       _NET_CompareAdr            004231c7 f   net_wins.obj
 0001:00022229       _NET_CompareBaseAdr        00423229 f   net_wins.obj
 0001:00022281       _NET_AdrToString           00423281 f   net_wins.obj
 0001:00022335       _NET_StringToSockaddr      00423335 f   net_wins.obj
 0001:0002256a       _NET_StringToAdr           0042356a f   net_wins.obj
 0001:000225c3       _NET_IsLocalAddress        004235c3 f   net_wins.obj
 0001:000225cd       _NET_GetLoopPacket         004235cd f   net_wins.obj
 0001:00022654       _NET_SendLoopPacket        00423654 f   net_wins.obj
 0001:000226a0       _NET_GetPacket             004236a0 f   net_wins.obj
 0001:000227d5       _NET_SendPacket            004237d5 f   net_wins.obj
 0001:00022936       _NET_IPSocket              00423936 f   net_wins.obj
 0001:00022a45       _NET_OpenIP                00423a45 f   net_wins.obj
 0001:00022b66       _NET_IPXSocket             00423b66 f   net_wins.obj
 0001:00022c61       _NET_OpenIPX               00423c61 f   net_wins.obj
 0001:00022d49       _NET_Config                00423d49 f   net_wins.obj
 0001:00022dbf       _NET_Sleep                 00423dbf f   net_wins.obj
 0001:00022e69       _NET_Init                  00423e69 f   net_wins.obj
 0001:000230e0       _Pmove                     004240e0 f   pmove.obj
 0001:00024ccc       _RotatePointAroundVector   00425ccc f   q_shared2.obj
 0001:00024e3c       _AngleVectors              00425e3c f   q_shared2.obj
 0001:00024f40       _ProjectPointOnPlane       00425f40 f   q_shared2.obj
 0001:00024fbf       _PerpendicularVector       00425fbf f   q_shared2.obj
 0001:0002503e       _MatrixMultiply            0042603e f   q_shared2.obj
 0001:00025125       _R_ConcatTransforms        00426125 f   q_shared2.obj
 0001:0002525f       _SetPlaneSignbits          0042625f f   q_shared2.obj
 0001:00025291       _LerpAngle                 00426291 f   q_shared2.obj
 0001:000252d4       _anglemod                  004262d4 f   q_shared2.obj
 0001:000252f8       _BoxOnPlaneSide            004262f8 f   q_shared2.obj
 0001:0002552f       _ClearBounds               0042652f f   q_shared2.obj
 0001:00025558       _AddPointToBounds          00426558 f   q_shared2.obj
 0001:00025591       _VectorCompare             00426591 f   q_shared2.obj
 0001:000255bf       _VectorNormalize           004265bf f   q_shared2.obj
 0001:00025613       _VectorMA                  00426613 f   q_shared2.obj
 0001:00025642       _CrossProduct              00426642 f   q_shared2.obj
 0001:0002567d       _VectorLength              0042667d f   q_shared2.obj
 0001:000256a5       _VectorInverse             004266a5 f   q_shared2.obj
 0001:000256c0       _VectorScale               004266c0 f   q_shared2.obj
 0001:000256e4       _AnglesToAxis              004266e4 f   q_shared2.obj
 0001:00025729       _AxisCopy                  00426729 f   q_shared2.obj
 0001:00025766       _COM_StripExtension        00426766 f   q_shared2.obj
 0001:00025787       _COM_FilePath              00426787 f   q_shared2.obj
 0001:000257bd       _ShortSwap                 004267bd f   q_shared2.obj
 0001:000257d2       _va                        004267d2 f   q_shared2.obj
 0001:000257ef       _COM_ParseExt              004267ef f   q_shared2.obj
 0001:000258ea       _Com_PageInMemory          004268ea f   q_shared2.obj
 0001:00025909       _Q_stricmp                 00426909 f   q_shared2.obj
 0001:0002591a       _Q_strncasecmp             0042691a f   q_shared2.obj
 0001:00025972       _Q_strcasecmp              00426972 f   q_shared2.obj
 0001:00025988       _Q_strncpyz                00426988 f   q_shared2.obj
 0001:000259e5       _Q_strncpylower            004269e5 f   q_shared2.obj
 0001:00025a1f       _Q_CopyFilename            00426a1f f   q_shared2.obj
 0001:00025a61       _Com_sprintf               00426a61 f   q_shared2.obj
 0001:00025aba       _Info_ValueForKey          00426aba f   q_shared2.obj
 0001:00025b45       _Info_RemoveKey            00426b45 f   q_shared2.obj
 0001:00025bcb       _Info_SetValueForKey       00426bcb f   q_shared2.obj
 0001:00025d09       _Field_Draw                00426d09 f   qmenu.obj
 0001:00025f1d       _Field_Key                 00426f1d f   qmenu.obj
 0001:00026186       _Menu_AddItem              00427186 f   qmenu.obj
 0001:000261bb       _Menu_AdjustCursor         004271bb f   qmenu.obj
 0001:000262fa       _Menu_Center               004272fa f   qmenu.obj
 0001:00026332       _Menu_DrawDotsItem         00427332 f   qmenu.obj
 0001:00026397       _Menu_Draw                 00427397 f   qmenu.obj
 0001:00026668       _Menu_ItemAtCursor         00427668 f   qmenu.obj
 0001:00026680       _Menu_SelectItem           00427680 f   qmenu.obj
 0001:000266c2       _Menu_SetStatusBar         004276c2 f   qmenu.obj
 0001:000266d1       _Menu_SlideItem            004276d1 f   qmenu.obj
 0001:00026721       _Menu_TallySlots           00427721 f   qmenu.obj
 0001:00026bd1       _S_SoundInfo_f             00427bd1 f   snd_dma.obj
 0001:00026c5b       _S_ReadModelsSex           00427c5b f   snd_dma.obj
 0001:00026d44       _S_IsFemale                00427d44 f   snd_dma.obj
 0001:00026d9f       _S_Init                    00427d9f f   snd_dma.obj
 0001:00026e72       _S_Shutdown                00427e72 f   snd_dma.obj
 0001:00026efc       _S_FindName                00427efc f   snd_dma.obj
 0001:00026fe8       _S_AliasName               00427fe8 f   snd_dma.obj
 0001:00027074       _S_BeginRegistration       00428074 f   snd_dma.obj
 0001:00027085       _S_RegisterSound           00428085 f   snd_dma.obj
 0001:00027101       _S_EndRegistration         00428101 f   snd_dma.obj
 0001:00027194       _S_PickChannel             00428194 f   snd_dma.obj
 0001:0002722b       _S_SpatializeOrigin        0042822b f   snd_dma.obj
 0001:00027333       _S_Spatialize              00428333 f   snd_dma.obj
 0001:000273a1       _S_AllocPlaysound          004283a1 f   snd_dma.obj
 0001:000273c0       _S_FreePlaysound           004283c0 f   snd_dma.obj
 0001:000273f0       _S_IssuePlaysound          004283f0 f   snd_dma.obj
 0001:000274b1       _S_RegisterSexedSound      004284b1 f   snd_dma.obj
 0001:000275a4       _S_StartSound              004285a4 f   snd_dma.obj
 0001:0002773a       _S_StartLocalSound         0042873a f   snd_dma.obj
 0001:00027789       _S_ClearBuffer             00428789 f   snd_dma.obj
 0001:000277e1       _S_StopAllSounds           004287e1 f   snd_dma.obj
 0001:0002785c       _S_AddLoopSounds           0042885c f   snd_dma.obj
 0001:00027a28       _S_RawSamples              00428a28 f   snd_dma.obj
 0001:00027c2c       _S_Update                  00428c2c f   snd_dma.obj
 0001:00027d83       _GetSoundtime              00428d83 f   snd_dma.obj
 0001:00027dea       _S_Update_                 00428dea f   snd_dma.obj
 0001:00027e80       _S_Play                    00428e80 f   snd_dma.obj
 0001:00027f30       _S_SoundList               00428f30 f   snd_dma.obj
 0001:00027ff1       _ResampleSfx               00428ff1 f   snd_mem.obj
 0001:000280f5       _S_LoadSound               004290f5 f   snd_mem.obj
 0001:0002821b       _GetLittleShort            0042921b f   snd_mem.obj
 0001:00028238       _GetLittleLong             00429238 f   snd_mem.obj
 0001:00028266       _FindNextChunk             00429266 f   snd_mem.obj
 0001:000282c2       _GetWavinfo                004292c2 f   snd_mem.obj
 0001:00028495       _S_WriteLinearBlastStereo16 00429495 f   snd_mix.obj
 0001:00028509       _S_TransferStereo16        00429509 f   snd_mix.obj
 0001:00028572       _S_TransferPaintBuffer     00429572 f   snd_mix.obj
 0001:000286ce       _S_PaintChannels           004296ce f   snd_mix.obj
 0001:000288f3       _S_InitScaletable          004298f3 f   snd_mix.obj
 0001:00028946       _S_PaintChannelFrom8       00429946 f   snd_mix.obj
 0001:00028a48       _S_PaintChannelFrom16      00429a48 f   snd_mix.obj
 0001:00028ab3       _FreeSound                 00429ab3 f   snd_win.obj
 0001:00028bc3       _SNDDMA_InitDirect         00429bc3 f   snd_win.obj
 0001:0002908d       _SNDDMA_Init               0042a08d f   snd_win.obj
 0001:00029109       _SNDDMA_GetDMAPos          0042a109 f   snd_win.obj
 0001:00029153       _SNDDMA_BeginPainting      0042a153 f   snd_win.obj
 0001:00029255       _SNDDMA_Submit             0042a255 f   snd_win.obj
 0001:0002927a       _SNDDMA_Shutdown           0042a27a f   snd_win.obj
 0001:0002927f       _S_Activate                0042a27f f   snd_win.obj
 0001:000292aa       _SV_SetMaster_f            0042a2aa f   sv_ccmds.obj
 0001:000293c7       _SV_SetPlayer              0042a3c7 f   sv_ccmds.obj
 0001:000294b3       _SV_WipeSavegame           0042a4b3 f   sv_ccmds.obj
 0001:00029599       _CopyFile                  0042a599 f   sv_ccmds.obj
 0001:00029632       _SV_CopySaveGame           0042a632 f   sv_ccmds.obj
 0001:00029817       _SV_WriteLevelFile         0042a817 f   sv_ccmds.obj
 0001:000298c5       _SV_ReadLevelFile          0042a8c5 f   sv_ccmds.obj
 0001:00029973       _SV_WriteServerFile        0042a973 f   sv_ccmds.obj
 0001:00029b87       _SV_ReadServerFile         0042ab87 f   sv_ccmds.obj
 0001:00029c95       _SV_DemoMap_f              0042ac95 f   sv_ccmds.obj
 0001:00029cdc       _SV_GameMap_f              0042acdc f   sv_ccmds.obj
 0001:00029e55       _SV_Map_f                  0042ae55 f   sv_ccmds.obj
 0001:00029ec2       _SV_Loadgame_f             0042aec2 f   sv_ccmds.obj
 0001:00029fba       _SV_Savegame_f             0042afba f   sv_ccmds.obj
 0001:0002a0b9       _SV_Kick_f                 0042b0b9 f   sv_ccmds.obj
 0001:0002a136       _SV_Status_f               0042b136 f   sv_ccmds.obj
 0001:0002a2d8       _SV_ConSay_f               0042b2d8 f   sv_ccmds.obj
 0001:0002a36b       _SV_Heartbeat_f            0042b36b f   sv_ccmds.obj
 0001:0002a376       _SV_Serverinfo_f           0042b376 f   sv_ccmds.obj
 0001:0002a38e       _SV_DumpUser_f             0042b38e f   sv_ccmds.obj
 0001:0002a3d4       _SV_ServerRecord_f         0042b3d4 f   sv_ccmds.obj
 0001:0002a58b       _SV_ServerStop_f           0042b58b f   sv_ccmds.obj
 0001:0002a5b7       _SV_KillServer_f           0042b5b7 f   sv_ccmds.obj
 0001:0002a5d7       _SV_ServerCommand_f        0042b5d7 f   sv_ccmds.obj
 0001:0002a5ef       _SV_InitOperatorCommands   0042b5ef f   sv_ccmds.obj
 0001:0002a6f5       _SV_EmitPacketEntities     0042b6f5 f   sv_ents.obj
 0001:0002a863       _SV_WritePlayerstateToClient 0042b863 f   sv_ents.obj
 0001:0002ad21       _SV_WriteFrameToClient     0042bd21 f   sv_ents.obj
 0001:0002addd       _SV_FatPVS                 0042bddd f   sv_ents.obj
 0001:0002af0a       _SV_BuildClientFrame       0042bf0a f   sv_ents.obj
 0001:0002b1d5       _SV_RecordDemoMessage      0042c1d5 f   sv_ents.obj
 0001:0002b2fa       _SV_ShutdownGameProgs      0042c2fa f   sv_game.obj
 0001:0002b313       _SV_InitGameProgs          0042c313 f   sv_game.obj
 0001:0002b972       _SV_FindIndex              0042c972 f   sv_init.obj
 0001:0002ba39       _SV_ModelIndex             0042ca39 f   sv_init.obj
 0001:0002ba4f       _SV_SoundIndex             0042ca4f f   sv_init.obj
 0001:0002ba68       _SV_ImageIndex             0042ca68 f   sv_init.obj
 0001:0002ba81       _SV_CreateBaseline         0042ca81 f   sv_init.obj
 0001:0002bae4       _SV_CheckForSavegame       0042cae4 f   sv_init.obj
 0001:0002bb84       _SV_SpawnServer            0042cb84 f   sv_init.obj
 0001:0002be01       _SV_InitGame               0042ce01 f   sv_init.obj
 0001:0002bff9       _SV_Map                    0042cff9 f   sv_init.obj
 0001:0002c1f0       _SV_DropClient             0042d1f0 f   sv_main.obj
 0001:0002c244       _SV_StatusString           0042d244 f   sv_main.obj
 0001:0002c32b       _SVC_Status                0042d32b f   sv_main.obj
 0001:0002c354       _SVC_Info                  0042d354 f   sv_main.obj
 0001:0002c40a       _SVC_GetChallenge          0042d40a f   sv_main.obj
 0001:0002c4d5       _SVC_DirectConnect         0042d4d5 f   sv_main.obj
 0001:0002c9b2       _Rcon_Validate             0042d9b2 f   sv_main.obj
 0001:0002c9e3       _SVC_RemoteCommand         0042d9e3 f   sv_main.obj
 0001:0002cacf       _SV_ConnectionlessPacket   0042dacf f   sv_main.obj
 0001:0002cc2b       _SV_CalcPings              0042dc2b f   sv_main.obj
 0001:0002ccb2       _SV_GiveMsec               0042dcb2 f   sv_main.obj
 0001:0002ccf1       _SV_ReadPackets            0042dcf1 f   sv_main.obj
 0001:0002ce22       _SV_CheckTimeouts          0042de22 f   sv_main.obj
 0001:0002cede       _SV_PrepWorldFrame         0042dede f   sv_main.obj
 0001:0002cf04       _SV_RunGameFrame           0042df04 f   sv_main.obj
 0001:0002cf8d       _SV_PostprocessFrame       0042df8d f   sv_main.obj
 0001:0002d3ad       _SV_Frame                  0042e3ad f   sv_main.obj
 0001:0002d467       _Master_Heartbeat          0042e467 f   sv_main.obj
 0001:0002d51e       _Master_Shutdown           0042e51e f   sv_main.obj
 0001:0002d59c       _SV_UserinfoChanged        0042e59c f   sv_main.obj
 0001:0002d664       _SV_Init                   0042e664 f   sv_main.obj
 0001:0002d6c7       _SV_FinalMessage           0042e6c7 f   sv_main.obj
 0001:0002d78e       _SV_Shutdown               0042e78e f   sv_main.obj
 0001:0002d825       _SV_FlushRedirect          0042e825 f   sv_send.obj
 0001:0002d897       _SV_ClientPrintf           0042e897 f   sv_send.obj
 0001:0002d8ed       _SV_BroadcastPrintf        0042e8ed f   sv_send.obj
 0001:0002d9be       _SV_BroadcastCommand       0042e9be f   sv_send.obj
 0001:0002da10       _SV_Multicast              0042ea10 f   sv_send.obj
 0001:0002dbbb       _SV_MulticastOld           0042ebbb f   sv_send.obj
 0001:0002dbce       _SV_StartSound             0042ebce f   sv_send.obj
 0001:0002de28       _SV_StartSoundOld          0042ee28 f   sv_send.obj
 0001:0002de58       _SV_StartSoundNew          0042ee58 f   sv_send.obj
 0001:0002de88       _SV_SendClientDatagram     0042ee88 f   sv_send.obj
 0001:0002df5c       _SV_DemoCompleted          0042ef5c f   sv_send.obj
 0001:0002df78       _SV_RateDrop               0042ef78 f   sv_send.obj
 0001:0002dfc3       _SV_SendClientMessages     0042efc3 f   sv_send.obj
 0001:0002e120       _SV_BeginDemoserver        0042f120 f   sv_user.obj
 0001:0002e170       _SV_New_f                  0042f170 f   sv_user.obj
 0001:0002e2e5       _SV_Configstrings_f        0042f2e5 f   sv_user.obj
 0001:0002e432       _SV_Baselines_f            0042f432 f   sv_user.obj
 0001:0002e59a       _SV_Begin_f                0042f59a f   sv_user.obj
 0001:0002e5f7       _SV_NextDownload_f         0042f5f7 f   sv_user.obj
 0001:0002e6cb       _SV_BeginDownload_f        0042f6cb f   sv_user.obj
 0001:0002e902       _SV_Disconnect_f           0042f902 f   sv_user.obj
 0001:0002e90f       _SV_ShowServerinfo_f       0042f90f f   sv_user.obj
 0001:0002e91c       _SV_Nextserver             0042f91c f   sv_user.obj
 0001:0002e97b       _SV_Nextserver_f           0042f97b f   sv_user.obj
 0001:0002e9c2       _SV_ExecuteUserCommand     0042f9c2 f   sv_user.obj
 0001:0002ea2f       _SV_ClientThink            0042fa2f f   sv_user.obj
 0001:0002ea72       _SV_ExecuteClientMessage   0042fa72 f   sv_user.obj
 0001:0002eca0       _SV_CreateAreaNode         0042fca0 f   sv_world.obj
 0001:0002eda7       _SV_ClearWorld             0042fda7 f   sv_world.obj
 0001:0002edd4       _SV_UnlinkEdict            0042fdd4 f   sv_world.obj
 0001:0002edf9       _SV_LinkEdict              0042fdf9 f   sv_world.obj
 0001:0002f235       _SV_AreaEdicts_r           00430235 f   sv_world.obj
 0001:0002f342       _SV_AreaEdicts             00430342 f   sv_world.obj
 0001:0002f386       _SV_PointContents          00430386 f   sv_world.obj
 0001:0002f428       _SV_HullForEntity          00430428 f   sv_world.obj
 0001:0002f46b       _SV_ClipMoveToEntities     0043046b f   sv_world.obj
 0001:0002f5ea       _SV_TraceBounds            004305ea f   sv_world.obj
 0001:0002f662       _SV_Trace                  00430662 f   sv_world.obj
 0001:0002f74d       _Sys_Error                 0043074d f   sys_win.obj
 0001:0002f7aa       _Sys_Quit                  004307aa f   sys_win.obj
 0001:0002f7ea       _Sys_ScanForCD             004307ea f   sys_win.obj
 0001:0002f8a0       _Sys_Init                  004308a0 f   sys_win.obj
 0001:0002fcbf       _Sys_ConsoleInput          00430cbf f   sys_win.obj
 0001:0002fe1f       _Sys_ConsoleOutput         00430e1f f   sys_win.obj
 0001:0002fed0       _Sys_SendKeyEvents         00430ed0 f   sys_win.obj
 0001:0002ff39       _Sys_GetClipboardData      00430f39 f   sys_win.obj
 0001:0002ff92       _Sys_AppActivate           00430f92 f   sys_win.obj
 0001:0002ffad       _Sys_UnloadGame            00430fad f   sys_win.obj
 0001:0002ffd2       _Sys_GetGameAPI            00430fd2 f   sys_win.obj
 0001:000300bf       _ParseCommandLine          004310bf f   sys_win.obj
 0001:00030134       _WinMain@16                00431134 f   sys_win.obj
 0001:00030259       _AppActivate               00431259 f   vid_dll.obj
 0001:0003038e       _MainWndProc@16            0043138e f   vid_dll.obj
 0001:00030778       _Vid_GetModeInfo           00431778 f   vid_dll.obj
 0001:000307a7       _Vid_UpdateWindowPosAndSize 004317a7 f   vid_dll.obj
 0001:0003080e       _Vid_NewWindow             0043180e f   vid_dll.obj
 0001:0003082b       _Vid_FreeReflib            0043182b f   vid_dll.obj
 0001:0003086c       _Vid_LoadRefresh           0043186c f   vid_dll.obj
 0001:00030a08       _Vid_CheckChanges          00431a08 f   vid_dll.obj
 0001:00030b65       _Vid_Init                  00431b65 f   vid_dll.obj
 0001:00030bcc       _Vid_Shutdown              00431bcc f   vid_dll.obj
 0001:00030bf2       _Vid_MenuInit              00431bf2 f   vid_menu.obj
 0001:0003132d       _Vid_MenuDraw              0043232d f   vid_menu.obj
 0001:000313c1       _Vid_MenuKey               004323c1 f   vid_menu.obj
 0001:0003176e       _GL_ClearBuffers           0043276e f   gl_backend.obj
 0001:0003177d       _GL_ClearPortal            0043277d f   gl_backend.obj
 0001:00031799       _GL_AddSurfaceToPortal     00432799 f   gl_backend.obj
 0001:000317ea       _GL_InsertShaderIndex      004327ea f   gl_backend.obj
 0001:0003183a       _GL_FinishPortal           0043283a f   gl_backend.obj
 0001:0003188f       _GL_BackEnd                0043288f f   gl_backend.obj
 0001:00033f05       _GL_InitBackend            00434f05 f   gl_backend.obj
 0001:00034111       _GL_ShutdownBackend        00435111 f   gl_backend.obj
 0001:0003415e       _GL_Bind                   0043515e f   gl_image.obj
 0001:000341f5       _GL_SelectTexture          004351f5 f   gl_image.obj
 0001:00034246       _GL_CullFace               00435246 f   gl_image.obj
 0001:00034289       _GL_TexEnv                 00435289 f   gl_image.obj
 0001:000342ec       _GL_State                  004352ec f   gl_image.obj
 0001:00034459       _GL_TextureMode            00435459 f   gl_image.obj
 0001:0003450d       _GL_CreateImage            0043550d f   gl_image.obj
 0001:00034fec       _GL_SetRawPalette          00435fec f   gl_image.obj
 0001:0003501d       _GL_DrawStretchRaw         0043601d f   gl_image.obj
 0001:000352d0       _GL_SetupGamma             004362d0 f   gl_image.obj
 0001:0003546e       _GL_InitImages             0043646e f   gl_image.obj
 0001:00035c4a       _GL_ShutdownImages         00436c4a f   gl_image.obj
 0001:00035cd1       _GL_ShowImages             00436cd1 f   gl_image.obj
 0001:00035e8f       _GL_FindImage              00436e8f f   gl_image.obj
 0001:00036156       _GL_SetMode                00437156 f   gl_main.obj
 0001:00036233       _GL_SetDefaultState        00437233 f   gl_main.obj
 0001:0003633d       _GL_Set2DMode              0043733d f   gl_main.obj
 0001:0003640d       _GL_SetColorB              0043740d f   gl_main.obj
 0001:00036459       _GL_DrawStretchPic         00437459 f   gl_main.obj
 0001:00036520       _FindPic                   00437520 f   gl_main.obj
 0001:00036568       _DrawTextPos               00437568 f   gl_main.obj
 0001:00036637       _DrawTextLeft              00437637 f   gl_main.obj
 0001:00036673       _DrawTextRight             00437673 f   gl_main.obj
 0001:000366c4       _GL_GetRefAPI              004376c4 f   gl_main.obj
 0001:00037a88       _GL_FindModel              00438a88 f   gl_model.obj
 0001:00037b8a       _GL_UpdateDynamicLightmap  00438b8a f   gl_model.obj
 0001:00037fc2       _GL_LoadWorldMap           00438fc2 f   gl_model.obj
 0001:00039c13       _GL_PointInLeaf            0043ac13 f   gl_model.obj
 0001:0003a25a       _GL_FindSkin               0043b25a f   gl_model.obj
 0001:0003a26b       _GL_ResetModels            0043b26b f   gl_model.obj
 0001:0003a327       _GL_InitModels             0043b327 f   gl_model.obj
 0001:0003a394       _GL_ShutdownModels         0043b394 f   gl_model.obj
 0001:0003a3b0       _GL_InitShaders            0043b3b0 f   gl_shader.obj
 0001:0003a4e1       _GL_ShutdownShaders        0043b4e1 f   gl_shader.obj
 0001:0003a50b       _GL_ResetShaders           0043b50b f   gl_shader.obj
 0001:0003a5d4       _GL_SetShaderLightmap      0043b5d4 f   gl_shader.obj
 0001:0003a8a0       _GL_GetAlphaShader         0043b8a0 f   gl_shader.obj
 0001:0003ab17       _GL_FindShader             0043bb17 f   gl_shader.obj
 0001:0003afc1       _GL_GetShaderByNum         0043bfc1 f   gl_shader.obj
 0001:0003afdf       _GL_DrawWorld              0043bfdf f   gl_world.obj
 0001:0003b62c       _GL_DrawEntities           0043c62c f   gl_world.obj
 0001:0003bc13       _GL_AddEntity              0043cc13 f   gl_world.obj
 0001:0003be17       _GL_CreateWindow           0043ce17 f   glw_imp.obj
 0001:0003bf68       _GLimp_SetMode             0043cf68 f   glw_imp.obj
 0001:0003c1df       _GLimp_HasGamma            0043d1df f   glw_imp.obj
 0001:0003c1f4       _GLimp_SetGamma            0043d1f4 f   glw_imp.obj
 0001:0003c2e3       _GLimp_Shutdown            0043d2e3 f   glw_imp.obj
 0001:0003c405       _GLimp_Init                0043d405 f   glw_imp.obj
 0001:0003c4cc       _GLimp_InitGL              0043d4cc f   glw_imp.obj
 0001:0003c752       _GLimp_EndFrame            0043d752 f   glw_imp.obj
 0001:0003c7bc       _GLimp_AppActivate         0043d7bc f   glw_imp.obj
 0001:0003deae       _QGL_Shutdown              0043eeae f   qgl_win.obj
 0001:0003ded4       _QGL_Init                  0043eed4 f   qgl_win.obj
 0001:0003df58       _QGL_InitExtensions        0043ef58 f   qgl_win.obj
 0001:0003e153       _GLimp_EnableLogging       0043f153 f   qgl_win.obj
 0001:0003e21e       _GLimp_LogMessage          0043f21e f   qgl_win.obj
 0001:0003e235       _Hunk_Begin                0043f235 f   q_shwin.obj
 0001:0003e26f       _Hunk_Alloc                0043f26f f   q_shwin.obj
 0001:0003e2f6       _Hunk_End                  0043f2f6 f   q_shwin.obj
 0001:0003e2fc       _Hunk_Free                 0043f2fc f   q_shwin.obj
 0001:0003e315       _Sys_Milliseconds          0043f315 f   q_shwin.obj
 0001:0003e349       _Sys_Mkdir                 0043f349 f   q_shwin.obj
 0001:0003e355       _Sys_FindFirst             0043f355 f   q_shwin.obj
 0001:0003e476       _Sys_FindNext              0043f476 f   q_shwin.obj
 0001:0003e4e8       _Sys_FindClose             0043f4e8 f   q_shwin.obj
 0001:0003e502       _R_Alias_clip_z            0043f502 f   r_aclip.obj
 0001:0003e5af       _R_Alias_clip_left         0043f5af f   r_aclip.obj
 0001:0003e77d       _R_Alias_clip_right        0043f77d f   r_aclip.obj
 0001:0003e94b       _R_Alias_clip_top          0043f94b f   r_aclip.obj
 0001:0003eb1b       _R_Alias_clip_bottom       0043fb1b f   r_aclip.obj
 0001:0003eceb       _R_AliasClip               0043fceb f   r_aclip.obj
 0001:0003edbb       _R_AliasClipTriangle       0043fdbb f   r_aclip.obj
 0001:0003efad       _R_AliasCheckFrameBBox     0043ffad f   r_alias.obj
 0001:0003f0e0       _R_AliasCheckBBox          004400e0 f   r_alias.obj
 0001:0003f144       _R_AliasTransformVector    00440144 f   r_alias.obj
 0001:0003f1a0       _R_AliasPreparePoints      004401a0 f   r_alias.obj
 0001:0003f438       _R_AliasSetUpTransform     00440438 f   r_alias.obj
 0001:0003f5f4       _R_AliasTransformFinalVerts 004405f4 f   r_alias.obj
 0001:0003f7c5       _R_AliasProjectAndClipTestFinalVert 004407c5 f   r_alias.obj
 0001:0003f84d       _R_AliasSetupLighting      0044084d f   r_alias.obj
 0001:0003f9bf       _R_AliasSetupFrames        004409bf f   r_alias.obj
 0001:0003fa33       _R_AliasSetUpLerpData      00440a33 f   r_alias.obj
 0001:0003fb5b       _R_AliasDrawModel          00440b5b f   r_alias.obj
 0001:0003fde2       _R_EntityRotate            00440de2 f   r_bsp.obj
 0001:0003fe51       _R_RotateBmodel            00440e51 f   r_bsp.obj
 0001:0003ffac       _R_RecursiveClipBPoly      00440fac f   r_bsp.obj
 0001:000402dc       _R_DrawSolidClippedSubmodelPolygons 004412dc f   r_bsp.obj
 0001:00040463       _R_DrawSubmodelPolygons    00441463 f   r_bsp.obj
 0001:000404f3       _R_RecursiveWorldNode      004414f3 f   r_bsp.obj
 0001:0004074e       _R_RenderWorld             0044174e f   r_bsp.obj
 0001:000407c9       _Draw_FindPic              004417c9 f   r_draw.obj
 0001:0004080c       _Draw_InitLocal            0044180c f   r_draw.obj
 0001:0004081d       _Draw_Char                 0044181d f   r_draw.obj
 0001:000408fe       _Draw_CharColor            004418fe f   r_draw.obj
 0001:00040a0d       _R_DrawTexts               00441a0d f   r_draw.obj
 0001:00040a83       _DrawText_Pos              00441a83 f   r_draw.obj
 0001:00040b8f       _DrawText_Left             00441b8f f   r_draw.obj
 0001:00040bcb       _DrawText_Right            00441bcb f   r_draw.obj
 0001:00040c1a       _Draw_GetPicSize           00441c1a f   r_draw.obj
 0001:00040c5a       _Draw_StretchPicImplementation 00441c5a f   r_draw.obj
 0001:00040d84       _Draw_StretchPic           00441d84 f   r_draw.obj
 0001:00040dbc       _Draw_StretchRaw           00441dbc f   r_draw.obj
 0001:00040dee       _Draw_Pic                  00441dee f   r_draw.obj
 0001:00040fa7       _Draw_PicColor             00441fa7 f   r_draw.obj
 0001:00041160       _Draw_TileClear            00442160 f   r_draw.obj
 0001:00041230       _Draw_Fill                 00442230 f   r_draw.obj
 0001:000412cc       _Draw_FadeScreen           004422cc f   r_draw.obj
 0001:00041319       _R_BeginEdgeFrame          00442319 f   r_edge.obj
 0001:000413d5       _R_InsertNewEdges          004423d5 f   r_edge.obj
 0001:0004141b       _R_RemoveEdges             0044241b f   r_edge.obj
 0001:00041439       _R_StepActiveU             00442439 f   r_edge.obj
 0001:000414cd       _R_CleanupSpan             004424cd f   r_edge.obj
 0001:0004151d       _R_LeadingEdgeBackwards    0044251d f   r_edge.obj
 0001:000415b2       _R_TrailingEdge            004425b2 f   r_edge.obj
 0001:00041616       _R_LeadingEdge             00442616 f   r_edge.obj
 0001:000417b9       _R_GenerateSpans           004427b9 f   r_edge.obj
 0001:00041827       _R_GenerateSpansBackward   00442827 f   r_edge.obj
 0001:00041895       _R_ScanEdges               00442895 f   r_edge.obj
 0001:00041a6c       _D_FlatFillSurface         00442a6c f   r_edge.obj
 0001:00041ac6       _D_CalcGradients           00442ac6 f   r_edge.obj
 0001:00041cdd       _D_BackgroundSurf          00442cdd f   r_edge.obj
 0001:00041d1d       _D_TurbulentSurf           00442d1d f   r_edge.obj
 0001:00041e76       _D_SkySurf                 00442e76 f   r_edge.obj
 0001:00041ef7       _D_SolidSurf               00442ef7 f   r_edge.obj
 0001:00042099       _D_DrawflatSurfaces        00443099 f   r_edge.obj
 0001:000420e9       _D_DrawSurfaces            004430e9 f   r_edge.obj
 0001:000421f6       _R_ImageList_f             004431f6 f   r_image.obj
 0001:000422b7       _R_FindFreeImage           004432b7 f   r_image.obj
 0001:00042305       _R_LoadPic                 00443305 f   r_image.obj
 0001:00042395       _R_LoadTex                 00443395 f   r_image.obj
 0001:00042421       _R_LoadWal                 00443421 f   r_image.obj
 0001:00042477       _R_MipMap                  00443477 f   r_image.obj
 0001:000425a5       _R_DownsampleImage         004435a5 f   r_image.obj
 0001:000426aa       _R_FindImage               004436aa f   r_image.obj
 0001:00042a4f       _R_RegisterSkin            00443a4f f   r_image.obj
 0001:00042a5d       _R_FreeUnusedImages        00443a5d f   r_image.obj
 0001:00042abd       _R_InitImages              00443abd f   r_image.obj
 0001:00042b23       _R_ShutdownImages          00443b23 f   r_image.obj
 0001:00042b60       _R_MarkLights              00443b60 f   r_light.obj
 0001:00042c2f       _R_PushDlights             00443c2f f   r_light.obj
 0001:00042c84       _RecursiveLightPoint       00443c84 f   r_light.obj
 0001:00042f2d       _R_LightPoint              00443f2d f   r_light.obj
 0001:00043062       _R_AddDynamicLights        00444062 f   r_light.obj
 0001:000432e8       _R_BuildLightMap           004442e8 f   r_light.obj
 0001:000433de       _R_InitTextures            004443de f   r_main.obj
 0001:0004349f       _R_InitTurb                0044449f f   r_main.obj
 0001:0004351c       _R_Register                0044451c f   r_main.obj
 0001:00043593       _R_UnRegister              00444593 f   r_main.obj
 0001:000435b7       _R_Init                    004445b7 f   r_main.obj
 0001:00043652       _R_Shutdown                00444652 f   r_main.obj
 0001:000436b5       _R_NewMap                  004446b5 f   r_main.obj
 0001:0004375f       _R_MarkLeaves              0044475f f   r_main.obj
 0001:00043886       _R_DrawEntitiesOnList      00444886 f   r_main.obj
 0001:00043aae       _R_BmodelCheckBBox         00444aae f   r_main.obj
 0001:00043b60       _R_FindTopnode             00444b60 f   r_main.obj
 0001:00043be8       _RotatedBBox               00444be8 f   r_main.obj
 0001:00043d56       _R_DrawBEntitiesOnList     00444d56 f   r_main.obj
 0001:00043fa3       _R_EdgeDrawing             00444fa3 f   r_main.obj
 0001:00044078       _R_CalcPalette             00445078 f   r_main.obj
 0001:0004417d       _R_SetLightLevel           0044517d f   r_main.obj
 0001:000441cb       _R_RenderFrame             004451cb f   r_main.obj
 0001:000443b3       _R_InitGraphics            004453b3 f   r_main.obj
 0001:00044429       _R_BeginFrame              00445429 f   r_main.obj
 0001:0004454c       _R_GammaCorrectAndSetPalette 0044554c f   r_main.obj
 0001:000445ab       _R_CinematicSetPalette     004455ab f   r_main.obj
 0001:00044642       _Draw_BuildGammaTable      00445642 f   r_main.obj
 0001:000446ed       _R_DrawBeam                004456ed f   r_main.obj
 0001:00044853       _R_SetSky                  00445853 f   r_main.obj
 0001:000448db       _Draw_GetPalette           004458db f   r_main.obj
 0001:00044a23       _D_DrawTextSide            00445a23 f   r_main.obj
 0001:00044a23       _D_Draw_StretchRaw         00445a23 f   r_main.obj
 0001:00044a23       _D_R_RenderFrame           00445a23 f   r_main.obj
 0001:00044a23       _D_Draw_PicColor           00445a23 f   r_main.obj
 0001:00044a23       _Qcommon_Shutdown          00445a23 f   r_main.obj
 0001:00044a23       _D_Draw_FadeScreen         00445a23 f   r_main.obj
 0001:00044a23       _D_Draw_Fill               00445a23 f   r_main.obj
 0001:00044a23       _D_DrawTextPos             00445a23 f   r_main.obj
 0001:00044a23       _D_R_EndRegistration       00445a23 f   r_main.obj
 0001:00044a23       _D_R_SetPalette            00445a23 f   r_main.obj
 0001:00044a23       _D_R_SetSky                00445a23 f   r_main.obj
 0001:00044a23       _R_SurfacePatch            00445a23 f   r_main.obj
 0001:00044a23       _D_Draw_StretchPic         00445a23 f   r_main.obj
 0001:00044a23       _jpeg_mem_term             00445a23 f   r_main.obj
 0001:00044a23       _D_R_BeginRegistration     00445a23 f   r_main.obj
 0001:00044a23       __setargv                  00445a23 f   r_main.obj
 0001:00044a23       _D_Draw_TileClear          00445a23 f   r_main.obj
 0001:00044a23       _D_Draw_CharColor          00445a23 f   r_main.obj
 0001:00044a24       __matherr                  00445a24 f   r_main.obj
 0001:00044a24       _D_R_RegisterSkin          00445a24 f   r_main.obj
 0001:00044a24       _D_R_RegisterModel         00445a24 f   r_main.obj
 0001:00044a24       _D_Draw_FindPic            00445a24 f   r_main.obj
 0001:00044a27       _D_Draw_GetPicSize         00445a27 f   r_main.obj
 0001:00044a3e       _Draw_ConCharColor         00445a3e f   r_main.obj
 0001:00044a5f       _GetRefAPI                 00445a5f f   r_main.obj
 0001:00044c5e       _D_ViewChanged             00445c5e f   r_misc.obj
 0001:00044dba       _R_PrintTimes              00445dba f   r_misc.obj
 0001:00044e34       _R_PrintDSpeeds            00445e34 f   r_misc.obj
 0001:00044efb       _R_PrintAliasStats         00445efb f   r_misc.obj
 0001:00044f0e       _R_TransformFrustum        00445f0e f   r_misc.obj
 0001:00044fcd       _TransformVector           00445fcd f   r_misc.obj
 0001:00045038       _R_SetUpFrustumIndexes     00446038 f   r_misc.obj
 0001:0004509d       _R_ViewChanged             0044609d f   r_misc.obj
 0001:000453ac       _R_SetupFrame              004463ac f   r_misc.obj
 0001:000455db       _WritePCXfile              004465db f   r_misc.obj
 0001:000456fd       _R_ScreenShot_f            004466fd f   r_misc.obj
 0001:0004581d       _Mod_Modellist_f           0044681d f   r_model.obj
 0001:0004587b       _Mod_Init                  0044687b f   r_model.obj
 0001:00045893       _Mod_ForName               00446893 f   r_model.obj
 0001:00045acb       _Mod_PointInLeaf           00446acb f   r_model.obj
 0001:00045b2d       _Mod_DecompressVis         00446b2d f   r_model.obj
 0001:00045bad       _Mod_ClusterPVS            00446bad f   r_model.obj
 0001:00045bda       _Mod_LoadLighting          00446bda f   r_model.obj
 0001:00045c59       _R_NumberLeafs             00446c59 f   r_model.obj
 0001:00045ca7       _Mod_LoadVertexes          00446ca7 f   r_model.obj
 0001:00045ce9       _Mod_LoadEdges             00446ce9 f   r_model.obj
 0001:00045d37       _Mod_LoadTexinfo           00446d37 f   r_model.obj
 0001:00045e9f       _CalcSurfaceExtents        00446e9f f   r_model.obj
 0001:0004600a       _Mod_LoadFaces             0044700a f   r_model.obj
 0001:00046171       _Mod_SetParent             00447171 f   r_model.obj
 0001:00046196       _Mod_LoadNodes             00447196 f   r_model.obj
 0001:0004628c       _Mod_LoadLeafs             0044728c f   r_model.obj
 0001:00046335       _Mod_LoadMarksurfaces      00447335 f   r_model.obj
 0001:000463b1       _Mod_LoadSurfedges         004473b1 f   r_model.obj
 0001:000463f0       _Mod_LoadPlanes            004473f0 f   r_model.obj
 0001:00046458       _Mod_LoadBrushModel        00447458 f   r_model.obj
 0001:0004666b       _Mod_LoadAliasModel        0044766b f   r_model.obj
 0001:000468e6       _Mod_LoadSpriteModel       004478e6 f   r_model.obj
 0001:000469cd       _R_BeginRegistration       004479cd f   r_model.obj
 0001:00046a5d       _R_RegisterModel           00447a5d f   r_model.obj
 0001:00046b55       _R_EndRegistration         00447b55 f   r_model.obj
 0001:00046bc0       _Mod_FreeAll               00447bc0 f   r_model.obj
 0001:00046c05       _R_DrawParticle            00447c05 f   r_part.obj
 0001:00046e81       _R_DrawParticles           00447e81 f   r_part.obj
 0001:00046f46       _R_DrawSpanletOpaque       00447f46 f   r_poly.obj
 0001:00046fd6       _R_DrawSpanletTurbulentStipple33 00447fd6 f   r_poly.obj
 0001:00047101       _R_DrawSpanletTurbulentStipple66 00448101 f   r_poly.obj
 0001:000472e2       _R_DrawSpanletTurbulentBlended66 004482e2 f   r_poly.obj
 0001:00047397       _R_DrawSpanletTurbulentBlended33 00448397 f   r_poly.obj
 0001:0004744c       _R_DrawSpanlet33           0044844c f   r_poly.obj
 0001:000474e6       _R_DrawSpanletConstant33   004484e6 f   r_poly.obj
 0001:0004753f       _R_DrawSpanlet66           0044853f f   r_poly.obj
 0001:000475dd       _R_DrawSpanlet33Stipple    004485dd f   r_poly.obj
 0001:000476f8       _R_DrawSpanlet66Stipple    004486f8 f   r_poly.obj
 0001:00047889       _R_ClipPolyFace            00448889 f   r_poly.obj
 0001:000479fa       _R_PolygonDrawSpans        004489fa f   r_poly.obj
 0001:00047d82       _R_PolygonScanLeftEdge     00448d82 f   r_poly.obj
 0001:00047eb6       _R_PolygonScanRightEdge    00448eb6 f   r_poly.obj
 0001:000480a6       _R_ClipAndDrawPoly         004490a6 f   r_poly.obj
 0001:000482a8       _R_BuildPolygonFromSurface 004492a8 f   r_poly.obj
 0001:000484ea       _R_PolygonCalculateGradients 004494ea f   r_poly.obj
 0001:000487a3       _R_DrawAlphaSurfaces       004497a3 f   r_poly.obj
 0001:00048839       _R_IMFlatShadedQuad        00449839 f   r_poly.obj
 0001:000489b4       _R_InitAdivtab             004499b4 f   r_polyse.obj
 0001:00048a1f       _R_PolysetUpdateTables     00449a1f f   r_polyse.obj
 0001:00048a5a       _R_DrawTriangle            00449a5a f   r_polyse.obj
 0001:00048b6b       _R_PolysetScanLeftEdge_C   00449b6b f   r_polyse.obj
 0001:00048d35       _FloorDivMod               00449d35 f   r_polyse.obj
 0001:00048dd1       _R_PolysetSetUpForLineScan 00449dd1 f   r_polyse.obj
 0001:00048e5f       _R_PolysetCalcGradients    00449e5f f   r_polyse.obj
 0001:0004906a       _R_PolysetDrawSpans8_33    0044a06a f   r_polyse.obj
 0001:0004919a       _R_PolysetDrawSpansConstant8_33 0044a19a f   r_polyse.obj
 0001:00049234       _R_PolysetDrawSpans8_66    0044a234 f   r_polyse.obj
 0001:00049370       _R_PolysetDrawSpansConstant8_66 0044a370 f   r_polyse.obj
 0001:00049418       _R_PolysetDrawSpans8_Opaque 0044a418 f   r_polyse.obj
 0001:00049563       _R_RasterizeAliasPolySmooth 0044a563 f   r_polyse.obj
 0001:00049b43       _R_PolysetSetEdgeTable     0044ab43 f   r_polyse.obj
 0001:00049bde       _R_InitSkyBox              0044abde f   r_rast.obj
 0001:00049e65       _R_EmitSkyBox              0044ae65 f   r_rast.obj
 0001:00049f78       _R_EmitEdge                0044af78 f   r_rast.obj
 0001:0004a34c       _R_ClipEdge                0044b34c f   r_rast.obj
 0001:0004a4fa       _R_EmitCachedEdge          0044b4fa f   r_rast.obj
 0001:0004a551       _R_RenderFace              0044b551 f   r_rast.obj
 0001:0004a918       _R_RenderBmodelFace        0044b918 f   r_rast.obj
 0001:0004ab81       _D_WarpScreen              0044bb81 f   r_scan.obj
 0001:0004ad29       _D_DrawTurbulent8Span      0044bd29 f   r_scan.obj
 0001:0004adad       _Turbulent8                0044bdad f   r_scan.obj
 0001:0004b081       _NonTurbulent8             0044c081 f   r_scan.obj
 0001:0004b33f       _D_DrawSpans16             0044c33f f   r_scan.obj
 0001:0004b5d9       _D_DrawZSpans              0044c5d9 f   r_scan.obj
 0001:0004b696       _R_DrawSprite              0044c696 f   r_sprite.obj
 0001:0004b964       _R_TextureAnimation        0044c964 f   r_surf.obj
 0001:0004b988       _R_DrawSurface             0044c988 f   r_surf.obj
 0001:0004baed       _R_DrawSurfaceBlock8_mip0  0044caed f   r_surf.obj
 0001:0004bbec       _R_DrawSurfaceBlock8_mip1  0044cbec f   r_surf.obj
 0001:0004bceb       _R_DrawSurfaceBlock8_mip2  0044cceb f   r_surf.obj
 0001:0004bdea       _R_DrawSurfaceBlock8_mip3  0044cdea f   r_surf.obj
 0001:0004bee6       _R_InitCaches              0044cee6 f   r_surf.obj
 0001:0004bf67       _D_FlushCaches             0044cf67 f   r_surf.obj
 0001:0004bfac       _D_SCAlloc                 0044cfac f   r_surf.obj
 0001:0004c140       _D_CacheSurface            0044d140 f   r_surf.obj
 0001:0004c2d7       _DDRAW_Init                0044d2d7 f   rw_ddraw.obj
 0001:0004c6e7       _DDRAW_SetPalette          0044d6e7 f   rw_ddraw.obj
 0001:0004c750       _DDRAW_Shutdown            0044d750 f   rw_ddraw.obj
 0001:0004cd9b       _DIB_Init                  0044dd9b f   rw_dib.obj
 0001:0004cf80       _DIB_SetPalette            0044df80 f   rw_dib.obj
 0001:0004d144       _DIB_Shutdown              0044e144 f   rw_dib.obj
 0001:0004d23d       _Vid_CreateWindow          0044e23d f   rw_imp.obj
 0001:0004d372       _SWimp_Init                0044e372 f   rw_imp.obj
 0001:0004d388       _SWimp_EndFrame            0044e388 f   rw_imp.obj
 0001:0004d4f4       _SWimp_SetMode             0044e4f4 f   rw_imp.obj
[...]
 0001:00031a0a       _RB_EndSurface             00432a0a f   gl_backend.obj
 0001:00031a47       _SwitchVertexArray         00432a47 f   gl_backend.obj
 0001:00031a90       _GenericStageIterator      00432a90 f   gl_backend.obj
 0001:00031d15       _ProcessShaderDeforms      00432d15 f   gl_backend.obj
 0001:00031dfc       _GenerateTexCoordArray     00432dfc f   gl_backend.obj
 0001:00032099       _BindStageImage            00433099 f   gl_backend.obj
 0001:000320c9       _SetupColorArrays          004330c9 f   gl_backend.obj
 0001:00032133       _GenerateColorArray        00433133 f   gl_backend.obj
 0001:0003237b       _RB_DrawScene              0043337b f   gl_backend.obj
 0001:000326d3       _SetCurrentShader          004336d3 f   gl_backend.obj
 0001:00032733       _ClearSkyBox               00433733 f   gl_backend.obj
 0001:00032769       _AddSkySurfaces            00433769 f   gl_backend.obj
 0001:00032811       _ClipSkyPolygon            00433811 f   gl_backend.obj
 0001:00032c61       _DrawSkyBox                00433c61 f   gl_backend.obj
 0001:0003308b       _MakeSkyVec                0043408b f   gl_backend.obj
 0001:0003317d       _CheckDynamicLightmap      0043417d f   gl_backend.obj
 0001:0003322f       _TesselatePlanarSurf       0043422f f   gl_backend.obj
 0001:0003332f       _RB_CheckOverflow          0043432f f   gl_backend.obj
 0001:00033389       _TesselateMd3Surf          00434389 f   gl_backend.obj
 0001:00033568       _SetupGL                   00434568 f   gl_backend.obj
 0001:0003369d       _SortSurfaces              0043469d f   gl_backend.obj
 0001:00033838       _DrawBBoxes                00434838 f   gl_backend.obj
 0001:00033a48       _FlashColor                00434a48 f   gl_backend.obj
 0001:00033ab2       _DrawTriangles             00434ab2 f   gl_backend.obj
 0001:00033c6c       _DrawFastSurfaces          00434c6c f   gl_backend.obj
 0001:00033dcf       _TesselateStretchPic       00434dcf f   gl_backend.obj
 0001:00033fd5       _InitFuncTables            00434fd5 f   gl_backend.obj
 0001:00031260       _DriverCallback            00432260 f   vid_menu.obj
 0001:000312b5       _ScreenSizeCallback        004322b5 f   vid_menu.obj
 0001:000312d5       _BrightnessCallback        004322d5 f   vid_menu.obj
 0001:00031312       _CancelChanges             00432312 f   vid_menu.obj
 0001:000314a1       _ApplyChanges              004324a1 f   vid_menu.obj
 0001:00030303       _WIN_DisableAltTab         00431303 f   vid_dll.obj
 0001:0003034f       _WIN_EnableAltTab          0043134f f   vid_dll.obj
 0001:0003069d       _MapKey                    0043169d f   vid_dll.obj
 0001:00030ba2       _Vid_Restart_f             00431ba2 f   vid_dll.obj
 0001:00030baf       _Vid_Front_f               00431baf f   vid_dll.obj
 0001:0002f96a       _ExceptionFilter@4         0043096a f   sys_win.obj
 0001:0002fbdc       _DumpReg4                  00430bdc f   sys_win.obj
 0001:0002fc74       _DumpMem                   00430c74 f   sys_win.obj
 0001:0002b4ce       _PF_Unicast                0042c4ce f   sv_game.obj
 0001:0002b53a       _PF_dprintf                0042c53a f   sv_game.obj
 0001:0002b56d       _PF_cprintf                0042c56d f   sv_game.obj
 0001:0002b604       _PF_centerprintf           0042c604 f   sv_game.obj
 0001:0002b66c       _PF_error                  0042c66c f   sv_game.obj
 0001:0002b6a1       _PF_setmodel               0042c6a1 f   sv_game.obj
 0001:0002b712       _PF_Configstring           0042c712 f   sv_game.obj
 0001:0002b792       _PF_WriteChar              0042c792 f   sv_game.obj
 0001:0002b792       _PF_WriteByte              0042c792 f   sv_game.obj
 0001:0002b7a3       _PF_WriteShort             0042c7a3 f   sv_game.obj
 0001:0002b7b4       _PF_WriteLong              0042c7b4 f   sv_game.obj
 0001:0002b7c5       _PF_WriteFloat             0042c7c5 f   sv_game.obj
 0001:0002b7da       _PF_WriteString            0042c7da f   sv_game.obj
 0001:0002b7eb       _PF_WritePos               0042c7eb f   sv_game.obj
 0001:0002b7fc       _PF_WriteDir               0042c7fc f   sv_game.obj
 0001:0002b80d       _PF_WriteAngle             0042c80d f   sv_game.obj
 0001:0002b822       _PF_inPVS                  0042c822 f   sv_game.obj
 0001:0002b89a       _PF_inPHS                  0042c89a f   sv_game.obj
 0001:0002b912       _PF_StartSound             0042c912 f   sv_game.obj
 0001:0002b945       _PF_TagMalloc              0042c945 f   sv_game.obj
 0001:0002b957       _PF_Cvar_Get               0042c957 f   sv_game.obj
 0001:00028b2b       _DS_DestroyBuffers         00429b2b f   snd_win.obj
 0001:00028d0f       _DS_CreateBuffers          00429d0f f   snd_win.obj
 0001:0002623f       _Menu_MakeVisible          0042723f f   qmenu.obj
 0001:000262c9       _Menu_CompletelyVisible    004272c9 f   qmenu.obj
 0001:00026371       _strlen_color              00427371 f   qmenu.obj
 0001:0002651f       _Action_Draw               0042751f f   qmenu.obj
 0001:0002659a       _Menu_ItemVisible          0042759a f   qmenu.obj
 0001:000265e3       _Menu_DrawStatusBar        004275e3 f   qmenu.obj
 0001:00026758       _MenuList_Draw             00427758 f   qmenu.obj
 0001:000267e0       _DrawCaption               004277e0 f   qmenu.obj
 0001:0002681f       _Separator_Draw            0042781f f   qmenu.obj
 0001:00026870       _Slider_DoSlide            00427870 f   qmenu.obj
 0001:000268a7       _Slider_Draw               004278a7 f   qmenu.obj
 0001:0002699a       _SpinControl_DoSlide       0042799a f   qmenu.obj
 0001:000269c9       _SpinControl_Draw          004279c9 f   qmenu.obj
 0001:00026aa4       _SpinControl2_DoSlide      00427aa4 f   qmenu.obj
 0001:00026ae5       _SpinControl2_Draw         00427ae5 f   qmenu.obj
 0001:0002339b       _StepSlideMove             0042439b f   pmove.obj
 0001:0002358a       _StepSlideMove_            0042458a f   pmove.obj
 0001:0002380c       _ClipVelocity              0042480c f   pmove.obj
 0001:00023875       _Friction                  00424875 f   pmove.obj
 0001:00023980       _WaterMove                 00424980 f   pmove.obj
 0001:00023a68       _Accelerate                00424a68 f   pmove.obj
 0001:00023ad4       _AddCurrents               00424ad4 f   pmove.obj
 0001:00023d63       _AirMove                   00424d63 f   pmove.obj
 0001:00023fbe       _AirAccelerate             00424fbe f   pmove.obj
 0001:00024044       _CatagorizePosition        00425044 f   pmove.obj
 0001:0002429a       _CheckJump                 0042529a f   pmove.obj
 0001:00024361       _CheckSpecialMovement      00425361 f   pmove.obj
 0001:000244c4       _FlyMove                   004254c4 f   pmove.obj
 0001:0002472a       _CheckDuck                 0042572a f   pmove.obj
 0001:0002485f       _DeadMove                  0042585f f   pmove.obj
 0001:000248cb       _SnapPosition              004258cb f   pmove.obj
 0001:00024a41       _GoodPosition              00425a41 f   pmove.obj
 0001:00024ab7       _InitialSnapPosition       00425ab7 f   pmove.obj
 0001:00024bd0       _ClampAngles               00425bd0 f   pmove.obj
 0001:00022ea4       _NET_ErrorString           00423ea4 f   net_wins.obj
 0001:0001d670       _Multiplayer_MenuDraw      0041e670 f   menu.obj
 0001:0001d693       _M_Banner                  0041e693 f   menu.obj
 0001:0001d6d5       _Multiplayer_MenuInit      0041e6d5 f   menu.obj
 0001:0001d7c3       _Multiplayer_MenuKey       0041e7c3 f   menu.obj
 0001:0001d7f4       _Keys_MenuInit             0041e7f4 f   menu.obj
 0001:0001d98e       _KeyCursorDrawFunc         0041e98e f   menu.obj
 0001:0001d9cf       _DrawKeyBindingFunc        0041e9cf f   menu.obj
 0001:0001daa7       _M_FindKeysForCommand      0041eaa7 f   menu.obj
 0001:0001daf7       _SeekLine                  0041eaf7 f   menu.obj
 0001:0001db1e       _AppendToken               0041eb1e f   menu.obj
 0001:0001db48       _Keys_MenuDraw             0041eb48 f   menu.obj
 0001:0001db61       _Keys_MenuKey              0041eb61 f   menu.obj
 0001:0001dc16       _M_UnbindCommand           0041ec16 f   menu.obj
 0001:0001dc62       _KeyBindingFunc            0041ec62 f   menu.obj
 0001:0001dcd4       _Options_MenuInit          0041ecd4 f   menu.obj
 0001:0001e132       _CrosshairFunc             0041f132 f   menu.obj
 0001:0001e156       _JoystickFunc              0041f156 f   menu.obj
 0001:0001e169       _CustomizeControlsFunc     0041f169 f   menu.obj
 0001:0001e16e       _AlwaysRunFunc             0041f16e f   menu.obj
 0001:0001e181       _FreeLookFunc              0041f181 f   menu.obj
 0001:0001e194       _MouseSpeedFunc            0041f194 f   menu.obj
 0001:0001e1b1       _ControlsSetMenuItemValues 0041f1b1 f   menu.obj
 0001:0001e34b       _ControlsResetDefaultsFunc 0041f34b f   menu.obj
 0001:0001e360       _InvertMouseFunc           0041f360 f   menu.obj
 0001:0001e37b       _LookspringFunc            0041f37b f   menu.obj
 0001:0001e397       _LookstrafeFunc            0041f397 f   menu.obj
 0001:0001e3b3       _UpdateVolumeFunc          0041f3b3 f   menu.obj
 0001:0001e3d0       _UpdateCDVolumeFunc        0041f3d0 f   menu.obj
 0001:0001e3e9       _ConsoleFunc               0041f3e9 f   menu.obj
 0001:0001e418       _UpdateSoundQualityFunc    0041f418 f   menu.obj
 0001:0001e4a1       _Options_ScanCrosshairs    0041f4a1 f   menu.obj
 0001:0001e4f4       _Options_MenuDraw          0041f4f4 f   menu.obj
 0001:0001e51c       _Options_CrosshairDraw     0041f51c f   menu.obj
 0001:0001e5a2       _Options_MenuKey           0041f5a2 f   menu.obj
 0001:0001e685       _M_Credits_MenuDraw        0041f685 f   menu.obj
 0001:0001e76d       _M_Credits_Key             0041f76d f   menu.obj
 0001:0001e7c9       _Game_MenuInit             0041f7c9 f   menu.obj
 0001:0001e976       _EasyGameFunc              0041f976 f   menu.obj
 0001:0001e98c       _StartGame                 0041f98c f   menu.obj
 0001:0001e9d1       _MediumGameFunc            0041f9d1 f   menu.obj
 0001:0001e9e7       _HardGameFunc              0041f9e7 f   menu.obj
 0001:0001e9fd       _Game_MenuDraw             0041f9fd f   menu.obj
 0001:0001ea20       _Game_MenuKey              0041fa20 f   menu.obj
 0001:0001ea51       _LoadGame_MenuInit         0041fa51 f   menu.obj
 0001:0001eae7       _Create_Savestrings        0041fae7 f   menu.obj
 0001:0001eb69       _LoadGameCallback          0041fb69 f   menu.obj
 0001:0001eb93       _LoadGame_MenuDraw         0041fb93 f   menu.obj
 0001:0001ebab       _LoadGame_MenuKey          0041fbab f   menu.obj
 0001:0001ec0b       _SaveGame_MenuDraw         0041fc0b f   menu.obj
 0001:0001ec2e       _SaveGame_MenuInit         0041fc2e f   menu.obj
 0001:0001ecb6       _SaveGameCallback          0041fcb6 f   menu.obj
 0001:0001ecd5       _SaveGame_MenuKey          0041fcd5 f   menu.obj
 0001:0001edb5       _JoinServer_MenuInit       0041fdb5 f   menu.obj
 0001:0001ef06       _JoinServerFunc            0041ff06 f   menu.obj
 0001:0001ef83       _SearchLocalGames          0041ff83 f   menu.obj
 0001:0001efef       _JoinServer_MenuDraw       0041ffef f   menu.obj
 0001:0001f007       _JoinServer_MenuKey        00420007 f   menu.obj
 0001:0001f038       _StartServer_MenuInit      00420038 f   menu.obj
 0001:0001f4e8       _DMOptionsFunc             004204e8 f   menu.obj
 0001:0001f4f7       _RulesChangeFunc           004204f7 f   menu.obj
 0001:0001f560       _StartServerActionFunc     00420560 f   menu.obj
 0001:0001f58c       _StartServerFunc           0042058c f   menu.obj
 0001:0001f7f7       _StartServer_MenuDraw      004207f7 f   menu.obj
 0001:0001f803       _StartServer_MenuKey       00420803 f   menu.obj
 0001:0001f862       _DMOptions_MenuInit        00420862 f   menu.obj
 0001:0001fdf2       _DMFlagCallback            00420df2 f   menu.obj
 0001:0001ffdd       _DMOptions_MenuDraw        00420fdd f   menu.obj
 0001:0001ffe9       _DMOptions_MenuKey         00420fe9 f   menu.obj
 0001:0002001a       _DownloadOptions_MenuInit  0042101a f   menu.obj
 0001:00020205       _DownloadCallback          00421205 f   menu.obj
 0001:00020264       _DownloadOptions_MenuDraw  00421264 f   menu.obj
 0001:00020270       _DownloadOptions_MenuKey   00421270 f   menu.obj
 0001:000202a1       _AddressBook_MenuInit      004212a1 f   menu.obj
 0001:00020360       _AddressBook_MenuKey       00421360 f   menu.obj
 0001:000203be       _AddressBook_MenuDraw      004213be f   menu.obj
 0001:000203d6       _M_Menu_PlayerConfig_f     004213d6 f   menu.obj
 0001:00020430       _PlayerConfig_MenuInit     00421430 f   menu.obj
 0001:00020859       _HandednessCallback        00421859 f   menu.obj
 0001:0002086c       _RateCallback              0042186c f   menu.obj
 0001:0002088a       _ModelCallback             0042188a f   menu.obj
 0001:000208c1       _PlayerConfig_ScanDirectories 004218c1 f   menu.obj
 0001:00020a89       _IconOfSkinExists          00421a89 f   menu.obj
 0001:00020b2b       _PlayerConfig_MenuDraw     00421b2b f   menu.obj
 0001:00020da0       _PlayerConfig_MenuKey      00421da0 f   menu.obj
 0001:00020e74       _M_Menu_DMBrowse_f         00421e74 f   menu.obj
 0001:00020eb7       _DMBrowse_MenuInit         00421eb7 f   menu.obj
 0001:0002107d       _DMBrowse_MenuKey          0042207d f   menu.obj
 0001:00021220       _DMBrowse_MenuDraw         00422220 f   menu.obj
 0001:00021345       _DrawThumbnail             00422345 f   menu.obj
 0001:0002141f       _M_Quit_Key                0042241f f   menu.obj
 0001:0002145f       _M_Quit_Draw               0042245f f   menu.obj
 0001:000215ac       _M_Menu_Quit_f             004225ac f   menu.obj
 0001:0001cc3d       _AllocChain                0041dc3d f   memory.obj
 0001:0001cf26       _Z_Stats_f                 0041df26 f   memory.obj
 0001:0001c434       _MD4Transform              0041d434 f   md4.obj
 0001:0001ca36       _Encode                    0041da36 f   md4.obj
 0001:0001ca7b       _Decode                    0041da7b f   md4.obj
 0001:0001ba48       _iswordsym                 0041ca48 f   keys.obj
 0001:0001bdaf       _Key_Unbind_f              0041cdaf f   keys.obj
 0001:0001be92       _Key_Unbindall_f           0041ce92 f   keys.obj
 0001:0001bebc       _Key_Bind_f                0041cebc f   keys.obj
 0001:00061ae3       _J_InitSource              00462ae3 f   jquant2.obj
 0001:0001a426       _J_FillInputBuffer         0041b426 f   images.obj
 0001:0001a44e       _J_SkipInputData           0041b44e f   images.obj
 0001:00061ae3       _J_TermSource              00462ae3 f   jquant2.obj
 0001:0001a466       _InitJpegError             0041b466 f   images.obj
 0001:0001a4a3       _J_ErrorExit               0041b4a3 f   images.obj
 0001:0001a4b2       _J_EmitMessage             0041b4b2 f   images.obj
 0001:0001a4cf       _J_ResetErrorMgr           0041b4cf f   images.obj
 0001:00018366       _FindPakFile               00419366 f   files.obj
 0001:000183d5       _FindPakDirectory          004193d5 f   files.obj
 0001:00018465       _FileLength                00419465 f   files.obj
 0001:000188c0       _FOpenCached               004198c0 f   files.obj
 0001:00018b00       _AddPakFile                00419b00 f   files.obj
 0001:00018b9f       _AddPakDirectory           00419b9f f   files.obj
 0001:00018c7d       _EnumZippedPak             00419c7d f   files.obj
 0001:00018cf0       _ClearFileCache            00419cf0 f   files.obj
 0001:00018df8       _AddDirFilesToList         00419df8 f   files.obj
 0001:000192d9       _ListPakDirectory          0041a2d9 f   files.obj
 0001:000197ee       _InitResFiles              0041a7ee f   files.obj
 0001:000198d1       _FS_LoadPak_f              0041a8d1 f   files.obj
 0001:000199a0       _TryLoadPak                0041a9a0 f   files.obj
 0001:00019a0e       _FindPakStruc              0041aa0e f   files.obj
 0001:00019a63       _FS_UnloadPak_f            0041aa63 f   files.obj
 0001:00019c07       _FS_Link_f                 0041ac07 f   files.obj
 0001:00017122       _Cvar_FindVar              00418122 f   cvar.obj
 0001:00017157       _ComputeHash               00418157 f   cvar.obj
 0001:00017331       _Cvar_SetString            00418331 f   cvar.obj
 0001:000173c7       _Cvar_InfoValidate         004183c7 f   cvar.obj
 0001:000174be       _Cvar_Set2                 004184be f   cvar.obj
 0001:0001761a       _Cvar_SetHardcoded         0041861a f   cvar.obj
 0001:000179f3       _Cvar_Set_f                004189f3 f   cvar.obj
 0001:00017a70       _Cvar_SetWithFlags         00418a70 f   cvar.obj
 0001:00017ab5       _Cvar_Seta_f               00418ab5 f   cvar.obj
 0001:00017ad7       _Cvar_Setu_f               00418ad7 f   cvar.obj
 0001:00017af9       _Cvar_Sets_f               00418af9 f   cvar.obj
 0001:00017b1b       _Cvar_Reset_f              00418b1b f   cvar.obj
 0001:00017b7d       _Cvar_List_f               00418b7d f   cvar.obj
 0001:00017c68       _Cvar_Add_f                00418c68 f   cvar.obj
 0001:00017ddf       _Cvar_Scale_f              00418ddf f   cvar.obj
 0001:00017e52       _Cvar_Toggle_f             00418e52 f   cvar.obj
 0001:00017eb5       _Cvar_Cycle_f              00418eb5 f   cvar.obj
 0001:000164eb       _Con_ToggleChat_f          004174eb f   console.obj
 0001:0001652b       _Con_Clear_f               0041752b f   console.obj
 0001:00016581       _Con_Dump_f                00417581 f   console.obj
 0001:00016694       _Con_MessageMode_f         00417694 f   console.obj
 0001:000166a6       _Con_MessageMode2_f        004176a6 f   console.obj
 0001:0001673f       _PlaceChar                 0041773f f   console.obj
 0001:000168e3       _FindLine                  004178e3 f   console.obj
 0001:00016ff6       _Con_DrawInput             00417ff6 f   console.obj
 0001:00011c58       _CMod_LoadSubmodels        00412c58 f   cmodel.obj
 0001:00011ce0       _CMod_LoadSurfaces         00412ce0 f   cmodel.obj
 0001:00011dfa       _CMod_ReadSurfMaterials    00412dfa f   cmodel.obj
 0001:00011f35       _CMod_LoadNodes            00412f35 f   cmodel.obj
 0001:00011f97       _CMod_LoadBrushes          00412f97 f   cmodel.obj
 0001:00011fe3       _CMod_LoadLeafs            00412fe3 f   cmodel.obj
 0001:000120b2       _CMod_LoadPlanes           004130b2 f   cmodel.obj
 0001:00012151       _CMod_LoadLeafBrushes      00413151 f   cmodel.obj
 0001:0001219c       _CMod_LoadBrushSides       0041319c f   cmodel.obj
 0001:00012215       _CMod_LoadAreas            00413215 f   cmodel.obj
 0001:000112f0       _Cmd_MacroExpandString     004122f0 f   cmd.obj
 0001:000117d1       _TryComplete               004127d1 f   cmd.obj
 0001:00011965       _Cmd_Wait_f                00412965 f   cmd.obj
 0001:00011970       _Cmd_List_f                00412970 f   cmd.obj
 0001:000104bf       _DrawSurfInfo              004114bf f   cl_view.obj
 0001:000107fd       _DecodeContents            004117fd f   cl_view.obj
 0001:000108cd       _DrawOriginInfo            004118cd f   cl_view.obj
 0001:00010a5e       _DrawFpsInfo               00411a5e f   cl_view.obj
 0001:00010b87       _entitycmpfnc              00411b87 f   cl_view.obj
 0001:0000d1d5       _SCR_CalcVrect             0040e1d5 f   cl_scrn.obj
 0001:000009ea       _Huff1Decompress           004019ea f   cl_cin.obj
 0001:00000f5c       _Huff1TableInit            00401f5c f   cl_cin.obj
 0001:00001056       _SmallestNode1             00402056 f   cl_cin.obj
 0001:0000014c       _CDAudio_GetAudioDiskInfo  0040114c f   cd_win.obj
 0001:000004c4       _CD_f                      004014c4 f   cd_win.obj
 0001:0000077d       _CDAudio_Eject             0040177d f   cd_win.obj
 0001:000007a7       _CDAudio_CloseDoor         004017a7 f   cd_win.obj

 93 bytes saved through ICF

