 quake2

 Timestamp is 42550ab7 (Thu Apr 07 14:25:59 2005)

 Preferred load address is 00400000

 Start         Length     Name                   Class
 0001:00000000 0005e610H .text                   CODE
 0002:00000000 00000278H .idata$5                DATA
 0002:00000278 000055ccH .rdata                  DATA
 0002:00005848 00000044H .rdata$r                DATA
 0002:00005890 00000038H .xdata$x                DATA
 0002:000058c8 00000078H .idata$2                DATA
 0002:00005940 00000014H .idata$3                DATA
 0002:00005954 00000278H .idata$4                DATA
 0002:00005bcc 000007fcH .idata$6                DATA
 0002:000063c8 00000000H .edata                  DATA
 0003:00000000 00000004H .CRT$XCA                DATA
 0003:00000004 00000068H .CRT$XCU                DATA
 0003:0000006c 00000004H .CRT$XCZ                DATA
 0003:00000070 00000004H .CRT$XIA                DATA
 0003:00000074 00000004H .CRT$XIZ                DATA
 0003:00000080 0000cc0cH .data                   DATA
 0003:0000cc90 0031b434H .bss                    DATA
 0004:00000000 00000130H .rsrc$01                DATA
 0004:00000130 00003f20H .rsrc$02                DATA

  Address         Publics by Value              Rva+Base     Lib:Object

 0001:00000000       ??3@YAXPAX@Z               00401000 f i CoreMain.obj
 0001:0000000b       ?appInit@@YAXXZ            0040100b f   CoreMain.obj
 0001:0000006e       ?appExit@@YAXXZ            0040106e f   CoreMain.obj
 0001:00000073       ?appLoadDebugSymbols@@YAXXZ 00401073 f   DbgSymbols.obj
 0001:00000276       ?appSymbolName@@YA_NIPADH@Z 00401276 f   DbgSymbols.obj
 0001:00000362       ?appSymbolName@@YAPBDI@Z   00401362 f   DbgSymbols.obj
 0001:00000394       ?appMalloc@@YAPAXIH@Z      00401394 f   Memory.obj
 0001:00000442       ?appFree@@YAXPAX@Z         00401442 f   Memory.obj
 0001:00000470       ?Unlink@FMemHeader@@QAEXXZ 00401470 f i Memory.obj
 0001:0000049b       ?Link@CMemoryChain@@AAEXXZ 0040149b f   Memory.obj
 0001:000004ba       ?Unlink@CMemoryChain@@AAEXXZ 004014ba f   Memory.obj
 0001:000004e5       ??2CMemoryChain@@SAPAXIH@Z 004014e5 f   Memory.obj
 0001:00000557       ??3CMemoryChain@@SAXPAX@Z  00401557 f   Memory.obj
 0001:0000058a       ?Alloc@CMemoryChain@@QAEPAXIH@Z 0040158a f   Memory.obj
 0001:000005f4       ?appInitMemory@@YAXXZ      004015f4 f   Memory.obj
 0001:00000b2d       ?Write@COutputDeviceNull@@UAEXPBD@Z 00401b2d f i OutputDevice.obj
 0001:00000b30       ?appWPrintf@@YAXPBDZZ      00401b30 f   OutputDevice.obj
 0001:00000b81       ?appFatalError@@YAXPBDZZ   00401b81 f   ErrorMgr.obj
 0001:00000bbb       ?appNonFatalError@@YAXPBDZZ 00401bbb f   ErrorMgr.obj
 0001:00000c19       ?appUnwindPrefix@@YAXPBD@Z 00401c19 f   ErrorMgr.obj
 0001:00000c70       ?appUnwindThrow@@YAXPBDZZ  00401c70 f   ErrorMgr.obj
 0001:00000cf7       ?Reset@CErrorHandler@@QAEXXZ 00401cf7 f   ErrorMgr.obj
 0001:00000d21       ?appInitError@@YAXXZ       00401d21 f   ErrorMgr.obj
 0001:00000ddf       ?appStricmp@@YAHPBD0@Z     00401ddf f   Strings.obj
 0001:00000e14       ?toLower@@YADD@Z           00401e14 f i Strings.obj
 0001:00000e2b       ?appStrcpy@@YAXPADPBD@Z    00401e2b f   Strings.obj
 0001:00000e3e       ?appStrncpylwr@@YAXPADPBDH@Z 00401e3e f   Strings.obj
 0001:00000e76       ?appStrncpyz@@YAXPADPBDH@Z 00401e76 f   Strings.obj
 0001:00000ea3       ?appStrcatn@@YAXPADHPBD@Z  00401ea3 f   Strings.obj
 0001:00000ece       ?appCopyFilename@@YAXPADPBDH@Z 00401ece f   Strings.obj
 0001:00000f6a       ?appCStrlen@@YAHPBD@Z      00401f6a f   Strings.obj
 0001:00000f8f       ?appUncolorizeString@@YAXPADPBD@Z 00401f8f f   Strings.obj
 0001:00000fbf       ?va@@YAPBDPBDZZ            00401fbf f   Strings.obj
 0001:0000105b       ?appSprintf@@YAHPADHPBDZZ  0040205b f   Strings.obj
 0001:000010a6       ?appMatchWildcard@@YA_NPBD0_N@Z 004020a6 f   Strings.obj
 0001:00001226       ?CopyString@@YAPADPBD@Z    00402226 f   Strings.obj
 0001:00001266       ?CopyString@@YAPADPBDPAVCMemoryChain@@@Z 00402266 f   Strings.obj
 0001:0000129a       ??2CStringItem@@SAPAXIPBD@Z 0040229a f   Strings.obj
 0001:000012e3       ??2CStringItem@@SAPAXIPBDPAVCMemoryChain@@@Z 004022e3 f   Strings.obj
 0001:00001320       ?Find@CStringList@@IAEPAVCStringItem@@PBDPAPAV2@@Z 00402320 f   Strings.obj
 0001:00001363       ?Find@CStringList@@IAEPAVCStringItem@@H@Z 00402363 f   Strings.obj
 0001:0000137c       ?IndexOf@CStringList@@QAEHPBD@Z 0040237c f   Strings.obj
 0001:000013a9       ?Remove@CStringList@@QAE_NPAVCStringItem@@@Z 004023a9 f   Strings.obj
 0001:000013d5       ?Free@CStringList@@QAEXXZ  004023d5 f   Strings.obj
 0001:000013ee       ?appMillisecondsf@@YANXZ   004023ee f   CoreWin32.obj
 0001:00001427       ?appMilliseconds@@YAIXZ    00402427 f   CoreWin32.obj
 0001:0000145c       ?cpuid@@YAXI@Z             0040245c f   CoreWin32.obj
 0001:0000147f       ?appInitPlatform@@YAXXZ    0040247f f   CoreWin32.obj
 0001:00001712       ?appShutdownPlatform@@YAXXZ 00402712 f   CoreWin32.obj
 0001:0000171b       ?osAddressInfo@@YA_NIPADHPAH@Z 0040271b f   DbgSymbolsWin32.obj
 0001:000017af       ?osModuleInfo@@YA_NIPADHPAH@Z 004027af f   DbgSymbolsWin32.obj
 0001:00001957       ?win32ExceptFilter@@YAHPAU_EXCEPTION_POINTERS@@@Z 00402957 f   ExceptFilterWin32.obj
 0001:00001e90       ?win32ExceptFilter2@@YAHXZ 00402e90 f   ExceptFilterWin32.obj
 0001:00001e9c       ?SCR_StopCinematic@@YAXXZ  00402e9c f   cl_cin.obj
 0001:00001f30       ?SCR_DrawCinematic@@YA_NXZ 00402f30 f   cl_cin.obj
 0001:00002393       ?SCR_PlayCinematic@@YAXPAD@Z 00403393 f   cl_cin.obj
 0001:000026f4       ?CL_Download_f@@YAX_NHPAPAD@Z 004036f4 f   cl_download.obj
 0001:00002aa5       ?CL_ParseDownload@@YAXXZ   00403aa5 f   cl_download.obj
 0001:000032b2       ?CL_Precache_f@@YAXHPAPAD@Z 004042b2 f   cl_download.obj
 0001:00003310       ?CL_ParseDelta@@YAXPAUentityState_t@@0HI_N@Z 00404310 f   cl_ents.obj
 0001:00003529       ?CL_ParsePacketEntities@@YAXPAUframe_t@@0@Z 00404529 f   cl_ents.obj
 0001:00003894       ?CL_FireEntityEvents@@YAXPAUframe_t@@@Z 00404894 f   cl_ents.obj
 0001:000038e6       ?CL_ParseFrame@@YAXXZ      004048e6 f   cl_ents.obj
 0001:00003bd8       ?CL_AddEntityBox@@YAXPAUentityState_t@@I@Z 00404bd8 f   cl_ents.obj
 0001:00003cbd       ?CL_OffsetThirdPersonView@@YAXXZ 00404cbd f   cl_ents.obj
 0001:00003d77       ?CL_CalcViewValues@@YAXXZ  00404d77 f   cl_ents.obj
 0001:00004080       ?CL_AddEntities@@YAXXZ     00405080 f   cl_ents.obj
 0001:00004e09       ?CL_GetEntitySoundOrigin@@YAXHQAM@Z 00405e09 f   cl_ents.obj
 0001:00004e41       ?CL_ClearLightStyles@@YAXXZ 00405e41 f   cl_fx.obj
 0001:00004ec3       ?CL_RunLightStyles@@YAXXZ  00405ec3 f   cl_fx.obj
 0001:00004f62       ?CL_SetLightstyle@@YAXHPBD@Z 00405f62 f   cl_fx.obj
 0001:00004fc3       ?CL_ClearDlights@@YAXXZ    00405fc3 f   cl_fx.obj
 0001:00004fd4       ?CL_AllocDlight@@YAPAUcdlight_t@@HQAM@Z 00405fd4 f   cl_fx.obj
 0001:0000503d       ?CL_AddDLights@@YAXXZ      0040603d f   cl_fx.obj
 0001:0000509d       ?CL_ClearParticles@@YAXXZ  0040609d f   cl_fx.obj
 0001:00005104       ?CL_AllocParticleTrace@@YAPAUparticleTrace_t@@QAM0MM@Z 00406104 f   cl_fx.obj
 0001:000051a4       ?CL_AllocParticleBeam@@YAPAUbeam_t@@QAM0MM@Z 004061a4 f   cl_fx.obj
 0001:00005217       ?CL_AllocParticle@@YAPAUparticle_t@@XZ 00406217 f   cl_fx.obj
 0001:00005265       ?CL_UpdateParticles@@YAXXZ 00406265 f   cl_fx.obj
 0001:00005857       ?CL_MetalSparks@@YAXQAM0H@Z 00406857 f   cl_fx.obj
 0001:00005944       ?CL_ParseMuzzleFlash@@YAXXZ 00406944 f   cl_fx.obj
 0001:00005cda       ?CL_ParseMuzzleFlash2@@YAXXZ 00406cda f   cl_fx.obj
 0001:0000631d       ?CL_ParticleEffect@@YAXQAM0HH@Z 0040731d f   cl_fx.obj
 0001:000063ec       ?CL_ParticleEffect2@@YAXQAM0HH@Z 004073ec f   cl_fx.obj
 0001:000064b7       ?CL_ParticleEffect3@@YAXQAM0HH@Z 004074b7 f   cl_fx.obj
 0001:00006587       ?CL_TeleporterParticles@@YAXPAUentityState_t@@@Z 00407587 f   cl_fx.obj
 0001:0000663e       ?CL_LogoutEffect@@YAXQAMH@Z 0040763e f   cl_fx.obj
 0001:00006729       ?CL_ItemRespawnParticles@@YAXQAM@Z 00407729 f   cl_fx.obj
 0001:000067d8       ?CL_ExplosionParticles@@YAXQAM@Z 004077d8 f   cl_fx.obj
 0001:00006882       ?CL_BigTeleportParticles@@YAXQAM@Z 00407882 f   cl_fx.obj
 0001:000069d9       ?CL_BlasterParticles@@YAXQAM0@Z 004079d9 f   cl_fx.obj
 0001:00006aa5       ?CL_BlasterTrail@@YAXQAM0@Z 00407aa5 f   cl_fx.obj
 0001:00006b98       ?CL_FlagTrail@@YAXQAM0H@Z  00407b98 f   cl_fx.obj
 0001:00006c93       ?CL_DiminishingTrail@@YAXQAM0PAUcentity_t@@H@Z 00407c93 f   cl_fx.obj
 0001:00006ef7       ?CL_RocketTrail@@YAXQAM0PAUcentity_t@@@Z 00407ef7 f   cl_fx.obj
 0001:00007024       ?CL_RailTrail@@YAXQAM0@Z   00408024 f   cl_fx.obj
 0001:0000724a       ?CL_RailTrailExt@@YAXQAM0EE@Z 0040824a f   cl_fx.obj
 0001:0000734e       ?CL_IonripperTrail@@YAXQAM0@Z 0040834e f   cl_fx.obj
 0001:00007461       ?CL_BubbleTrail@@YAXQAM0@Z 00408461 f   cl_fx.obj
 0001:00007572       ?CL_FlyParticles@@YAXQAMH@Z 00408572 f   cl_fx.obj
 0001:00007712       ?CL_FlyEffect@@YAXPAUcentity_t@@QAM@Z 00408712 f   cl_fx.obj
 0001:0000777a       ?CL_BfgParticles@@YAXPAUentity_t@@@Z 0040877a f   cl_fx.obj
 0001:00007955       ?CL_TrapParticles@@YAXPAUentity_t@@@Z 00408955 f   cl_fx.obj
 0001:00007bd8       ?CL_BFGExplosionParticles@@YAXQAM@Z 00408bd8 f   cl_fx.obj
 0001:00007c82       ?CL_TeleportParticles@@YAXQAM@Z 00408c82 f   cl_fx.obj
 0001:00007dbb       ?CL_EntityEvent@@YAXPAUentityState_t@@@Z 00408dbb f   cl_fx.obj
 0001:00007f96       ?CL_ClearEffects@@YAXXZ    00408f96 f   cl_fx.obj
 0001:00007fa5       ?IN_CenterView@@YAXXZ      00408fa5 f   cl_input.obj
 0001:00007fc6       ?CL_InitInput@@YAXXZ       00408fc6 f   cl_input.obj
 0001:00008562       ?CL_SendCmd@@YAXXZ         00409562 f   cl_input.obj
 0001:00008c59       ?CL_WriteDemoMessage@@YAXXZ 00409c59 f   cl_main.obj
 0001:00008c9b       ?Cmd_ForwardToServer@@YAXHPAPAD@Z 00409c9b f   cl_main.obj
 0001:00008d5e       ?CL_ForwardToServer_f@@YAXHPAPAD@Z 00409d5e f   cl_main.obj
 0001:00008da6       ?CL_Pause@@YAX_N@Z         00409da6 f   cl_main.obj
 0001:00008de8       ?CL_Quit_f@@YAXXZ          00409de8 f   cl_main.obj
 0001:00008df2       ?CL_Drop@@YAX_N@Z          00409df2 f   cl_main.obj
 0001:00008e15       ?CL_SendConnectPacket@@YAXXZ 00409e15 f   cl_main.obj
 0001:00008eec       ?CL_CheckForResend@@YAXXZ  00409eec f   cl_main.obj
 0001:00008ff1       ?CL_Connect_f@@YAX_NHPAPAD@Z 00409ff1 f   cl_main.obj
 0001:00009074       ?CL_Rcon_f@@YAXHPAPAD@Z    0040a074 f   cl_main.obj
 0001:0000917c       ?CL_Disconnect@@YAXXZ      0040a17c f   cl_main.obj
 0001:0000932c       ?CL_Disconnect_f@@YAXXZ    0040a32c f   cl_main.obj
 0001:00009336       ?CL_Changing_f@@YAXXZ      0040a336 f   cl_main.obj
 0001:0000935a       ?CL_Reconnect_f@@YAXXZ     0040a35a f   cl_main.obj
 0001:000093f6       ?CL_PingServers_f@@YAXXZ   0040a3f6 f   cl_main.obj
 0001:00009561       ?CL_Skins_f@@YAXXZ         0040a561 f   cl_main.obj
 0001:00009834       ?CL_ConnectionlessPacket@@YAXXZ 0040a834 f   cl_main.obj
 0001:00009934       ?CL_ReadPackets@@YAXXZ     0040a934 f   cl_main.obj
 0001:00009a79       ?CL_FixUpGender@@YAXXZ     0040aa79 f   cl_main.obj
 0001:00009b2b       ?CL_Userinfo_f@@YAXXZ      0040ab2b f   cl_main.obj
 0001:00009b43       ?CL_RegisterSounds@@YAXXZ  0040ab43 f   cl_main.obj
 0001:00009b82       ?CL_Snd_Restart_f@@YAXXZ   0040ab82 f   cl_main.obj
 0001:00009b91       ?CL_WriteConfiguration@@YAXPAD@Z 0040ab91 f   cl_main.obj
 0001:00009c4c       ?CL_WriteConfig_f@@YAX_NHPAPAD@Z 0040ac4c f   cl_main.obj
 0001:00009cab       ?CL_FixCvarCheats@@YAXXZ   0040acab f   cl_main.obj
 0001:00009d05       ?CL_Frame@@YAXMM@Z         0040ad05 f   cl_main.obj
 0001:00009eff       ?CL_ClearState@@YAXXZ      0040aeff f   cl_main.obj
 0001:00009f38       ?CL_Init@@YAXXZ            0040af38 f   cl_main.obj
 0001:0000a423       ?CL_Shutdown@@YAX_N@Z      0040b423 f   cl_main.obj
 0001:0000a478       ?CL_Flashlight@@YAXHQAM@Z  0040b478 f   cl_newfx.obj
 0001:0000a4b2       ?CL_ColorFlash@@YAXQAMHHMMM@Z 0040b4b2 f   cl_newfx.obj
 0001:0000a4ee       ?CL_DebugTrail@@YAXQAM0@Z  0040b4ee f   cl_newfx.obj
 0001:0000a5ce       ?CL_ForceWall@@YAXQAM0H@Z  0040b5ce f   cl_newfx.obj
 0001:0000a6f5       ?CL_BubbleTrail2@@YAXQAM0H@Z 0040b6f5 f   cl_newfx.obj
 0001:0000a81d       ?CL_Heatbeam@@YAXQAM0@Z    0040b81d f   cl_newfx.obj
 0001:0000aab0       ?CL_ParticleSteamEffect@@YAXQAM0HHH@Z 0040bab0 f   cl_newfx.obj
 0001:0000abda       ?CL_ParticleSteamEffect2@@YAXPAUcl_sustain_s@@@Z 0040bbda f   cl_newfx.obj
 0001:0000ad11       ?CL_TrackerTrail@@YAXQAM0H@Z 0040bd11 f   cl_newfx.obj
 0001:0000ae61       ?CL_Tracker_Shell@@YAXQAM@Z 0040be61 f   cl_newfx.obj
 0001:0000aeea       ?CL_MonsterPlasma_Shell@@YAXQAM@Z 0040beea f   cl_newfx.obj
 0001:0000af70       ?CL_Widowbeamout@@YAXPAUcl_sustain_s@@@Z 0040bf70 f   cl_newfx.obj
 0001:0000b02c       ?CL_Nukeblast@@YAXPAUcl_sustain_s@@@Z 0040c02c f   cl_newfx.obj
 0001:0000b0e8       ?CL_WidowSplash@@YAXQAM@Z  0040c0e8 f   cl_newfx.obj
 0001:0000b1b0       ?CL_TagTrail@@YAXQAM0H@Z   0040c1b0 f   cl_newfx.obj
 0001:0000b2ab       ?CL_ColorExplosionParticles@@YAXQAMHH@Z 0040c2ab f   cl_newfx.obj
 0001:0000b358       ?CL_ParticleSmokeEffect@@YAXQAM0HHH@Z 0040c358 f   cl_newfx.obj
 0001:0000b480       ?CL_BlasterParticles2@@YAXQAM0I@Z 0040c480 f   cl_newfx.obj
 0001:0000b54d       ?CL_BlasterTrail2@@YAXQAM0@Z 0040c54d f   cl_newfx.obj
 0001:0000b640       ?CL_LoadClientinfo@@YAXPAUclientinfo_t@@PAD@Z 0040c640 f   cl_parse.obj
 0001:0000b927       ?CL_ParseClientinfo@@YAXH@Z 0040c927 f   cl_parse.obj
 0001:0000b94b       ?CL_ParseServerMessage@@YAXXZ 0040c94b f   cl_parse.obj
 0001:0000c112       ?CL_CheckPredictionError@@YAXXZ 0040d112 f   cl_pred.obj
 0001:0000c2b2       ?CL_EntityTrace@@YAXPAUtrace_t@@QBM111H@Z 0040d2b2 f   cl_pred.obj
 0001:0000c66d       ?CL_Trace@@YAXPAUtrace_t@@QBM111H@Z 0040d66d f   cl_pred.obj
 0001:0000c6ef       ?CL_PMpointcontents@@YAHQAM@Z 0040d6ef f   cl_pred.obj
 0001:0000c87a       ?CL_PredictMovement@@YAXXZ 0040d87a f   cl_pred.obj
 0001:0000cc1c       ?DrawString@@YAXHHPBD@Z    0040dc1c f   cl_scrn.obj
 0001:0000cc61       ?SCR_DebugGraph@@YAXMH@Z   0040dc61 f   cl_scrn.obj
 0001:0000cc89       ?SCR_CenterPrint@@YAXPAD@Z 0040dc89 f   cl_scrn.obj
 0001:0000cd8d       ?Key_Message@@YAXH@Z       0040dd8d f   cl_scrn.obj
 0001:0000ce29       ?SCR_SetLevelshot@@YAXPBD@Z 0040de29 f   cl_scrn.obj
 0001:0000cf0d       ?SCR_BeginLoadingPlaque@@YAXXZ 0040df0d f   cl_scrn.obj
 0001:0000cf92       ?SCR_EndLoadingPlaque@@YAX_N@Z 0040df92 f   cl_scrn.obj
 0001:0000d017       ?SCR_ShowConsole@@YAX_N0@Z 0040e017 f   cl_scrn.obj
 0001:0000d0ee       ?SCR_ToggleConsole@@YAXXZ  0040e0ee f   cl_scrn.obj
 0001:0000d116       ?SCR_TouchPics@@YAXXZ      0040e116 f   cl_scrn.obj
 0001:0000d186       ?SCR_UpdateScreen@@YAXXZ   0040e186 f   cl_scrn.obj
 0001:0000e4dd       ?SCR_Init@@YAXXZ           0040f4dd f   cl_scrn.obj
 0001:0000e833       ?CL_RegisterTEntSounds@@YAXXZ 0040f833 f   cl_tent.obj
 0001:0000ea78       ?CL_RegisterTEntModels@@YAXXZ 0040fa78 f   cl_tent.obj
 0001:0000ebbc       ?CL_ClearTEnts@@YAXXZ      0040fbbc f   cl_tent.obj
 0001:0000ebf0       ?CL_AllocExplosion@@YAPAUexplosion_t@@QAMW4exptype_t@@@Z 0040fbf0 f   cl_tent.obj
 0001:0000ec8c       ?CL_AddExplosions@@YAXXZ   0040fc8c f   cl_tent.obj
 0001:0000ee26       ?CL_SmokeAndFlash@@YAXQAM@Z 0040fe26 f   cl_tent.obj
 0001:0000ee6e       ?CL_ParseBeam@@YAHPAUmodel_t@@@Z 0040fe6e f   cl_tent.obj
 0001:0000ef4d       ?CL_ParseBeam2@@YAHPAUmodel_t@@@Z 0040ff4d f   cl_tent.obj
 0001:0000f024       ?CL_ParsePlayerBeam@@YAHPAUmodel_t@@@Z 00410024 f   cl_tent.obj
 0001:0000f132       ?CL_ParseLightning@@YAHPAUmodel_t@@@Z 00410132 f   cl_tent.obj
 0001:0000f1fe       ?CL_ParseLaser@@YAXI@Z     004101fe f   cl_tent.obj
 0001:0000f27a       ?CL_ParseSteam@@YAXXZ      0041027a f   cl_tent.obj
 0001:0000f38b       ?CL_ParseWidow@@YAXXZ      0041038b f   cl_tent.obj
 0001:0000f3f7       ?CL_ParseNuke@@YAXXZ       004103f7 f   cl_tent.obj
 0001:0000f461       ?CL_ParseTEnt@@YAXXZ       00410461 f   cl_tent.obj
 0001:0001028d       ?CL_AddBeams@@YAXXZ        0041128d f   cl_tent.obj
 0001:000105c9       ?CL_AddPlayerBeams@@YAXXZ  004115c9 f   cl_tent.obj
 0001:00010cb9       ?CL_ProcessSustain@@YAXXZ  00411cb9 f   cl_tent.obj
 0001:00010cfa       ?CL_AddTEnts@@YAXXZ        00411cfa f   cl_tent.obj
 0001:00010d0e       ?V_AddEntity@@YAXPAUentity_t@@@Z 00411d0e f   cl_view.obj
 0001:00010d3d       ?V_AddLight@@YAXQAMMMMM@Z  00411d3d f   cl_view.obj
 0001:00010d82       ?V_TestParticles@@YAXXZ    00411d82 f   cl_view.obj
 0001:00010e40       ?V_TestEntities@@YAXXZ     00411e40 f   cl_view.obj
 0001:00010ed6       ?V_TestLights@@YAXXZ       00411ed6 f   cl_view.obj
 0001:00010fa4       ?CL_PrepRefresh@@YAXXZ     00411fa4 f   cl_view.obj
 0001:00011269       ?CalcFov@@YAMMMM@Z         00412269 f   cl_view.obj
 0001:000112dd       ?V_RenderView@@YA_NM@Z     004122dd f   cl_view.obj
 0001:00011fa3       ?V_Init@@YAXXZ             00412fa3 f   cl_view.obj
 0001:00012053       ?Con_ClearNotify@@YAXXZ    00413053 f   console.obj
 0001:00012062       ?Con_CheckResize@@YAXXZ    00413062 f   console.obj
 0001:00012189       ?Con_Print@@YAXPBD@Z       00413189 f   console.obj
 0001:00012481       ?Con_DrawNotify@@YAX_N@Z   00413481 f   console.obj
 0001:0001259b       ?Con_DrawConsole@@YAXM@Z   0041359b f   console.obj
 0001:00012975       ?Con_ClearTyping@@YAXXZ    00413975 f   console.obj
 0001:0001298e       ?Key_Console@@YAXHH@Z      0041398e f   console.obj
 0001:00012dd6       ?Con_Init@@YAXXZ           00413dd6 f   console.obj
 0001:00012f52       ?Key_KeynumToString@@YAPBDH@Z 00413f52 f   keys.obj
 0001:00013012       ?Draw@completeMenu_t@@UAEXXZ 00414012 f i keys.obj
 0001:00013044       ?KeyDown@completeMenu_t@@UAEPBDH@Z 00414044 f i keys.obj
 0001:0001306d       ?Init@completeMenu_t@@UAE_NXZ 0041406d f i keys.obj
 0001:00013194       ?CompleteMenuCallback@completeMenu_t@@SAXPAX@Z 00414194 f i keys.obj
 0001:00013222       ?CompleteCommand@@YAXXZ    00414222 f   keys.obj
 0001:00013959       ?Key_SetBinding@@YAXHPBD@Z 00414959 f   keys.obj
 0001:00013997       ?Key_FindBinding@@YAHPBDPAHH@Z 00414997 f   keys.obj
 0001:000139e5       ?Key_WriteBindings@@YAXPAU_iobuf@@@Z 004149e5 f   keys.obj
 0001:00013a2d       ?Key_Init@@YAXXZ           00414a2d f   keys.obj
 0001:00013d11       ?Key_Event@@YAXH_NI@Z      00414d11 f   keys.obj
 0001:0001405f       ?Key_ClearStates@@YAXXZ    0041505f f   keys.obj
 0001:00014096       ?M_ForceMenuOn@@YAXXZ      00415096 f   menu.obj
 0001:000140b5       ?Draw@menuMain_t@@UAEXXZ   004150b5 f i menu.obj
 0001:0001420d       ?KeyDown@menuMain_t@@UAEPBDH@Z 0041520d f i menu.obj
 0001:000142c9       ?Init@menuMain_t@@UAE_NXZ  004152c9 f i menu.obj
 0001:000142d1       ?M_Menu_Main_f@@YAXXZ      004152d1 f   menu.obj
 0001:000142eb       ?Init@multiplayerMenu_t@@UAE_NXZ 004152eb f i menu.obj
 0001:0001440f       ?Init@keysMenu_t@@UAE_NXZ  0041540f f i menu.obj
 0001:000145f4       ?KeyCursorDrawFunc@keysMenu_t@@SAXPAUmenuFramework_t@@@Z 004155f4 f i menu.obj
 0001:00014635       ?DrawKeyBindingFunc@keysMenu_t@@SAXPAX@Z 00415635 f i menu.obj
 0001:000146fc       ?KeyDown@keysMenu_t@@UAEPBDH@Z 004156fc f i menu.obj
 0001:000147a9       ?UnbindCommand@keysMenu_t@@QAEXPAD@Z 004157a9 f i menu.obj
 0001:000147ee       ?KeyBindingFunc@keysMenu_t@@QAEXPAX@Z 004157ee f i menu.obj
 0001:0001484d       ?Init@optionsMenu_t@@UAE_NXZ 0041584d f i menu.obj
 0001:00014cab       ?CrosshairFunc@optionsMenu_t@@SAXPAX@Z 00415cab f i menu.obj
 0001:00014cd3       ?JoystickFunc@optionsMenu_t@@SAXPAX@Z 00415cd3 f i menu.obj
 0001:00014ce8       ?AlwaysRunFunc@optionsMenu_t@@SAXPAX@Z 00415ce8 f i menu.obj
 0001:00014cfd       ?FreeLookFunc@optionsMenu_t@@SAXPAX@Z 00415cfd f i menu.obj
 0001:00014d12       ?MouseSpeedFunc@optionsMenu_t@@SAXPAX@Z 00415d12 f i menu.obj
 0001:00014d2f       ?InvertMouseFunc@optionsMenu_t@@SAXPAX@Z 00415d2f f i menu.obj
 0001:00014d4a       ?LookspringFunc@optionsMenu_t@@SAXPAX@Z 00415d4a f i menu.obj
 0001:00014d66       ?LookstrafeFunc@optionsMenu_t@@SAXPAX@Z 00415d66 f i menu.obj
 0001:00014d82       ?UpdateVolumeFunc@optionsMenu_t@@SAXPAX@Z 00415d82 f i menu.obj
 0001:00014d9f       ?UpdateCDVolumeFunc@optionsMenu_t@@SAXPAX@Z 00415d9f f i menu.obj
 0001:00014db9       ?SetMenuItemValues@optionsMenu_t@@SAXXZ 00415db9 f i menu.obj
 0001:00014f97       ?ResetDefaultsFunc@optionsMenu_t@@SAXPAX@Z 00415f97 f i menu.obj
 0001:00014fac       ?UpdateSoundFunc@optionsMenu_t@@SAXPAX@Z 00415fac f i menu.obj
 0001:000151b2       ?ScanCrosshairs@optionsMenu_t@@SAXXZ 004161b2 f i menu.obj
 0001:0001520f       ?Draw@optionsMenu_t@@UAEXXZ 0041620f f i menu.obj
 0001:0001529f       ?Draw@creditsMenu_t@@UAEXXZ 0041629f f i menu.obj
 0001:00015347       ?KeyDown@creditsMenu_t@@UAEPBDH@Z 00416347 f i menu.obj
 0001:00015382       ?Init@creditsMenu_t@@UAE_NXZ 00416382 f i menu.obj
 0001:0001544a       ?Init@gameMenu_t@@UAE_NXZ  0041644a f i menu.obj
 0001:000155d5       ?EasyGameFunc@gameMenu_t@@SAXPAX@Z 004165d5 f i menu.obj
 0001:000155e1       ?StartGame@gameMenu_t@@SAXPBD@Z 004165e1 f i menu.obj
 0001:00015634       ?MediumGameFunc@gameMenu_t@@SAXPAX@Z 00416634 f i menu.obj
 0001:00015640       ?HardGameFunc@gameMenu_t@@SAXPAX@Z 00416640 f i menu.obj
 0001:0001565c       ?Init@savegameMenu_t@@UAE_NXZ 0041665c f i menu.obj
 0001:00015754       ?Create_Savestrings@savegameMenu_t@@QAEXXZ 00416754 f i menu.obj
 0001:00015812       ?LoadGameCallback@savegameMenu_t@@SAXPAX@Z 00416812 f i menu.obj
 0001:0001583b       ?SaveGameCallback@savegameMenu_t@@SAXPAX@Z 0041683b f i menu.obj
 0001:0001585a       ?Draw@savegameMenu_t@@UAEXXZ 0041685a f i menu.obj
 0001:00015875       ?DrawSavegameShot@savegameMenu_t@@QAEXHH@Z 00416875 f i menu.obj
 0001:00015950       ?Init@joinserverMenu_t@@UAE_NXZ 00416950 f i menu.obj
 0001:00015a79       ?JoinServerFunc@joinserverMenu_t@@SAXPAX@Z 00416a79 f i menu.obj
 0001:00015adb       ?SearchLocalGames@joinserverMenu_t@@SAXXZ 00416adb f i menu.obj
 0001:00015b47       ?M_AddToServerList@@YAXUnetadr_t@@PAD@Z 00416b47 f   menu.obj
 0001:00015bca       ?Init@startserverMenu_t@@UAE_NXZ 00416bca f i menu.obj
 0001:0001606c       ?DMOptionsFunc@startserverMenu_t@@SAXPAX@Z 0041706c f i menu.obj
 0001:0001607c       ?RulesChangeFunc@startserverMenu_t@@SAXPAX@Z 0041707c f i menu.obj
 0001:000160f6       ?StartServerActionFunc@startserverMenu_t@@SAXPAX@Z 004170f6 f i menu.obj
 0001:00016121       ?StartServerFunc@startserverMenu_t@@SAXPAD@Z 00417121 f i menu.obj
 0001:00016385       ?KeyDown@startserverMenu_t@@UAEPBDH@Z 00417385 f i menu.obj
 0001:000163e2       ?Init@dmoptionsMenu_t@@UAE_NXZ 004173e2 f i menu.obj
 0001:000169c1       ?DMFlagCallback@dmoptionsMenu_t@@SAXPAX@Z 004179c1 f i menu.obj
 0001:00016b9c       ?Init@downloadOptionsMenu_t@@UAE_NXZ 00417b9c f i menu.obj
 0001:00016d67       ?DownloadCallback@downloadOptionsMenu_t@@SAXPAX@Z 00417d67 f i menu.obj
 0001:00016dd2       ?Init@addressBookMenu_t@@UAE_NXZ 00417dd2 f i menu.obj
 0001:00016e7a       ?KeyDown@addressBookMenu_t@@UAEPBDH@Z 00417e7a f i menu.obj
 0001:00016ed7       ?Init@playerConfigMenu_t@@UAE_NXZ 00417ed7 f i menu.obj
 0001:0001742e       ?HandednessCallback@playerConfigMenu_t@@SAXPAX@Z 0041842e f i menu.obj
 0001:00017443       ?RTypeCallback@playerConfigMenu_t@@SAXPAX@Z 00418443 f i menu.obj
 0001:00017458       ?RColorCallback@playerConfigMenu_t@@SAXPAX@Z 00418458 f i menu.obj
 0001:0001746d       ?RateCallback@playerConfigMenu_t@@SAXPAX@Z 0041846d f i menu.obj
 0001:00017490       ?ModelCallback@playerConfigMenu_t@@SAXPAX@Z 00418490 f i menu.obj
 0001:000174bd       ?PlayerConfig_ScanDirectories@playerConfigMenu_t@@SA_NXZ 004184bd f i menu.obj
 0001:0001763c       ?IsValidSkin@playerConfigMenu_t@@SA_NPADPAVCStringItem@@@Z 0041863c f i menu.obj
 0001:000176fa       ?Draw@playerConfigMenu_t@@UAEXXZ 004186fa f i menu.obj
 0001:000179ac       ?KeyDown@playerConfigMenu_t@@UAEPBDH@Z 004189ac f i menu.obj
 0001:00017a9e       ?Init@dmbrowseMenu_t@@UAE_NXZ 00418a9e f i menu.obj
 0001:00017ca6       ?KeyDown@dmbrowseMenu_t@@UAEPBDH@Z 00418ca6 f i menu.obj
 0001:00017e65       ?Draw@dmbrowseMenu_t@@UAEXXZ 00418e65 f i menu.obj
 0001:00017fac       ?DrawThumbnail@dmbrowseMenu_t@@SAXHHHHPAD_N@Z 00418fac f i menu.obj
 0001:00018095       ?Init@videoMenu_t@@UAE_NXZ 00419095 f i menu.obj
 0001:0001864e       ?ScreenSizeCallback@videoMenu_t@@SAXPAX@Z 0041964e f i menu.obj
 0001:0001866c       ?BrightnessCallback@videoMenu_t@@SAXPAX@Z 0041966c f i menu.obj
 0001:0001868a       ?ContrastCallback@videoMenu_t@@SAXPAX@Z 0041968a f i menu.obj
 0001:000186c3       ?CancelChanges@videoMenu_t@@SAXPAX@Z 004196c3 f i menu.obj
 0001:000186e4       ?KeyDown@videoMenu_t@@UAEPBDH@Z 004196e4 f i menu.obj
 0001:0001872b       ?ApplyChanges@videoMenu_t@@SAXPAX@Z 0041972b f i menu.obj
 0001:000188e2       ?KeyDown@quitMenu_t@@UAEPBDH@Z 004198e2 f i menu.obj
 0001:0001891a       ?Draw@quitMenu_t@@UAEXXZ   0041991a f i menu.obj
 0001:00018998       ?M_Init@@YAXXZ             00419998 f   menu.obj
 0001:00018b5a       ?Insert@?$TList@VplayerModelInfo_t@@@@QAE_NPAVplayerModelInfo_t@@@Z 00419b5a f i menu.obj
 0001:00018b5a       ?Insert@?$TList@VCStringItem@@@@QAE_NPAVCStringItem@@@Z 00419b5a f i menu.obj
 0001:00018b90       ?ItemAtCursor@menuFramework_t@@QAEPAUmenuCommon_t@@XZ 00419b90 f   qmenu.obj
 0001:00018be4       ?AddItem@menuFramework_t@@QAEXPAUmenuCommon_t@@@Z 00419be4 f   qmenu.obj
 0001:00018ca0       ?AdjustCursor@menuFramework_t@@QAEXH@Z 00419ca0 f   qmenu.obj
 0001:00018e0f       ?Center@menuFramework_t@@QAEXXZ 00419e0f f   qmenu.obj
 0001:00018e50       ?Draw@menuFramework_t@@UAEXXZ 00419e50 f   qmenu.obj
 0001:0001942e       ?SelectItem@menuFramework_t@@QAE_NXZ 0041a42e f   qmenu.obj
 0001:0001948c       ?SetStatusBar@menuFramework_t@@QAEXPBD@Z 0041a48c f   qmenu.obj
 0001:00019496       ?SlideItem@menuFramework_t@@QAEXH@Z 0041a496 f   qmenu.obj
 0001:00019a18       ?Push@menuFramework_t@@QAEXXZ 0041aa18 f   qmenu.obj
 0001:00019aa6       ?M_ForceMenuOff@@YAXXZ     0041aaa6 f   qmenu.obj
 0001:00019ac9       ?Pop@menuFramework_t@@QAEXXZ 0041aac9 f   qmenu.obj
 0001:00019b03       ?KeyDown@menuFramework_t@@UAEPBDH@Z 0041ab03 f   qmenu.obj
 0001:00019d72       ?Init@menuFramework_t@@UAE_NXZ 0041ad72 f   qmenu.obj
 0001:00019d75       ?M_Draw@@YAXXZ             0041ad75 f   qmenu.obj
 0001:00019db1       ?M_Keydown@@YAXH@Z         0041adb1 f   qmenu.obj
 0001:00019dd0       ?InitRendererVars@@YAXXZ   0041add0 f   ref_vars.obj
 0001:00019def       ?S_SoundInfo_f@@YAXXZ      0041adef f   snd_dma.obj
 0001:00019e79       ?S_ReadModelsSex@@YAXXZ    0041ae79 f   snd_dma.obj
 0001:00019f5e       ?S_IsFemale@@YA_NPBD@Z     0041af5e f   snd_dma.obj
 0001:00019fb2       ?S_Init@@YAXXZ             0041afb2 f   snd_dma.obj
 0001:0001a088       ?S_Shutdown@@YAXXZ         0041b088 f   snd_dma.obj
 0001:0001a11b       ?S_BeginRegistration@@YAXXZ 0041b11b f   snd_dma.obj
 0001:0001a129       ?S_RegisterSound@@YAPAUsfx_t@@PBD@Z 0041b129 f   snd_dma.obj
 0001:0001a2c2       ?S_EndRegistration@@YAXXZ  0041b2c2 f   snd_dma.obj
 0001:0001a35a       ?S_PickChannel@@YAPAUchannel_t@@HH@Z 0041b35a f   snd_dma.obj
 0001:0001a3e7       ?S_Spatialize@@YAXPAUchannel_t@@@Z 0041b3e7 f   snd_dma.obj
 0001:0001a57f       ?S_AllocPlaysound@@YAPAUplaysound_s@@XZ 0041b57f f   snd_dma.obj
 0001:0001a5a1       ?S_FreePlaysound@@YAXPAUplaysound_s@@@Z 0041b5a1 f   snd_dma.obj
 0001:0001a5d1       ?S_IssuePlaysound@@YAXPAUplaysound_s@@@Z 0041b5d1 f   snd_dma.obj
 0001:0001a69e       ?S_StartSound@@YAXQBMHHPAUsfx_t@@MMM@Z 0041b69e f   snd_dma.obj
 0001:0001aa15       ?S_StartLocalSound@@YAXPBD@Z 0041ba15 f   snd_dma.obj
 0001:0001aa64       ?S_ClearBuffer@@YAXXZ      0041ba64 f   snd_dma.obj
 0001:0001aacd       ?S_StopAllSounds_f@@YAXXZ  0041bacd f   snd_dma.obj
 0001:0001ab3d       ?S_AddLoopSounds@@YAXXZ    0041bb3d f   snd_dma.obj
 0001:0001ad13       ?S_RawSamples@@YAXHHHHPAE@Z 0041bd13 f   snd_dma.obj
 0001:0001af17       ?S_Update@@YAXQBM000@Z     0041bf17 f   snd_dma.obj
 0001:0001b011       ?GetSoundtime@@YAXXZ       0041c011 f   snd_dma.obj
 0001:0001b078       ?S_Update_@@YAXXZ          0041c078 f   snd_dma.obj
 0001:0001b32b       ?ResampleSfx@@YAXPAUsfx_t@@HHPAE@Z 0041c32b f   snd_mem.obj
 0001:0001b446       ?S_LoadSound@@YAPAUsfxcache_t@@PAUsfx_t@@@Z 0041c446 f   snd_mem.obj
 0001:0001b57e       ?GetWavinfo@@YA?AUwavinfo_t@@PADPAEH@Z 0041c57e f   snd_mem.obj
 0001:0001b7c0       ?S_WriteLinearBlastStereo16@@YAXXZ 0041c7c0 f   snd_mix.obj
 0001:0001b834       ?S_TransferStereo16@@YAXPAKH@Z 0041c834 f   snd_mix.obj
 0001:0001b89d       ?S_TransferPaintBuffer@@YAXH@Z 0041c89d f   snd_mix.obj
 0001:0001ba01       ?S_PaintChannels@@YAXH@Z   0041ca01 f   snd_mix.obj
 0001:0001bc9d       ?S_InitScaletable@@YAXXZ   0041cc9d f   snd_mix.obj
 0001:0001be5e       ?SV_WipeSavegame@@YAXPAD@Z 0041ce5e f   sv_ccmds.obj
 0001:0001be8c       ?SV_CopySaveGame@@YAXPAD0@Z 0041ce8c f   sv_ccmds.obj
 0001:0001bee1       ?SV_WriteLevelFile@@YAXXZ  0041cee1 f   sv_ccmds.obj
 0001:0001bf8f       ?SV_ReadLevelFile@@YAXXZ   0041cf8f f   sv_ccmds.obj
 0001:0001c03d       ?SV_WriteServerFile@@YAX_NPAD@Z 0041d03d f   sv_ccmds.obj
 0001:0001c27a       ?SV_ReadServerFile@@YAXXZ  0041d27a f   sv_ccmds.obj
 0001:0001c39f       ?SV_AddressBanned@@YA_NPAUnetadr_t@@@Z 0041d39f f   sv_ccmds.obj
 0001:0001c3e0       ?SV_InitOperatorCommands@@YAXXZ 0041d3e0 f   sv_ccmds.obj
 0001:0001d3de       ?SV_WriteFrameToClient@@YAXPAUclient_s@@PAVsizebuf_t@@@Z 0041e3de f   sv_ents.obj
 0001:0001d5ca       ?SV_FatPVS@@YAXQAM@Z       0041e5ca f   sv_ents.obj
 0001:0001d6e8       ?SV_BuildClientFrame@@YAXPAUclient_s@@@Z 0041e6e8 f   sv_ents.obj
 0001:0001d9fd       ?SV_RecordDemoMessage@@YAXXZ 0041e9fd f   sv_ents.obj
 0001:0001e52c       ?SV_InitGameLibrary@@YAX_N@Z 0041f52c f   sv_game.obj
 0001:0001e672       ?SV_ShutdownGameLibrary@@YAXXZ 0041f672 f   sv_game.obj
 0001:0001e7cf       ?SV_FindIndex@@YAHPADHH_N@Z 0041f7cf f   sv_init.obj
 0001:0001e8dc       ?SV_ModelIndex@@YAHPAD@Z   0041f8dc f   sv_init.obj
 0001:0001e8f2       ?SV_SoundIndex@@YAHPAD@Z   0041f8f2 f   sv_init.obj
 0001:0001e90b       ?SV_ImageIndex@@YAHPAD@Z   0041f90b f   sv_init.obj
 0001:0001e924       ?SV_CreateBaseline@@YAXXZ  0041f924 f   sv_init.obj
 0001:0001e982       ?SV_CheckForSavegame@@YAXXZ 0041f982 f   sv_init.obj
 0001:0001ea0a       ?SV_SpawnServer@@YAXPAD0W4server_state_t@@_N2@Z 0041fa0a f   sv_init.obj
 0001:0001ecd8       ?SV_InitGame@@YAXXZ        0041fcd8 f   sv_init.obj
 0001:0001ef22       ?SV_Map@@YAX_NPBD0@Z       0041ff22 f   sv_init.obj
 0001:0001f0eb       ?SV_DropClient@@YAXPAUclient_s@@PAD@Z 004200eb f   sv_main.obj
 0001:0001f19c       ?SV_StatusString@@YAPADXZ  0042019c f   sv_main.obj
 0001:0001f9d3       ?SV_ConnectionlessPacket@@YAXXZ 004209d3 f   sv_main.obj
 0001:0001fa9e       ?SV_CalcPings@@YAXXZ       00420a9e f   sv_main.obj
 0001:0001fb25       ?SV_GiveMsec@@YAXXZ        00420b25 f   sv_main.obj
 0001:0001fb64       ?SV_ReadPackets@@YAXXZ     00420b64 f   sv_main.obj
 0001:0001fcaf       ?SV_CheckTimeouts@@YAXXZ   00420caf f   sv_main.obj
 0001:0001fdc0       ?SV_PostprocessFrame@@YAXXZ 00420dc0 f   sv_main.obj
 0001:00020297       ?SV_MulticastHook@@YAPAVsizebuf_t@@PAV1@0@Z 00421297 f   sv_main.obj
 0001:00020688       ?SV_TraceHook@@YA?AUtrace_t@@QAM000PAUedict_s@@H@Z 00421688 f   sv_main.obj
 0001:00020803       ?SV_Frame@@YAXM@Z          00421803 f   sv_main.obj
 0001:00020ab7       ?SV_UserinfoChanged@@YAXPAUclient_s@@@Z 00421ab7 f   sv_main.obj
 0001:00020b7b       ?SV_Init@@YAXXZ            00421b7b f   sv_main.obj
 0001:00020bf1       ?SV_Shutdown@@YAXPBD_N@Z   00421bf1 f   sv_main.obj
 0001:00020dfa       ?SV_BeginRedirect@@YAXXZ   00421dfa f   sv_send.obj
 0001:00020ea4       ?SV_ClientPrintf@@YAXPAUclient_s@@HPBDZZ 00421ea4 f   sv_send.obj
 0001:00020eff       ?SV_BroadcastPrintf@@YAXHPBDZZ 00421eff f   sv_send.obj
 0001:00020fd5       ?SV_BroadcastCommand@@YAXPBDZZ 00421fd5 f   sv_send.obj
 0001:0002102a       ?SV_Multicast@@YAXQAMW4multicast_t@@_N@Z 0042202a f   sv_send.obj
 0001:00021268       ?SV_MulticastOld@@YAXQAMW4multicast_t@@@Z 00422268 f   sv_send.obj
 0001:0002127b       ?SV_MulticastNew@@YAXQAMW4multicast_t@@@Z 0042227b f   sv_send.obj
 0001:0002128e       ?SV_StartSound@@YAXQAMPAUedict_s@@HHMMM_N@Z 0042228e f   sv_send.obj
 0001:00021556       ?SV_StartSoundOld@@YAXQAMPAUedict_s@@HHMMM@Z 00422556 f   sv_send.obj
 0001:00021586       ?SV_StartSoundNew@@YAXQAMPAUedict_s@@HHMMM@Z 00422586 f   sv_send.obj
 0001:000215b6       ?SV_SendClientDatagram@@YA_NPAUclient_s@@@Z 004225b6 f   sv_send.obj
 0001:00021683       ?SV_DemoCompleted@@YAXXZ   00422683 f   sv_send.obj
 0001:0002169f       ?SV_RateDrop@@YA_NPAUclient_s@@@Z 0042269f f   sv_send.obj
 0001:000216e9       ?SV_SendClientMessages@@YAXXZ 004226e9 f   sv_send.obj
 0001:00021830       ?SV_TokenizeString@@YAXPBD@Z 00422830 f   sv_tokenize.obj
 0001:00021907       ?SV_Argc@@YAHXZ            00422907 f   sv_tokenize.obj
 0001:0002190d       ?SV_Argv@@YAPADH@Z         0042290d f   sv_tokenize.obj
 0001:00021927       ?SV_Args@@YAPADXZ          00422927 f   sv_tokenize.obj
 0001:00022177       ?SV_Nextserver@@YAXXZ      00423177 f   sv_user.obj
 0001:00022206       ?SV_ExecuteUserCommand@@YAXPAD@Z 00423206 f   sv_user.obj
 0001:000222c8       ?SV_ClientThink@@YAXPAUclient_s@@PAUusercmd_t@@@Z 004232c8 f   sv_user.obj
 0001:0002230b       ?SV_ExecuteClientMessage@@YAXPAUclient_s@@@Z 0042330b f   sv_user.obj
 0001:00022529       ?SV_ClearWorld@@YAXXZ      00423529 f   sv_world.obj
 0001:00022681       ?SV_UnlinkEdict@@YAXPAUedict_s@@@Z 00423681 f   sv_world.obj
 0001:00022744       ?SV_LinkEdict@@YAXPAUedict_s@@@Z 00423744 f   sv_world.obj
 0001:00022d9c       ?SV_AreaEdicts@@YAHQBM0PAPAUedict_s@@HH@Z 00423d9c f   sv_world.obj
 0001:00022f4d       ?SV_PointContents@@YAHQBM@Z 00423f4d f   sv_world.obj
 0001:00023073       ?SV_ClipMoveToEntities@@YAXPAUtrace_t@@QBM111PAUedict_s@@H@Z 00424073 f   sv_world.obj
 0001:00023452       ?SV_Trace@@YAXPAUtrace_t@@QBM111PAUedict_s@@H@Z 00424452 f   sv_world.obj
 0001:0002350c       ?InitByteDirs@@YAXXZ       0042450c f   anorms.obj
 0001:0002354b       ?Cbuf_AddText@@YAXPBD@Z    0042454b f   cmd.obj
 0001:000235ad       ?Cbuf_CopyToDefer@@YAXXZ   004245ad f   cmd.obj
 0001:000235f5       ?Cbuf_InsertFromDefer@@YAXXZ 004245f5 f   cmd.obj
 0001:000236ae       ?Cbuf_Execute@@YAXXZ       004246ae f   cmd.obj
 0001:000237b4       ?Cmd_Unalias_f@@YAX_NHPAPAD@Z 004247b4 f   cmd.obj
 0001:0002382a       ?Cmd_WriteAliases@@YAXPAU_iobuf@@@Z 0042482a f   cmd.obj
 0001:0002385b       ?RegisterCommand@@YA_NPBDP6AXXZH@Z 0042485b f   cmd.obj
 0001:00023914       ?UnregisterCommand@@YA_NPBD@Z 00424914 f   cmd.obj
 0001:000239a5       ?Cmd_ExecuteString@@YA_NPBD@Z 004249a5 f   cmd.obj
 0001:00023dde       ?ExecuteCommand@@YA_NPBDPBUCSimpleCommand@@H@Z 00424dde f   cmd.obj
 0001:00023ea5       ?Cmd_Init@@YAXXZ           00424ea5 f   cmd.obj
 0001:000241f7       ?CM_LoadMap@@YAPAUcmodel_t@@PBD_NPAI@Z 004251f7 f   cmodel.obj
 0001:0002492b       ?PlaneTypeForNormal@@YAHQBM@Z 0042592b f i cmodel.obj
 0001:00024ae3       ?CM_InlineModel@@YAPAUcmodel_t@@PBD@Z 00425ae3 f   cmodel.obj
 0001:00024b24       ?CM_NumClusters@@YAHXZ     00425b24 f   cmodel.obj
 0001:00024b2a       ?CM_NumInlineModels@@YAHXZ 00425b2a f   cmodel.obj
 0001:00024b30       ?CM_EntityString@@YAPBDXZ  00425b30 f   cmodel.obj
 0001:00024b36       ?CM_LeafContents@@YAHH@Z   00425b36 f   cmodel.obj
 0001:00024b5d       ?CM_LeafCluster@@YAHH@Z    00425b5d f   cmodel.obj
 0001:00024bd3       ?CM_LeafArea@@YAHH@Z       00425bd3 f   cmodel.obj
 0001:00024d9a       ?CM_HeadnodeForBox@@YAHQAM0@Z 00425d9a f   cmodel.obj
 0001:00024e4f       ?CM_PointLeafnum@@YAHQBMH@Z 00425e4f f   cmodel.obj
 0001:00024ef1       ?DISTANCE_TO_PLANE@@YAMQBMPBUcplane_t@@@Z 00425ef1 f i cmodel.obj
 0001:00024f39       ?CM_PointContents@@YAHQBMH@Z 00425f39 f   cmodel.obj
 0001:00024fae       ?CM_TransformedPointContents@@YAHQBMHQAM1@Z 00425fae f   cmodel.obj
 0001:000250e7       ?CM_TransformedPointContents2@@YAHQBMHQAMPAY02M@Z 004260e7 f   cmodel.obj
 0001:000251d8       ?CM_BoxLeafnums@@YAHQBM0PAHH1H@Z 004261d8 f   cmodel.obj
 0001:000252ec       ?BOX_ON_PLANE_SIDE@@YAHQBM0PBUcplane_t@@@Z 004262ec f i cmodel.obj
 0001:00025371       ?CM_BoxTrace@@YAXPAUtrace_t@@QBM111HH@Z 00426371 f   cmodel.obj
 0001:00025d96       ?CM_TransformedBoxTrace@@YAXPAUtrace_t@@QBM111HH11@Z 00426d96 f   cmodel.obj
 0001:00026066       ?CM_TransformedBoxTrace2@@YAXPAUtrace_t@@QBM111HH1PAY02$$CBM@Z 00427066 f   cmodel.obj
 0001:0002627b       ?CM_BrushTrace@@YAHQBM0PAHH@Z 0042727b f   cmodel.obj
 0001:000266a1       ?CM_RefineBrushTrace@@YAHQBM0PAHH@Z 004276a1 f   cmodel.obj
 0001:00026747       ?CM_ClusterPVS@@YAPAEH@Z   00427747 f   cmodel.obj
 0001:0002688b       ?CM_ClusterPHS@@YAPAEH@Z   0042788b f   cmodel.obj
 0001:000269ee       ?CM_SetAreaPortalState@@YAXH_N@Z 004279ee f   cmodel.obj
 0001:00026a13       ?CM_AreasConnected@@YA_NHH@Z 00427a13 f   cmodel.obj
 0001:00026a57       ?CM_WriteAreaBits@@YAHPAEH@Z 00427a57 f   cmodel.obj
 0001:00026af9       ?CM_WritePortalState@@YAXPAU_iobuf@@@Z 00427af9 f   cmodel.obj
 0001:00026b13       ?CM_ReadPortalState@@YAXPAU_iobuf@@@Z 00427b13 f   cmodel.obj
 0001:00026b31       ?CM_HeadnodeVisible@@YA_NHPAE@Z 00427b31 f   cmodel.obj
 0001:00026c0c       ?Com_BeginRedirect@@YAXPADHP6AX0@Z@Z 00427c0c f   common.obj
 0001:00026c39       ?Com_EndRedirect@@YAXXZ    00427c39 f   common.obj
 0001:00026c58       ?Com_Printf@@YAXPBDZZ      00427c58 f   common.obj
 0001:00026e50       ?Com_DPrintf@@YAXPBDZZ     00427e50 f   common.obj
 0001:00026ec9       ?DebugPrintf@@YAXPBDZZ     00427ec9 f   common.obj
 0001:00026f73       ?Com_WPrintf@@YAXPBDZZ     00427f73 f   common.obj
 0001:00026fcd       ?Com_Quit@@YAXXZ           00427fcd f   common.obj
 0001:00026fed       ?IPWildcard@@YA_NPAUnetadr_t@@PAD@Z 00427fed f   common.obj
 0001:000270c7       ?Com_ServerState@@YA?AW4server_state_t@@XZ 004280c7 f   common.obj
 0001:000270cd       ?Com_SetServerState@@YAXW4server_state_t@@@Z 004280cd f   common.obj
 0001:000270d7       ?frand@@YAMXZ              004280d7 f   common.obj
 0001:000270ef       ?crand@@YAMXZ              004280ef f   common.obj
 0001:0002710d       ?Info_ValueForKey@@YAPBDPBD0@Z 0042810d f   common.obj
 0001:0002718c       ?Info_SetValueForKey@@YAXPADPBD1@Z 0042818c f   common.obj
 0001:000272ef       ?Info_Print@@YAXPBD@Z      004282ef f   common.obj
 0001:00027375       ?Com_CheckCmdlineVar@@YA_NPBD@Z 00428375 f   common.obj
 0001:000273cb       ?Com_Init@@YAXPBD@Z        004283cb f   common.obj
 0001:00027799       ?Com_Frame@@YAXM@Z         00428799 f   common.obj
 0001:00027ad9       ?Com_Shutdown@@YAXXZ       00428ad9 f   common.obj
 0001:00027af2       ?Com_BlockSequenceCRCByte@@YAEPAEHH@Z 00428af2 f   crc.obj
 0001:00027ba8       ?Cvar_VariableValue@@YAMPBD@Z 00428ba8 f   cvar.obj
 0001:00027c16       ?Cvar_VariableInt@@YAHPBD@Z 00428c16 f   cvar.obj
 0001:00027c29       ?Cvar_VariableString@@YAPADPBD@Z 00428c29 f   cvar.obj
 0001:00027c41       ?Cvar_Get@@YAPAUcvar_t@@PBD0H@Z 00428c41 f   cvar.obj
 0001:00027ef8       ?Cvar_GetVars@@YAXPBUcvarInfo_t@@H@Z 00428ef8 f   cvar.obj
 0001:00027fa2       ?Cvar_FullSet@@YAPAUcvar_t@@PBD0I@Z 00428fa2 f   cvar.obj
 0001:00027ffc       ?Cvar_SetValue@@YAPAUcvar_t@@PBDM@Z 00428ffc f   cvar.obj
 0001:00028222       ?Cvar_SetInteger@@YAPAUcvar_t@@PBDH@Z 00429222 f   cvar.obj
 0001:00028244       ?Cvar_Set@@YAPAUcvar_t@@PBD0@Z 00429244 f   cvar.obj
 0001:00028259       ?Cvar_ForceSet@@YAPAUcvar_t@@PBD0@Z 00429259 f   cvar.obj
 0001:0002826e       ?Cvar_Clamp@@YAMPAUcvar_t@@MM@Z 0042926e f   cvar.obj
 0001:000282cc       ?Cvar_ClampName@@YAMPBDMM@Z 004292cc f   cvar.obj
 0001:0002830b       ?Cvar_GetLatchedVars@@YAXXZ 0042930b f   cvar.obj
 0001:0002833a       ?Cvar_Command@@YA_NHPAPAD@Z 0042933a f   cvar.obj
 0001:000283d3       ?IsDefault@cvar_t@@QAE_NXZ 004293d3 f i cvar.obj
 0001:000283f0       ?Cvar_WriteVariables@@YAXPAU_iobuf@@HHPBD@Z 004293f0 f   cvar.obj
 0001:00028478       ?Cvar_Userinfo@@YAPBDXZ    00429478 f   cvar.obj
 0001:000284d3       ?Cvar_Serverinfo@@YAPBDXZ  004294d3 f   cvar.obj
 0001:000284dc       ?Cvar_Cheats@@YAX_N@Z      004294dc f   cvar.obj
 0001:0002852d       ?Cvar_Init@@YAXXZ          0042952d f   cvar.obj
 0001:00028bec       ?MSG_WriteDeltaEntity@@YAXPAVsizebuf_t@@PBUentity_state_t@@PAU2@_N3@Z 00429bec f   entdelta.obj
 0001:0002918f       ?MSG_WriteRemoveEntity@@YAXPAVsizebuf_t@@H@Z 0042a18f f   entdelta.obj
 0001:000291cf       ?MSG_ReadEntityBits@@YAHPAVsizebuf_t@@PAIPA_N@Z 0042a1cf f   entdelta.obj
 0001:00029240       ?MSG_ReadDeltaEntity@@YAXPAVsizebuf_t@@PBUentity_state_t@@PAU2@I@Z 0042a240 f   entdelta.obj
 0001:000292c3       ?MSG_WriteDeltaUsercmd@@YAXPAVsizebuf_t@@PBUusercmd_t@@PAU2@@Z 0042a2c3 f   entdelta.obj
 0001:00029352       ?MSG_ReadDeltaUsercmd@@YAXPAVsizebuf_t@@PBUusercmd_t@@PAU2@@Z 0042a352 f   entdelta.obj
 0001:000293d5       ?MSG_WriteDeltaPlayerstate@@YAXPAVsizebuf_t@@PBUplayer_state_t@@PAU2@@Z 0042a3d5 f   entdelta.obj
 0001:000294de       ?MSG_ReadDeltaPlayerstate@@YAXPAVsizebuf_t@@PBUplayer_state_t@@PAU2@@Z 0042a4de f   entdelta.obj
 0001:000295b2       ?FS_CreatePath@@YAXPBD@Z   0042a5b2 f   files.obj
 0001:00029618       ?FS_CopyFile@@YAXPBD0@Z    0042a618 f   files.obj
 0001:0002971b       ?FS_CopyFiles@@YAXPBD0@Z   0042a71b f   files.obj
 0001:000297f4       ?FS_RemoveFiles@@YAXPBD@Z  0042a7f4 f   files.obj
 0001:00029868       ?FS_FCloseFile@@YAXPAU_iobuf@@@Z 0042a868 f   files.obj
 0001:00029903       ?FS_FOpenFile@@YAHPBDPAPAU_iobuf@@@Z 0042a903 f   files.obj
 0001:00029e28       ?FS_FileExists@@YA_NPBD@Z  0042ae28 f   files.obj
 0001:0002a045       ?FS_Read@@YAXPAXHPAU_iobuf@@@Z 0042b045 f   files.obj
 0001:0002a2e5       ?FS_LoadFile@@YAPAXPBDPAI@Z 0042b2e5 f   files.obj
 0001:0002a33c       ?FS_FreeFile@@YAXPAX@Z     0042b33c f   files.obj
 0001:0002a347       ?FS_Gamedir@@YAPADXZ       0042b347 f   files.obj
 0001:0002a35b       ?FS_LoadGameConfig@@YAXXZ  0042b35b f   files.obj
 0001:0002a420       ?FS_SetGamedir@@YA_NPBD@Z  0042b420 f   files.obj
 0001:0002ab44       ?FS_ListFiles@@YA?AV?$TList@VCStringItem@@@@PBDPAHH@Z 0042bb44 f   files.obj
 0001:0002ae69       ?FS_NextPath@@YAPADPBD@Z   0042be69 f   files.obj
 0001:0002ae8d       ?FS_InitFilesystem@@YAXXZ  0042be8d f   files.obj
 0001:0002b83d       ?LoadPCX@@YAXPBDPAPAE1PAH2@Z 0042c83d f   images.obj
 0001:0002b987       ?LoadTGA@@YAXPBDPAPAEPAH2@Z 0042c987 f   images.obj
 0001:0002bb82       ?LoadJPG@@YAXPBDPAPAEPAH2@Z 0042cb82 f   images.obj
 0001:0002be15       ?ImageExists@@YAHPBDH@Z    0042ce15 f   images.obj
 0001:0002bf16       ?WriteTGA@@YA_NPBDPAEHH@Z  0042cf16 f   images.obj
 0001:0002c100       ?WriteJPG@@YA_NPBDPAEHH_N@Z 0042d100 f   images.obj
 0001:0002c227       ?MD4Init@@YAXPAUMD4_CTX@@@Z 0042d227 f   md4.obj
 0001:0002c24f       ?MD4Update@@YAXPAUMD4_CTX@@PAEI@Z 0042d24f f   md4.obj
 0001:0002c2ed       ?MD4Final@@YAXQAEPAUMD4_CTX@@@Z 0042d2ed f   md4.obj
 0001:0002c9de       ?Com_BlockChecksum@@YAIPAXH@Z 0042d9de f   md4.obj
 0001:0002ca1a       ?LoadQ2BspFile@@YAXXZ      0042da1a f   model.obj
 0001:0002cdf2       ?LoadBspFile@@YAPAUbspfile_t@@PBD_NPAI@Z 0042ddf2 f   model.obj
 0001:0002cfa0       ?ProcessEntstring@@YAPADPAD@Z 0042dfa0 f   model.obj
 0001:0002de50       ?Init@sizebuf_t@@QAEXPAXH@Z 0042ee50 f   msg.obj
 0001:0002de6b       ?Write@sizebuf_t@@QAEXPBXH@Z 0042ee6b f   msg.obj
 0001:0002dedb       ?MSG_WriteChar@@YAXPAVsizebuf_t@@H@Z 0042eedb f   msg.obj
 0001:0002dedb       ?MSG_WriteByte@@YAXPAVsizebuf_t@@H@Z 0042eedb f   msg.obj
 0001:0002deec       ?MSG_WriteShort@@YAXPAVsizebuf_t@@H@Z 0042eeec f   msg.obj
 0001:0002defd       ?MSG_WriteLong@@YAXPAVsizebuf_t@@H@Z 0042eefd f   msg.obj
 0001:0002defd       ?MSG_WriteFloat@@YAXPAVsizebuf_t@@M@Z 0042eefd f   msg.obj
 0001:0002df0e       ?MSG_WriteString@@YAXPAVsizebuf_t@@PBD@Z 0042ef0e f   msg.obj
 0001:0002df38       ?MSG_WritePos@@YAXPAVsizebuf_t@@QAM@Z 0042ef38 f   msg.obj
 0001:0002df9c       ?MSG_WriteAngle@@YAXPAVsizebuf_t@@M@Z 0042ef9c f   msg.obj
 0001:0002dfc7       ?MSG_WriteAngle16@@YAXPAVsizebuf_t@@M@Z 0042efc7 f   msg.obj
 0001:0002dff2       ?MSG_WriteDir@@YAXPAVsizebuf_t@@QAM@Z 0042eff2 f   msg.obj
 0001:0002e059       ?MSG_ReadDir@@YAXPAVsizebuf_t@@QAM@Z 0042f059 f   msg.obj
 0001:0002e08a       ?MSG_ReadChar@@YAHPAVsizebuf_t@@@Z 0042f08a f   msg.obj
 0001:0002e0aa       ?MSG_ReadByte@@YAHPAVsizebuf_t@@@Z 0042f0aa f   msg.obj
 0001:0002e0ca       ?MSG_ReadShort@@YAHPAVsizebuf_t@@@Z 0042f0ca f   msg.obj
 0001:0002e0ea       ?MSG_ReadLong@@YAHPAVsizebuf_t@@@Z 0042f0ea f   msg.obj
 0001:0002e109       ?MSG_ReadString@@YAPADPAVsizebuf_t@@@Z 0042f109 f   msg.obj
 0001:0002e13c       ?MSG_ReadPos@@YAXPAVsizebuf_t@@QAM@Z 0042f13c f   msg.obj
 0001:0002e18e       ?MSG_ReadAngle@@YAMPAVsizebuf_t@@@Z 0042f18e f   msg.obj
 0001:0002e1a8       ?MSG_ReadAngle16@@YAMPAVsizebuf_t@@@Z 0042f1a8 f   msg.obj
 0001:0002e1c2       ?MSG_ReadData@@YAXPAVsizebuf_t@@PAXH@Z 0042f1c2 f   msg.obj
 0001:0002e1e5       ?Netchan_Init@@YAXXZ       0042f1e5 f   net_chan.obj
 0001:0002e245       ?Netchan_OutOfBand@@YAXW4netsrc_t@@Unetadr_t@@HPAX@Z 0042f245 f   net_chan.obj
 0001:0002e2a5       ?Netchan_OutOfBandPrint@@YAXW4netsrc_t@@Unetadr_t@@PBDZZ 0042f2a5 f   net_chan.obj
 0001:0002e2ea       ?Netchan_Setup@@YAXW4netsrc_t@@PAUnetchan_t@@Unetadr_t@@H@Z 0042f2ea f   net_chan.obj
 0001:0002e342       ?Netchan_NeedReliable@@YA_NPAUnetchan_t@@@Z 0042f342 f   net_chan.obj
 0001:0002e36c       ?Netchan_Transmit@@YAXPAUnetchan_t@@HPAX@Z 0042f36c f   net_chan.obj
 0001:0002e508       ?Netchan_Process@@YA_NPAUnetchan_t@@PAVsizebuf_t@@@Z 0042f508 f   net_chan.obj
 0001:0002e631       ?Pmove@@YAXPAUpmove_t@@@Z  0042f631 f   pmove.obj
 0001:000303cb       ?NormalizeColor@@YAMQBMQAM@Z 004313cb f   q_shared2.obj
 0001:0003042c       ?NormalizeColor255@@YAMQBMQAM@Z 0043142c f   q_shared2.obj
 0001:00030491       ?Q_rsqrt@@YAMM@Z           00431491 f   q_shared2.obj
 0001:000304c1       ?AngleVectors@@YAXQBMQAM11@Z 004314c1 f   q_shared2.obj
 0001:00030622       ?MakeNormalVectors@@YAXQAM00@Z 00431622 f   q_shared2.obj
 0001:00030689       ?SetPlaneSignbits@@YAXPAUcplane_t@@@Z 00431689 f   q_shared2.obj
 0001:000306ac       ?LerpAngle@@YAMMMM@Z       004316ac f   q_shared2.obj
 0001:000306ef       ?anglemod@@YAMM@Z          004316ef f   q_shared2.obj
 0001:0003071b       ?BoxOnPlaneSide@@YAHQBM0PBUcplane_t@@@Z 0043171b f   q_shared2.obj
 0001:0003083e       ?ClearBounds@@YAXQAM0@Z    0043183e f   q_shared2.obj
 0001:00030867       ?AddPointToBounds@@YAXQBMQAM1@Z 00431867 f   q_shared2.obj
 0001:000308a0       ?VectorCompare@@YA_NQBM0@Z 004318a0 f   q_shared2.obj
 0001:000308cd       ?VectorNormalize@@YAMQAM@Z 004318cd f   q_shared2.obj
 0001:00030926       ?VectorNormalize2@@YAMQBMQAM@Z 00431926 f   q_shared2.obj
 0001:00030981       ?VectorNormalizeFast@@YAMQAM@Z 00431981 f   q_shared2.obj
 0001:000309d4       ?CrossProduct@@YAXQBM0QAM@Z 004319d4 f   q_shared2.obj
 0001:00030a0f       ?VectorLength@@YAMQBM@Z    00431a0f f   q_shared2.obj
 0001:00030a3e       ?VectorDistance@@YAMQBM0@Z 00431a3e f   q_shared2.obj
 0001:00030a6f       ?VectorScale@@YAXQBMMQAM@Z 00431a6f f   q_shared2.obj
 0001:00030a93       ?AnglesToAxis@@YAXQBMQAY02M@Z 00431a93 f   q_shared2.obj
 0001:00030ad1       ?ShortSwap@@YAFF@Z         00431ad1 f   q_shared2.obj
 0001:00030ae6       ?COM_Parse@@YAPADAAPBD_N@Z 00431ae6 f   q_shared2.obj
 0001:00030c0a       ?COM_QuoteString@@YAPBDPBD_N@Z 00431c0a f   q_shared2.obj
 0001:00030c65       ?Com_PageInMemory@@YAXPAXH@Z 00431c65 f   q_shared2.obj
 0001:00030c84       ?Zip_OpenArchive@@YAPAU_iobuf@@PAD@Z 00431c84 f   zip.obj
 0001:00030cef       ?Zip_CloseArchive@@YAXPAU_iobuf@@@Z 00431cef f   zip.obj
 0001:00030cfb       ?Zip_EnumArchive@@YA_NPAU_iobuf@@P6A_NPAUzipFile_t@@@Z@Z 00431cfb f   zip.obj
 0001:00030ed8       ?Zip_OpenFile@@YAPAUZFILE@@PAU_iobuf@@PAUzipFile_t@@@Z 00431ed8 f   zip.obj
 0001:00030fbc       ?Zip_ReadFile@@YAHPAUZFILE@@PAXH@Z 00431fbc f   zip.obj
 0001:000310b2       ?Zip_CloseFile@@YA_NPAUZFILE@@@Z 004320b2 f   zip.obj
 0001:000310f6       ?Zip_OpenBuf@@YAPAUZBUF@@PAXH@Z 004320f6 f   zip.obj
 0001:00031134       ?Zip_ReadBuf@@YAHPAUZBUF@@PAXH@Z 00432134 f   zip.obj
 0001:0003117c       ?Zip_CloseBuf@@YAXPAUZBUF@@@Z 0043217c f   zip.obj
 0001:00031191       _zcalloc                   00432191 f   zip.obj
 0001:000311a5       _zcfree                    004321a5 f   zip.obj
 0001:000311b0       ?CDAudio_Play2@@YAXH_N@Z   004321b0 f   cd_win.obj
 0001:0003138f       ?CDAudio_Play@@YAXH_N@Z    0043238f f   cd_win.obj
 0001:000313a6       ?CDAudio_Stop@@YAXXZ       004323a6 f   cd_win.obj
 0001:000313eb       ?CDAudio_Pause@@YAXXZ      004323eb f   cd_win.obj
 0001:00031444       ?CDAudio_Resume@@YAXXZ     00432444 f   cd_win.obj
 0001:000314b3       ?CDAudio_MessageHandler@@YAJPAUHWND__@@IIJ@Z 004324b3 f   cd_win.obj
 0001:0003154a       ?CDAudio_Update@@YAXXZ     0043254a f   cd_win.obj
 0001:0003157e       ?CDAudio_Init@@YAHXZ       0043257e f   cd_win.obj
 0001:00031930       ?CDAudio_Shutdown@@YAXXZ   00432930 f   cd_win.obj
 0001:00031963       ?CDAudio_Activate@@YAX_N@Z 00432963 f   cd_win.obj
 0001:00031974       ?IN_MouseEvent@@YAXH@Z     00432974 f   in_win.obj
 0001:000319de       ?IN_Commands@@YAXXZ        004329de f   in_win.obj
 0001:00031b0f       ?IN_Init@@YAXXZ            00432b0f f   in_win.obj
 0001:00031e55       ?IN_Shutdown@@YAXXZ        00432e55 f   in_win.obj
 0001:00031f39       ?IN_Move@@YAXPAUusercmd_t@@@Z 00432f39 f   in_win.obj
 0001:00032429       ?IN_Activate@@YAX_N@Z      00433429 f   in_win.obj
 0001:00032433       ?IN_Frame@@YAXXZ           00433433 f   in_win.obj
 0001:0003282e       ?NetadrToSockadr@@YAXPAUnetadr_t@@PAUsockaddr@@@Z 0043382e f   net_wins.obj
 0001:000328b3       ?SockadrToNetadr@@YAXPAUsockaddr@@PAUnetadr_t@@@Z 004338b3 f   net_wins.obj
 0001:00032903       ?NET_CompareAdr@@YA_NPAUnetadr_t@@0@Z 00433903 f   net_wins.obj
 0001:00032959       ?NET_CompareBaseAdr@@YA_NPAUnetadr_t@@0@Z 00433959 f   net_wins.obj
 0001:000329a4       ?NET_AdrToString@@YAPADPAUnetadr_t@@@Z 004339a4 f   net_wins.obj
 0001:00032a5d       ?NET_StringToAdr@@YA_NPBDPAUnetadr_t@@@Z 00433a5d f   net_wins.obj
 0001:00032ce7       ?NET_IsLocalAddress@@YA_NPAUnetadr_t@@@Z 00433ce7 f   net_wins.obj
 0001:00032cf3       ?NET_GetLoopPacket@@YA_NW4netsrc_t@@PAUnetadr_t@@PAVsizebuf_t@@@Z 00433cf3 f   net_wins.obj
 0001:00032d7e       ?NET_SendLoopPacket@@YAXW4netsrc_t@@HPAXUnetadr_t@@@Z 00433d7e f   net_wins.obj
 0001:00032dd3       ?NET_GetPacket@@YA_NW4netsrc_t@@PAUnetadr_t@@PAVsizebuf_t@@@Z 00433dd3 f   net_wins.obj
 0001:00032ef0       ?NET_SendPacket@@YAXW4netsrc_t@@HPAXUnetadr_t@@@Z 00433ef0 f   net_wins.obj
 0001:00032fc1       ?NET_Config@@YAX_N@Z       00433fc1 f   net_wins.obj
 0001:00033336       ?NET_Init@@YAXXZ           00434336 f   net_wins.obj
 0001:000333f0       ?Sys_Mkdir@@YAXPAD@Z       004343f0 f   fs_win.obj
 0001:000333fc       ?Sys_FindFirst@@YAPBDPBDH@Z 004343fc f   fs_win.obj
 0001:000334b6       ?Sys_FindNext@@YAPBDXZ     004344b6 f   fs_win.obj
 0001:00033520       ?Sys_FindClose@@YAXXZ      00434520 f   fs_win.obj
 0001:0003353a       ?SNDDMA_Init@@YA_NXZ       0043453a f   snd_win.obj
 0001:00033b79       ?SNDDMA_GetDMAPos@@YAHXZ   00434b79 f   snd_win.obj
 0001:00033bc3       ?SNDDMA_BeginPainting@@YAXXZ 00434bc3 f   snd_win.obj
 0001:00033cdb       ?SNDDMA_Submit@@YAXXZ      00434cdb f   snd_win.obj
 0001:00033d00       ?SNDDMA_Shutdown@@YAXXZ    00434d00 f   snd_win.obj
 0001:00033d05       ?S_Activate@@YAX_N@Z       00434d05 f   snd_win.obj
 0001:00033d30       ?Sys_Quit@@YAXXZ           00434d30 f   sys_win.obj
 0001:00033de8       ?Sys_Init@@YAXXZ           00434de8 f   sys_win.obj
 0001:00033e60       ?Sys_ConsoleInput@@YAPADXZ 00434e60 f   sys_win.obj
 0001:0003411b       ?Sys_ConsoleOutput@@YAXPBD@Z 0043511b f   sys_win.obj
 0001:000341a8       ?Sys_SendKeyEvents@@YAXXZ  004351a8 f   sys_win.obj
 0001:0003426a       ?Sys_UnloadGame@@YAXXZ     0043526a f   sys_win.obj
 0001:000342e5       ?Sys_GetGameAPI@@YAPAXPAX@Z 004352e5 f   sys_win.obj
 0001:0003443c       _WinMain@16                0043543c f   sys_win.obj
 0001:000346c2       ?Vid_CreateWindow@@YAPAXHH_N@Z 004356c2 f   vid_dll.obj
 0001:00034e53       ?Vid_DestroyWindow@@YAX_N@Z 00435e53 f   vid_dll.obj
 0001:00034e8e       ?Vid_Restart@@YAXXZ        00435e8e f   vid_dll.obj
 0001:00034e96       ?Vid_GetModeInfo@@YA_NPAH0H@Z 00435e96 f   vid_dll.obj
 0001:00034ec6       ?Vid_CheckChanges@@YAXXZ   00435ec6 f   vid_dll.obj
 0001:000351c3       ?Vid_Init@@YAXXZ           004361c3 f   vid_dll.obj
 0001:00035294       ?Vid_Shutdown@@YAXXZ       00436294 f   vid_dll.obj
 0001:000352b4       ?GL_BackEnd@@YAXXZ         004362b4 f   gl_backend.obj
 0001:000388b4       ?GL_InitBackend@@YAXXZ     004398b4 f   gl_backend.obj
 0001:000388e8       ?GL_ShutdownBackend@@YAXXZ 004398e8 f   gl_backend.obj
 0001:000388fc       ?GL_AllocDynamicMemory@@YAPAXH@Z 004398fc f   gl_buffers.obj
 0001:00038967       ?GL_ResizeDynamicMemory@@YAXPAXH@Z 00439967 f   gl_buffers.obj
 0001:000389a9       ?GL_AddSurfaceToPortal@@YAXPAUsurfaceCommon_t@@PAUshader_t@@HH@Z 004399a9 f   gl_buffers.obj
 0001:00038a12       ?GL_AddDynamicSurface@@YAPAUsurfaceCommon_t@@PAUshader_t@@H@Z 00439a12 f   gl_buffers.obj
 0001:00038a3a       ?GL_InsertShaderIndex@@YAXH@Z 00439a3a f   gl_buffers.obj
 0001:00038a73       ?GL_ClearPortal@@YAXXZ     00439a73 f   gl_buffers.obj
 0001:00038a91       ?GL_FinishPortal@@YAXXZ    00439a91 f   gl_buffers.obj
 0001:00038ae2       ?GL_SortSurfaces@@YAXPAUviewPortal_t@@PAPAUsurfaceInfo_t@@@Z 00439ae2 f   gl_buffers.obj
 0001:00038c74       ?GL_ClearBuffers@@YAXXZ    00439c74 f   gl_buffers.obj
 0001:00038c8b       ?GL_CreateBuffers@@YAXXZ   00439c8b f   gl_buffers.obj
 0001:00038cb1       ?GL_FreeBuffers@@YAXXZ     00439cb1 f   gl_buffers.obj
 0001:00038cd5       ?GL_AddEntity@@YAXPAUentity_t@@@Z 00439cd5 f   gl_frontend.obj
 0001:00039149       ?GL_AddDlight@@YAXPAUdlight_t@@@Z 0043a149 f   gl_frontend.obj
 0001:00039301       ?GL_DrawPortal@@YAXXZ      0043a301 f   gl_frontend.obj
 0001:0003bdea       ?GL_TextureMode@@YAXPBD@Z  0043cdea f   gl_image.obj
 0001:0003be92       ?GL_CreateImage@@YAPAUimage_t@@PBDPAXHHI@Z 0043ce92 f   gl_image.obj
 0001:0003cc03       ?GL_LoadDelayedImages@@YAXXZ 0043dc03 f   gl_image.obj
 0001:0003cc96       ?GL_DrawStretchRaw8@@YAXHHHHHHPAEPAI@Z 0043dc96 f   gl_image.obj
 0001:0003d057       ?GL_SetupGamma@@YAXXZ      0043e057 f   gl_image.obj
 0001:0003d19c       ?GL_PerformScreenshot@@YAXXZ 0043e19c f   gl_image.obj
 0001:0003d429       ?GL_InitImages@@YAXXZ      0043e429 f   gl_image.obj
 0001:0003dbfd       ?GL_ShutdownImages@@YAXXZ  0043ebfd f   gl_image.obj
 0001:0003dc64       ?GL_ShowImages@@YAXXZ      0043ec64 f   gl_image.obj
 0001:0003deec       ?GL_FindImage@@YAPAUimage_t@@PBDI@Z 0043eeec f   gl_image.obj
 0001:0003e18e       ?GL_Lock@@YAXXZ            0043f18e f   gl_interface.obj
 0001:0003e206       ?GL_Unlock@@YAXXZ          0043f206 f   gl_interface.obj
 0001:0003e3c8       ?GL_Bind@@YAXPAUimage_t@@@Z 0043f3c8 f   gl_interface.obj
 0001:0003e4f2       ?GL_BindForce@@YAXPAUimage_t@@@Z 0043f4f2 f   gl_interface.obj
 0001:0003e570       ?GL_TexEnv@@YAXI@Z         0043f570 f   gl_interface.obj
 0001:0003e6ef       ?GL_TexMipBias@@YAXM@Z     0043f6ef f   gl_interface.obj
 0001:0003e74a       ?GL_TexEnvColor@@YAXPATcolor_t@@@Z 0043f74a f   gl_interface.obj
 0001:0003e7fa       ?GL_SelectTexture@@YAXH@Z  0043f7fa f   gl_interface.obj
 0001:0003e85b       ?GL_TexCoordPointer@@YAXPAX@Z 0043f85b f   gl_interface.obj
 0001:0003e88b       ?GL_SetMultitexture@@YAXH@Z 0043f88b f   gl_interface.obj
 0001:0003e971       ?GL_DisableTexCoordArrays@@YAXXZ 0043f971 f   gl_interface.obj
 0001:0003e9c5       ?GL_CullFace@@YAXW4gl_cullMode_t@@@Z 0043f9c5 f   gl_interface.obj
 0001:0003ea16       ?GL_DepthRange@@YAXW4gl_depthMode_t@@@Z 0043fa16 f   gl_interface.obj
 0001:0003ea49       ?GL_State@@YAXI@Z          0043fa49 f   gl_interface.obj
 0001:0003eba2       ?GL_EnableFog@@YAX_N@Z     0043fba2 f   gl_interface.obj
 0001:0003ec9a       ?GL_SetDefaultState@@YAXXZ 0043fc9a f   gl_interface.obj
 0001:0003ede8       ?GL_Set2DMode@@YAXXZ       0043fde8 f   gl_interface.obj
 0001:0003eee3       ?GL_Setup@@YAXPAUviewPortal_t@@@Z 0043fee3 f   gl_interface.obj
 0001:0003efcb       ?GL_ShowLights@@YAXXZ      0043ffcb f   gl_light.obj
 0001:0003f3f0       ?GL_LightForEntity@@YAXPAUrefEntity_t@@@Z 004403f0 f   gl_light.obj
 0001:00040656       ?GL_DiffuseLight@@YAXPATcolor_t@@M@Z 00441656 f   gl_light.obj
 0001:000407ce       ?GL_InitLightGrid@@YAXXZ   004417ce f   gl_light.obj
 0001:00040874       ?GL_PostLoadLights@@YAXXZ  00441874 f   gl_light.obj
 0001:00040b12       ?LM_Init@@YAXXZ            00441b12 f   gl_lightmap.obj
 0001:00040b28       ?LM_Flush@@YAXPAUlightmapBlock_t@@@Z 00441b28 f   gl_lightmap.obj
 0001:00040b85       ?LM_Done@@YAXXZ            00441b85 f   gl_lightmap.obj
 0001:00040bac       ?LM_Save@@YAXPAUlightmapBlock_t@@@Z 00441bac f   gl_lightmap.obj
 0001:00040bc4       ?LM_Restore@@YAXPAUlightmapBlock_t@@@Z 00441bc4 f   gl_lightmap.obj
 0001:00040bdc       ?LM_NewBlock@@YAPAUlightmapBlock_t@@XZ 00441bdc f   gl_lightmap.obj
 0001:00040c4c       ?LM_Rewind@@YAXXZ          00441c4c f   gl_lightmap.obj
 0001:00040c54       ?LM_NextBlock@@YAPAUlightmapBlock_t@@XZ 00441c54 f   gl_lightmap.obj
 0001:00040c81       ?LM_CheckMinlight@@YAXPAUdynamicLightmap_t@@@Z 00441c81 f   gl_lightmap.obj
 0001:00040d17       ?LM_AllocBlock@@YA_NPAUlightmapBlock_t@@PAUdynamicLightmap_t@@@Z 00441d17 f   gl_lightmap.obj
 0001:00040dce       ?LM_PutBlock@@YAXPAUdynamicLightmap_t@@@Z 00441dce f   gl_lightmap.obj
 0001:000411fb       ?LM_SortLightStyles@@YAXPAUdynamicLightmap_t@@@Z 004421fb f   gl_lightmap.obj
 0001:0004128c       ?GL_UpdateDynamicLightmap@@YAXPAUshader_t@@PAUsurfacePlanar_t@@_NI@Z 0044228c f   gl_lightmap.obj
 0001:00041788       ?LM_IsMonotone@@YA_NPAUdynamicLightmap_t@@PATcolor_t@@@Z 00442788 f   gl_lightmap.obj
 0001:0004188f       ?GL_EnableRendering@@YAX_N@Z 0044288f f   gl_main.obj
 0001:000418aa       ?GL_DrawStretchPic@@YAXPAUshader_t@@HHHHMMMMIE@Z 004428aa f   gl_main.obj
 0001:00041976       ?DrawTextLeft@@YAXPBDI@Z   00442976 f   gl_main.obj
 0001:00041ae4       ?DrawTextRight@@YAXPBDI@Z  00442ae4 f   gl_main.obj
 0001:00041b2e       ?DrawText3D@@YAXQAMPBDI@Z  00442b2e f   gl_main.obj
 0001:00041b5b       ?GL_GetRefAPI@@YA?AUrefExport_t@@XZ 00442b5b f   gl_main.obj
 0001:0004349f       ?GL_InitFuncTables@@YAXXZ  0044449f f   gl_math.obj
 0001:00043650       ?ModelToWorldCoord@@YAXQAMPAUrefEntity_t@@0@Z 00444650 f   gl_math.obj
 0001:000436c1       ?WorldToModelCoord@@YAXQAMPAUrefEntity_t@@0@Z 004446c1 f   gl_math.obj
 0001:00043708       ?BuildRotationMatrix@@YAXQAY02MQAMM@Z 00444708 f   gl_math.obj
 0001:00043802       ?GetBoxRect@@YA_NPAUrefEntity_t@@QAM11_N@Z 00444802 f   gl_math.obj
 0001:00043b73       ?ProjectToScreen@@YA_NQAMPAH@Z 00444b73 f   gl_math.obj
 0001:00043cb6       ?SaturateColor3f@@YAXQAM@Z 00444cb6 f   gl_math.obj
 0001:00043da6       ?SaturateColor4b@@YAXPATcolor_t@@@Z 00444da6 f   gl_math.obj
 0001:00043eb4       ?GL_FindModel@@YAPAUmodel_t@@PBD@Z 00444eb4 f   gl_model.obj
 0001:00043fb8       ?GL_LoadWorldMap@@YAXPBD@Z 00444fb8 f   gl_model.obj
 0001:00045ab6       ?GL_PointInLeaf@@YAPAUnode_t@@QAM@Z 00446ab6 f   gl_model.obj
 0001:000465f4       ?ATAN2_FUNC@@YAMMM@Z       004475f4 f i gl_model.obj
 0001:0004679f       ?GL_FindSkin@@YAPAUshader_t@@PBD@Z 0044779f f   gl_model.obj
 0001:00046901       ?GL_ResetModels@@YAXXZ     00447901 f   gl_model.obj
 0001:000469ca       ?GL_InitModels@@YAXXZ      004479ca f   gl_model.obj
 0001:00046ab2       ?GL_ShutdownModels@@YAXXZ  00447ab2 f   gl_model.obj
 0001:00046ac8       ?SubdividePlane@@YAHPAPAY02MHM@Z 00447ac8 f   gl_poly.obj
 0001:00046f1b       ?FreeSubdividedPlane@@YAXXZ 00447f1b f   gl_poly.obj
 0001:00046f33       ?GetSubdivideIndexes@@YAXPAH@Z 00447f33 f   gl_poly.obj
 0001:00046f86       ?RemoveCollinearPoints@@YAHPAPAY02MH@Z 00447f86 f   gl_poly.obj
 0001:00047081       ?GetPolyArea@@YAMPAPAY02MH@Z 00448081 f   gl_poly.obj
 0001:00047115       ?GL_InitShaders@@YAXXZ     00448115 f   gl_shader.obj
 0001:00047266       ?GL_ShutdownShaders@@YAXXZ 00448266 f   gl_shader.obj
 0001:00047290       ?GetLightmapImage@@YAPAUimage_t@@H@Z 00448290 f   gl_shader.obj
 0001:000472b8       ?GL_SetShaderLightmap@@YAPAUshader_t@@PAU1@H@Z 004482b8 f   gl_shader.obj
 0001:0004768d       ?GL_SetShaderLightstyles@@YAPAUshader_t@@PAU1@I@Z 0044868d f   gl_shader.obj
 0001:00047729       ?GL_GetAlphaShader@@YAPAUshader_t@@PAU1@@Z 00448729 f   gl_shader.obj
 0001:000479ef       ?GL_FindShader@@YAPAUshader_t@@PBDI@Z 004489ef f   gl_shader.obj
 0001:00048010       ?GL_GetShaderByNum@@YAPAUshader_t@@H@Z 00449010 f   gl_shader.obj
 0001:0004802e       ?GL_ResetShaders@@YAXXZ    0044902e f   gl_shader.obj
 0001:00048500       ?GL_ClearSkyBox@@YAXXZ     00449500 f   gl_sky.obj
 0001:00048517       ?GL_SetSkyRotate@@YAXMQAM@Z 00449517 f   gl_sky.obj
 0001:0004854f       ?GL_SkyVisible@@YA_NXZ     0044954f f   gl_sky.obj
 0001:00048568       ?GL_AddSkySurface@@YAXPAUsurfacePlanar_t@@QAME@Z 00449568 f   gl_sky.obj
 0001:00048b77       ?GL_TesselateSkySide@@YAHHPAUbufVertex_t@@PAUbufTexCoord_t@@M@Z 00449b77 f   gl_sky.obj
 0001:0004a4cf       ?QGL_Shutdown@@YAXXZ       0044b4cf f   qgl_win.obj
 0001:0004a50d       ?QGL_Init@@YA_NPBD@Z       0044b50d f   qgl_win.obj
 0001:0004a590       ?QGL_InitExtensions@@YAXXZ 0044b590 f   qgl_win.obj
 0001:0004aa7c       ?QGL_PrintExtensionsString@@YAXPBD00@Z 0044ba7c f   qgl_win.obj
 0001:0004abc9       ?QGL_EnableLogging@@YAX_N@Z 0044bbc9 f   qgl_win.obj
 0001:0004ac83       ?QGL_LogMessage@@YAXPBD@Z  0044bc83 f   qgl_win.obj
 0001:0004ac9a       ?GLimp_HasGamma@@YA_NXZ    0044bc9a f   glw_imp.obj
 0001:0004acae       ?GLimp_SetGamma@@YAXM@Z    0044bcae f   glw_imp.obj
 0001:0004ae56       ?GLimp_SetMode@@YA_NPAI0H_N@Z 0044be56 f   glw_imp.obj
 0001:0004b2c3       ?GLimp_Shutdown@@YAX_N@Z   0044c2c3 f   glw_imp.obj
 0001:0004b370       ?GLimp_SwapBuffers@@YAXXZ  0044c370 f   glw_imp.obj
 0001:0004b3f3       ?GLimp_AppActivate@@YAX_N@Z 0044c3f3 f   glw_imp.obj
 0001:0004b4e0       _jpeg_CreateDecompress     0044c4e0 f   lib:jdapimin.obj
 0001:0004b5a0       _jpeg_read_header          0044c5a0 f   lib:jdapimin.obj
 0001:0004b602       _jpeg_consume_input        0044c602 f   lib:jdapimin.obj
 0001:0004b851       _jpeg_finish_decompress    0044c851 f   lib:jdapimin.obj
 0001:0004b8e8       _jpeg_start_decompress     0044c8e8 f   lib:jdapistd.obj
 0001:0004ba55       _jpeg_read_scanlines       0044ca55 f   lib:jdapistd.obj
 0001:0004bad9       _jpeg_resync_to_restart    0044cad9 f   lib:jdmarker.obj
 0001:0004bc9e       _jinit_marker_reader       0044cc9e f   lib:jdmarker.obj
 0001:0004d169       _jpeg_CreateCompress       0044e169 f   lib:jcapimin.obj
 0001:0004d21d       _jpeg_destroy_compress     0044e21d f   lib:jcapimin.obj
 0001:0004d21d       _jpeg_destroy_decompress   0044e21d f   lib:jcapimin.obj
 0001:0004d228       _jpeg_suppress_tables      0044e228 f   lib:jcapimin.obj
 0001:0004d272       _jpeg_finish_compress      0044e272 f   lib:jcapimin.obj
 0001:0004d35c       _jpeg_start_compress       0044e35c f   lib:jcapistd.obj
 0001:0004d3c8       _jpeg_write_scanlines      0044e3c8 f   lib:jcapistd.obj
 0001:0004d473       _jpeg_add_quant_table      0044e473 f   lib:jcparam.obj
 0001:0004d525       _jpeg_quality_scaling      0044e525 f   lib:jcparam.obj
 0001:0004d54c       _jpeg_set_quality          0044e54c f   lib:jcparam.obj
 0001:0004d586       _jpeg_set_defaults         0044e586 f   lib:jcparam.obj
 0001:0004d74c       _jpeg_default_colorspace   0044e74c f   lib:jcparam.obj
 0001:0004d79c       _jpeg_set_colorspace       0044e79c f   lib:jcparam.obj
 0001:0004dab7       _jpeg_stdio_dest           0044eab7 f   lib:jdatadst.obj
 0001:0004dcb6       _crc32                     0044ecb6 f   lib:crc32.obj
 0001:0004df50       _inflateReset              0044ef50 f   lib:inflate.obj
 0001:0004df97       _inflateInit2_             0044ef97 f   lib:inflate.obj
 0001:0004e050       _inflate                   0044f050 f   lib:inflate.obj
 0001:0004f31f       _inflateEnd                0045031f f   lib:inflate.obj
 0001:0004f35d       _jinit_input_controller    0045035d f   lib:jdinput.obj
 0001:0004f840       _jinit_memory_mgr          00450840 f   lib:jmemmgr.obj
 0001:0005037c       _jpeg_abort                0045137c f   lib:jcomapi.obj
 0001:000503af       _jpeg_destroy              004513af f   lib:jcomapi.obj
 0001:000503ca       _jpeg_alloc_quant_table    004513ca f   lib:jcomapi.obj
 0001:000503e6       _jpeg_alloc_huff_table     004513e6 f   lib:jcomapi.obj
 0001:00050402       _jpeg_calc_output_dimensions 00451402 f   lib:jdmaster.obj
 0001:00050502       _jinit_master_decompress   00451502 f   lib:jdmaster.obj
 0001:00050858       _jdiv_round_up             00451858 f   lib:jutils.obj
 0001:00050868       _jround_up                 00451868 f   lib:jutils.obj
 0001:00050880       _jcopy_sample_rows         00451880 f   lib:jutils.obj
 0001:000508be       _jcopy_block_row           004518be f   lib:jutils.obj
 0001:000508d7       _jzero_far                 004518d7 f   lib:jutils.obj
 0001:000508ea       _jinit_marker_writer       004518ea f   lib:jcmarker.obj
 0001:000511c6       _jinit_compress_master     004521c6 f   lib:jcinit.obj
 0001:0005121f       _inflate_fast              0045221f f   lib:inffast.obj
 0001:000515d4       _inflate_table             004525d4 f   lib:inftrees.obj
 0001:0005195d       _adler32                   0045295d f   lib:adler32.obj
 0001:00051a76       _jinit_c_codec             00452a76 f   lib:jcodec.obj
 0001:00051a92       _jinit_d_codec             00452a92 f   lib:jcodec.obj
 0001:00051aae       _jpeg_get_large            00452aae f   lib:jmemnobs.obj
 0001:00051aae       _jpeg_get_small            00452aae f   lib:jmemnobs.obj
 0001:00051aba       _jpeg_free_large           00452aba f   lib:jmemnobs.obj
 0001:00051aba       _jpeg_free_small           00452aba f   lib:jmemnobs.obj
 0001:00051ac6       _jpeg_mem_available        00452ac6 f   lib:jmemnobs.obj
 0001:00051acb       _jpeg_open_backing_store   00452acb f   lib:jmemnobs.obj
 0001:00051adf       _jinit_d_main_controller   00452adf f   lib:jdmainct.obj
 0001:0005212a       _jinit_d_post_controller   0045312a f   lib:jdpostct.obj
 0001:000523d5       _jinit_upsampler           004533d5 f   lib:jdsample.obj
 0001:00052a13       _jinit_color_deconverter   00453a13 f   lib:jdcolor.obj
 0001:00052f29       _jinit_merged_upsampler    00453f29 f   lib:jdmerge.obj
 0001:00053479       _jinit_2pass_quantizer     00454479 f   lib:jquant2.obj
 0001:0005453c       _jinit_1pass_quantizer     0045553c f   lib:jquant1.obj
 0001:00054f62       _jinit_c_main_controller   00455f62 f   lib:jcmainct.obj
 0001:000550cf       _jinit_c_prep_controller   004560cf f   lib:jcprepct.obj
 0001:0005561a       _jinit_downsampler         0045661a f   lib:jcsample.obj
 0001:00055e9a       _jinit_color_converter     00456e9a f   lib:jccolor.obj
 0001:00056484       _jinit_c_master_control    00457484 f   lib:jcmaster.obj
 0001:00056f73       _jinit_lossy_c_codec       00457f73 f   lib:jclossy.obj
 0001:0005700e       _jinit_lossless_c_codec    0045800e f   lib:jclossls.obj
 0001:000570a6       _jinit_lossy_d_codec       004580a6 f   lib:jdlossy.obj
 0001:00057379       _jinit_lossless_d_codec    00458379 f   lib:jdlossls.obj
 0001:00057429       _jinit_c_coef_controller   00458429 f   lib:jccoefct.obj
 0001:00057b0a       _jinit_shuff_encoder       00458b0a f   lib:jcshuff.obj
 0001:00058372       _jinit_phuff_encoder       00459372 f   lib:jcphuff.obj
 0001:00058e17       _jinit_forward_dct         00459e17 f   lib:jcdctmgr.obj
 0001:000590e6       _jinit_c_diff_controller   0045a0e6 f   lib:jcdiffct.obj
 0001:0005960a       _jinit_lhuff_encoder       0045a60a f   lib:jclhuff.obj
 0001:00059d37       _jinit_differencer         0045ad37 f   lib:jcpred.obj
 0001:0005a251       _jinit_c_scaler            0045b251 f   lib:jcscale.obj
 0001:0005a2c7       _jinit_d_coef_controller   0045b2c7 f   lib:jdcoefct.obj
 0001:0005afa0       _jinit_shuff_decoder       0045bfa0 f   lib:jdshuff.obj
 0001:0005b535       _jinit_phuff_decoder       0045c535 f   lib:jdphuff.obj
 0001:0005c0d2       _jinit_inverse_dct         0045d0d2 f   lib:jddctmgr.obj
 0001:0005c2b6       _jinit_d_diff_controller   0045d2b6 f   lib:jddiffct.obj
 0001:0005c7e4       _jinit_d_scaler            0045d7e4 f   lib:jdscale.obj
 0001:0005c8e3       _jinit_undifferencer       0045d8e3 f   lib:jdpred.obj
 0001:0005cc9d       _jinit_lhuff_decoder       0045dc9d f   lib:jdlhuff.obj
 0001:0005d092       _jpeg_make_c_derived_tbl   0045e092 f   lib:jchuff.obj
 0001:0005d294       _jpeg_gen_optimal_table    0045e294 f   lib:jchuff.obj
 0001:0005d453       _jpeg_fdct_float           0045e453 f   lib:jfdctflt.obj
 0001:0005d658       _jpeg_make_d_derived_tbl   0045e658 f   lib:jdhuff.obj
 0001:0005d8f5       _jpeg_fill_bit_buffer      0045e8f5 f   lib:jdhuff.obj
 0001:0005da04       _jpeg_huff_decode          0045ea04 f   lib:jdhuff.obj
 0001:0005dae4       _jpeg_idct_4x4             0045eae4 f   lib:jidctred.obj
 0001:0005ddd2       _jpeg_idct_2x2             0045edd2 f   lib:jidctred.obj
 0001:0005df94       _jpeg_idct_1x1             0045ef94 f   lib:jidctred.obj
 0001:0005dfd0       _jpeg_idct_float           0045efd0 f   lib:jidctflt.obj
 0001:0005e3b0       __except_handler3          0045f3b0 f   MSVCRT:MSVCRT.dll
 0001:0005e3c0       __chkstk                   0045f3c0 f   MSVCRT:chkstk.obj
 0001:0005e3c0       __alloca_probe             0045f3c0 f   MSVCRT:chkstk.obj
 0001:0005e3ef       ??_Gtype_info@@UAEPAXI@Z   0045f3ef f i MSVCRT:ti_inst.obj
 0001:0005e3ef       ??_Etype_info@@UAEPAXI@Z   0045f3ef f i MSVCRT:ti_inst.obj
 0001:0005e40c       __CxxThrowException@8      0045f40c f   MSVCRT:MSVCRT.dll
 0001:0005e412       _strcpy                    0045f412 f   MSVCRT:MSVCRT.dll
 0001:0005e418       _strlen                    0045f418 f   MSVCRT:MSVCRT.dll
 0001:0005e41e       _strcmp                    0045f41e f   MSVCRT:MSVCRT.dll
 0001:0005e424       _sin                       0045f424 f   MSVCRT:MSVCRT.dll
 0001:0005e42a       _tan                       0045f42a f   MSVCRT:MSVCRT.dll
 0001:0005e430       _cos                       0045f430 f   MSVCRT:MSVCRT.dll
 0001:0005e436       _strcat                    0045f436 f   MSVCRT:MSVCRT.dll
 0001:0005e43c       _fmod                      0045f43c f   MSVCRT:MSVCRT.dll
 0001:0005e442       _atan2                     0045f442 f   MSVCRT:MSVCRT.dll
 0001:0005e448       _acos                      0045f448 f   MSVCRT:MSVCRT.dll
 0001:0005e44e       _sqrt                      0045f44e f   MSVCRT:MSVCRT.dll
 0001:0005e454       _atan                      0045f454 f   MSVCRT:MSVCRT.dll
 0001:0005e45a       _memcpy                    0045f45a f   MSVCRT:MSVCRT.dll
 0001:0005e460       _memset                    0045f460 f   MSVCRT:MSVCRT.dll
 0001:0005e466       _pow                       0045f466 f   MSVCRT:MSVCRT.dll
 0001:0005e46c       _asin                      0045f46c f   MSVCRT:MSVCRT.dll
 0001:0005e472       _WinMainCRTStartup         0045f472 f   MSVCRT:crtexew.obj
 0001:0005e5d0       __ftol                     0045f5d0 f   MSVCRT:MSVCRT.dll
 0001:0005e5d6       ??1type_info@@UAE@XZ       0045f5d6 f   MSVCRT:MSVCRT.dll
 0001:0005e5dc       __XcptFilter               0045f5dc f   MSVCRT:MSVCRT.dll
 0001:0005e5e2       __initterm                 0045f5e2 f   MSVCRT:MSVCRT.dll
 0001:0005e5e8       __setdefaultprecision      0045f5e8 f   MSVCRT:fp8.obj
 0001:0005e5fa       __matherr                  0045f5fa f   MSVCRT:merr.obj
 0001:0005e5fa       _jpeg_mem_init             0045f5fa f   MSVCRT:merr.obj
 0001:0005e5fd       __setargv                  0045f5fd f   MSVCRT:dllargv.obj
 0001:0005e5fd       _jpeg_mem_term             0045f5fd f   MSVCRT:dllargv.obj
 0001:0005e5fe       __controlfp                0045f5fe f   MSVCRT:MSVCRT.dll
 0002:00000000       __imp__SetDeviceGammaRamp@8 00460000     gdi32:GDI32.dll
 0002:00000004       __imp__GetDeviceGammaRamp@8 00460004     gdi32:GDI32.dll
 0002:00000008       __imp__DescribePixelFormat@16 00460008     gdi32:GDI32.dll
 0002:0000000c       __imp__SetPixelFormat@12   0046000c     gdi32:GDI32.dll
 0002:00000010       __imp__ChoosePixelFormat@8 00460010     gdi32:GDI32.dll
 0002:00000014       __imp__SwapBuffers@4       00460014     gdi32:GDI32.dll
 0002:00000018       __imp__GetDeviceCaps@8     00460018     gdi32:GDI32.dll
 0002:0000001c       \177GDI32_NULL_THUNK_DATA  0046001c     gdi32:GDI32.dll
 0002:00000020       __imp__GetDriveTypeA@4     00460020     kernel32:KERNEL32.dll
 0002:00000024       __imp__SetErrorMode@4      00460024     kernel32:KERNEL32.dll
 0002:00000028       __imp__GetStdHandle@4      00460028     kernel32:KERNEL32.dll
 0002:0000002c       __imp__AllocConsole@0      0046002c     kernel32:KERNEL32.dll
 0002:00000030       __imp__ReadConsoleInputA@16 00460030     kernel32:KERNEL32.dll
 0002:00000034       __imp__GetNumberOfConsoleInputEvents@8 00460034     kernel32:KERNEL32.dll
 0002:00000038       __imp__FreeConsole@0       00460038     kernel32:KERNEL32.dll
 0002:0000003c       __imp__SetConsoleTextAttribute@8 0046003c     kernel32:KERNEL32.dll
 0002:00000040       __imp__SetPriorityClass@8  00460040     kernel32:KERNEL32.dll
 0002:00000044       __imp__GetCurrentProcess@0 00460044     kernel32:KERNEL32.dll
 0002:00000048       __imp__GetVersionExA@4     00460048     kernel32:KERNEL32.dll
 0002:0000004c       __imp__Sleep@4             0046004c     kernel32:KERNEL32.dll
 0002:00000050       __imp__LoadLibraryA@4      00460050     kernel32:KERNEL32.dll
 0002:00000054       __imp__GetStartupInfoA@4   00460054     kernel32:KERNEL32.dll
 0002:00000058       __imp__GetModuleHandleA@4  00460058     kernel32:KERNEL32.dll
 0002:0000005c       __imp__GetProcAddress@8    0046005c     kernel32:KERNEL32.dll
 0002:00000060       __imp__FreeLibrary@4       00460060     kernel32:KERNEL32.dll
 0002:00000064       __imp__IsBadReadPtr@8      00460064     kernel32:KERNEL32.dll
 0002:00000068       __imp__VirtualQuery@12     00460068     kernel32:KERNEL32.dll
 0002:0000006c       __imp__WriteFile@20        0046006c     kernel32:KERNEL32.dll
 0002:00000070       __imp__GetModuleFileNameA@12 00460070     kernel32:KERNEL32.dll
 0002:00000074       \177KERNEL32_NULL_THUNK_DATA 00460074     kernel32:KERNEL32.dll
 0002:00000078       __imp____p__commode        00460078     MSVCRT:MSVCRT.dll
 0002:0000007c       __imp___adjust_fdiv        0046007c     MSVCRT:MSVCRT.dll
 0002:00000080       __imp____setusermatherr    00460080     MSVCRT:MSVCRT.dll
 0002:00000084       __imp____p__fmode          00460084     MSVCRT:MSVCRT.dll
 0002:00000088       __imp____getmainargs       00460088     MSVCRT:MSVCRT.dll
 0002:0000008c       __imp___acmdln             0046008c     MSVCRT:MSVCRT.dll
 0002:00000090       __imp___XcptFilter         00460090     MSVCRT:MSVCRT.dll
 0002:00000094       __imp___exit               00460094     MSVCRT:MSVCRT.dll
 0002:00000098       __imp_??1type_info@@UAE@XZ 00460098     MSVCRT:MSVCRT.dll
 0002:0000009c       __imp___ftol               0046009c     MSVCRT:MSVCRT.dll
 0002:000000a0       __imp__fflush              004600a0     MSVCRT:MSVCRT.dll
 0002:000000a4       __imp___winmajor           004600a4     MSVCRT:MSVCRT.dll
 0002:000000a8       __imp__asin                004600a8     MSVCRT:MSVCRT.dll
 0002:000000ac       __imp__pow                 004600ac     MSVCRT:MSVCRT.dll
 0002:000000b0       __imp__exit                004600b0     MSVCRT:MSVCRT.dll
 0002:000000b4       __imp___findclose          004600b4     MSVCRT:MSVCRT.dll
 0002:000000b8       __imp___findnext           004600b8     MSVCRT:MSVCRT.dll
 0002:000000bc       __imp___findfirst          004600bc     MSVCRT:MSVCRT.dll
 0002:000000c0       __imp___mkdir              004600c0     MSVCRT:MSVCRT.dll
 0002:000000c4       __imp__memset              004600c4     MSVCRT:MSVCRT.dll
 0002:000000c8       __imp__memcpy              004600c8     MSVCRT:MSVCRT.dll
 0002:000000cc       __imp__remove              004600cc     MSVCRT:MSVCRT.dll
 0002:000000d0       __imp__srand               004600d0     MSVCRT:MSVCRT.dll
 0002:000000d4       __imp__memmove             004600d4     MSVCRT:MSVCRT.dll
 0002:000000d8       __imp__strstr              004600d8     MSVCRT:MSVCRT.dll
 0002:000000dc       __imp__atan                004600dc     MSVCRT:MSVCRT.dll
 0002:000000e0       __imp__strncpy             004600e0     MSVCRT:MSVCRT.dll
 0002:000000e4       __imp__sscanf              004600e4     MSVCRT:MSVCRT.dll
 0002:000000e8       __imp____set_app_type      004600e8     MSVCRT:MSVCRT.dll
 0002:000000ec       __imp___controlfp          004600ec     MSVCRT:MSVCRT.dll
 0002:000000f0       __imp___stricmp            004600f0     MSVCRT:MSVCRT.dll
 0002:000000f0       __imp__stricmp             004600f0     MSVCRT:MSVCRT.dll
 0002:000000f4       __imp___strnicmp           004600f4     MSVCRT:MSVCRT.dll
 0002:000000f4       __imp__strnicmp            004600f4     MSVCRT:MSVCRT.dll
 0002:000000f8       __imp___initterm           004600f8     MSVCRT:MSVCRT.dll
 0002:000000fc       __imp__sqrt                004600fc     MSVCRT:MSVCRT.dll
 0002:00000100       __imp__acos                00460100     MSVCRT:MSVCRT.dll
 0002:00000104       __imp__atan2               00460104     MSVCRT:MSVCRT.dll
 0002:00000108       __imp__fmod                00460108     MSVCRT:MSVCRT.dll
 0002:0000010c       __imp__strcat              0046010c     MSVCRT:MSVCRT.dll
 0002:00000110       __imp__atof                00460110     MSVCRT:MSVCRT.dll
 0002:00000114       __imp__cos                 00460114     MSVCRT:MSVCRT.dll
 0002:00000118       __imp__tan                 00460118     MSVCRT:MSVCRT.dll
 0002:0000011c       __imp__rand                0046011c     MSVCRT:MSVCRT.dll
 0002:00000120       __imp__sin                 00460120     MSVCRT:MSVCRT.dll
 0002:00000124       __imp__atoi                00460124     MSVCRT:MSVCRT.dll
 0002:00000128       __imp__fwrite              00460128     MSVCRT:MSVCRT.dll
 0002:0000012c       __imp__rename              0046012c     MSVCRT:MSVCRT.dll
 0002:00000130       __imp__fseek               00460130     MSVCRT:MSVCRT.dll
[...]
 0001:0005c3ec       _start_input_pass          0045d3ec f   lib:jddiffct.obj
 0001:0005c454       _start_iMCU_row            0045d454 f   lib:jddiffct.obj
 0001:0005c499       _start_output_pass         0045d499 f   lib:jddiffct.obj
 0001:0005c4a5       _decompress_data           0045d4a5 f   lib:jddiffct.obj
 0001:0005c615       _process_restart           0045d615 f   lib:jddiffct.obj
 0001:00035180       _dummy_consume_data        00436180 f   vid_dll.obj
 0001:0005c64a       _consume_data              0045d64a f   lib:jddiffct.obj
 0001:0005c6c1       _output_data               0045d6c1 f   lib:jddiffct.obj
 0001:0005c148       _start_pass                0045d148 f   lib:jddctmgr.obj
 0001:0005b59a       _start_pass_phuff_decoder  0045c59a f   lib:jdphuff.obj
 0001:0005b7e3       _decode_mcu_DC_first       0045c7e3 f   lib:jdphuff.obj
 0001:0005b9db       _process_restart           0045c9db f   lib:jdphuff.obj
 0001:0005ba4a       _decode_mcu_AC_first       0045ca4a f   lib:jdphuff.obj
 0001:0005bc6a       _decode_mcu_DC_refine      0045cc6a f   lib:jdphuff.obj
 0001:0005bd3f       _decode_mcu_AC_refine      0045cd3f f   lib:jdphuff.obj
 0001:0005afe1       _start_pass_huff_decoder   0045bfe1 f   lib:jdshuff.obj
 0001:0005b119       _decode_mcu                0045c119 f   lib:jdshuff.obj
 0001:0005b4c9       _process_restart           0045c4c9 f   lib:jdshuff.obj
 0001:0005a3ca       _start_input_pass          0045b3ca f   lib:jdcoefct.obj
 0001:0005a3dd       _start_iMCU_row            0045b3dd f   lib:jdcoefct.obj
 0001:0005a422       _start_output_pass         0045b422 f   lib:jdcoefct.obj
 0001:0005a45f       _decompress_onepass        0045b45f f   lib:jdcoefct.obj
 0001:00035180       _dummy_consume_data        00436180 f   vid_dll.obj
 0001:0005a638       _consume_data              0045b638 f   lib:jdcoefct.obj
 0001:0005a7f1       _decompress_data           0045b7f1 f   lib:jdcoefct.obj
 0001:0005a95d       _smoothing_ok              0045b95d f   lib:jdcoefct.obj
 0001:0005aa48       _decompress_smooth_data    0045ba48 f   lib:jdcoefct.obj
 0001:0005a263       _scaler_start_pass         0045b263 f   lib:jcscale.obj
 0001:0005a286       _simple_downscale          0045b286 f   lib:jcscale.obj
 0001:0005a2b2       _noscale                   0045b2b2 f   lib:jcscale.obj
 0001:00059d5b       _start_pass                0045ad5b f   lib:jcpred.obj
 0001:00059db3       _reset_predictor           0045adb3 f   lib:jcpred.obj
 0001:00059de0       _jpeg_difference_first_row 0045ade0 f   lib:jcpred.obj
 0001:00059eca       _jpeg_difference1          0045aeca f   lib:jcpred.obj
 0001:00059f38       _jpeg_difference2          0045af38 f   lib:jcpred.obj
 0001:00059fa9       _jpeg_difference3          0045afa9 f   lib:jcpred.obj
 0001:0005a021       _jpeg_difference4          0045b021 f   lib:jcpred.obj
 0001:0005a0ac       _jpeg_difference5          0045b0ac f   lib:jcpred.obj
 0001:0005a13f       _jpeg_difference6          0045b13f f   lib:jcpred.obj
 0001:0005a1ce       _jpeg_difference7          0045b1ce f   lib:jcpred.obj
 0001:0005964a       _start_pass_huff           0045a64a f   lib:jclhuff.obj
 0001:000597e7       _encode_mcus_huff          0045a7e7 f   lib:jclhuff.obj
 0001:000599d2       _emit_bits                 0045a9d2 f   lib:jclhuff.obj
 0001:00059a75       _dump_buffer               0045aa75 f   lib:jclhuff.obj
 0001:00059a99       _emit_restart              0045aa99 f   lib:jclhuff.obj
 0001:00059ae4       _flush_bits                0045aae4 f   lib:jclhuff.obj
 0001:00059b08       _finish_pass_huff          0045ab08 f   lib:jclhuff.obj
 0001:00059b75       _encode_mcus_gather        0045ab75 f   lib:jclhuff.obj
 0001:00059c9e       _finish_pass_gather        0045ac9e f   lib:jclhuff.obj
 0001:00059d34       _need_optimization_pass    0045ad34 f   lib:jclhuff.obj
 0001:0005926a       _start_pass_diff           0045a26a f   lib:jcdiffct.obj
 0001:00057573       _start_iMCU_row            00458573 f   lib:jccoefct.obj
 0001:00059308       _compress_data             0045a308 f   lib:jcdiffct.obj
 0001:0005949e       _compress_first_pass       0045a49e f   lib:jcdiffct.obj
 0001:00059593       _compress_output           0045a593 f   lib:jcdiffct.obj
 0001:00058e7d       _start_pass_fdctmgr        00459e7d f   lib:jcdctmgr.obj
 0001:00058f7f       _forward_DCT_float         00459f7f f   lib:jcdctmgr.obj
 0001:000583b2       _start_pass_phuff          004593b2 f   lib:jcphuff.obj
 0001:0005851f       _encode_mcu_DC_first       0045951f f   lib:jcphuff.obj
 0001:00058651       _emit_bits                 00459651 f   lib:jcphuff.obj
 0001:000586fc       _dump_buffer               004596fc f   lib:jcphuff.obj
 0001:00058734       _emit_symbol               00459734 f   lib:jcphuff.obj
 0001:00058774       _emit_restart              00459774 f   lib:jcphuff.obj
 0001:000587fd       _emit_eobrun               004597fd f   lib:jcphuff.obj
 0001:00058883       _encode_mcu_AC_first       00459883 f   lib:jcphuff.obj
 0001:00058a17       _encode_mcu_DC_refine      00459a17 f   lib:jcphuff.obj
 0001:00058ad1       _encode_mcu_AC_refine      00459ad1 f   lib:jcphuff.obj
 0001:00058ce8       _finish_pass_phuff         00459ce8 f   lib:jcphuff.obj
 0001:00058d37       _finish_pass_gather_phuff  00459d37 f   lib:jcphuff.obj
 0001:00058dfa       _need_optimization_pass    00459dfa f   lib:jcphuff.obj
 0001:00057b4d       _start_pass_huff           00458b4d f   lib:jcshuff.obj
 0001:00057cc2       _encode_mcu_huff           00458cc2 f   lib:jcshuff.obj
 0001:00057dcd       _encode_one_block          00458dcd f   lib:jcshuff.obj
 0001:00057f44       _emit_bits                 00458f44 f   lib:jcshuff.obj
 0001:00057fe7       _dump_buffer               00458fe7 f   lib:jcshuff.obj
 0001:0005800b       _emit_restart              0045900b f   lib:jcshuff.obj
 0001:00058078       _flush_bits                00459078 f   lib:jcshuff.obj
 0001:0005809c       _finish_pass_huff          0045909c f   lib:jcshuff.obj
 0001:0005810b       _encode_mcu_gather         0045910b f   lib:jcshuff.obj
 0001:000581c1       _htest_one_block           004591c1 f   lib:jcshuff.obj
 0001:00058288       _finish_pass_gather        00459288 f   lib:jcshuff.obj
 0001:00059d34       _need_optimization_pass    0045ad34 f   lib:jclhuff.obj
 0001:000574de       _start_pass_coef           004584de f   lib:jccoefct.obj
 0001:00057573       _start_iMCU_row            00458573 f   lib:jccoefct.obj
 0001:000575b5       _compress_data             004585b5 f   lib:jccoefct.obj
 0001:0005779c       _compress_first_pass       0045879c f   lib:jccoefct.obj
 0001:00057982       _compress_output           00458982 f   lib:jccoefct.obj
 0001:000573f6       _calc_output_dimensions    004583f6 f   lib:jdlossls.obj
 0001:00057407       _start_input_pass          00458407 f   lib:jdlossls.obj
 0001:00057135       _calc_output_dimensions    00458135 f   lib:jdlossy.obj
 0001:000572a8       _start_input_pass          004582a8 f   lib:jdlossy.obj
 0001:000572c8       _latch_quant_tables        004582c8 f   lib:jdlossy.obj
 0001:00057360       _start_output_pass         00458360 f   lib:jdlossy.obj
 0001:00057084       _start_pass                00458084 f   lib:jclossls.obj
 0001:00056ff0       _start_pass                00457ff0 f   lib:jclossy.obj
 0001:00056545       _initial_setup             00457545 f   lib:jcmaster.obj
 0001:000566f8       _validate_script           004576f8 f   lib:jcmaster.obj
 0001:00056ad0       _prepare_for_pass          00457ad0 f   lib:jcmaster.obj
 0001:00056c48       _select_scan_parameters    00457c48 f   lib:jcmaster.obj
 0001:00056d49       _per_scan_setup            00457d49 f   lib:jcmaster.obj
 0001:00056ef4       _pass_startup              00457ef4 f   lib:jcmaster.obj
 0001:00056f1b       _finish_pass_master        00457f1b f   lib:jcmaster.obj
 0001:00056031       _rgb_ycc_start             00457031 f   lib:jccolor.obj
 0001:000560f5       _rgb_ycc_convert           004570f5 f   lib:jccolor.obj
 0001:000561f4       _rgb_gray_convert          004571f4 f   lib:jccolor.obj
 0001:00056279       _cmyk_ycck_convert         00457279 f   lib:jccolor.obj
 0001:000563b1       _grayscale_convert         004573b1 f   lib:jccolor.obj
 0001:0005640b       _null_convert              0045740b f   lib:jccolor.obj
 0001:0002bd6f       _null_method               0042cd6f f   images.obj
 0001:0002bd6f       _start_pass_downsample     0042cd6f f   images.obj
 0001:0005577d       _sep_downsample            0045677d f   lib:jcsample.obj
 0001:000557f2       _int_downsample            004567f2 f   lib:jcsample.obj
 0001:000558ea       _expand_right_edge         004568ea f   lib:jcsample.obj
 0001:0005593f       _fullsize_downsample       0045693f f   lib:jcsample.obj
 0001:00055983       _h2v1_downsample           00456983 f   lib:jcsample.obj
 0001:00055a17       _h2v2_downsample           00456a17 f   lib:jcsample.obj
 0001:00055ac4       _h2v2_smooth_downsample    00456ac4 f   lib:jcsample.obj
 0001:00055d3c       _fullsize_smooth_downsample 00456d3c f   lib:jcsample.obj
 0001:00055179       _start_pass_prep           00456179 f   lib:jcprepct.obj
 0001:000551b7       _pre_process_data          004561b7 f   lib:jcprepct.obj
 0001:00055365       _pre_process_context       00456365 f   lib:jcprepct.obj
 0001:0005551e       _create_context_buffer     0045651e f   lib:jcprepct.obj
 0001:00054ff1       _start_pass_main           00455ff1 f   lib:jcmainct.obj
 0001:00055033       _process_data_simple_main  00456033 f   lib:jcmainct.obj
 0001:000545c7       _create_colormap           004555c7 f   lib:jquant1.obj
 0001:000546f9       _select_ncolors            004556f9 f   lib:jquant1.obj
 0001:000547d0       _create_colorindex         004557d0 f   lib:jquant1.obj
 0001:000548fc       _alloc_fs_workspace        004558fc f   lib:jquant1.obj
 0001:00054938       _start_pass_1_quant        00455938 f   lib:jquant1.obj
 0001:00054a04       _create_odither_tables     00455a04 f   lib:jquant1.obj
 0001:00054a63       _make_odither_array        00455a63 f   lib:jquant1.obj
 0001:00054ac6       _color_quantize            00455ac6 f   lib:jquant1.obj
 0001:00054b51       _color_quantize3           00455b51 f   lib:jquant1.obj
 0001:00054bdf       _quantize_ord_dither       00455bdf f   lib:jquant1.obj
 0001:00054cca       _quantize3_ord_dither      00455cca f   lib:jquant1.obj
 0001:00054dca       _quantize_fs_dither        00455dca f   lib:jquant1.obj
 0001:0002bd6f       _finish_pass_1_quant       0042cd6f f   images.obj
 0001:00054f4e       _new_color_map_1_quant     00455f4e f   lib:jquant1.obj
 0001:00053588       _init_error_limit          00454588 f   lib:jquant2.obj
 0001:00053627       _start_pass_2_quant        00454627 f   lib:jquant2.obj
 0001:00053729       _prescan_quantize          00454729 f   lib:jquant2.obj
 0001:00053798       _pass2_no_dither           00454798 f   lib:jquant2.obj
 0001:00053845       _fill_inverse_cmap         00454845 f   lib:jquant2.obj
 0001:00053910       _find_nearby_colors        00454910 f   lib:jquant2.obj
 0001:00053ab4       _find_best_colors          00454ab4 f   lib:jquant2.obj
 0001:00053bce       _pass2_fs_dither           00454bce f   lib:jquant2.obj
 0001:00053e3d       _finish_pass1              00454e3d f   lib:jquant2.obj
 0001:00053e5f       _select_colors             00454e5f f   lib:jquant2.obj
 0001:00053eeb       _update_box                00454eeb f   lib:jquant2.obj
 0001:00054285       _median_cut                00455285 f   lib:jquant2.obj
 0001:00054399       _find_biggest_color_pop    00455399 f   lib:jquant2.obj
 0001:000543c8       _find_biggest_volume       004553c8 f   lib:jquant2.obj
 0001:000543f1       _compute_color             004553f1 f   lib:jquant2.obj
 0001:0002bd6f       _finish_pass2              0042cd6f f   images.obj
 0001:0005452d       _new_color_map_2_quant     0045552d f   lib:jquant2.obj
 0001:00052f9f       _build_ycc_rgb_table       00453f9f f   lib:jdmerge.obj
 0001:0005304f       _start_pass_merged_upsample 0045404f f   lib:jdmerge.obj
 0001:00053064       _merged_2v_upsample        00454064 f   lib:jdmerge.obj
 0001:0005310b       _merged_1v_upsample        0045410b f   lib:jdmerge.obj
 0001:0005313c       _h2v1_merged_upsample      0045413c f   lib:jdmerge.obj
 0001:00053292       _h2v2_merged_upsample      00454292 f   lib:jdmerge.obj
 0001:00052b43       _build_ycc_rgb_table       00453b43 f   lib:jdcolor.obj
 0001:00052bf3       _ycc_rgb_convert           00453bf3 f   lib:jdcolor.obj
 0001:00052d01       _null_convert              00453d01 f   lib:jdcolor.obj
 0001:00052d79       _grayscale_convert         00453d79 f   lib:jdcolor.obj
 0001:00052d9c       _gray_rgb_convert          00453d9c f   lib:jdcolor.obj
 0001:00052df5       _ycck_cmyk_convert         00453df5 f   lib:jdcolor.obj
 0001:0002bd6f       _start_pass_dcolor         0042cd6f f   images.obj
 0001:000525a4       _start_pass_upsample       004535a4 f   lib:jdsample.obj
 0001:000525be       _sep_upsample              004535be f   lib:jdsample.obj
 0001:0005268b       _fullsize_upsample         0045368b f   lib:jdsample.obj
 0001:00052696       _noop_upsample             00453696 f   lib:jdsample.obj
 0001:0005269e       _int_upsample              0045369e f   lib:jdsample.obj
 0001:00052788       _h2v1_upsample             00453788 f   lib:jdsample.obj
 0001:000527df       _h2v2_upsample             004537df f   lib:jdsample.obj
 0001:00052851       _h2v1_fancy_upsample       00453851 f   lib:jdsample.obj
 0001:000528f4       _h2v2_fancy_upsample       004538f4 f   lib:jdsample.obj
 0001:000521ad       _start_pass_dpost          004531ad f   lib:jdpostct.obj
 0001:00052253       _post_process_1pass        00453253 f   lib:jdpostct.obj
 0001:000522b8       _post_process_prepass      004532b8 f   lib:jdpostct.obj
 0001:00052349       _post_process_2pass        00453349 f   lib:jdpostct.obj
 0001:00051bb4       _alloc_funny_pointers      00452bb4 f   lib:jdmainct.obj
 0001:00051c61       _start_pass_main           00452c61 f   lib:jdmainct.obj
 0001:00051cc9       _make_funny_pointers       00452cc9 f   lib:jdmainct.obj
 0001:00051e09       _process_data_simple_main  00452e09 f   lib:jdmainct.obj
 0001:00051e71       _process_data_context_main 00452e71 f   lib:jdmainct.obj
 0001:00051f83       _set_wraparound_pointers   00452f83 f   lib:jdmainct.obj
 0001:0005206d       _set_bottom_pointers       0045306d f   lib:jdmainct.obj
 0001:00052107       _process_data_crank_post   00453107 f   lib:jdmainct.obj
 0001:00050938       _write_marker_header       00451938 f   lib:jcmarker.obj
 0001:0005098e       _emit_byte                 0045198e f   lib:jcmarker.obj
 0001:000509bf       _write_marker_byte         004519bf f   lib:jcmarker.obj
 0001:000509cf       _write_file_header         004519cf f   lib:jcmarker.obj
 0001:00050a1b       _emit_jfif_app0            00451a1b f   lib:jcmarker.obj
 0001:00050aee       _emit_adobe_app14          00451aee f   lib:jcmarker.obj
 0001:00050b94       _write_frame_header        00451b94 f   lib:jcmarker.obj
 0001:00050c73       _emit_dqt                  00451c73 f   lib:jcmarker.obj
 0001:00050d62       _emit_sof                  00451d62 f   lib:jcmarker.obj
 0001:00050e3e       _write_scan_header         00451e3e f   lib:jcmarker.obj
 0001:00050efe       _emit_dht                  00451efe f   lib:jcmarker.obj
 0001:00050fd7       _emit_dri                  00451fd7 f   lib:jcmarker.obj
 0001:00051026       _emit_sos                  00452026 f   lib:jcmarker.obj
 0001:00051114       _write_file_trailer        00452114 f   lib:jcmarker.obj
 0001:00051134       _write_tables_only         00452134 f   lib:jcmarker.obj
 0001:0005048d       _use_merged_upsample       0045148d f   lib:jdmaster.obj
 0001:00050533       _master_selection          00451533 f   lib:jdmaster.obj
 0001:00050690       _prepare_range_limit_table 00451690 f   lib:jdmaster.obj
 0001:00050716       _prepare_for_output_pass   00451716 f   lib:jdmaster.obj
 0001:00050837       _finish_output_pass        00451837 f   lib:jdmaster.obj
 0001:0004f904       _alloc_small               00450904 f   lib:jmemmgr.obj
 0001:0004fa22       _alloc_large               00450a22 f   lib:jmemmgr.obj
 0001:0004fad3       _alloc_sarray              00450ad3 f   lib:jmemmgr.obj
 0001:0004fb6b       _alloc_barray              00450b6b f   lib:jmemmgr.obj
 0001:0004fc0f       _alloc_darray              00450c0f f   lib:jmemmgr.obj
 0001:0004fcba       _request_virt_sarray       00450cba f   lib:jmemmgr.obj
 0001:0004fd1b       _request_virt_barray       00450d1b f   lib:jmemmgr.obj
 0001:0004fd7c       _realize_virt_arrays       00450d7c f   lib:jmemmgr.obj
 0001:0004feff       _access_virt_sarray        00450eff f   lib:jmemmgr.obj
 0001:0005001f       _do_sarray_io              0045101f f   lib:jmemmgr.obj
 0001:000500af       _access_virt_barray        004510af f   lib:jmemmgr.obj
 0001:000501d4       _do_barray_io              004511d4 f   lib:jmemmgr.obj
 0001:00050265       _free_pool                 00451265 f   lib:jmemmgr.obj
 0001:0005034c       _self_destruct             0045134c f   lib:jmemmgr.obj
 0001:0004f39e       _start_input_pass          0045039e f   lib:jdinput.obj
 0001:0004f3cc       _per_scan_setup            004503cc f   lib:jdinput.obj
 0001:0004f552       _finish_input_pass         00450552 f   lib:jdinput.obj
 0001:0004f563       _consume_markers           00450563 f   lib:jdinput.obj
 0001:0004f5ff       _initial_setup             004505ff f   lib:jdinput.obj
 0001:0004f809       _reset_input_controller    00450809 f   lib:jdinput.obj
 0001:0004f157       _fixedtables               00450157 f   lib:inflate.obj
 0001:0004f241       _updatewindow              00450241 f   lib:inflate.obj
 0001:0004dbb7       _make_crc_table            0044ebb7 f   lib:crc32.obj
 0001:0004dce3       _crc32_little              0044ece3 f   lib:crc32.obj
 0001:0004daf3       _init_destination          0044eaf3 f   lib:jdatadst.obj
 0001:0004db19       _empty_output_buffer       0044eb19 f   lib:jdatadst.obj
 0001:0004db5b       _term_destination          0044eb5b f   lib:jdatadst.obj
 0001:0004d67a       _std_huff_tables           0044e67a f   lib:jcparam.obj
 0001:0004d6d4       _add_huff_table            0044e6d4 f   lib:jcparam.obj
 0001:0004bbc7       _next_marker               0044cbc7 f   lib:jdmarker.obj
 0001:0004bd01       _get_interesting_appn      0044cd01 f   lib:jdmarker.obj
 0001:0004be2c       _examine_app0              0044ce2c f   lib:jdmarker.obj
 0001:0004c03a       _examine_app14             0044d03a f   lib:jdmarker.obj
 0001:0004c0fb       _skip_variable             0044d0fb f   lib:jdmarker.obj
 0001:0004c19e       _read_markers              0044d19e f   lib:jdmarker.obj
 0001:0004c3a6       _get_soi                   0044d3a6 f   lib:jdmarker.obj
 0001:0004c451       _get_sof                   0044d451 f   lib:jdmarker.obj
 0001:0004c75a       _get_sos                   0044d75a f   lib:jdmarker.obj
 0001:0004ca48       _get_dht                   0044da48 f   lib:jdmarker.obj
 0001:0004cce9       _get_dqt                   0044dce9 f   lib:jdmarker.obj
 0001:0004cf45       _get_dri                   0044df45 f   lib:jdmarker.obj
 0001:0004d024       _first_marker              0044e024 f   lib:jdmarker.obj
 0001:0004d0c0       _read_restart_marker       0044e0c0 f   lib:jdmarker.obj
 0001:0004d13e       _reset_marker_reader       0044e13e f   lib:jdmarker.obj
 0001:0004b9ab       _output_pass_setup         0044c9ab f   lib:jdapistd.obj
 0001:0004b69e       _default_decompress_parms  0044c69e f   lib:jdapimin.obj

 127 bytes saved through ICF

