 quake2

 Timestamp is 43119497 (Sun Aug 28 14:40:23 2005)

 Preferred load address is 00400000

 Start         Length     Name                   Class
 0001:00000000 00060530H .text                   CODE
 0002:00000000 00000278H .idata$5                DATA
 0002:00000278 00006394H .rdata                  DATA
 0002:00006610 00000044H .rdata$r                DATA
 0002:00006658 00000038H .xdata$x                DATA
 0002:00006690 00000078H .idata$2                DATA
 0002:00006708 00000014H .idata$3                DATA
 0002:0000671c 00000278H .idata$4                DATA
 0002:00006994 000007feH .idata$6                DATA
 0002:00007192 00000000H .edata                  DATA
 0003:00000000 00000004H .CRT$XCA                DATA
 0003:00000004 00000080H .CRT$XCU                DATA
 0003:00000084 00000004H .CRT$XCZ                DATA
 0003:00000088 00000004H .CRT$XIA                DATA
 0003:0000008c 00000004H .CRT$XIZ                DATA
 0003:00000090 0000d74cH .data                   DATA
 0003:0000d7e0 0047c3dcH .bss                    DATA
 0004:00000000 00000130H .rsrc$01                DATA
 0004:00000130 00003f20H .rsrc$02                DATA

  Address         Publics by Value              Rva+Base     Lib:Object

 0001:00000000       ??3@YAXPAX@Z               00401000 f i CoreMain.obj
 0001:0000000b       ?appInit@@YAXXZ            0040100b f   CoreMain.obj
 0001:0000006e       ?appExit@@YAXXZ            0040106e f   CoreMain.obj
 0001:00000073       ?appLoadDebugSymbols@@YAXXZ 00401073 f   DbgSymbols.obj
 0001:00000276       ?appSymbolName@@YA_NIPADH@Z 00401276 f   DbgSymbols.obj
 0001:00000362       ?appSymbolName@@YAPBDI@Z   00401362 f   DbgSymbols.obj
 0001:00000394       ?appMalloc@@YAPAXIH@Z      00401394 f   Memory.obj
 0001:00000442       ?appFree@@YAXPAX@Z         00401442 f   Memory.obj
 0001:00000470       ?Unlink@FMemHeader@@QAEXXZ 00401470 f i Memory.obj
 0001:0000049b       ?Link@CMemoryChain@@AAEXXZ 0040149b f   Memory.obj
 0001:000004ba       ?Unlink@CMemoryChain@@AAEXXZ 004014ba f   Memory.obj
 0001:000004e5       ??2CMemoryChain@@SAPAXIH@Z 004014e5 f   Memory.obj
 0001:00000557       ??3CMemoryChain@@SAXPAX@Z  00401557 f   Memory.obj
 0001:0000058a       ?Alloc@CMemoryChain@@QAEPAXIH@Z 0040158a f   Memory.obj
 0001:000005f4       ?appInitMemory@@YAXXZ      004015f4 f   Memory.obj
 0001:00000b28       ?sprintf@?$TString@$0BAA@@@QAAHPBDZZ 00401b28 f i Memory.obj
 0001:00000b54       ?Write@COutputDeviceNull@@UAEXPBD@Z 00401b54 f i OutputDevice.obj
 0001:00000b57       ?appWPrintf@@YAXPBDZZ      00401b57 f   OutputDevice.obj
 0001:00000ba0       ?appFatalError@@YAXPBDZZ   00401ba0 f   ErrorMgr.obj
 0001:00000bda       ?appNonFatalError@@YAXPBDZZ 00401bda f   ErrorMgr.obj
 0001:00000c38       ?appUnwindPrefix@@YAXPBD@Z 00401c38 f   ErrorMgr.obj
 0001:00000c86       ?appUnwindThrow@@YAXPBDZZ  00401c86 f   ErrorMgr.obj
 0001:00000d0d       ?Reset@CErrorHandler@@QAEXXZ 00401d0d f   ErrorMgr.obj
 0001:00000d3e       ?appInitError@@YAXXZ       00401d3e f   ErrorMgr.obj
 0001:00000dfc       ?sprintf@?$TString@$0CAA@@@QAAHPBDZZ 00401dfc f i ErrorMgr.obj
 0001:00000e18       ?GetLine@CSimpleParser@@QAEPBDXZ 00401e18 f   ScriptParser.obj
 0001:00000f2d       ?SkipBraces@CSimpleParser@@QAEPBDXZ 00401f2d f   ScriptParser.obj
 0001:00000f63       ?appStricmp@@YAHPBD0@Z     00401f63 f   Strings.obj
 0001:00000f98       ?toLower@@YADD@Z           00401f98 f i Strings.obj
 0001:00000faf       ?appStrcpy@@YAXPADPBD@Z    00401faf f   Strings.obj
 0001:00000fc2       ?appStrncpylwr@@YAXPADPBDH@Z 00401fc2 f   Strings.obj
 0001:00000ffa       ?appStrncpyz@@YAXPADPBDH@Z 00401ffa f   Strings.obj
 0001:00001027       ?appStrcatn@@YAXPADHPBD@Z  00402027 f   Strings.obj
 0001:00001052       ?appCopyFilename@@YAXPADPBDH@Z 00402052 f   Strings.obj
 0001:000010ee       ?appCStrlen@@YAHPBD@Z      004020ee f   Strings.obj
 0001:00001113       ?appUncolorizeString@@YAXPADPBD@Z 00402113 f   Strings.obj
 0001:00001143       ?va@@YAPBDPBDZZ            00402143 f   Strings.obj
 0001:000011df       ?appSprintf@@YAHPADHPBDZZ  004021df f   Strings.obj
 0001:0000122a       ?appMatchWildcard@@YA_NPBD0_N@Z 0040222a f   Strings.obj
 0001:000013ab       ?appIsWildcard@@YA_NPBD@Z  004023ab f   Strings.obj
 0001:000013d5       ?CopyString@@YAPADPBD@Z    004023d5 f   Strings.obj
 0001:00001415       ?CopyString@@YAPADPBDPAVCMemoryChain@@@Z 00402415 f   Strings.obj
 0001:00001449       ??2CStringItem@@SAPAXIPBD@Z 00402449 f   Strings.obj
 0001:00001492       ??2CStringItem@@SAPAXIPBDPAVCMemoryChain@@@Z 00402492 f   Strings.obj
 0001:000014cf       ?Find@CStringList@@IAEPAVCStringItem@@PBDPAPAV2@@Z 004024cf f   Strings.obj
 0001:0000150b       ?Find@CStringList@@IAEPAVCStringItem@@H@Z 0040250b f   Strings.obj
 0001:00001524       ?IndexOf@CStringList@@QAEHPBD@Z 00402524 f   Strings.obj
 0001:00001551       ?Remove@CStringList@@QAE_NPAVCStringItem@@@Z 00402551 f   Strings.obj
 0001:0000157d       ?Free@CStringList@@QAEXXZ  0040257d f   Strings.obj
 0001:00001596       ?Add@CTextContainer@@QAEPAUCTextRec@@PBD@Z 00402596 f   TextContainer.obj
 0001:00001642       ?Enumerate@CTextContainer@@QAEXP6AXPBUCTextRec@@@Z@Z 00402642 f   TextContainer.obj
 0001:000016ae       ?appMillisecondsf@@YANXZ   004026ae f   CoreWin32.obj
 0001:000016e7       ?appMilliseconds@@YAIXZ    004026e7 f   CoreWin32.obj
 0001:0000171c       ?cpuid@@YAXI@Z             0040271c f   CoreWin32.obj
 0001:0000173f       ?appInitPlatform@@YAXXZ    0040273f f   CoreWin32.obj
 0001:000019d2       ?appShutdownPlatform@@YAXXZ 004029d2 f   CoreWin32.obj
 0001:000019db       ?osAddressInfo@@YA_NIPADHPAH@Z 004029db f   DbgSymbolsWin32.obj
 0001:00001a6f       ?osModuleInfo@@YA_NIPADHPAH@Z 00402a6f f   DbgSymbolsWin32.obj
 0001:00001c16       ?win32ExceptFilter@@YAHPAU_EXCEPTION_POINTERS@@@Z 00402c16 f   ExceptFilterWin32.obj
 0001:00002148       ?win32ExceptFilter2@@YAHXZ 00403148 f   ExceptFilterWin32.obj
 0001:00002154       ?SCR_StopCinematic@@YAXXZ  00403154 f   cl_cin.obj
 0001:000021e8       ?SCR_DrawCinematic@@YA_NXZ 004031e8 f   cl_cin.obj
 0001:00002640       ?SCR_PlayCinematic@@YAXPBD@Z 00403640 f   cl_cin.obj
 0001:00002996       ?sprintf@?$TString@$0EA@@@QAAHPBDZZ 00403996 f i cl_cin.obj
 0001:000029af       ?CL_Download_f@@YAX_NHPAPAD@Z 004039af f   cl_download.obj
 0001:00002d47       ?CL_ParseDownload@@YAXXZ   00403d47 f   cl_download.obj
 0001:0000355d       ?CL_Precache_f@@YAXHPAPAD@Z 0040455d f   cl_download.obj
 0001:000035bb       ?sprintf@?$TString@$0IA@@@QAAHPBDZZ 004045bb f i cl_download.obj
 0001:000035d7       ?CL_ParseDelta@@YAXPAUclEntityState_t@@0HI_N@Z 004045d7 f   cl_ents.obj
 0001:00003757       ?CL_ParseFrame@@YAXXZ      00404757 f   cl_ents.obj
 0001:00003e06       ?CL_AddEntityBox@@YAXPAUclEntityState_t@@I@Z 00404e06 f   cl_ents.obj
 0001:00003f0a       ?Lerp@@YAXABUCVec3@@0MAAU1@@Z 00404f0a f i cl_ents.obj
 0001:00003f41       ?CL_OffsetThirdPersonView@@YAXXZ 00404f41 f   cl_ents.obj
 0001:00004029       ?CL_AddEntities@@YAXXZ     00405029 f   cl_ents.obj
 0001:00004f5e       ?CL_ClearLightStyles@@YAXXZ 00405f5e f   cl_fx.obj
 0001:00004fe0       ?CL_SetLightstyle@@YAXHPBD@Z 00405fe0 f   cl_fx.obj
 0001:00005041       ?CL_AllocDlight@@YAPAUcdlight_t@@HABUCVec3@@@Z 00406041 f   cl_fx.obj
 0001:000050aa       ?CL_AllocParticleTrace@@YAPAUparticleTrace_t@@ABUCVec3@@0MM@Z 004060aa f   cl_fx.obj
 0001:00005139       ?CL_AllocParticleBeam@@YAPAUbeam_t@@ABUCVec3@@0MM@Z 00406139 f   cl_fx.obj
 0001:000051ad       ?CL_AllocParticle@@YAPAUparticle_t@@XZ 004061ad f   cl_fx.obj
 0001:00005200       ?CL_MetalSparks@@YAXABUCVec3@@0H@Z 00406200 f   cl_fx.obj
 0001:000052ed       ?CL_AddEffects@@YAXXZ      004062ed f   cl_fx.obj
 0001:000059f2       ?CL_ClearEffects@@YAXXZ    004069f2 f   cl_fx.obj
 0001:00005a74       ?CL_EntityEvent@@YAXPAUclEntityState_t@@@Z 00406a74 f   cl_fx.obj
 0001:00005c28       ?CL_ParseMuzzleFlash@@YAXXZ 00406c28 f   cl_fx.obj
 0001:00005f98       ?CL_ParseMuzzleFlash2@@YAXXZ 00406f98 f   cl_fx.obj
 0001:0000640e       ?CL_ParticleEffect@@YAXABUCVec3@@0HH@Z 0040740e f   cl_fx.obj
 0001:000065b8       ?CL_ParticleEffect2@@YAXABUCVec3@@0HH@Z 004075b8 f   cl_fx.obj
 0001:000065e0       ?CL_ParticleEffect3@@YAXABUCVec3@@0HH@Z 004075e0 f   cl_fx.obj
 0001:00006608       ?CL_TeleporterParticles@@YAXPAUclEntityState_t@@@Z 00407608 f   cl_fx.obj
 0001:00006627       ?CL_LogoutEffect@@YAXABUCVec3@@H@Z 00407627 f   cl_fx.obj
 0001:0000665d       ?CL_ItemRespawnParticles@@YAXABUCVec3@@@Z 0040765d f   cl_fx.obj
 0001:00006678       ?CL_ExplosionParticles@@YAXABUCVec3@@@Z 00407678 f   cl_fx.obj
 0001:00006696       ?CL_BFGExplosionParticles@@YAXABUCVec3@@@Z 00407696 f   cl_fx.obj
 0001:000066b4       ?CL_TrackerExplosionParticles@@YAXABUCVec3@@@Z 004076b4 f   cl_fx.obj
 0001:000066d2       ?CL_BlasterParticles@@YAXABUCVec3@@0I@Z 004076d2 f   cl_fx.obj
 0001:000066f8       ?CL_BlasterTrail@@YAXAAUcentity_t@@@Z 004076f8 f   cl_fx.obj
 0001:000067fb       ?CL_BlasterTrail2@@YAXAAUcentity_t@@@Z 004077fb f   cl_fx.obj
 0001:0000680e       ?CL_FlagTrail@@YAXAAUcentity_t@@H@Z 0040780e f   cl_fx.obj
 0001:0000682a       ?CL_RocketTrail@@YAXAAUcentity_t@@@Z 0040782a f   cl_fx.obj
 0001:00006869       ?CL_BubbleTrail@@YAXABUCVec3@@0@Z 00407869 f   cl_fx.obj
 0001:00006903       ?CL_BubbleTrail2@@YAXABUCVec3@@0@Z 00407903 f   cl_fx.obj
 0001:0000691b       ?CL_TagTrail@@YAXAAUcentity_t@@@Z 0040791b f   cl_fx.obj
 0001:0000692e       ?CL_DebugTrail@@YAXABUCVec3@@0@Z 0040792e f   cl_fx.obj
 0001:00006946       ?CL_ForceWall@@YAXABUCVec3@@0H@Z 00407946 f   cl_fx.obj
 0001:00006967       ?CL_BigTeleportParticles@@YAXABUCVec3@@@Z 00407967 f   cl_fx.obj
 0001:00006a99       ?CL_BfgParticles@@YAXABUCVec3@@@Z 00407a99 f   cl_fx.obj
 0001:00006c01       ?CL_FlyEffect@@YAXAAUcentity_t@@@Z 00407c01 f   cl_fx.obj
 0001:00006d8d       ?CL_DiminishingTrail@@YAXAAUcentity_t@@H@Z 00407d8d f   cl_fx.obj
 0001:00006ee7       ?CL_RailTrail@@YAXABUCVec3@@0@Z 00407ee7 f   cl_fx.obj
 0001:0000704e       ?CL_RailTrailExt@@YAXABUCVec3@@0EE@Z 0040804e f   cl_fx.obj
 0001:00007193       ?CL_IonripperTrail@@YAXAAUcentity_t@@@Z 00408193 f   cl_fx.obj
 0001:000072e2       ?CL_TrapParticles@@YAXABUCVec3@@@Z 004082e2 f   cl_fx.obj
 0001:00007476       ?CL_TeleportParticles@@YAXABUCVec3@@@Z 00408476 f   cl_fx.obj
 0001:000075ac       ?CL_Heatbeam@@YAXABUCVec3@@0@Z 004085ac f   cl_fx.obj
 0001:00007852       ?CL_ParticleSteamEffect@@YAXABUCVec3@@0HHH@Z 00408852 f   cl_fx.obj
 0001:0000797e       ?CL_ParticleSmokeEffect@@YAXABUCVec3@@0@Z 0040897e f   cl_fx.obj
 0001:00007a89       ?CL_TrackerTrail@@YAXAAUcentity_t@@@Z 00408a89 f   cl_fx.obj
 0001:00007c07       ?CL_TrackerShell@@YAXABUCVec3@@@Z 00408c07 f   cl_fx.obj
 0001:00007c93       ?CL_MonsterPlasmaShell@@YAXABUCVec3@@@Z 00408c93 f   cl_fx.obj
 0001:00007d1c       ?CL_WidowSplash@@YAXABUCVec3@@@Z 00408d1c f   cl_fx.obj
 0001:00007ded       ?IN_CenterView@@YAXXZ      00408ded f   cl_input.obj
 0001:00007e0e       ?CL_InitInput@@YAXXZ       00408e0e f   cl_input.obj
 0001:000083aa       ?CL_SendCmd@@YAXXZ         004093aa f   cl_input.obj
 0001:00008a28       ?CL_WriteDemoMessage@@YAXXZ 00409a28 f   cl_main.obj
 0001:00008a6a       ?Cmd_ForwardToServer@@YAXHPAPAD@Z 00409a6a f   cl_main.obj
 0001:00008b2d       ?CL_ForwardToServer_f@@YAXHPAPAD@Z 00409b2d f   cl_main.obj
 0001:00008b75       ?CL_Pause@@YAX_N@Z         00409b75 f   cl_main.obj
 0001:00008bb7       ?CL_Quit_f@@YAXXZ          00409bb7 f   cl_main.obj
 0001:00008bc1       ?CL_Drop@@YAX_N@Z          00409bc1 f   cl_main.obj
 0001:00008be8       ?CL_SendConnectPacket@@YAXXZ 00409be8 f   cl_main.obj
 0001:00008c54       ?CL_Connect_f@@YAX_NHPAPAD@Z 00409c54 f   cl_main.obj
 0001:00008cd4       ?CL_Rcon_f@@YAXHPAPAD@Z    00409cd4 f   cl_main.obj
 0001:00008dd0       ?CL_Disconnect@@YAXXZ      00409dd0 f   cl_main.obj
 0001:00008f72       ?CL_Disconnect_f@@YAXXZ    00409f72 f   cl_main.obj
 0001:00008f7c       ?CL_Changing_f@@YAXXZ      00409f7c f   cl_main.obj
 0001:00008fa0       ?CL_Reconnect_f@@YAXXZ     00409fa0 f   cl_main.obj
 0001:0000903c       ?CL_PingServers_f@@YAXXZ   0040a03c f   cl_main.obj
 0001:00009155       ?CL_Skins_f@@YAXXZ         0040a155 f   cl_main.obj
 0001:0000943d       ?CL_ConnectionlessPacket@@YAXXZ 0040a43d f   cl_main.obj
 0001:0000953a       ?CL_ReadPackets@@YAXXZ     0040a53a f   cl_main.obj
 0001:0000967d       ?CL_Userinfo_f@@YAXXZ      0040a67d f   cl_main.obj
 0001:00009695       ?CL_RegisterSounds@@YAXXZ  0040a695 f   cl_main.obj
 0001:000096d4       ?CL_Snd_Restart_f@@YAXXZ   0040a6d4 f   cl_main.obj
 0001:000096e3       ?CL_WriteConfiguration@@YAXPBD@Z 0040a6e3 f   cl_main.obj
 0001:0000979e       ?CL_WriteConfig_f@@YAX_NHPAPAD@Z 0040a79e f   cl_main.obj
 0001:00009809       ?CL_FixCvarCheats@@YAXXZ   0040a809 f   cl_main.obj
 0001:0000985a       ?CL_Frame@@YAXMM@Z         0040a85a f   cl_main.obj
 0001:00009b93       ?CL_ClearState@@YAXXZ      0040ab93 f   cl_main.obj
 0001:00009bd1       ?CL_Init@@YAXXZ            0040abd1 f   cl_main.obj
 0001:0000a09f       ?CL_Shutdown@@YAX_N@Z      0040b09f f   cl_main.obj
 0001:0000a0f4       ?sprintf@?$TString@$0EAA@@@QAAHPBDZZ 0040b0f4 f i cl_main.obj
 0001:0000a110       ?CL_ParseClientinfo@@YAXH@Z 0040b110 f   cl_parse.obj
 0001:0000a1c5       ?CL_UpdatePlayerClientInfo@@YAXXZ 0040b1c5 f   cl_parse.obj
 0001:0000a206       ?CL_ParseServerMessage@@YAXXZ 0040b206 f   cl_parse.obj
 0001:0000a9e0       ?FreePlayerModelsInfo@@YAXXZ 0040b9e0 f   cl_playermodel.obj
 0001:0000aa06       ?ScanQuake3Models@@YAXPBD@Z 0040ba06 f   cl_playermodel.obj
 0001:0000ab85       ?ScanPlayerModels@@YA_NXZ  0040bb85 f   cl_playermodel.obj
 0001:0000ae43       ?RunAnimation@@YAXAAUclientInfo_t@@AAUanimState_t@@H@Z 0040be43 f   cl_playermodel.obj
 0001:0000b024       ?CL_LoadClientinfo@@YAXAAUclientInfo_t@@PBD_N@Z 0040c024 f   cl_playermodel.obj
 0001:0000bc00       ?ParsePlayerEntity@@YAHAAUcentity_t@@AAUclientInfo_t@@PAUclEntityState_t@@ABUentity_t@@PAU4@HH@Z 0040cc00 f   cl_playermodel.obj
 0001:0000c756       ?CL_CheckPredictionError@@YAXXZ 0040d756 f   cl_pred.obj
 0001:0000c8ec       ?CL_EntityTrace@@YAXAAUtrace_t@@ABUCVec3@@1ABUCBox@@H@Z 0040d8ec f   cl_pred.obj
 0001:0000cc85       ?CL_Trace@@YAXAAUtrace_t@@ABUCVec3@@1ABUCBox@@H@Z 0040dc85 f   cl_pred.obj
 0001:0000cd01       ?CL_PMpointcontents@@YAHABUCVec3@@@Z 0040dd01 f   cl_pred.obj
 0001:0000ce8d       ?CL_PredictMovement@@YAXXZ 0040de8d f   cl_pred.obj
 0001:0000d240       ?DrawString@@YAXHHPBD@Z    0040e240 f   cl_scrn.obj
 0001:0000d285       ?SCR_DebugGraph@@YAXMH@Z   0040e285 f   cl_scrn.obj
 0001:0000d2ad       ?SCR_CenterPrint@@YAXPBD@Z 0040e2ad f   cl_scrn.obj
 0001:0000d3b3       ?Key_Message@@YAXH@Z       0040e3b3 f   cl_scrn.obj
 0001:0000d44f       ?SCR_SetLevelshot@@YAXPBD@Z 0040e44f f   cl_scrn.obj
 0001:0000d548       ?SCR_BeginLoadingPlaque@@YAXXZ 0040e548 f   cl_scrn.obj
 0001:0000d5cd       ?SCR_EndLoadingPlaque@@YAX_N@Z 0040e5cd f   cl_scrn.obj
 0001:0000d652       ?SCR_ShowConsole@@YAX_N0@Z 0040e652 f   cl_scrn.obj
 0001:0000d717       ?SCR_ToggleConsole@@YAXXZ  0040e717 f   cl_scrn.obj
 0001:0000d73f       ?SCR_TouchPics@@YAXXZ      0040e73f f   cl_scrn.obj
 0001:0000d795       ?SCR_UpdateScreen@@YAXXZ   0040e795 f   cl_scrn.obj
 0001:0000e9d9       ?SCR_Init@@YAXXZ           0040f9d9 f   cl_scrn.obj
 0001:0000ed08       ?sprintf@?$TString@$0BA@@@QAAHPBDZZ 0040fd08 f i cl_scrn.obj
 0001:0000ed21       ?CL_RegisterTEntSounds@@YAXXZ 0040fd21 f   cl_tent.obj
 0001:0000ef66       ?CL_RegisterTEntModels@@YAXXZ 0040ff66 f   cl_tent.obj
 0001:0000f0b3       ?CL_ClearTEnts@@YAXXZ      004100b3 f   cl_tent.obj
 0001:0000f0e4       ?CL_SmokeAndFlash@@YAXABUCVec3@@@Z 004100e4 f   cl_tent.obj
 0001:0000f27a       ?CL_ParsePlayerBeam@@YAHPAVCRenderModel@@@Z 0041027a f   cl_tent.obj
 0001:0000f385       ?CL_ParseLightning@@YAHPAVCRenderModel@@@Z 00410385 f   cl_tent.obj
 0001:0000f447       ?CL_ParseWidow@@YAXXZ      00410447 f   cl_tent.obj
 0001:0000f57d       ?CL_ParseNuke@@YAXXZ       0041057d f   cl_tent.obj
 0001:0000f690       ?CL_ParseTEnt@@YAXXZ       00410690 f   cl_tent.obj
 0001:00010477       ?CL_AddBeams@@YAXXZ        00411477 f   cl_tent.obj
 0001:00010679       ?CL_AddPlayerBeams@@YAXXZ  00411679 f   cl_tent.obj
 0001:00010c80       ?CL_AddTEnts@@YAXXZ        00411c80 f   cl_tent.obj
 0001:00010e80       ?V_AddEntity@@YAXPAUentity_t@@@Z 00411e80 f   cl_view.obj
 0001:00010ebb       ?V_AddEntity2@@YAXPAUentity_t@@@Z 00411ebb f   cl_view.obj
 0001:00010eea       ?AddEntityWithEffects2@@YAXPAUentity_t@@I@Z 00411eea f   cl_view.obj
 0001:00010fa6       ?AddEntityWithEffects@@YAXPAUentity_t@@I@Z 00411fa6 f   cl_view.obj
 0001:00010fc5       ?V_AddLight@@YAXABUCVec3@@MMMM@Z 00411fc5 f   cl_view.obj
 0001:0001100a       ?V_TestEntities@@YAXXZ     0041200a f   cl_view.obj
 0001:00011137       ?V_TestLights@@YAXXZ       00412137 f   cl_view.obj
 0001:0001120d       ?V_InitRenderer@@YAXXZ     0041220d f   cl_view.obj
 0001:000115f5       ?CalcFov@@YAMMMM@Z         004125f5 f   cl_view.obj
 0001:00011663       ?V_RenderView@@YA_NXZ      00412663 f   cl_view.obj
 0001:00012297       ?V_Init@@YAXXZ             00413297 f   cl_view.obj
 0001:00012346       ?Con_ClearNotify@@YAXXZ    00413346 f   console.obj
 0001:00012355       ?Con_CheckResize@@YAXXZ    00413355 f   console.obj
 0001:0001247c       ?Con_Print@@YAXPBD@Z       0041347c f   console.obj
 0001:00012774       ?Con_DrawNotify@@YAX_N@Z   00413774 f   console.obj
 0001:0001288c       ?Con_DrawConsole@@YAXM@Z   0041388c f   console.obj
 0001:00012b14       ?Con_ClearTyping@@YAXXZ    00413b14 f   console.obj
 0001:00012b2d       ?Key_Console@@YAXHH@Z      00413b2d f   console.obj
 0001:00012f75       ?Con_Init@@YAXXZ           00413f75 f   console.obj
 0001:000130e7       ?Key_KeynumToString@@YAPBDH@Z 004140e7 f   keys.obj
 0001:000131a7       ?Draw@completeMenu_t@@UAEXXZ 004141a7 f i keys.obj
 0001:000131d8       ?KeyDown@completeMenu_t@@UAEPBDH@Z 004141d8 f i keys.obj
 0001:00013201       ?Init@completeMenu_t@@UAE_NXZ 00414201 f i keys.obj
 0001:00013328       ?CompleteMenuCallback@completeMenu_t@@SAXPAX@Z 00414328 f i keys.obj
 0001:000133b6       ?CompleteCommand@@YAXXZ    004143b6 f   keys.obj
 0001:00013aeb       ?Key_SetBinding@@YAXHPBD@Z 00414aeb f   keys.obj
 0001:00013b29       ?Key_FindBinding@@YAHPBDPAHH@Z 00414b29 f   keys.obj
 0001:00013b77       ?Key_WriteBindings@@YAXPAU_iobuf@@@Z 00414b77 f   keys.obj
 0001:00013bbf       ?Key_Init@@YAXXZ           00414bbf f   keys.obj
 0001:00013ea3       ?Key_Event@@YAXH_N@Z       00414ea3 f   keys.obj
 0001:000141fc       ?Key_ClearStates@@YAXXZ    004151fc f   keys.obj
 0001:00014231       ?M_ForceMenuOn@@YAXXZ      00415231 f   menu.obj
 0001:00014250       ?Draw@menuMain_t@@UAEXXZ   00415250 f i menu.obj
 0001:0001438c       ?KeyDown@menuMain_t@@UAEPBDH@Z 0041538c f i menu.obj
 0001:00014448       ?Init@menuMain_t@@UAE_NXZ  00415448 f i menu.obj
 0001:00014450       ?M_Menu_Main_f@@YAXXZ      00415450 f   menu.obj
 0001:0001446a       ?Init@multiplayerMenu_t@@UAE_NXZ 0041546a f i menu.obj
 0001:0001458e       ?Init@keysMenu_t@@UAE_NXZ  0041558e f i menu.obj
 0001:00014773       ?KeyCursorDrawFunc@keysMenu_t@@SAXPAUmenuFramework_t@@@Z 00415773 f i menu.obj
 0001:000147b3       ?DrawKeyBindingFunc@keysMenu_t@@SAXPAX@Z 004157b3 f i menu.obj
 0001:0001487a       ?KeyDown@keysMenu_t@@UAEPBDH@Z 0041587a f i menu.obj
 0001:00014927       ?UnbindCommand@keysMenu_t@@QAEXPAD@Z 00415927 f i menu.obj
 0001:0001496c       ?KeyBindingFunc@keysMenu_t@@QAEXPAX@Z 0041596c f i menu.obj
 0001:000149cb       ?Init@optionsMenu_t@@UAE_NXZ 004159cb f i menu.obj
 0001:00014e29       ?CrosshairFunc@optionsMenu_t@@SAXPAX@Z 00415e29 f i menu.obj
 0001:00014e51       ?JoystickFunc@optionsMenu_t@@SAXPAX@Z 00415e51 f i menu.obj
 0001:00014e66       ?AlwaysRunFunc@optionsMenu_t@@SAXPAX@Z 00415e66 f i menu.obj
 0001:00014e7b       ?FreeLookFunc@optionsMenu_t@@SAXPAX@Z 00415e7b f i menu.obj
 0001:00014e90       ?MouseSpeedFunc@optionsMenu_t@@SAXPAX@Z 00415e90 f i menu.obj
 0001:00014ead       ?InvertMouseFunc@optionsMenu_t@@SAXPAX@Z 00415ead f i menu.obj
 0001:00014ec8       ?LookspringFunc@optionsMenu_t@@SAXPAX@Z 00415ec8 f i menu.obj
 0001:00014ee4       ?LookstrafeFunc@optionsMenu_t@@SAXPAX@Z 00415ee4 f i menu.obj
 0001:00014f00       ?UpdateVolumeFunc@optionsMenu_t@@SAXPAX@Z 00415f00 f i menu.obj
 0001:00014f1d       ?UpdateCDVolumeFunc@optionsMenu_t@@SAXPAX@Z 00415f1d f i menu.obj
 0001:00014f37       ?SetMenuItemValues@optionsMenu_t@@SAXXZ 00415f37 f i menu.obj
 0001:00015115       ?ResetDefaultsFunc@optionsMenu_t@@SAXPAX@Z 00416115 f i menu.obj
 0001:0001512a       ?UpdateSoundFunc@optionsMenu_t@@SAXPAX@Z 0041612a f i menu.obj
 0001:0001532d       ?ScanCrosshairs@optionsMenu_t@@SAXXZ 0041632d f i menu.obj
 0001:0001538a       ?Draw@optionsMenu_t@@UAEXXZ 0041638a f i menu.obj
 0001:000153ef       ?Draw@creditsMenu_t@@UAEXXZ 004163ef f i menu.obj
 0001:00015496       ?KeyDown@creditsMenu_t@@UAEPBDH@Z 00416496 f i menu.obj
 0001:000154d1       ?Init@creditsMenu_t@@UAE_NXZ 004164d1 f i menu.obj
 0001:00015599       ?Init@gameMenu_t@@UAE_NXZ  00416599 f i menu.obj
 0001:00015724       ?EasyGameFunc@gameMenu_t@@SAXPAX@Z 00416724 f i menu.obj
 0001:00015730       ?StartGame@gameMenu_t@@SAXPBD@Z 00416730 f i menu.obj
 0001:00015788       ?MediumGameFunc@gameMenu_t@@SAXPAX@Z 00416788 f i menu.obj
 0001:00015794       ?HardGameFunc@gameMenu_t@@SAXPAX@Z 00416794 f i menu.obj
 0001:000157b0       ?Init@savegameMenu_t@@UAE_NXZ 004167b0 f i menu.obj
 0001:000158c0       ?Create_Savestrings@savegameMenu_t@@QAEXXZ 004168c0 f i menu.obj
 0001:0001596a       ?LoadGameCallback@savegameMenu_t@@SAXPAX@Z 0041696a f i menu.obj
 0001:00015993       ?SaveGameCallback@savegameMenu_t@@SAXPAX@Z 00416993 f i menu.obj
 0001:000159b2       ?Draw@savegameMenu_t@@UAEXXZ 004169b2 f i menu.obj
 0001:000159cd       ?DrawSavegameShot@savegameMenu_t@@QAEXHH@Z 004169cd f i menu.obj
 0001:00015aa8       ?Init@joinserverMenu_t@@UAE_NXZ 00416aa8 f i menu.obj
 0001:00015bd1       ?JoinServerFunc@joinserverMenu_t@@SAXPAX@Z 00416bd1 f i menu.obj
 0001:00015c33       ?SearchLocalGames@joinserverMenu_t@@SAXXZ 00416c33 f i menu.obj
 0001:00015c9e       ?M_AddToServerList@@YAXUnetadr_t@@PAD@Z 00416c9e f   menu.obj
 0001:00015d1f       ?Init@startserverMenu_t@@UAE_NXZ 00416d1f f i menu.obj
 0001:000161c1       ?DMOptionsFunc@startserverMenu_t@@SAXPAX@Z 004171c1 f i menu.obj
 0001:000161d1       ?RulesChangeFunc@startserverMenu_t@@SAXPAX@Z 004171d1 f i menu.obj
 0001:0001624b       ?StartServerActionFunc@startserverMenu_t@@SAXPAX@Z 0041724b f i menu.obj
 0001:00016276       ?StartServerFunc@startserverMenu_t@@SAXPAD@Z 00417276 f i menu.obj
 0001:000164ad       ?KeyDown@startserverMenu_t@@UAEPBDH@Z 004174ad f i menu.obj
 0001:0001650a       ?Init@dmoptionsMenu_t@@UAE_NXZ 0041750a f i menu.obj
 0001:00016ae9       ?DMFlagCallback@dmoptionsMenu_t@@SAXPAX@Z 00417ae9 f i menu.obj
 0001:00016cc4       ?Init@downloadOptionsMenu_t@@UAE_NXZ 00417cc4 f i menu.obj
 0001:00016e8f       ?DownloadCallback@downloadOptionsMenu_t@@SAXPAX@Z 00417e8f f i menu.obj
 0001:00016efa       ?Init@addressBookMenu_t@@UAE_NXZ 00417efa f i menu.obj
 0001:00016fa2       ?KeyDown@addressBookMenu_t@@UAEPBDH@Z 00417fa2 f i menu.obj
 0001:00016fff       ?Init@playerConfigMenu_t@@UAE_NXZ 00417fff f i menu.obj
 0001:00017546       ?HandednessCallback@playerConfigMenu_t@@SAXPAX@Z 00418546 f i menu.obj
 0001:0001755b       ?RTypeCallback@playerConfigMenu_t@@SAXPAX@Z 0041855b f i menu.obj
 0001:00017570       ?RColorCallback@playerConfigMenu_t@@SAXPAX@Z 00418570 f i menu.obj
 0001:00017585       ?RateCallback@playerConfigMenu_t@@SAXPAX@Z 00418585 f i menu.obj
 0001:000175a8       ?ModelCallback@playerConfigMenu_t@@SAXPAX@Z 004185a8 f i menu.obj
 0001:000175dc       ?SkinCallback@playerConfigMenu_t@@SAXPAX@Z 004185dc f i menu.obj
 0001:000175e4       ?Draw@playerConfigMenu_t@@UAEXXZ 004185e4 f i menu.obj
 0001:000178bc       ?KeyDown@playerConfigMenu_t@@UAEPBDH@Z 004188bc f i menu.obj
 0001:0001799b       ?Init@dmbrowseMenu_t@@UAE_NXZ 0041899b f i menu.obj
 0001:00017ba1       ?KeyDown@dmbrowseMenu_t@@UAEPBDH@Z 00418ba1 f i menu.obj
 0001:00017d65       ?Draw@dmbrowseMenu_t@@UAEXXZ 00418d65 f i menu.obj
 0001:00017eaa       ?DrawThumbnail@dmbrowseMenu_t@@SAXHHHHPAD_N@Z 00418eaa f i menu.obj
 0001:00017f91       ?Init@videoMenu_t@@UAE_NXZ 00418f91 f i menu.obj
 0001:0001854a       ?ScreenSizeCallback@videoMenu_t@@SAXPAX@Z 0041954a f i menu.obj
 0001:00018568       ?BrightnessCallback@videoMenu_t@@SAXPAX@Z 00419568 f i menu.obj
 0001:00018586       ?ContrastCallback@videoMenu_t@@SAXPAX@Z 00419586 f i menu.obj
 0001:000185bf       ?CancelChanges@videoMenu_t@@SAXPAX@Z 004195bf f i menu.obj
 0001:000185e0       ?KeyDown@videoMenu_t@@UAEPBDH@Z 004195e0 f i menu.obj
 0001:00018627       ?ApplyChanges@videoMenu_t@@SAXPAX@Z 00419627 f i menu.obj
 0001:000187de       ?KeyDown@quitMenu_t@@UAEPBDH@Z 004197de f i menu.obj
 0001:00018816       ?Draw@quitMenu_t@@UAEXXZ   00419816 f i menu.obj
 0001:00018886       ?M_Init@@YAXXZ             00419886 f   menu.obj
 0001:00018a68       ?ItemAtCursor@menuFramework_t@@QAEPAUmenuCommon_t@@XZ 00419a68 f   qmenu.obj
 0001:00018abc       ?AddItem@menuFramework_t@@QAEXPAUmenuCommon_t@@@Z 00419abc f   qmenu.obj
 0001:00018b78       ?AdjustCursor@menuFramework_t@@QAEXH@Z 00419b78 f   qmenu.obj
 0001:00018ce7       ?Center@menuFramework_t@@QAEXXZ 00419ce7 f   qmenu.obj
 0001:00018d28       ?Draw@menuFramework_t@@UAEXXZ 00419d28 f   qmenu.obj
 0001:000192ed       ?SelectItem@menuFramework_t@@QAE_NXZ 0041a2ed f   qmenu.obj
 0001:0001934b       ?SetStatusBar@menuFramework_t@@QAEXPBD@Z 0041a34b f   qmenu.obj
 0001:00019355       ?SlideItem@menuFramework_t@@QAEXH@Z 0041a355 f   qmenu.obj
 0001:000198d2       ?Push@menuFramework_t@@QAEXXZ 0041a8d2 f   qmenu.obj
 0001:00019951       ?M_ForceMenuOff@@YAXXZ     0041a951 f   qmenu.obj
 0001:0001997e       ?Pop@menuFramework_t@@QAEXXZ 0041a97e f   qmenu.obj
 0001:000199b8       ?KeyDown@menuFramework_t@@UAEPBDH@Z 0041a9b8 f   qmenu.obj
 0001:00019c2c       ?Init@menuFramework_t@@UAE_NXZ 0041ac2c f   qmenu.obj
 0001:00019c2f       ?M_Draw@@YAXXZ             0041ac2f f   qmenu.obj
 0001:00019c6a       ?M_Keydown@@YAXH@Z         0041ac6a f   qmenu.obj
 0001:00019c89       ?InitRendererVars@@YAXXZ   0041ac89 f   ref_vars.obj
 0001:00019ca8       ?S_SoundInfo_f@@YAXXZ      0041aca8 f   snd_dma.obj
 0001:00019d32       ?S_Init@@YAXXZ             0041ad32 f   snd_dma.obj
 0001:00019e04       ?S_Shutdown@@YAXXZ         0041ae04 f   snd_dma.obj
 0001:00019e97       ?S_BeginRegistration@@YAXXZ 0041ae97 f   snd_dma.obj
 0001:00019ea5       ?S_RegisterSound@@YAPAUsfx_t@@PBD@Z 0041aea5 f   snd_dma.obj
 0001:0001a03b       ?S_EndRegistration@@YAXXZ  0041b03b f   snd_dma.obj
 0001:0001a0be       ?S_PickChannel@@YAPAUchannel_t@@HH@Z 0041b0be f   snd_dma.obj
 0001:0001a14b       ?S_Spatialize@@YAXPAUchannel_t@@@Z 0041b14b f   snd_dma.obj
 0001:0001a32b       ?S_AllocPlaysound@@YAPAUplaysound_t@@XZ 0041b32b f   snd_dma.obj
 0001:0001a34d       ?S_FreePlaysound@@YAXPAUplaysound_t@@@Z 0041b34d f   snd_dma.obj
 0001:0001a37d       ?S_IssuePlaysound@@YAXPAUplaysound_t@@@Z 0041b37d f   snd_dma.obj
 0001:0001a44a       ?S_StartSound@@YAXPBUCVec3@@HHPAUsfx_t@@MMM@Z 0041b44a f   snd_dma.obj
 0001:0001a7f9       ?S_StartLocalSound@@YAXPBD@Z 0041b7f9 f   snd_dma.obj
 0001:0001a848       ?S_ClearBuffer@@YAXXZ      0041b848 f   snd_dma.obj
 0001:0001a8b1       ?S_StopAllSounds_f@@YAXXZ  0041b8b1 f   snd_dma.obj
 0001:0001a921       ?S_AddLoopSounds@@YAXXZ    0041b921 f   snd_dma.obj
 0001:0001aaf7       ?S_RawSamples@@YAXHHHHPAE@Z 0041baf7 f   snd_dma.obj
 0001:0001acfb       ?S_Update@@YAXABUCVec3@@0@Z 0041bcfb f   snd_dma.obj
 0001:0001add1       ?GetSoundtime@@YAXXZ       0041bdd1 f   snd_dma.obj
 0001:0001ae38       ?S_Update_@@YAXXZ          0041be38 f   snd_dma.obj
 0001:0001b0eb       ?ResampleSfx@@YAXPAUsfx_t@@HHPAE@Z 0041c0eb f   snd_mem.obj
 0001:0001b206       ?S_LoadSound@@YAPAUsfxcache_t@@PAUsfx_t@@@Z 0041c206 f   snd_mem.obj
 0001:0001b33e       ?GetWavinfo@@YA?AUwavinfo_t@@PADPAEH@Z 0041c33e f   snd_mem.obj
 0001:0001b580       ?S_WriteLinearBlastStereo16@@YAXXZ 0041c580 f   snd_mix.obj
 0001:0001b5f4       ?S_TransferStereo16@@YAXPAKH@Z 0041c5f4 f   snd_mix.obj
 0001:0001b65d       ?S_TransferPaintBuffer@@YAXH@Z 0041c65d f   snd_mix.obj
 0001:0001b7c1       ?S_PaintChannels@@YAXH@Z   0041c7c1 f   snd_mix.obj
 0001:0001ba3d       ?S_InitScaletable@@YAXXZ   0041ca3d f   snd_mix.obj
 0001:0001bbfe       ?SV_ComputeAnimation@@YAXPAUplayer_state_t@@AAUentityStateEx_t@@PAU2@PAUedict_s@@@Z 0041cbfe f   sv_anim.obj
 0001:0001bffb       ?SV_ReadLevelFile@@YAXXZ   0041cffb f   sv_ccmds.obj
 0001:0001c0a9       ?SV_AddressBanned@@YA_NPAUnetadr_t@@@Z 0041d0a9 f   sv_ccmds.obj
 0001:0001c0ea       ?SV_InitCommands@@YAXXZ    0041d0ea f   sv_ccmds.obj
 0001:0001d544       ?sprintf@?$TString@$0CI@@@QAAHPBDZZ 0041e544 f i sv_ccmds.obj
 0001:0001d55d       ?SV_WriteFrameToClient@@YAXPAUclient_t@@PAVsizebuf_t@@@Z 0041e55d f   sv_ents.obj
 0001:0001dca3       ?SV_RecordDemoMessage@@YAXXZ 0041eca3 f   sv_ents.obj
 0001:0001e875       ?SV_InitGameLibrary@@YAX_N@Z 0041f875 f   sv_game.obj
 0001:0001e9bb       ?SV_ShutdownGameLibrary@@YAXXZ 0041f9bb f   sv_game.obj
 0001:0001eb18       ?SV_FindIndex@@YAHPBDHH_N@Z 0041fb18 f   sv_init.obj
 0001:0001ec25       ?SV_ModelIndex@@YAHPBD@Z   0041fc25 f   sv_init.obj
 0001:0001ec3b       ?SV_SoundIndex@@YAHPBD@Z   0041fc3b f   sv_init.obj
 0001:0001ec54       ?SV_ImageIndex@@YAHPBD@Z   0041fc54 f   sv_init.obj
 0001:0001ec6d       ?SV_CreateBaseline@@YAXXZ  0041fc6d f   sv_init.obj
 0001:0001ecea       ?SV_SpawnServer@@YAXPAD0W4server_state_t@@_N2@Z 0041fcea f   sv_init.obj
 0001:0001f012       ?SV_InitGame@@YAXXZ        00420012 f   sv_init.obj
 0001:0001f248       ?SV_Map@@YAX_NPBD0@Z       00420248 f   sv_init.obj
 0001:0001f40a       ?SV_DropClient@@YAXPAUclient_t@@PAD@Z 0042040a f   sv_main.obj
 0001:0001fcf1       ?SV_ConnectionlessPacket@@YAXXZ 00420cf1 f   sv_main.obj
 0001:0001fdbc       ?SV_CalcPings@@YAXXZ       00420dbc f   sv_main.obj
 0001:0001fe43       ?SV_GiveMsec@@YAXXZ        00420e43 f   sv_main.obj
 0001:0001fe82       ?SV_ReadPackets@@YAXXZ     00420e82 f   sv_main.obj
 0001:0001ffca       ?SV_CheckTimeouts@@YAXXZ   00420fca f   sv_main.obj
 0001:000200db       ?SV_PostprocessFrame@@YAXXZ 004210db f   sv_main.obj
 0001:00020598       ?SV_MulticastHook@@YAPAVsizebuf_t@@PAV1@0@Z 00421598 f   sv_main.obj
 0001:00020988       ?SV_TraceHook@@YA?AUtrace_t@@ABUCVec3@@PBU2@10PAUedict_s@@H@Z 00421988 f   sv_main.obj
 0001:00020b26       ?SV_Frame@@YAXM@Z          00421b26 f   sv_main.obj
 0001:00020dd3       ?SV_UserinfoChanged@@YAXPAUclient_t@@@Z 00421dd3 f   sv_main.obj
 0001:00020e97       ?SV_InitVars@@YAXXZ        00421e97 f   sv_main.obj
 0001:00020ea6       ?SV_Init@@YAXXZ            00421ea6 f   sv_main.obj
 0001:00020eff       ?SV_Shutdown@@YAXPBD_N@Z   00421eff f   sv_main.obj
 0001:00021104       ?SV_BeginRedirect@@YAXXZ   00422104 f   sv_send.obj
 0001:000211ae       ?SV_ClientPrintf@@YAXPAUclient_t@@HPBDZZ 004221ae f   sv_send.obj
 0001:00021209       ?SV_BroadcastPrintf@@YAXHPBDZZ 00422209 f   sv_send.obj
 0001:000212df       ?SV_BroadcastCommand@@YAXPBDZZ 004222df f   sv_send.obj
 0001:00021337       ?SV_Multicast@@YAXABUCVec3@@W4multicast_t@@_N@Z 00422337 f   sv_send.obj
 0001:0002155d       ?SV_MulticastOld@@YAXABUCVec3@@W4multicast_t@@@Z 0042255d f   sv_send.obj
 0001:00021570       ?SV_MulticastNew@@YAXABUCVec3@@W4multicast_t@@@Z 00422570 f   sv_send.obj
 0001:00021583       ?SV_StartSound@@YAXPBUCVec3@@PAUedict_s@@HHMMM_N@Z 00422583 f   sv_send.obj
 0001:00021850       ?SV_StartSoundOld@@YAXPBUCVec3@@PAUedict_s@@HHMMM@Z 00422850 f   sv_send.obj
 0001:00021880       ?SV_StartSoundNew@@YAXPBUCVec3@@PAUedict_s@@HHMMM@Z 00422880 f   sv_send.obj
 0001:000218b0       ?SV_SendClientDatagram@@YA_NPAUclient_t@@@Z 004228b0 f   sv_send.obj
 0001:00021972       ?SV_DemoCompleted@@YAXXZ   00422972 f   sv_send.obj
 0001:0002198e       ?SV_RateDrop@@YA_NPAUclient_t@@@Z 0042298e f   sv_send.obj
 0001:000219d8       ?SV_SendClientMessages@@YAXXZ 004229d8 f   sv_send.obj
 0001:00021b3f       ?SV_DrawText3D@@YAXABUCVec3@@PBDI@Z 00422b3f f   sv_text.obj
 0001:00021b76       ?SV_ClearTexts@@YAXXZ      00422b76 f   sv_text.obj
 0001:00021b7e       ?SV_DrawTexts@@YAXXZ       00422b7e f   sv_text.obj
 0001:00021bcf       ?SV_TokenizeString@@YAXPBD@Z 00422bcf f   sv_tokenize.obj
 0001:00021ca6       ?SV_Argc@@YAHXZ            00422ca6 f   sv_tokenize.obj
 0001:00021cac       ?SV_Argv@@YAPADH@Z         00422cac f   sv_tokenize.obj
 0001:00021cc6       ?SV_Args@@YAPADXZ          00422cc6 f   sv_tokenize.obj
 0001:0002256c       ?SV_Nextserver@@YAXXZ      0042356c f   sv_user.obj
 0001:000225fb       ?SV_ClientThink@@YAXPAUclient_t@@PAUusercmd_t@@@Z 004235fb f   sv_user.obj
 0001:0002263e       ?SV_ExecuteClientMessage@@YAXPAUclient_t@@@Z 0042363e f   sv_user.obj
 0001:00022905       ?SV_ClearWorld@@YAXXZ      00423905 f   sv_world.obj
 0001:00022a40       ?SV_UnlinkEdict@@YAXPAUedict_s@@@Z 00423a40 f   sv_world.obj
 0001:00022b03       ?SV_LinkEdict@@YAXPAUedict_s@@@Z 00423b03 f   sv_world.obj
 0001:000230ee       ?SV_AreaEdicts@@YAHABUCVec3@@0PAPAUedict_s@@HH@Z 004240ee f   sv_world.obj
 0001:0002329f       ?SV_PointContents@@YAHABUCVec3@@@Z 0042429f f   sv_world.obj
 0001:000233c6       ?SV_Trace@@YAXAAUtrace_t@@ABUCVec3@@1ABUCBox@@PAUedict_s@@H@Z 004243c6 f   sv_world.obj
 0001:00023845       ?InitByteDirs@@YAXXZ       00424845 f   anorms.obj
 0001:00023884       ?Cbuf_AddText@@YAXPBD@Z    00424884 f   cmd.obj
 0001:000238e6       ?Cbuf_CopyToDefer@@YAXXZ   004248e6 f   cmd.obj
 0001:0002392e       ?Cbuf_InsertFromDefer@@YAXXZ 0042492e f   cmd.obj
 0001:000239e7       ?Cbuf_Execute@@YAXXZ       004249e7 f   cmd.obj
 0001:00023aed       ?Cmd_Unalias_f@@YAX_NHPAPAD@Z 00424aed f   cmd.obj
 0001:00023b63       ?Cmd_WriteAliases@@YAXPAU_iobuf@@@Z 00424b63 f   cmd.obj
 0001:00023b94       ?RegisterCommand@@YA_NPBDP6AXXZH@Z 00424b94 f   cmd.obj
 0001:00023c62       ?UnregisterCommand@@YA_NPBD@Z 00424c62 f   cmd.obj
 0001:00023cf3       ?Cmd_ExecuteString@@YA_NPBD@Z 00424cf3 f   cmd.obj
 0001:00024146       ?ExecuteCommand@@YA_NPBDPBUCSimpleCommand@@H@Z 00425146 f   cmd.obj
 0001:00024570       ?CM_LoadMap@@YAPAUcmodel_t@@PBD_NPAI@Z 00425570 f   cmodel.obj
 0001:00024ca1       ?SetSignbits@cplane_t@@QAEXXZ 00425ca1 f i cmodel.obj
 0001:00024cd5       ?SetType@cplane_t@@QAEXXZ  00425cd5 f i cmodel.obj
 0001:00024e91       ?CM_InlineModel@@YAPAUcmodel_t@@PBD@Z 00425e91 f   cmodel.obj
 0001:00024ed2       ?CM_NumClusters@@YAHXZ     00425ed2 f   cmodel.obj
 0001:00024ed8       ?CM_NumInlineModels@@YAHXZ 00425ed8 f   cmodel.obj
 0001:00024ede       ?CM_EntityString@@YAPBDXZ  00425ede f   cmodel.obj
 0001:00024ee4       ?CM_LeafContents@@YAHH@Z   00425ee4 f   cmodel.obj
 0001:00024f0b       ?CM_LeafCluster@@YAHH@Z    00425f0b f   cmodel.obj
 0001:00024f81       ?CM_LeafArea@@YAHH@Z       00425f81 f   cmodel.obj
 0001:00025144       ?CM_HeadnodeForBox@@YAHABUCBox@@@Z 00426144 f   cmodel.obj
 0001:000251f9       ?CM_PointLeafnum@@YAHABUCVec3@@H@Z 004261f9 f   cmodel.obj
 0001:0002529c       ?DistanceTo@cplane_t@@QAEMABUCVec3@@@Z 0042629c f i cmodel.obj
 0001:000252e0       ?CM_PointContents@@YAHABUCVec3@@H@Z 004262e0 f   cmodel.obj
 0001:00025355       ?CM_TransformedPointContents@@YAHABUCVec3@@H00@Z 00426355 f   cmodel.obj
 0001:00025436       ?CM_TransformedPointContents@@YAHABUCVec3@@H0ABUCAxis@@@Z 00426436 f   cmodel.obj
 0001:000254e1       ?CM_BoxLeafnums@@YAHABUCBox@@PAHH1H@Z 004264e1 f   cmodel.obj
 0001:000255ea       ?BOX_ON_PLANE_SIDE@@YAHABUCBox@@ABUcplane_t@@@Z 004265ea f i cmodel.obj
 0001:00025654       ?CM_BoxTrace@@YAXAAUtrace_t@@ABUCVec3@@1ABUCBox@@HH@Z 00426654 f   cmodel.obj
 0001:00025ff6       ?CM_TransformedBoxTrace@@YAXAAUtrace_t@@ABUCVec3@@1ABUCBox@@HH11@Z 00426ff6 f   cmodel.obj
 0001:00026173       ?CM_TransformedBoxTrace@@YAXAAUtrace_t@@ABUCVec3@@1ABUCBox@@HH1ABUCAxis@@@Z 00427173 f   cmodel.obj
 0001:00026230       ?CM_BrushTrace@@YAHABUCVec3@@0PAHH@Z 00427230 f   cmodel.obj
 0001:00026642       ?CM_RefineBrushTrace@@YAHABUCVec3@@0PAHH@Z 00427642 f   cmodel.obj
 0001:000266e8       ?CM_ClusterPVS@@YAPAEH@Z   004276e8 f   cmodel.obj
 0001:0002682c       ?CM_ClusterPHS@@YAPAEH@Z   0042782c f   cmodel.obj
 0001:0002698f       ?CM_SetAreaPortalState@@YAXH_N@Z 0042798f f   cmodel.obj
 0001:000269b4       ?CM_AreasConnected@@YA_NHH@Z 004279b4 f   cmodel.obj
 0001:000269f8       ?CM_WriteAreaBits@@YAHPAEH@Z 004279f8 f   cmodel.obj
 0001:00026a9a       ?CM_WritePortalState@@YAXPAU_iobuf@@@Z 00427a9a f   cmodel.obj
 0001:00026ab4       ?CM_ReadPortalState@@YAXPAU_iobuf@@@Z 00427ab4 f   cmodel.obj
 0001:00026ad2       ?CM_HeadnodeVisible@@YA_NHPBE@Z 00427ad2 f   cmodel.obj
 0001:00026bad       ?Com_BeginRedirect@@YAXPADHP6AX0@Z@Z 00427bad f   common.obj
 0001:00026bda       ?Com_EndRedirect@@YAXXZ    00427bda f   common.obj
 0001:00026bf9       ?appPrintf@@YAXPBDZZ       00427bf9 f   common.obj
 0001:00026df1       ?Com_DPrintf@@YAXPBDZZ     00427df1 f   common.obj
 0001:00026e6a       ?DebugPrintf@@YAXPBDZZ     00427e6a f   common.obj
 0001:00026f14       ?Com_Quit@@YAXXZ           00427f14 f   common.obj
 0001:00026f34       ?IPWildcard@@YA_NPAUnetadr_t@@PBD@Z 00427f34 f   common.obj
 0001:0002700e       ?Com_ServerState@@YA?AW4server_state_t@@XZ 0042800e f   common.obj
 0001:00027014       ?Com_SetServerState@@YAXW4server_state_t@@@Z 00428014 f   common.obj
 0001:0002701e       ?frand@@YAMXZ              0042801e f   common.obj
 0001:00027036       ?crand@@YAMXZ              00428036 f   common.obj
 0001:00027054       ?Info_ValueForKey@@YAPBDPBD0@Z 00428054 f   common.obj
 0001:000270d3       ?Info_SetValueForKey@@YAXPADPBD1@Z 004280d3 f   common.obj
 0001:00027236       ?Info_Print@@YAXPBD@Z      00428236 f   common.obj
 0001:000272bc       ?Com_CheckCmdlineVar@@YA_NPBD@Z 004282bc f   common.obj
 0001:00027312       ?Com_Init@@YAXPBD@Z        00428312 f   common.obj
 0001:000276d1       ?Com_Frame@@YAXM@Z         004286d1 f   common.obj
 0001:000279fe       ?Com_Shutdown@@YAXXZ       004289fe f   common.obj
 0001:00027a17       ?Com_BlockSequenceCRCByte@@YAEPAEHH@Z 00428a17 f   crc.obj
 0001:00027acd       ?Cvar_VariableValue@@YAMPBD@Z 00428acd f   cvar.obj
 0001:00027b3b       ?Cvar_VariableInt@@YAHPBD@Z 00428b3b f   cvar.obj
 0001:00027b4e       ?Cvar_VariableString@@YAPBDPBD@Z 00428b4e f   cvar.obj
 0001:00027b66       ?Cvar_Get@@YAPAUcvar_t@@PBD0H@Z 00428b66 f   cvar.obj
 0001:00027eaf       ?Cvar_GetVars@@YAXPBUcvarInfo_t@@H@Z 00428eaf f   cvar.obj
 0001:00027f59       ?Cvar_FullSet@@YAXPAUcvar_t@@PBDI@Z 00428f59 f   cvar.obj
 0001:00027f8b       ?Cvar_FullSet@@YAPAUcvar_t@@PBD0I@Z 00428f8b f   cvar.obj
 0001:00027fcb       ?Cvar_SetValue@@YAPAUcvar_t@@PBDM@Z 00428fcb f   cvar.obj
 0001:00028198       ?Cvar_SetInteger@@YAPAUcvar_t@@PBDH@Z 00429198 f   cvar.obj
 0001:000281ba       ?Cvar_Set@@YAPAUcvar_t@@PBD0@Z 004291ba f   cvar.obj
 0001:000281cf       ?Cvar_ForceSet@@YAPAUcvar_t@@PBD0@Z 004291cf f   cvar.obj
 0001:000281e4       ?Cvar_Clamp@@YAMPAUcvar_t@@MM@Z 004291e4 f   cvar.obj
 0001:00028242       ?Cvar_Command@@YA_NHPAPAD@Z 00429242 f   cvar.obj
 0001:000282db       ?IsDefault@cvar_t@@QAE_NXZ 004292db f i cvar.obj
 0001:000282f8       ?Cvar_WriteVariables@@YAXPAU_iobuf@@HHPBD@Z 004292f8 f   cvar.obj
 0001:00028380       ?Cvar_Userinfo@@YAPBDXZ    00429380 f   cvar.obj
 0001:000283db       ?Cvar_Serverinfo@@YAPBDXZ  004293db f   cvar.obj
 0001:000283e4       ?Cvar_Cheats@@YAX_N@Z      004293e4 f   cvar.obj
 0001:00028c58       ?MSG_WriteDeltaEntity@@YAXPAVsizebuf_t@@PBUentityStateEx_t@@PAU2@_N33@Z 00429c58 f   entdelta.obj
 0001:00029214       ?MSG_WriteRemoveEntity@@YAXPAVsizebuf_t@@H@Z 0042a214 f   entdelta.obj
 0001:00029254       ?MSG_ReadEntityBits@@YAHPAVsizebuf_t@@PAIPA_N@Z 0042a254 f   entdelta.obj
 0001:000292c5       ?MSG_ReadDeltaEntity@@YAXPAVsizebuf_t@@PBUentityStateEx_t@@PAU2@I@Z 0042a2c5 f   entdelta.obj
 0001:00029348       ?MSG_WriteDeltaUsercmd@@YAXPAVsizebuf_t@@PBUusercmd_t@@PAU2@@Z 0042a348 f   entdelta.obj
 0001:000293d7       ?MSG_ReadDeltaUsercmd@@YAXPAVsizebuf_t@@PBUusercmd_t@@PAU2@@Z 0042a3d7 f   entdelta.obj
 0001:000296da       ?MSG_WriteDeltaPlayerstate@@YAXPAVsizebuf_t@@PBUplayer_state_t@@PAU2@@Z 0042a6da f   entdelta.obj
 0001:000297e3       ?MSG_ReadDeltaPlayerstate@@YAXPAVsizebuf_t@@PBUplayer_state_t@@PAU2@@Z 0042a7e3 f   entdelta.obj
 0001:000298b7       ?FS_CreatePath@@YAXPBD@Z   0042a8b7 f   files.obj
 0001:00029923       ?FS_CopyFile@@YAXPBD0@Z    0042a923 f   files.obj
 0001:00029a26       ?FS_CopyFiles@@YAXPBD0@Z   0042aa26 f   files.obj
 0001:00029aff       ?FS_RemoveFiles@@YAXPBD@Z  0042aaff f   files.obj
 0001:00029b73       ?FS_FCloseFile@@YAXPAVQFILE@@@Z 0042ab73 f   files.obj
 0001:00029c11       ?FS_FOpenFile@@YAPAVQFILE@@PBDPAH@Z 0042ac11 f   files.obj
 0001:0002a12d       ?FS_FileExists@@YA_NPBD@Z  0042b12d f   files.obj
 0001:0002a346       ?FS_Read@@YAXPAXHPAVQFILE@@@Z 0042b346 f   files.obj
 0001:0002a5aa       ?FS_LoadFile@@YAPAXPBDPAI@Z 0042b5aa f   files.obj
 0001:0002a64d       ?FS_FreeFile@@YAXPAX@Z     0042b64d f   files.obj
 0001:0002a658       ?FS_Gamedir@@YAPBDXZ       0042b658 f   files.obj
 0001:0002a66c       ?FS_LoadGameConfig@@YAXXZ  0042b66c f   files.obj
 0001:0002a72c       ?FS_SetGamedir@@YA_NPBD@Z  0042b72c f   files.obj
 0001:0002ae02       ?FS_ListFiles@@YA?AV?$TList@VCStringItem@@@@PBDH@Z 0042be02 f   files.obj
 0001:0002b1a3       ?FS_NextPath@@YAPADPBD@Z   0042c1a3 f   files.obj
 0001:0002b1c7       ?FS_InitFilesystem@@YAXXZ  0042c1c7 f   files.obj
 0001:0002bb40       ?CreateAndInsert@?$TList@VCStringItem@@@@QAEPAVCStringItem@@PBD@Z 0042cb40 f i files.obj
 0001:0002bb62       ?LoadPCX@@YAXPBDAAPAE1AAH2@Z 0042cb62 f   images.obj
 0001:0002bc99       ?LoadTGA@@YAXPBDAAPAEAAH2@Z 0042cc99 f   images.obj
 0001:0002be6f       ?LoadJPG@@YAXPBDAAPAEAAH2@Z 0042ce6f f   images.obj
 0001:0002c0fc       ?ImageExists@@YAHPBDH@Z    0042d0fc f   images.obj
 0001:0002c21e       ?WriteTGA@@YA_NPBDPAEHH@Z  0042d21e f   images.obj
 0001:0002c412       ?WriteJPG@@YA_NPBDPAEHH_N@Z 0042d412 f   images.obj
 0001:0002c543       ?MD4Init@@YAXPAUMD4_CTX@@@Z 0042d543 f   md4.obj
 0001:0002c56b       ?MD4Update@@YAXPAUMD4_CTX@@PAEI@Z 0042d56b f   md4.obj
 0001:0002c609       ?MD4Final@@YAXQAEPAUMD4_CTX@@@Z 0042d609 f   md4.obj
 0001:0002ccfa       ?Com_BlockChecksum@@YAIPAXH@Z 0042dcfa f   md4.obj
 0001:0002cd36       ?LoadQ2BspFile@@YAXXZ      0042dd36 f   model.obj
 0001:0002d0ec       ?LoadBspFile@@YAPAUbspfile_t@@PBD_NPAI@Z 0042e0ec f   model.obj
 0001:0002d29a       ?ProcessEntstring@@YAPADPAD@Z 0042e29a f   model.obj
 0001:0002e141       ?Init@sizebuf_t@@QAEXPAXH@Z 0042f141 f   msg.obj
 0001:0002e15c       ?Write@sizebuf_t@@QAEXPBXH@Z 0042f15c f   msg.obj
 0001:0002e1cc       ?MSG_WriteChar@@YAXPAVsizebuf_t@@H@Z 0042f1cc f   msg.obj
 0001:0002e1cc       ?MSG_WriteByte@@YAXPAVsizebuf_t@@H@Z 0042f1cc f   msg.obj
 0001:0002e1dd       ?MSG_WriteShort@@YAXPAVsizebuf_t@@H@Z 0042f1dd f   msg.obj
 0001:0002e1ee       ?MSG_WriteLong@@YAXPAVsizebuf_t@@H@Z 0042f1ee f   msg.obj
 0001:0002e1ee       ?MSG_WriteFloat@@YAXPAVsizebuf_t@@M@Z 0042f1ee f   msg.obj
 0001:0002e1ff       ?MSG_WriteString@@YAXPAVsizebuf_t@@PBD@Z 0042f1ff f   msg.obj
 0001:0002e229       ?MSG_WritePos@@YAXPAVsizebuf_t@@ABUCVec3@@@Z 0042f229 f   msg.obj
 0001:0002e28d       ?MSG_WriteAngle@@YAXPAVsizebuf_t@@M@Z 0042f28d f   msg.obj
 0001:0002e2b8       ?MSG_WriteAngle16@@YAXPAVsizebuf_t@@M@Z 0042f2b8 f   msg.obj
 0001:0002e2e3       ?MSG_WriteDir@@YAXPAVsizebuf_t@@ABUCVec3@@@Z 0042f2e3 f   msg.obj
 0001:0002e34b       ?MSG_ReadDir@@YAXPAVsizebuf_t@@AAUCVec3@@@Z 0042f34b f   msg.obj
 0001:0002e37c       ?MSG_ReadChar@@YAHPAVsizebuf_t@@@Z 0042f37c f   msg.obj
 0001:0002e39c       ?MSG_ReadByte@@YAHPAVsizebuf_t@@@Z 0042f39c f   msg.obj
 0001:0002e3bc       ?MSG_ReadShort@@YAHPAVsizebuf_t@@@Z 0042f3bc f   msg.obj
 0001:0002e3dc       ?MSG_ReadLong@@YAHPAVsizebuf_t@@@Z 0042f3dc f   msg.obj
 0001:0002e3fb       ?MSG_ReadString@@YAPADPAVsizebuf_t@@@Z 0042f3fb f   msg.obj
 0001:0002e42e       ?MSG_ReadPos@@YAXPAVsizebuf_t@@AAUCVec3@@@Z 0042f42e f   msg.obj
 0001:0002e480       ?MSG_ReadAngle@@YAMPAVsizebuf_t@@@Z 0042f480 f   msg.obj
 0001:0002e49a       ?MSG_ReadAngle16@@YAMPAVsizebuf_t@@@Z 0042f49a f   msg.obj
 0001:0002e4b4       ?MSG_ReadData@@YAXPAVsizebuf_t@@PAXH@Z 0042f4b4 f   msg.obj
 0001:0002e4d7       ?Netchan_Init@@YAXXZ       0042f4d7 f   net_chan.obj
 0001:0002e54b       ?Netchan_OutOfBandPrint@@YAXW4netsrc_t@@Unetadr_t@@PBDZZ 0042f54b f   net_chan.obj
 0001:0002e5d0       ?Setup@netchan_t@@QAEXW4netsrc_t@@Unetadr_t@@H@Z 0042f5d0 f   net_chan.obj
 0001:0002e626       ?NeedReliable@netchan_t@@QAE_NXZ 0042f626 f   net_chan.obj
 0001:0002e64b       ?Transmit@netchan_t@@QAEXPAXH@Z 0042f64b f   net_chan.obj
 0001:0002e7e6       ?Process@netchan_t@@QAE_NPAVsizebuf_t@@@Z 0042f7e6 f   net_chan.obj
 0001:0002e914       ?Pmove@@YAXPAUpmove_t@@@Z  0042f914 f   pmove.obj
 0001:000305fd       ?NormalizeColor@@YAMABUCVec3@@AAU1@@Z 004315fd f   q_shared2.obj
 0001:00030659       ?NormalizeColor255@@YAMABUCVec3@@AAU1@@Z 00431659 f   q_shared2.obj
 0001:000306b9       ?appRsqrt@@YAMM@Z          004316b9 f   q_shared2.obj
 0001:000306e5       ?AngleVectors@@YAXABUCVec3@@PAU1@11@Z 004316e5 f   q_shared2.obj
 0001:00030846       ?MakeNormalVectors@@YAXABUCVec3@@AAU1@1@Z 00431846 f   q_shared2.obj
 0001:000308b5       ?Vec2Angles@@YAXABUCVec3@@AAU1@@Z 004318b5 f   q_shared2.obj
 0001:000309b8       ?Vec2Yaw@@YAMABUCVec3@@@Z  004319b8 f   q_shared2.obj
 0001:00030a2b       ?VectorLength@@YAMABUCVec3@@@Z 00431a2b f   q_shared2.obj
 0001:00030a5a       ?VectorDistance@@YAMABUCVec3@@0@Z 00431a5a f   q_shared2.obj
 0001:00030a8b       ?LerpAngle@@YAMMMM@Z       00431a8b f   q_shared2.obj
 0001:00030ace       ?AngleMod@@YAMM@Z          00431ace f   q_shared2.obj
 0001:00030afa       ?AngleSubtract@@YAMMM@Z    00431afa f   q_shared2.obj
 0001:00030b31       ?AnglesSubtract@@YAXABUCVec3@@0AAU1@@Z 00431b31 f   q_shared2.obj
 0001:00030b89       ?Normalize@CVec3@@QAEMXZ   00431b89 f   q_shared2.obj
 0001:00030bdb       ?VectorNormalize@@YAMABUCVec3@@AAU1@@Z 00431bdb f   q_shared2.obj
 0001:00030c33       ?NormalizeFast@CVec3@@QAEMXZ 00431c33 f   q_shared2.obj
 0001:00030c84       ?cross@@YAXABUCVec3@@0AAU1@@Z 00431c84 f   q_shared2.obj
 0001:00030cbf       ?Clear@CBox@@QAEXXZ        00431cbf f   q_shared2.obj
 0001:00030cdd       ?Expand@CBox@@QAEXABUCVec3@@@Z 00431cdd f   q_shared2.obj
 0001:00030d0c       ?Expand@CBox@@QAEXABU1@@Z  00431d0c f   q_shared2.obj
 0001:00030d48       ?GetCenter@CBox@@QAEXAAUCVec3@@@Z 00431d48 f   q_shared2.obj
 0001:00030d68       ?OnPlaneSide@CBox@@QBEHABUcplane_t@@@Z 00431d68 f   q_shared2.obj
 0001:00030e97       ?FromAngles@CAxis@@QAEXABUCVec3@@@Z 00431e97 f   q_shared2.obj
 0001:00030ed6       ?TransformVector@CAxis@@QBEXABUCVec3@@AAU2@@Z 00431ed6 f   q_shared2.obj
 0001:00030f27       ?UnTransformVector@CAxis@@QBEXABUCVec3@@AAU2@@Z 00431f27 f   q_shared2.obj
 0001:00030f8b       ?TransformAxis@CAxis@@QBEXABU1@AAU1@@Z 00431f8b f   q_shared2.obj
 0001:00030fd1       ?UnTransformAxis@CAxis@@QBEXABU1@AAU1@@Z 00431fd1 f   q_shared2.obj
 0001:00031017       ?TransformPoint@CCoords@@QBEXABUCVec3@@AAU2@@Z 00432017 f   q_shared2.obj
 0001:00031075       ?UnTransformPoint@CCoords@@QBEXABUCVec3@@AAU2@@Z 00432075 f   q_shared2.obj
 0001:000310e2       ?UnTransformCoords@CCoords@@QBEXABU1@AAU1@@Z 004320e2 f   q_shared2.obj
 0001:0003110c       ?TransformPlane@CCoords@@QBEXABUcplane_t@@AAU2@@Z 0043210c f   q_shared2.obj
 0001:00031144       ?TransformPoint@@YAXABUCVec3@@ABUCAxis@@0AAU1@@Z 00432144 f   q_shared2.obj
 0001:000311a7       ?UnTransformPoint@@YAXABUCVec3@@ABUCAxis@@0AAU1@@Z 004321a7 f   q_shared2.obj
 0001:00031217       ?ShortSwap@@YAFF@Z         00432217 f   q_shared2.obj
 0001:0003122c       ?COM_Parse@@YAPADAAPBD_N@Z 0043222c f   q_shared2.obj
 0001:0003134c       ?COM_QuoteString@@YAPBDPBD_N@Z 0043234c f   q_shared2.obj
 0001:000313a7       ?Zip_OpenArchive@@YAPAU_iobuf@@PBD@Z 004323a7 f   zip.obj
 0001:00031412       ?Zip_CloseArchive@@YAXPAU_iobuf@@@Z 00432412 f   zip.obj
 0001:0003141e       ?Zip_EnumArchive@@YA_NPAU_iobuf@@P6A_NPAUzipFile_t@@@Z@Z 0043241e f   zip.obj
 0001:000315fb       ?Zip_OpenFile@@YAPAUZFILE@@PAU_iobuf@@PAUzipFile_t@@@Z 004325fb f   zip.obj
 0001:000316df       ?Zip_ReadFile@@YAHPAUZFILE@@PAXH@Z 004326df f   zip.obj
 0001:000317d5       ?Zip_CloseFile@@YA_NPAUZFILE@@@Z 004327d5 f   zip.obj
 0001:00031819       ?Zip_OpenBuf@@YAPAUZBUF@@PAXH@Z 00432819 f   zip.obj
 0001:00031857       ?Zip_ReadBuf@@YAHPAUZBUF@@PAXH@Z 00432857 f   zip.obj
 0001:0003189f       ?Zip_CloseBuf@@YAXPAUZBUF@@@Z 0043289f f   zip.obj
 0001:000318b4       _zcalloc                   004328b4 f   zip.obj
 0001:000318c8       _zcfree                    004328c8 f   zip.obj
 0001:000318d3       ?CDAudio_Play2@@YAXH_N@Z   004328d3 f   cd_win.obj
 0001:00031ab2       ?CDAudio_Play@@YAXH_N@Z    00432ab2 f   cd_win.obj
 0001:00031ac9       ?CDAudio_Stop@@YAXXZ       00432ac9 f   cd_win.obj
 0001:00031b0e       ?CDAudio_Pause@@YAXXZ      00432b0e f   cd_win.obj
 0001:00031b67       ?CDAudio_Resume@@YAXXZ     00432b67 f   cd_win.obj
 0001:00031bd6       ?CDAudio_Update@@YAXXZ     00432bd6 f   cd_win.obj
 0001:00031c0a       ?CDAudio_Init@@YAHXZ       00432c0a f   cd_win.obj
 0001:0003206c       ?CDAudio_Shutdown@@YAXXZ   0043306c f   cd_win.obj
 0001:0003209f       ?CDAudio_Activate@@YAX_N@Z 0043309f f   cd_win.obj
 0001:000320b0       ?IN_Commands@@YAXXZ        004330b0 f   in_win.obj
 0001:000321d8       ?IN_Init@@YAXXZ            004331d8 f   in_win.obj
 0001:00032617       ?IN_Shutdown@@YAXXZ        00433617 f   in_win.obj
 0001:00032866       ?IN_Move@@YAXPAUusercmd_t@@@Z 00433866 f   in_win.obj
 0001:00032e43       ?IN_Activate@@YAX_N@Z      00433e43 f   in_win.obj
 0001:00032e4d       ?IN_Frame@@YAXXZ           00433e4d f   in_win.obj
 0001:000331b5       ?NET_CompareAdr@@YA_NPAUnetadr_t@@0@Z 004341b5 f   net_wins.obj
 0001:000331f1       ?NET_CompareBaseAdr@@YA_NPAUnetadr_t@@0@Z 004341f1 f   net_wins.obj
 0001:00033220       ?NET_AdrToString@@YAPADPAUnetadr_t@@@Z 00434220 f   net_wins.obj
 0001:0003327c       ?NET_StringToAdr@@YA_NPBDPAUnetadr_t@@@Z 0043427c f   net_wins.obj
 0001:00033381       ?NET_IsLocalAddress@@YA_NPAUnetadr_t@@@Z 00434381 f   net_wins.obj
 0001:0003338d       ?NET_GetLoopPacket@@YA_NW4netsrc_t@@PAUnetadr_t@@PAVsizebuf_t@@@Z 0043438d f   net_wins.obj
 0001:00033416       ?NET_SendLoopPacket@@YAXW4netsrc_t@@HPAXUnetadr_t@@@Z 00434416 f   net_wins.obj
 0001:0003346b       ?NET_GetPacket@@YA_NW4netsrc_t@@PAUnetadr_t@@PAVsizebuf_t@@@Z 0043446b f   net_wins.obj
 0001:00033562       ?NET_SendPacket@@YAXW4netsrc_t@@HPAXUnetadr_t@@@Z 00434562 f   net_wins.obj
 0001:00033643       ?NET_Config@@YAX_N@Z       00434643 f   net_wins.obj
 0001:00033812       ?NET_Init@@YAXXZ           00434812 f   net_wins.obj
 0001:00033890       ?Sys_Mkdir@@YAXPAD@Z       00434890 f   fs_win.obj
 0001:0003389c       ?Sys_FindFirst@@YAPBDPBDH@Z 0043489c f   fs_win.obj
 0001:00033956       ?Sys_FindNext@@YAPBDXZ     00434956 f   fs_win.obj
 0001:000339c0       ?Sys_FindClose@@YAXXZ      004349c0 f   fs_win.obj
 0001:000339da       ?Sys_FileExists@@YA_NPBDH@Z 004349da f   fs_win.obj
 0001:000339f8       ?SNDDMA_Init@@YA_NXZ       004349f8 f   snd_win.obj
 0001:00034037       ?SNDDMA_GetDMAPos@@YAHXZ   00435037 f   snd_win.obj
 0001:00034081       ?SNDDMA_BeginPainting@@YAXXZ 00435081 f   snd_win.obj
 0001:00034199       ?SNDDMA_Submit@@YAXXZ      00435199 f   snd_win.obj
 0001:000341be       ?SNDDMA_Shutdown@@YAXXZ    004351be f   snd_win.obj
 0001:000341c3       ?S_Activate@@YAX_N@Z       004351c3 f   snd_win.obj
 0001:000341ee       ?Sys_Quit@@YAXXZ           004351ee f   sys_win.obj
 0001:0003420c       ?Sys_ConsoleInput@@YAPADXZ 0043520c f   sys_win.obj
 0001:000344c7       ?Sys_ConsoleOutput@@YAXPBD@Z 004354c7 f   sys_win.obj
 0001:0003458e       ?Sys_ProcessMessages@@YAXXZ 0043558e f   sys_win.obj
 0001:00034646       ?Sys_UnloadGame@@YAXXZ     00435646 f   sys_win.obj
 0001:000346c1       ?Sys_GetGameAPI@@YAPAXPAX@Z 004356c1 f   sys_win.obj
 0001:0003480d       _WinMain@16                0043580d f   sys_win.obj
 0001:00034b10       ?AddMsgHook@@YAXP6A_NIIJ@Z@Z 00435b10 f   vid_dll.obj
 0001:00034b54       ?RemoveMsgHook@@YAXP6A_NIIJ@Z@Z 00435b54 f   vid_dll.obj
 0001:00034b83       ?Vid_CreateWindow@@YAPAXHH_N@Z 00435b83 f   vid_dll.obj
 0001:00035285       ?Vid_DestroyWindow@@YAX_N@Z 00436285 f   vid_dll.obj
 0001:000352c0       ?Vid_Restart@@YAXXZ        004362c0 f   vid_dll.obj
 0001:000352cc       ?Vid_GetModeInfo@@YA_NPAH0H@Z 004362cc f   vid_dll.obj
 0001:000352fc       ?Vid_Tick@@YAXXZ           004362fc f   vid_dll.obj
 0001:000354ac       ?Vid_Init@@YAXXZ           004364ac f   vid_dll.obj
 0001:00035572       ?Vid_Shutdown@@YAXXZ       00436572 f   vid_dll.obj
 0001:00035591       ?Tesselate@surfacePlanar_t@OpenGLDrv@@UAEXAAUrefEntity_t@2@@Z 00436591 f   gl_backend.obj
 0001:00035f6d       ?Negate@CVec3@@QAEXXZ      00436f6d f i gl_backend.obj
 0001:00037ace       ?Tesselate@surfacePoly_t@OpenGLDrv@@UAEXAAUrefEntity_t@2@@Z 00438ace f   gl_backend.obj
 0001:00037bd5       ?Tesselate@surfaceMd3_t@OpenGLDrv@@UAEXAAUrefEntity_t@2@@Z 00438bd5 f   gl_backend.obj
 0001:00037fbf       ?DrawTriangles@OpenGLDrv@@YA_NXZ 00438fbf f   gl_backend.obj
 0001:000380d4       ?DrawNormals@OpenGLDrv@@YA_NXZ 004390d4 f   gl_backend.obj
 0001:000381de       ?Tesselate@surfaceEntity_t@OpenGLDrv@@UAEXAAUrefEntity_t@2@@Z 004391de f   gl_backend.obj
 0001:000382c2       ?Tesselate@surfaceParticle_t@OpenGLDrv@@UAEXAAUrefEntity_t@2@@Z 004392c2 f   gl_backend.obj
 0001:00038512       ?BK_DrawScene@OpenGLDrv@@YAXXZ 00439512 f   gl_backend.obj
 0001:00038b39       ?BK_DrawPic@OpenGLDrv@@YAXPAVshader_t@1@HHHHMMMMIE@Z 00439b39 f   gl_backend.obj
 0001:00038d1a       ?BK_DrawText@OpenGLDrv@@YAXPBDHHHHHI@Z 00439d1a f   gl_backend.obj
 0001:00038f0f       ?BK_BeginFrame@OpenGLDrv@@YAXXZ 00439f0f f   gl_backend.obj
 0001:00038f73       ?BK_EndFrame@OpenGLDrv@@YAXXZ 00439f73 f   gl_backend.obj
 0001:00038fb2       ?BK_Init@OpenGLDrv@@YAXXZ  00439fb2 f   gl_backend.obj
 0001:00038fe1       ?BK_Shutdown@OpenGLDrv@@YAXXZ 00439fe1 f   gl_backend.obj
 0001:00038ff9       ?AllocDynamicMemory@OpenGLDrv@@YAPAXH@Z 00439ff9 f   gl_buffers.obj
 0001:00039064       ?ResizeDynamicMemory@OpenGLDrv@@YAXPAXH@Z 0043a064 f   gl_buffers.obj
 0001:000390a6       ?AddSurfaceToPortal@OpenGLDrv@@YAXPAVsurfaceBase_t@1@PAVshader_t@1@HH@Z 0043a0a6 f   gl_buffers.obj
 0001:00039117       ?InsertShaderIndex@OpenGLDrv@@YAXH@Z 0043a117 f   gl_buffers.obj
 0001:00039150       ?ClearPortal@OpenGLDrv@@YAXXZ 0043a150 f   gl_buffers.obj
 0001:0003916e       ?SortSurfaces@OpenGLDrv@@YAXPAUviewPortal_t@1@PAPAUsurfaceInfo_t@1@@Z 0043a16e f   gl_buffers.obj
 0001:00039300       ?ClearBuffers@OpenGLDrv@@YAXXZ 0043a300 f   gl_buffers.obj
 0001:00039317       ?CreateBuffers@OpenGLDrv@@YAXXZ 0043a317 f   gl_buffers.obj
 0001:0003933d       ?FreeBuffers@OpenGLDrv@@YAXXZ 0043a33d f   gl_buffers.obj
 0001:00039361       ?InitEntity@model_t@OpenGLDrv@@UAEXPAUentity_t@@PAUrefEntity_t@2@@Z 0043a361 f   gl_frontend.obj
 0001:00039364       ?AddSurfaces@model_t@OpenGLDrv@@UAEXPAUrefEntity_t@2@@Z 0043a364 f   gl_frontend.obj
 0001:00039392       ?GetLeaf@model_t@OpenGLDrv@@UAEPAUnode_t@2@PAUrefEntity_t@2@@Z 0043a392 f   gl_frontend.obj
 0001:000393a3       ?DrawLabel@model_t@OpenGLDrv@@UAEXPAUrefEntity_t@2@@Z 0043a3a3 f   gl_frontend.obj
 0001:000393a6       ?InitEntity@inlineModel_t@OpenGLDrv@@UAEXPAUentity_t@@PAUrefEntity_t@2@@Z 0043a3a6 f   gl_frontend.obj
 0001:000393f6       ?AddSurfaces@inlineModel_t@OpenGLDrv@@UAEXPAUrefEntity_t@2@@Z 0043a3f6 f   gl_frontend.obj
 0001:000398d4       ?GetLeaf@inlineModel_t@OpenGLDrv@@UAEPAUnode_t@2@PAUrefEntity_t@2@@Z 0043a8d4 f   gl_frontend.obj
 0001:00039a79       ?DrawLabel@inlineModel_t@OpenGLDrv@@UAEXPAUrefEntity_t@2@@Z 0043aa79 f   gl_frontend.obj
 0001:00039abf       ?InitEntity@md3Model_t@OpenGLDrv@@UAEXPAUentity_t@@PAUrefEntity_t@2@@Z 0043aabf f   gl_frontend.obj
 0001:00039c8e       ?AddSurfaces@md3Model_t@OpenGLDrv@@UAEXPAUrefEntity_t@2@@Z 0043ac8e f   gl_frontend.obj
 0001:00039dc8       ?GetLeaf@md3Model_t@OpenGLDrv@@UAEPAUnode_t@2@PAUrefEntity_t@2@@Z 0043adc8 f   gl_frontend.obj
 0001:00039e00       ?DrawLabel@md3Model_t@OpenGLDrv@@UAEXPAUrefEntity_t@2@@Z 0043ae00 f   gl_frontend.obj
 0001:00039e66       ?InitEntity@sprModel_t@OpenGLDrv@@UAEXPAUentity_t@@PAUrefEntity_t@2@@Z 0043ae66 f   gl_frontend.obj
 0001:00039e84       ?AddSurfaces@sprModel_t@OpenGLDrv@@UAEXPAUrefEntity_t@2@@Z 0043ae84 f   gl_frontend.obj
 0001:0003a007       ?GetLeaf@sprModel_t@OpenGLDrv@@UAEPAUnode_t@2@PAUrefEntity_t@2@@Z 0043b007 f   gl_frontend.obj
 0001:0003a0e8       ?AddEntity@OpenGLDrv@@YAXPAUentity_t@@@Z 0043b0e8 f   gl_frontend.obj
 0001:0003a274       ?AddDlight@OpenGLDrv@@YAXPAUdlight_t@@@Z 0043b274 f   gl_frontend.obj
 0001:0003a42c       ?DrawPortal@OpenGLDrv@@YAXXZ 0043b42c f   gl_frontend.obj
 0001:0003c3d0       ?GL_TextureMode@OpenGLDrv@@YAXPBD@Z 0043d3d0 f   gl_image.obj
 0001:0003c478       ?CreateImage@OpenGLDrv@@YAPAVimage_t@1@PBDPAXHHI@Z 0043d478 f   gl_image.obj
 0001:0003d16e       ?LoadDelayedImages@OpenGLDrv@@YAXXZ 0043e16e f   gl_image.obj
 0001:0003d201       ?DrawStretchRaw8@OpenGLDrv@@YAXHHHHHHPAEPAI@Z 0043e201 f   gl_image.obj
 0001:0003d5d0       ?SetupGamma@OpenGLDrv@@YAXXZ 0043e5d0 f   gl_image.obj
 0001:0003d716       ?PerformScreenshot@OpenGLDrv@@YAXXZ 0043e716 f   gl_image.obj
 0001:0003d997       ?InitImages@OpenGLDrv@@YAXXZ 0043e997 f   gl_image.obj
 0001:0003e14c       ?ShutdownImages@OpenGLDrv@@YAXXZ 0043f14c f   gl_image.obj
 0001:0003e1b3       ?ShowImages@OpenGLDrv@@YAXXZ 0043f1b3 f   gl_image.obj
 0001:0003e43f       ?FindImage@OpenGLDrv@@YAPAVimage_t@1@PBDI@Z 0043f43f f   gl_image.obj
 0001:0003e7b0       ?GL_Lock@OpenGLDrv@@YAXXZ  0043f7b0 f   gl_interface.obj
 0001:0003e828       ?GL_Unlock@OpenGLDrv@@YAXXZ 0043f828 f   gl_interface.obj
 0001:0003e9ea       ?GL_Bind@OpenGLDrv@@YAXPBVimage_t@1@@Z 0043f9ea f   gl_interface.obj
 0001:0003eb14       ?GL_BindForce@OpenGLDrv@@YAXPBVimage_t@1@@Z 0043fb14 f   gl_interface.obj
 0001:0003eb92       ?GL_TexEnv@OpenGLDrv@@YAXI@Z 0043fb92 f   gl_interface.obj
 0001:0003ed11       ?GL_TexMipBias@OpenGLDrv@@YAXM@Z 0043fd11 f   gl_interface.obj
 0001:0003ed6c       ?GL_TexEnvColor@OpenGLDrv@@YAXPBTcolor_t@@@Z 0043fd6c f   gl_interface.obj
 0001:0003ee1c       ?GL_SelectTexture@OpenGLDrv@@YAXH@Z 0043fe1c f   gl_interface.obj
 0001:0003ee7d       ?GL_TexCoordPointer@OpenGLDrv@@YAXPAX@Z 0043fe7d f   gl_interface.obj
 0001:0003eead       ?GL_SetMultitexture@OpenGLDrv@@YAXH@Z 0043fead f   gl_interface.obj
 0001:0003ef93       ?GL_DisableTexCoordArrays@OpenGLDrv@@YAXXZ 0043ff93 f   gl_interface.obj
 0001:0003efe7       ?GL_CullFace@OpenGLDrv@@YAXW4gl_cullMode_t@1@@Z 0043ffe7 f   gl_interface.obj
 0001:0003f038       ?GL_DepthRange@OpenGLDrv@@YAXW4gl_depthMode_t@1@@Z 00440038 f   gl_interface.obj
 0001:0003f06b       ?GL_State@OpenGLDrv@@YAXI@Z 0044006b f   gl_interface.obj
 0001:0003f1bb       ?GL_EnableFog@OpenGLDrv@@YAX_N@Z 004401bb f   gl_interface.obj
 0001:0003f2b3       ?GL_SetDefaultState@OpenGLDrv@@YAXXZ 004402b3 f   gl_interface.obj
 0001:0003f40f       ?GL_Set2DMode@OpenGLDrv@@YAXXZ 0044040f f   gl_interface.obj
 0001:0003f50a       ?GL_Set3DMode@OpenGLDrv@@YAXPAUviewPortal_t@1@@Z 0044050a f   gl_interface.obj
 0001:0003f5f2       ?ShowLights@OpenGLDrv@@YAXXZ 004405f2 f   gl_light.obj
 0001:0003f9db       ?LightForEntity@OpenGLDrv@@YAXPAUrefEntity_t@1@@Z 004409db f   gl_light.obj
 0001:00040c4f       ?DiffuseLight@OpenGLDrv@@YAXPATcolor_t@@M@Z 00441c4f f   gl_light.obj
 0001:00040e8b       ?InitLightGrid@OpenGLDrv@@YAXXZ 00441e8b f   gl_light.obj
 0001:00040f31       ?PostLoadLights@OpenGLDrv@@YAXXZ 00441f31 f   gl_light.obj
 0001:000411c1       ?LM_Init@OpenGLDrv@@YAXXZ  004421c1 f   gl_lightmap.obj
 0001:000411d7       ?LM_Flush@OpenGLDrv@@YAXPAUlightmapBlock_t@1@@Z 004421d7 f   gl_lightmap.obj
 0001:00041234       ?LM_Done@OpenGLDrv@@YAXXZ  00442234 f   gl_lightmap.obj
 0001:0004125b       ?LM_Save@OpenGLDrv@@YAXPAUlightmapBlock_t@1@@Z 0044225b f   gl_lightmap.obj
 0001:00041273       ?LM_Restore@OpenGLDrv@@YAXPAUlightmapBlock_t@1@@Z 00442273 f   gl_lightmap.obj
 0001:0004128b       ?LM_NewBlock@OpenGLDrv@@YAPAUlightmapBlock_t@1@XZ 0044228b f   gl_lightmap.obj
 0001:000412ea       ?LM_Rewind@OpenGLDrv@@YAXXZ 004422ea f   gl_lightmap.obj
 0001:000412f2       ?LM_NextBlock@OpenGLDrv@@YAPAUlightmapBlock_t@1@XZ 004422f2 f   gl_lightmap.obj
 0001:0004131f       ?LM_CheckMinlight@OpenGLDrv@@YAXPAUdynamicLightmap_t@1@@Z 0044231f f   gl_lightmap.obj
 0001:000413b5       ?LM_AllocBlock@OpenGLDrv@@YA_NPAUlightmapBlock_t@1@PAUdynamicLightmap_t@1@@Z 004423b5 f   gl_lightmap.obj
 0001:0004146c       ?LM_PutBlock@OpenGLDrv@@YAXPAUdynamicLightmap_t@1@@Z 0044246c f   gl_lightmap.obj
 0001:00041899       ?LM_SortLightStyles@OpenGLDrv@@YAXPAUdynamicLightmap_t@1@@Z 00442899 f   gl_lightmap.obj
 0001:0004192a       ?UpdateDynamicLightmap@OpenGLDrv@@YAXPAVsurfacePlanar_t@1@_NI@Z 0044292a f   gl_lightmap.obj
 0001:00041e2c       ?LM_IsMonotone@OpenGLDrv@@YA_NPAUdynamicLightmap_t@1@PATcolor_t@@@Z 00442e2c f   gl_lightmap.obj
 0001:00041f33       ?Init@OpenGLDrv@@YA_NXZ    00442f33 f   gl_main.obj
 0001:0004256c       ?Shutdown@OpenGLDrv@@YAX_N@Z 0044356c f   gl_main.obj
 0001:000425f5       ?GL_EnableRendering@OpenGLDrv@@YAX_N@Z 004435f5 f   gl_main.obj
 0001:00042610       ?BeginFrame@OpenGLDrv@@YAXN@Z 00443610 f   gl_main.obj
 0001:0004273a       ?EndFrame@OpenGLDrv@@YAXXZ 0044373a f   gl_main.obj
 0001:00042752       ?RenderFrame@OpenGLDrv@@YAXPAUrefdef_t@@@Z 00443752 f   gl_main.obj
 0001:00042f83       ?Fill8@OpenGLDrv@@YAXHHHHH@Z 00443f83 f   gl_main.obj
 0001:00042fc6       ?Fill@OpenGLDrv@@YAXHHHHI@Z 00443fc6 f   gl_main.obj
 0001:00043002       ?TileClear@OpenGLDrv@@YAXHHHHPBD@Z 00444002 f   gl_main.obj
 0001:000430a3       ?DrawStretchPic@OpenGLDrv@@YAXHHHHPBD@Z 004440a3 f   gl_main.obj
 0001:00043103       ?DrawDetailedPic@OpenGLDrv@@YAXHHHHPBD@Z 00444103 f   gl_main.obj
 0001:000431aa       ?DrawPic@OpenGLDrv@@YAXHHPBDHH@Z 004441aa f   gl_main.obj
 0001:0004322f       ?BeginRegistration@OpenGLDrv@@YAXPBD@Z 0044422f f   gl_main.obj
 0001:00043253       ?RegisterPic@OpenGLDrv@@YAPAVCBasicImage@@PBD@Z 00444253 f   gl_main.obj
 0001:00043261       ?RegisterSkin@OpenGLDrv@@YAPAVCBasicImage@@PBD_N@Z 00444261 f   gl_main.obj
 0001:0004327f       ?RegisterModel@OpenGLDrv@@YAPAVCRenderModel@@PBD@Z 0044427f f   gl_main.obj
 0001:0004328a       ?SetSky@OpenGLDrv@@YAXPBDMABUCVec3@@@Z 0044428a f   gl_main.obj
 0001:00043328       ?Screenshot@OpenGLDrv@@YAXHPBD@Z 00444328 f   gl_main.obj
 0001:0004334f       ?GetClientLight@OpenGLDrv@@YAMXZ 0044434f f   gl_main.obj
 0001:00043356       ?InitFuncTables@OpenGLDrv@@YAXXZ 00444356 f   gl_math.obj
 0001:000434fc       ?BuildRotationAxis@OpenGLDrv@@YAXAAUCAxis@@ABUCVec3@@M@Z 004444fc f   gl_math.obj
 0001:000435f3       ?GetBoxRect@OpenGLDrv@@YA_NPBUrefEntity_t@1@ABUCVec3@@QAM2_N@Z 004445f3 f   gl_math.obj
 0001:000438fd       ?ProjectToScreen@OpenGLDrv@@YA_NABUCVec3@@QAH@Z 004448fd f   gl_math.obj
 0001:00043a40       ?SaturateColor3f@OpenGLDrv@@YAXAAUCVec3@@@Z 00444a40 f   gl_math.obj
 0001:00043b30       ?SaturateColor4b@OpenGLDrv@@YAXPATcolor_t@@@Z 00444b30 f   gl_math.obj
 0001:00043c3e       ?SubdividePlane@OpenGLDrv@@YAHPAPAUCVec3@@HM@Z 00444c3e f   gl_poly.obj
 0001:000440bf       ?FreeSubdividedPlane@OpenGLDrv@@YAXXZ 004450bf f   gl_poly.obj
 0001:000440d7       ?GetSubdivideIndexes@OpenGLDrv@@YAXPAH@Z 004450d7 f   gl_poly.obj
 0001:0004412a       ?RemoveCollinearPoints@OpenGLDrv@@YAHPAPAUCVec3@@H@Z 0044512a f   gl_poly.obj
 0001:00044220       ?GetPolyArea@OpenGLDrv@@YAMPAPAUCVec3@@H@Z 00445220 f   gl_poly.obj
 0001:000442b4       ?InitShaders@OpenGLDrv@@YAXXZ 004452b4 f   gl_shader.obj
 0001:0004441f       ?ShutdownShaders@OpenGLDrv@@YAXXZ 0044541f f   gl_shader.obj
 0001:0004445d       ?GetLightmapImage@OpenGLDrv@@YAPAVimage_t@1@H@Z 0044545d f   gl_shader.obj
 0001:00044485       ?SetShaderLightmap@OpenGLDrv@@YAPAVshader_t@1@PAV21@H@Z 00445485 f   gl_shader.obj
 0001:000447a4       ??4shader_t@OpenGLDrv@@QAEAAV01@ABV01@@Z 004457a4 f i gl_shader.obj
 0001:000449da       ?SetShaderLightstyles@OpenGLDrv@@YAPAVshader_t@1@PAV21@I@Z 004459da f   gl_shader.obj
 0001:00044a76       ?GetAlphaShader@OpenGLDrv@@YAPAVshader_t@1@PAV21@@Z 00445a76 f   gl_shader.obj
 0001:00044e54       ?FindShader@OpenGLDrv@@YAPAVshader_t@1@PBDI@Z 00445e54 f   gl_shader.obj
 0001:00046751       ?GetShaderByNum@OpenGLDrv@@YAPAVshader_t@1@H@Z 00447751 f   gl_shader.obj
 0001:0004676f       ?ResetShaders@OpenGLDrv@@YAXXZ 0044776f f   gl_shader.obj
 0001:0004695a       ?Reload@shader_t@OpenGLDrv@@UAEXXZ 0044795a f   gl_shader.obj
 0001:00046989       ?Insert@?$TList@VCStringItem@@@@QAE_NPAVCStringItem@@@Z 00447989 f i gl_shader.obj
 0001:00046989       ?Insert@?$TList@VplayerModelInfo_t@@@@QAE_NPAVplayerModelInfo_t@@@Z 00447989 f i gl_shader.obj
 0001:00046989       ?Insert@?$TList@VshaderScript_t@OpenGLDrv@@@@QAE_NPAVshaderScript_t@OpenGLDrv@@@Z 00447989 f i gl_shader.obj
 0001:000469bf       ?ClearSky@OpenGLDrv@@YAXXZ 004479bf f   gl_sky.obj
 0001:00046a1c       ?AddSkySurface@OpenGLDrv@@YAXPAVsurfacePlanar_t@1@E@Z 00447a1c f   gl_sky.obj
 0001:00046fe4       ?DrawSky@OpenGLDrv@@YAXXZ  00447fe4 f   gl_sky.obj
 0001:00047688       ?DrawChar@OpenGLDrv@@YAXHHHH@Z 00448688 f   gl_text.obj
 0001:000476d9       ?ClearTexts@OpenGLDrv@@YAXXZ 004486d9 f   gl_text.obj
 0001:000476ee       ?FlushTexts@OpenGLDrv@@YAXXZ 004486ee f   gl_text.obj
 0001:0004779a       ?DrawTextPos@OpenGLDrv@@YAXHHPBDI@Z 0044879a f   gl_text.obj
 0001:000477c6       ?DrawTextLeft@OpenGLDrv@@YAXPBDI@Z 004487c6 f   gl_text.obj
 0001:0004784d       ?DrawTextRight@OpenGLDrv@@YAXPBDI@Z 0044884d f   gl_text.obj
 0001:00047897       ?DrawText3D@OpenGLDrv@@YAXABUCVec3@@PBDI@Z 00448897 f   gl_text.obj
 0001:000478c4       ?InitTexts@OpenGLDrv@@YAXXZ 004488c4 f   gl_text.obj
 0001:000478de       ?FindModel@OpenGLDrv@@YAPAVmodel_t@1@PBD@Z 004488de f   gl_model.obj
 0001:00047ab3       ?FreeModels@OpenGLDrv@@YAXXZ 00448ab3 f   gl_model.obj
 0001:00047b25       ?InitModels@OpenGLDrv@@YAXXZ 00448b25 f   gl_model.obj
 0001:00047c1b       ?ShutdownModels@OpenGLDrv@@YAXXZ 00448c1b f   gl_model.obj
 0001:00047c2c       ?LoadWorldMap@OpenGLDrv@@YAXPBD@Z 00448c2c f   gl_bspmodel.obj
 0001:00049734       ?PointInLeaf@OpenGLDrv@@YAPAUnode_t@1@ABUCVec3@@@Z 0044a734 f   gl_bspmodel.obj
 0001:0004977f       ?CALL_CONSTRUCTOR@@YAXPAVinlineModel_t@OpenGLDrv@@@Z 0044a77f f i gl_bspmodel.obj
 0001:00049795       ?LerpTag@model_t@OpenGLDrv@@UBE_NHHMPBDAAUCCoords@@@Z 0044a795 f   gl_trimodel.obj
 0001:000497a3       ?LerpTag@md3Model_t@OpenGLDrv@@UBE_NHHMPBDAAUCCoords@@@Z 0044a7a3 f   gl_trimodel.obj
 0001:000498b3       ?LoadMd2@OpenGLDrv@@YAPAVmd3Model_t@1@PBDPAEI@Z 0044a8b3 f   gl_trimodel.obj
 0001:0004a3e1       ?ATAN2_FUNC@OpenGLDrv@@YAMMM@Z 0044b3e1 f i gl_trimodel.obj
 0001:0004a597       ?LoadMd3@OpenGLDrv@@YAPAVmd3Model_t@1@PBDPAEI@Z 0044b597 f   gl_trimodel.obj
 0001:0004aa4c       ?LoadSp2@OpenGLDrv@@YAPAVsprModel_t@1@PBDPAEI@Z 0044ba4c f   gl_trimodel.obj
 0001:0004ac64       ?LoadSpr@OpenGLDrv@@YAPAVsprModel_t@1@PBDPAEI@Z 0044bc64 f   gl_trimodel.obj
 0001:0004ad6d       ?CALL_CONSTRUCTOR@@YAXPAVmd3Model_t@OpenGLDrv@@@Z 0044bd6d f i gl_trimodel.obj
 0001:0004ad83       ?CALL_CONSTRUCTOR@@YAXPAVsprModel_t@OpenGLDrv@@@Z 0044bd83 f i gl_trimodel.obj
 0001:0004c384       ?QGL_Init@OpenGLDrv@@YA_NPBD@Z 0044d384 f   qgl_win.obj
 0001:0004c466       ?QGL_Shutdown@OpenGLDrv@@YAXXZ 0044d466 f   qgl_win.obj
 0001:0004c4a4       ?QGL_InitExtensions@OpenGLDrv@@YAXXZ 0044d4a4 f   qgl_win.obj
 0001:0004c990       ?QGL_PrintExtensionsString@OpenGLDrv@@YAXPBD00@Z 0044d990 f   qgl_win.obj
 0001:0004cadd       ?QGL_EnableLogging@OpenGLDrv@@YAX_N@Z 0044dadd f   qgl_win.obj
 0001:0004cb97       ?QGL_LogMessage@OpenGLDrv@@YAXPBD@Z 0044db97 f   qgl_win.obj
 0001:0004cbae       ?QGL_SwapBuffers@OpenGLDrv@@YAXXZ 0044dbae f   qgl_win.obj
 0001:0004cc30       ?GLimp_HasGamma@OpenGLDrv@@YA_NXZ 0044dc30 f   gl_win.obj
 0001:0004cc44       ?GLimp_SetGamma@OpenGLDrv@@YAXM@Z 0044dc44 f   gl_win.obj
 0001:0004cdec       ?GLimp_SetMode@OpenGLDrv@@YA_NPAI0H_N@Z 0044ddec f   gl_win.obj
 0001:0004d1e2       ?GLimp_Shutdown@OpenGLDrv@@YAX_N@Z 0044e1e2 f   gl_win.obj
 0001:0004d28f       ?AppActivate@OpenGLDrv@@YAX_N@Z 0044e28f f   gl_win.obj
 0001:0004d2ff       _jpeg_CreateDecompress     0044e2ff f   lib:jdapimin.obj
 0001:0004d3bf       _jpeg_destroy_compress     0044e3bf f   lib:jdapimin.obj
 0001:0004d3bf       _jpeg_destroy_decompress   0044e3bf f   lib:jdapimin.obj
 0001:0004d3ca       _jpeg_read_header          0044e3ca f   lib:jdapimin.obj
 0001:0004d42c       _jpeg_consume_input        0044e42c f   lib:jdapimin.obj
 0001:0004d67b       _jpeg_finish_decompress    0044e67b f   lib:jdapimin.obj
 0001:0004d712       _jpeg_start_decompress     0044e712 f   lib:jdapistd.obj
 0001:0004d87f       _jpeg_read_scanlines       0044e87f f   lib:jdapistd.obj
 0001:0004d903       _jpeg_resync_to_restart    0044e903 f   lib:jdmarker.obj
 0001:0004dac8       _jinit_marker_reader       0044eac8 f   lib:jdmarker.obj
 0001:0004ef93       _jpeg_CreateCompress       0044ff93 f   lib:jcapimin.obj
 0001:0004f047       _jpeg_suppress_tables      00450047 f   lib:jcapimin.obj
 0001:0004f091       _jpeg_finish_compress      00450091 f   lib:jcapimin.obj
 0001:0004f17b       _jpeg_start_compress       0045017b f   lib:jcapistd.obj
 0001:0004f1e7       _jpeg_write_scanlines      004501e7 f   lib:jcapistd.obj
 0001:0004f292       _jpeg_add_quant_table      00450292 f   lib:jcparam.obj
 0001:0004f344       _jpeg_quality_scaling      00450344 f   lib:jcparam.obj
 0001:0004f36b       _jpeg_set_quality          0045036b f   lib:jcparam.obj
 0001:0004f3a5       _jpeg_set_defaults         004503a5 f   lib:jcparam.obj
 0001:0004f56b       _jpeg_default_colorspace   0045056b f   lib:jcparam.obj
 0001:0004f5bb       _jpeg_set_colorspace       004505bb f   lib:jcparam.obj
 0001:0004f8d6       _jpeg_stdio_dest           004508d6 f   lib:jdatadst.obj
 0001:0004faf6       _crc32                     00450af6 f   lib:crc32.obj
 0001:0004fd90       _inflateReset              00450d90 f   lib:inflate.obj
 0001:0004fdde       _inflateInit2_             00450dde f   lib:inflate.obj
 0001:0004fe97       _inflate                   00450e97 f   lib:inflate.obj
 0001:0005116c       _inflateEnd                0045216c f   lib:inflate.obj
 0001:000511aa       _jinit_input_controller    004521aa f   lib:jdinput.obj
 0001:0005168d       _jinit_memory_mgr          0045268d f   lib:jmemmgr.obj
 0001:000521c9       _jpeg_abort                004531c9 f   lib:jcomapi.obj
 0001:000521fc       _jpeg_destroy              004531fc f   lib:jcomapi.obj
 0001:00052217       _jpeg_alloc_quant_table    00453217 f   lib:jcomapi.obj
 0001:00052233       _jpeg_alloc_huff_table     00453233 f   lib:jcomapi.obj
 0001:0005224f       _jpeg_calc_output_dimensions 0045324f f   lib:jdmaster.obj
 0001:0005234f       _jinit_master_decompress   0045334f f   lib:jdmaster.obj
 0001:000526a5       _jdiv_round_up             004536a5 f   lib:jutils.obj
 0001:000526b5       _jround_up                 004536b5 f   lib:jutils.obj
 0001:000526cd       _jcopy_sample_rows         004536cd f   lib:jutils.obj
 0001:0005270b       _jcopy_block_row           0045370b f   lib:jutils.obj
 0001:00052724       _jzero_far                 00453724 f   lib:jutils.obj
 0001:00052737       _jinit_marker_writer       00453737 f   lib:jcmarker.obj
 0001:00053013       _jinit_compress_master     00454013 f   lib:jcinit.obj
 0001:0005306c       _inflate_fast              0045406c f   lib:inffast.obj
 0001:00053421       _inflate_table             00454421 f   lib:inftrees.obj
 0001:000537d5       _adler32                   004547d5 f   lib:adler32.obj
 0001:000538ee       _jinit_c_codec             004548ee f   lib:jcodec.obj
 0001:0005390a       _jinit_d_codec             0045490a f   lib:jcodec.obj
 0001:00053926       _jpeg_get_large            00454926 f   lib:jmemnobs.obj
 0001:00053926       _jpeg_get_small            00454926 f   lib:jmemnobs.obj
 0001:00053932       _jpeg_free_small           00454932 f   lib:jmemnobs.obj
 0001:00053932       _jpeg_free_large           00454932 f   lib:jmemnobs.obj
 0001:0005393e       _jpeg_mem_available        0045493e f   lib:jmemnobs.obj
 0001:00053943       _jpeg_open_backing_store   00454943 f   lib:jmemnobs.obj
 0001:00053957       __setargv                  00454957 f   lib:jmemnobs.obj
 0001:00053957       ?EndRegistration@OpenGLDrv@@YAXXZ 00454957 f   lib:jmemnobs.obj
 0001:00053957       _jpeg_mem_term             00454957 f   lib:jmemnobs.obj
 0001:00053958       _jinit_d_main_controller   00454958 f   lib:jdmainct.obj
 0001:00053fa3       _jinit_d_post_controller   00454fa3 f   lib:jdpostct.obj
 0001:0005424e       _jinit_upsampler           0045524e f   lib:jdsample.obj
 0001:0005488c       _jinit_color_deconverter   0045588c f   lib:jdcolor.obj
 0001:00054da2       _jinit_merged_upsampler    00455da2 f   lib:jdmerge.obj
 0001:000552f2       _jinit_2pass_quantizer     004562f2 f   lib:jquant2.obj
 0001:000563b5       _jinit_1pass_quantizer     004573b5 f   lib:jquant1.obj
 0001:00056ddb       _jinit_c_main_controller   00457ddb f   lib:jcmainct.obj
 0001:00056f48       _jinit_c_prep_controller   00457f48 f   lib:jcprepct.obj
 0001:00057493       _jinit_downsampler         00458493 f   lib:jcsample.obj
 0001:00057d13       _jinit_color_converter     00458d13 f   lib:jccolor.obj
 0001:000582fd       _jinit_c_master_control    004592fd f   lib:jcmaster.obj
 0001:00058dec       _jinit_lossy_c_codec       00459dec f   lib:jclossy.obj
 0001:00058e87       _jinit_lossless_c_codec    00459e87 f   lib:jclossls.obj
 0001:00058f1f       _jinit_lossy_d_codec       00459f1f f   lib:jdlossy.obj
 0001:000591f2       _jinit_lossless_d_codec    0045a1f2 f   lib:jdlossls.obj
 0001:000592a2       _jinit_c_coef_controller   0045a2a2 f   lib:jccoefct.obj
 0001:00059983       _jinit_shuff_encoder       0045a983 f   lib:jcshuff.obj
 0001:0005a1eb       _jinit_phuff_encoder       0045b1eb f   lib:jcphuff.obj
 0001:0005ac90       _jinit_forward_dct         0045bc90 f   lib:jcdctmgr.obj
 0001:0005af5f       _jinit_c_diff_controller   0045bf5f f   lib:jcdiffct.obj
 0001:0005b483       _jinit_lhuff_encoder       0045c483 f   lib:jclhuff.obj
 0001:0005bbb0       _jinit_differencer         0045cbb0 f   lib:jcpred.obj
 0001:0005c0ca       _jinit_c_scaler            0045d0ca f   lib:jcscale.obj
 0001:0005c140       _jinit_d_coef_controller   0045d140 f   lib:jdcoefct.obj
 0001:0005ce1c       _jinit_shuff_decoder       0045de1c f   lib:jdshuff.obj
 0001:0005d3b1       _jinit_phuff_decoder       0045e3b1 f   lib:jdphuff.obj
 0001:0005df4e       _jinit_inverse_dct         0045ef4e f   lib:jddctmgr.obj
 0001:0005e132       _jinit_d_diff_controller   0045f132 f   lib:jddiffct.obj
 0001:0005e660       _jinit_d_scaler            0045f660 f   lib:jdscale.obj
 0001:0005e75f       _jinit_undifferencer       0045f75f f   lib:jdpred.obj
 0001:0005eb19       _jinit_lhuff_decoder       0045fb19 f   lib:jdlhuff.obj
 0001:0005ef0e       _jpeg_make_c_derived_tbl   0045ff0e f   lib:jchuff.obj
 0001:0005f110       _jpeg_gen_optimal_table    00460110 f   lib:jchuff.obj
 0001:0005f2cf       _jpeg_fdct_float           004602cf f   lib:jfdctflt.obj
 0001:0005f4d4       _jpeg_make_d_derived_tbl   004604d4 f   lib:jdhuff.obj
 0001:0005f771       _jpeg_fill_bit_buffer      00460771 f   lib:jdhuff.obj
 0001:0005f880       _jpeg_huff_decode          00460880 f   lib:jdhuff.obj
 0001:0005f960       _jpeg_idct_4x4             00460960 f   lib:jidctred.obj
 0001:0005fc4e       _jpeg_idct_2x2             00460c4e f   lib:jidctred.obj
 0001:0005fe10       _jpeg_idct_1x1             00460e10 f   lib:jidctred.obj
 0001:0005fe4c       _jpeg_idct_float           00460e4c f   lib:jidctflt.obj
 0001:00060220       __except_handler3          00461220 f   MSVCRT:MSVCRT.dll
 0001:00060230       __alloca_probe             00461230 f   MSVCRT:chkstk.obj
 0001:00060230       __chkstk                   00461230 f   MSVCRT:chkstk.obj
 0001:0006025f       ??_Etype_info@@UAEPAXI@Z   0046125f f i MSVCRT:ti_inst.obj
 0001:0006025f       ??_Gtype_info@@UAEPAXI@Z   0046125f f i MSVCRT:ti_inst.obj
 0001:0006027c       __CxxThrowException@8      0046127c f   MSVCRT:MSVCRT.dll
 0001:00060282       _strlen                    00461282 f   MSVCRT:MSVCRT.dll
 0001:00060288       _strcmp                    00461288 f   MSVCRT:MSVCRT.dll
 0001:0006028e       _strcpy                    0046128e f   MSVCRT:MSVCRT.dll
 0001:00060294       _sin                       00461294 f   MSVCRT:MSVCRT.dll
 0001:0006029a       _tan                       0046129a f   MSVCRT:MSVCRT.dll
 0001:000602a0       _cos                       004612a0 f   MSVCRT:MSVCRT.dll
 0001:000602a6       _fmod                      004612a6 f   MSVCRT:MSVCRT.dll
 0001:000602ac       _acos                      004612ac f   MSVCRT:MSVCRT.dll
 0001:000602b2       _atan                      004612b2 f   MSVCRT:MSVCRT.dll
 0001:000602b8       _strcat                    004612b8 f   MSVCRT:MSVCRT.dll
 0001:000602be       _memcpy                    004612be f   MSVCRT:MSVCRT.dll
 0001:000602c4       _memset                    004612c4 f   MSVCRT:MSVCRT.dll
 0001:000602ca       _sqrt                      004612ca f   MSVCRT:MSVCRT.dll
 0001:000602d0       _atan2                     004612d0 f   MSVCRT:MSVCRT.dll
 0001:000602d6       __purecall                 004612d6 f   MSVCRT:MSVCRT.dll
 0001:000602dc       _pow                       004612dc f   MSVCRT:MSVCRT.dll
 0001:000602e2       _asin                      004612e2 f   MSVCRT:MSVCRT.dll
 0001:000602e8       _WinMainCRTStartup         004612e8 f   MSVCRT:crtexew.obj
 0001:00060446       __ftol                     00461446 f   MSVCRT:MSVCRT.dll
 0001:0006044c       ??1type_info@@UAE@XZ       0046144c f   MSVCRT:MSVCRT.dll
 0001:00060452       __XcptFilter               00461452 f   MSVCRT:MSVCRT.dll
 0001:00060458       __initterm                 00461458 f   MSVCRT:MSVCRT.dll
 0001:0006045e       __setdefaultprecision      0046145e f   MSVCRT:fp8.obj
 0001:00060470       __matherr                  00461470 f   MSVCRT:merr.obj
[...]
 0001:0005e2d0       _start_iMCU_row            0045f2d0 f   lib:jddiffct.obj
 0001:0005e315       _start_output_pass         0045f315 f   lib:jddiffct.obj
 0001:0005e321       _decompress_data           0045f321 f   lib:jddiffct.obj
 0001:0005e491       _process_restart           0045f491 f   lib:jddiffct.obj
 0001:0005c4b1       _dummy_consume_data        0045d4b1 f   lib:jdcoefct.obj
 0001:0005e4c6       _consume_data              0045f4c6 f   lib:jddiffct.obj
 0001:0005e53d       _output_data               0045f53d f   lib:jddiffct.obj
 0001:0005dfc4       _start_pass                0045efc4 f   lib:jddctmgr.obj
 0001:0005d416       _start_pass_phuff_decoder  0045e416 f   lib:jdphuff.obj
 0001:0005d65f       _decode_mcu_DC_first       0045e65f f   lib:jdphuff.obj
 0001:0005d857       _process_restart           0045e857 f   lib:jdphuff.obj
 0001:0005d8c6       _decode_mcu_AC_first       0045e8c6 f   lib:jdphuff.obj
 0001:0005dae6       _decode_mcu_DC_refine      0045eae6 f   lib:jdphuff.obj
 0001:0005dbbb       _decode_mcu_AC_refine      0045ebbb f   lib:jdphuff.obj
 0001:0005ce5d       _start_pass_huff_decoder   0045de5d f   lib:jdshuff.obj
 0001:0005cf95       _decode_mcu                0045df95 f   lib:jdshuff.obj
 0001:0005d345       _process_restart           0045e345 f   lib:jdshuff.obj
 0001:0005c243       _start_input_pass          0045d243 f   lib:jdcoefct.obj
 0001:0005c256       _start_iMCU_row            0045d256 f   lib:jdcoefct.obj
 0001:0005c29b       _start_output_pass         0045d29b f   lib:jdcoefct.obj
 0001:0005c2d8       _decompress_onepass        0045d2d8 f   lib:jdcoefct.obj
 0001:0005c4b1       _dummy_consume_data        0045d4b1 f   lib:jdcoefct.obj
 0001:0005c4b4       _consume_data              0045d4b4 f   lib:jdcoefct.obj
 0001:0005c66d       _decompress_data           0045d66d f   lib:jdcoefct.obj
 0001:0005c7d9       _smoothing_ok              0045d7d9 f   lib:jdcoefct.obj
 0001:0005c8c4       _decompress_smooth_data    0045d8c4 f   lib:jdcoefct.obj
 0001:0005c0dc       _scaler_start_pass         0045d0dc f   lib:jcscale.obj
 0001:0005c0ff       _simple_downscale          0045d0ff f   lib:jcscale.obj
 0001:0005c12b       _noscale                   0045d12b f   lib:jcscale.obj
 0001:0005bbd4       _start_pass                0045cbd4 f   lib:jcpred.obj
 0001:0005bc2c       _reset_predictor           0045cc2c f   lib:jcpred.obj
 0001:0005bc59       _jpeg_difference_first_row 0045cc59 f   lib:jcpred.obj
 0001:0005bd43       _jpeg_difference1          0045cd43 f   lib:jcpred.obj
 0001:0005bdb1       _jpeg_difference2          0045cdb1 f   lib:jcpred.obj
 0001:0005be22       _jpeg_difference3          0045ce22 f   lib:jcpred.obj
 0001:0005be9a       _jpeg_difference4          0045ce9a f   lib:jcpred.obj
 0001:0005bf25       _jpeg_difference5          0045cf25 f   lib:jcpred.obj
 0001:0005bfb8       _jpeg_difference6          0045cfb8 f   lib:jcpred.obj
 0001:0005c047       _jpeg_difference7          0045d047 f   lib:jcpred.obj
 0001:0005b4c3       _start_pass_huff           0045c4c3 f   lib:jclhuff.obj
 0001:0005b660       _encode_mcus_huff          0045c660 f   lib:jclhuff.obj
 0001:0005b84b       _emit_bits                 0045c84b f   lib:jclhuff.obj
 0001:0005b8ee       _dump_buffer               0045c8ee f   lib:jclhuff.obj
 0001:0005b912       _emit_restart              0045c912 f   lib:jclhuff.obj
 0001:0005b95d       _flush_bits                0045c95d f   lib:jclhuff.obj
 0001:0005b981       _finish_pass_huff          0045c981 f   lib:jclhuff.obj
 0001:0005b9ee       _encode_mcus_gather        0045c9ee f   lib:jclhuff.obj
 0001:0005bb17       _finish_pass_gather        0045cb17 f   lib:jclhuff.obj
 0001:0005bbad       _need_optimization_pass    0045cbad f   lib:jclhuff.obj
 0001:0005b0e3       _start_pass_diff           0045c0e3 f   lib:jcdiffct.obj
 0001:000593ec       _start_iMCU_row            0045a3ec f   lib:jccoefct.obj
 0001:0005b181       _compress_data             0045c181 f   lib:jcdiffct.obj
 0001:0005b317       _compress_first_pass       0045c317 f   lib:jcdiffct.obj
 0001:0005b40c       _compress_output           0045c40c f   lib:jcdiffct.obj
 0001:0005acf6       _start_pass_fdctmgr        0045bcf6 f   lib:jcdctmgr.obj
 0001:0005adf8       _forward_DCT_float         0045bdf8 f   lib:jcdctmgr.obj
 0001:0005a22b       _start_pass_phuff          0045b22b f   lib:jcphuff.obj
 0001:0005a398       _encode_mcu_DC_first       0045b398 f   lib:jcphuff.obj
 0001:0005a4ca       _emit_bits                 0045b4ca f   lib:jcphuff.obj
 0001:0005a575       _dump_buffer               0045b575 f   lib:jcphuff.obj
 0001:0005a5ad       _emit_symbol               0045b5ad f   lib:jcphuff.obj
 0001:0005a5ed       _emit_restart              0045b5ed f   lib:jcphuff.obj
 0001:0005a676       _emit_eobrun               0045b676 f   lib:jcphuff.obj
 0001:0005a6fc       _encode_mcu_AC_first       0045b6fc f   lib:jcphuff.obj
 0001:0005a890       _encode_mcu_DC_refine      0045b890 f   lib:jcphuff.obj
 0001:0005a94a       _encode_mcu_AC_refine      0045b94a f   lib:jcphuff.obj
 0001:0005ab61       _finish_pass_phuff         0045bb61 f   lib:jcphuff.obj
 0001:0005abb0       _finish_pass_gather_phuff  0045bbb0 f   lib:jcphuff.obj
 0001:0005ac73       _need_optimization_pass    0045bc73 f   lib:jcphuff.obj
 0001:000599c6       _start_pass_huff           0045a9c6 f   lib:jcshuff.obj
 0001:00059b3b       _encode_mcu_huff           0045ab3b f   lib:jcshuff.obj
 0001:00059c46       _encode_one_block          0045ac46 f   lib:jcshuff.obj
 0001:00059dbd       _emit_bits                 0045adbd f   lib:jcshuff.obj
 0001:00059e60       _dump_buffer               0045ae60 f   lib:jcshuff.obj
 0001:00059e84       _emit_restart              0045ae84 f   lib:jcshuff.obj
 0001:00059ef1       _flush_bits                0045aef1 f   lib:jcshuff.obj
 0001:00059f15       _finish_pass_huff          0045af15 f   lib:jcshuff.obj
 0001:00059f84       _encode_mcu_gather         0045af84 f   lib:jcshuff.obj
 0001:0005a03a       _htest_one_block           0045b03a f   lib:jcshuff.obj
 0001:0005a101       _finish_pass_gather        0045b101 f   lib:jcshuff.obj
 0001:0005bbad       _need_optimization_pass    0045cbad f   lib:jclhuff.obj
 0001:00059357       _start_pass_coef           0045a357 f   lib:jccoefct.obj
 0001:000593ec       _start_iMCU_row            0045a3ec f   lib:jccoefct.obj
 0001:0005942e       _compress_data             0045a42e f   lib:jccoefct.obj
 0001:00059615       _compress_first_pass       0045a615 f   lib:jccoefct.obj
 0001:000597fb       _compress_output           0045a7fb f   lib:jccoefct.obj
 0001:0005926f       _calc_output_dimensions    0045a26f f   lib:jdlossls.obj
 0001:00059280       _start_input_pass          0045a280 f   lib:jdlossls.obj
 0001:00058fae       _calc_output_dimensions    00459fae f   lib:jdlossy.obj
 0001:00059121       _start_input_pass          0045a121 f   lib:jdlossy.obj
 0001:00059141       _latch_quant_tables        0045a141 f   lib:jdlossy.obj
 0001:000591d9       _start_output_pass         0045a1d9 f   lib:jdlossy.obj
 0001:00058efd       _start_pass                00459efd f   lib:jclossls.obj
 0001:00058e69       _start_pass                00459e69 f   lib:jclossy.obj
 0001:000583be       _initial_setup             004593be f   lib:jcmaster.obj
 0001:00058571       _validate_script           00459571 f   lib:jcmaster.obj
 0001:00058949       _prepare_for_pass          00459949 f   lib:jcmaster.obj
 0001:00058ac1       _select_scan_parameters    00459ac1 f   lib:jcmaster.obj
 0001:00058bc2       _per_scan_setup            00459bc2 f   lib:jcmaster.obj
 0001:00058d6d       _pass_startup              00459d6d f   lib:jcmaster.obj
 0001:00058d94       _finish_pass_master        00459d94 f   lib:jcmaster.obj
 0001:00057eaa       _rgb_ycc_start             00458eaa f   lib:jccolor.obj
 0001:00057f6e       _rgb_ycc_convert           00458f6e f   lib:jccolor.obj
 0001:0005806d       _rgb_gray_convert          0045906d f   lib:jccolor.obj
 0001:000580f2       _cmyk_ycck_convert         004590f2 f   lib:jccolor.obj
 0001:0005822a       _grayscale_convert         0045922a f   lib:jccolor.obj
 0001:00058284       _null_convert              00459284 f   lib:jccolor.obj
 0001:0002c099       _null_method               0042d099 f   images.obj
 0001:0002c099       _start_pass_downsample     0042d099 f   images.obj
 0001:000575f6       _sep_downsample            004585f6 f   lib:jcsample.obj
 0001:0005766b       _int_downsample            0045866b f   lib:jcsample.obj
 0001:00057763       _expand_right_edge         00458763 f   lib:jcsample.obj
 0001:000577b8       _fullsize_downsample       004587b8 f   lib:jcsample.obj
 0001:000577fc       _h2v1_downsample           004587fc f   lib:jcsample.obj
 0001:00057890       _h2v2_downsample           00458890 f   lib:jcsample.obj
 0001:0005793d       _h2v2_smooth_downsample    0045893d f   lib:jcsample.obj
 0001:00057bb5       _fullsize_smooth_downsample 00458bb5 f   lib:jcsample.obj
 0001:00056ff2       _start_pass_prep           00457ff2 f   lib:jcprepct.obj
 0001:00057030       _pre_process_data          00458030 f   lib:jcprepct.obj
 0001:000571de       _pre_process_context       004581de f   lib:jcprepct.obj
 0001:00057397       _create_context_buffer     00458397 f   lib:jcprepct.obj
 0001:00056e6a       _start_pass_main           00457e6a f   lib:jcmainct.obj
 0001:00056eac       _process_data_simple_main  00457eac f   lib:jcmainct.obj
 0001:00056440       _create_colormap           00457440 f   lib:jquant1.obj
 0001:00056572       _select_ncolors            00457572 f   lib:jquant1.obj
 0001:00056649       _create_colorindex         00457649 f   lib:jquant1.obj
 0001:00056775       _alloc_fs_workspace        00457775 f   lib:jquant1.obj
 0001:000567b1       _start_pass_1_quant        004577b1 f   lib:jquant1.obj
 0001:0005687d       _create_odither_tables     0045787d f   lib:jquant1.obj
 0001:000568dc       _make_odither_array        004578dc f   lib:jquant1.obj
 0001:0005693f       _color_quantize            0045793f f   lib:jquant1.obj
 0001:000569ca       _color_quantize3           004579ca f   lib:jquant1.obj
 0001:00056a58       _quantize_ord_dither       00457a58 f   lib:jquant1.obj
 0001:00056b43       _quantize3_ord_dither      00457b43 f   lib:jquant1.obj
 0001:00056c43       _quantize_fs_dither        00457c43 f   lib:jquant1.obj
 0001:0002c099       _finish_pass_1_quant       0042d099 f   images.obj
 0001:00056dc7       _new_color_map_1_quant     00457dc7 f   lib:jquant1.obj
 0001:00055401       _init_error_limit          00456401 f   lib:jquant2.obj
 0001:000554a0       _start_pass_2_quant        004564a0 f   lib:jquant2.obj
 0001:000555a2       _prescan_quantize          004565a2 f   lib:jquant2.obj
 0001:00055611       _pass2_no_dither           00456611 f   lib:jquant2.obj
 0001:000556be       _fill_inverse_cmap         004566be f   lib:jquant2.obj
 0001:00055789       _find_nearby_colors        00456789 f   lib:jquant2.obj
 0001:0005592d       _find_best_colors          0045692d f   lib:jquant2.obj
 0001:00055a47       _pass2_fs_dither           00456a47 f   lib:jquant2.obj
 0001:00055cb6       _finish_pass1              00456cb6 f   lib:jquant2.obj
 0001:00055cd8       _select_colors             00456cd8 f   lib:jquant2.obj
 0001:00055d64       _update_box                00456d64 f   lib:jquant2.obj
 0001:000560fe       _median_cut                004570fe f   lib:jquant2.obj
 0001:00056212       _find_biggest_color_pop    00457212 f   lib:jquant2.obj
 0001:00056241       _find_biggest_volume       00457241 f   lib:jquant2.obj
 0001:0005626a       _compute_color             0045726a f   lib:jquant2.obj
 0001:0002c099       _finish_pass2              0042d099 f   images.obj
 0001:000563a6       _new_color_map_2_quant     004573a6 f   lib:jquant2.obj
 0001:00054e18       _build_ycc_rgb_table       00455e18 f   lib:jdmerge.obj
 0001:00054ec8       _start_pass_merged_upsample 00455ec8 f   lib:jdmerge.obj
 0001:00054edd       _merged_2v_upsample        00455edd f   lib:jdmerge.obj
 0001:00054f84       _merged_1v_upsample        00455f84 f   lib:jdmerge.obj
 0001:00054fb5       _h2v1_merged_upsample      00455fb5 f   lib:jdmerge.obj
 0001:0005510b       _h2v2_merged_upsample      0045610b f   lib:jdmerge.obj
 0001:000549bc       _build_ycc_rgb_table       004559bc f   lib:jdcolor.obj
 0001:00054a6c       _ycc_rgb_convert           00455a6c f   lib:jdcolor.obj
 0001:00054b7a       _null_convert              00455b7a f   lib:jdcolor.obj
 0001:00054bf2       _grayscale_convert         00455bf2 f   lib:jdcolor.obj
 0001:00054c15       _gray_rgb_convert          00455c15 f   lib:jdcolor.obj
 0001:00054c6e       _ycck_cmyk_convert         00455c6e f   lib:jdcolor.obj
 0001:0002c099       _start_pass_dcolor         0042d099 f   images.obj
 0001:0005441d       _start_pass_upsample       0045541d f   lib:jdsample.obj
 0001:00054437       _sep_upsample              00455437 f   lib:jdsample.obj
 0001:00054504       _fullsize_upsample         00455504 f   lib:jdsample.obj
 0001:0005450f       _noop_upsample             0045550f f   lib:jdsample.obj
 0001:00054517       _int_upsample              00455517 f   lib:jdsample.obj
 0001:00054601       _h2v1_upsample             00455601 f   lib:jdsample.obj
 0001:00054658       _h2v2_upsample             00455658 f   lib:jdsample.obj
 0001:000546ca       _h2v1_fancy_upsample       004556ca f   lib:jdsample.obj
 0001:0005476d       _h2v2_fancy_upsample       0045576d f   lib:jdsample.obj
 0001:00054026       _start_pass_dpost          00455026 f   lib:jdpostct.obj
 0001:000540cc       _post_process_1pass        004550cc f   lib:jdpostct.obj
 0001:00054131       _post_process_prepass      00455131 f   lib:jdpostct.obj
 0001:000541c2       _post_process_2pass        004551c2 f   lib:jdpostct.obj
 0001:00053a2d       _alloc_funny_pointers      00454a2d f   lib:jdmainct.obj
 0001:00053ada       _start_pass_main           00454ada f   lib:jdmainct.obj
 0001:00053b42       _make_funny_pointers       00454b42 f   lib:jdmainct.obj
 0001:00053c82       _process_data_simple_main  00454c82 f   lib:jdmainct.obj
 0001:00053cea       _process_data_context_main 00454cea f   lib:jdmainct.obj
 0001:00053dfc       _set_wraparound_pointers   00454dfc f   lib:jdmainct.obj
 0001:00053ee6       _set_bottom_pointers       00454ee6 f   lib:jdmainct.obj
 0001:00053f80       _process_data_crank_post   00454f80 f   lib:jdmainct.obj
 0001:00052785       _write_marker_header       00453785 f   lib:jcmarker.obj
 0001:000527db       _emit_byte                 004537db f   lib:jcmarker.obj
 0001:0005280c       _write_marker_byte         0045380c f   lib:jcmarker.obj
 0001:0005281c       _write_file_header         0045381c f   lib:jcmarker.obj
 0001:00052868       _emit_jfif_app0            00453868 f   lib:jcmarker.obj
 0001:0005293b       _emit_adobe_app14          0045393b f   lib:jcmarker.obj
 0001:000529e1       _write_frame_header        004539e1 f   lib:jcmarker.obj
 0001:00052ac0       _emit_dqt                  00453ac0 f   lib:jcmarker.obj
 0001:00052baf       _emit_sof                  00453baf f   lib:jcmarker.obj
 0001:00052c8b       _write_scan_header         00453c8b f   lib:jcmarker.obj
 0001:00052d4b       _emit_dht                  00453d4b f   lib:jcmarker.obj
 0001:00052e24       _emit_dri                  00453e24 f   lib:jcmarker.obj
 0001:00052e73       _emit_sos                  00453e73 f   lib:jcmarker.obj
 0001:00052f61       _write_file_trailer        00453f61 f   lib:jcmarker.obj
 0001:00052f81       _write_tables_only         00453f81 f   lib:jcmarker.obj
 0001:000522da       _use_merged_upsample       004532da f   lib:jdmaster.obj
 0001:00052380       _master_selection          00453380 f   lib:jdmaster.obj
 0001:000524dd       _prepare_range_limit_table 004534dd f   lib:jdmaster.obj
 0001:00052563       _prepare_for_output_pass   00453563 f   lib:jdmaster.obj
 0001:00052684       _finish_output_pass        00453684 f   lib:jdmaster.obj
 0001:00051751       _alloc_small               00452751 f   lib:jmemmgr.obj
 0001:0005186f       _alloc_large               0045286f f   lib:jmemmgr.obj
 0001:00051920       _alloc_sarray              00452920 f   lib:jmemmgr.obj
 0001:000519b8       _alloc_barray              004529b8 f   lib:jmemmgr.obj
 0001:00051a5c       _alloc_darray              00452a5c f   lib:jmemmgr.obj
 0001:00051b07       _request_virt_sarray       00452b07 f   lib:jmemmgr.obj
 0001:00051b68       _request_virt_barray       00452b68 f   lib:jmemmgr.obj
 0001:00051bc9       _realize_virt_arrays       00452bc9 f   lib:jmemmgr.obj
 0001:00051d4c       _access_virt_sarray        00452d4c f   lib:jmemmgr.obj
 0001:00051e6c       _do_sarray_io              00452e6c f   lib:jmemmgr.obj
 0001:00051efc       _access_virt_barray        00452efc f   lib:jmemmgr.obj
 0001:00052021       _do_barray_io              00453021 f   lib:jmemmgr.obj
 0001:000520b2       _free_pool                 004530b2 f   lib:jmemmgr.obj
 0001:00052199       _self_destruct             00453199 f   lib:jmemmgr.obj
 0001:000511eb       _start_input_pass          004521eb f   lib:jdinput.obj
 0001:00051219       _per_scan_setup            00452219 f   lib:jdinput.obj
 0001:0005139f       _finish_input_pass         0045239f f   lib:jdinput.obj
 0001:000513b0       _consume_markers           004523b0 f   lib:jdinput.obj
 0001:0005144c       _initial_setup             0045244c f   lib:jdinput.obj
 0001:00051656       _reset_input_controller    00452656 f   lib:jdinput.obj
 0001:00050fa4       _fixedtables               00451fa4 f   lib:inflate.obj
 0001:0005108e       _updatewindow              0045208e f   lib:inflate.obj
 0001:0004f9d6       _make_crc_table            004509d6 f   lib:crc32.obj
 0001:0004fb23       _crc32_little              00450b23 f   lib:crc32.obj
 0001:0004f912       _init_destination          00450912 f   lib:jdatadst.obj
 0001:0004f938       _empty_output_buffer       00450938 f   lib:jdatadst.obj
 0001:0004f97a       _term_destination          0045097a f   lib:jdatadst.obj
 0001:0004f499       _std_huff_tables           00450499 f   lib:jcparam.obj
 0001:0004f4f3       _add_huff_table            004504f3 f   lib:jcparam.obj
 0001:0004d9f1       _next_marker               0044e9f1 f   lib:jdmarker.obj
 0001:0004db2b       _get_interesting_appn      0044eb2b f   lib:jdmarker.obj
 0001:0004dc56       _examine_app0              0044ec56 f   lib:jdmarker.obj
 0001:0004de64       _examine_app14             0044ee64 f   lib:jdmarker.obj
 0001:0004df25       _skip_variable             0044ef25 f   lib:jdmarker.obj
 0001:0004dfc8       _read_markers              0044efc8 f   lib:jdmarker.obj
 0001:0004e1d0       _get_soi                   0044f1d0 f   lib:jdmarker.obj
 0001:0004e27b       _get_sof                   0044f27b f   lib:jdmarker.obj
 0001:0004e584       _get_sos                   0044f584 f   lib:jdmarker.obj
 0001:0004e872       _get_dht                   0044f872 f   lib:jdmarker.obj
 0001:0004eb13       _get_dqt                   0044fb13 f   lib:jdmarker.obj
 0001:0004ed6f       _get_dri                   0044fd6f f   lib:jdmarker.obj
 0001:0004ee4e       _first_marker              0044fe4e f   lib:jdmarker.obj
 0001:0004eeea       _read_restart_marker       0044feea f   lib:jdmarker.obj
 0001:0004ef68       _reset_marker_reader       0044ff68 f   lib:jdmarker.obj
 0001:0004d7d5       _output_pass_setup         0044e7d5 f   lib:jdapistd.obj
 0001:0004d4c8       _default_decompress_parms  0044e4c8 f   lib:jdapimin.obj

 182 bytes saved through ICF

