 quake2

 Timestamp is 427c950c (Sat May 07 14:14:36 2005)

 Preferred load address is 00400000

 Start         Length     Name                   Class
 0001:00000000 0005e180H .text                   CODE
 0002:00000000 00000278H .idata$5                DATA
 0002:00000278 0000588cH .rdata                  DATA
 0002:00005b08 00000044H .rdata$r                DATA
 0002:00005b50 00000038H .xdata$x                DATA
 0002:00005b88 00000078H .idata$2                DATA
 0002:00005c00 00000014H .idata$3                DATA
 0002:00005c14 00000278H .idata$4                DATA
 0002:00005e8c 000007fcH .idata$6                DATA
 0002:00006688 00000000H .edata                  DATA
 0003:00000000 00000004H .CRT$XCA                DATA
 0003:00000004 0000006cH .CRT$XCU                DATA
 0003:00000070 00000004H .CRT$XCZ                DATA
 0003:00000074 00000004H .CRT$XIA                DATA
 0003:00000078 00000004H .CRT$XIZ                DATA
 0003:00000080 0000cb1cH .data                   DATA
 0003:0000cba0 0031b3f0H .bss                    DATA
 0004:00000000 00000130H .rsrc$01                DATA
 0004:00000130 00003f20H .rsrc$02                DATA

  Address         Publics by Value              Rva+Base     Lib:Object

 0001:00000000       ??3@YAXPAX@Z               00401000 f i CoreMain.obj
 0001:0000000b       ?appInit@@YAXXZ            0040100b f   CoreMain.obj
 0001:0000006e       ?appExit@@YAXXZ            0040106e f   CoreMain.obj
 0001:00000073       ?appLoadDebugSymbols@@YAXXZ 00401073 f   DbgSymbols.obj
 0001:00000276       ?appSymbolName@@YA_NIPADH@Z 00401276 f   DbgSymbols.obj
 0001:00000362       ?appSymbolName@@YAPBDI@Z   00401362 f   DbgSymbols.obj
 0001:00000394       ?appMalloc@@YAPAXIH@Z      00401394 f   Memory.obj
 0001:00000442       ?appFree@@YAXPAX@Z         00401442 f   Memory.obj
 0001:00000470       ?Unlink@FMemHeader@@QAEXXZ 00401470 f i Memory.obj
 0001:0000049b       ?Link@CMemoryChain@@AAEXXZ 0040149b f   Memory.obj
 0001:000004ba       ?Unlink@CMemoryChain@@AAEXXZ 004014ba f   Memory.obj
 0001:000004e5       ??2CMemoryChain@@SAPAXIH@Z 004014e5 f   Memory.obj
 0001:00000557       ??3CMemoryChain@@SAXPAX@Z  00401557 f   Memory.obj
 0001:0000058a       ?Alloc@CMemoryChain@@QAEPAXIH@Z 0040158a f   Memory.obj
 0001:000005f4       ?appInitMemory@@YAXXZ      004015f4 f   Memory.obj
 0001:00000b2d       ?Write@COutputDeviceNull@@UAEXPBD@Z 00401b2d f i OutputDevice.obj
 0001:00000b30       ?appWPrintf@@YAXPBDZZ      00401b30 f   OutputDevice.obj
 0001:00000b81       ?appFatalError@@YAXPBDZZ   00401b81 f   ErrorMgr.obj
 0001:00000bbb       ?appNonFatalError@@YAXPBDZZ 00401bbb f   ErrorMgr.obj
 0001:00000c19       ?appUnwindPrefix@@YAXPBD@Z 00401c19 f   ErrorMgr.obj
 0001:00000c70       ?appUnwindThrow@@YAXPBDZZ  00401c70 f   ErrorMgr.obj
 0001:00000cf7       ?Reset@CErrorHandler@@QAEXXZ 00401cf7 f   ErrorMgr.obj
 0001:00000d21       ?appInitError@@YAXXZ       00401d21 f   ErrorMgr.obj
 0001:00000ddf       ?appStricmp@@YAHPBD0@Z     00401ddf f   Strings.obj
 0001:00000e14       ?toLower@@YADD@Z           00401e14 f i Strings.obj
 0001:00000e2b       ?appStrcpy@@YAXPADPBD@Z    00401e2b f   Strings.obj
 0001:00000e3e       ?appStrncpylwr@@YAXPADPBDH@Z 00401e3e f   Strings.obj
 0001:00000e76       ?appStrncpyz@@YAXPADPBDH@Z 00401e76 f   Strings.obj
 0001:00000ea3       ?appStrcatn@@YAXPADHPBD@Z  00401ea3 f   Strings.obj
 0001:00000ece       ?appCopyFilename@@YAXPADPBDH@Z 00401ece f   Strings.obj
 0001:00000f6a       ?appCStrlen@@YAHPBD@Z      00401f6a f   Strings.obj
 0001:00000f8f       ?appUncolorizeString@@YAXPADPBD@Z 00401f8f f   Strings.obj
 0001:00000fbf       ?va@@YAPBDPBDZZ            00401fbf f   Strings.obj
 0001:0000105b       ?appSprintf@@YAHPADHPBDZZ  0040205b f   Strings.obj
 0001:000010a6       ?appMatchWildcard@@YA_NPBD0_N@Z 004020a6 f   Strings.obj
 0001:00001226       ?CopyString@@YAPADPBD@Z    00402226 f   Strings.obj
 0001:00001266       ?CopyString@@YAPADPBDPAVCMemoryChain@@@Z 00402266 f   Strings.obj
 0001:0000129a       ??2CStringItem@@SAPAXIPBD@Z 0040229a f   Strings.obj
 0001:000012e3       ??2CStringItem@@SAPAXIPBDPAVCMemoryChain@@@Z 004022e3 f   Strings.obj
 0001:00001320       ?Find@CStringList@@IAEPAVCStringItem@@PBDPAPAV2@@Z 00402320 f   Strings.obj
 0001:00001363       ?Find@CStringList@@IAEPAVCStringItem@@H@Z 00402363 f   Strings.obj
 0001:0000137c       ?IndexOf@CStringList@@QAEHPBD@Z 0040237c f   Strings.obj
 0001:000013a9       ?Remove@CStringList@@QAE_NPAVCStringItem@@@Z 004023a9 f   Strings.obj
 0001:000013d5       ?Free@CStringList@@QAEXXZ  004023d5 f   Strings.obj
 0001:000013ee       ?appMillisecondsf@@YANXZ   004023ee f   CoreWin32.obj
 0001:00001427       ?appMilliseconds@@YAIXZ    00402427 f   CoreWin32.obj
 0001:0000145c       ?cpuid@@YAXI@Z             0040245c f   CoreWin32.obj
 0001:0000147f       ?appInitPlatform@@YAXXZ    0040247f f   CoreWin32.obj
 0001:00001712       ?appShutdownPlatform@@YAXXZ 00402712 f   CoreWin32.obj
 0001:0000171b       ?osAddressInfo@@YA_NIPADHPAH@Z 0040271b f   DbgSymbolsWin32.obj
 0001:000017af       ?osModuleInfo@@YA_NIPADHPAH@Z 004027af f   DbgSymbolsWin32.obj
 0001:00001957       ?win32ExceptFilter@@YAHPAU_EXCEPTION_POINTERS@@@Z 00402957 f   ExceptFilterWin32.obj
 0001:00001e8d       ?win32ExceptFilter2@@YAHXZ 00402e8d f   ExceptFilterWin32.obj
 0001:00001e99       ?SCR_StopCinematic@@YAXXZ  00402e99 f   cl_cin.obj
 0001:00001f2d       ?SCR_DrawCinematic@@YA_NXZ 00402f2d f   cl_cin.obj
 0001:0000238e       ?SCR_PlayCinematic@@YAXPAD@Z 0040338e f   cl_cin.obj
 0001:000026fe       ?CL_Download_f@@YAX_NHPAPAD@Z 004036fe f   cl_download.obj
 0001:00002aaf       ?CL_ParseDownload@@YAXXZ   00403aaf f   cl_download.obj
 0001:000032bc       ?CL_Precache_f@@YAXHPAPAD@Z 004042bc f   cl_download.obj
 0001:0000331a       ?CL_ParseDelta@@YAXPAUentityState_t@@0HI_N@Z 0040431a f   cl_ents.obj
 0001:00003533       ?CL_ParsePacketEntities@@YAXPAUframe_t@@0@Z 00404533 f   cl_ents.obj
 0001:0000389e       ?CL_FireEntityEvents@@YAXPAUframe_t@@@Z 0040489e f   cl_ents.obj
 0001:000038f0       ?CL_ParseFrame@@YAXXZ      004048f0 f   cl_ents.obj
 0001:00003be2       ?CL_AddEntityBox@@YAXPAUentityState_t@@I@Z 00404be2 f   cl_ents.obj
 0001:00003cc7       ?CL_OffsetThirdPersonView@@YAXXZ 00404cc7 f   cl_ents.obj
 0001:00003d81       ?CL_CalcViewValues@@YAXXZ  00404d81 f   cl_ents.obj
 0001:0000408a       ?CL_AddEntities@@YAXXZ     0040508a f   cl_ents.obj
 0001:00004e0f       ?CL_GetEntitySoundOrigin@@YAXHQAM@Z 00405e0f f   cl_ents.obj
 0001:00004e47       ?CL_ClearLightStyles@@YAXXZ 00405e47 f   cl_fx.obj
 0001:00004ec9       ?CL_RunLightStyles@@YAXXZ  00405ec9 f   cl_fx.obj
 0001:00004f68       ?CL_SetLightstyle@@YAXHPBD@Z 00405f68 f   cl_fx.obj
 0001:00004fc9       ?CL_ClearDlights@@YAXXZ    00405fc9 f   cl_fx.obj
 0001:00004fda       ?CL_AllocDlight@@YAPAUcdlight_t@@HQAM@Z 00405fda f   cl_fx.obj
 0001:00005043       ?CL_AddDLights@@YAXXZ      00406043 f   cl_fx.obj
 0001:000050a3       ?CL_ClearParticles@@YAXXZ  004060a3 f   cl_fx.obj
 0001:0000510a       ?CL_AllocParticleTrace@@YAPAUparticleTrace_t@@QAM0MM@Z 0040610a f   cl_fx.obj
 0001:000051aa       ?CL_AllocParticleBeam@@YAPAUbeam_t@@QAM0MM@Z 004061aa f   cl_fx.obj
 0001:0000521d       ?CL_AllocParticle@@YAPAUparticle_t@@XZ 0040621d f   cl_fx.obj
 0001:0000526b       ?CL_UpdateParticles@@YAXXZ 0040626b f   cl_fx.obj
 0001:0000585d       ?CL_MetalSparks@@YAXQAM0H@Z 0040685d f   cl_fx.obj
 0001:0000594a       ?CL_ParseMuzzleFlash@@YAXXZ 0040694a f   cl_fx.obj
 0001:00005cdf       ?CL_ParseMuzzleFlash2@@YAXXZ 00406cdf f   cl_fx.obj
 0001:00006321       ?CL_ParticleEffect@@YAXQAM0HH@Z 00407321 f   cl_fx.obj
 0001:000063f0       ?CL_ParticleEffect2@@YAXQAM0HH@Z 004073f0 f   cl_fx.obj
 0001:000064bb       ?CL_ParticleEffect3@@YAXQAM0HH@Z 004074bb f   cl_fx.obj
 0001:0000658b       ?CL_TeleporterParticles@@YAXPAUentityState_t@@@Z 0040758b f   cl_fx.obj
 0001:00006642       ?CL_LogoutEffect@@YAXQAMH@Z 00407642 f   cl_fx.obj
 0001:0000672d       ?CL_ItemRespawnParticles@@YAXQAM@Z 0040772d f   cl_fx.obj
 0001:000067dc       ?CL_ExplosionParticles@@YAXQAM@Z 004077dc f   cl_fx.obj
 0001:00006886       ?CL_BigTeleportParticles@@YAXQAM@Z 00407886 f   cl_fx.obj
 0001:000069dd       ?CL_BlasterParticles@@YAXQAM0@Z 004079dd f   cl_fx.obj
 0001:00006aa9       ?CL_BlasterTrail@@YAXQAM0@Z 00407aa9 f   cl_fx.obj
 0001:00006b9c       ?CL_FlagTrail@@YAXQAM0H@Z  00407b9c f   cl_fx.obj
 0001:00006c97       ?CL_DiminishingTrail@@YAXQAM0PAUcentity_t@@H@Z 00407c97 f   cl_fx.obj
 0001:00006efb       ?CL_RocketTrail@@YAXQAM0PAUcentity_t@@@Z 00407efb f   cl_fx.obj
 0001:00007028       ?CL_RailTrail@@YAXQAM0@Z   00408028 f   cl_fx.obj
 0001:0000724e       ?CL_RailTrailExt@@YAXQAM0EE@Z 0040824e f   cl_fx.obj
 0001:00007352       ?CL_IonripperTrail@@YAXQAM0@Z 00408352 f   cl_fx.obj
 0001:00007465       ?CL_BubbleTrail@@YAXQAM0@Z 00408465 f   cl_fx.obj
 0001:00007576       ?CL_FlyParticles@@YAXQAMH@Z 00408576 f   cl_fx.obj
 0001:00007716       ?CL_FlyEffect@@YAXPAUcentity_t@@QAM@Z 00408716 f   cl_fx.obj
 0001:0000777e       ?CL_BfgParticles@@YAXPAUentity_t@@@Z 0040877e f   cl_fx.obj
 0001:00007959       ?CL_TrapParticles@@YAXPAUentity_t@@@Z 00408959 f   cl_fx.obj
 0001:00007bdc       ?CL_BFGExplosionParticles@@YAXQAM@Z 00408bdc f   cl_fx.obj
 0001:00007c86       ?CL_TeleportParticles@@YAXQAM@Z 00408c86 f   cl_fx.obj
 0001:00007dbf       ?CL_EntityEvent@@YAXPAUentityState_t@@@Z 00408dbf f   cl_fx.obj
 0001:00007f99       ?CL_ClearEffects@@YAXXZ    00408f99 f   cl_fx.obj
 0001:00007fa8       ?IN_CenterView@@YAXXZ      00408fa8 f   cl_input.obj
 0001:00007fc9       ?CL_InitInput@@YAXXZ       00408fc9 f   cl_input.obj
 0001:00008565       ?CL_SendCmd@@YAXXZ         00409565 f   cl_input.obj
 0001:00008c5b       ?CL_WriteDemoMessage@@YAXXZ 00409c5b f   cl_main.obj
 0001:00008c9d       ?Cmd_ForwardToServer@@YAXHPAPAD@Z 00409c9d f   cl_main.obj
 0001:00008d60       ?CL_ForwardToServer_f@@YAXHPAPAD@Z 00409d60 f   cl_main.obj
 0001:00008da8       ?CL_Pause@@YAX_N@Z         00409da8 f   cl_main.obj
 0001:00008dea       ?CL_Quit_f@@YAXXZ          00409dea f   cl_main.obj
 0001:00008df4       ?CL_Drop@@YAX_N@Z          00409df4 f   cl_main.obj
 0001:00008e17       ?CL_SendConnectPacket@@YAXXZ 00409e17 f   cl_main.obj
 0001:00008eee       ?CL_CheckForResend@@YAXXZ  00409eee f   cl_main.obj
 0001:00008ff3       ?CL_Connect_f@@YAX_NHPAPAD@Z 00409ff3 f   cl_main.obj
 0001:00009076       ?CL_Rcon_f@@YAXHPAPAD@Z    0040a076 f   cl_main.obj
 0001:0000917e       ?CL_Disconnect@@YAXXZ      0040a17e f   cl_main.obj
 0001:0000932e       ?CL_Disconnect_f@@YAXXZ    0040a32e f   cl_main.obj
 0001:00009338       ?CL_Changing_f@@YAXXZ      0040a338 f   cl_main.obj
 0001:0000935c       ?CL_Reconnect_f@@YAXXZ     0040a35c f   cl_main.obj
 0001:000093f8       ?CL_PingServers_f@@YAXXZ   0040a3f8 f   cl_main.obj
 0001:00009563       ?CL_Skins_f@@YAXXZ         0040a563 f   cl_main.obj
 0001:00009836       ?CL_ConnectionlessPacket@@YAXXZ 0040a836 f   cl_main.obj
 0001:00009936       ?CL_ReadPackets@@YAXXZ     0040a936 f   cl_main.obj
 0001:00009a7b       ?CL_FixUpGender@@YAXXZ     0040aa7b f   cl_main.obj
 0001:00009b2d       ?CL_Userinfo_f@@YAXXZ      0040ab2d f   cl_main.obj
 0001:00009b45       ?CL_RegisterSounds@@YAXXZ  0040ab45 f   cl_main.obj
 0001:00009b84       ?CL_Snd_Restart_f@@YAXXZ   0040ab84 f   cl_main.obj
 0001:00009b93       ?CL_WriteConfiguration@@YAXPAD@Z 0040ab93 f   cl_main.obj
 0001:00009c4e       ?CL_WriteConfig_f@@YAX_NHPAPAD@Z 0040ac4e f   cl_main.obj
 0001:00009cad       ?CL_FixCvarCheats@@YAXXZ   0040acad f   cl_main.obj
 0001:00009d07       ?CL_Frame@@YAXMM@Z         0040ad07 f   cl_main.obj
 0001:00009f0d       ?CL_ClearState@@YAXXZ      0040af0d f   cl_main.obj
 0001:00009f46       ?CL_Init@@YAXXZ            0040af46 f   cl_main.obj
 0001:0000a431       ?CL_Shutdown@@YAX_N@Z      0040b431 f   cl_main.obj
 0001:0000a486       ?CL_Flashlight@@YAXHQAM@Z  0040b486 f   cl_newfx.obj
 0001:0000a4c0       ?CL_ColorFlash@@YAXQAMHHMMM@Z 0040b4c0 f   cl_newfx.obj
 0001:0000a4fc       ?CL_DebugTrail@@YAXQAM0@Z  0040b4fc f   cl_newfx.obj
 0001:0000a5dc       ?CL_ForceWall@@YAXQAM0H@Z  0040b5dc f   cl_newfx.obj
 0001:0000a703       ?CL_BubbleTrail2@@YAXQAM0H@Z 0040b703 f   cl_newfx.obj
 0001:0000a82b       ?CL_Heatbeam@@YAXQAM0@Z    0040b82b f   cl_newfx.obj
 0001:0000aabe       ?CL_ParticleSteamEffect@@YAXQAM0HHH@Z 0040babe f   cl_newfx.obj
 0001:0000abe8       ?CL_ParticleSteamEffect2@@YAXPAUcl_sustain_t@@@Z 0040bbe8 f   cl_newfx.obj
 0001:0000ad1f       ?CL_TrackerTrail@@YAXQAM0H@Z 0040bd1f f   cl_newfx.obj
 0001:0000ae6f       ?CL_Tracker_Shell@@YAXQAM@Z 0040be6f f   cl_newfx.obj
 0001:0000aef8       ?CL_MonsterPlasma_Shell@@YAXQAM@Z 0040bef8 f   cl_newfx.obj
 0001:0000af7e       ?CL_Widowbeamout@@YAXPAUcl_sustain_t@@@Z 0040bf7e f   cl_newfx.obj
 0001:0000b03a       ?CL_Nukeblast@@YAXPAUcl_sustain_t@@@Z 0040c03a f   cl_newfx.obj
 0001:0000b0f6       ?CL_WidowSplash@@YAXQAM@Z  0040c0f6 f   cl_newfx.obj
 0001:0000b1be       ?CL_TagTrail@@YAXQAM0H@Z   0040c1be f   cl_newfx.obj
 0001:0000b2b9       ?CL_ColorExplosionParticles@@YAXQAMHH@Z 0040c2b9 f   cl_newfx.obj
 0001:0000b366       ?CL_ParticleSmokeEffect@@YAXQAM0HHH@Z 0040c366 f   cl_newfx.obj
 0001:0000b48e       ?CL_BlasterParticles2@@YAXQAM0I@Z 0040c48e f   cl_newfx.obj
 0001:0000b55b       ?CL_BlasterTrail2@@YAXQAM0@Z 0040c55b f   cl_newfx.obj
 0001:0000b64e       ?CL_LoadClientinfo@@YAXPAUclientinfo_t@@PAD@Z 0040c64e f   cl_parse.obj
 0001:0000b928       ?CL_ParseClientinfo@@YAXH@Z 0040c928 f   cl_parse.obj
 0001:0000b94c       ?CL_ParseServerMessage@@YAXXZ 0040c94c f   cl_parse.obj
 0001:0000c103       ?CL_CheckPredictionError@@YAXXZ 0040d103 f   cl_pred.obj
 0001:0000c2a3       ?CL_EntityTrace@@YAXPAUtrace_t@@QBM111H@Z 0040d2a3 f   cl_pred.obj
 0001:0000c664       ?CL_Trace@@YAXPAUtrace_t@@QBM111H@Z 0040d664 f   cl_pred.obj
 0001:0000c6e6       ?CL_PMpointcontents@@YAHQAM@Z 0040d6e6 f   cl_pred.obj
 0001:0000c871       ?CL_PredictMovement@@YAXXZ 0040d871 f   cl_pred.obj
 0001:0000cc13       ?DrawString@@YAXHHPBD@Z    0040dc13 f   cl_scrn.obj
 0001:0000cc57       ?SCR_DebugGraph@@YAXMH@Z   0040dc57 f   cl_scrn.obj
 0001:0000cc7f       ?SCR_CenterPrint@@YAXPAD@Z 0040dc7f f   cl_scrn.obj
 0001:0000cd83       ?Key_Message@@YAXH@Z       0040dd83 f   cl_scrn.obj
 0001:0000ce1f       ?SCR_SetLevelshot@@YAXPBD@Z 0040de1f f   cl_scrn.obj
 0001:0000cf12       ?SCR_BeginLoadingPlaque@@YAXXZ 0040df12 f   cl_scrn.obj
 0001:0000cf97       ?SCR_EndLoadingPlaque@@YAX_N@Z 0040df97 f   cl_scrn.obj
 0001:0000d01c       ?SCR_ShowConsole@@YAX_N0@Z 0040e01c f   cl_scrn.obj
 0001:0000d0f3       ?SCR_ToggleConsole@@YAXXZ  0040e0f3 f   cl_scrn.obj
 0001:0000d11b       ?SCR_TouchPics@@YAXXZ      0040e11b f   cl_scrn.obj
 0001:0000d17a       ?SCR_UpdateScreen@@YAXXZ   0040e17a f   cl_scrn.obj
 0001:0000e3f5       ?SCR_Init@@YAXXZ           0040f3f5 f   cl_scrn.obj
 0001:0000e73f       ?CL_RegisterTEntSounds@@YAXXZ 0040f73f f   cl_tent.obj
 0001:0000e984       ?CL_RegisterTEntModels@@YAXXZ 0040f984 f   cl_tent.obj
 0001:0000eac2       ?CL_ClearTEnts@@YAXXZ      0040fac2 f   cl_tent.obj
 0001:0000eaf6       ?CL_AllocExplosion@@YAPAUexplosion_t@@QAMW4exptype_t@@@Z 0040faf6 f   cl_tent.obj
 0001:0000eb92       ?CL_AddExplosions@@YAXXZ   0040fb92 f   cl_tent.obj
 0001:0000ed2c       ?CL_SmokeAndFlash@@YAXQAM@Z 0040fd2c f   cl_tent.obj
 0001:0000ed74       ?CL_ParseBeam@@YAHPAVCRenderModel@@@Z 0040fd74 f   cl_tent.obj
 0001:0000ee53       ?CL_ParseBeam2@@YAHPAVCRenderModel@@@Z 0040fe53 f   cl_tent.obj
 0001:0000ef2a       ?CL_ParsePlayerBeam@@YAHPAVCRenderModel@@@Z 0040ff2a f   cl_tent.obj
 0001:0000f038       ?CL_ParseLightning@@YAHPAVCRenderModel@@@Z 00410038 f   cl_tent.obj
 0001:0000f104       ?CL_ParseLaser@@YAXI@Z     00410104 f   cl_tent.obj
 0001:0000f180       ?CL_ParseSteam@@YAXXZ      00410180 f   cl_tent.obj
 0001:0000f291       ?CL_ParseWidow@@YAXXZ      00410291 f   cl_tent.obj
 0001:0000f2fd       ?CL_ParseNuke@@YAXXZ       004102fd f   cl_tent.obj
 0001:0000f367       ?CL_ParseTEnt@@YAXXZ       00410367 f   cl_tent.obj
 0001:00010193       ?CL_AddBeams@@YAXXZ        00411193 f   cl_tent.obj
 0001:000104cf       ?CL_AddPlayerBeams@@YAXXZ  004114cf f   cl_tent.obj
 0001:00010bbf       ?CL_ProcessSustain@@YAXXZ  00411bbf f   cl_tent.obj
 0001:00010c00       ?CL_AddTEnts@@YAXXZ        00411c00 f   cl_tent.obj
 0001:00010c14       ?V_AddEntity@@YAXPAUentity_t@@@Z 00411c14 f   cl_view.obj
 0001:00010c43       ?V_AddLight@@YAXQAMMMMM@Z  00411c43 f   cl_view.obj
 0001:00010c88       ?V_TestParticles@@YAXXZ    00411c88 f   cl_view.obj
 0001:00010d46       ?V_TestEntities@@YAXXZ     00411d46 f   cl_view.obj
 0001:00010ddc       ?V_TestLights@@YAXXZ       00411ddc f   cl_view.obj
 0001:00010eaa       ?CL_PrepRefresh@@YAXXZ     00411eaa f   cl_view.obj
 0001:0001116a       ?CalcFov@@YAMMMM@Z         0041216a f   cl_view.obj
 0001:000111de       ?V_RenderView@@YA_NXZ      004121de f   cl_view.obj
 0001:00011edc       ?V_Init@@YAXXZ             00412edc f   cl_view.obj
 0001:00011f8b       ?Con_ClearNotify@@YAXXZ    00412f8b f   console.obj
 0001:00011f9a       ?Con_CheckResize@@YAXXZ    00412f9a f   console.obj
 0001:000120c1       ?Con_Print@@YAXPBD@Z       004130c1 f   console.obj
 0001:000123b9       ?Con_DrawNotify@@YAX_N@Z   004133b9 f   console.obj
 0001:000124d1       ?Con_DrawConsole@@YAXM@Z   004134d1 f   console.obj
 0001:000128a4       ?Con_ClearTyping@@YAXXZ    004138a4 f   console.obj
 0001:000128bd       ?Key_Console@@YAXHH@Z      004138bd f   console.obj
 0001:00012d05       ?Con_Init@@YAXXZ           00413d05 f   console.obj
 0001:00012e81       ?Key_KeynumToString@@YAPBDH@Z 00413e81 f   keys.obj
 0001:00012f41       ?Draw@completeMenu_t@@UAEXXZ 00413f41 f i keys.obj
 0001:00012f72       ?KeyDown@completeMenu_t@@UAEPBDH@Z 00413f72 f i keys.obj
 0001:00012f9b       ?Init@completeMenu_t@@UAE_NXZ 00413f9b f i keys.obj
 0001:000130c2       ?CompleteMenuCallback@completeMenu_t@@SAXPAX@Z 004140c2 f i keys.obj
 0001:00013150       ?CompleteCommand@@YAXXZ    00414150 f   keys.obj
 0001:00013885       ?Key_SetBinding@@YAXHPBD@Z 00414885 f   keys.obj
 0001:000138c3       ?Key_FindBinding@@YAHPBDPAHH@Z 004148c3 f   keys.obj
 0001:00013911       ?Key_WriteBindings@@YAXPAU_iobuf@@@Z 00414911 f   keys.obj
 0001:00013959       ?Key_Init@@YAXXZ           00414959 f   keys.obj
 0001:00013c3d       ?Key_Event@@YAXH_N@Z       00414c3d f   keys.obj
 0001:00013f96       ?Key_ClearStates@@YAXXZ    00414f96 f   keys.obj
 0001:00013fcb       ?M_ForceMenuOn@@YAXXZ      00414fcb f   menu.obj
 0001:00013fea       ?Draw@menuMain_t@@UAEXXZ   00414fea f i menu.obj
 0001:0001414d       ?KeyDown@menuMain_t@@UAEPBDH@Z 0041514d f i menu.obj
 0001:00014209       ?Init@menuMain_t@@UAE_NXZ  00415209 f i menu.obj
 0001:00014211       ?M_Menu_Main_f@@YAXXZ      00415211 f   menu.obj
 0001:0001422b       ?Init@multiplayerMenu_t@@UAE_NXZ 0041522b f i menu.obj
 0001:0001434f       ?Init@keysMenu_t@@UAE_NXZ  0041534f f i menu.obj
 0001:00014534       ?KeyCursorDrawFunc@keysMenu_t@@SAXPAUmenuFramework_t@@@Z 00415534 f i menu.obj
 0001:00014574       ?DrawKeyBindingFunc@keysMenu_t@@SAXPAX@Z 00415574 f i menu.obj
 0001:0001463b       ?KeyDown@keysMenu_t@@UAEPBDH@Z 0041563b f i menu.obj
 0001:000146e8       ?UnbindCommand@keysMenu_t@@QAEXPAD@Z 004156e8 f i menu.obj
 0001:0001472d       ?KeyBindingFunc@keysMenu_t@@QAEXPAX@Z 0041572d f i menu.obj
 0001:0001478c       ?Init@optionsMenu_t@@UAE_NXZ 0041578c f i menu.obj
 0001:00014bea       ?CrosshairFunc@optionsMenu_t@@SAXPAX@Z 00415bea f i menu.obj
 0001:00014c12       ?JoystickFunc@optionsMenu_t@@SAXPAX@Z 00415c12 f i menu.obj
 0001:00014c27       ?AlwaysRunFunc@optionsMenu_t@@SAXPAX@Z 00415c27 f i menu.obj
 0001:00014c3c       ?FreeLookFunc@optionsMenu_t@@SAXPAX@Z 00415c3c f i menu.obj
 0001:00014c51       ?MouseSpeedFunc@optionsMenu_t@@SAXPAX@Z 00415c51 f i menu.obj
 0001:00014c6e       ?InvertMouseFunc@optionsMenu_t@@SAXPAX@Z 00415c6e f i menu.obj
 0001:00014c89       ?LookspringFunc@optionsMenu_t@@SAXPAX@Z 00415c89 f i menu.obj
 0001:00014ca5       ?LookstrafeFunc@optionsMenu_t@@SAXPAX@Z 00415ca5 f i menu.obj
 0001:00014cc1       ?UpdateVolumeFunc@optionsMenu_t@@SAXPAX@Z 00415cc1 f i menu.obj
 0001:00014cde       ?UpdateCDVolumeFunc@optionsMenu_t@@SAXPAX@Z 00415cde f i menu.obj
 0001:00014cf8       ?SetMenuItemValues@optionsMenu_t@@SAXXZ 00415cf8 f i menu.obj
 0001:00014ed6       ?ResetDefaultsFunc@optionsMenu_t@@SAXPAX@Z 00415ed6 f i menu.obj
 0001:00014eeb       ?UpdateSoundFunc@optionsMenu_t@@SAXPAX@Z 00415eeb f i menu.obj
 0001:000150ee       ?ScanCrosshairs@optionsMenu_t@@SAXXZ 004160ee f i menu.obj
 0001:0001514b       ?Draw@optionsMenu_t@@UAEXXZ 0041614b f i menu.obj
 0001:000151b0       ?Draw@creditsMenu_t@@UAEXXZ 004161b0 f i menu.obj
 0001:00015257       ?KeyDown@creditsMenu_t@@UAEPBDH@Z 00416257 f i menu.obj
 0001:00015292       ?Init@creditsMenu_t@@UAE_NXZ 00416292 f i menu.obj
 0001:0001535a       ?Init@gameMenu_t@@UAE_NXZ  0041635a f i menu.obj
 0001:000154e5       ?EasyGameFunc@gameMenu_t@@SAXPAX@Z 004164e5 f i menu.obj
 0001:000154f1       ?StartGame@gameMenu_t@@SAXPBD@Z 004164f1 f i menu.obj
 0001:00015544       ?MediumGameFunc@gameMenu_t@@SAXPAX@Z 00416544 f i menu.obj
 0001:00015550       ?HardGameFunc@gameMenu_t@@SAXPAX@Z 00416550 f i menu.obj
 0001:0001556c       ?Init@savegameMenu_t@@UAE_NXZ 0041656c f i menu.obj
 0001:0001567c       ?Create_Savestrings@savegameMenu_t@@QAEXXZ 0041667c f i menu.obj
 0001:00015737       ?LoadGameCallback@savegameMenu_t@@SAXPAX@Z 00416737 f i menu.obj
 0001:00015760       ?SaveGameCallback@savegameMenu_t@@SAXPAX@Z 00416760 f i menu.obj
 0001:0001577f       ?Draw@savegameMenu_t@@UAEXXZ 0041677f f i menu.obj
 0001:0001579a       ?DrawSavegameShot@savegameMenu_t@@QAEXHH@Z 0041679a f i menu.obj
 0001:0001587f       ?Init@joinserverMenu_t@@UAE_NXZ 0041687f f i menu.obj
 0001:000159a8       ?JoinServerFunc@joinserverMenu_t@@SAXPAX@Z 004169a8 f i menu.obj
 0001:00015a0a       ?SearchLocalGames@joinserverMenu_t@@SAXXZ 00416a0a f i menu.obj
 0001:00015a75       ?M_AddToServerList@@YAXUnetadr_t@@PAD@Z 00416a75 f   menu.obj
 0001:00015af8       ?Init@startserverMenu_t@@UAE_NXZ 00416af8 f i menu.obj
 0001:00015f9a       ?DMOptionsFunc@startserverMenu_t@@SAXPAX@Z 00416f9a f i menu.obj
 0001:00015faa       ?RulesChangeFunc@startserverMenu_t@@SAXPAX@Z 00416faa f i menu.obj
 0001:00016024       ?StartServerActionFunc@startserverMenu_t@@SAXPAX@Z 00417024 f i menu.obj
 0001:0001604f       ?StartServerFunc@startserverMenu_t@@SAXPAD@Z 0041704f f i menu.obj
 0001:00016286       ?KeyDown@startserverMenu_t@@UAEPBDH@Z 00417286 f i menu.obj
 0001:000162e3       ?Init@dmoptionsMenu_t@@UAE_NXZ 004172e3 f i menu.obj
 0001:000168c2       ?DMFlagCallback@dmoptionsMenu_t@@SAXPAX@Z 004178c2 f i menu.obj
 0001:00016a9d       ?Init@downloadOptionsMenu_t@@UAE_NXZ 00417a9d f i menu.obj
 0001:00016c68       ?DownloadCallback@downloadOptionsMenu_t@@SAXPAX@Z 00417c68 f i menu.obj
 0001:00016cd3       ?Init@addressBookMenu_t@@UAE_NXZ 00417cd3 f i menu.obj
 0001:00016d7b       ?KeyDown@addressBookMenu_t@@UAEPBDH@Z 00417d7b f i menu.obj
 0001:00016dd8       ?Init@playerConfigMenu_t@@UAE_NXZ 00417dd8 f i menu.obj
 0001:0001732f       ?HandednessCallback@playerConfigMenu_t@@SAXPAX@Z 0041832f f i menu.obj
 0001:00017344       ?RTypeCallback@playerConfigMenu_t@@SAXPAX@Z 00418344 f i menu.obj
 0001:00017359       ?RColorCallback@playerConfigMenu_t@@SAXPAX@Z 00418359 f i menu.obj
 0001:0001736e       ?RateCallback@playerConfigMenu_t@@SAXPAX@Z 0041836e f i menu.obj
 0001:00017391       ?ModelCallback@playerConfigMenu_t@@SAXPAX@Z 00418391 f i menu.obj
 0001:000173be       ?ScanDirectories@playerConfigMenu_t@@SA_NXZ 004183be f i menu.obj
 0001:00017538       ?IsValidSkin@playerConfigMenu_t@@SA_NPADPAVCStringItem@@@Z 00418538 f i menu.obj
 0001:000175f3       ?Draw@playerConfigMenu_t@@UAEXXZ 004185f3 f i menu.obj
 0001:0001789f       ?KeyDown@playerConfigMenu_t@@UAEPBDH@Z 0041889f f i menu.obj
 0001:00017991       ?Init@dmbrowseMenu_t@@UAE_NXZ 00418991 f i menu.obj
 0001:00017b97       ?KeyDown@dmbrowseMenu_t@@UAEPBDH@Z 00418b97 f i menu.obj
 0001:00017d5b       ?Draw@dmbrowseMenu_t@@UAEXXZ 00418d5b f i menu.obj
 0001:00017ea0       ?DrawThumbnail@dmbrowseMenu_t@@SAXHHHHPAD_N@Z 00418ea0 f i menu.obj
 0001:00017f87       ?Init@videoMenu_t@@UAE_NXZ 00418f87 f i menu.obj
 0001:00018540       ?ScreenSizeCallback@videoMenu_t@@SAXPAX@Z 00419540 f i menu.obj
 0001:0001855e       ?BrightnessCallback@videoMenu_t@@SAXPAX@Z 0041955e f i menu.obj
 0001:0001857c       ?ContrastCallback@videoMenu_t@@SAXPAX@Z 0041957c f i menu.obj
 0001:000185b5       ?CancelChanges@videoMenu_t@@SAXPAX@Z 004195b5 f i menu.obj
 0001:000185d6       ?KeyDown@videoMenu_t@@UAEPBDH@Z 004195d6 f i menu.obj
 0001:0001861d       ?ApplyChanges@videoMenu_t@@SAXPAX@Z 0041961d f i menu.obj
 0001:000187d4       ?KeyDown@quitMenu_t@@UAEPBDH@Z 004197d4 f i menu.obj
 0001:0001880c       ?Draw@quitMenu_t@@UAEXXZ   0041980c f i menu.obj
 0001:0001887c       ?M_Init@@YAXXZ             0041987c f   menu.obj
 0001:00018a5e       ?Insert@?$TList@VCStringItem@@@@QAE_NPAVCStringItem@@@Z 00419a5e f i menu.obj
 0001:00018a5e       ?Insert@?$TList@VplayerModelInfo_t@@@@QAE_NPAVplayerModelInfo_t@@@Z 00419a5e f i menu.obj
 0001:00018a94       ?ItemAtCursor@menuFramework_t@@QAEPAUmenuCommon_t@@XZ 00419a94 f   qmenu.obj
 0001:00018ae8       ?AddItem@menuFramework_t@@QAEXPAUmenuCommon_t@@@Z 00419ae8 f   qmenu.obj
 0001:00018ba4       ?AdjustCursor@menuFramework_t@@QAEXH@Z 00419ba4 f   qmenu.obj
 0001:00018d13       ?Center@menuFramework_t@@QAEXXZ 00419d13 f   qmenu.obj
 0001:00018d54       ?Draw@menuFramework_t@@UAEXXZ 00419d54 f   qmenu.obj
 0001:0001930c       ?SelectItem@menuFramework_t@@QAE_NXZ 0041a30c f   qmenu.obj
 0001:0001936a       ?SetStatusBar@menuFramework_t@@QAEXPBD@Z 0041a36a f   qmenu.obj
 0001:00019374       ?SlideItem@menuFramework_t@@QAEXH@Z 0041a374 f   qmenu.obj
 0001:000198f1       ?Push@menuFramework_t@@QAEXXZ 0041a8f1 f   qmenu.obj
 0001:00019979       ?M_ForceMenuOff@@YAXXZ     0041a979 f   qmenu.obj
 0001:0001999c       ?Pop@menuFramework_t@@QAEXXZ 0041a99c f   qmenu.obj
 0001:000199d6       ?KeyDown@menuFramework_t@@UAEPBDH@Z 0041a9d6 f   qmenu.obj
 0001:00019c4a       ?Init@menuFramework_t@@UAE_NXZ 0041ac4a f   qmenu.obj
 0001:00019c4d       ?M_Draw@@YAXXZ             0041ac4d f   qmenu.obj
 0001:00019c88       ?M_Keydown@@YAXH@Z         0041ac88 f   qmenu.obj
 0001:00019ca7       ?InitRendererVars@@YAXXZ   0041aca7 f   ref_vars.obj
 0001:00019cc6       ?S_SoundInfo_f@@YAXXZ      0041acc6 f   snd_dma.obj
 0001:00019d50       ?S_ReadModelsSex@@YAXXZ    0041ad50 f   snd_dma.obj
 0001:00019e35       ?S_IsFemale@@YA_NPBD@Z     0041ae35 f   snd_dma.obj
 0001:00019e89       ?S_Init@@YAXXZ             0041ae89 f   snd_dma.obj
 0001:00019f5f       ?S_Shutdown@@YAXXZ         0041af5f f   snd_dma.obj
 0001:00019ff2       ?S_BeginRegistration@@YAXXZ 0041aff2 f   snd_dma.obj
 0001:0001a000       ?S_RegisterSound@@YAPAUsfx_t@@PBD@Z 0041b000 f   snd_dma.obj
 0001:0001a199       ?S_EndRegistration@@YAXXZ  0041b199 f   snd_dma.obj
 0001:0001a231       ?S_PickChannel@@YAPAUchannel_t@@HH@Z 0041b231 f   snd_dma.obj
 0001:0001a2be       ?S_Spatialize@@YAXPAUchannel_t@@@Z 0041b2be f   snd_dma.obj
 0001:0001a456       ?S_AllocPlaysound@@YAPAUplaysound_t@@XZ 0041b456 f   snd_dma.obj
 0001:0001a478       ?S_FreePlaysound@@YAXPAUplaysound_t@@@Z 0041b478 f   snd_dma.obj
 0001:0001a4a8       ?S_IssuePlaysound@@YAXPAUplaysound_t@@@Z 0041b4a8 f   snd_dma.obj
 0001:0001a575       ?S_StartSound@@YAXQBMHHPAUsfx_t@@MMM@Z 0041b575 f   snd_dma.obj
 0001:0001a8eb       ?S_StartLocalSound@@YAXPBD@Z 0041b8eb f   snd_dma.obj
 0001:0001a93a       ?S_ClearBuffer@@YAXXZ      0041b93a f   snd_dma.obj
 0001:0001a9a3       ?S_StopAllSounds_f@@YAXXZ  0041b9a3 f   snd_dma.obj
 0001:0001aa13       ?S_AddLoopSounds@@YAXXZ    0041ba13 f   snd_dma.obj
 0001:0001abe9       ?S_RawSamples@@YAXHHHHPAE@Z 0041bbe9 f   snd_dma.obj
 0001:0001aded       ?S_Update@@YAXQBM000@Z     0041bded f   snd_dma.obj
 0001:0001aee6       ?GetSoundtime@@YAXXZ       0041bee6 f   snd_dma.obj
 0001:0001af4d       ?S_Update_@@YAXXZ          0041bf4d f   snd_dma.obj
 0001:0001b200       ?ResampleSfx@@YAXPAUsfx_t@@HHPAE@Z 0041c200 f   snd_mem.obj
 0001:0001b31b       ?S_LoadSound@@YAPAUsfxcache_t@@PAUsfx_t@@@Z 0041c31b f   snd_mem.obj
 0001:0001b453       ?GetWavinfo@@YA?AUwavinfo_t@@PADPAEH@Z 0041c453 f   snd_mem.obj
 0001:0001b695       ?S_WriteLinearBlastStereo16@@YAXXZ 0041c695 f   snd_mix.obj
 0001:0001b709       ?S_TransferStereo16@@YAXPAKH@Z 0041c709 f   snd_mix.obj
 0001:0001b772       ?S_TransferPaintBuffer@@YAXH@Z 0041c772 f   snd_mix.obj
 0001:0001b8d6       ?S_PaintChannels@@YAXH@Z   0041c8d6 f   snd_mix.obj
 0001:0001bb72       ?S_InitScaletable@@YAXXZ   0041cb72 f   snd_mix.obj
 0001:0001bd33       ?SV_WipeSavegame@@YAXPAD@Z 0041cd33 f   sv_ccmds.obj
 0001:0001bd61       ?SV_CopySaveGame@@YAXPAD0@Z 0041cd61 f   sv_ccmds.obj
 0001:0001bdb6       ?SV_WriteLevelFile@@YAXXZ  0041cdb6 f   sv_ccmds.obj
 0001:0001be64       ?SV_ReadLevelFile@@YAXXZ   0041ce64 f   sv_ccmds.obj
 0001:0001bf12       ?SV_WriteServerFile@@YAX_NPAD@Z 0041cf12 f   sv_ccmds.obj
 0001:0001c14e       ?SV_ReadServerFile@@YAXXZ  0041d14e f   sv_ccmds.obj
 0001:0001c273       ?SV_AddressBanned@@YA_NPAUnetadr_t@@@Z 0041d273 f   sv_ccmds.obj
 0001:0001c2b4       ?SV_InitOperatorCommands@@YAXXZ 0041d2b4 f   sv_ccmds.obj
 0001:0001d2b2       ?SV_WriteFrameToClient@@YAXPAUclient_t@@PAVsizebuf_t@@@Z 0041e2b2 f   sv_ents.obj
 0001:0001d49e       ?SV_FatPVS@@YAXQAM@Z       0041e49e f   sv_ents.obj
 0001:0001d5bc       ?SV_BuildClientFrame@@YAXPAUclient_t@@@Z 0041e5bc f   sv_ents.obj
 0001:0001d8d1       ?SV_RecordDemoMessage@@YAXXZ 0041e8d1 f   sv_ents.obj
 0001:0001e401       ?SV_InitGameLibrary@@YAX_N@Z 0041f401 f   sv_game.obj
 0001:0001e547       ?SV_ShutdownGameLibrary@@YAXXZ 0041f547 f   sv_game.obj
 0001:0001e6a4       ?SV_FindIndex@@YAHPADHH_N@Z 0041f6a4 f   sv_init.obj
 0001:0001e7b1       ?SV_ModelIndex@@YAHPAD@Z   0041f7b1 f   sv_init.obj
 0001:0001e7c7       ?SV_SoundIndex@@YAHPAD@Z   0041f7c7 f   sv_init.obj
 0001:0001e7e0       ?SV_ImageIndex@@YAHPAD@Z   0041f7e0 f   sv_init.obj
 0001:0001e7f9       ?SV_CreateBaseline@@YAXXZ  0041f7f9 f   sv_init.obj
 0001:0001e857       ?SV_CheckForSavegame@@YAXXZ 0041f857 f   sv_init.obj
 0001:0001e8df       ?SV_SpawnServer@@YAXPAD0W4server_state_t@@_N2@Z 0041f8df f   sv_init.obj
 0001:0001ebad       ?SV_InitGame@@YAXXZ        0041fbad f   sv_init.obj
 0001:0001edf7       ?SV_Map@@YAX_NPBD0@Z       0041fdf7 f   sv_init.obj
 0001:0001efc0       ?SV_DropClient@@YAXPAUclient_t@@PAD@Z 0041ffc0 f   sv_main.obj
 0001:0001f071       ?SV_StatusString@@YAPADXZ  00420071 f   sv_main.obj
 0001:0001f8a8       ?SV_ConnectionlessPacket@@YAXXZ 004208a8 f   sv_main.obj
 0001:0001f973       ?SV_CalcPings@@YAXXZ       00420973 f   sv_main.obj
 0001:0001f9fa       ?SV_GiveMsec@@YAXXZ        004209fa f   sv_main.obj
 0001:0001fa39       ?SV_ReadPackets@@YAXXZ     00420a39 f   sv_main.obj
 0001:0001fb84       ?SV_CheckTimeouts@@YAXXZ   00420b84 f   sv_main.obj
 0001:0001fc95       ?SV_PostprocessFrame@@YAXXZ 00420c95 f   sv_main.obj
 0001:0002016c       ?SV_MulticastHook@@YAPAVsizebuf_t@@PAV1@0@Z 0042116c f   sv_main.obj
 0001:0002055d       ?SV_TraceHook@@YA?AUtrace_t@@QAM000PAUedict_s@@H@Z 0042155d f   sv_main.obj
 0001:000206d8       ?SV_Frame@@YAXM@Z          004216d8 f   sv_main.obj
 0001:0002098c       ?SV_UserinfoChanged@@YAXPAUclient_t@@@Z 0042198c f   sv_main.obj
 0001:00020a50       ?SV_Init@@YAXXZ            00421a50 f   sv_main.obj
 0001:00020ac6       ?SV_Shutdown@@YAXPBD_N@Z   00421ac6 f   sv_main.obj
 0001:00020ccf       ?SV_BeginRedirect@@YAXXZ   00421ccf f   sv_send.obj
 0001:00020d79       ?SV_ClientPrintf@@YAXPAUclient_t@@HPBDZZ 00421d79 f   sv_send.obj
 0001:00020dd4       ?SV_BroadcastPrintf@@YAXHPBDZZ 00421dd4 f   sv_send.obj
 0001:00020eaa       ?SV_BroadcastCommand@@YAXPBDZZ 00421eaa f   sv_send.obj
 0001:00020eff       ?SV_Multicast@@YAXQAMW4multicast_t@@_N@Z 00421eff f   sv_send.obj
 0001:0002113d       ?SV_MulticastOld@@YAXQAMW4multicast_t@@@Z 0042213d f   sv_send.obj
 0001:00021150       ?SV_MulticastNew@@YAXQAMW4multicast_t@@@Z 00422150 f   sv_send.obj
 0001:00021163       ?SV_StartSound@@YAXQAMPAUedict_s@@HHMMM_N@Z 00422163 f   sv_send.obj
 0001:0002142b       ?SV_StartSoundOld@@YAXQAMPAUedict_s@@HHMMM@Z 0042242b f   sv_send.obj
 0001:0002145b       ?SV_StartSoundNew@@YAXQAMPAUedict_s@@HHMMM@Z 0042245b f   sv_send.obj
 0001:0002148b       ?SV_SendClientDatagram@@YA_NPAUclient_t@@@Z 0042248b f   sv_send.obj
 0001:00021558       ?SV_DemoCompleted@@YAXXZ   00422558 f   sv_send.obj
 0001:00021574       ?SV_RateDrop@@YA_NPAUclient_t@@@Z 00422574 f   sv_send.obj
 0001:000215be       ?SV_SendClientMessages@@YAXXZ 004225be f   sv_send.obj
 0001:00021705       ?SV_TokenizeString@@YAXPBD@Z 00422705 f   sv_tokenize.obj
 0001:000217dc       ?SV_Argc@@YAHXZ            004227dc f   sv_tokenize.obj
 0001:000217e2       ?SV_Argv@@YAPADH@Z         004227e2 f   sv_tokenize.obj
 0001:000217fc       ?SV_Args@@YAPADXZ          004227fc f   sv_tokenize.obj
 0001:00022049       ?SV_Nextserver@@YAXXZ      00423049 f   sv_user.obj
 0001:000220d8       ?SV_ExecuteUserCommand@@YAXPAD@Z 004230d8 f   sv_user.obj
 0001:0002219a       ?SV_ClientThink@@YAXPAUclient_t@@PAUusercmd_t@@@Z 0042319a f   sv_user.obj
 0001:000221dd       ?SV_ExecuteClientMessage@@YAXPAUclient_t@@@Z 004231dd f   sv_user.obj
 0001:000223fb       ?SV_ClearWorld@@YAXXZ      004233fb f   sv_world.obj
 0001:00022553       ?SV_UnlinkEdict@@YAXPAUedict_s@@@Z 00423553 f   sv_world.obj
 0001:00022616       ?SV_LinkEdict@@YAXPAUedict_s@@@Z 00423616 f   sv_world.obj
 0001:00022c6e       ?SV_AreaEdicts@@YAHQBM0PAPAUedict_s@@HH@Z 00423c6e f   sv_world.obj
 0001:00022e1f       ?SV_PointContents@@YAHQBM@Z 00423e1f f   sv_world.obj
 0001:00022f45       ?SV_ClipMoveToEntities@@YAXPAUtrace_t@@QBM111PAUedict_s@@H@Z 00423f45 f   sv_world.obj
 0001:00023339       ?SV_Trace@@YAXPAUtrace_t@@QBM111PAUedict_s@@H@Z 00424339 f   sv_world.obj
 0001:000233f3       ?InitByteDirs@@YAXXZ       004243f3 f   anorms.obj
 0001:00023432       ?Cbuf_AddText@@YAXPBD@Z    00424432 f   cmd.obj
 0001:00023494       ?Cbuf_CopyToDefer@@YAXXZ   00424494 f   cmd.obj
 0001:000234dc       ?Cbuf_InsertFromDefer@@YAXXZ 004244dc f   cmd.obj
 0001:00023595       ?Cbuf_Execute@@YAXXZ       00424595 f   cmd.obj
 0001:0002369b       ?Cmd_Unalias_f@@YAX_NHPAPAD@Z 0042469b f   cmd.obj
 0001:00023711       ?Cmd_WriteAliases@@YAXPAU_iobuf@@@Z 00424711 f   cmd.obj
 0001:00023742       ?RegisterCommand@@YA_NPBDP6AXXZH@Z 00424742 f   cmd.obj
 0001:000237fb       ?UnregisterCommand@@YA_NPBD@Z 004247fb f   cmd.obj
 0001:0002388c       ?Cmd_ExecuteString@@YA_NPBD@Z 0042488c f   cmd.obj
 0001:00023cc5       ?ExecuteCommand@@YA_NPBDPBUCSimpleCommand@@H@Z 00424cc5 f   cmd.obj
 0001:00023d8c       ?Cmd_Init@@YAXXZ           00424d8c f   cmd.obj
 0001:000240de       ?CM_LoadMap@@YAPAUcmodel_t@@PBD_NPAI@Z 004250de f   cmodel.obj
 0001:00024812       ?PlaneTypeForNormal@@YAHQBM@Z 00425812 f i cmodel.obj
 0001:000249ca       ?CM_InlineModel@@YAPAUcmodel_t@@PBD@Z 004259ca f   cmodel.obj
 0001:00024a0b       ?CM_NumClusters@@YAHXZ     00425a0b f   cmodel.obj
 0001:00024a11       ?CM_NumInlineModels@@YAHXZ 00425a11 f   cmodel.obj
 0001:00024a17       ?CM_EntityString@@YAPBDXZ  00425a17 f   cmodel.obj
 0001:00024a1d       ?CM_LeafContents@@YAHH@Z   00425a1d f   cmodel.obj
 0001:00024a44       ?CM_LeafCluster@@YAHH@Z    00425a44 f   cmodel.obj
 0001:00024aba       ?CM_LeafArea@@YAHH@Z       00425aba f   cmodel.obj
 0001:00024c81       ?CM_HeadnodeForBox@@YAHQAM0@Z 00425c81 f   cmodel.obj
 0001:00024d36       ?CM_PointLeafnum@@YAHQBMH@Z 00425d36 f   cmodel.obj
 0001:00024dd8       ?DISTANCE_TO_PLANE@@YAMQBMPBUcplane_t@@@Z 00425dd8 f i cmodel.obj
 0001:00024e20       ?CM_PointContents@@YAHQBMH@Z 00425e20 f   cmodel.obj
 0001:00024e95       ?CM_TransformedPointContents@@YAHQBMHQAM1@Z 00425e95 f   cmodel.obj
 0001:00024fce       ?CM_TransformedPointContents2@@YAHQBMHQAMPAY02M@Z 00425fce f   cmodel.obj
 0001:000250bf       ?CM_BoxLeafnums@@YAHQBM0PAHH1H@Z 004260bf f   cmodel.obj
 0001:000251d3       ?BOX_ON_PLANE_SIDE@@YAHQBM0PBUcplane_t@@@Z 004261d3 f i cmodel.obj
 0001:00025258       ?CM_BoxTrace@@YAXPAUtrace_t@@QBM111HH@Z 00426258 f   cmodel.obj
 0001:00025cfc       ?CM_TransformedBoxTrace@@YAXPAUtrace_t@@QBM111HH11@Z 00426cfc f   cmodel.obj
 0001:00025fcc       ?CM_TransformedBoxTrace2@@YAXPAUtrace_t@@QBM111HH1PAY02$$CBM@Z 00426fcc f   cmodel.obj
 0001:000261e1       ?CM_BrushTrace@@YAHQBM0PAHH@Z 004271e1 f   cmodel.obj
 0001:00026607       ?CM_RefineBrushTrace@@YAHQBM0PAHH@Z 00427607 f   cmodel.obj
 0001:000266ad       ?CM_ClusterPVS@@YAPAEH@Z   004276ad f   cmodel.obj
 0001:000267f1       ?CM_ClusterPHS@@YAPAEH@Z   004277f1 f   cmodel.obj
 0001:00026954       ?CM_SetAreaPortalState@@YAXH_N@Z 00427954 f   cmodel.obj
 0001:00026979       ?CM_AreasConnected@@YA_NHH@Z 00427979 f   cmodel.obj
 0001:000269bd       ?CM_WriteAreaBits@@YAHPAEH@Z 004279bd f   cmodel.obj
 0001:00026a5f       ?CM_WritePortalState@@YAXPAU_iobuf@@@Z 00427a5f f   cmodel.obj
 0001:00026a79       ?CM_ReadPortalState@@YAXPAU_iobuf@@@Z 00427a79 f   cmodel.obj
 0001:00026a97       ?CM_HeadnodeVisible@@YA_NHPAE@Z 00427a97 f   cmodel.obj
 0001:00026b72       ?Com_BeginRedirect@@YAXPADHP6AX0@Z@Z 00427b72 f   common.obj
 0001:00026b9f       ?Com_EndRedirect@@YAXXZ    00427b9f f   common.obj
 0001:00026bbe       ?Com_Printf@@YAXPBDZZ      00427bbe f   common.obj
 0001:00026db6       ?Com_DPrintf@@YAXPBDZZ     00427db6 f   common.obj
 0001:00026e2f       ?DebugPrintf@@YAXPBDZZ     00427e2f f   common.obj
 0001:00026ed9       ?Com_WPrintf@@YAXPBDZZ     00427ed9 f   common.obj
 0001:00026f33       ?Com_Quit@@YAXXZ           00427f33 f   common.obj
 0001:00026f53       ?IPWildcard@@YA_NPAUnetadr_t@@PAD@Z 00427f53 f   common.obj
 0001:0002702d       ?Com_ServerState@@YA?AW4server_state_t@@XZ 0042802d f   common.obj
 0001:00027033       ?Com_SetServerState@@YAXW4server_state_t@@@Z 00428033 f   common.obj
 0001:0002703d       ?frand@@YAMXZ              0042803d f   common.obj
 0001:00027055       ?crand@@YAMXZ              00428055 f   common.obj
 0001:00027073       ?Info_ValueForKey@@YAPBDPBD0@Z 00428073 f   common.obj
 0001:000270f2       ?Info_SetValueForKey@@YAXPADPBD1@Z 004280f2 f   common.obj
 0001:00027255       ?Info_Print@@YAXPBD@Z      00428255 f   common.obj
 0001:000272db       ?Com_CheckCmdlineVar@@YA_NPBD@Z 004282db f   common.obj
 0001:00027331       ?Com_Init@@YAXPBD@Z        00428331 f   common.obj
 0001:000276ff       ?Com_Frame@@YAXM@Z         004286ff f   common.obj
 0001:00027a3d       ?Com_Shutdown@@YAXXZ       00428a3d f   common.obj
 0001:00027a56       ?Com_BlockSequenceCRCByte@@YAEPAEHH@Z 00428a56 f   crc.obj
 0001:00027b0c       ?Cvar_VariableValue@@YAMPBD@Z 00428b0c f   cvar.obj
 0001:00027b7a       ?Cvar_VariableInt@@YAHPBD@Z 00428b7a f   cvar.obj
 0001:00027b8d       ?Cvar_VariableString@@YAPADPBD@Z 00428b8d f   cvar.obj
 0001:00027ba5       ?Cvar_Get@@YAPAUcvar_t@@PBD0H@Z 00428ba5 f   cvar.obj
 0001:00027e5c       ?Cvar_GetVars@@YAXPBUcvarInfo_t@@H@Z 00428e5c f   cvar.obj
 0001:00027f06       ?Cvar_FullSet@@YAPAUcvar_t@@PBD0I@Z 00428f06 f   cvar.obj
 0001:00027f60       ?Cvar_SetValue@@YAPAUcvar_t@@PBDM@Z 00428f60 f   cvar.obj
 0001:00028186       ?Cvar_SetInteger@@YAPAUcvar_t@@PBDH@Z 00429186 f   cvar.obj
 0001:000281a8       ?Cvar_Set@@YAPAUcvar_t@@PBD0@Z 004291a8 f   cvar.obj
 0001:000281bd       ?Cvar_ForceSet@@YAPAUcvar_t@@PBD0@Z 004291bd f   cvar.obj
 0001:000281d2       ?Cvar_Clamp@@YAMPAUcvar_t@@MM@Z 004291d2 f   cvar.obj
 0001:00028230       ?Cvar_GetLatchedVars@@YAXXZ 00429230 f   cvar.obj
 0001:0002825f       ?Cvar_Command@@YA_NHPAPAD@Z 0042925f f   cvar.obj
 0001:000282f8       ?IsDefault@cvar_t@@QAE_NXZ 004292f8 f i cvar.obj
 0001:00028315       ?Cvar_WriteVariables@@YAXPAU_iobuf@@HHPBD@Z 00429315 f   cvar.obj
 0001:0002839d       ?Cvar_Userinfo@@YAPBDXZ    0042939d f   cvar.obj
 0001:000283f8       ?Cvar_Serverinfo@@YAPBDXZ  004293f8 f   cvar.obj
 0001:00028401       ?Cvar_Cheats@@YAX_N@Z      00429401 f   cvar.obj
 0001:00028452       ?Cvar_Init@@YAXXZ          00429452 f   cvar.obj
 0001:00028b11       ?MSG_WriteDeltaEntity@@YAXPAVsizebuf_t@@PBUentity_state_t@@PAU2@_N3@Z 00429b11 f   entdelta.obj
 0001:000290b4       ?MSG_WriteRemoveEntity@@YAXPAVsizebuf_t@@H@Z 0042a0b4 f   entdelta.obj
 0001:000290f4       ?MSG_ReadEntityBits@@YAHPAVsizebuf_t@@PAIPA_N@Z 0042a0f4 f   entdelta.obj
 0001:00029165       ?MSG_ReadDeltaEntity@@YAXPAVsizebuf_t@@PBUentity_state_t@@PAU2@I@Z 0042a165 f   entdelta.obj
 0001:000291e8       ?MSG_WriteDeltaUsercmd@@YAXPAVsizebuf_t@@PBUusercmd_t@@PAU2@@Z 0042a1e8 f   entdelta.obj
 0001:00029277       ?MSG_ReadDeltaUsercmd@@YAXPAVsizebuf_t@@PBUusercmd_t@@PAU2@@Z 0042a277 f   entdelta.obj
 0001:000292fa       ?MSG_WriteDeltaPlayerstate@@YAXPAVsizebuf_t@@PBUplayer_state_t@@PAU2@@Z 0042a2fa f   entdelta.obj
 0001:00029403       ?MSG_ReadDeltaPlayerstate@@YAXPAVsizebuf_t@@PBUplayer_state_t@@PAU2@@Z 0042a403 f   entdelta.obj
 0001:000294d7       ?FS_CreatePath@@YAXPBD@Z   0042a4d7 f   files.obj
 0001:0002953d       ?FS_CopyFile@@YAXPBD0@Z    0042a53d f   files.obj
 0001:00029640       ?FS_CopyFiles@@YAXPBD0@Z   0042a640 f   files.obj
 0001:00029719       ?FS_RemoveFiles@@YAXPBD@Z  0042a719 f   files.obj
 0001:0002978d       ?FS_FCloseFile@@YAXPAVQFILE@@@Z 0042a78d f   files.obj
 0001:00029828       ?FS_FOpenFile@@YAPAVQFILE@@PBDPAH@Z 0042a828 f   files.obj
 0001:00029d34       ?FS_FileExists@@YA_NPBD@Z  0042ad34 f   files.obj
 0001:00029f4d       ?FS_Read@@YAXPAXHPAVQFILE@@@Z 0042af4d f   files.obj
 0001:0002a1af       ?FS_LoadFile@@YAPAXPBDPAI@Z 0042b1af f   files.obj
 0001:0002a205       ?FS_FreeFile@@YAXPAX@Z     0042b205 f   files.obj
 0001:0002a210       ?FS_Gamedir@@YAPADXZ       0042b210 f   files.obj
 0001:0002a224       ?FS_LoadGameConfig@@YAXXZ  0042b224 f   files.obj
 0001:0002a2e9       ?FS_SetGamedir@@YA_NPBD@Z  0042b2e9 f   files.obj
 0001:0002a9d4       ?FS_ListFiles@@YA?AV?$TList@VCStringItem@@@@PBDH@Z 0042b9d4 f   files.obj
 0001:0002acdc       ?FS_NextPath@@YAPADPBD@Z   0042bcdc f   files.obj
 0001:0002ad00       ?FS_InitFilesystem@@YAXXZ  0042bd00 f   files.obj
 0001:0002b6ac       ?LoadPCX@@YAXPBDPAPAE1PAH2@Z 0042c6ac f   images.obj
 0001:0002b7f6       ?LoadTGA@@YAXPBDPAPAEPAH2@Z 0042c7f6 f   images.obj
 0001:0002b9f1       ?LoadJPG@@YAXPBDPAPAEPAH2@Z 0042c9f1 f   images.obj
 0001:0002bc7d       ?ImageExists@@YAHPBDH@Z    0042cc7d f   images.obj
 0001:0002bd7b       ?WriteTGA@@YA_NPBDPAEHH@Z  0042cd7b f   images.obj
 0001:0002bf65       ?WriteJPG@@YA_NPBDPAEHH_N@Z 0042cf65 f   images.obj
 0001:0002c08c       ?MD4Init@@YAXPAUMD4_CTX@@@Z 0042d08c f   md4.obj
 0001:0002c0b4       ?MD4Update@@YAXPAUMD4_CTX@@PAEI@Z 0042d0b4 f   md4.obj
 0001:0002c152       ?MD4Final@@YAXQAEPAUMD4_CTX@@@Z 0042d152 f   md4.obj
 0001:0002c843       ?Com_BlockChecksum@@YAIPAXH@Z 0042d843 f   md4.obj
 0001:0002c87f       ?LoadQ2BspFile@@YAXXZ      0042d87f f   model.obj
 0001:0002cc57       ?LoadBspFile@@YAPAUbspfile_t@@PBD_NPAI@Z 0042dc57 f   model.obj
 0001:0002ce05       ?ProcessEntstring@@YAPADPAD@Z 0042de05 f   model.obj
 0001:0002dcb5       ?Init@sizebuf_t@@QAEXPAXH@Z 0042ecb5 f   msg.obj
 0001:0002dcd0       ?Write@sizebuf_t@@QAEXPBXH@Z 0042ecd0 f   msg.obj
 0001:0002dd40       ?MSG_WriteByte@@YAXPAVsizebuf_t@@H@Z 0042ed40 f   msg.obj
 0001:0002dd40       ?MSG_WriteChar@@YAXPAVsizebuf_t@@H@Z 0042ed40 f   msg.obj
 0001:0002dd51       ?MSG_WriteShort@@YAXPAVsizebuf_t@@H@Z 0042ed51 f   msg.obj
 0001:0002dd62       ?MSG_WriteLong@@YAXPAVsizebuf_t@@H@Z 0042ed62 f   msg.obj
 0001:0002dd62       ?MSG_WriteFloat@@YAXPAVsizebuf_t@@M@Z 0042ed62 f   msg.obj
 0001:0002dd73       ?MSG_WriteString@@YAXPAVsizebuf_t@@PBD@Z 0042ed73 f   msg.obj
 0001:0002dd9d       ?MSG_WritePos@@YAXPAVsizebuf_t@@QAM@Z 0042ed9d f   msg.obj
 0001:0002de01       ?MSG_WriteAngle@@YAXPAVsizebuf_t@@M@Z 0042ee01 f   msg.obj
 0001:0002de2c       ?MSG_WriteAngle16@@YAXPAVsizebuf_t@@M@Z 0042ee2c f   msg.obj
 0001:0002de57       ?MSG_WriteDir@@YAXPAVsizebuf_t@@QAM@Z 0042ee57 f   msg.obj
 0001:0002debe       ?MSG_ReadDir@@YAXPAVsizebuf_t@@QAM@Z 0042eebe f   msg.obj
 0001:0002deef       ?MSG_ReadChar@@YAHPAVsizebuf_t@@@Z 0042eeef f   msg.obj
 0001:0002df0f       ?MSG_ReadByte@@YAHPAVsizebuf_t@@@Z 0042ef0f f   msg.obj
 0001:0002df2f       ?MSG_ReadShort@@YAHPAVsizebuf_t@@@Z 0042ef2f f   msg.obj
 0001:0002df4f       ?MSG_ReadLong@@YAHPAVsizebuf_t@@@Z 0042ef4f f   msg.obj
 0001:0002df6e       ?MSG_ReadString@@YAPADPAVsizebuf_t@@@Z 0042ef6e f   msg.obj
 0001:0002dfa1       ?MSG_ReadPos@@YAXPAVsizebuf_t@@QAM@Z 0042efa1 f   msg.obj
 0001:0002dff3       ?MSG_ReadAngle@@YAMPAVsizebuf_t@@@Z 0042eff3 f   msg.obj
 0001:0002e00d       ?MSG_ReadAngle16@@YAMPAVsizebuf_t@@@Z 0042f00d f   msg.obj
 0001:0002e027       ?MSG_ReadData@@YAXPAVsizebuf_t@@PAXH@Z 0042f027 f   msg.obj
 0001:0002e04a       ?Netchan_Init@@YAXXZ       0042f04a f   net_chan.obj
 0001:0002e0aa       ?Netchan_OutOfBand@@YAXW4netsrc_t@@Unetadr_t@@HPAX@Z 0042f0aa f   net_chan.obj
 0001:0002e10a       ?Netchan_OutOfBandPrint@@YAXW4netsrc_t@@Unetadr_t@@PBDZZ 0042f10a f   net_chan.obj
 0001:0002e14f       ?Netchan_Setup@@YAXW4netsrc_t@@PAUnetchan_t@@Unetadr_t@@H@Z 0042f14f f   net_chan.obj
 0001:0002e1a7       ?Netchan_NeedReliable@@YA_NPAUnetchan_t@@@Z 0042f1a7 f   net_chan.obj
 0001:0002e1d1       ?Netchan_Transmit@@YAXPAUnetchan_t@@HPAX@Z 0042f1d1 f   net_chan.obj
 0001:0002e36d       ?Netchan_Process@@YA_NPAUnetchan_t@@PAVsizebuf_t@@@Z 0042f36d f   net_chan.obj
 0001:0002e496       ?Pmove@@YAXPAUpmove_t@@@Z  0042f496 f   pmove.obj
 0001:00030230       ?NormalizeColor@@YAMQBMQAM@Z 00431230 f   q_shared2.obj
 0001:00030291       ?NormalizeColor255@@YAMQBMQAM@Z 00431291 f   q_shared2.obj
 0001:000302f6       ?Q_rsqrt@@YAMM@Z           004312f6 f   q_shared2.obj
 0001:00030326       ?AngleVectors@@YAXQBMQAM11@Z 00431326 f   q_shared2.obj
 0001:00030487       ?MakeNormalVectors@@YAXQAM00@Z 00431487 f   q_shared2.obj
 0001:000304ee       ?SetPlaneSignbits@@YAXPAUcplane_t@@@Z 004314ee f   q_shared2.obj
 0001:00030511       ?LerpAngle@@YAMMMM@Z       00431511 f   q_shared2.obj
 0001:00030554       ?anglemod@@YAMM@Z          00431554 f   q_shared2.obj
 0001:00030580       ?BoxOnPlaneSide@@YAHQBM0PBUcplane_t@@@Z 00431580 f   q_shared2.obj
 0001:000306a3       ?ClearBounds@@YAXQAM0@Z    004316a3 f   q_shared2.obj
 0001:000306cc       ?AddPointToBounds@@YAXQBMQAM1@Z 004316cc f   q_shared2.obj
 0001:00030705       ?VectorCompare@@YA_NQBM0@Z 00431705 f   q_shared2.obj
 0001:00030732       ?VectorNormalize@@YAMQAM@Z 00431732 f   q_shared2.obj
 0001:0003078b       ?VectorNormalize2@@YAMQBMQAM@Z 0043178b f   q_shared2.obj
 0001:000307e6       ?VectorNormalizeFast@@YAMQAM@Z 004317e6 f   q_shared2.obj
 0001:00030839       ?CrossProduct@@YAXQBM0QAM@Z 00431839 f   q_shared2.obj
 0001:00030874       ?VectorLength@@YAMQBM@Z    00431874 f   q_shared2.obj
 0001:000308a3       ?VectorDistance@@YAMQBM0@Z 004318a3 f   q_shared2.obj
 0001:000308d4       ?VectorScale@@YAXQBMMQAM@Z 004318d4 f   q_shared2.obj
 0001:000308f8       ?AnglesToAxis@@YAXQBMQAY02M@Z 004318f8 f   q_shared2.obj
 0001:00030936       ?ShortSwap@@YAFF@Z         00431936 f   q_shared2.obj
 0001:0003094b       ?COM_Parse@@YAPADAAPBD_N@Z 0043194b f   q_shared2.obj
 0001:00030a6f       ?COM_QuoteString@@YAPBDPBD_N@Z 00431a6f f   q_shared2.obj
 0001:00030aca       ?Com_PageInMemory@@YAXPAXH@Z 00431aca f   q_shared2.obj
 0001:00030ae9       ?Zip_OpenArchive@@YAPAU_iobuf@@PBD@Z 00431ae9 f   zip.obj
 0001:00030b54       ?Zip_CloseArchive@@YAXPAU_iobuf@@@Z 00431b54 f   zip.obj
 0001:00030b60       ?Zip_EnumArchive@@YA_NPAU_iobuf@@P6A_NPAUzipFile_t@@@Z@Z 00431b60 f   zip.obj
 0001:00030d3d       ?Zip_OpenFile@@YAPAUZFILE@@PAU_iobuf@@PAUzipFile_t@@@Z 00431d3d f   zip.obj
 0001:00030e21       ?Zip_ReadFile@@YAHPAUZFILE@@PAXH@Z 00431e21 f   zip.obj
 0001:00030f17       ?Zip_CloseFile@@YA_NPAUZFILE@@@Z 00431f17 f   zip.obj
 0001:00030f5b       ?Zip_OpenBuf@@YAPAUZBUF@@PAXH@Z 00431f5b f   zip.obj
 0001:00030f99       ?Zip_ReadBuf@@YAHPAUZBUF@@PAXH@Z 00431f99 f   zip.obj
 0001:00030fe1       ?Zip_CloseBuf@@YAXPAUZBUF@@@Z 00431fe1 f   zip.obj
 0001:00030ff6       _zcalloc                   00431ff6 f   zip.obj
 0001:0003100a       _zcfree                    0043200a f   zip.obj
 0001:00031015       ?CDAudio_Play2@@YAXH_N@Z   00432015 f   cd_win.obj
 0001:000311f4       ?CDAudio_Play@@YAXH_N@Z    004321f4 f   cd_win.obj
 0001:0003120b       ?CDAudio_Stop@@YAXXZ       0043220b f   cd_win.obj
 0001:00031250       ?CDAudio_Pause@@YAXXZ      00432250 f   cd_win.obj
 0001:000312a9       ?CDAudio_Resume@@YAXXZ     004322a9 f   cd_win.obj
 0001:00031318       ?CDAudio_MessageHandler@@YAJPAUHWND__@@IIJ@Z 00432318 f   cd_win.obj
 0001:000313af       ?CDAudio_Update@@YAXXZ     004323af f   cd_win.obj
 0001:000313e3       ?CDAudio_Init@@YAHXZ       004323e3 f   cd_win.obj
 0001:00031795       ?CDAudio_Shutdown@@YAXXZ   00432795 f   cd_win.obj
 0001:000317c8       ?CDAudio_Activate@@YAX_N@Z 004327c8 f   cd_win.obj
 0001:000317d9       ?IN_MouseEvent@@YAXI@Z     004327d9 f   in_win.obj
 0001:00031819       ?IN_Commands@@YAXXZ        00432819 f   in_win.obj
 0001:00031941       ?IN_Init@@YAXXZ            00432941 f   in_win.obj
 0001:00031c38       ?IN_Shutdown@@YAXXZ        00432c38 f   in_win.obj
 0001:00031d40       ?IN_Move@@YAXPAUusercmd_t@@@Z 00432d40 f   in_win.obj
 0001:0003222f       ?IN_Activate@@YAX_N@Z      0043322f f   in_win.obj
 0001:00032239       ?IN_Frame@@YAXXZ           00433239 f   in_win.obj
 0001:000326a9       ?NetadrToSockadr@@YAXPAUnetadr_t@@PAUsockaddr@@@Z 004336a9 f   net_wins.obj
 0001:0003272e       ?SockadrToNetadr@@YAXPAUsockaddr@@PAUnetadr_t@@@Z 0043372e f   net_wins.obj
 0001:0003277e       ?NET_CompareAdr@@YA_NPAUnetadr_t@@0@Z 0043377e f   net_wins.obj
 0001:000327d4       ?NET_CompareBaseAdr@@YA_NPAUnetadr_t@@0@Z 004337d4 f   net_wins.obj
 0001:0003281f       ?NET_AdrToString@@YAPADPAUnetadr_t@@@Z 0043381f f   net_wins.obj
 0001:000328d8       ?NET_StringToAdr@@YA_NPBDPAUnetadr_t@@@Z 004338d8 f   net_wins.obj
 0001:00032b62       ?NET_IsLocalAddress@@YA_NPAUnetadr_t@@@Z 00433b62 f   net_wins.obj
 0001:00032b6e       ?NET_GetLoopPacket@@YA_NW4netsrc_t@@PAUnetadr_t@@PAVsizebuf_t@@@Z 00433b6e f   net_wins.obj
 0001:00032bf9       ?NET_SendLoopPacket@@YAXW4netsrc_t@@HPAXUnetadr_t@@@Z 00433bf9 f   net_wins.obj
 0001:00032c4e       ?NET_GetPacket@@YA_NW4netsrc_t@@PAUnetadr_t@@PAVsizebuf_t@@@Z 00433c4e f   net_wins.obj
 0001:00032d6b       ?NET_SendPacket@@YAXW4netsrc_t@@HPAXUnetadr_t@@@Z 00433d6b f   net_wins.obj
 0001:00032e3c       ?NET_Config@@YAX_N@Z       00433e3c f   net_wins.obj
 0001:000331b1       ?NET_Init@@YAXXZ           004341b1 f   net_wins.obj
 0001:0003326b       ?Sys_Mkdir@@YAXPAD@Z       0043426b f   fs_win.obj
 0001:00033277       ?Sys_FindFirst@@YAPBDPBDH@Z 00434277 f   fs_win.obj
 0001:00033331       ?Sys_FindNext@@YAPBDXZ     00434331 f   fs_win.obj
 0001:0003339b       ?Sys_FindClose@@YAXXZ      0043439b f   fs_win.obj
 0001:000333b5       ?Sys_FileExists@@YA_NPBDH@Z 004343b5 f   fs_win.obj
 0001:000333d3       ?SNDDMA_Init@@YA_NXZ       004343d3 f   snd_win.obj
 0001:00033a12       ?SNDDMA_GetDMAPos@@YAHXZ   00434a12 f   snd_win.obj
 0001:00033a5c       ?SNDDMA_BeginPainting@@YAXXZ 00434a5c f   snd_win.obj
 0001:00033b74       ?SNDDMA_Submit@@YAXXZ      00434b74 f   snd_win.obj
 0001:00033b99       ?SNDDMA_Shutdown@@YAXXZ    00434b99 f   snd_win.obj
 0001:00033b9e       ?S_Activate@@YAX_N@Z       00434b9e f   snd_win.obj
 0001:00033bc9       ?Sys_Quit@@YAXXZ           00434bc9 f   sys_win.obj
 0001:00033c81       ?Sys_Init@@YAXXZ           00434c81 f   sys_win.obj
 0001:00033cf9       ?Sys_ConsoleInput@@YAPADXZ 00434cf9 f   sys_win.obj
 0001:00033fb4       ?Sys_ConsoleOutput@@YAXPBD@Z 00434fb4 f   sys_win.obj
 0001:00034041       ?Sys_SendKeyEvents@@YAXXZ  00435041 f   sys_win.obj
 0001:000340f9       ?Sys_UnloadGame@@YAXXZ     004350f9 f   sys_win.obj
 0001:00034174       ?Sys_GetGameAPI@@YAPAXPAX@Z 00435174 f   sys_win.obj
 0001:000342cb       _WinMain@16                004352cb f   sys_win.obj
 0001:00034551       ?Vid_CreateWindow@@YAPAXHH_N@Z 00435551 f   vid_dll.obj
 0001:00034cce       ?Vid_DestroyWindow@@YAX_N@Z 00435cce f   vid_dll.obj
 0001:00034d09       ?Vid_Restart@@YAXXZ        00435d09 f   vid_dll.obj
 0001:00034d11       ?Vid_GetModeInfo@@YA_NPAH0H@Z 00435d11 f   vid_dll.obj
 0001:00034d41       ?Vid_Tick@@YAXXZ           00435d41 f   vid_dll.obj
 0001:00034ef1       ?Vid_Init@@YAXXZ           00435ef1 f   vid_dll.obj
 0001:00034fc2       ?Vid_Shutdown@@YAXXZ       00435fc2 f   vid_dll.obj
 0001:00034fe1       ?BackEnd@OpenGLDrv@@YAXXZ  00435fe1 f   gl_backend.obj
 0001:000385f7       ?InitBackend@OpenGLDrv@@YAXXZ 004395f7 f   gl_backend.obj
 0001:0003862b       ?ShutdownBackend@OpenGLDrv@@YAXXZ 0043962b f   gl_backend.obj
 0001:00038643       ?AllocDynamicMemory@OpenGLDrv@@YAPAXH@Z 00439643 f   gl_buffers.obj
 0001:000386ae       ?ResizeDynamicMemory@OpenGLDrv@@YAXPAXH@Z 004396ae f   gl_buffers.obj
 0001:000386f0       ?AddSurfaceToPortal@OpenGLDrv@@YAXPAUsurfaceCommon_t@1@PAVshader_t@1@HH@Z 004396f0 f   gl_buffers.obj
 0001:00038759       ?AddDynamicSurface@OpenGLDrv@@YAPAUsurfaceCommon_t@1@PAVshader_t@1@H@Z 00439759 f   gl_buffers.obj
 0001:00038781       ?InsertShaderIndex@OpenGLDrv@@YAXH@Z 00439781 f   gl_buffers.obj
 0001:000387ba       ?ClearPortal@OpenGLDrv@@YAXXZ 004397ba f   gl_buffers.obj
 0001:000387d8       ?FinishPortal@OpenGLDrv@@YAXXZ 004397d8 f   gl_buffers.obj
 0001:00038829       ?SortSurfaces@OpenGLDrv@@YAXPAUviewPortal_t@1@PAPAUsurfaceInfo_t@1@@Z 00439829 f   gl_buffers.obj
 0001:000389bb       ?ClearBuffers@OpenGLDrv@@YAXXZ 004399bb f   gl_buffers.obj
 0001:000389d2       ?CreateBuffers@OpenGLDrv@@YAXXZ 004399d2 f   gl_buffers.obj
 0001:000389f8       ?FreeBuffers@OpenGLDrv@@YAXXZ 004399f8 f   gl_buffers.obj
 0001:00038a1c       ?AddEntity@OpenGLDrv@@YAXPAUentity_t@@@Z 00439a1c f   gl_frontend.obj
 0001:00038e8a       ?AddDlight@OpenGLDrv@@YAXPAUdlight_t@@@Z 00439e8a f   gl_frontend.obj
 0001:00039042       ?DrawPortal@OpenGLDrv@@YAXXZ 0043a042 f   gl_frontend.obj
 0001:0003bb20       ?GL_TextureMode@OpenGLDrv@@YAXPBD@Z 0043cb20 f   gl_image.obj
 0001:0003bbc8       ?CreateImage@OpenGLDrv@@YAPAVimage_t@1@PBDPAXHHI@Z 0043cbc8 f   gl_image.obj
 0001:0003c939       ?LoadDelayedImages@OpenGLDrv@@YAXXZ 0043d939 f   gl_image.obj
 0001:0003c9cc       ?DrawStretchRaw8@OpenGLDrv@@YAXHHHHHHPAEPAI@Z 0043d9cc f   gl_image.obj
 0001:0003cd8d       ?SetupGamma@OpenGLDrv@@YAXXZ 0043dd8d f   gl_image.obj
 0001:0003ced2       ?PerformScreenshot@OpenGLDrv@@YAXXZ 0043ded2 f   gl_image.obj
 0001:0003d15f       ?InitImages@OpenGLDrv@@YAXXZ 0043e15f f   gl_image.obj
 0001:0003d933       ?ShutdownImages@OpenGLDrv@@YAXXZ 0043e933 f   gl_image.obj
 0001:0003d99a       ?ShowImages@OpenGLDrv@@YAXXZ 0043e99a f   gl_image.obj
 0001:0003dc22       ?FindImage@OpenGLDrv@@YAPAVimage_t@1@PBDI@Z 0043ec22 f   gl_image.obj
 0001:0003dec4       ?GL_Lock@OpenGLDrv@@YAXXZ  0043eec4 f   gl_interface.obj
 0001:0003df3c       ?GL_Unlock@OpenGLDrv@@YAXXZ 0043ef3c f   gl_interface.obj
 0001:0003e0fe       ?GL_Bind@OpenGLDrv@@YAXPAVimage_t@1@@Z 0043f0fe f   gl_interface.obj
 0001:0003e228       ?GL_BindForce@OpenGLDrv@@YAXPAVimage_t@1@@Z 0043f228 f   gl_interface.obj
 0001:0003e2a6       ?GL_TexEnv@OpenGLDrv@@YAXI@Z 0043f2a6 f   gl_interface.obj
 0001:0003e425       ?GL_TexMipBias@OpenGLDrv@@YAXM@Z 0043f425 f   gl_interface.obj
 0001:0003e480       ?GL_TexEnvColor@OpenGLDrv@@YAXPATcolor_t@@@Z 0043f480 f   gl_interface.obj
 0001:0003e530       ?GL_SelectTexture@OpenGLDrv@@YAXH@Z 0043f530 f   gl_interface.obj
 0001:0003e591       ?GL_TexCoordPointer@OpenGLDrv@@YAXPAX@Z 0043f591 f   gl_interface.obj
 0001:0003e5c1       ?GL_SetMultitexture@OpenGLDrv@@YAXH@Z 0043f5c1 f   gl_interface.obj
 0001:0003e6a7       ?GL_DisableTexCoordArrays@OpenGLDrv@@YAXXZ 0043f6a7 f   gl_interface.obj
 0001:0003e6fb       ?GL_CullFace@OpenGLDrv@@YAXW4gl_cullMode_t@1@@Z 0043f6fb f   gl_interface.obj
 0001:0003e74c       ?GL_DepthRange@OpenGLDrv@@YAXW4gl_depthMode_t@1@@Z 0043f74c f   gl_interface.obj
 0001:0003e77f       ?GL_State@OpenGLDrv@@YAXI@Z 0043f77f f   gl_interface.obj
 0001:0003e8d8       ?GL_EnableFog@OpenGLDrv@@YAX_N@Z 0043f8d8 f   gl_interface.obj
 0001:0003e9d0       ?GL_SetDefaultState@OpenGLDrv@@YAXXZ 0043f9d0 f   gl_interface.obj
 0001:0003eb1e       ?GL_Set2DMode@OpenGLDrv@@YAXXZ 0043fb1e f   gl_interface.obj
 0001:0003ec19       ?GL_Setup@OpenGLDrv@@YAXPAUviewPortal_t@1@@Z 0043fc19 f   gl_interface.obj
 0001:0003ed01       ?ShowLights@OpenGLDrv@@YAXXZ 0043fd01 f   gl_light.obj
 0001:0003f126       ?LightForEntity@OpenGLDrv@@YAXPAUrefEntity_t@1@@Z 00440126 f   gl_light.obj
 0001:00040387       ?DiffuseLight@OpenGLDrv@@YAXPATcolor_t@@M@Z 00441387 f   gl_light.obj
 0001:000404ff       ?InitLightGrid@OpenGLDrv@@YAXXZ 004414ff f   gl_light.obj
 0001:000405a5       ?PostLoadLights@OpenGLDrv@@YAXXZ 004415a5 f   gl_light.obj
 0001:00040843       ?LM_Init@OpenGLDrv@@YAXXZ  00441843 f   gl_lightmap.obj
 0001:00040859       ?LM_Flush@OpenGLDrv@@YAXPAUlightmapBlock_t@1@@Z 00441859 f   gl_lightmap.obj
 0001:000408b6       ?LM_Done@OpenGLDrv@@YAXXZ  004418b6 f   gl_lightmap.obj
 0001:000408dd       ?LM_Save@OpenGLDrv@@YAXPAUlightmapBlock_t@1@@Z 004418dd f   gl_lightmap.obj
 0001:000408f5       ?LM_Restore@OpenGLDrv@@YAXPAUlightmapBlock_t@1@@Z 004418f5 f   gl_lightmap.obj
 0001:0004090d       ?LM_NewBlock@OpenGLDrv@@YAPAUlightmapBlock_t@1@XZ 0044190d f   gl_lightmap.obj
 0001:0004097d       ?LM_Rewind@OpenGLDrv@@YAXXZ 0044197d f   gl_lightmap.obj
 0001:00040985       ?LM_NextBlock@OpenGLDrv@@YAPAUlightmapBlock_t@1@XZ 00441985 f   gl_lightmap.obj
 0001:000409b2       ?LM_CheckMinlight@OpenGLDrv@@YAXPAUdynamicLightmap_t@1@@Z 004419b2 f   gl_lightmap.obj
 0001:00040a48       ?LM_AllocBlock@OpenGLDrv@@YA_NPAUlightmapBlock_t@1@PAUdynamicLightmap_t@1@@Z 00441a48 f   gl_lightmap.obj
 0001:00040aff       ?LM_PutBlock@OpenGLDrv@@YAXPAUdynamicLightmap_t@1@@Z 00441aff f   gl_lightmap.obj
 0001:00040f2c       ?LM_SortLightStyles@OpenGLDrv@@YAXPAUdynamicLightmap_t@1@@Z 00441f2c f   gl_lightmap.obj
 0001:00040fbd       ?UpdateDynamicLightmap@OpenGLDrv@@YAXPAVshader_t@1@PAUsurfacePlanar_t@1@_NI@Z 00441fbd f   gl_lightmap.obj
 0001:000414b9       ?LM_IsMonotone@OpenGLDrv@@YA_NPAUdynamicLightmap_t@1@PATcolor_t@@@Z 004424b9 f   gl_lightmap.obj
 0001:000415c0       ?Init@OpenGLDrv@@YA_NXZ    004425c0 f   gl_main.obj
 0001:00041c25       ?Shutdown@OpenGLDrv@@YAX_N@Z 00442c25 f   gl_main.obj
 0001:00041cae       ?GL_EnableRendering@OpenGLDrv@@YAX_N@Z 00442cae f   gl_main.obj
 0001:00041cc9       ?DrawStretchPic@OpenGLDrv@@YAXPAVshader_t@1@HHHHMMMMIE@Z 00442cc9 f   gl_main.obj
 0001:00041d95       ?BeginFrame@OpenGLDrv@@YAXXZ 00442d95 f   gl_main.obj
 0001:00041f03       ?EndFrame@OpenGLDrv@@YAXXZ 00442f03 f   gl_main.obj
 0001:00042040       ?RenderFrame@OpenGLDrv@@YAXPAUrefdef_t@@@Z 00443040 f   gl_main.obj
 0001:000427f7       ?DrawChar@OpenGLDrv@@YAXHHHH@Z 004437f7 f   gl_main.obj
 0001:000428d2       ?DrawConChar@OpenGLDrv@@YAXHHHH@Z 004438d2 f   gl_main.obj
 0001:000428f9       ?Fill8@OpenGLDrv@@YAXHHHHH@Z 004438f9 f   gl_main.obj
 0001:0004293c       ?Fill@OpenGLDrv@@YAXHHHHI@Z 0044393c f   gl_main.obj
 0001:00042978       ?TileClear@OpenGLDrv@@YAXHHHHPBD@Z 00443978 f   gl_main.obj
 0001:00042a2f       ?DrawStretchPic@OpenGLDrv@@YAXHHHHPBD@Z 00443a2f f   gl_main.obj
 0001:00042aac       ?DrawDetailedPic@OpenGLDrv@@YAXHHHHPBD@Z 00443aac f   gl_main.obj
 0001:00042b53       ?DrawPic@OpenGLDrv@@YAXHHPBDHH@Z 00443b53 f   gl_main.obj
 0001:00042ce9       ?DrawTextLeft@OpenGLDrv@@YAXPBDI@Z 00443ce9 f   gl_main.obj
 0001:00042e57       ?DrawTextRight@OpenGLDrv@@YAXPBDI@Z 00443e57 f   gl_main.obj
 0001:00042ea1       ?DrawText3D@OpenGLDrv@@YAXQAMPBDI@Z 00443ea1 f   gl_main.obj
 0001:00042ece       ?BeginRegistration@OpenGLDrv@@YAXPBD@Z 00443ece f   gl_main.obj
 0001:00042efa       ?RegisterPic@OpenGLDrv@@YAPAVCBasicImage@@PBD@Z 00443efa f   gl_main.obj
 0001:00042f08       ?RegisterSkin@OpenGLDrv@@YAPAVCBasicImage@@PBD@Z 00443f08 f   gl_main.obj
 0001:00042f13       ?RegisterModel@OpenGLDrv@@YAPAVCRenderModel@@PBD@Z 00443f13 f   gl_main.obj
 0001:00042f1e       ?SetSky@OpenGLDrv@@YAXPBDMQAM@Z 00443f1e f   gl_main.obj
 0001:00042fcf       ?Screenshot@OpenGLDrv@@YAXHPBD@Z 00443fcf f   gl_main.obj
 0001:00042ff2       ?GetClientLight@OpenGLDrv@@YAMXZ 00443ff2 f   gl_main.obj
 0001:00042ff9       ?GetCaps@OpenGLDrv@@YAIXZ  00443ff9 f   gl_main.obj
 0001:00042fff       ?InitFuncTables@OpenGLDrv@@YAXXZ 00443fff f   gl_math.obj
 0001:000431b0       ?ModelToWorldCoord@OpenGLDrv@@YAXQAMPAUrefEntity_t@1@0@Z 004441b0 f   gl_math.obj
 0001:00043221       ?WorldToModelCoord@OpenGLDrv@@YAXQAMPAUrefEntity_t@1@0@Z 00444221 f   gl_math.obj
 0001:00043268       ?BuildRotationMatrix@OpenGLDrv@@YAXQAY02MQAMM@Z 00444268 f   gl_math.obj
 0001:00043362       ?GetBoxRect@OpenGLDrv@@YA_NPAUrefEntity_t@1@QAM11_N@Z 00444362 f   gl_math.obj
 0001:000436d3       ?ProjectToScreen@OpenGLDrv@@YA_NQAMPAH@Z 004446d3 f   gl_math.obj
 0001:00043816       ?SaturateColor3f@OpenGLDrv@@YAXQAM@Z 00444816 f   gl_math.obj
 0001:00043906       ?SaturateColor4b@OpenGLDrv@@YAXPATcolor_t@@@Z 00444906 f   gl_math.obj
 0001:00043a14       ?FindModel@OpenGLDrv@@YAPAVmodel_t@1@PBD@Z 00444a14 f   gl_model.obj
 0001:00043b18       ?LoadWorldMap@OpenGLDrv@@YAXPBD@Z 00444b18 f   gl_model.obj
 0001:00045616       ?PointInLeaf@OpenGLDrv@@YAPAUnode_t@1@QAM@Z 00446616 f   gl_model.obj
 0001:00046154       ?ATAN2_FUNC@OpenGLDrv@@YAMMM@Z 00447154 f i gl_model.obj
 0001:000462ff       ?FindSkin@OpenGLDrv@@YAPAVshader_t@1@PBD@Z 004472ff f   gl_model.obj
 0001:00046461       ?ResetModels@OpenGLDrv@@YAXXZ 00447461 f   gl_model.obj
 0001:0004652a       ?InitModels@OpenGLDrv@@YAXXZ 0044752a f   gl_model.obj
 0001:00046612       ?ShutdownModels@OpenGLDrv@@YAXXZ 00447612 f   gl_model.obj
 0001:00046628       ?SubdividePlane@OpenGLDrv@@YAHPAPAY02MHM@Z 00447628 f   gl_poly.obj
 0001:00046a7b       ?FreeSubdividedPlane@OpenGLDrv@@YAXXZ 00447a7b f   gl_poly.obj
 0001:00046a93       ?GetSubdivideIndexes@OpenGLDrv@@YAXPAH@Z 00447a93 f   gl_poly.obj
 0001:00046ae6       ?RemoveCollinearPoints@OpenGLDrv@@YAHPAPAY02MH@Z 00447ae6 f   gl_poly.obj
 0001:00046be1       ?GetPolyArea@OpenGLDrv@@YAMPAPAY02MH@Z 00447be1 f   gl_poly.obj
 0001:00046c75       ?InitShaders@OpenGLDrv@@YAXXZ 00447c75 f   gl_shader.obj
 0001:00046dcc       ?ShutdownShaders@OpenGLDrv@@YAXXZ 00447dcc f   gl_shader.obj
 0001:00046e06       ?GetLightmapImage@OpenGLDrv@@YAPAVimage_t@1@H@Z 00447e06 f   gl_shader.obj
 0001:00046e2e       ?SetShaderLightmap@OpenGLDrv@@YAPAVshader_t@1@PAV21@H@Z 00447e2e f   gl_shader.obj
 0001:00047225       ?SetShaderLightstyles@OpenGLDrv@@YAPAVshader_t@1@PAV21@I@Z 00448225 f   gl_shader.obj
 0001:000472c4       ?GetAlphaShader@OpenGLDrv@@YAPAVshader_t@1@PAV21@@Z 004482c4 f   gl_shader.obj
 0001:0004758d       ?FindShader@OpenGLDrv@@YAPAVshader_t@1@PBDI@Z 0044858d f   gl_shader.obj
 0001:00047ba6       ?GetShaderByNum@OpenGLDrv@@YAPAVshader_t@1@H@Z 00448ba6 f   gl_shader.obj
 0001:00047bc4       ?ResetShaders@OpenGLDrv@@YAXXZ 00448bc4 f   gl_shader.obj
 0001:00048096       ?Reload@shader_t@OpenGLDrv@@UAEXXZ 00449096 f   gl_shader.obj
 0001:000480c1       ?ClearSkyBox@OpenGLDrv@@YAXXZ 004490c1 f   gl_sky.obj
 0001:000480d8       ?SetSkyRotate@OpenGLDrv@@YAXMQAM@Z 004490d8 f   gl_sky.obj
 0001:00048110       ?SkyVisible@OpenGLDrv@@YA_NXZ 00449110 f   gl_sky.obj
 0001:00048129       ?AddSkySurface@OpenGLDrv@@YAXPAUsurfacePlanar_t@1@QAME@Z 00449129 f   gl_sky.obj
 0001:00048738       ?TesselateSkySide@OpenGLDrv@@YAHHPAUbufVertex_t@1@PAUbufTexCoord_t@1@M@Z 00449738 f   gl_sky.obj
 0001:00049ff2       ?QGL_Init@OpenGLDrv@@YA_NPBD@Z 0044aff2 f   qgl_win.obj
 0001:0004a0d4       ?QGL_Shutdown@OpenGLDrv@@YAXXZ 0044b0d4 f   qgl_win.obj
 0001:0004a112       ?QGL_InitExtensions@OpenGLDrv@@YAXXZ 0044b112 f   qgl_win.obj
 0001:0004a5fe       ?QGL_PrintExtensionsString@OpenGLDrv@@YAXPBD00@Z 0044b5fe f   qgl_win.obj
 0001:0004a74b       ?QGL_EnableLogging@OpenGLDrv@@YAX_N@Z 0044b74b f   qgl_win.obj
 0001:0004a805       ?QGL_LogMessage@OpenGLDrv@@YAXPBD@Z 0044b805 f   qgl_win.obj
 0001:0004a81c       ?QGL_SwapBuffers@OpenGLDrv@@YAXXZ 0044b81c f   qgl_win.obj
 0001:0004a873       ?GLimp_HasGamma@OpenGLDrv@@YA_NXZ 0044b873 f   gl_win.obj
 0001:0004a887       ?GLimp_SetGamma@OpenGLDrv@@YAXM@Z 0044b887 f   gl_win.obj
 0001:0004aa2f       ?GLimp_SetMode@OpenGLDrv@@YA_NPAI0H_N@Z 0044ba2f f   gl_win.obj
 0001:0004ae25       ?GLimp_Shutdown@OpenGLDrv@@YAX_N@Z 0044be25 f   gl_win.obj
 0001:0004aed2       ?AppActivate@OpenGLDrv@@YAX_N@Z 0044bed2 f   gl_win.obj
 0001:0004af42       _jpeg_CreateDecompress     0044bf42 f   lib:jdapimin.obj
 0001:0004b002       _jpeg_read_header          0044c002 f   lib:jdapimin.obj
 0001:0004b064       _jpeg_consume_input        0044c064 f   lib:jdapimin.obj
 0001:0004b2b3       _jpeg_finish_decompress    0044c2b3 f   lib:jdapimin.obj
 0001:0004b34a       _jpeg_start_decompress     0044c34a f   lib:jdapistd.obj
 0001:0004b4b7       _jpeg_read_scanlines       0044c4b7 f   lib:jdapistd.obj
 0001:0004b53b       _jpeg_resync_to_restart    0044c53b f   lib:jdmarker.obj
 0001:0004b700       _jinit_marker_reader       0044c700 f   lib:jdmarker.obj
 0001:0004cbcb       _jpeg_CreateCompress       0044dbcb f   lib:jcapimin.obj
 0001:0004cc7f       _jpeg_destroy_decompress   0044dc7f f   lib:jcapimin.obj
 0001:0004cc7f       _jpeg_destroy_compress     0044dc7f f   lib:jcapimin.obj
 0001:0004cc8a       _jpeg_suppress_tables      0044dc8a f   lib:jcapimin.obj
 0001:0004ccd4       _jpeg_finish_compress      0044dcd4 f   lib:jcapimin.obj
 0001:0004cdbe       _jpeg_start_compress       0044ddbe f   lib:jcapistd.obj
 0001:0004ce2a       _jpeg_write_scanlines      0044de2a f   lib:jcapistd.obj
 0001:0004ced5       _jpeg_add_quant_table      0044ded5 f   lib:jcparam.obj
 0001:0004cf87       _jpeg_quality_scaling      0044df87 f   lib:jcparam.obj
 0001:0004cfae       _jpeg_set_quality          0044dfae f   lib:jcparam.obj
 0001:0004cfe8       _jpeg_set_defaults         0044dfe8 f   lib:jcparam.obj
 0001:0004d1ae       _jpeg_default_colorspace   0044e1ae f   lib:jcparam.obj
 0001:0004d1fe       _jpeg_set_colorspace       0044e1fe f   lib:jcparam.obj
 0001:0004d519       _jpeg_stdio_dest           0044e519 f   lib:jdatadst.obj
 0001:0004d739       _crc32                     0044e739 f   lib:crc32.obj
 0001:0004d9d3       _inflateReset              0044e9d3 f   lib:inflate.obj
 0001:0004da21       _inflateInit2_             0044ea21 f   lib:inflate.obj
 0001:0004dada       _inflate                   0044eada f   lib:inflate.obj
 0001:0004edaf       _inflateEnd                0044fdaf f   lib:inflate.obj
 0001:0004eded       _jinit_input_controller    0044fded f   lib:jdinput.obj
 0001:0004f2d0       _jinit_memory_mgr          004502d0 f   lib:jmemmgr.obj
 0001:0004fe0c       _jpeg_abort                00450e0c f   lib:jcomapi.obj
 0001:0004fe3f       _jpeg_destroy              00450e3f f   lib:jcomapi.obj
 0001:0004fe5a       _jpeg_alloc_quant_table    00450e5a f   lib:jcomapi.obj
 0001:0004fe76       _jpeg_alloc_huff_table     00450e76 f   lib:jcomapi.obj
 0001:0004fe92       _jpeg_calc_output_dimensions 00450e92 f   lib:jdmaster.obj
 0001:0004ff92       _jinit_master_decompress   00450f92 f   lib:jdmaster.obj
 0001:000502e8       _jdiv_round_up             004512e8 f   lib:jutils.obj
 0001:000502f8       _jround_up                 004512f8 f   lib:jutils.obj
 0001:00050310       _jcopy_sample_rows         00451310 f   lib:jutils.obj
 0001:0005034e       _jcopy_block_row           0045134e f   lib:jutils.obj
 0001:00050367       _jzero_far                 00451367 f   lib:jutils.obj
 0001:0005037a       _jinit_marker_writer       0045137a f   lib:jcmarker.obj
 0001:00050c56       _jinit_compress_master     00451c56 f   lib:jcinit.obj
 0001:00050caf       _inflate_fast              00451caf f   lib:inffast.obj
 0001:00051064       _inflate_table             00452064 f   lib:inftrees.obj
 0001:00051418       _adler32                   00452418 f   lib:adler32.obj
 0001:00051531       _jinit_c_codec             00452531 f   lib:jcodec.obj
 0001:0005154d       _jinit_d_codec             0045254d f   lib:jcodec.obj
 0001:00051569       _jpeg_get_small            00452569 f   lib:jmemnobs.obj
 0001:00051569       _jpeg_get_large            00452569 f   lib:jmemnobs.obj
 0001:00051575       _jpeg_free_large           00452575 f   lib:jmemnobs.obj
 0001:00051575       _jpeg_free_small           00452575 f   lib:jmemnobs.obj
 0001:00051581       _jpeg_mem_available        00452581 f   lib:jmemnobs.obj
 0001:00051586       _jpeg_open_backing_store   00452586 f   lib:jmemnobs.obj
 0001:0005159a       _jpeg_mem_term             0045259a f   lib:jmemnobs.obj
 0001:0005159a       __setargv                  0045259a f   lib:jmemnobs.obj
 0001:0005159a       ?EndRegistration@OpenGLDrv@@YAXXZ 0045259a f   lib:jmemnobs.obj
 0001:0005159b       _jinit_d_main_controller   0045259b f   lib:jdmainct.obj
 0001:00051be6       _jinit_d_post_controller   00452be6 f   lib:jdpostct.obj
 0001:00051e91       _jinit_upsampler           00452e91 f   lib:jdsample.obj
 0001:000524cf       _jinit_color_deconverter   004534cf f   lib:jdcolor.obj
 0001:000529e5       _jinit_merged_upsampler    004539e5 f   lib:jdmerge.obj
 0001:00052f35       _jinit_2pass_quantizer     00453f35 f   lib:jquant2.obj
 0001:00053ff8       _jinit_1pass_quantizer     00454ff8 f   lib:jquant1.obj
 0001:00054a1e       _jinit_c_main_controller   00455a1e f   lib:jcmainct.obj
 0001:00054b8b       _jinit_c_prep_controller   00455b8b f   lib:jcprepct.obj
 0001:000550d6       _jinit_downsampler         004560d6 f   lib:jcsample.obj
 0001:00055956       _jinit_color_converter     00456956 f   lib:jccolor.obj
 0001:00055f40       _jinit_c_master_control    00456f40 f   lib:jcmaster.obj
 0001:00056a2f       _jinit_lossy_c_codec       00457a2f f   lib:jclossy.obj
 0001:00056aca       _jinit_lossless_c_codec    00457aca f   lib:jclossls.obj
 0001:00056b62       _jinit_lossy_d_codec       00457b62 f   lib:jdlossy.obj
 0001:00056e35       _jinit_lossless_d_codec    00457e35 f   lib:jdlossls.obj
 0001:00056ee5       _jinit_c_coef_controller   00457ee5 f   lib:jccoefct.obj
 0001:00057584       _jinit_shuff_encoder       00458584 f   lib:jcshuff.obj
 0001:00057def       _jinit_phuff_encoder       00458def f   lib:jcphuff.obj
 0001:00058894       _jinit_forward_dct         00459894 f   lib:jcdctmgr.obj
 0001:00058b63       _jinit_c_diff_controller   00459b63 f   lib:jcdiffct.obj
 0001:000590c9       _jinit_lhuff_encoder       0045a0c9 f   lib:jclhuff.obj
 0001:000597f3       _jinit_differencer         0045a7f3 f   lib:jcpred.obj
 0001:00059d0d       _jinit_c_scaler            0045ad0d f   lib:jcscale.obj
 0001:00059d83       _jinit_d_coef_controller   0045ad83 f   lib:jdcoefct.obj
 0001:0005aa5c       _jinit_shuff_decoder       0045ba5c f   lib:jdshuff.obj
 0001:0005aff1       _jinit_phuff_decoder       0045bff1 f   lib:jdphuff.obj
 0001:0005bb8e       _jinit_inverse_dct         0045cb8e f   lib:jddctmgr.obj
 0001:0005bd72       _jinit_d_diff_controller   0045cd72 f   lib:jddiffct.obj
 0001:0005c2a3       _jinit_d_scaler            0045d2a3 f   lib:jdscale.obj
 0001:0005c3a2       _jinit_undifferencer       0045d3a2 f   lib:jdpred.obj
 0001:0005c75c       _jinit_lhuff_decoder       0045d75c f   lib:jdlhuff.obj
 0001:0005cb51       _jpeg_make_c_derived_tbl   0045db51 f   lib:jchuff.obj
 0001:0005cd53       _jpeg_gen_optimal_table    0045dd53 f   lib:jchuff.obj
 0001:0005cf12       _jpeg_fdct_float           0045df12 f   lib:jfdctflt.obj
 0001:0005d117       _jpeg_make_d_derived_tbl   0045e117 f   lib:jdhuff.obj
 0001:0005d3b4       _jpeg_fill_bit_buffer      0045e3b4 f   lib:jdhuff.obj
 0001:0005d4c3       _jpeg_huff_decode          0045e4c3 f   lib:jdhuff.obj
 0001:0005d5a3       _jpeg_idct_4x4             0045e5a3 f   lib:jidctred.obj
 0001:0005d891       _jpeg_idct_2x2             0045e891 f   lib:jidctred.obj
 0001:0005da53       _jpeg_idct_1x1             0045ea53 f   lib:jidctred.obj
 0001:0005da8f       _jpeg_idct_float           0045ea8f f   lib:jidctflt.obj
 0001:0005de70       __except_handler3          0045ee70 f   MSVCRT:MSVCRT.dll
 0001:0005de80       __chkstk                   0045ee80 f   MSVCRT:chkstk.obj
 0001:0005de80       __alloca_probe             0045ee80 f   MSVCRT:chkstk.obj
 0001:0005deaf       ??_Gtype_info@@UAEPAXI@Z   0045eeaf f i MSVCRT:ti_inst.obj
 0001:0005deaf       ??_Etype_info@@UAEPAXI@Z   0045eeaf f i MSVCRT:ti_inst.obj
 0001:0005decc       __CxxThrowException@8      0045eecc f   MSVCRT:MSVCRT.dll
 0001:0005ded2       _strcpy                    0045eed2 f   MSVCRT:MSVCRT.dll
 0001:0005ded8       _strlen                    0045eed8 f   MSVCRT:MSVCRT.dll
 0001:0005dede       _strcmp                    0045eede f   MSVCRT:MSVCRT.dll
 0001:0005dee4       _sin                       0045eee4 f   MSVCRT:MSVCRT.dll
 0001:0005deea       _tan                       0045eeea f   MSVCRT:MSVCRT.dll
 0001:0005def0       _cos                       0045eef0 f   MSVCRT:MSVCRT.dll
 0001:0005def6       _strcat                    0045eef6 f   MSVCRT:MSVCRT.dll
 0001:0005defc       _fmod                      0045eefc f   MSVCRT:MSVCRT.dll
 0001:0005df02       _atan2                     0045ef02 f   MSVCRT:MSVCRT.dll
 0001:0005df08       _acos                      0045ef08 f   MSVCRT:MSVCRT.dll
 0001:0005df0e       _sqrt                      0045ef0e f   MSVCRT:MSVCRT.dll
 0001:0005df14       _atan                      0045ef14 f   MSVCRT:MSVCRT.dll
 0001:0005df1a       _memcpy                    0045ef1a f   MSVCRT:MSVCRT.dll
 0001:0005df20       _memset                    0045ef20 f   MSVCRT:MSVCRT.dll
 0001:0005df26       _pow                       0045ef26 f   MSVCRT:MSVCRT.dll
 0001:0005df2c       _asin                      0045ef2c f   MSVCRT:MSVCRT.dll
 0001:0005df32       _WinMainCRTStartup         0045ef32 f   MSVCRT:crtexew.obj
 0001:0005e090       __ftol                     0045f090 f   MSVCRT:MSVCRT.dll
 0001:0005e096       ??1type_info@@UAE@XZ       0045f096 f   MSVCRT:MSVCRT.dll
 0001:0005e09c       __XcptFilter               0045f09c f   MSVCRT:MSVCRT.dll
 0001:0005e0a2       __initterm                 0045f0a2 f   MSVCRT:MSVCRT.dll
 0001:0005e0a8       __setdefaultprecision      0045f0a8 f   MSVCRT:fp8.obj
 0001:0005e0ba       _jpeg_mem_init             0045f0ba f   MSVCRT:merr.obj
 0001:0005e0ba       __matherr                  0045f0ba f   MSVCRT:merr.obj
 0001:0005e0be       __controlfp                0045f0be f   MSVCRT:MSVCRT.dll
 0002:00000000       __imp__SwapBuffers@4       00460000     gdi32:GDI32.dll
 0002:00000004       __imp__SetPixelFormat@12   00460004     gdi32:GDI32.dll
 0002:00000008       __imp__DescribePixelFormat@16 00460008     gdi32:GDI32.dll
 0002:0000000c       __imp__ChoosePixelFormat@8 0046000c     gdi32:GDI32.dll
 0002:00000010       __imp__SetDeviceGammaRamp@8 00460010     gdi32:GDI32.dll
 0002:00000014       __imp__GetDeviceGammaRamp@8 00460014     gdi32:GDI32.dll
 0002:00000018       __imp__GetDeviceCaps@8     00460018     gdi32:GDI32.dll
 0002:0000001c       \177GDI32_NULL_THUNK_DATA  0046001c     gdi32:GDI32.dll
 0002:00000020       __imp__GetDriveTypeA@4     00460020     kernel32:KERNEL32.dll
 0002:00000024       __imp__SetErrorMode@4      00460024     kernel32:KERNEL32.dll
 0002:00000028       __imp__GetStdHandle@4      00460028     kernel32:KERNEL32.dll
 0002:0000002c       __imp__AllocConsole@0      0046002c     kernel32:KERNEL32.dll
 0002:00000030       __imp__ReadConsoleInputA@16 00460030     kernel32:KERNEL32.dll
 0002:00000034       __imp__GetNumberOfConsoleInputEvents@8 00460034     kernel32:KERNEL32.dll
 0002:00000038       __imp__FreeConsole@0       00460038     kernel32:KERNEL32.dll
 0002:0000003c       __imp__SetConsoleTextAttribute@8 0046003c     kernel32:KERNEL32.dll
 0002:00000040       __imp__SetPriorityClass@8  00460040     kernel32:KERNEL32.dll
 0002:00000044       __imp__GetCurrentProcess@0 00460044     kernel32:KERNEL32.dll
 0002:00000048       __imp__GetVersionExA@4     00460048     kernel32:KERNEL32.dll
 0002:0000004c       __imp__Sleep@4             0046004c     kernel32:KERNEL32.dll
 0002:00000050       __imp__LoadLibraryA@4      00460050     kernel32:KERNEL32.dll
 0002:00000054       __imp__GetStartupInfoA@4   00460054     kernel32:KERNEL32.dll
 0002:00000058       __imp__GetModuleHandleA@4  00460058     kernel32:KERNEL32.dll
 0002:0000005c       __imp__GetProcAddress@8    0046005c     kernel32:KERNEL32.dll
 0002:00000060       __imp__FreeLibrary@4       00460060     kernel32:KERNEL32.dll
 0002:00000064       __imp__IsBadReadPtr@8      00460064     kernel32:KERNEL32.dll
 0002:00000068       __imp__VirtualQuery@12     00460068     kernel32:KERNEL32.dll
 0002:0000006c       __imp__WriteFile@20        0046006c     kernel32:KERNEL32.dll
 0002:00000070       __imp__GetModuleFileNameA@12 00460070     kernel32:KERNEL32.dll
 0002:00000074       \177KERNEL32_NULL_THUNK_DATA 00460074     kernel32:KERNEL32.dll
 0002:00000078       __imp____p__commode        00460078     MSVCRT:MSVCRT.dll
 0002:0000007c       __imp___adjust_fdiv        0046007c     MSVCRT:MSVCRT.dll
 0002:00000080       __imp____setusermatherr    00460080     MSVCRT:MSVCRT.dll
 0002:00000084       __imp____p__fmode          00460084     MSVCRT:MSVCRT.dll
 0002:00000088       __imp____getmainargs       00460088     MSVCRT:MSVCRT.dll
 0002:0000008c       __imp___acmdln             0046008c     MSVCRT:MSVCRT.dll
 0002:00000090       __imp___XcptFilter         00460090     MSVCRT:MSVCRT.dll
 0002:00000094       __imp___exit               00460094     MSVCRT:MSVCRT.dll
 0002:00000098       __imp_??1type_info@@UAE@XZ 00460098     MSVCRT:MSVCRT.dll
 0002:0000009c       __imp___ftol               0046009c     MSVCRT:MSVCRT.dll
 0002:000000a0       __imp__fflush              004600a0     MSVCRT:MSVCRT.dll
 0002:000000a4       __imp___winmajor           004600a4     MSVCRT:MSVCRT.dll
 0002:000000a8       __imp__asin                004600a8     MSVCRT:MSVCRT.dll
 0002:000000ac       __imp__pow                 004600ac     MSVCRT:MSVCRT.dll
 0002:000000b0       __imp__exit                004600b0     MSVCRT:MSVCRT.dll
 0002:000000b4       __imp___findclose          004600b4     MSVCRT:MSVCRT.dll
[...]
 0001:0005bf10       _start_iMCU_row            0045cf10 f   lib:jddiffct.obj
 0001:0005bf55       _start_output_pass         0045cf55 f   lib:jddiffct.obj
 0001:0005bf61       _decompress_data           0045cf61 f   lib:jddiffct.obj
 0001:0005c0d1       _process_restart           0045d0d1 f   lib:jddiffct.obj
 0001:0005c106       _dummy_consume_data        0045d106 f   lib:jddiffct.obj
 0001:0005c109       _consume_data              0045d109 f   lib:jddiffct.obj
 0001:0005c180       _output_data               0045d180 f   lib:jddiffct.obj
 0001:0005bc04       _start_pass                0045cc04 f   lib:jddctmgr.obj
 0001:0005b056       _start_pass_phuff_decoder  0045c056 f   lib:jdphuff.obj
 0001:0005b29f       _decode_mcu_DC_first       0045c29f f   lib:jdphuff.obj
 0001:0005b497       _process_restart           0045c497 f   lib:jdphuff.obj
 0001:0005b506       _decode_mcu_AC_first       0045c506 f   lib:jdphuff.obj
 0001:0005b726       _decode_mcu_DC_refine      0045c726 f   lib:jdphuff.obj
 0001:0005b7fb       _decode_mcu_AC_refine      0045c7fb f   lib:jdphuff.obj
 0001:0005aa9d       _start_pass_huff_decoder   0045ba9d f   lib:jdshuff.obj
 0001:0005abd5       _decode_mcu                0045bbd5 f   lib:jdshuff.obj
 0001:0005af85       _process_restart           0045bf85 f   lib:jdshuff.obj
 0001:00059e86       _start_input_pass          0045ae86 f   lib:jdcoefct.obj
 0001:00059e99       _start_iMCU_row            0045ae99 f   lib:jdcoefct.obj
 0001:00059ede       _start_output_pass         0045aede f   lib:jdcoefct.obj
 0001:00059f1b       _decompress_onepass        0045af1b f   lib:jdcoefct.obj
 0001:0005c106       _dummy_consume_data        0045d106 f   lib:jddiffct.obj
 0001:0005a0f4       _consume_data              0045b0f4 f   lib:jdcoefct.obj
 0001:0005a2ad       _decompress_data           0045b2ad f   lib:jdcoefct.obj
 0001:0005a419       _smoothing_ok              0045b419 f   lib:jdcoefct.obj
 0001:0005a504       _decompress_smooth_data    0045b504 f   lib:jdcoefct.obj
 0001:00059d1f       _scaler_start_pass         0045ad1f f   lib:jcscale.obj
 0001:00059d42       _simple_downscale          0045ad42 f   lib:jcscale.obj
 0001:00059d6e       _noscale                   0045ad6e f   lib:jcscale.obj
 0001:00059817       _start_pass                0045a817 f   lib:jcpred.obj
 0001:0005986f       _reset_predictor           0045a86f f   lib:jcpred.obj
 0001:0005989c       _jpeg_difference_first_row 0045a89c f   lib:jcpred.obj
 0001:00059986       _jpeg_difference1          0045a986 f   lib:jcpred.obj
 0001:000599f4       _jpeg_difference2          0045a9f4 f   lib:jcpred.obj
 0001:00059a65       _jpeg_difference3          0045aa65 f   lib:jcpred.obj
 0001:00059add       _jpeg_difference4          0045aadd f   lib:jcpred.obj
 0001:00059b68       _jpeg_difference5          0045ab68 f   lib:jcpred.obj
 0001:00059bfb       _jpeg_difference6          0045abfb f   lib:jcpred.obj
 0001:00059c8a       _jpeg_difference7          0045ac8a f   lib:jcpred.obj
 0001:00059109       _start_pass_huff           0045a109 f   lib:jclhuff.obj
 0001:000592a6       _encode_mcus_huff          0045a2a6 f   lib:jclhuff.obj
 0001:00059491       _emit_bits                 0045a491 f   lib:jclhuff.obj
 0001:00059534       _dump_buffer               0045a534 f   lib:jclhuff.obj
 0001:00059558       _emit_restart              0045a558 f   lib:jclhuff.obj
 0001:000595a3       _flush_bits                0045a5a3 f   lib:jclhuff.obj
 0001:000595c7       _finish_pass_huff          0045a5c7 f   lib:jclhuff.obj
 0001:00059634       _encode_mcus_gather        0045a634 f   lib:jclhuff.obj
 0001:0005975d       _finish_pass_gather        0045a75d f   lib:jclhuff.obj
 0001:00057dec       _need_optimization_pass    00458dec f   lib:jcshuff.obj
 0001:00058ce7       _start_pass_diff           00459ce7 f   lib:jcdiffct.obj
 0001:00058d85       _start_iMCU_row            00459d85 f   lib:jcdiffct.obj
 0001:00058dc7       _compress_data             00459dc7 f   lib:jcdiffct.obj
 0001:00058f5d       _compress_first_pass       00459f5d f   lib:jcdiffct.obj
 0001:00059052       _compress_output           0045a052 f   lib:jcdiffct.obj
 0001:000588fa       _start_pass_fdctmgr        004598fa f   lib:jcdctmgr.obj
 0001:000589fc       _forward_DCT_float         004599fc f   lib:jcdctmgr.obj
 0001:00057e2f       _start_pass_phuff          00458e2f f   lib:jcphuff.obj
 0001:00057f9c       _encode_mcu_DC_first       00458f9c f   lib:jcphuff.obj
 0001:000580ce       _emit_bits                 004590ce f   lib:jcphuff.obj
 0001:00058179       _dump_buffer               00459179 f   lib:jcphuff.obj
 0001:000581b1       _emit_symbol               004591b1 f   lib:jcphuff.obj
 0001:000581f1       _emit_restart              004591f1 f   lib:jcphuff.obj
 0001:0005827a       _emit_eobrun               0045927a f   lib:jcphuff.obj
 0001:00058300       _encode_mcu_AC_first       00459300 f   lib:jcphuff.obj
 0001:00058494       _encode_mcu_DC_refine      00459494 f   lib:jcphuff.obj
 0001:0005854e       _encode_mcu_AC_refine      0045954e f   lib:jcphuff.obj
 0001:00058765       _finish_pass_phuff         00459765 f   lib:jcphuff.obj
 0001:000587b4       _finish_pass_gather_phuff  004597b4 f   lib:jcphuff.obj
 0001:00058877       _need_optimization_pass    00459877 f   lib:jcphuff.obj
 0001:000575c7       _start_pass_huff           004585c7 f   lib:jcshuff.obj
 0001:0005773c       _encode_mcu_huff           0045873c f   lib:jcshuff.obj
 0001:00057847       _encode_one_block          00458847 f   lib:jcshuff.obj
 0001:000579be       _emit_bits                 004589be f   lib:jcshuff.obj
 0001:00057a61       _dump_buffer               00458a61 f   lib:jcshuff.obj
 0001:00057a85       _emit_restart              00458a85 f   lib:jcshuff.obj
 0001:00057af2       _flush_bits                00458af2 f   lib:jcshuff.obj
 0001:00057b16       _finish_pass_huff          00458b16 f   lib:jcshuff.obj
 0001:00057b85       _encode_mcu_gather         00458b85 f   lib:jcshuff.obj
 0001:00057c3b       _htest_one_block           00458c3b f   lib:jcshuff.obj
 0001:00057d02       _finish_pass_gather        00458d02 f   lib:jcshuff.obj
 0001:00057dec       _need_optimization_pass    00458dec f   lib:jcshuff.obj
 0001:00056f9a       _start_pass_coef           00457f9a f   lib:jccoefct.obj
 0001:00058d85       _start_iMCU_row            00459d85 f   lib:jcdiffct.obj
 0001:0005702f       _compress_data             0045802f f   lib:jccoefct.obj
 0001:00057216       _compress_first_pass       00458216 f   lib:jccoefct.obj
 0001:000573fc       _compress_output           004583fc f   lib:jccoefct.obj
 0001:00056eb2       _calc_output_dimensions    00457eb2 f   lib:jdlossls.obj
 0001:00056ec3       _start_input_pass          00457ec3 f   lib:jdlossls.obj
 0001:00056bf1       _calc_output_dimensions    00457bf1 f   lib:jdlossy.obj
 0001:00056d64       _start_input_pass          00457d64 f   lib:jdlossy.obj
 0001:00056d84       _latch_quant_tables        00457d84 f   lib:jdlossy.obj
 0001:00056e1c       _start_output_pass         00457e1c f   lib:jdlossy.obj
 0001:00056b40       _start_pass                00457b40 f   lib:jclossls.obj
 0001:00056aac       _start_pass                00457aac f   lib:jclossy.obj
 0001:00056001       _initial_setup             00457001 f   lib:jcmaster.obj
 0001:000561b4       _validate_script           004571b4 f   lib:jcmaster.obj
 0001:0005658c       _prepare_for_pass          0045758c f   lib:jcmaster.obj
 0001:00056704       _select_scan_parameters    00457704 f   lib:jcmaster.obj
 0001:00056805       _per_scan_setup            00457805 f   lib:jcmaster.obj
 0001:000569b0       _pass_startup              004579b0 f   lib:jcmaster.obj
 0001:000569d7       _finish_pass_master        004579d7 f   lib:jcmaster.obj
 0001:00055aed       _rgb_ycc_start             00456aed f   lib:jccolor.obj
 0001:00055bb1       _rgb_ycc_convert           00456bb1 f   lib:jccolor.obj
 0001:00055cb0       _rgb_gray_convert          00456cb0 f   lib:jccolor.obj
 0001:00055d35       _cmyk_ycck_convert         00456d35 f   lib:jccolor.obj
 0001:00055e6d       _grayscale_convert         00456e6d f   lib:jccolor.obj
 0001:00055ec7       _null_convert              00456ec7 f   lib:jccolor.obj
 0001:0001e400       _null_method               0041f400 f   sv_game.obj
 0001:0001e400       _start_pass_downsample     0041f400 f   sv_game.obj
 0001:00055239       _sep_downsample            00456239 f   lib:jcsample.obj
 0001:000552ae       _int_downsample            004562ae f   lib:jcsample.obj
 0001:000553a6       _expand_right_edge         004563a6 f   lib:jcsample.obj
 0001:000553fb       _fullsize_downsample       004563fb f   lib:jcsample.obj
 0001:0005543f       _h2v1_downsample           0045643f f   lib:jcsample.obj
 0001:000554d3       _h2v2_downsample           004564d3 f   lib:jcsample.obj
 0001:00055580       _h2v2_smooth_downsample    00456580 f   lib:jcsample.obj
 0001:000557f8       _fullsize_smooth_downsample 004567f8 f   lib:jcsample.obj
 0001:00054c35       _start_pass_prep           00455c35 f   lib:jcprepct.obj
 0001:00054c73       _pre_process_data          00455c73 f   lib:jcprepct.obj
 0001:00054e21       _pre_process_context       00455e21 f   lib:jcprepct.obj
 0001:00054fda       _create_context_buffer     00455fda f   lib:jcprepct.obj
 0001:00054aad       _start_pass_main           00455aad f   lib:jcmainct.obj
 0001:00054aef       _process_data_simple_main  00455aef f   lib:jcmainct.obj
 0001:00054083       _create_colormap           00455083 f   lib:jquant1.obj
 0001:000541b5       _select_ncolors            004551b5 f   lib:jquant1.obj
 0001:0005428c       _create_colorindex         0045528c f   lib:jquant1.obj
 0001:000543b8       _alloc_fs_workspace        004553b8 f   lib:jquant1.obj
 0001:000543f4       _start_pass_1_quant        004553f4 f   lib:jquant1.obj
 0001:000544c0       _create_odither_tables     004554c0 f   lib:jquant1.obj
 0001:0005451f       _make_odither_array        0045551f f   lib:jquant1.obj
 0001:00054582       _color_quantize            00455582 f   lib:jquant1.obj
 0001:0005460d       _color_quantize3           0045560d f   lib:jquant1.obj
 0001:0005469b       _quantize_ord_dither       0045569b f   lib:jquant1.obj
 0001:00054786       _quantize3_ord_dither      00455786 f   lib:jquant1.obj
 0001:00054886       _quantize_fs_dither        00455886 f   lib:jquant1.obj
 0001:0001e400       _finish_pass_1_quant       0041f400 f   sv_game.obj
 0001:00054a0a       _new_color_map_1_quant     00455a0a f   lib:jquant1.obj
 0001:00053044       _init_error_limit          00454044 f   lib:jquant2.obj
 0001:000530e3       _start_pass_2_quant        004540e3 f   lib:jquant2.obj
 0001:000531e5       _prescan_quantize          004541e5 f   lib:jquant2.obj
 0001:00053254       _pass2_no_dither           00454254 f   lib:jquant2.obj
 0001:00053301       _fill_inverse_cmap         00454301 f   lib:jquant2.obj
 0001:000533cc       _find_nearby_colors        004543cc f   lib:jquant2.obj
 0001:00053570       _find_best_colors          00454570 f   lib:jquant2.obj
 0001:0005368a       _pass2_fs_dither           0045468a f   lib:jquant2.obj
 0001:000538f9       _finish_pass1              004548f9 f   lib:jquant2.obj
 0001:0005391b       _select_colors             0045491b f   lib:jquant2.obj
 0001:000539a7       _update_box                004549a7 f   lib:jquant2.obj
 0001:00053d41       _median_cut                00454d41 f   lib:jquant2.obj
 0001:00053e55       _find_biggest_color_pop    00454e55 f   lib:jquant2.obj
 0001:00053e84       _find_biggest_volume       00454e84 f   lib:jquant2.obj
 0001:00053ead       _compute_color             00454ead f   lib:jquant2.obj
 0001:0001e400       _finish_pass2              0041f400 f   sv_game.obj
 0001:00053fe9       _new_color_map_2_quant     00454fe9 f   lib:jquant2.obj
 0001:00052a5b       _build_ycc_rgb_table       00453a5b f   lib:jdmerge.obj
 0001:00052b0b       _start_pass_merged_upsample 00453b0b f   lib:jdmerge.obj
 0001:00052b20       _merged_2v_upsample        00453b20 f   lib:jdmerge.obj
 0001:00052bc7       _merged_1v_upsample        00453bc7 f   lib:jdmerge.obj
 0001:00052bf8       _h2v1_merged_upsample      00453bf8 f   lib:jdmerge.obj
 0001:00052d4e       _h2v2_merged_upsample      00453d4e f   lib:jdmerge.obj
 0001:000525ff       _build_ycc_rgb_table       004535ff f   lib:jdcolor.obj
 0001:000526af       _ycc_rgb_convert           004536af f   lib:jdcolor.obj
 0001:000527bd       _null_convert              004537bd f   lib:jdcolor.obj
 0001:00052835       _grayscale_convert         00453835 f   lib:jdcolor.obj
 0001:00052858       _gray_rgb_convert          00453858 f   lib:jdcolor.obj
 0001:000528b1       _ycck_cmyk_convert         004538b1 f   lib:jdcolor.obj
 0001:0001e400       _start_pass_dcolor         0041f400 f   sv_game.obj
 0001:00052060       _start_pass_upsample       00453060 f   lib:jdsample.obj
 0001:0005207a       _sep_upsample              0045307a f   lib:jdsample.obj
 0001:00052147       _fullsize_upsample         00453147 f   lib:jdsample.obj
 0001:00052152       _noop_upsample             00453152 f   lib:jdsample.obj
 0001:0005215a       _int_upsample              0045315a f   lib:jdsample.obj
 0001:00052244       _h2v1_upsample             00453244 f   lib:jdsample.obj
 0001:0005229b       _h2v2_upsample             0045329b f   lib:jdsample.obj
 0001:0005230d       _h2v1_fancy_upsample       0045330d f   lib:jdsample.obj
 0001:000523b0       _h2v2_fancy_upsample       004533b0 f   lib:jdsample.obj
 0001:00051c69       _start_pass_dpost          00452c69 f   lib:jdpostct.obj
 0001:00051d0f       _post_process_1pass        00452d0f f   lib:jdpostct.obj
 0001:00051d74       _post_process_prepass      00452d74 f   lib:jdpostct.obj
 0001:00051e05       _post_process_2pass        00452e05 f   lib:jdpostct.obj
 0001:00051670       _alloc_funny_pointers      00452670 f   lib:jdmainct.obj
 0001:0005171d       _start_pass_main           0045271d f   lib:jdmainct.obj
 0001:00051785       _make_funny_pointers       00452785 f   lib:jdmainct.obj
 0001:000518c5       _process_data_simple_main  004528c5 f   lib:jdmainct.obj
 0001:0005192d       _process_data_context_main 0045292d f   lib:jdmainct.obj
 0001:00051a3f       _set_wraparound_pointers   00452a3f f   lib:jdmainct.obj
 0001:00051b29       _set_bottom_pointers       00452b29 f   lib:jdmainct.obj
 0001:00051bc3       _process_data_crank_post   00452bc3 f   lib:jdmainct.obj
 0001:000503c8       _write_marker_header       004513c8 f   lib:jcmarker.obj
 0001:0005041e       _emit_byte                 0045141e f   lib:jcmarker.obj
 0001:0005044f       _write_marker_byte         0045144f f   lib:jcmarker.obj
 0001:0005045f       _write_file_header         0045145f f   lib:jcmarker.obj
 0001:000504ab       _emit_jfif_app0            004514ab f   lib:jcmarker.obj
 0001:0005057e       _emit_adobe_app14          0045157e f   lib:jcmarker.obj
 0001:00050624       _write_frame_header        00451624 f   lib:jcmarker.obj
 0001:00050703       _emit_dqt                  00451703 f   lib:jcmarker.obj
 0001:000507f2       _emit_sof                  004517f2 f   lib:jcmarker.obj
 0001:000508ce       _write_scan_header         004518ce f   lib:jcmarker.obj
 0001:0005098e       _emit_dht                  0045198e f   lib:jcmarker.obj
 0001:00050a67       _emit_dri                  00451a67 f   lib:jcmarker.obj
 0001:00050ab6       _emit_sos                  00451ab6 f   lib:jcmarker.obj
 0001:00050ba4       _write_file_trailer        00451ba4 f   lib:jcmarker.obj
 0001:00050bc4       _write_tables_only         00451bc4 f   lib:jcmarker.obj
 0001:0004ff1d       _use_merged_upsample       00450f1d f   lib:jdmaster.obj
 0001:0004ffc3       _master_selection          00450fc3 f   lib:jdmaster.obj
 0001:00050120       _prepare_range_limit_table 00451120 f   lib:jdmaster.obj
 0001:000501a6       _prepare_for_output_pass   004511a6 f   lib:jdmaster.obj
 0001:000502c7       _finish_output_pass        004512c7 f   lib:jdmaster.obj
 0001:0004f394       _alloc_small               00450394 f   lib:jmemmgr.obj
 0001:0004f4b2       _alloc_large               004504b2 f   lib:jmemmgr.obj
 0001:0004f563       _alloc_sarray              00450563 f   lib:jmemmgr.obj
 0001:0004f5fb       _alloc_barray              004505fb f   lib:jmemmgr.obj
 0001:0004f69f       _alloc_darray              0045069f f   lib:jmemmgr.obj
 0001:0004f74a       _request_virt_sarray       0045074a f   lib:jmemmgr.obj
 0001:0004f7ab       _request_virt_barray       004507ab f   lib:jmemmgr.obj
 0001:0004f80c       _realize_virt_arrays       0045080c f   lib:jmemmgr.obj
 0001:0004f98f       _access_virt_sarray        0045098f f   lib:jmemmgr.obj
 0001:0004faaf       _do_sarray_io              00450aaf f   lib:jmemmgr.obj
 0001:0004fb3f       _access_virt_barray        00450b3f f   lib:jmemmgr.obj
 0001:0004fc64       _do_barray_io              00450c64 f   lib:jmemmgr.obj
 0001:0004fcf5       _free_pool                 00450cf5 f   lib:jmemmgr.obj
 0001:0004fddc       _self_destruct             00450ddc f   lib:jmemmgr.obj
 0001:0004ee2e       _start_input_pass          0044fe2e f   lib:jdinput.obj
 0001:0004ee5c       _per_scan_setup            0044fe5c f   lib:jdinput.obj
 0001:0004efe2       _finish_input_pass         0044ffe2 f   lib:jdinput.obj
 0001:0004eff3       _consume_markers           0044fff3 f   lib:jdinput.obj
 0001:0004f08f       _initial_setup             0045008f f   lib:jdinput.obj
 0001:0004f299       _reset_input_controller    00450299 f   lib:jdinput.obj
 0001:0004ebe7       _fixedtables               0044fbe7 f   lib:inflate.obj
 0001:0004ecd1       _updatewindow              0044fcd1 f   lib:inflate.obj
 0001:0004d619       _make_crc_table            0044e619 f   lib:crc32.obj
 0001:0004d766       _crc32_little              0044e766 f   lib:crc32.obj
 0001:0004d555       _init_destination          0044e555 f   lib:jdatadst.obj
 0001:0004d57b       _empty_output_buffer       0044e57b f   lib:jdatadst.obj
 0001:0004d5bd       _term_destination          0044e5bd f   lib:jdatadst.obj
 0001:0004d0dc       _std_huff_tables           0044e0dc f   lib:jcparam.obj
 0001:0004d136       _add_huff_table            0044e136 f   lib:jcparam.obj
 0001:0004b629       _next_marker               0044c629 f   lib:jdmarker.obj
 0001:0004b763       _get_interesting_appn      0044c763 f   lib:jdmarker.obj
 0001:0004b88e       _examine_app0              0044c88e f   lib:jdmarker.obj
 0001:0004ba9c       _examine_app14             0044ca9c f   lib:jdmarker.obj
 0001:0004bb5d       _skip_variable             0044cb5d f   lib:jdmarker.obj
 0001:0004bc00       _read_markers              0044cc00 f   lib:jdmarker.obj
 0001:0004be08       _get_soi                   0044ce08 f   lib:jdmarker.obj
 0001:0004beb3       _get_sof                   0044ceb3 f   lib:jdmarker.obj
 0001:0004c1bc       _get_sos                   0044d1bc f   lib:jdmarker.obj
 0001:0004c4aa       _get_dht                   0044d4aa f   lib:jdmarker.obj
 0001:0004c74b       _get_dqt                   0044d74b f   lib:jdmarker.obj
 0001:0004c9a7       _get_dri                   0044d9a7 f   lib:jdmarker.obj
 0001:0004ca86       _first_marker              0044da86 f   lib:jdmarker.obj
 0001:0004cb22       _read_restart_marker       0044db22 f   lib:jdmarker.obj
 0001:0004cba0       _reset_marker_reader       0044dba0 f   lib:jdmarker.obj
 0001:0004b40d       _output_pass_setup         0044c40d f   lib:jdapistd.obj
 0001:0004b100       _default_decompress_parms  0044c100 f   lib:jdapimin.obj

 128 bytes saved through ICF

