 quake2

 Timestamp is 41e261c1 (Mon Jan 10 14:06:41 2005)

 Preferred load address is 00400000

 Start         Length     Name                   Class
 0001:00000000 0006fe20H .text                   CODE
 0002:00000000 000002fcH .idata$5                DATA
 0002:00000300 00003554H .rdata                  DATA
 0002:00003858 00000044H .rdata$r                DATA
 0002:000038a0 00000038H .xdata$x                DATA
 0002:000038d8 00000078H .idata$2                DATA
 0002:00003950 00000014H .idata$3                DATA
 0002:00003964 000002fcH .idata$4                DATA
 0002:00003c60 000009daH .idata$6                DATA
 0002:0000463a 00000000H .edata                  DATA
 0003:00000000 00000004H .CRT$XCA                DATA
 0003:00000004 00000004H .CRT$XCZ                DATA
 0003:00000008 00000004H .CRT$XIA                DATA
 0003:0000000c 00000004H .CRT$XIZ                DATA
 0003:00000010 000133bcH .data                   DATA
 0003:000133d0 00b0f720H .bss                    DATA
 0004:00000000 00000130H .rsrc$01                DATA
 0004:00000130 00003f20H .rsrc$02                DATA

  Address         Publics by Value              Rva+Base     Lib:Object

 0001:00000000       ?CDAudio_Play2@@YAXH_N@Z   00401000 f   cd_win.obj
 0001:000001df       ?CDAudio_Play@@YAXH_N@Z    004011df f   cd_win.obj
 0001:000001f6       ?CDAudio_Stop@@YAXXZ       004011f6 f   cd_win.obj
 0001:0000023b       ?CDAudio_Pause@@YAXXZ      0040123b f   cd_win.obj
 0001:00000294       ?CDAudio_Resume@@YAXXZ     00401294 f   cd_win.obj
 0001:00000303       ?CDAudio_MessageHandler@@YAJPAUHWND__@@IIJ@Z 00401303 f   cd_win.obj
 0001:0000039a       ?CDAudio_Update@@YAXXZ     0040139a f   cd_win.obj
 0001:000003ce       ?CDAudio_Init@@YAHXZ       004013ce f   cd_win.obj
 0001:000007b0       ?CDAudio_Shutdown@@YAXXZ   004017b0 f   cd_win.obj
 0001:000007e3       ?CDAudio_Activate@@YAX_N@Z 004017e3 f   cd_win.obj
 0001:000007f4       ?SCR_StopCinematic@@YAXXZ  004017f4 f   cl_cin.obj
 0001:00000890       ?SCR_FinishCinematic@@YAXXZ 00401890 f   cl_cin.obj
 0001:000008cf       ?SCR_RunCinematic@@YAXXZ   004018cf f   cl_cin.obj
 0001:00000ce9       ?SCR_DrawCinematic@@YA_NXZ 00401ce9 f   cl_cin.obj
 0001:00000d6b       ?SCR_PlayCinematic@@YAXPAD@Z 00401d6b f   cl_cin.obj
 0001:000010c2       ?CL_ParseEntityBits@@YAHPAI@Z 004020c2 f   cl_ents.obj
 0001:00001124       ?CL_ParseDelta@@YAXPAUentityState_t@@0HH_N@Z 00402124 f   cl_ents.obj
 0001:000014c0       ?CL_DeltaEntity@@YAXPAUframe_t@@HPAUentityState_t@@H@Z 004024c0 f   cl_ents.obj
 0001:0000163d       ?CL_ParsePacketEntities@@YAXPAUframe_t@@0@Z 0040263d f   cl_ents.obj
 0001:0000183c       ?CL_ParsePlayerstate@@YAXPAUframe_t@@0@Z 0040283c f   cl_ents.obj
 0001:00001b4b       ?CL_FireEntityEvents@@YAXPAUframe_t@@@Z 00402b4b f   cl_ents.obj
 0001:00001b9d       ?CL_ParseFrame@@YAXXZ      00402b9d f   cl_ents.obj
 0001:00001e73       ?CL_AddEntityBox@@YAXPAUentityState_t@@I@Z 00402e73 f   cl_ents.obj
 0001:00001f63       ?CL_OffsetThirdPersonView@@YAXXZ 00402f63 f   cl_ents.obj
 0001:0000201d       ?CL_CalcViewValues@@YAXXZ  0040301d f   cl_ents.obj
 0001:0000232a       ?CL_AddEntities@@YAXXZ     0040332a f   cl_ents.obj
 0001:000030eb       ?CL_GetEntitySoundOrigin@@YAXHQAM@Z 004040eb f   cl_ents.obj
 0001:0000311e       ?CL_ClearLightStyles@@YAXXZ 0040411e f   cl_fx.obj
 0001:000031a2       ?CL_RunLightStyles@@YAXXZ  004041a2 f   cl_fx.obj
 0001:0000323f       ?CL_SetLightstyle@@YAXHPAD@Z 0040423f f   cl_fx.obj
 0001:000032a6       ?CL_AllocDlight@@YAPAUcdlight_t@@HQAM@Z 004042a6 f   cl_fx.obj
 0001:00003313       ?CL_AddDLights@@YAXXZ      00404313 f   cl_fx.obj
 0001:00003373       ?CL_ClearParticles@@YAXXZ  00404373 f   cl_fx.obj
 0001:000033dd       ?CL_AllocParticleTrace@@YAPAUparticleTrace_t@@QAM0MM@Z 004043dd f   cl_fx.obj
 0001:0000347d       ?CL_AllocParticleBeam@@YAPAUbeam_s@@QAM0MM@Z 0040447d f   cl_fx.obj
 0001:000034f0       ?CL_AllocParticle@@YAPAUparticle_s@@XZ 004044f0 f   cl_fx.obj
 0001:0000353e       ?CL_UpdateParticles@@YAXXZ 0040453e f   cl_fx.obj
 0001:00003b2c       ?CL_MetalSparks@@YAXQAM0H@Z 00404b2c f   cl_fx.obj
 0001:00003c19       ?CL_ParseMuzzleFlash@@YAXXZ 00404c19 f   cl_fx.obj
 0001:00004450       ?CL_ParseMuzzleFlash2@@YAXXZ 00405450 f   cl_fx.obj
 0001:00004b34       ?CL_ParticleEffect@@YAXQAM0HH@Z 00405b34 f   cl_fx.obj
 0001:00004c03       ?CL_ParticleEffect2@@YAXQAM0HH@Z 00405c03 f   cl_fx.obj
 0001:00004cce       ?CL_ParticleEffect3@@YAXQAM0HH@Z 00405cce f   cl_fx.obj
 0001:00004d9e       ?CL_TeleporterParticles@@YAXPAUentityState_t@@@Z 00405d9e f   cl_fx.obj
 0001:00004e55       ?CL_LogoutEffect@@YAXQAMH@Z 00405e55 f   cl_fx.obj
 0001:00004f40       ?CL_ItemRespawnParticles@@YAXQAM@Z 00405f40 f   cl_fx.obj
 0001:00004fef       ?CL_ExplosionParticles@@YAXQAM@Z 00405fef f   cl_fx.obj
 0001:00005099       ?CL_BigTeleportParticles@@YAXQAM@Z 00406099 f   cl_fx.obj
 0001:000051f0       ?CL_BlasterParticles@@YAXQAM0@Z 004061f0 f   cl_fx.obj
 0001:000052bc       ?CL_BlasterTrail@@YAXQAM0@Z 004062bc f   cl_fx.obj
 0001:000053af       ?CL_FlagTrail@@YAXQAM0M@Z  004063af f   cl_fx.obj
 0001:000054af       ?CL_DiminishingTrail@@YAXQAM0PAUcentity_t@@H@Z 004064af f   cl_fx.obj
 0001:00005713       ?CL_RocketTrail@@YAXQAM0PAUcentity_t@@@Z 00406713 f   cl_fx.obj
 0001:00005840       ?CL_RailTrail@@YAXQAM0@Z   00406840 f   cl_fx.obj
 0001:00005a66       ?CL_RailTrailExt@@YAXQAM0EE@Z 00406a66 f   cl_fx.obj
 0001:00005b68       ?CL_IonripperTrail@@YAXQAM0@Z 00406b68 f   cl_fx.obj
 0001:00005c7b       ?CL_BubbleTrail@@YAXQAM0@Z 00406c7b f   cl_fx.obj
 0001:00005d99       ?CL_FlyParticles@@YAXQAMH@Z 00406d99 f   cl_fx.obj
 0001:00005f38       ?CL_FlyEffect@@YAXPAUcentity_t@@QAM@Z 00406f38 f   cl_fx.obj
 0001:00005fbb       ?CL_BfgParticles@@YAXPAUentity_s@@@Z 00406fbb f   cl_fx.obj
 0001:00006195       ?CL_TrapParticles@@YAXPAUentity_s@@@Z 00407195 f   cl_fx.obj
 0001:00006418       ?CL_BFGExplosionParticles@@YAXQAM@Z 00407418 f   cl_fx.obj
 0001:000064c2       ?CL_TeleportParticles@@YAXQAM@Z 004074c2 f   cl_fx.obj
 0001:000065fb       ?CL_EntityEvent@@YAXPAUentityState_t@@@Z 004075fb f   cl_fx.obj
 0001:000067d6       ?CL_ClearEffects@@YAXXZ    004077d6 f   cl_fx.obj
 0001:000067f4       ?IN_CenterView@@YAXXZ      004077f4 f   cl_input.obj
 0001:00006815       ?CL_InitInput@@YAXXZ       00407815 f   cl_input.obj
 0001:00006cf5       ?CL_SendCmd@@YAXXZ         00407cf5 f   cl_input.obj
 0001:000073f5       ?CL_ParseInventory@@YAXXZ  004083f5 f   cl_inv.obj
 0001:00007415       ?Inv_DrawString@@YAXHHPAD_N@Z 00408415 f   cl_inv.obj
 0001:00007459       ?CL_DrawInventory@@YAXXZ   00408459 f   cl_inv.obj
 0001:00007619       ?CL_WriteDemoMessage@@YAXXZ 00408619 f   cl_main.obj
 0001:0000765b       ?CL_Stop_f@@YAXXZ          0040865b f   cl_main.obj
 0001:000076b6       ?CL_Record_f@@YAXXZ        004086b6 f   cl_main.obj
 0001:0000795a       ?Cmd_ForwardToServer@@YAXXZ 0040895a f   cl_main.obj
 0001:000079c6       ?CL_ForwardToServer_f@@YAXXZ 004089c6 f   cl_main.obj
 0001:00007a14       ?CL_Pause@@YAX_N@Z         00408a14 f   cl_main.obj
 0001:00007a56       ?CL_Quit_f@@YAXXZ          00408a56 f   cl_main.obj
 0001:00007a60       ?CL_Drop@@YAXXZ            00408a60 f   cl_main.obj
 0001:00007a7c       ?CL_SendConnectPacket@@YAXXZ 00408a7c f   cl_main.obj
 0001:00007b53       ?CL_CheckForResend@@YAXXZ  00408b53 f   cl_main.obj
 0001:00007c58       ?CL_Connect_f@@YAXXZ       00408c58 f   cl_main.obj
 0001:00007cd9       ?CL_Rcon_f@@YAXXZ          00408cd9 f   cl_main.obj
 0001:00007de4       ?CL_ClearState@@YAXXZ      00408de4 f   cl_main.obj
 0001:00007e23       ?CL_Disconnect@@YAXXZ      00408e23 f   cl_main.obj
 0001:00007f85       ?CL_Disconnect_f@@YAXXZ    00408f85 f   cl_main.obj
 0001:00007f91       ?CL_Changing_f@@YAXXZ      00408f91 f   cl_main.obj
 0001:00007fb5       ?CL_Reconnect_f@@YAXXZ     00408fb5 f   cl_main.obj
 0001:00008051       ?CL_PingServers_f@@YAXXZ   00409051 f   cl_main.obj
 0001:000081b9       ?CL_Skins_f@@YAXXZ         004091b9 f   cl_main.obj
 0001:000081f5       ?CL_ConnectionlessPacket@@YAXXZ 004091f5 f   cl_main.obj
 0001:00008555       ?CL_ReadPackets@@YAXXZ     00409555 f   cl_main.obj
 0001:0000869a       ?CL_FixUpGender@@YAXXZ     0040969a f   cl_main.obj
 0001:0000874c       ?CL_Userinfo_f@@YAXXZ      0040974c f   cl_main.obj
 0001:00008764       ?CL_Snd_Restart_f@@YAXXZ   00409764 f   cl_main.obj
 0001:00008773       ?CL_RequestNextDownload@@YAXXZ 00409773 f   cl_main.obj
 0001:00008db4       ?CL_Precache_f@@YAXXZ      00409db4 f   cl_main.obj
 0001:00008e18       ?CL_WriteConfiguration@@YAXPAD@Z 00409e18 f   cl_main.obj
 0001:00008ed3       ?CL_WriteConfig_f@@YAXXZ   00409ed3 f   cl_main.obj
 0001:00008f32       ?CL_InitLocal@@YAXXZ       00409f32 f   cl_main.obj
 0001:00009157       ?CL_FixCvarCheats@@YAXXZ   0040a157 f   cl_main.obj
 0001:000091b1       ?CL_Frame@@YAXMH@Z         0040a1b1 f   cl_main.obj
 0001:000093ba       ?CL_Init@@YAXXZ            0040a3ba f   cl_main.obj
 0001:0000944a       ?CL_Shutdown@@YAX_N@Z      0040a44a f   cl_main.obj
 0001:00009493       ?CL_Flashlight@@YAXHQAM@Z  0040a493 f   cl_newfx.obj
 0001:000094cd       ?CL_ColorFlash@@YAXQAMHHMMM@Z 0040a4cd f   cl_newfx.obj
 0001:00009509       ?CL_DebugTrail@@YAXQAM0@Z  0040a509 f   cl_newfx.obj
 0001:000095e9       ?CL_ForceWall@@YAXQAM0H@Z  0040a5e9 f   cl_newfx.obj
 0001:00009710       ?CL_BubbleTrail2@@YAXQAM0H@Z 0040a710 f   cl_newfx.obj
 0001:0000983a       ?CL_Heatbeam@@YAXQAM0@Z    0040a83a f   cl_newfx.obj
 0001:00009aeb       ?CL_ParticleSteamEffect@@YAXQAM0HHH@Z 0040aaeb f   cl_newfx.obj
 0001:00009c15       ?CL_ParticleSteamEffect2@@YAXPAUcl_sustain_s@@@Z 0040ac15 f   cl_newfx.obj
 0001:00009d4c       ?CL_TrackerTrail@@YAXQAM0H@Z 0040ad4c f   cl_newfx.obj
 0001:00009faf       ?CL_Tracker_Shell@@YAXQAM@Z 0040afaf f   cl_newfx.obj
 0001:0000a038       ?CL_MonsterPlasma_Shell@@YAXQAM@Z 0040b038 f   cl_newfx.obj
 0001:0000a0be       ?CL_Widowbeamout@@YAXPAUcl_sustain_s@@@Z 0040b0be f   cl_newfx.obj
 0001:0000a17a       ?CL_Nukeblast@@YAXPAUcl_sustain_s@@@Z 0040b17a f   cl_newfx.obj
 0001:0000a236       ?CL_WidowSplash@@YAXQAM@Z  0040b236 f   cl_newfx.obj
 0001:0000a2fe       ?CL_TagTrail@@YAXQAM0M@Z   0040b2fe f   cl_newfx.obj
 0001:0000a3fe       ?CL_ColorExplosionParticles@@YAXQAMHH@Z 0040b3fe f   cl_newfx.obj
 0001:0000a4ab       ?CL_ParticleSmokeEffect@@YAXQAM0HHH@Z 0040b4ab f   cl_newfx.obj
 0001:0000a5d3       ?CL_BlasterParticles2@@YAXQAM0I@Z 0040b5d3 f   cl_newfx.obj
 0001:0000a6a0       ?CL_BlasterTrail2@@YAXQAM0@Z 0040b6a0 f   cl_newfx.obj
 0001:0000a793       ?CL_CheckOrDownloadFile@@YA_NPAD@Z 0040b793 f   cl_parse.obj
 0001:0000aa0b       ?CL_Download_f@@YAXXZ      0040ba0b f   cl_parse.obj
 0001:0000aad6       ?CL_RegisterSounds@@YAXXZ  0040bad6 f   cl_parse.obj
 0001:0000ab15       ?CL_ParseDownload@@YAXXZ   0040bb15 f   cl_parse.obj
 0001:0000ac82       ?CL_ParseServerData@@YAXXZ 0040bc82 f   cl_parse.obj
 0001:0000ad88       ?CL_ParseBaseline@@YAXXZ   0040bd88 f   cl_parse.obj
 0001:0000add0       ?CL_LoadClientinfo@@YAXPAUclientinfo_t@@PAD@Z 0040bdd0 f   cl_parse.obj
 0001:0000b0ba       ?CL_ParseClientinfo@@YAXH@Z 0040c0ba f   cl_parse.obj
 0001:0000b0de       ?CL_ParseConfigString@@YAXXZ 0040c0de f   cl_parse.obj
 0001:0000b278       ?CL_ParseStartSoundPacket@@YAXXZ 0040c278 f   cl_parse.obj
 0001:0000b377       ?CL_ParseServerMessage@@YAXXZ 0040c377 f   cl_parse.obj
 0001:0000b6cd       ?CL_CheckPredictionError@@YAXXZ 0040c6cd f   cl_pred.obj
 0001:0000b873       ?CL_EntityTrace@@YAXPAUtrace_t@@QAM111H@Z 0040c873 f   cl_pred.obj
 0001:0000bc2d       ?CL_Trace@@YAXPAUtrace_t@@QAM111H@Z 0040cc2d f   cl_pred.obj
 0001:0000bcaf       ?CL_PMpointcontents@@YAHQAM@Z 0040ccaf f   cl_pred.obj
 0001:0000be39       ?CL_PredictMovement@@YAXXZ 0040ce39 f   cl_pred.obj
 0001:0000c1e2       ?DrawString@@YAXHHPBD@Z    0040d1e2 f   cl_scrn.obj
 0001:0000c227       ?CL_AddNetgraph@@YAXXZ     0040d227 f   cl_scrn.obj
 0001:0000c301       ?SCR_DebugGraph@@YAXMH@Z   0040d301 f   cl_scrn.obj
 0001:0000c329       ?SCR_CenterPrint@@YAXPAD@Z 0040d329 f   cl_scrn.obj
 0001:0000c42d       ?SCR_DrawCenterString@@YAXXZ 0040d42d f   cl_scrn.obj
 0001:0000c4fb       ?SCR_Sky_f@@YAXXZ          0040d4fb f   cl_scrn.obj
 0001:0000c5a6       ?SCR_Init@@YAXXZ           0040d5a6 f   cl_scrn.obj
 0001:0000c5ea       ?SCR_SetLevelshot@@YAXPAD@Z 0040d5ea f   cl_scrn.obj
 0001:0000c673       ?SCR_SetLevelshot2@@YAXXZ  0040d673 f   cl_scrn.obj
 0001:0000c6cd       ?SCR_ShowConsole@@YAX_N0@Z 0040d6cd f   cl_scrn.obj
 0001:0000c7b2       ?SCR_BeginLoadingPlaque@@YAXXZ 0040d7b2 f   cl_scrn.obj
 0001:0000c841       ?SCR_EndLoadingPlaque@@YAX_N@Z 0040d841 f   cl_scrn.obj
 0001:0000c8cc       ?SCR_Loading_f@@YAXXZ      0040d8cc f   cl_scrn.obj
 0001:0000c8d1       ?SCR_TimeRefresh_f@@YAXXZ  0040d8d1 f   cl_scrn.obj
 0001:0000c9a8       ?SCR_TileClear@@YAXXZ      0040d9a8 f   cl_scrn.obj
 0001:0000ca4d       ?SCR_TouchPics@@YAXXZ      0040da4d f   cl_scrn.obj
 0001:0000cae0       ?SCR_ExecuteLayoutString@@YAXPAD@Z 0040dae0 f   cl_scrn.obj
 0001:0000d407       ?SCR_UpdateScreen@@YAXXZ   0040e407 f   cl_scrn.obj
 0001:0000dc4a       ?CL_RegisterTEntSounds@@YAXXZ 0040ec4a f   cl_tent.obj
 0001:0000de8f       ?CL_RegisterTEntModels@@YAXXZ 0040ee8f f   cl_tent.obj
 0001:0000e015       ?CL_ClearTEnts@@YAXXZ      0040f015 f   cl_tent.obj
 0001:0000e05c       ?CL_AllocExplosion@@YAPAUexplosion_t@@QAMW4exptype_t@@@Z 0040f05c f   cl_tent.obj
 0001:0000e0fa       ?CL_AddExplosions@@YAXXZ   0040f0fa f   cl_tent.obj
 0001:0000e2cf       ?CL_SmokeAndFlash@@YAXQAM@Z 0040f2cf f   cl_tent.obj
 0001:0000e317       ?CL_ParseBeam@@YAHPAUmodel_s@@@Z 0040f317 f   cl_tent.obj
 0001:0000e3f6       ?CL_ParseBeam2@@YAHPAUmodel_s@@@Z 0040f3f6 f   cl_tent.obj
 0001:0000e4cd       ?CL_ParsePlayerBeam@@YAHPAUmodel_s@@@Z 0040f4cd f   cl_tent.obj
 0001:0000e5db       ?CL_ParseLightning@@YAHPAUmodel_s@@@Z 0040f5db f   cl_tent.obj
 0001:0000e6a7       ?CL_ParseLaser@@YAXI@Z     0040f6a7 f   cl_tent.obj
 0001:0000e723       ?CL_ParseSteam@@YAXXZ      0040f723 f   cl_tent.obj
 0001:0000e834       ?CL_ParseWidow@@YAXXZ      0040f834 f   cl_tent.obj
 0001:0000e8a0       ?CL_ParseNuke@@YAXXZ       0040f8a0 f   cl_tent.obj
 0001:0000e90a       ?CL_ParseTEnt@@YAXXZ       0040f90a f   cl_tent.obj
 0001:0000f72c       ?CL_AddBeams@@YAXXZ        0041072c f   cl_tent.obj
 0001:0000fa6d       ?CL_AddPlayerBeams@@YAXXZ  00410a6d f   cl_tent.obj
 0001:00010162       ?CL_ProcessSustain@@YAXXZ  00411162 f   cl_tent.obj
 0001:000101a3       ?CL_AddTEnts@@YAXXZ        004111a3 f   cl_tent.obj
 0001:000101b7       ?V_AddEntity@@YAXPAUentity_s@@@Z 004111b7 f   cl_view.obj
 0001:000101e6       ?V_AddLight@@YAXQAMMMMM@Z  004111e6 f   cl_view.obj
 0001:0001022b       ?V_TestParticles@@YAXXZ    0041122b f   cl_view.obj
 0001:000102e9       ?V_TestEntities@@YAXXZ     004112e9 f   cl_view.obj
 0001:0001038b       ?V_TestLights@@YAXXZ       0041138b f   cl_view.obj
 0001:0001045e       ?CL_PrepRefresh@@YAXXZ     0041145e f   cl_view.obj
 0001:00010720       ?CalcFov@@YAMMMM@Z         00411720 f   cl_view.obj
 0001:00010797       ?SCR_DrawCrosshair@@YAXXZ  00411797 f   cl_view.obj
 0001:0001080c       ?V_RenderView@@YAXM@Z      0041180c f   cl_view.obj
 0001:000113be       ?V_Init@@YAXXZ             004123be f   cl_view.obj
 0001:000115a6       ?Cbuf_Init@@YAXXZ          004125a6 f   cmd.obj
 0001:000115be       ?Cbuf_AddText@@YAXPAD@Z    004125be f   cmd.obj
 0001:00011623       ?Cbuf_InsertText@@YAXPAD@Z 00412623 f   cmd.obj
 0001:0001168a       ?Cbuf_CopyToDefer@@YAXXZ   0041268a f   cmd.obj
 0001:000116cc       ?Cbuf_InsertFromDefer@@YAXXZ 004126cc f   cmd.obj
 0001:000116f5       ?Cbuf_Execute@@YAXXZ       004126f5 f   cmd.obj
 0001:000117e8       ?Cmd_Exec_f@@YAXXZ         004127e8 f   cmd.obj
 0001:0001186d       ?Cmd_Echo_f@@YAXXZ         0041286d f   cmd.obj
 0001:000118af       ?Cmd_Alias_f@@YAXXZ        004128af f   cmd.obj
 0001:000119d6       ?Cmd_Unalias_f@@YAXXZ      004129d6 f   cmd.obj
 0001:00011a62       ?Cmd_WriteAliases@@YAXPAU_iobuf@@@Z 00412a62 f   cmd.obj
 0001:00011a93       ?Cmd_Argc@@YAHXZ           00412a93 f   cmd.obj
 0001:00011a99       ?Cmd_Argv@@YAPADH@Z        00412a99 f   cmd.obj
 0001:00011ab3       ?Cmd_Args@@YAPADXZ         00412ab3 f   cmd.obj
 0001:00011ab9       ?Cmd_TokenizeString@@YAXPAD_N@Z 00412ab9 f   cmd.obj
 0001:00011d96       ?Cmd_AddCommand@@YAXPBDP6AXXZ@Z 00412d96 f   cmd.obj
 0001:00011dec       ?Cmd_RemoveCommand@@YAXPBD@Z 00412dec f   cmd.obj
 0001:00011e2e       ?Cmd_ExecuteString@@YA_NPAD@Z 00412e2e f   cmd.obj
 0001:00011f99       ?Cmd_Init@@YAXXZ           00412f99 f   cmd.obj
 0001:000120b9       ?CMod_GetSurfMaterial@@YA?AW4material_t@@PAD@Z 004130b9 f   cmodel.obj
 0001:00012116       ?CM_LoadMap@@YAPAUcmodel_t@@PAD_NPAI@Z 00413116 f   cmodel.obj
 0001:00012768       ?PlaneTypeForNormal@@YAHQBM@Z 00413768 f i cmodel.obj
 0001:000128d9       ?CM_InlineModel@@YAPAUcmodel_t@@PAD@Z 004138d9 f   cmodel.obj
 0001:00012922       ?CM_NumClusters@@YAHXZ     00413922 f   cmodel.obj
 0001:00012928       ?CM_NumInlineModels@@YAHXZ 00413928 f   cmodel.obj
 0001:0001292e       ?CM_EntityString@@YAPADXZ  0041392e f   cmodel.obj
 0001:00012934       ?CM_LeafContents@@YAHH@Z   00413934 f   cmodel.obj
 0001:0001295b       ?CM_LeafCluster@@YAHH@Z    0041395b f   cmodel.obj
 0001:000129ce       ?CM_LeafArea@@YAHH@Z       004139ce f   cmodel.obj
 0001:000129f6       ?CM_InitBoxHull@@YAXXZ     004139f6 f   cmodel.obj
 0001:00012b86       ?CM_HeadnodeForBox@@YAHQAM0@Z 00413b86 f   cmodel.obj
 0001:00012c3b       ?CM_PointLeafnum@@YAHQAM@Z 00413c3b f   cmodel.obj
 0001:00012ce6       ?DISTANCE_TO_PLANE@@YAMQBMPBUcplane_t@@@Z 00413ce6 f i cmodel.obj
 0001:00012d2e       ?CM_PointContents@@YAHQAMH@Z 00413d2e f   cmodel.obj
 0001:00012da4       ?CM_TransformedPointContents@@YAHQAMH00@Z 00413da4 f   cmodel.obj
 0001:00012edd       ?CM_TransformedPointContents2@@YAHQAMH0PAY02M@Z 00413edd f   cmodel.obj
 0001:00012fce       ?CM_BoxLeafnums@@YAHQAM0PAHH1@Z 00413fce f   cmodel.obj
 0001:000130ed       ?BOX_ON_PLANE_SIDE@@YAHQBM0PBUcplane_t@@@Z 004140ed f i cmodel.obj
 0001:00013172       ?CM_BoxTrace@@YAXPAUtrace_t@@QBM111HH@Z 00414172 f   cmodel.obj
 0001:00013bbb       ?CM_TransformedBoxTrace@@YAXPAUtrace_t@@QBM111HH11@Z 00414bbb f   cmodel.obj
 0001:00013e8b       ?CM_TransformedBoxTrace2@@YAXPAUtrace_t@@QBM111HH1PAY02$$CBM@Z 00414e8b f   cmodel.obj
 0001:000140a0       ?CM_BrushTrace@@YAHQBM0PAHH@Z 004150a0 f   cmodel.obj
 0001:000144be       ?CM_RefineBrushTrace@@YAHQBM0PAHH@Z 004154be f   cmodel.obj
 0001:00014563       ?CM_ClusterPVS@@YAPAEH@Z   00415563 f   cmodel.obj
 0001:00014688       ?CM_ClusterPHS@@YAPAEH@Z   00415688 f   cmodel.obj
 0001:00014724       ?FloodAreaConnections@@YAXXZ 00415724 f   cmodel.obj
 0001:000147db       ?CM_SetAreaPortalState@@YAXH_N@Z 004157db f   cmodel.obj
 0001:00014804       ?CM_AreasConnected@@YA_NHH@Z 00415804 f   cmodel.obj
 0001:0001484c       ?CM_WriteAreaBits@@YAHPAEH@Z 0041584c f   cmodel.obj
 0001:000148dc       ?CM_WritePortalState@@YAXPAU_iobuf@@@Z 004158dc f   cmodel.obj
 0001:000148f6       ?CM_ReadPortalState@@YAXPAU_iobuf@@@Z 004158f6 f   cmodel.obj
 0001:00014914       ?CM_HeadnodeVisible@@YA_NHPAE@Z 00415914 f   cmodel.obj
 0001:000149e9       ?Com_BeginRedirect@@YAXPADHP6AX0@Z@Z 004159e9 f   common.obj
 0001:00014a16       ?Com_EndRedirect@@YAXXZ    00415a16 f   common.obj
 0001:00014a35       ?Com_Printf@@YAXPBDZZ      00415a35 f   common.obj
 0001:00014bda       ?Com_DPrintf@@YAXPBDZZ     00415bda f   common.obj
 0001:00014c57       ?DebugPrintf@@YAXPBDZZ     00415c57 f   common.obj
 0001:00014d01       ?Com_WPrintf@@YAXPBDZZ     00415d01 f   common.obj
 0001:00014d5f       ?Com_FatalError@@YAXPBDZZ  00415d5f f   common.obj
 0001:00014e04       ?Com_DropError@@YAXPBDZZ   00415e04 f   common.obj
 0001:00014e97       ?appUnwindPrefix@@YAXPBD@Z 00415e97 f   common.obj
 0001:00014eef       ?appUnwindThrow@@YAXPBDZZ  00415eef f   common.obj
 0001:00014f77       ?Com_ResetErrorState@@YAXXZ 00415f77 f   common.obj
 0001:00014f8c       ?Com_Quit@@YAXXZ           00415f8c f   common.obj
 0001:00014fbf       ?MatchWildcard@@YA_NPBD0_N@Z 00415fbf f   common.obj
 0001:0001515b       ?IPWildcard@@YA_NPAUnetadr_t@@PAD@Z 0041615b f   common.obj
 0001:00015235       ?Com_ServerState@@YA?AW4server_state_t@@XZ 00416235 f   common.obj
 0001:0001523b       ?Com_SetServerState@@YAXW4server_state_t@@@Z 0041623b f   common.obj
 0001:00015245       ?MSG_WriteByte@@YAXPAUsizebuf_s@@H@Z 00416245 f   common.obj
 0001:00015245       ?MSG_WriteChar@@YAXPAUsizebuf_s@@H@Z 00416245 f   common.obj
 0001:00015259       ?MSG_WriteShort@@YAXPAUsizebuf_s@@H@Z 00416259 f   common.obj
 0001:00015273       ?MSG_WriteLong@@YAXPAUsizebuf_s@@H@Z 00416273 f   common.obj
 0001:0001529d       ?MSG_WriteFloat@@YAXPAUsizebuf_s@@M@Z 0041629d f   common.obj
 0001:000152c3       ?MSG_WriteString@@YAXPAUsizebuf_s@@PAD@Z 004162c3 f   common.obj
 0001:000152fb       ?MSG_WriteCoord@@YAXPAUsizebuf_s@@M@Z 004162fb f   common.obj
 0001:0001532a       ?MSG_WritePos@@YAXPAUsizebuf_s@@QAM@Z 0041632a f   common.obj
 0001:000153ac       ?MSG_WriteAngle@@YAXPAUsizebuf_s@@M@Z 004163ac f   common.obj
 0001:000153d5       ?MSG_WriteAngle16@@YAXPAUsizebuf_s@@M@Z 004163d5 f   common.obj
 0001:0001540c       ?MSG_WriteDeltaUsercmd@@YAXPAUsizebuf_s@@PAUusercmd_t@@1@Z 0041640c f   common.obj
 0001:00015594       ?MSG_WriteDir@@YAXPAUsizebuf_s@@QAM@Z 00416594 f   common.obj
 0001:00015601       ?MSG_ReadDir@@YAXPAUsizebuf_s@@QAM@Z 00416601 f   common.obj
 0001:00015636       ?MSG_WriteDeltaEntity@@YAXPAUentity_state_t@@0PAUsizebuf_s@@_N2@Z 00416636 f   common.obj
 0001:00015b3e       ?MSG_BeginReading@@YAXPAUsizebuf_s@@@Z 00416b3e f   common.obj
 0001:00015b47       ?MSG_ReadChar@@YAHPAUsizebuf_s@@@Z 00416b47 f   common.obj
 0001:00015b68       ?MSG_ReadByte@@YAHPAUsizebuf_s@@@Z 00416b68 f   common.obj
 0001:00015b89       ?MSG_ReadShort@@YAHPAUsizebuf_s@@@Z 00416b89 f   common.obj
 0001:00015bb9       ?MSG_ReadLong@@YAHPAUsizebuf_s@@@Z 00416bb9 f   common.obj
 0001:00015bf8       ?MSG_ReadString@@YAPADPAUsizebuf_s@@@Z 00416bf8 f   common.obj
 0001:00015c2b       ?MSG_ReadCoord@@YAMPAUsizebuf_s@@@Z 00416c2b f   common.obj
 0001:00015c45       ?MSG_ReadPos@@YAXPAUsizebuf_s@@QAM@Z 00416c45 f   common.obj
 0001:00015c97       ?MSG_ReadAngle@@YAMPAUsizebuf_s@@@Z 00416c97 f   common.obj
 0001:00015cb1       ?MSG_ReadAngle16@@YAMPAUsizebuf_s@@@Z 00416cb1 f   common.obj
 0001:00015ccb       ?MSG_ReadDeltaUsercmd@@YAXPAUsizebuf_s@@PAUusercmd_t@@1@Z 00416ccb f   common.obj
 0001:00015d82       ?MSG_ReadData@@YAXPAUsizebuf_s@@PAXH@Z 00416d82 f   common.obj
 0001:00015da5       ?SZ_Init@@YAXPAUsizebuf_s@@PAXH@Z 00416da5 f   common.obj
 0001:00015dc7       ?SZ_Clear@@YAXPAUsizebuf_s@@@Z 00416dc7 f   common.obj
 0001:00015dd4       ?SZ_GetSpace@@YAPAXPAUsizebuf_s@@H@Z 00416dd4 f   common.obj
 0001:00015e35       ?SZ_Write@@YAXPAUsizebuf_s@@PAXH@Z 00416e35 f   common.obj
 0001:00015e56       ?SZ_Insert@@YAXPAUsizebuf_s@@PAXHH@Z 00416e56 f   common.obj
 0001:00015ea9       ?SZ_Print@@YAXPAUsizebuf_s@@PAD@Z 00416ea9 f   common.obj
 0001:00015ef2       ?Info_Print@@YAXPAD@Z      00416ef2 f   common.obj
 0001:00015faf       ?COM_BlockSequenceCRCByte@@YAEPAEHH@Z 00416faf f   common.obj
 0001:0001603b       ?frand@@YAMXZ              0041703b f   common.obj
 0001:00016058       ?crand@@YAMXZ              00417058 f   common.obj
 0001:0001607b       ?COM_CheckCmdlineVar@@YA_NPBD@Z 0041707b f   common.obj
 0001:000160d1       ?QCommon_Init@@YAXPAD@Z    004170d1 f   common.obj
 0001:000164a8       ?QCommon_Frame@@YAXH@Z     004174a8 f   common.obj
 0001:0001677f       ?Con_ToggleConsole_f@@YAXXZ 0041777f f   console.obj
 0001:000167b1       ?Con_ClearNotify@@YAXXZ    004177b1 f   console.obj
 0001:000167c3       ?Con_CheckResize@@YAXXZ    004177c3 f   console.obj
 0001:000168ea       ?Con_Print@@YAXPAD@Z       004178ea f   console.obj
 0001:00016bee       ?Con_DrawNotify@@YAX_N@Z   00417bee f   console.obj
 0001:00016dda       ?Con_DrawConsole@@YAXM@Z   00417dda f   console.obj
 0001:000171b0       ?Key_Console@@YAXHH@Z      004181b0 f   console.obj
 0001:0001773d       ?Key_Message@@YAXH@Z       0041873d f   console.obj
 0001:000177d9       ?Con_Init@@YAXXZ           004187d9 f   console.obj
 0001:000179a2       ?CRC_Block@@YAGPAEH@Z      004189a2 f   crc.obj
 0001:000179de       ?Cvar_VariableValue@@YAMPBD@Z 004189de f   cvar.obj
 0001:00017a4c       ?Cvar_VariableInt@@YAHPBD@Z 00418a4c f   cvar.obj
 0001:00017a5f       ?Cvar_VariableString@@YAPADPBD@Z 00418a5f f   cvar.obj
 0001:00017a77       ?Cvar_Get@@YAPAUcvar_s@@PBD0H@Z 00418a77 f   cvar.obj
 0001:00017d05       ?Cvar_GetVars@@YAXPBUcvarInfo_t@@H@Z 00418d05 f   cvar.obj
 0001:00017d56       ?Cvar_FullSet@@YAPAUcvar_s@@PBD0H@Z 00418d56 f   cvar.obj
 0001:00017db0       ?Cvar_SetValue@@YAPAUcvar_s@@PBDM@Z 00418db0 f   cvar.obj
 0001:0001800e       ?Cvar_SetInteger@@YAPAUcvar_s@@PBDH@Z 0041900e f   cvar.obj
 0001:00018030       ?Cvar_Set@@YAPAUcvar_s@@PBD0@Z 00419030 f   cvar.obj
 0001:00018045       ?Cvar_ForceSet@@YAPAUcvar_s@@PBD0@Z 00419045 f   cvar.obj
 0001:0001805a       ?Cvar_Clamp@@YAMPAUcvar_s@@MM@Z 0041905a f   cvar.obj
 0001:000180e4       ?Cvar_ClampName@@YAMPBDMM@Z 004190e4 f   cvar.obj
 0001:00018135       ?Cvar_GetLatchedVars@@YAXXZ 00419135 f   cvar.obj
 0001:00018164       ?Cvar_Command@@YA_NXZ      00419164 f   cvar.obj
 0001:00018210       ?Cvar_WriteVariables@@YAXPAU_iobuf@@HHPBD@Z 00419210 f   cvar.obj
 0001:000182a3       ?Cvar_BitInfo@@YAPADH@Z    004192a3 f   cvar.obj
 0001:000182dc       ?Cvar_Userinfo@@YAPADXZ    004192dc f   cvar.obj
 0001:000182e5       ?Cvar_Serverinfo@@YAPADXZ  004192e5 f   cvar.obj
 0001:000182ee       ?Cvar_Cheats@@YAX_N@Z      004192ee f   cvar.obj
 0001:00018344       ?Cvar_Init@@YAXXZ          00419344 f   cvar.obj
 0001:000189eb       ?FS_CreatePath@@YAXPAD@Z   004199eb f   files.obj
 0001:00018a35       ?FS_CopyFile@@YAXPAD0@Z    00419a35 f   files.obj
 0001:00018b38       ?FS_CopyFiles@@YAXPAD0@Z   00419b38 f   files.obj
 0001:00018c11       ?FS_RemoveFiles@@YAXPAD@Z  00419c11 f   files.obj
 0001:00018c85       ?FS_FCloseFile@@YAXPAU_iobuf@@@Z 00419c85 f   files.obj
 0001:00018d17       ?FS_FOpenFile@@YAHPADPAPAU_iobuf@@@Z 00419d17 f   files.obj
 0001:0001923c       ?FS_FileExists@@YA_NPAD@Z  0041a23c f   files.obj
 0001:00019478       ?FS_Read@@YAXPAXHPAU_iobuf@@@Z 0041a478 f   files.obj
 0001:000196b5       ?FS_LoadFile@@YAHPADPAPAX@Z 0041a6b5 f   files.obj
 0001:00019717       ?FS_FreeFile@@YAXPAX@Z     0041a717 f   files.obj
 0001:00019722       ?FS_Gamedir@@YAPADXZ       0041a722 f   files.obj
 0001:00019736       ?FS_LoadGameConfig@@YAXXZ  0041a736 f   files.obj
 0001:000197fb       ?FS_SetGamedir@@YA_NPBD@Z  0041a7fb f   files.obj
 0001:00019ea4       ?FS_ListFiles@@YAPAUbasenamed_s@@PADPAHH@Z 0041aea4 f   files.obj
 0001:0001a1b0       ?FS_NextPath@@YAPADPAD@Z   0041b1b0 f   files.obj
 0001:0001a1d4       ?FS_InitFilesystem@@YAXXZ  0041b1d4 f   files.obj
 0001:0001ab97       ?LoadPCX@@YAXPADPAPAE1PAH2@Z 0041bb97 f   images.obj
 0001:0001accc       ?LoadTGA@@YAXPADPAPAEPAH2@Z 0041bccc f   images.obj
 0001:0001aebb       ?LoadJPG@@YAXPADPAPAEPAH2@Z 0041bebb f   images.obj
 0001:0001b14c       ?ImageExists@@YAHPADH@Z    0041c14c f   images.obj
 0001:0001b246       ?WriteTGA@@YA_NPADPAEHH@Z  0041c246 f   images.obj
 0001:0001b430       ?WriteJPG@@YA_NPADPAEHH_N@Z 0041c430 f   images.obj
 0001:0001b557       ?IN_MLookDown@@YAXXZ       0041c557 f   in_win.obj
 0001:0001b55f       ?IN_MLookUp@@YAXXZ         0041c55f f   in_win.obj
 0001:0001b582       ?IN_MouseEvent@@YAXH@Z     0041c582 f   in_win.obj
 0001:0001b5ec       ?IN_Commands@@YAXXZ        0041c5ec f   in_win.obj
 0001:0001b71d       ?IN_Init@@YAXXZ            0041c71d f   in_win.obj
 0001:0001ba1a       ?IN_Shutdown@@YAXXZ        0041ca1a f   in_win.obj
 0001:0001bafe       ?IN_Move@@YAXPAUusercmd_t@@@Z 0041cafe f   in_win.obj
 0001:0001c059       ?IN_Activate@@YAX_N@Z      0041d059 f   in_win.obj
 0001:0001c070       ?IN_Frame@@YAXXZ           0041d070 f   in_win.obj
 0001:0001c436       ?Key_KeynumToString@@YAPBDH@Z 0041d436 f   keys.obj
 0001:0001c4d0       ?CompleteCommand@@YAXXZ    0041d4d0 f   keys.obj
 0001:0001ce2a       ?Key_SetBinding@@YAXHPBD@Z 0041de2a f   keys.obj
 0001:0001ce68       ?Key_FindBinding@@YAHPBDPAHH@Z 0041de68 f   keys.obj
 0001:0001ceb6       ?Key_WriteBindings@@YAXPAU_iobuf@@@Z 0041deb6 f   keys.obj
 0001:0001cefe       ?Key_Init@@YAXXZ           0041defe f   keys.obj
 0001:0001d1e6       ?Key_Event@@YAXH_NI@Z      0041e1e6 f   keys.obj
 0001:0001d534       ?Key_ClearStates@@YAXXZ    0041e534 f   keys.obj
 0001:0001d56b       ?Key_ClearTyping@@YAXXZ    0041e56b f   keys.obj
 0001:0001d584       ?MD4Init@@YAXPAUMD4_CTX@@@Z 0041e584 f   md4.obj
 0001:0001d5ac       ?MD4Update@@YAXPAUMD4_CTX@@PAEI@Z 0041e5ac f   md4.obj
 0001:0001d64a       ?MD4Final@@YAXQAEPAUMD4_CTX@@@Z 0041e64a f   md4.obj
 0001:0001dd3b       ?Com_BlockChecksum@@YAIPAXH@Z 0041ed3b f   md4.obj
 0001:0001dd77       ?Z_Free@@YAXPAX@Z          0041ed77 f   memory.obj
 0001:0001ddcf       ?Z_FreeTags@@YAXH@Z        0041edcf f   memory.obj
 0001:0001ddff       ?Z_TagMalloc@@YAPAXHH@Z    0041edff f   memory.obj
 0001:0001de6e       ?Z_Malloc@@YAPAXH@Z        0041ee6e f   memory.obj
 0001:0001de90       ?Z_BlockMalloc@@YAPAXH@Z   0041ee90 f   memory.obj
 0001:0001deab       ?CreateMemoryChain@@YAPAXXZ 0041eeab f   memory.obj
 0001:0001df11       ?FreeMemoryChain@@YAXPAX@Z 0041ef11 f   memory.obj
 0001:0001df3b       ?AllocChainBlock@@YAPAXPAXH@Z 0041ef3b f   memory.obj
 0001:0001df86       ?CopyString@@YAPADPBD@Z    0041ef86 f   memory.obj
 0001:0001dfb1       ?ChainCopyString@@YAPADPBDPAX@Z 0041efb1 f   memory.obj
 0001:0001dfde       ?AllocNamedStruc@@YAPAUbasenamed_s@@HPAD@Z 0041efde f   memory.obj
 0001:0001e01c       ?ChainAllocNamedStruc@@YAPAUbasenamed_s@@HPADPAX@Z 0041f01c f   memory.obj
 0001:0001e05b       ?FindNamedStruc@@YAPAUbasenamed_s@@PADPAU1@PAPAU1@@Z 0041f05b f   memory.obj
 0001:0001e09f       ?FindNamedStrucByIndex@@YAPAUbasenamed_s@@PAU1@H@Z 0041f09f f   memory.obj
 0001:0001e0b6       ?IndexOfNamedStruc@@YAHPADPAUbasenamed_s@@@Z 0041f0b6 f   memory.obj
 0001:0001e0e4       ?AddToNamedList@@YAPAUbasenamed_s@@PADPAU1@@Z 0041f0e4 f   memory.obj
 0001:0001e12e       ?ChainAddToNamedList@@YAPAUbasenamed_s@@PADPAU1@PAX@Z 0041f12e f   memory.obj
 0001:0001e178       ?FreeNamedList@@YAXPAUbasenamed_s@@@Z 0041f178 f   memory.obj
 0001:0001e193       ?Z_Init@@YAXXZ             0041f193 f   memory.obj
 0001:0001e1ce       ?M_PushMenu@@YAXP6AXXZP6APBDH@Z@Z 0041f1ce f   menu.obj
 0001:0001e263       ?M_ForceMenuOff@@YAXXZ     0041f263 f   menu.obj
 0001:0001e296       ?M_ForceMenuOn@@YAXXZ      0041f296 f   menu.obj
 0001:0001e2af       ?M_PopMenu@@YAXXZ          0041f2af f   menu.obj
 0001:0001e300       ?Default_MenuKey@@YAPBDPAUmenuFramework_s@@H@Z 0041f300 f   menu.obj
 0001:0001e420       ?M_Print@@YAXHHPAD@Z       0041f420 f   menu.obj
 0001:0001e466       ?M_DrawTextBox@@YAXHHHH@Z  0041f466 f   menu.obj
 0001:0001e652       ?M_Main_Draw@@YAXXZ        0041f652 f   menu.obj
 0001:0001e7d6       ?M_Main_Key@@YAPBDH@Z      0041f7d6 f   menu.obj
 0001:0001e8d0       ?M_Menu_Main_f@@YAXXZ      0041f8d0 f   menu.obj
 0001:0001e8f1       ?M_Menu_Multiplayer_f@@YAXXZ 0041f8f1 f   menu.obj
 0001:0001eac9       ?M_Menu_Keys_f@@YAXXZ      0041fac9 f   menu.obj
 0001:0001ef31       ?M_Menu_Options_f@@YAXXZ   0041ff31 f   menu.obj
 0001:0001f83c       ?M_Menu_Video_f@@YAXXZ     0042083c f   menu.obj
 0001:0001f85d       ?M_Menu_Credits_f@@YAXXZ   0042085d f   menu.obj
 0001:0001fa3d       ?M_Menu_Game_f@@YAXXZ      00420a3d f   menu.obj
 0001:0001fcb0       ?M_Menu_LoadGame_f@@YAXXZ  00420cb0 f   menu.obj
 0001:0001ff83       ?M_Menu_SaveGame_f@@YAXXZ  00420f83 f   menu.obj
 0001:000200e3       ?M_AddToServerList@@YAXUnetadr_t@@PAD@Z 004210e3 f   menu.obj
 0001:00020156       ?M_Menu_JoinServer_f@@YAXXZ 00421156 f   menu.obj
 0001:000203be       ?M_Menu_StartServer_f@@YAXXZ 004213be f   menu.obj
 0001:00020bf3       ?M_Menu_DMOptions_f@@YAXXZ 00421bf3 f   menu.obj
 0001:00021394       ?M_Menu_DownloadOptions_f@@YAXXZ 00422394 f   menu.obj
 0001:00021616       ?M_Menu_AddressBook_f@@YAXXZ 00422616 f   menu.obj
 0001:000229d7       ?M_Init@@YAXXZ             004239d7 f   menu.obj
 0001:00022afb       ?M_Draw@@YAXXZ             00423afb f   menu.obj
 0001:00022b4c       ?M_Keydown@@YAXH@Z         00423b4c f   menu.obj
 0001:00022b68       ?LoadQ2BspFile@@YAXXZ      00423b68 f   model.obj
 0001:0002312e       ?LoadBspFile@@YAPAUbspfile_t@@PAD_NPAI@Z 0042412e f   model.obj
 0001:000232ea       ?ProcessEntstring@@YAPADPAD@Z 004242ea f   model.obj
 0001:0002415e       ?Netchan_Init@@YAXXZ       0042515e f   net_chan.obj
 0001:000241be       ?Netchan_OutOfBand@@YAXW4netsrc_t@@Unetadr_t@@HPAX@Z 004251be f   net_chan.obj
 0001:0002421e       ?Netchan_OutOfBandPrint@@YAXW4netsrc_t@@Unetadr_t@@PADZZ 0042521e f   net_chan.obj
 0001:00024263       ?Netchan_Setup@@YAXW4netsrc_t@@PAUnetchan_t@@Unetadr_t@@H@Z 00425263 f   net_chan.obj
 0001:000242c0       ?Netchan_NeedReliable@@YA_NPAUnetchan_t@@@Z 004252c0 f   net_chan.obj
 0001:000242ea       ?Netchan_Transmit@@YAXPAUnetchan_t@@HPAX@Z 004252ea f   net_chan.obj
 0001:0002448d       ?Netchan_Process@@YA_NPAUnetchan_t@@PAUsizebuf_s@@@Z 0042548d f   net_chan.obj
 0001:000245b3       ?NetadrToSockadr@@YAXPAUnetadr_t@@PAUsockaddr@@@Z 004255b3 f   net_wins.obj
 0001:00024655       ?SockadrToNetadr@@YAXPAUsockaddr@@PAUnetadr_t@@@Z 00425655 f   net_wins.obj
 0001:000246b8       ?NET_CompareAdr@@YA_NPAUnetadr_t@@0@Z 004256b8 f   net_wins.obj
 0001:0002471d       ?NET_CompareBaseAdr@@YA_NPAUnetadr_t@@0@Z 0042571d f   net_wins.obj
 0001:00024775       ?NET_AdrToString@@YAPADPAUnetadr_t@@@Z 00425775 f   net_wins.obj
 0001:0002482e       ?NET_StringToSockaddr@@YA_NPADPAUsockaddr@@@Z 0042582e f   net_wins.obj
 0001:00024a66       ?NET_StringToAdr@@YA_NPADPAUnetadr_t@@@Z 00425a66 f   net_wins.obj
 0001:00024abd       ?NET_IsLocalAddress@@YA_NPAUnetadr_t@@@Z 00425abd f   net_wins.obj
 0001:00024ac9       ?NET_GetLoopPacket@@YA_NW4netsrc_t@@PAUnetadr_t@@PAUsizebuf_s@@@Z 00425ac9 f   net_wins.obj
 0001:00024b4f       ?NET_SendLoopPacket@@YAXW4netsrc_t@@HPAXUnetadr_t@@@Z 00425b4f f   net_wins.obj
 0001:00024b9b       ?NET_GetPacket@@YA_NW4netsrc_t@@PAUnetadr_t@@PAUsizebuf_s@@@Z 00425b9b f   net_wins.obj
 0001:00024cb9       ?NET_SendPacket@@YAXW4netsrc_t@@HPAXUnetadr_t@@@Z 00425cb9 f   net_wins.obj
 0001:00024d91       ?NET_IPSocket@@YAHPADH@Z   00425d91 f   net_wins.obj
 0001:00024ea6       ?NET_OpenIP@@YAXXZ         00425ea6 f   net_wins.obj
 0001:00024f22       ?NET_OpenIPX@@YAXXZ        00425f22 f   net_wins.obj
 0001:00025070       ?NET_Config@@YAX_N@Z       00426070 f   net_wins.obj
 0001:00025114       ?NET_Init@@YAXXZ           00426114 f   net_wins.obj
 0001:0002517f       ?Pmove@@YAXPAUpmove_t@@@Z  0042617f f   pmove.obj
 0001:00026f1d       ?NormalizeColor@@YAMQBMQAM@Z 00427f1d f   q_shared2.obj
 0001:00026f7e       ?NormalizeColor255@@YAMQBMQAM@Z 00427f7e f   q_shared2.obj
 0001:00026fe3       ?Q_rsqrt@@YAMM@Z           00427fe3 f   q_shared2.obj
 0001:00027013       ?RotatePointAroundVector@@YAXQAMQBM1M@Z 00428013 f   q_shared2.obj
 0001:00027183       ?AngleVectors@@YAXQBMQAM11@Z 00428183 f   q_shared2.obj
 0001:000272e4       ?ProjectPointOnPlane@@YAXQAMQBM1@Z 004282e4 f   q_shared2.obj
 0001:00027363       ?PerpendicularVector@@YAXQAMQBM@Z 00428363 f   q_shared2.obj
 0001:000273e2       ?MakeNormalVectors@@YAXQAM00@Z 004283e2 f   q_shared2.obj
 0001:00027449       ?MatrixMultiply@@YAXQAY02M00@Z 00428449 f   q_shared2.obj
 0001:00027530       ?SetPlaneSignbits@@YAXPAUcplane_t@@@Z 00428530 f   q_shared2.obj
 0001:00027553       ?LerpAngle@@YAMMMM@Z       00428553 f   q_shared2.obj
 0001:00027596       ?anglemod@@YAMM@Z          00428596 f   q_shared2.obj
 0001:000275c2       ?BoxOnPlaneSide@@YAHQBM0PBUcplane_t@@@Z 004285c2 f   q_shared2.obj
 0001:000276e5       ?ClearBounds@@YAXQAM0@Z    004286e5 f   q_shared2.obj
 0001:0002770e       ?AddPointToBounds@@YAXQBMQAM1@Z 0042870e f   q_shared2.obj
 0001:00027747       ?VectorCompare@@YA_NQBM0@Z 00428747 f   q_shared2.obj
 0001:00027774       ?VectorNormalize@@YAMQAM@Z 00428774 f   q_shared2.obj
 0001:000277c8       ?VectorNormalize2@@YAMQBMQAM@Z 004287c8 f   q_shared2.obj
 0001:00027820       ?VectorNormalizeFast@@YAMQAM@Z 00428820 f   q_shared2.obj
 0001:00027871       ?CrossProduct@@YAXQBM0QAM@Z 00428871 f   q_shared2.obj
 0001:000278ac       ?VectorLength@@YAMQBM@Z    004288ac f   q_shared2.obj
 0001:000278db       ?VectorDistance@@YAMQBM0@Z 004288db f   q_shared2.obj
 0001:0002790c       ?VectorInverse@@YAXQAM@Z   0042890c f   q_shared2.obj
 0001:00027927       ?VectorScale@@YAXQBMMQAM@Z 00428927 f   q_shared2.obj
 0001:0002794b       ?AnglesToAxis@@YAXQBMQAY02M@Z 0042894b f   q_shared2.obj
 0001:00027989       ?COM_FilePath@@YAXPAD0@Z   00428989 f   q_shared2.obj
 0001:000279bf       ?ShortSwap@@YAFF@Z         004289bf f   q_shared2.obj
 0001:000279d4       ?va@@YAPADPADZZ            004289d4 f   q_shared2.obj
 0001:00027a21       ?COM_ParseExt@@YAPADPAPAD_N@Z 00428a21 f   q_shared2.obj
 0001:00027b29       ?COM_QuoteString@@YAPBDPBD_N@Z 00428b29 f   q_shared2.obj
 0001:00027b84       ?Com_PageInMemory@@YAXPAXH@Z 00428b84 f   q_shared2.obj
 0001:00027ba3       ?Q_strncpyz@@YAXPADPBDH@Z  00428ba3 f   q_shared2.obj
 0001:00027bc7       ?Q_strncpylower@@YAXPADPBDH@Z 00428bc7 f   q_shared2.obj
 0001:00027c01       ?Q_CopyFilename@@YAXPADPBDH@Z 00428c01 f   q_shared2.obj
 0001:00027c9d       ?Com_sprintf@@YAHPADHPBDZZ 00428c9d f   q_shared2.obj
 0001:00027ce3       ?Info_ValueForKey@@YAPADPAD0@Z 00428ce3 f   q_shared2.obj
 0001:00027d6e       ?Info_RemoveKey@@YAXPAD0@Z 00428d6e f   q_shared2.obj
 0001:00027df4       ?Info_SetValueForKey@@YAXPAD00@Z 00428df4 f   q_shared2.obj
 0001:00027f2c       ?Menu_ItemAtCursor@@YAPAUmenuCommon_s@@PAUmenuFramework_s@@@Z 00428f2c f   qmenu.obj
 0001:00027f83       ?Field_Key@@YA_NPAUmenuField_t@@H@Z 00428f83 f   qmenu.obj
 0001:000281cf       ?Menu_AddItem@@YAXPAUmenuFramework_s@@PAX@Z 004291cf f   qmenu.obj
 0001:0002824a       ?Menu_AdjustCursor@@YAXPAUmenuFramework_s@@H@Z 0042924a f   qmenu.obj
 0001:00028395       ?Menu_Center@@YAXPAUmenuFramework_s@@@Z 00429395 f   qmenu.obj
 0001:000283d5       ?Menu_DrawDotsItem@@YAXPAUmenuCommon_s@@@Z 004293d5 f   qmenu.obj
 0001:00028414       ?Menu_Draw@@YAXPAUmenuFramework_s@@@Z 00429414 f   qmenu.obj
 0001:0002892f       ?Menu_SelectItem@@YA_NPAUmenuFramework_s@@@Z 0042992f f   qmenu.obj
 0001:00028962       ?Menu_SetStatusBar@@YAXPAUmenuFramework_s@@PBD@Z 00429962 f   qmenu.obj
 0001:0002896e       ?Menu_SlideItem@@YAXPAUmenuFramework_s@@H@Z 0042996e f   qmenu.obj
 0001:00028e85       ?InitRendererVars@@YAXXZ   00429e85 f   ref_vars.obj
 0001:00028ea4       ?S_SoundInfo_f@@YAXXZ      00429ea4 f   snd_dma.obj
 0001:00028f2e       ?S_ReadModelsSex@@YAXXZ    00429f2e f   snd_dma.obj
 0001:00029016       ?S_IsFemale@@YA_NPAD@Z     0042a016 f   snd_dma.obj
 0001:000290a2       ?S_Init@@YAXXZ             0042a0a2 f   snd_dma.obj
 0001:00029172       ?S_Shutdown@@YAXXZ         0042a172 f   snd_dma.obj
 0001:00029208       ?S_FindName@@YAPAUsfx_s@@PAD_N@Z 0042a208 f   snd_dma.obj
 0001:00029342       ?S_AliasName@@YAPAUsfx_s@@PAD0@Z 0042a342 f   snd_dma.obj
 0001:00029409       ?S_BeginRegistration@@YAXXZ 0042a409 f   snd_dma.obj
 0001:00029417       ?S_RegisterSound@@YAPAUsfx_s@@PAD@Z 0042a417 f   snd_dma.obj
 0001:00029480       ?S_EndRegistration@@YAXXZ  0042a480 f   snd_dma.obj
 0001:0002951d       ?S_PickChannel@@YAPAUchannel_t@@HH@Z 0042a51d f   snd_dma.obj
 0001:000295b1       ?S_SpatializeOrigin@@YAXQAMMMPAH1@Z 0042a5b1 f   snd_dma.obj
 0001:000296d8       ?S_Spatialize@@YAXPAUchannel_t@@@Z 0042a6d8 f   snd_dma.obj
 0001:00029749       ?S_AllocPlaysound@@YAPAUplaysound_s@@XZ 0042a749 f   snd_dma.obj
 0001:0002976b       ?S_FreePlaysound@@YAXPAUplaysound_s@@@Z 0042a76b f   snd_dma.obj
 0001:0002979b       ?S_IssuePlaysound@@YAXPAUplaysound_s@@@Z 0042a79b f   snd_dma.obj
 0001:00029868       ?S_StartSound@@YAXQAMHHPAUsfx_s@@MMM@Z 0042a868 f   snd_dma.obj
 0001:00029b11       ?S_StartLocalSound@@YAXPAD@Z 0042ab11 f   snd_dma.obj
 0001:00029b60       ?S_ClearBuffer@@YAXXZ      0042ab60 f   snd_dma.obj
 0001:00029bb8       ?S_StopAllSounds@@YAXXZ    0042abb8 f   snd_dma.obj
 0001:00029c33       ?S_AddLoopSounds@@YAXXZ    0042ac33 f   snd_dma.obj
 0001:00029e09       ?S_RawSamples@@YAXHHHHPAE@Z 0042ae09 f   snd_dma.obj
 0001:0002a00d       ?S_Update@@YAXQAM000@Z     0042b00d f   snd_dma.obj
 0001:0002a108       ?GetSoundtime@@YAXXZ       0042b108 f   snd_dma.obj
 0001:0002a16f       ?S_Update_@@YAXXZ          0042b16f f   snd_dma.obj
 0001:0002a215       ?S_Play@@YAXXZ             0042b215 f   snd_dma.obj
 0001:0002a3e7       ?ResampleSfx@@YAXPAUsfx_s@@HHPAE@Z 0042b3e7 f   snd_mem.obj
 0001:0002a502       ?S_LoadSound@@YAPAUsfxcache_t@@PAUsfx_s@@@Z 0042b502 f   snd_mem.obj
 0001:0002a636       ?GetWavinfo@@YA?AUwavinfo_t@@PADPAEH@Z 0042b636 f   snd_mem.obj
 0001:0002a8aa       ?S_WriteLinearBlastStereo16@@YAXXZ 0042b8aa f   snd_mix.obj
 0001:0002a91e       ?S_TransferStereo16@@YAXPAKH@Z 0042b91e f   snd_mix.obj
 0001:0002a987       ?S_TransferPaintBuffer@@YAXH@Z 0042b987 f   snd_mix.obj
 0001:0002aae3       ?S_PaintChannels@@YAXH@Z   0042bae3 f   snd_mix.obj
 0001:0002ad10       ?S_InitScaletable@@YAXXZ   0042bd10 f   snd_mix.obj
 0001:0002ad64       ?S_PaintChannelFrom8@@YAXPAUchannel_t@@PAUsfxcache_t@@HH@Z 0042bd64 f   snd_mix.obj
 0001:0002ae66       ?S_PaintChannelFrom16@@YAXPAUchannel_t@@PAUsfxcache_t@@HH@Z 0042be66 f   snd_mix.obj
 0001:0002aed1       ?FreeSound@@YAXXZ          0042bed1 f   snd_win.obj
 0001:0002afe1       ?SNDDMA_InitDirect@@YA?AW4sndinitstat_t@@XZ 0042bfe1 f   snd_win.obj
 0001:0002b4bc       ?SNDDMA_Init@@YA_NXZ       0042c4bc f   snd_win.obj
 0001:0002b536       ?SNDDMA_GetDMAPos@@YAHXZ   0042c536 f   snd_win.obj
 0001:0002b580       ?SNDDMA_BeginPainting@@YAXXZ 0042c580 f   snd_win.obj
 0001:0002b682       ?SNDDMA_Submit@@YAXXZ      0042c682 f   snd_win.obj
 0001:0002b6a7       ?SNDDMA_Shutdown@@YAXXZ    0042c6a7 f   snd_win.obj
 0001:0002b6ac       ?S_Activate@@YAX_N@Z       0042c6ac f   snd_win.obj
 0001:0002b6d7       ?SV_SetMaster_f@@YAXXZ     0042c6d7 f   sv_ccmds.obj
 0001:0002b7e9       ?SV_WipeSavegame@@YAXPAD@Z 0042c7e9 f   sv_ccmds.obj
 0001:0002b817       ?SV_CopySaveGame@@YAXPAD0@Z 0042c817 f   sv_ccmds.obj
 0001:0002b86c       ?SV_WriteLevelFile@@YAXXZ  0042c86c f   sv_ccmds.obj
 0001:0002b91a       ?SV_ReadLevelFile@@YAXXZ   0042c91a f   sv_ccmds.obj
 0001:0002b9c8       ?SV_WriteServerFile@@YAX_NPAD@Z 0042c9c8 f   sv_ccmds.obj
 0001:0002bc07       ?SV_ReadServerFile@@YAXXZ  0042cc07 f   sv_ccmds.obj
 0001:0002bd2c       ?SV_DemoMap_f@@YAXXZ       0042cd2c f   sv_ccmds.obj
 0001:0002bdb6       ?SV_GameMap_f@@YAXXZ       0042cdb6 f   sv_ccmds.obj
 0001:0002bf0c       ?SV_Map_f@@YAXXZ           0042cf0c f   sv_ccmds.obj
 0001:0002bf79       ?SV_Loadgame_f@@YAXXZ      0042cf79 f   sv_ccmds.obj
 0001:0002c07e       ?SV_Savegame_f@@YAXXZ      0042d07e f   sv_ccmds.obj
 0001:0002c186       ?SV_AddressBanned@@YA_NPAUnetadr_t@@@Z 0042d186 f   sv_ccmds.obj
 0001:0002c1c7       ?SV_InitOperatorCommands@@YAXXZ 0042d1c7 f   sv_ccmds.obj
 0001:0002cb7d       ?SV_WritePlayerstateToClient@@YAXPAUclient_frame_t@@0PAUsizebuf_s@@@Z 0042db7d f   sv_ents.obj
 0001:0002d0a1       ?SV_WriteFrameToClient@@YAXPAUclient_s@@PAUsizebuf_s@@@Z 0042e0a1 f   sv_ents.obj
 0001:0002d2c9       ?SV_FatPVS@@YAXQAM@Z       0042e2c9 f   sv_ents.obj
 0001:0002d3f3       ?SV_BuildClientFrame@@YAXPAUclient_s@@@Z 0042e3f3 f   sv_ents.obj
 0001:0002d707       ?SV_RecordDemoMessage@@YAXXZ 0042e707 f   sv_ents.obj
 0001:0002e0cc       ?SV_InitGameProgs@@YAX_N@Z 0042f0cc f   sv_game.obj
 0001:0002e197       ?SV_ShutdownGameProgs@@YAXXZ 0042f197 f   sv_game.obj
 0001:0002e206       ?SV_FindIndex@@YAHPADHH_N@Z 0042f206 f   sv_init.obj
 0001:0002e30c       ?SV_ModelIndex@@YAHPAD@Z   0042f30c f   sv_init.obj
 0001:0002e322       ?SV_SoundIndex@@YAHPAD@Z   0042f322 f   sv_init.obj
 0001:0002e33b       ?SV_ImageIndex@@YAHPAD@Z   0042f33b f   sv_init.obj
 0001:0002e354       ?SV_CreateBaseline@@YAXXZ  0042f354 f   sv_init.obj
 0001:0002e3b2       ?SV_CheckForSavegame@@YAXXZ 0042f3b2 f   sv_init.obj
 0001:0002e43a       ?SV_SpawnServer@@YAXPAD0W4server_state_t@@_N2@Z 0042f43a f   sv_init.obj
 0001:0002e70c       ?SV_InitGame@@YAXXZ        0042f70c f   sv_init.obj
 0001:0002e94a       ?SV_Map@@YAX_NPAD0@Z       0042f94a f   sv_init.obj
 0001:0002eb13       ?SV_DropClient@@YAXPAUclient_s@@PAD@Z 0042fb13 f   sv_main.obj
 0001:0002eb88       ?SV_StatusString@@YAPADXZ  0042fb88 f   sv_main.obj
 0001:0002ec78       ?SVC_Info@@YAXXZ           0042fc78 f   sv_main.obj
 0001:0002ed5b       ?SVC_GetChallenge@@YAXXZ   0042fd5b f   sv_main.obj
 0001:0002ee03       ?SVC_DirectConnect@@YAXXZ  0042fe03 f   sv_main.obj
 0001:0002f270       ?SVC_RemoteCommand@@YAXXZ  00430270 f   sv_main.obj
 0001:0002f3c0       ?SV_ConnectionlessPacket@@YAXXZ 004303c0 f   sv_main.obj
 0001:0002f522       ?SV_CalcPings@@YAXXZ       00430522 f   sv_main.obj
 0001:0002f5a9       ?SV_GiveMsec@@YAXXZ        004305a9 f   sv_main.obj
 0001:0002f5e8       ?SV_ReadPackets@@YAXXZ     004305e8 f   sv_main.obj
 0001:0002f732       ?SV_CheckTimeouts@@YAXXZ   00430732 f   sv_main.obj
 0001:0002f843       ?SV_PostprocessFrame@@YAXXZ 00430843 f   sv_main.obj
 0001:0002fd17       ?SV_MulticastHook@@YAPAUsizebuf_s@@PAU1@0@Z 00430d17 f   sv_main.obj
 0001:00030130       ?SV_TraceHook@@YA?AUtrace_t@@QAM000PAUedict_s@@H@Z 00431130 f   sv_main.obj
 0001:000302ab       ?SV_Frame@@YAXM@Z          004312ab f   sv_main.obj
 0001:00030565       ?SV_UserinfoChanged@@YAXPAUclient_s@@@Z 00431565 f   sv_main.obj
 0001:00030629       ?SV_Init@@YAXXZ            00431629 f   sv_main.obj
 0001:000306a0       ?SV_Shutdown@@YAXPAD_N@Z   004316a0 f   sv_main.obj
 0001:000308a4       ?SV_BeginRedirect@@YAXXZ   004318a4 f   sv_send.obj
 0001:0003094e       ?SV_ClientPrintf@@YAXPAUclient_s@@HPADZZ 0043194e f   sv_send.obj
 0001:000309a9       ?SV_BroadcastPrintf@@YAXHPADZZ 004319a9 f   sv_send.obj
 0001:00030a7f       ?SV_BroadcastCommand@@YAXPADZZ 00431a7f f   sv_send.obj
 0001:00030ad6       ?SV_Multicast@@YAXQAMW4multicast_t@@_N@Z 00431ad6 f   sv_send.obj
 0001:00030d18       ?SV_MulticastOld@@YAXQAMW4multicast_t@@@Z 00431d18 f   sv_send.obj
 0001:00030d2b       ?SV_StartSound@@YAXQAMPAUedict_s@@HHMMM_N@Z 00431d2b f   sv_send.obj
 0001:00030ff0       ?SV_StartSoundOld@@YAXQAMPAUedict_s@@HHMMM@Z 00431ff0 f   sv_send.obj
 0001:00031020       ?SV_StartSoundNew@@YAXQAMPAUedict_s@@HHMMM@Z 00432020 f   sv_send.obj
 0001:00031050       ?SV_SendClientDatagram@@YA_NPAUclient_s@@@Z 00432050 f   sv_send.obj
 0001:00031123       ?SV_DemoCompleted@@YAXXZ   00432123 f   sv_send.obj
 0001:0003113f       ?SV_RateDrop@@YA_NPAUclient_s@@@Z 0043213f f   sv_send.obj
 0001:00031189       ?SV_SendClientMessages@@YAXXZ 00432189 f   sv_send.obj
 0001:000312d8       ?SV_BeginDemoserver@@YAXXZ 004322d8 f   sv_user.obj
 0001:00031325       ?SV_New_f@@YAXXZ           00432325 f   sv_user.obj
 0001:0003149c       ?SV_Configstrings_f@@YAXXZ 0043249c f   sv_user.obj
 0001:000315f6       ?SV_Baselines_f@@YAXXZ     004325f6 f   sv_user.obj
 0001:0003176a       ?SV_Begin_f@@YAXXZ         0043276a f   sv_user.obj
 0001:000317c7       ?SV_NextDownload_f@@YAXXZ  004327c7 f   sv_user.obj
 0001:000318ac       ?SV_BeginDownload_f@@YAXXZ 004328ac f   sv_user.obj
 0001:00031a9d       ?SV_Disconnect_f@@YAXXZ    00432a9d f   sv_user.obj
 0001:00031aad       ?SV_ShowServerinfo_f@@YAXXZ 00432aad f   sv_user.obj
 0001:00031aba       ?SV_Nextserver@@YAXXZ      00432aba f   sv_user.obj
 0001:00031b04       ?SV_Nextserver_f@@YAXXZ    00432b04 f   sv_user.obj
 0001:00031b4b       ?SV_ExecuteUserCommand@@YAXPAD@Z 00432b4b f   sv_user.obj
 0001:00031c39       ?SV_ClientThink@@YAXPAUclient_s@@PAUusercmd_t@@@Z 00432c39 f   sv_user.obj
 0001:00031c7c       ?SV_ExecuteClientMessage@@YAXPAUclient_s@@@Z 00432c7c f   sv_user.obj
 0001:00031e9a       ?SV_ClearWorld@@YAXXZ      00432e9a f   sv_world.obj
 0001:00031fee       ?SV_UnlinkEdict@@YAXPAUedict_s@@@Z 00432fee f   sv_world.obj
 0001:000320a8       ?SV_LinkEdict@@YAXPAUedict_s@@@Z 004330a8 f   sv_world.obj
 0001:00032709       ?SV_AreaEdicts@@YAHQAM0PAPAUedict_s@@HH@Z 00433709 f   sv_world.obj
 0001:000328ba       ?SV_PointContents@@YAHQAM@Z 004338ba f   sv_world.obj
 0001:000329e0       ?SV_ClipMoveToEntities@@YAXPAUtrace_t@@QAM111PAUedict_s@@H@Z 004339e0 f   sv_world.obj
 0001:00032dbf       ?SV_Trace@@YAXPAUtrace_t@@QAM111PAUedict_s@@H@Z 00433dbf f   sv_world.obj
 0001:00032e79       ?Sys_Quit@@YAXXZ           00433e79 f   sys_win.obj
 0001:00032f45       ?Sys_Error@@YAXPBDZZ       00433f45 f   sys_win.obj
 0001:00032fa5       ?osAddressInfo@@YA_NIPADHPAH@Z 00433fa5 f   sys_win.obj
 0001:00033039       ?osModuleInfo@@YA_NIPADHPAH@Z 00434039 f   sys_win.obj
 0001:000331d4       ?appSymbolName2@@YA_NIPADH@Z 004341d4 f   sys_win.obj
 0001:00033254       ?appSymbolName@@YAPADI@Z   00434254 f   sys_win.obj
 0001:00033286       ?win32ExceptFilter@@YAHPAU_EXCEPTION_POINTERS@@@Z 00434286 f   sys_win.obj
 0001:00033854       ?win32ExceptFilter2@@YAHXZ 00434854 f   sys_win.obj
 0001:00033860       ?Sys_Init@@YAXXZ           00434860 f   sys_win.obj
 0001:00033be8       ?Sys_ConsoleInput@@YAPADXZ 00434be8 f   sys_win.obj
 0001:00033e99       ?Sys_ConsoleOutput@@YAXPAD@Z 00434e99 f   sys_win.obj
 0001:00033f27       ?Sys_SendKeyEvents@@YAXXZ  00434f27 f   sys_win.obj
 0001:00034013       ?Sys_GetClipboardData@@YAPADXZ 00435013 f   sys_win.obj
 0001:0003406c       ?Sys_UnloadGame@@YAXXZ     0043506c f   sys_win.obj
 0001:000340dd       ?Sys_GetGameAPI@@YAPAXPAX@Z 004350dd f   sys_win.obj
 0001:000341d3       _WinMain@16                004351d3 f   sys_win.obj
 0001:0003445e       ?Vid_CreateWindow@@YAPAXHH_N@Z 0043545e f   vid_dll.obj
 0001:00034c48       ?Vid_DestroyWindow@@YAX_N@Z 00435c48 f   vid_dll.obj
 0001:00034c83       ?Vid_GetModeInfo@@YA_NPAH0H@Z 00435c83 f   vid_dll.obj
 0001:00034cb1       ?Vid_UpdateWindowPosAndSize@@YAXHH@Z 00435cb1 f   vid_dll.obj
 0001:00034d18       ?Vid_FreeReflib@@YAXXZ     00435d18 f   vid_dll.obj
 0001:00034d57       ?Vid_CheckChanges@@YAXXZ   00435d57 f   vid_dll.obj
 0001:00035169       ?Vid_Init@@YAXXZ           00436169 f   vid_dll.obj
 0001:0003522a       ?Vid_Shutdown@@YAXXZ       0043622a f   vid_dll.obj
 0001:00035258       ?Vid_MenuInit@@YAXXZ       00436258 f   vid_menu.obj
 0001:00035aae       ?Vid_MenuDraw@@YAXXZ       00436aae f   vid_menu.obj
 0001:00035b42       ?Vid_MenuKey@@YAPBDH@Z     00436b42 f   vid_menu.obj
 0001:00035e9f       ?Zip_OpenArchive@@YAPAU_iobuf@@PAD@Z 00436e9f f   zip.obj
 0001:00035f0a       ?Zip_CloseArchive@@YAXPAU_iobuf@@@Z 00436f0a f   zip.obj
 0001:00035f16       ?Zip_EnumArchive@@YAHPAU_iobuf@@P6A_NPAUzip_file@@@Z@Z 00436f16 f   zip.obj
 0001:000360f7       ?Zip_OpenFile@@YAPAUZFILE@@PAU_iobuf@@PAUzip_file@@@Z 004370f7 f   zip.obj
 0001:00036206       ?Zip_ReadFile@@YAHPAUZFILE@@PAXH@Z 00437206 f   zip.obj
 0001:000362fd       ?Zip_CloseFile@@YAHPAUZFILE@@@Z 004372fd f   zip.obj
 0001:00036345       ?Zip_OpenBuf@@YAPAUZBUF@@PAXH@Z 00437345 f   zip.obj
 0001:00036398       ?Zip_ReadBuf@@YAHPAUZBUF@@PAXH@Z 00437398 f   zip.obj
 0001:000363e0       ?Zip_CloseBuf@@YAXPAUZBUF@@@Z 004373e0 f   zip.obj
 0001:000363f6       ?GL_BackEnd@@YAXXZ         004373f6 f   gl_backend.obj
 0001:00039975       ?GL_InitBackend@@YAXXZ     0043a975 f   gl_backend.obj
 0001:000399b8       ?GL_ShutdownBackend@@YAXXZ 0043a9b8 f   gl_backend.obj
 0001:000399cc       ?GL_AllocDynamicMemory@@YAPAXH@Z 0043a9cc f   gl_buffers.obj
 0001:00039a2c       ?GL_ResizeDynamicMemory@@YAXPAXH@Z 0043aa2c f   gl_buffers.obj
 0001:00039a77       ?GL_AddSurfaceToPortal@@YAXPAUsurfaceCommon_s@@PAUshader_s@@HH@Z 0043aa77 f   gl_buffers.obj
 0001:00039ada       ?GL_AddDynamicSurface@@YAPAUsurfaceCommon_s@@PAUshader_s@@H@Z 0043aada f   gl_buffers.obj
 0001:00039b02       ?GL_InsertShaderIndex@@YAXH@Z 0043ab02 f   gl_buffers.obj
 0001:00039b35       ?GL_ClearPortal@@YAXXZ     0043ab35 f   gl_buffers.obj
 0001:00039b51       ?GL_FinishPortal@@YAXXZ    0043ab51 f   gl_buffers.obj
 0001:00039ba2       ?GL_SortSurfaces@@YAXPAUviewPortal_s@@PAPAUsurfaceInfo_s@@@Z 0043aba2 f   gl_buffers.obj
 0001:00039d3d       ?GL_ClearBuffers@@YAXXZ    0043ad3d f   gl_buffers.obj
 0001:00039d54       ?GL_AddEntity@@YAXPAUentity_s@@@Z 0043ad54 f   gl_frontend.obj
 0001:0003a1c8       ?GL_AddDlight@@YAXPAUdlight_t@@@Z 0043b1c8 f   gl_frontend.obj
 0001:0003a380       ?GL_DrawPortal@@YAXXZ      0043b380 f   gl_frontend.obj
 0001:0003cea3       ?GL_TextureMode@@YAXPAD@Z  0043dea3 f   gl_image.obj
 0001:0003cf4b       ?GL_CreateImage@@YAPAUimage_s@@PADPAXHHH@Z 0043df4b f   gl_image.obj
 0001:0003dd1d       ?GL_SetRawPalette@@YAXPBE@Z 0043ed1d f   gl_image.obj
 0001:0003dd4e       ?GL_DrawStretchRaw8@@YAXHHHHHHPAE@Z 0043ed4e f   gl_image.obj
 0001:0003e37a       ?GL_SetupGamma@@YAXXZ      0043f37a f   gl_image.obj
 0001:0003e4bf       ?GL_PerformScreenshot@@YAXXZ 0043f4bf f   gl_image.obj
 0001:0003e747       ?GL_InitImages@@YAXXZ      0043f747 f   gl_image.obj
 0001:0003ed37       ?GL_ShutdownImages@@YAXXZ  0043fd37 f   gl_image.obj
 0001:0003ed9e       ?GL_LoadDelayedImages@@YAXXZ 0043fd9e f   gl_image.obj
 0001:0003ee1b       ?GL_ShowImages@@YAXXZ      0043fe1b f   gl_image.obj
 0001:0003f0a3       ?GL_FindImage@@YAPAUimage_s@@PADH@Z 004400a3 f   gl_image.obj
 0001:0003f45f       ?GL_Lock@@YAXXZ            0044045f f   gl_interface.obj
 0001:0003f4ef       ?GL_Unlock@@YAXXZ          004404ef f   gl_interface.obj
 0001:0003f6b1       ?GL_Bind@@YAXPAUimage_s@@@Z 004406b1 f   gl_interface.obj
 0001:0003f7db       ?GL_BindForce@@YAXPAUimage_s@@@Z 004407db f   gl_interface.obj
 0001:0003f859       ?GL_TexEnv@@YAXI@Z         00440859 f   gl_interface.obj
 0001:0003f9d8       ?GL_TexMipBias@@YAXM@Z     004409d8 f   gl_interface.obj
 0001:0003fa33       ?GL_TexEnvColor@@YAXPATcolor_t@@@Z 00440a33 f   gl_interface.obj
 0001:0003fae3       ?GL_SelectTexture@@YAXH@Z  00440ae3 f   gl_interface.obj
 0001:0003fb44       ?GL_TexCoordPointer@@YAXPAX@Z 00440b44 f   gl_interface.obj
 0001:0003fb74       ?GL_SetMultitexture@@YAXH@Z 00440b74 f   gl_interface.obj
 0001:0003fc66       ?GL_DisableTexCoordArrays@@YAXXZ 00440c66 f   gl_interface.obj
 0001:0003fcbf       ?GL_CullFace@@YAXW4gl_cullMode_t@@@Z 00440cbf f   gl_interface.obj
 0001:0003fd10       ?GL_DepthRange@@YAXW4gl_depthMode_t@@@Z 00440d10 f   gl_interface.obj
 0001:0003fd43       ?GL_State@@YAXI@Z          00440d43 f   gl_interface.obj
 0001:0003fe9c       ?GL_EnableFog@@YAX_N@Z     00440e9c f   gl_interface.obj
 0001:0003ff94       ?GL_SetDefaultState@@YAXXZ 00440f94 f   gl_interface.obj
 0001:000400e2       ?GL_Set2DMode@@YAXXZ       004410e2 f   gl_interface.obj
 0001:000401dd       ?GL_Setup@@YAXPAUviewPortal_s@@@Z 004411dd f   gl_interface.obj
 0001:000402e9       ?GL_ShowLights@@YAXXZ      004412e9 f   gl_light.obj
 0001:0004070e       ?GL_LightForEntity@@YAXPAUrefEntity_s@@@Z 0044170e f   gl_light.obj
 0001:00041988       ?GL_DiffuseLight@@YAXPATcolor_t@@M@Z 00442988 f   gl_light.obj
 0001:00041b00       ?GL_InitLightGrid@@YAXXZ   00442b00 f   gl_light.obj
 0001:00041b9c       ?GL_PostLoadLights@@YAXXZ  00442b9c f   gl_light.obj
 0001:00041e3a       ?LM_Init@@YAXXZ            00442e3a f   gl_lightmap.obj
 0001:00041e50       ?LM_Flush@@YAXPAUlightmapBlock_t@@@Z 00442e50 f   gl_lightmap.obj
 0001:00041ead       ?LM_Done@@YAXXZ            00442ead f   gl_lightmap.obj
 0001:00041ed4       ?LM_Save@@YAXPAUlightmapBlock_t@@@Z 00442ed4 f   gl_lightmap.obj
 0001:00041eee       ?LM_Restore@@YAXPAUlightmapBlock_t@@@Z 00442eee f   gl_lightmap.obj
 0001:00041f08       ?LM_NewBlock@@YAPAUlightmapBlock_t@@XZ 00442f08 f   gl_lightmap.obj
 0001:00041f82       ?LM_Rewind@@YAXXZ          00442f82 f   gl_lightmap.obj
 0001:00041f8a       ?LM_NextBlock@@YAPAUlightmapBlock_t@@XZ 00442f8a f   gl_lightmap.obj
 0001:00041fb7       ?LM_CheckMinlight@@YAXPAUdynamicLightmap_s@@@Z 00442fb7 f   gl_lightmap.obj
 0001:0004204d       ?LM_AllocBlock@@YA_NPAUlightmapBlock_t@@PAUdynamicLightmap_s@@@Z 0044304d f   gl_lightmap.obj
 0001:00042104       ?LM_PutBlock@@YAXPAUdynamicLightmap_s@@@Z 00443104 f   gl_lightmap.obj
 0001:0004253e       ?LM_SortLightStyles@@YAXPAUdynamicLightmap_s@@@Z 0044353e f   gl_lightmap.obj
 0001:000425cf       ?GL_UpdateDynamicLightmap@@YAXPAUshader_s@@PAUsurfacePlanar_s@@_NI@Z 004435cf f   gl_lightmap.obj
 0001:00042ac7       ?LM_IsMonotone@@YA_NPAUdynamicLightmap_s@@PATcolor_t@@@Z 00443ac7 f   gl_lightmap.obj
 0001:00042bce       ?GL_EnableRendering@@YAX_N@Z 00443bce f   gl_main.obj
 0001:00042be9       ?DrawTextLeft@@YAXPADI@Z   00443be9 f   gl_main.obj
 0001:00042cb3       ?DrawTextRight@@YAXPADI@Z  00443cb3 f   gl_main.obj
 0001:00042cf1       ?DrawText3D@@YAXQAMPADI@Z  00443cf1 f   gl_main.obj
 0001:00042d69       _GL_GetRefAPI              00443d69 f   gl_main.obj
 0001:000446b5       ?GL_InitFuncTables@@YAXXZ  004456b5 f   gl_math.obj
 0001:00044866       ?ModelToWorldCoord@@YAXQAMPAUrefEntity_s@@0@Z 00445866 f   gl_math.obj
 0001:000448d7       ?WorldToModelCoord@@YAXQAMPAUrefEntity_s@@0@Z 004458d7 f   gl_math.obj
 0001:0004491e       ?BuildRotationMatrix@@YAXQAY02MQAMM@Z 0044591e f   gl_math.obj
 0001:00044a18       ?GetBoxRect@@YA_NPAUrefEntity_s@@QAM11_N@Z 00445a18 f   gl_math.obj
 0001:00044d89       ?ProjectToScreen@@YA_NQAMPAH@Z 00445d89 f   gl_math.obj
 0001:00044ecc       ?SaturateColor3f@@YAXQAM@Z 00445ecc f   gl_math.obj
 0001:00044fbc       ?SaturateColor4b@@YAXPATcolor_t@@@Z 00445fbc f   gl_math.obj
 0001:000450ca       ?GL_FindModel@@YAPAUmodel_s@@PAD@Z 004460ca f   gl_model.obj
 0001:00045248       ?GL_LoadWorldMap@@YAXPAD@Z 00446248 f   gl_model.obj
 0001:00046def       ?GL_PointInLeaf@@YAPAUnode_s@@QAM@Z 00447def f   gl_model.obj
 0001:000477fc       ?ATAN2_FUNC@@YAMMM@Z       004487fc f i gl_model.obj
 0001:000479a7       ?GL_FindSkin@@YAPAUshader_s@@PAD@Z 004489a7 f   gl_model.obj
 0001:00047b06       ?GL_ResetModels@@YAXXZ     00448b06 f   gl_model.obj
 0001:00047bda       ?GL_InitModels@@YAXXZ      00448bda f   gl_model.obj
 0001:00047c6e       ?GL_ShutdownModels@@YAXXZ  00448c6e f   gl_model.obj
 0001:00047c84       ?SubdividePlane@@YAHPAPAY02MHM@Z 00448c84 f   gl_poly.obj
 0001:000480d7       ?FreeSubdividedPlane@@YAXXZ 004490d7 f   gl_poly.obj
 0001:000480ef       ?GetSubdivideIndexes@@YAXPAH@Z 004490ef f   gl_poly.obj
 0001:00048142       ?RemoveCollinearPoints@@YAHPAPAY02MH@Z 00449142 f   gl_poly.obj
 0001:00048256       ?GetPolyArea@@YAMPAPAY02MH@Z 00449256 f   gl_poly.obj
 0001:000482ea       ?GL_InitShaders@@YAXXZ     004492ea f   gl_shader.obj
 0001:00048436       ?GL_ShutdownShaders@@YAXXZ 00449436 f   gl_shader.obj
 0001:00048460       ?GL_SetShaderLightmap@@YAPAUshader_s@@PAU1@H@Z 00449460 f   gl_shader.obj
 0001:00048862       ?GL_SetShaderLightstyles@@YAPAUshader_s@@PAU1@H@Z 00449862 f   gl_shader.obj
 0001:000488fe       ?GL_GetAlphaShader@@YAPAUshader_s@@PAU1@@Z 004498fe f   gl_shader.obj
 0001:00048bb8       ?GL_FindShader@@YAPAUshader_s@@PADH@Z 00449bb8 f   gl_shader.obj
 0001:000491f1       ?GL_GetShaderByNum@@YAPAUshader_s@@H@Z 0044a1f1 f   gl_shader.obj
 0001:0004920f       ?GL_ResetShaders@@YAXXZ    0044a20f f   gl_shader.obj
 0001:0004969d       ?GL_ClearSkyBox@@YAXXZ     0044a69d f   gl_sky.obj
 0001:000496c0       ?GL_SetSkyRotate@@YAXMQAM@Z 0044a6c0 f   gl_sky.obj
 0001:000496f8       ?GL_SkyVisible@@YA_NXZ     0044a6f8 f   gl_sky.obj
 0001:00049711       ?GL_AddSkySurface@@YAXPAUsurfacePlanar_s@@QAME@Z 0044a711 f   gl_sky.obj
 0001:00049d3e       ?GL_TesselateSkySide@@YAHHPAUbufVertex_t@@PAUbufTexCoord_t@@M@Z 0044ad3e f   gl_sky.obj
 0001:0004a010       ?GLimp_SetMode@@YA?AW4rserr_t@@PAI0H_N@Z 0044b010 f   glw_imp.obj
 0001:0004a2b6       ?GLimp_HasGamma@@YA_NXZ    0044b2b6 f   glw_imp.obj
 0001:0004a2ca       ?GLimp_SetGamma@@YAXM@Z    0044b2ca f   glw_imp.obj
 0001:0004a463       ?GLimp_Init@@YAHXZ         0044b463 f   glw_imp.obj
 0001:0004a7ae       ?GLimp_Shutdown@@YAXXZ     0044b7ae f   glw_imp.obj
 0001:0004a856       ?GLimp_EndFrame@@YAXXZ     0044b856 f   glw_imp.obj
 0001:0004a8f3       ?GLimp_AppActivate@@YAX_N@Z 0044b8f3 f   glw_imp.obj
 0001:0004bffd       ?QGL_Shutdown@@YAXXZ       0044cffd f   qgl_win.obj
 0001:0004c041       ?QGL_Init@@YA_NPBD@Z       0044d041 f   qgl_win.obj
 0001:0004c0c4       ?QGL_InitExtensions@@YAXXZ 0044d0c4 f   qgl_win.obj
 0001:0004c4d8       ?QGL_PrintExtensionsString@@YAXPBD0@Z 0044d4d8 f   qgl_win.obj
 0001:0004c602       ?QGL_EnableLogging@@YAX_N@Z 0044d602 f   qgl_win.obj
 0001:0004c6b9       ?QGL_LogMessage@@YAXPBD@Z  0044d6b9 f   qgl_win.obj
 0001:0004c6d0       ?Hunk_Begin@@YAPAXH@Z      0044d6d0 f   q_shwin.obj
 0001:0004c70a       ?Hunk_Alloc@@YAPAXH@Z      0044d70a f   q_shwin.obj
 0001:0004c791       ?Hunk_End@@YAHXZ           0044d791 f   q_shwin.obj
 0001:0004c797       ?Hunk_Free@@YAXPAX@Z       0044d797 f   q_shwin.obj
 0001:0004c7b0       ?Sys_Milliseconds@@YAHXZ   0044d7b0 f   q_shwin.obj
 0001:0004c7e1       ?Sys_Mkdir@@YAXPAD@Z       0044d7e1 f   q_shwin.obj
 0001:0004c7ed       ?Sys_FindFirst@@YAPADPADH@Z 0044d7ed f   q_shwin.obj
 0001:0004c86b       ?Sys_FindNext@@YAPADXZ     0044d86b f   q_shwin.obj
 0001:0004c8e0       ?Sys_FindClose@@YAXXZ      0044d8e0 f   q_shwin.obj
 0001:0004c8fa       ?R_Alias_clip_z@@YAXPAUfinalvert_s@@00@Z 0044d8fa f   r_aclip.obj
 0001:0004c9bc       ?R_Alias_clip_left@@YAXPAUfinalvert_s@@00@Z 0044d9bc f   r_aclip.obj
 0001:0004cbc8       ?R_Alias_clip_right@@YAXPAUfinalvert_s@@00@Z 0044dbc8 f   r_aclip.obj
 0001:0004cdd4       ?R_Alias_clip_top@@YAXPAUfinalvert_s@@00@Z 0044ddd4 f   r_aclip.obj
 0001:0004cfe8       ?R_Alias_clip_bottom@@YAXPAUfinalvert_s@@00@Z 0044dfe8 f   r_aclip.obj
 0001:0004d1fc       ?R_AliasClip@@YAHPAUfinalvert_s@@0HHP6AX000@Z@Z 0044e1fc f   r_aclip.obj
 0001:0004d2cc       ?R_AliasClipTriangle@@YAXPAUfinalvert_s@@00@Z 0044e2cc f   r_aclip.obj
 0001:0004d4be       ?R_AliasCheckFrameBBox@@YAKPAUdAliasFrame_t@@QAY03M@Z 0044e4be f   r_alias.obj
 0001:0004d5ed       ?R_AliasCheckBBox@@YAHXZ   0044e5ed f   r_alias.obj
 0001:0004d651       ?R_AliasTransformVector@@YAXQAM0QAY03M@Z 0044e651 f   r_alias.obj
 0001:0004d6ad       ?R_AliasPreparePoints@@YAXXZ 0044e6ad f   r_alias.obj
 0001:0004d945       ?R_AliasSetUpTransform@@YAXXZ 0044e945 f   r_alias.obj
 0001:0004dc08       ?R_AliasTransformFinalVerts@@YAXHPAUfinalvert_s@@PAUdTriVertx_t@@1@Z 0044ec08 f   r_alias.obj
 0001:0004ddd7       ?R_AliasProjectAndClipTestFinalVert@@YAXPAUfinalvert_s@@@Z 0044edd7 f   r_alias.obj
 0001:0004de86       ?R_AliasSetupLighting@@YAXXZ 0044ee86 f   r_alias.obj
 0001:0004dff0       ?R_AliasSetupFrames@@YAXPAUdmdl_t@@@Z 0044eff0 f   r_alias.obj
 0001:0004e064       ?R_AliasSetUpLerpData@@YAXPAUdmdl_t@@M@Z 0044f064 f   r_alias.obj
 0001:0004e18c       ?R_AliasDrawModel@@YAXXZ   0044f18c f   r_alias.obj
 0001:0004e421       ?R_EntityRotate@@YAXQAM@Z  0044f421 f   r_bsp.obj
 0001:0004e49d       ?R_RotateBmodel@@YAXXZ     0044f49d f   r_bsp.obj
 0001:0004e5f8       ?R_RecursiveClipBPoly@@YAXPAUbedge_s@@PAUmnode_s@@PAUmsurface_s@@@Z 0044f5f8 f   r_bsp.obj
 0001:0004e928       ?R_DrawSolidClippedSubmodelPolygons@@YAXPAUmodel_s@@PAUmnode_s@@@Z 0044f928 f   r_bsp.obj
 0001:0004eaaf       ?R_DrawSubmodelPolygons@@YAXPAUmodel_s@@HPAUmnode_s@@@Z 0044faaf f   r_bsp.obj
 0001:0004eb3f       ?R_RecursiveWorldNode@@YAXPAUmnode_s@@H@Z 0044fb3f f   r_bsp.obj
 0001:0004ed71       ?R_RenderWorld@@YAXXZ      0044fd71 f   r_bsp.obj
 0001:0004ede1       ?Draw_FindPic@@YAPAUimage_s@@PAD@Z 0044fde1 f   r_draw.obj
 0001:0004ee7d       ?Draw_InitLocal@@YAXXZ     0044fe7d f   r_draw.obj
 0001:0004ee8e       ?Draw_Char@@YAXHHH@Z       0044fe8e f   r_draw.obj
 0001:0004efd9       ?Draw_CharColor@@YAXHHHH@Z 0044ffd9 f   r_draw.obj
 0001:0004f150       ?R_DrawTexts@@YAXXZ        00450150 f   r_draw.obj
 0001:0004f214       ?DrawText_Pos@@YAXHHPADI@Z 00450214 f   r_draw.obj
 0001:0004f2ec       ?DrawText_Left@@YAXPADI@Z  004502ec f   r_draw.obj
 0001:0004f314       ?DrawText_Right@@YAXPADI@Z 00450314 f   r_draw.obj
 0001:0004f350       ?Draw_GetPicSize@@YAXPAH0PAD@Z 00450350 f   r_draw.obj
 0001:0004f390       ?Draw_StretchPicImplementation@@YAXHHHHPAUimage_s@@@Z 00450390 f   r_draw.obj
 0001:0004f4b7       ?Draw_StretchPic@@YAXHHHHPAD@Z 004504b7 f   r_draw.obj
 0001:0004f54b       ?Draw_StretchRaw8@@YAXHHHHHHPAE@Z 0045054b f   r_draw.obj
 0001:0004f5c5       ?Draw_Pic@@YAXHHPAD@Z      004505c5 f   r_draw.obj
 0001:0004f7d9       ?Draw_PicColor@@YAXHHPADH@Z 004507d9 f   r_draw.obj
 0001:0004f992       ?Draw_TileClear@@YAXHHHHPAD@Z 00450992 f   r_draw.obj
 0001:0004fab1       ?Draw_Fill@@YAXHHHHH@Z     00450ab1 f   r_draw.obj
 0001:0004fb97       ?Draw_Fade@@YAXHHHHH@Z     00450b97 f   r_draw.obj
 0001:0004fc45       ?R_BeginEdgeFrame@@YAXXZ   00450c45 f   r_edge.obj
 0001:0004fd01       ?R_InsertNewEdges@@YAXPAUedge_s@@0@Z 00450d01 f   r_edge.obj
 0001:0004fd47       ?R_RemoveEdges@@YAXPAUedge_s@@@Z 00450d47 f   r_edge.obj
 0001:0004fd65       ?R_StepActiveU@@YAXPAUedge_s@@@Z 00450d65 f   r_edge.obj
 0001:0004fdf9       ?R_CleanupSpan@@YAXXZ      00450df9 f   r_edge.obj
 0001:0004fe49       ?R_LeadingEdgeBackwards@@YAXPAUedge_s@@@Z 00450e49 f   r_edge.obj
 0001:0004fede       ?R_TrailingEdge@@YAXPAUsurf_s@@PAUedge_s@@@Z 00450ede f   r_edge.obj
 0001:0004ff42       ?R_LeadingEdge@@YAXPAUedge_s@@@Z 00450f42 f   r_edge.obj
 0001:000500e5       ?R_GenerateSpans@@YAXXZ    004510e5 f   r_edge.obj
 0001:00050153       ?R_GenerateSpansBackward@@YAXXZ 00451153 f   r_edge.obj
 0001:000501c1       ?R_ScanEdges@@YAXXZ        004511c1 f   r_edge.obj
 0001:00050398       ?D_FlatFillSurface@@YAXPAUsurf_s@@H@Z 00451398 f   r_edge.obj
 0001:000503f2       ?D_CalcGradients@@YAXPAUmsurface_s@@@Z 004513f2 f   r_edge.obj
 0001:00050652       ?D_BackgroundSurf@@YAXPAUsurf_s@@@Z 00451652 f   r_edge.obj
 0001:00050692       ?D_TurbulentSurf@@YAXPAUsurf_s@@@Z 00451692 f   r_edge.obj
 0001:000507a1       ?D_SkySurf@@YAXPAUsurf_s@@@Z 004517a1 f   r_edge.obj
 0001:00050822       ?D_SolidSurf@@YAXPAUsurf_s@@@Z 00451822 f   r_edge.obj
 0001:0005097a       ?D_DrawflatSurfaces@@YAXXZ 0045197a f   r_edge.obj
 0001:000509ca       ?D_DrawSurfaces@@YAXXZ     004519ca f   r_edge.obj
 0001:00050ac3       ?R_ImageList_f@@YAXXZ      00451ac3 f   r_image.obj
 0001:00050b84       ?R_FindFreeImage@@YAPAUimage_s@@XZ 00451b84 f   r_image.obj
 0001:00050bcf       ?R_LoadPic@@YAPAUimage_s@@PADPAEHHW4imagetype_t@@@Z 00451bcf f   r_image.obj
 0001:00050c59       ?R_LoadTex@@YAPAUimage_s@@PADPAEHH@Z 00451c59 f   r_image.obj
 0001:00050ce5       ?R_LoadWal@@YAPAUimage_s@@PAD@Z 00451ce5 f   r_image.obj
 0001:00050d3b       ?R_MipMap@@YAXPAE0HH@Z     00451d3b f   r_image.obj
 0001:00050e69       ?R_DownsampleImage@@YAXPAPAEHH_N@Z 00451e69 f   r_image.obj
 0001:00050f6e       ?R_FindImage@@YAPAUimage_s@@PADW4imagetype_t@@@Z 00451f6e f   r_image.obj
 0001:0005130e       ?R_RegisterSkin@@YAPAUimage_s@@PAD@Z 0045230e f   r_image.obj
 0001:0005131c       ?R_FreeUnusedImages@@YAXXZ 0045231c f   r_image.obj
 0001:0005137c       ?R_InitImages@@YAXXZ       0045237c f   r_image.obj
 0001:000513df       ?R_ShutdownImages@@YAXXZ   004523df f   r_image.obj
 0001:0005141c       ?R_MarkLights@@YAXPAUdlight_t@@HPAUmnode_s@@@Z 0045241c f   r_light.obj
 0001:000514e2       ?R_PushDlights@@YAXPAUmodel_s@@@Z 004524e2 f   r_light.obj
 0001:00051540       ?R_LightPoint@@YAXQAM0@Z   00452540 f   r_light.obj
 0001:0005190b       ?R_AddDynamicLights@@YAXXZ 0045290b f   r_light.obj
 0001:00051ba8       ?R_BuildLightMap@@YAXXZ    00452ba8 f   r_light.obj
 0001:00051c9e       ?R_InitTextures@@YAXXZ     00452c9e f   r_main.obj
 0001:00051d5f       ?R_InitTurb@@YAXXZ         00452d5f f   r_main.obj
 0001:00051ddc       ?R_Register@@YAXXZ         00452ddc f   r_main.obj
 0001:00051e41       ?R_Init@@YAHXZ             00452e41 f   r_main.obj
 0001:00051f28       ?R_Shutdown@@YAXXZ         00452f28 f   r_main.obj
 0001:00051fe9       ?R_NewMap@@YAXXZ           00452fe9 f   r_main.obj
 0001:00052090       ?R_MarkLeaves@@YAXXZ       00453090 f   r_main.obj
 0001:000521b7       ?R_DrawEntitiesOnList@@YAXXZ 004531b7 f   r_main.obj
 0001:0005235e       ?R_BmodelCheckBBox@@YAHPAM@Z 0045335e f   r_main.obj
 0001:00052410       ?R_FindTopnode@@YAPAUmnode_s@@QAM0@Z 00453410 f   r_main.obj
 0001:00052465       ?RotatedBBox@@YAXQAM0000@Z 00453465 f   r_main.obj
 0001:000525c7       ?R_DrawBEntitiesOnList@@YAXXZ 004535c7 f   r_main.obj
 0001:000527c5       ?R_EdgeDrawing@@YAXXZ      004537c5 f   r_main.obj
 0001:000528a4       ?R_CalcPalette@@YAXXZ      004538a4 f   r_main.obj
 0001:000529a6       ?R_SetLightLevel@@YAXXZ    004539a6 f   r_main.obj
 0001:000529f6       ?R_RenderFrame@@YAXPAUrefdef_t@@@Z 004539f6 f   r_main.obj
 0001:00052c21       ?R_InitGraphics@@YAXHH@Z   00453c21 f   r_main.obj
 0001:00052c97       ?R_BeginFrame@@YAXM@Z      00453c97 f   r_main.obj
 0001:00052e34       ?R_GammaCorrectAndSetPalette@@YAXPBE@Z 00453e34 f   r_main.obj
 0001:00052e93       ?R_CinematicSetPalette@@YAXPBE@Z 00453e93 f   r_main.obj
 0001:00052f2a       ?Draw_BuildGammaTable@@YAXXZ 00453f2a f   r_main.obj
 0001:0005303b       ?R_DrawBeam@@YAXPAUbeam_s@@@Z 0045403b f   r_main.obj
 0001:00053190       ?R_SetSky@@YAXPADMQAM@Z    00454190 f   r_main.obj
 0001:00053207       ?Draw_GetPalette@@YAXXZ    00454207 f   r_main.obj
 0001:0005334d       ?Draw_ConCharColor@@YAXHHHH@Z 0045434d f   r_main.obj
 0001:0005336e       _GetRefAPI                 0045436e f   r_main.obj
 0001:000535ba       ?D_ViewChanged@@YAXXZ      004545ba f   r_misc.obj
 0001:0005372d       ?R_PrintTimes@@YAXXZ       0045472d f   r_misc.obj
 0001:00053795       ?R_PrintDSpeeds@@YAXXZ     00454795 f   r_misc.obj
 0001:0005384a       ?R_PrintAliasStats@@YAXXZ  0045484a f   r_misc.obj
 0001:0005385d       ?R_TransformFrustum@@YAXXZ 0045485d f   r_misc.obj
 0001:0005391b       ?TransformVector@@YAXQAM0@Z 0045491b f   r_misc.obj
 0001:00053986       ?R_SetUpFrustumIndexes@@YAXXZ 00454986 f   r_misc.obj
 0001:000539eb       ?R_ViewChanged@@YAXPAUvrect_s@@@Z 004549eb f   r_misc.obj
 0001:00053d34       ?R_SetupFrame@@YAXXZ       00454d34 f   r_misc.obj
 0001:00053f0f       ?WritePCXfile@@YAXPADPAEHHH1@Z 00454f0f f   r_misc.obj
 0001:00054031       ?R_ScreenShot@@YAXXZ       00455031 f   r_misc.obj
 0001:00054140       ?Mod_Modellist_f@@YAXXZ    00455140 f   r_model.obj
 0001:0005419e       ?Mod_Init@@YAXXZ           0045519e f   r_model.obj
 0001:000541b6       ?Mod_ForName@@YAPAUmodel_s@@PAD_N@Z 004551b6 f   r_model.obj
 0001:000543e4       ?Mod_PointInLeaf@@YAPAUmleaf_s@@PAMPAUmodel_s@@@Z 004553e4 f   r_model.obj
 0001:00054443       ?Mod_DecompressVis@@YAPAEPAEPAUmodel_s@@@Z 00455443 f   r_model.obj
 0001:000544c3       ?Mod_ClusterPVS@@YAPAEHPAUmodel_s@@@Z 004554c3 f   r_model.obj
 0001:000544f0       ?Mod_LoadLighting@@YAXPAEH@Z 004554f0 f   r_model.obj
 0001:0005456f       ?R_NumberLeafs@@YAXPAUmnode_s@@@Z 0045556f f   r_model.obj
 0001:000545bd       ?Mod_LoadVertexes@@YAXPAUdvertex_t@@H@Z 004555bd f   r_model.obj
 0001:000545ff       ?Mod_LoadEdges@@YAXPAUdedge_t@@H@Z 004555ff f   r_model.obj
 0001:0005464d       ?Mod_LoadTexinfo@@YAXPAUtexinfo_s@@H@Z 0045564d f   r_model.obj
 0001:000547b5       ?CalcSurfaceExtents@@YAXPAUmsurface_s@@@Z 004557b5 f   r_model.obj
 0001:00054933       ?Mod_LoadFaces@@YAXPAUdface_t@@H@Z 00455933 f   r_model.obj
 0001:00054a94       ?Mod_SetParent@@YAXPAUmnode_s@@0@Z 00455a94 f   r_model.obj
 0001:00054ab9       ?Mod_LoadNodes@@YAXPAUdnode_t@@H@Z 00455ab9 f   r_model.obj
 0001:00054baf       ?Mod_LoadLeafs@@YAXPAUdleaf_t@@H@Z 00455baf f   r_model.obj
 0001:00054c58       ?Mod_LoadMarksurfaces@@YAXPAGH@Z 00455c58 f   r_model.obj
 0001:00054cd1       ?Mod_LoadSurfedges@@YAXPAHH@Z 00455cd1 f   r_model.obj
 0001:00054d10       ?Mod_LoadPlanes@@YAXPAUdplane_t@@H@Z 00455d10 f   r_model.obj
 0001:00054d7f       ?Mod_LoadBrushModel@@YAXPAUmodel_s@@PAUbspfile_t@@@Z 00455d7f f   r_model.obj
 0001:00054f5e       ?Mod_LoadAliasModel@@YAXPAUmodel_s@@PAX@Z 00455f5e f   r_model.obj
 0001:000551c6       ?Mod_LoadSpriteModel@@YAXPAUmodel_s@@PAX@Z 004561c6 f   r_model.obj
 0001:000552a9       ?R_BeginRegistration@@YAXPAD@Z 004562a9 f   r_model.obj
 0001:00055339       ?R_RegisterModel@@YAPAUmodel_s@@PAD@Z 00456339 f   r_model.obj
 0001:00055431       ?R_EndRegistration@@YAXXZ  00456431 f   r_model.obj
 0001:0005549c       ?Mod_FreeAll@@YAXXZ        0045649c f   r_model.obj
 0001:000554e1       ?R_DrawParticle@@YAXXZ     004564e1 f   r_part.obj
 0001:0005577b       ?R_DrawParticles@@YAXXZ    0045677b f   r_part.obj
 0001:00055823       ?R_DrawSpanletOpaque@@YAXXZ 00456823 f   r_poly.obj
 0001:000558b3       ?R_DrawSpanletTurbulentStipple33@@YAXXZ 004568b3 f   r_poly.obj
 0001:000559de       ?R_DrawSpanletTurbulentStipple66@@YAXXZ 004569de f   r_poly.obj
 0001:00055bbf       ?R_DrawSpanletTurbulentBlended66@@YAXXZ 00456bbf f   r_poly.obj
 0001:00055c74       ?R_DrawSpanletTurbulentBlended33@@YAXXZ 00456c74 f   r_poly.obj
 0001:00055d29       ?R_DrawSpanlet33@@YAXXZ    00456d29 f   r_poly.obj
 0001:00055dc3       ?R_DrawSpanletConstant33@@YAXXZ 00456dc3 f   r_poly.obj
 0001:00055e1c       ?R_DrawSpanlet66@@YAXXZ    00456e1c f   r_poly.obj
 0001:00055eba       ?R_DrawSpanlet33Stipple@@YAXXZ 00456eba f   r_poly.obj
 0001:00055fd5       ?R_DrawSpanlet66Stipple@@YAXXZ 00456fd5 f   r_poly.obj
 0001:00056166       ?R_ClipPolyFace@@YAHHPAUclipplane_s@@@Z 00457166 f   r_poly.obj
 0001:000562d7       ?R_PolygonDrawSpans@@YAXPAUespan_s@@H@Z 004572d7 f   r_poly.obj
 0001:000566d6       ?R_PolygonScanLeftEdge@@YAXXZ 004576d6 f   r_poly.obj
 0001:0005683a       ?R_PolygonScanRightEdge@@YAXXZ 0045783a f   r_poly.obj
 0001:00056a44       ?R_ClipAndDrawPoly@@YAXMH_N@Z 00457a44 f   r_poly.obj
 0001:00056c46       ?R_BuildPolygonFromSurface@@YAXPAUmsurface_s@@@Z 00457c46 f   r_poly.obj
 0001:00056e3c       ?R_PolygonCalculateGradients@@YAXXZ 00457e3c f   r_poly.obj
 0001:0005710f       ?R_DrawAlphaSurfaces@@YAXXZ 0045810f f   r_poly.obj
 0001:000571a5       ?R_IMFlatShadedQuad@@YAXQAM000HM@Z 004581a5 f   r_poly.obj
 0001:000572d3       ?R_InitAdivtab@@YAXXZ      004582d3 f   r_polyse.obj
 0001:0005733f       ?R_PolysetUpdateTables@@YAXXZ 0045833f f   r_polyse.obj
 0001:0005737a       ?R_DrawTriangle@@YAXXZ     0045837a f   r_polyse.obj
 0001:0005748b       ?R_PolysetScanLeftEdge_C@@YAXH@Z 0045848b f   r_polyse.obj
 0001:00057655       ?FloorDivMod@@YAXMMPAH0@Z  00458655 f   r_polyse.obj
 0001:000576ef       ?R_PolysetSetUpForLineScan@@YAXHHHH@Z 004586ef f   r_polyse.obj
 0001:0005777d       ?R_PolysetCalcGradients@@YAXH@Z 0045877d f   r_polyse.obj
 0001:000579f0       ?R_PolysetDrawSpans8_33@@YAXPAUspanpackage_s@@@Z 004589f0 f   r_polyse.obj
 0001:00057b20       ?R_PolysetDrawSpansConstant8_33@@YAXPAUspanpackage_s@@@Z 00458b20 f   r_polyse.obj
 0001:00057bba       ?R_PolysetDrawSpans8_66@@YAXPAUspanpackage_s@@@Z 00458bba f   r_polyse.obj
 0001:00057cf6       ?R_PolysetDrawSpansConstant8_66@@YAXPAUspanpackage_s@@@Z 00458cf6 f   r_polyse.obj
 0001:00057d9e       ?R_PolysetDrawSpans8_Opaque@@YAXPAUspanpackage_s@@@Z 00458d9e f   r_polyse.obj
 0001:00057ee9       ?R_RasterizeAliasPolySmooth@@YAXXZ 00458ee9 f   r_polyse.obj
 0001:000584c9       ?R_PolysetSetEdgeTable@@YAXXZ 004594c9 f   r_polyse.obj
 0001:00058564       ?R_InitSkyBox@@YAXXZ       00459564 f   r_rast.obj
 0001:000587cd       ?R_EmitSkyBox@@YAXXZ       004597cd f   r_rast.obj
 0001:000588e2       ?R_EmitEdge@@YAXPAUmvertex_t@@0@Z 004598e2 f   r_rast.obj
 0001:00058cb6       ?R_ClipEdge@@YAXPAUmvertex_t@@0PAUclipplane_s@@@Z 00459cb6 f   r_rast.obj
 0001:00058e58       ?R_EmitCachedEdge@@YAXXZ   00459e58 f   r_rast.obj
 0001:00058eaf       ?R_RenderFace@@YAXPAUmsurface_s@@H@Z 00459eaf f   r_rast.obj
 0001:00059276       ?R_RenderBmodelFace@@YAXPAUbedge_s@@PAUmsurface_s@@@Z 0045a276 f   r_rast.obj
 0001:000594d3       ?D_WarpScreen@@YAXXZ       0045a4d3 f   r_scan.obj
 0001:00059695       ?D_DrawTurbulent8Span@@YAXXZ 0045a695 f   r_scan.obj
 0001:00059719       ?Turbulent8@@YAXPAUespan_s@@@Z 0045a719 f   r_scan.obj
 0001:00059a75       ?NonTurbulent8@@YAXPAUespan_s@@@Z 0045aa75 f   r_scan.obj
 0001:00059daf       ?D_DrawSpans16@@YAXPAUespan_s@@@Z 0045adaf f   r_scan.obj
 0001:0005a0cc       ?D_DrawZSpans@@YAXPAUespan_s@@@Z 0045b0cc f   r_scan.obj
 0001:0005a19c       ?R_DrawSprite@@YAXXZ       0045b19c f   r_sprite.obj
 0001:0005a426       ?R_TextureAnimation@@YAPAUimage_s@@PAUmtexinfo_s@@@Z 0045b426 f   r_surf.obj
 0001:0005a44a       ?R_DrawSurface@@YAXXZ      0045b44a f   r_surf.obj
 0001:0005a5af       ?R_DrawSurfaceBlock8_mip0@@YAXXZ 0045b5af f   r_surf.obj
 0001:0005a6ae       ?R_DrawSurfaceBlock8_mip1@@YAXXZ 0045b6ae f   r_surf.obj
 0001:0005a7ad       ?R_DrawSurfaceBlock8_mip2@@YAXXZ 0045b7ad f   r_surf.obj
 0001:0005a8ac       ?R_DrawSurfaceBlock8_mip3@@YAXXZ 0045b8ac f   r_surf.obj
 0001:0005a9a8       ?R_InitCaches@@YAXXZ       0045b9a8 f   r_surf.obj
 0001:0005aa29       ?D_FlushCaches@@YAXXZ      0045ba29 f   r_surf.obj
 0001:0005aa6e       ?D_SCAlloc@@YAPAUsurfcache_s@@HH@Z 0045ba6e f   r_surf.obj
 0001:0005abf4       ?D_CacheSurface@@YAPAUsurfcache_s@@PAUmsurface_s@@H@Z 0045bbf4 f   r_surf.obj
 0001:0005ad69       ?DDRAW_Init@@YA_NPAPAEPAH@Z 0045bd69 f   rw_ddraw.obj
 0001:0005b17e       ?DDRAW_SetPalette@@YAXPBE@Z 0045c17e f   rw_ddraw.obj
 0001:0005b1e7       ?DDRAW_Shutdown@@YAXXZ     0045c1e7 f   rw_ddraw.obj
 0001:0005b352       ?DIB_Init@@YA_NPAPAEPAH@Z  0045c352 f   rw_dib.obj
 0001:0005b536       ?DIB_SetPalette@@YAXPBE@Z  0045c536 f   rw_dib.obj
 0001:0005b6f2       ?DIB_Shutdown@@YAXXZ       0045c6f2 f   rw_dib.obj
 0001:0005b7eb       ?SWimp_Init@@YAHXZ         0045c7eb f   rw_imp.obj
 0001:0005b7ef       ?SWimp_EndFrame@@YAXXZ     0045c7ef f   rw_imp.obj
 0001:0005b951       ?SWimp_SetMode@@YA?AW4rserr_t@@PAH0H_N@Z 0045c951 f   rw_imp.obj
 0001:0005ba78       ?SWimp_SetPalette@@YAXPBE@Z 0045ca78 f   rw_imp.obj
 0001:0005ba9d       ?SWimp_Shutdown@@YAXXZ     0045ca9d f   rw_imp.obj
 0001:0005bae4       ?SWimp_AppActivate@@YAX_N@Z 0045cae4 f   rw_imp.obj
 0001:0005bb90       _jpeg_CreateDecompress     0045cb90 f   lib:jdapimin.obj
 0001:0005bc50       _jpeg_destroy_decompress   0045cc50 f   lib:jdapimin.obj
 0001:0005bc50       _jpeg_destroy_compress     0045cc50 f   lib:jdapimin.obj
[...]
 0001:0003513c       _dummy_consume_data        0043613c f   vid_dll.obj
 0001:0006d0db       _consume_data              0046e0db f   lib:jddiffct.obj
 0001:0006d152       _output_data               0046e152 f   lib:jddiffct.obj
 0001:0006cb7e       _start_pass                0046db7e f   lib:jddctmgr.obj
 0001:0006bfd0       _start_pass_phuff_decoder  0046cfd0 f   lib:jdphuff.obj
 0001:0006c219       _decode_mcu_DC_first       0046d219 f   lib:jdphuff.obj
 0001:0006c411       _process_restart           0046d411 f   lib:jdphuff.obj
 0001:0006c480       _decode_mcu_AC_first       0046d480 f   lib:jdphuff.obj
 0001:0006c6a0       _decode_mcu_DC_refine      0046d6a0 f   lib:jdphuff.obj
 0001:0006c775       _decode_mcu_AC_refine      0046d775 f   lib:jdphuff.obj
 0001:0006ba17       _start_pass_huff_decoder   0046ca17 f   lib:jdshuff.obj
 0001:0006bb4f       _decode_mcu                0046cb4f f   lib:jdshuff.obj
 0001:0006beff       _process_restart           0046ceff f   lib:jdshuff.obj
 0001:0006ae00       _start_input_pass          0046be00 f   lib:jdcoefct.obj
 0001:0006ae13       _start_iMCU_row            0046be13 f   lib:jdcoefct.obj
 0001:0006ae58       _start_output_pass         0046be58 f   lib:jdcoefct.obj
 0001:0006ae95       _decompress_onepass        0046be95 f   lib:jdcoefct.obj
 0001:0003513c       _dummy_consume_data        0043613c f   vid_dll.obj
 0001:0006b06e       _consume_data              0046c06e f   lib:jdcoefct.obj
 0001:0006b227       _decompress_data           0046c227 f   lib:jdcoefct.obj
 0001:0006b393       _smoothing_ok              0046c393 f   lib:jdcoefct.obj
 0001:0006b47e       _decompress_smooth_data    0046c47e f   lib:jdcoefct.obj
 0001:0006ac99       _scaler_start_pass         0046bc99 f   lib:jcscale.obj
 0001:0006acbc       _simple_downscale          0046bcbc f   lib:jcscale.obj
 0001:0006ace8       _noscale                   0046bce8 f   lib:jcscale.obj
 0001:0006a791       _start_pass                0046b791 f   lib:jcpred.obj
 0001:0006a7e9       _reset_predictor           0046b7e9 f   lib:jcpred.obj
 0001:0006a816       _jpeg_difference_first_row 0046b816 f   lib:jcpred.obj
 0001:0006a900       _jpeg_difference1          0046b900 f   lib:jcpred.obj
 0001:0006a96e       _jpeg_difference2          0046b96e f   lib:jcpred.obj
 0001:0006a9df       _jpeg_difference3          0046b9df f   lib:jcpred.obj
 0001:0006aa57       _jpeg_difference4          0046ba57 f   lib:jcpred.obj
 0001:0006aae2       _jpeg_difference5          0046bae2 f   lib:jcpred.obj
 0001:0006ab75       _jpeg_difference6          0046bb75 f   lib:jcpred.obj
 0001:0006ac04       _jpeg_difference7          0046bc04 f   lib:jcpred.obj
 0001:0006a083       _start_pass_huff           0046b083 f   lib:jclhuff.obj
 0001:0006a220       _encode_mcus_huff          0046b220 f   lib:jclhuff.obj
 0001:0006a40b       _emit_bits                 0046b40b f   lib:jclhuff.obj
 0001:0006a4ae       _dump_buffer               0046b4ae f   lib:jclhuff.obj
 0001:0006a4d2       _emit_restart              0046b4d2 f   lib:jclhuff.obj
 0001:0006a51d       _flush_bits                0046b51d f   lib:jclhuff.obj
 0001:0006a541       _finish_pass_huff          0046b541 f   lib:jclhuff.obj
 0001:0006a5ae       _encode_mcus_gather        0046b5ae f   lib:jclhuff.obj
 0001:0006a6d7       _finish_pass_gather        0046b6d7 f   lib:jclhuff.obj
 0001:00068b9b       _need_optimization_pass    00469b9b f   lib:jcshuff.obj
 0001:00069ca3       _start_pass_diff           0046aca3 f   lib:jcdiffct.obj
 0001:00067d9c       _start_iMCU_row            00468d9c f   lib:jccoefct.obj
 0001:00069d41       _compress_data             0046ad41 f   lib:jcdiffct.obj
 0001:00069ed7       _compress_first_pass       0046aed7 f   lib:jcdiffct.obj
 0001:00069fcc       _compress_output           0046afcc f   lib:jcdiffct.obj
 0001:000696ce       _start_pass_fdctmgr        0046a6ce f   lib:jcdctmgr.obj
 0001:0006986c       _forward_DCT               0046a86c f   lib:jcdctmgr.obj
 0001:000699b8       _forward_DCT_float         0046a9b8 f   lib:jcdctmgr.obj
 0001:00068bde       _start_pass_phuff          00469bde f   lib:jcphuff.obj
 0001:00068d4b       _encode_mcu_DC_first       00469d4b f   lib:jcphuff.obj
 0001:00068e7d       _emit_bits                 00469e7d f   lib:jcphuff.obj
 0001:00068f28       _dump_buffer               00469f28 f   lib:jcphuff.obj
 0001:00068f60       _emit_symbol               00469f60 f   lib:jcphuff.obj
 0001:00068fa0       _emit_restart              00469fa0 f   lib:jcphuff.obj
 0001:00069029       _emit_eobrun               0046a029 f   lib:jcphuff.obj
 0001:000690af       _encode_mcu_AC_first       0046a0af f   lib:jcphuff.obj
 0001:00069243       _encode_mcu_DC_refine      0046a243 f   lib:jcphuff.obj
 0001:000692fd       _encode_mcu_AC_refine      0046a2fd f   lib:jcphuff.obj
 0001:00069514       _finish_pass_phuff         0046a514 f   lib:jcphuff.obj
 0001:00069563       _finish_pass_gather_phuff  0046a563 f   lib:jcphuff.obj
 0001:00069626       _need_optimization_pass    0046a626 f   lib:jcphuff.obj
 0001:00068376       _start_pass_huff           00469376 f   lib:jcshuff.obj
 0001:000684eb       _encode_mcu_huff           004694eb f   lib:jcshuff.obj
 0001:000685f6       _encode_one_block          004695f6 f   lib:jcshuff.obj
 0001:0006876d       _emit_bits                 0046976d f   lib:jcshuff.obj
 0001:00068810       _dump_buffer               00469810 f   lib:jcshuff.obj
 0001:00068834       _emit_restart              00469834 f   lib:jcshuff.obj
 0001:000688a1       _flush_bits                004698a1 f   lib:jcshuff.obj
 0001:000688c5       _finish_pass_huff          004698c5 f   lib:jcshuff.obj
 0001:00068934       _encode_mcu_gather         00469934 f   lib:jcshuff.obj
 0001:000689ea       _htest_one_block           004699ea f   lib:jcshuff.obj
 0001:00068ab1       _finish_pass_gather        00469ab1 f   lib:jcshuff.obj
 0001:00068b9b       _need_optimization_pass    00469b9b f   lib:jcshuff.obj
 0001:00067d07       _start_pass_coef           00468d07 f   lib:jccoefct.obj
 0001:00067d9c       _start_iMCU_row            00468d9c f   lib:jccoefct.obj
 0001:00067dde       _compress_data             00468dde f   lib:jccoefct.obj
 0001:00067fc5       _compress_first_pass       00468fc5 f   lib:jccoefct.obj
 0001:000681ab       _compress_output           004691ab f   lib:jccoefct.obj
 0001:00067c1f       _calc_output_dimensions    00468c1f f   lib:jdlossls.obj
 0001:00067c30       _start_input_pass          00468c30 f   lib:jdlossls.obj
 0001:0006795e       _calc_output_dimensions    0046895e f   lib:jdlossy.obj
 0001:00067ad1       _start_input_pass          00468ad1 f   lib:jdlossy.obj
 0001:00067af1       _latch_quant_tables        00468af1 f   lib:jdlossy.obj
 0001:00067b89       _start_output_pass         00468b89 f   lib:jdlossy.obj
 0001:000678ad       _start_pass                004688ad f   lib:jclossls.obj
 0001:00067819       _start_pass                00468819 f   lib:jclossy.obj
 0001:00066d6e       _initial_setup             00467d6e f   lib:jcmaster.obj
 0001:00066f21       _validate_script           00467f21 f   lib:jcmaster.obj
 0001:000672f9       _prepare_for_pass          004682f9 f   lib:jcmaster.obj
 0001:00067471       _select_scan_parameters    00468471 f   lib:jcmaster.obj
 0001:00067572       _per_scan_setup            00468572 f   lib:jcmaster.obj
 0001:0006771d       _pass_startup              0046871d f   lib:jcmaster.obj
 0001:00067744       _finish_pass_master        00468744 f   lib:jcmaster.obj
 0001:0006685a       _rgb_ycc_start             0046785a f   lib:jccolor.obj
 0001:0006691e       _rgb_ycc_convert           0046791e f   lib:jccolor.obj
 0001:00066a1d       _rgb_gray_convert          00467a1d f   lib:jccolor.obj
 0001:00066aa2       _cmyk_ycck_convert         00467aa2 f   lib:jccolor.obj
 0001:00066bda       _grayscale_convert         00467bda f   lib:jccolor.obj
 0001:00066c34       _null_convert              00467c34 f   lib:jccolor.obj
 0001:00063751       _null_method               00464751 f   lib:jdcolor.obj
 0001:00063751       _start_pass_downsample     00464751 f   lib:jdcolor.obj
 0001:00065fa6       _sep_downsample            00466fa6 f   lib:jcsample.obj
 0001:0006601b       _int_downsample            0046701b f   lib:jcsample.obj
 0001:00066113       _expand_right_edge         00467113 f   lib:jcsample.obj
 0001:00066168       _fullsize_downsample       00467168 f   lib:jcsample.obj
 0001:000661ac       _h2v1_downsample           004671ac f   lib:jcsample.obj
 0001:00066240       _h2v2_downsample           00467240 f   lib:jcsample.obj
 0001:000662ed       _h2v2_smooth_downsample    004672ed f   lib:jcsample.obj
 0001:00066565       _fullsize_smooth_downsample 00467565 f   lib:jcsample.obj
 0001:000659a2       _start_pass_prep           004669a2 f   lib:jcprepct.obj
 0001:000659e0       _pre_process_data          004669e0 f   lib:jcprepct.obj
 0001:00065b8e       _pre_process_context       00466b8e f   lib:jcprepct.obj
 0001:00065d47       _create_context_buffer     00466d47 f   lib:jcprepct.obj
 0001:0006581a       _start_pass_main           0046681a f   lib:jcmainct.obj
 0001:0006585c       _process_data_simple_main  0046685c f   lib:jcmainct.obj
 0001:00064df0       _create_colormap           00465df0 f   lib:jquant1.obj
 0001:00064f22       _select_ncolors            00465f22 f   lib:jquant1.obj
 0001:00064ff9       _create_colorindex         00465ff9 f   lib:jquant1.obj
 0001:00065125       _alloc_fs_workspace        00466125 f   lib:jquant1.obj
 0001:00065161       _start_pass_1_quant        00466161 f   lib:jquant1.obj
 0001:0006522d       _create_odither_tables     0046622d f   lib:jquant1.obj
 0001:0006528c       _make_odither_array        0046628c f   lib:jquant1.obj
 0001:000652ef       _color_quantize            004662ef f   lib:jquant1.obj
 0001:0006537a       _color_quantize3           0046637a f   lib:jquant1.obj
 0001:00065408       _quantize_ord_dither       00466408 f   lib:jquant1.obj
 0001:000654f3       _quantize3_ord_dither      004664f3 f   lib:jquant1.obj
 0001:000655f3       _quantize_fs_dither        004665f3 f   lib:jquant1.obj
 0001:00063751       _finish_pass_1_quant       00464751 f   lib:jdcolor.obj
 0001:00065777       _new_color_map_1_quant     00466777 f   lib:jquant1.obj
 0001:00063db1       _init_error_limit          00464db1 f   lib:jquant2.obj
 0001:00063e50       _start_pass_2_quant        00464e50 f   lib:jquant2.obj
 0001:00063f52       _prescan_quantize          00464f52 f   lib:jquant2.obj
 0001:00063fc1       _pass2_no_dither           00464fc1 f   lib:jquant2.obj
 0001:0006406e       _fill_inverse_cmap         0046506e f   lib:jquant2.obj
 0001:00064139       _find_nearby_colors        00465139 f   lib:jquant2.obj
 0001:000642dd       _find_best_colors          004652dd f   lib:jquant2.obj
 0001:000643f7       _pass2_fs_dither           004653f7 f   lib:jquant2.obj
 0001:00064666       _finish_pass1              00465666 f   lib:jquant2.obj
 0001:00064688       _select_colors             00465688 f   lib:jquant2.obj
 0001:00064714       _update_box                00465714 f   lib:jquant2.obj
 0001:00064aae       _median_cut                00465aae f   lib:jquant2.obj
 0001:00064bc2       _find_biggest_color_pop    00465bc2 f   lib:jquant2.obj
 0001:00064bf1       _find_biggest_volume       00465bf1 f   lib:jquant2.obj
 0001:00064c1a       _compute_color             00465c1a f   lib:jquant2.obj
 0001:00063751       _finish_pass2              00464751 f   lib:jdcolor.obj
 0001:00064d56       _new_color_map_2_quant     00465d56 f   lib:jquant2.obj
 0001:000637c8       _build_ycc_rgb_table       004647c8 f   lib:jdmerge.obj
 0001:00063878       _start_pass_merged_upsample 00464878 f   lib:jdmerge.obj
 0001:0006388d       _merged_2v_upsample        0046488d f   lib:jdmerge.obj
 0001:00063934       _merged_1v_upsample        00464934 f   lib:jdmerge.obj
 0001:00063965       _h2v1_merged_upsample      00464965 f   lib:jdmerge.obj
 0001:00063abb       _h2v2_merged_upsample      00464abb f   lib:jdmerge.obj
 0001:0006336b       _build_ycc_rgb_table       0046436b f   lib:jdcolor.obj
 0001:0006341b       _ycc_rgb_convert           0046441b f   lib:jdcolor.obj
 0001:00063529       _null_convert              00464529 f   lib:jdcolor.obj
 0001:000635a1       _grayscale_convert         004645a1 f   lib:jdcolor.obj
 0001:000635c4       _gray_rgb_convert          004645c4 f   lib:jdcolor.obj
 0001:0006361d       _ycck_cmyk_convert         0046461d f   lib:jdcolor.obj
 0001:00063751       _start_pass_dcolor         00464751 f   lib:jdcolor.obj
 0001:00062dcc       _start_pass_upsample       00463dcc f   lib:jdsample.obj
 0001:00062de6       _sep_upsample              00463de6 f   lib:jdsample.obj
 0001:00062eb3       _fullsize_upsample         00463eb3 f   lib:jdsample.obj
 0001:00062ebe       _noop_upsample             00463ebe f   lib:jdsample.obj
 0001:00062ec6       _int_upsample              00463ec6 f   lib:jdsample.obj
 0001:00062fb0       _h2v1_upsample             00463fb0 f   lib:jdsample.obj
 0001:00063007       _h2v2_upsample             00464007 f   lib:jdsample.obj
 0001:00063079       _h2v1_fancy_upsample       00464079 f   lib:jdsample.obj
 0001:0006311c       _h2v2_fancy_upsample       0046411c f   lib:jdsample.obj
 0001:000629d5       _start_pass_dpost          004639d5 f   lib:jdpostct.obj
 0001:00062a7b       _post_process_1pass        00463a7b f   lib:jdpostct.obj
 0001:00062ae0       _post_process_prepass      00463ae0 f   lib:jdpostct.obj
 0001:00062b71       _post_process_2pass        00463b71 f   lib:jdpostct.obj
 0001:000623dc       _alloc_funny_pointers      004633dc f   lib:jdmainct.obj
 0001:00062489       _start_pass_main           00463489 f   lib:jdmainct.obj
 0001:000624f1       _make_funny_pointers       004634f1 f   lib:jdmainct.obj
 0001:00062631       _process_data_simple_main  00463631 f   lib:jdmainct.obj
 0001:00062699       _process_data_context_main 00463699 f   lib:jdmainct.obj
 0001:000627ab       _set_wraparound_pointers   004637ab f   lib:jdmainct.obj
 0001:00062895       _set_bottom_pointers       00463895 f   lib:jdmainct.obj
 0001:0006292f       _process_data_crank_post   0046392f f   lib:jdmainct.obj
 0001:0006223c       _read_backing_store        0046323c f   lib:jmemansi.obj
 0001:00062297       _write_backing_store       00463297 f   lib:jmemansi.obj
 0001:000622f2       _close_backing_store       004632f2 f   lib:jmemansi.obj
 0001:0006103b       _write_marker_header       0046203b f   lib:jcmarker.obj
 0001:00061091       _emit_byte                 00462091 f   lib:jcmarker.obj
 0001:000610c2       _write_marker_byte         004620c2 f   lib:jcmarker.obj
 0001:000610d2       _write_file_header         004620d2 f   lib:jcmarker.obj
 0001:0006111e       _emit_jfif_app0            0046211e f   lib:jcmarker.obj
 0001:000611f1       _emit_adobe_app14          004621f1 f   lib:jcmarker.obj
 0001:00061297       _write_frame_header        00462297 f   lib:jcmarker.obj
 0001:00061376       _emit_dqt                  00462376 f   lib:jcmarker.obj
 0001:00061465       _emit_sof                  00462465 f   lib:jcmarker.obj
 0001:00061541       _write_scan_header         00462541 f   lib:jcmarker.obj
 0001:00061601       _emit_dht                  00462601 f   lib:jcmarker.obj
 0001:000616da       _emit_dri                  004626da f   lib:jcmarker.obj
 0001:00061729       _emit_sos                  00462729 f   lib:jcmarker.obj
 0001:00061817       _write_file_trailer        00462817 f   lib:jcmarker.obj
 0001:00061837       _write_tables_only         00462837 f   lib:jcmarker.obj
 0001:00060b90       _use_merged_upsample       00461b90 f   lib:jdmaster.obj
 0001:00060c36       _master_selection          00461c36 f   lib:jdmaster.obj
 0001:00060d93       _prepare_range_limit_table 00461d93 f   lib:jdmaster.obj
 0001:00060e19       _prepare_for_output_pass   00461e19 f   lib:jdmaster.obj
 0001:00060f3a       _finish_output_pass        00461f3a f   lib:jdmaster.obj
 0001:00060007       _alloc_small               00461007 f   lib:jmemmgr.obj
 0001:00060125       _alloc_large               00461125 f   lib:jmemmgr.obj
 0001:000601d6       _alloc_sarray              004611d6 f   lib:jmemmgr.obj
 0001:0006026e       _alloc_barray              0046126e f   lib:jmemmgr.obj
 0001:00060312       _alloc_darray              00461312 f   lib:jmemmgr.obj
 0001:000603bd       _request_virt_sarray       004613bd f   lib:jmemmgr.obj
 0001:0006041e       _request_virt_barray       0046141e f   lib:jmemmgr.obj
 0001:0006047f       _realize_virt_arrays       0046147f f   lib:jmemmgr.obj
 0001:00060602       _access_virt_sarray        00461602 f   lib:jmemmgr.obj
 0001:00060722       _do_sarray_io              00461722 f   lib:jmemmgr.obj
 0001:000607b2       _access_virt_barray        004617b2 f   lib:jmemmgr.obj
 0001:000608d7       _do_barray_io              004618d7 f   lib:jmemmgr.obj
 0001:00060968       _free_pool                 00461968 f   lib:jmemmgr.obj
 0001:00060a4f       _self_destruct             00461a4f f   lib:jmemmgr.obj
 0001:0005fa49       _start_input_pass          00460a49 f   lib:jdinput.obj
 0001:0005fa77       _per_scan_setup            00460a77 f   lib:jdinput.obj
 0001:0005fbfd       _finish_input_pass         00460bfd f   lib:jdinput.obj
 0001:0005fc0e       _consume_markers           00460c0e f   lib:jdinput.obj
 0001:0005fcaa       _initial_setup             00460caa f   lib:jdinput.obj
 0001:0005feb4       _reset_input_controller    00460eb4 f   lib:jdinput.obj
 0001:0005f802       _fixedtables               00460802 f   lib:inflate.obj
 0001:0005f8ec       _updatewindow              004608ec f   lib:inflate.obj
 0001:0005e262       _make_crc_table            0045f262 f   lib:crc32.obj
 0001:0005e38e       _crc32_little              0045f38e f   lib:crc32.obj
 0001:0005e19e       _init_destination          0045f19e f   lib:jdatadst.obj
 0001:0005e1c4       _empty_output_buffer       0045f1c4 f   lib:jdatadst.obj
 0001:0005e206       _term_destination          0045f206 f   lib:jdatadst.obj
 0001:0005dd25       _std_huff_tables           0045ed25 f   lib:jcparam.obj
 0001:0005dd7f       _add_huff_table            0045ed7f f   lib:jcparam.obj
 0001:0005c281       _next_marker               0045d281 f   lib:jdmarker.obj
 0001:0005c3bb       _get_interesting_appn      0045d3bb f   lib:jdmarker.obj
 0001:0005c4e6       _examine_app0              0045d4e6 f   lib:jdmarker.obj
 0001:0005c6f4       _examine_app14             0045d6f4 f   lib:jdmarker.obj
 0001:0005c7b5       _skip_variable             0045d7b5 f   lib:jdmarker.obj
 0001:0005c858       _read_markers              0045d858 f   lib:jdmarker.obj
 0001:0005ca60       _get_soi                   0045da60 f   lib:jdmarker.obj
 0001:0005cb0b       _get_sof                   0045db0b f   lib:jdmarker.obj
 0001:0005ce14       _get_sos                   0045de14 f   lib:jdmarker.obj
 0001:0005d102       _get_dht                   0045e102 f   lib:jdmarker.obj
 0001:0005d3a3       _get_dqt                   0045e3a3 f   lib:jdmarker.obj
 0001:0005d5ff       _get_dri                   0045e5ff f   lib:jdmarker.obj
 0001:0005d6de       _first_marker              0045e6de f   lib:jdmarker.obj
 0001:0005d77a       _read_restart_marker       0045e77a f   lib:jdmarker.obj
 0001:0005d7f8       _reset_marker_reader       0045e7f8 f   lib:jdmarker.obj
 0001:0005c065       _output_pass_setup         0045d065 f   lib:jdapistd.obj
 0001:0005bd59       _default_decompress_parms  0045cd59 f   lib:jdapimin.obj

 70 bytes saved through ICF

