 quake2

 Timestamp is 43073536 (Sat Aug 20 17:50:46 2005)

 Preferred load address is 00400000

 Start         Length     Name                   Class
 0001:00000000 00060360H .text                   CODE
 0002:00000000 00000278H .idata$5                DATA
 0002:00000278 00006384H .rdata                  DATA
 0002:00006600 00000044H .rdata$r                DATA
 0002:00006648 00000038H .xdata$x                DATA
 0002:00006680 00000078H .idata$2                DATA
 0002:000066f8 00000014H .idata$3                DATA
 0002:0000670c 00000278H .idata$4                DATA
 0002:00006984 000007feH .idata$6                DATA
 0002:00007182 00000000H .edata                  DATA
 0003:00000000 00000004H .CRT$XCA                DATA
 0003:00000004 00000080H .CRT$XCU                DATA
 0003:00000084 00000004H .CRT$XCZ                DATA
 0003:00000088 00000004H .CRT$XIA                DATA
 0003:0000008c 00000004H .CRT$XIZ                DATA
 0003:00000090 0000d74cH .data                   DATA
 0003:0000d7e0 0047d3dcH .bss                    DATA
 0004:00000000 00000130H .rsrc$01                DATA
 0004:00000130 00003f20H .rsrc$02                DATA

  Address         Publics by Value              Rva+Base     Lib:Object

 0001:00000000       ??3@YAXPAX@Z               00401000 f i CoreMain.obj
 0001:0000000b       ?appInit@@YAXXZ            0040100b f   CoreMain.obj
 0001:0000006e       ?appExit@@YAXXZ            0040106e f   CoreMain.obj
 0001:00000073       ?appLoadDebugSymbols@@YAXXZ 00401073 f   DbgSymbols.obj
 0001:00000276       ?appSymbolName@@YA_NIPADH@Z 00401276 f   DbgSymbols.obj
 0001:00000362       ?appSymbolName@@YAPBDI@Z   00401362 f   DbgSymbols.obj
 0001:00000394       ?appMalloc@@YAPAXIH@Z      00401394 f   Memory.obj
 0001:00000442       ?appFree@@YAXPAX@Z         00401442 f   Memory.obj
 0001:00000470       ?Unlink@FMemHeader@@QAEXXZ 00401470 f i Memory.obj
 0001:0000049b       ?Link@CMemoryChain@@AAEXXZ 0040149b f   Memory.obj
 0001:000004ba       ?Unlink@CMemoryChain@@AAEXXZ 004014ba f   Memory.obj
 0001:000004e5       ??2CMemoryChain@@SAPAXIH@Z 004014e5 f   Memory.obj
 0001:00000557       ??3CMemoryChain@@SAXPAX@Z  00401557 f   Memory.obj
 0001:0000058a       ?Alloc@CMemoryChain@@QAEPAXIH@Z 0040158a f   Memory.obj
 0001:000005f4       ?appInitMemory@@YAXXZ      004015f4 f   Memory.obj
 0001:00000b28       ?sprintf@?$TString@$0BAA@@@QAAHPBDZZ 00401b28 f i Memory.obj
 0001:00000b54       ?Write@COutputDeviceNull@@UAEXPBD@Z 00401b54 f i OutputDevice.obj
 0001:00000b57       ?appWPrintf@@YAXPBDZZ      00401b57 f   OutputDevice.obj
 0001:00000ba8       ?appFatalError@@YAXPBDZZ   00401ba8 f   ErrorMgr.obj
 0001:00000be2       ?appNonFatalError@@YAXPBDZZ 00401be2 f   ErrorMgr.obj
 0001:00000c40       ?appUnwindPrefix@@YAXPBD@Z 00401c40 f   ErrorMgr.obj
 0001:00000c8e       ?appUnwindThrow@@YAXPBDZZ  00401c8e f   ErrorMgr.obj
 0001:00000d15       ?Reset@CErrorHandler@@QAEXXZ 00401d15 f   ErrorMgr.obj
 0001:00000d46       ?appInitError@@YAXXZ       00401d46 f   ErrorMgr.obj
 0001:00000e04       ?sprintf@?$TString@$0CAA@@@QAAHPBDZZ 00401e04 f i ErrorMgr.obj
 0001:00000e20       ?GetLine@CSimpleParser@@QAEPBDXZ 00401e20 f   ScriptParser.obj
 0001:00000f35       ?SkipBraces@CSimpleParser@@QAEPBDXZ 00401f35 f   ScriptParser.obj
 0001:00000f6b       ?appStricmp@@YAHPBD0@Z     00401f6b f   Strings.obj
 0001:00000fa0       ?toLower@@YADD@Z           00401fa0 f i Strings.obj
 0001:00000fb7       ?appStrcpy@@YAXPADPBD@Z    00401fb7 f   Strings.obj
 0001:00000fca       ?appStrncpylwr@@YAXPADPBDH@Z 00401fca f   Strings.obj
 0001:00001002       ?appStrncpyz@@YAXPADPBDH@Z 00402002 f   Strings.obj
 0001:0000102f       ?appStrcatn@@YAXPADHPBD@Z  0040202f f   Strings.obj
 0001:0000105a       ?appCopyFilename@@YAXPADPBDH@Z 0040205a f   Strings.obj
 0001:000010f6       ?appCStrlen@@YAHPBD@Z      004020f6 f   Strings.obj
 0001:0000111b       ?appUncolorizeString@@YAXPADPBD@Z 0040211b f   Strings.obj
 0001:0000114b       ?va@@YAPBDPBDZZ            0040214b f   Strings.obj
 0001:000011e7       ?appSprintf@@YAHPADHPBDZZ  004021e7 f   Strings.obj
 0001:00001232       ?appMatchWildcard@@YA_NPBD0_N@Z 00402232 f   Strings.obj
 0001:000013b3       ?appIsWildcard@@YA_NPBD@Z  004023b3 f   Strings.obj
 0001:000013dd       ?CopyString@@YAPADPBD@Z    004023dd f   Strings.obj
 0001:0000141d       ?CopyString@@YAPADPBDPAVCMemoryChain@@@Z 0040241d f   Strings.obj
 0001:00001451       ??2CStringItem@@SAPAXIPBD@Z 00402451 f   Strings.obj
 0001:0000149a       ??2CStringItem@@SAPAXIPBDPAVCMemoryChain@@@Z 0040249a f   Strings.obj
 0001:000014d7       ?Find@CStringList@@IAEPAVCStringItem@@PBDPAPAV2@@Z 004024d7 f   Strings.obj
 0001:00001513       ?Find@CStringList@@IAEPAVCStringItem@@H@Z 00402513 f   Strings.obj
 0001:0000152c       ?IndexOf@CStringList@@QAEHPBD@Z 0040252c f   Strings.obj
 0001:00001559       ?Remove@CStringList@@QAE_NPAVCStringItem@@@Z 00402559 f   Strings.obj
 0001:00001585       ?Free@CStringList@@QAEXXZ  00402585 f   Strings.obj
 0001:0000159e       ?Add@CTextContainer@@QAEPAUCTextRec@@PBD@Z 0040259e f   TextContainer.obj
 0001:0000164a       ?Enumerate@CTextContainer@@QAEXP6AXPBUCTextRec@@@Z@Z 0040264a f   TextContainer.obj
 0001:000016b6       ?appMillisecondsf@@YANXZ   004026b6 f   CoreWin32.obj
 0001:000016ef       ?appMilliseconds@@YAIXZ    004026ef f   CoreWin32.obj
 0001:00001724       ?cpuid@@YAXI@Z             00402724 f   CoreWin32.obj
 0001:00001747       ?appInitPlatform@@YAXXZ    00402747 f   CoreWin32.obj
 0001:000019da       ?appShutdownPlatform@@YAXXZ 004029da f   CoreWin32.obj
 0001:000019e3       ?osAddressInfo@@YA_NIPADHPAH@Z 004029e3 f   DbgSymbolsWin32.obj
 0001:00001a77       ?osModuleInfo@@YA_NIPADHPAH@Z 00402a77 f   DbgSymbolsWin32.obj
 0001:00001c1e       ?win32ExceptFilter@@YAHPAU_EXCEPTION_POINTERS@@@Z 00402c1e f   ExceptFilterWin32.obj
 0001:00002150       ?win32ExceptFilter2@@YAHXZ 00403150 f   ExceptFilterWin32.obj
 0001:0000215c       ?SCR_StopCinematic@@YAXXZ  0040315c f   cl_cin.obj
 0001:000021f0       ?SCR_DrawCinematic@@YA_NXZ 004031f0 f   cl_cin.obj
 0001:00002648       ?SCR_PlayCinematic@@YAXPBD@Z 00403648 f   cl_cin.obj
 0001:0000299e       ?sprintf@?$TString@$0EA@@@QAAHPBDZZ 0040399e f i cl_cin.obj
 0001:000029b7       ?CL_Download_f@@YAX_NHPAPAD@Z 004039b7 f   cl_download.obj
 0001:00002d4f       ?CL_ParseDownload@@YAXXZ   00403d4f f   cl_download.obj
 0001:00003565       ?CL_Precache_f@@YAXHPAPAD@Z 00404565 f   cl_download.obj
 0001:000035c3       ?sprintf@?$TString@$0IA@@@QAAHPBDZZ 004045c3 f i cl_download.obj
 0001:000035df       ?CL_ParseDelta@@YAXPAUclEntityState_t@@0HI_N@Z 004045df f   cl_ents.obj
 0001:0000375f       ?CL_ParseFrame@@YAXXZ      0040475f f   cl_ents.obj
 0001:00003e0e       ?CL_AddEntityBox@@YAXPAUclEntityState_t@@I@Z 00404e0e f   cl_ents.obj
 0001:00003f12       ?Lerp@@YAXABUCVec3@@0MAAU1@@Z 00404f12 f i cl_ents.obj
 0001:00003f49       ?CL_OffsetThirdPersonView@@YAXXZ 00404f49 f   cl_ents.obj
 0001:00004031       ?CL_AddEntities@@YAXXZ     00405031 f   cl_ents.obj
 0001:00004f66       ?CL_ClearLightStyles@@YAXXZ 00405f66 f   cl_fx.obj
 0001:00004fe8       ?CL_SetLightstyle@@YAXHPBD@Z 00405fe8 f   cl_fx.obj
 0001:00005049       ?CL_AllocDlight@@YAPAUcdlight_t@@HABUCVec3@@@Z 00406049 f   cl_fx.obj
 0001:000050b2       ?CL_AllocParticleTrace@@YAPAUparticleTrace_t@@ABUCVec3@@0MM@Z 004060b2 f   cl_fx.obj
 0001:00005141       ?CL_AllocParticleBeam@@YAPAUbeam_t@@ABUCVec3@@0MM@Z 00406141 f   cl_fx.obj
 0001:000051b5       ?CL_AllocParticle@@YAPAUparticle_t@@XZ 004061b5 f   cl_fx.obj
 0001:00005208       ?CL_MetalSparks@@YAXABUCVec3@@0H@Z 00406208 f   cl_fx.obj
 0001:000052f5       ?CL_AddEffects@@YAXXZ      004062f5 f   cl_fx.obj
 0001:000059fa       ?CL_ClearEffects@@YAXXZ    004069fa f   cl_fx.obj
 0001:00005a7c       ?CL_EntityEvent@@YAXPAUclEntityState_t@@@Z 00406a7c f   cl_fx.obj
 0001:00005c30       ?CL_ParseMuzzleFlash@@YAXXZ 00406c30 f   cl_fx.obj
 0001:00005fa0       ?CL_ParseMuzzleFlash2@@YAXXZ 00406fa0 f   cl_fx.obj
 0001:00006416       ?CL_ParticleEffect@@YAXABUCVec3@@0HH@Z 00407416 f   cl_fx.obj
 0001:000065c0       ?CL_ParticleEffect2@@YAXABUCVec3@@0HH@Z 004075c0 f   cl_fx.obj
 0001:000065e8       ?CL_ParticleEffect3@@YAXABUCVec3@@0HH@Z 004075e8 f   cl_fx.obj
 0001:00006610       ?CL_TeleporterParticles@@YAXPAUclEntityState_t@@@Z 00407610 f   cl_fx.obj
 0001:0000662f       ?CL_LogoutEffect@@YAXABUCVec3@@H@Z 0040762f f   cl_fx.obj
 0001:00006665       ?CL_ItemRespawnParticles@@YAXABUCVec3@@@Z 00407665 f   cl_fx.obj
 0001:00006680       ?CL_ExplosionParticles@@YAXABUCVec3@@@Z 00407680 f   cl_fx.obj
 0001:0000669e       ?CL_BFGExplosionParticles@@YAXABUCVec3@@@Z 0040769e f   cl_fx.obj
 0001:000066bc       ?CL_TrackerExplosionParticles@@YAXABUCVec3@@@Z 004076bc f   cl_fx.obj
 0001:000066da       ?CL_BlasterParticles@@YAXABUCVec3@@0I@Z 004076da f   cl_fx.obj
 0001:00006700       ?CL_BlasterTrail@@YAXAAUcentity_t@@@Z 00407700 f   cl_fx.obj
 0001:00006803       ?CL_BlasterTrail2@@YAXAAUcentity_t@@@Z 00407803 f   cl_fx.obj
 0001:00006816       ?CL_FlagTrail@@YAXAAUcentity_t@@H@Z 00407816 f   cl_fx.obj
 0001:00006832       ?CL_RocketTrail@@YAXAAUcentity_t@@@Z 00407832 f   cl_fx.obj
 0001:00006871       ?CL_BubbleTrail@@YAXABUCVec3@@0@Z 00407871 f   cl_fx.obj
 0001:0000690b       ?CL_BubbleTrail2@@YAXABUCVec3@@0@Z 0040790b f   cl_fx.obj
 0001:00006923       ?CL_TagTrail@@YAXAAUcentity_t@@@Z 00407923 f   cl_fx.obj
 0001:00006936       ?CL_DebugTrail@@YAXABUCVec3@@0@Z 00407936 f   cl_fx.obj
 0001:0000694e       ?CL_ForceWall@@YAXABUCVec3@@0H@Z 0040794e f   cl_fx.obj
 0001:0000696f       ?CL_BigTeleportParticles@@YAXABUCVec3@@@Z 0040796f f   cl_fx.obj
 0001:00006aa1       ?CL_BfgParticles@@YAXABUCVec3@@@Z 00407aa1 f   cl_fx.obj
 0001:00006c09       ?CL_FlyEffect@@YAXAAUcentity_t@@@Z 00407c09 f   cl_fx.obj
 0001:00006d95       ?CL_DiminishingTrail@@YAXAAUcentity_t@@H@Z 00407d95 f   cl_fx.obj
 0001:00006eef       ?CL_RailTrail@@YAXABUCVec3@@0@Z 00407eef f   cl_fx.obj
 0001:00007056       ?CL_RailTrailExt@@YAXABUCVec3@@0EE@Z 00408056 f   cl_fx.obj
 0001:0000719b       ?CL_IonripperTrail@@YAXAAUcentity_t@@@Z 0040819b f   cl_fx.obj
 0001:000072ea       ?CL_TrapParticles@@YAXABUCVec3@@@Z 004082ea f   cl_fx.obj
 0001:0000747e       ?CL_TeleportParticles@@YAXABUCVec3@@@Z 0040847e f   cl_fx.obj
 0001:000075b4       ?CL_Heatbeam@@YAXABUCVec3@@0@Z 004085b4 f   cl_fx.obj
 0001:0000785a       ?CL_ParticleSteamEffect@@YAXABUCVec3@@0HHH@Z 0040885a f   cl_fx.obj
 0001:00007986       ?CL_ParticleSmokeEffect@@YAXABUCVec3@@0@Z 00408986 f   cl_fx.obj
 0001:00007a91       ?CL_TrackerTrail@@YAXAAUcentity_t@@@Z 00408a91 f   cl_fx.obj
 0001:00007c0f       ?CL_TrackerShell@@YAXABUCVec3@@@Z 00408c0f f   cl_fx.obj
 0001:00007c9b       ?CL_MonsterPlasmaShell@@YAXABUCVec3@@@Z 00408c9b f   cl_fx.obj
 0001:00007d24       ?CL_WidowSplash@@YAXABUCVec3@@@Z 00408d24 f   cl_fx.obj
 0001:00007df5       ?IN_CenterView@@YAXXZ      00408df5 f   cl_input.obj
 0001:00007e16       ?CL_InitInput@@YAXXZ       00408e16 f   cl_input.obj
 0001:000083b2       ?CL_SendCmd@@YAXXZ         004093b2 f   cl_input.obj
 0001:00008a30       ?CL_WriteDemoMessage@@YAXXZ 00409a30 f   cl_main.obj
 0001:00008a72       ?Cmd_ForwardToServer@@YAXHPAPAD@Z 00409a72 f   cl_main.obj
 0001:00008b35       ?CL_ForwardToServer_f@@YAXHPAPAD@Z 00409b35 f   cl_main.obj
 0001:00008b7d       ?CL_Pause@@YAX_N@Z         00409b7d f   cl_main.obj
 0001:00008bbf       ?CL_Quit_f@@YAXXZ          00409bbf f   cl_main.obj
 0001:00008bc9       ?CL_Drop@@YAX_N@Z          00409bc9 f   cl_main.obj
 0001:00008bf0       ?CL_SendConnectPacket@@YAXXZ 00409bf0 f   cl_main.obj
 0001:00008c5c       ?CL_Connect_f@@YAX_NHPAPAD@Z 00409c5c f   cl_main.obj
 0001:00008cdc       ?CL_Rcon_f@@YAXHPAPAD@Z    00409cdc f   cl_main.obj
 0001:00008dd8       ?CL_Disconnect@@YAXXZ      00409dd8 f   cl_main.obj
 0001:00008f7a       ?CL_Disconnect_f@@YAXXZ    00409f7a f   cl_main.obj
 0001:00008f84       ?CL_Changing_f@@YAXXZ      00409f84 f   cl_main.obj
 0001:00008fa8       ?CL_Reconnect_f@@YAXXZ     00409fa8 f   cl_main.obj
 0001:00009044       ?CL_PingServers_f@@YAXXZ   0040a044 f   cl_main.obj
 0001:0000915d       ?CL_Skins_f@@YAXXZ         0040a15d f   cl_main.obj
 0001:00009445       ?CL_ConnectionlessPacket@@YAXXZ 0040a445 f   cl_main.obj
 0001:00009542       ?CL_ReadPackets@@YAXXZ     0040a542 f   cl_main.obj
 0001:00009685       ?CL_Userinfo_f@@YAXXZ      0040a685 f   cl_main.obj
 0001:0000969d       ?CL_RegisterSounds@@YAXXZ  0040a69d f   cl_main.obj
 0001:000096dc       ?CL_Snd_Restart_f@@YAXXZ   0040a6dc f   cl_main.obj
 0001:000096eb       ?CL_WriteConfiguration@@YAXPBD@Z 0040a6eb f   cl_main.obj
 0001:000097a6       ?CL_WriteConfig_f@@YAX_NHPAPAD@Z 0040a7a6 f   cl_main.obj
 0001:00009811       ?CL_FixCvarCheats@@YAXXZ   0040a811 f   cl_main.obj
 0001:00009862       ?CL_Frame@@YAXMM@Z         0040a862 f   cl_main.obj
 0001:00009b9b       ?CL_ClearState@@YAXXZ      0040ab9b f   cl_main.obj
 0001:00009bd9       ?CL_Init@@YAXXZ            0040abd9 f   cl_main.obj
 0001:0000a0a7       ?CL_Shutdown@@YAX_N@Z      0040b0a7 f   cl_main.obj
 0001:0000a0fc       ?sprintf@?$TString@$0EAA@@@QAAHPBDZZ 0040b0fc f i cl_main.obj
 0001:0000a118       ?CL_ParseClientinfo@@YAXH@Z 0040b118 f   cl_parse.obj
 0001:0000a1cd       ?CL_UpdatePlayerClientInfo@@YAXXZ 0040b1cd f   cl_parse.obj
 0001:0000a20e       ?CL_ParseServerMessage@@YAXXZ 0040b20e f   cl_parse.obj
 0001:0000a9e8       ?FreePlayerModelsInfo@@YAXXZ 0040b9e8 f   cl_playermodel.obj
 0001:0000aa0e       ?ScanQuake3Models@@YAXPBD@Z 0040ba0e f   cl_playermodel.obj
 0001:0000ab8d       ?ScanPlayerModels@@YA_NXZ  0040bb8d f   cl_playermodel.obj
 0001:0000ae4b       ?RunAnimation@@YAXAAUclientInfo_t@@AAUanimState_t@@H@Z 0040be4b f   cl_playermodel.obj
 0001:0000b02c       ?CL_LoadClientinfo@@YAXAAUclientInfo_t@@PBD_N@Z 0040c02c f   cl_playermodel.obj
 0001:0000bc08       ?ParsePlayerEntity@@YAHAAUcentity_t@@AAUclientInfo_t@@PAUclEntityState_t@@ABUentity_t@@PAU4@HH@Z 0040cc08 f   cl_playermodel.obj
 0001:0000c75e       ?CL_CheckPredictionError@@YAXXZ 0040d75e f   cl_pred.obj
 0001:0000c8f4       ?CL_EntityTrace@@YAXAAUtrace_t@@ABUCVec3@@1ABUCBox@@H@Z 0040d8f4 f   cl_pred.obj
 0001:0000cc8d       ?CL_Trace@@YAXAAUtrace_t@@ABUCVec3@@1ABUCBox@@H@Z 0040dc8d f   cl_pred.obj
 0001:0000cd09       ?CL_PMpointcontents@@YAHABUCVec3@@@Z 0040dd09 f   cl_pred.obj
 0001:0000ce95       ?CL_PredictMovement@@YAXXZ 0040de95 f   cl_pred.obj
 0001:0000d248       ?DrawString@@YAXHHPBD@Z    0040e248 f   cl_scrn.obj
 0001:0000d28d       ?SCR_DebugGraph@@YAXMH@Z   0040e28d f   cl_scrn.obj
 0001:0000d2b5       ?SCR_CenterPrint@@YAXPBD@Z 0040e2b5 f   cl_scrn.obj
 0001:0000d3bb       ?Key_Message@@YAXH@Z       0040e3bb f   cl_scrn.obj
 0001:0000d457       ?SCR_SetLevelshot@@YAXPBD@Z 0040e457 f   cl_scrn.obj
 0001:0000d550       ?SCR_BeginLoadingPlaque@@YAXXZ 0040e550 f   cl_scrn.obj
 0001:0000d5d5       ?SCR_EndLoadingPlaque@@YAX_N@Z 0040e5d5 f   cl_scrn.obj
 0001:0000d65a       ?SCR_ShowConsole@@YAX_N0@Z 0040e65a f   cl_scrn.obj
 0001:0000d71f       ?SCR_ToggleConsole@@YAXXZ  0040e71f f   cl_scrn.obj
 0001:0000d747       ?SCR_TouchPics@@YAXXZ      0040e747 f   cl_scrn.obj
 0001:0000d79d       ?SCR_UpdateScreen@@YAXXZ   0040e79d f   cl_scrn.obj
 0001:0000e9e1       ?SCR_Init@@YAXXZ           0040f9e1 f   cl_scrn.obj
 0001:0000ed10       ?sprintf@?$TString@$0BA@@@QAAHPBDZZ 0040fd10 f i cl_scrn.obj
 0001:0000ed29       ?CL_RegisterTEntSounds@@YAXXZ 0040fd29 f   cl_tent.obj
 0001:0000ef6e       ?CL_RegisterTEntModels@@YAXXZ 0040ff6e f   cl_tent.obj
 0001:0000f0bb       ?CL_ClearTEnts@@YAXXZ      004100bb f   cl_tent.obj
 0001:0000f0ec       ?CL_SmokeAndFlash@@YAXABUCVec3@@@Z 004100ec f   cl_tent.obj
 0001:0000f282       ?CL_ParsePlayerBeam@@YAHPAVCRenderModel@@@Z 00410282 f   cl_tent.obj
 0001:0000f38d       ?CL_ParseLightning@@YAHPAVCRenderModel@@@Z 0041038d f   cl_tent.obj
 0001:0000f44f       ?CL_ParseWidow@@YAXXZ      0041044f f   cl_tent.obj
 0001:0000f585       ?CL_ParseNuke@@YAXXZ       00410585 f   cl_tent.obj
 0001:0000f698       ?CL_ParseTEnt@@YAXXZ       00410698 f   cl_tent.obj
 0001:0001047f       ?CL_AddBeams@@YAXXZ        0041147f f   cl_tent.obj
 0001:00010681       ?CL_AddPlayerBeams@@YAXXZ  00411681 f   cl_tent.obj
 0001:00010c88       ?CL_AddTEnts@@YAXXZ        00411c88 f   cl_tent.obj
 0001:00010e88       ?V_AddEntity@@YAXPAUentity_t@@@Z 00411e88 f   cl_view.obj
 0001:00010ec3       ?V_AddEntity2@@YAXPAUentity_t@@@Z 00411ec3 f   cl_view.obj
 0001:00010ef2       ?AddEntityWithEffects2@@YAXPAUentity_t@@I@Z 00411ef2 f   cl_view.obj
 0001:00010fae       ?AddEntityWithEffects@@YAXPAUentity_t@@I@Z 00411fae f   cl_view.obj
 0001:00010fcd       ?V_AddLight@@YAXABUCVec3@@MMMM@Z 00411fcd f   cl_view.obj
 0001:00011012       ?V_TestEntities@@YAXXZ     00412012 f   cl_view.obj
 0001:0001113f       ?V_TestLights@@YAXXZ       0041213f f   cl_view.obj
 0001:00011215       ?V_InitRenderer@@YAXXZ     00412215 f   cl_view.obj
 0001:000115fd       ?CalcFov@@YAMMMM@Z         004125fd f   cl_view.obj
 0001:0001166b       ?V_RenderView@@YA_NXZ      0041266b f   cl_view.obj
 0001:0001229f       ?V_Init@@YAXXZ             0041329f f   cl_view.obj
 0001:0001234e       ?Con_ClearNotify@@YAXXZ    0041334e f   console.obj
 0001:0001235d       ?Con_CheckResize@@YAXXZ    0041335d f   console.obj
 0001:00012484       ?Con_Print@@YAXPBD@Z       00413484 f   console.obj
 0001:0001277c       ?Con_DrawNotify@@YAX_N@Z   0041377c f   console.obj
 0001:00012894       ?Con_DrawConsole@@YAXM@Z   00413894 f   console.obj
 0001:00012b1c       ?Con_ClearTyping@@YAXXZ    00413b1c f   console.obj
 0001:00012b35       ?Key_Console@@YAXHH@Z      00413b35 f   console.obj
 0001:00012f7d       ?Con_Init@@YAXXZ           00413f7d f   console.obj
 0001:000130ef       ?Key_KeynumToString@@YAPBDH@Z 004140ef f   keys.obj
 0001:000131af       ?Draw@completeMenu_t@@UAEXXZ 004141af f i keys.obj
 0001:000131e0       ?KeyDown@completeMenu_t@@UAEPBDH@Z 004141e0 f i keys.obj
 0001:00013209       ?Init@completeMenu_t@@UAE_NXZ 00414209 f i keys.obj
 0001:00013330       ?CompleteMenuCallback@completeMenu_t@@SAXPAX@Z 00414330 f i keys.obj
 0001:000133be       ?CompleteCommand@@YAXXZ    004143be f   keys.obj
 0001:00013af3       ?Key_SetBinding@@YAXHPBD@Z 00414af3 f   keys.obj
 0001:00013b31       ?Key_FindBinding@@YAHPBDPAHH@Z 00414b31 f   keys.obj
 0001:00013b7f       ?Key_WriteBindings@@YAXPAU_iobuf@@@Z 00414b7f f   keys.obj
 0001:00013bc7       ?Key_Init@@YAXXZ           00414bc7 f   keys.obj
 0001:00013eab       ?Key_Event@@YAXH_N@Z       00414eab f   keys.obj
 0001:00014204       ?Key_ClearStates@@YAXXZ    00415204 f   keys.obj
 0001:00014239       ?M_ForceMenuOn@@YAXXZ      00415239 f   menu.obj
 0001:00014258       ?Draw@menuMain_t@@UAEXXZ   00415258 f i menu.obj
 0001:00014394       ?KeyDown@menuMain_t@@UAEPBDH@Z 00415394 f i menu.obj
 0001:00014450       ?Init@menuMain_t@@UAE_NXZ  00415450 f i menu.obj
 0001:00014458       ?M_Menu_Main_f@@YAXXZ      00415458 f   menu.obj
 0001:00014472       ?Init@multiplayerMenu_t@@UAE_NXZ 00415472 f i menu.obj
 0001:00014596       ?Init@keysMenu_t@@UAE_NXZ  00415596 f i menu.obj
 0001:0001477b       ?KeyCursorDrawFunc@keysMenu_t@@SAXPAUmenuFramework_t@@@Z 0041577b f i menu.obj
 0001:000147bb       ?DrawKeyBindingFunc@keysMenu_t@@SAXPAX@Z 004157bb f i menu.obj
 0001:00014882       ?KeyDown@keysMenu_t@@UAEPBDH@Z 00415882 f i menu.obj
 0001:0001492f       ?UnbindCommand@keysMenu_t@@QAEXPAD@Z 0041592f f i menu.obj
 0001:00014974       ?KeyBindingFunc@keysMenu_t@@QAEXPAX@Z 00415974 f i menu.obj
 0001:000149d3       ?Init@optionsMenu_t@@UAE_NXZ 004159d3 f i menu.obj
 0001:00014e31       ?CrosshairFunc@optionsMenu_t@@SAXPAX@Z 00415e31 f i menu.obj
 0001:00014e59       ?JoystickFunc@optionsMenu_t@@SAXPAX@Z 00415e59 f i menu.obj
 0001:00014e6e       ?AlwaysRunFunc@optionsMenu_t@@SAXPAX@Z 00415e6e f i menu.obj
 0001:00014e83       ?FreeLookFunc@optionsMenu_t@@SAXPAX@Z 00415e83 f i menu.obj
 0001:00014e98       ?MouseSpeedFunc@optionsMenu_t@@SAXPAX@Z 00415e98 f i menu.obj
 0001:00014eb5       ?InvertMouseFunc@optionsMenu_t@@SAXPAX@Z 00415eb5 f i menu.obj
 0001:00014ed0       ?LookspringFunc@optionsMenu_t@@SAXPAX@Z 00415ed0 f i menu.obj
 0001:00014eec       ?LookstrafeFunc@optionsMenu_t@@SAXPAX@Z 00415eec f i menu.obj
 0001:00014f08       ?UpdateVolumeFunc@optionsMenu_t@@SAXPAX@Z 00415f08 f i menu.obj
 0001:00014f25       ?UpdateCDVolumeFunc@optionsMenu_t@@SAXPAX@Z 00415f25 f i menu.obj
 0001:00014f3f       ?SetMenuItemValues@optionsMenu_t@@SAXXZ 00415f3f f i menu.obj
 0001:0001511d       ?ResetDefaultsFunc@optionsMenu_t@@SAXPAX@Z 0041611d f i menu.obj
 0001:00015132       ?UpdateSoundFunc@optionsMenu_t@@SAXPAX@Z 00416132 f i menu.obj
 0001:00015335       ?ScanCrosshairs@optionsMenu_t@@SAXXZ 00416335 f i menu.obj
 0001:00015392       ?Draw@optionsMenu_t@@UAEXXZ 00416392 f i menu.obj
 0001:000153f7       ?Draw@creditsMenu_t@@UAEXXZ 004163f7 f i menu.obj
 0001:0001549e       ?KeyDown@creditsMenu_t@@UAEPBDH@Z 0041649e f i menu.obj
 0001:000154d9       ?Init@creditsMenu_t@@UAE_NXZ 004164d9 f i menu.obj
 0001:000155a1       ?Init@gameMenu_t@@UAE_NXZ  004165a1 f i menu.obj
 0001:0001572c       ?EasyGameFunc@gameMenu_t@@SAXPAX@Z 0041672c f i menu.obj
 0001:00015738       ?StartGame@gameMenu_t@@SAXPBD@Z 00416738 f i menu.obj
 0001:00015790       ?MediumGameFunc@gameMenu_t@@SAXPAX@Z 00416790 f i menu.obj
 0001:0001579c       ?HardGameFunc@gameMenu_t@@SAXPAX@Z 0041679c f i menu.obj
 0001:000157b8       ?Init@savegameMenu_t@@UAE_NXZ 004167b8 f i menu.obj
 0001:000158c8       ?Create_Savestrings@savegameMenu_t@@QAEXXZ 004168c8 f i menu.obj
 0001:00015972       ?LoadGameCallback@savegameMenu_t@@SAXPAX@Z 00416972 f i menu.obj
 0001:0001599b       ?SaveGameCallback@savegameMenu_t@@SAXPAX@Z 0041699b f i menu.obj
 0001:000159ba       ?Draw@savegameMenu_t@@UAEXXZ 004169ba f i menu.obj
 0001:000159d5       ?DrawSavegameShot@savegameMenu_t@@QAEXHH@Z 004169d5 f i menu.obj
 0001:00015ab0       ?Init@joinserverMenu_t@@UAE_NXZ 00416ab0 f i menu.obj
 0001:00015bd9       ?JoinServerFunc@joinserverMenu_t@@SAXPAX@Z 00416bd9 f i menu.obj
 0001:00015c3b       ?SearchLocalGames@joinserverMenu_t@@SAXXZ 00416c3b f i menu.obj
 0001:00015ca6       ?M_AddToServerList@@YAXUnetadr_t@@PAD@Z 00416ca6 f   menu.obj
 0001:00015d27       ?Init@startserverMenu_t@@UAE_NXZ 00416d27 f i menu.obj
 0001:000161c9       ?DMOptionsFunc@startserverMenu_t@@SAXPAX@Z 004171c9 f i menu.obj
 0001:000161d9       ?RulesChangeFunc@startserverMenu_t@@SAXPAX@Z 004171d9 f i menu.obj
 0001:00016253       ?StartServerActionFunc@startserverMenu_t@@SAXPAX@Z 00417253 f i menu.obj
 0001:0001627e       ?StartServerFunc@startserverMenu_t@@SAXPAD@Z 0041727e f i menu.obj
 0001:000164b5       ?KeyDown@startserverMenu_t@@UAEPBDH@Z 004174b5 f i menu.obj
 0001:00016512       ?Init@dmoptionsMenu_t@@UAE_NXZ 00417512 f i menu.obj
 0001:00016af1       ?DMFlagCallback@dmoptionsMenu_t@@SAXPAX@Z 00417af1 f i menu.obj
 0001:00016ccc       ?Init@downloadOptionsMenu_t@@UAE_NXZ 00417ccc f i menu.obj
 0001:00016e97       ?DownloadCallback@downloadOptionsMenu_t@@SAXPAX@Z 00417e97 f i menu.obj
 0001:00016f02       ?Init@addressBookMenu_t@@UAE_NXZ 00417f02 f i menu.obj
 0001:00016faa       ?KeyDown@addressBookMenu_t@@UAEPBDH@Z 00417faa f i menu.obj
 0001:00017007       ?Init@playerConfigMenu_t@@UAE_NXZ 00418007 f i menu.obj
 0001:0001754e       ?HandednessCallback@playerConfigMenu_t@@SAXPAX@Z 0041854e f i menu.obj
 0001:00017563       ?RTypeCallback@playerConfigMenu_t@@SAXPAX@Z 00418563 f i menu.obj
 0001:00017578       ?RColorCallback@playerConfigMenu_t@@SAXPAX@Z 00418578 f i menu.obj
 0001:0001758d       ?RateCallback@playerConfigMenu_t@@SAXPAX@Z 0041858d f i menu.obj
 0001:000175b0       ?ModelCallback@playerConfigMenu_t@@SAXPAX@Z 004185b0 f i menu.obj
 0001:000175e4       ?SkinCallback@playerConfigMenu_t@@SAXPAX@Z 004185e4 f i menu.obj
 0001:000175ec       ?Draw@playerConfigMenu_t@@UAEXXZ 004185ec f i menu.obj
 0001:000178c4       ?KeyDown@playerConfigMenu_t@@UAEPBDH@Z 004188c4 f i menu.obj
 0001:000179a3       ?Init@dmbrowseMenu_t@@UAE_NXZ 004189a3 f i menu.obj
 0001:00017ba9       ?KeyDown@dmbrowseMenu_t@@UAEPBDH@Z 00418ba9 f i menu.obj
 0001:00017d6d       ?Draw@dmbrowseMenu_t@@UAEXXZ 00418d6d f i menu.obj
 0001:00017eb2       ?DrawThumbnail@dmbrowseMenu_t@@SAXHHHHPAD_N@Z 00418eb2 f i menu.obj
 0001:00017f99       ?Init@videoMenu_t@@UAE_NXZ 00418f99 f i menu.obj
 0001:00018552       ?ScreenSizeCallback@videoMenu_t@@SAXPAX@Z 00419552 f i menu.obj
 0001:00018570       ?BrightnessCallback@videoMenu_t@@SAXPAX@Z 00419570 f i menu.obj
 0001:0001858e       ?ContrastCallback@videoMenu_t@@SAXPAX@Z 0041958e f i menu.obj
 0001:000185c7       ?CancelChanges@videoMenu_t@@SAXPAX@Z 004195c7 f i menu.obj
 0001:000185e8       ?KeyDown@videoMenu_t@@UAEPBDH@Z 004195e8 f i menu.obj
 0001:0001862f       ?ApplyChanges@videoMenu_t@@SAXPAX@Z 0041962f f i menu.obj
 0001:000187e6       ?KeyDown@quitMenu_t@@UAEPBDH@Z 004197e6 f i menu.obj
 0001:0001881e       ?Draw@quitMenu_t@@UAEXXZ   0041981e f i menu.obj
 0001:0001888e       ?M_Init@@YAXXZ             0041988e f   menu.obj
 0001:00018a70       ?ItemAtCursor@menuFramework_t@@QAEPAUmenuCommon_t@@XZ 00419a70 f   qmenu.obj
 0001:00018ac4       ?AddItem@menuFramework_t@@QAEXPAUmenuCommon_t@@@Z 00419ac4 f   qmenu.obj
 0001:00018b80       ?AdjustCursor@menuFramework_t@@QAEXH@Z 00419b80 f   qmenu.obj
 0001:00018cef       ?Center@menuFramework_t@@QAEXXZ 00419cef f   qmenu.obj
 0001:00018d30       ?Draw@menuFramework_t@@UAEXXZ 00419d30 f   qmenu.obj
 0001:000192f5       ?SelectItem@menuFramework_t@@QAE_NXZ 0041a2f5 f   qmenu.obj
 0001:00019353       ?SetStatusBar@menuFramework_t@@QAEXPBD@Z 0041a353 f   qmenu.obj
 0001:0001935d       ?SlideItem@menuFramework_t@@QAEXH@Z 0041a35d f   qmenu.obj
 0001:000198da       ?Push@menuFramework_t@@QAEXXZ 0041a8da f   qmenu.obj
 0001:00019959       ?M_ForceMenuOff@@YAXXZ     0041a959 f   qmenu.obj
 0001:00019986       ?Pop@menuFramework_t@@QAEXXZ 0041a986 f   qmenu.obj
 0001:000199c0       ?KeyDown@menuFramework_t@@UAEPBDH@Z 0041a9c0 f   qmenu.obj
 0001:00019c34       ?Init@menuFramework_t@@UAE_NXZ 0041ac34 f   qmenu.obj
 0001:00019c37       ?M_Draw@@YAXXZ             0041ac37 f   qmenu.obj
 0001:00019c72       ?M_Keydown@@YAXH@Z         0041ac72 f   qmenu.obj
 0001:00019c91       ?InitRendererVars@@YAXXZ   0041ac91 f   ref_vars.obj
 0001:00019cb0       ?S_SoundInfo_f@@YAXXZ      0041acb0 f   snd_dma.obj
 0001:00019d3a       ?S_Init@@YAXXZ             0041ad3a f   snd_dma.obj
 0001:00019e0c       ?S_Shutdown@@YAXXZ         0041ae0c f   snd_dma.obj
 0001:00019e9f       ?S_BeginRegistration@@YAXXZ 0041ae9f f   snd_dma.obj
 0001:00019ead       ?S_RegisterSound@@YAPAUsfx_t@@PBD@Z 0041aead f   snd_dma.obj
 0001:0001a043       ?S_EndRegistration@@YAXXZ  0041b043 f   snd_dma.obj
 0001:0001a0c6       ?S_PickChannel@@YAPAUchannel_t@@HH@Z 0041b0c6 f   snd_dma.obj
 0001:0001a153       ?S_Spatialize@@YAXPAUchannel_t@@@Z 0041b153 f   snd_dma.obj
 0001:0001a333       ?S_AllocPlaysound@@YAPAUplaysound_t@@XZ 0041b333 f   snd_dma.obj
 0001:0001a355       ?S_FreePlaysound@@YAXPAUplaysound_t@@@Z 0041b355 f   snd_dma.obj
 0001:0001a385       ?S_IssuePlaysound@@YAXPAUplaysound_t@@@Z 0041b385 f   snd_dma.obj
 0001:0001a452       ?S_StartSound@@YAXPBUCVec3@@HHPAUsfx_t@@MMM@Z 0041b452 f   snd_dma.obj
 0001:0001a801       ?S_StartLocalSound@@YAXPBD@Z 0041b801 f   snd_dma.obj
 0001:0001a850       ?S_ClearBuffer@@YAXXZ      0041b850 f   snd_dma.obj
 0001:0001a8b9       ?S_StopAllSounds_f@@YAXXZ  0041b8b9 f   snd_dma.obj
 0001:0001a929       ?S_AddLoopSounds@@YAXXZ    0041b929 f   snd_dma.obj
 0001:0001aaff       ?S_RawSamples@@YAXHHHHPAE@Z 0041baff f   snd_dma.obj
 0001:0001ad03       ?S_Update@@YAXABUCVec3@@0@Z 0041bd03 f   snd_dma.obj
 0001:0001add9       ?GetSoundtime@@YAXXZ       0041bdd9 f   snd_dma.obj
 0001:0001ae40       ?S_Update_@@YAXXZ          0041be40 f   snd_dma.obj
 0001:0001b0f3       ?ResampleSfx@@YAXPAUsfx_t@@HHPAE@Z 0041c0f3 f   snd_mem.obj
 0001:0001b20e       ?S_LoadSound@@YAPAUsfxcache_t@@PAUsfx_t@@@Z 0041c20e f   snd_mem.obj
 0001:0001b346       ?GetWavinfo@@YA?AUwavinfo_t@@PADPAEH@Z 0041c346 f   snd_mem.obj
 0001:0001b588       ?S_WriteLinearBlastStereo16@@YAXXZ 0041c588 f   snd_mix.obj
 0001:0001b5fc       ?S_TransferStereo16@@YAXPAKH@Z 0041c5fc f   snd_mix.obj
 0001:0001b665       ?S_TransferPaintBuffer@@YAXH@Z 0041c665 f   snd_mix.obj
 0001:0001b7c9       ?S_PaintChannels@@YAXH@Z   0041c7c9 f   snd_mix.obj
 0001:0001ba45       ?S_InitScaletable@@YAXXZ   0041ca45 f   snd_mix.obj
 0001:0001bc06       ?SV_ComputeAnimation@@YAXPAUplayer_state_t@@AAUentityStateEx_t@@PAU2@PAUedict_s@@@Z 0041cc06 f   sv_anim.obj
 0001:0001c003       ?SV_ReadLevelFile@@YAXXZ   0041d003 f   sv_ccmds.obj
 0001:0001c0b1       ?SV_AddressBanned@@YA_NPAUnetadr_t@@@Z 0041d0b1 f   sv_ccmds.obj
 0001:0001c0f2       ?SV_InitCommands@@YAXXZ    0041d0f2 f   sv_ccmds.obj
 0001:0001d54c       ?sprintf@?$TString@$0CI@@@QAAHPBDZZ 0041e54c f i sv_ccmds.obj
 0001:0001d565       ?SV_WriteFrameToClient@@YAXPAUclient_t@@PAVsizebuf_t@@@Z 0041e565 f   sv_ents.obj
 0001:0001dcab       ?SV_RecordDemoMessage@@YAXXZ 0041ecab f   sv_ents.obj
 0001:0001e87d       ?SV_InitGameLibrary@@YAX_N@Z 0041f87d f   sv_game.obj
 0001:0001e9c3       ?SV_ShutdownGameLibrary@@YAXXZ 0041f9c3 f   sv_game.obj
 0001:0001eb20       ?SV_FindIndex@@YAHPBDHH_N@Z 0041fb20 f   sv_init.obj
 0001:0001ec2d       ?SV_ModelIndex@@YAHPBD@Z   0041fc2d f   sv_init.obj
 0001:0001ec43       ?SV_SoundIndex@@YAHPBD@Z   0041fc43 f   sv_init.obj
 0001:0001ec5c       ?SV_ImageIndex@@YAHPBD@Z   0041fc5c f   sv_init.obj
 0001:0001ec75       ?SV_CreateBaseline@@YAXXZ  0041fc75 f   sv_init.obj
 0001:0001ecf2       ?SV_SpawnServer@@YAXPAD0W4server_state_t@@_N2@Z 0041fcf2 f   sv_init.obj
 0001:0001f01a       ?SV_InitGame@@YAXXZ        0042001a f   sv_init.obj
 0001:0001f250       ?SV_Map@@YAX_NPBD0@Z       00420250 f   sv_init.obj
 0001:0001f412       ?SV_DropClient@@YAXPAUclient_t@@PAD@Z 00420412 f   sv_main.obj
 0001:0001fcf9       ?SV_ConnectionlessPacket@@YAXXZ 00420cf9 f   sv_main.obj
 0001:0001fdc4       ?SV_CalcPings@@YAXXZ       00420dc4 f   sv_main.obj
 0001:0001fe4b       ?SV_GiveMsec@@YAXXZ        00420e4b f   sv_main.obj
 0001:0001fe8a       ?SV_ReadPackets@@YAXXZ     00420e8a f   sv_main.obj
 0001:0001ffd2       ?SV_CheckTimeouts@@YAXXZ   00420fd2 f   sv_main.obj
 0001:000200e3       ?SV_PostprocessFrame@@YAXXZ 004210e3 f   sv_main.obj
 0001:000205a0       ?SV_MulticastHook@@YAPAVsizebuf_t@@PAV1@0@Z 004215a0 f   sv_main.obj
 0001:00020990       ?SV_TraceHook@@YA?AUtrace_t@@ABUCVec3@@PBU2@10PAUedict_s@@H@Z 00421990 f   sv_main.obj
 0001:00020b2e       ?SV_Frame@@YAXM@Z          00421b2e f   sv_main.obj
 0001:00020ddb       ?SV_UserinfoChanged@@YAXPAUclient_t@@@Z 00421ddb f   sv_main.obj
 0001:00020e9f       ?SV_InitVars@@YAXXZ        00421e9f f   sv_main.obj
 0001:00020eae       ?SV_Init@@YAXXZ            00421eae f   sv_main.obj
 0001:00020f07       ?SV_Shutdown@@YAXPBD_N@Z   00421f07 f   sv_main.obj
 0001:0002110c       ?SV_BeginRedirect@@YAXXZ   0042210c f   sv_send.obj
 0001:000211b6       ?SV_ClientPrintf@@YAXPAUclient_t@@HPBDZZ 004221b6 f   sv_send.obj
 0001:00021211       ?SV_BroadcastPrintf@@YAXHPBDZZ 00422211 f   sv_send.obj
 0001:000212e7       ?SV_BroadcastCommand@@YAXPBDZZ 004222e7 f   sv_send.obj
 0001:0002133f       ?SV_Multicast@@YAXABUCVec3@@W4multicast_t@@_N@Z 0042233f f   sv_send.obj
 0001:00021565       ?SV_MulticastOld@@YAXABUCVec3@@W4multicast_t@@@Z 00422565 f   sv_send.obj
 0001:00021578       ?SV_MulticastNew@@YAXABUCVec3@@W4multicast_t@@@Z 00422578 f   sv_send.obj
 0001:0002158b       ?SV_StartSound@@YAXPBUCVec3@@PAUedict_s@@HHMMM_N@Z 0042258b f   sv_send.obj
 0001:00021858       ?SV_StartSoundOld@@YAXPBUCVec3@@PAUedict_s@@HHMMM@Z 00422858 f   sv_send.obj
 0001:00021888       ?SV_StartSoundNew@@YAXPBUCVec3@@PAUedict_s@@HHMMM@Z 00422888 f   sv_send.obj
 0001:000218b8       ?SV_SendClientDatagram@@YA_NPAUclient_t@@@Z 004228b8 f   sv_send.obj
 0001:0002197a       ?SV_DemoCompleted@@YAXXZ   0042297a f   sv_send.obj
 0001:00021996       ?SV_RateDrop@@YA_NPAUclient_t@@@Z 00422996 f   sv_send.obj
 0001:000219e0       ?SV_SendClientMessages@@YAXXZ 004229e0 f   sv_send.obj
 0001:00021b47       ?SV_DrawText3D@@YAXABUCVec3@@PBDI@Z 00422b47 f   sv_text.obj
 0001:00021b7e       ?SV_ClearTexts@@YAXXZ      00422b7e f   sv_text.obj
 0001:00021b86       ?SV_DrawTexts@@YAXXZ       00422b86 f   sv_text.obj
 0001:00021bd7       ?SV_TokenizeString@@YAXPBD@Z 00422bd7 f   sv_tokenize.obj
 0001:00021cae       ?SV_Argc@@YAHXZ            00422cae f   sv_tokenize.obj
 0001:00021cb4       ?SV_Argv@@YAPADH@Z         00422cb4 f   sv_tokenize.obj
 0001:00021cce       ?SV_Args@@YAPADXZ          00422cce f   sv_tokenize.obj
 0001:00022574       ?SV_Nextserver@@YAXXZ      00423574 f   sv_user.obj
 0001:00022603       ?SV_ClientThink@@YAXPAUclient_t@@PAUusercmd_t@@@Z 00423603 f   sv_user.obj
 0001:00022646       ?SV_ExecuteClientMessage@@YAXPAUclient_t@@@Z 00423646 f   sv_user.obj
 0001:0002290d       ?SV_ClearWorld@@YAXXZ      0042390d f   sv_world.obj
 0001:00022a48       ?SV_UnlinkEdict@@YAXPAUedict_s@@@Z 00423a48 f   sv_world.obj
 0001:00022b0b       ?SV_LinkEdict@@YAXPAUedict_s@@@Z 00423b0b f   sv_world.obj
 0001:000230f6       ?SV_AreaEdicts@@YAHABUCVec3@@0PAPAUedict_s@@HH@Z 004240f6 f   sv_world.obj
 0001:000232a7       ?SV_PointContents@@YAHABUCVec3@@@Z 004242a7 f   sv_world.obj
 0001:000233ce       ?SV_Trace@@YAXAAUtrace_t@@ABUCVec3@@1ABUCBox@@PAUedict_s@@H@Z 004243ce f   sv_world.obj
 0001:0002384d       ?InitByteDirs@@YAXXZ       0042484d f   anorms.obj
 0001:0002388c       ?Cbuf_AddText@@YAXPBD@Z    0042488c f   cmd.obj
 0001:000238ee       ?Cbuf_CopyToDefer@@YAXXZ   004248ee f   cmd.obj
 0001:00023936       ?Cbuf_InsertFromDefer@@YAXXZ 00424936 f   cmd.obj
 0001:000239ef       ?Cbuf_Execute@@YAXXZ       004249ef f   cmd.obj
 0001:00023af5       ?Cmd_Unalias_f@@YAX_NHPAPAD@Z 00424af5 f   cmd.obj
 0001:00023b6b       ?Cmd_WriteAliases@@YAXPAU_iobuf@@@Z 00424b6b f   cmd.obj
 0001:00023b9c       ?RegisterCommand@@YA_NPBDP6AXXZH@Z 00424b9c f   cmd.obj
 0001:00023c6a       ?UnregisterCommand@@YA_NPBD@Z 00424c6a f   cmd.obj
 0001:00023cfb       ?Cmd_ExecuteString@@YA_NPBD@Z 00424cfb f   cmd.obj
 0001:0002414e       ?ExecuteCommand@@YA_NPBDPBUCSimpleCommand@@H@Z 0042514e f   cmd.obj
 0001:00024578       ?CM_LoadMap@@YAPAUcmodel_t@@PBD_NPAI@Z 00425578 f   cmodel.obj
 0001:00024ca9       ?SetSignbits@cplane_t@@QAEXXZ 00425ca9 f i cmodel.obj
 0001:00024cdd       ?SetType@cplane_t@@QAEXXZ  00425cdd f i cmodel.obj
 0001:00024e99       ?CM_InlineModel@@YAPAUcmodel_t@@PBD@Z 00425e99 f   cmodel.obj
 0001:00024eda       ?CM_NumClusters@@YAHXZ     00425eda f   cmodel.obj
 0001:00024ee0       ?CM_NumInlineModels@@YAHXZ 00425ee0 f   cmodel.obj
 0001:00024ee6       ?CM_EntityString@@YAPBDXZ  00425ee6 f   cmodel.obj
 0001:00024eec       ?CM_LeafContents@@YAHH@Z   00425eec f   cmodel.obj
 0001:00024f13       ?CM_LeafCluster@@YAHH@Z    00425f13 f   cmodel.obj
 0001:00024f89       ?CM_LeafArea@@YAHH@Z       00425f89 f   cmodel.obj
 0001:0002514c       ?CM_HeadnodeForBox@@YAHABUCBox@@@Z 0042614c f   cmodel.obj
 0001:00025201       ?CM_PointLeafnum@@YAHABUCVec3@@H@Z 00426201 f   cmodel.obj
 0001:000252a4       ?DistanceTo@cplane_t@@QAEMABUCVec3@@@Z 004262a4 f i cmodel.obj
 0001:000252e8       ?CM_PointContents@@YAHABUCVec3@@H@Z 004262e8 f   cmodel.obj
 0001:0002535d       ?CM_TransformedPointContents@@YAHABUCVec3@@H00@Z 0042635d f   cmodel.obj
 0001:0002543e       ?CM_TransformedPointContents@@YAHABUCVec3@@H0ABUCAxis@@@Z 0042643e f   cmodel.obj
 0001:000254e9       ?CM_BoxLeafnums@@YAHABUCBox@@PAHH1H@Z 004264e9 f   cmodel.obj
 0001:000255f2       ?BOX_ON_PLANE_SIDE@@YAHABUCBox@@ABUcplane_t@@@Z 004265f2 f i cmodel.obj
 0001:0002565c       ?CM_BoxTrace@@YAXAAUtrace_t@@ABUCVec3@@1ABUCBox@@HH@Z 0042665c f   cmodel.obj
 0001:00025ffe       ?CM_TransformedBoxTrace@@YAXAAUtrace_t@@ABUCVec3@@1ABUCBox@@HH11@Z 00426ffe f   cmodel.obj
 0001:0002617b       ?CM_TransformedBoxTrace@@YAXAAUtrace_t@@ABUCVec3@@1ABUCBox@@HH1ABUCAxis@@@Z 0042717b f   cmodel.obj
 0001:00026238       ?CM_BrushTrace@@YAHABUCVec3@@0PAHH@Z 00427238 f   cmodel.obj
 0001:0002664a       ?CM_RefineBrushTrace@@YAHABUCVec3@@0PAHH@Z 0042764a f   cmodel.obj
 0001:000266f0       ?CM_ClusterPVS@@YAPAEH@Z   004276f0 f   cmodel.obj
 0001:00026834       ?CM_ClusterPHS@@YAPAEH@Z   00427834 f   cmodel.obj
 0001:00026997       ?CM_SetAreaPortalState@@YAXH_N@Z 00427997 f   cmodel.obj
 0001:000269bc       ?CM_AreasConnected@@YA_NHH@Z 004279bc f   cmodel.obj
 0001:00026a00       ?CM_WriteAreaBits@@YAHPAEH@Z 00427a00 f   cmodel.obj
 0001:00026aa2       ?CM_WritePortalState@@YAXPAU_iobuf@@@Z 00427aa2 f   cmodel.obj
 0001:00026abc       ?CM_ReadPortalState@@YAXPAU_iobuf@@@Z 00427abc f   cmodel.obj
 0001:00026ada       ?CM_HeadnodeVisible@@YA_NHPBE@Z 00427ada f   cmodel.obj
 0001:00026bb5       ?Com_BeginRedirect@@YAXPADHP6AX0@Z@Z 00427bb5 f   common.obj
 0001:00026be2       ?Com_EndRedirect@@YAXXZ    00427be2 f   common.obj
 0001:00026c01       ?Com_Printf@@YAXPBDZZ      00427c01 f   common.obj
 0001:00026df9       ?Com_DPrintf@@YAXPBDZZ     00427df9 f   common.obj
 0001:00026e72       ?DebugPrintf@@YAXPBDZZ     00427e72 f   common.obj
 0001:00026f1c       ?Com_WPrintf@@YAXPBDZZ     00427f1c f   common.obj
 0001:00026f76       ?Com_Quit@@YAXXZ           00427f76 f   common.obj
 0001:00026f96       ?IPWildcard@@YA_NPAUnetadr_t@@PBD@Z 00427f96 f   common.obj
 0001:00027070       ?Com_ServerState@@YA?AW4server_state_t@@XZ 00428070 f   common.obj
 0001:00027076       ?Com_SetServerState@@YAXW4server_state_t@@@Z 00428076 f   common.obj
 0001:00027080       ?frand@@YAMXZ              00428080 f   common.obj
 0001:00027098       ?crand@@YAMXZ              00428098 f   common.obj
 0001:000270b6       ?Info_ValueForKey@@YAPBDPBD0@Z 004280b6 f   common.obj
 0001:00027135       ?Info_SetValueForKey@@YAXPADPBD1@Z 00428135 f   common.obj
 0001:00027298       ?Info_Print@@YAXPBD@Z      00428298 f   common.obj
 0001:0002731e       ?Com_CheckCmdlineVar@@YA_NPBD@Z 0042831e f   common.obj
 0001:00027374       ?Com_Init@@YAXPBD@Z        00428374 f   common.obj
 0001:00027733       ?Com_Frame@@YAXM@Z         00428733 f   common.obj
 0001:00027a60       ?Com_Shutdown@@YAXXZ       00428a60 f   common.obj
 0001:00027a79       ?Com_BlockSequenceCRCByte@@YAEPAEHH@Z 00428a79 f   crc.obj
 0001:00027b2f       ?Cvar_VariableValue@@YAMPBD@Z 00428b2f f   cvar.obj
 0001:00027b9d       ?Cvar_VariableInt@@YAHPBD@Z 00428b9d f   cvar.obj
 0001:00027bb0       ?Cvar_VariableString@@YAPBDPBD@Z 00428bb0 f   cvar.obj
 0001:00027bc8       ?Cvar_Get@@YAPAUcvar_t@@PBD0H@Z 00428bc8 f   cvar.obj
 0001:00027f11       ?Cvar_GetVars@@YAXPBUcvarInfo_t@@H@Z 00428f11 f   cvar.obj
 0001:00027fbb       ?Cvar_FullSet@@YAXPAUcvar_t@@PBDI@Z 00428fbb f   cvar.obj
 0001:00027fed       ?Cvar_FullSet@@YAPAUcvar_t@@PBD0I@Z 00428fed f   cvar.obj
 0001:0002802d       ?Cvar_SetValue@@YAPAUcvar_t@@PBDM@Z 0042902d f   cvar.obj
 0001:000281fa       ?Cvar_SetInteger@@YAPAUcvar_t@@PBDH@Z 004291fa f   cvar.obj
 0001:0002821c       ?Cvar_Set@@YAPAUcvar_t@@PBD0@Z 0042921c f   cvar.obj
 0001:00028231       ?Cvar_ForceSet@@YAPAUcvar_t@@PBD0@Z 00429231 f   cvar.obj
 0001:00028246       ?Cvar_Clamp@@YAMPAUcvar_t@@MM@Z 00429246 f   cvar.obj
 0001:000282a4       ?Cvar_Command@@YA_NHPAPAD@Z 004292a4 f   cvar.obj
 0001:0002833d       ?IsDefault@cvar_t@@QAE_NXZ 0042933d f i cvar.obj
 0001:0002835a       ?Cvar_WriteVariables@@YAXPAU_iobuf@@HHPBD@Z 0042935a f   cvar.obj
 0001:000283e2       ?Cvar_Userinfo@@YAPBDXZ    004293e2 f   cvar.obj
 0001:0002843d       ?Cvar_Serverinfo@@YAPBDXZ  0042943d f   cvar.obj
 0001:00028446       ?Cvar_Cheats@@YAX_N@Z      00429446 f   cvar.obj
 0001:00028cba       ?MSG_WriteDeltaEntity@@YAXPAVsizebuf_t@@PBUentityStateEx_t@@PAU2@_N33@Z 00429cba f   entdelta.obj
 0001:00029276       ?MSG_WriteRemoveEntity@@YAXPAVsizebuf_t@@H@Z 0042a276 f   entdelta.obj
 0001:000292b6       ?MSG_ReadEntityBits@@YAHPAVsizebuf_t@@PAIPA_N@Z 0042a2b6 f   entdelta.obj
 0001:00029327       ?MSG_ReadDeltaEntity@@YAXPAVsizebuf_t@@PBUentityStateEx_t@@PAU2@I@Z 0042a327 f   entdelta.obj
 0001:000293aa       ?MSG_WriteDeltaUsercmd@@YAXPAVsizebuf_t@@PBUusercmd_t@@PAU2@@Z 0042a3aa f   entdelta.obj
 0001:00029439       ?MSG_ReadDeltaUsercmd@@YAXPAVsizebuf_t@@PBUusercmd_t@@PAU2@@Z 0042a439 f   entdelta.obj
 0001:0002973c       ?MSG_WriteDeltaPlayerstate@@YAXPAVsizebuf_t@@PBUplayer_state_t@@PAU2@@Z 0042a73c f   entdelta.obj
 0001:00029845       ?MSG_ReadDeltaPlayerstate@@YAXPAVsizebuf_t@@PBUplayer_state_t@@PAU2@@Z 0042a845 f   entdelta.obj
 0001:00029919       ?FS_CreatePath@@YAXPBD@Z   0042a919 f   files.obj
 0001:00029985       ?FS_CopyFile@@YAXPBD0@Z    0042a985 f   files.obj
 0001:00029a88       ?FS_CopyFiles@@YAXPBD0@Z   0042aa88 f   files.obj
 0001:00029b61       ?FS_RemoveFiles@@YAXPBD@Z  0042ab61 f   files.obj
 0001:00029bd5       ?FS_FCloseFile@@YAXPAVQFILE@@@Z 0042abd5 f   files.obj
 0001:00029c73       ?FS_FOpenFile@@YAPAVQFILE@@PBDPAH@Z 0042ac73 f   files.obj
 0001:0002a18f       ?FS_FileExists@@YA_NPBD@Z  0042b18f f   files.obj
 0001:0002a3a8       ?FS_Read@@YAXPAXHPAVQFILE@@@Z 0042b3a8 f   files.obj
 0001:0002a60c       ?FS_LoadFile@@YAPAXPBDPAI@Z 0042b60c f   files.obj
 0001:0002a6af       ?FS_FreeFile@@YAXPAX@Z     0042b6af f   files.obj
 0001:0002a6ba       ?FS_Gamedir@@YAPBDXZ       0042b6ba f   files.obj
 0001:0002a6ce       ?FS_LoadGameConfig@@YAXXZ  0042b6ce f   files.obj
 0001:0002a78e       ?FS_SetGamedir@@YA_NPBD@Z  0042b78e f   files.obj
 0001:0002ae64       ?FS_ListFiles@@YA?AV?$TList@VCStringItem@@@@PBDH@Z 0042be64 f   files.obj
 0001:0002b205       ?FS_NextPath@@YAPADPBD@Z   0042c205 f   files.obj
 0001:0002b229       ?FS_InitFilesystem@@YAXXZ  0042c229 f   files.obj
 0001:0002bba2       ?CreateAndInsert@?$TList@VCStringItem@@@@QAEPAVCStringItem@@PBD@Z 0042cba2 f i files.obj
 0001:0002bbc4       ?LoadPCX@@YAXPBDAAPAE1AAH2@Z 0042cbc4 f   images.obj
 0001:0002bcfb       ?LoadTGA@@YAXPBDAAPAEAAH2@Z 0042ccfb f   images.obj
 0001:0002bed1       ?LoadJPG@@YAXPBDAAPAEAAH2@Z 0042ced1 f   images.obj
 0001:0002c15e       ?ImageExists@@YAHPBDH@Z    0042d15e f   images.obj
 0001:0002c280       ?WriteTGA@@YA_NPBDPAEHH@Z  0042d280 f   images.obj
 0001:0002c474       ?WriteJPG@@YA_NPBDPAEHH_N@Z 0042d474 f   images.obj
 0001:0002c5a5       ?MD4Init@@YAXPAUMD4_CTX@@@Z 0042d5a5 f   md4.obj
 0001:0002c5cd       ?MD4Update@@YAXPAUMD4_CTX@@PAEI@Z 0042d5cd f   md4.obj
 0001:0002c66b       ?MD4Final@@YAXQAEPAUMD4_CTX@@@Z 0042d66b f   md4.obj
 0001:0002cd5c       ?Com_BlockChecksum@@YAIPAXH@Z 0042dd5c f   md4.obj
 0001:0002cd98       ?LoadQ2BspFile@@YAXXZ      0042dd98 f   model.obj
 0001:0002d14e       ?LoadBspFile@@YAPAUbspfile_t@@PBD_NPAI@Z 0042e14e f   model.obj
 0001:0002d2fc       ?ProcessEntstring@@YAPADPAD@Z 0042e2fc f   model.obj
 0001:0002e1a3       ?Init@sizebuf_t@@QAEXPAXH@Z 0042f1a3 f   msg.obj
 0001:0002e1be       ?Write@sizebuf_t@@QAEXPBXH@Z 0042f1be f   msg.obj
 0001:0002e22e       ?MSG_WriteByte@@YAXPAVsizebuf_t@@H@Z 0042f22e f   msg.obj
 0001:0002e22e       ?MSG_WriteChar@@YAXPAVsizebuf_t@@H@Z 0042f22e f   msg.obj
 0001:0002e23f       ?MSG_WriteShort@@YAXPAVsizebuf_t@@H@Z 0042f23f f   msg.obj
 0001:0002e250       ?MSG_WriteLong@@YAXPAVsizebuf_t@@H@Z 0042f250 f   msg.obj
 0001:0002e250       ?MSG_WriteFloat@@YAXPAVsizebuf_t@@M@Z 0042f250 f   msg.obj
 0001:0002e261       ?MSG_WriteString@@YAXPAVsizebuf_t@@PBD@Z 0042f261 f   msg.obj
 0001:0002e28b       ?MSG_WritePos@@YAXPAVsizebuf_t@@ABUCVec3@@@Z 0042f28b f   msg.obj
 0001:0002e2ef       ?MSG_WriteAngle@@YAXPAVsizebuf_t@@M@Z 0042f2ef f   msg.obj
 0001:0002e31a       ?MSG_WriteAngle16@@YAXPAVsizebuf_t@@M@Z 0042f31a f   msg.obj
 0001:0002e345       ?MSG_WriteDir@@YAXPAVsizebuf_t@@ABUCVec3@@@Z 0042f345 f   msg.obj
 0001:0002e3ad       ?MSG_ReadDir@@YAXPAVsizebuf_t@@AAUCVec3@@@Z 0042f3ad f   msg.obj
 0001:0002e3de       ?MSG_ReadChar@@YAHPAVsizebuf_t@@@Z 0042f3de f   msg.obj
 0001:0002e3fe       ?MSG_ReadByte@@YAHPAVsizebuf_t@@@Z 0042f3fe f   msg.obj
 0001:0002e41e       ?MSG_ReadShort@@YAHPAVsizebuf_t@@@Z 0042f41e f   msg.obj
 0001:0002e43e       ?MSG_ReadLong@@YAHPAVsizebuf_t@@@Z 0042f43e f   msg.obj
 0001:0002e45d       ?MSG_ReadString@@YAPADPAVsizebuf_t@@@Z 0042f45d f   msg.obj
 0001:0002e490       ?MSG_ReadPos@@YAXPAVsizebuf_t@@AAUCVec3@@@Z 0042f490 f   msg.obj
 0001:0002e4e2       ?MSG_ReadAngle@@YAMPAVsizebuf_t@@@Z 0042f4e2 f   msg.obj
 0001:0002e4fc       ?MSG_ReadAngle16@@YAMPAVsizebuf_t@@@Z 0042f4fc f   msg.obj
 0001:0002e516       ?MSG_ReadData@@YAXPAVsizebuf_t@@PAXH@Z 0042f516 f   msg.obj
 0001:0002e539       ?Netchan_Init@@YAXXZ       0042f539 f   net_chan.obj
 0001:0002e5ad       ?Netchan_OutOfBandPrint@@YAXW4netsrc_t@@Unetadr_t@@PBDZZ 0042f5ad f   net_chan.obj
 0001:0002e632       ?Setup@netchan_t@@QAEXW4netsrc_t@@Unetadr_t@@H@Z 0042f632 f   net_chan.obj
 0001:0002e688       ?NeedReliable@netchan_t@@QAE_NXZ 0042f688 f   net_chan.obj
 0001:0002e6ad       ?Transmit@netchan_t@@QAEXPAXH@Z 0042f6ad f   net_chan.obj
 0001:0002e848       ?Process@netchan_t@@QAE_NPAVsizebuf_t@@@Z 0042f848 f   net_chan.obj
 0001:0002e976       ?Pmove@@YAXPAUpmove_t@@@Z  0042f976 f   pmove.obj
 0001:0003065f       ?NormalizeColor@@YAMABUCVec3@@AAU1@@Z 0043165f f   q_shared2.obj
 0001:000306bb       ?NormalizeColor255@@YAMABUCVec3@@AAU1@@Z 004316bb f   q_shared2.obj
 0001:0003071b       ?appRsqrt@@YAMM@Z          0043171b f   q_shared2.obj
 0001:00030747       ?AngleVectors@@YAXABUCVec3@@PAU1@11@Z 00431747 f   q_shared2.obj
 0001:000308a8       ?MakeNormalVectors@@YAXABUCVec3@@AAU1@1@Z 004318a8 f   q_shared2.obj
 0001:00030917       ?Vec2Angles@@YAXABUCVec3@@AAU1@@Z 00431917 f   q_shared2.obj
 0001:00030a1a       ?Vec2Yaw@@YAMABUCVec3@@@Z  00431a1a f   q_shared2.obj
 0001:00030a8d       ?VectorLength@@YAMABUCVec3@@@Z 00431a8d f   q_shared2.obj
 0001:00030abc       ?VectorDistance@@YAMABUCVec3@@0@Z 00431abc f   q_shared2.obj
 0001:00030aed       ?LerpAngle@@YAMMMM@Z       00431aed f   q_shared2.obj
 0001:00030b30       ?AngleMod@@YAMM@Z          00431b30 f   q_shared2.obj
 0001:00030b5c       ?AngleSubtract@@YAMMM@Z    00431b5c f   q_shared2.obj
 0001:00030b93       ?AnglesSubtract@@YAXABUCVec3@@0AAU1@@Z 00431b93 f   q_shared2.obj
 0001:00030beb       ?Normalize@CVec3@@QAEMXZ   00431beb f   q_shared2.obj
 0001:00030c3d       ?VectorNormalize@@YAMABUCVec3@@AAU1@@Z 00431c3d f   q_shared2.obj
 0001:00030c95       ?NormalizeFast@CVec3@@QAEMXZ 00431c95 f   q_shared2.obj
 0001:00030ce6       ?cross@@YAXABUCVec3@@0AAU1@@Z 00431ce6 f   q_shared2.obj
 0001:00030d21       ?Clear@CBox@@QAEXXZ        00431d21 f   q_shared2.obj
 0001:00030d3f       ?Expand@CBox@@QAEXABUCVec3@@@Z 00431d3f f   q_shared2.obj
 0001:00030d6e       ?Expand@CBox@@QAEXABU1@@Z  00431d6e f   q_shared2.obj
 0001:00030daa       ?GetCenter@CBox@@QAEXAAUCVec3@@@Z 00431daa f   q_shared2.obj
 0001:00030dca       ?OnPlaneSide@CBox@@QBEHABUcplane_t@@@Z 00431dca f   q_shared2.obj
 0001:00030ef9       ?FromAngles@CAxis@@QAEXABUCVec3@@@Z 00431ef9 f   q_shared2.obj
 0001:00030f38       ?TransformVector@CAxis@@QBEXABUCVec3@@AAU2@@Z 00431f38 f   q_shared2.obj
 0001:00030f89       ?UnTransformVector@CAxis@@QBEXABUCVec3@@AAU2@@Z 00431f89 f   q_shared2.obj
 0001:00030fed       ?TransformAxis@CAxis@@QBEXABU1@AAU1@@Z 00431fed f   q_shared2.obj
 0001:00031033       ?UnTransformAxis@CAxis@@QBEXABU1@AAU1@@Z 00432033 f   q_shared2.obj
 0001:00031079       ?TransformPoint@CCoords@@QBEXABUCVec3@@AAU2@@Z 00432079 f   q_shared2.obj
 0001:000310d7       ?UnTransformPoint@CCoords@@QBEXABUCVec3@@AAU2@@Z 004320d7 f   q_shared2.obj
 0001:00031144       ?UnTransformCoords@CCoords@@QBEXABU1@AAU1@@Z 00432144 f   q_shared2.obj
 0001:0003116e       ?TransformPlane@CCoords@@QBEXABUcplane_t@@AAU2@@Z 0043216e f   q_shared2.obj
 0001:000311a6       ?TransformPoint@@YAXABUCVec3@@ABUCAxis@@0AAU1@@Z 004321a6 f   q_shared2.obj
 0001:00031209       ?UnTransformPoint@@YAXABUCVec3@@ABUCAxis@@0AAU1@@Z 00432209 f   q_shared2.obj
 0001:00031279       ?ShortSwap@@YAFF@Z         00432279 f   q_shared2.obj
 0001:0003128e       ?COM_Parse@@YAPADAAPBD_N@Z 0043228e f   q_shared2.obj
 0001:000313ae       ?COM_QuoteString@@YAPBDPBD_N@Z 004323ae f   q_shared2.obj
 0001:00031409       ?Zip_OpenArchive@@YAPAU_iobuf@@PBD@Z 00432409 f   zip.obj
 0001:00031474       ?Zip_CloseArchive@@YAXPAU_iobuf@@@Z 00432474 f   zip.obj
 0001:00031480       ?Zip_EnumArchive@@YA_NPAU_iobuf@@P6A_NPAUzipFile_t@@@Z@Z 00432480 f   zip.obj
 0001:0003165d       ?Zip_OpenFile@@YAPAUZFILE@@PAU_iobuf@@PAUzipFile_t@@@Z 0043265d f   zip.obj
 0001:00031741       ?Zip_ReadFile@@YAHPAUZFILE@@PAXH@Z 00432741 f   zip.obj
 0001:00031837       ?Zip_CloseFile@@YA_NPAUZFILE@@@Z 00432837 f   zip.obj
 0001:0003187b       ?Zip_OpenBuf@@YAPAUZBUF@@PAXH@Z 0043287b f   zip.obj
 0001:000318b9       ?Zip_ReadBuf@@YAHPAUZBUF@@PAXH@Z 004328b9 f   zip.obj
 0001:00031901       ?Zip_CloseBuf@@YAXPAUZBUF@@@Z 00432901 f   zip.obj
 0001:00031916       _zcalloc                   00432916 f   zip.obj
 0001:0003192a       _zcfree                    0043292a f   zip.obj
 0001:00031935       ?CDAudio_Play2@@YAXH_N@Z   00432935 f   cd_win.obj
 0001:00031b14       ?CDAudio_Play@@YAXH_N@Z    00432b14 f   cd_win.obj
 0001:00031b2b       ?CDAudio_Stop@@YAXXZ       00432b2b f   cd_win.obj
 0001:00031b70       ?CDAudio_Pause@@YAXXZ      00432b70 f   cd_win.obj
 0001:00031bc9       ?CDAudio_Resume@@YAXXZ     00432bc9 f   cd_win.obj
 0001:00031c38       ?CDAudio_Update@@YAXXZ     00432c38 f   cd_win.obj
 0001:00031c6c       ?CDAudio_Init@@YAHXZ       00432c6c f   cd_win.obj
 0001:000320ce       ?CDAudio_Shutdown@@YAXXZ   004330ce f   cd_win.obj
 0001:00032101       ?CDAudio_Activate@@YAX_N@Z 00433101 f   cd_win.obj
 0001:00032112       ?IN_Commands@@YAXXZ        00433112 f   in_win.obj
 0001:0003223a       ?IN_Init@@YAXXZ            0043323a f   in_win.obj
 0001:00032679       ?IN_Shutdown@@YAXXZ        00433679 f   in_win.obj
 0001:000328c8       ?IN_Move@@YAXPAUusercmd_t@@@Z 004338c8 f   in_win.obj
 0001:00032ea5       ?IN_Activate@@YAX_N@Z      00433ea5 f   in_win.obj
 0001:00032eaf       ?IN_Frame@@YAXXZ           00433eaf f   in_win.obj
 0001:00033217       ?NET_CompareAdr@@YA_NPAUnetadr_t@@0@Z 00434217 f   net_wins.obj
 0001:00033253       ?NET_CompareBaseAdr@@YA_NPAUnetadr_t@@0@Z 00434253 f   net_wins.obj
 0001:00033282       ?NET_AdrToString@@YAPADPAUnetadr_t@@@Z 00434282 f   net_wins.obj
 0001:000332de       ?NET_StringToAdr@@YA_NPBDPAUnetadr_t@@@Z 004342de f   net_wins.obj
 0001:000333e3       ?NET_IsLocalAddress@@YA_NPAUnetadr_t@@@Z 004343e3 f   net_wins.obj
 0001:000333ef       ?NET_GetLoopPacket@@YA_NW4netsrc_t@@PAUnetadr_t@@PAVsizebuf_t@@@Z 004343ef f   net_wins.obj
 0001:00033478       ?NET_SendLoopPacket@@YAXW4netsrc_t@@HPAXUnetadr_t@@@Z 00434478 f   net_wins.obj
 0001:000334cd       ?NET_GetPacket@@YA_NW4netsrc_t@@PAUnetadr_t@@PAVsizebuf_t@@@Z 004344cd f   net_wins.obj
 0001:000335c4       ?NET_SendPacket@@YAXW4netsrc_t@@HPAXUnetadr_t@@@Z 004345c4 f   net_wins.obj
 0001:000336a5       ?NET_Config@@YAX_N@Z       004346a5 f   net_wins.obj
 0001:00033874       ?NET_Init@@YAXXZ           00434874 f   net_wins.obj
 0001:000338f2       ?Sys_Mkdir@@YAXPAD@Z       004348f2 f   fs_win.obj
 0001:000338fe       ?Sys_FindFirst@@YAPBDPBDH@Z 004348fe f   fs_win.obj
 0001:000339b8       ?Sys_FindNext@@YAPBDXZ     004349b8 f   fs_win.obj
 0001:00033a22       ?Sys_FindClose@@YAXXZ      00434a22 f   fs_win.obj
 0001:00033a3c       ?Sys_FileExists@@YA_NPBDH@Z 00434a3c f   fs_win.obj
 0001:00033a5a       ?SNDDMA_Init@@YA_NXZ       00434a5a f   snd_win.obj
 0001:00034099       ?SNDDMA_GetDMAPos@@YAHXZ   00435099 f   snd_win.obj
 0001:000340e3       ?SNDDMA_BeginPainting@@YAXXZ 004350e3 f   snd_win.obj
 0001:000341fb       ?SNDDMA_Submit@@YAXXZ      004351fb f   snd_win.obj
 0001:00034220       ?SNDDMA_Shutdown@@YAXXZ    00435220 f   snd_win.obj
 0001:00034225       ?S_Activate@@YAX_N@Z       00435225 f   snd_win.obj
 0001:00034250       ?Sys_Quit@@YAXXZ           00435250 f   sys_win.obj
 0001:0003426e       ?Sys_ConsoleInput@@YAPADXZ 0043526e f   sys_win.obj
 0001:00034529       ?Sys_ConsoleOutput@@YAXPBD@Z 00435529 f   sys_win.obj
 0001:000345f0       ?Sys_ProcessMessages@@YAXXZ 004355f0 f   sys_win.obj
 0001:000346a8       ?Sys_UnloadGame@@YAXXZ     004356a8 f   sys_win.obj
 0001:00034723       ?Sys_GetGameAPI@@YAPAXPAX@Z 00435723 f   sys_win.obj
 0001:0003486f       _WinMain@16                0043586f f   sys_win.obj
 0001:00034b72       ?AddMsgHook@@YAXP6A_NIIJ@Z@Z 00435b72 f   vid_dll.obj
 0001:00034bb6       ?RemoveMsgHook@@YAXP6A_NIIJ@Z@Z 00435bb6 f   vid_dll.obj
 0001:00034be5       ?Vid_CreateWindow@@YAPAXHH_N@Z 00435be5 f   vid_dll.obj
 0001:000352e7       ?Vid_DestroyWindow@@YAX_N@Z 004362e7 f   vid_dll.obj
 0001:00035322       ?Vid_Restart@@YAXXZ        00436322 f   vid_dll.obj
 0001:0003532e       ?Vid_GetModeInfo@@YA_NPAH0H@Z 0043632e f   vid_dll.obj
 0001:0003535e       ?Vid_Tick@@YAXXZ           0043635e f   vid_dll.obj
 0001:0003550e       ?Vid_Init@@YAXXZ           0043650e f   vid_dll.obj
 0001:000355d4       ?Vid_Shutdown@@YAXXZ       004365d4 f   vid_dll.obj
 0001:000355f3       ?Tesselate@surfacePlanar_t@OpenGLDrv@@UAEXAAUrefEntity_t@2@@Z 004365f3 f   gl_backend.obj
 0001:00035fcf       ?Negate@CVec3@@QAEXXZ      00436fcf f i gl_backend.obj
 0001:000378fe       ?Tesselate@surfacePoly_t@OpenGLDrv@@UAEXAAUrefEntity_t@2@@Z 004388fe f   gl_backend.obj
 0001:00037a05       ?Tesselate@surfaceMd3_t@OpenGLDrv@@UAEXAAUrefEntity_t@2@@Z 00438a05 f   gl_backend.obj
 0001:00037def       ?DrawTriangles@OpenGLDrv@@YA_NXZ 00438def f   gl_backend.obj
 0001:00037f04       ?DrawNormals@OpenGLDrv@@YA_NXZ 00438f04 f   gl_backend.obj
 0001:0003800e       ?Tesselate@surfaceEntity_t@OpenGLDrv@@UAEXAAUrefEntity_t@2@@Z 0043900e f   gl_backend.obj
 0001:000380f2       ?Tesselate@surfaceParticle_t@OpenGLDrv@@UAEXAAUrefEntity_t@2@@Z 004390f2 f   gl_backend.obj
 0001:00038342       ?BK_DrawScene@OpenGLDrv@@YAXXZ 00439342 f   gl_backend.obj
 0001:00038969       ?BK_DrawPic@OpenGLDrv@@YAXPAVshader_t@1@HHHHMMMMIE@Z 00439969 f   gl_backend.obj
 0001:00038b4a       ?BK_DrawText@OpenGLDrv@@YAXPBDHHHHHI@Z 00439b4a f   gl_backend.obj
 0001:00038d3f       ?BK_BeginFrame@OpenGLDrv@@YAXXZ 00439d3f f   gl_backend.obj
 0001:00038da3       ?BK_EndFrame@OpenGLDrv@@YAXXZ 00439da3 f   gl_backend.obj
 0001:00038de2       ?BK_Init@OpenGLDrv@@YAXXZ  00439de2 f   gl_backend.obj
 0001:00038e11       ?BK_Shutdown@OpenGLDrv@@YAXXZ 00439e11 f   gl_backend.obj
 0001:00038e29       ?AllocDynamicMemory@OpenGLDrv@@YAPAXH@Z 00439e29 f   gl_buffers.obj
 0001:00038e94       ?ResizeDynamicMemory@OpenGLDrv@@YAXPAXH@Z 00439e94 f   gl_buffers.obj
 0001:00038ed6       ?AddSurfaceToPortal@OpenGLDrv@@YAXPAVsurfaceBase_t@1@PAVshader_t@1@HH@Z 00439ed6 f   gl_buffers.obj
 0001:00038f47       ?InsertShaderIndex@OpenGLDrv@@YAXH@Z 00439f47 f   gl_buffers.obj
 0001:00038f80       ?ClearPortal@OpenGLDrv@@YAXXZ 00439f80 f   gl_buffers.obj
 0001:00038f9e       ?SortSurfaces@OpenGLDrv@@YAXPAUviewPortal_t@1@PAPAUsurfaceInfo_t@1@@Z 00439f9e f   gl_buffers.obj
 0001:00039130       ?ClearBuffers@OpenGLDrv@@YAXXZ 0043a130 f   gl_buffers.obj
 0001:00039147       ?CreateBuffers@OpenGLDrv@@YAXXZ 0043a147 f   gl_buffers.obj
 0001:0003916d       ?FreeBuffers@OpenGLDrv@@YAXXZ 0043a16d f   gl_buffers.obj
 0001:00039191       ?InitEntity@model_t@OpenGLDrv@@UAEXPAUentity_t@@PAUrefEntity_t@2@@Z 0043a191 f   gl_frontend.obj
 0001:00039194       ?AddSurfaces@model_t@OpenGLDrv@@UAEXPAUrefEntity_t@2@@Z 0043a194 f   gl_frontend.obj
 0001:000391c2       ?GetLeaf@model_t@OpenGLDrv@@UAEPAUnode_t@2@PAUrefEntity_t@2@@Z 0043a1c2 f   gl_frontend.obj
 0001:000391d3       ?DrawLabel@model_t@OpenGLDrv@@UAEXPAUrefEntity_t@2@@Z 0043a1d3 f   gl_frontend.obj
 0001:000391d6       ?InitEntity@inlineModel_t@OpenGLDrv@@UAEXPAUentity_t@@PAUrefEntity_t@2@@Z 0043a1d6 f   gl_frontend.obj
 0001:00039226       ?AddSurfaces@inlineModel_t@OpenGLDrv@@UAEXPAUrefEntity_t@2@@Z 0043a226 f   gl_frontend.obj
 0001:00039704       ?GetLeaf@inlineModel_t@OpenGLDrv@@UAEPAUnode_t@2@PAUrefEntity_t@2@@Z 0043a704 f   gl_frontend.obj
 0001:000398a9       ?DrawLabel@inlineModel_t@OpenGLDrv@@UAEXPAUrefEntity_t@2@@Z 0043a8a9 f   gl_frontend.obj
 0001:000398ef       ?InitEntity@md3Model_t@OpenGLDrv@@UAEXPAUentity_t@@PAUrefEntity_t@2@@Z 0043a8ef f   gl_frontend.obj
 0001:00039abe       ?AddSurfaces@md3Model_t@OpenGLDrv@@UAEXPAUrefEntity_t@2@@Z 0043aabe f   gl_frontend.obj
 0001:00039bf8       ?GetLeaf@md3Model_t@OpenGLDrv@@UAEPAUnode_t@2@PAUrefEntity_t@2@@Z 0043abf8 f   gl_frontend.obj
 0001:00039c30       ?DrawLabel@md3Model_t@OpenGLDrv@@UAEXPAUrefEntity_t@2@@Z 0043ac30 f   gl_frontend.obj
 0001:00039c96       ?InitEntity@sprModel_t@OpenGLDrv@@UAEXPAUentity_t@@PAUrefEntity_t@2@@Z 0043ac96 f   gl_frontend.obj
 0001:00039cb4       ?AddSurfaces@sprModel_t@OpenGLDrv@@UAEXPAUrefEntity_t@2@@Z 0043acb4 f   gl_frontend.obj
 0001:00039e37       ?GetLeaf@sprModel_t@OpenGLDrv@@UAEPAUnode_t@2@PAUrefEntity_t@2@@Z 0043ae37 f   gl_frontend.obj
 0001:00039f18       ?AddEntity@OpenGLDrv@@YAXPAUentity_t@@@Z 0043af18 f   gl_frontend.obj
 0001:0003a0a4       ?AddDlight@OpenGLDrv@@YAXPAUdlight_t@@@Z 0043b0a4 f   gl_frontend.obj
 0001:0003a25c       ?DrawPortal@OpenGLDrv@@YAXXZ 0043b25c f   gl_frontend.obj
 0001:0003c200       ?GL_TextureMode@OpenGLDrv@@YAXPBD@Z 0043d200 f   gl_image.obj
 0001:0003c2a8       ?CreateImage@OpenGLDrv@@YAPAVimage_t@1@PBDPAXHHI@Z 0043d2a8 f   gl_image.obj
 0001:0003cf9e       ?LoadDelayedImages@OpenGLDrv@@YAXXZ 0043df9e f   gl_image.obj
 0001:0003d031       ?DrawStretchRaw8@OpenGLDrv@@YAXHHHHHHPAEPAI@Z 0043e031 f   gl_image.obj
 0001:0003d400       ?SetupGamma@OpenGLDrv@@YAXXZ 0043e400 f   gl_image.obj
 0001:0003d546       ?PerformScreenshot@OpenGLDrv@@YAXXZ 0043e546 f   gl_image.obj
 0001:0003d7c7       ?InitImages@OpenGLDrv@@YAXXZ 0043e7c7 f   gl_image.obj
 0001:0003df7c       ?ShutdownImages@OpenGLDrv@@YAXXZ 0043ef7c f   gl_image.obj
 0001:0003dfe3       ?ShowImages@OpenGLDrv@@YAXXZ 0043efe3 f   gl_image.obj
 0001:0003e26f       ?FindImage@OpenGLDrv@@YAPAVimage_t@1@PBDI@Z 0043f26f f   gl_image.obj
 0001:0003e5e0       ?GL_Lock@OpenGLDrv@@YAXXZ  0043f5e0 f   gl_interface.obj
 0001:0003e658       ?GL_Unlock@OpenGLDrv@@YAXXZ 0043f658 f   gl_interface.obj
 0001:0003e81a       ?GL_Bind@OpenGLDrv@@YAXPBVimage_t@1@@Z 0043f81a f   gl_interface.obj
 0001:0003e944       ?GL_BindForce@OpenGLDrv@@YAXPBVimage_t@1@@Z 0043f944 f   gl_interface.obj
 0001:0003e9c2       ?GL_TexEnv@OpenGLDrv@@YAXI@Z 0043f9c2 f   gl_interface.obj
 0001:0003eb41       ?GL_TexMipBias@OpenGLDrv@@YAXM@Z 0043fb41 f   gl_interface.obj
 0001:0003eb9c       ?GL_TexEnvColor@OpenGLDrv@@YAXPBTcolor_t@@@Z 0043fb9c f   gl_interface.obj
 0001:0003ec4c       ?GL_SelectTexture@OpenGLDrv@@YAXH@Z 0043fc4c f   gl_interface.obj
 0001:0003ecad       ?GL_TexCoordPointer@OpenGLDrv@@YAXPAX@Z 0043fcad f   gl_interface.obj
 0001:0003ecdd       ?GL_SetMultitexture@OpenGLDrv@@YAXH@Z 0043fcdd f   gl_interface.obj
 0001:0003edc3       ?GL_DisableTexCoordArrays@OpenGLDrv@@YAXXZ 0043fdc3 f   gl_interface.obj
 0001:0003ee17       ?GL_CullFace@OpenGLDrv@@YAXW4gl_cullMode_t@1@@Z 0043fe17 f   gl_interface.obj
 0001:0003ee68       ?GL_DepthRange@OpenGLDrv@@YAXW4gl_depthMode_t@1@@Z 0043fe68 f   gl_interface.obj
 0001:0003ee9b       ?GL_State@OpenGLDrv@@YAXI@Z 0043fe9b f   gl_interface.obj
 0001:0003efeb       ?GL_EnableFog@OpenGLDrv@@YAX_N@Z 0043ffeb f   gl_interface.obj
 0001:0003f0e3       ?GL_SetDefaultState@OpenGLDrv@@YAXXZ 004400e3 f   gl_interface.obj
 0001:0003f23f       ?GL_Set2DMode@OpenGLDrv@@YAXXZ 0044023f f   gl_interface.obj
 0001:0003f33a       ?GL_Set3DMode@OpenGLDrv@@YAXPAUviewPortal_t@1@@Z 0044033a f   gl_interface.obj
 0001:0003f422       ?ShowLights@OpenGLDrv@@YAXXZ 00440422 f   gl_light.obj
 0001:0003f80b       ?LightForEntity@OpenGLDrv@@YAXPAUrefEntity_t@1@@Z 0044080b f   gl_light.obj
 0001:00040a7f       ?DiffuseLight@OpenGLDrv@@YAXPATcolor_t@@M@Z 00441a7f f   gl_light.obj
 0001:00040cbb       ?InitLightGrid@OpenGLDrv@@YAXXZ 00441cbb f   gl_light.obj
 0001:00040d61       ?PostLoadLights@OpenGLDrv@@YAXXZ 00441d61 f   gl_light.obj
 0001:00040ff1       ?LM_Init@OpenGLDrv@@YAXXZ  00441ff1 f   gl_lightmap.obj
 0001:00041007       ?LM_Flush@OpenGLDrv@@YAXPAUlightmapBlock_t@1@@Z 00442007 f   gl_lightmap.obj
 0001:00041064       ?LM_Done@OpenGLDrv@@YAXXZ  00442064 f   gl_lightmap.obj
 0001:0004108b       ?LM_Save@OpenGLDrv@@YAXPAUlightmapBlock_t@1@@Z 0044208b f   gl_lightmap.obj
 0001:000410a3       ?LM_Restore@OpenGLDrv@@YAXPAUlightmapBlock_t@1@@Z 004420a3 f   gl_lightmap.obj
 0001:000410bb       ?LM_NewBlock@OpenGLDrv@@YAPAUlightmapBlock_t@1@XZ 004420bb f   gl_lightmap.obj
 0001:0004111a       ?LM_Rewind@OpenGLDrv@@YAXXZ 0044211a f   gl_lightmap.obj
 0001:00041122       ?LM_NextBlock@OpenGLDrv@@YAPAUlightmapBlock_t@1@XZ 00442122 f   gl_lightmap.obj
 0001:0004114f       ?LM_CheckMinlight@OpenGLDrv@@YAXPAUdynamicLightmap_t@1@@Z 0044214f f   gl_lightmap.obj
 0001:000411e5       ?LM_AllocBlock@OpenGLDrv@@YA_NPAUlightmapBlock_t@1@PAUdynamicLightmap_t@1@@Z 004421e5 f   gl_lightmap.obj
 0001:0004129c       ?LM_PutBlock@OpenGLDrv@@YAXPAUdynamicLightmap_t@1@@Z 0044229c f   gl_lightmap.obj
 0001:000416c9       ?LM_SortLightStyles@OpenGLDrv@@YAXPAUdynamicLightmap_t@1@@Z 004426c9 f   gl_lightmap.obj
 0001:0004175a       ?UpdateDynamicLightmap@OpenGLDrv@@YAXPAVsurfacePlanar_t@1@_NI@Z 0044275a f   gl_lightmap.obj
 0001:00041c5c       ?LM_IsMonotone@OpenGLDrv@@YA_NPAUdynamicLightmap_t@1@PATcolor_t@@@Z 00442c5c f   gl_lightmap.obj
 0001:00041d63       ?Init@OpenGLDrv@@YA_NXZ    00442d63 f   gl_main.obj
 0001:0004239c       ?Shutdown@OpenGLDrv@@YAX_N@Z 0044339c f   gl_main.obj
 0001:00042425       ?GL_EnableRendering@OpenGLDrv@@YAX_N@Z 00443425 f   gl_main.obj
 0001:00042440       ?BeginFrame@OpenGLDrv@@YAXN@Z 00443440 f   gl_main.obj
 0001:0004256a       ?EndFrame@OpenGLDrv@@YAXXZ 0044356a f   gl_main.obj
 0001:00042582       ?RenderFrame@OpenGLDrv@@YAXPAUrefdef_t@@@Z 00443582 f   gl_main.obj
 0001:00042db3       ?Fill8@OpenGLDrv@@YAXHHHHH@Z 00443db3 f   gl_main.obj
 0001:00042df6       ?Fill@OpenGLDrv@@YAXHHHHI@Z 00443df6 f   gl_main.obj
 0001:00042e32       ?TileClear@OpenGLDrv@@YAXHHHHPBD@Z 00443e32 f   gl_main.obj
 0001:00042ed3       ?DrawStretchPic@OpenGLDrv@@YAXHHHHPBD@Z 00443ed3 f   gl_main.obj
 0001:00042f33       ?DrawDetailedPic@OpenGLDrv@@YAXHHHHPBD@Z 00443f33 f   gl_main.obj
 0001:00042fda       ?DrawPic@OpenGLDrv@@YAXHHPBDHH@Z 00443fda f   gl_main.obj
 0001:0004305f       ?BeginRegistration@OpenGLDrv@@YAXPBD@Z 0044405f f   gl_main.obj
 0001:00043083       ?RegisterPic@OpenGLDrv@@YAPAVCBasicImage@@PBD@Z 00444083 f   gl_main.obj
 0001:00043091       ?RegisterSkin@OpenGLDrv@@YAPAVCBasicImage@@PBD_N@Z 00444091 f   gl_main.obj
 0001:000430af       ?RegisterModel@OpenGLDrv@@YAPAVCRenderModel@@PBD@Z 004440af f   gl_main.obj
 0001:000430ba       ?SetSky@OpenGLDrv@@YAXPBDMABUCVec3@@@Z 004440ba f   gl_main.obj
 0001:00043158       ?Screenshot@OpenGLDrv@@YAXHPBD@Z 00444158 f   gl_main.obj
 0001:0004317f       ?GetClientLight@OpenGLDrv@@YAMXZ 0044417f f   gl_main.obj
 0001:00043186       ?InitFuncTables@OpenGLDrv@@YAXXZ 00444186 f   gl_math.obj
 0001:0004332c       ?BuildRotationAxis@OpenGLDrv@@YAXAAUCAxis@@ABUCVec3@@M@Z 0044432c f   gl_math.obj
 0001:00043423       ?GetBoxRect@OpenGLDrv@@YA_NPBUrefEntity_t@1@ABUCVec3@@QAM2_N@Z 00444423 f   gl_math.obj
 0001:0004372d       ?ProjectToScreen@OpenGLDrv@@YA_NABUCVec3@@QAH@Z 0044472d f   gl_math.obj
 0001:00043870       ?SaturateColor3f@OpenGLDrv@@YAXAAUCVec3@@@Z 00444870 f   gl_math.obj
 0001:00043960       ?SaturateColor4b@OpenGLDrv@@YAXPATcolor_t@@@Z 00444960 f   gl_math.obj
 0001:00043a6e       ?SubdividePlane@OpenGLDrv@@YAHPAPAUCVec3@@HM@Z 00444a6e f   gl_poly.obj
 0001:00043eef       ?FreeSubdividedPlane@OpenGLDrv@@YAXXZ 00444eef f   gl_poly.obj
 0001:00043f07       ?GetSubdivideIndexes@OpenGLDrv@@YAXPAH@Z 00444f07 f   gl_poly.obj
 0001:00043f5a       ?RemoveCollinearPoints@OpenGLDrv@@YAHPAPAUCVec3@@H@Z 00444f5a f   gl_poly.obj
 0001:00044050       ?GetPolyArea@OpenGLDrv@@YAMPAPAUCVec3@@H@Z 00445050 f   gl_poly.obj
 0001:000440e4       ?InitShaders@OpenGLDrv@@YAXXZ 004450e4 f   gl_shader.obj
 0001:0004424f       ?ShutdownShaders@OpenGLDrv@@YAXXZ 0044524f f   gl_shader.obj
 0001:0004428d       ?GetLightmapImage@OpenGLDrv@@YAPAVimage_t@1@H@Z 0044528d f   gl_shader.obj
 0001:000442b5       ?SetShaderLightmap@OpenGLDrv@@YAPAVshader_t@1@PAV21@H@Z 004452b5 f   gl_shader.obj
 0001:000445d4       ??4shader_t@OpenGLDrv@@QAEAAV01@ABV01@@Z 004455d4 f i gl_shader.obj
 0001:0004480a       ?SetShaderLightstyles@OpenGLDrv@@YAPAVshader_t@1@PAV21@I@Z 0044580a f   gl_shader.obj
 0001:000448a6       ?GetAlphaShader@OpenGLDrv@@YAPAVshader_t@1@PAV21@@Z 004458a6 f   gl_shader.obj
 0001:00044c84       ?FindShader@OpenGLDrv@@YAPAVshader_t@1@PBDI@Z 00445c84 f   gl_shader.obj
 0001:00046581       ?GetShaderByNum@OpenGLDrv@@YAPAVshader_t@1@H@Z 00447581 f   gl_shader.obj
 0001:0004659f       ?ResetShaders@OpenGLDrv@@YAXXZ 0044759f f   gl_shader.obj
 0001:0004678a       ?Reload@shader_t@OpenGLDrv@@UAEXXZ 0044778a f   gl_shader.obj
 0001:000467b9       ?Insert@?$TList@VplayerModelInfo_t@@@@QAE_NPAVplayerModelInfo_t@@@Z 004477b9 f i gl_shader.obj
 0001:000467b9       ?Insert@?$TList@VCStringItem@@@@QAE_NPAVCStringItem@@@Z 004477b9 f i gl_shader.obj
 0001:000467b9       ?Insert@?$TList@VshaderScript_t@OpenGLDrv@@@@QAE_NPAVshaderScript_t@OpenGLDrv@@@Z 004477b9 f i gl_shader.obj
 0001:000467ef       ?ClearSky@OpenGLDrv@@YAXXZ 004477ef f   gl_sky.obj
 0001:0004684c       ?AddSkySurface@OpenGLDrv@@YAXPAVsurfacePlanar_t@1@E@Z 0044784c f   gl_sky.obj
 0001:00046e14       ?DrawSky@OpenGLDrv@@YAXXZ  00447e14 f   gl_sky.obj
 0001:000474b8       ?DrawChar@OpenGLDrv@@YAXHHHH@Z 004484b8 f   gl_text.obj
 0001:00047509       ?ClearTexts@OpenGLDrv@@YAXXZ 00448509 f   gl_text.obj
 0001:0004751e       ?FlushTexts@OpenGLDrv@@YAXXZ 0044851e f   gl_text.obj
 0001:000475ca       ?DrawTextPos@OpenGLDrv@@YAXHHPBDI@Z 004485ca f   gl_text.obj
 0001:000475f6       ?DrawTextLeft@OpenGLDrv@@YAXPBDI@Z 004485f6 f   gl_text.obj
 0001:0004767d       ?DrawTextRight@OpenGLDrv@@YAXPBDI@Z 0044867d f   gl_text.obj
 0001:000476c7       ?DrawText3D@OpenGLDrv@@YAXABUCVec3@@PBDI@Z 004486c7 f   gl_text.obj
 0001:000476f4       ?InitTexts@OpenGLDrv@@YAXXZ 004486f4 f   gl_text.obj
 0001:0004770e       ?FindModel@OpenGLDrv@@YAPAVmodel_t@1@PBD@Z 0044870e f   gl_model.obj
 0001:000478e3       ?FreeModels@OpenGLDrv@@YAXXZ 004488e3 f   gl_model.obj
 0001:00047955       ?InitModels@OpenGLDrv@@YAXXZ 00448955 f   gl_model.obj
 0001:00047a4b       ?ShutdownModels@OpenGLDrv@@YAXXZ 00448a4b f   gl_model.obj
 0001:00047a5c       ?LoadWorldMap@OpenGLDrv@@YAXPBD@Z 00448a5c f   gl_bspmodel.obj
 0001:00049564       ?PointInLeaf@OpenGLDrv@@YAPAUnode_t@1@ABUCVec3@@@Z 0044a564 f   gl_bspmodel.obj
 0001:000495af       ?CALL_CONSTRUCTOR@@YAXPAVinlineModel_t@OpenGLDrv@@@Z 0044a5af f i gl_bspmodel.obj
 0001:000495c5       ?LerpTag@model_t@OpenGLDrv@@UBE_NHHMPBDAAUCCoords@@@Z 0044a5c5 f   gl_trimodel.obj
 0001:000495d3       ?LerpTag@md3Model_t@OpenGLDrv@@UBE_NHHMPBDAAUCCoords@@@Z 0044a5d3 f   gl_trimodel.obj
 0001:000496e3       ?LoadMd2@OpenGLDrv@@YAPAVmd3Model_t@1@PBDPAEI@Z 0044a6e3 f   gl_trimodel.obj
 0001:0004a211       ?ATAN2_FUNC@OpenGLDrv@@YAMMM@Z 0044b211 f i gl_trimodel.obj
 0001:0004a3c7       ?LoadMd3@OpenGLDrv@@YAPAVmd3Model_t@1@PBDPAEI@Z 0044b3c7 f   gl_trimodel.obj
 0001:0004a87c       ?LoadSp2@OpenGLDrv@@YAPAVsprModel_t@1@PBDPAEI@Z 0044b87c f   gl_trimodel.obj
 0001:0004aa94       ?LoadSpr@OpenGLDrv@@YAPAVsprModel_t@1@PBDPAEI@Z 0044ba94 f   gl_trimodel.obj
 0001:0004ab9d       ?CALL_CONSTRUCTOR@@YAXPAVmd3Model_t@OpenGLDrv@@@Z 0044bb9d f i gl_trimodel.obj
 0001:0004abb3       ?CALL_CONSTRUCTOR@@YAXPAVsprModel_t@OpenGLDrv@@@Z 0044bbb3 f i gl_trimodel.obj
 0001:0004c1b4       ?QGL_Init@OpenGLDrv@@YA_NPBD@Z 0044d1b4 f   qgl_win.obj
 0001:0004c296       ?QGL_Shutdown@OpenGLDrv@@YAXXZ 0044d296 f   qgl_win.obj
 0001:0004c2d4       ?QGL_InitExtensions@OpenGLDrv@@YAXXZ 0044d2d4 f   qgl_win.obj
 0001:0004c7c0       ?QGL_PrintExtensionsString@OpenGLDrv@@YAXPBD00@Z 0044d7c0 f   qgl_win.obj
 0001:0004c90d       ?QGL_EnableLogging@OpenGLDrv@@YAX_N@Z 0044d90d f   qgl_win.obj
 0001:0004c9c7       ?QGL_LogMessage@OpenGLDrv@@YAXPBD@Z 0044d9c7 f   qgl_win.obj
 0001:0004c9de       ?QGL_SwapBuffers@OpenGLDrv@@YAXXZ 0044d9de f   qgl_win.obj
 0001:0004ca60       ?GLimp_HasGamma@OpenGLDrv@@YA_NXZ 0044da60 f   gl_win.obj
 0001:0004ca74       ?GLimp_SetGamma@OpenGLDrv@@YAXM@Z 0044da74 f   gl_win.obj
 0001:0004cc1c       ?GLimp_SetMode@OpenGLDrv@@YA_NPAI0H_N@Z 0044dc1c f   gl_win.obj
 0001:0004d012       ?GLimp_Shutdown@OpenGLDrv@@YAX_N@Z 0044e012 f   gl_win.obj
 0001:0004d0bf       ?AppActivate@OpenGLDrv@@YAX_N@Z 0044e0bf f   gl_win.obj
 0001:0004d12f       _jpeg_CreateDecompress     0044e12f f   lib:jdapimin.obj
 0001:0004d1ef       _jpeg_destroy_decompress   0044e1ef f   lib:jdapimin.obj
 0001:0004d1ef       _jpeg_destroy_compress     0044e1ef f   lib:jdapimin.obj
 0001:0004d1fa       _jpeg_read_header          0044e1fa f   lib:jdapimin.obj
 0001:0004d25c       _jpeg_consume_input        0044e25c f   lib:jdapimin.obj
 0001:0004d4ab       _jpeg_finish_decompress    0044e4ab f   lib:jdapimin.obj
 0001:0004d542       _jpeg_start_decompress     0044e542 f   lib:jdapistd.obj
 0001:0004d6af       _jpeg_read_scanlines       0044e6af f   lib:jdapistd.obj
 0001:0004d733       _jpeg_resync_to_restart    0044e733 f   lib:jdmarker.obj
 0001:0004d8f8       _jinit_marker_reader       0044e8f8 f   lib:jdmarker.obj
 0001:0004edc3       _jpeg_CreateCompress       0044fdc3 f   lib:jcapimin.obj
 0001:0004ee77       _jpeg_suppress_tables      0044fe77 f   lib:jcapimin.obj
 0001:0004eec1       _jpeg_finish_compress      0044fec1 f   lib:jcapimin.obj
 0001:0004efab       _jpeg_start_compress       0044ffab f   lib:jcapistd.obj
 0001:0004f017       _jpeg_write_scanlines      00450017 f   lib:jcapistd.obj
 0001:0004f0c2       _jpeg_add_quant_table      004500c2 f   lib:jcparam.obj
 0001:0004f174       _jpeg_quality_scaling      00450174 f   lib:jcparam.obj
 0001:0004f19b       _jpeg_set_quality          0045019b f   lib:jcparam.obj
 0001:0004f1d5       _jpeg_set_defaults         004501d5 f   lib:jcparam.obj
 0001:0004f39b       _jpeg_default_colorspace   0045039b f   lib:jcparam.obj
 0001:0004f3eb       _jpeg_set_colorspace       004503eb f   lib:jcparam.obj
 0001:0004f706       _jpeg_stdio_dest           00450706 f   lib:jdatadst.obj
 0001:0004f926       _crc32                     00450926 f   lib:crc32.obj
 0001:0004fbc0       _inflateReset              00450bc0 f   lib:inflate.obj
 0001:0004fc0e       _inflateInit2_             00450c0e f   lib:inflate.obj
 0001:0004fcc7       _inflate                   00450cc7 f   lib:inflate.obj
 0001:00050f9c       _inflateEnd                00451f9c f   lib:inflate.obj
 0001:00050fda       _jinit_input_controller    00451fda f   lib:jdinput.obj
 0001:000514bd       _jinit_memory_mgr          004524bd f   lib:jmemmgr.obj
 0001:00051ff9       _jpeg_abort                00452ff9 f   lib:jcomapi.obj
 0001:0005202c       _jpeg_destroy              0045302c f   lib:jcomapi.obj
 0001:00052047       _jpeg_alloc_quant_table    00453047 f   lib:jcomapi.obj
 0001:00052063       _jpeg_alloc_huff_table     00453063 f   lib:jcomapi.obj
 0001:0005207f       _jpeg_calc_output_dimensions 0045307f f   lib:jdmaster.obj
 0001:0005217f       _jinit_master_decompress   0045317f f   lib:jdmaster.obj
 0001:000524d5       _jdiv_round_up             004534d5 f   lib:jutils.obj
 0001:000524e5       _jround_up                 004534e5 f   lib:jutils.obj
 0001:000524fd       _jcopy_sample_rows         004534fd f   lib:jutils.obj
 0001:0005253b       _jcopy_block_row           0045353b f   lib:jutils.obj
 0001:00052554       _jzero_far                 00453554 f   lib:jutils.obj
 0001:00052567       _jinit_marker_writer       00453567 f   lib:jcmarker.obj
 0001:00052e43       _jinit_compress_master     00453e43 f   lib:jcinit.obj
 0001:00052e9c       _inflate_fast              00453e9c f   lib:inffast.obj
 0001:00053251       _inflate_table             00454251 f   lib:inftrees.obj
 0001:00053605       _adler32                   00454605 f   lib:adler32.obj
 0001:0005371e       _jinit_c_codec             0045471e f   lib:jcodec.obj
 0001:0005373a       _jinit_d_codec             0045473a f   lib:jcodec.obj
 0001:00053756       _jpeg_get_small            00454756 f   lib:jmemnobs.obj
 0001:00053756       _jpeg_get_large            00454756 f   lib:jmemnobs.obj
 0001:00053762       _jpeg_free_large           00454762 f   lib:jmemnobs.obj
 0001:00053762       _jpeg_free_small           00454762 f   lib:jmemnobs.obj
 0001:0005376e       _jpeg_mem_available        0045476e f   lib:jmemnobs.obj
 0001:00053773       _jpeg_open_backing_store   00454773 f   lib:jmemnobs.obj
 0001:00053787       __setargv                  00454787 f   lib:jmemnobs.obj
 0001:00053787       _jpeg_mem_term             00454787 f   lib:jmemnobs.obj
 0001:00053787       ?EndRegistration@OpenGLDrv@@YAXXZ 00454787 f   lib:jmemnobs.obj
 0001:00053788       _jinit_d_main_controller   00454788 f   lib:jdmainct.obj
 0001:00053dd3       _jinit_d_post_controller   00454dd3 f   lib:jdpostct.obj
 0001:0005407e       _jinit_upsampler           0045507e f   lib:jdsample.obj
 0001:000546bc       _jinit_color_deconverter   004556bc f   lib:jdcolor.obj
 0001:00054bd2       _jinit_merged_upsampler    00455bd2 f   lib:jdmerge.obj
 0001:00055122       _jinit_2pass_quantizer     00456122 f   lib:jquant2.obj
 0001:000561e5       _jinit_1pass_quantizer     004571e5 f   lib:jquant1.obj
 0001:00056c0b       _jinit_c_main_controller   00457c0b f   lib:jcmainct.obj
 0001:00056d78       _jinit_c_prep_controller   00457d78 f   lib:jcprepct.obj
 0001:000572c3       _jinit_downsampler         004582c3 f   lib:jcsample.obj
 0001:00057b43       _jinit_color_converter     00458b43 f   lib:jccolor.obj
 0001:0005812d       _jinit_c_master_control    0045912d f   lib:jcmaster.obj
 0001:00058c1c       _jinit_lossy_c_codec       00459c1c f   lib:jclossy.obj
 0001:00058cb7       _jinit_lossless_c_codec    00459cb7 f   lib:jclossls.obj
 0001:00058d4f       _jinit_lossy_d_codec       00459d4f f   lib:jdlossy.obj
 0001:00059022       _jinit_lossless_d_codec    0045a022 f   lib:jdlossls.obj
 0001:000590d2       _jinit_c_coef_controller   0045a0d2 f   lib:jccoefct.obj
 0001:00059771       _jinit_shuff_encoder       0045a771 f   lib:jcshuff.obj
 0001:00059fd9       _jinit_phuff_encoder       0045afd9 f   lib:jcphuff.obj
 0001:0005aa7e       _jinit_forward_dct         0045ba7e f   lib:jcdctmgr.obj
 0001:0005ad4d       _jinit_c_diff_controller   0045bd4d f   lib:jcdiffct.obj
 0001:0005b2b3       _jinit_lhuff_encoder       0045c2b3 f   lib:jclhuff.obj
 0001:0005b9e0       _jinit_differencer         0045c9e0 f   lib:jcpred.obj
 0001:0005befa       _jinit_c_scaler            0045cefa f   lib:jcscale.obj
 0001:0005bf70       _jinit_d_coef_controller   0045cf70 f   lib:jdcoefct.obj
 0001:0005cc4c       _jinit_shuff_decoder       0045dc4c f   lib:jdshuff.obj
 0001:0005d1e1       _jinit_phuff_decoder       0045e1e1 f   lib:jdphuff.obj
 0001:0005dd7e       _jinit_inverse_dct         0045ed7e f   lib:jddctmgr.obj
 0001:0005df62       _jinit_d_diff_controller   0045ef62 f   lib:jddiffct.obj
 0001:0005e490       _jinit_d_scaler            0045f490 f   lib:jdscale.obj
 0001:0005e58f       _jinit_undifferencer       0045f58f f   lib:jdpred.obj
 0001:0005e949       _jinit_lhuff_decoder       0045f949 f   lib:jdlhuff.obj
 0001:0005ed3e       _jpeg_make_c_derived_tbl   0045fd3e f   lib:jchuff.obj
 0001:0005ef40       _jpeg_gen_optimal_table    0045ff40 f   lib:jchuff.obj
 0001:0005f0ff       _jpeg_fdct_float           004600ff f   lib:jfdctflt.obj
 0001:0005f304       _jpeg_make_d_derived_tbl   00460304 f   lib:jdhuff.obj
 0001:0005f5a1       _jpeg_fill_bit_buffer      004605a1 f   lib:jdhuff.obj
 0001:0005f6b0       _jpeg_huff_decode          004606b0 f   lib:jdhuff.obj
 0001:0005f790       _jpeg_idct_4x4             00460790 f   lib:jidctred.obj
 0001:0005fa7e       _jpeg_idct_2x2             00460a7e f   lib:jidctred.obj
 0001:0005fc40       _jpeg_idct_1x1             00460c40 f   lib:jidctred.obj
 0001:0005fc7c       _jpeg_idct_float           00460c7c f   lib:jidctflt.obj
 0001:00060050       __except_handler3          00461050 f   MSVCRT:MSVCRT.dll
 0001:00060060       __chkstk                   00461060 f   MSVCRT:chkstk.obj
 0001:00060060       __alloca_probe             00461060 f   MSVCRT:chkstk.obj
 0001:0006008f       ??_Etype_info@@UAEPAXI@Z   0046108f f i MSVCRT:ti_inst.obj
 0001:0006008f       ??_Gtype_info@@UAEPAXI@Z   0046108f f i MSVCRT:ti_inst.obj
 0001:000600ac       __CxxThrowException@8      004610ac f   MSVCRT:MSVCRT.dll
 0001:000600b2       _strlen                    004610b2 f   MSVCRT:MSVCRT.dll
 0001:000600b8       _strcmp                    004610b8 f   MSVCRT:MSVCRT.dll
 0001:000600be       _strcpy                    004610be f   MSVCRT:MSVCRT.dll
 0001:000600c4       _sin                       004610c4 f   MSVCRT:MSVCRT.dll
 0001:000600ca       _tan                       004610ca f   MSVCRT:MSVCRT.dll
 0001:000600d0       _cos                       004610d0 f   MSVCRT:MSVCRT.dll
 0001:000600d6       _fmod                      004610d6 f   MSVCRT:MSVCRT.dll
 0001:000600dc       _acos                      004610dc f   MSVCRT:MSVCRT.dll
 0001:000600e2       _atan                      004610e2 f   MSVCRT:MSVCRT.dll
 0001:000600e8       _strcat                    004610e8 f   MSVCRT:MSVCRT.dll
 0001:000600ee       _memcpy                    004610ee f   MSVCRT:MSVCRT.dll
 0001:000600f4       _memset                    004610f4 f   MSVCRT:MSVCRT.dll
 0001:000600fa       _sqrt                      004610fa f   MSVCRT:MSVCRT.dll
 0001:00060100       _atan2                     00461100 f   MSVCRT:MSVCRT.dll
 0001:00060106       __purecall                 00461106 f   MSVCRT:MSVCRT.dll
 0001:0006010c       _pow                       0046110c f   MSVCRT:MSVCRT.dll
 0001:00060112       _asin                      00461112 f   MSVCRT:MSVCRT.dll
 0001:00060118       _WinMainCRTStartup         00461118 f   MSVCRT:crtexew.obj
 0001:00060276       __ftol                     00461276 f   MSVCRT:MSVCRT.dll
 0001:0006027c       ??1type_info@@UAE@XZ       0046127c f   MSVCRT:MSVCRT.dll
 0001:00060282       __XcptFilter               00461282 f   MSVCRT:MSVCRT.dll
 0001:00060288       __initterm                 00461288 f   MSVCRT:MSVCRT.dll
 0001:0006028e       __setdefaultprecision      0046128e f   MSVCRT:fp8.obj
[...]
 0001:0005e100       _start_iMCU_row            0045f100 f   lib:jddiffct.obj
 0001:0005e145       _start_output_pass         0045f145 f   lib:jddiffct.obj
 0001:0005e151       _decompress_data           0045f151 f   lib:jddiffct.obj
 0001:0005e2c1       _process_restart           0045f2c1 f   lib:jddiffct.obj
 0001:0005c2e1       _dummy_consume_data        0045d2e1 f   lib:jdcoefct.obj
 0001:0005e2f6       _consume_data              0045f2f6 f   lib:jddiffct.obj
 0001:0005e36d       _output_data               0045f36d f   lib:jddiffct.obj
 0001:0005ddf4       _start_pass                0045edf4 f   lib:jddctmgr.obj
 0001:0005d246       _start_pass_phuff_decoder  0045e246 f   lib:jdphuff.obj
 0001:0005d48f       _decode_mcu_DC_first       0045e48f f   lib:jdphuff.obj
 0001:0005d687       _process_restart           0045e687 f   lib:jdphuff.obj
 0001:0005d6f6       _decode_mcu_AC_first       0045e6f6 f   lib:jdphuff.obj
 0001:0005d916       _decode_mcu_DC_refine      0045e916 f   lib:jdphuff.obj
 0001:0005d9eb       _decode_mcu_AC_refine      0045e9eb f   lib:jdphuff.obj
 0001:0005cc8d       _start_pass_huff_decoder   0045dc8d f   lib:jdshuff.obj
 0001:0005cdc5       _decode_mcu                0045ddc5 f   lib:jdshuff.obj
 0001:0005d175       _process_restart           0045e175 f   lib:jdshuff.obj
 0001:0005c073       _start_input_pass          0045d073 f   lib:jdcoefct.obj
 0001:0005c086       _start_iMCU_row            0045d086 f   lib:jdcoefct.obj
 0001:0005c0cb       _start_output_pass         0045d0cb f   lib:jdcoefct.obj
 0001:0005c108       _decompress_onepass        0045d108 f   lib:jdcoefct.obj
 0001:0005c2e1       _dummy_consume_data        0045d2e1 f   lib:jdcoefct.obj
 0001:0005c2e4       _consume_data              0045d2e4 f   lib:jdcoefct.obj
 0001:0005c49d       _decompress_data           0045d49d f   lib:jdcoefct.obj
 0001:0005c609       _smoothing_ok              0045d609 f   lib:jdcoefct.obj
 0001:0005c6f4       _decompress_smooth_data    0045d6f4 f   lib:jdcoefct.obj
 0001:0005bf0c       _scaler_start_pass         0045cf0c f   lib:jcscale.obj
 0001:0005bf2f       _simple_downscale          0045cf2f f   lib:jcscale.obj
 0001:0005bf5b       _noscale                   0045cf5b f   lib:jcscale.obj
 0001:0005ba04       _start_pass                0045ca04 f   lib:jcpred.obj
 0001:0005ba5c       _reset_predictor           0045ca5c f   lib:jcpred.obj
 0001:0005ba89       _jpeg_difference_first_row 0045ca89 f   lib:jcpred.obj
 0001:0005bb73       _jpeg_difference1          0045cb73 f   lib:jcpred.obj
 0001:0005bbe1       _jpeg_difference2          0045cbe1 f   lib:jcpred.obj
 0001:0005bc52       _jpeg_difference3          0045cc52 f   lib:jcpred.obj
 0001:0005bcca       _jpeg_difference4          0045ccca f   lib:jcpred.obj
 0001:0005bd55       _jpeg_difference5          0045cd55 f   lib:jcpred.obj
 0001:0005bde8       _jpeg_difference6          0045cde8 f   lib:jcpred.obj
 0001:0005be77       _jpeg_difference7          0045ce77 f   lib:jcpred.obj
 0001:0005b2f3       _start_pass_huff           0045c2f3 f   lib:jclhuff.obj
 0001:0005b490       _encode_mcus_huff          0045c490 f   lib:jclhuff.obj
 0001:0005b67b       _emit_bits                 0045c67b f   lib:jclhuff.obj
 0001:0005b71e       _dump_buffer               0045c71e f   lib:jclhuff.obj
 0001:0005b742       _emit_restart              0045c742 f   lib:jclhuff.obj
 0001:0005b78d       _flush_bits                0045c78d f   lib:jclhuff.obj
 0001:0005b7b1       _finish_pass_huff          0045c7b1 f   lib:jclhuff.obj
 0001:0005b81e       _encode_mcus_gather        0045c81e f   lib:jclhuff.obj
 0001:0005b947       _finish_pass_gather        0045c947 f   lib:jclhuff.obj
 0001:0005b9dd       _need_optimization_pass    0045c9dd f   lib:jclhuff.obj
 0001:0005aed1       _start_pass_diff           0045bed1 f   lib:jcdiffct.obj
 0001:0005af6f       _start_iMCU_row            0045bf6f f   lib:jcdiffct.obj
 0001:0005afb1       _compress_data             0045bfb1 f   lib:jcdiffct.obj
 0001:0005b147       _compress_first_pass       0045c147 f   lib:jcdiffct.obj
 0001:0005b23c       _compress_output           0045c23c f   lib:jcdiffct.obj
 0001:0005aae4       _start_pass_fdctmgr        0045bae4 f   lib:jcdctmgr.obj
 0001:0005abe6       _forward_DCT_float         0045bbe6 f   lib:jcdctmgr.obj
 0001:0005a019       _start_pass_phuff          0045b019 f   lib:jcphuff.obj
 0001:0005a186       _encode_mcu_DC_first       0045b186 f   lib:jcphuff.obj
 0001:0005a2b8       _emit_bits                 0045b2b8 f   lib:jcphuff.obj
 0001:0005a363       _dump_buffer               0045b363 f   lib:jcphuff.obj
 0001:0005a39b       _emit_symbol               0045b39b f   lib:jcphuff.obj
 0001:0005a3db       _emit_restart              0045b3db f   lib:jcphuff.obj
 0001:0005a464       _emit_eobrun               0045b464 f   lib:jcphuff.obj
 0001:0005a4ea       _encode_mcu_AC_first       0045b4ea f   lib:jcphuff.obj
 0001:0005a67e       _encode_mcu_DC_refine      0045b67e f   lib:jcphuff.obj
 0001:0005a738       _encode_mcu_AC_refine      0045b738 f   lib:jcphuff.obj
 0001:0005a94f       _finish_pass_phuff         0045b94f f   lib:jcphuff.obj
 0001:0005a99e       _finish_pass_gather_phuff  0045b99e f   lib:jcphuff.obj
 0001:0005aa61       _need_optimization_pass    0045ba61 f   lib:jcphuff.obj
 0001:000597b4       _start_pass_huff           0045a7b4 f   lib:jcshuff.obj
 0001:00059929       _encode_mcu_huff           0045a929 f   lib:jcshuff.obj
 0001:00059a34       _encode_one_block          0045aa34 f   lib:jcshuff.obj
 0001:00059bab       _emit_bits                 0045abab f   lib:jcshuff.obj
 0001:00059c4e       _dump_buffer               0045ac4e f   lib:jcshuff.obj
 0001:00059c72       _emit_restart              0045ac72 f   lib:jcshuff.obj
 0001:00059cdf       _flush_bits                0045acdf f   lib:jcshuff.obj
 0001:00059d03       _finish_pass_huff          0045ad03 f   lib:jcshuff.obj
 0001:00059d72       _encode_mcu_gather         0045ad72 f   lib:jcshuff.obj
 0001:00059e28       _htest_one_block           0045ae28 f   lib:jcshuff.obj
 0001:00059eef       _finish_pass_gather        0045aeef f   lib:jcshuff.obj
 0001:0005b9dd       _need_optimization_pass    0045c9dd f   lib:jclhuff.obj
 0001:00059187       _start_pass_coef           0045a187 f   lib:jccoefct.obj
 0001:0005af6f       _start_iMCU_row            0045bf6f f   lib:jcdiffct.obj
 0001:0005921c       _compress_data             0045a21c f   lib:jccoefct.obj
 0001:00059403       _compress_first_pass       0045a403 f   lib:jccoefct.obj
 0001:000595e9       _compress_output           0045a5e9 f   lib:jccoefct.obj
 0001:0005909f       _calc_output_dimensions    0045a09f f   lib:jdlossls.obj
 0001:000590b0       _start_input_pass          0045a0b0 f   lib:jdlossls.obj
 0001:00058dde       _calc_output_dimensions    00459dde f   lib:jdlossy.obj
 0001:00058f51       _start_input_pass          00459f51 f   lib:jdlossy.obj
 0001:00058f71       _latch_quant_tables        00459f71 f   lib:jdlossy.obj
 0001:00059009       _start_output_pass         0045a009 f   lib:jdlossy.obj
 0001:00058d2d       _start_pass                00459d2d f   lib:jclossls.obj
 0001:00058c99       _start_pass                00459c99 f   lib:jclossy.obj
 0001:000581ee       _initial_setup             004591ee f   lib:jcmaster.obj
 0001:000583a1       _validate_script           004593a1 f   lib:jcmaster.obj
 0001:00058779       _prepare_for_pass          00459779 f   lib:jcmaster.obj
 0001:000588f1       _select_scan_parameters    004598f1 f   lib:jcmaster.obj
 0001:000589f2       _per_scan_setup            004599f2 f   lib:jcmaster.obj
 0001:00058b9d       _pass_startup              00459b9d f   lib:jcmaster.obj
 0001:00058bc4       _finish_pass_master        00459bc4 f   lib:jcmaster.obj
 0001:00057cda       _rgb_ycc_start             00458cda f   lib:jccolor.obj
 0001:00057d9e       _rgb_ycc_convert           00458d9e f   lib:jccolor.obj
 0001:00057e9d       _rgb_gray_convert          00458e9d f   lib:jccolor.obj
 0001:00057f22       _cmyk_ycck_convert         00458f22 f   lib:jccolor.obj
 0001:0005805a       _grayscale_convert         0045905a f   lib:jccolor.obj
 0001:000580b4       _null_convert              004590b4 f   lib:jccolor.obj
 0001:0002c0fb       _null_method               0042d0fb f   images.obj
 0001:0002c0fb       _start_pass_downsample     0042d0fb f   images.obj
 0001:00057426       _sep_downsample            00458426 f   lib:jcsample.obj
 0001:0005749b       _int_downsample            0045849b f   lib:jcsample.obj
 0001:00057593       _expand_right_edge         00458593 f   lib:jcsample.obj
 0001:000575e8       _fullsize_downsample       004585e8 f   lib:jcsample.obj
 0001:0005762c       _h2v1_downsample           0045862c f   lib:jcsample.obj
 0001:000576c0       _h2v2_downsample           004586c0 f   lib:jcsample.obj
 0001:0005776d       _h2v2_smooth_downsample    0045876d f   lib:jcsample.obj
 0001:000579e5       _fullsize_smooth_downsample 004589e5 f   lib:jcsample.obj
 0001:00056e22       _start_pass_prep           00457e22 f   lib:jcprepct.obj
 0001:00056e60       _pre_process_data          00457e60 f   lib:jcprepct.obj
 0001:0005700e       _pre_process_context       0045800e f   lib:jcprepct.obj
 0001:000571c7       _create_context_buffer     004581c7 f   lib:jcprepct.obj
 0001:00056c9a       _start_pass_main           00457c9a f   lib:jcmainct.obj
 0001:00056cdc       _process_data_simple_main  00457cdc f   lib:jcmainct.obj
 0001:00056270       _create_colormap           00457270 f   lib:jquant1.obj
 0001:000563a2       _select_ncolors            004573a2 f   lib:jquant1.obj
 0001:00056479       _create_colorindex         00457479 f   lib:jquant1.obj
 0001:000565a5       _alloc_fs_workspace        004575a5 f   lib:jquant1.obj
 0001:000565e1       _start_pass_1_quant        004575e1 f   lib:jquant1.obj
 0001:000566ad       _create_odither_tables     004576ad f   lib:jquant1.obj
 0001:0005670c       _make_odither_array        0045770c f   lib:jquant1.obj
 0001:0005676f       _color_quantize            0045776f f   lib:jquant1.obj
 0001:000567fa       _color_quantize3           004577fa f   lib:jquant1.obj
 0001:00056888       _quantize_ord_dither       00457888 f   lib:jquant1.obj
 0001:00056973       _quantize3_ord_dither      00457973 f   lib:jquant1.obj
 0001:00056a73       _quantize_fs_dither        00457a73 f   lib:jquant1.obj
 0001:0002c0fb       _finish_pass_1_quant       0042d0fb f   images.obj
 0001:00056bf7       _new_color_map_1_quant     00457bf7 f   lib:jquant1.obj
 0001:00055231       _init_error_limit          00456231 f   lib:jquant2.obj
 0001:000552d0       _start_pass_2_quant        004562d0 f   lib:jquant2.obj
 0001:000553d2       _prescan_quantize          004563d2 f   lib:jquant2.obj
 0001:00055441       _pass2_no_dither           00456441 f   lib:jquant2.obj
 0001:000554ee       _fill_inverse_cmap         004564ee f   lib:jquant2.obj
 0001:000555b9       _find_nearby_colors        004565b9 f   lib:jquant2.obj
 0001:0005575d       _find_best_colors          0045675d f   lib:jquant2.obj
 0001:00055877       _pass2_fs_dither           00456877 f   lib:jquant2.obj
 0001:00055ae6       _finish_pass1              00456ae6 f   lib:jquant2.obj
 0001:00055b08       _select_colors             00456b08 f   lib:jquant2.obj
 0001:00055b94       _update_box                00456b94 f   lib:jquant2.obj
 0001:00055f2e       _median_cut                00456f2e f   lib:jquant2.obj
 0001:00056042       _find_biggest_color_pop    00457042 f   lib:jquant2.obj
 0001:00056071       _find_biggest_volume       00457071 f   lib:jquant2.obj
 0001:0005609a       _compute_color             0045709a f   lib:jquant2.obj
 0001:0002c0fb       _finish_pass2              0042d0fb f   images.obj
 0001:000561d6       _new_color_map_2_quant     004571d6 f   lib:jquant2.obj
 0001:00054c48       _build_ycc_rgb_table       00455c48 f   lib:jdmerge.obj
 0001:00054cf8       _start_pass_merged_upsample 00455cf8 f   lib:jdmerge.obj
 0001:00054d0d       _merged_2v_upsample        00455d0d f   lib:jdmerge.obj
 0001:00054db4       _merged_1v_upsample        00455db4 f   lib:jdmerge.obj
 0001:00054de5       _h2v1_merged_upsample      00455de5 f   lib:jdmerge.obj
 0001:00054f3b       _h2v2_merged_upsample      00455f3b f   lib:jdmerge.obj
 0001:000547ec       _build_ycc_rgb_table       004557ec f   lib:jdcolor.obj
 0001:0005489c       _ycc_rgb_convert           0045589c f   lib:jdcolor.obj
 0001:000549aa       _null_convert              004559aa f   lib:jdcolor.obj
 0001:00054a22       _grayscale_convert         00455a22 f   lib:jdcolor.obj
 0001:00054a45       _gray_rgb_convert          00455a45 f   lib:jdcolor.obj
 0001:00054a9e       _ycck_cmyk_convert         00455a9e f   lib:jdcolor.obj
 0001:0002c0fb       _start_pass_dcolor         0042d0fb f   images.obj
 0001:0005424d       _start_pass_upsample       0045524d f   lib:jdsample.obj
 0001:00054267       _sep_upsample              00455267 f   lib:jdsample.obj
 0001:00054334       _fullsize_upsample         00455334 f   lib:jdsample.obj
 0001:0005433f       _noop_upsample             0045533f f   lib:jdsample.obj
 0001:00054347       _int_upsample              00455347 f   lib:jdsample.obj
 0001:00054431       _h2v1_upsample             00455431 f   lib:jdsample.obj
 0001:00054488       _h2v2_upsample             00455488 f   lib:jdsample.obj
 0001:000544fa       _h2v1_fancy_upsample       004554fa f   lib:jdsample.obj
 0001:0005459d       _h2v2_fancy_upsample       0045559d f   lib:jdsample.obj
 0001:00053e56       _start_pass_dpost          00454e56 f   lib:jdpostct.obj
 0001:00053efc       _post_process_1pass        00454efc f   lib:jdpostct.obj
 0001:00053f61       _post_process_prepass      00454f61 f   lib:jdpostct.obj
 0001:00053ff2       _post_process_2pass        00454ff2 f   lib:jdpostct.obj
 0001:0005385d       _alloc_funny_pointers      0045485d f   lib:jdmainct.obj
 0001:0005390a       _start_pass_main           0045490a f   lib:jdmainct.obj
 0001:00053972       _make_funny_pointers       00454972 f   lib:jdmainct.obj
 0001:00053ab2       _process_data_simple_main  00454ab2 f   lib:jdmainct.obj
 0001:00053b1a       _process_data_context_main 00454b1a f   lib:jdmainct.obj
 0001:00053c2c       _set_wraparound_pointers   00454c2c f   lib:jdmainct.obj
 0001:00053d16       _set_bottom_pointers       00454d16 f   lib:jdmainct.obj
 0001:00053db0       _process_data_crank_post   00454db0 f   lib:jdmainct.obj
 0001:000525b5       _write_marker_header       004535b5 f   lib:jcmarker.obj
 0001:0005260b       _emit_byte                 0045360b f   lib:jcmarker.obj
 0001:0005263c       _write_marker_byte         0045363c f   lib:jcmarker.obj
 0001:0005264c       _write_file_header         0045364c f   lib:jcmarker.obj
 0001:00052698       _emit_jfif_app0            00453698 f   lib:jcmarker.obj
 0001:0005276b       _emit_adobe_app14          0045376b f   lib:jcmarker.obj
 0001:00052811       _write_frame_header        00453811 f   lib:jcmarker.obj
 0001:000528f0       _emit_dqt                  004538f0 f   lib:jcmarker.obj
 0001:000529df       _emit_sof                  004539df f   lib:jcmarker.obj
 0001:00052abb       _write_scan_header         00453abb f   lib:jcmarker.obj
 0001:00052b7b       _emit_dht                  00453b7b f   lib:jcmarker.obj
 0001:00052c54       _emit_dri                  00453c54 f   lib:jcmarker.obj
 0001:00052ca3       _emit_sos                  00453ca3 f   lib:jcmarker.obj
 0001:00052d91       _write_file_trailer        00453d91 f   lib:jcmarker.obj
 0001:00052db1       _write_tables_only         00453db1 f   lib:jcmarker.obj
 0001:0005210a       _use_merged_upsample       0045310a f   lib:jdmaster.obj
 0001:000521b0       _master_selection          004531b0 f   lib:jdmaster.obj
 0001:0005230d       _prepare_range_limit_table 0045330d f   lib:jdmaster.obj
 0001:00052393       _prepare_for_output_pass   00453393 f   lib:jdmaster.obj
 0001:000524b4       _finish_output_pass        004534b4 f   lib:jdmaster.obj
 0001:00051581       _alloc_small               00452581 f   lib:jmemmgr.obj
 0001:0005169f       _alloc_large               0045269f f   lib:jmemmgr.obj
 0001:00051750       _alloc_sarray              00452750 f   lib:jmemmgr.obj
 0001:000517e8       _alloc_barray              004527e8 f   lib:jmemmgr.obj
 0001:0005188c       _alloc_darray              0045288c f   lib:jmemmgr.obj
 0001:00051937       _request_virt_sarray       00452937 f   lib:jmemmgr.obj
 0001:00051998       _request_virt_barray       00452998 f   lib:jmemmgr.obj
 0001:000519f9       _realize_virt_arrays       004529f9 f   lib:jmemmgr.obj
 0001:00051b7c       _access_virt_sarray        00452b7c f   lib:jmemmgr.obj
 0001:00051c9c       _do_sarray_io              00452c9c f   lib:jmemmgr.obj
 0001:00051d2c       _access_virt_barray        00452d2c f   lib:jmemmgr.obj
 0001:00051e51       _do_barray_io              00452e51 f   lib:jmemmgr.obj
 0001:00051ee2       _free_pool                 00452ee2 f   lib:jmemmgr.obj
 0001:00051fc9       _self_destruct             00452fc9 f   lib:jmemmgr.obj
 0001:0005101b       _start_input_pass          0045201b f   lib:jdinput.obj
 0001:00051049       _per_scan_setup            00452049 f   lib:jdinput.obj
 0001:000511cf       _finish_input_pass         004521cf f   lib:jdinput.obj
 0001:000511e0       _consume_markers           004521e0 f   lib:jdinput.obj
 0001:0005127c       _initial_setup             0045227c f   lib:jdinput.obj
 0001:00051486       _reset_input_controller    00452486 f   lib:jdinput.obj
 0001:00050dd4       _fixedtables               00451dd4 f   lib:inflate.obj
 0001:00050ebe       _updatewindow              00451ebe f   lib:inflate.obj
 0001:0004f806       _make_crc_table            00450806 f   lib:crc32.obj
 0001:0004f953       _crc32_little              00450953 f   lib:crc32.obj
 0001:0004f742       _init_destination          00450742 f   lib:jdatadst.obj
 0001:0004f768       _empty_output_buffer       00450768 f   lib:jdatadst.obj
 0001:0004f7aa       _term_destination          004507aa f   lib:jdatadst.obj
 0001:0004f2c9       _std_huff_tables           004502c9 f   lib:jcparam.obj
 0001:0004f323       _add_huff_table            00450323 f   lib:jcparam.obj
 0001:0004d821       _next_marker               0044e821 f   lib:jdmarker.obj
 0001:0004d95b       _get_interesting_appn      0044e95b f   lib:jdmarker.obj
 0001:0004da86       _examine_app0              0044ea86 f   lib:jdmarker.obj
 0001:0004dc94       _examine_app14             0044ec94 f   lib:jdmarker.obj
 0001:0004dd55       _skip_variable             0044ed55 f   lib:jdmarker.obj
 0001:0004ddf8       _read_markers              0044edf8 f   lib:jdmarker.obj
 0001:0004e000       _get_soi                   0044f000 f   lib:jdmarker.obj
 0001:0004e0ab       _get_sof                   0044f0ab f   lib:jdmarker.obj
 0001:0004e3b4       _get_sos                   0044f3b4 f   lib:jdmarker.obj
 0001:0004e6a2       _get_dht                   0044f6a2 f   lib:jdmarker.obj
 0001:0004e943       _get_dqt                   0044f943 f   lib:jdmarker.obj
 0001:0004eb9f       _get_dri                   0044fb9f f   lib:jdmarker.obj
 0001:0004ec7e       _first_marker              0044fc7e f   lib:jdmarker.obj
 0001:0004ed1a       _read_restart_marker       0044fd1a f   lib:jdmarker.obj
 0001:0004ed98       _reset_marker_reader       0044fd98 f   lib:jdmarker.obj
 0001:0004d605       _output_pass_setup         0044e605 f   lib:jdapistd.obj
 0001:0004d2f8       _default_decompress_parms  0044e2f8 f   lib:jdapimin.obj

 182 bytes saved through ICF

