 quake2

 Timestamp is 422758fb (Thu Mar 03 21:35:39 2005)

 Preferred load address is 00400000

 Start         Length     Name                   Class
 0001:00000000 0005f0c0H .text                   CODE
 0002:00000000 00000278H .idata$5                DATA
 0002:00000278 00005334H .rdata                  DATA
 0002:000055b0 00000044H .rdata$r                DATA
 0002:000055f8 00000038H .xdata$x                DATA
 0002:00005630 00000078H .idata$2                DATA
 0002:000056a8 00000014H .idata$3                DATA
 0002:000056bc 00000278H .idata$4                DATA
 0002:00005934 000007fcH .idata$6                DATA
 0002:00006130 00000000H .edata                  DATA
 0003:00000000 00000004H .CRT$XCA                DATA
 0003:00000004 00000024H .CRT$XCU                DATA
 0003:00000028 00000004H .CRT$XCZ                DATA
 0003:0000002c 00000004H .CRT$XIA                DATA
 0003:00000030 00000004H .CRT$XIZ                DATA
 0003:00000040 0000d6bcH .data                   DATA
 0003:0000d700 0031c2b4H .bss                    DATA
 0004:00000000 00000130H .rsrc$01                DATA
 0004:00000130 00003f20H .rsrc$02                DATA

  Address         Publics by Value              Rva+Base     Lib:Object

 0001:00000000       ??3@YAXPAX@Z               00401000 f i CoreMain.obj
 0001:0000000b       ?appInit@@YAXXZ            0040100b f   CoreMain.obj
 0001:0000006e       ?appExit@@YAXXZ            0040106e f   CoreMain.obj
 0001:00000073       ?appLoadDebugSymbols@@YAXXZ 00401073 f   DbgSymbols.obj
 0001:00000276       ?appSymbolName@@YA_NIPADH@Z 00401276 f   DbgSymbols.obj
 0001:00000362       ?appSymbolName@@YAPBDI@Z   00401362 f   DbgSymbols.obj
 0001:00000394       ?appMalloc@@YAPAXIH@Z      00401394 f   Memory.obj
 0001:00000442       ?appFree@@YAXPAX@Z         00401442 f   Memory.obj
 0001:00000470       ?Unlink@FMemHeader@@QAEXXZ 00401470 f i Memory.obj
 0001:0000049b       ?Link@CMemoryChain@@AAEXXZ 0040149b f   Memory.obj
 0001:000004ba       ?Unlink@CMemoryChain@@AAEXXZ 004014ba f   Memory.obj
 0001:000004e5       ??2CMemoryChain@@SAPAXIH@Z 004014e5 f   Memory.obj
 0001:00000557       ??3CMemoryChain@@SAXPAX@Z  00401557 f   Memory.obj
 0001:0000058a       ?Alloc@CMemoryChain@@QAEPAXIH@Z 0040158a f   Memory.obj
 0001:000005f4       ?appInitMemory@@YAXXZ      004015f4 f   Memory.obj
 0001:00000b2d       ?Write@COutputDeviceNull@@UAEXPBD@Z 00401b2d f i OutputDevice.obj
 0001:00000b30       ?appWPrintf@@YAXPBDZZ      00401b30 f   OutputDevice.obj
 0001:00000b81       ?appFatalError@@YAXPBDZZ   00401b81 f   ErrorMgr.obj
 0001:00000bbb       ?appNonFatalError@@YAXPBDZZ 00401bbb f   ErrorMgr.obj
 0001:00000c19       ?appUnwindPrefix@@YAXPBD@Z 00401c19 f   ErrorMgr.obj
 0001:00000c70       ?appUnwindThrow@@YAXPBDZZ  00401c70 f   ErrorMgr.obj
 0001:00000cf7       ?Reset@CErrorHandler@@QAEXXZ 00401cf7 f   ErrorMgr.obj
 0001:00000d21       ?appInitError@@YAXXZ       00401d21 f   ErrorMgr.obj
 0001:00000ddf       ?appStricmp@@YAHPBD0@Z     00401ddf f   Strings.obj
 0001:00000e14       ?toLower@@YADD@Z           00401e14 f i Strings.obj
 0001:00000e2b       ?appStrcpy@@YAXPADPBD@Z    00401e2b f   Strings.obj
 0001:00000e3e       ?appStrncpylwr@@YAXPADPBDH@Z 00401e3e f   Strings.obj
 0001:00000e76       ?appStrncpyz@@YAXPADPBDH@Z 00401e76 f   Strings.obj
 0001:00000ea3       ?appStrcatn@@YAXPADHPBD@Z  00401ea3 f   Strings.obj
 0001:00000ece       ?appCopyFilename@@YAXPADPBDH@Z 00401ece f   Strings.obj
 0001:00000f6a       ?appCStrlen@@YAHPBD@Z      00401f6a f   Strings.obj
 0001:00000f8f       ?appUncolorizeString@@YAXPADPBD@Z 00401f8f f   Strings.obj
 0001:00000fbf       ?va@@YAPBDPBDZZ            00401fbf f   Strings.obj
 0001:0000105b       ?appSprintf@@YAHPADHPBDZZ  0040205b f   Strings.obj
 0001:000010a6       ?appMatchWildcard@@YA_NPBD0_N@Z 004020a6 f   Strings.obj
 0001:00001226       ?CopyString@@YAPADPBD@Z    00402226 f   Strings.obj
 0001:00001266       ?CopyString@@YAPADPBDPAVCMemoryChain@@@Z 00402266 f   Strings.obj
 0001:0000129a       ??2CStringItem@@SAPAXIPBD@Z 0040229a f   Strings.obj
 0001:000012e3       ??2CStringItem@@SAPAXIPBDPAVCMemoryChain@@@Z 004022e3 f   Strings.obj
 0001:00001320       ?Find@CStringList@@IAEPAVCStringItem@@PBDPAPAV2@@Z 00402320 f   Strings.obj
 0001:00001363       ?Find@CStringList@@IAEPAVCStringItem@@H@Z 00402363 f   Strings.obj
 0001:0000137c       ?IndexOf@CStringList@@QAEHPBD@Z 0040237c f   Strings.obj
 0001:000013a9       ?Remove@CStringList@@QAE_NPAVCStringItem@@@Z 004023a9 f   Strings.obj
 0001:000013d5       ?Free@CStringList@@QAEXXZ  004023d5 f   Strings.obj
 0001:000013ee       ?appMillisecondsf@@YANXZ   004023ee f   CoreWin32.obj
 0001:00001427       ?appMilliseconds@@YAIXZ    00402427 f   CoreWin32.obj
 0001:0000145c       ?appInitPlatform@@YAXXZ    0040245c f   CoreWin32.obj
 0001:0000175a       ?appShutdownPlatform@@YAXXZ 0040275a f   CoreWin32.obj
 0001:00001763       ?osAddressInfo@@YA_NIPADHPAH@Z 00402763 f   DbgSymbolsWin32.obj
 0001:000017f7       ?osModuleInfo@@YA_NIPADHPAH@Z 004027f7 f   DbgSymbolsWin32.obj
 0001:0000199f       ?win32ExceptFilter@@YAHPAU_EXCEPTION_POINTERS@@@Z 0040299f f   ExceptFilterWin32.obj
 0001:00001ed8       ?win32ExceptFilter2@@YAHXZ 00402ed8 f   ExceptFilterWin32.obj
 0001:00001ee4       ?SCR_StopCinematic@@YAXXZ  00402ee4 f   cl_cin.obj
 0001:00001f78       ?SCR_DrawCinematic@@YA_NXZ 00402f78 f   cl_cin.obj
 0001:000023db       ?SCR_PlayCinematic@@YAXPAD@Z 004033db f   cl_cin.obj
 0001:0000273c       ?CL_Download_f@@YAX_NHPAPAD@Z 0040373c f   cl_download.obj
 0001:00002aed       ?CL_ParseDownload@@YAXXZ   00403aed f   cl_download.obj
 0001:000032fa       ?CL_Precache_f@@YAXHPAPAD@Z 004042fa f   cl_download.obj
 0001:00003358       ?CL_ParseDelta@@YAXPAUentityState_t@@0HI_N@Z 00404358 f   cl_ents.obj
 0001:00003571       ?CL_ParsePacketEntities@@YAXPAUframe_t@@0@Z 00404571 f   cl_ents.obj
 0001:000038dc       ?CL_FireEntityEvents@@YAXPAUframe_t@@@Z 004048dc f   cl_ents.obj
 0001:0000392e       ?CL_ParseFrame@@YAXXZ      0040492e f   cl_ents.obj
 0001:00003c20       ?CL_AddEntityBox@@YAXPAUentityState_t@@I@Z 00404c20 f   cl_ents.obj
 0001:00003d05       ?CL_OffsetThirdPersonView@@YAXXZ 00404d05 f   cl_ents.obj
 0001:00003dbf       ?CL_CalcViewValues@@YAXXZ  00404dbf f   cl_ents.obj
 0001:000040c8       ?CL_AddEntities@@YAXXZ     004050c8 f   cl_ents.obj
 0001:00004e51       ?CL_GetEntitySoundOrigin@@YAXHQAM@Z 00405e51 f   cl_ents.obj
 0001:00004e89       ?CL_ClearLightStyles@@YAXXZ 00405e89 f   cl_fx.obj
 0001:00004f0b       ?CL_RunLightStyles@@YAXXZ  00405f0b f   cl_fx.obj
 0001:00004faa       ?CL_SetLightstyle@@YAXHPBD@Z 00405faa f   cl_fx.obj
 0001:0000500b       ?CL_ClearDlights@@YAXXZ    0040600b f   cl_fx.obj
 0001:0000501c       ?CL_AllocDlight@@YAPAUcdlight_t@@HQAM@Z 0040601c f   cl_fx.obj
 0001:00005085       ?CL_AddDLights@@YAXXZ      00406085 f   cl_fx.obj
 0001:000050e5       ?CL_ClearParticles@@YAXXZ  004060e5 f   cl_fx.obj
 0001:0000514c       ?CL_AllocParticleTrace@@YAPAUparticleTrace_t@@QAM0MM@Z 0040614c f   cl_fx.obj
 0001:000051ec       ?CL_AllocParticleBeam@@YAPAUbeam_s@@QAM0MM@Z 004061ec f   cl_fx.obj
 0001:0000525f       ?CL_AllocParticle@@YAPAUparticle_s@@XZ 0040625f f   cl_fx.obj
 0001:000052ad       ?CL_UpdateParticles@@YAXXZ 004062ad f   cl_fx.obj
 0001:0000589f       ?CL_MetalSparks@@YAXQAM0H@Z 0040689f f   cl_fx.obj
 0001:0000598c       ?CL_ParseMuzzleFlash@@YAXXZ 0040698c f   cl_fx.obj
 0001:00005d22       ?CL_ParseMuzzleFlash2@@YAXXZ 00406d22 f   cl_fx.obj
 0001:00006365       ?CL_ParticleEffect@@YAXQAM0HH@Z 00407365 f   cl_fx.obj
 0001:00006434       ?CL_ParticleEffect2@@YAXQAM0HH@Z 00407434 f   cl_fx.obj
 0001:000064ff       ?CL_ParticleEffect3@@YAXQAM0HH@Z 004074ff f   cl_fx.obj
 0001:000065cf       ?CL_TeleporterParticles@@YAXPAUentityState_t@@@Z 004075cf f   cl_fx.obj
 0001:00006686       ?CL_LogoutEffect@@YAXQAMH@Z 00407686 f   cl_fx.obj
 0001:00006771       ?CL_ItemRespawnParticles@@YAXQAM@Z 00407771 f   cl_fx.obj
 0001:00006820       ?CL_ExplosionParticles@@YAXQAM@Z 00407820 f   cl_fx.obj
 0001:000068ca       ?CL_BigTeleportParticles@@YAXQAM@Z 004078ca f   cl_fx.obj
 0001:00006a21       ?CL_BlasterParticles@@YAXQAM0@Z 00407a21 f   cl_fx.obj
 0001:00006aed       ?CL_BlasterTrail@@YAXQAM0@Z 00407aed f   cl_fx.obj
 0001:00006be0       ?CL_FlagTrail@@YAXQAM0H@Z  00407be0 f   cl_fx.obj
 0001:00006cdb       ?CL_DiminishingTrail@@YAXQAM0PAUcentity_t@@H@Z 00407cdb f   cl_fx.obj
 0001:00006f3f       ?CL_RocketTrail@@YAXQAM0PAUcentity_t@@@Z 00407f3f f   cl_fx.obj
 0001:0000706c       ?CL_RailTrail@@YAXQAM0@Z   0040806c f   cl_fx.obj
 0001:00007292       ?CL_RailTrailExt@@YAXQAM0EE@Z 00408292 f   cl_fx.obj
 0001:00007396       ?CL_IonripperTrail@@YAXQAM0@Z 00408396 f   cl_fx.obj
 0001:000074a9       ?CL_BubbleTrail@@YAXQAM0@Z 004084a9 f   cl_fx.obj
 0001:000075ba       ?CL_FlyParticles@@YAXQAMH@Z 004085ba f   cl_fx.obj
 0001:0000775a       ?CL_FlyEffect@@YAXPAUcentity_t@@QAM@Z 0040875a f   cl_fx.obj
 0001:000077c2       ?CL_BfgParticles@@YAXPAUentity_t@@@Z 004087c2 f   cl_fx.obj
 0001:0000799d       ?CL_TrapParticles@@YAXPAUentity_t@@@Z 0040899d f   cl_fx.obj
 0001:00007c20       ?CL_BFGExplosionParticles@@YAXQAM@Z 00408c20 f   cl_fx.obj
 0001:00007cca       ?CL_TeleportParticles@@YAXQAM@Z 00408cca f   cl_fx.obj
 0001:00007e03       ?CL_EntityEvent@@YAXPAUentityState_t@@@Z 00408e03 f   cl_fx.obj
 0001:00007fde       ?CL_ClearEffects@@YAXXZ    00408fde f   cl_fx.obj
 0001:00007fed       ?IN_CenterView@@YAXXZ      00408fed f   cl_input.obj
 0001:0000800e       ?CL_InitInput@@YAXXZ       0040900e f   cl_input.obj
 0001:000085aa       ?CL_SendCmd@@YAXXZ         004095aa f   cl_input.obj
 0001:00008ca5       ?CL_WriteDemoMessage@@YAXXZ 00409ca5 f   cl_main.obj
 0001:00008ce7       ?Cmd_ForwardToServer@@YAXHPAPAD@Z 00409ce7 f   cl_main.obj
 0001:00008d7a       ?CL_ForwardToServer_f@@YAXHPAPAD@Z 00409d7a f   cl_main.obj
 0001:00008dc2       ?CL_Pause@@YAX_N@Z         00409dc2 f   cl_main.obj
 0001:00008e04       ?CL_Quit_f@@YAXXZ          00409e04 f   cl_main.obj
 0001:00008e0e       ?CL_Drop@@YAX_N@Z          00409e0e f   cl_main.obj
 0001:00008e31       ?CL_SendConnectPacket@@YAXXZ 00409e31 f   cl_main.obj
 0001:00008f08       ?CL_CheckForResend@@YAXXZ  00409f08 f   cl_main.obj
 0001:0000900d       ?CL_Connect_f@@YAX_NHPAPAD@Z 0040a00d f   cl_main.obj
 0001:00009090       ?CL_Rcon_f@@YAXHPAPAD@Z    0040a090 f   cl_main.obj
 0001:00009198       ?CL_Disconnect@@YAXXZ      0040a198 f   cl_main.obj
 0001:00009348       ?CL_Disconnect_f@@YAXXZ    0040a348 f   cl_main.obj
 0001:00009352       ?CL_Changing_f@@YAXXZ      0040a352 f   cl_main.obj
 0001:00009376       ?CL_Reconnect_f@@YAXXZ     0040a376 f   cl_main.obj
 0001:00009412       ?CL_PingServers_f@@YAXXZ   0040a412 f   cl_main.obj
 0001:0000957d       ?CL_Skins_f@@YAXXZ         0040a57d f   cl_main.obj
 0001:00009850       ?CL_ConnectionlessPacket@@YAXXZ 0040a850 f   cl_main.obj
 0001:0000994f       ?CL_ReadPackets@@YAXXZ     0040a94f f   cl_main.obj
 0001:00009a94       ?CL_FixUpGender@@YAXXZ     0040aa94 f   cl_main.obj
 0001:00009b46       ?CL_Userinfo_f@@YAXXZ      0040ab46 f   cl_main.obj
 0001:00009b5e       ?CL_RegisterSounds@@YAXXZ  0040ab5e f   cl_main.obj
 0001:00009b9d       ?CL_Snd_Restart_f@@YAXXZ   0040ab9d f   cl_main.obj
 0001:00009bac       ?CL_WriteConfiguration@@YAXPAD@Z 0040abac f   cl_main.obj
 0001:00009c67       ?CL_WriteConfig_f@@YAX_NHPAPAD@Z 0040ac67 f   cl_main.obj
 0001:00009cc6       ?CL_FixCvarCheats@@YAXXZ   0040acc6 f   cl_main.obj
 0001:00009d20       ?CL_Frame@@YAXMM@Z         0040ad20 f   cl_main.obj
 0001:00009f08       ?CL_ClearState@@YAXXZ      0040af08 f   cl_main.obj
 0001:00009f40       ?CL_Init@@YAXXZ            0040af40 f   cl_main.obj
 0001:0000a42d       ?CL_Shutdown@@YAX_N@Z      0040b42d f   cl_main.obj
 0001:0000a482       ?CL_Flashlight@@YAXHQAM@Z  0040b482 f   cl_newfx.obj
 0001:0000a4bc       ?CL_ColorFlash@@YAXQAMHHMMM@Z 0040b4bc f   cl_newfx.obj
 0001:0000a4f8       ?CL_DebugTrail@@YAXQAM0@Z  0040b4f8 f   cl_newfx.obj
 0001:0000a5d8       ?CL_ForceWall@@YAXQAM0H@Z  0040b5d8 f   cl_newfx.obj
 0001:0000a6ff       ?CL_BubbleTrail2@@YAXQAM0H@Z 0040b6ff f   cl_newfx.obj
 0001:0000a827       ?CL_Heatbeam@@YAXQAM0@Z    0040b827 f   cl_newfx.obj
 0001:0000aaba       ?CL_ParticleSteamEffect@@YAXQAM0HHH@Z 0040baba f   cl_newfx.obj
 0001:0000abe4       ?CL_ParticleSteamEffect2@@YAXPAUcl_sustain_s@@@Z 0040bbe4 f   cl_newfx.obj
 0001:0000ad1b       ?CL_TrackerTrail@@YAXQAM0H@Z 0040bd1b f   cl_newfx.obj
 0001:0000ae6b       ?CL_Tracker_Shell@@YAXQAM@Z 0040be6b f   cl_newfx.obj
 0001:0000aef4       ?CL_MonsterPlasma_Shell@@YAXQAM@Z 0040bef4 f   cl_newfx.obj
 0001:0000af7a       ?CL_Widowbeamout@@YAXPAUcl_sustain_s@@@Z 0040bf7a f   cl_newfx.obj
 0001:0000b036       ?CL_Nukeblast@@YAXPAUcl_sustain_s@@@Z 0040c036 f   cl_newfx.obj
 0001:0000b0f2       ?CL_WidowSplash@@YAXQAM@Z  0040c0f2 f   cl_newfx.obj
 0001:0000b1ba       ?CL_TagTrail@@YAXQAM0H@Z   0040c1ba f   cl_newfx.obj
 0001:0000b2b5       ?CL_ColorExplosionParticles@@YAXQAMHH@Z 0040c2b5 f   cl_newfx.obj
 0001:0000b362       ?CL_ParticleSmokeEffect@@YAXQAM0HHH@Z 0040c362 f   cl_newfx.obj
 0001:0000b48a       ?CL_BlasterParticles2@@YAXQAM0I@Z 0040c48a f   cl_newfx.obj
 0001:0000b557       ?CL_BlasterTrail2@@YAXQAM0@Z 0040c557 f   cl_newfx.obj
 0001:0000b64a       ?CL_LoadClientinfo@@YAXPAUclientinfo_t@@PAD@Z 0040c64a f   cl_parse.obj
 0001:0000b931       ?CL_ParseClientinfo@@YAXH@Z 0040c931 f   cl_parse.obj
 0001:0000b955       ?CL_ParseServerMessage@@YAXXZ 0040c955 f   cl_parse.obj
 0001:0000c11c       ?CL_CheckPredictionError@@YAXXZ 0040d11c f   cl_pred.obj
 0001:0000c2bc       ?CL_EntityTrace@@YAXPAUtrace_t@@QAM111H@Z 0040d2bc f   cl_pred.obj
 0001:0000c677       ?CL_Trace@@YAXPAUtrace_t@@QAM111H@Z 0040d677 f   cl_pred.obj
 0001:0000c6f9       ?CL_PMpointcontents@@YAHQAM@Z 0040d6f9 f   cl_pred.obj
 0001:0000c884       ?CL_PredictMovement@@YAXXZ 0040d884 f   cl_pred.obj
 0001:0000cc26       ?DrawString@@YAXHHPBD@Z    0040dc26 f   cl_scrn.obj
 0001:0000cc6b       ?SCR_DebugGraph@@YAXMH@Z   0040dc6b f   cl_scrn.obj
 0001:0000cc93       ?SCR_CenterPrint@@YAXPAD@Z 0040dc93 f   cl_scrn.obj
 0001:0000cd97       ?Key_Message@@YAXH@Z       0040dd97 f   cl_scrn.obj
 0001:0000ce33       ?SCR_SetLevelshot@@YAXPBD@Z 0040de33 f   cl_scrn.obj
 0001:0000cf17       ?SCR_BeginLoadingPlaque@@YAXXZ 0040df17 f   cl_scrn.obj
 0001:0000cf9c       ?SCR_EndLoadingPlaque@@YAX_N@Z 0040df9c f   cl_scrn.obj
 0001:0000d021       ?SCR_ShowConsole@@YAX_N0@Z 0040e021 f   cl_scrn.obj
 0001:0000d0fa       ?SCR_ToggleConsole@@YAXXZ  0040e0fa f   cl_scrn.obj
 0001:0000d122       ?SCR_TouchPics@@YAXXZ      0040e122 f   cl_scrn.obj
 0001:0000d192       ?SCR_UpdateScreen@@YAXXZ   0040e192 f   cl_scrn.obj
 0001:0000e4e9       ?SCR_Init@@YAXXZ           0040f4e9 f   cl_scrn.obj
 0001:0000e7cd       ?CL_RegisterTEntSounds@@YAXXZ 0040f7cd f   cl_tent.obj
 0001:0000ea12       ?CL_RegisterTEntModels@@YAXXZ 0040fa12 f   cl_tent.obj
 0001:0000eb4a       ?CL_ClearTEnts@@YAXXZ      0040fb4a f   cl_tent.obj
 0001:0000eb7e       ?CL_AllocExplosion@@YAPAUexplosion_t@@QAMW4exptype_t@@@Z 0040fb7e f   cl_tent.obj
 0001:0000ec1a       ?CL_AddExplosions@@YAXXZ   0040fc1a f   cl_tent.obj
 0001:0000edb4       ?CL_SmokeAndFlash@@YAXQAM@Z 0040fdb4 f   cl_tent.obj
 0001:0000edfc       ?CL_ParseBeam@@YAHPAUmodel_s@@@Z 0040fdfc f   cl_tent.obj
 0001:0000eedb       ?CL_ParseBeam2@@YAHPAUmodel_s@@@Z 0040fedb f   cl_tent.obj
 0001:0000efb2       ?CL_ParsePlayerBeam@@YAHPAUmodel_s@@@Z 0040ffb2 f   cl_tent.obj
 0001:0000f0c0       ?CL_ParseLightning@@YAHPAUmodel_s@@@Z 004100c0 f   cl_tent.obj
 0001:0000f18c       ?CL_ParseLaser@@YAXI@Z     0041018c f   cl_tent.obj
 0001:0000f208       ?CL_ParseSteam@@YAXXZ      00410208 f   cl_tent.obj
 0001:0000f319       ?CL_ParseWidow@@YAXXZ      00410319 f   cl_tent.obj
 0001:0000f385       ?CL_ParseNuke@@YAXXZ       00410385 f   cl_tent.obj
 0001:0000f3ef       ?CL_ParseTEnt@@YAXXZ       004103ef f   cl_tent.obj
 0001:0001020a       ?CL_AddBeams@@YAXXZ        0041120a f   cl_tent.obj
 0001:00010546       ?CL_AddPlayerBeams@@YAXXZ  00411546 f   cl_tent.obj
 0001:00010c36       ?CL_ProcessSustain@@YAXXZ  00411c36 f   cl_tent.obj
 0001:00010c77       ?CL_AddTEnts@@YAXXZ        00411c77 f   cl_tent.obj
 0001:00010c8b       ?V_AddEntity@@YAXPAUentity_t@@@Z 00411c8b f   cl_view.obj
 0001:00010cba       ?V_AddLight@@YAXQAMMMMM@Z  00411cba f   cl_view.obj
 0001:00010cff       ?V_TestParticles@@YAXXZ    00411cff f   cl_view.obj
 0001:00010dbd       ?V_TestEntities@@YAXXZ     00411dbd f   cl_view.obj
 0001:00010e53       ?V_TestLights@@YAXXZ       00411e53 f   cl_view.obj
 0001:00010f21       ?CL_PrepRefresh@@YAXXZ     00411f21 f   cl_view.obj
 0001:000111e6       ?CalcFov@@YAMMMM@Z         004121e6 f   cl_view.obj
 0001:0001125a       ?V_RenderView@@YA_NM@Z     0041225a f   cl_view.obj
 0001:00011f20       ?V_Init@@YAXXZ             00412f20 f   cl_view.obj
 0001:00011fd0       ?Con_ClearNotify@@YAXXZ    00412fd0 f   console.obj
 0001:00011fdf       ?Con_CheckResize@@YAXXZ    00412fdf f   console.obj
 0001:00012106       ?Con_Print@@YAXPBD@Z       00413106 f   console.obj
 0001:000123fe       ?Con_DrawNotify@@YAX_N@Z   004133fe f   console.obj
 0001:00012518       ?Con_DrawConsole@@YAXM@Z   00413518 f   console.obj
 0001:000128f2       ?Con_ClearTyping@@YAXXZ    004138f2 f   console.obj
 0001:0001290b       ?Key_Console@@YAXHH@Z      0041390b f   console.obj
 0001:00012d53       ?Con_Init@@YAXXZ           00413d53 f   console.obj
 0001:00012ecf       ?Key_KeynumToString@@YAPBDH@Z 00413ecf f   keys.obj
 0001:00012f7f       ?CompleteCommand@@YAXXZ    00413f7f f   keys.obj
 0001:000138da       ?Key_SetBinding@@YAXHPBD@Z 004148da f   keys.obj
 0001:00013918       ?Key_FindBinding@@YAHPBDPAHH@Z 00414918 f   keys.obj
 0001:00013966       ?Key_WriteBindings@@YAXPAU_iobuf@@@Z 00414966 f   keys.obj
 0001:000139ae       ?Key_Init@@YAXXZ           004149ae f   keys.obj
 0001:00013c92       ?Key_Event@@YAXH_NI@Z      00414c92 f   keys.obj
 0001:00013fe0       ?Key_ClearStates@@YAXXZ    00414fe0 f   keys.obj
 0001:00014017       ?M_PushMenu@@YAXP6AXXZP6APBDH@Z@Z 00415017 f   menu.obj
 0001:000140a6       ?M_ForceMenuOff@@YAXXZ     004150a6 f   menu.obj
 0001:000140cf       ?M_ForceMenuOn@@YAXXZ      004150cf f   menu.obj
 0001:000140e8       ?M_PopMenu@@YAXXZ          004150e8 f   menu.obj
 0001:00014134       ?Default_MenuKey@@YAPBDPAUmenuFramework_s@@H@Z 00415134 f   menu.obj
 0001:00014254       ?M_DrawCharacter@@YAXHHH@Z 00415254 f   menu.obj
 0001:00014286       ?M_Print@@YAXHHPAD@Z       00415286 f   menu.obj
 0001:000142cc       ?M_DrawCursor@@YAXHHH@Z    004152cc f   menu.obj
 0001:000142f1       ?M_DrawTextBox@@YAXHHHH@Z  004152f1 f   menu.obj
 0001:000143c3       ?M_Main_Draw@@YAXXZ        004153c3 f   menu.obj
 0001:00014537       ?M_Main_Key@@YAPBDH@Z      00415537 f   menu.obj
 0001:00014615       ?M_Menu_Main_f@@YAXXZ      00415615 f   menu.obj
 0001:00014636       ?M_Menu_Multiplayer_f@@YAXXZ 00415636 f   menu.obj
 0001:00014804       ?M_Menu_Keys_f@@YAXXZ      00415804 f   menu.obj
 0001:00014c5b       ?M_Menu_Options_f@@YAXXZ   00415c5b f   menu.obj
 0001:00015570       ?M_Menu_Video_f@@YAXXZ     00416570 f   menu.obj
 0001:00015591       ?M_Menu_Credits_f@@YAXXZ   00416591 f   menu.obj
 0001:0001573e       ?M_Menu_Game_f@@YAXXZ      0041673e f   menu.obj
 0001:000159aa       ?M_Menu_LoadGame_f@@YAXXZ  004169aa f   menu.obj
 0001:00015c78       ?M_Menu_SaveGame_f@@YAXXZ  00416c78 f   menu.obj
 0001:00015dd8       ?M_AddToServerList@@YAXUnetadr_t@@PAD@Z 00416dd8 f   menu.obj
 0001:00015e4b       ?M_Menu_JoinServer_f@@YAXXZ 00416e4b f   menu.obj
 0001:000160b2       ?M_Menu_StartServer_f@@YAXXZ 004170b2 f   menu.obj
 0001:000168b1       ?M_Menu_DMOptions_f@@YAXXZ 004178b1 f   menu.obj
 0001:00017051       ?M_Menu_DownloadOptions_f@@YAXXZ 00418051 f   menu.obj
 0001:000172cc       ?M_Menu_AddressBook_f@@YAXXZ 004182cc f   menu.obj
 0001:00018680       ?M_Init@@YAXXZ             00419680 f   menu.obj
 0001:0001879e       ?M_Draw@@YAXXZ             0041979e f   menu.obj
 0001:000187ef       ?M_Keydown@@YAXH@Z         004197ef f   menu.obj
 0001:0001880b       ?Insert@?$TList@VplayerModelInfo_t@@@@QAE_NPAVplayerModelInfo_t@@@Z 0041980b f i menu.obj
 0001:0001880b       ?Insert@?$TList@VCStringItem@@@@QAE_NPAVCStringItem@@@Z 0041980b f i menu.obj
 0001:00018841       ?Menu_ItemAtCursor@@YAPAUmenuCommon_s@@PAUmenuFramework_s@@@Z 00419841 f   qmenu.obj
 0001:00018891       ?Field_Key@@YA_NPAUmenuField_t@@H@Z 00419891 f   qmenu.obj
 0001:00018a3e       ?Menu_AddItem@@YAXPAUmenuFramework_s@@PAX@Z 00419a3e f   qmenu.obj
 0001:00018af9       ?Menu_AdjustCursor@@YAXPAUmenuFramework_s@@H@Z 00419af9 f   qmenu.obj
 0001:00018c44       ?Menu_Center@@YAXPAUmenuFramework_s@@@Z 00419c44 f   qmenu.obj
 0001:00018c84       ?Menu_Draw@@YAXPAUmenuFramework_s@@@Z 00419c84 f   qmenu.obj
 0001:0001919d       ?Menu_SelectItem@@YA_NPAUmenuFramework_s@@@Z 0041a19d f   qmenu.obj
 0001:000191f0       ?Menu_SetStatusBar@@YAXPAUmenuFramework_s@@PBD@Z 0041a1f0 f   qmenu.obj
 0001:000191fc       ?Menu_SlideItem@@YAXPAUmenuFramework_s@@H@Z 0041a1fc f   qmenu.obj
 0001:000196f7       ?InitRendererVars@@YAXXZ   0041a6f7 f   ref_vars.obj
 0001:00019716       ?S_SoundInfo_f@@YAXXZ      0041a716 f   snd_dma.obj
 0001:000197a0       ?S_ReadModelsSex@@YAXXZ    0041a7a0 f   snd_dma.obj
 0001:00019885       ?S_IsFemale@@YA_NPAD@Z     0041a885 f   snd_dma.obj
 0001:000198d9       ?S_Init@@YAXXZ             0041a8d9 f   snd_dma.obj
 0001:000199af       ?S_Shutdown@@YAXXZ         0041a9af f   snd_dma.obj
 0001:00019a42       ?S_BeginRegistration@@YAXXZ 0041aa42 f   snd_dma.obj
 0001:00019a50       ?S_RegisterSound@@YAPAUsfx_s@@PBD@Z 0041aa50 f   snd_dma.obj
 0001:00019be9       ?S_EndRegistration@@YAXXZ  0041abe9 f   snd_dma.obj
 0001:00019c81       ?S_PickChannel@@YAPAUchannel_t@@HH@Z 0041ac81 f   snd_dma.obj
 0001:00019d0e       ?S_SpatializeOrigin@@YAXQAMMMPAH1@Z 0041ad0e f   snd_dma.obj
 0001:00019e35       ?S_Spatialize@@YAXPAUchannel_t@@@Z 0041ae35 f   snd_dma.obj
 0001:00019ea6       ?S_AllocPlaysound@@YAPAUplaysound_s@@XZ 0041aea6 f   snd_dma.obj
 0001:00019ec8       ?S_FreePlaysound@@YAXPAUplaysound_s@@@Z 0041aec8 f   snd_dma.obj
 0001:00019ef8       ?S_IssuePlaysound@@YAXPAUplaysound_s@@@Z 0041aef8 f   snd_dma.obj
 0001:00019fc5       ?S_StartSound@@YAXQAMHHPAUsfx_s@@MMM@Z 0041afc5 f   snd_dma.obj
 0001:0001a33c       ?S_StartLocalSound@@YAXPBD@Z 0041b33c f   snd_dma.obj
 0001:0001a38b       ?S_ClearBuffer@@YAXXZ      0041b38b f   snd_dma.obj
 0001:0001a3f4       ?S_StopAllSounds_f@@YAXXZ  0041b3f4 f   snd_dma.obj
 0001:0001a464       ?S_AddLoopSounds@@YAXXZ    0041b464 f   snd_dma.obj
 0001:0001a63a       ?S_RawSamples@@YAXHHHHPAE@Z 0041b63a f   snd_dma.obj
 0001:0001a83e       ?S_Update@@YAXQAM000@Z     0041b83e f   snd_dma.obj
 0001:0001a938       ?GetSoundtime@@YAXXZ       0041b938 f   snd_dma.obj
 0001:0001a99f       ?S_Update_@@YAXXZ          0041b99f f   snd_dma.obj
 0001:0001ac52       ?ResampleSfx@@YAXPAUsfx_s@@HHPAE@Z 0041bc52 f   snd_mem.obj
 0001:0001ad6d       ?S_LoadSound@@YAPAUsfxcache_t@@PAUsfx_s@@@Z 0041bd6d f   snd_mem.obj
 0001:0001aea5       ?GetWavinfo@@YA?AUwavinfo_t@@PADPAEH@Z 0041bea5 f   snd_mem.obj
 0001:0001b0e7       ?S_WriteLinearBlastStereo16@@YAXXZ 0041c0e7 f   snd_mix.obj
 0001:0001b15b       ?S_TransferStereo16@@YAXPAKH@Z 0041c15b f   snd_mix.obj
 0001:0001b1c4       ?S_TransferPaintBuffer@@YAXH@Z 0041c1c4 f   snd_mix.obj
 0001:0001b328       ?S_PaintChannels@@YAXH@Z   0041c328 f   snd_mix.obj
 0001:0001b5c4       ?S_InitScaletable@@YAXXZ   0041c5c4 f   snd_mix.obj
 0001:0001b785       ?SV_WipeSavegame@@YAXPAD@Z 0041c785 f   sv_ccmds.obj
 0001:0001b7b3       ?SV_CopySaveGame@@YAXPAD0@Z 0041c7b3 f   sv_ccmds.obj
 0001:0001b808       ?SV_WriteLevelFile@@YAXXZ  0041c808 f   sv_ccmds.obj
 0001:0001b8b6       ?SV_ReadLevelFile@@YAXXZ   0041c8b6 f   sv_ccmds.obj
 0001:0001b964       ?SV_WriteServerFile@@YAX_NPAD@Z 0041c964 f   sv_ccmds.obj
 0001:0001bba1       ?SV_ReadServerFile@@YAXXZ  0041cba1 f   sv_ccmds.obj
 0001:0001bcc6       ?SV_AddressBanned@@YA_NPAUnetadr_t@@@Z 0041ccc6 f   sv_ccmds.obj
 0001:0001bd07       ?SV_InitOperatorCommands@@YAXXZ 0041cd07 f   sv_ccmds.obj
 0001:0001cd09       ?SV_WriteFrameToClient@@YAXPAUclient_s@@PAUsizebuf_s@@@Z 0041dd09 f   sv_ents.obj
 0001:0001cef4       ?SV_FatPVS@@YAXQAM@Z       0041def4 f   sv_ents.obj
 0001:0001d012       ?SV_BuildClientFrame@@YAXPAUclient_s@@@Z 0041e012 f   sv_ents.obj
 0001:0001d327       ?SV_RecordDemoMessage@@YAXXZ 0041e327 f   sv_ents.obj
 0001:0001de50       ?SV_InitGameLibrary@@YAX_N@Z 0041ee50 f   sv_game.obj
 0001:0001df96       ?SV_ShutdownGameLibrary@@YAXXZ 0041ef96 f   sv_game.obj
 0001:0001e0f3       ?SV_FindIndex@@YAHPADHH_N@Z 0041f0f3 f   sv_init.obj
 0001:0001e1f8       ?SV_ModelIndex@@YAHPAD@Z   0041f1f8 f   sv_init.obj
 0001:0001e20e       ?SV_SoundIndex@@YAHPAD@Z   0041f20e f   sv_init.obj
 0001:0001e227       ?SV_ImageIndex@@YAHPAD@Z   0041f227 f   sv_init.obj
 0001:0001e240       ?SV_CreateBaseline@@YAXXZ  0041f240 f   sv_init.obj
 0001:0001e29e       ?SV_CheckForSavegame@@YAXXZ 0041f29e f   sv_init.obj
 0001:0001e326       ?SV_SpawnServer@@YAXPAD0W4server_state_t@@_N2@Z 0041f326 f   sv_init.obj
 0001:0001e5f5       ?SV_InitGame@@YAXXZ        0041f5f5 f   sv_init.obj
 0001:0001e83f       ?SV_Map@@YAX_NPBD0@Z       0041f83f f   sv_init.obj
 0001:0001ea08       ?SV_DropClient@@YAXPAUclient_s@@PAD@Z 0041fa08 f   sv_main.obj
 0001:0001eab9       ?SV_StatusString@@YAPADXZ  0041fab9 f   sv_main.obj
 0001:0001f2f0       ?SV_ConnectionlessPacket@@YAXXZ 004202f0 f   sv_main.obj
 0001:0001f3bb       ?SV_CalcPings@@YAXXZ       004203bb f   sv_main.obj
 0001:0001f442       ?SV_GiveMsec@@YAXXZ        00420442 f   sv_main.obj
 0001:0001f481       ?SV_ReadPackets@@YAXXZ     00420481 f   sv_main.obj
 0001:0001f5cb       ?SV_CheckTimeouts@@YAXXZ   004205cb f   sv_main.obj
 0001:0001f6dc       ?SV_PostprocessFrame@@YAXXZ 004206dc f   sv_main.obj
 0001:0001fbb3       ?SV_MulticastHook@@YAPAUsizebuf_s@@PAU1@0@Z 00420bb3 f   sv_main.obj
 0001:0001ffa7       ?SV_TraceHook@@YA?AUtrace_t@@QAM000PAUedict_s@@H@Z 00420fa7 f   sv_main.obj
 0001:00020122       ?SV_Frame@@YAXM@Z          00421122 f   sv_main.obj
 0001:000203d6       ?SV_UserinfoChanged@@YAXPAUclient_s@@@Z 004213d6 f   sv_main.obj
 0001:0002049a       ?SV_Init@@YAXXZ            0042149a f   sv_main.obj
 0001:00020511       ?SV_Shutdown@@YAXPBD_N@Z   00421511 f   sv_main.obj
 0001:00020714       ?SV_BeginRedirect@@YAXXZ   00421714 f   sv_send.obj
 0001:000207be       ?SV_ClientPrintf@@YAXPAUclient_s@@HPBDZZ 004217be f   sv_send.obj
 0001:00020819       ?SV_BroadcastPrintf@@YAXHPBDZZ 00421819 f   sv_send.obj
 0001:000208ef       ?SV_BroadcastCommand@@YAXPBDZZ 004218ef f   sv_send.obj
 0001:00020944       ?SV_Multicast@@YAXQAMW4multicast_t@@_N@Z 00421944 f   sv_send.obj
 0001:00020b87       ?SV_MulticastOld@@YAXQAMW4multicast_t@@@Z 00421b87 f   sv_send.obj
 0001:00020b9a       ?SV_MulticastNew@@YAXQAMW4multicast_t@@@Z 00421b9a f   sv_send.obj
 0001:00020bad       ?SV_StartSound@@YAXQAMPAUedict_s@@HHMMM_N@Z 00421bad f   sv_send.obj
 0001:00020e75       ?SV_StartSoundOld@@YAXQAMPAUedict_s@@HHMMM@Z 00421e75 f   sv_send.obj
 0001:00020ea5       ?SV_StartSoundNew@@YAXQAMPAUedict_s@@HHMMM@Z 00421ea5 f   sv_send.obj
 0001:00020ed5       ?SV_SendClientDatagram@@YA_NPAUclient_s@@@Z 00421ed5 f   sv_send.obj
 0001:00020fa8       ?SV_DemoCompleted@@YAXXZ   00421fa8 f   sv_send.obj
 0001:00020fc4       ?SV_RateDrop@@YA_NPAUclient_s@@@Z 00421fc4 f   sv_send.obj
 0001:0002100e       ?SV_SendClientMessages@@YAXXZ 0042200e f   sv_send.obj
 0001:00021161       ?SV_TokenizeString@@YAXPBD@Z 00422161 f   sv_tokenize.obj
 0001:00021238       ?SV_Argc@@YAHXZ            00422238 f   sv_tokenize.obj
 0001:0002123e       ?SV_Argv@@YAPADH@Z         0042223e f   sv_tokenize.obj
 0001:00021258       ?SV_Args@@YAPADXZ          00422258 f   sv_tokenize.obj
 0001:00021aa9       ?SV_Nextserver@@YAXXZ      00422aa9 f   sv_user.obj
 0001:00021b38       ?SV_ExecuteUserCommand@@YAXPAD@Z 00422b38 f   sv_user.obj
 0001:00021bfa       ?SV_ClientThink@@YAXPAUclient_s@@PAUusercmd_t@@@Z 00422bfa f   sv_user.obj
 0001:00021c3d       ?SV_ExecuteClientMessage@@YAXPAUclient_s@@@Z 00422c3d f   sv_user.obj
 0001:00021e5b       ?SV_ClearWorld@@YAXXZ      00422e5b f   sv_world.obj
 0001:00021fb3       ?SV_UnlinkEdict@@YAXPAUedict_s@@@Z 00422fb3 f   sv_world.obj
 0001:00022076       ?SV_LinkEdict@@YAXPAUedict_s@@@Z 00423076 f   sv_world.obj
 0001:000226ce       ?SV_AreaEdicts@@YAHQAM0PAPAUedict_s@@HH@Z 004236ce f   sv_world.obj
 0001:0002287f       ?SV_PointContents@@YAHQAM@Z 0042387f f   sv_world.obj
 0001:000229a5       ?SV_ClipMoveToEntities@@YAXPAUtrace_t@@QAM111PAUedict_s@@H@Z 004239a5 f   sv_world.obj
 0001:00022d84       ?SV_Trace@@YAXPAUtrace_t@@QAM111PAUedict_s@@H@Z 00423d84 f   sv_world.obj
 0001:00022e58       ?Cbuf_Init@@YAXXZ          00423e58 f   cmd.obj
 0001:00022e70       ?Cbuf_AddText@@YAXPBD@Z    00423e70 f   cmd.obj
 0001:00022ed5       ?Cbuf_InsertText@@YAXPBD@Z 00423ed5 f   cmd.obj
 0001:00022f3c       ?Cbuf_CopyToDefer@@YAXXZ   00423f3c f   cmd.obj
 0001:00022f84       ?Cbuf_InsertFromDefer@@YAXXZ 00423f84 f   cmd.obj
 0001:00022fad       ?Cbuf_Execute@@YAXXZ       00423fad f   cmd.obj
 0001:000230af       ?Cmd_Unalias_f@@YAX_NHPAPAD@Z 004240af f   cmd.obj
 0001:00023125       ?Cmd_WriteAliases@@YAXPAU_iobuf@@@Z 00424125 f   cmd.obj
 0001:00023156       ?RegisterCommand@@YA_NPBDP6AXXZH@Z 00424156 f   cmd.obj
 0001:0002320f       ?UnregisterCommand@@YA_NPBD@Z 0042420f f   cmd.obj
 0001:000232a0       ?Cmd_ExecuteString@@YA_NPBD@Z 004242a0 f   cmd.obj
 0001:000236d9       ?ExecuteCommand@@YA_NPBDPBUCSimpleCommand@@H@Z 004246d9 f   cmd.obj
 0001:000237a0       ?Cmd_Init@@YAXXZ           004247a0 f   cmd.obj
 0001:00023ade       ?CMod_GetSurfMaterial@@YA?AW4material_t@@PAD@Z 00424ade f   cmodel.obj
 0001:00023b3b       ?CM_LoadMap@@YAPAUcmodel_t@@PAD_NPAI@Z 00424b3b f   cmodel.obj
 0001:00024212       ?PlaneTypeForNormal@@YAHQBM@Z 00425212 f i cmodel.obj
 0001:000243ca       ?CM_InlineModel@@YAPAUcmodel_t@@PAD@Z 004253ca f   cmodel.obj
 0001:0002440b       ?CM_NumClusters@@YAHXZ     0042540b f   cmodel.obj
 0001:00024411       ?CM_NumInlineModels@@YAHXZ 00425411 f   cmodel.obj
 0001:00024417       ?CM_EntityString@@YAPADXZ  00425417 f   cmodel.obj
 0001:0002441d       ?CM_LeafContents@@YAHH@Z   0042541d f   cmodel.obj
 0001:00024444       ?CM_LeafCluster@@YAHH@Z    00425444 f   cmodel.obj
 0001:000244ba       ?CM_LeafArea@@YAHH@Z       004254ba f   cmodel.obj
 0001:00024681       ?CM_HeadnodeForBox@@YAHQAM0@Z 00425681 f   cmodel.obj
 0001:00024736       ?CM_PointLeafnum@@YAHQAMH@Z 00425736 f   cmodel.obj
 0001:000247d8       ?DISTANCE_TO_PLANE@@YAMQBMPBUcplane_t@@@Z 004257d8 f i cmodel.obj
 0001:00024820       ?CM_PointContents@@YAHQAMH@Z 00425820 f   cmodel.obj
 0001:00024895       ?CM_TransformedPointContents@@YAHQAMH00@Z 00425895 f   cmodel.obj
 0001:000249ce       ?CM_TransformedPointContents2@@YAHQAMH0PAY02M@Z 004259ce f   cmodel.obj
 0001:00024abf       ?CM_BoxLeafnums@@YAHQAM0PAHH1H@Z 00425abf f   cmodel.obj
 0001:00024bd3       ?BOX_ON_PLANE_SIDE@@YAHQBM0PBUcplane_t@@@Z 00425bd3 f i cmodel.obj
 0001:00024c58       ?CM_BoxTrace@@YAXPAUtrace_t@@QBM111HH@Z 00425c58 f   cmodel.obj
 0001:0002567d       ?CM_TransformedBoxTrace@@YAXPAUtrace_t@@QBM111HH11@Z 0042667d f   cmodel.obj
 0001:0002594d       ?CM_TransformedBoxTrace2@@YAXPAUtrace_t@@QBM111HH1PAY02$$CBM@Z 0042694d f   cmodel.obj
 0001:00025b62       ?CM_BrushTrace@@YAHQBM0PAHH@Z 00426b62 f   cmodel.obj
 0001:00025f88       ?CM_RefineBrushTrace@@YAHQBM0PAHH@Z 00426f88 f   cmodel.obj
 0001:0002602e       ?CM_ClusterPVS@@YAPAEH@Z   0042702e f   cmodel.obj
 0001:00026172       ?CM_ClusterPHS@@YAPAEH@Z   00427172 f   cmodel.obj
 0001:000262d5       ?CM_SetAreaPortalState@@YAXH_N@Z 004272d5 f   cmodel.obj
 0001:000262fa       ?CM_AreasConnected@@YA_NHH@Z 004272fa f   cmodel.obj
 0001:0002633e       ?CM_WriteAreaBits@@YAHPAEH@Z 0042733e f   cmodel.obj
 0001:000263e0       ?CM_WritePortalState@@YAXPAU_iobuf@@@Z 004273e0 f   cmodel.obj
 0001:000263fa       ?CM_ReadPortalState@@YAXPAU_iobuf@@@Z 004273fa f   cmodel.obj
 0001:00026418       ?CM_HeadnodeVisible@@YA_NHPAE@Z 00427418 f   cmodel.obj
 0001:000264f0       ?Com_BeginRedirect@@YAXPADHP6AX0@Z@Z 004274f0 f   common.obj
 0001:0002651d       ?Com_EndRedirect@@YAXXZ    0042751d f   common.obj
 0001:0002653c       ?Com_Printf@@YAXPBDZZ      0042753c f   common.obj
 0001:00026719       ?Com_DPrintf@@YAXPBDZZ     00427719 f   common.obj
 0001:00026792       ?DebugPrintf@@YAXPBDZZ     00427792 f   common.obj
 0001:0002683c       ?Com_WPrintf@@YAXPBDZZ     0042783c f   common.obj
 0001:00026896       ?Com_Quit@@YAXXZ           00427896 f   common.obj
 0001:000268b6       ?IPWildcard@@YA_NPAUnetadr_t@@PAD@Z 004278b6 f   common.obj
 0001:00026990       ?Com_ServerState@@YA?AW4server_state_t@@XZ 00427990 f   common.obj
 0001:00026996       ?Com_SetServerState@@YAXW4server_state_t@@@Z 00427996 f   common.obj
 0001:000269a0       ?frand@@YAMXZ              004279a0 f   common.obj
 0001:000269b8       ?crand@@YAMXZ              004279b8 f   common.obj
 0001:000269d6       ?MSG_WriteChar@@YAXPAUsizebuf_s@@H@Z 004279d6 f   common.obj
 0001:000269d6       ?MSG_WriteByte@@YAXPAUsizebuf_s@@H@Z 004279d6 f   common.obj
 0001:000269ea       ?MSG_WriteShort@@YAXPAUsizebuf_s@@H@Z 004279ea f   common.obj
 0001:00026a04       ?MSG_WriteLong@@YAXPAUsizebuf_s@@H@Z 00427a04 f   common.obj
 0001:00026a2e       ?MSG_WriteFloat@@YAXPAUsizebuf_s@@M@Z 00427a2e f   common.obj
 0001:00026a4a       ?MSG_WriteString@@YAXPAUsizebuf_s@@PBD@Z 00427a4a f   common.obj
 0001:00026a81       ?MSG_WritePos@@YAXPAUsizebuf_s@@QAM@Z 00427a81 f   common.obj
 0001:00026ae5       ?MSG_WriteAngle@@YAXPAUsizebuf_s@@M@Z 00427ae5 f   common.obj
 0001:00026b10       ?MSG_WriteAngle16@@YAXPAUsizebuf_s@@M@Z 00427b10 f   common.obj
 0001:00026b3b       ?MSG_WriteDir@@YAXPAUsizebuf_s@@QAM@Z 00427b3b f   common.obj
 0001:00026ba2       ?MSG_ReadDir@@YAXPAUsizebuf_s@@QAM@Z 00427ba2 f   common.obj
 0001:00026bd3       ?MSG_BeginReading@@YAXPAUsizebuf_s@@@Z 00427bd3 f   common.obj
 0001:00026bdc       ?MSG_ReadChar@@YAHPAUsizebuf_s@@@Z 00427bdc f   common.obj
 0001:00026bfd       ?MSG_ReadByte@@YAHPAUsizebuf_s@@@Z 00427bfd f   common.obj
 0001:00026c1e       ?MSG_ReadShort@@YAHPAUsizebuf_s@@@Z 00427c1e f   common.obj
 0001:00026c4e       ?MSG_ReadLong@@YAHPAUsizebuf_s@@@Z 00427c4e f   common.obj
 0001:00026c8d       ?MSG_ReadString@@YAPADPAUsizebuf_s@@@Z 00427c8d f   common.obj
 0001:00026cc0       ?MSG_ReadPos@@YAXPAUsizebuf_s@@QAM@Z 00427cc0 f   common.obj
 0001:00026d12       ?MSG_ReadAngle@@YAMPAUsizebuf_s@@@Z 00427d12 f   common.obj
 0001:00026d2c       ?MSG_ReadAngle16@@YAMPAUsizebuf_s@@@Z 00427d2c f   common.obj
 0001:00026d46       ?MSG_ReadData@@YAXPAUsizebuf_s@@PAXH@Z 00427d46 f   common.obj
 0001:00026d69       ?SZ_Init@@YAXPAUsizebuf_s@@PAXH@Z 00427d69 f   common.obj
 0001:00026d87       ?SZ_Clear@@YAXPAUsizebuf_s@@@Z 00427d87 f   common.obj
 0001:00026d94       ?SZ_GetSpace@@YAPAXPAUsizebuf_s@@H@Z 00427d94 f   common.obj
 0001:00026df1       ?SZ_Write@@YAXPAUsizebuf_s@@PBXH@Z 00427df1 f   common.obj
 0001:00026e1d       ?SZ_Insert@@YAXPAUsizebuf_s@@PBXHH@Z 00427e1d f   common.obj
 0001:00026e76       ?SZ_Print@@YAXPAUsizebuf_s@@PBD@Z 00427e76 f   common.obj
 0001:00026ecc       ?Info_ValueForKey@@YAPBDPBD0@Z 00427ecc f   common.obj
 0001:00026f4b       ?Info_SetValueForKey@@YAXPADPBD1@Z 00427f4b f   common.obj
 0001:000270ae       ?Info_Print@@YAXPBD@Z      004280ae f   common.obj
 0001:00027134       ?COM_BlockSequenceCRCByte@@YAEPAEHH@Z 00428134 f   common.obj
 0001:000271c5       ?COM_CheckCmdlineVar@@YA_NPBD@Z 004281c5 f   common.obj
 0001:0002721b       ?QCommon_Init@@YAXPBD@Z    0042821b f   common.obj
 0001:000275e9       ?QCommon_Frame@@YAXM@Z     004285e9 f   common.obj
 0001:0002792d       ?QCommon_Shutdown@@YAXXZ   0042892d f   common.obj
 0001:00027946       ?CRC_Init@@YAXPAG@Z        00428946 f   crc.obj
 0001:00027950       ?CRC_Block@@YAGPAEH@Z      00428950 f   crc.obj
 0001:00027999       ?Cvar_VariableValue@@YAMPBD@Z 00428999 f   cvar.obj
 0001:00027a07       ?Cvar_VariableInt@@YAHPBD@Z 00428a07 f   cvar.obj
 0001:00027a1a       ?Cvar_VariableString@@YAPADPBD@Z 00428a1a f   cvar.obj
 0001:00027a32       ?Cvar_Get@@YAPAUcvar_t@@PBD0H@Z 00428a32 f   cvar.obj
 0001:00027ce9       ?Cvar_GetVars@@YAXPBUcvarInfo_t@@H@Z 00428ce9 f   cvar.obj
 0001:00027d93       ?Cvar_FullSet@@YAPAUcvar_t@@PBD0I@Z 00428d93 f   cvar.obj
 0001:00027ded       ?Cvar_SetValue@@YAPAUcvar_t@@PBDM@Z 00428ded f   cvar.obj
 0001:00028013       ?Cvar_SetInteger@@YAPAUcvar_t@@PBDH@Z 00429013 f   cvar.obj
 0001:00028035       ?Cvar_Set@@YAPAUcvar_t@@PBD0@Z 00429035 f   cvar.obj
 0001:0002804a       ?Cvar_ForceSet@@YAPAUcvar_t@@PBD0@Z 0042904a f   cvar.obj
 0001:0002805f       ?Cvar_Clamp@@YAMPAUcvar_t@@MM@Z 0042905f f   cvar.obj
 0001:000280bd       ?Cvar_ClampName@@YAMPBDMM@Z 004290bd f   cvar.obj
 0001:000280fc       ?Cvar_GetLatchedVars@@YAXXZ 004290fc f   cvar.obj
 0001:0002812b       ?Cvar_Command@@YA_NHPAPAD@Z 0042912b f   cvar.obj
 0001:000281c4       ?IsDefault@cvar_t@@QAE_NXZ 004291c4 f i cvar.obj
 0001:000281e1       ?Cvar_WriteVariables@@YAXPAU_iobuf@@HHPBD@Z 004291e1 f   cvar.obj
 0001:00028269       ?Cvar_Userinfo@@YAPBDXZ    00429269 f   cvar.obj
 0001:000282c4       ?Cvar_Serverinfo@@YAPBDXZ  004292c4 f   cvar.obj
 0001:000282cd       ?Cvar_Cheats@@YAX_N@Z      004292cd f   cvar.obj
 0001:0002831e       ?Cvar_Init@@YAXXZ          0042931e f   cvar.obj
 0001:000289dd       ?MSG_WriteDeltaEntity@@YAXPAUsizebuf_s@@PBUentity_state_t@@PAU2@_N3@Z 004299dd f   entdelta.obj
 0001:00028f80       ?MSG_WriteRemoveEntity@@YAXPAUsizebuf_s@@H@Z 00429f80 f   entdelta.obj
 0001:00028fc0       ?MSG_ReadEntityBits@@YAHPAUsizebuf_s@@PAIPA_N@Z 00429fc0 f   entdelta.obj
 0001:00029031       ?MSG_ReadDeltaEntity@@YAXPAUsizebuf_s@@PBUentity_state_t@@PAU2@I@Z 0042a031 f   entdelta.obj
 0001:000290b4       ?MSG_WriteDeltaUsercmd@@YAXPAUsizebuf_s@@PBUusercmd_t@@PAU2@@Z 0042a0b4 f   entdelta.obj
 0001:00029143       ?MSG_ReadDeltaUsercmd@@YAXPAUsizebuf_s@@PBUusercmd_t@@PAU2@@Z 0042a143 f   entdelta.obj
 0001:000291c6       ?MSG_WriteDeltaPlayerstate@@YAXPAUsizebuf_s@@PBUplayer_state_t@@PAU2@@Z 0042a1c6 f   entdelta.obj
 0001:000292cf       ?MSG_ReadDeltaPlayerstate@@YAXPAUsizebuf_s@@PBUplayer_state_t@@PAU2@@Z 0042a2cf f   entdelta.obj
 0001:000293a3       ?FS_CreatePath@@YAXPBD@Z   0042a3a3 f   files.obj
 0001:00029409       ?FS_CopyFile@@YAXPBD0@Z    0042a409 f   files.obj
 0001:0002950c       ?FS_CopyFiles@@YAXPBD0@Z   0042a50c f   files.obj
 0001:000295e5       ?FS_RemoveFiles@@YAXPBD@Z  0042a5e5 f   files.obj
 0001:00029659       ?FS_FCloseFile@@YAXPAU_iobuf@@@Z 0042a659 f   files.obj
 0001:000296f4       ?FS_FOpenFile@@YAHPBDPAPAU_iobuf@@@Z 0042a6f4 f   files.obj
 0001:00029c19       ?FS_FileExists@@YA_NPBD@Z  0042ac19 f   files.obj
 0001:00029e36       ?FS_Read@@YAXPAXHPAU_iobuf@@@Z 0042ae36 f   files.obj
 0001:0002a0d6       ?FS_LoadFile@@YAPAXPBDPAI@Z 0042b0d6 f   files.obj
 0001:0002a12d       ?FS_FreeFile@@YAXPAX@Z     0042b12d f   files.obj
 0001:0002a138       ?FS_Gamedir@@YAPADXZ       0042b138 f   files.obj
 0001:0002a14c       ?FS_LoadGameConfig@@YAXXZ  0042b14c f   files.obj
 0001:0002a211       ?FS_SetGamedir@@YA_NPBD@Z  0042b211 f   files.obj
 0001:0002a935       ?FS_ListFiles@@YA?AV?$TList@VCStringItem@@@@PBDPAHH@Z 0042b935 f   files.obj
 0001:0002ac5a       ?FS_NextPath@@YAPADPBD@Z   0042bc5a f   files.obj
 0001:0002ac7e       ?FS_InitFilesystem@@YAXXZ  0042bc7e f   files.obj
 0001:0002b62e       ?LoadPCX@@YAXPBDPAPAE1PAH2@Z 0042c62e f   images.obj
 0001:0002b778       ?LoadTGA@@YAXPBDPAPAEPAH2@Z 0042c778 f   images.obj
 0001:0002b973       ?LoadJPG@@YAXPBDPAPAEPAH2@Z 0042c973 f   images.obj
 0001:0002bc05       ?ImageExists@@YAHPBDH@Z    0042cc05 f   images.obj
 0001:0002bd06       ?WriteTGA@@YA_NPBDPAEHH@Z  0042cd06 f   images.obj
 0001:0002bef0       ?WriteJPG@@YA_NPBDPAEHH_N@Z 0042cef0 f   images.obj
 0001:0002c017       ?MD4Init@@YAXPAUMD4_CTX@@@Z 0042d017 f   md4.obj
 0001:0002c03f       ?MD4Update@@YAXPAUMD4_CTX@@PAEI@Z 0042d03f f   md4.obj
 0001:0002c0dd       ?MD4Final@@YAXQAEPAUMD4_CTX@@@Z 0042d0dd f   md4.obj
 0001:0002c7ce       ?Com_BlockChecksum@@YAIPAXH@Z 0042d7ce f   md4.obj
 0001:0002c80a       ?LoadQ2BspFile@@YAXXZ      0042d80a f   model.obj
 0001:0002cbe2       ?LoadBspFile@@YAPAUbspfile_t@@PBD_NPAI@Z 0042dbe2 f   model.obj
 0001:0002cd90       ?ProcessEntstring@@YAPADPAD@Z 0042dd90 f   model.obj
 0001:0002dc40       ?Netchan_Init@@YAXXZ       0042ec40 f   net_chan.obj
 0001:0002dca0       ?Netchan_OutOfBand@@YAXW4netsrc_t@@Unetadr_t@@HPAX@Z 0042eca0 f   net_chan.obj
 0001:0002dd00       ?Netchan_OutOfBandPrint@@YAXW4netsrc_t@@Unetadr_t@@PBDZZ 0042ed00 f   net_chan.obj
 0001:0002dd45       ?Netchan_Setup@@YAXW4netsrc_t@@PAUnetchan_t@@Unetadr_t@@H@Z 0042ed45 f   net_chan.obj
 0001:0002dda0       ?Netchan_NeedReliable@@YA_NPAUnetchan_t@@@Z 0042eda0 f   net_chan.obj
 0001:0002ddca       ?Netchan_Transmit@@YAXPAUnetchan_t@@HPAX@Z 0042edca f   net_chan.obj
 0001:0002df6f       ?Netchan_Process@@YA_NPAUnetchan_t@@PAUsizebuf_s@@@Z 0042ef6f f   net_chan.obj
 0001:0002e095       ?Pmove@@YAXPAUpmove_t@@@Z  0042f095 f   pmove.obj
 0001:0002fe2f       ?NormalizeColor@@YAMQBMQAM@Z 00430e2f f   q_shared2.obj
 0001:0002fe90       ?NormalizeColor255@@YAMQBMQAM@Z 00430e90 f   q_shared2.obj
 0001:0002fef5       ?Q_rsqrt@@YAMM@Z           00430ef5 f   q_shared2.obj
 0001:0002ff25       ?AngleVectors@@YAXQBMQAM11@Z 00430f25 f   q_shared2.obj
 0001:00030086       ?MakeNormalVectors@@YAXQAM00@Z 00431086 f   q_shared2.obj
 0001:000300ed       ?SetPlaneSignbits@@YAXPAUcplane_t@@@Z 004310ed f   q_shared2.obj
 0001:00030110       ?LerpAngle@@YAMMMM@Z       00431110 f   q_shared2.obj
 0001:00030153       ?anglemod@@YAMM@Z          00431153 f   q_shared2.obj
 0001:0003017f       ?BoxOnPlaneSide@@YAHQBM0PBUcplane_t@@@Z 0043117f f   q_shared2.obj
 0001:000302a2       ?ClearBounds@@YAXQAM0@Z    004312a2 f   q_shared2.obj
 0001:000302cb       ?AddPointToBounds@@YAXQBMQAM1@Z 004312cb f   q_shared2.obj
 0001:00030304       ?VectorCompare@@YA_NQBM0@Z 00431304 f   q_shared2.obj
 0001:00030331       ?VectorNormalize@@YAMQAM@Z 00431331 f   q_shared2.obj
 0001:0003038a       ?VectorNormalize2@@YAMQBMQAM@Z 0043138a f   q_shared2.obj
 0001:000303e5       ?VectorNormalizeFast@@YAMQAM@Z 004313e5 f   q_shared2.obj
 0001:00030438       ?CrossProduct@@YAXQBM0QAM@Z 00431438 f   q_shared2.obj
 0001:00030473       ?VectorLength@@YAMQBM@Z    00431473 f   q_shared2.obj
 0001:000304a2       ?VectorDistance@@YAMQBM0@Z 004314a2 f   q_shared2.obj
 0001:000304d3       ?VectorScale@@YAXQBMMQAM@Z 004314d3 f   q_shared2.obj
 0001:000304f7       ?AnglesToAxis@@YAXQBMQAY02M@Z 004314f7 f   q_shared2.obj
 0001:00030535       ?ShortSwap@@YAFF@Z         00431535 f   q_shared2.obj
 0001:0003054a       ?COM_Parse@@YAPADAAPBD_N@Z 0043154a f   q_shared2.obj
 0001:0003066e       ?COM_QuoteString@@YAPBDPBD_N@Z 0043166e f   q_shared2.obj
 0001:000306c9       ?Com_PageInMemory@@YAXPAXH@Z 004316c9 f   q_shared2.obj
 0001:000306e8       ?Zip_OpenArchive@@YAPAU_iobuf@@PAD@Z 004316e8 f   zip.obj
 0001:00030753       ?Zip_CloseArchive@@YAXPAU_iobuf@@@Z 00431753 f   zip.obj
 0001:0003075f       ?Zip_EnumArchive@@YA_NPAU_iobuf@@P6A_NPAUzipFile_t@@@Z@Z 0043175f f   zip.obj
 0001:0003093c       ?Zip_OpenFile@@YAPAUZFILE@@PAU_iobuf@@PAUzipFile_t@@@Z 0043193c f   zip.obj
 0001:00030a20       ?Zip_ReadFile@@YAHPAUZFILE@@PAXH@Z 00431a20 f   zip.obj
 0001:00030b16       ?Zip_CloseFile@@YA_NPAUZFILE@@@Z 00431b16 f   zip.obj
 0001:00030b5a       ?Zip_OpenBuf@@YAPAUZBUF@@PAXH@Z 00431b5a f   zip.obj
 0001:00030b98       ?Zip_ReadBuf@@YAHPAUZBUF@@PAXH@Z 00431b98 f   zip.obj
 0001:00030be0       ?Zip_CloseBuf@@YAXPAUZBUF@@@Z 00431be0 f   zip.obj
 0001:00030bf5       _zcalloc                   00431bf5 f   zip.obj
 0001:00030c09       _zcfree                    00431c09 f   zip.obj
 0001:00030c14       ?CDAudio_Play2@@YAXH_N@Z   00431c14 f   cd_win.obj
 0001:00030df3       ?CDAudio_Play@@YAXH_N@Z    00431df3 f   cd_win.obj
 0001:00030e0a       ?CDAudio_Stop@@YAXXZ       00431e0a f   cd_win.obj
 0001:00030e4f       ?CDAudio_Pause@@YAXXZ      00431e4f f   cd_win.obj
 0001:00030ea8       ?CDAudio_Resume@@YAXXZ     00431ea8 f   cd_win.obj
 0001:00030f17       ?CDAudio_MessageHandler@@YAJPAUHWND__@@IIJ@Z 00431f17 f   cd_win.obj
 0001:00030fae       ?CDAudio_Update@@YAXXZ     00431fae f   cd_win.obj
 0001:00030fe2       ?CDAudio_Init@@YAHXZ       00431fe2 f   cd_win.obj
 0001:00031394       ?CDAudio_Shutdown@@YAXXZ   00432394 f   cd_win.obj
 0001:000313c7       ?CDAudio_Activate@@YAX_N@Z 004323c7 f   cd_win.obj
 0001:000313d8       ?IN_MouseEvent@@YAXH@Z     004323d8 f   in_win.obj
 0001:00031442       ?IN_Commands@@YAXXZ        00432442 f   in_win.obj
 0001:00031573       ?IN_Init@@YAXXZ            00432573 f   in_win.obj
 0001:000318b9       ?IN_Shutdown@@YAXXZ        004328b9 f   in_win.obj
 0001:0003199d       ?IN_Move@@YAXPAUusercmd_t@@@Z 0043299d f   in_win.obj
 0001:00031e9f       ?IN_Activate@@YAX_N@Z      00432e9f f   in_win.obj
 0001:00031ea9       ?IN_Frame@@YAXXZ           00432ea9 f   in_win.obj
 0001:000322b3       ?NetadrToSockadr@@YAXPAUnetadr_t@@PAUsockaddr@@@Z 004332b3 f   net_wins.obj
 0001:00032338       ?SockadrToNetadr@@YAXPAUsockaddr@@PAUnetadr_t@@@Z 00433338 f   net_wins.obj
 0001:00032388       ?NET_CompareAdr@@YA_NPAUnetadr_t@@0@Z 00433388 f   net_wins.obj
 0001:000323e8       ?NET_CompareBaseAdr@@YA_NPAUnetadr_t@@0@Z 004333e8 f   net_wins.obj
 0001:0003243e       ?NET_AdrToString@@YAPADPAUnetadr_t@@@Z 0043343e f   net_wins.obj
 0001:000324f7       ?NET_StringToAdr@@YA_NPBDPAUnetadr_t@@@Z 004334f7 f   net_wins.obj
 0001:00032781       ?NET_IsLocalAddress@@YA_NPAUnetadr_t@@@Z 00433781 f   net_wins.obj
 0001:0003278d       ?NET_GetLoopPacket@@YA_NW4netsrc_t@@PAUnetadr_t@@PAUsizebuf_s@@@Z 0043378d f   net_wins.obj
 0001:00032819       ?NET_SendLoopPacket@@YAXW4netsrc_t@@HPAXUnetadr_t@@@Z 00433819 f   net_wins.obj
 0001:0003286e       ?NET_GetPacket@@YA_NW4netsrc_t@@PAUnetadr_t@@PAUsizebuf_s@@@Z 0043386e f   net_wins.obj
 0001:0003298c       ?NET_SendPacket@@YAXW4netsrc_t@@HPAXUnetadr_t@@@Z 0043398c f   net_wins.obj
 0001:00032a5d       ?NET_IPSocket@@YAHPADH@Z   00433a5d f   net_wins.obj
 0001:00032b72       ?NET_OpenIP@@YAXXZ         00433b72 f   net_wins.obj
 0001:00032bee       ?NET_OpenIPX@@YAXXZ        00433bee f   net_wins.obj
 0001:00032d2e       ?NET_Config@@YAX_N@Z       00433d2e f   net_wins.obj
 0001:00032dd2       ?NET_Init@@YAXXZ           00433dd2 f   net_wins.obj
 0001:00032e3e       ?Sys_Mkdir@@YAXPAD@Z       00433e3e f   q_shwin.obj
 0001:00032e4a       ?Sys_FindFirst@@YAPBDPBDH@Z 00433e4a f   q_shwin.obj
 0001:00032f04       ?Sys_FindNext@@YAPBDXZ     00433f04 f   q_shwin.obj
 0001:00032f6e       ?Sys_FindClose@@YAXXZ      00433f6e f   q_shwin.obj
 0001:00032f88       ?SNDDMA_Init@@YA_NXZ       00433f88 f   snd_win.obj
 0001:000335c7       ?SNDDMA_GetDMAPos@@YAHXZ   004345c7 f   snd_win.obj
 0001:00033611       ?SNDDMA_BeginPainting@@YAXXZ 00434611 f   snd_win.obj
 0001:00033729       ?SNDDMA_Submit@@YAXXZ      00434729 f   snd_win.obj
 0001:0003374e       ?SNDDMA_Shutdown@@YAXXZ    0043474e f   snd_win.obj
 0001:00033753       ?S_Activate@@YAX_N@Z       00434753 f   snd_win.obj
 0001:0003377e       ?Sys_Quit@@YAXXZ           0043477e f   sys_win.obj
 0001:00033836       ?Sys_Init@@YAXXZ           00434836 f   sys_win.obj
 0001:000338ae       ?Sys_ConsoleInput@@YAPADXZ 004348ae f   sys_win.obj
 0001:00033b65       ?Sys_ConsoleOutput@@YAXPBD@Z 00434b65 f   sys_win.obj
 0001:00033bf3       ?Sys_SendKeyEvents@@YAXXZ  00434bf3 f   sys_win.obj
 0001:00033ce0       ?Sys_UnloadGame@@YAXXZ     00434ce0 f   sys_win.obj
 0001:00033d5b       ?Sys_GetGameAPI@@YAPAXPAX@Z 00434d5b f   sys_win.obj
 0001:00033eb2       _WinMain@16                00434eb2 f   sys_win.obj
 0001:000341b8       ?Vid_CreateWindow@@YAPAXHH_N@Z 004351b8 f   vid_dll.obj
 0001:000349e1       ?Vid_DestroyWindow@@YAX_N@Z 004359e1 f   vid_dll.obj
 0001:00034a1c       ?Vid_GetModeInfo@@YA_NPAH0H@Z 00435a1c f   vid_dll.obj
 0001:00034a4a       ?Vid_UpdateWindowPosAndSize@@YAXHH@Z 00435a4a f   vid_dll.obj
 0001:00034ab1       ?Vid_FreeReflib@@YAXXZ     00435ab1 f   vid_dll.obj
 0001:00034aeb       ?Vid_CheckChanges@@YAXXZ   00435aeb f   vid_dll.obj
 0001:00034e81       ?Vid_Init@@YAXXZ           00435e81 f   vid_dll.obj
 0001:00034f72       ?Vid_Shutdown@@YAXXZ       00435f72 f   vid_dll.obj
 0001:00034fa0       ?Vid_MenuInit@@YAXXZ       00435fa0 f   vid_menu.obj
 0001:000357f6       ?Vid_MenuDraw@@YAXXZ       004367f6 f   vid_menu.obj
 0001:00035879       ?Vid_MenuKey@@YAPBDH@Z     00436879 f   vid_menu.obj
 0001:00035be4       ?GL_BackEnd@@YAXXZ         00436be4 f   gl_backend.obj
 0001:000391e4       ?GL_InitBackend@@YAXXZ     0043a1e4 f   gl_backend.obj
 0001:00039218       ?GL_ShutdownBackend@@YAXXZ 0043a218 f   gl_backend.obj
 0001:0003922c       ?GL_AllocDynamicMemory@@YAPAXH@Z 0043a22c f   gl_buffers.obj
 0001:00039297       ?GL_ResizeDynamicMemory@@YAXPAXH@Z 0043a297 f   gl_buffers.obj
 0001:000392d9       ?GL_AddSurfaceToPortal@@YAXPAUsurfaceCommon_s@@PAUshader_s@@HH@Z 0043a2d9 f   gl_buffers.obj
 0001:00039342       ?GL_AddDynamicSurface@@YAPAUsurfaceCommon_s@@PAUshader_s@@H@Z 0043a342 f   gl_buffers.obj
 0001:0003936a       ?GL_InsertShaderIndex@@YAXH@Z 0043a36a f   gl_buffers.obj
 0001:000393a3       ?GL_ClearPortal@@YAXXZ     0043a3a3 f   gl_buffers.obj
 0001:000393c1       ?GL_FinishPortal@@YAXXZ    0043a3c1 f   gl_buffers.obj
 0001:00039412       ?GL_SortSurfaces@@YAXPAUviewPortal_s@@PAPAUsurfaceInfo_s@@@Z 0043a412 f   gl_buffers.obj
 0001:000395a4       ?GL_ClearBuffers@@YAXXZ    0043a5a4 f   gl_buffers.obj
 0001:000395bb       ?GL_CreateBuffers@@YAXXZ   0043a5bb f   gl_buffers.obj
 0001:000395e1       ?GL_FreeBuffers@@YAXXZ     0043a5e1 f   gl_buffers.obj
 0001:00039605       ?GL_AddEntity@@YAXPAUentity_t@@@Z 0043a605 f   gl_frontend.obj
 0001:00039a79       ?GL_AddDlight@@YAXPAUdlight_t@@@Z 0043aa79 f   gl_frontend.obj
 0001:00039c31       ?GL_DrawPortal@@YAXXZ      0043ac31 f   gl_frontend.obj
 0001:0003c71a       ?GL_TextureMode@@YAXPAD@Z  0043d71a f   gl_image.obj
 0001:0003c7c2       ?GL_CreateImage@@YAPAUimage_s@@PBDPAXHHI@Z 0043d7c2 f   gl_image.obj
 0001:0003d531       ?GL_LoadDelayedImages@@YAXXZ 0043e531 f   gl_image.obj
 0001:0003d5c4       ?GL_DrawStretchRaw8@@YAXHHHHHHPAEPAI@Z 0043e5c4 f   gl_image.obj
 0001:0003d97e       ?GL_SetupGamma@@YAXXZ      0043e97e f   gl_image.obj
 0001:0003dac3       ?GL_PerformScreenshot@@YAXXZ 0043eac3 f   gl_image.obj
 0001:0003dd50       ?GL_InitImages@@YAXXZ      0043ed50 f   gl_image.obj
 0001:0003e524       ?GL_ShutdownImages@@YAXXZ  0043f524 f   gl_image.obj
 0001:0003e58b       ?GL_ShowImages@@YAXXZ      0043f58b f   gl_image.obj
 0001:0003e813       ?GL_FindImage@@YAPAUimage_s@@PBDI@Z 0043f813 f   gl_image.obj
 0001:0003eab5       ?GL_Lock@@YAXXZ            0043fab5 f   gl_interface.obj
 0001:0003eb2d       ?GL_Unlock@@YAXXZ          0043fb2d f   gl_interface.obj
 0001:0003ecef       ?GL_Bind@@YAXPAUimage_s@@@Z 0043fcef f   gl_interface.obj
 0001:0003ee19       ?GL_BindForce@@YAXPAUimage_s@@@Z 0043fe19 f   gl_interface.obj
 0001:0003ee97       ?GL_TexEnv@@YAXI@Z         0043fe97 f   gl_interface.obj
 0001:0003f016       ?GL_TexMipBias@@YAXM@Z     00440016 f   gl_interface.obj
 0001:0003f071       ?GL_TexEnvColor@@YAXPATcolor_t@@@Z 00440071 f   gl_interface.obj
 0001:0003f121       ?GL_SelectTexture@@YAXH@Z  00440121 f   gl_interface.obj
 0001:0003f182       ?GL_TexCoordPointer@@YAXPAX@Z 00440182 f   gl_interface.obj
 0001:0003f1b2       ?GL_SetMultitexture@@YAXH@Z 004401b2 f   gl_interface.obj
 0001:0003f298       ?GL_DisableTexCoordArrays@@YAXXZ 00440298 f   gl_interface.obj
 0001:0003f2ec       ?GL_CullFace@@YAXW4gl_cullMode_t@@@Z 004402ec f   gl_interface.obj
 0001:0003f33d       ?GL_DepthRange@@YAXW4gl_depthMode_t@@@Z 0044033d f   gl_interface.obj
 0001:0003f370       ?GL_State@@YAXI@Z          00440370 f   gl_interface.obj
 0001:0003f4c9       ?GL_EnableFog@@YAX_N@Z     004404c9 f   gl_interface.obj
 0001:0003f5c1       ?GL_SetDefaultState@@YAXXZ 004405c1 f   gl_interface.obj
 0001:0003f70f       ?GL_Set2DMode@@YAXXZ       0044070f f   gl_interface.obj
 0001:0003f80a       ?GL_Setup@@YAXPAUviewPortal_s@@@Z 0044080a f   gl_interface.obj
 0001:0003f8f2       ?GL_ShowLights@@YAXXZ      004408f2 f   gl_light.obj
 0001:0003fd17       ?GL_LightForEntity@@YAXPAUrefEntity_s@@@Z 00440d17 f   gl_light.obj
 0001:00040f7d       ?GL_DiffuseLight@@YAXPATcolor_t@@M@Z 00441f7d f   gl_light.obj
 0001:000410f5       ?GL_InitLightGrid@@YAXXZ   004420f5 f   gl_light.obj
 0001:0004119b       ?GL_PostLoadLights@@YAXXZ  0044219b f   gl_light.obj
 0001:00041439       ?LM_Init@@YAXXZ            00442439 f   gl_lightmap.obj
 0001:0004144f       ?LM_Flush@@YAXPAUlightmapBlock_t@@@Z 0044244f f   gl_lightmap.obj
 0001:000414ac       ?LM_Done@@YAXXZ            004424ac f   gl_lightmap.obj
 0001:000414d3       ?LM_Save@@YAXPAUlightmapBlock_t@@@Z 004424d3 f   gl_lightmap.obj
 0001:000414eb       ?LM_Restore@@YAXPAUlightmapBlock_t@@@Z 004424eb f   gl_lightmap.obj
 0001:00041503       ?LM_NewBlock@@YAPAUlightmapBlock_t@@XZ 00442503 f   gl_lightmap.obj
 0001:00041573       ?LM_Rewind@@YAXXZ          00442573 f   gl_lightmap.obj
 0001:0004157b       ?LM_NextBlock@@YAPAUlightmapBlock_t@@XZ 0044257b f   gl_lightmap.obj
 0001:000415a8       ?LM_CheckMinlight@@YAXPAUdynamicLightmap_s@@@Z 004425a8 f   gl_lightmap.obj
 0001:0004163e       ?LM_AllocBlock@@YA_NPAUlightmapBlock_t@@PAUdynamicLightmap_s@@@Z 0044263e f   gl_lightmap.obj
 0001:000416f5       ?LM_PutBlock@@YAXPAUdynamicLightmap_s@@@Z 004426f5 f   gl_lightmap.obj
 0001:00041b22       ?LM_SortLightStyles@@YAXPAUdynamicLightmap_s@@@Z 00442b22 f   gl_lightmap.obj
 0001:00041bb3       ?GL_UpdateDynamicLightmap@@YAXPAUshader_s@@PAUsurfacePlanar_s@@_NI@Z 00442bb3 f   gl_lightmap.obj
 0001:000420af       ?LM_IsMonotone@@YA_NPAUdynamicLightmap_s@@PATcolor_t@@@Z 004430af f   gl_lightmap.obj
 0001:000421b6       ?GL_EnableRendering@@YAX_N@Z 004431b6 f   gl_main.obj
 0001:000421d1       ?GL_DrawStretchPic@@YAXPAUshader_s@@HHHHMMMMIE@Z 004431d1 f   gl_main.obj
 0001:0004229d       ?DrawTextLeft@@YAXPBDI@Z   0044329d f   gl_main.obj
 0001:0004240b       ?DrawTextRight@@YAXPBDI@Z  0044340b f   gl_main.obj
 0001:00042455       ?DrawText3D@@YAXQAMPBDI@Z  00443455 f   gl_main.obj
 0001:00042482       _GL_GetRefAPI              00443482 f   gl_main.obj
 0001:00043dfa       ?GL_InitFuncTables@@YAXXZ  00444dfa f   gl_math.obj
 0001:00043fab       ?ModelToWorldCoord@@YAXQAMPAUrefEntity_s@@0@Z 00444fab f   gl_math.obj
 0001:0004401c       ?WorldToModelCoord@@YAXQAMPAUrefEntity_s@@0@Z 0044501c f   gl_math.obj
 0001:00044063       ?BuildRotationMatrix@@YAXQAY02MQAMM@Z 00445063 f   gl_math.obj
 0001:0004415d       ?GetBoxRect@@YA_NPAUrefEntity_s@@QAM11_N@Z 0044515d f   gl_math.obj
 0001:000444ce       ?ProjectToScreen@@YA_NQAMPAH@Z 004454ce f   gl_math.obj
 0001:00044611       ?SaturateColor3f@@YAXQAM@Z 00445611 f   gl_math.obj
 0001:00044701       ?SaturateColor4b@@YAXPATcolor_t@@@Z 00445701 f   gl_math.obj
 0001:0004480f       ?GL_FindModel@@YAPAUmodel_s@@PBD@Z 0044580f f   gl_model.obj
 0001:00044913       ?GL_LoadWorldMap@@YAXPBD@Z 00445913 f   gl_model.obj
 0001:00046411       ?GL_PointInLeaf@@YAPAUnode_s@@QAM@Z 00447411 f   gl_model.obj
 0001:00046f4f       ?ATAN2_FUNC@@YAMMM@Z       00447f4f f i gl_model.obj
 0001:000470fa       ?GL_FindSkin@@YAPAUshader_s@@PBD@Z 004480fa f   gl_model.obj
 0001:0004725c       ?GL_ResetModels@@YAXXZ     0044825c f   gl_model.obj
 0001:00047325       ?GL_InitModels@@YAXXZ      00448325 f   gl_model.obj
 0001:0004740d       ?GL_ShutdownModels@@YAXXZ  0044840d f   gl_model.obj
 0001:00047423       ?SubdividePlane@@YAHPAPAY02MHM@Z 00448423 f   gl_poly.obj
 0001:00047876       ?FreeSubdividedPlane@@YAXXZ 00448876 f   gl_poly.obj
 0001:0004788e       ?GetSubdivideIndexes@@YAXPAH@Z 0044888e f   gl_poly.obj
 0001:000478e1       ?RemoveCollinearPoints@@YAHPAPAY02MH@Z 004488e1 f   gl_poly.obj
 0001:000479dc       ?GetPolyArea@@YAMPAPAY02MH@Z 004489dc f   gl_poly.obj
 0001:00047a70       ?GL_InitShaders@@YAXXZ     00448a70 f   gl_shader.obj
 0001:00047bc1       ?GL_ShutdownShaders@@YAXXZ 00448bc1 f   gl_shader.obj
 0001:00047beb       ?GetLightmapImage@@YAPAUimage_s@@H@Z 00448beb f   gl_shader.obj
 0001:00047c13       ?GL_SetShaderLightmap@@YAPAUshader_s@@PAU1@H@Z 00448c13 f   gl_shader.obj
 0001:00047fe8       ?GL_SetShaderLightstyles@@YAPAUshader_s@@PAU1@I@Z 00448fe8 f   gl_shader.obj
 0001:00048084       ?GL_GetAlphaShader@@YAPAUshader_s@@PAU1@@Z 00449084 f   gl_shader.obj
 0001:0004834a       ?GL_FindShader@@YAPAUshader_s@@PBDI@Z 0044934a f   gl_shader.obj
 0001:0004896b       ?GL_GetShaderByNum@@YAPAUshader_s@@H@Z 0044996b f   gl_shader.obj
 0001:00048989       ?GL_ResetShaders@@YAXXZ    00449989 f   gl_shader.obj
 0001:00048e5b       ?GL_ClearSkyBox@@YAXXZ     00449e5b f   gl_sky.obj
 0001:00048e72       ?GL_SetSkyRotate@@YAXMQAM@Z 00449e72 f   gl_sky.obj
 0001:00048eaa       ?GL_SkyVisible@@YA_NXZ     00449eaa f   gl_sky.obj
 0001:00048ec3       ?GL_AddSkySurface@@YAXPAUsurfacePlanar_s@@QAME@Z 00449ec3 f   gl_sky.obj
 0001:000494d2       ?GL_TesselateSkySide@@YAHHPAUbufVertex_t@@PAUbufTexCoord_t@@M@Z 0044a4d2 f   gl_sky.obj
 0001:0004ae2a       ?QGL_Shutdown@@YAXXZ       0044be2a f   qgl_win.obj
 0001:0004ae68       ?QGL_Init@@YA_NPBD@Z       0044be68 f   qgl_win.obj
 0001:0004aeeb       ?QGL_InitExtensions@@YAXXZ 0044beeb f   qgl_win.obj
 0001:0004b3d7       ?QGL_PrintExtensionsString@@YAXPBD00@Z 0044c3d7 f   qgl_win.obj
 0001:0004b527       ?QGL_EnableLogging@@YAX_N@Z 0044c527 f   qgl_win.obj
 0001:0004b5de       ?QGL_LogMessage@@YAXPBD@Z  0044c5de f   qgl_win.obj
 0001:0004b5f5       ?GLimp_SetMode@@YA?AW4rserr_t@@PAI0H_N@Z 0044c5f5 f   glw_imp.obj
 0001:0004b888       ?GLimp_HasGamma@@YA_NXZ    0044c888 f   glw_imp.obj
 0001:0004b89c       ?GLimp_SetGamma@@YAXM@Z    0044c89c f   glw_imp.obj
 0001:0004ba44       ?GLimp_Init@@YAHXZ         0044ca44 f   glw_imp.obj
 0001:0004bd85       ?GLimp_Shutdown@@YAXXZ     0044cd85 f   glw_imp.obj
 0001:0004be2d       ?GLimp_EndFrame@@YAXXZ     0044ce2d f   glw_imp.obj
 0001:0004beae       ?GLimp_AppActivate@@YAX_N@Z 0044ceae f   glw_imp.obj
 0001:0004bf90       _jpeg_CreateDecompress     0044cf90 f   lib:jdapimin.obj
 0001:0004c050       _jpeg_read_header          0044d050 f   lib:jdapimin.obj
 0001:0004c0b2       _jpeg_consume_input        0044d0b2 f   lib:jdapimin.obj
 0001:0004c301       _jpeg_finish_decompress    0044d301 f   lib:jdapimin.obj
 0001:0004c398       _jpeg_start_decompress     0044d398 f   lib:jdapistd.obj
 0001:0004c505       _jpeg_read_scanlines       0044d505 f   lib:jdapistd.obj
 0001:0004c589       _jpeg_resync_to_restart    0044d589 f   lib:jdmarker.obj
 0001:0004c74e       _jinit_marker_reader       0044d74e f   lib:jdmarker.obj
 0001:0004dc19       _jpeg_CreateCompress       0044ec19 f   lib:jcapimin.obj
 0001:0004dccd       _jpeg_destroy_compress     0044eccd f   lib:jcapimin.obj
 0001:0004dccd       _jpeg_destroy_decompress   0044eccd f   lib:jcapimin.obj
 0001:0004dcd8       _jpeg_suppress_tables      0044ecd8 f   lib:jcapimin.obj
 0001:0004dd22       _jpeg_finish_compress      0044ed22 f   lib:jcapimin.obj
 0001:0004de0c       _jpeg_start_compress       0044ee0c f   lib:jcapistd.obj
 0001:0004de78       _jpeg_write_scanlines      0044ee78 f   lib:jcapistd.obj
 0001:0004df23       _jpeg_add_quant_table      0044ef23 f   lib:jcparam.obj
 0001:0004dfd5       _jpeg_quality_scaling      0044efd5 f   lib:jcparam.obj
 0001:0004dffc       _jpeg_set_quality          0044effc f   lib:jcparam.obj
 0001:0004e036       _jpeg_set_defaults         0044f036 f   lib:jcparam.obj
 0001:0004e1fc       _jpeg_default_colorspace   0044f1fc f   lib:jcparam.obj
 0001:0004e24c       _jpeg_set_colorspace       0044f24c f   lib:jcparam.obj
 0001:0004e567       _jpeg_stdio_dest           0044f567 f   lib:jdatadst.obj
 0001:0004e766       _crc32                     0044f766 f   lib:crc32.obj
 0001:0004ea00       _inflateReset              0044fa00 f   lib:inflate.obj
 0001:0004ea47       _inflateInit2_             0044fa47 f   lib:inflate.obj
 0001:0004eb00       _inflate                   0044fb00 f   lib:inflate.obj
 0001:0004fdcf       _inflateEnd                00450dcf f   lib:inflate.obj
 0001:0004fe0d       _jinit_input_controller    00450e0d f   lib:jdinput.obj
 0001:000502f0       _jinit_memory_mgr          004512f0 f   lib:jmemmgr.obj
 0001:00050e2c       _jpeg_abort                00451e2c f   lib:jcomapi.obj
 0001:00050e5f       _jpeg_destroy              00451e5f f   lib:jcomapi.obj
 0001:00050e7a       _jpeg_alloc_quant_table    00451e7a f   lib:jcomapi.obj
 0001:00050e96       _jpeg_alloc_huff_table     00451e96 f   lib:jcomapi.obj
 0001:00050eb2       _jpeg_calc_output_dimensions 00451eb2 f   lib:jdmaster.obj
 0001:00050fb2       _jinit_master_decompress   00451fb2 f   lib:jdmaster.obj
 0001:00051308       _jdiv_round_up             00452308 f   lib:jutils.obj
 0001:00051318       _jround_up                 00452318 f   lib:jutils.obj
 0001:00051330       _jcopy_sample_rows         00452330 f   lib:jutils.obj
 0001:0005136e       _jcopy_block_row           0045236e f   lib:jutils.obj
 0001:00051387       _jzero_far                 00452387 f   lib:jutils.obj
 0001:0005139a       _jinit_marker_writer       0045239a f   lib:jcmarker.obj
 0001:00051c76       _jinit_compress_master     00452c76 f   lib:jcinit.obj
 0001:00051ccf       _inflate_fast              00452ccf f   lib:inffast.obj
 0001:00052084       _inflate_table             00453084 f   lib:inftrees.obj
 0001:0005240d       _adler32                   0045340d f   lib:adler32.obj
 0001:00052526       _jinit_c_codec             00453526 f   lib:jcodec.obj
 0001:00052542       _jinit_d_codec             00453542 f   lib:jcodec.obj
 0001:0005255e       _jpeg_get_large            0045355e f   lib:jmemnobs.obj
 0001:0005255e       _jpeg_get_small            0045355e f   lib:jmemnobs.obj
 0001:0005256a       _jpeg_free_small           0045356a f   lib:jmemnobs.obj
 0001:0005256a       _jpeg_free_large           0045356a f   lib:jmemnobs.obj
 0001:00052576       _jpeg_mem_available        00453576 f   lib:jmemnobs.obj
 0001:0005257b       _jpeg_open_backing_store   0045357b f   lib:jmemnobs.obj
 0001:0005258f       _jpeg_mem_init             0045358f f   lib:jmemnobs.obj
 0001:0005258f       __matherr                  0045358f f   lib:jmemnobs.obj
 0001:00052592       _jinit_d_main_controller   00453592 f   lib:jdmainct.obj
 0001:00052bdd       _jinit_d_post_controller   00453bdd f   lib:jdpostct.obj
 0001:00052e88       _jinit_upsampler           00453e88 f   lib:jdsample.obj
 0001:000534c6       _jinit_color_deconverter   004544c6 f   lib:jdcolor.obj
 0001:000539dc       _jinit_merged_upsampler    004549dc f   lib:jdmerge.obj
 0001:00053f2c       _jinit_2pass_quantizer     00454f2c f   lib:jquant2.obj
 0001:00054fef       _jinit_1pass_quantizer     00455fef f   lib:jquant1.obj
 0001:00055a15       _jinit_c_main_controller   00456a15 f   lib:jcmainct.obj
 0001:00055b82       _jinit_c_prep_controller   00456b82 f   lib:jcprepct.obj
 0001:000560cd       _jinit_downsampler         004570cd f   lib:jcsample.obj
 0001:0005694d       _jinit_color_converter     0045794d f   lib:jccolor.obj
 0001:00056f37       _jinit_c_master_control    00457f37 f   lib:jcmaster.obj
 0001:00057a26       _jinit_lossy_c_codec       00458a26 f   lib:jclossy.obj
 0001:00057ac1       _jinit_lossless_c_codec    00458ac1 f   lib:jclossls.obj
 0001:00057b59       _jinit_lossy_d_codec       00458b59 f   lib:jdlossy.obj
 0001:00057e2c       _jinit_lossless_d_codec    00458e2c f   lib:jdlossls.obj
 0001:00057edc       _jinit_c_coef_controller   00458edc f   lib:jccoefct.obj
 0001:0005857b       _jinit_shuff_encoder       0045957b f   lib:jcshuff.obj
 0001:00058de3       _jinit_phuff_encoder       00459de3 f   lib:jcphuff.obj
 0001:00059888       _jinit_forward_dct         0045a888 f   lib:jcdctmgr.obj
 0001:00059b57       _jinit_c_diff_controller   0045ab57 f   lib:jcdiffct.obj
 0001:0005a0bd       _jinit_lhuff_encoder       0045b0bd f   lib:jclhuff.obj
 0001:0005a7ea       _jinit_differencer         0045b7ea f   lib:jcpred.obj
 0001:0005ad04       _jinit_c_scaler            0045bd04 f   lib:jcscale.obj
 0001:0005ad7a       _jinit_d_coef_controller   0045bd7a f   lib:jdcoefct.obj
 0001:0005ba53       _jinit_shuff_decoder       0045ca53 f   lib:jdshuff.obj
 0001:0005bfe8       _jinit_phuff_decoder       0045cfe8 f   lib:jdphuff.obj
 0001:0005cb85       _jinit_inverse_dct         0045db85 f   lib:jddctmgr.obj
 0001:0005cd69       _jinit_d_diff_controller   0045dd69 f   lib:jddiffct.obj
 0001:0005d29a       _jinit_d_scaler            0045e29a f   lib:jdscale.obj
 0001:0005d399       _jinit_undifferencer       0045e399 f   lib:jdpred.obj
 0001:0005d753       _jinit_lhuff_decoder       0045e753 f   lib:jdlhuff.obj
 0001:0005db48       _jpeg_make_c_derived_tbl   0045eb48 f   lib:jchuff.obj
 0001:0005dd4a       _jpeg_gen_optimal_table    0045ed4a f   lib:jchuff.obj
 0001:0005df09       _jpeg_fdct_float           0045ef09 f   lib:jfdctflt.obj
 0001:0005e10e       _jpeg_make_d_derived_tbl   0045f10e f   lib:jdhuff.obj
 0001:0005e3ab       _jpeg_fill_bit_buffer      0045f3ab f   lib:jdhuff.obj
 0001:0005e4ba       _jpeg_huff_decode          0045f4ba f   lib:jdhuff.obj
 0001:0005e59a       _jpeg_idct_4x4             0045f59a f   lib:jidctred.obj
 0001:0005e888       _jpeg_idct_2x2             0045f888 f   lib:jidctred.obj
 0001:0005ea4a       _jpeg_idct_1x1             0045fa4a f   lib:jidctred.obj
 0001:0005ea86       _jpeg_idct_float           0045fa86 f   lib:jidctflt.obj
 0001:0005ee60       __except_handler3          0045fe60 f   MSVCRT:MSVCRT.dll
 0001:0005ee70       __alloca_probe             0045fe70 f   MSVCRT:chkstk.obj
 0001:0005ee70       __chkstk                   0045fe70 f   MSVCRT:chkstk.obj
 0001:0005ee9f       ??_Gtype_info@@UAEPAXI@Z   0045fe9f f i MSVCRT:ti_inst.obj
 0001:0005ee9f       ??_Etype_info@@UAEPAXI@Z   0045fe9f f i MSVCRT:ti_inst.obj
 0001:0005eebc       __CxxThrowException@8      0045febc f   MSVCRT:MSVCRT.dll
 0001:0005eec2       _strcpy                    0045fec2 f   MSVCRT:MSVCRT.dll
 0001:0005eec8       _strlen                    0045fec8 f   MSVCRT:MSVCRT.dll
 0001:0005eece       _strcmp                    0045fece f   MSVCRT:MSVCRT.dll
 0001:0005eed4       _sin                       0045fed4 f   MSVCRT:MSVCRT.dll
 0001:0005eeda       _tan                       0045feda f   MSVCRT:MSVCRT.dll
 0001:0005eee0       _cos                       0045fee0 f   MSVCRT:MSVCRT.dll
 0001:0005eee6       _strcat                    0045fee6 f   MSVCRT:MSVCRT.dll
 0001:0005eeec       _fmod                      0045feec f   MSVCRT:MSVCRT.dll
 0001:0005eef2       _atan2                     0045fef2 f   MSVCRT:MSVCRT.dll
 0001:0005eef8       _acos                      0045fef8 f   MSVCRT:MSVCRT.dll
 0001:0005eefe       _sqrt                      0045fefe f   MSVCRT:MSVCRT.dll
 0001:0005ef04       _atan                      0045ff04 f   MSVCRT:MSVCRT.dll
 0001:0005ef0a       _memcpy                    0045ff0a f   MSVCRT:MSVCRT.dll
 0001:0005ef10       _memset                    0045ff10 f   MSVCRT:MSVCRT.dll
 0001:0005ef16       _pow                       0045ff16 f   MSVCRT:MSVCRT.dll
 0001:0005ef1c       _asin                      0045ff1c f   MSVCRT:MSVCRT.dll
 0001:0005ef22       _WinMainCRTStartup         0045ff22 f   MSVCRT:crtexew.obj
 0001:0005f080       __ftol                     00460080 f   MSVCRT:MSVCRT.dll
 0001:0005f086       ??1type_info@@UAE@XZ       00460086 f   MSVCRT:MSVCRT.dll
 0001:0005f08c       __XcptFilter               0046008c f   MSVCRT:MSVCRT.dll
 0001:0005f092       __initterm                 00460092 f   MSVCRT:MSVCRT.dll
 0001:0005f098       __setdefaultprecision      00460098 f   MSVCRT:fp8.obj
 0001:0005f0aa       _jpeg_mem_term             004600aa f   MSVCRT:dllargv.obj
 0001:0005f0aa       __setargv                  004600aa f   MSVCRT:dllargv.obj
 0001:0005f0ac       __controlfp                004600ac f   MSVCRT:MSVCRT.dll
 0002:00000000       __imp__SetDeviceGammaRamp@8 00461000     gdi32:GDI32.dll
 0002:00000004       __imp__GetDeviceGammaRamp@8 00461004     gdi32:GDI32.dll
 0002:00000008       __imp__DescribePixelFormat@16 00461008     gdi32:GDI32.dll
 0002:0000000c       __imp__SetPixelFormat@12   0046100c     gdi32:GDI32.dll
 0002:00000010       __imp__ChoosePixelFormat@8 00461010     gdi32:GDI32.dll
 0002:00000014       __imp__SwapBuffers@4       00461014     gdi32:GDI32.dll
 0002:00000018       __imp__GetDeviceCaps@8     00461018     gdi32:GDI32.dll
 0002:0000001c       \177GDI32_NULL_THUNK_DATA  0046101c     gdi32:GDI32.dll
 0002:00000020       __imp__GetDriveTypeA@4     00461020     kernel32:KERNEL32.dll
 0002:00000024       __imp__SetErrorMode@4      00461024     kernel32:KERNEL32.dll
 0002:00000028       __imp__GetStdHandle@4      00461028     kernel32:KERNEL32.dll
 0002:0000002c       __imp__AllocConsole@0      0046102c     kernel32:KERNEL32.dll
 0002:00000030       __imp__ReadConsoleInputA@16 00461030     kernel32:KERNEL32.dll
 0002:00000034       __imp__GetNumberOfConsoleInputEvents@8 00461034     kernel32:KERNEL32.dll
 0002:00000038       __imp__FreeConsole@0       00461038     kernel32:KERNEL32.dll
 0002:0000003c       __imp__SetConsoleTextAttribute@8 0046103c     kernel32:KERNEL32.dll
 0002:00000040       __imp__SetPriorityClass@8  00461040     kernel32:KERNEL32.dll
 0002:00000044       __imp__GetCurrentProcess@0 00461044     kernel32:KERNEL32.dll
 0002:00000048       __imp__GetVersionExA@4     00461048     kernel32:KERNEL32.dll
 0002:0000004c       __imp__Sleep@4             0046104c     kernel32:KERNEL32.dll
 0002:00000050       __imp__LoadLibraryA@4      00461050     kernel32:KERNEL32.dll
 0002:00000054       __imp__GetStartupInfoA@4   00461054     kernel32:KERNEL32.dll
 0002:00000058       __imp__GetModuleHandleA@4  00461058     kernel32:KERNEL32.dll
 0002:0000005c       __imp__GetProcAddress@8    0046105c     kernel32:KERNEL32.dll
 0002:00000060       __imp__FreeLibrary@4       00461060     kernel32:KERNEL32.dll
 0002:00000064       __imp__IsBadReadPtr@8      00461064     kernel32:KERNEL32.dll
 0002:00000068       __imp__VirtualQuery@12     00461068     kernel32:KERNEL32.dll
 0002:0000006c       __imp__WriteFile@20        0046106c     kernel32:KERNEL32.dll
 0002:00000070       __imp__GetModuleFileNameA@12 00461070     kernel32:KERNEL32.dll
 0002:00000074       \177KERNEL32_NULL_THUNK_DATA 00461074     kernel32:KERNEL32.dll
 0002:00000078       __imp____p__commode        00461078     MSVCRT:MSVCRT.dll
 0002:0000007c       __imp___adjust_fdiv        0046107c     MSVCRT:MSVCRT.dll
 0002:00000080       __imp____setusermatherr    00461080     MSVCRT:MSVCRT.dll
 0002:00000084       __imp____p__fmode          00461084     MSVCRT:MSVCRT.dll
 0002:00000088       __imp____getmainargs       00461088     MSVCRT:MSVCRT.dll
 0002:0000008c       __imp___acmdln             0046108c     MSVCRT:MSVCRT.dll
 0002:00000090       __imp___XcptFilter         00461090     MSVCRT:MSVCRT.dll
 0002:00000094       __imp___exit               00461094     MSVCRT:MSVCRT.dll
 0002:00000098       __imp_??1type_info@@UAE@XZ 00461098     MSVCRT:MSVCRT.dll
 0002:0000009c       __imp___ftol               0046109c     MSVCRT:MSVCRT.dll
 0002:000000a0       __imp__fflush              004610a0     MSVCRT:MSVCRT.dll
 0002:000000a4       __imp___winmajor           004610a4     MSVCRT:MSVCRT.dll
 0002:000000a8       __imp__asin                004610a8     MSVCRT:MSVCRT.dll
 0002:000000ac       __imp__pow                 004610ac     MSVCRT:MSVCRT.dll
 0002:000000b0       __imp__exit                004610b0     MSVCRT:MSVCRT.dll
 0002:000000b4       __imp___findclose          004610b4     MSVCRT:MSVCRT.dll
 0002:000000b8       __imp___findnext           004610b8     MSVCRT:MSVCRT.dll
 0002:000000bc       __imp___findfirst          004610bc     MSVCRT:MSVCRT.dll
 0002:000000c0       __imp___mkdir              004610c0     MSVCRT:MSVCRT.dll
 0002:000000c4       __imp__memset              004610c4     MSVCRT:MSVCRT.dll
 0002:000000c8       __imp__memcpy              004610c8     MSVCRT:MSVCRT.dll
 0002:000000cc       __imp__remove              004610cc     MSVCRT:MSVCRT.dll
 0002:000000d0       __imp__srand               004610d0     MSVCRT:MSVCRT.dll
 0002:000000d4       __imp__strstr              004610d4     MSVCRT:MSVCRT.dll
 0002:000000d8       __imp__memmove             004610d8     MSVCRT:MSVCRT.dll
 0002:000000dc       __imp__atan                004610dc     MSVCRT:MSVCRT.dll
 0002:000000e0       __imp__strncpy             004610e0     MSVCRT:MSVCRT.dll
 0002:000000e4       __imp__sscanf              004610e4     MSVCRT:MSVCRT.dll
 0002:000000e8       __imp____set_app_type      004610e8     MSVCRT:MSVCRT.dll
 0002:000000ec       __imp___controlfp          004610ec     MSVCRT:MSVCRT.dll
 0002:000000f0       __imp___stricmp            004610f0     MSVCRT:MSVCRT.dll
 0002:000000f0       __imp__stricmp             004610f0     MSVCRT:MSVCRT.dll
 0002:000000f4       __imp__strnicmp            004610f4     MSVCRT:MSVCRT.dll
 0002:000000f4       __imp___strnicmp           004610f4     MSVCRT:MSVCRT.dll
 0002:000000f8       __imp___initterm           004610f8     MSVCRT:MSVCRT.dll
 0002:000000fc       __imp__sqrt                004610fc     MSVCRT:MSVCRT.dll
 0002:00000100       __imp__acos                00461100     MSVCRT:MSVCRT.dll
 0002:00000104       __imp__atan2               00461104     MSVCRT:MSVCRT.dll
 0002:00000108       __imp__fmod                00461108     MSVCRT:MSVCRT.dll
 0002:0000010c       __imp__strcat              0046110c     MSVCRT:MSVCRT.dll
 0002:00000110       __imp__atof                00461110     MSVCRT:MSVCRT.dll
 0002:00000114       __imp__cos                 00461114     MSVCRT:MSVCRT.dll
 0002:00000118       __imp__tan                 00461118     MSVCRT:MSVCRT.dll
 0002:0000011c       __imp__rand                0046111c     MSVCRT:MSVCRT.dll
 0002:00000120       __imp__sin                 00461120     MSVCRT:MSVCRT.dll
 0002:00000124       __imp__atoi                00461124     MSVCRT:MSVCRT.dll
 0002:00000128       __imp__fwrite              00461128     MSVCRT:MSVCRT.dll
 0002:0000012c       __imp__rename              0046112c     MSVCRT:MSVCRT.dll
 0002:00000130       __imp__fseek               00461130     MSVCRT:MSVCRT.dll
 0002:00000134       __imp__putenv              00461134     MSVCRT:MSVCRT.dll
 0002:00000134       __imp___putenv             00461134     MSVCRT:MSVCRT.dll
 0002:00000138       __imp__ftell               00461138     MSVCRT:MSVCRT.dll
 0002:0000013c       __imp__strcmp              0046113c     MSVCRT:MSVCRT.dll
 0002:00000140       __imp__time                00461140     MSVCRT:MSVCRT.dll
 0002:00000144       __imp__localtime           00461144     MSVCRT:MSVCRT.dll
 0002:00000148       __imp__strftime            00461148     MSVCRT:MSVCRT.dll
 0002:0000014c       __imp__fprintf             0046114c     MSVCRT:MSVCRT.dll
 0002:00000150       __imp__strrchr             00461150     MSVCRT:MSVCRT.dll
 0002:00000154       __imp__strlen              00461154     MSVCRT:MSVCRT.dll
 0002:00000158       __imp___except_handler3    00461158     MSVCRT:MSVCRT.dll
 0002:0000015c       __imp__fclose              0046115c     MSVCRT:MSVCRT.dll
 0002:00000160       __imp__fread               00461160     MSVCRT:MSVCRT.dll
 0002:00000164       __imp__fopen               00461164     MSVCRT:MSVCRT.dll
 0002:00000168       __imp__malloc              00461168     MSVCRT:MSVCRT.dll
 0002:0000016c       __imp__free                0046116c     MSVCRT:MSVCRT.dll
 0002:00000170       __imp__qsort               00461170     MSVCRT:MSVCRT.dll
 0002:00000174       __imp___vsnprintf          00461174     MSVCRT:MSVCRT.dll
 0002:00000178       __imp___CxxThrowException@8 00461178     MSVCRT:MSVCRT.dll
 0002:0000017c       __imp__strcpy              0046117c     MSVCRT:MSVCRT.dll
 0002:00000180       __imp__strchr              00461180     MSVCRT:MSVCRT.dll
 0002:00000184       \177MSVCRT_NULL_THUNK_DATA 00461184     MSVCRT:MSVCRT.dll
 0002:00000188       __imp__DefWindowProcA@16   00461188     user32:USER32.dll
 0002:0000018c       __imp__ShowCursor@4        0046118c     user32:USER32.dll
 0002:00000190       __imp__ReleaseCapture@0    00461190     user32:USER32.dll
 0002:00000194       __imp__ClipCursor@4        00461194     user32:USER32.dll
 0002:00000198       __imp__SetCursorPos@8      00461198     user32:USER32.dll
 0002:0000019c       __imp__GetCursorPos@4      0046119c     user32:USER32.dll
 0002:000001a0       __imp__SetCursor@4         004611a0     user32:USER32.dll
 0002:000001a4       __imp__SetCapture@4        004611a4     user32:USER32.dll
 0002:000001a8       __imp__GetWindowRect@8     004611a8     user32:USER32.dll
 0002:000001ac       __imp__GetSystemMetrics@4  004611ac     user32:USER32.dll
 0002:000001b0       __imp__DispatchMessageA@4  004611b0     user32:USER32.dll
 0002:000001b4       __imp__TranslateMessage@4  004611b4     user32:USER32.dll
 0002:000001b8       __imp__PeekMessageA@20     004611b8     user32:USER32.dll
 0002:000001bc       __imp__MessageBoxA@16      004611bc     user32:USER32.dll
 0002:000001c0       __imp__CreateWindowExA@48  004611c0     user32:USER32.dll
 0002:000001c4       __imp__RegisterClassA@4    004611c4     user32:USER32.dll
 0002:000001c8       __imp__LoadCursorA@8       004611c8     user32:USER32.dll
 0002:000001cc       __imp__LoadIconA@8         004611cc     user32:USER32.dll
 0002:000001d0       __imp__SetFocus@4          004611d0     user32:USER32.dll
 0002:000001d4       __imp__SetForegroundWindow@4 004611d4     user32:USER32.dll
 0002:000001d8       __imp__UpdateWindow@4      004611d8     user32:USER32.dll
 0002:000001dc       __imp__SetWindowPos@28     004611dc     user32:USER32.dll
 0002:000001e0       __imp__GetDesktopWindow@0  004611e0     user32:USER32.dll
 0002:000001e4       __imp__ReleaseDC@8         004611e4     user32:USER32.dll
 0002:000001e8       __imp__MoveWindow@24       004611e8     user32:USER32.dll
 0002:000001ec       __imp__DestroyWindow@4     004611ec     user32:USER32.dll
 0002:000001f0       __imp__UnregisterClassA@8  004611f0     user32:USER32.dll
[...]
 0001:0005cf07       _start_iMCU_row            0045df07 f   lib:jddiffct.obj
 0001:0005cf4c       _start_output_pass         0045df4c f   lib:jddiffct.obj
 0001:0005cf58       _decompress_data           0045df58 f   lib:jddiffct.obj
 0001:0005d0c8       _process_restart           0045e0c8 f   lib:jddiffct.obj
 0001:0005d0fd       _dummy_consume_data        0045e0fd f   lib:jddiffct.obj
 0001:0005d100       _consume_data              0045e100 f   lib:jddiffct.obj
 0001:0005d177       _output_data               0045e177 f   lib:jddiffct.obj
 0001:0005cbfb       _start_pass                0045dbfb f   lib:jddctmgr.obj
 0001:0005c04d       _start_pass_phuff_decoder  0045d04d f   lib:jdphuff.obj
 0001:0005c296       _decode_mcu_DC_first       0045d296 f   lib:jdphuff.obj
 0001:0005c48e       _process_restart           0045d48e f   lib:jdphuff.obj
 0001:0005c4fd       _decode_mcu_AC_first       0045d4fd f   lib:jdphuff.obj
 0001:0005c71d       _decode_mcu_DC_refine      0045d71d f   lib:jdphuff.obj
 0001:0005c7f2       _decode_mcu_AC_refine      0045d7f2 f   lib:jdphuff.obj
 0001:0005ba94       _start_pass_huff_decoder   0045ca94 f   lib:jdshuff.obj
 0001:0005bbcc       _decode_mcu                0045cbcc f   lib:jdshuff.obj
 0001:0005bf7c       _process_restart           0045cf7c f   lib:jdshuff.obj
 0001:0005ae7d       _start_input_pass          0045be7d f   lib:jdcoefct.obj
 0001:0005ae90       _start_iMCU_row            0045be90 f   lib:jdcoefct.obj
 0001:0005aed5       _start_output_pass         0045bed5 f   lib:jdcoefct.obj
 0001:0005af12       _decompress_onepass        0045bf12 f   lib:jdcoefct.obj
 0001:0005d0fd       _dummy_consume_data        0045e0fd f   lib:jddiffct.obj
 0001:0005b0eb       _consume_data              0045c0eb f   lib:jdcoefct.obj
 0001:0005b2a4       _decompress_data           0045c2a4 f   lib:jdcoefct.obj
 0001:0005b410       _smoothing_ok              0045c410 f   lib:jdcoefct.obj
 0001:0005b4fb       _decompress_smooth_data    0045c4fb f   lib:jdcoefct.obj
 0001:0005ad16       _scaler_start_pass         0045bd16 f   lib:jcscale.obj
 0001:0005ad39       _simple_downscale          0045bd39 f   lib:jcscale.obj
 0001:0005ad65       _noscale                   0045bd65 f   lib:jcscale.obj
 0001:0005a80e       _start_pass                0045b80e f   lib:jcpred.obj
 0001:0005a866       _reset_predictor           0045b866 f   lib:jcpred.obj
 0001:0005a893       _jpeg_difference_first_row 0045b893 f   lib:jcpred.obj
 0001:0005a97d       _jpeg_difference1          0045b97d f   lib:jcpred.obj
 0001:0005a9eb       _jpeg_difference2          0045b9eb f   lib:jcpred.obj
 0001:0005aa5c       _jpeg_difference3          0045ba5c f   lib:jcpred.obj
 0001:0005aad4       _jpeg_difference4          0045bad4 f   lib:jcpred.obj
 0001:0005ab5f       _jpeg_difference5          0045bb5f f   lib:jcpred.obj
 0001:0005abf2       _jpeg_difference6          0045bbf2 f   lib:jcpred.obj
 0001:0005ac81       _jpeg_difference7          0045bc81 f   lib:jcpred.obj
 0001:0005a0fd       _start_pass_huff           0045b0fd f   lib:jclhuff.obj
 0001:0005a29a       _encode_mcus_huff          0045b29a f   lib:jclhuff.obj
 0001:0005a485       _emit_bits                 0045b485 f   lib:jclhuff.obj
 0001:0005a528       _dump_buffer               0045b528 f   lib:jclhuff.obj
 0001:0005a54c       _emit_restart              0045b54c f   lib:jclhuff.obj
 0001:0005a597       _flush_bits                0045b597 f   lib:jclhuff.obj
 0001:0005a5bb       _finish_pass_huff          0045b5bb f   lib:jclhuff.obj
 0001:0005a628       _encode_mcus_gather        0045b628 f   lib:jclhuff.obj
 0001:0005a751       _finish_pass_gather        0045b751 f   lib:jclhuff.obj
 0001:0005a7e7       _need_optimization_pass    0045b7e7 f   lib:jclhuff.obj
 0001:00059cdb       _start_pass_diff           0045acdb f   lib:jcdiffct.obj
 0001:00059d79       _start_iMCU_row            0045ad79 f   lib:jcdiffct.obj
 0001:00059dbb       _compress_data             0045adbb f   lib:jcdiffct.obj
 0001:00059f51       _compress_first_pass       0045af51 f   lib:jcdiffct.obj
 0001:0005a046       _compress_output           0045b046 f   lib:jcdiffct.obj
 0001:000598ee       _start_pass_fdctmgr        0045a8ee f   lib:jcdctmgr.obj
 0001:000599f0       _forward_DCT_float         0045a9f0 f   lib:jcdctmgr.obj
 0001:00058e23       _start_pass_phuff          00459e23 f   lib:jcphuff.obj
 0001:00058f90       _encode_mcu_DC_first       00459f90 f   lib:jcphuff.obj
 0001:000590c2       _emit_bits                 0045a0c2 f   lib:jcphuff.obj
 0001:0005916d       _dump_buffer               0045a16d f   lib:jcphuff.obj
 0001:000591a5       _emit_symbol               0045a1a5 f   lib:jcphuff.obj
 0001:000591e5       _emit_restart              0045a1e5 f   lib:jcphuff.obj
 0001:0005926e       _emit_eobrun               0045a26e f   lib:jcphuff.obj
 0001:000592f4       _encode_mcu_AC_first       0045a2f4 f   lib:jcphuff.obj
 0001:00059488       _encode_mcu_DC_refine      0045a488 f   lib:jcphuff.obj
 0001:00059542       _encode_mcu_AC_refine      0045a542 f   lib:jcphuff.obj
 0001:00059759       _finish_pass_phuff         0045a759 f   lib:jcphuff.obj
 0001:000597a8       _finish_pass_gather_phuff  0045a7a8 f   lib:jcphuff.obj
 0001:0005986b       _need_optimization_pass    0045a86b f   lib:jcphuff.obj
 0001:000585be       _start_pass_huff           004595be f   lib:jcshuff.obj
 0001:00058733       _encode_mcu_huff           00459733 f   lib:jcshuff.obj
 0001:0005883e       _encode_one_block          0045983e f   lib:jcshuff.obj
 0001:000589b5       _emit_bits                 004599b5 f   lib:jcshuff.obj
 0001:00058a58       _dump_buffer               00459a58 f   lib:jcshuff.obj
 0001:00058a7c       _emit_restart              00459a7c f   lib:jcshuff.obj
 0001:00058ae9       _flush_bits                00459ae9 f   lib:jcshuff.obj
 0001:00058b0d       _finish_pass_huff          00459b0d f   lib:jcshuff.obj
 0001:00058b7c       _encode_mcu_gather         00459b7c f   lib:jcshuff.obj
 0001:00058c32       _htest_one_block           00459c32 f   lib:jcshuff.obj
 0001:00058cf9       _finish_pass_gather        00459cf9 f   lib:jcshuff.obj
 0001:0005a7e7       _need_optimization_pass    0045b7e7 f   lib:jclhuff.obj
 0001:00057f91       _start_pass_coef           00458f91 f   lib:jccoefct.obj
 0001:00059d79       _start_iMCU_row            0045ad79 f   lib:jcdiffct.obj
 0001:00058026       _compress_data             00459026 f   lib:jccoefct.obj
 0001:0005820d       _compress_first_pass       0045920d f   lib:jccoefct.obj
 0001:000583f3       _compress_output           004593f3 f   lib:jccoefct.obj
 0001:00057ea9       _calc_output_dimensions    00458ea9 f   lib:jdlossls.obj
 0001:00057eba       _start_input_pass          00458eba f   lib:jdlossls.obj
 0001:00057be8       _calc_output_dimensions    00458be8 f   lib:jdlossy.obj
 0001:00057d5b       _start_input_pass          00458d5b f   lib:jdlossy.obj
 0001:00057d7b       _latch_quant_tables        00458d7b f   lib:jdlossy.obj
 0001:00057e13       _start_output_pass         00458e13 f   lib:jdlossy.obj
 0001:00057b37       _start_pass                00458b37 f   lib:jclossls.obj
 0001:00057aa3       _start_pass                00458aa3 f   lib:jclossy.obj
 0001:00056ff8       _initial_setup             00457ff8 f   lib:jcmaster.obj
 0001:000571ab       _validate_script           004581ab f   lib:jcmaster.obj
 0001:00057583       _prepare_for_pass          00458583 f   lib:jcmaster.obj
 0001:000576fb       _select_scan_parameters    004586fb f   lib:jcmaster.obj
 0001:000577fc       _per_scan_setup            004587fc f   lib:jcmaster.obj
 0001:000579a7       _pass_startup              004589a7 f   lib:jcmaster.obj
 0001:000579ce       _finish_pass_master        004589ce f   lib:jcmaster.obj
 0001:00056ae4       _rgb_ycc_start             00457ae4 f   lib:jccolor.obj
 0001:00056ba8       _rgb_ycc_convert           00457ba8 f   lib:jccolor.obj
 0001:00056ca7       _rgb_gray_convert          00457ca7 f   lib:jccolor.obj
 0001:00056d2c       _cmyk_ycck_convert         00457d2c f   lib:jccolor.obj
 0001:00056e64       _grayscale_convert         00457e64 f   lib:jccolor.obj
 0001:00056ebe       _null_convert              00457ebe f   lib:jccolor.obj
 0001:00034e79       _null_method               00435e79 f   vid_dll.obj
 0001:00034e79       _start_pass_downsample     00435e79 f   vid_dll.obj
 0001:00056230       _sep_downsample            00457230 f   lib:jcsample.obj
 0001:000562a5       _int_downsample            004572a5 f   lib:jcsample.obj
 0001:0005639d       _expand_right_edge         0045739d f   lib:jcsample.obj
 0001:000563f2       _fullsize_downsample       004573f2 f   lib:jcsample.obj
 0001:00056436       _h2v1_downsample           00457436 f   lib:jcsample.obj
 0001:000564ca       _h2v2_downsample           004574ca f   lib:jcsample.obj
 0001:00056577       _h2v2_smooth_downsample    00457577 f   lib:jcsample.obj
 0001:000567ef       _fullsize_smooth_downsample 004577ef f   lib:jcsample.obj
 0001:00055c2c       _start_pass_prep           00456c2c f   lib:jcprepct.obj
 0001:00055c6a       _pre_process_data          00456c6a f   lib:jcprepct.obj
 0001:00055e18       _pre_process_context       00456e18 f   lib:jcprepct.obj
 0001:00055fd1       _create_context_buffer     00456fd1 f   lib:jcprepct.obj
 0001:00055aa4       _start_pass_main           00456aa4 f   lib:jcmainct.obj
 0001:00055ae6       _process_data_simple_main  00456ae6 f   lib:jcmainct.obj
 0001:0005507a       _create_colormap           0045607a f   lib:jquant1.obj
 0001:000551ac       _select_ncolors            004561ac f   lib:jquant1.obj
 0001:00055283       _create_colorindex         00456283 f   lib:jquant1.obj
 0001:000553af       _alloc_fs_workspace        004563af f   lib:jquant1.obj
 0001:000553eb       _start_pass_1_quant        004563eb f   lib:jquant1.obj
 0001:000554b7       _create_odither_tables     004564b7 f   lib:jquant1.obj
 0001:00055516       _make_odither_array        00456516 f   lib:jquant1.obj
 0001:00055579       _color_quantize            00456579 f   lib:jquant1.obj
 0001:00055604       _color_quantize3           00456604 f   lib:jquant1.obj
 0001:00055692       _quantize_ord_dither       00456692 f   lib:jquant1.obj
 0001:0005577d       _quantize3_ord_dither      0045677d f   lib:jquant1.obj
 0001:0005587d       _quantize_fs_dither        0045687d f   lib:jquant1.obj
 0001:00034e79       _finish_pass_1_quant       00435e79 f   vid_dll.obj
 0001:00055a01       _new_color_map_1_quant     00456a01 f   lib:jquant1.obj
 0001:0005403b       _init_error_limit          0045503b f   lib:jquant2.obj
 0001:000540da       _start_pass_2_quant        004550da f   lib:jquant2.obj
 0001:000541dc       _prescan_quantize          004551dc f   lib:jquant2.obj
 0001:0005424b       _pass2_no_dither           0045524b f   lib:jquant2.obj
 0001:000542f8       _fill_inverse_cmap         004552f8 f   lib:jquant2.obj
 0001:000543c3       _find_nearby_colors        004553c3 f   lib:jquant2.obj
 0001:00054567       _find_best_colors          00455567 f   lib:jquant2.obj
 0001:00054681       _pass2_fs_dither           00455681 f   lib:jquant2.obj
 0001:000548f0       _finish_pass1              004558f0 f   lib:jquant2.obj
 0001:00054912       _select_colors             00455912 f   lib:jquant2.obj
 0001:0005499e       _update_box                0045599e f   lib:jquant2.obj
 0001:00054d38       _median_cut                00455d38 f   lib:jquant2.obj
 0001:00054e4c       _find_biggest_color_pop    00455e4c f   lib:jquant2.obj
 0001:00054e7b       _find_biggest_volume       00455e7b f   lib:jquant2.obj
 0001:00054ea4       _compute_color             00455ea4 f   lib:jquant2.obj
 0001:00034e79       _finish_pass2              00435e79 f   vid_dll.obj
 0001:00054fe0       _new_color_map_2_quant     00455fe0 f   lib:jquant2.obj
 0001:00053a52       _build_ycc_rgb_table       00454a52 f   lib:jdmerge.obj
 0001:00053b02       _start_pass_merged_upsample 00454b02 f   lib:jdmerge.obj
 0001:00053b17       _merged_2v_upsample        00454b17 f   lib:jdmerge.obj
 0001:00053bbe       _merged_1v_upsample        00454bbe f   lib:jdmerge.obj
 0001:00053bef       _h2v1_merged_upsample      00454bef f   lib:jdmerge.obj
 0001:00053d45       _h2v2_merged_upsample      00454d45 f   lib:jdmerge.obj
 0001:000535f6       _build_ycc_rgb_table       004545f6 f   lib:jdcolor.obj
 0001:000536a6       _ycc_rgb_convert           004546a6 f   lib:jdcolor.obj
 0001:000537b4       _null_convert              004547b4 f   lib:jdcolor.obj
 0001:0005382c       _grayscale_convert         0045482c f   lib:jdcolor.obj
 0001:0005384f       _gray_rgb_convert          0045484f f   lib:jdcolor.obj
 0001:000538a8       _ycck_cmyk_convert         004548a8 f   lib:jdcolor.obj
 0001:00034e79       _start_pass_dcolor         00435e79 f   vid_dll.obj
 0001:00053057       _start_pass_upsample       00454057 f   lib:jdsample.obj
 0001:00053071       _sep_upsample              00454071 f   lib:jdsample.obj
 0001:0005313e       _fullsize_upsample         0045413e f   lib:jdsample.obj
 0001:00053149       _noop_upsample             00454149 f   lib:jdsample.obj
 0001:00053151       _int_upsample              00454151 f   lib:jdsample.obj
 0001:0005323b       _h2v1_upsample             0045423b f   lib:jdsample.obj
 0001:00053292       _h2v2_upsample             00454292 f   lib:jdsample.obj
 0001:00053304       _h2v1_fancy_upsample       00454304 f   lib:jdsample.obj
 0001:000533a7       _h2v2_fancy_upsample       004543a7 f   lib:jdsample.obj
 0001:00052c60       _start_pass_dpost          00453c60 f   lib:jdpostct.obj
 0001:00052d06       _post_process_1pass        00453d06 f   lib:jdpostct.obj
 0001:00052d6b       _post_process_prepass      00453d6b f   lib:jdpostct.obj
 0001:00052dfc       _post_process_2pass        00453dfc f   lib:jdpostct.obj
 0001:00052667       _alloc_funny_pointers      00453667 f   lib:jdmainct.obj
 0001:00052714       _start_pass_main           00453714 f   lib:jdmainct.obj
 0001:0005277c       _make_funny_pointers       0045377c f   lib:jdmainct.obj
 0001:000528bc       _process_data_simple_main  004538bc f   lib:jdmainct.obj
 0001:00052924       _process_data_context_main 00453924 f   lib:jdmainct.obj
 0001:00052a36       _set_wraparound_pointers   00453a36 f   lib:jdmainct.obj
 0001:00052b20       _set_bottom_pointers       00453b20 f   lib:jdmainct.obj
 0001:00052bba       _process_data_crank_post   00453bba f   lib:jdmainct.obj
 0001:000513e8       _write_marker_header       004523e8 f   lib:jcmarker.obj
 0001:0005143e       _emit_byte                 0045243e f   lib:jcmarker.obj
 0001:0005146f       _write_marker_byte         0045246f f   lib:jcmarker.obj
 0001:0005147f       _write_file_header         0045247f f   lib:jcmarker.obj
 0001:000514cb       _emit_jfif_app0            004524cb f   lib:jcmarker.obj
 0001:0005159e       _emit_adobe_app14          0045259e f   lib:jcmarker.obj
 0001:00051644       _write_frame_header        00452644 f   lib:jcmarker.obj
 0001:00051723       _emit_dqt                  00452723 f   lib:jcmarker.obj
 0001:00051812       _emit_sof                  00452812 f   lib:jcmarker.obj
 0001:000518ee       _write_scan_header         004528ee f   lib:jcmarker.obj
 0001:000519ae       _emit_dht                  004529ae f   lib:jcmarker.obj
 0001:00051a87       _emit_dri                  00452a87 f   lib:jcmarker.obj
 0001:00051ad6       _emit_sos                  00452ad6 f   lib:jcmarker.obj
 0001:00051bc4       _write_file_trailer        00452bc4 f   lib:jcmarker.obj
 0001:00051be4       _write_tables_only         00452be4 f   lib:jcmarker.obj
 0001:00050f3d       _use_merged_upsample       00451f3d f   lib:jdmaster.obj
 0001:00050fe3       _master_selection          00451fe3 f   lib:jdmaster.obj
 0001:00051140       _prepare_range_limit_table 00452140 f   lib:jdmaster.obj
 0001:000511c6       _prepare_for_output_pass   004521c6 f   lib:jdmaster.obj
 0001:000512e7       _finish_output_pass        004522e7 f   lib:jdmaster.obj
 0001:000503b4       _alloc_small               004513b4 f   lib:jmemmgr.obj
 0001:000504d2       _alloc_large               004514d2 f   lib:jmemmgr.obj
 0001:00050583       _alloc_sarray              00451583 f   lib:jmemmgr.obj
 0001:0005061b       _alloc_barray              0045161b f   lib:jmemmgr.obj
 0001:000506bf       _alloc_darray              004516bf f   lib:jmemmgr.obj
 0001:0005076a       _request_virt_sarray       0045176a f   lib:jmemmgr.obj
 0001:000507cb       _request_virt_barray       004517cb f   lib:jmemmgr.obj
 0001:0005082c       _realize_virt_arrays       0045182c f   lib:jmemmgr.obj
 0001:000509af       _access_virt_sarray        004519af f   lib:jmemmgr.obj
 0001:00050acf       _do_sarray_io              00451acf f   lib:jmemmgr.obj
 0001:00050b5f       _access_virt_barray        00451b5f f   lib:jmemmgr.obj
 0001:00050c84       _do_barray_io              00451c84 f   lib:jmemmgr.obj
 0001:00050d15       _free_pool                 00451d15 f   lib:jmemmgr.obj
 0001:00050dfc       _self_destruct             00451dfc f   lib:jmemmgr.obj
 0001:0004fe4e       _start_input_pass          00450e4e f   lib:jdinput.obj
 0001:0004fe7c       _per_scan_setup            00450e7c f   lib:jdinput.obj
 0001:00050002       _finish_input_pass         00451002 f   lib:jdinput.obj
 0001:00050013       _consume_markers           00451013 f   lib:jdinput.obj
 0001:000500af       _initial_setup             004510af f   lib:jdinput.obj
 0001:000502b9       _reset_input_controller    004512b9 f   lib:jdinput.obj
 0001:0004fc07       _fixedtables               00450c07 f   lib:inflate.obj
 0001:0004fcf1       _updatewindow              00450cf1 f   lib:inflate.obj
 0001:0004e667       _make_crc_table            0044f667 f   lib:crc32.obj
 0001:0004e793       _crc32_little              0044f793 f   lib:crc32.obj
 0001:0004e5a3       _init_destination          0044f5a3 f   lib:jdatadst.obj
 0001:0004e5c9       _empty_output_buffer       0044f5c9 f   lib:jdatadst.obj
 0001:0004e60b       _term_destination          0044f60b f   lib:jdatadst.obj
 0001:0004e12a       _std_huff_tables           0044f12a f   lib:jcparam.obj
 0001:0004e184       _add_huff_table            0044f184 f   lib:jcparam.obj
 0001:0004c677       _next_marker               0044d677 f   lib:jdmarker.obj
 0001:0004c7b1       _get_interesting_appn      0044d7b1 f   lib:jdmarker.obj
 0001:0004c8dc       _examine_app0              0044d8dc f   lib:jdmarker.obj
 0001:0004caea       _examine_app14             0044daea f   lib:jdmarker.obj
 0001:0004cbab       _skip_variable             0044dbab f   lib:jdmarker.obj
 0001:0004cc4e       _read_markers              0044dc4e f   lib:jdmarker.obj
 0001:0004ce56       _get_soi                   0044de56 f   lib:jdmarker.obj
 0001:0004cf01       _get_sof                   0044df01 f   lib:jdmarker.obj
 0001:0004d20a       _get_sos                   0044e20a f   lib:jdmarker.obj
 0001:0004d4f8       _get_dht                   0044e4f8 f   lib:jdmarker.obj
 0001:0004d799       _get_dqt                   0044e799 f   lib:jdmarker.obj
 0001:0004d9f5       _get_dri                   0044e9f5 f   lib:jdmarker.obj
 0001:0004dad4       _first_marker              0044ead4 f   lib:jdmarker.obj
 0001:0004db70       _read_restart_marker       0044eb70 f   lib:jdmarker.obj
 0001:0004dbee       _reset_marker_reader       0044ebee f   lib:jdmarker.obj
 0001:0004c45b       _output_pass_setup         0044d45b f   lib:jdapistd.obj
 0001:0004c14e       _default_decompress_parms  0044d14e f   lib:jdapimin.obj

 113 bytes saved through ICF

