 quake2

 Timestamp is 3d9f1ce5 (Sat Oct 05 21:09:57 2002)

 Preferred load address is 00400000

 Start         Length     Name                   Class
 0001:00000000 00061ba0H .text                   CODE
 0002:00000000 00000354H .idata$5                DATA
 0002:00000358 0000167cH .rdata                  DATA
 0002:000019d4 00000078H .idata$2                DATA
 0002:00001a4c 00000014H .idata$3                DATA
 0002:00001a60 00000354H .idata$4                DATA
 0002:00001db4 00000b38H .idata$6                DATA
 0002:000028ec 00000000H .edata                  DATA
 0003:00000000 00000004H .CRT$XCA                DATA
 0003:00000004 00000004H .CRT$XCZ                DATA
 0003:00000008 00000004H .CRT$XIA                DATA
 0003:0000000c 00000004H .CRT$XIZ                DATA
 0003:00000010 00016534H .data                   DATA
 0003:00016548 00980d5cH .bss                    DATA
 0004:00000000 000000a0H .rsrc$01                DATA
 0004:000000a0 00000300H .rsrc$02                DATA

  Address         Publics by Value              Rva+Base     Lib:Object

 0001:00000000       _CDAudio_Play2             00401000 f   cd_win.obj
 0001:000001e5       _CDAudio_Play              004011e5 f   cd_win.obj
 0001:000001fc       _CDAudio_Stop              004011fc f   cd_win.obj
 0001:00000241       _CDAudio_Pause             00401241 f   cd_win.obj
 0001:0000029a       _CDAudio_Resume            0040129a f   cd_win.obj
 0001:0000030c       _CDAudio_MessageHandler    0040130c f   cd_win.obj
 0001:000003a3       _CDAudio_Update            004013a3 f   cd_win.obj
 0001:000003da       _CDAudio_Init              004013da f   cd_win.obj
 0001:000007d1       _CDAudio_Shutdown          004017d1 f   cd_win.obj
 0001:00000804       _CDAudio_Activate          00401804 f   cd_win.obj
 0001:00000815       _SCR_StopCinematic         00401815 f   cl_cin.obj
 0001:000008a1       _SCR_FinishCinematic       004018a1 f   cl_cin.obj
 0001:000008cb       _SCR_ReadNextFrame         004018cb f   cl_cin.obj
 0001:00000bec       _SCR_RunCinematic          00401bec f   cl_cin.obj
 0001:00000ce5       _SCR_DrawCinematic         00401ce5 f   cl_cin.obj
 0001:00000d84       _SCR_PlayCinematic         00401d84 f   cl_cin.obj
 0001:000010a6       _CL_ParseEntityBits        004020a6 f   cl_ents.obj
 0001:00001125       _CL_ParseDelta             00402125 f   cl_ents.obj
 0001:00001303       _CL_DeltaEntity            00402303 f   cl_ents.obj
 0001:0000149c       _CL_ParsePacketEntities    0040249c f   cl_ents.obj
 0001:000016bf       _CL_ParsePlayerstate       004026bf f   cl_ents.obj
 0001:000019cd       _CL_FireEntityEvents       004029cd f   cl_ents.obj
 0001:00001a1c       _CL_ParseFrame             00402a1c f   cl_ents.obj
 0001:00001c89       _CL_AddPacketEntities      00402c89 f   cl_ents.obj
 0001:00002733       _CL_AddViewWeapon          00403733 f   cl_ents.obj
 0001:0000286d       _CL_CalcViewValues         0040386d f   cl_ents.obj
 0001:00002b0b       _CL_AddEntities            00403b0b f   cl_ents.obj
 0001:00002bdd       _CL_GetEntitySoundOrigin   00403bdd f   cl_ents.obj
 0001:00002c2a       _CL_RunLightStyles         00403c2a f   cl_fx.obj
 0001:00002c9a       _CL_SetLightstyle          00403c9a f   cl_fx.obj
 0001:00002d05       _CL_AddLightStyles         00403d05 f   cl_fx.obj
 0001:00002d3d       _CL_AllocDlight            00403d3d f   cl_fx.obj
 0001:00002da8       _CL_RunDLights             00403da8 f   cl_fx.obj
 0001:00002dfa       _CL_ParseMuzzleFlash       00403dfa f   cl_fx.obj
 0001:00003645       _CL_ParseMuzzleFlash2      00404645 f   cl_fx.obj
 0001:00003d4f       _CL_AddDLights             00404d4f f   cl_fx.obj
 0001:00003e1d       _CL_ClearParticles         00404e1d f   cl_fx.obj
 0001:00003e51       _CL_ParticleEffect         00404e51 f   cl_fx.obj
 0001:00003f4e       _CL_ParticleEffect2        00404f4e f   cl_fx.obj
 0001:00004040       _CL_ParticleEffect3        00405040 f   cl_fx.obj
 0001:00004132       _CL_TeleporterParticles    00405132 f   cl_fx.obj
 0001:0000421a       _CL_LogoutEffect           0040521a f   cl_fx.obj
 0001:00004349       _CL_ItemRespawnParticles   00405349 f   cl_fx.obj
 0001:0000442c       _CL_ExplosionParticles     0040542c f   cl_fx.obj
 0001:0000450f       _CL_BigTeleportParticles   0040550f f   cl_fx.obj
 0001:00004683       _CL_BlasterParticles       00405683 f   cl_fx.obj
 0001:00004783       _CL_BlasterTrail           00405783 f   cl_fx.obj
 0001:000048b4       _CL_FlagTrail              004058b4 f   cl_fx.obj
 0001:000049ea       _CL_DiminishingTrail       004059ea f   cl_fx.obj
 0001:00004cae       _MakeNormalVectors         00405cae f   cl_fx.obj
 0001:00004d05       _CL_RocketTrail            00405d05 f   cl_fx.obj
 0001:00004e70       _CL_RailTrail              00405e70 f   cl_fx.obj
 0001:00005111       _CL_IonripperTrail         00406111 f   cl_fx.obj
 0001:00005264       _CL_BubbleTrail            00406264 f   cl_fx.obj
 0001:000053ba       _CL_FlyParticles           004063ba f   cl_fx.obj
 0001:0000558d       _CL_FlyEffect              0040658d f   cl_fx.obj
 0001:00005610       _CL_BfgParticles           00406610 f   cl_fx.obj
 0001:00005817       _CL_TrapParticles          00406817 f   cl_fx.obj
 0001:00005b19       _CL_BFGExplosionParticles  00406b19 f   cl_fx.obj
 0001:00005bfc       _CL_TeleportParticles      00406bfc f   cl_fx.obj
 0001:00005d6b       _CL_AddParticles           00406d6b f   cl_fx.obj
 0001:00005ec4       _CL_EntityEvent            00406ec4 f   cl_fx.obj
 0001:000060a1       _CL_ClearEffects           004070a1 f   cl_fx.obj
 0001:000060d3       _KeyDown                   004070d3 f   cl_input.obj
 0001:00006149       _KeyUp                     00407149 f   cl_input.obj
 0001:000061c3       _IN_KLookDown              004071c3 f   cl_input.obj
 0001:000061cf       _IN_KLookUp                004071cf f   cl_input.obj
 0001:000061db       _IN_UpDown                 004071db f   cl_input.obj
 0001:000061e7       _IN_UpUp                   004071e7 f   cl_input.obj
 0001:000061f3       _IN_DownDown               004071f3 f   cl_input.obj
 0001:000061ff       _IN_DownUp                 004071ff f   cl_input.obj
 0001:0000620b       _IN_LeftDown               0040720b f   cl_input.obj
 0001:00006217       _IN_LeftUp                 00407217 f   cl_input.obj
 0001:00006223       _IN_RightDown              00407223 f   cl_input.obj
 0001:0000622f       _IN_RightUp                0040722f f   cl_input.obj
 0001:0000623b       _IN_ForwardDown            0040723b f   cl_input.obj
 0001:00006247       _IN_ForwardUp              00407247 f   cl_input.obj
 0001:00006253       _IN_BackDown               00407253 f   cl_input.obj
 0001:0000625f       _IN_BackUp                 0040725f f   cl_input.obj
 0001:0000626b       _IN_LookupDown             0040726b f   cl_input.obj
 0001:00006277       _IN_LookupUp               00407277 f   cl_input.obj
 0001:00006283       _IN_LookdownDown           00407283 f   cl_input.obj
 0001:0000628f       _IN_LookdownUp             0040728f f   cl_input.obj
 0001:0000629b       _IN_MoveleftDown           0040729b f   cl_input.obj
 0001:000062a7       _IN_MoveleftUp             004072a7 f   cl_input.obj
 0001:000062b3       _IN_MoverightDown          004072b3 f   cl_input.obj
 0001:000062bf       _IN_MoverightUp            004072bf f   cl_input.obj
 0001:000062cb       _IN_SpeedDown              004072cb f   cl_input.obj
 0001:000062d7       _IN_SpeedUp                004072d7 f   cl_input.obj
 0001:000062e3       _IN_StrafeDown             004072e3 f   cl_input.obj
 0001:000062ef       _IN_StrafeUp               004072ef f   cl_input.obj
 0001:000062fb       _IN_AttackDown             004072fb f   cl_input.obj
 0001:00006307       _IN_AttackUp               00407307 f   cl_input.obj
 0001:00006313       _IN_UseDown                00407313 f   cl_input.obj
 0001:0000631f       _IN_UseUp                  0040731f f   cl_input.obj
 0001:0000632b       _IN_Impulse                0040732b f   cl_input.obj
 0001:00006341       _CL_KeyState               00407341 f   cl_input.obj
 0001:0000639f       _CL_AdjustAngles           0040739f f   cl_input.obj
 0001:000064ae       _CL_BaseMove               004074ae f   cl_input.obj
 0001:00006688       _CL_ClampPitch             00407688 f   cl_input.obj
 0001:00006736       _CL_FinishMove             00407736 f   cl_input.obj
 0001:000067e5       _CL_CreateCmd              004077e5 f   cl_input.obj
 0001:00006851       _IN_CenterView             00407851 f   cl_input.obj
 0001:00006872       _CL_InitInput              00407872 f   cl_input.obj
 0001:00006a78       _CL_SendCmd                00407a78 f   cl_input.obj
 0001:00006c72       _CL_ParseInventory         00407c72 f   cl_inv.obj
 0001:00006c92       _CL_DrawInventory          00407c92 f   cl_inv.obj
 0001:00006eeb       _CL_WriteDemoMessage       00407eeb f   cl_main.obj
 0001:00006f2d       _CL_Stop_f                 00407f2d f   cl_main.obj
 0001:00006f88       _CL_Record_f               00407f88 f   cl_main.obj
 0001:00007201       _Cmd_ForwardToServer       00408201 f   cl_main.obj
 0001:0000726d       _CL_Setenv_f               0040826d f   cl_main.obj
 0001:00007331       _CL_ForwardToServer_f      00408331 f   cl_main.obj
 0001:0000737f       _CL_Pause_f                0040837f f   cl_main.obj
 0001:000073b8       _CL_Quit_f                 004083b8 f   cl_main.obj
 0001:000073c2       _CL_Drop                   004083c2 f   cl_main.obj
 0001:000073e4       _CL_SendConnectPacket      004083e4 f   cl_main.obj
 0001:000074b8       _CL_CheckForResend         004084b8 f   cl_main.obj
 0001:00007598       _CL_Connect_f              00408598 f   cl_main.obj
 0001:00007617       _CL_Rcon_f                 00408617 f   cl_main.obj
 0001:00007764       _CL_ClearState             00408764 f   cl_main.obj
 0001:000077a3       _CL_Disconnect             004087a3 f   cl_main.obj
 0001:000078d8       _CL_Disconnect_f           004088d8 f   cl_main.obj
 0001:000078e7       _CL_Changing_f             004088e7 f   cl_main.obj
 0001:0000790b       _CL_Reconnect_f            0040890b f   cl_main.obj
 0001:000079a7       _CL_ParseStatusMessage     004089a7 f   cl_main.obj
 0001:000079de       _CL_PingServers_f          004089de f   cl_main.obj
 0001:00007b38       _CL_Skins_f                00408b38 f   cl_main.obj
 0001:00007b74       _CL_ConnectionlessPacket   00408b74 f   cl_main.obj
 0001:00007db6       _CL_ReadPackets            00408db6 f   cl_main.obj
 0001:00007ef4       _CL_FixUpGender            00408ef4 f   cl_main.obj
 0001:00007fc7       _CL_Userinfo_f             00408fc7 f   cl_main.obj
 0001:00007fdf       _CL_Snd_Restart_f          00408fdf f   cl_main.obj
 0001:00007fee       _CL_RequestNextDownload    00408fee f   cl_main.obj
 0001:00008632       _CL_Precache_f             00409632 f   cl_main.obj
 0001:0000869b       _CL_WriteConfiguration     0040969b f   cl_main.obj
 0001:00008726       _CL_WriteConfig_f          00409726 f   cl_main.obj
 0001:00008785       _CL_InitLocal              00409785 f   cl_main.obj
 0001:000089a5       _CL_FixCvarCheats          004099a5 f   cl_main.obj
 0001:00008a62       _CL_SendCommand            00409a62 f   cl_main.obj
 0001:00008a80       _CL_Frame                  00409a80 f   cl_main.obj
 0001:00008c35       _CL_Init                   00409c35 f   cl_main.obj
 0001:00008c8a       _CL_Shutdown               00409c8a f   cl_main.obj
 0001:00008cd0       _vectoangles2              00409cd0 f   cl_newfx.obj
 0001:00008dd2       _CL_Flashlight             00409dd2 f   cl_newfx.obj
 0001:00008e23       _CL_ColorFlash             00409e23 f   cl_newfx.obj
 0001:00008ec9       _CL_DebugTrail             00409ec9 f   cl_newfx.obj
 0001:00008ff7       _CL_ForceWall              00409ff7 f   cl_newfx.obj
 0001:0000915b       _CL_BubbleTrail2           0040a15b f   cl_newfx.obj
 0001:000092bd       _CL_Heatbeam               0040a2bd f   cl_newfx.obj
 0001:00009588       _CL_ParticleSteamEffect    0040a588 f   cl_newfx.obj
 0001:000096c2       _CL_ParticleSteamEffect2   0040a6c2 f   cl_newfx.obj
 0001:00009814       _CL_TrackerTrail           0040a814 f   cl_newfx.obj
 0001:00009996       _CL_Tracker_Shell          0040a996 f   cl_newfx.obj
 0001:00009a3f       _CL_MonsterPlasma_Shell    0040aa3f f   cl_newfx.obj
 0001:00009ae7       _CL_Widowbeamout           0040aae7 f   cl_newfx.obj
 0001:00009bbf       _CL_Nukeblast              0040abbf f   cl_newfx.obj
 0001:00009c97       _CL_WidowSplash            0040ac97 f   cl_newfx.obj
 0001:00009d7b       _CL_TagTrail               0040ad7b f   cl_newfx.obj
 0001:00009eb1       _CL_ColorExplosionParticles 0040aeb1 f   cl_newfx.obj
 0001:00009f93       _CL_ParticleSmokeEffect    0040af93 f   cl_newfx.obj
 0001:0000a0cb       _CL_BlasterParticles2      0040b0cb f   cl_newfx.obj
 0001:0000a1cd       _CL_BlasterTrail2          0040b1cd f   cl_newfx.obj
 0001:0000a2fe       _CL_DownloadFileName       0040b2fe f   cl_parse.obj
 0001:0000a33d       _CL_CheckOrDownloadFile    0040b33d f   cl_parse.obj
 0001:0000a4a1       _CL_Download_f             0040b4a1 f   cl_parse.obj
 0001:0000a56d       _CL_RegisterSounds         0040b56d f   cl_parse.obj
 0001:0000a5ac       _CL_ParseDownload          0040b5ac f   cl_parse.obj
 0001:0000a719       _CL_ParseServerData        0040b719 f   cl_parse.obj
 0001:0000a828       _CL_ParseBaseline          0040b828 f   cl_parse.obj
 0001:0000a862       _CL_LoadClientinfo         0040b862 f   cl_parse.obj
 0001:0000abfa       _CL_ParseClientinfo        0040bbfa f   cl_parse.obj
 0001:0000ac1e       _CL_ParseConfigString      0040bc1e f   cl_parse.obj
 0001:0000ada3       _CL_ParseStartSoundPacket  0040bda3 f   cl_parse.obj
 0001:0000aea5       _SHOWNET                   0040bea5 f   cl_parse.obj
 0001:0000aec9       _CL_ParseServerMessage     0040bec9 f   cl_parse.obj
 0001:0000b169       _CL_CheckPredictionError   0040c169 f   cl_pred.obj
 0001:0000b28f       _CL_ClipMoveToEntities     0040c28f f   cl_pred.obj
 0001:0000b3e6       _CL_PMTrace                0040c3e6 f   cl_pred.obj
 0001:0000b455       _CL_PMpointcontents        0040c455 f   cl_pred.obj
 0001:0000b4bf       _CL_PredictMovement        0040c4bf f   cl_pred.obj
 0001:0000b6cd       _CL_AddNetgraph            0040c6cd f   cl_scrn.obj
 0001:0000b7a7       _SCR_DebugGraph            0040c7a7 f   cl_scrn.obj
 0001:0000b7cf       _SCR_DrawDebugGraph        0040c7cf f   cl_scrn.obj
 0001:0000b8ae       _SCR_CenterPrint           0040c8ae f   cl_scrn.obj
 0001:0000b9bf       _SCR_DrawCenterString      0040c9bf f   cl_scrn.obj
 0001:0000bb1c       _SCR_SizeUp_f              0040cb1c f   cl_scrn.obj
 0001:0000bb35       _SCR_SizeDown_f            0040cb35 f   cl_scrn.obj
 0001:0000bb56       _SCR_Sky_f                 0040cb56 f   cl_scrn.obj
 0001:0000bc01       _SCR_Init                  0040cc01 f   cl_scrn.obj
 0001:0000bc66       _SCR_DrawNet               0040cc66 f   cl_scrn.obj
 0001:0000bca1       _SCR_DrawPause             0040cca1 f   cl_scrn.obj
 0001:0000bd04       _SCR_RunConsole            0040cd04 f   cl_scrn.obj
 0001:0000bda5       _SCR_DrawConsole           0040cda5 f   cl_scrn.obj
 0001:0000be35       _SCR_SetLevelshot          0040ce35 f   cl_scrn.obj
 0001:0000bec7       _SCR_DrawLoading           0040cec7 f   cl_scrn.obj
 0001:0000bf65       _SCR_BeginLoadingPlaque    0040cf65 f   cl_scrn.obj
 0001:0000bfbb       _SCR_EndLoadingPlaque      0040cfbb f   cl_scrn.obj
 0001:0000bfd6       _SCR_Loading_f             0040cfd6 f   cl_scrn.obj
 0001:0000bfdb       _SCR_TimeRefresh_f         0040cfdb f   cl_scrn.obj
 0001:0000c0b2       _SCR_AddDirtyPoint         0040d0b2 f   cl_scrn.obj
 0001:0000c0ef       _SCR_DirtyScreen           0040d0ef f   cl_scrn.obj
 0001:0000c16a       _SCR_TileClear             0040d16a f   cl_scrn.obj
 0001:0000c34d       _DrawHUDString             0040d34d f   cl_scrn.obj
 0001:0000c3ff       _SCR_DrawField             0040d3ff f   cl_scrn.obj
 0001:0000c523       _SCR_TouchPics             0040d523 f   cl_scrn.obj
 0001:0000c5b5       _SCR_ExecuteLayoutString   0040d5b5 f   cl_scrn.obj
 0001:0000cf4f       _SCR_UpdateScreen          0040df4f f   cl_scrn.obj
 0001:0000d230       _CL_RegisterTEntSounds     0040e230 f   cl_tent.obj
 0001:0000d468       _CL_RegisterTEntModels     0040e468 f   cl_tent.obj
 0001:0000d5ee       _CL_ClearTEnts             0040e5ee f   cl_tent.obj
 0001:0000d645       _CL_AllocExplosion         0040e645 f   cl_tent.obj
 0001:0000d6bf       _CL_SmokeAndFlash          0040e6bf f   cl_tent.obj
 0001:0000d750       _CL_ParseBeam              0040e750 f   cl_tent.obj
 0001:0000d854       _CL_ParseBeam2             0040e854 f   cl_tent.obj
 0001:0000d968       _CL_ParsePlayerBeam        0040e968 f   cl_tent.obj
 0001:0000dab3       _CL_ParseLightning         0040eab3 f   cl_tent.obj
 0001:0000db91       _CL_ParseLaser             0040eb91 f   cl_tent.obj
 0001:0000dc39       _CL_ParseSteam             0040ec39 f   cl_tent.obj
 0001:0000dd4a       _CL_ParseWidow             0040ed4a f   cl_tent.obj
 0001:0000ddb6       _CL_ParseNuke              0040edb6 f   cl_tent.obj
 0001:0000de20       _CL_ParseTEnt              0040ee20 f   cl_tent.obj
 0001:0000ecab       _CL_AddBeams               0040fcab f   cl_tent.obj
 0001:0000efd2       _CL_AddPlayerBeams         0040ffd2 f   cl_tent.obj
 0001:0000f6f6       _CL_AddExplosions          004106f6 f   cl_tent.obj
 0001:0000f8e1       _CL_AddLasers              004108e1 f   cl_tent.obj
 0001:0000f906       _CL_ProcessSustain         00410906 f   cl_tent.obj
 0001:0000f947       _CL_AddTEnts               00410947 f   cl_tent.obj
 0001:0000f960       _V_AddEntity               00410960 f   cl_view.obj
 0001:0000f98a       _V_AddParticle             0041098a f   cl_view.obj
 0001:0000f9e1       _V_AddLight                004109e1 f   cl_view.obj
 0001:0000fa2d       _V_AddLightStyle           00410a2d f   cl_view.obj
 0001:0000fa78       _V_TestParticles           00410a78 f   cl_view.obj
 0001:0000fb25       _V_TestEntities            00410b25 f   cl_view.obj
 0001:0000fbc7       _V_TestLights              00410bc7 f   cl_view.obj
 0001:0000fca5       _CL_PrepRefresh            00410ca5 f   cl_view.obj
 0001:0000ff73       _CalcFov                   00410f73 f   cl_view.obj
 0001:0000ffec       _V_Gun_Next_f              00410fec f   cl_view.obj
 0001:00010005       _V_Gun_Prev_f              00411005 f   cl_view.obj
 0001:00010027       _V_Gun_Model_f             00411027 f   cl_view.obj
 0001:0001006c       _SCR_DrawCrosshair         0041106c f   cl_view.obj
 0001:000100d8       _V_RenderView              004110d8 f   cl_view.obj
 0001:00010b7b       _V_Viewpos_f               00411b7b f   cl_view.obj
 0001:00010bb9       _V_Init                    00411bb9 f   cl_view.obj
 0001:00010c05       _Cbuf_Init                 00411c05 f   cmd.obj
 0001:00010c1d       _Cbuf_AddText              00411c1d f   cmd.obj
 0001:00010c79       _Cbuf_InsertText           00411c79 f   cmd.obj
 0001:00010cd1       _Cbuf_CopyToDefer          00411cd1 f   cmd.obj
 0001:00010cfd       _Cbuf_InsertFromDefer      00411cfd f   cmd.obj
 0001:00010d10       _Cbuf_ExecuteText          00411d10 f   cmd.obj
 0001:00010d4f       _Cbuf_Execute              00411d4f f   cmd.obj
 0001:00010e03       _Cbuf_AddEarlyCommands     00411e03 f   cmd.obj
 0001:00010e85       _Cbuf_AddLateCommands      00411e85 f   cmd.obj
 0001:00010f9a       _Cmd_Exec_f                00411f9a f   cmd.obj
 0001:0001101f       _Cmd_Echo_f                0041201f f   cmd.obj
 0001:00011061       _Cmd_Alias_f               00412061 f   cmd.obj
 0001:000111aa       _Cmd_Argc                  004121aa f   cmd.obj
 0001:000111b0       _Cmd_Argv                  004121b0 f   cmd.obj
 0001:000111ca       _Cmd_Args                  004121ca f   cmd.obj
 0001:000111d0       _Cmd_TokenizeString        004121d0 f   cmd.obj
 0001:00011402       _Cmd_AddCommand            00412402 f   cmd.obj
 0001:0001146d       _Cmd_RemoveCommand         0041246d f   cmd.obj
 0001:000114af       _Cmd_CompleteCommand       004124af f   cmd.obj
 0001:00011822       _Cmd_ExecuteString         00412822 f   cmd.obj
 0001:000118ed       _Cmd_Init                  004128ed f   cmd.obj
 0001:000119b7       _CMod_GetSurfMaterial      004129b7 f   cmodel.obj
 0001:00011a11       _CM_LoadMap                00412a11 f   cmodel.obj
 0001:00012237       _CM_InlineModel            00413237 f   cmodel.obj
 0001:00012285       _CM_NumClusters            00413285 f   cmodel.obj
 0001:0001228b       _CM_NumInlineModels        0041328b f   cmodel.obj
 0001:00012291       _CM_EntityString           00413291 f   cmodel.obj
 0001:00012297       _CM_LeafContents           00413297 f   cmodel.obj
 0001:000122c1       _CM_LeafCluster            004132c1 f   cmodel.obj
 0001:000122ec       _CM_LeafArea               004132ec f   cmodel.obj
 0001:00012317       _CM_InitBoxHull            00413317 f   cmodel.obj
 0001:000124f2       _CM_HeadnodeForBox         004134f2 f   cmodel.obj
 0001:000125a7       _CM_PointLeafnum_r         004135a7 f   cmodel.obj
 0001:00012610       _CM_PointLeafnum           00413610 f   cmodel.obj
 0001:0001262a       _CM_BoxLeafnums_r          0041362a f   cmodel.obj
 0001:000126e0       _CM_BoxLeafnums            004136e0 f   cmodel.obj
 0001:00012733       _CM_PointContents          00413733 f   cmodel.obj
 0001:00012758       _CM_TransformedPointContents 00413758 f   cmodel.obj
 0001:0001283a       _TraceBuf_Dump             0041383a f   cmodel.obj
 0001:00012908       _TraceBuf_Init             00413908 f   cmodel.obj
 0001:000129b0       _TraceBuf_LimitFrac        004139b0 f   cmodel.obj
 0001:00012a07       _TraceBuf_AddLeaf          00413a07 f   cmodel.obj
 0001:00012b8f       _TraceBuf_FindPart         00413b8f f   cmodel.obj
 0001:00012bca       _CM_ClipBoxToHLLeaf        00413bca f   cmodel.obj
 0001:00012e6b       _CM_TraceToHLLeaf          00413e6b f   cmodel.obj
 0001:00012f3e       _CM_FinishHLTrace          00413f3e f   cmodel.obj
 0001:00012fca       _CM_RecursiveHLHullCheck   00413fca f   cmodel.obj
 0001:000132b2       _CM_ClipBoxToBrush         004142b2 f   cmodel.obj
 0001:000134ae       _CM_TestBoxInBrush         004144ae f   cmodel.obj
 0001:0001358f       _CM_TraceToLeaf            0041458f f   cmodel.obj
 0001:0001361c       _CM_TestInLeaf             0041461c f   cmodel.obj
 0001:000136a4       _CM_RecursiveHullCheck     004146a4 f   cmodel.obj
 0001:0001397c       _CM_BoxTrace               0041497c f   cmodel.obj
 0001:00013ecd       _CM_TransformedBoxTrace    00414ecd f   cmodel.obj
 0001:00014129       _CM_DecompressVis          00415129 f   cmodel.obj
 0001:000141d2       _CM_ClusterPVS             004151d2 f   cmodel.obj
 0001:0001421f       _CM_ClusterPHS             0041521f f   cmodel.obj
 0001:0001426c       _FloodArea_r               0041526c f   cmodel.obj
 0001:000142e8       _FloodAreaConnections      004152e8 f   cmodel.obj
 0001:00014327       _CM_SetAreaPortalState     00415327 f   cmodel.obj
 0001:00014354       _CM_AreasConnected         00415354 f   cmodel.obj
 0001:000143a2       _CM_WriteAreaBits          004153a2 f   cmodel.obj
 0001:00014432       _CM_WritePortalState       00415432 f   cmodel.obj
 0001:0001444c       _CM_ReadPortalState        0041544c f   cmodel.obj
 0001:0001446a       _CM_HeadnodeVisible        0041546a f   cmodel.obj
 0001:000144d2       _Com_BeginRedirect         004154d2 f   common.obj
 0001:0001450f       _Com_EndRedirect           0041550f f   common.obj
 0001:0001453a       _Com_Printf                0041553a f   common.obj
 0001:00014699       _Com_DPrintf               00415699 f   common.obj
 0001:000146fd       _DebugPrintf               004156fd f   common.obj
 0001:000147a5       _Com_WPrintf               004157a5 f   common.obj
 0001:000147fe       _Com_Error                 004157fe f   common.obj
 0001:000148dc       _Com_Quit                  004158dc f   common.obj
 0001:0001490c       _MatchWildcard             0041590c f   common.obj
 0001:00014a49       _Com_ServerState           00415a49 f   common.obj
 0001:00014a4f       _Com_SetServerState        00415a4f f   common.obj
 0001:00014a59       _MSG_WriteChar             00415a59 f   common.obj
 0001:00014a59       _MSG_WriteByte             00415a59 f   common.obj
 0001:00014a6d       _MSG_WriteShort            00415a6d f   common.obj
 0001:00014a87       _MSG_WriteLong             00415a87 f   common.obj
 0001:00014ab1       _MSG_WriteFloat            00415ab1 f   common.obj
 0001:00014ad7       _MSG_WriteString           00415ad7 f   common.obj
 0001:00014b0f       _MSG_WriteCoord            00415b0f f   common.obj
 0001:00014b38       _MSG_WritePos              00415b38 f   common.obj
 0001:00014bac       _MSG_WriteAngle            00415bac f   common.obj
 0001:00014bcf       _MSG_WriteAngle16          00415bcf f   common.obj
 0001:00014bfe       _MSG_WriteDeltaUsercmd     00415bfe f   common.obj
 0001:00014d86       _MSG_WriteDir              00415d86 f   common.obj
 0001:00014df3       _MSG_ReadDir               00415df3 f   common.obj
 0001:00014e3c       _MSG_WriteDeltaEntity      00415e3c f   common.obj
 0001:00015335       _MSG_BeginReading          00416335 f   common.obj
 0001:0001533e       _MSG_ReadChar              0041633e f   common.obj
 0001:0001535f       _MSG_ReadByte              0041635f f   common.obj
 0001:00015380       _MSG_ReadShort             00416380 f   common.obj
 0001:000153b0       _MSG_ReadLong              004163b0 f   common.obj
 0001:000153ef       _MSG_ReadString            004163ef f   common.obj
 0001:00015422       _MSG_ReadStringLine        00416422 f   common.obj
 0001:0001545a       _MSG_ReadCoord             0041645a f   common.obj
 0001:00015474       _MSG_ReadPos               00416474 f   common.obj
 0001:000154c6       _MSG_ReadAngle             004164c6 f   common.obj
 0001:000154e0       _MSG_ReadAngle16           004164e0 f   common.obj
 0001:000154fa       _MSG_ReadDeltaUsercmd      004164fa f   common.obj
 0001:000155b1       _MSG_ReadData              004165b1 f   common.obj
 0001:000155d4       _SZ_Init                   004165d4 f   common.obj
 0001:000155f6       _SZ_Clear                  004165f6 f   common.obj
 0001:00015603       _SZ_GetSpace               00416603 f   common.obj
 0001:00015665       _SZ_Write                  00416665 f   common.obj
 0001:00015686       _SZ_Print                  00416686 f   common.obj
 0001:000156cf       _COM_Argc                  004166cf f   common.obj
 0001:000156d5       _COM_Argv                  004166d5 f   common.obj
 0001:000156f6       _COM_ClearArgv             004166f6 f   common.obj
 0001:0001571e       _COM_InitArgv              0041671e f   common.obj
 0001:00015779       _Info_Print                00416779 f   common.obj
 0001:00015836       _COM_BlockSequenceCRCByte  00416836 f   common.obj
 0001:000158c2       _frand                     004168c2 f   common.obj
 0001:000158df       _crand                     004168df f   common.obj
 0001:00015902       _Com_Error_f               00416902 f   common.obj
 0001:0001591a       _Qcommon_Init              0041691a f   common.obj
 0001:00015a53       _Qcommon_Frame             00416a53 f   common.obj
 0001:00015c36       _CCheckParm                00416c36 f   conproc.obj
 0001:00015c6f       _InitConProc               00416c6f f   conproc.obj
 0001:00015dc1       _DeinitConProc             00416dc1 f   conproc.obj
 0001:00015dd2       _RequestProc@4             00416dd2 f   conproc.obj
 0001:00015ee3       _WriteText                 00416ee3 f   conproc.obj
 0001:00015faa       _CharToCode                00416faa f   conproc.obj
 0001:00016032       _SetConsoleCXCY            00417032 f   conproc.obj
 0001:00016169       _DrawStringCommon          00417169 f   console.obj
 0001:000161c6       _DrawString                004171c6 f   console.obj
 0001:000161e8       _DrawAltString             004171e8 f   console.obj
 0001:0001620d       _Key_ClearTyping           0041720d f   console.obj
 0001:00016227       _Con_ToggleConsole_f       00417227 f   console.obj
 0001:000162b8       _Con_ClearNotify           004172b8 f   console.obj
 0001:000162c6       _Con_CheckResize           004172c6 f   console.obj
 0001:000163e6       _Con_Init                  004173e6 f   console.obj
 0001:00016692       _Con_Print                 00417692 f   console.obj
 0001:00016975       _Con_DrawNotify            00417975 f   console.obj
 0001:00016b84       _Con_DrawConsole           00417b84 f   console.obj
 0001:000170a8       _CRC_Block                 004180a8 f   crc.obj
 0001:000170e4       _Cvar_VariableValue        004180e4 f   cvar.obj
 0001:00017152       _Cvar_VariableInt          00418152 f   cvar.obj
 0001:00017165       _Cvar_VariableString       00418165 f   cvar.obj
 0001:0001717d       _Cvar_Get                  0041817d f   cvar.obj
 0001:000173d9       _Cvar_GetVars              004183d9 f   cvar.obj
 0001:00017409       _Cvar_FullSet              00418409 f   cvar.obj
 0001:00017466       _Cvar_SetValue             00418466 f   cvar.obj
 0001:0001765c       _Cvar_SetInteger           0041865c f   cvar.obj
 0001:0001768a       _Cvar_Set                  0041868a f   cvar.obj
 0001:0001769f       _Cvar_ForceSet             0041869f f   cvar.obj
 0001:000176b4       _Cvar_Clamp                004186b4 f   cvar.obj
 0001:00017712       _Cvar_ClampName            00418712 f   cvar.obj
 0001:0001778b       _Cvar_GetLatchedVars       0041878b f   cvar.obj
 0001:000177ba       _Cvar_Command              004187ba f   cvar.obj
 0001:00017851       _Cvar_WriteVariables       00418851 f   cvar.obj
 0001:000178dc       _Cvar_BitInfo              004188dc f   cvar.obj
 0001:00017915       _Cvar_Userinfo             00418915 f   cvar.obj
 0001:0001791e       _Cvar_Serverinfo           0041891e f   cvar.obj
 0001:00017927       _Cvar_Init                 00418927 f   cvar.obj
 0001:00017f3c       _FS_CreatePath             00418f3c f   files.obj
 0001:00017f62       _Developer_searchpath      00418f62 f   files.obj
 0001:00017fa7       _FS_FCloseFile             00418fa7 f   files.obj
 0001:0001802d       _FS_FOpenFile              0041902d f   files.obj
 0001:0001841c       _FS_FileExists             0041941c f   files.obj
 0001:000185fa       _FS_Read                   004195fa f   files.obj
 0001:00018830       _FS_LoadFile               00419830 f   files.obj
 0001:00018892       _FS_FreeFile               00419892 f   files.obj
 0001:0001889d       _FS_LoadPackFile           0041989d f   files.obj
 0001:00018bd5       _FS_UnloadPackFile         00419bd5 f   files.obj
 0001:00018c22       _FS_AddGameDirectory       00419c22 f   files.obj
 0001:00018dcc       _FS_Gamedir                00419dcc f   files.obj
 0001:00018de0       _FS_LoadGameConfig         00419de0 f   files.obj
 0001:00018e59       _FS_SetGamedir             00419e59 f   files.obj
 0001:00018feb       _FS_ListFiles              00419feb f   files.obj
 0001:0001929e       _FS_Dir_f                  0041a29e f   files.obj
 0001:000194af       _FS_Path_f                 0041a4af f   files.obj
 0001:00019547       _FS_NextPath               0041a547 f   files.obj
 0001:0001956b       _FS_InitFilesystem         0041a56b f   files.obj
 0001:00019a21       _LoadPCX                   0041aa21 f   images.obj
 0001:00019c05       _LoadTGA                   0041ac05 f   images.obj
 0001:00019f9b       _LoadJPG                   0041af9b f   images.obj
 0001:0001a22e       _ImageExists               0041b22e f   images.obj
 0001:0001a347       _WriteTGA                  0041b347 f   images.obj
 0001:0001a3f3       _WriteJPG                  0041b3f3 f   images.obj
 0001:0001a51b       _IN_MLookDown              0041b51b f   in_win.obj
 0001:0001a526       _IN_MLookUp                0041b526 f   in_win.obj
 0001:0001a549       _IN_ActivateMouse          0041b549 f   in_win.obj
 0001:0001a662       _IN_DeactivateMouse        0041b662 f   in_win.obj
 0001:0001a6b3       _IN_StartupMouse           0041b6b3 f   in_win.obj
 0001:0001a6f7       _IN_MouseEvent             0041b6f7 f   in_win.obj
 0001:0001a774       _IN_MouseMove              0041b774 f   in_win.obj
 0001:0001a91e       _IN_Init                   0041b91e f   in_win.obj
 0001:0001a964       _IN_Shutdown               0041b964 f   in_win.obj
 0001:0001a969       _IN_Activate               0041b969 f   in_win.obj
 0001:0001a980       _IN_Frame                  0041b980 f   in_win.obj
 0001:0001a9d0       _IN_Move                   0041b9d0 f   in_win.obj
 0001:0001a9ee       _IN_StartupJoystick        0041b9ee f   in_win.obj
 0001:0001ab0f       _Joy_AdvancedUpdate_f      0041bb0f f   in_win.obj
 0001:0001aca6       _IN_Commands               0041bca6 f   in_win.obj
 0001:0001add5       _IN_ReadJoystick           0041bdd5 f   in_win.obj
 0001:0001ae10       _IN_JoyMove                0041be10 f   in_win.obj
 0001:0001b160       _CompleteCommand           0041c160 f   keys.obj
 0001:0001b1c7       _Key_Console               0041c1c7 f   keys.obj
 0001:0001b7bd       _Key_Message               0041c7bd f   keys.obj
 0001:0001b84e       _Key_StringToKeynum        0041c84e f   keys.obj
 0001:0001b898       _Key_KeynumToString        0041c898 f   keys.obj
 0001:0001b8eb       _Key_SetBinding            0041c8eb f   keys.obj
 0001:0001b945       _Key_Bindlist_f            0041c945 f   keys.obj
 0001:0001b9d6       _Key_WriteBindings         0041c9d6 f   keys.obj
 0001:0001ba14       _Key_Init                  0041ca14 f   keys.obj
 0001:0001bcea       _Key_Event                 0041ccea f   keys.obj
 0001:0001c011       _Key_ClearStates           0041d011 f   keys.obj
 0001:0001c058       _MD4Init                   0041d058 f   md4.obj
 0001:0001c080       _MD4Update                 0041d080 f   md4.obj
 0001:0001c11e       _MD4Final                  0041d11e f   md4.obj
 0001:0001c80f       _Com_BlockChecksum         0041d80f f   md4.obj
 0001:0001c84b       _Z_Free                    0041d84b f   memory.obj
 0001:0001c8a1       _Z_FreeTags                0041d8a1 f   memory.obj
 0001:0001c8d1       _Z_TagMalloc               0041d8d1 f   memory.obj
 0001:0001c942       _Z_Malloc                  0041d942 f   memory.obj
 0001:0001c964       _Z_BlockMalloc             0041d964 f   memory.obj
 0001:0001c97f       _CreateMemoryChain         0041d97f f   memory.obj
 0001:0001c9e0       _FreeMemoryChain           0041d9e0 f   memory.obj
 0001:0001ca0a       _AllocChainBlock           0041da0a f   memory.obj
 0001:0001ca55       _CopyString                0041da55 f   memory.obj
 0001:0001ca79       _ChainCopyString           0041da79 f   memory.obj
 0001:0001caa1       _AllocNamedStruc           0041daa1 f   memory.obj
 0001:0001cadc       _ChainAllocNamedStruc      0041dadc f   memory.obj
 0001:0001cb1b       _FindNamedStruc            0041db1b f   memory.obj
 0001:0001cb5f       _FindNamedStrucByIndex     0041db5f f   memory.obj
 0001:0001cb76       _IndexOfNamedStruc         0041db76 f   memory.obj
 0001:0001cba4       _AddToNamedList            0041dba4 f   memory.obj
 0001:0001cbee       _ChainAddToNamedList       0041dbee f   memory.obj
 0001:0001cc38       _FreeNamedList             0041dc38 f   memory.obj
 0001:0001cc53       _Z_Init                    0041dc53 f   memory.obj
 0001:0001cc8e       _M_PushMenu                0041dc8e f   menu.obj
 0001:0001cd49       _M_ForceMenuOff            0041dd49 f   menu.obj
 0001:0001cd76       _M_PopMenu                 0041dd76 f   menu.obj
 0001:0001cdca       _Default_MenuKey           0041ddca f   menu.obj
 0001:0001cf19       _M_Print                   0041df19 f   menu.obj
 0001:0001cf64       _M_DrawCursor              0041df64 f   menu.obj
 0001:0001cfcd       _M_DrawTextBox             0041dfcd f   menu.obj
 0001:0001d1b9       _M_Main_Draw               0041e1b9 f   menu.obj
 0001:0001d32a       _M_Main_Key                0041e32a f   menu.obj
 0001:0001d40f       _M_Menu_Main_f             0041e40f f   menu.obj
 0001:0001d42a       _M_Menu_Multiplayer_f      0041e42a f   menu.obj
 0001:0001d5cd       _M_Menu_Keys_f             0041e5cd f   menu.obj
 0001:0001dad1       _M_Menu_Options_f          0041ead1 f   menu.obj
 0001:0001e3da       _M_Menu_Video_f            0041f3da f   menu.obj
 0001:0001e3fa       _M_Menu_Credits_f          0041f3fa f   menu.obj
 0001:0001e607       _M_Menu_Game_f             0041f607 f   menu.obj
 0001:0001e8b6       _M_Menu_LoadGame_f         0041f8b6 f   menu.obj
 0001:0001ea5c       _M_Menu_SaveGame_f         0041fa5c f   menu.obj
 0001:0001eb90       _M_AddToServerList         0041fb90 f   menu.obj
 0001:0001ec0e       _M_Menu_JoinServer_f       0041fc0e f   menu.obj
 0001:0001eeb7       _M_Menu_StartServer_f      0041feb7 f   menu.obj
 0001:0001f6ee       _M_Menu_DMOptions_f        004206ee f   menu.obj
 0001:0001feb7       _M_Menu_DownloadOptions_f  00420eb7 f   menu.obj
 0001:0002014f       _M_Menu_AddressBook_f      0042114f f   menu.obj
 0001:0002029e       _M_Menu_PlayerConfig_f     0042129e f   menu.obj
 0001:00020d4a       _M_Menu_DMBrowse_f         00421d4a f   menu.obj
 0001:000212ea       _M_Quit_Key                004222ea f   menu.obj
 0001:0002132a       _M_Quit_Draw               0042232a f   menu.obj
 0001:00021369       _M_Menu_Quit_f             00422369 f   menu.obj
 0001:00021384       _M_Init                    00422384 f   menu.obj
 0001:0002148c       _M_Draw                    0042248c f   menu.obj
 0001:000214e7       _M_Keydown                 004224e7 f   menu.obj
 0001:00021503       _SwapQ2BspFile             00422503 f   model.obj
 0001:0002174c       _ProcessQ2BspFile          0042274c f   model.obj
 0001:00021825       _CheckLump                 00422825 f   model.obj
 0001:0002186a       _LoadQ2BspFile             0042286a f   model.obj
 0001:00021a11       _LoadBspFile               00422a11 f   model.obj
 0001:00021b0b       _Netchan_Init              00422b0b f   net_chan.obj
 0001:00021b6b       _Netchan_OutOfBand         00422b6b f   net_chan.obj
 0001:00021bc7       _Netchan_OutOfBandPrint    00422bc7 f   net_chan.obj
 0001:00021c07       _Netchan_Setup             00422c07 f   net_chan.obj
 0001:00021c62       _Netchan_NeedReliable      00422c62 f   net_chan.obj
 0001:00021c8e       _Netchan_Transmit          00422c8e f   net_chan.obj
 0001:00021e37       _Netchan_Process           00422e37 f   net_chan.obj
 0001:00021f82       _NetadrToSockadr           00422f82 f   net_wins.obj
 0001:00022029       _SockadrToNetadr           00423029 f   net_wins.obj
 0001:0002208c       _NET_CompareAdr            0042308c f   net_wins.obj
 0001:000220ee       _NET_CompareBaseAdr        004230ee f   net_wins.obj
 0001:00022146       _NET_AdrToString           00423146 f   net_wins.obj
 0001:000221fa       _NET_StringToSockaddr      004231fa f   net_wins.obj
 0001:0002242f       _NET_StringToAdr           0042342f f   net_wins.obj
 0001:00022488       _NET_IsLocalAddress        00423488 f   net_wins.obj
 0001:00022492       _NET_GetLoopPacket         00423492 f   net_wins.obj
 0001:00022519       _NET_SendLoopPacket        00423519 f   net_wins.obj
 0001:00022565       _NET_GetPacket             00423565 f   net_wins.obj
 0001:0002269a       _NET_SendPacket            0042369a f   net_wins.obj
 0001:000227fb       _NET_IPSocket              004237fb f   net_wins.obj
 0001:0002290a       _NET_OpenIP                0042390a f   net_wins.obj
 0001:00022a2b       _NET_IPXSocket             00423a2b f   net_wins.obj
 0001:00022b26       _NET_OpenIPX               00423b26 f   net_wins.obj
 0001:00022c0e       _NET_Config                00423c0e f   net_wins.obj
 0001:00022c84       _NET_Sleep                 00423c84 f   net_wins.obj
 0001:00022d2e       _NET_Init                  00423d2e f   net_wins.obj
 0001:00022fa5       _Pmove                     00423fa5 f   pmove.obj
 0001:00024b91       _RotatePointAroundVector   00425b91 f   q_shared2.obj
 0001:00024d01       _AngleVectors              00425d01 f   q_shared2.obj
 0001:00024e05       _ProjectPointOnPlane       00425e05 f   q_shared2.obj
 0001:00024e84       _PerpendicularVector       00425e84 f   q_shared2.obj
 0001:00024f03       _MatrixMultiply            00425f03 f   q_shared2.obj
 0001:00024fea       _R_ConcatTransforms        00425fea f   q_shared2.obj
 0001:00025124       _SetPlaneSignbits          00426124 f   q_shared2.obj
 0001:00025156       _LerpAngle                 00426156 f   q_shared2.obj
 0001:00025199       _anglemod                  00426199 f   q_shared2.obj
 0001:000251bd       _BoxOnPlaneSide            004261bd f   q_shared2.obj
 0001:000253f4       _ClearBounds               004263f4 f   q_shared2.obj
 0001:0002541d       _AddPointToBounds          0042641d f   q_shared2.obj
 0001:00025456       _VectorCompare             00426456 f   q_shared2.obj
 0001:00025484       _VectorNormalize           00426484 f   q_shared2.obj
 0001:000254d8       _VectorMA                  004264d8 f   q_shared2.obj
 0001:00025507       _CrossProduct              00426507 f   q_shared2.obj
 0001:00025542       _VectorLength              00426542 f   q_shared2.obj
 0001:0002556a       _VectorInverse             0042656a f   q_shared2.obj
 0001:00025585       _VectorScale               00426585 f   q_shared2.obj
 0001:000255a9       _AnglesToAxis              004265a9 f   q_shared2.obj
 0001:000255ee       _AxisCopy                  004265ee f   q_shared2.obj
 0001:0002562b       _COM_StripExtension        0042662b f   q_shared2.obj
 0001:0002564c       _COM_FilePath              0042664c f   q_shared2.obj
 0001:00025682       _ShortSwap                 00426682 f   q_shared2.obj
 0001:00025697       _va                        00426697 f   q_shared2.obj
 0001:000256b4       _COM_ParseExt              004266b4 f   q_shared2.obj
 0001:000257af       _Com_PageInMemory          004267af f   q_shared2.obj
 0001:000257ce       _Q_stricmp                 004267ce f   q_shared2.obj
 0001:000257df       _Q_strncasecmp             004267df f   q_shared2.obj
 0001:00025837       _Q_strcasecmp              00426837 f   q_shared2.obj
 0001:0002584d       _Q_strncpyz                0042684d f   q_shared2.obj
 0001:000258aa       _Q_strncpylower            004268aa f   q_shared2.obj
 0001:000258e4       _Q_CopyFilename            004268e4 f   q_shared2.obj
 0001:00025926       _Com_sprintf               00426926 f   q_shared2.obj
 0001:0002597f       _Info_ValueForKey          0042697f f   q_shared2.obj
 0001:00025a0a       _Info_RemoveKey            00426a0a f   q_shared2.obj
 0001:00025a90       _Info_SetValueForKey       00426a90 f   q_shared2.obj
 0001:00025bce       _Field_Draw                00426bce f   qmenu.obj
 0001:00025de4       _Field_Key                 00426de4 f   qmenu.obj
 0001:0002604d       _Menu_AddItem              0042704d f   qmenu.obj
 0001:00026082       _Menu_AdjustCursor         00427082 f   qmenu.obj
 0001:000261c1       _Menu_Center               004271c1 f   qmenu.obj
 0001:000261f6       _Menu_DrawDotsItem         004271f6 f   qmenu.obj
 0001:00026258       _Menu_Draw                 00427258 f   qmenu.obj
 0001:00026519       _Menu_ItemAtCursor         00427519 f   qmenu.obj
 0001:00026531       _Menu_SelectItem           00427531 f   qmenu.obj
 0001:00026573       _Menu_SetStatusBar         00427573 f   qmenu.obj
 0001:00026582       _Menu_SlideItem            00427582 f   qmenu.obj
 0001:000265d2       _Menu_TallySlots           004275d2 f   qmenu.obj
 0001:00026a82       _S_SoundInfo_f             00427a82 f   snd_dma.obj
 0001:00026b0c       _S_ReadModelsSex           00427b0c f   snd_dma.obj
 0001:00026bf5       _S_IsFemale                00427bf5 f   snd_dma.obj
 0001:00026c50       _S_Init                    00427c50 f   snd_dma.obj
 0001:00026d23       _S_Shutdown                00427d23 f   snd_dma.obj
 0001:00026dad       _S_FindName                00427dad f   snd_dma.obj
 0001:00026e99       _S_AliasName               00427e99 f   snd_dma.obj
 0001:00026f25       _S_BeginRegistration       00427f25 f   snd_dma.obj
 0001:00026f36       _S_RegisterSound           00427f36 f   snd_dma.obj
 0001:00026fb2       _S_EndRegistration         00427fb2 f   snd_dma.obj
 0001:00027045       _S_PickChannel             00428045 f   snd_dma.obj
 0001:000270dc       _S_SpatializeOrigin        004280dc f   snd_dma.obj
 0001:000271e4       _S_Spatialize              004281e4 f   snd_dma.obj
 0001:00027252       _S_AllocPlaysound          00428252 f   snd_dma.obj
 0001:00027271       _S_FreePlaysound           00428271 f   snd_dma.obj
 0001:000272a1       _S_IssuePlaysound          004282a1 f   snd_dma.obj
 0001:00027362       _S_RegisterSexedSound      00428362 f   snd_dma.obj
 0001:00027455       _S_StartSound              00428455 f   snd_dma.obj
 0001:000275eb       _S_StartLocalSound         004285eb f   snd_dma.obj
 0001:0002763a       _S_ClearBuffer             0042863a f   snd_dma.obj
 0001:00027692       _S_StopAllSounds           00428692 f   snd_dma.obj
 0001:0002770d       _S_AddLoopSounds           0042870d f   snd_dma.obj
 0001:000278d9       _S_RawSamples              004288d9 f   snd_dma.obj
 0001:00027add       _S_Update                  00428add f   snd_dma.obj
 0001:00027c34       _GetSoundtime              00428c34 f   snd_dma.obj
 0001:00027c9b       _S_Update_                 00428c9b f   snd_dma.obj
 0001:00027d31       _S_Play                    00428d31 f   snd_dma.obj
 0001:00027de1       _S_SoundList               00428de1 f   snd_dma.obj
 0001:00027ea2       _ResampleSfx               00428ea2 f   snd_mem.obj
 0001:00027fa6       _S_LoadSound               00428fa6 f   snd_mem.obj
 0001:000280cc       _GetLittleShort            004290cc f   snd_mem.obj
 0001:000280e9       _GetLittleLong             004290e9 f   snd_mem.obj
 0001:00028117       _FindNextChunk             00429117 f   snd_mem.obj
 0001:00028173       _GetWavinfo                00429173 f   snd_mem.obj
 0001:00028346       _S_WriteLinearBlastStereo16 00429346 f   snd_mix.obj
 0001:000283ba       _S_TransferStereo16        004293ba f   snd_mix.obj
 0001:00028423       _S_TransferPaintBuffer     00429423 f   snd_mix.obj
 0001:0002857f       _S_PaintChannels           0042957f f   snd_mix.obj
 0001:000287a4       _S_InitScaletable          004297a4 f   snd_mix.obj
 0001:000287f7       _S_PaintChannelFrom8       004297f7 f   snd_mix.obj
 0001:000288f9       _S_PaintChannelFrom16      004298f9 f   snd_mix.obj
 0001:00028964       _FreeSound                 00429964 f   snd_win.obj
 0001:00028a74       _SNDDMA_InitDirect         00429a74 f   snd_win.obj
 0001:00028f3e       _SNDDMA_Init               00429f3e f   snd_win.obj
 0001:00028fba       _SNDDMA_GetDMAPos          00429fba f   snd_win.obj
 0001:00029004       _SNDDMA_BeginPainting      0042a004 f   snd_win.obj
 0001:00029106       _SNDDMA_Submit             0042a106 f   snd_win.obj
 0001:0002912b       _SNDDMA_Shutdown           0042a12b f   snd_win.obj
 0001:00029130       _S_Activate                0042a130 f   snd_win.obj
 0001:0002915b       _SV_SetMaster_f            0042a15b f   sv_ccmds.obj
 0001:00029278       _SV_SetPlayer              0042a278 f   sv_ccmds.obj
 0001:00029364       _SV_WipeSavegame           0042a364 f   sv_ccmds.obj
 0001:0002944a       _CopyFile                  0042a44a f   sv_ccmds.obj
 0001:000294e3       _SV_CopySaveGame           0042a4e3 f   sv_ccmds.obj
 0001:000296c8       _SV_WriteLevelFile         0042a6c8 f   sv_ccmds.obj
 0001:00029776       _SV_ReadLevelFile          0042a776 f   sv_ccmds.obj
 0001:00029824       _SV_WriteServerFile        0042a824 f   sv_ccmds.obj
 0001:00029a38       _SV_ReadServerFile         0042aa38 f   sv_ccmds.obj
 0001:00029b46       _SV_DemoMap_f              0042ab46 f   sv_ccmds.obj
 0001:00029b8d       _SV_GameMap_f              0042ab8d f   sv_ccmds.obj
 0001:00029d06       _SV_Map_f                  0042ad06 f   sv_ccmds.obj
 0001:00029d73       _SV_Loadgame_f             0042ad73 f   sv_ccmds.obj
 0001:00029e6b       _SV_Savegame_f             0042ae6b f   sv_ccmds.obj
 0001:00029f6a       _SV_Kick_f                 0042af6a f   sv_ccmds.obj
 0001:00029fe7       _SV_Status_f               0042afe7 f   sv_ccmds.obj
 0001:0002a189       _SV_ConSay_f               0042b189 f   sv_ccmds.obj
 0001:0002a21c       _SV_Heartbeat_f            0042b21c f   sv_ccmds.obj
 0001:0002a227       _SV_Serverinfo_f           0042b227 f   sv_ccmds.obj
 0001:0002a23f       _SV_DumpUser_f             0042b23f f   sv_ccmds.obj
 0001:0002a285       _SV_ServerRecord_f         0042b285 f   sv_ccmds.obj
 0001:0002a43c       _SV_ServerStop_f           0042b43c f   sv_ccmds.obj
 0001:0002a468       _SV_KillServer_f           0042b468 f   sv_ccmds.obj
 0001:0002a488       _SV_ServerCommand_f        0042b488 f   sv_ccmds.obj
 0001:0002a4a0       _SV_InitOperatorCommands   0042b4a0 f   sv_ccmds.obj
 0001:0002a5a6       _SV_EmitPacketEntities     0042b5a6 f   sv_ents.obj
 0001:0002a714       _SV_WritePlayerstateToClient 0042b714 f   sv_ents.obj
 0001:0002abd2       _SV_WriteFrameToClient     0042bbd2 f   sv_ents.obj
 0001:0002ac8e       _SV_FatPVS                 0042bc8e f   sv_ents.obj
 0001:0002adbb       _SV_BuildClientFrame       0042bdbb f   sv_ents.obj
 0001:0002b086       _SV_RecordDemoMessage      0042c086 f   sv_ents.obj
 0001:0002b1ab       _SV_ShutdownGameProgs      0042c1ab f   sv_game.obj
 0001:0002b1c4       _SV_InitGameProgs          0042c1c4 f   sv_game.obj
 0001:0002b823       _SV_FindIndex              0042c823 f   sv_init.obj
 0001:0002b8ea       _SV_ModelIndex             0042c8ea f   sv_init.obj
 0001:0002b900       _SV_SoundIndex             0042c900 f   sv_init.obj
 0001:0002b919       _SV_ImageIndex             0042c919 f   sv_init.obj
 0001:0002b932       _SV_CreateBaseline         0042c932 f   sv_init.obj
 0001:0002b995       _SV_CheckForSavegame       0042c995 f   sv_init.obj
 0001:0002ba35       _SV_SpawnServer            0042ca35 f   sv_init.obj
 0001:0002bcb2       _SV_InitGame               0042ccb2 f   sv_init.obj
 0001:0002beaa       _SV_Map                    0042ceaa f   sv_init.obj
 0001:0002c0a1       _SV_DropClient             0042d0a1 f   sv_main.obj
 0001:0002c0f5       _SV_StatusString           0042d0f5 f   sv_main.obj
 0001:0002c1dc       _SVC_Status                0042d1dc f   sv_main.obj
 0001:0002c205       _SVC_Info                  0042d205 f   sv_main.obj
 0001:0002c2bb       _SVC_GetChallenge          0042d2bb f   sv_main.obj
 0001:0002c386       _SVC_DirectConnect         0042d386 f   sv_main.obj
 0001:0002c863       _Rcon_Validate             0042d863 f   sv_main.obj
 0001:0002c894       _SVC_RemoteCommand         0042d894 f   sv_main.obj
 0001:0002c980       _SV_ConnectionlessPacket   0042d980 f   sv_main.obj
 0001:0002cadc       _SV_CalcPings              0042dadc f   sv_main.obj
 0001:0002cb63       _SV_GiveMsec               0042db63 f   sv_main.obj
 0001:0002cba2       _SV_ReadPackets            0042dba2 f   sv_main.obj
 0001:0002ccd3       _SV_CheckTimeouts          0042dcd3 f   sv_main.obj
 0001:0002cd8f       _SV_PrepWorldFrame         0042dd8f f   sv_main.obj
 0001:0002cdb5       _SV_RunGameFrame           0042ddb5 f   sv_main.obj
 0001:0002ce3e       _SV_PostprocessFrame       0042de3e f   sv_main.obj
 0001:0002d25e       _SV_Frame                  0042e25e f   sv_main.obj
 0001:0002d318       _Master_Heartbeat          0042e318 f   sv_main.obj
 0001:0002d3cf       _Master_Shutdown           0042e3cf f   sv_main.obj
 0001:0002d44d       _SV_UserinfoChanged        0042e44d f   sv_main.obj
 0001:0002d515       _SV_Init                   0042e515 f   sv_main.obj
 0001:0002d578       _SV_FinalMessage           0042e578 f   sv_main.obj
 0001:0002d63f       _SV_Shutdown               0042e63f f   sv_main.obj
 0001:0002d6d6       _SV_FlushRedirect          0042e6d6 f   sv_send.obj
 0001:0002d748       _SV_ClientPrintf           0042e748 f   sv_send.obj
 0001:0002d79e       _SV_BroadcastPrintf        0042e79e f   sv_send.obj
 0001:0002d86f       _SV_BroadcastCommand       0042e86f f   sv_send.obj
 0001:0002d8c1       _SV_Multicast              0042e8c1 f   sv_send.obj
 0001:0002da6c       _SV_MulticastOld           0042ea6c f   sv_send.obj
 0001:0002da7f       _SV_StartSound             0042ea7f f   sv_send.obj
 0001:0002dcd9       _SV_StartSoundOld          0042ecd9 f   sv_send.obj
 0001:0002dd09       _SV_StartSoundNew          0042ed09 f   sv_send.obj
 0001:0002dd39       _SV_SendClientDatagram     0042ed39 f   sv_send.obj
 0001:0002de0d       _SV_DemoCompleted          0042ee0d f   sv_send.obj
 0001:0002de29       _SV_RateDrop               0042ee29 f   sv_send.obj
 0001:0002de74       _SV_SendClientMessages     0042ee74 f   sv_send.obj
 0001:0002dfd1       _SV_BeginDemoserver        0042efd1 f   sv_user.obj
 0001:0002e021       _SV_New_f                  0042f021 f   sv_user.obj
 0001:0002e196       _SV_Configstrings_f        0042f196 f   sv_user.obj
 0001:0002e2e3       _SV_Baselines_f            0042f2e3 f   sv_user.obj
 0001:0002e44b       _SV_Begin_f                0042f44b f   sv_user.obj
 0001:0002e4a8       _SV_NextDownload_f         0042f4a8 f   sv_user.obj
 0001:0002e57c       _SV_BeginDownload_f        0042f57c f   sv_user.obj
 0001:0002e7b3       _SV_Disconnect_f           0042f7b3 f   sv_user.obj
 0001:0002e7c0       _SV_ShowServerinfo_f       0042f7c0 f   sv_user.obj
 0001:0002e7cd       _SV_Nextserver             0042f7cd f   sv_user.obj
 0001:0002e82c       _SV_Nextserver_f           0042f82c f   sv_user.obj
 0001:0002e873       _SV_ExecuteUserCommand     0042f873 f   sv_user.obj
 0001:0002e8e0       _SV_ClientThink            0042f8e0 f   sv_user.obj
 0001:0002e923       _SV_ExecuteClientMessage   0042f923 f   sv_user.obj
 0001:0002eb51       _SV_CreateAreaNode         0042fb51 f   sv_world.obj
 0001:0002ec58       _SV_ClearWorld             0042fc58 f   sv_world.obj
 0001:0002ec85       _SV_UnlinkEdict            0042fc85 f   sv_world.obj
 0001:0002ecaa       _SV_LinkEdict              0042fcaa f   sv_world.obj
 0001:0002f0e6       _SV_AreaEdicts_r           004300e6 f   sv_world.obj
 0001:0002f1f3       _SV_AreaEdicts             004301f3 f   sv_world.obj
 0001:0002f237       _SV_PointContents          00430237 f   sv_world.obj
 0001:0002f2d9       _SV_HullForEntity          004302d9 f   sv_world.obj
 0001:0002f31c       _SV_ClipMoveToEntities     0043031c f   sv_world.obj
 0001:0002f49b       _SV_TraceBounds            0043049b f   sv_world.obj
 0001:0002f513       _SV_Trace                  00430513 f   sv_world.obj
 0001:0002f5fe       _Sys_Error                 004305fe f   sys_win.obj
 0001:0002f65b       _Sys_Quit                  0043065b f   sys_win.obj
 0001:0002f69b       _Sys_ScanForCD             0043069b f   sys_win.obj
 0001:0002f751       _Sys_Init                  00430751 f   sys_win.obj
 0001:0002fb70       _Sys_ConsoleInput          00430b70 f   sys_win.obj
 0001:0002fcd0       _Sys_ConsoleOutput         00430cd0 f   sys_win.obj
 0001:0002fd81       _Sys_SendKeyEvents         00430d81 f   sys_win.obj
 0001:0002fdea       _Sys_GetClipboardData      00430dea f   sys_win.obj
 0001:0002fe43       _Sys_AppActivate           00430e43 f   sys_win.obj
 0001:0002fe5e       _Sys_UnloadGame            00430e5e f   sys_win.obj
 0001:0002fe83       _Sys_GetGameAPI            00430e83 f   sys_win.obj
 0001:0002ff70       _ParseCommandLine          00430f70 f   sys_win.obj
 0001:0002ffe5       _WinMain@16                00430fe5 f   sys_win.obj
 0001:0003010a       _AppActivate               0043110a f   vid_dll.obj
 0001:0003023f       _MainWndProc@16            0043123f f   vid_dll.obj
 0001:00030629       _Vid_GetModeInfo           00431629 f   vid_dll.obj
 0001:00030658       _Vid_UpdateWindowPosAndSize 00431658 f   vid_dll.obj
 0001:000306bf       _Vid_NewWindow             004316bf f   vid_dll.obj
 0001:000306dc       _Vid_FreeReflib            004316dc f   vid_dll.obj
 0001:0003071d       _Vid_LoadRefresh           0043171d f   vid_dll.obj
 0001:000308b9       _Vid_CheckChanges          004318b9 f   vid_dll.obj
 0001:00030a16       _Vid_Init                  00431a16 f   vid_dll.obj
 0001:00030a7d       _Vid_Shutdown              00431a7d f   vid_dll.obj
 0001:00030aa3       _Vid_MenuInit              00431aa3 f   vid_menu.obj
 0001:000311dc       _Vid_MenuDraw              004321dc f   vid_menu.obj
 0001:00031269       _Vid_MenuKey               00432269 f   vid_menu.obj
 0001:00031616       _GL_ClearBuffers           00432616 f   gl_backend.obj
 0001:00031625       _GL_ClearPortal            00432625 f   gl_backend.obj
 0001:00031641       _GL_AddSurfaceToPortal     00432641 f   gl_backend.obj
 0001:00031692       _GL_FinishPortal           00432692 f   gl_backend.obj
 0001:000316e7       _GL_BackEnd                004326e7 f   gl_backend.obj
 0001:00033d7c       _GL_InitBackend            00434d7c f   gl_backend.obj
 0001:00033f88       _GL_ShutdownBackend        00434f88 f   gl_backend.obj
 0001:00033fd5       _GL_Bind                   00434fd5 f   gl_image.obj
 0001:0003406c       _GL_SelectTexture          0043506c f   gl_image.obj
 0001:000340bd       _GL_CullFace               004350bd f   gl_image.obj
 0001:00034100       _GL_TexEnv                 00435100 f   gl_image.obj
 0001:00034163       _GL_State                  00435163 f   gl_image.obj
 0001:000342d0       _GL_TextureMode            004352d0 f   gl_image.obj
 0001:00034384       _GL_CreateImage            00435384 f   gl_image.obj
 0001:00034e63       _GL_SetRawPalette          00435e63 f   gl_image.obj
 0001:00034e94       _GL_DrawStretchRaw         00435e94 f   gl_image.obj
 0001:00035147       _GL_SetupGamma             00436147 f   gl_image.obj
 0001:000352e5       _GL_InitImages             004362e5 f   gl_image.obj
 0001:00035ac1       _GL_ShutdownImages         00436ac1 f   gl_image.obj
 0001:00035b48       _GL_ShowImages             00436b48 f   gl_image.obj
 0001:00035d06       _GL_FindImage              00436d06 f   gl_image.obj
 0001:00035fcd       _GL_SetMode                00436fcd f   gl_main.obj
 0001:000360aa       _GL_SetDefaultState        004370aa f   gl_main.obj
 0001:000361b4       _GL_Set2DMode              004371b4 f   gl_main.obj
 0001:00036284       _GL_SetColorB              00437284 f   gl_main.obj
 0001:000362d0       _GL_DrawStretchPic         004372d0 f   gl_main.obj
 0001:00036397       _FindPic                   00437397 f   gl_main.obj
 0001:000363df       _DrawTextPos               004373df f   gl_main.obj
 0001:000364ae       _DrawTextLeft              004374ae f   gl_main.obj
 0001:000364ea       _DrawTextRight             004374ea f   gl_main.obj
 0001:0003653b       _GL_GetRefAPI              0043753b f   gl_main.obj
 0001:0003790a       _GL_FindModel              0043890a f   gl_model.obj
 0001:00037a0c       _GL_UpdateDynamicLightmap  00438a0c f   gl_model.obj
 0001:00037e44       _GL_LoadWorldMap           00438e44 f   gl_model.obj
 0001:00039a95       _GL_PointInLeaf            0043aa95 f   gl_model.obj
 0001:0003a0dc       _GL_FindSkin               0043b0dc f   gl_model.obj
 0001:0003a0ed       _GL_ResetModels            0043b0ed f   gl_model.obj
 0001:0003a1a9       _GL_InitModels             0043b1a9 f   gl_model.obj
 0001:0003a216       _GL_ShutdownModels         0043b216 f   gl_model.obj
 0001:0003a232       _GL_InitShaders            0043b232 f   gl_shader.obj
 0001:0003a363       _GL_ShutdownShaders        0043b363 f   gl_shader.obj
 0001:0003a38d       _GL_ResetShaders           0043b38d f   gl_shader.obj
 0001:0003a456       _GL_SetShaderLightmap      0043b456 f   gl_shader.obj
 0001:0003a731       _GL_GetAlphaShader         0043b731 f   gl_shader.obj
 0001:0003a9a8       _GL_FindShader             0043b9a8 f   gl_shader.obj
 0001:0003ae52       _GL_GetShaderByNum         0043be52 f   gl_shader.obj
 0001:0003ae70       _GL_DrawWorld              0043be70 f   gl_world.obj
 0001:0003b4bd       _GL_DrawEntities           0043c4bd f   gl_world.obj
 0001:0003baa4       _GL_AddEntity              0043caa4 f   gl_world.obj
 0001:0003bca8       _GL_CreateWindow           0043cca8 f   glw_imp.obj
 0001:0003bdf9       _GLimp_SetMode             0043cdf9 f   glw_imp.obj
 0001:0003c070       _GLimp_HasGamma            0043d070 f   glw_imp.obj
 0001:0003c085       _GLimp_SetGamma            0043d085 f   glw_imp.obj
 0001:0003c174       _GLimp_Shutdown            0043d174 f   glw_imp.obj
 0001:0003c296       _GLimp_Init                0043d296 f   glw_imp.obj
 0001:0003c35d       _GLimp_InitGL              0043d35d f   glw_imp.obj
 0001:0003c5e3       _GLimp_EndFrame            0043d5e3 f   glw_imp.obj
 0001:0003c64d       _GLimp_AppActivate         0043d64d f   glw_imp.obj
 0001:0003dd3f       _QGL_Shutdown              0043ed3f f   qgl_win.obj
 0001:0003dd65       _QGL_Init                  0043ed65 f   qgl_win.obj
 0001:0003dde9       _QGL_InitExtensions        0043ede9 f   qgl_win.obj
 0001:0003dfe4       _GLimp_EnableLogging       0043efe4 f   qgl_win.obj
 0001:0003e0af       _GLimp_LogMessage          0043f0af f   qgl_win.obj
 0001:0003e0c6       _Hunk_Begin                0043f0c6 f   q_shwin.obj
 0001:0003e100       _Hunk_Alloc                0043f100 f   q_shwin.obj
 0001:0003e187       _Hunk_End                  0043f187 f   q_shwin.obj
 0001:0003e18d       _Hunk_Free                 0043f18d f   q_shwin.obj
 0001:0003e1a6       _Sys_Milliseconds          0043f1a6 f   q_shwin.obj
 0001:0003e1da       _Sys_Mkdir                 0043f1da f   q_shwin.obj
 0001:0003e1e6       _Sys_FindFirst             0043f1e6 f   q_shwin.obj
 0001:0003e307       _Sys_FindNext              0043f307 f   q_shwin.obj
 0001:0003e379       _Sys_FindClose             0043f379 f   q_shwin.obj
 0001:0003e393       _R_Alias_clip_z            0043f393 f   r_aclip.obj
 0001:0003e440       _R_Alias_clip_left         0043f440 f   r_aclip.obj
 0001:0003e60e       _R_Alias_clip_right        0043f60e f   r_aclip.obj
 0001:0003e7dc       _R_Alias_clip_top          0043f7dc f   r_aclip.obj
 0001:0003e9ac       _R_Alias_clip_bottom       0043f9ac f   r_aclip.obj
 0001:0003eb7c       _R_AliasClip               0043fb7c f   r_aclip.obj
 0001:0003ec4c       _R_AliasClipTriangle       0043fc4c f   r_aclip.obj
 0001:0003ee3e       _R_AliasCheckFrameBBox     0043fe3e f   r_alias.obj
 0001:0003ef71       _R_AliasCheckBBox          0043ff71 f   r_alias.obj
 0001:0003efd5       _R_AliasTransformVector    0043ffd5 f   r_alias.obj
 0001:0003f031       _R_AliasPreparePoints      00440031 f   r_alias.obj
 0001:0003f2c9       _R_AliasSetUpTransform     004402c9 f   r_alias.obj
 0001:0003f485       _R_AliasTransformFinalVerts 00440485 f   r_alias.obj
 0001:0003f656       _R_AliasProjectAndClipTestFinalVert 00440656 f   r_alias.obj
 0001:0003f6de       _R_AliasSetupLighting      004406de f   r_alias.obj
 0001:0003f850       _R_AliasSetupFrames        00440850 f   r_alias.obj
 0001:0003f8c4       _R_AliasSetUpLerpData      004408c4 f   r_alias.obj
 0001:0003f9ec       _R_AliasDrawModel          004409ec f   r_alias.obj
 0001:0003fc73       _R_EntityRotate            00440c73 f   r_bsp.obj
 0001:0003fce2       _R_RotateBmodel            00440ce2 f   r_bsp.obj
 0001:0003fe3d       _R_RecursiveClipBPoly      00440e3d f   r_bsp.obj
 0001:0004016d       _R_DrawSolidClippedSubmodelPolygons 0044116d f   r_bsp.obj
 0001:000402f4       _R_DrawSubmodelPolygons    004412f4 f   r_bsp.obj
 0001:00040384       _R_RecursiveWorldNode      00441384 f   r_bsp.obj
 0001:000405df       _R_RenderWorld             004415df f   r_bsp.obj
 0001:0004065a       _Draw_FindPic              0044165a f   r_draw.obj
 0001:0004069d       _Draw_InitLocal            0044169d f   r_draw.obj
 0001:000406ae       _Draw_Char                 004416ae f   r_draw.obj
 0001:0004078f       _Draw_CharColor            0044178f f   r_draw.obj
 0001:0004089e       _R_DrawTexts               0044189e f   r_draw.obj
 0001:00040914       _DrawText_Pos              00441914 f   r_draw.obj
 0001:00040a20       _DrawText_Left             00441a20 f   r_draw.obj
 0001:00040a5c       _DrawText_Right            00441a5c f   r_draw.obj
 0001:00040aab       _Draw_GetPicSize           00441aab f   r_draw.obj
 0001:00040aeb       _Draw_StretchPicImplementation 00441aeb f   r_draw.obj
 0001:00040c15       _Draw_StretchPic           00441c15 f   r_draw.obj
 0001:00040c4d       _Draw_StretchRaw           00441c4d f   r_draw.obj
 0001:00040c7f       _Draw_Pic                  00441c7f f   r_draw.obj
 0001:00040e38       _Draw_PicColor             00441e38 f   r_draw.obj
 0001:00040ff1       _Draw_TileClear            00441ff1 f   r_draw.obj
 0001:000410c1       _Draw_Fill                 004420c1 f   r_draw.obj
 0001:0004115d       _Draw_FadeScreen           0044215d f   r_draw.obj
 0001:000411aa       _R_BeginEdgeFrame          004421aa f   r_edge.obj
 0001:00041266       _R_InsertNewEdges          00442266 f   r_edge.obj
 0001:000412ac       _R_RemoveEdges             004422ac f   r_edge.obj
 0001:000412ca       _R_StepActiveU             004422ca f   r_edge.obj
 0001:0004135e       _R_CleanupSpan             0044235e f   r_edge.obj
 0001:000413ae       _R_LeadingEdgeBackwards    004423ae f   r_edge.obj
 0001:00041443       _R_TrailingEdge            00442443 f   r_edge.obj
 0001:000414a7       _R_LeadingEdge             004424a7 f   r_edge.obj
 0001:0004164a       _R_GenerateSpans           0044264a f   r_edge.obj
 0001:000416b8       _R_GenerateSpansBackward   004426b8 f   r_edge.obj
 0001:00041726       _R_ScanEdges               00442726 f   r_edge.obj
 0001:000418fd       _D_FlatFillSurface         004428fd f   r_edge.obj
 0001:00041957       _D_CalcGradients           00442957 f   r_edge.obj
 0001:00041b6e       _D_BackgroundSurf          00442b6e f   r_edge.obj
 0001:00041bae       _D_TurbulentSurf           00442bae f   r_edge.obj
 0001:00041d07       _D_SkySurf                 00442d07 f   r_edge.obj
 0001:00041d88       _D_SolidSurf               00442d88 f   r_edge.obj
 0001:00041f2a       _D_DrawflatSurfaces        00442f2a f   r_edge.obj
 0001:00041f7a       _D_DrawSurfaces            00442f7a f   r_edge.obj
 0001:00042087       _R_ImageList_f             00443087 f   r_image.obj
 0001:00042148       _R_FindFreeImage           00443148 f   r_image.obj
 0001:00042196       _R_LoadPic                 00443196 f   r_image.obj
 0001:00042226       _R_LoadTex                 00443226 f   r_image.obj
 0001:000422b2       _R_LoadWal                 004432b2 f   r_image.obj
 0001:00042308       _R_MipMap                  00443308 f   r_image.obj
 0001:00042436       _R_DownsampleImage         00443436 f   r_image.obj
 0001:0004253b       _R_FindImage               0044353b f   r_image.obj
 0001:000428e0       _R_RegisterSkin            004438e0 f   r_image.obj
 0001:000428ee       _R_FreeUnusedImages        004438ee f   r_image.obj
 0001:0004294e       _R_InitImages              0044394e f   r_image.obj
 0001:000429b4       _R_ShutdownImages          004439b4 f   r_image.obj
 0001:000429f1       _R_MarkLights              004439f1 f   r_light.obj
 0001:00042ac0       _R_PushDlights             00443ac0 f   r_light.obj
 0001:00042b15       _RecursiveLightPoint       00443b15 f   r_light.obj
 0001:00042dbe       _R_LightPoint              00443dbe f   r_light.obj
 0001:00042ef3       _R_AddDynamicLights        00443ef3 f   r_light.obj
 0001:00043179       _R_BuildLightMap           00444179 f   r_light.obj
 0001:0004326f       _R_InitTextures            0044426f f   r_main.obj
 0001:00043330       _R_InitTurb                00444330 f   r_main.obj
 0001:000433ad       _R_Register                004443ad f   r_main.obj
 0001:00043424       _R_UnRegister              00444424 f   r_main.obj
 0001:00043448       _R_Init                    00444448 f   r_main.obj
 0001:000434de       _R_Shutdown                004444de f   r_main.obj
 0001:00043541       _R_NewMap                  00444541 f   r_main.obj
 0001:000435eb       _R_MarkLeaves              004445eb f   r_main.obj
 0001:00043712       _R_DrawEntitiesOnList      00444712 f   r_main.obj
 0001:0004393a       _R_BmodelCheckBBox         0044493a f   r_main.obj
 0001:000439ec       _R_FindTopnode             004449ec f   r_main.obj
 0001:00043a74       _RotatedBBox               00444a74 f   r_main.obj
 0001:00043be2       _R_DrawBEntitiesOnList     00444be2 f   r_main.obj
 0001:00043e2f       _R_EdgeDrawing             00444e2f f   r_main.obj
 0001:00043f04       _R_CalcPalette             00444f04 f   r_main.obj
 0001:00044009       _R_SetLightLevel           00445009 f   r_main.obj
 0001:00044057       _R_RenderFrame             00445057 f   r_main.obj
 0001:0004423f       _R_InitGraphics            0044523f f   r_main.obj
 0001:000442b5       _R_BeginFrame              004452b5 f   r_main.obj
 0001:000443d8       _R_GammaCorrectAndSetPalette 004453d8 f   r_main.obj
 0001:00044437       _R_CinematicSetPalette     00445437 f   r_main.obj
 0001:000444ce       _Draw_BuildGammaTable      004454ce f   r_main.obj
 0001:00044579       _R_DrawBeam                00445579 f   r_main.obj
 0001:000446df       _R_SetSky                  004456df f   r_main.obj
 0001:00044767       _Draw_GetPalette           00445767 f   r_main.obj
 0001:000448af       _D_Draw_GetPicSize         004458af f   r_main.obj
 0001:000448c6       _D_DrawTextSide            004458c6 f   r_main.obj
 0001:000448c6       _D_R_BeginRegistration     004458c6 f   r_main.obj
 0001:000448c6       _D_R_EndRegistration       004458c6 f   r_main.obj
 0001:000448c6       _D_Draw_FadeScreen         004458c6 f   r_main.obj
 0001:000448c6       _D_Draw_StretchPic         004458c6 f   r_main.obj
 0001:000448c6       _D_Draw_CharColor          004458c6 f   r_main.obj
 0001:000448c6       _D_Draw_TileClear          004458c6 f   r_main.obj
 0001:000448c6       _D_DrawTextPos             004458c6 f   r_main.obj
 0001:000448c6       _D_R_RenderFrame           004458c6 f   r_main.obj
 0001:000448c6       _D_Draw_PicColor           004458c6 f   r_main.obj
 0001:000448c6       _D_Draw_StretchRaw         004458c6 f   r_main.obj
 0001:000448c6       _D_Draw_Fill               004458c6 f   r_main.obj
 0001:000448c6       _D_R_SetSky                004458c6 f   r_main.obj
 0001:000448c6       _D_R_SetPalette            004458c6 f   r_main.obj
 0001:000448c6       __setargv                  004458c6 f   r_main.obj
 0001:000448c6       _Qcommon_Shutdown          004458c6 f   r_main.obj
 0001:000448c6       _R_SurfacePatch            004458c6 f   r_main.obj
 0001:000448c6       _jpeg_mem_term             004458c6 f   r_main.obj
 0001:000448c7       _Draw_ConCharColor         004458c7 f   r_main.obj
 0001:000448e8       _GetRefAPI                 004458e8 f   r_main.obj
 0001:00044ae7       _D_ViewChanged             00445ae7 f   r_misc.obj
 0001:00044c43       _R_PrintTimes              00445c43 f   r_misc.obj
 0001:00044cbd       _R_PrintDSpeeds            00445cbd f   r_misc.obj
 0001:00044d84       _R_PrintAliasStats         00445d84 f   r_misc.obj
 0001:00044d97       _R_TransformFrustum        00445d97 f   r_misc.obj
 0001:00044e56       _TransformVector           00445e56 f   r_misc.obj
 0001:00044ec1       _R_SetUpFrustumIndexes     00445ec1 f   r_misc.obj
 0001:00044f26       _R_ViewChanged             00445f26 f   r_misc.obj
 0001:00045235       _R_SetupFrame              00446235 f   r_misc.obj
 0001:00045464       _WritePCXfile              00446464 f   r_misc.obj
 0001:00045586       _R_ScreenShot_f            00446586 f   r_misc.obj
 0001:000456a6       _Mod_Modellist_f           004466a6 f   r_model.obj
 0001:00045704       _Mod_Init                  00446704 f   r_model.obj
 0001:0004571c       _Mod_ForName               0044671c f   r_model.obj
 0001:00045954       _Mod_PointInLeaf           00446954 f   r_model.obj
 0001:000459b6       _Mod_DecompressVis         004469b6 f   r_model.obj
 0001:00045a36       _Mod_ClusterPVS            00446a36 f   r_model.obj
 0001:00045a63       _Mod_LoadLighting          00446a63 f   r_model.obj
 0001:00045ae2       _R_NumberLeafs             00446ae2 f   r_model.obj
 0001:00045b30       _Mod_LoadVertexes          00446b30 f   r_model.obj
 0001:00045b72       _Mod_LoadEdges             00446b72 f   r_model.obj
 0001:00045bc0       _Mod_LoadTexinfo           00446bc0 f   r_model.obj
 0001:00045d28       _CalcSurfaceExtents        00446d28 f   r_model.obj
 0001:00045e93       _Mod_LoadFaces             00446e93 f   r_model.obj
 0001:00045ffa       _Mod_SetParent             00446ffa f   r_model.obj
 0001:0004601f       _Mod_LoadNodes             0044701f f   r_model.obj
 0001:00046115       _Mod_LoadLeafs             00447115 f   r_model.obj
 0001:000461be       _Mod_LoadMarksurfaces      004471be f   r_model.obj
 0001:0004623a       _Mod_LoadSurfedges         0044723a f   r_model.obj
 0001:00046279       _Mod_LoadPlanes            00447279 f   r_model.obj
 0001:000462e1       _Mod_LoadBrushModel        004472e1 f   r_model.obj
 0001:000464f4       _Mod_LoadAliasModel        004474f4 f   r_model.obj
 0001:0004676f       _Mod_LoadSpriteModel       0044776f f   r_model.obj
 0001:00046856       _R_BeginRegistration       00447856 f   r_model.obj
 0001:000468e6       _R_RegisterModel           004478e6 f   r_model.obj
 0001:000469de       _R_EndRegistration         004479de f   r_model.obj
 0001:00046a49       _Mod_FreeAll               00447a49 f   r_model.obj
 0001:00046a8e       _R_DrawParticle            00447a8e f   r_part.obj
 0001:00046d0a       _R_DrawParticles           00447d0a f   r_part.obj
 0001:00046dcf       _R_DrawSpanletOpaque       00447dcf f   r_poly.obj
 0001:00046e5f       _R_DrawSpanletTurbulentStipple33 00447e5f f   r_poly.obj
 0001:00046f8a       _R_DrawSpanletTurbulentStipple66 00447f8a f   r_poly.obj
 0001:0004716b       _R_DrawSpanletTurbulentBlended66 0044816b f   r_poly.obj
 0001:00047220       _R_DrawSpanletTurbulentBlended33 00448220 f   r_poly.obj
 0001:000472d5       _R_DrawSpanlet33           004482d5 f   r_poly.obj
 0001:0004736f       _R_DrawSpanletConstant33   0044836f f   r_poly.obj
 0001:000473c8       _R_DrawSpanlet66           004483c8 f   r_poly.obj
 0001:00047466       _R_DrawSpanlet33Stipple    00448466 f   r_poly.obj
 0001:00047581       _R_DrawSpanlet66Stipple    00448581 f   r_poly.obj
 0001:00047712       _R_ClipPolyFace            00448712 f   r_poly.obj
 0001:00047883       _R_PolygonDrawSpans        00448883 f   r_poly.obj
 0001:00047c0b       _R_PolygonScanLeftEdge     00448c0b f   r_poly.obj
 0001:00047d3f       _R_PolygonScanRightEdge    00448d3f f   r_poly.obj
 0001:00047f2f       _R_ClipAndDrawPoly         00448f2f f   r_poly.obj
 0001:00048131       _R_BuildPolygonFromSurface 00449131 f   r_poly.obj
 0001:00048373       _R_PolygonCalculateGradients 00449373 f   r_poly.obj
 0001:0004862c       _R_DrawAlphaSurfaces       0044962c f   r_poly.obj
 0001:000486c2       _R_IMFlatShadedQuad        004496c2 f   r_poly.obj
 0001:0004883d       _R_PolysetUpdateTables     0044983d f   r_polyse.obj
 0001:00048878       _R_DrawTriangle            00449878 f   r_polyse.obj
 0001:00048989       _R_PolysetScanLeftEdge_C   00449989 f   r_polyse.obj
 0001:00048b53       _FloorDivMod               00449b53 f   r_polyse.obj
 0001:00048bef       _R_PolysetSetUpForLineScan 00449bef f   r_polyse.obj
 0001:00048c7d       _R_PolysetCalcGradients    00449c7d f   r_polyse.obj
 0001:00048e88       _R_PolysetDrawSpans8_33    00449e88 f   r_polyse.obj
 0001:00048fb8       _R_PolysetDrawSpansConstant8_33 00449fb8 f   r_polyse.obj
 0001:00049052       _R_PolysetDrawSpans8_66    0044a052 f   r_polyse.obj
 0001:0004918e       _R_PolysetDrawSpansConstant8_66 0044a18e f   r_polyse.obj
 0001:00049236       _R_PolysetDrawSpans8_Opaque 0044a236 f   r_polyse.obj
 0001:00049381       _R_RasterizeAliasPolySmooth 0044a381 f   r_polyse.obj
 0001:00049961       _R_PolysetSetEdgeTable     0044a961 f   r_polyse.obj
 0001:000499fc       _R_InitSkyBox              0044a9fc f   r_rast.obj
 0001:00049c83       _R_EmitSkyBox              0044ac83 f   r_rast.obj
 0001:00049d96       _R_EmitEdge                0044ad96 f   r_rast.obj
 0001:0004a16a       _R_ClipEdge                0044b16a f   r_rast.obj
 0001:0004a318       _R_EmitCachedEdge          0044b318 f   r_rast.obj
 0001:0004a36f       _R_RenderFace              0044b36f f   r_rast.obj
 0001:0004a736       _R_RenderBmodelFace        0044b736 f   r_rast.obj
 0001:0004a99f       _D_WarpScreen              0044b99f f   r_scan.obj
 0001:0004ab47       _D_DrawTurbulent8Span      0044bb47 f   r_scan.obj
 0001:0004abcb       _Turbulent8                0044bbcb f   r_scan.obj
 0001:0004ae9f       _NonTurbulent8             0044be9f f   r_scan.obj
 0001:0004b15d       _D_DrawSpans16             0044c15d f   r_scan.obj
 0001:0004b3f7       _D_DrawZSpans              0044c3f7 f   r_scan.obj
 0001:0004b4b4       _R_DrawSprite              0044c4b4 f   r_sprite.obj
 0001:0004b782       _R_TextureAnimation        0044c782 f   r_surf.obj
 0001:0004b7a6       _R_DrawSurface             0044c7a6 f   r_surf.obj
 0001:0004b90b       _R_DrawSurfaceBlock8_mip0  0044c90b f   r_surf.obj
 0001:0004ba0a       _R_DrawSurfaceBlock8_mip1  0044ca0a f   r_surf.obj
 0001:0004bb09       _R_DrawSurfaceBlock8_mip2  0044cb09 f   r_surf.obj
 0001:0004bc08       _R_DrawSurfaceBlock8_mip3  0044cc08 f   r_surf.obj
 0001:0004bd04       _R_InitCaches              0044cd04 f   r_surf.obj
 0001:0004bd85       _D_FlushCaches             0044cd85 f   r_surf.obj
 0001:0004bdca       _D_SCAlloc                 0044cdca f   r_surf.obj
 0001:0004bf5e       _D_CacheSurface            0044cf5e f   r_surf.obj
 0001:0004c0f5       _DDRAW_Init                0044d0f5 f   rw_ddraw.obj
 0001:0004c505       _DDRAW_SetPalette          0044d505 f   rw_ddraw.obj
 0001:0004c56e       _DDRAW_Shutdown            0044d56e f   rw_ddraw.obj
 0001:0004cbb9       _DIB_Init                  0044dbb9 f   rw_dib.obj
 0001:0004cd9e       _DIB_SetPalette            0044dd9e f   rw_dib.obj
 0001:0004cf62       _DIB_Shutdown              0044df62 f   rw_dib.obj
 0001:0004d05b       _Vid_CreateWindow          0044e05b f   rw_imp.obj
 0001:0004d190       _SWimp_Init                0044e190 f   rw_imp.obj
 0001:0004d1a6       _SWimp_EndFrame            0044e1a6 f   rw_imp.obj
 0001:0004d312       _SWimp_SetMode             0044e312 f   rw_imp.obj
 0001:0004d430       _SWimp_SetPalette          0044e430 f   rw_imp.obj
[...]
 0001:00031f10       _BindStageImage            00432f10 f   gl_backend.obj
 0001:00031f40       _SetupColorArrays          00432f40 f   gl_backend.obj
 0001:00031faa       _GenerateColorArray        00432faa f   gl_backend.obj
 0001:000321f2       _RB_DrawScene              004331f2 f   gl_backend.obj
 0001:0003254a       _SetCurrentShader          0043354a f   gl_backend.obj
 0001:000325aa       _ClearSkyBox               004335aa f   gl_backend.obj
 0001:000325e0       _AddSkySurfaces            004335e0 f   gl_backend.obj
 0001:00032688       _ClipSkyPolygon            00433688 f   gl_backend.obj
 0001:00032ad8       _DrawSkyBox                00433ad8 f   gl_backend.obj
 0001:00032f02       _MakeSkyVec                00433f02 f   gl_backend.obj
 0001:00032ff4       _CheckDynamicLightmap      00433ff4 f   gl_backend.obj
 0001:000330a6       _TesselatePlanarSurf       004340a6 f   gl_backend.obj
 0001:000331a6       _RB_CheckOverflow          004341a6 f   gl_backend.obj
 0001:00033200       _TesselateMd3Surf          00434200 f   gl_backend.obj
 0001:000333df       _SetupGL                   004343df f   gl_backend.obj
 0001:00033514       _SortSurfaces              00434514 f   gl_backend.obj
 0001:000336af       _DrawBBoxes                004346af f   gl_backend.obj
 0001:000338bf       _FlashColor                004348bf f   gl_backend.obj
 0001:00033929       _DrawTriangles             00434929 f   gl_backend.obj
 0001:00033ae3       _DrawFastSurfaces          00434ae3 f   gl_backend.obj
 0001:00033c46       _TesselateStretchPic       00434c46 f   gl_backend.obj
 0001:00033e4c       _InitFuncTables            00434e4c f   gl_backend.obj
 0001:0003110a       _DriverCallback            0043210a f   vid_menu.obj
 0001:0003115f       _ScreenSizeCallback        0043215f f   vid_menu.obj
 0001:0003117f       _BrightnessCallback        0043217f f   vid_menu.obj
 0001:000311bc       _ResetDefaults             004321bc f   vid_menu.obj
 0001:000311c1       _CancelChanges             004321c1 f   vid_menu.obj
 0001:00031349       _ApplyChanges              00432349 f   vid_menu.obj
 0001:000301b4       _WIN_DisableAltTab         004311b4 f   vid_dll.obj
 0001:00030200       _WIN_EnableAltTab          00431200 f   vid_dll.obj
 0001:0003054e       _MapKey                    0043154e f   vid_dll.obj
 0001:00030a53       _Vid_Restart_f             00431a53 f   vid_dll.obj
 0001:00030a60       _Vid_Front_f               00431a60 f   vid_dll.obj
 0001:0002f81b       _ExceptionFilter@4         0043081b f   sys_win.obj
 0001:0002fa8d       _DumpReg4                  00430a8d f   sys_win.obj
 0001:0002fb25       _DumpMem                   00430b25 f   sys_win.obj
 0001:0002b37f       _PF_Unicast                0042c37f f   sv_game.obj
 0001:0002b3eb       _PF_dprintf                0042c3eb f   sv_game.obj
 0001:0002b41e       _PF_cprintf                0042c41e f   sv_game.obj
 0001:0002b4b5       _PF_centerprintf           0042c4b5 f   sv_game.obj
 0001:0002b51d       _PF_error                  0042c51d f   sv_game.obj
 0001:0002b552       _PF_setmodel               0042c552 f   sv_game.obj
 0001:0002b5c3       _PF_Configstring           0042c5c3 f   sv_game.obj
 0001:0002b643       _PF_WriteChar              0042c643 f   sv_game.obj
 0001:0002b643       _PF_WriteByte              0042c643 f   sv_game.obj
 0001:0002b654       _PF_WriteShort             0042c654 f   sv_game.obj
 0001:0002b665       _PF_WriteLong              0042c665 f   sv_game.obj
 0001:0002b676       _PF_WriteFloat             0042c676 f   sv_game.obj
 0001:0002b68b       _PF_WriteString            0042c68b f   sv_game.obj
 0001:0002b69c       _PF_WritePos               0042c69c f   sv_game.obj
 0001:0002b6ad       _PF_WriteDir               0042c6ad f   sv_game.obj
 0001:0002b6be       _PF_WriteAngle             0042c6be f   sv_game.obj
 0001:0002b6d3       _PF_inPVS                  0042c6d3 f   sv_game.obj
 0001:0002b74b       _PF_inPHS                  0042c74b f   sv_game.obj
 0001:0002b7c3       _PF_StartSound             0042c7c3 f   sv_game.obj
 0001:0002b7f6       _PF_TagMalloc              0042c7f6 f   sv_game.obj
 0001:0002b808       _PF_Cvar_Get               0042c808 f   sv_game.obj
 0001:000289dc       _DS_DestroyBuffers         004299dc f   snd_win.obj
 0001:00028bc0       _DS_CreateBuffers          00429bc0 f   snd_win.obj
 0001:00026106       _Menu_MakeVisible          00427106 f   qmenu.obj
 0001:00026190       _Menu_CompletelyVisible    00427190 f   qmenu.obj
 0001:00026232       _strlen_color              00427232 f   qmenu.obj
 0001:000263e0       _Action_Draw               004273e0 f   qmenu.obj
 0001:0002645b       _Menu_ItemVisible          0042745b f   qmenu.obj
 0001:000264a4       _Menu_DrawStatusBar        004274a4 f   qmenu.obj
 0001:00026609       _MenuList_Draw             00427609 f   qmenu.obj
 0001:00026691       _DrawCaption               00427691 f   qmenu.obj
 0001:000266d0       _Separator_Draw            004276d0 f   qmenu.obj
 0001:00026721       _Slider_DoSlide            00427721 f   qmenu.obj
 0001:00026758       _Slider_Draw               00427758 f   qmenu.obj
 0001:0002684b       _SpinControl_DoSlide       0042784b f   qmenu.obj
 0001:0002687a       _SpinControl_Draw          0042787a f   qmenu.obj
 0001:00026955       _SpinControl2_DoSlide      00427955 f   qmenu.obj
 0001:00026996       _SpinControl2_Draw         00427996 f   qmenu.obj
 0001:00023260       _StepSlideMove             00424260 f   pmove.obj
 0001:0002344f       _StepSlideMove_            0042444f f   pmove.obj
 0001:000236d1       _ClipVelocity              004246d1 f   pmove.obj
 0001:0002373a       _Friction                  0042473a f   pmove.obj
 0001:00023845       _WaterMove                 00424845 f   pmove.obj
 0001:0002392d       _Accelerate                0042492d f   pmove.obj
 0001:00023999       _AddCurrents               00424999 f   pmove.obj
 0001:00023c28       _AirMove                   00424c28 f   pmove.obj
 0001:00023e83       _AirAccelerate             00424e83 f   pmove.obj
 0001:00023f09       _CatagorizePosition        00424f09 f   pmove.obj
 0001:0002415f       _CheckJump                 0042515f f   pmove.obj
 0001:00024226       _CheckSpecialMovement      00425226 f   pmove.obj
 0001:00024389       _FlyMove                   00425389 f   pmove.obj
 0001:000245ef       _CheckDuck                 004255ef f   pmove.obj
 0001:00024724       _DeadMove                  00425724 f   pmove.obj
 0001:00024790       _SnapPosition              00425790 f   pmove.obj
 0001:00024906       _GoodPosition              00425906 f   pmove.obj
 0001:0002497c       _InitialSnapPosition       0042597c f   pmove.obj
 0001:00024a95       _ClampAngles               00425a95 f   pmove.obj
 0001:00022d69       _NET_ErrorString           00423d69 f   net_wins.obj
 0001:0001d44a       _Multiplayer_MenuDraw      0041e44a f   menu.obj
 0001:0001d46d       _M_Banner                  0041e46d f   menu.obj
 0001:0001d4b1       _Multiplayer_MenuInit      0041e4b1 f   menu.obj
 0001:0001d5ad       _PlayerSetupFunc           0041e5ad f   menu.obj
 0001:0001d5b2       _JoinNetworkServerFunc     0041e5b2 f   menu.obj
 0001:0001d5b7       _StartNetworkServerFunc    0041e5b7 f   menu.obj
 0001:0001d5bc       _Multiplayer_MenuKey       0041e5bc f   menu.obj
 0001:0001d5ed       _Keys_MenuInit             0041e5ed f   menu.obj
 0001:0001d7ab       _KeyCursorDrawFunc         0041e7ab f   menu.obj
 0001:0001d7ec       _DrawKeyBindingFunc        0041e7ec f   menu.obj
 0001:0001d8c4       _M_FindKeysForCommand      0041e8c4 f   menu.obj
 0001:0001d914       _SeekLine                  0041e914 f   menu.obj
 0001:0001d93b       _AppendToken               0041e93b f   menu.obj
 0001:0001d965       _Keys_MenuDraw             0041e965 f   menu.obj
 0001:0001d97e       _Keys_MenuKey              0041e97e f   menu.obj
 0001:0001da33       _M_UnbindCommand           0041ea33 f   menu.obj
 0001:0001da7f       _KeyBindingFunc            0041ea7f f   menu.obj
 0001:0001daf1       _Options_MenuInit          0041eaf1 f   menu.obj
 0001:0001df49       _CrosshairFunc             0041ef49 f   menu.obj
 0001:0001df6d       _JoystickFunc              0041ef6d f   menu.obj
 0001:0001df80       _CustomizeControlsFunc     0041ef80 f   menu.obj
 0001:0001df85       _AlwaysRunFunc             0041ef85 f   menu.obj
 0001:0001df98       _FreeLookFunc              0041ef98 f   menu.obj
 0001:0001dfab       _MouseSpeedFunc            0041efab f   menu.obj
 0001:0001dfc8       _ControlsSetMenuItemValues 0041efc8 f   menu.obj
 0001:0001e162       _ControlsResetDefaultsFunc 0041f162 f   menu.obj
 0001:0001e177       _InvertMouseFunc           0041f177 f   menu.obj
 0001:0001e192       _LookspringFunc            0041f192 f   menu.obj
 0001:0001e1ae       _LookstrafeFunc            0041f1ae f   menu.obj
 0001:0001e1ca       _UpdateVolumeFunc          0041f1ca f   menu.obj
 0001:0001e1e7       _UpdateCDVolumeFunc        0041f1e7 f   menu.obj
 0001:0001e200       _ConsoleFunc               0041f200 f   menu.obj
 0001:0001e22f       _UpdateSoundQualityFunc    0041f22f f   menu.obj
 0001:0001e2b8       _Options_ScanCrosshairs    0041f2b8 f   menu.obj
 0001:0001e31e       _Options_MenuDraw          0041f31e f   menu.obj
 0001:0001e346       _Options_CrosshairDraw     0041f346 f   menu.obj
 0001:0001e3c9       _Options_MenuKey           0041f3c9 f   menu.obj
 0001:0001e4c7       _M_Credits_MenuDraw        0041f4c7 f   menu.obj
 0001:0001e5d5       _M_Credits_Key             0041f5d5 f   menu.obj
 0001:0001e631       _Game_MenuInit             0041f631 f   menu.obj
 0001:0001e7ec       _EasyGameFunc              0041f7ec f   menu.obj
 0001:0001e802       _StartGame                 0041f802 f   menu.obj
 0001:0001e847       _MediumGameFunc            0041f847 f   menu.obj
 0001:0001e85d       _HardGameFunc              0041f85d f   menu.obj
 0001:0001e873       _LoadGameFunc              0041f873 f   menu.obj
 0001:0001e878       _SaveGameFunc              0041f878 f   menu.obj
 0001:0001e87d       _CreditsFunc               0041f87d f   menu.obj
 0001:0001e882       _Game_MenuDraw             0041f882 f   menu.obj
 0001:0001e8a5       _Game_MenuKey              0041f8a5 f   menu.obj
 0001:0001e8d6       _LoadGame_MenuInit         0041f8d6 f   menu.obj
 0001:0001e966       _Create_Savestrings        0041f966 f   menu.obj
 0001:0001e9e8       _LoadGameCallback          0041f9e8 f   menu.obj
 0001:0001ea12       _LoadGame_MenuDraw         0041fa12 f   menu.obj
 0001:0001ea2a       _LoadGame_MenuKey          0041fa2a f   menu.obj
 0001:0001ea8a       _SaveGame_MenuDraw         0041fa8a f   menu.obj
 0001:0001eaad       _SaveGame_MenuInit         0041faad f   menu.obj
 0001:0001eb2f       _SaveGameCallback          0041fb2f f   menu.obj
 0001:0001eb4e       _SaveGame_MenuKey          0041fb4e f   menu.obj
 0001:0001ec2e       _JoinServer_MenuInit       0041fc2e f   menu.obj
 0001:0001ed9b       _JoinServerFunc            0041fd9b f   menu.obj
 0001:0001ee18       _AddressBookFunc           0041fe18 f   menu.obj
 0001:0001ee1d       _SearchLocalGames          0041fe1d f   menu.obj
 0001:0001ee89       _SearchLocalGamesFunc      0041fe89 f   menu.obj
 0001:0001ee8e       _JoinServer_MenuDraw       0041fe8e f   menu.obj
 0001:0001eea6       _JoinServer_MenuKey        0041fea6 f   menu.obj
 0001:0001eed7       _StartServer_MenuInit      0041fed7 f   menu.obj
 0001:0001f38f       _DMOptionsFunc             0042038f f   menu.obj
 0001:0001f39e       _BrowseMapsFunc            0042039e f   menu.obj
 0001:0001f3a3       _RulesChangeFunc           004203a3 f   menu.obj
 0001:0001f40c       _StartServerActionFunc     0042040c f   menu.obj
 0001:0001f438       _StartServerFunc           00420438 f   menu.obj
 0001:0001f6a3       _StartServer_MenuDraw      004206a3 f   menu.obj
 0001:0001f6af       _StartServer_MenuKey       004206af f   menu.obj
 0001:0001f70e       _DMOptions_MenuInit        0042070e f   menu.obj
 0001:0001fcaf       _DMFlagCallback            00420caf f   menu.obj
 0001:0001fe9a       _DMOptions_MenuDraw        00420e9a f   menu.obj
 0001:0001fea6       _DMOptions_MenuKey         00420ea6 f   menu.obj
 0001:0001fed7       _DownloadOptions_MenuInit  00420ed7 f   menu.obj
 0001:000200d3       _DownloadCallback          004210d3 f   menu.obj
 0001:00020132       _DownloadOptions_MenuDraw  00421132 f   menu.obj
 0001:0002013e       _DownloadOptions_MenuKey   0042113e f   menu.obj
 0001:0002016f       _AddressBook_MenuInit      0042116f f   menu.obj
 0001:00020228       _AddressBook_MenuKey       00421228 f   menu.obj
 0001:00020286       _AddressBook_MenuDraw      00421286 f   menu.obj
 0001:000202f8       _PlayerConfig_MenuInit     004212f8 f   menu.obj
 0001:00020725       _DownloadOptionsFunc       00421725 f   menu.obj
 0001:0002072a       _HandednessCallback        0042172a f   menu.obj
 0001:0002073d       _RateCallback              0042173d f   menu.obj
 0001:0002075b       _ModelCallback             0042175b f   menu.obj
 0001:00020792       _PlayerConfig_ScanDirectories 00421792 f   menu.obj
 0001:0002095a       _IconOfSkinExists          0042195a f   menu.obj
 0001:000209fc       _PlayerConfig_MenuDraw     004219fc f   menu.obj
 0001:00020c76       _PlayerConfig_MenuKey      00421c76 f   menu.obj
 0001:00020d8d       _DMBrowse_MenuInit         00421d8d f   menu.obj
 0001:00020f4c       _DMBrowse_MenuKey          00421f4c f   menu.obj
 0001:000210ef       _DMBrowse_MenuDraw         004220ef f   menu.obj
 0001:00021210       _DrawThumbnail             00422210 f   menu.obj
 0001:0001c98b       _AllocChain                0041d98b f   memory.obj
 0001:0001cc74       _Z_Stats_f                 0041dc74 f   memory.obj
 0001:0001c182       _MD4Transform              0041d182 f   md4.obj
 0001:0001c784       _Encode                    0041d784 f   md4.obj
 0001:0001c7c9       _Decode                    0041d7c9 f   md4.obj
 0001:0001b796       _iswordsym                 0041c796 f   keys.obj
 0001:0001bafd       _Key_Unbind_f              0041cafd f   keys.obj
 0001:0001bbe0       _Key_Unbindall_f           0041cbe0 f   keys.obj
 0001:0001bc0a       _Key_Bind_f                0041cc0a f   keys.obj
 0001:000373b6       _J_InitSource              004383b6 f   gl_main.obj
 0001:0001a174       _J_FillInputBuffer         0041b174 f   images.obj
 0001:0001a19c       _J_SkipInputData           0041b19c f   images.obj
 0001:000373b6       _J_TermSource              004383b6 f   gl_main.obj
 0001:0001a1b4       _InitJpegError             0041b1b4 f   images.obj
 0001:0001a1f1       _J_ErrorExit               0041b1f1 f   images.obj
 0001:0001a200       _J_EmitMessage             0041b200 f   images.obj
 0001:0001a21d       _J_ResetErrorMgr           0041b21d f   images.obj
 0001:000182e8       _FindPakFile               004192e8 f   files.obj
 0001:00018357       _FindPakDirectory          00419357 f   files.obj
 0001:000183e7       _FileLength                004193e7 f   files.obj
 0001:000187cb       _FOpenCached               004197cb f   files.obj
 0001:00018a0b       _AddPakFile                00419a0b f   files.obj
 0001:00018aaa       _AddPakDirectory           00419aaa f   files.obj
 0001:00018b88       _EnumZippedPak             00419b88 f   files.obj
 0001:00018bfb       _ClearFileCache            00419bfb f   files.obj
 0001:00018d03       _AddDirFilesToList         00419d03 f   files.obj
 0001:000191e4       _ListPakDirectory          0041a1e4 f   files.obj
 0001:0001961f       _FS_LoadPak_f              0041a61f f   files.obj
 0001:000196ee       _TryLoadPak                0041a6ee f   files.obj
 0001:0001975c       _FindPakStruc              0041a75c f   files.obj
 0001:000197b1       _FS_UnloadPak_f            0041a7b1 f   files.obj
 0001:00019955       _FS_Link_f                 0041a955 f   files.obj
 0001:000170fd       _Cvar_FindVar              004180fd f   cvar.obj
 0001:00017132       _ComputeHash               00418132 f   cvar.obj
 0001:0001730c       _Cvar_SetString            0041830c f   cvar.obj
 0001:000173a2       _Cvar_InfoValidate         004183a2 f   cvar.obj
 0001:00017499       _Cvar_Set2                 00418499 f   cvar.obj
 0001:000175f5       _Cvar_SetHardcoded         004185f5 f   cvar.obj
 0001:000179ce       _Cvar_Set_f                004189ce f   cvar.obj
 0001:00017a4b       _Cvar_SetWithFlags         00418a4b f   cvar.obj
 0001:00017a90       _Cvar_Seta_f               00418a90 f   cvar.obj
 0001:00017ab2       _Cvar_Setu_f               00418ab2 f   cvar.obj
 0001:00017ad4       _Cvar_Sets_f               00418ad4 f   cvar.obj
 0001:00017af6       _Cvar_Reset_f              00418af6 f   cvar.obj
 0001:00017b58       _Cvar_List_f               00418b58 f   cvar.obj
 0001:00017c43       _Cvar_Add_f                00418c43 f   cvar.obj
 0001:00017dba       _Cvar_Scale_f              00418dba f   cvar.obj
 0001:00017e2d       _Cvar_Toggle_f             00418e2d f   cvar.obj
 0001:00017e90       _Cvar_Cycle_f              00418e90 f   cvar.obj
 0001:000164c2       _Con_ToggleChat_f          004174c2 f   console.obj
 0001:00016502       _Con_Clear_f               00417502 f   console.obj
 0001:00016558       _Con_Dump_f                00417558 f   console.obj
 0001:0001666b       _Con_MessageMode_f         0041766b f   console.obj
 0001:0001667d       _Con_MessageMode2_f        0041767d f   console.obj
 0001:00016716       _PlaceChar                 00417716 f   console.obj
 0001:000168ba       _FindLine                  004178ba f   console.obj
 0001:00016fd1       _Con_DrawInput             00417fd1 f   console.obj
 0001:00011c2f       _CMod_LoadSubmodels        00412c2f f   cmodel.obj
 0001:00011cb7       _CMod_LoadSurfaces         00412cb7 f   cmodel.obj
 0001:00011dd1       _CMod_ReadSurfMaterials    00412dd1 f   cmodel.obj
 0001:00011f0c       _CMod_LoadNodes            00412f0c f   cmodel.obj
 0001:00011f6e       _CMod_LoadBrushes          00412f6e f   cmodel.obj
 0001:00011fba       _CMod_LoadLeafs            00412fba f   cmodel.obj
 0001:00012089       _CMod_LoadPlanes           00413089 f   cmodel.obj
 0001:00012128       _CMod_LoadLeafBrushes      00413128 f   cmodel.obj
 0001:00012173       _CMod_LoadBrushSides       00413173 f   cmodel.obj
 0001:000121ec       _CMod_LoadAreas            004131ec f   cmodel.obj
 0001:000112c7       _Cmd_MacroExpandString     004122c7 f   cmd.obj
 0001:000117a8       _TryComplete               004127a8 f   cmd.obj
 0001:0001193c       _Cmd_Wait_f                0041293c f   cmd.obj
 0001:00011947       _Cmd_List_f                00412947 f   cmd.obj
 0001:00010496       _DrawSurfInfo              00411496 f   cl_view.obj
 0001:000107d4       _DecodeContents            004117d4 f   cl_view.obj
 0001:000108a4       _DrawOriginInfo            004118a4 f   cl_view.obj
 0001:00010a35       _DrawFpsInfo               00411a35 f   cl_view.obj
 0001:00010b5e       _entitycmpfnc              00411b5e f   cl_view.obj
 0001:0000d1b6       _SCR_CalcVrect             0040e1b6 f   cl_scrn.obj
 0001:000009ea       _Huff1Decompress           004019ea f   cl_cin.obj
 0001:00000f5c       _Huff1TableInit            00401f5c f   cl_cin.obj
 0001:00001056       _SmallestNode1             00402056 f   cl_cin.obj
 0001:0000014c       _CDAudio_GetAudioDiskInfo  0040114c f   cd_win.obj
 0001:000004c4       _CD_f                      004014c4 f   cd_win.obj
 0001:0000077d       _CDAudio_Eject             0040177d f   cd_win.obj
 0001:000007a7       _CDAudio_CloseDoor         004017a7 f   cd_win.obj

 93 bytes saved through ICF

