 Quake2

 Timestamp is 45e5bd99 (Wed Feb 28 20:36:25 2007)

 Preferred load address is 00400000

 Start         Length     Name                   Class
 0001:00000000 00067970H .text                   CODE
 0002:00000000 00000294H .idata$5                DATA
 0002:00000298 000075f4H .rdata                  DATA
 0002:00007890 00000044H .rdata$r                DATA
 0002:000078d8 00000038H .xdata$x                DATA
 0002:00007910 00000078H .idata$2                DATA
 0002:00007988 00000014H .idata$3                DATA
 0002:0000799c 00000294H .idata$4                DATA
 0002:00007c30 0000086aH .idata$6                DATA
 0002:0000849a 00000000H .edata                  DATA
 0003:00000000 00000004H .CRT$XCA                DATA
 0003:00000004 00000088H .CRT$XCU                DATA
 0003:0000008c 00000004H .CRT$XCZ                DATA
 0003:00000090 00000004H .CRT$XIA                DATA
 0003:00000094 00000004H .CRT$XIZ                DATA
 0003:000000a0 0000e71cH .data                   DATA
 0003:0000e7c0 0045d3f8H .bss                    DATA
 0004:00000000 00000130H .rsrc$01                DATA
 0004:00000130 00003f20H .rsrc$02                DATA

  Address         Publics by Value              Rva+Base     Lib:Object

 0001:00000000       ??3@YAXPAX@Z               00401000 f i CoreMain.obj
 0001:0000000e       ?appTimestamp@@YAPBDXZ     0040100e f   CoreMain.obj
 0001:00000043       ?appInit@@YAXXZ            00401043 f   CoreMain.obj
 0001:000000c3       ?appExit@@YAXXZ            004010c3 f   CoreMain.obj
 0001:000000cd       ?appMilliseconds@@YAIXZ    004010cd f   CoreWin32.obj
 0001:000000d3       ?appPackage@@YAPBDXZ       004010d3 f   CoreWin32.obj
 0001:0000012a       ?appGetSystemErrorMessage@@YAPBDI@Z 0040112a f   CoreWin32.obj
 0001:0000018e       ?appDisplayError@@YAXXZ    0040118e f   CoreWin32.obj
 0001:000001df       ?appInitPlatform@@YAXXZ    004011df f   CoreWin32.obj
 0001:00000372       ?appShutdownPlatform@@YAXXZ 00401372 f   CoreWin32.obj
 0001:0000037b       ?sprintf@?$TString@$0BAA@@@QAAHPBDZZ 0040137b f i CoreWin32.obj
 0001:000003a2       ?appDetectCPU@@YAXXZ       004013a2 f   CoreCpuid.obj
 0001:00000656       ?appLoadDebugSymbols@@YAXXZ 00401656 f   DbgSymbols.obj
 0001:00000813       ?appSymbolName@@YA_NIPADH@Z 00401813 f   DbgSymbols.obj
 0001:00000909       ?appSymbolName@@YAPBDI@Z   00401909 f   DbgSymbols.obj
 0001:00000941       ?osGetAddressPackage@@YA_NIPADHAAH@Z 00401941 f   DbgSymbolsWin32.obj
 0001:000009d5       ?osGetAddressSymbol@@YA_NIPADHAAH@Z 004019d5 f   DbgSymbolsWin32.obj
 0001:00000b7b       ?appMalloc@@YAPAXIH@Z      00401b7b f   Memory.obj
 0001:00000c80       ?appFree@@YAXPAX@Z         00401c80 f   Memory.obj
 0001:00000cff       ?Unlink@FMemHeader@@QAEXXZ 00401cff f i Memory.obj
 0001:00000d2a       ?Link@CMemoryChain@@AAEXXZ 00401d2a f   Memory.obj
 0001:00000d49       ?Unlink@CMemoryChain@@AAEXXZ 00401d49 f   Memory.obj
 0001:00000d74       ??2CMemoryChain@@SAPAXIH@Z 00401d74 f   Memory.obj
 0001:00000e3d       ??3CMemoryChain@@SAXPAX@Z  00401e3d f   Memory.obj
 0001:00000ebe       ?Alloc@CMemoryChain@@QAEPAXIH@Z 00401ebe f   Memory.obj
 0001:00000f8a       ?GetSize@CMemoryChain@@QAEHXZ 00401f8a f   Memory.obj
 0001:00000f98       ?BuildAllocatorsTable@@YAHPAXH@Z 00401f98 f   Memory.obj
 0001:00001105       ?appInitMemory@@YAXXZ      00402105 f   Memory.obj
 0001:000014ed       ?Write@COutputDeviceNull@@UAEXPBD@Z 004024ed f i OutputDevice.obj
 0001:00001507       ??_ECOutputDeviceNull@@UAEPAXI@Z 00402507 f i OutputDevice.obj
 0001:00001507       ??_GCOutputDeviceNull@@UAEPAXI@Z 00402507 f i OutputDevice.obj
 0001:00001507       ??_ECOutputDevice@@UAEPAXI@Z 00402507 f i OutputDevice.obj
 0001:00001507       ??_GCOutputDevice@@UAEPAXI@Z 00402507 f i OutputDevice.obj
 0001:0000154a       ?Write@COutputDeviceLog@@UAEXPBD@Z 0040254a f i OutputDevice.obj
 0001:00001595       ??_ECOutputDeviceLog@@UAEPAXI@Z 00402595 f i OutputDevice.obj
 0001:00001595       ??_GCOutputDeviceLog@@UAEPAXI@Z 00402595 f i OutputDevice.obj
 0001:000015b5       ?Printf@COutputDevice@@QAAXPBDZZ 004025b5 f   OutputDevice.obj
 0001:00001626       ?Register@COutputDevice@@QAEXXZ 00402626 f   OutputDevice.obj
 0001:00001682       ?Unregister@COutputDevice@@QAEXXZ 00402682 f   OutputDevice.obj
 0001:000016d5       ?appPrintf@@YAXPBDZZ       004026d5 f   OutputDevice.obj
 0001:0000180c       ?appWPrintf@@YAXPBDZZ      0040280c f   OutputDevice.obj
 0001:0000186f       ??0COutputDeviceMemTail@@QAE@H@Z 0040286f f i ErrorMgr.obj
 0001:000018a0       ?Write@COutputDeviceMemTail@@UAEXPBD@Z 004028a0 f i ErrorMgr.obj
 0001:000019bc       ??_ECOutputDeviceMemTail@@UAEPAXI@Z 004029bc f i ErrorMgr.obj
 0001:000019bc       ??_GCOutputDeviceMemTail@@UAEPAXI@Z 004029bc f i ErrorMgr.obj
 0001:000019db       ??1COutputDeviceMemTail@@UAE@XZ 004029db f i ErrorMgr.obj
 0001:00001a24       ??0COutputDeviceFile@@QAE@XZ 00402a24 f i ErrorMgr.obj
 0001:00001a39       ?Write@COutputDeviceFile@@UAEXPBD@Z 00402a39 f i ErrorMgr.obj
 0001:00001a90       ?Flush@COutputDeviceFile@@UAEXXZ 00402a90 f i ErrorMgr.obj
 0001:00001aa0       ?Close@COutputDeviceFile@@UAEXXZ 00402aa0 f i ErrorMgr.obj
 0001:00001ab8       ??_GCOutputDeviceFile@@UAEPAXI@Z 00402ab8 f i ErrorMgr.obj
 0001:00001ab8       ??_ECOutputDeviceFile@@UAEPAXI@Z 00402ab8 f i ErrorMgr.obj
 0001:00001ad7       ??1COutputDeviceFile@@UAE@XZ 00402ad7 f i ErrorMgr.obj
 0001:00001b16       ?appBeginError@@YAPAVCOutputDevice@@PBD@Z 00402b16 f   ErrorMgr.obj
 0001:00001be0       ?appGetErrorLog@@YAPAVCOutputDevice@@XZ 00402be0 f   ErrorMgr.obj
 0001:00001c4b       ?Open@COutputDeviceFile@@QAEXPBD_N@Z 00402c4b f i ErrorMgr.obj
 0001:00001c91       ?appFatalError@@YAXPBDZZ   00402c91 f   ErrorMgr.obj
 0001:00001ce7       ?appNonFatalError@@YAXPBDZZ 00402ce7 f   ErrorMgr.obj
 0001:00001d49       ?appUnwindPrefix@@YAXPBD@Z 00402d49 f   ErrorMgr.obj
 0001:00001dfb       ?appUnwindThrow@@YAXPBDZZ  00402dfb f   ErrorMgr.obj
 0001:00001e71       ?Reset@CErrorHandler@@QAEXXZ 00402e71 f   ErrorMgr.obj
 0001:00001ea1       ?appInitError@@YAXXZ       00402ea1 f   ErrorMgr.obj
 0001:00001f96       ?appShutdownError@@YAXXZ   00402f96 f   ErrorMgr.obj
 0001:00002020       ?GetTail@COutputDeviceMemTail@@QAEPBDH@Z 00403020 f i ErrorMgr.obj
 0001:00002046       ?sprintf@?$TString@$0CAA@@@QAAHPBDZZ 00403046 f i ErrorMgr.obj
 0001:0000206d       ?win32ExceptFilter@@YGJPAU_EXCEPTION_POINTERS@@@Z 0040306d f   ExceptHandlerWin32.obj
 0001:00002210       ?win32ExceptFilter2@@YAIXZ 00403210 f   ExceptHandlerWin32.obj
 0001:00002219       ?sprintf@?$TString@$0EAA@@@QAAHPBDZZ 00403219 f i ExceptHandlerWin32.obj
 0001:00002240       ?DumpRegs@@YAXPAVCOutputDevice@@PAU_CONTEXT@@@Z 00403240 f   ExceptDumpers.obj
 0001:00002351       ?DumpMem@@YAXPAVCOutputDevice@@PBIPAU_CONTEXT@@@Z 00403351 f   ExceptDumpers.obj
 0001:00002590       ?UnwindEbpFrame@@YAXPAVCOutputDevice@@PBI@Z 00403590 f   ExceptDumpers.obj
 0001:00002621       ?GetLine@CSimpleParser@@QAEPBDXZ 00403621 f   ScriptParser.obj
 0001:00002738       ?SkipBraces@CSimpleParser@@QAEPBDXZ 00403738 f   ScriptParser.obj
 0001:0000276e       ?appStricmp@@YAHPBD0@Z     0040376e f   Strings.obj
 0001:000027a5       ?toLower@@YADD@Z           004037a5 f i Strings.obj
 0001:000027c0       ?appStrncpylwr@@YAXPADPBDH@Z 004037c0 f   Strings.obj
 0001:000027f8       ?appStrncpyz@@YAXPADPBDH@Z 004037f8 f   Strings.obj
 0001:00002825       ?appStrcatn@@YAXPADHPBD@Z  00403825 f   Strings.obj
 0001:00002851       ?appCopyFilename@@YAXPADPBDH@Z 00403851 f   Strings.obj
 0001:00002979       ?appCStrlen@@YAHPBD@Z      00403979 f   Strings.obj
 0001:000029a1       ?appUncolorizeString@@YAXPADPBD@Z 004039a1 f   Strings.obj
 0001:000029d3       ?va@@YAPBDPBDZZ            004039d3 f   Strings.obj
 0001:00002ac7       ?appSprintf@@YAHPADHPBDZZ  00403ac7 f   Strings.obj
 0001:00002b66       ?appMatchWildcard@@YA_NPBD0_N@Z 00403b66 f   Strings.obj
 0001:00002daa       ?appIsWildcard@@YA_NPBD@Z  00403daa f   Strings.obj
 0001:00002dd6       ?appStrdup@@YAPADPBD@Z     00403dd6 f   Strings.obj
 0001:00002e17       ?appStrdup@@YAPADPBDPAVCMemoryChain@@@Z 00403e17 f   Strings.obj
 0001:00002e4c       ??0CStringItem@@QAE@XZ     00403e4c f   Strings.obj
 0001:00002e57       ??2CStringItem@@SAPAXIPBD@Z 00403e57 f   Strings.obj
 0001:00002ef1       ??2CStringItem@@SAPAXIPBDPAVCMemoryChain@@@Z 00403ef1 f   Strings.obj
 0001:00002f66       ?Find@CStringList@@IAEPAVCStringItem@@PBDPAPAV2@@Z 00403f66 f   Strings.obj
 0001:00002ff1       ?Find@CStringList@@IAEPAVCStringItem@@H@Z 00403ff1 f   Strings.obj
 0001:0000305d       ?IndexOf@CStringList@@QAEHPBD@Z 0040405d f   Strings.obj
 0001:000030df       ?Remove@CStringList@@QAE_NPAVCStringItem@@@Z 004040df f   Strings.obj
 0001:00003163       ?Add@CTextContainer@@QAEPAUCTextRec@@PBD@Z 00404163 f   TextContainer.obj
 0001:0000320f       ?Enumerate@CTextContainer@@QAEXP6AXPBUCTextRec@@@Z@Z 0040420f f   TextContainer.obj
 0001:0000327b       ?SubtractPath@@YAPBDPBD0@Z 0040427b f   FileSystem.obj
 0001:00003313       ?appMakeDirectoryForFile@@YAXPBD@Z 00404313 f   FileSystem.obj
 0001:00003349       ?appOpenFile@@YAPAVCFile@@PBD@Z 00404349 f   FileSystem.obj
 0001:00003386       ?Read@CFileOS@@UAEHPAXH@Z  00404386 f i FileSystem.obj
 0001:000033ad       ?GetSize@CFileOS@@UAEHXZ   004043ad f i FileSystem.obj
 0001:000033f8       ?Eof@CFileOS@@UAE_NXZ      004043f8 f i FileSystem.obj
 0001:0000340c       ??_ECFileOS@@UAEPAXI@Z     0040440c f i FileSystem.obj
 0001:0000340c       ??_GCFileOS@@UAEPAXI@Z     0040440c f i FileSystem.obj
 0001:00003441       ??_ECFile@@UAEPAXI@Z       00404441 f i FileSystem.obj
 0001:00003441       ??_GCFile@@UAEPAXI@Z       00404441 f i FileSystem.obj
 0001:00003461       ?ReadByte@CFile@@QAEEXZ    00404461 f   FileSystem.obj
 0001:00003479       ?ReadInt@CFile@@QAEHXZ     00404479 f   FileSystem.obj
 0001:00003491       ?ReadString@CFile@@QAEXPADH@Z 00404491 f   FileSystem.obj
 0001:000034ce       ?GetType@CFileContainer@@MAEPBDXZ 004044ce f   FileSystem.obj
 0001:000034d4       ?Mount@CFileSystem@@QAEXAAVCFileContainer@@PBD@Z 004044d4 f   FileSystem.obj
 0001:0000352a       ?Umount@CFileSystem@@QAEXAAVCFileContainer@@@Z 0040452a f   FileSystem.obj
 0001:00003564       ?MountDirectory@CFileSystem@@QAEPAVCFileContainer@@PBD0@Z 00404564 f   FileSystem.obj
 0001:000035a9       ?GetType@CFileContainerOS@@MAEPBDXZ 004045a9 f i FileSystem.obj
 0001:000035af       ?FileExists@CFileContainerOS@@UAE_NPBD@Z 004045af f i FileSystem.obj
 0001:000035d9       ?OpenFile@CFileContainerOS@@UAEPAVCFile@@PBD@Z 004045d9 f i FileSystem.obj
 0001:000035f9       ?List@CFileContainerOS@@UAEXAAVCFileList@@PBDI@Z 004045f9 f i FileSystem.obj
 0001:00003622       ??_ECFileContainerOS@@UAEPAXI@Z 00404622 f i FileSystem.obj
 0001:00003622       ??_GCFileContainerOS@@UAEPAXI@Z 00404622 f i FileSystem.obj
 0001:00003642       ??_GCFileContainer@@UAEPAXI@Z 00404642 f i FileSystem.obj
 0001:00003642       ??_ECFileContainer@@UAEPAXI@Z 00404642 f i FileSystem.obj
 0001:00003662       ?MountArchive@CFileSystem@@QAEPAVCFileContainer@@PBD0@Z 00404662 f   FileSystem.obj
 0001:00003779       ?Mount@CFileSystem@@QAEXPBD0@Z 00404779 f   FileSystem.obj
 0001:000039aa       ?Umount@CFileSystem@@QAEXPBD@Z 004049aa f   FileSystem.obj
 0001:00003a46       ?List@CFileSystem@@UAEPAVCFileList@@PBDIPAV2@@Z 00404a46 f   FileSystem.obj
 0001:00003c00       ?RegisterFormat@CFileSystem@@SAXP6APAVCFileContainer@@PBDPAU_iobuf@@@Z@Z 00404c00 f   FileSystem.obj
 0001:00003c44       ?FileExists@CFileSystem@@UAE_NPBDI@Z 00404c44 f   FileSystem.obj
 0001:00003cc3       ?OpenFile@CFileSystem@@UAEPAVCFile@@PBDI@Z 00404cc3 f   FileSystem.obj
 0001:00003d67       ?LoadFile@CFileSystem@@QAEPAXPBDPAI@Z 00404d67 f   FileSystem.obj
 0001:00003e37       ?cMount@@YAX_NHPAPAD@Z     00404e37 f   FileSystem.obj
 0001:00003f75       ?cUmount@@YAX_NHPAPAD@Z    00404f75 f   FileSystem.obj
 0001:00003fa4       ?appInitFileSystem@@YAXAAVCFileSystem@@@Z 00404fa4 f   FileSystem.obj
 0001:00004398       ?appListDirectory@@YAXPBDAAVCFileList@@I@Z 00405398 f   FileSystemWin32.obj
 0001:000045de       ?appMakeDirectory@@YAXPBD@Z 004055de f   FileSystemWin32.obj
 0001:00004648       ?appFileType@@YAIPBD@Z     00405648 f   FileSystemWin32.obj
 0001:00004688       ?FindDir@CFileContainerArc@@IAEPAVFDirInfo@1@PBD_N@Z 00405688 f   FileContainerArc.obj
 0001:00004741       ?FindFile@CFileContainerArc@@IAEPAVCStringItem@@PBD@Z 00405741 f   FileContainerArc.obj
 0001:000047ab       ?FileExists@CFileContainerArc@@UAE_NPBD@Z 004057ab f   FileContainerArc.obj
 0001:000047c0       ?OpenFile@CFileContainerArc@@UAEPAVCFile@@PBD@Z 004057c0 f   FileContainerArc.obj
 0001:000047df       ?List@CFileContainerArc@@UAEXAAVCFileList@@PBDI@Z 004057df f   FileContainerArc.obj
 0001:0000494a       ??E?$TStringSplitter@$0BAA@$0CP@@@QAEXXZ 0040594a f i FileContainerArc.obj
 0001:000049cc       ?GetLength@CVec3@@QAEMXZ   004059cc f   Math3D.obj
 0001:000049f7       ?Normalize@CVec3@@QAEMXZ   004059f7 f   Math3D.obj
 0001:00004a49       ?VectorNormalize@@YAMABUCVec3@@AAU1@@Z 00405a49 f   Math3D.obj
 0001:00004ab3       ?NormalizeFast@CVec3@@QAEMXZ 00405ab3 f   Math3D.obj
 0001:00004b04       ?FindAxisVectors@CVec3@@QBEXAAU1@0@Z 00405b04 f   Math3D.obj
 0001:00004b74       ?cross@@YAXABUCVec3@@0AAU1@@Z 00405b74 f   Math3D.obj
 0001:00004bb0       ?VectorDistance@@YAMABUCVec3@@0@Z 00405bb0 f   Math3D.obj
 0001:00004bdf       ?Setup@CPlane@@QAEXXZ      00405bdf f   Math3D.obj
 0001:00004c8d       ?Clear@CBox@@QAEXXZ        00405c8d f   Math3D.obj
 0001:00004cab       ?Expand@CBox@@QAEXABUCVec3@@@Z 00405cab f   Math3D.obj
 0001:00004cdd       ?Expand@CBox@@QAEXABU1@@Z  00405cdd f   Math3D.obj
 0001:00004d1c       ?GetCenter@CBox@@QBEXAAUCVec3@@@Z 00405d1c f   Math3D.obj
 0001:00004d3f       ?Contains@CBox@@QBE_NABUCVec3@@@Z 00405d3f f   Math3D.obj
 0001:00004d73       ?Intersects@CBox@@QBE_NABU1@@Z 00405d73 f   Math3D.obj
 0001:00004db2       ?OnPlaneSide@CBox@@QBEHABUCPlane@@@Z 00405db2 f   Math3D.obj
 0001:00004ee1       ?FromEuler@CAxis@@QAEXABUCVec3@@@Z 00405ee1 f   Math3D.obj
 0001:00004f20       ?TransformVector@CAxis@@QBEXABUCVec3@@AAU2@@Z 00405f20 f   Math3D.obj
 0001:00004f73       ?UnTransformVector@CAxis@@QBEXABUCVec3@@AAU2@@Z 00405f73 f   Math3D.obj
 0001:00004fd7       ?TransformAxis@CAxis@@QBEXABU1@AAU1@@Z 00405fd7 f   Math3D.obj
 0001:0000501d       ?UnTransformAxis@CAxis@@QBEXABU1@AAU1@@Z 0040601d f   Math3D.obj
 0001:00005063       ?TransformPoint@CCoords@@QBEXABUCVec3@@AAU2@@Z 00406063 f   Math3D.obj
 0001:000050c3       ?UnTransformPoint@CCoords@@QBEXABUCVec3@@AAU2@@Z 004060c3 f   Math3D.obj
 0001:00005130       ?UnTransformCoords@CCoords@@QBEXABU1@AAU1@@Z 00406130 f   Math3D.obj
 0001:0000515c       ?TransformPlane@CCoords@@QBEXABUCPlane@@AAU2@@Z 0040615c f   Math3D.obj
 0001:00005196       ?TransformPoint@@YAXABUCVec3@@ABUCAxis@@0AAU1@@Z 00406196 f   Math3D.obj
 0001:000051f9       ?UnTransformPoint@@YAXABUCVec3@@ABUCAxis@@0AAU1@@Z 004061f9 f   Math3D.obj
 0001:00005269       ?Euler2Vecs@@YAXABUCVec3@@PAU1@11@Z 00406269 f   Math3D.obj
 0001:000053c9       ?Vec2Euler@@YAXABUCVec3@@AAU1@@Z 004063c9 f   Math3D.obj
 0001:000054cc       ?Vec2Yaw@@YAMABUCVec3@@@Z  004064cc f   Math3D.obj
 0001:0000553f       ?appRsqrt@@YAMM@Z          0040653f f   MathMisc.obj
 0001:0000556b       ?NormalizeColor@@YAMABUCVec3@@AAU1@@Z 0040656b f   MathMisc.obj
 0001:000055c9       ?NormalizeColor255@@YAMABUCVec3@@AAU1@@Z 004065c9 f   MathMisc.obj
 0001:0000562b       ?SCR_StopCinematic@@YAXXZ  0040662b f   cl_cin.obj
 0001:000056bf       ?SCR_DrawCinematic@@YA_NXZ 004066bf f   cl_cin.obj
 0001:00005ab6       ?SCR_PlayCinematic@@YAXPBD@Z 00406ab6 f   cl_cin.obj
 0001:00005e0d       ?sprintf@?$TString@$0EA@@@QAAHPBDZZ 00406e0d f i cl_cin.obj
 0001:00005e2e       ?CL_Download_f@@YAX_NHPAPAD@Z 00406e2e f   cl_download.obj
 0001:000061db       ?CL_ParseDownload@@YAXXZ   004071db f   cl_download.obj
 0001:00006a0a       ?CL_Precache_f@@YAXHPAPAD@Z 00407a0a f   cl_download.obj
 0001:00006a65       ?sprintf@?$TString@$0IA@@@QAAHPBDZZ 00407a65 f i cl_download.obj
 0001:00006a89       ?CL_ParseDelta@@YAXPAUclEntityState_t@@0HI_N@Z 00407a89 f   cl_ents.obj
 0001:00006c09       ?CL_ParseFrame@@YAXXZ      00407c09 f   cl_ents.obj
 0001:000072be       ?CL_AddEntityBox@@YAXPAUclEntityState_t@@I@Z 004082be f   cl_ents.obj
 0001:000073c2       ?Lerp@@YAXABUCVec3@@0MAAU1@@Z 004083c2 f i cl_ents.obj
 0001:000073f9       ?OffsetThirdPersonView@@YAXXZ 004083f9 f   cl_ents.obj
 0001:000074e1       ?CL_AddEntities@@YAXXZ     004084e1 f   cl_ents.obj
 0001:00008422       ?CL_ClearLightStyles@@YAXXZ 00409422 f   cl_fx.obj
 0001:000084a4       ?CL_SetLightstyle@@YAXHPBD@Z 004094a4 f   cl_fx.obj
 0001:00008505       ?CL_AllocDlight@@YAPAUcdlight_t@@HABUCVec3@@@Z 00409505 f   cl_fx.obj
 0001:00008570       ?CL_AllocParticleTrace@@YAPAUparticleTrace_t@@ABUCVec3@@0MM@Z 00409570 f   cl_fx.obj
 0001:000085ff       ?CL_AllocParticleBeam@@YAPAUbeam_t@@ABUCVec3@@0MM@Z 004095ff f   cl_fx.obj
 0001:00008674       ?CL_AllocParticle@@YAPAUparticle_t@@XZ 00409674 f   cl_fx.obj
 0001:000086c7       ?CL_MetalSparks@@YAXABUCVec3@@0H@Z 004096c7 f   cl_fx.obj
 0001:000087c5       ?CL_AddEffects@@YAXXZ      004097c5 f   cl_fx.obj
 0001:00008eb3       ?CL_ClearEffects@@YAXXZ    00409eb3 f   cl_fx.obj
 0001:00008f35       ?CL_EntityEvent@@YAXPAUclEntityState_t@@@Z 00409f35 f   cl_fx.obj
 0001:000090ec       ?CL_ParseMuzzleFlash@@YAXXZ 0040a0ec f   cl_fx.obj
 0001:0000945c       ?CL_ParseMuzzleFlash2@@YAXXZ 0040a45c f   cl_fx.obj
 0001:000098d2       ?CL_ParticleEffect@@YAXABUCVec3@@0HH@Z 0040a8d2 f   cl_fx.obj
 0001:00009abb       ?CL_ParticleEffect2@@YAXABUCVec3@@0HH@Z 0040aabb f   cl_fx.obj
 0001:00009ae3       ?CL_ParticleEffect3@@YAXABUCVec3@@0HH@Z 0040aae3 f   cl_fx.obj
 0001:00009b0b       ?CL_TeleporterParticles@@YAXPAUclEntityState_t@@@Z 0040ab0b f   cl_fx.obj
 0001:00009b2d       ?CL_LogoutEffect@@YAXABUCVec3@@H@Z 0040ab2d f   cl_fx.obj
 0001:00009b65       ?CL_ItemRespawnParticles@@YAXABUCVec3@@@Z 0040ab65 f   cl_fx.obj
 0001:00009b83       ?CL_ExplosionParticles@@YAXABUCVec3@@@Z 0040ab83 f   cl_fx.obj
 0001:00009ba4       ?CL_BFGExplosionParticles@@YAXABUCVec3@@@Z 0040aba4 f   cl_fx.obj
 0001:00009bc5       ?CL_TrackerExplosionParticles@@YAXABUCVec3@@@Z 0040abc5 f   cl_fx.obj
 0001:00009be6       ?CL_BlasterParticles@@YAXABUCVec3@@0I@Z 0040abe6 f   cl_fx.obj
 0001:00009c0d       ?CL_BlasterTrail@@YAXAAUcentity_t@@@Z 0040ac0d f   cl_fx.obj
 0001:00009d14       ?CL_BlasterTrail2@@YAXAAUcentity_t@@@Z 0040ad14 f   cl_fx.obj
 0001:00009d2b       ?CL_FlagTrail@@YAXAAUcentity_t@@H@Z 0040ad2b f   cl_fx.obj
 0001:00009d4a       ?CL_RocketTrail@@YAXAAUcentity_t@@@Z 0040ad4a f   cl_fx.obj
 0001:00009d89       ?CL_BubbleTrail@@YAXABUCVec3@@0@Z 0040ad89 f   cl_fx.obj
 0001:00009e25       ?CL_BubbleTrail2@@YAXABUCVec3@@0@Z 0040ae25 f   cl_fx.obj
 0001:00009e3f       ?CL_TagTrail@@YAXAAUcentity_t@@@Z 0040ae3f f   cl_fx.obj
 0001:00009e56       ?CL_DebugTrail@@YAXABUCVec3@@0@Z 0040ae56 f   cl_fx.obj
 0001:00009e70       ?CL_ForceWall@@YAXABUCVec3@@0H@Z 0040ae70 f   cl_fx.obj
 0001:00009e92       ?CL_BigTeleportParticles@@YAXABUCVec3@@@Z 0040ae92 f   cl_fx.obj
 0001:00009fcd       ?CL_BfgParticles@@YAXABUCVec3@@@Z 0040afcd f   cl_fx.obj
 0001:0000a147       ?CL_FlyEffect@@YAXAAUcentity_t@@@Z 0040b147 f   cl_fx.obj
 0001:0000a2d3       ?CL_DiminishingTrail@@YAXAAUcentity_t@@H@Z 0040b2d3 f   cl_fx.obj
 0001:0000a42d       ?CL_RailTrail@@YAXABUCVec3@@0@Z 0040b42d f   cl_fx.obj
 0001:0000a59f       ?CL_RailTrailExt@@YAXABUCVec3@@0EE@Z 0040b59f f   cl_fx.obj
 0001:0000a6e4       ?CL_IonripperTrail@@YAXAAUcentity_t@@@Z 0040b6e4 f   cl_fx.obj
 0001:0000a83e       ?CL_TrapParticles@@YAXABUCVec3@@@Z 0040b83e f   cl_fx.obj
 0001:0000a9b1       ?CL_TeleportParticles@@YAXABUCVec3@@@Z 0040b9b1 f   cl_fx.obj
 0001:0000aae7       ?CL_Heatbeam@@YAXABUCVec3@@0@Z 0040bae7 f   cl_fx.obj
 0001:0000ad8d       ?CL_ParticleSteamEffect@@YAXABUCVec3@@0HHH@Z 0040bd8d f   cl_fx.obj
 0001:0000aec3       ?CL_ParticleSmokeEffect@@YAXABUCVec3@@0@Z 0040bec3 f   cl_fx.obj
 0001:0000afdc       ?CL_TrackerTrail@@YAXAAUcentity_t@@@Z 0040bfdc f   cl_fx.obj
 0001:0000b156       ?CL_TrackerShell@@YAXABUCVec3@@@Z 0040c156 f   cl_fx.obj
 0001:0000b1e2       ?CL_MonsterPlasmaShell@@YAXABUCVec3@@@Z 0040c1e2 f   cl_fx.obj
 0001:0000b26b       ?CL_WidowSplash@@YAXABUCVec3@@@Z 0040c26b f   cl_fx.obj
 0001:0000b34c       ?CL_InitInput@@YAXXZ       0040c34c f   cl_input.obj
 0001:0000b8fa       ?CL_SendCmd@@YAXXZ         0040c8fa f   cl_input.obj
 0001:0000bf19       ?CL_WriteDemoMessage@@YAXXZ 0040cf19 f   cl_main.obj
 0001:0000bf5b       ?Cmd_ForwardToServer@@YAXHPAPAD@Z 0040cf5b f   cl_main.obj
 0001:0000c020       ?CL_ForwardToServer_f@@YAXHPAPAD@Z 0040d020 f   cl_main.obj
 0001:0000c069       ?CL_Pause@@YAX_N@Z         0040d069 f   cl_main.obj
 0001:0000c0ae       ?CL_Drop@@YAX_N@Z          0040d0ae f   cl_main.obj
 0001:0000c0d9       ?CL_SendConnectPacket@@YAXXZ 0040d0d9 f   cl_main.obj
 0001:0000c13f       ?CL_Connect_f@@YAX_NHPAPAD@Z 0040d13f f   cl_main.obj
 0001:0000c1ac       ?CL_Rcon_f@@YAXHPAPAD@Z    0040d1ac f   cl_main.obj
 0001:0000c298       ?CL_Disconnect@@YAXXZ      0040d298 f   cl_main.obj
 0001:0000c443       ?CL_Disconnect_f@@YAXXZ    0040d443 f   cl_main.obj
 0001:0000c44d       ?CL_Changing_f@@YAXXZ      0040d44d f   cl_main.obj
 0001:0000c475       ?CL_Reconnect_f@@YAXXZ     0040d475 f   cl_main.obj
 0001:0000c511       ?CL_PingServers_f@@YAXXZ   0040d511 f   cl_main.obj
 0001:0000c8cc       ?CL_ConnectionlessPacket@@YAXXZ 0040d8cc f   cl_main.obj
 0001:0000c9c9       ?CL_Userinfo_f@@YAXXZ      0040d9c9 f   cl_main.obj
 0001:0000c9e4       ?CL_RegisterSounds@@YAXXZ  0040d9e4 f   cl_main.obj
 0001:0000ca23       ?CL_Snd_Restart_f@@YAXXZ   0040da23 f   cl_main.obj
 0001:0000ca32       ?CL_WriteConfiguration@@YAXPBD@Z 0040da32 f   cl_main.obj
 0001:0000cb19       ?CL_WriteConfig_f@@YAX_NHPAPAD@Z 0040db19 f   cl_main.obj
 0001:0000cb83       ?CL_FixCvarCheats@@YAXXZ   0040db83 f   cl_main.obj
 0001:0000cbd4       ?CL_Frame@@YAXMM@Z         0040dbd4 f   cl_main.obj
 0001:0000d03c       ?CL_ClearState@@YAXXZ      0040e03c f   cl_main.obj
 0001:0000d07a       ?CL_Init@@YAXXZ            0040e07a f   cl_main.obj
 0001:0000d529       ?CL_Shutdown@@YAXXZ        0040e529 f   cl_main.obj
 0001:0000d585       ?CL_ParseClientinfo@@YAXH@Z 0040e585 f   cl_parse.obj
 0001:0000d63d       ?CL_UpdatePlayerClientInfo@@YAXXZ 0040e63d f   cl_parse.obj
 0001:0000d67e       ?CL_ParseServerMessage@@YAXXZ 0040e67e f   cl_parse.obj
 0001:0000de64       ?FreePlayerModelsInfo@@YAXXZ 0040ee64 f   cl_playermodel.obj
 0001:0000de8a       ?ScanPlayerModels@@YA_NXZ  0040ee8a f   cl_playermodel.obj
 0001:0000e284       ?RunAnimation@@YAXAAUclientInfo_t@@AAUanimState_t@@H@Z 0040f284 f   cl_playermodel.obj
 0001:0000e472       ?CL_LoadClientinfo@@YAXAAUclientInfo_t@@PBD_N@Z 0040f472 f   cl_playermodel.obj
 0001:0000f0fe       ?ParsePlayerEntity@@YAHAAUcentity_t@@AAUclientInfo_t@@PAUclEntityState_t@@ABUentity_t@@PAU4@HH@Z 004100fe f   cl_playermodel.obj
 0001:0000fc6d       ?CreateAndInsert@?$TList@VCStringItem@@@@QAEPAVCStringItem@@PBDPAVCMemoryChain@@@Z 00410c6d f i cl_playermodel.obj
 0001:0000fca5       ?CL_CheckPredictionError@@YAXXZ 00410ca5 f   cl_pred.obj
 0001:0000fe38       ?CL_EntityTrace@@YAXAAUtrace_t@@ABUCVec3@@1ABUCBox@@H@Z 00410e38 f   cl_pred.obj
 0001:00010192       ?CL_Trace@@YAXAAUtrace_t@@ABUCVec3@@1ABUCBox@@H@Z 00411192 f   cl_pred.obj
 0001:00010243       ?CL_PMpointcontents@@YAHABUCVec3@@@Z 00411243 f   cl_pred.obj
 0001:000103d9       ?CL_PredictMovement@@YAXXZ 004113d9 f   cl_pred.obj
 0001:000107a0       ?DrawString@@YAXHHPBD@Z    004117a0 f   cl_scrn.obj
 0001:000107e5       ?SCR_DebugGraph@@YAXMH@Z   004117e5 f   cl_scrn.obj
 0001:0001080f       ?SCR_CenterPrint@@YAXPBD@Z 0041180f f   cl_scrn.obj
 0001:00010915       ?Key_Message@@YAXH@Z       00411915 f   cl_scrn.obj
 0001:000109b5       ?SCR_SetLevelshot@@YAXPBD@Z 004119b5 f   cl_scrn.obj
 0001:00010ab0       ?SCR_BeginLoadingPlaque@@YAX_N@Z 00411ab0 f   cl_scrn.obj
 0001:00010b46       ?SCR_EndLoadingPlaque@@YAX_N@Z 00411b46 f   cl_scrn.obj
 0001:00010bcb       ?SCR_LoadingNotify@@YAXPBDM@Z 00411bcb f   cl_scrn.obj
 0001:00010bf4       ?SCR_ShowConsole@@YAX_N0@Z 00411bf4 f   cl_scrn.obj
 0001:00010cb9       ?SCR_ToggleConsole@@YAXXZ  00411cb9 f   cl_scrn.obj
 0001:00010ce1       ?SCR_TouchPics@@YAXXZ      00411ce1 f   cl_scrn.obj
 0001:00010d35       ?SCR_UpdateScreen@@YAXXZ   00411d35 f   cl_scrn.obj
 0001:000120bd       ?SCR_Init@@YAXXZ           004130bd f   cl_scrn.obj
 0001:000123ee       ?sprintf@?$TString@$0BA@@@QAAHPBDZZ 004133ee f i cl_scrn.obj
 0001:0001240f       ?CL_RegisterTEntSounds@@YAXXZ 0041340f f   cl_tent.obj
 0001:00012664       ?CL_RegisterTEntModels@@YAXXZ 00413664 f   cl_tent.obj
 0001:000127b5       ?CL_ClearTEnts@@YAXXZ      004137b5 f   cl_tent.obj
 0001:000127e6       ?CL_SmokeAndFlash@@YAXABUCVec3@@@Z 004137e6 f   cl_tent.obj
 0001:0001297e       ?CL_ParseTEnt@@YAXXZ       0041397e f   cl_tent.obj
 0001:00013ca4       ?CL_AddTEnts@@YAXXZ        00414ca4 f   cl_tent.obj
 0001:000146a9       ?V_AddEntity@@YAXPAUentity_t@@@Z 004156a9 f   cl_view.obj
 0001:000146e7       ?V_AddEntity2@@YAXPAUentity_t@@@Z 004156e7 f   cl_view.obj
 0001:00014719       ?AddEntityWithEffects2@@YAXPAUentity_t@@I@Z 00415719 f   cl_view.obj
 0001:000147ba       ?AddEntityWithEffects@@YAXPAUentity_t@@I@Z 004157ba f   cl_view.obj
 0001:000147db       ?V_AddLight@@YAXABUCVec3@@MMMM@Z 004157db f   cl_view.obj
 0001:00014820       ?V_TestEntities@@YAXXZ     00415820 f   cl_view.obj
 0001:0001494d       ?V_TestLights@@YAXXZ       0041594d f   cl_view.obj
 0001:00014a23       ?V_InitRenderer@@YAXXZ     00415a23 f   cl_view.obj
 0001:00014e44       ?CalcFov@@YAMMMM@Z         00415e44 f   cl_view.obj
 0001:00014eb2       ?V_RenderView@@YA_NXZ      00415eb2 f   cl_view.obj
 0001:00015c54       ?V_Init@@YAXXZ             00416c54 f   cl_view.obj
 0001:00015d03       ?Con_ClearNotify@@YAXXZ    00416d03 f   console.obj
 0001:00015d12       ?Con_CheckResize@@YAXXZ    00416d12 f   console.obj
 0001:00015e39       ?Write@COutputDeviceCon@@UAEXPBD@Z 00416e39 f   console.obj
 0001:0001603f       ?Con_DrawNotify@@YAX_N@Z   0041703f f   console.obj
 0001:00016215       ?Con_DrawConsole@@YAXM@Z   00417215 f   console.obj
 0001:000164c9       ?Con_ClearTyping@@YAXXZ    004174c9 f   console.obj
 0001:000164e2       ?Key_Console@@YAXHH@Z      004174e2 f   console.obj
 0001:0001692f       ?Con_Init@@YAXXZ           0041792f f   console.obj
 0001:00016a9d       ?Key_KeynumToString@@YAPBDH@Z 00417a9d f   keys.obj
 0001:00016b63       ?Draw@completeMenu_t@@UAEXXZ 00417b63 f i keys.obj
 0001:00016b94       ?KeyDown@completeMenu_t@@UAEPBDH@Z 00417b94 f i keys.obj
 0001:00016bc0       ?Init@completeMenu_t@@UAE_NXZ 00417bc0 f i keys.obj
 0001:00016ce7       ?CompleteMenuCallback@completeMenu_t@@SAXPAX@Z 00417ce7 f i keys.obj
 0001:00016d78       ?CompleteCommand@@YAXXZ    00417d78 f   keys.obj
 0001:00017489       ?Key_SetBinding@@YAXHPBD@Z 00418489 f   keys.obj
 0001:000174c9       ?Key_FindBinding@@YAHPBDPAHH@Z 004184c9 f   keys.obj
 0001:00017517       ?Key_WriteBindings@@YAXPAVCOutputDevice@@@Z 00418517 f   keys.obj
 0001:00017561       ?Key_Init@@YAXXZ           00418561 f   keys.obj
 0001:00017845       ?Key_Event@@YAXH_N@Z       00418845 f   keys.obj
 0001:00017ba4       ?Key_ClearStates@@YAXXZ    00418ba4 f   keys.obj
 0001:00017bd9       ?M_ForceMenuOn@@YAXXZ      00418bd9 f   menu.obj
 0001:00017bf8       ?Draw@menuMain_t@@UAEXXZ   00418bf8 f i menu.obj
 0001:00017d34       ?KeyDown@menuMain_t@@UAEPBDH@Z 00418d34 f i menu.obj
 0001:00017df5       ?Init@menuMain_t@@UAE_NXZ  00418df5 f i menu.obj
 0001:00017dfd       ?M_Menu_Main_f@@YAXXZ      00418dfd f   menu.obj
 0001:00017e17       ?Init@multiplayerMenu_t@@UAE_NXZ 00418e17 f i menu.obj
 0001:00017f3b       ?Init@keysMenu_t@@UAE_NXZ  00418f3b f i menu.obj
 0001:00018129       ?KeyCursorDrawFunc@keysMenu_t@@SAXPAUmenuFramework_t@@@Z 00419129 f i menu.obj
 0001:0001816c       ?DrawKeyBindingFunc@keysMenu_t@@SAXPAX@Z 0041916c f i menu.obj
 0001:0001822c       ?KeyDown@keysMenu_t@@UAEPBDH@Z 0041922c f i menu.obj
 0001:000182d9       ?UnbindCommand@keysMenu_t@@QAEXPAD@Z 004192d9 f i menu.obj
 0001:0001831e       ?KeyBindingFunc@keysMenu_t@@QAEXPAX@Z 0041931e f i menu.obj
 0001:00018380       ?Init@optionsMenu_t@@UAE_NXZ 00419380 f i menu.obj
 0001:00018733       ?CrosshairFunc@optionsMenu_t@@SAXPAX@Z 00419733 f i menu.obj
 0001:0001875b       ?JoystickFunc@optionsMenu_t@@SAXPAX@Z 0041975b f i menu.obj
 0001:00018770       ?AlwaysRunFunc@optionsMenu_t@@SAXPAX@Z 00419770 f i menu.obj
 0001:00018785       ?MouseSpeedFunc@optionsMenu_t@@SAXPAX@Z 00419785 f i menu.obj
 0001:000187a2       ?InvertMouseFunc@optionsMenu_t@@SAXPAX@Z 004197a2 f i menu.obj
 0001:000187db       ?UpdateVolumeFunc@optionsMenu_t@@SAXPAX@Z 004197db f i menu.obj
 0001:000187f8       ?UpdateCDVolumeFunc@optionsMenu_t@@SAXPAX@Z 004197f8 f i menu.obj
 0001:00018812       ?SetMenuItemValues@optionsMenu_t@@SAXXZ 00419812 f i menu.obj
 0001:0001895a       ?ResetDefaultsFunc@optionsMenu_t@@SAXPAX@Z 0041995a f i menu.obj
 0001:0001896f       ?UpdateSoundFunc@optionsMenu_t@@SAXPAX@Z 0041996f f i menu.obj
 0001:00018b73       ?ScanCrosshairs@optionsMenu_t@@SAXXZ 00419b73 f i menu.obj
 0001:00018bd0       ?Draw@optionsMenu_t@@UAEXXZ 00419bd0 f i menu.obj
 0001:00018c35       ?Draw@creditsMenu_t@@UAEXXZ 00419c35 f i menu.obj
 0001:00018cdc       ?KeyDown@creditsMenu_t@@UAEPBDH@Z 00419cdc f i menu.obj
 0001:00018d1c       ?Init@creditsMenu_t@@UAE_NXZ 00419d1c f i menu.obj
 0001:00018d9d       ?Init@gameMenu_t@@UAE_NXZ  00419d9d f i menu.obj
 0001:00018f28       ?EasyGameFunc@gameMenu_t@@SAXPAX@Z 00419f28 f i menu.obj
 0001:00018f34       ?StartGame@gameMenu_t@@SAXPBD@Z 00419f34 f i menu.obj
 0001:00018f8f       ?MediumGameFunc@gameMenu_t@@SAXPAX@Z 00419f8f f i menu.obj
 0001:00018f9b       ?HardGameFunc@gameMenu_t@@SAXPAX@Z 00419f9b f i menu.obj
 0001:00018fb7       ?Init@savegameMenu_t@@UAE_NXZ 00419fb7 f i menu.obj
 0001:000190c7       ?Create_Savestrings@savegameMenu_t@@QAEXXZ 0041a0c7 f i menu.obj
 0001:00019187       ?LoadGameCallback@savegameMenu_t@@SAXPAX@Z 0041a187 f i menu.obj
 0001:000191b4       ?SaveGameCallback@savegameMenu_t@@SAXPAX@Z 0041a1b4 f i menu.obj
 0001:000191d7       ?Draw@savegameMenu_t@@UAEXXZ 0041a1d7 f i menu.obj
 0001:000191f2       ?DrawSavegameShot@savegameMenu_t@@QAEXHH@Z 0041a1f2 f i menu.obj
 0001:000192cd       ?Init@joinserverMenu_t@@UAE_NXZ 0041a2cd f i menu.obj
 0001:00019404       ?JoinServerFunc@joinserverMenu_t@@SAXPAX@Z 0041a404 f i menu.obj
 0001:00019469       ?SearchLocalGames@joinserverMenu_t@@SAXXZ 0041a469 f i menu.obj
 0001:000194d4       ?M_AddToServerList@@YAXUnetadr_t@@PAD@Z 0041a4d4 f   menu.obj
 0001:0001955f       ?Init@startserverMenu_t@@UAE_NXZ 0041a55f f i menu.obj
 0001:000199ed       ?DMOptionsFunc@startserverMenu_t@@SAXPAX@Z 0041a9ed f i menu.obj
 0001:000199fd       ?RulesChangeFunc@startserverMenu_t@@SAXPAX@Z 0041a9fd f i menu.obj
 0001:00019a75       ?StartServerActionFunc@startserverMenu_t@@SAXPAX@Z 0041aa75 f i menu.obj
 0001:00019aa0       ?StartServerFunc@startserverMenu_t@@SAXPBD@Z 0041aaa0 f i menu.obj
 0001:00019c7c       ?KeyDown@startserverMenu_t@@UAEPBDH@Z 0041ac7c f i menu.obj
 0001:00019cdb       ?Init@dmoptionsMenu_t@@UAE_NXZ 0041acdb f i menu.obj
 0001:0001a2b8       ?DMFlagCallback@dmoptionsMenu_t@@SAXPAX@Z 0041b2b8 f i menu.obj
 0001:0001a491       ?Init@downloadOptionsMenu_t@@UAE_NXZ 0041b491 f i menu.obj
 0001:0001a66b       ?DownloadCallback@downloadOptionsMenu_t@@SAXPAX@Z 0041b66b f i menu.obj
 0001:0001a6d9       ?Init@addressBookMenu_t@@UAE_NXZ 0041b6d9 f i menu.obj
 0001:0001a77f       ?KeyDown@addressBookMenu_t@@UAEPBDH@Z 0041b77f f i menu.obj
 0001:0001a7de       ?Init@playerConfigMenu_t@@UAE_NXZ 0041b7de f i menu.obj
 0001:0001ad25       ?HandednessCallback@playerConfigMenu_t@@SAXPAX@Z 0041bd25 f i menu.obj
 0001:0001ad3a       ?RTypeCallback@playerConfigMenu_t@@SAXPAX@Z 0041bd3a f i menu.obj
 0001:0001ad4f       ?RColorCallback@playerConfigMenu_t@@SAXPAX@Z 0041bd4f f i menu.obj
 0001:0001ad64       ?RateCallback@playerConfigMenu_t@@SAXPAX@Z 0041bd64 f i menu.obj
 0001:0001ad87       ?ModelCallback@playerConfigMenu_t@@SAXPAX@Z 0041bd87 f i menu.obj
 0001:0001adbb       ?SkinCallback@playerConfigMenu_t@@SAXPAX@Z 0041bdbb f i menu.obj
 0001:0001adc3       ?Draw@playerConfigMenu_t@@UAEXXZ 0041bdc3 f i menu.obj
 0001:0001b0a5       ?KeyDown@playerConfigMenu_t@@UAEPBDH@Z 0041c0a5 f i menu.obj
 0001:0001b185       ?Init@dmbrowseMenu_t@@UAE_NXZ 0041c185 f i menu.obj
 0001:0001b38e       ?KeyDown@dmbrowseMenu_t@@UAEPBDH@Z 0041c38e f i menu.obj
 0001:0001b566       ?Draw@dmbrowseMenu_t@@UAEXXZ 0041c566 f i menu.obj
 0001:0001b6b3       ?DrawThumbnail@dmbrowseMenu_t@@SAXHHHHPBD_N@Z 0041c6b3 f i menu.obj
 0001:0001b78d       ?Init@videoMenu_t@@UAE_NXZ 0041c78d f i menu.obj
 0001:0001bd66       ?ScreenSizeCallback@videoMenu_t@@SAXPAX@Z 0041cd66 f i menu.obj
 0001:0001bd87       ?BrightnessCallback@videoMenu_t@@SAXPAX@Z 0041cd87 f i menu.obj
 0001:0001bda8       ?ContrastCallback@videoMenu_t@@SAXPAX@Z 0041cda8 f i menu.obj
 0001:0001bde4       ?CancelChanges@videoMenu_t@@SAXPAX@Z 0041cde4 f i menu.obj
 0001:0001be31       ?KeyDown@videoMenu_t@@UAEPBDH@Z 0041ce31 f i menu.obj
 0001:0001be7a       ?ApplyChanges@videoMenu_t@@SAXPAX@Z 0041ce7a f i menu.obj
 0001:0001c031       ?KeyDown@quitMenu_t@@UAEPBDH@Z 0041d031 f i menu.obj
 0001:0001c06e       ?Draw@quitMenu_t@@UAEXXZ   0041d06e f i menu.obj
 0001:0001c0de       ?M_Init@@YAXXZ             0041d0de f   menu.obj
 0001:0001c2c0       ?ItemAtCursor@menuFramework_t@@QAEPAUmenuCommon_t@@XZ 0041d2c0 f   qmenu.obj
 0001:0001c314       ?AddItem@menuFramework_t@@QAEXPAUmenuCommon_t@@@Z 0041d314 f   qmenu.obj
 0001:0001c3d0       ?AdjustCursor@menuFramework_t@@QAEXH@Z 0041d3d0 f   qmenu.obj
 0001:0001c548       ?Center@menuFramework_t@@QAEXXZ 0041d548 f   qmenu.obj
 0001:0001c589       ?Draw@menuFramework_t@@UAEXXZ 0041d589 f   qmenu.obj
 0001:0001cb42       ?SelectItem@menuFramework_t@@QAE_NXZ 0041db42 f   qmenu.obj
 0001:0001cba7       ?SetStatusBar@menuFramework_t@@QAEXPBD@Z 0041dba7 f   qmenu.obj
 0001:0001cbb4       ?SlideItem@menuFramework_t@@QAEXH@Z 0041dbb4 f   qmenu.obj
 0001:0001d152       ?Push@menuFramework_t@@QAEXXZ 0041e152 f   qmenu.obj
 0001:0001d1d1       ?M_ForceMenuOff@@YAXXZ     0041e1d1 f   qmenu.obj
 0001:0001d1fe       ?Pop@menuFramework_t@@QAEXXZ 0041e1fe f   qmenu.obj
 0001:0001d238       ?KeyDown@menuFramework_t@@UAEPBDH@Z 0041e238 f   qmenu.obj
 0001:0001d4b0       ?Init@menuFramework_t@@UAE_NXZ 0041e4b0 f   qmenu.obj
 0001:0001d4b3       ?M_Draw@@YAXXZ             0041e4b3 f   qmenu.obj
 0001:0001d4ee       ?M_Keydown@@YAXH@Z         0041e4ee f   qmenu.obj
 0001:0001d510       ?InitRendererVars@@YAXXZ   0041e510 f   ref_vars.obj
 0001:0001d52f       ?S_SoundInfo_f@@YAXXZ      0041e52f f   snd_dma.obj
 0001:0001d5a9       ?S_Init@@YAXXZ             0041e5a9 f   snd_dma.obj
 0001:0001d67b       ?S_Shutdown@@YAXXZ         0041e67b f   snd_dma.obj
 0001:0001d70e       ?S_BeginRegistration@@YAXXZ 0041e70e f   snd_dma.obj
 0001:0001d71c       ?S_RegisterSound@@YAPAUsfx_t@@PBD@Z 0041e71c f   snd_dma.obj
 0001:0001d8c7       ?S_EndRegistration@@YAXXZ  0041e8c7 f   snd_dma.obj
 0001:0001d950       ?S_PickChannel@@YAPAUchannel_t@@HH@Z 0041e950 f   snd_dma.obj
 0001:0001d9de       ?S_Spatialize@@YAXPAUchannel_t@@@Z 0041e9de f   snd_dma.obj
 0001:0001dbc0       ?S_AllocPlaysound@@YAPAUplaysound_t@@XZ 0041ebc0 f   snd_dma.obj
 0001:0001dbe2       ?S_FreePlaysound@@YAXPAUplaysound_t@@@Z 0041ebe2 f   snd_dma.obj
 0001:0001dc15       ?S_IssuePlaysound@@YAXPAUplaysound_t@@@Z 0041ec15 f   snd_dma.obj
 0001:0001dce6       ?S_StartSound@@YAXPBUCVec3@@HHPAUsfx_t@@MMM@Z 0041ece6 f   snd_dma.obj
 0001:0001e0a6       ?S_StartLocalSound@@YAXPBD@Z 0041f0a6 f   snd_dma.obj
 0001:0001e0f8       ?S_ClearBuffer@@YAXXZ      0041f0f8 f   snd_dma.obj
 0001:0001e161       ?S_StopAllSounds_f@@YAXXZ  0041f161 f   snd_dma.obj
 0001:0001e1d1       ?S_AddLoopSounds@@YAXXZ    0041f1d1 f   snd_dma.obj
 0001:0001e3a7       ?S_RawSamples@@YAXHHHHPAE@Z 0041f3a7 f   snd_dma.obj
 0001:0001e5ab       ?S_Update@@YAXABUCVec3@@0@Z 0041f5ab f   snd_dma.obj
 0001:0001e681       ?GetSoundtime@@YAXXZ       0041f681 f   snd_dma.obj
 0001:0001e6e8       ?S_Update_@@YAXXZ          0041f6e8 f   snd_dma.obj
 0001:0001e99b       ?S_LoadSound@@YAPAUsfxcache_t@@PAUsfx_t@@@Z 0041f99b f   snd_mem.obj
 0001:0001ef2a       ?S_WriteLinearBlastStereo16@@YAXXZ 0041ff2a f   snd_mix.obj
 0001:0001ef94       ?S_TransferStereo16@@YAXPAKH@Z 0041ff94 f   snd_mix.obj
 0001:0001efff       ?S_TransferPaintBuffer@@YAXH@Z 0041ffff f   snd_mix.obj
 0001:0001f163       ?S_PaintChannels@@YAXH@Z   00420163 f   snd_mix.obj
 0001:0001f3df       ?S_InitScaletable@@YAXXZ   004203df f   snd_mix.obj
 0001:0001f524       ?SV_ComputeAnimation@@YAXPAUplayer_state_t@@AAUentityStateEx_t@@PAU2@PAUedict_s@@@Z 00420524 f   sv_anim.obj
 0001:0001f9e1       ?SV_ReadLevelFile@@YAXXZ   004209e1 f   sv_ccmds.obj
 0001:0001fa86       ?SV_AddressBanned@@YA_NPAUnetadr_t@@@Z 00420a86 f   sv_ccmds.obj
 0001:0001faca       ?SV_InitCommands@@YAXXZ    00420aca f   sv_ccmds.obj
 0001:00020f53       ?sprintf@?$TString@$0CI@@@QAAHPBDZZ 00421f53 f i sv_ccmds.obj
 0001:00020f74       ?SV_WriteFrameToClient@@YAXPAUclient_t@@PAVsizebuf_t@@@Z 00421f74 f   sv_ents.obj
 0001:000216a3       ?SV_RecordDemoMessage@@YAXXZ 004226a3 f   sv_ents.obj
 0001:00021871       ?SV_MulticastOld@@YAXABUCVec3@@W4multicast_t@@@Z 00422871 f i sv_game.obj
 0001:00021886       ?SV_StartSoundOld@@YAXPBUCVec3@@PAUedict_s@@HHMMM@Z 00422886 f i sv_game.obj
 0001:000222de       ?SV_InitGameLibrary@@YAX_N@Z 004232de f   sv_game.obj
 0001:000225d3       ?SV_ShutdownGameLibrary@@YAXXZ 004235d3 f   sv_game.obj
 0001:00022730       ?SV_FindIndex@@YAHPBDHH_N@Z 00423730 f   sv_init.obj
 0001:00022847       ?SV_ModelIndex@@YAHPBD@Z   00423847 f   sv_init.obj
 0001:00022860       ?SV_SoundIndex@@YAHPBD@Z   00423860 f   sv_init.obj
 0001:0002287c       ?SV_ImageIndex@@YAHPBD@Z   0042387c f   sv_init.obj
 0001:00022898       ?SV_CreateBaseline@@YAXXZ  00423898 f   sv_init.obj
 0001:00022915       ?SV_SpawnServer@@YAXPAD0W4server_state_t@@_N2@Z 00423915 f   sv_init.obj
 0001:00022c82       ?SV_InitGame@@YAXXZ        00423c82 f   sv_init.obj
 0001:00022eab       ?SV_Map@@YAX_NPBD0@Z       00423eab f   sv_init.obj
 0001:00023070       ?SV_DropClient@@YAXPAUclient_t@@PAD@Z 00424070 f   sv_main.obj
 0001:00023aa0       ??0COutputDeviceMem@@QAE@H@Z 00424aa0 f i sv_main.obj
 0001:00023ad1       ?Write@COutputDeviceMem@@UAEXPBD@Z 00424ad1 f i sv_main.obj
 0001:00023b58       ??_ECOutputDeviceMem@@UAEPAXI@Z 00424b58 f i sv_main.obj
 0001:00023b58       ??_GCOutputDeviceMem@@UAEPAXI@Z 00424b58 f i sv_main.obj
 0001:00023b77       ??1COutputDeviceMem@@UAE@XZ 00424b77 f i sv_main.obj
 0001:00023b96       ?SV_CalcPings@@YAXXZ       00424b96 f   sv_main.obj
 0001:00023c1d       ?SV_GiveMsec@@YAXXZ        00424c1d f   sv_main.obj
 0001:00023c5c       ?SV_ReadPackets@@YAXXZ     00424c5c f   sv_main.obj
 0001:00023e81       ?SV_CheckTimeouts@@YAXXZ   00424e81 f   sv_main.obj
 0001:00023f92       ?SV_PostprocessFrame@@YAXXZ 00424f92 f   sv_main.obj
 0001:00024457       ?SV_MulticastHook@@YAPAVsizebuf_t@@PAV1@0@Z 00425457 f   sv_main.obj
 0001:00024833       ?SV_TraceHook@@YAXAAUtrace0_t@@ABUCVec3@@PBU2@21PAUedict_s@@H@Z 00425833 f   sv_main.obj
 0001:000249c1       ?SV_Frame@@YAXM@Z          004259c1 f   sv_main.obj
 0001:00024c6a       ?SV_UserinfoChanged@@YAXPAUclient_t@@@Z 00425c6a f   sv_main.obj
 0001:00024d2b       ?SV_InitVars@@YAXXZ        00425d2b f   sv_main.obj
 0001:00024d3a       ?SV_Init@@YAXXZ            00425d3a f   sv_main.obj
 0001:00024d93       ?SV_Shutdown@@YAXPBD_N@Z   00425d93 f   sv_main.obj
 0001:00024fa0       ?SV_ClientPrintf@@YAXPAUclient_t@@HPBDZZ 00425fa0 f   sv_send.obj
 0001:00024ffb       ?SV_BroadcastPrintf@@YAXHPBDZZ 00425ffb f   sv_send.obj
 0001:000250d1       ?SV_BroadcastCommand@@YAXPBDZZ 004260d1 f   sv_send.obj
 0001:0002512b       ?SV_Multicast@@YAXABUCVec3@@W4multicast_t@@_N@Z 0042612b f   sv_send.obj
 0001:0002532c       ?SV_StartSound@@YAXPBUCVec3@@PAUedict_s@@HHMMM_N@Z 0042632c f   sv_send.obj
 0001:000255c5       ?SV_SendClientDatagram@@YA_NPAUclient_t@@@Z 004265c5 f   sv_send.obj
 0001:00025687       ?SV_DemoCompleted@@YAXXZ   00426687 f   sv_send.obj
 0001:000256a3       ?SV_SendClientMessages@@YAXXZ 004266a3 f   sv_send.obj
 0001:0002588b       ?SV_DrawText3D@@YAXABUCVec3@@PBDI@Z 0042688b f   sv_text.obj
 0001:000258c3       ?SV_ClearTexts@@YAXXZ      004268c3 f   sv_text.obj
 0001:000258cb       ?SV_DrawTexts@@YAXXZ       004268cb f   sv_text.obj
 0001:00025920       ??0?$TTextContainer@UCSVText@@$0BAAAA@@@QAE@XZ 00426920 f i sv_text.obj
 0001:00025945       ?SV_TokenizeString@@YAXPBD@Z 00426945 f   sv_tokenize.obj
 0001:00025a1c       ?SV_Argc@@YAHXZ            00426a1c f   sv_tokenize.obj
 0001:00025a22       ?SV_Argv@@YAPADH@Z         00426a22 f   sv_tokenize.obj
 0001:00025a40       ?SV_Args@@YAPADXZ          00426a40 f   sv_tokenize.obj
 0001:000262f9       ?SV_Nextserver@@YAXXZ      004272f9 f   sv_user.obj
 0001:0002638d       ?SV_ClientThink@@YAXPAUclient_t@@PAUusercmd_t@@@Z 0042738d f   sv_user.obj
 0001:0002641e       ?SV_ExecuteClientMessage@@YAXPAUclient_t@@@Z 0042741e f   sv_user.obj
 0001:000267f4       ?SV_ClearWorld@@YAXXZ      004277f4 f   sv_world.obj
 0001:00026932       ?SV_UnlinkEdict@@YAXPAUedict_s@@@Z 00427932 f   sv_world.obj
 0001:000269f8       ?SV_LinkEdict@@YAXPAUedict_s@@@Z 004279f8 f   sv_world.obj
 0001:00027012       ?SV_AreaEdicts@@YAHABUCVec3@@0PAPAUedict_s@@HH@Z 00428012 f   sv_world.obj
 0001:000271b0       ?SV_PointContents@@YAHABUCVec3@@@Z 004281b0 f   sv_world.obj
 0001:000272d6       ?SV_Trace@@YAXAAUtrace_t@@ABUCVec3@@1ABUCBox@@PAUedict_s@@H@Z 004282d6 f   sv_world.obj
 0001:00027753       ?InitByteDirs@@YAXXZ       00428753 f   anorms.obj
 0001:00027792       ?Cbuf_AddText@@YAXPBD@Z    00428792 f   cmd.obj
 0001:000277f8       ?Cbuf_CopyToDefer@@YAXXZ   004287f8 f   cmd.obj
 0001:00027840       ?Cbuf_InsertFromDefer@@YAXXZ 00428840 f   cmd.obj
 0001:000278fc       ?Cbuf_Execute@@YAXXZ       004288fc f   cmd.obj
 0001:00027a0c       ?Cmd_Unalias_f@@YAX_NHPAPAD@Z 00428a0c f   cmd.obj
 0001:00027a84       ?Cmd_WriteAliases@@YAXPAVCOutputDevice@@@Z 00428a84 f   cmd.obj
 0001:00027ab7       ?RegisterCommand@@YA_NPBDP6AXXZI@Z 00428ab7 f   cmd.obj
 0001:00027b98       ?UnregisterCommand@@YA_NPBD@Z 00428b98 f   cmd.obj
 0001:00027c29       ?ExecuteCommand@@YA_NPBD@Z 00428c29 f   cmd.obj
 0001:0002806c       ?ExecuteCommand@@YA_NPBDPBUCSimpleCommand@@H@Z 0042906c f   cmd.obj
 0001:000284ae       ?CM_LoadMap@@YAPAUCBspModel@@PBD_NPAI@Z 004294ae f   cmodel.obj
 0001:00028bcd       ?LoadLeafBrushes@@YAXPAGH@Z 00429bcd f i cmodel.obj
 0001:0002996a       ?CM_BuildBrush@@YAPAUCBrush@@HPAVCMemoryChain@@@Z 0042a96a f   cmodel.obj
 0001:00029a33       ?CM_InlineModel@@YAPAUCBspModel@@PBD@Z 0042aa33 f   cmodel.obj
 0001:00029a5e       ?CM_InlineModel@@YAPAUCBspModel@@H@Z 0042aa5e f   cmodel.obj
 0001:00029b39       ?CM_HeadnodeForBox@@YAHABUCBox@@@Z 0042ab39 f   cmodel.obj
 0001:00029b81       ?CM_FindLeaf@@YAPBUCBspLeaf@@ABUCVec3@@H@Z 0042ab81 f   cmodel.obj
 0001:00029c30       ?DistanceTo@CPlane@@QBEMABUCVec3@@@Z 0042ac30 f i cmodel.obj
 0001:00029c75       ?CM_PointContents@@YAHABUCVec3@@H@Z 0042ac75 f   cmodel.obj
 0001:00029cd4       ?CM_TransformedPointContents@@YAHABUCVec3@@H00@Z 0042acd4 f   cmodel.obj
 0001:00029dac       ?CM_TransformedPointContents@@YAHABUCVec3@@H0ABUCAxis@@@Z 0042adac f   cmodel.obj
 0001:00029e4e       ?CM_BoxLeafs@@YAHABUCBox@@PAPAUCBspLeaf@@HPAHH@Z 0042ae4e f   cmodel.obj
 0001:00029f60       ?BOX_ON_PLANE_SIDE@@YAHABUCBox@@ABUCPlane@@@Z 0042af60 f i cmodel.obj
 0001:00029fcb       ?CM_BoxTrace@@YAXAAUtrace_t@@ABUCVec3@@1ABUCBox@@HI@Z 0042afcb f   cmodel.obj
 0001:0002a2a7       ?GetVertex@CBox@@QBEXHAAUCVec3@@@Z 0042b2a7 f i cmodel.obj
 0001:0002a721       ?SplitTrace@@YAMABUCVec3@@0ABUCPlane@@AAM2_N@Z 0042b721 f i cmodel.obj
 0001:0002abce       ?CM_TransformedBoxTrace@@YAXAAUtrace_t@@ABUCVec3@@1ABUCBox@@HI11@Z 0042bbce f   cmodel.obj
 0001:0002ad41       ?CM_TransformedBoxTrace@@YAXAAUtrace_t@@ABUCVec3@@1ABUCBox@@HI1ABUCAxis@@@Z 0042bd41 f   cmodel.obj
 0001:0002adfe       ?CM_CombineTrace@@YA_NAAUtrace_t@@ABU1@@Z 0042bdfe f   cmodel.obj
 0001:0002ae4b       ?CM_ClipTraceToModels@@YAXAAUtrace_t@@ABUCVec3@@1ABUCBox@@I@Z 0042be4b f   cmodel.obj
 0001:0002af4d       ?CM_PointModelContents@@YAHABUCVec3@@@Z 0042bf4d f   cmodel.obj
 0001:0002af9c       ?CM_BrushTrace@@YAHABUCVec3@@0PAHH@Z 0042bf9c f   cmodel.obj
 0001:0002b2a2       ?CM_RefineBrushTrace@@YAHABUCVec3@@0PAHH@Z 0042c2a2 f   cmodel.obj
 0001:0002b348       ?CM_ClusterPVS@@YAPBEH@Z   0042c348 f   cmodel.obj
 0001:0002b480       ?CM_SetAreaPortalState@@YAXH_N@Z 0042c480 f   cmodel.obj
 0001:0002b4a8       ?CM_AreasConnected@@YA_NHH@Z 0042c4a8 f   cmodel.obj
 0001:0002b4ef       ?CM_WriteAreaBits@@YAHPAEH@Z 0042c4ef f   cmodel.obj
 0001:0002b591       ?CM_WritePortalState@@YAXPAU_iobuf@@@Z 0042c591 f   cmodel.obj
 0001:0002b5ae       ?CM_ReadPortalState@@YAXPAU_iobuf@@@Z 0042c5ae f   cmodel.obj
 0001:0002b5d0       ?CM_HeadnodeVisible@@YA_NHPBE@Z 0042c5d0 f   cmodel.obj
 0001:0002b6ad       ??E?$TStringSplitter@$0EA@$0DL@@@QAEXXZ 0042c6ad f i cmodel.obj
 0001:0002b70f       ?LoadNodes@@YAXPAUdBsp2Node_t@@H@Z 0042c70f f i cmodel.obj
 0001:0002b826       ?LoadNodes@@YAXPAUdBsp1Node_t@@H@Z 0042c826 f i cmodel.obj
 0001:0002b8e9       ?Com_DPrintf@@YAXPBDZZ     0042c8e9 f   common.obj
 0001:0002b962       ?DebugPrintf@@YAXPBDZZ     0042c962 f   common.obj
 0001:0002ba11       ?IPWildcard@@YA_NPAUnetadr_t@@PBD@Z 0042ca11 f   common.obj
 0001:0002baeb       ?Com_ServerState@@YA?AW4server_state_t@@XZ 0042caeb f   common.obj
 0001:0002baf1       ?Com_SetServerState@@YAXW4server_state_t@@@Z 0042caf1 f   common.obj
 0001:0002bafe       ?crand@@YAMXZ              0042cafe f   common.obj
 0001:0002bb1c       ?Info_ValueForKey@@YAPBDPBD0@Z 0042cb1c f   common.obj
 0001:0002bb9b       ?Info_SetValueForKey@@YAXPADPBD1@Z 0042cb9b f   common.obj
 0001:0002bcd2       ?Info_Print@@YAXPBD@Z      0042ccd2 f   common.obj
 0001:0002bd58       ?LerpAngle@@YAMMMM@Z       0042cd58 f   common.obj
 0001:0002bd9c       ?ReduceAngle@@YAMM@Z       0042cd9c f   common.obj
 0001:0002bdc8       ?AngleSubtract@@YAMMM@Z    0042cdc8 f   common.obj
 0001:0002be01       ?AnglesSubtract@@YAXABUCVec3@@0AAU1@@Z 0042ce01 f   common.obj
 0001:0002be5a       ?COM_Parse@@YAPADAAPBD_N@Z 0042ce5a f   common.obj
 0001:0002bf7c       ?COM_QuoteString@@YAPBDPBD_N@Z 0042cf7c f   common.obj
 0001:0002bfd9       ?Com_CheckCmdlineVar@@YA_NPBD@Z 0042cfd9 f   common.obj
 0001:0002c032       ?Com_Init@@YAXPBD@Z        0042d032 f   common.obj
 0001:0002c3d9       ?Com_Frame@@YAXM@Z         0042d3d9 f   common.obj
 0001:0002c7d9       ?Com_BlockSequenceCRCByte@@YAEPAEHH@Z 0042d7d9 f   crc.obj
 0001:0002c891       ?Cvar_VariableValue@@YAMPBD@Z 0042d891 f   cvar.obj
 0001:0002c908       ?Cvar_VariableInt@@YAHPBD@Z 0042d908 f   cvar.obj
 0001:0002c91f       ?Cvar_VariableString@@YAPBDPBD@Z 0042d91f f   cvar.obj
 0001:0002c93b       ?Cvar_Get@@YAPAUcvar_t@@PBD0H@Z 0042d93b f   cvar.obj
 0001:0002cc08       ?Cvar_GetVars@@YAXPBUcvarInfo_t@@H@Z 0042dc08 f   cvar.obj
 0001:0002ccb2       ?Cvar_FullSet@@YAXPAUcvar_t@@PBDI@Z 0042dcb2 f   cvar.obj
 0001:0002ccd2       ?Cvar_FullSet@@YAPAUcvar_t@@PBD0I@Z 0042dcd2 f   cvar.obj
 0001:0002cd12       ?Cvar_SetValue@@YAPAUcvar_t@@PBDM@Z 0042dd12 f   cvar.obj
 0001:0002ceab       ?Cvar_SetInteger@@YAPAUcvar_t@@PBDH@Z 0042deab f   cvar.obj
 0001:0002cecf       ?Cvar_Set@@YAPAUcvar_t@@PBD0@Z 0042decf f   cvar.obj
 0001:0002cee6       ?Cvar_ForceSet@@YAPAUcvar_t@@PBD0@Z 0042dee6 f   cvar.obj
 0001:0002cefd       ?Cvar_Clamp@@YAMPAUcvar_t@@MM@Z 0042defd f   cvar.obj
 0001:0002cf5b       ?Cvar_Command@@YA_NHPAPAD@Z 0042df5b f   cvar.obj
 0001:0002cff6       ?IsDefault@cvar_t@@QAE_NXZ 0042dff6 f i cvar.obj
 0001:0002d013       ?Cvar_WriteVariables@@YAXPAVCOutputDevice@@HHPBD@Z 0042e013 f   cvar.obj
 0001:0002d099       ?Cvar_BitInfo@@YAPBDI@Z    0042e099 f   cvar.obj
 0001:0002d0eb       ?Cvar_Cheats@@YAX_N@Z      0042e0eb f   cvar.obj
 0001:0002d962       ?MSG_WriteDeltaEntity@@YAXPAVsizebuf_t@@PBUentityStateEx_t@@PAU2@_N33@Z 0042e962 f   entdelta.obj
 0001:0002df1e       ?MSG_WriteRemoveEntity@@YAXPAVsizebuf_t@@H@Z 0042ef1e f   entdelta.obj
 0001:0002df5e       ?MSG_ReadEntityBits@@YAHPAVsizebuf_t@@PAIPA_N@Z 0042ef5e f   entdelta.obj
 0001:0002dfd0       ?MSG_ReadDeltaEntity@@YAXPAVsizebuf_t@@PBUentityStateEx_t@@PAU2@I@Z 0042efd0 f   entdelta.obj
 0001:0002e053       ?MSG_WriteDeltaUsercmd@@YAXPAVsizebuf_t@@PBUusercmd_t@@PAU2@@Z 0042f053 f   entdelta.obj
 0001:0002e0e2       ?MSG_ReadDeltaUsercmd@@YAXPAVsizebuf_t@@PBUusercmd_t@@PAU2@@Z 0042f0e2 f   entdelta.obj
 0001:0002e3e5       ?MSG_WriteDeltaPlayerstate@@YAXPAVsizebuf_t@@PBUplayer_state_t@@PAU2@@Z 0042f3e5 f   entdelta.obj
 0001:0002e4ee       ?MSG_ReadDeltaPlayerstate@@YAXPAVsizebuf_t@@PBUplayer_state_t@@PAU2@@Z 0042f4ee f   entdelta.obj
 0001:0002e5a8       ?ProcessEntstring@@YAPBDPBD@Z 0042f5a8 f   EntityParser.obj
 0001:0002f9c3       ?Inflate@CBox@@QAEXM@Z     004309c3 f i EntityParser.obj
 0001:00030757       ?LoadPCX@@YAPAEPBDAAH1AAPAE@Z 00431757 f   images.obj
 0001:00030892       ?LoadTGA@@YAPAEPBDAAH1@Z   00431892 f   images.obj
 0001:00030b26       ?LoadJPG@@YAPAEPBDAAH1@Z   00431b26 f   images.obj
 0001:00030dda       ?ImageExists@@YAHPBDH@Z    00431dda f   images.obj
 0001:00030efe       ?WriteTGA@@YA_NPBDPAEHH@Z  00431efe f   images.obj
 0001:000310f2       ?WriteJPG@@YA_NPBDPAEHH_N@Z 004320f2 f   images.obj
 0001:00031223       ??0CBrush@@QAE@ABUCBox@@@Z 00432223 f   MapBrush.obj
 0001:00031374       ?Split@CBrush@@QAEPAU1@PAUCPlane@@@Z 00432374 f   MapBrush.obj
 0001:00031dc6       ?GetVec@CAllocVertexPool@@QAEPAUCVec3@@ABU2@@Z 00432dc6 f i MapBrush.obj
 0001:00031e5a       ?GetBounds@CBrush@@QAEXAAUCBox@@@Z 00432e5a f   MapBrush.obj
 0001:00031edc       ?AddBevels@CBrush@@QAEXP6APAUCPlane@@ABUCVec3@@M@Z@Z 00432edc f   MapBrush.obj
 0001:000321d0       ?Negate@CVec3@@QAEXXZ      004331d0 f i MapBrush.obj
 0001:000321de       ?MD4Init@@YAXPAUMD4_CTX@@@Z 004331de f   md4.obj
 0001:00032206       ?MD4Update@@YAXPAUMD4_CTX@@PAEI@Z 00433206 f   md4.obj
 0001:000322a4       ?MD4Final@@YAXQAEPAUMD4_CTX@@@Z 004332a4 f   md4.obj
 0001:00032995       ?Com_BlockChecksum@@YAIPAXH@Z 00433995 f   md4.obj
 0001:000329d1       ?LoadQ2BspFile@@YAXXZ      004339d1 f   model.obj
 0001:00032f46       ?LoadQ1BspFile@@YAXXZ      00433f46 f   model.obj
 0001:00033302       ?LoadQ3BspFile@@YAXXZ      00434302 f   model.obj
 0001:00033563       ?LoadBspFile@@YAPAUbspfile_t@@PBD_NPAI@Z 00434563 f   model.obj
 0001:0003376a       ?Init@sizebuf_t@@QAEXPAXH@Z 0043476a f   msg.obj
 0001:00033787       ?Write@sizebuf_t@@QAEXPBXH@Z 00434787 f   msg.obj
 0001:000337f9       ?MSG_WriteByte@@YAXPAVsizebuf_t@@H@Z 004347f9 f   msg.obj
 0001:000337f9       ?MSG_WriteChar@@YAXPAVsizebuf_t@@H@Z 004347f9 f   msg.obj
 0001:0003380c       ?MSG_WriteShort@@YAXPAVsizebuf_t@@H@Z 0043480c f   msg.obj
 0001:0003381f       ?MSG_WriteLong@@YAXPAVsizebuf_t@@H@Z 0043481f f   msg.obj
 0001:00033832       ?MSG_WriteFloat@@YAXPAVsizebuf_t@@M@Z 00434832 f   msg.obj
 0001:00033845       ?MSG_WriteString@@YAXPAVsizebuf_t@@PBD@Z 00434845 f   msg.obj
 0001:0003386f       ?MSG_WritePos@@YAXPAVsizebuf_t@@ABUCVec3@@@Z 0043486f f   msg.obj
 0001:000338d3       ?MSG_WriteAngle@@YAXPAVsizebuf_t@@M@Z 004348d3 f   msg.obj
 0001:000338fe       ?MSG_WriteAngle16@@YAXPAVsizebuf_t@@M@Z 004348fe f   msg.obj
 0001:00033929       ?MSG_WriteDir@@YAXPAVsizebuf_t@@ABUCVec3@@@Z 00434929 f   msg.obj
 0001:00033991       ?MSG_ReadDir@@YAXPAVsizebuf_t@@AAUCVec3@@@Z 00434991 f   msg.obj
 0001:000339c4       ?MSG_ReadChar@@YAHPAVsizebuf_t@@@Z 004349c4 f   msg.obj
 0001:000339e7       ?MSG_ReadByte@@YAHPAVsizebuf_t@@@Z 004349e7 f   msg.obj
 0001:00033a0f       ?MSG_ReadShort@@YAHPAVsizebuf_t@@@Z 00434a0f f   msg.obj
 0001:00033a38       ?MSG_ReadLong@@YAHPAVsizebuf_t@@@Z 00434a38 f   msg.obj
 0001:00033a5a       ?MSG_ReadString@@YAPADPAVsizebuf_t@@@Z 00434a5a f   msg.obj
 0001:00033a90       ?MSG_ReadPos@@YAXPAVsizebuf_t@@AAUCVec3@@@Z 00434a90 f   msg.obj
 0001:00033ae2       ?MSG_ReadAngle@@YAMPAVsizebuf_t@@@Z 00434ae2 f   msg.obj
 0001:00033afc       ?MSG_ReadAngle16@@YAMPAVsizebuf_t@@@Z 00434afc f   msg.obj
 0001:00033b16       ?MSG_ReadData@@YAXPAVsizebuf_t@@PAXH@Z 00434b16 f   msg.obj
 0001:00033b39       ?Netchan_Init@@YAXXZ       00434b39 f   net_chan.obj
 0001:00033ba8       ?Netchan_OutOfBandPrint@@YAXW4netsrc_t@@Unetadr_t@@PBDZZ 00434ba8 f   net_chan.obj
 0001:00033c2d       ?Setup@netchan_t@@QAEXW4netsrc_t@@Unetadr_t@@H@Z 00434c2d f   net_chan.obj
 0001:00033c83       ?NeedReliable@netchan_t@@QAE_NXZ 00434c83 f   net_chan.obj
 0001:00033ca8       ?Transmit@netchan_t@@QAEXPAXH@Z 00434ca8 f   net_chan.obj
 0001:00033e3e       ?Process@netchan_t@@QAE_NPAVsizebuf_t@@@Z 00434e3e f   net_chan.obj
 0001:00033f6b       ?Pmove@@YAXPAUpmove_t@@@Z  00434f6b f   pmove.obj
 0001:00035be1       ?FileExists@CQuakeFileSystem@@UAE_NPBDI@Z 00436be1 f i QuakeFileSystem.obj
 0001:00035c48       ?CheckFilename@CQuakeFileSystem@@AAEXPBD@Z 00436c48 f i QuakeFileSystem.obj
 0001:00035ce7       ?OpenFile@CQuakeFileSystem@@UAEPAVCFile@@PBDI@Z 00436ce7 f i QuakeFileSystem.obj
 0001:00035d77       ?List@CQuakeFileSystem@@UAEPAVCFileList@@PBDIPAV2@@Z 00436d77 f i QuakeFileSystem.obj
 0001:00035e09       ??_GCQuakeFileSystem@@UAEPAXI@Z 00436e09 f i QuakeFileSystem.obj
 0001:00035e09       ??_ECQuakeFileSystem@@UAEPAXI@Z 00436e09 f i QuakeFileSystem.obj
 0001:00035e09       ??_GCFileSystem@@UAEPAXI@Z 00436e09 f i QuakeFileSystem.obj
 0001:00035e09       ??_ECFileSystem@@UAEPAXI@Z 00436e09 f i QuakeFileSystem.obj
 0001:00035e29       ?FS_Gamedir@@YAPBDXZ       00436e29 f   QuakeFileSystem.obj
 0001:00035e2f       ?FS_NextPath@@YAPBDPBD@Z   00436e2f f   QuakeFileSystem.obj
 0001:00035e73       ?FS_CopyFile@@YAXPBD0@Z    00436e73 f   QuakeFileSystem.obj
 0001:00035f49       ?FS_CopyFiles@@YAXPBD0@Z   00436f49 f   QuakeFileSystem.obj
 0001:00036063       ?FS_RemoveFiles@@YAXPBD@Z  00437063 f   QuakeFileSystem.obj
 0001:0003611e       ?InitFileSystem@@YAXXZ     0043711e f   QuakeFileSystem.obj
 0001:00036252       ?Create@CFileContainerPak@@SAPAVCFileContainer@@PBDPAU_iobuf@@@Z 00437252 f i QuakeFileSystem.obj
 0001:000363bb       ??0CFileContainerArc@@QAE@XZ 004373bb f i QuakeFileSystem.obj
 0001:00036402       ??_ECFileContainerArc@@UAEPAXI@Z 00437402 f i QuakeFileSystem.obj
 0001:00036402       ??_GCFileContainerArc@@UAEPAXI@Z 00437402 f i QuakeFileSystem.obj
 0001:00036431       ?GetType@CFileContainerPak@@MAEPBDXZ 00437431 f i QuakeFileSystem.obj
 0001:00036437       ?OpenLocalFile@CFileContainerPak@@MAEPAVCFile@@ABVCStringItem@@@Z 00437437 f i QuakeFileSystem.obj
 0001:00036487       ?Read@CFilePak@CFileContainerPak@@UAEHPAXH@Z 00437487 f i QuakeFileSystem.obj
 0001:000364c1       ?GetSize@CFilePak@CFileContainerPak@@UAEHXZ 004374c1 f i QuakeFileSystem.obj
 0001:000364c8       ?Eof@CFilePak@CFileContainerPak@@UAE_NXZ 004374c8 f i QuakeFileSystem.obj
 0001:000364d5       ??_GCFilePak@CFileContainerPak@@UAEPAXI@Z 004374d5 f i QuakeFileSystem.obj
 0001:000364d5       ??_ECFilePak@CFileContainerPak@@UAEPAXI@Z 004374d5 f i QuakeFileSystem.obj
 0001:0003650a       ??_ECFileContainerPak@@UAEPAXI@Z 0043750a f i QuakeFileSystem.obj
 0001:0003650a       ??_GCFileContainerPak@@UAEPAXI@Z 0043750a f i QuakeFileSystem.obj
 0001:00036539       ?Create@CFileContainerZip@@SAPAVCFileContainer@@PBDPAU_iobuf@@@Z 00437539 f i QuakeFileSystem.obj
 0001:00036838       ?GetType@CFileContainerZip@@MAEPBDXZ 00437838 f i QuakeFileSystem.obj
 0001:0003683e       ?OpenLocalFile@CFileContainerZip@@MAEPAVCFile@@ABVCStringItem@@@Z 0043783e f i QuakeFileSystem.obj
 0001:000368da       ??0CFilePak@CFileContainerZip@@QAE@ABVCFileInfo@1@PAU_iobuf@@@Z 004378da f i QuakeFileSystem.obj
 0001:0003692c       ?Read@CFilePak@CFileContainerZip@@UAEHPAXH@Z 0043792c f i QuakeFileSystem.obj
 0001:00036a75       ?GetSize@CFilePak@CFileContainerZip@@UAEHXZ 00437a75 f i QuakeFileSystem.obj
 0001:00036a7f       ?Eof@CFilePak@CFileContainerZip@@UAE_NXZ 00437a7f f i QuakeFileSystem.obj
 0001:00036a92       ??_GCFilePak@CFileContainerZip@@UAEPAXI@Z 00437a92 f i QuakeFileSystem.obj
 0001:00036a92       ??_ECFilePak@CFileContainerZip@@UAEPAXI@Z 00437a92 f i QuakeFileSystem.obj
 0001:00036ab1       ??1CFilePak@CFileContainerZip@@UAE@XZ 00437ab1 f i QuakeFileSystem.obj
 0001:00036b20       ??_ECFileContainerZip@@UAEPAXI@Z 00437b20 f i QuakeFileSystem.obj
 0001:00036b20       ??_GCFileContainerZip@@UAEPAXI@Z 00437b20 f i QuakeFileSystem.obj
 0001:00036b4f       ?Mount@CZResource@@SAPAVCFileContainer@@PBDPBE0PAVCFileSystem@@@Z 00437b4f f i QuakeFileSystem.obj
 0001:00036cfb       ?GetType@CZResource@@MAEPBDXZ 00437cfb f i QuakeFileSystem.obj
 0001:00036d01       ?OpenLocalFile@CZResource@@MAEPAVCFile@@ABVCStringItem@@@Z 00437d01 f i QuakeFileSystem.obj
 0001:00036d32       ??0CFileRes@CZResource@@QAE@ABVCFileInfo@1@PBXH@Z 00437d32 f i QuakeFileSystem.obj
 0001:00036de5       ?Read@CFileRes@CZResource@@UAEHPAXH@Z 00437de5 f i QuakeFileSystem.obj
 0001:00036e38       ?GetSize@CFileRes@CZResource@@UAEHXZ 00437e38 f i QuakeFileSystem.obj
 0001:00036e3f       ?Eof@CFileRes@CZResource@@UAE_NXZ 00437e3f f i QuakeFileSystem.obj
 0001:00036e4c       ??_GCFileRes@CZResource@@UAEPAXI@Z 00437e4c f i QuakeFileSystem.obj
 0001:00036e4c       ??_ECFileRes@CZResource@@UAEPAXI@Z 00437e4c f i QuakeFileSystem.obj
 0001:00036e7e       ??_ECZResource@@UAEPAXI@Z  00437e7e f i QuakeFileSystem.obj
 0001:00036e7e       ??_GCZResource@@UAEPAXI@Z  00437e7e f i QuakeFileSystem.obj
 0001:00036ead       ?MountGame@CQuakeFileSystem@@QAEXPBD@Z 00437ead f i QuakeFileSystem.obj
 0001:00036ef8       ?SetGameDir@CQuakeFileSystem@@QAE_NPBD@Z 00437ef8 f i QuakeFileSystem.obj
 0001:000370fa       ?FS_Tick@@YAXXZ            004380fa f   QuakeFileSystem.obj
 0001:00037247       ?CDAudio_Play@@YAXH_N@Z    00438247 f   cd_win.obj
 0001:0003743a       ?CDAudio_Stop@@YAXXZ       0043843a f   cd_win.obj
 0001:000374fb       ?CDAudio_Update@@YAXXZ     004384fb f   cd_win.obj
 0001:0003759e       ?CDAudio_Init@@YA_NXZ      0043859e f   cd_win.obj
 0001:000379bf       ?CDAudio_Shutdown@@YAXXZ   004389bf f   cd_win.obj
 0001:000379e2       ?CDAudio_Activate@@YAX_N@Z 004389e2 f   cd_win.obj
 0001:000379f9       ?IN_Init@@YAXXZ            004389f9 f   in_win.obj
 0001:00037c86       ?IN_Shutdown@@YAXXZ        00438c86 f   in_win.obj
 0001:00037ee7       ?IN_Activate@@YAX_N@Z      00438ee7 f   in_win.obj
 0001:00037ef4       ?IN_Frame@@YAXXZ           00438ef4 f   in_win.obj
 0001:00038256       ?IN_Move@@YAXPAUusercmd_t@@@Z 00439256 f   in_win.obj
 0001:00038701       ?NET_CompareAdr@@YA_NPAUnetadr_t@@0@Z 00439701 f   net_wins.obj
 0001:0003873c       ?NET_CompareBaseAdr@@YA_NPAUnetadr_t@@0@Z 0043973c f   net_wins.obj
 0001:00038769       ?NET_AdrToString@@YAPBDPAUnetadr_t@@@Z 00439769 f   net_wins.obj
 0001:000387af       ?NET_StringToAdr@@YA_NPBDPAUnetadr_t@@F@Z 004397af f   net_wins.obj
 0001:000388c4       ?NET_IsLocalAddress@@YA_NPAUnetadr_t@@@Z 004398c4 f   net_wins.obj
 0001:000388d3       ?NET_GetPacket@@YA_NW4netsrc_t@@PAUnetadr_t@@PAVsizebuf_t@@@Z 004398d3 f   net_wins.obj
 0001:00038a52       ?NET_SendPacket@@YAXW4netsrc_t@@HPAXUnetadr_t@@@Z 00439a52 f   net_wins.obj
 0001:00038b70       ?NET_Config@@YAX_N@Z       00439b70 f   net_wins.obj
 0001:00038d4b       ?NET_Init@@YAXXZ           00439d4b f   net_wins.obj
 0001:00038dfe       ?SNDDMA_Init@@YA_NXZ       00439dfe f   snd_win.obj
 0001:00039449       ?SNDDMA_GetDMAPos@@YAHXZ   0043a449 f   snd_win.obj
 0001:00039493       ?SNDDMA_BeginPainting@@YAXXZ 0043a493 f   snd_win.obj
 0001:000395b2       ?SNDDMA_Submit@@YAXXZ      0043a5b2 f   snd_win.obj
 0001:000395d7       ?SNDDMA_Shutdown@@YAXXZ    0043a5d7 f   snd_win.obj
 0001:000395dc       ?S_Activate@@YAX_N@Z       0043a5dc f   snd_win.obj
 0001:0003962f       ?Write@COutputDeviceWin32Console@@UAEXPBD@Z 0043a62f f i sys_win.obj
 0001:000396a7       ?EraseInput@COutputDeviceWin32Console@@QAEXXZ 0043a6a7 f i sys_win.obj
 0001:0003972d       ??_ECOutputDeviceWin32Console@@UAEPAXI@Z 0043a72d f i sys_win.obj
 0001:0003972d       ??_GCOutputDeviceWin32Console@@UAEPAXI@Z 0043a72d f i sys_win.obj
 0001:0003974d       ?Sys_ConsoleInput@@YAPADXZ 0043a74d f   sys_win.obj
 0001:000399d6       ?Sys_ProcessMessages@@YAXXZ 0043a9d6 f   sys_win.obj
 0001:00039a8f       _WinMain@16                0043aa8f f   sys_win.obj
 0001:00039d97       ??_GCOutputDeviceCon@@UAEPAXI@Z 0043ad97 f i sys_win.obj
 0001:00039d97       ??_ECOutputDeviceCon@@UAEPAXI@Z 0043ad97 f i sys_win.obj
 0001:00039e3f       ?Init@COutputDeviceWin32Console@@QAEXXZ 0043ae3f f i sys_win.obj
 0001:00039e69       ?AddMsgHook@@YAXP6A_NIIJ@Z@Z 0043ae69 f   vid_dll.obj
 0001:00039eb0       ?RemoveMsgHook@@YAXP6A_NIIJ@Z@Z 0043aeb0 f   vid_dll.obj
 0001:00039ee3       ?Vid_CreateWindow@@YAPAXHH_N@Z 0043aee3 f   vid_dll.obj
 0001:0003a605       ?Vid_DestroyWindow@@YAX_N@Z 0043b605 f   vid_dll.obj
 0001:0003a644       ?Vid_Restart@@YAXXZ        0043b644 f   vid_dll.obj
 0001:0003a650       ?Vid_GetModeInfo@@YA_NPAH0H@Z 0043b650 f   vid_dll.obj
 0001:0003a682       ?Vid_Tick@@YAXXZ           0043b682 f   vid_dll.obj
 0001:0003a833       ?Vid_Init@@YAXXZ           0043b833 f   vid_dll.obj
 0001:0003a8d6       ?Vid_Shutdown@@YAXXZ       0043b8d6 f   vid_dll.obj
 0001:0003a8f5       ?BK_FlushShader@OpenGLDrv@@YAXXZ 0043b8f5 f   gl_backend.obj
 0001:0003d0ed       ?Tesselate@surfacePlanar_t@OpenGLDrv@@UAEXAAUrefEntity_t@2@@Z 0043e0ed f   gl_backend.obj
 0001:0003d253       ?Tesselate@surfacePoly_t@OpenGLDrv@@UAEXAAUrefEntity_t@2@@Z 0043e253 f   gl_backend.obj
 0001:0003d35a       ?Tesselate@surfaceMd3_t@OpenGLDrv@@UAEXAAUrefEntity_t@2@@Z 0043e35a f   gl_backend.obj
 0001:0003d908       ?DrawBrush@OpenGLDrv@@YAXPBUCBrush@@PBDH@Z 0043e908 f   gl_backend.obj
 0001:0003d96b       ?Tesselate@surfaceEntity_t@OpenGLDrv@@UAEXAAUrefEntity_t@2@@Z 0043e96b f   gl_backend.obj
 0001:0003da4f       ?Tesselate@surfaceParticle_t@OpenGLDrv@@UAEXAAUrefEntity_t@2@@Z 0043ea4f f   gl_backend.obj
 0001:0003dc9f       ?BK_DrawScene@OpenGLDrv@@YAXXZ 0043ec9f f   gl_backend.obj
 0001:0003e4ac       ?BK_DrawPic@OpenGLDrv@@YAXPAVshader_t@1@HHHHMMMMIE@Z 0043f4ac f   gl_backend.obj
 0001:0003e68d       ?BK_DrawText@OpenGLDrv@@YAXPBDHHHHHI@Z 0043f68d f   gl_backend.obj
 0001:0003e882       ?BK_BeginFrame@OpenGLDrv@@YAXXZ 0043f882 f   gl_backend.obj
 0001:0003e8e6       ?BK_EndFrame@OpenGLDrv@@YAXXZ 0043f8e6 f   gl_backend.obj
 0001:0003e93b       ?BK_Init@OpenGLDrv@@YAXXZ  0043f93b f   gl_backend.obj
 0001:0003e96a       ?BK_Shutdown@OpenGLDrv@@YAXXZ 0043f96a f   gl_backend.obj
 0001:0003e982       ?AllocDynamicMemory@OpenGLDrv@@YAPAXH@Z 0043f982 f   gl_buffers.obj
 0001:0003e9f0       ?ResizeDynamicMemory@OpenGLDrv@@YAXPAXH@Z 0043f9f0 f   gl_buffers.obj
 0001:0003ea34       ?AddSurfaceToPortal@OpenGLDrv@@YAXPAVsurfaceBase_t@1@PAVshader_t@1@HH@Z 0043fa34 f   gl_buffers.obj
 0001:0003eaa5       ?InsertShaderIndex@OpenGLDrv@@YAXH@Z 0043faa5 f   gl_buffers.obj
 0001:0003eae1       ?ClearPortal@OpenGLDrv@@YAXXZ 0043fae1 f   gl_buffers.obj
 0001:0003eaff       ?SortSurfaces@OpenGLDrv@@YAXPAUviewPortal_t@1@PAPAUsurfaceInfo_t@1@@Z 0043faff f   gl_buffers.obj
 0001:0003ec91       ?ClearBuffers@OpenGLDrv@@YAXXZ 0043fc91 f   gl_buffers.obj
 0001:0003eca8       ?CreateBuffers@OpenGLDrv@@YAXXZ 0043fca8 f   gl_buffers.obj
 0001:0003ecce       ?FreeBuffers@OpenGLDrv@@YAXXZ 0043fcce f   gl_buffers.obj
 0001:0003ecf2       ?InitEntity@model_t@OpenGLDrv@@UAE_NPAUentity_t@@PAUrefEntity_t@2@@Z 0043fcf2 f   gl_frontend.obj
 0001:0003ecf7       ?AddSurfaces@model_t@OpenGLDrv@@UAEXPAUrefEntity_t@2@@Z 0043fcf7 f   gl_frontend.obj
 0001:0003ed28       ?GetLeaf@model_t@OpenGLDrv@@UAEPBUCBspLeaf@@PAUrefEntity_t@2@@Z 0043fd28 f   gl_frontend.obj
 0001:0003ed3f       ?DrawLabel@model_t@OpenGLDrv@@UAEXPAUrefEntity_t@2@@Z 0043fd3f f   gl_frontend.obj
 0001:0003ed42       ?InitEntity@inlineModel_t@OpenGLDrv@@UAE_NPAUentity_t@@PAUrefEntity_t@2@@Z 0043fd42 f   gl_frontend.obj
 0001:0003edaf       ?AddSurfaces@inlineModel_t@OpenGLDrv@@UAEXPAUrefEntity_t@2@@Z 0043fdaf f   gl_frontend.obj
 0001:0003f2b8       ?GetLeaf@inlineModel_t@OpenGLDrv@@UAEPBUCBspLeaf@@PAUrefEntity_t@2@@Z 004402b8 f   gl_frontend.obj
 0001:0003f463       ?DrawLabel@inlineModel_t@OpenGLDrv@@UAEXPAUrefEntity_t@2@@Z 00440463 f   gl_frontend.obj
 0001:0003f4ac       ?InitEntity@md3Model_t@OpenGLDrv@@UAE_NPAUentity_t@@PAUrefEntity_t@2@@Z 004404ac f   gl_frontend.obj
 0001:0003f68a       ?AddSurfaces@md3Model_t@OpenGLDrv@@UAEXPAUrefEntity_t@2@@Z 0044068a f   gl_frontend.obj
 0001:0003f7c4       ?GetLeaf@md3Model_t@OpenGLDrv@@UAEPBUCBspLeaf@@PAUrefEntity_t@2@@Z 004407c4 f   gl_frontend.obj
 0001:0003f7ff       ?DrawLabel@md3Model_t@OpenGLDrv@@UAEXPAUrefEntity_t@2@@Z 004407ff f   gl_frontend.obj
 0001:0003f868       ?InitEntity@sprModel_t@OpenGLDrv@@UAE_NPAUentity_t@@PAUrefEntity_t@2@@Z 00440868 f   gl_frontend.obj
 0001:0003f88b       ?AddSurfaces@sprModel_t@OpenGLDrv@@UAEXPAUrefEntity_t@2@@Z 0044088b f   gl_frontend.obj
 0001:0003fa0e       ?GetLeaf@sprModel_t@OpenGLDrv@@UAEPBUCBspLeaf@@PAUrefEntity_t@2@@Z 00440a0e f   gl_frontend.obj
 0001:0003faf6       ?AddEntity@OpenGLDrv@@YAXPAUentity_t@@@Z 00440af6 f   gl_frontend.obj
 0001:0003fcaf       ?AddDlight@OpenGLDrv@@YAXPAUdlight_t@@@Z 00440caf f   gl_frontend.obj
 0001:0003fe67       ?DrawPortal@OpenGLDrv@@YAXXZ 00440e67 f   gl_frontend.obj
 0001:00042093       ?GL_TextureMode@OpenGLDrv@@YAXPBD@Z 00443093 f   gl_image.obj
 0001:0004213e       ?CreateImage@OpenGLDrv@@YAPAVimage_t@1@PBDPAXHHI@Z 0044313e f   gl_image.obj
 0001:00042ef0       ?CreateImage8@OpenGLDrv@@YAPAVimage_t@1@PBDPAXHHIPAI@Z 00443ef0 f   gl_image.obj
 0001:00042fcf       ?LoadDelayedImages@OpenGLDrv@@YAXXZ 00443fcf f   gl_image.obj
 0001:00043062       ?DrawStretchRaw8@OpenGLDrv@@YAXHHHHHHPAEPAI@Z 00444062 f   gl_image.obj
 0001:00043395       ?SetupGamma@OpenGLDrv@@YAXXZ 00444395 f   gl_image.obj
 0001:000434db       ?PerformScreenshot@OpenGLDrv@@YAXXZ 004444db f   gl_image.obj
 0001:0004374c       ?InitImages@OpenGLDrv@@YAXXZ 0044474c f   gl_image.obj
 0001:00043f25       ?ShutdownImages@OpenGLDrv@@YAXXZ 00444f25 f   gl_image.obj
 0001:00043f8c       ?ShowImages@OpenGLDrv@@YAXXZ 00444f8c f   gl_image.obj
 0001:00044218       ?FindImage@OpenGLDrv@@YAPAVimage_t@1@PBDI@Z 00445218 f   gl_image.obj
 0001:00044585       ?GL_Lock@OpenGLDrv@@YAXXZ  00445585 f   gl_interface.obj
 0001:000445fd       ?GL_Unlock@OpenGLDrv@@YAXXZ 004455fd f   gl_interface.obj
 0001:000447bf       ?GL_Bind@OpenGLDrv@@YAXPBVimage_t@1@@Z 004457bf f   gl_interface.obj
 0001:00044954       ?GL_BindForce@OpenGLDrv@@YAXPBVimage_t@1@@Z 00445954 f   gl_interface.obj
 0001:000449ec       ?GL_TexEnv@OpenGLDrv@@YAXI@Z 004459ec f   gl_interface.obj
 0001:00044b6b       ?GL_TexMipBias@OpenGLDrv@@YAXM@Z 00445b6b f   gl_interface.obj
 0001:00044bc7       ?GL_TexEnvColor@OpenGLDrv@@YAXPBTcolor_t@@@Z 00445bc7 f   gl_interface.obj
 0001:00044c77       ?GL_SelectTexture@OpenGLDrv@@YAXH@Z 00445c77 f   gl_interface.obj
 0001:00044cda       ?GL_TexCoordPointer@OpenGLDrv@@YAXPAX@Z 00445cda f   gl_interface.obj
 0001:00044d0d       ?GL_SetMultitexture@OpenGLDrv@@YAXH@Z 00445d0d f   gl_interface.obj
 0001:00044dfe       ?GL_DisableTexCoordArrays@OpenGLDrv@@YAXXZ 00445dfe f   gl_interface.obj
 0001:00044e52       ?GL_CullFace@OpenGLDrv@@YAXW4gl_cullMode_t@1@@Z 00445e52 f   gl_interface.obj
 0001:00044ea6       ?GL_DepthRange@OpenGLDrv@@YAXW4gl_depthMode_t@1@@Z 00445ea6 f   gl_interface.obj
 0001:00044edc       ?GL_State@OpenGLDrv@@YAXI@Z 00445edc f   gl_interface.obj
 0001:0004502c       ?GL_EnableFog@OpenGLDrv@@YAX_N@Z 0044602c f   gl_interface.obj
 0001:00045106       ?GL_SetDefaultState@OpenGLDrv@@YAXXZ 00446106 f   gl_interface.obj
 0001:0004525d       ?GL_Set2DMode@OpenGLDrv@@YAXXZ 0044625d f   gl_interface.obj
 0001:00045351       ?GL_Set3DMode@OpenGLDrv@@YAXPAUviewPortal_t@1@@Z 00446351 f   gl_interface.obj
 0001:0004543c       ?Show@CPointLight@OpenGLDrv@@UBEXXZ 0044643c f   gl_light.obj
 0001:00045645       ?Show@CSurfLight@OpenGLDrv@@UBEXXZ 00446645 f   gl_light.obj
 0001:0004579f       ?ShowLights@OpenGLDrv@@YAXXZ 0044679f f   gl_light.obj
 0001:0004580e       ?Init@CPointLight@OpenGLDrv@@UAEXXZ 0044680e f   gl_light.obj
 0001:00045826       ?Init@CLightLinear@OpenGLDrv@@EAEXXZ 00446826 f   gl_light.obj
 0001:0004585a       ?GetScale@CLightLinear@OpenGLDrv@@EBEMM@Z 0044685a f   gl_light.obj
 0001:0004586a       ?Init@CLightInv@OpenGLDrv@@EAEXXZ 0044686a f   gl_light.obj
 0001:00045886       ?GetScale@CLightInv@OpenGLDrv@@EBEMM@Z 00446886 f   gl_light.obj
 0001:000458a2       ?Init@CLightInv2@OpenGLDrv@@EAEXXZ 004468a2 f   gl_light.obj
 0001:00045909       ?GetScale@CLightInv2@OpenGLDrv@@EBEMM@Z 00446909 f   gl_light.obj
 0001:0004592b       ?Init@CLightNofade@OpenGLDrv@@EAEXXZ 0044692b f   gl_light.obj
 0001:0004593c       ?GetScale@CLightNofade@OpenGLDrv@@EBEMM@Z 0044693c f   gl_light.obj
 0001:00045942       ?Add@CPointLight@OpenGLDrv@@UBEXABUCVec3@@ABUCAxis@@@Z 00446942 f   gl_light.obj
 0001:00045d8e       ?Init@CSurfLight@OpenGLDrv@@UAEXXZ 00446d8e f   gl_light.obj
 0001:00045e67       ?Add@CSurfLight@OpenGLDrv@@UBEXABUCVec3@@ABUCAxis@@@Z 00446e67 f   gl_light.obj
 0001:00046288       ?Init@CSunLight@OpenGLDrv@@UAEXXZ 00447288 f   gl_light.obj
 0001:00046335       ?Add@CSunLight@OpenGLDrv@@UBEXABUCVec3@@ABUCAxis@@@Z 00447335 f   gl_light.obj
 0001:000463fb       ?LightForEntity@OpenGLDrv@@YAXPAUrefEntity_t@1@@Z 004473fb f   gl_light.obj
 0001:00046cd6       ?DiffuseLight@OpenGLDrv@@YAXPATcolor_t@@M@Z 00447cd6 f   gl_light.obj
 0001:00046f22       ?InitLightGrid@OpenGLDrv@@YAXXZ 00447f22 f   gl_light.obj
 0001:00046fc8       ?PostLoadLights@OpenGLDrv@@YAXXZ 00447fc8 f   gl_light.obj
 0001:000470b1       ?LM_Init@OpenGLDrv@@YAXXZ  004480b1 f   gl_lightmap.obj
 0001:000470c7       ?LM_Flush@OpenGLDrv@@YAXPAUlightmapBlock_t@1@@Z 004480c7 f   gl_lightmap.obj
 0001:00047127       ?LM_Done@OpenGLDrv@@YAXXZ  00448127 f   gl_lightmap.obj
 0001:0004714e       ?LM_Save@OpenGLDrv@@YAXPAUlightmapBlock_t@1@@Z 0044814e f   gl_lightmap.obj
 0001:00047169       ?LM_Restore@OpenGLDrv@@YAXPAUlightmapBlock_t@1@@Z 00448169 f   gl_lightmap.obj
 0001:00047184       ?LM_NewBlock@OpenGLDrv@@YAPAUlightmapBlock_t@1@XZ 00448184 f   gl_lightmap.obj
 0001:000471e3       ?LM_Rewind@OpenGLDrv@@YAXXZ 004481e3 f   gl_lightmap.obj
 0001:000471eb       ?LM_NextBlock@OpenGLDrv@@YAPAUlightmapBlock_t@1@XZ 004481eb f   gl_lightmap.obj
 0001:00047218       ?LM_CheckMinlight@OpenGLDrv@@YAXPAUdynamicLightmap_t@1@@Z 00448218 f   gl_lightmap.obj
 0001:000472ae       ?LM_AllocBlock@OpenGLDrv@@YA_NPAUlightmapBlock_t@1@PAUdynamicLightmap_t@1@@Z 004482ae f   gl_lightmap.obj
 0001:000473d4       ?LM_PutBlock@OpenGLDrv@@YAXPAUdynamicLightmap_t@1@@Z 004483d4 f   gl_lightmap.obj
 0001:00047848       ?LM_PutBlock1@OpenGLDrv@@YAXPAUdynamicLightmap_t@1@@Z 00448848 f   gl_lightmap.obj
 0001:00047999       ?LM_SortLightStyles@OpenGLDrv@@YAXPAUdynamicLightmap_t@1@@Z 00448999 f   gl_lightmap.obj
 0001:00047a2b       ?UpdateDynamicLightmap@OpenGLDrv@@YAXPAVsurfacePlanar_t@1@_NI@Z 00448a2b f   gl_lightmap.obj
 0001:00048271       ?LM_IsMonotone@OpenGLDrv@@YA_NPAUdynamicLightmap_t@1@PATcolor_t@@@Z 00449271 f   gl_lightmap.obj
 0001:00048378       ?Init@OpenGLDrv@@YA_NXZ    00449378 f   gl_main.obj
 0001:00048a68       ?Shutdown@OpenGLDrv@@YAX_N@Z 00449a68 f   gl_main.obj
 0001:00048af1       ?GL_EnableRendering@OpenGLDrv@@YAX_N@Z 00449af1 f   gl_main.obj
 0001:00048b0f       ?BeginFrame@OpenGLDrv@@YAXN@Z 00449b0f f   gl_main.obj
 0001:00048c3c       ?EndFrame@OpenGLDrv@@YAXXZ 00449c3c f   gl_main.obj
 0001:00048c54       ?RenderFrame@OpenGLDrv@@YAXPAUrefdef_t@@@Z 00449c54 f   gl_main.obj
 0001:0004919a       ?Zero@FDrawStats@OpenGLDrv@@QAEXXZ 0044a19a f i gl_main.obj
 0001:000495ab       ?Fill8@OpenGLDrv@@YAXHHHHH@Z 0044a5ab f   gl_main.obj
 0001:000495ee       ?Fill@OpenGLDrv@@YAXHHHHI@Z 0044a5ee f   gl_main.obj
 0001:0004962a       ?TileClear@OpenGLDrv@@YAXHHHHPBD@Z 0044a62a f   gl_main.obj
 0001:000496cb       ?DrawStretchPic@OpenGLDrv@@YAXHHHHPBD@Z 0044a6cb f   gl_main.obj
 0001:00049710       ?DrawDetailedPic@OpenGLDrv@@YAXHHHHPBD@Z 0044a710 f   gl_main.obj
 0001:000497ba       ?DrawPic@OpenGLDrv@@YAXHHPBDHH@Z 0044a7ba f   gl_main.obj
 0001:00049842       ?LoadNewWorld@OpenGLDrv@@YAXXZ 0044a842 f   gl_main.obj
 0001:00049862       ?DumpLoadStats@OpenGLDrv@@YAXXZ 0044a862 f   gl_main.obj
 0001:000498e8       ?FinishLoadingWorld@OpenGLDrv@@YAXXZ 0044a8e8 f   gl_main.obj
 0001:000498ed       ?RegisterPic@OpenGLDrv@@YAPAVCBasicImage@@PBD@Z 0044a8ed f   gl_main.obj
 0001:00049901       ?RegisterSkin@OpenGLDrv@@YAPAVCBasicImage@@PBD_N@Z 0044a901 f   gl_main.obj
 0001:00049921       ?RegisterModel@OpenGLDrv@@YAPAVCRenderModel@@PBD@Z 0044a921 f   gl_main.obj
 0001:0004992f       ?SetSky@OpenGLDrv@@YAXPBDMABUCVec3@@@Z 0044a92f f   gl_main.obj
 0001:00049a0e       ?Screenshot@OpenGLDrv@@YAXHPBD@Z 0044aa0e f   gl_main.obj
 0001:00049a36       ?GetClientLight@OpenGLDrv@@YAMXZ 0044aa36 f   gl_main.obj
 0001:00049a3d       ?InitFuncTables@OpenGLDrv@@YAXXZ 0044aa3d f   gl_math.obj
 0001:00049b40       ?BuildRotationAxis@OpenGLDrv@@YAXAAUCAxis@@ABUCVec3@@M@Z 0044ab40 f   gl_math.obj
 0001:00049c37       ?GetBoxRect@OpenGLDrv@@YA_NPBUrefEntity_t@1@ABUCVec3@@QAM2_N@Z 0044ac37 f   gl_math.obj
 0001:00049f41       ?ProjectToScreen@OpenGLDrv@@YA_NABUCVec3@@QAH@Z 0044af41 f   gl_math.obj
 0001:0004a084       ?SaturateColor3f@OpenGLDrv@@YAXAAUCVec3@@@Z 0044b084 f   gl_math.obj
 0001:0004a174       ?SaturateColor4b@OpenGLDrv@@YAXPATcolor_t@@@Z 0044b174 f   gl_math.obj
 0001:0004a282       ?SubdividePlane@OpenGLDrv@@YAHPAPAUCVec3@@HM@Z 0044b282 f   gl_poly.obj
 0001:0004a761       ?FreeSubdividedPlane@OpenGLDrv@@YAXXZ 0044b761 f   gl_poly.obj
 0001:0004a779       ?GetSubdivideIndexes@OpenGLDrv@@YAXPAH@Z 0044b779 f   gl_poly.obj
 0001:0004a7cf       ?RemoveCollinearPoints@OpenGLDrv@@YAHPAPAUCVec3@@H@Z 0044b7cf f   gl_poly.obj
 0001:0004a8c5       ?GetPolyArea@OpenGLDrv@@YAMPAPAUCVec3@@H@Z 0044b8c5 f   gl_poly.obj
 0001:0004a958       ?InitShaders@OpenGLDrv@@YAXXZ 0044b958 f   gl_shader.obj
 0001:0004aaf6       ?ShutdownShaders@OpenGLDrv@@YAXXZ 0044baf6 f   gl_shader.obj
 0001:0004ab34       ?GetLightmapImage@OpenGLDrv@@YAPAVimage_t@1@H@Z 0044bb34 f   gl_shader.obj
 0001:0004ab5f       ?SetShaderLightmap@OpenGLDrv@@YAPAVshader_t@1@PAV21@H@Z 0044bb5f f   gl_shader.obj
 0001:0004ae79       ??4shader_t@OpenGLDrv@@QAEAAV01@ABV01@@Z 0044be79 f i gl_shader.obj
 0001:0004b0cd       ?SetShaderLightstyles@OpenGLDrv@@YAPAVshader_t@1@PAV21@I_N@Z 0044c0cd f   gl_shader.obj
 0001:0004b17f       ?GetAlphaShader@OpenGLDrv@@YAPAVshader_t@1@PAV21@@Z 0044c17f f   gl_shader.obj
 0001:0004b5e0       ?SetShaderAnimFreq@OpenGLDrv@@YAXPAVshader_t@1@H@Z 0044c5e0 f   gl_shader.obj
 0001:0004b636       ?FindShader@OpenGLDrv@@YAPAVshader_t@1@PBDI@Z 0044c636 f   gl_shader.obj
 0001:0004d148       ?GetShaderByNum@OpenGLDrv@@YAPAVshader_t@1@H@Z 0044e148 f   gl_shader.obj
 0001:0004d16a       ?ResetShaders@OpenGLDrv@@YAXXZ 0044e16a f   gl_shader.obj
 0001:0004d39f       ?Reload@shader_t@OpenGLDrv@@UAEXXZ 0044e39f f   gl_shader.obj
 0001:0004d3ce       ?Insert@?$TList@VshaderScript_t@OpenGLDrv@@@@QAE_NPAVshaderScript_t@OpenGLDrv@@@Z 0044e3ce f i gl_shader.obj
 0001:0004d3ce       ?Insert@?$TList@VCStringItem@@@@QAE_NPAVCStringItem@@@Z 0044e3ce f i gl_shader.obj
 0001:0004d3ce       ?Insert@?$TList@VplayerModelInfo_t@@@@QAE_NPAVplayerModelInfo_t@@@Z 0044e3ce f i gl_shader.obj
 0001:0004d404       ?ClearSky@OpenGLDrv@@YAXXZ 0044e404 f   gl_sky.obj
 0001:0004d461       ?AddSkySurface@OpenGLDrv@@YAXPAVsurfacePlanar_t@1@E@Z 0044e461 f   gl_sky.obj
 0001:0004da29       ?DrawSky@OpenGLDrv@@YAXXZ  0044ea29 f   gl_sky.obj
 0001:0004e23b       ?DrawChar@OpenGLDrv@@YAXHHHH@Z 0044f23b f   gl_text.obj
 0001:0004e295       ?ClearTexts@OpenGLDrv@@YAXXZ 0044f295 f   gl_text.obj
 0001:0004e2aa       ?FlushTexts@OpenGLDrv@@YAXXZ 0044f2aa f   gl_text.obj
 0001:0004e356       ?DrawTextPos@OpenGLDrv@@YAXHHPBDI@Z 0044f356 f   gl_text.obj
 0001:0004e382       ?DrawTextLeft@OpenGLDrv@@YAXPBDI@Z 0044f382 f   gl_text.obj
 0001:0004e40a       ?DrawTextRight@OpenGLDrv@@YAXPBDI@Z 0044f40a f   gl_text.obj
 0001:0004e454       ?DrawText3D@OpenGLDrv@@YAXABUCVec3@@PBDI@Z 0044f454 f   gl_text.obj
 0001:0004e481       ?InitTexts@OpenGLDrv@@YAXXZ 0044f481 f   gl_text.obj
 0001:0004e49b       ??0?$TTextContainer@UCRText@OpenGLDrv@@$0BAAAA@@@QAE@XZ 0044f49b f i gl_text.obj
 0001:0004e4c0       ?FindModel@OpenGLDrv@@YAPAVmodel_t@1@PBD@Z 0044f4c0 f   gl_model.obj
 0001:0004e69c       ?FreeModels@OpenGLDrv@@YAXXZ 0044f69c f   gl_model.obj
 0001:0004e70e       ?InitModels@OpenGLDrv@@YAXXZ 0044f70e f   gl_model.obj
 0001:0004e804       ?ShutdownModels@OpenGLDrv@@YAXXZ 0044f804 f   gl_model.obj
 0001:0004e815       ?LoadWorldMap@OpenGLDrv@@YAXXZ 0044f815 f   gl_bspmodel.obj
 0001:0004ec7c       ?GetName@CLightLinear@OpenGLDrv@@EBEPBDXZ 0044fc7c f i gl_bspmodel.obj
 0001:0004ec82       ?GetName@CLightInv@OpenGLDrv@@EBEPBDXZ 0044fc82 f i gl_bspmodel.obj
 0001:0004ec88       ?GetName@CLightInv2@OpenGLDrv@@EBEPBDXZ 0044fc88 f i gl_bspmodel.obj
 0001:0004ec8e       ?GetName@CLightNofade@OpenGLDrv@@EBEPBDXZ 0044fc8e f i gl_bspmodel.obj
 0001:0004ec94       ?Show@CSunLight@OpenGLDrv@@UBEXXZ 0044fc94 f i gl_bspmodel.obj
 0001:0004ec94       ?Close@COutputDevice@@UAEXXZ 0044fc94 f i gl_bspmodel.obj
 0001:0004ec94       ?Flush@COutputDevice@@UAEXXZ 0044fc94 f i gl_bspmodel.obj
 0001:00050aa4       ?LerpTag@model_t@OpenGLDrv@@UBE_NHHMPBDAAUCCoords@@@Z 00451aa4 f   gl_trimodel.obj
 0001:00050ab2       ?LerpTag@md3Model_t@OpenGLDrv@@UBE_NHHMPBDAAUCCoords@@@Z 00451ab2 f   gl_trimodel.obj
 0001:00050bc2       ?LoadMd2@OpenGLDrv@@YAPAVmd3Model_t@1@PBDPAEI@Z 00451bc2 f   gl_trimodel.obj
 0001:00051761       ?ATAN2_FUNC@OpenGLDrv@@YAMMM@Z 00452761 f i gl_trimodel.obj
 0001:000518fa       ?LoadMd3@OpenGLDrv@@YAPAVmd3Model_t@1@PBDPAEI@Z 004528fa f   gl_trimodel.obj
 0001:00051dda       ?LoadSp2@OpenGLDrv@@YAPAVsprModel_t@1@PBDPAEI@Z 00452dda f   gl_trimodel.obj
 0001:00052004       ?LoadSpr@OpenGLDrv@@YAPAVsprModel_t@1@PBDPAEI@Z 00453004 f   gl_trimodel.obj
 0001:0005377c       ?QGL_Init@OpenGLDrv@@YA_NPBD@Z 0045477c f   GLBind.obj
[...]
 0001:0006352c       _noscale                   0046452c f   libs-vc-win32:jcscale.obj
 0001:00062fd5       _start_pass                00463fd5 f   libs-vc-win32:jcpred.obj
 0001:0006302d       _reset_predictor           0046402d f   libs-vc-win32:jcpred.obj
 0001:0006305a       _jpeg_difference_first_row 0046405a f   libs-vc-win32:jcpred.obj
 0001:00063144       _jpeg_difference1          00464144 f   libs-vc-win32:jcpred.obj
 0001:000631b2       _jpeg_difference2          004641b2 f   libs-vc-win32:jcpred.obj
 0001:00063223       _jpeg_difference3          00464223 f   libs-vc-win32:jcpred.obj
 0001:0006329b       _jpeg_difference4          0046429b f   libs-vc-win32:jcpred.obj
 0001:00063326       _jpeg_difference5          00464326 f   libs-vc-win32:jcpred.obj
 0001:000633b9       _jpeg_difference6          004643b9 f   libs-vc-win32:jcpred.obj
 0001:00063448       _jpeg_difference7          00464448 f   libs-vc-win32:jcpred.obj
 0001:000628c4       _start_pass_huff           004638c4 f   libs-vc-win32:jclhuff.obj
 0001:00062a61       _encode_mcus_huff          00463a61 f   libs-vc-win32:jclhuff.obj
 0001:00062c4c       _emit_bits                 00463c4c f   libs-vc-win32:jclhuff.obj
 0001:00062cef       _dump_buffer               00463cef f   libs-vc-win32:jclhuff.obj
 0001:00062d13       _emit_restart              00463d13 f   libs-vc-win32:jclhuff.obj
 0001:00062d5e       _flush_bits                00463d5e f   libs-vc-win32:jclhuff.obj
 0001:00062d82       _finish_pass_huff          00463d82 f   libs-vc-win32:jclhuff.obj
 0001:00062def       _encode_mcus_gather        00463def f   libs-vc-win32:jclhuff.obj
 0001:00062f18       _finish_pass_gather        00463f18 f   libs-vc-win32:jclhuff.obj
 0001:00062fae       _need_optimization_pass    00463fae f   libs-vc-win32:jclhuff.obj
 0001:000624a2       _start_pass_diff           004634a2 f   libs-vc-win32:jcdiffct.obj
 0001:00062540       _start_iMCU_row            00463540 f   libs-vc-win32:jcdiffct.obj
 0001:00062582       _compress_data             00463582 f   libs-vc-win32:jcdiffct.obj
 0001:00062718       _compress_first_pass       00463718 f   libs-vc-win32:jcdiffct.obj
 0001:0006280d       _compress_output           0046380d f   libs-vc-win32:jcdiffct.obj
 0001:000620b5       _start_pass_fdctmgr        004630b5 f   libs-vc-win32:jcdctmgr.obj
 0001:000621b7       _forward_DCT_float         004631b7 f   libs-vc-win32:jcdctmgr.obj
 0001:000615ea       _start_pass_phuff          004625ea f   libs-vc-win32:jcphuff.obj
 0001:00061757       _encode_mcu_DC_first       00462757 f   libs-vc-win32:jcphuff.obj
 0001:00061889       _emit_bits                 00462889 f   libs-vc-win32:jcphuff.obj
 0001:00061934       _dump_buffer               00462934 f   libs-vc-win32:jcphuff.obj
 0001:0006196c       _emit_symbol               0046296c f   libs-vc-win32:jcphuff.obj
 0001:000619ac       _emit_restart              004629ac f   libs-vc-win32:jcphuff.obj
 0001:00061a35       _emit_eobrun               00462a35 f   libs-vc-win32:jcphuff.obj
 0001:00061abb       _encode_mcu_AC_first       00462abb f   libs-vc-win32:jcphuff.obj
 0001:00061c4f       _encode_mcu_DC_refine      00462c4f f   libs-vc-win32:jcphuff.obj
 0001:00061d09       _encode_mcu_AC_refine      00462d09 f   libs-vc-win32:jcphuff.obj
 0001:00061f20       _finish_pass_phuff         00462f20 f   libs-vc-win32:jcphuff.obj
 0001:00061f6f       _finish_pass_gather_phuff  00462f6f f   libs-vc-win32:jcphuff.obj
 0001:00062032       _need_optimization_pass    00463032 f   libs-vc-win32:jcphuff.obj
 0001:00060d85       _start_pass_huff           00461d85 f   libs-vc-win32:jcshuff.obj
 0001:00060efa       _encode_mcu_huff           00461efa f   libs-vc-win32:jcshuff.obj
 0001:00061005       _encode_one_block          00462005 f   libs-vc-win32:jcshuff.obj
 0001:0006117c       _emit_bits                 0046217c f   libs-vc-win32:jcshuff.obj
 0001:0006121f       _dump_buffer               0046221f f   libs-vc-win32:jcshuff.obj
 0001:00061243       _emit_restart              00462243 f   libs-vc-win32:jcshuff.obj
 0001:000612b0       _flush_bits                004622b0 f   libs-vc-win32:jcshuff.obj
 0001:000612d4       _finish_pass_huff          004622d4 f   libs-vc-win32:jcshuff.obj
 0001:00061343       _encode_mcu_gather         00462343 f   libs-vc-win32:jcshuff.obj
 0001:000613f9       _htest_one_block           004623f9 f   libs-vc-win32:jcshuff.obj
 0001:000614c0       _finish_pass_gather        004624c0 f   libs-vc-win32:jcshuff.obj
 0001:00062fae       _need_optimization_pass    00463fae f   libs-vc-win32:jclhuff.obj
 0001:00060758       _start_pass_coef           00461758 f   libs-vc-win32:jccoefct.obj
 0001:00062540       _start_iMCU_row            00463540 f   libs-vc-win32:jcdiffct.obj
 0001:000607ed       _compress_data             004617ed f   libs-vc-win32:jccoefct.obj
 0001:000609d4       _compress_first_pass       004619d4 f   libs-vc-win32:jccoefct.obj
 0001:00060bba       _compress_output           00461bba f   libs-vc-win32:jccoefct.obj
 0001:00060670       _calc_output_dimensions    00461670 f   libs-vc-win32:jdlossls.obj
 0001:00060681       _start_input_pass          00461681 f   libs-vc-win32:jdlossls.obj
 0001:000603af       _calc_output_dimensions    004613af f   libs-vc-win32:jdlossy.obj
 0001:00060522       _start_input_pass          00461522 f   libs-vc-win32:jdlossy.obj
 0001:00060542       _latch_quant_tables        00461542 f   libs-vc-win32:jdlossy.obj
 0001:000605da       _start_output_pass         004615da f   libs-vc-win32:jdlossy.obj
 0001:000602fe       _start_pass                004612fe f   libs-vc-win32:jclossls.obj
 0001:0006026a       _start_pass                0046126a f   libs-vc-win32:jclossy.obj
 0001:0005f7bf       _initial_setup             004607bf f   libs-vc-win32:jcmaster.obj
 0001:0005f972       _validate_script           00460972 f   libs-vc-win32:jcmaster.obj
 0001:0005fd4a       _prepare_for_pass          00460d4a f   libs-vc-win32:jcmaster.obj
 0001:0005fec2       _select_scan_parameters    00460ec2 f   libs-vc-win32:jcmaster.obj
 0001:0005ffc3       _per_scan_setup            00460fc3 f   libs-vc-win32:jcmaster.obj
 0001:0006016e       _pass_startup              0046116e f   libs-vc-win32:jcmaster.obj
 0001:00060195       _finish_pass_master        00461195 f   libs-vc-win32:jcmaster.obj
 0001:0005f2ab       _rgb_ycc_start             004602ab f   libs-vc-win32:jccolor.obj
 0001:0005f36f       _rgb_ycc_convert           0046036f f   libs-vc-win32:jccolor.obj
 0001:0005f46e       _rgb_gray_convert          0046046e f   libs-vc-win32:jccolor.obj
 0001:0005f4f3       _cmyk_ycck_convert         004604f3 f   libs-vc-win32:jccolor.obj
 0001:0005f62b       _grayscale_convert         0046062b f   libs-vc-win32:jccolor.obj
 0001:0005f685       _null_convert              00460685 f   libs-vc-win32:jccolor.obj
 0001:00030d64       _null_method               00431d64 f   images.obj
 0001:00030d64       _start_pass_downsample     00431d64 f   images.obj
 0001:0005e9f7       _sep_downsample            0045f9f7 f   libs-vc-win32:jcsample.obj
 0001:0005ea6c       _int_downsample            0045fa6c f   libs-vc-win32:jcsample.obj
 0001:0005eb64       _expand_right_edge         0045fb64 f   libs-vc-win32:jcsample.obj
 0001:0005ebb9       _fullsize_downsample       0045fbb9 f   libs-vc-win32:jcsample.obj
 0001:0005ebfd       _h2v1_downsample           0045fbfd f   libs-vc-win32:jcsample.obj
 0001:0005ec91       _h2v2_downsample           0045fc91 f   libs-vc-win32:jcsample.obj
 0001:0005ed3e       _h2v2_smooth_downsample    0045fd3e f   libs-vc-win32:jcsample.obj
 0001:0005efb6       _fullsize_smooth_downsample 0045ffb6 f   libs-vc-win32:jcsample.obj
 0001:0005e3f3       _start_pass_prep           0045f3f3 f   libs-vc-win32:jcprepct.obj
 0001:0005e431       _pre_process_data          0045f431 f   libs-vc-win32:jcprepct.obj
 0001:0005e5df       _pre_process_context       0045f5df f   libs-vc-win32:jcprepct.obj
 0001:0005e798       _create_context_buffer     0045f798 f   libs-vc-win32:jcprepct.obj
 0001:0005e26b       _start_pass_main           0045f26b f   libs-vc-win32:jcmainct.obj
 0001:0005e2ad       _process_data_simple_main  0045f2ad f   libs-vc-win32:jcmainct.obj
 0001:0005d841       _create_colormap           0045e841 f   libs-vc-win32:jquant1.obj
 0001:0005d973       _select_ncolors            0045e973 f   libs-vc-win32:jquant1.obj
 0001:0005da4a       _create_colorindex         0045ea4a f   libs-vc-win32:jquant1.obj
 0001:0005db76       _alloc_fs_workspace        0045eb76 f   libs-vc-win32:jquant1.obj
 0001:0005dbb2       _start_pass_1_quant        0045ebb2 f   libs-vc-win32:jquant1.obj
 0001:0005dc7e       _create_odither_tables     0045ec7e f   libs-vc-win32:jquant1.obj
 0001:0005dcdd       _make_odither_array        0045ecdd f   libs-vc-win32:jquant1.obj
 0001:0005dd40       _color_quantize            0045ed40 f   libs-vc-win32:jquant1.obj
 0001:0005ddcb       _color_quantize3           0045edcb f   libs-vc-win32:jquant1.obj
 0001:0005de59       _quantize_ord_dither       0045ee59 f   libs-vc-win32:jquant1.obj
 0001:0005df44       _quantize3_ord_dither      0045ef44 f   libs-vc-win32:jquant1.obj
 0001:0005e044       _quantize_fs_dither        0045f044 f   libs-vc-win32:jquant1.obj
 0001:00030d64       _finish_pass_1_quant       00431d64 f   images.obj
 0001:0005e1c8       _new_color_map_1_quant     0045f1c8 f   libs-vc-win32:jquant1.obj
 0001:0005c802       _init_error_limit          0045d802 f   libs-vc-win32:jquant2.obj
 0001:0005c8a1       _start_pass_2_quant        0045d8a1 f   libs-vc-win32:jquant2.obj
 0001:0005c9a3       _prescan_quantize          0045d9a3 f   libs-vc-win32:jquant2.obj
 0001:0005ca12       _pass2_no_dither           0045da12 f   libs-vc-win32:jquant2.obj
 0001:0005cabf       _fill_inverse_cmap         0045dabf f   libs-vc-win32:jquant2.obj
 0001:0005cb8a       _find_nearby_colors        0045db8a f   libs-vc-win32:jquant2.obj
 0001:0005cd2e       _find_best_colors          0045dd2e f   libs-vc-win32:jquant2.obj
 0001:0005ce48       _pass2_fs_dither           0045de48 f   libs-vc-win32:jquant2.obj
 0001:0005d0b7       _finish_pass1              0045e0b7 f   libs-vc-win32:jquant2.obj
 0001:0005d0d9       _select_colors             0045e0d9 f   libs-vc-win32:jquant2.obj
 0001:0005d165       _update_box                0045e165 f   libs-vc-win32:jquant2.obj
 0001:0005d4ff       _median_cut                0045e4ff f   libs-vc-win32:jquant2.obj
 0001:0005d613       _find_biggest_color_pop    0045e613 f   libs-vc-win32:jquant2.obj
 0001:0005d642       _find_biggest_volume       0045e642 f   libs-vc-win32:jquant2.obj
 0001:0005d66b       _compute_color             0045e66b f   libs-vc-win32:jquant2.obj
 0001:00030d64       _finish_pass2              00431d64 f   images.obj
 0001:0005d7a7       _new_color_map_2_quant     0045e7a7 f   libs-vc-win32:jquant2.obj
 0001:0005c219       _build_ycc_rgb_table       0045d219 f   libs-vc-win32:jdmerge.obj
 0001:0005c2c9       _start_pass_merged_upsample 0045d2c9 f   libs-vc-win32:jdmerge.obj
 0001:0005c2de       _merged_2v_upsample        0045d2de f   libs-vc-win32:jdmerge.obj
 0001:0005c385       _merged_1v_upsample        0045d385 f   libs-vc-win32:jdmerge.obj
 0001:0005c3b6       _h2v1_merged_upsample      0045d3b6 f   libs-vc-win32:jdmerge.obj
 0001:0005c50c       _h2v2_merged_upsample      0045d50c f   libs-vc-win32:jdmerge.obj
 0001:0005bdbd       _build_ycc_rgb_table       0045cdbd f   libs-vc-win32:jdcolor.obj
 0001:0005be6d       _ycc_rgb_convert           0045ce6d f   libs-vc-win32:jdcolor.obj
 0001:0005bf7b       _null_convert              0045cf7b f   libs-vc-win32:jdcolor.obj
 0001:0005bff3       _grayscale_convert         0045cff3 f   libs-vc-win32:jdcolor.obj
 0001:0005c016       _gray_rgb_convert          0045d016 f   libs-vc-win32:jdcolor.obj
 0001:0005c06f       _ycck_cmyk_convert         0045d06f f   libs-vc-win32:jdcolor.obj
 0001:00030d64       _start_pass_dcolor         00431d64 f   images.obj
 0001:0005b81e       _start_pass_upsample       0045c81e f   libs-vc-win32:jdsample.obj
 0001:0005b838       _sep_upsample              0045c838 f   libs-vc-win32:jdsample.obj
 0001:0005b905       _fullsize_upsample         0045c905 f   libs-vc-win32:jdsample.obj
 0001:0005b910       _noop_upsample             0045c910 f   libs-vc-win32:jdsample.obj
 0001:0005b918       _int_upsample              0045c918 f   libs-vc-win32:jdsample.obj
 0001:0005ba02       _h2v1_upsample             0045ca02 f   libs-vc-win32:jdsample.obj
 0001:0005ba59       _h2v2_upsample             0045ca59 f   libs-vc-win32:jdsample.obj
 0001:0005bacb       _h2v1_fancy_upsample       0045cacb f   libs-vc-win32:jdsample.obj
 0001:0005bb6e       _h2v2_fancy_upsample       0045cb6e f   libs-vc-win32:jdsample.obj
 0001:0005b427       _start_pass_dpost          0045c427 f   libs-vc-win32:jdpostct.obj
 0001:0005b4cd       _post_process_1pass        0045c4cd f   libs-vc-win32:jdpostct.obj
 0001:0005b532       _post_process_prepass      0045c532 f   libs-vc-win32:jdpostct.obj
 0001:0005b5c3       _post_process_2pass        0045c5c3 f   libs-vc-win32:jdpostct.obj
 0001:0005ae2e       _alloc_funny_pointers      0045be2e f   libs-vc-win32:jdmainct.obj
 0001:0005aedb       _start_pass_main           0045bedb f   libs-vc-win32:jdmainct.obj
 0001:0005af43       _make_funny_pointers       0045bf43 f   libs-vc-win32:jdmainct.obj
 0001:0005b083       _process_data_simple_main  0045c083 f   libs-vc-win32:jdmainct.obj
 0001:0005b0eb       _process_data_context_main 0045c0eb f   libs-vc-win32:jdmainct.obj
 0001:0005b1fd       _set_wraparound_pointers   0045c1fd f   libs-vc-win32:jdmainct.obj
 0001:0005b2e7       _set_bottom_pointers       0045c2e7 f   libs-vc-win32:jdmainct.obj
 0001:0005b381       _process_data_crank_post   0045c381 f   libs-vc-win32:jdmainct.obj
 0001:00059b5a       _write_marker_header       0045ab5a f   libs-vc-win32:jcmarker.obj
 0001:00059bb0       _emit_byte                 0045abb0 f   libs-vc-win32:jcmarker.obj
 0001:00059be1       _write_marker_byte         0045abe1 f   libs-vc-win32:jcmarker.obj
 0001:00059bf1       _write_file_header         0045abf1 f   libs-vc-win32:jcmarker.obj
 0001:00059c3d       _emit_jfif_app0            0045ac3d f   libs-vc-win32:jcmarker.obj
 0001:00059d10       _emit_adobe_app14          0045ad10 f   libs-vc-win32:jcmarker.obj
 0001:00059db6       _write_frame_header        0045adb6 f   libs-vc-win32:jcmarker.obj
 0001:00059e95       _emit_dqt                  0045ae95 f   libs-vc-win32:jcmarker.obj
 0001:00059f84       _emit_sof                  0045af84 f   libs-vc-win32:jcmarker.obj
 0001:0005a060       _write_scan_header         0045b060 f   libs-vc-win32:jcmarker.obj
 0001:0005a120       _emit_dht                  0045b120 f   libs-vc-win32:jcmarker.obj
 0001:0005a1f9       _emit_dri                  0045b1f9 f   libs-vc-win32:jcmarker.obj
 0001:0005a248       _emit_sos                  0045b248 f   libs-vc-win32:jcmarker.obj
 0001:0005a336       _write_file_trailer        0045b336 f   libs-vc-win32:jcmarker.obj
 0001:0005a356       _write_tables_only         0045b356 f   libs-vc-win32:jcmarker.obj
 0001:000596af       _use_merged_upsample       0045a6af f   libs-vc-win32:jdmaster.obj
 0001:00059755       _master_selection          0045a755 f   libs-vc-win32:jdmaster.obj
 0001:000598b2       _prepare_range_limit_table 0045a8b2 f   libs-vc-win32:jdmaster.obj
 0001:00059938       _prepare_for_output_pass   0045a938 f   libs-vc-win32:jdmaster.obj
 0001:00059a59       _finish_output_pass        0045aa59 f   libs-vc-win32:jdmaster.obj
 0001:00058b26       _alloc_small               00459b26 f   libs-vc-win32:jmemmgr.obj
 0001:00058c44       _alloc_large               00459c44 f   libs-vc-win32:jmemmgr.obj
 0001:00058cf5       _alloc_sarray              00459cf5 f   libs-vc-win32:jmemmgr.obj
 0001:00058d8d       _alloc_barray              00459d8d f   libs-vc-win32:jmemmgr.obj
 0001:00058e31       _alloc_darray              00459e31 f   libs-vc-win32:jmemmgr.obj
 0001:00058edc       _request_virt_sarray       00459edc f   libs-vc-win32:jmemmgr.obj
 0001:00058f3d       _request_virt_barray       00459f3d f   libs-vc-win32:jmemmgr.obj
 0001:00058f9e       _realize_virt_arrays       00459f9e f   libs-vc-win32:jmemmgr.obj
 0001:00059121       _access_virt_sarray        0045a121 f   libs-vc-win32:jmemmgr.obj
 0001:00059241       _do_sarray_io              0045a241 f   libs-vc-win32:jmemmgr.obj
 0001:000592d1       _access_virt_barray        0045a2d1 f   libs-vc-win32:jmemmgr.obj
 0001:000593f6       _do_barray_io              0045a3f6 f   libs-vc-win32:jmemmgr.obj
 0001:00059487       _free_pool                 0045a487 f   libs-vc-win32:jmemmgr.obj
 0001:0005956e       _self_destruct             0045a56e f   libs-vc-win32:jmemmgr.obj
 0001:000585c0       _start_input_pass          004595c0 f   libs-vc-win32:jdinput.obj
 0001:000585ee       _per_scan_setup            004595ee f   libs-vc-win32:jdinput.obj
 0001:00058774       _finish_input_pass         00459774 f   libs-vc-win32:jdinput.obj
 0001:00058785       _consume_markers           00459785 f   libs-vc-win32:jdinput.obj
 0001:00058821       _initial_setup             00459821 f   libs-vc-win32:jdinput.obj
 0001:00058a2b       _reset_input_controller    00459a2b f   libs-vc-win32:jdinput.obj
 0001:000581c5       _make_crc_table            004591c5 f   libs-vc-win32:crc32.obj
 0001:00058312       _crc32_little              00459312 f   libs-vc-win32:crc32.obj
 0001:00057fbf       _fixedtables               00458fbf f   libs-vc-win32:inflate.obj
 0001:000580a9       _updatewindow              004590a9 f   libs-vc-win32:inflate.obj
 0001:00056ce7       _init_destination          00457ce7 f   libs-vc-win32:jdatadst.obj
 0001:00056d0d       _empty_output_buffer       00457d0d f   libs-vc-win32:jdatadst.obj
 0001:00056d4f       _term_destination          00457d4f f   libs-vc-win32:jdatadst.obj
 0001:0005686e       _std_huff_tables           0045786e f   libs-vc-win32:jcparam.obj
 0001:000568c8       _add_huff_table            004578c8 f   libs-vc-win32:jcparam.obj
 0001:00054dc6       _next_marker               00455dc6 f   libs-vc-win32:jdmarker.obj
 0001:00054f00       _get_interesting_appn      00455f00 f   libs-vc-win32:jdmarker.obj
 0001:0005502b       _examine_app0              0045602b f   libs-vc-win32:jdmarker.obj
 0001:00055239       _examine_app14             00456239 f   libs-vc-win32:jdmarker.obj
 0001:000552fa       _skip_variable             004562fa f   libs-vc-win32:jdmarker.obj
 0001:0005539d       _read_markers              0045639d f   libs-vc-win32:jdmarker.obj
 0001:000555a5       _get_soi                   004565a5 f   libs-vc-win32:jdmarker.obj
 0001:00055650       _get_sof                   00456650 f   libs-vc-win32:jdmarker.obj
 0001:00055959       _get_sos                   00456959 f   libs-vc-win32:jdmarker.obj
 0001:00055c47       _get_dht                   00456c47 f   libs-vc-win32:jdmarker.obj
 0001:00055ee8       _get_dqt                   00456ee8 f   libs-vc-win32:jdmarker.obj
 0001:00056144       _get_dri                   00457144 f   libs-vc-win32:jdmarker.obj
 0001:00056223       _first_marker              00457223 f   libs-vc-win32:jdmarker.obj
 0001:000562bf       _read_restart_marker       004572bf f   libs-vc-win32:jdmarker.obj
 0001:0005633d       _reset_marker_reader       0045733d f   libs-vc-win32:jdmarker.obj
 0001:00054baa       _output_pass_setup         00455baa f   libs-vc-win32:jdapistd.obj
 0001:0005489d       _default_decompress_parms  0045589d f   libs-vc-win32:jdapimin.obj

 296 bytes saved through ICF

