 quake2

 Timestamp is 42908b9c (Sun May 22 17:39:40 2005)

 Preferred load address is 00400000

 Start         Length     Name                   Class
 0001:00000000 0005e280H .text                   CODE
 0002:00000000 0000027cH .idata$5                DATA
 0002:00000280 00005af4H .rdata                  DATA
 0002:00005d78 00000044H .rdata$r                DATA
 0002:00005dc0 00000038H .xdata$x                DATA
 0002:00005df8 00000078H .idata$2                DATA
 0002:00005e70 00000014H .idata$3                DATA
 0002:00005e84 0000027cH .idata$4                DATA
 0002:00006100 00000808H .idata$6                DATA
 0002:00006908 00000000H .edata                  DATA
 0003:00000000 00000004H .CRT$XCA                DATA
 0003:00000004 00000070H .CRT$XCU                DATA
 0003:00000074 00000004H .CRT$XCZ                DATA
 0003:00000078 00000004H .CRT$XIA                DATA
 0003:0000007c 00000004H .CRT$XIZ                DATA
 0003:00000080 0000ca9cH .data                   DATA
 0003:0000cb20 002f5368H .bss                    DATA
 0004:00000000 00000130H .rsrc$01                DATA
 0004:00000130 00003f20H .rsrc$02                DATA

  Address         Publics by Value              Rva+Base     Lib:Object

 0001:00000000       ??3@YAXPAX@Z               00401000 f i CoreMain.obj
 0001:0000000b       ?appInit@@YAXXZ            0040100b f   CoreMain.obj
 0001:0000006e       ?appExit@@YAXXZ            0040106e f   CoreMain.obj
 0001:00000073       ?appLoadDebugSymbols@@YAXXZ 00401073 f   DbgSymbols.obj
 0001:00000276       ?appSymbolName@@YA_NIPADH@Z 00401276 f   DbgSymbols.obj
 0001:00000362       ?appSymbolName@@YAPBDI@Z   00401362 f   DbgSymbols.obj
 0001:00000394       ?appMalloc@@YAPAXIH@Z      00401394 f   Memory.obj
 0001:00000442       ?appFree@@YAXPAX@Z         00401442 f   Memory.obj
 0001:00000470       ?Unlink@FMemHeader@@QAEXXZ 00401470 f i Memory.obj
 0001:0000049b       ?Link@CMemoryChain@@AAEXXZ 0040149b f   Memory.obj
 0001:000004ba       ?Unlink@CMemoryChain@@AAEXXZ 004014ba f   Memory.obj
 0001:000004e5       ??2CMemoryChain@@SAPAXIH@Z 004014e5 f   Memory.obj
 0001:00000557       ??3CMemoryChain@@SAXPAX@Z  00401557 f   Memory.obj
 0001:0000058a       ?Alloc@CMemoryChain@@QAEPAXIH@Z 0040158a f   Memory.obj
 0001:000005f4       ?appInitMemory@@YAXXZ      004015f4 f   Memory.obj
 0001:00000b2d       ?Write@COutputDeviceNull@@UAEXPBD@Z 00401b2d f i OutputDevice.obj
 0001:00000b30       ?appWPrintf@@YAXPBDZZ      00401b30 f   OutputDevice.obj
 0001:00000b81       ?appFatalError@@YAXPBDZZ   00401b81 f   ErrorMgr.obj
 0001:00000bbb       ?appNonFatalError@@YAXPBDZZ 00401bbb f   ErrorMgr.obj
 0001:00000c19       ?appUnwindPrefix@@YAXPBD@Z 00401c19 f   ErrorMgr.obj
 0001:00000c70       ?appUnwindThrow@@YAXPBDZZ  00401c70 f   ErrorMgr.obj
 0001:00000cf7       ?Reset@CErrorHandler@@QAEXXZ 00401cf7 f   ErrorMgr.obj
 0001:00000d21       ?appInitError@@YAXXZ       00401d21 f   ErrorMgr.obj
 0001:00000ddf       ?appStricmp@@YAHPBD0@Z     00401ddf f   Strings.obj
 0001:00000e14       ?toLower@@YADD@Z           00401e14 f i Strings.obj
 0001:00000e2b       ?appStrcpy@@YAXPADPBD@Z    00401e2b f   Strings.obj
 0001:00000e3e       ?appStrncpylwr@@YAXPADPBDH@Z 00401e3e f   Strings.obj
 0001:00000e76       ?appStrncpyz@@YAXPADPBDH@Z 00401e76 f   Strings.obj
 0001:00000ea3       ?appStrcatn@@YAXPADHPBD@Z  00401ea3 f   Strings.obj
 0001:00000ece       ?appCopyFilename@@YAXPADPBDH@Z 00401ece f   Strings.obj
 0001:00000f6a       ?appCStrlen@@YAHPBD@Z      00401f6a f   Strings.obj
 0001:00000f8f       ?appUncolorizeString@@YAXPADPBD@Z 00401f8f f   Strings.obj
 0001:00000fbf       ?va@@YAPBDPBDZZ            00401fbf f   Strings.obj
 0001:0000105b       ?appSprintf@@YAHPADHPBDZZ  0040205b f   Strings.obj
 0001:000010a6       ?appMatchWildcard@@YA_NPBD0_N@Z 004020a6 f   Strings.obj
 0001:00001226       ?CopyString@@YAPADPBD@Z    00402226 f   Strings.obj
 0001:00001266       ?CopyString@@YAPADPBDPAVCMemoryChain@@@Z 00402266 f   Strings.obj
 0001:0000129a       ??2CStringItem@@SAPAXIPBD@Z 0040229a f   Strings.obj
 0001:000012e3       ??2CStringItem@@SAPAXIPBDPAVCMemoryChain@@@Z 004022e3 f   Strings.obj
 0001:00001320       ?Find@CStringList@@IAEPAVCStringItem@@PBDPAPAV2@@Z 00402320 f   Strings.obj
 0001:00001363       ?Find@CStringList@@IAEPAVCStringItem@@H@Z 00402363 f   Strings.obj
 0001:0000137c       ?IndexOf@CStringList@@QAEHPBD@Z 0040237c f   Strings.obj
 0001:000013a9       ?Remove@CStringList@@QAE_NPAVCStringItem@@@Z 004023a9 f   Strings.obj
 0001:000013d5       ?Free@CStringList@@QAEXXZ  004023d5 f   Strings.obj
 0001:000013ee       ?appMillisecondsf@@YANXZ   004023ee f   CoreWin32.obj
 0001:00001427       ?appMilliseconds@@YAIXZ    00402427 f   CoreWin32.obj
 0001:0000145c       ?cpuid@@YAXI@Z             0040245c f   CoreWin32.obj
 0001:0000147f       ?appInitPlatform@@YAXXZ    0040247f f   CoreWin32.obj
 0001:00001712       ?appShutdownPlatform@@YAXXZ 00402712 f   CoreWin32.obj
 0001:0000171b       ?osAddressInfo@@YA_NIPADHPAH@Z 0040271b f   DbgSymbolsWin32.obj
 0001:000017af       ?osModuleInfo@@YA_NIPADHPAH@Z 004027af f   DbgSymbolsWin32.obj
 0001:00001957       ?win32ExceptFilter@@YAHPAU_EXCEPTION_POINTERS@@@Z 00402957 f   ExceptFilterWin32.obj
 0001:00001e8d       ?win32ExceptFilter2@@YAHXZ 00402e8d f   ExceptFilterWin32.obj
 0001:00001e99       ?SCR_StopCinematic@@YAXXZ  00402e99 f   cl_cin.obj
 0001:00001f2d       ?SCR_DrawCinematic@@YA_NXZ 00402f2d f   cl_cin.obj
 0001:0000238e       ?SCR_PlayCinematic@@YAXPAD@Z 0040338e f   cl_cin.obj
 0001:000026fe       ?CL_Download_f@@YAX_NHPAPAD@Z 004036fe f   cl_download.obj
 0001:00002aaf       ?CL_ParseDownload@@YAXXZ   00403aaf f   cl_download.obj
 0001:000032bc       ?CL_Precache_f@@YAXHPAPAD@Z 004042bc f   cl_download.obj
 0001:0000331a       ?CL_ParseDelta@@YAXPAUentityState_t@@0HI_N@Z 0040431a f   cl_ents.obj
 0001:000034cb       ?CL_ParsePacketEntities@@YAXPAUframe_t@@0@Z 004044cb f   cl_ents.obj
 0001:00003836       ?CL_FireEntityEvents@@YAXPAUframe_t@@@Z 00404836 f   cl_ents.obj
 0001:00003888       ?CL_ParseFrame@@YAXXZ      00404888 f   cl_ents.obj
 0001:00003b7a       ?CL_AddEntityBox@@YAXPAUentityState_t@@I@Z 00404b7a f   cl_ents.obj
 0001:00003cb0       ?CL_OffsetThirdPersonView@@YAXXZ 00404cb0 f   cl_ents.obj
 0001:00003d71       ?CL_CalcViewValues@@YAXXZ  00404d71 f   cl_ents.obj
 0001:0000407a       ?CL_AddEntities@@YAXXZ     0040507a f   cl_ents.obj
 0001:00004df0       ?CL_GetEntitySoundOrigin@@YAXHQAM@Z 00405df0 f   cl_ents.obj
 0001:00004e28       ?CL_ClearLightStyles@@YAXXZ 00405e28 f   cl_fx.obj
 0001:00004eaa       ?CL_RunLightStyles@@YAXXZ  00405eaa f   cl_fx.obj
 0001:00004f49       ?CL_SetLightstyle@@YAXHPBD@Z 00405f49 f   cl_fx.obj
 0001:00004faa       ?CL_ClearDlights@@YAXXZ    00405faa f   cl_fx.obj
 0001:00004fbb       ?CL_AllocDlight@@YAPAUcdlight_t@@HQAM@Z 00405fbb f   cl_fx.obj
 0001:00005024       ?CL_AddDLights@@YAXXZ      00406024 f   cl_fx.obj
 0001:00005084       ?CL_ClearParticles@@YAXXZ  00406084 f   cl_fx.obj
 0001:000050eb       ?CL_AllocParticleTrace@@YAPAUparticleTrace_t@@QAM0MM@Z 004060eb f   cl_fx.obj
 0001:0000518b       ?CL_AllocParticleBeam@@YAPAUbeam_t@@QAM0MM@Z 0040618b f   cl_fx.obj
 0001:000051fe       ?CL_AllocParticle@@YAPAUparticle_t@@XZ 004061fe f   cl_fx.obj
 0001:0000524c       ?CL_UpdateParticles@@YAXXZ 0040624c f   cl_fx.obj
 0001:0000583d       ?CL_MetalSparks@@YAXQAM0H@Z 0040683d f   cl_fx.obj
 0001:0000592a       ?CL_ParseMuzzleFlash@@YAXXZ 0040692a f   cl_fx.obj
 0001:00005cbf       ?CL_ParseMuzzleFlash2@@YAXXZ 00406cbf f   cl_fx.obj
 0001:000062fb       ?CL_ParticleEffect@@YAXQAM0HH@Z 004072fb f   cl_fx.obj
 0001:000063ca       ?CL_ParticleEffect2@@YAXQAM0HH@Z 004073ca f   cl_fx.obj
 0001:00006495       ?CL_ParticleEffect3@@YAXQAM0HH@Z 00407495 f   cl_fx.obj
 0001:00006565       ?CL_TeleporterParticles@@YAXPAUentityState_t@@@Z 00407565 f   cl_fx.obj
 0001:0000661c       ?CL_LogoutEffect@@YAXQAMH@Z 0040761c f   cl_fx.obj
 0001:00006707       ?CL_ItemRespawnParticles@@YAXQAM@Z 00407707 f   cl_fx.obj
 0001:000067b6       ?CL_ExplosionParticles@@YAXQAM@Z 004077b6 f   cl_fx.obj
 0001:00006860       ?CL_BigTeleportParticles@@YAXQAM@Z 00407860 f   cl_fx.obj
 0001:000069b7       ?CL_BlasterParticles@@YAXQAM0@Z 004079b7 f   cl_fx.obj
 0001:00006a83       ?CL_BlasterTrail@@YAXQAM0@Z 00407a83 f   cl_fx.obj
 0001:00006b91       ?CL_FlagTrail@@YAXQAM0H@Z  00407b91 f   cl_fx.obj
 0001:00006cab       ?CL_DiminishingTrail@@YAXQAM0PAUcentity_t@@H@Z 00407cab f   cl_fx.obj
 0001:00006f1d       ?CL_RocketTrail@@YAXQAM0PAUcentity_t@@@Z 00407f1d f   cl_fx.obj
 0001:00007046       ?CL_RailTrail@@YAXQAM0@Z   00408046 f   cl_fx.obj
 0001:00007289       ?CL_RailTrailExt@@YAXQAM0EE@Z 00408289 f   cl_fx.obj
 0001:0000738d       ?CL_IonripperTrail@@YAXQAM0@Z 0040838d f   cl_fx.obj
 0001:000074bb       ?CL_BubbleTrail@@YAXQAM0@Z 004084bb f   cl_fx.obj
 0001:000075d2       ?CL_FlyParticles@@YAXQAMH@Z 004085d2 f   cl_fx.obj
 0001:0000776b       ?CL_FlyEffect@@YAXPAUcentity_t@@QAM@Z 0040876b f   cl_fx.obj
 0001:000077d3       ?CL_BfgParticles@@YAXPAUentity_t@@@Z 004087d3 f   cl_fx.obj
 0001:000079a7       ?CL_TrapParticles@@YAXPAUentity_t@@@Z 004089a7 f   cl_fx.obj
 0001:00007c47       ?CL_BFGExplosionParticles@@YAXQAM@Z 00408c47 f   cl_fx.obj
 0001:00007cf1       ?CL_TeleportParticles@@YAXQAM@Z 00408cf1 f   cl_fx.obj
 0001:00007e2c       ?CL_EntityEvent@@YAXPAUentityState_t@@@Z 00408e2c f   cl_fx.obj
 0001:00008006       ?CL_ClearEffects@@YAXXZ    00409006 f   cl_fx.obj
 0001:00008015       ?IN_CenterView@@YAXXZ      00409015 f   cl_input.obj
 0001:00008036       ?CL_InitInput@@YAXXZ       00409036 f   cl_input.obj
 0001:000085d2       ?CL_SendCmd@@YAXXZ         004095d2 f   cl_input.obj
 0001:00008cc5       ?CL_WriteDemoMessage@@YAXXZ 00409cc5 f   cl_main.obj
 0001:00008d07       ?Cmd_ForwardToServer@@YAXHPAPAD@Z 00409d07 f   cl_main.obj
 0001:00008dca       ?CL_ForwardToServer_f@@YAXHPAPAD@Z 00409dca f   cl_main.obj
 0001:00008e12       ?CL_Pause@@YAX_N@Z         00409e12 f   cl_main.obj
 0001:00008e54       ?CL_Quit_f@@YAXXZ          00409e54 f   cl_main.obj
 0001:00008e5e       ?CL_Drop@@YAX_N@Z          00409e5e f   cl_main.obj
 0001:00008e81       ?CL_SendConnectPacket@@YAXXZ 00409e81 f   cl_main.obj
 0001:00008f58       ?CL_CheckForResend@@YAXXZ  00409f58 f   cl_main.obj
 0001:0000905d       ?CL_Connect_f@@YAX_NHPAPAD@Z 0040a05d f   cl_main.obj
 0001:000090e0       ?CL_Rcon_f@@YAXHPAPAD@Z    0040a0e0 f   cl_main.obj
 0001:000091e8       ?CL_Disconnect@@YAXXZ      0040a1e8 f   cl_main.obj
 0001:0000938e       ?CL_Disconnect_f@@YAXXZ    0040a38e f   cl_main.obj
 0001:00009398       ?CL_Changing_f@@YAXXZ      0040a398 f   cl_main.obj
 0001:000093bc       ?CL_Reconnect_f@@YAXXZ     0040a3bc f   cl_main.obj
 0001:00009458       ?CL_PingServers_f@@YAXXZ   0040a458 f   cl_main.obj
 0001:000095c3       ?CL_Skins_f@@YAXXZ         0040a5c3 f   cl_main.obj
 0001:000098ae       ?CL_ConnectionlessPacket@@YAXXZ 0040a8ae f   cl_main.obj
 0001:000099ae       ?CL_ReadPackets@@YAXXZ     0040a9ae f   cl_main.obj
 0001:00009af1       ?CL_FixUpGender@@YAXXZ     0040aaf1 f   cl_main.obj
 0001:00009ba3       ?CL_Userinfo_f@@YAXXZ      0040aba3 f   cl_main.obj
 0001:00009bbb       ?CL_RegisterSounds@@YAXXZ  0040abbb f   cl_main.obj
 0001:00009bfa       ?CL_Snd_Restart_f@@YAXXZ   0040abfa f   cl_main.obj
 0001:00009c09       ?CL_WriteConfiguration@@YAXPBD@Z 0040ac09 f   cl_main.obj
 0001:00009cc4       ?CL_WriteConfig_f@@YAX_NHPAPAD@Z 0040acc4 f   cl_main.obj
 0001:00009d23       ?CL_FixCvarCheats@@YAXXZ   0040ad23 f   cl_main.obj
 0001:00009d7d       ?CL_Frame@@YAXMM@Z         0040ad7d f   cl_main.obj
 0001:00009f83       ?CL_ClearState@@YAXXZ      0040af83 f   cl_main.obj
 0001:00009fbc       ?CL_Init@@YAXXZ            0040afbc f   cl_main.obj
 0001:0000a493       ?CL_Shutdown@@YAX_N@Z      0040b493 f   cl_main.obj
 0001:0000a4e8       ?CL_Flashlight@@YAXHQAM@Z  0040b4e8 f   cl_newfx.obj
 0001:0000a522       ?CL_ColorFlash@@YAXQAMHHMMM@Z 0040b522 f   cl_newfx.obj
 0001:0000a55e       ?CL_DebugTrail@@YAXQAM0@Z  0040b55e f   cl_newfx.obj
 0001:0000a655       ?CL_ForceWall@@YAXQAM0H@Z  0040b655 f   cl_newfx.obj
 0001:0000a797       ?CL_BubbleTrail2@@YAXQAM0H@Z 0040b797 f   cl_newfx.obj
 0001:0000a8c5       ?CL_Heatbeam@@YAXQAM0@Z    0040b8c5 f   cl_newfx.obj
 0001:0000ab53       ?CL_ParticleSteamEffect@@YAXQAM0HHH@Z 0040bb53 f   cl_newfx.obj
 0001:0000ac87       ?CL_ParticleSteamEffect2@@YAXPAUcl_sustain_t@@@Z 0040bc87 f   cl_newfx.obj
 0001:0000adc8       ?CL_TrackerTrail@@YAXQAM0H@Z 0040bdc8 f   cl_newfx.obj
 0001:0000af16       ?CL_Tracker_Shell@@YAXQAM@Z 0040bf16 f   cl_newfx.obj
 0001:0000af9f       ?CL_MonsterPlasma_Shell@@YAXQAM@Z 0040bf9f f   cl_newfx.obj
 0001:0000b025       ?CL_Widowbeamout@@YAXPAUcl_sustain_t@@@Z 0040c025 f   cl_newfx.obj
 0001:0000b0d9       ?CL_Nukeblast@@YAXPAUcl_sustain_t@@@Z 0040c0d9 f   cl_newfx.obj
 0001:0000b18d       ?CL_WidowSplash@@YAXQAM@Z  0040c18d f   cl_newfx.obj
 0001:0000b25b       ?CL_TagTrail@@YAXQAM0H@Z   0040c25b f   cl_newfx.obj
 0001:0000b375       ?CL_ColorExplosionParticles@@YAXQAMHH@Z 0040c375 f   cl_newfx.obj
 0001:0000b422       ?CL_ParticleSmokeEffect@@YAXQAM0HHH@Z 0040c422 f   cl_newfx.obj
 0001:0000b554       ?CL_BlasterParticles2@@YAXQAM0I@Z 0040c554 f   cl_newfx.obj
 0001:0000b621       ?CL_BlasterTrail2@@YAXQAM0@Z 0040c621 f   cl_newfx.obj
 0001:0000b72f       ?CL_LoadClientinfo@@YAXPAUclientinfo_t@@PAD@Z 0040c72f f   cl_parse.obj
 0001:0000ba09       ?CL_ParseClientinfo@@YAXH@Z 0040ca09 f   cl_parse.obj
 0001:0000ba2d       ?CL_ParseServerMessage@@YAXXZ 0040ca2d f   cl_parse.obj
 0001:0000c1e4       ?CL_CheckPredictionError@@YAXXZ 0040d1e4 f   cl_pred.obj
 0001:0000c37a       ?CL_EntityTrace@@YAXPAUtrace_t@@QBM111H@Z 0040d37a f   cl_pred.obj
 0001:0000c731       ?CL_Trace@@YAXPAUtrace_t@@QBM111H@Z 0040d731 f   cl_pred.obj
 0001:0000c7b3       ?CL_PMpointcontents@@YAHQAM@Z 0040d7b3 f   cl_pred.obj
 0001:0000c93f       ?CL_PredictMovement@@YAXXZ 0040d93f f   cl_pred.obj
 0001:0000cce1       ?DrawString@@YAXHHPBD@Z    0040dce1 f   cl_scrn.obj
 0001:0000cd25       ?SCR_DebugGraph@@YAXMH@Z   0040dd25 f   cl_scrn.obj
 0001:0000cd4d       ?SCR_CenterPrint@@YAXPAD@Z 0040dd4d f   cl_scrn.obj
 0001:0000ce51       ?Key_Message@@YAXH@Z       0040de51 f   cl_scrn.obj
 0001:0000ceed       ?SCR_SetLevelshot@@YAXPBD@Z 0040deed f   cl_scrn.obj
 0001:0000cfe0       ?SCR_BeginLoadingPlaque@@YAXXZ 0040dfe0 f   cl_scrn.obj
 0001:0000d065       ?SCR_EndLoadingPlaque@@YAX_N@Z 0040e065 f   cl_scrn.obj
 0001:0000d0ea       ?SCR_ShowConsole@@YAX_N0@Z 0040e0ea f   cl_scrn.obj
 0001:0000d1c1       ?SCR_ToggleConsole@@YAXXZ  0040e1c1 f   cl_scrn.obj
 0001:0000d1e9       ?SCR_TouchPics@@YAXXZ      0040e1e9 f   cl_scrn.obj
 0001:0000d248       ?SCR_UpdateScreen@@YAXXZ   0040e248 f   cl_scrn.obj
 0001:0000e4c3       ?SCR_Init@@YAXXZ           0040f4c3 f   cl_scrn.obj
 0001:0000e80d       ?CL_RegisterTEntSounds@@YAXXZ 0040f80d f   cl_tent.obj
 0001:0000ea52       ?CL_RegisterTEntModels@@YAXXZ 0040fa52 f   cl_tent.obj
 0001:0000eb90       ?CL_ClearTEnts@@YAXXZ      0040fb90 f   cl_tent.obj
 0001:0000ebc4       ?CL_AllocExplosion@@YAPAUexplosion_t@@QAMW4exptype_t@@@Z 0040fbc4 f   cl_tent.obj
 0001:0000ec61       ?CL_AddExplosions@@YAXXZ   0040fc61 f   cl_tent.obj
 0001:0000edfb       ?CL_SmokeAndFlash@@YAXQAM@Z 0040fdfb f   cl_tent.obj
 0001:0000ee43       ?CL_ParseBeam@@YAHPAVCRenderModel@@@Z 0040fe43 f   cl_tent.obj
 0001:0000ef0f       ?CL_ParseBeam2@@YAHPAVCRenderModel@@@Z 0040ff0f f   cl_tent.obj
 0001:0000efe6       ?CL_ParsePlayerBeam@@YAHPAVCRenderModel@@@Z 0040ffe6 f   cl_tent.obj
 0001:0000f0f4       ?CL_ParseLightning@@YAHPAVCRenderModel@@@Z 004100f4 f   cl_tent.obj
 0001:0000f1b6       ?CL_ParseLaser@@YAXI@Z     004101b6 f   cl_tent.obj
 0001:0000f232       ?CL_ParseSteam@@YAXXZ      00410232 f   cl_tent.obj
 0001:0000f343       ?CL_ParseWidow@@YAXXZ      00410343 f   cl_tent.obj
 0001:0000f3af       ?CL_ParseNuke@@YAXXZ       004103af f   cl_tent.obj
 0001:0000f419       ?CL_ParseTEnt@@YAXXZ       00410419 f   cl_tent.obj
 0001:00010245       ?CL_AddBeams@@YAXXZ        00411245 f   cl_tent.obj
 0001:00010582       ?CL_AddPlayerBeams@@YAXXZ  00411582 f   cl_tent.obj
 0001:00010c98       ?CL_ProcessSustain@@YAXXZ  00411c98 f   cl_tent.obj
 0001:00010cd9       ?CL_AddTEnts@@YAXXZ        00411cd9 f   cl_tent.obj
 0001:00010ced       ?V_AddEntity@@YAXPAUentity_t@@@Z 00411ced f   cl_view.obj
 0001:00010d1c       ?V_AddLight@@YAXQAMMMMM@Z  00411d1c f   cl_view.obj
 0001:00010d61       ?V_TestParticles@@YAXXZ    00411d61 f   cl_view.obj
 0001:00010e1f       ?V_TestEntities@@YAXXZ     00411e1f f   cl_view.obj
 0001:00010eb5       ?V_TestLights@@YAXXZ       00411eb5 f   cl_view.obj
 0001:00010f83       ?CL_PrepRefresh@@YAXXZ     00411f83 f   cl_view.obj
 0001:00011243       ?CalcFov@@YAMMMM@Z         00412243 f   cl_view.obj
 0001:000112b7       ?V_RenderView@@YA_NXZ      004122b7 f   cl_view.obj
 0001:00011f8d       ?V_Init@@YAXXZ             00412f8d f   cl_view.obj
 0001:0001203c       ?Con_ClearNotify@@YAXXZ    0041303c f   console.obj
 0001:0001204b       ?Con_CheckResize@@YAXXZ    0041304b f   console.obj
 0001:00012172       ?Con_Print@@YAXPBD@Z       00413172 f   console.obj
 0001:0001246a       ?Con_DrawNotify@@YAX_N@Z   0041346a f   console.obj
 0001:00012582       ?Con_DrawConsole@@YAXM@Z   00413582 f   console.obj
 0001:00012955       ?Con_ClearTyping@@YAXXZ    00413955 f   console.obj
 0001:0001296e       ?Key_Console@@YAXHH@Z      0041396e f   console.obj
 0001:00012db6       ?Con_Init@@YAXXZ           00413db6 f   console.obj
 0001:00012f32       ?Key_KeynumToString@@YAPBDH@Z 00413f32 f   keys.obj
 0001:00012ff2       ?Draw@completeMenu_t@@UAEXXZ 00413ff2 f i keys.obj
 0001:00013023       ?KeyDown@completeMenu_t@@UAEPBDH@Z 00414023 f i keys.obj
 0001:0001304c       ?Init@completeMenu_t@@UAE_NXZ 0041404c f i keys.obj
 0001:00013173       ?CompleteMenuCallback@completeMenu_t@@SAXPAX@Z 00414173 f i keys.obj
 0001:00013201       ?CompleteCommand@@YAXXZ    00414201 f   keys.obj
 0001:00013936       ?Key_SetBinding@@YAXHPBD@Z 00414936 f   keys.obj
 0001:00013974       ?Key_FindBinding@@YAHPBDPAHH@Z 00414974 f   keys.obj
 0001:000139c2       ?Key_WriteBindings@@YAXPAU_iobuf@@@Z 004149c2 f   keys.obj
 0001:00013a0a       ?Key_Init@@YAXXZ           00414a0a f   keys.obj
 0001:00013cee       ?Key_Event@@YAXH_N@Z       00414cee f   keys.obj
 0001:00014047       ?Key_ClearStates@@YAXXZ    00415047 f   keys.obj
 0001:0001407c       ?M_ForceMenuOn@@YAXXZ      0041507c f   menu.obj
 0001:0001409b       ?Draw@menuMain_t@@UAEXXZ   0041509b f i menu.obj
 0001:000141fe       ?KeyDown@menuMain_t@@UAEPBDH@Z 004151fe f i menu.obj
 0001:000142ba       ?Init@menuMain_t@@UAE_NXZ  004152ba f i menu.obj
 0001:000142c2       ?M_Menu_Main_f@@YAXXZ      004152c2 f   menu.obj
 0001:000142dc       ?Init@multiplayerMenu_t@@UAE_NXZ 004152dc f i menu.obj
 0001:00014400       ?Init@keysMenu_t@@UAE_NXZ  00415400 f i menu.obj
 0001:000145e5       ?KeyCursorDrawFunc@keysMenu_t@@SAXPAUmenuFramework_t@@@Z 004155e5 f i menu.obj
 0001:00014625       ?DrawKeyBindingFunc@keysMenu_t@@SAXPAX@Z 00415625 f i menu.obj
 0001:000146ec       ?KeyDown@keysMenu_t@@UAEPBDH@Z 004156ec f i menu.obj
 0001:00014799       ?UnbindCommand@keysMenu_t@@QAEXPAD@Z 00415799 f i menu.obj
 0001:000147de       ?KeyBindingFunc@keysMenu_t@@QAEXPAX@Z 004157de f i menu.obj
 0001:0001483d       ?Init@optionsMenu_t@@UAE_NXZ 0041583d f i menu.obj
 0001:00014c9b       ?CrosshairFunc@optionsMenu_t@@SAXPAX@Z 00415c9b f i menu.obj
 0001:00014cc3       ?JoystickFunc@optionsMenu_t@@SAXPAX@Z 00415cc3 f i menu.obj
 0001:00014cd8       ?AlwaysRunFunc@optionsMenu_t@@SAXPAX@Z 00415cd8 f i menu.obj
 0001:00014ced       ?FreeLookFunc@optionsMenu_t@@SAXPAX@Z 00415ced f i menu.obj
 0001:00014d02       ?MouseSpeedFunc@optionsMenu_t@@SAXPAX@Z 00415d02 f i menu.obj
 0001:00014d1f       ?InvertMouseFunc@optionsMenu_t@@SAXPAX@Z 00415d1f f i menu.obj
 0001:00014d3a       ?LookspringFunc@optionsMenu_t@@SAXPAX@Z 00415d3a f i menu.obj
 0001:00014d56       ?LookstrafeFunc@optionsMenu_t@@SAXPAX@Z 00415d56 f i menu.obj
 0001:00014d72       ?UpdateVolumeFunc@optionsMenu_t@@SAXPAX@Z 00415d72 f i menu.obj
 0001:00014d8f       ?UpdateCDVolumeFunc@optionsMenu_t@@SAXPAX@Z 00415d8f f i menu.obj
 0001:00014da9       ?SetMenuItemValues@optionsMenu_t@@SAXXZ 00415da9 f i menu.obj
 0001:00014f87       ?ResetDefaultsFunc@optionsMenu_t@@SAXPAX@Z 00415f87 f i menu.obj
 0001:00014f9c       ?UpdateSoundFunc@optionsMenu_t@@SAXPAX@Z 00415f9c f i menu.obj
 0001:0001519f       ?ScanCrosshairs@optionsMenu_t@@SAXXZ 0041619f f i menu.obj
 0001:000151fc       ?Draw@optionsMenu_t@@UAEXXZ 004161fc f i menu.obj
 0001:00015261       ?Draw@creditsMenu_t@@UAEXXZ 00416261 f i menu.obj
 0001:00015308       ?KeyDown@creditsMenu_t@@UAEPBDH@Z 00416308 f i menu.obj
 0001:00015343       ?Init@creditsMenu_t@@UAE_NXZ 00416343 f i menu.obj
 0001:0001540b       ?Init@gameMenu_t@@UAE_NXZ  0041640b f i menu.obj
 0001:00015596       ?EasyGameFunc@gameMenu_t@@SAXPAX@Z 00416596 f i menu.obj
 0001:000155a2       ?StartGame@gameMenu_t@@SAXPBD@Z 004165a2 f i menu.obj
 0001:000155f5       ?MediumGameFunc@gameMenu_t@@SAXPAX@Z 004165f5 f i menu.obj
 0001:00015601       ?HardGameFunc@gameMenu_t@@SAXPAX@Z 00416601 f i menu.obj
 0001:0001561d       ?Init@savegameMenu_t@@UAE_NXZ 0041661d f i menu.obj
 0001:0001572d       ?Create_Savestrings@savegameMenu_t@@QAEXXZ 0041672d f i menu.obj
 0001:000157e8       ?LoadGameCallback@savegameMenu_t@@SAXPAX@Z 004167e8 f i menu.obj
 0001:00015811       ?SaveGameCallback@savegameMenu_t@@SAXPAX@Z 00416811 f i menu.obj
 0001:00015830       ?Draw@savegameMenu_t@@UAEXXZ 00416830 f i menu.obj
 0001:0001584b       ?DrawSavegameShot@savegameMenu_t@@QAEXHH@Z 0041684b f i menu.obj
 0001:00015930       ?Init@joinserverMenu_t@@UAE_NXZ 00416930 f i menu.obj
 0001:00015a59       ?JoinServerFunc@joinserverMenu_t@@SAXPAX@Z 00416a59 f i menu.obj
 0001:00015abb       ?SearchLocalGames@joinserverMenu_t@@SAXXZ 00416abb f i menu.obj
 0001:00015b26       ?M_AddToServerList@@YAXUnetadr_t@@PAD@Z 00416b26 f   menu.obj
 0001:00015ba9       ?Init@startserverMenu_t@@UAE_NXZ 00416ba9 f i menu.obj
 0001:0001604b       ?DMOptionsFunc@startserverMenu_t@@SAXPAX@Z 0041704b f i menu.obj
 0001:0001605b       ?RulesChangeFunc@startserverMenu_t@@SAXPAX@Z 0041705b f i menu.obj
 0001:000160d5       ?StartServerActionFunc@startserverMenu_t@@SAXPAX@Z 004170d5 f i menu.obj
 0001:00016100       ?StartServerFunc@startserverMenu_t@@SAXPAD@Z 00417100 f i menu.obj
 0001:00016337       ?KeyDown@startserverMenu_t@@UAEPBDH@Z 00417337 f i menu.obj
 0001:00016394       ?Init@dmoptionsMenu_t@@UAE_NXZ 00417394 f i menu.obj
 0001:00016973       ?DMFlagCallback@dmoptionsMenu_t@@SAXPAX@Z 00417973 f i menu.obj
 0001:00016b4e       ?Init@downloadOptionsMenu_t@@UAE_NXZ 00417b4e f i menu.obj
 0001:00016d19       ?DownloadCallback@downloadOptionsMenu_t@@SAXPAX@Z 00417d19 f i menu.obj
 0001:00016d84       ?Init@addressBookMenu_t@@UAE_NXZ 00417d84 f i menu.obj
 0001:00016e2c       ?KeyDown@addressBookMenu_t@@UAEPBDH@Z 00417e2c f i menu.obj
 0001:00016e89       ?Init@playerConfigMenu_t@@UAE_NXZ 00417e89 f i menu.obj
 0001:000173e0       ?HandednessCallback@playerConfigMenu_t@@SAXPAX@Z 004183e0 f i menu.obj
 0001:000173f5       ?RTypeCallback@playerConfigMenu_t@@SAXPAX@Z 004183f5 f i menu.obj
 0001:0001740a       ?RColorCallback@playerConfigMenu_t@@SAXPAX@Z 0041840a f i menu.obj
 0001:0001741f       ?RateCallback@playerConfigMenu_t@@SAXPAX@Z 0041841f f i menu.obj
 0001:00017442       ?ModelCallback@playerConfigMenu_t@@SAXPAX@Z 00418442 f i menu.obj
 0001:0001746f       ?ScanDirectories@playerConfigMenu_t@@SA_NXZ 0041846f f i menu.obj
 0001:000175e9       ?IsValidSkin@playerConfigMenu_t@@SA_NPADPAVCStringItem@@@Z 004185e9 f i menu.obj
 0001:000176a4       ?Draw@playerConfigMenu_t@@UAEXXZ 004186a4 f i menu.obj
 0001:00017950       ?KeyDown@playerConfigMenu_t@@UAEPBDH@Z 00418950 f i menu.obj
 0001:00017a42       ?Init@dmbrowseMenu_t@@UAE_NXZ 00418a42 f i menu.obj
 0001:00017c48       ?KeyDown@dmbrowseMenu_t@@UAEPBDH@Z 00418c48 f i menu.obj
 0001:00017e0c       ?Draw@dmbrowseMenu_t@@UAEXXZ 00418e0c f i menu.obj
 0001:00017f51       ?DrawThumbnail@dmbrowseMenu_t@@SAXHHHHPAD_N@Z 00418f51 f i menu.obj
 0001:00018038       ?Init@videoMenu_t@@UAE_NXZ 00419038 f i menu.obj
 0001:000185f1       ?ScreenSizeCallback@videoMenu_t@@SAXPAX@Z 004195f1 f i menu.obj
 0001:0001860f       ?BrightnessCallback@videoMenu_t@@SAXPAX@Z 0041960f f i menu.obj
 0001:0001862d       ?ContrastCallback@videoMenu_t@@SAXPAX@Z 0041962d f i menu.obj
 0001:00018666       ?CancelChanges@videoMenu_t@@SAXPAX@Z 00419666 f i menu.obj
 0001:00018687       ?KeyDown@videoMenu_t@@UAEPBDH@Z 00419687 f i menu.obj
 0001:000186ce       ?ApplyChanges@videoMenu_t@@SAXPAX@Z 004196ce f i menu.obj
 0001:00018885       ?KeyDown@quitMenu_t@@UAEPBDH@Z 00419885 f i menu.obj
 0001:000188bd       ?Draw@quitMenu_t@@UAEXXZ   004198bd f i menu.obj
 0001:0001893d       ?KeyDown@testMenu_t@@UAEPBDH@Z 0041993d f i menu.obj
 0001:0001894e       ?Draw@testMenu_t@@UAEXXZ   0041994e f i menu.obj
 0001:00018b49       ?M_Init@@YAXXZ             00419b49 f   menu.obj
 0001:00018d45       ?Insert@?$TList@VCStringItem@@@@QAE_NPAVCStringItem@@@Z 00419d45 f i menu.obj
 0001:00018d45       ?Insert@?$TList@VplayerModelInfo_t@@@@QAE_NPAVplayerModelInfo_t@@@Z 00419d45 f i menu.obj
 0001:00018d7b       ?ItemAtCursor@menuFramework_t@@QAEPAUmenuCommon_t@@XZ 00419d7b f   qmenu.obj
 0001:00018dcf       ?AddItem@menuFramework_t@@QAEXPAUmenuCommon_t@@@Z 00419dcf f   qmenu.obj
 0001:00018e8b       ?AdjustCursor@menuFramework_t@@QAEXH@Z 00419e8b f   qmenu.obj
 0001:00018ffa       ?Center@menuFramework_t@@QAEXXZ 00419ffa f   qmenu.obj
 0001:0001903b       ?Draw@menuFramework_t@@UAEXXZ 0041a03b f   qmenu.obj
 0001:000195f3       ?SelectItem@menuFramework_t@@QAE_NXZ 0041a5f3 f   qmenu.obj
 0001:00019651       ?SetStatusBar@menuFramework_t@@QAEXPBD@Z 0041a651 f   qmenu.obj
 0001:0001965b       ?SlideItem@menuFramework_t@@QAEXH@Z 0041a65b f   qmenu.obj
 0001:00019bd8       ?Push@menuFramework_t@@QAEXXZ 0041abd8 f   qmenu.obj
 0001:00019c60       ?M_ForceMenuOff@@YAXXZ     0041ac60 f   qmenu.obj
 0001:00019c83       ?Pop@menuFramework_t@@QAEXXZ 0041ac83 f   qmenu.obj
 0001:00019cbd       ?KeyDown@menuFramework_t@@UAEPBDH@Z 0041acbd f   qmenu.obj
 0001:00019f31       ?Init@menuFramework_t@@UAE_NXZ 0041af31 f   qmenu.obj
 0001:00019f34       ?M_Draw@@YAXXZ             0041af34 f   qmenu.obj
 0001:00019f6f       ?M_Keydown@@YAXH@Z         0041af6f f   qmenu.obj
 0001:00019f8e       ?InitRendererVars@@YAXXZ   0041af8e f   ref_vars.obj
 0001:00019fad       ?S_SoundInfo_f@@YAXXZ      0041afad f   snd_dma.obj
 0001:0001a037       ?S_ReadModelsSex@@YAXXZ    0041b037 f   snd_dma.obj
 0001:0001a11c       ?S_IsFemale@@YA_NPBD@Z     0041b11c f   snd_dma.obj
 0001:0001a170       ?S_Init@@YAXXZ             0041b170 f   snd_dma.obj
 0001:0001a246       ?S_Shutdown@@YAXXZ         0041b246 f   snd_dma.obj
 0001:0001a2d9       ?S_BeginRegistration@@YAXXZ 0041b2d9 f   snd_dma.obj
 0001:0001a2e7       ?S_RegisterSound@@YAPAUsfx_t@@PBD@Z 0041b2e7 f   snd_dma.obj
 0001:0001a480       ?S_EndRegistration@@YAXXZ  0041b480 f   snd_dma.obj
 0001:0001a518       ?S_PickChannel@@YAPAUchannel_t@@HH@Z 0041b518 f   snd_dma.obj
 0001:0001a5a5       ?S_Spatialize@@YAXPAUchannel_t@@@Z 0041b5a5 f   snd_dma.obj
 0001:0001a73d       ?S_AllocPlaysound@@YAPAUplaysound_t@@XZ 0041b73d f   snd_dma.obj
 0001:0001a75f       ?S_FreePlaysound@@YAXPAUplaysound_t@@@Z 0041b75f f   snd_dma.obj
 0001:0001a78f       ?S_IssuePlaysound@@YAXPAUplaysound_t@@@Z 0041b78f f   snd_dma.obj
 0001:0001a85c       ?S_StartSound@@YAXQBMHHPAUsfx_t@@MMM@Z 0041b85c f   snd_dma.obj
 0001:0001abd2       ?S_StartLocalSound@@YAXPBD@Z 0041bbd2 f   snd_dma.obj
 0001:0001ac21       ?S_ClearBuffer@@YAXXZ      0041bc21 f   snd_dma.obj
 0001:0001ac8a       ?S_StopAllSounds_f@@YAXXZ  0041bc8a f   snd_dma.obj
 0001:0001acfa       ?S_AddLoopSounds@@YAXXZ    0041bcfa f   snd_dma.obj
 0001:0001aed0       ?S_RawSamples@@YAXHHHHPAE@Z 0041bed0 f   snd_dma.obj
 0001:0001b0d4       ?S_Update@@YAXQBM000@Z     0041c0d4 f   snd_dma.obj
 0001:0001b1cd       ?GetSoundtime@@YAXXZ       0041c1cd f   snd_dma.obj
 0001:0001b234       ?S_Update_@@YAXXZ          0041c234 f   snd_dma.obj
 0001:0001b4e7       ?ResampleSfx@@YAXPAUsfx_t@@HHPAE@Z 0041c4e7 f   snd_mem.obj
 0001:0001b602       ?S_LoadSound@@YAPAUsfxcache_t@@PAUsfx_t@@@Z 0041c602 f   snd_mem.obj
 0001:0001b73a       ?GetWavinfo@@YA?AUwavinfo_t@@PADPAEH@Z 0041c73a f   snd_mem.obj
 0001:0001b97c       ?S_WriteLinearBlastStereo16@@YAXXZ 0041c97c f   snd_mix.obj
 0001:0001b9f0       ?S_TransferStereo16@@YAXPAKH@Z 0041c9f0 f   snd_mix.obj
 0001:0001ba59       ?S_TransferPaintBuffer@@YAXH@Z 0041ca59 f   snd_mix.obj
 0001:0001bbbd       ?S_PaintChannels@@YAXH@Z   0041cbbd f   snd_mix.obj
 0001:0001be59       ?S_InitScaletable@@YAXXZ   0041ce59 f   snd_mix.obj
 0001:0001c01a       ?SV_WipeSavegame@@YAXPAD@Z 0041d01a f   sv_ccmds.obj
 0001:0001c048       ?SV_CopySaveGame@@YAXPAD0@Z 0041d048 f   sv_ccmds.obj
 0001:0001c09d       ?SV_WriteLevelFile@@YAXXZ  0041d09d f   sv_ccmds.obj
 0001:0001c14b       ?SV_ReadLevelFile@@YAXXZ   0041d14b f   sv_ccmds.obj
 0001:0001c1f9       ?SV_WriteServerFile@@YAX_NPAD@Z 0041d1f9 f   sv_ccmds.obj
 0001:0001c435       ?SV_ReadServerFile@@YAXXZ  0041d435 f   sv_ccmds.obj
 0001:0001c55a       ?SV_AddressBanned@@YA_NPAUnetadr_t@@@Z 0041d55a f   sv_ccmds.obj
 0001:0001c59b       ?SV_InitOperatorCommands@@YAXXZ 0041d59b f   sv_ccmds.obj
 0001:0001d599       ?SV_WriteFrameToClient@@YAXPAUclient_t@@PAVsizebuf_t@@@Z 0041e599 f   sv_ents.obj
 0001:0001d785       ?SV_FatPVS@@YAXQAM@Z       0041e785 f   sv_ents.obj
 0001:0001d8a3       ?SV_BuildClientFrame@@YAXPAUclient_t@@@Z 0041e8a3 f   sv_ents.obj
 0001:0001dbbd       ?SV_RecordDemoMessage@@YAXXZ 0041ebbd f   sv_ents.obj
 0001:0001e6ec       ?SV_InitGameLibrary@@YAX_N@Z 0041f6ec f   sv_game.obj
 0001:0001e832       ?SV_ShutdownGameLibrary@@YAXXZ 0041f832 f   sv_game.obj
 0001:0001e98f       ?SV_FindIndex@@YAHPADHH_N@Z 0041f98f f   sv_init.obj
 0001:0001ea9c       ?SV_ModelIndex@@YAHPAD@Z   0041fa9c f   sv_init.obj
 0001:0001eab2       ?SV_SoundIndex@@YAHPAD@Z   0041fab2 f   sv_init.obj
 0001:0001eacb       ?SV_ImageIndex@@YAHPAD@Z   0041facb f   sv_init.obj
 0001:0001eae4       ?SV_CreateBaseline@@YAXXZ  0041fae4 f   sv_init.obj
 0001:0001eb42       ?SV_CheckForSavegame@@YAXXZ 0041fb42 f   sv_init.obj
 0001:0001ebca       ?SV_SpawnServer@@YAXPAD0W4server_state_t@@_N2@Z 0041fbca f   sv_init.obj
 0001:0001ee98       ?SV_InitGame@@YAXXZ        0041fe98 f   sv_init.obj
 0001:0001f0e2       ?SV_Map@@YAX_NPBD0@Z       004200e2 f   sv_init.obj
 0001:0001f2ab       ?SV_DropClient@@YAXPAUclient_t@@PAD@Z 004202ab f   sv_main.obj
 0001:0001f35c       ?SV_StatusString@@YAPADXZ  0042035c f   sv_main.obj
 0001:0001fb8f       ?SV_ConnectionlessPacket@@YAXXZ 00420b8f f   sv_main.obj
 0001:0001fc5a       ?SV_CalcPings@@YAXXZ       00420c5a f   sv_main.obj
 0001:0001fce1       ?SV_GiveMsec@@YAXXZ        00420ce1 f   sv_main.obj
 0001:0001fd20       ?SV_ReadPackets@@YAXXZ     00420d20 f   sv_main.obj
 0001:0001fe68       ?SV_CheckTimeouts@@YAXXZ   00420e68 f   sv_main.obj
 0001:0001ff79       ?SV_PostprocessFrame@@YAXXZ 00420f79 f   sv_main.obj
 0001:00020450       ?SV_MulticastHook@@YAPAVsizebuf_t@@PAV1@0@Z 00421450 f   sv_main.obj
 0001:00020841       ?SV_TraceHook@@YA?AUtrace_t@@QAM000PAUedict_s@@H@Z 00421841 f   sv_main.obj
 0001:000209b8       ?SV_Frame@@YAXM@Z          004219b8 f   sv_main.obj
 0001:00020c6c       ?SV_UserinfoChanged@@YAXPAUclient_t@@@Z 00421c6c f   sv_main.obj
 0001:00020d30       ?SV_Init@@YAXXZ            00421d30 f   sv_main.obj
 0001:00020d92       ?SV_Shutdown@@YAXPBD_N@Z   00421d92 f   sv_main.obj
 0001:00020f99       ?SV_BeginRedirect@@YAXXZ   00421f99 f   sv_send.obj
 0001:00021043       ?SV_ClientPrintf@@YAXPAUclient_t@@HPBDZZ 00422043 f   sv_send.obj
 0001:0002109e       ?SV_BroadcastPrintf@@YAXHPBDZZ 0042209e f   sv_send.obj
 0001:00021174       ?SV_BroadcastCommand@@YAXPBDZZ 00422174 f   sv_send.obj
 0001:000211c9       ?SV_Multicast@@YAXQAMW4multicast_t@@_N@Z 004221c9 f   sv_send.obj
 0001:00021407       ?SV_MulticastOld@@YAXQAMW4multicast_t@@@Z 00422407 f   sv_send.obj
 0001:0002141a       ?SV_MulticastNew@@YAXQAMW4multicast_t@@@Z 0042241a f   sv_send.obj
 0001:0002142d       ?SV_StartSound@@YAXQAMPAUedict_s@@HHMMM_N@Z 0042242d f   sv_send.obj
 0001:000216f5       ?SV_StartSoundOld@@YAXQAMPAUedict_s@@HHMMM@Z 004226f5 f   sv_send.obj
 0001:00021725       ?SV_StartSoundNew@@YAXQAMPAUedict_s@@HHMMM@Z 00422725 f   sv_send.obj
 0001:00021755       ?SV_SendClientDatagram@@YA_NPAUclient_t@@@Z 00422755 f   sv_send.obj
 0001:0002181e       ?SV_DemoCompleted@@YAXXZ   0042281e f   sv_send.obj
 0001:0002183a       ?SV_RateDrop@@YA_NPAUclient_t@@@Z 0042283a f   sv_send.obj
 0001:00021884       ?SV_SendClientMessages@@YAXXZ 00422884 f   sv_send.obj
 0001:000219c7       ?SV_TokenizeString@@YAXPBD@Z 004229c7 f   sv_tokenize.obj
 0001:00021a9e       ?SV_Argc@@YAHXZ            00422a9e f   sv_tokenize.obj
 0001:00021aa4       ?SV_Argv@@YAPADH@Z         00422aa4 f   sv_tokenize.obj
 0001:00021abe       ?SV_Args@@YAPADXZ          00422abe f   sv_tokenize.obj
 0001:0002230b       ?SV_Nextserver@@YAXXZ      0042330b f   sv_user.obj
 0001:0002239a       ?SV_ExecuteUserCommand@@YAXPAD@Z 0042339a f   sv_user.obj
 0001:0002245c       ?SV_ClientThink@@YAXPAUclient_t@@PAUusercmd_t@@@Z 0042345c f   sv_user.obj
 0001:0002249f       ?SV_ExecuteClientMessage@@YAXPAUclient_t@@@Z 0042349f f   sv_user.obj
 0001:000226bd       ?SV_ClearWorld@@YAXXZ      004236bd f   sv_world.obj
 0001:00022815       ?SV_UnlinkEdict@@YAXPAUedict_s@@@Z 00423815 f   sv_world.obj
 0001:000228d8       ?SV_LinkEdict@@YAXPAUedict_s@@@Z 004238d8 f   sv_world.obj
 0001:00022ef8       ?SV_AreaEdicts@@YAHQBM0PAPAUedict_s@@HH@Z 00423ef8 f   sv_world.obj
 0001:000230a9       ?SV_PointContents@@YAHQBM@Z 004240a9 f   sv_world.obj
 0001:000231cf       ?SV_ClipMoveToEntities@@YAXPAUtrace_t@@QBM111PAUedict_s@@H@Z 004241cf f   sv_world.obj
 0001:000235c3       ?SV_Trace@@YAXPAUtrace_t@@QBM111PAUedict_s@@H@Z 004245c3 f   sv_world.obj
 0001:0002367d       ?InitByteDirs@@YAXXZ       0042467d f   anorms.obj
 0001:000236bc       ?Cbuf_AddText@@YAXPBD@Z    004246bc f   cmd.obj
 0001:0002371e       ?Cbuf_CopyToDefer@@YAXXZ   0042471e f   cmd.obj
 0001:00023766       ?Cbuf_InsertFromDefer@@YAXXZ 00424766 f   cmd.obj
 0001:0002381f       ?Cbuf_Execute@@YAXXZ       0042481f f   cmd.obj
 0001:00023925       ?Cmd_Unalias_f@@YAX_NHPAPAD@Z 00424925 f   cmd.obj
 0001:0002399b       ?Cmd_WriteAliases@@YAXPAU_iobuf@@@Z 0042499b f   cmd.obj
 0001:000239cc       ?RegisterCommand@@YA_NPBDP6AXXZH@Z 004249cc f   cmd.obj
 0001:00023a85       ?UnregisterCommand@@YA_NPBD@Z 00424a85 f   cmd.obj
 0001:00023b16       ?Cmd_ExecuteString@@YA_NPBD@Z 00424b16 f   cmd.obj
 0001:00023f69       ?ExecuteCommand@@YA_NPBDPBUCSimpleCommand@@H@Z 00424f69 f   cmd.obj
 0001:00024030       ?Cmd_Init@@YAXXZ           00425030 f   cmd.obj
 0001:00024382       ?CM_LoadMap@@YAPAUcmodel_t@@PBD_NPAI@Z 00425382 f   cmodel.obj
 0001:00024ab3       ?SetSignbits@cplane_t@@QAEXXZ 00425ab3 f i cmodel.obj
 0001:00024ad1       ?SetType@cplane_t@@QAEXXZ  00425ad1 f i cmodel.obj
 0001:00024c8d       ?CM_InlineModel@@YAPAUcmodel_t@@PBD@Z 00425c8d f   cmodel.obj
 0001:00024cce       ?CM_NumClusters@@YAHXZ     00425cce f   cmodel.obj
 0001:00024cd4       ?CM_NumInlineModels@@YAHXZ 00425cd4 f   cmodel.obj
 0001:00024cda       ?CM_EntityString@@YAPBDXZ  00425cda f   cmodel.obj
 0001:00024ce0       ?CM_LeafContents@@YAHH@Z   00425ce0 f   cmodel.obj
 0001:00024d07       ?CM_LeafCluster@@YAHH@Z    00425d07 f   cmodel.obj
 0001:00024d7d       ?CM_LeafArea@@YAHH@Z       00425d7d f   cmodel.obj
 0001:00024f3e       ?CM_HeadnodeForBox@@YAHQAM0@Z 00425f3e f   cmodel.obj
 0001:00024ff3       ?CM_PointLeafnum@@YAHQBMH@Z 00425ff3 f   cmodel.obj
 0001:00025093       ?DistanceTo@cplane_t@@QAEMQBM@Z 00426093 f i cmodel.obj
 0001:000250d7       ?CM_PointContents@@YAHQBMH@Z 004260d7 f   cmodel.obj
 0001:0002514c       ?CM_TransformedPointContents@@YAHQBMH00@Z 0042614c f   cmodel.obj
 0001:0002522d       ?CM_TransformedPointContents@@YAHQBMH0ABUCAxis@@@Z 0042622d f   cmodel.obj
 0001:000252d8       ?CM_BoxLeafnums@@YAHQBM0PAHH1H@Z 004262d8 f   cmodel.obj
 0001:000253ec       ?BOX_ON_PLANE_SIDE@@YAHQBM0PBUcplane_t@@@Z 004263ec f i cmodel.obj
 0001:00025471       ?CM_BoxTrace@@YAXPAUtrace_t@@QBM111HH@Z 00426471 f   cmodel.obj
 0001:00025eeb       ?CM_TransformedBoxTrace@@YAXPAUtrace_t@@QBM111HH11@Z 00426eeb f   cmodel.obj
 0001:0002606b       ?CM_TransformedBoxTrace@@YAXPAUtrace_t@@QBM111HH1ABUCAxis@@@Z 0042706b f   cmodel.obj
 0001:0002612b       ?CM_BrushTrace@@YAHQBM0PAHH@Z 0042712b f   cmodel.obj
 0001:00026551       ?CM_RefineBrushTrace@@YAHQBM0PAHH@Z 00427551 f   cmodel.obj
 0001:000265f7       ?CM_ClusterPVS@@YAPAEH@Z   004275f7 f   cmodel.obj
 0001:0002673b       ?CM_ClusterPHS@@YAPAEH@Z   0042773b f   cmodel.obj
 0001:0002689e       ?CM_SetAreaPortalState@@YAXH_N@Z 0042789e f   cmodel.obj
 0001:000268c3       ?CM_AreasConnected@@YA_NHH@Z 004278c3 f   cmodel.obj
 0001:00026907       ?CM_WriteAreaBits@@YAHPAEH@Z 00427907 f   cmodel.obj
 0001:000269a9       ?CM_WritePortalState@@YAXPAU_iobuf@@@Z 004279a9 f   cmodel.obj
 0001:000269c3       ?CM_ReadPortalState@@YAXPAU_iobuf@@@Z 004279c3 f   cmodel.obj
 0001:000269e1       ?CM_HeadnodeVisible@@YA_NHPAE@Z 004279e1 f   cmodel.obj
 0001:00026abc       ?Com_BeginRedirect@@YAXPADHP6AX0@Z@Z 00427abc f   common.obj
 0001:00026ae9       ?Com_EndRedirect@@YAXXZ    00427ae9 f   common.obj
 0001:00026b08       ?Com_Printf@@YAXPBDZZ      00427b08 f   common.obj
 0001:00026d00       ?Com_DPrintf@@YAXPBDZZ     00427d00 f   common.obj
 0001:00026d79       ?DebugPrintf@@YAXPBDZZ     00427d79 f   common.obj
 0001:00026e23       ?Com_WPrintf@@YAXPBDZZ     00427e23 f   common.obj
 0001:00026e7d       ?Com_Quit@@YAXXZ           00427e7d f   common.obj
 0001:00026e9d       ?IPWildcard@@YA_NPAUnetadr_t@@PAD@Z 00427e9d f   common.obj
 0001:00026f77       ?Com_ServerState@@YA?AW4server_state_t@@XZ 00427f77 f   common.obj
 0001:00026f7d       ?Com_SetServerState@@YAXW4server_state_t@@@Z 00427f7d f   common.obj
 0001:00026f87       ?frand@@YAMXZ              00427f87 f   common.obj
 0001:00026f9f       ?crand@@YAMXZ              00427f9f f   common.obj
 0001:00026fbd       ?Info_ValueForKey@@YAPBDPBD0@Z 00427fbd f   common.obj
 0001:0002703c       ?Info_SetValueForKey@@YAXPADPBD1@Z 0042803c f   common.obj
 0001:0002719f       ?Info_Print@@YAXPBD@Z      0042819f f   common.obj
 0001:00027225       ?Com_CheckCmdlineVar@@YA_NPBD@Z 00428225 f   common.obj
 0001:0002727b       ?Com_Init@@YAXPBD@Z        0042827b f   common.obj
 0001:00027649       ?Com_Frame@@YAXM@Z         00428649 f   common.obj
 0001:00027987       ?Com_Shutdown@@YAXXZ       00428987 f   common.obj
 0001:000279a0       ?Com_BlockSequenceCRCByte@@YAEPAEHH@Z 004289a0 f   crc.obj
 0001:00027a56       ?Cvar_VariableValue@@YAMPBD@Z 00428a56 f   cvar.obj
 0001:00027ac4       ?Cvar_VariableInt@@YAHPBD@Z 00428ac4 f   cvar.obj
 0001:00027ad7       ?Cvar_VariableString@@YAPBDPBD@Z 00428ad7 f   cvar.obj
 0001:00027aef       ?Cvar_Get@@YAPAUcvar_t@@PBD0H@Z 00428aef f   cvar.obj
 0001:00027da6       ?Cvar_GetVars@@YAXPBUcvarInfo_t@@H@Z 00428da6 f   cvar.obj
 0001:00027e50       ?Cvar_FullSet@@YAPAUcvar_t@@PBD0I@Z 00428e50 f   cvar.obj
 0001:00027eaa       ?Cvar_SetValue@@YAPAUcvar_t@@PBDM@Z 00428eaa f   cvar.obj
 0001:000280d0       ?Cvar_SetInteger@@YAPAUcvar_t@@PBDH@Z 004290d0 f   cvar.obj
 0001:000280f2       ?Cvar_Set@@YAPAUcvar_t@@PBD0@Z 004290f2 f   cvar.obj
 0001:00028107       ?Cvar_ForceSet@@YAPAUcvar_t@@PBD0@Z 00429107 f   cvar.obj
 0001:0002811c       ?Cvar_Clamp@@YAMPAUcvar_t@@MM@Z 0042911c f   cvar.obj
 0001:0002817a       ?Cvar_GetLatchedVars@@YAXXZ 0042917a f   cvar.obj
 0001:000281a9       ?Cvar_Command@@YA_NHPAPAD@Z 004291a9 f   cvar.obj
 0001:00028242       ?IsDefault@cvar_t@@QAE_NXZ 00429242 f i cvar.obj
 0001:0002825f       ?Cvar_WriteVariables@@YAXPAU_iobuf@@HHPBD@Z 0042925f f   cvar.obj
 0001:000282e7       ?Cvar_Userinfo@@YAPBDXZ    004292e7 f   cvar.obj
 0001:00028342       ?Cvar_Serverinfo@@YAPBDXZ  00429342 f   cvar.obj
 0001:0002834b       ?Cvar_Cheats@@YAX_N@Z      0042934b f   cvar.obj
 0001:0002839c       ?Cvar_Init@@YAXXZ          0042939c f   cvar.obj
 0001:00028a5b       ?MSG_WriteDeltaEntity@@YAXPAVsizebuf_t@@PBUentity_state_t@@PAU2@_N3@Z 00429a5b f   entdelta.obj
 0001:00028ffe       ?MSG_WriteRemoveEntity@@YAXPAVsizebuf_t@@H@Z 00429ffe f   entdelta.obj
 0001:0002903e       ?MSG_ReadEntityBits@@YAHPAVsizebuf_t@@PAIPA_N@Z 0042a03e f   entdelta.obj
 0001:000290af       ?MSG_ReadDeltaEntity@@YAXPAVsizebuf_t@@PBUentity_state_t@@PAU2@I@Z 0042a0af f   entdelta.obj
 0001:00029132       ?MSG_WriteDeltaUsercmd@@YAXPAVsizebuf_t@@PBUusercmd_t@@PAU2@@Z 0042a132 f   entdelta.obj
 0001:000291c1       ?MSG_ReadDeltaUsercmd@@YAXPAVsizebuf_t@@PBUusercmd_t@@PAU2@@Z 0042a1c1 f   entdelta.obj
 0001:00029244       ?MSG_WriteDeltaPlayerstate@@YAXPAVsizebuf_t@@PBUplayer_state_t@@PAU2@@Z 0042a244 f   entdelta.obj
 0001:0002934d       ?MSG_ReadDeltaPlayerstate@@YAXPAVsizebuf_t@@PBUplayer_state_t@@PAU2@@Z 0042a34d f   entdelta.obj
 0001:00029421       ?FS_CreatePath@@YAXPBD@Z   0042a421 f   files.obj
 0001:00029487       ?FS_CopyFile@@YAXPBD0@Z    0042a487 f   files.obj
 0001:0002958a       ?FS_CopyFiles@@YAXPBD0@Z   0042a58a f   files.obj
 0001:00029663       ?FS_RemoveFiles@@YAXPBD@Z  0042a663 f   files.obj
 0001:000296d7       ?FS_FCloseFile@@YAXPAVQFILE@@@Z 0042a6d7 f   files.obj
 0001:00029772       ?FS_FOpenFile@@YAPAVQFILE@@PBDPAH@Z 0042a772 f   files.obj
 0001:00029c7e       ?FS_FileExists@@YA_NPBD@Z  0042ac7e f   files.obj
 0001:00029e97       ?FS_Read@@YAXPAXHPAVQFILE@@@Z 0042ae97 f   files.obj
 0001:0002a0f9       ?FS_LoadFile@@YAPAXPBDPAI@Z 0042b0f9 f   files.obj
 0001:0002a14f       ?FS_FreeFile@@YAXPAX@Z     0042b14f f   files.obj
 0001:0002a15a       ?FS_Gamedir@@YAPADXZ       0042b15a f   files.obj
 0001:0002a16e       ?FS_LoadGameConfig@@YAXXZ  0042b16e f   files.obj
 0001:0002a233       ?FS_SetGamedir@@YA_NPBD@Z  0042b233 f   files.obj
 0001:0002a91e       ?FS_ListFiles@@YA?AV?$TList@VCStringItem@@@@PBDH@Z 0042b91e f   files.obj
 0001:0002ac26       ?FS_NextPath@@YAPADPBD@Z   0042bc26 f   files.obj
 0001:0002ac4a       ?FS_InitFilesystem@@YAXXZ  0042bc4a f   files.obj
 0001:0002b5f6       ?LoadPCX@@YAXPBDPAPAE1PAH2@Z 0042c5f6 f   images.obj
 0001:0002b740       ?LoadTGA@@YAXPBDPAPAEPAH2@Z 0042c740 f   images.obj
 0001:0002b93b       ?LoadJPG@@YAXPBDPAPAEPAH2@Z 0042c93b f   images.obj
 0001:0002bbc7       ?ImageExists@@YAHPBDH@Z    0042cbc7 f   images.obj
 0001:0002bcc5       ?WriteTGA@@YA_NPBDPAEHH@Z  0042ccc5 f   images.obj
 0001:0002beaf       ?WriteJPG@@YA_NPBDPAEHH_N@Z 0042ceaf f   images.obj
 0001:0002bfd6       ?MD4Init@@YAXPAUMD4_CTX@@@Z 0042cfd6 f   md4.obj
 0001:0002bffe       ?MD4Update@@YAXPAUMD4_CTX@@PAEI@Z 0042cffe f   md4.obj
 0001:0002c09c       ?MD4Final@@YAXQAEPAUMD4_CTX@@@Z 0042d09c f   md4.obj
 0001:0002c78d       ?Com_BlockChecksum@@YAIPAXH@Z 0042d78d f   md4.obj
 0001:0002c7c9       ?LoadQ2BspFile@@YAXXZ      0042d7c9 f   model.obj
 0001:0002cba1       ?LoadBspFile@@YAPAUbspfile_t@@PBD_NPAI@Z 0042dba1 f   model.obj
 0001:0002cd4f       ?ProcessEntstring@@YAPADPAD@Z 0042dd4f f   model.obj
 0001:0002dbf8       ?Init@sizebuf_t@@QAEXPAXH@Z 0042ebf8 f   msg.obj
 0001:0002dc13       ?Write@sizebuf_t@@QAEXPBXH@Z 0042ec13 f   msg.obj
 0001:0002dc83       ?MSG_WriteByte@@YAXPAVsizebuf_t@@H@Z 0042ec83 f   msg.obj
 0001:0002dc83       ?MSG_WriteChar@@YAXPAVsizebuf_t@@H@Z 0042ec83 f   msg.obj
 0001:0002dc94       ?MSG_WriteShort@@YAXPAVsizebuf_t@@H@Z 0042ec94 f   msg.obj
 0001:0002dca5       ?MSG_WriteFloat@@YAXPAVsizebuf_t@@M@Z 0042eca5 f   msg.obj
 0001:0002dca5       ?MSG_WriteLong@@YAXPAVsizebuf_t@@H@Z 0042eca5 f   msg.obj
 0001:0002dcb6       ?MSG_WriteString@@YAXPAVsizebuf_t@@PBD@Z 0042ecb6 f   msg.obj
 0001:0002dce0       ?MSG_WritePos@@YAXPAVsizebuf_t@@QAM@Z 0042ece0 f   msg.obj
 0001:0002dd44       ?MSG_WriteAngle@@YAXPAVsizebuf_t@@M@Z 0042ed44 f   msg.obj
 0001:0002dd6f       ?MSG_WriteAngle16@@YAXPAVsizebuf_t@@M@Z 0042ed6f f   msg.obj
 0001:0002dd9a       ?MSG_WriteDir@@YAXPAVsizebuf_t@@QAM@Z 0042ed9a f   msg.obj
 0001:0002de01       ?MSG_ReadDir@@YAXPAVsizebuf_t@@QAM@Z 0042ee01 f   msg.obj
 0001:0002de32       ?MSG_ReadChar@@YAHPAVsizebuf_t@@@Z 0042ee32 f   msg.obj
 0001:0002de52       ?MSG_ReadByte@@YAHPAVsizebuf_t@@@Z 0042ee52 f   msg.obj
 0001:0002de72       ?MSG_ReadShort@@YAHPAVsizebuf_t@@@Z 0042ee72 f   msg.obj
 0001:0002de92       ?MSG_ReadLong@@YAHPAVsizebuf_t@@@Z 0042ee92 f   msg.obj
 0001:0002deb1       ?MSG_ReadString@@YAPADPAVsizebuf_t@@@Z 0042eeb1 f   msg.obj
 0001:0002dee4       ?MSG_ReadPos@@YAXPAVsizebuf_t@@QAM@Z 0042eee4 f   msg.obj
 0001:0002df36       ?MSG_ReadAngle@@YAMPAVsizebuf_t@@@Z 0042ef36 f   msg.obj
 0001:0002df50       ?MSG_ReadAngle16@@YAMPAVsizebuf_t@@@Z 0042ef50 f   msg.obj
 0001:0002df6a       ?MSG_ReadData@@YAXPAVsizebuf_t@@PAXH@Z 0042ef6a f   msg.obj
 0001:0002df8d       ?Netchan_Init@@YAXXZ       0042ef8d f   net_chan.obj
 0001:0002e001       ?Netchan_OutOfBandPrint@@YAXW4netsrc_t@@Unetadr_t@@PBDZZ 0042f001 f   net_chan.obj
 0001:0002e088       ?Setup@netchan_t@@QAEXW4netsrc_t@@Unetadr_t@@H@Z 0042f088 f   net_chan.obj
 0001:0002e0e0       ?NeedReliable@netchan_t@@QAE_NXZ 0042f0e0 f   net_chan.obj
 0001:0002e105       ?Transmit@netchan_t@@QAEXPAXH@Z 0042f105 f   net_chan.obj
 0001:0002e2a2       ?Process@netchan_t@@QAE_NPAVsizebuf_t@@@Z 0042f2a2 f   net_chan.obj
 0001:0002e3d0       ?Pmove@@YAXPAUpmove_t@@@Z  0042f3d0 f   pmove.obj
 0001:00030143       ?NormalizeColor@@YAMQBMQAM@Z 00431143 f   q_shared2.obj
 0001:0003019d       ?NormalizeColor255@@YAMQBMQAM@Z 0043119d f   q_shared2.obj
 0001:000301fb       ?Q_rsqrt@@YAMM@Z           004311fb f   q_shared2.obj
 0001:0003022b       ?AngleVectors@@YAXQBMQAM11@Z 0043122b f   q_shared2.obj
 0001:0003038c       ?MakeNormalVectors@@YAXQAM00@Z 0043138c f   q_shared2.obj
 0001:000303f3       ?VectorNormalize@@YAMQAM@Z 004313f3 f   q_shared2.obj
 0001:00030447       ?VectorNormalize@@YAMQBMQAM@Z 00431447 f   q_shared2.obj
 0001:0003049f       ?VectorNormalizeFast@@YAMQAM@Z 0043149f f   q_shared2.obj
 0001:000304f0       ?CrossProduct@@YAXQBM0QAM@Z 004314f0 f   q_shared2.obj
 0001:0003052b       ?VectorLength@@YAMQBM@Z    0043152b f   q_shared2.obj
 0001:0003055a       ?VectorDistance@@YAMQBM0@Z 0043155a f   q_shared2.obj
 0001:0003058b       ?LerpAngle@@YAMMMM@Z       0043158b f   q_shared2.obj
 0001:000305ce       ?anglemod@@YAMM@Z          004315ce f   q_shared2.obj
 0001:000305fa       ?BoxOnPlaneSide@@YAHQBM0PBUcplane_t@@@Z 004315fa f   q_shared2.obj
 0001:0003071d       ?Clear@CBox@@QAEXXZ        0043171d f   q_shared2.obj
 0001:0003073b       ?Expand@CBox@@QAEXQBM@Z    0043173b f   q_shared2.obj
 0001:0003076a       ?Expand@CBox@@QAEXABU1@@Z  0043176a f   q_shared2.obj
 0001:000307a6       ?GetCenter@CBox@@QAEXQAM@Z 004317a6 f   q_shared2.obj
 0001:000307c6       ?FromAngles@CAxis@@QAEXQBM@Z 004317c6 f   q_shared2.obj
 0001:00030805       ?TransformVector@CAxis@@QBEXQBMQAM@Z 00431805 f   q_shared2.obj
 0001:00030856       ?UnTransformVector@CAxis@@QBEXQBMQAM@Z 00431856 f   q_shared2.obj
 0001:000308ba       ?TransformPoint@CCoords@@QBEXQBMQAM@Z 004318ba f   q_shared2.obj
 0001:00030918       ?UnTransformPoint@CCoords@@QBEXQBMQAM@Z 00431918 f   q_shared2.obj
 0001:00030985       ?TransformPlane@CCoords@@QBEXABUcplane_t@@AAU2@@Z 00431985 f   q_shared2.obj
 0001:000309bd       ?TransformPoint@@YAXQBMABUCAxis@@0QAM@Z 004319bd f   q_shared2.obj
 0001:00030a20       ?UnTransformPoint@@YAXQBMABUCAxis@@0QAM@Z 00431a20 f   q_shared2.obj
 0001:00030a90       ?ShortSwap@@YAFF@Z         00431a90 f   q_shared2.obj
 0001:00030aa5       ?COM_Parse@@YAPADAAPBD_N@Z 00431aa5 f   q_shared2.obj
 0001:00030bc9       ?COM_QuoteString@@YAPBDPBD_N@Z 00431bc9 f   q_shared2.obj
 0001:00030c24       ?Com_PageInMemory@@YAXPAXH@Z 00431c24 f   q_shared2.obj
 0001:00030c43       ?Zip_OpenArchive@@YAPAU_iobuf@@PBD@Z 00431c43 f   zip.obj
 0001:00030cae       ?Zip_CloseArchive@@YAXPAU_iobuf@@@Z 00431cae f   zip.obj
 0001:00030cba       ?Zip_EnumArchive@@YA_NPAU_iobuf@@P6A_NPAUzipFile_t@@@Z@Z 00431cba f   zip.obj
 0001:00030e97       ?Zip_OpenFile@@YAPAUZFILE@@PAU_iobuf@@PAUzipFile_t@@@Z 00431e97 f   zip.obj
 0001:00030f7b       ?Zip_ReadFile@@YAHPAUZFILE@@PAXH@Z 00431f7b f   zip.obj
 0001:00031071       ?Zip_CloseFile@@YA_NPAUZFILE@@@Z 00432071 f   zip.obj
 0001:000310b5       ?Zip_OpenBuf@@YAPAUZBUF@@PAXH@Z 004320b5 f   zip.obj
 0001:000310f3       ?Zip_ReadBuf@@YAHPAUZBUF@@PAXH@Z 004320f3 f   zip.obj
 0001:0003113b       ?Zip_CloseBuf@@YAXPAUZBUF@@@Z 0043213b f   zip.obj
 0001:00031150       _zcalloc                   00432150 f   zip.obj
 0001:00031164       _zcfree                    00432164 f   zip.obj
 0001:0003116f       ?CDAudio_Play2@@YAXH_N@Z   0043216f f   cd_win.obj
 0001:0003134e       ?CDAudio_Play@@YAXH_N@Z    0043234e f   cd_win.obj
 0001:00031365       ?CDAudio_Stop@@YAXXZ       00432365 f   cd_win.obj
 0001:000313aa       ?CDAudio_Pause@@YAXXZ      004323aa f   cd_win.obj
 0001:00031403       ?CDAudio_Resume@@YAXXZ     00432403 f   cd_win.obj
 0001:00031472       ?CDAudio_Update@@YAXXZ     00432472 f   cd_win.obj
 0001:000314a6       ?CDAudio_Init@@YAHXZ       004324a6 f   cd_win.obj
 0001:00031908       ?CDAudio_Shutdown@@YAXXZ   00432908 f   cd_win.obj
 0001:0003193b       ?CDAudio_Activate@@YAX_N@Z 0043293b f   cd_win.obj
 0001:0003194c       ?IN_Commands@@YAXXZ        0043294c f   in_win.obj
 0001:00031a74       ?IN_Init@@YAXXZ            00432a74 f   in_win.obj
 0001:00031d6b       ?IN_Shutdown@@YAXXZ        00432d6b f   in_win.obj
 0001:00031f45       ?IN_Move@@YAXPAUusercmd_t@@@Z 00432f45 f   in_win.obj
 0001:00032522       ?IN_Activate@@YAX_N@Z      00433522 f   in_win.obj
 0001:0003252c       ?IN_Frame@@YAXXZ           0043352c f   in_win.obj
 0001:00032894       ?NetadrToSockadr@@YAXPAUnetadr_t@@PAUsockaddr@@@Z 00433894 f   net_wins.obj
 0001:00032919       ?SockadrToNetadr@@YAXPAUsockaddr@@PAUnetadr_t@@@Z 00433919 f   net_wins.obj
 0001:00032969       ?NET_CompareAdr@@YA_NPAUnetadr_t@@0@Z 00433969 f   net_wins.obj
 0001:000329bf       ?NET_CompareBaseAdr@@YA_NPAUnetadr_t@@0@Z 004339bf f   net_wins.obj
 0001:00032a0a       ?NET_AdrToString@@YAPADPAUnetadr_t@@@Z 00433a0a f   net_wins.obj
 0001:00032ac3       ?NET_StringToAdr@@YA_NPBDPAUnetadr_t@@@Z 00433ac3 f   net_wins.obj
 0001:00032d4d       ?NET_IsLocalAddress@@YA_NPAUnetadr_t@@@Z 00433d4d f   net_wins.obj
 0001:00032d59       ?NET_GetLoopPacket@@YA_NW4netsrc_t@@PAUnetadr_t@@PAVsizebuf_t@@@Z 00433d59 f   net_wins.obj
 0001:00032de4       ?NET_SendLoopPacket@@YAXW4netsrc_t@@HPAXUnetadr_t@@@Z 00433de4 f   net_wins.obj
 0001:00032e39       ?NET_GetPacket@@YA_NW4netsrc_t@@PAUnetadr_t@@PAVsizebuf_t@@@Z 00433e39 f   net_wins.obj
 0001:00032f56       ?NET_SendPacket@@YAXW4netsrc_t@@HPAXUnetadr_t@@@Z 00433f56 f   net_wins.obj
 0001:00033027       ?NET_Config@@YAX_N@Z       00434027 f   net_wins.obj
 0001:0003339c       ?NET_Init@@YAXXZ           0043439c f   net_wins.obj
 0001:00033456       ?Sys_Mkdir@@YAXPAD@Z       00434456 f   fs_win.obj
 0001:00033462       ?Sys_FindFirst@@YAPBDPBDH@Z 00434462 f   fs_win.obj
 0001:0003351c       ?Sys_FindNext@@YAPBDXZ     0043451c f   fs_win.obj
 0001:00033586       ?Sys_FindClose@@YAXXZ      00434586 f   fs_win.obj
 0001:000335a0       ?Sys_FileExists@@YA_NPBDH@Z 004345a0 f   fs_win.obj
 0001:000335be       ?SNDDMA_Init@@YA_NXZ       004345be f   snd_win.obj
 0001:00033bfd       ?SNDDMA_GetDMAPos@@YAHXZ   00434bfd f   snd_win.obj
 0001:00033c47       ?SNDDMA_BeginPainting@@YAXXZ 00434c47 f   snd_win.obj
 0001:00033d5f       ?SNDDMA_Submit@@YAXXZ      00434d5f f   snd_win.obj
 0001:00033d84       ?SNDDMA_Shutdown@@YAXXZ    00434d84 f   snd_win.obj
 0001:00033d89       ?S_Activate@@YAX_N@Z       00434d89 f   snd_win.obj
 0001:00033db4       ?Sys_Quit@@YAXXZ           00434db4 f   sys_win.obj
 0001:00033e6c       ?Sys_Init@@YAXXZ           00434e6c f   sys_win.obj
 0001:00033ee4       ?Sys_ConsoleInput@@YAPADXZ 00434ee4 f   sys_win.obj
 0001:0003419f       ?Sys_ConsoleOutput@@YAXPBD@Z 0043519f f   sys_win.obj
 0001:0003422c       ?Sys_SendKeyEvents@@YAXXZ  0043522c f   sys_win.obj
 0001:000342e4       ?Sys_UnloadGame@@YAXXZ     004352e4 f   sys_win.obj
 0001:0003435f       ?Sys_GetGameAPI@@YAPAXPAX@Z 0043535f f   sys_win.obj
 0001:000344b6       _WinMain@16                004354b6 f   sys_win.obj
 0001:0003473c       ?AddMsgHook@@YAXP6A_NIIJ@Z@Z 0043573c f   vid_dll.obj
 0001:00034780       ?RemoveMsgHook@@YAXP6A_NIIJ@Z@Z 00435780 f   vid_dll.obj
 0001:000347af       ?Vid_CreateWindow@@YAPAXHH_N@Z 004357af f   vid_dll.obj
 0001:00034eb3       ?Vid_DestroyWindow@@YAX_N@Z 00435eb3 f   vid_dll.obj
 0001:00034eee       ?Vid_Restart@@YAXXZ        00435eee f   vid_dll.obj
 0001:00034ef6       ?Vid_GetModeInfo@@YA_NPAH0H@Z 00435ef6 f   vid_dll.obj
 0001:00034f26       ?Vid_Tick@@YAXXZ           00435f26 f   vid_dll.obj
 0001:000350d6       ?Vid_Init@@YAXXZ           004360d6 f   vid_dll.obj
 0001:000351a7       ?Vid_Shutdown@@YAXXZ       004361a7 f   vid_dll.obj
 0001:000351c6       ?Tesselate@surfacePlanar_t@OpenGLDrv@@UAEXXZ 004361c6 f   gl_backend.obj
 0001:00036ddf       ?Tesselate@surfacePoly_t@OpenGLDrv@@UAEXXZ 00437ddf f   gl_backend.obj
 0001:00036eda       ?Tesselate@surfaceMd3_t@OpenGLDrv@@UAEXXZ 00437eda f   gl_backend.obj
 0001:0003748f       ?Tesselate@surfaceEntity_t@OpenGLDrv@@UAEXXZ 0043848f f   gl_backend.obj
 0001:00037589       ?Tesselate@surfaceParticle_t@OpenGLDrv@@UAEXXZ 00438589 f   gl_backend.obj
 0001:000377cb       ?BK_DrawScene@OpenGLDrv@@YAXXZ 004387cb f   gl_backend.obj
 0001:0003826c       ?BK_DrawPic@OpenGLDrv@@YAXPAVshader_t@1@HHHHMMMMIE@Z 0043926c f   gl_backend.obj
 0001:00038444       ?BK_DrawText@OpenGLDrv@@YAXPBDHHHHHI@Z 00439444 f   gl_backend.obj
 0001:0003862f       ?BK_BeginFrame@OpenGLDrv@@YAXXZ 0043962f f   gl_backend.obj
 0001:000386c8       ?BK_EndFrame@OpenGLDrv@@YAXXZ 004396c8 f   gl_backend.obj
 0001:00038707       ?BK_Init@OpenGLDrv@@YAXXZ  00439707 f   gl_backend.obj
 0001:00038736       ?BK_Shutdown@OpenGLDrv@@YAXXZ 00439736 f   gl_backend.obj
 0001:0003874e       ?AllocDynamicMemory@OpenGLDrv@@YAPAXH@Z 0043974e f   gl_buffers.obj
 0001:000387b9       ?ResizeDynamicMemory@OpenGLDrv@@YAXPAXH@Z 004397b9 f   gl_buffers.obj
 0001:000387fb       ?AddSurfaceToPortal@OpenGLDrv@@YAXPAVsurfaceBase_t@1@PAVshader_t@1@HH@Z 004397fb f   gl_buffers.obj
 0001:00038864       ?InsertShaderIndex@OpenGLDrv@@YAXH@Z 00439864 f   gl_buffers.obj
 0001:0003889d       ?ClearPortal@OpenGLDrv@@YAXXZ 0043989d f   gl_buffers.obj
 0001:000388bb       ?SortSurfaces@OpenGLDrv@@YAXPAUviewPortal_t@1@PAPAUsurfaceInfo_t@1@@Z 004398bb f   gl_buffers.obj
 0001:00038a4d       ?ClearBuffers@OpenGLDrv@@YAXXZ 00439a4d f   gl_buffers.obj
 0001:00038a64       ?CreateBuffers@OpenGLDrv@@YAXXZ 00439a64 f   gl_buffers.obj
 0001:00038a8a       ?FreeBuffers@OpenGLDrv@@YAXXZ 00439a8a f   gl_buffers.obj
 0001:00038aae       ?InitEntity@model_t@OpenGLDrv@@UAEXPAUentity_t@@PAUrefEntity_t@2@@Z 00439aae f   gl_frontend.obj
 0001:00038ac6       ?AddSurfaces@model_t@OpenGLDrv@@UAEXPAUrefEntity_t@2@@Z 00439ac6 f   gl_frontend.obj
 0001:00038af4       ?GetLeaf@model_t@OpenGLDrv@@UAEPAUnode_t@2@PAUrefEntity_t@2@@Z 00439af4 f   gl_frontend.obj
 0001:00038b05       ?DrawLabel@model_t@OpenGLDrv@@UAEXPAUrefEntity_t@2@@Z 00439b05 f   gl_frontend.obj
 0001:00038b08       ?InitEntity@inlineModel_t@OpenGLDrv@@UAEXPAUentity_t@@PAUrefEntity_t@2@@Z 00439b08 f   gl_frontend.obj
 0001:00038b58       ?AddSurfaces@inlineModel_t@OpenGLDrv@@UAEXPAUrefEntity_t@2@@Z 00439b58 f   gl_frontend.obj
 0001:00039026       ?GetLeaf@inlineModel_t@OpenGLDrv@@UAEPAUnode_t@2@PAUrefEntity_t@2@@Z 0043a026 f   gl_frontend.obj
 0001:000391cb       ?DrawLabel@inlineModel_t@OpenGLDrv@@UAEXPAUrefEntity_t@2@@Z 0043a1cb f   gl_frontend.obj
 0001:00039211       ?InitEntity@md3Model_t@OpenGLDrv@@UAEXPAUentity_t@@PAUrefEntity_t@2@@Z 0043a211 f   gl_frontend.obj
 0001:00039400       ?AddSurfaces@md3Model_t@OpenGLDrv@@UAEXPAUrefEntity_t@2@@Z 0043a400 f   gl_frontend.obj
 0001:00039466       ?GetLeaf@md3Model_t@OpenGLDrv@@UAEPAUnode_t@2@PAUrefEntity_t@2@@Z 0043a466 f   gl_frontend.obj
 0001:0003949e       ?DrawLabel@md3Model_t@OpenGLDrv@@UAEXPAUrefEntity_t@2@@Z 0043a49e f   gl_frontend.obj
 0001:000394f9       ?InitEntity@sp2Model_t@OpenGLDrv@@UAEXPAUentity_t@@PAUrefEntity_t@2@@Z 0043a4f9 f   gl_frontend.obj
 0001:00039513       ?AddSurfaces@sp2Model_t@OpenGLDrv@@UAEXPAUrefEntity_t@2@@Z 0043a513 f   gl_frontend.obj
 0001:0003969a       ?GetLeaf@sp2Model_t@OpenGLDrv@@UAEPAUnode_t@2@PAUrefEntity_t@2@@Z 0043a69a f   gl_frontend.obj
 0001:00039779       ?AddEntity@OpenGLDrv@@YAXPAUentity_t@@@Z 0043a779 f   gl_frontend.obj
 0001:00039948       ?AddDlight@OpenGLDrv@@YAXPAUdlight_t@@@Z 0043a948 f   gl_frontend.obj
 0001:00039b00       ?DrawPortal@OpenGLDrv@@YAXXZ 0043ab00 f   gl_frontend.obj
 0001:00039caf       ?VectorNegate@@YAXQAM@Z    0043acaf f i gl_frontend.obj
 0001:0003ba61       ?GL_TextureMode@OpenGLDrv@@YAXPBD@Z 0043ca61 f   gl_image.obj
 0001:0003bb09       ?CreateImage@OpenGLDrv@@YAPAVimage_t@1@PBDPAXHHI@Z 0043cb09 f   gl_image.obj
 0001:0003c87a       ?LoadDelayedImages@OpenGLDrv@@YAXXZ 0043d87a f   gl_image.obj
 0001:0003c90d       ?DrawStretchRaw8@OpenGLDrv@@YAXHHHHHHPAEPAI@Z 0043d90d f   gl_image.obj
 0001:0003ccce       ?SetupGamma@OpenGLDrv@@YAXXZ 0043dcce f   gl_image.obj
 0001:0003ce14       ?PerformScreenshot@OpenGLDrv@@YAXXZ 0043de14 f   gl_image.obj
 0001:0003d0a1       ?InitImages@OpenGLDrv@@YAXXZ 0043e0a1 f   gl_image.obj
 0001:0003d872       ?ShutdownImages@OpenGLDrv@@YAXXZ 0043e872 f   gl_image.obj
 0001:0003d8d9       ?ShowImages@OpenGLDrv@@YAXXZ 0043e8d9 f   gl_image.obj
 0001:0003db61       ?FindImage@OpenGLDrv@@YAPAVimage_t@1@PBDI@Z 0043eb61 f   gl_image.obj
 0001:0003de01       ?GL_Lock@OpenGLDrv@@YAXXZ  0043ee01 f   gl_interface.obj
 0001:0003de79       ?GL_Unlock@OpenGLDrv@@YAXXZ 0043ee79 f   gl_interface.obj
 0001:0003e03b       ?GL_Bind@OpenGLDrv@@YAXPAVimage_t@1@@Z 0043f03b f   gl_interface.obj
 0001:0003e165       ?GL_BindForce@OpenGLDrv@@YAXPAVimage_t@1@@Z 0043f165 f   gl_interface.obj
 0001:0003e1e3       ?GL_TexEnv@OpenGLDrv@@YAXI@Z 0043f1e3 f   gl_interface.obj
 0001:0003e362       ?GL_TexMipBias@OpenGLDrv@@YAXM@Z 0043f362 f   gl_interface.obj
 0001:0003e3bd       ?GL_TexEnvColor@OpenGLDrv@@YAXPATcolor_t@@@Z 0043f3bd f   gl_interface.obj
 0001:0003e46d       ?GL_SelectTexture@OpenGLDrv@@YAXH@Z 0043f46d f   gl_interface.obj
 0001:0003e4ce       ?GL_TexCoordPointer@OpenGLDrv@@YAXPAX@Z 0043f4ce f   gl_interface.obj
 0001:0003e4fe       ?GL_SetMultitexture@OpenGLDrv@@YAXH@Z 0043f4fe f   gl_interface.obj
 0001:0003e5e4       ?GL_DisableTexCoordArrays@OpenGLDrv@@YAXXZ 0043f5e4 f   gl_interface.obj
 0001:0003e638       ?GL_CullFace@OpenGLDrv@@YAXW4gl_cullMode_t@1@@Z 0043f638 f   gl_interface.obj
 0001:0003e689       ?GL_DepthRange@OpenGLDrv@@YAXW4gl_depthMode_t@1@@Z 0043f689 f   gl_interface.obj
 0001:0003e6bc       ?GL_State@OpenGLDrv@@YAXI@Z 0043f6bc f   gl_interface.obj
 0001:0003e811       ?GL_EnableFog@OpenGLDrv@@YAX_N@Z 0043f811 f   gl_interface.obj
 0001:0003e909       ?GL_SetDefaultState@OpenGLDrv@@YAXXZ 0043f909 f   gl_interface.obj
 0001:0003ea57       ?GL_Set2DMode@OpenGLDrv@@YAXXZ 0043fa57 f   gl_interface.obj
 0001:0003eb52       ?GL_Set3DMode@OpenGLDrv@@YAXPAUviewPortal_t@1@@Z 0043fb52 f   gl_interface.obj
 0001:0003ec3a       ?ShowLights@OpenGLDrv@@YAXXZ 0043fc3a f   gl_light.obj
 0001:0003f023       ?LightForEntity@OpenGLDrv@@YAXPAUrefEntity_t@1@@Z 00440023 f   gl_light.obj
 0001:00040296       ?DiffuseLight@OpenGLDrv@@YAXPATcolor_t@@M@Z 00441296 f   gl_light.obj
 0001:00040406       ?InitLightGrid@OpenGLDrv@@YAXXZ 00441406 f   gl_light.obj
 0001:000404ac       ?PostLoadLights@OpenGLDrv@@YAXXZ 004414ac f   gl_light.obj
 0001:0004073c       ?LM_Init@OpenGLDrv@@YAXXZ  0044173c f   gl_lightmap.obj
 0001:00040752       ?LM_Flush@OpenGLDrv@@YAXPAUlightmapBlock_t@1@@Z 00441752 f   gl_lightmap.obj
 0001:000407af       ?LM_Done@OpenGLDrv@@YAXXZ  004417af f   gl_lightmap.obj
 0001:000407d6       ?LM_Save@OpenGLDrv@@YAXPAUlightmapBlock_t@1@@Z 004417d6 f   gl_lightmap.obj
 0001:000407ee       ?LM_Restore@OpenGLDrv@@YAXPAUlightmapBlock_t@1@@Z 004417ee f   gl_lightmap.obj
 0001:00040806       ?LM_NewBlock@OpenGLDrv@@YAPAUlightmapBlock_t@1@XZ 00441806 f   gl_lightmap.obj
 0001:00040876       ?LM_Rewind@OpenGLDrv@@YAXXZ 00441876 f   gl_lightmap.obj
 0001:0004087e       ?LM_NextBlock@OpenGLDrv@@YAPAUlightmapBlock_t@1@XZ 0044187e f   gl_lightmap.obj
 0001:000408ab       ?LM_CheckMinlight@OpenGLDrv@@YAXPAUdynamicLightmap_t@1@@Z 004418ab f   gl_lightmap.obj
 0001:00040941       ?LM_AllocBlock@OpenGLDrv@@YA_NPAUlightmapBlock_t@1@PAUdynamicLightmap_t@1@@Z 00441941 f   gl_lightmap.obj
 0001:000409f8       ?LM_PutBlock@OpenGLDrv@@YAXPAUdynamicLightmap_t@1@@Z 004419f8 f   gl_lightmap.obj
 0001:00040e25       ?LM_SortLightStyles@OpenGLDrv@@YAXPAUdynamicLightmap_t@1@@Z 00441e25 f   gl_lightmap.obj
 0001:00040eb6       ?UpdateDynamicLightmap@OpenGLDrv@@YAXPAVsurfacePlanar_t@1@_NI@Z 00441eb6 f   gl_lightmap.obj
 0001:000413b8       ?LM_IsMonotone@OpenGLDrv@@YA_NPAUdynamicLightmap_t@1@PATcolor_t@@@Z 004423b8 f   gl_lightmap.obj
 0001:000414bf       ?Init@OpenGLDrv@@YA_NXZ    004424bf f   gl_main.obj
 0001:00041b25       ?Shutdown@OpenGLDrv@@YAX_N@Z 00442b25 f   gl_main.obj
 0001:00041bae       ?GL_EnableRendering@OpenGLDrv@@YAX_N@Z 00442bae f   gl_main.obj
 0001:00041bc9       ?BeginFrame@OpenGLDrv@@YAXXZ 00442bc9 f   gl_main.obj
 0001:00041ce3       ?EndFrame@OpenGLDrv@@YAXXZ 00442ce3 f   gl_main.obj
 0001:00041cfb       ?RenderFrame@OpenGLDrv@@YAXPAUrefdef_t@@@Z 00442cfb f   gl_main.obj
 0001:00042525       ?Fill8@OpenGLDrv@@YAXHHHHH@Z 00443525 f   gl_main.obj
 0001:00042568       ?Fill@OpenGLDrv@@YAXHHHHI@Z 00443568 f   gl_main.obj
 0001:000425a4       ?TileClear@OpenGLDrv@@YAXHHHHPBD@Z 004435a4 f   gl_main.obj
 0001:0004265b       ?DrawStretchPic@OpenGLDrv@@YAXHHHHPBD@Z 0044365b f   gl_main.obj
 0001:000426d8       ?DrawDetailedPic@OpenGLDrv@@YAXHHHHPBD@Z 004436d8 f   gl_main.obj
 0001:0004277f       ?DrawPic@OpenGLDrv@@YAXHHPBDHH@Z 0044377f f   gl_main.obj
 0001:00042804       ?BeginRegistration@OpenGLDrv@@YAXPBD@Z 00443804 f   gl_main.obj
 0001:00042828       __setargv                  00443828 f   gl_main.obj
 0001:00042828       _jpeg_mem_term             00443828 f   gl_main.obj
 0001:00042828       ?EndRegistration@OpenGLDrv@@YAXXZ 00443828 f   gl_main.obj
 0001:00042829       ?RegisterPic@OpenGLDrv@@YAPAVCBasicImage@@PBD@Z 00443829 f   gl_main.obj
 0001:00042837       ?RegisterSkin@OpenGLDrv@@YAPAVCBasicImage@@PBD@Z 00443837 f   gl_main.obj
 0001:00042842       ?RegisterModel@OpenGLDrv@@YAPAVCRenderModel@@PBD@Z 00443842 f   gl_main.obj
 0001:00042856       ?SetSky@OpenGLDrv@@YAXPBDMQAM@Z 00443856 f   gl_main.obj
 0001:000428fc       ?Screenshot@OpenGLDrv@@YAXHPBD@Z 004438fc f   gl_main.obj
 0001:0004291f       ?GetClientLight@OpenGLDrv@@YAMXZ 0044391f f   gl_main.obj
 0001:00042926       ?GetCaps@OpenGLDrv@@YAIXZ  00443926 f   gl_main.obj
 0001:0004292c       ?InitFuncTables@OpenGLDrv@@YAXXZ 0044392c f   gl_math.obj
 0001:00042add       ?BuildRotationMatrix@OpenGLDrv@@YAXQAY02MQAMM@Z 00443add f   gl_math.obj
 0001:00042bd7       ?GetBoxRect@OpenGLDrv@@YA_NPAUrefEntity_t@1@QAM11_N@Z 00443bd7 f   gl_math.obj
 0001:00042ee1       ?ProjectToScreen@OpenGLDrv@@YA_NQAMPAH@Z 00443ee1 f   gl_math.obj
 0001:00043024       ?SaturateColor3f@OpenGLDrv@@YAXQAM@Z 00444024 f   gl_math.obj
 0001:00043114       ?SaturateColor4b@OpenGLDrv@@YAXPATcolor_t@@@Z 00444114 f   gl_math.obj
 0001:00043222       ?FindModel@OpenGLDrv@@YAPAVmodel_t@1@PBD@Z 00444222 f   gl_model.obj
 0001:00043370       ?LoadWorldMap@OpenGLDrv@@YAXPBD@Z 00444370 f   gl_model.obj
 0001:00044e6f       ?PointInLeaf@OpenGLDrv@@YAPAUnode_t@1@QAM@Z 00445e6f f   gl_model.obj
 0001:00045a0e       ?ATAN2_FUNC@OpenGLDrv@@YAMMM@Z 00446a0e f i gl_model.obj
 0001:00045fb8       ?FindSkin@OpenGLDrv@@YAPAVshader_t@1@PBD@Z 00446fb8 f   gl_model.obj
 0001:00046190       ?InitModels@OpenGLDrv@@YAXXZ 00447190 f   gl_model.obj
 0001:00046286       ?ShutdownModels@OpenGLDrv@@YAXXZ 00447286 f   gl_model.obj
 0001:00046297       ?CALL_CONSTRUCTOR@@YAXPAVinlineModel_t@OpenGLDrv@@@Z 00447297 f i gl_model.obj
 0001:000462ad       ?CALL_CONSTRUCTOR@@YAXPAVmd3Model_t@OpenGLDrv@@@Z 004472ad f i gl_model.obj
 0001:000462c3       ?CALL_CONSTRUCTOR@@YAXPAVsp2Model_t@OpenGLDrv@@@Z 004472c3 f i gl_model.obj
 0001:000462d9       ?SubdividePlane@OpenGLDrv@@YAHPAPAY02MHM@Z 004472d9 f   gl_poly.obj
 0001:00046728       ?FreeSubdividedPlane@OpenGLDrv@@YAXXZ 00447728 f   gl_poly.obj
 0001:00046740       ?GetSubdivideIndexes@OpenGLDrv@@YAXPAH@Z 00447740 f   gl_poly.obj
 0001:00046793       ?RemoveCollinearPoints@OpenGLDrv@@YAHPAPAY02MH@Z 00447793 f   gl_poly.obj
 0001:0004688e       ?GetPolyArea@OpenGLDrv@@YAMPAPAY02MH@Z 0044788e f   gl_poly.obj
 0001:00046922       ?InitShaders@OpenGLDrv@@YAXXZ 00447922 f   gl_shader.obj
 0001:00046a79       ?ShutdownShaders@OpenGLDrv@@YAXXZ 00447a79 f   gl_shader.obj
 0001:00046ab3       ?GetLightmapImage@OpenGLDrv@@YAPAVimage_t@1@H@Z 00447ab3 f   gl_shader.obj
 0001:00046adb       ?SetShaderLightmap@OpenGLDrv@@YAPAVshader_t@1@PAV21@H@Z 00447adb f   gl_shader.obj
 0001:00046e00       ??4shader_t@OpenGLDrv@@QAEAAV01@ABV01@@Z 00447e00 f i gl_shader.obj
 0001:00046f37       ??4CBasicImage@@QAEAAV0@ABV0@@Z 00447f37 f i gl_shader.obj
 0001:0004703f       ?SetShaderLightstyles@OpenGLDrv@@YAPAVshader_t@1@PAV21@I@Z 0044803f f   gl_shader.obj
 0001:000470dd       ?GetAlphaShader@OpenGLDrv@@YAPAVshader_t@1@PAV21@@Z 004480dd f   gl_shader.obj
 0001:000473a0       ?FindShader@OpenGLDrv@@YAPAVshader_t@1@PBDI@Z 004483a0 f   gl_shader.obj
 0001:000479b9       ?GetShaderByNum@OpenGLDrv@@YAPAVshader_t@1@H@Z 004489b9 f   gl_shader.obj
 0001:000479d7       ?ResetShaders@OpenGLDrv@@YAXXZ 004489d7 f   gl_shader.obj
 0001:00047ea9       ?Reload@shader_t@OpenGLDrv@@UAEXXZ 00448ea9 f   gl_shader.obj
 0001:00047ed4       ?ClearSkyBox@OpenGLDrv@@YAXXZ 00448ed4 f   gl_sky.obj
 0001:00047eeb       ?SetSkyRotate@OpenGLDrv@@YAXMQAM@Z 00448eeb f   gl_sky.obj
 0001:00047f23       ?SkyVisible@OpenGLDrv@@YA_NXZ 00448f23 f   gl_sky.obj
 0001:00047f3c       ?AddSkySurface@OpenGLDrv@@YAXPAVsurfacePlanar_t@1@QAME@Z 00448f3c f   gl_sky.obj
 0001:0004853b       ?TesselateSkySide@OpenGLDrv@@YAHHPAUbufVertex_t@1@PAUbufTexCoord_t@1@M@Z 0044953b f   gl_sky.obj
 0001:00048800       ?DrawChar@OpenGLDrv@@YAXHHHH@Z 00449800 f   gl_text.obj
 0001:0004882d       ?DrawConChar@OpenGLDrv@@YAXHHHH@Z 0044982d f   gl_text.obj
 0001:00048862       ?ClearTexts@OpenGLDrv@@YAXXZ 00449862 f   gl_text.obj
 0001:00048877       ?FlushTexts@OpenGLDrv@@YAXXZ 00449877 f   gl_text.obj
 0001:00048909       ?DrawTextPos@OpenGLDrv@@YAXHHPBDI@Z 00449909 f   gl_text.obj
 0001:000489f0       ?DrawTextLeft@OpenGLDrv@@YAXPBDI@Z 004499f0 f   gl_text.obj
 0001:00048a77       ?DrawTextRight@OpenGLDrv@@YAXPBDI@Z 00449a77 f   gl_text.obj
 0001:00048ac1       ?DrawText3D@OpenGLDrv@@YAXQAMPBDI@Z 00449ac1 f   gl_text.obj
 0001:00048aee       ?InitTexts@OpenGLDrv@@YAXXZ 00449aee f   gl_text.obj
 0001:0004a0fd       ?QGL_Init@OpenGLDrv@@YA_NPBD@Z 0044b0fd f   qgl_win.obj
 0001:0004a1df       ?QGL_Shutdown@OpenGLDrv@@YAXXZ 0044b1df f   qgl_win.obj
 0001:0004a21d       ?QGL_InitExtensions@OpenGLDrv@@YAXXZ 0044b21d f   qgl_win.obj
 0001:0004a709       ?QGL_PrintExtensionsString@OpenGLDrv@@YAXPBD00@Z 0044b709 f   qgl_win.obj
 0001:0004a856       ?QGL_EnableLogging@OpenGLDrv@@YAX_N@Z 0044b856 f   qgl_win.obj
 0001:0004a910       ?QGL_LogMessage@OpenGLDrv@@YAXPBD@Z 0044b910 f   qgl_win.obj
 0001:0004a927       ?QGL_SwapBuffers@OpenGLDrv@@YAXXZ 0044b927 f   qgl_win.obj
 0001:0004a97e       ?GLimp_HasGamma@OpenGLDrv@@YA_NXZ 0044b97e f   gl_win.obj
 0001:0004a992       ?GLimp_SetGamma@OpenGLDrv@@YAXM@Z 0044b992 f   gl_win.obj
 0001:0004ab3a       ?GLimp_SetMode@OpenGLDrv@@YA_NPAI0H_N@Z 0044bb3a f   gl_win.obj
 0001:0004af30       ?GLimp_Shutdown@OpenGLDrv@@YAX_N@Z 0044bf30 f   gl_win.obj
 0001:0004afdd       ?AppActivate@OpenGLDrv@@YAX_N@Z 0044bfdd f   gl_win.obj
 0001:0004b04d       _jpeg_CreateDecompress     0044c04d f   lib:jdapimin.obj
 0001:0004b10d       _jpeg_read_header          0044c10d f   lib:jdapimin.obj
 0001:0004b16f       _jpeg_consume_input        0044c16f f   lib:jdapimin.obj
 0001:0004b3be       _jpeg_finish_decompress    0044c3be f   lib:jdapimin.obj
 0001:0004b455       _jpeg_start_decompress     0044c455 f   lib:jdapistd.obj
 0001:0004b5c2       _jpeg_read_scanlines       0044c5c2 f   lib:jdapistd.obj
 0001:0004b646       _jpeg_resync_to_restart    0044c646 f   lib:jdmarker.obj
 0001:0004b80b       _jinit_marker_reader       0044c80b f   lib:jdmarker.obj
 0001:0004ccd6       _jpeg_CreateCompress       0044dcd6 f   lib:jcapimin.obj
 0001:0004cd8a       _jpeg_destroy_decompress   0044dd8a f   lib:jcapimin.obj
 0001:0004cd8a       _jpeg_destroy_compress     0044dd8a f   lib:jcapimin.obj
 0001:0004cd95       _jpeg_suppress_tables      0044dd95 f   lib:jcapimin.obj
 0001:0004cddf       _jpeg_finish_compress      0044dddf f   lib:jcapimin.obj
 0001:0004cec9       _jpeg_start_compress       0044dec9 f   lib:jcapistd.obj
 0001:0004cf35       _jpeg_write_scanlines      0044df35 f   lib:jcapistd.obj
 0001:0004cfe0       _jpeg_add_quant_table      0044dfe0 f   lib:jcparam.obj
 0001:0004d092       _jpeg_quality_scaling      0044e092 f   lib:jcparam.obj
 0001:0004d0b9       _jpeg_set_quality          0044e0b9 f   lib:jcparam.obj
 0001:0004d0f3       _jpeg_set_defaults         0044e0f3 f   lib:jcparam.obj
 0001:0004d2b9       _jpeg_default_colorspace   0044e2b9 f   lib:jcparam.obj
 0001:0004d309       _jpeg_set_colorspace       0044e309 f   lib:jcparam.obj
 0001:0004d624       _jpeg_stdio_dest           0044e624 f   lib:jdatadst.obj
 0001:0004d844       _crc32                     0044e844 f   lib:crc32.obj
 0001:0004dade       _inflateReset              0044eade f   lib:inflate.obj
 0001:0004db2c       _inflateInit2_             0044eb2c f   lib:inflate.obj
 0001:0004dbe5       _inflate                   0044ebe5 f   lib:inflate.obj
 0001:0004eeba       _inflateEnd                0044feba f   lib:inflate.obj
 0001:0004eef8       _jinit_input_controller    0044fef8 f   lib:jdinput.obj
 0001:0004f3db       _jinit_memory_mgr          004503db f   lib:jmemmgr.obj
 0001:0004ff17       _jpeg_abort                00450f17 f   lib:jcomapi.obj
 0001:0004ff4a       _jpeg_destroy              00450f4a f   lib:jcomapi.obj
 0001:0004ff65       _jpeg_alloc_quant_table    00450f65 f   lib:jcomapi.obj
 0001:0004ff81       _jpeg_alloc_huff_table     00450f81 f   lib:jcomapi.obj
 0001:0004ff9d       _jpeg_calc_output_dimensions 00450f9d f   lib:jdmaster.obj
 0001:0005009d       _jinit_master_decompress   0045109d f   lib:jdmaster.obj
 0001:000503f3       _jdiv_round_up             004513f3 f   lib:jutils.obj
 0001:00050403       _jround_up                 00451403 f   lib:jutils.obj
 0001:0005041b       _jcopy_sample_rows         0045141b f   lib:jutils.obj
 0001:00050459       _jcopy_block_row           00451459 f   lib:jutils.obj
 0001:00050472       _jzero_far                 00451472 f   lib:jutils.obj
 0001:00050485       _jinit_marker_writer       00451485 f   lib:jcmarker.obj
 0001:00050d61       _jinit_compress_master     00451d61 f   lib:jcinit.obj
 0001:00050dba       _inflate_fast              00451dba f   lib:inffast.obj
 0001:0005116f       _inflate_table             0045216f f   lib:inftrees.obj
 0001:00051523       _adler32                   00452523 f   lib:adler32.obj
 0001:0005163c       _jinit_c_codec             0045263c f   lib:jcodec.obj
 0001:00051658       _jinit_d_codec             00452658 f   lib:jcodec.obj
 0001:00051674       _jpeg_get_large            00452674 f   lib:jmemnobs.obj
 0001:00051674       _jpeg_get_small            00452674 f   lib:jmemnobs.obj
 0001:00051680       _jpeg_free_large           00452680 f   lib:jmemnobs.obj
 0001:00051680       _jpeg_free_small           00452680 f   lib:jmemnobs.obj
 0001:0005168c       _jpeg_mem_available        0045268c f   lib:jmemnobs.obj
 0001:00051691       _jpeg_open_backing_store   00452691 f   lib:jmemnobs.obj
 0001:000516a5       __matherr                  004526a5 f   lib:jmemnobs.obj
 0001:000516a5       _jpeg_mem_init             004526a5 f   lib:jmemnobs.obj
 0001:000516a8       _jinit_d_main_controller   004526a8 f   lib:jdmainct.obj
 0001:00051cf3       _jinit_d_post_controller   00452cf3 f   lib:jdpostct.obj
 0001:00051f9e       _jinit_upsampler           00452f9e f   lib:jdsample.obj
 0001:000525dc       _jinit_color_deconverter   004535dc f   lib:jdcolor.obj
 0001:00052af3       _jinit_merged_upsampler    00453af3 f   lib:jdmerge.obj
 0001:00053043       _jinit_2pass_quantizer     00454043 f   lib:jquant2.obj
 0001:00054106       _jinit_1pass_quantizer     00455106 f   lib:jquant1.obj
 0001:00054b2c       _jinit_c_main_controller   00455b2c f   lib:jcmainct.obj
 0001:00054c99       _jinit_c_prep_controller   00455c99 f   lib:jcprepct.obj
 0001:000551e4       _jinit_downsampler         004561e4 f   lib:jcsample.obj
 0001:00055a64       _jinit_color_converter     00456a64 f   lib:jccolor.obj
 0001:0005604e       _jinit_c_master_control    0045704e f   lib:jcmaster.obj
 0001:00056b3d       _jinit_lossy_c_codec       00457b3d f   lib:jclossy.obj
 0001:00056bd8       _jinit_lossless_c_codec    00457bd8 f   lib:jclossls.obj
 0001:00056c70       _jinit_lossy_d_codec       00457c70 f   lib:jdlossy.obj
 0001:00056f43       _jinit_lossless_d_codec    00457f43 f   lib:jdlossls.obj
 0001:00056ff3       _jinit_c_coef_controller   00457ff3 f   lib:jccoefct.obj
 0001:00057692       _jinit_shuff_encoder       00458692 f   lib:jcshuff.obj
 0001:00057efd       _jinit_phuff_encoder       00458efd f   lib:jcphuff.obj
 0001:000589a2       _jinit_forward_dct         004599a2 f   lib:jcdctmgr.obj
 0001:00058c71       _jinit_c_diff_controller   00459c71 f   lib:jcdiffct.obj
 0001:000591d7       _jinit_lhuff_encoder       0045a1d7 f   lib:jclhuff.obj
 0001:00059901       _jinit_differencer         0045a901 f   lib:jcpred.obj
 0001:00059e1b       _jinit_c_scaler            0045ae1b f   lib:jcscale.obj
 0001:00059e91       _jinit_d_coef_controller   0045ae91 f   lib:jdcoefct.obj
 0001:0005ab6d       _jinit_shuff_decoder       0045bb6d f   lib:jdshuff.obj
 0001:0005b102       _jinit_phuff_decoder       0045c102 f   lib:jdphuff.obj
 0001:0005bc9f       _jinit_inverse_dct         0045cc9f f   lib:jddctmgr.obj
 0001:0005be83       _jinit_d_diff_controller   0045ce83 f   lib:jddiffct.obj
 0001:0005c3b1       _jinit_d_scaler            0045d3b1 f   lib:jdscale.obj
 0001:0005c4b0       _jinit_undifferencer       0045d4b0 f   lib:jdpred.obj
 0001:0005c86a       _jinit_lhuff_decoder       0045d86a f   lib:jdlhuff.obj
 0001:0005cc5f       _jpeg_make_c_derived_tbl   0045dc5f f   lib:jchuff.obj
 0001:0005ce61       _jpeg_gen_optimal_table    0045de61 f   lib:jchuff.obj
 0001:0005d020       _jpeg_fdct_float           0045e020 f   lib:jfdctflt.obj
 0001:0005d225       _jpeg_make_d_derived_tbl   0045e225 f   lib:jdhuff.obj
 0001:0005d4c2       _jpeg_fill_bit_buffer      0045e4c2 f   lib:jdhuff.obj
 0001:0005d5d1       _jpeg_huff_decode          0045e5d1 f   lib:jdhuff.obj
 0001:0005d6b1       _jpeg_idct_4x4             0045e6b1 f   lib:jidctred.obj
 0001:0005d99f       _jpeg_idct_2x2             0045e99f f   lib:jidctred.obj
 0001:0005db61       _jpeg_idct_1x1             0045eb61 f   lib:jidctred.obj
 0001:0005db9d       _jpeg_idct_float           0045eb9d f   lib:jidctflt.obj
 0001:0005df70       __except_handler3          0045ef70 f   MSVCRT:MSVCRT.dll
 0001:0005df80       __alloca_probe             0045ef80 f   MSVCRT:chkstk.obj
 0001:0005df80       __chkstk                   0045ef80 f   MSVCRT:chkstk.obj
 0001:0005dfaf       ??_Etype_info@@UAEPAXI@Z   0045efaf f i MSVCRT:ti_inst.obj
 0001:0005dfaf       ??_Gtype_info@@UAEPAXI@Z   0045efaf f i MSVCRT:ti_inst.obj
 0001:0005dfcc       __CxxThrowException@8      0045efcc f   MSVCRT:MSVCRT.dll
 0001:0005dfd2       _strcpy                    0045efd2 f   MSVCRT:MSVCRT.dll
 0001:0005dfd8       _strlen                    0045efd8 f   MSVCRT:MSVCRT.dll
 0001:0005dfde       _strcmp                    0045efde f   MSVCRT:MSVCRT.dll
 0001:0005dfe4       _sin                       0045efe4 f   MSVCRT:MSVCRT.dll
 0001:0005dfea       _tan                       0045efea f   MSVCRT:MSVCRT.dll
 0001:0005dff0       _cos                       0045eff0 f   MSVCRT:MSVCRT.dll
 0001:0005dff6       _strcat                    0045eff6 f   MSVCRT:MSVCRT.dll
 0001:0005dffc       _fmod                      0045effc f   MSVCRT:MSVCRT.dll
 0001:0005e002       _atan2                     0045f002 f   MSVCRT:MSVCRT.dll
 0001:0005e008       _acos                      0045f008 f   MSVCRT:MSVCRT.dll
 0001:0005e00e       _sqrt                      0045f00e f   MSVCRT:MSVCRT.dll
 0001:0005e014       _atan                      0045f014 f   MSVCRT:MSVCRT.dll
 0001:0005e01a       _memcpy                    0045f01a f   MSVCRT:MSVCRT.dll
 0001:0005e020       _memset                    0045f020 f   MSVCRT:MSVCRT.dll
 0001:0005e026       _pow                       0045f026 f   MSVCRT:MSVCRT.dll
 0001:0005e02c       _asin                      0045f02c f   MSVCRT:MSVCRT.dll
 0001:0005e032       __purecall                 0045f032 f   MSVCRT:MSVCRT.dll
 0001:0005e038       _WinMainCRTStartup         0045f038 f   MSVCRT:crtexew.obj
 0001:0005e196       __ftol                     0045f196 f   MSVCRT:MSVCRT.dll
 0001:0005e19c       ??1type_info@@UAE@XZ       0045f19c f   MSVCRT:MSVCRT.dll
 0001:0005e1a2       __XcptFilter               0045f1a2 f   MSVCRT:MSVCRT.dll
 0001:0005e1a8       __initterm                 0045f1a8 f   MSVCRT:MSVCRT.dll
 0001:0005e1ae       __setdefaultprecision      0045f1ae f   MSVCRT:fp8.obj
 0001:0005e1c0       __controlfp                0045f1c0 f   MSVCRT:MSVCRT.dll
 0002:00000000       __imp__SwapBuffers@4       00460000     gdi32:GDI32.dll
 0002:00000004       __imp__SetPixelFormat@12   00460004     gdi32:GDI32.dll
 0002:00000008       __imp__DescribePixelFormat@16 00460008     gdi32:GDI32.dll
 0002:0000000c       __imp__ChoosePixelFormat@8 0046000c     gdi32:GDI32.dll
[...]
 0001:0005c021       _start_iMCU_row            0045d021 f   lib:jddiffct.obj
 0001:0005c066       _start_output_pass         0045d066 f   lib:jddiffct.obj
 0001:0005c072       _decompress_data           0045d072 f   lib:jddiffct.obj
 0001:0005c1e2       _process_restart           0045d1e2 f   lib:jddiffct.obj
 0001:0005a202       _dummy_consume_data        0045b202 f   lib:jdcoefct.obj
 0001:0005c217       _consume_data              0045d217 f   lib:jddiffct.obj
 0001:0005c28e       _output_data               0045d28e f   lib:jddiffct.obj
 0001:0005bd15       _start_pass                0045cd15 f   lib:jddctmgr.obj
 0001:0005b167       _start_pass_phuff_decoder  0045c167 f   lib:jdphuff.obj
 0001:0005b3b0       _decode_mcu_DC_first       0045c3b0 f   lib:jdphuff.obj
 0001:0005b5a8       _process_restart           0045c5a8 f   lib:jdphuff.obj
 0001:0005b617       _decode_mcu_AC_first       0045c617 f   lib:jdphuff.obj
 0001:0005b837       _decode_mcu_DC_refine      0045c837 f   lib:jdphuff.obj
 0001:0005b90c       _decode_mcu_AC_refine      0045c90c f   lib:jdphuff.obj
 0001:0005abae       _start_pass_huff_decoder   0045bbae f   lib:jdshuff.obj
 0001:0005ace6       _decode_mcu                0045bce6 f   lib:jdshuff.obj
 0001:0005b096       _process_restart           0045c096 f   lib:jdshuff.obj
 0001:00059f94       _start_input_pass          0045af94 f   lib:jdcoefct.obj
 0001:00059fa7       _start_iMCU_row            0045afa7 f   lib:jdcoefct.obj
 0001:00059fec       _start_output_pass         0045afec f   lib:jdcoefct.obj
 0001:0005a029       _decompress_onepass        0045b029 f   lib:jdcoefct.obj
 0001:0005a202       _dummy_consume_data        0045b202 f   lib:jdcoefct.obj
 0001:0005a205       _consume_data              0045b205 f   lib:jdcoefct.obj
 0001:0005a3be       _decompress_data           0045b3be f   lib:jdcoefct.obj
 0001:0005a52a       _smoothing_ok              0045b52a f   lib:jdcoefct.obj
 0001:0005a615       _decompress_smooth_data    0045b615 f   lib:jdcoefct.obj
 0001:00059e2d       _scaler_start_pass         0045ae2d f   lib:jcscale.obj
 0001:00059e50       _simple_downscale          0045ae50 f   lib:jcscale.obj
 0001:00059e7c       _noscale                   0045ae7c f   lib:jcscale.obj
 0001:00059925       _start_pass                0045a925 f   lib:jcpred.obj
 0001:0005997d       _reset_predictor           0045a97d f   lib:jcpred.obj
 0001:000599aa       _jpeg_difference_first_row 0045a9aa f   lib:jcpred.obj
 0001:00059a94       _jpeg_difference1          0045aa94 f   lib:jcpred.obj
 0001:00059b02       _jpeg_difference2          0045ab02 f   lib:jcpred.obj
 0001:00059b73       _jpeg_difference3          0045ab73 f   lib:jcpred.obj
 0001:00059beb       _jpeg_difference4          0045abeb f   lib:jcpred.obj
 0001:00059c76       _jpeg_difference5          0045ac76 f   lib:jcpred.obj
 0001:00059d09       _jpeg_difference6          0045ad09 f   lib:jcpred.obj
 0001:00059d98       _jpeg_difference7          0045ad98 f   lib:jcpred.obj
 0001:00059217       _start_pass_huff           0045a217 f   lib:jclhuff.obj
 0001:000593b4       _encode_mcus_huff          0045a3b4 f   lib:jclhuff.obj
 0001:0005959f       _emit_bits                 0045a59f f   lib:jclhuff.obj
 0001:00059642       _dump_buffer               0045a642 f   lib:jclhuff.obj
 0001:00059666       _emit_restart              0045a666 f   lib:jclhuff.obj
 0001:000596b1       _flush_bits                0045a6b1 f   lib:jclhuff.obj
 0001:000596d5       _finish_pass_huff          0045a6d5 f   lib:jclhuff.obj
 0001:00059742       _encode_mcus_gather        0045a742 f   lib:jclhuff.obj
 0001:0005986b       _finish_pass_gather        0045a86b f   lib:jclhuff.obj
 0001:00057efa       _need_optimization_pass    00458efa f   lib:jcshuff.obj
 0001:00058df5       _start_pass_diff           00459df5 f   lib:jcdiffct.obj
 0001:00058e93       _start_iMCU_row            00459e93 f   lib:jcdiffct.obj
 0001:00058ed5       _compress_data             00459ed5 f   lib:jcdiffct.obj
 0001:0005906b       _compress_first_pass       0045a06b f   lib:jcdiffct.obj
 0001:00059160       _compress_output           0045a160 f   lib:jcdiffct.obj
 0001:00058a08       _start_pass_fdctmgr        00459a08 f   lib:jcdctmgr.obj
 0001:00058b0a       _forward_DCT_float         00459b0a f   lib:jcdctmgr.obj
 0001:00057f3d       _start_pass_phuff          00458f3d f   lib:jcphuff.obj
 0001:000580aa       _encode_mcu_DC_first       004590aa f   lib:jcphuff.obj
 0001:000581dc       _emit_bits                 004591dc f   lib:jcphuff.obj
 0001:00058287       _dump_buffer               00459287 f   lib:jcphuff.obj
 0001:000582bf       _emit_symbol               004592bf f   lib:jcphuff.obj
 0001:000582ff       _emit_restart              004592ff f   lib:jcphuff.obj
 0001:00058388       _emit_eobrun               00459388 f   lib:jcphuff.obj
 0001:0005840e       _encode_mcu_AC_first       0045940e f   lib:jcphuff.obj
 0001:000585a2       _encode_mcu_DC_refine      004595a2 f   lib:jcphuff.obj
 0001:0005865c       _encode_mcu_AC_refine      0045965c f   lib:jcphuff.obj
 0001:00058873       _finish_pass_phuff         00459873 f   lib:jcphuff.obj
 0001:000588c2       _finish_pass_gather_phuff  004598c2 f   lib:jcphuff.obj
 0001:00058985       _need_optimization_pass    00459985 f   lib:jcphuff.obj
 0001:000576d5       _start_pass_huff           004586d5 f   lib:jcshuff.obj
 0001:0005784a       _encode_mcu_huff           0045884a f   lib:jcshuff.obj
 0001:00057955       _encode_one_block          00458955 f   lib:jcshuff.obj
 0001:00057acc       _emit_bits                 00458acc f   lib:jcshuff.obj
 0001:00057b6f       _dump_buffer               00458b6f f   lib:jcshuff.obj
 0001:00057b93       _emit_restart              00458b93 f   lib:jcshuff.obj
 0001:00057c00       _flush_bits                00458c00 f   lib:jcshuff.obj
 0001:00057c24       _finish_pass_huff          00458c24 f   lib:jcshuff.obj
 0001:00057c93       _encode_mcu_gather         00458c93 f   lib:jcshuff.obj
 0001:00057d49       _htest_one_block           00458d49 f   lib:jcshuff.obj
 0001:00057e10       _finish_pass_gather        00458e10 f   lib:jcshuff.obj
 0001:00057efa       _need_optimization_pass    00458efa f   lib:jcshuff.obj
 0001:000570a8       _start_pass_coef           004580a8 f   lib:jccoefct.obj
 0001:00058e93       _start_iMCU_row            00459e93 f   lib:jcdiffct.obj
 0001:0005713d       _compress_data             0045813d f   lib:jccoefct.obj
 0001:00057324       _compress_first_pass       00458324 f   lib:jccoefct.obj
 0001:0005750a       _compress_output           0045850a f   lib:jccoefct.obj
 0001:00056fc0       _calc_output_dimensions    00457fc0 f   lib:jdlossls.obj
 0001:00056fd1       _start_input_pass          00457fd1 f   lib:jdlossls.obj
 0001:00056cff       _calc_output_dimensions    00457cff f   lib:jdlossy.obj
 0001:00056e72       _start_input_pass          00457e72 f   lib:jdlossy.obj
 0001:00056e92       _latch_quant_tables        00457e92 f   lib:jdlossy.obj
 0001:00056f2a       _start_output_pass         00457f2a f   lib:jdlossy.obj
 0001:00056c4e       _start_pass                00457c4e f   lib:jclossls.obj
 0001:00056bba       _start_pass                00457bba f   lib:jclossy.obj
 0001:0005610f       _initial_setup             0045710f f   lib:jcmaster.obj
 0001:000562c2       _validate_script           004572c2 f   lib:jcmaster.obj
 0001:0005669a       _prepare_for_pass          0045769a f   lib:jcmaster.obj
 0001:00056812       _select_scan_parameters    00457812 f   lib:jcmaster.obj
 0001:00056913       _per_scan_setup            00457913 f   lib:jcmaster.obj
 0001:00056abe       _pass_startup              00457abe f   lib:jcmaster.obj
 0001:00056ae5       _finish_pass_master        00457ae5 f   lib:jcmaster.obj
 0001:00055bfb       _rgb_ycc_start             00456bfb f   lib:jccolor.obj
 0001:00055cbf       _rgb_ycc_convert           00456cbf f   lib:jccolor.obj
 0001:00055dbe       _rgb_gray_convert          00456dbe f   lib:jccolor.obj
 0001:00055e43       _cmyk_ycck_convert         00456e43 f   lib:jccolor.obj
 0001:00055f7b       _grayscale_convert         00456f7b f   lib:jccolor.obj
 0001:00055fd5       _null_convert              00456fd5 f   lib:jccolor.obj
 0001:00052af2       _null_method               00453af2 f   lib:jdcolor.obj
 0001:00052af2       _start_pass_downsample     00453af2 f   lib:jdcolor.obj
 0001:00055347       _sep_downsample            00456347 f   lib:jcsample.obj
 0001:000553bc       _int_downsample            004563bc f   lib:jcsample.obj
 0001:000554b4       _expand_right_edge         004564b4 f   lib:jcsample.obj
 0001:00055509       _fullsize_downsample       00456509 f   lib:jcsample.obj
 0001:0005554d       _h2v1_downsample           0045654d f   lib:jcsample.obj
 0001:000555e1       _h2v2_downsample           004565e1 f   lib:jcsample.obj
 0001:0005568e       _h2v2_smooth_downsample    0045668e f   lib:jcsample.obj
 0001:00055906       _fullsize_smooth_downsample 00456906 f   lib:jcsample.obj
 0001:00054d43       _start_pass_prep           00455d43 f   lib:jcprepct.obj
 0001:00054d81       _pre_process_data          00455d81 f   lib:jcprepct.obj
 0001:00054f2f       _pre_process_context       00455f2f f   lib:jcprepct.obj
 0001:000550e8       _create_context_buffer     004560e8 f   lib:jcprepct.obj
 0001:00054bbb       _start_pass_main           00455bbb f   lib:jcmainct.obj
 0001:00054bfd       _process_data_simple_main  00455bfd f   lib:jcmainct.obj
 0001:00054191       _create_colormap           00455191 f   lib:jquant1.obj
 0001:000542c3       _select_ncolors            004552c3 f   lib:jquant1.obj
 0001:0005439a       _create_colorindex         0045539a f   lib:jquant1.obj
 0001:000544c6       _alloc_fs_workspace        004554c6 f   lib:jquant1.obj
 0001:00054502       _start_pass_1_quant        00455502 f   lib:jquant1.obj
 0001:000545ce       _create_odither_tables     004555ce f   lib:jquant1.obj
 0001:0005462d       _make_odither_array        0045562d f   lib:jquant1.obj
 0001:00054690       _color_quantize            00455690 f   lib:jquant1.obj
 0001:0005471b       _color_quantize3           0045571b f   lib:jquant1.obj
 0001:000547a9       _quantize_ord_dither       004557a9 f   lib:jquant1.obj
 0001:00054894       _quantize3_ord_dither      00455894 f   lib:jquant1.obj
 0001:00054994       _quantize_fs_dither        00455994 f   lib:jquant1.obj
 0001:00052af2       _finish_pass_1_quant       00453af2 f   lib:jdcolor.obj
 0001:00054b18       _new_color_map_1_quant     00455b18 f   lib:jquant1.obj
 0001:00053152       _init_error_limit          00454152 f   lib:jquant2.obj
 0001:000531f1       _start_pass_2_quant        004541f1 f   lib:jquant2.obj
 0001:000532f3       _prescan_quantize          004542f3 f   lib:jquant2.obj
 0001:00053362       _pass2_no_dither           00454362 f   lib:jquant2.obj
 0001:0005340f       _fill_inverse_cmap         0045440f f   lib:jquant2.obj
 0001:000534da       _find_nearby_colors        004544da f   lib:jquant2.obj
 0001:0005367e       _find_best_colors          0045467e f   lib:jquant2.obj
 0001:00053798       _pass2_fs_dither           00454798 f   lib:jquant2.obj
 0001:00053a07       _finish_pass1              00454a07 f   lib:jquant2.obj
 0001:00053a29       _select_colors             00454a29 f   lib:jquant2.obj
 0001:00053ab5       _update_box                00454ab5 f   lib:jquant2.obj
 0001:00053e4f       _median_cut                00454e4f f   lib:jquant2.obj
 0001:00053f63       _find_biggest_color_pop    00454f63 f   lib:jquant2.obj
 0001:00053f92       _find_biggest_volume       00454f92 f   lib:jquant2.obj
 0001:00053fbb       _compute_color             00454fbb f   lib:jquant2.obj
 0001:00052af2       _finish_pass2              00453af2 f   lib:jdcolor.obj
 0001:000540f7       _new_color_map_2_quant     004550f7 f   lib:jquant2.obj
 0001:00052b69       _build_ycc_rgb_table       00453b69 f   lib:jdmerge.obj
 0001:00052c19       _start_pass_merged_upsample 00453c19 f   lib:jdmerge.obj
 0001:00052c2e       _merged_2v_upsample        00453c2e f   lib:jdmerge.obj
 0001:00052cd5       _merged_1v_upsample        00453cd5 f   lib:jdmerge.obj
 0001:00052d06       _h2v1_merged_upsample      00453d06 f   lib:jdmerge.obj
 0001:00052e5c       _h2v2_merged_upsample      00453e5c f   lib:jdmerge.obj
 0001:0005270c       _build_ycc_rgb_table       0045370c f   lib:jdcolor.obj
 0001:000527bc       _ycc_rgb_convert           004537bc f   lib:jdcolor.obj
 0001:000528ca       _null_convert              004538ca f   lib:jdcolor.obj
 0001:00052942       _grayscale_convert         00453942 f   lib:jdcolor.obj
 0001:00052965       _gray_rgb_convert          00453965 f   lib:jdcolor.obj
 0001:000529be       _ycck_cmyk_convert         004539be f   lib:jdcolor.obj
 0001:00052af2       _start_pass_dcolor         00453af2 f   lib:jdcolor.obj
 0001:0005216d       _start_pass_upsample       0045316d f   lib:jdsample.obj
 0001:00052187       _sep_upsample              00453187 f   lib:jdsample.obj
 0001:00052254       _fullsize_upsample         00453254 f   lib:jdsample.obj
 0001:0005225f       _noop_upsample             0045325f f   lib:jdsample.obj
 0001:00052267       _int_upsample              00453267 f   lib:jdsample.obj
 0001:00052351       _h2v1_upsample             00453351 f   lib:jdsample.obj
 0001:000523a8       _h2v2_upsample             004533a8 f   lib:jdsample.obj
 0001:0005241a       _h2v1_fancy_upsample       0045341a f   lib:jdsample.obj
 0001:000524bd       _h2v2_fancy_upsample       004534bd f   lib:jdsample.obj
 0001:00051d76       _start_pass_dpost          00452d76 f   lib:jdpostct.obj
 0001:00051e1c       _post_process_1pass        00452e1c f   lib:jdpostct.obj
 0001:00051e81       _post_process_prepass      00452e81 f   lib:jdpostct.obj
 0001:00051f12       _post_process_2pass        00452f12 f   lib:jdpostct.obj
 0001:0005177d       _alloc_funny_pointers      0045277d f   lib:jdmainct.obj
 0001:0005182a       _start_pass_main           0045282a f   lib:jdmainct.obj
 0001:00051892       _make_funny_pointers       00452892 f   lib:jdmainct.obj
 0001:000519d2       _process_data_simple_main  004529d2 f   lib:jdmainct.obj
 0001:00051a3a       _process_data_context_main 00452a3a f   lib:jdmainct.obj
 0001:00051b4c       _set_wraparound_pointers   00452b4c f   lib:jdmainct.obj
 0001:00051c36       _set_bottom_pointers       00452c36 f   lib:jdmainct.obj
 0001:00051cd0       _process_data_crank_post   00452cd0 f   lib:jdmainct.obj
 0001:000504d3       _write_marker_header       004514d3 f   lib:jcmarker.obj
 0001:00050529       _emit_byte                 00451529 f   lib:jcmarker.obj
 0001:0005055a       _write_marker_byte         0045155a f   lib:jcmarker.obj
 0001:0005056a       _write_file_header         0045156a f   lib:jcmarker.obj
 0001:000505b6       _emit_jfif_app0            004515b6 f   lib:jcmarker.obj
 0001:00050689       _emit_adobe_app14          00451689 f   lib:jcmarker.obj
 0001:0005072f       _write_frame_header        0045172f f   lib:jcmarker.obj
 0001:0005080e       _emit_dqt                  0045180e f   lib:jcmarker.obj
 0001:000508fd       _emit_sof                  004518fd f   lib:jcmarker.obj
 0001:000509d9       _write_scan_header         004519d9 f   lib:jcmarker.obj
 0001:00050a99       _emit_dht                  00451a99 f   lib:jcmarker.obj
 0001:00050b72       _emit_dri                  00451b72 f   lib:jcmarker.obj
 0001:00050bc1       _emit_sos                  00451bc1 f   lib:jcmarker.obj
 0001:00050caf       _write_file_trailer        00451caf f   lib:jcmarker.obj
 0001:00050ccf       _write_tables_only         00451ccf f   lib:jcmarker.obj
 0001:00050028       _use_merged_upsample       00451028 f   lib:jdmaster.obj
 0001:000500ce       _master_selection          004510ce f   lib:jdmaster.obj
 0001:0005022b       _prepare_range_limit_table 0045122b f   lib:jdmaster.obj
 0001:000502b1       _prepare_for_output_pass   004512b1 f   lib:jdmaster.obj
 0001:000503d2       _finish_output_pass        004513d2 f   lib:jdmaster.obj
 0001:0004f49f       _alloc_small               0045049f f   lib:jmemmgr.obj
 0001:0004f5bd       _alloc_large               004505bd f   lib:jmemmgr.obj
 0001:0004f66e       _alloc_sarray              0045066e f   lib:jmemmgr.obj
 0001:0004f706       _alloc_barray              00450706 f   lib:jmemmgr.obj
 0001:0004f7aa       _alloc_darray              004507aa f   lib:jmemmgr.obj
 0001:0004f855       _request_virt_sarray       00450855 f   lib:jmemmgr.obj
 0001:0004f8b6       _request_virt_barray       004508b6 f   lib:jmemmgr.obj
 0001:0004f917       _realize_virt_arrays       00450917 f   lib:jmemmgr.obj
 0001:0004fa9a       _access_virt_sarray        00450a9a f   lib:jmemmgr.obj
 0001:0004fbba       _do_sarray_io              00450bba f   lib:jmemmgr.obj
 0001:0004fc4a       _access_virt_barray        00450c4a f   lib:jmemmgr.obj
 0001:0004fd6f       _do_barray_io              00450d6f f   lib:jmemmgr.obj
 0001:0004fe00       _free_pool                 00450e00 f   lib:jmemmgr.obj
 0001:0004fee7       _self_destruct             00450ee7 f   lib:jmemmgr.obj
 0001:0004ef39       _start_input_pass          0044ff39 f   lib:jdinput.obj
 0001:0004ef67       _per_scan_setup            0044ff67 f   lib:jdinput.obj
 0001:0004f0ed       _finish_input_pass         004500ed f   lib:jdinput.obj
 0001:0004f0fe       _consume_markers           004500fe f   lib:jdinput.obj
 0001:0004f19a       _initial_setup             0045019a f   lib:jdinput.obj
 0001:0004f3a4       _reset_input_controller    004503a4 f   lib:jdinput.obj
 0001:0004ecf2       _fixedtables               0044fcf2 f   lib:inflate.obj
 0001:0004eddc       _updatewindow              0044fddc f   lib:inflate.obj
 0001:0004d724       _make_crc_table            0044e724 f   lib:crc32.obj
 0001:0004d871       _crc32_little              0044e871 f   lib:crc32.obj
 0001:0004d660       _init_destination          0044e660 f   lib:jdatadst.obj
 0001:0004d686       _empty_output_buffer       0044e686 f   lib:jdatadst.obj
 0001:0004d6c8       _term_destination          0044e6c8 f   lib:jdatadst.obj
 0001:0004d1e7       _std_huff_tables           0044e1e7 f   lib:jcparam.obj
 0001:0004d241       _add_huff_table            0044e241 f   lib:jcparam.obj
 0001:0004b734       _next_marker               0044c734 f   lib:jdmarker.obj
 0001:0004b86e       _get_interesting_appn      0044c86e f   lib:jdmarker.obj
 0001:0004b999       _examine_app0              0044c999 f   lib:jdmarker.obj
 0001:0004bba7       _examine_app14             0044cba7 f   lib:jdmarker.obj
 0001:0004bc68       _skip_variable             0044cc68 f   lib:jdmarker.obj
 0001:0004bd0b       _read_markers              0044cd0b f   lib:jdmarker.obj
 0001:0004bf13       _get_soi                   0044cf13 f   lib:jdmarker.obj
 0001:0004bfbe       _get_sof                   0044cfbe f   lib:jdmarker.obj
 0001:0004c2c7       _get_sos                   0044d2c7 f   lib:jdmarker.obj
 0001:0004c5b5       _get_dht                   0044d5b5 f   lib:jdmarker.obj
 0001:0004c856       _get_dqt                   0044d856 f   lib:jdmarker.obj
 0001:0004cab2       _get_dri                   0044dab2 f   lib:jdmarker.obj
 0001:0004cb91       _first_marker              0044db91 f   lib:jdmarker.obj
 0001:0004cc2d       _read_restart_marker       0044dc2d f   lib:jdmarker.obj
 0001:0004ccab       _reset_marker_reader       0044dcab f   lib:jdmarker.obj
 0001:0004b518       _output_pass_setup         0044c518 f   lib:jdapistd.obj
 0001:0004b20b       _default_decompress_parms  0044c20b f   lib:jdapimin.obj

 128 bytes saved through ICF

