 quake2

 Timestamp is 4311f2b2 (Sun Aug 28 21:21:54 2005)

 Preferred load address is 00400000

 Start         Length     Name                   Class
 0001:00000000 00060730H .text                   CODE
 0002:00000000 00000278H .idata$5                DATA
 0002:00000278 0000637cH .rdata                  DATA
 0002:000065f8 00000044H .rdata$r                DATA
 0002:00006640 00000038H .xdata$x                DATA
 0002:00006678 00000078H .idata$2                DATA
 0002:000066f0 00000014H .idata$3                DATA
 0002:00006704 00000278H .idata$4                DATA
 0002:0000697c 000007feH .idata$6                DATA
 0002:0000717a 00000000H .edata                  DATA
 0003:00000000 00000004H .CRT$XCA                DATA
 0003:00000004 00000080H .CRT$XCU                DATA
 0003:00000084 00000004H .CRT$XCZ                DATA
 0003:00000088 00000004H .CRT$XIA                DATA
 0003:0000008c 00000004H .CRT$XIZ                DATA
 0003:00000090 0000d77cH .data                   DATA
 0003:0000d810 004783d4H .bss                    DATA
 0004:00000000 00000130H .rsrc$01                DATA
 0004:00000130 00003f20H .rsrc$02                DATA

  Address         Publics by Value              Rva+Base     Lib:Object

 0001:00000000       ??3@YAXPAX@Z               00401000 f i CoreMain.obj
 0001:0000000b       ?appInit@@YAXXZ            0040100b f   CoreMain.obj
 0001:0000006e       ?appExit@@YAXXZ            0040106e f   CoreMain.obj
 0001:00000073       ?appLoadDebugSymbols@@YAXXZ 00401073 f   DbgSymbols.obj
 0001:00000276       ?appSymbolName@@YA_NIPADH@Z 00401276 f   DbgSymbols.obj
 0001:00000362       ?appSymbolName@@YAPBDI@Z   00401362 f   DbgSymbols.obj
 0001:00000394       ?appMalloc@@YAPAXIH@Z      00401394 f   Memory.obj
 0001:00000442       ?appFree@@YAXPAX@Z         00401442 f   Memory.obj
 0001:00000470       ?Unlink@FMemHeader@@QAEXXZ 00401470 f i Memory.obj
 0001:0000049b       ?Link@CMemoryChain@@AAEXXZ 0040149b f   Memory.obj
 0001:000004ba       ?Unlink@CMemoryChain@@AAEXXZ 004014ba f   Memory.obj
 0001:000004e5       ??2CMemoryChain@@SAPAXIH@Z 004014e5 f   Memory.obj
 0001:00000557       ??3CMemoryChain@@SAXPAX@Z  00401557 f   Memory.obj
 0001:0000058a       ?Alloc@CMemoryChain@@QAEPAXIH@Z 0040158a f   Memory.obj
 0001:000005f4       ?appInitMemory@@YAXXZ      004015f4 f   Memory.obj
 0001:00000b28       ?sprintf@?$TString@$0BAA@@@QAAHPBDZZ 00401b28 f i Memory.obj
 0001:00000b44       ?Register@COutputDevice@@QAEXXZ 00401b44 f   OutputDevice.obj
 0001:00000ba0       ?Unregister@COutputDevice@@QAEXXZ 00401ba0 f   OutputDevice.obj
 0001:00000bf3       ?appPrintf@@YAXPBDZZ       00401bf3 f   OutputDevice.obj
 0001:00000cb8       ?appWPrintf@@YAXPBDZZ      00401cb8 f   OutputDevice.obj
 0001:00000d01       ?appFatalError@@YAXPBDZZ   00401d01 f   ErrorMgr.obj
 0001:00000d3b       ?appNonFatalError@@YAXPBDZZ 00401d3b f   ErrorMgr.obj
 0001:00000d99       ?appUnwindPrefix@@YAXPBD@Z 00401d99 f   ErrorMgr.obj
 0001:00000de7       ?appUnwindThrow@@YAXPBDZZ  00401de7 f   ErrorMgr.obj
 0001:00000e6e       ?Reset@CErrorHandler@@QAEXXZ 00401e6e f   ErrorMgr.obj
 0001:00000e9f       ?appInitError@@YAXXZ       00401e9f f   ErrorMgr.obj
 0001:00000f5d       ?sprintf@?$TString@$0CAA@@@QAAHPBDZZ 00401f5d f i ErrorMgr.obj
 0001:00000f79       ?GetLine@CSimpleParser@@QAEPBDXZ 00401f79 f   ScriptParser.obj
 0001:0000108e       ?SkipBraces@CSimpleParser@@QAEPBDXZ 0040208e f   ScriptParser.obj
 0001:000010c4       ?appStricmp@@YAHPBD0@Z     004020c4 f   Strings.obj
 0001:000010f9       ?toLower@@YADD@Z           004020f9 f i Strings.obj
 0001:00001110       ?appStrcpy@@YAXPADPBD@Z    00402110 f   Strings.obj
 0001:00001123       ?appStrncpylwr@@YAXPADPBDH@Z 00402123 f   Strings.obj
 0001:0000115b       ?appStrncpyz@@YAXPADPBDH@Z 0040215b f   Strings.obj
 0001:00001188       ?appStrcatn@@YAXPADHPBD@Z  00402188 f   Strings.obj
 0001:000011b3       ?appCopyFilename@@YAXPADPBDH@Z 004021b3 f   Strings.obj
 0001:0000124f       ?appCStrlen@@YAHPBD@Z      0040224f f   Strings.obj
 0001:00001274       ?appUncolorizeString@@YAXPADPBD@Z 00402274 f   Strings.obj
 0001:000012a4       ?va@@YAPBDPBDZZ            004022a4 f   Strings.obj
 0001:00001340       ?appSprintf@@YAHPADHPBDZZ  00402340 f   Strings.obj
 0001:0000138b       ?appMatchWildcard@@YA_NPBD0_N@Z 0040238b f   Strings.obj
 0001:0000150c       ?appIsWildcard@@YA_NPBD@Z  0040250c f   Strings.obj
 0001:00001536       ?CopyString@@YAPADPBD@Z    00402536 f   Strings.obj
 0001:00001576       ?CopyString@@YAPADPBDPAVCMemoryChain@@@Z 00402576 f   Strings.obj
 0001:000015aa       ??2CStringItem@@SAPAXIPBD@Z 004025aa f   Strings.obj
 0001:000015f3       ??2CStringItem@@SAPAXIPBDPAVCMemoryChain@@@Z 004025f3 f   Strings.obj
 0001:00001630       ?Find@CStringList@@IAEPAVCStringItem@@PBDPAPAV2@@Z 00402630 f   Strings.obj
 0001:0000166c       ?Find@CStringList@@IAEPAVCStringItem@@H@Z 0040266c f   Strings.obj
 0001:00001685       ?IndexOf@CStringList@@QAEHPBD@Z 00402685 f   Strings.obj
 0001:000016b2       ?Remove@CStringList@@QAE_NPAVCStringItem@@@Z 004026b2 f   Strings.obj
 0001:000016de       ?Free@CStringList@@QAEXXZ  004026de f   Strings.obj
 0001:000016f7       ?Add@CTextContainer@@QAEPAUCTextRec@@PBD@Z 004026f7 f   TextContainer.obj
 0001:000017a3       ?Enumerate@CTextContainer@@QAEXP6AXPBUCTextRec@@@Z@Z 004027a3 f   TextContainer.obj
 0001:0000180f       ?appMillisecondsf@@YANXZ   0040280f f   CoreWin32.obj
 0001:00001848       ?appMilliseconds@@YAIXZ    00402848 f   CoreWin32.obj
 0001:0000187d       ?cpuid@@YAXI@Z             0040287d f   CoreWin32.obj
 0001:000018a0       ?appInitPlatform@@YAXXZ    004028a0 f   CoreWin32.obj
 0001:00001b33       ?appShutdownPlatform@@YAXXZ 00402b33 f   CoreWin32.obj
 0001:00001b3c       ?osAddressInfo@@YA_NIPADHPAH@Z 00402b3c f   DbgSymbolsWin32.obj
 0001:00001bd0       ?osModuleInfo@@YA_NIPADHPAH@Z 00402bd0 f   DbgSymbolsWin32.obj
 0001:00001d77       ?win32ExceptFilter@@YAHPAU_EXCEPTION_POINTERS@@@Z 00402d77 f   ExceptFilterWin32.obj
 0001:000022a9       ?win32ExceptFilter2@@YAHXZ 004032a9 f   ExceptFilterWin32.obj
 0001:000022b5       ?SCR_StopCinematic@@YAXXZ  004032b5 f   cl_cin.obj
 0001:00002349       ?SCR_DrawCinematic@@YA_NXZ 00403349 f   cl_cin.obj
 0001:000027a1       ?SCR_PlayCinematic@@YAXPBD@Z 004037a1 f   cl_cin.obj
 0001:00002af7       ?sprintf@?$TString@$0EA@@@QAAHPBDZZ 00403af7 f i cl_cin.obj
 0001:00002b10       ?CL_Download_f@@YAX_NHPAPAD@Z 00403b10 f   cl_download.obj
 0001:00002ea8       ?CL_ParseDownload@@YAXXZ   00403ea8 f   cl_download.obj
 0001:000036be       ?CL_Precache_f@@YAXHPAPAD@Z 004046be f   cl_download.obj
 0001:0000371c       ?sprintf@?$TString@$0IA@@@QAAHPBDZZ 0040471c f i cl_download.obj
 0001:00003738       ?CL_ParseDelta@@YAXPAUclEntityState_t@@0HI_N@Z 00404738 f   cl_ents.obj
 0001:000038b8       ?CL_ParseFrame@@YAXXZ      004048b8 f   cl_ents.obj
 0001:00003f67       ?CL_AddEntityBox@@YAXPAUclEntityState_t@@I@Z 00404f67 f   cl_ents.obj
 0001:0000406b       ?Lerp@@YAXABUCVec3@@0MAAU1@@Z 0040506b f i cl_ents.obj
 0001:000040a2       ?CL_OffsetThirdPersonView@@YAXXZ 004050a2 f   cl_ents.obj
 0001:0000418a       ?CL_AddEntities@@YAXXZ     0040518a f   cl_ents.obj
 0001:000050bf       ?CL_ClearLightStyles@@YAXXZ 004060bf f   cl_fx.obj
 0001:00005141       ?CL_SetLightstyle@@YAXHPBD@Z 00406141 f   cl_fx.obj
 0001:000051a2       ?CL_AllocDlight@@YAPAUcdlight_t@@HABUCVec3@@@Z 004061a2 f   cl_fx.obj
 0001:0000520b       ?CL_AllocParticleTrace@@YAPAUparticleTrace_t@@ABUCVec3@@0MM@Z 0040620b f   cl_fx.obj
 0001:0000529a       ?CL_AllocParticleBeam@@YAPAUbeam_t@@ABUCVec3@@0MM@Z 0040629a f   cl_fx.obj
 0001:0000530e       ?CL_AllocParticle@@YAPAUparticle_t@@XZ 0040630e f   cl_fx.obj
 0001:00005361       ?CL_MetalSparks@@YAXABUCVec3@@0H@Z 00406361 f   cl_fx.obj
 0001:0000544e       ?CL_AddEffects@@YAXXZ      0040644e f   cl_fx.obj
 0001:00005b53       ?CL_ClearEffects@@YAXXZ    00406b53 f   cl_fx.obj
 0001:00005bd5       ?CL_EntityEvent@@YAXPAUclEntityState_t@@@Z 00406bd5 f   cl_fx.obj
 0001:00005d89       ?CL_ParseMuzzleFlash@@YAXXZ 00406d89 f   cl_fx.obj
 0001:000060f9       ?CL_ParseMuzzleFlash2@@YAXXZ 004070f9 f   cl_fx.obj
 0001:0000656f       ?CL_ParticleEffect@@YAXABUCVec3@@0HH@Z 0040756f f   cl_fx.obj
 0001:00006719       ?CL_ParticleEffect2@@YAXABUCVec3@@0HH@Z 00407719 f   cl_fx.obj
 0001:00006741       ?CL_ParticleEffect3@@YAXABUCVec3@@0HH@Z 00407741 f   cl_fx.obj
 0001:00006769       ?CL_TeleporterParticles@@YAXPAUclEntityState_t@@@Z 00407769 f   cl_fx.obj
 0001:00006788       ?CL_LogoutEffect@@YAXABUCVec3@@H@Z 00407788 f   cl_fx.obj
 0001:000067be       ?CL_ItemRespawnParticles@@YAXABUCVec3@@@Z 004077be f   cl_fx.obj
 0001:000067d9       ?CL_ExplosionParticles@@YAXABUCVec3@@@Z 004077d9 f   cl_fx.obj
 0001:000067f7       ?CL_BFGExplosionParticles@@YAXABUCVec3@@@Z 004077f7 f   cl_fx.obj
 0001:00006815       ?CL_TrackerExplosionParticles@@YAXABUCVec3@@@Z 00407815 f   cl_fx.obj
 0001:00006833       ?CL_BlasterParticles@@YAXABUCVec3@@0I@Z 00407833 f   cl_fx.obj
 0001:00006859       ?CL_BlasterTrail@@YAXAAUcentity_t@@@Z 00407859 f   cl_fx.obj
 0001:0000695c       ?CL_BlasterTrail2@@YAXAAUcentity_t@@@Z 0040795c f   cl_fx.obj
 0001:0000696f       ?CL_FlagTrail@@YAXAAUcentity_t@@H@Z 0040796f f   cl_fx.obj
 0001:0000698b       ?CL_RocketTrail@@YAXAAUcentity_t@@@Z 0040798b f   cl_fx.obj
 0001:000069ca       ?CL_BubbleTrail@@YAXABUCVec3@@0@Z 004079ca f   cl_fx.obj
 0001:00006a64       ?CL_BubbleTrail2@@YAXABUCVec3@@0@Z 00407a64 f   cl_fx.obj
 0001:00006a7c       ?CL_TagTrail@@YAXAAUcentity_t@@@Z 00407a7c f   cl_fx.obj
 0001:00006a8f       ?CL_DebugTrail@@YAXABUCVec3@@0@Z 00407a8f f   cl_fx.obj
 0001:00006aa7       ?CL_ForceWall@@YAXABUCVec3@@0H@Z 00407aa7 f   cl_fx.obj
 0001:00006ac8       ?CL_BigTeleportParticles@@YAXABUCVec3@@@Z 00407ac8 f   cl_fx.obj
 0001:00006bfa       ?CL_BfgParticles@@YAXABUCVec3@@@Z 00407bfa f   cl_fx.obj
 0001:00006d62       ?CL_FlyEffect@@YAXAAUcentity_t@@@Z 00407d62 f   cl_fx.obj
 0001:00006eee       ?CL_DiminishingTrail@@YAXAAUcentity_t@@H@Z 00407eee f   cl_fx.obj
 0001:00007048       ?CL_RailTrail@@YAXABUCVec3@@0@Z 00408048 f   cl_fx.obj
 0001:000071af       ?CL_RailTrailExt@@YAXABUCVec3@@0EE@Z 004081af f   cl_fx.obj
 0001:000072f4       ?CL_IonripperTrail@@YAXAAUcentity_t@@@Z 004082f4 f   cl_fx.obj
 0001:00007443       ?CL_TrapParticles@@YAXABUCVec3@@@Z 00408443 f   cl_fx.obj
 0001:000075d7       ?CL_TeleportParticles@@YAXABUCVec3@@@Z 004085d7 f   cl_fx.obj
 0001:0000770d       ?CL_Heatbeam@@YAXABUCVec3@@0@Z 0040870d f   cl_fx.obj
 0001:000079b3       ?CL_ParticleSteamEffect@@YAXABUCVec3@@0HHH@Z 004089b3 f   cl_fx.obj
 0001:00007adf       ?CL_ParticleSmokeEffect@@YAXABUCVec3@@0@Z 00408adf f   cl_fx.obj
 0001:00007bea       ?CL_TrackerTrail@@YAXAAUcentity_t@@@Z 00408bea f   cl_fx.obj
 0001:00007d68       ?CL_TrackerShell@@YAXABUCVec3@@@Z 00408d68 f   cl_fx.obj
 0001:00007df4       ?CL_MonsterPlasmaShell@@YAXABUCVec3@@@Z 00408df4 f   cl_fx.obj
 0001:00007e7d       ?CL_WidowSplash@@YAXABUCVec3@@@Z 00408e7d f   cl_fx.obj
 0001:00007f4e       ?IN_CenterView@@YAXXZ      00408f4e f   cl_input.obj
 0001:00007f6f       ?CL_InitInput@@YAXXZ       00408f6f f   cl_input.obj
 0001:0000850b       ?CL_SendCmd@@YAXXZ         0040950b f   cl_input.obj
 0001:00008b89       ?CL_WriteDemoMessage@@YAXXZ 00409b89 f   cl_main.obj
 0001:00008bcb       ?Cmd_ForwardToServer@@YAXHPAPAD@Z 00409bcb f   cl_main.obj
 0001:00008c8e       ?CL_ForwardToServer_f@@YAXHPAPAD@Z 00409c8e f   cl_main.obj
 0001:00008cd6       ?CL_Pause@@YAX_N@Z         00409cd6 f   cl_main.obj
 0001:00008d18       ?CL_Quit_f@@YAXXZ          00409d18 f   cl_main.obj
 0001:00008d22       ?CL_Drop@@YAX_N@Z          00409d22 f   cl_main.obj
 0001:00008d49       ?CL_SendConnectPacket@@YAXXZ 00409d49 f   cl_main.obj
 0001:00008db5       ?CL_Connect_f@@YAX_NHPAPAD@Z 00409db5 f   cl_main.obj
 0001:00008e35       ?CL_Rcon_f@@YAXHPAPAD@Z    00409e35 f   cl_main.obj
 0001:00008f31       ?CL_Disconnect@@YAXXZ      00409f31 f   cl_main.obj
 0001:000090d3       ?CL_Disconnect_f@@YAXXZ    0040a0d3 f   cl_main.obj
 0001:000090dd       ?CL_Changing_f@@YAXXZ      0040a0dd f   cl_main.obj
 0001:00009101       ?CL_Reconnect_f@@YAXXZ     0040a101 f   cl_main.obj
 0001:0000919d       ?CL_PingServers_f@@YAXXZ   0040a19d f   cl_main.obj
 0001:000092b6       ?CL_Skins_f@@YAXXZ         0040a2b6 f   cl_main.obj
 0001:0000959e       ?CL_ConnectionlessPacket@@YAXXZ 0040a59e f   cl_main.obj
 0001:0000969b       ?CL_ReadPackets@@YAXXZ     0040a69b f   cl_main.obj
 0001:000097de       ?CL_Userinfo_f@@YAXXZ      0040a7de f   cl_main.obj
 0001:000097f6       ?CL_RegisterSounds@@YAXXZ  0040a7f6 f   cl_main.obj
 0001:00009835       ?CL_Snd_Restart_f@@YAXXZ   0040a835 f   cl_main.obj
 0001:00009844       ?CL_WriteConfiguration@@YAXPBD@Z 0040a844 f   cl_main.obj
 0001:000098ff       ?CL_WriteConfig_f@@YAX_NHPAPAD@Z 0040a8ff f   cl_main.obj
 0001:0000996a       ?CL_FixCvarCheats@@YAXXZ   0040a96a f   cl_main.obj
 0001:000099bb       ?CL_Frame@@YAXMM@Z         0040a9bb f   cl_main.obj
 0001:00009cf4       ?CL_ClearState@@YAXXZ      0040acf4 f   cl_main.obj
 0001:00009d32       ?CL_Init@@YAXXZ            0040ad32 f   cl_main.obj
 0001:0000a200       ?CL_Shutdown@@YAX_N@Z      0040b200 f   cl_main.obj
 0001:0000a255       ?sprintf@?$TString@$0EAA@@@QAAHPBDZZ 0040b255 f i cl_main.obj
 0001:0000a271       ?CL_ParseClientinfo@@YAXH@Z 0040b271 f   cl_parse.obj
 0001:0000a326       ?CL_UpdatePlayerClientInfo@@YAXXZ 0040b326 f   cl_parse.obj
 0001:0000a367       ?CL_ParseServerMessage@@YAXXZ 0040b367 f   cl_parse.obj
 0001:0000ab41       ?FreePlayerModelsInfo@@YAXXZ 0040bb41 f   cl_playermodel.obj
 0001:0000ab67       ?ScanQuake3Models@@YAXPBD@Z 0040bb67 f   cl_playermodel.obj
 0001:0000ace6       ?ScanPlayerModels@@YA_NXZ  0040bce6 f   cl_playermodel.obj
 0001:0000afa4       ?RunAnimation@@YAXAAUclientInfo_t@@AAUanimState_t@@H@Z 0040bfa4 f   cl_playermodel.obj
 0001:0000b185       ?CL_LoadClientinfo@@YAXAAUclientInfo_t@@PBD_N@Z 0040c185 f   cl_playermodel.obj
 0001:0000bd61       ?ParsePlayerEntity@@YAHAAUcentity_t@@AAUclientInfo_t@@PAUclEntityState_t@@ABUentity_t@@PAU4@HH@Z 0040cd61 f   cl_playermodel.obj
 0001:0000c8b7       ?Insert@?$TList@VplayerModelInfo_t@@@@QAE_NPAVplayerModelInfo_t@@@Z 0040d8b7 f i cl_playermodel.obj
 0001:0000c8b7       ?Insert@?$TList@VshaderScript_t@OpenGLDrv@@@@QAE_NPAVshaderScript_t@OpenGLDrv@@@Z 0040d8b7 f i cl_playermodel.obj
 0001:0000c8b7       ?Insert@?$TList@VCStringItem@@@@QAE_NPAVCStringItem@@@Z 0040d8b7 f i cl_playermodel.obj
 0001:0000c8ed       ?CL_CheckPredictionError@@YAXXZ 0040d8ed f   cl_pred.obj
 0001:0000ca83       ?CL_EntityTrace@@YAXAAUtrace_t@@ABUCVec3@@1ABUCBox@@H@Z 0040da83 f   cl_pred.obj
 0001:0000ce1c       ?CL_Trace@@YAXAAUtrace_t@@ABUCVec3@@1ABUCBox@@H@Z 0040de1c f   cl_pred.obj
 0001:0000ce98       ?CL_PMpointcontents@@YAHABUCVec3@@@Z 0040de98 f   cl_pred.obj
 0001:0000d024       ?CL_PredictMovement@@YAXXZ 0040e024 f   cl_pred.obj
 0001:0000d3d7       ?DrawString@@YAXHHPBD@Z    0040e3d7 f   cl_scrn.obj
 0001:0000d41c       ?SCR_DebugGraph@@YAXMH@Z   0040e41c f   cl_scrn.obj
 0001:0000d444       ?SCR_CenterPrint@@YAXPBD@Z 0040e444 f   cl_scrn.obj
 0001:0000d54a       ?Key_Message@@YAXH@Z       0040e54a f   cl_scrn.obj
 0001:0000d5e6       ?SCR_SetLevelshot@@YAXPBD@Z 0040e5e6 f   cl_scrn.obj
 0001:0000d6df       ?SCR_BeginLoadingPlaque@@YAXXZ 0040e6df f   cl_scrn.obj
 0001:0000d764       ?SCR_EndLoadingPlaque@@YAX_N@Z 0040e764 f   cl_scrn.obj
 0001:0000d7e9       ?SCR_ShowConsole@@YAX_N0@Z 0040e7e9 f   cl_scrn.obj
 0001:0000d8ae       ?SCR_ToggleConsole@@YAXXZ  0040e8ae f   cl_scrn.obj
 0001:0000d8d6       ?SCR_TouchPics@@YAXXZ      0040e8d6 f   cl_scrn.obj
 0001:0000d92c       ?SCR_UpdateScreen@@YAXXZ   0040e92c f   cl_scrn.obj
 0001:0000eb70       ?SCR_Init@@YAXXZ           0040fb70 f   cl_scrn.obj
 0001:0000ee9f       ?sprintf@?$TString@$0BA@@@QAAHPBDZZ 0040fe9f f i cl_scrn.obj
 0001:0000eeb8       ?CL_RegisterTEntSounds@@YAXXZ 0040feb8 f   cl_tent.obj
 0001:0000f0fd       ?CL_RegisterTEntModels@@YAXXZ 004100fd f   cl_tent.obj
 0001:0000f24a       ?CL_ClearTEnts@@YAXXZ      0041024a f   cl_tent.obj
 0001:0000f27b       ?CL_SmokeAndFlash@@YAXABUCVec3@@@Z 0041027b f   cl_tent.obj
 0001:0000f411       ?CL_ParsePlayerBeam@@YAHPAVCRenderModel@@@Z 00410411 f   cl_tent.obj
 0001:0000f51c       ?CL_ParseLightning@@YAHPAVCRenderModel@@@Z 0041051c f   cl_tent.obj
 0001:0000f5de       ?CL_ParseWidow@@YAXXZ      004105de f   cl_tent.obj
 0001:0000f714       ?CL_ParseNuke@@YAXXZ       00410714 f   cl_tent.obj
 0001:0000f827       ?CL_ParseTEnt@@YAXXZ       00410827 f   cl_tent.obj
 0001:0001060e       ?CL_AddBeams@@YAXXZ        0041160e f   cl_tent.obj
 0001:00010810       ?CL_AddPlayerBeams@@YAXXZ  00411810 f   cl_tent.obj
 0001:00010e17       ?CL_AddTEnts@@YAXXZ        00411e17 f   cl_tent.obj
 0001:00011017       ?V_AddEntity@@YAXPAUentity_t@@@Z 00412017 f   cl_view.obj
 0001:00011052       ?V_AddEntity2@@YAXPAUentity_t@@@Z 00412052 f   cl_view.obj
 0001:00011081       ?AddEntityWithEffects2@@YAXPAUentity_t@@I@Z 00412081 f   cl_view.obj
 0001:0001113d       ?AddEntityWithEffects@@YAXPAUentity_t@@I@Z 0041213d f   cl_view.obj
 0001:0001115c       ?V_AddLight@@YAXABUCVec3@@MMMM@Z 0041215c f   cl_view.obj
 0001:000111a1       ?V_TestEntities@@YAXXZ     004121a1 f   cl_view.obj
 0001:000112ce       ?V_TestLights@@YAXXZ       004122ce f   cl_view.obj
 0001:000113a4       ?V_InitRenderer@@YAXXZ     004123a4 f   cl_view.obj
 0001:0001178c       ?CalcFov@@YAMMMM@Z         0041278c f   cl_view.obj
 0001:000117fa       ?V_RenderView@@YA_NXZ      004127fa f   cl_view.obj
 0001:0001242e       ?V_Init@@YAXXZ             0041342e f   cl_view.obj
 0001:000124dd       ?Con_ClearNotify@@YAXXZ    004134dd f   console.obj
 0001:000124ec       ?Con_CheckResize@@YAXXZ    004134ec f   console.obj
 0001:00012613       ?Write@COutputDeviceCon@@UAE_NPBD@Z 00413613 f   console.obj
 0001:0001290f       ?Con_DrawNotify@@YAX_N@Z   0041390f f   console.obj
 0001:00012a27       ?Con_DrawConsole@@YAXM@Z   00413a27 f   console.obj
 0001:00012caf       ?Con_ClearTyping@@YAXXZ    00413caf f   console.obj
 0001:00012cc8       ?Key_Console@@YAXHH@Z      00413cc8 f   console.obj
 0001:00013110       ?Con_Init@@YAXXZ           00414110 f   console.obj
 0001:00013282       ?Key_KeynumToString@@YAPBDH@Z 00414282 f   keys.obj
 0001:00013342       ?Draw@completeMenu_t@@UAEXXZ 00414342 f i keys.obj
 0001:00013373       ?KeyDown@completeMenu_t@@UAEPBDH@Z 00414373 f i keys.obj
 0001:0001339c       ?Init@completeMenu_t@@UAE_NXZ 0041439c f i keys.obj
 0001:000134c3       ?CompleteMenuCallback@completeMenu_t@@SAXPAX@Z 004144c3 f i keys.obj
 0001:00013551       ?CompleteCommand@@YAXXZ    00414551 f   keys.obj
 0001:00013c86       ?Key_SetBinding@@YAXHPBD@Z 00414c86 f   keys.obj
 0001:00013cc4       ?Key_FindBinding@@YAHPBDPAHH@Z 00414cc4 f   keys.obj
 0001:00013d12       ?Key_WriteBindings@@YAXPAU_iobuf@@@Z 00414d12 f   keys.obj
 0001:00013d5a       ?Key_Init@@YAXXZ           00414d5a f   keys.obj
 0001:0001403e       ?Key_Event@@YAXH_N@Z       0041503e f   keys.obj
 0001:00014397       ?Key_ClearStates@@YAXXZ    00415397 f   keys.obj
 0001:000143cc       ?M_ForceMenuOn@@YAXXZ      004153cc f   menu.obj
 0001:000143eb       ?Draw@menuMain_t@@UAEXXZ   004153eb f i menu.obj
 0001:00014527       ?KeyDown@menuMain_t@@UAEPBDH@Z 00415527 f i menu.obj
 0001:000145e3       ?Init@menuMain_t@@UAE_NXZ  004155e3 f i menu.obj
 0001:000145eb       ?M_Menu_Main_f@@YAXXZ      004155eb f   menu.obj
 0001:00014605       ?Init@multiplayerMenu_t@@UAE_NXZ 00415605 f i menu.obj
 0001:00014729       ?Init@keysMenu_t@@UAE_NXZ  00415729 f i menu.obj
 0001:0001490e       ?KeyCursorDrawFunc@keysMenu_t@@SAXPAUmenuFramework_t@@@Z 0041590e f i menu.obj
 0001:0001494e       ?DrawKeyBindingFunc@keysMenu_t@@SAXPAX@Z 0041594e f i menu.obj
 0001:00014a15       ?KeyDown@keysMenu_t@@UAEPBDH@Z 00415a15 f i menu.obj
 0001:00014ac2       ?UnbindCommand@keysMenu_t@@QAEXPAD@Z 00415ac2 f i menu.obj
 0001:00014b07       ?KeyBindingFunc@keysMenu_t@@QAEXPAX@Z 00415b07 f i menu.obj
 0001:00014b66       ?Init@optionsMenu_t@@UAE_NXZ 00415b66 f i menu.obj
 0001:00014fc4       ?CrosshairFunc@optionsMenu_t@@SAXPAX@Z 00415fc4 f i menu.obj
 0001:00014fec       ?JoystickFunc@optionsMenu_t@@SAXPAX@Z 00415fec f i menu.obj
 0001:00015001       ?AlwaysRunFunc@optionsMenu_t@@SAXPAX@Z 00416001 f i menu.obj
 0001:00015016       ?FreeLookFunc@optionsMenu_t@@SAXPAX@Z 00416016 f i menu.obj
 0001:0001502b       ?MouseSpeedFunc@optionsMenu_t@@SAXPAX@Z 0041602b f i menu.obj
 0001:00015048       ?InvertMouseFunc@optionsMenu_t@@SAXPAX@Z 00416048 f i menu.obj
 0001:00015063       ?LookspringFunc@optionsMenu_t@@SAXPAX@Z 00416063 f i menu.obj
 0001:0001507f       ?LookstrafeFunc@optionsMenu_t@@SAXPAX@Z 0041607f f i menu.obj
 0001:0001509b       ?UpdateVolumeFunc@optionsMenu_t@@SAXPAX@Z 0041609b f i menu.obj
 0001:000150b8       ?UpdateCDVolumeFunc@optionsMenu_t@@SAXPAX@Z 004160b8 f i menu.obj
 0001:000150d2       ?SetMenuItemValues@optionsMenu_t@@SAXXZ 004160d2 f i menu.obj
 0001:000152b0       ?ResetDefaultsFunc@optionsMenu_t@@SAXPAX@Z 004162b0 f i menu.obj
 0001:000152c5       ?UpdateSoundFunc@optionsMenu_t@@SAXPAX@Z 004162c5 f i menu.obj
 0001:000154c8       ?ScanCrosshairs@optionsMenu_t@@SAXXZ 004164c8 f i menu.obj
 0001:00015525       ?Draw@optionsMenu_t@@UAEXXZ 00416525 f i menu.obj
 0001:0001558a       ?Draw@creditsMenu_t@@UAEXXZ 0041658a f i menu.obj
 0001:00015631       ?KeyDown@creditsMenu_t@@UAEPBDH@Z 00416631 f i menu.obj
 0001:0001566c       ?Init@creditsMenu_t@@UAE_NXZ 0041666c f i menu.obj
 0001:00015734       ?Init@gameMenu_t@@UAE_NXZ  00416734 f i menu.obj
 0001:000158bf       ?EasyGameFunc@gameMenu_t@@SAXPAX@Z 004168bf f i menu.obj
 0001:000158cb       ?StartGame@gameMenu_t@@SAXPBD@Z 004168cb f i menu.obj
 0001:00015923       ?MediumGameFunc@gameMenu_t@@SAXPAX@Z 00416923 f i menu.obj
 0001:0001592f       ?HardGameFunc@gameMenu_t@@SAXPAX@Z 0041692f f i menu.obj
 0001:0001594b       ?Init@savegameMenu_t@@UAE_NXZ 0041694b f i menu.obj
 0001:00015a5b       ?Create_Savestrings@savegameMenu_t@@QAEXXZ 00416a5b f i menu.obj
 0001:00015b05       ?LoadGameCallback@savegameMenu_t@@SAXPAX@Z 00416b05 f i menu.obj
 0001:00015b2e       ?SaveGameCallback@savegameMenu_t@@SAXPAX@Z 00416b2e f i menu.obj
 0001:00015b4d       ?Draw@savegameMenu_t@@UAEXXZ 00416b4d f i menu.obj
 0001:00015b68       ?DrawSavegameShot@savegameMenu_t@@QAEXHH@Z 00416b68 f i menu.obj
 0001:00015c43       ?Init@joinserverMenu_t@@UAE_NXZ 00416c43 f i menu.obj
 0001:00015d6c       ?JoinServerFunc@joinserverMenu_t@@SAXPAX@Z 00416d6c f i menu.obj
 0001:00015dce       ?SearchLocalGames@joinserverMenu_t@@SAXXZ 00416dce f i menu.obj
 0001:00015e39       ?M_AddToServerList@@YAXUnetadr_t@@PAD@Z 00416e39 f   menu.obj
 0001:00015eba       ?Init@startserverMenu_t@@UAE_NXZ 00416eba f i menu.obj
 0001:0001635c       ?DMOptionsFunc@startserverMenu_t@@SAXPAX@Z 0041735c f i menu.obj
 0001:0001636c       ?RulesChangeFunc@startserverMenu_t@@SAXPAX@Z 0041736c f i menu.obj
 0001:000163e6       ?StartServerActionFunc@startserverMenu_t@@SAXPAX@Z 004173e6 f i menu.obj
 0001:00016411       ?StartServerFunc@startserverMenu_t@@SAXPAD@Z 00417411 f i menu.obj
 0001:00016648       ?KeyDown@startserverMenu_t@@UAEPBDH@Z 00417648 f i menu.obj
 0001:000166a5       ?Init@dmoptionsMenu_t@@UAE_NXZ 004176a5 f i menu.obj
 0001:00016c84       ?DMFlagCallback@dmoptionsMenu_t@@SAXPAX@Z 00417c84 f i menu.obj
 0001:00016e5f       ?Init@downloadOptionsMenu_t@@UAE_NXZ 00417e5f f i menu.obj
 0001:0001702a       ?DownloadCallback@downloadOptionsMenu_t@@SAXPAX@Z 0041802a f i menu.obj
 0001:00017095       ?Init@addressBookMenu_t@@UAE_NXZ 00418095 f i menu.obj
 0001:0001713d       ?KeyDown@addressBookMenu_t@@UAEPBDH@Z 0041813d f i menu.obj
 0001:0001719a       ?Init@playerConfigMenu_t@@UAE_NXZ 0041819a f i menu.obj
 0001:000176e1       ?HandednessCallback@playerConfigMenu_t@@SAXPAX@Z 004186e1 f i menu.obj
 0001:000176f6       ?RTypeCallback@playerConfigMenu_t@@SAXPAX@Z 004186f6 f i menu.obj
 0001:0001770b       ?RColorCallback@playerConfigMenu_t@@SAXPAX@Z 0041870b f i menu.obj
 0001:00017720       ?RateCallback@playerConfigMenu_t@@SAXPAX@Z 00418720 f i menu.obj
 0001:00017743       ?ModelCallback@playerConfigMenu_t@@SAXPAX@Z 00418743 f i menu.obj
 0001:00017777       ?SkinCallback@playerConfigMenu_t@@SAXPAX@Z 00418777 f i menu.obj
 0001:0001777f       ?Draw@playerConfigMenu_t@@UAEXXZ 0041877f f i menu.obj
 0001:00017a57       ?KeyDown@playerConfigMenu_t@@UAEPBDH@Z 00418a57 f i menu.obj
 0001:00017b36       ?Init@dmbrowseMenu_t@@UAE_NXZ 00418b36 f i menu.obj
 0001:00017d3c       ?KeyDown@dmbrowseMenu_t@@UAEPBDH@Z 00418d3c f i menu.obj
 0001:00017f00       ?Draw@dmbrowseMenu_t@@UAEXXZ 00418f00 f i menu.obj
 0001:00018045       ?DrawThumbnail@dmbrowseMenu_t@@SAXHHHHPAD_N@Z 00419045 f i menu.obj
 0001:0001812c       ?Init@videoMenu_t@@UAE_NXZ 0041912c f i menu.obj
 0001:000186e5       ?ScreenSizeCallback@videoMenu_t@@SAXPAX@Z 004196e5 f i menu.obj
 0001:00018703       ?BrightnessCallback@videoMenu_t@@SAXPAX@Z 00419703 f i menu.obj
 0001:00018721       ?ContrastCallback@videoMenu_t@@SAXPAX@Z 00419721 f i menu.obj
 0001:0001875a       ?CancelChanges@videoMenu_t@@SAXPAX@Z 0041975a f i menu.obj
 0001:0001877b       ?KeyDown@videoMenu_t@@UAEPBDH@Z 0041977b f i menu.obj
 0001:000187c2       ?ApplyChanges@videoMenu_t@@SAXPAX@Z 004197c2 f i menu.obj
 0001:00018979       ?KeyDown@quitMenu_t@@UAEPBDH@Z 00419979 f i menu.obj
 0001:000189b1       ?Draw@quitMenu_t@@UAEXXZ   004199b1 f i menu.obj
 0001:00018a21       ?M_Init@@YAXXZ             00419a21 f   menu.obj
 0001:00018c03       ?ItemAtCursor@menuFramework_t@@QAEPAUmenuCommon_t@@XZ 00419c03 f   qmenu.obj
 0001:00018c57       ?AddItem@menuFramework_t@@QAEXPAUmenuCommon_t@@@Z 00419c57 f   qmenu.obj
 0001:00018d13       ?AdjustCursor@menuFramework_t@@QAEXH@Z 00419d13 f   qmenu.obj
 0001:00018e82       ?Center@menuFramework_t@@QAEXXZ 00419e82 f   qmenu.obj
 0001:00018ec3       ?Draw@menuFramework_t@@UAEXXZ 00419ec3 f   qmenu.obj
 0001:00019488       ?SelectItem@menuFramework_t@@QAE_NXZ 0041a488 f   qmenu.obj
 0001:000194e6       ?SetStatusBar@menuFramework_t@@QAEXPBD@Z 0041a4e6 f   qmenu.obj
 0001:000194f0       ?SlideItem@menuFramework_t@@QAEXH@Z 0041a4f0 f   qmenu.obj
 0001:00019a6d       ?Push@menuFramework_t@@QAEXXZ 0041aa6d f   qmenu.obj
 0001:00019aec       ?M_ForceMenuOff@@YAXXZ     0041aaec f   qmenu.obj
 0001:00019b19       ?Pop@menuFramework_t@@QAEXXZ 0041ab19 f   qmenu.obj
 0001:00019b53       ?KeyDown@menuFramework_t@@UAEPBDH@Z 0041ab53 f   qmenu.obj
 0001:00019dc7       ?Init@menuFramework_t@@UAE_NXZ 0041adc7 f   qmenu.obj
 0001:00019dca       ?M_Draw@@YAXXZ             0041adca f   qmenu.obj
 0001:00019e05       ?M_Keydown@@YAXH@Z         0041ae05 f   qmenu.obj
 0001:00019e24       ?InitRendererVars@@YAXXZ   0041ae24 f   ref_vars.obj
 0001:00019e43       ?S_SoundInfo_f@@YAXXZ      0041ae43 f   snd_dma.obj
 0001:00019ecd       ?S_Init@@YAXXZ             0041aecd f   snd_dma.obj
 0001:00019f9f       ?S_Shutdown@@YAXXZ         0041af9f f   snd_dma.obj
 0001:0001a032       ?S_BeginRegistration@@YAXXZ 0041b032 f   snd_dma.obj
 0001:0001a040       ?S_RegisterSound@@YAPAUsfx_t@@PBD@Z 0041b040 f   snd_dma.obj
 0001:0001a1d6       ?S_EndRegistration@@YAXXZ  0041b1d6 f   snd_dma.obj
 0001:0001a259       ?S_PickChannel@@YAPAUchannel_t@@HH@Z 0041b259 f   snd_dma.obj
 0001:0001a2e6       ?S_Spatialize@@YAXPAUchannel_t@@@Z 0041b2e6 f   snd_dma.obj
 0001:0001a4c6       ?S_AllocPlaysound@@YAPAUplaysound_t@@XZ 0041b4c6 f   snd_dma.obj
 0001:0001a4e8       ?S_FreePlaysound@@YAXPAUplaysound_t@@@Z 0041b4e8 f   snd_dma.obj
 0001:0001a518       ?S_IssuePlaysound@@YAXPAUplaysound_t@@@Z 0041b518 f   snd_dma.obj
 0001:0001a5e5       ?S_StartSound@@YAXPBUCVec3@@HHPAUsfx_t@@MMM@Z 0041b5e5 f   snd_dma.obj
 0001:0001a994       ?S_StartLocalSound@@YAXPBD@Z 0041b994 f   snd_dma.obj
 0001:0001a9e3       ?S_ClearBuffer@@YAXXZ      0041b9e3 f   snd_dma.obj
 0001:0001aa4c       ?S_StopAllSounds_f@@YAXXZ  0041ba4c f   snd_dma.obj
 0001:0001aabc       ?S_AddLoopSounds@@YAXXZ    0041babc f   snd_dma.obj
 0001:0001ac92       ?S_RawSamples@@YAXHHHHPAE@Z 0041bc92 f   snd_dma.obj
 0001:0001ae96       ?S_Update@@YAXABUCVec3@@0@Z 0041be96 f   snd_dma.obj
 0001:0001af6c       ?GetSoundtime@@YAXXZ       0041bf6c f   snd_dma.obj
 0001:0001afd3       ?S_Update_@@YAXXZ          0041bfd3 f   snd_dma.obj
 0001:0001b286       ?ResampleSfx@@YAXPAUsfx_t@@HHPAE@Z 0041c286 f   snd_mem.obj
 0001:0001b3a1       ?S_LoadSound@@YAPAUsfxcache_t@@PAUsfx_t@@@Z 0041c3a1 f   snd_mem.obj
 0001:0001b4d9       ?GetWavinfo@@YA?AUwavinfo_t@@PADPAEH@Z 0041c4d9 f   snd_mem.obj
 0001:0001b71b       ?S_WriteLinearBlastStereo16@@YAXXZ 0041c71b f   snd_mix.obj
 0001:0001b78f       ?S_TransferStereo16@@YAXPAKH@Z 0041c78f f   snd_mix.obj
 0001:0001b7f8       ?S_TransferPaintBuffer@@YAXH@Z 0041c7f8 f   snd_mix.obj
 0001:0001b95c       ?S_PaintChannels@@YAXH@Z   0041c95c f   snd_mix.obj
 0001:0001bbd8       ?S_InitScaletable@@YAXXZ   0041cbd8 f   snd_mix.obj
 0001:0001bd99       ?SV_ComputeAnimation@@YAXPAUplayer_state_t@@AAUentityStateEx_t@@PAU2@PAUedict_s@@@Z 0041cd99 f   sv_anim.obj
 0001:0001c196       ?SV_ReadLevelFile@@YAXXZ   0041d196 f   sv_ccmds.obj
 0001:0001c244       ?SV_AddressBanned@@YA_NPAUnetadr_t@@@Z 0041d244 f   sv_ccmds.obj
 0001:0001c285       ?SV_InitCommands@@YAXXZ    0041d285 f   sv_ccmds.obj
 0001:0001d6df       ?sprintf@?$TString@$0CI@@@QAAHPBDZZ 0041e6df f i sv_ccmds.obj
 0001:0001d6f8       ?SV_WriteFrameToClient@@YAXPAUclient_t@@PAVsizebuf_t@@@Z 0041e6f8 f   sv_ents.obj
 0001:0001de3e       ?SV_RecordDemoMessage@@YAXXZ 0041ee3e f   sv_ents.obj
 0001:0001ea10       ?SV_InitGameLibrary@@YAX_N@Z 0041fa10 f   sv_game.obj
 0001:0001eb56       ?SV_ShutdownGameLibrary@@YAXXZ 0041fb56 f   sv_game.obj
 0001:0001ecb3       ?SV_FindIndex@@YAHPBDHH_N@Z 0041fcb3 f   sv_init.obj
 0001:0001edc0       ?SV_ModelIndex@@YAHPBD@Z   0041fdc0 f   sv_init.obj
 0001:0001edd6       ?SV_SoundIndex@@YAHPBD@Z   0041fdd6 f   sv_init.obj
 0001:0001edef       ?SV_ImageIndex@@YAHPBD@Z   0041fdef f   sv_init.obj
 0001:0001ee08       ?SV_CreateBaseline@@YAXXZ  0041fe08 f   sv_init.obj
 0001:0001ee85       ?SV_SpawnServer@@YAXPAD0W4server_state_t@@_N2@Z 0041fe85 f   sv_init.obj
 0001:0001f1ad       ?SV_InitGame@@YAXXZ        004201ad f   sv_init.obj
 0001:0001f3e3       ?SV_Map@@YAX_NPBD0@Z       004203e3 f   sv_init.obj
 0001:0001f5a5       ?SV_DropClient@@YAXPAUclient_t@@PAD@Z 004205a5 f   sv_main.obj
 0001:0001ff1f       ??0COutputDeviceMem@@QAE@H@Z 00420f1f f i sv_main.obj
 0001:0001ff46       ?Write@COutputDeviceMem@@UAE_NPBD@Z 00420f46 f i sv_main.obj
 0001:0001ffb9       ?Write@COutputDeviceMem2@@UAE_NPBD@Z 00420fb9 f i sv_main.obj
 0001:0001ffc7       ??_GCOutputDeviceMem2@@QAEPAXI@Z 00420fc7 f i sv_main.obj
 0001:0001ffc7       ??_GCOutputDeviceMem@@QAEPAXI@Z 00420fc7 f i sv_main.obj
 0001:0001fff2       ?SV_ConnectionlessPacket@@YAXXZ 00420ff2 f   sv_main.obj
 0001:000200bd       ?SV_CalcPings@@YAXXZ       004210bd f   sv_main.obj
 0001:00020144       ?SV_GiveMsec@@YAXXZ        00421144 f   sv_main.obj
 0001:00020183       ?SV_ReadPackets@@YAXXZ     00421183 f   sv_main.obj
 0001:000202cb       ?SV_CheckTimeouts@@YAXXZ   004212cb f   sv_main.obj
 0001:000203dc       ?SV_PostprocessFrame@@YAXXZ 004213dc f   sv_main.obj
 0001:00020899       ?SV_MulticastHook@@YAPAVsizebuf_t@@PAV1@0@Z 00421899 f   sv_main.obj
 0001:00020c89       ?SV_TraceHook@@YA?AUtrace_t@@ABUCVec3@@PBU2@10PAUedict_s@@H@Z 00421c89 f   sv_main.obj
 0001:00020e27       ?SV_Frame@@YAXM@Z          00421e27 f   sv_main.obj
 0001:000210e0       ?SV_UserinfoChanged@@YAXPAUclient_t@@@Z 004220e0 f   sv_main.obj
 0001:000211a4       ?SV_InitVars@@YAXXZ        004221a4 f   sv_main.obj
 0001:000211b3       ?SV_Init@@YAXXZ            004221b3 f   sv_main.obj
 0001:0002120c       ?SV_Shutdown@@YAXPBD_N@Z   0042220c f   sv_main.obj
 0001:00021412       ?SV_ClientPrintf@@YAXPAUclient_t@@HPBDZZ 00422412 f   sv_send.obj
 0001:0002146d       ?SV_BroadcastPrintf@@YAXHPBDZZ 0042246d f   sv_send.obj
 0001:00021543       ?SV_BroadcastCommand@@YAXPBDZZ 00422543 f   sv_send.obj
 0001:0002159b       ?SV_Multicast@@YAXABUCVec3@@W4multicast_t@@_N@Z 0042259b f   sv_send.obj
 0001:000217c1       ?SV_MulticastOld@@YAXABUCVec3@@W4multicast_t@@@Z 004227c1 f   sv_send.obj
 0001:000217d4       ?SV_MulticastNew@@YAXABUCVec3@@W4multicast_t@@@Z 004227d4 f   sv_send.obj
 0001:000217e7       ?SV_StartSound@@YAXPBUCVec3@@PAUedict_s@@HHMMM_N@Z 004227e7 f   sv_send.obj
 0001:00021ab4       ?SV_StartSoundOld@@YAXPBUCVec3@@PAUedict_s@@HHMMM@Z 00422ab4 f   sv_send.obj
 0001:00021ae4       ?SV_StartSoundNew@@YAXPBUCVec3@@PAUedict_s@@HHMMM@Z 00422ae4 f   sv_send.obj
 0001:00021b14       ?SV_SendClientDatagram@@YA_NPAUclient_t@@@Z 00422b14 f   sv_send.obj
 0001:00021bd6       ?SV_DemoCompleted@@YAXXZ   00422bd6 f   sv_send.obj
 0001:00021bf2       ?SV_RateDrop@@YA_NPAUclient_t@@@Z 00422bf2 f   sv_send.obj
 0001:00021c3c       ?SV_SendClientMessages@@YAXXZ 00422c3c f   sv_send.obj
 0001:00021da3       ?SV_DrawText3D@@YAXABUCVec3@@PBDI@Z 00422da3 f   sv_text.obj
 0001:00021dda       ?SV_ClearTexts@@YAXXZ      00422dda f   sv_text.obj
 0001:00021de2       ?SV_DrawTexts@@YAXXZ       00422de2 f   sv_text.obj
 0001:00021e33       ?SV_TokenizeString@@YAXPBD@Z 00422e33 f   sv_tokenize.obj
 0001:00021f0a       ?SV_Argc@@YAHXZ            00422f0a f   sv_tokenize.obj
 0001:00021f10       ?SV_Argv@@YAPADH@Z         00422f10 f   sv_tokenize.obj
 0001:00021f2a       ?SV_Args@@YAPADXZ          00422f2a f   sv_tokenize.obj
 0001:000227d0       ?SV_Nextserver@@YAXXZ      004237d0 f   sv_user.obj
 0001:0002285f       ?SV_ClientThink@@YAXPAUclient_t@@PAUusercmd_t@@@Z 0042385f f   sv_user.obj
 0001:000228a2       ?SV_ExecuteClientMessage@@YAXPAUclient_t@@@Z 004238a2 f   sv_user.obj
 0001:00022b69       ?SV_ClearWorld@@YAXXZ      00423b69 f   sv_world.obj
 0001:00022ca4       ?SV_UnlinkEdict@@YAXPAUedict_s@@@Z 00423ca4 f   sv_world.obj
 0001:00022d67       ?SV_LinkEdict@@YAXPAUedict_s@@@Z 00423d67 f   sv_world.obj
 0001:00023352       ?SV_AreaEdicts@@YAHABUCVec3@@0PAPAUedict_s@@HH@Z 00424352 f   sv_world.obj
 0001:00023503       ?SV_PointContents@@YAHABUCVec3@@@Z 00424503 f   sv_world.obj
 0001:0002362a       ?SV_Trace@@YAXAAUtrace_t@@ABUCVec3@@1ABUCBox@@PAUedict_s@@H@Z 0042462a f   sv_world.obj
 0001:00023aa9       ?InitByteDirs@@YAXXZ       00424aa9 f   anorms.obj
 0001:00023ae8       ?Cbuf_AddText@@YAXPBD@Z    00424ae8 f   cmd.obj
 0001:00023b4a       ?Cbuf_CopyToDefer@@YAXXZ   00424b4a f   cmd.obj
 0001:00023b92       ?Cbuf_InsertFromDefer@@YAXXZ 00424b92 f   cmd.obj
 0001:00023c4b       ?Cbuf_Execute@@YAXXZ       00424c4b f   cmd.obj
 0001:00023d51       ?Cmd_Unalias_f@@YAX_NHPAPAD@Z 00424d51 f   cmd.obj
 0001:00023dc7       ?Cmd_WriteAliases@@YAXPAU_iobuf@@@Z 00424dc7 f   cmd.obj
 0001:00023df8       ?RegisterCommand@@YA_NPBDP6AXXZH@Z 00424df8 f   cmd.obj
 0001:00023ec6       ?UnregisterCommand@@YA_NPBD@Z 00424ec6 f   cmd.obj
 0001:00023f57       ?Cmd_ExecuteString@@YA_NPBD@Z 00424f57 f   cmd.obj
 0001:000243aa       ?ExecuteCommand@@YA_NPBDPBUCSimpleCommand@@H@Z 004253aa f   cmd.obj
 0001:000247d4       ?CM_LoadMap@@YAPAUcmodel_t@@PBD_NPAI@Z 004257d4 f   cmodel.obj
 0001:00024f05       ?SetSignbits@cplane_t@@QAEXXZ 00425f05 f i cmodel.obj
 0001:00024f39       ?SetType@cplane_t@@QAEXXZ  00425f39 f i cmodel.obj
 0001:000250f5       ?CM_InlineModel@@YAPAUcmodel_t@@PBD@Z 004260f5 f   cmodel.obj
 0001:00025136       ?CM_NumClusters@@YAHXZ     00426136 f   cmodel.obj
 0001:0002513c       ?CM_NumInlineModels@@YAHXZ 0042613c f   cmodel.obj
 0001:00025142       ?CM_EntityString@@YAPBDXZ  00426142 f   cmodel.obj
 0001:00025148       ?CM_LeafContents@@YAHH@Z   00426148 f   cmodel.obj
 0001:0002516f       ?CM_LeafCluster@@YAHH@Z    0042616f f   cmodel.obj
 0001:000251e5       ?CM_LeafArea@@YAHH@Z       004261e5 f   cmodel.obj
 0001:000253a8       ?CM_HeadnodeForBox@@YAHABUCBox@@@Z 004263a8 f   cmodel.obj
 0001:0002545d       ?CM_PointLeafnum@@YAHABUCVec3@@H@Z 0042645d f   cmodel.obj
 0001:00025500       ?DistanceTo@cplane_t@@QAEMABUCVec3@@@Z 00426500 f i cmodel.obj
 0001:00025544       ?CM_PointContents@@YAHABUCVec3@@H@Z 00426544 f   cmodel.obj
 0001:000255b9       ?CM_TransformedPointContents@@YAHABUCVec3@@H00@Z 004265b9 f   cmodel.obj
 0001:0002569a       ?CM_TransformedPointContents@@YAHABUCVec3@@H0ABUCAxis@@@Z 0042669a f   cmodel.obj
 0001:00025745       ?CM_BoxLeafnums@@YAHABUCBox@@PAHH1H@Z 00426745 f   cmodel.obj
 0001:0002584e       ?BOX_ON_PLANE_SIDE@@YAHABUCBox@@ABUcplane_t@@@Z 0042684e f i cmodel.obj
 0001:000258b8       ?CM_BoxTrace@@YAXAAUtrace_t@@ABUCVec3@@1ABUCBox@@HH@Z 004268b8 f   cmodel.obj
 0001:0002625a       ?CM_TransformedBoxTrace@@YAXAAUtrace_t@@ABUCVec3@@1ABUCBox@@HH11@Z 0042725a f   cmodel.obj
 0001:000263d7       ?CM_TransformedBoxTrace@@YAXAAUtrace_t@@ABUCVec3@@1ABUCBox@@HH1ABUCAxis@@@Z 004273d7 f   cmodel.obj
 0001:00026494       ?CM_BrushTrace@@YAHABUCVec3@@0PAHH@Z 00427494 f   cmodel.obj
 0001:000268a6       ?CM_RefineBrushTrace@@YAHABUCVec3@@0PAHH@Z 004278a6 f   cmodel.obj
 0001:0002694c       ?CM_ClusterPVS@@YAPAEH@Z   0042794c f   cmodel.obj
 0001:00026a90       ?CM_ClusterPHS@@YAPAEH@Z   00427a90 f   cmodel.obj
 0001:00026bf3       ?CM_SetAreaPortalState@@YAXH_N@Z 00427bf3 f   cmodel.obj
 0001:00026c18       ?CM_AreasConnected@@YA_NHH@Z 00427c18 f   cmodel.obj
 0001:00026c5c       ?CM_WriteAreaBits@@YAHPAEH@Z 00427c5c f   cmodel.obj
 0001:00026cfe       ?CM_WritePortalState@@YAXPAU_iobuf@@@Z 00427cfe f   cmodel.obj
 0001:00026d18       ?CM_ReadPortalState@@YAXPAU_iobuf@@@Z 00427d18 f   cmodel.obj
 0001:00026d36       ?CM_HeadnodeVisible@@YA_NHPBE@Z 00427d36 f   cmodel.obj
 0001:00026e11       ?Com_DPrintf@@YAXPBDZZ     00427e11 f   common.obj
 0001:00026e8a       ?DebugPrintf@@YAXPBDZZ     00427e8a f   common.obj
 0001:00026f34       ?Com_Quit@@YAXXZ           00427f34 f   common.obj
 0001:00026f54       ?IPWildcard@@YA_NPAUnetadr_t@@PBD@Z 00427f54 f   common.obj
 0001:0002702e       ?Com_ServerState@@YA?AW4server_state_t@@XZ 0042802e f   common.obj
 0001:00027034       ?Com_SetServerState@@YAXW4server_state_t@@@Z 00428034 f   common.obj
 0001:0002703e       ?frand@@YAMXZ              0042803e f   common.obj
 0001:00027056       ?crand@@YAMXZ              00428056 f   common.obj
 0001:00027074       ?Info_ValueForKey@@YAPBDPBD0@Z 00428074 f   common.obj
 0001:000270f3       ?Info_SetValueForKey@@YAXPADPBD1@Z 004280f3 f   common.obj
 0001:00027256       ?Info_Print@@YAXPBD@Z      00428256 f   common.obj
 0001:000272dc       ?Com_CheckCmdlineVar@@YA_NPBD@Z 004282dc f   common.obj
 0001:00027332       ?Com_Init@@YAXPBD@Z        00428332 f   common.obj
 0001:000276f1       ?Com_Frame@@YAXM@Z         004286f1 f   common.obj
 0001:00027ac3       ??0COutputDeviceFile@@QAE@PBD_N@Z 00428ac3 f i common.obj
 0001:00027b07       ?Write@COutputDeviceFile@@UAE_NPBD@Z 00428b07 f i common.obj
 0001:00027b83       ?Com_Shutdown@@YAXXZ       00428b83 f   common.obj
 0001:00027bc2       ?Com_BlockSequenceCRCByte@@YAEPAEHH@Z 00428bc2 f   crc.obj
 0001:00027c78       ?Cvar_VariableValue@@YAMPBD@Z 00428c78 f   cvar.obj
 0001:00027ce6       ?Cvar_VariableInt@@YAHPBD@Z 00428ce6 f   cvar.obj
 0001:00027cf9       ?Cvar_VariableString@@YAPBDPBD@Z 00428cf9 f   cvar.obj
 0001:00027d11       ?Cvar_Get@@YAPAUcvar_t@@PBD0H@Z 00428d11 f   cvar.obj
 0001:0002805a       ?Cvar_GetVars@@YAXPBUcvarInfo_t@@H@Z 0042905a f   cvar.obj
 0001:00028104       ?Cvar_FullSet@@YAXPAUcvar_t@@PBDI@Z 00429104 f   cvar.obj
 0001:00028136       ?Cvar_FullSet@@YAPAUcvar_t@@PBD0I@Z 00429136 f   cvar.obj
 0001:00028176       ?Cvar_SetValue@@YAPAUcvar_t@@PBDM@Z 00429176 f   cvar.obj
 0001:00028343       ?Cvar_SetInteger@@YAPAUcvar_t@@PBDH@Z 00429343 f   cvar.obj
 0001:00028365       ?Cvar_Set@@YAPAUcvar_t@@PBD0@Z 00429365 f   cvar.obj
 0001:0002837a       ?Cvar_ForceSet@@YAPAUcvar_t@@PBD0@Z 0042937a f   cvar.obj
 0001:0002838f       ?Cvar_Clamp@@YAMPAUcvar_t@@MM@Z 0042938f f   cvar.obj
 0001:000283ed       ?Cvar_Command@@YA_NHPAPAD@Z 004293ed f   cvar.obj
 0001:00028486       ?IsDefault@cvar_t@@QAE_NXZ 00429486 f i cvar.obj
 0001:000284a3       ?Cvar_WriteVariables@@YAXPAU_iobuf@@HHPBD@Z 004294a3 f   cvar.obj
 0001:0002852b       ?Cvar_Userinfo@@YAPBDXZ    0042952b f   cvar.obj
 0001:00028586       ?Cvar_Serverinfo@@YAPBDXZ  00429586 f   cvar.obj
 0001:0002858f       ?Cvar_Cheats@@YAX_N@Z      0042958f f   cvar.obj
 0001:00028e03       ?MSG_WriteDeltaEntity@@YAXPAVsizebuf_t@@PBUentityStateEx_t@@PAU2@_N33@Z 00429e03 f   entdelta.obj
 0001:000293bf       ?MSG_WriteRemoveEntity@@YAXPAVsizebuf_t@@H@Z 0042a3bf f   entdelta.obj
 0001:000293ff       ?MSG_ReadEntityBits@@YAHPAVsizebuf_t@@PAIPA_N@Z 0042a3ff f   entdelta.obj
 0001:00029470       ?MSG_ReadDeltaEntity@@YAXPAVsizebuf_t@@PBUentityStateEx_t@@PAU2@I@Z 0042a470 f   entdelta.obj
 0001:000294f3       ?MSG_WriteDeltaUsercmd@@YAXPAVsizebuf_t@@PBUusercmd_t@@PAU2@@Z 0042a4f3 f   entdelta.obj
 0001:00029582       ?MSG_ReadDeltaUsercmd@@YAXPAVsizebuf_t@@PBUusercmd_t@@PAU2@@Z 0042a582 f   entdelta.obj
 0001:00029885       ?MSG_WriteDeltaPlayerstate@@YAXPAVsizebuf_t@@PBUplayer_state_t@@PAU2@@Z 0042a885 f   entdelta.obj
 0001:0002998e       ?MSG_ReadDeltaPlayerstate@@YAXPAVsizebuf_t@@PBUplayer_state_t@@PAU2@@Z 0042a98e f   entdelta.obj
 0001:00029a62       ?FS_CreatePath@@YAXPBD@Z   0042aa62 f   files.obj
 0001:00029ace       ?FS_CopyFile@@YAXPBD0@Z    0042aace f   files.obj
 0001:00029bd1       ?FS_CopyFiles@@YAXPBD0@Z   0042abd1 f   files.obj
 0001:00029caa       ?FS_RemoveFiles@@YAXPBD@Z  0042acaa f   files.obj
 0001:00029d1e       ?FS_FCloseFile@@YAXPAVQFILE@@@Z 0042ad1e f   files.obj
 0001:00029dbc       ?FS_FOpenFile@@YAPAVQFILE@@PBDPAH@Z 0042adbc f   files.obj
 0001:0002a2d8       ?FS_FileExists@@YA_NPBD@Z  0042b2d8 f   files.obj
 0001:0002a4f1       ?FS_Read@@YAXPAXHPAVQFILE@@@Z 0042b4f1 f   files.obj
 0001:0002a755       ?FS_LoadFile@@YAPAXPBDPAI@Z 0042b755 f   files.obj
 0001:0002a7f8       ?FS_FreeFile@@YAXPAX@Z     0042b7f8 f   files.obj
 0001:0002a803       ?FS_Gamedir@@YAPBDXZ       0042b803 f   files.obj
 0001:0002a817       ?FS_LoadGameConfig@@YAXXZ  0042b817 f   files.obj
 0001:0002a8d7       ?FS_SetGamedir@@YA_NPBD@Z  0042b8d7 f   files.obj
 0001:0002afad       ?FS_ListFiles@@YA?AV?$TList@VCStringItem@@@@PBDH@Z 0042bfad f   files.obj
 0001:0002b34e       ?FS_NextPath@@YAPADPBD@Z   0042c34e f   files.obj
 0001:0002b372       ?FS_InitFilesystem@@YAXXZ  0042c372 f   files.obj
 0001:0002bceb       ?CreateAndInsert@?$TList@VCStringItem@@@@QAEPAVCStringItem@@PBD@Z 0042cceb f i files.obj
 0001:0002bd0d       ?LoadPCX@@YAXPBDAAPAE1AAH2@Z 0042cd0d f   images.obj
 0001:0002be44       ?LoadTGA@@YAXPBDAAPAEAAH2@Z 0042ce44 f   images.obj
 0001:0002c01a       ?LoadJPG@@YAXPBDAAPAEAAH2@Z 0042d01a f   images.obj
 0001:0002c2a6       ?ImageExists@@YAHPBDH@Z    0042d2a6 f   images.obj
 0001:0002c3c8       ?WriteTGA@@YA_NPBDPAEHH@Z  0042d3c8 f   images.obj
 0001:0002c5bc       ?WriteJPG@@YA_NPBDPAEHH_N@Z 0042d5bc f   images.obj
 0001:0002c6ed       ?MD4Init@@YAXPAUMD4_CTX@@@Z 0042d6ed f   md4.obj
 0001:0002c715       ?MD4Update@@YAXPAUMD4_CTX@@PAEI@Z 0042d715 f   md4.obj
 0001:0002c7b3       ?MD4Final@@YAXQAEPAUMD4_CTX@@@Z 0042d7b3 f   md4.obj
 0001:0002cea4       ?Com_BlockChecksum@@YAIPAXH@Z 0042dea4 f   md4.obj
 0001:0002cee0       ?LoadQ2BspFile@@YAXXZ      0042dee0 f   model.obj
 0001:0002d296       ?LoadBspFile@@YAPAUbspfile_t@@PBD_NPAI@Z 0042e296 f   model.obj
 0001:0002d444       ?ProcessEntstring@@YAPADPAD@Z 0042e444 f   model.obj
 0001:0002e2eb       ?Init@sizebuf_t@@QAEXPAXH@Z 0042f2eb f   msg.obj
 0001:0002e306       ?Write@sizebuf_t@@QAEXPBXH@Z 0042f306 f   msg.obj
 0001:0002e376       ?MSG_WriteByte@@YAXPAVsizebuf_t@@H@Z 0042f376 f   msg.obj
 0001:0002e376       ?MSG_WriteChar@@YAXPAVsizebuf_t@@H@Z 0042f376 f   msg.obj
 0001:0002e387       ?MSG_WriteShort@@YAXPAVsizebuf_t@@H@Z 0042f387 f   msg.obj
 0001:0002e398       ?MSG_WriteLong@@YAXPAVsizebuf_t@@H@Z 0042f398 f   msg.obj
 0001:0002e398       ?MSG_WriteFloat@@YAXPAVsizebuf_t@@M@Z 0042f398 f   msg.obj
 0001:0002e3a9       ?MSG_WriteString@@YAXPAVsizebuf_t@@PBD@Z 0042f3a9 f   msg.obj
 0001:0002e3d3       ?MSG_WritePos@@YAXPAVsizebuf_t@@ABUCVec3@@@Z 0042f3d3 f   msg.obj
 0001:0002e437       ?MSG_WriteAngle@@YAXPAVsizebuf_t@@M@Z 0042f437 f   msg.obj
 0001:0002e462       ?MSG_WriteAngle16@@YAXPAVsizebuf_t@@M@Z 0042f462 f   msg.obj
 0001:0002e48d       ?MSG_WriteDir@@YAXPAVsizebuf_t@@ABUCVec3@@@Z 0042f48d f   msg.obj
 0001:0002e4f5       ?MSG_ReadDir@@YAXPAVsizebuf_t@@AAUCVec3@@@Z 0042f4f5 f   msg.obj
 0001:0002e526       ?MSG_ReadChar@@YAHPAVsizebuf_t@@@Z 0042f526 f   msg.obj
 0001:0002e546       ?MSG_ReadByte@@YAHPAVsizebuf_t@@@Z 0042f546 f   msg.obj
 0001:0002e566       ?MSG_ReadShort@@YAHPAVsizebuf_t@@@Z 0042f566 f   msg.obj
 0001:0002e586       ?MSG_ReadLong@@YAHPAVsizebuf_t@@@Z 0042f586 f   msg.obj
 0001:0002e5a5       ?MSG_ReadString@@YAPADPAVsizebuf_t@@@Z 0042f5a5 f   msg.obj
 0001:0002e5d8       ?MSG_ReadPos@@YAXPAVsizebuf_t@@AAUCVec3@@@Z 0042f5d8 f   msg.obj
 0001:0002e62a       ?MSG_ReadAngle@@YAMPAVsizebuf_t@@@Z 0042f62a f   msg.obj
 0001:0002e644       ?MSG_ReadAngle16@@YAMPAVsizebuf_t@@@Z 0042f644 f   msg.obj
 0001:0002e65e       ?MSG_ReadData@@YAXPAVsizebuf_t@@PAXH@Z 0042f65e f   msg.obj
 0001:0002e681       ?Netchan_Init@@YAXXZ       0042f681 f   net_chan.obj
 0001:0002e6f5       ?Netchan_OutOfBandPrint@@YAXW4netsrc_t@@Unetadr_t@@PBDZZ 0042f6f5 f   net_chan.obj
 0001:0002e77a       ?Setup@netchan_t@@QAEXW4netsrc_t@@Unetadr_t@@H@Z 0042f77a f   net_chan.obj
 0001:0002e7d0       ?NeedReliable@netchan_t@@QAE_NXZ 0042f7d0 f   net_chan.obj
 0001:0002e7f5       ?Transmit@netchan_t@@QAEXPAXH@Z 0042f7f5 f   net_chan.obj
 0001:0002e990       ?Process@netchan_t@@QAE_NPAVsizebuf_t@@@Z 0042f990 f   net_chan.obj
 0001:0002eabe       ?Pmove@@YAXPAUpmove_t@@@Z  0042fabe f   pmove.obj
 0001:000307a7       ?NormalizeColor@@YAMABUCVec3@@AAU1@@Z 004317a7 f   q_shared2.obj
 0001:00030803       ?NormalizeColor255@@YAMABUCVec3@@AAU1@@Z 00431803 f   q_shared2.obj
 0001:00030863       ?appRsqrt@@YAMM@Z          00431863 f   q_shared2.obj
 0001:0003088f       ?AngleVectors@@YAXABUCVec3@@PAU1@11@Z 0043188f f   q_shared2.obj
 0001:000309f0       ?MakeNormalVectors@@YAXABUCVec3@@AAU1@1@Z 004319f0 f   q_shared2.obj
 0001:00030a5f       ?Vec2Angles@@YAXABUCVec3@@AAU1@@Z 00431a5f f   q_shared2.obj
 0001:00030b62       ?Vec2Yaw@@YAMABUCVec3@@@Z  00431b62 f   q_shared2.obj
 0001:00030bd5       ?VectorLength@@YAMABUCVec3@@@Z 00431bd5 f   q_shared2.obj
 0001:00030c04       ?VectorDistance@@YAMABUCVec3@@0@Z 00431c04 f   q_shared2.obj
 0001:00030c35       ?LerpAngle@@YAMMMM@Z       00431c35 f   q_shared2.obj
 0001:00030c78       ?AngleMod@@YAMM@Z          00431c78 f   q_shared2.obj
 0001:00030ca4       ?AngleSubtract@@YAMMM@Z    00431ca4 f   q_shared2.obj
 0001:00030cdb       ?AnglesSubtract@@YAXABUCVec3@@0AAU1@@Z 00431cdb f   q_shared2.obj
 0001:00030d33       ?Normalize@CVec3@@QAEMXZ   00431d33 f   q_shared2.obj
 0001:00030d85       ?VectorNormalize@@YAMABUCVec3@@AAU1@@Z 00431d85 f   q_shared2.obj
 0001:00030ddd       ?NormalizeFast@CVec3@@QAEMXZ 00431ddd f   q_shared2.obj
 0001:00030e2e       ?cross@@YAXABUCVec3@@0AAU1@@Z 00431e2e f   q_shared2.obj
 0001:00030e69       ?Clear@CBox@@QAEXXZ        00431e69 f   q_shared2.obj
 0001:00030e87       ?Expand@CBox@@QAEXABUCVec3@@@Z 00431e87 f   q_shared2.obj
 0001:00030eb6       ?Expand@CBox@@QAEXABU1@@Z  00431eb6 f   q_shared2.obj
 0001:00030ef2       ?GetCenter@CBox@@QAEXAAUCVec3@@@Z 00431ef2 f   q_shared2.obj
 0001:00030f12       ?OnPlaneSide@CBox@@QBEHABUcplane_t@@@Z 00431f12 f   q_shared2.obj
 0001:00031041       ?FromAngles@CAxis@@QAEXABUCVec3@@@Z 00432041 f   q_shared2.obj
 0001:00031080       ?TransformVector@CAxis@@QBEXABUCVec3@@AAU2@@Z 00432080 f   q_shared2.obj
 0001:000310d1       ?UnTransformVector@CAxis@@QBEXABUCVec3@@AAU2@@Z 004320d1 f   q_shared2.obj
 0001:00031135       ?TransformAxis@CAxis@@QBEXABU1@AAU1@@Z 00432135 f   q_shared2.obj
 0001:0003117b       ?UnTransformAxis@CAxis@@QBEXABU1@AAU1@@Z 0043217b f   q_shared2.obj
 0001:000311c1       ?TransformPoint@CCoords@@QBEXABUCVec3@@AAU2@@Z 004321c1 f   q_shared2.obj
 0001:0003121f       ?UnTransformPoint@CCoords@@QBEXABUCVec3@@AAU2@@Z 0043221f f   q_shared2.obj
 0001:0003128c       ?UnTransformCoords@CCoords@@QBEXABU1@AAU1@@Z 0043228c f   q_shared2.obj
 0001:000312b6       ?TransformPlane@CCoords@@QBEXABUcplane_t@@AAU2@@Z 004322b6 f   q_shared2.obj
 0001:000312ee       ?TransformPoint@@YAXABUCVec3@@ABUCAxis@@0AAU1@@Z 004322ee f   q_shared2.obj
 0001:00031351       ?UnTransformPoint@@YAXABUCVec3@@ABUCAxis@@0AAU1@@Z 00432351 f   q_shared2.obj
 0001:000313c1       ?ShortSwap@@YAFF@Z         004323c1 f   q_shared2.obj
 0001:000313d6       ?COM_Parse@@YAPADAAPBD_N@Z 004323d6 f   q_shared2.obj
 0001:000314f6       ?COM_QuoteString@@YAPBDPBD_N@Z 004324f6 f   q_shared2.obj
 0001:00031551       ?Zip_OpenArchive@@YAPAU_iobuf@@PBD@Z 00432551 f   zip.obj
 0001:000315bc       ?Zip_CloseArchive@@YAXPAU_iobuf@@@Z 004325bc f   zip.obj
 0001:000315c8       ?Zip_EnumArchive@@YA_NPAU_iobuf@@P6A_NPAUzipFile_t@@@Z@Z 004325c8 f   zip.obj
 0001:000317a5       ?Zip_OpenFile@@YAPAUZFILE@@PAU_iobuf@@PAUzipFile_t@@@Z 004327a5 f   zip.obj
 0001:00031889       ?Zip_ReadFile@@YAHPAUZFILE@@PAXH@Z 00432889 f   zip.obj
 0001:0003197f       ?Zip_CloseFile@@YA_NPAUZFILE@@@Z 0043297f f   zip.obj
 0001:000319c3       ?Zip_OpenBuf@@YAPAUZBUF@@PAXH@Z 004329c3 f   zip.obj
 0001:00031a01       ?Zip_ReadBuf@@YAHPAUZBUF@@PAXH@Z 00432a01 f   zip.obj
 0001:00031a49       ?Zip_CloseBuf@@YAXPAUZBUF@@@Z 00432a49 f   zip.obj
 0001:00031a5e       _zcalloc                   00432a5e f   zip.obj
 0001:00031a72       _zcfree                    00432a72 f   zip.obj
 0001:00031a7d       ?CDAudio_Play2@@YAXH_N@Z   00432a7d f   cd_win.obj
 0001:00031c5c       ?CDAudio_Play@@YAXH_N@Z    00432c5c f   cd_win.obj
 0001:00031c73       ?CDAudio_Stop@@YAXXZ       00432c73 f   cd_win.obj
 0001:00031cb8       ?CDAudio_Pause@@YAXXZ      00432cb8 f   cd_win.obj
 0001:00031d11       ?CDAudio_Resume@@YAXXZ     00432d11 f   cd_win.obj
 0001:00031d80       ?CDAudio_Update@@YAXXZ     00432d80 f   cd_win.obj
 0001:00031db4       ?CDAudio_Init@@YAHXZ       00432db4 f   cd_win.obj
 0001:00032216       ?CDAudio_Shutdown@@YAXXZ   00433216 f   cd_win.obj
 0001:00032249       ?CDAudio_Activate@@YAX_N@Z 00433249 f   cd_win.obj
 0001:0003225a       ?IN_Commands@@YAXXZ        0043325a f   in_win.obj
 0001:00032382       ?IN_Init@@YAXXZ            00433382 f   in_win.obj
 0001:000327c1       ?IN_Shutdown@@YAXXZ        004337c1 f   in_win.obj
 0001:00032a10       ?IN_Move@@YAXPAUusercmd_t@@@Z 00433a10 f   in_win.obj
 0001:00032fed       ?IN_Activate@@YAX_N@Z      00433fed f   in_win.obj
 0001:00032ff7       ?IN_Frame@@YAXXZ           00433ff7 f   in_win.obj
 0001:0003335f       ?NET_CompareAdr@@YA_NPAUnetadr_t@@0@Z 0043435f f   net_wins.obj
 0001:0003339b       ?NET_CompareBaseAdr@@YA_NPAUnetadr_t@@0@Z 0043439b f   net_wins.obj
 0001:000333ca       ?NET_AdrToString@@YAPADPAUnetadr_t@@@Z 004343ca f   net_wins.obj
 0001:00033426       ?NET_StringToAdr@@YA_NPBDPAUnetadr_t@@@Z 00434426 f   net_wins.obj
 0001:0003352b       ?NET_IsLocalAddress@@YA_NPAUnetadr_t@@@Z 0043452b f   net_wins.obj
 0001:00033537       ?NET_GetLoopPacket@@YA_NW4netsrc_t@@PAUnetadr_t@@PAVsizebuf_t@@@Z 00434537 f   net_wins.obj
 0001:000335c0       ?NET_SendLoopPacket@@YAXW4netsrc_t@@HPAXUnetadr_t@@@Z 004345c0 f   net_wins.obj
 0001:00033615       ?NET_GetPacket@@YA_NW4netsrc_t@@PAUnetadr_t@@PAVsizebuf_t@@@Z 00434615 f   net_wins.obj
 0001:0003370c       ?NET_SendPacket@@YAXW4netsrc_t@@HPAXUnetadr_t@@@Z 0043470c f   net_wins.obj
 0001:000337ed       ?NET_Config@@YAX_N@Z       004347ed f   net_wins.obj
 0001:000339bc       ?NET_Init@@YAXXZ           004349bc f   net_wins.obj
 0001:00033a3a       ?Sys_Mkdir@@YAXPAD@Z       00434a3a f   fs_win.obj
 0001:00033a46       ?Sys_FindFirst@@YAPBDPBDH@Z 00434a46 f   fs_win.obj
 0001:00033b00       ?Sys_FindNext@@YAPBDXZ     00434b00 f   fs_win.obj
 0001:00033b6a       ?Sys_FindClose@@YAXXZ      00434b6a f   fs_win.obj
 0001:00033b84       ?Sys_FileExists@@YA_NPBDH@Z 00434b84 f   fs_win.obj
 0001:00033ba2       ?SNDDMA_Init@@YA_NXZ       00434ba2 f   snd_win.obj
 0001:000341e1       ?SNDDMA_GetDMAPos@@YAHXZ   004351e1 f   snd_win.obj
 0001:0003422b       ?SNDDMA_BeginPainting@@YAXXZ 0043522b f   snd_win.obj
 0001:00034343       ?SNDDMA_Submit@@YAXXZ      00435343 f   snd_win.obj
 0001:00034368       ?SNDDMA_Shutdown@@YAXXZ    00435368 f   snd_win.obj
 0001:0003436d       ?S_Activate@@YAX_N@Z       0043536d f   snd_win.obj
 0001:00034398       ?Sys_Quit@@YAXXZ           00435398 f   sys_win.obj
 0001:000343c6       ?Write@COutputDeviceWin32Console@@UAE_NPBD@Z 004353c6 f i sys_win.obj
 0001:000344ba       ?Sys_ConsoleInput@@YAPADXZ 004354ba f   sys_win.obj
 0001:00034709       ?Sys_ProcessMessages@@YAXXZ 00435709 f   sys_win.obj
 0001:000347c1       ?Sys_UnloadGame@@YAXXZ     004357c1 f   sys_win.obj
 0001:0003483c       ?Sys_GetGameAPI@@YAPAXPAX@Z 0043583c f   sys_win.obj
 0001:00034988       _WinMain@16                00435988 f   sys_win.obj
 0001:00034d16       ?Init@COutputDeviceWin32Console@@QAEXXZ 00435d16 f i sys_win.obj
 0001:00034d42       ?AddMsgHook@@YAXP6A_NIIJ@Z@Z 00435d42 f   vid_dll.obj
 0001:00034d86       ?RemoveMsgHook@@YAXP6A_NIIJ@Z@Z 00435d86 f   vid_dll.obj
 0001:00034db5       ?Vid_CreateWindow@@YAPAXHH_N@Z 00435db5 f   vid_dll.obj
 0001:000354b7       ?Vid_DestroyWindow@@YAX_N@Z 004364b7 f   vid_dll.obj
 0001:000354f2       ?Vid_Restart@@YAXXZ        004364f2 f   vid_dll.obj
 0001:000354fe       ?Vid_GetModeInfo@@YA_NPAH0H@Z 004364fe f   vid_dll.obj
 0001:0003552e       ?Vid_Tick@@YAXXZ           0043652e f   vid_dll.obj
 0001:000356de       ?Vid_Init@@YAXXZ           004366de f   vid_dll.obj
 0001:000357a4       ?Vid_Shutdown@@YAXXZ       004367a4 f   vid_dll.obj
 0001:000357c3       ?Tesselate@surfacePlanar_t@OpenGLDrv@@UAEXAAUrefEntity_t@2@@Z 004367c3 f   gl_backend.obj
 0001:0003619f       ?Negate@CVec3@@QAEXXZ      0043719f f i gl_backend.obj
 0001:00037d00       ?Tesselate@surfacePoly_t@OpenGLDrv@@UAEXAAUrefEntity_t@2@@Z 00438d00 f   gl_backend.obj
 0001:00037e07       ?Tesselate@surfaceMd3_t@OpenGLDrv@@UAEXAAUrefEntity_t@2@@Z 00438e07 f   gl_backend.obj
 0001:000381f1       ?DrawTriangles@OpenGLDrv@@YA_NXZ 004391f1 f   gl_backend.obj
 0001:00038306       ?DrawNormals@OpenGLDrv@@YA_NXZ 00439306 f   gl_backend.obj
 0001:00038410       ?Tesselate@surfaceEntity_t@OpenGLDrv@@UAEXAAUrefEntity_t@2@@Z 00439410 f   gl_backend.obj
 0001:000384f4       ?Tesselate@surfaceParticle_t@OpenGLDrv@@UAEXAAUrefEntity_t@2@@Z 004394f4 f   gl_backend.obj
 0001:00038744       ?BK_DrawScene@OpenGLDrv@@YAXXZ 00439744 f   gl_backend.obj
 0001:00038d6b       ?BK_DrawPic@OpenGLDrv@@YAXPAVshader_t@1@HHHHMMMMIE@Z 00439d6b f   gl_backend.obj
 0001:00038f4c       ?BK_DrawText@OpenGLDrv@@YAXPBDHHHHHI@Z 00439f4c f   gl_backend.obj
 0001:00039141       ?BK_BeginFrame@OpenGLDrv@@YAXXZ 0043a141 f   gl_backend.obj
 0001:000391a5       ?BK_EndFrame@OpenGLDrv@@YAXXZ 0043a1a5 f   gl_backend.obj
 0001:000391e4       ?BK_Init@OpenGLDrv@@YAXXZ  0043a1e4 f   gl_backend.obj
 0001:00039213       ?BK_Shutdown@OpenGLDrv@@YAXXZ 0043a213 f   gl_backend.obj
 0001:0003922b       ?AllocDynamicMemory@OpenGLDrv@@YAPAXH@Z 0043a22b f   gl_buffers.obj
 0001:00039296       ?ResizeDynamicMemory@OpenGLDrv@@YAXPAXH@Z 0043a296 f   gl_buffers.obj
 0001:000392d8       ?AddSurfaceToPortal@OpenGLDrv@@YAXPAVsurfaceBase_t@1@PAVshader_t@1@HH@Z 0043a2d8 f   gl_buffers.obj
 0001:00039349       ?InsertShaderIndex@OpenGLDrv@@YAXH@Z 0043a349 f   gl_buffers.obj
 0001:00039382       ?ClearPortal@OpenGLDrv@@YAXXZ 0043a382 f   gl_buffers.obj
 0001:000393a0       ?SortSurfaces@OpenGLDrv@@YAXPAUviewPortal_t@1@PAPAUsurfaceInfo_t@1@@Z 0043a3a0 f   gl_buffers.obj
 0001:00039532       ?ClearBuffers@OpenGLDrv@@YAXXZ 0043a532 f   gl_buffers.obj
 0001:00039549       ?CreateBuffers@OpenGLDrv@@YAXXZ 0043a549 f   gl_buffers.obj
 0001:0003956f       ?FreeBuffers@OpenGLDrv@@YAXXZ 0043a56f f   gl_buffers.obj
 0001:00039593       ?InitEntity@model_t@OpenGLDrv@@UAEXPAUentity_t@@PAUrefEntity_t@2@@Z 0043a593 f   gl_frontend.obj
 0001:00039596       ?AddSurfaces@model_t@OpenGLDrv@@UAEXPAUrefEntity_t@2@@Z 0043a596 f   gl_frontend.obj
 0001:000395c4       ?GetLeaf@model_t@OpenGLDrv@@UAEPAUnode_t@2@PAUrefEntity_t@2@@Z 0043a5c4 f   gl_frontend.obj
 0001:000395d5       ?DrawLabel@model_t@OpenGLDrv@@UAEXPAUrefEntity_t@2@@Z 0043a5d5 f   gl_frontend.obj
 0001:000395d8       ?InitEntity@inlineModel_t@OpenGLDrv@@UAEXPAUentity_t@@PAUrefEntity_t@2@@Z 0043a5d8 f   gl_frontend.obj
 0001:00039628       ?AddSurfaces@inlineModel_t@OpenGLDrv@@UAEXPAUrefEntity_t@2@@Z 0043a628 f   gl_frontend.obj
 0001:00039b06       ?GetLeaf@inlineModel_t@OpenGLDrv@@UAEPAUnode_t@2@PAUrefEntity_t@2@@Z 0043ab06 f   gl_frontend.obj
 0001:00039cab       ?DrawLabel@inlineModel_t@OpenGLDrv@@UAEXPAUrefEntity_t@2@@Z 0043acab f   gl_frontend.obj
 0001:00039cf1       ?InitEntity@md3Model_t@OpenGLDrv@@UAEXPAUentity_t@@PAUrefEntity_t@2@@Z 0043acf1 f   gl_frontend.obj
 0001:00039ec0       ?AddSurfaces@md3Model_t@OpenGLDrv@@UAEXPAUrefEntity_t@2@@Z 0043aec0 f   gl_frontend.obj
 0001:00039ffa       ?GetLeaf@md3Model_t@OpenGLDrv@@UAEPAUnode_t@2@PAUrefEntity_t@2@@Z 0043affa f   gl_frontend.obj
 0001:0003a032       ?DrawLabel@md3Model_t@OpenGLDrv@@UAEXPAUrefEntity_t@2@@Z 0043b032 f   gl_frontend.obj
 0001:0003a098       ?InitEntity@sprModel_t@OpenGLDrv@@UAEXPAUentity_t@@PAUrefEntity_t@2@@Z 0043b098 f   gl_frontend.obj
 0001:0003a0b6       ?AddSurfaces@sprModel_t@OpenGLDrv@@UAEXPAUrefEntity_t@2@@Z 0043b0b6 f   gl_frontend.obj
 0001:0003a239       ?GetLeaf@sprModel_t@OpenGLDrv@@UAEPAUnode_t@2@PAUrefEntity_t@2@@Z 0043b239 f   gl_frontend.obj
 0001:0003a31a       ?AddEntity@OpenGLDrv@@YAXPAUentity_t@@@Z 0043b31a f   gl_frontend.obj
 0001:0003a4a6       ?AddDlight@OpenGLDrv@@YAXPAUdlight_t@@@Z 0043b4a6 f   gl_frontend.obj
 0001:0003a65e       ?DrawPortal@OpenGLDrv@@YAXXZ 0043b65e f   gl_frontend.obj
 0001:0003c602       ?GL_TextureMode@OpenGLDrv@@YAXPBD@Z 0043d602 f   gl_image.obj
 0001:0003c6aa       ?CreateImage@OpenGLDrv@@YAPAVimage_t@1@PBDPAXHHI@Z 0043d6aa f   gl_image.obj
 0001:0003d3a0       ?LoadDelayedImages@OpenGLDrv@@YAXXZ 0043e3a0 f   gl_image.obj
 0001:0003d433       ?DrawStretchRaw8@OpenGLDrv@@YAXHHHHHHPAEPAI@Z 0043e433 f   gl_image.obj
 0001:0003d802       ?SetupGamma@OpenGLDrv@@YAXXZ 0043e802 f   gl_image.obj
 0001:0003d948       ?PerformScreenshot@OpenGLDrv@@YAXXZ 0043e948 f   gl_image.obj
 0001:0003dbc9       ?InitImages@OpenGLDrv@@YAXXZ 0043ebc9 f   gl_image.obj
 0001:0003e37e       ?ShutdownImages@OpenGLDrv@@YAXXZ 0043f37e f   gl_image.obj
 0001:0003e3e5       ?ShowImages@OpenGLDrv@@YAXXZ 0043f3e5 f   gl_image.obj
 0001:0003e671       ?FindImage@OpenGLDrv@@YAPAVimage_t@1@PBDI@Z 0043f671 f   gl_image.obj
 0001:0003e9e2       ?GL_Lock@OpenGLDrv@@YAXXZ  0043f9e2 f   gl_interface.obj
 0001:0003ea5a       ?GL_Unlock@OpenGLDrv@@YAXXZ 0043fa5a f   gl_interface.obj
 0001:0003ec1c       ?GL_Bind@OpenGLDrv@@YAXPBVimage_t@1@@Z 0043fc1c f   gl_interface.obj
 0001:0003ed46       ?GL_BindForce@OpenGLDrv@@YAXPBVimage_t@1@@Z 0043fd46 f   gl_interface.obj
 0001:0003edc4       ?GL_TexEnv@OpenGLDrv@@YAXI@Z 0043fdc4 f   gl_interface.obj
 0001:0003ef43       ?GL_TexMipBias@OpenGLDrv@@YAXM@Z 0043ff43 f   gl_interface.obj
 0001:0003ef9e       ?GL_TexEnvColor@OpenGLDrv@@YAXPBTcolor_t@@@Z 0043ff9e f   gl_interface.obj
 0001:0003f04e       ?GL_SelectTexture@OpenGLDrv@@YAXH@Z 0044004e f   gl_interface.obj
 0001:0003f0af       ?GL_TexCoordPointer@OpenGLDrv@@YAXPAX@Z 004400af f   gl_interface.obj
 0001:0003f0df       ?GL_SetMultitexture@OpenGLDrv@@YAXH@Z 004400df f   gl_interface.obj
 0001:0003f1c5       ?GL_DisableTexCoordArrays@OpenGLDrv@@YAXXZ 004401c5 f   gl_interface.obj
 0001:0003f219       ?GL_CullFace@OpenGLDrv@@YAXW4gl_cullMode_t@1@@Z 00440219 f   gl_interface.obj
 0001:0003f26a       ?GL_DepthRange@OpenGLDrv@@YAXW4gl_depthMode_t@1@@Z 0044026a f   gl_interface.obj
 0001:0003f29d       ?GL_State@OpenGLDrv@@YAXI@Z 0044029d f   gl_interface.obj
 0001:0003f3ed       ?GL_EnableFog@OpenGLDrv@@YAX_N@Z 004403ed f   gl_interface.obj
 0001:0003f4e5       ?GL_SetDefaultState@OpenGLDrv@@YAXXZ 004404e5 f   gl_interface.obj
 0001:0003f641       ?GL_Set2DMode@OpenGLDrv@@YAXXZ 00440641 f   gl_interface.obj
 0001:0003f73c       ?GL_Set3DMode@OpenGLDrv@@YAXPAUviewPortal_t@1@@Z 0044073c f   gl_interface.obj
 0001:0003f824       ?ShowLights@OpenGLDrv@@YAXXZ 00440824 f   gl_light.obj
 0001:0003fc0d       ?LightForEntity@OpenGLDrv@@YAXPAUrefEntity_t@1@@Z 00440c0d f   gl_light.obj
 0001:00040e81       ?DiffuseLight@OpenGLDrv@@YAXPATcolor_t@@M@Z 00441e81 f   gl_light.obj
 0001:000410bd       ?InitLightGrid@OpenGLDrv@@YAXXZ 004420bd f   gl_light.obj
 0001:00041163       ?PostLoadLights@OpenGLDrv@@YAXXZ 00442163 f   gl_light.obj
 0001:000413f3       ?LM_Init@OpenGLDrv@@YAXXZ  004423f3 f   gl_lightmap.obj
 0001:00041409       ?LM_Flush@OpenGLDrv@@YAXPAUlightmapBlock_t@1@@Z 00442409 f   gl_lightmap.obj
 0001:00041466       ?LM_Done@OpenGLDrv@@YAXXZ  00442466 f   gl_lightmap.obj
 0001:0004148d       ?LM_Save@OpenGLDrv@@YAXPAUlightmapBlock_t@1@@Z 0044248d f   gl_lightmap.obj
 0001:000414a5       ?LM_Restore@OpenGLDrv@@YAXPAUlightmapBlock_t@1@@Z 004424a5 f   gl_lightmap.obj
 0001:000414bd       ?LM_NewBlock@OpenGLDrv@@YAPAUlightmapBlock_t@1@XZ 004424bd f   gl_lightmap.obj
 0001:0004151c       ?LM_Rewind@OpenGLDrv@@YAXXZ 0044251c f   gl_lightmap.obj
 0001:00041524       ?LM_NextBlock@OpenGLDrv@@YAPAUlightmapBlock_t@1@XZ 00442524 f   gl_lightmap.obj
 0001:00041551       ?LM_CheckMinlight@OpenGLDrv@@YAXPAUdynamicLightmap_t@1@@Z 00442551 f   gl_lightmap.obj
 0001:000415e7       ?LM_AllocBlock@OpenGLDrv@@YA_NPAUlightmapBlock_t@1@PAUdynamicLightmap_t@1@@Z 004425e7 f   gl_lightmap.obj
 0001:0004169e       ?LM_PutBlock@OpenGLDrv@@YAXPAUdynamicLightmap_t@1@@Z 0044269e f   gl_lightmap.obj
 0001:00041acb       ?LM_SortLightStyles@OpenGLDrv@@YAXPAUdynamicLightmap_t@1@@Z 00442acb f   gl_lightmap.obj
 0001:00041b5c       ?UpdateDynamicLightmap@OpenGLDrv@@YAXPAVsurfacePlanar_t@1@_NI@Z 00442b5c f   gl_lightmap.obj
 0001:0004205e       ?LM_IsMonotone@OpenGLDrv@@YA_NPAUdynamicLightmap_t@1@PATcolor_t@@@Z 0044305e f   gl_lightmap.obj
 0001:00042165       ?Init@OpenGLDrv@@YA_NXZ    00443165 f   gl_main.obj
 0001:0004279e       ?Shutdown@OpenGLDrv@@YAX_N@Z 0044379e f   gl_main.obj
 0001:00042827       ?GL_EnableRendering@OpenGLDrv@@YAX_N@Z 00443827 f   gl_main.obj
 0001:00042842       ?BeginFrame@OpenGLDrv@@YAXN@Z 00443842 f   gl_main.obj
 0001:0004296c       ?EndFrame@OpenGLDrv@@YAXXZ 0044396c f   gl_main.obj
 0001:00042984       ?RenderFrame@OpenGLDrv@@YAXPAUrefdef_t@@@Z 00443984 f   gl_main.obj
 0001:000431b5       ?Fill8@OpenGLDrv@@YAXHHHHH@Z 004441b5 f   gl_main.obj
 0001:000431f8       ?Fill@OpenGLDrv@@YAXHHHHI@Z 004441f8 f   gl_main.obj
 0001:00043234       ?TileClear@OpenGLDrv@@YAXHHHHPBD@Z 00444234 f   gl_main.obj
 0001:000432d5       ?DrawStretchPic@OpenGLDrv@@YAXHHHHPBD@Z 004442d5 f   gl_main.obj
 0001:00043335       ?DrawDetailedPic@OpenGLDrv@@YAXHHHHPBD@Z 00444335 f   gl_main.obj
 0001:000433dc       ?DrawPic@OpenGLDrv@@YAXHHPBDHH@Z 004443dc f   gl_main.obj
 0001:00043461       ?BeginRegistration@OpenGLDrv@@YAXPBD@Z 00444461 f   gl_main.obj
 0001:00043485       ?RegisterPic@OpenGLDrv@@YAPAVCBasicImage@@PBD@Z 00444485 f   gl_main.obj
 0001:00043493       ?RegisterSkin@OpenGLDrv@@YAPAVCBasicImage@@PBD_N@Z 00444493 f   gl_main.obj
 0001:000434b1       ?RegisterModel@OpenGLDrv@@YAPAVCRenderModel@@PBD@Z 004444b1 f   gl_main.obj
 0001:000434bc       ?SetSky@OpenGLDrv@@YAXPBDMABUCVec3@@@Z 004444bc f   gl_main.obj
 0001:0004355a       ?Screenshot@OpenGLDrv@@YAXHPBD@Z 0044455a f   gl_main.obj
 0001:00043581       ?GetClientLight@OpenGLDrv@@YAMXZ 00444581 f   gl_main.obj
 0001:00043588       ?InitFuncTables@OpenGLDrv@@YAXXZ 00444588 f   gl_math.obj
 0001:0004372e       ?BuildRotationAxis@OpenGLDrv@@YAXAAUCAxis@@ABUCVec3@@M@Z 0044472e f   gl_math.obj
 0001:00043825       ?GetBoxRect@OpenGLDrv@@YA_NPBUrefEntity_t@1@ABUCVec3@@QAM2_N@Z 00444825 f   gl_math.obj
 0001:00043b2f       ?ProjectToScreen@OpenGLDrv@@YA_NABUCVec3@@QAH@Z 00444b2f f   gl_math.obj
 0001:00043c72       ?SaturateColor3f@OpenGLDrv@@YAXAAUCVec3@@@Z 00444c72 f   gl_math.obj
 0001:00043d62       ?SaturateColor4b@OpenGLDrv@@YAXPATcolor_t@@@Z 00444d62 f   gl_math.obj
 0001:00043e70       ?SubdividePlane@OpenGLDrv@@YAHPAPAUCVec3@@HM@Z 00444e70 f   gl_poly.obj
 0001:000442f1       ?FreeSubdividedPlane@OpenGLDrv@@YAXXZ 004452f1 f   gl_poly.obj
 0001:00044309       ?GetSubdivideIndexes@OpenGLDrv@@YAXPAH@Z 00445309 f   gl_poly.obj
 0001:0004435c       ?RemoveCollinearPoints@OpenGLDrv@@YAHPAPAUCVec3@@H@Z 0044535c f   gl_poly.obj
 0001:00044452       ?GetPolyArea@OpenGLDrv@@YAMPAPAUCVec3@@H@Z 00445452 f   gl_poly.obj
 0001:000444e6       ?InitShaders@OpenGLDrv@@YAXXZ 004454e6 f   gl_shader.obj
 0001:00044651       ?ShutdownShaders@OpenGLDrv@@YAXXZ 00445651 f   gl_shader.obj
 0001:0004468f       ?GetLightmapImage@OpenGLDrv@@YAPAVimage_t@1@H@Z 0044568f f   gl_shader.obj
 0001:000446b7       ?SetShaderLightmap@OpenGLDrv@@YAPAVshader_t@1@PAV21@H@Z 004456b7 f   gl_shader.obj
 0001:000449d6       ??4shader_t@OpenGLDrv@@QAEAAV01@ABV01@@Z 004459d6 f i gl_shader.obj
 0001:00044c0c       ?SetShaderLightstyles@OpenGLDrv@@YAPAVshader_t@1@PAV21@I@Z 00445c0c f   gl_shader.obj
 0001:00044ca8       ?GetAlphaShader@OpenGLDrv@@YAPAVshader_t@1@PAV21@@Z 00445ca8 f   gl_shader.obj
 0001:00045086       ?FindShader@OpenGLDrv@@YAPAVshader_t@1@PBDI@Z 00446086 f   gl_shader.obj
 0001:00046983       ?GetShaderByNum@OpenGLDrv@@YAPAVshader_t@1@H@Z 00447983 f   gl_shader.obj
 0001:000469a1       ?ResetShaders@OpenGLDrv@@YAXXZ 004479a1 f   gl_shader.obj
 0001:00046b8c       ?Reload@shader_t@OpenGLDrv@@UAEXXZ 00447b8c f   gl_shader.obj
 0001:00046bbb       ?ClearSky@OpenGLDrv@@YAXXZ 00447bbb f   gl_sky.obj
 0001:00046c18       ?AddSkySurface@OpenGLDrv@@YAXPAVsurfacePlanar_t@1@E@Z 00447c18 f   gl_sky.obj
 0001:000471e0       ?DrawSky@OpenGLDrv@@YAXXZ  004481e0 f   gl_sky.obj
 0001:00047884       ?DrawChar@OpenGLDrv@@YAXHHHH@Z 00448884 f   gl_text.obj
 0001:000478d5       ?ClearTexts@OpenGLDrv@@YAXXZ 004488d5 f   gl_text.obj
 0001:000478ea       ?FlushTexts@OpenGLDrv@@YAXXZ 004488ea f   gl_text.obj
 0001:00047996       ?DrawTextPos@OpenGLDrv@@YAXHHPBDI@Z 00448996 f   gl_text.obj
 0001:000479c2       ?DrawTextLeft@OpenGLDrv@@YAXPBDI@Z 004489c2 f   gl_text.obj
 0001:00047a49       ?DrawTextRight@OpenGLDrv@@YAXPBDI@Z 00448a49 f   gl_text.obj
 0001:00047a93       ?DrawText3D@OpenGLDrv@@YAXABUCVec3@@PBDI@Z 00448a93 f   gl_text.obj
 0001:00047ac0       ?InitTexts@OpenGLDrv@@YAXXZ 00448ac0 f   gl_text.obj
 0001:00047ada       ?FindModel@OpenGLDrv@@YAPAVmodel_t@1@PBD@Z 00448ada f   gl_model.obj
 0001:00047caf       ?FreeModels@OpenGLDrv@@YAXXZ 00448caf f   gl_model.obj
 0001:00047d21       ?InitModels@OpenGLDrv@@YAXXZ 00448d21 f   gl_model.obj
 0001:00047e17       ?ShutdownModels@OpenGLDrv@@YAXXZ 00448e17 f   gl_model.obj
 0001:00047e28       ?LoadWorldMap@OpenGLDrv@@YAXPBD@Z 00448e28 f   gl_bspmodel.obj
 0001:00049930       ?PointInLeaf@OpenGLDrv@@YAPAUnode_t@1@ABUCVec3@@@Z 0044a930 f   gl_bspmodel.obj
 0001:0004997b       ?CALL_CONSTRUCTOR@@YAXPAVinlineModel_t@OpenGLDrv@@@Z 0044a97b f i gl_bspmodel.obj
 0001:00049991       ?LerpTag@model_t@OpenGLDrv@@UBE_NHHMPBDAAUCCoords@@@Z 0044a991 f   gl_trimodel.obj
 0001:0004999f       ?LerpTag@md3Model_t@OpenGLDrv@@UBE_NHHMPBDAAUCCoords@@@Z 0044a99f f   gl_trimodel.obj
 0001:00049aaf       ?LoadMd2@OpenGLDrv@@YAPAVmd3Model_t@1@PBDPAEI@Z 0044aaaf f   gl_trimodel.obj
 0001:0004a5dd       ?ATAN2_FUNC@OpenGLDrv@@YAMMM@Z 0044b5dd f i gl_trimodel.obj
 0001:0004a793       ?LoadMd3@OpenGLDrv@@YAPAVmd3Model_t@1@PBDPAEI@Z 0044b793 f   gl_trimodel.obj
 0001:0004ac48       ?LoadSp2@OpenGLDrv@@YAPAVsprModel_t@1@PBDPAEI@Z 0044bc48 f   gl_trimodel.obj
 0001:0004ae60       ?LoadSpr@OpenGLDrv@@YAPAVsprModel_t@1@PBDPAEI@Z 0044be60 f   gl_trimodel.obj
 0001:0004af69       ?CALL_CONSTRUCTOR@@YAXPAVmd3Model_t@OpenGLDrv@@@Z 0044bf69 f i gl_trimodel.obj
 0001:0004af7f       ?CALL_CONSTRUCTOR@@YAXPAVsprModel_t@OpenGLDrv@@@Z 0044bf7f f i gl_trimodel.obj
 0001:0004c580       ?QGL_Init@OpenGLDrv@@YA_NPBD@Z 0044d580 f   qgl_win.obj
 0001:0004c662       ?QGL_Shutdown@OpenGLDrv@@YAXXZ 0044d662 f   qgl_win.obj
 0001:0004c6a0       ?QGL_InitExtensions@OpenGLDrv@@YAXXZ 0044d6a0 f   qgl_win.obj
 0001:0004cb8c       ?QGL_PrintExtensionsString@OpenGLDrv@@YAXPBD00@Z 0044db8c f   qgl_win.obj
 0001:0004ccd9       ?QGL_EnableLogging@OpenGLDrv@@YAX_N@Z 0044dcd9 f   qgl_win.obj
 0001:0004cd93       ?QGL_LogMessage@OpenGLDrv@@YAXPBD@Z 0044dd93 f   qgl_win.obj
 0001:0004cdaa       ?QGL_SwapBuffers@OpenGLDrv@@YAXXZ 0044ddaa f   qgl_win.obj
 0001:0004ce2c       ?GLimp_HasGamma@OpenGLDrv@@YA_NXZ 0044de2c f   gl_win.obj
 0001:0004ce40       ?GLimp_SetGamma@OpenGLDrv@@YAXM@Z 0044de40 f   gl_win.obj
 0001:0004cfe8       ?GLimp_SetMode@OpenGLDrv@@YA_NPAI0H_N@Z 0044dfe8 f   gl_win.obj
 0001:0004d3de       ?GLimp_Shutdown@OpenGLDrv@@YAX_N@Z 0044e3de f   gl_win.obj
 0001:0004d48b       ?AppActivate@OpenGLDrv@@YAX_N@Z 0044e48b f   gl_win.obj
 0001:0004d4fb       _jpeg_CreateDecompress     0044e4fb f   lib:jdapimin.obj
 0001:0004d5bb       _jpeg_destroy_decompress   0044e5bb f   lib:jdapimin.obj
 0001:0004d5bb       _jpeg_destroy_compress     0044e5bb f   lib:jdapimin.obj
 0001:0004d5c6       _jpeg_read_header          0044e5c6 f   lib:jdapimin.obj
 0001:0004d628       _jpeg_consume_input        0044e628 f   lib:jdapimin.obj
 0001:0004d877       _jpeg_finish_decompress    0044e877 f   lib:jdapimin.obj
 0001:0004d90e       _jpeg_start_decompress     0044e90e f   lib:jdapistd.obj
 0001:0004da7b       _jpeg_read_scanlines       0044ea7b f   lib:jdapistd.obj
 0001:0004daff       _jpeg_resync_to_restart    0044eaff f   lib:jdmarker.obj
 0001:0004dcc4       _jinit_marker_reader       0044ecc4 f   lib:jdmarker.obj
 0001:0004f18f       _jpeg_CreateCompress       0045018f f   lib:jcapimin.obj
 0001:0004f243       _jpeg_suppress_tables      00450243 f   lib:jcapimin.obj
 0001:0004f28d       _jpeg_finish_compress      0045028d f   lib:jcapimin.obj
 0001:0004f377       _jpeg_start_compress       00450377 f   lib:jcapistd.obj
 0001:0004f3e3       _jpeg_write_scanlines      004503e3 f   lib:jcapistd.obj
 0001:0004f48e       _jpeg_add_quant_table      0045048e f   lib:jcparam.obj
 0001:0004f540       _jpeg_quality_scaling      00450540 f   lib:jcparam.obj
 0001:0004f567       _jpeg_set_quality          00450567 f   lib:jcparam.obj
 0001:0004f5a1       _jpeg_set_defaults         004505a1 f   lib:jcparam.obj
 0001:0004f767       _jpeg_default_colorspace   00450767 f   lib:jcparam.obj
 0001:0004f7b7       _jpeg_set_colorspace       004507b7 f   lib:jcparam.obj
 0001:0004fad2       _jpeg_stdio_dest           00450ad2 f   lib:jdatadst.obj
 0001:0004fcf2       _crc32                     00450cf2 f   lib:crc32.obj
 0001:0004ff8c       _inflateReset              00450f8c f   lib:inflate.obj
 0001:0004ffda       _inflateInit2_             00450fda f   lib:inflate.obj
 0001:00050093       _inflate                   00451093 f   lib:inflate.obj
 0001:00051368       _inflateEnd                00452368 f   lib:inflate.obj
 0001:000513a6       _jinit_input_controller    004523a6 f   lib:jdinput.obj
 0001:00051889       _jinit_memory_mgr          00452889 f   lib:jmemmgr.obj
 0001:000523c5       _jpeg_abort                004533c5 f   lib:jcomapi.obj
 0001:000523f8       _jpeg_destroy              004533f8 f   lib:jcomapi.obj
 0001:00052413       _jpeg_alloc_quant_table    00453413 f   lib:jcomapi.obj
 0001:0005242f       _jpeg_alloc_huff_table     0045342f f   lib:jcomapi.obj
 0001:0005244b       _jpeg_calc_output_dimensions 0045344b f   lib:jdmaster.obj
 0001:0005254b       _jinit_master_decompress   0045354b f   lib:jdmaster.obj
 0001:000528a1       _jdiv_round_up             004538a1 f   lib:jutils.obj
 0001:000528b1       _jround_up                 004538b1 f   lib:jutils.obj
 0001:000528c9       _jcopy_sample_rows         004538c9 f   lib:jutils.obj
 0001:00052907       _jcopy_block_row           00453907 f   lib:jutils.obj
 0001:00052920       _jzero_far                 00453920 f   lib:jutils.obj
 0001:00052933       _jinit_marker_writer       00453933 f   lib:jcmarker.obj
 0001:0005320f       _jinit_compress_master     0045420f f   lib:jcinit.obj
 0001:00053268       _inflate_fast              00454268 f   lib:inffast.obj
 0001:0005361d       _inflate_table             0045461d f   lib:inftrees.obj
 0001:000539d1       _adler32                   004549d1 f   lib:adler32.obj
 0001:00053aea       _jinit_c_codec             00454aea f   lib:jcodec.obj
 0001:00053b06       _jinit_d_codec             00454b06 f   lib:jcodec.obj
 0001:00053b22       _jpeg_get_large            00454b22 f   lib:jmemnobs.obj
 0001:00053b22       _jpeg_get_small            00454b22 f   lib:jmemnobs.obj
 0001:00053b2e       _jpeg_free_small           00454b2e f   lib:jmemnobs.obj
 0001:00053b2e       _jpeg_free_large           00454b2e f   lib:jmemnobs.obj
 0001:00053b3a       _jpeg_mem_available        00454b3a f   lib:jmemnobs.obj
 0001:00053b3f       _jpeg_open_backing_store   00454b3f f   lib:jmemnobs.obj
 0001:00053b53       _jinit_d_main_controller   00454b53 f   lib:jdmainct.obj
 0001:0005419e       _jinit_d_post_controller   0045519e f   lib:jdpostct.obj
 0001:00054449       _jinit_upsampler           00455449 f   lib:jdsample.obj
 0001:00054a87       _jinit_color_deconverter   00455a87 f   lib:jdcolor.obj
 0001:00054f9d       _jinit_merged_upsampler    00455f9d f   lib:jdmerge.obj
 0001:000554ed       _jinit_2pass_quantizer     004564ed f   lib:jquant2.obj
 0001:000565b0       _jinit_1pass_quantizer     004575b0 f   lib:jquant1.obj
 0001:00056fd6       _jinit_c_main_controller   00457fd6 f   lib:jcmainct.obj
 0001:00057143       _jinit_c_prep_controller   00458143 f   lib:jcprepct.obj
 0001:0005768e       _jinit_downsampler         0045868e f   lib:jcsample.obj
 0001:00057f0e       _jinit_color_converter     00458f0e f   lib:jccolor.obj
 0001:000584f9       _jinit_c_master_control    004594f9 f   lib:jcmaster.obj
 0001:00058fe8       _jinit_lossy_c_codec       00459fe8 f   lib:jclossy.obj
 0001:00059083       _jinit_lossless_c_codec    0045a083 f   lib:jclossls.obj
 0001:0005911b       _jinit_lossy_d_codec       0045a11b f   lib:jdlossy.obj
 0001:000593ee       _jinit_lossless_d_codec    0045a3ee f   lib:jdlossls.obj
 0001:0005949e       _jinit_c_coef_controller   0045a49e f   lib:jccoefct.obj
 0001:00059b7f       _jinit_shuff_encoder       0045ab7f f   lib:jcshuff.obj
 0001:0005a3ea       _jinit_phuff_encoder       0045b3ea f   lib:jcphuff.obj
 0001:0005ae8f       _jinit_forward_dct         0045be8f f   lib:jcdctmgr.obj
 0001:0005b15e       _jinit_c_diff_controller   0045c15e f   lib:jcdiffct.obj
 0001:0005b682       _jinit_lhuff_encoder       0045c682 f   lib:jclhuff.obj
 0001:0005bdac       _jinit_differencer         0045cdac f   lib:jcpred.obj
 0001:0005c2c6       _jinit_c_scaler            0045d2c6 f   lib:jcscale.obj
 0001:0005c33c       _jinit_d_coef_controller   0045d33c f   lib:jdcoefct.obj
 0001:0005d018       _jinit_shuff_decoder       0045e018 f   lib:jdshuff.obj
 0001:0005d5ad       _jinit_phuff_decoder       0045e5ad f   lib:jdphuff.obj
 0001:0005e14a       _jinit_inverse_dct         0045f14a f   lib:jddctmgr.obj
 0001:0005e32e       _jinit_d_diff_controller   0045f32e f   lib:jddiffct.obj
 0001:0005e85c       _jinit_d_scaler            0045f85c f   lib:jdscale.obj
 0001:0005e95b       _jinit_undifferencer       0045f95b f   lib:jdpred.obj
 0001:0005ed15       _jinit_lhuff_decoder       0045fd15 f   lib:jdlhuff.obj
 0001:0005f10a       _jpeg_make_c_derived_tbl   0046010a f   lib:jchuff.obj
 0001:0005f30c       _jpeg_gen_optimal_table    0046030c f   lib:jchuff.obj
 0001:0005f4cb       _jpeg_fdct_float           004604cb f   lib:jfdctflt.obj
 0001:0005f6d0       _jpeg_make_d_derived_tbl   004606d0 f   lib:jdhuff.obj
 0001:0005f96d       _jpeg_fill_bit_buffer      0046096d f   lib:jdhuff.obj
 0001:0005fa7c       _jpeg_huff_decode          00460a7c f   lib:jdhuff.obj
 0001:0005fb5c       _jpeg_idct_4x4             00460b5c f   lib:jidctred.obj
 0001:0005fe4a       _jpeg_idct_2x2             00460e4a f   lib:jidctred.obj
 0001:0006000c       _jpeg_idct_1x1             0046100c f   lib:jidctred.obj
 0001:00060048       _jpeg_idct_float           00461048 f   lib:jidctflt.obj
 0001:00060420       __except_handler3          00461420 f   MSVCRT:MSVCRT.dll
 0001:00060430       __alloca_probe             00461430 f   MSVCRT:chkstk.obj
 0001:00060430       __chkstk                   00461430 f   MSVCRT:chkstk.obj
 0001:0006045f       ??_Gtype_info@@UAEPAXI@Z   0046145f f i MSVCRT:ti_inst.obj
 0001:0006045f       ??_Etype_info@@UAEPAXI@Z   0046145f f i MSVCRT:ti_inst.obj
 0001:0006047c       __CxxThrowException@8      0046147c f   MSVCRT:MSVCRT.dll
 0001:00060482       _strlen                    00461482 f   MSVCRT:MSVCRT.dll
 0001:00060488       _strcmp                    00461488 f   MSVCRT:MSVCRT.dll
 0001:0006048e       _strcpy                    0046148e f   MSVCRT:MSVCRT.dll
 0001:00060494       _sin                       00461494 f   MSVCRT:MSVCRT.dll
 0001:0006049a       _tan                       0046149a f   MSVCRT:MSVCRT.dll
 0001:000604a0       _cos                       004614a0 f   MSVCRT:MSVCRT.dll
 0001:000604a6       _fmod                      004614a6 f   MSVCRT:MSVCRT.dll
 0001:000604ac       _acos                      004614ac f   MSVCRT:MSVCRT.dll
 0001:000604b2       _atan                      004614b2 f   MSVCRT:MSVCRT.dll
 0001:000604b8       _strcat                    004614b8 f   MSVCRT:MSVCRT.dll
 0001:000604be       _memcpy                    004614be f   MSVCRT:MSVCRT.dll
 0001:000604c4       _memset                    004614c4 f   MSVCRT:MSVCRT.dll
 0001:000604ca       _sqrt                      004614ca f   MSVCRT:MSVCRT.dll
 0001:000604d0       _atan2                     004614d0 f   MSVCRT:MSVCRT.dll
 0001:000604d6       __purecall                 004614d6 f   MSVCRT:MSVCRT.dll
 0001:000604dc       _pow                       004614dc f   MSVCRT:MSVCRT.dll
 0001:000604e2       _asin                      004614e2 f   MSVCRT:MSVCRT.dll
 0001:000604e8       _WinMainCRTStartup         004614e8 f   MSVCRT:crtexew.obj
 0001:00060646       __ftol                     00461646 f   MSVCRT:MSVCRT.dll
 0001:0006064c       ??1type_info@@UAE@XZ       0046164c f   MSVCRT:MSVCRT.dll
[...]
 0001:0005e4cc       _start_iMCU_row            0045f4cc f   lib:jddiffct.obj
 0001:0005e511       _start_output_pass         0045f511 f   lib:jddiffct.obj
 0001:0005e51d       _decompress_data           0045f51d f   lib:jddiffct.obj
 0001:0005e68d       _process_restart           0045f68d f   lib:jddiffct.obj
 0001:0005c6ad       _dummy_consume_data        0045d6ad f   lib:jdcoefct.obj
 0001:0005e6c2       _consume_data              0045f6c2 f   lib:jddiffct.obj
 0001:0005e739       _output_data               0045f739 f   lib:jddiffct.obj
 0001:0005e1c0       _start_pass                0045f1c0 f   lib:jddctmgr.obj
 0001:0005d612       _start_pass_phuff_decoder  0045e612 f   lib:jdphuff.obj
 0001:0005d85b       _decode_mcu_DC_first       0045e85b f   lib:jdphuff.obj
 0001:0005da53       _process_restart           0045ea53 f   lib:jdphuff.obj
 0001:0005dac2       _decode_mcu_AC_first       0045eac2 f   lib:jdphuff.obj
 0001:0005dce2       _decode_mcu_DC_refine      0045ece2 f   lib:jdphuff.obj
 0001:0005ddb7       _decode_mcu_AC_refine      0045edb7 f   lib:jdphuff.obj
 0001:0005d059       _start_pass_huff_decoder   0045e059 f   lib:jdshuff.obj
 0001:0005d191       _decode_mcu                0045e191 f   lib:jdshuff.obj
 0001:0005d541       _process_restart           0045e541 f   lib:jdshuff.obj
 0001:0005c43f       _start_input_pass          0045d43f f   lib:jdcoefct.obj
 0001:0005c452       _start_iMCU_row            0045d452 f   lib:jdcoefct.obj
 0001:0005c497       _start_output_pass         0045d497 f   lib:jdcoefct.obj
 0001:0005c4d4       _decompress_onepass        0045d4d4 f   lib:jdcoefct.obj
 0001:0005c6ad       _dummy_consume_data        0045d6ad f   lib:jdcoefct.obj
 0001:0005c6b0       _consume_data              0045d6b0 f   lib:jdcoefct.obj
 0001:0005c869       _decompress_data           0045d869 f   lib:jdcoefct.obj
 0001:0005c9d5       _smoothing_ok              0045d9d5 f   lib:jdcoefct.obj
 0001:0005cac0       _decompress_smooth_data    0045dac0 f   lib:jdcoefct.obj
 0001:0005c2d8       _scaler_start_pass         0045d2d8 f   lib:jcscale.obj
 0001:0005c2fb       _simple_downscale          0045d2fb f   lib:jcscale.obj
 0001:0005c327       _noscale                   0045d327 f   lib:jcscale.obj
 0001:0005bdd0       _start_pass                0045cdd0 f   lib:jcpred.obj
 0001:0005be28       _reset_predictor           0045ce28 f   lib:jcpred.obj
 0001:0005be55       _jpeg_difference_first_row 0045ce55 f   lib:jcpred.obj
 0001:0005bf3f       _jpeg_difference1          0045cf3f f   lib:jcpred.obj
 0001:0005bfad       _jpeg_difference2          0045cfad f   lib:jcpred.obj
 0001:0005c01e       _jpeg_difference3          0045d01e f   lib:jcpred.obj
 0001:0005c096       _jpeg_difference4          0045d096 f   lib:jcpred.obj
 0001:0005c121       _jpeg_difference5          0045d121 f   lib:jcpred.obj
 0001:0005c1b4       _jpeg_difference6          0045d1b4 f   lib:jcpred.obj
 0001:0005c243       _jpeg_difference7          0045d243 f   lib:jcpred.obj
 0001:0005b6c2       _start_pass_huff           0045c6c2 f   lib:jclhuff.obj
 0001:0005b85f       _encode_mcus_huff          0045c85f f   lib:jclhuff.obj
 0001:0005ba4a       _emit_bits                 0045ca4a f   lib:jclhuff.obj
 0001:0005baed       _dump_buffer               0045caed f   lib:jclhuff.obj
 0001:0005bb11       _emit_restart              0045cb11 f   lib:jclhuff.obj
 0001:0005bb5c       _flush_bits                0045cb5c f   lib:jclhuff.obj
 0001:0005bb80       _finish_pass_huff          0045cb80 f   lib:jclhuff.obj
 0001:0005bbed       _encode_mcus_gather        0045cbed f   lib:jclhuff.obj
 0001:0005bd16       _finish_pass_gather        0045cd16 f   lib:jclhuff.obj
 0001:0005a3e7       _need_optimization_pass    0045b3e7 f   lib:jcshuff.obj
 0001:0005b2e2       _start_pass_diff           0045c2e2 f   lib:jcdiffct.obj
 0001:000595e8       _start_iMCU_row            0045a5e8 f   lib:jccoefct.obj
 0001:0005b380       _compress_data             0045c380 f   lib:jcdiffct.obj
 0001:0005b516       _compress_first_pass       0045c516 f   lib:jcdiffct.obj
 0001:0005b60b       _compress_output           0045c60b f   lib:jcdiffct.obj
 0001:0005aef5       _start_pass_fdctmgr        0045bef5 f   lib:jcdctmgr.obj
 0001:0005aff7       _forward_DCT_float         0045bff7 f   lib:jcdctmgr.obj
 0001:0005a42a       _start_pass_phuff          0045b42a f   lib:jcphuff.obj
 0001:0005a597       _encode_mcu_DC_first       0045b597 f   lib:jcphuff.obj
 0001:0005a6c9       _emit_bits                 0045b6c9 f   lib:jcphuff.obj
 0001:0005a774       _dump_buffer               0045b774 f   lib:jcphuff.obj
 0001:0005a7ac       _emit_symbol               0045b7ac f   lib:jcphuff.obj
 0001:0005a7ec       _emit_restart              0045b7ec f   lib:jcphuff.obj
 0001:0005a875       _emit_eobrun               0045b875 f   lib:jcphuff.obj
 0001:0005a8fb       _encode_mcu_AC_first       0045b8fb f   lib:jcphuff.obj
 0001:0005aa8f       _encode_mcu_DC_refine      0045ba8f f   lib:jcphuff.obj
 0001:0005ab49       _encode_mcu_AC_refine      0045bb49 f   lib:jcphuff.obj
 0001:0005ad60       _finish_pass_phuff         0045bd60 f   lib:jcphuff.obj
 0001:0005adaf       _finish_pass_gather_phuff  0045bdaf f   lib:jcphuff.obj
 0001:0005ae72       _need_optimization_pass    0045be72 f   lib:jcphuff.obj
 0001:00059bc2       _start_pass_huff           0045abc2 f   lib:jcshuff.obj
 0001:00059d37       _encode_mcu_huff           0045ad37 f   lib:jcshuff.obj
 0001:00059e42       _encode_one_block          0045ae42 f   lib:jcshuff.obj
 0001:00059fb9       _emit_bits                 0045afb9 f   lib:jcshuff.obj
 0001:0005a05c       _dump_buffer               0045b05c f   lib:jcshuff.obj
 0001:0005a080       _emit_restart              0045b080 f   lib:jcshuff.obj
 0001:0005a0ed       _flush_bits                0045b0ed f   lib:jcshuff.obj
 0001:0005a111       _finish_pass_huff          0045b111 f   lib:jcshuff.obj
 0001:0005a180       _encode_mcu_gather         0045b180 f   lib:jcshuff.obj
 0001:0005a236       _htest_one_block           0045b236 f   lib:jcshuff.obj
 0001:0005a2fd       _finish_pass_gather        0045b2fd f   lib:jcshuff.obj
 0001:0005a3e7       _need_optimization_pass    0045b3e7 f   lib:jcshuff.obj
 0001:00059553       _start_pass_coef           0045a553 f   lib:jccoefct.obj
 0001:000595e8       _start_iMCU_row            0045a5e8 f   lib:jccoefct.obj
 0001:0005962a       _compress_data             0045a62a f   lib:jccoefct.obj
 0001:00059811       _compress_first_pass       0045a811 f   lib:jccoefct.obj
 0001:000599f7       _compress_output           0045a9f7 f   lib:jccoefct.obj
 0001:0005946b       _calc_output_dimensions    0045a46b f   lib:jdlossls.obj
 0001:0005947c       _start_input_pass          0045a47c f   lib:jdlossls.obj
 0001:000591aa       _calc_output_dimensions    0045a1aa f   lib:jdlossy.obj
 0001:0005931d       _start_input_pass          0045a31d f   lib:jdlossy.obj
 0001:0005933d       _latch_quant_tables        0045a33d f   lib:jdlossy.obj
 0001:000593d5       _start_output_pass         0045a3d5 f   lib:jdlossy.obj
 0001:000590f9       _start_pass                0045a0f9 f   lib:jclossls.obj
 0001:00059065       _start_pass                0045a065 f   lib:jclossy.obj
 0001:000585ba       _initial_setup             004595ba f   lib:jcmaster.obj
 0001:0005876d       _validate_script           0045976d f   lib:jcmaster.obj
 0001:00058b45       _prepare_for_pass          00459b45 f   lib:jcmaster.obj
 0001:00058cbd       _select_scan_parameters    00459cbd f   lib:jcmaster.obj
 0001:00058dbe       _per_scan_setup            00459dbe f   lib:jcmaster.obj
 0001:00058f69       _pass_startup              00459f69 f   lib:jcmaster.obj
 0001:00058f90       _finish_pass_master        00459f90 f   lib:jcmaster.obj
 0001:000580a5       _rgb_ycc_start             004590a5 f   lib:jccolor.obj
 0001:00058169       _rgb_ycc_convert           00459169 f   lib:jccolor.obj
 0001:00058268       _rgb_gray_convert          00459268 f   lib:jccolor.obj
 0001:000582ed       _cmyk_ycck_convert         004592ed f   lib:jccolor.obj
 0001:00058425       _grayscale_convert         00459425 f   lib:jccolor.obj
 0001:0005847f       _null_convert              0045947f f   lib:jccolor.obj
 0001:000584f8       _null_method               004594f8 f   lib:jccolor.obj
 0001:000584f8       _start_pass_downsample     004594f8 f   lib:jccolor.obj
 0001:000577f1       _sep_downsample            004587f1 f   lib:jcsample.obj
 0001:00057866       _int_downsample            00458866 f   lib:jcsample.obj
 0001:0005795e       _expand_right_edge         0045895e f   lib:jcsample.obj
 0001:000579b3       _fullsize_downsample       004589b3 f   lib:jcsample.obj
 0001:000579f7       _h2v1_downsample           004589f7 f   lib:jcsample.obj
 0001:00057a8b       _h2v2_downsample           00458a8b f   lib:jcsample.obj
 0001:00057b38       _h2v2_smooth_downsample    00458b38 f   lib:jcsample.obj
 0001:00057db0       _fullsize_smooth_downsample 00458db0 f   lib:jcsample.obj
 0001:000571ed       _start_pass_prep           004581ed f   lib:jcprepct.obj
 0001:0005722b       _pre_process_data          0045822b f   lib:jcprepct.obj
 0001:000573d9       _pre_process_context       004583d9 f   lib:jcprepct.obj
 0001:00057592       _create_context_buffer     00458592 f   lib:jcprepct.obj
 0001:00057065       _start_pass_main           00458065 f   lib:jcmainct.obj
 0001:000570a7       _process_data_simple_main  004580a7 f   lib:jcmainct.obj
 0001:0005663b       _create_colormap           0045763b f   lib:jquant1.obj
 0001:0005676d       _select_ncolors            0045776d f   lib:jquant1.obj
 0001:00056844       _create_colorindex         00457844 f   lib:jquant1.obj
 0001:00056970       _alloc_fs_workspace        00457970 f   lib:jquant1.obj
 0001:000569ac       _start_pass_1_quant        004579ac f   lib:jquant1.obj
 0001:00056a78       _create_odither_tables     00457a78 f   lib:jquant1.obj
 0001:00056ad7       _make_odither_array        00457ad7 f   lib:jquant1.obj
 0001:00056b3a       _color_quantize            00457b3a f   lib:jquant1.obj
 0001:00056bc5       _color_quantize3           00457bc5 f   lib:jquant1.obj
 0001:00056c53       _quantize_ord_dither       00457c53 f   lib:jquant1.obj
 0001:00056d3e       _quantize3_ord_dither      00457d3e f   lib:jquant1.obj
 0001:00056e3e       _quantize_fs_dither        00457e3e f   lib:jquant1.obj
 0001:000584f8       _finish_pass_1_quant       004594f8 f   lib:jccolor.obj
 0001:00056fc2       _new_color_map_1_quant     00457fc2 f   lib:jquant1.obj
 0001:000555fc       _init_error_limit          004565fc f   lib:jquant2.obj
 0001:0005569b       _start_pass_2_quant        0045669b f   lib:jquant2.obj
 0001:0005579d       _prescan_quantize          0045679d f   lib:jquant2.obj
 0001:0005580c       _pass2_no_dither           0045680c f   lib:jquant2.obj
 0001:000558b9       _fill_inverse_cmap         004568b9 f   lib:jquant2.obj
 0001:00055984       _find_nearby_colors        00456984 f   lib:jquant2.obj
 0001:00055b28       _find_best_colors          00456b28 f   lib:jquant2.obj
 0001:00055c42       _pass2_fs_dither           00456c42 f   lib:jquant2.obj
 0001:00055eb1       _finish_pass1              00456eb1 f   lib:jquant2.obj
 0001:00055ed3       _select_colors             00456ed3 f   lib:jquant2.obj
 0001:00055f5f       _update_box                00456f5f f   lib:jquant2.obj
 0001:000562f9       _median_cut                004572f9 f   lib:jquant2.obj
 0001:0005640d       _find_biggest_color_pop    0045740d f   lib:jquant2.obj
 0001:0005643c       _find_biggest_volume       0045743c f   lib:jquant2.obj
 0001:00056465       _compute_color             00457465 f   lib:jquant2.obj
 0001:000584f8       _finish_pass2              004594f8 f   lib:jccolor.obj
 0001:000565a1       _new_color_map_2_quant     004575a1 f   lib:jquant2.obj
 0001:00055013       _build_ycc_rgb_table       00456013 f   lib:jdmerge.obj
 0001:000550c3       _start_pass_merged_upsample 004560c3 f   lib:jdmerge.obj
 0001:000550d8       _merged_2v_upsample        004560d8 f   lib:jdmerge.obj
 0001:0005517f       _merged_1v_upsample        0045617f f   lib:jdmerge.obj
 0001:000551b0       _h2v1_merged_upsample      004561b0 f   lib:jdmerge.obj
 0001:00055306       _h2v2_merged_upsample      00456306 f   lib:jdmerge.obj
 0001:00054bb7       _build_ycc_rgb_table       00455bb7 f   lib:jdcolor.obj
 0001:00054c67       _ycc_rgb_convert           00455c67 f   lib:jdcolor.obj
 0001:00054d75       _null_convert              00455d75 f   lib:jdcolor.obj
 0001:00054ded       _grayscale_convert         00455ded f   lib:jdcolor.obj
 0001:00054e10       _gray_rgb_convert          00455e10 f   lib:jdcolor.obj
 0001:00054e69       _ycck_cmyk_convert         00455e69 f   lib:jdcolor.obj
 0001:000584f8       _start_pass_dcolor         004594f8 f   lib:jccolor.obj
 0001:00054618       _start_pass_upsample       00455618 f   lib:jdsample.obj
 0001:00054632       _sep_upsample              00455632 f   lib:jdsample.obj
 0001:000546ff       _fullsize_upsample         004556ff f   lib:jdsample.obj
 0001:0005470a       _noop_upsample             0045570a f   lib:jdsample.obj
 0001:00054712       _int_upsample              00455712 f   lib:jdsample.obj
 0001:000547fc       _h2v1_upsample             004557fc f   lib:jdsample.obj
 0001:00054853       _h2v2_upsample             00455853 f   lib:jdsample.obj
 0001:000548c5       _h2v1_fancy_upsample       004558c5 f   lib:jdsample.obj
 0001:00054968       _h2v2_fancy_upsample       00455968 f   lib:jdsample.obj
 0001:00054221       _start_pass_dpost          00455221 f   lib:jdpostct.obj
 0001:000542c7       _post_process_1pass        004552c7 f   lib:jdpostct.obj
 0001:0005432c       _post_process_prepass      0045532c f   lib:jdpostct.obj
 0001:000543bd       _post_process_2pass        004553bd f   lib:jdpostct.obj
 0001:00053c28       _alloc_funny_pointers      00454c28 f   lib:jdmainct.obj
 0001:00053cd5       _start_pass_main           00454cd5 f   lib:jdmainct.obj
 0001:00053d3d       _make_funny_pointers       00454d3d f   lib:jdmainct.obj
 0001:00053e7d       _process_data_simple_main  00454e7d f   lib:jdmainct.obj
 0001:00053ee5       _process_data_context_main 00454ee5 f   lib:jdmainct.obj
 0001:00053ff7       _set_wraparound_pointers   00454ff7 f   lib:jdmainct.obj
 0001:000540e1       _set_bottom_pointers       004550e1 f   lib:jdmainct.obj
 0001:0005417b       _process_data_crank_post   0045517b f   lib:jdmainct.obj
 0001:00052981       _write_marker_header       00453981 f   lib:jcmarker.obj
 0001:000529d7       _emit_byte                 004539d7 f   lib:jcmarker.obj
 0001:00052a08       _write_marker_byte         00453a08 f   lib:jcmarker.obj
 0001:00052a18       _write_file_header         00453a18 f   lib:jcmarker.obj
 0001:00052a64       _emit_jfif_app0            00453a64 f   lib:jcmarker.obj
 0001:00052b37       _emit_adobe_app14          00453b37 f   lib:jcmarker.obj
 0001:00052bdd       _write_frame_header        00453bdd f   lib:jcmarker.obj
 0001:00052cbc       _emit_dqt                  00453cbc f   lib:jcmarker.obj
 0001:00052dab       _emit_sof                  00453dab f   lib:jcmarker.obj
 0001:00052e87       _write_scan_header         00453e87 f   lib:jcmarker.obj
 0001:00052f47       _emit_dht                  00453f47 f   lib:jcmarker.obj
 0001:00053020       _emit_dri                  00454020 f   lib:jcmarker.obj
 0001:0005306f       _emit_sos                  0045406f f   lib:jcmarker.obj
 0001:0005315d       _write_file_trailer        0045415d f   lib:jcmarker.obj
 0001:0005317d       _write_tables_only         0045417d f   lib:jcmarker.obj
 0001:000524d6       _use_merged_upsample       004534d6 f   lib:jdmaster.obj
 0001:0005257c       _master_selection          0045357c f   lib:jdmaster.obj
 0001:000526d9       _prepare_range_limit_table 004536d9 f   lib:jdmaster.obj
 0001:0005275f       _prepare_for_output_pass   0045375f f   lib:jdmaster.obj
 0001:00052880       _finish_output_pass        00453880 f   lib:jdmaster.obj
 0001:0005194d       _alloc_small               0045294d f   lib:jmemmgr.obj
 0001:00051a6b       _alloc_large               00452a6b f   lib:jmemmgr.obj
 0001:00051b1c       _alloc_sarray              00452b1c f   lib:jmemmgr.obj
 0001:00051bb4       _alloc_barray              00452bb4 f   lib:jmemmgr.obj
 0001:00051c58       _alloc_darray              00452c58 f   lib:jmemmgr.obj
 0001:00051d03       _request_virt_sarray       00452d03 f   lib:jmemmgr.obj
 0001:00051d64       _request_virt_barray       00452d64 f   lib:jmemmgr.obj
 0001:00051dc5       _realize_virt_arrays       00452dc5 f   lib:jmemmgr.obj
 0001:00051f48       _access_virt_sarray        00452f48 f   lib:jmemmgr.obj
 0001:00052068       _do_sarray_io              00453068 f   lib:jmemmgr.obj
 0001:000520f8       _access_virt_barray        004530f8 f   lib:jmemmgr.obj
 0001:0005221d       _do_barray_io              0045321d f   lib:jmemmgr.obj
 0001:000522ae       _free_pool                 004532ae f   lib:jmemmgr.obj
 0001:00052395       _self_destruct             00453395 f   lib:jmemmgr.obj
 0001:000513e7       _start_input_pass          004523e7 f   lib:jdinput.obj
 0001:00051415       _per_scan_setup            00452415 f   lib:jdinput.obj
 0001:0005159b       _finish_input_pass         0045259b f   lib:jdinput.obj
 0001:000515ac       _consume_markers           004525ac f   lib:jdinput.obj
 0001:00051648       _initial_setup             00452648 f   lib:jdinput.obj
 0001:00051852       _reset_input_controller    00452852 f   lib:jdinput.obj
 0001:000511a0       _fixedtables               004521a0 f   lib:inflate.obj
 0001:0005128a       _updatewindow              0045228a f   lib:inflate.obj
 0001:0004fbd2       _make_crc_table            00450bd2 f   lib:crc32.obj
 0001:0004fd1f       _crc32_little              00450d1f f   lib:crc32.obj
 0001:0004fb0e       _init_destination          00450b0e f   lib:jdatadst.obj
 0001:0004fb34       _empty_output_buffer       00450b34 f   lib:jdatadst.obj
 0001:0004fb76       _term_destination          00450b76 f   lib:jdatadst.obj
 0001:0004f695       _std_huff_tables           00450695 f   lib:jcparam.obj
 0001:0004f6ef       _add_huff_table            004506ef f   lib:jcparam.obj
 0001:0004dbed       _next_marker               0044ebed f   lib:jdmarker.obj
 0001:0004dd27       _get_interesting_appn      0044ed27 f   lib:jdmarker.obj
 0001:0004de52       _examine_app0              0044ee52 f   lib:jdmarker.obj
 0001:0004e060       _examine_app14             0044f060 f   lib:jdmarker.obj
 0001:0004e121       _skip_variable             0044f121 f   lib:jdmarker.obj
 0001:0004e1c4       _read_markers              0044f1c4 f   lib:jdmarker.obj
 0001:0004e3cc       _get_soi                   0044f3cc f   lib:jdmarker.obj
 0001:0004e477       _get_sof                   0044f477 f   lib:jdmarker.obj
 0001:0004e780       _get_sos                   0044f780 f   lib:jdmarker.obj
 0001:0004ea6e       _get_dht                   0044fa6e f   lib:jdmarker.obj
 0001:0004ed0f       _get_dqt                   0044fd0f f   lib:jdmarker.obj
 0001:0004ef6b       _get_dri                   0044ff6b f   lib:jdmarker.obj
 0001:0004f04a       _first_marker              0045004a f   lib:jdmarker.obj
 0001:0004f0e6       _read_restart_marker       004500e6 f   lib:jdmarker.obj
 0001:0004f164       _reset_marker_reader       00450164 f   lib:jdmarker.obj
 0001:0004d9d1       _output_pass_setup         0044e9d1 f   lib:jdapistd.obj
 0001:0004d6c4       _default_decompress_parms  0044e6c4 f   lib:jdapimin.obj

 225 bytes saved through ICF

