 quake2

 Timestamp is 42c817ae (Sun Jul 03 20:51:58 2005)

 Preferred load address is 00400000

 Start         Length     Name                   Class
 0001:00000000 00060b00H .text                   CODE
 0002:00000000 00000278H .idata$5                DATA
 0002:00000278 00006664H .rdata                  DATA
 0002:000068e0 00000044H .rdata$r                DATA
 0002:00006928 00000038H .xdata$x                DATA
 0002:00006960 00000078H .idata$2                DATA
 0002:000069d8 00000014H .idata$3                DATA
 0002:000069ec 00000278H .idata$4                DATA
 0002:00006c64 000007feH .idata$6                DATA
 0002:00007462 00000000H .edata                  DATA
 0003:00000000 00000004H .CRT$XCA                DATA
 0003:00000004 00000078H .CRT$XCU                DATA
 0003:0000007c 00000004H .CRT$XCZ                DATA
 0003:00000080 00000004H .CRT$XIA                DATA
 0003:00000084 00000004H .CRT$XIZ                DATA
 0003:00000090 0000d9ecH .data                   DATA
 0003:0000da80 004735acH .bss                    DATA
 0004:00000000 00000130H .rsrc$01                DATA
 0004:00000130 00003f20H .rsrc$02                DATA

  Address         Publics by Value              Rva+Base     Lib:Object

 0001:00000000       ??3@YAXPAX@Z               00401000 f i CoreMain.obj
 0001:0000000b       ?appInit@@YAXXZ            0040100b f   CoreMain.obj
 0001:0000006e       ?appExit@@YAXXZ            0040106e f   CoreMain.obj
 0001:00000073       ?appLoadDebugSymbols@@YAXXZ 00401073 f   DbgSymbols.obj
 0001:00000276       ?appSymbolName@@YA_NIPADH@Z 00401276 f   DbgSymbols.obj
 0001:00000362       ?appSymbolName@@YAPBDI@Z   00401362 f   DbgSymbols.obj
 0001:00000394       ?appMalloc@@YAPAXIH@Z      00401394 f   Memory.obj
 0001:00000442       ?appFree@@YAXPAX@Z         00401442 f   Memory.obj
 0001:00000470       ?Unlink@FMemHeader@@QAEXXZ 00401470 f i Memory.obj
 0001:0000049b       ?Link@CMemoryChain@@AAEXXZ 0040149b f   Memory.obj
 0001:000004ba       ?Unlink@CMemoryChain@@AAEXXZ 004014ba f   Memory.obj
 0001:000004e5       ??2CMemoryChain@@SAPAXIH@Z 004014e5 f   Memory.obj
 0001:00000557       ??3CMemoryChain@@SAXPAX@Z  00401557 f   Memory.obj
 0001:0000058a       ?Alloc@CMemoryChain@@QAEPAXIH@Z 0040158a f   Memory.obj
 0001:000005f4       ?appInitMemory@@YAXXZ      004015f4 f   Memory.obj
 0001:00000b3f       ?Write@COutputDeviceNull@@UAEXPBD@Z 00401b3f f i OutputDevice.obj
 0001:00000b42       ?appWPrintf@@YAXPBDZZ      00401b42 f   OutputDevice.obj
 0001:00000b93       ?appFatalError@@YAXPBDZZ   00401b93 f   ErrorMgr.obj
 0001:00000bcd       ?appNonFatalError@@YAXPBDZZ 00401bcd f   ErrorMgr.obj
 0001:00000c2b       ?appUnwindPrefix@@YAXPBD@Z 00401c2b f   ErrorMgr.obj
 0001:00000c82       ?appUnwindThrow@@YAXPBDZZ  00401c82 f   ErrorMgr.obj
 0001:00000d09       ?Reset@CErrorHandler@@QAEXXZ 00401d09 f   ErrorMgr.obj
 0001:00000d33       ?appInitError@@YAXXZ       00401d33 f   ErrorMgr.obj
 0001:00000df1       ?GetLine@CSimpleParser@@QAEPBDXZ 00401df1 f   ScriptParser.obj
 0001:00000f06       ?SkipBraces@CSimpleParser@@QAEPBDXZ 00401f06 f   ScriptParser.obj
 0001:00000f3c       ?appStricmp@@YAHPBD0@Z     00401f3c f   Strings.obj
 0001:00000f71       ?toLower@@YADD@Z           00401f71 f i Strings.obj
 0001:00000f88       ?appStrcpy@@YAXPADPBD@Z    00401f88 f   Strings.obj
 0001:00000f9b       ?appStrncpylwr@@YAXPADPBDH@Z 00401f9b f   Strings.obj
 0001:00000fd3       ?appStrncpyz@@YAXPADPBDH@Z 00401fd3 f   Strings.obj
 0001:00001000       ?appStrcatn@@YAXPADHPBD@Z  00402000 f   Strings.obj
 0001:0000102b       ?appCopyFilename@@YAXPADPBDH@Z 0040202b f   Strings.obj
 0001:000010c7       ?appCStrlen@@YAHPBD@Z      004020c7 f   Strings.obj
 0001:000010ec       ?appUncolorizeString@@YAXPADPBD@Z 004020ec f   Strings.obj
 0001:0000111c       ?va@@YAPBDPBDZZ            0040211c f   Strings.obj
 0001:000011b8       ?appSprintf@@YAHPADHPBDZZ  004021b8 f   Strings.obj
 0001:00001203       ?appMatchWildcard@@YA_NPBD0_N@Z 00402203 f   Strings.obj
 0001:00001383       ?appIsWildcard@@YA_NPBD@Z  00402383 f   Strings.obj
 0001:000013ad       ?CopyString@@YAPADPBD@Z    004023ad f   Strings.obj
 0001:000013ed       ?CopyString@@YAPADPBDPAVCMemoryChain@@@Z 004023ed f   Strings.obj
 0001:00001421       ??2CStringItem@@SAPAXIPBD@Z 00402421 f   Strings.obj
 0001:0000146a       ??2CStringItem@@SAPAXIPBDPAVCMemoryChain@@@Z 0040246a f   Strings.obj
 0001:000014a7       ?Find@CStringList@@IAEPAVCStringItem@@PBDPAPAV2@@Z 004024a7 f   Strings.obj
 0001:000014e3       ?Find@CStringList@@IAEPAVCStringItem@@H@Z 004024e3 f   Strings.obj
 0001:000014fc       ?IndexOf@CStringList@@QAEHPBD@Z 004024fc f   Strings.obj
 0001:00001529       ?Remove@CStringList@@QAE_NPAVCStringItem@@@Z 00402529 f   Strings.obj
 0001:00001555       ?Free@CStringList@@QAEXXZ  00402555 f   Strings.obj
 0001:0000156e       ?appMillisecondsf@@YANXZ   0040256e f   CoreWin32.obj
 0001:000015a7       ?appMilliseconds@@YAIXZ    004025a7 f   CoreWin32.obj
 0001:000015dc       ?cpuid@@YAXI@Z             004025dc f   CoreWin32.obj
 0001:000015ff       ?appInitPlatform@@YAXXZ    004025ff f   CoreWin32.obj
 0001:00001892       ?appShutdownPlatform@@YAXXZ 00402892 f   CoreWin32.obj
 0001:0000189b       ?osAddressInfo@@YA_NIPADHPAH@Z 0040289b f   DbgSymbolsWin32.obj
 0001:0000192f       ?osModuleInfo@@YA_NIPADHPAH@Z 0040292f f   DbgSymbolsWin32.obj
 0001:00001ad7       ?win32ExceptFilter@@YAHPAU_EXCEPTION_POINTERS@@@Z 00402ad7 f   ExceptFilterWin32.obj
 0001:0000200d       ?win32ExceptFilter2@@YAHXZ 0040300d f   ExceptFilterWin32.obj
 0001:00002019       ?SCR_StopCinematic@@YAXXZ  00403019 f   cl_cin.obj
 0001:000020ad       ?SCR_DrawCinematic@@YA_NXZ 004030ad f   cl_cin.obj
 0001:0000250e       ?SCR_PlayCinematic@@YAXPAD@Z 0040350e f   cl_cin.obj
 0001:0000287e       ?CL_Download_f@@YAX_NHPAPAD@Z 0040387e f   cl_download.obj
 0001:00002c2f       ?CL_ParseDownload@@YAXXZ   00403c2f f   cl_download.obj
 0001:0000343c       ?CL_Precache_f@@YAXHPAPAD@Z 0040443c f   cl_download.obj
 0001:0000349a       ?CL_ParseDelta@@YAXPAUclEntityState_t@@0HI_N@Z 0040449a f   cl_ents.obj
 0001:0000361a       ?CL_ParseFrame@@YAXXZ      0040461a f   cl_ents.obj
 0001:00003cc9       ?CL_AddEntityBox@@YAXPAUclEntityState_t@@I@Z 00404cc9 f   cl_ents.obj
 0001:00003dcd       ?Lerp@@YAXABUCVec3@@0MAAU1@@Z 00404dcd f i cl_ents.obj
 0001:00003e04       ?CL_OffsetThirdPersonView@@YAXXZ 00404e04 f   cl_ents.obj
 0001:00003eec       ?CL_AddEntities@@YAXXZ     00404eec f   cl_ents.obj
 0001:00004e21       ?CL_ClearLightStyles@@YAXXZ 00405e21 f   cl_fx.obj
 0001:00004ea3       ?CL_SetLightstyle@@YAXHPBD@Z 00405ea3 f   cl_fx.obj
 0001:00004f04       ?CL_AllocDlight@@YAPAUcdlight_t@@HABUCVec3@@@Z 00405f04 f   cl_fx.obj
 0001:00004f6d       ?CL_AllocParticleTrace@@YAPAUparticleTrace_t@@ABUCVec3@@0MM@Z 00405f6d f   cl_fx.obj
 0001:00004ffc       ?CL_AllocParticleBeam@@YAPAUbeam_t@@ABUCVec3@@0MM@Z 00405ffc f   cl_fx.obj
 0001:00005070       ?CL_AllocParticle@@YAPAUparticle_t@@XZ 00406070 f   cl_fx.obj
 0001:000050c3       ?CL_MetalSparks@@YAXABUCVec3@@0H@Z 004060c3 f   cl_fx.obj
 0001:000051b0       ?CL_AddEffects@@YAXXZ      004061b0 f   cl_fx.obj
 0001:00005894       ?CL_ClearEffects@@YAXXZ    00406894 f   cl_fx.obj
 0001:00005916       ?CL_EntityEvent@@YAXPAUclEntityState_t@@@Z 00406916 f   cl_fx.obj
 0001:00005af1       ?CL_ParseMuzzleFlash@@YAXXZ 00406af1 f   cl_fx.obj
 0001:00005e6e       ?CL_ParseMuzzleFlash2@@YAXXZ 00406e6e f   cl_fx.obj
 0001:000062f2       ?CL_ParticleEffect@@YAXABUCVec3@@0HH@Z 004072f2 f   cl_fx.obj
 0001:0000649c       ?CL_ParticleEffect2@@YAXABUCVec3@@0HH@Z 0040749c f   cl_fx.obj
 0001:000064c4       ?CL_ParticleEffect3@@YAXABUCVec3@@0HH@Z 004074c4 f   cl_fx.obj
 0001:000064ec       ?CL_TeleporterParticles@@YAXPAUclEntityState_t@@@Z 004074ec f   cl_fx.obj
 0001:0000650b       ?CL_LogoutEffect@@YAXABUCVec3@@H@Z 0040750b f   cl_fx.obj
 0001:00006541       ?CL_ItemRespawnParticles@@YAXABUCVec3@@@Z 00407541 f   cl_fx.obj
 0001:0000655c       ?CL_ExplosionParticles@@YAXABUCVec3@@@Z 0040755c f   cl_fx.obj
 0001:0000657a       ?CL_BFGExplosionParticles@@YAXABUCVec3@@@Z 0040757a f   cl_fx.obj
 0001:00006598       ?CL_TrackerExplosionParticles@@YAXABUCVec3@@@Z 00407598 f   cl_fx.obj
 0001:000065b6       ?CL_BlasterParticles@@YAXABUCVec3@@0I@Z 004075b6 f   cl_fx.obj
 0001:000065dc       ?CL_BlasterTrail@@YAXAAUcentity_t@@@Z 004075dc f   cl_fx.obj
 0001:000066df       ?CL_BlasterTrail2@@YAXAAUcentity_t@@@Z 004076df f   cl_fx.obj
 0001:000066f2       ?CL_FlagTrail@@YAXAAUcentity_t@@H@Z 004076f2 f   cl_fx.obj
 0001:0000670e       ?CL_RocketTrail@@YAXAAUcentity_t@@@Z 0040770e f   cl_fx.obj
 0001:0000674d       ?CL_BubbleTrail@@YAXABUCVec3@@0@Z 0040774d f   cl_fx.obj
 0001:000067e7       ?CL_BubbleTrail2@@YAXABUCVec3@@0@Z 004077e7 f   cl_fx.obj
 0001:000067ff       ?CL_TagTrail@@YAXAAUcentity_t@@@Z 004077ff f   cl_fx.obj
 0001:00006812       ?CL_DebugTrail@@YAXABUCVec3@@0@Z 00407812 f   cl_fx.obj
 0001:0000682a       ?CL_ForceWall@@YAXABUCVec3@@0H@Z 0040782a f   cl_fx.obj
 0001:0000684b       ?CL_BigTeleportParticles@@YAXABUCVec3@@@Z 0040784b f   cl_fx.obj
 0001:0000697d       ?CL_BfgParticles@@YAXABUCVec3@@@Z 0040797d f   cl_fx.obj
 0001:00006ae5       ?CL_FlyEffect@@YAXAAUcentity_t@@@Z 00407ae5 f   cl_fx.obj
 0001:00006c71       ?CL_DiminishingTrail@@YAXAAUcentity_t@@H@Z 00407c71 f   cl_fx.obj
 0001:00006dcb       ?CL_RailTrail@@YAXABUCVec3@@0@Z 00407dcb f   cl_fx.obj
 0001:00006f32       ?CL_RailTrailExt@@YAXABUCVec3@@0EE@Z 00407f32 f   cl_fx.obj
 0001:00007077       ?CL_IonripperTrail@@YAXAAUcentity_t@@@Z 00408077 f   cl_fx.obj
 0001:000071c6       ?CL_TrapParticles@@YAXABUCVec3@@@Z 004081c6 f   cl_fx.obj
 0001:0000735a       ?CL_TeleportParticles@@YAXABUCVec3@@@Z 0040835a f   cl_fx.obj
 0001:00007490       ?CL_Heatbeam@@YAXABUCVec3@@0@Z 00408490 f   cl_fx.obj
 0001:00007738       ?CL_ParticleSteamEffect@@YAXABUCVec3@@0HHH@Z 00408738 f   cl_fx.obj
 0001:00007864       ?CL_ParticleSmokeEffect@@YAXABUCVec3@@0@Z 00408864 f   cl_fx.obj
 0001:0000796f       ?CL_TrackerTrail@@YAXAAUcentity_t@@@Z 0040896f f   cl_fx.obj
 0001:00007aed       ?CL_TrackerShell@@YAXABUCVec3@@@Z 00408aed f   cl_fx.obj
 0001:00007b79       ?CL_MonsterPlasmaShell@@YAXABUCVec3@@@Z 00408b79 f   cl_fx.obj
 0001:00007c02       ?CL_WidowSplash@@YAXABUCVec3@@@Z 00408c02 f   cl_fx.obj
 0001:00007cd3       ?IN_CenterView@@YAXXZ      00408cd3 f   cl_input.obj
 0001:00007cf4       ?CL_InitInput@@YAXXZ       00408cf4 f   cl_input.obj
 0001:00008290       ?CL_SendCmd@@YAXXZ         00409290 f   cl_input.obj
 0001:00008972       ?CL_WriteDemoMessage@@YAXXZ 00409972 f   cl_main.obj
 0001:000089b4       ?Cmd_ForwardToServer@@YAXHPAPAD@Z 004099b4 f   cl_main.obj
 0001:00008a77       ?CL_ForwardToServer_f@@YAXHPAPAD@Z 00409a77 f   cl_main.obj
 0001:00008abf       ?CL_Pause@@YAX_N@Z         00409abf f   cl_main.obj
 0001:00008b01       ?CL_Quit_f@@YAXXZ          00409b01 f   cl_main.obj
 0001:00008b0b       ?CL_Drop@@YAX_N@Z          00409b0b f   cl_main.obj
 0001:00008b32       ?CL_SendConnectPacket@@YAXXZ 00409b32 f   cl_main.obj
 0001:00008be7       ?CL_CheckForResend@@YAXXZ  00409be7 f   cl_main.obj
 0001:00008cec       ?CL_Connect_f@@YAX_NHPAPAD@Z 00409cec f   cl_main.obj
 0001:00008d6f       ?CL_Rcon_f@@YAXHPAPAD@Z    00409d6f f   cl_main.obj
 0001:00008e77       ?CL_Disconnect@@YAXXZ      00409e77 f   cl_main.obj
 0001:00009019       ?CL_Disconnect_f@@YAXXZ    0040a019 f   cl_main.obj
 0001:00009023       ?CL_Changing_f@@YAXXZ      0040a023 f   cl_main.obj
 0001:00009047       ?CL_Reconnect_f@@YAXXZ     0040a047 f   cl_main.obj
 0001:000090e3       ?CL_PingServers_f@@YAXXZ   0040a0e3 f   cl_main.obj
 0001:0000924e       ?CL_Skins_f@@YAXXZ         0040a24e f   cl_main.obj
 0001:00009561       ?CL_ConnectionlessPacket@@YAXXZ 0040a561 f   cl_main.obj
 0001:00009661       ?CL_ReadPackets@@YAXXZ     0040a661 f   cl_main.obj
 0001:000097a4       ?CL_Userinfo_f@@YAXXZ      0040a7a4 f   cl_main.obj
 0001:000097bc       ?CL_RegisterSounds@@YAXXZ  0040a7bc f   cl_main.obj
 0001:000097fb       ?CL_Snd_Restart_f@@YAXXZ   0040a7fb f   cl_main.obj
 0001:0000980a       ?CL_WriteConfiguration@@YAXPBD@Z 0040a80a f   cl_main.obj
 0001:000098c5       ?CL_WriteConfig_f@@YAX_NHPAPAD@Z 0040a8c5 f   cl_main.obj
 0001:00009924       ?CL_FixCvarCheats@@YAXXZ   0040a924 f   cl_main.obj
 0001:0000997e       ?CL_Frame@@YAXMM@Z         0040a97e f   cl_main.obj
 0001:00009b7e       ?CL_ClearState@@YAXXZ      0040ab7e f   cl_main.obj
 0001:00009bbc       ?CL_Init@@YAXXZ            0040abbc f   cl_main.obj
 0001:0000a093       ?CL_Shutdown@@YAX_N@Z      0040b093 f   cl_main.obj
 0001:0000a0e8       ?CL_ParseClientinfo@@YAXH@Z 0040b0e8 f   cl_parse.obj
 0001:0000a15f       ?CL_ParseServerMessage@@YAXXZ 0040b15f f   cl_parse.obj
 0001:0000a92b       ?FreePlayerModelsInfo@@YAXXZ 0040b92b f   cl_playermodel.obj
 0001:0000a951       ?ScanQuake3Models@@YAXPBD@Z 0040b951 f   cl_playermodel.obj
 0001:0000aad0       ?ScanPlayerModels@@YA_NXZ  0040bad0 f   cl_playermodel.obj
 0001:0000ad4d       ?CL_IsFemaleModel@@YA_NPBD@Z 0040bd4d f   cl_playermodel.obj
 0001:0000aee0       ?RunAnimation@@YAXAAUclientInfo_t@@AAUanimState_t@@H@Z 0040bee0 f   cl_playermodel.obj
 0001:0000b0a7       ?CL_LoadClientinfo@@YAXAAUclientInfo_t@@PBD_N@Z 0040c0a7 f   cl_playermodel.obj
 0001:0000baeb       ?ParsePlayerEntity@@YAHAAUcentity_t@@PAUclientInfo_t@@PAUclEntityState_t@@ABUentity_t@@PAU4@HH@Z 0040caeb f   cl_playermodel.obj
 0001:0000c63d       ?CL_CheckPredictionError@@YAXXZ 0040d63d f   cl_pred.obj
 0001:0000c7d3       ?CL_EntityTrace@@YAXAAUtrace_t@@ABUCVec3@@1ABUCBox@@H@Z 0040d7d3 f   cl_pred.obj
 0001:0000cb6c       ?CL_Trace@@YAXAAUtrace_t@@ABUCVec3@@1ABUCBox@@H@Z 0040db6c f   cl_pred.obj
 0001:0000cbe8       ?CL_PMpointcontents@@YAHABUCVec3@@@Z 0040dbe8 f   cl_pred.obj
 0001:0000cd74       ?CL_PredictMovement@@YAXXZ 0040dd74 f   cl_pred.obj
 0001:0000d124       ?DrawString@@YAXHHPBD@Z    0040e124 f   cl_scrn.obj
 0001:0000d168       ?SCR_DebugGraph@@YAXMH@Z   0040e168 f   cl_scrn.obj
 0001:0000d190       ?SCR_CenterPrint@@YAXPAD@Z 0040e190 f   cl_scrn.obj
 0001:0000d294       ?Key_Message@@YAXH@Z       0040e294 f   cl_scrn.obj
 0001:0000d330       ?SCR_SetLevelshot@@YAXPBD@Z 0040e330 f   cl_scrn.obj
 0001:0000d423       ?SCR_BeginLoadingPlaque@@YAXXZ 0040e423 f   cl_scrn.obj
 0001:0000d4a8       ?SCR_EndLoadingPlaque@@YAX_N@Z 0040e4a8 f   cl_scrn.obj
 0001:0000d52d       ?SCR_ShowConsole@@YAX_N0@Z 0040e52d f   cl_scrn.obj
 0001:0000d603       ?SCR_ToggleConsole@@YAXXZ  0040e603 f   cl_scrn.obj
 0001:0000d62b       ?SCR_TouchPics@@YAXXZ      0040e62b f   cl_scrn.obj
 0001:0000d68a       ?SCR_UpdateScreen@@YAXXZ   0040e68a f   cl_scrn.obj
 0001:0000e913       ?SCR_Init@@YAXXZ           0040f913 f   cl_scrn.obj
 0001:0000ec70       ?CL_RegisterTEntSounds@@YAXXZ 0040fc70 f   cl_tent.obj
 0001:0000eeb5       ?CL_RegisterTEntModels@@YAXXZ 0040feb5 f   cl_tent.obj
 0001:0000f002       ?CL_ClearTEnts@@YAXXZ      00410002 f   cl_tent.obj
 0001:0000f033       ?CL_SmokeAndFlash@@YAXABUCVec3@@@Z 00410033 f   cl_tent.obj
 0001:0000f1c9       ?CL_ParsePlayerBeam@@YAHPAVCRenderModel@@@Z 004101c9 f   cl_tent.obj
 0001:0000f2d4       ?CL_ParseLightning@@YAHPAVCRenderModel@@@Z 004102d4 f   cl_tent.obj
 0001:0000f396       ?CL_ParseWidow@@YAXXZ      00410396 f   cl_tent.obj
 0001:0000f4cc       ?CL_ParseNuke@@YAXXZ       004104cc f   cl_tent.obj
 0001:0000f5df       ?CL_ParseTEnt@@YAXXZ       004105df f   cl_tent.obj
 0001:0001039e       ?CL_AddBeams@@YAXXZ        0041139e f   cl_tent.obj
 0001:000105a0       ?CL_AddPlayerBeams@@YAXXZ  004115a0 f   cl_tent.obj
 0001:00010ba7       ?CL_AddTEnts@@YAXXZ        00411ba7 f   cl_tent.obj
 0001:00010da7       ?V_AddEntity@@YAXPAUentity_t@@@Z 00411da7 f   cl_view.obj
 0001:00010de2       ?V_AddEntity2@@YAXPAUentity_t@@@Z 00411de2 f   cl_view.obj
 0001:00010e11       ?AddEntityWithEffects2@@YAXPAUentity_t@@I@Z 00411e11 f   cl_view.obj
 0001:00010ecd       ?AddEntityWithEffects@@YAXPAUentity_t@@I@Z 00411ecd f   cl_view.obj
 0001:00010eec       ?V_AddLight@@YAXABUCVec3@@MMMM@Z 00411eec f   cl_view.obj
 0001:00010f31       ?V_TestEntities@@YAXXZ     00411f31 f   cl_view.obj
 0001:0001105e       ?V_TestLights@@YAXXZ       0041205e f   cl_view.obj
 0001:00011134       ?V_InitRenderer@@YAXXZ     00412134 f   cl_view.obj
 0001:000114f9       ?CalcFov@@YAMMMM@Z         004124f9 f   cl_view.obj
 0001:00011567       ?V_RenderView@@YA_NXZ      00412567 f   cl_view.obj
 0001:000121b3       ?V_Init@@YAXXZ             004131b3 f   cl_view.obj
 0001:00012262       ?Con_ClearNotify@@YAXXZ    00413262 f   console.obj
 0001:00012271       ?Con_CheckResize@@YAXXZ    00413271 f   console.obj
 0001:00012398       ?Con_Print@@YAXPBD@Z       00413398 f   console.obj
 0001:00012690       ?Con_DrawNotify@@YAX_N@Z   00413690 f   console.obj
 0001:000127a8       ?Con_DrawConsole@@YAXM@Z   004137a8 f   console.obj
 0001:00012b7f       ?Con_ClearTyping@@YAXXZ    00413b7f f   console.obj
 0001:00012b98       ?Key_Console@@YAXHH@Z      00413b98 f   console.obj
 0001:00012fe0       ?Con_Init@@YAXXZ           00413fe0 f   console.obj
 0001:0001315c       ?Key_KeynumToString@@YAPBDH@Z 0041415c f   keys.obj
 0001:0001321c       ?Draw@completeMenu_t@@UAEXXZ 0041421c f i keys.obj
 0001:0001324d       ?KeyDown@completeMenu_t@@UAEPBDH@Z 0041424d f i keys.obj
 0001:00013276       ?Init@completeMenu_t@@UAE_NXZ 00414276 f i keys.obj
 0001:0001339d       ?CompleteMenuCallback@completeMenu_t@@SAXPAX@Z 0041439d f i keys.obj
 0001:0001342b       ?CompleteCommand@@YAXXZ    0041442b f   keys.obj
 0001:00013b60       ?Key_SetBinding@@YAXHPBD@Z 00414b60 f   keys.obj
 0001:00013b9e       ?Key_FindBinding@@YAHPBDPAHH@Z 00414b9e f   keys.obj
 0001:00013bec       ?Key_WriteBindings@@YAXPAU_iobuf@@@Z 00414bec f   keys.obj
 0001:00013c34       ?Key_Init@@YAXXZ           00414c34 f   keys.obj
 0001:00013f18       ?Key_Event@@YAXH_N@Z       00414f18 f   keys.obj
 0001:00014271       ?Key_ClearStates@@YAXXZ    00415271 f   keys.obj
 0001:000142a6       ?M_ForceMenuOn@@YAXXZ      004152a6 f   menu.obj
 0001:000142c5       ?Draw@menuMain_t@@UAEXXZ   004152c5 f i menu.obj
 0001:000143f3       ?KeyDown@menuMain_t@@UAEPBDH@Z 004153f3 f i menu.obj
 0001:000144af       ?Init@menuMain_t@@UAE_NXZ  004154af f i menu.obj
 0001:000144b7       ?M_Menu_Main_f@@YAXXZ      004154b7 f   menu.obj
 0001:000144d1       ?Init@multiplayerMenu_t@@UAE_NXZ 004154d1 f i menu.obj
 0001:000145f5       ?Init@keysMenu_t@@UAE_NXZ  004155f5 f i menu.obj
 0001:000147da       ?KeyCursorDrawFunc@keysMenu_t@@SAXPAUmenuFramework_t@@@Z 004157da f i menu.obj
 0001:0001481a       ?DrawKeyBindingFunc@keysMenu_t@@SAXPAX@Z 0041581a f i menu.obj
 0001:000148e1       ?KeyDown@keysMenu_t@@UAEPBDH@Z 004158e1 f i menu.obj
 0001:0001498e       ?UnbindCommand@keysMenu_t@@QAEXPAD@Z 0041598e f i menu.obj
 0001:000149d3       ?KeyBindingFunc@keysMenu_t@@QAEXPAX@Z 004159d3 f i menu.obj
 0001:00014a32       ?Init@optionsMenu_t@@UAE_NXZ 00415a32 f i menu.obj
 0001:00014e90       ?CrosshairFunc@optionsMenu_t@@SAXPAX@Z 00415e90 f i menu.obj
 0001:00014eb8       ?JoystickFunc@optionsMenu_t@@SAXPAX@Z 00415eb8 f i menu.obj
 0001:00014ecd       ?AlwaysRunFunc@optionsMenu_t@@SAXPAX@Z 00415ecd f i menu.obj
 0001:00014ee2       ?FreeLookFunc@optionsMenu_t@@SAXPAX@Z 00415ee2 f i menu.obj
 0001:00014ef7       ?MouseSpeedFunc@optionsMenu_t@@SAXPAX@Z 00415ef7 f i menu.obj
 0001:00014f14       ?InvertMouseFunc@optionsMenu_t@@SAXPAX@Z 00415f14 f i menu.obj
 0001:00014f2f       ?LookspringFunc@optionsMenu_t@@SAXPAX@Z 00415f2f f i menu.obj
 0001:00014f4b       ?LookstrafeFunc@optionsMenu_t@@SAXPAX@Z 00415f4b f i menu.obj
 0001:00014f67       ?UpdateVolumeFunc@optionsMenu_t@@SAXPAX@Z 00415f67 f i menu.obj
 0001:00014f84       ?UpdateCDVolumeFunc@optionsMenu_t@@SAXPAX@Z 00415f84 f i menu.obj
 0001:00014f9e       ?SetMenuItemValues@optionsMenu_t@@SAXXZ 00415f9e f i menu.obj
 0001:0001517c       ?ResetDefaultsFunc@optionsMenu_t@@SAXPAX@Z 0041617c f i menu.obj
 0001:00015191       ?UpdateSoundFunc@optionsMenu_t@@SAXPAX@Z 00416191 f i menu.obj
 0001:00015394       ?ScanCrosshairs@optionsMenu_t@@SAXXZ 00416394 f i menu.obj
 0001:000153f1       ?Draw@optionsMenu_t@@UAEXXZ 004163f1 f i menu.obj
 0001:00015456       ?Draw@creditsMenu_t@@UAEXXZ 00416456 f i menu.obj
 0001:000154fd       ?KeyDown@creditsMenu_t@@UAEPBDH@Z 004164fd f i menu.obj
 0001:00015538       ?Init@creditsMenu_t@@UAE_NXZ 00416538 f i menu.obj
 0001:00015600       ?Init@gameMenu_t@@UAE_NXZ  00416600 f i menu.obj
 0001:0001578b       ?EasyGameFunc@gameMenu_t@@SAXPAX@Z 0041678b f i menu.obj
 0001:00015797       ?StartGame@gameMenu_t@@SAXPBD@Z 00416797 f i menu.obj
 0001:000157ea       ?MediumGameFunc@gameMenu_t@@SAXPAX@Z 004167ea f i menu.obj
 0001:000157f6       ?HardGameFunc@gameMenu_t@@SAXPAX@Z 004167f6 f i menu.obj
 0001:00015812       ?Init@savegameMenu_t@@UAE_NXZ 00416812 f i menu.obj
 0001:00015922       ?Create_Savestrings@savegameMenu_t@@QAEXXZ 00416922 f i menu.obj
 0001:000159dd       ?LoadGameCallback@savegameMenu_t@@SAXPAX@Z 004169dd f i menu.obj
 0001:00015a06       ?SaveGameCallback@savegameMenu_t@@SAXPAX@Z 00416a06 f i menu.obj
 0001:00015a25       ?Draw@savegameMenu_t@@UAEXXZ 00416a25 f i menu.obj
 0001:00015a40       ?DrawSavegameShot@savegameMenu_t@@QAEXHH@Z 00416a40 f i menu.obj
 0001:00015b25       ?Init@joinserverMenu_t@@UAE_NXZ 00416b25 f i menu.obj
 0001:00015c4e       ?JoinServerFunc@joinserverMenu_t@@SAXPAX@Z 00416c4e f i menu.obj
 0001:00015cb0       ?SearchLocalGames@joinserverMenu_t@@SAXXZ 00416cb0 f i menu.obj
 0001:00015d1b       ?M_AddToServerList@@YAXUnetadr_t@@PAD@Z 00416d1b f   menu.obj
 0001:00015d9e       ?Init@startserverMenu_t@@UAE_NXZ 00416d9e f i menu.obj
 0001:00016240       ?DMOptionsFunc@startserverMenu_t@@SAXPAX@Z 00417240 f i menu.obj
 0001:00016250       ?RulesChangeFunc@startserverMenu_t@@SAXPAX@Z 00417250 f i menu.obj
 0001:000162ca       ?StartServerActionFunc@startserverMenu_t@@SAXPAX@Z 004172ca f i menu.obj
 0001:000162f5       ?StartServerFunc@startserverMenu_t@@SAXPAD@Z 004172f5 f i menu.obj
 0001:0001652c       ?KeyDown@startserverMenu_t@@UAEPBDH@Z 0041752c f i menu.obj
 0001:00016589       ?Init@dmoptionsMenu_t@@UAE_NXZ 00417589 f i menu.obj
 0001:00016b68       ?DMFlagCallback@dmoptionsMenu_t@@SAXPAX@Z 00417b68 f i menu.obj
 0001:00016d43       ?Init@downloadOptionsMenu_t@@UAE_NXZ 00417d43 f i menu.obj
 0001:00016f0e       ?DownloadCallback@downloadOptionsMenu_t@@SAXPAX@Z 00417f0e f i menu.obj
 0001:00016f79       ?Init@addressBookMenu_t@@UAE_NXZ 00417f79 f i menu.obj
 0001:00017021       ?KeyDown@addressBookMenu_t@@UAEPBDH@Z 00418021 f i menu.obj
 0001:0001707e       ?Init@playerConfigMenu_t@@UAE_NXZ 0041807e f i menu.obj
 0001:000175c5       ?HandednessCallback@playerConfigMenu_t@@SAXPAX@Z 004185c5 f i menu.obj
 0001:000175da       ?RTypeCallback@playerConfigMenu_t@@SAXPAX@Z 004185da f i menu.obj
 0001:000175ef       ?RColorCallback@playerConfigMenu_t@@SAXPAX@Z 004185ef f i menu.obj
 0001:00017604       ?RateCallback@playerConfigMenu_t@@SAXPAX@Z 00418604 f i menu.obj
 0001:00017627       ?ModelCallback@playerConfigMenu_t@@SAXPAX@Z 00418627 f i menu.obj
 0001:0001765b       ?SkinCallback@playerConfigMenu_t@@SAXPAX@Z 0041865b f i menu.obj
 0001:00017663       ?Draw@playerConfigMenu_t@@UAEXXZ 00418663 f i menu.obj
 0001:0001793b       ?KeyDown@playerConfigMenu_t@@UAEPBDH@Z 0041893b f i menu.obj
 0001:00017a1a       ?Init@dmbrowseMenu_t@@UAE_NXZ 00418a1a f i menu.obj
 0001:00017c20       ?KeyDown@dmbrowseMenu_t@@UAEPBDH@Z 00418c20 f i menu.obj
 0001:00017de4       ?Draw@dmbrowseMenu_t@@UAEXXZ 00418de4 f i menu.obj
 0001:00017f29       ?DrawThumbnail@dmbrowseMenu_t@@SAXHHHHPAD_N@Z 00418f29 f i menu.obj
 0001:00018010       ?Init@videoMenu_t@@UAE_NXZ 00419010 f i menu.obj
 0001:000185c9       ?ScreenSizeCallback@videoMenu_t@@SAXPAX@Z 004195c9 f i menu.obj
 0001:000185e7       ?BrightnessCallback@videoMenu_t@@SAXPAX@Z 004195e7 f i menu.obj
 0001:00018605       ?ContrastCallback@videoMenu_t@@SAXPAX@Z 00419605 f i menu.obj
 0001:0001863e       ?CancelChanges@videoMenu_t@@SAXPAX@Z 0041963e f i menu.obj
 0001:0001865f       ?KeyDown@videoMenu_t@@UAEPBDH@Z 0041965f f i menu.obj
 0001:000186a6       ?ApplyChanges@videoMenu_t@@SAXPAX@Z 004196a6 f i menu.obj
 0001:0001885d       ?KeyDown@quitMenu_t@@UAEPBDH@Z 0041985d f i menu.obj
 0001:00018895       ?Draw@quitMenu_t@@UAEXXZ   00419895 f i menu.obj
 0001:00018905       ?M_Init@@YAXXZ             00419905 f   menu.obj
 0001:00018ae7       ?ItemAtCursor@menuFramework_t@@QAEPAUmenuCommon_t@@XZ 00419ae7 f   qmenu.obj
 0001:00018b3b       ?AddItem@menuFramework_t@@QAEXPAUmenuCommon_t@@@Z 00419b3b f   qmenu.obj
 0001:00018bf7       ?AdjustCursor@menuFramework_t@@QAEXH@Z 00419bf7 f   qmenu.obj
 0001:00018d66       ?Center@menuFramework_t@@QAEXXZ 00419d66 f   qmenu.obj
 0001:00018da7       ?Draw@menuFramework_t@@UAEXXZ 00419da7 f   qmenu.obj
 0001:0001935f       ?SelectItem@menuFramework_t@@QAE_NXZ 0041a35f f   qmenu.obj
 0001:000193bd       ?SetStatusBar@menuFramework_t@@QAEXPBD@Z 0041a3bd f   qmenu.obj
 0001:000193c7       ?SlideItem@menuFramework_t@@QAEXH@Z 0041a3c7 f   qmenu.obj
 0001:00019944       ?Push@menuFramework_t@@QAEXXZ 0041a944 f   qmenu.obj
 0001:000199cc       ?M_ForceMenuOff@@YAXXZ     0041a9cc f   qmenu.obj
 0001:000199f9       ?Pop@menuFramework_t@@QAEXXZ 0041a9f9 f   qmenu.obj
 0001:00019a33       ?KeyDown@menuFramework_t@@UAEPBDH@Z 0041aa33 f   qmenu.obj
 0001:00019ca7       ?Init@menuFramework_t@@UAE_NXZ 0041aca7 f   qmenu.obj
 0001:00019caa       ?M_Draw@@YAXXZ             0041acaa f   qmenu.obj
 0001:00019ce5       ?M_Keydown@@YAXH@Z         0041ace5 f   qmenu.obj
 0001:00019d04       ?InitRendererVars@@YAXXZ   0041ad04 f   ref_vars.obj
 0001:00019d23       ?S_SoundInfo_f@@YAXXZ      0041ad23 f   snd_dma.obj
 0001:00019dad       ?S_Init@@YAXXZ             0041adad f   snd_dma.obj
 0001:00019e7b       ?S_Shutdown@@YAXXZ         0041ae7b f   snd_dma.obj
 0001:00019f0e       ?S_BeginRegistration@@YAXXZ 0041af0e f   snd_dma.obj
 0001:00019f1c       ?S_RegisterSound@@YAPAUsfx_t@@PBD@Z 0041af1c f   snd_dma.obj
 0001:0001a0b2       ?S_EndRegistration@@YAXXZ  0041b0b2 f   snd_dma.obj
 0001:0001a14a       ?S_PickChannel@@YAPAUchannel_t@@HH@Z 0041b14a f   snd_dma.obj
 0001:0001a1d7       ?S_Spatialize@@YAXPAUchannel_t@@@Z 0041b1d7 f   snd_dma.obj
 0001:0001a3b7       ?S_AllocPlaysound@@YAPAUplaysound_t@@XZ 0041b3b7 f   snd_dma.obj
 0001:0001a3d9       ?S_FreePlaysound@@YAXPAUplaysound_t@@@Z 0041b3d9 f   snd_dma.obj
 0001:0001a409       ?S_IssuePlaysound@@YAXPAUplaysound_t@@@Z 0041b409 f   snd_dma.obj
 0001:0001a4d6       ?S_StartSound@@YAXPBUCVec3@@HHPAUsfx_t@@MMM@Z 0041b4d6 f   snd_dma.obj
 0001:0001a8fc       ?S_StartLocalSound@@YAXPBD@Z 0041b8fc f   snd_dma.obj
 0001:0001a94b       ?S_ClearBuffer@@YAXXZ      0041b94b f   snd_dma.obj
 0001:0001a9b4       ?S_StopAllSounds_f@@YAXXZ  0041b9b4 f   snd_dma.obj
 0001:0001aa24       ?S_AddLoopSounds@@YAXXZ    0041ba24 f   snd_dma.obj
 0001:0001abfa       ?S_RawSamples@@YAXHHHHPAE@Z 0041bbfa f   snd_dma.obj
 0001:0001adfe       ?S_Update@@YAXABUCVec3@@0@Z 0041bdfe f   snd_dma.obj
 0001:0001aee1       ?GetSoundtime@@YAXXZ       0041bee1 f   snd_dma.obj
 0001:0001af48       ?S_Update_@@YAXXZ          0041bf48 f   snd_dma.obj
 0001:0001b1fb       ?ResampleSfx@@YAXPAUsfx_t@@HHPAE@Z 0041c1fb f   snd_mem.obj
 0001:0001b316       ?S_LoadSound@@YAPAUsfxcache_t@@PAUsfx_t@@@Z 0041c316 f   snd_mem.obj
 0001:0001b44e       ?GetWavinfo@@YA?AUwavinfo_t@@PADPAEH@Z 0041c44e f   snd_mem.obj
 0001:0001b690       ?S_WriteLinearBlastStereo16@@YAXXZ 0041c690 f   snd_mix.obj
 0001:0001b704       ?S_TransferStereo16@@YAXPAKH@Z 0041c704 f   snd_mix.obj
 0001:0001b76d       ?S_TransferPaintBuffer@@YAXH@Z 0041c76d f   snd_mix.obj
 0001:0001b8d1       ?S_PaintChannels@@YAXH@Z   0041c8d1 f   snd_mix.obj
 0001:0001bb4d       ?S_InitScaletable@@YAXXZ   0041cb4d f   snd_mix.obj
 0001:0001bd0e       ?SV_ComputeAnimation@@YAXPAUplayer_state_t@@AAUentityStateEx_t@@PAU2@PAUedict_s@@@Z 0041cd0e f   sv_anim.obj
 0001:0001c10b       ?SV_WipeSavegame@@YAXPAD@Z 0041d10b f   sv_ccmds.obj
 0001:0001c139       ?SV_CopySaveGame@@YAXPAD0@Z 0041d139 f   sv_ccmds.obj
 0001:0001c18e       ?SV_WriteLevelFile@@YAXXZ  0041d18e f   sv_ccmds.obj
 0001:0001c23c       ?SV_ReadLevelFile@@YAXXZ   0041d23c f   sv_ccmds.obj
 0001:0001c2ea       ?SV_WriteServerFile@@YAX_NPAD@Z 0041d2ea f   sv_ccmds.obj
 0001:0001c526       ?SV_ReadServerFile@@YAXXZ  0041d526 f   sv_ccmds.obj
 0001:0001c64b       ?SV_AddressBanned@@YA_NPAUnetadr_t@@@Z 0041d64b f   sv_ccmds.obj
 0001:0001c68c       ?SV_InitOperatorCommands@@YAXXZ 0041d68c f   sv_ccmds.obj
 0001:0001d691       ?SV_WriteFrameToClient@@YAXPAUclient_t@@PAVsizebuf_t@@@Z 0041e691 f   sv_ents.obj
 0001:0001dddc       ?SV_RecordDemoMessage@@YAXXZ 0041eddc f   sv_ents.obj
 0001:0001e9c4       ?SV_InitGameLibrary@@YAX_N@Z 0041f9c4 f   sv_game.obj
 0001:0001eb0a       ?SV_ShutdownGameLibrary@@YAXXZ 0041fb0a f   sv_game.obj
 0001:0001ec67       ?SV_FindIndex@@YAHPADHH_N@Z 0041fc67 f   sv_init.obj
 0001:0001ed74       ?SV_ModelIndex@@YAHPAD@Z   0041fd74 f   sv_init.obj
 0001:0001ed8a       ?SV_SoundIndex@@YAHPAD@Z   0041fd8a f   sv_init.obj
 0001:0001eda3       ?SV_ImageIndex@@YAHPAD@Z   0041fda3 f   sv_init.obj
 0001:0001edbc       ?SV_CreateBaseline@@YAXXZ  0041fdbc f   sv_init.obj
 0001:0001ee39       ?SV_CheckForSavegame@@YAXXZ 0041fe39 f   sv_init.obj
 0001:0001eec1       ?SV_SpawnServer@@YAXPAD0W4server_state_t@@_N2@Z 0041fec1 f   sv_init.obj
 0001:0001f18f       ?SV_InitGame@@YAXXZ        0042018f f   sv_init.obj
 0001:0001f3d9       ?SV_Map@@YAX_NPBD0@Z       004203d9 f   sv_init.obj
 0001:0001f5a2       ?SV_DropClient@@YAXPAUclient_t@@PAD@Z 004205a2 f   sv_main.obj
 0001:0001feb1       ?SV_ConnectionlessPacket@@YAXXZ 00420eb1 f   sv_main.obj
 0001:0001ff7c       ?SV_CalcPings@@YAXXZ       00420f7c f   sv_main.obj
 0001:00020003       ?SV_GiveMsec@@YAXXZ        00421003 f   sv_main.obj
 0001:00020042       ?SV_ReadPackets@@YAXXZ     00421042 f   sv_main.obj
 0001:0002018a       ?SV_CheckTimeouts@@YAXXZ   0042118a f   sv_main.obj
 0001:0002029b       ?SV_PostprocessFrame@@YAXXZ 0042129b f   sv_main.obj
 0001:00020759       ?SV_MulticastHook@@YAPAVsizebuf_t@@PAV1@0@Z 00421759 f   sv_main.obj
 0001:00020b49       ?SV_TraceHook@@YA?AUtrace_t@@ABUCVec3@@PBU2@10PAUedict_s@@H@Z 00421b49 f   sv_main.obj
 0001:00020ce7       ?SV_Frame@@YAXM@Z          00421ce7 f   sv_main.obj
 0001:00020f9a       ?SV_UserinfoChanged@@YAXPAUclient_t@@@Z 00421f9a f   sv_main.obj
 0001:0002105e       ?SV_Init@@YAXXZ            0042205e f   sv_main.obj
 0001:000210c0       ?SV_Shutdown@@YAXPBD_N@Z   004220c0 f   sv_main.obj
 0001:000212c7       ?SV_BeginRedirect@@YAXXZ   004222c7 f   sv_send.obj
 0001:00021371       ?SV_ClientPrintf@@YAXPAUclient_t@@HPBDZZ 00422371 f   sv_send.obj
 0001:000213cc       ?SV_BroadcastPrintf@@YAXHPBDZZ 004223cc f   sv_send.obj
 0001:000214a2       ?SV_BroadcastCommand@@YAXPBDZZ 004224a2 f   sv_send.obj
 0001:000214fa       ?SV_Multicast@@YAXABUCVec3@@W4multicast_t@@_N@Z 004224fa f   sv_send.obj
 0001:00021720       ?SV_MulticastOld@@YAXABUCVec3@@W4multicast_t@@@Z 00422720 f   sv_send.obj
 0001:00021733       ?SV_MulticastNew@@YAXABUCVec3@@W4multicast_t@@@Z 00422733 f   sv_send.obj
 0001:00021746       ?SV_StartSound@@YAXPBUCVec3@@PAUedict_s@@HHMMM_N@Z 00422746 f   sv_send.obj
 0001:00021a13       ?SV_StartSoundOld@@YAXPBUCVec3@@PAUedict_s@@HHMMM@Z 00422a13 f   sv_send.obj
 0001:00021a43       ?SV_StartSoundNew@@YAXPBUCVec3@@PAUedict_s@@HHMMM@Z 00422a43 f   sv_send.obj
 0001:00021a73       ?SV_SendClientDatagram@@YA_NPAUclient_t@@@Z 00422a73 f   sv_send.obj
 0001:00021b35       ?SV_DemoCompleted@@YAXXZ   00422b35 f   sv_send.obj
 0001:00021b51       ?SV_RateDrop@@YA_NPAUclient_t@@@Z 00422b51 f   sv_send.obj
 0001:00021b9b       ?SV_SendClientMessages@@YAXXZ 00422b9b f   sv_send.obj
 0001:00021cde       ?SV_ClearTexts@@YAXXZ      00422cde f   sv_text.obj
 0001:00021ce6       ?SV_DrawTexts@@YAXXZ       00422ce6 f   sv_text.obj
 0001:00021e9b       ?SV_DrawText3D@@YAXABUCVec3@@PBDI@Z 00422e9b f   sv_text.obj
 0001:00021eb2       ?SV_TokenizeString@@YAXPBD@Z 00422eb2 f   sv_tokenize.obj
 0001:00021f89       ?SV_Argc@@YAHXZ            00422f89 f   sv_tokenize.obj
 0001:00021f8f       ?SV_Argv@@YAPADH@Z         00422f8f f   sv_tokenize.obj
 0001:00021fa9       ?SV_Args@@YAPADXZ          00422fa9 f   sv_tokenize.obj
 0001:0002283e       ?SV_Nextserver@@YAXXZ      0042383e f   sv_user.obj
 0001:000228cd       ?SV_ExecuteUserCommand@@YAXPAD@Z 004238cd f   sv_user.obj
 0001:0002298f       ?SV_ClientThink@@YAXPAUclient_t@@PAUusercmd_t@@@Z 0042398f f   sv_user.obj
 0001:000229d2       ?SV_ExecuteClientMessage@@YAXPAUclient_t@@@Z 004239d2 f   sv_user.obj
 0001:00022bf0       ?SV_ClearWorld@@YAXXZ      00423bf0 f   sv_world.obj
 0001:00022d2b       ?SV_UnlinkEdict@@YAXPAUedict_s@@@Z 00423d2b f   sv_world.obj
 0001:00022dee       ?SV_LinkEdict@@YAXPAUedict_s@@@Z 00423dee f   sv_world.obj
 0001:000233d9       ?SV_AreaEdicts@@YAHABUCVec3@@0PAPAUedict_s@@HH@Z 004243d9 f   sv_world.obj
 0001:0002358a       ?SV_PointContents@@YAHABUCVec3@@@Z 0042458a f   sv_world.obj
 0001:000236b1       ?SV_Trace@@YAXAAUtrace_t@@ABUCVec3@@1ABUCBox@@PAUedict_s@@H@Z 004246b1 f   sv_world.obj
 0001:00023b30       ?InitByteDirs@@YAXXZ       00424b30 f   anorms.obj
 0001:00023b6f       ?Cbuf_AddText@@YAXPBD@Z    00424b6f f   cmd.obj
 0001:00023bd1       ?Cbuf_CopyToDefer@@YAXXZ   00424bd1 f   cmd.obj
 0001:00023c19       ?Cbuf_InsertFromDefer@@YAXXZ 00424c19 f   cmd.obj
 0001:00023cd2       ?Cbuf_Execute@@YAXXZ       00424cd2 f   cmd.obj
 0001:00023dd8       ?Cmd_Unalias_f@@YAX_NHPAPAD@Z 00424dd8 f   cmd.obj
 0001:00023e4e       ?Cmd_WriteAliases@@YAXPAU_iobuf@@@Z 00424e4e f   cmd.obj
 0001:00023e7f       ?RegisterCommand@@YA_NPBDP6AXXZH@Z 00424e7f f   cmd.obj
 0001:00023f38       ?UnregisterCommand@@YA_NPBD@Z 00424f38 f   cmd.obj
 0001:00023fc9       ?Cmd_ExecuteString@@YA_NPBD@Z 00424fc9 f   cmd.obj
 0001:0002441c       ?ExecuteCommand@@YA_NPBDPBUCSimpleCommand@@H@Z 0042541c f   cmd.obj
 0001:000244f4       ?Cmd_Init@@YAXXZ           004254f4 f   cmd.obj
 0001:00024846       ?CM_LoadMap@@YAPAUcmodel_t@@PBD_NPAI@Z 00425846 f   cmodel.obj
 0001:00024f77       ?SetSignbits@cplane_t@@QAEXXZ 00425f77 f i cmodel.obj
 0001:00024fab       ?SetType@cplane_t@@QAEXXZ  00425fab f i cmodel.obj
 0001:00025167       ?CM_InlineModel@@YAPAUcmodel_t@@PBD@Z 00426167 f   cmodel.obj
 0001:000251a8       ?CM_NumClusters@@YAHXZ     004261a8 f   cmodel.obj
 0001:000251ae       ?CM_NumInlineModels@@YAHXZ 004261ae f   cmodel.obj
 0001:000251b4       ?CM_EntityString@@YAPBDXZ  004261b4 f   cmodel.obj
 0001:000251ba       ?CM_LeafContents@@YAHH@Z   004261ba f   cmodel.obj
 0001:000251e1       ?CM_LeafCluster@@YAHH@Z    004261e1 f   cmodel.obj
 0001:00025257       ?CM_LeafArea@@YAHH@Z       00426257 f   cmodel.obj
 0001:0002541a       ?CM_HeadnodeForBox@@YAHABUCBox@@@Z 0042641a f   cmodel.obj
 0001:000254cf       ?CM_PointLeafnum@@YAHABUCVec3@@H@Z 004264cf f   cmodel.obj
 0001:00025572       ?DistanceTo@cplane_t@@QAEMABUCVec3@@@Z 00426572 f i cmodel.obj
 0001:000255b6       ?CM_PointContents@@YAHABUCVec3@@H@Z 004265b6 f   cmodel.obj
 0001:0002562b       ?CM_TransformedPointContents@@YAHABUCVec3@@H00@Z 0042662b f   cmodel.obj
 0001:0002570c       ?CM_TransformedPointContents@@YAHABUCVec3@@H0ABUCAxis@@@Z 0042670c f   cmodel.obj
 0001:000257b7       ?CM_BoxLeafnums@@YAHABUCBox@@PAHH1H@Z 004267b7 f   cmodel.obj
 0001:000258c0       ?BOX_ON_PLANE_SIDE@@YAHABUCBox@@ABUcplane_t@@@Z 004268c0 f i cmodel.obj
 0001:0002592a       ?CM_BoxTrace@@YAXAAUtrace_t@@ABUCVec3@@1ABUCBox@@HH@Z 0042692a f   cmodel.obj
 0001:000262cc       ?CM_TransformedBoxTrace@@YAXAAUtrace_t@@ABUCVec3@@1ABUCBox@@HH11@Z 004272cc f   cmodel.obj
 0001:00026449       ?CM_TransformedBoxTrace@@YAXAAUtrace_t@@ABUCVec3@@1ABUCBox@@HH1ABUCAxis@@@Z 00427449 f   cmodel.obj
 0001:00026506       ?CM_BrushTrace@@YAHABUCVec3@@0PAHH@Z 00427506 f   cmodel.obj
 0001:00026918       ?CM_RefineBrushTrace@@YAHABUCVec3@@0PAHH@Z 00427918 f   cmodel.obj
 0001:000269be       ?CM_ClusterPVS@@YAPAEH@Z   004279be f   cmodel.obj
 0001:00026b02       ?CM_ClusterPHS@@YAPAEH@Z   00427b02 f   cmodel.obj
 0001:00026c65       ?CM_SetAreaPortalState@@YAXH_N@Z 00427c65 f   cmodel.obj
 0001:00026c8a       ?CM_AreasConnected@@YA_NHH@Z 00427c8a f   cmodel.obj
 0001:00026cce       ?CM_WriteAreaBits@@YAHPAEH@Z 00427cce f   cmodel.obj
 0001:00026d70       ?CM_WritePortalState@@YAXPAU_iobuf@@@Z 00427d70 f   cmodel.obj
 0001:00026d8a       ?CM_ReadPortalState@@YAXPAU_iobuf@@@Z 00427d8a f   cmodel.obj
 0001:00026da8       ?CM_HeadnodeVisible@@YA_NHPBE@Z 00427da8 f   cmodel.obj
 0001:00026e83       ?Com_BeginRedirect@@YAXPADHP6AX0@Z@Z 00427e83 f   common.obj
 0001:00026eb0       ?Com_EndRedirect@@YAXXZ    00427eb0 f   common.obj
 0001:00026ecf       ?Com_Printf@@YAXPBDZZ      00427ecf f   common.obj
 0001:000270c7       ?Com_DPrintf@@YAXPBDZZ     004280c7 f   common.obj
 0001:00027140       ?DebugPrintf@@YAXPBDZZ     00428140 f   common.obj
 0001:000271ea       ?Com_WPrintf@@YAXPBDZZ     004281ea f   common.obj
 0001:00027244       ?Com_Quit@@YAXXZ           00428244 f   common.obj
 0001:00027264       ?IPWildcard@@YA_NPAUnetadr_t@@PAD@Z 00428264 f   common.obj
 0001:0002733e       ?Com_ServerState@@YA?AW4server_state_t@@XZ 0042833e f   common.obj
 0001:00027344       ?Com_SetServerState@@YAXW4server_state_t@@@Z 00428344 f   common.obj
 0001:0002734e       ?frand@@YAMXZ              0042834e f   common.obj
 0001:00027366       ?crand@@YAMXZ              00428366 f   common.obj
 0001:00027384       ?Info_ValueForKey@@YAPBDPBD0@Z 00428384 f   common.obj
 0001:00027403       ?Info_SetValueForKey@@YAXPADPBD1@Z 00428403 f   common.obj
 0001:00027566       ?Info_Print@@YAXPBD@Z      00428566 f   common.obj
 0001:000275ec       ?Com_CheckCmdlineVar@@YA_NPBD@Z 004285ec f   common.obj
 0001:00027642       ?Com_Init@@YAXPBD@Z        00428642 f   common.obj
 0001:00027a10       ?Com_Frame@@YAXM@Z         00428a10 f   common.obj
 0001:00027d4e       ?Com_Shutdown@@YAXXZ       00428d4e f   common.obj
 0001:00027d67       ?Com_BlockSequenceCRCByte@@YAEPAEHH@Z 00428d67 f   crc.obj
 0001:00027e1d       ?Cvar_VariableValue@@YAMPBD@Z 00428e1d f   cvar.obj
 0001:00027e8b       ?Cvar_VariableInt@@YAHPBD@Z 00428e8b f   cvar.obj
 0001:00027e9e       ?Cvar_VariableString@@YAPBDPBD@Z 00428e9e f   cvar.obj
 0001:00027eb6       ?Cvar_Get@@YAPAUcvar_t@@PBD0H@Z 00428eb6 f   cvar.obj
 0001:0002816d       ?Cvar_GetVars@@YAXPBUcvarInfo_t@@H@Z 0042916d f   cvar.obj
 0001:00028217       ?Cvar_FullSet@@YAPAUcvar_t@@PBD0I@Z 00429217 f   cvar.obj
 0001:00028271       ?Cvar_SetValue@@YAPAUcvar_t@@PBDM@Z 00429271 f   cvar.obj
 0001:00028497       ?Cvar_SetInteger@@YAPAUcvar_t@@PBDH@Z 00429497 f   cvar.obj
 0001:000284b9       ?Cvar_Set@@YAPAUcvar_t@@PBD0@Z 004294b9 f   cvar.obj
 0001:000284ce       ?Cvar_ForceSet@@YAPAUcvar_t@@PBD0@Z 004294ce f   cvar.obj
 0001:000284e3       ?Cvar_Clamp@@YAMPAUcvar_t@@MM@Z 004294e3 f   cvar.obj
 0001:00028541       ?Cvar_GetLatchedVars@@YAXXZ 00429541 f   cvar.obj
 0001:00028570       ?Cvar_Command@@YA_NHPAPAD@Z 00429570 f   cvar.obj
 0001:00028609       ?IsDefault@cvar_t@@QAE_NXZ 00429609 f i cvar.obj
 0001:00028626       ?Cvar_WriteVariables@@YAXPAU_iobuf@@HHPBD@Z 00429626 f   cvar.obj
 0001:000286ae       ?Cvar_Userinfo@@YAPBDXZ    004296ae f   cvar.obj
 0001:00028709       ?Cvar_Serverinfo@@YAPBDXZ  00429709 f   cvar.obj
 0001:00028712       ?Cvar_Cheats@@YAX_N@Z      00429712 f   cvar.obj
 0001:00028763       ?Cvar_Init@@YAXXZ          00429763 f   cvar.obj
 0001:00028f86       ?MSG_WriteDeltaEntity@@YAXPAVsizebuf_t@@PBUentityStateEx_t@@PAU2@_N33@Z 00429f86 f   entdelta.obj
 0001:00029542       ?MSG_WriteRemoveEntity@@YAXPAVsizebuf_t@@H@Z 0042a542 f   entdelta.obj
 0001:00029582       ?MSG_ReadEntityBits@@YAHPAVsizebuf_t@@PAIPA_N@Z 0042a582 f   entdelta.obj
 0001:000295f3       ?MSG_ReadDeltaEntity@@YAXPAVsizebuf_t@@PBUentityStateEx_t@@PAU2@I@Z 0042a5f3 f   entdelta.obj
 0001:00029676       ?MSG_WriteDeltaUsercmd@@YAXPAVsizebuf_t@@PBUusercmd_t@@PAU2@@Z 0042a676 f   entdelta.obj
 0001:00029705       ?MSG_ReadDeltaUsercmd@@YAXPAVsizebuf_t@@PBUusercmd_t@@PAU2@@Z 0042a705 f   entdelta.obj
 0001:00029a08       ?MSG_WriteDeltaPlayerstate@@YAXPAVsizebuf_t@@PBUplayer_state_t@@PAU2@@Z 0042aa08 f   entdelta.obj
 0001:00029b11       ?MSG_ReadDeltaPlayerstate@@YAXPAVsizebuf_t@@PBUplayer_state_t@@PAU2@@Z 0042ab11 f   entdelta.obj
 0001:00029be5       ?FS_CreatePath@@YAXPBD@Z   0042abe5 f   files.obj
 0001:00029c4b       ?FS_CopyFile@@YAXPBD0@Z    0042ac4b f   files.obj
 0001:00029d4e       ?FS_CopyFiles@@YAXPBD0@Z   0042ad4e f   files.obj
 0001:00029e27       ?FS_RemoveFiles@@YAXPBD@Z  0042ae27 f   files.obj
 0001:00029e9b       ?FS_FCloseFile@@YAXPAVQFILE@@@Z 0042ae9b f   files.obj
 0001:00029f39       ?FS_FOpenFile@@YAPAVQFILE@@PBDPAH@Z 0042af39 f   files.obj
 0001:0002a45c       ?FS_FileExists@@YA_NPBD@Z  0042b45c f   files.obj
 0001:0002a675       ?FS_Read@@YAXPAXHPAVQFILE@@@Z 0042b675 f   files.obj
 0001:0002a8d9       ?FS_LoadFile@@YAPAXPBDPAI@Z 0042b8d9 f   files.obj
 0001:0002a92f       ?FS_FreeFile@@YAXPAX@Z     0042b92f f   files.obj
 0001:0002a93a       ?FS_Gamedir@@YAPBDXZ       0042b93a f   files.obj
 0001:0002a94e       ?FS_LoadGameConfig@@YAXXZ  0042b94e f   files.obj
 0001:0002aa13       ?FS_SetGamedir@@YA_NPBD@Z  0042ba13 f   files.obj
 0001:0002b0fe       ?FS_ListFiles@@YA?AV?$TList@VCStringItem@@@@PBDH@Z 0042c0fe f   files.obj
 0001:0002b480       ?FS_NextPath@@YAPADPBD@Z   0042c480 f   files.obj
 0001:0002b4a4       ?FS_InitFilesystem@@YAXXZ  0042c4a4 f   files.obj
 0001:0002be50       ?LoadPCX@@YAXPBDAAPAE1AAH2@Z 0042ce50 f   images.obj
 0001:0002bf7f       ?LoadTGA@@YAXPBDAAPAEAAH2@Z 0042cf7f f   images.obj
 0001:0002c16e       ?LoadJPG@@YAXPBDAAPAEAAH2@Z 0042d16e f   images.obj
 0001:0002c3fb       ?ImageExists@@YAHPBDH@Z    0042d3fb f   images.obj
 0001:0002c502       ?WriteTGA@@YA_NPBDPAEHH@Z  0042d502 f   images.obj
 0001:0002c6f6       ?WriteJPG@@YA_NPBDPAEHH_N@Z 0042d6f6 f   images.obj
 0001:0002c827       ?MD4Init@@YAXPAUMD4_CTX@@@Z 0042d827 f   md4.obj
 0001:0002c84f       ?MD4Update@@YAXPAUMD4_CTX@@PAEI@Z 0042d84f f   md4.obj
 0001:0002c8ed       ?MD4Final@@YAXQAEPAUMD4_CTX@@@Z 0042d8ed f   md4.obj
 0001:0002cfde       ?Com_BlockChecksum@@YAIPAXH@Z 0042dfde f   md4.obj
 0001:0002d01a       ?LoadQ2BspFile@@YAXXZ      0042e01a f   model.obj
 0001:0002d3d0       ?LoadBspFile@@YAPAUbspfile_t@@PBD_NPAI@Z 0042e3d0 f   model.obj
 0001:0002d57e       ?ProcessEntstring@@YAPADPAD@Z 0042e57e f   model.obj
 0001:0002e425       ?Init@sizebuf_t@@QAEXPAXH@Z 0042f425 f   msg.obj
 0001:0002e440       ?Write@sizebuf_t@@QAEXPBXH@Z 0042f440 f   msg.obj
 0001:0002e4b0       ?MSG_WriteChar@@YAXPAVsizebuf_t@@H@Z 0042f4b0 f   msg.obj
 0001:0002e4b0       ?MSG_WriteByte@@YAXPAVsizebuf_t@@H@Z 0042f4b0 f   msg.obj
 0001:0002e4c1       ?MSG_WriteShort@@YAXPAVsizebuf_t@@H@Z 0042f4c1 f   msg.obj
 0001:0002e4d2       ?MSG_WriteFloat@@YAXPAVsizebuf_t@@M@Z 0042f4d2 f   msg.obj
 0001:0002e4d2       ?MSG_WriteLong@@YAXPAVsizebuf_t@@H@Z 0042f4d2 f   msg.obj
 0001:0002e4e3       ?MSG_WriteString@@YAXPAVsizebuf_t@@PBD@Z 0042f4e3 f   msg.obj
 0001:0002e50d       ?MSG_WritePos@@YAXPAVsizebuf_t@@ABUCVec3@@@Z 0042f50d f   msg.obj
 0001:0002e571       ?MSG_WriteAngle@@YAXPAVsizebuf_t@@M@Z 0042f571 f   msg.obj
 0001:0002e59c       ?MSG_WriteAngle16@@YAXPAVsizebuf_t@@M@Z 0042f59c f   msg.obj
 0001:0002e5c7       ?MSG_WriteDir@@YAXPAVsizebuf_t@@ABUCVec3@@@Z 0042f5c7 f   msg.obj
 0001:0002e62f       ?MSG_ReadDir@@YAXPAVsizebuf_t@@AAUCVec3@@@Z 0042f62f f   msg.obj
 0001:0002e660       ?MSG_ReadChar@@YAHPAVsizebuf_t@@@Z 0042f660 f   msg.obj
 0001:0002e680       ?MSG_ReadByte@@YAHPAVsizebuf_t@@@Z 0042f680 f   msg.obj
 0001:0002e6a0       ?MSG_ReadShort@@YAHPAVsizebuf_t@@@Z 0042f6a0 f   msg.obj
 0001:0002e6c0       ?MSG_ReadLong@@YAHPAVsizebuf_t@@@Z 0042f6c0 f   msg.obj
 0001:0002e6df       ?MSG_ReadString@@YAPADPAVsizebuf_t@@@Z 0042f6df f   msg.obj
 0001:0002e712       ?MSG_ReadPos@@YAXPAVsizebuf_t@@AAUCVec3@@@Z 0042f712 f   msg.obj
 0001:0002e764       ?MSG_ReadAngle@@YAMPAVsizebuf_t@@@Z 0042f764 f   msg.obj
 0001:0002e77e       ?MSG_ReadAngle16@@YAMPAVsizebuf_t@@@Z 0042f77e f   msg.obj
 0001:0002e798       ?MSG_ReadData@@YAXPAVsizebuf_t@@PAXH@Z 0042f798 f   msg.obj
 0001:0002e7bb       ?Netchan_Init@@YAXXZ       0042f7bb f   net_chan.obj
 0001:0002e82f       ?Netchan_OutOfBandPrint@@YAXW4netsrc_t@@Unetadr_t@@PBDZZ 0042f82f f   net_chan.obj
 0001:0002e8b6       ?Setup@netchan_t@@QAEXW4netsrc_t@@Unetadr_t@@H@Z 0042f8b6 f   net_chan.obj
 0001:0002e90e       ?NeedReliable@netchan_t@@QAE_NXZ 0042f90e f   net_chan.obj
 0001:0002e933       ?Transmit@netchan_t@@QAEXPAXH@Z 0042f933 f   net_chan.obj
 0001:0002ead0       ?Process@netchan_t@@QAE_NPAVsizebuf_t@@@Z 0042fad0 f   net_chan.obj
 0001:0002ebfe       ?Pmove@@YAXPAUpmove_t@@@Z  0042fbfe f   pmove.obj
 0001:0003099b       ?NormalizeColor@@YAMABUCVec3@@AAU1@@Z 0043199b f   q_shared2.obj
 0001:000309f7       ?NormalizeColor255@@YAMABUCVec3@@AAU1@@Z 004319f7 f   q_shared2.obj
 0001:00030a57       ?Q_rsqrt@@YAMM@Z           00431a57 f   q_shared2.obj
 0001:00030a87       ?AngleVectors@@YAXABUCVec3@@PAU1@11@Z 00431a87 f   q_shared2.obj
 0001:00030be8       ?MakeNormalVectors@@YAXABUCVec3@@AAU1@1@Z 00431be8 f   q_shared2.obj
 0001:00030c57       ?Vec2Angles@@YAXABUCVec3@@AAU1@@Z 00431c57 f   q_shared2.obj
 0001:00030d5a       ?Vec2Yaw@@YAMABUCVec3@@@Z  00431d5a f   q_shared2.obj
 0001:00030dcd       ?VectorLength@@YAMABUCVec3@@@Z 00431dcd f   q_shared2.obj
 0001:00030dfc       ?VectorDistance@@YAMABUCVec3@@0@Z 00431dfc f   q_shared2.obj
 0001:00030e2d       ?LerpAngle@@YAMMMM@Z       00431e2d f   q_shared2.obj
 0001:00030e70       ?AngleMod@@YAMM@Z          00431e70 f   q_shared2.obj
 0001:00030e9c       ?AngleSubtract@@YAMMM@Z    00431e9c f   q_shared2.obj
 0001:00030ed3       ?AnglesSubtract@@YAXABUCVec3@@0AAU1@@Z 00431ed3 f   q_shared2.obj
 0001:00030f2b       ?Normalize@CVec3@@QAEMXZ   00431f2b f   q_shared2.obj
 0001:00030f7d       ?VectorNormalize@@YAMABUCVec3@@AAU1@@Z 00431f7d f   q_shared2.obj
 0001:00030fd5       ?NormalizeFast@CVec3@@QAEMXZ 00431fd5 f   q_shared2.obj
 0001:00031026       ?cross@@YAXABUCVec3@@0AAU1@@Z 00432026 f   q_shared2.obj
 0001:00031061       ?Clear@CBox@@QAEXXZ        00432061 f   q_shared2.obj
 0001:0003107f       ?Expand@CBox@@QAEXABUCVec3@@@Z 0043207f f   q_shared2.obj
 0001:000310ae       ?Expand@CBox@@QAEXABU1@@Z  004320ae f   q_shared2.obj
 0001:000310ea       ?GetCenter@CBox@@QAEXAAUCVec3@@@Z 004320ea f   q_shared2.obj
 0001:0003110a       ?OnPlaneSide@CBox@@QBEHABUcplane_t@@@Z 0043210a f   q_shared2.obj
 0001:00031239       ?FromAngles@CAxis@@QAEXABUCVec3@@@Z 00432239 f   q_shared2.obj
 0001:00031278       ?TransformVector@CAxis@@QBEXABUCVec3@@AAU2@@Z 00432278 f   q_shared2.obj
 0001:000312c9       ?UnTransformVector@CAxis@@QBEXABUCVec3@@AAU2@@Z 004322c9 f   q_shared2.obj
 0001:0003132d       ?TransformAxis@CAxis@@QBEXABU1@AAU1@@Z 0043232d f   q_shared2.obj
 0001:00031373       ?UnTransformAxis@CAxis@@QBEXABU1@AAU1@@Z 00432373 f   q_shared2.obj
 0001:000313b9       ?TransformPoint@CCoords@@QBEXABUCVec3@@AAU2@@Z 004323b9 f   q_shared2.obj
 0001:00031417       ?UnTransformPoint@CCoords@@QBEXABUCVec3@@AAU2@@Z 00432417 f   q_shared2.obj
 0001:00031484       ?UnTransformCoords@CCoords@@QBEXABU1@AAU1@@Z 00432484 f   q_shared2.obj
 0001:000314ae       ?TransformPlane@CCoords@@QBEXABUcplane_t@@AAU2@@Z 004324ae f   q_shared2.obj
 0001:000314e6       ?TransformPoint@@YAXABUCVec3@@ABUCAxis@@0AAU1@@Z 004324e6 f   q_shared2.obj
 0001:00031549       ?UnTransformPoint@@YAXABUCVec3@@ABUCAxis@@0AAU1@@Z 00432549 f   q_shared2.obj
 0001:000315b9       ?ShortSwap@@YAFF@Z         004325b9 f   q_shared2.obj
 0001:000315ce       ?COM_Parse@@YAPADAAPBD_N@Z 004325ce f   q_shared2.obj
 0001:000316f2       ?COM_QuoteString@@YAPBDPBD_N@Z 004326f2 f   q_shared2.obj
 0001:0003174d       ?Com_PageInMemory@@YAXPAXH@Z 0043274d f   q_shared2.obj
 0001:0003176c       ?Zip_OpenArchive@@YAPAU_iobuf@@PBD@Z 0043276c f   zip.obj
 0001:000317d7       ?Zip_CloseArchive@@YAXPAU_iobuf@@@Z 004327d7 f   zip.obj
 0001:000317e3       ?Zip_EnumArchive@@YA_NPAU_iobuf@@P6A_NPAUzipFile_t@@@Z@Z 004327e3 f   zip.obj
 0001:000319c0       ?Zip_OpenFile@@YAPAUZFILE@@PAU_iobuf@@PAUzipFile_t@@@Z 004329c0 f   zip.obj
 0001:00031aa4       ?Zip_ReadFile@@YAHPAUZFILE@@PAXH@Z 00432aa4 f   zip.obj
 0001:00031b9a       ?Zip_CloseFile@@YA_NPAUZFILE@@@Z 00432b9a f   zip.obj
 0001:00031bde       ?Zip_OpenBuf@@YAPAUZBUF@@PAXH@Z 00432bde f   zip.obj
 0001:00031c1c       ?Zip_ReadBuf@@YAHPAUZBUF@@PAXH@Z 00432c1c f   zip.obj
 0001:00031c64       ?Zip_CloseBuf@@YAXPAUZBUF@@@Z 00432c64 f   zip.obj
 0001:00031c79       _zcalloc                   00432c79 f   zip.obj
 0001:00031c8d       _zcfree                    00432c8d f   zip.obj
 0001:00031c98       ?CDAudio_Play2@@YAXH_N@Z   00432c98 f   cd_win.obj
 0001:00031e77       ?CDAudio_Play@@YAXH_N@Z    00432e77 f   cd_win.obj
 0001:00031e8e       ?CDAudio_Stop@@YAXXZ       00432e8e f   cd_win.obj
 0001:00031ed3       ?CDAudio_Pause@@YAXXZ      00432ed3 f   cd_win.obj
 0001:00031f2c       ?CDAudio_Resume@@YAXXZ     00432f2c f   cd_win.obj
 0001:00031f9b       ?CDAudio_Update@@YAXXZ     00432f9b f   cd_win.obj
 0001:00031fcf       ?CDAudio_Init@@YAHXZ       00432fcf f   cd_win.obj
 0001:00032431       ?CDAudio_Shutdown@@YAXXZ   00433431 f   cd_win.obj
 0001:00032464       ?CDAudio_Activate@@YAX_N@Z 00433464 f   cd_win.obj
 0001:00032475       ?IN_Commands@@YAXXZ        00433475 f   in_win.obj
 0001:0003259d       ?IN_Init@@YAXXZ            0043359d f   in_win.obj
 0001:00032894       ?IN_Shutdown@@YAXXZ        00433894 f   in_win.obj
 0001:00032a6e       ?IN_Move@@YAXPAUusercmd_t@@@Z 00433a6e f   in_win.obj
 0001:0003304b       ?IN_Activate@@YAX_N@Z      0043404b f   in_win.obj
 0001:00033055       ?IN_Frame@@YAXXZ           00434055 f   in_win.obj
 0001:000333bd       ?NetadrToSockadr@@YAXPAUnetadr_t@@PAUsockaddr@@@Z 004343bd f   net_wins.obj
 0001:00033442       ?SockadrToNetadr@@YAXPAUsockaddr@@PAUnetadr_t@@@Z 00434442 f   net_wins.obj
 0001:00033492       ?NET_CompareAdr@@YA_NPAUnetadr_t@@0@Z 00434492 f   net_wins.obj
 0001:000334e8       ?NET_CompareBaseAdr@@YA_NPAUnetadr_t@@0@Z 004344e8 f   net_wins.obj
 0001:00033533       ?NET_AdrToString@@YAPADPAUnetadr_t@@@Z 00434533 f   net_wins.obj
 0001:000335ec       ?NET_StringToAdr@@YA_NPBDPAUnetadr_t@@@Z 004345ec f   net_wins.obj
 0001:00033876       ?NET_IsLocalAddress@@YA_NPAUnetadr_t@@@Z 00434876 f   net_wins.obj
 0001:00033882       ?NET_GetLoopPacket@@YA_NW4netsrc_t@@PAUnetadr_t@@PAVsizebuf_t@@@Z 00434882 f   net_wins.obj
 0001:0003390d       ?NET_SendLoopPacket@@YAXW4netsrc_t@@HPAXUnetadr_t@@@Z 0043490d f   net_wins.obj
 0001:00033962       ?NET_GetPacket@@YA_NW4netsrc_t@@PAUnetadr_t@@PAVsizebuf_t@@@Z 00434962 f   net_wins.obj
 0001:00033a7f       ?NET_SendPacket@@YAXW4netsrc_t@@HPAXUnetadr_t@@@Z 00434a7f f   net_wins.obj
 0001:00033b50       ?NET_Config@@YAX_N@Z       00434b50 f   net_wins.obj
 0001:00033ec5       ?NET_Init@@YAXXZ           00434ec5 f   net_wins.obj
 0001:00033f7f       ?Sys_Mkdir@@YAXPAD@Z       00434f7f f   fs_win.obj
 0001:00033f8b       ?Sys_FindFirst@@YAPBDPBDH@Z 00434f8b f   fs_win.obj
 0001:00034045       ?Sys_FindNext@@YAPBDXZ     00435045 f   fs_win.obj
 0001:000340af       ?Sys_FindClose@@YAXXZ      004350af f   fs_win.obj
 0001:000340c9       ?Sys_FileExists@@YA_NPBDH@Z 004350c9 f   fs_win.obj
 0001:000340e7       ?SNDDMA_Init@@YA_NXZ       004350e7 f   snd_win.obj
 0001:00034726       ?SNDDMA_GetDMAPos@@YAHXZ   00435726 f   snd_win.obj
 0001:00034770       ?SNDDMA_BeginPainting@@YAXXZ 00435770 f   snd_win.obj
 0001:00034888       ?SNDDMA_Submit@@YAXXZ      00435888 f   snd_win.obj
 0001:000348ad       ?SNDDMA_Shutdown@@YAXXZ    004358ad f   snd_win.obj
 0001:000348b2       ?S_Activate@@YAX_N@Z       004358b2 f   snd_win.obj
 0001:000348dd       ?Sys_Quit@@YAXXZ           004358dd f   sys_win.obj
 0001:00034995       ?Sys_Init@@YAXXZ           00435995 f   sys_win.obj
 0001:00034a0d       ?Sys_ConsoleInput@@YAPADXZ 00435a0d f   sys_win.obj
 0001:00034cc8       ?Sys_ConsoleOutput@@YAXPBD@Z 00435cc8 f   sys_win.obj
 0001:00034d55       ?Sys_SendKeyEvents@@YAXXZ  00435d55 f   sys_win.obj
 0001:00034e0d       ?Sys_UnloadGame@@YAXXZ     00435e0d f   sys_win.obj
 0001:00034e88       ?Sys_GetGameAPI@@YAPAXPAX@Z 00435e88 f   sys_win.obj
 0001:00034fdf       _WinMain@16                00435fdf f   sys_win.obj
 0001:00035265       ?AddMsgHook@@YAXP6A_NIIJ@Z@Z 00436265 f   vid_dll.obj
 0001:000352a9       ?RemoveMsgHook@@YAXP6A_NIIJ@Z@Z 004362a9 f   vid_dll.obj
 0001:000352d8       ?Vid_CreateWindow@@YAPAXHH_N@Z 004362d8 f   vid_dll.obj
 0001:000359dc       ?Vid_DestroyWindow@@YAX_N@Z 004369dc f   vid_dll.obj
 0001:00035a17       ?Vid_Restart@@YAXXZ        00436a17 f   vid_dll.obj
 0001:00035a23       ?Vid_GetModeInfo@@YA_NPAH0H@Z 00436a23 f   vid_dll.obj
 0001:00035a53       ?Vid_Tick@@YAXXZ           00436a53 f   vid_dll.obj
 0001:00035c03       ?Vid_Init@@YAXXZ           00436c03 f   vid_dll.obj
 0001:00035cc9       ?Vid_Shutdown@@YAXXZ       00436cc9 f   vid_dll.obj
 0001:00035ce8       ?Tesselate@surfacePlanar_t@OpenGLDrv@@UAEXAAUrefEntity_t@2@@Z 00436ce8 f   gl_backend.obj
 0001:000366c4       ?Negate@CVec3@@QAEXXZ      004376c4 f i gl_backend.obj
 0001:00037ff3       ?Tesselate@surfacePoly_t@OpenGLDrv@@UAEXAAUrefEntity_t@2@@Z 00438ff3 f   gl_backend.obj
 0001:000380fa       ?Tesselate@surfaceMd3_t@OpenGLDrv@@UAEXAAUrefEntity_t@2@@Z 004390fa f   gl_backend.obj
 0001:000384e4       ?DrawTriangles@OpenGLDrv@@YA_NXZ 004394e4 f   gl_backend.obj
 0001:000385f9       ?DrawNormals@OpenGLDrv@@YA_NXZ 004395f9 f   gl_backend.obj
 0001:00038703       ?Tesselate@surfaceEntity_t@OpenGLDrv@@UAEXAAUrefEntity_t@2@@Z 00439703 f   gl_backend.obj
 0001:000387e7       ?Tesselate@surfaceParticle_t@OpenGLDrv@@UAEXAAUrefEntity_t@2@@Z 004397e7 f   gl_backend.obj
 0001:00038a37       ?BK_DrawScene@OpenGLDrv@@YAXXZ 00439a37 f   gl_backend.obj
 0001:0003905e       ?BK_DrawPic@OpenGLDrv@@YAXPAVshader_t@1@HHHHMMMMIE@Z 0043a05e f   gl_backend.obj
 0001:0003923f       ?BK_DrawText@OpenGLDrv@@YAXPBDHHHHHI@Z 0043a23f f   gl_backend.obj
 0001:0003942a       ?BK_BeginFrame@OpenGLDrv@@YAXXZ 0043a42a f   gl_backend.obj
 0001:000394c3       ?BK_EndFrame@OpenGLDrv@@YAXXZ 0043a4c3 f   gl_backend.obj
 0001:00039502       ?BK_Init@OpenGLDrv@@YAXXZ  0043a502 f   gl_backend.obj
 0001:00039531       ?BK_Shutdown@OpenGLDrv@@YAXXZ 0043a531 f   gl_backend.obj
 0001:00039549       ?AllocDynamicMemory@OpenGLDrv@@YAPAXH@Z 0043a549 f   gl_buffers.obj
 0001:000395b4       ?ResizeDynamicMemory@OpenGLDrv@@YAXPAXH@Z 0043a5b4 f   gl_buffers.obj
 0001:000395f6       ?AddSurfaceToPortal@OpenGLDrv@@YAXPAVsurfaceBase_t@1@PAVshader_t@1@HH@Z 0043a5f6 f   gl_buffers.obj
 0001:00039667       ?InsertShaderIndex@OpenGLDrv@@YAXH@Z 0043a667 f   gl_buffers.obj
 0001:000396a0       ?ClearPortal@OpenGLDrv@@YAXXZ 0043a6a0 f   gl_buffers.obj
 0001:000396be       ?SortSurfaces@OpenGLDrv@@YAXPAUviewPortal_t@1@PAPAUsurfaceInfo_t@1@@Z 0043a6be f   gl_buffers.obj
 0001:00039850       ?ClearBuffers@OpenGLDrv@@YAXXZ 0043a850 f   gl_buffers.obj
 0001:00039867       ?CreateBuffers@OpenGLDrv@@YAXXZ 0043a867 f   gl_buffers.obj
 0001:0003988d       ?FreeBuffers@OpenGLDrv@@YAXXZ 0043a88d f   gl_buffers.obj
 0001:000398b1       ?InitEntity@model_t@OpenGLDrv@@UAEXPAUentity_t@@PAUrefEntity_t@2@@Z 0043a8b1 f   gl_frontend.obj
 0001:000398b4       ?AddSurfaces@model_t@OpenGLDrv@@UAEXPAUrefEntity_t@2@@Z 0043a8b4 f   gl_frontend.obj
 0001:000398e2       ?GetLeaf@model_t@OpenGLDrv@@UAEPAUnode_t@2@PAUrefEntity_t@2@@Z 0043a8e2 f   gl_frontend.obj
 0001:000398f3       ?DrawLabel@model_t@OpenGLDrv@@UAEXPAUrefEntity_t@2@@Z 0043a8f3 f   gl_frontend.obj
 0001:000398f6       ?InitEntity@inlineModel_t@OpenGLDrv@@UAEXPAUentity_t@@PAUrefEntity_t@2@@Z 0043a8f6 f   gl_frontend.obj
 0001:00039946       ?AddSurfaces@inlineModel_t@OpenGLDrv@@UAEXPAUrefEntity_t@2@@Z 0043a946 f   gl_frontend.obj
 0001:00039e24       ?GetLeaf@inlineModel_t@OpenGLDrv@@UAEPAUnode_t@2@PAUrefEntity_t@2@@Z 0043ae24 f   gl_frontend.obj
 0001:00039fc9       ?DrawLabel@inlineModel_t@OpenGLDrv@@UAEXPAUrefEntity_t@2@@Z 0043afc9 f   gl_frontend.obj
 0001:0003a00f       ?InitEntity@md3Model_t@OpenGLDrv@@UAEXPAUentity_t@@PAUrefEntity_t@2@@Z 0043b00f f   gl_frontend.obj
 0001:0003a1de       ?AddSurfaces@md3Model_t@OpenGLDrv@@UAEXPAUrefEntity_t@2@@Z 0043b1de f   gl_frontend.obj
 0001:0003a318       ?GetLeaf@md3Model_t@OpenGLDrv@@UAEPAUnode_t@2@PAUrefEntity_t@2@@Z 0043b318 f   gl_frontend.obj
 0001:0003a350       ?DrawLabel@md3Model_t@OpenGLDrv@@UAEXPAUrefEntity_t@2@@Z 0043b350 f   gl_frontend.obj
 0001:0003a3b6       ?InitEntity@sprModel_t@OpenGLDrv@@UAEXPAUentity_t@@PAUrefEntity_t@2@@Z 0043b3b6 f   gl_frontend.obj
 0001:0003a3d4       ?AddSurfaces@sprModel_t@OpenGLDrv@@UAEXPAUrefEntity_t@2@@Z 0043b3d4 f   gl_frontend.obj
 0001:0003a557       ?GetLeaf@sprModel_t@OpenGLDrv@@UAEPAUnode_t@2@PAUrefEntity_t@2@@Z 0043b557 f   gl_frontend.obj
 0001:0003a638       ?AddEntity@OpenGLDrv@@YAXPAUentity_t@@@Z 0043b638 f   gl_frontend.obj
 0001:0003a7c4       ?AddDlight@OpenGLDrv@@YAXPAUdlight_t@@@Z 0043b7c4 f   gl_frontend.obj
 0001:0003a97c       ?DrawPortal@OpenGLDrv@@YAXXZ 0043b97c f   gl_frontend.obj
 0001:0003c920       ?GL_TextureMode@OpenGLDrv@@YAXPBD@Z 0043d920 f   gl_image.obj
 0001:0003c9c8       ?CreateImage@OpenGLDrv@@YAPAVimage_t@1@PBDPAXHHI@Z 0043d9c8 f   gl_image.obj
 0001:0003d6b9       ?LoadDelayedImages@OpenGLDrv@@YAXXZ 0043e6b9 f   gl_image.obj
 0001:0003d74c       ?DrawStretchRaw8@OpenGLDrv@@YAXHHHHHHPAEPAI@Z 0043e74c f   gl_image.obj
 0001:0003db1b       ?SetupGamma@OpenGLDrv@@YAXXZ 0043eb1b f   gl_image.obj
 0001:0003dc61       ?PerformScreenshot@OpenGLDrv@@YAXXZ 0043ec61 f   gl_image.obj
 0001:0003deee       ?InitImages@OpenGLDrv@@YAXXZ 0043eeee f   gl_image.obj
 0001:0003e6bf       ?ShutdownImages@OpenGLDrv@@YAXXZ 0043f6bf f   gl_image.obj
 0001:0003e726       ?ShowImages@OpenGLDrv@@YAXXZ 0043f726 f   gl_image.obj
 0001:0003e9ae       ?FindImage@OpenGLDrv@@YAPAVimage_t@1@PBDI@Z 0043f9ae f   gl_image.obj
 0001:0003eca0       ?GL_Lock@OpenGLDrv@@YAXXZ  0043fca0 f   gl_interface.obj
 0001:0003ed18       ?GL_Unlock@OpenGLDrv@@YAXXZ 0043fd18 f   gl_interface.obj
 0001:0003eeda       ?GL_Bind@OpenGLDrv@@YAXPBVimage_t@1@@Z 0043feda f   gl_interface.obj
 0001:0003f004       ?GL_BindForce@OpenGLDrv@@YAXPBVimage_t@1@@Z 00440004 f   gl_interface.obj
 0001:0003f082       ?GL_TexEnv@OpenGLDrv@@YAXI@Z 00440082 f   gl_interface.obj
 0001:0003f201       ?GL_TexMipBias@OpenGLDrv@@YAXM@Z 00440201 f   gl_interface.obj
 0001:0003f25c       ?GL_TexEnvColor@OpenGLDrv@@YAXPBTcolor_t@@@Z 0044025c f   gl_interface.obj
 0001:0003f30c       ?GL_SelectTexture@OpenGLDrv@@YAXH@Z 0044030c f   gl_interface.obj
 0001:0003f36d       ?GL_TexCoordPointer@OpenGLDrv@@YAXPAX@Z 0044036d f   gl_interface.obj
 0001:0003f39d       ?GL_SetMultitexture@OpenGLDrv@@YAXH@Z 0044039d f   gl_interface.obj
 0001:0003f483       ?GL_DisableTexCoordArrays@OpenGLDrv@@YAXXZ 00440483 f   gl_interface.obj
 0001:0003f4d7       ?GL_CullFace@OpenGLDrv@@YAXW4gl_cullMode_t@1@@Z 004404d7 f   gl_interface.obj
 0001:0003f528       ?GL_DepthRange@OpenGLDrv@@YAXW4gl_depthMode_t@1@@Z 00440528 f   gl_interface.obj
 0001:0003f55b       ?GL_State@OpenGLDrv@@YAXI@Z 0044055b f   gl_interface.obj
 0001:0003f6ab       ?GL_EnableFog@OpenGLDrv@@YAX_N@Z 004406ab f   gl_interface.obj
 0001:0003f7a3       ?GL_SetDefaultState@OpenGLDrv@@YAXXZ 004407a3 f   gl_interface.obj
 0001:0003f8ff       ?GL_Set2DMode@OpenGLDrv@@YAXXZ 004408ff f   gl_interface.obj
 0001:0003f9fa       ?GL_Set3DMode@OpenGLDrv@@YAXPAUviewPortal_t@1@@Z 004409fa f   gl_interface.obj
 0001:0003fae2       ?ShowLights@OpenGLDrv@@YAXXZ 00440ae2 f   gl_light.obj
 0001:0003fecb       ?LightForEntity@OpenGLDrv@@YAXPAUrefEntity_t@1@@Z 00440ecb f   gl_light.obj
 0001:0004113f       ?DiffuseLight@OpenGLDrv@@YAXPATcolor_t@@M@Z 0044213f f   gl_light.obj
 0001:0004137b       ?InitLightGrid@OpenGLDrv@@YAXXZ 0044237b f   gl_light.obj
 0001:00041421       ?PostLoadLights@OpenGLDrv@@YAXXZ 00442421 f   gl_light.obj
 0001:000416b1       ?LM_Init@OpenGLDrv@@YAXXZ  004426b1 f   gl_lightmap.obj
 0001:000416c7       ?LM_Flush@OpenGLDrv@@YAXPAUlightmapBlock_t@1@@Z 004426c7 f   gl_lightmap.obj
 0001:00041724       ?LM_Done@OpenGLDrv@@YAXXZ  00442724 f   gl_lightmap.obj
 0001:0004174b       ?LM_Save@OpenGLDrv@@YAXPAUlightmapBlock_t@1@@Z 0044274b f   gl_lightmap.obj
 0001:00041763       ?LM_Restore@OpenGLDrv@@YAXPAUlightmapBlock_t@1@@Z 00442763 f   gl_lightmap.obj
 0001:0004177b       ?LM_NewBlock@OpenGLDrv@@YAPAUlightmapBlock_t@1@XZ 0044277b f   gl_lightmap.obj
 0001:000417da       ?LM_Rewind@OpenGLDrv@@YAXXZ 004427da f   gl_lightmap.obj
 0001:000417e2       ?LM_NextBlock@OpenGLDrv@@YAPAUlightmapBlock_t@1@XZ 004427e2 f   gl_lightmap.obj
 0001:0004180f       ?LM_CheckMinlight@OpenGLDrv@@YAXPAUdynamicLightmap_t@1@@Z 0044280f f   gl_lightmap.obj
 0001:000418a5       ?LM_AllocBlock@OpenGLDrv@@YA_NPAUlightmapBlock_t@1@PAUdynamicLightmap_t@1@@Z 004428a5 f   gl_lightmap.obj
 0001:0004195c       ?LM_PutBlock@OpenGLDrv@@YAXPAUdynamicLightmap_t@1@@Z 0044295c f   gl_lightmap.obj
 0001:00041d89       ?LM_SortLightStyles@OpenGLDrv@@YAXPAUdynamicLightmap_t@1@@Z 00442d89 f   gl_lightmap.obj
 0001:00041e1a       ?UpdateDynamicLightmap@OpenGLDrv@@YAXPAVsurfacePlanar_t@1@_NI@Z 00442e1a f   gl_lightmap.obj
 0001:0004231c       ?LM_IsMonotone@OpenGLDrv@@YA_NPAUdynamicLightmap_t@1@PATcolor_t@@@Z 0044331c f   gl_lightmap.obj
 0001:00042423       ?Init@OpenGLDrv@@YA_NXZ    00443423 f   gl_main.obj
 0001:00042a7d       ?Shutdown@OpenGLDrv@@YAX_N@Z 00443a7d f   gl_main.obj
 0001:00042b06       ?GL_EnableRendering@OpenGLDrv@@YAX_N@Z 00443b06 f   gl_main.obj
 0001:00042b21       ?BeginFrame@OpenGLDrv@@YAXN@Z 00443b21 f   gl_main.obj
 0001:00042c4b       ?EndFrame@OpenGLDrv@@YAXXZ 00443c4b f   gl_main.obj
 0001:00042c63       ?RenderFrame@OpenGLDrv@@YAXPAUrefdef_t@@@Z 00443c63 f   gl_main.obj
 0001:0004349c       ?Fill8@OpenGLDrv@@YAXHHHHH@Z 0044449c f   gl_main.obj
 0001:000434df       ?Fill@OpenGLDrv@@YAXHHHHI@Z 004444df f   gl_main.obj
 0001:0004351b       ?TileClear@OpenGLDrv@@YAXHHHHPBD@Z 0044451b f   gl_main.obj
 0001:000435d2       ?DrawStretchPic@OpenGLDrv@@YAXHHHHPBD@Z 004445d2 f   gl_main.obj
 0001:0004364f       ?DrawDetailedPic@OpenGLDrv@@YAXHHHHPBD@Z 0044464f f   gl_main.obj
 0001:000436f6       ?DrawPic@OpenGLDrv@@YAXHHPBDHH@Z 004446f6 f   gl_main.obj
 0001:0004377b       ?BeginRegistration@OpenGLDrv@@YAXPBD@Z 0044477b f   gl_main.obj
 0001:0004379f       ?RegisterPic@OpenGLDrv@@YAPAVCBasicImage@@PBD@Z 0044479f f   gl_main.obj
 0001:000437ad       ?RegisterSkin@OpenGLDrv@@YAPAVCBasicImage@@PBD_N@Z 004447ad f   gl_main.obj
 0001:000437cb       ?RegisterModel@OpenGLDrv@@YAPAVCRenderModel@@PBD@Z 004447cb f   gl_main.obj
 0001:000437d6       ?SetSky@OpenGLDrv@@YAXPBDMABUCVec3@@@Z 004447d6 f   gl_main.obj
 0001:0004387c       ?Screenshot@OpenGLDrv@@YAXHPBD@Z 0044487c f   gl_main.obj
 0001:0004389f       ?GetClientLight@OpenGLDrv@@YAMXZ 0044489f f   gl_main.obj
 0001:000438a6       ?GetCaps@OpenGLDrv@@YAIXZ  004448a6 f   gl_main.obj
 0001:000438ac       ?InitFuncTables@OpenGLDrv@@YAXXZ 004448ac f   gl_math.obj
 0001:00043a52       ?BuildRotationAxis@OpenGLDrv@@YAXAAUCAxis@@ABUCVec3@@M@Z 00444a52 f   gl_math.obj
 0001:00043b49       ?GetBoxRect@OpenGLDrv@@YA_NPBUrefEntity_t@1@ABUCVec3@@QAM2_N@Z 00444b49 f   gl_math.obj
 0001:00043e53       ?ProjectToScreen@OpenGLDrv@@YA_NABUCVec3@@QAH@Z 00444e53 f   gl_math.obj
 0001:00043f96       ?SaturateColor3f@OpenGLDrv@@YAXAAUCVec3@@@Z 00444f96 f   gl_math.obj
 0001:00044086       ?SaturateColor4b@OpenGLDrv@@YAXPATcolor_t@@@Z 00445086 f   gl_math.obj
 0001:00044194       ?SubdividePlane@OpenGLDrv@@YAHPAPAUCVec3@@HM@Z 00445194 f   gl_poly.obj
 0001:000445e3       ?FreeSubdividedPlane@OpenGLDrv@@YAXXZ 004455e3 f   gl_poly.obj
 0001:000445fb       ?GetSubdivideIndexes@OpenGLDrv@@YAXPAH@Z 004455fb f   gl_poly.obj
 0001:0004464e       ?RemoveCollinearPoints@OpenGLDrv@@YAHPAPAUCVec3@@H@Z 0044564e f   gl_poly.obj
 0001:00044744       ?GetPolyArea@OpenGLDrv@@YAMPAPAUCVec3@@H@Z 00445744 f   gl_poly.obj
 0001:000447d8       ?InitShaders@OpenGLDrv@@YAXXZ 004457d8 f   gl_shader.obj
 0001:00044943       ?ShutdownShaders@OpenGLDrv@@YAXXZ 00445943 f   gl_shader.obj
 0001:00044981       ?GetLightmapImage@OpenGLDrv@@YAPAVimage_t@1@H@Z 00445981 f   gl_shader.obj
 0001:000449a9       ?SetShaderLightmap@OpenGLDrv@@YAPAVshader_t@1@PAV21@H@Z 004459a9 f   gl_shader.obj
 0001:00044cc8       ??4shader_t@OpenGLDrv@@QAEAAV01@ABV01@@Z 00445cc8 f i gl_shader.obj
 0001:00044e13       ??4CBasicImage@@QAEAAV0@ABV0@@Z 00445e13 f i gl_shader.obj
 0001:00044f1b       ?SetShaderLightstyles@OpenGLDrv@@YAPAVshader_t@1@PAV21@I@Z 00445f1b f   gl_shader.obj
 0001:00044fb9       ?GetAlphaShader@OpenGLDrv@@YAPAVshader_t@1@PAV21@@Z 00445fb9 f   gl_shader.obj
 0001:00045394       ?FindShader@OpenGLDrv@@YAPAVshader_t@1@PBDI@Z 00446394 f   gl_shader.obj
 0001:00046c81       ?GetShaderByNum@OpenGLDrv@@YAPAVshader_t@1@H@Z 00447c81 f   gl_shader.obj
 0001:00046c9f       ?ResetShaders@OpenGLDrv@@YAXXZ 00447c9f f   gl_shader.obj
 0001:00046e87       ?Reload@shader_t@OpenGLDrv@@UAEXXZ 00447e87 f   gl_shader.obj
 0001:00046eb6       ?Insert@?$TList@VCStringItem@@@@QAE_NPAVCStringItem@@@Z 00447eb6 f i gl_shader.obj
 0001:00046eb6       ?Insert@?$TList@VplayerModelInfo_t@@@@QAE_NPAVplayerModelInfo_t@@@Z 00447eb6 f i gl_shader.obj
 0001:00046eb6       ?Insert@?$TList@VshaderScript_t@OpenGLDrv@@@@QAE_NPAVshaderScript_t@OpenGLDrv@@@Z 00447eb6 f i gl_shader.obj
 0001:00046eec       ?ClearSky@OpenGLDrv@@YAXXZ 00447eec f   gl_sky.obj
 0001:00046f49       ?AddSkySurface@OpenGLDrv@@YAXPAVsurfacePlanar_t@1@E@Z 00447f49 f   gl_sky.obj
 0001:000474ed       ?DrawSky@OpenGLDrv@@YAXXZ  004484ed f   gl_sky.obj
 0001:00047b91       ?DrawChar@OpenGLDrv@@YAXHHHH@Z 00448b91 f   gl_text.obj
 0001:00047bbe       ?DrawConChar@OpenGLDrv@@YAXHHHH@Z 00448bbe f   gl_text.obj
 0001:00047bf3       ?ClearTexts@OpenGLDrv@@YAXXZ 00448bf3 f   gl_text.obj
 0001:00047c08       ?FlushTexts@OpenGLDrv@@YAXXZ 00448c08 f   gl_text.obj
 0001:00047c9a       ?DrawTextPos@OpenGLDrv@@YAXHHPBDI@Z 00448c9a f   gl_text.obj
 0001:00047d81       ?DrawTextLeft@OpenGLDrv@@YAXPBDI@Z 00448d81 f   gl_text.obj
 0001:00047e08       ?DrawTextRight@OpenGLDrv@@YAXPBDI@Z 00448e08 f   gl_text.obj
 0001:00047e52       ?DrawText3D@OpenGLDrv@@YAXABUCVec3@@PBDI@Z 00448e52 f   gl_text.obj
 0001:00047e7f       ?InitTexts@OpenGLDrv@@YAXXZ 00448e7f f   gl_text.obj
 0001:00047e99       ?FindModel@OpenGLDrv@@YAPAVmodel_t@1@PBD@Z 00448e99 f   gl_model.obj
 0001:00048073       ?FreeModels@OpenGLDrv@@YAXXZ 00449073 f   gl_model.obj
 0001:000480e5       ?InitModels@OpenGLDrv@@YAXXZ 004490e5 f   gl_model.obj
 0001:000481db       ?ShutdownModels@OpenGLDrv@@YAXXZ 004491db f   gl_model.obj
 0001:000481ec       ?LoadWorldMap@OpenGLDrv@@YAXPBD@Z 004491ec f   gl_bspmodel.obj
 0001:00049cf7       ?PointInLeaf@OpenGLDrv@@YAPAUnode_t@1@ABUCVec3@@@Z 0044acf7 f   gl_bspmodel.obj
 0001:00049d42       ?CALL_CONSTRUCTOR@@YAXPAVinlineModel_t@OpenGLDrv@@@Z 0044ad42 f i gl_bspmodel.obj
 0001:00049d58       ?LerpTag@model_t@OpenGLDrv@@UBE_NHHMPBDAAUCCoords@@@Z 0044ad58 f   gl_trimodel.obj
 0001:00049d66       ?LerpTag@md3Model_t@OpenGLDrv@@UBE_NHHMPBDAAUCCoords@@@Z 0044ad66 f   gl_trimodel.obj
 0001:00049e76       ?LoadMd2@OpenGLDrv@@YAPAVmd3Model_t@1@PBDPAEI@Z 0044ae76 f   gl_trimodel.obj
 0001:0004a9ae       ?ATAN2_FUNC@OpenGLDrv@@YAMMM@Z 0044b9ae f i gl_trimodel.obj
 0001:0004ab52       ?LoadMd3@OpenGLDrv@@YAPAVmd3Model_t@1@PBDPAEI@Z 0044bb52 f   gl_trimodel.obj
 0001:0004b016       ?LoadSp2@OpenGLDrv@@YAPAVsprModel_t@1@PBDPAEI@Z 0044c016 f   gl_trimodel.obj
 0001:0004b22b       ?LoadSpr@OpenGLDrv@@YAPAVsprModel_t@1@PBDPAEI@Z 0044c22b f   gl_trimodel.obj
 0001:0004b331       ?CALL_CONSTRUCTOR@@YAXPAVmd3Model_t@OpenGLDrv@@@Z 0044c331 f i gl_trimodel.obj
 0001:0004b347       ?CALL_CONSTRUCTOR@@YAXPAVsprModel_t@OpenGLDrv@@@Z 0044c347 f i gl_trimodel.obj
 0001:0004c948       ?QGL_Init@OpenGLDrv@@YA_NPBD@Z 0044d948 f   qgl_win.obj
 0001:0004ca2a       ?QGL_Shutdown@OpenGLDrv@@YAXXZ 0044da2a f   qgl_win.obj
 0001:0004ca68       ?QGL_InitExtensions@OpenGLDrv@@YAXXZ 0044da68 f   qgl_win.obj
 0001:0004cf54       ?QGL_PrintExtensionsString@OpenGLDrv@@YAXPBD00@Z 0044df54 f   qgl_win.obj
 0001:0004d0a1       ?QGL_EnableLogging@OpenGLDrv@@YAX_N@Z 0044e0a1 f   qgl_win.obj
 0001:0004d15b       ?QGL_LogMessage@OpenGLDrv@@YAXPBD@Z 0044e15b f   qgl_win.obj
 0001:0004d172       ?QGL_SwapBuffers@OpenGLDrv@@YAXXZ 0044e172 f   qgl_win.obj
 0001:0004d1f4       ?GLimp_HasGamma@OpenGLDrv@@YA_NXZ 0044e1f4 f   gl_win.obj
 0001:0004d208       ?GLimp_SetGamma@OpenGLDrv@@YAXM@Z 0044e208 f   gl_win.obj
 0001:0004d3b0       ?GLimp_SetMode@OpenGLDrv@@YA_NPAI0H_N@Z 0044e3b0 f   gl_win.obj
 0001:0004d7a6       ?GLimp_Shutdown@OpenGLDrv@@YAX_N@Z 0044e7a6 f   gl_win.obj
 0001:0004d853       ?AppActivate@OpenGLDrv@@YAX_N@Z 0044e853 f   gl_win.obj
 0001:0004d8c3       _jpeg_CreateDecompress     0044e8c3 f   lib:jdapimin.obj
 0001:0004d983       _jpeg_destroy_compress     0044e983 f   lib:jdapimin.obj
 0001:0004d983       _jpeg_destroy_decompress   0044e983 f   lib:jdapimin.obj
 0001:0004d98e       _jpeg_read_header          0044e98e f   lib:jdapimin.obj
 0001:0004d9f0       _jpeg_consume_input        0044e9f0 f   lib:jdapimin.obj
 0001:0004dc3f       _jpeg_finish_decompress    0044ec3f f   lib:jdapimin.obj
 0001:0004dcd6       _jpeg_start_decompress     0044ecd6 f   lib:jdapistd.obj
 0001:0004de43       _jpeg_read_scanlines       0044ee43 f   lib:jdapistd.obj
 0001:0004dec7       _jpeg_resync_to_restart    0044eec7 f   lib:jdmarker.obj
 0001:0004e08c       _jinit_marker_reader       0044f08c f   lib:jdmarker.obj
 0001:0004f557       _jpeg_CreateCompress       00450557 f   lib:jcapimin.obj
 0001:0004f60b       _jpeg_suppress_tables      0045060b f   lib:jcapimin.obj
 0001:0004f655       _jpeg_finish_compress      00450655 f   lib:jcapimin.obj
 0001:0004f73f       _jpeg_start_compress       0045073f f   lib:jcapistd.obj
 0001:0004f7ab       _jpeg_write_scanlines      004507ab f   lib:jcapistd.obj
 0001:0004f856       _jpeg_add_quant_table      00450856 f   lib:jcparam.obj
 0001:0004f908       _jpeg_quality_scaling      00450908 f   lib:jcparam.obj
 0001:0004f92f       _jpeg_set_quality          0045092f f   lib:jcparam.obj
 0001:0004f969       _jpeg_set_defaults         00450969 f   lib:jcparam.obj
 0001:0004fb2f       _jpeg_default_colorspace   00450b2f f   lib:jcparam.obj
 0001:0004fb7f       _jpeg_set_colorspace       00450b7f f   lib:jcparam.obj
 0001:0004fe9a       _jpeg_stdio_dest           00450e9a f   lib:jdatadst.obj
 0001:000500ba       _crc32                     004510ba f   lib:crc32.obj
 0001:00050354       _inflateReset              00451354 f   lib:inflate.obj
 0001:000503a2       _inflateInit2_             004513a2 f   lib:inflate.obj
 0001:0005045b       _inflate                   0045145b f   lib:inflate.obj
 0001:00051730       _inflateEnd                00452730 f   lib:inflate.obj
 0001:0005176e       _jinit_input_controller    0045276e f   lib:jdinput.obj
 0001:00051c51       _jinit_memory_mgr          00452c51 f   lib:jmemmgr.obj
 0001:0005278d       _jpeg_abort                0045378d f   lib:jcomapi.obj
 0001:000527c0       _jpeg_destroy              004537c0 f   lib:jcomapi.obj
 0001:000527db       _jpeg_alloc_quant_table    004537db f   lib:jcomapi.obj
 0001:000527f7       _jpeg_alloc_huff_table     004537f7 f   lib:jcomapi.obj
 0001:00052813       _jpeg_calc_output_dimensions 00453813 f   lib:jdmaster.obj
 0001:00052913       _jinit_master_decompress   00453913 f   lib:jdmaster.obj
 0001:00052c69       _jdiv_round_up             00453c69 f   lib:jutils.obj
 0001:00052c79       _jround_up                 00453c79 f   lib:jutils.obj
 0001:00052c91       _jcopy_sample_rows         00453c91 f   lib:jutils.obj
 0001:00052ccf       _jcopy_block_row           00453ccf f   lib:jutils.obj
 0001:00052ce8       _jzero_far                 00453ce8 f   lib:jutils.obj
 0001:00052cfb       _jinit_marker_writer       00453cfb f   lib:jcmarker.obj
 0001:000535d7       _jinit_compress_master     004545d7 f   lib:jcinit.obj
 0001:00053630       _inflate_fast              00454630 f   lib:inffast.obj
 0001:000539e5       _inflate_table             004549e5 f   lib:inftrees.obj
 0001:00053d99       _adler32                   00454d99 f   lib:adler32.obj
 0001:00053eb2       _jinit_c_codec             00454eb2 f   lib:jcodec.obj
 0001:00053ece       _jinit_d_codec             00454ece f   lib:jcodec.obj
 0001:00053eea       _jpeg_get_small            00454eea f   lib:jmemnobs.obj
 0001:00053eea       _jpeg_get_large            00454eea f   lib:jmemnobs.obj
 0001:00053ef6       _jpeg_free_large           00454ef6 f   lib:jmemnobs.obj
 0001:00053ef6       _jpeg_free_small           00454ef6 f   lib:jmemnobs.obj
 0001:00053f02       _jpeg_mem_available        00454f02 f   lib:jmemnobs.obj
 0001:00053f07       _jpeg_open_backing_store   00454f07 f   lib:jmemnobs.obj
 0001:00053f1b       ?EndRegistration@OpenGLDrv@@YAXXZ 00454f1b f   lib:jmemnobs.obj
 0001:00053f1b       __setargv                  00454f1b f   lib:jmemnobs.obj
 0001:00053f1b       _jpeg_mem_term             00454f1b f   lib:jmemnobs.obj
 0001:00053f1c       _jinit_d_main_controller   00454f1c f   lib:jdmainct.obj
 0001:00054567       _jinit_d_post_controller   00455567 f   lib:jdpostct.obj
 0001:00054812       _jinit_upsampler           00455812 f   lib:jdsample.obj
 0001:00054e50       _jinit_color_deconverter   00455e50 f   lib:jdcolor.obj
 0001:00055366       _jinit_merged_upsampler    00456366 f   lib:jdmerge.obj
 0001:000558b6       _jinit_2pass_quantizer     004568b6 f   lib:jquant2.obj
 0001:00056979       _jinit_1pass_quantizer     00457979 f   lib:jquant1.obj
 0001:0005739f       _jinit_c_main_controller   0045839f f   lib:jcmainct.obj
 0001:0005750c       _jinit_c_prep_controller   0045850c f   lib:jcprepct.obj
 0001:00057a57       _jinit_downsampler         00458a57 f   lib:jcsample.obj
 0001:000582d7       _jinit_color_converter     004592d7 f   lib:jccolor.obj
 0001:000588c1       _jinit_c_master_control    004598c1 f   lib:jcmaster.obj
 0001:000593b0       _jinit_lossy_c_codec       0045a3b0 f   lib:jclossy.obj
 0001:0005944b       _jinit_lossless_c_codec    0045a44b f   lib:jclossls.obj
 0001:000594e3       _jinit_lossy_d_codec       0045a4e3 f   lib:jdlossy.obj
 0001:000597b6       _jinit_lossless_d_codec    0045a7b6 f   lib:jdlossls.obj
 0001:00059866       _jinit_c_coef_controller   0045a866 f   lib:jccoefct.obj
 0001:00059f47       _jinit_shuff_encoder       0045af47 f   lib:jcshuff.obj
 0001:0005a7af       _jinit_phuff_encoder       0045b7af f   lib:jcphuff.obj
 0001:0005b254       _jinit_forward_dct         0045c254 f   lib:jcdctmgr.obj
 0001:0005b523       _jinit_c_diff_controller   0045c523 f   lib:jcdiffct.obj
 0001:0005ba47       _jinit_lhuff_encoder       0045ca47 f   lib:jclhuff.obj
 0001:0005c174       _jinit_differencer         0045d174 f   lib:jcpred.obj
 0001:0005c68e       _jinit_c_scaler            0045d68e f   lib:jcscale.obj
 0001:0005c704       _jinit_d_coef_controller   0045d704 f   lib:jdcoefct.obj
 0001:0005d3e0       _jinit_shuff_decoder       0045e3e0 f   lib:jdshuff.obj
 0001:0005d975       _jinit_phuff_decoder       0045e975 f   lib:jdphuff.obj
 0001:0005e512       _jinit_inverse_dct         0045f512 f   lib:jddctmgr.obj
 0001:0005e6f6       _jinit_d_diff_controller   0045f6f6 f   lib:jddiffct.obj
 0001:0005ec24       _jinit_d_scaler            0045fc24 f   lib:jdscale.obj
 0001:0005ed23       _jinit_undifferencer       0045fd23 f   lib:jdpred.obj
 0001:0005f0dd       _jinit_lhuff_decoder       004600dd f   lib:jdlhuff.obj
 0001:0005f4d2       _jpeg_make_c_derived_tbl   004604d2 f   lib:jchuff.obj
 0001:0005f6d4       _jpeg_gen_optimal_table    004606d4 f   lib:jchuff.obj
 0001:0005f893       _jpeg_fdct_float           00460893 f   lib:jfdctflt.obj
 0001:0005fa98       _jpeg_make_d_derived_tbl   00460a98 f   lib:jdhuff.obj
 0001:0005fd35       _jpeg_fill_bit_buffer      00460d35 f   lib:jdhuff.obj
 0001:0005fe44       _jpeg_huff_decode          00460e44 f   lib:jdhuff.obj
 0001:0005ff24       _jpeg_idct_4x4             00460f24 f   lib:jidctred.obj
 0001:00060212       _jpeg_idct_2x2             00461212 f   lib:jidctred.obj
 0001:000603d4       _jpeg_idct_1x1             004613d4 f   lib:jidctred.obj
 0001:00060410       _jpeg_idct_float           00461410 f   lib:jidctflt.obj
 0001:000607f0       __except_handler3          004617f0 f   MSVCRT:MSVCRT.dll
 0001:00060800       __chkstk                   00461800 f   MSVCRT:chkstk.obj
 0001:00060800       __alloca_probe             00461800 f   MSVCRT:chkstk.obj
 0001:0006082f       ??_Etype_info@@UAEPAXI@Z   0046182f f i MSVCRT:ti_inst.obj
 0001:0006082f       ??_Gtype_info@@UAEPAXI@Z   0046182f f i MSVCRT:ti_inst.obj
 0001:0006084c       __CxxThrowException@8      0046184c f   MSVCRT:MSVCRT.dll
 0001:00060852       _strcpy                    00461852 f   MSVCRT:MSVCRT.dll
 0001:00060858       _strlen                    00461858 f   MSVCRT:MSVCRT.dll
 0001:0006085e       _strcmp                    0046185e f   MSVCRT:MSVCRT.dll
 0001:00060864       _sin                       00461864 f   MSVCRT:MSVCRT.dll
 0001:0006086a       _tan                       0046186a f   MSVCRT:MSVCRT.dll
 0001:00060870       _cos                       00461870 f   MSVCRT:MSVCRT.dll
 0001:00060876       _fmod                      00461876 f   MSVCRT:MSVCRT.dll
 0001:0006087c       _strcat                    0046187c f   MSVCRT:MSVCRT.dll
 0001:00060882       _acos                      00461882 f   MSVCRT:MSVCRT.dll
 0001:00060888       _atan                      00461888 f   MSVCRT:MSVCRT.dll
 0001:0006088e       _memcpy                    0046188e f   MSVCRT:MSVCRT.dll
 0001:00060894       _memset                    00461894 f   MSVCRT:MSVCRT.dll
 0001:0006089a       _sqrt                      0046189a f   MSVCRT:MSVCRT.dll
 0001:000608a0       _atan2                     004618a0 f   MSVCRT:MSVCRT.dll
 0001:000608a6       __purecall                 004618a6 f   MSVCRT:MSVCRT.dll
 0001:000608ac       _pow                       004618ac f   MSVCRT:MSVCRT.dll
 0001:000608b2       _asin                      004618b2 f   MSVCRT:MSVCRT.dll
 0001:000608b8       _WinMainCRTStartup         004618b8 f   MSVCRT:crtexew.obj
 0001:00060a16       __ftol                     00461a16 f   MSVCRT:MSVCRT.dll
[...]
 0001:0005e894       _start_iMCU_row            0045f894 f   lib:jddiffct.obj
 0001:0005e8d9       _start_output_pass         0045f8d9 f   lib:jddiffct.obj
 0001:0005e8e5       _decompress_data           0045f8e5 f   lib:jddiffct.obj
 0001:0005ea55       _process_restart           0045fa55 f   lib:jddiffct.obj
 0001:0005ca75       _dummy_consume_data        0045da75 f   lib:jdcoefct.obj
 0001:0005ea8a       _consume_data              0045fa8a f   lib:jddiffct.obj
 0001:0005eb01       _output_data               0045fb01 f   lib:jddiffct.obj
 0001:0005e588       _start_pass                0045f588 f   lib:jddctmgr.obj
 0001:0005d9da       _start_pass_phuff_decoder  0045e9da f   lib:jdphuff.obj
 0001:0005dc23       _decode_mcu_DC_first       0045ec23 f   lib:jdphuff.obj
 0001:0005de1b       _process_restart           0045ee1b f   lib:jdphuff.obj
 0001:0005de8a       _decode_mcu_AC_first       0045ee8a f   lib:jdphuff.obj
 0001:0005e0aa       _decode_mcu_DC_refine      0045f0aa f   lib:jdphuff.obj
 0001:0005e17f       _decode_mcu_AC_refine      0045f17f f   lib:jdphuff.obj
 0001:0005d421       _start_pass_huff_decoder   0045e421 f   lib:jdshuff.obj
 0001:0005d559       _decode_mcu                0045e559 f   lib:jdshuff.obj
 0001:0005d909       _process_restart           0045e909 f   lib:jdshuff.obj
 0001:0005c807       _start_input_pass          0045d807 f   lib:jdcoefct.obj
 0001:0005c81a       _start_iMCU_row            0045d81a f   lib:jdcoefct.obj
 0001:0005c85f       _start_output_pass         0045d85f f   lib:jdcoefct.obj
 0001:0005c89c       _decompress_onepass        0045d89c f   lib:jdcoefct.obj
 0001:0005ca75       _dummy_consume_data        0045da75 f   lib:jdcoefct.obj
 0001:0005ca78       _consume_data              0045da78 f   lib:jdcoefct.obj
 0001:0005cc31       _decompress_data           0045dc31 f   lib:jdcoefct.obj
 0001:0005cd9d       _smoothing_ok              0045dd9d f   lib:jdcoefct.obj
 0001:0005ce88       _decompress_smooth_data    0045de88 f   lib:jdcoefct.obj
 0001:0005c6a0       _scaler_start_pass         0045d6a0 f   lib:jcscale.obj
 0001:0005c6c3       _simple_downscale          0045d6c3 f   lib:jcscale.obj
 0001:0005c6ef       _noscale                   0045d6ef f   lib:jcscale.obj
 0001:0005c198       _start_pass                0045d198 f   lib:jcpred.obj
 0001:0005c1f0       _reset_predictor           0045d1f0 f   lib:jcpred.obj
 0001:0005c21d       _jpeg_difference_first_row 0045d21d f   lib:jcpred.obj
 0001:0005c307       _jpeg_difference1          0045d307 f   lib:jcpred.obj
 0001:0005c375       _jpeg_difference2          0045d375 f   lib:jcpred.obj
 0001:0005c3e6       _jpeg_difference3          0045d3e6 f   lib:jcpred.obj
 0001:0005c45e       _jpeg_difference4          0045d45e f   lib:jcpred.obj
 0001:0005c4e9       _jpeg_difference5          0045d4e9 f   lib:jcpred.obj
 0001:0005c57c       _jpeg_difference6          0045d57c f   lib:jcpred.obj
 0001:0005c60b       _jpeg_difference7          0045d60b f   lib:jcpred.obj
 0001:0005ba87       _start_pass_huff           0045ca87 f   lib:jclhuff.obj
 0001:0005bc24       _encode_mcus_huff          0045cc24 f   lib:jclhuff.obj
 0001:0005be0f       _emit_bits                 0045ce0f f   lib:jclhuff.obj
 0001:0005beb2       _dump_buffer               0045ceb2 f   lib:jclhuff.obj
 0001:0005bed6       _emit_restart              0045ced6 f   lib:jclhuff.obj
 0001:0005bf21       _flush_bits                0045cf21 f   lib:jclhuff.obj
 0001:0005bf45       _finish_pass_huff          0045cf45 f   lib:jclhuff.obj
 0001:0005bfb2       _encode_mcus_gather        0045cfb2 f   lib:jclhuff.obj
 0001:0005c0db       _finish_pass_gather        0045d0db f   lib:jclhuff.obj
 0001:0005c171       _need_optimization_pass    0045d171 f   lib:jclhuff.obj
 0001:0005b6a7       _start_pass_diff           0045c6a7 f   lib:jcdiffct.obj
 0001:000599b0       _start_iMCU_row            0045a9b0 f   lib:jccoefct.obj
 0001:0005b745       _compress_data             0045c745 f   lib:jcdiffct.obj
 0001:0005b8db       _compress_first_pass       0045c8db f   lib:jcdiffct.obj
 0001:0005b9d0       _compress_output           0045c9d0 f   lib:jcdiffct.obj
 0001:0005b2ba       _start_pass_fdctmgr        0045c2ba f   lib:jcdctmgr.obj
 0001:0005b3bc       _forward_DCT_float         0045c3bc f   lib:jcdctmgr.obj
 0001:0005a7ef       _start_pass_phuff          0045b7ef f   lib:jcphuff.obj
 0001:0005a95c       _encode_mcu_DC_first       0045b95c f   lib:jcphuff.obj
 0001:0005aa8e       _emit_bits                 0045ba8e f   lib:jcphuff.obj
 0001:0005ab39       _dump_buffer               0045bb39 f   lib:jcphuff.obj
 0001:0005ab71       _emit_symbol               0045bb71 f   lib:jcphuff.obj
 0001:0005abb1       _emit_restart              0045bbb1 f   lib:jcphuff.obj
 0001:0005ac3a       _emit_eobrun               0045bc3a f   lib:jcphuff.obj
 0001:0005acc0       _encode_mcu_AC_first       0045bcc0 f   lib:jcphuff.obj
 0001:0005ae54       _encode_mcu_DC_refine      0045be54 f   lib:jcphuff.obj
 0001:0005af0e       _encode_mcu_AC_refine      0045bf0e f   lib:jcphuff.obj
 0001:0005b125       _finish_pass_phuff         0045c125 f   lib:jcphuff.obj
 0001:0005b174       _finish_pass_gather_phuff  0045c174 f   lib:jcphuff.obj
 0001:0005b237       _need_optimization_pass    0045c237 f   lib:jcphuff.obj
 0001:00059f8a       _start_pass_huff           0045af8a f   lib:jcshuff.obj
 0001:0005a0ff       _encode_mcu_huff           0045b0ff f   lib:jcshuff.obj
 0001:0005a20a       _encode_one_block          0045b20a f   lib:jcshuff.obj
 0001:0005a381       _emit_bits                 0045b381 f   lib:jcshuff.obj
 0001:0005a424       _dump_buffer               0045b424 f   lib:jcshuff.obj
 0001:0005a448       _emit_restart              0045b448 f   lib:jcshuff.obj
 0001:0005a4b5       _flush_bits                0045b4b5 f   lib:jcshuff.obj
 0001:0005a4d9       _finish_pass_huff          0045b4d9 f   lib:jcshuff.obj
 0001:0005a548       _encode_mcu_gather         0045b548 f   lib:jcshuff.obj
 0001:0005a5fe       _htest_one_block           0045b5fe f   lib:jcshuff.obj
 0001:0005a6c5       _finish_pass_gather        0045b6c5 f   lib:jcshuff.obj
 0001:0005c171       _need_optimization_pass    0045d171 f   lib:jclhuff.obj
 0001:0005991b       _start_pass_coef           0045a91b f   lib:jccoefct.obj
 0001:000599b0       _start_iMCU_row            0045a9b0 f   lib:jccoefct.obj
 0001:000599f2       _compress_data             0045a9f2 f   lib:jccoefct.obj
 0001:00059bd9       _compress_first_pass       0045abd9 f   lib:jccoefct.obj
 0001:00059dbf       _compress_output           0045adbf f   lib:jccoefct.obj
 0001:00059833       _calc_output_dimensions    0045a833 f   lib:jdlossls.obj
 0001:00059844       _start_input_pass          0045a844 f   lib:jdlossls.obj
 0001:00059572       _calc_output_dimensions    0045a572 f   lib:jdlossy.obj
 0001:000596e5       _start_input_pass          0045a6e5 f   lib:jdlossy.obj
 0001:00059705       _latch_quant_tables        0045a705 f   lib:jdlossy.obj
 0001:0005979d       _start_output_pass         0045a79d f   lib:jdlossy.obj
 0001:000594c1       _start_pass                0045a4c1 f   lib:jclossls.obj
 0001:0005942d       _start_pass                0045a42d f   lib:jclossy.obj
 0001:00058982       _initial_setup             00459982 f   lib:jcmaster.obj
 0001:00058b35       _validate_script           00459b35 f   lib:jcmaster.obj
 0001:00058f0d       _prepare_for_pass          00459f0d f   lib:jcmaster.obj
 0001:00059085       _select_scan_parameters    0045a085 f   lib:jcmaster.obj
 0001:00059186       _per_scan_setup            0045a186 f   lib:jcmaster.obj
 0001:00059331       _pass_startup              0045a331 f   lib:jcmaster.obj
 0001:00059358       _finish_pass_master        0045a358 f   lib:jcmaster.obj
 0001:0005846e       _rgb_ycc_start             0045946e f   lib:jccolor.obj
 0001:00058532       _rgb_ycc_convert           00459532 f   lib:jccolor.obj
 0001:00058631       _rgb_gray_convert          00459631 f   lib:jccolor.obj
 0001:000586b6       _cmyk_ycck_convert         004596b6 f   lib:jccolor.obj
 0001:000587ee       _grayscale_convert         004597ee f   lib:jccolor.obj
 0001:00058848       _null_convert              00459848 f   lib:jccolor.obj
 0001:0002c398       _null_method               0042d398 f   images.obj
 0001:0002c398       _start_pass_downsample     0042d398 f   images.obj
 0001:00057bba       _sep_downsample            00458bba f   lib:jcsample.obj
 0001:00057c2f       _int_downsample            00458c2f f   lib:jcsample.obj
 0001:00057d27       _expand_right_edge         00458d27 f   lib:jcsample.obj
 0001:00057d7c       _fullsize_downsample       00458d7c f   lib:jcsample.obj
 0001:00057dc0       _h2v1_downsample           00458dc0 f   lib:jcsample.obj
 0001:00057e54       _h2v2_downsample           00458e54 f   lib:jcsample.obj
 0001:00057f01       _h2v2_smooth_downsample    00458f01 f   lib:jcsample.obj
 0001:00058179       _fullsize_smooth_downsample 00459179 f   lib:jcsample.obj
 0001:000575b6       _start_pass_prep           004585b6 f   lib:jcprepct.obj
 0001:000575f4       _pre_process_data          004585f4 f   lib:jcprepct.obj
 0001:000577a2       _pre_process_context       004587a2 f   lib:jcprepct.obj
 0001:0005795b       _create_context_buffer     0045895b f   lib:jcprepct.obj
 0001:0005742e       _start_pass_main           0045842e f   lib:jcmainct.obj
 0001:00057470       _process_data_simple_main  00458470 f   lib:jcmainct.obj
 0001:00056a04       _create_colormap           00457a04 f   lib:jquant1.obj
 0001:00056b36       _select_ncolors            00457b36 f   lib:jquant1.obj
 0001:00056c0d       _create_colorindex         00457c0d f   lib:jquant1.obj
 0001:00056d39       _alloc_fs_workspace        00457d39 f   lib:jquant1.obj
 0001:00056d75       _start_pass_1_quant        00457d75 f   lib:jquant1.obj
 0001:00056e41       _create_odither_tables     00457e41 f   lib:jquant1.obj
 0001:00056ea0       _make_odither_array        00457ea0 f   lib:jquant1.obj
 0001:00056f03       _color_quantize            00457f03 f   lib:jquant1.obj
 0001:00056f8e       _color_quantize3           00457f8e f   lib:jquant1.obj
 0001:0005701c       _quantize_ord_dither       0045801c f   lib:jquant1.obj
 0001:00057107       _quantize3_ord_dither      00458107 f   lib:jquant1.obj
 0001:00057207       _quantize_fs_dither        00458207 f   lib:jquant1.obj
 0001:0002c398       _finish_pass_1_quant       0042d398 f   images.obj
 0001:0005738b       _new_color_map_1_quant     0045838b f   lib:jquant1.obj
 0001:000559c5       _init_error_limit          004569c5 f   lib:jquant2.obj
 0001:00055a64       _start_pass_2_quant        00456a64 f   lib:jquant2.obj
 0001:00055b66       _prescan_quantize          00456b66 f   lib:jquant2.obj
 0001:00055bd5       _pass2_no_dither           00456bd5 f   lib:jquant2.obj
 0001:00055c82       _fill_inverse_cmap         00456c82 f   lib:jquant2.obj
 0001:00055d4d       _find_nearby_colors        00456d4d f   lib:jquant2.obj
 0001:00055ef1       _find_best_colors          00456ef1 f   lib:jquant2.obj
 0001:0005600b       _pass2_fs_dither           0045700b f   lib:jquant2.obj
 0001:0005627a       _finish_pass1              0045727a f   lib:jquant2.obj
 0001:0005629c       _select_colors             0045729c f   lib:jquant2.obj
 0001:00056328       _update_box                00457328 f   lib:jquant2.obj
 0001:000566c2       _median_cut                004576c2 f   lib:jquant2.obj
 0001:000567d6       _find_biggest_color_pop    004577d6 f   lib:jquant2.obj
 0001:00056805       _find_biggest_volume       00457805 f   lib:jquant2.obj
 0001:0005682e       _compute_color             0045782e f   lib:jquant2.obj
 0001:0002c398       _finish_pass2              0042d398 f   images.obj
 0001:0005696a       _new_color_map_2_quant     0045796a f   lib:jquant2.obj
 0001:000553dc       _build_ycc_rgb_table       004563dc f   lib:jdmerge.obj
 0001:0005548c       _start_pass_merged_upsample 0045648c f   lib:jdmerge.obj
 0001:000554a1       _merged_2v_upsample        004564a1 f   lib:jdmerge.obj
 0001:00055548       _merged_1v_upsample        00456548 f   lib:jdmerge.obj
 0001:00055579       _h2v1_merged_upsample      00456579 f   lib:jdmerge.obj
 0001:000556cf       _h2v2_merged_upsample      004566cf f   lib:jdmerge.obj
 0001:00054f80       _build_ycc_rgb_table       00455f80 f   lib:jdcolor.obj
 0001:00055030       _ycc_rgb_convert           00456030 f   lib:jdcolor.obj
 0001:0005513e       _null_convert              0045613e f   lib:jdcolor.obj
 0001:000551b6       _grayscale_convert         004561b6 f   lib:jdcolor.obj
 0001:000551d9       _gray_rgb_convert          004561d9 f   lib:jdcolor.obj
 0001:00055232       _ycck_cmyk_convert         00456232 f   lib:jdcolor.obj
 0001:0002c398       _start_pass_dcolor         0042d398 f   images.obj
 0001:000549e1       _start_pass_upsample       004559e1 f   lib:jdsample.obj
 0001:000549fb       _sep_upsample              004559fb f   lib:jdsample.obj
 0001:00054ac8       _fullsize_upsample         00455ac8 f   lib:jdsample.obj
 0001:00054ad3       _noop_upsample             00455ad3 f   lib:jdsample.obj
 0001:00054adb       _int_upsample              00455adb f   lib:jdsample.obj
 0001:00054bc5       _h2v1_upsample             00455bc5 f   lib:jdsample.obj
 0001:00054c1c       _h2v2_upsample             00455c1c f   lib:jdsample.obj
 0001:00054c8e       _h2v1_fancy_upsample       00455c8e f   lib:jdsample.obj
 0001:00054d31       _h2v2_fancy_upsample       00455d31 f   lib:jdsample.obj
 0001:000545ea       _start_pass_dpost          004555ea f   lib:jdpostct.obj
 0001:00054690       _post_process_1pass        00455690 f   lib:jdpostct.obj
 0001:000546f5       _post_process_prepass      004556f5 f   lib:jdpostct.obj
 0001:00054786       _post_process_2pass        00455786 f   lib:jdpostct.obj
 0001:00053ff1       _alloc_funny_pointers      00454ff1 f   lib:jdmainct.obj
 0001:0005409e       _start_pass_main           0045509e f   lib:jdmainct.obj
 0001:00054106       _make_funny_pointers       00455106 f   lib:jdmainct.obj
 0001:00054246       _process_data_simple_main  00455246 f   lib:jdmainct.obj
 0001:000542ae       _process_data_context_main 004552ae f   lib:jdmainct.obj
 0001:000543c0       _set_wraparound_pointers   004553c0 f   lib:jdmainct.obj
 0001:000544aa       _set_bottom_pointers       004554aa f   lib:jdmainct.obj
 0001:00054544       _process_data_crank_post   00455544 f   lib:jdmainct.obj
 0001:00052d49       _write_marker_header       00453d49 f   lib:jcmarker.obj
 0001:00052d9f       _emit_byte                 00453d9f f   lib:jcmarker.obj
 0001:00052dd0       _write_marker_byte         00453dd0 f   lib:jcmarker.obj
 0001:00052de0       _write_file_header         00453de0 f   lib:jcmarker.obj
 0001:00052e2c       _emit_jfif_app0            00453e2c f   lib:jcmarker.obj
 0001:00052eff       _emit_adobe_app14          00453eff f   lib:jcmarker.obj
 0001:00052fa5       _write_frame_header        00453fa5 f   lib:jcmarker.obj
 0001:00053084       _emit_dqt                  00454084 f   lib:jcmarker.obj
 0001:00053173       _emit_sof                  00454173 f   lib:jcmarker.obj
 0001:0005324f       _write_scan_header         0045424f f   lib:jcmarker.obj
 0001:0005330f       _emit_dht                  0045430f f   lib:jcmarker.obj
 0001:000533e8       _emit_dri                  004543e8 f   lib:jcmarker.obj
 0001:00053437       _emit_sos                  00454437 f   lib:jcmarker.obj
 0001:00053525       _write_file_trailer        00454525 f   lib:jcmarker.obj
 0001:00053545       _write_tables_only         00454545 f   lib:jcmarker.obj
 0001:0005289e       _use_merged_upsample       0045389e f   lib:jdmaster.obj
 0001:00052944       _master_selection          00453944 f   lib:jdmaster.obj
 0001:00052aa1       _prepare_range_limit_table 00453aa1 f   lib:jdmaster.obj
 0001:00052b27       _prepare_for_output_pass   00453b27 f   lib:jdmaster.obj
 0001:00052c48       _finish_output_pass        00453c48 f   lib:jdmaster.obj
 0001:00051d15       _alloc_small               00452d15 f   lib:jmemmgr.obj
 0001:00051e33       _alloc_large               00452e33 f   lib:jmemmgr.obj
 0001:00051ee4       _alloc_sarray              00452ee4 f   lib:jmemmgr.obj
 0001:00051f7c       _alloc_barray              00452f7c f   lib:jmemmgr.obj
 0001:00052020       _alloc_darray              00453020 f   lib:jmemmgr.obj
 0001:000520cb       _request_virt_sarray       004530cb f   lib:jmemmgr.obj
 0001:0005212c       _request_virt_barray       0045312c f   lib:jmemmgr.obj
 0001:0005218d       _realize_virt_arrays       0045318d f   lib:jmemmgr.obj
 0001:00052310       _access_virt_sarray        00453310 f   lib:jmemmgr.obj
 0001:00052430       _do_sarray_io              00453430 f   lib:jmemmgr.obj
 0001:000524c0       _access_virt_barray        004534c0 f   lib:jmemmgr.obj
 0001:000525e5       _do_barray_io              004535e5 f   lib:jmemmgr.obj
 0001:00052676       _free_pool                 00453676 f   lib:jmemmgr.obj
 0001:0005275d       _self_destruct             0045375d f   lib:jmemmgr.obj
 0001:000517af       _start_input_pass          004527af f   lib:jdinput.obj
 0001:000517dd       _per_scan_setup            004527dd f   lib:jdinput.obj
 0001:00051963       _finish_input_pass         00452963 f   lib:jdinput.obj
 0001:00051974       _consume_markers           00452974 f   lib:jdinput.obj
 0001:00051a10       _initial_setup             00452a10 f   lib:jdinput.obj
 0001:00051c1a       _reset_input_controller    00452c1a f   lib:jdinput.obj
 0001:00051568       _fixedtables               00452568 f   lib:inflate.obj
 0001:00051652       _updatewindow              00452652 f   lib:inflate.obj
 0001:0004ff9a       _make_crc_table            00450f9a f   lib:crc32.obj
 0001:000500e7       _crc32_little              004510e7 f   lib:crc32.obj
 0001:0004fed6       _init_destination          00450ed6 f   lib:jdatadst.obj
 0001:0004fefc       _empty_output_buffer       00450efc f   lib:jdatadst.obj
 0001:0004ff3e       _term_destination          00450f3e f   lib:jdatadst.obj
 0001:0004fa5d       _std_huff_tables           00450a5d f   lib:jcparam.obj
 0001:0004fab7       _add_huff_table            00450ab7 f   lib:jcparam.obj
 0001:0004dfb5       _next_marker               0044efb5 f   lib:jdmarker.obj
 0001:0004e0ef       _get_interesting_appn      0044f0ef f   lib:jdmarker.obj
 0001:0004e21a       _examine_app0              0044f21a f   lib:jdmarker.obj
 0001:0004e428       _examine_app14             0044f428 f   lib:jdmarker.obj
 0001:0004e4e9       _skip_variable             0044f4e9 f   lib:jdmarker.obj
 0001:0004e58c       _read_markers              0044f58c f   lib:jdmarker.obj
 0001:0004e794       _get_soi                   0044f794 f   lib:jdmarker.obj
 0001:0004e83f       _get_sof                   0044f83f f   lib:jdmarker.obj
 0001:0004eb48       _get_sos                   0044fb48 f   lib:jdmarker.obj
 0001:0004ee36       _get_dht                   0044fe36 f   lib:jdmarker.obj
 0001:0004f0d7       _get_dqt                   004500d7 f   lib:jdmarker.obj
 0001:0004f333       _get_dri                   00450333 f   lib:jdmarker.obj
 0001:0004f412       _first_marker              00450412 f   lib:jdmarker.obj
 0001:0004f4ae       _read_restart_marker       004504ae f   lib:jdmarker.obj
 0001:0004f52c       _reset_marker_reader       0045052c f   lib:jdmarker.obj
 0001:0004dd99       _output_pass_setup         0044ed99 f   lib:jdapistd.obj
 0001:0004da8c       _default_decompress_parms  0044ea8c f   lib:jdapimin.obj

 182 bytes saved through ICF

