 Quake2

 Timestamp is 45fba57f (Sat Mar 17 11:23:27 2007)

 Preferred load address is 00400000

 Start         Length     Name                   Class
 0001:00000000 00068800H .text                   CODE
 0002:00000000 00000294H .idata$5                DATA
 0002:00000298 00007634H .rdata                  DATA
 0002:000078d0 00000044H .rdata$r                DATA
 0002:00007918 00000038H .xdata$x                DATA
 0002:00007950 00000078H .idata$2                DATA
 0002:000079c8 00000014H .idata$3                DATA
 0002:000079dc 00000294H .idata$4                DATA
 0002:00007c70 0000086aH .idata$6                DATA
 0002:000084da 00000000H .edata                  DATA
 0003:00000000 00000004H .CRT$XCA                DATA
 0003:00000004 00000088H .CRT$XCU                DATA
 0003:0000008c 00000004H .CRT$XCZ                DATA
 0003:00000090 00000004H .CRT$XIA                DATA
 0003:00000094 00000004H .CRT$XIZ                DATA
 0003:000000a0 0000e78cH .data                   DATA
 0003:0000e830 0045d438H .bss                    DATA
 0004:00000000 00000130H .rsrc$01                DATA
 0004:00000130 00003f20H .rsrc$02                DATA

  Address         Publics by Value              Rva+Base     Lib:Object

 0001:00000000       ??3@YAXPAX@Z               00401000 f i CoreMain.obj
 0001:0000000e       ?appTimestamp@@YAPBDXZ     0040100e f   CoreMain.obj
 0001:00000043       ?appInit@@YAXXZ            00401043 f   CoreMain.obj
 0001:000000c3       ?appExit@@YAXXZ            004010c3 f   CoreMain.obj
 0001:000000cd       ?appMilliseconds@@YAIXZ    004010cd f   CoreWin32.obj
 0001:000000d3       ?appPackage@@YAPBDXZ       004010d3 f   CoreWin32.obj
 0001:0000012a       ?appGetSystemErrorMessage@@YAPBDI@Z 0040112a f   CoreWin32.obj
 0001:0000018e       ?appDisplayError@@YAXXZ    0040118e f   CoreWin32.obj
 0001:000001df       ?appInitPlatform@@YAXXZ    004011df f   CoreWin32.obj
 0001:00000372       ?appShutdownPlatform@@YAXXZ 00401372 f   CoreWin32.obj
 0001:0000037b       ?sprintf@?$TString@$0BAA@@@QAAHPBDZZ 0040137b f i CoreWin32.obj
 0001:000003a2       ?appDetectCPU@@YAXXZ       004013a2 f   CoreCpuid.obj
 0001:00000656       ?appLoadDebugSymbols@@YAXXZ 00401656 f   DbgSymbols.obj
 0001:00000813       ?appSymbolName@@YA_NIPADH@Z 00401813 f   DbgSymbols.obj
 0001:00000909       ?appSymbolName@@YAPBDI@Z   00401909 f   DbgSymbols.obj
 0001:00000941       ?osGetAddressPackage@@YA_NIPADHAAH@Z 00401941 f   DbgSymbolsWin32.obj
 0001:000009d5       ?osGetAddressSymbol@@YA_NIPADHAAH@Z 004019d5 f   DbgSymbolsWin32.obj
 0001:00000b7b       ?appMalloc@@YAPAXIH@Z      00401b7b f   Memory.obj
 0001:00000c80       ?appFree@@YAXPAX@Z         00401c80 f   Memory.obj
 0001:00000cff       ?Unlink@FMemHeader@@QAEXXZ 00401cff f i Memory.obj
 0001:00000d2a       ?Link@CMemoryChain@@AAEXXZ 00401d2a f   Memory.obj
 0001:00000d49       ?Unlink@CMemoryChain@@AAEXXZ 00401d49 f   Memory.obj
 0001:00000d74       ??2CMemoryChain@@SAPAXIH@Z 00401d74 f   Memory.obj
 0001:00000e3d       ??3CMemoryChain@@SAXPAX@Z  00401e3d f   Memory.obj
 0001:00000ebe       ?Alloc@CMemoryChain@@QAEPAXIH@Z 00401ebe f   Memory.obj
 0001:00000f8a       ?GetSize@CMemoryChain@@QAEHXZ 00401f8a f   Memory.obj
 0001:00000f98       ?BuildAllocatorsTable@@YAHPAXH@Z 00401f98 f   Memory.obj
 0001:00001105       ?appInitMemory@@YAXXZ      00402105 f   Memory.obj
 0001:000014ed       ?Write@COutputDeviceNull@@UAEXPBD@Z 004024ed f i OutputDevice.obj
 0001:000014ed       ?Tesselate@surfaceNull_t@OpenGLDrv@@UAEXAAUrefEntity_t@2@@Z 004024ed f i OutputDevice.obj
 0001:00001507       ??_ECOutputDevice@@UAEPAXI@Z 00402507 f i OutputDevice.obj
 0001:00001507       ??_GCOutputDevice@@UAEPAXI@Z 00402507 f i OutputDevice.obj
 0001:00001507       ??_GCOutputDeviceNull@@UAEPAXI@Z 00402507 f i OutputDevice.obj
 0001:00001507       ??_ECOutputDeviceNull@@UAEPAXI@Z 00402507 f i OutputDevice.obj
 0001:0000154a       ?Write@COutputDeviceLog@@UAEXPBD@Z 0040254a f i OutputDevice.obj
 0001:00001595       ??_GCOutputDeviceLog@@UAEPAXI@Z 00402595 f i OutputDevice.obj
 0001:00001595       ??_ECOutputDeviceLog@@UAEPAXI@Z 00402595 f i OutputDevice.obj
 0001:000015b5       ?Printf@COutputDevice@@QAAXPBDZZ 004025b5 f   OutputDevice.obj
 0001:00001626       ?Register@COutputDevice@@QAEXXZ 00402626 f   OutputDevice.obj
 0001:00001682       ?Unregister@COutputDevice@@QAEXXZ 00402682 f   OutputDevice.obj
 0001:000016d5       ?appPrintf@@YAXPBDZZ       004026d5 f   OutputDevice.obj
 0001:0000180c       ?appWPrintf@@YAXPBDZZ      0040280c f   OutputDevice.obj
 0001:0000186f       ??0COutputDeviceMemTail@@QAE@H@Z 0040286f f i ErrorMgr.obj
 0001:000018a0       ?Write@COutputDeviceMemTail@@UAEXPBD@Z 004028a0 f i ErrorMgr.obj
 0001:000019bc       ??_ECOutputDeviceMemTail@@UAEPAXI@Z 004029bc f i ErrorMgr.obj
 0001:000019bc       ??_GCOutputDeviceMemTail@@UAEPAXI@Z 004029bc f i ErrorMgr.obj
 0001:000019db       ??1COutputDeviceMemTail@@UAE@XZ 004029db f i ErrorMgr.obj
 0001:00001a24       ??0COutputDeviceFile@@QAE@XZ 00402a24 f i ErrorMgr.obj
 0001:00001a39       ?Write@COutputDeviceFile@@UAEXPBD@Z 00402a39 f i ErrorMgr.obj
 0001:00001a90       ?Flush@COutputDeviceFile@@UAEXXZ 00402a90 f i ErrorMgr.obj
 0001:00001aa0       ?Close@COutputDeviceFile@@UAEXXZ 00402aa0 f i ErrorMgr.obj
 0001:00001ab8       ??_GCOutputDeviceFile@@UAEPAXI@Z 00402ab8 f i ErrorMgr.obj
 0001:00001ab8       ??_ECOutputDeviceFile@@UAEPAXI@Z 00402ab8 f i ErrorMgr.obj
 0001:00001ad7       ??1COutputDeviceFile@@UAE@XZ 00402ad7 f i ErrorMgr.obj
 0001:00001b16       ?appBeginError@@YAPAVCOutputDevice@@PBD@Z 00402b16 f   ErrorMgr.obj
 0001:00001be0       ?appGetErrorLog@@YAPAVCOutputDevice@@XZ 00402be0 f   ErrorMgr.obj
 0001:00001c4b       ?Open@COutputDeviceFile@@QAEXPBD_N@Z 00402c4b f i ErrorMgr.obj
 0001:00001c91       ?appFatalError@@YAXPBDZZ   00402c91 f   ErrorMgr.obj
 0001:00001ce7       ?appNonFatalError@@YAXPBDZZ 00402ce7 f   ErrorMgr.obj
 0001:00001d49       ?appUnwindPrefix@@YAXPBD@Z 00402d49 f   ErrorMgr.obj
 0001:00001dfb       ?appUnwindThrow@@YAXPBDZZ  00402dfb f   ErrorMgr.obj
 0001:00001e71       ?Reset@CErrorHandler@@QAEXXZ 00402e71 f   ErrorMgr.obj
 0001:00001ea1       ?appInitError@@YAXXZ       00402ea1 f   ErrorMgr.obj
 0001:00001f96       ?appShutdownError@@YAXXZ   00402f96 f   ErrorMgr.obj
 0001:00002020       ?GetTail@COutputDeviceMemTail@@QAEPBDH@Z 00403020 f i ErrorMgr.obj
 0001:00002046       ?sprintf@?$TString@$0CAA@@@QAAHPBDZZ 00403046 f i ErrorMgr.obj
 0001:0000206d       ?win32ExceptFilter@@YGJPAU_EXCEPTION_POINTERS@@@Z 0040306d f   ExceptHandlerWin32.obj
 0001:00002210       ?win32ExceptFilter2@@YAIXZ 00403210 f   ExceptHandlerWin32.obj
 0001:00002219       ?sprintf@?$TString@$0EAA@@@QAAHPBDZZ 00403219 f i ExceptHandlerWin32.obj
 0001:00002240       ?DumpRegs@@YAXPAVCOutputDevice@@PAU_CONTEXT@@@Z 00403240 f   ExceptDumpers.obj
 0001:00002351       ?DumpMem@@YAXPAVCOutputDevice@@PBIPAU_CONTEXT@@@Z 00403351 f   ExceptDumpers.obj
 0001:00002590       ?UnwindEbpFrame@@YAXPAVCOutputDevice@@PBI@Z 00403590 f   ExceptDumpers.obj
 0001:00002621       ?GetLine@CSimpleParser@@QAEPBDXZ 00403621 f   ScriptParser.obj
 0001:00002738       ?SkipBraces@CSimpleParser@@QAEPBDXZ 00403738 f   ScriptParser.obj
 0001:0000276e       ?appStricmp@@YAHPBD0@Z     0040376e f   Strings.obj
 0001:000027a5       ?toLower@@YADD@Z           004037a5 f i Strings.obj
 0001:000027c0       ?appStrncpylwr@@YAXPADPBDH@Z 004037c0 f   Strings.obj
 0001:000027f8       ?appStrncpyz@@YAXPADPBDH@Z 004037f8 f   Strings.obj
 0001:00002825       ?appStrcatn@@YAXPADHPBD@Z  00403825 f   Strings.obj
 0001:00002851       ?appCopyFilename@@YAXPADPBDH@Z 00403851 f   Strings.obj
 0001:00002979       ?appCStrlen@@YAHPBD@Z      00403979 f   Strings.obj
 0001:000029a1       ?appUncolorizeString@@YAXPADPBD@Z 004039a1 f   Strings.obj
 0001:000029d3       ?va@@YAPBDPBDZZ            004039d3 f   Strings.obj
 0001:00002ac7       ?appSprintf@@YAHPADHPBDZZ  00403ac7 f   Strings.obj
 0001:00002b66       ?appMatchWildcard@@YA_NPBD0_N@Z 00403b66 f   Strings.obj
 0001:00002daa       ?appIsWildcard@@YA_NPBD@Z  00403daa f   Strings.obj
 0001:00002dd6       ?appStrdup@@YAPADPBD@Z     00403dd6 f   Strings.obj
 0001:00002e17       ?appStrdup@@YAPADPBDPAVCMemoryChain@@@Z 00403e17 f   Strings.obj
 0001:00002e4c       ??0CStringItem@@QAE@XZ     00403e4c f   Strings.obj
 0001:00002e57       ??2CStringItem@@SAPAXIPBD@Z 00403e57 f   Strings.obj
 0001:00002ef1       ??2CStringItem@@SAPAXIPBDPAVCMemoryChain@@@Z 00403ef1 f   Strings.obj
 0001:00002f66       ?Find@CStringList@@IAEPAVCStringItem@@PBDPAPAV2@@Z 00403f66 f   Strings.obj
 0001:00002ff1       ?Find@CStringList@@IAEPAVCStringItem@@H@Z 00403ff1 f   Strings.obj
 0001:0000305d       ?IndexOf@CStringList@@QAEHPBD@Z 0040405d f   Strings.obj
 0001:000030df       ?Remove@CStringList@@QAE_NPAVCStringItem@@@Z 004040df f   Strings.obj
 0001:00003163       ?Add@CTextContainer@@QAEPAUCTextRec@@PBD@Z 00404163 f   TextContainer.obj
 0001:0000320f       ?Enumerate@CTextContainer@@QAEXP6AXPBUCTextRec@@@Z@Z 0040420f f   TextContainer.obj
 0001:0000327b       ?SubtractPath@@YAPBDPBD0@Z 0040427b f   FileSystem.obj
 0001:00003313       ?appMakeDirectoryForFile@@YAXPBD@Z 00404313 f   FileSystem.obj
 0001:00003349       ?appOpenFile@@YAPAVCFile@@PBD@Z 00404349 f   FileSystem.obj
 0001:00003386       ?Read@CFileOS@@UAEHPAXH@Z  00404386 f i FileSystem.obj
 0001:000033ad       ?GetSize@CFileOS@@UAEHXZ   004043ad f i FileSystem.obj
 0001:000033f8       ?Eof@CFileOS@@UAE_NXZ      004043f8 f i FileSystem.obj
 0001:0000340c       ??_ECFileOS@@UAEPAXI@Z     0040440c f i FileSystem.obj
 0001:0000340c       ??_GCFileOS@@UAEPAXI@Z     0040440c f i FileSystem.obj
 0001:00003441       ??_GCFile@@UAEPAXI@Z       00404441 f i FileSystem.obj
 0001:00003441       ??_ECFile@@UAEPAXI@Z       00404441 f i FileSystem.obj
 0001:00003461       ?ReadByte@CFile@@QAEEXZ    00404461 f   FileSystem.obj
 0001:00003479       ?ReadInt@CFile@@QAEHXZ     00404479 f   FileSystem.obj
 0001:00003491       ?ReadString@CFile@@QAEXPADH@Z 00404491 f   FileSystem.obj
 0001:000034ce       ?GetType@CFileContainer@@MAEPBDXZ 004044ce f   FileSystem.obj
 0001:000034d4       ?Mount@CFileSystem@@QAEXAAVCFileContainer@@PBD@Z 004044d4 f   FileSystem.obj
 0001:0000352a       ?Umount@CFileSystem@@QAEXAAVCFileContainer@@@Z 0040452a f   FileSystem.obj
 0001:00003564       ?MountDirectory@CFileSystem@@QAEPAVCFileContainer@@PBD0@Z 00404564 f   FileSystem.obj
 0001:000035a9       ?GetType@CFileContainerOS@@MAEPBDXZ 004045a9 f i FileSystem.obj
 0001:000035af       ?FileExists@CFileContainerOS@@UAE_NPBD@Z 004045af f i FileSystem.obj
 0001:000035d9       ?OpenFile@CFileContainerOS@@UAEPAVCFile@@PBD@Z 004045d9 f i FileSystem.obj
 0001:000035f9       ?List@CFileContainerOS@@UAEXAAVCFileList@@PBDI@Z 004045f9 f i FileSystem.obj
 0001:00003622       ??_GCFileContainerOS@@UAEPAXI@Z 00404622 f i FileSystem.obj
 0001:00003622       ??_ECFileContainerOS@@UAEPAXI@Z 00404622 f i FileSystem.obj
 0001:00003642       ??_GCFileContainer@@UAEPAXI@Z 00404642 f i FileSystem.obj
 0001:00003642       ??_ECFileContainer@@UAEPAXI@Z 00404642 f i FileSystem.obj
 0001:00003662       ?MountArchive@CFileSystem@@QAEPAVCFileContainer@@PBD0@Z 00404662 f   FileSystem.obj
 0001:00003779       ?Mount@CFileSystem@@QAEXPBD0@Z 00404779 f   FileSystem.obj
 0001:000039aa       ?Umount@CFileSystem@@QAEXPBD@Z 004049aa f   FileSystem.obj
 0001:00003a46       ?List@CFileSystem@@UAEPAVCFileList@@PBDIPAV2@@Z 00404a46 f   FileSystem.obj
 0001:00003c00       ?RegisterFormat@CFileSystem@@SAXP6APAVCFileContainer@@PBDPAU_iobuf@@@Z@Z 00404c00 f   FileSystem.obj
 0001:00003c44       ?FileExists@CFileSystem@@UAE_NPBDI@Z 00404c44 f   FileSystem.obj
 0001:00003cc3       ?OpenFile@CFileSystem@@UAEPAVCFile@@PBDI@Z 00404cc3 f   FileSystem.obj
 0001:00003d67       ?LoadFile@CFileSystem@@QAEPAXPBDPAI@Z 00404d67 f   FileSystem.obj
 0001:00003e37       ?cMount@@YAX_NHPAPAD@Z     00404e37 f   FileSystem.obj
 0001:00003f75       ?cUmount@@YAX_NHPAPAD@Z    00404f75 f   FileSystem.obj
 0001:00003fa4       ?appInitFileSystem@@YAXAAVCFileSystem@@@Z 00404fa4 f   FileSystem.obj
 0001:00004398       ?appListDirectory@@YAXPBDAAVCFileList@@I@Z 00405398 f   FileSystemWin32.obj
 0001:000045de       ?appMakeDirectory@@YAXPBD@Z 004055de f   FileSystemWin32.obj
 0001:00004648       ?appFileType@@YAIPBD@Z     00405648 f   FileSystemWin32.obj
 0001:00004688       ?FindDir@CFileContainerArc@@IAEPAVFDirInfo@1@PBD_N@Z 00405688 f   FileContainerArc.obj
 0001:00004741       ?FindFile@CFileContainerArc@@IAEPAVCStringItem@@PBD@Z 00405741 f   FileContainerArc.obj
 0001:000047ab       ?FileExists@CFileContainerArc@@UAE_NPBD@Z 004057ab f   FileContainerArc.obj
 0001:000047c0       ?OpenFile@CFileContainerArc@@UAEPAVCFile@@PBD@Z 004057c0 f   FileContainerArc.obj
 0001:000047df       ?List@CFileContainerArc@@UAEXAAVCFileList@@PBDI@Z 004057df f   FileContainerArc.obj
 0001:0000494a       ??E?$TStringSplitter@$0BAA@$0CP@@@QAEXXZ 0040594a f i FileContainerArc.obj
 0001:000049cc       ?GetLength@CVec3@@QAEMXZ   004059cc f   Math3D.obj
 0001:000049f7       ?Normalize@CVec3@@QAEMXZ   004059f7 f   Math3D.obj
 0001:00004a49       ?VectorNormalize@@YAMABUCVec3@@AAU1@@Z 00405a49 f   Math3D.obj
 0001:00004ab3       ?NormalizeFast@CVec3@@QAEMXZ 00405ab3 f   Math3D.obj
 0001:00004b04       ?FindAxisVectors@CVec3@@QBEXAAU1@0@Z 00405b04 f   Math3D.obj
 0001:00004b74       ?cross@@YAXABUCVec3@@0AAU1@@Z 00405b74 f   Math3D.obj
 0001:00004bb0       ?VectorDistance@@YAMABUCVec3@@0@Z 00405bb0 f   Math3D.obj
 0001:00004bdf       ?Setup@CPlane@@QAEXXZ      00405bdf f   Math3D.obj
 0001:00004c8d       ?Clear@CBox@@QAEXXZ        00405c8d f   Math3D.obj
 0001:00004cab       ?Expand@CBox@@QAEXABUCVec3@@@Z 00405cab f   Math3D.obj
 0001:00004cdd       ?Expand@CBox@@QAEXABU1@@Z  00405cdd f   Math3D.obj
 0001:00004d1c       ?GetCenter@CBox@@QBEXAAUCVec3@@@Z 00405d1c f   Math3D.obj
 0001:00004d3f       ?Contains@CBox@@QBE_NABUCVec3@@@Z 00405d3f f   Math3D.obj
 0001:00004d73       ?Intersects@CBox@@QBE_NABU1@@Z 00405d73 f   Math3D.obj
 0001:00004db2       ?OnPlaneSide@CBox@@QBEHABUCPlane@@@Z 00405db2 f   Math3D.obj
 0001:00004ee1       ?FromEuler@CAxis@@QAEXABUCVec3@@@Z 00405ee1 f   Math3D.obj
 0001:00004f20       ?TransformVector@CAxis@@QBEXABUCVec3@@AAU2@@Z 00405f20 f   Math3D.obj
 0001:00004f73       ?UnTransformVector@CAxis@@QBEXABUCVec3@@AAU2@@Z 00405f73 f   Math3D.obj
 0001:00004fd7       ?TransformAxis@CAxis@@QBEXABU1@AAU1@@Z 00405fd7 f   Math3D.obj
 0001:0000501d       ?UnTransformAxis@CAxis@@QBEXABU1@AAU1@@Z 0040601d f   Math3D.obj
 0001:00005063       ?TransformPoint@CCoords@@QBEXABUCVec3@@AAU2@@Z 00406063 f   Math3D.obj
 0001:000050c3       ?UnTransformPoint@CCoords@@QBEXABUCVec3@@AAU2@@Z 004060c3 f   Math3D.obj
 0001:00005130       ?UnTransformCoords@CCoords@@QBEXABU1@AAU1@@Z 00406130 f   Math3D.obj
 0001:0000515c       ?TransformPlane@CCoords@@QBEXABUCPlane@@AAU2@@Z 0040615c f   Math3D.obj
 0001:00005196       ?TransformPoint@@YAXABUCVec3@@ABUCAxis@@0AAU1@@Z 00406196 f   Math3D.obj
 0001:000051f9       ?UnTransformPoint@@YAXABUCVec3@@ABUCAxis@@0AAU1@@Z 004061f9 f   Math3D.obj
 0001:00005269       ?Euler2Vecs@@YAXABUCVec3@@PAU1@11@Z 00406269 f   Math3D.obj
 0001:000053c9       ?Vec2Euler@@YAXABUCVec3@@AAU1@@Z 004063c9 f   Math3D.obj
 0001:000054cc       ?Vec2Yaw@@YAMABUCVec3@@@Z  004064cc f   Math3D.obj
 0001:0000553f       ?appRsqrt@@YAMM@Z          0040653f f   MathMisc.obj
 0001:0000556b       ?NormalizeColor@@YAMABUCVec3@@AAU1@@Z 0040656b f   MathMisc.obj
 0001:000055c9       ?NormalizeColor255@@YAMABUCVec3@@AAU1@@Z 004065c9 f   MathMisc.obj
 0001:0000562b       ?SCR_StopCinematic@@YAXXZ  0040662b f   cl_cin.obj
 0001:000056bf       ?SCR_DrawCinematic@@YA_NXZ 004066bf f   cl_cin.obj
 0001:00005ab6       ?SCR_PlayCinematic@@YAXPBD@Z 00406ab6 f   cl_cin.obj
 0001:00005e0d       ?sprintf@?$TString@$0EA@@@QAAHPBDZZ 00406e0d f i cl_cin.obj
 0001:00005e2e       ?CL_Download_f@@YAX_NHPAPAD@Z 00406e2e f   cl_download.obj
 0001:000061db       ?CL_ParseDownload@@YAXXZ   004071db f   cl_download.obj
 0001:00006a0a       ?CL_Precache_f@@YAXHPAPAD@Z 00407a0a f   cl_download.obj
 0001:00006a65       ?sprintf@?$TString@$0IA@@@QAAHPBDZZ 00407a65 f i cl_download.obj
 0001:00006a89       ?CL_ParseDelta@@YAXPAUclEntityState_t@@0HI_N@Z 00407a89 f   cl_ents.obj
 0001:00006c09       ?CL_ParseFrame@@YAXXZ      00407c09 f   cl_ents.obj
 0001:000072be       ?CL_AddEntityBox@@YAXPAUclEntityState_t@@I@Z 004082be f   cl_ents.obj
 0001:000073c2       ?Lerp@@YAXABUCVec3@@0MAAU1@@Z 004083c2 f i cl_ents.obj
 0001:000073f9       ?OffsetThirdPersonView@@YAXXZ 004083f9 f   cl_ents.obj
 0001:000074e1       ?CL_AddEntities@@YAXXZ     004084e1 f   cl_ents.obj
 0001:00008422       ?CL_ClearLightStyles@@YAXXZ 00409422 f   cl_fx.obj
 0001:000084a4       ?CL_SetLightstyle@@YAXHPBD@Z 004094a4 f   cl_fx.obj
 0001:00008505       ?CL_AllocDlight@@YAPAUcdlight_t@@HABUCVec3@@@Z 00409505 f   cl_fx.obj
 0001:00008570       ?CL_AllocParticleTrace@@YAPAUparticleTrace_t@@ABUCVec3@@0MM@Z 00409570 f   cl_fx.obj
 0001:000085ff       ?CL_AllocParticleBeam@@YAPAUbeam_t@@ABUCVec3@@0MM@Z 004095ff f   cl_fx.obj
 0001:00008674       ?CL_AllocParticle@@YAPAUparticle_t@@XZ 00409674 f   cl_fx.obj
 0001:000086c7       ?CL_MetalSparks@@YAXABUCVec3@@0H@Z 004096c7 f   cl_fx.obj
 0001:000087c5       ?CL_AddEffects@@YAXXZ      004097c5 f   cl_fx.obj
 0001:00008eb3       ?CL_ClearEffects@@YAXXZ    00409eb3 f   cl_fx.obj
 0001:00008f35       ?CL_EntityEvent@@YAXPAUclEntityState_t@@@Z 00409f35 f   cl_fx.obj
 0001:000090ec       ?CL_ParseMuzzleFlash@@YAXXZ 0040a0ec f   cl_fx.obj
 0001:0000945c       ?CL_ParseMuzzleFlash2@@YAXXZ 0040a45c f   cl_fx.obj
 0001:000098d2       ?CL_ParticleEffect@@YAXABUCVec3@@0HH@Z 0040a8d2 f   cl_fx.obj
 0001:00009abb       ?CL_ParticleEffect2@@YAXABUCVec3@@0HH@Z 0040aabb f   cl_fx.obj
 0001:00009ae3       ?CL_ParticleEffect3@@YAXABUCVec3@@0HH@Z 0040aae3 f   cl_fx.obj
 0001:00009b0b       ?CL_TeleporterParticles@@YAXPAUclEntityState_t@@@Z 0040ab0b f   cl_fx.obj
 0001:00009b2d       ?CL_LogoutEffect@@YAXABUCVec3@@H@Z 0040ab2d f   cl_fx.obj
 0001:00009b65       ?CL_ItemRespawnParticles@@YAXABUCVec3@@@Z 0040ab65 f   cl_fx.obj
 0001:00009b83       ?CL_ExplosionParticles@@YAXABUCVec3@@@Z 0040ab83 f   cl_fx.obj
 0001:00009ba4       ?CL_BFGExplosionParticles@@YAXABUCVec3@@@Z 0040aba4 f   cl_fx.obj
 0001:00009bc5       ?CL_TrackerExplosionParticles@@YAXABUCVec3@@@Z 0040abc5 f   cl_fx.obj
 0001:00009be6       ?CL_BlasterParticles@@YAXABUCVec3@@0I@Z 0040abe6 f   cl_fx.obj
 0001:00009c0d       ?CL_BlasterTrail@@YAXAAUcentity_t@@@Z 0040ac0d f   cl_fx.obj
 0001:00009d14       ?CL_BlasterTrail2@@YAXAAUcentity_t@@@Z 0040ad14 f   cl_fx.obj
 0001:00009d2b       ?CL_FlagTrail@@YAXAAUcentity_t@@H@Z 0040ad2b f   cl_fx.obj
 0001:00009d4a       ?CL_RocketTrail@@YAXAAUcentity_t@@@Z 0040ad4a f   cl_fx.obj
 0001:00009d89       ?CL_BubbleTrail@@YAXABUCVec3@@0@Z 0040ad89 f   cl_fx.obj
 0001:00009e25       ?CL_BubbleTrail2@@YAXABUCVec3@@0@Z 0040ae25 f   cl_fx.obj
 0001:00009e3f       ?CL_TagTrail@@YAXAAUcentity_t@@@Z 0040ae3f f   cl_fx.obj
 0001:00009e56       ?CL_DebugTrail@@YAXABUCVec3@@0@Z 0040ae56 f   cl_fx.obj
 0001:00009e70       ?CL_ForceWall@@YAXABUCVec3@@0H@Z 0040ae70 f   cl_fx.obj
 0001:00009e92       ?CL_BigTeleportParticles@@YAXABUCVec3@@@Z 0040ae92 f   cl_fx.obj
 0001:00009fcd       ?CL_BfgParticles@@YAXABUCVec3@@@Z 0040afcd f   cl_fx.obj
 0001:0000a147       ?CL_FlyEffect@@YAXAAUcentity_t@@@Z 0040b147 f   cl_fx.obj
 0001:0000a2d3       ?CL_DiminishingTrail@@YAXAAUcentity_t@@H@Z 0040b2d3 f   cl_fx.obj
 0001:0000a42d       ?CL_RailTrail@@YAXABUCVec3@@0@Z 0040b42d f   cl_fx.obj
 0001:0000a59f       ?CL_RailTrailExt@@YAXABUCVec3@@0EE@Z 0040b59f f   cl_fx.obj
 0001:0000a6e4       ?CL_IonripperTrail@@YAXAAUcentity_t@@@Z 0040b6e4 f   cl_fx.obj
 0001:0000a83e       ?CL_TrapParticles@@YAXABUCVec3@@@Z 0040b83e f   cl_fx.obj
 0001:0000a9b1       ?CL_TeleportParticles@@YAXABUCVec3@@@Z 0040b9b1 f   cl_fx.obj
 0001:0000aae7       ?CL_Heatbeam@@YAXABUCVec3@@0@Z 0040bae7 f   cl_fx.obj
 0001:0000ad8d       ?CL_ParticleSteamEffect@@YAXABUCVec3@@0HHH@Z 0040bd8d f   cl_fx.obj
 0001:0000aec3       ?CL_ParticleSmokeEffect@@YAXABUCVec3@@0@Z 0040bec3 f   cl_fx.obj
 0001:0000afdc       ?CL_TrackerTrail@@YAXAAUcentity_t@@@Z 0040bfdc f   cl_fx.obj
 0001:0000b156       ?CL_TrackerShell@@YAXABUCVec3@@@Z 0040c156 f   cl_fx.obj
 0001:0000b1e2       ?CL_MonsterPlasmaShell@@YAXABUCVec3@@@Z 0040c1e2 f   cl_fx.obj
 0001:0000b26b       ?CL_WidowSplash@@YAXABUCVec3@@@Z 0040c26b f   cl_fx.obj
 0001:0000b34c       ?CL_InitInput@@YAXXZ       0040c34c f   cl_input.obj
 0001:0000b8fa       ?CL_SendCmd@@YAXXZ         0040c8fa f   cl_input.obj
 0001:0000bf19       ?CL_WriteDemoMessage@@YAXXZ 0040cf19 f   cl_main.obj
 0001:0000bf5b       ?Cmd_ForwardToServer@@YAXHPAPAD@Z 0040cf5b f   cl_main.obj
 0001:0000c020       ?CL_ForwardToServer_f@@YAXHPAPAD@Z 0040d020 f   cl_main.obj
 0001:0000c069       ?CL_Pause@@YAX_N@Z         0040d069 f   cl_main.obj
 0001:0000c0ae       ?CL_Drop@@YAX_N@Z          0040d0ae f   cl_main.obj
 0001:0000c0d9       ?CL_SendConnectPacket@@YAXXZ 0040d0d9 f   cl_main.obj
 0001:0000c13f       ?CL_Connect_f@@YAX_NHPAPAD@Z 0040d13f f   cl_main.obj
 0001:0000c1ac       ?CL_Rcon_f@@YAXHPAPAD@Z    0040d1ac f   cl_main.obj
 0001:0000c298       ?CL_Disconnect@@YAXXZ      0040d298 f   cl_main.obj
 0001:0000c443       ?CL_Disconnect_f@@YAXXZ    0040d443 f   cl_main.obj
 0001:0000c44d       ?CL_Changing_f@@YAXXZ      0040d44d f   cl_main.obj
 0001:0000c475       ?CL_Reconnect_f@@YAXXZ     0040d475 f   cl_main.obj
 0001:0000c511       ?CL_PingServers_f@@YAXXZ   0040d511 f   cl_main.obj
 0001:0000c8cc       ?CL_ConnectionlessPacket@@YAXXZ 0040d8cc f   cl_main.obj
 0001:0000c9c9       ?CL_Userinfo_f@@YAXXZ      0040d9c9 f   cl_main.obj
 0001:0000c9e4       ?CL_RegisterSounds@@YAXXZ  0040d9e4 f   cl_main.obj
 0001:0000ca23       ?CL_Snd_Restart_f@@YAXXZ   0040da23 f   cl_main.obj
 0001:0000ca32       ?CL_WriteConfiguration@@YAXPBD@Z 0040da32 f   cl_main.obj
 0001:0000cb19       ?CL_WriteConfig_f@@YAX_NHPAPAD@Z 0040db19 f   cl_main.obj
 0001:0000cb83       ?CL_FixCvarCheats@@YAXXZ   0040db83 f   cl_main.obj
 0001:0000cbd4       ?CL_Frame@@YAXMM@Z         0040dbd4 f   cl_main.obj
 0001:0000d03c       ?CL_ClearState@@YAXXZ      0040e03c f   cl_main.obj
 0001:0000d07a       ?CL_Init@@YAXXZ            0040e07a f   cl_main.obj
 0001:0000d529       ?CL_Shutdown@@YAXXZ        0040e529 f   cl_main.obj
 0001:0000d585       ?CL_ParseClientinfo@@YAXH@Z 0040e585 f   cl_parse.obj
 0001:0000d63d       ?CL_UpdatePlayerClientInfo@@YAXXZ 0040e63d f   cl_parse.obj
 0001:0000d67e       ?CL_ParseServerMessage@@YAXXZ 0040e67e f   cl_parse.obj
 0001:0000de64       ?FreePlayerModelsInfo@@YAXXZ 0040ee64 f   cl_playermodel.obj
 0001:0000de8a       ?ScanPlayerModels@@YA_NXZ  0040ee8a f   cl_playermodel.obj
 0001:0000e284       ?RunAnimation@@YAXAAUclientInfo_t@@AAUanimState_t@@H@Z 0040f284 f   cl_playermodel.obj
 0001:0000e472       ?CL_LoadClientinfo@@YAXAAUclientInfo_t@@PBD_N@Z 0040f472 f   cl_playermodel.obj
 0001:0000f0fe       ?ParsePlayerEntity@@YAHAAUcentity_t@@AAUclientInfo_t@@PAUclEntityState_t@@ABUentity_t@@PAU4@HH@Z 004100fe f   cl_playermodel.obj
 0001:0000fc6d       ?CreateAndInsert@?$TList@VCStringItem@@@@QAEPAVCStringItem@@PBDPAVCMemoryChain@@@Z 00410c6d f i cl_playermodel.obj
 0001:0000fca5       ?Insert@?$TList@VshaderScript_t@OpenGLDrv@@@@QAE_NPAVshaderScript_t@OpenGLDrv@@@Z 00410ca5 f i cl_playermodel.obj
 0001:0000fca5       ?Insert@?$TList@VCStringItem@@@@QAE_NPAVCStringItem@@@Z 00410ca5 f i cl_playermodel.obj
 0001:0000fca5       ?Insert@?$TList@VplayerModelInfo_t@@@@QAE_NPAVplayerModelInfo_t@@@Z 00410ca5 f i cl_playermodel.obj
 0001:0000fcdb       ?CL_CheckPredictionError@@YAXXZ 00410cdb f   cl_pred.obj
 0001:0000fe6e       ?CL_EntityTrace@@YAXAAUtrace_t@@ABUCVec3@@1ABUCBox@@H@Z 00410e6e f   cl_pred.obj
 0001:000101c8       ?CL_Trace@@YAXAAUtrace_t@@ABUCVec3@@1ABUCBox@@H@Z 004111c8 f   cl_pred.obj
 0001:00010279       ?CL_PMpointcontents@@YAHABUCVec3@@@Z 00411279 f   cl_pred.obj
 0001:0001040f       ?CL_PredictMovement@@YAXXZ 0041140f f   cl_pred.obj
 0001:000107d6       ?DrawString@@YAXHHPBD@Z    004117d6 f   cl_scrn.obj
 0001:0001081b       ?SCR_DebugGraph@@YAXMH@Z   0041181b f   cl_scrn.obj
 0001:00010845       ?SCR_CenterPrint@@YAXPBD@Z 00411845 f   cl_scrn.obj
 0001:0001094b       ?Key_Message@@YAXH@Z       0041194b f   cl_scrn.obj
 0001:000109eb       ?SCR_SetLevelshot@@YAXPBD@Z 004119eb f   cl_scrn.obj
 0001:00010ae6       ?SCR_BeginLoadingPlaque@@YAX_N@Z 00411ae6 f   cl_scrn.obj
 0001:00010b7c       ?SCR_EndLoadingPlaque@@YAX_N@Z 00411b7c f   cl_scrn.obj
 0001:00010c01       ?SCR_LoadingNotify@@YAXPBDM@Z 00411c01 f   cl_scrn.obj
 0001:00010c2a       ?SCR_ShowConsole@@YAX_N0@Z 00411c2a f   cl_scrn.obj
 0001:00010cef       ?SCR_ToggleConsole@@YAXXZ  00411cef f   cl_scrn.obj
 0001:00010d17       ?SCR_TouchPics@@YAXXZ      00411d17 f   cl_scrn.obj
 0001:00010d6b       ?SCR_UpdateScreen@@YAXXZ   00411d6b f   cl_scrn.obj
 0001:000120f3       ?SCR_Init@@YAXXZ           004130f3 f   cl_scrn.obj
 0001:00012424       ?sprintf@?$TString@$0BA@@@QAAHPBDZZ 00413424 f i cl_scrn.obj
 0001:00012445       ?CL_RegisterTEntSounds@@YAXXZ 00413445 f   cl_tent.obj
 0001:0001269a       ?CL_RegisterTEntModels@@YAXXZ 0041369a f   cl_tent.obj
 0001:000127eb       ?CL_ClearTEnts@@YAXXZ      004137eb f   cl_tent.obj
 0001:0001281c       ?CL_SmokeAndFlash@@YAXABUCVec3@@@Z 0041381c f   cl_tent.obj
 0001:000129b4       ?CL_ParseTEnt@@YAXXZ       004139b4 f   cl_tent.obj
 0001:00013cda       ?CL_AddTEnts@@YAXXZ        00414cda f   cl_tent.obj
 0001:000146df       ?V_AddEntity@@YAXPAUentity_t@@@Z 004156df f   cl_view.obj
 0001:0001471d       ?V_AddEntity2@@YAXPAUentity_t@@@Z 0041571d f   cl_view.obj
 0001:0001474f       ?AddEntityWithEffects2@@YAXPAUentity_t@@I@Z 0041574f f   cl_view.obj
 0001:000147f0       ?AddEntityWithEffects@@YAXPAUentity_t@@I@Z 004157f0 f   cl_view.obj
 0001:00014811       ?V_AddLight@@YAXABUCVec3@@MMMM@Z 00415811 f   cl_view.obj
 0001:00014856       ?V_TestEntities@@YAXXZ     00415856 f   cl_view.obj
 0001:00014983       ?V_TestLights@@YAXXZ       00415983 f   cl_view.obj
 0001:00014a59       ?V_InitRenderer@@YAXXZ     00415a59 f   cl_view.obj
 0001:00014e7a       ?CalcFov@@YAMMMM@Z         00415e7a f   cl_view.obj
 0001:00014ee8       ?V_RenderView@@YA_NXZ      00415ee8 f   cl_view.obj
 0001:00015c84       ?V_Init@@YAXXZ             00416c84 f   cl_view.obj
 0001:00015d33       ?Con_ClearNotify@@YAXXZ    00416d33 f   console.obj
 0001:00015d42       ?Con_CheckResize@@YAXXZ    00416d42 f   console.obj
 0001:00015e69       ?Write@COutputDeviceCon@@UAEXPBD@Z 00416e69 f   console.obj
 0001:0001606f       ?Con_DrawNotify@@YAX_N@Z   0041706f f   console.obj
 0001:00016245       ?Con_DrawConsole@@YAXM@Z   00417245 f   console.obj
 0001:000164f9       ?Con_ClearTyping@@YAXXZ    004174f9 f   console.obj
 0001:00016512       ?Key_Console@@YAXHH@Z      00417512 f   console.obj
 0001:0001695f       ?Con_Init@@YAXXZ           0041795f f   console.obj
 0001:00016acd       ?Key_KeynumToString@@YAPBDH@Z 00417acd f   keys.obj
 0001:00016b93       ?Draw@completeMenu_t@@UAEXXZ 00417b93 f i keys.obj
 0001:00016bc4       ?KeyDown@completeMenu_t@@UAEPBDH@Z 00417bc4 f i keys.obj
 0001:00016bf0       ?Init@completeMenu_t@@UAE_NXZ 00417bf0 f i keys.obj
 0001:00016d17       ?CompleteMenuCallback@completeMenu_t@@SAXPAX@Z 00417d17 f i keys.obj
 0001:00016da8       ?CompleteCommand@@YAXXZ    00417da8 f   keys.obj
 0001:000174b9       ?Key_SetBinding@@YAXHPBD@Z 004184b9 f   keys.obj
 0001:000174f9       ?Key_FindBinding@@YAHPBDPAHH@Z 004184f9 f   keys.obj
 0001:00017547       ?Key_WriteBindings@@YAXPAVCOutputDevice@@@Z 00418547 f   keys.obj
 0001:00017591       ?Key_Init@@YAXXZ           00418591 f   keys.obj
 0001:00017875       ?Key_Event@@YAXH_N@Z       00418875 f   keys.obj
 0001:00017bd4       ?Key_ClearStates@@YAXXZ    00418bd4 f   keys.obj
 0001:00017c09       ?M_ForceMenuOn@@YAXXZ      00418c09 f   menu.obj
 0001:00017c28       ?Draw@menuMain_t@@UAEXXZ   00418c28 f i menu.obj
 0001:00017d64       ?KeyDown@menuMain_t@@UAEPBDH@Z 00418d64 f i menu.obj
 0001:00017e25       ?Init@menuMain_t@@UAE_NXZ  00418e25 f i menu.obj
 0001:00017e2d       ?M_Menu_Main_f@@YAXXZ      00418e2d f   menu.obj
 0001:00017e47       ?Init@multiplayerMenu_t@@UAE_NXZ 00418e47 f i menu.obj
 0001:00017f6b       ?Init@keysMenu_t@@UAE_NXZ  00418f6b f i menu.obj
 0001:00018159       ?KeyCursorDrawFunc@keysMenu_t@@SAXPAUmenuFramework_t@@@Z 00419159 f i menu.obj
 0001:0001819c       ?DrawKeyBindingFunc@keysMenu_t@@SAXPAX@Z 0041919c f i menu.obj
 0001:0001825c       ?KeyDown@keysMenu_t@@UAEPBDH@Z 0041925c f i menu.obj
 0001:00018309       ?UnbindCommand@keysMenu_t@@QAEXPAD@Z 00419309 f i menu.obj
 0001:0001834e       ?KeyBindingFunc@keysMenu_t@@QAEXPAX@Z 0041934e f i menu.obj
 0001:000183b0       ?Init@optionsMenu_t@@UAE_NXZ 004193b0 f i menu.obj
 0001:00018763       ?CrosshairFunc@optionsMenu_t@@SAXPAX@Z 00419763 f i menu.obj
 0001:0001878b       ?JoystickFunc@optionsMenu_t@@SAXPAX@Z 0041978b f i menu.obj
 0001:000187a0       ?AlwaysRunFunc@optionsMenu_t@@SAXPAX@Z 004197a0 f i menu.obj
 0001:000187b5       ?MouseSpeedFunc@optionsMenu_t@@SAXPAX@Z 004197b5 f i menu.obj
 0001:000187d2       ?InvertMouseFunc@optionsMenu_t@@SAXPAX@Z 004197d2 f i menu.obj
 0001:0001880b       ?UpdateVolumeFunc@optionsMenu_t@@SAXPAX@Z 0041980b f i menu.obj
 0001:00018828       ?UpdateCDVolumeFunc@optionsMenu_t@@SAXPAX@Z 00419828 f i menu.obj
 0001:00018842       ?SetMenuItemValues@optionsMenu_t@@SAXXZ 00419842 f i menu.obj
 0001:0001898a       ?ResetDefaultsFunc@optionsMenu_t@@SAXPAX@Z 0041998a f i menu.obj
 0001:0001899f       ?UpdateSoundFunc@optionsMenu_t@@SAXPAX@Z 0041999f f i menu.obj
 0001:00018ba3       ?ScanCrosshairs@optionsMenu_t@@SAXXZ 00419ba3 f i menu.obj
 0001:00018c00       ?Draw@optionsMenu_t@@UAEXXZ 00419c00 f i menu.obj
 0001:00018c65       ?Draw@creditsMenu_t@@UAEXXZ 00419c65 f i menu.obj
 0001:00018d0c       ?KeyDown@creditsMenu_t@@UAEPBDH@Z 00419d0c f i menu.obj
 0001:00018d4c       ?Init@creditsMenu_t@@UAE_NXZ 00419d4c f i menu.obj
 0001:00018dcd       ?Init@gameMenu_t@@UAE_NXZ  00419dcd f i menu.obj
 0001:00018f58       ?EasyGameFunc@gameMenu_t@@SAXPAX@Z 00419f58 f i menu.obj
 0001:00018f64       ?StartGame@gameMenu_t@@SAXPBD@Z 00419f64 f i menu.obj
 0001:00018fbf       ?MediumGameFunc@gameMenu_t@@SAXPAX@Z 00419fbf f i menu.obj
 0001:00018fcb       ?HardGameFunc@gameMenu_t@@SAXPAX@Z 00419fcb f i menu.obj
 0001:00018fe7       ?Init@savegameMenu_t@@UAE_NXZ 00419fe7 f i menu.obj
 0001:000190f7       ?Create_Savestrings@savegameMenu_t@@QAEXXZ 0041a0f7 f i menu.obj
 0001:000191b7       ?LoadGameCallback@savegameMenu_t@@SAXPAX@Z 0041a1b7 f i menu.obj
 0001:000191e4       ?SaveGameCallback@savegameMenu_t@@SAXPAX@Z 0041a1e4 f i menu.obj
 0001:00019207       ?Draw@savegameMenu_t@@UAEXXZ 0041a207 f i menu.obj
 0001:00019222       ?DrawSavegameShot@savegameMenu_t@@QAEXHH@Z 0041a222 f i menu.obj
 0001:000192fd       ?Init@joinserverMenu_t@@UAE_NXZ 0041a2fd f i menu.obj
 0001:00019434       ?JoinServerFunc@joinserverMenu_t@@SAXPAX@Z 0041a434 f i menu.obj
 0001:00019499       ?SearchLocalGames@joinserverMenu_t@@SAXXZ 0041a499 f i menu.obj
 0001:00019504       ?M_AddToServerList@@YAXUnetadr_t@@PAD@Z 0041a504 f   menu.obj
 0001:0001958f       ?Init@startserverMenu_t@@UAE_NXZ 0041a58f f i menu.obj
 0001:00019a1d       ?DMOptionsFunc@startserverMenu_t@@SAXPAX@Z 0041aa1d f i menu.obj
 0001:00019a2d       ?RulesChangeFunc@startserverMenu_t@@SAXPAX@Z 0041aa2d f i menu.obj
 0001:00019aa5       ?StartServerActionFunc@startserverMenu_t@@SAXPAX@Z 0041aaa5 f i menu.obj
 0001:00019ad0       ?StartServerFunc@startserverMenu_t@@SAXPBD@Z 0041aad0 f i menu.obj
 0001:00019cac       ?KeyDown@startserverMenu_t@@UAEPBDH@Z 0041acac f i menu.obj
 0001:00019d0b       ?Init@dmoptionsMenu_t@@UAE_NXZ 0041ad0b f i menu.obj
 0001:0001a2e8       ?DMFlagCallback@dmoptionsMenu_t@@SAXPAX@Z 0041b2e8 f i menu.obj
 0001:0001a4c1       ?Init@downloadOptionsMenu_t@@UAE_NXZ 0041b4c1 f i menu.obj
 0001:0001a69b       ?DownloadCallback@downloadOptionsMenu_t@@SAXPAX@Z 0041b69b f i menu.obj
 0001:0001a709       ?Init@addressBookMenu_t@@UAE_NXZ 0041b709 f i menu.obj
 0001:0001a7af       ?KeyDown@addressBookMenu_t@@UAEPBDH@Z 0041b7af f i menu.obj
 0001:0001a80e       ?Init@playerConfigMenu_t@@UAE_NXZ 0041b80e f i menu.obj
 0001:0001ad55       ?HandednessCallback@playerConfigMenu_t@@SAXPAX@Z 0041bd55 f i menu.obj
 0001:0001ad6a       ?RTypeCallback@playerConfigMenu_t@@SAXPAX@Z 0041bd6a f i menu.obj
 0001:0001ad7f       ?RColorCallback@playerConfigMenu_t@@SAXPAX@Z 0041bd7f f i menu.obj
 0001:0001ad94       ?RateCallback@playerConfigMenu_t@@SAXPAX@Z 0041bd94 f i menu.obj
 0001:0001adb7       ?ModelCallback@playerConfigMenu_t@@SAXPAX@Z 0041bdb7 f i menu.obj
 0001:0001adeb       ?SkinCallback@playerConfigMenu_t@@SAXPAX@Z 0041bdeb f i menu.obj
 0001:0001adf3       ?Draw@playerConfigMenu_t@@UAEXXZ 0041bdf3 f i menu.obj
 0001:0001b0d5       ?KeyDown@playerConfigMenu_t@@UAEPBDH@Z 0041c0d5 f i menu.obj
 0001:0001b1b5       ?Init@dmbrowseMenu_t@@UAE_NXZ 0041c1b5 f i menu.obj
 0001:0001b3be       ?KeyDown@dmbrowseMenu_t@@UAEPBDH@Z 0041c3be f i menu.obj
 0001:0001b596       ?Draw@dmbrowseMenu_t@@UAEXXZ 0041c596 f i menu.obj
 0001:0001b6e3       ?DrawThumbnail@dmbrowseMenu_t@@SAXHHHHPBD_N@Z 0041c6e3 f i menu.obj
 0001:0001b7bd       ?Init@videoMenu_t@@UAE_NXZ 0041c7bd f i menu.obj
 0001:0001bd96       ?ScreenSizeCallback@videoMenu_t@@SAXPAX@Z 0041cd96 f i menu.obj
 0001:0001bdb7       ?BrightnessCallback@videoMenu_t@@SAXPAX@Z 0041cdb7 f i menu.obj
 0001:0001bdd8       ?ContrastCallback@videoMenu_t@@SAXPAX@Z 0041cdd8 f i menu.obj
 0001:0001be14       ?CancelChanges@videoMenu_t@@SAXPAX@Z 0041ce14 f i menu.obj
 0001:0001be61       ?KeyDown@videoMenu_t@@UAEPBDH@Z 0041ce61 f i menu.obj
 0001:0001beaa       ?ApplyChanges@videoMenu_t@@SAXPAX@Z 0041ceaa f i menu.obj
 0001:0001c061       ?KeyDown@quitMenu_t@@UAEPBDH@Z 0041d061 f i menu.obj
 0001:0001c09e       ?Draw@quitMenu_t@@UAEXXZ   0041d09e f i menu.obj
 0001:0001c10e       ?M_Init@@YAXXZ             0041d10e f   menu.obj
 0001:0001c2f0       ?ItemAtCursor@menuFramework_t@@QAEPAUmenuCommon_t@@XZ 0041d2f0 f   qmenu.obj
 0001:0001c344       ?AddItem@menuFramework_t@@QAEXPAUmenuCommon_t@@@Z 0041d344 f   qmenu.obj
 0001:0001c400       ?AdjustCursor@menuFramework_t@@QAEXH@Z 0041d400 f   qmenu.obj
 0001:0001c578       ?Center@menuFramework_t@@QAEXXZ 0041d578 f   qmenu.obj
 0001:0001c5b9       ?Draw@menuFramework_t@@UAEXXZ 0041d5b9 f   qmenu.obj
 0001:0001cb72       ?SelectItem@menuFramework_t@@QAE_NXZ 0041db72 f   qmenu.obj
 0001:0001cbd7       ?SetStatusBar@menuFramework_t@@QAEXPBD@Z 0041dbd7 f   qmenu.obj
 0001:0001cbe4       ?SlideItem@menuFramework_t@@QAEXH@Z 0041dbe4 f   qmenu.obj
 0001:0001d182       ?Push@menuFramework_t@@QAEXXZ 0041e182 f   qmenu.obj
 0001:0001d201       ?M_ForceMenuOff@@YAXXZ     0041e201 f   qmenu.obj
 0001:0001d22e       ?Pop@menuFramework_t@@QAEXXZ 0041e22e f   qmenu.obj
 0001:0001d268       ?KeyDown@menuFramework_t@@UAEPBDH@Z 0041e268 f   qmenu.obj
 0001:0001d4e0       ?Init@menuFramework_t@@UAE_NXZ 0041e4e0 f   qmenu.obj
 0001:0001d4e3       ?M_Draw@@YAXXZ             0041e4e3 f   qmenu.obj
 0001:0001d51e       ?M_Keydown@@YAXH@Z         0041e51e f   qmenu.obj
 0001:0001d540       ?InitRendererVars@@YAXXZ   0041e540 f   ref_vars.obj
 0001:0001d55f       ?S_SoundInfo_f@@YAXXZ      0041e55f f   snd_dma.obj
 0001:0001d5d9       ?S_Init@@YAXXZ             0041e5d9 f   snd_dma.obj
 0001:0001d6ab       ?S_Shutdown@@YAXXZ         0041e6ab f   snd_dma.obj
 0001:0001d73e       ?S_BeginRegistration@@YAXXZ 0041e73e f   snd_dma.obj
 0001:0001d74c       ?S_RegisterSound@@YAPAUsfx_t@@PBD@Z 0041e74c f   snd_dma.obj
 0001:0001d8f7       ?S_EndRegistration@@YAXXZ  0041e8f7 f   snd_dma.obj
 0001:0001d980       ?S_PickChannel@@YAPAUchannel_t@@HH@Z 0041e980 f   snd_dma.obj
 0001:0001da0e       ?S_Spatialize@@YAXPAUchannel_t@@@Z 0041ea0e f   snd_dma.obj
 0001:0001dbf0       ?S_AllocPlaysound@@YAPAUplaysound_t@@XZ 0041ebf0 f   snd_dma.obj
 0001:0001dc12       ?S_FreePlaysound@@YAXPAUplaysound_t@@@Z 0041ec12 f   snd_dma.obj
 0001:0001dc45       ?S_IssuePlaysound@@YAXPAUplaysound_t@@@Z 0041ec45 f   snd_dma.obj
 0001:0001dd16       ?S_StartSound@@YAXPBUCVec3@@HHPAUsfx_t@@MMM@Z 0041ed16 f   snd_dma.obj
 0001:0001e0d6       ?S_StartLocalSound@@YAXPBD@Z 0041f0d6 f   snd_dma.obj
 0001:0001e128       ?S_ClearBuffer@@YAXXZ      0041f128 f   snd_dma.obj
 0001:0001e191       ?S_StopAllSounds_f@@YAXXZ  0041f191 f   snd_dma.obj
 0001:0001e201       ?S_AddLoopSounds@@YAXXZ    0041f201 f   snd_dma.obj
 0001:0001e3d7       ?S_RawSamples@@YAXHHHHPAE@Z 0041f3d7 f   snd_dma.obj
 0001:0001e5db       ?S_Update@@YAXABUCVec3@@0@Z 0041f5db f   snd_dma.obj
 0001:0001e6b1       ?GetSoundtime@@YAXXZ       0041f6b1 f   snd_dma.obj
 0001:0001e718       ?S_Update_@@YAXXZ          0041f718 f   snd_dma.obj
 0001:0001e9cb       ?S_LoadSound@@YAPAUsfxcache_t@@PAUsfx_t@@@Z 0041f9cb f   snd_mem.obj
 0001:0001ef5a       ?S_WriteLinearBlastStereo16@@YAXXZ 0041ff5a f   snd_mix.obj
 0001:0001efc4       ?S_TransferStereo16@@YAXPAKH@Z 0041ffc4 f   snd_mix.obj
 0001:0001f02f       ?S_TransferPaintBuffer@@YAXH@Z 0042002f f   snd_mix.obj
 0001:0001f193       ?S_PaintChannels@@YAXH@Z   00420193 f   snd_mix.obj
 0001:0001f40f       ?S_InitScaletable@@YAXXZ   0042040f f   snd_mix.obj
 0001:0001f554       ?SV_ComputeAnimation@@YAXPAUplayer_state_t@@AAUentityStateEx_t@@PAU2@PAUedict_s@@@Z 00420554 f   sv_anim.obj
 0001:0001fa0d       ?SV_ReadLevelFile@@YAXXZ   00420a0d f   sv_ccmds.obj
 0001:0001fab2       ?SV_AddressBanned@@YA_NPAUnetadr_t@@@Z 00420ab2 f   sv_ccmds.obj
 0001:0001faf6       ?SV_InitCommands@@YAXXZ    00420af6 f   sv_ccmds.obj
 0001:00020f7f       ?sprintf@?$TString@$0CI@@@QAAHPBDZZ 00421f7f f i sv_ccmds.obj
 0001:00020fa0       ?SV_WriteFrameToClient@@YAXPAUclient_t@@PAVsizebuf_t@@@Z 00421fa0 f   sv_ents.obj
 0001:000216cf       ?SV_RecordDemoMessage@@YAXXZ 004226cf f   sv_ents.obj
 0001:0002189d       ?SV_MulticastOld@@YAXABUCVec3@@W4multicast_t@@@Z 0042289d f i sv_game.obj
 0001:000218b2       ?SV_StartSoundOld@@YAXPBUCVec3@@PAUedict_s@@HHMMM@Z 004228b2 f i sv_game.obj
 0001:0002230a       ?SV_InitGameLibrary@@YAX_N@Z 0042330a f   sv_game.obj
 0001:000225ff       ?SV_ShutdownGameLibrary@@YAXXZ 004235ff f   sv_game.obj
 0001:0002275c       ?SV_FindIndex@@YAHPBDHH_N@Z 0042375c f   sv_init.obj
 0001:00022873       ?SV_ModelIndex@@YAHPBD@Z   00423873 f   sv_init.obj
 0001:0002288c       ?SV_SoundIndex@@YAHPBD@Z   0042388c f   sv_init.obj
 0001:000228a8       ?SV_ImageIndex@@YAHPBD@Z   004238a8 f   sv_init.obj
 0001:000228c4       ?SV_CreateBaseline@@YAXXZ  004238c4 f   sv_init.obj
 0001:00022941       ?SV_SpawnServer@@YAXPAD0W4server_state_t@@_N2@Z 00423941 f   sv_init.obj
 0001:00022cae       ?SV_InitGame@@YAXXZ        00423cae f   sv_init.obj
 0001:00022ed7       ?SV_Map@@YAX_NPBD0@Z       00423ed7 f   sv_init.obj
 0001:0002309c       ?SV_DropClient@@YAXPAUclient_t@@PAD@Z 0042409c f   sv_main.obj
 0001:00023acc       ??0COutputDeviceMem@@QAE@H@Z 00424acc f i sv_main.obj
 0001:00023afd       ?Write@COutputDeviceMem@@UAEXPBD@Z 00424afd f i sv_main.obj
 0001:00023b84       ??_ECOutputDeviceMem@@UAEPAXI@Z 00424b84 f i sv_main.obj
 0001:00023b84       ??_GCOutputDeviceMem@@UAEPAXI@Z 00424b84 f i sv_main.obj
 0001:00023ba3       ??1COutputDeviceMem@@UAE@XZ 00424ba3 f i sv_main.obj
 0001:00023bc2       ?SV_CalcPings@@YAXXZ       00424bc2 f   sv_main.obj
 0001:00023c49       ?SV_GiveMsec@@YAXXZ        00424c49 f   sv_main.obj
 0001:00023c88       ?SV_ReadPackets@@YAXXZ     00424c88 f   sv_main.obj
 0001:00023ead       ?SV_CheckTimeouts@@YAXXZ   00424ead f   sv_main.obj
 0001:00023fbe       ?SV_PostprocessFrame@@YAXXZ 00424fbe f   sv_main.obj
 0001:00024483       ?SV_MulticastHook@@YAPAVsizebuf_t@@PAV1@0@Z 00425483 f   sv_main.obj
 0001:0002485f       ?SV_TraceHook@@YAXAAUtrace0_t@@ABUCVec3@@PBU2@21PAUedict_s@@H@Z 0042585f f   sv_main.obj
 0001:000249ed       ?SV_Frame@@YAXM@Z          004259ed f   sv_main.obj
 0001:00024c96       ?SV_UserinfoChanged@@YAXPAUclient_t@@@Z 00425c96 f   sv_main.obj
 0001:00024d57       ?SV_InitVars@@YAXXZ        00425d57 f   sv_main.obj
 0001:00024d66       ?SV_Init@@YAXXZ            00425d66 f   sv_main.obj
 0001:00024dbf       ?SV_Shutdown@@YAXPBD_N@Z   00425dbf f   sv_main.obj
 0001:00024fcc       ?SV_ClientPrintf@@YAXPAUclient_t@@HPBDZZ 00425fcc f   sv_send.obj
 0001:00025027       ?SV_BroadcastPrintf@@YAXHPBDZZ 00426027 f   sv_send.obj
 0001:000250fd       ?SV_BroadcastCommand@@YAXPBDZZ 004260fd f   sv_send.obj
 0001:00025157       ?SV_Multicast@@YAXABUCVec3@@W4multicast_t@@_N@Z 00426157 f   sv_send.obj
 0001:00025358       ?SV_StartSound@@YAXPBUCVec3@@PAUedict_s@@HHMMM_N@Z 00426358 f   sv_send.obj
 0001:000255f1       ?SV_SendClientDatagram@@YA_NPAUclient_t@@@Z 004265f1 f   sv_send.obj
 0001:000256b3       ?SV_DemoCompleted@@YAXXZ   004266b3 f   sv_send.obj
 0001:000256cf       ?SV_SendClientMessages@@YAXXZ 004266cf f   sv_send.obj
 0001:000258b7       ?SV_DrawText3D@@YAXABUCVec3@@PBDI@Z 004268b7 f   sv_text.obj
 0001:000258ef       ?SV_ClearTexts@@YAXXZ      004268ef f   sv_text.obj
 0001:000258f7       ?SV_DrawTexts@@YAXXZ       004268f7 f   sv_text.obj
 0001:0002594c       ??0?$TTextContainer@UCSVText@@$0BAAAA@@@QAE@XZ 0042694c f i sv_text.obj
 0001:00025971       ?SV_TokenizeString@@YAXPBD@Z 00426971 f   sv_tokenize.obj
 0001:00025a48       ?SV_Argc@@YAHXZ            00426a48 f   sv_tokenize.obj
 0001:00025a4e       ?SV_Argv@@YAPADH@Z         00426a4e f   sv_tokenize.obj
 0001:00025a6c       ?SV_Args@@YAPADXZ          00426a6c f   sv_tokenize.obj
 0001:00026325       ?SV_Nextserver@@YAXXZ      00427325 f   sv_user.obj
 0001:000263b9       ?SV_ClientThink@@YAXPAUclient_t@@PAUusercmd_t@@@Z 004273b9 f   sv_user.obj
 0001:0002644a       ?SV_ExecuteClientMessage@@YAXPAUclient_t@@@Z 0042744a f   sv_user.obj
 0001:00026820       ?SV_ClearWorld@@YAXXZ      00427820 f   sv_world.obj
 0001:0002695e       ?SV_UnlinkEdict@@YAXPAUedict_s@@@Z 0042795e f   sv_world.obj
 0001:00026a24       ?SV_LinkEdict@@YAXPAUedict_s@@@Z 00427a24 f   sv_world.obj
 0001:00027035       ?SV_AreaEdicts@@YAHABUCVec3@@0PAPAUedict_s@@HH@Z 00428035 f   sv_world.obj
 0001:000271d3       ?SV_PointContents@@YAHABUCVec3@@@Z 004281d3 f   sv_world.obj
 0001:000272f9       ?SV_Trace@@YAXAAUtrace_t@@ABUCVec3@@1ABUCBox@@PAUedict_s@@H@Z 004282f9 f   sv_world.obj
 0001:00027776       ?InitByteDirs@@YAXXZ       00428776 f   anorms.obj
 0001:000277b5       ?Cbuf_AddText@@YAXPBD@Z    004287b5 f   cmd.obj
 0001:0002781b       ?Cbuf_CopyToDefer@@YAXXZ   0042881b f   cmd.obj
 0001:00027863       ?Cbuf_InsertFromDefer@@YAXXZ 00428863 f   cmd.obj
 0001:0002791f       ?Cbuf_Execute@@YAXXZ       0042891f f   cmd.obj
 0001:00027a2f       ?Cmd_Unalias_f@@YAX_NHPAPAD@Z 00428a2f f   cmd.obj
 0001:00027aa7       ?Cmd_WriteAliases@@YAXPAVCOutputDevice@@@Z 00428aa7 f   cmd.obj
 0001:00027ada       ?RegisterCommand@@YA_NPBDP6AXXZI@Z 00428ada f   cmd.obj
 0001:00027bbb       ?UnregisterCommand@@YA_NPBD@Z 00428bbb f   cmd.obj
 0001:00027c4c       ?ExecuteCommand@@YA_NPBD@Z 00428c4c f   cmd.obj
 0001:0002808f       ?ExecuteCommand@@YA_NPBDPBUCSimpleCommand@@H@Z 0042908f f   cmd.obj
 0001:000284d1       ?CM_LoadMap@@YAPAUCBspModel@@PBD_NPAI@Z 004294d1 f   cmodel.obj
 0001:00029d3e       ?CM_BuildBrush@@YAPAUCBrush@@HPAVCMemoryChain@@@Z 0042ad3e f   cmodel.obj
 0001:00029e07       ?CM_InlineModel@@YAPAUCBspModel@@PBD@Z 0042ae07 f   cmodel.obj
 0001:00029e32       ?CM_InlineModel@@YAPAUCBspModel@@H@Z 0042ae32 f   cmodel.obj
 0001:00029f0d       ?CM_HeadnodeForBox@@YAHABUCBox@@@Z 0042af0d f   cmodel.obj
 0001:00029f55       ?CM_FindLeaf@@YAPBUCBspLeaf@@ABUCVec3@@H@Z 0042af55 f   cmodel.obj
 0001:0002a004       ?DistanceTo@CPlane@@QBEMABUCVec3@@@Z 0042b004 f i cmodel.obj
 0001:0002a049       ?CM_PointContents@@YAHABUCVec3@@H@Z 0042b049 f   cmodel.obj
 0001:0002a119       ?CM_TransformedPointContents@@YAHABUCVec3@@H00@Z 0042b119 f   cmodel.obj
 0001:0002a1ee       ?CM_TransformedPointContents@@YAHABUCVec3@@H0ABUCAxis@@@Z 0042b1ee f   cmodel.obj
 0001:0002a28d       ?CM_BoxLeafs@@YAHABUCBox@@PAPAUCBspLeaf@@HPAHH@Z 0042b28d f   cmodel.obj
 0001:0002a39f       ?BOX_ON_PLANE_SIDE@@YAHABUCBox@@ABUCPlane@@@Z 0042b39f f i cmodel.obj
 0001:0002a40a       ?CM_BoxTrace@@YAXAAUtrace_t@@ABUCVec3@@1ABUCBox@@HI@Z 0042b40a f   cmodel.obj
 0001:0002a6e6       ?GetVertex@CBox@@QBEXHAAUCVec3@@@Z 0042b6e6 f i cmodel.obj
 0001:0002ab60       ?SplitTrace@@YAMABUCVec3@@0ABUCPlane@@AAM2_N@Z 0042bb60 f i cmodel.obj
 0001:0002b00d       ?CM_TransformedBoxTrace@@YAXAAUtrace_t@@ABUCVec3@@1ABUCBox@@HI11@Z 0042c00d f   cmodel.obj
 0001:0002b180       ?CM_TransformedBoxTrace@@YAXAAUtrace_t@@ABUCVec3@@1ABUCBox@@HI1ABUCAxis@@@Z 0042c180 f   cmodel.obj
 0001:0002b23d       ?CM_CombineTrace@@YA_NAAUtrace_t@@ABU1@@Z 0042c23d f   cmodel.obj
 0001:0002b28a       ?CM_ClipTraceToModels@@YAXAAUtrace_t@@ABUCVec3@@1ABUCBox@@I@Z 0042c28a f   cmodel.obj
 0001:0002b38c       ?CM_PointModelContents@@YAHABUCVec3@@@Z 0042c38c f   cmodel.obj
 0001:0002b3db       ?CM_BrushTrace@@YAHABUCVec3@@0PAHH@Z 0042c3db f   cmodel.obj
 0001:0002b6e1       ?CM_RefineBrushTrace@@YAHABUCVec3@@0PAHH@Z 0042c6e1 f   cmodel.obj
 0001:0002b787       ?CM_ClusterPVS@@YAPBEH@Z   0042c787 f   cmodel.obj
 0001:0002b8bf       ?CM_SetAreaPortalState@@YAXH_N@Z 0042c8bf f   cmodel.obj
 0001:0002b8e7       ?CM_AreasConnected@@YA_NHH@Z 0042c8e7 f   cmodel.obj
 0001:0002b92e       ?CM_WriteAreaBits@@YAHPAEH@Z 0042c92e f   cmodel.obj
 0001:0002b9d0       ?CM_WritePortalState@@YAXPAU_iobuf@@@Z 0042c9d0 f   cmodel.obj
 0001:0002b9ed       ?CM_ReadPortalState@@YAXPAU_iobuf@@@Z 0042c9ed f   cmodel.obj
 0001:0002ba0f       ?CM_HeadnodeVisible@@YA_NHPBE@Z 0042ca0f f   cmodel.obj
 0001:0002baec       ??E?$TStringSplitter@$0EA@$0DL@@@QAEXXZ 0042caec f i cmodel.obj
 0001:0002bb4e       ?LoadNodes@@YAXPAUdBsp2Node_t@@H@Z 0042cb4e f i cmodel.obj
 0001:0002bc65       ?LoadLeafBrushes@@YAXPAGHPAUdBsp2Leaf_t@@@Z 0042cc65 f i cmodel.obj
 0001:0002bcf9       ?LoadSubmodels@@YAXPAUdBsp2Model_t@@H@Z 0042ccf9 f i cmodel.obj
 0001:0002bd81       ?LoadNodes@@YAXPAUdBsp1Node_t@@H@Z 0042cd81 f i cmodel.obj
 0001:0002be44       ?LoadSubmodels@@YAXPAUdBsp1Model_t@@H@Z 0042ce44 f i cmodel.obj
 0001:0002becc       ?LoadNodes@@YAXPAUdBsp3Node_t@@H@Z 0042cecc f i cmodel.obj
 0001:0002bf81       ?LoadLeafBrushes@@YAXPAIHPAUdBsp3Leaf_t@@@Z 0042cf81 f i cmodel.obj
 0001:0002c012       ?Com_DPrintf@@YAXPBDZZ     0042d012 f   common.obj
 0001:0002c08b       ?DebugPrintf@@YAXPBDZZ     0042d08b f   common.obj
 0001:0002c13a       ?IPWildcard@@YA_NPAUnetadr_t@@PBD@Z 0042d13a f   common.obj
 0001:0002c214       ?Com_ServerState@@YA?AW4server_state_t@@XZ 0042d214 f   common.obj
 0001:0002c21a       ?Com_SetServerState@@YAXW4server_state_t@@@Z 0042d21a f   common.obj
 0001:0002c227       ?crand@@YAMXZ              0042d227 f   common.obj
 0001:0002c245       ?Info_ValueForKey@@YAPBDPBD0@Z 0042d245 f   common.obj
 0001:0002c2c4       ?Info_SetValueForKey@@YAXPADPBD1@Z 0042d2c4 f   common.obj
 0001:0002c3fb       ?Info_Print@@YAXPBD@Z      0042d3fb f   common.obj
 0001:0002c481       ?LerpAngle@@YAMMMM@Z       0042d481 f   common.obj
 0001:0002c4c5       ?ReduceAngle@@YAMM@Z       0042d4c5 f   common.obj
 0001:0002c4f1       ?AngleSubtract@@YAMMM@Z    0042d4f1 f   common.obj
 0001:0002c52a       ?AnglesSubtract@@YAXABUCVec3@@0AAU1@@Z 0042d52a f   common.obj
 0001:0002c583       ?COM_Parse@@YAPADAAPBD_N@Z 0042d583 f   common.obj
 0001:0002c6a5       ?COM_QuoteString@@YAPBDPBD_N@Z 0042d6a5 f   common.obj
 0001:0002c702       ?Com_CheckCmdlineVar@@YA_NPBD@Z 0042d702 f   common.obj
 0001:0002c75b       ?Com_Init@@YAXPBD@Z        0042d75b f   common.obj
 0001:0002cb02       ?Com_Frame@@YAXM@Z         0042db02 f   common.obj
 0001:0002cf02       ?Com_BlockSequenceCRCByte@@YAEPAEHH@Z 0042df02 f   crc.obj
 0001:0002cfba       ?Cvar_VariableValue@@YAMPBD@Z 0042dfba f   cvar.obj
 0001:0002d031       ?Cvar_VariableInt@@YAHPBD@Z 0042e031 f   cvar.obj
 0001:0002d048       ?Cvar_VariableString@@YAPBDPBD@Z 0042e048 f   cvar.obj
 0001:0002d064       ?Cvar_Get@@YAPAUcvar_t@@PBD0H@Z 0042e064 f   cvar.obj
 0001:0002d331       ?Cvar_GetVars@@YAXPBUcvarInfo_t@@H@Z 0042e331 f   cvar.obj
 0001:0002d3db       ?Cvar_FullSet@@YAXPAUcvar_t@@PBDI@Z 0042e3db f   cvar.obj
 0001:0002d3fb       ?Cvar_FullSet@@YAPAUcvar_t@@PBD0I@Z 0042e3fb f   cvar.obj
 0001:0002d43b       ?Cvar_SetValue@@YAPAUcvar_t@@PBDM@Z 0042e43b f   cvar.obj
 0001:0002d5d4       ?Cvar_SetInteger@@YAPAUcvar_t@@PBDH@Z 0042e5d4 f   cvar.obj
 0001:0002d5f8       ?Cvar_Set@@YAPAUcvar_t@@PBD0@Z 0042e5f8 f   cvar.obj
 0001:0002d60f       ?Cvar_ForceSet@@YAPAUcvar_t@@PBD0@Z 0042e60f f   cvar.obj
 0001:0002d626       ?Cvar_Clamp@@YAMPAUcvar_t@@MM@Z 0042e626 f   cvar.obj
 0001:0002d684       ?Cvar_Command@@YA_NHPAPAD@Z 0042e684 f   cvar.obj
 0001:0002d71f       ?IsDefault@cvar_t@@QAE_NXZ 0042e71f f i cvar.obj
 0001:0002d73c       ?Cvar_WriteVariables@@YAXPAVCOutputDevice@@HHPBD@Z 0042e73c f   cvar.obj
 0001:0002d7c2       ?Cvar_BitInfo@@YAPBDI@Z    0042e7c2 f   cvar.obj
 0001:0002d814       ?Cvar_Cheats@@YAX_N@Z      0042e814 f   cvar.obj
 0001:0002e08b       ?MSG_WriteDeltaEntity@@YAXPAVsizebuf_t@@PBUentityStateEx_t@@PAU2@_N33@Z 0042f08b f   entdelta.obj
 0001:0002e647       ?MSG_WriteRemoveEntity@@YAXPAVsizebuf_t@@H@Z 0042f647 f   entdelta.obj
 0001:0002e687       ?MSG_ReadEntityBits@@YAHPAVsizebuf_t@@PAIPA_N@Z 0042f687 f   entdelta.obj
 0001:0002e6f9       ?MSG_ReadDeltaEntity@@YAXPAVsizebuf_t@@PBUentityStateEx_t@@PAU2@I@Z 0042f6f9 f   entdelta.obj
 0001:0002e77c       ?MSG_WriteDeltaUsercmd@@YAXPAVsizebuf_t@@PBUusercmd_t@@PAU2@@Z 0042f77c f   entdelta.obj
 0001:0002e80b       ?MSG_ReadDeltaUsercmd@@YAXPAVsizebuf_t@@PBUusercmd_t@@PAU2@@Z 0042f80b f   entdelta.obj
 0001:0002eb0e       ?MSG_WriteDeltaPlayerstate@@YAXPAVsizebuf_t@@PBUplayer_state_t@@PAU2@@Z 0042fb0e f   entdelta.obj
 0001:0002ec17       ?MSG_ReadDeltaPlayerstate@@YAXPAVsizebuf_t@@PBUplayer_state_t@@PAU2@@Z 0042fc17 f   entdelta.obj
 0001:0002ecd1       ?ProcessEntstring@@YAPBDPBD@Z 0042fcd1 f   EntityParser.obj
 0001:00030340       ?Inflate@CBox@@QAEXM@Z     00431340 f i EntityParser.obj
 0001:000310da       ?LoadPCX@@YAPAEPBDAAH1AAPAE@Z 004320da f   images.obj
 0001:00031215       ?LoadTGA@@YAPAEPBDAAH1@Z   00432215 f   images.obj
 0001:000314a9       ?LoadJPG@@YAPAEPBDAAH1@Z   004324a9 f   images.obj
 0001:0003175d       ?ImageExists@@YAHPBDH@Z    0043275d f   images.obj
 0001:00031881       ?WriteTGA@@YA_NPBDPAEHH@Z  00432881 f   images.obj
 0001:00031a75       ?WriteJPG@@YA_NPBDPAEHH_N@Z 00432a75 f   images.obj
 0001:00031ba6       ??0CBrush@@QAE@ABUCBox@@@Z 00432ba6 f   MapBrush.obj
 0001:00031cf7       ?Split@CBrush@@QAEPAU1@PAUCPlane@@@Z 00432cf7 f   MapBrush.obj
 0001:00032749       ?GetVec@CAllocVertexPool@@QAEPAUCVec3@@ABU2@@Z 00433749 f i MapBrush.obj
 0001:000327dd       ?GetBounds@CBrush@@QAEXAAUCBox@@@Z 004337dd f   MapBrush.obj
 0001:0003285f       ?AddBevels@CBrush@@QAEXP6APAUCPlane@@ABUCVec3@@M@Z@Z 0043385f f   MapBrush.obj
 0001:00032b53       ?Negate@CVec3@@QAEXXZ      00433b53 f i MapBrush.obj
 0001:00032b61       ?MD4Init@@YAXPAUMD4_CTX@@@Z 00433b61 f   md4.obj
 0001:00032b89       ?MD4Update@@YAXPAUMD4_CTX@@PAEI@Z 00433b89 f   md4.obj
 0001:00032c27       ?MD4Final@@YAXQAEPAUMD4_CTX@@@Z 00433c27 f   md4.obj
 0001:00033318       ?Com_BlockChecksum@@YAIPAXH@Z 00434318 f   md4.obj
 0001:00033354       ?LoadQ2BspFile@@YAXXZ      00434354 f   model.obj
 0001:0003382d       ?LoadQ1BspFile@@YAXXZ      0043482d f   model.obj
 0001:00033b4d       ?LoadQ3BspFile@@YAXXZ      00434b4d f   model.obj
 0001:00033dba       ?LoadBspFile@@YAPAUbspfile_t@@PBD_NPAI@Z 00434dba f   model.obj
 0001:00033fc1       ?Init@sizebuf_t@@QAEXPAXH@Z 00434fc1 f   msg.obj
 0001:00033fde       ?Write@sizebuf_t@@QAEXPBXH@Z 00434fde f   msg.obj
 0001:00034050       ?MSG_WriteChar@@YAXPAVsizebuf_t@@H@Z 00435050 f   msg.obj
 0001:00034050       ?MSG_WriteByte@@YAXPAVsizebuf_t@@H@Z 00435050 f   msg.obj
 0001:00034063       ?MSG_WriteShort@@YAXPAVsizebuf_t@@H@Z 00435063 f   msg.obj
 0001:00034076       ?MSG_WriteLong@@YAXPAVsizebuf_t@@H@Z 00435076 f   msg.obj
 0001:00034089       ?MSG_WriteFloat@@YAXPAVsizebuf_t@@M@Z 00435089 f   msg.obj
 0001:0003409c       ?MSG_WriteString@@YAXPAVsizebuf_t@@PBD@Z 0043509c f   msg.obj
 0001:000340c6       ?MSG_WritePos@@YAXPAVsizebuf_t@@ABUCVec3@@@Z 004350c6 f   msg.obj
 0001:0003412a       ?MSG_WriteAngle@@YAXPAVsizebuf_t@@M@Z 0043512a f   msg.obj
 0001:00034155       ?MSG_WriteAngle16@@YAXPAVsizebuf_t@@M@Z 00435155 f   msg.obj
 0001:00034180       ?MSG_WriteDir@@YAXPAVsizebuf_t@@ABUCVec3@@@Z 00435180 f   msg.obj
 0001:000341e8       ?MSG_ReadDir@@YAXPAVsizebuf_t@@AAUCVec3@@@Z 004351e8 f   msg.obj
 0001:0003421b       ?MSG_ReadChar@@YAHPAVsizebuf_t@@@Z 0043521b f   msg.obj
 0001:0003423e       ?MSG_ReadByte@@YAHPAVsizebuf_t@@@Z 0043523e f   msg.obj
 0001:00034266       ?MSG_ReadShort@@YAHPAVsizebuf_t@@@Z 00435266 f   msg.obj
 0001:0003428f       ?MSG_ReadLong@@YAHPAVsizebuf_t@@@Z 0043528f f   msg.obj
 0001:000342b1       ?MSG_ReadString@@YAPADPAVsizebuf_t@@@Z 004352b1 f   msg.obj
 0001:000342e7       ?MSG_ReadPos@@YAXPAVsizebuf_t@@AAUCVec3@@@Z 004352e7 f   msg.obj
 0001:00034339       ?MSG_ReadAngle@@YAMPAVsizebuf_t@@@Z 00435339 f   msg.obj
 0001:00034353       ?MSG_ReadAngle16@@YAMPAVsizebuf_t@@@Z 00435353 f   msg.obj
 0001:0003436d       ?MSG_ReadData@@YAXPAVsizebuf_t@@PAXH@Z 0043536d f   msg.obj
 0001:00034390       ?Netchan_Init@@YAXXZ       00435390 f   net_chan.obj
 0001:000343ff       ?Netchan_OutOfBandPrint@@YAXW4netsrc_t@@Unetadr_t@@PBDZZ 004353ff f   net_chan.obj
 0001:00034484       ?Setup@netchan_t@@QAEXW4netsrc_t@@Unetadr_t@@H@Z 00435484 f   net_chan.obj
 0001:000344da       ?NeedReliable@netchan_t@@QAE_NXZ 004354da f   net_chan.obj
 0001:000344ff       ?Transmit@netchan_t@@QAEXPAXH@Z 004354ff f   net_chan.obj
 0001:00034695       ?Process@netchan_t@@QAE_NPAVsizebuf_t@@@Z 00435695 f   net_chan.obj
 0001:000347c2       ?Pmove@@YAXPAUpmove_t@@@Z  004357c2 f   pmove.obj
 0001:00036438       ?FileExists@CQuakeFileSystem@@UAE_NPBDI@Z 00437438 f i QuakeFileSystem.obj
 0001:0003649f       ?CheckFilename@CQuakeFileSystem@@AAEXPBD@Z 0043749f f i QuakeFileSystem.obj
 0001:0003653e       ?OpenFile@CQuakeFileSystem@@UAEPAVCFile@@PBDI@Z 0043753e f i QuakeFileSystem.obj
 0001:000365ce       ?List@CQuakeFileSystem@@UAEPAVCFileList@@PBDIPAV2@@Z 004375ce f i QuakeFileSystem.obj
 0001:00036660       ??_GCQuakeFileSystem@@UAEPAXI@Z 00437660 f i QuakeFileSystem.obj
 0001:00036660       ??_ECFileSystem@@UAEPAXI@Z 00437660 f i QuakeFileSystem.obj
 0001:00036660       ??_ECQuakeFileSystem@@UAEPAXI@Z 00437660 f i QuakeFileSystem.obj
 0001:00036660       ??_GCFileSystem@@UAEPAXI@Z 00437660 f i QuakeFileSystem.obj
 0001:00036680       ?FS_Gamedir@@YAPBDXZ       00437680 f   QuakeFileSystem.obj
 0001:00036686       ?FS_NextPath@@YAPBDPBD@Z   00437686 f   QuakeFileSystem.obj
 0001:000366ca       ?FS_CopyFile@@YAXPBD0@Z    004376ca f   QuakeFileSystem.obj
 0001:000367a0       ?FS_CopyFiles@@YAXPBD0@Z   004377a0 f   QuakeFileSystem.obj
 0001:000368ba       ?FS_RemoveFiles@@YAXPBD@Z  004378ba f   QuakeFileSystem.obj
 0001:00036975       ?InitFileSystem@@YAXXZ     00437975 f   QuakeFileSystem.obj
 0001:00036aa9       ?Create@CFileContainerPak@@SAPAVCFileContainer@@PBDPAU_iobuf@@@Z 00437aa9 f i QuakeFileSystem.obj
 0001:00036c12       ??0CFileContainerArc@@QAE@XZ 00437c12 f i QuakeFileSystem.obj
 0001:00036c59       ??_ECFileContainerArc@@UAEPAXI@Z 00437c59 f i QuakeFileSystem.obj
 0001:00036c59       ??_GCFileContainerArc@@UAEPAXI@Z 00437c59 f i QuakeFileSystem.obj
 0001:00036c88       ?GetType@CFileContainerPak@@MAEPBDXZ 00437c88 f i QuakeFileSystem.obj
 0001:00036c8e       ?OpenLocalFile@CFileContainerPak@@MAEPAVCFile@@ABVCStringItem@@@Z 00437c8e f i QuakeFileSystem.obj
 0001:00036cde       ?Read@CFilePak@CFileContainerPak@@UAEHPAXH@Z 00437cde f i QuakeFileSystem.obj
 0001:00036d18       ?GetSize@CFilePak@CFileContainerPak@@UAEHXZ 00437d18 f i QuakeFileSystem.obj
 0001:00036d1f       ?Eof@CFilePak@CFileContainerPak@@UAE_NXZ 00437d1f f i QuakeFileSystem.obj
 0001:00036d2c       ??_ECFilePak@CFileContainerPak@@UAEPAXI@Z 00437d2c f i QuakeFileSystem.obj
 0001:00036d2c       ??_GCFilePak@CFileContainerPak@@UAEPAXI@Z 00437d2c f i QuakeFileSystem.obj
 0001:00036d61       ??_ECFileContainerPak@@UAEPAXI@Z 00437d61 f i QuakeFileSystem.obj
 0001:00036d61       ??_GCFileContainerPak@@UAEPAXI@Z 00437d61 f i QuakeFileSystem.obj
 0001:00036d90       ?Create@CFileContainerZip@@SAPAVCFileContainer@@PBDPAU_iobuf@@@Z 00437d90 f i QuakeFileSystem.obj
 0001:0003708f       ?GetType@CFileContainerZip@@MAEPBDXZ 0043808f f i QuakeFileSystem.obj
 0001:00037095       ?OpenLocalFile@CFileContainerZip@@MAEPAVCFile@@ABVCStringItem@@@Z 00438095 f i QuakeFileSystem.obj
 0001:00037131       ??0CFilePak@CFileContainerZip@@QAE@ABVCFileInfo@1@PAU_iobuf@@@Z 00438131 f i QuakeFileSystem.obj
 0001:00037183       ?Read@CFilePak@CFileContainerZip@@UAEHPAXH@Z 00438183 f i QuakeFileSystem.obj
 0001:000372cc       ?GetSize@CFilePak@CFileContainerZip@@UAEHXZ 004382cc f i QuakeFileSystem.obj
 0001:000372d6       ?Eof@CFilePak@CFileContainerZip@@UAE_NXZ 004382d6 f i QuakeFileSystem.obj
 0001:000372e9       ??_ECFilePak@CFileContainerZip@@UAEPAXI@Z 004382e9 f i QuakeFileSystem.obj
 0001:000372e9       ??_GCFilePak@CFileContainerZip@@UAEPAXI@Z 004382e9 f i QuakeFileSystem.obj
 0001:00037308       ??1CFilePak@CFileContainerZip@@UAE@XZ 00438308 f i QuakeFileSystem.obj
 0001:00037377       ??_GCFileContainerZip@@UAEPAXI@Z 00438377 f i QuakeFileSystem.obj
 0001:00037377       ??_ECFileContainerZip@@UAEPAXI@Z 00438377 f i QuakeFileSystem.obj
 0001:000373a6       ?Mount@CZResource@@SAPAVCFileContainer@@PBDPBE0PAVCFileSystem@@@Z 004383a6 f i QuakeFileSystem.obj
 0001:00037552       ?GetType@CZResource@@MAEPBDXZ 00438552 f i QuakeFileSystem.obj
 0001:00037558       ?OpenLocalFile@CZResource@@MAEPAVCFile@@ABVCStringItem@@@Z 00438558 f i QuakeFileSystem.obj
 0001:00037589       ??0CFileRes@CZResource@@QAE@ABVCFileInfo@1@PBXH@Z 00438589 f i QuakeFileSystem.obj
 0001:0003763c       ?Read@CFileRes@CZResource@@UAEHPAXH@Z 0043863c f i QuakeFileSystem.obj
 0001:0003768f       ?GetSize@CFileRes@CZResource@@UAEHXZ 0043868f f i QuakeFileSystem.obj
 0001:00037696       ?Eof@CFileRes@CZResource@@UAE_NXZ 00438696 f i QuakeFileSystem.obj
 0001:000376a3       ??_GCFileRes@CZResource@@UAEPAXI@Z 004386a3 f i QuakeFileSystem.obj
 0001:000376a3       ??_ECFileRes@CZResource@@UAEPAXI@Z 004386a3 f i QuakeFileSystem.obj
 0001:000376d5       ??_GCZResource@@UAEPAXI@Z  004386d5 f i QuakeFileSystem.obj
 0001:000376d5       ??_ECZResource@@UAEPAXI@Z  004386d5 f i QuakeFileSystem.obj
 0001:00037704       ?MountGame@CQuakeFileSystem@@QAEXPBD@Z 00438704 f i QuakeFileSystem.obj
 0001:0003774f       ?SetGameDir@CQuakeFileSystem@@QAE_NPBD@Z 0043874f f i QuakeFileSystem.obj
 0001:00037951       ?FS_Tick@@YAXXZ            00438951 f   QuakeFileSystem.obj
 0001:00037a9e       ?CDAudio_Play@@YAXH_N@Z    00438a9e f   cd_win.obj
 0001:00037c91       ?CDAudio_Stop@@YAXXZ       00438c91 f   cd_win.obj
 0001:00037d52       ?CDAudio_Update@@YAXXZ     00438d52 f   cd_win.obj
 0001:00037df5       ?CDAudio_Init@@YA_NXZ      00438df5 f   cd_win.obj
 0001:00038216       ?CDAudio_Shutdown@@YAXXZ   00439216 f   cd_win.obj
 0001:00038239       ?CDAudio_Activate@@YAX_N@Z 00439239 f   cd_win.obj
 0001:00038250       ?IN_Init@@YAXXZ            00439250 f   in_win.obj
 0001:000384dd       ?IN_Shutdown@@YAXXZ        004394dd f   in_win.obj
 0001:0003873e       ?IN_Activate@@YAX_N@Z      0043973e f   in_win.obj
 0001:0003874b       ?IN_Frame@@YAXXZ           0043974b f   in_win.obj
 0001:00038aad       ?IN_Move@@YAXPAUusercmd_t@@@Z 00439aad f   in_win.obj
 0001:00038f58       ?NET_CompareAdr@@YA_NPAUnetadr_t@@0@Z 00439f58 f   net_wins.obj
 0001:00038f93       ?NET_CompareBaseAdr@@YA_NPAUnetadr_t@@0@Z 00439f93 f   net_wins.obj
 0001:00038fc0       ?NET_AdrToString@@YAPBDPAUnetadr_t@@@Z 00439fc0 f   net_wins.obj
 0001:00039006       ?NET_StringToAdr@@YA_NPBDPAUnetadr_t@@F@Z 0043a006 f   net_wins.obj
 0001:0003911b       ?NET_IsLocalAddress@@YA_NPAUnetadr_t@@@Z 0043a11b f   net_wins.obj
 0001:0003912a       ?NET_GetPacket@@YA_NW4netsrc_t@@PAUnetadr_t@@PAVsizebuf_t@@@Z 0043a12a f   net_wins.obj
 0001:000392a9       ?NET_SendPacket@@YAXW4netsrc_t@@HPAXUnetadr_t@@@Z 0043a2a9 f   net_wins.obj
 0001:000393c7       ?NET_Config@@YAX_N@Z       0043a3c7 f   net_wins.obj
 0001:000395a2       ?NET_Init@@YAXXZ           0043a5a2 f   net_wins.obj
 0001:00039655       ?SNDDMA_Init@@YA_NXZ       0043a655 f   snd_win.obj
 0001:00039ca0       ?SNDDMA_GetDMAPos@@YAHXZ   0043aca0 f   snd_win.obj
 0001:00039cea       ?SNDDMA_BeginPainting@@YAXXZ 0043acea f   snd_win.obj
 0001:00039e09       ?SNDDMA_Submit@@YAXXZ      0043ae09 f   snd_win.obj
 0001:00039e2e       ?SNDDMA_Shutdown@@YAXXZ    0043ae2e f   snd_win.obj
 0001:00039e33       ?S_Activate@@YAX_N@Z       0043ae33 f   snd_win.obj
 0001:00039e86       ?Write@COutputDeviceWin32Console@@UAEXPBD@Z 0043ae86 f i sys_win.obj
 0001:00039efe       ?EraseInput@COutputDeviceWin32Console@@QAEXXZ 0043aefe f i sys_win.obj
 0001:00039f84       ??_GCOutputDeviceWin32Console@@UAEPAXI@Z 0043af84 f i sys_win.obj
 0001:00039f84       ??_ECOutputDeviceWin32Console@@UAEPAXI@Z 0043af84 f i sys_win.obj
 0001:00039fa4       ?Sys_ConsoleInput@@YAPADXZ 0043afa4 f   sys_win.obj
 0001:0003a22d       ?Sys_ProcessMessages@@YAXXZ 0043b22d f   sys_win.obj
 0001:0003a2e6       _WinMain@16                0043b2e6 f   sys_win.obj
 0001:0003a5ee       ??_GCOutputDeviceCon@@UAEPAXI@Z 0043b5ee f i sys_win.obj
 0001:0003a5ee       ??_ECOutputDeviceCon@@UAEPAXI@Z 0043b5ee f i sys_win.obj
 0001:0003a696       ?Init@COutputDeviceWin32Console@@QAEXXZ 0043b696 f i sys_win.obj
 0001:0003a6c0       ?AddMsgHook@@YAXP6A_NIIJ@Z@Z 0043b6c0 f   vid_dll.obj
 0001:0003a707       ?RemoveMsgHook@@YAXP6A_NIIJ@Z@Z 0043b707 f   vid_dll.obj
 0001:0003a73a       ?Vid_CreateWindow@@YAPAXHH_N@Z 0043b73a f   vid_dll.obj
 0001:0003ae5c       ?Vid_DestroyWindow@@YAX_N@Z 0043be5c f   vid_dll.obj
 0001:0003ae9b       ?Vid_Restart@@YAXXZ        0043be9b f   vid_dll.obj
 0001:0003aea7       ?Vid_GetModeInfo@@YA_NPAH0H@Z 0043bea7 f   vid_dll.obj
 0001:0003aed9       ?Vid_Tick@@YAXXZ           0043bed9 f   vid_dll.obj
 0001:0003b08a       ?Vid_Init@@YAXXZ           0043c08a f   vid_dll.obj
 0001:0003b12d       ?Vid_Shutdown@@YAXXZ       0043c12d f   vid_dll.obj
 0001:0003b14c       ?BK_FlushShader@OpenGLDrv@@YAXXZ 0043c14c f   gl_backend.obj
 0001:0003d944       ?Tesselate@surfacePlanar_t@OpenGLDrv@@UAEXAAUrefEntity_t@2@@Z 0043e944 f   gl_backend.obj
 0001:0003daaa       ?Tesselate@surfaceTrisurf_t@OpenGLDrv@@UAEXAAUrefEntity_t@2@@Z 0043eaaa f   gl_backend.obj
 0001:0003dbb2       ?Tesselate@surfacePoly_t@OpenGLDrv@@UAEXAAUrefEntity_t@2@@Z 0043ebb2 f   gl_backend.obj
 0001:0003dcb9       ?Tesselate@surfaceMd3_t@OpenGLDrv@@UAEXAAUrefEntity_t@2@@Z 0043ecb9 f   gl_backend.obj
 0001:0003e267       ?DrawBrush@OpenGLDrv@@YAXPBUCBrush@@PBDH@Z 0043f267 f   gl_backend.obj
 0001:0003e2ca       ?Tesselate@surfaceEntity_t@OpenGLDrv@@UAEXAAUrefEntity_t@2@@Z 0043f2ca f   gl_backend.obj
 0001:0003e3ae       ?Tesselate@surfaceParticle_t@OpenGLDrv@@UAEXAAUrefEntity_t@2@@Z 0043f3ae f   gl_backend.obj
 0001:0003e5fe       ?BK_DrawScene@OpenGLDrv@@YAXXZ 0043f5fe f   gl_backend.obj
 0001:0003ee0c       ?BK_DrawPic@OpenGLDrv@@YAXPAVshader_t@1@HHHHMMMMIE@Z 0043fe0c f   gl_backend.obj
 0001:0003efed       ?BK_DrawText@OpenGLDrv@@YAXPBDHHHHHI@Z 0043ffed f   gl_backend.obj
 0001:0003f1e2       ?BK_BeginFrame@OpenGLDrv@@YAXXZ 004401e2 f   gl_backend.obj
 0001:0003f246       ?BK_EndFrame@OpenGLDrv@@YAXXZ 00440246 f   gl_backend.obj
 0001:0003f29b       ?BK_Init@OpenGLDrv@@YAXXZ  0044029b f   gl_backend.obj
 0001:0003f2ca       ?BK_Shutdown@OpenGLDrv@@YAXXZ 004402ca f   gl_backend.obj
 0001:0003f2e2       ?AllocDynamicMemory@OpenGLDrv@@YAPAXH@Z 004402e2 f   gl_buffers.obj
 0001:0003f350       ?ResizeDynamicMemory@OpenGLDrv@@YAXPAXH@Z 00440350 f   gl_buffers.obj
 0001:0003f395       ?AddSurfaceToPortal@OpenGLDrv@@YAXPAVsurfaceBase_t@1@PAVshader_t@1@HH@Z 00440395 f   gl_buffers.obj
 0001:0003f406       ?InsertShaderIndex@OpenGLDrv@@YAXH@Z 00440406 f   gl_buffers.obj
 0001:0003f442       ?ClearPortal@OpenGLDrv@@YAXXZ 00440442 f   gl_buffers.obj
 0001:0003f460       ?SortSurfaces@OpenGLDrv@@YAXPAUviewPortal_t@1@PAPAUsurfaceInfo_t@1@@Z 00440460 f   gl_buffers.obj
 0001:0003f5f2       ?ClearBuffers@OpenGLDrv@@YAXXZ 004405f2 f   gl_buffers.obj
 0001:0003f609       ?CreateBuffers@OpenGLDrv@@YAXXZ 00440609 f   gl_buffers.obj
 0001:0003f62f       ?FreeBuffers@OpenGLDrv@@YAXXZ 0044062f f   gl_buffers.obj
 0001:0003f653       ?InitEntity@model_t@OpenGLDrv@@UAE_NPAUentity_t@@PAUrefEntity_t@2@@Z 00440653 f   gl_frontend.obj
 0001:0003f658       ?AddSurfaces@model_t@OpenGLDrv@@UAEXPAUrefEntity_t@2@@Z 00440658 f   gl_frontend.obj
 0001:0003f689       ?GetLeaf@model_t@OpenGLDrv@@UAEPBUCBspLeaf@@PAUrefEntity_t@2@@Z 00440689 f   gl_frontend.obj
 0001:0003f6a0       ?DrawLabel@model_t@OpenGLDrv@@UAEXPAUrefEntity_t@2@@Z 004406a0 f   gl_frontend.obj
 0001:0003f6a3       ?InitEntity@inlineModel_t@OpenGLDrv@@UAE_NPAUentity_t@@PAUrefEntity_t@2@@Z 004406a3 f   gl_frontend.obj
 0001:0003f710       ?AddSurfaces@inlineModel_t@OpenGLDrv@@UAEXPAUrefEntity_t@2@@Z 00440710 f   gl_frontend.obj
 0001:0003fc55       ?GetLeaf@inlineModel_t@OpenGLDrv@@UAEPBUCBspLeaf@@PAUrefEntity_t@2@@Z 00440c55 f   gl_frontend.obj
 0001:0003fe00       ?DrawLabel@inlineModel_t@OpenGLDrv@@UAEXPAUrefEntity_t@2@@Z 00440e00 f   gl_frontend.obj
 0001:0003fe49       ?InitEntity@md3Model_t@OpenGLDrv@@UAE_NPAUentity_t@@PAUrefEntity_t@2@@Z 00440e49 f   gl_frontend.obj
 0001:00040027       ?AddSurfaces@md3Model_t@OpenGLDrv@@UAEXPAUrefEntity_t@2@@Z 00441027 f   gl_frontend.obj
 0001:00040161       ?GetLeaf@md3Model_t@OpenGLDrv@@UAEPBUCBspLeaf@@PAUrefEntity_t@2@@Z 00441161 f   gl_frontend.obj
 0001:0004019c       ?DrawLabel@md3Model_t@OpenGLDrv@@UAEXPAUrefEntity_t@2@@Z 0044119c f   gl_frontend.obj
 0001:00040205       ?InitEntity@sprModel_t@OpenGLDrv@@UAE_NPAUentity_t@@PAUrefEntity_t@2@@Z 00441205 f   gl_frontend.obj
 0001:00040228       ?AddSurfaces@sprModel_t@OpenGLDrv@@UAEXPAUrefEntity_t@2@@Z 00441228 f   gl_frontend.obj
 0001:000403a6       ?GetLeaf@sprModel_t@OpenGLDrv@@UAEPBUCBspLeaf@@PAUrefEntity_t@2@@Z 004413a6 f   gl_frontend.obj
 0001:0004048e       ?AddEntity@OpenGLDrv@@YAXPAUentity_t@@@Z 0044148e f   gl_frontend.obj
 0001:00040647       ?AddDlight@OpenGLDrv@@YAXPAUdlight_t@@@Z 00441647 f   gl_frontend.obj
 0001:000407ff       ?DrawPortal@OpenGLDrv@@YAXXZ 004417ff f   gl_frontend.obj
 0001:00042a17       ?GL_TextureMode@OpenGLDrv@@YAXPBD@Z 00443a17 f   gl_image.obj
 0001:00042ac2       ?CreateImage@OpenGLDrv@@YAPAVimage_t@1@PBDPAXHHI@Z 00443ac2 f   gl_image.obj
 0001:00043874       ?CreateImage8@OpenGLDrv@@YAPAVimage_t@1@PBDPAXHHIPAI@Z 00444874 f   gl_image.obj
 0001:00043953       ?LoadDelayedImages@OpenGLDrv@@YAXXZ 00444953 f   gl_image.obj
 0001:000439e6       ?DrawStretchRaw8@OpenGLDrv@@YAXHHHHHHPAEPAI@Z 004449e6 f   gl_image.obj
 0001:00043d19       ?SetupGamma@OpenGLDrv@@YAXXZ 00444d19 f   gl_image.obj
 0001:00043e5f       ?PerformScreenshot@OpenGLDrv@@YAXXZ 00444e5f f   gl_image.obj
 0001:000440d0       ?InitImages@OpenGLDrv@@YAXXZ 004450d0 f   gl_image.obj
 0001:000448a9       ?ShutdownImages@OpenGLDrv@@YAXXZ 004458a9 f   gl_image.obj
 0001:00044910       ?ShowImages@OpenGLDrv@@YAXXZ 00445910 f   gl_image.obj
 0001:00044b9c       ?FindImage@OpenGLDrv@@YAPAVimage_t@1@PBDI@Z 00445b9c f   gl_image.obj
 0001:00044f09       ?GL_Lock@OpenGLDrv@@YAXXZ  00445f09 f   gl_interface.obj
 0001:00044f81       ?GL_Unlock@OpenGLDrv@@YAXXZ 00445f81 f   gl_interface.obj
 0001:00045143       ?GL_Bind@OpenGLDrv@@YAXPBVimage_t@1@@Z 00446143 f   gl_interface.obj
 0001:000452d8       ?GL_BindForce@OpenGLDrv@@YAXPBVimage_t@1@@Z 004462d8 f   gl_interface.obj
 0001:00045370       ?GL_TexEnv@OpenGLDrv@@YAXI@Z 00446370 f   gl_interface.obj
 0001:000454ef       ?GL_TexMipBias@OpenGLDrv@@YAXM@Z 004464ef f   gl_interface.obj
 0001:0004554b       ?GL_TexEnvColor@OpenGLDrv@@YAXPBTcolor_t@@@Z 0044654b f   gl_interface.obj
 0001:000455fb       ?GL_SelectTexture@OpenGLDrv@@YAXH@Z 004465fb f   gl_interface.obj
 0001:0004565e       ?GL_TexCoordPointer@OpenGLDrv@@YAXPAX@Z 0044665e f   gl_interface.obj
 0001:00045691       ?GL_SetMultitexture@OpenGLDrv@@YAXH@Z 00446691 f   gl_interface.obj
 0001:00045782       ?GL_DisableTexCoordArrays@OpenGLDrv@@YAXXZ 00446782 f   gl_interface.obj
 0001:000457d6       ?GL_CullFace@OpenGLDrv@@YAXW4gl_cullMode_t@1@@Z 004467d6 f   gl_interface.obj
 0001:0004582a       ?GL_DepthRange@OpenGLDrv@@YAXW4gl_depthMode_t@1@@Z 0044682a f   gl_interface.obj
 0001:00045860       ?GL_State@OpenGLDrv@@YAXI@Z 00446860 f   gl_interface.obj
 0001:000459b0       ?GL_EnableFog@OpenGLDrv@@YAX_N@Z 004469b0 f   gl_interface.obj
 0001:00045a8a       ?GL_SetDefaultState@OpenGLDrv@@YAXXZ 00446a8a f   gl_interface.obj
 0001:00045be1       ?GL_Set2DMode@OpenGLDrv@@YAXXZ 00446be1 f   gl_interface.obj
 0001:00045cd5       ?GL_Set3DMode@OpenGLDrv@@YAXPAUviewPortal_t@1@@Z 00446cd5 f   gl_interface.obj
 0001:00045dc0       ?Show@CPointLight@OpenGLDrv@@UBEXXZ 00446dc0 f   gl_light.obj
 0001:00045fc6       ?Show@CSurfLight@OpenGLDrv@@UBEXXZ 00446fc6 f   gl_light.obj
 0001:00046126       ?ShowLights@OpenGLDrv@@YAXXZ 00447126 f   gl_light.obj
 0001:00046195       ?Init@CPointLight@OpenGLDrv@@UAEXXZ 00447195 f   gl_light.obj
 0001:000461ad       ?Init@CLightLinear@OpenGLDrv@@EAEXXZ 004471ad f   gl_light.obj
 0001:000461e1       ?GetScale@CLightLinear@OpenGLDrv@@EBEMM@Z 004471e1 f   gl_light.obj
 0001:000461f1       ?Init@CLightInv@OpenGLDrv@@EAEXXZ 004471f1 f   gl_light.obj
 0001:0004620d       ?GetScale@CLightInv@OpenGLDrv@@EBEMM@Z 0044720d f   gl_light.obj
 0001:00046229       ?Init@CLightInv2@OpenGLDrv@@EAEXXZ 00447229 f   gl_light.obj
 0001:00046292       ?GetScale@CLightInv2@OpenGLDrv@@EBEMM@Z 00447292 f   gl_light.obj
 0001:000462b4       ?Init@CLightNofade@OpenGLDrv@@EAEXXZ 004472b4 f   gl_light.obj
 0001:000462c5       ?GetScale@CLightNofade@OpenGLDrv@@EBEMM@Z 004472c5 f   gl_light.obj
 0001:000462cb       ?Add@CPointLight@OpenGLDrv@@UBEXABUCVec3@@ABUCAxis@@@Z 004472cb f   gl_light.obj
 0001:00046717       ?Init@CSurfLight@OpenGLDrv@@UAEXXZ 00447717 f   gl_light.obj
 0001:000467f2       ?Add@CSurfLight@OpenGLDrv@@UBEXABUCVec3@@ABUCAxis@@@Z 004477f2 f   gl_light.obj
 0001:00046c13       ?Init@CSunLight@OpenGLDrv@@UAEXXZ 00447c13 f   gl_light.obj
 0001:00046cc0       ?Add@CSunLight@OpenGLDrv@@UBEXABUCVec3@@ABUCAxis@@@Z 00447cc0 f   gl_light.obj
 0001:00046d86       ?LightForEntity@OpenGLDrv@@YAXPAUrefEntity_t@1@@Z 00447d86 f   gl_light.obj
 0001:00047661       ?DiffuseLight@OpenGLDrv@@YAXPATcolor_t@@M@Z 00448661 f   gl_light.obj
 0001:000478ad       ?InitLightGrid@OpenGLDrv@@YAXXZ 004488ad f   gl_light.obj
 0001:00047953       ?PostLoadLights@OpenGLDrv@@YAXXZ 00448953 f   gl_light.obj
 0001:00047a3c       ?LM_Init@OpenGLDrv@@YAXXZ  00448a3c f   gl_lightmap.obj
 0001:00047a52       ?LM_Flush@OpenGLDrv@@YAXPAUlightmapBlock_t@1@@Z 00448a52 f   gl_lightmap.obj
 0001:00047ab2       ?LM_Done@OpenGLDrv@@YAXXZ  00448ab2 f   gl_lightmap.obj
 0001:00047ad9       ?LM_Save@OpenGLDrv@@YAXPAUlightmapBlock_t@1@@Z 00448ad9 f   gl_lightmap.obj
 0001:00047af4       ?LM_Restore@OpenGLDrv@@YAXPAUlightmapBlock_t@1@@Z 00448af4 f   gl_lightmap.obj
 0001:00047b0f       ?LM_NewBlock@OpenGLDrv@@YAPAUlightmapBlock_t@1@XZ 00448b0f f   gl_lightmap.obj
 0001:00047b6e       ?LM_Rewind@OpenGLDrv@@YAXXZ 00448b6e f   gl_lightmap.obj
 0001:00047b76       ?LM_NextBlock@OpenGLDrv@@YAPAUlightmapBlock_t@1@XZ 00448b76 f   gl_lightmap.obj
 0001:00047ba3       ?LM_CheckMinlight@OpenGLDrv@@YAXPAUdynamicLightmap_t@1@@Z 00448ba3 f   gl_lightmap.obj
 0001:00047c39       ?LM_AllocBlock@OpenGLDrv@@YA_NPAUlightmapBlock_t@1@PAUdynamicLightmap_t@1@@Z 00448c39 f   gl_lightmap.obj
 0001:00047d5f       ?LM_Copy@OpenGLDrv@@YAXPAE0H@Z 00448d5f f   gl_lightmap.obj
 0001:000480d8       ?LM_PutBlock@OpenGLDrv@@YAXPAUdynamicLightmap_t@1@@Z 004490d8 f   gl_lightmap.obj
 0001:000481ef       ?LM_PutBlock1@OpenGLDrv@@YAXPAUdynamicLightmap_t@1@@Z 004491ef f   gl_lightmap.obj
 0001:00048340       ?LM_SortLightStyles@OpenGLDrv@@YAXPAUdynamicLightmap_t@1@@Z 00449340 f   gl_lightmap.obj
 0001:000483d2       ?UpdateDynamicLightmap@OpenGLDrv@@YAXPAVsurfacePlanar_t@1@_NI@Z 004493d2 f   gl_lightmap.obj
 0001:00048c18       ?LM_IsMonotone@OpenGLDrv@@YA_NPAUdynamicLightmap_t@1@PATcolor_t@@@Z 00449c18 f   gl_lightmap.obj
 0001:00048d1f       ?Init@OpenGLDrv@@YA_NXZ    00449d1f f   gl_main.obj
 0001:0004940f       ?Shutdown@OpenGLDrv@@YAX_N@Z 0044a40f f   gl_main.obj
 0001:00049498       ?GL_EnableRendering@OpenGLDrv@@YAX_N@Z 0044a498 f   gl_main.obj
 0001:000494b6       ?BeginFrame@OpenGLDrv@@YAXN@Z 0044a4b6 f   gl_main.obj
 0001:000495e3       ?EndFrame@OpenGLDrv@@YAXXZ 0044a5e3 f   gl_main.obj
 0001:000495fb       ?RenderFrame@OpenGLDrv@@YAXPAUrefdef_t@@@Z 0044a5fb f   gl_main.obj
 0001:00049b41       ?Zero@FDrawStats@OpenGLDrv@@QAEXXZ 0044ab41 f i gl_main.obj
 0001:00049f52       ?Fill8@OpenGLDrv@@YAXHHHHH@Z 0044af52 f   gl_main.obj
 0001:00049f95       ?Fill@OpenGLDrv@@YAXHHHHI@Z 0044af95 f   gl_main.obj
 0001:00049fd1       ?TileClear@OpenGLDrv@@YAXHHHHPBD@Z 0044afd1 f   gl_main.obj
 0001:0004a072       ?DrawStretchPic@OpenGLDrv@@YAXHHHHPBD@Z 0044b072 f   gl_main.obj
 0001:0004a0b7       ?DrawDetailedPic@OpenGLDrv@@YAXHHHHPBD@Z 0044b0b7 f   gl_main.obj
 0001:0004a161       ?DrawPic@OpenGLDrv@@YAXHHPBDHH@Z 0044b161 f   gl_main.obj
 0001:0004a1e9       ?LoadNewWorld@OpenGLDrv@@YAXXZ 0044b1e9 f   gl_main.obj
 0001:0004a209       ?DumpLoadStats@OpenGLDrv@@YAXXZ 0044b209 f   gl_main.obj
 0001:0004a28f       ?FinishLoadingWorld@OpenGLDrv@@YAXXZ 0044b28f f   gl_main.obj
 0001:0004a294       ?RegisterPic@OpenGLDrv@@YAPAVCBasicImage@@PBD@Z 0044b294 f   gl_main.obj
 0001:0004a2a8       ?RegisterSkin@OpenGLDrv@@YAPAVCBasicImage@@PBD_N@Z 0044b2a8 f   gl_main.obj
 0001:0004a2c8       ?RegisterModel@OpenGLDrv@@YAPAVCRenderModel@@PBD@Z 0044b2c8 f   gl_main.obj
 0001:0004a2d6       ?SetSky@OpenGLDrv@@YAXPBDMABUCVec3@@@Z 0044b2d6 f   gl_main.obj
 0001:0004a3de       ?Screenshot@OpenGLDrv@@YAXHPBD@Z 0044b3de f   gl_main.obj
 0001:0004a406       ?GetClientLight@OpenGLDrv@@YAMXZ 0044b406 f   gl_main.obj
 0001:0004a40d       ?InitFuncTables@OpenGLDrv@@YAXXZ 0044b40d f   gl_math.obj
 0001:0004a511       ?BuildRotationAxis@OpenGLDrv@@YAXAAUCAxis@@ABUCVec3@@M@Z 0044b511 f   gl_math.obj
 0001:0004a608       ?GetBoxRect@OpenGLDrv@@YA_NPBUrefEntity_t@1@ABUCVec3@@QAM2_N@Z 0044b608 f   gl_math.obj
 0001:0004a912       ?ProjectToScreen@OpenGLDrv@@YA_NABUCVec3@@QAH@Z 0044b912 f   gl_math.obj
 0001:0004aa55       ?SaturateColor3f@OpenGLDrv@@YAXAAUCVec3@@@Z 0044ba55 f   gl_math.obj
 0001:0004ab45       ?SaturateColor4b@OpenGLDrv@@YAXPATcolor_t@@@Z 0044bb45 f   gl_math.obj
 0001:0004ac53       ?SubdividePlane@OpenGLDrv@@YAHPAPAUCVec3@@HM@Z 0044bc53 f   gl_poly.obj
 0001:0004b132       ?FreeSubdividedPlane@OpenGLDrv@@YAXXZ 0044c132 f   gl_poly.obj
 0001:0004b14a       ?GetSubdivideIndexes@OpenGLDrv@@YAXPAH@Z 0044c14a f   gl_poly.obj
 0001:0004b1a0       ?RemoveCollinearPoints@OpenGLDrv@@YAHPAPAUCVec3@@H@Z 0044c1a0 f   gl_poly.obj
 0001:0004b296       ?GetPolyArea@OpenGLDrv@@YAMPAPAUCVec3@@H@Z 0044c296 f   gl_poly.obj
 0001:0004b329       ?InitShaders@OpenGLDrv@@YAXXZ 0044c329 f   gl_shader.obj
 0001:0004b4c7       ?ShutdownShaders@OpenGLDrv@@YAXXZ 0044c4c7 f   gl_shader.obj
 0001:0004b505       ?GetLightmapImage@OpenGLDrv@@YAPAVimage_t@1@H@Z 0044c505 f   gl_shader.obj
 0001:0004b530       ?SetShaderLightmap@OpenGLDrv@@YAPAVshader_t@1@PAV21@H@Z 0044c530 f   gl_shader.obj
 0001:0004b84a       ??4shader_t@OpenGLDrv@@QAEAAV01@ABV01@@Z 0044c84a f i gl_shader.obj
 0001:0004ba9e       ?SetShaderLightstyles@OpenGLDrv@@YAPAVshader_t@1@PAV21@I_N@Z 0044ca9e f   gl_shader.obj
 0001:0004bb50       ?GetAlphaShader@OpenGLDrv@@YAPAVshader_t@1@PAV21@@Z 0044cb50 f   gl_shader.obj
 0001:0004bfb1       ?SetShaderAnimFreq@OpenGLDrv@@YAXPAVshader_t@1@H@Z 0044cfb1 f   gl_shader.obj
 0001:0004c007       ?FindShader@OpenGLDrv@@YAPAVshader_t@1@PBDI@Z 0044d007 f   gl_shader.obj
 0001:0004db19       ?GetShaderByNum@OpenGLDrv@@YAPAVshader_t@1@H@Z 0044eb19 f   gl_shader.obj
 0001:0004db3b       ?ResetShaders@OpenGLDrv@@YAXXZ 0044eb3b f   gl_shader.obj
 0001:0004dd70       ?Reload@shader_t@OpenGLDrv@@UAEXXZ 0044ed70 f   gl_shader.obj
 0001:0004dd9f       ?ClearSky@OpenGLDrv@@YAXXZ 0044ed9f f   gl_sky.obj
 0001:0004ddfc       ?AddSkySurface@OpenGLDrv@@YAXPAVsurfacePlanar_t@1@E@Z 0044edfc f   gl_sky.obj
 0001:0004e3c4       ?DrawSky@OpenGLDrv@@YAXXZ  0044f3c4 f   gl_sky.obj
 0001:0004ebd8       ?DrawChar@OpenGLDrv@@YAXHHHH@Z 0044fbd8 f   gl_text.obj
 0001:0004ec32       ?ClearTexts@OpenGLDrv@@YAXXZ 0044fc32 f   gl_text.obj
 0001:0004ec47       ?FlushTexts@OpenGLDrv@@YAXXZ 0044fc47 f   gl_text.obj
 0001:0004ecf3       ?DrawTextPos@OpenGLDrv@@YAXHHPBDI@Z 0044fcf3 f   gl_text.obj
 0001:0004ed1f       ?DrawTextLeft@OpenGLDrv@@YAXPBDI@Z 0044fd1f f   gl_text.obj
 0001:0004eda7       ?DrawTextRight@OpenGLDrv@@YAXPBDI@Z 0044fda7 f   gl_text.obj
 0001:0004edf1       ?DrawText3D@OpenGLDrv@@YAXABUCVec3@@PBDI@Z 0044fdf1 f   gl_text.obj
 0001:0004ee1e       ?InitTexts@OpenGLDrv@@YAXXZ 0044fe1e f   gl_text.obj
 0001:0004ee38       ??0?$TTextContainer@UCRText@OpenGLDrv@@$0BAAAA@@@QAE@XZ 0044fe38 f i gl_text.obj
 0001:0004ee5d       ?FindModel@OpenGLDrv@@YAPAVmodel_t@1@PBD@Z 0044fe5d f   gl_model.obj
 0001:0004f039       ?FreeModels@OpenGLDrv@@YAXXZ 00450039 f   gl_model.obj
 0001:0004f0ab       ?InitModels@OpenGLDrv@@YAXXZ 004500ab f   gl_model.obj
 0001:0004f1a1       ?ShutdownModels@OpenGLDrv@@YAXXZ 004501a1 f   gl_model.obj
 0001:0004f1b2       ?LoadWorldMap@OpenGLDrv@@YAXXZ 004501b2 f   gl_bspmodel.obj
 0001:0004f625       ?GetName@CLightLinear@OpenGLDrv@@EBEPBDXZ 00450625 f i gl_bspmodel.obj
 0001:0004f62b       ?GetName@CLightInv@OpenGLDrv@@EBEPBDXZ 0045062b f i gl_bspmodel.obj
 0001:0004f631       ?GetName@CLightInv2@OpenGLDrv@@EBEPBDXZ 00450631 f i gl_bspmodel.obj
 0001:0004f637       ?GetName@CLightNofade@OpenGLDrv@@EBEPBDXZ 00450637 f i gl_bspmodel.obj
 0001:0004f63d       ?Show@CSunLight@OpenGLDrv@@UBEXXZ 0045063d f i gl_bspmodel.obj
 0001:0004f63d       ?Flush@COutputDevice@@UAEXXZ 0045063d f i gl_bspmodel.obj
 0001:0004f63d       ?Close@COutputDevice@@UAEXXZ 0045063d f i gl_bspmodel.obj
[...]
 0001:000643b4       _noscale                   004653b4 f   libs-vc-win32:jcscale.obj
 0001:00063e5d       _start_pass                00464e5d f   libs-vc-win32:jcpred.obj
 0001:00063eb5       _reset_predictor           00464eb5 f   libs-vc-win32:jcpred.obj
 0001:00063ee2       _jpeg_difference_first_row 00464ee2 f   libs-vc-win32:jcpred.obj
 0001:00063fcc       _jpeg_difference1          00464fcc f   libs-vc-win32:jcpred.obj
 0001:0006403a       _jpeg_difference2          0046503a f   libs-vc-win32:jcpred.obj
 0001:000640ab       _jpeg_difference3          004650ab f   libs-vc-win32:jcpred.obj
 0001:00064123       _jpeg_difference4          00465123 f   libs-vc-win32:jcpred.obj
 0001:000641ae       _jpeg_difference5          004651ae f   libs-vc-win32:jcpred.obj
 0001:00064241       _jpeg_difference6          00465241 f   libs-vc-win32:jcpred.obj
 0001:000642d0       _jpeg_difference7          004652d0 f   libs-vc-win32:jcpred.obj
 0001:0006374c       _start_pass_huff           0046474c f   libs-vc-win32:jclhuff.obj
 0001:000638e9       _encode_mcus_huff          004648e9 f   libs-vc-win32:jclhuff.obj
 0001:00063ad4       _emit_bits                 00464ad4 f   libs-vc-win32:jclhuff.obj
 0001:00063b77       _dump_buffer               00464b77 f   libs-vc-win32:jclhuff.obj
 0001:00063b9b       _emit_restart              00464b9b f   libs-vc-win32:jclhuff.obj
 0001:00063be6       _flush_bits                00464be6 f   libs-vc-win32:jclhuff.obj
 0001:00063c0a       _finish_pass_huff          00464c0a f   libs-vc-win32:jclhuff.obj
 0001:00063c77       _encode_mcus_gather        00464c77 f   libs-vc-win32:jclhuff.obj
 0001:00063da0       _finish_pass_gather        00464da0 f   libs-vc-win32:jclhuff.obj
 0001:00063e36       _need_optimization_pass    00464e36 f   libs-vc-win32:jclhuff.obj
 0001:0006332a       _start_pass_diff           0046432a f   libs-vc-win32:jcdiffct.obj
 0001:000633c8       _start_iMCU_row            004643c8 f   libs-vc-win32:jcdiffct.obj
 0001:0006340a       _compress_data             0046440a f   libs-vc-win32:jcdiffct.obj
 0001:000635a0       _compress_first_pass       004645a0 f   libs-vc-win32:jcdiffct.obj
 0001:00063695       _compress_output           00464695 f   libs-vc-win32:jcdiffct.obj
 0001:00062f3d       _start_pass_fdctmgr        00463f3d f   libs-vc-win32:jcdctmgr.obj
 0001:0006303f       _forward_DCT_float         0046403f f   libs-vc-win32:jcdctmgr.obj
 0001:00062472       _start_pass_phuff          00463472 f   libs-vc-win32:jcphuff.obj
 0001:000625df       _encode_mcu_DC_first       004635df f   libs-vc-win32:jcphuff.obj
 0001:00062711       _emit_bits                 00463711 f   libs-vc-win32:jcphuff.obj
 0001:000627bc       _dump_buffer               004637bc f   libs-vc-win32:jcphuff.obj
 0001:000627f4       _emit_symbol               004637f4 f   libs-vc-win32:jcphuff.obj
 0001:00062834       _emit_restart              00463834 f   libs-vc-win32:jcphuff.obj
 0001:000628bd       _emit_eobrun               004638bd f   libs-vc-win32:jcphuff.obj
 0001:00062943       _encode_mcu_AC_first       00463943 f   libs-vc-win32:jcphuff.obj
 0001:00062ad7       _encode_mcu_DC_refine      00463ad7 f   libs-vc-win32:jcphuff.obj
 0001:00062b91       _encode_mcu_AC_refine      00463b91 f   libs-vc-win32:jcphuff.obj
 0001:00062da8       _finish_pass_phuff         00463da8 f   libs-vc-win32:jcphuff.obj
 0001:00062df7       _finish_pass_gather_phuff  00463df7 f   libs-vc-win32:jcphuff.obj
 0001:00062eba       _need_optimization_pass    00463eba f   libs-vc-win32:jcphuff.obj
 0001:00061c0d       _start_pass_huff           00462c0d f   libs-vc-win32:jcshuff.obj
 0001:00061d82       _encode_mcu_huff           00462d82 f   libs-vc-win32:jcshuff.obj
 0001:00061e8d       _encode_one_block          00462e8d f   libs-vc-win32:jcshuff.obj
 0001:00062004       _emit_bits                 00463004 f   libs-vc-win32:jcshuff.obj
 0001:000620a7       _dump_buffer               004630a7 f   libs-vc-win32:jcshuff.obj
 0001:000620cb       _emit_restart              004630cb f   libs-vc-win32:jcshuff.obj
 0001:00062138       _flush_bits                00463138 f   libs-vc-win32:jcshuff.obj
 0001:0006215c       _finish_pass_huff          0046315c f   libs-vc-win32:jcshuff.obj
 0001:000621cb       _encode_mcu_gather         004631cb f   libs-vc-win32:jcshuff.obj
 0001:00062281       _htest_one_block           00463281 f   libs-vc-win32:jcshuff.obj
 0001:00062348       _finish_pass_gather        00463348 f   libs-vc-win32:jcshuff.obj
 0001:00063e36       _need_optimization_pass    00464e36 f   libs-vc-win32:jclhuff.obj
 0001:000615e0       _start_pass_coef           004625e0 f   libs-vc-win32:jccoefct.obj
 0001:000633c8       _start_iMCU_row            004643c8 f   libs-vc-win32:jcdiffct.obj
 0001:00061675       _compress_data             00462675 f   libs-vc-win32:jccoefct.obj
 0001:0006185c       _compress_first_pass       0046285c f   libs-vc-win32:jccoefct.obj
 0001:00061a42       _compress_output           00462a42 f   libs-vc-win32:jccoefct.obj
 0001:000614f8       _calc_output_dimensions    004624f8 f   libs-vc-win32:jdlossls.obj
 0001:00061509       _start_input_pass          00462509 f   libs-vc-win32:jdlossls.obj
 0001:00061237       _calc_output_dimensions    00462237 f   libs-vc-win32:jdlossy.obj
 0001:000613aa       _start_input_pass          004623aa f   libs-vc-win32:jdlossy.obj
 0001:000613ca       _latch_quant_tables        004623ca f   libs-vc-win32:jdlossy.obj
 0001:00061462       _start_output_pass         00462462 f   libs-vc-win32:jdlossy.obj
 0001:00061186       _start_pass                00462186 f   libs-vc-win32:jclossls.obj
 0001:000610f2       _start_pass                004620f2 f   libs-vc-win32:jclossy.obj
 0001:00060647       _initial_setup             00461647 f   libs-vc-win32:jcmaster.obj
 0001:000607fa       _validate_script           004617fa f   libs-vc-win32:jcmaster.obj
 0001:00060bd2       _prepare_for_pass          00461bd2 f   libs-vc-win32:jcmaster.obj
 0001:00060d4a       _select_scan_parameters    00461d4a f   libs-vc-win32:jcmaster.obj
 0001:00060e4b       _per_scan_setup            00461e4b f   libs-vc-win32:jcmaster.obj
 0001:00060ff6       _pass_startup              00461ff6 f   libs-vc-win32:jcmaster.obj
 0001:0006101d       _finish_pass_master        0046201d f   libs-vc-win32:jcmaster.obj
 0001:00060133       _rgb_ycc_start             00461133 f   libs-vc-win32:jccolor.obj
 0001:000601f7       _rgb_ycc_convert           004611f7 f   libs-vc-win32:jccolor.obj
 0001:000602f6       _rgb_gray_convert          004612f6 f   libs-vc-win32:jccolor.obj
 0001:0006037b       _cmyk_ycck_convert         0046137b f   libs-vc-win32:jccolor.obj
 0001:000604b3       _grayscale_convert         004614b3 f   libs-vc-win32:jccolor.obj
 0001:0006050d       _null_convert              0046150d f   libs-vc-win32:jccolor.obj
 0001:000316e7       _null_method               004326e7 f   images.obj
 0001:000316e7       _start_pass_downsample     004326e7 f   images.obj
 0001:0005f87f       _sep_downsample            0046087f f   libs-vc-win32:jcsample.obj
 0001:0005f8f4       _int_downsample            004608f4 f   libs-vc-win32:jcsample.obj
 0001:0005f9ec       _expand_right_edge         004609ec f   libs-vc-win32:jcsample.obj
 0001:0005fa41       _fullsize_downsample       00460a41 f   libs-vc-win32:jcsample.obj
 0001:0005fa85       _h2v1_downsample           00460a85 f   libs-vc-win32:jcsample.obj
 0001:0005fb19       _h2v2_downsample           00460b19 f   libs-vc-win32:jcsample.obj
 0001:0005fbc6       _h2v2_smooth_downsample    00460bc6 f   libs-vc-win32:jcsample.obj
 0001:0005fe3e       _fullsize_smooth_downsample 00460e3e f   libs-vc-win32:jcsample.obj
 0001:0005f27b       _start_pass_prep           0046027b f   libs-vc-win32:jcprepct.obj
 0001:0005f2b9       _pre_process_data          004602b9 f   libs-vc-win32:jcprepct.obj
 0001:0005f467       _pre_process_context       00460467 f   libs-vc-win32:jcprepct.obj
 0001:0005f620       _create_context_buffer     00460620 f   libs-vc-win32:jcprepct.obj
 0001:0005f0f3       _start_pass_main           004600f3 f   libs-vc-win32:jcmainct.obj
 0001:0005f135       _process_data_simple_main  00460135 f   libs-vc-win32:jcmainct.obj
 0001:0005e6c9       _create_colormap           0045f6c9 f   libs-vc-win32:jquant1.obj
 0001:0005e7fb       _select_ncolors            0045f7fb f   libs-vc-win32:jquant1.obj
 0001:0005e8d2       _create_colorindex         0045f8d2 f   libs-vc-win32:jquant1.obj
 0001:0005e9fe       _alloc_fs_workspace        0045f9fe f   libs-vc-win32:jquant1.obj
 0001:0005ea3a       _start_pass_1_quant        0045fa3a f   libs-vc-win32:jquant1.obj
 0001:0005eb06       _create_odither_tables     0045fb06 f   libs-vc-win32:jquant1.obj
 0001:0005eb65       _make_odither_array        0045fb65 f   libs-vc-win32:jquant1.obj
 0001:0005ebc8       _color_quantize            0045fbc8 f   libs-vc-win32:jquant1.obj
 0001:0005ec53       _color_quantize3           0045fc53 f   libs-vc-win32:jquant1.obj
 0001:0005ece1       _quantize_ord_dither       0045fce1 f   libs-vc-win32:jquant1.obj
 0001:0005edcc       _quantize3_ord_dither      0045fdcc f   libs-vc-win32:jquant1.obj
 0001:0005eecc       _quantize_fs_dither        0045fecc f   libs-vc-win32:jquant1.obj
 0001:000316e7       _finish_pass_1_quant       004326e7 f   images.obj
 0001:0005f050       _new_color_map_1_quant     00460050 f   libs-vc-win32:jquant1.obj
 0001:0005d68a       _init_error_limit          0045e68a f   libs-vc-win32:jquant2.obj
 0001:0005d729       _start_pass_2_quant        0045e729 f   libs-vc-win32:jquant2.obj
 0001:0005d82b       _prescan_quantize          0045e82b f   libs-vc-win32:jquant2.obj
 0001:0005d89a       _pass2_no_dither           0045e89a f   libs-vc-win32:jquant2.obj
 0001:0005d947       _fill_inverse_cmap         0045e947 f   libs-vc-win32:jquant2.obj
 0001:0005da12       _find_nearby_colors        0045ea12 f   libs-vc-win32:jquant2.obj
 0001:0005dbb6       _find_best_colors          0045ebb6 f   libs-vc-win32:jquant2.obj
 0001:0005dcd0       _pass2_fs_dither           0045ecd0 f   libs-vc-win32:jquant2.obj
 0001:0005df3f       _finish_pass1              0045ef3f f   libs-vc-win32:jquant2.obj
 0001:0005df61       _select_colors             0045ef61 f   libs-vc-win32:jquant2.obj
 0001:0005dfed       _update_box                0045efed f   libs-vc-win32:jquant2.obj
 0001:0005e387       _median_cut                0045f387 f   libs-vc-win32:jquant2.obj
 0001:0005e49b       _find_biggest_color_pop    0045f49b f   libs-vc-win32:jquant2.obj
 0001:0005e4ca       _find_biggest_volume       0045f4ca f   libs-vc-win32:jquant2.obj
 0001:0005e4f3       _compute_color             0045f4f3 f   libs-vc-win32:jquant2.obj
 0001:000316e7       _finish_pass2              004326e7 f   images.obj
 0001:0005e62f       _new_color_map_2_quant     0045f62f f   libs-vc-win32:jquant2.obj
 0001:0005d0a1       _build_ycc_rgb_table       0045e0a1 f   libs-vc-win32:jdmerge.obj
 0001:0005d151       _start_pass_merged_upsample 0045e151 f   libs-vc-win32:jdmerge.obj
 0001:0005d166       _merged_2v_upsample        0045e166 f   libs-vc-win32:jdmerge.obj
 0001:0005d20d       _merged_1v_upsample        0045e20d f   libs-vc-win32:jdmerge.obj
 0001:0005d23e       _h2v1_merged_upsample      0045e23e f   libs-vc-win32:jdmerge.obj
 0001:0005d394       _h2v2_merged_upsample      0045e394 f   libs-vc-win32:jdmerge.obj
 0001:0005cc45       _build_ycc_rgb_table       0045dc45 f   libs-vc-win32:jdcolor.obj
 0001:0005ccf5       _ycc_rgb_convert           0045dcf5 f   libs-vc-win32:jdcolor.obj
 0001:0005ce03       _null_convert              0045de03 f   libs-vc-win32:jdcolor.obj
 0001:0005ce7b       _grayscale_convert         0045de7b f   libs-vc-win32:jdcolor.obj
 0001:0005ce9e       _gray_rgb_convert          0045de9e f   libs-vc-win32:jdcolor.obj
 0001:0005cef7       _ycck_cmyk_convert         0045def7 f   libs-vc-win32:jdcolor.obj
 0001:000316e7       _start_pass_dcolor         004326e7 f   images.obj
 0001:0005c6a6       _start_pass_upsample       0045d6a6 f   libs-vc-win32:jdsample.obj
 0001:0005c6c0       _sep_upsample              0045d6c0 f   libs-vc-win32:jdsample.obj
 0001:0005c78d       _fullsize_upsample         0045d78d f   libs-vc-win32:jdsample.obj
 0001:0005c798       _noop_upsample             0045d798 f   libs-vc-win32:jdsample.obj
 0001:0005c7a0       _int_upsample              0045d7a0 f   libs-vc-win32:jdsample.obj
 0001:0005c88a       _h2v1_upsample             0045d88a f   libs-vc-win32:jdsample.obj
 0001:0005c8e1       _h2v2_upsample             0045d8e1 f   libs-vc-win32:jdsample.obj
 0001:0005c953       _h2v1_fancy_upsample       0045d953 f   libs-vc-win32:jdsample.obj
 0001:0005c9f6       _h2v2_fancy_upsample       0045d9f6 f   libs-vc-win32:jdsample.obj
 0001:0005c2af       _start_pass_dpost          0045d2af f   libs-vc-win32:jdpostct.obj
 0001:0005c355       _post_process_1pass        0045d355 f   libs-vc-win32:jdpostct.obj
 0001:0005c3ba       _post_process_prepass      0045d3ba f   libs-vc-win32:jdpostct.obj
 0001:0005c44b       _post_process_2pass        0045d44b f   libs-vc-win32:jdpostct.obj
 0001:0005bcb6       _alloc_funny_pointers      0045ccb6 f   libs-vc-win32:jdmainct.obj
 0001:0005bd63       _start_pass_main           0045cd63 f   libs-vc-win32:jdmainct.obj
 0001:0005bdcb       _make_funny_pointers       0045cdcb f   libs-vc-win32:jdmainct.obj
 0001:0005bf0b       _process_data_simple_main  0045cf0b f   libs-vc-win32:jdmainct.obj
 0001:0005bf73       _process_data_context_main 0045cf73 f   libs-vc-win32:jdmainct.obj
 0001:0005c085       _set_wraparound_pointers   0045d085 f   libs-vc-win32:jdmainct.obj
 0001:0005c16f       _set_bottom_pointers       0045d16f f   libs-vc-win32:jdmainct.obj
 0001:0005c209       _process_data_crank_post   0045d209 f   libs-vc-win32:jdmainct.obj
 0001:0005a9df       _write_marker_header       0045b9df f   libs-vc-win32:jcmarker.obj
 0001:0005aa35       _emit_byte                 0045ba35 f   libs-vc-win32:jcmarker.obj
 0001:0005aa66       _write_marker_byte         0045ba66 f   libs-vc-win32:jcmarker.obj
 0001:0005aa76       _write_file_header         0045ba76 f   libs-vc-win32:jcmarker.obj
 0001:0005aac2       _emit_jfif_app0            0045bac2 f   libs-vc-win32:jcmarker.obj
 0001:0005ab95       _emit_adobe_app14          0045bb95 f   libs-vc-win32:jcmarker.obj
 0001:0005ac3b       _write_frame_header        0045bc3b f   libs-vc-win32:jcmarker.obj
 0001:0005ad1a       _emit_dqt                  0045bd1a f   libs-vc-win32:jcmarker.obj
 0001:0005ae09       _emit_sof                  0045be09 f   libs-vc-win32:jcmarker.obj
 0001:0005aee5       _write_scan_header         0045bee5 f   libs-vc-win32:jcmarker.obj
 0001:0005afa5       _emit_dht                  0045bfa5 f   libs-vc-win32:jcmarker.obj
 0001:0005b07e       _emit_dri                  0045c07e f   libs-vc-win32:jcmarker.obj
 0001:0005b0cd       _emit_sos                  0045c0cd f   libs-vc-win32:jcmarker.obj
 0001:0005b1bb       _write_file_trailer        0045c1bb f   libs-vc-win32:jcmarker.obj
 0001:0005b1db       _write_tables_only         0045c1db f   libs-vc-win32:jcmarker.obj
 0001:0005a534       _use_merged_upsample       0045b534 f   libs-vc-win32:jdmaster.obj
 0001:0005a5da       _master_selection          0045b5da f   libs-vc-win32:jdmaster.obj
 0001:0005a737       _prepare_range_limit_table 0045b737 f   libs-vc-win32:jdmaster.obj
 0001:0005a7bd       _prepare_for_output_pass   0045b7bd f   libs-vc-win32:jdmaster.obj
 0001:0005a8de       _finish_output_pass        0045b8de f   libs-vc-win32:jdmaster.obj
 0001:000599ab       _alloc_small               0045a9ab f   libs-vc-win32:jmemmgr.obj
 0001:00059ac9       _alloc_large               0045aac9 f   libs-vc-win32:jmemmgr.obj
 0001:00059b7a       _alloc_sarray              0045ab7a f   libs-vc-win32:jmemmgr.obj
 0001:00059c12       _alloc_barray              0045ac12 f   libs-vc-win32:jmemmgr.obj
 0001:00059cb6       _alloc_darray              0045acb6 f   libs-vc-win32:jmemmgr.obj
 0001:00059d61       _request_virt_sarray       0045ad61 f   libs-vc-win32:jmemmgr.obj
 0001:00059dc2       _request_virt_barray       0045adc2 f   libs-vc-win32:jmemmgr.obj
 0001:00059e23       _realize_virt_arrays       0045ae23 f   libs-vc-win32:jmemmgr.obj
 0001:00059fa6       _access_virt_sarray        0045afa6 f   libs-vc-win32:jmemmgr.obj
 0001:0005a0c6       _do_sarray_io              0045b0c6 f   libs-vc-win32:jmemmgr.obj
 0001:0005a156       _access_virt_barray        0045b156 f   libs-vc-win32:jmemmgr.obj
 0001:0005a27b       _do_barray_io              0045b27b f   libs-vc-win32:jmemmgr.obj
 0001:0005a30c       _free_pool                 0045b30c f   libs-vc-win32:jmemmgr.obj
 0001:0005a3f3       _self_destruct             0045b3f3 f   libs-vc-win32:jmemmgr.obj
 0001:00059445       _start_input_pass          0045a445 f   libs-vc-win32:jdinput.obj
 0001:00059473       _per_scan_setup            0045a473 f   libs-vc-win32:jdinput.obj
 0001:000595f9       _finish_input_pass         0045a5f9 f   libs-vc-win32:jdinput.obj
 0001:0005960a       _consume_markers           0045a60a f   libs-vc-win32:jdinput.obj
 0001:000596a6       _initial_setup             0045a6a6 f   libs-vc-win32:jdinput.obj
 0001:000598b0       _reset_input_controller    0045a8b0 f   libs-vc-win32:jdinput.obj
 0001:0005904a       _make_crc_table            0045a04a f   libs-vc-win32:crc32.obj
 0001:00059197       _crc32_little              0045a197 f   libs-vc-win32:crc32.obj
 0001:00058e44       _fixedtables               00459e44 f   libs-vc-win32:inflate.obj
 0001:00058f2e       _updatewindow              00459f2e f   libs-vc-win32:inflate.obj
 0001:00057b6c       _init_destination          00458b6c f   libs-vc-win32:jdatadst.obj
 0001:00057b92       _empty_output_buffer       00458b92 f   libs-vc-win32:jdatadst.obj
 0001:00057bd4       _term_destination          00458bd4 f   libs-vc-win32:jdatadst.obj
 0001:000576f3       _std_huff_tables           004586f3 f   libs-vc-win32:jcparam.obj
 0001:0005774d       _add_huff_table            0045874d f   libs-vc-win32:jcparam.obj
 0001:00055c4b       _next_marker               00456c4b f   libs-vc-win32:jdmarker.obj
 0001:00055d85       _get_interesting_appn      00456d85 f   libs-vc-win32:jdmarker.obj
 0001:00055eb0       _examine_app0              00456eb0 f   libs-vc-win32:jdmarker.obj
 0001:000560be       _examine_app14             004570be f   libs-vc-win32:jdmarker.obj
 0001:0005617f       _skip_variable             0045717f f   libs-vc-win32:jdmarker.obj
 0001:00056222       _read_markers              00457222 f   libs-vc-win32:jdmarker.obj
 0001:0005642a       _get_soi                   0045742a f   libs-vc-win32:jdmarker.obj
 0001:000564d5       _get_sof                   004574d5 f   libs-vc-win32:jdmarker.obj
 0001:000567de       _get_sos                   004577de f   libs-vc-win32:jdmarker.obj
 0001:00056acc       _get_dht                   00457acc f   libs-vc-win32:jdmarker.obj
 0001:00056d6d       _get_dqt                   00457d6d f   libs-vc-win32:jdmarker.obj
 0001:00056fc9       _get_dri                   00457fc9 f   libs-vc-win32:jdmarker.obj
 0001:000570a8       _first_marker              004580a8 f   libs-vc-win32:jdmarker.obj
 0001:00057144       _read_restart_marker       00458144 f   libs-vc-win32:jdmarker.obj
 0001:000571c2       _reset_marker_reader       004581c2 f   libs-vc-win32:jdmarker.obj
 0001:00055a2f       _output_pass_setup         00456a2f f   libs-vc-win32:jdapistd.obj
 0001:00055722       _default_decompress_parms  00456722 f   libs-vc-win32:jdapimin.obj

 299 bytes saved through ICF

