 Quake2

 Timestamp is 4447d06d (Thu Apr 20 22:18:21 2006)

 Preferred load address is 00400000

 Start         Length     Name                   Class
 0001:00000000 000658b0H .text                   CODE
 0002:00000000 00000294H .idata$5                DATA
 0002:00000298 00007174H .rdata                  DATA
 0002:00007410 00000044H .rdata$r                DATA
 0002:00007458 00000038H .xdata$x                DATA
 0002:00007490 00000078H .idata$2                DATA
 0002:00007508 00000014H .idata$3                DATA
 0002:0000751c 00000294H .idata$4                DATA
 0002:000077b0 0000086aH .idata$6                DATA
 0002:0000801a 00000000H .edata                  DATA
 0003:00000000 00000004H .CRT$XCA                DATA
 0003:00000004 00000088H .CRT$XCU                DATA
 0003:0000008c 00000004H .CRT$XCZ                DATA
 0003:00000090 00000004H .CRT$XIA                DATA
 0003:00000094 00000004H .CRT$XIZ                DATA
 0003:000000a0 0000e26cH .data                   DATA
 0003:0000e310 00454730H .bss                    DATA
 0004:00000000 00000130H .rsrc$01                DATA
 0004:00000130 00003f20H .rsrc$02                DATA

  Address         Publics by Value              Rva+Base     Lib:Object

 0001:00000000       ??3@YAXPAX@Z               00401000 f i CoreMain.obj
 0001:0000000e       ?appTimestamp@@YAPBDXZ     0040100e f   CoreMain.obj
 0001:00000043       ?appInit@@YAXXZ            00401043 f   CoreMain.obj
 0001:000000c2       ?appExit@@YAXXZ            004010c2 f   CoreMain.obj
 0001:000000cc       ?appMilliseconds@@YAIXZ    004010cc f   CoreWin32.obj
 0001:000000d2       ?appPackage@@YAPBDXZ       004010d2 f   CoreWin32.obj
 0001:0000012a       ?appGetSystemErrorMessage@@YAPBDI@Z 0040112a f   CoreWin32.obj
 0001:0000018e       ?appDisplayError@@YAXXZ    0040118e f   CoreWin32.obj
 0001:000001df       ?appInitPlatform@@YAXXZ    004011df f   CoreWin32.obj
 0001:00000372       ?appShutdownPlatform@@YAXXZ 00401372 f   CoreWin32.obj
 0001:0000037b       ?sprintf@?$TString@$0BAA@@@QAAHPBDZZ 0040137b f i CoreWin32.obj
 0001:00000398       ?appDetectCPU@@YAXXZ       00401398 f   CoreCpuid.obj
 0001:0000064c       ?appLoadDebugSymbols@@YAXXZ 0040164c f   DbgSymbols.obj
 0001:0000080a       ?appSymbolName@@YA_NIPADH@Z 0040180a f   DbgSymbols.obj
 0001:00000900       ?appSymbolName@@YAPBDI@Z   00401900 f   DbgSymbols.obj
 0001:00000938       ?osGetAddressPackage@@YA_NIPADHAAH@Z 00401938 f   DbgSymbolsWin32.obj
 0001:000009cc       ?osGetAddressSymbol@@YA_NIPADHAAH@Z 004019cc f   DbgSymbolsWin32.obj
 0001:00000b73       ?appMalloc@@YAPAXIH@Z      00401b73 f   Memory.obj
 0001:00000c78       ?appFree@@YAXPAX@Z         00401c78 f   Memory.obj
 0001:00000cf7       ?Unlink@FMemHeader@@QAEXXZ 00401cf7 f i Memory.obj
 0001:00000d22       ?Link@CMemoryChain@@AAEXXZ 00401d22 f   Memory.obj
 0001:00000d41       ?Unlink@CMemoryChain@@AAEXXZ 00401d41 f   Memory.obj
 0001:00000d6c       ??2CMemoryChain@@SAPAXIH@Z 00401d6c f   Memory.obj
 0001:00000e35       ??3CMemoryChain@@SAXPAX@Z  00401e35 f   Memory.obj
 0001:00000eb6       ?Alloc@CMemoryChain@@QAEPAXIH@Z 00401eb6 f   Memory.obj
 0001:00000f82       ?GetSize@CMemoryChain@@QAEHXZ 00401f82 f   Memory.obj
 0001:00000f90       ?BuildAllocatorsTable@@YAHPAXH@Z 00401f90 f   Memory.obj
 0001:00001101       ?appInitMemory@@YAXXZ      00402101 f   Memory.obj
 0001:000014e9       ?Close@COutputDevice@@UAEXXZ 004024e9 f i OutputDevice.obj
 0001:000014e9       ?Flush@COutputDevice@@UAEXXZ 004024e9 f i OutputDevice.obj
 0001:000014ea       ?Write@COutputDeviceNull@@UAEXPBD@Z 004024ea f i OutputDevice.obj
 0001:00001504       ??_ECOutputDevice@@UAEPAXI@Z 00402504 f i OutputDevice.obj
 0001:00001504       ??_GCOutputDevice@@UAEPAXI@Z 00402504 f i OutputDevice.obj
 0001:00001504       ??_ECOutputDeviceNull@@UAEPAXI@Z 00402504 f i OutputDevice.obj
 0001:00001504       ??_GCOutputDeviceNull@@UAEPAXI@Z 00402504 f i OutputDevice.obj
 0001:00001547       ?Write@COutputDeviceLog@@UAEXPBD@Z 00402547 f i OutputDevice.obj
 0001:00001592       ??_GCOutputDeviceLog@@UAEPAXI@Z 00402592 f i OutputDevice.obj
 0001:00001592       ??_ECOutputDeviceLog@@UAEPAXI@Z 00402592 f i OutputDevice.obj
 0001:000015b2       ?Printf@COutputDevice@@QAAXPBDZZ 004025b2 f   OutputDevice.obj
 0001:00001623       ?Register@COutputDevice@@QAEXXZ 00402623 f   OutputDevice.obj
 0001:0000167f       ?Unregister@COutputDevice@@QAEXXZ 0040267f f   OutputDevice.obj
 0001:000016d2       ?appPrintf@@YAXPBDZZ       004026d2 f   OutputDevice.obj
 0001:00001809       ?appWPrintf@@YAXPBDZZ      00402809 f   OutputDevice.obj
 0001:0000186c       ??0COutputDeviceMemTail@@QAE@H@Z 0040286c f i ErrorMgr.obj
 0001:0000189d       ?Write@COutputDeviceMemTail@@UAEXPBD@Z 0040289d f i ErrorMgr.obj
 0001:000019b9       ??_ECOutputDeviceMemTail@@UAEPAXI@Z 004029b9 f i ErrorMgr.obj
 0001:000019b9       ??_GCOutputDeviceMemTail@@UAEPAXI@Z 004029b9 f i ErrorMgr.obj
 0001:000019d8       ??1COutputDeviceMemTail@@UAE@XZ 004029d8 f i ErrorMgr.obj
 0001:00001a21       ??0COutputDeviceFile@@QAE@XZ 00402a21 f i ErrorMgr.obj
 0001:00001a36       ?Write@COutputDeviceFile@@UAEXPBD@Z 00402a36 f i ErrorMgr.obj
 0001:00001a8d       ?Flush@COutputDeviceFile@@UAEXXZ 00402a8d f i ErrorMgr.obj
 0001:00001a9d       ?Close@COutputDeviceFile@@UAEXXZ 00402a9d f i ErrorMgr.obj
 0001:00001ab5       ??_GCOutputDeviceFile@@UAEPAXI@Z 00402ab5 f i ErrorMgr.obj
 0001:00001ab5       ??_ECOutputDeviceFile@@UAEPAXI@Z 00402ab5 f i ErrorMgr.obj
 0001:00001ad4       ??1COutputDeviceFile@@UAE@XZ 00402ad4 f i ErrorMgr.obj
 0001:00001b13       ?appBeginError@@YAPAVCOutputDevice@@PBD@Z 00402b13 f   ErrorMgr.obj
 0001:00001bde       ?appGetErrorLog@@YAPAVCOutputDevice@@XZ 00402bde f   ErrorMgr.obj
 0001:00001c49       ?Open@COutputDeviceFile@@QAEXPBD_N@Z 00402c49 f i ErrorMgr.obj
 0001:00001c8f       ?appFatalError@@YAXPBDZZ   00402c8f f   ErrorMgr.obj
 0001:00001ce5       ?appNonFatalError@@YAXPBDZZ 00402ce5 f   ErrorMgr.obj
 0001:00001d47       ?appUnwindPrefix@@YAXPBD@Z 00402d47 f   ErrorMgr.obj
 0001:00001df9       ?appUnwindThrow@@YAXPBDZZ  00402df9 f   ErrorMgr.obj
 0001:00001e6f       ?Reset@CErrorHandler@@QAEXXZ 00402e6f f   ErrorMgr.obj
 0001:00001ea0       ?appInitError@@YAXXZ       00402ea0 f   ErrorMgr.obj
 0001:00001f95       ?appShutdownError@@YAXXZ   00402f95 f   ErrorMgr.obj
 0001:0000201f       ?GetTail@COutputDeviceMemTail@@QAEPBDH@Z 0040301f f i ErrorMgr.obj
 0001:00002045       ?sprintf@?$TString@$0CAA@@@QAAHPBDZZ 00403045 f i ErrorMgr.obj
 0001:00002062       ?win32ExceptFilter@@YGJPAU_EXCEPTION_POINTERS@@@Z 00403062 f   ExceptHandlerWin32.obj
 0001:00002205       ?win32ExceptFilter2@@YAIXZ 00403205 f   ExceptHandlerWin32.obj
 0001:0000220e       ?sprintf@?$TString@$0EAA@@@QAAHPBDZZ 0040320e f i ExceptHandlerWin32.obj
 0001:0000222b       ?DumpRegs@@YAXPAVCOutputDevice@@PAU_CONTEXT@@@Z 0040322b f   ExceptDumpers.obj
 0001:0000233c       ?DumpMem@@YAXPAVCOutputDevice@@PBIPAU_CONTEXT@@@Z 0040333c f   ExceptDumpers.obj
 0001:0000257b       ?UnwindEbpFrame@@YAXPAVCOutputDevice@@PBI@Z 0040357b f   ExceptDumpers.obj
 0001:0000260c       ?GetLine@CSimpleParser@@QAEPBDXZ 0040360c f   ScriptParser.obj
 0001:00002723       ?SkipBraces@CSimpleParser@@QAEPBDXZ 00403723 f   ScriptParser.obj
 0001:00002759       ?appStricmp@@YAHPBD0@Z     00403759 f   Strings.obj
 0001:00002790       ?toLower@@YADD@Z           00403790 f i Strings.obj
 0001:000027ab       ?appStrncpylwr@@YAXPADPBDH@Z 004037ab f   Strings.obj
 0001:000027e3       ?appStrncpyz@@YAXPADPBDH@Z 004037e3 f   Strings.obj
 0001:00002810       ?appStrcatn@@YAXPADHPBD@Z  00403810 f   Strings.obj
 0001:0000283c       ?appCopyFilename@@YAXPADPBDH@Z 0040383c f   Strings.obj
 0001:00002964       ?appCStrlen@@YAHPBD@Z      00403964 f   Strings.obj
 0001:0000298c       ?appUncolorizeString@@YAXPADPBD@Z 0040398c f   Strings.obj
 0001:000029be       ?va@@YAPBDPBDZZ            004039be f   Strings.obj
 0001:00002ab2       ?appSprintf@@YAHPADHPBDZZ  00403ab2 f   Strings.obj
 0001:00002b51       ?appMatchWildcard@@YA_NPBD0_N@Z 00403b51 f   Strings.obj
 0001:00002d96       ?appIsWildcard@@YA_NPBD@Z  00403d96 f   Strings.obj
 0001:00002dc2       ?appStrdup@@YAPADPBD@Z     00403dc2 f   Strings.obj
 0001:00002e03       ?appStrdup@@YAPADPBDPAVCMemoryChain@@@Z 00403e03 f   Strings.obj
 0001:00002e38       ??0CStringItem@@QAE@XZ     00403e38 f   Strings.obj
 0001:00002e43       ??2CStringItem@@SAPAXIPBD@Z 00403e43 f   Strings.obj
 0001:00002edd       ??2CStringItem@@SAPAXIPBDPAVCMemoryChain@@@Z 00403edd f   Strings.obj
 0001:00002f52       ?Find@CStringList@@IAEPAVCStringItem@@PBDPAPAV2@@Z 00403f52 f   Strings.obj
 0001:00002fdd       ?Find@CStringList@@IAEPAVCStringItem@@H@Z 00403fdd f   Strings.obj
 0001:00003049       ?IndexOf@CStringList@@QAEHPBD@Z 00404049 f   Strings.obj
 0001:000030cb       ?Remove@CStringList@@QAE_NPAVCStringItem@@@Z 004040cb f   Strings.obj
 0001:0000314f       ?Add@CTextContainer@@QAEPAUCTextRec@@PBD@Z 0040414f f   TextContainer.obj
 0001:000031fb       ?Enumerate@CTextContainer@@QAEXP6AXPBUCTextRec@@@Z@Z 004041fb f   TextContainer.obj
 0001:00003267       ?SubtractPath@@YAPBDPBD0@Z 00404267 f   FileSystem.obj
 0001:000032ff       ?appMakeDirectoryForFile@@YAXPBD@Z 004042ff f   FileSystem.obj
 0001:00003335       ?appOpenFile@@YAPAVCFile@@PBD@Z 00404335 f   FileSystem.obj
 0001:00003372       ?Read@CFileOS@@UAEHPAXH@Z  00404372 f i FileSystem.obj
 0001:00003399       ?GetSize@CFileOS@@UAEHXZ   00404399 f i FileSystem.obj
 0001:000033e4       ?Eof@CFileOS@@UAE_NXZ      004043e4 f i FileSystem.obj
 0001:000033f8       ??_ECFileOS@@UAEPAXI@Z     004043f8 f i FileSystem.obj
 0001:000033f8       ??_GCFileOS@@UAEPAXI@Z     004043f8 f i FileSystem.obj
 0001:0000342d       ??_ECFile@@UAEPAXI@Z       0040442d f i FileSystem.obj
 0001:0000342d       ??_GCFile@@UAEPAXI@Z       0040442d f i FileSystem.obj
 0001:0000344d       ?ReadByte@CFile@@QAEEXZ    0040444d f   FileSystem.obj
 0001:00003465       ?ReadInt@CFile@@QAEHXZ     00404465 f   FileSystem.obj
 0001:0000347d       ?ReadString@CFile@@QAEXPADH@Z 0040447d f   FileSystem.obj
 0001:000034bd       ?GetType@CFileContainer@@MAEPBDXZ 004044bd f   FileSystem.obj
 0001:000034c3       ?Mount@CFileSystem@@QAEXAAVCFileContainer@@PBD@Z 004044c3 f   FileSystem.obj
 0001:00003519       ?Umount@CFileSystem@@QAEXAAVCFileContainer@@@Z 00404519 f   FileSystem.obj
 0001:00003553       ?MountDirectory@CFileSystem@@QAEPAVCFileContainer@@PBD0@Z 00404553 f   FileSystem.obj
 0001:00003598       ?GetType@CFileContainerOS@@MAEPBDXZ 00404598 f i FileSystem.obj
 0001:0000359e       ?FileExists@CFileContainerOS@@UAE_NPBD@Z 0040459e f i FileSystem.obj
 0001:000035c8       ?OpenFile@CFileContainerOS@@UAEPAVCFile@@PBD@Z 004045c8 f i FileSystem.obj
 0001:000035e8       ?List@CFileContainerOS@@UAEXAAVCFileList@@PBDI@Z 004045e8 f i FileSystem.obj
 0001:00003611       ??_GCFileContainerOS@@UAEPAXI@Z 00404611 f i FileSystem.obj
 0001:00003611       ??_ECFileContainerOS@@UAEPAXI@Z 00404611 f i FileSystem.obj
 0001:00003631       ??_ECFileContainer@@UAEPAXI@Z 00404631 f i FileSystem.obj
 0001:00003631       ??_GCFileContainer@@UAEPAXI@Z 00404631 f i FileSystem.obj
 0001:00003651       ?MountArchive@CFileSystem@@QAEPAVCFileContainer@@PBD0@Z 00404651 f   FileSystem.obj
 0001:00003768       ?Mount@CFileSystem@@QAEXPBD0@Z 00404768 f   FileSystem.obj
 0001:0000399a       ?Umount@CFileSystem@@QAEXPBD@Z 0040499a f   FileSystem.obj
 0001:00003a36       ?List@CFileSystem@@UAEPAVCFileList@@PBDIPAV2@@Z 00404a36 f   FileSystem.obj
 0001:00003bf1       ?RegisterFormat@CFileSystem@@SAXP6APAVCFileContainer@@PBDPAU_iobuf@@@Z@Z 00404bf1 f   FileSystem.obj
 0001:00003c35       ?FileExists@CFileSystem@@UAE_NPBDI@Z 00404c35 f   FileSystem.obj
 0001:00003cb4       ?OpenFile@CFileSystem@@UAEPAVCFile@@PBDI@Z 00404cb4 f   FileSystem.obj
 0001:00003d59       ?LoadFile@CFileSystem@@QAEPAXPBDPAI@Z 00404d59 f   FileSystem.obj
 0001:00003e29       ?cMount@@YAX_NHPAPAD@Z     00404e29 f   FileSystem.obj
 0001:00003f67       ?cUmount@@YAX_NHPAPAD@Z    00404f67 f   FileSystem.obj
 0001:00003f96       ?appInitFileSystem@@YAXAAVCFileSystem@@@Z 00404f96 f   FileSystem.obj
 0001:0000438d       ?appListDirectory@@YAXPBDAAVCFileList@@I@Z 0040538d f   FileSystemWin32.obj
 0001:000045d4       ?appMakeDirectory@@YAXPBD@Z 004055d4 f   FileSystemWin32.obj
 0001:00004641       ?appFileType@@YAIPBD@Z     00405641 f   FileSystemWin32.obj
 0001:00004681       ?FindDir@CFileContainerArc@@IAEPAVCArcDir@1@PBD_N@Z 00405681 f   FileContainerArc.obj
 0001:0000476a       ?FindFile@CFileContainerArc@@IAEPAVCStringItem@@PBD@Z 0040576a f   FileContainerArc.obj
 0001:000047d5       ?FileExists@CFileContainerArc@@UAE_NPBD@Z 004057d5 f   FileContainerArc.obj
 0001:000047ea       ?OpenFile@CFileContainerArc@@UAEPAVCFile@@PBD@Z 004057ea f   FileContainerArc.obj
 0001:00004809       ?List@CFileContainerArc@@UAEXAAVCFileList@@PBDI@Z 00405809 f   FileContainerArc.obj
 0001:00004976       ?SCR_StopCinematic@@YAXXZ  00405976 f   cl_cin.obj
 0001:00004a0a       ?SCR_DrawCinematic@@YA_NXZ 00405a0a f   cl_cin.obj
 0001:00004e01       ?SCR_PlayCinematic@@YAXPBD@Z 00405e01 f   cl_cin.obj
 0001:00005158       ?sprintf@?$TString@$0EA@@@QAAHPBDZZ 00406158 f i cl_cin.obj
 0001:00005172       ?CL_Download_f@@YAX_NHPAPAD@Z 00406172 f   cl_download.obj
 0001:0000551f       ?CL_ParseDownload@@YAXXZ   0040651f f   cl_download.obj
 0001:00005d44       ?CL_Precache_f@@YAXHPAPAD@Z 00406d44 f   cl_download.obj
 0001:00005da2       ?sprintf@?$TString@$0IA@@@QAAHPBDZZ 00406da2 f i cl_download.obj
 0001:00005dbf       ?CL_ParseDelta@@YAXPAUclEntityState_t@@0HI_N@Z 00406dbf f   cl_ents.obj
 0001:00005f3f       ?CL_ParseFrame@@YAXXZ      00406f3f f   cl_ents.obj
 0001:000065f4       ?CL_AddEntityBox@@YAXPAUclEntityState_t@@I@Z 004075f4 f   cl_ents.obj
 0001:000066f8       ?Lerp@@YAXABUCVec3@@0MAAU1@@Z 004076f8 f i cl_ents.obj
 0001:0000672f       ?CL_OffsetThirdPersonView@@YAXXZ 0040772f f   cl_ents.obj
 0001:00006817       ?CL_AddEntities@@YAXXZ     00407817 f   cl_ents.obj
 0001:00007758       ?CL_ClearLightStyles@@YAXXZ 00408758 f   cl_fx.obj
 0001:000077da       ?CL_SetLightstyle@@YAXHPBD@Z 004087da f   cl_fx.obj
 0001:0000783b       ?CL_AllocDlight@@YAPAUcdlight_t@@HABUCVec3@@@Z 0040883b f   cl_fx.obj
 0001:000078a6       ?CL_AllocParticleTrace@@YAPAUparticleTrace_t@@ABUCVec3@@0MM@Z 004088a6 f   cl_fx.obj
 0001:00007935       ?CL_AllocParticleBeam@@YAPAUbeam_t@@ABUCVec3@@0MM@Z 00408935 f   cl_fx.obj
 0001:000079aa       ?CL_AllocParticle@@YAPAUparticle_t@@XZ 004089aa f   cl_fx.obj
 0001:000079fd       ?CL_MetalSparks@@YAXABUCVec3@@0H@Z 004089fd f   cl_fx.obj
 0001:00007afb       ?CL_AddEffects@@YAXXZ      00408afb f   cl_fx.obj
 0001:00008202       ?CL_ClearEffects@@YAXXZ    00409202 f   cl_fx.obj
 0001:00008284       ?CL_EntityEvent@@YAXPAUclEntityState_t@@@Z 00409284 f   cl_fx.obj
 0001:0000843b       ?CL_ParseMuzzleFlash@@YAXXZ 0040943b f   cl_fx.obj
 0001:000087ab       ?CL_ParseMuzzleFlash2@@YAXXZ 004097ab f   cl_fx.obj
 0001:00008c21       ?CL_ParticleEffect@@YAXABUCVec3@@0HH@Z 00409c21 f   cl_fx.obj
 0001:00008e0a       ?CL_ParticleEffect2@@YAXABUCVec3@@0HH@Z 00409e0a f   cl_fx.obj
 0001:00008e32       ?CL_ParticleEffect3@@YAXABUCVec3@@0HH@Z 00409e32 f   cl_fx.obj
 0001:00008e5a       ?CL_TeleporterParticles@@YAXPAUclEntityState_t@@@Z 00409e5a f   cl_fx.obj
 0001:00008e7c       ?CL_LogoutEffect@@YAXABUCVec3@@H@Z 00409e7c f   cl_fx.obj
 0001:00008eb4       ?CL_ItemRespawnParticles@@YAXABUCVec3@@@Z 00409eb4 f   cl_fx.obj
 0001:00008ed2       ?CL_ExplosionParticles@@YAXABUCVec3@@@Z 00409ed2 f   cl_fx.obj
 0001:00008ef3       ?CL_BFGExplosionParticles@@YAXABUCVec3@@@Z 00409ef3 f   cl_fx.obj
 0001:00008f14       ?CL_TrackerExplosionParticles@@YAXABUCVec3@@@Z 00409f14 f   cl_fx.obj
 0001:00008f35       ?CL_BlasterParticles@@YAXABUCVec3@@0I@Z 00409f35 f   cl_fx.obj
 0001:00008f5c       ?CL_BlasterTrail@@YAXAAUcentity_t@@@Z 00409f5c f   cl_fx.obj
 0001:00009063       ?CL_BlasterTrail2@@YAXAAUcentity_t@@@Z 0040a063 f   cl_fx.obj
 0001:0000907a       ?CL_FlagTrail@@YAXAAUcentity_t@@H@Z 0040a07a f   cl_fx.obj
 0001:00009099       ?CL_RocketTrail@@YAXAAUcentity_t@@@Z 0040a099 f   cl_fx.obj
 0001:000090d8       ?CL_BubbleTrail@@YAXABUCVec3@@0@Z 0040a0d8 f   cl_fx.obj
 0001:00009174       ?CL_BubbleTrail2@@YAXABUCVec3@@0@Z 0040a174 f   cl_fx.obj
 0001:0000918e       ?CL_TagTrail@@YAXAAUcentity_t@@@Z 0040a18e f   cl_fx.obj
 0001:000091a5       ?CL_DebugTrail@@YAXABUCVec3@@0@Z 0040a1a5 f   cl_fx.obj
 0001:000091bf       ?CL_ForceWall@@YAXABUCVec3@@0H@Z 0040a1bf f   cl_fx.obj
 0001:000091e1       ?CL_BigTeleportParticles@@YAXABUCVec3@@@Z 0040a1e1 f   cl_fx.obj
 0001:0000931c       ?CL_BfgParticles@@YAXABUCVec3@@@Z 0040a31c f   cl_fx.obj
 0001:00009496       ?CL_FlyEffect@@YAXAAUcentity_t@@@Z 0040a496 f   cl_fx.obj
 0001:00009622       ?CL_DiminishingTrail@@YAXAAUcentity_t@@H@Z 0040a622 f   cl_fx.obj
 0001:0000977c       ?CL_RailTrail@@YAXABUCVec3@@0@Z 0040a77c f   cl_fx.obj
 0001:000098f2       ?CL_RailTrailExt@@YAXABUCVec3@@0EE@Z 0040a8f2 f   cl_fx.obj
 0001:00009a37       ?CL_IonripperTrail@@YAXAAUcentity_t@@@Z 0040aa37 f   cl_fx.obj
 0001:00009b91       ?CL_TrapParticles@@YAXABUCVec3@@@Z 0040ab91 f   cl_fx.obj
 0001:00009d04       ?CL_TeleportParticles@@YAXABUCVec3@@@Z 0040ad04 f   cl_fx.obj
 0001:00009e3a       ?CL_Heatbeam@@YAXABUCVec3@@0@Z 0040ae3a f   cl_fx.obj
 0001:0000a0e0       ?CL_ParticleSteamEffect@@YAXABUCVec3@@0HHH@Z 0040b0e0 f   cl_fx.obj
 0001:0000a219       ?CL_ParticleSmokeEffect@@YAXABUCVec3@@0@Z 0040b219 f   cl_fx.obj
 0001:0000a335       ?CL_TrackerTrail@@YAXAAUcentity_t@@@Z 0040b335 f   cl_fx.obj
 0001:0000a4b3       ?CL_TrackerShell@@YAXABUCVec3@@@Z 0040b4b3 f   cl_fx.obj
 0001:0000a53f       ?CL_MonsterPlasmaShell@@YAXABUCVec3@@@Z 0040b53f f   cl_fx.obj
 0001:0000a5c8       ?CL_WidowSplash@@YAXABUCVec3@@@Z 0040b5c8 f   cl_fx.obj
 0001:0000a6a9       ?CL_InitInput@@YAXXZ       0040b6a9 f   cl_input.obj
 0001:0000ac57       ?CL_SendCmd@@YAXXZ         0040bc57 f   cl_input.obj
 0001:0000b23a       ?CL_WriteDemoMessage@@YAXXZ 0040c23a f   cl_main.obj
 0001:0000b27c       ?Cmd_ForwardToServer@@YAXHPAPAD@Z 0040c27c f   cl_main.obj
 0001:0000b341       ?CL_ForwardToServer_f@@YAXHPAPAD@Z 0040c341 f   cl_main.obj
 0001:0000b38a       ?CL_Pause@@YAX_N@Z         0040c38a f   cl_main.obj
 0001:0000b3cf       ?CL_Drop@@YAX_N@Z          0040c3cf f   cl_main.obj
 0001:0000b3fa       ?CL_SendConnectPacket@@YAXXZ 0040c3fa f   cl_main.obj
 0001:0000b460       ?CL_Connect_f@@YAX_NHPAPAD@Z 0040c460 f   cl_main.obj
 0001:0000b4cd       ?CL_Rcon_f@@YAXHPAPAD@Z    0040c4cd f   cl_main.obj
 0001:0000b5b9       ?CL_Disconnect@@YAXXZ      0040c5b9 f   cl_main.obj
 0001:0000b764       ?CL_Disconnect_f@@YAXXZ    0040c764 f   cl_main.obj
 0001:0000b76e       ?CL_Changing_f@@YAXXZ      0040c76e f   cl_main.obj
 0001:0000b792       ?CL_Reconnect_f@@YAXXZ     0040c792 f   cl_main.obj
 0001:0000b82e       ?CL_PingServers_f@@YAXXZ   0040c82e f   cl_main.obj
 0001:0000bbea       ?CL_ConnectionlessPacket@@YAXXZ 0040cbea f   cl_main.obj
 0001:0000bce7       ?CL_Userinfo_f@@YAXXZ      0040cce7 f   cl_main.obj
 0001:0000bd02       ?CL_RegisterSounds@@YAXXZ  0040cd02 f   cl_main.obj
 0001:0000bd41       ?CL_Snd_Restart_f@@YAXXZ   0040cd41 f   cl_main.obj
 0001:0000bd50       ?CL_WriteConfiguration@@YAXPBD@Z 0040cd50 f   cl_main.obj
 0001:0000be37       ?CL_WriteConfig_f@@YAX_NHPAPAD@Z 0040ce37 f   cl_main.obj
 0001:0000bea2       ?CL_FixCvarCheats@@YAXXZ   0040cea2 f   cl_main.obj
 0001:0000bef3       ?CL_Frame@@YAXMM@Z         0040cef3 f   cl_main.obj
 0001:0000c370       ?CL_ClearState@@YAXXZ      0040d370 f   cl_main.obj
 0001:0000c3ae       ?CL_Init@@YAXXZ            0040d3ae f   cl_main.obj
 0001:0000c85d       ?CL_Shutdown@@YAXXZ        0040d85d f   cl_main.obj
 0001:0000c8b9       ?CL_ParseClientinfo@@YAXH@Z 0040d8b9 f   cl_parse.obj
 0001:0000c971       ?CL_UpdatePlayerClientInfo@@YAXXZ 0040d971 f   cl_parse.obj
 0001:0000c9b2       ?CL_ParseServerMessage@@YAXXZ 0040d9b2 f   cl_parse.obj
 0001:0000d19d       ?FreePlayerModelsInfo@@YAXXZ 0040e19d f   cl_playermodel.obj
 0001:0000d1c3       ?ScanPlayerModels@@YA_NXZ  0040e1c3 f   cl_playermodel.obj
 0001:0000d5bd       ?RunAnimation@@YAXAAUclientInfo_t@@AAUanimState_t@@H@Z 0040e5bd f   cl_playermodel.obj
 0001:0000d7ab       ?CL_LoadClientinfo@@YAXAAUclientInfo_t@@PBD_N@Z 0040e7ab f   cl_playermodel.obj
 0001:0000e43c       ?ParsePlayerEntity@@YAHAAUcentity_t@@AAUclientInfo_t@@PAUclEntityState_t@@ABUentity_t@@PAU4@HH@Z 0040f43c f   cl_playermodel.obj
 0001:0000ef95       ?CreateAndInsert@?$TList@VCStringItem@@@@QAEPAVCStringItem@@PBDPAVCMemoryChain@@@Z 0040ff95 f i cl_playermodel.obj
 0001:0000efcd       ?Insert@?$TList@VshaderScript_t@OpenGLDrv@@@@QAE_NPAVshaderScript_t@OpenGLDrv@@@Z 0040ffcd f i cl_playermodel.obj
 0001:0000efcd       ?Insert@?$TList@VplayerModelInfo_t@@@@QAE_NPAVplayerModelInfo_t@@@Z 0040ffcd f i cl_playermodel.obj
 0001:0000efcd       ?Insert@?$TList@VCStringItem@@@@QAE_NPAVCStringItem@@@Z 0040ffcd f i cl_playermodel.obj
 0001:0000f003       ?CL_CheckPredictionError@@YAXXZ 00410003 f   cl_pred.obj
 0001:0000f196       ?CL_EntityTrace@@YAXAAUtrace_t@@ABUCVec3@@1ABUCBox@@H@Z 00410196 f   cl_pred.obj
 0001:0000f532       ?CL_Trace@@YAXAAUtrace_t@@ABUCVec3@@1ABUCBox@@H@Z 00410532 f   cl_pred.obj
 0001:0000f5ae       ?CL_PMpointcontents@@YAHABUCVec3@@@Z 004105ae f   cl_pred.obj
 0001:0000f73a       ?CL_PredictMovement@@YAXXZ 0041073a f   cl_pred.obj
 0001:0000faed       ?DrawString@@YAXHHPBD@Z    00410aed f   cl_scrn.obj
 0001:0000fb32       ?SCR_DebugGraph@@YAXMH@Z   00410b32 f   cl_scrn.obj
 0001:0000fb5c       ?SCR_CenterPrint@@YAXPBD@Z 00410b5c f   cl_scrn.obj
 0001:0000fc62       ?Key_Message@@YAXH@Z       00410c62 f   cl_scrn.obj
 0001:0000fd02       ?SCR_SetLevelshot@@YAXPBD@Z 00410d02 f   cl_scrn.obj
 0001:0000fdfb       ?SCR_BeginLoadingPlaque@@YAXXZ 00410dfb f   cl_scrn.obj
 0001:0000fe86       ?SCR_EndLoadingPlaque@@YAX_N@Z 00410e86 f   cl_scrn.obj
 0001:0000ff0b       ?SCR_LoadingNotify@@YAXPBDM@Z 00410f0b f   cl_scrn.obj
 0001:0000ff35       ?SCR_ShowConsole@@YAX_N0@Z 00410f35 f   cl_scrn.obj
 0001:0000fffa       ?SCR_ToggleConsole@@YAXXZ  00410ffa f   cl_scrn.obj
 0001:00010022       ?SCR_TouchPics@@YAXXZ      00411022 f   cl_scrn.obj
 0001:00010078       ?SCR_UpdateScreen@@YAXXZ   00411078 f   cl_scrn.obj
 0001:00011407       ?SCR_Init@@YAXXZ           00412407 f   cl_scrn.obj
 0001:00011738       ?sprintf@?$TString@$0BA@@@QAAHPBDZZ 00412738 f i cl_scrn.obj
 0001:00011752       ?CL_RegisterTEntSounds@@YAXXZ 00412752 f   cl_tent.obj
 0001:000119a7       ?CL_RegisterTEntModels@@YAXXZ 004129a7 f   cl_tent.obj
 0001:00011af8       ?CL_ClearTEnts@@YAXXZ      00412af8 f   cl_tent.obj
 0001:00011b29       ?CL_SmokeAndFlash@@YAXABUCVec3@@@Z 00412b29 f   cl_tent.obj
 0001:00011cc1       ?CL_ParseTEnt@@YAXXZ       00412cc1 f   cl_tent.obj
 0001:00012eab       ?CL_AddTEnts@@YAXXZ        00413eab f   cl_tent.obj
 0001:000138b2       ?V_AddEntity@@YAXPAUentity_t@@@Z 004148b2 f   cl_view.obj
 0001:000138f0       ?V_AddEntity2@@YAXPAUentity_t@@@Z 004148f0 f   cl_view.obj
 0001:00013922       ?AddEntityWithEffects2@@YAXPAUentity_t@@I@Z 00414922 f   cl_view.obj
 0001:000139c3       ?AddEntityWithEffects@@YAXPAUentity_t@@I@Z 004149c3 f   cl_view.obj
 0001:000139e4       ?V_AddLight@@YAXABUCVec3@@MMMM@Z 004149e4 f   cl_view.obj
 0001:00013a29       ?V_TestEntities@@YAXXZ     00414a29 f   cl_view.obj
 0001:00013b56       ?V_TestLights@@YAXXZ       00414b56 f   cl_view.obj
 0001:00013c2c       ?V_InitRenderer@@YAXXZ     00414c2c f   cl_view.obj
 0001:00014063       ?CalcFov@@YAMMMM@Z         00415063 f   cl_view.obj
 0001:000140d1       ?V_RenderView@@YA_NXZ      004150d1 f   cl_view.obj
 0001:00014e42       ?V_Init@@YAXXZ             00415e42 f   cl_view.obj
 0001:00014ef1       ?Con_ClearNotify@@YAXXZ    00415ef1 f   console.obj
 0001:00014f00       ?Con_CheckResize@@YAXXZ    00415f00 f   console.obj
 0001:00015027       ?Write@COutputDeviceCon@@UAEXPBD@Z 00416027 f   console.obj
 0001:0001522d       ?Con_DrawNotify@@YAX_N@Z   0041622d f   console.obj
 0001:00015403       ?Con_DrawConsole@@YAXM@Z   00416403 f   console.obj
 0001:000156b7       ?Con_ClearTyping@@YAXXZ    004166b7 f   console.obj
 0001:000156d0       ?Key_Console@@YAXHH@Z      004166d0 f   console.obj
 0001:00015b1d       ?Con_Init@@YAXXZ           00416b1d f   console.obj
 0001:00015c8b       ?Key_KeynumToString@@YAPBDH@Z 00416c8b f   keys.obj
 0001:00015d51       ?Draw@completeMenu_t@@UAEXXZ 00416d51 f i keys.obj
 0001:00015d82       ?KeyDown@completeMenu_t@@UAEPBDH@Z 00416d82 f i keys.obj
 0001:00015dae       ?Init@completeMenu_t@@UAE_NXZ 00416dae f i keys.obj
 0001:00015ed5       ?CompleteMenuCallback@completeMenu_t@@SAXPAX@Z 00416ed5 f i keys.obj
 0001:00015f66       ?CompleteCommand@@YAXXZ    00416f66 f   keys.obj
 0001:00016677       ?Key_SetBinding@@YAXHPBD@Z 00417677 f   keys.obj
 0001:000166b7       ?Key_FindBinding@@YAHPBDPAHH@Z 004176b7 f   keys.obj
 0001:00016705       ?Key_WriteBindings@@YAXPAVCOutputDevice@@@Z 00417705 f   keys.obj
 0001:0001674f       ?Key_Init@@YAXXZ           0041774f f   keys.obj
 0001:00016a33       ?Key_Event@@YAXH_N@Z       00417a33 f   keys.obj
 0001:00016d92       ?Key_ClearStates@@YAXXZ    00417d92 f   keys.obj
 0001:00016dc7       ?M_ForceMenuOn@@YAXXZ      00417dc7 f   menu.obj
 0001:00016de6       ?Draw@menuMain_t@@UAEXXZ   00417de6 f i menu.obj
 0001:00016f22       ?KeyDown@menuMain_t@@UAEPBDH@Z 00417f22 f i menu.obj
 0001:00016fe3       ?Init@menuMain_t@@UAE_NXZ  00417fe3 f i menu.obj
 0001:00016feb       ?M_Menu_Main_f@@YAXXZ      00417feb f   menu.obj
 0001:00017005       ?Init@multiplayerMenu_t@@UAE_NXZ 00418005 f i menu.obj
 0001:00017129       ?Init@keysMenu_t@@UAE_NXZ  00418129 f i menu.obj
 0001:00017317       ?KeyCursorDrawFunc@keysMenu_t@@SAXPAUmenuFramework_t@@@Z 00418317 f i menu.obj
 0001:0001735a       ?DrawKeyBindingFunc@keysMenu_t@@SAXPAX@Z 0041835a f i menu.obj
 0001:00017421       ?KeyDown@keysMenu_t@@UAEPBDH@Z 00418421 f i menu.obj
 0001:000174ce       ?UnbindCommand@keysMenu_t@@QAEXPAD@Z 004184ce f i menu.obj
 0001:00017513       ?KeyBindingFunc@keysMenu_t@@QAEXPAX@Z 00418513 f i menu.obj
 0001:00017575       ?Init@optionsMenu_t@@UAE_NXZ 00418575 f i menu.obj
 0001:00017928       ?CrosshairFunc@optionsMenu_t@@SAXPAX@Z 00418928 f i menu.obj
 0001:00017950       ?JoystickFunc@optionsMenu_t@@SAXPAX@Z 00418950 f i menu.obj
 0001:00017965       ?AlwaysRunFunc@optionsMenu_t@@SAXPAX@Z 00418965 f i menu.obj
 0001:0001797a       ?MouseSpeedFunc@optionsMenu_t@@SAXPAX@Z 0041897a f i menu.obj
 0001:00017997       ?InvertMouseFunc@optionsMenu_t@@SAXPAX@Z 00418997 f i menu.obj
 0001:000179d0       ?UpdateVolumeFunc@optionsMenu_t@@SAXPAX@Z 004189d0 f i menu.obj
 0001:000179ed       ?UpdateCDVolumeFunc@optionsMenu_t@@SAXPAX@Z 004189ed f i menu.obj
 0001:00017a07       ?SetMenuItemValues@optionsMenu_t@@SAXXZ 00418a07 f i menu.obj
 0001:00017b4f       ?ResetDefaultsFunc@optionsMenu_t@@SAXPAX@Z 00418b4f f i menu.obj
 0001:00017b64       ?UpdateSoundFunc@optionsMenu_t@@SAXPAX@Z 00418b64 f i menu.obj
 0001:00017d68       ?ScanCrosshairs@optionsMenu_t@@SAXXZ 00418d68 f i menu.obj
 0001:00017dc5       ?Draw@optionsMenu_t@@UAEXXZ 00418dc5 f i menu.obj
 0001:00017e2a       ?Draw@creditsMenu_t@@UAEXXZ 00418e2a f i menu.obj
 0001:00017ed1       ?KeyDown@creditsMenu_t@@UAEPBDH@Z 00418ed1 f i menu.obj
 0001:00017f11       ?Init@creditsMenu_t@@UAE_NXZ 00418f11 f i menu.obj
 0001:00017f92       ?Init@gameMenu_t@@UAE_NXZ  00418f92 f i menu.obj
 0001:0001811d       ?EasyGameFunc@gameMenu_t@@SAXPAX@Z 0041911d f i menu.obj
 0001:00018129       ?StartGame@gameMenu_t@@SAXPBD@Z 00419129 f i menu.obj
 0001:00018184       ?MediumGameFunc@gameMenu_t@@SAXPAX@Z 00419184 f i menu.obj
 0001:00018190       ?HardGameFunc@gameMenu_t@@SAXPAX@Z 00419190 f i menu.obj
 0001:000181ac       ?Init@savegameMenu_t@@UAE_NXZ 004191ac f i menu.obj
 0001:000182bc       ?Create_Savestrings@savegameMenu_t@@QAEXXZ 004192bc f i menu.obj
 0001:0001837c       ?LoadGameCallback@savegameMenu_t@@SAXPAX@Z 0041937c f i menu.obj
 0001:000183a9       ?SaveGameCallback@savegameMenu_t@@SAXPAX@Z 004193a9 f i menu.obj
 0001:000183cc       ?Draw@savegameMenu_t@@UAEXXZ 004193cc f i menu.obj
 0001:000183e7       ?DrawSavegameShot@savegameMenu_t@@QAEXHH@Z 004193e7 f i menu.obj
 0001:000184c2       ?Init@joinserverMenu_t@@UAE_NXZ 004194c2 f i menu.obj
 0001:000185f9       ?JoinServerFunc@joinserverMenu_t@@SAXPAX@Z 004195f9 f i menu.obj
 0001:0001865e       ?SearchLocalGames@joinserverMenu_t@@SAXXZ 0041965e f i menu.obj
 0001:000186c9       ?M_AddToServerList@@YAXUnetadr_t@@PAD@Z 004196c9 f   menu.obj
 0001:00018754       ?Init@startserverMenu_t@@UAE_NXZ 00419754 f i menu.obj
 0001:00018be2       ?DMOptionsFunc@startserverMenu_t@@SAXPAX@Z 00419be2 f i menu.obj
 0001:00018bf2       ?RulesChangeFunc@startserverMenu_t@@SAXPAX@Z 00419bf2 f i menu.obj
 0001:00018c6a       ?StartServerActionFunc@startserverMenu_t@@SAXPAX@Z 00419c6a f i menu.obj
 0001:00018c95       ?StartServerFunc@startserverMenu_t@@SAXPAD@Z 00419c95 f i menu.obj
 0001:00018ecb       ?KeyDown@startserverMenu_t@@UAEPBDH@Z 00419ecb f i menu.obj
 0001:00018f2a       ?Init@dmoptionsMenu_t@@UAE_NXZ 00419f2a f i menu.obj
 0001:00019507       ?DMFlagCallback@dmoptionsMenu_t@@SAXPAX@Z 0041a507 f i menu.obj
 0001:000196e5       ?Init@downloadOptionsMenu_t@@UAE_NXZ 0041a6e5 f i menu.obj
 0001:000198bf       ?DownloadCallback@downloadOptionsMenu_t@@SAXPAX@Z 0041a8bf f i menu.obj
 0001:0001992d       ?Init@addressBookMenu_t@@UAE_NXZ 0041a92d f i menu.obj
 0001:000199d3       ?KeyDown@addressBookMenu_t@@UAEPBDH@Z 0041a9d3 f i menu.obj
 0001:00019a32       ?Init@playerConfigMenu_t@@UAE_NXZ 0041aa32 f i menu.obj
 0001:00019f79       ?HandednessCallback@playerConfigMenu_t@@SAXPAX@Z 0041af79 f i menu.obj
 0001:00019f8e       ?RTypeCallback@playerConfigMenu_t@@SAXPAX@Z 0041af8e f i menu.obj
 0001:00019fa3       ?RColorCallback@playerConfigMenu_t@@SAXPAX@Z 0041afa3 f i menu.obj
 0001:00019fb8       ?RateCallback@playerConfigMenu_t@@SAXPAX@Z 0041afb8 f i menu.obj
 0001:00019fdb       ?ModelCallback@playerConfigMenu_t@@SAXPAX@Z 0041afdb f i menu.obj
 0001:0001a00f       ?SkinCallback@playerConfigMenu_t@@SAXPAX@Z 0041b00f f i menu.obj
 0001:0001a017       ?Draw@playerConfigMenu_t@@UAEXXZ 0041b017 f i menu.obj
 0001:0001a2f9       ?KeyDown@playerConfigMenu_t@@UAEPBDH@Z 0041b2f9 f i menu.obj
 0001:0001a3d9       ?Init@dmbrowseMenu_t@@UAE_NXZ 0041b3d9 f i menu.obj
 0001:0001a5e2       ?KeyDown@dmbrowseMenu_t@@UAEPBDH@Z 0041b5e2 f i menu.obj
 0001:0001a7ba       ?Draw@dmbrowseMenu_t@@UAEXXZ 0041b7ba f i menu.obj
 0001:0001a907       ?DrawThumbnail@dmbrowseMenu_t@@SAXHHHHPAD_N@Z 0041b907 f i menu.obj
 0001:0001a9e1       ?Init@videoMenu_t@@UAE_NXZ 0041b9e1 f i menu.obj
 0001:0001afba       ?ScreenSizeCallback@videoMenu_t@@SAXPAX@Z 0041bfba f i menu.obj
 0001:0001afdb       ?BrightnessCallback@videoMenu_t@@SAXPAX@Z 0041bfdb f i menu.obj
 0001:0001affc       ?ContrastCallback@videoMenu_t@@SAXPAX@Z 0041bffc f i menu.obj
 0001:0001b038       ?CancelChanges@videoMenu_t@@SAXPAX@Z 0041c038 f i menu.obj
 0001:0001b085       ?KeyDown@videoMenu_t@@UAEPBDH@Z 0041c085 f i menu.obj
 0001:0001b0ce       ?ApplyChanges@videoMenu_t@@SAXPAX@Z 0041c0ce f i menu.obj
 0001:0001b285       ?KeyDown@quitMenu_t@@UAEPBDH@Z 0041c285 f i menu.obj
 0001:0001b2c2       ?Draw@quitMenu_t@@UAEXXZ   0041c2c2 f i menu.obj
 0001:0001b332       ?M_Init@@YAXXZ             0041c332 f   menu.obj
 0001:0001b514       ?ItemAtCursor@menuFramework_t@@QAEPAUmenuCommon_t@@XZ 0041c514 f   qmenu.obj
 0001:0001b568       ?AddItem@menuFramework_t@@QAEXPAUmenuCommon_t@@@Z 0041c568 f   qmenu.obj
 0001:0001b624       ?AdjustCursor@menuFramework_t@@QAEXH@Z 0041c624 f   qmenu.obj
 0001:0001b79c       ?Center@menuFramework_t@@QAEXXZ 0041c79c f   qmenu.obj
 0001:0001b7dd       ?Draw@menuFramework_t@@UAEXXZ 0041c7dd f   qmenu.obj
 0001:0001bdb5       ?SelectItem@menuFramework_t@@QAE_NXZ 0041cdb5 f   qmenu.obj
 0001:0001be1a       ?SetStatusBar@menuFramework_t@@QAEXPBD@Z 0041ce1a f   qmenu.obj
 0001:0001be27       ?SlideItem@menuFramework_t@@QAEXH@Z 0041ce27 f   qmenu.obj
 0001:0001c3c5       ?Push@menuFramework_t@@QAEXXZ 0041d3c5 f   qmenu.obj
 0001:0001c444       ?M_ForceMenuOff@@YAXXZ     0041d444 f   qmenu.obj
 0001:0001c471       ?Pop@menuFramework_t@@QAEXXZ 0041d471 f   qmenu.obj
 0001:0001c4ab       ?KeyDown@menuFramework_t@@UAEPBDH@Z 0041d4ab f   qmenu.obj
 0001:0001c723       ?Init@menuFramework_t@@UAE_NXZ 0041d723 f   qmenu.obj
 0001:0001c726       ?M_Draw@@YAXXZ             0041d726 f   qmenu.obj
 0001:0001c761       ?M_Keydown@@YAXH@Z         0041d761 f   qmenu.obj
 0001:0001c783       ?InitRendererVars@@YAXXZ   0041d783 f   ref_vars.obj
 0001:0001c7a2       ?S_SoundInfo_f@@YAXXZ      0041d7a2 f   snd_dma.obj
 0001:0001c81c       ?S_Init@@YAXXZ             0041d81c f   snd_dma.obj
 0001:0001c8ee       ?S_Shutdown@@YAXXZ         0041d8ee f   snd_dma.obj
 0001:0001c981       ?S_BeginRegistration@@YAXXZ 0041d981 f   snd_dma.obj
 0001:0001c98f       ?S_RegisterSound@@YAPAUsfx_t@@PBD@Z 0041d98f f   snd_dma.obj
 0001:0001cb3a       ?S_EndRegistration@@YAXXZ  0041db3a f   snd_dma.obj
 0001:0001cbc3       ?S_PickChannel@@YAPAUchannel_t@@HH@Z 0041dbc3 f   snd_dma.obj
 0001:0001cc51       ?S_Spatialize@@YAXPAUchannel_t@@@Z 0041dc51 f   snd_dma.obj
 0001:0001ce33       ?S_AllocPlaysound@@YAPAUplaysound_t@@XZ 0041de33 f   snd_dma.obj
 0001:0001ce55       ?S_FreePlaysound@@YAXPAUplaysound_t@@@Z 0041de55 f   snd_dma.obj
 0001:0001ce88       ?S_IssuePlaysound@@YAXPAUplaysound_t@@@Z 0041de88 f   snd_dma.obj
 0001:0001cf59       ?S_StartSound@@YAXPBUCVec3@@HHPAUsfx_t@@MMM@Z 0041df59 f   snd_dma.obj
 0001:0001d31a       ?S_StartLocalSound@@YAXPBD@Z 0041e31a f   snd_dma.obj
 0001:0001d36c       ?S_ClearBuffer@@YAXXZ      0041e36c f   snd_dma.obj
 0001:0001d3d5       ?S_StopAllSounds_f@@YAXXZ  0041e3d5 f   snd_dma.obj
 0001:0001d445       ?S_AddLoopSounds@@YAXXZ    0041e445 f   snd_dma.obj
 0001:0001d61b       ?S_RawSamples@@YAXHHHHPAE@Z 0041e61b f   snd_dma.obj
 0001:0001d81f       ?S_Update@@YAXABUCVec3@@0@Z 0041e81f f   snd_dma.obj
 0001:0001d8f5       ?GetSoundtime@@YAXXZ       0041e8f5 f   snd_dma.obj
 0001:0001d95c       ?S_Update_@@YAXXZ          0041e95c f   snd_dma.obj
 0001:0001dc0f       ?S_LoadSound@@YAPAUsfxcache_t@@PAUsfx_t@@@Z 0041ec0f f   snd_mem.obj
 0001:0001e1a0       ?S_WriteLinearBlastStereo16@@YAXXZ 0041f1a0 f   snd_mix.obj
 0001:0001e20a       ?S_TransferStereo16@@YAXPAKH@Z 0041f20a f   snd_mix.obj
 0001:0001e275       ?S_TransferPaintBuffer@@YAXH@Z 0041f275 f   snd_mix.obj
 0001:0001e3d9       ?S_PaintChannels@@YAXH@Z   0041f3d9 f   snd_mix.obj
 0001:0001e655       ?S_InitScaletable@@YAXXZ   0041f655 f   snd_mix.obj
 0001:0001e79a       ?SV_ComputeAnimation@@YAXPAUplayer_state_t@@AAUentityStateEx_t@@PAU2@PAUedict_s@@@Z 0041f79a f   sv_anim.obj
 0001:0001ec57       ?SV_ReadLevelFile@@YAXXZ   0041fc57 f   sv_ccmds.obj
 0001:0001ed05       ?SV_AddressBanned@@YA_NPAUnetadr_t@@@Z 0041fd05 f   sv_ccmds.obj
 0001:0001ed49       ?SV_InitCommands@@YAXXZ    0041fd49 f   sv_ccmds.obj
 0001:000201cf       ?sprintf@?$TString@$0CI@@@QAAHPBDZZ 004211cf f i sv_ccmds.obj
 0001:000201e9       ?SV_WriteFrameToClient@@YAXPAUclient_t@@PAVsizebuf_t@@@Z 004211e9 f   sv_ents.obj
 0001:0002093c       ?SV_RecordDemoMessage@@YAXXZ 0042193c f   sv_ents.obj
 0001:00020b0a       ?SV_MulticastOld@@YAXABUCVec3@@W4multicast_t@@@Z 00421b0a f i sv_game.obj
 0001:00020b1f       ?SV_StartSoundOld@@YAXPBUCVec3@@PAUedict_s@@HHMMM@Z 00421b1f f i sv_game.obj
 0001:00021595       ?SV_InitGameLibrary@@YAX_N@Z 00422595 f   sv_game.obj
 0001:0002188a       ?SV_ShutdownGameLibrary@@YAXXZ 0042288a f   sv_game.obj
 0001:000219e7       ?SV_FindIndex@@YAHPBDHH_N@Z 004229e7 f   sv_init.obj
 0001:00021afe       ?SV_ModelIndex@@YAHPBD@Z   00422afe f   sv_init.obj
 0001:00021b17       ?SV_SoundIndex@@YAHPBD@Z   00422b17 f   sv_init.obj
 0001:00021b33       ?SV_ImageIndex@@YAHPBD@Z   00422b33 f   sv_init.obj
 0001:00021b4f       ?SV_CreateBaseline@@YAXXZ  00422b4f f   sv_init.obj
 0001:00021bcc       ?SV_SpawnServer@@YAXPAD0W4server_state_t@@_N2@Z 00422bcc f   sv_init.obj
 0001:00021f1d       ?SV_InitGame@@YAXXZ        00422f1d f   sv_init.obj
 0001:00022145       ?SV_Map@@YAX_NPBD0@Z       00423145 f   sv_init.obj
 0001:00022307       ?SV_DropClient@@YAXPAUclient_t@@PAD@Z 00423307 f   sv_main.obj
 0001:00022d3c       ??0COutputDeviceMem@@QAE@H@Z 00423d3c f i sv_main.obj
 0001:00022d6d       ?Write@COutputDeviceMem@@UAEXPBD@Z 00423d6d f i sv_main.obj
 0001:00022df4       ??_ECOutputDeviceMem@@UAEPAXI@Z 00423df4 f i sv_main.obj
 0001:00022df4       ??_GCOutputDeviceMem@@UAEPAXI@Z 00423df4 f i sv_main.obj
 0001:00022e13       ??1COutputDeviceMem@@UAE@XZ 00423e13 f i sv_main.obj
 0001:00022e32       ?SV_CalcPings@@YAXXZ       00423e32 f   sv_main.obj
 0001:00022eb9       ?SV_GiveMsec@@YAXXZ        00423eb9 f   sv_main.obj
 0001:00022ef8       ?SV_ReadPackets@@YAXXZ     00423ef8 f   sv_main.obj
 0001:0002310b       ?SV_CheckTimeouts@@YAXXZ   0042410b f   sv_main.obj
 0001:0002321c       ?SV_PostprocessFrame@@YAXXZ 0042421c f   sv_main.obj
 0001:000236f8       ?SV_MulticastHook@@YAPAVsizebuf_t@@PAV1@0@Z 004246f8 f   sv_main.obj
 0001:00023ae8       ?SV_TraceHook@@YAXAAUtrace0_t@@ABUCVec3@@PBU2@21PAUedict_s@@H@Z 00424ae8 f   sv_main.obj
 0001:00023c76       ?SV_Frame@@YAXM@Z          00424c76 f   sv_main.obj
 0001:00023f33       ?SV_UserinfoChanged@@YAXPAUclient_t@@@Z 00424f33 f   sv_main.obj
 0001:00023ff5       ?SV_InitVars@@YAXXZ        00424ff5 f   sv_main.obj
 0001:00024004       ?SV_Init@@YAXXZ            00425004 f   sv_main.obj
 0001:0002405d       ?SV_Shutdown@@YAXPBD_N@Z   0042505d f   sv_main.obj
 0001:0002426a       ?SV_ClientPrintf@@YAXPAUclient_t@@HPBDZZ 0042526a f   sv_send.obj
 0001:000242c5       ?SV_BroadcastPrintf@@YAXHPBDZZ 004252c5 f   sv_send.obj
 0001:0002439b       ?SV_BroadcastCommand@@YAXPBDZZ 0042539b f   sv_send.obj
 0001:000243f5       ?SV_Multicast@@YAXABUCVec3@@W4multicast_t@@_N@Z 004253f5 f   sv_send.obj
 0001:00024608       ?SV_StartSound@@YAXPBUCVec3@@PAUedict_s@@HHMMM_N@Z 00425608 f   sv_send.obj
 0001:000248a1       ?SV_SendClientDatagram@@YA_NPAUclient_t@@@Z 004258a1 f   sv_send.obj
 0001:00024963       ?SV_DemoCompleted@@YAXXZ   00425963 f   sv_send.obj
 0001:0002497f       ?SV_SendClientMessages@@YAXXZ 0042597f f   sv_send.obj
 0001:00024b32       ?SV_DrawText3D@@YAXABUCVec3@@PBDI@Z 00425b32 f   sv_text.obj
 0001:00024b6a       ?SV_ClearTexts@@YAXXZ      00425b6a f   sv_text.obj
 0001:00024b72       ?SV_DrawTexts@@YAXXZ       00425b72 f   sv_text.obj
 0001:00024bc7       ??0?$TTextContainer@UCSVText@@$0BAAAA@@@QAE@XZ 00425bc7 f i sv_text.obj
 0001:00024bec       ?SV_TokenizeString@@YAXPBD@Z 00425bec f   sv_tokenize.obj
 0001:00024cc3       ?SV_Argc@@YAHXZ            00425cc3 f   sv_tokenize.obj
 0001:00024cc9       ?SV_Argv@@YAPADH@Z         00425cc9 f   sv_tokenize.obj
 0001:00024ce7       ?SV_Args@@YAPADXZ          00425ce7 f   sv_tokenize.obj
 0001:000255b7       ?SV_Nextserver@@YAXXZ      004265b7 f   sv_user.obj
 0001:0002564b       ?SV_ClientThink@@YAXPAUclient_t@@PAUusercmd_t@@@Z 0042664b f   sv_user.obj
 0001:000256dc       ?SV_ExecuteClientMessage@@YAXPAUclient_t@@@Z 004266dc f   sv_user.obj
 0001:00025a2c       ?SV_ClearWorld@@YAXXZ      00426a2c f   sv_world.obj
 0001:00025b6a       ?SV_UnlinkEdict@@YAXPAUedict_s@@@Z 00426b6a f   sv_world.obj
 0001:00025c30       ?SV_LinkEdict@@YAXPAUedict_s@@@Z 00426c30 f   sv_world.obj
 0001:00026250       ?SV_AreaEdicts@@YAHABUCVec3@@0PAPAUedict_s@@HH@Z 00427250 f   sv_world.obj
 0001:000263ee       ?SV_PointContents@@YAHABUCVec3@@@Z 004273ee f   sv_world.obj
 0001:00026515       ?SV_Trace@@YAXAAUtrace_t@@ABUCVec3@@1ABUCBox@@PAUedict_s@@H@Z 00427515 f   sv_world.obj
 0001:00026994       ?InitByteDirs@@YAXXZ       00427994 f   anorms.obj
 0001:000269d3       ?Cbuf_AddText@@YAXPBD@Z    004279d3 f   cmd.obj
 0001:00026a39       ?Cbuf_CopyToDefer@@YAXXZ   00427a39 f   cmd.obj
 0001:00026a81       ?Cbuf_InsertFromDefer@@YAXXZ 00427a81 f   cmd.obj
 0001:00026b3d       ?Cbuf_Execute@@YAXXZ       00427b3d f   cmd.obj
 0001:00026c4d       ?Cmd_Unalias_f@@YAX_NHPAPAD@Z 00427c4d f   cmd.obj
 0001:00026cc5       ?Cmd_WriteAliases@@YAXPAVCOutputDevice@@@Z 00427cc5 f   cmd.obj
 0001:00026cf8       ?RegisterCommand@@YA_NPBDP6AXXZI@Z 00427cf8 f   cmd.obj
 0001:00026dd9       ?UnregisterCommand@@YA_NPBD@Z 00427dd9 f   cmd.obj
 0001:00026e6a       ?ExecuteCommand@@YA_NPBD@Z 00427e6a f   cmd.obj
 0001:000272ad       ?ExecuteCommand@@YA_NPBDPBUCSimpleCommand@@H@Z 004282ad f   cmd.obj
 0001:000276ef       ?CM_LoadMap@@YAPAUcmodel_t@@PBD_NPAI@Z 004286ef f   cmodel.obj
 0001:00027e22       ?SetSignbits@cplane_t@@QAEXXZ 00428e22 f i cmodel.obj
 0001:00027e56       ?SetType@cplane_t@@QAEXXZ  00428e56 f i cmodel.obj
 0001:00027ecb       ?LoadLeafBrushes@@YAXPAGH@Z 00428ecb f i cmodel.obj
 0001:000288f7       ?CM_BuildBrush@@YAPAUCBrush@@HPAVCMemoryChain@@@Z 004298f7 f   cmodel.obj
 0001:000289c9       ?CM_InlineModel@@YAPAUcmodel_t@@PBD@Z 004299c9 f   cmodel.obj
 0001:00028a0d       ?CM_NumClusters@@YAHXZ     00429a0d f   cmodel.obj
 0001:00028a13       ?CM_NumInlineModels@@YAHXZ 00429a13 f   cmodel.obj
 0001:00028a19       ?CM_EntityString@@YAPBDXZ  00429a19 f   cmodel.obj
 0001:00028a1f       ?CM_LeafContents@@YAHH@Z   00429a1f f   cmodel.obj
 0001:00028a49       ?CM_LeafCluster@@YAHH@Z    00429a49 f   cmodel.obj
 0001:00028abf       ?CM_LeafArea@@YAHH@Z       00429abf f   cmodel.obj
 0001:00028c2d       ?CM_HeadnodeForBox@@YAHABUCBox@@@Z 00429c2d f   cmodel.obj
 0001:00028cb0       ?CM_PointLeafnum@@YAHABUCVec3@@H@Z 00429cb0 f   cmodel.obj
 0001:00028d53       ?DistanceTo@cplane_t@@QAEMABUCVec3@@@Z 00429d53 f i cmodel.obj
 0001:00028d98       ?CM_PointContents@@YAHABUCVec3@@H@Z 00429d98 f   cmodel.obj
 0001:00028e0d       ?CM_TransformedPointContents@@YAHABUCVec3@@H00@Z 00429e0d f   cmodel.obj
 0001:00028eee       ?CM_TransformedPointContents@@YAHABUCVec3@@H0ABUCAxis@@@Z 00429eee f   cmodel.obj
 0001:00028f99       ?CM_BoxLeafnums@@YAHABUCBox@@PAHH1H@Z 00429f99 f   cmodel.obj
 0001:000290ac       ?BOX_ON_PLANE_SIDE@@YAHABUCBox@@ABUcplane_t@@@Z 0042a0ac f i cmodel.obj
 0001:00029117       ?CM_BoxTrace@@YAXAAUtrace_t@@ABUCVec3@@1ABUCBox@@HH@Z 0042a117 f   cmodel.obj
 0001:00029c85       ?CM_TransformedBoxTrace@@YAXAAUtrace_t@@ABUCVec3@@1ABUCBox@@HH11@Z 0042ac85 f   cmodel.obj
 0001:00029dfd       ?CM_TransformedBoxTrace@@YAXAAUtrace_t@@ABUCVec3@@1ABUCBox@@HH1ABUCAxis@@@Z 0042adfd f   cmodel.obj
 0001:00029eba       ?CM_BrushTrace@@YAHABUCVec3@@0PAHH@Z 0042aeba f   cmodel.obj
 0001:0002a2aa       ?CM_RefineBrushTrace@@YAHABUCVec3@@0PAHH@Z 0042b2aa f   cmodel.obj
 0001:0002a350       ?CM_ClusterPVS@@YAPBEH@Z   0042b350 f   cmodel.obj
 0001:0002a4b7       ?CM_SetAreaPortalState@@YAXH_N@Z 0042b4b7 f   cmodel.obj
 0001:0002a4df       ?CM_AreasConnected@@YA_NHH@Z 0042b4df f   cmodel.obj
 0001:0002a526       ?CM_WriteAreaBits@@YAHPAEH@Z 0042b526 f   cmodel.obj
 0001:0002a5c8       ?CM_WritePortalState@@YAXPAU_iobuf@@@Z 0042b5c8 f   cmodel.obj
 0001:0002a5e5       ?CM_ReadPortalState@@YAXPAU_iobuf@@@Z 0042b5e5 f   cmodel.obj
 0001:0002a607       ?CM_HeadnodeVisible@@YA_NHPBE@Z 0042b607 f   cmodel.obj
 0001:0002a6e2       ?Com_DPrintf@@YAXPBDZZ     0042b6e2 f   common.obj
 0001:0002a75b       ?DebugPrintf@@YAXPBDZZ     0042b75b f   common.obj
 0001:0002a80a       ?IPWildcard@@YA_NPAUnetadr_t@@PBD@Z 0042b80a f   common.obj
 0001:0002a8e4       ?Com_ServerState@@YA?AW4server_state_t@@XZ 0042b8e4 f   common.obj
 0001:0002a8ea       ?Com_SetServerState@@YAXW4server_state_t@@@Z 0042b8ea f   common.obj
 0001:0002a8f7       ?crand@@YAMXZ              0042b8f7 f   common.obj
 0001:0002a915       ?Info_ValueForKey@@YAPBDPBD0@Z 0042b915 f   common.obj
 0001:0002a994       ?Info_SetValueForKey@@YAXPADPBD1@Z 0042b994 f   common.obj
 0001:0002aacb       ?Info_Print@@YAXPBD@Z      0042bacb f   common.obj
 0001:0002ab51       ?Com_CheckCmdlineVar@@YA_NPBD@Z 0042bb51 f   common.obj
 0001:0002abaa       ?Com_Init@@YAXPBD@Z        0042bbaa f   common.obj
 0001:0002af51       ?Com_Frame@@YAXM@Z         0042bf51 f   common.obj
 0001:0002b34b       ?Com_BlockSequenceCRCByte@@YAEPAEHH@Z 0042c34b f   crc.obj
 0001:0002b403       ?Cvar_VariableValue@@YAMPBD@Z 0042c403 f   cvar.obj
 0001:0002b47a       ?Cvar_VariableInt@@YAHPBD@Z 0042c47a f   cvar.obj
 0001:0002b491       ?Cvar_VariableString@@YAPBDPBD@Z 0042c491 f   cvar.obj
 0001:0002b4ad       ?Cvar_Get@@YAPAUcvar_t@@PBD0H@Z 0042c4ad f   cvar.obj
 0001:0002b77a       ?Cvar_GetVars@@YAXPBUcvarInfo_t@@H@Z 0042c77a f   cvar.obj
 0001:0002b824       ?Cvar_FullSet@@YAXPAUcvar_t@@PBDI@Z 0042c824 f   cvar.obj
 0001:0002b844       ?Cvar_FullSet@@YAPAUcvar_t@@PBD0I@Z 0042c844 f   cvar.obj
 0001:0002b884       ?Cvar_SetValue@@YAPAUcvar_t@@PBDM@Z 0042c884 f   cvar.obj
 0001:0002ba1d       ?Cvar_SetInteger@@YAPAUcvar_t@@PBDH@Z 0042ca1d f   cvar.obj
 0001:0002ba41       ?Cvar_Set@@YAPAUcvar_t@@PBD0@Z 0042ca41 f   cvar.obj
 0001:0002ba58       ?Cvar_ForceSet@@YAPAUcvar_t@@PBD0@Z 0042ca58 f   cvar.obj
 0001:0002ba6f       ?Cvar_Clamp@@YAMPAUcvar_t@@MM@Z 0042ca6f f   cvar.obj
 0001:0002bacd       ?Cvar_Command@@YA_NHPAPAD@Z 0042cacd f   cvar.obj
 0001:0002bb68       ?IsDefault@cvar_t@@QAE_NXZ 0042cb68 f i cvar.obj
 0001:0002bb85       ?Cvar_WriteVariables@@YAXPAVCOutputDevice@@HHPBD@Z 0042cb85 f   cvar.obj
 0001:0002bc0b       ?Cvar_BitInfo@@YAPBDI@Z    0042cc0b f   cvar.obj
 0001:0002bc5d       ?Cvar_Cheats@@YAX_N@Z      0042cc5d f   cvar.obj
 0001:0002c4d4       ?MSG_WriteDeltaEntity@@YAXPAVsizebuf_t@@PBUentityStateEx_t@@PAU2@_N33@Z 0042d4d4 f   entdelta.obj
 0001:0002ca90       ?MSG_WriteRemoveEntity@@YAXPAVsizebuf_t@@H@Z 0042da90 f   entdelta.obj
 0001:0002cad0       ?MSG_ReadEntityBits@@YAHPAVsizebuf_t@@PAIPA_N@Z 0042dad0 f   entdelta.obj
 0001:0002cb42       ?MSG_ReadDeltaEntity@@YAXPAVsizebuf_t@@PBUentityStateEx_t@@PAU2@I@Z 0042db42 f   entdelta.obj
 0001:0002cbc5       ?MSG_WriteDeltaUsercmd@@YAXPAVsizebuf_t@@PBUusercmd_t@@PAU2@@Z 0042dbc5 f   entdelta.obj
 0001:0002cc54       ?MSG_ReadDeltaUsercmd@@YAXPAVsizebuf_t@@PBUusercmd_t@@PAU2@@Z 0042dc54 f   entdelta.obj
 0001:0002cf57       ?MSG_WriteDeltaPlayerstate@@YAXPAVsizebuf_t@@PBUplayer_state_t@@PAU2@@Z 0042df57 f   entdelta.obj
 0001:0002d060       ?MSG_ReadDeltaPlayerstate@@YAXPAVsizebuf_t@@PBUplayer_state_t@@PAU2@@Z 0042e060 f   entdelta.obj
 0001:0002d11a       ?LoadPCX@@YAPAEPBDAAH1AAPAE@Z 0042e11a f   images.obj
 0001:0002d255       ?LoadTGA@@YAPAEPBDAAH1@Z   0042e255 f   images.obj
 0001:0002d43f       ?LoadJPG@@YAPAEPBDAAH1@Z   0042e43f f   images.obj
 0001:0002d6f3       ?ImageExists@@YAHPBDH@Z    0042e6f3 f   images.obj
 0001:0002d817       ?WriteTGA@@YA_NPBDPAEHH@Z  0042e817 f   images.obj
 0001:0002da0b       ?WriteJPG@@YA_NPBDPAEHH_N@Z 0042ea0b f   images.obj
 0001:0002db3c       ?MD4Init@@YAXPAUMD4_CTX@@@Z 0042eb3c f   md4.obj
 0001:0002db64       ?MD4Update@@YAXPAUMD4_CTX@@PAEI@Z 0042eb64 f   md4.obj
 0001:0002dc02       ?MD4Final@@YAXQAEPAUMD4_CTX@@@Z 0042ec02 f   md4.obj
 0001:0002e2f3       ?Com_BlockChecksum@@YAIPAXH@Z 0042f2f3 f   md4.obj
 0001:0002e32f       ?LoadQ2BspFile@@YAXXZ      0042f32f f   model.obj
 0001:0002e870       ?LoadQ1BspFile@@YAXXZ      0042f870 f   model.obj
 0001:0002ebea       ?LoadBspFile@@YAPAUbspfile_t@@PBD_NPAI@Z 0042fbea f   model.obj
 0001:0002ffe6       ?Init@sizebuf_t@@QAEXPAXH@Z 00430fe6 f   msg.obj
 0001:00030003       ?Write@sizebuf_t@@QAEXPBXH@Z 00431003 f   msg.obj
 0001:00030075       ?MSG_WriteByte@@YAXPAVsizebuf_t@@H@Z 00431075 f   msg.obj
 0001:00030075       ?MSG_WriteChar@@YAXPAVsizebuf_t@@H@Z 00431075 f   msg.obj
 0001:00030088       ?MSG_WriteShort@@YAXPAVsizebuf_t@@H@Z 00431088 f   msg.obj
 0001:0003009b       ?MSG_WriteLong@@YAXPAVsizebuf_t@@H@Z 0043109b f   msg.obj
 0001:000300ae       ?MSG_WriteFloat@@YAXPAVsizebuf_t@@M@Z 004310ae f   msg.obj
 0001:000300c1       ?MSG_WriteString@@YAXPAVsizebuf_t@@PBD@Z 004310c1 f   msg.obj
 0001:000300eb       ?MSG_WritePos@@YAXPAVsizebuf_t@@ABUCVec3@@@Z 004310eb f   msg.obj
 0001:0003014f       ?MSG_WriteAngle@@YAXPAVsizebuf_t@@M@Z 0043114f f   msg.obj
 0001:0003017a       ?MSG_WriteAngle16@@YAXPAVsizebuf_t@@M@Z 0043117a f   msg.obj
 0001:000301a5       ?MSG_WriteDir@@YAXPAVsizebuf_t@@ABUCVec3@@@Z 004311a5 f   msg.obj
 0001:0003020d       ?MSG_ReadDir@@YAXPAVsizebuf_t@@AAUCVec3@@@Z 0043120d f   msg.obj
 0001:00030240       ?MSG_ReadChar@@YAHPAVsizebuf_t@@@Z 00431240 f   msg.obj
 0001:00030263       ?MSG_ReadByte@@YAHPAVsizebuf_t@@@Z 00431263 f   msg.obj
 0001:00030286       ?MSG_ReadShort@@YAHPAVsizebuf_t@@@Z 00431286 f   msg.obj
 0001:000302a9       ?MSG_ReadLong@@YAHPAVsizebuf_t@@@Z 004312a9 f   msg.obj
 0001:000302cb       ?MSG_ReadString@@YAPADPAVsizebuf_t@@@Z 004312cb f   msg.obj
 0001:00030301       ?MSG_ReadPos@@YAXPAVsizebuf_t@@AAUCVec3@@@Z 00431301 f   msg.obj
 0001:00030353       ?MSG_ReadAngle@@YAMPAVsizebuf_t@@@Z 00431353 f   msg.obj
 0001:0003036d       ?MSG_ReadAngle16@@YAMPAVsizebuf_t@@@Z 0043136d f   msg.obj
 0001:00030387       ?MSG_ReadData@@YAXPAVsizebuf_t@@PAXH@Z 00431387 f   msg.obj
 0001:000303aa       ?Netchan_Init@@YAXXZ       004313aa f   net_chan.obj
 0001:00030419       ?Netchan_OutOfBandPrint@@YAXW4netsrc_t@@Unetadr_t@@PBDZZ 00431419 f   net_chan.obj
 0001:0003049e       ?Setup@netchan_t@@QAEXW4netsrc_t@@Unetadr_t@@H@Z 0043149e f   net_chan.obj
 0001:000304f4       ?NeedReliable@netchan_t@@QAE_NXZ 004314f4 f   net_chan.obj
 0001:00030519       ?Transmit@netchan_t@@QAEXPAXH@Z 00431519 f   net_chan.obj
 0001:000306af       ?Process@netchan_t@@QAE_NPAVsizebuf_t@@@Z 004316af f   net_chan.obj
 0001:000307dc       ?Pmove@@YAXPAUpmove_t@@@Z  004317dc f   pmove.obj
 0001:0003243d       ?NormalizeColor@@YAMABUCVec3@@AAU1@@Z 0043343d f   q_shared2.obj
 0001:0003249b       ?NormalizeColor255@@YAMABUCVec3@@AAU1@@Z 0043349b f   q_shared2.obj
 0001:000324fd       ?appRsqrt@@YAMM@Z          004334fd f   q_shared2.obj
 0001:00032529       ?AngleVectors@@YAXABUCVec3@@PAU1@11@Z 00433529 f   q_shared2.obj
 0001:0003268a       ?MakeNormalVectors@@YAXABUCVec3@@AAU1@1@Z 0043368a f   q_shared2.obj
 0001:000326f9       ?Vec2Angles@@YAXABUCVec3@@AAU1@@Z 004336f9 f   q_shared2.obj
 0001:000327fc       ?Vec2Yaw@@YAMABUCVec3@@@Z  004337fc f   q_shared2.obj
 0001:0003286f       ?VectorLength@@YAMABUCVec3@@@Z 0043386f f   q_shared2.obj
 0001:000328a1       ?VectorDistance@@YAMABUCVec3@@0@Z 004338a1 f   q_shared2.obj
 0001:000328d2       ?LerpAngle@@YAMMMM@Z       004338d2 f   q_shared2.obj
 0001:00032916       ?AngleMod@@YAMM@Z          00433916 f   q_shared2.obj
 0001:00032942       ?AngleSubtract@@YAMMM@Z    00433942 f   q_shared2.obj
 0001:0003297b       ?AnglesSubtract@@YAXABUCVec3@@0AAU1@@Z 0043397b f   q_shared2.obj
 0001:000329d4       ?Normalize@CVec3@@QAEMXZ   004339d4 f   q_shared2.obj
 0001:00032a26       ?VectorNormalize@@YAMABUCVec3@@AAU1@@Z 00433a26 f   q_shared2.obj
 0001:00032a90       ?NormalizeFast@CVec3@@QAEMXZ 00433a90 f   q_shared2.obj
 0001:00032ae1       ?cross@@YAXABUCVec3@@0AAU1@@Z 00433ae1 f   q_shared2.obj
 0001:00032b1d       ?Clear@CBox@@QAEXXZ        00433b1d f   q_shared2.obj
 0001:00032b3b       ?Expand@CBox@@QAEXABUCVec3@@@Z 00433b3b f   q_shared2.obj
 0001:00032b6d       ?Expand@CBox@@QAEXABU1@@Z  00433b6d f   q_shared2.obj
 0001:00032bac       ?GetCenter@CBox@@QBEXAAUCVec3@@@Z 00433bac f   q_shared2.obj
 0001:00032bcf       ?OnPlaneSide@CBox@@QBEHABUcplane_t@@@Z 00433bcf f   q_shared2.obj
 0001:00032cfe       ?FromAngles@CAxis@@QAEXABUCVec3@@@Z 00433cfe f   q_shared2.obj
 0001:00032d3d       ?TransformVector@CAxis@@QBEXABUCVec3@@AAU2@@Z 00433d3d f   q_shared2.obj
 0001:00032d90       ?UnTransformVector@CAxis@@QBEXABUCVec3@@AAU2@@Z 00433d90 f   q_shared2.obj
 0001:00032df4       ?TransformAxis@CAxis@@QBEXABU1@AAU1@@Z 00433df4 f   q_shared2.obj
 0001:00032e3a       ?UnTransformAxis@CAxis@@QBEXABU1@AAU1@@Z 00433e3a f   q_shared2.obj
 0001:00032e80       ?TransformPoint@CCoords@@QBEXABUCVec3@@AAU2@@Z 00433e80 f   q_shared2.obj
 0001:00032ee0       ?UnTransformPoint@CCoords@@QBEXABUCVec3@@AAU2@@Z 00433ee0 f   q_shared2.obj
 0001:00032f4d       ?UnTransformCoords@CCoords@@QBEXABU1@AAU1@@Z 00433f4d f   q_shared2.obj
 0001:00032f79       ?TransformPlane@CCoords@@QBEXABUcplane_t@@AAU2@@Z 00433f79 f   q_shared2.obj
 0001:00032fb3       ?TransformPoint@@YAXABUCVec3@@ABUCAxis@@0AAU1@@Z 00433fb3 f   q_shared2.obj
 0001:00033016       ?UnTransformPoint@@YAXABUCVec3@@ABUCAxis@@0AAU1@@Z 00434016 f   q_shared2.obj
 0001:00033086       ?COM_Parse@@YAPADAAPBD_N@Z 00434086 f   q_shared2.obj
 0001:000331a8       ?COM_QuoteString@@YAPBDPBD_N@Z 004341a8 f   q_shared2.obj
 0001:00033221       ?FileExists@CQuakeFileSystem@@UAE_NPBDI@Z 00434221 f i QuakeFileSystem.obj
 0001:00033288       ?CheckFilename@CQuakeFileSystem@@AAEXPBD@Z 00434288 f i QuakeFileSystem.obj
 0001:00033327       ?OpenFile@CQuakeFileSystem@@UAEPAVCFile@@PBDI@Z 00434327 f i QuakeFileSystem.obj
 0001:000333b7       ?List@CQuakeFileSystem@@UAEPAVCFileList@@PBDIPAV2@@Z 004343b7 f i QuakeFileSystem.obj
 0001:00033449       ??_ECQuakeFileSystem@@UAEPAXI@Z 00434449 f i QuakeFileSystem.obj
 0001:00033449       ??_ECFileSystem@@UAEPAXI@Z 00434449 f i QuakeFileSystem.obj
 0001:00033449       ??_GCQuakeFileSystem@@UAEPAXI@Z 00434449 f i QuakeFileSystem.obj
 0001:00033449       ??_GCFileSystem@@UAEPAXI@Z 00434449 f i QuakeFileSystem.obj
 0001:00033469       ?FS_Gamedir@@YAPBDXZ       00434469 f   QuakeFileSystem.obj
 0001:0003346f       ?FS_NextPath@@YAPBDPBD@Z   0043446f f   QuakeFileSystem.obj
 0001:000334b3       ?FS_CopyFile@@YAXPBD0@Z    004344b3 f   QuakeFileSystem.obj
 0001:00033589       ?FS_CopyFiles@@YAXPBD0@Z   00434589 f   QuakeFileSystem.obj
 0001:000336a3       ?FS_RemoveFiles@@YAXPBD@Z  004346a3 f   QuakeFileSystem.obj
 0001:0003375e       ?InitFileSystem@@YAXXZ     0043475e f   QuakeFileSystem.obj
 0001:00033892       ?Create@CFileContainerPak@@SAPAVCFileContainer@@PBDPAU_iobuf@@@Z 00434892 f i QuakeFileSystem.obj
 0001:000339fb       ??0CFileContainerArc@@QAE@XZ 004349fb f i QuakeFileSystem.obj
 0001:00033a42       ??_GCFileContainerArc@@UAEPAXI@Z 00434a42 f i QuakeFileSystem.obj
 0001:00033a42       ??_ECFileContainerArc@@UAEPAXI@Z 00434a42 f i QuakeFileSystem.obj
 0001:00033a71       ?GetType@CFileContainerPak@@MAEPBDXZ 00434a71 f i QuakeFileSystem.obj
 0001:00033a77       ?OpenLocalFile@CFileContainerPak@@MAEPAVCFile@@ABVCStringItem@@@Z 00434a77 f i QuakeFileSystem.obj
 0001:00033ac7       ?Read@CFilePak@CFileContainerPak@@UAEHPAXH@Z 00434ac7 f i QuakeFileSystem.obj
 0001:00033b01       ?GetSize@CFilePak@CFileContainerPak@@UAEHXZ 00434b01 f i QuakeFileSystem.obj
 0001:00033b08       ?Eof@CFilePak@CFileContainerPak@@UAE_NXZ 00434b08 f i QuakeFileSystem.obj
 0001:00033b15       ??_ECFilePak@CFileContainerPak@@UAEPAXI@Z 00434b15 f i QuakeFileSystem.obj
 0001:00033b15       ??_GCFilePak@CFileContainerPak@@UAEPAXI@Z 00434b15 f i QuakeFileSystem.obj
 0001:00033b4a       ??_ECFileContainerPak@@UAEPAXI@Z 00434b4a f i QuakeFileSystem.obj
 0001:00033b4a       ??_GCFileContainerPak@@UAEPAXI@Z 00434b4a f i QuakeFileSystem.obj
 0001:00033b79       ?Create@CFileContainerZip@@SAPAVCFileContainer@@PBDPAU_iobuf@@@Z 00434b79 f i QuakeFileSystem.obj
 0001:00033e78       ?GetType@CFileContainerZip@@MAEPBDXZ 00434e78 f i QuakeFileSystem.obj
 0001:00033e7e       ?OpenLocalFile@CFileContainerZip@@MAEPAVCFile@@ABVCStringItem@@@Z 00434e7e f i QuakeFileSystem.obj
 0001:00033f1a       ??0CFilePak@CFileContainerZip@@QAE@ABVCFileInfo@1@PAU_iobuf@@@Z 00434f1a f i QuakeFileSystem.obj
 0001:00033f6c       ?Read@CFilePak@CFileContainerZip@@UAEHPAXH@Z 00434f6c f i QuakeFileSystem.obj
 0001:000340b5       ?GetSize@CFilePak@CFileContainerZip@@UAEHXZ 004350b5 f i QuakeFileSystem.obj
 0001:000340bf       ?Eof@CFilePak@CFileContainerZip@@UAE_NXZ 004350bf f i QuakeFileSystem.obj
 0001:000340d2       ??_GCFilePak@CFileContainerZip@@UAEPAXI@Z 004350d2 f i QuakeFileSystem.obj
 0001:000340d2       ??_ECFilePak@CFileContainerZip@@UAEPAXI@Z 004350d2 f i QuakeFileSystem.obj
 0001:000340f1       ??1CFilePak@CFileContainerZip@@UAE@XZ 004350f1 f i QuakeFileSystem.obj
 0001:00034160       ??_GCFileContainerZip@@UAEPAXI@Z 00435160 f i QuakeFileSystem.obj
 0001:00034160       ??_ECFileContainerZip@@UAEPAXI@Z 00435160 f i QuakeFileSystem.obj
 0001:0003418f       ?Mount@CZResource@@SAPAVCFileContainer@@PBDPBE0PAVCFileSystem@@@Z 0043518f f i QuakeFileSystem.obj
 0001:0003433b       ?GetType@CZResource@@MAEPBDXZ 0043533b f i QuakeFileSystem.obj
 0001:00034341       ?OpenLocalFile@CZResource@@MAEPAVCFile@@ABVCStringItem@@@Z 00435341 f i QuakeFileSystem.obj
 0001:00034372       ??0CFileRes@CZResource@@QAE@ABVCFileInfo@1@PBXH@Z 00435372 f i QuakeFileSystem.obj
 0001:00034425       ?Read@CFileRes@CZResource@@UAEHPAXH@Z 00435425 f i QuakeFileSystem.obj
 0001:00034478       ?GetSize@CFileRes@CZResource@@UAEHXZ 00435478 f i QuakeFileSystem.obj
 0001:0003447f       ?Eof@CFileRes@CZResource@@UAE_NXZ 0043547f f i QuakeFileSystem.obj
 0001:0003448c       ??_ECFileRes@CZResource@@UAEPAXI@Z 0043548c f i QuakeFileSystem.obj
 0001:0003448c       ??_GCFileRes@CZResource@@UAEPAXI@Z 0043548c f i QuakeFileSystem.obj
 0001:000344be       ??_GCZResource@@UAEPAXI@Z  004354be f i QuakeFileSystem.obj
 0001:000344be       ??_ECZResource@@UAEPAXI@Z  004354be f i QuakeFileSystem.obj
 0001:000344ed       ?MountGame@CQuakeFileSystem@@QAEXPBD@Z 004354ed f i QuakeFileSystem.obj
 0001:00034538       ?SetGameDir@CQuakeFileSystem@@QAE_NPBD@Z 00435538 f i QuakeFileSystem.obj
 0001:0003473a       ?FS_Tick@@YAXXZ            0043573a f   QuakeFileSystem.obj
 0001:00034887       ??0CBrush@@QAE@ABUCBox@@@Z 00435887 f   MapBrush.obj
 0001:000349e0       ?Split@CBrush@@QAEPAU1@PAUcplane_t@@@Z 004359e0 f   MapBrush.obj
 0001:00035350       ?GetVec@CAllocVertexPool@@QAEPAUCVec3@@ABU2@@Z 00436350 f i MapBrush.obj
 0001:000353e4       ?GetBounds@CBrush@@QAEXAAUCBox@@@Z 004363e4 f   MapBrush.obj
 0001:00035466       ?AddBevels@CBrush@@QAEXP6APAUcplane_t@@ABUCVec3@@M@Z@Z 00436466 f   MapBrush.obj
 0001:0003575a       ?Negate@CVec3@@QAEXXZ      0043675a f i MapBrush.obj
 0001:00035768       ?CDAudio_Play@@YAXH_N@Z    00436768 f   cd_win.obj
 0001:0003595b       ?CDAudio_Stop@@YAXXZ       0043695b f   cd_win.obj
 0001:00035a1c       ?CDAudio_Update@@YAXXZ     00436a1c f   cd_win.obj
 0001:00035abf       ?CDAudio_Init@@YA_NXZ      00436abf f   cd_win.obj
 0001:00035ee0       ?CDAudio_Shutdown@@YAXXZ   00436ee0 f   cd_win.obj
 0001:00035f03       ?CDAudio_Activate@@YAX_N@Z 00436f03 f   cd_win.obj
 0001:00035f1a       ?IN_Init@@YAXXZ            00436f1a f   in_win.obj
 0001:000361a7       ?IN_Shutdown@@YAXXZ        004371a7 f   in_win.obj
 0001:00036408       ?IN_Activate@@YAX_N@Z      00437408 f   in_win.obj
 0001:00036415       ?IN_Frame@@YAXXZ           00437415 f   in_win.obj
 0001:00036777       ?IN_Move@@YAXPAUusercmd_t@@@Z 00437777 f   in_win.obj
 0001:00036c22       ?NET_CompareAdr@@YA_NPAUnetadr_t@@0@Z 00437c22 f   net_wins.obj
 0001:00036c5d       ?NET_CompareBaseAdr@@YA_NPAUnetadr_t@@0@Z 00437c5d f   net_wins.obj
 0001:00036c8a       ?NET_AdrToString@@YAPBDPAUnetadr_t@@@Z 00437c8a f   net_wins.obj
 0001:00036cd0       ?NET_StringToAdr@@YA_NPBDPAUnetadr_t@@F@Z 00437cd0 f   net_wins.obj
 0001:00036de6       ?NET_IsLocalAddress@@YA_NPAUnetadr_t@@@Z 00437de6 f   net_wins.obj
 0001:00036df5       ?NET_GetPacket@@YA_NW4netsrc_t@@PAUnetadr_t@@PAVsizebuf_t@@@Z 00437df5 f   net_wins.obj
 0001:00036f74       ?NET_SendPacket@@YAXW4netsrc_t@@HPAXUnetadr_t@@@Z 00437f74 f   net_wins.obj
 0001:00037092       ?NET_Config@@YAX_N@Z       00438092 f   net_wins.obj
 0001:0003726d       ?NET_Init@@YAXXZ           0043826d f   net_wins.obj
 0001:00037320       ?SNDDMA_Init@@YA_NXZ       00438320 f   snd_win.obj
 0001:0003796b       ?SNDDMA_GetDMAPos@@YAHXZ   0043896b f   snd_win.obj
 0001:000379b5       ?SNDDMA_BeginPainting@@YAXXZ 004389b5 f   snd_win.obj
 0001:00037ad4       ?SNDDMA_Submit@@YAXXZ      00438ad4 f   snd_win.obj
 0001:00037af9       ?SNDDMA_Shutdown@@YAXXZ    00438af9 f   snd_win.obj
 0001:00037afe       ?S_Activate@@YAX_N@Z       00438afe f   snd_win.obj
 0001:00037b51       ?Write@COutputDeviceWin32Console@@UAEXPBD@Z 00438b51 f i sys_win.obj
 0001:00037bc9       ?EraseInput@COutputDeviceWin32Console@@QAEXXZ 00438bc9 f i sys_win.obj
 0001:00037c4f       ??_ECOutputDeviceWin32Console@@UAEPAXI@Z 00438c4f f i sys_win.obj
 0001:00037c4f       ??_GCOutputDeviceWin32Console@@UAEPAXI@Z 00438c4f f i sys_win.obj
 0001:00037c6f       ?Sys_ConsoleInput@@YAPADXZ 00438c6f f   sys_win.obj
 0001:00037ef8       ?Sys_ProcessMessages@@YAXXZ 00438ef8 f   sys_win.obj
 0001:00037fb1       _WinMain@16                00438fb1 f   sys_win.obj
 0001:000382ae       ??_GCOutputDeviceCon@@UAEPAXI@Z 004392ae f i sys_win.obj
 0001:000382ae       ??_ECOutputDeviceCon@@UAEPAXI@Z 004392ae f i sys_win.obj
 0001:00038356       ?Init@COutputDeviceWin32Console@@QAEXXZ 00439356 f i sys_win.obj
 0001:00038380       ?AddMsgHook@@YAXP6A_NIIJ@Z@Z 00439380 f   vid_dll.obj
 0001:000383c7       ?RemoveMsgHook@@YAXP6A_NIIJ@Z@Z 004393c7 f   vid_dll.obj
 0001:000383fa       ?Vid_CreateWindow@@YAPAXHH_N@Z 004393fa f   vid_dll.obj
 0001:00038b1c       ?Vid_DestroyWindow@@YAX_N@Z 00439b1c f   vid_dll.obj
 0001:00038b5b       ?Vid_Restart@@YAXXZ        00439b5b f   vid_dll.obj
 0001:00038b67       ?Vid_GetModeInfo@@YA_NPAH0H@Z 00439b67 f   vid_dll.obj
 0001:00038b99       ?Vid_Tick@@YAXXZ           00439b99 f   vid_dll.obj
 0001:00038d4a       ?Vid_Init@@YAXXZ           00439d4a f   vid_dll.obj
 0001:00038ded       ?Vid_Shutdown@@YAXXZ       00439ded f   vid_dll.obj
 0001:00038e0c       ?Tesselate@surfacePlanar_t@OpenGLDrv@@UAEXAAUrefEntity_t@2@@Z 00439e0c f   gl_backend.obj
 0001:0003b692       ?Tesselate@surfacePoly_t@OpenGLDrv@@UAEXAAUrefEntity_t@2@@Z 0043c692 f   gl_backend.obj
 0001:0003b799       ?Tesselate@surfaceMd3_t@OpenGLDrv@@UAEXAAUrefEntity_t@2@@Z 0043c799 f   gl_backend.obj
 0001:0003bb28       ?DrawTriangles@OpenGLDrv@@YA_NXZ 0043cb28 f   gl_backend.obj
 0001:0003bc3d       ?DrawNormals@OpenGLDrv@@YA_NXZ 0043cc3d f   gl_backend.obj
 0001:0003bd47       ?DrawBrush@OpenGLDrv@@YAXPBUCBrush@@PBDH@Z 0043cd47 f   gl_backend.obj
 0001:0003bdaa       ?Tesselate@surfaceEntity_t@OpenGLDrv@@UAEXAAUrefEntity_t@2@@Z 0043cdaa f   gl_backend.obj
 0001:0003be8e       ?Tesselate@surfaceParticle_t@OpenGLDrv@@UAEXAAUrefEntity_t@2@@Z 0043ce8e f   gl_backend.obj
 0001:0003c0de       ?BK_DrawScene@OpenGLDrv@@YAXXZ 0043d0de f   gl_backend.obj
 0001:0003c8d7       ?BK_DrawPic@OpenGLDrv@@YAXPAVshader_t@1@HHHHMMMMIE@Z 0043d8d7 f   gl_backend.obj
 0001:0003cab8       ?BK_DrawText@OpenGLDrv@@YAXPBDHHHHHI@Z 0043dab8 f   gl_backend.obj
 0001:0003ccad       ?BK_BeginFrame@OpenGLDrv@@YAXXZ 0043dcad f   gl_backend.obj
 0001:0003cd11       ?BK_EndFrame@OpenGLDrv@@YAXXZ 0043dd11 f   gl_backend.obj
 0001:0003cd50       ?BK_Init@OpenGLDrv@@YAXXZ  0043dd50 f   gl_backend.obj
 0001:0003cd7f       ?BK_Shutdown@OpenGLDrv@@YAXXZ 0043dd7f f   gl_backend.obj
 0001:0003cd97       ?AllocDynamicMemory@OpenGLDrv@@YAPAXH@Z 0043dd97 f   gl_buffers.obj
 0001:0003ce05       ?ResizeDynamicMemory@OpenGLDrv@@YAXPAXH@Z 0043de05 f   gl_buffers.obj
 0001:0003ce49       ?AddSurfaceToPortal@OpenGLDrv@@YAXPAVsurfaceBase_t@1@PAVshader_t@1@HH@Z 0043de49 f   gl_buffers.obj
 0001:0003ceba       ?InsertShaderIndex@OpenGLDrv@@YAXH@Z 0043deba f   gl_buffers.obj
 0001:0003cef6       ?ClearPortal@OpenGLDrv@@YAXXZ 0043def6 f   gl_buffers.obj
 0001:0003cf14       ?SortSurfaces@OpenGLDrv@@YAXPAUviewPortal_t@1@PAPAUsurfaceInfo_t@1@@Z 0043df14 f   gl_buffers.obj
 0001:0003d0a6       ?ClearBuffers@OpenGLDrv@@YAXXZ 0043e0a6 f   gl_buffers.obj
 0001:0003d0bd       ?CreateBuffers@OpenGLDrv@@YAXXZ 0043e0bd f   gl_buffers.obj
 0001:0003d0e3       ?FreeBuffers@OpenGLDrv@@YAXXZ 0043e0e3 f   gl_buffers.obj
 0001:0003d107       ?InitEntity@model_t@OpenGLDrv@@UAE_NPAUentity_t@@PAUrefEntity_t@2@@Z 0043e107 f   gl_frontend.obj
 0001:0003d10c       ?AddSurfaces@model_t@OpenGLDrv@@UAEXPAUrefEntity_t@2@@Z 0043e10c f   gl_frontend.obj
 0001:0003d13d       ?GetLeaf@model_t@OpenGLDrv@@UAEPAUnode_t@2@PAUrefEntity_t@2@@Z 0043e13d f   gl_frontend.obj
 0001:0003d151       ?DrawLabel@model_t@OpenGLDrv@@UAEXPAUrefEntity_t@2@@Z 0043e151 f   gl_frontend.obj
 0001:0003d154       ?InitEntity@inlineModel_t@OpenGLDrv@@UAE_NPAUentity_t@@PAUrefEntity_t@2@@Z 0043e154 f   gl_frontend.obj
 0001:0003d1a6       ?AddSurfaces@inlineModel_t@OpenGLDrv@@UAEXPAUrefEntity_t@2@@Z 0043e1a6 f   gl_frontend.obj
 0001:0003d695       ?GetLeaf@inlineModel_t@OpenGLDrv@@UAEPAUnode_t@2@PAUrefEntity_t@2@@Z 0043e695 f   gl_frontend.obj
 0001:0003d83d       ?DrawLabel@inlineModel_t@OpenGLDrv@@UAEXPAUrefEntity_t@2@@Z 0043e83d f   gl_frontend.obj
 0001:0003d886       ?InitEntity@md3Model_t@OpenGLDrv@@UAE_NPAUentity_t@@PAUrefEntity_t@2@@Z 0043e886 f   gl_frontend.obj
 0001:0003da64       ?AddSurfaces@md3Model_t@OpenGLDrv@@UAEXPAUrefEntity_t@2@@Z 0043ea64 f   gl_frontend.obj
 0001:0003db9e       ?GetLeaf@md3Model_t@OpenGLDrv@@UAEPAUnode_t@2@PAUrefEntity_t@2@@Z 0043eb9e f   gl_frontend.obj
 0001:0003dbd9       ?DrawLabel@md3Model_t@OpenGLDrv@@UAEXPAUrefEntity_t@2@@Z 0043ebd9 f   gl_frontend.obj
 0001:0003dc42       ?InitEntity@sprModel_t@OpenGLDrv@@UAE_NPAUentity_t@@PAUrefEntity_t@2@@Z 0043ec42 f   gl_frontend.obj
 0001:0003dc65       ?AddSurfaces@sprModel_t@OpenGLDrv@@UAEXPAUrefEntity_t@2@@Z 0043ec65 f   gl_frontend.obj
 0001:0003dde8       ?GetLeaf@sprModel_t@OpenGLDrv@@UAEPAUnode_t@2@PAUrefEntity_t@2@@Z 0043ede8 f   gl_frontend.obj
 0001:0003decc       ?AddEntity@OpenGLDrv@@YAXPAUentity_t@@@Z 0043eecc f   gl_frontend.obj
 0001:0003e05b       ?AddDlight@OpenGLDrv@@YAXPAUdlight_t@@@Z 0043f05b f   gl_frontend.obj
 0001:0003e213       ?DrawPortal@OpenGLDrv@@YAXXZ 0043f213 f   gl_frontend.obj
 0001:00040292       ?GL_TextureMode@OpenGLDrv@@YAXPBD@Z 00441292 f   gl_image.obj
 0001:0004033d       ?CreateImage@OpenGLDrv@@YAPAVimage_t@1@PBDPAXHHI@Z 0044133d f   gl_image.obj
 0001:000410e1       ?CreateImage8@OpenGLDrv@@YAPAVimage_t@1@PBDPAXHHIPAI@Z 004420e1 f   gl_image.obj
 0001:000411c0       ?LoadDelayedImages@OpenGLDrv@@YAXXZ 004421c0 f   gl_image.obj
 0001:00041253       ?DrawStretchRaw8@OpenGLDrv@@YAXHHHHHHPAEPAI@Z 00442253 f   gl_image.obj
 0001:00041586       ?SetupGamma@OpenGLDrv@@YAXXZ 00442586 f   gl_image.obj
 0001:000416cc       ?PerformScreenshot@OpenGLDrv@@YAXXZ 004426cc f   gl_image.obj
 0001:0004193d       ?InitImages@OpenGLDrv@@YAXXZ 0044293d f   gl_image.obj
 0001:00042116       ?ShutdownImages@OpenGLDrv@@YAXXZ 00443116 f   gl_image.obj
 0001:0004217d       ?ShowImages@OpenGLDrv@@YAXXZ 0044317d f   gl_image.obj
 0001:00042409       ?FindImage@OpenGLDrv@@YAPAVimage_t@1@PBDI@Z 00443409 f   gl_image.obj
 0001:00042776       ?GL_Lock@OpenGLDrv@@YAXXZ  00443776 f   gl_interface.obj
 0001:000427ee       ?GL_Unlock@OpenGLDrv@@YAXXZ 004437ee f   gl_interface.obj
 0001:000429b0       ?GL_Bind@OpenGLDrv@@YAXPBVimage_t@1@@Z 004439b0 f   gl_interface.obj
 0001:00042b3d       ?GL_BindForce@OpenGLDrv@@YAXPBVimage_t@1@@Z 00443b3d f   gl_interface.obj
 0001:00042bd5       ?GL_TexEnv@OpenGLDrv@@YAXI@Z 00443bd5 f   gl_interface.obj
 0001:00042d54       ?GL_TexMipBias@OpenGLDrv@@YAXM@Z 00443d54 f   gl_interface.obj
 0001:00042db0       ?GL_TexEnvColor@OpenGLDrv@@YAXPBTcolor_t@@@Z 00443db0 f   gl_interface.obj
 0001:00042e60       ?GL_SelectTexture@OpenGLDrv@@YAXH@Z 00443e60 f   gl_interface.obj
 0001:00042ec3       ?GL_TexCoordPointer@OpenGLDrv@@YAXPAX@Z 00443ec3 f   gl_interface.obj
 0001:00042ef6       ?GL_SetMultitexture@OpenGLDrv@@YAXH@Z 00443ef6 f   gl_interface.obj
 0001:00042fe7       ?GL_DisableTexCoordArrays@OpenGLDrv@@YAXXZ 00443fe7 f   gl_interface.obj
 0001:0004303b       ?GL_CullFace@OpenGLDrv@@YAXW4gl_cullMode_t@1@@Z 0044403b f   gl_interface.obj
 0001:0004308f       ?GL_DepthRange@OpenGLDrv@@YAXW4gl_depthMode_t@1@@Z 0044408f f   gl_interface.obj
 0001:000430c5       ?GL_State@OpenGLDrv@@YAXI@Z 004440c5 f   gl_interface.obj
 0001:00043215       ?GL_EnableFog@OpenGLDrv@@YAX_N@Z 00444215 f   gl_interface.obj
 0001:000432ef       ?GL_SetDefaultState@OpenGLDrv@@YAXXZ 004442ef f   gl_interface.obj
 0001:00043446       ?GL_Set2DMode@OpenGLDrv@@YAXXZ 00444446 f   gl_interface.obj
 0001:00043541       ?GL_Set3DMode@OpenGLDrv@@YAXPAUviewPortal_t@1@@Z 00444541 f   gl_interface.obj
 0001:0004362c       ?ShowLights@OpenGLDrv@@YAXXZ 0044462c f   gl_light.obj
 0001:00043a24       ?LightForEntity@OpenGLDrv@@YAXPAUrefEntity_t@1@@Z 00444a24 f   gl_light.obj
 0001:00044cc7       ?DiffuseLight@OpenGLDrv@@YAXPATcolor_t@@M@Z 00445cc7 f   gl_light.obj
 0001:00044f13       ?InitLightGrid@OpenGLDrv@@YAXXZ 00445f13 f   gl_light.obj
 0001:00044fb9       ?PostLoadLights@OpenGLDrv@@YAXXZ 00445fb9 f   gl_light.obj
 0001:0004527a       ?LM_Init@OpenGLDrv@@YAXXZ  0044627a f   gl_lightmap.obj
 0001:00045290       ?LM_Flush@OpenGLDrv@@YAXPAUlightmapBlock_t@1@@Z 00446290 f   gl_lightmap.obj
 0001:000452f0       ?LM_Done@OpenGLDrv@@YAXXZ  004462f0 f   gl_lightmap.obj
 0001:00045317       ?LM_Save@OpenGLDrv@@YAXPAUlightmapBlock_t@1@@Z 00446317 f   gl_lightmap.obj
 0001:00045332       ?LM_Restore@OpenGLDrv@@YAXPAUlightmapBlock_t@1@@Z 00446332 f   gl_lightmap.obj
 0001:0004534d       ?LM_NewBlock@OpenGLDrv@@YAPAUlightmapBlock_t@1@XZ 0044634d f   gl_lightmap.obj
 0001:000453ac       ?LM_Rewind@OpenGLDrv@@YAXXZ 004463ac f   gl_lightmap.obj
 0001:000453b4       ?LM_NextBlock@OpenGLDrv@@YAPAUlightmapBlock_t@1@XZ 004463b4 f   gl_lightmap.obj
 0001:000453e1       ?LM_CheckMinlight@OpenGLDrv@@YAXPAUdynamicLightmap_t@1@@Z 004463e1 f   gl_lightmap.obj
 0001:00045477       ?LM_AllocBlock@OpenGLDrv@@YA_NPAUlightmapBlock_t@1@PAUdynamicLightmap_t@1@@Z 00446477 f   gl_lightmap.obj
 0001:0004559d       ?LM_PutBlock@OpenGLDrv@@YAXPAUdynamicLightmap_t@1@@Z 0044659d f   gl_lightmap.obj
 0001:00045a11       ?LM_PutBlock1@OpenGLDrv@@YAXPAUdynamicLightmap_t@1@@Z 00446a11 f   gl_lightmap.obj
 0001:00045b62       ?LM_SortLightStyles@OpenGLDrv@@YAXPAUdynamicLightmap_t@1@@Z 00446b62 f   gl_lightmap.obj
 0001:00045bf4       ?UpdateDynamicLightmap@OpenGLDrv@@YAXPAVsurfacePlanar_t@1@_NI@Z 00446bf4 f   gl_lightmap.obj
 0001:0004643a       ?LM_IsMonotone@OpenGLDrv@@YA_NPAUdynamicLightmap_t@1@PATcolor_t@@@Z 0044743a f   gl_lightmap.obj
 0001:00046541       ?Init@OpenGLDrv@@YA_NXZ    00447541 f   gl_main.obj
 0001:00046c34       ?Shutdown@OpenGLDrv@@YAX_N@Z 00447c34 f   gl_main.obj
 0001:00046cbd       ?GL_EnableRendering@OpenGLDrv@@YAX_N@Z 00447cbd f   gl_main.obj
 0001:00046cdb       ?BeginFrame@OpenGLDrv@@YAXN@Z 00447cdb f   gl_main.obj
 0001:00046e08       ?EndFrame@OpenGLDrv@@YAXXZ 00447e08 f   gl_main.obj
 0001:00046e20       ?RenderFrame@OpenGLDrv@@YAXPAUrefdef_t@@@Z 00447e20 f   gl_main.obj
 0001:000476e8       ?Fill8@OpenGLDrv@@YAXHHHHH@Z 004486e8 f   gl_main.obj
 0001:0004772b       ?Fill@OpenGLDrv@@YAXHHHHI@Z 0044872b f   gl_main.obj
 0001:00047767       ?TileClear@OpenGLDrv@@YAXHHHHPBD@Z 00448767 f   gl_main.obj
 0001:00047808       ?DrawStretchPic@OpenGLDrv@@YAXHHHHPBD@Z 00448808 f   gl_main.obj
 0001:0004784d       ?DrawDetailedPic@OpenGLDrv@@YAXHHHHPBD@Z 0044884d f   gl_main.obj
 0001:000478f7       ?DrawPic@OpenGLDrv@@YAXHHPBDHH@Z 004488f7 f   gl_main.obj
 0001:0004797f       ?LoadNewWorld@OpenGLDrv@@YAXPBD@Z 0044897f f   gl_main.obj
 0001:000479b4       ?DumpLoadStats@OpenGLDrv@@YAXXZ 004489b4 f   gl_main.obj
 0001:00047a3a       ?FinishLoadingWorld@OpenGLDrv@@YAXXZ 00448a3a f   gl_main.obj
 0001:00047a3f       ?RegisterPic@OpenGLDrv@@YAPAVCBasicImage@@PBD@Z 00448a3f f   gl_main.obj
 0001:00047a53       ?RegisterSkin@OpenGLDrv@@YAPAVCBasicImage@@PBD_N@Z 00448a53 f   gl_main.obj
 0001:00047a73       ?RegisterModel@OpenGLDrv@@YAPAVCRenderModel@@PBD@Z 00448a73 f   gl_main.obj
 0001:00047a81       ?SetSky@OpenGLDrv@@YAXPBDMABUCVec3@@@Z 00448a81 f   gl_main.obj
 0001:00047b1f       ?Screenshot@OpenGLDrv@@YAXHPBD@Z 00448b1f f   gl_main.obj
 0001:00047b48       ?GetClientLight@OpenGLDrv@@YAMXZ 00448b48 f   gl_main.obj
 0001:00047b4f       ?InitFuncTables@OpenGLDrv@@YAXXZ 00448b4f f   gl_math.obj
 0001:00047cf5       ?BuildRotationAxis@OpenGLDrv@@YAXAAUCAxis@@ABUCVec3@@M@Z 00448cf5 f   gl_math.obj
 0001:00047dec       ?GetBoxRect@OpenGLDrv@@YA_NPBUrefEntity_t@1@ABUCVec3@@QAM2_N@Z 00448dec f   gl_math.obj
 0001:000480f6       ?ProjectToScreen@OpenGLDrv@@YA_NABUCVec3@@QAH@Z 004490f6 f   gl_math.obj
 0001:00048239       ?SaturateColor3f@OpenGLDrv@@YAXAAUCVec3@@@Z 00449239 f   gl_math.obj
 0001:00048329       ?SaturateColor4b@OpenGLDrv@@YAXPATcolor_t@@@Z 00449329 f   gl_math.obj
 0001:00048437       ?SubdividePlane@OpenGLDrv@@YAHPAPAUCVec3@@HM@Z 00449437 f   gl_poly.obj
 0001:00048916       ?FreeSubdividedPlane@OpenGLDrv@@YAXXZ 00449916 f   gl_poly.obj
 0001:0004892e       ?GetSubdivideIndexes@OpenGLDrv@@YAXPAH@Z 0044992e f   gl_poly.obj
 0001:00048984       ?RemoveCollinearPoints@OpenGLDrv@@YAHPAPAUCVec3@@H@Z 00449984 f   gl_poly.obj
 0001:00048a7a       ?GetPolyArea@OpenGLDrv@@YAMPAPAUCVec3@@H@Z 00449a7a f   gl_poly.obj
 0001:00048b0e       ?InitShaders@OpenGLDrv@@YAXXZ 00449b0e f   gl_shader.obj
 0001:00048ca9       ?ShutdownShaders@OpenGLDrv@@YAXXZ 00449ca9 f   gl_shader.obj
 0001:00048ce7       ?GetLightmapImage@OpenGLDrv@@YAPAVimage_t@1@H@Z 00449ce7 f   gl_shader.obj
 0001:00048d12       ?SetShaderLightmap@OpenGLDrv@@YAPAVshader_t@1@PAV21@H@Z 00449d12 f   gl_shader.obj
 0001:0004902c       ??4shader_t@OpenGLDrv@@QAEAAV01@ABV01@@Z 0044a02c f i gl_shader.obj
 0001:00049268       ?SetShaderLightstyles@OpenGLDrv@@YAPAVshader_t@1@PAV21@I_N@Z 0044a268 f   gl_shader.obj
 0001:0004931a       ?GetAlphaShader@OpenGLDrv@@YAPAVshader_t@1@PAV21@@Z 0044a31a f   gl_shader.obj
 0001:00049707       ?SetShaderAnimFreq@OpenGLDrv@@YAXPAVshader_t@1@H@Z 0044a707 f   gl_shader.obj
 0001:0004975d       ?FindShader@OpenGLDrv@@YAPAVshader_t@1@PBDI@Z 0044a75d f   gl_shader.obj
 0001:0004b192       ?GetShaderByNum@OpenGLDrv@@YAPAVshader_t@1@H@Z 0044c192 f   gl_shader.obj
 0001:0004b1b4       ?ResetShaders@OpenGLDrv@@YAXXZ 0044c1b4 f   gl_shader.obj
 0001:0004b39f       ?Reload@shader_t@OpenGLDrv@@UAEXXZ 0044c39f f   gl_shader.obj
 0001:0004b3ce       ?ClearSky@OpenGLDrv@@YAXXZ 0044c3ce f   gl_sky.obj
 0001:0004b42b       ?AddSkySurface@OpenGLDrv@@YAXPAVsurfacePlanar_t@1@E@Z 0044c42b f   gl_sky.obj
 0001:0004b9f3       ?DrawSky@OpenGLDrv@@YAXXZ  0044c9f3 f   gl_sky.obj
 0001:0004c097       ?DrawChar@OpenGLDrv@@YAXHHHH@Z 0044d097 f   gl_text.obj
 0001:0004c0f1       ?ClearTexts@OpenGLDrv@@YAXXZ 0044d0f1 f   gl_text.obj
 0001:0004c106       ?FlushTexts@OpenGLDrv@@YAXXZ 0044d106 f   gl_text.obj
 0001:0004c1b2       ?DrawTextPos@OpenGLDrv@@YAXHHPBDI@Z 0044d1b2 f   gl_text.obj
 0001:0004c1de       ?DrawTextLeft@OpenGLDrv@@YAXPBDI@Z 0044d1de f   gl_text.obj
 0001:0004c266       ?DrawTextRight@OpenGLDrv@@YAXPBDI@Z 0044d266 f   gl_text.obj
 0001:0004c2b0       ?DrawText3D@OpenGLDrv@@YAXABUCVec3@@PBDI@Z 0044d2b0 f   gl_text.obj
 0001:0004c2dd       ?InitTexts@OpenGLDrv@@YAXXZ 0044d2dd f   gl_text.obj
 0001:0004c2f7       ??0?$TTextContainer@UCRText@OpenGLDrv@@$0BAAAA@@@QAE@XZ 0044d2f7 f i gl_text.obj
 0001:0004c31c       ?FindModel@OpenGLDrv@@YAPAVmodel_t@1@PBD@Z 0044d31c f   gl_model.obj
 0001:0004c4f8       ?FreeModels@OpenGLDrv@@YAXXZ 0044d4f8 f   gl_model.obj
 0001:0004c56a       ?InitModels@OpenGLDrv@@YAXXZ 0044d56a f   gl_model.obj
 0001:0004c660       ?ShutdownModels@OpenGLDrv@@YAXXZ 0044d660 f   gl_model.obj
 0001:0004c671       ?LoadWorldMap@OpenGLDrv@@YAXPBD@Z 0044d671 f   gl_bspmodel.obj
 0001:0004e97c       ?PointInLeaf@OpenGLDrv@@YAPAUnode_t@1@ABUCVec3@@@Z 0044f97c f   gl_bspmodel.obj
 0001:0004e9c7       ?LerpTag@model_t@OpenGLDrv@@UBE_NHHMPBDAAUCCoords@@@Z 0044f9c7 f   gl_trimodel.obj
 0001:0004e9d5       ?LerpTag@md3Model_t@OpenGLDrv@@UBE_NHHMPBDAAUCCoords@@@Z 0044f9d5 f   gl_trimodel.obj
 0001:0004eae5       ?LoadMd2@OpenGLDrv@@YAPAVmd3Model_t@1@PBDPAEI@Z 0044fae5 f   gl_trimodel.obj
 0001:0004f67a       ?ATAN2_FUNC@OpenGLDrv@@YAMMM@Z 0045067a f i gl_trimodel.obj
 0001:0004f830       ?LoadMd3@OpenGLDrv@@YAPAVmd3Model_t@1@PBDPAEI@Z 00450830 f   gl_trimodel.obj
 0001:0004fd11       ?LoadSp2@OpenGLDrv@@YAPAVsprModel_t@1@PBDPAEI@Z 00450d11 f   gl_trimodel.obj
 0001:0004ff3c       ?LoadSpr@OpenGLDrv@@YAPAVsprModel_t@1@PBDPAEI@Z 00450f3c f   gl_trimodel.obj
 0001:000516b5       ?QGL_Init@OpenGLDrv@@YA_NPBD@Z 004526b5 f   GLBind.obj
 0001:000517a1       ?QGL_Shutdown@OpenGLDrv@@YAXXZ 004527a1 f   GLBind.obj
 0001:000517de       ?QGL_InitExtensions@OpenGLDrv@@YAXXZ 004527de f   GLBind.obj
 0001:00051cc8       ?QGL_PrintExtensionsString@OpenGLDrv@@YAXPBD00@Z 00452cc8 f   GLBind.obj
 0001:00051e15       ?QGL_EnableLogging@OpenGLDrv@@YAX_N@Z 00452e15 f   GLBind.obj
 0001:00051ebe       ?QGL_LogMessage@OpenGLDrv@@YAXPBD@Z 00452ebe f   GLBind.obj
 0001:00051ed7       ?QGL_SwapBuffers@OpenGLDrv@@YAXXZ 00452ed7 f   GLBind.obj
 0001:00051f59       ?GLimp_HasGamma@OpenGLDrv@@YA_NXZ 00452f59 f   gl_win.obj
 0001:00051f6d       ?GLimp_SetGamma@OpenGLDrv@@YAXM@Z 00452f6d f   gl_win.obj
 0001:00052113       ?GLimp_SetMode@OpenGLDrv@@YA_NPAI0H_N@Z 00453113 f   gl_win.obj
 0001:000524ea       ?GLimp_Shutdown@OpenGLDrv@@YAX_N@Z 004534ea f   gl_win.obj
 0001:0005259a       ?AppActivate@OpenGLDrv@@YAX_N@Z 0045359a f   gl_win.obj
 0001:0005260d       _jpeg_CreateDecompress     0045360d f   libs:jdapimin.obj
 0001:000526cd       _jpeg_read_header          004536cd f   libs:jdapimin.obj
 0001:0005272f       _jpeg_consume_input        0045372f f   libs:jdapimin.obj
 0001:0005297e       _jpeg_finish_decompress    0045397e f   libs:jdapimin.obj
 0001:00052a15       _jpeg_start_decompress     00453a15 f   libs:jdapistd.obj
 0001:00052b82       _jpeg_read_scanlines       00453b82 f   libs:jdapistd.obj
 0001:00052c06       _jpeg_resync_to_restart    00453c06 f   libs:jdmarker.obj
 0001:00052dcb       _jinit_marker_reader       00453dcb f   libs:jdmarker.obj
 0001:00054296       _jpeg_CreateCompress       00455296 f   libs:jcapimin.obj
 0001:0005434a       _jpeg_destroy_decompress   0045534a f   libs:jcapimin.obj
 0001:0005434a       _jpeg_destroy_compress     0045534a f   libs:jcapimin.obj
 0001:00054355       _jpeg_suppress_tables      00455355 f   libs:jcapimin.obj
 0001:0005439f       _jpeg_finish_compress      0045539f f   libs:jcapimin.obj
 0001:00054489       _jpeg_start_compress       00455489 f   libs:jcapistd.obj
 0001:000544f5       _jpeg_write_scanlines      004554f5 f   libs:jcapistd.obj
 0001:000545a0       _jpeg_add_quant_table      004555a0 f   libs:jcparam.obj
 0001:00054652       _jpeg_quality_scaling      00455652 f   libs:jcparam.obj
 0001:00054679       _jpeg_set_quality          00455679 f   libs:jcparam.obj
[...]
 0001:000637cb       _process_restart           004647cb f   libs:jddiffct.obj
 0001:000617eb       _dummy_consume_data        004627eb f   libs:jdcoefct.obj
 0001:00063800       _consume_data              00464800 f   libs:jddiffct.obj
 0001:00063877       _output_data               00464877 f   libs:jddiffct.obj
 0001:000632fe       _start_pass                004642fe f   libs:jddctmgr.obj
 0001:00062750       _start_pass_phuff_decoder  00463750 f   libs:jdphuff.obj
 0001:00062999       _decode_mcu_DC_first       00463999 f   libs:jdphuff.obj
 0001:00062b91       _process_restart           00463b91 f   libs:jdphuff.obj
 0001:00062c00       _decode_mcu_AC_first       00463c00 f   libs:jdphuff.obj
 0001:00062e20       _decode_mcu_DC_refine      00463e20 f   libs:jdphuff.obj
 0001:00062ef5       _decode_mcu_AC_refine      00463ef5 f   libs:jdphuff.obj
 0001:00062197       _start_pass_huff_decoder   00463197 f   libs:jdshuff.obj
 0001:000622cf       _decode_mcu                004632cf f   libs:jdshuff.obj
 0001:0006267f       _process_restart           0046367f f   libs:jdshuff.obj
 0001:0006157d       _start_input_pass          0046257d f   libs:jdcoefct.obj
 0001:00061590       _start_iMCU_row            00462590 f   libs:jdcoefct.obj
 0001:000615d5       _start_output_pass         004625d5 f   libs:jdcoefct.obj
 0001:00061612       _decompress_onepass        00462612 f   libs:jdcoefct.obj
 0001:000617eb       _dummy_consume_data        004627eb f   libs:jdcoefct.obj
 0001:000617ee       _consume_data              004627ee f   libs:jdcoefct.obj
 0001:000619a7       _decompress_data           004629a7 f   libs:jdcoefct.obj
 0001:00061b13       _smoothing_ok              00462b13 f   libs:jdcoefct.obj
 0001:00061bfe       _decompress_smooth_data    00462bfe f   libs:jdcoefct.obj
 0001:00061416       _scaler_start_pass         00462416 f   libs:jcscale.obj
 0001:00061439       _simple_downscale          00462439 f   libs:jcscale.obj
 0001:00061465       _noscale                   00462465 f   libs:jcscale.obj
 0001:00060f0e       _start_pass                00461f0e f   libs:jcpred.obj
 0001:00060f66       _reset_predictor           00461f66 f   libs:jcpred.obj
 0001:00060f93       _jpeg_difference_first_row 00461f93 f   libs:jcpred.obj
 0001:0006107d       _jpeg_difference1          0046207d f   libs:jcpred.obj
 0001:000610eb       _jpeg_difference2          004620eb f   libs:jcpred.obj
 0001:0006115c       _jpeg_difference3          0046215c f   libs:jcpred.obj
 0001:000611d4       _jpeg_difference4          004621d4 f   libs:jcpred.obj
 0001:0006125f       _jpeg_difference5          0046225f f   libs:jcpred.obj
 0001:000612f2       _jpeg_difference6          004622f2 f   libs:jcpred.obj
 0001:00061381       _jpeg_difference7          00462381 f   libs:jcpred.obj
 0001:00060800       _start_pass_huff           00461800 f   libs:jclhuff.obj
 0001:0006099d       _encode_mcus_huff          0046199d f   libs:jclhuff.obj
 0001:00060b88       _emit_bits                 00461b88 f   libs:jclhuff.obj
 0001:00060c2b       _dump_buffer               00461c2b f   libs:jclhuff.obj
 0001:00060c4f       _emit_restart              00461c4f f   libs:jclhuff.obj
 0001:00060c9a       _flush_bits                00461c9a f   libs:jclhuff.obj
 0001:00060cbe       _finish_pass_huff          00461cbe f   libs:jclhuff.obj
 0001:00060d2b       _encode_mcus_gather        00461d2b f   libs:jclhuff.obj
 0001:00060e54       _finish_pass_gather        00461e54 f   libs:jclhuff.obj
 0001:0005f525       _need_optimization_pass    00460525 f   libs:jcshuff.obj
 0001:00060420       _start_pass_diff           00461420 f   libs:jcdiffct.obj
 0001:0005e726       _start_iMCU_row            0045f726 f   libs:jccoefct.obj
 0001:000604be       _compress_data             004614be f   libs:jcdiffct.obj
 0001:00060654       _compress_first_pass       00461654 f   libs:jcdiffct.obj
 0001:00060749       _compress_output           00461749 f   libs:jcdiffct.obj
 0001:00060033       _start_pass_fdctmgr        00461033 f   libs:jcdctmgr.obj
 0001:00060135       _forward_DCT_float         00461135 f   libs:jcdctmgr.obj
 0001:0005f568       _start_pass_phuff          00460568 f   libs:jcphuff.obj
 0001:0005f6d5       _encode_mcu_DC_first       004606d5 f   libs:jcphuff.obj
 0001:0005f807       _emit_bits                 00460807 f   libs:jcphuff.obj
 0001:0005f8b2       _dump_buffer               004608b2 f   libs:jcphuff.obj
 0001:0005f8ea       _emit_symbol               004608ea f   libs:jcphuff.obj
 0001:0005f92a       _emit_restart              0046092a f   libs:jcphuff.obj
 0001:0005f9b3       _emit_eobrun               004609b3 f   libs:jcphuff.obj
 0001:0005fa39       _encode_mcu_AC_first       00460a39 f   libs:jcphuff.obj
 0001:0005fbcd       _encode_mcu_DC_refine      00460bcd f   libs:jcphuff.obj
 0001:0005fc87       _encode_mcu_AC_refine      00460c87 f   libs:jcphuff.obj
 0001:0005fe9e       _finish_pass_phuff         00460e9e f   libs:jcphuff.obj
 0001:0005feed       _finish_pass_gather_phuff  00460eed f   libs:jcphuff.obj
 0001:0005ffb0       _need_optimization_pass    00460fb0 f   libs:jcphuff.obj
 0001:0005ed00       _start_pass_huff           0045fd00 f   libs:jcshuff.obj
 0001:0005ee75       _encode_mcu_huff           0045fe75 f   libs:jcshuff.obj
 0001:0005ef80       _encode_one_block          0045ff80 f   libs:jcshuff.obj
 0001:0005f0f7       _emit_bits                 004600f7 f   libs:jcshuff.obj
 0001:0005f19a       _dump_buffer               0046019a f   libs:jcshuff.obj
 0001:0005f1be       _emit_restart              004601be f   libs:jcshuff.obj
 0001:0005f22b       _flush_bits                0046022b f   libs:jcshuff.obj
 0001:0005f24f       _finish_pass_huff          0046024f f   libs:jcshuff.obj
 0001:0005f2be       _encode_mcu_gather         004602be f   libs:jcshuff.obj
 0001:0005f374       _htest_one_block           00460374 f   libs:jcshuff.obj
 0001:0005f43b       _finish_pass_gather        0046043b f   libs:jcshuff.obj
 0001:0005f525       _need_optimization_pass    00460525 f   libs:jcshuff.obj
 0001:0005e691       _start_pass_coef           0045f691 f   libs:jccoefct.obj
 0001:0005e726       _start_iMCU_row            0045f726 f   libs:jccoefct.obj
 0001:0005e768       _compress_data             0045f768 f   libs:jccoefct.obj
 0001:0005e94f       _compress_first_pass       0045f94f f   libs:jccoefct.obj
 0001:0005eb35       _compress_output           0045fb35 f   libs:jccoefct.obj
 0001:0005e5a9       _calc_output_dimensions    0045f5a9 f   libs:jdlossls.obj
 0001:0005e5ba       _start_input_pass          0045f5ba f   libs:jdlossls.obj
 0001:0005e2e8       _calc_output_dimensions    0045f2e8 f   libs:jdlossy.obj
 0001:0005e45b       _start_input_pass          0045f45b f   libs:jdlossy.obj
 0001:0005e47b       _latch_quant_tables        0045f47b f   libs:jdlossy.obj
 0001:0005e513       _start_output_pass         0045f513 f   libs:jdlossy.obj
 0001:0005e237       _start_pass                0045f237 f   libs:jclossls.obj
 0001:0005e1a3       _start_pass                0045f1a3 f   libs:jclossy.obj
 0001:0005d6f8       _initial_setup             0045e6f8 f   libs:jcmaster.obj
 0001:0005d8ab       _validate_script           0045e8ab f   libs:jcmaster.obj
 0001:0005dc83       _prepare_for_pass          0045ec83 f   libs:jcmaster.obj
 0001:0005ddfb       _select_scan_parameters    0045edfb f   libs:jcmaster.obj
 0001:0005defc       _per_scan_setup            0045eefc f   libs:jcmaster.obj
 0001:0005e0a7       _pass_startup              0045f0a7 f   libs:jcmaster.obj
 0001:0005e0ce       _finish_pass_master        0045f0ce f   libs:jcmaster.obj
 0001:0005d1e4       _rgb_ycc_start             0045e1e4 f   libs:jccolor.obj
 0001:0005d2a8       _rgb_ycc_convert           0045e2a8 f   libs:jccolor.obj
 0001:0005d3a7       _rgb_gray_convert          0045e3a7 f   libs:jccolor.obj
 0001:0005d42c       _cmyk_ycck_convert         0045e42c f   libs:jccolor.obj
 0001:0005d564       _grayscale_convert         0045e564 f   libs:jccolor.obj
 0001:0005d5be       _null_convert              0045e5be f   libs:jccolor.obj
 0001:0002d63e       _null_method               0042e63e f   images.obj
 0001:0002d63e       _start_pass_downsample     0042e63e f   images.obj
 0001:0005c930       _sep_downsample            0045d930 f   libs:jcsample.obj
 0001:0005c9a5       _int_downsample            0045d9a5 f   libs:jcsample.obj
 0001:0005ca9d       _expand_right_edge         0045da9d f   libs:jcsample.obj
 0001:0005caf2       _fullsize_downsample       0045daf2 f   libs:jcsample.obj
 0001:0005cb36       _h2v1_downsample           0045db36 f   libs:jcsample.obj
 0001:0005cbca       _h2v2_downsample           0045dbca f   libs:jcsample.obj
 0001:0005cc77       _h2v2_smooth_downsample    0045dc77 f   libs:jcsample.obj
 0001:0005ceef       _fullsize_smooth_downsample 0045deef f   libs:jcsample.obj
 0001:0005c32c       _start_pass_prep           0045d32c f   libs:jcprepct.obj
 0001:0005c36a       _pre_process_data          0045d36a f   libs:jcprepct.obj
 0001:0005c518       _pre_process_context       0045d518 f   libs:jcprepct.obj
 0001:0005c6d1       _create_context_buffer     0045d6d1 f   libs:jcprepct.obj
 0001:0005c1a4       _start_pass_main           0045d1a4 f   libs:jcmainct.obj
 0001:0005c1e6       _process_data_simple_main  0045d1e6 f   libs:jcmainct.obj
 0001:0005b77a       _create_colormap           0045c77a f   libs:jquant1.obj
 0001:0005b8ac       _select_ncolors            0045c8ac f   libs:jquant1.obj
 0001:0005b983       _create_colorindex         0045c983 f   libs:jquant1.obj
 0001:0005baaf       _alloc_fs_workspace        0045caaf f   libs:jquant1.obj
 0001:0005baeb       _start_pass_1_quant        0045caeb f   libs:jquant1.obj
 0001:0005bbb7       _create_odither_tables     0045cbb7 f   libs:jquant1.obj
 0001:0005bc16       _make_odither_array        0045cc16 f   libs:jquant1.obj
 0001:0005bc79       _color_quantize            0045cc79 f   libs:jquant1.obj
 0001:0005bd04       _color_quantize3           0045cd04 f   libs:jquant1.obj
 0001:0005bd92       _quantize_ord_dither       0045cd92 f   libs:jquant1.obj
 0001:0005be7d       _quantize3_ord_dither      0045ce7d f   libs:jquant1.obj
 0001:0005bf7d       _quantize_fs_dither        0045cf7d f   libs:jquant1.obj
 0001:0002d63e       _finish_pass_1_quant       0042e63e f   images.obj
 0001:0005c101       _new_color_map_1_quant     0045d101 f   libs:jquant1.obj
 0001:0005a73b       _init_error_limit          0045b73b f   libs:jquant2.obj
 0001:0005a7da       _start_pass_2_quant        0045b7da f   libs:jquant2.obj
 0001:0005a8dc       _prescan_quantize          0045b8dc f   libs:jquant2.obj
 0001:0005a94b       _pass2_no_dither           0045b94b f   libs:jquant2.obj
 0001:0005a9f8       _fill_inverse_cmap         0045b9f8 f   libs:jquant2.obj
 0001:0005aac3       _find_nearby_colors        0045bac3 f   libs:jquant2.obj
 0001:0005ac67       _find_best_colors          0045bc67 f   libs:jquant2.obj
 0001:0005ad81       _pass2_fs_dither           0045bd81 f   libs:jquant2.obj
 0001:0005aff0       _finish_pass1              0045bff0 f   libs:jquant2.obj
 0001:0005b012       _select_colors             0045c012 f   libs:jquant2.obj
 0001:0005b09e       _update_box                0045c09e f   libs:jquant2.obj
 0001:0005b438       _median_cut                0045c438 f   libs:jquant2.obj
 0001:0005b54c       _find_biggest_color_pop    0045c54c f   libs:jquant2.obj
 0001:0005b57b       _find_biggest_volume       0045c57b f   libs:jquant2.obj
 0001:0005b5a4       _compute_color             0045c5a4 f   libs:jquant2.obj
 0001:0002d63e       _finish_pass2              0042e63e f   images.obj
 0001:0005b6e0       _new_color_map_2_quant     0045c6e0 f   libs:jquant2.obj
 0001:0005a152       _build_ycc_rgb_table       0045b152 f   libs:jdmerge.obj
 0001:0005a202       _start_pass_merged_upsample 0045b202 f   libs:jdmerge.obj
 0001:0005a217       _merged_2v_upsample        0045b217 f   libs:jdmerge.obj
 0001:0005a2be       _merged_1v_upsample        0045b2be f   libs:jdmerge.obj
 0001:0005a2ef       _h2v1_merged_upsample      0045b2ef f   libs:jdmerge.obj
 0001:0005a445       _h2v2_merged_upsample      0045b445 f   libs:jdmerge.obj
 0001:00059cf6       _build_ycc_rgb_table       0045acf6 f   libs:jdcolor.obj
 0001:00059da6       _ycc_rgb_convert           0045ada6 f   libs:jdcolor.obj
 0001:00059eb4       _null_convert              0045aeb4 f   libs:jdcolor.obj
 0001:00059f2c       _grayscale_convert         0045af2c f   libs:jdcolor.obj
 0001:00059f4f       _gray_rgb_convert          0045af4f f   libs:jdcolor.obj
 0001:00059fa8       _ycck_cmyk_convert         0045afa8 f   libs:jdcolor.obj
 0001:0002d63e       _start_pass_dcolor         0042e63e f   images.obj
 0001:00059757       _start_pass_upsample       0045a757 f   libs:jdsample.obj
 0001:00059771       _sep_upsample              0045a771 f   libs:jdsample.obj
 0001:0005983e       _fullsize_upsample         0045a83e f   libs:jdsample.obj
 0001:00059849       _noop_upsample             0045a849 f   libs:jdsample.obj
 0001:00059851       _int_upsample              0045a851 f   libs:jdsample.obj
 0001:0005993b       _h2v1_upsample             0045a93b f   libs:jdsample.obj
 0001:00059992       _h2v2_upsample             0045a992 f   libs:jdsample.obj
 0001:00059a04       _h2v1_fancy_upsample       0045aa04 f   libs:jdsample.obj
 0001:00059aa7       _h2v2_fancy_upsample       0045aaa7 f   libs:jdsample.obj
 0001:00059360       _start_pass_dpost          0045a360 f   libs:jdpostct.obj
 0001:00059406       _post_process_1pass        0045a406 f   libs:jdpostct.obj
 0001:0005946b       _post_process_prepass      0045a46b f   libs:jdpostct.obj
 0001:000594fc       _post_process_2pass        0045a4fc f   libs:jdpostct.obj
 0001:00058d67       _alloc_funny_pointers      00459d67 f   libs:jdmainct.obj
 0001:00058e14       _start_pass_main           00459e14 f   libs:jdmainct.obj
 0001:00058e7c       _make_funny_pointers       00459e7c f   libs:jdmainct.obj
 0001:00058fbc       _process_data_simple_main  00459fbc f   libs:jdmainct.obj
 0001:00059024       _process_data_context_main 0045a024 f   libs:jdmainct.obj
 0001:00059136       _set_wraparound_pointers   0045a136 f   libs:jdmainct.obj
 0001:00059220       _set_bottom_pointers       0045a220 f   libs:jdmainct.obj
 0001:000592ba       _process_data_crank_post   0045a2ba f   libs:jdmainct.obj
 0001:00057a93       _write_marker_header       00458a93 f   libs:jcmarker.obj
 0001:00057ae9       _emit_byte                 00458ae9 f   libs:jcmarker.obj
 0001:00057b1a       _write_marker_byte         00458b1a f   libs:jcmarker.obj
 0001:00057b2a       _write_file_header         00458b2a f   libs:jcmarker.obj
 0001:00057b76       _emit_jfif_app0            00458b76 f   libs:jcmarker.obj
 0001:00057c49       _emit_adobe_app14          00458c49 f   libs:jcmarker.obj
 0001:00057cef       _write_frame_header        00458cef f   libs:jcmarker.obj
 0001:00057dce       _emit_dqt                  00458dce f   libs:jcmarker.obj
 0001:00057ebd       _emit_sof                  00458ebd f   libs:jcmarker.obj
 0001:00057f99       _write_scan_header         00458f99 f   libs:jcmarker.obj
 0001:00058059       _emit_dht                  00459059 f   libs:jcmarker.obj
 0001:00058132       _emit_dri                  00459132 f   libs:jcmarker.obj
 0001:00058181       _emit_sos                  00459181 f   libs:jcmarker.obj
 0001:0005826f       _write_file_trailer        0045926f f   libs:jcmarker.obj
 0001:0005828f       _write_tables_only         0045928f f   libs:jcmarker.obj
 0001:000575e8       _use_merged_upsample       004585e8 f   libs:jdmaster.obj
 0001:0005768e       _master_selection          0045868e f   libs:jdmaster.obj
 0001:000577eb       _prepare_range_limit_table 004587eb f   libs:jdmaster.obj
 0001:00057871       _prepare_for_output_pass   00458871 f   libs:jdmaster.obj
 0001:00057992       _finish_output_pass        00458992 f   libs:jdmaster.obj
 0001:00056a5f       _alloc_small               00457a5f f   libs:jmemmgr.obj
 0001:00056b7d       _alloc_large               00457b7d f   libs:jmemmgr.obj
 0001:00056c2e       _alloc_sarray              00457c2e f   libs:jmemmgr.obj
 0001:00056cc6       _alloc_barray              00457cc6 f   libs:jmemmgr.obj
 0001:00056d6a       _alloc_darray              00457d6a f   libs:jmemmgr.obj
 0001:00056e15       _request_virt_sarray       00457e15 f   libs:jmemmgr.obj
 0001:00056e76       _request_virt_barray       00457e76 f   libs:jmemmgr.obj
 0001:00056ed7       _realize_virt_arrays       00457ed7 f   libs:jmemmgr.obj
 0001:0005705a       _access_virt_sarray        0045805a f   libs:jmemmgr.obj
 0001:0005717a       _do_sarray_io              0045817a f   libs:jmemmgr.obj
 0001:0005720a       _access_virt_barray        0045820a f   libs:jmemmgr.obj
 0001:0005732f       _do_barray_io              0045832f f   libs:jmemmgr.obj
 0001:000573c0       _free_pool                 004583c0 f   libs:jmemmgr.obj
 0001:000574a7       _self_destruct             004584a7 f   libs:jmemmgr.obj
 0001:000564f9       _start_input_pass          004574f9 f   libs:jdinput.obj
 0001:00056527       _per_scan_setup            00457527 f   libs:jdinput.obj
 0001:000566ad       _finish_input_pass         004576ad f   libs:jdinput.obj
 0001:000566be       _consume_markers           004576be f   libs:jdinput.obj
 0001:0005675a       _initial_setup             0045775a f   libs:jdinput.obj
 0001:00056964       _reset_input_controller    00457964 f   libs:jdinput.obj
 0001:000560fe       _make_crc_table            004570fe f   libs:crc32.obj
 0001:0005624b       _crc32_little              0045724b f   libs:crc32.obj
 0001:00055ef8       _fixedtables               00456ef8 f   libs:inflate.obj
 0001:00055fe2       _updatewindow              00456fe2 f   libs:inflate.obj
 0001:00054c20       _init_destination          00455c20 f   libs:jdatadst.obj
 0001:00054c46       _empty_output_buffer       00455c46 f   libs:jdatadst.obj
 0001:00054c88       _term_destination          00455c88 f   libs:jdatadst.obj
 0001:000547a7       _std_huff_tables           004557a7 f   libs:jcparam.obj
 0001:00054801       _add_huff_table            00455801 f   libs:jcparam.obj
 0001:00052cf4       _next_marker               00453cf4 f   libs:jdmarker.obj
 0001:00052e2e       _get_interesting_appn      00453e2e f   libs:jdmarker.obj
 0001:00052f59       _examine_app0              00453f59 f   libs:jdmarker.obj
 0001:00053167       _examine_app14             00454167 f   libs:jdmarker.obj
 0001:00053228       _skip_variable             00454228 f   libs:jdmarker.obj
 0001:000532cb       _read_markers              004542cb f   libs:jdmarker.obj
 0001:000534d3       _get_soi                   004544d3 f   libs:jdmarker.obj
 0001:0005357e       _get_sof                   0045457e f   libs:jdmarker.obj
 0001:00053887       _get_sos                   00454887 f   libs:jdmarker.obj
 0001:00053b75       _get_dht                   00454b75 f   libs:jdmarker.obj
 0001:00053e16       _get_dqt                   00454e16 f   libs:jdmarker.obj
 0001:00054072       _get_dri                   00455072 f   libs:jdmarker.obj
 0001:00054151       _first_marker              00455151 f   libs:jdmarker.obj
 0001:000541ed       _read_restart_marker       004551ed f   libs:jdmarker.obj
 0001:0005426b       _reset_marker_reader       0045526b f   libs:jdmarker.obj
 0001:00052ad8       _output_pass_setup         00453ad8 f   libs:jdapistd.obj
 0001:000527cb       _default_decompress_parms  004537cb f   libs:jdapimin.obj

 295 bytes saved through ICF

