 quake2

 Timestamp is 42a83745 (Thu Jun 09 16:34:13 2005)

 Preferred load address is 00400000

 Start         Length     Name                   Class
 0001:00000000 00060500H .text                   CODE
 0002:00000000 0000027cH .idata$5                DATA
 0002:00000280 00005dd4H .rdata                  DATA
 0002:00006058 00000044H .rdata$r                DATA
 0002:000060a0 00000038H .xdata$x                DATA
 0002:000060d8 00000078H .idata$2                DATA
 0002:00006150 00000014H .idata$3                DATA
 0002:00006164 0000027cH .idata$4                DATA
 0002:000063e0 00000808H .idata$6                DATA
 0002:00006be8 00000000H .edata                  DATA
 0003:00000000 00000004H .CRT$XCA                DATA
 0003:00000004 00000074H .CRT$XCU                DATA
 0003:00000078 00000004H .CRT$XCZ                DATA
 0003:0000007c 00000004H .CRT$XIA                DATA
 0003:00000080 00000004H .CRT$XIZ                DATA
 0003:00000090 0000ce5cH .data                   DATA
 0003:0000cef0 0046d750H .bss                    DATA
 0004:00000000 00000130H .rsrc$01                DATA
 0004:00000130 00003f20H .rsrc$02                DATA

  Address         Publics by Value              Rva+Base     Lib:Object

 0001:00000000       ??3@YAXPAX@Z               00401000 f i CoreMain.obj
 0001:0000000b       ?appInit@@YAXXZ            0040100b f   CoreMain.obj
 0001:0000006e       ?appExit@@YAXXZ            0040106e f   CoreMain.obj
 0001:00000073       ?appLoadDebugSymbols@@YAXXZ 00401073 f   DbgSymbols.obj
 0001:00000276       ?appSymbolName@@YA_NIPADH@Z 00401276 f   DbgSymbols.obj
 0001:00000362       ?appSymbolName@@YAPBDI@Z   00401362 f   DbgSymbols.obj
 0001:00000394       ?appMalloc@@YAPAXIH@Z      00401394 f   Memory.obj
 0001:00000442       ?appFree@@YAXPAX@Z         00401442 f   Memory.obj
 0001:00000470       ?Unlink@FMemHeader@@QAEXXZ 00401470 f i Memory.obj
 0001:0000049b       ?Link@CMemoryChain@@AAEXXZ 0040149b f   Memory.obj
 0001:000004ba       ?Unlink@CMemoryChain@@AAEXXZ 004014ba f   Memory.obj
 0001:000004e5       ??2CMemoryChain@@SAPAXIH@Z 004014e5 f   Memory.obj
 0001:00000557       ??3CMemoryChain@@SAXPAX@Z  00401557 f   Memory.obj
 0001:0000058a       ?Alloc@CMemoryChain@@QAEPAXIH@Z 0040158a f   Memory.obj
 0001:000005f4       ?appInitMemory@@YAXXZ      004015f4 f   Memory.obj
 0001:00000b3f       ?Write@COutputDeviceNull@@UAEXPBD@Z 00401b3f f i OutputDevice.obj
 0001:00000b42       ?appWPrintf@@YAXPBDZZ      00401b42 f   OutputDevice.obj
 0001:00000b93       ?appFatalError@@YAXPBDZZ   00401b93 f   ErrorMgr.obj
 0001:00000bcd       ?appNonFatalError@@YAXPBDZZ 00401bcd f   ErrorMgr.obj
 0001:00000c2b       ?appUnwindPrefix@@YAXPBD@Z 00401c2b f   ErrorMgr.obj
 0001:00000c82       ?appUnwindThrow@@YAXPBDZZ  00401c82 f   ErrorMgr.obj
 0001:00000d09       ?Reset@CErrorHandler@@QAEXXZ 00401d09 f   ErrorMgr.obj
 0001:00000d33       ?appInitError@@YAXXZ       00401d33 f   ErrorMgr.obj
 0001:00000df1       ?appStricmp@@YAHPBD0@Z     00401df1 f   Strings.obj
 0001:00000e26       ?toLower@@YADD@Z           00401e26 f i Strings.obj
 0001:00000e3d       ?appStrcpy@@YAXPADPBD@Z    00401e3d f   Strings.obj
 0001:00000e50       ?appStrncpylwr@@YAXPADPBDH@Z 00401e50 f   Strings.obj
 0001:00000e88       ?appStrncpyz@@YAXPADPBDH@Z 00401e88 f   Strings.obj
 0001:00000eb5       ?appStrcatn@@YAXPADHPBD@Z  00401eb5 f   Strings.obj
 0001:00000ee0       ?appCopyFilename@@YAXPADPBDH@Z 00401ee0 f   Strings.obj
 0001:00000f7c       ?appCStrlen@@YAHPBD@Z      00401f7c f   Strings.obj
 0001:00000fa1       ?appUncolorizeString@@YAXPADPBD@Z 00401fa1 f   Strings.obj
 0001:00000fd1       ?va@@YAPBDPBDZZ            00401fd1 f   Strings.obj
 0001:0000106d       ?appSprintf@@YAHPADHPBDZZ  0040206d f   Strings.obj
 0001:000010b8       ?appMatchWildcard@@YA_NPBD0_N@Z 004020b8 f   Strings.obj
 0001:00001238       ?CopyString@@YAPADPBD@Z    00402238 f   Strings.obj
 0001:00001278       ?CopyString@@YAPADPBDPAVCMemoryChain@@@Z 00402278 f   Strings.obj
 0001:000012ac       ??2CStringItem@@SAPAXIPBD@Z 004022ac f   Strings.obj
 0001:000012f5       ??2CStringItem@@SAPAXIPBDPAVCMemoryChain@@@Z 004022f5 f   Strings.obj
 0001:00001332       ?Find@CStringList@@IAEPAVCStringItem@@PBDPAPAV2@@Z 00402332 f   Strings.obj
 0001:0000136e       ?Find@CStringList@@IAEPAVCStringItem@@H@Z 0040236e f   Strings.obj
 0001:00001387       ?IndexOf@CStringList@@QAEHPBD@Z 00402387 f   Strings.obj
 0001:000013b4       ?Remove@CStringList@@QAE_NPAVCStringItem@@@Z 004023b4 f   Strings.obj
 0001:000013e0       ?Free@CStringList@@QAEXXZ  004023e0 f   Strings.obj
 0001:000013f9       ?appMillisecondsf@@YANXZ   004023f9 f   CoreWin32.obj
 0001:00001432       ?appMilliseconds@@YAIXZ    00402432 f   CoreWin32.obj
 0001:00001467       ?cpuid@@YAXI@Z             00402467 f   CoreWin32.obj
 0001:0000148a       ?appInitPlatform@@YAXXZ    0040248a f   CoreWin32.obj
 0001:0000171d       ?appShutdownPlatform@@YAXXZ 0040271d f   CoreWin32.obj
 0001:00001726       ?osAddressInfo@@YA_NIPADHPAH@Z 00402726 f   DbgSymbolsWin32.obj
 0001:000017ba       ?osModuleInfo@@YA_NIPADHPAH@Z 004027ba f   DbgSymbolsWin32.obj
 0001:00001962       ?win32ExceptFilter@@YAHPAU_EXCEPTION_POINTERS@@@Z 00402962 f   ExceptFilterWin32.obj
 0001:00001e98       ?win32ExceptFilter2@@YAHXZ 00402e98 f   ExceptFilterWin32.obj
 0001:00001ea4       ?SCR_StopCinematic@@YAXXZ  00402ea4 f   cl_cin.obj
 0001:00001f38       ?SCR_DrawCinematic@@YA_NXZ 00402f38 f   cl_cin.obj
 0001:00002399       ?SCR_PlayCinematic@@YAXPAD@Z 00403399 f   cl_cin.obj
 0001:00002709       ?CL_Download_f@@YAX_NHPAPAD@Z 00403709 f   cl_download.obj
 0001:00002aba       ?CL_ParseDownload@@YAXXZ   00403aba f   cl_download.obj
 0001:000032c7       ?CL_Precache_f@@YAXHPAPAD@Z 004042c7 f   cl_download.obj
 0001:00003325       ?CL_ParseDelta@@YAXPAUclEntityState_t@@0HI_N@Z 00404325 f   cl_ents.obj
 0001:000034a5       ?CL_ParsePacketEntities@@YAXPAUframe_t@@0@Z 004044a5 f   cl_ents.obj
 0001:00003814       ?CL_FireEntityEvents@@YAXPAUframe_t@@@Z 00404814 f   cl_ents.obj
 0001:00003866       ?CL_ParseFrame@@YAXXZ      00404866 f   cl_ents.obj
 0001:00003b58       ?CL_AddEntityBox@@YAXPAUclEntityState_t@@I@Z 00404b58 f   cl_ents.obj
 0001:00003c59       ?Lerp@@YAXABUCVec3@@0MAAU1@@Z 00404c59 f i cl_ents.obj
 0001:00003c90       ?CL_OffsetThirdPersonView@@YAXXZ 00404c90 f   cl_ents.obj
 0001:00003d7d       ?CL_CalcViewValues@@YAXXZ  00404d7d f   cl_ents.obj
 0001:00004080       ?CL_AddEntities@@YAXXZ     00405080 f   cl_ents.obj
 0001:00004d76       ?CL_GetEntitySoundOrigin@@YAXHAAUCVec3@@@Z 00405d76 f   cl_ents.obj
 0001:00004dae       ?CL_ClearLightStyles@@YAXXZ 00405dae f   cl_fx.obj
 0001:00004e30       ?CL_RunLightStyles@@YAXXZ  00405e30 f   cl_fx.obj
 0001:00004ecf       ?CL_SetLightstyle@@YAXHPBD@Z 00405ecf f   cl_fx.obj
 0001:00004f30       ?CL_ClearDlights@@YAXXZ    00405f30 f   cl_fx.obj
 0001:00004f41       ?CL_AllocDlight@@YAPAUcdlight_t@@HABUCVec3@@@Z 00405f41 f   cl_fx.obj
 0001:00004faa       ?CL_AddDLights@@YAXXZ      00405faa f   cl_fx.obj
 0001:0000500a       ?CL_ClearParticles@@YAXXZ  0040600a f   cl_fx.obj
 0001:00005071       ?CL_AllocParticleTrace@@YAPAUparticleTrace_t@@ABUCVec3@@0MM@Z 00406071 f   cl_fx.obj
 0001:00005111       ?CL_AllocParticleBeam@@YAPAUbeam_t@@ABUCVec3@@0MM@Z 00406111 f   cl_fx.obj
 0001:00005184       ?CL_AllocParticle@@YAPAUparticle_t@@XZ 00406184 f   cl_fx.obj
 0001:000051d2       ?CL_UpdateParticles@@YAXXZ 004061d2 f   cl_fx.obj
 0001:000057c3       ?CL_MetalSparks@@YAXABUCVec3@@0H@Z 004067c3 f   cl_fx.obj
 0001:000058b0       ?CL_ParseMuzzleFlash@@YAXXZ 004068b0 f   cl_fx.obj
 0001:00005c2d       ?CL_ParseMuzzleFlash2@@YAXXZ 00406c2d f   cl_fx.obj
 0001:0000626a       ?CL_ParticleEffect@@YAXABUCVec3@@0HH@Z 0040726a f   cl_fx.obj
 0001:00006339       ?CL_ParticleEffect2@@YAXABUCVec3@@0HH@Z 00407339 f   cl_fx.obj
 0001:00006404       ?CL_ParticleEffect3@@YAXABUCVec3@@0HH@Z 00407404 f   cl_fx.obj
 0001:000064d4       ?CL_TeleporterParticles@@YAXPAUclEntityState_t@@@Z 004074d4 f   cl_fx.obj
 0001:0000658b       ?CL_LogoutEffect@@YAXABUCVec3@@H@Z 0040758b f   cl_fx.obj
 0001:00006676       ?CL_ItemRespawnParticles@@YAXABUCVec3@@@Z 00407676 f   cl_fx.obj
 0001:00006725       ?CL_ExplosionParticles@@YAXABUCVec3@@@Z 00407725 f   cl_fx.obj
 0001:000067cf       ?CL_BigTeleportParticles@@YAXABUCVec3@@@Z 004077cf f   cl_fx.obj
 0001:00006926       ?CL_BlasterParticles@@YAXABUCVec3@@0@Z 00407926 f   cl_fx.obj
 0001:000069f2       ?CL_BlasterTrail@@YAXABUCVec3@@0@Z 004079f2 f   cl_fx.obj
 0001:00006b1c       ?CL_FlagTrail@@YAXABUCVec3@@0H@Z 00407b1c f   cl_fx.obj
 0001:00006c34       ?CL_DiminishingTrail@@YAXABUCVec3@@0PAUcentity_t@@H@Z 00407c34 f   cl_fx.obj
 0001:00006ea4       ?CL_RocketTrail@@YAXABUCVec3@@0PAUcentity_t@@@Z 00407ea4 f   cl_fx.obj
 0001:00006fcc       ?CL_RailTrail@@YAXABUCVec3@@0@Z 00407fcc f   cl_fx.obj
 0001:0000720e       ?CL_RailTrailExt@@YAXABUCVec3@@0EE@Z 0040820e f   cl_fx.obj
 0001:00007312       ?CL_IonripperTrail@@YAXABUCVec3@@0@Z 00408312 f   cl_fx.obj
 0001:0000743e       ?CL_BubbleTrail@@YAXABUCVec3@@0@Z 0040843e f   cl_fx.obj
 0001:00007553       ?CL_FlyParticles@@YAXABUCVec3@@H@Z 00408553 f   cl_fx.obj
 0001:000076ed       ?CL_FlyEffect@@YAXPAUcentity_t@@ABUCVec3@@@Z 004086ed f   cl_fx.obj
 0001:00007755       ?CL_BfgParticles@@YAXPAUentity_t@@@Z 00408755 f   cl_fx.obj
 0001:00007934       ?CL_TrapParticles@@YAXPAUentity_t@@@Z 00408934 f   cl_fx.obj
 0001:00007bd2       ?CL_BFGExplosionParticles@@YAXABUCVec3@@@Z 00408bd2 f   cl_fx.obj
 0001:00007c7c       ?CL_TeleportParticles@@YAXABUCVec3@@@Z 00408c7c f   cl_fx.obj
 0001:00007db7       ?CL_EntityEvent@@YAXPAUclEntityState_t@@@Z 00408db7 f   cl_fx.obj
 0001:00007f91       ?CL_ClearEffects@@YAXXZ    00408f91 f   cl_fx.obj
 0001:00007fa0       ?IN_CenterView@@YAXXZ      00408fa0 f   cl_input.obj
 0001:00007fc1       ?CL_InitInput@@YAXXZ       00408fc1 f   cl_input.obj
 0001:0000855d       ?CL_SendCmd@@YAXXZ         0040955d f   cl_input.obj
 0001:00008c3f       ?CL_WriteDemoMessage@@YAXXZ 00409c3f f   cl_main.obj
 0001:00008c81       ?Cmd_ForwardToServer@@YAXHPAPAD@Z 00409c81 f   cl_main.obj
 0001:00008d44       ?CL_ForwardToServer_f@@YAXHPAPAD@Z 00409d44 f   cl_main.obj
 0001:00008d8c       ?CL_Pause@@YAX_N@Z         00409d8c f   cl_main.obj
 0001:00008dce       ?CL_Quit_f@@YAXXZ          00409dce f   cl_main.obj
 0001:00008dd8       ?CL_Drop@@YAX_N@Z          00409dd8 f   cl_main.obj
 0001:00008dff       ?CL_SendConnectPacket@@YAXXZ 00409dff f   cl_main.obj
 0001:00008eb4       ?CL_CheckForResend@@YAXXZ  00409eb4 f   cl_main.obj
 0001:00008fb9       ?CL_Connect_f@@YAX_NHPAPAD@Z 00409fb9 f   cl_main.obj
 0001:0000903c       ?CL_Rcon_f@@YAXHPAPAD@Z    0040a03c f   cl_main.obj
 0001:00009144       ?CL_Disconnect@@YAXXZ      0040a144 f   cl_main.obj
 0001:000092e6       ?CL_Disconnect_f@@YAXXZ    0040a2e6 f   cl_main.obj
 0001:000092f0       ?CL_Changing_f@@YAXXZ      0040a2f0 f   cl_main.obj
 0001:00009314       ?CL_Reconnect_f@@YAXXZ     0040a314 f   cl_main.obj
 0001:000093b0       ?CL_PingServers_f@@YAXXZ   0040a3b0 f   cl_main.obj
 0001:0000951b       ?CL_Skins_f@@YAXXZ         0040a51b f   cl_main.obj
 0001:0000982e       ?CL_ConnectionlessPacket@@YAXXZ 0040a82e f   cl_main.obj
 0001:0000992e       ?CL_ReadPackets@@YAXXZ     0040a92e f   cl_main.obj
 0001:00009a71       ?CL_Userinfo_f@@YAXXZ      0040aa71 f   cl_main.obj
 0001:00009a89       ?CL_RegisterSounds@@YAXXZ  0040aa89 f   cl_main.obj
 0001:00009ac8       ?CL_Snd_Restart_f@@YAXXZ   0040aac8 f   cl_main.obj
 0001:00009ad7       ?CL_WriteConfiguration@@YAXPBD@Z 0040aad7 f   cl_main.obj
 0001:00009b92       ?CL_WriteConfig_f@@YAX_NHPAPAD@Z 0040ab92 f   cl_main.obj
 0001:00009bf1       ?CL_FixCvarCheats@@YAXXZ   0040abf1 f   cl_main.obj
 0001:00009c4b       ?CL_Frame@@YAXMM@Z         0040ac4b f   cl_main.obj
 0001:00009e4b       ?CL_ClearState@@YAXXZ      0040ae4b f   cl_main.obj
 0001:00009e84       ?CL_Init@@YAXXZ            0040ae84 f   cl_main.obj
 0001:0000a35b       ?CL_Shutdown@@YAX_N@Z      0040b35b f   cl_main.obj
 0001:0000a3b0       ?CL_Flashlight@@YAXHABUCVec3@@@Z 0040b3b0 f   cl_newfx.obj
 0001:0000a3ea       ?CL_ColorFlash@@YAXABUCVec3@@HHMMM@Z 0040b3ea f   cl_newfx.obj
 0001:0000a426       ?CL_DebugTrail@@YAXABUCVec3@@0@Z 0040b426 f   cl_newfx.obj
 0001:0000a51c       ?CL_ForceWall@@YAXABUCVec3@@0H@Z 0040b51c f   cl_newfx.obj
 0001:0000a65c       ?CL_BubbleTrail2@@YAXABUCVec3@@0H@Z 0040b65c f   cl_newfx.obj
 0001:0000a788       ?CL_Heatbeam@@YAXABUCVec3@@0@Z 0040b788 f   cl_newfx.obj
 0001:0000aa30       ?CL_ParticleSteamEffect@@YAXABUCVec3@@0HHH@Z 0040ba30 f   cl_newfx.obj
 0001:0000ab64       ?CL_ParticleSteamEffect2@@YAXPAUcl_sustain_t@@@Z 0040bb64 f   cl_newfx.obj
 0001:0000aca5       ?CL_TrackerTrail@@YAXABUCVec3@@0H@Z 0040bca5 f   cl_newfx.obj
 0001:0000adf2       ?CL_Tracker_Shell@@YAXABUCVec3@@@Z 0040bdf2 f   cl_newfx.obj
 0001:0000ae77       ?CL_MonsterPlasma_Shell@@YAXABUCVec3@@@Z 0040be77 f   cl_newfx.obj
 0001:0000aef9       ?CL_Widowbeamout@@YAXPAUcl_sustain_t@@@Z 0040bef9 f   cl_newfx.obj
 0001:0000afad       ?CL_Nukeblast@@YAXPAUcl_sustain_t@@@Z 0040bfad f   cl_newfx.obj
 0001:0000b061       ?CL_WidowSplash@@YAXABUCVec3@@@Z 0040c061 f   cl_newfx.obj
 0001:0000b12b       ?CL_TagTrail@@YAXABUCVec3@@0H@Z 0040c12b f   cl_newfx.obj
 0001:0000b243       ?CL_ColorExplosionParticles@@YAXABUCVec3@@HH@Z 0040c243 f   cl_newfx.obj
 0001:0000b2f0       ?CL_ParticleSmokeEffect@@YAXABUCVec3@@0HHH@Z 0040c2f0 f   cl_newfx.obj
 0001:0000b422       ?CL_BlasterParticles2@@YAXABUCVec3@@0I@Z 0040c422 f   cl_newfx.obj
 0001:0000b4ef       ?CL_BlasterTrail2@@YAXABUCVec3@@0@Z 0040c4ef f   cl_newfx.obj
 0001:0000b5fb       ?CL_ParseClientinfo@@YAXH@Z 0040c5fb f   cl_parse.obj
 0001:0000b672       ?CL_ParseServerMessage@@YAXXZ 0040c672 f   cl_parse.obj
 0001:0000be3a       ?FreePlayerModelsInfo@@YAXXZ 0040ce3a f   cl_playermodel.obj
 0001:0000be60       ?ScanQuake3Models@@YAXPBD@Z 0040ce60 f   cl_playermodel.obj
 0001:0000bfc6       ?ScanPlayerModels@@YA_NXZ  0040cfc6 f   cl_playermodel.obj
 0001:0000c226       ?CL_IsFemaleModel@@YA_NPBD@Z 0040d226 f   cl_playermodel.obj
 0001:0000c44f       ?RunAnimation@@YAXAAUclientInfo_t@@AAUanimState_t@@H@Z 0040d44f f   cl_playermodel.obj
 0001:0000c616       ?CL_LoadClientinfo@@YAXAAUclientInfo_t@@PBD_N@Z 0040d616 f   cl_playermodel.obj
 0001:0000d014       ?ParsePlayerEntity@@YAHPAUcentity_t@@PAUclientInfo_t@@PAUclEntityState_t@@ABUentity_t@@PAU4@HH@Z 0040e014 f   cl_playermodel.obj
 0001:0000daa9       ?Insert@?$TList@VplayerModelInfo_t@@@@QAE_NPAVplayerModelInfo_t@@@Z 0040eaa9 f i cl_playermodel.obj
 0001:0000daa9       ?Insert@?$TList@VCStringItem@@@@QAE_NPAVCStringItem@@@Z 0040eaa9 f i cl_playermodel.obj
 0001:0000dadf       ?CL_CheckPredictionError@@YAXXZ 0040eadf f   cl_pred.obj
 0001:0000dc75       ?CL_EntityTrace@@YAXAAUtrace_t@@ABUCVec3@@111H@Z 0040ec75 f   cl_pred.obj
 0001:0000e010       ?CL_Trace@@YAXAAUtrace_t@@ABUCVec3@@111H@Z 0040f010 f   cl_pred.obj
 0001:0000e092       ?CL_PMpointcontents@@YAHABUCVec3@@@Z 0040f092 f   cl_pred.obj
 0001:0000e21e       ?CL_PredictMovement@@YAXXZ 0040f21e f   cl_pred.obj
 0001:0000e5c0       ?DrawString@@YAXHHPBD@Z    0040f5c0 f   cl_scrn.obj
 0001:0000e604       ?SCR_DebugGraph@@YAXMH@Z   0040f604 f   cl_scrn.obj
 0001:0000e62c       ?SCR_CenterPrint@@YAXPAD@Z 0040f62c f   cl_scrn.obj
 0001:0000e730       ?Key_Message@@YAXH@Z       0040f730 f   cl_scrn.obj
 0001:0000e7cc       ?SCR_SetLevelshot@@YAXPBD@Z 0040f7cc f   cl_scrn.obj
 0001:0000e8bf       ?SCR_BeginLoadingPlaque@@YAXXZ 0040f8bf f   cl_scrn.obj
 0001:0000e944       ?SCR_EndLoadingPlaque@@YAX_N@Z 0040f944 f   cl_scrn.obj
 0001:0000e9c9       ?SCR_ShowConsole@@YAX_N0@Z 0040f9c9 f   cl_scrn.obj
 0001:0000ea9f       ?SCR_ToggleConsole@@YAXXZ  0040fa9f f   cl_scrn.obj
 0001:0000eac7       ?SCR_TouchPics@@YAXXZ      0040fac7 f   cl_scrn.obj
 0001:0000eb26       ?SCR_UpdateScreen@@YAXXZ   0040fb26 f   cl_scrn.obj
 0001:0000fd9c       ?SCR_Init@@YAXXZ           00410d9c f   cl_scrn.obj
 0001:000100e6       ?CL_RegisterTEntSounds@@YAXXZ 004110e6 f   cl_tent.obj
 0001:0001032b       ?CL_RegisterTEntModels@@YAXXZ 0041132b f   cl_tent.obj
 0001:00010469       ?CL_ClearTEnts@@YAXXZ      00411469 f   cl_tent.obj
 0001:0001049d       ?CL_AllocExplosion@@YAPAUexplosion_t@@ABUCVec3@@W4exptype_t@@@Z 0041149d f   cl_tent.obj
 0001:00010548       ?CL_AddExplosions@@YAXXZ   00411548 f   cl_tent.obj
 0001:000106d6       ?CL_SmokeAndFlash@@YAXABUCVec3@@@Z 004116d6 f   cl_tent.obj
 0001:0001071e       ?CL_ParseBeam@@YAHPAVCRenderModel@@@Z 0041171e f   cl_tent.obj
 0001:000107ea       ?CL_ParseBeam2@@YAHPAVCRenderModel@@@Z 004117ea f   cl_tent.obj
 0001:000108c1       ?CL_ParsePlayerBeam@@YAHPAVCRenderModel@@@Z 004118c1 f   cl_tent.obj
 0001:000109cc       ?CL_ParseLightning@@YAHPAVCRenderModel@@@Z 004119cc f   cl_tent.obj
 0001:00010a8e       ?CL_ParseLaser@@YAXI@Z     00411a8e f   cl_tent.obj
 0001:00010b0a       ?CL_ParseSteam@@YAXXZ      00411b0a f   cl_tent.obj
 0001:00010c1b       ?CL_ParseWidow@@YAXXZ      00411c1b f   cl_tent.obj
 0001:00010c87       ?CL_ParseNuke@@YAXXZ       00411c87 f   cl_tent.obj
 0001:00010cf1       ?CL_ParseTEnt@@YAXXZ       00411cf1 f   cl_tent.obj
 0001:00011b3d       ?CL_AddBeams@@YAXXZ        00412b3d f   cl_tent.obj
 0001:00011e66       ?CL_AddPlayerBeams@@YAXXZ  00412e66 f   cl_tent.obj
 0001:00012565       ?CL_ProcessSustain@@YAXXZ  00413565 f   cl_tent.obj
 0001:000125a6       ?CL_AddTEnts@@YAXXZ        004135a6 f   cl_tent.obj
 0001:000125ba       ?V_AddEntity@@YAXPAUentity_t@@@Z 004135ba f   cl_view.obj
 0001:000125f5       ?V_AddEntity2@@YAXPAUentity_t@@@Z 004135f5 f   cl_view.obj
 0001:00012624       ?AddEntityWithEffects2@@YAXPAUentity_t@@I@Z 00413624 f   cl_view.obj
 0001:00012647       ?AddEntityWithEffects@@YAXPAUentity_t@@I@Z 00413647 f   cl_view.obj
 0001:00012666       ?V_AddLight@@YAXABUCVec3@@MMMM@Z 00413666 f   cl_view.obj
 0001:000126ab       ?V_TestParticles@@YAXXZ    004136ab f   cl_view.obj
 0001:00012774       ?V_TestEntities@@YAXXZ     00413774 f   cl_view.obj
 0001:0001289e       ?V_TestLights@@YAXXZ       0041389e f   cl_view.obj
 0001:00012974       ?CL_PrepRefresh@@YAXXZ     00413974 f   cl_view.obj
 0001:00012c2e       ?CalcFov@@YAMMMM@Z         00413c2e f   cl_view.obj
 0001:00012c9c       ?V_RenderView@@YA_NXZ      00413c9c f   cl_view.obj
 0001:000138fa       ?V_Init@@YAXXZ             004148fa f   cl_view.obj
 0001:000139a9       ?Con_ClearNotify@@YAXXZ    004149a9 f   console.obj
 0001:000139b8       ?Con_CheckResize@@YAXXZ    004149b8 f   console.obj
 0001:00013adf       ?Con_Print@@YAXPBD@Z       00414adf f   console.obj
 0001:00013dd7       ?Con_DrawNotify@@YAX_N@Z   00414dd7 f   console.obj
 0001:00013eef       ?Con_DrawConsole@@YAXM@Z   00414eef f   console.obj
 0001:000142c2       ?Con_ClearTyping@@YAXXZ    004152c2 f   console.obj
 0001:000142db       ?Key_Console@@YAXHH@Z      004152db f   console.obj
 0001:00014723       ?Con_Init@@YAXXZ           00415723 f   console.obj
 0001:0001489f       ?Key_KeynumToString@@YAPBDH@Z 0041589f f   keys.obj
 0001:0001495f       ?Draw@completeMenu_t@@UAEXXZ 0041595f f i keys.obj
 0001:00014990       ?KeyDown@completeMenu_t@@UAEPBDH@Z 00415990 f i keys.obj
 0001:000149b9       ?Init@completeMenu_t@@UAE_NXZ 004159b9 f i keys.obj
 0001:00014ae0       ?CompleteMenuCallback@completeMenu_t@@SAXPAX@Z 00415ae0 f i keys.obj
 0001:00014b6e       ?CompleteCommand@@YAXXZ    00415b6e f   keys.obj
 0001:000152a3       ?Key_SetBinding@@YAXHPBD@Z 004162a3 f   keys.obj
 0001:000152e1       ?Key_FindBinding@@YAHPBDPAHH@Z 004162e1 f   keys.obj
 0001:0001532f       ?Key_WriteBindings@@YAXPAU_iobuf@@@Z 0041632f f   keys.obj
 0001:00015377       ?Key_Init@@YAXXZ           00416377 f   keys.obj
 0001:0001565b       ?Key_Event@@YAXH_N@Z       0041665b f   keys.obj
 0001:000159b4       ?Key_ClearStates@@YAXXZ    004169b4 f   keys.obj
 0001:000159e9       ?M_ForceMenuOn@@YAXXZ      004169e9 f   menu.obj
 0001:00015a08       ?Draw@menuMain_t@@UAEXXZ   00416a08 f i menu.obj
 0001:00015b6b       ?KeyDown@menuMain_t@@UAEPBDH@Z 00416b6b f i menu.obj
 0001:00015c27       ?Init@menuMain_t@@UAE_NXZ  00416c27 f i menu.obj
 0001:00015c2f       ?M_Menu_Main_f@@YAXXZ      00416c2f f   menu.obj
 0001:00015c49       ?Init@multiplayerMenu_t@@UAE_NXZ 00416c49 f i menu.obj
 0001:00015d6d       ?Init@keysMenu_t@@UAE_NXZ  00416d6d f i menu.obj
 0001:00015f52       ?KeyCursorDrawFunc@keysMenu_t@@SAXPAUmenuFramework_t@@@Z 00416f52 f i menu.obj
 0001:00015f92       ?DrawKeyBindingFunc@keysMenu_t@@SAXPAX@Z 00416f92 f i menu.obj
 0001:00016059       ?KeyDown@keysMenu_t@@UAEPBDH@Z 00417059 f i menu.obj
 0001:00016106       ?UnbindCommand@keysMenu_t@@QAEXPAD@Z 00417106 f i menu.obj
 0001:0001614b       ?KeyBindingFunc@keysMenu_t@@QAEXPAX@Z 0041714b f i menu.obj
 0001:000161aa       ?Init@optionsMenu_t@@UAE_NXZ 004171aa f i menu.obj
 0001:00016608       ?CrosshairFunc@optionsMenu_t@@SAXPAX@Z 00417608 f i menu.obj
 0001:00016630       ?JoystickFunc@optionsMenu_t@@SAXPAX@Z 00417630 f i menu.obj
 0001:00016645       ?AlwaysRunFunc@optionsMenu_t@@SAXPAX@Z 00417645 f i menu.obj
 0001:0001665a       ?FreeLookFunc@optionsMenu_t@@SAXPAX@Z 0041765a f i menu.obj
 0001:0001666f       ?MouseSpeedFunc@optionsMenu_t@@SAXPAX@Z 0041766f f i menu.obj
 0001:0001668c       ?InvertMouseFunc@optionsMenu_t@@SAXPAX@Z 0041768c f i menu.obj
 0001:000166a7       ?LookspringFunc@optionsMenu_t@@SAXPAX@Z 004176a7 f i menu.obj
 0001:000166c3       ?LookstrafeFunc@optionsMenu_t@@SAXPAX@Z 004176c3 f i menu.obj
 0001:000166df       ?UpdateVolumeFunc@optionsMenu_t@@SAXPAX@Z 004176df f i menu.obj
 0001:000166fc       ?UpdateCDVolumeFunc@optionsMenu_t@@SAXPAX@Z 004176fc f i menu.obj
 0001:00016716       ?SetMenuItemValues@optionsMenu_t@@SAXXZ 00417716 f i menu.obj
 0001:000168f4       ?ResetDefaultsFunc@optionsMenu_t@@SAXPAX@Z 004178f4 f i menu.obj
 0001:00016909       ?UpdateSoundFunc@optionsMenu_t@@SAXPAX@Z 00417909 f i menu.obj
 0001:00016b0c       ?ScanCrosshairs@optionsMenu_t@@SAXXZ 00417b0c f i menu.obj
 0001:00016b69       ?Draw@optionsMenu_t@@UAEXXZ 00417b69 f i menu.obj
 0001:00016bce       ?Draw@creditsMenu_t@@UAEXXZ 00417bce f i menu.obj
 0001:00016c75       ?KeyDown@creditsMenu_t@@UAEPBDH@Z 00417c75 f i menu.obj
 0001:00016cb0       ?Init@creditsMenu_t@@UAE_NXZ 00417cb0 f i menu.obj
 0001:00016d78       ?Init@gameMenu_t@@UAE_NXZ  00417d78 f i menu.obj
 0001:00016f03       ?EasyGameFunc@gameMenu_t@@SAXPAX@Z 00417f03 f i menu.obj
 0001:00016f0f       ?StartGame@gameMenu_t@@SAXPBD@Z 00417f0f f i menu.obj
 0001:00016f62       ?MediumGameFunc@gameMenu_t@@SAXPAX@Z 00417f62 f i menu.obj
 0001:00016f6e       ?HardGameFunc@gameMenu_t@@SAXPAX@Z 00417f6e f i menu.obj
 0001:00016f8a       ?Init@savegameMenu_t@@UAE_NXZ 00417f8a f i menu.obj
 0001:0001709a       ?Create_Savestrings@savegameMenu_t@@QAEXXZ 0041809a f i menu.obj
 0001:00017155       ?LoadGameCallback@savegameMenu_t@@SAXPAX@Z 00418155 f i menu.obj
 0001:0001717e       ?SaveGameCallback@savegameMenu_t@@SAXPAX@Z 0041817e f i menu.obj
 0001:0001719d       ?Draw@savegameMenu_t@@UAEXXZ 0041819d f i menu.obj
 0001:000171b8       ?DrawSavegameShot@savegameMenu_t@@QAEXHH@Z 004181b8 f i menu.obj
 0001:0001729d       ?Init@joinserverMenu_t@@UAE_NXZ 0041829d f i menu.obj
 0001:000173c6       ?JoinServerFunc@joinserverMenu_t@@SAXPAX@Z 004183c6 f i menu.obj
 0001:00017428       ?SearchLocalGames@joinserverMenu_t@@SAXXZ 00418428 f i menu.obj
 0001:00017493       ?M_AddToServerList@@YAXUnetadr_t@@PAD@Z 00418493 f   menu.obj
 0001:00017516       ?Init@startserverMenu_t@@UAE_NXZ 00418516 f i menu.obj
 0001:000179b8       ?DMOptionsFunc@startserverMenu_t@@SAXPAX@Z 004189b8 f i menu.obj
 0001:000179c8       ?RulesChangeFunc@startserverMenu_t@@SAXPAX@Z 004189c8 f i menu.obj
 0001:00017a42       ?StartServerActionFunc@startserverMenu_t@@SAXPAX@Z 00418a42 f i menu.obj
 0001:00017a6d       ?StartServerFunc@startserverMenu_t@@SAXPAD@Z 00418a6d f i menu.obj
 0001:00017ca4       ?KeyDown@startserverMenu_t@@UAEPBDH@Z 00418ca4 f i menu.obj
 0001:00017d01       ?Init@dmoptionsMenu_t@@UAE_NXZ 00418d01 f i menu.obj
 0001:000182e0       ?DMFlagCallback@dmoptionsMenu_t@@SAXPAX@Z 004192e0 f i menu.obj
 0001:000184bb       ?Init@downloadOptionsMenu_t@@UAE_NXZ 004194bb f i menu.obj
 0001:00018686       ?DownloadCallback@downloadOptionsMenu_t@@SAXPAX@Z 00419686 f i menu.obj
 0001:000186f1       ?Init@addressBookMenu_t@@UAE_NXZ 004196f1 f i menu.obj
 0001:00018799       ?KeyDown@addressBookMenu_t@@UAEPBDH@Z 00419799 f i menu.obj
 0001:000187f6       ?Init@playerConfigMenu_t@@UAE_NXZ 004197f6 f i menu.obj
 0001:00018d4e       ?HandednessCallback@playerConfigMenu_t@@SAXPAX@Z 00419d4e f i menu.obj
 0001:00018d63       ?RTypeCallback@playerConfigMenu_t@@SAXPAX@Z 00419d63 f i menu.obj
 0001:00018d78       ?RColorCallback@playerConfigMenu_t@@SAXPAX@Z 00419d78 f i menu.obj
 0001:00018d8d       ?RateCallback@playerConfigMenu_t@@SAXPAX@Z 00419d8d f i menu.obj
 0001:00018db0       ?ModelCallback@playerConfigMenu_t@@SAXPAX@Z 00419db0 f i menu.obj
 0001:00018de4       ?SkinCallback@playerConfigMenu_t@@SAXPAX@Z 00419de4 f i menu.obj
 0001:00018dec       ?Draw@playerConfigMenu_t@@UAEXXZ 00419dec f i menu.obj
 0001:000190b0       ?KeyDown@playerConfigMenu_t@@UAEPBDH@Z 0041a0b0 f i menu.obj
 0001:0001918f       ?Init@dmbrowseMenu_t@@UAE_NXZ 0041a18f f i menu.obj
 0001:00019395       ?KeyDown@dmbrowseMenu_t@@UAEPBDH@Z 0041a395 f i menu.obj
 0001:00019559       ?Draw@dmbrowseMenu_t@@UAEXXZ 0041a559 f i menu.obj
 0001:0001969e       ?DrawThumbnail@dmbrowseMenu_t@@SAXHHHHPAD_N@Z 0041a69e f i menu.obj
 0001:00019785       ?Init@videoMenu_t@@UAE_NXZ 0041a785 f i menu.obj
 0001:00019d3e       ?ScreenSizeCallback@videoMenu_t@@SAXPAX@Z 0041ad3e f i menu.obj
 0001:00019d5c       ?BrightnessCallback@videoMenu_t@@SAXPAX@Z 0041ad5c f i menu.obj
 0001:00019d7a       ?ContrastCallback@videoMenu_t@@SAXPAX@Z 0041ad7a f i menu.obj
 0001:00019db3       ?CancelChanges@videoMenu_t@@SAXPAX@Z 0041adb3 f i menu.obj
 0001:00019dd4       ?KeyDown@videoMenu_t@@UAEPBDH@Z 0041add4 f i menu.obj
 0001:00019e1b       ?ApplyChanges@videoMenu_t@@SAXPAX@Z 0041ae1b f i menu.obj
 0001:00019fd2       ?KeyDown@quitMenu_t@@UAEPBDH@Z 0041afd2 f i menu.obj
 0001:0001a00a       ?Draw@quitMenu_t@@UAEXXZ   0041b00a f i menu.obj
 0001:0001a07a       ?M_Init@@YAXXZ             0041b07a f   menu.obj
 0001:0001a25c       ?ItemAtCursor@menuFramework_t@@QAEPAUmenuCommon_t@@XZ 0041b25c f   qmenu.obj
 0001:0001a2b0       ?AddItem@menuFramework_t@@QAEXPAUmenuCommon_t@@@Z 0041b2b0 f   qmenu.obj
 0001:0001a36c       ?AdjustCursor@menuFramework_t@@QAEXH@Z 0041b36c f   qmenu.obj
 0001:0001a4db       ?Center@menuFramework_t@@QAEXXZ 0041b4db f   qmenu.obj
 0001:0001a51c       ?Draw@menuFramework_t@@UAEXXZ 0041b51c f   qmenu.obj
 0001:0001aad4       ?SelectItem@menuFramework_t@@QAE_NXZ 0041bad4 f   qmenu.obj
 0001:0001ab32       ?SetStatusBar@menuFramework_t@@QAEXPBD@Z 0041bb32 f   qmenu.obj
 0001:0001ab3c       ?SlideItem@menuFramework_t@@QAEXH@Z 0041bb3c f   qmenu.obj
 0001:0001b0b9       ?Push@menuFramework_t@@QAEXXZ 0041c0b9 f   qmenu.obj
 0001:0001b141       ?M_ForceMenuOff@@YAXXZ     0041c141 f   qmenu.obj
 0001:0001b164       ?Pop@menuFramework_t@@QAEXXZ 0041c164 f   qmenu.obj
 0001:0001b19e       ?KeyDown@menuFramework_t@@UAEPBDH@Z 0041c19e f   qmenu.obj
 0001:0001b412       ?Init@menuFramework_t@@UAE_NXZ 0041c412 f   qmenu.obj
 0001:0001b415       ?M_Draw@@YAXXZ             0041c415 f   qmenu.obj
 0001:0001b450       ?M_Keydown@@YAXH@Z         0041c450 f   qmenu.obj
 0001:0001b46f       ?InitRendererVars@@YAXXZ   0041c46f f   ref_vars.obj
 0001:0001b48e       ?S_SoundInfo_f@@YAXXZ      0041c48e f   snd_dma.obj
 0001:0001b518       ?S_Init@@YAXXZ             0041c518 f   snd_dma.obj
 0001:0001b5e6       ?S_Shutdown@@YAXXZ         0041c5e6 f   snd_dma.obj
 0001:0001b679       ?S_BeginRegistration@@YAXXZ 0041c679 f   snd_dma.obj
 0001:0001b687       ?S_RegisterSound@@YAPAUsfx_t@@PBD@Z 0041c687 f   snd_dma.obj
 0001:0001b81d       ?S_EndRegistration@@YAXXZ  0041c81d f   snd_dma.obj
 0001:0001b8b5       ?S_PickChannel@@YAPAUchannel_t@@HH@Z 0041c8b5 f   snd_dma.obj
 0001:0001b942       ?S_Spatialize@@YAXPAUchannel_t@@@Z 0041c942 f   snd_dma.obj
 0001:0001bad9       ?S_AllocPlaysound@@YAPAUplaysound_t@@XZ 0041cad9 f   snd_dma.obj
 0001:0001bafb       ?S_FreePlaysound@@YAXPAUplaysound_t@@@Z 0041cafb f   snd_dma.obj
 0001:0001bb2b       ?S_IssuePlaysound@@YAXPAUplaysound_t@@@Z 0041cb2b f   snd_dma.obj
 0001:0001bbf8       ?S_StartSound@@YAXPBUCVec3@@HHPAUsfx_t@@MMM@Z 0041cbf8 f   snd_dma.obj
 0001:0001c01e       ?S_StartLocalSound@@YAXPBD@Z 0041d01e f   snd_dma.obj
 0001:0001c06d       ?S_ClearBuffer@@YAXXZ      0041d06d f   snd_dma.obj
 0001:0001c0d6       ?S_StopAllSounds_f@@YAXXZ  0041d0d6 f   snd_dma.obj
 0001:0001c146       ?S_AddLoopSounds@@YAXXZ    0041d146 f   snd_dma.obj
 0001:0001c31c       ?S_RawSamples@@YAXHHHHPAE@Z 0041d31c f   snd_dma.obj
 0001:0001c520       ?S_Update@@YAXABUCVec3@@0@Z 0041d520 f   snd_dma.obj
 0001:0001c603       ?GetSoundtime@@YAXXZ       0041d603 f   snd_dma.obj
 0001:0001c66a       ?S_Update_@@YAXXZ          0041d66a f   snd_dma.obj
 0001:0001c91d       ?ResampleSfx@@YAXPAUsfx_t@@HHPAE@Z 0041d91d f   snd_mem.obj
 0001:0001ca38       ?S_LoadSound@@YAPAUsfxcache_t@@PAUsfx_t@@@Z 0041da38 f   snd_mem.obj
 0001:0001cb70       ?GetWavinfo@@YA?AUwavinfo_t@@PADPAEH@Z 0041db70 f   snd_mem.obj
 0001:0001cdb2       ?S_WriteLinearBlastStereo16@@YAXXZ 0041ddb2 f   snd_mix.obj
 0001:0001ce26       ?S_TransferStereo16@@YAXPAKH@Z 0041de26 f   snd_mix.obj
 0001:0001ce8f       ?S_TransferPaintBuffer@@YAXH@Z 0041de8f f   snd_mix.obj
 0001:0001cff3       ?S_PaintChannels@@YAXH@Z   0041dff3 f   snd_mix.obj
 0001:0001d28f       ?S_InitScaletable@@YAXXZ   0041e28f f   snd_mix.obj
 0001:0001d450       ?SV_ClearTexts@@YAXXZ      0041e450 f   sv_text.obj
 0001:0001d458       ?SV_DrawTexts@@YAXXZ       0041e458 f   sv_text.obj
 0001:0001d5f5       ?SV_DrawText3D@@YAXABUCVec3@@PBDI@Z 0041e5f5 f   sv_text.obj
 0001:0001d60c       ?SV_ComputeAnimation@@YAXPAUplayer_state_t@@AAUentityStateEx_t@@PAU2@PAUedict_s@@@Z 0041e60c f   sv_anim.obj
 0001:0001d9ca       ?SV_WipeSavegame@@YAXPAD@Z 0041e9ca f   sv_ccmds.obj
 0001:0001d9f8       ?SV_CopySaveGame@@YAXPAD0@Z 0041e9f8 f   sv_ccmds.obj
 0001:0001da4d       ?SV_WriteLevelFile@@YAXXZ  0041ea4d f   sv_ccmds.obj
 0001:0001dafb       ?SV_ReadLevelFile@@YAXXZ   0041eafb f   sv_ccmds.obj
 0001:0001dba9       ?SV_WriteServerFile@@YAX_NPAD@Z 0041eba9 f   sv_ccmds.obj
 0001:0001dde5       ?SV_ReadServerFile@@YAXXZ  0041ede5 f   sv_ccmds.obj
 0001:0001df0a       ?SV_AddressBanned@@YA_NPAUnetadr_t@@@Z 0041ef0a f   sv_ccmds.obj
 0001:0001df4b       ?SV_InitOperatorCommands@@YAXXZ 0041ef4b f   sv_ccmds.obj
 0001:0001ef50       ?SV_WriteFrameToClient@@YAXPAUclient_t@@PAVsizebuf_t@@@Z 0041ff50 f   sv_ents.obj
 0001:0001f67f       ?SV_RecordDemoMessage@@YAXXZ 0042067f f   sv_ents.obj
 0001:00020267       ?SV_InitGameLibrary@@YAX_N@Z 00421267 f   sv_game.obj
 0001:000203ad       ?SV_ShutdownGameLibrary@@YAXXZ 004213ad f   sv_game.obj
 0001:0002050a       ?SV_FindIndex@@YAHPADHH_N@Z 0042150a f   sv_init.obj
 0001:00020617       ?SV_ModelIndex@@YAHPAD@Z   00421617 f   sv_init.obj
 0001:0002062d       ?SV_SoundIndex@@YAHPAD@Z   0042162d f   sv_init.obj
 0001:00020646       ?SV_ImageIndex@@YAHPAD@Z   00421646 f   sv_init.obj
 0001:0002065f       ?SV_CreateBaseline@@YAXXZ  0042165f f   sv_init.obj
 0001:000206c4       ?SV_CheckForSavegame@@YAXXZ 004216c4 f   sv_init.obj
 0001:0002074c       ?SV_SpawnServer@@YAXPAD0W4server_state_t@@_N2@Z 0042174c f   sv_init.obj
 0001:00020a1a       ?SV_InitGame@@YAXXZ        00421a1a f   sv_init.obj
 0001:00020c64       ?SV_Map@@YAX_NPBD0@Z       00421c64 f   sv_init.obj
 0001:00020e2d       ?SV_DropClient@@YAXPAUclient_t@@PAD@Z 00421e2d f   sv_main.obj
 0001:0002173c       ?SV_ConnectionlessPacket@@YAXXZ 0042273c f   sv_main.obj
 0001:00021807       ?SV_CalcPings@@YAXXZ       00422807 f   sv_main.obj
 0001:0002188e       ?SV_GiveMsec@@YAXXZ        0042288e f   sv_main.obj
 0001:000218cd       ?SV_ReadPackets@@YAXXZ     004228cd f   sv_main.obj
 0001:00021a15       ?SV_CheckTimeouts@@YAXXZ   00422a15 f   sv_main.obj
 0001:00021b26       ?SV_PostprocessFrame@@YAXXZ 00422b26 f   sv_main.obj
 0001:00021ff2       ?SV_MulticastHook@@YAPAVsizebuf_t@@PAV1@0@Z 00422ff2 f   sv_main.obj
 0001:000223e2       ?SV_TraceHook@@YA?AUtrace_t@@ABUCVec3@@PBU2@10PAUedict_s@@H@Z 004233e2 f   sv_main.obj
 0001:0002256e       ?SV_Frame@@YAXM@Z          0042356e f   sv_main.obj
 0001:00022821       ?SV_UserinfoChanged@@YAXPAUclient_t@@@Z 00423821 f   sv_main.obj
 0001:000228e5       ?SV_Init@@YAXXZ            004238e5 f   sv_main.obj
 0001:00022947       ?SV_Shutdown@@YAXPBD_N@Z   00423947 f   sv_main.obj
 0001:00022b4e       ?SV_BeginRedirect@@YAXXZ   00423b4e f   sv_send.obj
 0001:00022bf8       ?SV_ClientPrintf@@YAXPAUclient_t@@HPBDZZ 00423bf8 f   sv_send.obj
 0001:00022c53       ?SV_BroadcastPrintf@@YAXHPBDZZ 00423c53 f   sv_send.obj
 0001:00022d29       ?SV_BroadcastCommand@@YAXPBDZZ 00423d29 f   sv_send.obj
 0001:00022d81       ?SV_Multicast@@YAXABUCVec3@@W4multicast_t@@_N@Z 00423d81 f   sv_send.obj
 0001:00022fa7       ?SV_MulticastOld@@YAXABUCVec3@@W4multicast_t@@@Z 00423fa7 f   sv_send.obj
 0001:00022fba       ?SV_MulticastNew@@YAXABUCVec3@@W4multicast_t@@@Z 00423fba f   sv_send.obj
 0001:00022fcd       ?SV_StartSound@@YAXPBUCVec3@@PAUedict_s@@HHMMM_N@Z 00423fcd f   sv_send.obj
 0001:0002329a       ?SV_StartSoundOld@@YAXPBUCVec3@@PAUedict_s@@HHMMM@Z 0042429a f   sv_send.obj
 0001:000232ca       ?SV_StartSoundNew@@YAXPBUCVec3@@PAUedict_s@@HHMMM@Z 004242ca f   sv_send.obj
 0001:000232fa       ?SV_SendClientDatagram@@YA_NPAUclient_t@@@Z 004242fa f   sv_send.obj
 0001:000233bc       ?SV_DemoCompleted@@YAXXZ   004243bc f   sv_send.obj
 0001:000233d8       ?SV_RateDrop@@YA_NPAUclient_t@@@Z 004243d8 f   sv_send.obj
 0001:00023422       ?SV_SendClientMessages@@YAXXZ 00424422 f   sv_send.obj
 0001:00023565       ?SV_TokenizeString@@YAXPBD@Z 00424565 f   sv_tokenize.obj
 0001:0002363c       ?SV_Argc@@YAHXZ            0042463c f   sv_tokenize.obj
 0001:00023642       ?SV_Argv@@YAPADH@Z         00424642 f   sv_tokenize.obj
 0001:0002365c       ?SV_Args@@YAPADXZ          0042465c f   sv_tokenize.obj
 0001:00023ef1       ?SV_Nextserver@@YAXXZ      00424ef1 f   sv_user.obj
 0001:00023f80       ?SV_ExecuteUserCommand@@YAXPAD@Z 00424f80 f   sv_user.obj
 0001:00024042       ?SV_ClientThink@@YAXPAUclient_t@@PAUusercmd_t@@@Z 00425042 f   sv_user.obj
 0001:00024085       ?SV_ExecuteClientMessage@@YAXPAUclient_t@@@Z 00425085 f   sv_user.obj
 0001:000242a3       ?SV_ClearWorld@@YAXXZ      004252a3 f   sv_world.obj
 0001:000243de       ?SV_UnlinkEdict@@YAXPAUedict_s@@@Z 004253de f   sv_world.obj
 0001:000244a1       ?SV_LinkEdict@@YAXPAUedict_s@@@Z 004254a1 f   sv_world.obj
 0001:00024a8c       ?SV_AreaEdicts@@YAHABUCVec3@@0PAPAUedict_s@@HH@Z 00425a8c f   sv_world.obj
 0001:00024c3d       ?SV_PointContents@@YAHABUCVec3@@@Z 00425c3d f   sv_world.obj
 0001:00024d64       ?SV_Trace@@YAXAAUtrace_t@@ABUCVec3@@111PAUedict_s@@H@Z 00425d64 f   sv_world.obj
 0001:000251f6       ?InitByteDirs@@YAXXZ       004261f6 f   anorms.obj
 0001:00025235       ?Cbuf_AddText@@YAXPBD@Z    00426235 f   cmd.obj
 0001:00025297       ?Cbuf_CopyToDefer@@YAXXZ   00426297 f   cmd.obj
 0001:000252df       ?Cbuf_InsertFromDefer@@YAXXZ 004262df f   cmd.obj
 0001:00025398       ?Cbuf_Execute@@YAXXZ       00426398 f   cmd.obj
 0001:0002549e       ?Cmd_Unalias_f@@YAX_NHPAPAD@Z 0042649e f   cmd.obj
 0001:00025514       ?Cmd_WriteAliases@@YAXPAU_iobuf@@@Z 00426514 f   cmd.obj
 0001:00025545       ?RegisterCommand@@YA_NPBDP6AXXZH@Z 00426545 f   cmd.obj
 0001:000255fe       ?UnregisterCommand@@YA_NPBD@Z 004265fe f   cmd.obj
 0001:0002568f       ?Cmd_ExecuteString@@YA_NPBD@Z 0042668f f   cmd.obj
 0001:00025ae2       ?ExecuteCommand@@YA_NPBDPBUCSimpleCommand@@H@Z 00426ae2 f   cmd.obj
 0001:00025bba       ?Cmd_Init@@YAXXZ           00426bba f   cmd.obj
 0001:00025f0c       ?CM_LoadMap@@YAPAUcmodel_t@@PBD_NPAI@Z 00426f0c f   cmodel.obj
 0001:0002663d       ?SetSignbits@cplane_t@@QAEXXZ 0042763d f i cmodel.obj
 0001:00026671       ?SetType@cplane_t@@QAEXXZ  00427671 f i cmodel.obj
 0001:0002682d       ?CM_InlineModel@@YAPAUcmodel_t@@PBD@Z 0042782d f   cmodel.obj
 0001:0002686e       ?CM_NumClusters@@YAHXZ     0042786e f   cmodel.obj
 0001:00026874       ?CM_NumInlineModels@@YAHXZ 00427874 f   cmodel.obj
 0001:0002687a       ?CM_EntityString@@YAPBDXZ  0042787a f   cmodel.obj
 0001:00026880       ?CM_LeafContents@@YAHH@Z   00427880 f   cmodel.obj
 0001:000268a7       ?CM_LeafCluster@@YAHH@Z    004278a7 f   cmodel.obj
 0001:0002691d       ?CM_LeafArea@@YAHH@Z       0042791d f   cmodel.obj
 0001:00026ae0       ?CM_HeadnodeForBox@@YAHABUCBox@@@Z 00427ae0 f   cmodel.obj
 0001:00026b95       ?CM_PointLeafnum@@YAHABUCVec3@@H@Z 00427b95 f   cmodel.obj
 0001:00026c38       ?DistanceTo@cplane_t@@QAEMABUCVec3@@@Z 00427c38 f i cmodel.obj
 0001:00026c7c       ?CM_PointContents@@YAHABUCVec3@@H@Z 00427c7c f   cmodel.obj
 0001:00026cf1       ?CM_TransformedPointContents@@YAHABUCVec3@@H00@Z 00427cf1 f   cmodel.obj
 0001:00026dd2       ?CM_TransformedPointContents@@YAHABUCVec3@@H0ABUCAxis@@@Z 00427dd2 f   cmodel.obj
 0001:00026e7d       ?CM_BoxLeafnums@@YAHABUCBox@@PAHH1H@Z 00427e7d f   cmodel.obj
 0001:00026f86       ?BOX_ON_PLANE_SIDE@@YAHABUCBox@@ABUcplane_t@@@Z 00427f86 f i cmodel.obj
 0001:00026ff0       ?CM_BoxTrace@@YAXAAUtrace_t@@ABUCVec3@@1PBU2@2HH@Z 00427ff0 f   cmodel.obj
 0001:000279b2       ?CM_TransformedBoxTrace@@YAXAAUtrace_t@@ABUCVec3@@1PBU2@2HH11@Z 004289b2 f   cmodel.obj
 0001:00027b32       ?CM_TransformedBoxTrace@@YAXAAUtrace_t@@ABUCVec3@@1PBU2@2HH1ABUCAxis@@@Z 00428b32 f   cmodel.obj
 0001:00027bf2       ?CM_BrushTrace@@YAHABUCVec3@@0PAHH@Z 00428bf2 f   cmodel.obj
 0001:00028004       ?CM_RefineBrushTrace@@YAHABUCVec3@@0PAHH@Z 00429004 f   cmodel.obj
 0001:000280aa       ?CM_ClusterPVS@@YAPAEH@Z   004290aa f   cmodel.obj
 0001:000281ee       ?CM_ClusterPHS@@YAPAEH@Z   004291ee f   cmodel.obj
 0001:00028351       ?CM_SetAreaPortalState@@YAXH_N@Z 00429351 f   cmodel.obj
 0001:00028376       ?CM_AreasConnected@@YA_NHH@Z 00429376 f   cmodel.obj
 0001:000283ba       ?CM_WriteAreaBits@@YAHPAEH@Z 004293ba f   cmodel.obj
 0001:0002845c       ?CM_WritePortalState@@YAXPAU_iobuf@@@Z 0042945c f   cmodel.obj
 0001:00028476       ?CM_ReadPortalState@@YAXPAU_iobuf@@@Z 00429476 f   cmodel.obj
 0001:00028494       ?CM_HeadnodeVisible@@YA_NHPBE@Z 00429494 f   cmodel.obj
 0001:0002856f       ?Com_BeginRedirect@@YAXPADHP6AX0@Z@Z 0042956f f   common.obj
 0001:0002859c       ?Com_EndRedirect@@YAXXZ    0042959c f   common.obj
 0001:000285bb       ?Com_Printf@@YAXPBDZZ      004295bb f   common.obj
 0001:000287b3       ?Com_DPrintf@@YAXPBDZZ     004297b3 f   common.obj
 0001:0002882c       ?DebugPrintf@@YAXPBDZZ     0042982c f   common.obj
 0001:000288d6       ?Com_WPrintf@@YAXPBDZZ     004298d6 f   common.obj
 0001:00028930       ?Com_Quit@@YAXXZ           00429930 f   common.obj
 0001:00028950       ?IPWildcard@@YA_NPAUnetadr_t@@PAD@Z 00429950 f   common.obj
 0001:00028a2a       ?Com_ServerState@@YA?AW4server_state_t@@XZ 00429a2a f   common.obj
 0001:00028a30       ?Com_SetServerState@@YAXW4server_state_t@@@Z 00429a30 f   common.obj
 0001:00028a3a       ?frand@@YAMXZ              00429a3a f   common.obj
 0001:00028a52       ?crand@@YAMXZ              00429a52 f   common.obj
 0001:00028a70       ?Info_ValueForKey@@YAPBDPBD0@Z 00429a70 f   common.obj
 0001:00028aef       ?Info_SetValueForKey@@YAXPADPBD1@Z 00429aef f   common.obj
 0001:00028c52       ?Info_Print@@YAXPBD@Z      00429c52 f   common.obj
 0001:00028cd8       ?Com_CheckCmdlineVar@@YA_NPBD@Z 00429cd8 f   common.obj
 0001:00028d2e       ?Com_Init@@YAXPBD@Z        00429d2e f   common.obj
 0001:000290fc       ?Com_Frame@@YAXM@Z         0042a0fc f   common.obj
 0001:0002943a       ?Com_Shutdown@@YAXXZ       0042a43a f   common.obj
 0001:00029453       ?Com_BlockSequenceCRCByte@@YAEPAEHH@Z 0042a453 f   crc.obj
 0001:00029509       ?Cvar_VariableValue@@YAMPBD@Z 0042a509 f   cvar.obj
 0001:00029577       ?Cvar_VariableInt@@YAHPBD@Z 0042a577 f   cvar.obj
 0001:0002958a       ?Cvar_VariableString@@YAPBDPBD@Z 0042a58a f   cvar.obj
 0001:000295a2       ?Cvar_Get@@YAPAUcvar_t@@PBD0H@Z 0042a5a2 f   cvar.obj
 0001:00029859       ?Cvar_GetVars@@YAXPBUcvarInfo_t@@H@Z 0042a859 f   cvar.obj
 0001:00029903       ?Cvar_FullSet@@YAPAUcvar_t@@PBD0I@Z 0042a903 f   cvar.obj
 0001:0002995d       ?Cvar_SetValue@@YAPAUcvar_t@@PBDM@Z 0042a95d f   cvar.obj
 0001:00029b83       ?Cvar_SetInteger@@YAPAUcvar_t@@PBDH@Z 0042ab83 f   cvar.obj
 0001:00029ba5       ?Cvar_Set@@YAPAUcvar_t@@PBD0@Z 0042aba5 f   cvar.obj
 0001:00029bba       ?Cvar_ForceSet@@YAPAUcvar_t@@PBD0@Z 0042abba f   cvar.obj
 0001:00029bcf       ?Cvar_Clamp@@YAMPAUcvar_t@@MM@Z 0042abcf f   cvar.obj
 0001:00029c2d       ?Cvar_GetLatchedVars@@YAXXZ 0042ac2d f   cvar.obj
 0001:00029c5c       ?Cvar_Command@@YA_NHPAPAD@Z 0042ac5c f   cvar.obj
 0001:00029cf5       ?IsDefault@cvar_t@@QAE_NXZ 0042acf5 f i cvar.obj
 0001:00029d12       ?Cvar_WriteVariables@@YAXPAU_iobuf@@HHPBD@Z 0042ad12 f   cvar.obj
 0001:00029d9a       ?Cvar_Userinfo@@YAPBDXZ    0042ad9a f   cvar.obj
 0001:00029df5       ?Cvar_Serverinfo@@YAPBDXZ  0042adf5 f   cvar.obj
 0001:00029dfe       ?Cvar_Cheats@@YAX_N@Z      0042adfe f   cvar.obj
 0001:00029e4f       ?Cvar_Init@@YAXXZ          0042ae4f f   cvar.obj
 0001:0002a672       ?MSG_WriteDeltaEntity@@YAXPAVsizebuf_t@@PBUentityStateEx_t@@PAU2@_N33@Z 0042b672 f   entdelta.obj
 0001:0002ac2e       ?MSG_WriteRemoveEntity@@YAXPAVsizebuf_t@@H@Z 0042bc2e f   entdelta.obj
 0001:0002ac6e       ?MSG_ReadEntityBits@@YAHPAVsizebuf_t@@PAIPA_N@Z 0042bc6e f   entdelta.obj
 0001:0002acdf       ?MSG_ReadDeltaEntity@@YAXPAVsizebuf_t@@PBUentityStateEx_t@@PAU2@I@Z 0042bcdf f   entdelta.obj
 0001:0002ad62       ?MSG_WriteDeltaUsercmd@@YAXPAVsizebuf_t@@PBUusercmd_t@@PAU2@@Z 0042bd62 f   entdelta.obj
 0001:0002adf1       ?MSG_ReadDeltaUsercmd@@YAXPAVsizebuf_t@@PBUusercmd_t@@PAU2@@Z 0042bdf1 f   entdelta.obj
 0001:0002b0f4       ?MSG_WriteDeltaPlayerstate@@YAXPAVsizebuf_t@@PBUplayer_state_t@@PAU2@@Z 0042c0f4 f   entdelta.obj
 0001:0002b1fd       ?MSG_ReadDeltaPlayerstate@@YAXPAVsizebuf_t@@PBUplayer_state_t@@PAU2@@Z 0042c1fd f   entdelta.obj
 0001:0002b2d1       ?FS_CreatePath@@YAXPBD@Z   0042c2d1 f   files.obj
 0001:0002b337       ?FS_CopyFile@@YAXPBD0@Z    0042c337 f   files.obj
 0001:0002b43a       ?FS_CopyFiles@@YAXPBD0@Z   0042c43a f   files.obj
 0001:0002b513       ?FS_RemoveFiles@@YAXPBD@Z  0042c513 f   files.obj
 0001:0002b587       ?FS_FCloseFile@@YAXPAVQFILE@@@Z 0042c587 f   files.obj
 0001:0002b622       ?FS_FOpenFile@@YAPAVQFILE@@PBDPAH@Z 0042c622 f   files.obj
 0001:0002bb2e       ?FS_FileExists@@YA_NPBD@Z  0042cb2e f   files.obj
 0001:0002bd47       ?FS_Read@@YAXPAXHPAVQFILE@@@Z 0042cd47 f   files.obj
 0001:0002bfa9       ?FS_LoadFile@@YAPAXPBDPAI@Z 0042cfa9 f   files.obj
 0001:0002bfff       ?FS_FreeFile@@YAXPAX@Z     0042cfff f   files.obj
 0001:0002c00a       ?FS_Gamedir@@YAPBDXZ       0042d00a f   files.obj
 0001:0002c01e       ?FS_LoadGameConfig@@YAXXZ  0042d01e f   files.obj
 0001:0002c0e3       ?FS_SetGamedir@@YA_NPBD@Z  0042d0e3 f   files.obj
 0001:0002c7ce       ?FS_ListFiles@@YA?AV?$TList@VCStringItem@@@@PBDH@Z 0042d7ce f   files.obj
 0001:0002cad6       ?FS_NextPath@@YAPADPBD@Z   0042dad6 f   files.obj
 0001:0002cafa       ?FS_InitFilesystem@@YAXXZ  0042dafa f   files.obj
 0001:0002d4a6       ?LoadPCX@@YAXPBDPAPAE1PAH2@Z 0042e4a6 f   images.obj
 0001:0002d5f0       ?LoadTGA@@YAXPBDPAPAEPAH2@Z 0042e5f0 f   images.obj
 0001:0002d7eb       ?LoadJPG@@YAXPBDPAPAEPAH2@Z 0042e7eb f   images.obj
 0001:0002da77       ?ImageExists@@YAHPBDH@Z    0042ea77 f   images.obj
 0001:0002db77       ?WriteTGA@@YA_NPBDPAEHH@Z  0042eb77 f   images.obj
 0001:0002dd61       ?WriteJPG@@YA_NPBDPAEHH_N@Z 0042ed61 f   images.obj
 0001:0002de88       ?MD4Init@@YAXPAUMD4_CTX@@@Z 0042ee88 f   md4.obj
 0001:0002deb0       ?MD4Update@@YAXPAUMD4_CTX@@PAEI@Z 0042eeb0 f   md4.obj
 0001:0002df4e       ?MD4Final@@YAXQAEPAUMD4_CTX@@@Z 0042ef4e f   md4.obj
 0001:0002e63f       ?Com_BlockChecksum@@YAIPAXH@Z 0042f63f f   md4.obj
 0001:0002e67b       ?LoadQ2BspFile@@YAXXZ      0042f67b f   model.obj
 0001:0002ea31       ?LoadBspFile@@YAPAUbspfile_t@@PBD_NPAI@Z 0042fa31 f   model.obj
 0001:0002ebdf       ?ProcessEntstring@@YAPADPAD@Z 0042fbdf f   model.obj
 0001:0002fa86       ?Init@sizebuf_t@@QAEXPAXH@Z 00430a86 f   msg.obj
 0001:0002faa1       ?Write@sizebuf_t@@QAEXPBXH@Z 00430aa1 f   msg.obj
 0001:0002fb11       ?MSG_WriteChar@@YAXPAVsizebuf_t@@H@Z 00430b11 f   msg.obj
 0001:0002fb11       ?MSG_WriteByte@@YAXPAVsizebuf_t@@H@Z 00430b11 f   msg.obj
 0001:0002fb22       ?MSG_WriteShort@@YAXPAVsizebuf_t@@H@Z 00430b22 f   msg.obj
 0001:0002fb33       ?MSG_WriteLong@@YAXPAVsizebuf_t@@H@Z 00430b33 f   msg.obj
 0001:0002fb33       ?MSG_WriteFloat@@YAXPAVsizebuf_t@@M@Z 00430b33 f   msg.obj
 0001:0002fb44       ?MSG_WriteString@@YAXPAVsizebuf_t@@PBD@Z 00430b44 f   msg.obj
 0001:0002fb6e       ?MSG_WritePos@@YAXPAVsizebuf_t@@ABUCVec3@@@Z 00430b6e f   msg.obj
 0001:0002fbd2       ?MSG_WriteAngle@@YAXPAVsizebuf_t@@M@Z 00430bd2 f   msg.obj
 0001:0002fbfd       ?MSG_WriteAngle16@@YAXPAVsizebuf_t@@M@Z 00430bfd f   msg.obj
 0001:0002fc28       ?MSG_WriteDir@@YAXPAVsizebuf_t@@ABUCVec3@@@Z 00430c28 f   msg.obj
 0001:0002fc90       ?MSG_ReadDir@@YAXPAVsizebuf_t@@AAUCVec3@@@Z 00430c90 f   msg.obj
 0001:0002fcc1       ?MSG_ReadChar@@YAHPAVsizebuf_t@@@Z 00430cc1 f   msg.obj
 0001:0002fce1       ?MSG_ReadByte@@YAHPAVsizebuf_t@@@Z 00430ce1 f   msg.obj
 0001:0002fd01       ?MSG_ReadShort@@YAHPAVsizebuf_t@@@Z 00430d01 f   msg.obj
 0001:0002fd21       ?MSG_ReadLong@@YAHPAVsizebuf_t@@@Z 00430d21 f   msg.obj
 0001:0002fd40       ?MSG_ReadString@@YAPADPAVsizebuf_t@@@Z 00430d40 f   msg.obj
 0001:0002fd73       ?MSG_ReadPos@@YAXPAVsizebuf_t@@AAUCVec3@@@Z 00430d73 f   msg.obj
 0001:0002fdc5       ?MSG_ReadAngle@@YAMPAVsizebuf_t@@@Z 00430dc5 f   msg.obj
 0001:0002fddf       ?MSG_ReadAngle16@@YAMPAVsizebuf_t@@@Z 00430ddf f   msg.obj
 0001:0002fdf9       ?MSG_ReadData@@YAXPAVsizebuf_t@@PAXH@Z 00430df9 f   msg.obj
 0001:0002fe1c       ?Netchan_Init@@YAXXZ       00430e1c f   net_chan.obj
 0001:0002fe90       ?Netchan_OutOfBandPrint@@YAXW4netsrc_t@@Unetadr_t@@PBDZZ 00430e90 f   net_chan.obj
 0001:0002ff17       ?Setup@netchan_t@@QAEXW4netsrc_t@@Unetadr_t@@H@Z 00430f17 f   net_chan.obj
 0001:0002ff6f       ?NeedReliable@netchan_t@@QAE_NXZ 00430f6f f   net_chan.obj
 0001:0002ff94       ?Transmit@netchan_t@@QAEXPAXH@Z 00430f94 f   net_chan.obj
 0001:00030131       ?Process@netchan_t@@QAE_NPAVsizebuf_t@@@Z 00431131 f   net_chan.obj
 0001:0003025f       ?Pmove@@YAXPAUpmove_t@@@Z  0043125f f   pmove.obj
 0001:00031ffc       ?NormalizeColor@@YAMABUCVec3@@AAU1@@Z 00432ffc f   q_shared2.obj
 0001:00032058       ?NormalizeColor255@@YAMABUCVec3@@AAU1@@Z 00433058 f   q_shared2.obj
 0001:000320b8       ?Q_rsqrt@@YAMM@Z           004330b8 f   q_shared2.obj
 0001:000320e8       ?AngleVectors@@YAXABUCVec3@@PAU1@11@Z 004330e8 f   q_shared2.obj
 0001:00032249       ?MakeNormalVectors@@YAXABUCVec3@@AAU1@1@Z 00433249 f   q_shared2.obj
 0001:000322b8       ?VectorLength@@YAMABUCVec3@@@Z 004332b8 f   q_shared2.obj
 0001:000322e7       ?VectorDistance@@YAMABUCVec3@@0@Z 004332e7 f   q_shared2.obj
 0001:00032318       ?LerpAngle@@YAMMMM@Z       00433318 f   q_shared2.obj
 0001:0003235b       ?AngleMod@@YAMM@Z          0043335b f   q_shared2.obj
 0001:00032387       ?AngleSubtract@@YAMMM@Z    00433387 f   q_shared2.obj
 0001:000323be       ?AnglesSubtract@@YAXABUCVec3@@0AAU1@@Z 004333be f   q_shared2.obj
 0001:00032416       ?Normalize@CVec3@@QAEMXZ   00433416 f   q_shared2.obj
 0001:00032468       ?VectorNormalize@@YAMABUCVec3@@AAU1@@Z 00433468 f   q_shared2.obj
 0001:000324c0       ?NormalizeFast@CVec3@@QAEMXZ 004334c0 f   q_shared2.obj
 0001:00032511       ?cross@@YAXABUCVec3@@0AAU1@@Z 00433511 f   q_shared2.obj
 0001:0003254c       ?Clear@CBox@@QAEXXZ        0043354c f   q_shared2.obj
 0001:0003256a       ?Expand@CBox@@QAEXABUCVec3@@@Z 0043356a f   q_shared2.obj
 0001:00032599       ?Expand@CBox@@QAEXABU1@@Z  00433599 f   q_shared2.obj
 0001:000325d5       ?GetCenter@CBox@@QAEXAAUCVec3@@@Z 004335d5 f   q_shared2.obj
 0001:000325f5       ?OnPlaneSide@CBox@@QBEHABUcplane_t@@@Z 004335f5 f   q_shared2.obj
 0001:00032724       ?FromAngles@CAxis@@QAEXABUCVec3@@@Z 00433724 f   q_shared2.obj
 0001:00032763       ?TransformVector@CAxis@@QBEXABUCVec3@@AAU2@@Z 00433763 f   q_shared2.obj
 0001:000327b4       ?UnTransformVector@CAxis@@QBEXABUCVec3@@AAU2@@Z 004337b4 f   q_shared2.obj
 0001:00032818       ?UnTransformAxis@CAxis@@QBEXABU1@AAU1@@Z 00433818 f   q_shared2.obj
 0001:0003285e       ?TransformPoint@CCoords@@QBEXABUCVec3@@AAU2@@Z 0043385e f   q_shared2.obj
 0001:000328bc       ?UnTransformPoint@CCoords@@QBEXABUCVec3@@AAU2@@Z 004338bc f   q_shared2.obj
 0001:00032929       ?UnTransformCoords@CCoords@@QBEXABU1@AAU1@@Z 00433929 f   q_shared2.obj
 0001:00032953       ?TransformPlane@CCoords@@QBEXABUcplane_t@@AAU2@@Z 00433953 f   q_shared2.obj
 0001:0003298b       ?TransformPoint@@YAXABUCVec3@@ABUCAxis@@0AAU1@@Z 0043398b f   q_shared2.obj
 0001:000329ee       ?UnTransformPoint@@YAXABUCVec3@@ABUCAxis@@0AAU1@@Z 004339ee f   q_shared2.obj
 0001:00032a5e       ?ShortSwap@@YAFF@Z         00433a5e f   q_shared2.obj
 0001:00032a73       ?COM_Parse@@YAPADAAPBD_N@Z 00433a73 f   q_shared2.obj
 0001:00032b97       ?COM_QuoteString@@YAPBDPBD_N@Z 00433b97 f   q_shared2.obj
 0001:00032bf2       ?Com_PageInMemory@@YAXPAXH@Z 00433bf2 f   q_shared2.obj
 0001:00032c11       ?Zip_OpenArchive@@YAPAU_iobuf@@PBD@Z 00433c11 f   zip.obj
 0001:00032c7c       ?Zip_CloseArchive@@YAXPAU_iobuf@@@Z 00433c7c f   zip.obj
 0001:00032c88       ?Zip_EnumArchive@@YA_NPAU_iobuf@@P6A_NPAUzipFile_t@@@Z@Z 00433c88 f   zip.obj
 0001:00032e65       ?Zip_OpenFile@@YAPAUZFILE@@PAU_iobuf@@PAUzipFile_t@@@Z 00433e65 f   zip.obj
 0001:00032f49       ?Zip_ReadFile@@YAHPAUZFILE@@PAXH@Z 00433f49 f   zip.obj
 0001:0003303f       ?Zip_CloseFile@@YA_NPAUZFILE@@@Z 0043403f f   zip.obj
 0001:00033083       ?Zip_OpenBuf@@YAPAUZBUF@@PAXH@Z 00434083 f   zip.obj
 0001:000330c1       ?Zip_ReadBuf@@YAHPAUZBUF@@PAXH@Z 004340c1 f   zip.obj
 0001:00033109       ?Zip_CloseBuf@@YAXPAUZBUF@@@Z 00434109 f   zip.obj
 0001:0003311e       _zcalloc                   0043411e f   zip.obj
 0001:00033132       _zcfree                    00434132 f   zip.obj
 0001:0003313d       ?CDAudio_Play2@@YAXH_N@Z   0043413d f   cd_win.obj
 0001:0003331c       ?CDAudio_Play@@YAXH_N@Z    0043431c f   cd_win.obj
 0001:00033333       ?CDAudio_Stop@@YAXXZ       00434333 f   cd_win.obj
 0001:00033378       ?CDAudio_Pause@@YAXXZ      00434378 f   cd_win.obj
 0001:000333d1       ?CDAudio_Resume@@YAXXZ     004343d1 f   cd_win.obj
 0001:00033440       ?CDAudio_Update@@YAXXZ     00434440 f   cd_win.obj
 0001:00033474       ?CDAudio_Init@@YAHXZ       00434474 f   cd_win.obj
 0001:000338d6       ?CDAudio_Shutdown@@YAXXZ   004348d6 f   cd_win.obj
 0001:00033909       ?CDAudio_Activate@@YAX_N@Z 00434909 f   cd_win.obj
 0001:0003391a       ?IN_Commands@@YAXXZ        0043491a f   in_win.obj
 0001:00033a42       ?IN_Init@@YAXXZ            00434a42 f   in_win.obj
 0001:00033d39       ?IN_Shutdown@@YAXXZ        00434d39 f   in_win.obj
 0001:00033f13       ?IN_Move@@YAXPAUusercmd_t@@@Z 00434f13 f   in_win.obj
 0001:000344f0       ?IN_Activate@@YAX_N@Z      004354f0 f   in_win.obj
 0001:000344fa       ?IN_Frame@@YAXXZ           004354fa f   in_win.obj
 0001:00034862       ?NetadrToSockadr@@YAXPAUnetadr_t@@PAUsockaddr@@@Z 00435862 f   net_wins.obj
 0001:000348e7       ?SockadrToNetadr@@YAXPAUsockaddr@@PAUnetadr_t@@@Z 004358e7 f   net_wins.obj
 0001:00034937       ?NET_CompareAdr@@YA_NPAUnetadr_t@@0@Z 00435937 f   net_wins.obj
 0001:0003498d       ?NET_CompareBaseAdr@@YA_NPAUnetadr_t@@0@Z 0043598d f   net_wins.obj
 0001:000349d8       ?NET_AdrToString@@YAPADPAUnetadr_t@@@Z 004359d8 f   net_wins.obj
 0001:00034a91       ?NET_StringToAdr@@YA_NPBDPAUnetadr_t@@@Z 00435a91 f   net_wins.obj
 0001:00034d1b       ?NET_IsLocalAddress@@YA_NPAUnetadr_t@@@Z 00435d1b f   net_wins.obj
 0001:00034d27       ?NET_GetLoopPacket@@YA_NW4netsrc_t@@PAUnetadr_t@@PAVsizebuf_t@@@Z 00435d27 f   net_wins.obj
 0001:00034db2       ?NET_SendLoopPacket@@YAXW4netsrc_t@@HPAXUnetadr_t@@@Z 00435db2 f   net_wins.obj
 0001:00034e07       ?NET_GetPacket@@YA_NW4netsrc_t@@PAUnetadr_t@@PAVsizebuf_t@@@Z 00435e07 f   net_wins.obj
 0001:00034f24       ?NET_SendPacket@@YAXW4netsrc_t@@HPAXUnetadr_t@@@Z 00435f24 f   net_wins.obj
 0001:00034ff5       ?NET_Config@@YAX_N@Z       00435ff5 f   net_wins.obj
 0001:0003536a       ?NET_Init@@YAXXZ           0043636a f   net_wins.obj
 0001:00035424       ?Sys_Mkdir@@YAXPAD@Z       00436424 f   fs_win.obj
 0001:00035430       ?Sys_FindFirst@@YAPBDPBDH@Z 00436430 f   fs_win.obj
 0001:000354ea       ?Sys_FindNext@@YAPBDXZ     004364ea f   fs_win.obj
 0001:00035554       ?Sys_FindClose@@YAXXZ      00436554 f   fs_win.obj
 0001:0003556e       ?Sys_FileExists@@YA_NPBDH@Z 0043656e f   fs_win.obj
 0001:0003558c       ?SNDDMA_Init@@YA_NXZ       0043658c f   snd_win.obj
 0001:00035bcb       ?SNDDMA_GetDMAPos@@YAHXZ   00436bcb f   snd_win.obj
 0001:00035c15       ?SNDDMA_BeginPainting@@YAXXZ 00436c15 f   snd_win.obj
 0001:00035d2d       ?SNDDMA_Submit@@YAXXZ      00436d2d f   snd_win.obj
 0001:00035d52       ?SNDDMA_Shutdown@@YAXXZ    00436d52 f   snd_win.obj
 0001:00035d57       ?S_Activate@@YAX_N@Z       00436d57 f   snd_win.obj
 0001:00035d82       ?Sys_Quit@@YAXXZ           00436d82 f   sys_win.obj
 0001:00035e3a       ?Sys_Init@@YAXXZ           00436e3a f   sys_win.obj
 0001:00035eb2       ?Sys_ConsoleInput@@YAPADXZ 00436eb2 f   sys_win.obj
 0001:0003616d       ?Sys_ConsoleOutput@@YAXPBD@Z 0043716d f   sys_win.obj
 0001:000361fa       ?Sys_SendKeyEvents@@YAXXZ  004371fa f   sys_win.obj
 0001:000362b2       ?Sys_UnloadGame@@YAXXZ     004372b2 f   sys_win.obj
 0001:0003632d       ?Sys_GetGameAPI@@YAPAXPAX@Z 0043732d f   sys_win.obj
 0001:00036484       _WinMain@16                00437484 f   sys_win.obj
 0001:0003670a       ?AddMsgHook@@YAXP6A_NIIJ@Z@Z 0043770a f   vid_dll.obj
 0001:0003674e       ?RemoveMsgHook@@YAXP6A_NIIJ@Z@Z 0043774e f   vid_dll.obj
 0001:0003677d       ?Vid_CreateWindow@@YAPAXHH_N@Z 0043777d f   vid_dll.obj
 0001:00036e81       ?Vid_DestroyWindow@@YAX_N@Z 00437e81 f   vid_dll.obj
 0001:00036ebc       ?Vid_Restart@@YAXXZ        00437ebc f   vid_dll.obj
 0001:00036ec8       ?Vid_GetModeInfo@@YA_NPAH0H@Z 00437ec8 f   vid_dll.obj
 0001:00036ef8       ?Vid_Tick@@YAXXZ           00437ef8 f   vid_dll.obj
 0001:000370a8       ?Vid_Init@@YAXXZ           004380a8 f   vid_dll.obj
 0001:00037179       ?Vid_Shutdown@@YAXXZ       00438179 f   vid_dll.obj
 0001:00037198       ?Tesselate@surfacePlanar_t@OpenGLDrv@@UAEXAAUrefEntity_t@2@@Z 00438198 f   gl_backend.obj
 0001:00038da7       ?Tesselate@surfacePoly_t@OpenGLDrv@@UAEXAAUrefEntity_t@2@@Z 00439da7 f   gl_backend.obj
 0001:00038ea4       ?Tesselate@surfaceMd3_t@OpenGLDrv@@UAEXAAUrefEntity_t@2@@Z 00439ea4 f   gl_backend.obj
 0001:00039470       ?Tesselate@surfaceEntity_t@OpenGLDrv@@UAEXAAUrefEntity_t@2@@Z 0043a470 f   gl_backend.obj
 0001:00039554       ?Tesselate@surfaceParticle_t@OpenGLDrv@@UAEXAAUrefEntity_t@2@@Z 0043a554 f   gl_backend.obj
 0001:000397a4       ?BK_DrawScene@OpenGLDrv@@YAXXZ 0043a7a4 f   gl_backend.obj
 0001:0003a23e       ?BK_DrawPic@OpenGLDrv@@YAXPAVshader_t@1@HHHHMMMMIE@Z 0043b23e f   gl_backend.obj
 0001:0003a41f       ?BK_DrawText@OpenGLDrv@@YAXPBDHHHHHI@Z 0043b41f f   gl_backend.obj
 0001:0003a60a       ?BK_BeginFrame@OpenGLDrv@@YAXXZ 0043b60a f   gl_backend.obj
 0001:0003a6a3       ?BK_EndFrame@OpenGLDrv@@YAXXZ 0043b6a3 f   gl_backend.obj
 0001:0003a6e2       ?BK_Init@OpenGLDrv@@YAXXZ  0043b6e2 f   gl_backend.obj
 0001:0003a711       ?BK_Shutdown@OpenGLDrv@@YAXXZ 0043b711 f   gl_backend.obj
 0001:0003a729       ?AllocDynamicMemory@OpenGLDrv@@YAPAXH@Z 0043b729 f   gl_buffers.obj
 0001:0003a794       ?ResizeDynamicMemory@OpenGLDrv@@YAXPAXH@Z 0043b794 f   gl_buffers.obj
 0001:0003a7d6       ?AddSurfaceToPortal@OpenGLDrv@@YAXPAVsurfaceBase_t@1@PAVshader_t@1@HH@Z 0043b7d6 f   gl_buffers.obj
 0001:0003a83f       ?InsertShaderIndex@OpenGLDrv@@YAXH@Z 0043b83f f   gl_buffers.obj
 0001:0003a878       ?ClearPortal@OpenGLDrv@@YAXXZ 0043b878 f   gl_buffers.obj
 0001:0003a896       ?SortSurfaces@OpenGLDrv@@YAXPAUviewPortal_t@1@PAPAUsurfaceInfo_t@1@@Z 0043b896 f   gl_buffers.obj
 0001:0003aa28       ?ClearBuffers@OpenGLDrv@@YAXXZ 0043ba28 f   gl_buffers.obj
 0001:0003aa3f       ?CreateBuffers@OpenGLDrv@@YAXXZ 0043ba3f f   gl_buffers.obj
 0001:0003aa65       ?FreeBuffers@OpenGLDrv@@YAXXZ 0043ba65 f   gl_buffers.obj
 0001:0003aa89       ?InitEntity@model_t@OpenGLDrv@@UAEXPAUentity_t@@PAUrefEntity_t@2@@Z 0043ba89 f   gl_frontend.obj
 0001:0003aa8c       ?AddSurfaces@model_t@OpenGLDrv@@UAEXPAUrefEntity_t@2@@Z 0043ba8c f   gl_frontend.obj
 0001:0003aaba       ?GetLeaf@model_t@OpenGLDrv@@UAEPAUnode_t@2@PAUrefEntity_t@2@@Z 0043baba f   gl_frontend.obj
 0001:0003aacb       ?DrawLabel@model_t@OpenGLDrv@@UAEXPAUrefEntity_t@2@@Z 0043bacb f   gl_frontend.obj
 0001:0003aace       ?InitEntity@inlineModel_t@OpenGLDrv@@UAEXPAUentity_t@@PAUrefEntity_t@2@@Z 0043bace f   gl_frontend.obj
 0001:0003ab1e       ?AddSurfaces@inlineModel_t@OpenGLDrv@@UAEXPAUrefEntity_t@2@@Z 0043bb1e f   gl_frontend.obj
 0001:0003afcb       ?GetLeaf@inlineModel_t@OpenGLDrv@@UAEPAUnode_t@2@PAUrefEntity_t@2@@Z 0043bfcb f   gl_frontend.obj
 0001:0003b170       ?DrawLabel@inlineModel_t@OpenGLDrv@@UAEXPAUrefEntity_t@2@@Z 0043c170 f   gl_frontend.obj
 0001:0003b1b6       ?InitEntity@md3Model_t@OpenGLDrv@@UAEXPAUentity_t@@PAUrefEntity_t@2@@Z 0043c1b6 f   gl_frontend.obj
 0001:0003b3fb       ?AddSurfaces@md3Model_t@OpenGLDrv@@UAEXPAUrefEntity_t@2@@Z 0043c3fb f   gl_frontend.obj
 0001:0003b4ea       ?GetLeaf@md3Model_t@OpenGLDrv@@UAEPAUnode_t@2@PAUrefEntity_t@2@@Z 0043c4ea f   gl_frontend.obj
 0001:0003b522       ?DrawLabel@md3Model_t@OpenGLDrv@@UAEXPAUrefEntity_t@2@@Z 0043c522 f   gl_frontend.obj
 0001:0003b588       ?InitEntity@sp2Model_t@OpenGLDrv@@UAEXPAUentity_t@@PAUrefEntity_t@2@@Z 0043c588 f   gl_frontend.obj
 0001:0003b5a2       ?AddSurfaces@sp2Model_t@OpenGLDrv@@UAEXPAUrefEntity_t@2@@Z 0043c5a2 f   gl_frontend.obj
 0001:0003b729       ?GetLeaf@sp2Model_t@OpenGLDrv@@UAEPAUnode_t@2@PAUrefEntity_t@2@@Z 0043c729 f   gl_frontend.obj
 0001:0003b80a       ?AddEntity@OpenGLDrv@@YAXPAUentity_t@@@Z 0043c80a f   gl_frontend.obj
 0001:0003b96e       ?AddDlight@OpenGLDrv@@YAXPAUdlight_t@@@Z 0043c96e f   gl_frontend.obj
 0001:0003bb26       ?DrawPortal@OpenGLDrv@@YAXXZ 0043cb26 f   gl_frontend.obj
 0001:0003dac6       ?GL_TextureMode@OpenGLDrv@@YAXPBD@Z 0043eac6 f   gl_image.obj
 0001:0003db6e       ?CreateImage@OpenGLDrv@@YAPAVimage_t@1@PBDPAXHHI@Z 0043eb6e f   gl_image.obj
 0001:0003e8e5       ?LoadDelayedImages@OpenGLDrv@@YAXXZ 0043f8e5 f   gl_image.obj
 0001:0003e978       ?DrawStretchRaw8@OpenGLDrv@@YAXHHHHHHPAEPAI@Z 0043f978 f   gl_image.obj
 0001:0003ed47       ?SetupGamma@OpenGLDrv@@YAXXZ 0043fd47 f   gl_image.obj
 0001:0003ee8d       ?PerformScreenshot@OpenGLDrv@@YAXXZ 0043fe8d f   gl_image.obj
 0001:0003f11a       ?InitImages@OpenGLDrv@@YAXXZ 0044011a f   gl_image.obj
 0001:0003f8eb       ?ShutdownImages@OpenGLDrv@@YAXXZ 004408eb f   gl_image.obj
 0001:0003f952       ?ShowImages@OpenGLDrv@@YAXXZ 00440952 f   gl_image.obj
 0001:0003fbda       ?FindImage@OpenGLDrv@@YAPAVimage_t@1@PBDI@Z 00440bda f   gl_image.obj
 0001:0003fe7a       ?GL_Lock@OpenGLDrv@@YAXXZ  00440e7a f   gl_interface.obj
 0001:0003fef2       ?GL_Unlock@OpenGLDrv@@YAXXZ 00440ef2 f   gl_interface.obj
 0001:000400b4       ?GL_Bind@OpenGLDrv@@YAXPBVimage_t@1@@Z 004410b4 f   gl_interface.obj
 0001:000401de       ?GL_BindForce@OpenGLDrv@@YAXPBVimage_t@1@@Z 004411de f   gl_interface.obj
 0001:0004025c       ?GL_TexEnv@OpenGLDrv@@YAXI@Z 0044125c f   gl_interface.obj
 0001:000403db       ?GL_TexMipBias@OpenGLDrv@@YAXM@Z 004413db f   gl_interface.obj
 0001:00040436       ?GL_TexEnvColor@OpenGLDrv@@YAXPBTcolor_t@@@Z 00441436 f   gl_interface.obj
 0001:000404e6       ?GL_SelectTexture@OpenGLDrv@@YAXH@Z 004414e6 f   gl_interface.obj
 0001:00040547       ?GL_TexCoordPointer@OpenGLDrv@@YAXPAX@Z 00441547 f   gl_interface.obj
 0001:00040577       ?GL_SetMultitexture@OpenGLDrv@@YAXH@Z 00441577 f   gl_interface.obj
 0001:0004065d       ?GL_DisableTexCoordArrays@OpenGLDrv@@YAXXZ 0044165d f   gl_interface.obj
 0001:000406b1       ?GL_CullFace@OpenGLDrv@@YAXW4gl_cullMode_t@1@@Z 004416b1 f   gl_interface.obj
 0001:00040702       ?GL_DepthRange@OpenGLDrv@@YAXW4gl_depthMode_t@1@@Z 00441702 f   gl_interface.obj
 0001:00040735       ?GL_State@OpenGLDrv@@YAXI@Z 00441735 f   gl_interface.obj
 0001:0004088a       ?GL_EnableFog@OpenGLDrv@@YAX_N@Z 0044188a f   gl_interface.obj
 0001:00040982       ?GL_SetDefaultState@OpenGLDrv@@YAXXZ 00441982 f   gl_interface.obj
 0001:00040ad0       ?GL_Set2DMode@OpenGLDrv@@YAXXZ 00441ad0 f   gl_interface.obj
 0001:00040bcb       ?GL_Set3DMode@OpenGLDrv@@YAXPAUviewPortal_t@1@@Z 00441bcb f   gl_interface.obj
 0001:00040cb3       ?ShowLights@OpenGLDrv@@YAXXZ 00441cb3 f   gl_light.obj
 0001:0004109c       ?LightForEntity@OpenGLDrv@@YAXPAUrefEntity_t@1@@Z 0044209c f   gl_light.obj
 0001:0004230d       ?DiffuseLight@OpenGLDrv@@YAXPATcolor_t@@M@Z 0044330d f   gl_light.obj
 0001:00042486       ?InitLightGrid@OpenGLDrv@@YAXXZ 00443486 f   gl_light.obj
 0001:0004252c       ?PostLoadLights@OpenGLDrv@@YAXXZ 0044352c f   gl_light.obj
 0001:000427bc       ?LM_Init@OpenGLDrv@@YAXXZ  004437bc f   gl_lightmap.obj
 0001:000427d2       ?LM_Flush@OpenGLDrv@@YAXPAUlightmapBlock_t@1@@Z 004437d2 f   gl_lightmap.obj
 0001:0004282f       ?LM_Done@OpenGLDrv@@YAXXZ  0044382f f   gl_lightmap.obj
 0001:00042856       ?LM_Save@OpenGLDrv@@YAXPAUlightmapBlock_t@1@@Z 00443856 f   gl_lightmap.obj
 0001:0004286e       ?LM_Restore@OpenGLDrv@@YAXPAUlightmapBlock_t@1@@Z 0044386e f   gl_lightmap.obj
 0001:00042886       ?LM_NewBlock@OpenGLDrv@@YAPAUlightmapBlock_t@1@XZ 00443886 f   gl_lightmap.obj
 0001:000428f6       ?LM_Rewind@OpenGLDrv@@YAXXZ 004438f6 f   gl_lightmap.obj
 0001:000428fe       ?LM_NextBlock@OpenGLDrv@@YAPAUlightmapBlock_t@1@XZ 004438fe f   gl_lightmap.obj
 0001:0004292b       ?LM_CheckMinlight@OpenGLDrv@@YAXPAUdynamicLightmap_t@1@@Z 0044392b f   gl_lightmap.obj
 0001:000429c1       ?LM_AllocBlock@OpenGLDrv@@YA_NPAUlightmapBlock_t@1@PAUdynamicLightmap_t@1@@Z 004439c1 f   gl_lightmap.obj
 0001:00042a78       ?LM_PutBlock@OpenGLDrv@@YAXPAUdynamicLightmap_t@1@@Z 00443a78 f   gl_lightmap.obj
 0001:00042ea5       ?LM_SortLightStyles@OpenGLDrv@@YAXPAUdynamicLightmap_t@1@@Z 00443ea5 f   gl_lightmap.obj
 0001:00042f36       ?UpdateDynamicLightmap@OpenGLDrv@@YAXPAVsurfacePlanar_t@1@_NI@Z 00443f36 f   gl_lightmap.obj
 0001:00043438       ?LM_IsMonotone@OpenGLDrv@@YA_NPAUdynamicLightmap_t@1@PATcolor_t@@@Z 00444438 f   gl_lightmap.obj
 0001:0004353f       ?Init@OpenGLDrv@@YA_NXZ    0044453f f   gl_main.obj
 0001:00043ba5       ?Shutdown@OpenGLDrv@@YAX_N@Z 00444ba5 f   gl_main.obj
 0001:00043c2e       ?GL_EnableRendering@OpenGLDrv@@YAX_N@Z 00444c2e f   gl_main.obj
 0001:00043c49       ?BeginFrame@OpenGLDrv@@YAXXZ 00444c49 f   gl_main.obj
 0001:00043d63       ?EndFrame@OpenGLDrv@@YAXXZ 00444d63 f   gl_main.obj
 0001:00043d7b       ?RenderFrame@OpenGLDrv@@YAXPAUrefdef_t@@@Z 00444d7b f   gl_main.obj
 0001:000445a4       ?Fill8@OpenGLDrv@@YAXHHHHH@Z 004455a4 f   gl_main.obj
 0001:000445e7       ?Fill@OpenGLDrv@@YAXHHHHI@Z 004455e7 f   gl_main.obj
 0001:00044623       ?TileClear@OpenGLDrv@@YAXHHHHPBD@Z 00445623 f   gl_main.obj
 0001:000446da       ?DrawStretchPic@OpenGLDrv@@YAXHHHHPBD@Z 004456da f   gl_main.obj
 0001:00044757       ?DrawDetailedPic@OpenGLDrv@@YAXHHHHPBD@Z 00445757 f   gl_main.obj
 0001:000447fe       ?DrawPic@OpenGLDrv@@YAXHHPBDHH@Z 004457fe f   gl_main.obj
 0001:00044883       ?BeginRegistration@OpenGLDrv@@YAXPBD@Z 00445883 f   gl_main.obj
 0001:000448a7       ?RegisterPic@OpenGLDrv@@YAPAVCBasicImage@@PBD@Z 004458a7 f   gl_main.obj
 0001:000448b5       ?RegisterSkin@OpenGLDrv@@YAPAVCBasicImage@@PBD@Z 004458b5 f   gl_main.obj
 0001:000448c0       ?RegisterModel@OpenGLDrv@@YAPAVCRenderModel@@PBD@Z 004458c0 f   gl_main.obj
 0001:000448cb       ?SetSky@OpenGLDrv@@YAXPBDMABUCVec3@@@Z 004458cb f   gl_main.obj
 0001:00044971       ?Screenshot@OpenGLDrv@@YAXHPBD@Z 00445971 f   gl_main.obj
 0001:00044994       ?GetClientLight@OpenGLDrv@@YAMXZ 00445994 f   gl_main.obj
 0001:0004499b       ?GetCaps@OpenGLDrv@@YAIXZ  0044599b f   gl_main.obj
 0001:000449a1       ?InitFuncTables@OpenGLDrv@@YAXXZ 004459a1 f   gl_math.obj
 0001:00044b52       ?BuildRotationAxis@OpenGLDrv@@YAXAAUCAxis@@ABUCVec3@@M@Z 00445b52 f   gl_math.obj
 0001:00044c49       ?GetBoxRect@OpenGLDrv@@YA_NPBUrefEntity_t@1@ABUCVec3@@QAM2_N@Z 00445c49 f   gl_math.obj
 0001:00044f53       ?ProjectToScreen@OpenGLDrv@@YA_NABUCVec3@@QAH@Z 00445f53 f   gl_math.obj
 0001:00045096       ?SaturateColor3f@OpenGLDrv@@YAXAAUCVec3@@@Z 00446096 f   gl_math.obj
 0001:00045186       ?SaturateColor4b@OpenGLDrv@@YAXPATcolor_t@@@Z 00446186 f   gl_math.obj
 0001:00045294       ?SubdividePlane@OpenGLDrv@@YAHPAPAUCVec3@@HM@Z 00446294 f   gl_poly.obj
 0001:000456e3       ?FreeSubdividedPlane@OpenGLDrv@@YAXXZ 004466e3 f   gl_poly.obj
 0001:000456fb       ?GetSubdivideIndexes@OpenGLDrv@@YAXPAH@Z 004466fb f   gl_poly.obj
 0001:0004574e       ?RemoveCollinearPoints@OpenGLDrv@@YAHPAPAUCVec3@@H@Z 0044674e f   gl_poly.obj
 0001:00045844       ?GetPolyArea@OpenGLDrv@@YAMPAPAUCVec3@@H@Z 00446844 f   gl_poly.obj
 0001:000458d8       ?InitShaders@OpenGLDrv@@YAXXZ 004468d8 f   gl_shader.obj
 0001:00045a2f       ?ShutdownShaders@OpenGLDrv@@YAXXZ 00446a2f f   gl_shader.obj
 0001:00045a69       ?GetLightmapImage@OpenGLDrv@@YAPAVimage_t@1@H@Z 00446a69 f   gl_shader.obj
 0001:00045a91       ?SetShaderLightmap@OpenGLDrv@@YAPAVshader_t@1@PAV21@H@Z 00446a91 f   gl_shader.obj
 0001:00045db6       ??4shader_t@OpenGLDrv@@QAEAAV01@ABV01@@Z 00446db6 f i gl_shader.obj
 0001:00045ee8       ??4CBasicImage@@QAEAAV0@ABV0@@Z 00446ee8 f i gl_shader.obj
 0001:00045ff0       ?SetShaderLightstyles@OpenGLDrv@@YAPAVshader_t@1@PAV21@I@Z 00446ff0 f   gl_shader.obj
 0001:0004608e       ?GetAlphaShader@OpenGLDrv@@YAPAVshader_t@1@PAV21@@Z 0044708e f   gl_shader.obj
 0001:00046351       ?FindShader@OpenGLDrv@@YAPAVshader_t@1@PBDI@Z 00447351 f   gl_shader.obj
 0001:0004696a       ?GetShaderByNum@OpenGLDrv@@YAPAVshader_t@1@H@Z 0044796a f   gl_shader.obj
 0001:00046988       ?ResetShaders@OpenGLDrv@@YAXXZ 00447988 f   gl_shader.obj
 0001:00046e5a       ?Reload@shader_t@OpenGLDrv@@UAEXXZ 00447e5a f   gl_shader.obj
 0001:00046e85       ?ClearSkyBox@OpenGLDrv@@YAXXZ 00447e85 f   gl_sky.obj
 0001:00046e9c       ?SetSkyRotate@OpenGLDrv@@YAXMABUCVec3@@@Z 00447e9c f   gl_sky.obj
 0001:00046ed4       ?SkyVisible@OpenGLDrv@@YA_NXZ 00447ed4 f   gl_sky.obj
 0001:00046eed       ?AddSkySurface@OpenGLDrv@@YAXPAVsurfacePlanar_t@1@ABUCVec3@@E@Z 00447eed f   gl_sky.obj
 0001:00047488       ?TesselateSkySide@OpenGLDrv@@YAHHPAUbufVertex_t@1@PAUbufTexCoord_t@1@M@Z 00448488 f   gl_sky.obj
 0001:0004774d       ?DrawChar@OpenGLDrv@@YAXHHHH@Z 0044874d f   gl_text.obj
 0001:0004777a       ?DrawConChar@OpenGLDrv@@YAXHHHH@Z 0044877a f   gl_text.obj
 0001:000477af       ?ClearTexts@OpenGLDrv@@YAXXZ 004487af f   gl_text.obj
 0001:000477c4       ?FlushTexts@OpenGLDrv@@YAXXZ 004487c4 f   gl_text.obj
 0001:00047856       ?DrawTextPos@OpenGLDrv@@YAXHHPBDI@Z 00448856 f   gl_text.obj
 0001:0004793d       ?DrawTextLeft@OpenGLDrv@@YAXPBDI@Z 0044893d f   gl_text.obj
 0001:000479c4       ?DrawTextRight@OpenGLDrv@@YAXPBDI@Z 004489c4 f   gl_text.obj
 0001:00047a0e       ?DrawText3D@OpenGLDrv@@YAXABUCVec3@@PBDI@Z 00448a0e f   gl_text.obj
 0001:00047a3b       ?InitTexts@OpenGLDrv@@YAXXZ 00448a3b f   gl_text.obj
 0001:00047a55       ?FindModel@OpenGLDrv@@YAPAVmodel_t@1@PBD@Z 00448a55 f   gl_model.obj
 0001:00047c19       ?FreeModels@OpenGLDrv@@YAXXZ 00448c19 f   gl_model.obj
 0001:00047c8b       ?InitModels@OpenGLDrv@@YAXXZ 00448c8b f   gl_model.obj
 0001:00047d81       ?ShutdownModels@OpenGLDrv@@YAXXZ 00448d81 f   gl_model.obj
 0001:00047d92       ?LoadWorldMap@OpenGLDrv@@YAXPBD@Z 00448d92 f   gl_bspmodel.obj
 0001:00048e58       ?Negate@CVec3@@QAEXXZ      00449e58 f i gl_bspmodel.obj
 0001:000498b0       ?PointInLeaf@OpenGLDrv@@YAPAUnode_t@1@ABUCVec3@@@Z 0044a8b0 f   gl_bspmodel.obj
 0001:000498fb       ?CALL_CONSTRUCTOR@@YAXPAVinlineModel_t@OpenGLDrv@@@Z 0044a8fb f i gl_bspmodel.obj
 0001:00049911       ?LerpTag@model_t@OpenGLDrv@@UBE_NHHMPBDAAUCCoords@@@Z 0044a911 f   gl_trimodel.obj
 0001:0004991f       ?LerpTag@md3Model_t@OpenGLDrv@@UBE_NHHMPBDAAUCCoords@@@Z 0044a91f f   gl_trimodel.obj
 0001:00049a4e       ?LoadMd2@OpenGLDrv@@YAPAVmd3Model_t@1@PBDPAEI@Z 0044aa4e f   gl_trimodel.obj
 0001:0004a586       ?ATAN2_FUNC@OpenGLDrv@@YAMMM@Z 0044b586 f i gl_trimodel.obj
 0001:0004a72a       ?LoadMd3@OpenGLDrv@@YAPAVmd3Model_t@1@PBDPAEI@Z 0044b72a f   gl_trimodel.obj
 0001:0004abee       ?FindSkin@OpenGLDrv@@YAPAVshader_t@1@PBD@Z 0044bbee f   gl_trimodel.obj
 0001:0004abff       ?LoadSp2@OpenGLDrv@@YAPAVsp2Model_t@1@PBDPAEI@Z 0044bbff f   gl_trimodel.obj
 0001:0004ad54       ?CALL_CONSTRUCTOR@@YAXPAVmd3Model_t@OpenGLDrv@@@Z 0044bd54 f i gl_trimodel.obj
 0001:0004ad6a       ?CALL_CONSTRUCTOR@@YAXPAVsp2Model_t@OpenGLDrv@@@Z 0044bd6a f i gl_trimodel.obj
 0001:0004c375       ?QGL_Init@OpenGLDrv@@YA_NPBD@Z 0044d375 f   qgl_win.obj
 0001:0004c457       ?QGL_Shutdown@OpenGLDrv@@YAXXZ 0044d457 f   qgl_win.obj
 0001:0004c495       ?QGL_InitExtensions@OpenGLDrv@@YAXXZ 0044d495 f   qgl_win.obj
 0001:0004c981       ?QGL_PrintExtensionsString@OpenGLDrv@@YAXPBD00@Z 0044d981 f   qgl_win.obj
 0001:0004cace       ?QGL_EnableLogging@OpenGLDrv@@YAX_N@Z 0044dace f   qgl_win.obj
 0001:0004cb88       ?QGL_LogMessage@OpenGLDrv@@YAXPBD@Z 0044db88 f   qgl_win.obj
 0001:0004cb9f       ?QGL_SwapBuffers@OpenGLDrv@@YAXXZ 0044db9f f   qgl_win.obj
 0001:0004cbf6       ?GLimp_HasGamma@OpenGLDrv@@YA_NXZ 0044dbf6 f   gl_win.obj
 0001:0004cc0a       ?GLimp_SetGamma@OpenGLDrv@@YAXM@Z 0044dc0a f   gl_win.obj
 0001:0004cdb2       ?GLimp_SetMode@OpenGLDrv@@YA_NPAI0H_N@Z 0044ddb2 f   gl_win.obj
 0001:0004d1a8       ?GLimp_Shutdown@OpenGLDrv@@YAX_N@Z 0044e1a8 f   gl_win.obj
 0001:0004d255       ?AppActivate@OpenGLDrv@@YAX_N@Z 0044e255 f   gl_win.obj
 0001:0004d2c5       _jpeg_CreateDecompress     0044e2c5 f   lib:jdapimin.obj
 0001:0004d385       _jpeg_read_header          0044e385 f   lib:jdapimin.obj
 0001:0004d3e7       _jpeg_consume_input        0044e3e7 f   lib:jdapimin.obj
 0001:0004d636       _jpeg_finish_decompress    0044e636 f   lib:jdapimin.obj
 0001:0004d6cd       _jpeg_start_decompress     0044e6cd f   lib:jdapistd.obj
 0001:0004d83a       _jpeg_read_scanlines       0044e83a f   lib:jdapistd.obj
 0001:0004d8be       _jpeg_resync_to_restart    0044e8be f   lib:jdmarker.obj
 0001:0004da83       _jinit_marker_reader       0044ea83 f   lib:jdmarker.obj
 0001:0004ef4e       _jpeg_CreateCompress       0044ff4e f   lib:jcapimin.obj
 0001:0004f002       _jpeg_destroy_decompress   00450002 f   lib:jcapimin.obj
 0001:0004f002       _jpeg_destroy_compress     00450002 f   lib:jcapimin.obj
 0001:0004f00d       _jpeg_suppress_tables      0045000d f   lib:jcapimin.obj
 0001:0004f057       _jpeg_finish_compress      00450057 f   lib:jcapimin.obj
 0001:0004f141       _jpeg_start_compress       00450141 f   lib:jcapistd.obj
 0001:0004f1ad       _jpeg_write_scanlines      004501ad f   lib:jcapistd.obj
 0001:0004f258       _jpeg_add_quant_table      00450258 f   lib:jcparam.obj
 0001:0004f30a       _jpeg_quality_scaling      0045030a f   lib:jcparam.obj
 0001:0004f331       _jpeg_set_quality          00450331 f   lib:jcparam.obj
 0001:0004f36b       _jpeg_set_defaults         0045036b f   lib:jcparam.obj
 0001:0004f531       _jpeg_default_colorspace   00450531 f   lib:jcparam.obj
 0001:0004f581       _jpeg_set_colorspace       00450581 f   lib:jcparam.obj
 0001:0004f89c       _jpeg_stdio_dest           0045089c f   lib:jdatadst.obj
 0001:0004fabc       _crc32                     00450abc f   lib:crc32.obj
 0001:0004fd56       _inflateReset              00450d56 f   lib:inflate.obj
 0001:0004fda4       _inflateInit2_             00450da4 f   lib:inflate.obj
 0001:0004fe5d       _inflate                   00450e5d f   lib:inflate.obj
 0001:00051132       _inflateEnd                00452132 f   lib:inflate.obj
 0001:00051170       _jinit_input_controller    00452170 f   lib:jdinput.obj
 0001:00051653       _jinit_memory_mgr          00452653 f   lib:jmemmgr.obj
 0001:0005218f       _jpeg_abort                0045318f f   lib:jcomapi.obj
 0001:000521c2       _jpeg_destroy              004531c2 f   lib:jcomapi.obj
 0001:000521dd       _jpeg_alloc_quant_table    004531dd f   lib:jcomapi.obj
 0001:000521f9       _jpeg_alloc_huff_table     004531f9 f   lib:jcomapi.obj
 0001:00052215       _jpeg_calc_output_dimensions 00453215 f   lib:jdmaster.obj
 0001:00052315       _jinit_master_decompress   00453315 f   lib:jdmaster.obj
 0001:0005266b       _jdiv_round_up             0045366b f   lib:jutils.obj
 0001:0005267b       _jround_up                 0045367b f   lib:jutils.obj
 0001:00052693       _jcopy_sample_rows         00453693 f   lib:jutils.obj
 0001:000526d1       _jcopy_block_row           004536d1 f   lib:jutils.obj
 0001:000526ea       _jzero_far                 004536ea f   lib:jutils.obj
 0001:000526fd       _jinit_marker_writer       004536fd f   lib:jcmarker.obj
 0001:00052fd9       _jinit_compress_master     00453fd9 f   lib:jcinit.obj
 0001:00053032       _inflate_fast              00454032 f   lib:inffast.obj
 0001:000533e7       _inflate_table             004543e7 f   lib:inftrees.obj
 0001:0005379b       _adler32                   0045479b f   lib:adler32.obj
 0001:000538b4       _jinit_c_codec             004548b4 f   lib:jcodec.obj
 0001:000538d0       _jinit_d_codec             004548d0 f   lib:jcodec.obj
 0001:000538ec       _jpeg_get_small            004548ec f   lib:jmemnobs.obj
 0001:000538ec       _jpeg_get_large            004548ec f   lib:jmemnobs.obj
 0001:000538f8       _jpeg_free_small           004548f8 f   lib:jmemnobs.obj
 0001:000538f8       _jpeg_free_large           004548f8 f   lib:jmemnobs.obj
 0001:00053904       _jpeg_mem_available        00454904 f   lib:jmemnobs.obj
 0001:00053909       _jpeg_open_backing_store   00454909 f   lib:jmemnobs.obj
 0001:0005391d       __matherr                  0045491d f   lib:jmemnobs.obj
 0001:0005391d       _jpeg_mem_init             0045491d f   lib:jmemnobs.obj
 0001:00053920       _jinit_d_main_controller   00454920 f   lib:jdmainct.obj
 0001:00053f6b       _jinit_d_post_controller   00454f6b f   lib:jdpostct.obj
 0001:00054216       _jinit_upsampler           00455216 f   lib:jdsample.obj
 0001:00054854       _jinit_color_deconverter   00455854 f   lib:jdcolor.obj
 0001:00054d6a       _jinit_merged_upsampler    00455d6a f   lib:jdmerge.obj
 0001:000552ba       _jinit_2pass_quantizer     004562ba f   lib:jquant2.obj
 0001:0005637e       _jinit_1pass_quantizer     0045737e f   lib:jquant1.obj
 0001:00056da4       _jinit_c_main_controller   00457da4 f   lib:jcmainct.obj
 0001:00056f11       _jinit_c_prep_controller   00457f11 f   lib:jcprepct.obj
 0001:0005745c       _jinit_downsampler         0045845c f   lib:jcsample.obj
 0001:00057cdc       _jinit_color_converter     00458cdc f   lib:jccolor.obj
 0001:000582c6       _jinit_c_master_control    004592c6 f   lib:jcmaster.obj
 0001:00058db5       _jinit_lossy_c_codec       00459db5 f   lib:jclossy.obj
 0001:00058e50       _jinit_lossless_c_codec    00459e50 f   lib:jclossls.obj
 0001:00058ee8       _jinit_lossy_d_codec       00459ee8 f   lib:jdlossy.obj
 0001:000591bb       _jinit_lossless_d_codec    0045a1bb f   lib:jdlossls.obj
 0001:0005926b       _jinit_c_coef_controller   0045a26b f   lib:jccoefct.obj
 0001:0005994c       _jinit_shuff_encoder       0045a94c f   lib:jcshuff.obj
 0001:0005a1b7       _jinit_phuff_encoder       0045b1b7 f   lib:jcphuff.obj
 0001:0005ac5c       _jinit_forward_dct         0045bc5c f   lib:jcdctmgr.obj
 0001:0005af2b       _jinit_c_diff_controller   0045bf2b f   lib:jcdiffct.obj
 0001:0005b44f       _jinit_lhuff_encoder       0045c44f f   lib:jclhuff.obj
 0001:0005bb79       _jinit_differencer         0045cb79 f   lib:jcpred.obj
 0001:0005c093       _jinit_c_scaler            0045d093 f   lib:jcscale.obj
 0001:0005c109       _jinit_d_coef_controller   0045d109 f   lib:jdcoefct.obj
 0001:0005cde5       _jinit_shuff_decoder       0045dde5 f   lib:jdshuff.obj
 0001:0005d37a       _jinit_phuff_decoder       0045e37a f   lib:jdphuff.obj
 0001:0005df17       _jinit_inverse_dct         0045ef17 f   lib:jddctmgr.obj
 0001:0005e0fb       _jinit_d_diff_controller   0045f0fb f   lib:jddiffct.obj
 0001:0005e629       _jinit_d_scaler            0045f629 f   lib:jdscale.obj
 0001:0005e728       _jinit_undifferencer       0045f728 f   lib:jdpred.obj
 0001:0005eae2       _jinit_lhuff_decoder       0045fae2 f   lib:jdlhuff.obj
 0001:0005eed7       _jpeg_make_c_derived_tbl   0045fed7 f   lib:jchuff.obj
 0001:0005f0d9       _jpeg_gen_optimal_table    004600d9 f   lib:jchuff.obj
 0001:0005f298       _jpeg_fdct_float           00460298 f   lib:jfdctflt.obj
 0001:0005f49d       _jpeg_make_d_derived_tbl   0046049d f   lib:jdhuff.obj
 0001:0005f73a       _jpeg_fill_bit_buffer      0046073a f   lib:jdhuff.obj
 0001:0005f849       _jpeg_huff_decode          00460849 f   lib:jdhuff.obj
 0001:0005f929       _jpeg_idct_4x4             00460929 f   lib:jidctred.obj
 0001:0005fc17       _jpeg_idct_2x2             00460c17 f   lib:jidctred.obj
 0001:0005fdd9       _jpeg_idct_1x1             00460dd9 f   lib:jidctred.obj
 0001:0005fe15       _jpeg_idct_float           00460e15 f   lib:jidctflt.obj
 0001:000601f0       __except_handler3          004611f0 f   MSVCRT:MSVCRT.dll
 0001:00060200       __alloca_probe             00461200 f   MSVCRT:chkstk.obj
 0001:00060200       __chkstk                   00461200 f   MSVCRT:chkstk.obj
 0001:0006022f       ??_Gtype_info@@UAEPAXI@Z   0046122f f i MSVCRT:ti_inst.obj
 0001:0006022f       ??_Etype_info@@UAEPAXI@Z   0046122f f i MSVCRT:ti_inst.obj
 0001:0006024c       __CxxThrowException@8      0046124c f   MSVCRT:MSVCRT.dll
 0001:00060252       _strcpy                    00461252 f   MSVCRT:MSVCRT.dll
 0001:00060258       _strlen                    00461258 f   MSVCRT:MSVCRT.dll
 0001:0006025e       _strcmp                    0046125e f   MSVCRT:MSVCRT.dll
[...]
 0001:0005e299       _start_iMCU_row            0045f299 f   lib:jddiffct.obj
 0001:0005e2de       _start_output_pass         0045f2de f   lib:jddiffct.obj
 0001:0005e2ea       _decompress_data           0045f2ea f   lib:jddiffct.obj
 0001:0005e45a       _process_restart           0045f45a f   lib:jddiffct.obj
 0001:0005c47a       _dummy_consume_data        0045d47a f   lib:jdcoefct.obj
 0001:0005e48f       _consume_data              0045f48f f   lib:jddiffct.obj
 0001:0005e506       _output_data               0045f506 f   lib:jddiffct.obj
 0001:0005df8d       _start_pass                0045ef8d f   lib:jddctmgr.obj
 0001:0005d3df       _start_pass_phuff_decoder  0045e3df f   lib:jdphuff.obj
 0001:0005d628       _decode_mcu_DC_first       0045e628 f   lib:jdphuff.obj
 0001:0005d820       _process_restart           0045e820 f   lib:jdphuff.obj
 0001:0005d88f       _decode_mcu_AC_first       0045e88f f   lib:jdphuff.obj
 0001:0005daaf       _decode_mcu_DC_refine      0045eaaf f   lib:jdphuff.obj
 0001:0005db84       _decode_mcu_AC_refine      0045eb84 f   lib:jdphuff.obj
 0001:0005ce26       _start_pass_huff_decoder   0045de26 f   lib:jdshuff.obj
 0001:0005cf5e       _decode_mcu                0045df5e f   lib:jdshuff.obj
 0001:0005d30e       _process_restart           0045e30e f   lib:jdshuff.obj
 0001:0005c20c       _start_input_pass          0045d20c f   lib:jdcoefct.obj
 0001:0005c21f       _start_iMCU_row            0045d21f f   lib:jdcoefct.obj
 0001:0005c264       _start_output_pass         0045d264 f   lib:jdcoefct.obj
 0001:0005c2a1       _decompress_onepass        0045d2a1 f   lib:jdcoefct.obj
 0001:0005c47a       _dummy_consume_data        0045d47a f   lib:jdcoefct.obj
 0001:0005c47d       _consume_data              0045d47d f   lib:jdcoefct.obj
 0001:0005c636       _decompress_data           0045d636 f   lib:jdcoefct.obj
 0001:0005c7a2       _smoothing_ok              0045d7a2 f   lib:jdcoefct.obj
 0001:0005c88d       _decompress_smooth_data    0045d88d f   lib:jdcoefct.obj
 0001:0005c0a5       _scaler_start_pass         0045d0a5 f   lib:jcscale.obj
 0001:0005c0c8       _simple_downscale          0045d0c8 f   lib:jcscale.obj
 0001:0005c0f4       _noscale                   0045d0f4 f   lib:jcscale.obj
 0001:0005bb9d       _start_pass                0045cb9d f   lib:jcpred.obj
 0001:0005bbf5       _reset_predictor           0045cbf5 f   lib:jcpred.obj
 0001:0005bc22       _jpeg_difference_first_row 0045cc22 f   lib:jcpred.obj
 0001:0005bd0c       _jpeg_difference1          0045cd0c f   lib:jcpred.obj
 0001:0005bd7a       _jpeg_difference2          0045cd7a f   lib:jcpred.obj
 0001:0005bdeb       _jpeg_difference3          0045cdeb f   lib:jcpred.obj
 0001:0005be63       _jpeg_difference4          0045ce63 f   lib:jcpred.obj
 0001:0005beee       _jpeg_difference5          0045ceee f   lib:jcpred.obj
 0001:0005bf81       _jpeg_difference6          0045cf81 f   lib:jcpred.obj
 0001:0005c010       _jpeg_difference7          0045d010 f   lib:jcpred.obj
 0001:0005b48f       _start_pass_huff           0045c48f f   lib:jclhuff.obj
 0001:0005b62c       _encode_mcus_huff          0045c62c f   lib:jclhuff.obj
 0001:0005b817       _emit_bits                 0045c817 f   lib:jclhuff.obj
 0001:0005b8ba       _dump_buffer               0045c8ba f   lib:jclhuff.obj
 0001:0005b8de       _emit_restart              0045c8de f   lib:jclhuff.obj
 0001:0005b929       _flush_bits                0045c929 f   lib:jclhuff.obj
 0001:0005b94d       _finish_pass_huff          0045c94d f   lib:jclhuff.obj
 0001:0005b9ba       _encode_mcus_gather        0045c9ba f   lib:jclhuff.obj
 0001:0005bae3       _finish_pass_gather        0045cae3 f   lib:jclhuff.obj
 0001:0005a1b4       _need_optimization_pass    0045b1b4 f   lib:jcshuff.obj
 0001:0005b0af       _start_pass_diff           0045c0af f   lib:jcdiffct.obj
 0001:000593b5       _start_iMCU_row            0045a3b5 f   lib:jccoefct.obj
 0001:0005b14d       _compress_data             0045c14d f   lib:jcdiffct.obj
 0001:0005b2e3       _compress_first_pass       0045c2e3 f   lib:jcdiffct.obj
 0001:0005b3d8       _compress_output           0045c3d8 f   lib:jcdiffct.obj
 0001:0005acc2       _start_pass_fdctmgr        0045bcc2 f   lib:jcdctmgr.obj
 0001:0005adc4       _forward_DCT_float         0045bdc4 f   lib:jcdctmgr.obj
 0001:0005a1f7       _start_pass_phuff          0045b1f7 f   lib:jcphuff.obj
 0001:0005a364       _encode_mcu_DC_first       0045b364 f   lib:jcphuff.obj
 0001:0005a496       _emit_bits                 0045b496 f   lib:jcphuff.obj
 0001:0005a541       _dump_buffer               0045b541 f   lib:jcphuff.obj
 0001:0005a579       _emit_symbol               0045b579 f   lib:jcphuff.obj
 0001:0005a5b9       _emit_restart              0045b5b9 f   lib:jcphuff.obj
 0001:0005a642       _emit_eobrun               0045b642 f   lib:jcphuff.obj
 0001:0005a6c8       _encode_mcu_AC_first       0045b6c8 f   lib:jcphuff.obj
 0001:0005a85c       _encode_mcu_DC_refine      0045b85c f   lib:jcphuff.obj
 0001:0005a916       _encode_mcu_AC_refine      0045b916 f   lib:jcphuff.obj
 0001:0005ab2d       _finish_pass_phuff         0045bb2d f   lib:jcphuff.obj
 0001:0005ab7c       _finish_pass_gather_phuff  0045bb7c f   lib:jcphuff.obj
 0001:0005ac3f       _need_optimization_pass    0045bc3f f   lib:jcphuff.obj
 0001:0005998f       _start_pass_huff           0045a98f f   lib:jcshuff.obj
 0001:00059b04       _encode_mcu_huff           0045ab04 f   lib:jcshuff.obj
 0001:00059c0f       _encode_one_block          0045ac0f f   lib:jcshuff.obj
 0001:00059d86       _emit_bits                 0045ad86 f   lib:jcshuff.obj
 0001:00059e29       _dump_buffer               0045ae29 f   lib:jcshuff.obj
 0001:00059e4d       _emit_restart              0045ae4d f   lib:jcshuff.obj
 0001:00059eba       _flush_bits                0045aeba f   lib:jcshuff.obj
 0001:00059ede       _finish_pass_huff          0045aede f   lib:jcshuff.obj
 0001:00059f4d       _encode_mcu_gather         0045af4d f   lib:jcshuff.obj
 0001:0005a003       _htest_one_block           0045b003 f   lib:jcshuff.obj
 0001:0005a0ca       _finish_pass_gather        0045b0ca f   lib:jcshuff.obj
 0001:0005a1b4       _need_optimization_pass    0045b1b4 f   lib:jcshuff.obj
 0001:00059320       _start_pass_coef           0045a320 f   lib:jccoefct.obj
 0001:000593b5       _start_iMCU_row            0045a3b5 f   lib:jccoefct.obj
 0001:000593f7       _compress_data             0045a3f7 f   lib:jccoefct.obj
 0001:000595de       _compress_first_pass       0045a5de f   lib:jccoefct.obj
 0001:000597c4       _compress_output           0045a7c4 f   lib:jccoefct.obj
 0001:00059238       _calc_output_dimensions    0045a238 f   lib:jdlossls.obj
 0001:00059249       _start_input_pass          0045a249 f   lib:jdlossls.obj
 0001:00058f77       _calc_output_dimensions    00459f77 f   lib:jdlossy.obj
 0001:000590ea       _start_input_pass          0045a0ea f   lib:jdlossy.obj
 0001:0005910a       _latch_quant_tables        0045a10a f   lib:jdlossy.obj
 0001:000591a2       _start_output_pass         0045a1a2 f   lib:jdlossy.obj
 0001:00058ec6       _start_pass                00459ec6 f   lib:jclossls.obj
 0001:00058e32       _start_pass                00459e32 f   lib:jclossy.obj
 0001:00058387       _initial_setup             00459387 f   lib:jcmaster.obj
 0001:0005853a       _validate_script           0045953a f   lib:jcmaster.obj
 0001:00058912       _prepare_for_pass          00459912 f   lib:jcmaster.obj
 0001:00058a8a       _select_scan_parameters    00459a8a f   lib:jcmaster.obj
 0001:00058b8b       _per_scan_setup            00459b8b f   lib:jcmaster.obj
 0001:00058d36       _pass_startup              00459d36 f   lib:jcmaster.obj
 0001:00058d5d       _finish_pass_master        00459d5d f   lib:jcmaster.obj
 0001:00057e73       _rgb_ycc_start             00458e73 f   lib:jccolor.obj
 0001:00057f37       _rgb_ycc_convert           00458f37 f   lib:jccolor.obj
 0001:00058036       _rgb_gray_convert          00459036 f   lib:jccolor.obj
 0001:000580bb       _cmyk_ycck_convert         004590bb f   lib:jccolor.obj
 0001:000581f3       _grayscale_convert         004591f3 f   lib:jccolor.obj
 0001:0005824d       _null_convert              0045924d f   lib:jccolor.obj
 0001:0005636e       _null_method               0045736e f   lib:jquant2.obj
 0001:0005636e       _start_pass_downsample     0045736e f   lib:jquant2.obj
 0001:000575bf       _sep_downsample            004585bf f   lib:jcsample.obj
 0001:00057634       _int_downsample            00458634 f   lib:jcsample.obj
 0001:0005772c       _expand_right_edge         0045872c f   lib:jcsample.obj
 0001:00057781       _fullsize_downsample       00458781 f   lib:jcsample.obj
 0001:000577c5       _h2v1_downsample           004587c5 f   lib:jcsample.obj
 0001:00057859       _h2v2_downsample           00458859 f   lib:jcsample.obj
 0001:00057906       _h2v2_smooth_downsample    00458906 f   lib:jcsample.obj
 0001:00057b7e       _fullsize_smooth_downsample 00458b7e f   lib:jcsample.obj
 0001:00056fbb       _start_pass_prep           00457fbb f   lib:jcprepct.obj
 0001:00056ff9       _pre_process_data          00457ff9 f   lib:jcprepct.obj
 0001:000571a7       _pre_process_context       004581a7 f   lib:jcprepct.obj
 0001:00057360       _create_context_buffer     00458360 f   lib:jcprepct.obj
 0001:00056e33       _start_pass_main           00457e33 f   lib:jcmainct.obj
 0001:00056e75       _process_data_simple_main  00457e75 f   lib:jcmainct.obj
 0001:00056409       _create_colormap           00457409 f   lib:jquant1.obj
 0001:0005653b       _select_ncolors            0045753b f   lib:jquant1.obj
 0001:00056612       _create_colorindex         00457612 f   lib:jquant1.obj
 0001:0005673e       _alloc_fs_workspace        0045773e f   lib:jquant1.obj
 0001:0005677a       _start_pass_1_quant        0045777a f   lib:jquant1.obj
 0001:00056846       _create_odither_tables     00457846 f   lib:jquant1.obj
 0001:000568a5       _make_odither_array        004578a5 f   lib:jquant1.obj
 0001:00056908       _color_quantize            00457908 f   lib:jquant1.obj
 0001:00056993       _color_quantize3           00457993 f   lib:jquant1.obj
 0001:00056a21       _quantize_ord_dither       00457a21 f   lib:jquant1.obj
 0001:00056b0c       _quantize3_ord_dither      00457b0c f   lib:jquant1.obj
 0001:00056c0c       _quantize_fs_dither        00457c0c f   lib:jquant1.obj
 0001:0005636e       _finish_pass_1_quant       0045736e f   lib:jquant2.obj
 0001:00056d90       _new_color_map_1_quant     00457d90 f   lib:jquant1.obj
 0001:000553c9       _init_error_limit          004563c9 f   lib:jquant2.obj
 0001:00055468       _start_pass_2_quant        00456468 f   lib:jquant2.obj
 0001:0005556a       _prescan_quantize          0045656a f   lib:jquant2.obj
 0001:000555d9       _pass2_no_dither           004565d9 f   lib:jquant2.obj
 0001:00055686       _fill_inverse_cmap         00456686 f   lib:jquant2.obj
 0001:00055751       _find_nearby_colors        00456751 f   lib:jquant2.obj
 0001:000558f5       _find_best_colors          004568f5 f   lib:jquant2.obj
 0001:00055a0f       _pass2_fs_dither           00456a0f f   lib:jquant2.obj
 0001:00055c7e       _finish_pass1              00456c7e f   lib:jquant2.obj
 0001:00055ca0       _select_colors             00456ca0 f   lib:jquant2.obj
 0001:00055d2c       _update_box                00456d2c f   lib:jquant2.obj
 0001:000560c6       _median_cut                004570c6 f   lib:jquant2.obj
 0001:000561da       _find_biggest_color_pop    004571da f   lib:jquant2.obj
 0001:00056209       _find_biggest_volume       00457209 f   lib:jquant2.obj
 0001:00056232       _compute_color             00457232 f   lib:jquant2.obj
 0001:0005636e       _finish_pass2              0045736e f   lib:jquant2.obj
 0001:0005636f       _new_color_map_2_quant     0045736f f   lib:jquant2.obj
 0001:00054de0       _build_ycc_rgb_table       00455de0 f   lib:jdmerge.obj
 0001:00054e90       _start_pass_merged_upsample 00455e90 f   lib:jdmerge.obj
 0001:00054ea5       _merged_2v_upsample        00455ea5 f   lib:jdmerge.obj
 0001:00054f4c       _merged_1v_upsample        00455f4c f   lib:jdmerge.obj
 0001:00054f7d       _h2v1_merged_upsample      00455f7d f   lib:jdmerge.obj
 0001:000550d3       _h2v2_merged_upsample      004560d3 f   lib:jdmerge.obj
 0001:00054984       _build_ycc_rgb_table       00455984 f   lib:jdcolor.obj
 0001:00054a34       _ycc_rgb_convert           00455a34 f   lib:jdcolor.obj
 0001:00054b42       _null_convert              00455b42 f   lib:jdcolor.obj
 0001:00054bba       _grayscale_convert         00455bba f   lib:jdcolor.obj
 0001:00054bdd       _gray_rgb_convert          00455bdd f   lib:jdcolor.obj
 0001:00054c36       _ycck_cmyk_convert         00455c36 f   lib:jdcolor.obj
 0001:0005636e       _start_pass_dcolor         0045736e f   lib:jquant2.obj
 0001:000543e5       _start_pass_upsample       004553e5 f   lib:jdsample.obj
 0001:000543ff       _sep_upsample              004553ff f   lib:jdsample.obj
 0001:000544cc       _fullsize_upsample         004554cc f   lib:jdsample.obj
 0001:000544d7       _noop_upsample             004554d7 f   lib:jdsample.obj
 0001:000544df       _int_upsample              004554df f   lib:jdsample.obj
 0001:000545c9       _h2v1_upsample             004555c9 f   lib:jdsample.obj
 0001:00054620       _h2v2_upsample             00455620 f   lib:jdsample.obj
 0001:00054692       _h2v1_fancy_upsample       00455692 f   lib:jdsample.obj
 0001:00054735       _h2v2_fancy_upsample       00455735 f   lib:jdsample.obj
 0001:00053fee       _start_pass_dpost          00454fee f   lib:jdpostct.obj
 0001:00054094       _post_process_1pass        00455094 f   lib:jdpostct.obj
 0001:000540f9       _post_process_prepass      004550f9 f   lib:jdpostct.obj
 0001:0005418a       _post_process_2pass        0045518a f   lib:jdpostct.obj
 0001:000539f5       _alloc_funny_pointers      004549f5 f   lib:jdmainct.obj
 0001:00053aa2       _start_pass_main           00454aa2 f   lib:jdmainct.obj
 0001:00053b0a       _make_funny_pointers       00454b0a f   lib:jdmainct.obj
 0001:00053c4a       _process_data_simple_main  00454c4a f   lib:jdmainct.obj
 0001:00053cb2       _process_data_context_main 00454cb2 f   lib:jdmainct.obj
 0001:00053dc4       _set_wraparound_pointers   00454dc4 f   lib:jdmainct.obj
 0001:00053eae       _set_bottom_pointers       00454eae f   lib:jdmainct.obj
 0001:00053f48       _process_data_crank_post   00454f48 f   lib:jdmainct.obj
 0001:0005274b       _write_marker_header       0045374b f   lib:jcmarker.obj
 0001:000527a1       _emit_byte                 004537a1 f   lib:jcmarker.obj
 0001:000527d2       _write_marker_byte         004537d2 f   lib:jcmarker.obj
 0001:000527e2       _write_file_header         004537e2 f   lib:jcmarker.obj
 0001:0005282e       _emit_jfif_app0            0045382e f   lib:jcmarker.obj
 0001:00052901       _emit_adobe_app14          00453901 f   lib:jcmarker.obj
 0001:000529a7       _write_frame_header        004539a7 f   lib:jcmarker.obj
 0001:00052a86       _emit_dqt                  00453a86 f   lib:jcmarker.obj
 0001:00052b75       _emit_sof                  00453b75 f   lib:jcmarker.obj
 0001:00052c51       _write_scan_header         00453c51 f   lib:jcmarker.obj
 0001:00052d11       _emit_dht                  00453d11 f   lib:jcmarker.obj
 0001:00052dea       _emit_dri                  00453dea f   lib:jcmarker.obj
 0001:00052e39       _emit_sos                  00453e39 f   lib:jcmarker.obj
 0001:00052f27       _write_file_trailer        00453f27 f   lib:jcmarker.obj
 0001:00052f47       _write_tables_only         00453f47 f   lib:jcmarker.obj
 0001:000522a0       _use_merged_upsample       004532a0 f   lib:jdmaster.obj
 0001:00052346       _master_selection          00453346 f   lib:jdmaster.obj
 0001:000524a3       _prepare_range_limit_table 004534a3 f   lib:jdmaster.obj
 0001:00052529       _prepare_for_output_pass   00453529 f   lib:jdmaster.obj
 0001:0005264a       _finish_output_pass        0045364a f   lib:jdmaster.obj
 0001:00051717       _alloc_small               00452717 f   lib:jmemmgr.obj
 0001:00051835       _alloc_large               00452835 f   lib:jmemmgr.obj
 0001:000518e6       _alloc_sarray              004528e6 f   lib:jmemmgr.obj
 0001:0005197e       _alloc_barray              0045297e f   lib:jmemmgr.obj
 0001:00051a22       _alloc_darray              00452a22 f   lib:jmemmgr.obj
 0001:00051acd       _request_virt_sarray       00452acd f   lib:jmemmgr.obj
 0001:00051b2e       _request_virt_barray       00452b2e f   lib:jmemmgr.obj
 0001:00051b8f       _realize_virt_arrays       00452b8f f   lib:jmemmgr.obj
 0001:00051d12       _access_virt_sarray        00452d12 f   lib:jmemmgr.obj
 0001:00051e32       _do_sarray_io              00452e32 f   lib:jmemmgr.obj
 0001:00051ec2       _access_virt_barray        00452ec2 f   lib:jmemmgr.obj
 0001:00051fe7       _do_barray_io              00452fe7 f   lib:jmemmgr.obj
 0001:00052078       _free_pool                 00453078 f   lib:jmemmgr.obj
 0001:0005215f       _self_destruct             0045315f f   lib:jmemmgr.obj
 0001:000511b1       _start_input_pass          004521b1 f   lib:jdinput.obj
 0001:000511df       _per_scan_setup            004521df f   lib:jdinput.obj
 0001:00051365       _finish_input_pass         00452365 f   lib:jdinput.obj
 0001:00051376       _consume_markers           00452376 f   lib:jdinput.obj
 0001:00051412       _initial_setup             00452412 f   lib:jdinput.obj
 0001:0005161c       _reset_input_controller    0045261c f   lib:jdinput.obj
 0001:00050f6a       _fixedtables               00451f6a f   lib:inflate.obj
 0001:00051054       _updatewindow              00452054 f   lib:inflate.obj
 0001:0004f99c       _make_crc_table            0045099c f   lib:crc32.obj
 0001:0004fae9       _crc32_little              00450ae9 f   lib:crc32.obj
 0001:0004f8d8       _init_destination          004508d8 f   lib:jdatadst.obj
 0001:0004f8fe       _empty_output_buffer       004508fe f   lib:jdatadst.obj
 0001:0004f940       _term_destination          00450940 f   lib:jdatadst.obj
 0001:0004f45f       _std_huff_tables           0045045f f   lib:jcparam.obj
 0001:0004f4b9       _add_huff_table            004504b9 f   lib:jcparam.obj
 0001:0004d9ac       _next_marker               0044e9ac f   lib:jdmarker.obj
 0001:0004dae6       _get_interesting_appn      0044eae6 f   lib:jdmarker.obj
 0001:0004dc11       _examine_app0              0044ec11 f   lib:jdmarker.obj
 0001:0004de1f       _examine_app14             0044ee1f f   lib:jdmarker.obj
 0001:0004dee0       _skip_variable             0044eee0 f   lib:jdmarker.obj
 0001:0004df83       _read_markers              0044ef83 f   lib:jdmarker.obj
 0001:0004e18b       _get_soi                   0044f18b f   lib:jdmarker.obj
 0001:0004e236       _get_sof                   0044f236 f   lib:jdmarker.obj
 0001:0004e53f       _get_sos                   0044f53f f   lib:jdmarker.obj
 0001:0004e82d       _get_dht                   0044f82d f   lib:jdmarker.obj
 0001:0004eace       _get_dqt                   0044face f   lib:jdmarker.obj
 0001:0004ed2a       _get_dri                   0044fd2a f   lib:jdmarker.obj
 0001:0004ee09       _first_marker              0044fe09 f   lib:jdmarker.obj
 0001:0004eea5       _read_restart_marker       0044fea5 f   lib:jdmarker.obj
 0001:0004ef23       _reset_marker_reader       0044ff23 f   lib:jdmarker.obj
 0001:0004d790       _output_pass_setup         0044e790 f   lib:jdapistd.obj
 0001:0004d483       _default_decompress_parms  0044e483 f   lib:jdapimin.obj

 128 bytes saved through ICF

