 quake2

 Timestamp is 42e3dc4c (Sun Jul 24 22:22:04 2005)

 Preferred load address is 00400000

 Start         Length     Name                   Class
 0001:00000000 00060c80H .text                   CODE
 0002:00000000 00000278H .idata$5                DATA
 0002:00000278 0000664cH .rdata                  DATA
 0002:000068c8 00000044H .rdata$r                DATA
 0002:00006910 00000038H .xdata$x                DATA
 0002:00006948 00000078H .idata$2                DATA
 0002:000069c0 00000014H .idata$3                DATA
 0002:000069d4 00000278H .idata$4                DATA
 0002:00006c4c 000007feH .idata$6                DATA
 0002:0000744a 00000000H .edata                  DATA
 0003:00000000 00000004H .CRT$XCA                DATA
 0003:00000004 00000078H .CRT$XCU                DATA
 0003:0000007c 00000004H .CRT$XCZ                DATA
 0003:00000080 00000004H .CRT$XIA                DATA
 0003:00000084 00000004H .CRT$XIZ                DATA
 0003:00000090 0000d9ecH .data                   DATA
 0003:0000da80 0047359cH .bss                    DATA
 0004:00000000 00000130H .rsrc$01                DATA
 0004:00000130 00003f20H .rsrc$02                DATA

  Address         Publics by Value              Rva+Base     Lib:Object

 0001:00000000       ??3@YAXPAX@Z               00401000 f i CoreMain.obj
 0001:0000000b       ?appInit@@YAXXZ            0040100b f   CoreMain.obj
 0001:0000006e       ?appExit@@YAXXZ            0040106e f   CoreMain.obj
 0001:00000073       ?appLoadDebugSymbols@@YAXXZ 00401073 f   DbgSymbols.obj
 0001:00000276       ?appSymbolName@@YA_NIPADH@Z 00401276 f   DbgSymbols.obj
 0001:00000362       ?appSymbolName@@YAPBDI@Z   00401362 f   DbgSymbols.obj
 0001:00000394       ?appMalloc@@YAPAXIH@Z      00401394 f   Memory.obj
 0001:00000442       ?appFree@@YAXPAX@Z         00401442 f   Memory.obj
 0001:00000470       ?Unlink@FMemHeader@@QAEXXZ 00401470 f i Memory.obj
 0001:0000049b       ?Link@CMemoryChain@@AAEXXZ 0040149b f   Memory.obj
 0001:000004ba       ?Unlink@CMemoryChain@@AAEXXZ 004014ba f   Memory.obj
 0001:000004e5       ??2CMemoryChain@@SAPAXIH@Z 004014e5 f   Memory.obj
 0001:00000557       ??3CMemoryChain@@SAXPAX@Z  00401557 f   Memory.obj
 0001:0000058a       ?Alloc@CMemoryChain@@QAEPAXIH@Z 0040158a f   Memory.obj
 0001:000005f4       ?appInitMemory@@YAXXZ      004015f4 f   Memory.obj
 0001:00000b3f       ?Write@COutputDeviceNull@@UAEXPBD@Z 00401b3f f i OutputDevice.obj
 0001:00000b42       ?appWPrintf@@YAXPBDZZ      00401b42 f   OutputDevice.obj
 0001:00000b93       ?appFatalError@@YAXPBDZZ   00401b93 f   ErrorMgr.obj
 0001:00000bcd       ?appNonFatalError@@YAXPBDZZ 00401bcd f   ErrorMgr.obj
 0001:00000c2b       ?appUnwindPrefix@@YAXPBD@Z 00401c2b f   ErrorMgr.obj
 0001:00000c82       ?appUnwindThrow@@YAXPBDZZ  00401c82 f   ErrorMgr.obj
 0001:00000d09       ?Reset@CErrorHandler@@QAEXXZ 00401d09 f   ErrorMgr.obj
 0001:00000d33       ?appInitError@@YAXXZ       00401d33 f   ErrorMgr.obj
 0001:00000df1       ?GetLine@CSimpleParser@@QAEPBDXZ 00401df1 f   ScriptParser.obj
 0001:00000f06       ?SkipBraces@CSimpleParser@@QAEPBDXZ 00401f06 f   ScriptParser.obj
 0001:00000f3c       ?appStricmp@@YAHPBD0@Z     00401f3c f   Strings.obj
 0001:00000f71       ?toLower@@YADD@Z           00401f71 f i Strings.obj
 0001:00000f88       ?appStrcpy@@YAXPADPBD@Z    00401f88 f   Strings.obj
 0001:00000f9b       ?appStrncpylwr@@YAXPADPBDH@Z 00401f9b f   Strings.obj
 0001:00000fd3       ?appStrncpyz@@YAXPADPBDH@Z 00401fd3 f   Strings.obj
 0001:00001000       ?appStrcatn@@YAXPADHPBD@Z  00402000 f   Strings.obj
 0001:0000102b       ?appCopyFilename@@YAXPADPBDH@Z 0040202b f   Strings.obj
 0001:000010c7       ?appCStrlen@@YAHPBD@Z      004020c7 f   Strings.obj
 0001:000010ec       ?appUncolorizeString@@YAXPADPBD@Z 004020ec f   Strings.obj
 0001:0000111c       ?va@@YAPBDPBDZZ            0040211c f   Strings.obj
 0001:000011b8       ?appSprintf@@YAHPADHPBDZZ  004021b8 f   Strings.obj
 0001:00001203       ?appMatchWildcard@@YA_NPBD0_N@Z 00402203 f   Strings.obj
 0001:00001383       ?appIsWildcard@@YA_NPBD@Z  00402383 f   Strings.obj
 0001:000013ad       ?CopyString@@YAPADPBD@Z    004023ad f   Strings.obj
 0001:000013ed       ?CopyString@@YAPADPBDPAVCMemoryChain@@@Z 004023ed f   Strings.obj
 0001:00001421       ??2CStringItem@@SAPAXIPBD@Z 00402421 f   Strings.obj
 0001:0000146a       ??2CStringItem@@SAPAXIPBDPAVCMemoryChain@@@Z 0040246a f   Strings.obj
 0001:000014a7       ?Find@CStringList@@IAEPAVCStringItem@@PBDPAPAV2@@Z 004024a7 f   Strings.obj
 0001:000014e3       ?Find@CStringList@@IAEPAVCStringItem@@H@Z 004024e3 f   Strings.obj
 0001:000014fc       ?IndexOf@CStringList@@QAEHPBD@Z 004024fc f   Strings.obj
 0001:00001529       ?Remove@CStringList@@QAE_NPAVCStringItem@@@Z 00402529 f   Strings.obj
 0001:00001555       ?Free@CStringList@@QAEXXZ  00402555 f   Strings.obj
 0001:0000156e       ?appMillisecondsf@@YANXZ   0040256e f   CoreWin32.obj
 0001:000015a7       ?appMilliseconds@@YAIXZ    004025a7 f   CoreWin32.obj
 0001:000015dc       ?cpuid@@YAXI@Z             004025dc f   CoreWin32.obj
 0001:000015ff       ?appInitPlatform@@YAXXZ    004025ff f   CoreWin32.obj
 0001:00001892       ?appShutdownPlatform@@YAXXZ 00402892 f   CoreWin32.obj
 0001:0000189b       ?osAddressInfo@@YA_NIPADHPAH@Z 0040289b f   DbgSymbolsWin32.obj
 0001:0000192f       ?osModuleInfo@@YA_NIPADHPAH@Z 0040292f f   DbgSymbolsWin32.obj
 0001:00001ad7       ?win32ExceptFilter@@YAHPAU_EXCEPTION_POINTERS@@@Z 00402ad7 f   ExceptFilterWin32.obj
 0001:0000200b       ?win32ExceptFilter2@@YAHXZ 0040300b f   ExceptFilterWin32.obj
 0001:00002017       ?SCR_StopCinematic@@YAXXZ  00403017 f   cl_cin.obj
 0001:000020ab       ?SCR_DrawCinematic@@YA_NXZ 004030ab f   cl_cin.obj
 0001:0000250c       ?SCR_PlayCinematic@@YAXPAD@Z 0040350c f   cl_cin.obj
 0001:0000287c       ?CL_Download_f@@YAX_NHPAPAD@Z 0040387c f   cl_download.obj
 0001:00002c2d       ?CL_ParseDownload@@YAXXZ   00403c2d f   cl_download.obj
 0001:0000343a       ?CL_Precache_f@@YAXHPAPAD@Z 0040443a f   cl_download.obj
 0001:00003498       ?CL_ParseDelta@@YAXPAUclEntityState_t@@0HI_N@Z 00404498 f   cl_ents.obj
 0001:00003618       ?CL_ParseFrame@@YAXXZ      00404618 f   cl_ents.obj
 0001:00003cc7       ?CL_AddEntityBox@@YAXPAUclEntityState_t@@I@Z 00404cc7 f   cl_ents.obj
 0001:00003dcb       ?Lerp@@YAXABUCVec3@@0MAAU1@@Z 00404dcb f i cl_ents.obj
 0001:00003e02       ?CL_OffsetThirdPersonView@@YAXXZ 00404e02 f   cl_ents.obj
 0001:00003eea       ?CL_AddEntities@@YAXXZ     00404eea f   cl_ents.obj
 0001:00004e1f       ?CL_ClearLightStyles@@YAXXZ 00405e1f f   cl_fx.obj
 0001:00004ea1       ?CL_SetLightstyle@@YAXHPBD@Z 00405ea1 f   cl_fx.obj
 0001:00004f02       ?CL_AllocDlight@@YAPAUcdlight_t@@HABUCVec3@@@Z 00405f02 f   cl_fx.obj
 0001:00004f6b       ?CL_AllocParticleTrace@@YAPAUparticleTrace_t@@ABUCVec3@@0MM@Z 00405f6b f   cl_fx.obj
 0001:00004ffa       ?CL_AllocParticleBeam@@YAPAUbeam_t@@ABUCVec3@@0MM@Z 00405ffa f   cl_fx.obj
 0001:0000506e       ?CL_AllocParticle@@YAPAUparticle_t@@XZ 0040606e f   cl_fx.obj
 0001:000050c1       ?CL_MetalSparks@@YAXABUCVec3@@0H@Z 004060c1 f   cl_fx.obj
 0001:000051ae       ?CL_AddEffects@@YAXXZ      004061ae f   cl_fx.obj
 0001:00005892       ?CL_ClearEffects@@YAXXZ    00406892 f   cl_fx.obj
 0001:00005914       ?CL_EntityEvent@@YAXPAUclEntityState_t@@@Z 00406914 f   cl_fx.obj
 0001:00005aef       ?CL_ParseMuzzleFlash@@YAXXZ 00406aef f   cl_fx.obj
 0001:00005e6c       ?CL_ParseMuzzleFlash2@@YAXXZ 00406e6c f   cl_fx.obj
 0001:000062f0       ?CL_ParticleEffect@@YAXABUCVec3@@0HH@Z 004072f0 f   cl_fx.obj
 0001:0000649a       ?CL_ParticleEffect2@@YAXABUCVec3@@0HH@Z 0040749a f   cl_fx.obj
 0001:000064c2       ?CL_ParticleEffect3@@YAXABUCVec3@@0HH@Z 004074c2 f   cl_fx.obj
 0001:000064ea       ?CL_TeleporterParticles@@YAXPAUclEntityState_t@@@Z 004074ea f   cl_fx.obj
 0001:00006509       ?CL_LogoutEffect@@YAXABUCVec3@@H@Z 00407509 f   cl_fx.obj
 0001:0000653f       ?CL_ItemRespawnParticles@@YAXABUCVec3@@@Z 0040753f f   cl_fx.obj
 0001:0000655a       ?CL_ExplosionParticles@@YAXABUCVec3@@@Z 0040755a f   cl_fx.obj
 0001:00006578       ?CL_BFGExplosionParticles@@YAXABUCVec3@@@Z 00407578 f   cl_fx.obj
 0001:00006596       ?CL_TrackerExplosionParticles@@YAXABUCVec3@@@Z 00407596 f   cl_fx.obj
 0001:000065b4       ?CL_BlasterParticles@@YAXABUCVec3@@0I@Z 004075b4 f   cl_fx.obj
 0001:000065da       ?CL_BlasterTrail@@YAXAAUcentity_t@@@Z 004075da f   cl_fx.obj
 0001:000066dd       ?CL_BlasterTrail2@@YAXAAUcentity_t@@@Z 004076dd f   cl_fx.obj
 0001:000066f0       ?CL_FlagTrail@@YAXAAUcentity_t@@H@Z 004076f0 f   cl_fx.obj
 0001:0000670c       ?CL_RocketTrail@@YAXAAUcentity_t@@@Z 0040770c f   cl_fx.obj
 0001:0000674b       ?CL_BubbleTrail@@YAXABUCVec3@@0@Z 0040774b f   cl_fx.obj
 0001:000067e5       ?CL_BubbleTrail2@@YAXABUCVec3@@0@Z 004077e5 f   cl_fx.obj
 0001:000067fd       ?CL_TagTrail@@YAXAAUcentity_t@@@Z 004077fd f   cl_fx.obj
 0001:00006810       ?CL_DebugTrail@@YAXABUCVec3@@0@Z 00407810 f   cl_fx.obj
 0001:00006828       ?CL_ForceWall@@YAXABUCVec3@@0H@Z 00407828 f   cl_fx.obj
 0001:00006849       ?CL_BigTeleportParticles@@YAXABUCVec3@@@Z 00407849 f   cl_fx.obj
 0001:0000697b       ?CL_BfgParticles@@YAXABUCVec3@@@Z 0040797b f   cl_fx.obj
 0001:00006ae3       ?CL_FlyEffect@@YAXAAUcentity_t@@@Z 00407ae3 f   cl_fx.obj
 0001:00006c6f       ?CL_DiminishingTrail@@YAXAAUcentity_t@@H@Z 00407c6f f   cl_fx.obj
 0001:00006dc9       ?CL_RailTrail@@YAXABUCVec3@@0@Z 00407dc9 f   cl_fx.obj
 0001:00006f30       ?CL_RailTrailExt@@YAXABUCVec3@@0EE@Z 00407f30 f   cl_fx.obj
 0001:00007075       ?CL_IonripperTrail@@YAXAAUcentity_t@@@Z 00408075 f   cl_fx.obj
 0001:000071c4       ?CL_TrapParticles@@YAXABUCVec3@@@Z 004081c4 f   cl_fx.obj
 0001:00007358       ?CL_TeleportParticles@@YAXABUCVec3@@@Z 00408358 f   cl_fx.obj
 0001:0000748e       ?CL_Heatbeam@@YAXABUCVec3@@0@Z 0040848e f   cl_fx.obj
 0001:00007736       ?CL_ParticleSteamEffect@@YAXABUCVec3@@0HHH@Z 00408736 f   cl_fx.obj
 0001:00007862       ?CL_ParticleSmokeEffect@@YAXABUCVec3@@0@Z 00408862 f   cl_fx.obj
 0001:0000796d       ?CL_TrackerTrail@@YAXAAUcentity_t@@@Z 0040896d f   cl_fx.obj
 0001:00007aeb       ?CL_TrackerShell@@YAXABUCVec3@@@Z 00408aeb f   cl_fx.obj
 0001:00007b77       ?CL_MonsterPlasmaShell@@YAXABUCVec3@@@Z 00408b77 f   cl_fx.obj
 0001:00007c00       ?CL_WidowSplash@@YAXABUCVec3@@@Z 00408c00 f   cl_fx.obj
 0001:00007cd1       ?IN_CenterView@@YAXXZ      00408cd1 f   cl_input.obj
 0001:00007cf2       ?CL_InitInput@@YAXXZ       00408cf2 f   cl_input.obj
 0001:0000828e       ?CL_SendCmd@@YAXXZ         0040928e f   cl_input.obj
 0001:00008970       ?CL_WriteDemoMessage@@YAXXZ 00409970 f   cl_main.obj
 0001:000089b2       ?Cmd_ForwardToServer@@YAXHPAPAD@Z 004099b2 f   cl_main.obj
 0001:00008a75       ?CL_ForwardToServer_f@@YAXHPAPAD@Z 00409a75 f   cl_main.obj
 0001:00008abd       ?CL_Pause@@YAX_N@Z         00409abd f   cl_main.obj
 0001:00008aff       ?CL_Quit_f@@YAXXZ          00409aff f   cl_main.obj
 0001:00008b09       ?CL_Drop@@YAX_N@Z          00409b09 f   cl_main.obj
 0001:00008b30       ?CL_SendConnectPacket@@YAXXZ 00409b30 f   cl_main.obj
 0001:00008be5       ?CL_CheckForResend@@YAXXZ  00409be5 f   cl_main.obj
 0001:00008cea       ?CL_Connect_f@@YAX_NHPAPAD@Z 00409cea f   cl_main.obj
 0001:00008d6d       ?CL_Rcon_f@@YAXHPAPAD@Z    00409d6d f   cl_main.obj
 0001:00008e75       ?CL_Disconnect@@YAXXZ      00409e75 f   cl_main.obj
 0001:00009017       ?CL_Disconnect_f@@YAXXZ    0040a017 f   cl_main.obj
 0001:00009021       ?CL_Changing_f@@YAXXZ      0040a021 f   cl_main.obj
 0001:00009045       ?CL_Reconnect_f@@YAXXZ     0040a045 f   cl_main.obj
 0001:000090e1       ?CL_PingServers_f@@YAXXZ   0040a0e1 f   cl_main.obj
 0001:0000924c       ?CL_Skins_f@@YAXXZ         0040a24c f   cl_main.obj
 0001:0000955f       ?CL_ConnectionlessPacket@@YAXXZ 0040a55f f   cl_main.obj
 0001:0000965f       ?CL_ReadPackets@@YAXXZ     0040a65f f   cl_main.obj
 0001:000097a2       ?CL_Userinfo_f@@YAXXZ      0040a7a2 f   cl_main.obj
 0001:000097ba       ?CL_RegisterSounds@@YAXXZ  0040a7ba f   cl_main.obj
 0001:000097f9       ?CL_Snd_Restart_f@@YAXXZ   0040a7f9 f   cl_main.obj
 0001:00009808       ?CL_WriteConfiguration@@YAXPBD@Z 0040a808 f   cl_main.obj
 0001:000098c3       ?CL_WriteConfig_f@@YAX_NHPAPAD@Z 0040a8c3 f   cl_main.obj
 0001:00009922       ?CL_FixCvarCheats@@YAXXZ   0040a922 f   cl_main.obj
 0001:0000997c       ?CL_Frame@@YAXMM@Z         0040a97c f   cl_main.obj
 0001:00009b7c       ?CL_ClearState@@YAXXZ      0040ab7c f   cl_main.obj
 0001:00009bba       ?CL_Init@@YAXXZ            0040abba f   cl_main.obj
 0001:0000a091       ?CL_Shutdown@@YAX_N@Z      0040b091 f   cl_main.obj
 0001:0000a0e6       ?CL_ParseClientinfo@@YAXH@Z 0040b0e6 f   cl_parse.obj
 0001:0000a15d       ?CL_ParseServerMessage@@YAXXZ 0040b15d f   cl_parse.obj
 0001:0000a929       ?FreePlayerModelsInfo@@YAXXZ 0040b929 f   cl_playermodel.obj
 0001:0000a94f       ?ScanQuake3Models@@YAXPBD@Z 0040b94f f   cl_playermodel.obj
 0001:0000aace       ?ScanPlayerModels@@YA_NXZ  0040bace f   cl_playermodel.obj
 0001:0000ad4b       ?CL_IsFemaleModel@@YA_NPBD@Z 0040bd4b f   cl_playermodel.obj
 0001:0000aede       ?RunAnimation@@YAXAAUclientInfo_t@@AAUanimState_t@@H@Z 0040bede f   cl_playermodel.obj
 0001:0000b0a5       ?CL_LoadClientinfo@@YAXAAUclientInfo_t@@PBD_N@Z 0040c0a5 f   cl_playermodel.obj
 0001:0000bae9       ?ParsePlayerEntity@@YAHAAUcentity_t@@AAUclientInfo_t@@PAUclEntityState_t@@ABUentity_t@@PAU4@HH@Z 0040cae9 f   cl_playermodel.obj
 0001:0000c636       ?CL_CheckPredictionError@@YAXXZ 0040d636 f   cl_pred.obj
 0001:0000c7cc       ?CL_EntityTrace@@YAXAAUtrace_t@@ABUCVec3@@1ABUCBox@@H@Z 0040d7cc f   cl_pred.obj
 0001:0000cb65       ?CL_Trace@@YAXAAUtrace_t@@ABUCVec3@@1ABUCBox@@H@Z 0040db65 f   cl_pred.obj
 0001:0000cbe1       ?CL_PMpointcontents@@YAHABUCVec3@@@Z 0040dbe1 f   cl_pred.obj
 0001:0000cd6d       ?CL_PredictMovement@@YAXXZ 0040dd6d f   cl_pred.obj
 0001:0000d11d       ?DrawString@@YAXHHPBD@Z    0040e11d f   cl_scrn.obj
 0001:0000d162       ?SCR_DebugGraph@@YAXMH@Z   0040e162 f   cl_scrn.obj
 0001:0000d18a       ?SCR_CenterPrint@@YAXPAD@Z 0040e18a f   cl_scrn.obj
 0001:0000d28e       ?Key_Message@@YAXH@Z       0040e28e f   cl_scrn.obj
 0001:0000d32a       ?SCR_SetLevelshot@@YAXPBD@Z 0040e32a f   cl_scrn.obj
 0001:0000d41d       ?SCR_BeginLoadingPlaque@@YAXXZ 0040e41d f   cl_scrn.obj
 0001:0000d4a2       ?SCR_EndLoadingPlaque@@YAX_N@Z 0040e4a2 f   cl_scrn.obj
 0001:0000d527       ?SCR_ShowConsole@@YAX_N0@Z 0040e527 f   cl_scrn.obj
 0001:0000d5fd       ?SCR_ToggleConsole@@YAXXZ  0040e5fd f   cl_scrn.obj
 0001:0000d625       ?SCR_TouchPics@@YAXXZ      0040e625 f   cl_scrn.obj
 0001:0000d684       ?SCR_UpdateScreen@@YAXXZ   0040e684 f   cl_scrn.obj
 0001:0000e8f7       ?SCR_Init@@YAXXZ           0040f8f7 f   cl_scrn.obj
 0001:0000ec71       ?CL_RegisterTEntSounds@@YAXXZ 0040fc71 f   cl_tent.obj
 0001:0000eeb6       ?CL_RegisterTEntModels@@YAXXZ 0040feb6 f   cl_tent.obj
 0001:0000f003       ?CL_ClearTEnts@@YAXXZ      00410003 f   cl_tent.obj
 0001:0000f034       ?CL_SmokeAndFlash@@YAXABUCVec3@@@Z 00410034 f   cl_tent.obj
 0001:0000f1ca       ?CL_ParsePlayerBeam@@YAHPAVCRenderModel@@@Z 004101ca f   cl_tent.obj
 0001:0000f2d5       ?CL_ParseLightning@@YAHPAVCRenderModel@@@Z 004102d5 f   cl_tent.obj
 0001:0000f397       ?CL_ParseWidow@@YAXXZ      00410397 f   cl_tent.obj
 0001:0000f4cd       ?CL_ParseNuke@@YAXXZ       004104cd f   cl_tent.obj
 0001:0000f5e0       ?CL_ParseTEnt@@YAXXZ       004105e0 f   cl_tent.obj
 0001:0001039f       ?CL_AddBeams@@YAXXZ        0041139f f   cl_tent.obj
 0001:000105a1       ?CL_AddPlayerBeams@@YAXXZ  004115a1 f   cl_tent.obj
 0001:00010ba8       ?CL_AddTEnts@@YAXXZ        00411ba8 f   cl_tent.obj
 0001:00010da8       ?V_AddEntity@@YAXPAUentity_t@@@Z 00411da8 f   cl_view.obj
 0001:00010de3       ?V_AddEntity2@@YAXPAUentity_t@@@Z 00411de3 f   cl_view.obj
 0001:00010e12       ?AddEntityWithEffects2@@YAXPAUentity_t@@I@Z 00411e12 f   cl_view.obj
 0001:00010ece       ?AddEntityWithEffects@@YAXPAUentity_t@@I@Z 00411ece f   cl_view.obj
 0001:00010eed       ?V_AddLight@@YAXABUCVec3@@MMMM@Z 00411eed f   cl_view.obj
 0001:00010f32       ?V_TestEntities@@YAXXZ     00411f32 f   cl_view.obj
 0001:0001105f       ?V_TestLights@@YAXXZ       0041205f f   cl_view.obj
 0001:00011135       ?V_InitRenderer@@YAXXZ     00412135 f   cl_view.obj
 0001:000114fa       ?CalcFov@@YAMMMM@Z         004124fa f   cl_view.obj
 0001:00011568       ?V_RenderView@@YA_NXZ      00412568 f   cl_view.obj
 0001:000121b4       ?V_Init@@YAXXZ             004131b4 f   cl_view.obj
 0001:00012263       ?Con_ClearNotify@@YAXXZ    00413263 f   console.obj
 0001:00012272       ?Con_CheckResize@@YAXXZ    00413272 f   console.obj
 0001:00012399       ?Con_Print@@YAXPBD@Z       00413399 f   console.obj
 0001:00012691       ?Con_DrawNotify@@YAX_N@Z   00413691 f   console.obj
 0001:000127a9       ?Con_DrawConsole@@YAXM@Z   004137a9 f   console.obj
 0001:00012b80       ?Con_ClearTyping@@YAXXZ    00413b80 f   console.obj
 0001:00012b99       ?Key_Console@@YAXHH@Z      00413b99 f   console.obj
 0001:00012fe1       ?Con_Init@@YAXXZ           00413fe1 f   console.obj
 0001:0001315d       ?Key_KeynumToString@@YAPBDH@Z 0041415d f   keys.obj
 0001:0001321d       ?Draw@completeMenu_t@@UAEXXZ 0041421d f i keys.obj
 0001:0001324e       ?KeyDown@completeMenu_t@@UAEPBDH@Z 0041424e f i keys.obj
 0001:00013277       ?Init@completeMenu_t@@UAE_NXZ 00414277 f i keys.obj
 0001:0001339e       ?CompleteMenuCallback@completeMenu_t@@SAXPAX@Z 0041439e f i keys.obj
 0001:0001342c       ?CompleteCommand@@YAXXZ    0041442c f   keys.obj
 0001:00013b61       ?Key_SetBinding@@YAXHPBD@Z 00414b61 f   keys.obj
 0001:00013b9f       ?Key_FindBinding@@YAHPBDPAHH@Z 00414b9f f   keys.obj
 0001:00013bed       ?Key_WriteBindings@@YAXPAU_iobuf@@@Z 00414bed f   keys.obj
 0001:00013c35       ?Key_Init@@YAXXZ           00414c35 f   keys.obj
 0001:00013f19       ?Key_Event@@YAXH_N@Z       00414f19 f   keys.obj
 0001:00014272       ?Key_ClearStates@@YAXXZ    00415272 f   keys.obj
 0001:000142a7       ?M_ForceMenuOn@@YAXXZ      004152a7 f   menu.obj
 0001:000142c6       ?Draw@menuMain_t@@UAEXXZ   004152c6 f i menu.obj
 0001:000143f4       ?KeyDown@menuMain_t@@UAEPBDH@Z 004153f4 f i menu.obj
 0001:000144b0       ?Init@menuMain_t@@UAE_NXZ  004154b0 f i menu.obj
 0001:000144b8       ?M_Menu_Main_f@@YAXXZ      004154b8 f   menu.obj
 0001:000144d2       ?Init@multiplayerMenu_t@@UAE_NXZ 004154d2 f i menu.obj
 0001:000145f6       ?Init@keysMenu_t@@UAE_NXZ  004155f6 f i menu.obj
 0001:000147db       ?KeyCursorDrawFunc@keysMenu_t@@SAXPAUmenuFramework_t@@@Z 004157db f i menu.obj
 0001:0001481b       ?DrawKeyBindingFunc@keysMenu_t@@SAXPAX@Z 0041581b f i menu.obj
 0001:000148e2       ?KeyDown@keysMenu_t@@UAEPBDH@Z 004158e2 f i menu.obj
 0001:0001498f       ?UnbindCommand@keysMenu_t@@QAEXPAD@Z 0041598f f i menu.obj
 0001:000149d4       ?KeyBindingFunc@keysMenu_t@@QAEXPAX@Z 004159d4 f i menu.obj
 0001:00014a33       ?Init@optionsMenu_t@@UAE_NXZ 00415a33 f i menu.obj
 0001:00014e91       ?CrosshairFunc@optionsMenu_t@@SAXPAX@Z 00415e91 f i menu.obj
 0001:00014eb9       ?JoystickFunc@optionsMenu_t@@SAXPAX@Z 00415eb9 f i menu.obj
 0001:00014ece       ?AlwaysRunFunc@optionsMenu_t@@SAXPAX@Z 00415ece f i menu.obj
 0001:00014ee3       ?FreeLookFunc@optionsMenu_t@@SAXPAX@Z 00415ee3 f i menu.obj
 0001:00014ef8       ?MouseSpeedFunc@optionsMenu_t@@SAXPAX@Z 00415ef8 f i menu.obj
 0001:00014f15       ?InvertMouseFunc@optionsMenu_t@@SAXPAX@Z 00415f15 f i menu.obj
 0001:00014f30       ?LookspringFunc@optionsMenu_t@@SAXPAX@Z 00415f30 f i menu.obj
 0001:00014f4c       ?LookstrafeFunc@optionsMenu_t@@SAXPAX@Z 00415f4c f i menu.obj
 0001:00014f68       ?UpdateVolumeFunc@optionsMenu_t@@SAXPAX@Z 00415f68 f i menu.obj
 0001:00014f85       ?UpdateCDVolumeFunc@optionsMenu_t@@SAXPAX@Z 00415f85 f i menu.obj
 0001:00014f9f       ?SetMenuItemValues@optionsMenu_t@@SAXXZ 00415f9f f i menu.obj
 0001:0001517d       ?ResetDefaultsFunc@optionsMenu_t@@SAXPAX@Z 0041617d f i menu.obj
 0001:00015192       ?UpdateSoundFunc@optionsMenu_t@@SAXPAX@Z 00416192 f i menu.obj
 0001:00015395       ?ScanCrosshairs@optionsMenu_t@@SAXXZ 00416395 f i menu.obj
 0001:000153f2       ?Draw@optionsMenu_t@@UAEXXZ 004163f2 f i menu.obj
 0001:00015457       ?Draw@creditsMenu_t@@UAEXXZ 00416457 f i menu.obj
 0001:000154fe       ?KeyDown@creditsMenu_t@@UAEPBDH@Z 004164fe f i menu.obj
 0001:00015539       ?Init@creditsMenu_t@@UAE_NXZ 00416539 f i menu.obj
 0001:00015601       ?Init@gameMenu_t@@UAE_NXZ  00416601 f i menu.obj
 0001:0001578c       ?EasyGameFunc@gameMenu_t@@SAXPAX@Z 0041678c f i menu.obj
 0001:00015798       ?StartGame@gameMenu_t@@SAXPBD@Z 00416798 f i menu.obj
 0001:000157eb       ?MediumGameFunc@gameMenu_t@@SAXPAX@Z 004167eb f i menu.obj
 0001:000157f7       ?HardGameFunc@gameMenu_t@@SAXPAX@Z 004167f7 f i menu.obj
 0001:00015813       ?Init@savegameMenu_t@@UAE_NXZ 00416813 f i menu.obj
 0001:00015923       ?Create_Savestrings@savegameMenu_t@@QAEXXZ 00416923 f i menu.obj
 0001:000159de       ?LoadGameCallback@savegameMenu_t@@SAXPAX@Z 004169de f i menu.obj
 0001:00015a07       ?SaveGameCallback@savegameMenu_t@@SAXPAX@Z 00416a07 f i menu.obj
 0001:00015a26       ?Draw@savegameMenu_t@@UAEXXZ 00416a26 f i menu.obj
 0001:00015a41       ?DrawSavegameShot@savegameMenu_t@@QAEXHH@Z 00416a41 f i menu.obj
 0001:00015b26       ?Init@joinserverMenu_t@@UAE_NXZ 00416b26 f i menu.obj
 0001:00015c4f       ?JoinServerFunc@joinserverMenu_t@@SAXPAX@Z 00416c4f f i menu.obj
 0001:00015cb1       ?SearchLocalGames@joinserverMenu_t@@SAXXZ 00416cb1 f i menu.obj
 0001:00015d1c       ?M_AddToServerList@@YAXUnetadr_t@@PAD@Z 00416d1c f   menu.obj
 0001:00015d9f       ?Init@startserverMenu_t@@UAE_NXZ 00416d9f f i menu.obj
 0001:00016241       ?DMOptionsFunc@startserverMenu_t@@SAXPAX@Z 00417241 f i menu.obj
 0001:00016251       ?RulesChangeFunc@startserverMenu_t@@SAXPAX@Z 00417251 f i menu.obj
 0001:000162cb       ?StartServerActionFunc@startserverMenu_t@@SAXPAX@Z 004172cb f i menu.obj
 0001:000162f6       ?StartServerFunc@startserverMenu_t@@SAXPAD@Z 004172f6 f i menu.obj
 0001:0001652d       ?KeyDown@startserverMenu_t@@UAEPBDH@Z 0041752d f i menu.obj
 0001:0001658a       ?Init@dmoptionsMenu_t@@UAE_NXZ 0041758a f i menu.obj
 0001:00016b69       ?DMFlagCallback@dmoptionsMenu_t@@SAXPAX@Z 00417b69 f i menu.obj
 0001:00016d44       ?Init@downloadOptionsMenu_t@@UAE_NXZ 00417d44 f i menu.obj
 0001:00016f0f       ?DownloadCallback@downloadOptionsMenu_t@@SAXPAX@Z 00417f0f f i menu.obj
 0001:00016f7a       ?Init@addressBookMenu_t@@UAE_NXZ 00417f7a f i menu.obj
 0001:00017022       ?KeyDown@addressBookMenu_t@@UAEPBDH@Z 00418022 f i menu.obj
 0001:0001707f       ?Init@playerConfigMenu_t@@UAE_NXZ 0041807f f i menu.obj
 0001:000175c6       ?HandednessCallback@playerConfigMenu_t@@SAXPAX@Z 004185c6 f i menu.obj
 0001:000175db       ?RTypeCallback@playerConfigMenu_t@@SAXPAX@Z 004185db f i menu.obj
 0001:000175f0       ?RColorCallback@playerConfigMenu_t@@SAXPAX@Z 004185f0 f i menu.obj
 0001:00017605       ?RateCallback@playerConfigMenu_t@@SAXPAX@Z 00418605 f i menu.obj
 0001:00017628       ?ModelCallback@playerConfigMenu_t@@SAXPAX@Z 00418628 f i menu.obj
 0001:0001765c       ?SkinCallback@playerConfigMenu_t@@SAXPAX@Z 0041865c f i menu.obj
 0001:00017664       ?Draw@playerConfigMenu_t@@UAEXXZ 00418664 f i menu.obj
 0001:0001793c       ?KeyDown@playerConfigMenu_t@@UAEPBDH@Z 0041893c f i menu.obj
 0001:00017a1b       ?Init@dmbrowseMenu_t@@UAE_NXZ 00418a1b f i menu.obj
 0001:00017c21       ?KeyDown@dmbrowseMenu_t@@UAEPBDH@Z 00418c21 f i menu.obj
 0001:00017de5       ?Draw@dmbrowseMenu_t@@UAEXXZ 00418de5 f i menu.obj
 0001:00017f2a       ?DrawThumbnail@dmbrowseMenu_t@@SAXHHHHPAD_N@Z 00418f2a f i menu.obj
 0001:00018011       ?Init@videoMenu_t@@UAE_NXZ 00419011 f i menu.obj
 0001:000185ca       ?ScreenSizeCallback@videoMenu_t@@SAXPAX@Z 004195ca f i menu.obj
 0001:000185e8       ?BrightnessCallback@videoMenu_t@@SAXPAX@Z 004195e8 f i menu.obj
 0001:00018606       ?ContrastCallback@videoMenu_t@@SAXPAX@Z 00419606 f i menu.obj
 0001:0001863f       ?CancelChanges@videoMenu_t@@SAXPAX@Z 0041963f f i menu.obj
 0001:00018660       ?KeyDown@videoMenu_t@@UAEPBDH@Z 00419660 f i menu.obj
 0001:000186a7       ?ApplyChanges@videoMenu_t@@SAXPAX@Z 004196a7 f i menu.obj
 0001:0001885e       ?KeyDown@quitMenu_t@@UAEPBDH@Z 0041985e f i menu.obj
 0001:00018896       ?Draw@quitMenu_t@@UAEXXZ   00419896 f i menu.obj
 0001:00018906       ?M_Init@@YAXXZ             00419906 f   menu.obj
 0001:00018ae8       ?ItemAtCursor@menuFramework_t@@QAEPAUmenuCommon_t@@XZ 00419ae8 f   qmenu.obj
 0001:00018b3c       ?AddItem@menuFramework_t@@QAEXPAUmenuCommon_t@@@Z 00419b3c f   qmenu.obj
 0001:00018bf8       ?AdjustCursor@menuFramework_t@@QAEXH@Z 00419bf8 f   qmenu.obj
 0001:00018d67       ?Center@menuFramework_t@@QAEXXZ 00419d67 f   qmenu.obj
 0001:00018da8       ?Draw@menuFramework_t@@UAEXXZ 00419da8 f   qmenu.obj
 0001:00019360       ?SelectItem@menuFramework_t@@QAE_NXZ 0041a360 f   qmenu.obj
 0001:000193be       ?SetStatusBar@menuFramework_t@@QAEXPBD@Z 0041a3be f   qmenu.obj
 0001:000193c8       ?SlideItem@menuFramework_t@@QAEXH@Z 0041a3c8 f   qmenu.obj
 0001:00019945       ?Push@menuFramework_t@@QAEXXZ 0041a945 f   qmenu.obj
 0001:000199cd       ?M_ForceMenuOff@@YAXXZ     0041a9cd f   qmenu.obj
 0001:000199fa       ?Pop@menuFramework_t@@QAEXXZ 0041a9fa f   qmenu.obj
 0001:00019a34       ?KeyDown@menuFramework_t@@UAEPBDH@Z 0041aa34 f   qmenu.obj
 0001:00019ca8       ?Init@menuFramework_t@@UAE_NXZ 0041aca8 f   qmenu.obj
 0001:00019cab       ?M_Draw@@YAXXZ             0041acab f   qmenu.obj
 0001:00019ce6       ?M_Keydown@@YAXH@Z         0041ace6 f   qmenu.obj
 0001:00019d05       ?InitRendererVars@@YAXXZ   0041ad05 f   ref_vars.obj
 0001:00019d24       ?S_SoundInfo_f@@YAXXZ      0041ad24 f   snd_dma.obj
 0001:00019dae       ?S_Init@@YAXXZ             0041adae f   snd_dma.obj
 0001:00019e80       ?S_Shutdown@@YAXXZ         0041ae80 f   snd_dma.obj
 0001:00019f13       ?S_BeginRegistration@@YAXXZ 0041af13 f   snd_dma.obj
 0001:00019f21       ?S_RegisterSound@@YAPAUsfx_t@@PBD@Z 0041af21 f   snd_dma.obj
 0001:0001a0b7       ?S_EndRegistration@@YAXXZ  0041b0b7 f   snd_dma.obj
 0001:0001a14f       ?S_PickChannel@@YAPAUchannel_t@@HH@Z 0041b14f f   snd_dma.obj
 0001:0001a1dc       ?S_Spatialize@@YAXPAUchannel_t@@@Z 0041b1dc f   snd_dma.obj
 0001:0001a3bc       ?S_AllocPlaysound@@YAPAUplaysound_t@@XZ 0041b3bc f   snd_dma.obj
 0001:0001a3de       ?S_FreePlaysound@@YAXPAUplaysound_t@@@Z 0041b3de f   snd_dma.obj
 0001:0001a40e       ?S_IssuePlaysound@@YAXPAUplaysound_t@@@Z 0041b40e f   snd_dma.obj
 0001:0001a4db       ?S_StartSound@@YAXPBUCVec3@@HHPAUsfx_t@@MMM@Z 0041b4db f   snd_dma.obj
 0001:0001a8f6       ?S_StartLocalSound@@YAXPBD@Z 0041b8f6 f   snd_dma.obj
 0001:0001a945       ?S_ClearBuffer@@YAXXZ      0041b945 f   snd_dma.obj
 0001:0001a9ae       ?S_StopAllSounds_f@@YAXXZ  0041b9ae f   snd_dma.obj
 0001:0001aa1e       ?S_AddLoopSounds@@YAXXZ    0041ba1e f   snd_dma.obj
 0001:0001abf4       ?S_RawSamples@@YAXHHHHPAE@Z 0041bbf4 f   snd_dma.obj
 0001:0001adf8       ?S_Update@@YAXABUCVec3@@0@Z 0041bdf8 f   snd_dma.obj
 0001:0001aedb       ?GetSoundtime@@YAXXZ       0041bedb f   snd_dma.obj
 0001:0001af42       ?S_Update_@@YAXXZ          0041bf42 f   snd_dma.obj
 0001:0001b1f5       ?ResampleSfx@@YAXPAUsfx_t@@HHPAE@Z 0041c1f5 f   snd_mem.obj
 0001:0001b310       ?S_LoadSound@@YAPAUsfxcache_t@@PAUsfx_t@@@Z 0041c310 f   snd_mem.obj
 0001:0001b448       ?GetWavinfo@@YA?AUwavinfo_t@@PADPAEH@Z 0041c448 f   snd_mem.obj
 0001:0001b68a       ?S_WriteLinearBlastStereo16@@YAXXZ 0041c68a f   snd_mix.obj
 0001:0001b6fe       ?S_TransferStereo16@@YAXPAKH@Z 0041c6fe f   snd_mix.obj
 0001:0001b767       ?S_TransferPaintBuffer@@YAXH@Z 0041c767 f   snd_mix.obj
 0001:0001b8cb       ?S_PaintChannels@@YAXH@Z   0041c8cb f   snd_mix.obj
 0001:0001bb47       ?S_InitScaletable@@YAXXZ   0041cb47 f   snd_mix.obj
 0001:0001bd08       ?SV_ComputeAnimation@@YAXPAUplayer_state_t@@AAUentityStateEx_t@@PAU2@PAUedict_s@@@Z 0041cd08 f   sv_anim.obj
 0001:0001c105       ?SV_WipeSavegame@@YAXPAD@Z 0041d105 f   sv_ccmds.obj
 0001:0001c133       ?SV_CopySaveGame@@YAXPAD0@Z 0041d133 f   sv_ccmds.obj
 0001:0001c188       ?SV_WriteLevelFile@@YAXXZ  0041d188 f   sv_ccmds.obj
 0001:0001c236       ?SV_ReadLevelFile@@YAXXZ   0041d236 f   sv_ccmds.obj
 0001:0001c2e4       ?SV_WriteServerFile@@YAX_NPAD@Z 0041d2e4 f   sv_ccmds.obj
 0001:0001c520       ?SV_ReadServerFile@@YAXXZ  0041d520 f   sv_ccmds.obj
 0001:0001c645       ?SV_AddressBanned@@YA_NPAUnetadr_t@@@Z 0041d645 f   sv_ccmds.obj
 0001:0001c686       ?SV_InitOperatorCommands@@YAXXZ 0041d686 f   sv_ccmds.obj
 0001:0001d68b       ?SV_WriteFrameToClient@@YAXPAUclient_t@@PAVsizebuf_t@@@Z 0041e68b f   sv_ents.obj
 0001:0001ddd6       ?SV_RecordDemoMessage@@YAXXZ 0041edd6 f   sv_ents.obj
 0001:0001e9be       ?SV_InitGameLibrary@@YAX_N@Z 0041f9be f   sv_game.obj
 0001:0001eb04       ?SV_ShutdownGameLibrary@@YAXXZ 0041fb04 f   sv_game.obj
 0001:0001ec61       ?SV_FindIndex@@YAHPADHH_N@Z 0041fc61 f   sv_init.obj
 0001:0001ed6e       ?SV_ModelIndex@@YAHPAD@Z   0041fd6e f   sv_init.obj
 0001:0001ed84       ?SV_SoundIndex@@YAHPAD@Z   0041fd84 f   sv_init.obj
 0001:0001ed9d       ?SV_ImageIndex@@YAHPAD@Z   0041fd9d f   sv_init.obj
 0001:0001edb6       ?SV_CreateBaseline@@YAXXZ  0041fdb6 f   sv_init.obj
 0001:0001ee33       ?SV_CheckForSavegame@@YAXXZ 0041fe33 f   sv_init.obj
 0001:0001eebb       ?SV_SpawnServer@@YAXPAD0W4server_state_t@@_N2@Z 0041febb f   sv_init.obj
 0001:0001f189       ?SV_InitGame@@YAXXZ        00420189 f   sv_init.obj
 0001:0001f3d3       ?SV_Map@@YAX_NPBD0@Z       004203d3 f   sv_init.obj
 0001:0001f59c       ?SV_DropClient@@YAXPAUclient_t@@PAD@Z 0042059c f   sv_main.obj
 0001:0001feab       ?SV_ConnectionlessPacket@@YAXXZ 00420eab f   sv_main.obj
 0001:0001ff76       ?SV_CalcPings@@YAXXZ       00420f76 f   sv_main.obj
 0001:0001fffd       ?SV_GiveMsec@@YAXXZ        00420ffd f   sv_main.obj
 0001:0002003c       ?SV_ReadPackets@@YAXXZ     0042103c f   sv_main.obj
 0001:00020184       ?SV_CheckTimeouts@@YAXXZ   00421184 f   sv_main.obj
 0001:00020295       ?SV_PostprocessFrame@@YAXXZ 00421295 f   sv_main.obj
 0001:00020753       ?SV_MulticastHook@@YAPAVsizebuf_t@@PAV1@0@Z 00421753 f   sv_main.obj
 0001:00020b43       ?SV_TraceHook@@YA?AUtrace_t@@ABUCVec3@@PBU2@10PAUedict_s@@H@Z 00421b43 f   sv_main.obj
 0001:00020ce1       ?SV_Frame@@YAXM@Z          00421ce1 f   sv_main.obj
 0001:00020f94       ?SV_UserinfoChanged@@YAXPAUclient_t@@@Z 00421f94 f   sv_main.obj
 0001:00021058       ?SV_Init@@YAXXZ            00422058 f   sv_main.obj
 0001:000210ba       ?SV_Shutdown@@YAXPBD_N@Z   004220ba f   sv_main.obj
 0001:000212c1       ?SV_BeginRedirect@@YAXXZ   004222c1 f   sv_send.obj
 0001:0002136b       ?SV_ClientPrintf@@YAXPAUclient_t@@HPBDZZ 0042236b f   sv_send.obj
 0001:000213c6       ?SV_BroadcastPrintf@@YAXHPBDZZ 004223c6 f   sv_send.obj
 0001:0002149c       ?SV_BroadcastCommand@@YAXPBDZZ 0042249c f   sv_send.obj
 0001:000214f4       ?SV_Multicast@@YAXABUCVec3@@W4multicast_t@@_N@Z 004224f4 f   sv_send.obj
 0001:0002171a       ?SV_MulticastOld@@YAXABUCVec3@@W4multicast_t@@@Z 0042271a f   sv_send.obj
 0001:0002172d       ?SV_MulticastNew@@YAXABUCVec3@@W4multicast_t@@@Z 0042272d f   sv_send.obj
 0001:00021740       ?SV_StartSound@@YAXPBUCVec3@@PAUedict_s@@HHMMM_N@Z 00422740 f   sv_send.obj
 0001:00021a0d       ?SV_StartSoundOld@@YAXPBUCVec3@@PAUedict_s@@HHMMM@Z 00422a0d f   sv_send.obj
 0001:00021a3d       ?SV_StartSoundNew@@YAXPBUCVec3@@PAUedict_s@@HHMMM@Z 00422a3d f   sv_send.obj
 0001:00021a6d       ?SV_SendClientDatagram@@YA_NPAUclient_t@@@Z 00422a6d f   sv_send.obj
 0001:00021b2f       ?SV_DemoCompleted@@YAXXZ   00422b2f f   sv_send.obj
 0001:00021b4b       ?SV_RateDrop@@YA_NPAUclient_t@@@Z 00422b4b f   sv_send.obj
 0001:00021b95       ?SV_SendClientMessages@@YAXXZ 00422b95 f   sv_send.obj
 0001:00021cd8       ?SV_ClearTexts@@YAXXZ      00422cd8 f   sv_text.obj
 0001:00021ce0       ?SV_DrawTexts@@YAXXZ       00422ce0 f   sv_text.obj
 0001:00021e95       ?SV_DrawText3D@@YAXABUCVec3@@PBDI@Z 00422e95 f   sv_text.obj
 0001:00021eac       ?SV_TokenizeString@@YAXPBD@Z 00422eac f   sv_tokenize.obj
 0001:00021f83       ?SV_Argc@@YAHXZ            00422f83 f   sv_tokenize.obj
 0001:00021f89       ?SV_Argv@@YAPADH@Z         00422f89 f   sv_tokenize.obj
 0001:00021fa3       ?SV_Args@@YAPADXZ          00422fa3 f   sv_tokenize.obj
 0001:00022838       ?SV_Nextserver@@YAXXZ      00423838 f   sv_user.obj
 0001:000228c7       ?SV_ExecuteUserCommand@@YAXPAD@Z 004238c7 f   sv_user.obj
 0001:00022989       ?SV_ClientThink@@YAXPAUclient_t@@PAUusercmd_t@@@Z 00423989 f   sv_user.obj
 0001:000229cc       ?SV_ExecuteClientMessage@@YAXPAUclient_t@@@Z 004239cc f   sv_user.obj
 0001:00022bea       ?SV_ClearWorld@@YAXXZ      00423bea f   sv_world.obj
 0001:00022d25       ?SV_UnlinkEdict@@YAXPAUedict_s@@@Z 00423d25 f   sv_world.obj
 0001:00022de8       ?SV_LinkEdict@@YAXPAUedict_s@@@Z 00423de8 f   sv_world.obj
 0001:000233d3       ?SV_AreaEdicts@@YAHABUCVec3@@0PAPAUedict_s@@HH@Z 004243d3 f   sv_world.obj
 0001:00023584       ?SV_PointContents@@YAHABUCVec3@@@Z 00424584 f   sv_world.obj
 0001:000236ab       ?SV_Trace@@YAXAAUtrace_t@@ABUCVec3@@1ABUCBox@@PAUedict_s@@H@Z 004246ab f   sv_world.obj
 0001:00023b2a       ?InitByteDirs@@YAXXZ       00424b2a f   anorms.obj
 0001:00023b69       ?Cbuf_AddText@@YAXPBD@Z    00424b69 f   cmd.obj
 0001:00023bcb       ?Cbuf_CopyToDefer@@YAXXZ   00424bcb f   cmd.obj
 0001:00023c13       ?Cbuf_InsertFromDefer@@YAXXZ 00424c13 f   cmd.obj
 0001:00023ccc       ?Cbuf_Execute@@YAXXZ       00424ccc f   cmd.obj
 0001:00023dd2       ?Cmd_Unalias_f@@YAX_NHPAPAD@Z 00424dd2 f   cmd.obj
 0001:00023e48       ?Cmd_WriteAliases@@YAXPAU_iobuf@@@Z 00424e48 f   cmd.obj
 0001:00023e79       ?RegisterCommand@@YA_NPBDP6AXXZH@Z 00424e79 f   cmd.obj
 0001:00023f32       ?UnregisterCommand@@YA_NPBD@Z 00424f32 f   cmd.obj
 0001:00023fc3       ?Cmd_ExecuteString@@YA_NPBD@Z 00424fc3 f   cmd.obj
 0001:00024416       ?ExecuteCommand@@YA_NPBDPBUCSimpleCommand@@H@Z 00425416 f   cmd.obj
 0001:000244ee       ?Cmd_Init@@YAXXZ           004254ee f   cmd.obj
 0001:00024840       ?CM_LoadMap@@YAPAUcmodel_t@@PBD_NPAI@Z 00425840 f   cmodel.obj
 0001:00024f71       ?SetSignbits@cplane_t@@QAEXXZ 00425f71 f i cmodel.obj
 0001:00024fa5       ?SetType@cplane_t@@QAEXXZ  00425fa5 f i cmodel.obj
 0001:00025161       ?CM_InlineModel@@YAPAUcmodel_t@@PBD@Z 00426161 f   cmodel.obj
 0001:000251a2       ?CM_NumClusters@@YAHXZ     004261a2 f   cmodel.obj
 0001:000251a8       ?CM_NumInlineModels@@YAHXZ 004261a8 f   cmodel.obj
 0001:000251ae       ?CM_EntityString@@YAPBDXZ  004261ae f   cmodel.obj
 0001:000251b4       ?CM_LeafContents@@YAHH@Z   004261b4 f   cmodel.obj
 0001:000251db       ?CM_LeafCluster@@YAHH@Z    004261db f   cmodel.obj
 0001:00025251       ?CM_LeafArea@@YAHH@Z       00426251 f   cmodel.obj
 0001:00025414       ?CM_HeadnodeForBox@@YAHABUCBox@@@Z 00426414 f   cmodel.obj
 0001:000254c9       ?CM_PointLeafnum@@YAHABUCVec3@@H@Z 004264c9 f   cmodel.obj
 0001:0002556c       ?DistanceTo@cplane_t@@QAEMABUCVec3@@@Z 0042656c f i cmodel.obj
 0001:000255b0       ?CM_PointContents@@YAHABUCVec3@@H@Z 004265b0 f   cmodel.obj
 0001:00025625       ?CM_TransformedPointContents@@YAHABUCVec3@@H00@Z 00426625 f   cmodel.obj
 0001:00025706       ?CM_TransformedPointContents@@YAHABUCVec3@@H0ABUCAxis@@@Z 00426706 f   cmodel.obj
 0001:000257b1       ?CM_BoxLeafnums@@YAHABUCBox@@PAHH1H@Z 004267b1 f   cmodel.obj
 0001:000258ba       ?BOX_ON_PLANE_SIDE@@YAHABUCBox@@ABUcplane_t@@@Z 004268ba f i cmodel.obj
 0001:00025924       ?CM_BoxTrace@@YAXAAUtrace_t@@ABUCVec3@@1ABUCBox@@HH@Z 00426924 f   cmodel.obj
 0001:000262c6       ?CM_TransformedBoxTrace@@YAXAAUtrace_t@@ABUCVec3@@1ABUCBox@@HH11@Z 004272c6 f   cmodel.obj
 0001:00026443       ?CM_TransformedBoxTrace@@YAXAAUtrace_t@@ABUCVec3@@1ABUCBox@@HH1ABUCAxis@@@Z 00427443 f   cmodel.obj
 0001:00026500       ?CM_BrushTrace@@YAHABUCVec3@@0PAHH@Z 00427500 f   cmodel.obj
 0001:00026912       ?CM_RefineBrushTrace@@YAHABUCVec3@@0PAHH@Z 00427912 f   cmodel.obj
 0001:000269b8       ?CM_ClusterPVS@@YAPAEH@Z   004279b8 f   cmodel.obj
 0001:00026afc       ?CM_ClusterPHS@@YAPAEH@Z   00427afc f   cmodel.obj
 0001:00026c5f       ?CM_SetAreaPortalState@@YAXH_N@Z 00427c5f f   cmodel.obj
 0001:00026c84       ?CM_AreasConnected@@YA_NHH@Z 00427c84 f   cmodel.obj
 0001:00026cc8       ?CM_WriteAreaBits@@YAHPAEH@Z 00427cc8 f   cmodel.obj
 0001:00026d6a       ?CM_WritePortalState@@YAXPAU_iobuf@@@Z 00427d6a f   cmodel.obj
 0001:00026d84       ?CM_ReadPortalState@@YAXPAU_iobuf@@@Z 00427d84 f   cmodel.obj
 0001:00026da2       ?CM_HeadnodeVisible@@YA_NHPBE@Z 00427da2 f   cmodel.obj
 0001:00026e7d       ?Com_BeginRedirect@@YAXPADHP6AX0@Z@Z 00427e7d f   common.obj
 0001:00026eaa       ?Com_EndRedirect@@YAXXZ    00427eaa f   common.obj
 0001:00026ec9       ?Com_Printf@@YAXPBDZZ      00427ec9 f   common.obj
 0001:000270c1       ?Com_DPrintf@@YAXPBDZZ     004280c1 f   common.obj
 0001:0002713a       ?DebugPrintf@@YAXPBDZZ     0042813a f   common.obj
 0001:000271e4       ?Com_WPrintf@@YAXPBDZZ     004281e4 f   common.obj
 0001:0002723e       ?Com_Quit@@YAXXZ           0042823e f   common.obj
 0001:0002725e       ?IPWildcard@@YA_NPAUnetadr_t@@PAD@Z 0042825e f   common.obj
 0001:00027338       ?Com_ServerState@@YA?AW4server_state_t@@XZ 00428338 f   common.obj
 0001:0002733e       ?Com_SetServerState@@YAXW4server_state_t@@@Z 0042833e f   common.obj
 0001:00027348       ?frand@@YAMXZ              00428348 f   common.obj
 0001:00027360       ?crand@@YAMXZ              00428360 f   common.obj
 0001:0002737e       ?Info_ValueForKey@@YAPBDPBD0@Z 0042837e f   common.obj
 0001:000273fd       ?Info_SetValueForKey@@YAXPADPBD1@Z 004283fd f   common.obj
 0001:00027560       ?Info_Print@@YAXPBD@Z      00428560 f   common.obj
 0001:000275e6       ?Com_CheckCmdlineVar@@YA_NPBD@Z 004285e6 f   common.obj
 0001:0002763c       ?Com_Init@@YAXPBD@Z        0042863c f   common.obj
 0001:00027a05       ?Com_Frame@@YAXM@Z         00428a05 f   common.obj
 0001:00027d43       ?Com_Shutdown@@YAXXZ       00428d43 f   common.obj
 0001:00027d5c       ?Com_BlockSequenceCRCByte@@YAEPAEHH@Z 00428d5c f   crc.obj
 0001:00027e12       ?Cvar_VariableValue@@YAMPBD@Z 00428e12 f   cvar.obj
 0001:00027e80       ?Cvar_VariableInt@@YAHPBD@Z 00428e80 f   cvar.obj
 0001:00027e93       ?Cvar_VariableString@@YAPBDPBD@Z 00428e93 f   cvar.obj
 0001:00027eab       ?Cvar_Get@@YAPAUcvar_t@@PBD0H@Z 00428eab f   cvar.obj
 0001:00028162       ?Cvar_GetVars@@YAXPBUcvarInfo_t@@H@Z 00429162 f   cvar.obj
 0001:0002820c       ?Cvar_FullSet@@YAXPAUcvar_t@@PBDI@Z 0042920c f   cvar.obj
 0001:0002823e       ?Cvar_FullSet@@YAPAUcvar_t@@PBD0I@Z 0042923e f   cvar.obj
 0001:0002827e       ?Cvar_SetValue@@YAPAUcvar_t@@PBDM@Z 0042927e f   cvar.obj
 0001:000284a4       ?Cvar_SetInteger@@YAPAUcvar_t@@PBDH@Z 004294a4 f   cvar.obj
 0001:000284c6       ?Cvar_Set@@YAPAUcvar_t@@PBD0@Z 004294c6 f   cvar.obj
 0001:000284db       ?Cvar_ForceSet@@YAPAUcvar_t@@PBD0@Z 004294db f   cvar.obj
 0001:000284f0       ?Cvar_Clamp@@YAMPAUcvar_t@@MM@Z 004294f0 f   cvar.obj
 0001:0002854e       ?Cvar_GetLatchedVars@@YAXXZ 0042954e f   cvar.obj
 0001:0002857d       ?Cvar_Command@@YA_NHPAPAD@Z 0042957d f   cvar.obj
 0001:00028616       ?IsDefault@cvar_t@@QAE_NXZ 00429616 f i cvar.obj
 0001:00028633       ?Cvar_WriteVariables@@YAXPAU_iobuf@@HHPBD@Z 00429633 f   cvar.obj
 0001:000286bb       ?Cvar_Userinfo@@YAPBDXZ    004296bb f   cvar.obj
 0001:00028716       ?Cvar_Serverinfo@@YAPBDXZ  00429716 f   cvar.obj
 0001:0002871f       ?Cvar_Cheats@@YAX_N@Z      0042971f f   cvar.obj
 0001:00028770       ?Cvar_Init@@YAXXZ          00429770 f   cvar.obj
 0001:00028f93       ?MSG_WriteDeltaEntity@@YAXPAVsizebuf_t@@PBUentityStateEx_t@@PAU2@_N33@Z 00429f93 f   entdelta.obj
 0001:0002954f       ?MSG_WriteRemoveEntity@@YAXPAVsizebuf_t@@H@Z 0042a54f f   entdelta.obj
 0001:0002958f       ?MSG_ReadEntityBits@@YAHPAVsizebuf_t@@PAIPA_N@Z 0042a58f f   entdelta.obj
 0001:00029600       ?MSG_ReadDeltaEntity@@YAXPAVsizebuf_t@@PBUentityStateEx_t@@PAU2@I@Z 0042a600 f   entdelta.obj
 0001:00029683       ?MSG_WriteDeltaUsercmd@@YAXPAVsizebuf_t@@PBUusercmd_t@@PAU2@@Z 0042a683 f   entdelta.obj
 0001:00029712       ?MSG_ReadDeltaUsercmd@@YAXPAVsizebuf_t@@PBUusercmd_t@@PAU2@@Z 0042a712 f   entdelta.obj
 0001:00029a15       ?MSG_WriteDeltaPlayerstate@@YAXPAVsizebuf_t@@PBUplayer_state_t@@PAU2@@Z 0042aa15 f   entdelta.obj
 0001:00029b1e       ?MSG_ReadDeltaPlayerstate@@YAXPAVsizebuf_t@@PBUplayer_state_t@@PAU2@@Z 0042ab1e f   entdelta.obj
 0001:00029bf2       ?FS_CreatePath@@YAXPBD@Z   0042abf2 f   files.obj
 0001:00029c58       ?FS_CopyFile@@YAXPBD0@Z    0042ac58 f   files.obj
 0001:00029d5b       ?FS_CopyFiles@@YAXPBD0@Z   0042ad5b f   files.obj
 0001:00029e34       ?FS_RemoveFiles@@YAXPBD@Z  0042ae34 f   files.obj
 0001:00029ea8       ?FS_FCloseFile@@YAXPAVQFILE@@@Z 0042aea8 f   files.obj
 0001:00029f46       ?FS_FOpenFile@@YAPAVQFILE@@PBDPAH@Z 0042af46 f   files.obj
 0001:0002a469       ?FS_FileExists@@YA_NPBD@Z  0042b469 f   files.obj
 0001:0002a682       ?FS_Read@@YAXPAXHPAVQFILE@@@Z 0042b682 f   files.obj
 0001:0002a8e6       ?FS_LoadFile@@YAPAXPBDPAI@Z 0042b8e6 f   files.obj
 0001:0002a93c       ?FS_FreeFile@@YAXPAX@Z     0042b93c f   files.obj
 0001:0002a947       ?FS_Gamedir@@YAPBDXZ       0042b947 f   files.obj
 0001:0002a95b       ?FS_LoadGameConfig@@YAXXZ  0042b95b f   files.obj
 0001:0002aa20       ?FS_SetGamedir@@YA_NPBD@Z  0042ba20 f   files.obj
 0001:0002b10b       ?FS_ListFiles@@YA?AV?$TList@VCStringItem@@@@PBDH@Z 0042c10b f   files.obj
 0001:0002b48d       ?FS_NextPath@@YAPADPBD@Z   0042c48d f   files.obj
 0001:0002b4b1       ?FS_InitFilesystem@@YAXXZ  0042c4b1 f   files.obj
 0001:0002be5d       ?LoadPCX@@YAXPBDAAPAE1AAH2@Z 0042ce5d f   images.obj
 0001:0002bf8c       ?LoadTGA@@YAXPBDAAPAEAAH2@Z 0042cf8c f   images.obj
 0001:0002c17b       ?LoadJPG@@YAXPBDAAPAEAAH2@Z 0042d17b f   images.obj
 0001:0002c408       ?ImageExists@@YAHPBDH@Z    0042d408 f   images.obj
 0001:0002c50f       ?WriteTGA@@YA_NPBDPAEHH@Z  0042d50f f   images.obj
 0001:0002c703       ?WriteJPG@@YA_NPBDPAEHH_N@Z 0042d703 f   images.obj
 0001:0002c834       ?MD4Init@@YAXPAUMD4_CTX@@@Z 0042d834 f   md4.obj
 0001:0002c85c       ?MD4Update@@YAXPAUMD4_CTX@@PAEI@Z 0042d85c f   md4.obj
 0001:0002c8fa       ?MD4Final@@YAXQAEPAUMD4_CTX@@@Z 0042d8fa f   md4.obj
 0001:0002cfeb       ?Com_BlockChecksum@@YAIPAXH@Z 0042dfeb f   md4.obj
 0001:0002d027       ?LoadQ2BspFile@@YAXXZ      0042e027 f   model.obj
 0001:0002d3dd       ?LoadBspFile@@YAPAUbspfile_t@@PBD_NPAI@Z 0042e3dd f   model.obj
 0001:0002d58b       ?ProcessEntstring@@YAPADPAD@Z 0042e58b f   model.obj
 0001:0002e432       ?Init@sizebuf_t@@QAEXPAXH@Z 0042f432 f   msg.obj
 0001:0002e44d       ?Write@sizebuf_t@@QAEXPBXH@Z 0042f44d f   msg.obj
 0001:0002e4bd       ?MSG_WriteChar@@YAXPAVsizebuf_t@@H@Z 0042f4bd f   msg.obj
 0001:0002e4bd       ?MSG_WriteByte@@YAXPAVsizebuf_t@@H@Z 0042f4bd f   msg.obj
 0001:0002e4ce       ?MSG_WriteShort@@YAXPAVsizebuf_t@@H@Z 0042f4ce f   msg.obj
 0001:0002e4df       ?MSG_WriteFloat@@YAXPAVsizebuf_t@@M@Z 0042f4df f   msg.obj
 0001:0002e4df       ?MSG_WriteLong@@YAXPAVsizebuf_t@@H@Z 0042f4df f   msg.obj
 0001:0002e4f0       ?MSG_WriteString@@YAXPAVsizebuf_t@@PBD@Z 0042f4f0 f   msg.obj
 0001:0002e51a       ?MSG_WritePos@@YAXPAVsizebuf_t@@ABUCVec3@@@Z 0042f51a f   msg.obj
 0001:0002e57e       ?MSG_WriteAngle@@YAXPAVsizebuf_t@@M@Z 0042f57e f   msg.obj
 0001:0002e5a9       ?MSG_WriteAngle16@@YAXPAVsizebuf_t@@M@Z 0042f5a9 f   msg.obj
 0001:0002e5d4       ?MSG_WriteDir@@YAXPAVsizebuf_t@@ABUCVec3@@@Z 0042f5d4 f   msg.obj
 0001:0002e63c       ?MSG_ReadDir@@YAXPAVsizebuf_t@@AAUCVec3@@@Z 0042f63c f   msg.obj
 0001:0002e66d       ?MSG_ReadChar@@YAHPAVsizebuf_t@@@Z 0042f66d f   msg.obj
 0001:0002e68d       ?MSG_ReadByte@@YAHPAVsizebuf_t@@@Z 0042f68d f   msg.obj
 0001:0002e6ad       ?MSG_ReadShort@@YAHPAVsizebuf_t@@@Z 0042f6ad f   msg.obj
 0001:0002e6cd       ?MSG_ReadLong@@YAHPAVsizebuf_t@@@Z 0042f6cd f   msg.obj
 0001:0002e6ec       ?MSG_ReadString@@YAPADPAVsizebuf_t@@@Z 0042f6ec f   msg.obj
 0001:0002e71f       ?MSG_ReadPos@@YAXPAVsizebuf_t@@AAUCVec3@@@Z 0042f71f f   msg.obj
 0001:0002e771       ?MSG_ReadAngle@@YAMPAVsizebuf_t@@@Z 0042f771 f   msg.obj
 0001:0002e78b       ?MSG_ReadAngle16@@YAMPAVsizebuf_t@@@Z 0042f78b f   msg.obj
 0001:0002e7a5       ?MSG_ReadData@@YAXPAVsizebuf_t@@PAXH@Z 0042f7a5 f   msg.obj
 0001:0002e7c8       ?Netchan_Init@@YAXXZ       0042f7c8 f   net_chan.obj
 0001:0002e83c       ?Netchan_OutOfBandPrint@@YAXW4netsrc_t@@Unetadr_t@@PBDZZ 0042f83c f   net_chan.obj
 0001:0002e8c3       ?Setup@netchan_t@@QAEXW4netsrc_t@@Unetadr_t@@H@Z 0042f8c3 f   net_chan.obj
 0001:0002e91b       ?NeedReliable@netchan_t@@QAE_NXZ 0042f91b f   net_chan.obj
 0001:0002e940       ?Transmit@netchan_t@@QAEXPAXH@Z 0042f940 f   net_chan.obj
 0001:0002eadd       ?Process@netchan_t@@QAE_NPAVsizebuf_t@@@Z 0042fadd f   net_chan.obj
 0001:0002ec0b       ?Pmove@@YAXPAUpmove_t@@@Z  0042fc0b f   pmove.obj
 0001:000309a8       ?NormalizeColor@@YAMABUCVec3@@AAU1@@Z 004319a8 f   q_shared2.obj
 0001:00030a04       ?NormalizeColor255@@YAMABUCVec3@@AAU1@@Z 00431a04 f   q_shared2.obj
 0001:00030a64       ?appRsqrt@@YAMM@Z          00431a64 f   q_shared2.obj
 0001:00030a90       ?AngleVectors@@YAXABUCVec3@@PAU1@11@Z 00431a90 f   q_shared2.obj
 0001:00030bf1       ?MakeNormalVectors@@YAXABUCVec3@@AAU1@1@Z 00431bf1 f   q_shared2.obj
 0001:00030c60       ?Vec2Angles@@YAXABUCVec3@@AAU1@@Z 00431c60 f   q_shared2.obj
 0001:00030d63       ?Vec2Yaw@@YAMABUCVec3@@@Z  00431d63 f   q_shared2.obj
 0001:00030dd6       ?VectorLength@@YAMABUCVec3@@@Z 00431dd6 f   q_shared2.obj
 0001:00030e05       ?VectorDistance@@YAMABUCVec3@@0@Z 00431e05 f   q_shared2.obj
 0001:00030e36       ?LerpAngle@@YAMMMM@Z       00431e36 f   q_shared2.obj
 0001:00030e79       ?AngleMod@@YAMM@Z          00431e79 f   q_shared2.obj
 0001:00030ea5       ?AngleSubtract@@YAMMM@Z    00431ea5 f   q_shared2.obj
 0001:00030edc       ?AnglesSubtract@@YAXABUCVec3@@0AAU1@@Z 00431edc f   q_shared2.obj
 0001:00030f34       ?Normalize@CVec3@@QAEMXZ   00431f34 f   q_shared2.obj
 0001:00030f86       ?VectorNormalize@@YAMABUCVec3@@AAU1@@Z 00431f86 f   q_shared2.obj
 0001:00030fde       ?NormalizeFast@CVec3@@QAEMXZ 00431fde f   q_shared2.obj
 0001:0003102f       ?cross@@YAXABUCVec3@@0AAU1@@Z 0043202f f   q_shared2.obj
 0001:0003106a       ?Clear@CBox@@QAEXXZ        0043206a f   q_shared2.obj
 0001:00031088       ?Expand@CBox@@QAEXABUCVec3@@@Z 00432088 f   q_shared2.obj
 0001:000310b7       ?Expand@CBox@@QAEXABU1@@Z  004320b7 f   q_shared2.obj
 0001:000310f3       ?GetCenter@CBox@@QAEXAAUCVec3@@@Z 004320f3 f   q_shared2.obj
 0001:00031113       ?OnPlaneSide@CBox@@QBEHABUcplane_t@@@Z 00432113 f   q_shared2.obj
 0001:00031242       ?FromAngles@CAxis@@QAEXABUCVec3@@@Z 00432242 f   q_shared2.obj
 0001:00031281       ?TransformVector@CAxis@@QBEXABUCVec3@@AAU2@@Z 00432281 f   q_shared2.obj
 0001:000312d2       ?UnTransformVector@CAxis@@QBEXABUCVec3@@AAU2@@Z 004322d2 f   q_shared2.obj
 0001:00031336       ?TransformAxis@CAxis@@QBEXABU1@AAU1@@Z 00432336 f   q_shared2.obj
 0001:0003137c       ?UnTransformAxis@CAxis@@QBEXABU1@AAU1@@Z 0043237c f   q_shared2.obj
 0001:000313c2       ?TransformPoint@CCoords@@QBEXABUCVec3@@AAU2@@Z 004323c2 f   q_shared2.obj
 0001:00031420       ?UnTransformPoint@CCoords@@QBEXABUCVec3@@AAU2@@Z 00432420 f   q_shared2.obj
 0001:0003148d       ?UnTransformCoords@CCoords@@QBEXABU1@AAU1@@Z 0043248d f   q_shared2.obj
 0001:000314b7       ?TransformPlane@CCoords@@QBEXABUcplane_t@@AAU2@@Z 004324b7 f   q_shared2.obj
 0001:000314ef       ?TransformPoint@@YAXABUCVec3@@ABUCAxis@@0AAU1@@Z 004324ef f   q_shared2.obj
 0001:00031552       ?UnTransformPoint@@YAXABUCVec3@@ABUCAxis@@0AAU1@@Z 00432552 f   q_shared2.obj
 0001:000315c2       ?ShortSwap@@YAFF@Z         004325c2 f   q_shared2.obj
 0001:000315d7       ?COM_Parse@@YAPADAAPBD_N@Z 004325d7 f   q_shared2.obj
 0001:000316fb       ?COM_QuoteString@@YAPBDPBD_N@Z 004326fb f   q_shared2.obj
 0001:00031756       ?Com_PageInMemory@@YAXPAXH@Z 00432756 f   q_shared2.obj
 0001:00031775       ?Zip_OpenArchive@@YAPAU_iobuf@@PBD@Z 00432775 f   zip.obj
 0001:000317e0       ?Zip_CloseArchive@@YAXPAU_iobuf@@@Z 004327e0 f   zip.obj
 0001:000317ec       ?Zip_EnumArchive@@YA_NPAU_iobuf@@P6A_NPAUzipFile_t@@@Z@Z 004327ec f   zip.obj
 0001:000319c9       ?Zip_OpenFile@@YAPAUZFILE@@PAU_iobuf@@PAUzipFile_t@@@Z 004329c9 f   zip.obj
 0001:00031aad       ?Zip_ReadFile@@YAHPAUZFILE@@PAXH@Z 00432aad f   zip.obj
 0001:00031ba3       ?Zip_CloseFile@@YA_NPAUZFILE@@@Z 00432ba3 f   zip.obj
 0001:00031be7       ?Zip_OpenBuf@@YAPAUZBUF@@PAXH@Z 00432be7 f   zip.obj
 0001:00031c25       ?Zip_ReadBuf@@YAHPAUZBUF@@PAXH@Z 00432c25 f   zip.obj
 0001:00031c6d       ?Zip_CloseBuf@@YAXPAUZBUF@@@Z 00432c6d f   zip.obj
 0001:00031c82       _zcalloc                   00432c82 f   zip.obj
 0001:00031c96       _zcfree                    00432c96 f   zip.obj
 0001:00031ca1       ?CDAudio_Play2@@YAXH_N@Z   00432ca1 f   cd_win.obj
 0001:00031e80       ?CDAudio_Play@@YAXH_N@Z    00432e80 f   cd_win.obj
 0001:00031e97       ?CDAudio_Stop@@YAXXZ       00432e97 f   cd_win.obj
 0001:00031edc       ?CDAudio_Pause@@YAXXZ      00432edc f   cd_win.obj
 0001:00031f35       ?CDAudio_Resume@@YAXXZ     00432f35 f   cd_win.obj
 0001:00031fa4       ?CDAudio_Update@@YAXXZ     00432fa4 f   cd_win.obj
 0001:00031fd8       ?CDAudio_Init@@YAHXZ       00432fd8 f   cd_win.obj
 0001:0003243a       ?CDAudio_Shutdown@@YAXXZ   0043343a f   cd_win.obj
 0001:0003246d       ?CDAudio_Activate@@YAX_N@Z 0043346d f   cd_win.obj
 0001:0003247e       ?IN_Commands@@YAXXZ        0043347e f   in_win.obj
 0001:000325a6       ?IN_Init@@YAXXZ            004335a6 f   in_win.obj
 0001:000329e5       ?IN_Shutdown@@YAXXZ        004339e5 f   in_win.obj
 0001:00032c34       ?IN_Move@@YAXPAUusercmd_t@@@Z 00433c34 f   in_win.obj
 0001:00033211       ?IN_Activate@@YAX_N@Z      00434211 f   in_win.obj
 0001:0003321b       ?IN_Frame@@YAXXZ           0043421b f   in_win.obj
 0001:00033583       ?NetadrToSockadr@@YAXPAUnetadr_t@@PAUsockaddr@@@Z 00434583 f   net_wins.obj
 0001:00033608       ?SockadrToNetadr@@YAXPAUsockaddr@@PAUnetadr_t@@@Z 00434608 f   net_wins.obj
 0001:00033658       ?NET_CompareAdr@@YA_NPAUnetadr_t@@0@Z 00434658 f   net_wins.obj
 0001:000336ae       ?NET_CompareBaseAdr@@YA_NPAUnetadr_t@@0@Z 004346ae f   net_wins.obj
 0001:000336f9       ?NET_AdrToString@@YAPADPAUnetadr_t@@@Z 004346f9 f   net_wins.obj
 0001:000337b2       ?NET_StringToAdr@@YA_NPBDPAUnetadr_t@@@Z 004347b2 f   net_wins.obj
 0001:00033a3c       ?NET_IsLocalAddress@@YA_NPAUnetadr_t@@@Z 00434a3c f   net_wins.obj
 0001:00033a48       ?NET_GetLoopPacket@@YA_NW4netsrc_t@@PAUnetadr_t@@PAVsizebuf_t@@@Z 00434a48 f   net_wins.obj
 0001:00033ad3       ?NET_SendLoopPacket@@YAXW4netsrc_t@@HPAXUnetadr_t@@@Z 00434ad3 f   net_wins.obj
 0001:00033b28       ?NET_GetPacket@@YA_NW4netsrc_t@@PAUnetadr_t@@PAVsizebuf_t@@@Z 00434b28 f   net_wins.obj
 0001:00033c45       ?NET_SendPacket@@YAXW4netsrc_t@@HPAXUnetadr_t@@@Z 00434c45 f   net_wins.obj
 0001:00033d16       ?NET_Config@@YAX_N@Z       00434d16 f   net_wins.obj
 0001:0003408b       ?NET_Init@@YAXXZ           0043508b f   net_wins.obj
 0001:00034145       ?Sys_Mkdir@@YAXPAD@Z       00435145 f   fs_win.obj
 0001:00034151       ?Sys_FindFirst@@YAPBDPBDH@Z 00435151 f   fs_win.obj
 0001:0003420b       ?Sys_FindNext@@YAPBDXZ     0043520b f   fs_win.obj
 0001:00034275       ?Sys_FindClose@@YAXXZ      00435275 f   fs_win.obj
 0001:0003428f       ?Sys_FileExists@@YA_NPBDH@Z 0043528f f   fs_win.obj
 0001:000342ad       ?SNDDMA_Init@@YA_NXZ       004352ad f   snd_win.obj
 0001:000348ec       ?SNDDMA_GetDMAPos@@YAHXZ   004358ec f   snd_win.obj
 0001:00034936       ?SNDDMA_BeginPainting@@YAXXZ 00435936 f   snd_win.obj
 0001:00034a4e       ?SNDDMA_Submit@@YAXXZ      00435a4e f   snd_win.obj
 0001:00034a73       ?SNDDMA_Shutdown@@YAXXZ    00435a73 f   snd_win.obj
 0001:00034a78       ?S_Activate@@YAX_N@Z       00435a78 f   snd_win.obj
 0001:00034aa3       ?Sys_Quit@@YAXXZ           00435aa3 f   sys_win.obj
 0001:00034b5b       ?Sys_ConsoleInput@@YAPADXZ 00435b5b f   sys_win.obj
 0001:00034e16       ?Sys_ConsoleOutput@@YAXPBD@Z 00435e16 f   sys_win.obj
 0001:00034edd       ?Sys_SendKeyEvents@@YAXXZ  00435edd f   sys_win.obj
 0001:00034f95       ?Sys_UnloadGame@@YAXXZ     00435f95 f   sys_win.obj
 0001:00035010       ?Sys_GetGameAPI@@YAPAXPAX@Z 00436010 f   sys_win.obj
 0001:00035167       _WinMain@16                00436167 f   sys_win.obj
 0001:000353ed       ?AddMsgHook@@YAXP6A_NIIJ@Z@Z 004363ed f   vid_dll.obj
 0001:00035431       ?RemoveMsgHook@@YAXP6A_NIIJ@Z@Z 00436431 f   vid_dll.obj
 0001:00035460       ?Vid_CreateWindow@@YAPAXHH_N@Z 00436460 f   vid_dll.obj
 0001:00035b64       ?Vid_DestroyWindow@@YAX_N@Z 00436b64 f   vid_dll.obj
 0001:00035b9f       ?Vid_Restart@@YAXXZ        00436b9f f   vid_dll.obj
 0001:00035bab       ?Vid_GetModeInfo@@YA_NPAH0H@Z 00436bab f   vid_dll.obj
 0001:00035bdb       ?Vid_Tick@@YAXXZ           00436bdb f   vid_dll.obj
 0001:00035d8b       ?Vid_Init@@YAXXZ           00436d8b f   vid_dll.obj
 0001:00035e51       ?Vid_Shutdown@@YAXXZ       00436e51 f   vid_dll.obj
 0001:00035e70       ?Tesselate@surfacePlanar_t@OpenGLDrv@@UAEXAAUrefEntity_t@2@@Z 00436e70 f   gl_backend.obj
 0001:0003684c       ?Negate@CVec3@@QAEXXZ      0043784c f i gl_backend.obj
 0001:0003817b       ?Tesselate@surfacePoly_t@OpenGLDrv@@UAEXAAUrefEntity_t@2@@Z 0043917b f   gl_backend.obj
 0001:00038282       ?Tesselate@surfaceMd3_t@OpenGLDrv@@UAEXAAUrefEntity_t@2@@Z 00439282 f   gl_backend.obj
 0001:0003866c       ?DrawTriangles@OpenGLDrv@@YA_NXZ 0043966c f   gl_backend.obj
 0001:00038781       ?DrawNormals@OpenGLDrv@@YA_NXZ 00439781 f   gl_backend.obj
 0001:0003888b       ?Tesselate@surfaceEntity_t@OpenGLDrv@@UAEXAAUrefEntity_t@2@@Z 0043988b f   gl_backend.obj
 0001:0003896f       ?Tesselate@surfaceParticle_t@OpenGLDrv@@UAEXAAUrefEntity_t@2@@Z 0043996f f   gl_backend.obj
 0001:00038bbf       ?BK_DrawScene@OpenGLDrv@@YAXXZ 00439bbf f   gl_backend.obj
 0001:000391e6       ?BK_DrawPic@OpenGLDrv@@YAXPAVshader_t@1@HHHHMMMMIE@Z 0043a1e6 f   gl_backend.obj
 0001:000393c7       ?BK_DrawText@OpenGLDrv@@YAXPBDHHHHHI@Z 0043a3c7 f   gl_backend.obj
 0001:000395b2       ?BK_BeginFrame@OpenGLDrv@@YAXXZ 0043a5b2 f   gl_backend.obj
 0001:0003964b       ?BK_EndFrame@OpenGLDrv@@YAXXZ 0043a64b f   gl_backend.obj
 0001:0003968a       ?BK_Init@OpenGLDrv@@YAXXZ  0043a68a f   gl_backend.obj
 0001:000396b9       ?BK_Shutdown@OpenGLDrv@@YAXXZ 0043a6b9 f   gl_backend.obj
 0001:000396d1       ?AllocDynamicMemory@OpenGLDrv@@YAPAXH@Z 0043a6d1 f   gl_buffers.obj
 0001:0003973c       ?ResizeDynamicMemory@OpenGLDrv@@YAXPAXH@Z 0043a73c f   gl_buffers.obj
 0001:0003977e       ?AddSurfaceToPortal@OpenGLDrv@@YAXPAVsurfaceBase_t@1@PAVshader_t@1@HH@Z 0043a77e f   gl_buffers.obj
 0001:000397ef       ?InsertShaderIndex@OpenGLDrv@@YAXH@Z 0043a7ef f   gl_buffers.obj
 0001:00039828       ?ClearPortal@OpenGLDrv@@YAXXZ 0043a828 f   gl_buffers.obj
 0001:00039846       ?SortSurfaces@OpenGLDrv@@YAXPAUviewPortal_t@1@PAPAUsurfaceInfo_t@1@@Z 0043a846 f   gl_buffers.obj
 0001:000399d8       ?ClearBuffers@OpenGLDrv@@YAXXZ 0043a9d8 f   gl_buffers.obj
 0001:000399ef       ?CreateBuffers@OpenGLDrv@@YAXXZ 0043a9ef f   gl_buffers.obj
 0001:00039a15       ?FreeBuffers@OpenGLDrv@@YAXXZ 0043aa15 f   gl_buffers.obj
 0001:00039a39       ?InitEntity@model_t@OpenGLDrv@@UAEXPAUentity_t@@PAUrefEntity_t@2@@Z 0043aa39 f   gl_frontend.obj
 0001:00039a3c       ?AddSurfaces@model_t@OpenGLDrv@@UAEXPAUrefEntity_t@2@@Z 0043aa3c f   gl_frontend.obj
 0001:00039a6a       ?GetLeaf@model_t@OpenGLDrv@@UAEPAUnode_t@2@PAUrefEntity_t@2@@Z 0043aa6a f   gl_frontend.obj
 0001:00039a7b       ?DrawLabel@model_t@OpenGLDrv@@UAEXPAUrefEntity_t@2@@Z 0043aa7b f   gl_frontend.obj
 0001:00039a7e       ?InitEntity@inlineModel_t@OpenGLDrv@@UAEXPAUentity_t@@PAUrefEntity_t@2@@Z 0043aa7e f   gl_frontend.obj
 0001:00039ace       ?AddSurfaces@inlineModel_t@OpenGLDrv@@UAEXPAUrefEntity_t@2@@Z 0043aace f   gl_frontend.obj
 0001:00039fac       ?GetLeaf@inlineModel_t@OpenGLDrv@@UAEPAUnode_t@2@PAUrefEntity_t@2@@Z 0043afac f   gl_frontend.obj
 0001:0003a151       ?DrawLabel@inlineModel_t@OpenGLDrv@@UAEXPAUrefEntity_t@2@@Z 0043b151 f   gl_frontend.obj
 0001:0003a197       ?InitEntity@md3Model_t@OpenGLDrv@@UAEXPAUentity_t@@PAUrefEntity_t@2@@Z 0043b197 f   gl_frontend.obj
 0001:0003a366       ?AddSurfaces@md3Model_t@OpenGLDrv@@UAEXPAUrefEntity_t@2@@Z 0043b366 f   gl_frontend.obj
 0001:0003a4a0       ?GetLeaf@md3Model_t@OpenGLDrv@@UAEPAUnode_t@2@PAUrefEntity_t@2@@Z 0043b4a0 f   gl_frontend.obj
 0001:0003a4d8       ?DrawLabel@md3Model_t@OpenGLDrv@@UAEXPAUrefEntity_t@2@@Z 0043b4d8 f   gl_frontend.obj
 0001:0003a53e       ?InitEntity@sprModel_t@OpenGLDrv@@UAEXPAUentity_t@@PAUrefEntity_t@2@@Z 0043b53e f   gl_frontend.obj
 0001:0003a55c       ?AddSurfaces@sprModel_t@OpenGLDrv@@UAEXPAUrefEntity_t@2@@Z 0043b55c f   gl_frontend.obj
 0001:0003a6df       ?GetLeaf@sprModel_t@OpenGLDrv@@UAEPAUnode_t@2@PAUrefEntity_t@2@@Z 0043b6df f   gl_frontend.obj
 0001:0003a7c0       ?AddEntity@OpenGLDrv@@YAXPAUentity_t@@@Z 0043b7c0 f   gl_frontend.obj
 0001:0003a94c       ?AddDlight@OpenGLDrv@@YAXPAUdlight_t@@@Z 0043b94c f   gl_frontend.obj
 0001:0003ab04       ?DrawPortal@OpenGLDrv@@YAXXZ 0043bb04 f   gl_frontend.obj
 0001:0003caa8       ?GL_TextureMode@OpenGLDrv@@YAXPBD@Z 0043daa8 f   gl_image.obj
 0001:0003cb50       ?CreateImage@OpenGLDrv@@YAPAVimage_t@1@PBDPAXHHI@Z 0043db50 f   gl_image.obj
 0001:0003d841       ?LoadDelayedImages@OpenGLDrv@@YAXXZ 0043e841 f   gl_image.obj
 0001:0003d8d4       ?DrawStretchRaw8@OpenGLDrv@@YAXHHHHHHPAEPAI@Z 0043e8d4 f   gl_image.obj
 0001:0003dca3       ?SetupGamma@OpenGLDrv@@YAXXZ 0043eca3 f   gl_image.obj
 0001:0003dde9       ?PerformScreenshot@OpenGLDrv@@YAXXZ 0043ede9 f   gl_image.obj
 0001:0003e076       ?InitImages@OpenGLDrv@@YAXXZ 0043f076 f   gl_image.obj
 0001:0003e847       ?ShutdownImages@OpenGLDrv@@YAXXZ 0043f847 f   gl_image.obj
 0001:0003e8ae       ?ShowImages@OpenGLDrv@@YAXXZ 0043f8ae f   gl_image.obj
 0001:0003eb36       ?FindImage@OpenGLDrv@@YAPAVimage_t@1@PBDI@Z 0043fb36 f   gl_image.obj
 0001:0003ee28       ?GL_Lock@OpenGLDrv@@YAXXZ  0043fe28 f   gl_interface.obj
 0001:0003eea0       ?GL_Unlock@OpenGLDrv@@YAXXZ 0043fea0 f   gl_interface.obj
 0001:0003f062       ?GL_Bind@OpenGLDrv@@YAXPBVimage_t@1@@Z 00440062 f   gl_interface.obj
 0001:0003f18c       ?GL_BindForce@OpenGLDrv@@YAXPBVimage_t@1@@Z 0044018c f   gl_interface.obj
 0001:0003f20a       ?GL_TexEnv@OpenGLDrv@@YAXI@Z 0044020a f   gl_interface.obj
 0001:0003f389       ?GL_TexMipBias@OpenGLDrv@@YAXM@Z 00440389 f   gl_interface.obj
 0001:0003f3e4       ?GL_TexEnvColor@OpenGLDrv@@YAXPBTcolor_t@@@Z 004403e4 f   gl_interface.obj
 0001:0003f494       ?GL_SelectTexture@OpenGLDrv@@YAXH@Z 00440494 f   gl_interface.obj
 0001:0003f4f5       ?GL_TexCoordPointer@OpenGLDrv@@YAXPAX@Z 004404f5 f   gl_interface.obj
 0001:0003f525       ?GL_SetMultitexture@OpenGLDrv@@YAXH@Z 00440525 f   gl_interface.obj
 0001:0003f60b       ?GL_DisableTexCoordArrays@OpenGLDrv@@YAXXZ 0044060b f   gl_interface.obj
 0001:0003f65f       ?GL_CullFace@OpenGLDrv@@YAXW4gl_cullMode_t@1@@Z 0044065f f   gl_interface.obj
 0001:0003f6b0       ?GL_DepthRange@OpenGLDrv@@YAXW4gl_depthMode_t@1@@Z 004406b0 f   gl_interface.obj
 0001:0003f6e3       ?GL_State@OpenGLDrv@@YAXI@Z 004406e3 f   gl_interface.obj
 0001:0003f833       ?GL_EnableFog@OpenGLDrv@@YAX_N@Z 00440833 f   gl_interface.obj
 0001:0003f92b       ?GL_SetDefaultState@OpenGLDrv@@YAXXZ 0044092b f   gl_interface.obj
 0001:0003fa87       ?GL_Set2DMode@OpenGLDrv@@YAXXZ 00440a87 f   gl_interface.obj
 0001:0003fb82       ?GL_Set3DMode@OpenGLDrv@@YAXPAUviewPortal_t@1@@Z 00440b82 f   gl_interface.obj
 0001:0003fc6a       ?ShowLights@OpenGLDrv@@YAXXZ 00440c6a f   gl_light.obj
 0001:00040053       ?LightForEntity@OpenGLDrv@@YAXPAUrefEntity_t@1@@Z 00441053 f   gl_light.obj
 0001:000412c7       ?DiffuseLight@OpenGLDrv@@YAXPATcolor_t@@M@Z 004422c7 f   gl_light.obj
 0001:00041503       ?InitLightGrid@OpenGLDrv@@YAXXZ 00442503 f   gl_light.obj
 0001:000415a9       ?PostLoadLights@OpenGLDrv@@YAXXZ 004425a9 f   gl_light.obj
 0001:00041839       ?LM_Init@OpenGLDrv@@YAXXZ  00442839 f   gl_lightmap.obj
 0001:0004184f       ?LM_Flush@OpenGLDrv@@YAXPAUlightmapBlock_t@1@@Z 0044284f f   gl_lightmap.obj
 0001:000418ac       ?LM_Done@OpenGLDrv@@YAXXZ  004428ac f   gl_lightmap.obj
 0001:000418d3       ?LM_Save@OpenGLDrv@@YAXPAUlightmapBlock_t@1@@Z 004428d3 f   gl_lightmap.obj
 0001:000418eb       ?LM_Restore@OpenGLDrv@@YAXPAUlightmapBlock_t@1@@Z 004428eb f   gl_lightmap.obj
 0001:00041903       ?LM_NewBlock@OpenGLDrv@@YAPAUlightmapBlock_t@1@XZ 00442903 f   gl_lightmap.obj
 0001:00041962       ?LM_Rewind@OpenGLDrv@@YAXXZ 00442962 f   gl_lightmap.obj
 0001:0004196a       ?LM_NextBlock@OpenGLDrv@@YAPAUlightmapBlock_t@1@XZ 0044296a f   gl_lightmap.obj
 0001:00041997       ?LM_CheckMinlight@OpenGLDrv@@YAXPAUdynamicLightmap_t@1@@Z 00442997 f   gl_lightmap.obj
 0001:00041a2d       ?LM_AllocBlock@OpenGLDrv@@YA_NPAUlightmapBlock_t@1@PAUdynamicLightmap_t@1@@Z 00442a2d f   gl_lightmap.obj
 0001:00041ae4       ?LM_PutBlock@OpenGLDrv@@YAXPAUdynamicLightmap_t@1@@Z 00442ae4 f   gl_lightmap.obj
 0001:00041f11       ?LM_SortLightStyles@OpenGLDrv@@YAXPAUdynamicLightmap_t@1@@Z 00442f11 f   gl_lightmap.obj
 0001:00041fa2       ?UpdateDynamicLightmap@OpenGLDrv@@YAXPAVsurfacePlanar_t@1@_NI@Z 00442fa2 f   gl_lightmap.obj
 0001:000424a4       ?LM_IsMonotone@OpenGLDrv@@YA_NPAUdynamicLightmap_t@1@PATcolor_t@@@Z 004434a4 f   gl_lightmap.obj
 0001:000425ab       ?Init@OpenGLDrv@@YA_NXZ    004435ab f   gl_main.obj
 0001:00042c05       ?Shutdown@OpenGLDrv@@YAX_N@Z 00443c05 f   gl_main.obj
 0001:00042c8e       ?GL_EnableRendering@OpenGLDrv@@YAX_N@Z 00443c8e f   gl_main.obj
 0001:00042ca9       ?BeginFrame@OpenGLDrv@@YAXN@Z 00443ca9 f   gl_main.obj
 0001:00042dd3       ?EndFrame@OpenGLDrv@@YAXXZ 00443dd3 f   gl_main.obj
 0001:00042deb       ?RenderFrame@OpenGLDrv@@YAXPAUrefdef_t@@@Z 00443deb f   gl_main.obj
 0001:00043624       ?Fill8@OpenGLDrv@@YAXHHHHH@Z 00444624 f   gl_main.obj
 0001:00043667       ?Fill@OpenGLDrv@@YAXHHHHI@Z 00444667 f   gl_main.obj
 0001:000436a3       ?TileClear@OpenGLDrv@@YAXHHHHPBD@Z 004446a3 f   gl_main.obj
 0001:0004375a       ?DrawStretchPic@OpenGLDrv@@YAXHHHHPBD@Z 0044475a f   gl_main.obj
 0001:000437d7       ?DrawDetailedPic@OpenGLDrv@@YAXHHHHPBD@Z 004447d7 f   gl_main.obj
 0001:0004387e       ?DrawPic@OpenGLDrv@@YAXHHPBDHH@Z 0044487e f   gl_main.obj
 0001:00043903       ?BeginRegistration@OpenGLDrv@@YAXPBD@Z 00444903 f   gl_main.obj
 0001:00043927       ?RegisterPic@OpenGLDrv@@YAPAVCBasicImage@@PBD@Z 00444927 f   gl_main.obj
 0001:00043935       ?RegisterSkin@OpenGLDrv@@YAPAVCBasicImage@@PBD_N@Z 00444935 f   gl_main.obj
 0001:00043953       ?RegisterModel@OpenGLDrv@@YAPAVCRenderModel@@PBD@Z 00444953 f   gl_main.obj
 0001:0004395e       ?SetSky@OpenGLDrv@@YAXPBDMABUCVec3@@@Z 0044495e f   gl_main.obj
 0001:00043a04       ?Screenshot@OpenGLDrv@@YAXHPBD@Z 00444a04 f   gl_main.obj
 0001:00043a27       ?GetClientLight@OpenGLDrv@@YAMXZ 00444a27 f   gl_main.obj
 0001:00043a2e       ?GetCaps@OpenGLDrv@@YAIXZ  00444a2e f   gl_main.obj
 0001:00043a34       ?InitFuncTables@OpenGLDrv@@YAXXZ 00444a34 f   gl_math.obj
 0001:00043bda       ?BuildRotationAxis@OpenGLDrv@@YAXAAUCAxis@@ABUCVec3@@M@Z 00444bda f   gl_math.obj
 0001:00043cd1       ?GetBoxRect@OpenGLDrv@@YA_NPBUrefEntity_t@1@ABUCVec3@@QAM2_N@Z 00444cd1 f   gl_math.obj
 0001:00043fdb       ?ProjectToScreen@OpenGLDrv@@YA_NABUCVec3@@QAH@Z 00444fdb f   gl_math.obj
 0001:0004411e       ?SaturateColor3f@OpenGLDrv@@YAXAAUCVec3@@@Z 0044511e f   gl_math.obj
 0001:0004420e       ?SaturateColor4b@OpenGLDrv@@YAXPATcolor_t@@@Z 0044520e f   gl_math.obj
 0001:0004431c       ?SubdividePlane@OpenGLDrv@@YAHPAPAUCVec3@@HM@Z 0044531c f   gl_poly.obj
 0001:0004476b       ?FreeSubdividedPlane@OpenGLDrv@@YAXXZ 0044576b f   gl_poly.obj
 0001:00044783       ?GetSubdivideIndexes@OpenGLDrv@@YAXPAH@Z 00445783 f   gl_poly.obj
 0001:000447d6       ?RemoveCollinearPoints@OpenGLDrv@@YAHPAPAUCVec3@@H@Z 004457d6 f   gl_poly.obj
 0001:000448cc       ?GetPolyArea@OpenGLDrv@@YAMPAPAUCVec3@@H@Z 004458cc f   gl_poly.obj
 0001:00044960       ?InitShaders@OpenGLDrv@@YAXXZ 00445960 f   gl_shader.obj
 0001:00044acb       ?ShutdownShaders@OpenGLDrv@@YAXXZ 00445acb f   gl_shader.obj
 0001:00044b09       ?GetLightmapImage@OpenGLDrv@@YAPAVimage_t@1@H@Z 00445b09 f   gl_shader.obj
 0001:00044b31       ?SetShaderLightmap@OpenGLDrv@@YAPAVshader_t@1@PAV21@H@Z 00445b31 f   gl_shader.obj
 0001:00044e50       ??4shader_t@OpenGLDrv@@QAEAAV01@ABV01@@Z 00445e50 f i gl_shader.obj
 0001:00044f9b       ??4CBasicImage@@QAEAAV0@ABV0@@Z 00445f9b f i gl_shader.obj
 0001:000450a3       ?SetShaderLightstyles@OpenGLDrv@@YAPAVshader_t@1@PAV21@I@Z 004460a3 f   gl_shader.obj
 0001:00045141       ?GetAlphaShader@OpenGLDrv@@YAPAVshader_t@1@PAV21@@Z 00446141 f   gl_shader.obj
 0001:0004551c       ?FindShader@OpenGLDrv@@YAPAVshader_t@1@PBDI@Z 0044651c f   gl_shader.obj
 0001:00046e09       ?GetShaderByNum@OpenGLDrv@@YAPAVshader_t@1@H@Z 00447e09 f   gl_shader.obj
 0001:00046e27       ?ResetShaders@OpenGLDrv@@YAXXZ 00447e27 f   gl_shader.obj
 0001:0004700f       ?Reload@shader_t@OpenGLDrv@@UAEXXZ 0044800f f   gl_shader.obj
 0001:0004703e       ?Insert@?$TList@VshaderScript_t@OpenGLDrv@@@@QAE_NPAVshaderScript_t@OpenGLDrv@@@Z 0044803e f i gl_shader.obj
 0001:0004703e       ?Insert@?$TList@VplayerModelInfo_t@@@@QAE_NPAVplayerModelInfo_t@@@Z 0044803e f i gl_shader.obj
 0001:0004703e       ?Insert@?$TList@VCStringItem@@@@QAE_NPAVCStringItem@@@Z 0044803e f i gl_shader.obj
 0001:00047074       ?ClearSky@OpenGLDrv@@YAXXZ 00448074 f   gl_sky.obj
 0001:000470d1       ?AddSkySurface@OpenGLDrv@@YAXPAVsurfacePlanar_t@1@E@Z 004480d1 f   gl_sky.obj
 0001:00047675       ?DrawSky@OpenGLDrv@@YAXXZ  00448675 f   gl_sky.obj
 0001:00047d19       ?DrawChar@OpenGLDrv@@YAXHHHH@Z 00448d19 f   gl_text.obj
 0001:00047d46       ?DrawConChar@OpenGLDrv@@YAXHHHH@Z 00448d46 f   gl_text.obj
 0001:00047d7b       ?ClearTexts@OpenGLDrv@@YAXXZ 00448d7b f   gl_text.obj
 0001:00047d90       ?FlushTexts@OpenGLDrv@@YAXXZ 00448d90 f   gl_text.obj
 0001:00047e22       ?DrawTextPos@OpenGLDrv@@YAXHHPBDI@Z 00448e22 f   gl_text.obj
 0001:00047f09       ?DrawTextLeft@OpenGLDrv@@YAXPBDI@Z 00448f09 f   gl_text.obj
 0001:00047f90       ?DrawTextRight@OpenGLDrv@@YAXPBDI@Z 00448f90 f   gl_text.obj
 0001:00047fda       ?DrawText3D@OpenGLDrv@@YAXABUCVec3@@PBDI@Z 00448fda f   gl_text.obj
 0001:00048007       ?InitTexts@OpenGLDrv@@YAXXZ 00449007 f   gl_text.obj
 0001:00048021       ?FindModel@OpenGLDrv@@YAPAVmodel_t@1@PBD@Z 00449021 f   gl_model.obj
 0001:000481fb       ?FreeModels@OpenGLDrv@@YAXXZ 004491fb f   gl_model.obj
 0001:0004826d       ?InitModels@OpenGLDrv@@YAXXZ 0044926d f   gl_model.obj
 0001:00048363       ?ShutdownModels@OpenGLDrv@@YAXXZ 00449363 f   gl_model.obj
 0001:00048374       ?LoadWorldMap@OpenGLDrv@@YAXPBD@Z 00449374 f   gl_bspmodel.obj
 0001:00049e7f       ?PointInLeaf@OpenGLDrv@@YAPAUnode_t@1@ABUCVec3@@@Z 0044ae7f f   gl_bspmodel.obj
 0001:00049eca       ?CALL_CONSTRUCTOR@@YAXPAVinlineModel_t@OpenGLDrv@@@Z 0044aeca f i gl_bspmodel.obj
 0001:00049ee0       ?LerpTag@model_t@OpenGLDrv@@UBE_NHHMPBDAAUCCoords@@@Z 0044aee0 f   gl_trimodel.obj
 0001:00049eee       ?LerpTag@md3Model_t@OpenGLDrv@@UBE_NHHMPBDAAUCCoords@@@Z 0044aeee f   gl_trimodel.obj
 0001:00049ffe       ?LoadMd2@OpenGLDrv@@YAPAVmd3Model_t@1@PBDPAEI@Z 0044affe f   gl_trimodel.obj
 0001:0004ab36       ?ATAN2_FUNC@OpenGLDrv@@YAMMM@Z 0044bb36 f i gl_trimodel.obj
 0001:0004acda       ?LoadMd3@OpenGLDrv@@YAPAVmd3Model_t@1@PBDPAEI@Z 0044bcda f   gl_trimodel.obj
 0001:0004b19e       ?LoadSp2@OpenGLDrv@@YAPAVsprModel_t@1@PBDPAEI@Z 0044c19e f   gl_trimodel.obj
 0001:0004b3b3       ?LoadSpr@OpenGLDrv@@YAPAVsprModel_t@1@PBDPAEI@Z 0044c3b3 f   gl_trimodel.obj
 0001:0004b4b9       ?CALL_CONSTRUCTOR@@YAXPAVmd3Model_t@OpenGLDrv@@@Z 0044c4b9 f i gl_trimodel.obj
 0001:0004b4cf       ?CALL_CONSTRUCTOR@@YAXPAVsprModel_t@OpenGLDrv@@@Z 0044c4cf f i gl_trimodel.obj
 0001:0004cad0       ?QGL_Init@OpenGLDrv@@YA_NPBD@Z 0044dad0 f   qgl_win.obj
 0001:0004cbb2       ?QGL_Shutdown@OpenGLDrv@@YAXXZ 0044dbb2 f   qgl_win.obj
 0001:0004cbf0       ?QGL_InitExtensions@OpenGLDrv@@YAXXZ 0044dbf0 f   qgl_win.obj
 0001:0004d0dc       ?QGL_PrintExtensionsString@OpenGLDrv@@YAXPBD00@Z 0044e0dc f   qgl_win.obj
 0001:0004d229       ?QGL_EnableLogging@OpenGLDrv@@YAX_N@Z 0044e229 f   qgl_win.obj
 0001:0004d2e3       ?QGL_LogMessage@OpenGLDrv@@YAXPBD@Z 0044e2e3 f   qgl_win.obj
 0001:0004d2fa       ?QGL_SwapBuffers@OpenGLDrv@@YAXXZ 0044e2fa f   qgl_win.obj
 0001:0004d37c       ?GLimp_HasGamma@OpenGLDrv@@YA_NXZ 0044e37c f   gl_win.obj
 0001:0004d390       ?GLimp_SetGamma@OpenGLDrv@@YAXM@Z 0044e390 f   gl_win.obj
 0001:0004d538       ?GLimp_SetMode@OpenGLDrv@@YA_NPAI0H_N@Z 0044e538 f   gl_win.obj
 0001:0004d92e       ?GLimp_Shutdown@OpenGLDrv@@YAX_N@Z 0044e92e f   gl_win.obj
 0001:0004d9db       ?AppActivate@OpenGLDrv@@YAX_N@Z 0044e9db f   gl_win.obj
 0001:0004da4b       _jpeg_CreateDecompress     0044ea4b f   lib:jdapimin.obj
 0001:0004db0b       _jpeg_destroy_decompress   0044eb0b f   lib:jdapimin.obj
 0001:0004db0b       _jpeg_destroy_compress     0044eb0b f   lib:jdapimin.obj
 0001:0004db16       _jpeg_read_header          0044eb16 f   lib:jdapimin.obj
 0001:0004db78       _jpeg_consume_input        0044eb78 f   lib:jdapimin.obj
 0001:0004ddc7       _jpeg_finish_decompress    0044edc7 f   lib:jdapimin.obj
 0001:0004de5e       _jpeg_start_decompress     0044ee5e f   lib:jdapistd.obj
 0001:0004dfcb       _jpeg_read_scanlines       0044efcb f   lib:jdapistd.obj
 0001:0004e04f       _jpeg_resync_to_restart    0044f04f f   lib:jdmarker.obj
 0001:0004e214       _jinit_marker_reader       0044f214 f   lib:jdmarker.obj
 0001:0004f6df       _jpeg_CreateCompress       004506df f   lib:jcapimin.obj
 0001:0004f793       _jpeg_suppress_tables      00450793 f   lib:jcapimin.obj
 0001:0004f7dd       _jpeg_finish_compress      004507dd f   lib:jcapimin.obj
 0001:0004f8c7       _jpeg_start_compress       004508c7 f   lib:jcapistd.obj
 0001:0004f933       _jpeg_write_scanlines      00450933 f   lib:jcapistd.obj
 0001:0004f9de       _jpeg_add_quant_table      004509de f   lib:jcparam.obj
 0001:0004fa90       _jpeg_quality_scaling      00450a90 f   lib:jcparam.obj
 0001:0004fab7       _jpeg_set_quality          00450ab7 f   lib:jcparam.obj
 0001:0004faf1       _jpeg_set_defaults         00450af1 f   lib:jcparam.obj
 0001:0004fcb7       _jpeg_default_colorspace   00450cb7 f   lib:jcparam.obj
 0001:0004fd07       _jpeg_set_colorspace       00450d07 f   lib:jcparam.obj
 0001:00050022       _jpeg_stdio_dest           00451022 f   lib:jdatadst.obj
 0001:00050242       _crc32                     00451242 f   lib:crc32.obj
 0001:000504dc       _inflateReset              004514dc f   lib:inflate.obj
 0001:0005052a       _inflateInit2_             0045152a f   lib:inflate.obj
 0001:000505e3       _inflate                   004515e3 f   lib:inflate.obj
 0001:000518b8       _inflateEnd                004528b8 f   lib:inflate.obj
 0001:000518f6       _jinit_input_controller    004528f6 f   lib:jdinput.obj
 0001:00051dd9       _jinit_memory_mgr          00452dd9 f   lib:jmemmgr.obj
 0001:00052915       _jpeg_abort                00453915 f   lib:jcomapi.obj
 0001:00052948       _jpeg_destroy              00453948 f   lib:jcomapi.obj
 0001:00052963       _jpeg_alloc_quant_table    00453963 f   lib:jcomapi.obj
 0001:0005297f       _jpeg_alloc_huff_table     0045397f f   lib:jcomapi.obj
 0001:0005299b       _jpeg_calc_output_dimensions 0045399b f   lib:jdmaster.obj
 0001:00052a9b       _jinit_master_decompress   00453a9b f   lib:jdmaster.obj
 0001:00052df1       _jdiv_round_up             00453df1 f   lib:jutils.obj
 0001:00052e01       _jround_up                 00453e01 f   lib:jutils.obj
 0001:00052e19       _jcopy_sample_rows         00453e19 f   lib:jutils.obj
 0001:00052e57       _jcopy_block_row           00453e57 f   lib:jutils.obj
 0001:00052e70       _jzero_far                 00453e70 f   lib:jutils.obj
 0001:00052e83       _jinit_marker_writer       00453e83 f   lib:jcmarker.obj
 0001:0005375f       _jinit_compress_master     0045475f f   lib:jcinit.obj
 0001:000537b8       _inflate_fast              004547b8 f   lib:inffast.obj
 0001:00053b6d       _inflate_table             00454b6d f   lib:inftrees.obj
 0001:00053f21       _adler32                   00454f21 f   lib:adler32.obj
 0001:0005403a       _jinit_c_codec             0045503a f   lib:jcodec.obj
 0001:00054056       _jinit_d_codec             00455056 f   lib:jcodec.obj
 0001:00054072       _jpeg_get_large            00455072 f   lib:jmemnobs.obj
 0001:00054072       _jpeg_get_small            00455072 f   lib:jmemnobs.obj
 0001:0005407e       _jpeg_free_large           0045507e f   lib:jmemnobs.obj
 0001:0005407e       _jpeg_free_small           0045507e f   lib:jmemnobs.obj
 0001:0005408a       _jpeg_mem_available        0045508a f   lib:jmemnobs.obj
 0001:0005408f       _jpeg_open_backing_store   0045508f f   lib:jmemnobs.obj
 0001:000540a3       _jpeg_mem_term             004550a3 f   lib:jmemnobs.obj
 0001:000540a3       __setargv                  004550a3 f   lib:jmemnobs.obj
 0001:000540a3       ?EndRegistration@OpenGLDrv@@YAXXZ 004550a3 f   lib:jmemnobs.obj
 0001:000540a4       _jinit_d_main_controller   004550a4 f   lib:jdmainct.obj
 0001:000546ef       _jinit_d_post_controller   004556ef f   lib:jdpostct.obj
 0001:0005499a       _jinit_upsampler           0045599a f   lib:jdsample.obj
 0001:00054fd8       _jinit_color_deconverter   00455fd8 f   lib:jdcolor.obj
 0001:000554ee       _jinit_merged_upsampler    004564ee f   lib:jdmerge.obj
 0001:00055a3e       _jinit_2pass_quantizer     00456a3e f   lib:jquant2.obj
 0001:00056b01       _jinit_1pass_quantizer     00457b01 f   lib:jquant1.obj
 0001:00057527       _jinit_c_main_controller   00458527 f   lib:jcmainct.obj
 0001:00057694       _jinit_c_prep_controller   00458694 f   lib:jcprepct.obj
 0001:00057bdf       _jinit_downsampler         00458bdf f   lib:jcsample.obj
 0001:0005845f       _jinit_color_converter     0045945f f   lib:jccolor.obj
 0001:00058a49       _jinit_c_master_control    00459a49 f   lib:jcmaster.obj
 0001:00059538       _jinit_lossy_c_codec       0045a538 f   lib:jclossy.obj
 0001:000595d3       _jinit_lossless_c_codec    0045a5d3 f   lib:jclossls.obj
 0001:0005966b       _jinit_lossy_d_codec       0045a66b f   lib:jdlossy.obj
 0001:0005993e       _jinit_lossless_d_codec    0045a93e f   lib:jdlossls.obj
 0001:000599ee       _jinit_c_coef_controller   0045a9ee f   lib:jccoefct.obj
 0001:0005a08d       _jinit_shuff_encoder       0045b08d f   lib:jcshuff.obj
 0001:0005a8f5       _jinit_phuff_encoder       0045b8f5 f   lib:jcphuff.obj
 0001:0005b39a       _jinit_forward_dct         0045c39a f   lib:jcdctmgr.obj
 0001:0005b669       _jinit_c_diff_controller   0045c669 f   lib:jcdiffct.obj
 0001:0005bbcf       _jinit_lhuff_encoder       0045cbcf f   lib:jclhuff.obj
 0001:0005c2fc       _jinit_differencer         0045d2fc f   lib:jcpred.obj
 0001:0005c816       _jinit_c_scaler            0045d816 f   lib:jcscale.obj
 0001:0005c88c       _jinit_d_coef_controller   0045d88c f   lib:jdcoefct.obj
 0001:0005d568       _jinit_shuff_decoder       0045e568 f   lib:jdshuff.obj
 0001:0005dafd       _jinit_phuff_decoder       0045eafd f   lib:jdphuff.obj
 0001:0005e69a       _jinit_inverse_dct         0045f69a f   lib:jddctmgr.obj
 0001:0005e87e       _jinit_d_diff_controller   0045f87e f   lib:jddiffct.obj
 0001:0005edac       _jinit_d_scaler            0045fdac f   lib:jdscale.obj
 0001:0005eeab       _jinit_undifferencer       0045feab f   lib:jdpred.obj
 0001:0005f265       _jinit_lhuff_decoder       00460265 f   lib:jdlhuff.obj
 0001:0005f65a       _jpeg_make_c_derived_tbl   0046065a f   lib:jchuff.obj
 0001:0005f85c       _jpeg_gen_optimal_table    0046085c f   lib:jchuff.obj
 0001:0005fa1b       _jpeg_fdct_float           00460a1b f   lib:jfdctflt.obj
 0001:0005fc20       _jpeg_make_d_derived_tbl   00460c20 f   lib:jdhuff.obj
 0001:0005febd       _jpeg_fill_bit_buffer      00460ebd f   lib:jdhuff.obj
 0001:0005ffcc       _jpeg_huff_decode          00460fcc f   lib:jdhuff.obj
 0001:000600ac       _jpeg_idct_4x4             004610ac f   lib:jidctred.obj
 0001:0006039a       _jpeg_idct_2x2             0046139a f   lib:jidctred.obj
 0001:0006055c       _jpeg_idct_1x1             0046155c f   lib:jidctred.obj
 0001:00060598       _jpeg_idct_float           00461598 f   lib:jidctflt.obj
 0001:00060970       __except_handler3          00461970 f   MSVCRT:MSVCRT.dll
 0001:00060980       __chkstk                   00461980 f   MSVCRT:chkstk.obj
 0001:00060980       __alloca_probe             00461980 f   MSVCRT:chkstk.obj
 0001:000609af       ??_Etype_info@@UAEPAXI@Z   004619af f i MSVCRT:ti_inst.obj
 0001:000609af       ??_Gtype_info@@UAEPAXI@Z   004619af f i MSVCRT:ti_inst.obj
 0001:000609cc       __CxxThrowException@8      004619cc f   MSVCRT:MSVCRT.dll
 0001:000609d2       _strcpy                    004619d2 f   MSVCRT:MSVCRT.dll
 0001:000609d8       _strlen                    004619d8 f   MSVCRT:MSVCRT.dll
 0001:000609de       _strcmp                    004619de f   MSVCRT:MSVCRT.dll
 0001:000609e4       _sin                       004619e4 f   MSVCRT:MSVCRT.dll
 0001:000609ea       _tan                       004619ea f   MSVCRT:MSVCRT.dll
 0001:000609f0       _cos                       004619f0 f   MSVCRT:MSVCRT.dll
 0001:000609f6       _fmod                      004619f6 f   MSVCRT:MSVCRT.dll
 0001:000609fc       _strcat                    004619fc f   MSVCRT:MSVCRT.dll
 0001:00060a02       _acos                      00461a02 f   MSVCRT:MSVCRT.dll
 0001:00060a08       _atan                      00461a08 f   MSVCRT:MSVCRT.dll
 0001:00060a0e       _memcpy                    00461a0e f   MSVCRT:MSVCRT.dll
 0001:00060a14       _memset                    00461a14 f   MSVCRT:MSVCRT.dll
 0001:00060a1a       _sqrt                      00461a1a f   MSVCRT:MSVCRT.dll
 0001:00060a20       _atan2                     00461a20 f   MSVCRT:MSVCRT.dll
 0001:00060a26       __purecall                 00461a26 f   MSVCRT:MSVCRT.dll
 0001:00060a2c       _pow                       00461a2c f   MSVCRT:MSVCRT.dll
 0001:00060a32       _asin                      00461a32 f   MSVCRT:MSVCRT.dll
 0001:00060a38       _WinMainCRTStartup         00461a38 f   MSVCRT:crtexew.obj
 0001:00060b96       __ftol                     00461b96 f   MSVCRT:MSVCRT.dll
[...]
 0001:0005ea1c       _start_iMCU_row            0045fa1c f   lib:jddiffct.obj
 0001:0005ea61       _start_output_pass         0045fa61 f   lib:jddiffct.obj
 0001:0005ea6d       _decompress_data           0045fa6d f   lib:jddiffct.obj
 0001:0005ebdd       _process_restart           0045fbdd f   lib:jddiffct.obj
 0001:0005cbfd       _dummy_consume_data        0045dbfd f   lib:jdcoefct.obj
 0001:0005ec12       _consume_data              0045fc12 f   lib:jddiffct.obj
 0001:0005ec89       _output_data               0045fc89 f   lib:jddiffct.obj
 0001:0005e710       _start_pass                0045f710 f   lib:jddctmgr.obj
 0001:0005db62       _start_pass_phuff_decoder  0045eb62 f   lib:jdphuff.obj
 0001:0005ddab       _decode_mcu_DC_first       0045edab f   lib:jdphuff.obj
 0001:0005dfa3       _process_restart           0045efa3 f   lib:jdphuff.obj
 0001:0005e012       _decode_mcu_AC_first       0045f012 f   lib:jdphuff.obj
 0001:0005e232       _decode_mcu_DC_refine      0045f232 f   lib:jdphuff.obj
 0001:0005e307       _decode_mcu_AC_refine      0045f307 f   lib:jdphuff.obj
 0001:0005d5a9       _start_pass_huff_decoder   0045e5a9 f   lib:jdshuff.obj
 0001:0005d6e1       _decode_mcu                0045e6e1 f   lib:jdshuff.obj
 0001:0005da91       _process_restart           0045ea91 f   lib:jdshuff.obj
 0001:0005c98f       _start_input_pass          0045d98f f   lib:jdcoefct.obj
 0001:0005c9a2       _start_iMCU_row            0045d9a2 f   lib:jdcoefct.obj
 0001:0005c9e7       _start_output_pass         0045d9e7 f   lib:jdcoefct.obj
 0001:0005ca24       _decompress_onepass        0045da24 f   lib:jdcoefct.obj
 0001:0005cbfd       _dummy_consume_data        0045dbfd f   lib:jdcoefct.obj
 0001:0005cc00       _consume_data              0045dc00 f   lib:jdcoefct.obj
 0001:0005cdb9       _decompress_data           0045ddb9 f   lib:jdcoefct.obj
 0001:0005cf25       _smoothing_ok              0045df25 f   lib:jdcoefct.obj
 0001:0005d010       _decompress_smooth_data    0045e010 f   lib:jdcoefct.obj
 0001:0005c828       _scaler_start_pass         0045d828 f   lib:jcscale.obj
 0001:0005c84b       _simple_downscale          0045d84b f   lib:jcscale.obj
 0001:0005c877       _noscale                   0045d877 f   lib:jcscale.obj
 0001:0005c320       _start_pass                0045d320 f   lib:jcpred.obj
 0001:0005c378       _reset_predictor           0045d378 f   lib:jcpred.obj
 0001:0005c3a5       _jpeg_difference_first_row 0045d3a5 f   lib:jcpred.obj
 0001:0005c48f       _jpeg_difference1          0045d48f f   lib:jcpred.obj
 0001:0005c4fd       _jpeg_difference2          0045d4fd f   lib:jcpred.obj
 0001:0005c56e       _jpeg_difference3          0045d56e f   lib:jcpred.obj
 0001:0005c5e6       _jpeg_difference4          0045d5e6 f   lib:jcpred.obj
 0001:0005c671       _jpeg_difference5          0045d671 f   lib:jcpred.obj
 0001:0005c704       _jpeg_difference6          0045d704 f   lib:jcpred.obj
 0001:0005c793       _jpeg_difference7          0045d793 f   lib:jcpred.obj
 0001:0005bc0f       _start_pass_huff           0045cc0f f   lib:jclhuff.obj
 0001:0005bdac       _encode_mcus_huff          0045cdac f   lib:jclhuff.obj
 0001:0005bf97       _emit_bits                 0045cf97 f   lib:jclhuff.obj
 0001:0005c03a       _dump_buffer               0045d03a f   lib:jclhuff.obj
 0001:0005c05e       _emit_restart              0045d05e f   lib:jclhuff.obj
 0001:0005c0a9       _flush_bits                0045d0a9 f   lib:jclhuff.obj
 0001:0005c0cd       _finish_pass_huff          0045d0cd f   lib:jclhuff.obj
 0001:0005c13a       _encode_mcus_gather        0045d13a f   lib:jclhuff.obj
 0001:0005c263       _finish_pass_gather        0045d263 f   lib:jclhuff.obj
 0001:0005c2f9       _need_optimization_pass    0045d2f9 f   lib:jclhuff.obj
 0001:0005b7ed       _start_pass_diff           0045c7ed f   lib:jcdiffct.obj
 0001:0005b88b       _start_iMCU_row            0045c88b f   lib:jcdiffct.obj
 0001:0005b8cd       _compress_data             0045c8cd f   lib:jcdiffct.obj
 0001:0005ba63       _compress_first_pass       0045ca63 f   lib:jcdiffct.obj
 0001:0005bb58       _compress_output           0045cb58 f   lib:jcdiffct.obj
 0001:0005b400       _start_pass_fdctmgr        0045c400 f   lib:jcdctmgr.obj
 0001:0005b502       _forward_DCT_float         0045c502 f   lib:jcdctmgr.obj
 0001:0005a935       _start_pass_phuff          0045b935 f   lib:jcphuff.obj
 0001:0005aaa2       _encode_mcu_DC_first       0045baa2 f   lib:jcphuff.obj
 0001:0005abd4       _emit_bits                 0045bbd4 f   lib:jcphuff.obj
 0001:0005ac7f       _dump_buffer               0045bc7f f   lib:jcphuff.obj
 0001:0005acb7       _emit_symbol               0045bcb7 f   lib:jcphuff.obj
 0001:0005acf7       _emit_restart              0045bcf7 f   lib:jcphuff.obj
 0001:0005ad80       _emit_eobrun               0045bd80 f   lib:jcphuff.obj
 0001:0005ae06       _encode_mcu_AC_first       0045be06 f   lib:jcphuff.obj
 0001:0005af9a       _encode_mcu_DC_refine      0045bf9a f   lib:jcphuff.obj
 0001:0005b054       _encode_mcu_AC_refine      0045c054 f   lib:jcphuff.obj
 0001:0005b26b       _finish_pass_phuff         0045c26b f   lib:jcphuff.obj
 0001:0005b2ba       _finish_pass_gather_phuff  0045c2ba f   lib:jcphuff.obj
 0001:0005b37d       _need_optimization_pass    0045c37d f   lib:jcphuff.obj
 0001:0005a0d0       _start_pass_huff           0045b0d0 f   lib:jcshuff.obj
 0001:0005a245       _encode_mcu_huff           0045b245 f   lib:jcshuff.obj
 0001:0005a350       _encode_one_block          0045b350 f   lib:jcshuff.obj
 0001:0005a4c7       _emit_bits                 0045b4c7 f   lib:jcshuff.obj
 0001:0005a56a       _dump_buffer               0045b56a f   lib:jcshuff.obj
 0001:0005a58e       _emit_restart              0045b58e f   lib:jcshuff.obj
 0001:0005a5fb       _flush_bits                0045b5fb f   lib:jcshuff.obj
 0001:0005a61f       _finish_pass_huff          0045b61f f   lib:jcshuff.obj
 0001:0005a68e       _encode_mcu_gather         0045b68e f   lib:jcshuff.obj
 0001:0005a744       _htest_one_block           0045b744 f   lib:jcshuff.obj
 0001:0005a80b       _finish_pass_gather        0045b80b f   lib:jcshuff.obj
 0001:0005c2f9       _need_optimization_pass    0045d2f9 f   lib:jclhuff.obj
 0001:00059aa3       _start_pass_coef           0045aaa3 f   lib:jccoefct.obj
 0001:0005b88b       _start_iMCU_row            0045c88b f   lib:jcdiffct.obj
 0001:00059b38       _compress_data             0045ab38 f   lib:jccoefct.obj
 0001:00059d1f       _compress_first_pass       0045ad1f f   lib:jccoefct.obj
 0001:00059f05       _compress_output           0045af05 f   lib:jccoefct.obj
 0001:000599bb       _calc_output_dimensions    0045a9bb f   lib:jdlossls.obj
 0001:000599cc       _start_input_pass          0045a9cc f   lib:jdlossls.obj
 0001:000596fa       _calc_output_dimensions    0045a6fa f   lib:jdlossy.obj
 0001:0005986d       _start_input_pass          0045a86d f   lib:jdlossy.obj
 0001:0005988d       _latch_quant_tables        0045a88d f   lib:jdlossy.obj
 0001:00059925       _start_output_pass         0045a925 f   lib:jdlossy.obj
 0001:00059649       _start_pass                0045a649 f   lib:jclossls.obj
 0001:000595b5       _start_pass                0045a5b5 f   lib:jclossy.obj
 0001:00058b0a       _initial_setup             00459b0a f   lib:jcmaster.obj
 0001:00058cbd       _validate_script           00459cbd f   lib:jcmaster.obj
 0001:00059095       _prepare_for_pass          0045a095 f   lib:jcmaster.obj
 0001:0005920d       _select_scan_parameters    0045a20d f   lib:jcmaster.obj
 0001:0005930e       _per_scan_setup            0045a30e f   lib:jcmaster.obj
 0001:000594b9       _pass_startup              0045a4b9 f   lib:jcmaster.obj
 0001:000594e0       _finish_pass_master        0045a4e0 f   lib:jcmaster.obj
 0001:000585f6       _rgb_ycc_start             004595f6 f   lib:jccolor.obj
 0001:000586ba       _rgb_ycc_convert           004596ba f   lib:jccolor.obj
 0001:000587b9       _rgb_gray_convert          004597b9 f   lib:jccolor.obj
 0001:0005883e       _cmyk_ycck_convert         0045983e f   lib:jccolor.obj
 0001:00058976       _grayscale_convert         00459976 f   lib:jccolor.obj
 0001:000589d0       _null_convert              004599d0 f   lib:jccolor.obj
 0001:0002c3a5       _null_method               0042d3a5 f   images.obj
 0001:0002c3a5       _start_pass_downsample     0042d3a5 f   images.obj
 0001:00057d42       _sep_downsample            00458d42 f   lib:jcsample.obj
 0001:00057db7       _int_downsample            00458db7 f   lib:jcsample.obj
 0001:00057eaf       _expand_right_edge         00458eaf f   lib:jcsample.obj
 0001:00057f04       _fullsize_downsample       00458f04 f   lib:jcsample.obj
 0001:00057f48       _h2v1_downsample           00458f48 f   lib:jcsample.obj
 0001:00057fdc       _h2v2_downsample           00458fdc f   lib:jcsample.obj
 0001:00058089       _h2v2_smooth_downsample    00459089 f   lib:jcsample.obj
 0001:00058301       _fullsize_smooth_downsample 00459301 f   lib:jcsample.obj
 0001:0005773e       _start_pass_prep           0045873e f   lib:jcprepct.obj
 0001:0005777c       _pre_process_data          0045877c f   lib:jcprepct.obj
 0001:0005792a       _pre_process_context       0045892a f   lib:jcprepct.obj
 0001:00057ae3       _create_context_buffer     00458ae3 f   lib:jcprepct.obj
 0001:000575b6       _start_pass_main           004585b6 f   lib:jcmainct.obj
 0001:000575f8       _process_data_simple_main  004585f8 f   lib:jcmainct.obj
 0001:00056b8c       _create_colormap           00457b8c f   lib:jquant1.obj
 0001:00056cbe       _select_ncolors            00457cbe f   lib:jquant1.obj
 0001:00056d95       _create_colorindex         00457d95 f   lib:jquant1.obj
 0001:00056ec1       _alloc_fs_workspace        00457ec1 f   lib:jquant1.obj
 0001:00056efd       _start_pass_1_quant        00457efd f   lib:jquant1.obj
 0001:00056fc9       _create_odither_tables     00457fc9 f   lib:jquant1.obj
 0001:00057028       _make_odither_array        00458028 f   lib:jquant1.obj
 0001:0005708b       _color_quantize            0045808b f   lib:jquant1.obj
 0001:00057116       _color_quantize3           00458116 f   lib:jquant1.obj
 0001:000571a4       _quantize_ord_dither       004581a4 f   lib:jquant1.obj
 0001:0005728f       _quantize3_ord_dither      0045828f f   lib:jquant1.obj
 0001:0005738f       _quantize_fs_dither        0045838f f   lib:jquant1.obj
 0001:0002c3a5       _finish_pass_1_quant       0042d3a5 f   images.obj
 0001:00057513       _new_color_map_1_quant     00458513 f   lib:jquant1.obj
 0001:00055b4d       _init_error_limit          00456b4d f   lib:jquant2.obj
 0001:00055bec       _start_pass_2_quant        00456bec f   lib:jquant2.obj
 0001:00055cee       _prescan_quantize          00456cee f   lib:jquant2.obj
 0001:00055d5d       _pass2_no_dither           00456d5d f   lib:jquant2.obj
 0001:00055e0a       _fill_inverse_cmap         00456e0a f   lib:jquant2.obj
 0001:00055ed5       _find_nearby_colors        00456ed5 f   lib:jquant2.obj
 0001:00056079       _find_best_colors          00457079 f   lib:jquant2.obj
 0001:00056193       _pass2_fs_dither           00457193 f   lib:jquant2.obj
 0001:00056402       _finish_pass1              00457402 f   lib:jquant2.obj
 0001:00056424       _select_colors             00457424 f   lib:jquant2.obj
 0001:000564b0       _update_box                004574b0 f   lib:jquant2.obj
 0001:0005684a       _median_cut                0045784a f   lib:jquant2.obj
 0001:0005695e       _find_biggest_color_pop    0045795e f   lib:jquant2.obj
 0001:0005698d       _find_biggest_volume       0045798d f   lib:jquant2.obj
 0001:000569b6       _compute_color             004579b6 f   lib:jquant2.obj
 0001:0002c3a5       _finish_pass2              0042d3a5 f   images.obj
 0001:00056af2       _new_color_map_2_quant     00457af2 f   lib:jquant2.obj
 0001:00055564       _build_ycc_rgb_table       00456564 f   lib:jdmerge.obj
 0001:00055614       _start_pass_merged_upsample 00456614 f   lib:jdmerge.obj
 0001:00055629       _merged_2v_upsample        00456629 f   lib:jdmerge.obj
 0001:000556d0       _merged_1v_upsample        004566d0 f   lib:jdmerge.obj
 0001:00055701       _h2v1_merged_upsample      00456701 f   lib:jdmerge.obj
 0001:00055857       _h2v2_merged_upsample      00456857 f   lib:jdmerge.obj
 0001:00055108       _build_ycc_rgb_table       00456108 f   lib:jdcolor.obj
 0001:000551b8       _ycc_rgb_convert           004561b8 f   lib:jdcolor.obj
 0001:000552c6       _null_convert              004562c6 f   lib:jdcolor.obj
 0001:0005533e       _grayscale_convert         0045633e f   lib:jdcolor.obj
 0001:00055361       _gray_rgb_convert          00456361 f   lib:jdcolor.obj
 0001:000553ba       _ycck_cmyk_convert         004563ba f   lib:jdcolor.obj
 0001:0002c3a5       _start_pass_dcolor         0042d3a5 f   images.obj
 0001:00054b69       _start_pass_upsample       00455b69 f   lib:jdsample.obj
 0001:00054b83       _sep_upsample              00455b83 f   lib:jdsample.obj
 0001:00054c50       _fullsize_upsample         00455c50 f   lib:jdsample.obj
 0001:00054c5b       _noop_upsample             00455c5b f   lib:jdsample.obj
 0001:00054c63       _int_upsample              00455c63 f   lib:jdsample.obj
 0001:00054d4d       _h2v1_upsample             00455d4d f   lib:jdsample.obj
 0001:00054da4       _h2v2_upsample             00455da4 f   lib:jdsample.obj
 0001:00054e16       _h2v1_fancy_upsample       00455e16 f   lib:jdsample.obj
 0001:00054eb9       _h2v2_fancy_upsample       00455eb9 f   lib:jdsample.obj
 0001:00054772       _start_pass_dpost          00455772 f   lib:jdpostct.obj
 0001:00054818       _post_process_1pass        00455818 f   lib:jdpostct.obj
 0001:0005487d       _post_process_prepass      0045587d f   lib:jdpostct.obj
 0001:0005490e       _post_process_2pass        0045590e f   lib:jdpostct.obj
 0001:00054179       _alloc_funny_pointers      00455179 f   lib:jdmainct.obj
 0001:00054226       _start_pass_main           00455226 f   lib:jdmainct.obj
 0001:0005428e       _make_funny_pointers       0045528e f   lib:jdmainct.obj
 0001:000543ce       _process_data_simple_main  004553ce f   lib:jdmainct.obj
 0001:00054436       _process_data_context_main 00455436 f   lib:jdmainct.obj
 0001:00054548       _set_wraparound_pointers   00455548 f   lib:jdmainct.obj
 0001:00054632       _set_bottom_pointers       00455632 f   lib:jdmainct.obj
 0001:000546cc       _process_data_crank_post   004556cc f   lib:jdmainct.obj
 0001:00052ed1       _write_marker_header       00453ed1 f   lib:jcmarker.obj
 0001:00052f27       _emit_byte                 00453f27 f   lib:jcmarker.obj
 0001:00052f58       _write_marker_byte         00453f58 f   lib:jcmarker.obj
 0001:00052f68       _write_file_header         00453f68 f   lib:jcmarker.obj
 0001:00052fb4       _emit_jfif_app0            00453fb4 f   lib:jcmarker.obj
 0001:00053087       _emit_adobe_app14          00454087 f   lib:jcmarker.obj
 0001:0005312d       _write_frame_header        0045412d f   lib:jcmarker.obj
 0001:0005320c       _emit_dqt                  0045420c f   lib:jcmarker.obj
 0001:000532fb       _emit_sof                  004542fb f   lib:jcmarker.obj
 0001:000533d7       _write_scan_header         004543d7 f   lib:jcmarker.obj
 0001:00053497       _emit_dht                  00454497 f   lib:jcmarker.obj
 0001:00053570       _emit_dri                  00454570 f   lib:jcmarker.obj
 0001:000535bf       _emit_sos                  004545bf f   lib:jcmarker.obj
 0001:000536ad       _write_file_trailer        004546ad f   lib:jcmarker.obj
 0001:000536cd       _write_tables_only         004546cd f   lib:jcmarker.obj
 0001:00052a26       _use_merged_upsample       00453a26 f   lib:jdmaster.obj
 0001:00052acc       _master_selection          00453acc f   lib:jdmaster.obj
 0001:00052c29       _prepare_range_limit_table 00453c29 f   lib:jdmaster.obj
 0001:00052caf       _prepare_for_output_pass   00453caf f   lib:jdmaster.obj
 0001:00052dd0       _finish_output_pass        00453dd0 f   lib:jdmaster.obj
 0001:00051e9d       _alloc_small               00452e9d f   lib:jmemmgr.obj
 0001:00051fbb       _alloc_large               00452fbb f   lib:jmemmgr.obj
 0001:0005206c       _alloc_sarray              0045306c f   lib:jmemmgr.obj
 0001:00052104       _alloc_barray              00453104 f   lib:jmemmgr.obj
 0001:000521a8       _alloc_darray              004531a8 f   lib:jmemmgr.obj
 0001:00052253       _request_virt_sarray       00453253 f   lib:jmemmgr.obj
 0001:000522b4       _request_virt_barray       004532b4 f   lib:jmemmgr.obj
 0001:00052315       _realize_virt_arrays       00453315 f   lib:jmemmgr.obj
 0001:00052498       _access_virt_sarray        00453498 f   lib:jmemmgr.obj
 0001:000525b8       _do_sarray_io              004535b8 f   lib:jmemmgr.obj
 0001:00052648       _access_virt_barray        00453648 f   lib:jmemmgr.obj
 0001:0005276d       _do_barray_io              0045376d f   lib:jmemmgr.obj
 0001:000527fe       _free_pool                 004537fe f   lib:jmemmgr.obj
 0001:000528e5       _self_destruct             004538e5 f   lib:jmemmgr.obj
 0001:00051937       _start_input_pass          00452937 f   lib:jdinput.obj
 0001:00051965       _per_scan_setup            00452965 f   lib:jdinput.obj
 0001:00051aeb       _finish_input_pass         00452aeb f   lib:jdinput.obj
 0001:00051afc       _consume_markers           00452afc f   lib:jdinput.obj
 0001:00051b98       _initial_setup             00452b98 f   lib:jdinput.obj
 0001:00051da2       _reset_input_controller    00452da2 f   lib:jdinput.obj
 0001:000516f0       _fixedtables               004526f0 f   lib:inflate.obj
 0001:000517da       _updatewindow              004527da f   lib:inflate.obj
 0001:00050122       _make_crc_table            00451122 f   lib:crc32.obj
 0001:0005026f       _crc32_little              0045126f f   lib:crc32.obj
 0001:0005005e       _init_destination          0045105e f   lib:jdatadst.obj
 0001:00050084       _empty_output_buffer       00451084 f   lib:jdatadst.obj
 0001:000500c6       _term_destination          004510c6 f   lib:jdatadst.obj
 0001:0004fbe5       _std_huff_tables           00450be5 f   lib:jcparam.obj
 0001:0004fc3f       _add_huff_table            00450c3f f   lib:jcparam.obj
 0001:0004e13d       _next_marker               0044f13d f   lib:jdmarker.obj
 0001:0004e277       _get_interesting_appn      0044f277 f   lib:jdmarker.obj
 0001:0004e3a2       _examine_app0              0044f3a2 f   lib:jdmarker.obj
 0001:0004e5b0       _examine_app14             0044f5b0 f   lib:jdmarker.obj
 0001:0004e671       _skip_variable             0044f671 f   lib:jdmarker.obj
 0001:0004e714       _read_markers              0044f714 f   lib:jdmarker.obj
 0001:0004e91c       _get_soi                   0044f91c f   lib:jdmarker.obj
 0001:0004e9c7       _get_sof                   0044f9c7 f   lib:jdmarker.obj
 0001:0004ecd0       _get_sos                   0044fcd0 f   lib:jdmarker.obj
 0001:0004efbe       _get_dht                   0044ffbe f   lib:jdmarker.obj
 0001:0004f25f       _get_dqt                   0045025f f   lib:jdmarker.obj
 0001:0004f4bb       _get_dri                   004504bb f   lib:jdmarker.obj
 0001:0004f59a       _first_marker              0045059a f   lib:jdmarker.obj
 0001:0004f636       _read_restart_marker       00450636 f   lib:jdmarker.obj
 0001:0004f6b4       _reset_marker_reader       004506b4 f   lib:jdmarker.obj
 0001:0004df21       _output_pass_setup         0044ef21 f   lib:jdapistd.obj
 0001:0004dc14       _default_decompress_parms  0044ec14 f   lib:jdapimin.obj

 182 bytes saved through ICF

