 Quake2

 Timestamp is 432acd66 (Fri Sep 16 17:49:26 2005)

 Preferred load address is 00400000

 Start         Length     Name                   Class
 0001:00000000 00060ed0H .text                   CODE
 0002:00000000 00000288H .idata$5                DATA
 0002:00000288 000063fcH .rdata                  DATA
 0002:00006688 00000044H .rdata$r                DATA
 0002:000066d0 00000038H .xdata$x                DATA
 0002:00006708 00000078H .idata$2                DATA
 0002:00006780 00000014H .idata$3                DATA
 0002:00006794 00000288H .idata$4                DATA
 0002:00006a1c 00000844H .idata$6                DATA
 0002:00007260 00000000H .edata                  DATA
 0003:00000000 00000004H .CRT$XCA                DATA
 0003:00000004 00000084H .CRT$XCU                DATA
 0003:00000088 00000004H .CRT$XCZ                DATA
 0003:0000008c 00000004H .CRT$XIA                DATA
 0003:00000090 00000004H .CRT$XIZ                DATA
 0003:000000a0 0000d4ecH .data                   DATA
 0003:0000d590 0047876cH .bss                    DATA
 0004:00000000 00000130H .rsrc$01                DATA
 0004:00000130 00003f20H .rsrc$02                DATA

  Address         Publics by Value              Rva+Base     Lib:Object

 0001:00000000       ??3@YAXPAX@Z               00401000 f i CoreMain.obj
 0001:0000000b       ?appTimestamp@@YAPBDXZ     0040100b f   CoreMain.obj
 0001:00000043       ?appInit@@YAXXZ            00401043 f   CoreMain.obj
 0001:000000c2       ?appExit@@YAXXZ            004010c2 f   CoreMain.obj
 0001:000000fc       ?appLoadDebugSymbols@@YAXXZ 004010fc f   DbgSymbols.obj
 0001:000002ba       ?appSymbolName@@YA_NIPADH@Z 004012ba f   DbgSymbols.obj
 0001:000003b0       ?appSymbolName@@YAPBDI@Z   004013b0 f   DbgSymbols.obj
 0001:000003e6       ?appMalloc@@YAPAXIH@Z      004013e6 f   Memory.obj
 0001:00000494       ?appFree@@YAXPAX@Z         00401494 f   Memory.obj
 0001:000004c2       ?Unlink@FMemHeader@@QAEXXZ 004014c2 f i Memory.obj
 0001:000004ed       ?Link@CMemoryChain@@AAEXXZ 004014ed f   Memory.obj
 0001:0000050c       ?Unlink@CMemoryChain@@AAEXXZ 0040150c f   Memory.obj
 0001:00000537       ??2CMemoryChain@@SAPAXIH@Z 00401537 f   Memory.obj
 0001:000005a9       ??3CMemoryChain@@SAXPAX@Z  004015a9 f   Memory.obj
 0001:000005dc       ?Alloc@CMemoryChain@@QAEPAXIH@Z 004015dc f   Memory.obj
 0001:00000646       ?appInitMemory@@YAXXZ      00401646 f   Memory.obj
 0001:00000b7a       ?sprintf@?$TString@$0BAA@@@QAAHPBDZZ 00401b7a f i Memory.obj
 0001:00000bb4       ?Close@COutputDevice@@UAEXXZ 00401bb4 f i OutputDevice.obj
 0001:00000bb4       ?Flush@COutputDevice@@UAEXXZ 00401bb4 f i OutputDevice.obj
 0001:00000bb5       ?Write@COutputDeviceNull@@UAEXPBD@Z 00401bb5 f i OutputDevice.obj
 0001:00000bd6       ?Write@COutputDeviceLog@@UAEXPBD@Z 00401bd6 f i OutputDevice.obj
 0001:00000c07       ?Printf@COutputDevice@@QAAXPBDZZ 00401c07 f   OutputDevice.obj
 0001:00000c77       ?Register@COutputDevice@@QAEXXZ 00401c77 f   OutputDevice.obj
 0001:00000cd3       ?Unregister@COutputDevice@@QAEXXZ 00401cd3 f   OutputDevice.obj
 0001:00000d26       ?appPrintf@@YAXPBDZZ       00401d26 f   OutputDevice.obj
 0001:00000e5c       ?appWPrintf@@YAXPBDZZ      00401e5c f   OutputDevice.obj
 0001:00000eb9       ??0COutputDeviceFile@@QAE@XZ 00401eb9 f i ErrorMgr.obj
 0001:00000ece       ?Write@COutputDeviceFile@@UAEXPBD@Z 00401ece f i ErrorMgr.obj
 0001:00000f22       ?Flush@COutputDeviceFile@@UAEXXZ 00401f22 f i ErrorMgr.obj
 0001:00000f32       ?Close@COutputDeviceFile@@UAEXXZ 00401f32 f i ErrorMgr.obj
 0001:00000f60       ??1COutputDeviceFile@@QAE@XZ 00401f60 f i ErrorMgr.obj
 0001:00000f7f       ?appGetErrorLog@@YAPAVCOutputDevice@@XZ 00401f7f f   ErrorMgr.obj
 0001:0000101e       ?Open@COutputDeviceFile@@QAEXPBD_N@Z 0040201e f i ErrorMgr.obj
 0001:0000105a       ?appFatalError@@YAXPBDZZ   0040205a f   ErrorMgr.obj
 0001:000010fa       ?appNonFatalError@@YAXPBDZZ 004020fa f   ErrorMgr.obj
 0001:0000115c       ?appUnwindPrefix@@YAXPBD@Z 0040215c f   ErrorMgr.obj
 0001:0000120c       ?appUnwindThrow@@YAXPBDZZ  0040220c f   ErrorMgr.obj
 0001:000012a3       ?Reset@CErrorHandler@@QAEXXZ 004022a3 f   ErrorMgr.obj
 0001:000012d4       ?appInitError@@YAXXZ       004022d4 f   ErrorMgr.obj
 0001:00001392       ?sprintf@?$TString@$0CAA@@@QAAHPBDZZ 00402392 f i ErrorMgr.obj
 0001:000013ae       ?GetLine@CSimpleParser@@QAEPBDXZ 004023ae f   ScriptParser.obj
 0001:000014c3       ?SkipBraces@CSimpleParser@@QAEPBDXZ 004024c3 f   ScriptParser.obj
 0001:000014f9       ?appStricmp@@YAHPBD0@Z     004024f9 f   Strings.obj
 0001:0000152e       ?toLower@@YADD@Z           0040252e f i Strings.obj
 0001:00001545       ?appStrcpy@@YAXPADPBD@Z    00402545 f   Strings.obj
 0001:00001558       ?appStrncpylwr@@YAXPADPBDH@Z 00402558 f   Strings.obj
 0001:00001590       ?appStrncpyz@@YAXPADPBDH@Z 00402590 f   Strings.obj
 0001:000015bd       ?appStrcatn@@YAXPADHPBD@Z  004025bd f   Strings.obj
 0001:000015e8       ?appCopyFilename@@YAXPADPBDH@Z 004025e8 f   Strings.obj
 0001:00001688       ?appCStrlen@@YAHPBD@Z      00402688 f   Strings.obj
 0001:000016ad       ?appUncolorizeString@@YAXPADPBD@Z 004026ad f   Strings.obj
 0001:000016dd       ?va@@YAPBDPBDZZ            004026dd f   Strings.obj
 0001:00001779       ?appSprintf@@YAHPADHPBDZZ  00402779 f   Strings.obj
 0001:000017c4       ?appMatchWildcard@@YA_NPBD0_N@Z 004027c4 f   Strings.obj
 0001:00001953       ?appIsWildcard@@YA_NPBD@Z  00402953 f   Strings.obj
 0001:0000197d       ?CopyString@@YAPADPBD@Z    0040297d f   Strings.obj
 0001:000019bd       ?CopyString@@YAPADPBDPAVCMemoryChain@@@Z 004029bd f   Strings.obj
 0001:000019f1       ??2CStringItem@@SAPAXIPBD@Z 004029f1 f   Strings.obj
 0001:00001a3e       ??2CStringItem@@SAPAXIPBDPAVCMemoryChain@@@Z 00402a3e f   Strings.obj
 0001:00001a68       ??0CStringItem@@QAE@XZ     00402a68 f   Strings.obj
 0001:00001a73       ?Find@CStringList@@IAEPAVCStringItem@@PBDPAPAV2@@Z 00402a73 f   Strings.obj
 0001:00001aaf       ?Find@CStringList@@IAEPAVCStringItem@@H@Z 00402aaf f   Strings.obj
 0001:00001ac8       ?IndexOf@CStringList@@QAEHPBD@Z 00402ac8 f   Strings.obj
 0001:00001af5       ?Remove@CStringList@@QAE_NPAVCStringItem@@@Z 00402af5 f   Strings.obj
 0001:00001b21       ?Add@CTextContainer@@QAEPAUCTextRec@@PBD@Z 00402b21 f   TextContainer.obj
 0001:00001bcd       ?Enumerate@CTextContainer@@QAEXP6AXPBUCTextRec@@@Z@Z 00402bcd f   TextContainer.obj
 0001:00001c39       ?SubtractPath@@YAPBDPBD0@Z 00402c39 f   FileSystem.obj
 0001:00001ccd       ?appMakeDirectoryForFile@@YAXPBD@Z 00402ccd f   FileSystem.obj
 0001:00001cfe       ?appOpenFile@@YAPAVCFile@@PBD@Z 00402cfe f   FileSystem.obj
 0001:00001d3a       ?Read@CFileOS@@UAEHPAXH@Z  00402d3a f i FileSystem.obj
 0001:00001d5f       ?GetSize@CFileOS@@UAEHXZ   00402d5f f i FileSystem.obj
 0001:00001da4       ?Eof@CFileOS@@UAE_NXZ      00402da4 f i FileSystem.obj
 0001:00001db8       ??_GCFileOS@@UAEPAXI@Z     00402db8 f i FileSystem.obj
 0001:00001db8       ??_ECFileOS@@UAEPAXI@Z     00402db8 f i FileSystem.obj
 0001:00001dea       ??_ECFile@@UAEPAXI@Z       00402dea f i FileSystem.obj
 0001:00001dea       ??_GCFile@@UAEPAXI@Z       00402dea f i FileSystem.obj
 0001:00001e07       ?ReadInt@CFile@@QAEHXZ     00402e07 f   FileSystem.obj
 0001:00001e1f       ?ReadString@CFile@@QAEXPADH@Z 00402e1f f   FileSystem.obj
 0001:00001e5f       ?GetType@CFileContainer@@MAEPBDXZ 00402e5f f   FileSystem.obj
 0001:00001e65       ?Mount@CFileSystem@@QAEXAAVCFileContainer@@PBD@Z 00402e65 f   FileSystem.obj
 0001:00001eb6       ?Umount@CFileSystem@@QAEXAAVCFileContainer@@@Z 00402eb6 f   FileSystem.obj
 0001:00001ee6       ?MountDirectory@CFileSystem@@QAEPAVCFileContainer@@PBD0@Z 00402ee6 f   FileSystem.obj
 0001:00001f29       ?GetType@CFileContainerOS@@MAEPBDXZ 00402f29 f i FileSystem.obj
 0001:00001f2f       ?FileExists@CFileContainerOS@@UAE_NPBD@Z 00402f2f f i FileSystem.obj
 0001:00001f66       ?OpenFile@CFileContainerOS@@UAEPAVCFile@@PBD@Z 00402f66 f i FileSystem.obj
 0001:00001f83       ?List@CFileContainerOS@@UAEXAAVCFileList@@PBDI@Z 00402f83 f i FileSystem.obj
 0001:00001fab       ??_GCFileContainerOS@@UAEPAXI@Z 00402fab f i FileSystem.obj
 0001:00001fab       ??_ECFileContainerOS@@UAEPAXI@Z 00402fab f i FileSystem.obj
 0001:00001fab       ??_GCFileContainer@@UAEPAXI@Z 00402fab f i FileSystem.obj
 0001:00001fab       ??_ECFileContainer@@UAEPAXI@Z 00402fab f i FileSystem.obj
 0001:00001fc8       ?MountArchive@CFileSystem@@QAEPAVCFileContainer@@PBD0@Z 00402fc8 f   FileSystem.obj
 0001:000020df       ?Mount@CFileSystem@@QAEXPBD0@Z 004030df f   FileSystem.obj
 0001:0000228f       ?Umount@CFileSystem@@QAEXPBD@Z 0040328f f   FileSystem.obj
 0001:0000232b       ?List@CFileSystem@@UAEPAVCFileList@@PBDIPAV2@@Z 0040332b f   FileSystem.obj
 0001:000024e3       ?RegisterFormat@CFileSystem@@SAXP6APAVCFileContainer@@PBDPAU_iobuf@@@Z@Z 004034e3 f   FileSystem.obj
 0001:00002523       ?FileExists@CFileSystem@@UAE_NPBDI@Z 00403523 f   FileSystem.obj
 0001:000025a2       ?OpenFile@CFileSystem@@UAEPAVCFile@@PBDI@Z 004035a2 f   FileSystem.obj
 0001:00002647       ?LoadFile@CFileSystem@@QAEPAXPBDPAI@Z 00403647 f   FileSystem.obj
 0001:00002717       ?appInitFileSystem@@YAXAAVCFileSystem@@@Z 00403717 f   FileSystem.obj
 0001:00002af7       ?FindDir@CFileContainerArc@@IAEPAVCArcDir@1@PBD_N@Z 00403af7 f   FileContainerArc.obj
 0001:00002be0       ?FindFile@CFileContainerArc@@IAEPAVCStringItem@@PBD@Z 00403be0 f   FileContainerArc.obj
 0001:00002c4b       ?FileExists@CFileContainerArc@@UAE_NPBD@Z 00403c4b f   FileContainerArc.obj
 0001:00002c5d       ?OpenFile@CFileContainerArc@@UAEPAVCFile@@PBD@Z 00403c5d f   FileContainerArc.obj
 0001:00002c79       ?List@CFileContainerArc@@UAEXAAVCFileList@@PBDI@Z 00403c79 f   FileContainerArc.obj
 0001:00002de0       ?appMillisecondsf@@YANXZ   00403de0 f   CoreWin32.obj
 0001:00002e19       ?appMilliseconds@@YAIXZ    00403e19 f   CoreWin32.obj
 0001:00002e4e       ?cpuid@@YAXI@Z             00403e4e f   CoreWin32.obj
 0001:00002e71       ?appPackage@@YAPBDXZ       00403e71 f   CoreWin32.obj
 0001:00002ed6       ?appGetSystemErrorMessage@@YAPBDI@Z 00403ed6 f   CoreWin32.obj
 0001:00002f3a       ?appDisplayError@@YAXXZ    00403f3a f   CoreWin32.obj
 0001:00002f8e       ?appInitPlatform@@YAXXZ    00403f8e f   CoreWin32.obj
 0001:000033c2       ?appShutdownPlatform@@YAXXZ 004043c2 f   CoreWin32.obj
 0001:000033cb       ?osAddressInfo@@YA_NIPADHPAH@Z 004043cb f   DbgSymbolsWin32.obj
 0001:0000345f       ?osModuleInfo@@YA_NIPADHPAH@Z 0040445f f   DbgSymbolsWin32.obj
 0001:00003606       ?win32ExceptFilter@@YAHPAU_EXCEPTION_POINTERS@@@Z 00404606 f   ExceptFilterWin32.obj
 0001:00003b3f       ?win32ExceptFilter2@@YAHXZ 00404b3f f   ExceptFilterWin32.obj
 0001:00003b4b       ?appListDirectoryOS@@YAXPBDAAVCFileList@@I@Z 00404b4b f   FileSystemWin32.obj
 0001:00003d92       ?appMakeDirectory@@YAXPBD@Z 00404d92 f   FileSystemWin32.obj
 0001:00003dff       ?SCR_StopCinematic@@YAXXZ  00404dff f   cl_cin.obj
 0001:00003e93       ?SCR_DrawCinematic@@YA_NXZ 00404e93 f   cl_cin.obj
 0001:000042de       ?SCR_PlayCinematic@@YAXPBD@Z 004052de f   cl_cin.obj
 0001:00004658       ?sprintf@?$TString@$0EA@@@QAAHPBDZZ 00405658 f i cl_cin.obj
 0001:00004671       ?CL_Download_f@@YAX_NHPAPAD@Z 00405671 f   cl_download.obj
 0001:00004a1c       ?CL_ParseDownload@@YAXXZ   00405a1c f   cl_download.obj
 0001:00005244       ?CL_Precache_f@@YAXHPAPAD@Z 00406244 f   cl_download.obj
 0001:000052a2       ?sprintf@?$TString@$0IA@@@QAAHPBDZZ 004062a2 f i cl_download.obj
 0001:000052be       ?CL_ParseDelta@@YAXPAUclEntityState_t@@0HI_N@Z 004062be f   cl_ents.obj
 0001:0000543e       ?CL_ParseFrame@@YAXXZ      0040643e f   cl_ents.obj
 0001:00005aed       ?CL_AddEntityBox@@YAXPAUclEntityState_t@@I@Z 00406aed f   cl_ents.obj
 0001:00005bf1       ?Lerp@@YAXABUCVec3@@0MAAU1@@Z 00406bf1 f i cl_ents.obj
 0001:00005c28       ?CL_OffsetThirdPersonView@@YAXXZ 00406c28 f   cl_ents.obj
 0001:00005d10       ?CL_AddEntities@@YAXXZ     00406d10 f   cl_ents.obj
 0001:00006c4e       ?CL_ClearLightStyles@@YAXXZ 00407c4e f   cl_fx.obj
 0001:00006cd0       ?CL_SetLightstyle@@YAXHPBD@Z 00407cd0 f   cl_fx.obj
 0001:00006d31       ?CL_AllocDlight@@YAPAUcdlight_t@@HABUCVec3@@@Z 00407d31 f   cl_fx.obj
 0001:00006d9a       ?CL_AllocParticleTrace@@YAPAUparticleTrace_t@@ABUCVec3@@0MM@Z 00407d9a f   cl_fx.obj
 0001:00006e29       ?CL_AllocParticleBeam@@YAPAUbeam_t@@ABUCVec3@@0MM@Z 00407e29 f   cl_fx.obj
 0001:00006e9d       ?CL_AllocParticle@@YAPAUparticle_t@@XZ 00407e9d f   cl_fx.obj
 0001:00006ef0       ?CL_MetalSparks@@YAXABUCVec3@@0H@Z 00407ef0 f   cl_fx.obj
 0001:00006fee       ?CL_AddEffects@@YAXXZ      00407fee f   cl_fx.obj
 0001:000076f3       ?CL_ClearEffects@@YAXXZ    004086f3 f   cl_fx.obj
 0001:00007775       ?CL_EntityEvent@@YAXPAUclEntityState_t@@@Z 00408775 f   cl_fx.obj
 0001:00007929       ?CL_ParseMuzzleFlash@@YAXXZ 00408929 f   cl_fx.obj
 0001:00007c99       ?CL_ParseMuzzleFlash2@@YAXXZ 00408c99 f   cl_fx.obj
 0001:0000810f       ?CL_ParticleEffect@@YAXABUCVec3@@0HH@Z 0040910f f   cl_fx.obj
 0001:000082f8       ?CL_ParticleEffect2@@YAXABUCVec3@@0HH@Z 004092f8 f   cl_fx.obj
 0001:00008320       ?CL_ParticleEffect3@@YAXABUCVec3@@0HH@Z 00409320 f   cl_fx.obj
 0001:00008348       ?CL_TeleporterParticles@@YAXPAUclEntityState_t@@@Z 00409348 f   cl_fx.obj
 0001:00008367       ?CL_LogoutEffect@@YAXABUCVec3@@H@Z 00409367 f   cl_fx.obj
 0001:0000839d       ?CL_ItemRespawnParticles@@YAXABUCVec3@@@Z 0040939d f   cl_fx.obj
 0001:000083b8       ?CL_ExplosionParticles@@YAXABUCVec3@@@Z 004093b8 f   cl_fx.obj
 0001:000083d6       ?CL_BFGExplosionParticles@@YAXABUCVec3@@@Z 004093d6 f   cl_fx.obj
 0001:000083f4       ?CL_TrackerExplosionParticles@@YAXABUCVec3@@@Z 004093f4 f   cl_fx.obj
 0001:00008412       ?CL_BlasterParticles@@YAXABUCVec3@@0I@Z 00409412 f   cl_fx.obj
 0001:00008438       ?CL_BlasterTrail@@YAXAAUcentity_t@@@Z 00409438 f   cl_fx.obj
 0001:0000853b       ?CL_BlasterTrail2@@YAXAAUcentity_t@@@Z 0040953b f   cl_fx.obj
 0001:0000854e       ?CL_FlagTrail@@YAXAAUcentity_t@@H@Z 0040954e f   cl_fx.obj
 0001:0000856a       ?CL_RocketTrail@@YAXAAUcentity_t@@@Z 0040956a f   cl_fx.obj
 0001:000085a9       ?CL_BubbleTrail@@YAXABUCVec3@@0@Z 004095a9 f   cl_fx.obj
 0001:00008643       ?CL_BubbleTrail2@@YAXABUCVec3@@0@Z 00409643 f   cl_fx.obj
 0001:0000865b       ?CL_TagTrail@@YAXAAUcentity_t@@@Z 0040965b f   cl_fx.obj
 0001:0000866e       ?CL_DebugTrail@@YAXABUCVec3@@0@Z 0040966e f   cl_fx.obj
 0001:00008686       ?CL_ForceWall@@YAXABUCVec3@@0H@Z 00409686 f   cl_fx.obj
 0001:000086a7       ?CL_BigTeleportParticles@@YAXABUCVec3@@@Z 004096a7 f   cl_fx.obj
 0001:000087e2       ?CL_BfgParticles@@YAXABUCVec3@@@Z 004097e2 f   cl_fx.obj
 0001:0000895c       ?CL_FlyEffect@@YAXAAUcentity_t@@@Z 0040995c f   cl_fx.obj
 0001:00008ae8       ?CL_DiminishingTrail@@YAXAAUcentity_t@@H@Z 00409ae8 f   cl_fx.obj
 0001:00008c42       ?CL_RailTrail@@YAXABUCVec3@@0@Z 00409c42 f   cl_fx.obj
 0001:00008db8       ?CL_RailTrailExt@@YAXABUCVec3@@0EE@Z 00409db8 f   cl_fx.obj
 0001:00008efd       ?CL_IonripperTrail@@YAXAAUcentity_t@@@Z 00409efd f   cl_fx.obj
 0001:00009057       ?CL_TrapParticles@@YAXABUCVec3@@@Z 0040a057 f   cl_fx.obj
 0001:000091eb       ?CL_TeleportParticles@@YAXABUCVec3@@@Z 0040a1eb f   cl_fx.obj
 0001:00009321       ?CL_Heatbeam@@YAXABUCVec3@@0@Z 0040a321 f   cl_fx.obj
 0001:000095c7       ?CL_ParticleSteamEffect@@YAXABUCVec3@@0HHH@Z 0040a5c7 f   cl_fx.obj
 0001:00009700       ?CL_ParticleSmokeEffect@@YAXABUCVec3@@0@Z 0040a700 f   cl_fx.obj
 0001:0000981c       ?CL_TrackerTrail@@YAXAAUcentity_t@@@Z 0040a81c f   cl_fx.obj
 0001:0000999a       ?CL_TrackerShell@@YAXABUCVec3@@@Z 0040a99a f   cl_fx.obj
 0001:00009a26       ?CL_MonsterPlasmaShell@@YAXABUCVec3@@@Z 0040aa26 f   cl_fx.obj
 0001:00009aaf       ?CL_WidowSplash@@YAXABUCVec3@@@Z 0040aaaf f   cl_fx.obj
 0001:00009b90       ?IN_CenterView@@YAXXZ      0040ab90 f   cl_input.obj
 0001:00009bb1       ?CL_InitInput@@YAXXZ       0040abb1 f   cl_input.obj
 0001:0000a14d       ?CL_SendCmd@@YAXXZ         0040b14d f   cl_input.obj
 0001:0000a7cb       ?CL_WriteDemoMessage@@YAXXZ 0040b7cb f   cl_main.obj
 0001:0000a80d       ?Cmd_ForwardToServer@@YAXHPAPAD@Z 0040b80d f   cl_main.obj
 0001:0000a8d0       ?CL_ForwardToServer_f@@YAXHPAPAD@Z 0040b8d0 f   cl_main.obj
 0001:0000a918       ?CL_Pause@@YAX_N@Z         0040b918 f   cl_main.obj
 0001:0000a95a       ?CL_Drop@@YAX_N@Z          0040b95a f   cl_main.obj
 0001:0000a981       ?CL_SendConnectPacket@@YAXXZ 0040b981 f   cl_main.obj
 0001:0000a9ed       ?CL_Connect_f@@YAX_NHPAPAD@Z 0040b9ed f   cl_main.obj
 0001:0000aa58       ?CL_Rcon_f@@YAXHPAPAD@Z    0040ba58 f   cl_main.obj
 0001:0000ab44       ?CL_Disconnect@@YAXXZ      0040bb44 f   cl_main.obj
 0001:0000acef       ?CL_Disconnect_f@@YAXXZ    0040bcef f   cl_main.obj
 0001:0000acf9       ?CL_Changing_f@@YAXXZ      0040bcf9 f   cl_main.obj
 0001:0000ad1d       ?CL_Reconnect_f@@YAXXZ     0040bd1d f   cl_main.obj
 0001:0000adb9       ?CL_PingServers_f@@YAXXZ   0040bdb9 f   cl_main.obj
 0001:0000aebb       ?CL_Skins_f@@YAXXZ         0040bebb f   cl_main.obj
 0001:0000b1a3       ?CL_ConnectionlessPacket@@YAXXZ 0040c1a3 f   cl_main.obj
 0001:0000b2a0       ?CL_ReadPackets@@YAXXZ     0040c2a0 f   cl_main.obj
 0001:0000b3e3       ?CL_Userinfo_f@@YAXXZ      0040c3e3 f   cl_main.obj
 0001:0000b3fb       ?CL_RegisterSounds@@YAXXZ  0040c3fb f   cl_main.obj
 0001:0000b43a       ?CL_Snd_Restart_f@@YAXXZ   0040c43a f   cl_main.obj
 0001:0000b449       ?CL_WriteConfiguration@@YAXPBD@Z 0040c449 f   cl_main.obj
 0001:0000b549       ?CL_WriteConfig_f@@YAX_NHPAPAD@Z 0040c549 f   cl_main.obj
 0001:0000b5b4       ?CL_FixCvarCheats@@YAXXZ   0040c5b4 f   cl_main.obj
 0001:0000b605       ?CL_Frame@@YAXMM@Z         0040c605 f   cl_main.obj
 0001:0000b944       ?CL_ClearState@@YAXXZ      0040c944 f   cl_main.obj
 0001:0000b982       ?CL_Init@@YAXXZ            0040c982 f   cl_main.obj
 0001:0000be40       ?CL_Shutdown@@YAXXZ        0040ce40 f   cl_main.obj
 0001:0000be9c       ?sprintf@?$TString@$0EAA@@@QAAHPBDZZ 0040ce9c f i cl_main.obj
 0001:0000beb8       ?CL_ParseClientinfo@@YAXH@Z 0040ceb8 f   cl_parse.obj
 0001:0000bf6d       ?CL_UpdatePlayerClientInfo@@YAXXZ 0040cf6d f   cl_parse.obj
 0001:0000bfae       ?CL_ParseServerMessage@@YAXXZ 0040cfae f   cl_parse.obj
 0001:0000c788       ?FreePlayerModelsInfo@@YAXXZ 0040d788 f   cl_playermodel.obj
 0001:0000c7ae       ?ScanQuake3Models@@YAXPBD@Z 0040d7ae f   cl_playermodel.obj
 0001:0000c94f       ?ScanPlayerModels@@YA_NXZ  0040d94f f   cl_playermodel.obj
 0001:0000cba4       ?RunAnimation@@YAXAAUclientInfo_t@@AAUanimState_t@@H@Z 0040dba4 f   cl_playermodel.obj
 0001:0000cd85       ?CL_LoadClientinfo@@YAXAAUclientInfo_t@@PBD_N@Z 0040dd85 f   cl_playermodel.obj
 0001:0000da10       ?ParsePlayerEntity@@YAHAAUcentity_t@@AAUclientInfo_t@@PAUclEntityState_t@@ABUentity_t@@PAU4@HH@Z 0040ea10 f   cl_playermodel.obj
 0001:0000e566       ?CreateAndInsert@?$TList@VCStringItem@@@@QAEPAVCStringItem@@PBDPAVCMemoryChain@@@Z 0040f566 f i cl_playermodel.obj
 0001:0000e59c       ?Insert@?$TList@VshaderScript_t@OpenGLDrv@@@@QAE_NPAVshaderScript_t@OpenGLDrv@@@Z 0040f59c f i cl_playermodel.obj
 0001:0000e59c       ?Insert@?$TList@VplayerModelInfo_t@@@@QAE_NPAVplayerModelInfo_t@@@Z 0040f59c f i cl_playermodel.obj
 0001:0000e59c       ?Insert@?$TList@VCStringItem@@@@QAE_NPAVCStringItem@@@Z 0040f59c f i cl_playermodel.obj
 0001:0000e5d2       ?CL_CheckPredictionError@@YAXXZ 0040f5d2 f   cl_pred.obj
 0001:0000e768       ?CL_EntityTrace@@YAXAAUtrace_t@@ABUCVec3@@1ABUCBox@@H@Z 0040f768 f   cl_pred.obj
 0001:0000eb01       ?CL_Trace@@YAXAAUtrace_t@@ABUCVec3@@1ABUCBox@@H@Z 0040fb01 f   cl_pred.obj
 0001:0000eb7d       ?CL_PMpointcontents@@YAHABUCVec3@@@Z 0040fb7d f   cl_pred.obj
 0001:0000ed09       ?CL_PredictMovement@@YAXXZ 0040fd09 f   cl_pred.obj
 0001:0000f0bc       ?DrawString@@YAXHHPBD@Z    004100bc f   cl_scrn.obj
 0001:0000f101       ?SCR_DebugGraph@@YAXMH@Z   00410101 f   cl_scrn.obj
 0001:0000f129       ?SCR_CenterPrint@@YAXPBD@Z 00410129 f   cl_scrn.obj
 0001:0000f22f       ?Key_Message@@YAXH@Z       0041022f f   cl_scrn.obj
 0001:0000f2cb       ?SCR_SetLevelshot@@YAXPBD@Z 004102cb f   cl_scrn.obj
 0001:0000f3c4       ?SCR_BeginLoadingPlaque@@YAXXZ 004103c4 f   cl_scrn.obj
 0001:0000f449       ?SCR_EndLoadingPlaque@@YAX_N@Z 00410449 f   cl_scrn.obj
 0001:0000f4ce       ?SCR_ShowConsole@@YAX_N0@Z 004104ce f   cl_scrn.obj
 0001:0000f593       ?SCR_ToggleConsole@@YAXXZ  00410593 f   cl_scrn.obj
 0001:0000f5bb       ?SCR_TouchPics@@YAXXZ      004105bb f   cl_scrn.obj
 0001:0000f611       ?SCR_UpdateScreen@@YAXXZ   00410611 f   cl_scrn.obj
 0001:00010855       ?SCR_Init@@YAXXZ           00411855 f   cl_scrn.obj
 0001:00010b84       ?sprintf@?$TString@$0BA@@@QAAHPBDZZ 00411b84 f i cl_scrn.obj
 0001:00010b9d       ?CL_RegisterTEntSounds@@YAXXZ 00411b9d f   cl_tent.obj
 0001:00010de2       ?CL_RegisterTEntModels@@YAXXZ 00411de2 f   cl_tent.obj
 0001:00010f2f       ?CL_ClearTEnts@@YAXXZ      00411f2f f   cl_tent.obj
 0001:00010f60       ?CL_SmokeAndFlash@@YAXABUCVec3@@@Z 00411f60 f   cl_tent.obj
 0001:000110f6       ?CL_ParsePlayerBeam@@YAHPAVCRenderModel@@@Z 004120f6 f   cl_tent.obj
 0001:00011201       ?CL_ParseLightning@@YAHPAVCRenderModel@@@Z 00412201 f   cl_tent.obj
 0001:000112c3       ?CL_ParseWidow@@YAXXZ      004122c3 f   cl_tent.obj
 0001:000113f9       ?CL_ParseNuke@@YAXXZ       004123f9 f   cl_tent.obj
 0001:0001150c       ?CL_ParseTEnt@@YAXXZ       0041250c f   cl_tent.obj
 0001:000122f3       ?CL_AddBeams@@YAXXZ        004132f3 f   cl_tent.obj
 0001:000124f5       ?CL_AddPlayerBeams@@YAXXZ  004134f5 f   cl_tent.obj
 0001:00012afc       ?CL_AddTEnts@@YAXXZ        00413afc f   cl_tent.obj
 0001:00012cfc       ?V_AddEntity@@YAXPAUentity_t@@@Z 00413cfc f   cl_view.obj
 0001:00012d37       ?V_AddEntity2@@YAXPAUentity_t@@@Z 00413d37 f   cl_view.obj
 0001:00012d66       ?AddEntityWithEffects2@@YAXPAUentity_t@@I@Z 00413d66 f   cl_view.obj
 0001:00012e05       ?AddEntityWithEffects@@YAXPAUentity_t@@I@Z 00413e05 f   cl_view.obj
 0001:00012e24       ?V_AddLight@@YAXABUCVec3@@MMMM@Z 00413e24 f   cl_view.obj
 0001:00012e69       ?V_TestEntities@@YAXXZ     00413e69 f   cl_view.obj
 0001:00012f96       ?V_TestLights@@YAXXZ       00413f96 f   cl_view.obj
 0001:0001306c       ?V_InitRenderer@@YAXXZ     0041406c f   cl_view.obj
 0001:00013454       ?CalcFov@@YAMMMM@Z         00414454 f   cl_view.obj
 0001:000134c2       ?V_RenderView@@YA_NXZ      004144c2 f   cl_view.obj
 0001:000140dc       ?V_Init@@YAXXZ             004150dc f   cl_view.obj
 0001:0001418b       ?Con_ClearNotify@@YAXXZ    0041518b f   console.obj
 0001:0001419a       ?Con_CheckResize@@YAXXZ    0041519a f   console.obj
 0001:000142c1       ?Write@COutputDeviceCon@@UAEXPBD@Z 004152c1 f   console.obj
 0001:000145bb       ?Con_DrawNotify@@YAX_N@Z   004155bb f   console.obj
 0001:000146d3       ?Con_DrawConsole@@YAXM@Z   004156d3 f   console.obj
 0001:00014987       ?Con_ClearTyping@@YAXXZ    00415987 f   console.obj
 0001:000149a0       ?Key_Console@@YAXHH@Z      004159a0 f   console.obj
 0001:00014de8       ?Con_Init@@YAXXZ           00415de8 f   console.obj
 0001:00014f5a       ?Key_KeynumToString@@YAPBDH@Z 00415f5a f   keys.obj
 0001:0001501a       ?Draw@completeMenu_t@@UAEXXZ 0041601a f i keys.obj
 0001:0001504b       ?KeyDown@completeMenu_t@@UAEPBDH@Z 0041604b f i keys.obj
 0001:00015074       ?Init@completeMenu_t@@UAE_NXZ 00416074 f i keys.obj
 0001:0001519b       ?CompleteMenuCallback@completeMenu_t@@SAXPAX@Z 0041619b f i keys.obj
 0001:00015229       ?CompleteCommand@@YAXXZ    00416229 f   keys.obj
 0001:00015934       ?Key_SetBinding@@YAXHPBD@Z 00416934 f   keys.obj
 0001:00015972       ?Key_FindBinding@@YAHPBDPAHH@Z 00416972 f   keys.obj
 0001:000159c0       ?Key_WriteBindings@@YAXPAVCOutputDevice@@@Z 004169c0 f   keys.obj
 0001:00015a07       ?Key_Init@@YAXXZ           00416a07 f   keys.obj
 0001:00015ceb       ?Key_Event@@YAXH_N@Z       00416ceb f   keys.obj
 0001:00016044       ?Key_ClearStates@@YAXXZ    00417044 f   keys.obj
 0001:00016079       ?M_ForceMenuOn@@YAXXZ      00417079 f   menu.obj
 0001:00016098       ?Draw@menuMain_t@@UAEXXZ   00417098 f i menu.obj
 0001:000161d4       ?KeyDown@menuMain_t@@UAEPBDH@Z 004171d4 f i menu.obj
 0001:00016290       ?Init@menuMain_t@@UAE_NXZ  00417290 f i menu.obj
 0001:00016298       ?M_Menu_Main_f@@YAXXZ      00417298 f   menu.obj
 0001:000162b2       ?Init@multiplayerMenu_t@@UAE_NXZ 004172b2 f i menu.obj
 0001:000163d6       ?Init@keysMenu_t@@UAE_NXZ  004173d6 f i menu.obj
 0001:000165bf       ?KeyCursorDrawFunc@keysMenu_t@@SAXPAUmenuFramework_t@@@Z 004175bf f i menu.obj
 0001:000165ff       ?DrawKeyBindingFunc@keysMenu_t@@SAXPAX@Z 004175ff f i menu.obj
 0001:000166c6       ?KeyDown@keysMenu_t@@UAEPBDH@Z 004176c6 f i menu.obj
 0001:00016773       ?UnbindCommand@keysMenu_t@@QAEXPAD@Z 00417773 f i menu.obj
 0001:000167b8       ?KeyBindingFunc@keysMenu_t@@QAEXPAX@Z 004177b8 f i menu.obj
 0001:00016817       ?Init@optionsMenu_t@@UAE_NXZ 00417817 f i menu.obj
 0001:00016c75       ?CrosshairFunc@optionsMenu_t@@SAXPAX@Z 00417c75 f i menu.obj
 0001:00016c9d       ?JoystickFunc@optionsMenu_t@@SAXPAX@Z 00417c9d f i menu.obj
 0001:00016cb2       ?AlwaysRunFunc@optionsMenu_t@@SAXPAX@Z 00417cb2 f i menu.obj
 0001:00016cc7       ?FreeLookFunc@optionsMenu_t@@SAXPAX@Z 00417cc7 f i menu.obj
 0001:00016cdc       ?MouseSpeedFunc@optionsMenu_t@@SAXPAX@Z 00417cdc f i menu.obj
 0001:00016cf9       ?InvertMouseFunc@optionsMenu_t@@SAXPAX@Z 00417cf9 f i menu.obj
 0001:00016d14       ?LookspringFunc@optionsMenu_t@@SAXPAX@Z 00417d14 f i menu.obj
 0001:00016d30       ?LookstrafeFunc@optionsMenu_t@@SAXPAX@Z 00417d30 f i menu.obj
 0001:00016d4c       ?UpdateVolumeFunc@optionsMenu_t@@SAXPAX@Z 00417d4c f i menu.obj
 0001:00016d69       ?UpdateCDVolumeFunc@optionsMenu_t@@SAXPAX@Z 00417d69 f i menu.obj
 0001:00016d83       ?SetMenuItemValues@optionsMenu_t@@SAXXZ 00417d83 f i menu.obj
 0001:00016f61       ?ResetDefaultsFunc@optionsMenu_t@@SAXPAX@Z 00417f61 f i menu.obj
 0001:00016f76       ?UpdateSoundFunc@optionsMenu_t@@SAXPAX@Z 00417f76 f i menu.obj
 0001:00017179       ?ScanCrosshairs@optionsMenu_t@@SAXXZ 00418179 f i menu.obj
 0001:000171d6       ?Draw@optionsMenu_t@@UAEXXZ 004181d6 f i menu.obj
 0001:0001723b       ?Draw@creditsMenu_t@@UAEXXZ 0041823b f i menu.obj
 0001:000172e2       ?KeyDown@creditsMenu_t@@UAEPBDH@Z 004182e2 f i menu.obj
 0001:0001731d       ?Init@creditsMenu_t@@UAE_NXZ 0041831d f i menu.obj
 0001:0001739e       ?Init@gameMenu_t@@UAE_NXZ  0041839e f i menu.obj
 0001:00017529       ?EasyGameFunc@gameMenu_t@@SAXPAX@Z 00418529 f i menu.obj
 0001:00017535       ?StartGame@gameMenu_t@@SAXPBD@Z 00418535 f i menu.obj
 0001:0001758d       ?MediumGameFunc@gameMenu_t@@SAXPAX@Z 0041858d f i menu.obj
 0001:00017599       ?HardGameFunc@gameMenu_t@@SAXPAX@Z 00418599 f i menu.obj
 0001:000175b5       ?Init@savegameMenu_t@@UAE_NXZ 004185b5 f i menu.obj
 0001:000176c5       ?Create_Savestrings@savegameMenu_t@@QAEXXZ 004186c5 f i menu.obj
 0001:0001777a       ?LoadGameCallback@savegameMenu_t@@SAXPAX@Z 0041877a f i menu.obj
 0001:000177a3       ?SaveGameCallback@savegameMenu_t@@SAXPAX@Z 004187a3 f i menu.obj
 0001:000177c2       ?Draw@savegameMenu_t@@UAEXXZ 004187c2 f i menu.obj
 0001:000177dd       ?DrawSavegameShot@savegameMenu_t@@QAEXHH@Z 004187dd f i menu.obj
 0001:000178b8       ?Init@joinserverMenu_t@@UAE_NXZ 004188b8 f i menu.obj
 0001:000179e1       ?JoinServerFunc@joinserverMenu_t@@SAXPAX@Z 004189e1 f i menu.obj
 0001:00017a43       ?SearchLocalGames@joinserverMenu_t@@SAXXZ 00418a43 f i menu.obj
 0001:00017aae       ?M_AddToServerList@@YAXUnetadr_t@@PAD@Z 00418aae f   menu.obj
 0001:00017b2f       ?Init@startserverMenu_t@@UAE_NXZ 00418b2f f i menu.obj
 0001:00017fa9       ?DMOptionsFunc@startserverMenu_t@@SAXPAX@Z 00418fa9 f i menu.obj
 0001:00017fb9       ?RulesChangeFunc@startserverMenu_t@@SAXPAX@Z 00418fb9 f i menu.obj
 0001:00018031       ?StartServerActionFunc@startserverMenu_t@@SAXPAX@Z 00419031 f i menu.obj
 0001:0001805c       ?StartServerFunc@startserverMenu_t@@SAXPAD@Z 0041905c f i menu.obj
 0001:00018292       ?KeyDown@startserverMenu_t@@UAEPBDH@Z 00419292 f i menu.obj
 0001:000182ef       ?Init@dmoptionsMenu_t@@UAE_NXZ 004192ef f i menu.obj
 0001:000188cc       ?DMFlagCallback@dmoptionsMenu_t@@SAXPAX@Z 004198cc f i menu.obj
 0001:00018aa2       ?Init@downloadOptionsMenu_t@@UAE_NXZ 00419aa2 f i menu.obj
 0001:00018c6d       ?DownloadCallback@downloadOptionsMenu_t@@SAXPAX@Z 00419c6d f i menu.obj
 0001:00018cd8       ?Init@addressBookMenu_t@@UAE_NXZ 00419cd8 f i menu.obj
 0001:00018d80       ?KeyDown@addressBookMenu_t@@UAEPBDH@Z 00419d80 f i menu.obj
 0001:00018ddd       ?Init@playerConfigMenu_t@@UAE_NXZ 00419ddd f i menu.obj
 0001:00019324       ?HandednessCallback@playerConfigMenu_t@@SAXPAX@Z 0041a324 f i menu.obj
 0001:00019339       ?RTypeCallback@playerConfigMenu_t@@SAXPAX@Z 0041a339 f i menu.obj
 0001:0001934e       ?RColorCallback@playerConfigMenu_t@@SAXPAX@Z 0041a34e f i menu.obj
 0001:00019363       ?RateCallback@playerConfigMenu_t@@SAXPAX@Z 0041a363 f i menu.obj
 0001:00019386       ?ModelCallback@playerConfigMenu_t@@SAXPAX@Z 0041a386 f i menu.obj
 0001:000193ba       ?SkinCallback@playerConfigMenu_t@@SAXPAX@Z 0041a3ba f i menu.obj
 0001:000193c2       ?Draw@playerConfigMenu_t@@UAEXXZ 0041a3c2 f i menu.obj
 0001:000196a4       ?KeyDown@playerConfigMenu_t@@UAEPBDH@Z 0041a6a4 f i menu.obj
 0001:00019783       ?Init@dmbrowseMenu_t@@UAE_NXZ 0041a783 f i menu.obj
 0001:00019989       ?KeyDown@dmbrowseMenu_t@@UAEPBDH@Z 0041a989 f i menu.obj
 0001:00019b4d       ?Draw@dmbrowseMenu_t@@UAEXXZ 0041ab4d f i menu.obj
 0001:00019c92       ?DrawThumbnail@dmbrowseMenu_t@@SAXHHHHPAD_N@Z 0041ac92 f i menu.obj
 0001:00019d6c       ?Init@videoMenu_t@@UAE_NXZ 0041ad6c f i menu.obj
 0001:0001a325       ?ScreenSizeCallback@videoMenu_t@@SAXPAX@Z 0041b325 f i menu.obj
 0001:0001a343       ?BrightnessCallback@videoMenu_t@@SAXPAX@Z 0041b343 f i menu.obj
 0001:0001a361       ?ContrastCallback@videoMenu_t@@SAXPAX@Z 0041b361 f i menu.obj
 0001:0001a39a       ?CancelChanges@videoMenu_t@@SAXPAX@Z 0041b39a f i menu.obj
 0001:0001a3bb       ?KeyDown@videoMenu_t@@UAEPBDH@Z 0041b3bb f i menu.obj
 0001:0001a402       ?ApplyChanges@videoMenu_t@@SAXPAX@Z 0041b402 f i menu.obj
 0001:0001a5b9       ?KeyDown@quitMenu_t@@UAEPBDH@Z 0041b5b9 f i menu.obj
 0001:0001a5f3       ?Draw@quitMenu_t@@UAEXXZ   0041b5f3 f i menu.obj
 0001:0001a663       ?M_Init@@YAXXZ             0041b663 f   menu.obj
 0001:0001a845       ?ItemAtCursor@menuFramework_t@@QAEPAUmenuCommon_t@@XZ 0041b845 f   qmenu.obj
 0001:0001a899       ?AddItem@menuFramework_t@@QAEXPAUmenuCommon_t@@@Z 0041b899 f   qmenu.obj
 0001:0001a955       ?AdjustCursor@menuFramework_t@@QAEXH@Z 0041b955 f   qmenu.obj
 0001:0001aac4       ?Center@menuFramework_t@@QAEXXZ 0041bac4 f   qmenu.obj
 0001:0001ab05       ?Draw@menuFramework_t@@UAEXXZ 0041bb05 f   qmenu.obj
 0001:0001b0ca       ?SelectItem@menuFramework_t@@QAE_NXZ 0041c0ca f   qmenu.obj
 0001:0001b128       ?SetStatusBar@menuFramework_t@@QAEXPBD@Z 0041c128 f   qmenu.obj
 0001:0001b132       ?SlideItem@menuFramework_t@@QAEXH@Z 0041c132 f   qmenu.obj
 0001:0001b6af       ?Push@menuFramework_t@@QAEXXZ 0041c6af f   qmenu.obj
 0001:0001b72e       ?M_ForceMenuOff@@YAXXZ     0041c72e f   qmenu.obj
 0001:0001b75b       ?Pop@menuFramework_t@@QAEXXZ 0041c75b f   qmenu.obj
 0001:0001b795       ?KeyDown@menuFramework_t@@UAEPBDH@Z 0041c795 f   qmenu.obj
 0001:0001ba09       ?Init@menuFramework_t@@UAE_NXZ 0041ca09 f   qmenu.obj
 0001:0001ba0c       ?M_Draw@@YAXXZ             0041ca0c f   qmenu.obj
 0001:0001ba47       ?M_Keydown@@YAXH@Z         0041ca47 f   qmenu.obj
 0001:0001ba66       ?InitRendererVars@@YAXXZ   0041ca66 f   ref_vars.obj
 0001:0001ba85       ?S_SoundInfo_f@@YAXXZ      0041ca85 f   snd_dma.obj
 0001:0001bb0f       ?S_Init@@YAXXZ             0041cb0f f   snd_dma.obj
 0001:0001bbe1       ?S_Shutdown@@YAXXZ         0041cbe1 f   snd_dma.obj
 0001:0001bc74       ?S_BeginRegistration@@YAXXZ 0041cc74 f   snd_dma.obj
 0001:0001bc82       ?S_RegisterSound@@YAPAUsfx_t@@PBD@Z 0041cc82 f   snd_dma.obj
 0001:0001be28       ?S_EndRegistration@@YAXXZ  0041ce28 f   snd_dma.obj
 0001:0001beab       ?S_PickChannel@@YAPAUchannel_t@@HH@Z 0041ceab f   snd_dma.obj
 0001:0001bf38       ?S_Spatialize@@YAXPAUchannel_t@@@Z 0041cf38 f   snd_dma.obj
 0001:0001c118       ?S_AllocPlaysound@@YAPAUplaysound_t@@XZ 0041d118 f   snd_dma.obj
 0001:0001c13a       ?S_FreePlaysound@@YAXPAUplaysound_t@@@Z 0041d13a f   snd_dma.obj
 0001:0001c16a       ?S_IssuePlaysound@@YAXPAUplaysound_t@@@Z 0041d16a f   snd_dma.obj
 0001:0001c237       ?S_StartSound@@YAXPBUCVec3@@HHPAUsfx_t@@MMM@Z 0041d237 f   snd_dma.obj
 0001:0001c5f6       ?S_StartLocalSound@@YAXPBD@Z 0041d5f6 f   snd_dma.obj
 0001:0001c645       ?S_ClearBuffer@@YAXXZ      0041d645 f   snd_dma.obj
 0001:0001c6ae       ?S_StopAllSounds_f@@YAXXZ  0041d6ae f   snd_dma.obj
 0001:0001c71e       ?S_AddLoopSounds@@YAXXZ    0041d71e f   snd_dma.obj
 0001:0001c8f4       ?S_RawSamples@@YAXHHHHPAE@Z 0041d8f4 f   snd_dma.obj
 0001:0001caf8       ?S_Update@@YAXABUCVec3@@0@Z 0041daf8 f   snd_dma.obj
 0001:0001cbce       ?GetSoundtime@@YAXXZ       0041dbce f   snd_dma.obj
 0001:0001cc35       ?S_Update_@@YAXXZ          0041dc35 f   snd_dma.obj
 0001:0001cee8       ?ResampleSfx@@YAXPAUsfx_t@@HHPAE@Z 0041dee8 f   snd_mem.obj
 0001:0001d003       ?S_LoadSound@@YAPAUsfxcache_t@@PAUsfx_t@@@Z 0041e003 f   snd_mem.obj
 0001:0001d13f       ?GetWavinfo@@YA?AUwavinfo_t@@PADPAEH@Z 0041e13f f   snd_mem.obj
 0001:0001d381       ?S_WriteLinearBlastStereo16@@YAXXZ 0041e381 f   snd_mix.obj
 0001:0001d3f5       ?S_TransferStereo16@@YAXPAKH@Z 0041e3f5 f   snd_mix.obj
 0001:0001d45e       ?S_TransferPaintBuffer@@YAXH@Z 0041e45e f   snd_mix.obj
 0001:0001d5c2       ?S_PaintChannels@@YAXH@Z   0041e5c2 f   snd_mix.obj
 0001:0001d83e       ?S_InitScaletable@@YAXXZ   0041e83e f   snd_mix.obj
 0001:0001d9ff       ?SV_ComputeAnimation@@YAXPAUplayer_state_t@@AAUentityStateEx_t@@PAU2@PAUedict_s@@@Z 0041e9ff f   sv_anim.obj
 0001:0001ddfc       ?SV_ReadLevelFile@@YAXXZ   0041edfc f   sv_ccmds.obj
 0001:0001deaa       ?SV_AddressBanned@@YA_NPAUnetadr_t@@@Z 0041eeaa f   sv_ccmds.obj
 0001:0001deeb       ?SV_InitCommands@@YAXXZ    0041eeeb f   sv_ccmds.obj
 0001:0001f306       ?sprintf@?$TString@$0CI@@@QAAHPBDZZ 00420306 f i sv_ccmds.obj
 0001:0001f31f       ?SV_WriteFrameToClient@@YAXPAUclient_t@@PAVsizebuf_t@@@Z 0042031f f   sv_ents.obj
 0001:0001fa65       ?SV_RecordDemoMessage@@YAXXZ 00420a65 f   sv_ents.obj
 0001:00020637       ?SV_InitGameLibrary@@YAX_N@Z 00421637 f   sv_game.obj
 0001:00020792       ?SV_ShutdownGameLibrary@@YAXXZ 00421792 f   sv_game.obj
 0001:000208ef       ?SV_FindIndex@@YAHPBDHH_N@Z 004218ef f   sv_init.obj
 0001:000209fc       ?SV_ModelIndex@@YAHPBD@Z   004219fc f   sv_init.obj
 0001:00020a12       ?SV_SoundIndex@@YAHPBD@Z   00421a12 f   sv_init.obj
 0001:00020a2b       ?SV_ImageIndex@@YAHPBD@Z   00421a2b f   sv_init.obj
 0001:00020a44       ?SV_CreateBaseline@@YAXXZ  00421a44 f   sv_init.obj
 0001:00020ac1       ?SV_SpawnServer@@YAXPAD0W4server_state_t@@_N2@Z 00421ac1 f   sv_init.obj
 0001:00020dec       ?SV_InitGame@@YAXXZ        00421dec f   sv_init.obj
 0001:00021014       ?SV_Map@@YAX_NPBD0@Z       00422014 f   sv_init.obj
 0001:000211d6       ?SV_DropClient@@YAXPAUclient_t@@PAD@Z 004221d6 f   sv_main.obj
 0001:00021bb3       ??0COutputDeviceMem@@QAE@H@Z 00422bb3 f i sv_main.obj
 0001:00021be2       ?Write@COutputDeviceMem@@UAEXPBD@Z 00422be2 f i sv_main.obj
 0001:00021c67       ??_GCOutputDeviceMem@@QAEPAXI@Z 00422c67 f i sv_main.obj
 0001:00021c92       ?SV_ConnectionlessPacket@@YAXXZ 00422c92 f   sv_main.obj
 0001:00021d5d       ?SV_CalcPings@@YAXXZ       00422d5d f   sv_main.obj
 0001:00021de4       ?SV_GiveMsec@@YAXXZ        00422de4 f   sv_main.obj
 0001:00021e23       ?SV_ReadPackets@@YAXXZ     00422e23 f   sv_main.obj
 0001:00021f6b       ?SV_CheckTimeouts@@YAXXZ   00422f6b f   sv_main.obj
 0001:0002207c       ?SV_PostprocessFrame@@YAXXZ 0042307c f   sv_main.obj
 0001:00022539       ?SV_MulticastHook@@YAPAVsizebuf_t@@PAV1@0@Z 00423539 f   sv_main.obj
 0001:00022929       ?SV_TraceHook@@YA?AUtrace_t@@ABUCVec3@@PBU2@10PAUedict_s@@H@Z 00423929 f   sv_main.obj
 0001:00022ac7       ?SV_Frame@@YAXM@Z          00423ac7 f   sv_main.obj
 0001:00022d80       ?SV_UserinfoChanged@@YAXPAUclient_t@@@Z 00423d80 f   sv_main.obj
 0001:00022e41       ?SV_InitVars@@YAXXZ        00423e41 f   sv_main.obj
 0001:00022e50       ?SV_Init@@YAXXZ            00423e50 f   sv_main.obj
 0001:00022ea9       ?SV_Shutdown@@YAXPBD_N@Z   00423ea9 f   sv_main.obj
 0001:000230b6       ?SV_ClientPrintf@@YAXPAUclient_t@@HPBDZZ 004240b6 f   sv_send.obj
 0001:00023111       ?SV_BroadcastPrintf@@YAXHPBDZZ 00424111 f   sv_send.obj
 0001:000231e7       ?SV_BroadcastCommand@@YAXPBDZZ 004241e7 f   sv_send.obj
 0001:0002323f       ?SV_Multicast@@YAXABUCVec3@@W4multicast_t@@_N@Z 0042423f f   sv_send.obj
 0001:00023465       ?SV_MulticastOld@@YAXABUCVec3@@W4multicast_t@@@Z 00424465 f   sv_send.obj
 0001:00023478       ?SV_MulticastNew@@YAXABUCVec3@@W4multicast_t@@@Z 00424478 f   sv_send.obj
 0001:0002348b       ?SV_StartSound@@YAXPBUCVec3@@PAUedict_s@@HHMMM_N@Z 0042448b f   sv_send.obj
 0001:00023758       ?SV_StartSoundOld@@YAXPBUCVec3@@PAUedict_s@@HHMMM@Z 00424758 f   sv_send.obj
 0001:00023788       ?SV_StartSoundNew@@YAXPBUCVec3@@PAUedict_s@@HHMMM@Z 00424788 f   sv_send.obj
 0001:000237b8       ?SV_SendClientDatagram@@YA_NPAUclient_t@@@Z 004247b8 f   sv_send.obj
 0001:0002387a       ?SV_DemoCompleted@@YAXXZ   0042487a f   sv_send.obj
 0001:00023896       ?SV_RateDrop@@YA_NPAUclient_t@@@Z 00424896 f   sv_send.obj
 0001:000238e0       ?SV_SendClientMessages@@YAXXZ 004248e0 f   sv_send.obj
 0001:00023a3d       ?SV_DrawText3D@@YAXABUCVec3@@PBDI@Z 00424a3d f   sv_text.obj
 0001:00023a74       ?SV_ClearTexts@@YAXXZ      00424a74 f   sv_text.obj
 0001:00023a7c       ?SV_DrawTexts@@YAXXZ       00424a7c f   sv_text.obj
 0001:00023acd       ?SV_TokenizeString@@YAXPBD@Z 00424acd f   sv_tokenize.obj
 0001:00023ba4       ?SV_Argc@@YAHXZ            00424ba4 f   sv_tokenize.obj
 0001:00023baa       ?SV_Argv@@YAPADH@Z         00424baa f   sv_tokenize.obj
 0001:00023bc4       ?SV_Args@@YAPADXZ          00424bc4 f   sv_tokenize.obj
 0001:00024481       ?SV_Nextserver@@YAXXZ      00425481 f   sv_user.obj
 0001:00024510       ?SV_ClientThink@@YAXPAUclient_t@@PAUusercmd_t@@@Z 00425510 f   sv_user.obj
 0001:00024553       ?SV_ExecuteClientMessage@@YAXPAUclient_t@@@Z 00425553 f   sv_user.obj
 0001:0002481c       ?SV_ClearWorld@@YAXXZ      0042581c f   sv_world.obj
 0001:00024957       ?SV_UnlinkEdict@@YAXPAUedict_s@@@Z 00425957 f   sv_world.obj
 0001:00024a1a       ?SV_LinkEdict@@YAXPAUedict_s@@@Z 00425a1a f   sv_world.obj
 0001:00025005       ?SV_AreaEdicts@@YAHABUCVec3@@0PAPAUedict_s@@HH@Z 00426005 f   sv_world.obj
 0001:000251b6       ?SV_PointContents@@YAHABUCVec3@@@Z 004261b6 f   sv_world.obj
 0001:000252dd       ?SV_Trace@@YAXAAUtrace_t@@ABUCVec3@@1ABUCBox@@PAUedict_s@@H@Z 004262dd f   sv_world.obj
 0001:0002575c       ?InitByteDirs@@YAXXZ       0042675c f   anorms.obj
 0001:0002579b       ?Cbuf_AddText@@YAXPBD@Z    0042679b f   cmd.obj
 0001:000257fd       ?Cbuf_CopyToDefer@@YAXXZ   004267fd f   cmd.obj
 0001:00025845       ?Cbuf_InsertFromDefer@@YAXXZ 00426845 f   cmd.obj
 0001:000258fe       ?Cbuf_Execute@@YAXXZ       004268fe f   cmd.obj
 0001:00025a04       ?Cmd_Unalias_f@@YAX_NHPAPAD@Z 00426a04 f   cmd.obj
 0001:00025a7a       ?Cmd_WriteAliases@@YAXPAVCOutputDevice@@@Z 00426a7a f   cmd.obj
 0001:00025aaa       ?RegisterCommand@@YA_NPBDP6AXXZI@Z 00426aaa f   cmd.obj
 0001:00025b8b       ?UnregisterCommand@@YA_NPBD@Z 00426b8b f   cmd.obj
 0001:00025c1c       ?ExecuteCommand@@YA_NPBD@Z 00426c1c f   cmd.obj
 0001:0002605f       ?ExecuteCommand@@YA_NPBDPBUCSimpleCommand@@H@Z 0042705f f   cmd.obj
 0001:0002649c       ?CM_LoadMap@@YAPAUcmodel_t@@PBD_NPAI@Z 0042749c f   cmodel.obj
 0001:00026c06       ?SetSignbits@cplane_t@@QAEXXZ 00427c06 f i cmodel.obj
 0001:00026c3a       ?SetType@cplane_t@@QAEXXZ  00427c3a f i cmodel.obj
 0001:00026dbd       ?CM_InlineModel@@YAPAUcmodel_t@@PBD@Z 00427dbd f   cmodel.obj
 0001:00026dfe       ?CM_NumClusters@@YAHXZ     00427dfe f   cmodel.obj
 0001:00026e04       ?CM_NumInlineModels@@YAHXZ 00427e04 f   cmodel.obj
 0001:00026e0a       ?CM_EntityString@@YAPBDXZ  00427e0a f   cmodel.obj
 0001:00026e10       ?CM_LeafContents@@YAHH@Z   00427e10 f   cmodel.obj
 0001:00026e37       ?CM_LeafCluster@@YAHH@Z    00427e37 f   cmodel.obj
 0001:00026ead       ?CM_LeafArea@@YAHH@Z       00427ead f   cmodel.obj
 0001:00027070       ?CM_HeadnodeForBox@@YAHABUCBox@@@Z 00428070 f   cmodel.obj
 0001:00027125       ?CM_PointLeafnum@@YAHABUCVec3@@H@Z 00428125 f   cmodel.obj
 0001:000271c8       ?DistanceTo@cplane_t@@QAEMABUCVec3@@@Z 004281c8 f i cmodel.obj
 0001:0002720c       ?CM_PointContents@@YAHABUCVec3@@H@Z 0042820c f   cmodel.obj
 0001:00027281       ?CM_TransformedPointContents@@YAHABUCVec3@@H00@Z 00428281 f   cmodel.obj
 0001:00027362       ?CM_TransformedPointContents@@YAHABUCVec3@@H0ABUCAxis@@@Z 00428362 f   cmodel.obj
 0001:0002740d       ?CM_BoxLeafnums@@YAHABUCBox@@PAHH1H@Z 0042840d f   cmodel.obj
 0001:00027520       ?BOX_ON_PLANE_SIDE@@YAHABUCBox@@ABUcplane_t@@@Z 00428520 f i cmodel.obj
 0001:0002758a       ?CM_BoxTrace@@YAXAAUtrace_t@@ABUCVec3@@1ABUCBox@@HH@Z 0042858a f   cmodel.obj
 0001:00027f44       ?CM_TransformedBoxTrace@@YAXAAUtrace_t@@ABUCVec3@@1ABUCBox@@HH11@Z 00428f44 f   cmodel.obj
 0001:000280c1       ?CM_TransformedBoxTrace@@YAXAAUtrace_t@@ABUCVec3@@1ABUCBox@@HH1ABUCAxis@@@Z 004290c1 f   cmodel.obj
 0001:0002817e       ?CM_BrushTrace@@YAHABUCVec3@@0PAHH@Z 0042917e f   cmodel.obj
 0001:00028590       ?CM_RefineBrushTrace@@YAHABUCVec3@@0PAHH@Z 00429590 f   cmodel.obj
 0001:00028636       ?CM_ClusterPVS@@YAPAEH@Z   00429636 f   cmodel.obj
 0001:0002877a       ?CM_ClusterPHS@@YAPAEH@Z   0042977a f   cmodel.obj
 0001:000288dd       ?CM_SetAreaPortalState@@YAXH_N@Z 004298dd f   cmodel.obj
 0001:00028902       ?CM_AreasConnected@@YA_NHH@Z 00429902 f   cmodel.obj
 0001:00028946       ?CM_WriteAreaBits@@YAHPAEH@Z 00429946 f   cmodel.obj
 0001:000289e8       ?CM_WritePortalState@@YAXPAU_iobuf@@@Z 004299e8 f   cmodel.obj
 0001:00028a02       ?CM_ReadPortalState@@YAXPAU_iobuf@@@Z 00429a02 f   cmodel.obj
 0001:00028a20       ?CM_HeadnodeVisible@@YA_NHPBE@Z 00429a20 f   cmodel.obj
 0001:00028afb       ?Com_DPrintf@@YAXPBDZZ     00429afb f   common.obj
 0001:00028b74       ?DebugPrintf@@YAXPBDZZ     00429b74 f   common.obj
 0001:00028c22       ?IPWildcard@@YA_NPAUnetadr_t@@PBD@Z 00429c22 f   common.obj
 0001:00028cf9       ?Com_ServerState@@YA?AW4server_state_t@@XZ 00429cf9 f   common.obj
 0001:00028cff       ?Com_SetServerState@@YAXW4server_state_t@@@Z 00429cff f   common.obj
 0001:00028d09       ?crand@@YAMXZ              00429d09 f   common.obj
 0001:00028d27       ?Info_ValueForKey@@YAPBDPBD0@Z 00429d27 f   common.obj
 0001:00028da6       ?Info_SetValueForKey@@YAXPADPBD1@Z 00429da6 f   common.obj
 0001:00028f09       ?Info_Print@@YAXPBD@Z      00429f09 f   common.obj
 0001:00028f8f       ?Com_CheckCmdlineVar@@YA_NPBD@Z 00429f8f f   common.obj
 0001:00028fe5       ?Com_Init@@YAXPBD@Z        00429fe5 f   common.obj
 0001:00029391       ?Com_Frame@@YAXM@Z         0042a391 f   common.obj
 0001:00029793       ?Com_BlockSequenceCRCByte@@YAEPAEHH@Z 0042a793 f   crc.obj
 0001:00029849       ?Cvar_VariableValue@@YAMPBD@Z 0042a849 f   cvar.obj
 0001:000298b7       ?Cvar_VariableInt@@YAHPBD@Z 0042a8b7 f   cvar.obj
 0001:000298ca       ?Cvar_VariableString@@YAPBDPBD@Z 0042a8ca f   cvar.obj
 0001:000298e2       ?Cvar_Get@@YAPAUcvar_t@@PBD0H@Z 0042a8e2 f   cvar.obj
 0001:00029c53       ?Cvar_GetVars@@YAXPBUcvarInfo_t@@H@Z 0042ac53 f   cvar.obj
 0001:00029cfd       ?Cvar_FullSet@@YAXPAUcvar_t@@PBDI@Z 0042acfd f   cvar.obj
 0001:00029d2f       ?Cvar_FullSet@@YAPAUcvar_t@@PBD0I@Z 0042ad2f f   cvar.obj
 0001:00029d6f       ?Cvar_SetValue@@YAPAUcvar_t@@PBDM@Z 0042ad6f f   cvar.obj
 0001:00029f3c       ?Cvar_SetInteger@@YAPAUcvar_t@@PBDH@Z 0042af3c f   cvar.obj
 0001:00029f5e       ?Cvar_Set@@YAPAUcvar_t@@PBD0@Z 0042af5e f   cvar.obj
 0001:00029f73       ?Cvar_ForceSet@@YAPAUcvar_t@@PBD0@Z 0042af73 f   cvar.obj
 0001:00029f88       ?Cvar_Clamp@@YAMPAUcvar_t@@MM@Z 0042af88 f   cvar.obj
 0001:00029fe6       ?Cvar_Command@@YA_NHPAPAD@Z 0042afe6 f   cvar.obj
 0001:0002a07f       ?IsDefault@cvar_t@@QAE_NXZ 0042b07f f i cvar.obj
 0001:0002a09c       ?Cvar_WriteVariables@@YAXPAVCOutputDevice@@HHPBD@Z 0042b09c f   cvar.obj
 0001:0002a122       ?Cvar_Userinfo@@YAPBDXZ    0042b122 f   cvar.obj
 0001:0002a17d       ?Cvar_Serverinfo@@YAPBDXZ  0042b17d f   cvar.obj
 0001:0002a186       ?Cvar_Cheats@@YAX_N@Z      0042b186 f   cvar.obj
 0001:0002a9fa       ?MSG_WriteDeltaEntity@@YAXPAVsizebuf_t@@PBUentityStateEx_t@@PAU2@_N33@Z 0042b9fa f   entdelta.obj
 0001:0002afb6       ?MSG_WriteRemoveEntity@@YAXPAVsizebuf_t@@H@Z 0042bfb6 f   entdelta.obj
 0001:0002aff6       ?MSG_ReadEntityBits@@YAHPAVsizebuf_t@@PAIPA_N@Z 0042bff6 f   entdelta.obj
 0001:0002b067       ?MSG_ReadDeltaEntity@@YAXPAVsizebuf_t@@PBUentityStateEx_t@@PAU2@I@Z 0042c067 f   entdelta.obj
 0001:0002b0ea       ?MSG_WriteDeltaUsercmd@@YAXPAVsizebuf_t@@PBUusercmd_t@@PAU2@@Z 0042c0ea f   entdelta.obj
 0001:0002b179       ?MSG_ReadDeltaUsercmd@@YAXPAVsizebuf_t@@PBUusercmd_t@@PAU2@@Z 0042c179 f   entdelta.obj
 0001:0002b47c       ?MSG_WriteDeltaPlayerstate@@YAXPAVsizebuf_t@@PBUplayer_state_t@@PAU2@@Z 0042c47c f   entdelta.obj
 0001:0002b585       ?MSG_ReadDeltaPlayerstate@@YAXPAVsizebuf_t@@PBUplayer_state_t@@PAU2@@Z 0042c585 f   entdelta.obj
 0001:0002b63f       ?LoadPCX@@YAXPBDAAPAE1AAH2@Z 0042c63f f   images.obj
 0001:0002b77a       ?LoadTGA@@YAXPBDAAPAEAAH2@Z 0042c77a f   images.obj
 0001:0002b954       ?LoadJPG@@YAXPBDAAPAEAAH2@Z 0042c954 f   images.obj
 0001:0002bbe5       ?ImageExists@@YAHPBDH@Z    0042cbe5 f   images.obj
 0001:0002bd09       ?WriteTGA@@YA_NPBDPAEHH@Z  0042cd09 f   images.obj
 0001:0002befd       ?WriteJPG@@YA_NPBDPAEHH_N@Z 0042cefd f   images.obj
 0001:0002c02e       ?MD4Init@@YAXPAUMD4_CTX@@@Z 0042d02e f   md4.obj
 0001:0002c056       ?MD4Update@@YAXPAUMD4_CTX@@PAEI@Z 0042d056 f   md4.obj
 0001:0002c0f4       ?MD4Final@@YAXQAEPAUMD4_CTX@@@Z 0042d0f4 f   md4.obj
 0001:0002c7e5       ?Com_BlockChecksum@@YAIPAXH@Z 0042d7e5 f   md4.obj
 0001:0002c821       ?LoadQ2BspFile@@YAXXZ      0042d821 f   model.obj
 0001:0002cbd7       ?LoadBspFile@@YAPAUbspfile_t@@PBD_NPAI@Z 0042dbd7 f   model.obj
 0001:0002cd90       ?ProcessEntstring@@YAPADPAD@Z 0042dd90 f   model.obj
 0001:0002dc3d       ?Init@sizebuf_t@@QAEXPAXH@Z 0042ec3d f   msg.obj
 0001:0002dc58       ?Write@sizebuf_t@@QAEXPBXH@Z 0042ec58 f   msg.obj
 0001:0002dcc8       ?MSG_WriteChar@@YAXPAVsizebuf_t@@H@Z 0042ecc8 f   msg.obj
 0001:0002dcc8       ?MSG_WriteByte@@YAXPAVsizebuf_t@@H@Z 0042ecc8 f   msg.obj
 0001:0002dcd9       ?MSG_WriteShort@@YAXPAVsizebuf_t@@H@Z 0042ecd9 f   msg.obj
 0001:0002dcea       ?MSG_WriteLong@@YAXPAVsizebuf_t@@H@Z 0042ecea f   msg.obj
 0001:0002dcea       ?MSG_WriteFloat@@YAXPAVsizebuf_t@@M@Z 0042ecea f   msg.obj
 0001:0002dcfb       ?MSG_WriteString@@YAXPAVsizebuf_t@@PBD@Z 0042ecfb f   msg.obj
 0001:0002dd25       ?MSG_WritePos@@YAXPAVsizebuf_t@@ABUCVec3@@@Z 0042ed25 f   msg.obj
 0001:0002dd89       ?MSG_WriteAngle@@YAXPAVsizebuf_t@@M@Z 0042ed89 f   msg.obj
 0001:0002ddb4       ?MSG_WriteAngle16@@YAXPAVsizebuf_t@@M@Z 0042edb4 f   msg.obj
 0001:0002dddf       ?MSG_WriteDir@@YAXPAVsizebuf_t@@ABUCVec3@@@Z 0042eddf f   msg.obj
 0001:0002de47       ?MSG_ReadDir@@YAXPAVsizebuf_t@@AAUCVec3@@@Z 0042ee47 f   msg.obj
 0001:0002de78       ?MSG_ReadChar@@YAHPAVsizebuf_t@@@Z 0042ee78 f   msg.obj
 0001:0002de98       ?MSG_ReadByte@@YAHPAVsizebuf_t@@@Z 0042ee98 f   msg.obj
 0001:0002deb8       ?MSG_ReadShort@@YAHPAVsizebuf_t@@@Z 0042eeb8 f   msg.obj
 0001:0002ded8       ?MSG_ReadLong@@YAHPAVsizebuf_t@@@Z 0042eed8 f   msg.obj
 0001:0002def7       ?MSG_ReadString@@YAPADPAVsizebuf_t@@@Z 0042eef7 f   msg.obj
 0001:0002df2a       ?MSG_ReadPos@@YAXPAVsizebuf_t@@AAUCVec3@@@Z 0042ef2a f   msg.obj
 0001:0002df7c       ?MSG_ReadAngle@@YAMPAVsizebuf_t@@@Z 0042ef7c f   msg.obj
 0001:0002df96       ?MSG_ReadAngle16@@YAMPAVsizebuf_t@@@Z 0042ef96 f   msg.obj
 0001:0002dfb0       ?MSG_ReadData@@YAXPAVsizebuf_t@@PAXH@Z 0042efb0 f   msg.obj
 0001:0002dfd3       ?Netchan_Init@@YAXXZ       0042efd3 f   net_chan.obj
 0001:0002e047       ?Netchan_OutOfBandPrint@@YAXW4netsrc_t@@Unetadr_t@@PBDZZ 0042f047 f   net_chan.obj
 0001:0002e0cc       ?Setup@netchan_t@@QAEXW4netsrc_t@@Unetadr_t@@H@Z 0042f0cc f   net_chan.obj
 0001:0002e122       ?NeedReliable@netchan_t@@QAE_NXZ 0042f122 f   net_chan.obj
 0001:0002e147       ?Transmit@netchan_t@@QAEXPAXH@Z 0042f147 f   net_chan.obj
 0001:0002e2e2       ?Process@netchan_t@@QAE_NPAVsizebuf_t@@@Z 0042f2e2 f   net_chan.obj
 0001:0002e410       ?Pmove@@YAXPAUpmove_t@@@Z  0042f410 f   pmove.obj
 0001:000300f9       ?NormalizeColor@@YAMABUCVec3@@AAU1@@Z 004310f9 f   q_shared2.obj
 0001:00030155       ?NormalizeColor255@@YAMABUCVec3@@AAU1@@Z 00431155 f   q_shared2.obj
 0001:000301b5       ?appRsqrt@@YAMM@Z          004311b5 f   q_shared2.obj
 0001:000301e1       ?AngleVectors@@YAXABUCVec3@@PAU1@11@Z 004311e1 f   q_shared2.obj
 0001:00030342       ?MakeNormalVectors@@YAXABUCVec3@@AAU1@1@Z 00431342 f   q_shared2.obj
 0001:000303b1       ?Vec2Angles@@YAXABUCVec3@@AAU1@@Z 004313b1 f   q_shared2.obj
 0001:000304b4       ?Vec2Yaw@@YAMABUCVec3@@@Z  004314b4 f   q_shared2.obj
 0001:00030527       ?VectorLength@@YAMABUCVec3@@@Z 00431527 f   q_shared2.obj
 0001:00030556       ?VectorDistance@@YAMABUCVec3@@0@Z 00431556 f   q_shared2.obj
 0001:00030587       ?LerpAngle@@YAMMMM@Z       00431587 f   q_shared2.obj
 0001:000305ca       ?AngleMod@@YAMM@Z          004315ca f   q_shared2.obj
 0001:000305f6       ?AngleSubtract@@YAMMM@Z    004315f6 f   q_shared2.obj
 0001:0003062d       ?AnglesSubtract@@YAXABUCVec3@@0AAU1@@Z 0043162d f   q_shared2.obj
 0001:00030685       ?Normalize@CVec3@@QAEMXZ   00431685 f   q_shared2.obj
 0001:000306d7       ?VectorNormalize@@YAMABUCVec3@@AAU1@@Z 004316d7 f   q_shared2.obj
 0001:0003072f       ?NormalizeFast@CVec3@@QAEMXZ 0043172f f   q_shared2.obj
 0001:00030780       ?cross@@YAXABUCVec3@@0AAU1@@Z 00431780 f   q_shared2.obj
 0001:000307bb       ?Clear@CBox@@QAEXXZ        004317bb f   q_shared2.obj
 0001:000307d9       ?Expand@CBox@@QAEXABUCVec3@@@Z 004317d9 f   q_shared2.obj
 0001:00030808       ?Expand@CBox@@QAEXABU1@@Z  00431808 f   q_shared2.obj
 0001:00030844       ?GetCenter@CBox@@QAEXAAUCVec3@@@Z 00431844 f   q_shared2.obj
 0001:00030864       ?OnPlaneSide@CBox@@QBEHABUcplane_t@@@Z 00431864 f   q_shared2.obj
 0001:00030993       ?FromAngles@CAxis@@QAEXABUCVec3@@@Z 00431993 f   q_shared2.obj
 0001:000309d2       ?TransformVector@CAxis@@QBEXABUCVec3@@AAU2@@Z 004319d2 f   q_shared2.obj
 0001:00030a23       ?UnTransformVector@CAxis@@QBEXABUCVec3@@AAU2@@Z 00431a23 f   q_shared2.obj
 0001:00030a87       ?TransformAxis@CAxis@@QBEXABU1@AAU1@@Z 00431a87 f   q_shared2.obj
 0001:00030acd       ?UnTransformAxis@CAxis@@QBEXABU1@AAU1@@Z 00431acd f   q_shared2.obj
 0001:00030b13       ?TransformPoint@CCoords@@QBEXABUCVec3@@AAU2@@Z 00431b13 f   q_shared2.obj
 0001:00030b71       ?UnTransformPoint@CCoords@@QBEXABUCVec3@@AAU2@@Z 00431b71 f   q_shared2.obj
 0001:00030bde       ?UnTransformCoords@CCoords@@QBEXABU1@AAU1@@Z 00431bde f   q_shared2.obj
 0001:00030c08       ?TransformPlane@CCoords@@QBEXABUcplane_t@@AAU2@@Z 00431c08 f   q_shared2.obj
 0001:00030c40       ?TransformPoint@@YAXABUCVec3@@ABUCAxis@@0AAU1@@Z 00431c40 f   q_shared2.obj
 0001:00030ca3       ?UnTransformPoint@@YAXABUCVec3@@ABUCAxis@@0AAU1@@Z 00431ca3 f   q_shared2.obj
 0001:00030d13       ?COM_Parse@@YAPADAAPBD_N@Z 00431d13 f   q_shared2.obj
 0001:00030e33       ?COM_QuoteString@@YAPBDPBD_N@Z 00431e33 f   q_shared2.obj
 0001:00030ea5       ?FileExists@CQuakeFileSystem@@UAE_NPBDI@Z 00431ea5 f i QuakeFileSystem.obj
 0001:00030f0c       ?CheckFilename@CQuakeFileSystem@@AAEXPBD@Z 00431f0c f i QuakeFileSystem.obj
 0001:00030fab       ?OpenFile@CQuakeFileSystem@@UAEPAVCFile@@PBDI@Z 00431fab f i QuakeFileSystem.obj
 0001:0003103b       ?List@CQuakeFileSystem@@UAEPAVCFileList@@PBDIPAV2@@Z 0043203b f i QuakeFileSystem.obj
 0001:000310b6       ?FS_Gamedir@@YAPBDXZ       004320b6 f   QuakeFileSystem.obj
 0001:000310bc       ?FS_SetGamedir@@YA_NPBD@Z  004320bc f   QuakeFileSystem.obj
 0001:000310cb       ?SetGameDir@CQuakeFileSystem@@QAE_NPBD@Z 004320cb f i QuakeFileSystem.obj
 0001:00031251       ?MountGame@CQuakeFileSystem@@QAEXPBD@Z 00432251 f i QuakeFileSystem.obj
 0001:0003129c       ?FS_LoadGameConfig@@YAXXZ  0043229c f   QuakeFileSystem.obj
 0001:00031328       ?FS_NextPath@@YAPBDPBD@Z   00432328 f   QuakeFileSystem.obj
 0001:00031368       ?FS_CopyFile@@YAXPBD0@Z    00432368 f   QuakeFileSystem.obj
 0001:0003143e       ?FS_CopyFiles@@YAXPBD0@Z   0043243e f   QuakeFileSystem.obj
 0001:00031543       ?FS_RemoveFiles@@YAXPBD@Z  00432543 f   QuakeFileSystem.obj
 0001:000315e9       ?InitFileSystem@@YAXXZ     004325e9 f   QuakeFileSystem.obj
 0001:00031729       ?Create@CFileContainerPak@@SAPAVCFileContainer@@PBDPAU_iobuf@@@Z 00432729 f i QuakeFileSystem.obj
 0001:00031892       ??0CFileContainerArc@@QAE@XZ 00432892 f i QuakeFileSystem.obj
 0001:000318d9       ??_GCFileContainerArc@@UAEPAXI@Z 004328d9 f i QuakeFileSystem.obj
 0001:000318d9       ??_GCFileContainerPak@@UAEPAXI@Z 004328d9 f i QuakeFileSystem.obj
 0001:000318d9       ??_ECFileContainerArc@@UAEPAXI@Z 004328d9 f i QuakeFileSystem.obj
 0001:000318d9       ??_GCFileContainerZip@@UAEPAXI@Z 004328d9 f i QuakeFileSystem.obj
 0001:000318d9       ??_GCZResource@@UAEPAXI@Z  004328d9 f i QuakeFileSystem.obj
 0001:000318d9       ??_ECFileContainerZip@@UAEPAXI@Z 004328d9 f i QuakeFileSystem.obj
 0001:000318d9       ??_ECZResource@@UAEPAXI@Z  004328d9 f i QuakeFileSystem.obj
 0001:000318d9       ??_ECFileContainerPak@@UAEPAXI@Z 004328d9 f i QuakeFileSystem.obj
 0001:00031905       ?GetType@CFileContainerPak@@MAEPBDXZ 00432905 f i QuakeFileSystem.obj
 0001:0003190b       ?OpenFile@CFileContainerPak@@MAEPAVCFile@@ABVCStringItem@@@Z 0043290b f i QuakeFileSystem.obj
 0001:00031958       ?Read@CFilePak@CFileContainerPak@@UAEHPAXH@Z 00432958 f i QuakeFileSystem.obj
 0001:00031991       ?GetSize@CFilePak@CFileContainerPak@@UAEHXZ 00432991 f i QuakeFileSystem.obj
 0001:00031998       ?Eof@CFilePak@CFileContainerPak@@UAE_NXZ 00432998 f i QuakeFileSystem.obj
 0001:000319a5       ??_ECFilePak@CFileContainerPak@@UAEPAXI@Z 004329a5 f i QuakeFileSystem.obj
 0001:000319a5       ??_GCFilePak@CFileContainerPak@@UAEPAXI@Z 004329a5 f i QuakeFileSystem.obj
 0001:000319d7       ?Create@CFileContainerZip@@SAPAVCFileContainer@@PBDPAU_iobuf@@@Z 004329d7 f i QuakeFileSystem.obj
 0001:00031ce1       ?GetType@CFileContainerZip@@MAEPBDXZ 00432ce1 f i QuakeFileSystem.obj
 0001:00031ce7       ?OpenFile@CFileContainerZip@@MAEPAVCFile@@ABVCStringItem@@@Z 00432ce7 f i QuakeFileSystem.obj
 0001:00031d83       ??0CFilePak@CFileContainerZip@@QAE@ABVCFileInfo@1@PAU_iobuf@@@Z 00432d83 f i QuakeFileSystem.obj
 0001:00031dd3       ?Read@CFilePak@CFileContainerZip@@UAEHPAXH@Z 00432dd3 f i QuakeFileSystem.obj
 0001:00031f1c       ?GetSize@CFilePak@CFileContainerZip@@UAEHXZ 00432f1c f i QuakeFileSystem.obj
 0001:00031f26       ?Eof@CFilePak@CFileContainerZip@@UAE_NXZ 00432f26 f i QuakeFileSystem.obj
 0001:00031f39       ??_ECFilePak@CFileContainerZip@@UAEPAXI@Z 00432f39 f i QuakeFileSystem.obj
 0001:00031f39       ??_GCFilePak@CFileContainerZip@@UAEPAXI@Z 00432f39 f i QuakeFileSystem.obj
 0001:00031f55       ??1CFilePak@CFileContainerZip@@UAE@XZ 00432f55 f i QuakeFileSystem.obj
 0001:00031fc4       ?Mount@CZResource@@SAPAVCFileContainer@@PBDPBE0PAVCFileSystem@@@Z 00432fc4 f i QuakeFileSystem.obj
 0001:0003216d       ?GetType@CZResource@@MAEPBDXZ 0043316d f i QuakeFileSystem.obj
 0001:00032173       ?OpenFile@CZResource@@MAEPAVCFile@@ABVCStringItem@@@Z 00433173 f i QuakeFileSystem.obj
 0001:000321a1       ??0CFileRes@CZResource@@QAE@ABVCFileInfo@1@PBXH@Z 004331a1 f i QuakeFileSystem.obj
 0001:00032254       ?Read@CFileRes@CZResource@@UAEHPAXH@Z 00433254 f i QuakeFileSystem.obj
 0001:000322a6       ?GetSize@CFileRes@CZResource@@UAEHXZ 004332a6 f i QuakeFileSystem.obj
 0001:000322ad       ?Eof@CFileRes@CZResource@@UAE_NXZ 004332ad f i QuakeFileSystem.obj
 0001:000322ba       ??_GCFileRes@CZResource@@UAEPAXI@Z 004332ba f i QuakeFileSystem.obj
 0001:000322ba       ??_ECFileRes@CZResource@@UAEPAXI@Z 004332ba f i QuakeFileSystem.obj
 0001:000322e9       ?FS_Tick@@YAXXZ            004332e9 f   QuakeFileSystem.obj
 0001:00032391       ?CDAudio_Play2@@YAXH_N@Z   00433391 f   cd_win.obj
 0001:00032570       ?CDAudio_Play@@YAXH_N@Z    00433570 f   cd_win.obj
 0001:00032587       ?CDAudio_Stop@@YAXXZ       00433587 f   cd_win.obj
 0001:000325cc       ?CDAudio_Pause@@YAXXZ      004335cc f   cd_win.obj
 0001:00032625       ?CDAudio_Resume@@YAXXZ     00433625 f   cd_win.obj
 0001:00032694       ?CDAudio_Update@@YAXXZ     00433694 f   cd_win.obj
 0001:000326c8       ?CDAudio_Init@@YAHXZ       004336c8 f   cd_win.obj
 0001:00032b2a       ?CDAudio_Shutdown@@YAXXZ   00433b2a f   cd_win.obj
 0001:00032b5d       ?CDAudio_Activate@@YAX_N@Z 00433b5d f   cd_win.obj
 0001:00032b6e       ?IN_Commands@@YAXXZ        00433b6e f   in_win.obj
 0001:00032c96       ?IN_Init@@YAXXZ            00433c96 f   in_win.obj
 0001:000330d5       ?IN_Shutdown@@YAXXZ        004340d5 f   in_win.obj
 0001:00033324       ?IN_Move@@YAXPAUusercmd_t@@@Z 00434324 f   in_win.obj
 0001:00033901       ?IN_Activate@@YAX_N@Z      00434901 f   in_win.obj
 0001:0003390b       ?IN_Frame@@YAXXZ           0043490b f   in_win.obj
 0001:00033c73       ?NET_CompareAdr@@YA_NPAUnetadr_t@@0@Z 00434c73 f   net_wins.obj
 0001:00033caf       ?NET_CompareBaseAdr@@YA_NPAUnetadr_t@@0@Z 00434caf f   net_wins.obj
 0001:00033cde       ?NET_AdrToString@@YAPADPAUnetadr_t@@@Z 00434cde f   net_wins.obj
 0001:00033d3a       ?NET_StringToAdr@@YA_NPBDPAUnetadr_t@@F@Z 00434d3a f   net_wins.obj
 0001:00033e46       ?NET_IsLocalAddress@@YA_NPAUnetadr_t@@@Z 00434e46 f   net_wins.obj
 0001:00033e52       ?NET_GetLoopPacket@@YA_NW4netsrc_t@@PAUnetadr_t@@PAVsizebuf_t@@@Z 00434e52 f   net_wins.obj
 0001:00033edb       ?NET_SendLoopPacket@@YAXW4netsrc_t@@HPAXUnetadr_t@@@Z 00434edb f   net_wins.obj
 0001:00033f30       ?NET_GetPacket@@YA_NW4netsrc_t@@PAUnetadr_t@@PAVsizebuf_t@@@Z 00434f30 f   net_wins.obj
 0001:00034009       ?NET_SendPacket@@YAXW4netsrc_t@@HPAXUnetadr_t@@@Z 00435009 f   net_wins.obj
 0001:000340dd       ?NET_Config@@YAX_N@Z       004350dd f   net_wins.obj
 0001:000342af       ?NET_Init@@YAXXZ           004352af f   net_wins.obj
 0001:0003432d       ?SNDDMA_Init@@YA_NXZ       0043532d f   snd_win.obj
 0001:0003496c       ?SNDDMA_GetDMAPos@@YAHXZ   0043596c f   snd_win.obj
 0001:000349b6       ?SNDDMA_BeginPainting@@YAXXZ 004359b6 f   snd_win.obj
 0001:00034ace       ?SNDDMA_Submit@@YAXXZ      00435ace f   snd_win.obj
 0001:00034af3       ?SNDDMA_Shutdown@@YAXXZ    00435af3 f   snd_win.obj
 0001:00034af8       ?S_Activate@@YAX_N@Z       00435af8 f   snd_win.obj
 0001:00034b41       ?Write@COutputDeviceWin32Console@@UAEXPBD@Z 00435b41 f i sys_win.obj
 0001:00034bb9       ?EraseInput@COutputDeviceWin32Console@@QAEXXZ 00435bb9 f i sys_win.obj
 0001:00034c28       ?Sys_ConsoleInput@@YAPADXZ 00435c28 f   sys_win.obj
 0001:00034eb1       ?Sys_ProcessMessages@@YAXXZ 00435eb1 f   sys_win.obj
 0001:00034f6a       ?Sys_UnloadGame@@YAXXZ     00435f6a f   sys_win.obj
 0001:00034fe5       ?Sys_GetGameAPI@@YAPAXPAX@Z 00435fe5 f   sys_win.obj
 0001:00035122       _WinMain@16                00436122 f   sys_win.obj
 0001:00035447       ?Init@COutputDeviceWin32Console@@QAEXXZ 00436447 f i sys_win.obj
 0001:00035471       ?AddMsgHook@@YAXP6A_NIIJ@Z@Z 00436471 f   vid_dll.obj
 0001:000354b5       ?RemoveMsgHook@@YAXP6A_NIIJ@Z@Z 004364b5 f   vid_dll.obj
 0001:000354e4       ?Vid_CreateWindow@@YAPAXHH_N@Z 004364e4 f   vid_dll.obj
 0001:00035bf4       ?Vid_DestroyWindow@@YAX_N@Z 00436bf4 f   vid_dll.obj
 0001:00035c30       ?Vid_Restart@@YAXXZ        00436c30 f   vid_dll.obj
 0001:00035c3c       ?Vid_GetModeInfo@@YA_NPAH0H@Z 00436c3c f   vid_dll.obj
 0001:00035c6c       ?Vid_Tick@@YAXXZ           00436c6c f   vid_dll.obj
 0001:00035e1c       ?Vid_Init@@YAXXZ           00436e1c f   vid_dll.obj
 0001:00035ebf       ?Vid_Shutdown@@YAXXZ       00436ebf f   vid_dll.obj
 0001:00035ede       ?Tesselate@surfacePlanar_t@OpenGLDrv@@UAEXAAUrefEntity_t@2@@Z 00436ede f   gl_backend.obj
 0001:000368ba       ?Negate@CVec3@@QAEXXZ      004378ba f i gl_backend.obj
 0001:0003841b       ?Tesselate@surfacePoly_t@OpenGLDrv@@UAEXAAUrefEntity_t@2@@Z 0043941b f   gl_backend.obj
 0001:00038522       ?Tesselate@surfaceMd3_t@OpenGLDrv@@UAEXAAUrefEntity_t@2@@Z 00439522 f   gl_backend.obj
 0001:0003890c       ?DrawTriangles@OpenGLDrv@@YA_NXZ 0043990c f   gl_backend.obj
 0001:00038a21       ?DrawNormals@OpenGLDrv@@YA_NXZ 00439a21 f   gl_backend.obj
 0001:00038b2b       ?Tesselate@surfaceEntity_t@OpenGLDrv@@UAEXAAUrefEntity_t@2@@Z 00439b2b f   gl_backend.obj
 0001:00038c0f       ?Tesselate@surfaceParticle_t@OpenGLDrv@@UAEXAAUrefEntity_t@2@@Z 00439c0f f   gl_backend.obj
 0001:00038e5f       ?BK_DrawScene@OpenGLDrv@@YAXXZ 00439e5f f   gl_backend.obj
 0001:00039486       ?BK_DrawPic@OpenGLDrv@@YAXPAVshader_t@1@HHHHMMMMIE@Z 0043a486 f   gl_backend.obj
 0001:00039667       ?BK_DrawText@OpenGLDrv@@YAXPBDHHHHHI@Z 0043a667 f   gl_backend.obj
 0001:0003985c       ?BK_BeginFrame@OpenGLDrv@@YAXXZ 0043a85c f   gl_backend.obj
 0001:000398c0       ?BK_EndFrame@OpenGLDrv@@YAXXZ 0043a8c0 f   gl_backend.obj
 0001:000398ff       ?BK_Init@OpenGLDrv@@YAXXZ  0043a8ff f   gl_backend.obj
 0001:0003992e       ?BK_Shutdown@OpenGLDrv@@YAXXZ 0043a92e f   gl_backend.obj
 0001:00039946       ?AllocDynamicMemory@OpenGLDrv@@YAPAXH@Z 0043a946 f   gl_buffers.obj
 0001:000399b1       ?ResizeDynamicMemory@OpenGLDrv@@YAXPAXH@Z 0043a9b1 f   gl_buffers.obj
 0001:000399f3       ?AddSurfaceToPortal@OpenGLDrv@@YAXPAVsurfaceBase_t@1@PAVshader_t@1@HH@Z 0043a9f3 f   gl_buffers.obj
 0001:00039a64       ?InsertShaderIndex@OpenGLDrv@@YAXH@Z 0043aa64 f   gl_buffers.obj
 0001:00039a9d       ?ClearPortal@OpenGLDrv@@YAXXZ 0043aa9d f   gl_buffers.obj
 0001:00039abb       ?SortSurfaces@OpenGLDrv@@YAXPAUviewPortal_t@1@PAPAUsurfaceInfo_t@1@@Z 0043aabb f   gl_buffers.obj
 0001:00039c4d       ?ClearBuffers@OpenGLDrv@@YAXXZ 0043ac4d f   gl_buffers.obj
 0001:00039c64       ?CreateBuffers@OpenGLDrv@@YAXXZ 0043ac64 f   gl_buffers.obj
 0001:00039c8a       ?FreeBuffers@OpenGLDrv@@YAXXZ 0043ac8a f   gl_buffers.obj
 0001:00039cae       ?InitEntity@model_t@OpenGLDrv@@UAE_NPAUentity_t@@PAUrefEntity_t@2@@Z 0043acae f   gl_frontend.obj
 0001:00039cb3       ?AddSurfaces@model_t@OpenGLDrv@@UAEXPAUrefEntity_t@2@@Z 0043acb3 f   gl_frontend.obj
 0001:00039ce1       ?GetLeaf@model_t@OpenGLDrv@@UAEPAUnode_t@2@PAUrefEntity_t@2@@Z 0043ace1 f   gl_frontend.obj
 0001:00039cf2       ?DrawLabel@model_t@OpenGLDrv@@UAEXPAUrefEntity_t@2@@Z 0043acf2 f   gl_frontend.obj
 0001:00039cf5       ?InitEntity@inlineModel_t@OpenGLDrv@@UAE_NPAUentity_t@@PAUrefEntity_t@2@@Z 0043acf5 f   gl_frontend.obj
 0001:00039d47       ?AddSurfaces@inlineModel_t@OpenGLDrv@@UAEXPAUrefEntity_t@2@@Z 0043ad47 f   gl_frontend.obj
 0001:0003a225       ?GetLeaf@inlineModel_t@OpenGLDrv@@UAEPAUnode_t@2@PAUrefEntity_t@2@@Z 0043b225 f   gl_frontend.obj
 0001:0003a3ca       ?DrawLabel@inlineModel_t@OpenGLDrv@@UAEXPAUrefEntity_t@2@@Z 0043b3ca f   gl_frontend.obj
 0001:0003a410       ?InitEntity@md3Model_t@OpenGLDrv@@UAE_NPAUentity_t@@PAUrefEntity_t@2@@Z 0043b410 f   gl_frontend.obj
 0001:0003a5ee       ?AddSurfaces@md3Model_t@OpenGLDrv@@UAEXPAUrefEntity_t@2@@Z 0043b5ee f   gl_frontend.obj
 0001:0003a728       ?GetLeaf@md3Model_t@OpenGLDrv@@UAEPAUnode_t@2@PAUrefEntity_t@2@@Z 0043b728 f   gl_frontend.obj
 0001:0003a760       ?DrawLabel@md3Model_t@OpenGLDrv@@UAEXPAUrefEntity_t@2@@Z 0043b760 f   gl_frontend.obj
 0001:0003a7c6       ?InitEntity@sprModel_t@OpenGLDrv@@UAE_NPAUentity_t@@PAUrefEntity_t@2@@Z 0043b7c6 f   gl_frontend.obj
 0001:0003a7e6       ?AddSurfaces@sprModel_t@OpenGLDrv@@UAEXPAUrefEntity_t@2@@Z 0043b7e6 f   gl_frontend.obj
 0001:0003a969       ?GetLeaf@sprModel_t@OpenGLDrv@@UAEPAUnode_t@2@PAUrefEntity_t@2@@Z 0043b969 f   gl_frontend.obj
 0001:0003aa4a       ?AddEntity@OpenGLDrv@@YAXPAUentity_t@@@Z 0043ba4a f   gl_frontend.obj
 0001:0003abd9       ?AddDlight@OpenGLDrv@@YAXPAUdlight_t@@@Z 0043bbd9 f   gl_frontend.obj
 0001:0003ad91       ?DrawPortal@OpenGLDrv@@YAXXZ 0043bd91 f   gl_frontend.obj
 0001:0003cd35       ?GL_TextureMode@OpenGLDrv@@YAXPBD@Z 0043dd35 f   gl_image.obj
 0001:0003cddd       ?CreateImage@OpenGLDrv@@YAPAVimage_t@1@PBDPAXHHI@Z 0043dddd f   gl_image.obj
 0001:0003dad3       ?LoadDelayedImages@OpenGLDrv@@YAXXZ 0043ead3 f   gl_image.obj
 0001:0003db66       ?DrawStretchRaw8@OpenGLDrv@@YAXHHHHHHPAEPAI@Z 0043eb66 f   gl_image.obj
 0001:0003df3d       ?SetupGamma@OpenGLDrv@@YAXXZ 0043ef3d f   gl_image.obj
 0001:0003e083       ?PerformScreenshot@OpenGLDrv@@YAXXZ 0043f083 f   gl_image.obj
 0001:0003e2f3       ?InitImages@OpenGLDrv@@YAXXZ 0043f2f3 f   gl_image.obj
 0001:0003eaa8       ?ShutdownImages@OpenGLDrv@@YAXXZ 0043faa8 f   gl_image.obj
 0001:0003eb0f       ?ShowImages@OpenGLDrv@@YAXXZ 0043fb0f f   gl_image.obj
 0001:0003ed9b       ?FindImage@OpenGLDrv@@YAPAVimage_t@1@PBDI@Z 0043fd9b f   gl_image.obj
 0001:0003f117       ?GL_Lock@OpenGLDrv@@YAXXZ  00440117 f   gl_interface.obj
 0001:0003f18f       ?GL_Unlock@OpenGLDrv@@YAXXZ 0044018f f   gl_interface.obj
 0001:0003f351       ?GL_Bind@OpenGLDrv@@YAXPBVimage_t@1@@Z 00440351 f   gl_interface.obj
 0001:0003f47b       ?GL_BindForce@OpenGLDrv@@YAXPBVimage_t@1@@Z 0044047b f   gl_interface.obj
 0001:0003f4f9       ?GL_TexEnv@OpenGLDrv@@YAXI@Z 004404f9 f   gl_interface.obj
 0001:0003f678       ?GL_TexMipBias@OpenGLDrv@@YAXM@Z 00440678 f   gl_interface.obj
 0001:0003f6d3       ?GL_TexEnvColor@OpenGLDrv@@YAXPBTcolor_t@@@Z 004406d3 f   gl_interface.obj
 0001:0003f783       ?GL_SelectTexture@OpenGLDrv@@YAXH@Z 00440783 f   gl_interface.obj
 0001:0003f7e4       ?GL_TexCoordPointer@OpenGLDrv@@YAXPAX@Z 004407e4 f   gl_interface.obj
 0001:0003f814       ?GL_SetMultitexture@OpenGLDrv@@YAXH@Z 00440814 f   gl_interface.obj
 0001:0003f8fa       ?GL_DisableTexCoordArrays@OpenGLDrv@@YAXXZ 004408fa f   gl_interface.obj
 0001:0003f94e       ?GL_CullFace@OpenGLDrv@@YAXW4gl_cullMode_t@1@@Z 0044094e f   gl_interface.obj
 0001:0003f99f       ?GL_DepthRange@OpenGLDrv@@YAXW4gl_depthMode_t@1@@Z 0044099f f   gl_interface.obj
 0001:0003f9d2       ?GL_State@OpenGLDrv@@YAXI@Z 004409d2 f   gl_interface.obj
 0001:0003fb22       ?GL_EnableFog@OpenGLDrv@@YAX_N@Z 00440b22 f   gl_interface.obj
 0001:0003fc1a       ?GL_SetDefaultState@OpenGLDrv@@YAXXZ 00440c1a f   gl_interface.obj
 0001:0003fd76       ?GL_Set2DMode@OpenGLDrv@@YAXXZ 00440d76 f   gl_interface.obj
 0001:0003fe71       ?GL_Set3DMode@OpenGLDrv@@YAXPAUviewPortal_t@1@@Z 00440e71 f   gl_interface.obj
 0001:0003ff59       ?ShowLights@OpenGLDrv@@YAXXZ 00440f59 f   gl_light.obj
 0001:00040342       ?LightForEntity@OpenGLDrv@@YAXPAUrefEntity_t@1@@Z 00441342 f   gl_light.obj
 0001:000415b6       ?DiffuseLight@OpenGLDrv@@YAXPATcolor_t@@M@Z 004425b6 f   gl_light.obj
 0001:000417f2       ?InitLightGrid@OpenGLDrv@@YAXXZ 004427f2 f   gl_light.obj
 0001:00041898       ?PostLoadLights@OpenGLDrv@@YAXXZ 00442898 f   gl_light.obj
 0001:00041b28       ?LM_Init@OpenGLDrv@@YAXXZ  00442b28 f   gl_lightmap.obj
 0001:00041b3e       ?LM_Flush@OpenGLDrv@@YAXPAUlightmapBlock_t@1@@Z 00442b3e f   gl_lightmap.obj
 0001:00041b9b       ?LM_Done@OpenGLDrv@@YAXXZ  00442b9b f   gl_lightmap.obj
 0001:00041bc2       ?LM_Save@OpenGLDrv@@YAXPAUlightmapBlock_t@1@@Z 00442bc2 f   gl_lightmap.obj
 0001:00041bda       ?LM_Restore@OpenGLDrv@@YAXPAUlightmapBlock_t@1@@Z 00442bda f   gl_lightmap.obj
 0001:00041bf2       ?LM_NewBlock@OpenGLDrv@@YAPAUlightmapBlock_t@1@XZ 00442bf2 f   gl_lightmap.obj
 0001:00041c51       ?LM_Rewind@OpenGLDrv@@YAXXZ 00442c51 f   gl_lightmap.obj
 0001:00041c59       ?LM_NextBlock@OpenGLDrv@@YAPAUlightmapBlock_t@1@XZ 00442c59 f   gl_lightmap.obj
 0001:00041c86       ?LM_CheckMinlight@OpenGLDrv@@YAXPAUdynamicLightmap_t@1@@Z 00442c86 f   gl_lightmap.obj
 0001:00041d1c       ?LM_AllocBlock@OpenGLDrv@@YA_NPAUlightmapBlock_t@1@PAUdynamicLightmap_t@1@@Z 00442d1c f   gl_lightmap.obj
 0001:00041dd3       ?LM_PutBlock@OpenGLDrv@@YAXPAUdynamicLightmap_t@1@@Z 00442dd3 f   gl_lightmap.obj
 0001:00042200       ?LM_SortLightStyles@OpenGLDrv@@YAXPAUdynamicLightmap_t@1@@Z 00443200 f   gl_lightmap.obj
 0001:00042291       ?UpdateDynamicLightmap@OpenGLDrv@@YAXPAVsurfacePlanar_t@1@_NI@Z 00443291 f   gl_lightmap.obj
 0001:00042793       ?LM_IsMonotone@OpenGLDrv@@YA_NPAUdynamicLightmap_t@1@PATcolor_t@@@Z 00443793 f   gl_lightmap.obj
 0001:0004289a       ?Init@OpenGLDrv@@YA_NXZ    0044389a f   gl_main.obj
 0001:00042edf       ?Shutdown@OpenGLDrv@@YAX_N@Z 00443edf f   gl_main.obj
 0001:00042f68       ?GL_EnableRendering@OpenGLDrv@@YAX_N@Z 00443f68 f   gl_main.obj
 0001:00042f83       ?BeginFrame@OpenGLDrv@@YAXN@Z 00443f83 f   gl_main.obj
 0001:000430ad       ?EndFrame@OpenGLDrv@@YAXXZ 004440ad f   gl_main.obj
 0001:000430c5       ?RenderFrame@OpenGLDrv@@YAXPAUrefdef_t@@@Z 004440c5 f   gl_main.obj
 0001:000438f6       ?Fill8@OpenGLDrv@@YAXHHHHH@Z 004448f6 f   gl_main.obj
 0001:00043939       ?Fill@OpenGLDrv@@YAXHHHHI@Z 00444939 f   gl_main.obj
 0001:00043975       ?TileClear@OpenGLDrv@@YAXHHHHPBD@Z 00444975 f   gl_main.obj
 0001:00043a16       ?DrawStretchPic@OpenGLDrv@@YAXHHHHPBD@Z 00444a16 f   gl_main.obj
 0001:00043a76       ?DrawDetailedPic@OpenGLDrv@@YAXHHHHPBD@Z 00444a76 f   gl_main.obj
 0001:00043b1d       ?DrawPic@OpenGLDrv@@YAXHHPBDHH@Z 00444b1d f   gl_main.obj
 0001:00043ba2       ?BeginRegistration@OpenGLDrv@@YAXPBD@Z 00444ba2 f   gl_main.obj
 0001:00043bc6       ?RegisterPic@OpenGLDrv@@YAPAVCBasicImage@@PBD@Z 00444bc6 f   gl_main.obj
 0001:00043bd4       ?RegisterSkin@OpenGLDrv@@YAPAVCBasicImage@@PBD_N@Z 00444bd4 f   gl_main.obj
 0001:00043bf2       ?RegisterModel@OpenGLDrv@@YAPAVCRenderModel@@PBD@Z 00444bf2 f   gl_main.obj
 0001:00043bfd       ?SetSky@OpenGLDrv@@YAXPBDMABUCVec3@@@Z 00444bfd f   gl_main.obj
 0001:00043c9b       ?Screenshot@OpenGLDrv@@YAXHPBD@Z 00444c9b f   gl_main.obj
 0001:00043cc2       ?GetClientLight@OpenGLDrv@@YAMXZ 00444cc2 f   gl_main.obj
 0001:00043cc9       ?InitFuncTables@OpenGLDrv@@YAXXZ 00444cc9 f   gl_math.obj
 0001:00043e6f       ?BuildRotationAxis@OpenGLDrv@@YAXAAUCAxis@@ABUCVec3@@M@Z 00444e6f f   gl_math.obj
 0001:00043f66       ?GetBoxRect@OpenGLDrv@@YA_NPBUrefEntity_t@1@ABUCVec3@@QAM2_N@Z 00444f66 f   gl_math.obj
 0001:00044270       ?ProjectToScreen@OpenGLDrv@@YA_NABUCVec3@@QAH@Z 00445270 f   gl_math.obj
 0001:000443b3       ?SaturateColor3f@OpenGLDrv@@YAXAAUCVec3@@@Z 004453b3 f   gl_math.obj
 0001:000444a3       ?SaturateColor4b@OpenGLDrv@@YAXPATcolor_t@@@Z 004454a3 f   gl_math.obj
 0001:000445b1       ?SubdividePlane@OpenGLDrv@@YAHPAPAUCVec3@@HM@Z 004455b1 f   gl_poly.obj
 0001:00044a32       ?FreeSubdividedPlane@OpenGLDrv@@YAXXZ 00445a32 f   gl_poly.obj
 0001:00044a4a       ?GetSubdivideIndexes@OpenGLDrv@@YAXPAH@Z 00445a4a f   gl_poly.obj
 0001:00044a9d       ?RemoveCollinearPoints@OpenGLDrv@@YAHPAPAUCVec3@@H@Z 00445a9d f   gl_poly.obj
 0001:00044b93       ?GetPolyArea@OpenGLDrv@@YAMPAPAUCVec3@@H@Z 00445b93 f   gl_poly.obj
 0001:00044c27       ?InitShaders@OpenGLDrv@@YAXXZ 00445c27 f   gl_shader.obj
 0001:00044dac       ?ShutdownShaders@OpenGLDrv@@YAXXZ 00445dac f   gl_shader.obj
 0001:00044dea       ?GetLightmapImage@OpenGLDrv@@YAPAVimage_t@1@H@Z 00445dea f   gl_shader.obj
 0001:00044e12       ?SetShaderLightmap@OpenGLDrv@@YAPAVshader_t@1@PAV21@H@Z 00445e12 f   gl_shader.obj
 0001:00045131       ??4shader_t@OpenGLDrv@@QAEAAV01@ABV01@@Z 00446131 f i gl_shader.obj
 0001:00045367       ?SetShaderLightstyles@OpenGLDrv@@YAPAVshader_t@1@PAV21@I@Z 00446367 f   gl_shader.obj
 0001:00045403       ?GetAlphaShader@OpenGLDrv@@YAPAVshader_t@1@PAV21@@Z 00446403 f   gl_shader.obj
 0001:000457f9       ?FindShader@OpenGLDrv@@YAPAVshader_t@1@PBDI@Z 004467f9 f   gl_shader.obj
 0001:00047113       ?GetShaderByNum@OpenGLDrv@@YAPAVshader_t@1@H@Z 00448113 f   gl_shader.obj
 0001:00047131       ?ResetShaders@OpenGLDrv@@YAXXZ 00448131 f   gl_shader.obj
 0001:0004731c       ?Reload@shader_t@OpenGLDrv@@UAEXXZ 0044831c f   gl_shader.obj
 0001:0004734b       ?ClearSky@OpenGLDrv@@YAXXZ 0044834b f   gl_sky.obj
 0001:000473a8       ?AddSkySurface@OpenGLDrv@@YAXPAVsurfacePlanar_t@1@E@Z 004483a8 f   gl_sky.obj
 0001:00047970       ?DrawSky@OpenGLDrv@@YAXXZ  00448970 f   gl_sky.obj
 0001:00048014       ?DrawChar@OpenGLDrv@@YAXHHHH@Z 00449014 f   gl_text.obj
 0001:00048065       ?ClearTexts@OpenGLDrv@@YAXXZ 00449065 f   gl_text.obj
 0001:0004807a       ?FlushTexts@OpenGLDrv@@YAXXZ 0044907a f   gl_text.obj
 0001:00048126       ?DrawTextPos@OpenGLDrv@@YAXHHPBDI@Z 00449126 f   gl_text.obj
 0001:00048152       ?DrawTextLeft@OpenGLDrv@@YAXPBDI@Z 00449152 f   gl_text.obj
 0001:000481d9       ?DrawTextRight@OpenGLDrv@@YAXPBDI@Z 004491d9 f   gl_text.obj
 0001:00048223       ?DrawText3D@OpenGLDrv@@YAXABUCVec3@@PBDI@Z 00449223 f   gl_text.obj
 0001:00048250       ?InitTexts@OpenGLDrv@@YAXXZ 00449250 f   gl_text.obj
 0001:0004826a       ?FindModel@OpenGLDrv@@YAPAVmodel_t@1@PBD@Z 0044926a f   gl_model.obj
 0001:00048446       ?FreeModels@OpenGLDrv@@YAXXZ 00449446 f   gl_model.obj
 0001:000484b8       ?InitModels@OpenGLDrv@@YAXXZ 004494b8 f   gl_model.obj
 0001:000485ae       ?ShutdownModels@OpenGLDrv@@YAXXZ 004495ae f   gl_model.obj
 0001:000485bf       ?LoadWorldMap@OpenGLDrv@@YAXPBD@Z 004495bf f   gl_bspmodel.obj
 0001:0004a0c7       ?PointInLeaf@OpenGLDrv@@YAPAUnode_t@1@ABUCVec3@@@Z 0044b0c7 f   gl_bspmodel.obj
 0001:0004a112       ?CALL_CONSTRUCTOR@@YAXPAVinlineModel_t@OpenGLDrv@@@Z 0044b112 f i gl_bspmodel.obj
 0001:0004a128       ?LerpTag@model_t@OpenGLDrv@@UBE_NHHMPBDAAUCCoords@@@Z 0044b128 f   gl_trimodel.obj
 0001:0004a136       ?LerpTag@md3Model_t@OpenGLDrv@@UBE_NHHMPBDAAUCCoords@@@Z 0044b136 f   gl_trimodel.obj
 0001:0004a246       ?LoadMd2@OpenGLDrv@@YAPAVmd3Model_t@1@PBDPAEI@Z 0044b246 f   gl_trimodel.obj
 0001:0004ad74       ?ATAN2_FUNC@OpenGLDrv@@YAMMM@Z 0044bd74 f i gl_trimodel.obj
 0001:0004af2a       ?LoadMd3@OpenGLDrv@@YAPAVmd3Model_t@1@PBDPAEI@Z 0044bf2a f   gl_trimodel.obj
 0001:0004b3df       ?LoadSp2@OpenGLDrv@@YAPAVsprModel_t@1@PBDPAEI@Z 0044c3df f   gl_trimodel.obj
 0001:0004b5f7       ?LoadSpr@OpenGLDrv@@YAPAVsprModel_t@1@PBDPAEI@Z 0044c5f7 f   gl_trimodel.obj
 0001:0004b700       ?CALL_CONSTRUCTOR@@YAXPAVmd3Model_t@OpenGLDrv@@@Z 0044c700 f i gl_trimodel.obj
 0001:0004b716       ?CALL_CONSTRUCTOR@@YAXPAVsprModel_t@OpenGLDrv@@@Z 0044c716 f i gl_trimodel.obj
 0001:0004ccd3       ?QGL_Init@OpenGLDrv@@YA_NPBD@Z 0044dcd3 f   qgl_win.obj
 0001:0004cdb5       ?QGL_Shutdown@OpenGLDrv@@YAXXZ 0044ddb5 f   qgl_win.obj
 0001:0004cdfc       ?QGL_InitExtensions@OpenGLDrv@@YAXXZ 0044ddfc f   qgl_win.obj
 0001:0004d2e8       ?QGL_PrintExtensionsString@OpenGLDrv@@YAXPBD00@Z 0044e2e8 f   qgl_win.obj
 0001:0004d435       ?QGL_EnableLogging@OpenGLDrv@@YAX_N@Z 0044e435 f   qgl_win.obj
 0001:0004d4e3       ?QGL_LogMessage@OpenGLDrv@@YAXPBD@Z 0044e4e3 f   qgl_win.obj
 0001:0004d4f9       ?QGL_SwapBuffers@OpenGLDrv@@YAXXZ 0044e4f9 f   qgl_win.obj
 0001:0004d57b       ?GLimp_HasGamma@OpenGLDrv@@YA_NXZ 0044e57b f   gl_win.obj
 0001:0004d58f       ?GLimp_SetGamma@OpenGLDrv@@YAXM@Z 0044e58f f   gl_win.obj
 0001:0004d735       ?GLimp_SetMode@OpenGLDrv@@YA_NPAI0H_N@Z 0044e735 f   gl_win.obj
 0001:0004db09       ?GLimp_Shutdown@OpenGLDrv@@YAX_N@Z 0044eb09 f   gl_win.obj
 0001:0004dbb6       ?AppActivate@OpenGLDrv@@YAX_N@Z 0044ebb6 f   gl_win.obj
 0001:0004dc26       _jpeg_CreateDecompress     0044ec26 f   lib:jdapimin.obj
 0001:0004dce6       _jpeg_destroy_compress     0044ece6 f   lib:jdapimin.obj
 0001:0004dce6       _jpeg_destroy_decompress   0044ece6 f   lib:jdapimin.obj
 0001:0004dcf1       _jpeg_read_header          0044ecf1 f   lib:jdapimin.obj
 0001:0004dd53       _jpeg_consume_input        0044ed53 f   lib:jdapimin.obj
 0001:0004dfa2       _jpeg_finish_decompress    0044efa2 f   lib:jdapimin.obj
 0001:0004e039       _jpeg_start_decompress     0044f039 f   lib:jdapistd.obj
 0001:0004e1a6       _jpeg_read_scanlines       0044f1a6 f   lib:jdapistd.obj
 0001:0004e22a       _jpeg_resync_to_restart    0044f22a f   lib:jdmarker.obj
 0001:0004e3ef       _jinit_marker_reader       0044f3ef f   lib:jdmarker.obj
 0001:0004f8ba       _jpeg_CreateCompress       004508ba f   lib:jcapimin.obj
 0001:0004f96e       _jpeg_suppress_tables      0045096e f   lib:jcapimin.obj
 0001:0004f9b8       _jpeg_finish_compress      004509b8 f   lib:jcapimin.obj
 0001:0004faa2       _jpeg_start_compress       00450aa2 f   lib:jcapistd.obj
 0001:0004fb0e       _jpeg_write_scanlines      00450b0e f   lib:jcapistd.obj
 0001:0004fbb9       _jpeg_add_quant_table      00450bb9 f   lib:jcparam.obj
 0001:0004fc6b       _jpeg_quality_scaling      00450c6b f   lib:jcparam.obj
 0001:0004fc92       _jpeg_set_quality          00450c92 f   lib:jcparam.obj
 0001:0004fccc       _jpeg_set_defaults         00450ccc f   lib:jcparam.obj
 0001:0004fe92       _jpeg_default_colorspace   00450e92 f   lib:jcparam.obj
 0001:0004fee2       _jpeg_set_colorspace       00450ee2 f   lib:jcparam.obj
 0001:000501fd       _jpeg_stdio_dest           004511fd f   lib:jdatadst.obj
 0001:000502fd       _inflateReset              004512fd f   lib:inflate.obj
 0001:0005034b       _inflateInit2_             0045134b f   lib:inflate.obj
 0001:00050404       _inflate                   00451404 f   lib:inflate.obj
 0001:000516d9       _inflateEnd                004526d9 f   lib:inflate.obj
 0001:00051837       _crc32                     00452837 f   lib:crc32.obj
 0001:00051ad1       _jinit_input_controller    00452ad1 f   lib:jdinput.obj
 0001:00051fb4       _jinit_memory_mgr          00452fb4 f   lib:jmemmgr.obj
 0001:00052af0       _jpeg_abort                00453af0 f   lib:jcomapi.obj
 0001:00052b23       _jpeg_destroy              00453b23 f   lib:jcomapi.obj
 0001:00052b3e       _jpeg_alloc_quant_table    00453b3e f   lib:jcomapi.obj
 0001:00052b5a       _jpeg_alloc_huff_table     00453b5a f   lib:jcomapi.obj
 0001:00052b76       _jpeg_calc_output_dimensions 00453b76 f   lib:jdmaster.obj
 0001:00052c76       _jinit_master_decompress   00453c76 f   lib:jdmaster.obj
 0001:00052fcc       _jdiv_round_up             00453fcc f   lib:jutils.obj
 0001:00052fdc       _jround_up                 00453fdc f   lib:jutils.obj
[...]
 0001:0005ec23       _start_iMCU_row            0045fc23 f   lib:jddiffct.obj
 0001:0005ec68       _start_output_pass         0045fc68 f   lib:jddiffct.obj
 0001:0005ec74       _decompress_data           0045fc74 f   lib:jddiffct.obj
 0001:0005ede4       _process_restart           0045fde4 f   lib:jddiffct.obj
 0001:0005ce04       _dummy_consume_data        0045de04 f   lib:jdcoefct.obj
 0001:0005ee19       _consume_data              0045fe19 f   lib:jddiffct.obj
 0001:0005ee90       _output_data               0045fe90 f   lib:jddiffct.obj
 0001:0005e917       _start_pass                0045f917 f   lib:jddctmgr.obj
 0001:0005dd69       _start_pass_phuff_decoder  0045ed69 f   lib:jdphuff.obj
 0001:0005dfb2       _decode_mcu_DC_first       0045efb2 f   lib:jdphuff.obj
 0001:0005e1aa       _process_restart           0045f1aa f   lib:jdphuff.obj
 0001:0005e219       _decode_mcu_AC_first       0045f219 f   lib:jdphuff.obj
 0001:0005e439       _decode_mcu_DC_refine      0045f439 f   lib:jdphuff.obj
 0001:0005e50e       _decode_mcu_AC_refine      0045f50e f   lib:jdphuff.obj
 0001:0005d7b0       _start_pass_huff_decoder   0045e7b0 f   lib:jdshuff.obj
 0001:0005d8e8       _decode_mcu                0045e8e8 f   lib:jdshuff.obj
 0001:0005dc98       _process_restart           0045ec98 f   lib:jdshuff.obj
 0001:0005cb96       _start_input_pass          0045db96 f   lib:jdcoefct.obj
 0001:0005cba9       _start_iMCU_row            0045dba9 f   lib:jdcoefct.obj
 0001:0005cbee       _start_output_pass         0045dbee f   lib:jdcoefct.obj
 0001:0005cc2b       _decompress_onepass        0045dc2b f   lib:jdcoefct.obj
 0001:0005ce04       _dummy_consume_data        0045de04 f   lib:jdcoefct.obj
 0001:0005ce07       _consume_data              0045de07 f   lib:jdcoefct.obj
 0001:0005cfc0       _decompress_data           0045dfc0 f   lib:jdcoefct.obj
 0001:0005d12c       _smoothing_ok              0045e12c f   lib:jdcoefct.obj
 0001:0005d217       _decompress_smooth_data    0045e217 f   lib:jdcoefct.obj
 0001:0005ca2f       _scaler_start_pass         0045da2f f   lib:jcscale.obj
 0001:0005ca52       _simple_downscale          0045da52 f   lib:jcscale.obj
 0001:0005ca7e       _noscale                   0045da7e f   lib:jcscale.obj
 0001:0005c527       _start_pass                0045d527 f   lib:jcpred.obj
 0001:0005c57f       _reset_predictor           0045d57f f   lib:jcpred.obj
 0001:0005c5ac       _jpeg_difference_first_row 0045d5ac f   lib:jcpred.obj
 0001:0005c696       _jpeg_difference1          0045d696 f   lib:jcpred.obj
 0001:0005c704       _jpeg_difference2          0045d704 f   lib:jcpred.obj
 0001:0005c775       _jpeg_difference3          0045d775 f   lib:jcpred.obj
 0001:0005c7ed       _jpeg_difference4          0045d7ed f   lib:jcpred.obj
 0001:0005c878       _jpeg_difference5          0045d878 f   lib:jcpred.obj
 0001:0005c90b       _jpeg_difference6          0045d90b f   lib:jcpred.obj
 0001:0005c99a       _jpeg_difference7          0045d99a f   lib:jcpred.obj
 0001:0005be19       _start_pass_huff           0045ce19 f   lib:jclhuff.obj
 0001:0005bfb6       _encode_mcus_huff          0045cfb6 f   lib:jclhuff.obj
 0001:0005c1a1       _emit_bits                 0045d1a1 f   lib:jclhuff.obj
 0001:0005c244       _dump_buffer               0045d244 f   lib:jclhuff.obj
 0001:0005c268       _emit_restart              0045d268 f   lib:jclhuff.obj
 0001:0005c2b3       _flush_bits                0045d2b3 f   lib:jclhuff.obj
 0001:0005c2d7       _finish_pass_huff          0045d2d7 f   lib:jclhuff.obj
 0001:0005c344       _encode_mcus_gather        0045d344 f   lib:jclhuff.obj
 0001:0005c46d       _finish_pass_gather        0045d46d f   lib:jclhuff.obj
 0001:0005aafc       _need_optimization_pass    0045bafc f   lib:jcshuff.obj
 0001:0005b9f7       _start_pass_diff           0045c9f7 f   lib:jcdiffct.obj
 0001:0005ba95       _start_iMCU_row            0045ca95 f   lib:jcdiffct.obj
 0001:0005bad7       _compress_data             0045cad7 f   lib:jcdiffct.obj
 0001:0005bc6d       _compress_first_pass       0045cc6d f   lib:jcdiffct.obj
 0001:0005bd62       _compress_output           0045cd62 f   lib:jcdiffct.obj
 0001:0005b60a       _start_pass_fdctmgr        0045c60a f   lib:jcdctmgr.obj
 0001:0005b70c       _forward_DCT_float         0045c70c f   lib:jcdctmgr.obj
 0001:0005ab3f       _start_pass_phuff          0045bb3f f   lib:jcphuff.obj
 0001:0005acac       _encode_mcu_DC_first       0045bcac f   lib:jcphuff.obj
 0001:0005adde       _emit_bits                 0045bdde f   lib:jcphuff.obj
 0001:0005ae89       _dump_buffer               0045be89 f   lib:jcphuff.obj
 0001:0005aec1       _emit_symbol               0045bec1 f   lib:jcphuff.obj
 0001:0005af01       _emit_restart              0045bf01 f   lib:jcphuff.obj
 0001:0005af8a       _emit_eobrun               0045bf8a f   lib:jcphuff.obj
 0001:0005b010       _encode_mcu_AC_first       0045c010 f   lib:jcphuff.obj
 0001:0005b1a4       _encode_mcu_DC_refine      0045c1a4 f   lib:jcphuff.obj
 0001:0005b25e       _encode_mcu_AC_refine      0045c25e f   lib:jcphuff.obj
 0001:0005b475       _finish_pass_phuff         0045c475 f   lib:jcphuff.obj
 0001:0005b4c4       _finish_pass_gather_phuff  0045c4c4 f   lib:jcphuff.obj
 0001:0005b587       _need_optimization_pass    0045c587 f   lib:jcphuff.obj
 0001:0005a2d7       _start_pass_huff           0045b2d7 f   lib:jcshuff.obj
 0001:0005a44c       _encode_mcu_huff           0045b44c f   lib:jcshuff.obj
 0001:0005a557       _encode_one_block          0045b557 f   lib:jcshuff.obj
 0001:0005a6ce       _emit_bits                 0045b6ce f   lib:jcshuff.obj
 0001:0005a771       _dump_buffer               0045b771 f   lib:jcshuff.obj
 0001:0005a795       _emit_restart              0045b795 f   lib:jcshuff.obj
 0001:0005a802       _flush_bits                0045b802 f   lib:jcshuff.obj
 0001:0005a826       _finish_pass_huff          0045b826 f   lib:jcshuff.obj
 0001:0005a895       _encode_mcu_gather         0045b895 f   lib:jcshuff.obj
 0001:0005a94b       _htest_one_block           0045b94b f   lib:jcshuff.obj
 0001:0005aa12       _finish_pass_gather        0045ba12 f   lib:jcshuff.obj
 0001:0005aafc       _need_optimization_pass    0045bafc f   lib:jcshuff.obj
 0001:00059caa       _start_pass_coef           0045acaa f   lib:jccoefct.obj
 0001:0005ba95       _start_iMCU_row            0045ca95 f   lib:jcdiffct.obj
 0001:00059d3f       _compress_data             0045ad3f f   lib:jccoefct.obj
 0001:00059f26       _compress_first_pass       0045af26 f   lib:jccoefct.obj
 0001:0005a10c       _compress_output           0045b10c f   lib:jccoefct.obj
 0001:00059bc2       _calc_output_dimensions    0045abc2 f   lib:jdlossls.obj
 0001:00059bd3       _start_input_pass          0045abd3 f   lib:jdlossls.obj
 0001:00059901       _calc_output_dimensions    0045a901 f   lib:jdlossy.obj
 0001:00059a74       _start_input_pass          0045aa74 f   lib:jdlossy.obj
 0001:00059a94       _latch_quant_tables        0045aa94 f   lib:jdlossy.obj
 0001:00059b2c       _start_output_pass         0045ab2c f   lib:jdlossy.obj
 0001:00059850       _start_pass                0045a850 f   lib:jclossls.obj
 0001:000597bc       _start_pass                0045a7bc f   lib:jclossy.obj
 0001:00058d11       _initial_setup             00459d11 f   lib:jcmaster.obj
 0001:00058ec4       _validate_script           00459ec4 f   lib:jcmaster.obj
 0001:0005929c       _prepare_for_pass          0045a29c f   lib:jcmaster.obj
 0001:00059414       _select_scan_parameters    0045a414 f   lib:jcmaster.obj
 0001:00059515       _per_scan_setup            0045a515 f   lib:jcmaster.obj
 0001:000596c0       _pass_startup              0045a6c0 f   lib:jcmaster.obj
 0001:000596e7       _finish_pass_master        0045a6e7 f   lib:jcmaster.obj
 0001:000587fd       _rgb_ycc_start             004597fd f   lib:jccolor.obj
 0001:000588c1       _rgb_ycc_convert           004598c1 f   lib:jccolor.obj
 0001:000589c0       _rgb_gray_convert          004599c0 f   lib:jccolor.obj
 0001:00058a45       _cmyk_ycck_convert         00459a45 f   lib:jccolor.obj
 0001:00058b7d       _grayscale_convert         00459b7d f   lib:jccolor.obj
 0001:00058bd7       _null_convert              00459bd7 f   lib:jccolor.obj
 0001:0002bb82       _null_method               0042cb82 f   images.obj
 0001:0002bb82       _start_pass_downsample     0042cb82 f   images.obj
 0001:00057f49       _sep_downsample            00458f49 f   lib:jcsample.obj
 0001:00057fbe       _int_downsample            00458fbe f   lib:jcsample.obj
 0001:000580b6       _expand_right_edge         004590b6 f   lib:jcsample.obj
 0001:0005810b       _fullsize_downsample       0045910b f   lib:jcsample.obj
 0001:0005814f       _h2v1_downsample           0045914f f   lib:jcsample.obj
 0001:000581e3       _h2v2_downsample           004591e3 f   lib:jcsample.obj
 0001:00058290       _h2v2_smooth_downsample    00459290 f   lib:jcsample.obj
 0001:00058508       _fullsize_smooth_downsample 00459508 f   lib:jcsample.obj
 0001:00057945       _start_pass_prep           00458945 f   lib:jcprepct.obj
 0001:00057983       _pre_process_data          00458983 f   lib:jcprepct.obj
 0001:00057b31       _pre_process_context       00458b31 f   lib:jcprepct.obj
 0001:00057cea       _create_context_buffer     00458cea f   lib:jcprepct.obj
 0001:000577bd       _start_pass_main           004587bd f   lib:jcmainct.obj
 0001:000577ff       _process_data_simple_main  004587ff f   lib:jcmainct.obj
 0001:00056d93       _create_colormap           00457d93 f   lib:jquant1.obj
 0001:00056ec5       _select_ncolors            00457ec5 f   lib:jquant1.obj
 0001:00056f9c       _create_colorindex         00457f9c f   lib:jquant1.obj
 0001:000570c8       _alloc_fs_workspace        004580c8 f   lib:jquant1.obj
 0001:00057104       _start_pass_1_quant        00458104 f   lib:jquant1.obj
 0001:000571d0       _create_odither_tables     004581d0 f   lib:jquant1.obj
 0001:0005722f       _make_odither_array        0045822f f   lib:jquant1.obj
 0001:00057292       _color_quantize            00458292 f   lib:jquant1.obj
 0001:0005731d       _color_quantize3           0045831d f   lib:jquant1.obj
 0001:000573ab       _quantize_ord_dither       004583ab f   lib:jquant1.obj
 0001:00057496       _quantize3_ord_dither      00458496 f   lib:jquant1.obj
 0001:00057596       _quantize_fs_dither        00458596 f   lib:jquant1.obj
 0001:0002bb82       _finish_pass_1_quant       0042cb82 f   images.obj
 0001:0005771a       _new_color_map_1_quant     0045871a f   lib:jquant1.obj
 0001:00055d54       _init_error_limit          00456d54 f   lib:jquant2.obj
 0001:00055df3       _start_pass_2_quant        00456df3 f   lib:jquant2.obj
 0001:00055ef5       _prescan_quantize          00456ef5 f   lib:jquant2.obj
 0001:00055f64       _pass2_no_dither           00456f64 f   lib:jquant2.obj
 0001:00056011       _fill_inverse_cmap         00457011 f   lib:jquant2.obj
 0001:000560dc       _find_nearby_colors        004570dc f   lib:jquant2.obj
 0001:00056280       _find_best_colors          00457280 f   lib:jquant2.obj
 0001:0005639a       _pass2_fs_dither           0045739a f   lib:jquant2.obj
 0001:00056609       _finish_pass1              00457609 f   lib:jquant2.obj
 0001:0005662b       _select_colors             0045762b f   lib:jquant2.obj
 0001:000566b7       _update_box                004576b7 f   lib:jquant2.obj
 0001:00056a51       _median_cut                00457a51 f   lib:jquant2.obj
 0001:00056b65       _find_biggest_color_pop    00457b65 f   lib:jquant2.obj
 0001:00056b94       _find_biggest_volume       00457b94 f   lib:jquant2.obj
 0001:00056bbd       _compute_color             00457bbd f   lib:jquant2.obj
 0001:0002bb82       _finish_pass2              0042cb82 f   images.obj
 0001:00056cf9       _new_color_map_2_quant     00457cf9 f   lib:jquant2.obj
 0001:0005576b       _build_ycc_rgb_table       0045676b f   lib:jdmerge.obj
 0001:0005581b       _start_pass_merged_upsample 0045681b f   lib:jdmerge.obj
 0001:00055830       _merged_2v_upsample        00456830 f   lib:jdmerge.obj
 0001:000558d7       _merged_1v_upsample        004568d7 f   lib:jdmerge.obj
 0001:00055908       _h2v1_merged_upsample      00456908 f   lib:jdmerge.obj
 0001:00055a5e       _h2v2_merged_upsample      00456a5e f   lib:jdmerge.obj
 0001:0005530f       _build_ycc_rgb_table       0045630f f   lib:jdcolor.obj
 0001:000553bf       _ycc_rgb_convert           004563bf f   lib:jdcolor.obj
 0001:000554cd       _null_convert              004564cd f   lib:jdcolor.obj
 0001:00055545       _grayscale_convert         00456545 f   lib:jdcolor.obj
 0001:00055568       _gray_rgb_convert          00456568 f   lib:jdcolor.obj
 0001:000555c1       _ycck_cmyk_convert         004565c1 f   lib:jdcolor.obj
 0001:0002bb82       _start_pass_dcolor         0042cb82 f   images.obj
 0001:00054d70       _start_pass_upsample       00455d70 f   lib:jdsample.obj
 0001:00054d8a       _sep_upsample              00455d8a f   lib:jdsample.obj
 0001:00054e57       _fullsize_upsample         00455e57 f   lib:jdsample.obj
 0001:00054e62       _noop_upsample             00455e62 f   lib:jdsample.obj
 0001:00054e6a       _int_upsample              00455e6a f   lib:jdsample.obj
 0001:00054f54       _h2v1_upsample             00455f54 f   lib:jdsample.obj
 0001:00054fab       _h2v2_upsample             00455fab f   lib:jdsample.obj
 0001:0005501d       _h2v1_fancy_upsample       0045601d f   lib:jdsample.obj
 0001:000550c0       _h2v2_fancy_upsample       004560c0 f   lib:jdsample.obj
 0001:00054979       _start_pass_dpost          00455979 f   lib:jdpostct.obj
 0001:00054a1f       _post_process_1pass        00455a1f f   lib:jdpostct.obj
 0001:00054a84       _post_process_prepass      00455a84 f   lib:jdpostct.obj
 0001:00054b15       _post_process_2pass        00455b15 f   lib:jdpostct.obj
 0001:00054380       _alloc_funny_pointers      00455380 f   lib:jdmainct.obj
 0001:0005442d       _start_pass_main           0045542d f   lib:jdmainct.obj
 0001:00054495       _make_funny_pointers       00455495 f   lib:jdmainct.obj
 0001:000545d5       _process_data_simple_main  004555d5 f   lib:jdmainct.obj
 0001:0005463d       _process_data_context_main 0045563d f   lib:jdmainct.obj
 0001:0005474f       _set_wraparound_pointers   0045574f f   lib:jdmainct.obj
 0001:00054839       _set_bottom_pointers       00455839 f   lib:jdmainct.obj
 0001:000548d3       _process_data_crank_post   004558d3 f   lib:jdmainct.obj
 0001:000530ac       _write_marker_header       004540ac f   lib:jcmarker.obj
 0001:00053102       _emit_byte                 00454102 f   lib:jcmarker.obj
 0001:00053133       _write_marker_byte         00454133 f   lib:jcmarker.obj
 0001:00053143       _write_file_header         00454143 f   lib:jcmarker.obj
 0001:0005318f       _emit_jfif_app0            0045418f f   lib:jcmarker.obj
 0001:00053262       _emit_adobe_app14          00454262 f   lib:jcmarker.obj
 0001:00053308       _write_frame_header        00454308 f   lib:jcmarker.obj
 0001:000533e7       _emit_dqt                  004543e7 f   lib:jcmarker.obj
 0001:000534d6       _emit_sof                  004544d6 f   lib:jcmarker.obj
 0001:000535b2       _write_scan_header         004545b2 f   lib:jcmarker.obj
 0001:00053672       _emit_dht                  00454672 f   lib:jcmarker.obj
 0001:0005374b       _emit_dri                  0045474b f   lib:jcmarker.obj
 0001:0005379a       _emit_sos                  0045479a f   lib:jcmarker.obj
 0001:00053888       _write_file_trailer        00454888 f   lib:jcmarker.obj
 0001:000538a8       _write_tables_only         004548a8 f   lib:jcmarker.obj
 0001:00052c01       _use_merged_upsample       00453c01 f   lib:jdmaster.obj
 0001:00052ca7       _master_selection          00453ca7 f   lib:jdmaster.obj
 0001:00052e04       _prepare_range_limit_table 00453e04 f   lib:jdmaster.obj
 0001:00052e8a       _prepare_for_output_pass   00453e8a f   lib:jdmaster.obj
 0001:00052fab       _finish_output_pass        00453fab f   lib:jdmaster.obj
 0001:00052078       _alloc_small               00453078 f   lib:jmemmgr.obj
 0001:00052196       _alloc_large               00453196 f   lib:jmemmgr.obj
 0001:00052247       _alloc_sarray              00453247 f   lib:jmemmgr.obj
 0001:000522df       _alloc_barray              004532df f   lib:jmemmgr.obj
 0001:00052383       _alloc_darray              00453383 f   lib:jmemmgr.obj
 0001:0005242e       _request_virt_sarray       0045342e f   lib:jmemmgr.obj
 0001:0005248f       _request_virt_barray       0045348f f   lib:jmemmgr.obj
 0001:000524f0       _realize_virt_arrays       004534f0 f   lib:jmemmgr.obj
 0001:00052673       _access_virt_sarray        00453673 f   lib:jmemmgr.obj
 0001:00052793       _do_sarray_io              00453793 f   lib:jmemmgr.obj
 0001:00052823       _access_virt_barray        00453823 f   lib:jmemmgr.obj
 0001:00052948       _do_barray_io              00453948 f   lib:jmemmgr.obj
 0001:000529d9       _free_pool                 004539d9 f   lib:jmemmgr.obj
 0001:00052ac0       _self_destruct             00453ac0 f   lib:jmemmgr.obj
 0001:00051b12       _start_input_pass          00452b12 f   lib:jdinput.obj
 0001:00051b40       _per_scan_setup            00452b40 f   lib:jdinput.obj
 0001:00051cc6       _finish_input_pass         00452cc6 f   lib:jdinput.obj
 0001:00051cd7       _consume_markers           00452cd7 f   lib:jdinput.obj
 0001:00051d73       _initial_setup             00452d73 f   lib:jdinput.obj
 0001:00051f7d       _reset_input_controller    00452f7d f   lib:jdinput.obj
 0001:00051717       _make_crc_table            00452717 f   lib:crc32.obj
 0001:00051864       _crc32_little              00452864 f   lib:crc32.obj
 0001:00051511       _fixedtables               00452511 f   lib:inflate.obj
 0001:000515fb       _updatewindow              004525fb f   lib:inflate.obj
 0001:00050239       _init_destination          00451239 f   lib:jdatadst.obj
 0001:0005025f       _empty_output_buffer       0045125f f   lib:jdatadst.obj
 0001:000502a1       _term_destination          004512a1 f   lib:jdatadst.obj
 0001:0004fdc0       _std_huff_tables           00450dc0 f   lib:jcparam.obj
 0001:0004fe1a       _add_huff_table            00450e1a f   lib:jcparam.obj
 0001:0004e318       _next_marker               0044f318 f   lib:jdmarker.obj
 0001:0004e452       _get_interesting_appn      0044f452 f   lib:jdmarker.obj
 0001:0004e57d       _examine_app0              0044f57d f   lib:jdmarker.obj
 0001:0004e78b       _examine_app14             0044f78b f   lib:jdmarker.obj
 0001:0004e84c       _skip_variable             0044f84c f   lib:jdmarker.obj
 0001:0004e8ef       _read_markers              0044f8ef f   lib:jdmarker.obj
 0001:0004eaf7       _get_soi                   0044faf7 f   lib:jdmarker.obj
 0001:0004eba2       _get_sof                   0044fba2 f   lib:jdmarker.obj
 0001:0004eeab       _get_sos                   0044feab f   lib:jdmarker.obj
 0001:0004f199       _get_dht                   00450199 f   lib:jdmarker.obj
 0001:0004f43a       _get_dqt                   0045043a f   lib:jdmarker.obj
 0001:0004f696       _get_dri                   00450696 f   lib:jdmarker.obj
 0001:0004f775       _first_marker              00450775 f   lib:jdmarker.obj
 0001:0004f811       _read_restart_marker       00450811 f   lib:jdmarker.obj
 0001:0004f88f       _reset_marker_reader       0045088f f   lib:jdmarker.obj
 0001:0004e0fc       _output_pass_setup         0044f0fc f   lib:jdapistd.obj
 0001:0004ddef       _default_decompress_parms  0044edef f   lib:jdapimin.obj

 505 bytes saved through ICF

