 quake2

 Timestamp is 3d78cd72 (Fri Sep 06 19:44:50 2002)

 Preferred load address is 00400000

 Start         Length     Name                   Class
 0001:00000000 00061fa0H .text                   CODE
 0002:00000000 0000036cH .idata$5                DATA
 0002:00000370 0000167cH .rdata                  DATA
 0002:000019ec 00000078H .idata$2                DATA
 0002:00001a64 00000014H .idata$3                DATA
 0002:00001a78 0000036cH .idata$4                DATA
 0002:00001de4 00000b9cH .idata$6                DATA
 0002:00002980 00000000H .edata                  DATA
 0003:00000000 00000004H .CRT$XCA                DATA
 0003:00000004 00000004H .CRT$XCZ                DATA
 0003:00000008 00000004H .CRT$XIA                DATA
 0003:0000000c 00000004H .CRT$XIZ                DATA
 0003:00000010 00016764H .data                   DATA
 0003:00016778 00980d6cH .bss                    DATA
 0004:00000000 000000a0H .rsrc$01                DATA
 0004:000000a0 00000300H .rsrc$02                DATA

  Address         Publics by Value              Rva+Base     Lib:Object

 0001:00000000       _CDAudio_Play2             00401000 f   cd_win.obj
 0001:000001e5       _CDAudio_Play              004011e5 f   cd_win.obj
 0001:000001fc       _CDAudio_Stop              004011fc f   cd_win.obj
 0001:00000241       _CDAudio_Pause             00401241 f   cd_win.obj
 0001:0000029a       _CDAudio_Resume            0040129a f   cd_win.obj
 0001:0000030c       _CDAudio_MessageHandler    0040130c f   cd_win.obj
 0001:000003a3       _CDAudio_Update            004013a3 f   cd_win.obj
 0001:000003da       _CDAudio_Init              004013da f   cd_win.obj
 0001:000007d1       _CDAudio_Shutdown          004017d1 f   cd_win.obj
 0001:00000804       _CDAudio_Activate          00401804 f   cd_win.obj
 0001:00000815       _SCR_StopCinematic         00401815 f   cl_cin.obj
 0001:000008a1       _SCR_FinishCinematic       004018a1 f   cl_cin.obj
 0001:000008cb       _SCR_ReadNextFrame         004018cb f   cl_cin.obj
 0001:00000bec       _SCR_RunCinematic          00401bec f   cl_cin.obj
 0001:00000ce5       _SCR_DrawCinematic         00401ce5 f   cl_cin.obj
 0001:00000d84       _SCR_PlayCinematic         00401d84 f   cl_cin.obj
 0001:000010a6       _CL_ParseEntityBits        004020a6 f   cl_ents.obj
 0001:00001125       _CL_ParseDelta             00402125 f   cl_ents.obj
 0001:00001303       _CL_DeltaEntity            00402303 f   cl_ents.obj
 0001:0000149c       _CL_ParsePacketEntities    0040249c f   cl_ents.obj
 0001:000016bf       _CL_ParsePlayerstate       004026bf f   cl_ents.obj
 0001:000019cd       _CL_FireEntityEvents       004029cd f   cl_ents.obj
 0001:00001a1c       _CL_ParseFrame             00402a1c f   cl_ents.obj
 0001:00001c89       _CL_AddPacketEntities      00402c89 f   cl_ents.obj
 0001:00002733       _CL_AddViewWeapon          00403733 f   cl_ents.obj
 0001:0000286d       _CL_CalcViewValues         0040386d f   cl_ents.obj
 0001:00002b0b       _CL_AddEntities            00403b0b f   cl_ents.obj
 0001:00002bdd       _CL_GetEntitySoundOrigin   00403bdd f   cl_ents.obj
 0001:00002c2a       _CL_RunLightStyles         00403c2a f   cl_fx.obj
 0001:00002c9a       _CL_SetLightstyle          00403c9a f   cl_fx.obj
 0001:00002d05       _CL_AddLightStyles         00403d05 f   cl_fx.obj
 0001:00002d3d       _CL_AllocDlight            00403d3d f   cl_fx.obj
 0001:00002da8       _CL_RunDLights             00403da8 f   cl_fx.obj
 0001:00002dfa       _CL_ParseMuzzleFlash       00403dfa f   cl_fx.obj
 0001:00003645       _CL_ParseMuzzleFlash2      00404645 f   cl_fx.obj
 0001:00003d4f       _CL_AddDLights             00404d4f f   cl_fx.obj
 0001:00003e1d       _CL_ClearParticles         00404e1d f   cl_fx.obj
 0001:00003e51       _CL_ParticleEffect         00404e51 f   cl_fx.obj
 0001:00003f4e       _CL_ParticleEffect2        00404f4e f   cl_fx.obj
 0001:00004040       _CL_ParticleEffect3        00405040 f   cl_fx.obj
 0001:00004132       _CL_TeleporterParticles    00405132 f   cl_fx.obj
 0001:0000421a       _CL_LogoutEffect           0040521a f   cl_fx.obj
 0001:00004349       _CL_ItemRespawnParticles   00405349 f   cl_fx.obj
 0001:0000442c       _CL_ExplosionParticles     0040542c f   cl_fx.obj
 0001:0000450f       _CL_BigTeleportParticles   0040550f f   cl_fx.obj
 0001:00004683       _CL_BlasterParticles       00405683 f   cl_fx.obj
 0001:00004783       _CL_BlasterTrail           00405783 f   cl_fx.obj
 0001:000048b4       _CL_FlagTrail              004058b4 f   cl_fx.obj
 0001:000049ea       _CL_DiminishingTrail       004059ea f   cl_fx.obj
 0001:00004cae       _MakeNormalVectors         00405cae f   cl_fx.obj
 0001:00004d05       _CL_RocketTrail            00405d05 f   cl_fx.obj
 0001:00004e70       _CL_RailTrail              00405e70 f   cl_fx.obj
 0001:00005111       _CL_IonripperTrail         00406111 f   cl_fx.obj
 0001:00005264       _CL_BubbleTrail            00406264 f   cl_fx.obj
 0001:000053ba       _CL_FlyParticles           004063ba f   cl_fx.obj
 0001:0000558d       _CL_FlyEffect              0040658d f   cl_fx.obj
 0001:00005610       _CL_BfgParticles           00406610 f   cl_fx.obj
 0001:00005817       _CL_TrapParticles          00406817 f   cl_fx.obj
 0001:00005b19       _CL_BFGExplosionParticles  00406b19 f   cl_fx.obj
 0001:00005bfc       _CL_TeleportParticles      00406bfc f   cl_fx.obj
 0001:00005d6b       _CL_AddParticles           00406d6b f   cl_fx.obj
 0001:00005ec4       _CL_EntityEvent            00406ec4 f   cl_fx.obj
 0001:000060a1       _CL_ClearEffects           004070a1 f   cl_fx.obj
 0001:000060d3       _KeyDown                   004070d3 f   cl_input.obj
 0001:00006149       _KeyUp                     00407149 f   cl_input.obj
 0001:000061c3       _IN_KLookDown              004071c3 f   cl_input.obj
 0001:000061cf       _IN_KLookUp                004071cf f   cl_input.obj
 0001:000061db       _IN_UpDown                 004071db f   cl_input.obj
 0001:000061e7       _IN_UpUp                   004071e7 f   cl_input.obj
 0001:000061f3       _IN_DownDown               004071f3 f   cl_input.obj
 0001:000061ff       _IN_DownUp                 004071ff f   cl_input.obj
 0001:0000620b       _IN_LeftDown               0040720b f   cl_input.obj
 0001:00006217       _IN_LeftUp                 00407217 f   cl_input.obj
 0001:00006223       _IN_RightDown              00407223 f   cl_input.obj
 0001:0000622f       _IN_RightUp                0040722f f   cl_input.obj
 0001:0000623b       _IN_ForwardDown            0040723b f   cl_input.obj
 0001:00006247       _IN_ForwardUp              00407247 f   cl_input.obj
 0001:00006253       _IN_BackDown               00407253 f   cl_input.obj
 0001:0000625f       _IN_BackUp                 0040725f f   cl_input.obj
 0001:0000626b       _IN_LookupDown             0040726b f   cl_input.obj
 0001:00006277       _IN_LookupUp               00407277 f   cl_input.obj
 0001:00006283       _IN_LookdownDown           00407283 f   cl_input.obj
 0001:0000628f       _IN_LookdownUp             0040728f f   cl_input.obj
 0001:0000629b       _IN_MoveleftDown           0040729b f   cl_input.obj
 0001:000062a7       _IN_MoveleftUp             004072a7 f   cl_input.obj
 0001:000062b3       _IN_MoverightDown          004072b3 f   cl_input.obj
 0001:000062bf       _IN_MoverightUp            004072bf f   cl_input.obj
 0001:000062cb       _IN_SpeedDown              004072cb f   cl_input.obj
 0001:000062d7       _IN_SpeedUp                004072d7 f   cl_input.obj
 0001:000062e3       _IN_StrafeDown             004072e3 f   cl_input.obj
 0001:000062ef       _IN_StrafeUp               004072ef f   cl_input.obj
 0001:000062fb       _IN_AttackDown             004072fb f   cl_input.obj
 0001:00006307       _IN_AttackUp               00407307 f   cl_input.obj
 0001:00006313       _IN_UseDown                00407313 f   cl_input.obj
 0001:0000631f       _IN_UseUp                  0040731f f   cl_input.obj
 0001:0000632b       _IN_Impulse                0040732b f   cl_input.obj
 0001:00006341       _CL_KeyState               00407341 f   cl_input.obj
 0001:0000639f       _CL_AdjustAngles           0040739f f   cl_input.obj
 0001:000064ae       _CL_BaseMove               004074ae f   cl_input.obj
 0001:00006688       _CL_ClampPitch             00407688 f   cl_input.obj
 0001:00006736       _CL_FinishMove             00407736 f   cl_input.obj
 0001:000067e5       _CL_CreateCmd              004077e5 f   cl_input.obj
 0001:00006851       _IN_CenterView             00407851 f   cl_input.obj
 0001:00006872       _CL_InitInput              00407872 f   cl_input.obj
 0001:00006a78       _CL_SendCmd                00407a78 f   cl_input.obj
 0001:00006c72       _CL_ParseInventory         00407c72 f   cl_inv.obj
 0001:00006c92       _CL_DrawInventory          00407c92 f   cl_inv.obj
 0001:00006eeb       _CL_WriteDemoMessage       00407eeb f   cl_main.obj
 0001:00006f2d       _CL_Stop_f                 00407f2d f   cl_main.obj
 0001:00006f88       _CL_Record_f               00407f88 f   cl_main.obj
 0001:00007201       _Cmd_ForwardToServer       00408201 f   cl_main.obj
 0001:0000726d       _CL_Setenv_f               0040826d f   cl_main.obj
 0001:00007331       _CL_ForwardToServer_f      00408331 f   cl_main.obj
 0001:0000737f       _CL_Pause_f                0040837f f   cl_main.obj
 0001:000073b8       _CL_Quit_f                 004083b8 f   cl_main.obj
 0001:000073c2       _CL_Drop                   004083c2 f   cl_main.obj
 0001:000073e4       _CL_SendConnectPacket      004083e4 f   cl_main.obj
 0001:000074b8       _CL_CheckForResend         004084b8 f   cl_main.obj
 0001:00007598       _CL_Connect_f              00408598 f   cl_main.obj
 0001:00007617       _CL_Rcon_f                 00408617 f   cl_main.obj
 0001:00007764       _CL_ClearState             00408764 f   cl_main.obj
 0001:000077a3       _CL_Disconnect             004087a3 f   cl_main.obj
 0001:000078d8       _CL_Disconnect_f           004088d8 f   cl_main.obj
 0001:000078e7       _CL_Changing_f             004088e7 f   cl_main.obj
 0001:0000790b       _CL_Reconnect_f            0040890b f   cl_main.obj
 0001:000079a7       _CL_ParseStatusMessage     004089a7 f   cl_main.obj
 0001:000079de       _CL_PingServers_f          004089de f   cl_main.obj
 0001:00007b38       _CL_Skins_f                00408b38 f   cl_main.obj
 0001:00007b74       _CL_ConnectionlessPacket   00408b74 f   cl_main.obj
 0001:00007db6       _CL_ReadPackets            00408db6 f   cl_main.obj
 0001:00007ef4       _CL_FixUpGender            00408ef4 f   cl_main.obj
 0001:00007fc7       _CL_Userinfo_f             00408fc7 f   cl_main.obj
 0001:00007fdf       _CL_Snd_Restart_f          00408fdf f   cl_main.obj
 0001:00007fee       _CL_RequestNextDownload    00408fee f   cl_main.obj
 0001:00008632       _CL_Precache_f             00409632 f   cl_main.obj
 0001:0000869b       _CL_WriteConfiguration     0040969b f   cl_main.obj
 0001:00008726       _CL_WriteConfig_f          00409726 f   cl_main.obj
 0001:00008785       _CL_InitLocal              00409785 f   cl_main.obj
 0001:000089a5       _CL_FixCvarCheats          004099a5 f   cl_main.obj
 0001:00008a62       _CL_SendCommand            00409a62 f   cl_main.obj
 0001:00008a80       _CL_Frame                  00409a80 f   cl_main.obj
 0001:00008c35       _CL_Init                   00409c35 f   cl_main.obj
 0001:00008c8a       _CL_Shutdown               00409c8a f   cl_main.obj
 0001:00008cd0       _vectoangles2              00409cd0 f   cl_newfx.obj
 0001:00008dd2       _CL_Flashlight             00409dd2 f   cl_newfx.obj
 0001:00008e23       _CL_ColorFlash             00409e23 f   cl_newfx.obj
 0001:00008ec9       _CL_DebugTrail             00409ec9 f   cl_newfx.obj
 0001:00008ff7       _CL_ForceWall              00409ff7 f   cl_newfx.obj
 0001:0000915b       _CL_BubbleTrail2           0040a15b f   cl_newfx.obj
 0001:000092bd       _CL_Heatbeam               0040a2bd f   cl_newfx.obj
 0001:00009588       _CL_ParticleSteamEffect    0040a588 f   cl_newfx.obj
 0001:000096c2       _CL_ParticleSteamEffect2   0040a6c2 f   cl_newfx.obj
 0001:00009814       _CL_TrackerTrail           0040a814 f   cl_newfx.obj
 0001:00009996       _CL_Tracker_Shell          0040a996 f   cl_newfx.obj
 0001:00009a3f       _CL_MonsterPlasma_Shell    0040aa3f f   cl_newfx.obj
 0001:00009ae7       _CL_Widowbeamout           0040aae7 f   cl_newfx.obj
 0001:00009bbf       _CL_Nukeblast              0040abbf f   cl_newfx.obj
 0001:00009c97       _CL_WidowSplash            0040ac97 f   cl_newfx.obj
 0001:00009d7b       _CL_TagTrail               0040ad7b f   cl_newfx.obj
 0001:00009eb1       _CL_ColorExplosionParticles 0040aeb1 f   cl_newfx.obj
 0001:00009f93       _CL_ParticleSmokeEffect    0040af93 f   cl_newfx.obj
 0001:0000a0cb       _CL_BlasterParticles2      0040b0cb f   cl_newfx.obj
 0001:0000a1cd       _CL_BlasterTrail2          0040b1cd f   cl_newfx.obj
 0001:0000a2fe       _CL_DownloadFileName       0040b2fe f   cl_parse.obj
 0001:0000a33d       _CL_CheckOrDownloadFile    0040b33d f   cl_parse.obj
 0001:0000a4a1       _CL_Download_f             0040b4a1 f   cl_parse.obj
 0001:0000a56d       _CL_RegisterSounds         0040b56d f   cl_parse.obj
 0001:0000a5ac       _CL_ParseDownload          0040b5ac f   cl_parse.obj
 0001:0000a719       _CL_ParseServerData        0040b719 f   cl_parse.obj
 0001:0000a828       _CL_ParseBaseline          0040b828 f   cl_parse.obj
 0001:0000a862       _CL_LoadClientinfo         0040b862 f   cl_parse.obj
 0001:0000abfa       _CL_ParseClientinfo        0040bbfa f   cl_parse.obj
 0001:0000ac1e       _CL_ParseConfigString      0040bc1e f   cl_parse.obj
 0001:0000ada3       _CL_ParseStartSoundPacket  0040bda3 f   cl_parse.obj
 0001:0000aea5       _SHOWNET                   0040bea5 f   cl_parse.obj
 0001:0000aec9       _CL_ParseServerMessage     0040bec9 f   cl_parse.obj
 0001:0000b169       _CL_CheckPredictionError   0040c169 f   cl_pred.obj
 0001:0000b28f       _CL_ClipMoveToEntities     0040c28f f   cl_pred.obj
 0001:0000b3e6       _CL_PMTrace                0040c3e6 f   cl_pred.obj
 0001:0000b455       _CL_PMpointcontents        0040c455 f   cl_pred.obj
 0001:0000b4bf       _CL_PredictMovement        0040c4bf f   cl_pred.obj
 0001:0000b6cd       _CL_AddNetgraph            0040c6cd f   cl_scrn.obj
 0001:0000b7a7       _SCR_DebugGraph            0040c7a7 f   cl_scrn.obj
 0001:0000b7cf       _SCR_DrawDebugGraph        0040c7cf f   cl_scrn.obj
 0001:0000b8ae       _SCR_CenterPrint           0040c8ae f   cl_scrn.obj
 0001:0000b9bf       _SCR_DrawCenterString      0040c9bf f   cl_scrn.obj
 0001:0000bb1c       _SCR_SizeUp_f              0040cb1c f   cl_scrn.obj
 0001:0000bb35       _SCR_SizeDown_f            0040cb35 f   cl_scrn.obj
 0001:0000bb56       _SCR_Sky_f                 0040cb56 f   cl_scrn.obj
 0001:0000bc01       _SCR_Init                  0040cc01 f   cl_scrn.obj
 0001:0000bc66       _SCR_DrawNet               0040cc66 f   cl_scrn.obj
 0001:0000bca1       _SCR_DrawPause             0040cca1 f   cl_scrn.obj
 0001:0000bd04       _SCR_RunConsole            0040cd04 f   cl_scrn.obj
 0001:0000bda5       _SCR_DrawConsole           0040cda5 f   cl_scrn.obj
 0001:0000be35       _SCR_SetLevelshot          0040ce35 f   cl_scrn.obj
 0001:0000bec7       _SCR_DrawLoading           0040cec7 f   cl_scrn.obj
 0001:0000bf65       _SCR_BeginLoadingPlaque    0040cf65 f   cl_scrn.obj
 0001:0000bfbb       _SCR_EndLoadingPlaque      0040cfbb f   cl_scrn.obj
 0001:0000bfd6       _SCR_Loading_f             0040cfd6 f   cl_scrn.obj
 0001:0000bfdb       _SCR_TimeRefresh_f         0040cfdb f   cl_scrn.obj
 0001:0000c0b2       _SCR_AddDirtyPoint         0040d0b2 f   cl_scrn.obj
 0001:0000c0ef       _SCR_DirtyScreen           0040d0ef f   cl_scrn.obj
 0001:0000c16a       _SCR_TileClear             0040d16a f   cl_scrn.obj
 0001:0000c34d       _DrawHUDString             0040d34d f   cl_scrn.obj
 0001:0000c3ff       _SCR_DrawField             0040d3ff f   cl_scrn.obj
 0001:0000c523       _SCR_TouchPics             0040d523 f   cl_scrn.obj
 0001:0000c5b5       _SCR_ExecuteLayoutString   0040d5b5 f   cl_scrn.obj
 0001:0000cf4f       _SCR_UpdateScreen          0040df4f f   cl_scrn.obj
 0001:0000d230       _CL_RegisterTEntSounds     0040e230 f   cl_tent.obj
 0001:0000d468       _CL_RegisterTEntModels     0040e468 f   cl_tent.obj
 0001:0000d5ee       _CL_ClearTEnts             0040e5ee f   cl_tent.obj
 0001:0000d645       _CL_AllocExplosion         0040e645 f   cl_tent.obj
 0001:0000d6bf       _CL_SmokeAndFlash          0040e6bf f   cl_tent.obj
 0001:0000d750       _CL_ParseBeam              0040e750 f   cl_tent.obj
 0001:0000d854       _CL_ParseBeam2             0040e854 f   cl_tent.obj
 0001:0000d968       _CL_ParsePlayerBeam        0040e968 f   cl_tent.obj
 0001:0000dab3       _CL_ParseLightning         0040eab3 f   cl_tent.obj
 0001:0000db91       _CL_ParseLaser             0040eb91 f   cl_tent.obj
 0001:0000dc39       _CL_ParseSteam             0040ec39 f   cl_tent.obj
 0001:0000dd4a       _CL_ParseWidow             0040ed4a f   cl_tent.obj
 0001:0000ddb6       _CL_ParseNuke              0040edb6 f   cl_tent.obj
 0001:0000de20       _CL_ParseTEnt              0040ee20 f   cl_tent.obj
 0001:0000ec8f       _CL_AddBeams               0040fc8f f   cl_tent.obj
 0001:0000efb6       _CL_AddPlayerBeams         0040ffb6 f   cl_tent.obj
 0001:0000f6da       _CL_AddExplosions          004106da f   cl_tent.obj
 0001:0000f8c5       _CL_AddLasers              004108c5 f   cl_tent.obj
 0001:0000f8ea       _CL_ProcessSustain         004108ea f   cl_tent.obj
 0001:0000f92b       _CL_AddTEnts               0041092b f   cl_tent.obj
 0001:0000f944       _V_AddEntity               00410944 f   cl_view.obj
 0001:0000f96e       _V_AddParticle             0041096e f   cl_view.obj
 0001:0000f9c5       _V_AddLight                004109c5 f   cl_view.obj
 0001:0000fa11       _V_AddLightStyle           00410a11 f   cl_view.obj
 0001:0000fa5c       _V_TestParticles           00410a5c f   cl_view.obj
 0001:0000fb09       _V_TestEntities            00410b09 f   cl_view.obj
 0001:0000fbab       _V_TestLights              00410bab f   cl_view.obj
 0001:0000fc89       _CL_PrepRefresh            00410c89 f   cl_view.obj
 0001:0000ff57       _CalcFov                   00410f57 f   cl_view.obj
 0001:0000ffd0       _V_Gun_Next_f              00410fd0 f   cl_view.obj
 0001:0000ffe9       _V_Gun_Prev_f              00410fe9 f   cl_view.obj
 0001:0001000b       _V_Gun_Model_f             0041100b f   cl_view.obj
 0001:00010050       _SCR_DrawCrosshair         00411050 f   cl_view.obj
 0001:000100bc       _V_RenderView              004110bc f   cl_view.obj
 0001:00010b5f       _V_Viewpos_f               00411b5f f   cl_view.obj
 0001:00010b9d       _V_Init                    00411b9d f   cl_view.obj
 0001:00010be9       _Cbuf_Init                 00411be9 f   cmd.obj
 0001:00010c01       _Cbuf_AddText              00411c01 f   cmd.obj
 0001:00010c5d       _Cbuf_InsertText           00411c5d f   cmd.obj
 0001:00010cb5       _Cbuf_CopyToDefer          00411cb5 f   cmd.obj
 0001:00010ce1       _Cbuf_InsertFromDefer      00411ce1 f   cmd.obj
 0001:00010cf4       _Cbuf_ExecuteText          00411cf4 f   cmd.obj
 0001:00010d33       _Cbuf_Execute              00411d33 f   cmd.obj
 0001:00010de7       _Cbuf_AddEarlyCommands     00411de7 f   cmd.obj
 0001:00010e69       _Cbuf_AddLateCommands      00411e69 f   cmd.obj
 0001:00010f7e       _Cmd_Exec_f                00411f7e f   cmd.obj
 0001:00011003       _Cmd_Echo_f                00412003 f   cmd.obj
 0001:00011045       _Cmd_Alias_f               00412045 f   cmd.obj
 0001:0001118e       _Cmd_Argc                  0041218e f   cmd.obj
 0001:00011194       _Cmd_Argv                  00412194 f   cmd.obj
 0001:000111ae       _Cmd_Args                  004121ae f   cmd.obj
 0001:000111b4       _Cmd_TokenizeString        004121b4 f   cmd.obj
 0001:000113e6       _Cmd_AddCommand            004123e6 f   cmd.obj
 0001:00011451       _Cmd_RemoveCommand         00412451 f   cmd.obj
 0001:00011493       _Cmd_CompleteCommand       00412493 f   cmd.obj
 0001:00011806       _Cmd_ExecuteString         00412806 f   cmd.obj
 0001:000118d1       _Cmd_Init                  004128d1 f   cmd.obj
 0001:0001199b       _CMod_GetSurfMaterial      0041299b f   cmodel.obj
 0001:000119f5       _CM_LoadMap                004129f5 f   cmodel.obj
 0001:0001221b       _CM_InlineModel            0041321b f   cmodel.obj
 0001:00012269       _CM_NumClusters            00413269 f   cmodel.obj
 0001:0001226f       _CM_NumInlineModels        0041326f f   cmodel.obj
 0001:00012275       _CM_EntityString           00413275 f   cmodel.obj
 0001:0001227b       _CM_LeafContents           0041327b f   cmodel.obj
 0001:000122a5       _CM_LeafCluster            004132a5 f   cmodel.obj
 0001:000122d0       _CM_LeafArea               004132d0 f   cmodel.obj
 0001:000122fb       _CM_InitBoxHull            004132fb f   cmodel.obj
 0001:000124d6       _CM_HeadnodeForBox         004134d6 f   cmodel.obj
 0001:0001258b       _CM_PointLeafnum_r         0041358b f   cmodel.obj
 0001:000125f4       _CM_PointLeafnum           004135f4 f   cmodel.obj
 0001:0001260e       _CM_BoxLeafnums_r          0041360e f   cmodel.obj
 0001:000126c4       _CM_BoxLeafnums            004136c4 f   cmodel.obj
 0001:00012717       _CM_PointContents          00413717 f   cmodel.obj
 0001:0001273c       _CM_TransformedPointContents 0041373c f   cmodel.obj
 0001:0001281e       _TraceBuf_Dump             0041381e f   cmodel.obj
 0001:000128ec       _TraceBuf_Init             004138ec f   cmodel.obj
 0001:00012994       _TraceBuf_LimitFrac        00413994 f   cmodel.obj
 0001:000129eb       _TraceBuf_AddLeaf          004139eb f   cmodel.obj
 0001:00012b73       _TraceBuf_FindPart         00413b73 f   cmodel.obj
 0001:00012bae       _CM_ClipBoxToHLLeaf        00413bae f   cmodel.obj
 0001:00012e4f       _CM_TraceToHLLeaf          00413e4f f   cmodel.obj
 0001:00012f22       _CM_FinishHLTrace          00413f22 f   cmodel.obj
 0001:00012fae       _CM_RecursiveHLHullCheck   00413fae f   cmodel.obj
 0001:00013296       _CM_ClipBoxToBrush         00414296 f   cmodel.obj
 0001:00013492       _CM_TestBoxInBrush         00414492 f   cmodel.obj
 0001:00013573       _CM_TraceToLeaf            00414573 f   cmodel.obj
 0001:00013600       _CM_TestInLeaf             00414600 f   cmodel.obj
 0001:00013688       _CM_RecursiveHullCheck     00414688 f   cmodel.obj
 0001:00013960       _CM_BoxTrace               00414960 f   cmodel.obj
 0001:00013eb1       _CM_TransformedBoxTrace    00414eb1 f   cmodel.obj
 0001:0001410d       _CM_DecompressVis          0041510d f   cmodel.obj
 0001:000141b6       _CM_ClusterPVS             004151b6 f   cmodel.obj
 0001:00014203       _CM_ClusterPHS             00415203 f   cmodel.obj
 0001:00014250       _FloodArea_r               00415250 f   cmodel.obj
 0001:000142cc       _FloodAreaConnections      004152cc f   cmodel.obj
 0001:0001430b       _CM_SetAreaPortalState     0041530b f   cmodel.obj
 0001:00014338       _CM_AreasConnected         00415338 f   cmodel.obj
 0001:00014386       _CM_WriteAreaBits          00415386 f   cmodel.obj
 0001:00014416       _CM_WritePortalState       00415416 f   cmodel.obj
 0001:00014430       _CM_ReadPortalState        00415430 f   cmodel.obj
 0001:0001444e       _CM_HeadnodeVisible        0041544e f   cmodel.obj
 0001:000144b6       _Com_BeginRedirect         004154b6 f   common.obj
 0001:000144f3       _Com_EndRedirect           004154f3 f   common.obj
 0001:0001451e       _Com_Printf                0041551e f   common.obj
 0001:0001467d       _Com_DPrintf               0041567d f   common.obj
 0001:000146e1       _DebugPrintf               004156e1 f   common.obj
 0001:00014789       _Com_WPrintf               00415789 f   common.obj
 0001:000147e2       _Com_Error                 004157e2 f   common.obj
 0001:000148c0       _Com_Quit                  004158c0 f   common.obj
 0001:000148f0       _MatchWildcard             004158f0 f   common.obj
 0001:00014a2d       _Com_ServerState           00415a2d f   common.obj
 0001:00014a33       _Com_SetServerState        00415a33 f   common.obj
 0001:00014a3d       _MSG_WriteByte             00415a3d f   common.obj
 0001:00014a3d       _MSG_WriteChar             00415a3d f   common.obj
 0001:00014a51       _MSG_WriteShort            00415a51 f   common.obj
 0001:00014a6b       _MSG_WriteLong             00415a6b f   common.obj
 0001:00014a95       _MSG_WriteFloat            00415a95 f   common.obj
 0001:00014abb       _MSG_WriteString           00415abb f   common.obj
 0001:00014af3       _MSG_WriteCoord            00415af3 f   common.obj
 0001:00014b1c       _MSG_WritePos              00415b1c f   common.obj
 0001:00014b90       _MSG_WriteAngle            00415b90 f   common.obj
 0001:00014bb3       _MSG_WriteAngle16          00415bb3 f   common.obj
 0001:00014be2       _MSG_WriteDeltaUsercmd     00415be2 f   common.obj
 0001:00014d6a       _MSG_WriteDir              00415d6a f   common.obj
 0001:00014dd7       _MSG_ReadDir               00415dd7 f   common.obj
 0001:00014e20       _MSG_WriteDeltaEntity      00415e20 f   common.obj
 0001:00015319       _MSG_BeginReading          00416319 f   common.obj
 0001:00015322       _MSG_ReadChar              00416322 f   common.obj
 0001:00015343       _MSG_ReadByte              00416343 f   common.obj
 0001:00015364       _MSG_ReadShort             00416364 f   common.obj
 0001:00015394       _MSG_ReadLong              00416394 f   common.obj
 0001:000153d3       _MSG_ReadString            004163d3 f   common.obj
 0001:00015406       _MSG_ReadStringLine        00416406 f   common.obj
 0001:0001543e       _MSG_ReadCoord             0041643e f   common.obj
 0001:00015458       _MSG_ReadPos               00416458 f   common.obj
 0001:000154aa       _MSG_ReadAngle             004164aa f   common.obj
 0001:000154c4       _MSG_ReadAngle16           004164c4 f   common.obj
 0001:000154de       _MSG_ReadDeltaUsercmd      004164de f   common.obj
 0001:00015595       _MSG_ReadData              00416595 f   common.obj
 0001:000155b8       _SZ_Init                   004165b8 f   common.obj
 0001:000155da       _SZ_Clear                  004165da f   common.obj
 0001:000155e7       _SZ_GetSpace               004165e7 f   common.obj
 0001:00015649       _SZ_Write                  00416649 f   common.obj
 0001:0001566a       _SZ_Print                  0041666a f   common.obj
 0001:000156b3       _COM_Argc                  004166b3 f   common.obj
 0001:000156b9       _COM_Argv                  004166b9 f   common.obj
 0001:000156da       _COM_ClearArgv             004166da f   common.obj
 0001:00015702       _COM_InitArgv              00416702 f   common.obj
 0001:0001575d       _Info_Print                0041675d f   common.obj
 0001:0001581a       _COM_BlockSequenceCRCByte  0041681a f   common.obj
 0001:000158a6       _frand                     004168a6 f   common.obj
 0001:000158c3       _crand                     004168c3 f   common.obj
 0001:000158e6       _Com_Error_f               004168e6 f   common.obj
 0001:000158fe       _Qcommon_Init              004168fe f   common.obj
 0001:00015a37       _Qcommon_Frame             00416a37 f   common.obj
 0001:00015c1a       _CCheckParm                00416c1a f   conproc.obj
 0001:00015c53       _InitConProc               00416c53 f   conproc.obj
 0001:00015da5       _DeinitConProc             00416da5 f   conproc.obj
 0001:00015db6       _RequestProc@4             00416db6 f   conproc.obj
 0001:00015ec7       _WriteText                 00416ec7 f   conproc.obj
 0001:00015f8e       _CharToCode                00416f8e f   conproc.obj
 0001:00016016       _SetConsoleCXCY            00417016 f   conproc.obj
 0001:0001614d       _DrawStringCommon          0041714d f   console.obj
 0001:000161aa       _DrawString                004171aa f   console.obj
 0001:000161cc       _DrawAltString             004171cc f   console.obj
 0001:000161f1       _Key_ClearTyping           004171f1 f   console.obj
 0001:0001620b       _Con_ToggleConsole_f       0041720b f   console.obj
 0001:0001629c       _Con_ClearNotify           0041729c f   console.obj
 0001:000162aa       _Con_CheckResize           004172aa f   console.obj
 0001:000163ca       _Con_Init                  004173ca f   console.obj
 0001:00016676       _Con_Print                 00417676 f   console.obj
 0001:00016959       _Con_DrawNotify            00417959 f   console.obj
 0001:00016b68       _Con_DrawConsole           00417b68 f   console.obj
 0001:0001708c       _CRC_Block                 0041808c f   crc.obj
 0001:000170c8       _Cvar_VariableValue        004180c8 f   cvar.obj
 0001:00017136       _Cvar_VariableInt          00418136 f   cvar.obj
 0001:00017149       _Cvar_VariableString       00418149 f   cvar.obj
 0001:00017161       _Cvar_Get                  00418161 f   cvar.obj
 0001:00017393       _Cvar_GetVars              00418393 f   cvar.obj
 0001:000173c3       _Cvar_FullSet              004183c3 f   cvar.obj
 0001:00017420       _Cvar_SetValue             00418420 f   cvar.obj
 0001:00017605       _Cvar_SetInteger           00418605 f   cvar.obj
 0001:00017633       _Cvar_Set                  00418633 f   cvar.obj
 0001:00017648       _Cvar_ForceSet             00418648 f   cvar.obj
 0001:0001765d       _Cvar_Clamp                0041865d f   cvar.obj
 0001:000176bb       _Cvar_ClampName            004186bb f   cvar.obj
 0001:00017734       _Cvar_GetLatchedVars       00418734 f   cvar.obj
 0001:00017763       _Cvar_Command              00418763 f   cvar.obj
 0001:000177fa       _Cvar_WriteVariables       004187fa f   cvar.obj
 0001:00017885       _Cvar_BitInfo              00418885 f   cvar.obj
 0001:000178be       _Cvar_Userinfo             004188be f   cvar.obj
 0001:000178c7       _Cvar_Serverinfo           004188c7 f   cvar.obj
 0001:000178d0       _Cvar_Init                 004188d0 f   cvar.obj
 0001:00017ee5       _FS_CreatePath             00418ee5 f   files.obj
 0001:00017f0b       _Developer_searchpath      00418f0b f   files.obj
 0001:00017f50       _FS_FCloseFile             00418f50 f   files.obj
 0001:00017fd6       _FS_FOpenFile              00418fd6 f   files.obj
 0001:000183c5       _FS_FileExists             004193c5 f   files.obj
 0001:000185a3       _FS_Read                   004195a3 f   files.obj
 0001:000187d9       _FS_LoadFile               004197d9 f   files.obj
 0001:0001883b       _FS_FreeFile               0041983b f   files.obj
 0001:00018846       _FS_LoadPackFile           00419846 f   files.obj
 0001:00018b7e       _FS_UnloadPackFile         00419b7e f   files.obj
 0001:00018bcb       _FS_AddGameDirectory       00419bcb f   files.obj
 0001:00018d75       _FS_Gamedir                00419d75 f   files.obj
 0001:00018d89       _FS_LoadGameConfig         00419d89 f   files.obj
 0001:00018e02       _FS_SetGamedir             00419e02 f   files.obj
 0001:00018f94       _FS_ListFiles              00419f94 f   files.obj
 0001:00019247       _FS_Dir_f                  0041a247 f   files.obj
 0001:00019458       _FS_Path_f                 0041a458 f   files.obj
 0001:000194f0       _FS_NextPath               0041a4f0 f   files.obj
 0001:00019514       _FS_InitFilesystem         0041a514 f   files.obj
 0001:000199ca       _LoadPCX                   0041a9ca f   images.obj
 0001:00019bae       _LoadTGA                   0041abae f   images.obj
 0001:00019f44       _LoadJPG                   0041af44 f   images.obj
 0001:0001a1d7       _ImageExists               0041b1d7 f   images.obj
 0001:0001a2f0       _WriteTGA                  0041b2f0 f   images.obj
 0001:0001a39c       _WriteJPG                  0041b39c f   images.obj
 0001:0001a4c4       _IN_MLookDown              0041b4c4 f   in_win.obj
 0001:0001a4cf       _IN_MLookUp                0041b4cf f   in_win.obj
 0001:0001a4f2       _IN_ActivateMouse          0041b4f2 f   in_win.obj
 0001:0001a60b       _IN_DeactivateMouse        0041b60b f   in_win.obj
 0001:0001a65c       _IN_StartupMouse           0041b65c f   in_win.obj
 0001:0001a6a0       _IN_MouseEvent             0041b6a0 f   in_win.obj
 0001:0001a71d       _IN_MouseMove              0041b71d f   in_win.obj
 0001:0001a8c7       _IN_Init                   0041b8c7 f   in_win.obj
 0001:0001a90d       _IN_Shutdown               0041b90d f   in_win.obj
 0001:0001a912       _IN_Activate               0041b912 f   in_win.obj
 0001:0001a929       _IN_Frame                  0041b929 f   in_win.obj
 0001:0001a979       _IN_Move                   0041b979 f   in_win.obj
 0001:0001a997       _IN_StartupJoystick        0041b997 f   in_win.obj
 0001:0001aab8       _Joy_AdvancedUpdate_f      0041bab8 f   in_win.obj
 0001:0001ac4f       _IN_Commands               0041bc4f f   in_win.obj
 0001:0001ad7e       _IN_ReadJoystick           0041bd7e f   in_win.obj
 0001:0001adb9       _IN_JoyMove                0041bdb9 f   in_win.obj
 0001:0001b109       _CompleteCommand           0041c109 f   keys.obj
 0001:0001b170       _Key_Console               0041c170 f   keys.obj
 0001:0001b766       _Key_Message               0041c766 f   keys.obj
 0001:0001b7f7       _Key_StringToKeynum        0041c7f7 f   keys.obj
 0001:0001b841       _Key_KeynumToString        0041c841 f   keys.obj
 0001:0001b894       _Key_SetBinding            0041c894 f   keys.obj
 0001:0001b8ee       _Key_Bindlist_f            0041c8ee f   keys.obj
 0001:0001b97f       _Key_WriteBindings         0041c97f f   keys.obj
 0001:0001b9bd       _Key_Init                  0041c9bd f   keys.obj
 0001:0001bc93       _Key_Event                 0041cc93 f   keys.obj
 0001:0001bfba       _Key_ClearStates           0041cfba f   keys.obj
 0001:0001c001       _MD4Init                   0041d001 f   md4.obj
 0001:0001c029       _MD4Update                 0041d029 f   md4.obj
 0001:0001c0c7       _MD4Final                  0041d0c7 f   md4.obj
 0001:0001c7b8       _Com_BlockChecksum         0041d7b8 f   md4.obj
 0001:0001c7f4       _Z_Free                    0041d7f4 f   memory.obj
 0001:0001c84a       _Z_FreeTags                0041d84a f   memory.obj
 0001:0001c87a       _Z_TagMalloc               0041d87a f   memory.obj
 0001:0001c8eb       _Z_Malloc                  0041d8eb f   memory.obj
 0001:0001c90d       _Z_BlockMalloc             0041d90d f   memory.obj
 0001:0001c928       _CreateMemoryChain         0041d928 f   memory.obj
 0001:0001c989       _FreeMemoryChain           0041d989 f   memory.obj
 0001:0001c9b3       _AllocChainBlock           0041d9b3 f   memory.obj
 0001:0001c9fe       _CopyString                0041d9fe f   memory.obj
 0001:0001ca22       _ChainCopyString           0041da22 f   memory.obj
 0001:0001ca4a       _AllocNamedStruc           0041da4a f   memory.obj
 0001:0001ca85       _ChainAllocNamedStruc      0041da85 f   memory.obj
 0001:0001cac4       _FindNamedStruc            0041dac4 f   memory.obj
 0001:0001cb08       _FindNamedStrucByIndex     0041db08 f   memory.obj
 0001:0001cb1f       _IndexOfNamedStruc         0041db1f f   memory.obj
 0001:0001cb4d       _AddToNamedList            0041db4d f   memory.obj
 0001:0001cb97       _ChainAddToNamedList       0041db97 f   memory.obj
 0001:0001cbe1       _FreeNamedList             0041dbe1 f   memory.obj
 0001:0001cbfc       _Z_Init                    0041dbfc f   memory.obj
 0001:0001cc37       _M_PushMenu                0041dc37 f   menu.obj
 0001:0001ccf2       _M_ForceMenuOff            0041dcf2 f   menu.obj
 0001:0001cd1f       _M_PopMenu                 0041dd1f f   menu.obj
 0001:0001cd73       _Default_MenuKey           0041dd73 f   menu.obj
 0001:0001cec2       _M_Print                   0041dec2 f   menu.obj
 0001:0001cf0d       _M_DrawCursor              0041df0d f   menu.obj
 0001:0001cf76       _M_DrawTextBox             0041df76 f   menu.obj
 0001:0001d162       _M_Main_Draw               0041e162 f   menu.obj
 0001:0001d2d3       _M_Main_Key                0041e2d3 f   menu.obj
 0001:0001d3b8       _M_Menu_Main_f             0041e3b8 f   menu.obj
 0001:0001d3d3       _M_Menu_Multiplayer_f      0041e3d3 f   menu.obj
 0001:0001d576       _M_Menu_Keys_f             0041e576 f   menu.obj
 0001:0001da7a       _M_Menu_Options_f          0041ea7a f   menu.obj
 0001:0001e383       _M_Menu_Video_f            0041f383 f   menu.obj
 0001:0001e3a3       _M_Menu_Credits_f          0041f3a3 f   menu.obj
 0001:0001e5b0       _M_Menu_Game_f             0041f5b0 f   menu.obj
 0001:0001e85f       _M_Menu_LoadGame_f         0041f85f f   menu.obj
 0001:0001ea05       _M_Menu_SaveGame_f         0041fa05 f   menu.obj
 0001:0001eb39       _M_AddToServerList         0041fb39 f   menu.obj
 0001:0001ebb7       _M_Menu_JoinServer_f       0041fbb7 f   menu.obj
 0001:0001ee60       _M_Menu_StartServer_f      0041fe60 f   menu.obj
 0001:0001f697       _M_Menu_DMOptions_f        00420697 f   menu.obj
 0001:0001fe60       _M_Menu_DownloadOptions_f  00420e60 f   menu.obj
 0001:000200f8       _M_Menu_AddressBook_f      004210f8 f   menu.obj
 0001:00020247       _M_Menu_PlayerConfig_f     00421247 f   menu.obj
 0001:00020cf3       _M_Menu_DMBrowse_f         00421cf3 f   menu.obj
 0001:00021293       _M_Quit_Key                00422293 f   menu.obj
 0001:000212d3       _M_Quit_Draw               004222d3 f   menu.obj
 0001:00021312       _M_Menu_Quit_f             00422312 f   menu.obj
 0001:0002132d       _M_Init                    0042232d f   menu.obj
 0001:00021435       _M_Draw                    00422435 f   menu.obj
 0001:00021490       _M_Keydown                 00422490 f   menu.obj
 0001:000214ac       _SwapQ2BspFile             004224ac f   model.obj
 0001:000216f5       _ProcessQ2BspFile          004226f5 f   model.obj
 0001:000217ce       _CheckLump                 004227ce f   model.obj
 0001:00021813       _LoadQ2BspFile             00422813 f   model.obj
 0001:000219ba       _LoadBspFile               004229ba f   model.obj
 0001:00021ab4       _Netchan_Init              00422ab4 f   net_chan.obj
 0001:00021b14       _Netchan_OutOfBand         00422b14 f   net_chan.obj
 0001:00021b70       _Netchan_OutOfBandPrint    00422b70 f   net_chan.obj
 0001:00021bb0       _Netchan_Setup             00422bb0 f   net_chan.obj
 0001:00021c0b       _Netchan_NeedReliable      00422c0b f   net_chan.obj
 0001:00021c37       _Netchan_Transmit          00422c37 f   net_chan.obj
 0001:00021de0       _Netchan_Process           00422de0 f   net_chan.obj
 0001:00021f2b       _NetadrToSockadr           00422f2b f   net_wins.obj
 0001:00021fd2       _SockadrToNetadr           00422fd2 f   net_wins.obj
 0001:00022035       _NET_CompareAdr            00423035 f   net_wins.obj
 0001:00022097       _NET_CompareBaseAdr        00423097 f   net_wins.obj
 0001:000220ef       _NET_AdrToString           004230ef f   net_wins.obj
 0001:000221a3       _NET_StringToSockaddr      004231a3 f   net_wins.obj
 0001:000223d8       _NET_StringToAdr           004233d8 f   net_wins.obj
 0001:00022431       _NET_IsLocalAddress        00423431 f   net_wins.obj
 0001:0002243b       _NET_GetLoopPacket         0042343b f   net_wins.obj
 0001:000224c2       _NET_SendLoopPacket        004234c2 f   net_wins.obj
 0001:0002250e       _NET_GetPacket             0042350e f   net_wins.obj
 0001:00022643       _NET_SendPacket            00423643 f   net_wins.obj
 0001:000227a4       _NET_IPSocket              004237a4 f   net_wins.obj
 0001:000228b3       _NET_OpenIP                004238b3 f   net_wins.obj
 0001:000229d4       _NET_IPXSocket             004239d4 f   net_wins.obj
 0001:00022acf       _NET_OpenIPX               00423acf f   net_wins.obj
 0001:00022bb7       _NET_Config                00423bb7 f   net_wins.obj
 0001:00022c2d       _NET_Sleep                 00423c2d f   net_wins.obj
 0001:00022cd7       _NET_Init                  00423cd7 f   net_wins.obj
 0001:00022f4e       _Pmove                     00423f4e f   pmove.obj
 0001:00024b3a       _RotatePointAroundVector   00425b3a f   q_shared2.obj
 0001:00024caa       _AngleVectors              00425caa f   q_shared2.obj
 0001:00024dae       _ProjectPointOnPlane       00425dae f   q_shared2.obj
 0001:00024e2d       _PerpendicularVector       00425e2d f   q_shared2.obj
 0001:00024eac       _MatrixMultiply            00425eac f   q_shared2.obj
 0001:00024f93       _R_ConcatTransforms        00425f93 f   q_shared2.obj
 0001:000250cd       _SetPlaneSignbits          004260cd f   q_shared2.obj
 0001:000250ff       _LerpAngle                 004260ff f   q_shared2.obj
 0001:00025142       _anglemod                  00426142 f   q_shared2.obj
 0001:00025166       _BoxOnPlaneSide            00426166 f   q_shared2.obj
 0001:0002539d       _ClearBounds               0042639d f   q_shared2.obj
 0001:000253c6       _AddPointToBounds          004263c6 f   q_shared2.obj
 0001:000253ff       _VectorCompare             004263ff f   q_shared2.obj
 0001:0002542d       _VectorNormalize           0042642d f   q_shared2.obj
 0001:00025481       _VectorMA                  00426481 f   q_shared2.obj
 0001:000254b0       _CrossProduct              004264b0 f   q_shared2.obj
 0001:000254eb       _VectorLength              004264eb f   q_shared2.obj
 0001:00025513       _VectorInverse             00426513 f   q_shared2.obj
 0001:0002552e       _VectorScale               0042652e f   q_shared2.obj
 0001:00025552       _AnglesToAxis              00426552 f   q_shared2.obj
 0001:00025597       _AxisCopy                  00426597 f   q_shared2.obj
 0001:000255d4       _COM_StripExtension        004265d4 f   q_shared2.obj
 0001:000255f5       _COM_FilePath              004265f5 f   q_shared2.obj
 0001:0002562b       _ShortSwap                 0042662b f   q_shared2.obj
 0001:00025640       _va                        00426640 f   q_shared2.obj
 0001:0002565d       _COM_ParseExt              0042665d f   q_shared2.obj
 0001:00025758       _Com_PageInMemory          00426758 f   q_shared2.obj
 0001:00025777       _Q_stricmp                 00426777 f   q_shared2.obj
 0001:00025788       _Q_strncasecmp             00426788 f   q_shared2.obj
 0001:000257e0       _Q_strcasecmp              004267e0 f   q_shared2.obj
 0001:000257f6       _Q_strncpyz                004267f6 f   q_shared2.obj
 0001:00025853       _Q_strncpylower            00426853 f   q_shared2.obj
 0001:0002588d       _Q_CopyFilename            0042688d f   q_shared2.obj
 0001:000258cf       _Com_sprintf               004268cf f   q_shared2.obj
 0001:00025928       _Info_ValueForKey          00426928 f   q_shared2.obj
 0001:000259b3       _Info_RemoveKey            004269b3 f   q_shared2.obj
 0001:00025a39       _Info_SetValueForKey       00426a39 f   q_shared2.obj
 0001:00025b77       _Field_Draw                00426b77 f   qmenu.obj
 0001:00025d8d       _Field_Key                 00426d8d f   qmenu.obj
 0001:00025ff6       _Menu_AddItem              00426ff6 f   qmenu.obj
 0001:0002602b       _Menu_AdjustCursor         0042702b f   qmenu.obj
 0001:0002616a       _Menu_Center               0042716a f   qmenu.obj
 0001:0002619f       _Menu_DrawDotsItem         0042719f f   qmenu.obj
 0001:00026201       _Menu_Draw                 00427201 f   qmenu.obj
 0001:000264c2       _Menu_ItemAtCursor         004274c2 f   qmenu.obj
 0001:000264da       _Menu_SelectItem           004274da f   qmenu.obj
 0001:0002651c       _Menu_SetStatusBar         0042751c f   qmenu.obj
 0001:0002652b       _Menu_SlideItem            0042752b f   qmenu.obj
 0001:0002657b       _Menu_TallySlots           0042757b f   qmenu.obj
 0001:00026a2b       _S_SoundInfo_f             00427a2b f   snd_dma.obj
 0001:00026ab5       _S_ReadModelsSex           00427ab5 f   snd_dma.obj
 0001:00026b9e       _S_IsFemale                00427b9e f   snd_dma.obj
 0001:00026bf9       _S_Init                    00427bf9 f   snd_dma.obj
 0001:00026ccc       _S_Shutdown                00427ccc f   snd_dma.obj
 0001:00026d56       _S_FindName                00427d56 f   snd_dma.obj
 0001:00026e42       _S_AliasName               00427e42 f   snd_dma.obj
 0001:00026ece       _S_BeginRegistration       00427ece f   snd_dma.obj
 0001:00026edf       _S_RegisterSound           00427edf f   snd_dma.obj
 0001:00026f5b       _S_EndRegistration         00427f5b f   snd_dma.obj
 0001:00026fee       _S_PickChannel             00427fee f   snd_dma.obj
 0001:00027085       _S_SpatializeOrigin        00428085 f   snd_dma.obj
 0001:0002718d       _S_Spatialize              0042818d f   snd_dma.obj
 0001:000271fb       _S_AllocPlaysound          004281fb f   snd_dma.obj
 0001:0002721a       _S_FreePlaysound           0042821a f   snd_dma.obj
 0001:0002724a       _S_IssuePlaysound          0042824a f   snd_dma.obj
 0001:0002730b       _S_RegisterSexedSound      0042830b f   snd_dma.obj
 0001:000273fe       _S_StartSound              004283fe f   snd_dma.obj
 0001:00027594       _S_StartLocalSound         00428594 f   snd_dma.obj
 0001:000275e3       _S_ClearBuffer             004285e3 f   snd_dma.obj
 0001:0002763b       _S_StopAllSounds           0042863b f   snd_dma.obj
 0001:000276b6       _S_AddLoopSounds           004286b6 f   snd_dma.obj
 0001:00027882       _S_RawSamples              00428882 f   snd_dma.obj
 0001:00027a86       _S_Update                  00428a86 f   snd_dma.obj
 0001:00027bdd       _GetSoundtime              00428bdd f   snd_dma.obj
 0001:00027c44       _S_Update_                 00428c44 f   snd_dma.obj
 0001:00027cda       _S_Play                    00428cda f   snd_dma.obj
 0001:00027d8a       _S_SoundList               00428d8a f   snd_dma.obj
 0001:00027e4b       _ResampleSfx               00428e4b f   snd_mem.obj
 0001:00027f4f       _S_LoadSound               00428f4f f   snd_mem.obj
 0001:00028075       _GetLittleShort            00429075 f   snd_mem.obj
 0001:00028092       _GetLittleLong             00429092 f   snd_mem.obj
 0001:000280c0       _FindNextChunk             004290c0 f   snd_mem.obj
 0001:0002811c       _GetWavinfo                0042911c f   snd_mem.obj
 0001:000282ef       _S_WriteLinearBlastStereo16 004292ef f   snd_mix.obj
 0001:00028363       _S_TransferStereo16        00429363 f   snd_mix.obj
 0001:000283cc       _S_TransferPaintBuffer     004293cc f   snd_mix.obj
 0001:00028528       _S_PaintChannels           00429528 f   snd_mix.obj
 0001:0002874d       _S_InitScaletable          0042974d f   snd_mix.obj
 0001:000287a0       _S_PaintChannelFrom8       004297a0 f   snd_mix.obj
 0001:000288a2       _S_PaintChannelFrom16      004298a2 f   snd_mix.obj
 0001:0002890d       _FreeSound                 0042990d f   snd_win.obj
 0001:00028b07       _SNDDMA_InitDirect         00429b07 f   snd_win.obj
 0001:00028fdb       _SNDDMA_InitWav            00429fdb f   snd_win.obj
 0001:0002929e       _SNDDMA_Init               0042a29e f   snd_win.obj
 0001:00029388       _SNDDMA_GetDMAPos          0042a388 f   snd_win.obj
 0001:000293e5       _SNDDMA_BeginPainting      0042a3e5 f   snd_win.obj
 0001:000294e7       _SNDDMA_Submit             0042a4e7 f   snd_win.obj
 0001:000295b9       _SNDDMA_Shutdown           0042a5b9 f   snd_win.obj
 0001:000295be       _S_Activate                0042a5be f   snd_win.obj
 0001:00029601       _SV_SetMaster_f            0042a601 f   sv_ccmds.obj
 0001:0002971e       _SV_SetPlayer              0042a71e f   sv_ccmds.obj
 0001:0002980a       _SV_WipeSavegame           0042a80a f   sv_ccmds.obj
 0001:000298f0       _CopyFile                  0042a8f0 f   sv_ccmds.obj
 0001:00029989       _SV_CopySaveGame           0042a989 f   sv_ccmds.obj
 0001:00029b6e       _SV_WriteLevelFile         0042ab6e f   sv_ccmds.obj
 0001:00029c1c       _SV_ReadLevelFile          0042ac1c f   sv_ccmds.obj
 0001:00029cca       _SV_WriteServerFile        0042acca f   sv_ccmds.obj
 0001:00029ede       _SV_ReadServerFile         0042aede f   sv_ccmds.obj
 0001:00029fec       _SV_DemoMap_f              0042afec f   sv_ccmds.obj
 0001:0002a033       _SV_GameMap_f              0042b033 f   sv_ccmds.obj
 0001:0002a1ac       _SV_Map_f                  0042b1ac f   sv_ccmds.obj
 0001:0002a219       _SV_Loadgame_f             0042b219 f   sv_ccmds.obj
 0001:0002a311       _SV_Savegame_f             0042b311 f   sv_ccmds.obj
 0001:0002a410       _SV_Kick_f                 0042b410 f   sv_ccmds.obj
 0001:0002a48d       _SV_Status_f               0042b48d f   sv_ccmds.obj
 0001:0002a62f       _SV_ConSay_f               0042b62f f   sv_ccmds.obj
 0001:0002a6c2       _SV_Heartbeat_f            0042b6c2 f   sv_ccmds.obj
 0001:0002a6cd       _SV_Serverinfo_f           0042b6cd f   sv_ccmds.obj
 0001:0002a6e5       _SV_DumpUser_f             0042b6e5 f   sv_ccmds.obj
 0001:0002a72b       _SV_ServerRecord_f         0042b72b f   sv_ccmds.obj
 0001:0002a8e2       _SV_ServerStop_f           0042b8e2 f   sv_ccmds.obj
 0001:0002a90e       _SV_KillServer_f           0042b90e f   sv_ccmds.obj
 0001:0002a92e       _SV_ServerCommand_f        0042b92e f   sv_ccmds.obj
 0001:0002a946       _SV_InitOperatorCommands   0042b946 f   sv_ccmds.obj
 0001:0002aa4c       _SV_EmitPacketEntities     0042ba4c f   sv_ents.obj
 0001:0002abba       _SV_WritePlayerstateToClient 0042bbba f   sv_ents.obj
 0001:0002b078       _SV_WriteFrameToClient     0042c078 f   sv_ents.obj
 0001:0002b134       _SV_FatPVS                 0042c134 f   sv_ents.obj
 0001:0002b261       _SV_BuildClientFrame       0042c261 f   sv_ents.obj
 0001:0002b52c       _SV_RecordDemoMessage      0042c52c f   sv_ents.obj
 0001:0002b651       _SV_ShutdownGameProgs      0042c651 f   sv_game.obj
 0001:0002b66a       _SV_InitGameProgs          0042c66a f   sv_game.obj
 0001:0002bcc9       _SV_FindIndex              0042ccc9 f   sv_init.obj
 0001:0002bd90       _SV_ModelIndex             0042cd90 f   sv_init.obj
 0001:0002bda6       _SV_SoundIndex             0042cda6 f   sv_init.obj
 0001:0002bdbf       _SV_ImageIndex             0042cdbf f   sv_init.obj
 0001:0002bdd8       _SV_CreateBaseline         0042cdd8 f   sv_init.obj
 0001:0002be3b       _SV_CheckForSavegame       0042ce3b f   sv_init.obj
 0001:0002bedb       _SV_SpawnServer            0042cedb f   sv_init.obj
 0001:0002c158       _SV_InitGame               0042d158 f   sv_init.obj
 0001:0002c350       _SV_Map                    0042d350 f   sv_init.obj
 0001:0002c547       _SV_DropClient             0042d547 f   sv_main.obj
 0001:0002c59b       _SV_StatusString           0042d59b f   sv_main.obj
 0001:0002c682       _SVC_Status                0042d682 f   sv_main.obj
 0001:0002c6ab       _SVC_Info                  0042d6ab f   sv_main.obj
 0001:0002c761       _SVC_GetChallenge          0042d761 f   sv_main.obj
 0001:0002c82c       _SVC_DirectConnect         0042d82c f   sv_main.obj
 0001:0002cd09       _Rcon_Validate             0042dd09 f   sv_main.obj
 0001:0002cd3a       _SVC_RemoteCommand         0042dd3a f   sv_main.obj
 0001:0002ce26       _SV_ConnectionlessPacket   0042de26 f   sv_main.obj
 0001:0002cf82       _SV_CalcPings              0042df82 f   sv_main.obj
 0001:0002d009       _SV_GiveMsec               0042e009 f   sv_main.obj
 0001:0002d048       _SV_ReadPackets            0042e048 f   sv_main.obj
 0001:0002d179       _SV_CheckTimeouts          0042e179 f   sv_main.obj
 0001:0002d235       _SV_PrepWorldFrame         0042e235 f   sv_main.obj
 0001:0002d25b       _SV_RunGameFrame           0042e25b f   sv_main.obj
 0001:0002d2e4       _SV_PostprocessFrame       0042e2e4 f   sv_main.obj
 0001:0002d704       _SV_Frame                  0042e704 f   sv_main.obj
 0001:0002d7be       _Master_Heartbeat          0042e7be f   sv_main.obj
 0001:0002d875       _Master_Shutdown           0042e875 f   sv_main.obj
 0001:0002d8f3       _SV_UserinfoChanged        0042e8f3 f   sv_main.obj
 0001:0002d9bb       _SV_Init                   0042e9bb f   sv_main.obj
 0001:0002da1e       _SV_FinalMessage           0042ea1e f   sv_main.obj
 0001:0002dae5       _SV_Shutdown               0042eae5 f   sv_main.obj
 0001:0002db7c       _SV_FlushRedirect          0042eb7c f   sv_send.obj
 0001:0002dbee       _SV_ClientPrintf           0042ebee f   sv_send.obj
 0001:0002dc44       _SV_BroadcastPrintf        0042ec44 f   sv_send.obj
 0001:0002dd15       _SV_BroadcastCommand       0042ed15 f   sv_send.obj
 0001:0002dd67       _SV_Multicast              0042ed67 f   sv_send.obj
 0001:0002df12       _SV_MulticastOld           0042ef12 f   sv_send.obj
 0001:0002df25       _SV_StartSound             0042ef25 f   sv_send.obj
 0001:0002e17f       _SV_StartSoundOld          0042f17f f   sv_send.obj
 0001:0002e1af       _SV_StartSoundNew          0042f1af f   sv_send.obj
 0001:0002e1df       _SV_SendClientDatagram     0042f1df f   sv_send.obj
 0001:0002e2b3       _SV_DemoCompleted          0042f2b3 f   sv_send.obj
 0001:0002e2cf       _SV_RateDrop               0042f2cf f   sv_send.obj
 0001:0002e31a       _SV_SendClientMessages     0042f31a f   sv_send.obj
 0001:0002e477       _SV_BeginDemoserver        0042f477 f   sv_user.obj
 0001:0002e4c7       _SV_New_f                  0042f4c7 f   sv_user.obj
 0001:0002e63c       _SV_Configstrings_f        0042f63c f   sv_user.obj
 0001:0002e789       _SV_Baselines_f            0042f789 f   sv_user.obj
 0001:0002e8f1       _SV_Begin_f                0042f8f1 f   sv_user.obj
 0001:0002e94e       _SV_NextDownload_f         0042f94e f   sv_user.obj
 0001:0002ea22       _SV_BeginDownload_f        0042fa22 f   sv_user.obj
 0001:0002ec59       _SV_Disconnect_f           0042fc59 f   sv_user.obj
 0001:0002ec66       _SV_ShowServerinfo_f       0042fc66 f   sv_user.obj
 0001:0002ec73       _SV_Nextserver             0042fc73 f   sv_user.obj
 0001:0002ecd2       _SV_Nextserver_f           0042fcd2 f   sv_user.obj
 0001:0002ed19       _SV_ExecuteUserCommand     0042fd19 f   sv_user.obj
 0001:0002ed86       _SV_ClientThink            0042fd86 f   sv_user.obj
 0001:0002edc9       _SV_ExecuteClientMessage   0042fdc9 f   sv_user.obj
 0001:0002eff7       _SV_CreateAreaNode         0042fff7 f   sv_world.obj
 0001:0002f0fe       _SV_ClearWorld             004300fe f   sv_world.obj
 0001:0002f12b       _SV_UnlinkEdict            0043012b f   sv_world.obj
 0001:0002f150       _SV_LinkEdict              00430150 f   sv_world.obj
 0001:0002f58c       _SV_AreaEdicts_r           0043058c f   sv_world.obj
 0001:0002f699       _SV_AreaEdicts             00430699 f   sv_world.obj
 0001:0002f6dd       _SV_PointContents          004306dd f   sv_world.obj
 0001:0002f77f       _SV_HullForEntity          0043077f f   sv_world.obj
 0001:0002f7c2       _SV_ClipMoveToEntities     004307c2 f   sv_world.obj
 0001:0002f941       _SV_TraceBounds            00430941 f   sv_world.obj
 0001:0002f9b9       _SV_Trace                  004309b9 f   sv_world.obj
 0001:0002faa4       _Sys_Error                 00430aa4 f   sys_win.obj
 0001:0002fb01       _Sys_Quit                  00430b01 f   sys_win.obj
 0001:0002fb41       _Sys_ScanForCD             00430b41 f   sys_win.obj
 0001:0002fbf7       _Sys_Init                  00430bf7 f   sys_win.obj
 0001:00030016       _Sys_ConsoleInput          00431016 f   sys_win.obj
 0001:00030176       _Sys_ConsoleOutput         00431176 f   sys_win.obj
 0001:00030227       _Sys_SendKeyEvents         00431227 f   sys_win.obj
 0001:00030290       _Sys_GetClipboardData      00431290 f   sys_win.obj
 0001:000302e9       _Sys_AppActivate           004312e9 f   sys_win.obj
 0001:00030304       _Sys_UnloadGame            00431304 f   sys_win.obj
 0001:00030329       _Sys_GetGameAPI            00431329 f   sys_win.obj
 0001:00030416       _ParseCommandLine          00431416 f   sys_win.obj
 0001:0003048b       _WinMain@16                0043148b f   sys_win.obj
 0001:000305b0       _AppActivate               004315b0 f   vid_dll.obj
 0001:000306b7       _MainWndProc@16            004316b7 f   vid_dll.obj
 0001:00030aa1       _Vid_GetModeInfo           00431aa1 f   vid_dll.obj
 0001:00030ad0       _Vid_UpdateWindowPosAndSize 00431ad0 f   vid_dll.obj
 0001:00030b37       _Vid_NewWindow             00431b37 f   vid_dll.obj
 0001:00030b54       _Vid_FreeReflib            00431b54 f   vid_dll.obj
 0001:00030b95       _Vid_LoadRefresh           00431b95 f   vid_dll.obj
 0001:00030d31       _Vid_CheckChanges          00431d31 f   vid_dll.obj
 0001:00030e61       _Vid_Init                  00431e61 f   vid_dll.obj
 0001:00030ec8       _Vid_Shutdown              00431ec8 f   vid_dll.obj
 0001:00030eee       _Vid_MenuInit              00431eee f   vid_menu.obj
 0001:00031627       _Vid_MenuDraw              00432627 f   vid_menu.obj
 0001:000316b4       _Vid_MenuKey               004326b4 f   vid_menu.obj
 0001:00031a61       _GL_ClearBuffers           00432a61 f   gl_backend.obj
 0001:00031a70       _GL_ClearPortal            00432a70 f   gl_backend.obj
 0001:00031a8c       _GL_AddSurfaceToPortal     00432a8c f   gl_backend.obj
 0001:00031acd       _GL_FinishPortal           00432acd f   gl_backend.obj
 0001:00031b22       _GL_BackEnd                00432b22 f   gl_backend.obj
 0001:000341a4       _GL_InitBackend            004351a4 f   gl_backend.obj
 0001:000343b0       _GL_ShutdownBackend        004353b0 f   gl_backend.obj
 0001:000343fd       _GL_Bind                   004353fd f   gl_image.obj
 0001:00034494       _GL_SelectTexture          00435494 f   gl_image.obj
 0001:000344e5       _GL_CullFace               004354e5 f   gl_image.obj
 0001:00034528       _GL_TexEnv                 00435528 f   gl_image.obj
 0001:0003458b       _GL_State                  0043558b f   gl_image.obj
 0001:000346f8       _GL_TextureMode            004356f8 f   gl_image.obj
 0001:000347ac       _GL_CreateImage            004357ac f   gl_image.obj
 0001:0003528b       _GL_SetRawPalette          0043628b f   gl_image.obj
 0001:000352bc       _GL_DrawStretchRaw         004362bc f   gl_image.obj
 0001:0003556f       _GL_SetupGamma             0043656f f   gl_image.obj
 0001:0003570d       _GL_InitImages             0043670d f   gl_image.obj
 0001:00035ee9       _GL_ShutdownImages         00436ee9 f   gl_image.obj
 0001:00035f70       _GL_ShowImages             00436f70 f   gl_image.obj
 0001:0003612e       _GL_FindImage              0043712e f   gl_image.obj
 0001:000363f5       _GL_SetMode                004373f5 f   gl_main.obj
 0001:000364d2       _GL_SetDefaultState        004374d2 f   gl_main.obj
 0001:000365dc       _GL_Set2DMode              004375dc f   gl_main.obj
 0001:000366ac       _GL_SetColorB              004376ac f   gl_main.obj
 0001:000366f8       _GL_DrawStretchPic         004376f8 f   gl_main.obj
 0001:000367bf       _FindPic                   004377bf f   gl_main.obj
 0001:00036807       _DrawTextPos               00437807 f   gl_main.obj
 0001:000368d6       _DrawTextLeft              004378d6 f   gl_main.obj
 0001:00036912       _DrawTextRight             00437912 f   gl_main.obj
 0001:00036963       _GL_GetRefAPI              00437963 f   gl_main.obj
 0001:00037d2a       _GL_FindModel              00438d2a f   gl_model.obj
 0001:00037e2c       _GL_UpdateDynamicLightmap  00438e2c f   gl_model.obj
 0001:00038264       _GL_LoadWorldMap           00439264 f   gl_model.obj
 0001:00039e7a       _GL_PointInLeaf            0043ae7a f   gl_model.obj
 0001:0003a4c1       _GL_FindSkin               0043b4c1 f   gl_model.obj
 0001:0003a4d2       _GL_ResetModels            0043b4d2 f   gl_model.obj
 0001:0003a58e       _GL_InitModels             0043b58e f   gl_model.obj
 0001:0003a5fb       _GL_ShutdownModels         0043b5fb f   gl_model.obj
 0001:0003a617       _GL_InitShaders            0043b617 f   gl_shader.obj
 0001:0003a748       _GL_ShutdownShaders        0043b748 f   gl_shader.obj
 0001:0003a772       _GL_ResetShaders           0043b772 f   gl_shader.obj
 0001:0003a83b       _GL_SetShaderLightmap      0043b83b f   gl_shader.obj
 0001:0003ab28       _GL_GetAlphaShader         0043bb28 f   gl_shader.obj
 0001:0003ad9f       _GL_FindShader             0043bd9f f   gl_shader.obj
 0001:0003b249       _GL_GetShaderByNum         0043c249 f   gl_shader.obj
 0001:0003b267       _GL_DrawWorld              0043c267 f   gl_world.obj
 0001:0003b8b4       _GL_DrawEntities           0043c8b4 f   gl_world.obj
 0001:0003be9b       _GL_AddEntity              0043ce9b f   gl_world.obj
 0001:0003c09f       _GL_CreateWindow           0043d09f f   glw_imp.obj
 0001:0003c1fe       _GLimp_SetMode             0043d1fe f   glw_imp.obj
 0001:0003c475       _GLimp_HasGamma            0043d475 f   glw_imp.obj
 0001:0003c48a       _ReadGamma                 0043d48a f   glw_imp.obj
 0001:0003c4cc       _RestoreGamma              0043d4cc f   glw_imp.obj
 0001:0003c4ff       _GLimp_SetGamma            0043d4ff f   glw_imp.obj
 0001:0003c5ee       _GLimp_Shutdown            0043d5ee f   glw_imp.obj
 0001:0003c6dd       _GLimp_Init                0043d6dd f   glw_imp.obj
 0001:0003c762       _GLimp_InitGL              0043d762 f   glw_imp.obj
 0001:0003c9e8       _GLimp_EndFrame            0043d9e8 f   glw_imp.obj
 0001:0003ca52       _GLimp_AppActivate         0043da52 f   glw_imp.obj
 0001:0003e144       _QGL_Shutdown              0043f144 f   qgl_win.obj
 0001:0003e16a       _QGL_Init                  0043f16a f   qgl_win.obj
 0001:0003e1ee       _QGL_InitExtensions        0043f1ee f   qgl_win.obj
 0001:0003e3e9       _GLimp_EnableLogging       0043f3e9 f   qgl_win.obj
 0001:0003e4b4       _GLimp_LogMessage          0043f4b4 f   qgl_win.obj
 0001:0003e4cb       _Hunk_Begin                0043f4cb f   q_shwin.obj
 0001:0003e505       _Hunk_Alloc                0043f505 f   q_shwin.obj
 0001:0003e58c       _Hunk_End                  0043f58c f   q_shwin.obj
 0001:0003e592       _Hunk_Free                 0043f592 f   q_shwin.obj
 0001:0003e5ab       _Sys_Milliseconds          0043f5ab f   q_shwin.obj
 0001:0003e5df       _Sys_Mkdir                 0043f5df f   q_shwin.obj
 0001:0003e5eb       _Sys_FindFirst             0043f5eb f   q_shwin.obj
 0001:0003e70c       _Sys_FindNext              0043f70c f   q_shwin.obj
 0001:0003e77e       _Sys_FindClose             0043f77e f   q_shwin.obj
 0001:0003e798       _R_Alias_clip_z            0043f798 f   r_aclip.obj
 0001:0003e845       _R_Alias_clip_left         0043f845 f   r_aclip.obj
 0001:0003ea13       _R_Alias_clip_right        0043fa13 f   r_aclip.obj
 0001:0003ebe1       _R_Alias_clip_top          0043fbe1 f   r_aclip.obj
 0001:0003edb1       _R_Alias_clip_bottom       0043fdb1 f   r_aclip.obj
 0001:0003ef81       _R_AliasClip               0043ff81 f   r_aclip.obj
 0001:0003f051       _R_AliasClipTriangle       00440051 f   r_aclip.obj
 0001:0003f243       _R_AliasCheckFrameBBox     00440243 f   r_alias.obj
 0001:0003f376       _R_AliasCheckBBox          00440376 f   r_alias.obj
 0001:0003f3da       _R_AliasTransformVector    004403da f   r_alias.obj
 0001:0003f436       _R_AliasPreparePoints      00440436 f   r_alias.obj
 0001:0003f6ce       _R_AliasSetUpTransform     004406ce f   r_alias.obj
 0001:0003f88a       _R_AliasTransformFinalVerts 0044088a f   r_alias.obj
 0001:0003fa5b       _R_AliasProjectAndClipTestFinalVert 00440a5b f   r_alias.obj
 0001:0003fae3       _R_AliasSetupLighting      00440ae3 f   r_alias.obj
 0001:0003fc55       _R_AliasSetupFrames        00440c55 f   r_alias.obj
 0001:0003fcc9       _R_AliasSetUpLerpData      00440cc9 f   r_alias.obj
 0001:0003fdf1       _R_AliasDrawModel          00440df1 f   r_alias.obj
 0001:00040078       _R_EntityRotate            00441078 f   r_bsp.obj
 0001:000400e7       _R_RotateBmodel            004410e7 f   r_bsp.obj
 0001:00040242       _R_RecursiveClipBPoly      00441242 f   r_bsp.obj
 0001:00040572       _R_DrawSolidClippedSubmodelPolygons 00441572 f   r_bsp.obj
 0001:000406f9       _R_DrawSubmodelPolygons    004416f9 f   r_bsp.obj
 0001:00040789       _R_RecursiveWorldNode      00441789 f   r_bsp.obj
 0001:000409e4       _R_RenderWorld             004419e4 f   r_bsp.obj
 0001:00040a5f       _Draw_FindPic              00441a5f f   r_draw.obj
 0001:00040aa2       _Draw_InitLocal            00441aa2 f   r_draw.obj
 0001:00040ab3       _Draw_Char                 00441ab3 f   r_draw.obj
 0001:00040b94       _Draw_CharColor            00441b94 f   r_draw.obj
 0001:00040ca3       _R_DrawTexts               00441ca3 f   r_draw.obj
 0001:00040d19       _DrawText_Pos              00441d19 f   r_draw.obj
 0001:00040e25       _DrawText_Left             00441e25 f   r_draw.obj
 0001:00040e61       _DrawText_Right            00441e61 f   r_draw.obj
 0001:00040eb0       _Draw_GetPicSize           00441eb0 f   r_draw.obj
 0001:00040ef0       _Draw_StretchPicImplementation 00441ef0 f   r_draw.obj
 0001:0004101a       _Draw_StretchPic           0044201a f   r_draw.obj
 0001:00041052       _Draw_StretchRaw           00442052 f   r_draw.obj
 0001:00041084       _Draw_Pic                  00442084 f   r_draw.obj
 0001:0004123d       _Draw_PicColor             0044223d f   r_draw.obj
 0001:000413f6       _Draw_TileClear            004423f6 f   r_draw.obj
 0001:000414c6       _Draw_Fill                 004424c6 f   r_draw.obj
 0001:00041562       _Draw_FadeScreen           00442562 f   r_draw.obj
 0001:000415af       _R_BeginEdgeFrame          004425af f   r_edge.obj
 0001:0004166b       _R_InsertNewEdges          0044266b f   r_edge.obj
 0001:000416b1       _R_RemoveEdges             004426b1 f   r_edge.obj
 0001:000416cf       _R_StepActiveU             004426cf f   r_edge.obj
 0001:00041763       _R_CleanupSpan             00442763 f   r_edge.obj
 0001:000417b3       _R_LeadingEdgeBackwards    004427b3 f   r_edge.obj
 0001:00041848       _R_TrailingEdge            00442848 f   r_edge.obj
 0001:000418ac       _R_LeadingEdge             004428ac f   r_edge.obj
 0001:00041a4f       _R_GenerateSpans           00442a4f f   r_edge.obj
 0001:00041abd       _R_GenerateSpansBackward   00442abd f   r_edge.obj
 0001:00041b2b       _R_ScanEdges               00442b2b f   r_edge.obj
 0001:00041d02       _D_FlatFillSurface         00442d02 f   r_edge.obj
 0001:00041d5c       _D_CalcGradients           00442d5c f   r_edge.obj
 0001:00041f73       _D_BackgroundSurf          00442f73 f   r_edge.obj
 0001:00041fb3       _D_TurbulentSurf           00442fb3 f   r_edge.obj
 0001:0004210c       _D_SkySurf                 0044310c f   r_edge.obj
 0001:0004218d       _D_SolidSurf               0044318d f   r_edge.obj
 0001:0004232f       _D_DrawflatSurfaces        0044332f f   r_edge.obj
 0001:0004237f       _D_DrawSurfaces            0044337f f   r_edge.obj
 0001:0004248c       _R_ImageList_f             0044348c f   r_image.obj
 0001:0004254d       _R_FindFreeImage           0044354d f   r_image.obj
 0001:0004259b       _R_LoadPic                 0044359b f   r_image.obj
 0001:0004262b       _R_LoadTex                 0044362b f   r_image.obj
 0001:000426b7       _R_LoadWal                 004436b7 f   r_image.obj
 0001:0004270d       _R_MipMap                  0044370d f   r_image.obj
 0001:0004283b       _R_DownsampleImage         0044383b f   r_image.obj
 0001:00042940       _R_FindImage               00443940 f   r_image.obj
 0001:00042ce5       _R_RegisterSkin            00443ce5 f   r_image.obj
 0001:00042cf3       _R_FreeUnusedImages        00443cf3 f   r_image.obj
 0001:00042d53       _R_InitImages              00443d53 f   r_image.obj
 0001:00042db9       _R_ShutdownImages          00443db9 f   r_image.obj
 0001:00042df6       _R_MarkLights              00443df6 f   r_light.obj
 0001:00042ec5       _R_PushDlights             00443ec5 f   r_light.obj
 0001:00042f1a       _RecursiveLightPoint       00443f1a f   r_light.obj
 0001:000431c3       _R_LightPoint              004441c3 f   r_light.obj
 0001:000432f8       _R_AddDynamicLights        004442f8 f   r_light.obj
 0001:0004357e       _R_BuildLightMap           0044457e f   r_light.obj
 0001:00043674       _R_InitTextures            00444674 f   r_main.obj
 0001:00043735       _R_InitTurb                00444735 f   r_main.obj
 0001:000437b2       _R_Register                004447b2 f   r_main.obj
 0001:00043829       _R_UnRegister              00444829 f   r_main.obj
 0001:0004384d       _R_Init                    0044484d f   r_main.obj
 0001:000438e3       _R_Shutdown                004448e3 f   r_main.obj
 0001:00043946       _R_NewMap                  00444946 f   r_main.obj
 0001:000439f0       _R_MarkLeaves              004449f0 f   r_main.obj
 0001:00043b17       _R_DrawEntitiesOnList      00444b17 f   r_main.obj
 0001:00043d3f       _R_BmodelCheckBBox         00444d3f f   r_main.obj
 0001:00043df1       _R_FindTopnode             00444df1 f   r_main.obj
 0001:00043e79       _RotatedBBox               00444e79 f   r_main.obj
 0001:00043fe7       _R_DrawBEntitiesOnList     00444fe7 f   r_main.obj
 0001:00044234       _R_EdgeDrawing             00445234 f   r_main.obj
 0001:00044309       _R_CalcPalette             00445309 f   r_main.obj
 0001:0004440e       _R_SetLightLevel           0044540e f   r_main.obj
 0001:0004445c       _R_RenderFrame             0044545c f   r_main.obj
 0001:00044644       _R_InitGraphics            00445644 f   r_main.obj
 0001:000446ba       _R_BeginFrame              004456ba f   r_main.obj
 0001:000447dd       _R_GammaCorrectAndSetPalette 004457dd f   r_main.obj
 0001:0004483c       _R_CinematicSetPalette     0044583c f   r_main.obj
 0001:000448d3       _Draw_BuildGammaTable      004458d3 f   r_main.obj
 0001:0004497e       _R_DrawBeam                0044597e f   r_main.obj
 0001:00044ae4       _R_SetSky                  00445ae4 f   r_main.obj
 0001:00044b6c       _Draw_GetPalette           00445b6c f   r_main.obj
 0001:00044cb4       _D_Draw_GetPicSize         00445cb4 f   r_main.obj
 0001:00044ccb       _D_R_RenderFrame           00445ccb f   r_main.obj
 0001:00044ccb       _D_Draw_StretchPic         00445ccb f   r_main.obj
 0001:00044ccb       _D_R_EndRegistration       00445ccb f   r_main.obj
 0001:00044ccb       _D_R_SetSky                00445ccb f   r_main.obj
 0001:00044ccb       _Qcommon_Shutdown          00445ccb f   r_main.obj
 0001:00044ccb       _D_Draw_Fill               00445ccb f   r_main.obj
 0001:00044ccb       _D_Draw_StretchRaw         00445ccb f   r_main.obj
 0001:00044ccb       _D_R_BeginRegistration     00445ccb f   r_main.obj
 0001:00044ccb       _R_SurfacePatch            00445ccb f   r_main.obj
 0001:00044ccb       _D_Draw_CharColor          00445ccb f   r_main.obj
 0001:00044ccb       _jpeg_mem_term             00445ccb f   r_main.obj
 0001:00044ccb       __setargv                  00445ccb f   r_main.obj
 0001:00044ccb       _D_Draw_PicColor           00445ccb f   r_main.obj
 0001:00044ccb       _D_Draw_TileClear          00445ccb f   r_main.obj
 0001:00044ccb       _D_R_SetPalette            00445ccb f   r_main.obj
 0001:00044ccb       _D_DrawTextPos             00445ccb f   r_main.obj
 0001:00044ccb       _D_DrawTextSide            00445ccb f   r_main.obj
 0001:00044ccb       _D_Draw_FadeScreen         00445ccb f   r_main.obj
 0001:00044ccc       _Draw_ConCharColor         00445ccc f   r_main.obj
 0001:00044ced       _GetRefAPI                 00445ced f   r_main.obj
 0001:00044eec       _D_ViewChanged             00445eec f   r_misc.obj
 0001:00045048       _R_PrintTimes              00446048 f   r_misc.obj
 0001:000450c2       _R_PrintDSpeeds            004460c2 f   r_misc.obj
 0001:00045189       _R_PrintAliasStats         00446189 f   r_misc.obj
 0001:0004519c       _R_TransformFrustum        0044619c f   r_misc.obj
 0001:0004525b       _TransformVector           0044625b f   r_misc.obj
 0001:000452c6       _R_SetUpFrustumIndexes     004462c6 f   r_misc.obj
 0001:0004532b       _R_ViewChanged             0044632b f   r_misc.obj
 0001:0004563a       _R_SetupFrame              0044663a f   r_misc.obj
 0001:00045869       _WritePCXfile              00446869 f   r_misc.obj
 0001:0004598b       _R_ScreenShot_f            0044698b f   r_misc.obj
 0001:00045aab       _Mod_Modellist_f           00446aab f   r_model.obj
 0001:00045b09       _Mod_Init                  00446b09 f   r_model.obj
 0001:00045b21       _Mod_ForName               00446b21 f   r_model.obj
 0001:00045d59       _Mod_PointInLeaf           00446d59 f   r_model.obj
 0001:00045dbb       _Mod_DecompressVis         00446dbb f   r_model.obj
 0001:00045e3b       _Mod_ClusterPVS            00446e3b f   r_model.obj
 0001:00045e68       _Mod_LoadLighting          00446e68 f   r_model.obj
 0001:00045ee7       _R_NumberLeafs             00446ee7 f   r_model.obj
 0001:00045f35       _Mod_LoadVertexes          00446f35 f   r_model.obj
 0001:00045f77       _Mod_LoadEdges             00446f77 f   r_model.obj
 0001:00045fc5       _Mod_LoadTexinfo           00446fc5 f   r_model.obj
 0001:0004612d       _CalcSurfaceExtents        0044712d f   r_model.obj
 0001:00046298       _Mod_LoadFaces             00447298 f   r_model.obj
 0001:000463ff       _Mod_SetParent             004473ff f   r_model.obj
 0001:00046424       _Mod_LoadNodes             00447424 f   r_model.obj
 0001:0004651a       _Mod_LoadLeafs             0044751a f   r_model.obj
 0001:000465c3       _Mod_LoadMarksurfaces      004475c3 f   r_model.obj
 0001:0004663f       _Mod_LoadSurfedges         0044763f f   r_model.obj
 0001:0004667e       _Mod_LoadPlanes            0044767e f   r_model.obj
 0001:000466e6       _Mod_LoadBrushModel        004476e6 f   r_model.obj
 0001:000468f9       _Mod_LoadAliasModel        004478f9 f   r_model.obj
 0001:00046b74       _Mod_LoadSpriteModel       00447b74 f   r_model.obj
 0001:00046c5b       _R_BeginRegistration       00447c5b f   r_model.obj
 0001:00046ceb       _R_RegisterModel           00447ceb f   r_model.obj
 0001:00046de3       _R_EndRegistration         00447de3 f   r_model.obj
 0001:00046e4e       _Mod_FreeAll               00447e4e f   r_model.obj
 0001:00046e93       _R_DrawParticle            00447e93 f   r_part.obj
 0001:0004710f       _R_DrawParticles           0044810f f   r_part.obj
 0001:000471d4       _R_DrawSpanletOpaque       004481d4 f   r_poly.obj
 0001:00047264       _R_DrawSpanletTurbulentStipple33 00448264 f   r_poly.obj
 0001:0004738f       _R_DrawSpanletTurbulentStipple66 0044838f f   r_poly.obj
 0001:00047570       _R_DrawSpanletTurbulentBlended66 00448570 f   r_poly.obj
 0001:00047625       _R_DrawSpanletTurbulentBlended33 00448625 f   r_poly.obj
 0001:000476da       _R_DrawSpanlet33           004486da f   r_poly.obj
 0001:00047774       _R_DrawSpanletConstant33   00448774 f   r_poly.obj
 0001:000477cd       _R_DrawSpanlet66           004487cd f   r_poly.obj
 0001:0004786b       _R_DrawSpanlet33Stipple    0044886b f   r_poly.obj
 0001:00047986       _R_DrawSpanlet66Stipple    00448986 f   r_poly.obj
 0001:00047b17       _R_ClipPolyFace            00448b17 f   r_poly.obj
 0001:00047c88       _R_PolygonDrawSpans        00448c88 f   r_poly.obj
 0001:00048010       _R_PolygonScanLeftEdge     00449010 f   r_poly.obj
 0001:00048144       _R_PolygonScanRightEdge    00449144 f   r_poly.obj
 0001:00048334       _R_ClipAndDrawPoly         00449334 f   r_poly.obj
 0001:00048536       _R_BuildPolygonFromSurface 00449536 f   r_poly.obj
 0001:00048778       _R_PolygonCalculateGradients 00449778 f   r_poly.obj
 0001:00048a31       _R_DrawAlphaSurfaces       00449a31 f   r_poly.obj
 0001:00048ac7       _R_IMFlatShadedQuad        00449ac7 f   r_poly.obj
 0001:00048c42       _R_PolysetUpdateTables     00449c42 f   r_polyse.obj
 0001:00048c7d       _R_DrawTriangle            00449c7d f   r_polyse.obj
 0001:00048d8e       _R_PolysetScanLeftEdge_C   00449d8e f   r_polyse.obj
 0001:00048f58       _FloorDivMod               00449f58 f   r_polyse.obj
 0001:00048ff4       _R_PolysetSetUpForLineScan 00449ff4 f   r_polyse.obj
 0001:00049082       _R_PolysetCalcGradients    0044a082 f   r_polyse.obj
 0001:0004928d       _R_PolysetDrawSpans8_33    0044a28d f   r_polyse.obj
 0001:000493bd       _R_PolysetDrawSpansConstant8_33 0044a3bd f   r_polyse.obj
 0001:00049457       _R_PolysetDrawSpans8_66    0044a457 f   r_polyse.obj
 0001:00049593       _R_PolysetDrawSpansConstant8_66 0044a593 f   r_polyse.obj
 0001:0004963b       _R_PolysetDrawSpans8_Opaque 0044a63b f   r_polyse.obj
 0001:00049786       _R_RasterizeAliasPolySmooth 0044a786 f   r_polyse.obj
 0001:00049d66       _R_PolysetSetEdgeTable     0044ad66 f   r_polyse.obj
 0001:00049e01       _R_InitSkyBox              0044ae01 f   r_rast.obj
 0001:0004a088       _R_EmitSkyBox              0044b088 f   r_rast.obj
 0001:0004a19b       _R_EmitEdge                0044b19b f   r_rast.obj
 0001:0004a56f       _R_ClipEdge                0044b56f f   r_rast.obj
 0001:0004a71d       _R_EmitCachedEdge          0044b71d f   r_rast.obj
 0001:0004a774       _R_RenderFace              0044b774 f   r_rast.obj
 0001:0004ab3b       _R_RenderBmodelFace        0044bb3b f   r_rast.obj
 0001:0004ada4       _D_WarpScreen              0044bda4 f   r_scan.obj
 0001:0004af4c       _D_DrawTurbulent8Span      0044bf4c f   r_scan.obj
 0001:0004afd0       _Turbulent8                0044bfd0 f   r_scan.obj
 0001:0004b2a4       _NonTurbulent8             0044c2a4 f   r_scan.obj
 0001:0004b562       _D_DrawSpans16             0044c562 f   r_scan.obj
 0001:0004b7fc       _D_DrawZSpans              0044c7fc f   r_scan.obj
 0001:0004b8b9       _R_DrawSprite              0044c8b9 f   r_sprite.obj
 0001:0004bb87       _R_TextureAnimation        0044cb87 f   r_surf.obj
 0001:0004bbab       _R_DrawSurface             0044cbab f   r_surf.obj
 0001:0004bd10       _R_DrawSurfaceBlock8_mip0  0044cd10 f   r_surf.obj
 0001:0004be0f       _R_DrawSurfaceBlock8_mip1  0044ce0f f   r_surf.obj
 0001:0004bf0e       _R_DrawSurfaceBlock8_mip2  0044cf0e f   r_surf.obj
 0001:0004c00d       _R_DrawSurfaceBlock8_mip3  0044d00d f   r_surf.obj
 0001:0004c109       _R_InitCaches              0044d109 f   r_surf.obj
 0001:0004c18a       _D_FlushCaches             0044d18a f   r_surf.obj
 0001:0004c1cf       _D_SCAlloc                 0044d1cf f   r_surf.obj
 0001:0004c363       _D_CacheSurface            0044d363 f   r_surf.obj
 0001:0004c4fa       _DDRAW_Init                0044d4fa f   rw_ddraw.obj
 0001:0004c90a       _DDRAW_SetPalette          0044d90a f   rw_ddraw.obj
 0001:0004c973       _DDRAW_Shutdown            0044d973 f   rw_ddraw.obj
 0001:0004cfbe       _DIB_Init                  0044dfbe f   rw_dib.obj
 0001:0004d1a3       _DIB_SetPalette            0044e1a3 f   rw_dib.obj
 0001:0004d367       _DIB_Shutdown              0044e367 f   rw_dib.obj
 0001:0004d460       _Vid_CreateWindow          0044e460 f   rw_imp.obj
 0001:0004d595       _SWimp_Init                0044e595 f   rw_imp.obj
[...]
 0001:00032338       _BindStageImage            00433338 f   gl_backend.obj
 0001:00032368       _SetupColorArrays          00433368 f   gl_backend.obj
 0001:000323d2       _GenerateColorArray        004333d2 f   gl_backend.obj
 0001:0003261a       _RB_DrawScene              0043361a f   gl_backend.obj
 0001:00032972       _SetCurrentShader          00433972 f   gl_backend.obj
 0001:000329d2       _ClearSkyBox               004339d2 f   gl_backend.obj
 0001:00032a08       _AddSkySurfaces            00433a08 f   gl_backend.obj
 0001:00032ab0       _ClipSkyPolygon            00433ab0 f   gl_backend.obj
 0001:00032f00       _DrawSkyBox                00433f00 f   gl_backend.obj
 0001:0003332a       _MakeSkyVec                0043432a f   gl_backend.obj
 0001:0003341c       _CheckDynamicLightmap      0043441c f   gl_backend.obj
 0001:000334ce       _TesselatePlanarSurf       004344ce f   gl_backend.obj
 0001:000335ce       _RB_CheckOverflow          004345ce f   gl_backend.obj
 0001:00033628       _TesselateMd3Surf          00434628 f   gl_backend.obj
 0001:00033807       _SetupGL                   00434807 f   gl_backend.obj
 0001:0003393c       _SortSurfaces              0043493c f   gl_backend.obj
 0001:00033ad7       _DrawBBoxes                00434ad7 f   gl_backend.obj
 0001:00033ce7       _FlashColor                00434ce7 f   gl_backend.obj
 0001:00033d51       _DrawTriangles             00434d51 f   gl_backend.obj
 0001:00033f0b       _DrawFastSurfaces          00434f0b f   gl_backend.obj
 0001:0003406e       _TesselateStretchPic       0043506e f   gl_backend.obj
 0001:00034274       _InitFuncTables            00435274 f   gl_backend.obj
 0001:00031555       _DriverCallback            00432555 f   vid_menu.obj
 0001:000315aa       _ScreenSizeCallback        004325aa f   vid_menu.obj
 0001:000315ca       _BrightnessCallback        004325ca f   vid_menu.obj
 0001:00031607       _ResetDefaults             00432607 f   vid_menu.obj
 0001:0003160c       _CancelChanges             0043260c f   vid_menu.obj
 0001:00031794       _ApplyChanges              00432794 f   vid_menu.obj
 0001:0003062c       _WIN_DisableAltTab         0043162c f   vid_dll.obj
 0001:00030678       _WIN_EnableAltTab          00431678 f   vid_dll.obj
 0001:000309c6       _MapKey                    004319c6 f   vid_dll.obj
 0001:00030e9e       _Vid_Restart_f             00431e9e f   vid_dll.obj
 0001:00030eab       _Vid_Front_f               00431eab f   vid_dll.obj
 0001:0002fcc1       _ExceptionFilter@4         00430cc1 f   sys_win.obj
 0001:0002ff33       _DumpReg4                  00430f33 f   sys_win.obj
 0001:0002ffcb       _DumpMem                   00430fcb f   sys_win.obj
 0001:0002b825       _PF_Unicast                0042c825 f   sv_game.obj
 0001:0002b891       _PF_dprintf                0042c891 f   sv_game.obj
 0001:0002b8c4       _PF_cprintf                0042c8c4 f   sv_game.obj
 0001:0002b95b       _PF_centerprintf           0042c95b f   sv_game.obj
 0001:0002b9c3       _PF_error                  0042c9c3 f   sv_game.obj
 0001:0002b9f8       _PF_setmodel               0042c9f8 f   sv_game.obj
 0001:0002ba69       _PF_Configstring           0042ca69 f   sv_game.obj
 0001:0002bae9       _PF_WriteChar              0042cae9 f   sv_game.obj
 0001:0002bae9       _PF_WriteByte              0042cae9 f   sv_game.obj
 0001:0002bafa       _PF_WriteShort             0042cafa f   sv_game.obj
 0001:0002bb0b       _PF_WriteLong              0042cb0b f   sv_game.obj
 0001:0002bb1c       _PF_WriteFloat             0042cb1c f   sv_game.obj
 0001:0002bb31       _PF_WriteString            0042cb31 f   sv_game.obj
 0001:0002bb42       _PF_WritePos               0042cb42 f   sv_game.obj
 0001:0002bb53       _PF_WriteDir               0042cb53 f   sv_game.obj
 0001:0002bb64       _PF_WriteAngle             0042cb64 f   sv_game.obj
 0001:0002bb79       _PF_inPVS                  0042cb79 f   sv_game.obj
 0001:0002bbf1       _PF_inPHS                  0042cbf1 f   sv_game.obj
 0001:0002bc69       _PF_StartSound             0042cc69 f   sv_game.obj
 0001:0002bc9c       _PF_TagMalloc              0042cc9c f   sv_game.obj
 0001:0002bcae       _PF_Cvar_Get               0042ccae f   sv_game.obj
 0001:00028a6f       _DS_DestroyBuffers         00429a6f f   snd_win.obj
 0001:00028c53       _DS_CreateBuffers          00429c53 f   snd_win.obj
 0001:000260af       _Menu_MakeVisible          004270af f   qmenu.obj
 0001:00026139       _Menu_CompletelyVisible    00427139 f   qmenu.obj
 0001:000261db       _strlen_color              004271db f   qmenu.obj
 0001:00026389       _Action_Draw               00427389 f   qmenu.obj
 0001:00026404       _Menu_ItemVisible          00427404 f   qmenu.obj
 0001:0002644d       _Menu_DrawStatusBar        0042744d f   qmenu.obj
 0001:000265b2       _MenuList_Draw             004275b2 f   qmenu.obj
 0001:0002663a       _DrawCaption               0042763a f   qmenu.obj
 0001:00026679       _Separator_Draw            00427679 f   qmenu.obj
 0001:000266ca       _Slider_DoSlide            004276ca f   qmenu.obj
 0001:00026701       _Slider_Draw               00427701 f   qmenu.obj
 0001:000267f4       _SpinControl_DoSlide       004277f4 f   qmenu.obj
 0001:00026823       _SpinControl_Draw          00427823 f   qmenu.obj
 0001:000268fe       _SpinControl2_DoSlide      004278fe f   qmenu.obj
 0001:0002693f       _SpinControl2_Draw         0042793f f   qmenu.obj
 0001:00023209       _StepSlideMove             00424209 f   pmove.obj
 0001:000233f8       _StepSlideMove_            004243f8 f   pmove.obj
 0001:0002367a       _ClipVelocity              0042467a f   pmove.obj
 0001:000236e3       _Friction                  004246e3 f   pmove.obj
 0001:000237ee       _WaterMove                 004247ee f   pmove.obj
 0001:000238d6       _Accelerate                004248d6 f   pmove.obj
 0001:00023942       _AddCurrents               00424942 f   pmove.obj
 0001:00023bd1       _AirMove                   00424bd1 f   pmove.obj
 0001:00023e2c       _AirAccelerate             00424e2c f   pmove.obj
 0001:00023eb2       _CatagorizePosition        00424eb2 f   pmove.obj
 0001:00024108       _CheckJump                 00425108 f   pmove.obj
 0001:000241cf       _CheckSpecialMovement      004251cf f   pmove.obj
 0001:00024332       _FlyMove                   00425332 f   pmove.obj
 0001:00024598       _CheckDuck                 00425598 f   pmove.obj
 0001:000246cd       _DeadMove                  004256cd f   pmove.obj
 0001:00024739       _SnapPosition              00425739 f   pmove.obj
 0001:000248af       _GoodPosition              004258af f   pmove.obj
 0001:00024925       _InitialSnapPosition       00425925 f   pmove.obj
 0001:00024a3e       _ClampAngles               00425a3e f   pmove.obj
 0001:00022d12       _NET_ErrorString           00423d12 f   net_wins.obj
 0001:0001d3f3       _Multiplayer_MenuDraw      0041e3f3 f   menu.obj
 0001:0001d416       _M_Banner                  0041e416 f   menu.obj
 0001:0001d45a       _Multiplayer_MenuInit      0041e45a f   menu.obj
 0001:0001d556       _PlayerSetupFunc           0041e556 f   menu.obj
 0001:0001d55b       _JoinNetworkServerFunc     0041e55b f   menu.obj
 0001:0001d560       _StartNetworkServerFunc    0041e560 f   menu.obj
 0001:0001d565       _Multiplayer_MenuKey       0041e565 f   menu.obj
 0001:0001d596       _Keys_MenuInit             0041e596 f   menu.obj
 0001:0001d754       _KeyCursorDrawFunc         0041e754 f   menu.obj
 0001:0001d795       _DrawKeyBindingFunc        0041e795 f   menu.obj
 0001:0001d86d       _M_FindKeysForCommand      0041e86d f   menu.obj
 0001:0001d8bd       _SeekLine                  0041e8bd f   menu.obj
 0001:0001d8e4       _AppendToken               0041e8e4 f   menu.obj
 0001:0001d90e       _Keys_MenuDraw             0041e90e f   menu.obj
 0001:0001d927       _Keys_MenuKey              0041e927 f   menu.obj
 0001:0001d9dc       _M_UnbindCommand           0041e9dc f   menu.obj
 0001:0001da28       _KeyBindingFunc            0041ea28 f   menu.obj
 0001:0001da9a       _Options_MenuInit          0041ea9a f   menu.obj
 0001:0001def2       _CrosshairFunc             0041eef2 f   menu.obj
 0001:0001df16       _JoystickFunc              0041ef16 f   menu.obj
 0001:0001df29       _CustomizeControlsFunc     0041ef29 f   menu.obj
 0001:0001df2e       _AlwaysRunFunc             0041ef2e f   menu.obj
 0001:0001df41       _FreeLookFunc              0041ef41 f   menu.obj
 0001:0001df54       _MouseSpeedFunc            0041ef54 f   menu.obj
 0001:0001df71       _ControlsSetMenuItemValues 0041ef71 f   menu.obj
 0001:0001e10b       _ControlsResetDefaultsFunc 0041f10b f   menu.obj
 0001:0001e120       _InvertMouseFunc           0041f120 f   menu.obj
 0001:0001e13b       _LookspringFunc            0041f13b f   menu.obj
 0001:0001e157       _LookstrafeFunc            0041f157 f   menu.obj
 0001:0001e173       _UpdateVolumeFunc          0041f173 f   menu.obj
 0001:0001e190       _UpdateCDVolumeFunc        0041f190 f   menu.obj
 0001:0001e1a9       _ConsoleFunc               0041f1a9 f   menu.obj
 0001:0001e1d8       _UpdateSoundQualityFunc    0041f1d8 f   menu.obj
 0001:0001e261       _Options_ScanCrosshairs    0041f261 f   menu.obj
 0001:0001e2c7       _Options_MenuDraw          0041f2c7 f   menu.obj
 0001:0001e2ef       _Options_CrosshairDraw     0041f2ef f   menu.obj
 0001:0001e372       _Options_MenuKey           0041f372 f   menu.obj
 0001:0001e470       _M_Credits_MenuDraw        0041f470 f   menu.obj
 0001:0001e57e       _M_Credits_Key             0041f57e f   menu.obj
 0001:0001e5da       _Game_MenuInit             0041f5da f   menu.obj
 0001:0001e795       _EasyGameFunc              0041f795 f   menu.obj
 0001:0001e7ab       _StartGame                 0041f7ab f   menu.obj
 0001:0001e7f0       _MediumGameFunc            0041f7f0 f   menu.obj
 0001:0001e806       _HardGameFunc              0041f806 f   menu.obj
 0001:0001e81c       _LoadGameFunc              0041f81c f   menu.obj
 0001:0001e821       _SaveGameFunc              0041f821 f   menu.obj
 0001:0001e826       _CreditsFunc               0041f826 f   menu.obj
 0001:0001e82b       _Game_MenuDraw             0041f82b f   menu.obj
 0001:0001e84e       _Game_MenuKey              0041f84e f   menu.obj
 0001:0001e87f       _LoadGame_MenuInit         0041f87f f   menu.obj
 0001:0001e90f       _Create_Savestrings        0041f90f f   menu.obj
 0001:0001e991       _LoadGameCallback          0041f991 f   menu.obj
 0001:0001e9bb       _LoadGame_MenuDraw         0041f9bb f   menu.obj
 0001:0001e9d3       _LoadGame_MenuKey          0041f9d3 f   menu.obj
 0001:0001ea33       _SaveGame_MenuDraw         0041fa33 f   menu.obj
 0001:0001ea56       _SaveGame_MenuInit         0041fa56 f   menu.obj
 0001:0001ead8       _SaveGameCallback          0041fad8 f   menu.obj
 0001:0001eaf7       _SaveGame_MenuKey          0041faf7 f   menu.obj
 0001:0001ebd7       _JoinServer_MenuInit       0041fbd7 f   menu.obj
 0001:0001ed44       _JoinServerFunc            0041fd44 f   menu.obj
 0001:0001edc1       _AddressBookFunc           0041fdc1 f   menu.obj
 0001:0001edc6       _SearchLocalGames          0041fdc6 f   menu.obj
 0001:0001ee32       _SearchLocalGamesFunc      0041fe32 f   menu.obj
 0001:0001ee37       _JoinServer_MenuDraw       0041fe37 f   menu.obj
 0001:0001ee4f       _JoinServer_MenuKey        0041fe4f f   menu.obj
 0001:0001ee80       _StartServer_MenuInit      0041fe80 f   menu.obj
 0001:0001f338       _DMOptionsFunc             00420338 f   menu.obj
 0001:0001f347       _BrowseMapsFunc            00420347 f   menu.obj
 0001:0001f34c       _RulesChangeFunc           0042034c f   menu.obj
 0001:0001f3b5       _StartServerActionFunc     004203b5 f   menu.obj
 0001:0001f3e1       _StartServerFunc           004203e1 f   menu.obj
 0001:0001f64c       _StartServer_MenuDraw      0042064c f   menu.obj
 0001:0001f658       _StartServer_MenuKey       00420658 f   menu.obj
 0001:0001f6b7       _DMOptions_MenuInit        004206b7 f   menu.obj
 0001:0001fc58       _DMFlagCallback            00420c58 f   menu.obj
 0001:0001fe43       _DMOptions_MenuDraw        00420e43 f   menu.obj
 0001:0001fe4f       _DMOptions_MenuKey         00420e4f f   menu.obj
 0001:0001fe80       _DownloadOptions_MenuInit  00420e80 f   menu.obj
 0001:0002007c       _DownloadCallback          0042107c f   menu.obj
 0001:000200db       _DownloadOptions_MenuDraw  004210db f   menu.obj
 0001:000200e7       _DownloadOptions_MenuKey   004210e7 f   menu.obj
 0001:00020118       _AddressBook_MenuInit      00421118 f   menu.obj
 0001:000201d1       _AddressBook_MenuKey       004211d1 f   menu.obj
 0001:0002022f       _AddressBook_MenuDraw      0042122f f   menu.obj
 0001:000202a1       _PlayerConfig_MenuInit     004212a1 f   menu.obj
 0001:000206ce       _DownloadOptionsFunc       004216ce f   menu.obj
 0001:000206d3       _HandednessCallback        004216d3 f   menu.obj
 0001:000206e6       _RateCallback              004216e6 f   menu.obj
 0001:00020704       _ModelCallback             00421704 f   menu.obj
 0001:0002073b       _PlayerConfig_ScanDirectories 0042173b f   menu.obj
 0001:00020903       _IconOfSkinExists          00421903 f   menu.obj
 0001:000209a5       _PlayerConfig_MenuDraw     004219a5 f   menu.obj
 0001:00020c1f       _PlayerConfig_MenuKey      00421c1f f   menu.obj
 0001:00020d36       _DMBrowse_MenuInit         00421d36 f   menu.obj
 0001:00020ef5       _DMBrowse_MenuKey          00421ef5 f   menu.obj
 0001:00021098       _DMBrowse_MenuDraw         00422098 f   menu.obj
 0001:000211b9       _DrawThumbnail             004221b9 f   menu.obj
 0001:0001c934       _AllocChain                0041d934 f   memory.obj
 0001:0001cc1d       _Z_Stats_f                 0041dc1d f   memory.obj
 0001:0001c12b       _MD4Transform              0041d12b f   md4.obj
 0001:0001c72d       _Encode                    0041d72d f   md4.obj
 0001:0001c772       _Decode                    0041d772 f   md4.obj
 0001:0001b73f       _iswordsym                 0041c73f f   keys.obj
 0001:0001baa6       _Key_Unbind_f              0041caa6 f   keys.obj
 0001:0001bb89       _Key_Unbindall_f           0041cb89 f   keys.obj
 0001:0001bbb3       _Key_Bind_f                0041cbb3 f   keys.obj
 0001:000377ed       _J_InitSource              004387ed f   gl_main.obj
 0001:0001a11d       _J_FillInputBuffer         0041b11d f   images.obj
 0001:0001a145       _J_SkipInputData           0041b145 f   images.obj
 0001:000377ed       _J_TermSource              004387ed f   gl_main.obj
 0001:0001a15d       _InitJpegError             0041b15d f   images.obj
 0001:0001a19a       _J_ErrorExit               0041b19a f   images.obj
 0001:0001a1a9       _J_EmitMessage             0041b1a9 f   images.obj
 0001:0001a1c6       _J_ResetErrorMgr           0041b1c6 f   images.obj
 0001:00018291       _FindPakFile               00419291 f   files.obj
 0001:00018300       _FindPakDirectory          00419300 f   files.obj
 0001:00018390       _FileLength                00419390 f   files.obj
 0001:00018774       _FOpenCached               00419774 f   files.obj
 0001:000189b4       _AddPakFile                004199b4 f   files.obj
 0001:00018a53       _AddPakDirectory           00419a53 f   files.obj
 0001:00018b31       _EnumZippedPak             00419b31 f   files.obj
 0001:00018ba4       _ClearFileCache            00419ba4 f   files.obj
 0001:00018cac       _AddDirFilesToList         00419cac f   files.obj
 0001:0001918d       _ListPakDirectory          0041a18d f   files.obj
 0001:000195c8       _FS_LoadPak_f              0041a5c8 f   files.obj
 0001:00019697       _TryLoadPak                0041a697 f   files.obj
 0001:00019705       _FindPakStruc              0041a705 f   files.obj
 0001:0001975a       _FS_UnloadPak_f            0041a75a f   files.obj
 0001:000198fe       _FS_Link_f                 0041a8fe f   files.obj
 0001:000170e1       _Cvar_FindVar              004180e1 f   cvar.obj
 0001:00017116       _ComputeHash               00418116 f   cvar.obj
 0001:000172c6       _Cvar_SetString            004182c6 f   cvar.obj
 0001:0001735c       _Cvar_InfoValidate         0041835c f   cvar.obj
 0001:00017453       _Cvar_Set2                 00418453 f   cvar.obj
 0001:00017586       _Cvar_SetHardcoded         00418586 f   cvar.obj
 0001:00017977       _Cvar_Set_f                00418977 f   cvar.obj
 0001:000179f4       _Cvar_SetWithFlags         004189f4 f   cvar.obj
 0001:00017a39       _Cvar_Seta_f               00418a39 f   cvar.obj
 0001:00017a5b       _Cvar_Setu_f               00418a5b f   cvar.obj
 0001:00017a7d       _Cvar_Sets_f               00418a7d f   cvar.obj
 0001:00017a9f       _Cvar_Reset_f              00418a9f f   cvar.obj
 0001:00017b01       _Cvar_List_f               00418b01 f   cvar.obj
 0001:00017bec       _Cvar_Add_f                00418bec f   cvar.obj
 0001:00017d63       _Cvar_Scale_f              00418d63 f   cvar.obj
 0001:00017dd6       _Cvar_Toggle_f             00418dd6 f   cvar.obj
 0001:00017e39       _Cvar_Cycle_f              00418e39 f   cvar.obj
 0001:000164a6       _Con_ToggleChat_f          004174a6 f   console.obj
 0001:000164e6       _Con_Clear_f               004174e6 f   console.obj
 0001:0001653c       _Con_Dump_f                0041753c f   console.obj
 0001:0001664f       _Con_MessageMode_f         0041764f f   console.obj
 0001:00016661       _Con_MessageMode2_f        00417661 f   console.obj
 0001:000166fa       _PlaceChar                 004176fa f   console.obj
 0001:0001689e       _FindLine                  0041789e f   console.obj
 0001:00016fb5       _Con_DrawInput             00417fb5 f   console.obj
 0001:00011c13       _CMod_LoadSubmodels        00412c13 f   cmodel.obj
 0001:00011c9b       _CMod_LoadSurfaces         00412c9b f   cmodel.obj
 0001:00011db5       _CMod_ReadSurfMaterials    00412db5 f   cmodel.obj
 0001:00011ef0       _CMod_LoadNodes            00412ef0 f   cmodel.obj
 0001:00011f52       _CMod_LoadBrushes          00412f52 f   cmodel.obj
 0001:00011f9e       _CMod_LoadLeafs            00412f9e f   cmodel.obj
 0001:0001206d       _CMod_LoadPlanes           0041306d f   cmodel.obj
 0001:0001210c       _CMod_LoadLeafBrushes      0041310c f   cmodel.obj
 0001:00012157       _CMod_LoadBrushSides       00413157 f   cmodel.obj
 0001:000121d0       _CMod_LoadAreas            004131d0 f   cmodel.obj
 0001:000112ab       _Cmd_MacroExpandString     004122ab f   cmd.obj
 0001:0001178c       _TryComplete               0041278c f   cmd.obj
 0001:00011920       _Cmd_Wait_f                00412920 f   cmd.obj
 0001:0001192b       _Cmd_List_f                0041292b f   cmd.obj
 0001:0001047a       _DrawSurfInfo              0041147a f   cl_view.obj
 0001:000107b8       _DecodeContents            004117b8 f   cl_view.obj
 0001:00010888       _DrawOriginInfo            00411888 f   cl_view.obj
 0001:00010a19       _DrawFpsInfo               00411a19 f   cl_view.obj
 0001:00010b42       _entitycmpfnc              00411b42 f   cl_view.obj
 0001:0000d1b6       _SCR_CalcVrect             0040e1b6 f   cl_scrn.obj
 0001:000009ea       _Huff1Decompress           004019ea f   cl_cin.obj
 0001:00000f5c       _Huff1TableInit            00401f5c f   cl_cin.obj
 0001:00001056       _SmallestNode1             00402056 f   cl_cin.obj
 0001:0000014c       _CDAudio_GetAudioDiskInfo  0040114c f   cd_win.obj
 0001:000004c4       _CD_f                      004014c4 f   cd_win.obj
 0001:0000077d       _CDAudio_Eject             0040177d f   cd_win.obj
 0001:000007a7       _CDAudio_CloseDoor         004017a7 f   cd_win.obj

 93 bytes saved through ICF

