 quake2

 Timestamp is 42937239 (Tue May 24 22:28:09 2005)

 Preferred load address is 00400000

 Start         Length     Name                   Class
 0001:00000000 0005e2f0H .text                   CODE
 0002:00000000 0000027cH .idata$5                DATA
 0002:00000280 00005af4H .rdata                  DATA
 0002:00005d78 00000044H .rdata$r                DATA
 0002:00005dc0 00000038H .xdata$x                DATA
 0002:00005df8 00000078H .idata$2                DATA
 0002:00005e70 00000014H .idata$3                DATA
 0002:00005e84 0000027cH .idata$4                DATA
 0002:00006100 00000808H .idata$6                DATA
 0002:00006908 00000000H .edata                  DATA
 0003:00000000 00000004H .CRT$XCA                DATA
 0003:00000004 00000070H .CRT$XCU                DATA
 0003:00000074 00000004H .CRT$XCZ                DATA
 0003:00000078 00000004H .CRT$XIA                DATA
 0003:0000007c 00000004H .CRT$XIZ                DATA
 0003:00000080 0000cabcH .data                   DATA
 0003:0000cb40 002f5368H .bss                    DATA
 0004:00000000 00000130H .rsrc$01                DATA
 0004:00000130 00003f20H .rsrc$02                DATA

  Address         Publics by Value              Rva+Base     Lib:Object

 0001:00000000       ??3@YAXPAX@Z               00401000 f i CoreMain.obj
 0001:0000000b       ?appInit@@YAXXZ            0040100b f   CoreMain.obj
 0001:0000006e       ?appExit@@YAXXZ            0040106e f   CoreMain.obj
 0001:00000073       ?appLoadDebugSymbols@@YAXXZ 00401073 f   DbgSymbols.obj
 0001:00000276       ?appSymbolName@@YA_NIPADH@Z 00401276 f   DbgSymbols.obj
 0001:00000362       ?appSymbolName@@YAPBDI@Z   00401362 f   DbgSymbols.obj
 0001:00000394       ?appMalloc@@YAPAXIH@Z      00401394 f   Memory.obj
 0001:00000442       ?appFree@@YAXPAX@Z         00401442 f   Memory.obj
 0001:00000470       ?Unlink@FMemHeader@@QAEXXZ 00401470 f i Memory.obj
 0001:0000049b       ?Link@CMemoryChain@@AAEXXZ 0040149b f   Memory.obj
 0001:000004ba       ?Unlink@CMemoryChain@@AAEXXZ 004014ba f   Memory.obj
 0001:000004e5       ??2CMemoryChain@@SAPAXIH@Z 004014e5 f   Memory.obj
 0001:00000557       ??3CMemoryChain@@SAXPAX@Z  00401557 f   Memory.obj
 0001:0000058a       ?Alloc@CMemoryChain@@QAEPAXIH@Z 0040158a f   Memory.obj
 0001:000005f4       ?appInitMemory@@YAXXZ      004015f4 f   Memory.obj
 0001:00000b2d       ?Write@COutputDeviceNull@@UAEXPBD@Z 00401b2d f i OutputDevice.obj
 0001:00000b30       ?appWPrintf@@YAXPBDZZ      00401b30 f   OutputDevice.obj
 0001:00000b81       ?appFatalError@@YAXPBDZZ   00401b81 f   ErrorMgr.obj
 0001:00000bbb       ?appNonFatalError@@YAXPBDZZ 00401bbb f   ErrorMgr.obj
 0001:00000c19       ?appUnwindPrefix@@YAXPBD@Z 00401c19 f   ErrorMgr.obj
 0001:00000c70       ?appUnwindThrow@@YAXPBDZZ  00401c70 f   ErrorMgr.obj
 0001:00000cf7       ?Reset@CErrorHandler@@QAEXXZ 00401cf7 f   ErrorMgr.obj
 0001:00000d21       ?appInitError@@YAXXZ       00401d21 f   ErrorMgr.obj
 0001:00000ddf       ?appStricmp@@YAHPBD0@Z     00401ddf f   Strings.obj
 0001:00000e14       ?toLower@@YADD@Z           00401e14 f i Strings.obj
 0001:00000e2b       ?appStrcpy@@YAXPADPBD@Z    00401e2b f   Strings.obj
 0001:00000e3e       ?appStrncpylwr@@YAXPADPBDH@Z 00401e3e f   Strings.obj
 0001:00000e76       ?appStrncpyz@@YAXPADPBDH@Z 00401e76 f   Strings.obj
 0001:00000ea3       ?appStrcatn@@YAXPADHPBD@Z  00401ea3 f   Strings.obj
 0001:00000ece       ?appCopyFilename@@YAXPADPBDH@Z 00401ece f   Strings.obj
 0001:00000f6a       ?appCStrlen@@YAHPBD@Z      00401f6a f   Strings.obj
 0001:00000f8f       ?appUncolorizeString@@YAXPADPBD@Z 00401f8f f   Strings.obj
 0001:00000fbf       ?va@@YAPBDPBDZZ            00401fbf f   Strings.obj
 0001:0000105b       ?appSprintf@@YAHPADHPBDZZ  0040205b f   Strings.obj
 0001:000010a6       ?appMatchWildcard@@YA_NPBD0_N@Z 004020a6 f   Strings.obj
 0001:00001226       ?CopyString@@YAPADPBD@Z    00402226 f   Strings.obj
 0001:00001266       ?CopyString@@YAPADPBDPAVCMemoryChain@@@Z 00402266 f   Strings.obj
 0001:0000129a       ??2CStringItem@@SAPAXIPBD@Z 0040229a f   Strings.obj
 0001:000012e3       ??2CStringItem@@SAPAXIPBDPAVCMemoryChain@@@Z 004022e3 f   Strings.obj
 0001:00001320       ?Find@CStringList@@IAEPAVCStringItem@@PBDPAPAV2@@Z 00402320 f   Strings.obj
 0001:00001363       ?Find@CStringList@@IAEPAVCStringItem@@H@Z 00402363 f   Strings.obj
 0001:0000137c       ?IndexOf@CStringList@@QAEHPBD@Z 0040237c f   Strings.obj
 0001:000013a9       ?Remove@CStringList@@QAE_NPAVCStringItem@@@Z 004023a9 f   Strings.obj
 0001:000013d5       ?Free@CStringList@@QAEXXZ  004023d5 f   Strings.obj
 0001:000013ee       ?appMillisecondsf@@YANXZ   004023ee f   CoreWin32.obj
 0001:00001427       ?appMilliseconds@@YAIXZ    00402427 f   CoreWin32.obj
 0001:0000145c       ?cpuid@@YAXI@Z             0040245c f   CoreWin32.obj
 0001:0000147f       ?appInitPlatform@@YAXXZ    0040247f f   CoreWin32.obj
 0001:00001712       ?appShutdownPlatform@@YAXXZ 00402712 f   CoreWin32.obj
 0001:0000171b       ?osAddressInfo@@YA_NIPADHPAH@Z 0040271b f   DbgSymbolsWin32.obj
 0001:000017af       ?osModuleInfo@@YA_NIPADHPAH@Z 004027af f   DbgSymbolsWin32.obj
 0001:00001957       ?win32ExceptFilter@@YAHPAU_EXCEPTION_POINTERS@@@Z 00402957 f   ExceptFilterWin32.obj
 0001:00001e8d       ?win32ExceptFilter2@@YAHXZ 00402e8d f   ExceptFilterWin32.obj
 0001:00001e99       ?SCR_StopCinematic@@YAXXZ  00402e99 f   cl_cin.obj
 0001:00001f2d       ?SCR_DrawCinematic@@YA_NXZ 00402f2d f   cl_cin.obj
 0001:0000238e       ?SCR_PlayCinematic@@YAXPAD@Z 0040338e f   cl_cin.obj
 0001:000026fe       ?CL_Download_f@@YAX_NHPAPAD@Z 004036fe f   cl_download.obj
 0001:00002aaf       ?CL_ParseDownload@@YAXXZ   00403aaf f   cl_download.obj
 0001:000032bc       ?CL_Precache_f@@YAXHPAPAD@Z 004042bc f   cl_download.obj
 0001:0000331a       ?CL_ParseDelta@@YAXPAUentityState_t@@0HI_N@Z 0040431a f   cl_ents.obj
 0001:000034cb       ?CL_ParsePacketEntities@@YAXPAUframe_t@@0@Z 004044cb f   cl_ents.obj
 0001:00003836       ?CL_FireEntityEvents@@YAXPAUframe_t@@@Z 00404836 f   cl_ents.obj
 0001:00003888       ?CL_ParseFrame@@YAXXZ      00404888 f   cl_ents.obj
 0001:00003b7a       ?CL_AddEntityBox@@YAXPAUentityState_t@@I@Z 00404b7a f   cl_ents.obj
 0001:00003cb0       ?CL_OffsetThirdPersonView@@YAXXZ 00404cb0 f   cl_ents.obj
 0001:00003d71       ?CL_CalcViewValues@@YAXXZ  00404d71 f   cl_ents.obj
 0001:0000407a       ?CL_AddEntities@@YAXXZ     0040507a f   cl_ents.obj
 0001:00004df0       ?CL_GetEntitySoundOrigin@@YAXHQAM@Z 00405df0 f   cl_ents.obj
 0001:00004e28       ?CL_ClearLightStyles@@YAXXZ 00405e28 f   cl_fx.obj
 0001:00004eaa       ?CL_RunLightStyles@@YAXXZ  00405eaa f   cl_fx.obj
 0001:00004f49       ?CL_SetLightstyle@@YAXHPBD@Z 00405f49 f   cl_fx.obj
 0001:00004faa       ?CL_ClearDlights@@YAXXZ    00405faa f   cl_fx.obj
 0001:00004fbb       ?CL_AllocDlight@@YAPAUcdlight_t@@HQAM@Z 00405fbb f   cl_fx.obj
 0001:00005024       ?CL_AddDLights@@YAXXZ      00406024 f   cl_fx.obj
 0001:00005084       ?CL_ClearParticles@@YAXXZ  00406084 f   cl_fx.obj
 0001:000050eb       ?CL_AllocParticleTrace@@YAPAUparticleTrace_t@@QAM0MM@Z 004060eb f   cl_fx.obj
 0001:0000518b       ?CL_AllocParticleBeam@@YAPAUbeam_t@@QAM0MM@Z 0040618b f   cl_fx.obj
 0001:000051fe       ?CL_AllocParticle@@YAPAUparticle_t@@XZ 004061fe f   cl_fx.obj
 0001:0000524c       ?CL_UpdateParticles@@YAXXZ 0040624c f   cl_fx.obj
 0001:0000583d       ?CL_MetalSparks@@YAXQAM0H@Z 0040683d f   cl_fx.obj
 0001:0000592a       ?CL_ParseMuzzleFlash@@YAXXZ 0040692a f   cl_fx.obj
 0001:00005cbf       ?CL_ParseMuzzleFlash2@@YAXXZ 00406cbf f   cl_fx.obj
 0001:000062fb       ?CL_ParticleEffect@@YAXQAM0HH@Z 004072fb f   cl_fx.obj
 0001:000063ca       ?CL_ParticleEffect2@@YAXQAM0HH@Z 004073ca f   cl_fx.obj
 0001:00006495       ?CL_ParticleEffect3@@YAXQAM0HH@Z 00407495 f   cl_fx.obj
 0001:00006565       ?CL_TeleporterParticles@@YAXPAUentityState_t@@@Z 00407565 f   cl_fx.obj
 0001:0000661c       ?CL_LogoutEffect@@YAXQAMH@Z 0040761c f   cl_fx.obj
 0001:00006707       ?CL_ItemRespawnParticles@@YAXQAM@Z 00407707 f   cl_fx.obj
 0001:000067b6       ?CL_ExplosionParticles@@YAXQAM@Z 004077b6 f   cl_fx.obj
 0001:00006860       ?CL_BigTeleportParticles@@YAXQAM@Z 00407860 f   cl_fx.obj
 0001:000069b7       ?CL_BlasterParticles@@YAXQAM0@Z 004079b7 f   cl_fx.obj
 0001:00006a83       ?CL_BlasterTrail@@YAXQAM0@Z 00407a83 f   cl_fx.obj
 0001:00006b91       ?CL_FlagTrail@@YAXQAM0H@Z  00407b91 f   cl_fx.obj
 0001:00006cab       ?CL_DiminishingTrail@@YAXQAM0PAUcentity_t@@H@Z 00407cab f   cl_fx.obj
 0001:00006f1d       ?CL_RocketTrail@@YAXQAM0PAUcentity_t@@@Z 00407f1d f   cl_fx.obj
 0001:00007046       ?CL_RailTrail@@YAXQAM0@Z   00408046 f   cl_fx.obj
 0001:00007289       ?CL_RailTrailExt@@YAXQAM0EE@Z 00408289 f   cl_fx.obj
 0001:0000738d       ?CL_IonripperTrail@@YAXQAM0@Z 0040838d f   cl_fx.obj
 0001:000074bb       ?CL_BubbleTrail@@YAXQAM0@Z 004084bb f   cl_fx.obj
 0001:000075d2       ?CL_FlyParticles@@YAXQAMH@Z 004085d2 f   cl_fx.obj
 0001:0000776b       ?CL_FlyEffect@@YAXPAUcentity_t@@QAM@Z 0040876b f   cl_fx.obj
 0001:000077d3       ?CL_BfgParticles@@YAXPAUentity_t@@@Z 004087d3 f   cl_fx.obj
 0001:000079a7       ?CL_TrapParticles@@YAXPAUentity_t@@@Z 004089a7 f   cl_fx.obj
 0001:00007c47       ?CL_BFGExplosionParticles@@YAXQAM@Z 00408c47 f   cl_fx.obj
 0001:00007cf1       ?CL_TeleportParticles@@YAXQAM@Z 00408cf1 f   cl_fx.obj
 0001:00007e2c       ?CL_EntityEvent@@YAXPAUentityState_t@@@Z 00408e2c f   cl_fx.obj
 0001:00008006       ?CL_ClearEffects@@YAXXZ    00409006 f   cl_fx.obj
 0001:00008015       ?IN_CenterView@@YAXXZ      00409015 f   cl_input.obj
 0001:00008036       ?CL_InitInput@@YAXXZ       00409036 f   cl_input.obj
 0001:000085d2       ?CL_SendCmd@@YAXXZ         004095d2 f   cl_input.obj
 0001:00008cc5       ?CL_WriteDemoMessage@@YAXXZ 00409cc5 f   cl_main.obj
 0001:00008d07       ?Cmd_ForwardToServer@@YAXHPAPAD@Z 00409d07 f   cl_main.obj
 0001:00008dca       ?CL_ForwardToServer_f@@YAXHPAPAD@Z 00409dca f   cl_main.obj
 0001:00008e12       ?CL_Pause@@YAX_N@Z         00409e12 f   cl_main.obj
 0001:00008e54       ?CL_Quit_f@@YAXXZ          00409e54 f   cl_main.obj
 0001:00008e5e       ?CL_Drop@@YAX_N@Z          00409e5e f   cl_main.obj
 0001:00008e81       ?CL_SendConnectPacket@@YAXXZ 00409e81 f   cl_main.obj
 0001:00008f58       ?CL_CheckForResend@@YAXXZ  00409f58 f   cl_main.obj
 0001:0000905d       ?CL_Connect_f@@YAX_NHPAPAD@Z 0040a05d f   cl_main.obj
 0001:000090e0       ?CL_Rcon_f@@YAXHPAPAD@Z    0040a0e0 f   cl_main.obj
 0001:000091e8       ?CL_Disconnect@@YAXXZ      0040a1e8 f   cl_main.obj
 0001:0000938e       ?CL_Disconnect_f@@YAXXZ    0040a38e f   cl_main.obj
 0001:00009398       ?CL_Changing_f@@YAXXZ      0040a398 f   cl_main.obj
 0001:000093bc       ?CL_Reconnect_f@@YAXXZ     0040a3bc f   cl_main.obj
 0001:00009458       ?CL_PingServers_f@@YAXXZ   0040a458 f   cl_main.obj
 0001:000095c3       ?CL_Skins_f@@YAXXZ         0040a5c3 f   cl_main.obj
 0001:000098ae       ?CL_ConnectionlessPacket@@YAXXZ 0040a8ae f   cl_main.obj
 0001:000099ae       ?CL_ReadPackets@@YAXXZ     0040a9ae f   cl_main.obj
 0001:00009af1       ?CL_FixUpGender@@YAXXZ     0040aaf1 f   cl_main.obj
 0001:00009ba3       ?CL_Userinfo_f@@YAXXZ      0040aba3 f   cl_main.obj
 0001:00009bbb       ?CL_RegisterSounds@@YAXXZ  0040abbb f   cl_main.obj
 0001:00009bfa       ?CL_Snd_Restart_f@@YAXXZ   0040abfa f   cl_main.obj
 0001:00009c09       ?CL_WriteConfiguration@@YAXPBD@Z 0040ac09 f   cl_main.obj
 0001:00009cc4       ?CL_WriteConfig_f@@YAX_NHPAPAD@Z 0040acc4 f   cl_main.obj
 0001:00009d23       ?CL_FixCvarCheats@@YAXXZ   0040ad23 f   cl_main.obj
 0001:00009d7d       ?CL_Frame@@YAXMM@Z         0040ad7d f   cl_main.obj
 0001:00009f83       ?CL_ClearState@@YAXXZ      0040af83 f   cl_main.obj
 0001:00009fbc       ?CL_Init@@YAXXZ            0040afbc f   cl_main.obj
 0001:0000a493       ?CL_Shutdown@@YAX_N@Z      0040b493 f   cl_main.obj
 0001:0000a4e8       ?CL_Flashlight@@YAXHQAM@Z  0040b4e8 f   cl_newfx.obj
 0001:0000a522       ?CL_ColorFlash@@YAXQAMHHMMM@Z 0040b522 f   cl_newfx.obj
 0001:0000a55e       ?CL_DebugTrail@@YAXQAM0@Z  0040b55e f   cl_newfx.obj
 0001:0000a655       ?CL_ForceWall@@YAXQAM0H@Z  0040b655 f   cl_newfx.obj
 0001:0000a797       ?CL_BubbleTrail2@@YAXQAM0H@Z 0040b797 f   cl_newfx.obj
 0001:0000a8c5       ?CL_Heatbeam@@YAXQAM0@Z    0040b8c5 f   cl_newfx.obj
 0001:0000ab53       ?CL_ParticleSteamEffect@@YAXQAM0HHH@Z 0040bb53 f   cl_newfx.obj
 0001:0000ac87       ?CL_ParticleSteamEffect2@@YAXPAUcl_sustain_t@@@Z 0040bc87 f   cl_newfx.obj
 0001:0000adc8       ?CL_TrackerTrail@@YAXQAM0H@Z 0040bdc8 f   cl_newfx.obj
 0001:0000af16       ?CL_Tracker_Shell@@YAXQAM@Z 0040bf16 f   cl_newfx.obj
 0001:0000af9f       ?CL_MonsterPlasma_Shell@@YAXQAM@Z 0040bf9f f   cl_newfx.obj
 0001:0000b025       ?CL_Widowbeamout@@YAXPAUcl_sustain_t@@@Z 0040c025 f   cl_newfx.obj
 0001:0000b0d9       ?CL_Nukeblast@@YAXPAUcl_sustain_t@@@Z 0040c0d9 f   cl_newfx.obj
 0001:0000b18d       ?CL_WidowSplash@@YAXQAM@Z  0040c18d f   cl_newfx.obj
 0001:0000b25b       ?CL_TagTrail@@YAXQAM0H@Z   0040c25b f   cl_newfx.obj
 0001:0000b375       ?CL_ColorExplosionParticles@@YAXQAMHH@Z 0040c375 f   cl_newfx.obj
 0001:0000b422       ?CL_ParticleSmokeEffect@@YAXQAM0HHH@Z 0040c422 f   cl_newfx.obj
 0001:0000b554       ?CL_BlasterParticles2@@YAXQAM0I@Z 0040c554 f   cl_newfx.obj
 0001:0000b621       ?CL_BlasterTrail2@@YAXQAM0@Z 0040c621 f   cl_newfx.obj
 0001:0000b72f       ?CL_LoadClientinfo@@YAXPAUclientinfo_t@@PAD@Z 0040c72f f   cl_parse.obj
 0001:0000ba09       ?CL_ParseClientinfo@@YAXH@Z 0040ca09 f   cl_parse.obj
 0001:0000ba2d       ?CL_ParseServerMessage@@YAXXZ 0040ca2d f   cl_parse.obj
 0001:0000c1e4       ?CL_CheckPredictionError@@YAXXZ 0040d1e4 f   cl_pred.obj
 0001:0000c37a       ?CL_EntityTrace@@YAXPAUtrace_t@@QBM111H@Z 0040d37a f   cl_pred.obj
 0001:0000c731       ?CL_Trace@@YAXPAUtrace_t@@QBM111H@Z 0040d731 f   cl_pred.obj
 0001:0000c7b3       ?CL_PMpointcontents@@YAHQAM@Z 0040d7b3 f   cl_pred.obj
 0001:0000c93f       ?CL_PredictMovement@@YAXXZ 0040d93f f   cl_pred.obj
 0001:0000cce1       ?DrawString@@YAXHHPBD@Z    0040dce1 f   cl_scrn.obj
 0001:0000cd25       ?SCR_DebugGraph@@YAXMH@Z   0040dd25 f   cl_scrn.obj
 0001:0000cd4d       ?SCR_CenterPrint@@YAXPAD@Z 0040dd4d f   cl_scrn.obj
 0001:0000ce51       ?Key_Message@@YAXH@Z       0040de51 f   cl_scrn.obj
 0001:0000ceed       ?SCR_SetLevelshot@@YAXPBD@Z 0040deed f   cl_scrn.obj
 0001:0000cfe0       ?SCR_BeginLoadingPlaque@@YAXXZ 0040dfe0 f   cl_scrn.obj
 0001:0000d065       ?SCR_EndLoadingPlaque@@YAX_N@Z 0040e065 f   cl_scrn.obj
 0001:0000d0ea       ?SCR_ShowConsole@@YAX_N0@Z 0040e0ea f   cl_scrn.obj
 0001:0000d1c1       ?SCR_ToggleConsole@@YAXXZ  0040e1c1 f   cl_scrn.obj
 0001:0000d1e9       ?SCR_TouchPics@@YAXXZ      0040e1e9 f   cl_scrn.obj
 0001:0000d248       ?SCR_UpdateScreen@@YAXXZ   0040e248 f   cl_scrn.obj
 0001:0000e4c3       ?SCR_Init@@YAXXZ           0040f4c3 f   cl_scrn.obj
 0001:0000e80d       ?CL_RegisterTEntSounds@@YAXXZ 0040f80d f   cl_tent.obj
 0001:0000ea52       ?CL_RegisterTEntModels@@YAXXZ 0040fa52 f   cl_tent.obj
 0001:0000eb90       ?CL_ClearTEnts@@YAXXZ      0040fb90 f   cl_tent.obj
 0001:0000ebc4       ?CL_AllocExplosion@@YAPAUexplosion_t@@QAMW4exptype_t@@@Z 0040fbc4 f   cl_tent.obj
 0001:0000ec61       ?CL_AddExplosions@@YAXXZ   0040fc61 f   cl_tent.obj
 0001:0000edfb       ?CL_SmokeAndFlash@@YAXQAM@Z 0040fdfb f   cl_tent.obj
 0001:0000ee43       ?CL_ParseBeam@@YAHPAVCRenderModel@@@Z 0040fe43 f   cl_tent.obj
 0001:0000ef0f       ?CL_ParseBeam2@@YAHPAVCRenderModel@@@Z 0040ff0f f   cl_tent.obj
 0001:0000efe6       ?CL_ParsePlayerBeam@@YAHPAVCRenderModel@@@Z 0040ffe6 f   cl_tent.obj
 0001:0000f0f4       ?CL_ParseLightning@@YAHPAVCRenderModel@@@Z 004100f4 f   cl_tent.obj
 0001:0000f1b6       ?CL_ParseLaser@@YAXI@Z     004101b6 f   cl_tent.obj
 0001:0000f232       ?CL_ParseSteam@@YAXXZ      00410232 f   cl_tent.obj
 0001:0000f343       ?CL_ParseWidow@@YAXXZ      00410343 f   cl_tent.obj
 0001:0000f3af       ?CL_ParseNuke@@YAXXZ       004103af f   cl_tent.obj
 0001:0000f419       ?CL_ParseTEnt@@YAXXZ       00410419 f   cl_tent.obj
 0001:00010245       ?CL_AddBeams@@YAXXZ        00411245 f   cl_tent.obj
 0001:00010582       ?CL_AddPlayerBeams@@YAXXZ  00411582 f   cl_tent.obj
 0001:00010c98       ?CL_ProcessSustain@@YAXXZ  00411c98 f   cl_tent.obj
 0001:00010cd9       ?CL_AddTEnts@@YAXXZ        00411cd9 f   cl_tent.obj
 0001:00010ced       ?V_AddEntity@@YAXPAUentity_t@@@Z 00411ced f   cl_view.obj
 0001:00010d1c       ?V_AddLight@@YAXQAMMMMM@Z  00411d1c f   cl_view.obj
 0001:00010d61       ?V_TestParticles@@YAXXZ    00411d61 f   cl_view.obj
 0001:00010e1f       ?V_TestEntities@@YAXXZ     00411e1f f   cl_view.obj
 0001:00010eb5       ?V_TestLights@@YAXXZ       00411eb5 f   cl_view.obj
 0001:00010f83       ?CL_PrepRefresh@@YAXXZ     00411f83 f   cl_view.obj
 0001:00011243       ?CalcFov@@YAMMMM@Z         00412243 f   cl_view.obj
 0001:000112b7       ?V_RenderView@@YA_NXZ      004122b7 f   cl_view.obj
 0001:00011f8d       ?V_Init@@YAXXZ             00412f8d f   cl_view.obj
 0001:0001203c       ?Con_ClearNotify@@YAXXZ    0041303c f   console.obj
 0001:0001204b       ?Con_CheckResize@@YAXXZ    0041304b f   console.obj
 0001:00012172       ?Con_Print@@YAXPBD@Z       00413172 f   console.obj
 0001:0001246a       ?Con_DrawNotify@@YAX_N@Z   0041346a f   console.obj
 0001:00012582       ?Con_DrawConsole@@YAXM@Z   00413582 f   console.obj
 0001:00012955       ?Con_ClearTyping@@YAXXZ    00413955 f   console.obj
 0001:0001296e       ?Key_Console@@YAXHH@Z      0041396e f   console.obj
 0001:00012db6       ?Con_Init@@YAXXZ           00413db6 f   console.obj
 0001:00012f32       ?Key_KeynumToString@@YAPBDH@Z 00413f32 f   keys.obj
 0001:00012ff2       ?Draw@completeMenu_t@@UAEXXZ 00413ff2 f i keys.obj
 0001:00013023       ?KeyDown@completeMenu_t@@UAEPBDH@Z 00414023 f i keys.obj
 0001:0001304c       ?Init@completeMenu_t@@UAE_NXZ 0041404c f i keys.obj
 0001:00013173       ?CompleteMenuCallback@completeMenu_t@@SAXPAX@Z 00414173 f i keys.obj
 0001:00013201       ?CompleteCommand@@YAXXZ    00414201 f   keys.obj
 0001:00013936       ?Key_SetBinding@@YAXHPBD@Z 00414936 f   keys.obj
 0001:00013974       ?Key_FindBinding@@YAHPBDPAHH@Z 00414974 f   keys.obj
 0001:000139c2       ?Key_WriteBindings@@YAXPAU_iobuf@@@Z 004149c2 f   keys.obj
 0001:00013a0a       ?Key_Init@@YAXXZ           00414a0a f   keys.obj
 0001:00013cee       ?Key_Event@@YAXH_N@Z       00414cee f   keys.obj
 0001:00014047       ?Key_ClearStates@@YAXXZ    00415047 f   keys.obj
 0001:0001407c       ?M_ForceMenuOn@@YAXXZ      0041507c f   menu.obj
 0001:0001409b       ?Draw@menuMain_t@@UAEXXZ   0041509b f i menu.obj
 0001:000141fe       ?KeyDown@menuMain_t@@UAEPBDH@Z 004151fe f i menu.obj
 0001:000142ba       ?Init@menuMain_t@@UAE_NXZ  004152ba f i menu.obj
 0001:000142c2       ?M_Menu_Main_f@@YAXXZ      004152c2 f   menu.obj
 0001:000142dc       ?Init@multiplayerMenu_t@@UAE_NXZ 004152dc f i menu.obj
 0001:00014400       ?Init@keysMenu_t@@UAE_NXZ  00415400 f i menu.obj
 0001:000145e5       ?KeyCursorDrawFunc@keysMenu_t@@SAXPAUmenuFramework_t@@@Z 004155e5 f i menu.obj
 0001:00014625       ?DrawKeyBindingFunc@keysMenu_t@@SAXPAX@Z 00415625 f i menu.obj
 0001:000146ec       ?KeyDown@keysMenu_t@@UAEPBDH@Z 004156ec f i menu.obj
 0001:00014799       ?UnbindCommand@keysMenu_t@@QAEXPAD@Z 00415799 f i menu.obj
 0001:000147de       ?KeyBindingFunc@keysMenu_t@@QAEXPAX@Z 004157de f i menu.obj
 0001:0001483d       ?Init@optionsMenu_t@@UAE_NXZ 0041583d f i menu.obj
 0001:00014c9b       ?CrosshairFunc@optionsMenu_t@@SAXPAX@Z 00415c9b f i menu.obj
 0001:00014cc3       ?JoystickFunc@optionsMenu_t@@SAXPAX@Z 00415cc3 f i menu.obj
 0001:00014cd8       ?AlwaysRunFunc@optionsMenu_t@@SAXPAX@Z 00415cd8 f i menu.obj
 0001:00014ced       ?FreeLookFunc@optionsMenu_t@@SAXPAX@Z 00415ced f i menu.obj
 0001:00014d02       ?MouseSpeedFunc@optionsMenu_t@@SAXPAX@Z 00415d02 f i menu.obj
 0001:00014d1f       ?InvertMouseFunc@optionsMenu_t@@SAXPAX@Z 00415d1f f i menu.obj
 0001:00014d3a       ?LookspringFunc@optionsMenu_t@@SAXPAX@Z 00415d3a f i menu.obj
 0001:00014d56       ?LookstrafeFunc@optionsMenu_t@@SAXPAX@Z 00415d56 f i menu.obj
 0001:00014d72       ?UpdateVolumeFunc@optionsMenu_t@@SAXPAX@Z 00415d72 f i menu.obj
 0001:00014d8f       ?UpdateCDVolumeFunc@optionsMenu_t@@SAXPAX@Z 00415d8f f i menu.obj
 0001:00014da9       ?SetMenuItemValues@optionsMenu_t@@SAXXZ 00415da9 f i menu.obj
 0001:00014f87       ?ResetDefaultsFunc@optionsMenu_t@@SAXPAX@Z 00415f87 f i menu.obj
 0001:00014f9c       ?UpdateSoundFunc@optionsMenu_t@@SAXPAX@Z 00415f9c f i menu.obj
 0001:0001519f       ?ScanCrosshairs@optionsMenu_t@@SAXXZ 0041619f f i menu.obj
 0001:000151fc       ?Draw@optionsMenu_t@@UAEXXZ 004161fc f i menu.obj
 0001:00015261       ?Draw@creditsMenu_t@@UAEXXZ 00416261 f i menu.obj
 0001:00015308       ?KeyDown@creditsMenu_t@@UAEPBDH@Z 00416308 f i menu.obj
 0001:00015343       ?Init@creditsMenu_t@@UAE_NXZ 00416343 f i menu.obj
 0001:0001540b       ?Init@gameMenu_t@@UAE_NXZ  0041640b f i menu.obj
 0001:00015596       ?EasyGameFunc@gameMenu_t@@SAXPAX@Z 00416596 f i menu.obj
 0001:000155a2       ?StartGame@gameMenu_t@@SAXPBD@Z 004165a2 f i menu.obj
 0001:000155f5       ?MediumGameFunc@gameMenu_t@@SAXPAX@Z 004165f5 f i menu.obj
 0001:00015601       ?HardGameFunc@gameMenu_t@@SAXPAX@Z 00416601 f i menu.obj
 0001:0001561d       ?Init@savegameMenu_t@@UAE_NXZ 0041661d f i menu.obj
 0001:0001572d       ?Create_Savestrings@savegameMenu_t@@QAEXXZ 0041672d f i menu.obj
 0001:000157e8       ?LoadGameCallback@savegameMenu_t@@SAXPAX@Z 004167e8 f i menu.obj
 0001:00015811       ?SaveGameCallback@savegameMenu_t@@SAXPAX@Z 00416811 f i menu.obj
 0001:00015830       ?Draw@savegameMenu_t@@UAEXXZ 00416830 f i menu.obj
 0001:0001584b       ?DrawSavegameShot@savegameMenu_t@@QAEXHH@Z 0041684b f i menu.obj
 0001:00015930       ?Init@joinserverMenu_t@@UAE_NXZ 00416930 f i menu.obj
 0001:00015a59       ?JoinServerFunc@joinserverMenu_t@@SAXPAX@Z 00416a59 f i menu.obj
 0001:00015abb       ?SearchLocalGames@joinserverMenu_t@@SAXXZ 00416abb f i menu.obj
 0001:00015b26       ?M_AddToServerList@@YAXUnetadr_t@@PAD@Z 00416b26 f   menu.obj
 0001:00015ba9       ?Init@startserverMenu_t@@UAE_NXZ 00416ba9 f i menu.obj
 0001:0001604b       ?DMOptionsFunc@startserverMenu_t@@SAXPAX@Z 0041704b f i menu.obj
 0001:0001605b       ?RulesChangeFunc@startserverMenu_t@@SAXPAX@Z 0041705b f i menu.obj
 0001:000160d5       ?StartServerActionFunc@startserverMenu_t@@SAXPAX@Z 004170d5 f i menu.obj
 0001:00016100       ?StartServerFunc@startserverMenu_t@@SAXPAD@Z 00417100 f i menu.obj
 0001:00016337       ?KeyDown@startserverMenu_t@@UAEPBDH@Z 00417337 f i menu.obj
 0001:00016394       ?Init@dmoptionsMenu_t@@UAE_NXZ 00417394 f i menu.obj
 0001:00016973       ?DMFlagCallback@dmoptionsMenu_t@@SAXPAX@Z 00417973 f i menu.obj
 0001:00016b4e       ?Init@downloadOptionsMenu_t@@UAE_NXZ 00417b4e f i menu.obj
 0001:00016d19       ?DownloadCallback@downloadOptionsMenu_t@@SAXPAX@Z 00417d19 f i menu.obj
 0001:00016d84       ?Init@addressBookMenu_t@@UAE_NXZ 00417d84 f i menu.obj
 0001:00016e2c       ?KeyDown@addressBookMenu_t@@UAEPBDH@Z 00417e2c f i menu.obj
 0001:00016e89       ?Init@playerConfigMenu_t@@UAE_NXZ 00417e89 f i menu.obj
 0001:000173e0       ?HandednessCallback@playerConfigMenu_t@@SAXPAX@Z 004183e0 f i menu.obj
 0001:000173f5       ?RTypeCallback@playerConfigMenu_t@@SAXPAX@Z 004183f5 f i menu.obj
 0001:0001740a       ?RColorCallback@playerConfigMenu_t@@SAXPAX@Z 0041840a f i menu.obj
 0001:0001741f       ?RateCallback@playerConfigMenu_t@@SAXPAX@Z 0041841f f i menu.obj
 0001:00017442       ?ModelCallback@playerConfigMenu_t@@SAXPAX@Z 00418442 f i menu.obj
 0001:0001746f       ?ScanDirectories@playerConfigMenu_t@@SA_NXZ 0041846f f i menu.obj
 0001:000175e9       ?IsValidSkin@playerConfigMenu_t@@SA_NPADPAVCStringItem@@@Z 004185e9 f i menu.obj
 0001:000176a4       ?Draw@playerConfigMenu_t@@UAEXXZ 004186a4 f i menu.obj
 0001:00017950       ?KeyDown@playerConfigMenu_t@@UAEPBDH@Z 00418950 f i menu.obj
 0001:00017a42       ?Init@dmbrowseMenu_t@@UAE_NXZ 00418a42 f i menu.obj
 0001:00017c48       ?KeyDown@dmbrowseMenu_t@@UAEPBDH@Z 00418c48 f i menu.obj
 0001:00017e0c       ?Draw@dmbrowseMenu_t@@UAEXXZ 00418e0c f i menu.obj
 0001:00017f51       ?DrawThumbnail@dmbrowseMenu_t@@SAXHHHHPAD_N@Z 00418f51 f i menu.obj
 0001:00018038       ?Init@videoMenu_t@@UAE_NXZ 00419038 f i menu.obj
 0001:000185f1       ?ScreenSizeCallback@videoMenu_t@@SAXPAX@Z 004195f1 f i menu.obj
 0001:0001860f       ?BrightnessCallback@videoMenu_t@@SAXPAX@Z 0041960f f i menu.obj
 0001:0001862d       ?ContrastCallback@videoMenu_t@@SAXPAX@Z 0041962d f i menu.obj
 0001:00018666       ?CancelChanges@videoMenu_t@@SAXPAX@Z 00419666 f i menu.obj
 0001:00018687       ?KeyDown@videoMenu_t@@UAEPBDH@Z 00419687 f i menu.obj
 0001:000186ce       ?ApplyChanges@videoMenu_t@@SAXPAX@Z 004196ce f i menu.obj
 0001:00018885       ?KeyDown@quitMenu_t@@UAEPBDH@Z 00419885 f i menu.obj
 0001:000188bd       ?Draw@quitMenu_t@@UAEXXZ   004198bd f i menu.obj
 0001:0001893d       ?KeyDown@testMenu_t@@UAEPBDH@Z 0041993d f i menu.obj
 0001:0001894e       ?Draw@testMenu_t@@UAEXXZ   0041994e f i menu.obj
 0001:00018b49       ?M_Init@@YAXXZ             00419b49 f   menu.obj
 0001:00018d45       ?Insert@?$TList@VCStringItem@@@@QAE_NPAVCStringItem@@@Z 00419d45 f i menu.obj
 0001:00018d45       ?Insert@?$TList@VplayerModelInfo_t@@@@QAE_NPAVplayerModelInfo_t@@@Z 00419d45 f i menu.obj
 0001:00018d7b       ?ItemAtCursor@menuFramework_t@@QAEPAUmenuCommon_t@@XZ 00419d7b f   qmenu.obj
 0001:00018dcf       ?AddItem@menuFramework_t@@QAEXPAUmenuCommon_t@@@Z 00419dcf f   qmenu.obj
 0001:00018e8b       ?AdjustCursor@menuFramework_t@@QAEXH@Z 00419e8b f   qmenu.obj
 0001:00018ffa       ?Center@menuFramework_t@@QAEXXZ 00419ffa f   qmenu.obj
 0001:0001903b       ?Draw@menuFramework_t@@UAEXXZ 0041a03b f   qmenu.obj
 0001:000195f3       ?SelectItem@menuFramework_t@@QAE_NXZ 0041a5f3 f   qmenu.obj
 0001:00019651       ?SetStatusBar@menuFramework_t@@QAEXPBD@Z 0041a651 f   qmenu.obj
 0001:0001965b       ?SlideItem@menuFramework_t@@QAEXH@Z 0041a65b f   qmenu.obj
 0001:00019bd8       ?Push@menuFramework_t@@QAEXXZ 0041abd8 f   qmenu.obj
 0001:00019c60       ?M_ForceMenuOff@@YAXXZ     0041ac60 f   qmenu.obj
 0001:00019c83       ?Pop@menuFramework_t@@QAEXXZ 0041ac83 f   qmenu.obj
 0001:00019cbd       ?KeyDown@menuFramework_t@@UAEPBDH@Z 0041acbd f   qmenu.obj
 0001:00019f31       ?Init@menuFramework_t@@UAE_NXZ 0041af31 f   qmenu.obj
 0001:00019f34       ?M_Draw@@YAXXZ             0041af34 f   qmenu.obj
 0001:00019f6f       ?M_Keydown@@YAXH@Z         0041af6f f   qmenu.obj
 0001:00019f8e       ?InitRendererVars@@YAXXZ   0041af8e f   ref_vars.obj
 0001:00019fad       ?S_SoundInfo_f@@YAXXZ      0041afad f   snd_dma.obj
 0001:0001a037       ?S_ReadModelsSex@@YAXXZ    0041b037 f   snd_dma.obj
 0001:0001a11c       ?S_IsFemale@@YA_NPBD@Z     0041b11c f   snd_dma.obj
 0001:0001a170       ?S_Init@@YAXXZ             0041b170 f   snd_dma.obj
 0001:0001a246       ?S_Shutdown@@YAXXZ         0041b246 f   snd_dma.obj
 0001:0001a2d9       ?S_BeginRegistration@@YAXXZ 0041b2d9 f   snd_dma.obj
 0001:0001a2e7       ?S_RegisterSound@@YAPAUsfx_t@@PBD@Z 0041b2e7 f   snd_dma.obj
 0001:0001a480       ?S_EndRegistration@@YAXXZ  0041b480 f   snd_dma.obj
 0001:0001a518       ?S_PickChannel@@YAPAUchannel_t@@HH@Z 0041b518 f   snd_dma.obj
 0001:0001a5a5       ?S_Spatialize@@YAXPAUchannel_t@@@Z 0041b5a5 f   snd_dma.obj
 0001:0001a73e       ?S_AllocPlaysound@@YAPAUplaysound_t@@XZ 0041b73e f   snd_dma.obj
 0001:0001a760       ?S_FreePlaysound@@YAXPAUplaysound_t@@@Z 0041b760 f   snd_dma.obj
 0001:0001a790       ?S_IssuePlaysound@@YAXPAUplaysound_t@@@Z 0041b790 f   snd_dma.obj
 0001:0001a85d       ?S_StartSound@@YAXQBMHHPAUsfx_t@@MMM@Z 0041b85d f   snd_dma.obj
 0001:0001abd3       ?S_StartLocalSound@@YAXPBD@Z 0041bbd3 f   snd_dma.obj
 0001:0001ac22       ?S_ClearBuffer@@YAXXZ      0041bc22 f   snd_dma.obj
 0001:0001ac8b       ?S_StopAllSounds_f@@YAXXZ  0041bc8b f   snd_dma.obj
 0001:0001acfb       ?S_AddLoopSounds@@YAXXZ    0041bcfb f   snd_dma.obj
 0001:0001aed1       ?S_RawSamples@@YAXHHHHPAE@Z 0041bed1 f   snd_dma.obj
 0001:0001b0d5       ?S_Update@@YAXQBM000@Z     0041c0d5 f   snd_dma.obj
 0001:0001b1ce       ?GetSoundtime@@YAXXZ       0041c1ce f   snd_dma.obj
 0001:0001b235       ?S_Update_@@YAXXZ          0041c235 f   snd_dma.obj
 0001:0001b4e8       ?ResampleSfx@@YAXPAUsfx_t@@HHPAE@Z 0041c4e8 f   snd_mem.obj
 0001:0001b603       ?S_LoadSound@@YAPAUsfxcache_t@@PAUsfx_t@@@Z 0041c603 f   snd_mem.obj
 0001:0001b73b       ?GetWavinfo@@YA?AUwavinfo_t@@PADPAEH@Z 0041c73b f   snd_mem.obj
 0001:0001b97d       ?S_WriteLinearBlastStereo16@@YAXXZ 0041c97d f   snd_mix.obj
 0001:0001b9f1       ?S_TransferStereo16@@YAXPAKH@Z 0041c9f1 f   snd_mix.obj
 0001:0001ba5a       ?S_TransferPaintBuffer@@YAXH@Z 0041ca5a f   snd_mix.obj
 0001:0001bbbe       ?S_PaintChannels@@YAXH@Z   0041cbbe f   snd_mix.obj
 0001:0001be5a       ?S_InitScaletable@@YAXXZ   0041ce5a f   snd_mix.obj
 0001:0001c01b       ?SV_WipeSavegame@@YAXPAD@Z 0041d01b f   sv_ccmds.obj
 0001:0001c049       ?SV_CopySaveGame@@YAXPAD0@Z 0041d049 f   sv_ccmds.obj
 0001:0001c09e       ?SV_WriteLevelFile@@YAXXZ  0041d09e f   sv_ccmds.obj
 0001:0001c14c       ?SV_ReadLevelFile@@YAXXZ   0041d14c f   sv_ccmds.obj
 0001:0001c1fa       ?SV_WriteServerFile@@YAX_NPAD@Z 0041d1fa f   sv_ccmds.obj
 0001:0001c436       ?SV_ReadServerFile@@YAXXZ  0041d436 f   sv_ccmds.obj
 0001:0001c55b       ?SV_AddressBanned@@YA_NPAUnetadr_t@@@Z 0041d55b f   sv_ccmds.obj
 0001:0001c59c       ?SV_InitOperatorCommands@@YAXXZ 0041d59c f   sv_ccmds.obj
 0001:0001d59a       ?SV_WriteFrameToClient@@YAXPAUclient_t@@PAVsizebuf_t@@@Z 0041e59a f   sv_ents.obj
 0001:0001d786       ?SV_FatPVS@@YAXQAM@Z       0041e786 f   sv_ents.obj
 0001:0001d8a4       ?SV_BuildClientFrame@@YAXPAUclient_t@@@Z 0041e8a4 f   sv_ents.obj
 0001:0001dbbe       ?SV_RecordDemoMessage@@YAXXZ 0041ebbe f   sv_ents.obj
 0001:0001e6ed       ?SV_InitGameLibrary@@YAX_N@Z 0041f6ed f   sv_game.obj
 0001:0001e833       ?SV_ShutdownGameLibrary@@YAXXZ 0041f833 f   sv_game.obj
 0001:0001e990       ?SV_FindIndex@@YAHPADHH_N@Z 0041f990 f   sv_init.obj
 0001:0001ea9d       ?SV_ModelIndex@@YAHPAD@Z   0041fa9d f   sv_init.obj
 0001:0001eab3       ?SV_SoundIndex@@YAHPAD@Z   0041fab3 f   sv_init.obj
 0001:0001eacc       ?SV_ImageIndex@@YAHPAD@Z   0041facc f   sv_init.obj
 0001:0001eae5       ?SV_CreateBaseline@@YAXXZ  0041fae5 f   sv_init.obj
 0001:0001eb43       ?SV_CheckForSavegame@@YAXXZ 0041fb43 f   sv_init.obj
 0001:0001ebcb       ?SV_SpawnServer@@YAXPAD0W4server_state_t@@_N2@Z 0041fbcb f   sv_init.obj
 0001:0001ee99       ?SV_InitGame@@YAXXZ        0041fe99 f   sv_init.obj
 0001:0001f0e3       ?SV_Map@@YAX_NPBD0@Z       004200e3 f   sv_init.obj
 0001:0001f2ac       ?SV_DropClient@@YAXPAUclient_t@@PAD@Z 004202ac f   sv_main.obj
 0001:0001f35d       ?SV_StatusString@@YAPADXZ  0042035d f   sv_main.obj
 0001:0001fb90       ?SV_ConnectionlessPacket@@YAXXZ 00420b90 f   sv_main.obj
 0001:0001fc5b       ?SV_CalcPings@@YAXXZ       00420c5b f   sv_main.obj
 0001:0001fce2       ?SV_GiveMsec@@YAXXZ        00420ce2 f   sv_main.obj
 0001:0001fd21       ?SV_ReadPackets@@YAXXZ     00420d21 f   sv_main.obj
 0001:0001fe69       ?SV_CheckTimeouts@@YAXXZ   00420e69 f   sv_main.obj
 0001:0001ff7a       ?SV_PostprocessFrame@@YAXXZ 00420f7a f   sv_main.obj
 0001:00020451       ?SV_MulticastHook@@YAPAVsizebuf_t@@PAV1@0@Z 00421451 f   sv_main.obj
 0001:00020842       ?SV_TraceHook@@YA?AUtrace_t@@QAM000PAUedict_s@@H@Z 00421842 f   sv_main.obj
 0001:000209b9       ?SV_Frame@@YAXM@Z          004219b9 f   sv_main.obj
 0001:00020c6d       ?SV_UserinfoChanged@@YAXPAUclient_t@@@Z 00421c6d f   sv_main.obj
 0001:00020d31       ?SV_Init@@YAXXZ            00421d31 f   sv_main.obj
 0001:00020d93       ?SV_Shutdown@@YAXPBD_N@Z   00421d93 f   sv_main.obj
 0001:00020f9a       ?SV_BeginRedirect@@YAXXZ   00421f9a f   sv_send.obj
 0001:00021044       ?SV_ClientPrintf@@YAXPAUclient_t@@HPBDZZ 00422044 f   sv_send.obj
 0001:0002109f       ?SV_BroadcastPrintf@@YAXHPBDZZ 0042209f f   sv_send.obj
 0001:00021175       ?SV_BroadcastCommand@@YAXPBDZZ 00422175 f   sv_send.obj
 0001:000211ca       ?SV_Multicast@@YAXQAMW4multicast_t@@_N@Z 004221ca f   sv_send.obj
 0001:00021408       ?SV_MulticastOld@@YAXQAMW4multicast_t@@@Z 00422408 f   sv_send.obj
 0001:0002141b       ?SV_MulticastNew@@YAXQAMW4multicast_t@@@Z 0042241b f   sv_send.obj
 0001:0002142e       ?SV_StartSound@@YAXQAMPAUedict_s@@HHMMM_N@Z 0042242e f   sv_send.obj
 0001:000216f6       ?SV_StartSoundOld@@YAXQAMPAUedict_s@@HHMMM@Z 004226f6 f   sv_send.obj
 0001:00021726       ?SV_StartSoundNew@@YAXQAMPAUedict_s@@HHMMM@Z 00422726 f   sv_send.obj
 0001:00021756       ?SV_SendClientDatagram@@YA_NPAUclient_t@@@Z 00422756 f   sv_send.obj
 0001:0002181f       ?SV_DemoCompleted@@YAXXZ   0042281f f   sv_send.obj
 0001:0002183b       ?SV_RateDrop@@YA_NPAUclient_t@@@Z 0042283b f   sv_send.obj
 0001:00021885       ?SV_SendClientMessages@@YAXXZ 00422885 f   sv_send.obj
 0001:000219c8       ?SV_TokenizeString@@YAXPBD@Z 004229c8 f   sv_tokenize.obj
 0001:00021a9f       ?SV_Argc@@YAHXZ            00422a9f f   sv_tokenize.obj
 0001:00021aa5       ?SV_Argv@@YAPADH@Z         00422aa5 f   sv_tokenize.obj
 0001:00021abf       ?SV_Args@@YAPADXZ          00422abf f   sv_tokenize.obj
 0001:0002230c       ?SV_Nextserver@@YAXXZ      0042330c f   sv_user.obj
 0001:0002239b       ?SV_ExecuteUserCommand@@YAXPAD@Z 0042339b f   sv_user.obj
 0001:0002245d       ?SV_ClientThink@@YAXPAUclient_t@@PAUusercmd_t@@@Z 0042345d f   sv_user.obj
 0001:000224a0       ?SV_ExecuteClientMessage@@YAXPAUclient_t@@@Z 004234a0 f   sv_user.obj
 0001:000226be       ?SV_ClearWorld@@YAXXZ      004236be f   sv_world.obj
 0001:00022816       ?SV_UnlinkEdict@@YAXPAUedict_s@@@Z 00423816 f   sv_world.obj
 0001:000228d9       ?SV_LinkEdict@@YAXPAUedict_s@@@Z 004238d9 f   sv_world.obj
 0001:00022ef9       ?SV_AreaEdicts@@YAHQBM0PAPAUedict_s@@HH@Z 00423ef9 f   sv_world.obj
 0001:000230aa       ?SV_PointContents@@YAHQBM@Z 004240aa f   sv_world.obj
 0001:000231d0       ?SV_ClipMoveToEntities@@YAXPAUtrace_t@@QBM111PAUedict_s@@H@Z 004241d0 f   sv_world.obj
 0001:000235c4       ?SV_Trace@@YAXPAUtrace_t@@QBM111PAUedict_s@@H@Z 004245c4 f   sv_world.obj
 0001:0002367e       ?InitByteDirs@@YAXXZ       0042467e f   anorms.obj
 0001:000236bd       ?Cbuf_AddText@@YAXPBD@Z    004246bd f   cmd.obj
 0001:0002371f       ?Cbuf_CopyToDefer@@YAXXZ   0042471f f   cmd.obj
 0001:00023767       ?Cbuf_InsertFromDefer@@YAXXZ 00424767 f   cmd.obj
 0001:00023820       ?Cbuf_Execute@@YAXXZ       00424820 f   cmd.obj
 0001:00023926       ?Cmd_Unalias_f@@YAX_NHPAPAD@Z 00424926 f   cmd.obj
 0001:0002399c       ?Cmd_WriteAliases@@YAXPAU_iobuf@@@Z 0042499c f   cmd.obj
 0001:000239cd       ?RegisterCommand@@YA_NPBDP6AXXZH@Z 004249cd f   cmd.obj
 0001:00023a86       ?UnregisterCommand@@YA_NPBD@Z 00424a86 f   cmd.obj
 0001:00023b17       ?Cmd_ExecuteString@@YA_NPBD@Z 00424b17 f   cmd.obj
 0001:00023f6a       ?ExecuteCommand@@YA_NPBDPBUCSimpleCommand@@H@Z 00424f6a f   cmd.obj
 0001:00024031       ?Cmd_Init@@YAXXZ           00425031 f   cmd.obj
 0001:00024383       ?CM_LoadMap@@YAPAUcmodel_t@@PBD_NPAI@Z 00425383 f   cmodel.obj
 0001:00024ab4       ?SetSignbits@cplane_t@@QAEXXZ 00425ab4 f i cmodel.obj
 0001:00024ae8       ?SetType@cplane_t@@QAEXXZ  00425ae8 f i cmodel.obj
 0001:00024ca4       ?CM_InlineModel@@YAPAUcmodel_t@@PBD@Z 00425ca4 f   cmodel.obj
 0001:00024ce5       ?CM_NumClusters@@YAHXZ     00425ce5 f   cmodel.obj
 0001:00024ceb       ?CM_NumInlineModels@@YAHXZ 00425ceb f   cmodel.obj
 0001:00024cf1       ?CM_EntityString@@YAPBDXZ  00425cf1 f   cmodel.obj
 0001:00024cf7       ?CM_LeafContents@@YAHH@Z   00425cf7 f   cmodel.obj
 0001:00024d1e       ?CM_LeafCluster@@YAHH@Z    00425d1e f   cmodel.obj
 0001:00024d94       ?CM_LeafArea@@YAHH@Z       00425d94 f   cmodel.obj
 0001:00024f55       ?CM_HeadnodeForBox@@YAHQAM0@Z 00425f55 f   cmodel.obj
 0001:0002500a       ?CM_PointLeafnum@@YAHQBMH@Z 0042600a f   cmodel.obj
 0001:000250ad       ?DistanceTo@cplane_t@@QAEMQBM@Z 004260ad f i cmodel.obj
 0001:000250f1       ?CM_PointContents@@YAHQBMH@Z 004260f1 f   cmodel.obj
 0001:00025166       ?CM_TransformedPointContents@@YAHQBMH00@Z 00426166 f   cmodel.obj
 0001:00025247       ?CM_TransformedPointContents@@YAHQBMH0ABUCAxis@@@Z 00426247 f   cmodel.obj
 0001:000252f2       ?CM_BoxLeafnums@@YAHQBM0PAHH1H@Z 004262f2 f   cmodel.obj
 0001:00025406       ?BOX_ON_PLANE_SIDE@@YAHQBM0PBUcplane_t@@@Z 00426406 f i cmodel.obj
 0001:0002548b       ?CM_BoxTrace@@YAXPAUtrace_t@@QBM111HH@Z 0042648b f   cmodel.obj
 0001:00025f05       ?CM_TransformedBoxTrace@@YAXPAUtrace_t@@QBM111HH11@Z 00426f05 f   cmodel.obj
 0001:00026085       ?CM_TransformedBoxTrace@@YAXPAUtrace_t@@QBM111HH1ABUCAxis@@@Z 00427085 f   cmodel.obj
 0001:00026145       ?CM_BrushTrace@@YAHQBM0PAHH@Z 00427145 f   cmodel.obj
 0001:00026575       ?CM_RefineBrushTrace@@YAHQBM0PAHH@Z 00427575 f   cmodel.obj
 0001:0002661b       ?CM_ClusterPVS@@YAPAEH@Z   0042761b f   cmodel.obj
 0001:0002675f       ?CM_ClusterPHS@@YAPAEH@Z   0042775f f   cmodel.obj
 0001:000268c2       ?CM_SetAreaPortalState@@YAXH_N@Z 004278c2 f   cmodel.obj
 0001:000268e7       ?CM_AreasConnected@@YA_NHH@Z 004278e7 f   cmodel.obj
 0001:0002692b       ?CM_WriteAreaBits@@YAHPAEH@Z 0042792b f   cmodel.obj
 0001:000269cd       ?CM_WritePortalState@@YAXPAU_iobuf@@@Z 004279cd f   cmodel.obj
 0001:000269e7       ?CM_ReadPortalState@@YAXPAU_iobuf@@@Z 004279e7 f   cmodel.obj
 0001:00026a05       ?CM_HeadnodeVisible@@YA_NHPAE@Z 00427a05 f   cmodel.obj
 0001:00026ae0       ?Com_BeginRedirect@@YAXPADHP6AX0@Z@Z 00427ae0 f   common.obj
 0001:00026b0d       ?Com_EndRedirect@@YAXXZ    00427b0d f   common.obj
 0001:00026b2c       ?Com_Printf@@YAXPBDZZ      00427b2c f   common.obj
 0001:00026d24       ?Com_DPrintf@@YAXPBDZZ     00427d24 f   common.obj
 0001:00026d9d       ?DebugPrintf@@YAXPBDZZ     00427d9d f   common.obj
 0001:00026e47       ?Com_WPrintf@@YAXPBDZZ     00427e47 f   common.obj
 0001:00026ea1       ?Com_Quit@@YAXXZ           00427ea1 f   common.obj
 0001:00026ec1       ?IPWildcard@@YA_NPAUnetadr_t@@PAD@Z 00427ec1 f   common.obj
 0001:00026f9b       ?Com_ServerState@@YA?AW4server_state_t@@XZ 00427f9b f   common.obj
 0001:00026fa1       ?Com_SetServerState@@YAXW4server_state_t@@@Z 00427fa1 f   common.obj
 0001:00026fab       ?frand@@YAMXZ              00427fab f   common.obj
 0001:00026fc3       ?crand@@YAMXZ              00427fc3 f   common.obj
 0001:00026fe1       ?Info_ValueForKey@@YAPBDPBD0@Z 00427fe1 f   common.obj
 0001:00027060       ?Info_SetValueForKey@@YAXPADPBD1@Z 00428060 f   common.obj
 0001:000271c3       ?Info_Print@@YAXPBD@Z      004281c3 f   common.obj
 0001:00027249       ?Com_CheckCmdlineVar@@YA_NPBD@Z 00428249 f   common.obj
 0001:0002729f       ?Com_Init@@YAXPBD@Z        0042829f f   common.obj
 0001:0002766d       ?Com_Frame@@YAXM@Z         0042866d f   common.obj
 0001:000279ab       ?Com_Shutdown@@YAXXZ       004289ab f   common.obj
 0001:000279c4       ?Com_BlockSequenceCRCByte@@YAEPAEHH@Z 004289c4 f   crc.obj
 0001:00027a7a       ?Cvar_VariableValue@@YAMPBD@Z 00428a7a f   cvar.obj
 0001:00027ae8       ?Cvar_VariableInt@@YAHPBD@Z 00428ae8 f   cvar.obj
 0001:00027afb       ?Cvar_VariableString@@YAPBDPBD@Z 00428afb f   cvar.obj
 0001:00027b13       ?Cvar_Get@@YAPAUcvar_t@@PBD0H@Z 00428b13 f   cvar.obj
 0001:00027dca       ?Cvar_GetVars@@YAXPBUcvarInfo_t@@H@Z 00428dca f   cvar.obj
 0001:00027e74       ?Cvar_FullSet@@YAPAUcvar_t@@PBD0I@Z 00428e74 f   cvar.obj
 0001:00027ece       ?Cvar_SetValue@@YAPAUcvar_t@@PBDM@Z 00428ece f   cvar.obj
 0001:000280f4       ?Cvar_SetInteger@@YAPAUcvar_t@@PBDH@Z 004290f4 f   cvar.obj
 0001:00028116       ?Cvar_Set@@YAPAUcvar_t@@PBD0@Z 00429116 f   cvar.obj
 0001:0002812b       ?Cvar_ForceSet@@YAPAUcvar_t@@PBD0@Z 0042912b f   cvar.obj
 0001:00028140       ?Cvar_Clamp@@YAMPAUcvar_t@@MM@Z 00429140 f   cvar.obj
 0001:0002819e       ?Cvar_GetLatchedVars@@YAXXZ 0042919e f   cvar.obj
 0001:000281cd       ?Cvar_Command@@YA_NHPAPAD@Z 004291cd f   cvar.obj
 0001:00028266       ?IsDefault@cvar_t@@QAE_NXZ 00429266 f i cvar.obj
 0001:00028283       ?Cvar_WriteVariables@@YAXPAU_iobuf@@HHPBD@Z 00429283 f   cvar.obj
 0001:0002830b       ?Cvar_Userinfo@@YAPBDXZ    0042930b f   cvar.obj
 0001:00028366       ?Cvar_Serverinfo@@YAPBDXZ  00429366 f   cvar.obj
 0001:0002836f       ?Cvar_Cheats@@YAX_N@Z      0042936f f   cvar.obj
 0001:000283c0       ?Cvar_Init@@YAXXZ          004293c0 f   cvar.obj
 0001:00028a7f       ?MSG_WriteDeltaEntity@@YAXPAVsizebuf_t@@PBUentity_state_t@@PAU2@_N3@Z 00429a7f f   entdelta.obj
 0001:00029022       ?MSG_WriteRemoveEntity@@YAXPAVsizebuf_t@@H@Z 0042a022 f   entdelta.obj
 0001:00029062       ?MSG_ReadEntityBits@@YAHPAVsizebuf_t@@PAIPA_N@Z 0042a062 f   entdelta.obj
 0001:000290d3       ?MSG_ReadDeltaEntity@@YAXPAVsizebuf_t@@PBUentity_state_t@@PAU2@I@Z 0042a0d3 f   entdelta.obj
 0001:00029156       ?MSG_WriteDeltaUsercmd@@YAXPAVsizebuf_t@@PBUusercmd_t@@PAU2@@Z 0042a156 f   entdelta.obj
 0001:000291e5       ?MSG_ReadDeltaUsercmd@@YAXPAVsizebuf_t@@PBUusercmd_t@@PAU2@@Z 0042a1e5 f   entdelta.obj
 0001:00029268       ?MSG_WriteDeltaPlayerstate@@YAXPAVsizebuf_t@@PBUplayer_state_t@@PAU2@@Z 0042a268 f   entdelta.obj
 0001:00029371       ?MSG_ReadDeltaPlayerstate@@YAXPAVsizebuf_t@@PBUplayer_state_t@@PAU2@@Z 0042a371 f   entdelta.obj
 0001:00029445       ?FS_CreatePath@@YAXPBD@Z   0042a445 f   files.obj
 0001:000294ab       ?FS_CopyFile@@YAXPBD0@Z    0042a4ab f   files.obj
 0001:000295ae       ?FS_CopyFiles@@YAXPBD0@Z   0042a5ae f   files.obj
 0001:00029687       ?FS_RemoveFiles@@YAXPBD@Z  0042a687 f   files.obj
 0001:000296fb       ?FS_FCloseFile@@YAXPAVQFILE@@@Z 0042a6fb f   files.obj
 0001:00029796       ?FS_FOpenFile@@YAPAVQFILE@@PBDPAH@Z 0042a796 f   files.obj
 0001:00029ca2       ?FS_FileExists@@YA_NPBD@Z  0042aca2 f   files.obj
 0001:00029ebb       ?FS_Read@@YAXPAXHPAVQFILE@@@Z 0042aebb f   files.obj
 0001:0002a11d       ?FS_LoadFile@@YAPAXPBDPAI@Z 0042b11d f   files.obj
 0001:0002a173       ?FS_FreeFile@@YAXPAX@Z     0042b173 f   files.obj
 0001:0002a17e       ?FS_Gamedir@@YAPADXZ       0042b17e f   files.obj
 0001:0002a192       ?FS_LoadGameConfig@@YAXXZ  0042b192 f   files.obj
 0001:0002a257       ?FS_SetGamedir@@YA_NPBD@Z  0042b257 f   files.obj
 0001:0002a942       ?FS_ListFiles@@YA?AV?$TList@VCStringItem@@@@PBDH@Z 0042b942 f   files.obj
 0001:0002ac4a       ?FS_NextPath@@YAPADPBD@Z   0042bc4a f   files.obj
 0001:0002ac6e       ?FS_InitFilesystem@@YAXXZ  0042bc6e f   files.obj
 0001:0002b61a       ?LoadPCX@@YAXPBDPAPAE1PAH2@Z 0042c61a f   images.obj
 0001:0002b764       ?LoadTGA@@YAXPBDPAPAEPAH2@Z 0042c764 f   images.obj
 0001:0002b95f       ?LoadJPG@@YAXPBDPAPAEPAH2@Z 0042c95f f   images.obj
 0001:0002bbeb       ?ImageExists@@YAHPBDH@Z    0042cbeb f   images.obj
 0001:0002bce9       ?WriteTGA@@YA_NPBDPAEHH@Z  0042cce9 f   images.obj
 0001:0002bed3       ?WriteJPG@@YA_NPBDPAEHH_N@Z 0042ced3 f   images.obj
 0001:0002bffa       ?MD4Init@@YAXPAUMD4_CTX@@@Z 0042cffa f   md4.obj
 0001:0002c022       ?MD4Update@@YAXPAUMD4_CTX@@PAEI@Z 0042d022 f   md4.obj
 0001:0002c0c0       ?MD4Final@@YAXQAEPAUMD4_CTX@@@Z 0042d0c0 f   md4.obj
 0001:0002c7b1       ?Com_BlockChecksum@@YAIPAXH@Z 0042d7b1 f   md4.obj
 0001:0002c7ed       ?LoadQ2BspFile@@YAXXZ      0042d7ed f   model.obj
 0001:0002cbc5       ?LoadBspFile@@YAPAUbspfile_t@@PBD_NPAI@Z 0042dbc5 f   model.obj
 0001:0002cd73       ?ProcessEntstring@@YAPADPAD@Z 0042dd73 f   model.obj
 0001:0002dc1c       ?Init@sizebuf_t@@QAEXPAXH@Z 0042ec1c f   msg.obj
 0001:0002dc37       ?Write@sizebuf_t@@QAEXPBXH@Z 0042ec37 f   msg.obj
 0001:0002dca7       ?MSG_WriteByte@@YAXPAVsizebuf_t@@H@Z 0042eca7 f   msg.obj
 0001:0002dca7       ?MSG_WriteChar@@YAXPAVsizebuf_t@@H@Z 0042eca7 f   msg.obj
 0001:0002dcb8       ?MSG_WriteShort@@YAXPAVsizebuf_t@@H@Z 0042ecb8 f   msg.obj
 0001:0002dcc9       ?MSG_WriteLong@@YAXPAVsizebuf_t@@H@Z 0042ecc9 f   msg.obj
 0001:0002dcc9       ?MSG_WriteFloat@@YAXPAVsizebuf_t@@M@Z 0042ecc9 f   msg.obj
 0001:0002dcda       ?MSG_WriteString@@YAXPAVsizebuf_t@@PBD@Z 0042ecda f   msg.obj
 0001:0002dd04       ?MSG_WritePos@@YAXPAVsizebuf_t@@QAM@Z 0042ed04 f   msg.obj
 0001:0002dd68       ?MSG_WriteAngle@@YAXPAVsizebuf_t@@M@Z 0042ed68 f   msg.obj
 0001:0002dd93       ?MSG_WriteAngle16@@YAXPAVsizebuf_t@@M@Z 0042ed93 f   msg.obj
 0001:0002ddbe       ?MSG_WriteDir@@YAXPAVsizebuf_t@@QAM@Z 0042edbe f   msg.obj
 0001:0002de25       ?MSG_ReadDir@@YAXPAVsizebuf_t@@QAM@Z 0042ee25 f   msg.obj
 0001:0002de56       ?MSG_ReadChar@@YAHPAVsizebuf_t@@@Z 0042ee56 f   msg.obj
 0001:0002de76       ?MSG_ReadByte@@YAHPAVsizebuf_t@@@Z 0042ee76 f   msg.obj
 0001:0002de96       ?MSG_ReadShort@@YAHPAVsizebuf_t@@@Z 0042ee96 f   msg.obj
 0001:0002deb6       ?MSG_ReadLong@@YAHPAVsizebuf_t@@@Z 0042eeb6 f   msg.obj
 0001:0002ded5       ?MSG_ReadString@@YAPADPAVsizebuf_t@@@Z 0042eed5 f   msg.obj
 0001:0002df08       ?MSG_ReadPos@@YAXPAVsizebuf_t@@QAM@Z 0042ef08 f   msg.obj
 0001:0002df5a       ?MSG_ReadAngle@@YAMPAVsizebuf_t@@@Z 0042ef5a f   msg.obj
 0001:0002df74       ?MSG_ReadAngle16@@YAMPAVsizebuf_t@@@Z 0042ef74 f   msg.obj
 0001:0002df8e       ?MSG_ReadData@@YAXPAVsizebuf_t@@PAXH@Z 0042ef8e f   msg.obj
 0001:0002dfb1       ?Netchan_Init@@YAXXZ       0042efb1 f   net_chan.obj
 0001:0002e025       ?Netchan_OutOfBandPrint@@YAXW4netsrc_t@@Unetadr_t@@PBDZZ 0042f025 f   net_chan.obj
 0001:0002e0ac       ?Setup@netchan_t@@QAEXW4netsrc_t@@Unetadr_t@@H@Z 0042f0ac f   net_chan.obj
 0001:0002e104       ?NeedReliable@netchan_t@@QAE_NXZ 0042f104 f   net_chan.obj
 0001:0002e129       ?Transmit@netchan_t@@QAEXPAXH@Z 0042f129 f   net_chan.obj
 0001:0002e2c6       ?Process@netchan_t@@QAE_NPAVsizebuf_t@@@Z 0042f2c6 f   net_chan.obj
 0001:0002e3f4       ?Pmove@@YAXPAUpmove_t@@@Z  0042f3f4 f   pmove.obj
 0001:00030167       ?NormalizeColor@@YAMQBMQAM@Z 00431167 f   q_shared2.obj
 0001:000301c1       ?NormalizeColor255@@YAMQBMQAM@Z 004311c1 f   q_shared2.obj
 0001:0003021f       ?Q_rsqrt@@YAMM@Z           0043121f f   q_shared2.obj
 0001:0003024f       ?AngleVectors@@YAXQBMQAM11@Z 0043124f f   q_shared2.obj
 0001:000303b0       ?MakeNormalVectors@@YAXQAM00@Z 004313b0 f   q_shared2.obj
 0001:00030417       ?VectorNormalize@@YAMQAM@Z 00431417 f   q_shared2.obj
 0001:0003046b       ?VectorNormalize@@YAMQBMQAM@Z 0043146b f   q_shared2.obj
 0001:000304c3       ?VectorNormalizeFast@@YAMQAM@Z 004314c3 f   q_shared2.obj
 0001:00030514       ?CrossProduct@@YAXQBM0QAM@Z 00431514 f   q_shared2.obj
 0001:0003054f       ?VectorLength@@YAMQBM@Z    0043154f f   q_shared2.obj
 0001:0003057e       ?VectorDistance@@YAMQBM0@Z 0043157e f   q_shared2.obj
 0001:000305af       ?LerpAngle@@YAMMMM@Z       004315af f   q_shared2.obj
 0001:000305f2       ?anglemod@@YAMM@Z          004315f2 f   q_shared2.obj
 0001:0003061e       ?BoxOnPlaneSide@@YAHQBM0PBUcplane_t@@@Z 0043161e f   q_shared2.obj
 0001:00030741       ?Clear@CBox@@QAEXXZ        00431741 f   q_shared2.obj
 0001:0003075f       ?Expand@CBox@@QAEXQBM@Z    0043175f f   q_shared2.obj
 0001:0003078e       ?Expand@CBox@@QAEXABU1@@Z  0043178e f   q_shared2.obj
 0001:000307ca       ?GetCenter@CBox@@QAEXQAM@Z 004317ca f   q_shared2.obj
 0001:000307ea       ?FromAngles@CAxis@@QAEXQBM@Z 004317ea f   q_shared2.obj
 0001:00030829       ?TransformVector@CAxis@@QBEXQBMQAM@Z 00431829 f   q_shared2.obj
 0001:0003087a       ?UnTransformVector@CAxis@@QBEXQBMQAM@Z 0043187a f   q_shared2.obj
 0001:000308de       ?TransformPoint@CCoords@@QBEXQBMQAM@Z 004318de f   q_shared2.obj
 0001:0003093c       ?UnTransformPoint@CCoords@@QBEXQBMQAM@Z 0043193c f   q_shared2.obj
 0001:000309a9       ?TransformPlane@CCoords@@QBEXABUcplane_t@@AAU2@@Z 004319a9 f   q_shared2.obj
 0001:000309e1       ?TransformPoint@@YAXQBMABUCAxis@@0QAM@Z 004319e1 f   q_shared2.obj
 0001:00030a44       ?UnTransformPoint@@YAXQBMABUCAxis@@0QAM@Z 00431a44 f   q_shared2.obj
 0001:00030ab4       ?ShortSwap@@YAFF@Z         00431ab4 f   q_shared2.obj
 0001:00030ac9       ?COM_Parse@@YAPADAAPBD_N@Z 00431ac9 f   q_shared2.obj
 0001:00030bed       ?COM_QuoteString@@YAPBDPBD_N@Z 00431bed f   q_shared2.obj
 0001:00030c48       ?Com_PageInMemory@@YAXPAXH@Z 00431c48 f   q_shared2.obj
 0001:00030c67       ?Zip_OpenArchive@@YAPAU_iobuf@@PBD@Z 00431c67 f   zip.obj
 0001:00030cd2       ?Zip_CloseArchive@@YAXPAU_iobuf@@@Z 00431cd2 f   zip.obj
 0001:00030cde       ?Zip_EnumArchive@@YA_NPAU_iobuf@@P6A_NPAUzipFile_t@@@Z@Z 00431cde f   zip.obj
 0001:00030ebb       ?Zip_OpenFile@@YAPAUZFILE@@PAU_iobuf@@PAUzipFile_t@@@Z 00431ebb f   zip.obj
 0001:00030f9f       ?Zip_ReadFile@@YAHPAUZFILE@@PAXH@Z 00431f9f f   zip.obj
 0001:00031095       ?Zip_CloseFile@@YA_NPAUZFILE@@@Z 00432095 f   zip.obj
 0001:000310d9       ?Zip_OpenBuf@@YAPAUZBUF@@PAXH@Z 004320d9 f   zip.obj
 0001:00031117       ?Zip_ReadBuf@@YAHPAUZBUF@@PAXH@Z 00432117 f   zip.obj
 0001:0003115f       ?Zip_CloseBuf@@YAXPAUZBUF@@@Z 0043215f f   zip.obj
 0001:00031174       _zcalloc                   00432174 f   zip.obj
 0001:00031188       _zcfree                    00432188 f   zip.obj
 0001:00031193       ?CDAudio_Play2@@YAXH_N@Z   00432193 f   cd_win.obj
 0001:00031372       ?CDAudio_Play@@YAXH_N@Z    00432372 f   cd_win.obj
 0001:00031389       ?CDAudio_Stop@@YAXXZ       00432389 f   cd_win.obj
 0001:000313ce       ?CDAudio_Pause@@YAXXZ      004323ce f   cd_win.obj
 0001:00031427       ?CDAudio_Resume@@YAXXZ     00432427 f   cd_win.obj
 0001:00031496       ?CDAudio_Update@@YAXXZ     00432496 f   cd_win.obj
 0001:000314ca       ?CDAudio_Init@@YAHXZ       004324ca f   cd_win.obj
 0001:0003192c       ?CDAudio_Shutdown@@YAXXZ   0043292c f   cd_win.obj
 0001:0003195f       ?CDAudio_Activate@@YAX_N@Z 0043295f f   cd_win.obj
 0001:00031970       ?IN_Commands@@YAXXZ        00432970 f   in_win.obj
 0001:00031a98       ?IN_Init@@YAXXZ            00432a98 f   in_win.obj
 0001:00031d8f       ?IN_Shutdown@@YAXXZ        00432d8f f   in_win.obj
 0001:00031f69       ?IN_Move@@YAXPAUusercmd_t@@@Z 00432f69 f   in_win.obj
 0001:00032546       ?IN_Activate@@YAX_N@Z      00433546 f   in_win.obj
 0001:00032550       ?IN_Frame@@YAXXZ           00433550 f   in_win.obj
 0001:000328b8       ?NetadrToSockadr@@YAXPAUnetadr_t@@PAUsockaddr@@@Z 004338b8 f   net_wins.obj
 0001:0003293d       ?SockadrToNetadr@@YAXPAUsockaddr@@PAUnetadr_t@@@Z 0043393d f   net_wins.obj
 0001:0003298d       ?NET_CompareAdr@@YA_NPAUnetadr_t@@0@Z 0043398d f   net_wins.obj
 0001:000329e3       ?NET_CompareBaseAdr@@YA_NPAUnetadr_t@@0@Z 004339e3 f   net_wins.obj
 0001:00032a2e       ?NET_AdrToString@@YAPADPAUnetadr_t@@@Z 00433a2e f   net_wins.obj
 0001:00032ae7       ?NET_StringToAdr@@YA_NPBDPAUnetadr_t@@@Z 00433ae7 f   net_wins.obj
 0001:00032d71       ?NET_IsLocalAddress@@YA_NPAUnetadr_t@@@Z 00433d71 f   net_wins.obj
 0001:00032d7d       ?NET_GetLoopPacket@@YA_NW4netsrc_t@@PAUnetadr_t@@PAVsizebuf_t@@@Z 00433d7d f   net_wins.obj
 0001:00032e08       ?NET_SendLoopPacket@@YAXW4netsrc_t@@HPAXUnetadr_t@@@Z 00433e08 f   net_wins.obj
 0001:00032e5d       ?NET_GetPacket@@YA_NW4netsrc_t@@PAUnetadr_t@@PAVsizebuf_t@@@Z 00433e5d f   net_wins.obj
 0001:00032f7a       ?NET_SendPacket@@YAXW4netsrc_t@@HPAXUnetadr_t@@@Z 00433f7a f   net_wins.obj
 0001:0003304b       ?NET_Config@@YAX_N@Z       0043404b f   net_wins.obj
 0001:000333c0       ?NET_Init@@YAXXZ           004343c0 f   net_wins.obj
 0001:0003347a       ?Sys_Mkdir@@YAXPAD@Z       0043447a f   fs_win.obj
 0001:00033486       ?Sys_FindFirst@@YAPBDPBDH@Z 00434486 f   fs_win.obj
 0001:00033540       ?Sys_FindNext@@YAPBDXZ     00434540 f   fs_win.obj
 0001:000335aa       ?Sys_FindClose@@YAXXZ      004345aa f   fs_win.obj
 0001:000335c4       ?Sys_FileExists@@YA_NPBDH@Z 004345c4 f   fs_win.obj
 0001:000335e2       ?SNDDMA_Init@@YA_NXZ       004345e2 f   snd_win.obj
 0001:00033c21       ?SNDDMA_GetDMAPos@@YAHXZ   00434c21 f   snd_win.obj
 0001:00033c6b       ?SNDDMA_BeginPainting@@YAXXZ 00434c6b f   snd_win.obj
 0001:00033d83       ?SNDDMA_Submit@@YAXXZ      00434d83 f   snd_win.obj
 0001:00033da8       ?SNDDMA_Shutdown@@YAXXZ    00434da8 f   snd_win.obj
 0001:00033dad       ?S_Activate@@YAX_N@Z       00434dad f   snd_win.obj
 0001:00033dd8       ?Sys_Quit@@YAXXZ           00434dd8 f   sys_win.obj
 0001:00033e90       ?Sys_Init@@YAXXZ           00434e90 f   sys_win.obj
 0001:00033f08       ?Sys_ConsoleInput@@YAPADXZ 00434f08 f   sys_win.obj
 0001:000341c3       ?Sys_ConsoleOutput@@YAXPBD@Z 004351c3 f   sys_win.obj
 0001:00034250       ?Sys_SendKeyEvents@@YAXXZ  00435250 f   sys_win.obj
 0001:00034308       ?Sys_UnloadGame@@YAXXZ     00435308 f   sys_win.obj
 0001:00034383       ?Sys_GetGameAPI@@YAPAXPAX@Z 00435383 f   sys_win.obj
 0001:000344da       _WinMain@16                004354da f   sys_win.obj
 0001:00034760       ?AddMsgHook@@YAXP6A_NIIJ@Z@Z 00435760 f   vid_dll.obj
 0001:000347a4       ?RemoveMsgHook@@YAXP6A_NIIJ@Z@Z 004357a4 f   vid_dll.obj
 0001:000347d3       ?Vid_CreateWindow@@YAPAXHH_N@Z 004357d3 f   vid_dll.obj
 0001:00034ed7       ?Vid_DestroyWindow@@YAX_N@Z 00435ed7 f   vid_dll.obj
 0001:00034f12       ?Vid_Restart@@YAXXZ        00435f12 f   vid_dll.obj
 0001:00034f1a       ?Vid_GetModeInfo@@YA_NPAH0H@Z 00435f1a f   vid_dll.obj
 0001:00034f4a       ?Vid_Tick@@YAXXZ           00435f4a f   vid_dll.obj
 0001:000350fa       ?Vid_Init@@YAXXZ           004360fa f   vid_dll.obj
 0001:000351cb       ?Vid_Shutdown@@YAXXZ       004361cb f   vid_dll.obj
 0001:000351ea       ?Tesselate@surfacePlanar_t@OpenGLDrv@@UAEXXZ 004361ea f   gl_backend.obj
 0001:00036e03       ?Tesselate@surfacePoly_t@OpenGLDrv@@UAEXXZ 00437e03 f   gl_backend.obj
 0001:00036efe       ?Tesselate@surfaceMd3_t@OpenGLDrv@@UAEXXZ 00437efe f   gl_backend.obj
 0001:000374b3       ?Tesselate@surfaceEntity_t@OpenGLDrv@@UAEXXZ 004384b3 f   gl_backend.obj
 0001:000375ad       ?Tesselate@surfaceParticle_t@OpenGLDrv@@UAEXXZ 004385ad f   gl_backend.obj
 0001:000377fb       ?BK_DrawScene@OpenGLDrv@@YAXXZ 004387fb f   gl_backend.obj
 0001:0003829f       ?BK_DrawPic@OpenGLDrv@@YAXPAVshader_t@1@HHHHMMMMIE@Z 0043929f f   gl_backend.obj
 0001:00038480       ?BK_DrawText@OpenGLDrv@@YAXPBDHHHHHI@Z 00439480 f   gl_backend.obj
 0001:0003866b       ?BK_BeginFrame@OpenGLDrv@@YAXXZ 0043966b f   gl_backend.obj
 0001:00038704       ?BK_EndFrame@OpenGLDrv@@YAXXZ 00439704 f   gl_backend.obj
 0001:00038743       ?BK_Init@OpenGLDrv@@YAXXZ  00439743 f   gl_backend.obj
 0001:00038772       ?BK_Shutdown@OpenGLDrv@@YAXXZ 00439772 f   gl_backend.obj
 0001:0003878a       ?AllocDynamicMemory@OpenGLDrv@@YAPAXH@Z 0043978a f   gl_buffers.obj
 0001:000387f5       ?ResizeDynamicMemory@OpenGLDrv@@YAXPAXH@Z 004397f5 f   gl_buffers.obj
 0001:00038837       ?AddSurfaceToPortal@OpenGLDrv@@YAXPAVsurfaceBase_t@1@PAVshader_t@1@HH@Z 00439837 f   gl_buffers.obj
 0001:000388a0       ?InsertShaderIndex@OpenGLDrv@@YAXH@Z 004398a0 f   gl_buffers.obj
 0001:000388d9       ?ClearPortal@OpenGLDrv@@YAXXZ 004398d9 f   gl_buffers.obj
 0001:000388f7       ?SortSurfaces@OpenGLDrv@@YAXPAUviewPortal_t@1@PAPAUsurfaceInfo_t@1@@Z 004398f7 f   gl_buffers.obj
 0001:00038a89       ?ClearBuffers@OpenGLDrv@@YAXXZ 00439a89 f   gl_buffers.obj
 0001:00038aa0       ?CreateBuffers@OpenGLDrv@@YAXXZ 00439aa0 f   gl_buffers.obj
 0001:00038ac6       ?FreeBuffers@OpenGLDrv@@YAXXZ 00439ac6 f   gl_buffers.obj
 0001:00038aea       ?InitEntity@model_t@OpenGLDrv@@UAEXPAUentity_t@@PAUrefEntity_t@2@@Z 00439aea f   gl_frontend.obj
 0001:00038b02       ?AddSurfaces@model_t@OpenGLDrv@@UAEXPAUrefEntity_t@2@@Z 00439b02 f   gl_frontend.obj
 0001:00038b30       ?GetLeaf@model_t@OpenGLDrv@@UAEPAUnode_t@2@PAUrefEntity_t@2@@Z 00439b30 f   gl_frontend.obj
 0001:00038b41       ?DrawLabel@model_t@OpenGLDrv@@UAEXPAUrefEntity_t@2@@Z 00439b41 f   gl_frontend.obj
 0001:00038b44       ?InitEntity@inlineModel_t@OpenGLDrv@@UAEXPAUentity_t@@PAUrefEntity_t@2@@Z 00439b44 f   gl_frontend.obj
 0001:00038b94       ?AddSurfaces@inlineModel_t@OpenGLDrv@@UAEXPAUrefEntity_t@2@@Z 00439b94 f   gl_frontend.obj
 0001:00039062       ?GetLeaf@inlineModel_t@OpenGLDrv@@UAEPAUnode_t@2@PAUrefEntity_t@2@@Z 0043a062 f   gl_frontend.obj
 0001:00039207       ?DrawLabel@inlineModel_t@OpenGLDrv@@UAEXPAUrefEntity_t@2@@Z 0043a207 f   gl_frontend.obj
 0001:0003924d       ?InitEntity@md3Model_t@OpenGLDrv@@UAEXPAUentity_t@@PAUrefEntity_t@2@@Z 0043a24d f   gl_frontend.obj
 0001:0003943c       ?AddSurfaces@md3Model_t@OpenGLDrv@@UAEXPAUrefEntity_t@2@@Z 0043a43c f   gl_frontend.obj
 0001:000394a2       ?GetLeaf@md3Model_t@OpenGLDrv@@UAEPAUnode_t@2@PAUrefEntity_t@2@@Z 0043a4a2 f   gl_frontend.obj
 0001:000394da       ?DrawLabel@md3Model_t@OpenGLDrv@@UAEXPAUrefEntity_t@2@@Z 0043a4da f   gl_frontend.obj
 0001:00039535       ?InitEntity@sp2Model_t@OpenGLDrv@@UAEXPAUentity_t@@PAUrefEntity_t@2@@Z 0043a535 f   gl_frontend.obj
 0001:0003954f       ?AddSurfaces@sp2Model_t@OpenGLDrv@@UAEXPAUrefEntity_t@2@@Z 0043a54f f   gl_frontend.obj
 0001:000396d6       ?GetLeaf@sp2Model_t@OpenGLDrv@@UAEPAUnode_t@2@PAUrefEntity_t@2@@Z 0043a6d6 f   gl_frontend.obj
 0001:000397b7       ?AddEntity@OpenGLDrv@@YAXPAUentity_t@@@Z 0043a7b7 f   gl_frontend.obj
 0001:00039986       ?AddDlight@OpenGLDrv@@YAXPAUdlight_t@@@Z 0043a986 f   gl_frontend.obj
 0001:00039b3e       ?DrawPortal@OpenGLDrv@@YAXXZ 0043ab3e f   gl_frontend.obj
 0001:00039ced       ?VectorNegate@@YAXQAM@Z    0043aced f i gl_frontend.obj
 0001:0003bab2       ?GL_TextureMode@OpenGLDrv@@YAXPBD@Z 0043cab2 f   gl_image.obj
 0001:0003bb5a       ?CreateImage@OpenGLDrv@@YAPAVimage_t@1@PBDPAXHHI@Z 0043cb5a f   gl_image.obj
 0001:0003c8cb       ?LoadDelayedImages@OpenGLDrv@@YAXXZ 0043d8cb f   gl_image.obj
 0001:0003c95e       ?DrawStretchRaw8@OpenGLDrv@@YAXHHHHHHPAEPAI@Z 0043d95e f   gl_image.obj
 0001:0003cd1f       ?SetupGamma@OpenGLDrv@@YAXXZ 0043dd1f f   gl_image.obj
 0001:0003ce65       ?PerformScreenshot@OpenGLDrv@@YAXXZ 0043de65 f   gl_image.obj
 0001:0003d0f2       ?InitImages@OpenGLDrv@@YAXXZ 0043e0f2 f   gl_image.obj
 0001:0003d8c3       ?ShutdownImages@OpenGLDrv@@YAXXZ 0043e8c3 f   gl_image.obj
 0001:0003d92a       ?ShowImages@OpenGLDrv@@YAXXZ 0043e92a f   gl_image.obj
 0001:0003dbb2       ?FindImage@OpenGLDrv@@YAPAVimage_t@1@PBDI@Z 0043ebb2 f   gl_image.obj
 0001:0003de52       ?GL_Lock@OpenGLDrv@@YAXXZ  0043ee52 f   gl_interface.obj
 0001:0003deca       ?GL_Unlock@OpenGLDrv@@YAXXZ 0043eeca f   gl_interface.obj
 0001:0003e08c       ?GL_Bind@OpenGLDrv@@YAXPAVimage_t@1@@Z 0043f08c f   gl_interface.obj
 0001:0003e1b6       ?GL_BindForce@OpenGLDrv@@YAXPAVimage_t@1@@Z 0043f1b6 f   gl_interface.obj
 0001:0003e234       ?GL_TexEnv@OpenGLDrv@@YAXI@Z 0043f234 f   gl_interface.obj
 0001:0003e3b3       ?GL_TexMipBias@OpenGLDrv@@YAXM@Z 0043f3b3 f   gl_interface.obj
 0001:0003e40e       ?GL_TexEnvColor@OpenGLDrv@@YAXPATcolor_t@@@Z 0043f40e f   gl_interface.obj
 0001:0003e4be       ?GL_SelectTexture@OpenGLDrv@@YAXH@Z 0043f4be f   gl_interface.obj
 0001:0003e51f       ?GL_TexCoordPointer@OpenGLDrv@@YAXPAX@Z 0043f51f f   gl_interface.obj
 0001:0003e54f       ?GL_SetMultitexture@OpenGLDrv@@YAXH@Z 0043f54f f   gl_interface.obj
 0001:0003e635       ?GL_DisableTexCoordArrays@OpenGLDrv@@YAXXZ 0043f635 f   gl_interface.obj
 0001:0003e689       ?GL_CullFace@OpenGLDrv@@YAXW4gl_cullMode_t@1@@Z 0043f689 f   gl_interface.obj
 0001:0003e6da       ?GL_DepthRange@OpenGLDrv@@YAXW4gl_depthMode_t@1@@Z 0043f6da f   gl_interface.obj
 0001:0003e70d       ?GL_State@OpenGLDrv@@YAXI@Z 0043f70d f   gl_interface.obj
 0001:0003e862       ?GL_EnableFog@OpenGLDrv@@YAX_N@Z 0043f862 f   gl_interface.obj
 0001:0003e95a       ?GL_SetDefaultState@OpenGLDrv@@YAXXZ 0043f95a f   gl_interface.obj
 0001:0003eaa8       ?GL_Set2DMode@OpenGLDrv@@YAXXZ 0043faa8 f   gl_interface.obj
 0001:0003eba3       ?GL_Set3DMode@OpenGLDrv@@YAXPAUviewPortal_t@1@@Z 0043fba3 f   gl_interface.obj
 0001:0003ec8b       ?ShowLights@OpenGLDrv@@YAXXZ 0043fc8b f   gl_light.obj
 0001:0003f074       ?LightForEntity@OpenGLDrv@@YAXPAUrefEntity_t@1@@Z 00440074 f   gl_light.obj
 0001:000402e7       ?DiffuseLight@OpenGLDrv@@YAXPATcolor_t@@M@Z 004412e7 f   gl_light.obj
 0001:00040457       ?InitLightGrid@OpenGLDrv@@YAXXZ 00441457 f   gl_light.obj
 0001:000404fd       ?PostLoadLights@OpenGLDrv@@YAXXZ 004414fd f   gl_light.obj
 0001:0004078d       ?LM_Init@OpenGLDrv@@YAXXZ  0044178d f   gl_lightmap.obj
 0001:000407a3       ?LM_Flush@OpenGLDrv@@YAXPAUlightmapBlock_t@1@@Z 004417a3 f   gl_lightmap.obj
 0001:00040800       ?LM_Done@OpenGLDrv@@YAXXZ  00441800 f   gl_lightmap.obj
 0001:00040827       ?LM_Save@OpenGLDrv@@YAXPAUlightmapBlock_t@1@@Z 00441827 f   gl_lightmap.obj
 0001:0004083f       ?LM_Restore@OpenGLDrv@@YAXPAUlightmapBlock_t@1@@Z 0044183f f   gl_lightmap.obj
 0001:00040857       ?LM_NewBlock@OpenGLDrv@@YAPAUlightmapBlock_t@1@XZ 00441857 f   gl_lightmap.obj
 0001:000408c7       ?LM_Rewind@OpenGLDrv@@YAXXZ 004418c7 f   gl_lightmap.obj
 0001:000408cf       ?LM_NextBlock@OpenGLDrv@@YAPAUlightmapBlock_t@1@XZ 004418cf f   gl_lightmap.obj
 0001:000408fc       ?LM_CheckMinlight@OpenGLDrv@@YAXPAUdynamicLightmap_t@1@@Z 004418fc f   gl_lightmap.obj
 0001:00040992       ?LM_AllocBlock@OpenGLDrv@@YA_NPAUlightmapBlock_t@1@PAUdynamicLightmap_t@1@@Z 00441992 f   gl_lightmap.obj
 0001:00040a49       ?LM_PutBlock@OpenGLDrv@@YAXPAUdynamicLightmap_t@1@@Z 00441a49 f   gl_lightmap.obj
 0001:00040e76       ?LM_SortLightStyles@OpenGLDrv@@YAXPAUdynamicLightmap_t@1@@Z 00441e76 f   gl_lightmap.obj
 0001:00040f07       ?UpdateDynamicLightmap@OpenGLDrv@@YAXPAVsurfacePlanar_t@1@_NI@Z 00441f07 f   gl_lightmap.obj
 0001:00041409       ?LM_IsMonotone@OpenGLDrv@@YA_NPAUdynamicLightmap_t@1@PATcolor_t@@@Z 00442409 f   gl_lightmap.obj
 0001:00041510       ?Init@OpenGLDrv@@YA_NXZ    00442510 f   gl_main.obj
 0001:00041b76       ?Shutdown@OpenGLDrv@@YAX_N@Z 00442b76 f   gl_main.obj
 0001:00041bff       ?GL_EnableRendering@OpenGLDrv@@YAX_N@Z 00442bff f   gl_main.obj
 0001:00041c1a       ?BeginFrame@OpenGLDrv@@YAXXZ 00442c1a f   gl_main.obj
 0001:00041d34       ?EndFrame@OpenGLDrv@@YAXXZ 00442d34 f   gl_main.obj
 0001:00041d4c       ?RenderFrame@OpenGLDrv@@YAXPAUrefdef_t@@@Z 00442d4c f   gl_main.obj
 0001:00042571       ?Fill8@OpenGLDrv@@YAXHHHHH@Z 00443571 f   gl_main.obj
 0001:000425b4       ?Fill@OpenGLDrv@@YAXHHHHI@Z 004435b4 f   gl_main.obj
 0001:000425f0       ?TileClear@OpenGLDrv@@YAXHHHHPBD@Z 004435f0 f   gl_main.obj
 0001:000426a7       ?DrawStretchPic@OpenGLDrv@@YAXHHHHPBD@Z 004436a7 f   gl_main.obj
 0001:00042724       ?DrawDetailedPic@OpenGLDrv@@YAXHHHHPBD@Z 00443724 f   gl_main.obj
 0001:000427cb       ?DrawPic@OpenGLDrv@@YAXHHPBDHH@Z 004437cb f   gl_main.obj
 0001:00042850       ?BeginRegistration@OpenGLDrv@@YAXPBD@Z 00443850 f   gl_main.obj
 0001:00042874       _jpeg_mem_term             00443874 f   gl_main.obj
 0001:00042874       __setargv                  00443874 f   gl_main.obj
 0001:00042874       ?EndRegistration@OpenGLDrv@@YAXXZ 00443874 f   gl_main.obj
 0001:00042875       ?RegisterPic@OpenGLDrv@@YAPAVCBasicImage@@PBD@Z 00443875 f   gl_main.obj
 0001:00042883       ?RegisterSkin@OpenGLDrv@@YAPAVCBasicImage@@PBD@Z 00443883 f   gl_main.obj
 0001:0004288e       ?RegisterModel@OpenGLDrv@@YAPAVCRenderModel@@PBD@Z 0044388e f   gl_main.obj
 0001:000428a2       ?SetSky@OpenGLDrv@@YAXPBDMQAM@Z 004438a2 f   gl_main.obj
 0001:00042948       ?Screenshot@OpenGLDrv@@YAXHPBD@Z 00443948 f   gl_main.obj
 0001:0004296b       ?GetClientLight@OpenGLDrv@@YAMXZ 0044396b f   gl_main.obj
 0001:00042972       ?GetCaps@OpenGLDrv@@YAIXZ  00443972 f   gl_main.obj
 0001:00042978       ?InitFuncTables@OpenGLDrv@@YAXXZ 00443978 f   gl_math.obj
 0001:00042b29       ?BuildRotationAxis@OpenGLDrv@@YAXAAUCAxis@@QBMM@Z 00443b29 f   gl_math.obj
 0001:00042c1d       ?GetBoxRect@OpenGLDrv@@YA_NPBUrefEntity_t@1@QBMQAM2_N@Z 00443c1d f   gl_math.obj
 0001:00042f27       ?ProjectToScreen@OpenGLDrv@@YA_NQBMQAH@Z 00443f27 f   gl_math.obj
 0001:0004306a       ?SaturateColor3f@OpenGLDrv@@YAXQAM@Z 0044406a f   gl_math.obj
 0001:0004315a       ?SaturateColor4b@OpenGLDrv@@YAXPATcolor_t@@@Z 0044415a f   gl_math.obj
 0001:00043268       ?FindModel@OpenGLDrv@@YAPAVmodel_t@1@PBD@Z 00444268 f   gl_model.obj
 0001:000433b6       ?LoadWorldMap@OpenGLDrv@@YAXPBD@Z 004443b6 f   gl_model.obj
 0001:00044ead       ?PointInLeaf@OpenGLDrv@@YAPAUnode_t@1@QBM@Z 00445ead f   gl_model.obj
 0001:00045a3d       ?ATAN2_FUNC@OpenGLDrv@@YAMMM@Z 00446a3d f i gl_model.obj
 0001:00046082       ?FindSkin@OpenGLDrv@@YAPAVshader_t@1@PBD@Z 00447082 f   gl_model.obj
 0001:0004625a       ?InitModels@OpenGLDrv@@YAXXZ 0044725a f   gl_model.obj
 0001:00046350       ?ShutdownModels@OpenGLDrv@@YAXXZ 00447350 f   gl_model.obj
 0001:00046361       ?CALL_CONSTRUCTOR@@YAXPAVinlineModel_t@OpenGLDrv@@@Z 00447361 f i gl_model.obj
 0001:00046377       ?CALL_CONSTRUCTOR@@YAXPAVmd3Model_t@OpenGLDrv@@@Z 00447377 f i gl_model.obj
 0001:0004638d       ?CALL_CONSTRUCTOR@@YAXPAVsp2Model_t@OpenGLDrv@@@Z 0044738d f i gl_model.obj
 0001:000463a3       ?SubdividePlane@OpenGLDrv@@YAHPAPAY02MHM@Z 004473a3 f   gl_poly.obj
 0001:000467f2       ?FreeSubdividedPlane@OpenGLDrv@@YAXXZ 004477f2 f   gl_poly.obj
 0001:0004680a       ?GetSubdivideIndexes@OpenGLDrv@@YAXPAH@Z 0044780a f   gl_poly.obj
 0001:0004685d       ?RemoveCollinearPoints@OpenGLDrv@@YAHPAPAY02MH@Z 0044785d f   gl_poly.obj
 0001:00046958       ?GetPolyArea@OpenGLDrv@@YAMPAPAY02MH@Z 00447958 f   gl_poly.obj
 0001:000469ec       ?InitShaders@OpenGLDrv@@YAXXZ 004479ec f   gl_shader.obj
 0001:00046b43       ?ShutdownShaders@OpenGLDrv@@YAXXZ 00447b43 f   gl_shader.obj
 0001:00046b7d       ?GetLightmapImage@OpenGLDrv@@YAPAVimage_t@1@H@Z 00447b7d f   gl_shader.obj
 0001:00046ba5       ?SetShaderLightmap@OpenGLDrv@@YAPAVshader_t@1@PAV21@H@Z 00447ba5 f   gl_shader.obj
 0001:00046eca       ??4shader_t@OpenGLDrv@@QAEAAV01@ABV01@@Z 00447eca f i gl_shader.obj
 0001:00047001       ??4CBasicImage@@QAEAAV0@ABV0@@Z 00448001 f i gl_shader.obj
 0001:00047109       ?SetShaderLightstyles@OpenGLDrv@@YAPAVshader_t@1@PAV21@I@Z 00448109 f   gl_shader.obj
 0001:000471a7       ?GetAlphaShader@OpenGLDrv@@YAPAVshader_t@1@PAV21@@Z 004481a7 f   gl_shader.obj
 0001:0004746a       ?FindShader@OpenGLDrv@@YAPAVshader_t@1@PBDI@Z 0044846a f   gl_shader.obj
 0001:00047a83       ?GetShaderByNum@OpenGLDrv@@YAPAVshader_t@1@H@Z 00448a83 f   gl_shader.obj
 0001:00047aa1       ?ResetShaders@OpenGLDrv@@YAXXZ 00448aa1 f   gl_shader.obj
 0001:00047f73       ?Reload@shader_t@OpenGLDrv@@UAEXXZ 00448f73 f   gl_shader.obj
 0001:00047f9e       ?ClearSkyBox@OpenGLDrv@@YAXXZ 00448f9e f   gl_sky.obj
 0001:00047fb5       ?SetSkyRotate@OpenGLDrv@@YAXMQAM@Z 00448fb5 f   gl_sky.obj
 0001:00047fed       ?SkyVisible@OpenGLDrv@@YA_NXZ 00448fed f   gl_sky.obj
 0001:00048006       ?AddSkySurface@OpenGLDrv@@YAXPAVsurfacePlanar_t@1@QAME@Z 00449006 f   gl_sky.obj
 0001:000485a1       ?TesselateSkySide@OpenGLDrv@@YAHHPAUbufVertex_t@1@PAUbufTexCoord_t@1@M@Z 004495a1 f   gl_sky.obj
 0001:00048866       ?DrawChar@OpenGLDrv@@YAXHHHH@Z 00449866 f   gl_text.obj
 0001:00048893       ?DrawConChar@OpenGLDrv@@YAXHHHH@Z 00449893 f   gl_text.obj
 0001:000488c8       ?ClearTexts@OpenGLDrv@@YAXXZ 004498c8 f   gl_text.obj
 0001:000488dd       ?FlushTexts@OpenGLDrv@@YAXXZ 004498dd f   gl_text.obj
 0001:0004896f       ?DrawTextPos@OpenGLDrv@@YAXHHPBDI@Z 0044996f f   gl_text.obj
 0001:00048a56       ?DrawTextLeft@OpenGLDrv@@YAXPBDI@Z 00449a56 f   gl_text.obj
 0001:00048add       ?DrawTextRight@OpenGLDrv@@YAXPBDI@Z 00449add f   gl_text.obj
 0001:00048b27       ?DrawText3D@OpenGLDrv@@YAXQAMPBDI@Z 00449b27 f   gl_text.obj
 0001:00048b54       ?InitTexts@OpenGLDrv@@YAXXZ 00449b54 f   gl_text.obj
 0001:0004a163       ?QGL_Init@OpenGLDrv@@YA_NPBD@Z 0044b163 f   qgl_win.obj
 0001:0004a245       ?QGL_Shutdown@OpenGLDrv@@YAXXZ 0044b245 f   qgl_win.obj
 0001:0004a283       ?QGL_InitExtensions@OpenGLDrv@@YAXXZ 0044b283 f   qgl_win.obj
 0001:0004a76f       ?QGL_PrintExtensionsString@OpenGLDrv@@YAXPBD00@Z 0044b76f f   qgl_win.obj
 0001:0004a8bc       ?QGL_EnableLogging@OpenGLDrv@@YAX_N@Z 0044b8bc f   qgl_win.obj
 0001:0004a976       ?QGL_LogMessage@OpenGLDrv@@YAXPBD@Z 0044b976 f   qgl_win.obj
 0001:0004a98d       ?QGL_SwapBuffers@OpenGLDrv@@YAXXZ 0044b98d f   qgl_win.obj
 0001:0004a9e4       ?GLimp_HasGamma@OpenGLDrv@@YA_NXZ 0044b9e4 f   gl_win.obj
 0001:0004a9f8       ?GLimp_SetGamma@OpenGLDrv@@YAXM@Z 0044b9f8 f   gl_win.obj
 0001:0004aba0       ?GLimp_SetMode@OpenGLDrv@@YA_NPAI0H_N@Z 0044bba0 f   gl_win.obj
 0001:0004af96       ?GLimp_Shutdown@OpenGLDrv@@YAX_N@Z 0044bf96 f   gl_win.obj
 0001:0004b043       ?AppActivate@OpenGLDrv@@YAX_N@Z 0044c043 f   gl_win.obj
 0001:0004b0b3       _jpeg_CreateDecompress     0044c0b3 f   lib:jdapimin.obj
 0001:0004b173       _jpeg_read_header          0044c173 f   lib:jdapimin.obj
 0001:0004b1d5       _jpeg_consume_input        0044c1d5 f   lib:jdapimin.obj
 0001:0004b424       _jpeg_finish_decompress    0044c424 f   lib:jdapimin.obj
 0001:0004b4bb       _jpeg_start_decompress     0044c4bb f   lib:jdapistd.obj
 0001:0004b628       _jpeg_read_scanlines       0044c628 f   lib:jdapistd.obj
 0001:0004b6ac       _jpeg_resync_to_restart    0044c6ac f   lib:jdmarker.obj
 0001:0004b871       _jinit_marker_reader       0044c871 f   lib:jdmarker.obj
 0001:0004cd3c       _jpeg_CreateCompress       0044dd3c f   lib:jcapimin.obj
 0001:0004cdf0       _jpeg_destroy_decompress   0044ddf0 f   lib:jcapimin.obj
 0001:0004cdf0       _jpeg_destroy_compress     0044ddf0 f   lib:jcapimin.obj
 0001:0004cdfb       _jpeg_suppress_tables      0044ddfb f   lib:jcapimin.obj
 0001:0004ce45       _jpeg_finish_compress      0044de45 f   lib:jcapimin.obj
 0001:0004cf2f       _jpeg_start_compress       0044df2f f   lib:jcapistd.obj
 0001:0004cf9b       _jpeg_write_scanlines      0044df9b f   lib:jcapistd.obj
 0001:0004d046       _jpeg_add_quant_table      0044e046 f   lib:jcparam.obj
 0001:0004d0f8       _jpeg_quality_scaling      0044e0f8 f   lib:jcparam.obj
 0001:0004d11f       _jpeg_set_quality          0044e11f f   lib:jcparam.obj
 0001:0004d159       _jpeg_set_defaults         0044e159 f   lib:jcparam.obj
 0001:0004d31f       _jpeg_default_colorspace   0044e31f f   lib:jcparam.obj
 0001:0004d36f       _jpeg_set_colorspace       0044e36f f   lib:jcparam.obj
 0001:0004d68a       _jpeg_stdio_dest           0044e68a f   lib:jdatadst.obj
 0001:0004d8aa       _crc32                     0044e8aa f   lib:crc32.obj
 0001:0004db44       _inflateReset              0044eb44 f   lib:inflate.obj
 0001:0004db92       _inflateInit2_             0044eb92 f   lib:inflate.obj
 0001:0004dc4b       _inflate                   0044ec4b f   lib:inflate.obj
 0001:0004ef20       _inflateEnd                0044ff20 f   lib:inflate.obj
 0001:0004ef5e       _jinit_input_controller    0044ff5e f   lib:jdinput.obj
 0001:0004f441       _jinit_memory_mgr          00450441 f   lib:jmemmgr.obj
 0001:0004ff7d       _jpeg_abort                00450f7d f   lib:jcomapi.obj
 0001:0004ffb0       _jpeg_destroy              00450fb0 f   lib:jcomapi.obj
 0001:0004ffcb       _jpeg_alloc_quant_table    00450fcb f   lib:jcomapi.obj
 0001:0004ffe7       _jpeg_alloc_huff_table     00450fe7 f   lib:jcomapi.obj
 0001:00050003       _jpeg_calc_output_dimensions 00451003 f   lib:jdmaster.obj
 0001:00050103       _jinit_master_decompress   00451103 f   lib:jdmaster.obj
 0001:00050459       _jdiv_round_up             00451459 f   lib:jutils.obj
 0001:00050469       _jround_up                 00451469 f   lib:jutils.obj
 0001:00050481       _jcopy_sample_rows         00451481 f   lib:jutils.obj
 0001:000504bf       _jcopy_block_row           004514bf f   lib:jutils.obj
 0001:000504d8       _jzero_far                 004514d8 f   lib:jutils.obj
 0001:000504eb       _jinit_marker_writer       004514eb f   lib:jcmarker.obj
 0001:00050dc7       _jinit_compress_master     00451dc7 f   lib:jcinit.obj
 0001:00050e20       _inflate_fast              00451e20 f   lib:inffast.obj
 0001:000511d5       _inflate_table             004521d5 f   lib:inftrees.obj
 0001:00051589       _adler32                   00452589 f   lib:adler32.obj
 0001:000516a2       _jinit_c_codec             004526a2 f   lib:jcodec.obj
 0001:000516be       _jinit_d_codec             004526be f   lib:jcodec.obj
 0001:000516da       _jpeg_get_small            004526da f   lib:jmemnobs.obj
 0001:000516da       _jpeg_get_large            004526da f   lib:jmemnobs.obj
 0001:000516e6       _jpeg_free_large           004526e6 f   lib:jmemnobs.obj
 0001:000516e6       _jpeg_free_small           004526e6 f   lib:jmemnobs.obj
 0001:000516f2       _jpeg_mem_available        004526f2 f   lib:jmemnobs.obj
 0001:000516f7       _jpeg_open_backing_store   004526f7 f   lib:jmemnobs.obj
 0001:0005170b       _jpeg_mem_init             0045270b f   lib:jmemnobs.obj
 0001:0005170b       __matherr                  0045270b f   lib:jmemnobs.obj
 0001:0005170e       _jinit_d_main_controller   0045270e f   lib:jdmainct.obj
 0001:00051d59       _jinit_d_post_controller   00452d59 f   lib:jdpostct.obj
 0001:00052004       _jinit_upsampler           00453004 f   lib:jdsample.obj
 0001:00052642       _jinit_color_deconverter   00453642 f   lib:jdcolor.obj
 0001:00052b59       _jinit_merged_upsampler    00453b59 f   lib:jdmerge.obj
 0001:000530a9       _jinit_2pass_quantizer     004540a9 f   lib:jquant2.obj
 0001:0005416c       _jinit_1pass_quantizer     0045516c f   lib:jquant1.obj
 0001:00054b92       _jinit_c_main_controller   00455b92 f   lib:jcmainct.obj
 0001:00054cff       _jinit_c_prep_controller   00455cff f   lib:jcprepct.obj
 0001:0005524a       _jinit_downsampler         0045624a f   lib:jcsample.obj
 0001:00055aca       _jinit_color_converter     00456aca f   lib:jccolor.obj
 0001:000560b4       _jinit_c_master_control    004570b4 f   lib:jcmaster.obj
 0001:00056ba3       _jinit_lossy_c_codec       00457ba3 f   lib:jclossy.obj
 0001:00056c3e       _jinit_lossless_c_codec    00457c3e f   lib:jclossls.obj
 0001:00056cd6       _jinit_lossy_d_codec       00457cd6 f   lib:jdlossy.obj
 0001:00056fa9       _jinit_lossless_d_codec    00457fa9 f   lib:jdlossls.obj
 0001:00057059       _jinit_c_coef_controller   00458059 f   lib:jccoefct.obj
 0001:000576f8       _jinit_shuff_encoder       004586f8 f   lib:jcshuff.obj
 0001:00057f63       _jinit_phuff_encoder       00458f63 f   lib:jcphuff.obj
 0001:00058a08       _jinit_forward_dct         00459a08 f   lib:jcdctmgr.obj
 0001:00058cd7       _jinit_c_diff_controller   00459cd7 f   lib:jcdiffct.obj
 0001:0005923d       _jinit_lhuff_encoder       0045a23d f   lib:jclhuff.obj
 0001:00059967       _jinit_differencer         0045a967 f   lib:jcpred.obj
 0001:00059e81       _jinit_c_scaler            0045ae81 f   lib:jcscale.obj
 0001:00059ef7       _jinit_d_coef_controller   0045aef7 f   lib:jdcoefct.obj
 0001:0005abd3       _jinit_shuff_decoder       0045bbd3 f   lib:jdshuff.obj
 0001:0005b168       _jinit_phuff_decoder       0045c168 f   lib:jdphuff.obj
 0001:0005bd05       _jinit_inverse_dct         0045cd05 f   lib:jddctmgr.obj
 0001:0005bee9       _jinit_d_diff_controller   0045cee9 f   lib:jddiffct.obj
 0001:0005c417       _jinit_d_scaler            0045d417 f   lib:jdscale.obj
 0001:0005c516       _jinit_undifferencer       0045d516 f   lib:jdpred.obj
 0001:0005c8d0       _jinit_lhuff_decoder       0045d8d0 f   lib:jdlhuff.obj
 0001:0005ccc5       _jpeg_make_c_derived_tbl   0045dcc5 f   lib:jchuff.obj
 0001:0005cec7       _jpeg_gen_optimal_table    0045dec7 f   lib:jchuff.obj
 0001:0005d086       _jpeg_fdct_float           0045e086 f   lib:jfdctflt.obj
 0001:0005d28b       _jpeg_make_d_derived_tbl   0045e28b f   lib:jdhuff.obj
 0001:0005d528       _jpeg_fill_bit_buffer      0045e528 f   lib:jdhuff.obj
 0001:0005d637       _jpeg_huff_decode          0045e637 f   lib:jdhuff.obj
 0001:0005d717       _jpeg_idct_4x4             0045e717 f   lib:jidctred.obj
 0001:0005da05       _jpeg_idct_2x2             0045ea05 f   lib:jidctred.obj
 0001:0005dbc7       _jpeg_idct_1x1             0045ebc7 f   lib:jidctred.obj
 0001:0005dc03       _jpeg_idct_float           0045ec03 f   lib:jidctflt.obj
 0001:0005dfe0       __except_handler3          0045efe0 f   MSVCRT:MSVCRT.dll
 0001:0005dff0       __alloca_probe             0045eff0 f   MSVCRT:chkstk.obj
 0001:0005dff0       __chkstk                   0045eff0 f   MSVCRT:chkstk.obj
 0001:0005e01f       ??_Etype_info@@UAEPAXI@Z   0045f01f f i MSVCRT:ti_inst.obj
 0001:0005e01f       ??_Gtype_info@@UAEPAXI@Z   0045f01f f i MSVCRT:ti_inst.obj
 0001:0005e03c       __CxxThrowException@8      0045f03c f   MSVCRT:MSVCRT.dll
 0001:0005e042       _strcpy                    0045f042 f   MSVCRT:MSVCRT.dll
 0001:0005e048       _strlen                    0045f048 f   MSVCRT:MSVCRT.dll
 0001:0005e04e       _strcmp                    0045f04e f   MSVCRT:MSVCRT.dll
 0001:0005e054       _sin                       0045f054 f   MSVCRT:MSVCRT.dll
 0001:0005e05a       _tan                       0045f05a f   MSVCRT:MSVCRT.dll
 0001:0005e060       _cos                       0045f060 f   MSVCRT:MSVCRT.dll
 0001:0005e066       _strcat                    0045f066 f   MSVCRT:MSVCRT.dll
 0001:0005e06c       _fmod                      0045f06c f   MSVCRT:MSVCRT.dll
 0001:0005e072       _atan2                     0045f072 f   MSVCRT:MSVCRT.dll
 0001:0005e078       _acos                      0045f078 f   MSVCRT:MSVCRT.dll
 0001:0005e07e       _sqrt                      0045f07e f   MSVCRT:MSVCRT.dll
 0001:0005e084       _atan                      0045f084 f   MSVCRT:MSVCRT.dll
 0001:0005e08a       _memcpy                    0045f08a f   MSVCRT:MSVCRT.dll
 0001:0005e090       _memset                    0045f090 f   MSVCRT:MSVCRT.dll
 0001:0005e096       _pow                       0045f096 f   MSVCRT:MSVCRT.dll
 0001:0005e09c       _asin                      0045f09c f   MSVCRT:MSVCRT.dll
 0001:0005e0a2       __purecall                 0045f0a2 f   MSVCRT:MSVCRT.dll
 0001:0005e0a8       _WinMainCRTStartup         0045f0a8 f   MSVCRT:crtexew.obj
 0001:0005e206       __ftol                     0045f206 f   MSVCRT:MSVCRT.dll
 0001:0005e20c       ??1type_info@@UAE@XZ       0045f20c f   MSVCRT:MSVCRT.dll
 0001:0005e212       __XcptFilter               0045f212 f   MSVCRT:MSVCRT.dll
 0001:0005e218       __initterm                 0045f218 f   MSVCRT:MSVCRT.dll
 0001:0005e21e       __setdefaultprecision      0045f21e f   MSVCRT:fp8.obj
 0001:0005e230       __controlfp                0045f230 f   MSVCRT:MSVCRT.dll
 0002:00000000       __imp__SwapBuffers@4       00460000     gdi32:GDI32.dll
 0002:00000004       __imp__SetPixelFormat@12   00460004     gdi32:GDI32.dll
 0002:00000008       __imp__DescribePixelFormat@16 00460008     gdi32:GDI32.dll
 0002:0000000c       __imp__ChoosePixelFormat@8 0046000c     gdi32:GDI32.dll
[...]
 0001:0005c087       _start_iMCU_row            0045d087 f   lib:jddiffct.obj
 0001:0005c0cc       _start_output_pass         0045d0cc f   lib:jddiffct.obj
 0001:0005c0d8       _decompress_data           0045d0d8 f   lib:jddiffct.obj
 0001:0005c248       _process_restart           0045d248 f   lib:jddiffct.obj
 0001:0005a268       _dummy_consume_data        0045b268 f   lib:jdcoefct.obj
 0001:0005c27d       _consume_data              0045d27d f   lib:jddiffct.obj
 0001:0005c2f4       _output_data               0045d2f4 f   lib:jddiffct.obj
 0001:0005bd7b       _start_pass                0045cd7b f   lib:jddctmgr.obj
 0001:0005b1cd       _start_pass_phuff_decoder  0045c1cd f   lib:jdphuff.obj
 0001:0005b416       _decode_mcu_DC_first       0045c416 f   lib:jdphuff.obj
 0001:0005b60e       _process_restart           0045c60e f   lib:jdphuff.obj
 0001:0005b67d       _decode_mcu_AC_first       0045c67d f   lib:jdphuff.obj
 0001:0005b89d       _decode_mcu_DC_refine      0045c89d f   lib:jdphuff.obj
 0001:0005b972       _decode_mcu_AC_refine      0045c972 f   lib:jdphuff.obj
 0001:0005ac14       _start_pass_huff_decoder   0045bc14 f   lib:jdshuff.obj
 0001:0005ad4c       _decode_mcu                0045bd4c f   lib:jdshuff.obj
 0001:0005b0fc       _process_restart           0045c0fc f   lib:jdshuff.obj
 0001:00059ffa       _start_input_pass          0045affa f   lib:jdcoefct.obj
 0001:0005a00d       _start_iMCU_row            0045b00d f   lib:jdcoefct.obj
 0001:0005a052       _start_output_pass         0045b052 f   lib:jdcoefct.obj
 0001:0005a08f       _decompress_onepass        0045b08f f   lib:jdcoefct.obj
 0001:0005a268       _dummy_consume_data        0045b268 f   lib:jdcoefct.obj
 0001:0005a26b       _consume_data              0045b26b f   lib:jdcoefct.obj
 0001:0005a424       _decompress_data           0045b424 f   lib:jdcoefct.obj
 0001:0005a590       _smoothing_ok              0045b590 f   lib:jdcoefct.obj
 0001:0005a67b       _decompress_smooth_data    0045b67b f   lib:jdcoefct.obj
 0001:00059e93       _scaler_start_pass         0045ae93 f   lib:jcscale.obj
 0001:00059eb6       _simple_downscale          0045aeb6 f   lib:jcscale.obj
 0001:00059ee2       _noscale                   0045aee2 f   lib:jcscale.obj
 0001:0005998b       _start_pass                0045a98b f   lib:jcpred.obj
 0001:000599e3       _reset_predictor           0045a9e3 f   lib:jcpred.obj
 0001:00059a10       _jpeg_difference_first_row 0045aa10 f   lib:jcpred.obj
 0001:00059afa       _jpeg_difference1          0045aafa f   lib:jcpred.obj
 0001:00059b68       _jpeg_difference2          0045ab68 f   lib:jcpred.obj
 0001:00059bd9       _jpeg_difference3          0045abd9 f   lib:jcpred.obj
 0001:00059c51       _jpeg_difference4          0045ac51 f   lib:jcpred.obj
 0001:00059cdc       _jpeg_difference5          0045acdc f   lib:jcpred.obj
 0001:00059d6f       _jpeg_difference6          0045ad6f f   lib:jcpred.obj
 0001:00059dfe       _jpeg_difference7          0045adfe f   lib:jcpred.obj
 0001:0005927d       _start_pass_huff           0045a27d f   lib:jclhuff.obj
 0001:0005941a       _encode_mcus_huff          0045a41a f   lib:jclhuff.obj
 0001:00059605       _emit_bits                 0045a605 f   lib:jclhuff.obj
 0001:000596a8       _dump_buffer               0045a6a8 f   lib:jclhuff.obj
 0001:000596cc       _emit_restart              0045a6cc f   lib:jclhuff.obj
 0001:00059717       _flush_bits                0045a717 f   lib:jclhuff.obj
 0001:0005973b       _finish_pass_huff          0045a73b f   lib:jclhuff.obj
 0001:000597a8       _encode_mcus_gather        0045a7a8 f   lib:jclhuff.obj
 0001:000598d1       _finish_pass_gather        0045a8d1 f   lib:jclhuff.obj
 0001:00057f60       _need_optimization_pass    00458f60 f   lib:jcshuff.obj
 0001:00058e5b       _start_pass_diff           00459e5b f   lib:jcdiffct.obj
 0001:00058ef9       _start_iMCU_row            00459ef9 f   lib:jcdiffct.obj
 0001:00058f3b       _compress_data             00459f3b f   lib:jcdiffct.obj
 0001:000590d1       _compress_first_pass       0045a0d1 f   lib:jcdiffct.obj
 0001:000591c6       _compress_output           0045a1c6 f   lib:jcdiffct.obj
 0001:00058a6e       _start_pass_fdctmgr        00459a6e f   lib:jcdctmgr.obj
 0001:00058b70       _forward_DCT_float         00459b70 f   lib:jcdctmgr.obj
 0001:00057fa3       _start_pass_phuff          00458fa3 f   lib:jcphuff.obj
 0001:00058110       _encode_mcu_DC_first       00459110 f   lib:jcphuff.obj
 0001:00058242       _emit_bits                 00459242 f   lib:jcphuff.obj
 0001:000582ed       _dump_buffer               004592ed f   lib:jcphuff.obj
 0001:00058325       _emit_symbol               00459325 f   lib:jcphuff.obj
 0001:00058365       _emit_restart              00459365 f   lib:jcphuff.obj
 0001:000583ee       _emit_eobrun               004593ee f   lib:jcphuff.obj
 0001:00058474       _encode_mcu_AC_first       00459474 f   lib:jcphuff.obj
 0001:00058608       _encode_mcu_DC_refine      00459608 f   lib:jcphuff.obj
 0001:000586c2       _encode_mcu_AC_refine      004596c2 f   lib:jcphuff.obj
 0001:000588d9       _finish_pass_phuff         004598d9 f   lib:jcphuff.obj
 0001:00058928       _finish_pass_gather_phuff  00459928 f   lib:jcphuff.obj
 0001:000589eb       _need_optimization_pass    004599eb f   lib:jcphuff.obj
 0001:0005773b       _start_pass_huff           0045873b f   lib:jcshuff.obj
 0001:000578b0       _encode_mcu_huff           004588b0 f   lib:jcshuff.obj
 0001:000579bb       _encode_one_block          004589bb f   lib:jcshuff.obj
 0001:00057b32       _emit_bits                 00458b32 f   lib:jcshuff.obj
 0001:00057bd5       _dump_buffer               00458bd5 f   lib:jcshuff.obj
 0001:00057bf9       _emit_restart              00458bf9 f   lib:jcshuff.obj
 0001:00057c66       _flush_bits                00458c66 f   lib:jcshuff.obj
 0001:00057c8a       _finish_pass_huff          00458c8a f   lib:jcshuff.obj
 0001:00057cf9       _encode_mcu_gather         00458cf9 f   lib:jcshuff.obj
 0001:00057daf       _htest_one_block           00458daf f   lib:jcshuff.obj
 0001:00057e76       _finish_pass_gather        00458e76 f   lib:jcshuff.obj
 0001:00057f60       _need_optimization_pass    00458f60 f   lib:jcshuff.obj
 0001:0005710e       _start_pass_coef           0045810e f   lib:jccoefct.obj
 0001:00058ef9       _start_iMCU_row            00459ef9 f   lib:jcdiffct.obj
 0001:000571a3       _compress_data             004581a3 f   lib:jccoefct.obj
 0001:0005738a       _compress_first_pass       0045838a f   lib:jccoefct.obj
 0001:00057570       _compress_output           00458570 f   lib:jccoefct.obj
 0001:00057026       _calc_output_dimensions    00458026 f   lib:jdlossls.obj
 0001:00057037       _start_input_pass          00458037 f   lib:jdlossls.obj
 0001:00056d65       _calc_output_dimensions    00457d65 f   lib:jdlossy.obj
 0001:00056ed8       _start_input_pass          00457ed8 f   lib:jdlossy.obj
 0001:00056ef8       _latch_quant_tables        00457ef8 f   lib:jdlossy.obj
 0001:00056f90       _start_output_pass         00457f90 f   lib:jdlossy.obj
 0001:00056cb4       _start_pass                00457cb4 f   lib:jclossls.obj
 0001:00056c20       _start_pass                00457c20 f   lib:jclossy.obj
 0001:00056175       _initial_setup             00457175 f   lib:jcmaster.obj
 0001:00056328       _validate_script           00457328 f   lib:jcmaster.obj
 0001:00056700       _prepare_for_pass          00457700 f   lib:jcmaster.obj
 0001:00056878       _select_scan_parameters    00457878 f   lib:jcmaster.obj
 0001:00056979       _per_scan_setup            00457979 f   lib:jcmaster.obj
 0001:00056b24       _pass_startup              00457b24 f   lib:jcmaster.obj
 0001:00056b4b       _finish_pass_master        00457b4b f   lib:jcmaster.obj
 0001:00055c61       _rgb_ycc_start             00456c61 f   lib:jccolor.obj
 0001:00055d25       _rgb_ycc_convert           00456d25 f   lib:jccolor.obj
 0001:00055e24       _rgb_gray_convert          00456e24 f   lib:jccolor.obj
 0001:00055ea9       _cmyk_ycck_convert         00456ea9 f   lib:jccolor.obj
 0001:00055fe1       _grayscale_convert         00456fe1 f   lib:jccolor.obj
 0001:0005603b       _null_convert              0045703b f   lib:jccolor.obj
 0001:00052b58       _null_method               00453b58 f   lib:jdcolor.obj
 0001:00052b58       _start_pass_downsample     00453b58 f   lib:jdcolor.obj
 0001:000553ad       _sep_downsample            004563ad f   lib:jcsample.obj
 0001:00055422       _int_downsample            00456422 f   lib:jcsample.obj
 0001:0005551a       _expand_right_edge         0045651a f   lib:jcsample.obj
 0001:0005556f       _fullsize_downsample       0045656f f   lib:jcsample.obj
 0001:000555b3       _h2v1_downsample           004565b3 f   lib:jcsample.obj
 0001:00055647       _h2v2_downsample           00456647 f   lib:jcsample.obj
 0001:000556f4       _h2v2_smooth_downsample    004566f4 f   lib:jcsample.obj
 0001:0005596c       _fullsize_smooth_downsample 0045696c f   lib:jcsample.obj
 0001:00054da9       _start_pass_prep           00455da9 f   lib:jcprepct.obj
 0001:00054de7       _pre_process_data          00455de7 f   lib:jcprepct.obj
 0001:00054f95       _pre_process_context       00455f95 f   lib:jcprepct.obj
 0001:0005514e       _create_context_buffer     0045614e f   lib:jcprepct.obj
 0001:00054c21       _start_pass_main           00455c21 f   lib:jcmainct.obj
 0001:00054c63       _process_data_simple_main  00455c63 f   lib:jcmainct.obj
 0001:000541f7       _create_colormap           004551f7 f   lib:jquant1.obj
 0001:00054329       _select_ncolors            00455329 f   lib:jquant1.obj
 0001:00054400       _create_colorindex         00455400 f   lib:jquant1.obj
 0001:0005452c       _alloc_fs_workspace        0045552c f   lib:jquant1.obj
 0001:00054568       _start_pass_1_quant        00455568 f   lib:jquant1.obj
 0001:00054634       _create_odither_tables     00455634 f   lib:jquant1.obj
 0001:00054693       _make_odither_array        00455693 f   lib:jquant1.obj
 0001:000546f6       _color_quantize            004556f6 f   lib:jquant1.obj
 0001:00054781       _color_quantize3           00455781 f   lib:jquant1.obj
 0001:0005480f       _quantize_ord_dither       0045580f f   lib:jquant1.obj
 0001:000548fa       _quantize3_ord_dither      004558fa f   lib:jquant1.obj
 0001:000549fa       _quantize_fs_dither        004559fa f   lib:jquant1.obj
 0001:00052b58       _finish_pass_1_quant       00453b58 f   lib:jdcolor.obj
 0001:00054b7e       _new_color_map_1_quant     00455b7e f   lib:jquant1.obj
 0001:000531b8       _init_error_limit          004541b8 f   lib:jquant2.obj
 0001:00053257       _start_pass_2_quant        00454257 f   lib:jquant2.obj
 0001:00053359       _prescan_quantize          00454359 f   lib:jquant2.obj
 0001:000533c8       _pass2_no_dither           004543c8 f   lib:jquant2.obj
 0001:00053475       _fill_inverse_cmap         00454475 f   lib:jquant2.obj
 0001:00053540       _find_nearby_colors        00454540 f   lib:jquant2.obj
 0001:000536e4       _find_best_colors          004546e4 f   lib:jquant2.obj
 0001:000537fe       _pass2_fs_dither           004547fe f   lib:jquant2.obj
 0001:00053a6d       _finish_pass1              00454a6d f   lib:jquant2.obj
 0001:00053a8f       _select_colors             00454a8f f   lib:jquant2.obj
 0001:00053b1b       _update_box                00454b1b f   lib:jquant2.obj
 0001:00053eb5       _median_cut                00454eb5 f   lib:jquant2.obj
 0001:00053fc9       _find_biggest_color_pop    00454fc9 f   lib:jquant2.obj
 0001:00053ff8       _find_biggest_volume       00454ff8 f   lib:jquant2.obj
 0001:00054021       _compute_color             00455021 f   lib:jquant2.obj
 0001:00052b58       _finish_pass2              00453b58 f   lib:jdcolor.obj
 0001:0005415d       _new_color_map_2_quant     0045515d f   lib:jquant2.obj
 0001:00052bcf       _build_ycc_rgb_table       00453bcf f   lib:jdmerge.obj
 0001:00052c7f       _start_pass_merged_upsample 00453c7f f   lib:jdmerge.obj
 0001:00052c94       _merged_2v_upsample        00453c94 f   lib:jdmerge.obj
 0001:00052d3b       _merged_1v_upsample        00453d3b f   lib:jdmerge.obj
 0001:00052d6c       _h2v1_merged_upsample      00453d6c f   lib:jdmerge.obj
 0001:00052ec2       _h2v2_merged_upsample      00453ec2 f   lib:jdmerge.obj
 0001:00052772       _build_ycc_rgb_table       00453772 f   lib:jdcolor.obj
 0001:00052822       _ycc_rgb_convert           00453822 f   lib:jdcolor.obj
 0001:00052930       _null_convert              00453930 f   lib:jdcolor.obj
 0001:000529a8       _grayscale_convert         004539a8 f   lib:jdcolor.obj
 0001:000529cb       _gray_rgb_convert          004539cb f   lib:jdcolor.obj
 0001:00052a24       _ycck_cmyk_convert         00453a24 f   lib:jdcolor.obj
 0001:00052b58       _start_pass_dcolor         00453b58 f   lib:jdcolor.obj
 0001:000521d3       _start_pass_upsample       004531d3 f   lib:jdsample.obj
 0001:000521ed       _sep_upsample              004531ed f   lib:jdsample.obj
 0001:000522ba       _fullsize_upsample         004532ba f   lib:jdsample.obj
 0001:000522c5       _noop_upsample             004532c5 f   lib:jdsample.obj
 0001:000522cd       _int_upsample              004532cd f   lib:jdsample.obj
 0001:000523b7       _h2v1_upsample             004533b7 f   lib:jdsample.obj
 0001:0005240e       _h2v2_upsample             0045340e f   lib:jdsample.obj
 0001:00052480       _h2v1_fancy_upsample       00453480 f   lib:jdsample.obj
 0001:00052523       _h2v2_fancy_upsample       00453523 f   lib:jdsample.obj
 0001:00051ddc       _start_pass_dpost          00452ddc f   lib:jdpostct.obj
 0001:00051e82       _post_process_1pass        00452e82 f   lib:jdpostct.obj
 0001:00051ee7       _post_process_prepass      00452ee7 f   lib:jdpostct.obj
 0001:00051f78       _post_process_2pass        00452f78 f   lib:jdpostct.obj
 0001:000517e3       _alloc_funny_pointers      004527e3 f   lib:jdmainct.obj
 0001:00051890       _start_pass_main           00452890 f   lib:jdmainct.obj
 0001:000518f8       _make_funny_pointers       004528f8 f   lib:jdmainct.obj
 0001:00051a38       _process_data_simple_main  00452a38 f   lib:jdmainct.obj
 0001:00051aa0       _process_data_context_main 00452aa0 f   lib:jdmainct.obj
 0001:00051bb2       _set_wraparound_pointers   00452bb2 f   lib:jdmainct.obj
 0001:00051c9c       _set_bottom_pointers       00452c9c f   lib:jdmainct.obj
 0001:00051d36       _process_data_crank_post   00452d36 f   lib:jdmainct.obj
 0001:00050539       _write_marker_header       00451539 f   lib:jcmarker.obj
 0001:0005058f       _emit_byte                 0045158f f   lib:jcmarker.obj
 0001:000505c0       _write_marker_byte         004515c0 f   lib:jcmarker.obj
 0001:000505d0       _write_file_header         004515d0 f   lib:jcmarker.obj
 0001:0005061c       _emit_jfif_app0            0045161c f   lib:jcmarker.obj
 0001:000506ef       _emit_adobe_app14          004516ef f   lib:jcmarker.obj
 0001:00050795       _write_frame_header        00451795 f   lib:jcmarker.obj
 0001:00050874       _emit_dqt                  00451874 f   lib:jcmarker.obj
 0001:00050963       _emit_sof                  00451963 f   lib:jcmarker.obj
 0001:00050a3f       _write_scan_header         00451a3f f   lib:jcmarker.obj
 0001:00050aff       _emit_dht                  00451aff f   lib:jcmarker.obj
 0001:00050bd8       _emit_dri                  00451bd8 f   lib:jcmarker.obj
 0001:00050c27       _emit_sos                  00451c27 f   lib:jcmarker.obj
 0001:00050d15       _write_file_trailer        00451d15 f   lib:jcmarker.obj
 0001:00050d35       _write_tables_only         00451d35 f   lib:jcmarker.obj
 0001:0005008e       _use_merged_upsample       0045108e f   lib:jdmaster.obj
 0001:00050134       _master_selection          00451134 f   lib:jdmaster.obj
 0001:00050291       _prepare_range_limit_table 00451291 f   lib:jdmaster.obj
 0001:00050317       _prepare_for_output_pass   00451317 f   lib:jdmaster.obj
 0001:00050438       _finish_output_pass        00451438 f   lib:jdmaster.obj
 0001:0004f505       _alloc_small               00450505 f   lib:jmemmgr.obj
 0001:0004f623       _alloc_large               00450623 f   lib:jmemmgr.obj
 0001:0004f6d4       _alloc_sarray              004506d4 f   lib:jmemmgr.obj
 0001:0004f76c       _alloc_barray              0045076c f   lib:jmemmgr.obj
 0001:0004f810       _alloc_darray              00450810 f   lib:jmemmgr.obj
 0001:0004f8bb       _request_virt_sarray       004508bb f   lib:jmemmgr.obj
 0001:0004f91c       _request_virt_barray       0045091c f   lib:jmemmgr.obj
 0001:0004f97d       _realize_virt_arrays       0045097d f   lib:jmemmgr.obj
 0001:0004fb00       _access_virt_sarray        00450b00 f   lib:jmemmgr.obj
 0001:0004fc20       _do_sarray_io              00450c20 f   lib:jmemmgr.obj
 0001:0004fcb0       _access_virt_barray        00450cb0 f   lib:jmemmgr.obj
 0001:0004fdd5       _do_barray_io              00450dd5 f   lib:jmemmgr.obj
 0001:0004fe66       _free_pool                 00450e66 f   lib:jmemmgr.obj
 0001:0004ff4d       _self_destruct             00450f4d f   lib:jmemmgr.obj
 0001:0004ef9f       _start_input_pass          0044ff9f f   lib:jdinput.obj
 0001:0004efcd       _per_scan_setup            0044ffcd f   lib:jdinput.obj
 0001:0004f153       _finish_input_pass         00450153 f   lib:jdinput.obj
 0001:0004f164       _consume_markers           00450164 f   lib:jdinput.obj
 0001:0004f200       _initial_setup             00450200 f   lib:jdinput.obj
 0001:0004f40a       _reset_input_controller    0045040a f   lib:jdinput.obj
 0001:0004ed58       _fixedtables               0044fd58 f   lib:inflate.obj
 0001:0004ee42       _updatewindow              0044fe42 f   lib:inflate.obj
 0001:0004d78a       _make_crc_table            0044e78a f   lib:crc32.obj
 0001:0004d8d7       _crc32_little              0044e8d7 f   lib:crc32.obj
 0001:0004d6c6       _init_destination          0044e6c6 f   lib:jdatadst.obj
 0001:0004d6ec       _empty_output_buffer       0044e6ec f   lib:jdatadst.obj
 0001:0004d72e       _term_destination          0044e72e f   lib:jdatadst.obj
 0001:0004d24d       _std_huff_tables           0044e24d f   lib:jcparam.obj
 0001:0004d2a7       _add_huff_table            0044e2a7 f   lib:jcparam.obj
 0001:0004b79a       _next_marker               0044c79a f   lib:jdmarker.obj
 0001:0004b8d4       _get_interesting_appn      0044c8d4 f   lib:jdmarker.obj
 0001:0004b9ff       _examine_app0              0044c9ff f   lib:jdmarker.obj
 0001:0004bc0d       _examine_app14             0044cc0d f   lib:jdmarker.obj
 0001:0004bcce       _skip_variable             0044ccce f   lib:jdmarker.obj
 0001:0004bd71       _read_markers              0044cd71 f   lib:jdmarker.obj
 0001:0004bf79       _get_soi                   0044cf79 f   lib:jdmarker.obj
 0001:0004c024       _get_sof                   0044d024 f   lib:jdmarker.obj
 0001:0004c32d       _get_sos                   0044d32d f   lib:jdmarker.obj
 0001:0004c61b       _get_dht                   0044d61b f   lib:jdmarker.obj
 0001:0004c8bc       _get_dqt                   0044d8bc f   lib:jdmarker.obj
 0001:0004cb18       _get_dri                   0044db18 f   lib:jdmarker.obj
 0001:0004cbf7       _first_marker              0044dbf7 f   lib:jdmarker.obj
 0001:0004cc93       _read_restart_marker       0044dc93 f   lib:jdmarker.obj
 0001:0004cd11       _reset_marker_reader       0044dd11 f   lib:jdmarker.obj
 0001:0004b57e       _output_pass_setup         0044c57e f   lib:jdapistd.obj
 0001:0004b271       _default_decompress_parms  0044c271 f   lib:jdapimin.obj

 128 bytes saved through ICF

