 quake2

 Timestamp is 428cda99 (Thu May 19 22:27:37 2005)

 Preferred load address is 00400000

 Start         Length     Name                   Class
 0001:00000000 0005e6b0H .text                   CODE
 0002:00000000 0000027cH .idata$5                DATA
 0002:00000280 00005aecH .rdata                  DATA
 0002:00005d70 00000044H .rdata$r                DATA
 0002:00005db8 00000038H .xdata$x                DATA
 0002:00005df0 00000078H .idata$2                DATA
 0002:00005e68 00000014H .idata$3                DATA
 0002:00005e7c 0000027cH .idata$4                DATA
 0002:000060f8 00000808H .idata$6                DATA
 0002:00006900 00000000H .edata                  DATA
 0003:00000000 00000004H .CRT$XCA                DATA
 0003:00000004 00000070H .CRT$XCU                DATA
 0003:00000074 00000004H .CRT$XCZ                DATA
 0003:00000078 00000004H .CRT$XIA                DATA
 0003:0000007c 00000004H .CRT$XIZ                DATA
 0003:00000080 0000ca9cH .data                   DATA
 0003:0000cb20 002f5368H .bss                    DATA
 0004:00000000 00000130H .rsrc$01                DATA
 0004:00000130 00003f20H .rsrc$02                DATA

  Address         Publics by Value              Rva+Base     Lib:Object

 0001:00000000       ??3@YAXPAX@Z               00401000 f i CoreMain.obj
 0001:0000000b       ?appInit@@YAXXZ            0040100b f   CoreMain.obj
 0001:0000006e       ?appExit@@YAXXZ            0040106e f   CoreMain.obj
 0001:00000073       ?appLoadDebugSymbols@@YAXXZ 00401073 f   DbgSymbols.obj
 0001:00000276       ?appSymbolName@@YA_NIPADH@Z 00401276 f   DbgSymbols.obj
 0001:00000362       ?appSymbolName@@YAPBDI@Z   00401362 f   DbgSymbols.obj
 0001:00000394       ?appMalloc@@YAPAXIH@Z      00401394 f   Memory.obj
 0001:00000442       ?appFree@@YAXPAX@Z         00401442 f   Memory.obj
 0001:00000470       ?Unlink@FMemHeader@@QAEXXZ 00401470 f i Memory.obj
 0001:0000049b       ?Link@CMemoryChain@@AAEXXZ 0040149b f   Memory.obj
 0001:000004ba       ?Unlink@CMemoryChain@@AAEXXZ 004014ba f   Memory.obj
 0001:000004e5       ??2CMemoryChain@@SAPAXIH@Z 004014e5 f   Memory.obj
 0001:00000557       ??3CMemoryChain@@SAXPAX@Z  00401557 f   Memory.obj
 0001:0000058a       ?Alloc@CMemoryChain@@QAEPAXIH@Z 0040158a f   Memory.obj
 0001:000005f4       ?appInitMemory@@YAXXZ      004015f4 f   Memory.obj
 0001:00000b2d       ?Write@COutputDeviceNull@@UAEXPBD@Z 00401b2d f i OutputDevice.obj
 0001:00000b30       ?appWPrintf@@YAXPBDZZ      00401b30 f   OutputDevice.obj
 0001:00000b81       ?appFatalError@@YAXPBDZZ   00401b81 f   ErrorMgr.obj
 0001:00000bbb       ?appNonFatalError@@YAXPBDZZ 00401bbb f   ErrorMgr.obj
 0001:00000c19       ?appUnwindPrefix@@YAXPBD@Z 00401c19 f   ErrorMgr.obj
 0001:00000c70       ?appUnwindThrow@@YAXPBDZZ  00401c70 f   ErrorMgr.obj
 0001:00000cf7       ?Reset@CErrorHandler@@QAEXXZ 00401cf7 f   ErrorMgr.obj
 0001:00000d21       ?appInitError@@YAXXZ       00401d21 f   ErrorMgr.obj
 0001:00000ddf       ?appStricmp@@YAHPBD0@Z     00401ddf f   Strings.obj
 0001:00000e14       ?toLower@@YADD@Z           00401e14 f i Strings.obj
 0001:00000e2b       ?appStrcpy@@YAXPADPBD@Z    00401e2b f   Strings.obj
 0001:00000e3e       ?appStrncpylwr@@YAXPADPBDH@Z 00401e3e f   Strings.obj
 0001:00000e76       ?appStrncpyz@@YAXPADPBDH@Z 00401e76 f   Strings.obj
 0001:00000ea3       ?appStrcatn@@YAXPADHPBD@Z  00401ea3 f   Strings.obj
 0001:00000ece       ?appCopyFilename@@YAXPADPBDH@Z 00401ece f   Strings.obj
 0001:00000f6a       ?appCStrlen@@YAHPBD@Z      00401f6a f   Strings.obj
 0001:00000f8f       ?appUncolorizeString@@YAXPADPBD@Z 00401f8f f   Strings.obj
 0001:00000fbf       ?va@@YAPBDPBDZZ            00401fbf f   Strings.obj
 0001:0000105b       ?appSprintf@@YAHPADHPBDZZ  0040205b f   Strings.obj
 0001:000010a6       ?appMatchWildcard@@YA_NPBD0_N@Z 004020a6 f   Strings.obj
 0001:00001226       ?CopyString@@YAPADPBD@Z    00402226 f   Strings.obj
 0001:00001266       ?CopyString@@YAPADPBDPAVCMemoryChain@@@Z 00402266 f   Strings.obj
 0001:0000129a       ??2CStringItem@@SAPAXIPBD@Z 0040229a f   Strings.obj
 0001:000012e3       ??2CStringItem@@SAPAXIPBDPAVCMemoryChain@@@Z 004022e3 f   Strings.obj
 0001:00001320       ?Find@CStringList@@IAEPAVCStringItem@@PBDPAPAV2@@Z 00402320 f   Strings.obj
 0001:00001363       ?Find@CStringList@@IAEPAVCStringItem@@H@Z 00402363 f   Strings.obj
 0001:0000137c       ?IndexOf@CStringList@@QAEHPBD@Z 0040237c f   Strings.obj
 0001:000013a9       ?Remove@CStringList@@QAE_NPAVCStringItem@@@Z 004023a9 f   Strings.obj
 0001:000013d5       ?Free@CStringList@@QAEXXZ  004023d5 f   Strings.obj
 0001:000013ee       ?appMillisecondsf@@YANXZ   004023ee f   CoreWin32.obj
 0001:00001427       ?appMilliseconds@@YAIXZ    00402427 f   CoreWin32.obj
 0001:0000145c       ?cpuid@@YAXI@Z             0040245c f   CoreWin32.obj
 0001:0000147f       ?appInitPlatform@@YAXXZ    0040247f f   CoreWin32.obj
 0001:00001712       ?appShutdownPlatform@@YAXXZ 00402712 f   CoreWin32.obj
 0001:0000171b       ?osAddressInfo@@YA_NIPADHPAH@Z 0040271b f   DbgSymbolsWin32.obj
 0001:000017af       ?osModuleInfo@@YA_NIPADHPAH@Z 004027af f   DbgSymbolsWin32.obj
 0001:00001957       ?win32ExceptFilter@@YAHPAU_EXCEPTION_POINTERS@@@Z 00402957 f   ExceptFilterWin32.obj
 0001:00001e8d       ?win32ExceptFilter2@@YAHXZ 00402e8d f   ExceptFilterWin32.obj
 0001:00001e99       ?SCR_StopCinematic@@YAXXZ  00402e99 f   cl_cin.obj
 0001:00001f2d       ?SCR_DrawCinematic@@YA_NXZ 00402f2d f   cl_cin.obj
 0001:0000238e       ?SCR_PlayCinematic@@YAXPAD@Z 0040338e f   cl_cin.obj
 0001:000026fe       ?CL_Download_f@@YAX_NHPAPAD@Z 004036fe f   cl_download.obj
 0001:00002aaf       ?CL_ParseDownload@@YAXXZ   00403aaf f   cl_download.obj
 0001:000032bc       ?CL_Precache_f@@YAXHPAPAD@Z 004042bc f   cl_download.obj
 0001:0000331a       ?CL_ParseDelta@@YAXPAUentityState_t@@0HI_N@Z 0040431a f   cl_ents.obj
 0001:00003533       ?CL_ParsePacketEntities@@YAXPAUframe_t@@0@Z 00404533 f   cl_ents.obj
 0001:0000389e       ?CL_FireEntityEvents@@YAXPAUframe_t@@@Z 0040489e f   cl_ents.obj
 0001:000038f0       ?CL_ParseFrame@@YAXXZ      004048f0 f   cl_ents.obj
 0001:00003be2       ?CL_AddEntityBox@@YAXPAUentityState_t@@I@Z 00404be2 f   cl_ents.obj
 0001:00003cff       ?CL_OffsetThirdPersonView@@YAXXZ 00404cff f   cl_ents.obj
 0001:00003db9       ?CL_CalcViewValues@@YAXXZ  00404db9 f   cl_ents.obj
 0001:000040c2       ?CL_AddEntities@@YAXXZ     004050c2 f   cl_ents.obj
 0001:00004e38       ?CL_GetEntitySoundOrigin@@YAXHQAM@Z 00405e38 f   cl_ents.obj
 0001:00004e70       ?CL_ClearLightStyles@@YAXXZ 00405e70 f   cl_fx.obj
 0001:00004ef2       ?CL_RunLightStyles@@YAXXZ  00405ef2 f   cl_fx.obj
 0001:00004f91       ?CL_SetLightstyle@@YAXHPBD@Z 00405f91 f   cl_fx.obj
 0001:00004ff2       ?CL_ClearDlights@@YAXXZ    00405ff2 f   cl_fx.obj
 0001:00005003       ?CL_AllocDlight@@YAPAUcdlight_t@@HQAM@Z 00406003 f   cl_fx.obj
 0001:0000506c       ?CL_AddDLights@@YAXXZ      0040606c f   cl_fx.obj
 0001:000050cc       ?CL_ClearParticles@@YAXXZ  004060cc f   cl_fx.obj
 0001:00005133       ?CL_AllocParticleTrace@@YAPAUparticleTrace_t@@QAM0MM@Z 00406133 f   cl_fx.obj
 0001:000051d3       ?CL_AllocParticleBeam@@YAPAUbeam_t@@QAM0MM@Z 004061d3 f   cl_fx.obj
 0001:00005246       ?CL_AllocParticle@@YAPAUparticle_t@@XZ 00406246 f   cl_fx.obj
 0001:00005294       ?CL_UpdateParticles@@YAXXZ 00406294 f   cl_fx.obj
 0001:00005886       ?CL_MetalSparks@@YAXQAM0H@Z 00406886 f   cl_fx.obj
 0001:00005973       ?CL_ParseMuzzleFlash@@YAXXZ 00406973 f   cl_fx.obj
 0001:00005d08       ?CL_ParseMuzzleFlash2@@YAXXZ 00406d08 f   cl_fx.obj
 0001:0000634a       ?CL_ParticleEffect@@YAXQAM0HH@Z 0040734a f   cl_fx.obj
 0001:00006419       ?CL_ParticleEffect2@@YAXQAM0HH@Z 00407419 f   cl_fx.obj
 0001:000064e4       ?CL_ParticleEffect3@@YAXQAM0HH@Z 004074e4 f   cl_fx.obj
 0001:000065b4       ?CL_TeleporterParticles@@YAXPAUentityState_t@@@Z 004075b4 f   cl_fx.obj
 0001:0000666b       ?CL_LogoutEffect@@YAXQAMH@Z 0040766b f   cl_fx.obj
 0001:00006756       ?CL_ItemRespawnParticles@@YAXQAM@Z 00407756 f   cl_fx.obj
 0001:00006805       ?CL_ExplosionParticles@@YAXQAM@Z 00407805 f   cl_fx.obj
 0001:000068af       ?CL_BigTeleportParticles@@YAXQAM@Z 004078af f   cl_fx.obj
 0001:00006a06       ?CL_BlasterParticles@@YAXQAM0@Z 00407a06 f   cl_fx.obj
 0001:00006ad2       ?CL_BlasterTrail@@YAXQAM0@Z 00407ad2 f   cl_fx.obj
 0001:00006bc5       ?CL_FlagTrail@@YAXQAM0H@Z  00407bc5 f   cl_fx.obj
 0001:00006cc0       ?CL_DiminishingTrail@@YAXQAM0PAUcentity_t@@H@Z 00407cc0 f   cl_fx.obj
 0001:00006f24       ?CL_RocketTrail@@YAXQAM0PAUcentity_t@@@Z 00407f24 f   cl_fx.obj
 0001:00007051       ?CL_RailTrail@@YAXQAM0@Z   00408051 f   cl_fx.obj
 0001:00007277       ?CL_RailTrailExt@@YAXQAM0EE@Z 00408277 f   cl_fx.obj
 0001:0000737b       ?CL_IonripperTrail@@YAXQAM0@Z 0040837b f   cl_fx.obj
 0001:0000748e       ?CL_BubbleTrail@@YAXQAM0@Z 0040848e f   cl_fx.obj
 0001:0000759f       ?CL_FlyParticles@@YAXQAMH@Z 0040859f f   cl_fx.obj
 0001:0000773f       ?CL_FlyEffect@@YAXPAUcentity_t@@QAM@Z 0040873f f   cl_fx.obj
 0001:000077a7       ?CL_BfgParticles@@YAXPAUentity_t@@@Z 004087a7 f   cl_fx.obj
 0001:00007982       ?CL_TrapParticles@@YAXPAUentity_t@@@Z 00408982 f   cl_fx.obj
 0001:00007c05       ?CL_BFGExplosionParticles@@YAXQAM@Z 00408c05 f   cl_fx.obj
 0001:00007caf       ?CL_TeleportParticles@@YAXQAM@Z 00408caf f   cl_fx.obj
 0001:00007de8       ?CL_EntityEvent@@YAXPAUentityState_t@@@Z 00408de8 f   cl_fx.obj
 0001:00007fc2       ?CL_ClearEffects@@YAXXZ    00408fc2 f   cl_fx.obj
 0001:00007fd1       ?IN_CenterView@@YAXXZ      00408fd1 f   cl_input.obj
 0001:00007ff2       ?CL_InitInput@@YAXXZ       00408ff2 f   cl_input.obj
 0001:0000858e       ?CL_SendCmd@@YAXXZ         0040958e f   cl_input.obj
 0001:00008c81       ?CL_WriteDemoMessage@@YAXXZ 00409c81 f   cl_main.obj
 0001:00008cc3       ?Cmd_ForwardToServer@@YAXHPAPAD@Z 00409cc3 f   cl_main.obj
 0001:00008d86       ?CL_ForwardToServer_f@@YAXHPAPAD@Z 00409d86 f   cl_main.obj
 0001:00008dce       ?CL_Pause@@YAX_N@Z         00409dce f   cl_main.obj
 0001:00008e10       ?CL_Quit_f@@YAXXZ          00409e10 f   cl_main.obj
 0001:00008e1a       ?CL_Drop@@YAX_N@Z          00409e1a f   cl_main.obj
 0001:00008e3d       ?CL_SendConnectPacket@@YAXXZ 00409e3d f   cl_main.obj
 0001:00008f14       ?CL_CheckForResend@@YAXXZ  00409f14 f   cl_main.obj
 0001:00009019       ?CL_Connect_f@@YAX_NHPAPAD@Z 0040a019 f   cl_main.obj
 0001:0000909c       ?CL_Rcon_f@@YAXHPAPAD@Z    0040a09c f   cl_main.obj
 0001:000091a4       ?CL_Disconnect@@YAXXZ      0040a1a4 f   cl_main.obj
 0001:00009356       ?CL_Disconnect_f@@YAXXZ    0040a356 f   cl_main.obj
 0001:00009360       ?CL_Changing_f@@YAXXZ      0040a360 f   cl_main.obj
 0001:00009384       ?CL_Reconnect_f@@YAXXZ     0040a384 f   cl_main.obj
 0001:00009420       ?CL_PingServers_f@@YAXXZ   0040a420 f   cl_main.obj
 0001:0000958b       ?CL_Skins_f@@YAXXZ         0040a58b f   cl_main.obj
 0001:00009876       ?CL_ConnectionlessPacket@@YAXXZ 0040a876 f   cl_main.obj
 0001:00009976       ?CL_ReadPackets@@YAXXZ     0040a976 f   cl_main.obj
 0001:00009ab9       ?CL_FixUpGender@@YAXXZ     0040aab9 f   cl_main.obj
 0001:00009b6b       ?CL_Userinfo_f@@YAXXZ      0040ab6b f   cl_main.obj
 0001:00009b83       ?CL_RegisterSounds@@YAXXZ  0040ab83 f   cl_main.obj
 0001:00009bc2       ?CL_Snd_Restart_f@@YAXXZ   0040abc2 f   cl_main.obj
 0001:00009bd1       ?CL_WriteConfiguration@@YAXPBD@Z 0040abd1 f   cl_main.obj
 0001:00009c8c       ?CL_WriteConfig_f@@YAX_NHPAPAD@Z 0040ac8c f   cl_main.obj
 0001:00009ceb       ?CL_FixCvarCheats@@YAXXZ   0040aceb f   cl_main.obj
 0001:00009d45       ?CL_Frame@@YAXMM@Z         0040ad45 f   cl_main.obj
 0001:00009f4b       ?CL_ClearState@@YAXXZ      0040af4b f   cl_main.obj
 0001:00009f84       ?CL_Init@@YAXXZ            0040af84 f   cl_main.obj
 0001:0000a45b       ?CL_Shutdown@@YAX_N@Z      0040b45b f   cl_main.obj
 0001:0000a4b0       ?CL_Flashlight@@YAXHQAM@Z  0040b4b0 f   cl_newfx.obj
 0001:0000a4ea       ?CL_ColorFlash@@YAXQAMHHMMM@Z 0040b4ea f   cl_newfx.obj
 0001:0000a526       ?CL_DebugTrail@@YAXQAM0@Z  0040b526 f   cl_newfx.obj
 0001:0000a606       ?CL_ForceWall@@YAXQAM0H@Z  0040b606 f   cl_newfx.obj
 0001:0000a72d       ?CL_BubbleTrail2@@YAXQAM0H@Z 0040b72d f   cl_newfx.obj
 0001:0000a855       ?CL_Heatbeam@@YAXQAM0@Z    0040b855 f   cl_newfx.obj
 0001:0000aae8       ?CL_ParticleSteamEffect@@YAXQAM0HHH@Z 0040bae8 f   cl_newfx.obj
 0001:0000ac12       ?CL_ParticleSteamEffect2@@YAXPAUcl_sustain_t@@@Z 0040bc12 f   cl_newfx.obj
 0001:0000ad49       ?CL_TrackerTrail@@YAXQAM0H@Z 0040bd49 f   cl_newfx.obj
 0001:0000ae99       ?CL_Tracker_Shell@@YAXQAM@Z 0040be99 f   cl_newfx.obj
 0001:0000af22       ?CL_MonsterPlasma_Shell@@YAXQAM@Z 0040bf22 f   cl_newfx.obj
 0001:0000afa8       ?CL_Widowbeamout@@YAXPAUcl_sustain_t@@@Z 0040bfa8 f   cl_newfx.obj
 0001:0000b064       ?CL_Nukeblast@@YAXPAUcl_sustain_t@@@Z 0040c064 f   cl_newfx.obj
 0001:0000b120       ?CL_WidowSplash@@YAXQAM@Z  0040c120 f   cl_newfx.obj
 0001:0000b1e8       ?CL_TagTrail@@YAXQAM0H@Z   0040c1e8 f   cl_newfx.obj
 0001:0000b2e3       ?CL_ColorExplosionParticles@@YAXQAMHH@Z 0040c2e3 f   cl_newfx.obj
 0001:0000b390       ?CL_ParticleSmokeEffect@@YAXQAM0HHH@Z 0040c390 f   cl_newfx.obj
 0001:0000b4b8       ?CL_BlasterParticles2@@YAXQAM0I@Z 0040c4b8 f   cl_newfx.obj
 0001:0000b585       ?CL_BlasterTrail2@@YAXQAM0@Z 0040c585 f   cl_newfx.obj
 0001:0000b678       ?CL_LoadClientinfo@@YAXPAUclientinfo_t@@PAD@Z 0040c678 f   cl_parse.obj
 0001:0000b952       ?CL_ParseClientinfo@@YAXH@Z 0040c952 f   cl_parse.obj
 0001:0000b976       ?CL_ParseServerMessage@@YAXXZ 0040c976 f   cl_parse.obj
 0001:0000c12d       ?CL_CheckPredictionError@@YAXXZ 0040d12d f   cl_pred.obj
 0001:0000c2cd       ?CL_EntityTrace@@YAXPAUtrace_t@@QBM111H@Z 0040d2cd f   cl_pred.obj
 0001:0000c68e       ?CL_Trace@@YAXPAUtrace_t@@QBM111H@Z 0040d68e f   cl_pred.obj
 0001:0000c710       ?CL_PMpointcontents@@YAHQAM@Z 0040d710 f   cl_pred.obj
 0001:0000c89b       ?CL_PredictMovement@@YAXXZ 0040d89b f   cl_pred.obj
 0001:0000cc3d       ?DrawString@@YAXHHPBD@Z    0040dc3d f   cl_scrn.obj
 0001:0000cc81       ?SCR_DebugGraph@@YAXMH@Z   0040dc81 f   cl_scrn.obj
 0001:0000cca9       ?SCR_CenterPrint@@YAXPAD@Z 0040dca9 f   cl_scrn.obj
 0001:0000cdad       ?Key_Message@@YAXH@Z       0040ddad f   cl_scrn.obj
 0001:0000ce49       ?SCR_SetLevelshot@@YAXPBD@Z 0040de49 f   cl_scrn.obj
 0001:0000cf3c       ?SCR_BeginLoadingPlaque@@YAXXZ 0040df3c f   cl_scrn.obj
 0001:0000cfc1       ?SCR_EndLoadingPlaque@@YAX_N@Z 0040dfc1 f   cl_scrn.obj
 0001:0000d046       ?SCR_ShowConsole@@YAX_N0@Z 0040e046 f   cl_scrn.obj
 0001:0000d11d       ?SCR_ToggleConsole@@YAXXZ  0040e11d f   cl_scrn.obj
 0001:0000d145       ?SCR_TouchPics@@YAXXZ      0040e145 f   cl_scrn.obj
 0001:0000d1a4       ?SCR_UpdateScreen@@YAXXZ   0040e1a4 f   cl_scrn.obj
 0001:0000e41f       ?SCR_Init@@YAXXZ           0040f41f f   cl_scrn.obj
 0001:0000e769       ?CL_RegisterTEntSounds@@YAXXZ 0040f769 f   cl_tent.obj
 0001:0000e9ae       ?CL_RegisterTEntModels@@YAXXZ 0040f9ae f   cl_tent.obj
 0001:0000eaec       ?CL_ClearTEnts@@YAXXZ      0040faec f   cl_tent.obj
 0001:0000eb20       ?CL_AllocExplosion@@YAPAUexplosion_t@@QAMW4exptype_t@@@Z 0040fb20 f   cl_tent.obj
 0001:0000ebbc       ?CL_AddExplosions@@YAXXZ   0040fbbc f   cl_tent.obj
 0001:0000ed56       ?CL_SmokeAndFlash@@YAXQAM@Z 0040fd56 f   cl_tent.obj
 0001:0000ed9e       ?CL_ParseBeam@@YAHPAVCRenderModel@@@Z 0040fd9e f   cl_tent.obj
 0001:0000ee7d       ?CL_ParseBeam2@@YAHPAVCRenderModel@@@Z 0040fe7d f   cl_tent.obj
 0001:0000ef54       ?CL_ParsePlayerBeam@@YAHPAVCRenderModel@@@Z 0040ff54 f   cl_tent.obj
 0001:0000f062       ?CL_ParseLightning@@YAHPAVCRenderModel@@@Z 00410062 f   cl_tent.obj
 0001:0000f12e       ?CL_ParseLaser@@YAXI@Z     0041012e f   cl_tent.obj
 0001:0000f1aa       ?CL_ParseSteam@@YAXXZ      004101aa f   cl_tent.obj
 0001:0000f2bb       ?CL_ParseWidow@@YAXXZ      004102bb f   cl_tent.obj
 0001:0000f327       ?CL_ParseNuke@@YAXXZ       00410327 f   cl_tent.obj
 0001:0000f391       ?CL_ParseTEnt@@YAXXZ       00410391 f   cl_tent.obj
 0001:000101bd       ?CL_AddBeams@@YAXXZ        004111bd f   cl_tent.obj
 0001:000104f9       ?CL_AddPlayerBeams@@YAXXZ  004114f9 f   cl_tent.obj
 0001:00010be9       ?CL_ProcessSustain@@YAXXZ  00411be9 f   cl_tent.obj
 0001:00010c2a       ?CL_AddTEnts@@YAXXZ        00411c2a f   cl_tent.obj
 0001:00010c3e       ?V_AddEntity@@YAXPAUentity_t@@@Z 00411c3e f   cl_view.obj
 0001:00010c6d       ?V_AddLight@@YAXQAMMMMM@Z  00411c6d f   cl_view.obj
 0001:00010cb2       ?V_TestParticles@@YAXXZ    00411cb2 f   cl_view.obj
 0001:00010d70       ?V_TestEntities@@YAXXZ     00411d70 f   cl_view.obj
 0001:00010e06       ?V_TestLights@@YAXXZ       00411e06 f   cl_view.obj
 0001:00010ed4       ?CL_PrepRefresh@@YAXXZ     00411ed4 f   cl_view.obj
 0001:00011194       ?CalcFov@@YAMMMM@Z         00412194 f   cl_view.obj
 0001:00011208       ?V_RenderView@@YA_NXZ      00412208 f   cl_view.obj
 0001:00011ede       ?V_Init@@YAXXZ             00412ede f   cl_view.obj
 0001:00011f8d       ?Con_ClearNotify@@YAXXZ    00412f8d f   console.obj
 0001:00011f9c       ?Con_CheckResize@@YAXXZ    00412f9c f   console.obj
 0001:000120c3       ?Con_Print@@YAXPBD@Z       004130c3 f   console.obj
 0001:000123bb       ?Con_DrawNotify@@YAX_N@Z   004133bb f   console.obj
 0001:000124d3       ?Con_DrawConsole@@YAXM@Z   004134d3 f   console.obj
 0001:000128a6       ?Con_ClearTyping@@YAXXZ    004138a6 f   console.obj
 0001:000128bf       ?Key_Console@@YAXHH@Z      004138bf f   console.obj
 0001:00012d07       ?Con_Init@@YAXXZ           00413d07 f   console.obj
 0001:00012e83       ?Key_KeynumToString@@YAPBDH@Z 00413e83 f   keys.obj
 0001:00012f43       ?Draw@completeMenu_t@@UAEXXZ 00413f43 f i keys.obj
 0001:00012f74       ?KeyDown@completeMenu_t@@UAEPBDH@Z 00413f74 f i keys.obj
 0001:00012f9d       ?Init@completeMenu_t@@UAE_NXZ 00413f9d f i keys.obj
 0001:000130c4       ?CompleteMenuCallback@completeMenu_t@@SAXPAX@Z 004140c4 f i keys.obj
 0001:00013152       ?CompleteCommand@@YAXXZ    00414152 f   keys.obj
 0001:00013887       ?Key_SetBinding@@YAXHPBD@Z 00414887 f   keys.obj
 0001:000138c5       ?Key_FindBinding@@YAHPBDPAHH@Z 004148c5 f   keys.obj
 0001:00013913       ?Key_WriteBindings@@YAXPAU_iobuf@@@Z 00414913 f   keys.obj
 0001:0001395b       ?Key_Init@@YAXXZ           0041495b f   keys.obj
 0001:00013c3f       ?Key_Event@@YAXH_N@Z       00414c3f f   keys.obj
 0001:00013f98       ?Key_ClearStates@@YAXXZ    00414f98 f   keys.obj
 0001:00013fcd       ?M_ForceMenuOn@@YAXXZ      00414fcd f   menu.obj
 0001:00013fec       ?Draw@menuMain_t@@UAEXXZ   00414fec f i menu.obj
 0001:0001414f       ?KeyDown@menuMain_t@@UAEPBDH@Z 0041514f f i menu.obj
 0001:0001420b       ?Init@menuMain_t@@UAE_NXZ  0041520b f i menu.obj
 0001:00014213       ?M_Menu_Main_f@@YAXXZ      00415213 f   menu.obj
 0001:0001422d       ?Init@multiplayerMenu_t@@UAE_NXZ 0041522d f i menu.obj
 0001:00014351       ?Init@keysMenu_t@@UAE_NXZ  00415351 f i menu.obj
 0001:00014536       ?KeyCursorDrawFunc@keysMenu_t@@SAXPAUmenuFramework_t@@@Z 00415536 f i menu.obj
 0001:00014576       ?DrawKeyBindingFunc@keysMenu_t@@SAXPAX@Z 00415576 f i menu.obj
 0001:0001463d       ?KeyDown@keysMenu_t@@UAEPBDH@Z 0041563d f i menu.obj
 0001:000146ea       ?UnbindCommand@keysMenu_t@@QAEXPAD@Z 004156ea f i menu.obj
 0001:0001472f       ?KeyBindingFunc@keysMenu_t@@QAEXPAX@Z 0041572f f i menu.obj
 0001:0001478e       ?Init@optionsMenu_t@@UAE_NXZ 0041578e f i menu.obj
 0001:00014bec       ?CrosshairFunc@optionsMenu_t@@SAXPAX@Z 00415bec f i menu.obj
 0001:00014c14       ?JoystickFunc@optionsMenu_t@@SAXPAX@Z 00415c14 f i menu.obj
 0001:00014c29       ?AlwaysRunFunc@optionsMenu_t@@SAXPAX@Z 00415c29 f i menu.obj
 0001:00014c3e       ?FreeLookFunc@optionsMenu_t@@SAXPAX@Z 00415c3e f i menu.obj
 0001:00014c53       ?MouseSpeedFunc@optionsMenu_t@@SAXPAX@Z 00415c53 f i menu.obj
 0001:00014c70       ?InvertMouseFunc@optionsMenu_t@@SAXPAX@Z 00415c70 f i menu.obj
 0001:00014c8b       ?LookspringFunc@optionsMenu_t@@SAXPAX@Z 00415c8b f i menu.obj
 0001:00014ca7       ?LookstrafeFunc@optionsMenu_t@@SAXPAX@Z 00415ca7 f i menu.obj
 0001:00014cc3       ?UpdateVolumeFunc@optionsMenu_t@@SAXPAX@Z 00415cc3 f i menu.obj
 0001:00014ce0       ?UpdateCDVolumeFunc@optionsMenu_t@@SAXPAX@Z 00415ce0 f i menu.obj
 0001:00014cfa       ?SetMenuItemValues@optionsMenu_t@@SAXXZ 00415cfa f i menu.obj
 0001:00014ed8       ?ResetDefaultsFunc@optionsMenu_t@@SAXPAX@Z 00415ed8 f i menu.obj
 0001:00014eed       ?UpdateSoundFunc@optionsMenu_t@@SAXPAX@Z 00415eed f i menu.obj
 0001:000150f0       ?ScanCrosshairs@optionsMenu_t@@SAXXZ 004160f0 f i menu.obj
 0001:0001514d       ?Draw@optionsMenu_t@@UAEXXZ 0041614d f i menu.obj
 0001:000151b2       ?Draw@creditsMenu_t@@UAEXXZ 004161b2 f i menu.obj
 0001:00015259       ?KeyDown@creditsMenu_t@@UAEPBDH@Z 00416259 f i menu.obj
 0001:00015294       ?Init@creditsMenu_t@@UAE_NXZ 00416294 f i menu.obj
 0001:0001535c       ?Init@gameMenu_t@@UAE_NXZ  0041635c f i menu.obj
 0001:000154e7       ?EasyGameFunc@gameMenu_t@@SAXPAX@Z 004164e7 f i menu.obj
 0001:000154f3       ?StartGame@gameMenu_t@@SAXPBD@Z 004164f3 f i menu.obj
 0001:00015546       ?MediumGameFunc@gameMenu_t@@SAXPAX@Z 00416546 f i menu.obj
 0001:00015552       ?HardGameFunc@gameMenu_t@@SAXPAX@Z 00416552 f i menu.obj
 0001:0001556e       ?Init@savegameMenu_t@@UAE_NXZ 0041656e f i menu.obj
 0001:0001567e       ?Create_Savestrings@savegameMenu_t@@QAEXXZ 0041667e f i menu.obj
 0001:00015739       ?LoadGameCallback@savegameMenu_t@@SAXPAX@Z 00416739 f i menu.obj
 0001:00015762       ?SaveGameCallback@savegameMenu_t@@SAXPAX@Z 00416762 f i menu.obj
 0001:00015781       ?Draw@savegameMenu_t@@UAEXXZ 00416781 f i menu.obj
 0001:0001579c       ?DrawSavegameShot@savegameMenu_t@@QAEXHH@Z 0041679c f i menu.obj
 0001:00015881       ?Init@joinserverMenu_t@@UAE_NXZ 00416881 f i menu.obj
 0001:000159aa       ?JoinServerFunc@joinserverMenu_t@@SAXPAX@Z 004169aa f i menu.obj
 0001:00015a0c       ?SearchLocalGames@joinserverMenu_t@@SAXXZ 00416a0c f i menu.obj
 0001:00015a77       ?M_AddToServerList@@YAXUnetadr_t@@PAD@Z 00416a77 f   menu.obj
 0001:00015afa       ?Init@startserverMenu_t@@UAE_NXZ 00416afa f i menu.obj
 0001:00015f9c       ?DMOptionsFunc@startserverMenu_t@@SAXPAX@Z 00416f9c f i menu.obj
 0001:00015fac       ?RulesChangeFunc@startserverMenu_t@@SAXPAX@Z 00416fac f i menu.obj
 0001:00016026       ?StartServerActionFunc@startserverMenu_t@@SAXPAX@Z 00417026 f i menu.obj
 0001:00016051       ?StartServerFunc@startserverMenu_t@@SAXPAD@Z 00417051 f i menu.obj
 0001:00016288       ?KeyDown@startserverMenu_t@@UAEPBDH@Z 00417288 f i menu.obj
 0001:000162e5       ?Init@dmoptionsMenu_t@@UAE_NXZ 004172e5 f i menu.obj
 0001:000168c4       ?DMFlagCallback@dmoptionsMenu_t@@SAXPAX@Z 004178c4 f i menu.obj
 0001:00016a9f       ?Init@downloadOptionsMenu_t@@UAE_NXZ 00417a9f f i menu.obj
 0001:00016c6a       ?DownloadCallback@downloadOptionsMenu_t@@SAXPAX@Z 00417c6a f i menu.obj
 0001:00016cd5       ?Init@addressBookMenu_t@@UAE_NXZ 00417cd5 f i menu.obj
 0001:00016d7d       ?KeyDown@addressBookMenu_t@@UAEPBDH@Z 00417d7d f i menu.obj
 0001:00016dda       ?Init@playerConfigMenu_t@@UAE_NXZ 00417dda f i menu.obj
 0001:00017331       ?HandednessCallback@playerConfigMenu_t@@SAXPAX@Z 00418331 f i menu.obj
 0001:00017346       ?RTypeCallback@playerConfigMenu_t@@SAXPAX@Z 00418346 f i menu.obj
 0001:0001735b       ?RColorCallback@playerConfigMenu_t@@SAXPAX@Z 0041835b f i menu.obj
 0001:00017370       ?RateCallback@playerConfigMenu_t@@SAXPAX@Z 00418370 f i menu.obj
 0001:00017393       ?ModelCallback@playerConfigMenu_t@@SAXPAX@Z 00418393 f i menu.obj
 0001:000173c0       ?ScanDirectories@playerConfigMenu_t@@SA_NXZ 004183c0 f i menu.obj
 0001:0001753a       ?IsValidSkin@playerConfigMenu_t@@SA_NPADPAVCStringItem@@@Z 0041853a f i menu.obj
 0001:000175f5       ?Draw@playerConfigMenu_t@@UAEXXZ 004185f5 f i menu.obj
 0001:000178a1       ?KeyDown@playerConfigMenu_t@@UAEPBDH@Z 004188a1 f i menu.obj
 0001:00017993       ?Init@dmbrowseMenu_t@@UAE_NXZ 00418993 f i menu.obj
 0001:00017b99       ?KeyDown@dmbrowseMenu_t@@UAEPBDH@Z 00418b99 f i menu.obj
 0001:00017d5d       ?Draw@dmbrowseMenu_t@@UAEXXZ 00418d5d f i menu.obj
 0001:00017ea2       ?DrawThumbnail@dmbrowseMenu_t@@SAXHHHHPAD_N@Z 00418ea2 f i menu.obj
 0001:00017f89       ?Init@videoMenu_t@@UAE_NXZ 00418f89 f i menu.obj
 0001:00018542       ?ScreenSizeCallback@videoMenu_t@@SAXPAX@Z 00419542 f i menu.obj
 0001:00018560       ?BrightnessCallback@videoMenu_t@@SAXPAX@Z 00419560 f i menu.obj
 0001:0001857e       ?ContrastCallback@videoMenu_t@@SAXPAX@Z 0041957e f i menu.obj
 0001:000185b7       ?CancelChanges@videoMenu_t@@SAXPAX@Z 004195b7 f i menu.obj
 0001:000185d8       ?KeyDown@videoMenu_t@@UAEPBDH@Z 004195d8 f i menu.obj
 0001:0001861f       ?ApplyChanges@videoMenu_t@@SAXPAX@Z 0041961f f i menu.obj
 0001:000187d6       ?KeyDown@quitMenu_t@@UAEPBDH@Z 004197d6 f i menu.obj
 0001:0001880e       ?Draw@quitMenu_t@@UAEXXZ   0041980e f i menu.obj
 0001:0001888e       ?KeyDown@testMenu_t@@UAEPBDH@Z 0041988e f i menu.obj
 0001:0001889f       ?Draw@testMenu_t@@UAEXXZ   0041989f f i menu.obj
 0001:00018a9a       ?M_Init@@YAXXZ             00419a9a f   menu.obj
 0001:00018c96       ?Insert@?$TList@VplayerModelInfo_t@@@@QAE_NPAVplayerModelInfo_t@@@Z 00419c96 f i menu.obj
 0001:00018c96       ?Insert@?$TList@VCStringItem@@@@QAE_NPAVCStringItem@@@Z 00419c96 f i menu.obj
 0001:00018ccc       ?ItemAtCursor@menuFramework_t@@QAEPAUmenuCommon_t@@XZ 00419ccc f   qmenu.obj
 0001:00018d20       ?AddItem@menuFramework_t@@QAEXPAUmenuCommon_t@@@Z 00419d20 f   qmenu.obj
 0001:00018ddc       ?AdjustCursor@menuFramework_t@@QAEXH@Z 00419ddc f   qmenu.obj
 0001:00018f4b       ?Center@menuFramework_t@@QAEXXZ 00419f4b f   qmenu.obj
 0001:00018f8c       ?Draw@menuFramework_t@@UAEXXZ 00419f8c f   qmenu.obj
 0001:00019544       ?SelectItem@menuFramework_t@@QAE_NXZ 0041a544 f   qmenu.obj
 0001:000195a2       ?SetStatusBar@menuFramework_t@@QAEXPBD@Z 0041a5a2 f   qmenu.obj
 0001:000195ac       ?SlideItem@menuFramework_t@@QAEXH@Z 0041a5ac f   qmenu.obj
 0001:00019b29       ?Push@menuFramework_t@@QAEXXZ 0041ab29 f   qmenu.obj
 0001:00019bb1       ?M_ForceMenuOff@@YAXXZ     0041abb1 f   qmenu.obj
 0001:00019bd4       ?Pop@menuFramework_t@@QAEXXZ 0041abd4 f   qmenu.obj
 0001:00019c0e       ?KeyDown@menuFramework_t@@UAEPBDH@Z 0041ac0e f   qmenu.obj
 0001:00019e82       ?Init@menuFramework_t@@UAE_NXZ 0041ae82 f   qmenu.obj
 0001:00019e85       ?M_Draw@@YAXXZ             0041ae85 f   qmenu.obj
 0001:00019ec0       ?M_Keydown@@YAXH@Z         0041aec0 f   qmenu.obj
 0001:00019edf       ?InitRendererVars@@YAXXZ   0041aedf f   ref_vars.obj
 0001:00019efe       ?S_SoundInfo_f@@YAXXZ      0041aefe f   snd_dma.obj
 0001:00019f88       ?S_ReadModelsSex@@YAXXZ    0041af88 f   snd_dma.obj
 0001:0001a06d       ?S_IsFemale@@YA_NPBD@Z     0041b06d f   snd_dma.obj
 0001:0001a0c1       ?S_Init@@YAXXZ             0041b0c1 f   snd_dma.obj
 0001:0001a197       ?S_Shutdown@@YAXXZ         0041b197 f   snd_dma.obj
 0001:0001a22a       ?S_BeginRegistration@@YAXXZ 0041b22a f   snd_dma.obj
 0001:0001a238       ?S_RegisterSound@@YAPAUsfx_t@@PBD@Z 0041b238 f   snd_dma.obj
 0001:0001a3d1       ?S_EndRegistration@@YAXXZ  0041b3d1 f   snd_dma.obj
 0001:0001a469       ?S_PickChannel@@YAPAUchannel_t@@HH@Z 0041b469 f   snd_dma.obj
 0001:0001a4f6       ?S_Spatialize@@YAXPAUchannel_t@@@Z 0041b4f6 f   snd_dma.obj
 0001:0001a68e       ?S_AllocPlaysound@@YAPAUplaysound_t@@XZ 0041b68e f   snd_dma.obj
 0001:0001a6b0       ?S_FreePlaysound@@YAXPAUplaysound_t@@@Z 0041b6b0 f   snd_dma.obj
 0001:0001a6e0       ?S_IssuePlaysound@@YAXPAUplaysound_t@@@Z 0041b6e0 f   snd_dma.obj
 0001:0001a7ad       ?S_StartSound@@YAXQBMHHPAUsfx_t@@MMM@Z 0041b7ad f   snd_dma.obj
 0001:0001ab23       ?S_StartLocalSound@@YAXPBD@Z 0041bb23 f   snd_dma.obj
 0001:0001ab72       ?S_ClearBuffer@@YAXXZ      0041bb72 f   snd_dma.obj
 0001:0001abdb       ?S_StopAllSounds_f@@YAXXZ  0041bbdb f   snd_dma.obj
 0001:0001ac4b       ?S_AddLoopSounds@@YAXXZ    0041bc4b f   snd_dma.obj
 0001:0001ae21       ?S_RawSamples@@YAXHHHHPAE@Z 0041be21 f   snd_dma.obj
 0001:0001b025       ?S_Update@@YAXQBM000@Z     0041c025 f   snd_dma.obj
 0001:0001b11e       ?GetSoundtime@@YAXXZ       0041c11e f   snd_dma.obj
 0001:0001b185       ?S_Update_@@YAXXZ          0041c185 f   snd_dma.obj
 0001:0001b438       ?ResampleSfx@@YAXPAUsfx_t@@HHPAE@Z 0041c438 f   snd_mem.obj
 0001:0001b553       ?S_LoadSound@@YAPAUsfxcache_t@@PAUsfx_t@@@Z 0041c553 f   snd_mem.obj
 0001:0001b68b       ?GetWavinfo@@YA?AUwavinfo_t@@PADPAEH@Z 0041c68b f   snd_mem.obj
 0001:0001b8cd       ?S_WriteLinearBlastStereo16@@YAXXZ 0041c8cd f   snd_mix.obj
 0001:0001b941       ?S_TransferStereo16@@YAXPAKH@Z 0041c941 f   snd_mix.obj
 0001:0001b9aa       ?S_TransferPaintBuffer@@YAXH@Z 0041c9aa f   snd_mix.obj
 0001:0001bb0e       ?S_PaintChannels@@YAXH@Z   0041cb0e f   snd_mix.obj
 0001:0001bdaa       ?S_InitScaletable@@YAXXZ   0041cdaa f   snd_mix.obj
 0001:0001bf6b       ?SV_WipeSavegame@@YAXPAD@Z 0041cf6b f   sv_ccmds.obj
 0001:0001bf99       ?SV_CopySaveGame@@YAXPAD0@Z 0041cf99 f   sv_ccmds.obj
 0001:0001bfee       ?SV_WriteLevelFile@@YAXXZ  0041cfee f   sv_ccmds.obj
 0001:0001c09c       ?SV_ReadLevelFile@@YAXXZ   0041d09c f   sv_ccmds.obj
 0001:0001c14a       ?SV_WriteServerFile@@YAX_NPAD@Z 0041d14a f   sv_ccmds.obj
 0001:0001c386       ?SV_ReadServerFile@@YAXXZ  0041d386 f   sv_ccmds.obj
 0001:0001c4ab       ?SV_AddressBanned@@YA_NPAUnetadr_t@@@Z 0041d4ab f   sv_ccmds.obj
 0001:0001c4ec       ?SV_InitOperatorCommands@@YAXXZ 0041d4ec f   sv_ccmds.obj
 0001:0001d4ea       ?SV_WriteFrameToClient@@YAXPAUclient_t@@PAVsizebuf_t@@@Z 0041e4ea f   sv_ents.obj
 0001:0001d6d6       ?SV_FatPVS@@YAXQAM@Z       0041e6d6 f   sv_ents.obj
 0001:0001d7f4       ?SV_BuildClientFrame@@YAXPAUclient_t@@@Z 0041e7f4 f   sv_ents.obj
 0001:0001db09       ?SV_RecordDemoMessage@@YAXXZ 0041eb09 f   sv_ents.obj
 0001:0001e638       ?SV_InitGameLibrary@@YAX_N@Z 0041f638 f   sv_game.obj
 0001:0001e77e       ?SV_ShutdownGameLibrary@@YAXXZ 0041f77e f   sv_game.obj
 0001:0001e8db       ?SV_FindIndex@@YAHPADHH_N@Z 0041f8db f   sv_init.obj
 0001:0001e9e8       ?SV_ModelIndex@@YAHPAD@Z   0041f9e8 f   sv_init.obj
 0001:0001e9fe       ?SV_SoundIndex@@YAHPAD@Z   0041f9fe f   sv_init.obj
 0001:0001ea17       ?SV_ImageIndex@@YAHPAD@Z   0041fa17 f   sv_init.obj
 0001:0001ea30       ?SV_CreateBaseline@@YAXXZ  0041fa30 f   sv_init.obj
 0001:0001ea8e       ?SV_CheckForSavegame@@YAXXZ 0041fa8e f   sv_init.obj
 0001:0001eb16       ?SV_SpawnServer@@YAXPAD0W4server_state_t@@_N2@Z 0041fb16 f   sv_init.obj
 0001:0001ede4       ?SV_InitGame@@YAXXZ        0041fde4 f   sv_init.obj
 0001:0001f02e       ?SV_Map@@YAX_NPBD0@Z       0042002e f   sv_init.obj
 0001:0001f1f7       ?SV_DropClient@@YAXPAUclient_t@@PAD@Z 004201f7 f   sv_main.obj
 0001:0001f2a8       ?SV_StatusString@@YAPADXZ  004202a8 f   sv_main.obj
 0001:0001fadb       ?SV_ConnectionlessPacket@@YAXXZ 00420adb f   sv_main.obj
 0001:0001fba6       ?SV_CalcPings@@YAXXZ       00420ba6 f   sv_main.obj
 0001:0001fc2d       ?SV_GiveMsec@@YAXXZ        00420c2d f   sv_main.obj
 0001:0001fc6c       ?SV_ReadPackets@@YAXXZ     00420c6c f   sv_main.obj
 0001:0001fdb4       ?SV_CheckTimeouts@@YAXXZ   00420db4 f   sv_main.obj
 0001:0001fec5       ?SV_PostprocessFrame@@YAXXZ 00420ec5 f   sv_main.obj
 0001:0002039c       ?SV_MulticastHook@@YAPAVsizebuf_t@@PAV1@0@Z 0042139c f   sv_main.obj
 0001:0002078d       ?SV_TraceHook@@YA?AUtrace_t@@QAM000PAUedict_s@@H@Z 0042178d f   sv_main.obj
 0001:00020908       ?SV_Frame@@YAXM@Z          00421908 f   sv_main.obj
 0001:00020bbc       ?SV_UserinfoChanged@@YAXPAUclient_t@@@Z 00421bbc f   sv_main.obj
 0001:00020c80       ?SV_Init@@YAXXZ            00421c80 f   sv_main.obj
 0001:00020ce2       ?SV_Shutdown@@YAXPBD_N@Z   00421ce2 f   sv_main.obj
 0001:00020ee9       ?SV_BeginRedirect@@YAXXZ   00421ee9 f   sv_send.obj
 0001:00020f93       ?SV_ClientPrintf@@YAXPAUclient_t@@HPBDZZ 00421f93 f   sv_send.obj
 0001:00020fee       ?SV_BroadcastPrintf@@YAXHPBDZZ 00421fee f   sv_send.obj
 0001:000210c4       ?SV_BroadcastCommand@@YAXPBDZZ 004220c4 f   sv_send.obj
 0001:00021119       ?SV_Multicast@@YAXQAMW4multicast_t@@_N@Z 00422119 f   sv_send.obj
 0001:00021357       ?SV_MulticastOld@@YAXQAMW4multicast_t@@@Z 00422357 f   sv_send.obj
 0001:0002136a       ?SV_MulticastNew@@YAXQAMW4multicast_t@@@Z 0042236a f   sv_send.obj
 0001:0002137d       ?SV_StartSound@@YAXQAMPAUedict_s@@HHMMM_N@Z 0042237d f   sv_send.obj
 0001:00021645       ?SV_StartSoundOld@@YAXQAMPAUedict_s@@HHMMM@Z 00422645 f   sv_send.obj
 0001:00021675       ?SV_StartSoundNew@@YAXQAMPAUedict_s@@HHMMM@Z 00422675 f   sv_send.obj
 0001:000216a5       ?SV_SendClientDatagram@@YA_NPAUclient_t@@@Z 004226a5 f   sv_send.obj
 0001:0002176e       ?SV_DemoCompleted@@YAXXZ   0042276e f   sv_send.obj
 0001:0002178a       ?SV_RateDrop@@YA_NPAUclient_t@@@Z 0042278a f   sv_send.obj
 0001:000217d4       ?SV_SendClientMessages@@YAXXZ 004227d4 f   sv_send.obj
 0001:00021917       ?SV_TokenizeString@@YAXPBD@Z 00422917 f   sv_tokenize.obj
 0001:000219ee       ?SV_Argc@@YAHXZ            004229ee f   sv_tokenize.obj
 0001:000219f4       ?SV_Argv@@YAPADH@Z         004229f4 f   sv_tokenize.obj
 0001:00021a0e       ?SV_Args@@YAPADXZ          00422a0e f   sv_tokenize.obj
 0001:0002225b       ?SV_Nextserver@@YAXXZ      0042325b f   sv_user.obj
 0001:000222ea       ?SV_ExecuteUserCommand@@YAXPAD@Z 004232ea f   sv_user.obj
 0001:000223ac       ?SV_ClientThink@@YAXPAUclient_t@@PAUusercmd_t@@@Z 004233ac f   sv_user.obj
 0001:000223ef       ?SV_ExecuteClientMessage@@YAXPAUclient_t@@@Z 004233ef f   sv_user.obj
 0001:0002260d       ?SV_ClearWorld@@YAXXZ      0042360d f   sv_world.obj
 0001:00022765       ?SV_UnlinkEdict@@YAXPAUedict_s@@@Z 00423765 f   sv_world.obj
 0001:00022828       ?SV_LinkEdict@@YAXPAUedict_s@@@Z 00423828 f   sv_world.obj
 0001:00022e80       ?SV_AreaEdicts@@YAHQBM0PAPAUedict_s@@HH@Z 00423e80 f   sv_world.obj
 0001:00023031       ?SV_PointContents@@YAHQBM@Z 00424031 f   sv_world.obj
 0001:00023157       ?SV_ClipMoveToEntities@@YAXPAUtrace_t@@QBM111PAUedict_s@@H@Z 00424157 f   sv_world.obj
 0001:0002354b       ?SV_Trace@@YAXPAUtrace_t@@QBM111PAUedict_s@@H@Z 0042454b f   sv_world.obj
 0001:00023605       ?InitByteDirs@@YAXXZ       00424605 f   anorms.obj
 0001:00023644       ?Cbuf_AddText@@YAXPBD@Z    00424644 f   cmd.obj
 0001:000236a6       ?Cbuf_CopyToDefer@@YAXXZ   004246a6 f   cmd.obj
 0001:000236ee       ?Cbuf_InsertFromDefer@@YAXXZ 004246ee f   cmd.obj
 0001:000237a7       ?Cbuf_Execute@@YAXXZ       004247a7 f   cmd.obj
 0001:000238ad       ?Cmd_Unalias_f@@YAX_NHPAPAD@Z 004248ad f   cmd.obj
 0001:00023923       ?Cmd_WriteAliases@@YAXPAU_iobuf@@@Z 00424923 f   cmd.obj
 0001:00023954       ?RegisterCommand@@YA_NPBDP6AXXZH@Z 00424954 f   cmd.obj
 0001:00023a0d       ?UnregisterCommand@@YA_NPBD@Z 00424a0d f   cmd.obj
 0001:00023a9e       ?Cmd_ExecuteString@@YA_NPBD@Z 00424a9e f   cmd.obj
 0001:00023ef1       ?ExecuteCommand@@YA_NPBDPBUCSimpleCommand@@H@Z 00424ef1 f   cmd.obj
 0001:00023fb8       ?Cmd_Init@@YAXXZ           00424fb8 f   cmd.obj
 0001:0002430a       ?CM_LoadMap@@YAPAUcmodel_t@@PBD_NPAI@Z 0042530a f   cmodel.obj
 0001:00024a3e       ?PlaneTypeForNormal@@YAHQBM@Z 00425a3e f i cmodel.obj
 0001:00024bf6       ?CM_InlineModel@@YAPAUcmodel_t@@PBD@Z 00425bf6 f   cmodel.obj
 0001:00024c37       ?CM_NumClusters@@YAHXZ     00425c37 f   cmodel.obj
 0001:00024c3d       ?CM_NumInlineModels@@YAHXZ 00425c3d f   cmodel.obj
 0001:00024c43       ?CM_EntityString@@YAPBDXZ  00425c43 f   cmodel.obj
 0001:00024c49       ?CM_LeafContents@@YAHH@Z   00425c49 f   cmodel.obj
 0001:00024c70       ?CM_LeafCluster@@YAHH@Z    00425c70 f   cmodel.obj
 0001:00024ce6       ?CM_LeafArea@@YAHH@Z       00425ce6 f   cmodel.obj
 0001:00024ead       ?CM_HeadnodeForBox@@YAHQAM0@Z 00425ead f   cmodel.obj
 0001:00024f62       ?CM_PointLeafnum@@YAHQBMH@Z 00425f62 f   cmodel.obj
 0001:00025004       ?DISTANCE_TO_PLANE@@YAMQBMPBUcplane_t@@@Z 00426004 f i cmodel.obj
 0001:0002504c       ?CM_PointContents@@YAHQBMH@Z 0042604c f   cmodel.obj
 0001:000250c1       ?CM_TransformedPointContents@@YAHQBMHQAM1@Z 004260c1 f   cmodel.obj
 0001:000251fa       ?CM_TransformedPointContents2@@YAHQBMHQAMPAY02M@Z 004261fa f   cmodel.obj
 0001:000252eb       ?CM_BoxLeafnums@@YAHQBM0PAHH1H@Z 004262eb f   cmodel.obj
 0001:000253ff       ?BOX_ON_PLANE_SIDE@@YAHQBM0PBUcplane_t@@@Z 004263ff f i cmodel.obj
 0001:00025484       ?CM_BoxTrace@@YAXPAUtrace_t@@QBM111HH@Z 00426484 f   cmodel.obj
 0001:00025f28       ?CM_TransformedBoxTrace@@YAXPAUtrace_t@@QBM111HH11@Z 00426f28 f   cmodel.obj
 0001:000261f8       ?CM_TransformedBoxTrace2@@YAXPAUtrace_t@@QBM111HH1PAY02$$CBM@Z 004271f8 f   cmodel.obj
 0001:0002640d       ?CM_BrushTrace@@YAHQBM0PAHH@Z 0042740d f   cmodel.obj
 0001:00026833       ?CM_RefineBrushTrace@@YAHQBM0PAHH@Z 00427833 f   cmodel.obj
 0001:000268d9       ?CM_ClusterPVS@@YAPAEH@Z   004278d9 f   cmodel.obj
 0001:00026a1d       ?CM_ClusterPHS@@YAPAEH@Z   00427a1d f   cmodel.obj
 0001:00026b80       ?CM_SetAreaPortalState@@YAXH_N@Z 00427b80 f   cmodel.obj
 0001:00026ba5       ?CM_AreasConnected@@YA_NHH@Z 00427ba5 f   cmodel.obj
 0001:00026be9       ?CM_WriteAreaBits@@YAHPAEH@Z 00427be9 f   cmodel.obj
 0001:00026c8b       ?CM_WritePortalState@@YAXPAU_iobuf@@@Z 00427c8b f   cmodel.obj
 0001:00026ca5       ?CM_ReadPortalState@@YAXPAU_iobuf@@@Z 00427ca5 f   cmodel.obj
 0001:00026cc3       ?CM_HeadnodeVisible@@YA_NHPAE@Z 00427cc3 f   cmodel.obj
 0001:00026d9e       ?Com_BeginRedirect@@YAXPADHP6AX0@Z@Z 00427d9e f   common.obj
 0001:00026dcb       ?Com_EndRedirect@@YAXXZ    00427dcb f   common.obj
 0001:00026dea       ?Com_Printf@@YAXPBDZZ      00427dea f   common.obj
 0001:00026fe2       ?Com_DPrintf@@YAXPBDZZ     00427fe2 f   common.obj
 0001:0002705b       ?DebugPrintf@@YAXPBDZZ     0042805b f   common.obj
 0001:00027105       ?Com_WPrintf@@YAXPBDZZ     00428105 f   common.obj
 0001:0002715f       ?Com_Quit@@YAXXZ           0042815f f   common.obj
 0001:0002717f       ?IPWildcard@@YA_NPAUnetadr_t@@PAD@Z 0042817f f   common.obj
 0001:00027259       ?Com_ServerState@@YA?AW4server_state_t@@XZ 00428259 f   common.obj
 0001:0002725f       ?Com_SetServerState@@YAXW4server_state_t@@@Z 0042825f f   common.obj
 0001:00027269       ?frand@@YAMXZ              00428269 f   common.obj
 0001:00027281       ?crand@@YAMXZ              00428281 f   common.obj
 0001:0002729f       ?Info_ValueForKey@@YAPBDPBD0@Z 0042829f f   common.obj
 0001:0002731e       ?Info_SetValueForKey@@YAXPADPBD1@Z 0042831e f   common.obj
 0001:00027481       ?Info_Print@@YAXPBD@Z      00428481 f   common.obj
 0001:00027507       ?Com_CheckCmdlineVar@@YA_NPBD@Z 00428507 f   common.obj
 0001:0002755d       ?Com_Init@@YAXPBD@Z        0042855d f   common.obj
 0001:0002792b       ?Com_Frame@@YAXM@Z         0042892b f   common.obj
 0001:00027c69       ?Com_Shutdown@@YAXXZ       00428c69 f   common.obj
 0001:00027c82       ?Com_BlockSequenceCRCByte@@YAEPAEHH@Z 00428c82 f   crc.obj
 0001:00027d38       ?Cvar_VariableValue@@YAMPBD@Z 00428d38 f   cvar.obj
 0001:00027da6       ?Cvar_VariableInt@@YAHPBD@Z 00428da6 f   cvar.obj
 0001:00027db9       ?Cvar_VariableString@@YAPBDPBD@Z 00428db9 f   cvar.obj
 0001:00027dd1       ?Cvar_Get@@YAPAUcvar_t@@PBD0H@Z 00428dd1 f   cvar.obj
 0001:00028088       ?Cvar_GetVars@@YAXPBUcvarInfo_t@@H@Z 00429088 f   cvar.obj
 0001:00028132       ?Cvar_FullSet@@YAPAUcvar_t@@PBD0I@Z 00429132 f   cvar.obj
 0001:0002818c       ?Cvar_SetValue@@YAPAUcvar_t@@PBDM@Z 0042918c f   cvar.obj
 0001:000283b2       ?Cvar_SetInteger@@YAPAUcvar_t@@PBDH@Z 004293b2 f   cvar.obj
 0001:000283d4       ?Cvar_Set@@YAPAUcvar_t@@PBD0@Z 004293d4 f   cvar.obj
 0001:000283e9       ?Cvar_ForceSet@@YAPAUcvar_t@@PBD0@Z 004293e9 f   cvar.obj
 0001:000283fe       ?Cvar_Clamp@@YAMPAUcvar_t@@MM@Z 004293fe f   cvar.obj
 0001:0002845c       ?Cvar_GetLatchedVars@@YAXXZ 0042945c f   cvar.obj
 0001:0002848b       ?Cvar_Command@@YA_NHPAPAD@Z 0042948b f   cvar.obj
 0001:00028524       ?IsDefault@cvar_t@@QAE_NXZ 00429524 f i cvar.obj
 0001:00028541       ?Cvar_WriteVariables@@YAXPAU_iobuf@@HHPBD@Z 00429541 f   cvar.obj
 0001:000285c9       ?Cvar_Userinfo@@YAPBDXZ    004295c9 f   cvar.obj
 0001:00028624       ?Cvar_Serverinfo@@YAPBDXZ  00429624 f   cvar.obj
 0001:0002862d       ?Cvar_Cheats@@YAX_N@Z      0042962d f   cvar.obj
 0001:0002867e       ?Cvar_Init@@YAXXZ          0042967e f   cvar.obj
 0001:00028d3d       ?MSG_WriteDeltaEntity@@YAXPAVsizebuf_t@@PBUentity_state_t@@PAU2@_N3@Z 00429d3d f   entdelta.obj
 0001:000292e0       ?MSG_WriteRemoveEntity@@YAXPAVsizebuf_t@@H@Z 0042a2e0 f   entdelta.obj
 0001:00029320       ?MSG_ReadEntityBits@@YAHPAVsizebuf_t@@PAIPA_N@Z 0042a320 f   entdelta.obj
 0001:00029391       ?MSG_ReadDeltaEntity@@YAXPAVsizebuf_t@@PBUentity_state_t@@PAU2@I@Z 0042a391 f   entdelta.obj
 0001:00029414       ?MSG_WriteDeltaUsercmd@@YAXPAVsizebuf_t@@PBUusercmd_t@@PAU2@@Z 0042a414 f   entdelta.obj
 0001:000294a3       ?MSG_ReadDeltaUsercmd@@YAXPAVsizebuf_t@@PBUusercmd_t@@PAU2@@Z 0042a4a3 f   entdelta.obj
 0001:00029526       ?MSG_WriteDeltaPlayerstate@@YAXPAVsizebuf_t@@PBUplayer_state_t@@PAU2@@Z 0042a526 f   entdelta.obj
 0001:0002962f       ?MSG_ReadDeltaPlayerstate@@YAXPAVsizebuf_t@@PBUplayer_state_t@@PAU2@@Z 0042a62f f   entdelta.obj
 0001:00029703       ?FS_CreatePath@@YAXPBD@Z   0042a703 f   files.obj
 0001:00029769       ?FS_CopyFile@@YAXPBD0@Z    0042a769 f   files.obj
 0001:0002986c       ?FS_CopyFiles@@YAXPBD0@Z   0042a86c f   files.obj
 0001:00029945       ?FS_RemoveFiles@@YAXPBD@Z  0042a945 f   files.obj
 0001:000299b9       ?FS_FCloseFile@@YAXPAVQFILE@@@Z 0042a9b9 f   files.obj
 0001:00029a54       ?FS_FOpenFile@@YAPAVQFILE@@PBDPAH@Z 0042aa54 f   files.obj
 0001:00029f60       ?FS_FileExists@@YA_NPBD@Z  0042af60 f   files.obj
 0001:0002a179       ?FS_Read@@YAXPAXHPAVQFILE@@@Z 0042b179 f   files.obj
 0001:0002a3db       ?FS_LoadFile@@YAPAXPBDPAI@Z 0042b3db f   files.obj
 0001:0002a431       ?FS_FreeFile@@YAXPAX@Z     0042b431 f   files.obj
 0001:0002a43c       ?FS_Gamedir@@YAPADXZ       0042b43c f   files.obj
 0001:0002a450       ?FS_LoadGameConfig@@YAXXZ  0042b450 f   files.obj
 0001:0002a515       ?FS_SetGamedir@@YA_NPBD@Z  0042b515 f   files.obj
 0001:0002ac00       ?FS_ListFiles@@YA?AV?$TList@VCStringItem@@@@PBDH@Z 0042bc00 f   files.obj
 0001:0002af08       ?FS_NextPath@@YAPADPBD@Z   0042bf08 f   files.obj
 0001:0002af2c       ?FS_InitFilesystem@@YAXXZ  0042bf2c f   files.obj
 0001:0002b8d8       ?LoadPCX@@YAXPBDPAPAE1PAH2@Z 0042c8d8 f   images.obj
 0001:0002ba22       ?LoadTGA@@YAXPBDPAPAEPAH2@Z 0042ca22 f   images.obj
 0001:0002bc1d       ?LoadJPG@@YAXPBDPAPAEPAH2@Z 0042cc1d f   images.obj
 0001:0002bea9       ?ImageExists@@YAHPBDH@Z    0042cea9 f   images.obj
 0001:0002bfa7       ?WriteTGA@@YA_NPBDPAEHH@Z  0042cfa7 f   images.obj
 0001:0002c191       ?WriteJPG@@YA_NPBDPAEHH_N@Z 0042d191 f   images.obj
 0001:0002c2b8       ?MD4Init@@YAXPAUMD4_CTX@@@Z 0042d2b8 f   md4.obj
 0001:0002c2e0       ?MD4Update@@YAXPAUMD4_CTX@@PAEI@Z 0042d2e0 f   md4.obj
 0001:0002c37e       ?MD4Final@@YAXQAEPAUMD4_CTX@@@Z 0042d37e f   md4.obj
 0001:0002ca6f       ?Com_BlockChecksum@@YAIPAXH@Z 0042da6f f   md4.obj
 0001:0002caab       ?LoadQ2BspFile@@YAXXZ      0042daab f   model.obj
 0001:0002ce83       ?LoadBspFile@@YAPAUbspfile_t@@PBD_NPAI@Z 0042de83 f   model.obj
 0001:0002d031       ?ProcessEntstring@@YAPADPAD@Z 0042e031 f   model.obj
 0001:0002deda       ?Init@sizebuf_t@@QAEXPAXH@Z 0042eeda f   msg.obj
 0001:0002def5       ?Write@sizebuf_t@@QAEXPBXH@Z 0042eef5 f   msg.obj
 0001:0002df65       ?MSG_WriteByte@@YAXPAVsizebuf_t@@H@Z 0042ef65 f   msg.obj
 0001:0002df65       ?MSG_WriteChar@@YAXPAVsizebuf_t@@H@Z 0042ef65 f   msg.obj
 0001:0002df76       ?MSG_WriteShort@@YAXPAVsizebuf_t@@H@Z 0042ef76 f   msg.obj
 0001:0002df87       ?MSG_WriteFloat@@YAXPAVsizebuf_t@@M@Z 0042ef87 f   msg.obj
 0001:0002df87       ?MSG_WriteLong@@YAXPAVsizebuf_t@@H@Z 0042ef87 f   msg.obj
 0001:0002df98       ?MSG_WriteString@@YAXPAVsizebuf_t@@PBD@Z 0042ef98 f   msg.obj
 0001:0002dfc2       ?MSG_WritePos@@YAXPAVsizebuf_t@@QAM@Z 0042efc2 f   msg.obj
 0001:0002e026       ?MSG_WriteAngle@@YAXPAVsizebuf_t@@M@Z 0042f026 f   msg.obj
 0001:0002e051       ?MSG_WriteAngle16@@YAXPAVsizebuf_t@@M@Z 0042f051 f   msg.obj
 0001:0002e07c       ?MSG_WriteDir@@YAXPAVsizebuf_t@@QAM@Z 0042f07c f   msg.obj
 0001:0002e0e3       ?MSG_ReadDir@@YAXPAVsizebuf_t@@QAM@Z 0042f0e3 f   msg.obj
 0001:0002e114       ?MSG_ReadChar@@YAHPAVsizebuf_t@@@Z 0042f114 f   msg.obj
 0001:0002e134       ?MSG_ReadByte@@YAHPAVsizebuf_t@@@Z 0042f134 f   msg.obj
 0001:0002e154       ?MSG_ReadShort@@YAHPAVsizebuf_t@@@Z 0042f154 f   msg.obj
 0001:0002e174       ?MSG_ReadLong@@YAHPAVsizebuf_t@@@Z 0042f174 f   msg.obj
 0001:0002e193       ?MSG_ReadString@@YAPADPAVsizebuf_t@@@Z 0042f193 f   msg.obj
 0001:0002e1c6       ?MSG_ReadPos@@YAXPAVsizebuf_t@@QAM@Z 0042f1c6 f   msg.obj
 0001:0002e218       ?MSG_ReadAngle@@YAMPAVsizebuf_t@@@Z 0042f218 f   msg.obj
 0001:0002e232       ?MSG_ReadAngle16@@YAMPAVsizebuf_t@@@Z 0042f232 f   msg.obj
 0001:0002e24c       ?MSG_ReadData@@YAXPAVsizebuf_t@@PAXH@Z 0042f24c f   msg.obj
 0001:0002e26f       ?Netchan_Init@@YAXXZ       0042f26f f   net_chan.obj
 0001:0002e2e3       ?Netchan_OutOfBandPrint@@YAXW4netsrc_t@@Unetadr_t@@PBDZZ 0042f2e3 f   net_chan.obj
 0001:0002e36a       ?Setup@netchan_t@@QAEXW4netsrc_t@@Unetadr_t@@H@Z 0042f36a f   net_chan.obj
 0001:0002e3c2       ?NeedReliable@netchan_t@@QAE_NXZ 0042f3c2 f   net_chan.obj
 0001:0002e3e7       ?Transmit@netchan_t@@QAEXPAXH@Z 0042f3e7 f   net_chan.obj
 0001:0002e584       ?Process@netchan_t@@QAE_NPAVsizebuf_t@@@Z 0042f584 f   net_chan.obj
 0001:0002e6b2       ?Pmove@@YAXPAUpmove_t@@@Z  0042f6b2 f   pmove.obj
 0001:0003044c       ?NormalizeColor@@YAMQBMQAM@Z 0043144c f   q_shared2.obj
 0001:000304ad       ?NormalizeColor255@@YAMQBMQAM@Z 004314ad f   q_shared2.obj
 0001:00030512       ?Q_rsqrt@@YAMM@Z           00431512 f   q_shared2.obj
 0001:00030542       ?AngleVectors@@YAXQBMQAM11@Z 00431542 f   q_shared2.obj
 0001:000306a3       ?MakeNormalVectors@@YAXQAM00@Z 004316a3 f   q_shared2.obj
 0001:0003070a       ?SetPlaneSignbits@@YAXPAUcplane_t@@@Z 0043170a f   q_shared2.obj
 0001:0003072d       ?LerpAngle@@YAMMMM@Z       0043172d f   q_shared2.obj
 0001:00030770       ?anglemod@@YAMM@Z          00431770 f   q_shared2.obj
 0001:0003079c       ?BoxOnPlaneSide@@YAHQBM0PBUcplane_t@@@Z 0043179c f   q_shared2.obj
 0001:000308bf       ?ClearBounds@@YAXQAM0@Z    004318bf f   q_shared2.obj
 0001:000308e8       ?AddPointToBounds@@YAXQBMQAM1@Z 004318e8 f   q_shared2.obj
 0001:00030921       ?VectorCompare@@YA_NQBM0@Z 00431921 f   q_shared2.obj
 0001:0003094e       ?VectorNormalize@@YAMQAM@Z 0043194e f   q_shared2.obj
 0001:000309a7       ?VectorNormalize2@@YAMQBMQAM@Z 004319a7 f   q_shared2.obj
 0001:00030a02       ?VectorNormalizeFast@@YAMQAM@Z 00431a02 f   q_shared2.obj
 0001:00030a55       ?CrossProduct@@YAXQBM0QAM@Z 00431a55 f   q_shared2.obj
 0001:00030a90       ?VectorLength@@YAMQBM@Z    00431a90 f   q_shared2.obj
 0001:00030abf       ?VectorDistance@@YAMQBM0@Z 00431abf f   q_shared2.obj
 0001:00030af0       ?VectorScale@@YAXQBMMQAM@Z 00431af0 f   q_shared2.obj
 0001:00030b14       ?AnglesToAxis@@YAXQBMQAY02M@Z 00431b14 f   q_shared2.obj
 0001:00030b52       ?ShortSwap@@YAFF@Z         00431b52 f   q_shared2.obj
 0001:00030b67       ?COM_Parse@@YAPADAAPBD_N@Z 00431b67 f   q_shared2.obj
 0001:00030c8b       ?COM_QuoteString@@YAPBDPBD_N@Z 00431c8b f   q_shared2.obj
 0001:00030ce6       ?Com_PageInMemory@@YAXPAXH@Z 00431ce6 f   q_shared2.obj
 0001:00030d05       ?Zip_OpenArchive@@YAPAU_iobuf@@PBD@Z 00431d05 f   zip.obj
 0001:00030d70       ?Zip_CloseArchive@@YAXPAU_iobuf@@@Z 00431d70 f   zip.obj
 0001:00030d7c       ?Zip_EnumArchive@@YA_NPAU_iobuf@@P6A_NPAUzipFile_t@@@Z@Z 00431d7c f   zip.obj
 0001:00030f59       ?Zip_OpenFile@@YAPAUZFILE@@PAU_iobuf@@PAUzipFile_t@@@Z 00431f59 f   zip.obj
 0001:0003103d       ?Zip_ReadFile@@YAHPAUZFILE@@PAXH@Z 0043203d f   zip.obj
 0001:00031133       ?Zip_CloseFile@@YA_NPAUZFILE@@@Z 00432133 f   zip.obj
 0001:00031177       ?Zip_OpenBuf@@YAPAUZBUF@@PAXH@Z 00432177 f   zip.obj
 0001:000311b5       ?Zip_ReadBuf@@YAHPAUZBUF@@PAXH@Z 004321b5 f   zip.obj
 0001:000311fd       ?Zip_CloseBuf@@YAXPAUZBUF@@@Z 004321fd f   zip.obj
 0001:00031212       _zcalloc                   00432212 f   zip.obj
 0001:00031226       _zcfree                    00432226 f   zip.obj
 0001:00031231       ?CDAudio_Play2@@YAXH_N@Z   00432231 f   cd_win.obj
 0001:00031410       ?CDAudio_Play@@YAXH_N@Z    00432410 f   cd_win.obj
 0001:00031427       ?CDAudio_Stop@@YAXXZ       00432427 f   cd_win.obj
 0001:0003146c       ?CDAudio_Pause@@YAXXZ      0043246c f   cd_win.obj
 0001:000314c5       ?CDAudio_Resume@@YAXXZ     004324c5 f   cd_win.obj
 0001:00031534       ?CDAudio_Update@@YAXXZ     00432534 f   cd_win.obj
 0001:00031568       ?CDAudio_Init@@YAHXZ       00432568 f   cd_win.obj
 0001:000319ca       ?CDAudio_Shutdown@@YAXXZ   004329ca f   cd_win.obj
 0001:000319fd       ?CDAudio_Activate@@YAX_N@Z 004329fd f   cd_win.obj
 0001:00031a0e       ?IN_Commands@@YAXXZ        00432a0e f   in_win.obj
 0001:00031b36       ?IN_Init@@YAXXZ            00432b36 f   in_win.obj
 0001:00031e2d       ?IN_Shutdown@@YAXXZ        00432e2d f   in_win.obj
 0001:00032007       ?IN_Move@@YAXPAUusercmd_t@@@Z 00433007 f   in_win.obj
 0001:000325e4       ?IN_Activate@@YAX_N@Z      004335e4 f   in_win.obj
 0001:000325ee       ?IN_Frame@@YAXXZ           004335ee f   in_win.obj
 0001:00032956       ?NetadrToSockadr@@YAXPAUnetadr_t@@PAUsockaddr@@@Z 00433956 f   net_wins.obj
 0001:000329db       ?SockadrToNetadr@@YAXPAUsockaddr@@PAUnetadr_t@@@Z 004339db f   net_wins.obj
 0001:00032a2b       ?NET_CompareAdr@@YA_NPAUnetadr_t@@0@Z 00433a2b f   net_wins.obj
 0001:00032a81       ?NET_CompareBaseAdr@@YA_NPAUnetadr_t@@0@Z 00433a81 f   net_wins.obj
 0001:00032acc       ?NET_AdrToString@@YAPADPAUnetadr_t@@@Z 00433acc f   net_wins.obj
 0001:00032b85       ?NET_StringToAdr@@YA_NPBDPAUnetadr_t@@@Z 00433b85 f   net_wins.obj
 0001:00032e0f       ?NET_IsLocalAddress@@YA_NPAUnetadr_t@@@Z 00433e0f f   net_wins.obj
 0001:00032e1b       ?NET_GetLoopPacket@@YA_NW4netsrc_t@@PAUnetadr_t@@PAVsizebuf_t@@@Z 00433e1b f   net_wins.obj
 0001:00032ea6       ?NET_SendLoopPacket@@YAXW4netsrc_t@@HPAXUnetadr_t@@@Z 00433ea6 f   net_wins.obj
 0001:00032efb       ?NET_GetPacket@@YA_NW4netsrc_t@@PAUnetadr_t@@PAVsizebuf_t@@@Z 00433efb f   net_wins.obj
 0001:00033018       ?NET_SendPacket@@YAXW4netsrc_t@@HPAXUnetadr_t@@@Z 00434018 f   net_wins.obj
 0001:000330e9       ?NET_Config@@YAX_N@Z       004340e9 f   net_wins.obj
 0001:0003345e       ?NET_Init@@YAXXZ           0043445e f   net_wins.obj
 0001:00033518       ?Sys_Mkdir@@YAXPAD@Z       00434518 f   fs_win.obj
 0001:00033524       ?Sys_FindFirst@@YAPBDPBDH@Z 00434524 f   fs_win.obj
 0001:000335de       ?Sys_FindNext@@YAPBDXZ     004345de f   fs_win.obj
 0001:00033648       ?Sys_FindClose@@YAXXZ      00434648 f   fs_win.obj
 0001:00033662       ?Sys_FileExists@@YA_NPBDH@Z 00434662 f   fs_win.obj
 0001:00033680       ?SNDDMA_Init@@YA_NXZ       00434680 f   snd_win.obj
 0001:00033cbf       ?SNDDMA_GetDMAPos@@YAHXZ   00434cbf f   snd_win.obj
 0001:00033d09       ?SNDDMA_BeginPainting@@YAXXZ 00434d09 f   snd_win.obj
 0001:00033e21       ?SNDDMA_Submit@@YAXXZ      00434e21 f   snd_win.obj
 0001:00033e46       ?SNDDMA_Shutdown@@YAXXZ    00434e46 f   snd_win.obj
 0001:00033e4b       ?S_Activate@@YAX_N@Z       00434e4b f   snd_win.obj
 0001:00033e76       ?Sys_Quit@@YAXXZ           00434e76 f   sys_win.obj
 0001:00033f2e       ?Sys_Init@@YAXXZ           00434f2e f   sys_win.obj
 0001:00033fa6       ?Sys_ConsoleInput@@YAPADXZ 00434fa6 f   sys_win.obj
 0001:00034261       ?Sys_ConsoleOutput@@YAXPBD@Z 00435261 f   sys_win.obj
 0001:000342ee       ?Sys_SendKeyEvents@@YAXXZ  004352ee f   sys_win.obj
 0001:000343a6       ?Sys_UnloadGame@@YAXXZ     004353a6 f   sys_win.obj
 0001:00034421       ?Sys_GetGameAPI@@YAPAXPAX@Z 00435421 f   sys_win.obj
 0001:00034578       _WinMain@16                00435578 f   sys_win.obj
 0001:000347fe       ?AddMsgHook@@YAXP6A_NIIJ@Z@Z 004357fe f   vid_dll.obj
 0001:00034842       ?RemoveMsgHook@@YAXP6A_NIIJ@Z@Z 00435842 f   vid_dll.obj
 0001:00034871       ?Vid_CreateWindow@@YAPAXHH_N@Z 00435871 f   vid_dll.obj
 0001:00034f75       ?Vid_DestroyWindow@@YAX_N@Z 00435f75 f   vid_dll.obj
 0001:00034fb0       ?Vid_Restart@@YAXXZ        00435fb0 f   vid_dll.obj
 0001:00034fb8       ?Vid_GetModeInfo@@YA_NPAH0H@Z 00435fb8 f   vid_dll.obj
 0001:00034fe8       ?Vid_Tick@@YAXXZ           00435fe8 f   vid_dll.obj
 0001:00035198       ?Vid_Init@@YAXXZ           00436198 f   vid_dll.obj
 0001:00035269       ?Vid_Shutdown@@YAXXZ       00436269 f   vid_dll.obj
 0001:00035288       ?Tesselate@surfacePlanar_t@OpenGLDrv@@UAEXXZ 00436288 f   gl_backend.obj
 0001:00036e73       ?Tesselate@surfacePoly_t@OpenGLDrv@@UAEXXZ 00437e73 f   gl_backend.obj
 0001:00036f6e       ?Tesselate@surfaceMd3_t@OpenGLDrv@@UAEXXZ 00437f6e f   gl_backend.obj
 0001:00037523       ?Tesselate@surfaceEntity_t@OpenGLDrv@@UAEXXZ 00438523 f   gl_backend.obj
 0001:0003765f       ?Tesselate@surfaceParticle_t@OpenGLDrv@@UAEXXZ 0043865f f   gl_backend.obj
 0001:0003788d       ?BK_DrawScene@OpenGLDrv@@YAXXZ 0043888d f   gl_backend.obj
 0001:00038358       ?BK_DrawPic@OpenGLDrv@@YAXPAVshader_t@1@HHHHMMMMIE@Z 00439358 f   gl_backend.obj
 0001:00038530       ?BK_DrawText@OpenGLDrv@@YAXPBDHHHHHI@Z 00439530 f   gl_backend.obj
 0001:0003871b       ?BK_BeginFrame@OpenGLDrv@@YAXXZ 0043971b f   gl_backend.obj
 0001:000387b4       ?BK_EndFrame@OpenGLDrv@@YAXXZ 004397b4 f   gl_backend.obj
 0001:000387f3       ?InitBackend@OpenGLDrv@@YAXXZ 004397f3 f   gl_backend.obj
 0001:00038827       ?ShutdownBackend@OpenGLDrv@@YAXXZ 00439827 f   gl_backend.obj
 0001:0003883f       ?AllocDynamicMemory@OpenGLDrv@@YAPAXH@Z 0043983f f   gl_buffers.obj
 0001:000388aa       ?ResizeDynamicMemory@OpenGLDrv@@YAXPAXH@Z 004398aa f   gl_buffers.obj
 0001:000388ec       ?AddSurfaceToPortal@OpenGLDrv@@YAXPAVsurfaceBase_t@1@PAVshader_t@1@HH@Z 004398ec f   gl_buffers.obj
 0001:00038955       ?InsertShaderIndex@OpenGLDrv@@YAXH@Z 00439955 f   gl_buffers.obj
 0001:0003898e       ?ClearPortal@OpenGLDrv@@YAXXZ 0043998e f   gl_buffers.obj
 0001:000389ac       ?SortSurfaces@OpenGLDrv@@YAXPAUviewPortal_t@1@PAPAUsurfaceInfo_t@1@@Z 004399ac f   gl_buffers.obj
 0001:00038b3e       ?ClearBuffers@OpenGLDrv@@YAXXZ 00439b3e f   gl_buffers.obj
 0001:00038b55       ?CreateBuffers@OpenGLDrv@@YAXXZ 00439b55 f   gl_buffers.obj
 0001:00038b7b       ?FreeBuffers@OpenGLDrv@@YAXXZ 00439b7b f   gl_buffers.obj
 0001:00038b9f       ?InitEntity@model_t@OpenGLDrv@@UAEXPAUentity_t@@PAUrefEntity_t@2@@Z 00439b9f f   gl_frontend.obj
 0001:00038bb7       ?AddSurfaces@model_t@OpenGLDrv@@UAEXPAUrefEntity_t@2@@Z 00439bb7 f   gl_frontend.obj
 0001:00038be5       ?GetLeaf@model_t@OpenGLDrv@@UAEPAUnode_t@2@PAUrefEntity_t@2@@Z 00439be5 f   gl_frontend.obj
 0001:00038bf6       ?DrawLabel@model_t@OpenGLDrv@@UAEXPAUrefEntity_t@2@@Z 00439bf6 f   gl_frontend.obj
 0001:00038bf9       ?InitEntity@inlineModel_t@OpenGLDrv@@UAEXPAUentity_t@@PAUrefEntity_t@2@@Z 00439bf9 f   gl_frontend.obj
 0001:00038c70       ?AddSurfaces@inlineModel_t@OpenGLDrv@@UAEXPAUrefEntity_t@2@@Z 00439c70 f   gl_frontend.obj
 0001:000391a9       ?GetLeaf@inlineModel_t@OpenGLDrv@@UAEPAUnode_t@2@PAUrefEntity_t@2@@Z 0043a1a9 f   gl_frontend.obj
 0001:00039355       ?DrawLabel@inlineModel_t@OpenGLDrv@@UAEXPAUrefEntity_t@2@@Z 0043a355 f   gl_frontend.obj
 0001:0003939b       ?InitEntity@md3Model_t@OpenGLDrv@@UAEXPAUentity_t@@PAUrefEntity_t@2@@Z 0043a39b f   gl_frontend.obj
 0001:00039592       ?AddSurfaces@md3Model_t@OpenGLDrv@@UAEXPAUrefEntity_t@2@@Z 0043a592 f   gl_frontend.obj
 0001:000395f8       ?GetLeaf@md3Model_t@OpenGLDrv@@UAEPAUnode_t@2@PAUrefEntity_t@2@@Z 0043a5f8 f   gl_frontend.obj
 0001:00039630       ?DrawLabel@md3Model_t@OpenGLDrv@@UAEXPAUrefEntity_t@2@@Z 0043a630 f   gl_frontend.obj
 0001:0003968b       ?InitEntity@sp2Model_t@OpenGLDrv@@UAEXPAUentity_t@@PAUrefEntity_t@2@@Z 0043a68b f   gl_frontend.obj
 0001:000396a5       ?AddSurfaces@sp2Model_t@OpenGLDrv@@UAEXPAUrefEntity_t@2@@Z 0043a6a5 f   gl_frontend.obj
 0001:0003982a       ?GetLeaf@sp2Model_t@OpenGLDrv@@UAEPAUnode_t@2@PAUrefEntity_t@2@@Z 0043a82a f   gl_frontend.obj
 0001:0003990b       ?AddEntity@OpenGLDrv@@YAXPAUentity_t@@@Z 0043a90b f   gl_frontend.obj
 0001:00039ad8       ?AddDlight@OpenGLDrv@@YAXPAUdlight_t@@@Z 0043aad8 f   gl_frontend.obj
 0001:00039c90       ?DrawPortal@OpenGLDrv@@YAXXZ 0043ac90 f   gl_frontend.obj
 0001:0003bc99       ?GL_TextureMode@OpenGLDrv@@YAXPBD@Z 0043cc99 f   gl_image.obj
 0001:0003bd41       ?CreateImage@OpenGLDrv@@YAPAVimage_t@1@PBDPAXHHI@Z 0043cd41 f   gl_image.obj
 0001:0003cab2       ?LoadDelayedImages@OpenGLDrv@@YAXXZ 0043dab2 f   gl_image.obj
 0001:0003cb45       ?DrawStretchRaw8@OpenGLDrv@@YAXHHHHHHPAEPAI@Z 0043db45 f   gl_image.obj
 0001:0003cf06       ?SetupGamma@OpenGLDrv@@YAXXZ 0043df06 f   gl_image.obj
 0001:0003d04c       ?PerformScreenshot@OpenGLDrv@@YAXXZ 0043e04c f   gl_image.obj
 0001:0003d2d9       ?InitImages@OpenGLDrv@@YAXXZ 0043e2d9 f   gl_image.obj
 0001:0003daaa       ?ShutdownImages@OpenGLDrv@@YAXXZ 0043eaaa f   gl_image.obj
 0001:0003db11       ?ShowImages@OpenGLDrv@@YAXXZ 0043eb11 f   gl_image.obj
 0001:0003dd99       ?FindImage@OpenGLDrv@@YAPAVimage_t@1@PBDI@Z 0043ed99 f   gl_image.obj
 0001:0003e039       ?GL_Lock@OpenGLDrv@@YAXXZ  0043f039 f   gl_interface.obj
 0001:0003e0b1       ?GL_Unlock@OpenGLDrv@@YAXXZ 0043f0b1 f   gl_interface.obj
 0001:0003e273       ?GL_Bind@OpenGLDrv@@YAXPAVimage_t@1@@Z 0043f273 f   gl_interface.obj
 0001:0003e39d       ?GL_BindForce@OpenGLDrv@@YAXPAVimage_t@1@@Z 0043f39d f   gl_interface.obj
 0001:0003e41b       ?GL_TexEnv@OpenGLDrv@@YAXI@Z 0043f41b f   gl_interface.obj
 0001:0003e59a       ?GL_TexMipBias@OpenGLDrv@@YAXM@Z 0043f59a f   gl_interface.obj
 0001:0003e5f5       ?GL_TexEnvColor@OpenGLDrv@@YAXPATcolor_t@@@Z 0043f5f5 f   gl_interface.obj
 0001:0003e6a5       ?GL_SelectTexture@OpenGLDrv@@YAXH@Z 0043f6a5 f   gl_interface.obj
 0001:0003e706       ?GL_TexCoordPointer@OpenGLDrv@@YAXPAX@Z 0043f706 f   gl_interface.obj
 0001:0003e736       ?GL_SetMultitexture@OpenGLDrv@@YAXH@Z 0043f736 f   gl_interface.obj
 0001:0003e81c       ?GL_DisableTexCoordArrays@OpenGLDrv@@YAXXZ 0043f81c f   gl_interface.obj
 0001:0003e870       ?GL_CullFace@OpenGLDrv@@YAXW4gl_cullMode_t@1@@Z 0043f870 f   gl_interface.obj
 0001:0003e8c1       ?GL_DepthRange@OpenGLDrv@@YAXW4gl_depthMode_t@1@@Z 0043f8c1 f   gl_interface.obj
 0001:0003e8f4       ?GL_State@OpenGLDrv@@YAXI@Z 0043f8f4 f   gl_interface.obj
 0001:0003ea49       ?GL_EnableFog@OpenGLDrv@@YAX_N@Z 0043fa49 f   gl_interface.obj
 0001:0003eb41       ?GL_SetDefaultState@OpenGLDrv@@YAXXZ 0043fb41 f   gl_interface.obj
 0001:0003ec8f       ?GL_Set2DMode@OpenGLDrv@@YAXXZ 0043fc8f f   gl_interface.obj
 0001:0003ed8a       ?GL_Set3DMode@OpenGLDrv@@YAXPAUviewPortal_t@1@@Z 0043fd8a f   gl_interface.obj
 0001:0003ee72       ?ShowLights@OpenGLDrv@@YAXXZ 0043fe72 f   gl_light.obj
 0001:0003f297       ?LightForEntity@OpenGLDrv@@YAXPAUrefEntity_t@1@@Z 00440297 f   gl_light.obj
 0001:000404f8       ?DiffuseLight@OpenGLDrv@@YAXPATcolor_t@@M@Z 004414f8 f   gl_light.obj
 0001:00040670       ?InitLightGrid@OpenGLDrv@@YAXXZ 00441670 f   gl_light.obj
 0001:00040716       ?PostLoadLights@OpenGLDrv@@YAXXZ 00441716 f   gl_light.obj
 0001:000409b5       ?LM_Init@OpenGLDrv@@YAXXZ  004419b5 f   gl_lightmap.obj
 0001:000409cb       ?LM_Flush@OpenGLDrv@@YAXPAUlightmapBlock_t@1@@Z 004419cb f   gl_lightmap.obj
 0001:00040a28       ?LM_Done@OpenGLDrv@@YAXXZ  00441a28 f   gl_lightmap.obj
 0001:00040a4f       ?LM_Save@OpenGLDrv@@YAXPAUlightmapBlock_t@1@@Z 00441a4f f   gl_lightmap.obj
 0001:00040a67       ?LM_Restore@OpenGLDrv@@YAXPAUlightmapBlock_t@1@@Z 00441a67 f   gl_lightmap.obj
 0001:00040a7f       ?LM_NewBlock@OpenGLDrv@@YAPAUlightmapBlock_t@1@XZ 00441a7f f   gl_lightmap.obj
 0001:00040aef       ?LM_Rewind@OpenGLDrv@@YAXXZ 00441aef f   gl_lightmap.obj
 0001:00040af7       ?LM_NextBlock@OpenGLDrv@@YAPAUlightmapBlock_t@1@XZ 00441af7 f   gl_lightmap.obj
 0001:00040b24       ?LM_CheckMinlight@OpenGLDrv@@YAXPAUdynamicLightmap_t@1@@Z 00441b24 f   gl_lightmap.obj
 0001:00040bba       ?LM_AllocBlock@OpenGLDrv@@YA_NPAUlightmapBlock_t@1@PAUdynamicLightmap_t@1@@Z 00441bba f   gl_lightmap.obj
 0001:00040c71       ?LM_PutBlock@OpenGLDrv@@YAXPAUdynamicLightmap_t@1@@Z 00441c71 f   gl_lightmap.obj
 0001:0004109e       ?LM_SortLightStyles@OpenGLDrv@@YAXPAUdynamicLightmap_t@1@@Z 0044209e f   gl_lightmap.obj
 0001:0004112f       ?UpdateDynamicLightmap@OpenGLDrv@@YAXPAVsurfacePlanar_t@1@_NI@Z 0044212f f   gl_lightmap.obj
 0001:00041631       ?LM_IsMonotone@OpenGLDrv@@YA_NPAUdynamicLightmap_t@1@PATcolor_t@@@Z 00442631 f   gl_lightmap.obj
 0001:00041738       ?Init@OpenGLDrv@@YA_NXZ    00442738 f   gl_main.obj
 0001:00041d9e       ?Shutdown@OpenGLDrv@@YAX_N@Z 00442d9e f   gl_main.obj
 0001:00041e27       ?GL_EnableRendering@OpenGLDrv@@YAX_N@Z 00442e27 f   gl_main.obj
 0001:00041e42       ?BeginFrame@OpenGLDrv@@YAXXZ 00442e42 f   gl_main.obj
 0001:00041f5c       ?EndFrame@OpenGLDrv@@YAXXZ 00442f5c f   gl_main.obj
 0001:00041f74       ?RenderFrame@OpenGLDrv@@YAXPAUrefdef_t@@@Z 00442f74 f   gl_main.obj
 0001:0004278a       ?Fill8@OpenGLDrv@@YAXHHHHH@Z 0044378a f   gl_main.obj
 0001:000427cd       ?Fill@OpenGLDrv@@YAXHHHHI@Z 004437cd f   gl_main.obj
 0001:00042809       ?TileClear@OpenGLDrv@@YAXHHHHPBD@Z 00443809 f   gl_main.obj
 0001:000428c0       ?DrawStretchPic@OpenGLDrv@@YAXHHHHPBD@Z 004438c0 f   gl_main.obj
 0001:0004293d       ?DrawDetailedPic@OpenGLDrv@@YAXHHHHPBD@Z 0044393d f   gl_main.obj
 0001:000429e4       ?DrawPic@OpenGLDrv@@YAXHHPBDHH@Z 004439e4 f   gl_main.obj
 0001:00042a69       ?BeginRegistration@OpenGLDrv@@YAXPBD@Z 00443a69 f   gl_main.obj
 0001:00042a8d       _jpeg_mem_term             00443a8d f   gl_main.obj
 0001:00042a8d       __setargv                  00443a8d f   gl_main.obj
 0001:00042a8d       ?EndRegistration@OpenGLDrv@@YAXXZ 00443a8d f   gl_main.obj
 0001:00042a8e       ?RegisterPic@OpenGLDrv@@YAPAVCBasicImage@@PBD@Z 00443a8e f   gl_main.obj
 0001:00042a9c       ?RegisterSkin@OpenGLDrv@@YAPAVCBasicImage@@PBD@Z 00443a9c f   gl_main.obj
 0001:00042aa7       ?RegisterModel@OpenGLDrv@@YAPAVCRenderModel@@PBD@Z 00443aa7 f   gl_main.obj
 0001:00042abb       ?SetSky@OpenGLDrv@@YAXPBDMQAM@Z 00443abb f   gl_main.obj
 0001:00042b61       ?Screenshot@OpenGLDrv@@YAXHPBD@Z 00443b61 f   gl_main.obj
 0001:00042b84       ?GetClientLight@OpenGLDrv@@YAMXZ 00443b84 f   gl_main.obj
 0001:00042b8b       ?GetCaps@OpenGLDrv@@YAIXZ  00443b8b f   gl_main.obj
 0001:00042b91       ?InitFuncTables@OpenGLDrv@@YAXXZ 00443b91 f   gl_math.obj
 0001:00042d42       ?ModelToWorldCoord@OpenGLDrv@@YAXQAMPAUrefEntity_t@1@0@Z 00443d42 f   gl_math.obj
 0001:00042db3       ?WorldToModelCoord@OpenGLDrv@@YAXQAMPAUrefEntity_t@1@0@Z 00443db3 f   gl_math.obj
 0001:00042dfa       ?BuildRotationMatrix@OpenGLDrv@@YAXQAY02MQAMM@Z 00443dfa f   gl_math.obj
 0001:00042ef4       ?GetBoxRect@OpenGLDrv@@YA_NPAUrefEntity_t@1@QAM11_N@Z 00443ef4 f   gl_math.obj
 0001:00043265       ?ProjectToScreen@OpenGLDrv@@YA_NQAMPAH@Z 00444265 f   gl_math.obj
 0001:000433a8       ?SaturateColor3f@OpenGLDrv@@YAXQAM@Z 004443a8 f   gl_math.obj
 0001:00043498       ?SaturateColor4b@OpenGLDrv@@YAXPATcolor_t@@@Z 00444498 f   gl_math.obj
 0001:000435a6       ?FindModel@OpenGLDrv@@YAPAVmodel_t@1@PBD@Z 004445a6 f   gl_model.obj
 0001:000436f4       ?LoadWorldMap@OpenGLDrv@@YAXPBD@Z 004446f4 f   gl_model.obj
 0001:0004520d       ?PointInLeaf@OpenGLDrv@@YAPAUnode_t@1@QAM@Z 0044620d f   gl_model.obj
 0001:00045e09       ?ATAN2_FUNC@OpenGLDrv@@YAMMM@Z 00446e09 f i gl_model.obj
 0001:000463c0       ?FindSkin@OpenGLDrv@@YAPAVshader_t@1@PBD@Z 004473c0 f   gl_model.obj
 0001:00046598       ?InitModels@OpenGLDrv@@YAXXZ 00447598 f   gl_model.obj
 0001:0004668e       ?ShutdownModels@OpenGLDrv@@YAXXZ 0044768e f   gl_model.obj
 0001:0004669f       ?CALL_CONSTRUCTOR@@YAXPAVinlineModel_t@OpenGLDrv@@@Z 0044769f f i gl_model.obj
 0001:000466b5       ?CALL_CONSTRUCTOR@@YAXPAVmd3Model_t@OpenGLDrv@@@Z 004476b5 f i gl_model.obj
 0001:000466cb       ?CALL_CONSTRUCTOR@@YAXPAVsp2Model_t@OpenGLDrv@@@Z 004476cb f i gl_model.obj
 0001:000466e1       ?SubdividePlane@OpenGLDrv@@YAHPAPAY02MHM@Z 004476e1 f   gl_poly.obj
 0001:00046b42       ?FreeSubdividedPlane@OpenGLDrv@@YAXXZ 00447b42 f   gl_poly.obj
 0001:00046b5a       ?GetSubdivideIndexes@OpenGLDrv@@YAXPAH@Z 00447b5a f   gl_poly.obj
 0001:00046bad       ?RemoveCollinearPoints@OpenGLDrv@@YAHPAPAY02MH@Z 00447bad f   gl_poly.obj
 0001:00046ca8       ?GetPolyArea@OpenGLDrv@@YAMPAPAY02MH@Z 00447ca8 f   gl_poly.obj
 0001:00046d3c       ?InitShaders@OpenGLDrv@@YAXXZ 00447d3c f   gl_shader.obj
 0001:00046e93       ?ShutdownShaders@OpenGLDrv@@YAXXZ 00447e93 f   gl_shader.obj
 0001:00046ecd       ?GetLightmapImage@OpenGLDrv@@YAPAVimage_t@1@H@Z 00447ecd f   gl_shader.obj
 0001:00046ef5       ?SetShaderLightmap@OpenGLDrv@@YAPAVshader_t@1@PAV21@H@Z 00447ef5 f   gl_shader.obj
 0001:0004721a       ??4shader_t@OpenGLDrv@@QAEAAV01@ABV01@@Z 0044821a f i gl_shader.obj
 0001:00047351       ??4CBasicImage@@QAEAAV0@ABV0@@Z 00448351 f i gl_shader.obj
 0001:00047459       ?SetShaderLightstyles@OpenGLDrv@@YAPAVshader_t@1@PAV21@I@Z 00448459 f   gl_shader.obj
 0001:000474f7       ?GetAlphaShader@OpenGLDrv@@YAPAVshader_t@1@PAV21@@Z 004484f7 f   gl_shader.obj
 0001:000477ba       ?FindShader@OpenGLDrv@@YAPAVshader_t@1@PBDI@Z 004487ba f   gl_shader.obj
 0001:00047dd3       ?GetShaderByNum@OpenGLDrv@@YAPAVshader_t@1@H@Z 00448dd3 f   gl_shader.obj
 0001:00047df1       ?ResetShaders@OpenGLDrv@@YAXXZ 00448df1 f   gl_shader.obj
 0001:000482c3       ?Reload@shader_t@OpenGLDrv@@UAEXXZ 004492c3 f   gl_shader.obj
 0001:000482ee       ?ClearSkyBox@OpenGLDrv@@YAXXZ 004492ee f   gl_sky.obj
 0001:00048305       ?SetSkyRotate@OpenGLDrv@@YAXMQAM@Z 00449305 f   gl_sky.obj
 0001:0004833d       ?SkyVisible@OpenGLDrv@@YA_NXZ 0044933d f   gl_sky.obj
 0001:00048356       ?AddSkySurface@OpenGLDrv@@YAXPAVsurfacePlanar_t@1@QAME@Z 00449356 f   gl_sky.obj
 0001:00048965       ?TesselateSkySide@OpenGLDrv@@YAHHPAUbufVertex_t@1@PAUbufTexCoord_t@1@M@Z 00449965 f   gl_sky.obj
 0001:00048c2a       ?DrawChar@OpenGLDrv@@YAXHHHH@Z 00449c2a f   gl_text.obj
 0001:00048c57       ?DrawConChar@OpenGLDrv@@YAXHHHH@Z 00449c57 f   gl_text.obj
 0001:00048c8c       ?ClearTexts@OpenGLDrv@@YAXXZ 00449c8c f   gl_text.obj
 0001:00048ca1       ?FlushTexts@OpenGLDrv@@YAXXZ 00449ca1 f   gl_text.obj
 0001:00048d33       ?DrawTextLeft@OpenGLDrv@@YAXPBDI@Z 00449d33 f   gl_text.obj
 0001:00048ea1       ?DrawTextRight@OpenGLDrv@@YAXPBDI@Z 00449ea1 f   gl_text.obj
 0001:00048eeb       ?DrawText3D@OpenGLDrv@@YAXQAMPBDI@Z 00449eeb f   gl_text.obj
 0001:00048f18       ?InitTexts@OpenGLDrv@@YAXXZ 00449f18 f   gl_text.obj
 0001:0004a527       ?QGL_Init@OpenGLDrv@@YA_NPBD@Z 0044b527 f   qgl_win.obj
 0001:0004a609       ?QGL_Shutdown@OpenGLDrv@@YAXXZ 0044b609 f   qgl_win.obj
 0001:0004a647       ?QGL_InitExtensions@OpenGLDrv@@YAXXZ 0044b647 f   qgl_win.obj
 0001:0004ab33       ?QGL_PrintExtensionsString@OpenGLDrv@@YAXPBD00@Z 0044bb33 f   qgl_win.obj
 0001:0004ac80       ?QGL_EnableLogging@OpenGLDrv@@YAX_N@Z 0044bc80 f   qgl_win.obj
 0001:0004ad3a       ?QGL_LogMessage@OpenGLDrv@@YAXPBD@Z 0044bd3a f   qgl_win.obj
 0001:0004ad51       ?QGL_SwapBuffers@OpenGLDrv@@YAXXZ 0044bd51 f   qgl_win.obj
 0001:0004ada8       ?GLimp_HasGamma@OpenGLDrv@@YA_NXZ 0044bda8 f   gl_win.obj
 0001:0004adbc       ?GLimp_SetGamma@OpenGLDrv@@YAXM@Z 0044bdbc f   gl_win.obj
 0001:0004af64       ?GLimp_SetMode@OpenGLDrv@@YA_NPAI0H_N@Z 0044bf64 f   gl_win.obj
 0001:0004b35a       ?GLimp_Shutdown@OpenGLDrv@@YAX_N@Z 0044c35a f   gl_win.obj
 0001:0004b407       ?AppActivate@OpenGLDrv@@YAX_N@Z 0044c407 f   gl_win.obj
 0001:0004b477       _jpeg_CreateDecompress     0044c477 f   lib:jdapimin.obj
 0001:0004b537       _jpeg_read_header          0044c537 f   lib:jdapimin.obj
 0001:0004b599       _jpeg_consume_input        0044c599 f   lib:jdapimin.obj
 0001:0004b7e8       _jpeg_finish_decompress    0044c7e8 f   lib:jdapimin.obj
 0001:0004b87f       _jpeg_start_decompress     0044c87f f   lib:jdapistd.obj
 0001:0004b9ec       _jpeg_read_scanlines       0044c9ec f   lib:jdapistd.obj
 0001:0004ba70       _jpeg_resync_to_restart    0044ca70 f   lib:jdmarker.obj
 0001:0004bc35       _jinit_marker_reader       0044cc35 f   lib:jdmarker.obj
 0001:0004d100       _jpeg_CreateCompress       0044e100 f   lib:jcapimin.obj
 0001:0004d1b4       _jpeg_destroy_decompress   0044e1b4 f   lib:jcapimin.obj
 0001:0004d1b4       _jpeg_destroy_compress     0044e1b4 f   lib:jcapimin.obj
 0001:0004d1bf       _jpeg_suppress_tables      0044e1bf f   lib:jcapimin.obj
 0001:0004d209       _jpeg_finish_compress      0044e209 f   lib:jcapimin.obj
 0001:0004d2f3       _jpeg_start_compress       0044e2f3 f   lib:jcapistd.obj
 0001:0004d35f       _jpeg_write_scanlines      0044e35f f   lib:jcapistd.obj
 0001:0004d40a       _jpeg_add_quant_table      0044e40a f   lib:jcparam.obj
 0001:0004d4bc       _jpeg_quality_scaling      0044e4bc f   lib:jcparam.obj
 0001:0004d4e3       _jpeg_set_quality          0044e4e3 f   lib:jcparam.obj
 0001:0004d51d       _jpeg_set_defaults         0044e51d f   lib:jcparam.obj
 0001:0004d6e3       _jpeg_default_colorspace   0044e6e3 f   lib:jcparam.obj
 0001:0004d733       _jpeg_set_colorspace       0044e733 f   lib:jcparam.obj
 0001:0004da4e       _jpeg_stdio_dest           0044ea4e f   lib:jdatadst.obj
 0001:0004dc6e       _crc32                     0044ec6e f   lib:crc32.obj
 0001:0004df08       _inflateReset              0044ef08 f   lib:inflate.obj
 0001:0004df56       _inflateInit2_             0044ef56 f   lib:inflate.obj
 0001:0004e00f       _inflate                   0044f00f f   lib:inflate.obj
 0001:0004f2e4       _inflateEnd                004502e4 f   lib:inflate.obj
 0001:0004f322       _jinit_input_controller    00450322 f   lib:jdinput.obj
 0001:0004f805       _jinit_memory_mgr          00450805 f   lib:jmemmgr.obj
 0001:00050341       _jpeg_abort                00451341 f   lib:jcomapi.obj
 0001:00050374       _jpeg_destroy              00451374 f   lib:jcomapi.obj
 0001:0005038f       _jpeg_alloc_quant_table    0045138f f   lib:jcomapi.obj
 0001:000503ab       _jpeg_alloc_huff_table     004513ab f   lib:jcomapi.obj
 0001:000503c7       _jpeg_calc_output_dimensions 004513c7 f   lib:jdmaster.obj
 0001:000504c7       _jinit_master_decompress   004514c7 f   lib:jdmaster.obj
 0001:0005081d       _jdiv_round_up             0045181d f   lib:jutils.obj
 0001:0005082d       _jround_up                 0045182d f   lib:jutils.obj
 0001:00050845       _jcopy_sample_rows         00451845 f   lib:jutils.obj
 0001:00050883       _jcopy_block_row           00451883 f   lib:jutils.obj
 0001:0005089c       _jzero_far                 0045189c f   lib:jutils.obj
 0001:000508af       _jinit_marker_writer       004518af f   lib:jcmarker.obj
 0001:0005118b       _jinit_compress_master     0045218b f   lib:jcinit.obj
 0001:000511e4       _inflate_fast              004521e4 f   lib:inffast.obj
 0001:00051599       _inflate_table             00452599 f   lib:inftrees.obj
 0001:0005194d       _adler32                   0045294d f   lib:adler32.obj
 0001:00051a66       _jinit_c_codec             00452a66 f   lib:jcodec.obj
 0001:00051a82       _jinit_d_codec             00452a82 f   lib:jcodec.obj
 0001:00051a9e       _jpeg_get_small            00452a9e f   lib:jmemnobs.obj
 0001:00051a9e       _jpeg_get_large            00452a9e f   lib:jmemnobs.obj
 0001:00051aaa       _jpeg_free_small           00452aaa f   lib:jmemnobs.obj
 0001:00051aaa       _jpeg_free_large           00452aaa f   lib:jmemnobs.obj
 0001:00051ab6       _jpeg_mem_available        00452ab6 f   lib:jmemnobs.obj
 0001:00051abb       _jpeg_open_backing_store   00452abb f   lib:jmemnobs.obj
 0001:00051acf       __matherr                  00452acf f   lib:jmemnobs.obj
 0001:00051acf       _jpeg_mem_init             00452acf f   lib:jmemnobs.obj
 0001:00051ad2       _jinit_d_main_controller   00452ad2 f   lib:jdmainct.obj
 0001:0005211d       _jinit_d_post_controller   0045311d f   lib:jdpostct.obj
 0001:000523c8       _jinit_upsampler           004533c8 f   lib:jdsample.obj
 0001:00052a06       _jinit_color_deconverter   00453a06 f   lib:jdcolor.obj
 0001:00052f1d       _jinit_merged_upsampler    00453f1d f   lib:jdmerge.obj
 0001:0005346d       _jinit_2pass_quantizer     0045446d f   lib:jquant2.obj
 0001:00054530       _jinit_1pass_quantizer     00455530 f   lib:jquant1.obj
 0001:00054f56       _jinit_c_main_controller   00455f56 f   lib:jcmainct.obj
 0001:000550c3       _jinit_c_prep_controller   004560c3 f   lib:jcprepct.obj
 0001:0005560e       _jinit_downsampler         0045660e f   lib:jcsample.obj
 0001:00055e8e       _jinit_color_converter     00456e8e f   lib:jccolor.obj
 0001:00056478       _jinit_c_master_control    00457478 f   lib:jcmaster.obj
 0001:00056f67       _jinit_lossy_c_codec       00457f67 f   lib:jclossy.obj
 0001:00057002       _jinit_lossless_c_codec    00458002 f   lib:jclossls.obj
 0001:0005709a       _jinit_lossy_d_codec       0045809a f   lib:jdlossy.obj
 0001:0005736d       _jinit_lossless_d_codec    0045836d f   lib:jdlossls.obj
 0001:0005741d       _jinit_c_coef_controller   0045841d f   lib:jccoefct.obj
 0001:00057afe       _jinit_shuff_encoder       00458afe f   lib:jcshuff.obj
 0001:00058369       _jinit_phuff_encoder       00459369 f   lib:jcphuff.obj
 0001:00058e0e       _jinit_forward_dct         00459e0e f   lib:jcdctmgr.obj
 0001:000590dd       _jinit_c_diff_controller   0045a0dd f   lib:jcdiffct.obj
 0001:00059601       _jinit_lhuff_encoder       0045a601 f   lib:jclhuff.obj
 0001:00059d2b       _jinit_differencer         0045ad2b f   lib:jcpred.obj
 0001:0005a245       _jinit_c_scaler            0045b245 f   lib:jcscale.obj
 0001:0005a2bb       _jinit_d_coef_controller   0045b2bb f   lib:jdcoefct.obj
 0001:0005af97       _jinit_shuff_decoder       0045bf97 f   lib:jdshuff.obj
 0001:0005b52c       _jinit_phuff_decoder       0045c52c f   lib:jdphuff.obj
 0001:0005c0c9       _jinit_inverse_dct         0045d0c9 f   lib:jddctmgr.obj
 0001:0005c2ad       _jinit_d_diff_controller   0045d2ad f   lib:jddiffct.obj
 0001:0005c7db       _jinit_d_scaler            0045d7db f   lib:jdscale.obj
 0001:0005c8da       _jinit_undifferencer       0045d8da f   lib:jdpred.obj
 0001:0005cc94       _jinit_lhuff_decoder       0045dc94 f   lib:jdlhuff.obj
 0001:0005d089       _jpeg_make_c_derived_tbl   0045e089 f   lib:jchuff.obj
 0001:0005d28b       _jpeg_gen_optimal_table    0045e28b f   lib:jchuff.obj
 0001:0005d44a       _jpeg_fdct_float           0045e44a f   lib:jfdctflt.obj
 0001:0005d64f       _jpeg_make_d_derived_tbl   0045e64f f   lib:jdhuff.obj
 0001:0005d8ec       _jpeg_fill_bit_buffer      0045e8ec f   lib:jdhuff.obj
 0001:0005d9fb       _jpeg_huff_decode          0045e9fb f   lib:jdhuff.obj
 0001:0005dadb       _jpeg_idct_4x4             0045eadb f   lib:jidctred.obj
 0001:0005ddc9       _jpeg_idct_2x2             0045edc9 f   lib:jidctred.obj
 0001:0005df8b       _jpeg_idct_1x1             0045ef8b f   lib:jidctred.obj
 0001:0005dfc7       _jpeg_idct_float           0045efc7 f   lib:jidctflt.obj
 0001:0005e3a0       __except_handler3          0045f3a0 f   MSVCRT:MSVCRT.dll
 0001:0005e3b0       __alloca_probe             0045f3b0 f   MSVCRT:chkstk.obj
 0001:0005e3b0       __chkstk                   0045f3b0 f   MSVCRT:chkstk.obj
 0001:0005e3df       ??_Etype_info@@UAEPAXI@Z   0045f3df f i MSVCRT:ti_inst.obj
 0001:0005e3df       ??_Gtype_info@@UAEPAXI@Z   0045f3df f i MSVCRT:ti_inst.obj
 0001:0005e3fc       __CxxThrowException@8      0045f3fc f   MSVCRT:MSVCRT.dll
 0001:0005e402       _strcpy                    0045f402 f   MSVCRT:MSVCRT.dll
 0001:0005e408       _strlen                    0045f408 f   MSVCRT:MSVCRT.dll
 0001:0005e40e       _strcmp                    0045f40e f   MSVCRT:MSVCRT.dll
 0001:0005e414       _sin                       0045f414 f   MSVCRT:MSVCRT.dll
 0001:0005e41a       _tan                       0045f41a f   MSVCRT:MSVCRT.dll
 0001:0005e420       _cos                       0045f420 f   MSVCRT:MSVCRT.dll
 0001:0005e426       _strcat                    0045f426 f   MSVCRT:MSVCRT.dll
 0001:0005e42c       _fmod                      0045f42c f   MSVCRT:MSVCRT.dll
 0001:0005e432       _atan2                     0045f432 f   MSVCRT:MSVCRT.dll
 0001:0005e438       _acos                      0045f438 f   MSVCRT:MSVCRT.dll
 0001:0005e43e       _sqrt                      0045f43e f   MSVCRT:MSVCRT.dll
 0001:0005e444       _atan                      0045f444 f   MSVCRT:MSVCRT.dll
 0001:0005e44a       _memcpy                    0045f44a f   MSVCRT:MSVCRT.dll
 0001:0005e450       _memset                    0045f450 f   MSVCRT:MSVCRT.dll
 0001:0005e456       _pow                       0045f456 f   MSVCRT:MSVCRT.dll
 0001:0005e45c       _asin                      0045f45c f   MSVCRT:MSVCRT.dll
 0001:0005e462       __purecall                 0045f462 f   MSVCRT:MSVCRT.dll
 0001:0005e468       _WinMainCRTStartup         0045f468 f   MSVCRT:crtexew.obj
 0001:0005e5c6       __ftol                     0045f5c6 f   MSVCRT:MSVCRT.dll
 0001:0005e5cc       ??1type_info@@UAE@XZ       0045f5cc f   MSVCRT:MSVCRT.dll
 0001:0005e5d2       __XcptFilter               0045f5d2 f   MSVCRT:MSVCRT.dll
 0001:0005e5d8       __initterm                 0045f5d8 f   MSVCRT:MSVCRT.dll
 0001:0005e5de       __setdefaultprecision      0045f5de f   MSVCRT:fp8.obj
 0001:0005e5f0       __controlfp                0045f5f0 f   MSVCRT:MSVCRT.dll
 0002:00000000       __imp__SwapBuffers@4       00460000     gdi32:GDI32.dll
 0002:00000004       __imp__SetPixelFormat@12   00460004     gdi32:GDI32.dll
 0002:00000008       __imp__DescribePixelFormat@16 00460008     gdi32:GDI32.dll
 0002:0000000c       __imp__ChoosePixelFormat@8 0046000c     gdi32:GDI32.dll
 0002:00000010       __imp__SetDeviceGammaRamp@8 00460010     gdi32:GDI32.dll
 0002:00000014       __imp__GetDeviceGammaRamp@8 00460014     gdi32:GDI32.dll
 0002:00000018       __imp__GetDeviceCaps@8     00460018     gdi32:GDI32.dll
 0002:0000001c       \177GDI32_NULL_THUNK_DATA  0046001c     gdi32:GDI32.dll
 0002:00000020       __imp__GetDriveTypeA@4     00460020     kernel32:KERNEL32.dll
 0002:00000024       __imp__SetErrorMode@4      00460024     kernel32:KERNEL32.dll
 0002:00000028       __imp__GetStdHandle@4      00460028     kernel32:KERNEL32.dll
[...]
 0001:0005c44b       _start_iMCU_row            0045d44b f   lib:jddiffct.obj
 0001:0005c490       _start_output_pass         0045d490 f   lib:jddiffct.obj
 0001:0005c49c       _decompress_data           0045d49c f   lib:jddiffct.obj
 0001:0005c60c       _process_restart           0045d60c f   lib:jddiffct.obj
 0001:0005a62c       _dummy_consume_data        0045b62c f   lib:jdcoefct.obj
 0001:0005c641       _consume_data              0045d641 f   lib:jddiffct.obj
 0001:0005c6b8       _output_data               0045d6b8 f   lib:jddiffct.obj
 0001:0005c13f       _start_pass                0045d13f f   lib:jddctmgr.obj
 0001:0005b591       _start_pass_phuff_decoder  0045c591 f   lib:jdphuff.obj
 0001:0005b7da       _decode_mcu_DC_first       0045c7da f   lib:jdphuff.obj
 0001:0005b9d2       _process_restart           0045c9d2 f   lib:jdphuff.obj
 0001:0005ba41       _decode_mcu_AC_first       0045ca41 f   lib:jdphuff.obj
 0001:0005bc61       _decode_mcu_DC_refine      0045cc61 f   lib:jdphuff.obj
 0001:0005bd36       _decode_mcu_AC_refine      0045cd36 f   lib:jdphuff.obj
 0001:0005afd8       _start_pass_huff_decoder   0045bfd8 f   lib:jdshuff.obj
 0001:0005b110       _decode_mcu                0045c110 f   lib:jdshuff.obj
 0001:0005b4c0       _process_restart           0045c4c0 f   lib:jdshuff.obj
 0001:0005a3be       _start_input_pass          0045b3be f   lib:jdcoefct.obj
 0001:0005a3d1       _start_iMCU_row            0045b3d1 f   lib:jdcoefct.obj
 0001:0005a416       _start_output_pass         0045b416 f   lib:jdcoefct.obj
 0001:0005a453       _decompress_onepass        0045b453 f   lib:jdcoefct.obj
 0001:0005a62c       _dummy_consume_data        0045b62c f   lib:jdcoefct.obj
 0001:0005a62f       _consume_data              0045b62f f   lib:jdcoefct.obj
 0001:0005a7e8       _decompress_data           0045b7e8 f   lib:jdcoefct.obj
 0001:0005a954       _smoothing_ok              0045b954 f   lib:jdcoefct.obj
 0001:0005aa3f       _decompress_smooth_data    0045ba3f f   lib:jdcoefct.obj
 0001:0005a257       _scaler_start_pass         0045b257 f   lib:jcscale.obj
 0001:0005a27a       _simple_downscale          0045b27a f   lib:jcscale.obj
 0001:0005a2a6       _noscale                   0045b2a6 f   lib:jcscale.obj
 0001:00059d4f       _start_pass                0045ad4f f   lib:jcpred.obj
 0001:00059da7       _reset_predictor           0045ada7 f   lib:jcpred.obj
 0001:00059dd4       _jpeg_difference_first_row 0045add4 f   lib:jcpred.obj
 0001:00059ebe       _jpeg_difference1          0045aebe f   lib:jcpred.obj
 0001:00059f2c       _jpeg_difference2          0045af2c f   lib:jcpred.obj
 0001:00059f9d       _jpeg_difference3          0045af9d f   lib:jcpred.obj
 0001:0005a015       _jpeg_difference4          0045b015 f   lib:jcpred.obj
 0001:0005a0a0       _jpeg_difference5          0045b0a0 f   lib:jcpred.obj
 0001:0005a133       _jpeg_difference6          0045b133 f   lib:jcpred.obj
 0001:0005a1c2       _jpeg_difference7          0045b1c2 f   lib:jcpred.obj
 0001:00059641       _start_pass_huff           0045a641 f   lib:jclhuff.obj
 0001:000597de       _encode_mcus_huff          0045a7de f   lib:jclhuff.obj
 0001:000599c9       _emit_bits                 0045a9c9 f   lib:jclhuff.obj
 0001:00059a6c       _dump_buffer               0045aa6c f   lib:jclhuff.obj
 0001:00059a90       _emit_restart              0045aa90 f   lib:jclhuff.obj
 0001:00059adb       _flush_bits                0045aadb f   lib:jclhuff.obj
 0001:00059aff       _finish_pass_huff          0045aaff f   lib:jclhuff.obj
 0001:00059b6c       _encode_mcus_gather        0045ab6c f   lib:jclhuff.obj
 0001:00059c95       _finish_pass_gather        0045ac95 f   lib:jclhuff.obj
 0001:00058366       _need_optimization_pass    00459366 f   lib:jcshuff.obj
 0001:00059261       _start_pass_diff           0045a261 f   lib:jcdiffct.obj
 0001:00057567       _start_iMCU_row            00458567 f   lib:jccoefct.obj
 0001:000592ff       _compress_data             0045a2ff f   lib:jcdiffct.obj
 0001:00059495       _compress_first_pass       0045a495 f   lib:jcdiffct.obj
 0001:0005958a       _compress_output           0045a58a f   lib:jcdiffct.obj
 0001:00058e74       _start_pass_fdctmgr        00459e74 f   lib:jcdctmgr.obj
 0001:00058f76       _forward_DCT_float         00459f76 f   lib:jcdctmgr.obj
 0001:000583a9       _start_pass_phuff          004593a9 f   lib:jcphuff.obj
 0001:00058516       _encode_mcu_DC_first       00459516 f   lib:jcphuff.obj
 0001:00058648       _emit_bits                 00459648 f   lib:jcphuff.obj
 0001:000586f3       _dump_buffer               004596f3 f   lib:jcphuff.obj
 0001:0005872b       _emit_symbol               0045972b f   lib:jcphuff.obj
 0001:0005876b       _emit_restart              0045976b f   lib:jcphuff.obj
 0001:000587f4       _emit_eobrun               004597f4 f   lib:jcphuff.obj
 0001:0005887a       _encode_mcu_AC_first       0045987a f   lib:jcphuff.obj
 0001:00058a0e       _encode_mcu_DC_refine      00459a0e f   lib:jcphuff.obj
 0001:00058ac8       _encode_mcu_AC_refine      00459ac8 f   lib:jcphuff.obj
 0001:00058cdf       _finish_pass_phuff         00459cdf f   lib:jcphuff.obj
 0001:00058d2e       _finish_pass_gather_phuff  00459d2e f   lib:jcphuff.obj
 0001:00058df1       _need_optimization_pass    00459df1 f   lib:jcphuff.obj
 0001:00057b41       _start_pass_huff           00458b41 f   lib:jcshuff.obj
 0001:00057cb6       _encode_mcu_huff           00458cb6 f   lib:jcshuff.obj
 0001:00057dc1       _encode_one_block          00458dc1 f   lib:jcshuff.obj
 0001:00057f38       _emit_bits                 00458f38 f   lib:jcshuff.obj
 0001:00057fdb       _dump_buffer               00458fdb f   lib:jcshuff.obj
 0001:00057fff       _emit_restart              00458fff f   lib:jcshuff.obj
 0001:0005806c       _flush_bits                0045906c f   lib:jcshuff.obj
 0001:00058090       _finish_pass_huff          00459090 f   lib:jcshuff.obj
 0001:000580ff       _encode_mcu_gather         004590ff f   lib:jcshuff.obj
 0001:000581b5       _htest_one_block           004591b5 f   lib:jcshuff.obj
 0001:0005827c       _finish_pass_gather        0045927c f   lib:jcshuff.obj
 0001:00058366       _need_optimization_pass    00459366 f   lib:jcshuff.obj
 0001:000574d2       _start_pass_coef           004584d2 f   lib:jccoefct.obj
 0001:00057567       _start_iMCU_row            00458567 f   lib:jccoefct.obj
 0001:000575a9       _compress_data             004585a9 f   lib:jccoefct.obj
 0001:00057790       _compress_first_pass       00458790 f   lib:jccoefct.obj
 0001:00057976       _compress_output           00458976 f   lib:jccoefct.obj
 0001:000573ea       _calc_output_dimensions    004583ea f   lib:jdlossls.obj
 0001:000573fb       _start_input_pass          004583fb f   lib:jdlossls.obj
 0001:00057129       _calc_output_dimensions    00458129 f   lib:jdlossy.obj
 0001:0005729c       _start_input_pass          0045829c f   lib:jdlossy.obj
 0001:000572bc       _latch_quant_tables        004582bc f   lib:jdlossy.obj
 0001:00057354       _start_output_pass         00458354 f   lib:jdlossy.obj
 0001:00057078       _start_pass                00458078 f   lib:jclossls.obj
 0001:00056fe4       _start_pass                00457fe4 f   lib:jclossy.obj
 0001:00056539       _initial_setup             00457539 f   lib:jcmaster.obj
 0001:000566ec       _validate_script           004576ec f   lib:jcmaster.obj
 0001:00056ac4       _prepare_for_pass          00457ac4 f   lib:jcmaster.obj
 0001:00056c3c       _select_scan_parameters    00457c3c f   lib:jcmaster.obj
 0001:00056d3d       _per_scan_setup            00457d3d f   lib:jcmaster.obj
 0001:00056ee8       _pass_startup              00457ee8 f   lib:jcmaster.obj
 0001:00056f0f       _finish_pass_master        00457f0f f   lib:jcmaster.obj
 0001:00056025       _rgb_ycc_start             00457025 f   lib:jccolor.obj
 0001:000560e9       _rgb_ycc_convert           004570e9 f   lib:jccolor.obj
 0001:000561e8       _rgb_gray_convert          004571e8 f   lib:jccolor.obj
 0001:0005626d       _cmyk_ycck_convert         0045726d f   lib:jccolor.obj
 0001:000563a5       _grayscale_convert         004573a5 f   lib:jccolor.obj
 0001:000563ff       _null_convert              004573ff f   lib:jccolor.obj
 0001:00052f1c       _null_method               00453f1c f   lib:jdcolor.obj
 0001:00052f1c       _start_pass_downsample     00453f1c f   lib:jdcolor.obj
 0001:00055771       _sep_downsample            00456771 f   lib:jcsample.obj
 0001:000557e6       _int_downsample            004567e6 f   lib:jcsample.obj
 0001:000558de       _expand_right_edge         004568de f   lib:jcsample.obj
 0001:00055933       _fullsize_downsample       00456933 f   lib:jcsample.obj
 0001:00055977       _h2v1_downsample           00456977 f   lib:jcsample.obj
 0001:00055a0b       _h2v2_downsample           00456a0b f   lib:jcsample.obj
 0001:00055ab8       _h2v2_smooth_downsample    00456ab8 f   lib:jcsample.obj
 0001:00055d30       _fullsize_smooth_downsample 00456d30 f   lib:jcsample.obj
 0001:0005516d       _start_pass_prep           0045616d f   lib:jcprepct.obj
 0001:000551ab       _pre_process_data          004561ab f   lib:jcprepct.obj
 0001:00055359       _pre_process_context       00456359 f   lib:jcprepct.obj
 0001:00055512       _create_context_buffer     00456512 f   lib:jcprepct.obj
 0001:00054fe5       _start_pass_main           00455fe5 f   lib:jcmainct.obj
 0001:00055027       _process_data_simple_main  00456027 f   lib:jcmainct.obj
 0001:000545bb       _create_colormap           004555bb f   lib:jquant1.obj
 0001:000546ed       _select_ncolors            004556ed f   lib:jquant1.obj
 0001:000547c4       _create_colorindex         004557c4 f   lib:jquant1.obj
 0001:000548f0       _alloc_fs_workspace        004558f0 f   lib:jquant1.obj
 0001:0005492c       _start_pass_1_quant        0045592c f   lib:jquant1.obj
 0001:000549f8       _create_odither_tables     004559f8 f   lib:jquant1.obj
 0001:00054a57       _make_odither_array        00455a57 f   lib:jquant1.obj
 0001:00054aba       _color_quantize            00455aba f   lib:jquant1.obj
 0001:00054b45       _color_quantize3           00455b45 f   lib:jquant1.obj
 0001:00054bd3       _quantize_ord_dither       00455bd3 f   lib:jquant1.obj
 0001:00054cbe       _quantize3_ord_dither      00455cbe f   lib:jquant1.obj
 0001:00054dbe       _quantize_fs_dither        00455dbe f   lib:jquant1.obj
 0001:00052f1c       _finish_pass_1_quant       00453f1c f   lib:jdcolor.obj
 0001:00054f42       _new_color_map_1_quant     00455f42 f   lib:jquant1.obj
 0001:0005357c       _init_error_limit          0045457c f   lib:jquant2.obj
 0001:0005361b       _start_pass_2_quant        0045461b f   lib:jquant2.obj
 0001:0005371d       _prescan_quantize          0045471d f   lib:jquant2.obj
 0001:0005378c       _pass2_no_dither           0045478c f   lib:jquant2.obj
 0001:00053839       _fill_inverse_cmap         00454839 f   lib:jquant2.obj
 0001:00053904       _find_nearby_colors        00454904 f   lib:jquant2.obj
 0001:00053aa8       _find_best_colors          00454aa8 f   lib:jquant2.obj
 0001:00053bc2       _pass2_fs_dither           00454bc2 f   lib:jquant2.obj
 0001:00053e31       _finish_pass1              00454e31 f   lib:jquant2.obj
 0001:00053e53       _select_colors             00454e53 f   lib:jquant2.obj
 0001:00053edf       _update_box                00454edf f   lib:jquant2.obj
 0001:00054279       _median_cut                00455279 f   lib:jquant2.obj
 0001:0005438d       _find_biggest_color_pop    0045538d f   lib:jquant2.obj
 0001:000543bc       _find_biggest_volume       004553bc f   lib:jquant2.obj
 0001:000543e5       _compute_color             004553e5 f   lib:jquant2.obj
 0001:00052f1c       _finish_pass2              00453f1c f   lib:jdcolor.obj
 0001:00054521       _new_color_map_2_quant     00455521 f   lib:jquant2.obj
 0001:00052f93       _build_ycc_rgb_table       00453f93 f   lib:jdmerge.obj
 0001:00053043       _start_pass_merged_upsample 00454043 f   lib:jdmerge.obj
 0001:00053058       _merged_2v_upsample        00454058 f   lib:jdmerge.obj
 0001:000530ff       _merged_1v_upsample        004540ff f   lib:jdmerge.obj
 0001:00053130       _h2v1_merged_upsample      00454130 f   lib:jdmerge.obj
 0001:00053286       _h2v2_merged_upsample      00454286 f   lib:jdmerge.obj
 0001:00052b36       _build_ycc_rgb_table       00453b36 f   lib:jdcolor.obj
 0001:00052be6       _ycc_rgb_convert           00453be6 f   lib:jdcolor.obj
 0001:00052cf4       _null_convert              00453cf4 f   lib:jdcolor.obj
 0001:00052d6c       _grayscale_convert         00453d6c f   lib:jdcolor.obj
 0001:00052d8f       _gray_rgb_convert          00453d8f f   lib:jdcolor.obj
 0001:00052de8       _ycck_cmyk_convert         00453de8 f   lib:jdcolor.obj
 0001:00052f1c       _start_pass_dcolor         00453f1c f   lib:jdcolor.obj
 0001:00052597       _start_pass_upsample       00453597 f   lib:jdsample.obj
 0001:000525b1       _sep_upsample              004535b1 f   lib:jdsample.obj
 0001:0005267e       _fullsize_upsample         0045367e f   lib:jdsample.obj
 0001:00052689       _noop_upsample             00453689 f   lib:jdsample.obj
 0001:00052691       _int_upsample              00453691 f   lib:jdsample.obj
 0001:0005277b       _h2v1_upsample             0045377b f   lib:jdsample.obj
 0001:000527d2       _h2v2_upsample             004537d2 f   lib:jdsample.obj
 0001:00052844       _h2v1_fancy_upsample       00453844 f   lib:jdsample.obj
 0001:000528e7       _h2v2_fancy_upsample       004538e7 f   lib:jdsample.obj
 0001:000521a0       _start_pass_dpost          004531a0 f   lib:jdpostct.obj
 0001:00052246       _post_process_1pass        00453246 f   lib:jdpostct.obj
 0001:000522ab       _post_process_prepass      004532ab f   lib:jdpostct.obj
 0001:0005233c       _post_process_2pass        0045333c f   lib:jdpostct.obj
 0001:00051ba7       _alloc_funny_pointers      00452ba7 f   lib:jdmainct.obj
 0001:00051c54       _start_pass_main           00452c54 f   lib:jdmainct.obj
 0001:00051cbc       _make_funny_pointers       00452cbc f   lib:jdmainct.obj
 0001:00051dfc       _process_data_simple_main  00452dfc f   lib:jdmainct.obj
 0001:00051e64       _process_data_context_main 00452e64 f   lib:jdmainct.obj
 0001:00051f76       _set_wraparound_pointers   00452f76 f   lib:jdmainct.obj
 0001:00052060       _set_bottom_pointers       00453060 f   lib:jdmainct.obj
 0001:000520fa       _process_data_crank_post   004530fa f   lib:jdmainct.obj
 0001:000508fd       _write_marker_header       004518fd f   lib:jcmarker.obj
 0001:00050953       _emit_byte                 00451953 f   lib:jcmarker.obj
 0001:00050984       _write_marker_byte         00451984 f   lib:jcmarker.obj
 0001:00050994       _write_file_header         00451994 f   lib:jcmarker.obj
 0001:000509e0       _emit_jfif_app0            004519e0 f   lib:jcmarker.obj
 0001:00050ab3       _emit_adobe_app14          00451ab3 f   lib:jcmarker.obj
 0001:00050b59       _write_frame_header        00451b59 f   lib:jcmarker.obj
 0001:00050c38       _emit_dqt                  00451c38 f   lib:jcmarker.obj
 0001:00050d27       _emit_sof                  00451d27 f   lib:jcmarker.obj
 0001:00050e03       _write_scan_header         00451e03 f   lib:jcmarker.obj
 0001:00050ec3       _emit_dht                  00451ec3 f   lib:jcmarker.obj
 0001:00050f9c       _emit_dri                  00451f9c f   lib:jcmarker.obj
 0001:00050feb       _emit_sos                  00451feb f   lib:jcmarker.obj
 0001:000510d9       _write_file_trailer        004520d9 f   lib:jcmarker.obj
 0001:000510f9       _write_tables_only         004520f9 f   lib:jcmarker.obj
 0001:00050452       _use_merged_upsample       00451452 f   lib:jdmaster.obj
 0001:000504f8       _master_selection          004514f8 f   lib:jdmaster.obj
 0001:00050655       _prepare_range_limit_table 00451655 f   lib:jdmaster.obj
 0001:000506db       _prepare_for_output_pass   004516db f   lib:jdmaster.obj
 0001:000507fc       _finish_output_pass        004517fc f   lib:jdmaster.obj
 0001:0004f8c9       _alloc_small               004508c9 f   lib:jmemmgr.obj
 0001:0004f9e7       _alloc_large               004509e7 f   lib:jmemmgr.obj
 0001:0004fa98       _alloc_sarray              00450a98 f   lib:jmemmgr.obj
 0001:0004fb30       _alloc_barray              00450b30 f   lib:jmemmgr.obj
 0001:0004fbd4       _alloc_darray              00450bd4 f   lib:jmemmgr.obj
 0001:0004fc7f       _request_virt_sarray       00450c7f f   lib:jmemmgr.obj
 0001:0004fce0       _request_virt_barray       00450ce0 f   lib:jmemmgr.obj
 0001:0004fd41       _realize_virt_arrays       00450d41 f   lib:jmemmgr.obj
 0001:0004fec4       _access_virt_sarray        00450ec4 f   lib:jmemmgr.obj
 0001:0004ffe4       _do_sarray_io              00450fe4 f   lib:jmemmgr.obj
 0001:00050074       _access_virt_barray        00451074 f   lib:jmemmgr.obj
 0001:00050199       _do_barray_io              00451199 f   lib:jmemmgr.obj
 0001:0005022a       _free_pool                 0045122a f   lib:jmemmgr.obj
 0001:00050311       _self_destruct             00451311 f   lib:jmemmgr.obj
 0001:0004f363       _start_input_pass          00450363 f   lib:jdinput.obj
 0001:0004f391       _per_scan_setup            00450391 f   lib:jdinput.obj
 0001:0004f517       _finish_input_pass         00450517 f   lib:jdinput.obj
 0001:0004f528       _consume_markers           00450528 f   lib:jdinput.obj
 0001:0004f5c4       _initial_setup             004505c4 f   lib:jdinput.obj
 0001:0004f7ce       _reset_input_controller    004507ce f   lib:jdinput.obj
 0001:0004f11c       _fixedtables               0045011c f   lib:inflate.obj
 0001:0004f206       _updatewindow              00450206 f   lib:inflate.obj
 0001:0004db4e       _make_crc_table            0044eb4e f   lib:crc32.obj
 0001:0004dc9b       _crc32_little              0044ec9b f   lib:crc32.obj
 0001:0004da8a       _init_destination          0044ea8a f   lib:jdatadst.obj
 0001:0004dab0       _empty_output_buffer       0044eab0 f   lib:jdatadst.obj
 0001:0004daf2       _term_destination          0044eaf2 f   lib:jdatadst.obj
 0001:0004d611       _std_huff_tables           0044e611 f   lib:jcparam.obj
 0001:0004d66b       _add_huff_table            0044e66b f   lib:jcparam.obj
 0001:0004bb5e       _next_marker               0044cb5e f   lib:jdmarker.obj
 0001:0004bc98       _get_interesting_appn      0044cc98 f   lib:jdmarker.obj
 0001:0004bdc3       _examine_app0              0044cdc3 f   lib:jdmarker.obj
 0001:0004bfd1       _examine_app14             0044cfd1 f   lib:jdmarker.obj
 0001:0004c092       _skip_variable             0044d092 f   lib:jdmarker.obj
 0001:0004c135       _read_markers              0044d135 f   lib:jdmarker.obj
 0001:0004c33d       _get_soi                   0044d33d f   lib:jdmarker.obj
 0001:0004c3e8       _get_sof                   0044d3e8 f   lib:jdmarker.obj
 0001:0004c6f1       _get_sos                   0044d6f1 f   lib:jdmarker.obj
 0001:0004c9df       _get_dht                   0044d9df f   lib:jdmarker.obj
 0001:0004cc80       _get_dqt                   0044dc80 f   lib:jdmarker.obj
 0001:0004cedc       _get_dri                   0044dedc f   lib:jdmarker.obj
 0001:0004cfbb       _first_marker              0044dfbb f   lib:jdmarker.obj
 0001:0004d057       _read_restart_marker       0044e057 f   lib:jdmarker.obj
 0001:0004d0d5       _reset_marker_reader       0044e0d5 f   lib:jdmarker.obj
 0001:0004b942       _output_pass_setup         0044c942 f   lib:jdapistd.obj
 0001:0004b635       _default_decompress_parms  0044c635 f   lib:jdapimin.obj

 128 bytes saved through ICF

