 quake2

 Timestamp is 3f6193d2 (Fri Sep 12 13:37:22 2003)

 Preferred load address is 00400000

 Start         Length     Name                   Class
 0001:00000000 0006c350H .text                   CODE
 0002:00000000 00000324H .idata$5                DATA
 0002:00000328 0000196cH .rdata                  DATA
 0002:00001c94 00000078H .idata$2                DATA
 0002:00001d0c 00000014H .idata$3                DATA
 0002:00001d20 00000324H .idata$4                DATA
 0002:00002044 00000a36H .idata$6                DATA
 0002:00002a7a 00000000H .edata                  DATA
 0003:00000000 00000004H .CRT$XCA                DATA
 0003:00000004 00000004H .CRT$XCZ                DATA
 0003:00000008 00000004H .CRT$XIA                DATA
 0003:0000000c 00000004H .CRT$XIZ                DATA
 0003:00000010 000151d4H .data                   DATA
 0003:000151e8 00a754b0H .bss                    DATA
 0004:00000000 00000130H .rsrc$01                DATA
 0004:00000130 00003f20H .rsrc$02                DATA

  Address         Publics by Value              Rva+Base     Lib:Object

 0001:00000000       _CDAudio_Play2             00401000 f   cd_win.obj
 0001:000001e5       _CDAudio_Play              004011e5 f   cd_win.obj
 0001:000001fc       _CDAudio_Stop              004011fc f   cd_win.obj
 0001:00000241       _CDAudio_Pause             00401241 f   cd_win.obj
 0001:0000029a       _CDAudio_Resume            0040129a f   cd_win.obj
 0001:0000030c       _CDAudio_MessageHandler    0040130c f   cd_win.obj
 0001:000003a3       _CDAudio_Update            004013a3 f   cd_win.obj
 0001:000003da       _CDAudio_Init              004013da f   cd_win.obj
 0001:000007d1       _CDAudio_Shutdown          004017d1 f   cd_win.obj
 0001:00000804       _CDAudio_Activate          00401804 f   cd_win.obj
 0001:00000815       _SCR_StopCinematic         00401815 f   cl_cin.obj
 0001:000008b1       _SCR_FinishCinematic       004018b1 f   cl_cin.obj
 0001:000008f3       _SCR_RunCinematic          004018f3 f   cl_cin.obj
 0001:00000d10       _SCR_DrawCinematic         00401d10 f   cl_cin.obj
 0001:00000db4       _SCR_PlayCinematic         00401db4 f   cl_cin.obj
 0001:00001101       _CL_ParseEntityBits        00402101 f   cl_ents.obj
 0001:00001163       _CL_ParseDelta             00402163 f   cl_ents.obj
 0001:000014fc       _CL_DeltaEntity            004024fc f   cl_ents.obj
 0001:00001679       _CL_ParsePacketEntities    00402679 f   cl_ents.obj
 0001:000018a5       _CL_ParsePlayerstate       004028a5 f   cl_ents.obj
 0001:00001bb3       _CL_FireEntityEvents       00402bb3 f   cl_ents.obj
 0001:00001c05       _CL_ParseFrame             00402c05 f   cl_ents.obj
 0001:00001ed3       _CL_AddEntityBox           00402ed3 f   cl_ents.obj
 0001:00001fc3       _CL_OffsetThirdPersonView  00402fc3 f   cl_ents.obj
 0001:0000207d       _CL_CalcViewValues         0040307d f   cl_ents.obj
 0001:00002348       _CL_AddEntities            00403348 f   cl_ents.obj
 0001:0000316d       _CL_GetEntitySoundOrigin   0040416d f   cl_ents.obj
 0001:000031a3       _CL_ClearLightStyles       004041a3 f   cl_fx.obj
 0001:00003227       _CL_RunLightStyles         00404227 f   cl_fx.obj
 0001:000032c4       _CL_SetLightstyle          004042c4 f   cl_fx.obj
 0001:0000332e       _CL_AllocDlight            0040432e f   cl_fx.obj
 0001:0000339b       _CL_AddDLights             0040439b f   cl_fx.obj
 0001:000033fb       _CL_ClearParticles         004043fb f   cl_fx.obj
 0001:00003465       _CL_AllocParticleTrace     00404465 f   cl_fx.obj
 0001:00003508       _CL_AllocParticleBeam      00404508 f   cl_fx.obj
 0001:0000357b       _CL_AllocParticle          0040457b f   cl_fx.obj
 0001:000035c9       _CL_UpdateParticles        004045c9 f   cl_fx.obj
 0001:00003b6d       _CL_MetalSparks            00404b6d f   cl_fx.obj
 0001:00003c5a       _CL_ParseMuzzleFlash       00404c5a f   cl_fx.obj
 0001:0000449b       _CL_ParseMuzzleFlash2      0040549b f   cl_fx.obj
 0001:00004b81       _CL_ParticleEffect         00405b81 f   cl_fx.obj
 0001:00004c50       _CL_ParticleEffect2        00405c50 f   cl_fx.obj
 0001:00004d1b       _CL_ParticleEffect3        00405d1b f   cl_fx.obj
 0001:00004deb       _CL_TeleporterParticles    00405deb f   cl_fx.obj
 0001:00004ea2       _CL_LogoutEffect           00405ea2 f   cl_fx.obj
 0001:00004f8d       _CL_ItemRespawnParticles   00405f8d f   cl_fx.obj
 0001:0000503c       _CL_ExplosionParticles     0040603c f   cl_fx.obj
 0001:000050e6       _CL_BigTeleportParticles   004060e6 f   cl_fx.obj
 0001:0000523d       _CL_BlasterParticles       0040623d f   cl_fx.obj
 0001:00005309       _CL_BlasterTrail           00406309 f   cl_fx.obj
 0001:000053fc       _CL_FlagTrail              004063fc f   cl_fx.obj
 0001:000054fc       _CL_DiminishingTrail       004064fc f   cl_fx.obj
 0001:00005760       _CL_RocketTrail            00406760 f   cl_fx.obj
 0001:0000588d       _CL_RailTrail              0040688d f   cl_fx.obj
 0001:00005ab3       _CL_RailTrailExt           00406ab3 f   cl_fx.obj
 0001:00005b9c       _CL_IonripperTrail         00406b9c f   cl_fx.obj
 0001:00005caf       _CL_BubbleTrail            00406caf f   cl_fx.obj
 0001:00005dcd       _CL_FlyParticles           00406dcd f   cl_fx.obj
 0001:00005f6c       _CL_FlyEffect              00406f6c f   cl_fx.obj
 0001:00005fef       _CL_BfgParticles           00406fef f   cl_fx.obj
 0001:000061c9       _CL_TrapParticles          004071c9 f   cl_fx.obj
 0001:0000644c       _CL_BFGExplosionParticles  0040744c f   cl_fx.obj
 0001:000064f6       _CL_TeleportParticles      004074f6 f   cl_fx.obj
 0001:0000662f       _CL_EntityEvent            0040762f f   cl_fx.obj
 0001:0000680d       _CL_ClearEffects           0040780d f   cl_fx.obj
 0001:0000682b       _IN_CenterView             0040782b f   cl_input.obj
 0001:0000684c       _CL_InitInput              0040784c f   cl_input.obj
 0001:00006d2c       _CL_SendCmd                00407d2c f   cl_input.obj
 0001:00007427       _CL_ParseInventory         00408427 f   cl_inv.obj
 0001:00007447       _CL_DrawInventory          00408447 f   cl_inv.obj
 0001:000076bf       _CL_WriteDemoMessage       004086bf f   cl_main.obj
 0001:00007701       _CL_Stop_f                 00408701 f   cl_main.obj
 0001:0000775c       _CL_Record_f               0040875c f   cl_main.obj
 0001:000079ff       _Cmd_ForwardToServer       004089ff f   cl_main.obj
 0001:00007a6b       _CL_Setenv_f               00408a6b f   cl_main.obj
 0001:00007b2f       _CL_ForwardToServer_f      00408b2f f   cl_main.obj
 0001:00007b7d       _CL_Pause_f                00408b7d f   cl_main.obj
 0001:00007bbf       _CL_Quit_f                 00408bbf f   cl_main.obj
 0001:00007bc9       _CL_Drop                   00408bc9 f   cl_main.obj
 0001:00007beb       _CL_SendConnectPacket      00408beb f   cl_main.obj
 0001:00007cc2       _CL_CheckForResend         00408cc2 f   cl_main.obj
 0001:00007dc6       _CL_Connect_f              00408dc6 f   cl_main.obj
 0001:00007e47       _CL_Rcon_f                 00408e47 f   cl_main.obj
 0001:00007f52       _CL_ClearState             00408f52 f   cl_main.obj
 0001:00007f91       _CL_Disconnect             00408f91 f   cl_main.obj
 0001:000080d3       _CL_Disconnect_f           004090d3 f   cl_main.obj
 0001:000080e2       _CL_Changing_f             004090e2 f   cl_main.obj
 0001:00008106       _CL_Reconnect_f            00409106 f   cl_main.obj
 0001:000081a2       _CL_PingServers_f          004091a2 f   cl_main.obj
 0001:0000830a       _CL_Skins_f                0040930a f   cl_main.obj
 0001:00008346       _CL_ConnectionlessPacket   00409346 f   cl_main.obj
 0001:000086a4       _CL_ReadPackets            004096a4 f   cl_main.obj
 0001:00008798       _CL_FixUpGender            00409798 f   cl_main.obj
 0001:00008848       _CL_Userinfo_f             00409848 f   cl_main.obj
 0001:00008860       _CL_Snd_Restart_f          00409860 f   cl_main.obj
 0001:0000886f       _CL_RequestNextDownload    0040986f f   cl_main.obj
 0001:00008eb2       _CL_Precache_f             00409eb2 f   cl_main.obj
 0001:00008f78       _CL_WriteConfiguration     00409f78 f   cl_main.obj
 0001:0000901c       _CL_WriteConfig_f          0040a01c f   cl_main.obj
 0001:0000907b       _CL_InitLocal              0040a07b f   cl_main.obj
 0001:0000929b       _CL_FixCvarCheats          0040a29b f   cl_main.obj
 0001:000092ec       _CL_Frame                  0040a2ec f   cl_main.obj
 0001:00009529       _CL_Init                   0040a529 f   cl_main.obj
 0001:00009576       _CL_Shutdown               0040a576 f   cl_main.obj
 0001:000095bc       _vectoangles2              0040a5bc f   cl_newfx.obj
 0001:000096be       _CL_Flashlight             0040a6be f   cl_newfx.obj
 0001:000096f8       _CL_ColorFlash             0040a6f8 f   cl_newfx.obj
 0001:00009734       _CL_DebugTrail             0040a734 f   cl_newfx.obj
 0001:00009814       _CL_ForceWall              0040a814 f   cl_newfx.obj
 0001:0000993b       _CL_BubbleTrail2           0040a93b f   cl_newfx.obj
 0001:00009a65       _CL_Heatbeam               0040aa65 f   cl_newfx.obj
 0001:00009d16       _CL_ParticleSteamEffect    0040ad16 f   cl_newfx.obj
 0001:00009e40       _CL_ParticleSteamEffect2   0040ae40 f   cl_newfx.obj
 0001:00009f77       _CL_TrackerTrail           0040af77 f   cl_newfx.obj
 0001:0000a0d8       _CL_Tracker_Shell          0040b0d8 f   cl_newfx.obj
 0001:0000a161       _CL_MonsterPlasma_Shell    0040b161 f   cl_newfx.obj
 0001:0000a1e7       _CL_Widowbeamout           0040b1e7 f   cl_newfx.obj
 0001:0000a2a3       _CL_Nukeblast              0040b2a3 f   cl_newfx.obj
 0001:0000a35f       _CL_WidowSplash            0040b35f f   cl_newfx.obj
 0001:0000a427       _CL_TagTrail               0040b427 f   cl_newfx.obj
 0001:0000a527       _CL_ColorExplosionParticles 0040b527 f   cl_newfx.obj
 0001:0000a5d4       _CL_ParticleSmokeEffect    0040b5d4 f   cl_newfx.obj
 0001:0000a6fc       _CL_BlasterParticles2      0040b6fc f   cl_newfx.obj
 0001:0000a7c9       _CL_BlasterTrail2          0040b7c9 f   cl_newfx.obj
 0001:0000a8bc       _CL_DownloadFileName       0040b8bc f   cl_parse.obj
 0001:0000a8fb       _CL_CheckOrDownloadFile    0040b8fb f   cl_parse.obj
 0001:0000ab36       _CL_Download_f             0040bb36 f   cl_parse.obj
 0001:0000ac01       _CL_RegisterSounds         0040bc01 f   cl_parse.obj
 0001:0000ac40       _CL_ParseDownload          0040bc40 f   cl_parse.obj
 0001:0000adad       _CL_ParseServerData        0040bdad f   cl_parse.obj
 0001:0000aeb0       _CL_ParseBaseline          0040beb0 f   cl_parse.obj
 0001:0000aef8       _CL_LoadClientinfo         0040bef8 f   cl_parse.obj
 0001:0000b1e2       _CL_ParseClientinfo        0040c1e2 f   cl_parse.obj
 0001:0000b206       _CL_ParseConfigString      0040c206 f   cl_parse.obj
 0001:0000b3a3       _CL_ParseStartSoundPacket  0040c3a3 f   cl_parse.obj
 0001:0000b4a5       _CL_ParseServerMessage     0040c4a5 f   cl_parse.obj
 0001:0000b79a       _CL_CheckPredictionError   0040c79a f   cl_pred.obj
 0001:0000b8df       _CL_EntityTrace            0040c8df f   cl_pred.obj
 0001:0000bbc3       _CL_Trace                  0040cbc3 f   cl_pred.obj
 0001:0000bbfb       _CL_PMpointcontents        0040cbfb f   cl_pred.obj
 0001:0000bd2e       _CL_PredictMovement        0040cd2e f   cl_pred.obj
 0001:0000bfe9       _CL_AddNetgraph            0040cfe9 f   cl_scrn.obj
 0001:0000c0c3       _SCR_DebugGraph            0040d0c3 f   cl_scrn.obj
 0001:0000c0eb       _SCR_DrawDebugGraph        0040d0eb f   cl_scrn.obj
 0001:0000c1e5       _SCR_CenterPrint           0040d1e5 f   cl_scrn.obj
 0001:0000c2e9       _SCR_DrawCenterString      0040d2e9 f   cl_scrn.obj
 0001:0000c3b7       _SCR_Sky_f                 0040d3b7 f   cl_scrn.obj
 0001:0000c462       _SCR_Init                  0040d462 f   cl_scrn.obj
 0001:0000c4a9       _SCR_DrawPause             0040d4a9 f   cl_scrn.obj
 0001:0000c507       _SCR_RunConsole            0040d507 f   cl_scrn.obj
 0001:0000c5e9       _SCR_DrawConsole           0040d5e9 f   cl_scrn.obj
 0001:0000c673       _SCR_SetLevelshot          0040d673 f   cl_scrn.obj
 0001:0000c6de       _SCR_DrawLoading           0040d6de f   cl_scrn.obj
 0001:0000c797       _SCR_BeginLoadingPlaque    0040d797 f   cl_scrn.obj
 0001:0000c7f7       _SCR_EndLoadingPlaque      0040d7f7 f   cl_scrn.obj
 0001:0000c815       _SCR_Loading_f             0040d815 f   cl_scrn.obj
 0001:0000c81a       _SCR_TimeRefresh_f         0040d81a f   cl_scrn.obj
 0001:0000c8f1       _SCR_TileClear             0040d8f1 f   cl_scrn.obj
 0001:0000c99a       _DrawHUDString             0040d99a f   cl_scrn.obj
 0001:0000ca4c       _SCR_DrawField             0040da4c f   cl_scrn.obj
 0001:0000caf3       _SCR_TouchPics             0040daf3 f   cl_scrn.obj
 0001:0000cb86       _SCR_ExecuteLayoutString   0040db86 f   cl_scrn.obj
 0001:0000d357       _SCR_UpdateScreen          0040e357 f   cl_scrn.obj
 0001:0000d68c       _CL_RegisterTEntSounds     0040e68c f   cl_tent.obj
 0001:0000d8c4       _CL_RegisterTEntModels     0040e8c4 f   cl_tent.obj
 0001:0000da4a       _CL_ClearTEnts             0040ea4a f   cl_tent.obj
 0001:0000da91       _CL_AllocExplosion         0040ea91 f   cl_tent.obj
 0001:0000db2f       _CL_AddExplosions          0040eb2f f   cl_tent.obj
 0001:0000dd04       _CL_SmokeAndFlash          0040ed04 f   cl_tent.obj
 0001:0000dd4c       _CL_ParseBeam              0040ed4c f   cl_tent.obj
 0001:0000de2b       _CL_ParseBeam2             0040ee2b f   cl_tent.obj
 0001:0000df02       _CL_ParsePlayerBeam        0040ef02 f   cl_tent.obj
 0001:0000e010       _CL_ParseLightning         0040f010 f   cl_tent.obj
 0001:0000e0dc       _CL_ParseLaser             0040f0dc f   cl_tent.obj
 0001:0000e158       _CL_ParseSteam             0040f158 f   cl_tent.obj
 0001:0000e269       _CL_ParseWidow             0040f269 f   cl_tent.obj
 0001:0000e2d5       _CL_ParseNuke              0040f2d5 f   cl_tent.obj
 0001:0000e33f       _CL_ParseTEnt              0040f33f f   cl_tent.obj
 0001:0000f167       _CL_AddBeams               00410167 f   cl_tent.obj
 0001:0000f4b4       _CL_AddPlayerBeams         004104b4 f   cl_tent.obj
 0001:0000fbf2       _CL_ProcessSustain         00410bf2 f   cl_tent.obj
 0001:0000fc33       _CL_AddTEnts               00410c33 f   cl_tent.obj
 0001:0000fc47       _V_AddEntity               00410c47 f   cl_view.obj
 0001:0000fc76       _V_AddLight                00410c76 f   cl_view.obj
 0001:0000fcbb       _V_TestParticles           00410cbb f   cl_view.obj
 0001:0000fd79       _V_TestEntities            00410d79 f   cl_view.obj
 0001:0000fe1b       _V_TestLights              00410e1b f   cl_view.obj
 0001:0000feee       _CL_PrepRefresh            00410eee f   cl_view.obj
 0001:0001016e       _CalcFov                   0041116e f   cl_view.obj
 0001:000101e7       _V_Gun_Next_f              004111e7 f   cl_view.obj
 0001:00010200       _V_Gun_Prev_f              00411200 f   cl_view.obj
 0001:00010222       _V_Gun_Model_f             00411222 f   cl_view.obj
 0001:00010256       _SCR_DrawCrosshair         00411256 f   cl_view.obj
 0001:000102cb       _V_RenderView              004112cb f   cl_view.obj
 0001:00010e35       _V_Init                    00411e35 f   cl_view.obj
 0001:0001104a       _Cbuf_Init                 0041204a f   cmd.obj
 0001:00011062       _Cbuf_AddText              00412062 f   cmd.obj
 0001:000110ca       _Cbuf_InsertText           004120ca f   cmd.obj
 0001:00011122       _Cbuf_CopyToDefer          00412122 f   cmd.obj
 0001:0001114e       _Cbuf_InsertFromDefer      0041214e f   cmd.obj
 0001:00011161       _Cbuf_Execute              00412161 f   cmd.obj
 0001:00011247       _Cmd_Exec_f                00412247 f   cmd.obj
 0001:000112cc       _Cmd_Echo_f                004122cc f   cmd.obj
 0001:0001130e       _Cmd_Alias_f               0041230e f   cmd.obj
 0001:00011435       _Cmd_Unalias_f             00412435 f   cmd.obj
 0001:000114c1       _Cmd_WriteAliases          004124c1 f   cmd.obj
 0001:000114ea       _Cmd_Argc                  004124ea f   cmd.obj
 0001:000114f0       _Cmd_Argv                  004124f0 f   cmd.obj
 0001:0001150a       _Cmd_Args                  0041250a f   cmd.obj
 0001:00011510       _Cmd_TokenizeString        00412510 f   cmd.obj
 0001:000117ea       _Cmd_AddCommand            004127ea f   cmd.obj
 0001:00011852       _Cmd_RemoveCommand         00412852 f   cmd.obj
 0001:00011894       _Cmd_ExecuteString         00412894 f   cmd.obj
 0001:00011977       _Cmd_Init                  00412977 f   cmd.obj
 0001:00011a90       _CMod_GetSurfMaterial      00412a90 f   cmodel.obj
 0001:00011aed       _CM_LoadMap                00412aed f   cmodel.obj
 0001:0001214a       _PlaneTypeForNormal        0041314a f i cmodel.obj
 0001:000122ca       _CM_InlineModel            004132ca f   cmodel.obj
 0001:00012319       _CM_NumClusters            00413319 f   cmodel.obj
 0001:0001231f       _CM_NumInlineModels        0041331f f   cmodel.obj
 0001:00012325       _CM_EntityString           00413325 f   cmodel.obj
 0001:0001232b       _CM_LeafContents           0041332b f   cmodel.obj
 0001:00012355       _CM_LeafCluster            00413355 f   cmodel.obj
 0001:00012380       _CM_LeafArea               00413380 f   cmodel.obj
 0001:000123ab       _CM_InitBoxHull            004133ab f   cmodel.obj
 0001:0001253b       _CM_HeadnodeForBox         0041353b f   cmodel.obj
 0001:000125f0       _CM_PointLeafnum           004135f0 f   cmodel.obj
 0001:00012653       _DISTANCE_TO_PLANE         00413653 f i cmodel.obj
 0001:0001269b       _CM_BoxLeafnums            0041369b f   cmodel.obj
 0001:00012770       _BOX_ON_PLANE_SIDE         00413770 f i cmodel.obj
 0001:000127f5       _CM_PointContents          004137f5 f   cmodel.obj
 0001:0001281a       _CM_TransformedPointContents 0041381a f   cmodel.obj
 0001:000128ff       _CM_TransformedPointContents2 004138ff f   cmodel.obj
 0001:0001299a       _CM_BoxTrace               0041399a f   cmodel.obj
 0001:0001342b       _CM_TransformedBoxTrace    0041442b f   cmodel.obj
 0001:0001369b       _CM_TransformedBoxTrace2   0041469b f   cmodel.obj
 0001:00013858       _CM_BrushTrace             00414858 f   cmodel.obj
 0001:00013c4b       _CM_RefineBrushTrace       00414c4b f   cmodel.obj
 0001:00013c9b       _CM_DecompressVis          00414c9b f   cmodel.obj
 0001:00013d24       _CM_ClusterPVS             00414d24 f   cmodel.obj
 0001:00013d71       _CM_ClusterPHS             00414d71 f   cmodel.obj
 0001:00013dbe       _FloodAreaConnections      00414dbe f   cmodel.obj
 0001:00013e78       _CM_SetAreaPortalState     00414e78 f   cmodel.obj
 0001:00013ea4       _CM_AreasConnected         00414ea4 f   cmodel.obj
 0001:00013ef2       _CM_WriteAreaBits          00414ef2 f   cmodel.obj
 0001:00013f82       _CM_WritePortalState       00414f82 f   cmodel.obj
 0001:00013f9c       _CM_ReadPortalState        00414f9c f   cmodel.obj
 0001:00013fba       _CM_HeadnodeVisible        00414fba f   cmodel.obj
 0001:00014022       _Com_BeginRedirect         00415022 f   common.obj
 0001:0001405f       _Com_EndRedirect           0041505f f   common.obj
 0001:0001408a       _Com_Printf                0041508a f   common.obj
 0001:000141e9       _Com_DPrintf               004151e9 f   common.obj
 0001:0001424d       _DebugPrintf               0041524d f   common.obj
 0001:000142f5       _Com_WPrintf               004152f5 f   common.obj
 0001:0001434e       _Com_Error                 0041534e f   common.obj
 0001:00014449       _Com_Quit                  00415449 f   common.obj
 0001:00014479       _MatchWildcard             00415479 f   common.obj
 0001:000145d0       _MatchWildcard2            004155d0 f   common.obj
 0001:0001461c       _IPWildcard                0041561c f   common.obj
 0001:000146f7       _Com_ServerState           004156f7 f   common.obj
 0001:000146fd       _Com_SetServerState        004156fd f   common.obj
 0001:00014707       _MSG_WriteChar             00415707 f   common.obj
 0001:00014707       _MSG_WriteByte             00415707 f   common.obj
 0001:0001471b       _MSG_WriteShort            0041571b f   common.obj
 0001:00014735       _MSG_WriteLong             00415735 f   common.obj
 0001:0001475f       _MSG_WriteFloat            0041575f f   common.obj
 0001:00014785       _MSG_WriteString           00415785 f   common.obj
 0001:000147bd       _MSG_WriteCoord            004157bd f   common.obj
 0001:000147ec       _MSG_WritePos              004157ec f   common.obj
 0001:0001486e       _MSG_WriteAngle            0041586e f   common.obj
 0001:00014897       _MSG_WriteAngle16          00415897 f   common.obj
 0001:000148ce       _MSG_WriteDeltaUsercmd     004158ce f   common.obj
 0001:00014a56       _MSG_WriteDir              00415a56 f   common.obj
 0001:00014ac3       _MSG_ReadDir               00415ac3 f   common.obj
 0001:00014afb       _MSG_WriteDeltaEntity      00415afb f   common.obj
 0001:00015005       _MSG_BeginReading          00416005 f   common.obj
 0001:0001500e       _MSG_ReadChar              0041600e f   common.obj
 0001:0001502f       _MSG_ReadByte              0041602f f   common.obj
 0001:00015050       _MSG_ReadShort             00416050 f   common.obj
 0001:00015080       _MSG_ReadLong              00416080 f   common.obj
 0001:000150bf       _MSG_ReadString            004160bf f   common.obj
 0001:000150f2       _MSG_ReadCoord             004160f2 f   common.obj
 0001:0001510c       _MSG_ReadPos               0041610c f   common.obj
 0001:0001515e       _MSG_ReadAngle             0041615e f   common.obj
 0001:00015178       _MSG_ReadAngle16           00416178 f   common.obj
 0001:00015192       _MSG_ReadDeltaUsercmd      00416192 f   common.obj
 0001:00015249       _MSG_ReadData              00416249 f   common.obj
 0001:0001526c       _SZ_Init                   0041626c f   common.obj
 0001:0001528e       _SZ_Clear                  0041628e f   common.obj
 0001:0001529b       _SZ_GetSpace               0041629b f   common.obj
 0001:00015301       _SZ_Write                  00416301 f   common.obj
 0001:00015322       _SZ_Print                  00416322 f   common.obj
 0001:0001536b       _Info_Print                0041636b f   common.obj
 0001:00015428       _COM_BlockSequenceCRCByte  00416428 f   common.obj
 0001:000154b4       _frand                     004164b4 f   common.obj
 0001:000154d1       _crand                     004164d1 f   common.obj
 0001:000154f4       _COM_CheckCmdlineVar       004164f4 f   common.obj
 0001:0001554a       _QCommon_Init              0041654a f   common.obj
 0001:0001589d       _QCommon_Frame             0041689d f   common.obj
 0001:00015b88       _DeinitConProc             00416b88 f   conproc.obj
 0001:00015b99       _DrawStringCommon          00416b99 f   console.obj
 0001:00015bf3       _DrawString                00416bf3 f   console.obj
 0001:00015c13       _Con_ToggleConsole_f       00416c13 f   console.obj
 0001:00015c8f       _Con_ClearNotify           00416c8f f   console.obj
 0001:00015ca1       _Con_CheckResize           00416ca1 f   console.obj
 0001:00015dc7       _Con_Print                 00416dc7 f   console.obj
 0001:000160cb       _Con_DrawNotify            004170cb f   console.obj
 0001:00016304       _Con_DrawConsole           00417304 f   console.obj
 0001:000168ac       _Key_Console               004178ac f   console.obj
 0001:00016dfb       _Key_Message               00417dfb f   console.obj
 0001:00016e97       _Con_Init                  00417e97 f   console.obj
 0001:00017098       _CRC_Block                 00418098 f   crc.obj
 0001:000170d4       _Cvar_VariableValue        004180d4 f   cvar.obj
 0001:00017142       _Cvar_VariableInt          00418142 f   cvar.obj
 0001:00017155       _Cvar_VariableString       00418155 f   cvar.obj
 0001:0001716d       _Cvar_Get                  0041816d f   cvar.obj
 0001:00017400       _Cvar_GetVars              00418400 f   cvar.obj
 0001:00017454       _Cvar_FullSet              00418454 f   cvar.obj
 0001:000174b1       _Cvar_SetValue             004184b1 f   cvar.obj
 0001:00017712       _Cvar_SetInteger           00418712 f   cvar.obj
 0001:00017734       _Cvar_Set                  00418734 f   cvar.obj
 0001:00017749       _Cvar_ForceSet             00418749 f   cvar.obj
 0001:0001775e       _Cvar_Clamp                0041875e f   cvar.obj
 0001:000177e8       _Cvar_ClampName            004187e8 f   cvar.obj
 0001:00017839       _Cvar_GetLatchedVars       00418839 f   cvar.obj
 0001:00017868       _Cvar_Command              00418868 f   cvar.obj
 0001:00017914       _Cvar_WriteVariables       00418914 f   cvar.obj
 0001:0001798e       _Cvar_BitInfo              0041898e f   cvar.obj
 0001:000179c7       _Cvar_Userinfo             004189c7 f   cvar.obj
 0001:000179d0       _Cvar_Serverinfo           004189d0 f   cvar.obj
 0001:000179d9       _Cvar_Cheats               004189d9 f   cvar.obj
 0001:00017a32       _Cvar_Init                 00418a32 f   cvar.obj
 0001:00018092       _FS_CreatePath             00419092 f   files.obj
 0001:000180dc       _FS_CopyFile               004190dc f   files.obj
 0001:000181df       _FS_CopyFiles              004191df f   files.obj
 0001:000182b8       _FS_RemoveFiles            004192b8 f   files.obj
 0001:0001832c       _Developer_searchpath      0041932c f   files.obj
 0001:00018371       _FS_FCloseFile             00419371 f   files.obj
 0001:00018407       _FS_FOpenFile              00419407 f   files.obj
 0001:0001892f       _FS_FileExists             0041992f f   files.obj
 0001:00018b6b       _FS_Read                   00419b6b f   files.obj
 0001:00018db3       _FS_LoadFile               00419db3 f   files.obj
 0001:00018e15       _FS_FreeFile               00419e15 f   files.obj
 0001:00018e20       _FS_Gamedir                00419e20 f   files.obj
 0001:00018e34       _FS_LoadGameConfig         00419e34 f   files.obj
 0001:00018ef9       _FS_SetGamedir             00419ef9 f   files.obj
 0001:000195a4       _FS_ListFiles              0041a5a4 f   files.obj
 0001:000198b2       _FS_NextPath               0041a8b2 f   files.obj
 0001:000198d6       _FS_InitFilesystem         0041a8d6 f   files.obj
 0001:0001a29f       _LoadPCX                   0041b29f f   images.obj
 0001:0001a3d6       _LoadTGA                   0041b3d6 f   images.obj
 0001:0001a5c9       _LoadJPG                   0041b5c9 f   images.obj
 0001:0001a85c       _ImageExists               0041b85c f   images.obj
 0001:0001a956       _WriteTGA                  0041b956 f   images.obj
 0001:0001ab47       _WriteJPG                  0041bb47 f   images.obj
 0001:0001ac6f       _IN_MLookDown              0041bc6f f   in_win.obj
 0001:0001ac7a       _IN_MLookUp                0041bc7a f   in_win.obj
 0001:0001ac9d       _IN_MouseEvent             0041bc9d f   in_win.obj
 0001:0001ad07       _IN_Commands               0041bd07 f   in_win.obj
 0001:0001ae36       _IN_Init                   0041be36 f   in_win.obj
 0001:0001b160       _IN_Shutdown               0041c160 f   in_win.obj
 0001:0001b244       _IN_Move                   0041c244 f   in_win.obj
 0001:0001b79e       _IN_Activate               0041c79e f   in_win.obj
 0001:0001b7b5       _IN_Frame                  0041c7b5 f   in_win.obj
 0001:0001bba2       _Key_StringToKeynum        0041cba2 f   keys.obj
 0001:0001bc61       _Key_KeynumToString        0041cc61 f   keys.obj
 0001:0001bcd4       _CompleteCommand           0041ccd4 f   keys.obj
 0001:0001c4ff       _Key_SetBinding            0041d4ff f   keys.obj
 0001:0001c559       _Key_Bindlist_f            0041d559 f   keys.obj
 0001:0001c5f5       _Key_WriteBindings         0041d5f5 f   keys.obj
 0001:0001c633       _Key_Init                  0041d633 f   keys.obj
 0001:0001c90c       _Key_Event                 0041d90c f   keys.obj
 0001:0001cbc5       _Key_ClearStates           0041dbc5 f   keys.obj
 0001:0001cc0a       _Key_ClearTyping           0041dc0a f   keys.obj
 0001:0001cc23       _MD4Init                   0041dc23 f   md4.obj
 0001:0001cc4b       _MD4Update                 0041dc4b f   md4.obj
 0001:0001cce9       _MD4Final                  0041dce9 f   md4.obj
 0001:0001d3da       _Com_BlockChecksum         0041e3da f   md4.obj
 0001:0001d416       _Z_Free                    0041e416 f   memory.obj
 0001:0001d470       _Z_FreeTags                0041e470 f   memory.obj
 0001:0001d4a0       _Z_TagMalloc               0041e4a0 f   memory.obj
 0001:0001d511       _Z_Malloc                  0041e511 f   memory.obj
 0001:0001d533       _Z_BlockMalloc             0041e533 f   memory.obj
 0001:0001d54e       _CreateMemoryChain         0041e54e f   memory.obj
 0001:0001d5b6       _FreeMemoryChain           0041e5b6 f   memory.obj
 0001:0001d5e0       _AllocChainBlock           0041e5e0 f   memory.obj
 0001:0001d62b       _CopyString                0041e62b f   memory.obj
 0001:0001d64f       _ChainCopyString           0041e64f f   memory.obj
 0001:0001d677       _AllocNamedStruc           0041e677 f   memory.obj
 0001:0001d6b2       _ChainAllocNamedStruc      0041e6b2 f   memory.obj
 0001:0001d6f1       _FindNamedStruc            0041e6f1 f   memory.obj
 0001:0001d735       _FindNamedStrucByIndex     0041e735 f   memory.obj
 0001:0001d74c       _IndexOfNamedStruc         0041e74c f   memory.obj
 0001:0001d77a       _AddToNamedList            0041e77a f   memory.obj
 0001:0001d7c4       _ChainAddToNamedList       0041e7c4 f   memory.obj
 0001:0001d80e       _FreeNamedList             0041e80e f   memory.obj
 0001:0001d829       _Z_Init                    0041e829 f   memory.obj
 0001:0001d864       _M_PushMenu                0041e864 f   menu.obj
 0001:0001d921       _M_ForceMenuOff            0041e921 f   menu.obj
 0001:0001d94e       _M_PopMenu                 0041e94e f   menu.obj
 0001:0001d9a2       _Default_MenuKey           0041e9a2 f   menu.obj
 0001:0001dad5       _M_Print                   0041ead5 f   menu.obj
 0001:0001db20       _M_DrawTextBox             0041eb20 f   menu.obj
 0001:0001dd0c       _M_Main_Draw               0041ed0c f   menu.obj
 0001:0001de90       _M_Main_Key                0041ee90 f   menu.obj
 0001:0001df73       _M_Menu_Main_f             0041ef73 f   menu.obj
 0001:0001df8f       _M_Menu_Multiplayer_f      0041ef8f f   menu.obj
 0001:0001e114       _M_Menu_Keys_f             0041f114 f   menu.obj
 0001:0001e5e2       _M_Menu_Options_f          0041f5e2 f   menu.obj
 0001:0001eeed       _M_Menu_Video_f            0041feed f   menu.obj
 0001:0001ef0e       _M_Menu_Credits_f          0041ff0e f   menu.obj
 0001:0001f0d3       _M_Menu_Game_f             004200d3 f   menu.obj
 0001:0001f366       _M_Menu_LoadGame_f         00420366 f   menu.obj
 0001:0001f636       _M_Menu_SaveGame_f         00420636 f   menu.obj
 0001:0001f796       _M_AddToServerList         00420796 f   menu.obj
 0001:0001f809       _M_Menu_JoinServer_f       00420809 f   menu.obj
 0001:0001fa6d       _M_Menu_StartServer_f      00420a6d f   menu.obj
 0001:00020298       _M_Menu_DMOptions_f        00421298 f   menu.obj
 0001:00020a14       _M_Menu_DownloadOptions_f  00421a14 f   menu.obj
 0001:00020c96       _M_Menu_AddressBook_f      00421c96 f   menu.obj
 0001:0002204e       _M_Init                    0042304e f   menu.obj
 0001:00022172       _M_Draw                    00423172 f   menu.obj
 0001:00022203       _M_Keydown                 00423203 f   menu.obj
 0001:0002221f       _LoadQ2BspFile             0042321f f   model.obj
 0001:000227e9       _LoadBspFile               004237e9 f   model.obj
 0001:00022909       _ProcessEntstring          00423909 f   model.obj
 0001:0002372c       _Netchan_Init              0042472c f   net_chan.obj
 0001:0002378c       _Netchan_OutOfBand         0042478c f   net_chan.obj
 0001:000237ec       _Netchan_OutOfBandPrint    004247ec f   net_chan.obj
 0001:0002382c       _Netchan_Setup             0042482c f   net_chan.obj
 0001:00023887       _Netchan_NeedReliable      00424887 f   net_chan.obj
 0001:000238b3       _Netchan_Transmit          004248b3 f   net_chan.obj
 0001:00023a57       _Netchan_Process           00424a57 f   net_chan.obj
 0001:00023b7e       _NetadrToSockadr           00424b7e f   net_wins.obj
 0001:00023c20       _SockadrToNetadr           00424c20 f   net_wins.obj
 0001:00023c83       _NET_CompareAdr            00424c83 f   net_wins.obj
 0001:00023ce9       _NET_CompareBaseAdr        00424ce9 f   net_wins.obj
 0001:00023d42       _NET_AdrToString           00424d42 f   net_wins.obj
 0001:00023dfb       _NET_StringToSockaddr      00424dfb f   net_wins.obj
 0001:00024034       _NET_StringToAdr           00425034 f   net_wins.obj
 0001:0002408d       _NET_IsLocalAddress        0042508d f   net_wins.obj
 0001:00024099       _NET_GetLoopPacket         00425099 f   net_wins.obj
 0001:00024120       _NET_SendLoopPacket        00425120 f   net_wins.obj
 0001:0002416c       _NET_GetPacket             0042516c f   net_wins.obj
 0001:0002428a       _NET_SendPacket            0042528a f   net_wins.obj
 0001:00024364       _NET_IPSocket              00425364 f   net_wins.obj
 0001:0002447a       _NET_OpenIP                0042547a f   net_wins.obj
 0001:000244f6       _NET_OpenIPX               004254f6 f   net_wins.obj
 0001:0002464e       _NET_Config                0042564e f   net_wins.obj
 0001:000246e1       _NET_Init                  004256e1 f   net_wins.obj
 0001:0002474b       _Pmove                     0042574b f   pmove.obj
 0001:000264a3       _NormalizeColor            004274a3 f   q_shared2.obj
 0001:00026504       _NormalizeColor255         00427504 f   q_shared2.obj
 0001:00026569       _Q_rsqrt                   00427569 f   q_shared2.obj
 0001:00026599       _RotatePointAroundVector   00427599 f   q_shared2.obj
 0001:00026709       _AngleVectors              00427709 f   q_shared2.obj
 0001:0002686a       _ProjectPointOnPlane       0042786a f   q_shared2.obj
 0001:000268e9       _PerpendicularVector       004278e9 f   q_shared2.obj
 0001:00026968       _MakeNormalVectors         00427968 f   q_shared2.obj
 0001:000269cf       _MatrixMultiply            004279cf f   q_shared2.obj
 0001:00026ab6       _R_ConcatTransforms        00427ab6 f   q_shared2.obj
 0001:00026bf0       _SetPlaneSignbits          00427bf0 f   q_shared2.obj
 0001:00026c20       _LerpAngle                 00427c20 f   q_shared2.obj
 0001:00026c63       _anglemod                  00427c63 f   q_shared2.obj
 0001:00026c8f       _BoxOnPlaneSide            00427c8f f   q_shared2.obj
 0001:00026dab       _ClearBounds               00427dab f   q_shared2.obj
 0001:00026dd4       _AddPointToBounds          00427dd4 f   q_shared2.obj
 0001:00026e0d       _VectorCompare             00427e0d f   q_shared2.obj
 0001:00026e3b       _VectorNormalize           00427e3b f   q_shared2.obj
 0001:00026e8f       _VectorNormalize2          00427e8f f   q_shared2.obj
 0001:00026ee7       _VectorNormalizeFast       00427ee7 f   q_shared2.obj
 0001:00026f38       _CrossProduct              00427f38 f   q_shared2.obj
 0001:00026f73       _VectorLength              00427f73 f   q_shared2.obj
 0001:00026fa2       _VectorDistance            00427fa2 f   q_shared2.obj
 0001:00026fd3       _VectorInverse             00427fd3 f   q_shared2.obj
 0001:00026fee       _VectorScale               00427fee f   q_shared2.obj
 0001:00027012       _AnglesToAxis              00428012 f   q_shared2.obj
 0001:00027050       _COM_FilePath              00428050 f   q_shared2.obj
 0001:00027086       _ShortSwap                 00428086 f   q_shared2.obj
 0001:0002709b       _va                        0042809b f   q_shared2.obj
 0001:000270e8       _COM_ParseExt              004280e8 f   q_shared2.obj
 0001:000271e3       _Com_PageInMemory          004281e3 f   q_shared2.obj
 0001:00027202       _Q_stricmp                 00428202 f   q_shared2.obj
 0001:00027213       _Q_strncasecmp             00428213 f   q_shared2.obj
 0001:0002726b       _Q_strcasecmp              0042826b f   q_shared2.obj
 0001:00027281       _Q_strncpyz                00428281 f   q_shared2.obj
 0001:000272a5       _Q_strncpylower            004282a5 f   q_shared2.obj
 0001:000272df       _Q_CopyFilename            004282df f   q_shared2.obj
 0001:0002737b       _Com_sprintf               0042837b f   q_shared2.obj
 0001:000273c1       _Info_ValueForKey          004283c1 f   q_shared2.obj
 0001:0002744c       _Info_RemoveKey            0042844c f   q_shared2.obj
 0001:000274d2       _Info_SetValueForKey       004284d2 f   q_shared2.obj
 0001:00027610       _Field_Key                 00428610 f   qmenu.obj
 0001:00027879       _Menu_AddItem              00428879 f   qmenu.obj
 0001:000278ae       _Menu_AdjustCursor         004288ae f   qmenu.obj
 0001:000279ed       _Menu_Center               004289ed f   qmenu.obj
 0001:00027a25       _Menu_DrawDotsItem         00428a25 f   qmenu.obj
 0001:00027a64       _Menu_Draw                 00428a64 f   qmenu.obj
 0001:00027f9c       _Menu_ItemAtCursor         00428f9c f   qmenu.obj
 0001:00027fb4       _Menu_SelectItem           00428fb4 f   qmenu.obj
 0001:00027ff6       _Menu_SetStatusBar         00428ff6 f   qmenu.obj
 0001:00028005       _Menu_SlideItem            00429005 f   qmenu.obj
 0001:00028561       _S_SoundInfo_f             00429561 f   snd_dma.obj
 0001:000285eb       _S_ReadModelsSex           004295eb f   snd_dma.obj
 0001:000286d3       _S_IsFemale                004296d3 f   snd_dma.obj
 0001:00028761       _S_Init                    00429761 f   snd_dma.obj
 0001:00028834       _S_Shutdown                00429834 f   snd_dma.obj
 0001:000288be       _S_FindName                004298be f   snd_dma.obj
 0001:000289aa       _S_AliasName               004299aa f   snd_dma.obj
 0001:00028a36       _S_BeginRegistration       00429a36 f   snd_dma.obj
 0001:00028a47       _S_RegisterSound           00429a47 f   snd_dma.obj
 0001:00028aad       _S_EndRegistration         00429aad f   snd_dma.obj
 0001:00028b40       _S_PickChannel             00429b40 f   snd_dma.obj
 0001:00028bd7       _S_SpatializeOrigin        00429bd7 f   snd_dma.obj
 0001:00028cfe       _S_Spatialize              00429cfe f   snd_dma.obj
 0001:00028d6f       _S_AllocPlaysound          00429d6f f   snd_dma.obj
 0001:00028d8e       _S_FreePlaysound           00429d8e f   snd_dma.obj
 0001:00028dbe       _S_IssuePlaysound          00429dbe f   snd_dma.obj
 0001:00028e88       _S_RegisterSexedSound      00429e88 f   snd_dma.obj
 0001:00028f6c       _S_StartSound              00429f6c f   snd_dma.obj
 0001:0002913b       _S_StartLocalSound         0042a13b f   snd_dma.obj
 0001:0002918a       _S_ClearBuffer             0042a18a f   snd_dma.obj
 0001:000291e2       _S_StopAllSounds           0042a1e2 f   snd_dma.obj
 0001:0002925d       _S_AddLoopSounds           0042a25d f   snd_dma.obj
 0001:0002942f       _S_RawSamples              0042a42f f   snd_dma.obj
 0001:00029633       _S_Update                  0042a633 f   snd_dma.obj
 0001:00029749       _GetSoundtime              0042a749 f   snd_dma.obj
 0001:000297b0       _S_Update_                 0042a7b0 f   snd_dma.obj
 0001:00029856       _S_Play                    0042a856 f   snd_dma.obj
 0001:00029906       _S_SoundList               0042a906 f   snd_dma.obj
 0001:000299c7       _ResampleSfx               0042a9c7 f   snd_mem.obj
 0001:00029adf       _S_LoadSound               0042aadf f   snd_mem.obj
 0001:00029c08       _FindNextChunk             0042ac08 f   snd_mem.obj
 0001:00029c92       _GetWavinfo                0042ac92 f   snd_mem.obj
 0001:00029e82       _S_WriteLinearBlastStereo16 0042ae82 f   snd_mix.obj
 0001:00029ef6       _S_TransferStereo16        0042aef6 f   snd_mix.obj
 0001:00029f5f       _S_TransferPaintBuffer     0042af5f f   snd_mix.obj
 0001:0002a0bb       _S_PaintChannels           0042b0bb f   snd_mix.obj
 0001:0002a2e8       _S_InitScaletable          0042b2e8 f   snd_mix.obj
 0001:0002a33c       _S_PaintChannelFrom8       0042b33c f   snd_mix.obj
 0001:0002a43e       _S_PaintChannelFrom16      0042b43e f   snd_mix.obj
 0001:0002a4a9       _FreeSound                 0042b4a9 f   snd_win.obj
 0001:0002a5b9       _SNDDMA_InitDirect         0042b5b9 f   snd_win.obj
 0001:0002aa8c       _SNDDMA_Init               0042ba8c f   snd_win.obj
 0001:0002ab08       _SNDDMA_GetDMAPos          0042bb08 f   snd_win.obj
 0001:0002ab52       _SNDDMA_BeginPainting      0042bb52 f   snd_win.obj
 0001:0002ac54       _SNDDMA_Submit             0042bc54 f   snd_win.obj
 0001:0002ac79       _SNDDMA_Shutdown           0042bc79 f   snd_win.obj
 0001:0002ac7e       _S_Activate                0042bc7e f   snd_win.obj
 0001:0002aca9       _SV_SetMaster_f            0042bca9 f   sv_ccmds.obj
 0001:0002adbb       _SV_WipeSavegame           0042bdbb f   sv_ccmds.obj
 0001:0002ade9       _SV_CopySaveGame           0042bde9 f   sv_ccmds.obj
 0001:0002ae3e       _SV_WriteLevelFile         0042be3e f   sv_ccmds.obj
 0001:0002aeec       _SV_ReadLevelFile          0042beec f   sv_ccmds.obj
 0001:0002af9a       _SV_WriteServerFile        0042bf9a f   sv_ccmds.obj
 0001:0002b1d6       _SV_ReadServerFile         0042c1d6 f   sv_ccmds.obj
 0001:0002b2f0       _SV_DemoMap_f              0042c2f0 f   sv_ccmds.obj
 0001:0002b37a       _SV_GameMap_f              0042c37a f   sv_ccmds.obj
 0001:0002b4ec       _SV_Map_f                  0042c4ec f   sv_ccmds.obj
 0001:0002b559       _SV_Loadgame_f             0042c559 f   sv_ccmds.obj
 0001:0002b65e       _SV_Savegame_f             0042c65e f   sv_ccmds.obj
 0001:0002b763       _SV_AddressBanned          0042c763 f   sv_ccmds.obj
 0001:0002b7a5       _SV_InitOperatorCommands   0042c7a5 f   sv_ccmds.obj
 0001:0002c144       _SV_EmitPacketEntities     0042d144 f   sv_ents.obj
 0001:0002c2b2       _SV_WritePlayerstateToClient 0042d2b2 f   sv_ents.obj
 0001:0002c7d6       _SV_WriteFrameToClient     0042d7d6 f   sv_ents.obj
 0001:0002c892       _SV_FatPVS                 0042d892 f   sv_ents.obj
 0001:0002c9bf       _SV_BuildClientFrame       0042d9bf f   sv_ents.obj
 0001:0002cc8a       _SV_RecordDemoMessage      0042dc8a f   sv_ents.obj
 0001:0002cda9       _SV_ShutdownGameProgs      0042dda9 f   sv_game.obj
 0001:0002cdc2       _SV_InitGameProgs          0042ddc2 f   sv_game.obj
 0001:0002d662       _SV_FindIndex              0042e662 f   sv_init.obj
 0001:0002d729       _SV_ModelIndex             0042e729 f   sv_init.obj
 0001:0002d73f       _SV_SoundIndex             0042e73f f   sv_init.obj
 0001:0002d758       _SV_ImageIndex             0042e758 f   sv_init.obj
 0001:0002d771       _SV_CreateBaseline         0042e771 f   sv_init.obj
 0001:0002d7cf       _SV_CheckForSavegame       0042e7cf f   sv_init.obj
 0001:0002d857       _SV_SpawnServer            0042e857 f   sv_init.obj
 0001:0002daf5       _SV_InitGame               0042eaf5 f   sv_init.obj
 0001:0002dce0       _SV_Map                    0042ece0 f   sv_init.obj
 0001:0002de9e       _SV_DropClient             0042ee9e f   sv_main.obj
 0001:0002df13       _SV_StatusString           0042ef13 f   sv_main.obj
 0001:0002dff2       _SVC_Info                  0042eff2 f   sv_main.obj
 0001:0002e0c8       _SVC_GetChallenge          0042f0c8 f   sv_main.obj
 0001:0002e170       _SVC_DirectConnect         0042f170 f   sv_main.obj
 0001:0002e5dd       _Rcon_Validate             0042f5dd f   sv_main.obj
 0001:0002e60e       _SVC_RemoteCommand         0042f60e f   sv_main.obj
 0001:0002e6e0       _SV_ConnectionlessPacket   0042f6e0 f   sv_main.obj
 0001:0002e842       _SV_CalcPings              0042f842 f   sv_main.obj
 0001:0002e8c9       _SV_GiveMsec               0042f8c9 f   sv_main.obj
 0001:0002e908       _SV_ReadPackets            0042f908 f   sv_main.obj
 0001:0002ea1e       _SV_CheckTimeouts          0042fa1e f   sv_main.obj
 0001:0002eade       _SV_PostprocessFrame       0042fade f   sv_main.obj
 0001:0002eeca       _SV_MulticastHook          0042feca f   sv_main.obj
 0001:0002f173       _SV_TraceHook              00430173 f   sv_main.obj
 0001:0002f294       _SV_Frame                  00430294 f   sv_main.obj
 0001:0002f4d1       _SV_UserinfoChanged        004304d1 f   sv_main.obj
 0001:0002f595       _SV_Init                   00430595 f   sv_main.obj
 0001:0002f5f8       _SV_Shutdown               004305f8 f   sv_main.obj
 0001:0002f7d5       _SV_FlushRedirect          004307d5 f   sv_send.obj
 0001:0002f847       _SV_ClientPrintf           00430847 f   sv_send.obj
 0001:0002f89d       _SV_BroadcastPrintf        0043089d f   sv_send.obj
 0001:0002f96e       _SV_BroadcastCommand       0043096e f   sv_send.obj
 0001:0002f9c0       _SV_Multicast              004309c0 f   sv_send.obj
 0001:0002fbb0       _SV_MulticastOld           00430bb0 f   sv_send.obj
 0001:0002fbc3       _SV_StartSound             00430bc3 f   sv_send.obj
 0001:0002fe32       _SV_StartSoundOld          00430e32 f   sv_send.obj
 0001:0002fe62       _SV_StartSoundNew          00430e62 f   sv_send.obj
 0001:0002fe92       _SV_SendClientDatagram     00430e92 f   sv_send.obj
 0001:0002ff69       _SV_DemoCompleted          00430f69 f   sv_send.obj
 0001:0002ff85       _SV_RateDrop               00430f85 f   sv_send.obj
 0001:0002ffd0       _SV_SendClientMessages     00430fd0 f   sv_send.obj
 0001:00030123       _SV_BeginDemoserver        00431123 f   sv_user.obj
 0001:00030173       _SV_New_f                  00431173 f   sv_user.obj
 0001:000302e8       _SV_Configstrings_f        004312e8 f   sv_user.obj
 0001:00030442       _SV_Baselines_f            00431442 f   sv_user.obj
 0001:000305b6       _SV_Begin_f                004315b6 f   sv_user.obj
 0001:00030613       _SV_NextDownload_f         00431613 f   sv_user.obj
 0001:000306e7       _SV_BeginDownload_f        004316e7 f   sv_user.obj
 0001:000308ff       _SV_Disconnect_f           004318ff f   sv_user.obj
 0001:0003090f       _SV_ShowServerinfo_f       0043190f f   sv_user.obj
 0001:0003091c       _SV_Nextserver             0043191c f   sv_user.obj
 0001:0003097b       _SV_Nextserver_f           0043197b f   sv_user.obj
 0001:000309c2       _SV_ExecuteUserCommand     004319c2 f   sv_user.obj
 0001:00030a2f       _SV_ClientThink            00431a2f f   sv_user.obj
 0001:00030a72       _SV_ExecuteClientMessage   00431a72 f   sv_user.obj
 0001:00030c9f       _SV_ClearWorld             00431c9f f   sv_world.obj
 0001:00030df3       _SV_UnlinkEdict            00431df3 f   sv_world.obj
 0001:00030e56       _SV_LinkEdict              00431e56 f   sv_world.obj
 0001:00031427       _SV_AreaEdicts             00432427 f   sv_world.obj
 0001:00031592       _SV_PointContents          00432592 f   sv_world.obj
 0001:00031677       _SV_ClipMoveToEntities     00432677 f   sv_world.obj
 0001:000319b2       _SV_Trace                  004329b2 f   sv_world.obj
 0001:00031a1d       _Sys_Error                 00432a1d f   sys_win.obj
 0001:00031a7d       _Sys_Quit                  00432a7d f   sys_win.obj
 0001:00031b5f       _Sys_Init                  00432b5f f   sys_win.obj
 0001:00031f6c       _Sys_ConsoleInput          00432f6c f   sys_win.obj
 0001:000320cc       _Sys_ConsoleOutput         004330cc f   sys_win.obj
 0001:0003217d       _Sys_SendKeyEvents         0043317d f   sys_win.obj
 0001:000321e6       _Sys_GetClipboardData      004331e6 f   sys_win.obj
 0001:0003223f       _Sys_AppActivate           0043323f f   sys_win.obj
 0001:0003225a       _Sys_UnloadGame            0043325a f   sys_win.obj
 0001:0003227f       _Sys_GetGameAPI            0043327f f   sys_win.obj
 0001:0003236c       _WinMain@16                0043336c f   sys_win.obj
 0001:0003244c       _Vid_CreateWindow          0043344c f   vid_dll.obj
 0001:00032bd7       _Vid_DestroyWindow         00433bd7 f   vid_dll.obj
 0001:00032c12       _Vid_GetModeInfo           00433c12 f   vid_dll.obj
 0001:00032c41       _Vid_UpdateWindowPosAndSize 00433c41 f   vid_dll.obj
 0001:00032ca8       _Vid_FreeReflib            00433ca8 f   vid_dll.obj
 0001:00032ce9       _Vid_CheckChanges          00433ce9 f   vid_dll.obj
 0001:000330ac       _Vid_Init                  004340ac f   vid_dll.obj
 0001:0003311d       _Vid_Shutdown              0043411d f   vid_dll.obj
 0001:0003314b       _Vid_MenuInit              0043414b f   vid_menu.obj
 0001:00033992       _Vid_MenuDraw              00434992 f   vid_menu.obj
 0001:00033a26       _Vid_MenuKey               00434a26 f   vid_menu.obj
 0001:00033da0       _GL_BackEnd                00434da0 f   gl_backend.obj
 0001:0003703e       _GL_InitBackend            0043803e f   gl_backend.obj
 0001:00037075       _GL_ShutdownBackend        00438075 f   gl_backend.obj
 0001:00037089       _GL_AllocDynamicMemory     00438089 f   gl_buffers.obj
 0001:000370e9       _GL_ResizeDynamicMemory    004380e9 f   gl_buffers.obj
 0001:0003713b       _GL_AddSurfaceToPortal     0043813b f   gl_buffers.obj
 0001:0003719e       _GL_AddDynamicSurface      0043819e f   gl_buffers.obj
 0001:000371c6       _GL_InsertShaderIndex      004381c6 f   gl_buffers.obj
 0001:00037212       _GL_ClearPortal            00438212 f   gl_buffers.obj
 0001:0003722e       _GL_FinishPortal           0043822e f   gl_buffers.obj
 0001:0003727f       _GL_SortSurfaces           0043827f f   gl_buffers.obj
 0001:0003741a       _GL_ClearBuffers           0043841a f   gl_buffers.obj
 0001:00037431       _GL_AddEntity              00438431 f   gl_frontend.obj
 0001:00037887       _GL_AddDlight              00438887 f   gl_frontend.obj
 0001:00037a3f       _GL_DrawPortal             00438a3f f   gl_frontend.obj
 0001:0003a3cf       _GL_TextureMode            0043b3cf f   gl_image.obj
 0001:0003a46f       _GL_CreateImage            0043b46f f   gl_image.obj
 0001:0003b198       _GL_SetRawPalette          0043c198 f   gl_image.obj
 0001:0003b1c9       _GL_DrawStretchRaw         0043c1c9 f   gl_image.obj
 0001:0003b479       _GL_SetupGamma             0043c479 f   gl_image.obj
 0001:0003b63e       _GL_PerformScreenshot      0043c63e f   gl_image.obj
 0001:0003b8c7       _GL_InitImages             0043c8c7 f   gl_image.obj
 0001:0003be8a       _GL_ShutdownImages         0043ce8a f   gl_image.obj
 0001:0003bf15       _GL_LoadDelayedImages      0043cf15 f   gl_image.obj
 0001:0003bfa4       _GL_ShowImages             0043cfa4 f   gl_image.obj
 0001:0003c1da       _GL_FindImage              0043d1da f   gl_image.obj
 0001:0003c5d7       _GL_Lock                   0043d5d7 f   gl_interface.obj
 0001:0003c668       _GL_Unlock                 0043d668 f   gl_interface.obj
 0001:0003c817       _GL_Bind                   0043d817 f   gl_interface.obj
 0001:0003c939       _GL_BindForce              0043d939 f   gl_interface.obj
 0001:0003c986       _GL_TexEnv                 0043d986 f   gl_interface.obj
 0001:0003cb05       _GL_TexMipBias             0043db05 f   gl_interface.obj
 0001:0003cb60       _GL_TexEnvColor            0043db60 f   gl_interface.obj
 0001:0003cc10       _GL_SelectTexture          0043dc10 f   gl_interface.obj
 0001:0003cc71       _GL_TexCoordPointer        0043dc71 f   gl_interface.obj
 0001:0003cca1       _GL_SetMultitexture        0043dca1 f   gl_interface.obj
 0001:0003cd79       _GL_DisableTexCoordArrays  0043dd79 f   gl_interface.obj
 0001:0003cdd2       _GL_CullFace               0043ddd2 f   gl_interface.obj
 0001:0003ce23       _GL_DepthRange             0043de23 f   gl_interface.obj
 0001:0003ce56       _GL_State                  0043de56 f   gl_interface.obj
 0001:0003cfaf       _GL_EnableFog              0043dfaf f   gl_interface.obj
 0001:0003d0b0       _GL_SetDefaultState        0043e0b0 f   gl_interface.obj
 0001:0003d1cf       _GL_Set2DMode              0043e1cf f   gl_interface.obj
 0001:0003d2ca       _GL_Setup                  0043e2ca f   gl_interface.obj
 0001:0003d3d6       _GL_ShowLights             0043e3d6 f   gl_light.obj
 0001:0003d7fb       _GL_LightForEntity         0043e7fb f   gl_light.obj
 0001:0003ea74       _GL_DiffuseLight           0043fa74 f   gl_light.obj
 0001:0003ebec       _GL_InitLightGrid          0043fbec f   gl_light.obj
 0001:0003ec88       _GL_PostLoadLights         0043fc88 f   gl_light.obj
 0001:0003ef26       _LM_Init                   0043ff26 f   gl_lightmap.obj
 0001:0003ef3c       _LM_Flush                  0043ff3c f   gl_lightmap.obj
 0001:0003ef99       _LM_Done                   0043ff99 f   gl_lightmap.obj
 0001:0003efc0       _LM_Save                   0043ffc0 f   gl_lightmap.obj
 0001:0003efda       _LM_Restore                0043ffda f   gl_lightmap.obj
 0001:0003eff4       _LM_NewBlock               0043fff4 f   gl_lightmap.obj
 0001:0003f06a       _LM_Rewind                 0044006a f   gl_lightmap.obj
 0001:0003f072       _LM_NextBlock              00440072 f   gl_lightmap.obj
 0001:0003f09f       _LM_CheckMinlight          0044009f f   gl_lightmap.obj
 0001:0003f135       _LM_AllocBlock             00440135 f   gl_lightmap.obj
 0001:0003f1ec       _LM_PutBlock               004401ec f   gl_lightmap.obj
 0001:0003f626       _LM_SortLightStyles        00440626 f   gl_lightmap.obj
 0001:0003f6b7       _GL_UpdateDynamicLightmap  004406b7 f   gl_lightmap.obj
 0001:0003fba5       _LM_IsMonotone             00440ba5 f   gl_lightmap.obj
 0001:0003fcac       _GL_EnableRendering        00440cac f   gl_main.obj
 0001:0003fcc7       _DrawTextLeft              00440cc7 f   gl_main.obj
 0001:0003fd91       _DrawTextRight             00440d91 f   gl_main.obj
 0001:0003fdcf       _DrawText3D                00440dcf f   gl_main.obj
 0001:0003ff6d       _GL_GetRefAPI              00440f6d f   gl_main.obj
 0001:00041693       _GL_InitFuncTables         00442693 f   gl_math.obj
 0001:00041844       _ModelToWorldCoord         00442844 f   gl_math.obj
 0001:000418b5       _WorldToModelCoord         004428b5 f   gl_math.obj
 0001:000418fc       _GetBoxRect                004428fc f   gl_math.obj
 0001:00041c6d       _GL_FindModel              00442c6d f   gl_model.obj
 0001:00041de8       _GL_LoadWorldMap           00442de8 f   gl_model.obj
 0001:00043911       _GL_PointInLeaf            00444911 f   gl_model.obj
 0001:00044247       _ATAN2_FUNC                00445247 f i gl_model.obj
 0001:000443e6       _GL_FindSkin               004453e6 f   gl_model.obj
 0001:0004453f       _GL_ResetModels            0044553f f   gl_model.obj
 0001:00044609       _GL_InitModels             00445609 f   gl_model.obj
 0001:00044676       _GL_ShutdownModels         00445676 f   gl_model.obj
 0001:0004468c       _SubdividePlane            0044568c f   gl_poly.obj
 0001:00044ae2       _FreeSubdividedPlane       00445ae2 f   gl_poly.obj
 0001:00044afa       _GetSubdivideIndexes       00445afa f   gl_poly.obj
 0001:00044b4d       _RemoveCollinearPoints     00445b4d f   gl_poly.obj
 0001:00044c61       _GetPolyArea               00445c61 f   gl_poly.obj
 0001:00044cf5       _GL_InitShaders            00445cf5 f   gl_shader.obj
 0001:00044e2b       _GL_ShutdownShaders        00445e2b f   gl_shader.obj
 0001:00044e55       _GL_SetShaderLightmap      00445e55 f   gl_shader.obj
 0001:0004521c       _GL_SetShaderLightstyles   0044621c f   gl_shader.obj
 0001:000452b8       _GL_GetAlphaShader         004462b8 f   gl_shader.obj
 0001:000455f5       _GL_FindShader             004465f5 f   gl_shader.obj
 0001:00045b59       _GL_GetShaderByNum         00446b59 f   gl_shader.obj
 0001:00045b77       _GL_ResetShaders           00446b77 f   gl_shader.obj
 0001:00045f6d       _GL_ClearSkyBox            00446f6d f   gl_sky.obj
 0001:00045f90       _GL_ShowWholeSky           00446f90 f   gl_sky.obj
 0001:00045fb8       _GL_AddSkySurface          00446fb8 f   gl_sky.obj
 0001:00046549       _GL_TesselateSkySide       00447549 f   gl_sky.obj
 0001:00046821       _GLimp_SetMode             00447821 f   glw_imp.obj
 0001:00046ac3       _GLimp_HasGamma            00447ac3 f   glw_imp.obj
 0001:00046ad7       _GLimp_SetGamma            00447ad7 f   glw_imp.obj
 0001:00046c5c       _GLimp_Init                00447c5c f   glw_imp.obj
 0001:00046fba       _GLimp_Shutdown            00447fba f   glw_imp.obj
 0001:00047068       _GLimp_EndFrame            00448068 f   glw_imp.obj
 0001:00047104       _GLimp_AppActivate         00448104 f   glw_imp.obj
 0001:000487eb       _QGL_Shutdown              004497eb f   qgl_win.obj
 0001:00048829       _QGL_Init                  00449829 f   qgl_win.obj
 0001:000488ac       _QGL_InitExtensions        004498ac f   qgl_win.obj
 0001:00048c08       _QGL_EnableLogging         00449c08 f   qgl_win.obj
 0001:00048cd3       _QGL_LogMessage            00449cd3 f   qgl_win.obj
 0001:00048cea       _Hunk_Begin                00449cea f   q_shwin.obj
 0001:00048d24       _Hunk_Alloc                00449d24 f   q_shwin.obj
 0001:00048dab       _Hunk_End                  00449dab f   q_shwin.obj
 0001:00048db1       _Hunk_Free                 00449db1 f   q_shwin.obj
 0001:00048dca       _Sys_Milliseconds          00449dca f   q_shwin.obj
 0001:00048dfe       _Sys_Mkdir                 00449dfe f   q_shwin.obj
 0001:00048e0a       _Sys_FindFirst             00449e0a f   q_shwin.obj
 0001:00048e88       _Sys_FindNext              00449e88 f   q_shwin.obj
 0001:00048efd       _Sys_FindClose             00449efd f   q_shwin.obj
 0001:00048f17       _R_Alias_clip_z            00449f17 f   r_aclip.obj
 0001:00048fd9       _R_Alias_clip_left         00449fd9 f   r_aclip.obj
 0001:000491e5       _R_Alias_clip_right        0044a1e5 f   r_aclip.obj
 0001:000493f1       _R_Alias_clip_top          0044a3f1 f   r_aclip.obj
 0001:00049605       _R_Alias_clip_bottom       0044a605 f   r_aclip.obj
 0001:00049819       _R_AliasClip               0044a819 f   r_aclip.obj
 0001:000498e9       _R_AliasClipTriangle       0044a8e9 f   r_aclip.obj
 0001:00049adb       _R_AliasCheckFrameBBox     0044aadb f   r_alias.obj
 0001:00049c0e       _R_AliasCheckBBox          0044ac0e f   r_alias.obj
 0001:00049c72       _R_AliasTransformVector    0044ac72 f   r_alias.obj
 0001:00049cce       _R_AliasPreparePoints      0044acce f   r_alias.obj
 0001:00049f66       _R_AliasSetUpTransform     0044af66 f   r_alias.obj
 0001:0004a0ef       _R_AliasTransformFinalVerts 0044b0ef f   r_alias.obj
 0001:0004a2be       _R_AliasProjectAndClipTestFinalVert 0044b2be f   r_alias.obj
 0001:0004a36d       _R_AliasSetupLighting      0044b36d f   r_alias.obj
 0001:0004a4d7       _R_AliasSetupFrames        0044b4d7 f   r_alias.obj
 0001:0004a54b       _R_AliasSetUpLerpData      0044b54b f   r_alias.obj
 0001:0004a673       _R_AliasDrawModel          0044b673 f   r_alias.obj
 0001:0004a8fa       _R_EntityRotate            0044b8fa f   r_bsp.obj
 0001:0004a976       _R_RotateBmodel            0044b976 f   r_bsp.obj
 0001:0004aad1       _R_RecursiveClipBPoly      0044bad1 f   r_bsp.obj
 0001:0004ae01       _R_DrawSolidClippedSubmodelPolygons 0044be01 f   r_bsp.obj
 0001:0004af88       _R_DrawSubmodelPolygons    0044bf88 f   r_bsp.obj
 0001:0004b018       _R_RecursiveWorldNode      0044c018 f   r_bsp.obj
 0001:0004b24a       _R_RenderWorld             0044c24a f   r_bsp.obj
 0001:0004b2c5       _Draw_FindPic              0044c2c5 f   r_draw.obj
 0001:0004b308       _Draw_InitLocal            0044c308 f   r_draw.obj
 0001:0004b319       _Draw_Char                 0044c319 f   r_draw.obj
 0001:0004b3fa       _Draw_CharColor            0044c3fa f   r_draw.obj
 0001:0004b509       _R_DrawTexts               0044c509 f   r_draw.obj
 0001:0004b57f       _DrawText_Pos              0044c57f f   r_draw.obj
 0001:0004b657       _DrawText_Left             0044c657 f   r_draw.obj
 0001:0004b67f       _DrawText_Right            0044c67f f   r_draw.obj
 0001:0004b6bb       _Draw_GetPicSize           0044c6bb f   r_draw.obj
 0001:0004b6fb       _Draw_StretchPicImplementation 0044c6fb f   r_draw.obj
 0001:0004b825       _Draw_StretchPic           0044c825 f   r_draw.obj
 0001:0004b85d       _Draw_StretchRaw           0044c85d f   r_draw.obj
 0001:0004b88f       _Draw_Pic                  0044c88f f   r_draw.obj
 0001:0004ba48       _Draw_PicColor             0044ca48 f   r_draw.obj
 0001:0004bc01       _Draw_TileClear            0044cc01 f   r_draw.obj
 0001:0004bcd1       _Draw_Fill                 0044ccd1 f   r_draw.obj
 0001:0004bd6d       _Draw_Fade                 0044cd6d f   r_draw.obj
 0001:0004bdcf       _R_BeginEdgeFrame          0044cdcf f   r_edge.obj
 0001:0004be8b       _R_InsertNewEdges          0044ce8b f   r_edge.obj
 0001:0004bed1       _R_RemoveEdges             0044ced1 f   r_edge.obj
 0001:0004beef       _R_StepActiveU             0044ceef f   r_edge.obj
 0001:0004bf83       _R_CleanupSpan             0044cf83 f   r_edge.obj
 0001:0004bfd3       _R_LeadingEdgeBackwards    0044cfd3 f   r_edge.obj
 0001:0004c068       _R_TrailingEdge            0044d068 f   r_edge.obj
 0001:0004c0cc       _R_LeadingEdge             0044d0cc f   r_edge.obj
 0001:0004c26f       _R_GenerateSpans           0044d26f f   r_edge.obj
 0001:0004c2dd       _R_GenerateSpansBackward   0044d2dd f   r_edge.obj
 0001:0004c34b       _R_ScanEdges               0044d34b f   r_edge.obj
 0001:0004c522       _D_FlatFillSurface         0044d522 f   r_edge.obj
 0001:0004c57c       _D_CalcGradients           0044d57c f   r_edge.obj
 0001:0004c7dc       _D_BackgroundSurf          0044d7dc f   r_edge.obj
 0001:0004c81c       _D_TurbulentSurf           0044d81c f   r_edge.obj
 0001:0004c92b       _D_SkySurf                 0044d92b f   r_edge.obj
 0001:0004c9ac       _D_SolidSurf               0044d9ac f   r_edge.obj
 0001:0004cb04       _D_DrawflatSurfaces        0044db04 f   r_edge.obj
 0001:0004cb54       _D_DrawSurfaces            0044db54 f   r_edge.obj
 0001:0004cc4d       _R_ImageList_f             0044dc4d f   r_image.obj
 0001:0004cd0e       _R_FindFreeImage           0044dd0e f   r_image.obj
 0001:0004cd5c       _R_LoadPic                 0044dd5c f   r_image.obj
 0001:0004cdec       _R_LoadTex                 0044ddec f   r_image.obj
 0001:0004ce78       _R_LoadWal                 0044de78 f   r_image.obj
 0001:0004cece       _R_MipMap                  0044dece f   r_image.obj
 0001:0004cffc       _R_DownsampleImage         0044dffc f   r_image.obj
 0001:0004d101       _R_FindImage               0044e101 f   r_image.obj
 0001:0004d4a6       _R_RegisterSkin            0044e4a6 f   r_image.obj
 0001:0004d4b4       _R_FreeUnusedImages        0044e4b4 f   r_image.obj
 0001:0004d514       _R_InitImages              0044e514 f   r_image.obj
 0001:0004d57a       _R_ShutdownImages          0044e57a f   r_image.obj
 0001:0004d5b7       _R_MarkLights              0044e5b7 f   r_light.obj
 0001:0004d67d       _R_PushDlights             0044e67d f   r_light.obj
 0001:0004d6db       _R_LightPoint              0044e6db f   r_light.obj
 0001:0004daa6       _R_AddDynamicLights        0044eaa6 f   r_light.obj
 0001:0004dd44       _R_BuildLightMap           0044ed44 f   r_light.obj
 0001:0004de3a       _R_InitTextures            0044ee3a f   r_main.obj
 0001:0004defb       _R_InitTurb                0044eefb f   r_main.obj
 0001:0004df78       _R_Register                0044ef78 f   r_main.obj
 0001:0004dfe0       _R_Init                    0044efe0 f   r_main.obj
 0001:0004e071       _R_Shutdown                0044f071 f   r_main.obj
 0001:0004e0e6       _R_NewMap                  0044f0e6 f   r_main.obj
 0001:0004e190       _R_MarkLeaves              0044f190 f   r_main.obj
 0001:0004e2b7       _R_DrawEntitiesOnList      0044f2b7 f   r_main.obj
 0001:0004e45f       _R_BmodelCheckBBox         0044f45f f   r_main.obj
 0001:0004e511       _R_FindTopnode             0044f511 f   r_main.obj
 0001:0004e566       _RotatedBBox               0044f566 f   r_main.obj
 0001:0004e6c8       _R_DrawBEntitiesOnList     0044f6c8 f   r_main.obj
 0001:0004e8c9       _R_EdgeDrawing             0044f8c9 f   r_main.obj
 0001:0004e99e       _R_CalcPalette             0044f99e f   r_main.obj
 0001:0004eaa3       _R_SetLightLevel           0044faa3 f   r_main.obj
 0001:0004eaf3       _R_RenderFrame             0044faf3 f   r_main.obj
 0001:0004ecda       _R_InitGraphics            0044fcda f   r_main.obj
 0001:0004ed50       _R_BeginFrame              0044fd50 f   r_main.obj
 0001:0004ee97       _R_GammaCorrectAndSetPalette 0044fe97 f   r_main.obj
 0001:0004eef6       _R_CinematicSetPalette     0044fef6 f   r_main.obj
 0001:0004ef8d       _Draw_BuildGammaTable      0044ff8d f   r_main.obj
 0001:0004f091       _R_DrawBeam                00450091 f   r_main.obj
 0001:0004f1e6       _R_SetSky                  004501e6 f   r_main.obj
 0001:0004f25d       _Draw_GetPalette           0045025d f   r_main.obj
 0001:0004f3a5       _Draw_ConCharColor         004503a5 f   r_main.obj
 0001:0004f3c6       _GetRefAPI                 004503c6 f   r_main.obj
 0001:0004f616       _D_ViewChanged             00450616 f   r_misc.obj
 0001:0004f789       _R_PrintTimes              00450789 f   r_misc.obj
 0001:0004f7f1       _R_PrintDSpeeds            004507f1 f   r_misc.obj
 0001:0004f8a6       _R_PrintAliasStats         004508a6 f   r_misc.obj
 0001:0004f8b9       _R_TransformFrustum        004508b9 f   r_misc.obj
 0001:0004f977       _TransformVector           00450977 f   r_misc.obj
 0001:0004f9e2       _R_SetUpFrustumIndexes     004509e2 f   r_misc.obj
 0001:0004fa47       _R_ViewChanged             00450a47 f   r_misc.obj
 0001:0004fd90       _R_SetupFrame              00450d90 f   r_misc.obj
 0001:0004ff6b       _WritePCXfile              00450f6b f   r_misc.obj
 0001:0005008d       _R_ScreenShot              0045108d f   r_misc.obj
 0001:0005019c       _Mod_Modellist_f           0045119c f   r_model.obj
 0001:000501fa       _Mod_Init                  004511fa f   r_model.obj
 0001:00050212       _Mod_ForName               00451212 f   r_model.obj
 0001:0005044e       _Mod_PointInLeaf           0045144e f   r_model.obj
 0001:000504b0       _Mod_DecompressVis         004514b0 f   r_model.obj
 0001:00050530       _Mod_ClusterPVS            00451530 f   r_model.obj
 0001:0005055d       _Mod_LoadLighting          0045155d f   r_model.obj
 0001:000505dc       _R_NumberLeafs             004515dc f   r_model.obj
 0001:0005062a       _Mod_LoadVertexes          0045162a f   r_model.obj
 0001:0005066c       _Mod_LoadEdges             0045166c f   r_model.obj
 0001:000506ba       _Mod_LoadTexinfo           004516ba f   r_model.obj
 0001:00050822       _CalcSurfaceExtents        00451822 f   r_model.obj
 0001:000509a2       _Mod_LoadFaces             004519a2 f   r_model.obj
 0001:00050b09       _Mod_SetParent             00451b09 f   r_model.obj
 0001:00050b2e       _Mod_LoadNodes             00451b2e f   r_model.obj
 0001:00050c24       _Mod_LoadLeafs             00451c24 f   r_model.obj
 0001:00050ccd       _Mod_LoadMarksurfaces      00451ccd f   r_model.obj
 0001:00050d49       _Mod_LoadSurfedges         00451d49 f   r_model.obj
 0001:00050d88       _Mod_LoadPlanes            00451d88 f   r_model.obj
 0001:00050df7       _Mod_LoadBrushModel        00451df7 f   r_model.obj
 0001:00050fdb       _Mod_LoadAliasModel        00451fdb f   r_model.obj
 0001:0005125b       _Mod_LoadSpriteModel       0045225b f   r_model.obj
 0001:00051342       _R_BeginRegistration       00452342 f   r_model.obj
 0001:000513d2       _R_RegisterModel           004523d2 f   r_model.obj
 0001:000514ca       _R_EndRegistration         004524ca f   r_model.obj
 0001:00051535       _Mod_FreeAll               00452535 f   r_model.obj
 0001:0005157a       _R_DrawParticle            0045257a f   r_part.obj
 0001:00051814       _R_DrawParticles           00452814 f   r_part.obj
 0001:000518bc       _R_DrawSpanletOpaque       004528bc f   r_poly.obj
 0001:0005194c       _R_DrawSpanletTurbulentStipple33 0045294c f   r_poly.obj
 0001:00051a77       _R_DrawSpanletTurbulentStipple66 00452a77 f   r_poly.obj
 0001:00051c58       _R_DrawSpanletTurbulentBlended66 00452c58 f   r_poly.obj
 0001:00051d0d       _R_DrawSpanletTurbulentBlended33 00452d0d f   r_poly.obj
 0001:00051dc2       _R_DrawSpanlet33           00452dc2 f   r_poly.obj
 0001:00051e5c       _R_DrawSpanletConstant33   00452e5c f   r_poly.obj
 0001:00051eb5       _R_DrawSpanlet66           00452eb5 f   r_poly.obj
 0001:00051f53       _R_DrawSpanlet33Stipple    00452f53 f   r_poly.obj
 0001:0005206e       _R_DrawSpanlet66Stipple    0045306e f   r_poly.obj
 0001:000521ff       _R_ClipPolyFace            004531ff f   r_poly.obj
 0001:00052370       _R_PolygonDrawSpans        00453370 f   r_poly.obj
 0001:0005276f       _R_PolygonScanLeftEdge     0045376f f   r_poly.obj
 0001:000528d3       _R_PolygonScanRightEdge    004538d3 f   r_poly.obj
 0001:00052add       _R_ClipAndDrawPoly         00453add f   r_poly.obj
 0001:00052cdf       _R_BuildPolygonFromSurface 00453cdf f   r_poly.obj
 0001:00052ed5       _R_PolygonCalculateGradients 00453ed5 f   r_poly.obj
 0001:000531a8       _R_DrawAlphaSurfaces       004541a8 f   r_poly.obj
 0001:0005323e       _R_IMFlatShadedQuad        0045423e f   r_poly.obj
 0001:0005336c       _R_InitAdivtab             0045436c f   r_polyse.obj
 0001:000533d8       _R_PolysetUpdateTables     004543d8 f   r_polyse.obj
 0001:00053413       _R_DrawTriangle            00454413 f   r_polyse.obj
 0001:00053524       _R_PolysetScanLeftEdge_C   00454524 f   r_polyse.obj
 0001:000536ee       _FloorDivMod               004546ee f   r_polyse.obj
 0001:00053788       _R_PolysetSetUpForLineScan 00454788 f   r_polyse.obj
 0001:00053816       _R_PolysetCalcGradients    00454816 f   r_polyse.obj
 0001:00053a89       _R_PolysetDrawSpans8_33    00454a89 f   r_polyse.obj
 0001:00053bb9       _R_PolysetDrawSpansConstant8_33 00454bb9 f   r_polyse.obj
 0001:00053c53       _R_PolysetDrawSpans8_66    00454c53 f   r_polyse.obj
 0001:00053d8f       _R_PolysetDrawSpansConstant8_66 00454d8f f   r_polyse.obj
 0001:00053e37       _R_PolysetDrawSpans8_Opaque 00454e37 f   r_polyse.obj
 0001:00053f82       _R_RasterizeAliasPolySmooth 00454f82 f   r_polyse.obj
 0001:00054562       _R_PolysetSetEdgeTable     00455562 f   r_polyse.obj
 0001:000545fd       _R_InitSkyBox              004555fd f   r_rast.obj
 0001:00054869       _R_EmitSkyBox              00455869 f   r_rast.obj
 0001:0005497c       _R_EmitEdge                0045597c f   r_rast.obj
 0001:00054d4e       _R_ClipEdge                00455d4e f   r_rast.obj
 0001:00054efc       _R_EmitCachedEdge          00455efc f   r_rast.obj
 0001:00054f53       _R_RenderFace              00455f53 f   r_rast.obj
 0001:0005531a       _R_RenderBmodelFace        0045631a f   r_rast.obj
 0001:00055583       _D_WarpScreen              00456583 f   r_scan.obj
 0001:00055745       _D_DrawTurbulent8Span      00456745 f   r_scan.obj
 0001:000557c9       _Turbulent8                004567c9 f   r_scan.obj
 0001:00055b25       _NonTurbulent8             00456b25 f   r_scan.obj
 0001:00055e5f       _D_DrawSpans16             00456e5f f   r_scan.obj
 0001:0005617c       _D_DrawZSpans              0045717c f   r_scan.obj
 0001:0005624c       _R_DrawSprite              0045724c f   r_sprite.obj
 0001:000564d6       _R_TextureAnimation        004574d6 f   r_surf.obj
 0001:000564fa       _R_DrawSurface             004574fa f   r_surf.obj
 0001:0005665f       _R_DrawSurfaceBlock8_mip0  0045765f f   r_surf.obj
 0001:0005675e       _R_DrawSurfaceBlock8_mip1  0045775e f   r_surf.obj
 0001:0005685d       _R_DrawSurfaceBlock8_mip2  0045785d f   r_surf.obj
 0001:0005695c       _R_DrawSurfaceBlock8_mip3  0045795c f   r_surf.obj
 0001:00056a58       _R_InitCaches              00457a58 f   r_surf.obj
 0001:00056ad9       _D_FlushCaches             00457ad9 f   r_surf.obj
 0001:00056b1e       _D_SCAlloc                 00457b1e f   r_surf.obj
 0001:00056cb2       _D_CacheSurface            00457cb2 f   r_surf.obj
 0001:00056e27       _DDRAW_Init                00457e27 f   rw_ddraw.obj
 0001:00057237       _DDRAW_SetPalette          00458237 f   rw_ddraw.obj
 0001:000572a0       _DDRAW_Shutdown            004582a0 f   rw_ddraw.obj
 0001:0005740b       _DIB_Init                  0045840b f   rw_dib.obj
 0001:000575f0       _DIB_SetPalette            004585f0 f   rw_dib.obj
 0001:000577b4       _DIB_Shutdown              004587b4 f   rw_dib.obj
 0001:000578ad       _SWimp_Init                004588ad f   rw_imp.obj
 0001:000578b1       _SWimp_EndFrame            004588b1 f   rw_imp.obj
 0001:00057a1d       _SWimp_SetMode             00458a1d f   rw_imp.obj
 0001:00057b3f       _SWimp_SetPalette          00458b3f f   rw_imp.obj
 0001:00057b64       _SWimp_Shutdown            00458b64 f   rw_imp.obj
 0001:00057bab       _SWimp_AppActivate         00458bab f   rw_imp.obj
 0001:00057be5       _adler32                   00458be5 f   adler32.obj
 0001:00057cfe       _crc32                     00458cfe f   crc32.obj
 0001:00057e14       _inflate_blocks_reset      00458e14 f   infblock.obj
 0001:00057e7f       _inflate_blocks_new        00458e7f f   infblock.obj
 0001:00057f0a       _inflate_blocks            00458f0a f   infblock.obj
 0001:00058721       _inflate_blocks_free       00459721 f   infblock.obj
 0001:00058755       _inflate_codes_new         00459755 f   infcodes.obj
 0001:00058789       _inflate_codes             00459789 f   infcodes.obj
 0001:00058d47       _inflate_codes_free        00459d47 f   infcodes.obj
 0001:00058d58       _inflate_fast              00459d58 f   inffast.obj
 0001:00059023       _inflateReset              0045a023 f   inflate.obj
 0001:00059062       _inflateEnd                0045a062 f   inflate.obj
 0001:000590a0       _inflateInit2_             0045a0a0 f   inflate.obj
 0001:0005918a       _inflate                   0045a18a f   inflate.obj
 0001:000594ed       _inflate_trees_bits        0045a4ed f   inftrees.obj
 0001:000598fb       _inflate_trees_dynamic     0045a8fb f   inftrees.obj
 0001:000599fe       _inflate_trees_fixed       0045a9fe f   inftrees.obj
 0001:00059a2d       _inflate_flush             0045aa2d f   infutil.obj
 0001:00059b19       _Zip_OpenArchive           0045ab19 f   zip.obj
 0001:00059b84       _Zip_CloseArchive          0045ab84 f   zip.obj
 0001:00059b90       _Zip_EnumArchive           0045ab90 f   zip.obj
 0001:00059d71       _Zip_OpenFile              0045ad71 f   zip.obj
 0001:00059e80       _Zip_ReadFile              0045ae80 f   zip.obj
 0001:00059f77       _Zip_CloseFile             0045af77 f   zip.obj
 0001:00059fbf       _Zip_OpenBuf               0045afbf f   zip.obj
 0001:0005a012       _Zip_ReadBuf               0045b012 f   zip.obj
 0001:0005a05a       _Zip_CloseBuf              0045b05a f   zip.obj
 0001:0005a070       _zcalloc                   0045b070 f   zutil.obj
 0001:0005a081       _jpeg_free_small           0045b081 f   zutil.obj
 0001:0005a081       _jpeg_free_large           0045b081 f   zutil.obj
 0001:0005a081       _zcfree                    0045b081 f   zutil.obj
 0001:0005a08d       _jpeg_CreateCompress       0045b08d f   jcapimin.obj
 0001:0005a141       _jpeg_suppress_tables      0045b141 f   jcapimin.obj
 0001:0005a18b       _jpeg_finish_compress      0045b18b f   jcapimin.obj
 0001:0005a275       _jpeg_start_compress       0045b275 f   jcapistd.obj
 0001:0005a2e1       _jpeg_write_scanlines      0045b2e1 f   jcapistd.obj
 0001:0005a38c       _jinit_c_coef_controller   0045b38c f   jccoefct.obj
 0001:0005aa2b       _jinit_color_converter     0045ba2b f   jccolor.obj
 0001:0005b015       _jinit_forward_dct         0045c015 f   jcdctmgr.obj
 0001:0005b4f1       _jinit_c_diff_controller   0045c4f1 f   jcdiffct.obj
 0001:0005ba57       _jpeg_make_c_derived_tbl   0045ca57 f   jchuff.obj
 0001:0005bc59       _jpeg_gen_optimal_table    0045cc59 f   jchuff.obj
 0001:0005be18       _jinit_compress_master     0045ce18 f   jcinit.obj
 0001:0005be71       _jinit_lhuff_encoder       0045ce71 f   jclhuff.obj
 0001:0005c59b       _jinit_lossless_c_codec    0045d59b f   jclossls.obj
 0001:0005c633       _jinit_lossy_c_codec       0045d633 f   jclossy.obj
 0001:0005c6ce       _jinit_c_main_controller   0045d6ce f   jcmainct.obj
 0001:0005c83b       _jinit_marker_writer       0045d83b f   jcmarker.obj
 0001:0005d117       _jinit_c_master_control    0045e117 f   jcmaster.obj
 0001:0005dc06       _jinit_c_codec             0045ec06 f   jcodec.obj
 0001:0005dc22       _jinit_d_codec             0045ec22 f   jcodec.obj
 0001:0005dc3e       _jpeg_abort                0045ec3e f   jcomapi.obj
 0001:0005dc71       _jpeg_destroy              0045ec71 f   jcomapi.obj
 0001:0005dc8c       _jpeg_alloc_quant_table    0045ec8c f   jcomapi.obj
 0001:0005dca8       _jpeg_alloc_huff_table     0045eca8 f   jcomapi.obj
 0001:0005dcc4       _jpeg_add_quant_table      0045ecc4 f   jcparam.obj
 0001:0005dd76       _jpeg_quality_scaling      0045ed76 f   jcparam.obj
 0001:0005dd9d       _jpeg_set_quality          0045ed9d f   jcparam.obj
 0001:0005ddd7       _jpeg_set_defaults         0045edd7 f   jcparam.obj
 0001:0005df99       _jpeg_default_colorspace   0045ef99 f   jcparam.obj
 0001:0005dfe9       _jpeg_set_colorspace       0045efe9 f   jcparam.obj
 0001:0005e304       _jinit_phuff_encoder       0045f304 f   jcphuff.obj
 0001:0005eda9       _jinit_differencer         0045fda9 f   jcpred.obj
 0001:0005f2c3       _jinit_c_prep_controller   004602c3 f   jcprepct.obj
 0001:0005f80e       _jinit_downsampler         0046080e f   jcsample.obj
 0001:0006008e       _jinit_c_scaler            0046108e f   jcscale.obj
 0001:00060104       _jinit_shuff_encoder       00461104 f   jcshuff.obj
 0001:0006096f       _jpeg_CreateDecompress     0046196f f   jdapimin.obj
 0001:00060a2f       _jpeg_destroy_decompress   00461a2f f   jdapimin.obj
 0001:00060a2f       _jpeg_destroy_compress     00461a2f f   jdapimin.obj
 0001:00060a3a       _jpeg_read_header          00461a3a f   jdapimin.obj
 0001:00060a9c       _jpeg_consume_input        00461a9c f   jdapimin.obj
 0001:00060cea       _jpeg_finish_decompress    00461cea f   jdapimin.obj
 0001:00060d81       _jpeg_start_decompress     00461d81 f   jdapistd.obj
 0001:00060eee       _jpeg_read_scanlines       00461eee f   jdapistd.obj
 0001:00060f72       _jpeg_stdio_dest           00461f72 f   jdatadst.obj
 0001:00061072       _jinit_d_coef_controller   00462072 f   jdcoefct.obj
 0001:00061d4b       _jinit_color_deconverter   00462d4b f   jdcolor.obj
 0001:00062261       _jinit_inverse_dct         00463261 f   jddctmgr.obj
 0001:000624a0       _jinit_d_diff_controller   004634a0 f   jddiffct.obj
 0001:000629ce       _jpeg_make_d_derived_tbl   004639ce f   jdhuff.obj
 0001:00062c6b       _jpeg_fill_bit_buffer      00463c6b f   jdhuff.obj
 0001:00062d7a       _jpeg_huff_decode          00463d7a f   jdhuff.obj
[...]
 0001:00022bab       _ProcessEntityTarget       00423bab f   model.obj
 0001:00022c24       _FindField                 00423c24 f   model.obj
 0001:00022c5d       _GetVector                 00423c5d f   model.obj
 0001:00022c8e       _ProcessEntity             00423c8e f   model.obj
 0001:0002369e       _AddField                  0042469e f   model.obj
 0001:000236db       _FindEntityTarget          004246db f   model.obj
 0001:0001dfb0       _Multiplayer_MenuDraw      0041efb0 f   menu.obj
 0001:0001dfd3       _M_Banner                  0041efd3 f   menu.obj
 0001:0001e015       _Multiplayer_MenuInit      0041f015 f   menu.obj
 0001:0001e103       _Multiplayer_MenuKey       0041f103 f   menu.obj
 0001:0001e135       _Keys_MenuInit             0041f135 f   menu.obj
 0001:0001e2c8       _KeyCursorDrawFunc         0041f2c8 f   menu.obj
 0001:0001e309       _DrawKeyBindingFunc        0041f309 f   menu.obj
 0001:0001e3d2       _M_FindKeysForCommand      0041f3d2 f   menu.obj
 0001:0001e422       _SeekLine                  0041f422 f   menu.obj
 0001:0001e449       _AppendToken               0041f449 f   menu.obj
 0001:0001e473       _Keys_MenuDraw             0041f473 f   menu.obj
 0001:0001e48c       _Keys_MenuKey              0041f48c f   menu.obj
 0001:0001e544       _M_UnbindCommand           0041f544 f   menu.obj
 0001:0001e590       _KeyBindingFunc            0041f590 f   menu.obj
 0001:0001e603       _Options_MenuInit          0041f603 f   menu.obj
 0001:0001ea59       _CrosshairFunc             0041fa59 f   menu.obj
 0001:0001ea7d       _JoystickFunc              0041fa7d f   menu.obj
 0001:0001ea90       _CustomizeControlsFunc     0041fa90 f   menu.obj
 0001:0001ea95       _AlwaysRunFunc             0041fa95 f   menu.obj
 0001:0001eaa8       _FreeLookFunc              0041faa8 f   menu.obj
 0001:0001eabb       _MouseSpeedFunc            0041fabb f   menu.obj
 0001:0001ead8       _ControlsSetMenuItemValues 0041fad8 f   menu.obj
 0001:0001eca4       _ControlsResetDefaultsFunc 0041fca4 f   menu.obj
 0001:0001ecb9       _InvertMouseFunc           0041fcb9 f   menu.obj
 0001:0001ecd4       _LookspringFunc            0041fcd4 f   menu.obj
 0001:0001ecf0       _LookstrafeFunc            0041fcf0 f   menu.obj
 0001:0001ed0c       _UpdateVolumeFunc          0041fd0c f   menu.obj
 0001:0001ed29       _UpdateCDVolumeFunc        0041fd29 f   menu.obj
 0001:0001ed42       _UpdateSoundFunc           0041fd42 f   menu.obj
 0001:0001edea       _Options_ScanCrosshairs    0041fdea f   menu.obj
 0001:0001ee3d       _Options_MenuDraw          0041fe3d f   menu.obj
 0001:0001ee65       _Options_CrosshairDraw     0041fe65 f   menu.obj
 0001:0001eedc       _Options_MenuKey           0041fedc f   menu.obj
 0001:0001efc2       _M_Credits_MenuDraw        0041ffc2 f   menu.obj
 0001:0001f0a1       _M_Credits_Key             004200a1 f   menu.obj
 0001:0001f0fe       _Game_MenuInit             004200fe f   menu.obj
 0001:0001f2ab       _EasyGameFunc              004202ab f   menu.obj
 0001:0001f2c1       _StartGame                 004202c1 f   menu.obj
 0001:0001f306       _MediumGameFunc            00420306 f   menu.obj
 0001:0001f31c       _HardGameFunc              0042031c f   menu.obj
 0001:0001f332       _Game_MenuDraw             00420332 f   menu.obj
 0001:0001f355       _Game_MenuKey              00420355 f   menu.obj
 0001:0001f387       _LoadGame_MenuInit         00420387 f   menu.obj
 0001:0001f430       _Create_Savestrings        00420430 f   menu.obj
 0001:0001f4f4       _LoadGameCallback          004204f4 f   menu.obj
 0001:0001f51d       _LoadGame_MenuDraw         0042051d f   menu.obj
 0001:0001f546       _DrawSavegameShot          00420546 f   menu.obj
 0001:0001f604       _LoadGame_MenuKey          00420604 f   menu.obj
 0001:0001f665       _SaveGame_MenuDraw         00420665 f   menu.obj
 0001:0001f69a       _SaveGame_MenuInit         0042069a f   menu.obj
 0001:0001f735       _SaveGameCallback          00420735 f   menu.obj
 0001:0001f754       _SaveGame_MenuKey          00420754 f   menu.obj
 0001:0001f82a       _JoinServer_MenuInit       0042082a f   menu.obj
 0001:0001f97b       _JoinServerFunc            0042097b f   menu.obj
 0001:0001f9d8       _SearchLocalGames          004209d8 f   menu.obj
 0001:0001fa44       _JoinServer_MenuDraw       00420a44 f   menu.obj
 0001:0001fa5c       _JoinServer_MenuKey        00420a5c f   menu.obj
 0001:0001fa8e       _StartServer_MenuInit      00420a8e f   menu.obj
 0001:0001ff3e       _DMOptionsFunc             00420f3e f   menu.obj
 0001:0001ff4d       _RulesChangeFunc           00420f4d f   menu.obj
 0001:0001ffb6       _StartServerActionFunc     00420fb6 f   menu.obj
 0001:0001ffe2       _StartServerFunc           00420fe2 f   menu.obj
 0001:0002024d       _StartServer_MenuDraw      0042124d f   menu.obj
 0001:00020259       _StartServer_MenuKey       00421259 f   menu.obj
 0001:000202b9       _DMOptions_MenuInit        004212b9 f   menu.obj
 0001:00020849       _DMFlagCallback            00421849 f   menu.obj
 0001:000209f7       _DMOptions_MenuDraw        004219f7 f   menu.obj
 0001:00020a03       _DMOptions_MenuKey         00421a03 f   menu.obj
 0001:00020a35       _DownloadOptions_MenuInit  00421a35 f   menu.obj
 0001:00020c20       _DownloadCallback          00421c20 f   menu.obj
 0001:00020c79       _DownloadOptions_MenuDraw  00421c79 f   menu.obj
 0001:00020c85       _DownloadOptions_MenuKey   00421c85 f   menu.obj
 0001:00020cb7       _AddressBook_MenuInit      00421cb7 f   menu.obj
 0001:00020d6d       _AddressBook_MenuKey       00421d6d f   menu.obj
 0001:00020dbe       _AddressBook_MenuDraw      00421dbe f   menu.obj
 0001:00020dd6       _M_Menu_PlayerConfig_f     00421dd6 f   menu.obj
 0001:00020e31       _PlayerConfig_MenuInit     00421e31 f   menu.obj
 0001:00021363       _HandednessCallback        00422363 f   menu.obj
 0001:00021376       _RTypeCallback             00422376 f   menu.obj
 0001:00021389       _RColorCallback            00422389 f   menu.obj
 0001:0002139c       _RateCallback              0042239c f   menu.obj
 0001:000213ba       _ModelCallback             004223ba f   menu.obj
 0001:000213fb       _PlayerConfig_ScanDirectories 004223fb f   menu.obj
 0001:000215c2       _IsValidSkin               004225c2 f   menu.obj
 0001:0002168b       _PlayerConfig_MenuDraw     0042268b f   menu.obj
 0001:00021933       _PlayerConfig_MenuKey      00422933 f   menu.obj
 0001:00021a07       _M_Menu_DMBrowse_f         00422a07 f   menu.obj
 0001:00021a4b       _DMBrowse_MenuInit         00422a4b f   menu.obj
 0001:00021c31       _DMBrowse_MenuKey          00422c31 f   menu.obj
 0001:00021ddf       _DMBrowse_MenuDraw         00422ddf f   menu.obj
 0001:00021f04       _DrawThumbnail             00422f04 f   menu.obj
 0001:00021fc9       _M_Quit_Key                00422fc9 f   menu.obj
 0001:00022009       _M_Quit_Draw               00423009 f   menu.obj
 0001:00022156       _M_Menu_Quit_f             00423156 f   menu.obj
 0001:0001d55a       _AllocChain                0041e55a f   memory.obj
 0001:0001d84a       _Z_Stats_f                 0041e84a f   memory.obj
 0001:0001cd4d       _MD4Transform              0041dd4d f   md4.obj
 0001:0001d34f       _Encode                    0041e34f f   md4.obj
 0001:0001d394       _Decode                    0041e394 f   md4.obj
 0001:0001bc3b       _HexDigit                  0041cc3b f   keys.obj
 0001:0001bd4b       _Do_CompleteCommand        0041cd4b f   keys.obj
 0001:0001c1ea       _TryComplete               0041d1ea f   keys.obj
 0001:0001c27f       _CompleteMenu              0041d27f f   keys.obj
 0001:0001c3e6       _CompleteMenuDraw          0041d3e6 f   keys.obj
 0001:0001c445       _CompleteMenuKey           0041d445 f   keys.obj
 0001:0001c477       _CompleteMenuCallback      0041d477 f   keys.obj
 0001:0001c71b       _Key_Unbind_f              0041d71b f   keys.obj
 0001:0001c802       _Key_Unbindall_f           0041d802 f   keys.obj
 0001:0001c82c       _Key_Bind_f                0041d82c f   keys.obj
 0001:0001ae7c       _IN_StartupMouse           0041be7c f   in_win.obj
 0001:0001aec2       _IN_StartupJoystick        0041bec2 f   in_win.obj
 0001:0001afe3       _Joy_AdvancedUpdate_f      0041bfe3 f   in_win.obj
 0001:0001b165       _IN_DeactivateMouse        0041c165 f   in_win.obj
 0001:0001b188       _IN_FreeDirect             0041c188 f   in_win.obj
 0001:0001b1f1       _IN_FreeWin32              0041c1f1 f   in_win.obj
 0001:0001b262       _IN_MouseMove              0041c262 f   in_win.obj
 0001:0001b41d       _IN_JoyMove                0041c41d f   in_win.obj
 0001:0001b763       _IN_ReadJoystick           0041c763 f   in_win.obj
 0001:0001b8d8       _IN_ActivateMouse          0041c8d8 f   in_win.obj
 0001:0001b948       _IN_InitDirect             0041c948 f   in_win.obj
 0001:0001ba92       _IN_InitWin32              0041ca92 f   in_win.obj
 0001:0006bff0       _J_InitSource              0046cff0 f   jquant2.obj
 0001:0001a7ae       _J_FillInputBuffer         0041b7ae f   images.obj
 0001:0001a7d6       _J_SkipInputData           0041b7d6 f   images.obj
 0001:0006bff0       _J_TermSource              0046cff0 f   jquant2.obj
 0001:0001a7ee       _InitJpegError             0041b7ee f   images.obj
 0001:0001a81f       _J_ErrorExit               0041b81f f   images.obj
 0001:0001a82e       _J_EmitMessage             0041b82e f   images.obj
 0001:0001a84b       _J_ResetErrorMgr           0041b84b f   images.obj
 0001:000187f9       _FindPakFile               004197f9 f   files.obj
 0001:00018869       _FindPakDirectory          00419869 f   files.obj
 0001:000188fa       _FileLength                004198fa f   files.obj
 0001:00018d4e       _FOpenCached               00419d4e f   files.obj
 0001:00019097       _UnloadPackFile            0041a097 f   files.obj
 0001:000190bd       _ClearFileCache            0041a0bd f   files.obj
 0001:000190e4       _AddGameDirectory          0041a0e4 f   files.obj
 0001:000191a9       _AddDirFilesToList         0041a1a9 f   files.obj
 0001:0001926c       _LoadPackFile              0041a26c f   files.obj
 0001:000193db       _AddPakFile                0041a3db f   files.obj
 0001:0001947a       _AddPakDirectory           0041a47a f   files.obj
 0001:00019558       _EnumZippedPak             0041a558 f   files.obj
 0001:000197f2       _ListPakDirectory          0041a7f2 f   files.obj
 0001:000199b4       _InitResFiles              0041a9b4 f   files.obj
 0001:00019a97       _FS_LoadPak_f              0041aa97 f   files.obj
 0001:00019b64       _TryLoadPak                0041ab64 f   files.obj
 0001:00019bd1       _FindPakStruc              0041abd1 f   files.obj
 0001:00019c26       _FS_UnloadPak_f            0041ac26 f   files.obj
 0001:00019dcb       _FS_Link_f                 0041adcb f   files.obj
 0001:00019e97       _FS_Dir_f                  0041ae97 f   files.obj
 0001:0001a0a8       _FS_Path_f                 0041b0a8 f   files.obj
 0001:0001a141       _FS_Cat_f                  0041b141 f   files.obj
 0001:0001a21a       _FS_Type_f                 0041b21a f   files.obj
 0001:000170ed       _Cvar_FindVar              004180ed f   cvar.obj
 0001:00017122       _ComputeHash               00418122 f   cvar.obj
 0001:00017334       _Cvar_SetString            00418334 f   cvar.obj
 0001:000173ca       _Cvar_InfoValidate         004183ca f   cvar.obj
 0001:000174d9       _Cvar_Set2                 004184d9 f   cvar.obj
 0001:000176ab       _Cvar_SetHardcoded         004186ab f   cvar.obj
 0001:00017ad9       _Cvar_Set_f                00418ad9 f   cvar.obj
 0001:00017b56       _Cvar_SetWithFlags         00418b56 f   cvar.obj
 0001:00017ba9       _Cvar_Seta_f               00418ba9 f   cvar.obj
 0001:00017bcb       _Cvar_Setu_f               00418bcb f   cvar.obj
 0001:00017bed       _Cvar_Sets_f               00418bed f   cvar.obj
 0001:00017c0f       _Cvar_Reset_f              00418c0f f   cvar.obj
 0001:00017c74       _Cvar_List_f               00418c74 f   cvar.obj
 0001:00017d84       _Cvar_Add_f                00418d84 f   cvar.obj
 0001:00017f10       _Cvar_Scale_f              00418f10 f   cvar.obj
 0001:00017f83       _Cvar_Toggle_f             00418f83 f   cvar.obj
 0001:00017fe6       _Cvar_Cycle_f              00418fe6 f   cvar.obj
 0001:00015e2c       _Con_Clear_f               00416e2c f   console.obj
 0001:00015e95       _PlaceChar                 00416e95 f   console.obj
 0001:00016010       _FindLine                  00417010 f   console.obj
 0001:00016780       _Con_DrawInput             00417780 f   console.obj
 0001:00016dd4       _iswordsym                 00417dd4 f   console.obj
 0001:00016f65       _Con_Dump_f                00417f65 f   console.obj
 0001:00017074       _Con_MessageMode_f         00418074 f   console.obj
 0001:00017086       _Con_MessageMode2_f        00418086 f   console.obj
 0001:000146d1       _GetInt                    004156d1 f   common.obj
 0001:00015693       _Com_Error_f               00416693 f   common.obj
 0001:000156ab       _ParseCmdline              004166ab f   common.obj
 0001:00015860       _PushCmdline               00416860 f   common.obj
 0001:00011cf3       _CMod_LoadSurfaces         00412cf3 f   cmodel.obj
 0001:00011df5       _CMod_ReadSurfMaterials    00412df5 f   cmodel.obj
 0001:00011f30       _CMod_LoadNodes            00412f30 f   cmodel.obj
 0001:00011f92       _CMod_LoadBrushes          00412f92 f   cmodel.obj
 0001:00011fde       _CMod_LoadLeafs            00412fde f   cmodel.obj
 0001:000120ad       _CMod_LoadPlanes           004130ad f   cmodel.obj
 0001:000121bb       _CMod_LoadLeafBrushes      004131bb f   cmodel.obj
 0001:00012206       _CMod_LoadBrushSides       00413206 f   cmodel.obj
 0001:0001227f       _CMod_LoadAreas            0041327f f   cmodel.obj
 0001:0001260a       _PointLeafnum_r            0041360a f   cmodel.obj
 0001:000126f5       _BoxLeafnums_r             004136f5 f   cmodel.obj
 0001:00012c42       _TestInLeaf                00413c42 f   cmodel.obj
 0001:00012ca7       _TestBoxInBrush            00413ca7 f   cmodel.obj
 0001:00012e18       _RecursiveHullCheck        00413e18 f   cmodel.obj
 0001:000130ef       _TraceToLeaf               004140ef f   cmodel.obj
 0001:000131aa       _ClipBoxToBrush            004141aa f   cmodel.obj
 0001:0001388f       _RecursiveBrushTest        0041488f f   cmodel.obj
 0001:00013b1c       _TestBrush                 00414b1c f   cmodel.obj
 0001:00013dfd       _FloodArea_r               00414dfd f   cmodel.obj
 0001:000116af       _Cmd_MacroExpandString     004126af f   cmd.obj
 0001:000119eb       _Cmd_Wait_f                004129eb f   cmd.obj
 0001:00011a20       _Cmd_List_f                00412a20 f   cmd.obj
 0001:00010660       _DrawSurfInfo              00411660 f   cl_view.obj
 0001:000109bb       _DrawFlag                  004119bb f   cl_view.obj
 0001:00010abc       _DecodeContents            00411abc f   cl_view.obj
 0001:00010aef       _DrawOriginInfo            00411aef f   cl_view.obj
 0001:00010bf3       _DrawFpsInfo               00411bf3 f   cl_view.obj
 0001:00010d1a       _FixWaterVis               00411d1a f   cl_view.obj
 0001:00010e18       _entitycmpfnc              00411e18 f   cl_view.obj
 0001:00010e81       _Screenshot_f              00411e81 f   cl_view.obj
 0001:0000d5f3       _SCR_CalcVrect             0040e5f3 f   cl_scrn.obj
 0001:0000bf82       _CL_PMTrace                0040cf82 f   cl_pred.obj
 0001:000085e3       _TryParseStatus            004095e3 f   cl_main.obj
 0001:00006a61       _IN_KLookUp                00407a61 f   cl_input.obj
 0001:00006a6d       _KeyUp                     00407a6d f   cl_input.obj
 0001:00006ae7       _IN_KLookDown              00407ae7 f   cl_input.obj
 0001:00006af3       _KeyDown                   00407af3 f   cl_input.obj
 0001:00006b69       _IN_UpUp                   00407b69 f   cl_input.obj
 0001:00006b75       _IN_UpDown                 00407b75 f   cl_input.obj
 0001:00006b81       _IN_DownUp                 00407b81 f   cl_input.obj
 0001:00006b8d       _IN_DownDown               00407b8d f   cl_input.obj
 0001:00006b99       _IN_RightUp                00407b99 f   cl_input.obj
 0001:00006ba5       _IN_RightDown              00407ba5 f   cl_input.obj
 0001:00006bb1       _IN_LeftUp                 00407bb1 f   cl_input.obj
 0001:00006bbd       _IN_LeftDown               00407bbd f   cl_input.obj
 0001:00006bc9       _IN_ForwardUp              00407bc9 f   cl_input.obj
 0001:00006bd5       _IN_ForwardDown            00407bd5 f   cl_input.obj
 0001:00006be1       _IN_BackUp                 00407be1 f   cl_input.obj
 0001:00006bed       _IN_BackDown               00407bed f   cl_input.obj
 0001:00006bf9       _IN_LookupUp               00407bf9 f   cl_input.obj
 0001:00006c05       _IN_LookupDown             00407c05 f   cl_input.obj
 0001:00006c11       _IN_LookdownUp             00407c11 f   cl_input.obj
 0001:00006c1d       _IN_LookdownDown           00407c1d f   cl_input.obj
 0001:00006c29       _IN_MoveleftUp             00407c29 f   cl_input.obj
 0001:00006c35       _IN_MoveleftDown           00407c35 f   cl_input.obj
 0001:00006c41       _IN_MoverightUp            00407c41 f   cl_input.obj
 0001:00006c4d       _IN_MoverightDown          00407c4d f   cl_input.obj
 0001:00006c59       _IN_SpeedUp                00407c59 f   cl_input.obj
 0001:00006c65       _IN_SpeedDown              00407c65 f   cl_input.obj
 0001:00006c71       _IN_StrafeUp               00407c71 f   cl_input.obj
 0001:00006c7d       _IN_StrafeDown             00407c7d f   cl_input.obj
 0001:00006c89       _IN_AttackUp               00407c89 f   cl_input.obj
 0001:00006c95       _IN_AttackDown             00407c95 f   cl_input.obj
 0001:00006ca1       _IN_UseUp                  00407ca1 f   cl_input.obj
 0001:00006cad       _IN_UseDown                00407cad f   cl_input.obj
 0001:00006cb9       _IN_Lookdown               00407cb9 f   cl_input.obj
 0001:00006cec       _IN_Lookup                 00407cec f   cl_input.obj
 0001:00006f84       _CreateCmd                 00407f84 f   cl_input.obj
 0001:00006fd0       _BaseMove                  00407fd0 f   cl_input.obj
 0001:0000718d       _CL_KeyState               0040818d f   cl_input.obj
 0001:000071ed       _AdjustAngles              004081ed f   cl_input.obj
 0001:000072fc       _FinishMove                004082fc f   cl_input.obj
 0001:000073b5       _ClampPitch                004083b5 f   cl_input.obj
 0001:00003741       _CL_AddParticleTraces      00404741 f   cl_fx.obj
 0001:00003a9a       _CL_UpdateParticleBeams    00404a9a f   cl_fx.obj
 0001:0000243a       _CL_AddDebugLines          0040343a f   cl_ents.obj
 0001:0000248e       _CL_AddPacketEntities      0040348e f   cl_ents.obj
 0001:00002ee3       _GetEntityInfo             00403ee3 f   cl_ents.obj
 0001:00002ff2       _AddEntityWithEffects      00403ff2 f   cl_ents.obj
 0001:0000301e       _AddViewWeapon             0040401e f   cl_ents.obj
 0001:0000083e       _FreeCinematic             0040183e f   cl_cin.obj
 0001:000009f1       _ReadNextFrame             004019f1 f   cl_cin.obj
 0001:00000b0e       _Huff1Decompress           00401b0e f   cl_cin.obj
 0001:00000fb7       _Huff1TableInit            00401fb7 f   cl_cin.obj
 0001:000010b1       _SmallestNode1             004020b1 f   cl_cin.obj
 0001:0000014c       _CDAudio_GetAudioDiskInfo  0040114c f   cd_win.obj
 0001:000004c4       _CD_f                      004014c4 f   cd_win.obj
 0001:0000077d       _CDAudio_Eject             0040177d f   cd_win.obj
 0001:000007a7       _CDAudio_CloseDoor         004017a7 f   cd_win.obj

 70 bytes saved through ICF

