 quake2

 Timestamp is 3e378ab2 (Wed Jan 29 11:02:58 2003)

 Preferred load address is 00400000

 Start         Length     Name                   Class
 0001:00000000 00065a10H .text                   CODE
 0002:00000000 00000358H .idata$5                DATA
 0002:00000358 0000194cH .rdata                  DATA
 0002:00001ca4 00000078H .idata$2                DATA
 0002:00001d1c 00000014H .idata$3                DATA
 0002:00001d30 00000358H .idata$4                DATA
 0002:00002088 00000b44H .idata$6                DATA
 0002:00002bcc 00000000H .edata                  DATA
 0003:00000000 00000004H .CRT$XCA                DATA
 0003:00000004 00000004H .CRT$XCZ                DATA
 0003:00000008 00000004H .CRT$XIA                DATA
 0003:0000000c 00000004H .CRT$XIZ                DATA
 0003:00000010 000147c4H .data                   DATA
 0003:000147d8 00998e9cH .bss                    DATA
 0004:00000000 000000a0H .rsrc$01                DATA
 0004:000000a0 00000300H .rsrc$02                DATA

  Address         Publics by Value              Rva+Base     Lib:Object

 0001:00000000       _CDAudio_Play2             00401000 f   cd_win.obj
 0001:000001e5       _CDAudio_Play              004011e5 f   cd_win.obj
 0001:000001fc       _CDAudio_Stop              004011fc f   cd_win.obj
 0001:00000241       _CDAudio_Pause             00401241 f   cd_win.obj
 0001:0000029a       _CDAudio_Resume            0040129a f   cd_win.obj
 0001:0000030c       _CDAudio_MessageHandler    0040130c f   cd_win.obj
 0001:000003a3       _CDAudio_Update            004013a3 f   cd_win.obj
 0001:000003da       _CDAudio_Init              004013da f   cd_win.obj
 0001:000007d1       _CDAudio_Shutdown          004017d1 f   cd_win.obj
 0001:00000804       _CDAudio_Activate          00401804 f   cd_win.obj
 0001:00000815       _SCR_StopCinematic         00401815 f   cl_cin.obj
 0001:000008a1       _SCR_FinishCinematic       004018a1 f   cl_cin.obj
 0001:000008cb       _SCR_ReadNextFrame         004018cb f   cl_cin.obj
 0001:00000bec       _SCR_RunCinematic          00401bec f   cl_cin.obj
 0001:00000ce5       _SCR_DrawCinematic         00401ce5 f   cl_cin.obj
 0001:00000d84       _SCR_PlayCinematic         00401d84 f   cl_cin.obj
 0001:000010bc       _CL_ParseEntityBits        004020bc f   cl_ents.obj
 0001:0000113b       _CL_ParseDelta             0040213b f   cl_ents.obj
 0001:00001319       _CL_DeltaEntity            00402319 f   cl_ents.obj
 0001:0000146f       _CL_ParsePacketEntities    0040246f f   cl_ents.obj
 0001:00001692       _CL_ParsePlayerstate       00402692 f   cl_ents.obj
 0001:000019a0       _CL_FireEntityEvents       004029a0 f   cl_ents.obj
 0001:000019ef       _CL_ParseFrame             004029ef f   cl_ents.obj
 0001:00001c58       _CL_AddPacketEntities      00402c58 f   cl_ents.obj
 0001:000026ad       _CL_AddViewWeapon          004036ad f   cl_ents.obj
 0001:000027e6       _CL_OffsetThirdPersonView  004037e6 f   cl_ents.obj
 0001:000028c9       _CL_CalcViewValues         004038c9 f   cl_ents.obj
 0001:00002b9e       _CL_AddEntities            00403b9e f   cl_ents.obj
 0001:00002c6b       _CL_GetEntitySoundOrigin   00403c6b f   cl_ents.obj
 0001:00002ca7       _CL_ClearLightStyles       00403ca7 f   cl_fx.obj
 0001:00002d2b       _CL_RunLightStyles         00403d2b f   cl_fx.obj
 0001:00002dc5       _CL_SetLightstyle          00403dc5 f   cl_fx.obj
 0001:00002e2f       _CL_AllocDlight            00403e2f f   cl_fx.obj
 0001:00002e9a       _CL_RunDLights             00403e9a f   cl_fx.obj
 0001:00002eec       _CL_AddDLights             00403eec f   cl_fx.obj
 0001:00002f35       _CL_ClearParticles         00403f35 f   cl_fx.obj
 0001:00002f75       _CL_AllocParticleTrace     00403f75 f   cl_fx.obj
 0001:0000301a       _CL_AllocParticle          0040401a f   cl_fx.obj
 0001:00003069       _CL_UpdateParticles        00404069 f   cl_fx.obj
 0001:0000354c       _CL_MetalSparks            0040454c f   cl_fx.obj
 0001:0000362b       _CL_ParseMuzzleFlash       0040462b f   cl_fx.obj
 0001:00003e40       _CL_ParseMuzzleFlash2      00404e40 f   cl_fx.obj
 0001:00004548       _CL_ParticleEffect         00405548 f   cl_fx.obj
 0001:00004617       _CL_ParticleEffect2        00405617 f   cl_fx.obj
 0001:000046e2       _CL_ParticleEffect3        004056e2 f   cl_fx.obj
 0001:000047b2       _CL_TeleporterParticles    004057b2 f   cl_fx.obj
 0001:00004869       _CL_LogoutEffect           00405869 f   cl_fx.obj
 0001:00004954       _CL_ItemRespawnParticles   00405954 f   cl_fx.obj
 0001:00004a03       _CL_ExplosionParticles     00405a03 f   cl_fx.obj
 0001:00004aad       _CL_BigTeleportParticles   00405aad f   cl_fx.obj
 0001:00004c04       _CL_BlasterParticles       00405c04 f   cl_fx.obj
 0001:00004cd0       _CL_BlasterTrail           00405cd0 f   cl_fx.obj
 0001:00004dc9       _CL_FlagTrail              00405dc9 f   cl_fx.obj
 0001:00004ecf       _CL_DiminishingTrail       00405ecf f   cl_fx.obj
 0001:00005139       _CL_RocketTrail            00406139 f   cl_fx.obj
 0001:00005268       _CL_RailTrail              00406268 f   cl_fx.obj
 0001:00005498       _CL_IonripperTrail         00406498 f   cl_fx.obj
 0001:000055ac       _CL_BubbleTrail            004065ac f   cl_fx.obj
 0001:000056d0       _CL_FlyParticles           004066d0 f   cl_fx.obj
 0001:00005875       _CL_FlyEffect              00406875 f   cl_fx.obj
 0001:000058f8       _CL_BfgParticles           004068f8 f   cl_fx.obj
 0001:00005ad5       _CL_TrapParticles          00406ad5 f   cl_fx.obj
 0001:00005d77       _CL_BFGExplosionParticles  00406d77 f   cl_fx.obj
 0001:00005e21       _CL_TeleportParticles      00406e21 f   cl_fx.obj
 0001:00005f5a       _CL_EntityEvent            00406f5a f   cl_fx.obj
 0001:00006138       _CL_ClearEffects           00407138 f   cl_fx.obj
 0001:00006156       _KeyDown                   00407156 f   cl_input.obj
 0001:000061cc       _KeyUp                     004071cc f   cl_input.obj
 0001:00006246       _IN_KLookDown              00407246 f   cl_input.obj
 0001:00006252       _IN_KLookUp                00407252 f   cl_input.obj
 0001:0000625e       _IN_UpDown                 0040725e f   cl_input.obj
 0001:0000626a       _IN_UpUp                   0040726a f   cl_input.obj
 0001:00006276       _IN_DownDown               00407276 f   cl_input.obj
 0001:00006282       _IN_DownUp                 00407282 f   cl_input.obj
 0001:0000628e       _IN_LeftDown               0040728e f   cl_input.obj
 0001:0000629a       _IN_LeftUp                 0040729a f   cl_input.obj
 0001:000062a6       _IN_RightDown              004072a6 f   cl_input.obj
 0001:000062b2       _IN_RightUp                004072b2 f   cl_input.obj
 0001:000062be       _IN_ForwardDown            004072be f   cl_input.obj
 0001:000062ca       _IN_ForwardUp              004072ca f   cl_input.obj
 0001:000062d6       _IN_BackDown               004072d6 f   cl_input.obj
 0001:000062e2       _IN_BackUp                 004072e2 f   cl_input.obj
 0001:000062ee       _IN_LookupDown             004072ee f   cl_input.obj
 0001:000062fa       _IN_LookupUp               004072fa f   cl_input.obj
 0001:00006306       _IN_LookdownDown           00407306 f   cl_input.obj
 0001:00006312       _IN_LookdownUp             00407312 f   cl_input.obj
 0001:0000631e       _IN_MoveleftDown           0040731e f   cl_input.obj
 0001:0000632a       _IN_MoveleftUp             0040732a f   cl_input.obj
 0001:00006336       _IN_MoverightDown          00407336 f   cl_input.obj
 0001:00006342       _IN_MoverightUp            00407342 f   cl_input.obj
 0001:0000634e       _IN_SpeedDown              0040734e f   cl_input.obj
 0001:0000635a       _IN_SpeedUp                0040735a f   cl_input.obj
 0001:00006366       _IN_StrafeDown             00407366 f   cl_input.obj
 0001:00006372       _IN_StrafeUp               00407372 f   cl_input.obj
 0001:0000637e       _IN_AttackDown             0040737e f   cl_input.obj
 0001:0000638a       _IN_AttackUp               0040738a f   cl_input.obj
 0001:00006396       _IN_UseDown                00407396 f   cl_input.obj
 0001:000063a2       _IN_UseUp                  004073a2 f   cl_input.obj
 0001:000063ae       _IN_Impulse                004073ae f   cl_input.obj
 0001:000063c4       _CL_KeyState               004073c4 f   cl_input.obj
 0001:00006422       _CL_AdjustAngles           00407422 f   cl_input.obj
 0001:00006531       _CL_BaseMove               00407531 f   cl_input.obj
 0001:0000670b       _CL_ClampPitch             0040770b f   cl_input.obj
 0001:000067b9       _CL_FinishMove             004077b9 f   cl_input.obj
 0001:00006875       _CL_CreateCmd              00407875 f   cl_input.obj
 0001:000068e1       _IN_CenterView             004078e1 f   cl_input.obj
 0001:00006902       _CL_InitInput              00407902 f   cl_input.obj
 0001:00006b08       _CL_SendCmd                00407b08 f   cl_input.obj
 0001:00006d02       _CL_ParseInventory         00407d02 f   cl_inv.obj
 0001:00006d22       _CL_DrawInventory          00407d22 f   cl_inv.obj
 0001:00006f83       _CL_WriteDemoMessage       00407f83 f   cl_main.obj
 0001:00006fc5       _CL_Stop_f                 00407fc5 f   cl_main.obj
 0001:00007020       _CL_Record_f               00408020 f   cl_main.obj
 0001:00007299       _Cmd_ForwardToServer       00408299 f   cl_main.obj
 0001:00007305       _CL_Setenv_f               00408305 f   cl_main.obj
 0001:000073c9       _CL_ForwardToServer_f      004083c9 f   cl_main.obj
 0001:00007417       _CL_Pause_f                00408417 f   cl_main.obj
 0001:00007450       _CL_Quit_f                 00408450 f   cl_main.obj
 0001:0000745a       _CL_Drop                   0040845a f   cl_main.obj
 0001:0000747c       _CL_SendConnectPacket      0040847c f   cl_main.obj
 0001:00007550       _CL_CheckForResend         00408550 f   cl_main.obj
 0001:00007630       _CL_Connect_f              00408630 f   cl_main.obj
 0001:000076af       _CL_Rcon_f                 004086af f   cl_main.obj
 0001:000077fc       _CL_ClearState             004087fc f   cl_main.obj
 0001:0000783b       _CL_Disconnect             0040883b f   cl_main.obj
 0001:00007978       _CL_Disconnect_f           00408978 f   cl_main.obj
 0001:00007987       _CL_Changing_f             00408987 f   cl_main.obj
 0001:000079ab       _CL_Reconnect_f            004089ab f   cl_main.obj
 0001:00007a47       _CL_ParseStatusMessage     00408a47 f   cl_main.obj
 0001:00007a7e       _CL_PingServers_f          00408a7e f   cl_main.obj
 0001:00007bd8       _CL_Skins_f                00408bd8 f   cl_main.obj
 0001:00007c14       _CL_ConnectionlessPacket   00408c14 f   cl_main.obj
 0001:00007e56       _CL_ReadPackets            00408e56 f   cl_main.obj
 0001:00007f94       _CL_FixUpGender            00408f94 f   cl_main.obj
 0001:00008067       _CL_Userinfo_f             00409067 f   cl_main.obj
 0001:0000807f       _CL_Snd_Restart_f          0040907f f   cl_main.obj
 0001:0000808e       _CL_RequestNextDownload    0040908e f   cl_main.obj
 0001:000086be       _CL_Precache_f             004096be f   cl_main.obj
 0001:00008784       _CL_WriteConfiguration     00409784 f   cl_main.obj
 0001:00008815       _CL_WriteConfig_f          00409815 f   cl_main.obj
 0001:00008874       _CL_InitLocal              00409874 f   cl_main.obj
 0001:00008a94       _CL_FixCvarCheats          00409a94 f   cl_main.obj
 0001:00008b51       _CL_SendCommand            00409b51 f   cl_main.obj
 0001:00008b6f       _CL_Frame                  00409b6f f   cl_main.obj
 0001:00008d43       _CL_Init                   00409d43 f   cl_main.obj
 0001:00008d90       _CL_Shutdown               00409d90 f   cl_main.obj
 0001:00008dd6       _vectoangles2              00409dd6 f   cl_newfx.obj
 0001:00008ed8       _CL_Flashlight             00409ed8 f   cl_newfx.obj
 0001:00008f28       _CL_ColorFlash             00409f28 f   cl_newfx.obj
 0001:00008f7a       _CL_DebugTrail             00409f7a f   cl_newfx.obj
 0001:00009071       _CL_ForceWall              0040a071 f   cl_newfx.obj
 0001:000091ab       _CL_BubbleTrail2           0040a1ab f   cl_newfx.obj
 0001:000092db       _CL_Heatbeam               0040a2db f   cl_newfx.obj
 0001:00009553       _CL_ParticleSteamEffect    0040a553 f   cl_newfx.obj
 0001:0000965f       _CL_ParticleSteamEffect2   0040a65f f   cl_newfx.obj
 0001:0000977e       _CL_TrackerTrail           0040a77e f   cl_newfx.obj
 0001:000098c3       _CL_Tracker_Shell          0040a8c3 f   cl_newfx.obj
 0001:0000993a       _CL_MonsterPlasma_Shell    0040a93a f   cl_newfx.obj
 0001:000099ae       _CL_Widowbeamout           0040a9ae f   cl_newfx.obj
 0001:00009a55       _CL_Nukeblast              0040aa55 f   cl_newfx.obj
 0001:00009afc       _CL_WidowSplash            0040aafc f   cl_newfx.obj
 0001:00009bb7       _CL_TagTrail               0040abb7 f   cl_newfx.obj
 0001:00009cbd       _CL_ColorExplosionParticles 0040acbd f   cl_newfx.obj
 0001:00009d6a       _CL_ParticleSmokeEffect    0040ad6a f   cl_newfx.obj
 0001:00009e74       _CL_BlasterParticles2      0040ae74 f   cl_newfx.obj
 0001:00009f41       _CL_BlasterTrail2          0040af41 f   cl_newfx.obj
 0001:0000a03a       _CL_DownloadFileName       0040b03a f   cl_parse.obj
 0001:0000a079       _CL_CheckOrDownloadFile    0040b079 f   cl_parse.obj
 0001:0000a2b1       _CL_Download_f             0040b2b1 f   cl_parse.obj
 0001:0000a379       _CL_RegisterSounds         0040b379 f   cl_parse.obj
 0001:0000a3b8       _CL_ParseDownload          0040b3b8 f   cl_parse.obj
 0001:0000a525       _CL_ParseServerData        0040b525 f   cl_parse.obj
 0001:0000a634       _CL_ParseBaseline          0040b634 f   cl_parse.obj
 0001:0000a66e       _CL_LoadClientinfo         0040b66e f   cl_parse.obj
 0001:0000a939       _CL_ParseClientinfo        0040b939 f   cl_parse.obj
 0001:0000a95d       _CL_ParseConfigString      0040b95d f   cl_parse.obj
 0001:0000aae1       _CL_ParseStartSoundPacket  0040bae1 f   cl_parse.obj
 0001:0000abe3       _SHOWNET                   0040bbe3 f   cl_parse.obj
 0001:0000ac07       _CL_ParseServerMessage     0040bc07 f   cl_parse.obj
 0001:0000aea7       _CL_CheckPredictionError   0040bea7 f   cl_pred.obj
 0001:0000afc6       _CL_ClipMoveToEntities     0040bfc6 f   cl_pred.obj
 0001:0000b2ca       _CL_PMTrace                0040c2ca f   cl_pred.obj
 0001:0000b339       _CL_PMpointcontents        0040c339 f   cl_pred.obj
 0001:0000b3a3       _CL_PredictMovement        0040c3a3 f   cl_pred.obj
 0001:0000b5ac       _CL_AddNetgraph            0040c5ac f   cl_scrn.obj
 0001:0000b686       _SCR_DebugGraph            0040c686 f   cl_scrn.obj
 0001:0000b6ae       _SCR_DrawDebugGraph        0040c6ae f   cl_scrn.obj
 0001:0000b78d       _SCR_CenterPrint           0040c78d f   cl_scrn.obj
 0001:0000b89e       _SCR_DrawCenterString      0040c89e f   cl_scrn.obj
 0001:0000b9f3       _SCR_SizeUp_f              0040c9f3 f   cl_scrn.obj
 0001:0000ba0c       _SCR_SizeDown_f            0040ca0c f   cl_scrn.obj
 0001:0000ba2d       _SCR_Sky_f                 0040ca2d f   cl_scrn.obj
 0001:0000bad8       _SCR_Init                  0040cad8 f   cl_scrn.obj
 0001:0000bb3d       _SCR_DrawNet               0040cb3d f   cl_scrn.obj
 0001:0000bb78       _SCR_DrawPause             0040cb78 f   cl_scrn.obj
 0001:0000bbe1       _SCR_RunConsole            0040cbe1 f   cl_scrn.obj
 0001:0000bc89       _SCR_DrawConsole           0040cc89 f   cl_scrn.obj
 0001:0000bd21       _SCR_SetLevelshot          0040cd21 f   cl_scrn.obj
 0001:0000bd85       _SCR_DrawLoading           0040cd85 f   cl_scrn.obj
 0001:0000be3e       _SCR_BeginLoadingPlaque    0040ce3e f   cl_scrn.obj
 0001:0000be9e       _SCR_EndLoadingPlaque      0040ce9e f   cl_scrn.obj
 0001:0000bebc       _SCR_Loading_f             0040cebc f   cl_scrn.obj
 0001:0000bec1       _SCR_TimeRefresh_f         0040cec1 f   cl_scrn.obj
 0001:0000bf98       _SCR_AddDirtyPoint         0040cf98 f   cl_scrn.obj
 0001:0000bfd5       _SCR_DirtyScreen           0040cfd5 f   cl_scrn.obj
 0001:0000c050       _SCR_TileClear             0040d050 f   cl_scrn.obj
 0001:0000c22b       _DrawHUDString             0040d22b f   cl_scrn.obj
 0001:0000c2dd       _SCR_DrawField             0040d2dd f   cl_scrn.obj
 0001:0000c401       _SCR_TouchPics             0040d401 f   cl_scrn.obj
 0001:0000c494       _SCR_ExecuteLayoutString   0040d494 f   cl_scrn.obj
 0001:0000ce46       _SCR_UpdateScreen          0040de46 f   cl_scrn.obj
 0001:0000d131       _CL_RegisterTEntSounds     0040e131 f   cl_tent.obj
 0001:0000d369       _CL_RegisterTEntModels     0040e369 f   cl_tent.obj
 0001:0000d4ef       _CL_ClearTEnts             0040e4ef f   cl_tent.obj
 0001:0000d546       _CL_AllocExplosion         0040e546 f   cl_tent.obj
 0001:0000d598       _CL_AddExplosions          0040e598 f   cl_tent.obj
 0001:0000d7e7       _CL_SmokeAndFlash          0040e7e7 f   cl_tent.obj
 0001:0000d84e       _CL_ParseBeam              0040e84e f   cl_tent.obj
 0001:0000d93d       _CL_ParseBeam2             0040e93d f   cl_tent.obj
 0001:0000da3d       _CL_ParsePlayerBeam        0040ea3d f   cl_tent.obj
 0001:0000db79       _CL_ParseLightning         0040eb79 f   cl_tent.obj
 0001:0000dc4f       _CL_ParseLaser             0040ec4f f   cl_tent.obj
 0001:0000dcf4       _CL_ParseSteam             0040ecf4 f   cl_tent.obj
 0001:0000de05       _CL_ParseWidow             0040ee05 f   cl_tent.obj
 0001:0000de71       _CL_ParseNuke              0040ee71 f   cl_tent.obj
 0001:0000dedb       _CL_ParseTEnt              0040eedb f   cl_tent.obj
 0001:0000ecf5       _CL_AddBeams               0040fcf5 f   cl_tent.obj
 0001:0000f01e       _CL_AddPlayerBeams         0041001e f   cl_tent.obj
 0001:0000f725       _CL_AddLasers              00410725 f   cl_tent.obj
 0001:0000f74a       _CL_ProcessSustain         0041074a f   cl_tent.obj
 0001:0000f78b       _CL_AddTEnts               0041078b f   cl_tent.obj
 0001:0000f7a4       _V_AddEntity               004107a4 f   cl_view.obj
 0001:0000f7ce       _V_AddLight                004107ce f   cl_view.obj
 0001:0000f819       _V_TestParticles           00410819 f   cl_view.obj
 0001:0000f8d7       _V_TestEntities            004108d7 f   cl_view.obj
 0001:0000f979       _V_TestLights              00410979 f   cl_view.obj
 0001:0000fa4c       _CL_PrepRefresh            00410a4c f   cl_view.obj
 0001:0000fd1f       _CalcFov                   00410d1f f   cl_view.obj
 0001:0000fd98       _V_Gun_Next_f              00410d98 f   cl_view.obj
 0001:0000fdb1       _V_Gun_Prev_f              00410db1 f   cl_view.obj
 0001:0000fdd3       _V_Gun_Model_f             00410dd3 f   cl_view.obj
 0001:0000fe07       _SCR_DrawCrosshair         00410e07 f   cl_view.obj
 0001:0000fe7c       _V_RenderView              00410e7c f   cl_view.obj
 0001:00010a40       _V_Viewpos_f               00411a40 f   cl_view.obj
 0001:00010a7e       _V_Init                    00411a7e f   cl_view.obj
 0001:00010c87       _Cbuf_Init                 00411c87 f   cmd.obj
 0001:00010c9f       _Cbuf_AddText              00411c9f f   cmd.obj
 0001:00010cfb       _Cbuf_InsertText           00411cfb f   cmd.obj
 0001:00010d53       _Cbuf_CopyToDefer          00411d53 f   cmd.obj
 0001:00010d7f       _Cbuf_InsertFromDefer      00411d7f f   cmd.obj
 0001:00010d92       _Cbuf_ExecuteText          00411d92 f   cmd.obj
 0001:00010dd1       _Cbuf_Execute              00411dd1 f   cmd.obj
 0001:00010eb3       _Cbuf_AddEarlyCommands     00411eb3 f   cmd.obj
 0001:00010f35       _Cbuf_AddLateCommands      00411f35 f   cmd.obj
 0001:0001104a       _Cmd_Exec_f                0041204a f   cmd.obj
 0001:000110cf       _Cmd_Echo_f                004120cf f   cmd.obj
 0001:00011111       _Cmd_Alias_f               00412111 f   cmd.obj
 0001:00011238       _Cmd_Unalias_f             00412238 f   cmd.obj
 0001:000112c1       _Cmd_WriteAliases          004122c1 f   cmd.obj
 0001:000112ea       _Cmd_Argc                  004122ea f   cmd.obj
 0001:000112f0       _Cmd_Argv                  004122f0 f   cmd.obj
 0001:0001130a       _Cmd_Args                  0041230a f   cmd.obj
 0001:00011310       _Cmd_TokenizeString        00412310 f   cmd.obj
 0001:00011542       _Cmd_AddCommand            00412542 f   cmd.obj
 0001:000115aa       _Cmd_RemoveCommand         004125aa f   cmd.obj
 0001:000115ec       _Cmd_ExecuteString         004125ec f   cmd.obj
 0001:000116c4       _Cmd_Init                  004126c4 f   cmd.obj
 0001:0001179a       _CMod_GetSurfMaterial      0041279a f   cmodel.obj
 0001:000117f4       _CM_LoadMap                004127f4 f   cmodel.obj
 0001:00011f5e       _CM_InlineModel            00412f5e f   cmodel.obj
 0001:00011fad       _CM_NumClusters            00412fad f   cmodel.obj
 0001:00011fb3       _CM_NumInlineModels        00412fb3 f   cmodel.obj
 0001:00011fb9       _CM_EntityString           00412fb9 f   cmodel.obj
 0001:00011fbf       _CM_LeafContents           00412fbf f   cmodel.obj
 0001:00011fe9       _CM_LeafCluster            00412fe9 f   cmodel.obj
 0001:00012014       _CM_LeafArea               00413014 f   cmodel.obj
 0001:0001203f       _CM_InitBoxHull            0041303f f   cmodel.obj
 0001:0001221e       _CM_HeadnodeForBox         0041321e f   cmodel.obj
 0001:000122d3       _CM_PointLeafnum           004132d3 f   cmodel.obj
 0001:00012356       _CM_BoxLeafnums            00413356 f   cmodel.obj
 0001:00012466       _CM_PointContents          00413466 f   cmodel.obj
 0001:0001248b       _CM_TransformedPointContents 0041348b f   cmodel.obj
 0001:00012575       _CM_BoxTrace               00413575 f   cmodel.obj
 0001:00012f99       _CM_TransformedBoxTrace    00413f99 f   cmodel.obj
 0001:00013222       _CM_DecompressVis          00414222 f   cmodel.obj
 0001:000132cb       _CM_ClusterPVS             004142cb f   cmodel.obj
 0001:00013318       _CM_ClusterPHS             00414318 f   cmodel.obj
 0001:00013365       _FloodAreaConnections      00414365 f   cmodel.obj
 0001:00013420       _CM_SetAreaPortalState     00414420 f   cmodel.obj
 0001:0001344d       _CM_AreasConnected         0041444d f   cmodel.obj
 0001:0001349b       _CM_WriteAreaBits          0041449b f   cmodel.obj
 0001:0001352b       _CM_WritePortalState       0041452b f   cmodel.obj
 0001:00013545       _CM_ReadPortalState        00414545 f   cmodel.obj
 0001:00013563       _CM_HeadnodeVisible        00414563 f   cmodel.obj
 0001:000135cb       _Com_BeginRedirect         004145cb f   common.obj
 0001:00013608       _Com_EndRedirect           00414608 f   common.obj
 0001:00013633       _Com_Printf                00414633 f   common.obj
 0001:00013792       _Com_DPrintf               00414792 f   common.obj
 0001:0001380c       _DebugPrintf               0041480c f   common.obj
 0001:000138b4       _Com_WPrintf               004148b4 f   common.obj
 0001:0001390d       _Com_Error                 0041490d f   common.obj
 0001:000139eb       _Com_Quit                  004149eb f   common.obj
 0001:00013a1b       _MatchWildcard             00414a1b f   common.obj
 0001:00013b58       _Com_ServerState           00414b58 f   common.obj
 0001:00013b5e       _Com_SetServerState        00414b5e f   common.obj
 0001:00013b68       _MSG_WriteByte             00414b68 f   common.obj
 0001:00013b68       _MSG_WriteChar             00414b68 f   common.obj
 0001:00013b7c       _MSG_WriteShort            00414b7c f   common.obj
 0001:00013b96       _MSG_WriteLong             00414b96 f   common.obj
 0001:00013bc0       _MSG_WriteFloat            00414bc0 f   common.obj
 0001:00013be6       _MSG_WriteString           00414be6 f   common.obj
 0001:00013c1e       _MSG_WriteCoord            00414c1e f   common.obj
 0001:00013c47       _MSG_WritePos              00414c47 f   common.obj
 0001:00013cbb       _MSG_WriteAngle            00414cbb f   common.obj
 0001:00013cde       _MSG_WriteAngle16          00414cde f   common.obj
 0001:00013d0d       _MSG_WriteDeltaUsercmd     00414d0d f   common.obj
 0001:00013e95       _MSG_WriteDir              00414e95 f   common.obj
 0001:00013f02       _MSG_ReadDir               00414f02 f   common.obj
 0001:00013f40       _MSG_WriteDeltaEntity      00414f40 f   common.obj
 0001:00014439       _MSG_BeginReading          00415439 f   common.obj
 0001:00014442       _MSG_ReadChar              00415442 f   common.obj
 0001:00014463       _MSG_ReadByte              00415463 f   common.obj
 0001:00014484       _MSG_ReadShort             00415484 f   common.obj
 0001:000144b4       _MSG_ReadLong              004154b4 f   common.obj
 0001:000144f3       _MSG_ReadString            004154f3 f   common.obj
 0001:00014526       _MSG_ReadStringLine        00415526 f   common.obj
 0001:0001455e       _MSG_ReadCoord             0041555e f   common.obj
 0001:00014578       _MSG_ReadPos               00415578 f   common.obj
 0001:000145ca       _MSG_ReadAngle             004155ca f   common.obj
 0001:000145e4       _MSG_ReadAngle16           004155e4 f   common.obj
 0001:000145fe       _MSG_ReadDeltaUsercmd      004155fe f   common.obj
 0001:000146b5       _MSG_ReadData              004156b5 f   common.obj
 0001:000146d8       _SZ_Init                   004156d8 f   common.obj
 0001:000146fa       _SZ_Clear                  004156fa f   common.obj
 0001:00014707       _SZ_GetSpace               00415707 f   common.obj
 0001:00014769       _SZ_Write                  00415769 f   common.obj
 0001:0001478a       _SZ_Print                  0041578a f   common.obj
 0001:000147d3       _COM_Argc                  004157d3 f   common.obj
 0001:000147d9       _COM_Argv                  004157d9 f   common.obj
 0001:000147fa       _COM_ClearArgv             004157fa f   common.obj
 0001:00014822       _COM_InitArgv              00415822 f   common.obj
 0001:0001487d       _Info_Print                0041587d f   common.obj
 0001:0001493a       _COM_BlockSequenceCRCByte  0041593a f   common.obj
 0001:000149c6       _frand                     004159c6 f   common.obj
 0001:000149e3       _crand                     004159e3 f   common.obj
 0001:00014a06       _Qcommon_Init              00415a06 f   common.obj
 0001:00014b5a       _Qcommon_Frame             00415b5a f   common.obj
 0001:00014e76       _CCheckParm                00415e76 f   conproc.obj
 0001:00014eaf       _InitConProc               00415eaf f   conproc.obj
 0001:00015001       _DeinitConProc             00416001 f   conproc.obj
 0001:00015012       _RequestProc@4             00416012 f   conproc.obj
 0001:00015123       _WriteText                 00416123 f   conproc.obj
 0001:000151ea       _CharToCode                004161ea f   conproc.obj
 0001:00015272       _SetConsoleCXCY            00416272 f   conproc.obj
 0001:000153a9       _DrawStringCommon          004163a9 f   console.obj
 0001:00015406       _DrawString                00416406 f   console.obj
 0001:00015428       _DrawAltString             00416428 f   console.obj
 0001:0001544d       _Con_ToggleConsole_f       0041644d f   console.obj
 0001:000154d7       _Con_ClearNotify           004164d7 f   console.obj
 0001:000154e5       _Con_CheckResize           004164e5 f   console.obj
 0001:00015605       _Con_Init                  00416605 f   console.obj
 0001:000158a2       _Con_Print                 004168a2 f   console.obj
 0001:00015b72       _Con_DrawNotify            00416b72 f   console.obj
 0001:00015dcc       _Con_DrawConsole           00416dcc f   console.obj
 0001:00016308       _CRC_Block                 00417308 f   crc.obj
 0001:00016344       _Cvar_VariableValue        00417344 f   cvar.obj
 0001:000163b2       _Cvar_VariableInt          004173b2 f   cvar.obj
 0001:000163c5       _Cvar_VariableString       004173c5 f   cvar.obj
 0001:000163dd       _Cvar_Get                  004173dd f   cvar.obj
 0001:00016639       _Cvar_GetVars              00417639 f   cvar.obj
 0001:0001668d       _Cvar_FullSet              0041768d f   cvar.obj
 0001:000166ea       _Cvar_SetValue             004176ea f   cvar.obj
 0001:000168d5       _Cvar_SetInteger           004178d5 f   cvar.obj
 0001:000168f7       _Cvar_Set                  004178f7 f   cvar.obj
 0001:0001690c       _Cvar_ForceSet             0041790c f   cvar.obj
 0001:00016921       _Cvar_Clamp                00417921 f   cvar.obj
 0001:000169ab       _Cvar_ClampName            004179ab f   cvar.obj
 0001:000169fc       _Cvar_GetLatchedVars       004179fc f   cvar.obj
 0001:00016a2b       _Cvar_Command              00417a2b f   cvar.obj
 0001:00016a99       _Cvar_WriteVariables       00417a99 f   cvar.obj
 0001:00016afe       _Cvar_BitInfo              00417afe f   cvar.obj
 0001:00016b37       _Cvar_Userinfo             00417b37 f   cvar.obj
 0001:00016b40       _Cvar_Serverinfo           00417b40 f   cvar.obj
 0001:00016b49       _Cvar_Init                 00417b49 f   cvar.obj
 0001:00017177       _FS_CreatePath             00418177 f   files.obj
 0001:0001719d       _Developer_searchpath      0041819d f   files.obj
 0001:000171e2       _FS_FCloseFile             004181e2 f   files.obj
 0001:00017278       _FS_FOpenFile              00418278 f   files.obj
 0001:00017712       _FS_FileExists             00418712 f   files.obj
 0001:00017930       _FS_Read                   00418930 f   files.obj
 0001:00017bdd       _FS_LoadFile               00418bdd f   files.obj
 0001:00017c3f       _FS_FreeFile               00418c3f f   files.obj
 0001:00017c4a       _FS_LoadPackFile           00418c4a f   files.obj
 0001:00017f82       _FS_UnloadPackFile         00418f82 f   files.obj
 0001:00017fcf       _FS_AddGameDirectory       00418fcf f   files.obj
 0001:00018163       _FS_Gamedir                00419163 f   files.obj
 0001:00018177       _FS_LoadGameConfig         00419177 f   files.obj
 0001:0001823c       _FS_SetGamedir             0041923c f   files.obj
 0001:000183d5       _FS_ListFiles              004193d5 f   files.obj
 0001:000186da       _FS_NextPath               004196da f   files.obj
 0001:000186fe       _FS_InitFilesystem         004196fe f   files.obj
 0001:000190c6       _LoadPCX                   0041a0c6 f   images.obj
 0001:000192aa       _LoadTGA                   0041a2aa f   images.obj
 0001:00019640       _LoadJPG                   0041a640 f   images.obj
 0001:000198d3       _ImageExists               0041a8d3 f   images.obj
 0001:000199d9       _WriteTGA                  0041a9d9 f   images.obj
 0001:00019a85       _WriteJPG                  0041aa85 f   images.obj
 0001:00019bad       _IN_MLookDown              0041abad f   in_win.obj
 0001:00019bb8       _IN_MLookUp                0041abb8 f   in_win.obj
 0001:00019bdb       _IN_StartupMouse           0041abdb f   in_win.obj
 0001:00019c35       _IN_MouseEvent             0041ac35 f   in_win.obj
 0001:00019cb2       _IN_Init                   0041acb2 f   in_win.obj
 0001:00019cf8       _IN_Shutdown               0041acf8 f   in_win.obj
 0001:00019ddd       _IN_Activate               0041addd f   in_win.obj
 0001:00019df4       _IN_Frame                  0041adf4 f   in_win.obj
 0001:0001a1c8       _IN_Move                   0041b1c8 f   in_win.obj
 0001:0001a393       _IN_StartupJoystick        0041b393 f   in_win.obj
 0001:0001a4b4       _Joy_AdvancedUpdate_f      0041b4b4 f   in_win.obj
 0001:0001a64b       _IN_Commands               0041b64b f   in_win.obj
 0001:0001a77a       _IN_ReadJoystick           0041b77a f   in_win.obj
 0001:0001a7b5       _IN_JoyMove                0041b7b5 f   in_win.obj
 0001:0001ab05       _Key_StringToKeynum        0041bb05 f   keys.obj
 0001:0001ab4f       _Key_KeynumToString        0041bb4f f   keys.obj
 0001:0001aba2       _Key_Console               0041bba2 f   keys.obj
 0001:0001b8e9       _Key_Message               0041c8e9 f   keys.obj
 0001:0001b97a       _Key_SetBinding            0041c97a f   keys.obj
 0001:0001b9d4       _Key_Bindlist_f            0041c9d4 f   keys.obj
 0001:0001ba65       _Key_WriteBindings         0041ca65 f   keys.obj
 0001:0001baa3       _Key_Init                  0041caa3 f   keys.obj
 0001:0001bd76       _Key_Event                 0041cd76 f   keys.obj
 0001:0001c055       _Key_ClearStates           0041d055 f   keys.obj
 0001:0001c09a       _Key_ClearTyping           0041d09a f   keys.obj
 0001:0001c0b3       _MD4Init                   0041d0b3 f   md4.obj
 0001:0001c0db       _MD4Update                 0041d0db f   md4.obj
 0001:0001c179       _MD4Final                  0041d179 f   md4.obj
 0001:0001c86a       _Com_BlockChecksum         0041d86a f   md4.obj
 0001:0001c8a6       _Z_Free                    0041d8a6 f   memory.obj
 0001:0001c8fc       _Z_FreeTags                0041d8fc f   memory.obj
 0001:0001c92c       _Z_TagMalloc               0041d92c f   memory.obj
 0001:0001c99d       _Z_Malloc                  0041d99d f   memory.obj
 0001:0001c9bf       _Z_BlockMalloc             0041d9bf f   memory.obj
 0001:0001c9da       _CreateMemoryChain         0041d9da f   memory.obj
 0001:0001ca43       _FreeMemoryChain           0041da43 f   memory.obj
 0001:0001ca6d       _AllocChainBlock           0041da6d f   memory.obj
 0001:0001cab8       _CopyString                0041dab8 f   memory.obj
 0001:0001cadc       _ChainCopyString           0041dadc f   memory.obj
 0001:0001cb04       _AllocNamedStruc           0041db04 f   memory.obj
 0001:0001cb3f       _ChainAllocNamedStruc      0041db3f f   memory.obj
 0001:0001cb7e       _FindNamedStruc            0041db7e f   memory.obj
 0001:0001cbc2       _FindNamedStrucByIndex     0041dbc2 f   memory.obj
 0001:0001cbd9       _IndexOfNamedStruc         0041dbd9 f   memory.obj
 0001:0001cc07       _AddToNamedList            0041dc07 f   memory.obj
 0001:0001cc51       _ChainAddToNamedList       0041dc51 f   memory.obj
 0001:0001cc9b       _FreeNamedList             0041dc9b f   memory.obj
 0001:0001ccb6       _Z_Init                    0041dcb6 f   memory.obj
 0001:0001ccf1       _M_PushMenu                0041dcf1 f   menu.obj
 0001:0001cdae       _M_ForceMenuOff            0041ddae f   menu.obj
 0001:0001cddb       _M_PopMenu                 0041dddb f   menu.obj
 0001:0001ce2f       _Default_MenuKey           0041de2f f   menu.obj
 0001:0001cf59       _M_Print                   0041df59 f   menu.obj
 0001:0001cfa4       _M_DrawTextBox             0041dfa4 f   menu.obj
 0001:0001d190       _M_Main_Draw               0041e190 f   menu.obj
 0001:0001d301       _M_Main_Key                0041e301 f   menu.obj
 0001:0001d3e5       _M_Menu_Main_f             0041e3e5 f   menu.obj
 0001:0001d401       _M_Menu_Multiplayer_f      0041e401 f   menu.obj
 0001:0001d586       _M_Menu_Keys_f             0041e586 f   menu.obj
 0001:0001da60       _M_Menu_Options_f          0041ea60 f   menu.obj
 0001:0001e351       _M_Menu_Video_f            0041f351 f   menu.obj
 0001:0001e372       _M_Menu_Credits_f          0041f372 f   menu.obj
 0001:0001e540       _M_Menu_Game_f             0041f540 f   menu.obj
 0001:0001e7d3       _M_Menu_LoadGame_f         0041f7d3 f   menu.obj
 0001:0001e980       _M_Menu_SaveGame_f         0041f980 f   menu.obj
 0001:0001eabb       _M_AddToServerList         0041fabb f   menu.obj
 0001:0001eb39       _M_Menu_JoinServer_f       0041fb39 f   menu.obj
 0001:0001eda8       _M_Menu_StartServer_f      0041fda8 f   menu.obj
 0001:0001f5d3       _M_Menu_DMOptions_f        004205d3 f   menu.obj
 0001:0001fd8c       _M_Menu_DownloadOptions_f  00420d8c f   menu.obj
 0001:0002000e       _M_Menu_AddressBook_f      0042100e f   menu.obj
 0001:000211ec       _M_Init                    004221ec f   menu.obj
 0001:00021310       _M_Draw                    00422310 f   menu.obj
 0001:000213a4       _M_Keydown                 004223a4 f   menu.obj
 0001:000213c0       _LoadQ2BspFile             004223c0 f   model.obj
 0001:00021989       _LoadBspFile               00422989 f   model.obj
 0001:00021aa9       _ProcessEntstring          00422aa9 f   model.obj
 0001:00022259       _Netchan_Init              00423259 f   net_chan.obj
 0001:000222b9       _Netchan_OutOfBand         004232b9 f   net_chan.obj
 0001:00022315       _Netchan_OutOfBandPrint    00423315 f   net_chan.obj
 0001:00022355       _Netchan_Setup             00423355 f   net_chan.obj
 0001:000223b0       _Netchan_NeedReliable      004233b0 f   net_chan.obj
 0001:000223dc       _Netchan_Transmit          004233dc f   net_chan.obj
 0001:00022585       _Netchan_Process           00423585 f   net_chan.obj
 0001:000226d0       _NetadrToSockadr           004236d0 f   net_wins.obj
 0001:00022777       _SockadrToNetadr           00423777 f   net_wins.obj
 0001:000227da       _NET_CompareAdr            004237da f   net_wins.obj
 0001:0002283c       _NET_CompareBaseAdr        0042383c f   net_wins.obj
 0001:00022894       _NET_AdrToString           00423894 f   net_wins.obj
 0001:00022948       _NET_StringToSockaddr      00423948 f   net_wins.obj
 0001:00022b7d       _NET_StringToAdr           00423b7d f   net_wins.obj
 0001:00022bd6       _NET_IsLocalAddress        00423bd6 f   net_wins.obj
 0001:00022be0       _NET_GetLoopPacket         00423be0 f   net_wins.obj
 0001:00022c67       _NET_SendLoopPacket        00423c67 f   net_wins.obj
 0001:00022cb3       _NET_GetPacket             00423cb3 f   net_wins.obj
 0001:00022de8       _NET_SendPacket            00423de8 f   net_wins.obj
 0001:00022f49       _NET_IPSocket              00423f49 f   net_wins.obj
 0001:00023058       _NET_OpenIP                00424058 f   net_wins.obj
 0001:00023179       _NET_IPXSocket             00424179 f   net_wins.obj
 0001:00023274       _NET_OpenIPX               00424274 f   net_wins.obj
 0001:0002335c       _NET_Config                0042435c f   net_wins.obj
 0001:000233d2       _NET_Sleep                 004243d2 f   net_wins.obj
 0001:0002347c       _NET_Init                  0042447c f   net_wins.obj
 0001:000236f3       _Pmove                     004246f3 f   pmove.obj
 0001:00025234       _Q_rsqrt                   00426234 f   q_shared2.obj
 0001:00025264       _RotatePointAroundVector   00426264 f   q_shared2.obj
 0001:000253d4       _AngleVectors              004263d4 f   q_shared2.obj
 0001:000254d8       _ProjectPointOnPlane       004264d8 f   q_shared2.obj
 0001:00025557       _PerpendicularVector       00426557 f   q_shared2.obj
 0001:000255d6       _MakeNormalVectors         004265d6 f   q_shared2.obj
 0001:0002563d       _MatrixMultiply            0042663d f   q_shared2.obj
 0001:00025724       _R_ConcatTransforms        00426724 f   q_shared2.obj
 0001:0002585e       _SetPlaneSignbits          0042685e f   q_shared2.obj
 0001:0002588e       _LerpAngle                 0042688e f   q_shared2.obj
 0001:000258d1       _anglemod                  004268d1 f   q_shared2.obj
 0001:000258f5       _BoxOnPlaneSide            004268f5 f   q_shared2.obj
 0001:00025a11       _ClearBounds               00426a11 f   q_shared2.obj
 0001:00025a3a       _AddPointToBounds          00426a3a f   q_shared2.obj
 0001:00025a73       _VectorCompare             00426a73 f   q_shared2.obj
 0001:00025aa1       _VectorNormalize           00426aa1 f   q_shared2.obj
 0001:00025af5       _VectorNormalize2          00426af5 f   q_shared2.obj
 0001:00025b4d       _VectorNormalizeFast       00426b4d f   q_shared2.obj
 0001:00025b90       _VectorMA                  00426b90 f   q_shared2.obj
 0001:00025bbf       _CrossProduct              00426bbf f   q_shared2.obj
 0001:00025bfa       _VectorLength              00426bfa f   q_shared2.obj
 0001:00025c29       _VectorDistance            00426c29 f   q_shared2.obj
 0001:00025c5a       _VectorInverse             00426c5a f   q_shared2.obj
 0001:00025c75       _VectorScale               00426c75 f   q_shared2.obj
 0001:00025c99       _AnglesToAxis              00426c99 f   q_shared2.obj
 0001:00025cde       _COM_StripExtension        00426cde f   q_shared2.obj
 0001:00025cff       _COM_FilePath              00426cff f   q_shared2.obj
 0001:00025d35       _ShortSwap                 00426d35 f   q_shared2.obj
 0001:00025d4a       _va                        00426d4a f   q_shared2.obj
 0001:00025d97       _COM_ParseExt              00426d97 f   q_shared2.obj
 0001:00025e92       _Com_PageInMemory          00426e92 f   q_shared2.obj
 0001:00025eb1       _Q_stricmp                 00426eb1 f   q_shared2.obj
 0001:00025ec2       _Q_strncasecmp             00426ec2 f   q_shared2.obj
 0001:00025f1a       _Q_strcasecmp              00426f1a f   q_shared2.obj
 0001:00025f30       _Q_strncpyz                00426f30 f   q_shared2.obj
 0001:00025f54       _Q_strncpylower            00426f54 f   q_shared2.obj
 0001:00025f8e       _Q_CopyFilename            00426f8e f   q_shared2.obj
 0001:00026028       _Com_sprintf               00427028 f   q_shared2.obj
 0001:0002606d       _Info_ValueForKey          0042706d f   q_shared2.obj
 0001:000260f8       _Info_RemoveKey            004270f8 f   q_shared2.obj
 0001:0002617e       _Info_SetValueForKey       0042717e f   q_shared2.obj
 0001:000262bc       _Field_Draw                004272bc f   qmenu.obj
 0001:000264d0       _Field_Key                 004274d0 f   qmenu.obj
 0001:00026739       _Menu_AddItem              00427739 f   qmenu.obj
 0001:0002676e       _Menu_AdjustCursor         0042776e f   qmenu.obj
 0001:000268ad       _Menu_Center               004278ad f   qmenu.obj
 0001:000268e5       _Menu_DrawDotsItem         004278e5 f   qmenu.obj
 0001:0002694a       _Menu_Draw                 0042794a f   qmenu.obj
 0001:00026bfb       _Menu_ItemAtCursor         00427bfb f   qmenu.obj
 0001:00026c13       _Menu_SelectItem           00427c13 f   qmenu.obj
 0001:00026c55       _Menu_SetStatusBar         00427c55 f   qmenu.obj
 0001:00026c64       _Menu_SlideItem            00427c64 f   qmenu.obj
 0001:00026cb4       _Menu_TallySlots           00427cb4 f   qmenu.obj
 0001:00027164       _S_SoundInfo_f             00428164 f   snd_dma.obj
 0001:000271ee       _S_ReadModelsSex           004281ee f   snd_dma.obj
 0001:000272d7       _S_IsFemale                004282d7 f   snd_dma.obj
 0001:00027332       _S_Init                    00428332 f   snd_dma.obj
 0001:00027405       _S_Shutdown                00428405 f   snd_dma.obj
 0001:0002748f       _S_FindName                0042848f f   snd_dma.obj
 0001:0002757b       _S_AliasName               0042857b f   snd_dma.obj
 0001:00027607       _S_BeginRegistration       00428607 f   snd_dma.obj
 0001:00027618       _S_RegisterSound           00428618 f   snd_dma.obj
 0001:0002767e       _S_EndRegistration         0042867e f   snd_dma.obj
 0001:00027711       _S_PickChannel             00428711 f   snd_dma.obj
 0001:000277a8       _S_SpatializeOrigin        004287a8 f   snd_dma.obj
 0001:000278b0       _S_Spatialize              004288b0 f   snd_dma.obj
 0001:0002791e       _S_AllocPlaysound          0042891e f   snd_dma.obj
 0001:0002793d       _S_FreePlaysound           0042893d f   snd_dma.obj
 0001:0002796d       _S_IssuePlaysound          0042896d f   snd_dma.obj
 0001:00027a2b       _S_RegisterSexedSound      00428a2b f   snd_dma.obj
 0001:00027b0f       _S_StartSound              00428b0f f   snd_dma.obj
 0001:00027ca5       _S_StartLocalSound         00428ca5 f   snd_dma.obj
 0001:00027cf4       _S_ClearBuffer             00428cf4 f   snd_dma.obj
 0001:00027d4c       _S_StopAllSounds           00428d4c f   snd_dma.obj
 0001:00027dc7       _S_AddLoopSounds           00428dc7 f   snd_dma.obj
 0001:00027f93       _S_RawSamples              00428f93 f   snd_dma.obj
 0001:00028197       _S_Update                  00429197 f   snd_dma.obj
 0001:000282be       _GetSoundtime              004292be f   snd_dma.obj
 0001:00028325       _S_Update_                 00429325 f   snd_dma.obj
 0001:000283bb       _S_Play                    004293bb f   snd_dma.obj
 0001:0002846b       _S_SoundList               0042946b f   snd_dma.obj
 0001:0002852c       _ResampleSfx               0042952c f   snd_mem.obj
 0001:00028630       _S_LoadSound               00429630 f   snd_mem.obj
 0001:00028756       _GetLittleShort            00429756 f   snd_mem.obj
 0001:00028773       _GetLittleLong             00429773 f   snd_mem.obj
 0001:000287a1       _FindNextChunk             004297a1 f   snd_mem.obj
 0001:000287fd       _GetWavinfo                004297fd f   snd_mem.obj
 0001:000289d0       _S_WriteLinearBlastStereo16 004299d0 f   snd_mix.obj
 0001:00028a44       _S_TransferStereo16        00429a44 f   snd_mix.obj
 0001:00028aad       _S_TransferPaintBuffer     00429aad f   snd_mix.obj
 0001:00028c09       _S_PaintChannels           00429c09 f   snd_mix.obj
 0001:00028e2e       _S_InitScaletable          00429e2e f   snd_mix.obj
 0001:00028e81       _S_PaintChannelFrom8       00429e81 f   snd_mix.obj
 0001:00028f83       _S_PaintChannelFrom16      00429f83 f   snd_mix.obj
 0001:00028fee       _FreeSound                 00429fee f   snd_win.obj
 0001:000290fe       _SNDDMA_InitDirect         0042a0fe f   snd_win.obj
 0001:000295cd       _SNDDMA_Init               0042a5cd f   snd_win.obj
 0001:00029649       _SNDDMA_GetDMAPos          0042a649 f   snd_win.obj
 0001:00029693       _SNDDMA_BeginPainting      0042a693 f   snd_win.obj
 0001:00029795       _SNDDMA_Submit             0042a795 f   snd_win.obj
 0001:000297ba       _SNDDMA_Shutdown           0042a7ba f   snd_win.obj
 0001:000297bf       _S_Activate                0042a7bf f   snd_win.obj
 0001:000297ea       _SV_SetMaster_f            0042a7ea f   sv_ccmds.obj
 0001:00029907       _SV_SetPlayer              0042a907 f   sv_ccmds.obj
 0001:000299f3       _SV_WipeSavegame           0042a9f3 f   sv_ccmds.obj
 0001:00029a42       _SV_CopySaveGame           0042aa42 f   sv_ccmds.obj
 0001:00029bc1       _SV_WriteLevelFile         0042abc1 f   sv_ccmds.obj
 0001:00029c6f       _SV_ReadLevelFile          0042ac6f f   sv_ccmds.obj
 0001:00029d1d       _SV_WriteServerFile        0042ad1d f   sv_ccmds.obj
 0001:00029f6e       _SV_ReadServerFile         0042af6e f   sv_ccmds.obj
 0001:0002a088       _SV_DemoMap_f              0042b088 f   sv_ccmds.obj
 0001:0002a0c0       _SV_GameMap_f              0042b0c0 f   sv_ccmds.obj
 0001:0002a230       _SV_Map_f                  0042b230 f   sv_ccmds.obj
 0001:0002a29d       _SV_Loadgame_f             0042b29d f   sv_ccmds.obj
 0001:0002a395       _SV_Savegame_f             0042b395 f   sv_ccmds.obj
 0001:0002a495       _SV_Kick_f                 0042b495 f   sv_ccmds.obj
 0001:0002a512       _SV_Status_f               0042b512 f   sv_ccmds.obj
 0001:0002a6b4       _SV_ConSay_f               0042b6b4 f   sv_ccmds.obj
 0001:0002a747       _SV_Heartbeat_f            0042b747 f   sv_ccmds.obj
 0001:0002a752       _SV_Serverinfo_f           0042b752 f   sv_ccmds.obj
 0001:0002a76a       _SV_DumpUser_f             0042b76a f   sv_ccmds.obj
 0001:0002a7b0       _SV_ServerRecord_f         0042b7b0 f   sv_ccmds.obj
 0001:0002a967       _SV_ServerStop_f           0042b967 f   sv_ccmds.obj
 0001:0002a993       _SV_KillServer_f           0042b993 f   sv_ccmds.obj
 0001:0002a9b3       _SV_ServerCommand_f        0042b9b3 f   sv_ccmds.obj
 0001:0002a9cb       _SV_InitOperatorCommands   0042b9cb f   sv_ccmds.obj
 0001:0002aad1       _SV_EmitPacketEntities     0042bad1 f   sv_ents.obj
 0001:0002ac3f       _SV_WritePlayerstateToClient 0042bc3f f   sv_ents.obj
 0001:0002b0fd       _SV_WriteFrameToClient     0042c0fd f   sv_ents.obj
 0001:0002b1b9       _SV_FatPVS                 0042c1b9 f   sv_ents.obj
 0001:0002b2e6       _SV_BuildClientFrame       0042c2e6 f   sv_ents.obj
 0001:0002b5b1       _SV_RecordDemoMessage      0042c5b1 f   sv_ents.obj
 0001:0002b6d6       _SV_ShutdownGameProgs      0042c6d6 f   sv_game.obj
 0001:0002b6ef       _SV_InitGameProgs          0042c6ef f   sv_game.obj
 0001:0002bf9a       _SV_FindIndex              0042cf9a f   sv_init.obj
 0001:0002c061       _SV_ModelIndex             0042d061 f   sv_init.obj
 0001:0002c077       _SV_SoundIndex             0042d077 f   sv_init.obj
 0001:0002c090       _SV_ImageIndex             0042d090 f   sv_init.obj
 0001:0002c0a9       _SV_CreateBaseline         0042d0a9 f   sv_init.obj
 0001:0002c10c       _SV_CheckForSavegame       0042d10c f   sv_init.obj
 0001:0002c194       _SV_SpawnServer            0042d194 f   sv_init.obj
 0001:0002c411       _SV_InitGame               0042d411 f   sv_init.obj
 0001:0002c5fc       _SV_Map                    0042d5fc f   sv_init.obj
 0001:0002c7f3       _SV_DropClient             0042d7f3 f   sv_main.obj
 0001:0002c847       _SV_StatusString           0042d847 f   sv_main.obj
 0001:0002c92e       _SVC_Status                0042d92e f   sv_main.obj
 0001:0002c957       _SVC_Info                  0042d957 f   sv_main.obj
 0001:0002ca0d       _SVC_GetChallenge          0042da0d f   sv_main.obj
 0001:0002cad8       _SVC_DirectConnect         0042dad8 f   sv_main.obj
 0001:0002cfb5       _Rcon_Validate             0042dfb5 f   sv_main.obj
 0001:0002cfe6       _SVC_RemoteCommand         0042dfe6 f   sv_main.obj
 0001:0002d0d2       _SV_ConnectionlessPacket   0042e0d2 f   sv_main.obj
 0001:0002d22e       _SV_CalcPings              0042e22e f   sv_main.obj
 0001:0002d2b5       _SV_GiveMsec               0042e2b5 f   sv_main.obj
 0001:0002d2f4       _SV_ReadPackets            0042e2f4 f   sv_main.obj
 0001:0002d425       _SV_CheckTimeouts          0042e425 f   sv_main.obj
 0001:0002d4e1       _SV_PrepWorldFrame         0042e4e1 f   sv_main.obj
 0001:0002d507       _SV_PostprocessFrame       0042e507 f   sv_main.obj
 0001:0002d927       _SV_Frame                  0042e927 f   sv_main.obj
 0001:0002da5a       _Master_Heartbeat          0042ea5a f   sv_main.obj
 0001:0002db11       _Master_Shutdown           0042eb11 f   sv_main.obj
 0001:0002db8f       _SV_UserinfoChanged        0042eb8f f   sv_main.obj
 0001:0002dc57       _SV_Init                   0042ec57 f   sv_main.obj
 0001:0002dcba       _SV_FinalMessage           0042ecba f   sv_main.obj
 0001:0002dd81       _SV_Shutdown               0042ed81 f   sv_main.obj
 0001:0002de18       _SV_FlushRedirect          0042ee18 f   sv_send.obj
 0001:0002de8a       _SV_ClientPrintf           0042ee8a f   sv_send.obj
 0001:0002dee0       _SV_BroadcastPrintf        0042eee0 f   sv_send.obj
 0001:0002dfb1       _SV_BroadcastCommand       0042efb1 f   sv_send.obj
 0001:0002e003       _SV_Multicast              0042f003 f   sv_send.obj
 0001:0002e1ae       _SV_MulticastOld           0042f1ae f   sv_send.obj
 0001:0002e1c1       _SV_StartSound             0042f1c1 f   sv_send.obj
 0001:0002e41b       _SV_StartSoundOld          0042f41b f   sv_send.obj
 0001:0002e44b       _SV_StartSoundNew          0042f44b f   sv_send.obj
 0001:0002e47b       _SV_SendClientDatagram     0042f47b f   sv_send.obj
 0001:0002e54f       _SV_DemoCompleted          0042f54f f   sv_send.obj
 0001:0002e56b       _SV_RateDrop               0042f56b f   sv_send.obj
 0001:0002e5b6       _SV_SendClientMessages     0042f5b6 f   sv_send.obj
 0001:0002e713       _SV_BeginDemoserver        0042f713 f   sv_user.obj
 0001:0002e763       _SV_New_f                  0042f763 f   sv_user.obj
 0001:0002e8d8       _SV_Configstrings_f        0042f8d8 f   sv_user.obj
 0001:0002ea25       _SV_Baselines_f            0042fa25 f   sv_user.obj
 0001:0002eb8d       _SV_Begin_f                0042fb8d f   sv_user.obj
 0001:0002ebea       _SV_NextDownload_f         0042fbea f   sv_user.obj
 0001:0002ecbe       _SV_BeginDownload_f        0042fcbe f   sv_user.obj
 0001:0002eef5       _SV_Disconnect_f           0042fef5 f   sv_user.obj
 0001:0002ef02       _SV_ShowServerinfo_f       0042ff02 f   sv_user.obj
 0001:0002ef0f       _SV_Nextserver             0042ff0f f   sv_user.obj
 0001:0002ef6e       _SV_Nextserver_f           0042ff6e f   sv_user.obj
 0001:0002efb5       _SV_ExecuteUserCommand     0042ffb5 f   sv_user.obj
 0001:0002f022       _SV_ClientThink            00430022 f   sv_user.obj
 0001:0002f065       _SV_ExecuteClientMessage   00430065 f   sv_user.obj
 0001:0002f293       _SV_ClearWorld             00430293 f   sv_world.obj
 0001:0002f3bb       _SV_UnlinkEdict            004303bb f   sv_world.obj
 0001:0002f3e0       _SV_LinkEdict              004303e0 f   sv_world.obj
 0001:0002f831       _SV_AreaEdicts             00430831 f   sv_world.obj
 0001:0002f982       _SV_PointContents          00430982 f   sv_world.obj
 0001:0002fa68       _SV_ClipMoveToEntities     00430a68 f   sv_world.obj
 0001:0002fcda       _SV_Trace                  00430cda f   sv_world.obj
 0001:0002fd66       _Sys_Error                 00430d66 f   sys_win.obj
 0001:0002fdc6       _Sys_Quit                  00430dc6 f   sys_win.obj
 0001:0002fe06       _Sys_ScanForCD             00430e06 f   sys_win.obj
 0001:0002fea2       _Sys_Init                  00430ea2 f   sys_win.obj
 0001:000302c1       _Sys_ConsoleInput          004312c1 f   sys_win.obj
 0001:00030421       _Sys_ConsoleOutput         00431421 f   sys_win.obj
 0001:000304d2       _Sys_SendKeyEvents         004314d2 f   sys_win.obj
 0001:0003053b       _Sys_GetClipboardData      0043153b f   sys_win.obj
 0001:00030594       _Sys_AppActivate           00431594 f   sys_win.obj
 0001:000305af       _Sys_UnloadGame            004315af f   sys_win.obj
 0001:000305d4       _Sys_GetGameAPI            004315d4 f   sys_win.obj
 0001:000306c1       _ParseCommandLine          004316c1 f   sys_win.obj
 0001:00030736       _WinMain@16                00431736 f   sys_win.obj
 0001:00030873       _AppActivate               00431873 f   vid_dll.obj
 0001:000309a8       _Vid_CreateWindow          004319a8 f   vid_dll.obj
 0001:00030f9c       _Vid_DestroyWindow         00431f9c f   vid_dll.obj
 0001:00030fe5       _Vid_GetModeInfo           00431fe5 f   vid_dll.obj
 0001:00031014       _Vid_UpdateWindowPosAndSize 00432014 f   vid_dll.obj
 0001:0003107b       _Vid_FreeReflib            0043207b f   vid_dll.obj
 0001:000310bc       _Vid_CheckChanges          004320bc f   vid_dll.obj
 0001:00031475       _Vid_Init                  00432475 f   vid_dll.obj
 0001:000314e6       _Vid_Shutdown              004324e6 f   vid_dll.obj
 0001:00031514       _Vid_MenuInit              00432514 f   vid_menu.obj
 0001:00031c4f       _Vid_MenuDraw              00432c4f f   vid_menu.obj
 0001:00031ce3       _Vid_MenuKey               00432ce3 f   vid_menu.obj
 0001:0003201b       _TesselateText             0043301b f   gl_backend.obj
 0001:000336ab       _GL_BackEnd                004346ab f   gl_backend.obj
 0001:00035365       _GL_InitBackend            00436365 f   gl_backend.obj
 0001:00035599       _GL_ShutdownBackend        00436599 f   gl_backend.obj
 0001:000355e6       _GL_TextureMode            004365e6 f   gl_image.obj
 0001:00035695       _GL_CreateImage            00436695 f   gl_image.obj
 0001:000361b0       _GL_SetRawPalette          004371b0 f   gl_image.obj
 0001:000361e1       _GL_DrawStretchRaw         004371e1 f   gl_image.obj
 0001:0003649c       _GL_SetupGamma             0043749c f   gl_image.obj
 0001:0003663c       _GL_PerformScreenshot      0043763c f   gl_image.obj
 0001:0003685b       _GL_InitImages             0043785b f   gl_image.obj
 0001:00036d28       _GL_ShutdownImages         00437d28 f   gl_image.obj
 0001:00036d97       _GL_ShowImages             00437d97 f   gl_image.obj
 0001:00036fc7       _GL_FindImage              00437fc7 f   gl_image.obj
 0001:0003728e       _GL_Lock                   0043828e f   gl_interface.obj
 0001:0003730b       _GL_Unlock                 0043830b f   gl_interface.obj
 0001:00037494       _GL_Bind                   00438494 f   gl_interface.obj
 0001:00037587       _GL_BindForce              00438587 f   gl_interface.obj
 0001:000375d3       _GL_TexEnv                 004385d3 f   gl_interface.obj
 0001:00037750       _GL_TexEnvColor            00438750 f   gl_interface.obj
 0001:000377fc       _GL_SelectTexture          004387fc f   gl_interface.obj
 0001:0003785a       _GL_TexCoordPointer        0043885a f   gl_interface.obj
 0001:00037889       _GL_SetMultitexture        00438889 f   gl_interface.obj
 0001:00037961       _GL_DisableTexCoordArrays  00438961 f   gl_interface.obj
 0001:000379ba       _GL_CullFace               004389ba f   gl_interface.obj
 0001:00037a13       _GL_State                  00438a13 f   gl_interface.obj
 0001:00037b6c       _GL_EnableFog              00438b6c f   gl_interface.obj
 0001:00037c70       _GL_SetDefaultState        00438c70 f   gl_interface.obj
 0001:00037d71       _GL_Set2DMode              00438d71 f   gl_interface.obj
 0001:00037e62       _GL_Setup                  00438e62 f   gl_interface.obj
 0001:00037f8d       _GL_DrawStretchPic         00438f8d f   gl_main.obj
 0001:00038049       _DrawTextLeft              00439049 f   gl_main.obj
 0001:00038154       _DrawTextRight             00439154 f   gl_main.obj
 0001:000381a5       _GL_GetRefAPI              004391a5 f   gl_main.obj
 0001:0003976c       _GL_FindModel              0043a76c f   gl_model.obj
 0001:00039878       _GL_UpdateDynamicLightmap  0043a878 f   gl_model.obj
 0001:00039d59       _GL_LoadWorldMap           0043ad59 f   gl_model.obj
 0001:0003bcc8       _GL_PointInLeaf            0043ccc8 f   gl_model.obj
 0001:0003c311       _GL_FindSkin               0043d311 f   gl_model.obj
 0001:0003c45b       _GL_ResetModels            0043d45b f   gl_model.obj
 0001:0003c519       _GL_InitModels             0043d519 f   gl_model.obj
 0001:0003c586       _GL_ShutdownModels         0043d586 f   gl_model.obj
 0001:0003c5a2       _GL_InitShaders            0043d5a2 f   gl_shader.obj
 0001:0003c6c2       _GL_ShutdownShaders        0043d6c2 f   gl_shader.obj
 0001:0003c6ec       _GL_SetShaderLightmap      0043d6ec f   gl_shader.obj
 0001:0003cab3       _GL_SetShaderLightstyles   0043dab3 f   gl_shader.obj
 0001:0003cb4f       _GL_GetAlphaShader         0043db4f f   gl_shader.obj
 0001:0003cde3       _GL_FindShader             0043dde3 f   gl_shader.obj
 0001:0003d2dd       _GL_GetShaderByNum         0043e2dd f   gl_shader.obj
 0001:0003d2fb       _GL_ResetShaders           0043e2fb f   gl_shader.obj
 0001:0003d48d       _GL_AddEntity              0043e48d f   gl_world.obj
 0001:0003d731       _GL_AddDlight              0043e731 f   gl_world.obj
 0001:0003d908       _GL_DrawPortal             0043e908 f   gl_world.obj
 0001:0003f6d8       _GLimp_SetMode             004406d8 f   glw_imp.obj
 0001:0003f97a       _GLimp_HasGamma            0044097a f   glw_imp.obj
 0001:0003f98f       _GLimp_SetGamma            0044098f f   glw_imp.obj
 0001:0003fa7e       _GLimp_Shutdown            00440a7e f   glw_imp.obj
 0001:0003fb8b       _GLimp_Init                00440b8b f   glw_imp.obj
 0001:0003fecf       _GLimp_EndFrame            00440ecf f   glw_imp.obj
 0001:0003ff6b       _GLimp_AppActivate         00440f6b f   glw_imp.obj
 0001:0004194b       _QGL_Shutdown              0044294b f   qgl_win.obj
 0001:00041971       _QGL_Init                  00442971 f   qgl_win.obj
 0001:000419f5       _QGL_InitExtensions        004429f5 f   qgl_win.obj
 0001:00041cdf       _QGL_EnableLogging         00442cdf f   qgl_win.obj
 0001:00041daa       _QGL_LogMessage            00442daa f   qgl_win.obj
 0001:00041dc1       _Hunk_Begin                00442dc1 f   q_shwin.obj
 0001:00041dfb       _Hunk_Alloc                00442dfb f   q_shwin.obj
 0001:00041e82       _Hunk_End                  00442e82 f   q_shwin.obj
 0001:00041e88       _Hunk_Free                 00442e88 f   q_shwin.obj
 0001:00041ea1       _Sys_Milliseconds          00442ea1 f   q_shwin.obj
 0001:00041ed5       _Sys_Mkdir                 00442ed5 f   q_shwin.obj
 0001:00041ee1       _Sys_FindFirst             00442ee1 f   q_shwin.obj
 0001:00042002       _Sys_FindNext              00443002 f   q_shwin.obj
 0001:00042074       _Sys_FindClose             00443074 f   q_shwin.obj
 0001:0004208e       _R_Alias_clip_z            0044308e f   r_aclip.obj
 0001:0004213b       _R_Alias_clip_left         0044313b f   r_aclip.obj
 0001:00042309       _R_Alias_clip_right        00443309 f   r_aclip.obj
 0001:000424d7       _R_Alias_clip_top          004434d7 f   r_aclip.obj
 0001:000426a7       _R_Alias_clip_bottom       004436a7 f   r_aclip.obj
 0001:00042877       _R_AliasClip               00443877 f   r_aclip.obj
 0001:00042947       _R_AliasClipTriangle       00443947 f   r_aclip.obj
 0001:00042b39       _R_AliasCheckFrameBBox     00443b39 f   r_alias.obj
 0001:00042c6c       _R_AliasCheckBBox          00443c6c f   r_alias.obj
 0001:00042cd0       _R_AliasTransformVector    00443cd0 f   r_alias.obj
 0001:00042d2c       _R_AliasPreparePoints      00443d2c f   r_alias.obj
 0001:00042fc4       _R_AliasSetUpTransform     00443fc4 f   r_alias.obj
 0001:00043153       _R_AliasTransformFinalVerts 00444153 f   r_alias.obj
 0001:00043324       _R_AliasProjectAndClipTestFinalVert 00444324 f   r_alias.obj
 0001:000433ac       _R_AliasSetupLighting      004443ac f   r_alias.obj
 0001:00043516       _R_AliasSetupFrames        00444516 f   r_alias.obj
 0001:0004358a       _R_AliasSetUpLerpData      0044458a f   r_alias.obj
 0001:000436b2       _R_AliasDrawModel          004446b2 f   r_alias.obj
 0001:00043939       _R_EntityRotate            00444939 f   r_bsp.obj
 0001:000439ba       _R_RotateBmodel            004449ba f   r_bsp.obj
 0001:00043b15       _R_RecursiveClipBPoly      00444b15 f   r_bsp.obj
 0001:00043e45       _R_DrawSolidClippedSubmodelPolygons 00444e45 f   r_bsp.obj
 0001:00043fcc       _R_DrawSubmodelPolygons    00444fcc f   r_bsp.obj
 0001:0004405c       _R_RecursiveWorldNode      0044505c f   r_bsp.obj
 0001:000442b7       _R_RenderWorld             004452b7 f   r_bsp.obj
 0001:00044326       _Draw_FindPic              00445326 f   r_draw.obj
 0001:00044369       _Draw_InitLocal            00445369 f   r_draw.obj
 0001:0004437a       _Draw_Char                 0044537a f   r_draw.obj
 0001:0004445b       _Draw_CharColor            0044545b f   r_draw.obj
 0001:0004456a       _R_DrawTexts               0044556a f   r_draw.obj
 0001:000445e0       _DrawText_Pos              004455e0 f   r_draw.obj
 0001:000446ec       _DrawText_Left             004456ec f   r_draw.obj
 0001:00044728       _DrawText_Right            00445728 f   r_draw.obj
 0001:00044777       _Draw_GetPicSize           00445777 f   r_draw.obj
 0001:000447b7       _Draw_StretchPicImplementation 004457b7 f   r_draw.obj
 0001:000448e1       _Draw_StretchPic           004458e1 f   r_draw.obj
 0001:00044919       _Draw_StretchRaw           00445919 f   r_draw.obj
 0001:0004494b       _Draw_Pic                  0044594b f   r_draw.obj
 0001:00044b04       _Draw_PicColor             00445b04 f   r_draw.obj
 0001:00044cbd       _Draw_TileClear            00445cbd f   r_draw.obj
 0001:00044d8d       _Draw_Fill                 00445d8d f   r_draw.obj
 0001:00044e29       _Draw_Fade                 00445e29 f   r_draw.obj
 0001:00044e8b       _R_BeginEdgeFrame          00445e8b f   r_edge.obj
 0001:00044f47       _R_InsertNewEdges          00445f47 f   r_edge.obj
 0001:00044f8d       _R_RemoveEdges             00445f8d f   r_edge.obj
 0001:00044fab       _R_StepActiveU             00445fab f   r_edge.obj
 0001:0004503f       _R_CleanupSpan             0044603f f   r_edge.obj
 0001:0004508f       _R_LeadingEdgeBackwards    0044608f f   r_edge.obj
 0001:00045124       _R_TrailingEdge            00446124 f   r_edge.obj
 0001:00045188       _R_LeadingEdge             00446188 f   r_edge.obj
 0001:0004532b       _R_GenerateSpans           0044632b f   r_edge.obj
 0001:00045399       _R_GenerateSpansBackward   00446399 f   r_edge.obj
 0001:00045407       _R_ScanEdges               00446407 f   r_edge.obj
 0001:000455de       _D_FlatFillSurface         004465de f   r_edge.obj
 0001:00045638       _D_CalcGradients           00446638 f   r_edge.obj
 0001:0004584f       _D_BackgroundSurf          0044684f f   r_edge.obj
 0001:0004588f       _D_TurbulentSurf           0044688f f   r_edge.obj
 0001:000459b1       _D_SkySurf                 004469b1 f   r_edge.obj
 0001:00045a32       _D_SolidSurf               00446a32 f   r_edge.obj
 0001:00045b9d       _D_DrawflatSurfaces        00446b9d f   r_edge.obj
 0001:00045bed       _D_DrawSurfaces            00446bed f   r_edge.obj
 0001:00045ceb       _R_ImageList_f             00446ceb f   r_image.obj
 0001:00045dac       _R_FindFreeImage           00446dac f   r_image.obj
 0001:00045dfa       _R_LoadPic                 00446dfa f   r_image.obj
 0001:00045e8a       _R_LoadTex                 00446e8a f   r_image.obj
 0001:00045f16       _R_LoadWal                 00446f16 f   r_image.obj
 0001:00045f6c       _R_MipMap                  00446f6c f   r_image.obj
 0001:0004609a       _R_DownsampleImage         0044709a f   r_image.obj
 0001:0004619f       _R_FindImage               0044719f f   r_image.obj
 0001:00046544       _R_RegisterSkin            00447544 f   r_image.obj
 0001:00046552       _R_FreeUnusedImages        00447552 f   r_image.obj
 0001:000465b2       _R_InitImages              004475b2 f   r_image.obj
 0001:00046618       _R_ShutdownImages          00447618 f   r_image.obj
 0001:00046655       _R_MarkLights              00447655 f   r_light.obj
 0001:00046724       _R_PushDlights             00447724 f   r_light.obj
 0001:00046779       _RecursiveLightPoint       00447779 f   r_light.obj
 0001:00046a28       _R_LightPoint              00447a28 f   r_light.obj
 0001:00046b3f       _R_AddDynamicLights        00447b3f f   r_light.obj
 0001:00046dd9       _R_BuildLightMap           00447dd9 f   r_light.obj
 0001:00046ecf       _R_InitTextures            00447ecf f   r_main.obj
 0001:00046f90       _R_InitTurb                00447f90 f   r_main.obj
 0001:0004700d       _R_Register                0044800d f   r_main.obj
 0001:00047075       _R_Init                    00448075 f   r_main.obj
 0001:00047106       _R_Shutdown                00448106 f   r_main.obj
 0001:0004717b       _R_NewMap                  0044817b f   r_main.obj
 0001:00047225       _R_MarkLeaves              00448225 f   r_main.obj
 0001:0004734c       _R_DrawEntitiesOnList      0044834c f   r_main.obj
 0001:0004755b       _R_BmodelCheckBBox         0044855b f   r_main.obj
 0001:0004760d       _R_FindTopnode             0044860d f   r_main.obj
 0001:00047695       _RotatedBBox               00448695 f   r_main.obj
 0001:000477f4       _R_DrawBEntitiesOnList     004487f4 f   r_main.obj
 0001:00047a0c       _R_EdgeDrawing             00448a0c f   r_main.obj
 0001:00047ae1       _R_CalcPalette             00448ae1 f   r_main.obj
 0001:00047be6       _R_SetLightLevel           00448be6 f   r_main.obj
 0001:00047c36       _R_RenderFrame             00448c36 f   r_main.obj
 0001:00047e27       _R_InitGraphics            00448e27 f   r_main.obj
 0001:00047e9d       _R_BeginFrame              00448e9d f   r_main.obj
 0001:00047fc0       _R_GammaCorrectAndSetPalette 00448fc0 f   r_main.obj
 0001:0004801f       _R_CinematicSetPalette     0044901f f   r_main.obj
 0001:000480b6       _Draw_BuildGammaTable      004490b6 f   r_main.obj
 0001:00048161       _R_DrawBeam                00449161 f   r_main.obj
 0001:000482c7       _R_SetSky                  004492c7 f   r_main.obj
 0001:00048342       _Draw_GetPalette           00449342 f   r_main.obj
 0001:0004848a       _Draw_ConCharColor         0044948a f   r_main.obj
 0001:000484ab       _GetRefAPI                 004494ab f   r_main.obj
 0001:000486d4       _D_ViewChanged             004496d4 f   r_misc.obj
 0001:00048830       _R_PrintTimes              00449830 f   r_misc.obj
 0001:000488aa       _R_PrintDSpeeds            004498aa f   r_misc.obj
 0001:00048971       _R_PrintAliasStats         00449971 f   r_misc.obj
 0001:00048984       _R_TransformFrustum        00449984 f   r_misc.obj
 0001:00048a4c       _TransformVector           00449a4c f   r_misc.obj
 0001:00048ab7       _R_SetUpFrustumIndexes     00449ab7 f   r_misc.obj
 0001:00048b1c       _R_ViewChanged             00449b1c f   r_misc.obj
 0001:00048e2b       _R_SetupFrame              00449e2b f   r_misc.obj
 0001:00049017       _R_SurfacePatch            0044a017 f   r_misc.obj
 0001:00049017       _jpeg_mem_term             0044a017 f   r_misc.obj
 0001:00049017       __setargv                  0044a017 f   r_misc.obj
 0001:00049017       _Qcommon_Shutdown          0044a017 f   r_misc.obj
 0001:00049018       _WritePCXfile              0044a018 f   r_misc.obj
 0001:0004913a       _R_ScreenShot              0044a13a f   r_misc.obj
 0001:00049249       _Mod_Modellist_f           0044a249 f   r_model.obj
 0001:000492a7       _Mod_Init                  0044a2a7 f   r_model.obj
 0001:000492bf       _Mod_ForName               0044a2bf f   r_model.obj
 0001:000494fb       _Mod_PointInLeaf           0044a4fb f   r_model.obj
 0001:0004955d       _Mod_DecompressVis         0044a55d f   r_model.obj
 0001:000495dd       _Mod_ClusterPVS            0044a5dd f   r_model.obj
 0001:0004960a       _Mod_LoadLighting          0044a60a f   r_model.obj
 0001:00049689       _R_NumberLeafs             0044a689 f   r_model.obj
 0001:000496d7       _Mod_LoadVertexes          0044a6d7 f   r_model.obj
 0001:00049719       _Mod_LoadEdges             0044a719 f   r_model.obj
 0001:00049767       _Mod_LoadTexinfo           0044a767 f   r_model.obj
 0001:000498cf       _CalcSurfaceExtents        0044a8cf f   r_model.obj
 0001:00049a3a       _Mod_LoadFaces             0044aa3a f   r_model.obj
 0001:00049ba1       _Mod_SetParent             0044aba1 f   r_model.obj
 0001:00049bc6       _Mod_LoadNodes             0044abc6 f   r_model.obj
 0001:00049cbc       _Mod_LoadLeafs             0044acbc f   r_model.obj
 0001:00049d65       _Mod_LoadMarksurfaces      0044ad65 f   r_model.obj
 0001:00049de1       _Mod_LoadSurfedges         0044ade1 f   r_model.obj
 0001:00049e20       _Mod_LoadPlanes            0044ae20 f   r_model.obj
 0001:00049e85       _Mod_LoadBrushModel        0044ae85 f   r_model.obj
 0001:0004a077       _Mod_LoadAliasModel        0044b077 f   r_model.obj
 0001:0004a2f2       _Mod_LoadSpriteModel       0044b2f2 f   r_model.obj
 0001:0004a3d9       _R_BeginRegistration       0044b3d9 f   r_model.obj
 0001:0004a469       _R_RegisterModel           0044b469 f   r_model.obj
 0001:0004a561       _R_EndRegistration         0044b561 f   r_model.obj
 0001:0004a5cc       _Mod_FreeAll               0044b5cc f   r_model.obj
 0001:0004a611       _R_DrawParticle            0044b611 f   r_part.obj
 0001:0004a89a       _R_DrawParticles           0044b89a f   r_part.obj
 0001:0004a944       _R_DrawSpanletOpaque       0044b944 f   r_poly.obj
 0001:0004a9d4       _R_DrawSpanletTurbulentStipple33 0044b9d4 f   r_poly.obj
 0001:0004aaff       _R_DrawSpanletTurbulentStipple66 0044baff f   r_poly.obj
 0001:0004ace0       _R_DrawSpanletTurbulentBlended66 0044bce0 f   r_poly.obj
 0001:0004ad95       _R_DrawSpanletTurbulentBlended33 0044bd95 f   r_poly.obj
 0001:0004ae4a       _R_DrawSpanlet33           0044be4a f   r_poly.obj
 0001:0004aee4       _R_DrawSpanletConstant33   0044bee4 f   r_poly.obj
 0001:0004af3d       _R_DrawSpanlet66           0044bf3d f   r_poly.obj
 0001:0004afdb       _R_DrawSpanlet33Stipple    0044bfdb f   r_poly.obj
 0001:0004b0f6       _R_DrawSpanlet66Stipple    0044c0f6 f   r_poly.obj
 0001:0004b287       _R_ClipPolyFace            0044c287 f   r_poly.obj
 0001:0004b3f8       _R_PolygonDrawSpans        0044c3f8 f   r_poly.obj
 0001:0004b780       _R_PolygonScanLeftEdge     0044c780 f   r_poly.obj
 0001:0004b8b4       _R_PolygonScanRightEdge    0044c8b4 f   r_poly.obj
 0001:0004baa4       _R_ClipAndDrawPoly         0044caa4 f   r_poly.obj
 0001:0004bca6       _R_BuildPolygonFromSurface 0044cca6 f   r_poly.obj
 0001:0004beb2       _R_PolygonCalculateGradients 0044ceb2 f   r_poly.obj
 0001:0004c16b       _R_DrawAlphaSurfaces       0044d16b f   r_poly.obj
 0001:0004c201       _R_IMFlatShadedQuad        0044d201 f   r_poly.obj
 0001:0004c343       _R_InitAdivtab             0044d343 f   r_polyse.obj
 0001:0004c3ae       _R_PolysetUpdateTables     0044d3ae f   r_polyse.obj
 0001:0004c3e9       _R_DrawTriangle            0044d3e9 f   r_polyse.obj
 0001:0004c4fa       _R_PolysetScanLeftEdge_C   0044d4fa f   r_polyse.obj
 0001:0004c6c4       _FloorDivMod               0044d6c4 f   r_polyse.obj
 0001:0004c760       _R_PolysetSetUpForLineScan 0044d760 f   r_polyse.obj
 0001:0004c7ee       _R_PolysetCalcGradients    0044d7ee f   r_polyse.obj
 0001:0004c9f9       _R_PolysetDrawSpans8_33    0044d9f9 f   r_polyse.obj
 0001:0004cb29       _R_PolysetDrawSpansConstant8_33 0044db29 f   r_polyse.obj
 0001:0004cbc3       _R_PolysetDrawSpans8_66    0044dbc3 f   r_polyse.obj
 0001:0004ccff       _R_PolysetDrawSpansConstant8_66 0044dcff f   r_polyse.obj
 0001:0004cda7       _R_PolysetDrawSpans8_Opaque 0044dda7 f   r_polyse.obj
 0001:0004cef2       _R_RasterizeAliasPolySmooth 0044def2 f   r_polyse.obj
 0001:0004d4d2       _R_PolysetSetEdgeTable     0044e4d2 f   r_polyse.obj
 0001:0004d56d       _R_InitSkyBox              0044e56d f   r_rast.obj
 0001:0004d7e7       _R_EmitSkyBox              0044e7e7 f   r_rast.obj
 0001:0004d8fa       _R_EmitEdge                0044e8fa f   r_rast.obj
 0001:0004dcce       _R_ClipEdge                0044ecce f   r_rast.obj
 0001:0004de7c       _R_EmitCachedEdge          0044ee7c f   r_rast.obj
 0001:0004ded3       _R_RenderFace              0044eed3 f   r_rast.obj
 0001:0004e29a       _R_RenderBmodelFace        0044f29a f   r_rast.obj
 0001:0004e503       _D_WarpScreen              0044f503 f   r_scan.obj
 0001:0004e6ab       _D_DrawTurbulent8Span      0044f6ab f   r_scan.obj
 0001:0004e72f       _Turbulent8                0044f72f f   r_scan.obj
 0001:0004ea03       _NonTurbulent8             0044fa03 f   r_scan.obj
 0001:0004ecc1       _D_DrawSpans16             0044fcc1 f   r_scan.obj
 0001:0004ef5b       _D_DrawZSpans              0044ff5b f   r_scan.obj
 0001:0004f018       _R_DrawSprite              00450018 f   r_sprite.obj
 0001:0004f2ad       _R_TextureAnimation        004502ad f   r_surf.obj
 0001:0004f2d1       _R_DrawSurface             004502d1 f   r_surf.obj
 0001:0004f436       _R_DrawSurfaceBlock8_mip0  00450436 f   r_surf.obj
 0001:0004f535       _R_DrawSurfaceBlock8_mip1  00450535 f   r_surf.obj
 0001:0004f634       _R_DrawSurfaceBlock8_mip2  00450634 f   r_surf.obj
 0001:0004f733       _R_DrawSurfaceBlock8_mip3  00450733 f   r_surf.obj
 0001:0004f82f       _R_InitCaches              0045082f f   r_surf.obj
 0001:0004f8b0       _D_FlushCaches             004508b0 f   r_surf.obj
 0001:0004f8f5       _D_SCAlloc                 004508f5 f   r_surf.obj
 0001:0004fa89       _D_CacheSurface            00450a89 f   r_surf.obj
 0001:0004fbfe       _DDRAW_Init                00450bfe f   rw_ddraw.obj
 0001:0005000e       _DDRAW_SetPalette          0045100e f   rw_ddraw.obj
 0001:00050077       _DDRAW_Shutdown            00451077 f   rw_ddraw.obj
 0001:000506c2       _DIB_Init                  004516c2 f   rw_dib.obj
 0001:000508a7       _DIB_SetPalette            004518a7 f   rw_dib.obj
 0001:00050a6b       _DIB_Shutdown              00451a6b f   rw_dib.obj
 0001:00050b64       _SWimp_Init                00451b64 f   rw_imp.obj
 0001:00050b68       _SWimp_EndFrame            00451b68 f   rw_imp.obj
 0001:00050cd4       _SWimp_SetMode             00451cd4 f   rw_imp.obj
 0001:00050df6       _SWimp_SetPalette          00451df6 f   rw_imp.obj
 0001:00050e1b       _SWimp_Shutdown            00451e1b f   rw_imp.obj
 0001:00050e62       _SWimp_AppActivate         00451e62 f   rw_imp.obj
 0001:00050e9c       _adler32                   00451e9c f   adler32.obj
 0001:00050fb5       _crc32                     00451fb5 f   crc32.obj
 0001:000510cb       _inflate_blocks_reset      004520cb f   infblock.obj
 0001:00051136       _inflate_blocks_new        00452136 f   infblock.obj
 0001:000511c1       _inflate_blocks            004521c1 f   infblock.obj
 0001:000519d8       _inflate_blocks_free       004529d8 f   infblock.obj
 0001:00051a0c       _inflate_codes_new         00452a0c f   infcodes.obj
 0001:00051a40       _inflate_codes             00452a40 f   infcodes.obj
 0001:00051ffe       _inflate_codes_free        00452ffe f   infcodes.obj
 0001:0005200f       _inflate_fast              0045300f f   inffast.obj
 0001:000522da       _inflateReset              004532da f   inflate.obj
 0001:00052319       _inflateEnd                00453319 f   inflate.obj
 0001:00052357       _inflateInit2_             00453357 f   inflate.obj
 0001:00052441       _inflate                   00453441 f   inflate.obj
 0001:000527a4       _inflate_trees_bits        004537a4 f   inftrees.obj
 0001:00052bb2       _inflate_trees_dynamic     00453bb2 f   inftrees.obj
 0001:00052cb5       _inflate_trees_fixed       00453cb5 f   inftrees.obj
 0001:00052ce4       _inflate_flush             00453ce4 f   infutil.obj
 0001:00052dd0       _ZipOpen                   00453dd0 f   zip.obj
 0001:00052e3b       _ZipClose                  00453e3b f   zip.obj
 0001:00052e47       _ZipEnum                   00453e47 f   zip.obj
 0001:00053028       _ZipOpenFile               00454028 f   zip.obj
 0001:00053137       _ZipReadFile               00454137 f   zip.obj
 0001:0005322e       _ZipCloseFile              0045422e f   zip.obj
 0001:00053276       _ZipOpenBuf                00454276 f   zip.obj
 0001:000532c9       _ZipReadBuf                004542c9 f   zip.obj
 0001:00053311       _ZipCloseBuf               00454311 f   zip.obj
 0001:00053327       _zcalloc                   00454327 f   zutil.obj
 0001:00053338       _jpeg_CreateCompress       00454338 f   jcapimin.obj
 0001:000533ec       _jpeg_suppress_tables      004543ec f   jcapimin.obj
 0001:00053436       _jpeg_finish_compress      00454436 f   jcapimin.obj
 0001:00053520       _jpeg_start_compress       00454520 f   jcapistd.obj
 0001:0005358c       _jpeg_write_scanlines      0045458c f   jcapistd.obj
 0001:00053637       _jinit_c_coef_controller   00454637 f   jccoefct.obj
 0001:00053cd6       _jinit_color_converter     00454cd6 f   jccolor.obj
 0001:000542c0       _jinit_forward_dct         004552c0 f   jcdctmgr.obj
 0001:0005479c       _jinit_c_diff_controller   0045579c f   jcdiffct.obj
 0001:00054d02       _jpeg_make_c_derived_tbl   00455d02 f   jchuff.obj
 0001:00054f04       _jpeg_gen_optimal_table    00455f04 f   jchuff.obj
 0001:000550c3       _jinit_compress_master     004560c3 f   jcinit.obj
 0001:0005511c       _jinit_lhuff_encoder       0045611c f   jclhuff.obj
 0001:00055849       _jinit_lossless_c_codec    00456849 f   jclossls.obj
 0001:000558e1       _jinit_lossy_c_codec       004568e1 f   jclossy.obj
[...]
 0001:0002bb5d       _PF_WriteChar              0042cb5d f   sv_game.obj
 0001:0002bb5d       _PF_WriteByte              0042cb5d f   sv_game.obj
 0001:0002bb6e       _PF_WriteShort             0042cb6e f   sv_game.obj
 0001:0002bb7f       _PF_WriteLong              0042cb7f f   sv_game.obj
 0001:0002bb90       _PF_WriteFloat             0042cb90 f   sv_game.obj
 0001:0002bba5       _PF_WriteString            0042cba5 f   sv_game.obj
 0001:0002bbb6       _PF_WritePos               0042cbb6 f   sv_game.obj
 0001:0002bbc7       _PF_WriteDir               0042cbc7 f   sv_game.obj
 0001:0002bbd8       _PF_WriteAngle             0042cbd8 f   sv_game.obj
 0001:0002bbed       _PF_inPVS                  0042cbed f   sv_game.obj
 0001:0002bc65       _PF_inPHS                  0042cc65 f   sv_game.obj
 0001:0002bcdd       _PF_StartSound             0042ccdd f   sv_game.obj
 0001:0002bd10       _PF_Cvar_Get               0042cd10 f   sv_game.obj
 0001:0002bd2b       _PSV_LinkEdict             0042cd2b f   sv_game.obj
 0001:0002bd57       _PSV_UnlinkEdict           0042cd57 f   sv_game.obj
 0001:0002bd83       _PSV_AreaEdicts            0042cd83 f   sv_game.obj
 0001:0002bdc1       _PSV_Trace                 0042cdc1 f   sv_game.obj
 0001:0002be20       _PSV_PointContents         0042ce20 f   sv_game.obj
 0001:0002be50       _PPmove                    0042ce50 f   sv_game.obj
 0001:0002be7c       _PSV_ModelIndex            0042ce7c f   sv_game.obj
 0001:0002beac       _PSV_ImageIndex            0042ceac f   sv_game.obj
 0001:0002bedc       _PSV_SoundIndex            0042cedc f   sv_game.obj
 0001:0002bf0c       _PPF_TagMalloc             0042cf0c f   sv_game.obj
 0001:0002bf42       _PZ_Free                   0042cf42 f   sv_game.obj
 0001:0002bf6e       _PZ_FreeTags               0042cf6e f   sv_game.obj
 0001:00029b28       _CopyFile                  0042ab28 f   sv_ccmds.obj
 0001:00029066       _DS_DestroyBuffers         0042a066 f   snd_win.obj
 0001:0002924f       _DS_CreateBuffers          0042a24f f   snd_win.obj
 0001:000267f2       _Menu_MakeVisible          004277f2 f   qmenu.obj
 0001:0002687c       _Menu_CompletelyVisible    0042787c f   qmenu.obj
 0001:00026924       _strlen_color              00427924 f   qmenu.obj
 0001:00026ad2       _Action_Draw               00427ad2 f   qmenu.obj
 0001:00026b4d       _Menu_ItemVisible          00427b4d f   qmenu.obj
 0001:00026b96       _Menu_DrawStatusBar        00427b96 f   qmenu.obj
 0001:00026ceb       _MenuList_Draw             00427ceb f   qmenu.obj
 0001:00026d73       _DrawCaption               00427d73 f   qmenu.obj
 0001:00026db2       _Separator_Draw            00427db2 f   qmenu.obj
 0001:00026e03       _Slider_DoSlide            00427e03 f   qmenu.obj
 0001:00026e3a       _Slider_Draw               00427e3a f   qmenu.obj
 0001:00026f2d       _SpinControl_DoSlide       00427f2d f   qmenu.obj
 0001:00026f5c       _SpinControl_Draw          00427f5c f   qmenu.obj
 0001:00027037       _SpinControl2_DoSlide      00428037 f   qmenu.obj
 0001:00027078       _SpinControl2_Draw         00428078 f   qmenu.obj
 0001:00023996       _StepSlideMove             00424996 f   pmove.obj
 0001:00023b3f       _StepSlideMove_            00424b3f f   pmove.obj
 0001:00023d92       _ClipVelocity              00424d92 f   pmove.obj
 0001:00023dfb       _Friction                  00424dfb f   pmove.obj
 0001:00023f0a       _WaterMove                 00424f0a f   pmove.obj
 0001:00023ff0       _Accelerate                00424ff0 f   pmove.obj
 0001:0002405c       _AddCurrents               0042505c f   pmove.obj
 0001:000242fb       _AirMove                   004252fb f   pmove.obj
 0001:00024554       _AirAccelerate             00425554 f   pmove.obj
 0001:000245da       _CatagorizePosition        004255da f   pmove.obj
 0001:00024830       _CheckJump                 00425830 f   pmove.obj
 0001:000248f7       _CheckSpecialMovement      004258f7 f   pmove.obj
 0001:00024a5a       _FlyMove                   00425a5a f   pmove.obj
 0001:00024cad       _CheckDuck                 00425cad f   pmove.obj
 0001:00024de2       _DeadMove                  00425de2 f   pmove.obj
 0001:00024e40       _SnapPosition              00425e40 f   pmove.obj
 0001:00024fa9       _GoodPosition              00425fa9 f   pmove.obj
 0001:0002501f       _InitialSnapPosition       0042601f f   pmove.obj
 0001:00025138       _ClampAngles               00426138 f   pmove.obj
 0001:000234b7       _NET_ErrorString           004244b7 f   net_wins.obj
 0001:00021589       _SwapQ2BspFile             00422589 f   model.obj
 0001:0002179f       _ProcessQ2BspFile          0042279f f   model.obj
 0001:00021872       _LoadQ2Submodels           00422872 f   model.obj
 0001:00021944       _CheckLump                 00422944 f   model.obj
 0001:00021be9       _ReadEntity                00422be9 f   model.obj
 0001:00021cad       _WriteEntity               00422cad f   model.obj
 0001:00021d18       _ProcessEntity             00422d18 f   model.obj
 0001:000221e2       _FindField                 004231e2 f   model.obj
 0001:0002221c       _AddField                  0042321c f   model.obj
 0001:0001d422       _Multiplayer_MenuDraw      0041e422 f   menu.obj
 0001:0001d445       _M_Banner                  0041e445 f   menu.obj
 0001:0001d487       _Multiplayer_MenuInit      0041e487 f   menu.obj
 0001:0001d575       _Multiplayer_MenuKey       0041e575 f   menu.obj
 0001:0001d5a7       _Keys_MenuInit             0041e5a7 f   menu.obj
 0001:0001d73a       _KeyCursorDrawFunc         0041e73a f   menu.obj
 0001:0001d77b       _DrawKeyBindingFunc        0041e77b f   menu.obj
 0001:0001d853       _M_FindKeysForCommand      0041e853 f   menu.obj
 0001:0001d8a3       _SeekLine                  0041e8a3 f   menu.obj
 0001:0001d8ca       _AppendToken               0041e8ca f   menu.obj
 0001:0001d8f4       _Keys_MenuDraw             0041e8f4 f   menu.obj
 0001:0001d90d       _Keys_MenuKey              0041e90d f   menu.obj
 0001:0001d9c2       _M_UnbindCommand           0041e9c2 f   menu.obj
 0001:0001da0e       _KeyBindingFunc            0041ea0e f   menu.obj
 0001:0001da81       _Options_MenuInit          0041ea81 f   menu.obj
 0001:0001dedf       _CrosshairFunc             0041eedf f   menu.obj
 0001:0001df03       _JoystickFunc              0041ef03 f   menu.obj
 0001:0001df16       _CustomizeControlsFunc     0041ef16 f   menu.obj
 0001:0001df1b       _AlwaysRunFunc             0041ef1b f   menu.obj
 0001:0001df2e       _FreeLookFunc              0041ef2e f   menu.obj
 0001:0001df41       _MouseSpeedFunc            0041ef41 f   menu.obj
 0001:0001df5e       _ControlsSetMenuItemValues 0041ef5e f   menu.obj
 0001:0001e0f8       _ControlsResetDefaultsFunc 0041f0f8 f   menu.obj
 0001:0001e10d       _InvertMouseFunc           0041f10d f   menu.obj
 0001:0001e128       _LookspringFunc            0041f128 f   menu.obj
 0001:0001e144       _LookstrafeFunc            0041f144 f   menu.obj
 0001:0001e160       _UpdateVolumeFunc          0041f160 f   menu.obj
 0001:0001e17d       _UpdateCDVolumeFunc        0041f17d f   menu.obj
 0001:0001e196       _ConsoleFunc               0041f196 f   menu.obj
 0001:0001e1c5       _UpdateSoundQualityFunc    0041f1c5 f   menu.obj
 0001:0001e24e       _Options_ScanCrosshairs    0041f24e f   menu.obj
 0001:0001e2a1       _Options_MenuDraw          0041f2a1 f   menu.obj
 0001:0001e2c9       _Options_CrosshairDraw     0041f2c9 f   menu.obj
 0001:0001e340       _Options_MenuKey           0041f340 f   menu.obj
 0001:0001e426       _M_Credits_MenuDraw        0041f426 f   menu.obj
 0001:0001e50e       _M_Credits_Key             0041f50e f   menu.obj
 0001:0001e56b       _Game_MenuInit             0041f56b f   menu.obj
 0001:0001e718       _EasyGameFunc              0041f718 f   menu.obj
 0001:0001e72e       _StartGame                 0041f72e f   menu.obj
 0001:0001e773       _MediumGameFunc            0041f773 f   menu.obj
 0001:0001e789       _HardGameFunc              0041f789 f   menu.obj
 0001:0001e79f       _Game_MenuDraw             0041f79f f   menu.obj
 0001:0001e7c2       _Game_MenuKey              0041f7c2 f   menu.obj
 0001:0001e7f4       _LoadGame_MenuInit         0041f7f4 f   menu.obj
 0001:0001e88a       _Create_Savestrings        0041f88a f   menu.obj
 0001:0001e90c       _LoadGameCallback          0041f90c f   menu.obj
 0001:0001e936       _LoadGame_MenuDraw         0041f936 f   menu.obj
 0001:0001e94e       _LoadGame_MenuKey          0041f94e f   menu.obj
 0001:0001e9af       _SaveGame_MenuDraw         0041f9af f   menu.obj
 0001:0001e9d2       _SaveGame_MenuInit         0041f9d2 f   menu.obj
 0001:0001ea5a       _SaveGameCallback          0041fa5a f   menu.obj
 0001:0001ea79       _SaveGame_MenuKey          0041fa79 f   menu.obj
 0001:0001eb5a       _JoinServer_MenuInit       0041fb5a f   menu.obj
 0001:0001ecab       _JoinServerFunc            0041fcab f   menu.obj
 0001:0001ed13       _SearchLocalGames          0041fd13 f   menu.obj
 0001:0001ed7f       _JoinServer_MenuDraw       0041fd7f f   menu.obj
 0001:0001ed97       _JoinServer_MenuKey        0041fd97 f   menu.obj
 0001:0001edc9       _StartServer_MenuInit      0041fdc9 f   menu.obj
 0001:0001f279       _DMOptionsFunc             00420279 f   menu.obj
 0001:0001f288       _RulesChangeFunc           00420288 f   menu.obj
 0001:0001f2f1       _StartServerActionFunc     004202f1 f   menu.obj
 0001:0001f31d       _StartServerFunc           0042031d f   menu.obj
 0001:0001f588       _StartServer_MenuDraw      00420588 f   menu.obj
 0001:0001f594       _StartServer_MenuKey       00420594 f   menu.obj
 0001:0001f5f4       _DMOptions_MenuInit        004205f4 f   menu.obj
 0001:0001fb84       _DMFlagCallback            00420b84 f   menu.obj
 0001:0001fd6f       _DMOptions_MenuDraw        00420d6f f   menu.obj
 0001:0001fd7b       _DMOptions_MenuKey         00420d7b f   menu.obj
 0001:0001fdad       _DownloadOptions_MenuInit  00420dad f   menu.obj
 0001:0001ff98       _DownloadCallback          00420f98 f   menu.obj
 0001:0001fff1       _DownloadOptions_MenuDraw  00420ff1 f   menu.obj
 0001:0001fffd       _DownloadOptions_MenuKey   00420ffd f   menu.obj
 0001:0002002f       _AddressBook_MenuInit      0042102f f   menu.obj
 0001:000200e5       _AddressBook_MenuKey       004210e5 f   menu.obj
 0001:00020136       _AddressBook_MenuDraw      00421136 f   menu.obj
 0001:0002014e       _M_Menu_PlayerConfig_f     0042114e f   menu.obj
 0001:000201a9       _PlayerConfig_MenuInit     004211a9 f   menu.obj
 0001:000205d2       _HandednessCallback        004215d2 f   menu.obj
 0001:000205e5       _RateCallback              004215e5 f   menu.obj
 0001:00020603       _ModelCallback             00421603 f   menu.obj
 0001:0002063a       _PlayerConfig_ScanDirectories 0042163a f   menu.obj
 0001:00020802       _IconOfSkinExists          00421802 f   menu.obj
 0001:000208a4       _PlayerConfig_MenuDraw     004218a4 f   menu.obj
 0001:00020b16       _PlayerConfig_MenuKey      00421b16 f   menu.obj
 0001:00020bea       _M_Menu_DMBrowse_f         00421bea f   menu.obj
 0001:00020c2e       _DMBrowse_MenuInit         00421c2e f   menu.obj
 0001:00020dd8       _DMBrowse_MenuKey          00421dd8 f   menu.obj
 0001:00020f7b       _DMBrowse_MenuDraw         00421f7b f   menu.obj
 0001:000210a0       _DrawThumbnail             004220a0 f   menu.obj
 0001:00021167       _M_Quit_Key                00422167 f   menu.obj
 0001:000211a7       _M_Quit_Draw               004221a7 f   menu.obj
 0001:000212f4       _M_Menu_Quit_f             004222f4 f   menu.obj
 0001:0001c9e6       _AllocChain                0041d9e6 f   memory.obj
 0001:0001ccd7       _Z_Stats_f                 0041dcd7 f   memory.obj
 0001:0001c1dd       _MD4Transform              0041d1dd f   md4.obj
 0001:0001c7df       _Encode                    0041d7df f   md4.obj
 0001:0001c824       _Decode                    0041d824 f   md4.obj
 0001:0001b0e2       _CompleteCommand           0041c0e2 f   keys.obj
 0001:0001b159       _Do_CompleteCommand        0041c159 f   keys.obj
 0001:0001b5d2       _TryComplete               0041c5d2 f   keys.obj
 0001:0001b667       _CompleteMenu              0041c667 f   keys.obj
 0001:0001b7a9       _CompleteMenuDraw          0041c7a9 f   keys.obj
 0001:0001b808       _CompleteMenuKey           0041c808 f   keys.obj
 0001:0001b83a       _CompleteMenuCallback      0041c83a f   keys.obj
 0001:0001b8c2       _iswordsym                 0041c8c2 f   keys.obj
 0001:0001bb89       _Key_Unbind_f              0041cb89 f   keys.obj
 0001:0001bc6c       _Key_Unbindall_f           0041cc6c f   keys.obj
 0001:0001bc96       _Key_Bind_f                0041cc96 f   keys.obj
 0001:00019cfd       _IN_DeactivateMouse        0041acfd f   in_win.obj
 0001:00019d29       _IN_FreeDirect             0041ad29 f   in_win.obj
 0001:00019d8a       _IN_FreeWin32              0041ad8a f   in_win.obj
 0001:00019f0b       _IN_ActivateMouse          0041af0b f   in_win.obj
 0001:00019f83       _IN_InitDirect             0041af83 f   in_win.obj
 0001:0001a0c6       _IN_InitWin32              0041b0c6 f   in_win.obj
 0001:0001a1e6       _IN_MouseMove              0041b1e6 f   in_win.obj
 0001:000652a6       _J_InitSource              004662a6 f   jquant2.obj
 0001:00019819       _J_FillInputBuffer         0041a819 f   images.obj
 0001:00019841       _J_SkipInputData           0041a841 f   images.obj
 0001:000652a6       _J_TermSource              004662a6 f   jquant2.obj
 0001:00019859       _InitJpegError             0041a859 f   images.obj
 0001:00019896       _J_ErrorExit               0041a896 f   images.obj
 0001:000198a5       _J_EmitMessage             0041a8a5 f   images.obj
 0001:000198c2       _J_ResetErrorMgr           0041a8c2 f   images.obj
 0001:000175dc       _FindPakFile               004185dc f   files.obj
 0001:0001764c       _FindPakDirectory          0041864c f   files.obj
 0001:000176dd       _FileLength                004186dd f   files.obj
 0001:00017b78       _FOpenCached               00418b78 f   files.obj
 0001:00017db8       _AddPakFile                00418db8 f   files.obj
 0001:00017e57       _AddPakDirectory           00418e57 f   files.obj
 0001:00017f35       _EnumZippedPak             00418f35 f   files.obj
 0001:00017fa8       _ClearFileCache            00418fa8 f   files.obj
 0001:00018099       _AddDirFilesToList         00419099 f   files.obj
 0001:00018620       _ListPakDirectory          00419620 f   files.obj
 0001:000187d5       _InitResFiles              004197d5 f   files.obj
 0001:000188b8       _FS_LoadPak_f              004198b8 f   files.obj
 0001:00018987       _TryLoadPak                00419987 f   files.obj
 0001:000189f5       _FindPakStruc              004199f5 f   files.obj
 0001:00018a4a       _FS_UnloadPak_f            00419a4a f   files.obj
 0001:00018bee       _FS_Link_f                 00419bee f   files.obj
 0001:00018cba       _FS_Dir_f                  00419cba f   files.obj
 0001:00018ecb       _FS_Path_f                 00419ecb f   files.obj
 0001:00018f63       _FS_Cat_f                  00419f63 f   files.obj
 0001:0001903c       _FS_Type_f                 0041a03c f   files.obj
 0001:0001635d       _Cvar_FindVar              0041735d f   cvar.obj
 0001:00016392       _ComputeHash               00417392 f   cvar.obj
 0001:0001656c       _Cvar_SetString            0041756c f   cvar.obj
 0001:00016602       _Cvar_InfoValidate         00417602 f   cvar.obj
 0001:00016712       _Cvar_Set2                 00417712 f   cvar.obj
 0001:0001686e       _Cvar_SetHardcoded         0041786e f   cvar.obj
 0001:00016bf0       _Cvar_Set_f                00417bf0 f   cvar.obj
 0001:00016c6d       _Cvar_SetWithFlags         00417c6d f   cvar.obj
 0001:00016cb2       _Cvar_Seta_f               00417cb2 f   cvar.obj
 0001:00016cd4       _Cvar_Setu_f               00417cd4 f   cvar.obj
 0001:00016cf6       _Cvar_Sets_f               00417cf6 f   cvar.obj
 0001:00016d18       _Cvar_Reset_f              00417d18 f   cvar.obj
 0001:00016d7a       _Cvar_List_f               00417d7a f   cvar.obj
 0001:00016e7e       _Cvar_Add_f                00417e7e f   cvar.obj
 0001:00016ff5       _Cvar_Scale_f              00417ff5 f   cvar.obj
 0001:00017068       _Cvar_Toggle_f             00418068 f   cvar.obj
 0001:000170cb       _Cvar_Cycle_f              004180cb f   cvar.obj
 0001:000156e1       _Con_ToggleChat_f          004166e1 f   console.obj
 0001:00015712       _Con_Clear_f               00416712 f   console.obj
 0001:00015768       _Con_Dump_f                00416768 f   console.obj
 0001:0001587b       _Con_MessageMode_f         0041687b f   console.obj
 0001:0001588d       _Con_MessageMode2_f        0041688d f   console.obj
 0001:0001592d       _PlaceChar                 0041692d f   console.obj
 0001:00015ab7       _FindLine                  00416ab7 f   console.obj
 0001:00016233       _Con_DrawInput             00417233 f   console.obj
 0001:00014b42       _Com_Error_f               00415b42 f   common.obj
 0001:000119fa       _CMod_LoadSurfaces         004129fa f   cmodel.obj
 0001:00011b14       _CMod_ReadSurfMaterials    00412b14 f   cmodel.obj
 0001:00011c4f       _CMod_LoadNodes            00412c4f f   cmodel.obj
 0001:00011cb1       _CMod_LoadBrushes          00412cb1 f   cmodel.obj
 0001:00011cfd       _CMod_LoadLeafs            00412cfd f   cmodel.obj
 0001:00011dcc       _CMod_LoadPlanes           00412dcc f   cmodel.obj
 0001:00011e4f       _CMod_LoadLeafBrushes      00412e4f f   cmodel.obj
 0001:00011e9a       _CMod_LoadBrushSides       00412e9a f   cmodel.obj
 0001:00011f13       _CMod_LoadAreas            00412f13 f   cmodel.obj
 0001:000122ed       _CM_PointLeafnum_r         004132ed f   cmodel.obj
 0001:000123b0       _CM_BoxLeafnums_r          004133b0 f   cmodel.obj
 0001:00012885       _CM_TestInLeaf             00413885 f   cmodel.obj
 0001:0001290d       _CM_TestBoxInBrush         0041390d f   cmodel.obj
 0001:000129ee       _CM_RecursiveHullCheck     004139ee f   cmodel.obj
 0001:00012cc0       _CM_TraceToLeaf            00413cc0 f   cmodel.obj
 0001:00012d9d       _CM_ClipBoxToBrush         00413d9d f   cmodel.obj
 0001:000133a4       _FloodArea_r               004143a4 f   cmodel.obj
 0001:00011407       _Cmd_MacroExpandString     00412407 f   cmd.obj
 0001:00011722       _Cmd_Wait_f                00412722 f   cmd.obj
 0001:0001172d       _Cmd_List_f                0041272d f   cmd.obj
 0001:00010250       _DrawSurfInfo              00411250 f   cl_view.obj
 0001:0001058a       _DecodeContents            0041158a f   cl_view.obj
 0001:0001065a       _DrawOriginInfo            0041165a f   cl_view.obj
 0001:000107eb       _DrawFpsInfo               004117eb f   cl_view.obj
 0001:00010914       _FixWaterVis               00411914 f   cl_view.obj
 0001:00010a23       _entitycmpfnc              00411a23 f   cl_view.obj
 0001:00010ad9       _Screenshot_f              00411ad9 f   cl_view.obj
 0001:0000d0ad       _SCR_CalcVrect             0040e0ad f   cl_scrn.obj
 0001:000031de       _CL_AddParticleTraces      004041de f   cl_fx.obj
 0001:000009ea       _Huff1Decompress           004019ea f   cl_cin.obj
 0001:00000f72       _Huff1TableInit            00401f72 f   cl_cin.obj
 0001:0000106c       _SmallestNode1             0040206c f   cl_cin.obj
 0001:0000014c       _CDAudio_GetAudioDiskInfo  0040114c f   cd_win.obj
 0001:000004c4       _CD_f                      004014c4 f   cd_win.obj
 0001:0000077d       _CDAudio_Eject             0040177d f   cd_win.obj
 0001:000007a7       _CDAudio_CloseDoor         004017a7 f   cd_win.obj

 70 bytes saved through ICF

