 Quake2

 Timestamp is 4623b99f (Mon Apr 16 21:59:59 2007)

 Preferred load address is 00400000

 Start         Length     Name                   Class
 0001:00000000 00069c40H .text                   CODE
 0002:00000000 00000290H .idata$5                DATA
 0002:00000290 0000773cH .rdata                  DATA
 0002:000079d0 00000044H .rdata$r                DATA
 0002:00007a18 00000038H .xdata$x                DATA
 0002:00007a50 00000078H .idata$2                DATA
 0002:00007ac8 00000014H .idata$3                DATA
 0002:00007adc 00000290H .idata$4                DATA
 0002:00007d6c 00000858H .idata$6                DATA
 0002:000085c4 00000000H .edata                  DATA
 0003:00000000 00000004H .CRT$XCA                DATA
 0003:00000004 0000008cH .CRT$XCU                DATA
 0003:00000090 00000004H .CRT$XCZ                DATA
 0003:00000094 00000004H .CRT$XIA                DATA
 0003:00000098 00000004H .CRT$XIZ                DATA
 0003:000000a0 0000ea5cH .data                   DATA
 0003:0000eb00 00460b10H .bss                    DATA
 0004:00000000 00000130H .rsrc$01                DATA
 0004:00000130 00003f20H .rsrc$02                DATA

  Address         Publics by Value              Rva+Base     Lib:Object

 0001:00000000       ??3@YAXPAX@Z               00401000 f i CoreMain.obj
 0001:0000000e       ?appTimestamp@@YAPBDXZ     0040100e f   CoreMain.obj
 0001:00000043       ?appInit@@YAXXZ            00401043 f   CoreMain.obj
 0001:000000c3       ?appExit@@YAXXZ            004010c3 f   CoreMain.obj
 0001:000000cd       ?appMilliseconds@@YAIXZ    004010cd f   CoreWin32.obj
 0001:000000d3       ?appPackage@@YAPBDXZ       004010d3 f   CoreWin32.obj
 0001:0000012a       ?appGetSystemErrorMessage@@YAPBDI@Z 0040112a f   CoreWin32.obj
 0001:0000018e       ?appDisplayError@@YAXXZ    0040118e f   CoreWin32.obj
 0001:000001df       ?appInitPlatform@@YAXXZ    004011df f   CoreWin32.obj
 0001:00000372       ?appShutdownPlatform@@YAXXZ 00401372 f   CoreWin32.obj
 0001:0000037b       ?sprintf@?$TString@$0BAA@@@QAAHPBDZZ 0040137b f i CoreWin32.obj
 0001:000003a2       ?appDetectCPU@@YAXXZ       004013a2 f   CoreCpuid.obj
 0001:00000656       ?appLoadDebugSymbols@@YAXXZ 00401656 f   DbgSymbols.obj
 0001:00000813       ?appSymbolName@@YA_NIPADH@Z 00401813 f   DbgSymbols.obj
 0001:00000909       ?appSymbolName@@YAPBDI@Z   00401909 f   DbgSymbols.obj
 0001:00000941       ?osGetAddressPackage@@YA_NIPADHAAH@Z 00401941 f   DbgSymbolsWin32.obj
 0001:000009d5       ?osGetAddressSymbol@@YA_NIPADHAAH@Z 004019d5 f   DbgSymbolsWin32.obj
 0001:00000b7b       ?appMalloc@@YAPAXIH@Z      00401b7b f   Memory.obj
 0001:00000c80       ?appFree@@YAXPAX@Z         00401c80 f   Memory.obj
 0001:00000cff       ?Unlink@FMemHeader@@QAEXXZ 00401cff f i Memory.obj
 0001:00000d2a       ?Link@CMemoryChain@@AAEXXZ 00401d2a f   Memory.obj
 0001:00000d49       ?Unlink@CMemoryChain@@AAEXXZ 00401d49 f   Memory.obj
 0001:00000d74       ??2CMemoryChain@@SAPAXIH@Z 00401d74 f   Memory.obj
 0001:00000e3d       ??3CMemoryChain@@SAXPAX@Z  00401e3d f   Memory.obj
 0001:00000ebe       ?Alloc@CMemoryChain@@QAEPAXIH@Z 00401ebe f   Memory.obj
 0001:00000f8a       ?GetSize@CMemoryChain@@QAEHXZ 00401f8a f   Memory.obj
 0001:00000f98       ?BuildAllocatorsTable@@YAHPAXH@Z 00401f98 f   Memory.obj
 0001:00001105       ?appInitMemory@@YAXXZ      00402105 f   Memory.obj
 0001:000014ed       ?Write@COutputDeviceNull@@UAEXPBD@Z 004024ed f i OutputDevice.obj
 0001:000014ed       ?Tesselate@surfaceNull_t@OpenGLDrv@@UAEXAAUrefEntity_t@2@@Z 004024ed f i OutputDevice.obj
 0001:00001507       ??_GCOutputDevice@@UAEPAXI@Z 00402507 f i OutputDevice.obj
 0001:00001507       ??_GCOutputDeviceNull@@UAEPAXI@Z 00402507 f i OutputDevice.obj
 0001:00001507       ??_ECOutputDevice@@UAEPAXI@Z 00402507 f i OutputDevice.obj
 0001:00001507       ??_ECOutputDeviceNull@@UAEPAXI@Z 00402507 f i OutputDevice.obj
 0001:0000154a       ?Write@COutputDeviceLog@@UAEXPBD@Z 0040254a f i OutputDevice.obj
 0001:00001595       ??_GCOutputDeviceLog@@UAEPAXI@Z 00402595 f i OutputDevice.obj
 0001:00001595       ??_ECOutputDeviceLog@@UAEPAXI@Z 00402595 f i OutputDevice.obj
 0001:000015b5       ?Printf@COutputDevice@@QAAXPBDZZ 004025b5 f   OutputDevice.obj
 0001:00001626       ?Register@COutputDevice@@QAEXXZ 00402626 f   OutputDevice.obj
 0001:00001682       ?Unregister@COutputDevice@@QAEXXZ 00402682 f   OutputDevice.obj
 0001:000016d5       ?appPrintf@@YAXPBDZZ       004026d5 f   OutputDevice.obj
 0001:0000180c       ?appWPrintf@@YAXPBDZZ      0040280c f   OutputDevice.obj
 0001:0000186f       ??0COutputDeviceMemTail@@QAE@H@Z 0040286f f i ErrorMgr.obj
 0001:000018a0       ?Write@COutputDeviceMemTail@@UAEXPBD@Z 004028a0 f i ErrorMgr.obj
 0001:000019bc       ??_GCOutputDeviceMemTail@@UAEPAXI@Z 004029bc f i ErrorMgr.obj
 0001:000019bc       ??_ECOutputDeviceMemTail@@UAEPAXI@Z 004029bc f i ErrorMgr.obj
 0001:000019db       ??1COutputDeviceMemTail@@UAE@XZ 004029db f i ErrorMgr.obj
 0001:00001a24       ??0COutputDeviceFile@@QAE@XZ 00402a24 f i ErrorMgr.obj
 0001:00001a39       ?Write@COutputDeviceFile@@UAEXPBD@Z 00402a39 f i ErrorMgr.obj
 0001:00001a90       ?Flush@COutputDeviceFile@@UAEXXZ 00402a90 f i ErrorMgr.obj
 0001:00001aa0       ?Close@COutputDeviceFile@@UAEXXZ 00402aa0 f i ErrorMgr.obj
 0001:00001ab8       ??_ECOutputDeviceFile@@UAEPAXI@Z 00402ab8 f i ErrorMgr.obj
 0001:00001ab8       ??_GCOutputDeviceFile@@UAEPAXI@Z 00402ab8 f i ErrorMgr.obj
 0001:00001ad7       ??1COutputDeviceFile@@UAE@XZ 00402ad7 f i ErrorMgr.obj
 0001:00001b16       ?appBeginError@@YAPAVCOutputDevice@@PBD@Z 00402b16 f   ErrorMgr.obj
 0001:00001be0       ?appGetErrorLog@@YAPAVCOutputDevice@@XZ 00402be0 f   ErrorMgr.obj
 0001:00001c4b       ?Open@COutputDeviceFile@@QAEXPBD_N@Z 00402c4b f i ErrorMgr.obj
 0001:00001c91       ?appFatalError@@YAXPBDZZ   00402c91 f   ErrorMgr.obj
 0001:00001ce7       ?appNonFatalError@@YAXPBDZZ 00402ce7 f   ErrorMgr.obj
 0001:00001d49       ?appUnwindPrefix@@YAXPBD@Z 00402d49 f   ErrorMgr.obj
 0001:00001dfb       ?appUnwindThrow@@YAXPBDZZ  00402dfb f   ErrorMgr.obj
 0001:00001e71       ?Reset@CErrorHandler@@QAEXXZ 00402e71 f   ErrorMgr.obj
 0001:00001ea1       ?appInitError@@YAXXZ       00402ea1 f   ErrorMgr.obj
 0001:00001f96       ?appShutdownError@@YAXXZ   00402f96 f   ErrorMgr.obj
 0001:00002020       ?GetTail@COutputDeviceMemTail@@QAEPBDH@Z 00403020 f i ErrorMgr.obj
 0001:00002046       ?sprintf@?$TString@$0CAA@@@QAAHPBDZZ 00403046 f i ErrorMgr.obj
 0001:0000206d       ?win32ExceptFilter@@YGJPAU_EXCEPTION_POINTERS@@@Z 0040306d f   ExceptHandlerWin32.obj
 0001:00002210       ?win32ExceptFilter2@@YAIXZ 00403210 f   ExceptHandlerWin32.obj
 0001:00002219       ?sprintf@?$TString@$0EAA@@@QAAHPBDZZ 00403219 f i ExceptHandlerWin32.obj
 0001:00002240       ?DumpRegs@@YAXPAVCOutputDevice@@PAU_CONTEXT@@@Z 00403240 f   ExceptDumpers.obj
 0001:00002351       ?DumpMem@@YAXPAVCOutputDevice@@PBIPAU_CONTEXT@@@Z 00403351 f   ExceptDumpers.obj
 0001:00002590       ?UnwindEbpFrame@@YAXPAVCOutputDevice@@PBI@Z 00403590 f   ExceptDumpers.obj
 0001:00002621       ?GetLine@CSimpleParser@@QAEPBDXZ 00403621 f   ScriptParser.obj
 0001:00002738       ?SkipBraces@CSimpleParser@@QAEPBDXZ 00403738 f   ScriptParser.obj
 0001:0000276e       ?appStricmp@@YAHPBD0@Z     0040376e f   Strings.obj
 0001:000027a5       ?toLower@@YADD@Z           004037a5 f i Strings.obj
 0001:000027c0       ?appStrncpylwr@@YAXPADPBDH@Z 004037c0 f   Strings.obj
 0001:000027f8       ?appStrncpyz@@YAXPADPBDH@Z 004037f8 f   Strings.obj
 0001:00002825       ?appStrcatn@@YAXPADHPBD@Z  00403825 f   Strings.obj
 0001:00002851       ?appCopyFilename@@YAXPADPBDH@Z 00403851 f   Strings.obj
 0001:00002979       ?appCStrlen@@YAHPBD@Z      00403979 f   Strings.obj
 0001:000029a1       ?appUncolorizeString@@YAXPADPBD@Z 004039a1 f   Strings.obj
 0001:000029d3       ?va@@YAPBDPBDZZ            004039d3 f   Strings.obj
 0001:00002ac7       ?appSprintf@@YAHPADHPBDZZ  00403ac7 f   Strings.obj
 0001:00002b66       ?appMatchWildcard@@YA_NPBD0_N@Z 00403b66 f   Strings.obj
 0001:00002daa       ?appIsWildcard@@YA_NPBD@Z  00403daa f   Strings.obj
 0001:00002dd6       ?appStrdup@@YAPADPBD@Z     00403dd6 f   Strings.obj
 0001:00002e17       ?appStrdup@@YAPADPBDPAVCMemoryChain@@@Z 00403e17 f   Strings.obj
 0001:00002e4c       ??0CStringItem@@QAE@XZ     00403e4c f   Strings.obj
 0001:00002e57       ??2CStringItem@@SAPAXIPBD@Z 00403e57 f   Strings.obj
 0001:00002ef1       ??2CStringItem@@SAPAXIPBDPAVCMemoryChain@@@Z 00403ef1 f   Strings.obj
 0001:00002f66       ?Find@CStringList@@IAEPAVCStringItem@@PBDPAPAV2@@Z 00403f66 f   Strings.obj
 0001:00002ff1       ?Find@CStringList@@IAEPAVCStringItem@@H@Z 00403ff1 f   Strings.obj
 0001:0000305d       ?IndexOf@CStringList@@QAEHPBD@Z 0040405d f   Strings.obj
 0001:000030df       ?Remove@CStringList@@QAE_NPAVCStringItem@@@Z 004040df f   Strings.obj
 0001:00003163       ?Add@CTextContainer@@QAEPAUCTextRec@@PBD@Z 00404163 f   TextContainer.obj
 0001:0000320f       ?Enumerate@CTextContainer@@QAEXP6AXPBUCTextRec@@@Z@Z 0040420f f   TextContainer.obj
 0001:0000327b       ?SubtractPath@@YAPBDPBD0@Z 0040427b f   FileSystem.obj
 0001:00003313       ?appMakeDirectoryForFile@@YAXPBD@Z 00404313 f   FileSystem.obj
 0001:00003349       ?appOpenFile@@YAPAVCFile@@PBD@Z 00404349 f   FileSystem.obj
 0001:00003386       ?Read@CFileOS@@UAEHPAXH@Z  00404386 f i FileSystem.obj
 0001:000033ad       ?GetSize@CFileOS@@UAEHXZ   004043ad f i FileSystem.obj
 0001:000033f8       ?Eof@CFileOS@@UAE_NXZ      004043f8 f i FileSystem.obj
 0001:0000340c       ??_ECFileOS@@UAEPAXI@Z     0040440c f i FileSystem.obj
 0001:0000340c       ??_GCFileOS@@UAEPAXI@Z     0040440c f i FileSystem.obj
 0001:00003441       ??_GCFile@@UAEPAXI@Z       00404441 f i FileSystem.obj
 0001:00003441       ??_ECFile@@UAEPAXI@Z       00404441 f i FileSystem.obj
 0001:00003461       ?ReadByte@CFile@@QAEEXZ    00404461 f   FileSystem.obj
 0001:00003479       ?ReadInt@CFile@@QAEHXZ     00404479 f   FileSystem.obj
 0001:00003491       ?ReadString@CFile@@QAEXPADH@Z 00404491 f   FileSystem.obj
 0001:000034ce       ?GetType@CFileContainer@@MAEPBDXZ 004044ce f   FileSystem.obj
 0001:000034d4       ?Mount@CFileSystem@@QAEXAAVCFileContainer@@PBD@Z 004044d4 f   FileSystem.obj
 0001:0000352a       ?Umount@CFileSystem@@QAEXAAVCFileContainer@@@Z 0040452a f   FileSystem.obj
 0001:00003564       ?MountDirectory@CFileSystem@@QAEPAVCFileContainer@@PBD0@Z 00404564 f   FileSystem.obj
 0001:000035a9       ?GetType@CFileContainerOS@@MAEPBDXZ 004045a9 f i FileSystem.obj
 0001:000035af       ?FileExists@CFileContainerOS@@UAE_NPBD@Z 004045af f i FileSystem.obj
 0001:000035d9       ?OpenFile@CFileContainerOS@@UAEPAVCFile@@PBD@Z 004045d9 f i FileSystem.obj
 0001:000035f9       ?List@CFileContainerOS@@UAEXAAVCFileList@@PBDI@Z 004045f9 f i FileSystem.obj
 0001:00003622       ??_GCFileContainerOS@@UAEPAXI@Z 00404622 f i FileSystem.obj
 0001:00003622       ??_ECFileContainerOS@@UAEPAXI@Z 00404622 f i FileSystem.obj
 0001:00003642       ??_GCFileContainer@@UAEPAXI@Z 00404642 f i FileSystem.obj
 0001:00003642       ??_ECFileContainer@@UAEPAXI@Z 00404642 f i FileSystem.obj
 0001:00003662       ?MountArchive@CFileSystem@@QAEPAVCFileContainer@@PBD0@Z 00404662 f   FileSystem.obj
 0001:00003779       ?Mount@CFileSystem@@QAEXPBD0@Z 00404779 f   FileSystem.obj
 0001:000039aa       ?Umount@CFileSystem@@QAEXPBD@Z 004049aa f   FileSystem.obj
 0001:00003a46       ?List@CFileSystem@@UAEPAVCFileList@@PBDIPAV2@@Z 00404a46 f   FileSystem.obj
 0001:00003c00       ?RegisterFormat@CFileSystem@@SAXP6APAVCFileContainer@@PBDPAU_iobuf@@@Z@Z 00404c00 f   FileSystem.obj
 0001:00003c44       ?FileExists@CFileSystem@@UAE_NPBDI@Z 00404c44 f   FileSystem.obj
 0001:00003cc3       ?OpenFile@CFileSystem@@UAEPAVCFile@@PBDI@Z 00404cc3 f   FileSystem.obj
 0001:00003d67       ?LoadFile@CFileSystem@@QAEPAXPBDPAI@Z 00404d67 f   FileSystem.obj
 0001:00003e37       ?cMount@@YAX_NHPAPAD@Z     00404e37 f   FileSystem.obj
 0001:00003f75       ?cUmount@@YAX_NHPAPAD@Z    00404f75 f   FileSystem.obj
 0001:00003fa4       ?appInitFileSystem@@YAXAAVCFileSystem@@@Z 00404fa4 f   FileSystem.obj
 0001:00004398       ?appListDirectory@@YAXPBDAAVCFileList@@I@Z 00405398 f   FileSystemWin32.obj
 0001:000045de       ?appMakeDirectory@@YAXPBD@Z 004055de f   FileSystemWin32.obj
 0001:00004648       ?appFileType@@YAIPBD@Z     00405648 f   FileSystemWin32.obj
 0001:00004688       ?FindDir@CFileContainerArc@@IAEPAVFDirInfo@1@PBD_N@Z 00405688 f   FileContainerArc.obj
 0001:00004741       ?FindFile@CFileContainerArc@@IAEPAVCStringItem@@PBD@Z 00405741 f   FileContainerArc.obj
 0001:000047ab       ?FileExists@CFileContainerArc@@UAE_NPBD@Z 004057ab f   FileContainerArc.obj
 0001:000047c0       ?OpenFile@CFileContainerArc@@UAEPAVCFile@@PBD@Z 004057c0 f   FileContainerArc.obj
 0001:000047df       ?List@CFileContainerArc@@UAEXAAVCFileList@@PBDI@Z 004057df f   FileContainerArc.obj
 0001:0000494a       ??E?$TStringSplitter@$0BAA@$0CP@@@QAEXXZ 0040594a f i FileContainerArc.obj
 0001:000049cc       ?GetLength@CVec3@@QAEMXZ   004059cc f   Math3D.obj
 0001:000049f7       ?Normalize@CVec3@@QAEMXZ   004059f7 f   Math3D.obj
 0001:00004a49       ?VectorNormalize@@YAMABUCVec3@@AAU1@@Z 00405a49 f   Math3D.obj
 0001:00004ab3       ?NormalizeFast@CVec3@@QAEMXZ 00405ab3 f   Math3D.obj
 0001:00004b04       ?FindAxisVectors@CVec3@@QBEXAAU1@0@Z 00405b04 f   Math3D.obj
 0001:00004b74       ?cross@@YAXABUCVec3@@0AAU1@@Z 00405b74 f   Math3D.obj
 0001:00004bb0       ?VectorDistance@@YAMABUCVec3@@0@Z 00405bb0 f   Math3D.obj
 0001:00004bdf       ?Setup@CPlane@@QAEXXZ      00405bdf f   Math3D.obj
 0001:00004c8d       ?Clear@CBox@@QAEXXZ        00405c8d f   Math3D.obj
 0001:00004cab       ?Expand@CBox@@QAEXABUCVec3@@@Z 00405cab f   Math3D.obj
 0001:00004cdd       ?Expand@CBox@@QAEXABU1@@Z  00405cdd f   Math3D.obj
 0001:00004d1c       ?GetCenter@CBox@@QBEXAAUCVec3@@@Z 00405d1c f   Math3D.obj
 0001:00004d3f       ?Contains@CBox@@QBE_NABUCVec3@@@Z 00405d3f f   Math3D.obj
 0001:00004d73       ?Intersects@CBox@@QBE_NABU1@@Z 00405d73 f   Math3D.obj
 0001:00004db2       ?OnPlaneSide@CBox@@QBEHABUCPlane@@@Z 00405db2 f   Math3D.obj
 0001:00004ee1       ?FromEuler@CAxis@@QAEXABUCVec3@@@Z 00405ee1 f   Math3D.obj
 0001:00004f20       ?TransformVector@CAxis@@QBEXABUCVec3@@AAU2@@Z 00405f20 f   Math3D.obj
 0001:00004f73       ?UnTransformVector@CAxis@@QBEXABUCVec3@@AAU2@@Z 00405f73 f   Math3D.obj
 0001:00004fd7       ?TransformAxis@CAxis@@QBEXABU1@AAU1@@Z 00405fd7 f   Math3D.obj
 0001:0000501d       ?UnTransformAxis@CAxis@@QBEXABU1@AAU1@@Z 0040601d f   Math3D.obj
 0001:00005063       ?TransformPoint@CCoords@@QBEXABUCVec3@@AAU2@@Z 00406063 f   Math3D.obj
 0001:000050c3       ?UnTransformPoint@CCoords@@QBEXABUCVec3@@AAU2@@Z 004060c3 f   Math3D.obj
 0001:00005130       ?UnTransformCoords@CCoords@@QBEXABU1@AAU1@@Z 00406130 f   Math3D.obj
 0001:0000515c       ?TransformPlane@CCoords@@QBEXABUCPlane@@AAU2@@Z 0040615c f   Math3D.obj
 0001:00005196       ?TransformPoint@@YAXABUCVec3@@ABUCAxis@@0AAU1@@Z 00406196 f   Math3D.obj
 0001:000051f9       ?UnTransformPoint@@YAXABUCVec3@@ABUCAxis@@0AAU1@@Z 004061f9 f   Math3D.obj
 0001:00005269       ?Euler2Vecs@@YAXABUCVec3@@PAU1@11@Z 00406269 f   Math3D.obj
 0001:000053c9       ?Vec2Euler@@YAXABUCVec3@@AAU1@@Z 004063c9 f   Math3D.obj
 0001:000054cb       ?Vec2Yaw@@YAMABUCVec3@@@Z  004064cb f   Math3D.obj
 0001:0000553e       ?appRsqrt@@YAMM@Z          0040653e f   MathMisc.obj
 0001:0000556a       ?NormalizeColor@@YAMABUCVec3@@AAU1@@Z 0040656a f   MathMisc.obj
 0001:000055c8       ?NormalizeColor255@@YAMABUCVec3@@AAU1@@Z 004065c8 f   MathMisc.obj
 0001:0000562a       ?SCR_StopCinematic@@YAXXZ  0040662a f   cl_cin.obj
 0001:000056be       ?SCR_DrawCinematic@@YA_NXZ 004066be f   cl_cin.obj
 0001:00005ab5       ?SCR_PlayCinematic@@YAXPBD@Z 00406ab5 f   cl_cin.obj
 0001:00005e0c       ?sprintf@?$TString@$0EA@@@QAAHPBDZZ 00406e0c f i cl_cin.obj
 0001:00005e2d       ?CL_Download_f@@YAX_NHPAPAD@Z 00406e2d f   cl_download.obj
 0001:000061da       ?CL_ParseDownload@@YAXXZ   004071da f   cl_download.obj
 0001:00006a09       ?CL_Precache_f@@YAXHPAPAD@Z 00407a09 f   cl_download.obj
 0001:00006a64       ?sprintf@?$TString@$0IA@@@QAAHPBDZZ 00407a64 f i cl_download.obj
 0001:00006a88       ?CL_ParseDelta@@YAXPAUclEntityState_t@@0HI_N@Z 00407a88 f   cl_ents.obj
 0001:00006c08       ?CL_ParseFrame@@YAXXZ      00407c08 f   cl_ents.obj
 0001:000072bd       ?CL_AddEntityBox@@YAXPAUclEntityState_t@@I@Z 004082bd f   cl_ents.obj
 0001:000073c1       ?Lerp@@YAXABUCVec3@@0MAAU1@@Z 004083c1 f i cl_ents.obj
 0001:000073f8       ?OffsetThirdPersonView@@YAXXZ 004083f8 f   cl_ents.obj
 0001:000074e0       ?CL_AddEntities@@YAXXZ     004084e0 f   cl_ents.obj
 0001:00008421       ?CL_ClearLightStyles@@YAXXZ 00409421 f   cl_fx.obj
 0001:000084a3       ?CL_SetLightstyle@@YAXHPBD@Z 004094a3 f   cl_fx.obj
 0001:00008504       ?CL_AllocDlight@@YAPAUcdlight_t@@HABUCVec3@@@Z 00409504 f   cl_fx.obj
 0001:0000856f       ?CL_AllocParticleTrace@@YAPAUparticleTrace_t@@ABUCVec3@@0MM@Z 0040956f f   cl_fx.obj
 0001:000085fe       ?CL_AllocParticleBeam@@YAPAUbeam_t@@ABUCVec3@@0MM@Z 004095fe f   cl_fx.obj
 0001:00008673       ?CL_AllocParticle@@YAPAUparticle_t@@XZ 00409673 f   cl_fx.obj
 0001:000086c6       ?CL_MetalSparks@@YAXABUCVec3@@0H@Z 004096c6 f   cl_fx.obj
 0001:000087c4       ?CL_AddEffects@@YAXXZ      004097c4 f   cl_fx.obj
 0001:00008ea9       ?CL_ClearEffects@@YAXXZ    00409ea9 f   cl_fx.obj
 0001:00008f2b       ?CL_EntityEvent@@YAXPAUclEntityState_t@@@Z 00409f2b f   cl_fx.obj
 0001:000090e2       ?CL_ParseMuzzleFlash@@YAXXZ 0040a0e2 f   cl_fx.obj
 0001:00009452       ?CL_ParseMuzzleFlash2@@YAXXZ 0040a452 f   cl_fx.obj
 0001:000098c8       ?CL_ParticleEffect@@YAXABUCVec3@@0HH@Z 0040a8c8 f   cl_fx.obj
 0001:00009ab1       ?CL_ParticleEffect2@@YAXABUCVec3@@0HH@Z 0040aab1 f   cl_fx.obj
 0001:00009ad9       ?CL_ParticleEffect3@@YAXABUCVec3@@0HH@Z 0040aad9 f   cl_fx.obj
 0001:00009b01       ?CL_TeleporterParticles@@YAXPAUclEntityState_t@@@Z 0040ab01 f   cl_fx.obj
 0001:00009b23       ?CL_LogoutEffect@@YAXABUCVec3@@H@Z 0040ab23 f   cl_fx.obj
 0001:00009b5b       ?CL_ItemRespawnParticles@@YAXABUCVec3@@@Z 0040ab5b f   cl_fx.obj
 0001:00009b79       ?CL_ExplosionParticles@@YAXABUCVec3@@@Z 0040ab79 f   cl_fx.obj
 0001:00009b9a       ?CL_BFGExplosionParticles@@YAXABUCVec3@@@Z 0040ab9a f   cl_fx.obj
 0001:00009bbb       ?CL_TrackerExplosionParticles@@YAXABUCVec3@@@Z 0040abbb f   cl_fx.obj
 0001:00009bdc       ?CL_BlasterParticles@@YAXABUCVec3@@0I@Z 0040abdc f   cl_fx.obj
 0001:00009c03       ?CL_BlasterTrail@@YAXAAUcentity_t@@@Z 0040ac03 f   cl_fx.obj
 0001:00009d0a       ?CL_BlasterTrail2@@YAXAAUcentity_t@@@Z 0040ad0a f   cl_fx.obj
 0001:00009d21       ?CL_FlagTrail@@YAXAAUcentity_t@@H@Z 0040ad21 f   cl_fx.obj
 0001:00009d40       ?CL_RocketTrail@@YAXAAUcentity_t@@@Z 0040ad40 f   cl_fx.obj
 0001:00009d7f       ?CL_BubbleTrail@@YAXABUCVec3@@0@Z 0040ad7f f   cl_fx.obj
 0001:00009e1b       ?CL_BubbleTrail2@@YAXABUCVec3@@0@Z 0040ae1b f   cl_fx.obj
 0001:00009e35       ?CL_TagTrail@@YAXAAUcentity_t@@@Z 0040ae35 f   cl_fx.obj
 0001:00009e4c       ?CL_DebugTrail@@YAXABUCVec3@@0@Z 0040ae4c f   cl_fx.obj
 0001:00009e66       ?CL_ForceWall@@YAXABUCVec3@@0H@Z 0040ae66 f   cl_fx.obj
 0001:00009e88       ?CL_BigTeleportParticles@@YAXABUCVec3@@@Z 0040ae88 f   cl_fx.obj
 0001:00009fc3       ?CL_BfgParticles@@YAXABUCVec3@@@Z 0040afc3 f   cl_fx.obj
 0001:0000a13d       ?CL_FlyEffect@@YAXAAUcentity_t@@@Z 0040b13d f   cl_fx.obj
 0001:0000a2c9       ?CL_DiminishingTrail@@YAXAAUcentity_t@@H@Z 0040b2c9 f   cl_fx.obj
 0001:0000a423       ?CL_RailTrail@@YAXABUCVec3@@0@Z 0040b423 f   cl_fx.obj
 0001:0000a595       ?CL_RailTrailExt@@YAXABUCVec3@@0EE@Z 0040b595 f   cl_fx.obj
 0001:0000a6da       ?CL_IonripperTrail@@YAXAAUcentity_t@@@Z 0040b6da f   cl_fx.obj
 0001:0000a834       ?CL_TrapParticles@@YAXABUCVec3@@@Z 0040b834 f   cl_fx.obj
 0001:0000a9a7       ?CL_TeleportParticles@@YAXABUCVec3@@@Z 0040b9a7 f   cl_fx.obj
 0001:0000aadd       ?CL_Heatbeam@@YAXABUCVec3@@0@Z 0040badd f   cl_fx.obj
 0001:0000ad83       ?CL_ParticleSteamEffect@@YAXABUCVec3@@0HHH@Z 0040bd83 f   cl_fx.obj
 0001:0000aeb9       ?CL_ParticleSmokeEffect@@YAXABUCVec3@@0@Z 0040beb9 f   cl_fx.obj
 0001:0000afd2       ?CL_TrackerTrail@@YAXAAUcentity_t@@@Z 0040bfd2 f   cl_fx.obj
 0001:0000b14c       ?CL_TrackerShell@@YAXABUCVec3@@@Z 0040c14c f   cl_fx.obj
 0001:0000b1d8       ?CL_MonsterPlasmaShell@@YAXABUCVec3@@@Z 0040c1d8 f   cl_fx.obj
 0001:0000b261       ?CL_WidowSplash@@YAXABUCVec3@@@Z 0040c261 f   cl_fx.obj
 0001:0000b342       ?CL_InitInput@@YAXXZ       0040c342 f   cl_input.obj
 0001:0000b8f0       ?CL_SendCmd@@YAXXZ         0040c8f0 f   cl_input.obj
 0001:0000bf0f       ?CL_WriteDemoMessage@@YAXXZ 0040cf0f f   cl_main.obj
 0001:0000bf51       ?Cmd_ForwardToServer@@YAXHPAPAD@Z 0040cf51 f   cl_main.obj
 0001:0000c016       ?CL_ForwardToServer_f@@YAXHPAPAD@Z 0040d016 f   cl_main.obj
 0001:0000c05f       ?CL_Pause@@YAX_N@Z         0040d05f f   cl_main.obj
 0001:0000c0a4       ?CL_Drop@@YAX_N@Z          0040d0a4 f   cl_main.obj
 0001:0000c0cf       ?CL_SendConnectPacket@@YAXXZ 0040d0cf f   cl_main.obj
 0001:0000c135       ?CL_Connect_f@@YAX_NHPAPAD@Z 0040d135 f   cl_main.obj
 0001:0000c1a2       ?CL_Rcon_f@@YAXHPAPAD@Z    0040d1a2 f   cl_main.obj
 0001:0000c28e       ?CL_Disconnect@@YAXXZ      0040d28e f   cl_main.obj
 0001:0000c439       ?CL_Disconnect_f@@YAXXZ    0040d439 f   cl_main.obj
 0001:0000c443       ?CL_Changing_f@@YAXXZ      0040d443 f   cl_main.obj
 0001:0000c46b       ?CL_Reconnect_f@@YAXXZ     0040d46b f   cl_main.obj
 0001:0000c507       ?CL_PingServers_f@@YAXXZ   0040d507 f   cl_main.obj
 0001:0000c8c2       ?CL_ConnectionlessPacket@@YAXXZ 0040d8c2 f   cl_main.obj
 0001:0000c9bf       ?CL_Userinfo_f@@YAXXZ      0040d9bf f   cl_main.obj
 0001:0000c9da       ?CL_RegisterSounds@@YAXXZ  0040d9da f   cl_main.obj
 0001:0000ca19       ?CL_Snd_Restart_f@@YAXXZ   0040da19 f   cl_main.obj
 0001:0000ca28       ?CL_WriteConfiguration@@YAXPBD@Z 0040da28 f   cl_main.obj
 0001:0000cb0f       ?CL_WriteConfig_f@@YAX_NHPAPAD@Z 0040db0f f   cl_main.obj
 0001:0000cb79       ?CL_FixCvarCheats@@YAXXZ   0040db79 f   cl_main.obj
 0001:0000cbca       ?CL_Frame@@YAXMM@Z         0040dbca f   cl_main.obj
 0001:0000d032       ?CL_ClearState@@YAXXZ      0040e032 f   cl_main.obj
 0001:0000d070       ?CL_Init@@YAXXZ            0040e070 f   cl_main.obj
 0001:0000d51f       ?CL_Shutdown@@YAXXZ        0040e51f f   cl_main.obj
 0001:0000d57b       ?CL_ParseClientinfo@@YAXH@Z 0040e57b f   cl_parse.obj
 0001:0000d633       ?CL_UpdatePlayerClientInfo@@YAXXZ 0040e633 f   cl_parse.obj
 0001:0000d674       ?CL_ParseServerMessage@@YAXXZ 0040e674 f   cl_parse.obj
 0001:0000de5a       ?FreePlayerModelsInfo@@YAXXZ 0040ee5a f   cl_playermodel.obj
 0001:0000de80       ?ScanPlayerModels@@YA_NXZ  0040ee80 f   cl_playermodel.obj
 0001:0000e27a       ?RunAnimation@@YAXAAUclientInfo_t@@AAUanimState_t@@H@Z 0040f27a f   cl_playermodel.obj
 0001:0000e468       ?CL_LoadClientinfo@@YAXAAUclientInfo_t@@PBD_N@Z 0040f468 f   cl_playermodel.obj
 0001:0000f0f4       ?ParsePlayerEntity@@YAHAAUcentity_t@@AAUclientInfo_t@@PAUclEntityState_t@@ABUentity_t@@PAU4@HH@Z 004100f4 f   cl_playermodel.obj
 0001:0000fc63       ?CreateAndInsert@?$TList@VCStringItem@@@@QAEPAVCStringItem@@PBDPAVCMemoryChain@@@Z 00410c63 f i cl_playermodel.obj
 0001:0000fc9b       ?Insert@?$TList@VCStringItem@@@@QAE_NPAVCStringItem@@@Z 00410c9b f i cl_playermodel.obj
 0001:0000fc9b       ?Insert@?$TList@VshaderScript_t@OpenGLDrv@@@@QAE_NPAVshaderScript_t@OpenGLDrv@@@Z 00410c9b f i cl_playermodel.obj
 0001:0000fc9b       ?Insert@?$TList@VplayerModelInfo_t@@@@QAE_NPAVplayerModelInfo_t@@@Z 00410c9b f i cl_playermodel.obj
 0001:0000fcd1       ?CL_CheckPredictionError@@YAXXZ 00410cd1 f   cl_pred.obj
 0001:0000fe64       ?CL_EntityTrace@@YAXAAUtrace_t@@ABUCVec3@@1ABUCBox@@H@Z 00410e64 f   cl_pred.obj
 0001:000101be       ?CL_Trace@@YAXAAUtrace_t@@ABUCVec3@@1ABUCBox@@H@Z 004111be f   cl_pred.obj
 0001:0001026f       ?CL_PMpointcontents@@YAHABUCVec3@@@Z 0041126f f   cl_pred.obj
 0001:00010405       ?CL_PredictMovement@@YAXXZ 00411405 f   cl_pred.obj
 0001:000107cc       ?DrawString@@YAXHHPBD@Z    004117cc f   cl_scrn.obj
 0001:00010811       ?SCR_DebugGraph@@YAXMH@Z   00411811 f   cl_scrn.obj
 0001:0001083b       ?SCR_CenterPrint@@YAXPBD@Z 0041183b f   cl_scrn.obj
 0001:00010941       ?Key_Message@@YAXH@Z       00411941 f   cl_scrn.obj
 0001:000109e1       ?SCR_SetLevelshot@@YAXPBD@Z 004119e1 f   cl_scrn.obj
 0001:00010adc       ?SCR_BeginLoadingPlaque@@YAX_N@Z 00411adc f   cl_scrn.obj
 0001:00010b72       ?SCR_EndLoadingPlaque@@YAX_N@Z 00411b72 f   cl_scrn.obj
 0001:00010bf7       ?SCR_LoadingNotify@@YAXPBDM@Z 00411bf7 f   cl_scrn.obj
 0001:00010c20       ?SCR_ShowConsole@@YAX_N0@Z 00411c20 f   cl_scrn.obj
 0001:00010ce5       ?SCR_ToggleConsole@@YAXXZ  00411ce5 f   cl_scrn.obj
 0001:00010d0d       ?SCR_TouchPics@@YAXXZ      00411d0d f   cl_scrn.obj
 0001:00010d61       ?SCR_UpdateScreen@@YAXXZ   00411d61 f   cl_scrn.obj
 0001:000120e9       ?SCR_Init@@YAXXZ           004130e9 f   cl_scrn.obj
 0001:0001241a       ?sprintf@?$TString@$0BA@@@QAAHPBDZZ 0041341a f i cl_scrn.obj
 0001:0001243b       ?CL_RegisterTEntSounds@@YAXXZ 0041343b f   cl_tent.obj
 0001:00012690       ?CL_RegisterTEntModels@@YAXXZ 00413690 f   cl_tent.obj
 0001:000127e1       ?CL_ClearTEnts@@YAXXZ      004137e1 f   cl_tent.obj
 0001:00012812       ?CL_SmokeAndFlash@@YAXABUCVec3@@@Z 00413812 f   cl_tent.obj
 0001:000129aa       ?CL_ParseTEnt@@YAXXZ       004139aa f   cl_tent.obj
 0001:00013cd0       ?CL_AddTEnts@@YAXXZ        00414cd0 f   cl_tent.obj
 0001:000146d5       ?V_AddEntity@@YAXPAUentity_t@@@Z 004156d5 f   cl_view.obj
 0001:00014713       ?V_AddEntity2@@YAXPAUentity_t@@@Z 00415713 f   cl_view.obj
 0001:00014745       ?AddEntityWithEffects2@@YAXPAUentity_t@@I@Z 00415745 f   cl_view.obj
 0001:000147e6       ?AddEntityWithEffects@@YAXPAUentity_t@@I@Z 004157e6 f   cl_view.obj
 0001:00014807       ?V_AddLight@@YAXABUCVec3@@MMMM@Z 00415807 f   cl_view.obj
 0001:0001484c       ?V_TestEntities@@YAXXZ     0041584c f   cl_view.obj
 0001:00014979       ?V_TestLights@@YAXXZ       00415979 f   cl_view.obj
 0001:00014a4f       ?V_InitRenderer@@YAXXZ     00415a4f f   cl_view.obj
 0001:00014e70       ?CalcFov@@YAMMMM@Z         00415e70 f   cl_view.obj
 0001:00014ede       ?V_RenderView@@YA_NXZ      00415ede f   cl_view.obj
 0001:00015c85       ?V_Init@@YAXXZ             00416c85 f   cl_view.obj
 0001:00015d34       ?Con_ClearNotify@@YAXXZ    00416d34 f   console.obj
 0001:00015d43       ?Con_CheckResize@@YAXXZ    00416d43 f   console.obj
 0001:00015e6a       ?Write@COutputDeviceCon@@UAEXPBD@Z 00416e6a f   console.obj
 0001:00016070       ?Con_DrawNotify@@YAX_N@Z   00417070 f   console.obj
 0001:00016246       ?Con_DrawConsole@@YAXM@Z   00417246 f   console.obj
 0001:000164fa       ?Con_ClearTyping@@YAXXZ    004174fa f   console.obj
 0001:00016513       ?Key_Console@@YAXHH@Z      00417513 f   console.obj
 0001:00016960       ?Con_Init@@YAXXZ           00417960 f   console.obj
 0001:00016ace       ?Key_KeynumToString@@YAPBDH@Z 00417ace f   keys.obj
 0001:00016b94       ?Draw@completeMenu_t@@UAEXXZ 00417b94 f i keys.obj
 0001:00016bc5       ?KeyDown@completeMenu_t@@UAEPBDH@Z 00417bc5 f i keys.obj
 0001:00016bf1       ?Init@completeMenu_t@@UAE_NXZ 00417bf1 f i keys.obj
 0001:00016d18       ?CompleteMenuCallback@completeMenu_t@@SAXPAX@Z 00417d18 f i keys.obj
 0001:00016da9       ?CompleteCommand@@YAXXZ    00417da9 f   keys.obj
 0001:000174ba       ?Key_SetBinding@@YAXHPBD@Z 004184ba f   keys.obj
 0001:000174fa       ?Key_FindBinding@@YAHPBDPAHH@Z 004184fa f   keys.obj
 0001:00017548       ?Key_WriteBindings@@YAXPAVCOutputDevice@@@Z 00418548 f   keys.obj
 0001:00017592       ?Key_Init@@YAXXZ           00418592 f   keys.obj
 0001:00017876       ?Key_Event@@YAXH_N@Z       00418876 f   keys.obj
 0001:00017bd5       ?Key_ClearStates@@YAXXZ    00418bd5 f   keys.obj
 0001:00017c0a       ?M_ForceMenuOn@@YAXXZ      00418c0a f   menu.obj
 0001:00017c29       ?Draw@menuMain_t@@UAEXXZ   00418c29 f i menu.obj
 0001:00017d65       ?KeyDown@menuMain_t@@UAEPBDH@Z 00418d65 f i menu.obj
 0001:00017e26       ?Init@menuMain_t@@UAE_NXZ  00418e26 f i menu.obj
 0001:00017e2e       ?M_Menu_Main_f@@YAXXZ      00418e2e f   menu.obj
 0001:00017e48       ?Init@multiplayerMenu_t@@UAE_NXZ 00418e48 f i menu.obj
 0001:00017f6c       ?Init@keysMenu_t@@UAE_NXZ  00418f6c f i menu.obj
 0001:0001815a       ?KeyCursorDrawFunc@keysMenu_t@@SAXPAUmenuFramework_t@@@Z 0041915a f i menu.obj
 0001:0001819d       ?DrawKeyBindingFunc@keysMenu_t@@SAXPAX@Z 0041919d f i menu.obj
 0001:0001825d       ?KeyDown@keysMenu_t@@UAEPBDH@Z 0041925d f i menu.obj
 0001:0001830a       ?UnbindCommand@keysMenu_t@@QAEXPAD@Z 0041930a f i menu.obj
 0001:0001834f       ?KeyBindingFunc@keysMenu_t@@QAEXPAX@Z 0041934f f i menu.obj
 0001:000183b1       ?Init@optionsMenu_t@@UAE_NXZ 004193b1 f i menu.obj
 0001:00018764       ?CrosshairFunc@optionsMenu_t@@SAXPAX@Z 00419764 f i menu.obj
 0001:0001878c       ?JoystickFunc@optionsMenu_t@@SAXPAX@Z 0041978c f i menu.obj
 0001:000187a1       ?AlwaysRunFunc@optionsMenu_t@@SAXPAX@Z 004197a1 f i menu.obj
 0001:000187b6       ?MouseSpeedFunc@optionsMenu_t@@SAXPAX@Z 004197b6 f i menu.obj
 0001:000187d3       ?InvertMouseFunc@optionsMenu_t@@SAXPAX@Z 004197d3 f i menu.obj
 0001:0001880c       ?UpdateVolumeFunc@optionsMenu_t@@SAXPAX@Z 0041980c f i menu.obj
 0001:00018829       ?UpdateCDVolumeFunc@optionsMenu_t@@SAXPAX@Z 00419829 f i menu.obj
 0001:00018843       ?SetMenuItemValues@optionsMenu_t@@SAXXZ 00419843 f i menu.obj
 0001:0001898b       ?ResetDefaultsFunc@optionsMenu_t@@SAXPAX@Z 0041998b f i menu.obj
 0001:000189a0       ?UpdateSoundFunc@optionsMenu_t@@SAXPAX@Z 004199a0 f i menu.obj
 0001:00018ba4       ?ScanCrosshairs@optionsMenu_t@@SAXXZ 00419ba4 f i menu.obj
 0001:00018c01       ?Draw@optionsMenu_t@@UAEXXZ 00419c01 f i menu.obj
 0001:00018c66       ?Draw@creditsMenu_t@@UAEXXZ 00419c66 f i menu.obj
 0001:00018d0d       ?KeyDown@creditsMenu_t@@UAEPBDH@Z 00419d0d f i menu.obj
 0001:00018d4d       ?Init@creditsMenu_t@@UAE_NXZ 00419d4d f i menu.obj
 0001:00018dce       ?Init@gameMenu_t@@UAE_NXZ  00419dce f i menu.obj
 0001:00018f59       ?EasyGameFunc@gameMenu_t@@SAXPAX@Z 00419f59 f i menu.obj
 0001:00018f65       ?StartGame@gameMenu_t@@SAXPBD@Z 00419f65 f i menu.obj
 0001:00018fc0       ?MediumGameFunc@gameMenu_t@@SAXPAX@Z 00419fc0 f i menu.obj
 0001:00018fcc       ?HardGameFunc@gameMenu_t@@SAXPAX@Z 00419fcc f i menu.obj
 0001:00018fe8       ?Init@savegameMenu_t@@UAE_NXZ 00419fe8 f i menu.obj
 0001:000190f8       ?Create_Savestrings@savegameMenu_t@@QAEXXZ 0041a0f8 f i menu.obj
 0001:000191b8       ?LoadGameCallback@savegameMenu_t@@SAXPAX@Z 0041a1b8 f i menu.obj
 0001:000191e5       ?SaveGameCallback@savegameMenu_t@@SAXPAX@Z 0041a1e5 f i menu.obj
 0001:00019208       ?Draw@savegameMenu_t@@UAEXXZ 0041a208 f i menu.obj
 0001:00019223       ?DrawSavegameShot@savegameMenu_t@@QAEXHH@Z 0041a223 f i menu.obj
 0001:000192fe       ?Init@joinserverMenu_t@@UAE_NXZ 0041a2fe f i menu.obj
 0001:00019435       ?JoinServerFunc@joinserverMenu_t@@SAXPAX@Z 0041a435 f i menu.obj
 0001:0001949a       ?SearchLocalGames@joinserverMenu_t@@SAXXZ 0041a49a f i menu.obj
 0001:00019505       ?M_AddToServerList@@YAXUnetadr_t@@PBD@Z 0041a505 f   menu.obj
 0001:00019590       ?Init@startserverMenu_t@@UAE_NXZ 0041a590 f i menu.obj
 0001:00019a1e       ?DMOptionsFunc@startserverMenu_t@@SAXPAX@Z 0041aa1e f i menu.obj
 0001:00019a2e       ?RulesChangeFunc@startserverMenu_t@@SAXPAX@Z 0041aa2e f i menu.obj
 0001:00019aa6       ?StartServerActionFunc@startserverMenu_t@@SAXPAX@Z 0041aaa6 f i menu.obj
 0001:00019ad1       ?StartServerFunc@startserverMenu_t@@SAXPBD@Z 0041aad1 f i menu.obj
 0001:00019cad       ?KeyDown@startserverMenu_t@@UAEPBDH@Z 0041acad f i menu.obj
 0001:00019d0c       ?Init@dmoptionsMenu_t@@UAE_NXZ 0041ad0c f i menu.obj
 0001:0001a2e9       ?DMFlagCallback@dmoptionsMenu_t@@SAXPAX@Z 0041b2e9 f i menu.obj
 0001:0001a4c2       ?Init@downloadOptionsMenu_t@@UAE_NXZ 0041b4c2 f i menu.obj
 0001:0001a69c       ?DownloadCallback@downloadOptionsMenu_t@@SAXPAX@Z 0041b69c f i menu.obj
 0001:0001a70a       ?Init@addressBookMenu_t@@UAE_NXZ 0041b70a f i menu.obj
 0001:0001a7b0       ?KeyDown@addressBookMenu_t@@UAEPBDH@Z 0041b7b0 f i menu.obj
 0001:0001a80f       ?Init@playerConfigMenu_t@@UAE_NXZ 0041b80f f i menu.obj
 0001:0001ad56       ?HandednessCallback@playerConfigMenu_t@@SAXPAX@Z 0041bd56 f i menu.obj
 0001:0001ad6b       ?RTypeCallback@playerConfigMenu_t@@SAXPAX@Z 0041bd6b f i menu.obj
 0001:0001ad80       ?RColorCallback@playerConfigMenu_t@@SAXPAX@Z 0041bd80 f i menu.obj
 0001:0001ad95       ?RateCallback@playerConfigMenu_t@@SAXPAX@Z 0041bd95 f i menu.obj
 0001:0001adb8       ?ModelCallback@playerConfigMenu_t@@SAXPAX@Z 0041bdb8 f i menu.obj
 0001:0001adec       ?SkinCallback@playerConfigMenu_t@@SAXPAX@Z 0041bdec f i menu.obj
 0001:0001adf4       ?Draw@playerConfigMenu_t@@UAEXXZ 0041bdf4 f i menu.obj
 0001:0001b0d6       ?KeyDown@playerConfigMenu_t@@UAEPBDH@Z 0041c0d6 f i menu.obj
 0001:0001b1b6       ?Init@dmbrowseMenu_t@@UAE_NXZ 0041c1b6 f i menu.obj
 0001:0001b3bf       ?KeyDown@dmbrowseMenu_t@@UAEPBDH@Z 0041c3bf f i menu.obj
 0001:0001b597       ?Draw@dmbrowseMenu_t@@UAEXXZ 0041c597 f i menu.obj
 0001:0001b6e4       ?DrawThumbnail@dmbrowseMenu_t@@SAXHHHHPBD_N@Z 0041c6e4 f i menu.obj
 0001:0001b7be       ?Init@videoMenu_t@@UAE_NXZ 0041c7be f i menu.obj
 0001:0001bd97       ?ScreenSizeCallback@videoMenu_t@@SAXPAX@Z 0041cd97 f i menu.obj
 0001:0001bdb8       ?BrightnessCallback@videoMenu_t@@SAXPAX@Z 0041cdb8 f i menu.obj
 0001:0001bdd9       ?ContrastCallback@videoMenu_t@@SAXPAX@Z 0041cdd9 f i menu.obj
 0001:0001be15       ?CancelChanges@videoMenu_t@@SAXPAX@Z 0041ce15 f i menu.obj
 0001:0001be62       ?KeyDown@videoMenu_t@@UAEPBDH@Z 0041ce62 f i menu.obj
 0001:0001beab       ?ApplyChanges@videoMenu_t@@SAXPAX@Z 0041ceab f i menu.obj
 0001:0001c062       ?KeyDown@quitMenu_t@@UAEPBDH@Z 0041d062 f i menu.obj
 0001:0001c09f       ?Draw@quitMenu_t@@UAEXXZ   0041d09f f i menu.obj
 0001:0001c10f       ?M_Init@@YAXXZ             0041d10f f   menu.obj
 0001:0001c2f1       ?ItemAtCursor@menuFramework_t@@QAEPAUmenuCommon_t@@XZ 0041d2f1 f   qmenu.obj
 0001:0001c345       ?AddItem@menuFramework_t@@QAEXPAUmenuCommon_t@@@Z 0041d345 f   qmenu.obj
 0001:0001c401       ?AdjustCursor@menuFramework_t@@QAEXH@Z 0041d401 f   qmenu.obj
 0001:0001c579       ?Center@menuFramework_t@@QAEXXZ 0041d579 f   qmenu.obj
 0001:0001c5ba       ?Draw@menuFramework_t@@UAEXXZ 0041d5ba f   qmenu.obj
 0001:0001cb73       ?SelectItem@menuFramework_t@@QAE_NXZ 0041db73 f   qmenu.obj
 0001:0001cbd8       ?SetStatusBar@menuFramework_t@@QAEXPBD@Z 0041dbd8 f   qmenu.obj
 0001:0001cbe5       ?SlideItem@menuFramework_t@@QAEXH@Z 0041dbe5 f   qmenu.obj
 0001:0001d183       ?Push@menuFramework_t@@QAEXXZ 0041e183 f   qmenu.obj
 0001:0001d202       ?M_ForceMenuOff@@YAXXZ     0041e202 f   qmenu.obj
 0001:0001d22f       ?Pop@menuFramework_t@@QAEXXZ 0041e22f f   qmenu.obj
 0001:0001d269       ?KeyDown@menuFramework_t@@UAEPBDH@Z 0041e269 f   qmenu.obj
 0001:0001d4e1       ?Init@menuFramework_t@@UAE_NXZ 0041e4e1 f   qmenu.obj
 0001:0001d4e4       ?M_Draw@@YAXXZ             0041e4e4 f   qmenu.obj
 0001:0001d51f       ?M_Keydown@@YAXH@Z         0041e51f f   qmenu.obj
 0001:0001d541       ?InitRendererVars@@YAXXZ   0041e541 f   ref_vars.obj
 0001:0001d560       ?S_SoundInfo_f@@YAXXZ      0041e560 f   snd_dma.obj
 0001:0001d5da       ?S_Init@@YAXXZ             0041e5da f   snd_dma.obj
 0001:0001d6ac       ?S_Shutdown@@YAXXZ         0041e6ac f   snd_dma.obj
 0001:0001d73f       ?S_BeginRegistration@@YAXXZ 0041e73f f   snd_dma.obj
 0001:0001d74d       ?S_RegisterSound@@YAPAUsfx_t@@PBD@Z 0041e74d f   snd_dma.obj
 0001:0001d8f8       ?S_EndRegistration@@YAXXZ  0041e8f8 f   snd_dma.obj
 0001:0001d981       ?S_PickChannel@@YAPAUchannel_t@@HH@Z 0041e981 f   snd_dma.obj
 0001:0001da0f       ?S_Spatialize@@YAXPAUchannel_t@@@Z 0041ea0f f   snd_dma.obj
 0001:0001dbf1       ?S_AllocPlaysound@@YAPAUplaysound_t@@XZ 0041ebf1 f   snd_dma.obj
 0001:0001dc13       ?S_FreePlaysound@@YAXPAUplaysound_t@@@Z 0041ec13 f   snd_dma.obj
 0001:0001dc46       ?S_IssuePlaysound@@YAXPAUplaysound_t@@@Z 0041ec46 f   snd_dma.obj
 0001:0001dd17       ?S_StartSound@@YAXPBUCVec3@@HHPAUsfx_t@@MMM@Z 0041ed17 f   snd_dma.obj
 0001:0001e0d7       ?S_StartLocalSound@@YAXPBD@Z 0041f0d7 f   snd_dma.obj
 0001:0001e129       ?S_ClearBuffer@@YAXXZ      0041f129 f   snd_dma.obj
 0001:0001e192       ?S_StopAllSounds_f@@YAXXZ  0041f192 f   snd_dma.obj
 0001:0001e202       ?S_AddLoopSounds@@YAXXZ    0041f202 f   snd_dma.obj
 0001:0001e3d8       ?S_RawSamples@@YAXHHHHPAE@Z 0041f3d8 f   snd_dma.obj
 0001:0001e5dc       ?S_Update@@YAXABUCVec3@@0@Z 0041f5dc f   snd_dma.obj
 0001:0001e6b2       ?GetSoundtime@@YAXXZ       0041f6b2 f   snd_dma.obj
 0001:0001e719       ?S_Update_@@YAXXZ          0041f719 f   snd_dma.obj
 0001:0001e9cc       ?S_LoadSound@@YAPAUsfxcache_t@@PAUsfx_t@@@Z 0041f9cc f   snd_mem.obj
 0001:0001ef5b       ?S_WriteLinearBlastStereo16@@YAXXZ 0041ff5b f   snd_mix.obj
 0001:0001efc5       ?S_TransferStereo16@@YAXPAKH@Z 0041ffc5 f   snd_mix.obj
 0001:0001f030       ?S_TransferPaintBuffer@@YAXH@Z 00420030 f   snd_mix.obj
 0001:0001f194       ?S_PaintChannels@@YAXH@Z   00420194 f   snd_mix.obj
 0001:0001f410       ?S_InitScaletable@@YAXXZ   00420410 f   snd_mix.obj
 0001:0001f555       ?SV_ComputeAnimation@@YAXPAUplayer_state_t@@AAUentityStateEx_t@@PAU2@PAUedict_s@@@Z 00420555 f   sv_anim.obj
 0001:0001fa0e       ?SV_ReadLevelFile@@YAXXZ   00420a0e f   sv_ccmds.obj
 0001:0001fab3       ?SV_AddressBanned@@YA_NPAUnetadr_t@@@Z 00420ab3 f   sv_ccmds.obj
 0001:0001faf7       ?SV_InitCommands@@YAXXZ    00420af7 f   sv_ccmds.obj
 0001:00020f80       ?sprintf@?$TString@$0CI@@@QAAHPBDZZ 00421f80 f i sv_ccmds.obj
 0001:00020fa1       ?SV_WriteFrameToClient@@YAXPAUclient_t@@PAVsizebuf_t@@@Z 00421fa1 f   sv_ents.obj
 0001:000216d0       ?SV_RecordDemoMessage@@YAXXZ 004226d0 f   sv_ents.obj
 0001:0002189e       ?SV_MulticastOld@@YAXABUCVec3@@W4multicast_t@@@Z 0042289e f i sv_game.obj
 0001:000218b3       ?SV_StartSoundOld@@YAXPBUCVec3@@PAUedict_s@@HHMMM@Z 004228b3 f i sv_game.obj
 0001:0002230b       ?SV_InitGameLibrary@@YAX_N@Z 0042330b f   sv_game.obj
 0001:00022600       ?SV_ShutdownGameLibrary@@YAXXZ 00423600 f   sv_game.obj
 0001:0002275d       ?SV_FindIndex@@YAHPBDHH_N@Z 0042375d f   sv_init.obj
 0001:00022874       ?SV_ModelIndex@@YAHPBD@Z   00423874 f   sv_init.obj
 0001:0002288d       ?SV_SoundIndex@@YAHPBD@Z   0042388d f   sv_init.obj
 0001:000228a9       ?SV_ImageIndex@@YAHPBD@Z   004238a9 f   sv_init.obj
 0001:000228c5       ?SV_CreateBaseline@@YAXXZ  004238c5 f   sv_init.obj
 0001:00022942       ?SV_SpawnServer@@YAXPAD0W4server_state_t@@_N2@Z 00423942 f   sv_init.obj
 0001:00022caf       ?SV_InitGame@@YAXXZ        00423caf f   sv_init.obj
 0001:00022ed8       ?SV_Map@@YAX_NPBD0@Z       00423ed8 f   sv_init.obj
 0001:0002309d       ?SV_DropClient@@YAXPAUclient_t@@PAD@Z 0042409d f   sv_main.obj
 0001:00023acd       ??0COutputDeviceMem@@QAE@H@Z 00424acd f i sv_main.obj
 0001:00023afe       ?Write@COutputDeviceMem@@UAEXPBD@Z 00424afe f i sv_main.obj
 0001:00023b85       ??_GCOutputDeviceMem@@UAEPAXI@Z 00424b85 f i sv_main.obj
 0001:00023b85       ??_ECOutputDeviceMem@@UAEPAXI@Z 00424b85 f i sv_main.obj
 0001:00023ba4       ??1COutputDeviceMem@@UAE@XZ 00424ba4 f i sv_main.obj
 0001:00023bc3       ?SV_CalcPings@@YAXXZ       00424bc3 f   sv_main.obj
 0001:00023c4a       ?SV_GiveMsec@@YAXXZ        00424c4a f   sv_main.obj
 0001:00023c89       ?SV_ReadPackets@@YAXXZ     00424c89 f   sv_main.obj
 0001:00023eae       ?SV_CheckTimeouts@@YAXXZ   00424eae f   sv_main.obj
 0001:00023fbf       ?SV_PostprocessFrame@@YAXXZ 00424fbf f   sv_main.obj
 0001:00024484       ?SV_MulticastHook@@YAPAVsizebuf_t@@PAV1@0@Z 00425484 f   sv_main.obj
 0001:00024860       ?SV_TraceHook@@YAXAAUtrace0_t@@ABUCVec3@@PBU2@21PAUedict_s@@H@Z 00425860 f   sv_main.obj
 0001:000249ee       ?SV_Frame@@YAXM@Z          004259ee f   sv_main.obj
 0001:00024c97       ?SV_UserinfoChanged@@YAXPAUclient_t@@@Z 00425c97 f   sv_main.obj
 0001:00024d58       ?SV_InitVars@@YAXXZ        00425d58 f   sv_main.obj
 0001:00024d67       ?SV_Init@@YAXXZ            00425d67 f   sv_main.obj
 0001:00024dc0       ?SV_Shutdown@@YAXPBD_N@Z   00425dc0 f   sv_main.obj
 0001:00024fcd       ?SV_ClientPrintf@@YAXPAUclient_t@@HPBDZZ 00425fcd f   sv_send.obj
 0001:00025028       ?SV_BroadcastPrintf@@YAXHPBDZZ 00426028 f   sv_send.obj
 0001:000250fe       ?SV_BroadcastCommand@@YAXPBDZZ 004260fe f   sv_send.obj
 0001:00025158       ?SV_Multicast@@YAXABUCVec3@@W4multicast_t@@_N@Z 00426158 f   sv_send.obj
 0001:00025359       ?SV_StartSound@@YAXPBUCVec3@@PAUedict_s@@HHMMM_N@Z 00426359 f   sv_send.obj
 0001:000255f2       ?SV_SendClientDatagram@@YA_NPAUclient_t@@@Z 004265f2 f   sv_send.obj
 0001:000256b4       ?SV_DemoCompleted@@YAXXZ   004266b4 f   sv_send.obj
 0001:000256d0       ?SV_SendClientMessages@@YAXXZ 004266d0 f   sv_send.obj
 0001:000258b8       ?SV_DrawText3D@@YAXABUCVec3@@PBDI@Z 004268b8 f   sv_text.obj
 0001:000258f0       ?SV_ClearTexts@@YAXXZ      004268f0 f   sv_text.obj
 0001:000258f8       ?SV_DrawTexts@@YAXXZ       004268f8 f   sv_text.obj
 0001:0002594d       ??0?$TTextContainer@UCSVText@@$0BAAAA@@@QAE@XZ 0042694d f i sv_text.obj
 0001:00025972       ?SV_TokenizeString@@YAXPBD@Z 00426972 f   sv_tokenize.obj
 0001:00025a49       ?SV_Argc@@YAHXZ            00426a49 f   sv_tokenize.obj
 0001:00025a4f       ?SV_Argv@@YAPADH@Z         00426a4f f   sv_tokenize.obj
 0001:00025a6d       ?SV_Args@@YAPADXZ          00426a6d f   sv_tokenize.obj
 0001:00026326       ?SV_Nextserver@@YAXXZ      00427326 f   sv_user.obj
 0001:000263ba       ?SV_ClientThink@@YAXPAUclient_t@@PAUusercmd_t@@@Z 004273ba f   sv_user.obj
 0001:0002644b       ?SV_ExecuteClientMessage@@YAXPAUclient_t@@@Z 0042744b f   sv_user.obj
 0001:00026821       ?SV_ClearWorld@@YAXXZ      00427821 f   sv_world.obj
 0001:0002695f       ?SV_UnlinkEdict@@YAXPAUedict_s@@@Z 0042795f f   sv_world.obj
 0001:00026a25       ?SV_LinkEdict@@YAXPAUedict_s@@@Z 00427a25 f   sv_world.obj
 0001:0002713a       ?SV_AreaEdicts@@YAHABUCVec3@@0PAPAUedict_s@@HH@Z 0042813a f   sv_world.obj
 0001:000272d8       ?SV_PointContents@@YAHABUCVec3@@@Z 004282d8 f   sv_world.obj
 0001:000273fe       ?SV_Trace@@YAXAAUtrace_t@@ABUCVec3@@1ABUCBox@@PAUedict_s@@H@Z 004283fe f   sv_world.obj
 0001:0002787b       ?InitByteDirs@@YAXXZ       0042887b f   anorms.obj
 0001:000278ba       ?Cbuf_AddText@@YAXPBD@Z    004288ba f   cmd.obj
 0001:00027920       ?Cbuf_CopyToDefer@@YAXXZ   00428920 f   cmd.obj
 0001:00027968       ?Cbuf_InsertFromDefer@@YAXXZ 00428968 f   cmd.obj
 0001:00027a24       ?Cbuf_Execute@@YAXXZ       00428a24 f   cmd.obj
 0001:00027b34       ?Cmd_Unalias_f@@YAX_NHPAPAD@Z 00428b34 f   cmd.obj
 0001:00027bac       ?Cmd_WriteAliases@@YAXPAVCOutputDevice@@@Z 00428bac f   cmd.obj
 0001:00027bdf       ?RegisterCommand@@YA_NPBDP6AXXZI@Z 00428bdf f   cmd.obj
 0001:00027cc0       ?UnregisterCommand@@YA_NPBD@Z 00428cc0 f   cmd.obj
 0001:00027d51       ?ExecuteCommand@@YA_NPBD@Z 00428d51 f   cmd.obj
 0001:00028194       ?ExecuteCommand@@YA_NPBDPBUCSimpleCommand@@H@Z 00429194 f   cmd.obj
 0001:000285d6       ?CM_LoadMap@@YAPAUCBspModel@@PBD_NPAI@Z 004295d6 f   cmodel.obj
 0001:00029f53       ?CM_BuildBrush@@YAPAUCBrush@@HPAVCMemoryChain@@@Z 0042af53 f   cmodel.obj
 0001:0002a01c       ?CM_InlineModel@@YAPAUCBspModel@@PBD@Z 0042b01c f   cmodel.obj
 0001:0002a047       ?CM_InlineModel@@YAPAUCBspModel@@H@Z 0042b047 f   cmodel.obj
 0001:0002a122       ?CM_HeadnodeForBox@@YAHABUCBox@@@Z 0042b122 f   cmodel.obj
 0001:0002a16a       ?CM_FindLeaf@@YAPBUCBspLeaf@@ABUCVec3@@H@Z 0042b16a f   cmodel.obj
 0001:0002a219       ?DistanceTo@CPlane@@QBEMABUCVec3@@@Z 0042b219 f i cmodel.obj
 0001:0002a25e       ?GetContents@CBspLeaf@@QBEIABUCVec3@@@Z 0042b25e f   cmodel.obj
 0001:0002a2df       ?CM_PointContents@@YAHABUCVec3@@H@Z 0042b2df f   cmodel.obj
 0001:0002a349       ?CM_TransformedPointContents@@YAHABUCVec3@@H00@Z 0042b349 f   cmodel.obj
 0001:0002a41e       ?CM_TransformedPointContents@@YAHABUCVec3@@H0ABUCAxis@@@Z 0042b41e f   cmodel.obj
 0001:0002a4bd       ?CM_BoxLeafs@@YAHABUCBox@@PAPAUCBspLeaf@@HPAHH@Z 0042b4bd f   cmodel.obj
 0001:0002a5cf       ?BOX_ON_PLANE_SIDE@@YAHABUCBox@@ABUCPlane@@@Z 0042b5cf f i cmodel.obj
 0001:0002a63a       ?CM_BoxTrace@@YAXAAUtrace_t@@ABUCVec3@@1ABUCBox@@HI@Z 0042b63a f   cmodel.obj
 0001:0002a916       ?GetVertex@CBox@@QBEXHAAUCVec3@@@Z 0042b916 f i cmodel.obj
 0001:0002ad90       ?SplitTrace@@YAMABUCVec3@@0ABUCPlane@@AAM2_N@Z 0042bd90 f i cmodel.obj
 0001:0002b23d       ?CM_TransformedBoxTrace@@YAXAAUtrace_t@@ABUCVec3@@1ABUCBox@@HI11@Z 0042c23d f   cmodel.obj
 0001:0002b3b0       ?CM_TransformedBoxTrace@@YAXAAUtrace_t@@ABUCVec3@@1ABUCBox@@HI1ABUCAxis@@@Z 0042c3b0 f   cmodel.obj
 0001:0002b46d       ?CM_CombineTrace@@YA_NAAUtrace_t@@ABU1@@Z 0042c46d f   cmodel.obj
 0001:0002b4ba       ?CM_ClipTraceToModels@@YAXAAUtrace_t@@ABUCVec3@@1ABUCBox@@I@Z 0042c4ba f   cmodel.obj
 0001:0002b5bc       ?CM_PointModelContents@@YAHABUCVec3@@@Z 0042c5bc f   cmodel.obj
 0001:0002b60b       ?CM_BrushTrace@@YAHABUCVec3@@0PAHH@Z 0042c60b f   cmodel.obj
 0001:0002b911       ?CM_RefineBrushTrace@@YAHABUCVec3@@0PAHH@Z 0042c911 f   cmodel.obj
 0001:0002b9b7       ?CM_ClusterPVS@@YAPBEH@Z   0042c9b7 f   cmodel.obj
 0001:0002baef       ?CM_SetAreaPortalState@@YAXH_N@Z 0042caef f   cmodel.obj
 0001:0002bb17       ?CM_AreasConnected@@YA_NHH@Z 0042cb17 f   cmodel.obj
 0001:0002bb5e       ?CM_WriteAreaBits@@YAHPAEH@Z 0042cb5e f   cmodel.obj
 0001:0002bc00       ?CM_WritePortalState@@YAXPAU_iobuf@@@Z 0042cc00 f   cmodel.obj
 0001:0002bc1d       ?CM_ReadPortalState@@YAXPAU_iobuf@@@Z 0042cc1d f   cmodel.obj
 0001:0002bc3f       ?CM_HeadnodeVisible@@YA_NHPBE@Z 0042cc3f f   cmodel.obj
 0001:0002bd1c       ??E?$TStringSplitter@$0EA@$0DL@@@QAEXXZ 0042cd1c f i cmodel.obj
 0001:0002bd7e       ?LoadNodes@@YAXPAUdBsp2Node_t@@H@Z 0042cd7e f i cmodel.obj
 0001:0002be95       ?LoadLeafBrushes@@YAXPAGHPAUdBsp2Leaf_t@@@Z 0042ce95 f i cmodel.obj
 0001:0002bf29       ?LoadSubmodels@@YAXPAUdBsp2Model_t@@H@Z 0042cf29 f i cmodel.obj
 0001:0002bfb1       ?LoadNodes@@YAXPAUdBsp1Node_t@@H@Z 0042cfb1 f i cmodel.obj
 0001:0002c074       ?LoadSubmodels@@YAXPAUdBsp1Model_t@@H@Z 0042d074 f i cmodel.obj
 0001:0002c0fc       ?LoadNodes@@YAXPAUdBsp3Node_t@@H@Z 0042d0fc f i cmodel.obj
 0001:0002c1b1       ?LoadLeafBrushes@@YAXPAIHPAUdBsp3Leaf_t@@@Z 0042d1b1 f i cmodel.obj
 0001:0002c242       ?Com_DPrintf@@YAXPBDZZ     0042d242 f   common.obj
 0001:0002c2bb       ?DebugPrintf@@YAXPBDZZ     0042d2bb f   common.obj
 0001:0002c36a       ?IPWildcard@@YA_NPAUnetadr_t@@PBD@Z 0042d36a f   common.obj
 0001:0002c444       ?Com_ServerState@@YA?AW4server_state_t@@XZ 0042d444 f   common.obj
 0001:0002c44a       ?Com_SetServerState@@YAXW4server_state_t@@@Z 0042d44a f   common.obj
 0001:0002c457       ?crand@@YAMXZ              0042d457 f   common.obj
 0001:0002c475       ?Info_ValueForKey@@YAPBDPBD0@Z 0042d475 f   common.obj
 0001:0002c4f4       ?Info_SetValueForKey@@YAXPADPBD1@Z 0042d4f4 f   common.obj
 0001:0002c62b       ?Info_Print@@YAXPBD@Z      0042d62b f   common.obj
 0001:0002c6b1       ?LerpAngle@@YAMMMM@Z       0042d6b1 f   common.obj
 0001:0002c6f5       ?ReduceAngle@@YAMM@Z       0042d6f5 f   common.obj
 0001:0002c721       ?AngleSubtract@@YAMMM@Z    0042d721 f   common.obj
 0001:0002c75a       ?AnglesSubtract@@YAXABUCVec3@@0AAU1@@Z 0042d75a f   common.obj
 0001:0002c7b3       ?COM_Parse@@YAPADAAPBD_N@Z 0042d7b3 f   common.obj
 0001:0002c8d5       ?COM_QuoteString@@YAPBDPBD_N@Z 0042d8d5 f   common.obj
 0001:0002c932       ?Com_CheckCmdlineVar@@YA_NPBD@Z 0042d932 f   common.obj
 0001:0002c98b       ?Com_Init@@YAXPBD@Z        0042d98b f   common.obj
 0001:0002cd32       ?Com_Frame@@YAXM@Z         0042dd32 f   common.obj
 0001:0002d132       ?Com_BlockSequenceCRCByte@@YAEPAEHH@Z 0042e132 f   crc.obj
 0001:0002d1ea       ?Cvar_VariableValue@@YAMPBD@Z 0042e1ea f   cvar.obj
 0001:0002d261       ?Cvar_VariableInt@@YAHPBD@Z 0042e261 f   cvar.obj
 0001:0002d278       ?Cvar_VariableString@@YAPBDPBD@Z 0042e278 f   cvar.obj
 0001:0002d294       ?Cvar_Get@@YAPAUcvar_t@@PBD0H@Z 0042e294 f   cvar.obj
 0001:0002d561       ?Cvar_GetVars@@YAXPBUcvarInfo_t@@H@Z 0042e561 f   cvar.obj
 0001:0002d60b       ?Cvar_FullSet@@YAXPAUcvar_t@@PBDI@Z 0042e60b f   cvar.obj
 0001:0002d62b       ?Cvar_FullSet@@YAPAUcvar_t@@PBD0I@Z 0042e62b f   cvar.obj
 0001:0002d66b       ?Cvar_SetValue@@YAPAUcvar_t@@PBDM@Z 0042e66b f   cvar.obj
 0001:0002d804       ?Cvar_SetInteger@@YAPAUcvar_t@@PBDH@Z 0042e804 f   cvar.obj
 0001:0002d828       ?Cvar_Set@@YAPAUcvar_t@@PBD0@Z 0042e828 f   cvar.obj
 0001:0002d83f       ?Cvar_ForceSet@@YAPAUcvar_t@@PBD0@Z 0042e83f f   cvar.obj
 0001:0002d856       ?Cvar_Clamp@@YAMPAUcvar_t@@MM@Z 0042e856 f   cvar.obj
 0001:0002d8b4       ?Cvar_Command@@YA_NHPAPAD@Z 0042e8b4 f   cvar.obj
 0001:0002d94f       ?IsDefault@cvar_t@@QAE_NXZ 0042e94f f i cvar.obj
 0001:0002d96c       ?Cvar_WriteVariables@@YAXPAVCOutputDevice@@HHPBD@Z 0042e96c f   cvar.obj
 0001:0002d9f2       ?Cvar_BitInfo@@YAPBDI@Z    0042e9f2 f   cvar.obj
 0001:0002da44       ?Cvar_Cheats@@YAX_N@Z      0042ea44 f   cvar.obj
 0001:0002e2bb       ?MSG_WriteDeltaEntity@@YAXPAVsizebuf_t@@PBUentityStateEx_t@@PAU2@_N33@Z 0042f2bb f   entdelta.obj
 0001:0002e877       ?MSG_WriteRemoveEntity@@YAXPAVsizebuf_t@@H@Z 0042f877 f   entdelta.obj
 0001:0002e8b7       ?MSG_ReadEntityBits@@YAHPAVsizebuf_t@@PAIPA_N@Z 0042f8b7 f   entdelta.obj
 0001:0002e929       ?MSG_ReadDeltaEntity@@YAXPAVsizebuf_t@@PBUentityStateEx_t@@PAU2@I@Z 0042f929 f   entdelta.obj
 0001:0002e9ac       ?MSG_WriteDeltaUsercmd@@YAXPAVsizebuf_t@@PBUusercmd_t@@PAU2@@Z 0042f9ac f   entdelta.obj
 0001:0002ea3b       ?MSG_ReadDeltaUsercmd@@YAXPAVsizebuf_t@@PBUusercmd_t@@PAU2@@Z 0042fa3b f   entdelta.obj
 0001:0002ed3e       ?MSG_WriteDeltaPlayerstate@@YAXPAVsizebuf_t@@PBUplayer_state_t@@PAU2@@Z 0042fd3e f   entdelta.obj
 0001:0002ee47       ?MSG_ReadDeltaPlayerstate@@YAXPAVsizebuf_t@@PBUplayer_state_t@@PAU2@@Z 0042fe47 f   entdelta.obj
 0001:0002ef01       ?ProcessEntstring@@YAPBDPBD@Z 0042ff01 f   EntityParser.obj
 0001:0003062a       ?Inflate@CBox@@QAEXM@Z     0043162a f i EntityParser.obj
 0001:000318ef       ?LoadPCX@@YAPAEPBDAAH1AAPAE@Z 004328ef f   images.obj
 0001:00031a2a       ?LoadTGA@@YAPAEPBDAAH1@Z   00432a2a f   images.obj
 0001:00031cbe       ?LoadJPG@@YAPAEPBDAAH1@Z   00432cbe f   images.obj
 0001:00031f72       ?ImageExists@@YAHPBDH@Z    00432f72 f   images.obj
 0001:00032096       ?WriteTGA@@YA_NPBDPAEHH@Z  00433096 f   images.obj
 0001:0003228a       ?WriteJPG@@YA_NPBDPAEHH_N@Z 0043328a f   images.obj
 0001:000323bb       ??0CBrush@@QAE@ABUCBox@@@Z 004333bb f   MapBrush.obj
 0001:0003250c       ?Split@CBrush@@QAEPAU1@PAUCPlane@@@Z 0043350c f   MapBrush.obj
 0001:00032f5e       ?GetVec@CAllocVertexPool@@QAEPAUCVec3@@ABU2@@Z 00433f5e f i MapBrush.obj
 0001:00032ff2       ?GetBounds@CBrush@@QAEXAAUCBox@@@Z 00433ff2 f   MapBrush.obj
 0001:00033074       ?AddBevels@CBrush@@QAEXP6APAUCPlane@@ABUCVec3@@M@Z@Z 00434074 f   MapBrush.obj
 0001:00033368       ?Negate@CVec3@@QAEXXZ      00434368 f i MapBrush.obj
 0001:00033376       ?MD4Init@@YAXPAUMD4_CTX@@@Z 00434376 f   md4.obj
 0001:0003339e       ?MD4Update@@YAXPAUMD4_CTX@@PAEI@Z 0043439e f   md4.obj
 0001:0003343c       ?MD4Final@@YAXQAEPAUMD4_CTX@@@Z 0043443c f   md4.obj
 0001:00033b2d       ?Com_BlockChecksum@@YAIPAXH@Z 00434b2d f   md4.obj
 0001:00033b69       ?LoadQ2BspFile@@YAXXZ      00434b69 f   model.obj
 0001:00034042       ?LoadQ1BspFile@@YAXXZ      00435042 f   model.obj
 0001:00034362       ?LoadQ3BspFile@@YAXXZ      00435362 f   model.obj
 0001:000345cf       ?LoadBspFile@@YAPAUbspfile_t@@PBD_NPAI@Z 004355cf f   model.obj
 0001:000347d6       ?Init@sizebuf_t@@QAEXPAXH@Z 004357d6 f   msg.obj
 0001:000347f3       ?Write@sizebuf_t@@QAEXPBXH@Z 004357f3 f   msg.obj
 0001:00034865       ?MSG_WriteChar@@YAXPAVsizebuf_t@@H@Z 00435865 f   msg.obj
 0001:00034865       ?MSG_WriteByte@@YAXPAVsizebuf_t@@H@Z 00435865 f   msg.obj
 0001:00034878       ?MSG_WriteShort@@YAXPAVsizebuf_t@@H@Z 00435878 f   msg.obj
 0001:0003488b       ?MSG_WriteLong@@YAXPAVsizebuf_t@@H@Z 0043588b f   msg.obj
 0001:0003489e       ?MSG_WriteFloat@@YAXPAVsizebuf_t@@M@Z 0043589e f   msg.obj
 0001:000348b1       ?MSG_WriteString@@YAXPAVsizebuf_t@@PBD@Z 004358b1 f   msg.obj
 0001:000348db       ?MSG_WritePos@@YAXPAVsizebuf_t@@ABUCVec3@@@Z 004358db f   msg.obj
 0001:0003493f       ?MSG_WriteAngle@@YAXPAVsizebuf_t@@M@Z 0043593f f   msg.obj
 0001:0003496a       ?MSG_WriteAngle16@@YAXPAVsizebuf_t@@M@Z 0043596a f   msg.obj
 0001:00034995       ?MSG_WriteDir@@YAXPAVsizebuf_t@@ABUCVec3@@@Z 00435995 f   msg.obj
 0001:000349fd       ?MSG_ReadDir@@YAXPAVsizebuf_t@@AAUCVec3@@@Z 004359fd f   msg.obj
 0001:00034a30       ?MSG_ReadChar@@YAHPAVsizebuf_t@@@Z 00435a30 f   msg.obj
 0001:00034a53       ?MSG_ReadByte@@YAHPAVsizebuf_t@@@Z 00435a53 f   msg.obj
 0001:00034a7b       ?MSG_ReadShort@@YAHPAVsizebuf_t@@@Z 00435a7b f   msg.obj
 0001:00034aa4       ?MSG_ReadLong@@YAHPAVsizebuf_t@@@Z 00435aa4 f   msg.obj
 0001:00034ac6       ?MSG_ReadString@@YAPADPAVsizebuf_t@@@Z 00435ac6 f   msg.obj
 0001:00034afc       ?MSG_ReadPos@@YAXPAVsizebuf_t@@AAUCVec3@@@Z 00435afc f   msg.obj
 0001:00034b4e       ?MSG_ReadAngle@@YAMPAVsizebuf_t@@@Z 00435b4e f   msg.obj
 0001:00034b68       ?MSG_ReadAngle16@@YAMPAVsizebuf_t@@@Z 00435b68 f   msg.obj
 0001:00034b82       ?MSG_ReadData@@YAXPAVsizebuf_t@@PAXH@Z 00435b82 f   msg.obj
 0001:00034ba5       ?Netchan_Init@@YAXXZ       00435ba5 f   net_chan.obj
 0001:00034c14       ?Netchan_OutOfBandPrint@@YAXW4netsrc_t@@Unetadr_t@@PBDZZ 00435c14 f   net_chan.obj
 0001:00034c99       ?Setup@netchan_t@@QAEXW4netsrc_t@@Unetadr_t@@H@Z 00435c99 f   net_chan.obj
 0001:00034cef       ?NeedReliable@netchan_t@@QAE_NXZ 00435cef f   net_chan.obj
 0001:00034d14       ?Transmit@netchan_t@@QAEXPAXH@Z 00435d14 f   net_chan.obj
 0001:00034eaa       ?Process@netchan_t@@QAE_NPAVsizebuf_t@@@Z 00435eaa f   net_chan.obj
 0001:00034fd7       ?Pmove@@YAXPAUpmove_t@@@Z  00435fd7 f   pmove.obj
 0001:00036c4d       ?FileExists@CQuakeFileSystem@@UAE_NPBDI@Z 00437c4d f i QuakeFileSystem.obj
 0001:00036cb4       ?CheckFilename@CQuakeFileSystem@@AAEXPBD@Z 00437cb4 f i QuakeFileSystem.obj
 0001:00036d53       ?OpenFile@CQuakeFileSystem@@UAEPAVCFile@@PBDI@Z 00437d53 f i QuakeFileSystem.obj
 0001:00036de3       ?List@CQuakeFileSystem@@UAEPAVCFileList@@PBDIPAV2@@Z 00437de3 f i QuakeFileSystem.obj
 0001:00036e75       ??_GCFileSystem@@UAEPAXI@Z 00437e75 f i QuakeFileSystem.obj
 0001:00036e75       ??_GCQuakeFileSystem@@UAEPAXI@Z 00437e75 f i QuakeFileSystem.obj
 0001:00036e75       ??_ECFileSystem@@UAEPAXI@Z 00437e75 f i QuakeFileSystem.obj
 0001:00036e75       ??_ECQuakeFileSystem@@UAEPAXI@Z 00437e75 f i QuakeFileSystem.obj
 0001:00036e95       ?FS_Gamedir@@YAPBDXZ       00437e95 f   QuakeFileSystem.obj
 0001:00036e9b       ?FS_NextPath@@YAPBDPBD@Z   00437e9b f   QuakeFileSystem.obj
 0001:00036edf       ?FS_CopyFile@@YAXPBD0@Z    00437edf f   QuakeFileSystem.obj
 0001:00036fb5       ?FS_CopyFiles@@YAXPBD0@Z   00437fb5 f   QuakeFileSystem.obj
 0001:000370cf       ?FS_RemoveFiles@@YAXPBD@Z  004380cf f   QuakeFileSystem.obj
 0001:0003718a       ?InitFileSystem@@YAXXZ     0043818a f   QuakeFileSystem.obj
 0001:000372be       ?Create@CFileContainerPak@@SAPAVCFileContainer@@PBDPAU_iobuf@@@Z 004382be f i QuakeFileSystem.obj
 0001:00037427       ??0CFileContainerArc@@QAE@XZ 00438427 f i QuakeFileSystem.obj
 0001:0003746e       ??_ECFileContainerArc@@UAEPAXI@Z 0043846e f i QuakeFileSystem.obj
 0001:0003746e       ??_GCFileContainerArc@@UAEPAXI@Z 0043846e f i QuakeFileSystem.obj
 0001:0003749d       ?GetType@CFileContainerPak@@MAEPBDXZ 0043849d f i QuakeFileSystem.obj
 0001:000374a3       ?OpenLocalFile@CFileContainerPak@@MAEPAVCFile@@ABVCStringItem@@@Z 004384a3 f i QuakeFileSystem.obj
 0001:000374f3       ?Read@CFilePak@CFileContainerPak@@UAEHPAXH@Z 004384f3 f i QuakeFileSystem.obj
 0001:0003752d       ?GetSize@CFilePak@CFileContainerPak@@UAEHXZ 0043852d f i QuakeFileSystem.obj
 0001:00037534       ?Eof@CFilePak@CFileContainerPak@@UAE_NXZ 00438534 f i QuakeFileSystem.obj
 0001:00037541       ??_ECFilePak@CFileContainerPak@@UAEPAXI@Z 00438541 f i QuakeFileSystem.obj
 0001:00037541       ??_GCFilePak@CFileContainerPak@@UAEPAXI@Z 00438541 f i QuakeFileSystem.obj
 0001:00037576       ??_GCFileContainerPak@@UAEPAXI@Z 00438576 f i QuakeFileSystem.obj
 0001:00037576       ??_ECFileContainerPak@@UAEPAXI@Z 00438576 f i QuakeFileSystem.obj
 0001:000375a5       ?Create@CFileContainerZip@@SAPAVCFileContainer@@PBDPAU_iobuf@@@Z 004385a5 f i QuakeFileSystem.obj
 0001:000378a4       ?GetType@CFileContainerZip@@MAEPBDXZ 004388a4 f i QuakeFileSystem.obj
 0001:000378aa       ?OpenLocalFile@CFileContainerZip@@MAEPAVCFile@@ABVCStringItem@@@Z 004388aa f i QuakeFileSystem.obj
 0001:00037946       ??0CFilePak@CFileContainerZip@@QAE@ABVCFileInfo@1@PAU_iobuf@@@Z 00438946 f i QuakeFileSystem.obj
 0001:00037998       ?Read@CFilePak@CFileContainerZip@@UAEHPAXH@Z 00438998 f i QuakeFileSystem.obj
 0001:00037ae1       ?GetSize@CFilePak@CFileContainerZip@@UAEHXZ 00438ae1 f i QuakeFileSystem.obj
 0001:00037aeb       ?Eof@CFilePak@CFileContainerZip@@UAE_NXZ 00438aeb f i QuakeFileSystem.obj
 0001:00037afe       ??_ECFilePak@CFileContainerZip@@UAEPAXI@Z 00438afe f i QuakeFileSystem.obj
 0001:00037afe       ??_GCFilePak@CFileContainerZip@@UAEPAXI@Z 00438afe f i QuakeFileSystem.obj
 0001:00037b1d       ??1CFilePak@CFileContainerZip@@UAE@XZ 00438b1d f i QuakeFileSystem.obj
 0001:00037b8c       ??_ECFileContainerZip@@UAEPAXI@Z 00438b8c f i QuakeFileSystem.obj
 0001:00037b8c       ??_GCFileContainerZip@@UAEPAXI@Z 00438b8c f i QuakeFileSystem.obj
 0001:00037bbb       ?Mount@CZResource@@SAPAVCFileContainer@@PBDPBE0PAVCFileSystem@@@Z 00438bbb f i QuakeFileSystem.obj
 0001:00037d67       ?GetType@CZResource@@MAEPBDXZ 00438d67 f i QuakeFileSystem.obj
 0001:00037d6d       ?OpenLocalFile@CZResource@@MAEPAVCFile@@ABVCStringItem@@@Z 00438d6d f i QuakeFileSystem.obj
 0001:00037d9e       ??0CFileRes@CZResource@@QAE@ABVCFileInfo@1@PBXH@Z 00438d9e f i QuakeFileSystem.obj
 0001:00037e51       ?Read@CFileRes@CZResource@@UAEHPAXH@Z 00438e51 f i QuakeFileSystem.obj
 0001:00037ea4       ?GetSize@CFileRes@CZResource@@UAEHXZ 00438ea4 f i QuakeFileSystem.obj
 0001:00037eab       ?Eof@CFileRes@CZResource@@UAE_NXZ 00438eab f i QuakeFileSystem.obj
 0001:00037eb8       ??_ECFileRes@CZResource@@UAEPAXI@Z 00438eb8 f i QuakeFileSystem.obj
 0001:00037eb8       ??_GCFileRes@CZResource@@UAEPAXI@Z 00438eb8 f i QuakeFileSystem.obj
 0001:00037eea       ??_GCZResource@@UAEPAXI@Z  00438eea f i QuakeFileSystem.obj
 0001:00037eea       ??_ECZResource@@UAEPAXI@Z  00438eea f i QuakeFileSystem.obj
 0001:00037f19       ?MountGame@CQuakeFileSystem@@QAEXPBD@Z 00438f19 f i QuakeFileSystem.obj
 0001:00037f64       ?SetGameDir@CQuakeFileSystem@@QAE_NPBD@Z 00438f64 f i QuakeFileSystem.obj
 0001:00038166       ?FS_Tick@@YAXXZ            00439166 f   QuakeFileSystem.obj
 0001:000382b3       ?CDAudio_Play@@YAXH_N@Z    004392b3 f   cd_win.obj
 0001:000384a6       ?CDAudio_Stop@@YAXXZ       004394a6 f   cd_win.obj
 0001:00038567       ?CDAudio_Update@@YAXXZ     00439567 f   cd_win.obj
 0001:0003860a       ?CDAudio_Init@@YA_NXZ      0043960a f   cd_win.obj
 0001:00038a2b       ?CDAudio_Shutdown@@YAXXZ   00439a2b f   cd_win.obj
 0001:00038a4e       ?CDAudio_Activate@@YAX_N@Z 00439a4e f   cd_win.obj
 0001:00038a65       ?IN_Init@@YAXXZ            00439a65 f   in_win.obj
 0001:00038cf2       ?IN_Shutdown@@YAXXZ        00439cf2 f   in_win.obj
 0001:00038f53       ?IN_Activate@@YAX_N@Z      00439f53 f   in_win.obj
 0001:00038f60       ?IN_Frame@@YAXXZ           00439f60 f   in_win.obj
 0001:000392c2       ?IN_Move@@YAXPAUusercmd_t@@@Z 0043a2c2 f   in_win.obj
 0001:0003976d       ?NET_CompareAdr@@YA_NPAUnetadr_t@@0@Z 0043a76d f   net_wins.obj
 0001:000397a8       ?NET_CompareBaseAdr@@YA_NPAUnetadr_t@@0@Z 0043a7a8 f   net_wins.obj
 0001:000397d5       ?NET_AdrToString@@YAPBDPAUnetadr_t@@@Z 0043a7d5 f   net_wins.obj
 0001:0003981b       ?NET_StringToAdr@@YA_NPBDPAUnetadr_t@@F@Z 0043a81b f   net_wins.obj
 0001:00039930       ?NET_IsLocalAddress@@YA_NPAUnetadr_t@@@Z 0043a930 f   net_wins.obj
 0001:0003993f       ?NET_GetPacket@@YA_NW4netsrc_t@@PAUnetadr_t@@PAVsizebuf_t@@@Z 0043a93f f   net_wins.obj
 0001:00039abe       ?NET_SendPacket@@YAXW4netsrc_t@@HPAXUnetadr_t@@@Z 0043aabe f   net_wins.obj
 0001:00039bdc       ?NET_Config@@YAX_N@Z       0043abdc f   net_wins.obj
 0001:00039db7       ?NET_Init@@YAXXZ           0043adb7 f   net_wins.obj
 0001:00039e6a       ?SNDDMA_Init@@YA_NXZ       0043ae6a f   snd_win.obj
 0001:0003a4b5       ?SNDDMA_GetDMAPos@@YAHXZ   0043b4b5 f   snd_win.obj
 0001:0003a4ff       ?SNDDMA_BeginPainting@@YAXXZ 0043b4ff f   snd_win.obj
 0001:0003a61e       ?SNDDMA_Submit@@YAXXZ      0043b61e f   snd_win.obj
 0001:0003a643       ?SNDDMA_Shutdown@@YAXXZ    0043b643 f   snd_win.obj
 0001:0003a648       ?S_Activate@@YAX_N@Z       0043b648 f   snd_win.obj
 0001:0003a69b       ?Write@COutputDeviceWin32Console@@UAEXPBD@Z 0043b69b f i sys_win.obj
 0001:0003a713       ?EraseInput@COutputDeviceWin32Console@@QAEXXZ 0043b713 f i sys_win.obj
 0001:0003a799       ??_GCOutputDeviceWin32Console@@UAEPAXI@Z 0043b799 f i sys_win.obj
 0001:0003a799       ??_ECOutputDeviceWin32Console@@UAEPAXI@Z 0043b799 f i sys_win.obj
 0001:0003a7b9       ?Sys_ConsoleInput@@YAPADXZ 0043b7b9 f   sys_win.obj
 0001:0003aa42       ?Sys_ProcessMessages@@YAXXZ 0043ba42 f   sys_win.obj
 0001:0003aafb       _WinMain@16                0043bafb f   sys_win.obj
 0001:0003ae03       ??_GCOutputDeviceCon@@UAEPAXI@Z 0043be03 f i sys_win.obj
 0001:0003ae03       ??_ECOutputDeviceCon@@UAEPAXI@Z 0043be03 f i sys_win.obj
 0001:0003aeab       ?Init@COutputDeviceWin32Console@@QAEXXZ 0043beab f i sys_win.obj
 0001:0003aed5       ?AddMsgHook@@YAXP6A_NIIJ@Z@Z 0043bed5 f   vid_dll.obj
 0001:0003af1c       ?RemoveMsgHook@@YAXP6A_NIIJ@Z@Z 0043bf1c f   vid_dll.obj
 0001:0003af4f       ?Vid_CreateWindow@@YAPAXHH_N@Z 0043bf4f f   vid_dll.obj
 0001:0003b648       ?Vid_DestroyWindow@@YAX_N@Z 0043c648 f   vid_dll.obj
 0001:0003b687       ?Vid_Restart@@YAXXZ        0043c687 f   vid_dll.obj
 0001:0003b693       ?Vid_GetModeInfo@@YA_NPAH0H@Z 0043c693 f   vid_dll.obj
 0001:0003b6c5       ?Vid_Tick@@YAXXZ           0043c6c5 f   vid_dll.obj
 0001:0003b876       ?Vid_Init@@YAXXZ           0043c876 f   vid_dll.obj
 0001:0003b919       ?Vid_Shutdown@@YAXXZ       0043c919 f   vid_dll.obj
 0001:0003b938       ?BK_FlushShader@OpenGLDrv@@YAXXZ 0043c938 f   gl_backend.obj
 0001:0003e162       ?Tesselate@surfacePlanar_t@OpenGLDrv@@UAEXAAUrefEntity_t@2@@Z 0043f162 f   gl_backend.obj
 0001:0003e2c8       ?Tesselate@surfaceTrisurf_t@OpenGLDrv@@UAEXAAUrefEntity_t@2@@Z 0043f2c8 f   gl_backend.obj
 0001:0003e3d0       ?Tesselate@surfacePoly_t@OpenGLDrv@@UAEXAAUrefEntity_t@2@@Z 0043f3d0 f   gl_backend.obj
 0001:0003e4d7       ?Tesselate@surfaceMd3_t@OpenGLDrv@@UAEXAAUrefEntity_t@2@@Z 0043f4d7 f   gl_backend.obj
 0001:0003ea85       ?DrawBrush@OpenGLDrv@@YAXPBUCBrush@@PBDH@Z 0043fa85 f   gl_backend.obj
 0001:0003eae8       ?Tesselate@surfaceEntity_t@OpenGLDrv@@UAEXAAUrefEntity_t@2@@Z 0043fae8 f   gl_backend.obj
 0001:0003ebcc       ?Tesselate@surfaceParticle_t@OpenGLDrv@@UAEXAAUrefEntity_t@2@@Z 0043fbcc f   gl_backend.obj
 0001:0003ee1c       ?BK_DrawScene@OpenGLDrv@@YAXXZ 0043fe1c f   gl_backend.obj
 0001:0003f670       ?BK_DrawPic@OpenGLDrv@@YAXPAVshader_t@1@HHHHMMMMIE@Z 00440670 f   gl_backend.obj
 0001:0003f851       ?BK_DrawText@OpenGLDrv@@YAXPBDHHHHHI@Z 00440851 f   gl_backend.obj
 0001:0003fa46       ?BK_BeginFrame@OpenGLDrv@@YAXXZ 00440a46 f   gl_backend.obj
 0001:0003faaa       ?BK_EndFrame@OpenGLDrv@@YAXXZ 00440aaa f   gl_backend.obj
 0001:0003faff       ?BK_Init@OpenGLDrv@@YAXXZ  00440aff f   gl_backend.obj
 0001:0003fb2e       ?BK_Shutdown@OpenGLDrv@@YAXXZ 00440b2e f   gl_backend.obj
 0001:0003fb46       ?AllocDynamicMemory@OpenGLDrv@@YAPAXH@Z 00440b46 f   gl_buffers.obj
 0001:0003fbb4       ?ResizeDynamicMemory@OpenGLDrv@@YAXPAXH@Z 00440bb4 f   gl_buffers.obj
 0001:0003fbf8       ?AddSurfaceToPortal@OpenGLDrv@@YAXPAVsurfaceBase_t@1@PAVshader_t@1@HH@Z 00440bf8 f   gl_buffers.obj
 0001:0003fc69       ?InsertShaderIndex@OpenGLDrv@@YAXH@Z 00440c69 f   gl_buffers.obj
 0001:0003fca5       ?ClearPortal@OpenGLDrv@@YAXXZ 00440ca5 f   gl_buffers.obj
 0001:0003fcc3       ?SortSurfaces@OpenGLDrv@@YAXPAUviewPortal_t@1@PAPAUsurfaceInfo_t@1@@Z 00440cc3 f   gl_buffers.obj
 0001:0003fe55       ?ClearBuffers@OpenGLDrv@@YAXXZ 00440e55 f   gl_buffers.obj
 0001:0003fe6c       ?CreateBuffers@OpenGLDrv@@YAXXZ 00440e6c f   gl_buffers.obj
 0001:0003fe92       ?FreeBuffers@OpenGLDrv@@YAXXZ 00440e92 f   gl_buffers.obj
 0001:0003feb6       ?InitEntity@model_t@OpenGLDrv@@UAE_NPAUentity_t@@PAUrefEntity_t@2@@Z 00440eb6 f   gl_frontend.obj
 0001:0003febb       ?AddSurfaces@model_t@OpenGLDrv@@UAEXPAUrefEntity_t@2@@Z 00440ebb f   gl_frontend.obj
 0001:0003feec       ?GetLeaf@model_t@OpenGLDrv@@UAEPBUCBspLeaf@@PAUrefEntity_t@2@@Z 00440eec f   gl_frontend.obj
 0001:0003ff03       ?DrawLabel@model_t@OpenGLDrv@@UAEXPAUrefEntity_t@2@@Z 00440f03 f   gl_frontend.obj
 0001:0003ff06       ?InitEntity@inlineModel_t@OpenGLDrv@@UAE_NPAUentity_t@@PAUrefEntity_t@2@@Z 00440f06 f   gl_frontend.obj
 0001:0003ff73       ?AddSurfaces@inlineModel_t@OpenGLDrv@@UAEXPAUrefEntity_t@2@@Z 00440f73 f   gl_frontend.obj
 0001:000404b0       ?GetLeaf@inlineModel_t@OpenGLDrv@@UAEPBUCBspLeaf@@PAUrefEntity_t@2@@Z 004414b0 f   gl_frontend.obj
 0001:0004065b       ?DrawLabel@inlineModel_t@OpenGLDrv@@UAEXPAUrefEntity_t@2@@Z 0044165b f   gl_frontend.obj
 0001:000406a4       ?InitEntity@md3Model_t@OpenGLDrv@@UAE_NPAUentity_t@@PAUrefEntity_t@2@@Z 004416a4 f   gl_frontend.obj
 0001:00040882       ?AddSurfaces@md3Model_t@OpenGLDrv@@UAEXPAUrefEntity_t@2@@Z 00441882 f   gl_frontend.obj
 0001:000409bc       ?GetLeaf@md3Model_t@OpenGLDrv@@UAEPBUCBspLeaf@@PAUrefEntity_t@2@@Z 004419bc f   gl_frontend.obj
 0001:000409f7       ?DrawLabel@md3Model_t@OpenGLDrv@@UAEXPAUrefEntity_t@2@@Z 004419f7 f   gl_frontend.obj
 0001:00040a60       ?InitEntity@sprModel_t@OpenGLDrv@@UAE_NPAUentity_t@@PAUrefEntity_t@2@@Z 00441a60 f   gl_frontend.obj
 0001:00040a83       ?AddSurfaces@sprModel_t@OpenGLDrv@@UAEXPAUrefEntity_t@2@@Z 00441a83 f   gl_frontend.obj
 0001:00040c01       ?GetLeaf@sprModel_t@OpenGLDrv@@UAEPBUCBspLeaf@@PAUrefEntity_t@2@@Z 00441c01 f   gl_frontend.obj
 0001:00040ce9       ?AddEntity@OpenGLDrv@@YAXPAUentity_t@@@Z 00441ce9 f   gl_frontend.obj
 0001:00040ea2       ?AddDlight@OpenGLDrv@@YAXPAUdlight_t@@@Z 00441ea2 f   gl_frontend.obj
 0001:0004105a       ?DrawPortal@OpenGLDrv@@YAXXZ 0044205a f   gl_frontend.obj
 0001:00043272       ?GL_TextureMode@OpenGLDrv@@YAXPBD@Z 00444272 f   gl_image.obj
 0001:0004331d       ?CreateImage@OpenGLDrv@@YAPAVimage_t@1@PBDPAXHHI@Z 0044431d f   gl_image.obj
 0001:000440cf       ?CreateImage8@OpenGLDrv@@YAPAVimage_t@1@PBDPAXHHIPAI@Z 004450cf f   gl_image.obj
 0001:000441ae       ?LoadDelayedImages@OpenGLDrv@@YAXXZ 004451ae f   gl_image.obj
 0001:00044241       ?DrawStretchRaw8@OpenGLDrv@@YAXHHHHHHPAEPAI@Z 00445241 f   gl_image.obj
 0001:00044574       ?SetupGamma@OpenGLDrv@@YAXXZ 00445574 f   gl_image.obj
 0001:000446ba       ?PerformScreenshot@OpenGLDrv@@YAXXZ 004456ba f   gl_image.obj
 0001:0004492b       ?InitImages@OpenGLDrv@@YAXXZ 0044592b f   gl_image.obj
 0001:00045104       ?ShutdownImages@OpenGLDrv@@YAXXZ 00446104 f   gl_image.obj
 0001:0004516b       ?ShowImages@OpenGLDrv@@YAXXZ 0044616b f   gl_image.obj
 0001:000453f7       ?FindImage@OpenGLDrv@@YAPAVimage_t@1@PBDI@Z 004463f7 f   gl_image.obj
 0001:000457db       ?GetImageColor@OpenGLDrv@@YA_NPBDIPATcolor_t@@@Z 004467db f   gl_image.obj
 0001:0004584c       ?GL_Lock@OpenGLDrv@@YAXXZ  0044684c f   gl_interface.obj
 0001:000458c4       ?GL_Unlock@OpenGLDrv@@YAXXZ 004468c4 f   gl_interface.obj
 0001:00045a86       ?GL_Bind@OpenGLDrv@@YAXPBVimage_t@1@@Z 00446a86 f   gl_interface.obj
 0001:00045c1b       ?GL_BindForce@OpenGLDrv@@YAXPBVimage_t@1@@Z 00446c1b f   gl_interface.obj
 0001:00045cb3       ?GL_TexEnv@OpenGLDrv@@YAXI@Z 00446cb3 f   gl_interface.obj
 0001:00045e32       ?GL_TexMipBias@OpenGLDrv@@YAXM@Z 00446e32 f   gl_interface.obj
 0001:00045e8e       ?GL_TexEnvColor@OpenGLDrv@@YAXPBTcolor_t@@@Z 00446e8e f   gl_interface.obj
 0001:00045f3e       ?GL_SelectTexture@OpenGLDrv@@YAXH@Z 00446f3e f   gl_interface.obj
 0001:00045fa1       ?GL_TexCoordPointer@OpenGLDrv@@YAXPAX@Z 00446fa1 f   gl_interface.obj
 0001:00045fd4       ?GL_SetMultitexture@OpenGLDrv@@YAXH@Z 00446fd4 f   gl_interface.obj
 0001:000460c5       ?GL_DisableTexCoordArrays@OpenGLDrv@@YAXXZ 004470c5 f   gl_interface.obj
 0001:00046119       ?GL_CullFace@OpenGLDrv@@YAXW4gl_cullMode_t@1@@Z 00447119 f   gl_interface.obj
 0001:0004616d       ?GL_DepthRange@OpenGLDrv@@YAXW4gl_depthMode_t@1@@Z 0044716d f   gl_interface.obj
 0001:000461a3       ?GL_State@OpenGLDrv@@YAXI@Z 004471a3 f   gl_interface.obj
 0001:000462f3       ?GL_EnableFog@OpenGLDrv@@YAX_N@Z 004472f3 f   gl_interface.obj
 0001:000463cd       ?GL_SetDefaultState@OpenGLDrv@@YAXXZ 004473cd f   gl_interface.obj
 0001:00046524       ?GL_Set2DMode@OpenGLDrv@@YAXXZ 00447524 f   gl_interface.obj
 0001:00046618       ?GL_Set3DMode@OpenGLDrv@@YAXPAUviewPortal_t@1@@Z 00447618 f   gl_interface.obj
 0001:00046703       ?Show@CPointLight@OpenGLDrv@@UBEXXZ 00447703 f   gl_light.obj
 0001:00046909       ?Show@CSurfLight@OpenGLDrv@@UBEXXZ 00447909 f   gl_light.obj
 0001:00046a69       ?ShowLights@OpenGLDrv@@YAXXZ 00447a69 f   gl_light.obj
 0001:00046ad8       ?Init@CPointLight@OpenGLDrv@@UAEXXZ 00447ad8 f   gl_light.obj
 0001:00046af0       ?Init@CLightLinear@OpenGLDrv@@EAEXXZ 00447af0 f   gl_light.obj
 0001:00046b24       ?GetScale@CLightLinear@OpenGLDrv@@EBEMM@Z 00447b24 f   gl_light.obj
 0001:00046b34       ?Init@CLightInv@OpenGLDrv@@EAEXXZ 00447b34 f   gl_light.obj
 0001:00046b50       ?GetScale@CLightInv@OpenGLDrv@@EBEMM@Z 00447b50 f   gl_light.obj
 0001:00046b6c       ?Init@CLightInv2@OpenGLDrv@@EAEXXZ 00447b6c f   gl_light.obj
 0001:00046bd5       ?GetScale@CLightInv2@OpenGLDrv@@EBEMM@Z 00447bd5 f   gl_light.obj
 0001:00046bf7       ?Init@CLightNofade@OpenGLDrv@@EAEXXZ 00447bf7 f   gl_light.obj
 0001:00046c08       ?GetScale@CLightNofade@OpenGLDrv@@EBEMM@Z 00447c08 f   gl_light.obj
 0001:00046c0e       ?Add@CPointLight@OpenGLDrv@@UBEXABUCVec3@@ABUCAxis@@@Z 00447c0e f   gl_light.obj
 0001:0004705a       ?Init@CSurfLight@OpenGLDrv@@UAEXXZ 0044805a f   gl_light.obj
 0001:00047135       ?Add@CSurfLight@OpenGLDrv@@UBEXABUCVec3@@ABUCAxis@@@Z 00448135 f   gl_light.obj
 0001:00047556       ?Init@CSunLight@OpenGLDrv@@UAEXXZ 00448556 f   gl_light.obj
 0001:00047603       ?Add@CSunLight@OpenGLDrv@@UBEXABUCVec3@@ABUCAxis@@@Z 00448603 f   gl_light.obj
 0001:000476c9       ?LightForEntity@OpenGLDrv@@YAXPAUrefEntity_t@1@@Z 004486c9 f   gl_light.obj
 0001:00047fa4       ?DiffuseLight@OpenGLDrv@@YAXPATcolor_t@@M@Z 00448fa4 f   gl_light.obj
 0001:000481f0       ?InitLightGrid@OpenGLDrv@@YAXXZ 004491f0 f   gl_light.obj
 0001:00048296       ?PostLoadLights@OpenGLDrv@@YAXXZ 00449296 f   gl_light.obj
 0001:0004837f       ?LM_Init@OpenGLDrv@@YAXXZ  0044937f f   gl_lightmap.obj
 0001:00048395       ?LM_Flush@OpenGLDrv@@YAXPAUlightmapBlock_t@1@@Z 00449395 f   gl_lightmap.obj
 0001:000483f5       ?LM_Done@OpenGLDrv@@YAXXZ  004493f5 f   gl_lightmap.obj
 0001:0004841c       ?LM_Save@OpenGLDrv@@YAXPAUlightmapBlock_t@1@@Z 0044941c f   gl_lightmap.obj
 0001:00048437       ?LM_Restore@OpenGLDrv@@YAXPAUlightmapBlock_t@1@@Z 00449437 f   gl_lightmap.obj
 0001:00048452       ?LM_NewBlock@OpenGLDrv@@YAPAUlightmapBlock_t@1@XZ 00449452 f   gl_lightmap.obj
 0001:000484b1       ?LM_Rewind@OpenGLDrv@@YAXXZ 004494b1 f   gl_lightmap.obj
 0001:000484b9       ?LM_NextBlock@OpenGLDrv@@YAPAUlightmapBlock_t@1@XZ 004494b9 f   gl_lightmap.obj
 0001:000484e6       ?LM_CheckMinlight@OpenGLDrv@@YAXPAUdynamicLightmap_t@1@@Z 004494e6 f   gl_lightmap.obj
 0001:0004857c       ?LM_AllocBlock@OpenGLDrv@@YA_NPAUlightmapBlock_t@1@PAUdynamicLightmap_t@1@@Z 0044957c f   gl_lightmap.obj
 0001:000486a2       ?LM_Copy@OpenGLDrv@@YAXPAE0H@Z 004496a2 f   gl_lightmap.obj
 0001:00048a1b       ?LM_PutBlock@OpenGLDrv@@YAXPAUdynamicLightmap_t@1@@Z 00449a1b f   gl_lightmap.obj
 0001:00048b32       ?LM_PutBlock1@OpenGLDrv@@YAXPAUdynamicLightmap_t@1@@Z 00449b32 f   gl_lightmap.obj
 0001:00048c83       ?LM_SortLightStyles@OpenGLDrv@@YAXPAUdynamicLightmap_t@1@@Z 00449c83 f   gl_lightmap.obj
 0001:00048d15       ?UpdateDynamicLightmap@OpenGLDrv@@YAXPAVsurfacePlanar_t@1@_NI@Z 00449d15 f   gl_lightmap.obj
 0001:00049555       ?LM_IsMonotone@OpenGLDrv@@YA_NPAUdynamicLightmap_t@1@PATcolor_t@@@Z 0044a555 f   gl_lightmap.obj
 0001:0004965c       ?Init@OpenGLDrv@@YA_NXZ    0044a65c f   gl_main.obj
 0001:00049d4c       ?Shutdown@OpenGLDrv@@YAX_N@Z 0044ad4c f   gl_main.obj
 0001:00049dd5       ?GL_EnableRendering@OpenGLDrv@@YAX_N@Z 0044add5 f   gl_main.obj
 0001:00049df3       ?BeginFrame@OpenGLDrv@@YAXN@Z 0044adf3 f   gl_main.obj
 0001:00049f20       ?EndFrame@OpenGLDrv@@YAXXZ 0044af20 f   gl_main.obj
 0001:00049f38       ?RenderFrame@OpenGLDrv@@YAXPAUrefdef_t@@@Z 0044af38 f   gl_main.obj
 0001:0004a47e       ?Zero@FDrawStats@OpenGLDrv@@QAEXXZ 0044b47e f i gl_main.obj
 0001:0004a88f       ?Fill8@OpenGLDrv@@YAXHHHHH@Z 0044b88f f   gl_main.obj
 0001:0004a8d2       ?Fill@OpenGLDrv@@YAXHHHHI@Z 0044b8d2 f   gl_main.obj
 0001:0004a90e       ?TileClear@OpenGLDrv@@YAXHHHHPBD@Z 0044b90e f   gl_main.obj
 0001:0004a9af       ?DrawStretchPic@OpenGLDrv@@YAXHHHHPBD@Z 0044b9af f   gl_main.obj
 0001:0004a9f4       ?DrawDetailedPic@OpenGLDrv@@YAXHHHHPBD@Z 0044b9f4 f   gl_main.obj
 0001:0004aa9e       ?DrawPic@OpenGLDrv@@YAXHHPBDHH@Z 0044ba9e f   gl_main.obj
 0001:0004ab26       ?LoadNewWorld@OpenGLDrv@@YAXXZ 0044bb26 f   gl_main.obj
 0001:0004ab46       ?DumpLoadStats@OpenGLDrv@@YAXXZ 0044bb46 f   gl_main.obj
 0001:0004abcc       ?FinishLoadingWorld@OpenGLDrv@@YAXXZ 0044bbcc f   gl_main.obj
 0001:0004abd1       ?RegisterPic@OpenGLDrv@@YAPAVCBasicImage@@PBD@Z 0044bbd1 f   gl_main.obj
 0001:0004abe5       ?RegisterSkin@OpenGLDrv@@YAPAVCBasicImage@@PBD_N@Z 0044bbe5 f   gl_main.obj
 0001:0004ac05       ?RegisterModel@OpenGLDrv@@YAPAVCRenderModel@@PBD@Z 0044bc05 f   gl_main.obj
 0001:0004ac13       ?SetSky@OpenGLDrv@@YAXPBDMABUCVec3@@@Z 0044bc13 f   gl_main.obj
 0001:0004ad1b       ?Screenshot@OpenGLDrv@@YAXHPBD@Z 0044bd1b f   gl_main.obj
 0001:0004ad43       ?GetClientLight@OpenGLDrv@@YAMXZ 0044bd43 f   gl_main.obj
 0001:0004ad4a       ?InitFuncTables@OpenGLDrv@@YAXXZ 0044bd4a f   gl_math.obj
 0001:0004ae4e       ?BuildRotationAxis@OpenGLDrv@@YAXAAUCAxis@@ABUCVec3@@M@Z 0044be4e f   gl_math.obj
 0001:0004af45       ?GetBoxRect@OpenGLDrv@@YA_NPBUrefEntity_t@1@ABUCVec3@@QAM2_N@Z 0044bf45 f   gl_math.obj
 0001:0004b24f       ?ProjectToScreen@OpenGLDrv@@YA_NABUCVec3@@QAH@Z 0044c24f f   gl_math.obj
 0001:0004b392       ?SaturateColor3f@OpenGLDrv@@YAXAAUCVec3@@@Z 0044c392 f   gl_math.obj
 0001:0004b482       ?SaturateColor4b@OpenGLDrv@@YAXPATcolor_t@@@Z 0044c482 f   gl_math.obj
 0001:0004b590       ?SubdividePlane@OpenGLDrv@@YAHPAPAUCVec3@@HM@Z 0044c590 f   gl_poly.obj
 0001:0004ba6f       ?FreeSubdividedPlane@OpenGLDrv@@YAXXZ 0044ca6f f   gl_poly.obj
 0001:0004ba87       ?GetSubdivideIndexes@OpenGLDrv@@YAXPAH@Z 0044ca87 f   gl_poly.obj
 0001:0004badd       ?RemoveCollinearPoints@OpenGLDrv@@YAHPAPAUCVec3@@H@Z 0044cadd f   gl_poly.obj
 0001:0004bbd3       ?InitShaders@OpenGLDrv@@YAXXZ 0044cbd3 f   gl_shader.obj
 0001:0004bd71       ?ShutdownShaders@OpenGLDrv@@YAXXZ 0044cd71 f   gl_shader.obj
 0001:0004bdaf       ?GetLightmapImage@OpenGLDrv@@YAPAVimage_t@1@H@Z 0044cdaf f   gl_shader.obj
 0001:0004bdda       ?SetShaderLightmap@OpenGLDrv@@YAPAVshader_t@1@PAV21@H@Z 0044cdda f   gl_shader.obj
 0001:0004c1ae       ??4shader_t@OpenGLDrv@@QAEAAV01@ABV01@@Z 0044d1ae f i gl_shader.obj
 0001:0004c478       ?SetShaderLightstyles@OpenGLDrv@@YAPAVshader_t@1@PAV21@I_N@Z 0044d478 f   gl_shader.obj
 0001:0004c52a       ?GetAlphaShader@OpenGLDrv@@YAPAVshader_t@1@PAV21@@Z 0044d52a f   gl_shader.obj
 0001:0004ca11       ?SetShaderAnimFreq@OpenGLDrv@@YAXPAVshader_t@1@H@Z 0044da11 f   gl_shader.obj
 0001:0004ca67       ?FindShader@OpenGLDrv@@YAPAVshader_t@1@PBDI@Z 0044da67 f   gl_shader.obj
 0001:0004e71b       ?GetShaderByNum@OpenGLDrv@@YAPAVshader_t@1@H@Z 0044f71b f   gl_shader.obj
 0001:0004e73d       ?ResetShaders@OpenGLDrv@@YAXXZ 0044f73d f   gl_shader.obj
 0001:0004e972       ?Reload@shader_t@OpenGLDrv@@UAEXXZ 0044f972 f   gl_shader.obj
 0001:0004e9a1       ?ClearSky@OpenGLDrv@@YAXXZ 0044f9a1 f   gl_sky.obj
 0001:0004e9fe       ?AddToSky@surfaceBase_t@OpenGLDrv@@UAEX_N@Z 0044f9fe f   gl_sky.obj
 0001:0004ea12       ?AddToSky@surfacePlanar_t@OpenGLDrv@@UAEX_N@Z 0044fa12 f   gl_sky.obj
 0001:0004f245       ?AddToSky@surfaceTrisurf_t@OpenGLDrv@@UAEX_N@Z 00450245 f   gl_sky.obj
 0001:0004f28a       ?DrawSky@OpenGLDrv@@YAXXZ  0045028a f   gl_sky.obj
 0001:0004fa7b       ?DrawChar@OpenGLDrv@@YAXHHHH@Z 00450a7b f   gl_text.obj
 0001:0004fad5       ?ClearTexts@OpenGLDrv@@YAXXZ 00450ad5 f   gl_text.obj
 0001:0004faea       ?FlushTexts@OpenGLDrv@@YAXXZ 00450aea f   gl_text.obj
 0001:0004fb96       ?DrawTextPos@OpenGLDrv@@YAXHHPBDI@Z 00450b96 f   gl_text.obj
 0001:0004fbc2       ?DrawTextLeft@OpenGLDrv@@YAXPBDI@Z 00450bc2 f   gl_text.obj
 0001:0004fc4a       ?DrawTextRight@OpenGLDrv@@YAXPBDI@Z 00450c4a f   gl_text.obj
 0001:0004fc94       ?DrawText3D@OpenGLDrv@@YAXABUCVec3@@PBDI@Z 00450c94 f   gl_text.obj
 0001:0004fcc1       ?InitTexts@OpenGLDrv@@YAXXZ 00450cc1 f   gl_text.obj
 0001:0004fcdb       ??0?$TTextContainer@UCRText@OpenGLDrv@@$0BAAAA@@@QAE@XZ 00450cdb f i gl_text.obj
 0001:0004fd00       ?FindModel@OpenGLDrv@@YAPAVmodel_t@1@PBD@Z 00450d00 f   gl_model.obj
 0001:0004fef0       ?FreeModels@OpenGLDrv@@YAXXZ 00450ef0 f   gl_model.obj
 0001:0004ff62       ?InitModels@OpenGLDrv@@YAXXZ 00450f62 f   gl_model.obj
 0001:00050058       ?ShutdownModels@OpenGLDrv@@YAXXZ 00451058 f   gl_model.obj
 0001:00050080       ?LoadWorldMap@OpenGLDrv@@YAXXZ 00451080 f   gl_bspmodel.obj
 0001:000504e3       ?GetName@CLightLinear@OpenGLDrv@@EBEPBDXZ 004514e3 f i gl_bspmodel.obj
 0001:000504e9       ?GetName@CLightInv@OpenGLDrv@@EBEPBDXZ 004514e9 f i gl_bspmodel.obj
 0001:000504ef       ?GetName@CLightInv2@OpenGLDrv@@EBEPBDXZ 004514ef f i gl_bspmodel.obj
 0001:000504f5       ?GetName@CLightNofade@OpenGLDrv@@EBEPBDXZ 004514f5 f i gl_bspmodel.obj
[...]
 0001:000657fa       _noscale                   004667fa f   libs-vc-win32:jcscale.obj
 0001:000652a3       _start_pass                004662a3 f   libs-vc-win32:jcpred.obj
 0001:000652fb       _reset_predictor           004662fb f   libs-vc-win32:jcpred.obj
 0001:00065328       _jpeg_difference_first_row 00466328 f   libs-vc-win32:jcpred.obj
 0001:00065412       _jpeg_difference1          00466412 f   libs-vc-win32:jcpred.obj
 0001:00065480       _jpeg_difference2          00466480 f   libs-vc-win32:jcpred.obj
 0001:000654f1       _jpeg_difference3          004664f1 f   libs-vc-win32:jcpred.obj
 0001:00065569       _jpeg_difference4          00466569 f   libs-vc-win32:jcpred.obj
 0001:000655f4       _jpeg_difference5          004665f4 f   libs-vc-win32:jcpred.obj
 0001:00065687       _jpeg_difference6          00466687 f   libs-vc-win32:jcpred.obj
 0001:00065716       _jpeg_difference7          00466716 f   libs-vc-win32:jcpred.obj
 0001:00064b92       _start_pass_huff           00465b92 f   libs-vc-win32:jclhuff.obj
 0001:00064d2f       _encode_mcus_huff          00465d2f f   libs-vc-win32:jclhuff.obj
 0001:00064f1a       _emit_bits                 00465f1a f   libs-vc-win32:jclhuff.obj
 0001:00064fbd       _dump_buffer               00465fbd f   libs-vc-win32:jclhuff.obj
 0001:00064fe1       _emit_restart              00465fe1 f   libs-vc-win32:jclhuff.obj
 0001:0006502c       _flush_bits                0046602c f   libs-vc-win32:jclhuff.obj
 0001:00065050       _finish_pass_huff          00466050 f   libs-vc-win32:jclhuff.obj
 0001:000650bd       _encode_mcus_gather        004660bd f   libs-vc-win32:jclhuff.obj
 0001:000651e6       _finish_pass_gather        004661e6 f   libs-vc-win32:jclhuff.obj
 0001:0006527c       _need_optimization_pass    0046627c f   libs-vc-win32:jclhuff.obj
 0001:000647b2       _start_pass_diff           004657b2 f   libs-vc-win32:jcdiffct.obj
 0001:00062abb       _start_iMCU_row            00463abb f   libs-vc-win32:jccoefct.obj
 0001:00064850       _compress_data             00465850 f   libs-vc-win32:jcdiffct.obj
 0001:000649e6       _compress_first_pass       004659e6 f   libs-vc-win32:jcdiffct.obj
 0001:00064adb       _compress_output           00465adb f   libs-vc-win32:jcdiffct.obj
 0001:000643c5       _start_pass_fdctmgr        004653c5 f   libs-vc-win32:jcdctmgr.obj
 0001:000644c7       _forward_DCT_float         004654c7 f   libs-vc-win32:jcdctmgr.obj
 0001:000638fa       _start_pass_phuff          004648fa f   libs-vc-win32:jcphuff.obj
 0001:00063a67       _encode_mcu_DC_first       00464a67 f   libs-vc-win32:jcphuff.obj
 0001:00063b99       _emit_bits                 00464b99 f   libs-vc-win32:jcphuff.obj
 0001:00063c44       _dump_buffer               00464c44 f   libs-vc-win32:jcphuff.obj
 0001:00063c7c       _emit_symbol               00464c7c f   libs-vc-win32:jcphuff.obj
 0001:00063cbc       _emit_restart              00464cbc f   libs-vc-win32:jcphuff.obj
 0001:00063d45       _emit_eobrun               00464d45 f   libs-vc-win32:jcphuff.obj
 0001:00063dcb       _encode_mcu_AC_first       00464dcb f   libs-vc-win32:jcphuff.obj
 0001:00063f5f       _encode_mcu_DC_refine      00464f5f f   libs-vc-win32:jcphuff.obj
 0001:00064019       _encode_mcu_AC_refine      00465019 f   libs-vc-win32:jcphuff.obj
 0001:00064230       _finish_pass_phuff         00465230 f   libs-vc-win32:jcphuff.obj
 0001:0006427f       _finish_pass_gather_phuff  0046527f f   libs-vc-win32:jcphuff.obj
 0001:00064342       _need_optimization_pass    00465342 f   libs-vc-win32:jcphuff.obj
 0001:00063095       _start_pass_huff           00464095 f   libs-vc-win32:jcshuff.obj
 0001:0006320a       _encode_mcu_huff           0046420a f   libs-vc-win32:jcshuff.obj
 0001:00063315       _encode_one_block          00464315 f   libs-vc-win32:jcshuff.obj
 0001:0006348c       _emit_bits                 0046448c f   libs-vc-win32:jcshuff.obj
 0001:0006352f       _dump_buffer               0046452f f   libs-vc-win32:jcshuff.obj
 0001:00063553       _emit_restart              00464553 f   libs-vc-win32:jcshuff.obj
 0001:000635c0       _flush_bits                004645c0 f   libs-vc-win32:jcshuff.obj
 0001:000635e4       _finish_pass_huff          004645e4 f   libs-vc-win32:jcshuff.obj
 0001:00063653       _encode_mcu_gather         00464653 f   libs-vc-win32:jcshuff.obj
 0001:00063709       _htest_one_block           00464709 f   libs-vc-win32:jcshuff.obj
 0001:000637d0       _finish_pass_gather        004647d0 f   libs-vc-win32:jcshuff.obj
 0001:0006527c       _need_optimization_pass    0046627c f   libs-vc-win32:jclhuff.obj
 0001:00062a26       _start_pass_coef           00463a26 f   libs-vc-win32:jccoefct.obj
 0001:00062abb       _start_iMCU_row            00463abb f   libs-vc-win32:jccoefct.obj
 0001:00062afd       _compress_data             00463afd f   libs-vc-win32:jccoefct.obj
 0001:00062ce4       _compress_first_pass       00463ce4 f   libs-vc-win32:jccoefct.obj
 0001:00062eca       _compress_output           00463eca f   libs-vc-win32:jccoefct.obj
 0001:0006293e       _calc_output_dimensions    0046393e f   libs-vc-win32:jdlossls.obj
 0001:0006294f       _start_input_pass          0046394f f   libs-vc-win32:jdlossls.obj
 0001:0006267d       _calc_output_dimensions    0046367d f   libs-vc-win32:jdlossy.obj
 0001:000627f0       _start_input_pass          004637f0 f   libs-vc-win32:jdlossy.obj
 0001:00062810       _latch_quant_tables        00463810 f   libs-vc-win32:jdlossy.obj
 0001:000628a8       _start_output_pass         004638a8 f   libs-vc-win32:jdlossy.obj
 0001:000625cc       _start_pass                004635cc f   libs-vc-win32:jclossls.obj
 0001:00062538       _start_pass                00463538 f   libs-vc-win32:jclossy.obj
 0001:00061a8d       _initial_setup             00462a8d f   libs-vc-win32:jcmaster.obj
 0001:00061c40       _validate_script           00462c40 f   libs-vc-win32:jcmaster.obj
 0001:00062018       _prepare_for_pass          00463018 f   libs-vc-win32:jcmaster.obj
 0001:00062190       _select_scan_parameters    00463190 f   libs-vc-win32:jcmaster.obj
 0001:00062291       _per_scan_setup            00463291 f   libs-vc-win32:jcmaster.obj
 0001:0006243c       _pass_startup              0046343c f   libs-vc-win32:jcmaster.obj
 0001:00062463       _finish_pass_master        00463463 f   libs-vc-win32:jcmaster.obj
 0001:00061579       _rgb_ycc_start             00462579 f   libs-vc-win32:jccolor.obj
 0001:0006163d       _rgb_ycc_convert           0046263d f   libs-vc-win32:jccolor.obj
 0001:0006173c       _rgb_gray_convert          0046273c f   libs-vc-win32:jccolor.obj
 0001:000617c1       _cmyk_ycck_convert         004627c1 f   libs-vc-win32:jccolor.obj
 0001:000618f9       _grayscale_convert         004628f9 f   libs-vc-win32:jccolor.obj
 0001:00061953       _null_convert              00462953 f   libs-vc-win32:jccolor.obj
 0001:00031efc       _null_method               00432efc f   images.obj
 0001:00031efc       _start_pass_downsample     00432efc f   images.obj
 0001:00060cc5       _sep_downsample            00461cc5 f   libs-vc-win32:jcsample.obj
 0001:00060d3a       _int_downsample            00461d3a f   libs-vc-win32:jcsample.obj
 0001:00060e32       _expand_right_edge         00461e32 f   libs-vc-win32:jcsample.obj
 0001:00060e87       _fullsize_downsample       00461e87 f   libs-vc-win32:jcsample.obj
 0001:00060ecb       _h2v1_downsample           00461ecb f   libs-vc-win32:jcsample.obj
 0001:00060f5f       _h2v2_downsample           00461f5f f   libs-vc-win32:jcsample.obj
 0001:0006100c       _h2v2_smooth_downsample    0046200c f   libs-vc-win32:jcsample.obj
 0001:00061284       _fullsize_smooth_downsample 00462284 f   libs-vc-win32:jcsample.obj
 0001:000606c1       _start_pass_prep           004616c1 f   libs-vc-win32:jcprepct.obj
 0001:000606ff       _pre_process_data          004616ff f   libs-vc-win32:jcprepct.obj
 0001:000608ad       _pre_process_context       004618ad f   libs-vc-win32:jcprepct.obj
 0001:00060a66       _create_context_buffer     00461a66 f   libs-vc-win32:jcprepct.obj
 0001:00060539       _start_pass_main           00461539 f   libs-vc-win32:jcmainct.obj
 0001:0006057b       _process_data_simple_main  0046157b f   libs-vc-win32:jcmainct.obj
 0001:0005fb0f       _create_colormap           00460b0f f   libs-vc-win32:jquant1.obj
 0001:0005fc41       _select_ncolors            00460c41 f   libs-vc-win32:jquant1.obj
 0001:0005fd18       _create_colorindex         00460d18 f   libs-vc-win32:jquant1.obj
 0001:0005fe44       _alloc_fs_workspace        00460e44 f   libs-vc-win32:jquant1.obj
 0001:0005fe80       _start_pass_1_quant        00460e80 f   libs-vc-win32:jquant1.obj
 0001:0005ff4c       _create_odither_tables     00460f4c f   libs-vc-win32:jquant1.obj
 0001:0005ffab       _make_odither_array        00460fab f   libs-vc-win32:jquant1.obj
 0001:0006000e       _color_quantize            0046100e f   libs-vc-win32:jquant1.obj
 0001:00060099       _color_quantize3           00461099 f   libs-vc-win32:jquant1.obj
 0001:00060127       _quantize_ord_dither       00461127 f   libs-vc-win32:jquant1.obj
 0001:00060212       _quantize3_ord_dither      00461212 f   libs-vc-win32:jquant1.obj
 0001:00060312       _quantize_fs_dither        00461312 f   libs-vc-win32:jquant1.obj
 0001:00031efc       _finish_pass_1_quant       00432efc f   images.obj
 0001:00060496       _new_color_map_1_quant     00461496 f   libs-vc-win32:jquant1.obj
 0001:0005ead0       _init_error_limit          0045fad0 f   libs-vc-win32:jquant2.obj
 0001:0005eb6f       _start_pass_2_quant        0045fb6f f   libs-vc-win32:jquant2.obj
 0001:0005ec71       _prescan_quantize          0045fc71 f   libs-vc-win32:jquant2.obj
 0001:0005ece0       _pass2_no_dither           0045fce0 f   libs-vc-win32:jquant2.obj
 0001:0005ed8d       _fill_inverse_cmap         0045fd8d f   libs-vc-win32:jquant2.obj
 0001:0005ee58       _find_nearby_colors        0045fe58 f   libs-vc-win32:jquant2.obj
 0001:0005effc       _find_best_colors          0045fffc f   libs-vc-win32:jquant2.obj
 0001:0005f116       _pass2_fs_dither           00460116 f   libs-vc-win32:jquant2.obj
 0001:0005f385       _finish_pass1              00460385 f   libs-vc-win32:jquant2.obj
 0001:0005f3a7       _select_colors             004603a7 f   libs-vc-win32:jquant2.obj
 0001:0005f433       _update_box                00460433 f   libs-vc-win32:jquant2.obj
 0001:0005f7cd       _median_cut                004607cd f   libs-vc-win32:jquant2.obj
 0001:0005f8e1       _find_biggest_color_pop    004608e1 f   libs-vc-win32:jquant2.obj
 0001:0005f910       _find_biggest_volume       00460910 f   libs-vc-win32:jquant2.obj
 0001:0005f939       _compute_color             00460939 f   libs-vc-win32:jquant2.obj
 0001:00031efc       _finish_pass2              00432efc f   images.obj
 0001:0005fa75       _new_color_map_2_quant     00460a75 f   libs-vc-win32:jquant2.obj
 0001:0005e4e7       _build_ycc_rgb_table       0045f4e7 f   libs-vc-win32:jdmerge.obj
 0001:0005e597       _start_pass_merged_upsample 0045f597 f   libs-vc-win32:jdmerge.obj
 0001:0005e5ac       _merged_2v_upsample        0045f5ac f   libs-vc-win32:jdmerge.obj
 0001:0005e653       _merged_1v_upsample        0045f653 f   libs-vc-win32:jdmerge.obj
 0001:0005e684       _h2v1_merged_upsample      0045f684 f   libs-vc-win32:jdmerge.obj
 0001:0005e7da       _h2v2_merged_upsample      0045f7da f   libs-vc-win32:jdmerge.obj
 0001:0005e08b       _build_ycc_rgb_table       0045f08b f   libs-vc-win32:jdcolor.obj
 0001:0005e13b       _ycc_rgb_convert           0045f13b f   libs-vc-win32:jdcolor.obj
 0001:0005e249       _null_convert              0045f249 f   libs-vc-win32:jdcolor.obj
 0001:0005e2c1       _grayscale_convert         0045f2c1 f   libs-vc-win32:jdcolor.obj
 0001:0005e2e4       _gray_rgb_convert          0045f2e4 f   libs-vc-win32:jdcolor.obj
 0001:0005e33d       _ycck_cmyk_convert         0045f33d f   libs-vc-win32:jdcolor.obj
 0001:00031efc       _start_pass_dcolor         00432efc f   images.obj
 0001:0005daec       _start_pass_upsample       0045eaec f   libs-vc-win32:jdsample.obj
 0001:0005db06       _sep_upsample              0045eb06 f   libs-vc-win32:jdsample.obj
 0001:0005dbd3       _fullsize_upsample         0045ebd3 f   libs-vc-win32:jdsample.obj
 0001:0005dbde       _noop_upsample             0045ebde f   libs-vc-win32:jdsample.obj
 0001:0005dbe6       _int_upsample              0045ebe6 f   libs-vc-win32:jdsample.obj
 0001:0005dcd0       _h2v1_upsample             0045ecd0 f   libs-vc-win32:jdsample.obj
 0001:0005dd27       _h2v2_upsample             0045ed27 f   libs-vc-win32:jdsample.obj
 0001:0005dd99       _h2v1_fancy_upsample       0045ed99 f   libs-vc-win32:jdsample.obj
 0001:0005de3c       _h2v2_fancy_upsample       0045ee3c f   libs-vc-win32:jdsample.obj
 0001:0005d6f5       _start_pass_dpost          0045e6f5 f   libs-vc-win32:jdpostct.obj
 0001:0005d79b       _post_process_1pass        0045e79b f   libs-vc-win32:jdpostct.obj
 0001:0005d800       _post_process_prepass      0045e800 f   libs-vc-win32:jdpostct.obj
 0001:0005d891       _post_process_2pass        0045e891 f   libs-vc-win32:jdpostct.obj
 0001:0005d0fc       _alloc_funny_pointers      0045e0fc f   libs-vc-win32:jdmainct.obj
 0001:0005d1a9       _start_pass_main           0045e1a9 f   libs-vc-win32:jdmainct.obj
 0001:0005d211       _make_funny_pointers       0045e211 f   libs-vc-win32:jdmainct.obj
 0001:0005d351       _process_data_simple_main  0045e351 f   libs-vc-win32:jdmainct.obj
 0001:0005d3b9       _process_data_context_main 0045e3b9 f   libs-vc-win32:jdmainct.obj
 0001:0005d4cb       _set_wraparound_pointers   0045e4cb f   libs-vc-win32:jdmainct.obj
 0001:0005d5b5       _set_bottom_pointers       0045e5b5 f   libs-vc-win32:jdmainct.obj
 0001:0005d64f       _process_data_crank_post   0045e64f f   libs-vc-win32:jdmainct.obj
 0001:0005be25       _write_marker_header       0045ce25 f   libs-vc-win32:jcmarker.obj
 0001:0005be7b       _emit_byte                 0045ce7b f   libs-vc-win32:jcmarker.obj
 0001:0005beac       _write_marker_byte         0045ceac f   libs-vc-win32:jcmarker.obj
 0001:0005bebc       _write_file_header         0045cebc f   libs-vc-win32:jcmarker.obj
 0001:0005bf08       _emit_jfif_app0            0045cf08 f   libs-vc-win32:jcmarker.obj
 0001:0005bfdb       _emit_adobe_app14          0045cfdb f   libs-vc-win32:jcmarker.obj
 0001:0005c081       _write_frame_header        0045d081 f   libs-vc-win32:jcmarker.obj
 0001:0005c160       _emit_dqt                  0045d160 f   libs-vc-win32:jcmarker.obj
 0001:0005c24f       _emit_sof                  0045d24f f   libs-vc-win32:jcmarker.obj
 0001:0005c32b       _write_scan_header         0045d32b f   libs-vc-win32:jcmarker.obj
 0001:0005c3eb       _emit_dht                  0045d3eb f   libs-vc-win32:jcmarker.obj
 0001:0005c4c4       _emit_dri                  0045d4c4 f   libs-vc-win32:jcmarker.obj
 0001:0005c513       _emit_sos                  0045d513 f   libs-vc-win32:jcmarker.obj
 0001:0005c601       _write_file_trailer        0045d601 f   libs-vc-win32:jcmarker.obj
 0001:0005c621       _write_tables_only         0045d621 f   libs-vc-win32:jcmarker.obj
 0001:0005b97a       _use_merged_upsample       0045c97a f   libs-vc-win32:jdmaster.obj
 0001:0005ba20       _master_selection          0045ca20 f   libs-vc-win32:jdmaster.obj
 0001:0005bb7d       _prepare_range_limit_table 0045cb7d f   libs-vc-win32:jdmaster.obj
 0001:0005bc03       _prepare_for_output_pass   0045cc03 f   libs-vc-win32:jdmaster.obj
 0001:0005bd24       _finish_output_pass        0045cd24 f   libs-vc-win32:jdmaster.obj
 0001:0005adf1       _alloc_small               0045bdf1 f   libs-vc-win32:jmemmgr.obj
 0001:0005af0f       _alloc_large               0045bf0f f   libs-vc-win32:jmemmgr.obj
 0001:0005afc0       _alloc_sarray              0045bfc0 f   libs-vc-win32:jmemmgr.obj
 0001:0005b058       _alloc_barray              0045c058 f   libs-vc-win32:jmemmgr.obj
 0001:0005b0fc       _alloc_darray              0045c0fc f   libs-vc-win32:jmemmgr.obj
 0001:0005b1a7       _request_virt_sarray       0045c1a7 f   libs-vc-win32:jmemmgr.obj
 0001:0005b208       _request_virt_barray       0045c208 f   libs-vc-win32:jmemmgr.obj
 0001:0005b269       _realize_virt_arrays       0045c269 f   libs-vc-win32:jmemmgr.obj
 0001:0005b3ec       _access_virt_sarray        0045c3ec f   libs-vc-win32:jmemmgr.obj
 0001:0005b50c       _do_sarray_io              0045c50c f   libs-vc-win32:jmemmgr.obj
 0001:0005b59c       _access_virt_barray        0045c59c f   libs-vc-win32:jmemmgr.obj
 0001:0005b6c1       _do_barray_io              0045c6c1 f   libs-vc-win32:jmemmgr.obj
 0001:0005b752       _free_pool                 0045c752 f   libs-vc-win32:jmemmgr.obj
 0001:0005b839       _self_destruct             0045c839 f   libs-vc-win32:jmemmgr.obj
 0001:0005a88b       _start_input_pass          0045b88b f   libs-vc-win32:jdinput.obj
 0001:0005a8b9       _per_scan_setup            0045b8b9 f   libs-vc-win32:jdinput.obj
 0001:0005aa3f       _finish_input_pass         0045ba3f f   libs-vc-win32:jdinput.obj
 0001:0005aa50       _consume_markers           0045ba50 f   libs-vc-win32:jdinput.obj
 0001:0005aaec       _initial_setup             0045baec f   libs-vc-win32:jdinput.obj
 0001:0005acf6       _reset_input_controller    0045bcf6 f   libs-vc-win32:jdinput.obj
 0001:0005a490       _make_crc_table            0045b490 f   libs-vc-win32:crc32.obj
 0001:0005a5dd       _crc32_little              0045b5dd f   libs-vc-win32:crc32.obj
 0001:0005a28a       _fixedtables               0045b28a f   libs-vc-win32:inflate.obj
 0001:0005a374       _updatewindow              0045b374 f   libs-vc-win32:inflate.obj
 0001:00058fb2       _init_destination          00459fb2 f   libs-vc-win32:jdatadst.obj
 0001:00058fd8       _empty_output_buffer       00459fd8 f   libs-vc-win32:jdatadst.obj
 0001:0005901a       _term_destination          0045a01a f   libs-vc-win32:jdatadst.obj
 0001:00058b39       _std_huff_tables           00459b39 f   libs-vc-win32:jcparam.obj
 0001:00058b93       _add_huff_table            00459b93 f   libs-vc-win32:jcparam.obj
 0001:00057091       _next_marker               00458091 f   libs-vc-win32:jdmarker.obj
 0001:000571cb       _get_interesting_appn      004581cb f   libs-vc-win32:jdmarker.obj
 0001:000572f6       _examine_app0              004582f6 f   libs-vc-win32:jdmarker.obj
 0001:00057504       _examine_app14             00458504 f   libs-vc-win32:jdmarker.obj
 0001:000575c5       _skip_variable             004585c5 f   libs-vc-win32:jdmarker.obj
 0001:00057668       _read_markers              00458668 f   libs-vc-win32:jdmarker.obj
 0001:00057870       _get_soi                   00458870 f   libs-vc-win32:jdmarker.obj
 0001:0005791b       _get_sof                   0045891b f   libs-vc-win32:jdmarker.obj
 0001:00057c24       _get_sos                   00458c24 f   libs-vc-win32:jdmarker.obj
 0001:00057f12       _get_dht                   00458f12 f   libs-vc-win32:jdmarker.obj
 0001:000581b3       _get_dqt                   004591b3 f   libs-vc-win32:jdmarker.obj
 0001:0005840f       _get_dri                   0045940f f   libs-vc-win32:jdmarker.obj
 0001:000584ee       _first_marker              004594ee f   libs-vc-win32:jdmarker.obj
 0001:0005858a       _read_restart_marker       0045958a f   libs-vc-win32:jdmarker.obj
 0001:00058608       _reset_marker_reader       00459608 f   libs-vc-win32:jdmarker.obj
 0001:00056e75       _output_pass_setup         00457e75 f   libs-vc-win32:jdapistd.obj
 0001:00056b68       _default_decompress_parms  00457b68 f   libs-vc-win32:jdapimin.obj

 299 bytes saved through ICF

