 quake2

 Timestamp is 4049b999 (Sat Mar 06 14:44:25 2004)

 Preferred load address is 00400000

 Start         Length     Name                   Class
 0001:00000000 0006cc10H .text                   CODE
 0002:00000000 0000031cH .idata$5                DATA
 0002:00000320 00003d1cH .rdata                  DATA
 0002:0000403c 00000078H .idata$2                DATA
 0002:000040b4 00000014H .idata$3                DATA
 0002:000040c8 0000031cH .idata$4                DATA
 0002:000043e4 00000a22H .idata$6                DATA
 0002:00004e06 00000000H .edata                  DATA
 0003:00000000 00000004H .CRT$XCA                DATA
 0003:00000004 00000004H .CRT$XCZ                DATA
 0003:00000008 00000004H .CRT$XIA                DATA
 0003:0000000c 00000004H .CRT$XIZ                DATA
 0003:00000010 00014374H .data                   DATA
 0003:00014388 00abb030H .bss                    DATA
 0004:00000000 00000130H .rsrc$01                DATA
 0004:00000130 00003f20H .rsrc$02                DATA

  Address         Publics by Value              Rva+Base     Lib:Object

 0001:00000000       _CDAudio_Play2             00401000 f   cd_win.obj
 0001:000001e5       _CDAudio_Play              004011e5 f   cd_win.obj
 0001:000001fc       _CDAudio_Stop              004011fc f   cd_win.obj
 0001:00000241       _CDAudio_Pause             00401241 f   cd_win.obj
 0001:0000029a       _CDAudio_Resume            0040129a f   cd_win.obj
 0001:0000030c       _CDAudio_MessageHandler    0040130c f   cd_win.obj
 0001:000003a3       _CDAudio_Update            004013a3 f   cd_win.obj
 0001:000003da       _CDAudio_Init              004013da f   cd_win.obj
 0001:000007d1       _CDAudio_Shutdown          004017d1 f   cd_win.obj
 0001:00000804       _CDAudio_Activate          00401804 f   cd_win.obj
 0001:00000815       _SCR_StopCinematic         00401815 f   cl_cin.obj
 0001:000008b1       _SCR_FinishCinematic       004018b1 f   cl_cin.obj
 0001:000008f3       _SCR_RunCinematic          004018f3 f   cl_cin.obj
 0001:00000d10       _SCR_DrawCinematic         00401d10 f   cl_cin.obj
 0001:00000db4       _SCR_PlayCinematic         00401db4 f   cl_cin.obj
 0001:00001101       _CL_ParseEntityBits        00402101 f   cl_ents.obj
 0001:00001163       _CL_ParseDelta             00402163 f   cl_ents.obj
 0001:00001502       _CL_DeltaEntity            00402502 f   cl_ents.obj
 0001:0000167f       _CL_ParsePacketEntities    0040267f f   cl_ents.obj
 0001:00001884       _CL_ParsePlayerstate       00402884 f   cl_ents.obj
 0001:00001b92       _CL_FireEntityEvents       00402b92 f   cl_ents.obj
 0001:00001be4       _CL_ParseFrame             00402be4 f   cl_ents.obj
 0001:00001ede       _CL_AddEntityBox           00402ede f   cl_ents.obj
 0001:00001fce       _CL_OffsetThirdPersonView  00402fce f   cl_ents.obj
 0001:00002088       _CL_CalcViewValues         00403088 f   cl_ents.obj
 0001:00002395       _CL_AddEntities            00403395 f   cl_ents.obj
 0001:00003132       _CL_GetEntitySoundOrigin   00404132 f   cl_ents.obj
 0001:00003168       _CL_ClearLightStyles       00404168 f   cl_fx.obj
 0001:000031ec       _CL_RunLightStyles         004041ec f   cl_fx.obj
 0001:00003289       _CL_SetLightstyle          00404289 f   cl_fx.obj
 0001:000032f3       _CL_AllocDlight            004042f3 f   cl_fx.obj
 0001:00003360       _CL_AddDLights             00404360 f   cl_fx.obj
 0001:000033c0       _CL_ClearParticles         004043c0 f   cl_fx.obj
 0001:0000342a       _CL_AllocParticleTrace     0040442a f   cl_fx.obj
 0001:000034cd       _CL_AllocParticleBeam      004044cd f   cl_fx.obj
 0001:00003540       _CL_AllocParticle          00404540 f   cl_fx.obj
 0001:0000358e       _CL_UpdateParticles        0040458e f   cl_fx.obj
 0001:00003b32       _CL_MetalSparks            00404b32 f   cl_fx.obj
 0001:00003c1f       _CL_ParseMuzzleFlash       00404c1f f   cl_fx.obj
 0001:00004460       _CL_ParseMuzzleFlash2      00405460 f   cl_fx.obj
 0001:00004b46       _CL_ParticleEffect         00405b46 f   cl_fx.obj
 0001:00004c15       _CL_ParticleEffect2        00405c15 f   cl_fx.obj
 0001:00004ce0       _CL_ParticleEffect3        00405ce0 f   cl_fx.obj
 0001:00004db0       _CL_TeleporterParticles    00405db0 f   cl_fx.obj
 0001:00004e67       _CL_LogoutEffect           00405e67 f   cl_fx.obj
 0001:00004f52       _CL_ItemRespawnParticles   00405f52 f   cl_fx.obj
 0001:00005001       _CL_ExplosionParticles     00406001 f   cl_fx.obj
 0001:000050ab       _CL_BigTeleportParticles   004060ab f   cl_fx.obj
 0001:00005202       _CL_BlasterParticles       00406202 f   cl_fx.obj
 0001:000052ce       _CL_BlasterTrail           004062ce f   cl_fx.obj
 0001:000053c1       _CL_FlagTrail              004063c1 f   cl_fx.obj
 0001:000054c1       _CL_DiminishingTrail       004064c1 f   cl_fx.obj
 0001:00005725       _CL_RocketTrail            00406725 f   cl_fx.obj
 0001:00005852       _CL_RailTrail              00406852 f   cl_fx.obj
 0001:00005a78       _CL_RailTrailExt           00406a78 f   cl_fx.obj
 0001:00005b7a       _CL_IonripperTrail         00406b7a f   cl_fx.obj
 0001:00005c8d       _CL_BubbleTrail            00406c8d f   cl_fx.obj
 0001:00005dab       _CL_FlyParticles           00406dab f   cl_fx.obj
 0001:00005f4a       _CL_FlyEffect              00406f4a f   cl_fx.obj
 0001:00005fcd       _CL_BfgParticles           00406fcd f   cl_fx.obj
 0001:000061a7       _CL_TrapParticles          004071a7 f   cl_fx.obj
 0001:0000642a       _CL_BFGExplosionParticles  0040742a f   cl_fx.obj
 0001:000064d4       _CL_TeleportParticles      004074d4 f   cl_fx.obj
 0001:0000660d       _CL_EntityEvent            0040760d f   cl_fx.obj
 0001:000067eb       _CL_ClearEffects           004077eb f   cl_fx.obj
 0001:00006809       _IN_CenterView             00407809 f   cl_input.obj
 0001:0000682a       _CL_InitInput              0040782a f   cl_input.obj
 0001:00006d0a       _CL_SendCmd                00407d0a f   cl_input.obj
 0001:00007405       _CL_ParseInventory         00408405 f   cl_inv.obj
 0001:00007425       _CL_DrawInventory          00408425 f   cl_inv.obj
 0001:0000767b       _CL_WriteDemoMessage       0040867b f   cl_main.obj
 0001:000076bd       _CL_Stop_f                 004086bd f   cl_main.obj
 0001:00007718       _CL_Record_f               00408718 f   cl_main.obj
 0001:000079bb       _Cmd_ForwardToServer       004089bb f   cl_main.obj
 0001:00007a27       _CL_Setenv_f               00408a27 f   cl_main.obj
 0001:00007aeb       _CL_ForwardToServer_f      00408aeb f   cl_main.obj
 0001:00007b39       _CL_Pause_f                00408b39 f   cl_main.obj
 0001:00007b7b       _CL_Quit_f                 00408b7b f   cl_main.obj
 0001:00007b85       _CL_Drop                   00408b85 f   cl_main.obj
 0001:00007ba7       _CL_SendConnectPacket      00408ba7 f   cl_main.obj
 0001:00007c7e       _CL_CheckForResend         00408c7e f   cl_main.obj
 0001:00007d82       _CL_Connect_f              00408d82 f   cl_main.obj
 0001:00007e03       _CL_Rcon_f                 00408e03 f   cl_main.obj
 0001:00007f0e       _CL_ClearState             00408f0e f   cl_main.obj
 0001:00007f4d       _CL_Disconnect             00408f4d f   cl_main.obj
 0001:0000808f       _CL_Disconnect_f           0040908f f   cl_main.obj
 0001:0000809e       _CL_Changing_f             0040909e f   cl_main.obj
 0001:000080c2       _CL_Reconnect_f            004090c2 f   cl_main.obj
 0001:0000815e       _CL_PingServers_f          0040915e f   cl_main.obj
 0001:000082c6       _CL_Skins_f                004092c6 f   cl_main.obj
 0001:00008302       _CL_ConnectionlessPacket   00409302 f   cl_main.obj
 0001:00008660       _CL_ReadPackets            00409660 f   cl_main.obj
 0001:00008754       _CL_FixUpGender            00409754 f   cl_main.obj
 0001:00008804       _CL_Userinfo_f             00409804 f   cl_main.obj
 0001:0000881c       _CL_Snd_Restart_f          0040981c f   cl_main.obj
 0001:0000882b       _CL_RequestNextDownload    0040982b f   cl_main.obj
 0001:00008e6e       _CL_Precache_f             00409e6e f   cl_main.obj
 0001:00008f34       _CL_WriteConfiguration     00409f34 f   cl_main.obj
 0001:00008fef       _CL_WriteConfig_f          00409fef f   cl_main.obj
 0001:0000904e       _CL_InitLocal              0040a04e f   cl_main.obj
 0001:0000926e       _CL_FixCvarCheats          0040a26e f   cl_main.obj
 0001:000092bf       _CL_Frame                  0040a2bf f   cl_main.obj
 0001:00009501       _CL_Init                   0040a501 f   cl_main.obj
 0001:0000954e       _CL_Shutdown               0040a54e f   cl_main.obj
 0001:00009594       _vectoangles2              0040a594 f   cl_newfx.obj
 0001:00009696       _CL_Flashlight             0040a696 f   cl_newfx.obj
 0001:000096d0       _CL_ColorFlash             0040a6d0 f   cl_newfx.obj
 0001:0000970c       _CL_DebugTrail             0040a70c f   cl_newfx.obj
 0001:000097ec       _CL_ForceWall              0040a7ec f   cl_newfx.obj
 0001:00009913       _CL_BubbleTrail2           0040a913 f   cl_newfx.obj
 0001:00009a3d       _CL_Heatbeam               0040aa3d f   cl_newfx.obj
 0001:00009cee       _CL_ParticleSteamEffect    0040acee f   cl_newfx.obj
 0001:00009e18       _CL_ParticleSteamEffect2   0040ae18 f   cl_newfx.obj
 0001:00009f4f       _CL_TrackerTrail           0040af4f f   cl_newfx.obj
 0001:0000a0b0       _CL_Tracker_Shell          0040b0b0 f   cl_newfx.obj
 0001:0000a139       _CL_MonsterPlasma_Shell    0040b139 f   cl_newfx.obj
 0001:0000a1bf       _CL_Widowbeamout           0040b1bf f   cl_newfx.obj
 0001:0000a27b       _CL_Nukeblast              0040b27b f   cl_newfx.obj
 0001:0000a337       _CL_WidowSplash            0040b337 f   cl_newfx.obj
 0001:0000a3ff       _CL_TagTrail               0040b3ff f   cl_newfx.obj
 0001:0000a4ff       _CL_ColorExplosionParticles 0040b4ff f   cl_newfx.obj
 0001:0000a5ac       _CL_ParticleSmokeEffect    0040b5ac f   cl_newfx.obj
 0001:0000a6d4       _CL_BlasterParticles2      0040b6d4 f   cl_newfx.obj
 0001:0000a7a1       _CL_BlasterTrail2          0040b7a1 f   cl_newfx.obj
 0001:0000a894       _CL_DownloadFileName       0040b894 f   cl_parse.obj
 0001:0000a8d3       _CL_CheckOrDownloadFile    0040b8d3 f   cl_parse.obj
 0001:0000ab0e       _CL_Download_f             0040bb0e f   cl_parse.obj
 0001:0000abd9       _CL_RegisterSounds         0040bbd9 f   cl_parse.obj
 0001:0000ac18       _CL_ParseDownload          0040bc18 f   cl_parse.obj
 0001:0000ad85       _CL_ParseServerData        0040bd85 f   cl_parse.obj
 0001:0000ae88       _CL_ParseBaseline          0040be88 f   cl_parse.obj
 0001:0000aed0       _CL_LoadClientinfo         0040bed0 f   cl_parse.obj
 0001:0000b1ba       _CL_ParseClientinfo        0040c1ba f   cl_parse.obj
 0001:0000b1de       _CL_ParseConfigString      0040c1de f   cl_parse.obj
 0001:0000b37b       _CL_ParseStartSoundPacket  0040c37b f   cl_parse.obj
 0001:0000b47d       _CL_ParseServerMessage     0040c47d f   cl_parse.obj
 0001:0000b772       _CL_CheckPredictionError   0040c772 f   cl_pred.obj
 0001:0000b8b7       _CL_EntityTrace            0040c8b7 f   cl_pred.obj
 0001:0000bb9b       _CL_Trace                  0040cb9b f   cl_pred.obj
 0001:0000bbd3       _CL_PMpointcontents        0040cbd3 f   cl_pred.obj
 0001:0000bd08       _CL_PredictMovement        0040cd08 f   cl_pred.obj
 0001:0000bfc3       _CL_AddNetgraph            0040cfc3 f   cl_scrn.obj
 0001:0000c09d       _SCR_DebugGraph            0040d09d f   cl_scrn.obj
 0001:0000c0c5       _SCR_DrawDebugGraph        0040d0c5 f   cl_scrn.obj
 0001:0000c1bf       _SCR_CenterPrint           0040d1bf f   cl_scrn.obj
 0001:0000c2c3       _SCR_DrawCenterString      0040d2c3 f   cl_scrn.obj
 0001:0000c391       _SCR_Sky_f                 0040d391 f   cl_scrn.obj
 0001:0000c43c       _SCR_Init                  0040d43c f   cl_scrn.obj
 0001:0000c483       _SCR_DrawPause             0040d483 f   cl_scrn.obj
 0001:0000c4e1       _SCR_RunConsole            0040d4e1 f   cl_scrn.obj
 0001:0000c5c3       _SCR_DrawConsole           0040d5c3 f   cl_scrn.obj
 0001:0000c64d       _SCR_SetLevelshot          0040d64d f   cl_scrn.obj
 0001:0000c6b8       _SCR_DrawLoading           0040d6b8 f   cl_scrn.obj
 0001:0000c771       _SCR_BeginLoadingPlaque    0040d771 f   cl_scrn.obj
 0001:0000c7d1       _SCR_EndLoadingPlaque      0040d7d1 f   cl_scrn.obj
 0001:0000c7ef       _SCR_Loading_f             0040d7ef f   cl_scrn.obj
 0001:0000c7f4       _SCR_TimeRefresh_f         0040d7f4 f   cl_scrn.obj
 0001:0000c8cb       _SCR_TileClear             0040d8cb f   cl_scrn.obj
 0001:0000c974       _DrawHUDString             0040d974 f   cl_scrn.obj
 0001:0000ca26       _SCR_DrawField             0040da26 f   cl_scrn.obj
 0001:0000cacd       _SCR_TouchPics             0040dacd f   cl_scrn.obj
 0001:0000cb60       _SCR_ExecuteLayoutString   0040db60 f   cl_scrn.obj
 0001:0000d331       _SCR_UpdateScreen          0040e331 f   cl_scrn.obj
 0001:0000d666       _CL_RegisterTEntSounds     0040e666 f   cl_tent.obj
 0001:0000d89e       _CL_RegisterTEntModels     0040e89e f   cl_tent.obj
 0001:0000da24       _CL_ClearTEnts             0040ea24 f   cl_tent.obj
 0001:0000da6b       _CL_AllocExplosion         0040ea6b f   cl_tent.obj
 0001:0000db09       _CL_AddExplosions          0040eb09 f   cl_tent.obj
 0001:0000dcde       _CL_SmokeAndFlash          0040ecde f   cl_tent.obj
 0001:0000dd26       _CL_ParseBeam              0040ed26 f   cl_tent.obj
 0001:0000de05       _CL_ParseBeam2             0040ee05 f   cl_tent.obj
 0001:0000dedc       _CL_ParsePlayerBeam        0040eedc f   cl_tent.obj
 0001:0000dfea       _CL_ParseLightning         0040efea f   cl_tent.obj
 0001:0000e0b6       _CL_ParseLaser             0040f0b6 f   cl_tent.obj
 0001:0000e132       _CL_ParseSteam             0040f132 f   cl_tent.obj
 0001:0000e243       _CL_ParseWidow             0040f243 f   cl_tent.obj
 0001:0000e2af       _CL_ParseNuke              0040f2af f   cl_tent.obj
 0001:0000e319       _CL_ParseTEnt              0040f319 f   cl_tent.obj
 0001:0000f141       _CL_AddBeams               00410141 f   cl_tent.obj
 0001:0000f482       _CL_AddPlayerBeams         00410482 f   cl_tent.obj
 0001:0000fb77       _CL_ProcessSustain         00410b77 f   cl_tent.obj
 0001:0000fbb8       _CL_AddTEnts               00410bb8 f   cl_tent.obj
 0001:0000fbcc       _V_AddEntity               00410bcc f   cl_view.obj
 0001:0000fbfb       _V_AddLight                00410bfb f   cl_view.obj
 0001:0000fc40       _V_TestParticles           00410c40 f   cl_view.obj
 0001:0000fcfe       _V_TestEntities            00410cfe f   cl_view.obj
 0001:0000fda0       _V_TestLights              00410da0 f   cl_view.obj
 0001:0000fe73       _CL_PrepRefresh            00410e73 f   cl_view.obj
 0001:000100f3       _CalcFov                   004110f3 f   cl_view.obj
 0001:0001016c       _V_Gun_Next_f              0041116c f   cl_view.obj
 0001:00010185       _V_Gun_Prev_f              00411185 f   cl_view.obj
 0001:000101a7       _V_Gun_Model_f             004111a7 f   cl_view.obj
 0001:000101db       _SCR_DrawCrosshair         004111db f   cl_view.obj
 0001:00010250       _V_RenderView              00411250 f   cl_view.obj
 0001:00010dc1       _V_Init                    00411dc1 f   cl_view.obj
 0001:00010fd6       _Cbuf_Init                 00411fd6 f   cmd.obj
 0001:00010fee       _Cbuf_AddText              00411fee f   cmd.obj
 0001:00011053       _Cbuf_InsertText           00412053 f   cmd.obj
 0001:000110ba       _Cbuf_CopyToDefer          004120ba f   cmd.obj
 0001:000110e6       _Cbuf_InsertFromDefer      004120e6 f   cmd.obj
 0001:000110f9       _Cbuf_Execute              004120f9 f   cmd.obj
 0001:000111df       _Cmd_Exec_f                004121df f   cmd.obj
 0001:00011264       _Cmd_Echo_f                00412264 f   cmd.obj
 0001:000112a6       _Cmd_Alias_f               004122a6 f   cmd.obj
 0001:000113cd       _Cmd_Unalias_f             004123cd f   cmd.obj
 0001:00011459       _Cmd_WriteAliases          00412459 f   cmd.obj
 0001:0001148a       _Cmd_Argc                  0041248a f   cmd.obj
 0001:00011490       _Cmd_Argv                  00412490 f   cmd.obj
 0001:000114aa       _Cmd_Args                  004124aa f   cmd.obj
 0001:000114b0       _Cmd_TokenizeString        004124b0 f   cmd.obj
 0001:0001178d       _Cmd_AddCommand            0041278d f   cmd.obj
 0001:000117f5       _Cmd_RemoveCommand         004127f5 f   cmd.obj
 0001:00011837       _Cmd_ExecuteString         00412837 f   cmd.obj
 0001:0001191a       _Cmd_Init                  0041291a f   cmd.obj
 0001:00011a3a       _CMod_GetSurfMaterial      00412a3a f   cmodel.obj
 0001:00011a97       _CM_LoadMap                00412a97 f   cmodel.obj
 0001:000120ff       _PlaneTypeForNormal        004130ff f i cmodel.obj
 0001:0001227f       _CM_InlineModel            0041327f f   cmodel.obj
 0001:000122ce       _CM_NumClusters            004132ce f   cmodel.obj
 0001:000122d4       _CM_NumInlineModels        004132d4 f   cmodel.obj
 0001:000122da       _CM_EntityString           004132da f   cmodel.obj
 0001:000122e0       _CM_LeafContents           004132e0 f   cmodel.obj
 0001:0001230a       _CM_LeafCluster            0041330a f   cmodel.obj
 0001:00012335       _CM_LeafArea               00413335 f   cmodel.obj
 0001:00012360       _CM_InitBoxHull            00413360 f   cmodel.obj
 0001:000124f0       _CM_HeadnodeForBox         004134f0 f   cmodel.obj
 0001:000125a5       _CM_PointLeafnum           004135a5 f   cmodel.obj
 0001:00012604       _DISTANCE_TO_PLANE         00413604 f i cmodel.obj
 0001:0001264c       _CM_PointContents          0041364c f   cmodel.obj
 0001:00012671       _CM_TransformedPointContents 00413671 f   cmodel.obj
 0001:00012756       _CM_TransformedPointContents2 00413756 f   cmodel.obj
 0001:000127f1       _CM_BoxLeafnums            004137f1 f   cmodel.obj
 0001:000128c6       _BOX_ON_PLANE_SIDE         004138c6 f i cmodel.obj
 0001:0001294b       _CM_BoxTrace               0041394b f   cmodel.obj
 0001:0001337e       _CM_TransformedBoxTrace    0041437e f   cmodel.obj
 0001:000135ee       _CM_TransformedBoxTrace2   004145ee f   cmodel.obj
 0001:000137ab       _CM_BrushTrace             004147ab f   cmodel.obj
 0001:00013b80       _CM_RefineBrushTrace       00414b80 f   cmodel.obj
 0001:00013bd0       _CM_DecompressVis          00414bd0 f   cmodel.obj
 0001:00013c59       _CM_ClusterPVS             00414c59 f   cmodel.obj
 0001:00013ca6       _CM_ClusterPHS             00414ca6 f   cmodel.obj
 0001:00013cf3       _FloodAreaConnections      00414cf3 f   cmodel.obj
 0001:00013dad       _CM_SetAreaPortalState     00414dad f   cmodel.obj
 0001:00013dd9       _CM_AreasConnected         00414dd9 f   cmodel.obj
 0001:00013e27       _CM_WriteAreaBits          00414e27 f   cmodel.obj
 0001:00013eb7       _CM_WritePortalState       00414eb7 f   cmodel.obj
 0001:00013ed1       _CM_ReadPortalState        00414ed1 f   cmodel.obj
 0001:00013eef       _CM_HeadnodeVisible        00414eef f   cmodel.obj
 0001:00013f66       _Com_BeginRedirect         00414f66 f   common.obj
 0001:00013fa3       _Com_EndRedirect           00414fa3 f   common.obj
 0001:00013fce       _Com_Printf                00414fce f   common.obj
 0001:0001412d       _Com_DPrintf               0041512d f   common.obj
 0001:00014191       _DebugPrintf               00415191 f   common.obj
 0001:00014239       _Com_WPrintf               00415239 f   common.obj
 0001:00014292       _Com_Error                 00415292 f   common.obj
 0001:0001438d       _Com_Quit                  0041538d f   common.obj
 0001:000143bd       _MatchWildcard             004153bd f   common.obj
 0001:00014513       _MatchWildcard2            00415513 f   common.obj
 0001:00014568       _IPWildcard                00415568 f   common.obj
 0001:00014643       _Com_ServerState           00415643 f   common.obj
 0001:00014649       _Com_SetServerState        00415649 f   common.obj
 0001:00014653       _MSG_WriteByte             00415653 f   common.obj
 0001:00014653       _MSG_WriteChar             00415653 f   common.obj
 0001:00014667       _MSG_WriteShort            00415667 f   common.obj
 0001:00014681       _MSG_WriteLong             00415681 f   common.obj
 0001:000146ab       _MSG_WriteFloat            004156ab f   common.obj
 0001:000146d1       _MSG_WriteString           004156d1 f   common.obj
 0001:00014709       _MSG_WriteCoord            00415709 f   common.obj
 0001:00014738       _MSG_WritePos              00415738 f   common.obj
 0001:000147ba       _MSG_WriteAngle            004157ba f   common.obj
 0001:000147e3       _MSG_WriteAngle16          004157e3 f   common.obj
 0001:0001481a       _MSG_WriteDeltaUsercmd     0041581a f   common.obj
 0001:000149a2       _MSG_WriteDir              004159a2 f   common.obj
 0001:00014a0f       _MSG_ReadDir               00415a0f f   common.obj
 0001:00014a47       _MSG_WriteDeltaEntity      00415a47 f   common.obj
 0001:00014f51       _MSG_BeginReading          00415f51 f   common.obj
 0001:00014f5a       _MSG_ReadChar              00415f5a f   common.obj
 0001:00014f7b       _MSG_ReadByte              00415f7b f   common.obj
 0001:00014f9c       _MSG_ReadShort             00415f9c f   common.obj
 0001:00014fcc       _MSG_ReadLong              00415fcc f   common.obj
 0001:0001500b       _MSG_ReadString            0041600b f   common.obj
 0001:0001503e       _MSG_ReadCoord             0041603e f   common.obj
 0001:00015058       _MSG_ReadPos               00416058 f   common.obj
 0001:000150aa       _MSG_ReadAngle             004160aa f   common.obj
 0001:000150c4       _MSG_ReadAngle16           004160c4 f   common.obj
 0001:000150de       _MSG_ReadDeltaUsercmd      004160de f   common.obj
 0001:00015195       _MSG_ReadData              00416195 f   common.obj
 0001:000151b8       _SZ_Init                   004161b8 f   common.obj
 0001:000151da       _SZ_Clear                  004161da f   common.obj
 0001:000151e7       _SZ_GetSpace               004161e7 f   common.obj
 0001:0001524a       _SZ_Write                  0041624a f   common.obj
 0001:0001526b       _SZ_Insert                 0041626b f   common.obj
 0001:000152be       _SZ_Print                  004162be f   common.obj
 0001:00015307       _Info_Print                00416307 f   common.obj
 0001:000153c4       _COM_BlockSequenceCRCByte  004163c4 f   common.obj
 0001:00015450       _frand                     00416450 f   common.obj
 0001:0001546d       _crand                     0041646d f   common.obj
 0001:00015490       _COM_CheckCmdlineVar       00416490 f   common.obj
 0001:000154e6       _QCommon_Init              004164e6 f   common.obj
 0001:00015839       _QCommon_Frame             00416839 f   common.obj
 0001:00015b20       _DeinitConProc             00416b20 f   conproc.obj
 0001:00015b31       _DrawStringCommon          00416b31 f   console.obj
 0001:00015b8b       _DrawString                00416b8b f   console.obj
 0001:00015bab       _Con_ToggleConsole_f       00416bab f   console.obj
 0001:00015c27       _Con_ClearNotify           00416c27 f   console.obj
 0001:00015c39       _Con_CheckResize           00416c39 f   console.obj
 0001:00015d5f       _Con_Print                 00416d5f f   console.obj
 0001:00016063       _Con_DrawNotify            00417063 f   console.obj
 0001:0001629c       _Con_DrawConsole           0041729c f   console.obj
 0001:00016844       _Key_Console               00417844 f   console.obj
 0001:00016dce       _Key_Message               00417dce f   console.obj
 0001:00016e6a       _Con_Init                  00417e6a f   console.obj
 0001:00017044       _CRC_Block                 00418044 f   crc.obj
 0001:00017080       _Cvar_VariableValue        00418080 f   cvar.obj
 0001:000170ee       _Cvar_VariableInt          004180ee f   cvar.obj
 0001:00017101       _Cvar_VariableString       00418101 f   cvar.obj
 0001:00017119       _Cvar_Get                  00418119 f   cvar.obj
 0001:000173b5       _Cvar_GetVars              004183b5 f   cvar.obj
 0001:00017409       _Cvar_FullSet              00418409 f   cvar.obj
 0001:00017466       _Cvar_SetValue             00418466 f   cvar.obj
 0001:000176c7       _Cvar_SetInteger           004186c7 f   cvar.obj
 0001:000176e9       _Cvar_Set                  004186e9 f   cvar.obj
 0001:000176fe       _Cvar_ForceSet             004186fe f   cvar.obj
 0001:00017713       _Cvar_Clamp                00418713 f   cvar.obj
 0001:0001779d       _Cvar_ClampName            0041879d f   cvar.obj
 0001:000177ee       _Cvar_GetLatchedVars       004187ee f   cvar.obj
 0001:0001781d       _Cvar_Command              0041881d f   cvar.obj
 0001:000178c9       _Cvar_WriteVariables       004188c9 f   cvar.obj
 0001:0001795c       _Cvar_BitInfo              0041895c f   cvar.obj
 0001:00017995       _Cvar_Userinfo             00418995 f   cvar.obj
 0001:0001799e       _Cvar_Serverinfo           0041899e f   cvar.obj
 0001:000179a7       _Cvar_Cheats               004189a7 f   cvar.obj
 0001:00017a00       _Cvar_Init                 00418a00 f   cvar.obj
 0001:000180a7       _FS_CreatePath             004190a7 f   files.obj
 0001:000180f1       _FS_CopyFile               004190f1 f   files.obj
 0001:000181f4       _FS_CopyFiles              004191f4 f   files.obj
 0001:000182cd       _FS_RemoveFiles            004192cd f   files.obj
 0001:00018341       _Developer_searchpath      00419341 f   files.obj
 0001:00018386       _FS_FCloseFile             00419386 f   files.obj
 0001:0001841c       _FS_FOpenFile              0041941c f   files.obj
 0001:00018944       _FS_FileExists             00419944 f   files.obj
 0001:00018b80       _FS_Read                   00419b80 f   files.obj
 0001:00018dc8       _FS_LoadFile               00419dc8 f   files.obj
 0001:00018e2a       _FS_FreeFile               00419e2a f   files.obj
 0001:00018e35       _FS_Gamedir                00419e35 f   files.obj
 0001:00018e49       _FS_LoadGameConfig         00419e49 f   files.obj
 0001:00018f0e       _FS_SetGamedir             00419f0e f   files.obj
 0001:000195b9       _FS_ListFiles              0041a5b9 f   files.obj
 0001:000198c7       _FS_NextPath               0041a8c7 f   files.obj
 0001:000198eb       _FS_InitFilesystem         0041a8eb f   files.obj
 0001:0001a2b4       _LoadPCX                   0041b2b4 f   images.obj
 0001:0001a3eb       _LoadTGA                   0041b3eb f   images.obj
 0001:0001a5de       _LoadJPG                   0041b5de f   images.obj
 0001:0001a871       _ImageExists               0041b871 f   images.obj
 0001:0001a96b       _WriteTGA                  0041b96b f   images.obj
 0001:0001ab5c       _WriteJPG                  0041bb5c f   images.obj
 0001:0001ac84       _IN_MLookDown              0041bc84 f   in_win.obj
 0001:0001ac8f       _IN_MLookUp                0041bc8f f   in_win.obj
 0001:0001acb2       _IN_MouseEvent             0041bcb2 f   in_win.obj
 0001:0001ad1c       _IN_Commands               0041bd1c f   in_win.obj
 0001:0001ae4b       _IN_Init                   0041be4b f   in_win.obj
 0001:0001b175       _IN_Shutdown               0041c175 f   in_win.obj
 0001:0001b259       _IN_Move                   0041c259 f   in_win.obj
 0001:0001b7b3       _IN_Activate               0041c7b3 f   in_win.obj
 0001:0001b7ca       _IN_Frame                  0041c7ca f   in_win.obj
 0001:0001bbb7       _Key_KeynumToString        0041cbb7 f   keys.obj
 0001:0001bc51       _CompleteCommand           0041cc51 f   keys.obj
 0001:0001c5a6       _Key_SetBinding            0041d5a6 f   keys.obj
 0001:0001c5e4       _Key_FindBinding           0041d5e4 f   keys.obj
 0001:0001c632       _Key_WriteBindings         0041d632 f   keys.obj
 0001:0001c67a       _Key_Init                  0041d67a f   keys.obj
 0001:0001c9a6       _Key_Event                 0041d9a6 f   keys.obj
 0001:0001cd00       _Key_ClearStates           0041dd00 f   keys.obj
 0001:0001cd37       _Key_ClearTyping           0041dd37 f   keys.obj
 0001:0001cd50       _MD4Init                   0041dd50 f   md4.obj
 0001:0001cd78       _MD4Update                 0041dd78 f   md4.obj
 0001:0001ce16       _MD4Final                  0041de16 f   md4.obj
 0001:0001d507       _Com_BlockChecksum         0041e507 f   md4.obj
 0001:0001d543       _Z_Free                    0041e543 f   memory.obj
 0001:0001d59d       _Z_FreeTags                0041e59d f   memory.obj
 0001:0001d5cd       _Z_TagMalloc               0041e5cd f   memory.obj
 0001:0001d63e       _Z_Malloc                  0041e63e f   memory.obj
 0001:0001d660       _Z_BlockMalloc             0041e660 f   memory.obj
 0001:0001d67b       _CreateMemoryChain         0041e67b f   memory.obj
 0001:0001d6e3       _FreeMemoryChain           0041e6e3 f   memory.obj
 0001:0001d70d       _AllocChainBlock           0041e70d f   memory.obj
 0001:0001d758       _CopyString                0041e758 f   memory.obj
 0001:0001d77c       _ChainCopyString           0041e77c f   memory.obj
 0001:0001d7a4       _AllocNamedStruc           0041e7a4 f   memory.obj
 0001:0001d7df       _ChainAllocNamedStruc      0041e7df f   memory.obj
 0001:0001d81e       _FindNamedStruc            0041e81e f   memory.obj
 0001:0001d862       _FindNamedStrucByIndex     0041e862 f   memory.obj
 0001:0001d879       _IndexOfNamedStruc         0041e879 f   memory.obj
 0001:0001d8a7       _AddToNamedList            0041e8a7 f   memory.obj
 0001:0001d8f1       _ChainAddToNamedList       0041e8f1 f   memory.obj
 0001:0001d93b       _FreeNamedList             0041e93b f   memory.obj
 0001:0001d956       _Z_Init                    0041e956 f   memory.obj
 0001:0001d991       _M_PushMenu                0041e991 f   menu.obj
 0001:0001da4e       _M_ForceMenuOff            0041ea4e f   menu.obj
 0001:0001da7b       _M_PopMenu                 0041ea7b f   menu.obj
 0001:0001dacf       _Default_MenuKey           0041eacf f   menu.obj
 0001:0001dbef       _M_Print                   0041ebef f   menu.obj
 0001:0001dc3a       _M_DrawTextBox             0041ec3a f   menu.obj
 0001:0001de26       _M_Main_Draw               0041ee26 f   menu.obj
 0001:0001dfaa       _M_Main_Key                0041efaa f   menu.obj
 0001:0001e0a5       _M_Menu_Main_f             0041f0a5 f   menu.obj
 0001:0001e0c1       _M_Menu_Multiplayer_f      0041f0c1 f   menu.obj
 0001:0001e246       _M_Menu_Keys_f             0041f246 f   menu.obj
 0001:0001e6c5       _M_Menu_Options_f          0041f6c5 f   menu.obj
 0001:0001efd0       _M_Menu_Video_f            0041ffd0 f   menu.obj
 0001:0001eff1       _M_Menu_Credits_f          0041fff1 f   menu.obj
 0001:0001f1b6       _M_Menu_Game_f             004201b6 f   menu.obj
 0001:0001f429       _M_Menu_LoadGame_f         00420429 f   menu.obj
 0001:0001f6f9       _M_Menu_SaveGame_f         004206f9 f   menu.obj
 0001:0001f859       _M_AddToServerList         00420859 f   menu.obj
 0001:0001f8cc       _M_Menu_JoinServer_f       004208cc f   menu.obj
 0001:0001fb34       _M_Menu_StartServer_f      00420b34 f   menu.obj
 0001:0002035f       _M_Menu_DMOptions_f        0042135f f   menu.obj
 0001:00020adf       _M_Menu_DownloadOptions_f  00421adf f   menu.obj
 0001:00020d61       _M_Menu_AddressBook_f      00421d61 f   menu.obj
 0001:0002211c       _M_Init                    0042311c f   menu.obj
 0001:00022240       _M_Draw                    00423240 f   menu.obj
 0001:000222d1       _M_Keydown                 004232d1 f   menu.obj
 0001:000222ed       _LoadQ2BspFile             004232ed f   model.obj
 0001:000228bd       _LoadBspFile               004238bd f   model.obj
 0001:000229dd       _ProcessEntstring          004239dd f   model.obj
 0001:0002384d       _Netchan_Init              0042484d f   net_chan.obj
 0001:000238ad       _Netchan_OutOfBand         004248ad f   net_chan.obj
 0001:0002390d       _Netchan_OutOfBandPrint    0042490d f   net_chan.obj
 0001:0002394d       _Netchan_Setup             0042494d f   net_chan.obj
 0001:000239aa       _Netchan_NeedReliable      004249aa f   net_chan.obj
 0001:000239d6       _Netchan_Transmit          004249d6 f   net_chan.obj
 0001:00023b7b       _Netchan_Process           00424b7b f   net_chan.obj
 0001:00023ca2       _NetadrToSockadr           00424ca2 f   net_wins.obj
 0001:00023d44       _SockadrToNetadr           00424d44 f   net_wins.obj
 0001:00023da7       _NET_CompareAdr            00424da7 f   net_wins.obj
 0001:00023e0d       _NET_CompareBaseAdr        00424e0d f   net_wins.obj
 0001:00023e66       _NET_AdrToString           00424e66 f   net_wins.obj
 0001:00023f1f       _NET_StringToSockaddr      00424f1f f   net_wins.obj
 0001:00024158       _NET_StringToAdr           00425158 f   net_wins.obj
 0001:000241b1       _NET_IsLocalAddress        004251b1 f   net_wins.obj
 0001:000241bd       _NET_GetLoopPacket         004251bd f   net_wins.obj
 0001:00024244       _NET_SendLoopPacket        00425244 f   net_wins.obj
 0001:00024290       _NET_GetPacket             00425290 f   net_wins.obj
 0001:000243ae       _NET_SendPacket            004253ae f   net_wins.obj
 0001:00024488       _NET_IPSocket              00425488 f   net_wins.obj
 0001:0002459e       _NET_OpenIP                0042559e f   net_wins.obj
 0001:0002461a       _NET_OpenIPX               0042561a f   net_wins.obj
 0001:00024772       _NET_Config                00425772 f   net_wins.obj
 0001:00024805       _NET_Init                  00425805 f   net_wins.obj
 0001:0002486f       _Pmove                     0042586f f   pmove.obj
 0001:000265c7       _NormalizeColor            004275c7 f   q_shared2.obj
 0001:00026628       _NormalizeColor255         00427628 f   q_shared2.obj
 0001:0002668d       _Q_rsqrt                   0042768d f   q_shared2.obj
 0001:000266bd       _RotatePointAroundVector   004276bd f   q_shared2.obj
 0001:0002682d       _AngleVectors              0042782d f   q_shared2.obj
 0001:0002698e       _ProjectPointOnPlane       0042798e f   q_shared2.obj
 0001:00026a0d       _PerpendicularVector       00427a0d f   q_shared2.obj
 0001:00026a8c       _MakeNormalVectors         00427a8c f   q_shared2.obj
 0001:00026af3       _MatrixMultiply            00427af3 f   q_shared2.obj
 0001:00026bda       _SetPlaneSignbits          00427bda f   q_shared2.obj
 0001:00026bfd       _LerpAngle                 00427bfd f   q_shared2.obj
 0001:00026c40       _anglemod                  00427c40 f   q_shared2.obj
 0001:00026c6c       _BoxOnPlaneSide            00427c6c f   q_shared2.obj
 0001:00026d8f       _ClearBounds               00427d8f f   q_shared2.obj
 0001:00026db8       _AddPointToBounds          00427db8 f   q_shared2.obj
 0001:00026df1       _VectorCompare             00427df1 f   q_shared2.obj
 0001:00026e1f       _VectorNormalize           00427e1f f   q_shared2.obj
 0001:00026e73       _VectorNormalize2          00427e73 f   q_shared2.obj
 0001:00026ecb       _VectorNormalizeFast       00427ecb f   q_shared2.obj
 0001:00026f1c       _CrossProduct              00427f1c f   q_shared2.obj
 0001:00026f57       _VectorLength              00427f57 f   q_shared2.obj
 0001:00026f86       _VectorDistance            00427f86 f   q_shared2.obj
 0001:00026fb7       _VectorInverse             00427fb7 f   q_shared2.obj
 0001:00026fd2       _VectorScale               00427fd2 f   q_shared2.obj
 0001:00026ff6       _AnglesToAxis              00427ff6 f   q_shared2.obj
 0001:00027034       _COM_FilePath              00428034 f   q_shared2.obj
 0001:0002706a       _ShortSwap                 0042806a f   q_shared2.obj
 0001:0002707f       _va                        0042807f f   q_shared2.obj
 0001:000270cc       _COM_ParseExt              004280cc f   q_shared2.obj
 0001:000271d5       _COM_QuoteString           004281d5 f   q_shared2.obj
 0001:00027230       _Com_PageInMemory          00428230 f   q_shared2.obj
 0001:0002724f       _Q_stricmp                 0042824f f   q_shared2.obj
 0001:00027260       _Q_strncasecmp             00428260 f   q_shared2.obj
 0001:000272b8       _Q_strcasecmp              004282b8 f   q_shared2.obj
 0001:000272ce       _Q_strncpyz                004282ce f   q_shared2.obj
 0001:000272f2       _Q_strncpylower            004282f2 f   q_shared2.obj
 0001:0002732c       _Q_CopyFilename            0042832c f   q_shared2.obj
 0001:000273c8       _Com_sprintf               004283c8 f   q_shared2.obj
 0001:0002740e       _Info_ValueForKey          0042840e f   q_shared2.obj
 0001:00027499       _Info_RemoveKey            00428499 f   q_shared2.obj
 0001:0002751f       _Info_SetValueForKey       0042851f f   q_shared2.obj
 0001:0002765d       _Menu_ItemAtCursor         0042865d f   qmenu.obj
 0001:000276b6       _Field_Key                 004286b6 f   qmenu.obj
 0001:00027926       _Menu_AddItem              00428926 f   qmenu.obj
 0001:000279a6       _Menu_AdjustCursor         004289a6 f   qmenu.obj
 0001:00027af1       _Menu_Center               00428af1 f   qmenu.obj
 0001:00027b31       _Menu_DrawDotsItem         00428b31 f   qmenu.obj
 0001:00027b70       _Menu_Draw                 00428b70 f   qmenu.obj
 0001:0002808b       _Menu_SelectItem           0042908b f   qmenu.obj
 0001:000280bf       _Menu_SetStatusBar         004290bf f   qmenu.obj
 0001:000280cb       _Menu_SlideItem            004290cb f   qmenu.obj
 0001:000285e2       _S_SoundInfo_f             004295e2 f   snd_dma.obj
 0001:0002866c       _S_ReadModelsSex           0042966c f   snd_dma.obj
 0001:00028754       _S_IsFemale                00429754 f   snd_dma.obj
 0001:000287e2       _S_Init                    004297e2 f   snd_dma.obj
 0001:000288b5       _S_Shutdown                004298b5 f   snd_dma.obj
 0001:0002893f       _S_FindName                0042993f f   snd_dma.obj
 0001:00028a2b       _S_AliasName               00429a2b f   snd_dma.obj
 0001:00028ab7       _S_BeginRegistration       00429ab7 f   snd_dma.obj
 0001:00028ac8       _S_RegisterSound           00429ac8 f   snd_dma.obj
 0001:00028b2e       _S_EndRegistration         00429b2e f   snd_dma.obj
 0001:00028bc1       _S_PickChannel             00429bc1 f   snd_dma.obj
 0001:00028c58       _S_SpatializeOrigin        00429c58 f   snd_dma.obj
 0001:00028d7f       _S_Spatialize              00429d7f f   snd_dma.obj
 0001:00028df0       _S_AllocPlaysound          00429df0 f   snd_dma.obj
 0001:00028e0f       _S_FreePlaysound           00429e0f f   snd_dma.obj
 0001:00028e3f       _S_IssuePlaysound          00429e3f f   snd_dma.obj
 0001:00028f0c       _S_RegisterSexedSound      00429f0c f   snd_dma.obj
 0001:00028ff0       _S_StartSound              00429ff0 f   snd_dma.obj
 0001:000291bf       _S_StartLocalSound         0042a1bf f   snd_dma.obj
 0001:0002920e       _S_ClearBuffer             0042a20e f   snd_dma.obj
 0001:00029266       _S_StopAllSounds           0042a266 f   snd_dma.obj
 0001:000292e1       _S_AddLoopSounds           0042a2e1 f   snd_dma.obj
 0001:000294b3       _S_RawSamples              0042a4b3 f   snd_dma.obj
 0001:000296b7       _S_Update                  0042a6b7 f   snd_dma.obj
 0001:000297cd       _GetSoundtime              0042a7cd f   snd_dma.obj
 0001:00029834       _S_Update_                 0042a834 f   snd_dma.obj
 0001:000298da       _S_Play                    0042a8da f   snd_dma.obj
 0001:00029a4b       _ResampleSfx               0042aa4b f   snd_mem.obj
 0001:00029b63       _S_LoadSound               0042ab63 f   snd_mem.obj
 0001:00029c8c       _FindNextChunk             0042ac8c f   snd_mem.obj
 0001:00029d16       _GetWavinfo                0042ad16 f   snd_mem.obj
 0001:00029f06       _S_WriteLinearBlastStereo16 0042af06 f   snd_mix.obj
 0001:00029f7a       _S_TransferStereo16        0042af7a f   snd_mix.obj
 0001:00029fe3       _S_TransferPaintBuffer     0042afe3 f   snd_mix.obj
 0001:0002a13f       _S_PaintChannels           0042b13f f   snd_mix.obj
 0001:0002a36c       _S_InitScaletable          0042b36c f   snd_mix.obj
 0001:0002a3c0       _S_PaintChannelFrom8       0042b3c0 f   snd_mix.obj
 0001:0002a4c2       _S_PaintChannelFrom16      0042b4c2 f   snd_mix.obj
 0001:0002a52d       _FreeSound                 0042b52d f   snd_win.obj
 0001:0002a63d       _SNDDMA_InitDirect         0042b63d f   snd_win.obj
 0001:0002ab10       _SNDDMA_Init               0042bb10 f   snd_win.obj
 0001:0002ab8c       _SNDDMA_GetDMAPos          0042bb8c f   snd_win.obj
 0001:0002abd6       _SNDDMA_BeginPainting      0042bbd6 f   snd_win.obj
 0001:0002acd8       _SNDDMA_Submit             0042bcd8 f   snd_win.obj
 0001:0002acfd       _SNDDMA_Shutdown           0042bcfd f   snd_win.obj
 0001:0002ad02       _S_Activate                0042bd02 f   snd_win.obj
 0001:0002ad2d       _SV_SetMaster_f            0042bd2d f   sv_ccmds.obj
 0001:0002ae3f       _SV_WipeSavegame           0042be3f f   sv_ccmds.obj
 0001:0002ae6d       _SV_CopySaveGame           0042be6d f   sv_ccmds.obj
 0001:0002aec2       _SV_WriteLevelFile         0042bec2 f   sv_ccmds.obj
 0001:0002af70       _SV_ReadLevelFile          0042bf70 f   sv_ccmds.obj
 0001:0002b01e       _SV_WriteServerFile        0042c01e f   sv_ccmds.obj
 0001:0002b25a       _SV_ReadServerFile         0042c25a f   sv_ccmds.obj
 0001:0002b374       _SV_DemoMap_f              0042c374 f   sv_ccmds.obj
 0001:0002b3fe       _SV_GameMap_f              0042c3fe f   sv_ccmds.obj
 0001:0002b570       _SV_Map_f                  0042c570 f   sv_ccmds.obj
 0001:0002b5dd       _SV_Loadgame_f             0042c5dd f   sv_ccmds.obj
 0001:0002b6e2       _SV_Savegame_f             0042c6e2 f   sv_ccmds.obj
 0001:0002b7e7       _SV_AddressBanned          0042c7e7 f   sv_ccmds.obj
 0001:0002b829       _SV_InitOperatorCommands   0042c829 f   sv_ccmds.obj
 0001:0002c1c8       _SV_WritePlayerstateToClient 0042d1c8 f   sv_ents.obj
 0001:0002c6ec       _SV_WriteFrameToClient     0042d6ec f   sv_ents.obj
 0001:0002c916       _SV_FatPVS                 0042d916 f   sv_ents.obj
 0001:0002ca43       _SV_BuildClientFrame       0042da43 f   sv_ents.obj
 0001:0002cd0e       _SV_RecordDemoMessage      0042dd0e f   sv_ents.obj
 0001:0002ce2d       _SV_ShutdownGameProgs      0042de2d f   sv_game.obj
 0001:0002ce46       _SV_InitGameProgs          0042de46 f   sv_game.obj
 0001:0002d6e6       _SV_FindIndex              0042e6e6 f   sv_init.obj
 0001:0002d7ad       _SV_ModelIndex             0042e7ad f   sv_init.obj
 0001:0002d7c3       _SV_SoundIndex             0042e7c3 f   sv_init.obj
 0001:0002d7dc       _SV_ImageIndex             0042e7dc f   sv_init.obj
 0001:0002d7f5       _SV_CreateBaseline         0042e7f5 f   sv_init.obj
 0001:0002d853       _SV_CheckForSavegame       0042e853 f   sv_init.obj
 0001:0002d8db       _SV_SpawnServer            0042e8db f   sv_init.obj
 0001:0002db79       _SV_InitGame               0042eb79 f   sv_init.obj
 0001:0002dd64       _SV_Map                    0042ed64 f   sv_init.obj
 0001:0002df22       _SV_DropClient             0042ef22 f   sv_main.obj
 0001:0002df97       _SV_StatusString           0042ef97 f   sv_main.obj
 0001:0002e076       _SVC_Info                  0042f076 f   sv_main.obj
 0001:0002e14c       _SVC_GetChallenge          0042f14c f   sv_main.obj
 0001:0002e1f4       _SVC_DirectConnect         0042f1f4 f   sv_main.obj
 0001:0002e660       _Rcon_Validate             0042f660 f   sv_main.obj
 0001:0002e691       _SVC_RemoteCommand         0042f691 f   sv_main.obj
 0001:0002e763       _SV_ConnectionlessPacket   0042f763 f   sv_main.obj
 0001:0002e8c5       _SV_CalcPings              0042f8c5 f   sv_main.obj
 0001:0002e94c       _SV_GiveMsec               0042f94c f   sv_main.obj
 0001:0002e98b       _SV_ReadPackets            0042f98b f   sv_main.obj
 0001:0002eaa1       _SV_CheckTimeouts          0042faa1 f   sv_main.obj
 0001:0002eb61       _SV_PostprocessFrame       0042fb61 f   sv_main.obj
 0001:0002ef4d       _SV_MulticastHook          0042ff4d f   sv_main.obj
 0001:0002f2fb       _SV_TraceHook              004302fb f   sv_main.obj
 0001:0002f41c       _SV_Frame                  0043041c f   sv_main.obj
 0001:0002f659       _SV_UserinfoChanged        00430659 f   sv_main.obj
 0001:0002f71d       _SV_Init                   0043071d f   sv_main.obj
 0001:0002f746       _SV_Shutdown               00430746 f   sv_main.obj
 0001:0002f923       _SV_FlushRedirect          00430923 f   sv_send.obj
 0001:0002f995       _SV_ClientPrintf           00430995 f   sv_send.obj
 0001:0002f9eb       _SV_BroadcastPrintf        004309eb f   sv_send.obj
 0001:0002fabc       _SV_BroadcastCommand       00430abc f   sv_send.obj
 0001:0002fb0e       _SV_Multicast              00430b0e f   sv_send.obj
 0001:0002fcfe       _SV_MulticastOld           00430cfe f   sv_send.obj
 0001:0002fd11       _SV_StartSound             00430d11 f   sv_send.obj
 0001:0002ff80       _SV_StartSoundOld          00430f80 f   sv_send.obj
 0001:0002ffb0       _SV_StartSoundNew          00430fb0 f   sv_send.obj
 0001:0002ffe0       _SV_SendClientDatagram     00430fe0 f   sv_send.obj
 0001:000300b4       _SV_DemoCompleted          004310b4 f   sv_send.obj
 0001:000300d0       _SV_RateDrop               004310d0 f   sv_send.obj
 0001:0003011b       _SV_SendClientMessages     0043111b f   sv_send.obj
 0001:0003026d       _SV_BeginDemoserver        0043126d f   sv_user.obj
 0001:000302bd       _SV_New_f                  004312bd f   sv_user.obj
 0001:00030432       _SV_Configstrings_f        00431432 f   sv_user.obj
 0001:0003058c       _SV_Baselines_f            0043158c f   sv_user.obj
 0001:00030700       _SV_Begin_f                00431700 f   sv_user.obj
 0001:0003075d       _SV_NextDownload_f         0043175d f   sv_user.obj
 0001:00030831       _SV_BeginDownload_f        00431831 f   sv_user.obj
 0001:00030a49       _SV_Disconnect_f           00431a49 f   sv_user.obj
 0001:00030a59       _SV_ShowServerinfo_f       00431a59 f   sv_user.obj
 0001:00030a66       _SV_Nextserver             00431a66 f   sv_user.obj
 0001:00030ac5       _SV_Nextserver_f           00431ac5 f   sv_user.obj
 0001:00030b0c       _SV_ExecuteUserCommand     00431b0c f   sv_user.obj
 0001:00030b79       _SV_ClientThink            00431b79 f   sv_user.obj
 0001:00030bbc       _SV_ExecuteClientMessage   00431bbc f   sv_user.obj
 0001:00030de9       _SV_ClearWorld             00431de9 f   sv_world.obj
 0001:00030f3d       _SV_UnlinkEdict            00431f3d f   sv_world.obj
 0001:00030fa0       _SV_LinkEdict              00431fa0 f   sv_world.obj
 0001:0003157c       _SV_AreaEdicts             0043257c f   sv_world.obj
 0001:000316e7       _SV_PointContents          004326e7 f   sv_world.obj
 0001:000317cc       _SV_ClipMoveToEntities     004327cc f   sv_world.obj
 0001:00031b13       _SV_Trace                  00432b13 f   sv_world.obj
 0001:00031b7e       _Sys_Error                 00432b7e f   sys_win.obj
 0001:00031bde       _Sys_Quit                  00432bde f   sys_win.obj
 0001:00031cbb       _Sys_Init                  00432cbb f   sys_win.obj
 0001:00032313       _Sys_ConsoleInput          00433313 f   sys_win.obj
 0001:00032473       _Sys_ConsoleOutput         00433473 f   sys_win.obj
 0001:00032524       _Sys_SendKeyEvents         00433524 f   sys_win.obj
 0001:0003258d       _Sys_GetClipboardData      0043358d f   sys_win.obj
 0001:000325e6       _Sys_AppActivate           004335e6 f   sys_win.obj
 0001:00032601       _Sys_UnloadGame            00433601 f   sys_win.obj
 0001:00032626       _Sys_GetGameAPI            00433626 f   sys_win.obj
 0001:00032713       _WinMain@16                00433713 f   sys_win.obj
 0001:000327f3       _Vid_CreateWindow          004337f3 f   vid_dll.obj
 0001:00032f99       _Vid_DestroyWindow         00433f99 f   vid_dll.obj
 0001:00032fd4       _Vid_GetModeInfo           00433fd4 f   vid_dll.obj
 0001:00033003       _Vid_UpdateWindowPosAndSize 00434003 f   vid_dll.obj
 0001:0003306a       _Vid_FreeReflib            0043406a f   vid_dll.obj
 0001:000330ab       _Vid_CheckChanges          004340ab f   vid_dll.obj
 0001:0003346c       _Vid_Init                  0043446c f   vid_dll.obj
 0001:000334dd       _Vid_Shutdown              004344dd f   vid_dll.obj
 0001:0003350b       _Vid_MenuInit              0043450b f   vid_menu.obj
 0001:00033d6b       _Vid_MenuDraw              00434d6b f   vid_menu.obj
 0001:00033dff       _Vid_MenuKey               00434dff f   vid_menu.obj
 0001:00034159       _Zip_OpenArchive           00435159 f   zip.obj
 0001:000341c4       _Zip_CloseArchive          004351c4 f   zip.obj
 0001:000341d0       _Zip_EnumArchive           004351d0 f   zip.obj
 0001:000343b1       _Zip_OpenFile              004353b1 f   zip.obj
 0001:000344c0       _Zip_ReadFile              004354c0 f   zip.obj
 0001:000345b7       _Zip_CloseFile             004355b7 f   zip.obj
 0001:000345ff       _Zip_OpenBuf               004355ff f   zip.obj
 0001:00034652       _Zip_ReadBuf               00435652 f   zip.obj
 0001:0003469a       _Zip_CloseBuf              0043569a f   zip.obj
 0001:000346b0       _GL_BackEnd                004356b0 f   gl_backend.obj
 0001:00037aa8       _GL_InitBackend            00438aa8 f   gl_backend.obj
 0001:00037aeb       _GL_ShutdownBackend        00438aeb f   gl_backend.obj
 0001:00037aff       _GL_AllocDynamicMemory     00438aff f   gl_buffers.obj
 0001:00037b5f       _GL_ResizeDynamicMemory    00438b5f f   gl_buffers.obj
 0001:00037bb1       _GL_AddSurfaceToPortal     00438bb1 f   gl_buffers.obj
 0001:00037c14       _GL_AddDynamicSurface      00438c14 f   gl_buffers.obj
 0001:00037c3c       _GL_InsertShaderIndex      00438c3c f   gl_buffers.obj
 0001:00037c6f       _GL_ClearPortal            00438c6f f   gl_buffers.obj
 0001:00037c8b       _GL_FinishPortal           00438c8b f   gl_buffers.obj
 0001:00037cdc       _GL_SortSurfaces           00438cdc f   gl_buffers.obj
 0001:00037e77       _GL_ClearBuffers           00438e77 f   gl_buffers.obj
 0001:00037e8e       _GL_AddEntity              00438e8e f   gl_frontend.obj
 0001:000382e4       _GL_AddDlight              004392e4 f   gl_frontend.obj
 0001:0003849c       _GL_DrawPortal             0043949c f   gl_frontend.obj
 0001:0003af8c       _GL_TextureMode            0043bf8c f   gl_image.obj
 0001:0003b02c       _GL_CreateImage            0043c02c f   gl_image.obj
 0001:0003bd20       _GL_SetRawPalette          0043cd20 f   gl_image.obj
 0001:0003bd51       _GL_DrawStretchRaw         0043cd51 f   gl_image.obj
 0001:0003c001       _GL_SetupGamma             0043d001 f   gl_image.obj
 0001:0003c144       _GL_PerformScreenshot      0043d144 f   gl_image.obj
 0001:0003c3cd       _GL_InitImages             0043d3cd f   gl_image.obj
 0001:0003c996       _GL_ShutdownImages         0043d996 f   gl_image.obj
 0001:0003ca21       _GL_LoadDelayedImages      0043da21 f   gl_image.obj
 0001:0003ca9e       _GL_ShowImages             0043da9e f   gl_image.obj
 0001:0003ccdd       _GL_FindImage              0043dcdd f   gl_image.obj
 0001:0003d0da       _GL_Lock                   0043e0da f   gl_interface.obj
 0001:0003d16b       _GL_Unlock                 0043e16b f   gl_interface.obj
 0001:0003d31a       _GL_Bind                   0043e31a f   gl_interface.obj
 0001:0003d43c       _GL_BindForce              0043e43c f   gl_interface.obj
 0001:0003d489       _GL_TexEnv                 0043e489 f   gl_interface.obj
 0001:0003d608       _GL_TexMipBias             0043e608 f   gl_interface.obj
 0001:0003d663       _GL_TexEnvColor            0043e663 f   gl_interface.obj
 0001:0003d713       _GL_SelectTexture          0043e713 f   gl_interface.obj
 0001:0003d774       _GL_TexCoordPointer        0043e774 f   gl_interface.obj
 0001:0003d7a4       _GL_SetMultitexture        0043e7a4 f   gl_interface.obj
 0001:0003d87c       _GL_DisableTexCoordArrays  0043e87c f   gl_interface.obj
 0001:0003d8d5       _GL_CullFace               0043e8d5 f   gl_interface.obj
 0001:0003d926       _GL_DepthRange             0043e926 f   gl_interface.obj
 0001:0003d959       _GL_State                  0043e959 f   gl_interface.obj
 0001:0003dab2       _GL_EnableFog              0043eab2 f   gl_interface.obj
 0001:0003dbb6       _GL_SetDefaultState        0043ebb6 f   gl_interface.obj
 0001:0003dcd5       _GL_Set2DMode              0043ecd5 f   gl_interface.obj
 0001:0003ddd0       _GL_Setup                  0043edd0 f   gl_interface.obj
 0001:0003dedc       _GL_ShowLights             0043eedc f   gl_light.obj
 0001:0003e301       _GL_LightForEntity         0043f301 f   gl_light.obj
 0001:0003f57a       _GL_DiffuseLight           0044057a f   gl_light.obj
 0001:0003f6f2       _GL_InitLightGrid          004406f2 f   gl_light.obj
 0001:0003f78e       _GL_PostLoadLights         0044078e f   gl_light.obj
 0001:0003fa2c       _LM_Init                   00440a2c f   gl_lightmap.obj
 0001:0003fa42       _LM_Flush                  00440a42 f   gl_lightmap.obj
 0001:0003fa9f       _LM_Done                   00440a9f f   gl_lightmap.obj
 0001:0003fac6       _LM_Save                   00440ac6 f   gl_lightmap.obj
 0001:0003fae0       _LM_Restore                00440ae0 f   gl_lightmap.obj
 0001:0003fafa       _LM_NewBlock               00440afa f   gl_lightmap.obj
 0001:0003fb70       _LM_Rewind                 00440b70 f   gl_lightmap.obj
 0001:0003fb78       _LM_NextBlock              00440b78 f   gl_lightmap.obj
 0001:0003fba5       _LM_CheckMinlight          00440ba5 f   gl_lightmap.obj
 0001:0003fc3b       _LM_AllocBlock             00440c3b f   gl_lightmap.obj
 0001:0003fcf2       _LM_PutBlock               00440cf2 f   gl_lightmap.obj
 0001:0004012c       _LM_SortLightStyles        0044112c f   gl_lightmap.obj
 0001:000401bd       _GL_UpdateDynamicLightmap  004411bd f   gl_lightmap.obj
 0001:000406ab       _LM_IsMonotone             004416ab f   gl_lightmap.obj
 0001:000407b2       _GL_EnableRendering        004417b2 f   gl_main.obj
 0001:000407cd       _DrawTextLeft              004417cd f   gl_main.obj
 0001:00040897       _DrawTextRight             00441897 f   gl_main.obj
 0001:000408d5       _DrawText3D                004418d5 f   gl_main.obj
 0001:0004094d       _GL_GetRefAPI              0044194d f   gl_main.obj
 0001:0004216e       _GL_InitFuncTables         0044316e f   gl_math.obj
 0001:0004231f       _ModelToWorldCoord         0044331f f   gl_math.obj
 0001:00042390       _WorldToModelCoord         00443390 f   gl_math.obj
 0001:000423d7       _BuildRotationMatrix       004433d7 f   gl_math.obj
 0001:000424d1       _GetBoxRect                004434d1 f   gl_math.obj
 0001:00042842       _ProjectToScreen           00443842 f   gl_math.obj
 0001:00042985       _GL_FindModel              00443985 f   gl_model.obj
 0001:00042b08       _GL_LoadWorldMap           00443b08 f   gl_model.obj
 0001:0004464c       _GL_PointInLeaf            0044564c f   gl_model.obj
 0001:00044f96       _ATAN2_FUNC                00445f96 f i gl_model.obj
 0001:00045135       _GL_FindSkin               00446135 f   gl_model.obj
 0001:0004528e       _GL_ResetModels            0044628e f   gl_model.obj
 0001:00045358       _GL_InitModels             00446358 f   gl_model.obj
 0001:000453c5       _GL_ShutdownModels         004463c5 f   gl_model.obj
 0001:000453db       _SubdividePlane            004463db f   gl_poly.obj
 0001:00045831       _FreeSubdividedPlane       00446831 f   gl_poly.obj
 0001:00045849       _GetSubdivideIndexes       00446849 f   gl_poly.obj
 0001:0004589c       _RemoveCollinearPoints     0044689c f   gl_poly.obj
 0001:000459b0       _GetPolyArea               004469b0 f   gl_poly.obj
 0001:00045a44       _GL_InitShaders            00446a44 f   gl_shader.obj
 0001:00045b81       _GL_ShutdownShaders        00446b81 f   gl_shader.obj
 0001:00045bab       _GL_SetShaderLightmap      00446bab f   gl_shader.obj
 0001:00045fb4       _GL_SetShaderLightstyles   00446fb4 f   gl_shader.obj
 0001:00046050       _GL_GetAlphaShader         00447050 f   gl_shader.obj
 0001:00046360       _GL_FindShader             00447360 f   gl_shader.obj
 0001:000468c2       _GL_GetShaderByNum         004478c2 f   gl_shader.obj
 0001:000468e0       _GL_ResetShaders           004478e0 f   gl_shader.obj
 0001:00046cf0       _GL_ClearSkyBox            00447cf0 f   gl_sky.obj
 0001:00046d13       _GL_SetSkyRotate           00447d13 f   gl_sky.obj
 0001:00046d4b       _GL_SkyVisible             00447d4b f   gl_sky.obj
 0001:00046d64       _GL_AddSkySurface          00447d64 f   gl_sky.obj
 0001:00047394       _GL_TesselateSkySide       00448394 f   gl_sky.obj
 0001:00047666       _GLimp_SetMode             00448666 f   glw_imp.obj
 0001:00047908       _GLimp_HasGamma            00448908 f   glw_imp.obj
 0001:0004791c       _GLimp_SetGamma            0044891c f   glw_imp.obj
 0001:00047ab5       _GLimp_Init                00448ab5 f   glw_imp.obj
 0001:00047e13       _GLimp_Shutdown            00448e13 f   glw_imp.obj
 0001:00047ec1       _GLimp_EndFrame            00448ec1 f   glw_imp.obj
 0001:00047f5d       _GLimp_AppActivate         00448f5d f   glw_imp.obj
 0001:00049644       _QGL_Shutdown              0044a644 f   qgl_win.obj
 0001:00049682       _QGL_Init                  0044a682 f   qgl_win.obj
 0001:00049705       _QGL_InitExtensions        0044a705 f   qgl_win.obj
 0001:00049a6f       _QGL_EnableLogging         0044aa6f f   qgl_win.obj
 0001:00049b3a       _QGL_LogMessage            0044ab3a f   qgl_win.obj
 0001:00049b51       _Hunk_Begin                0044ab51 f   q_shwin.obj
 0001:00049b8b       _Hunk_Alloc                0044ab8b f   q_shwin.obj
 0001:00049c12       _Hunk_End                  0044ac12 f   q_shwin.obj
 0001:00049c18       _Hunk_Free                 0044ac18 f   q_shwin.obj
 0001:00049c31       _Sys_Milliseconds          0044ac31 f   q_shwin.obj
 0001:00049c65       _Sys_Mkdir                 0044ac65 f   q_shwin.obj
 0001:00049c71       _Sys_FindFirst             0044ac71 f   q_shwin.obj
 0001:00049cef       _Sys_FindNext              0044acef f   q_shwin.obj
 0001:00049d64       _Sys_FindClose             0044ad64 f   q_shwin.obj
 0001:00049d7e       _R_Alias_clip_z            0044ad7e f   r_aclip.obj
 0001:00049e40       _R_Alias_clip_left         0044ae40 f   r_aclip.obj
 0001:0004a04c       _R_Alias_clip_right        0044b04c f   r_aclip.obj
 0001:0004a258       _R_Alias_clip_top          0044b258 f   r_aclip.obj
 0001:0004a46c       _R_Alias_clip_bottom       0044b46c f   r_aclip.obj
 0001:0004a680       _R_AliasClip               0044b680 f   r_aclip.obj
 0001:0004a750       _R_AliasClipTriangle       0044b750 f   r_aclip.obj
 0001:0004a942       _R_AliasCheckFrameBBox     0044b942 f   r_alias.obj
 0001:0004aa75       _R_AliasCheckBBox          0044ba75 f   r_alias.obj
 0001:0004aad9       _R_AliasTransformVector    0044bad9 f   r_alias.obj
 0001:0004ab35       _R_AliasPreparePoints      0044bb35 f   r_alias.obj
 0001:0004adcd       _R_AliasSetUpTransform     0044bdcd f   r_alias.obj
 0001:0004b090       _R_AliasTransformFinalVerts 0044c090 f   r_alias.obj
 0001:0004b25f       _R_AliasProjectAndClipTestFinalVert 0044c25f f   r_alias.obj
 0001:0004b30e       _R_AliasSetupLighting      0044c30e f   r_alias.obj
 0001:0004b478       _R_AliasSetupFrames        0044c478 f   r_alias.obj
 0001:0004b4ec       _R_AliasSetUpLerpData      0044c4ec f   r_alias.obj
 0001:0004b614       _R_AliasDrawModel          0044c614 f   r_alias.obj
 0001:0004b8a8       _R_EntityRotate            0044c8a8 f   r_bsp.obj
 0001:0004b924       _R_RotateBmodel            0044c924 f   r_bsp.obj
 0001:0004ba7f       _R_RecursiveClipBPoly      0044ca7f f   r_bsp.obj
 0001:0004bdaf       _R_DrawSolidClippedSubmodelPolygons 0044cdaf f   r_bsp.obj
 0001:0004bf36       _R_DrawSubmodelPolygons    0044cf36 f   r_bsp.obj
 0001:0004bfc6       _R_RecursiveWorldNode      0044cfc6 f   r_bsp.obj
 0001:0004c1f8       _R_RenderWorld             0044d1f8 f   r_bsp.obj
 0001:0004c273       _Draw_FindPic              0044d273 f   r_draw.obj
 0001:0004c2b6       _Draw_InitLocal            0044d2b6 f   r_draw.obj
 0001:0004c2c7       _Draw_Char                 0044d2c7 f   r_draw.obj
 0001:0004c3a8       _Draw_CharColor            0044d3a8 f   r_draw.obj
 0001:0004c4b7       _R_DrawTexts               0044d4b7 f   r_draw.obj
 0001:0004c52d       _DrawText_Pos              0044d52d f   r_draw.obj
 0001:0004c605       _DrawText_Left             0044d605 f   r_draw.obj
 0001:0004c62d       _DrawText_Right            0044d62d f   r_draw.obj
 0001:0004c669       _Draw_GetPicSize           0044d669 f   r_draw.obj
 0001:0004c6a9       _Draw_StretchPicImplementation 0044d6a9 f   r_draw.obj
 0001:0004c7d3       _Draw_StretchPic           0044d7d3 f   r_draw.obj
 0001:0004c80b       _Draw_StretchRaw           0044d80b f   r_draw.obj
 0001:0004c83d       _Draw_Pic                  0044d83d f   r_draw.obj
 0001:0004c9f6       _Draw_PicColor             0044d9f6 f   r_draw.obj
 0001:0004cbaf       _Draw_TileClear            0044dbaf f   r_draw.obj
 0001:0004cc7f       _Draw_Fill                 0044dc7f f   r_draw.obj
 0001:0004cd1b       _Draw_Fade                 0044dd1b f   r_draw.obj
 0001:0004cd7d       _R_BeginEdgeFrame          0044dd7d f   r_edge.obj
 0001:0004ce39       _R_InsertNewEdges          0044de39 f   r_edge.obj
 0001:0004ce7f       _R_RemoveEdges             0044de7f f   r_edge.obj
 0001:0004ce9d       _R_StepActiveU             0044de9d f   r_edge.obj
 0001:0004cf31       _R_CleanupSpan             0044df31 f   r_edge.obj
 0001:0004cf81       _R_LeadingEdgeBackwards    0044df81 f   r_edge.obj
 0001:0004d016       _R_TrailingEdge            0044e016 f   r_edge.obj
 0001:0004d07a       _R_LeadingEdge             0044e07a f   r_edge.obj
 0001:0004d21d       _R_GenerateSpans           0044e21d f   r_edge.obj
 0001:0004d28b       _R_GenerateSpansBackward   0044e28b f   r_edge.obj
 0001:0004d2f9       _R_ScanEdges               0044e2f9 f   r_edge.obj
 0001:0004d4d0       _D_FlatFillSurface         0044e4d0 f   r_edge.obj
 0001:0004d52a       _D_CalcGradients           0044e52a f   r_edge.obj
 0001:0004d78a       _D_BackgroundSurf          0044e78a f   r_edge.obj
 0001:0004d7ca       _D_TurbulentSurf           0044e7ca f   r_edge.obj
 0001:0004d8d9       _D_SkySurf                 0044e8d9 f   r_edge.obj
 0001:0004d95a       _D_SolidSurf               0044e95a f   r_edge.obj
 0001:0004dab2       _D_DrawflatSurfaces        0044eab2 f   r_edge.obj
 0001:0004db02       _D_DrawSurfaces            0044eb02 f   r_edge.obj
 0001:0004dbfb       _R_ImageList_f             0044ebfb f   r_image.obj
 0001:0004dcbc       _R_FindFreeImage           0044ecbc f   r_image.obj
 0001:0004dd0a       _R_LoadPic                 0044ed0a f   r_image.obj
 0001:0004dd9a       _R_LoadTex                 0044ed9a f   r_image.obj
 0001:0004de26       _R_LoadWal                 0044ee26 f   r_image.obj
 0001:0004de7c       _R_MipMap                  0044ee7c f   r_image.obj
 0001:0004dfaa       _R_DownsampleImage         0044efaa f   r_image.obj
 0001:0004e0af       _R_FindImage               0044f0af f   r_image.obj
 0001:0004e454       _R_RegisterSkin            0044f454 f   r_image.obj
 0001:0004e462       _R_FreeUnusedImages        0044f462 f   r_image.obj
 0001:0004e4c2       _R_InitImages              0044f4c2 f   r_image.obj
 0001:0004e528       _R_ShutdownImages          0044f528 f   r_image.obj
 0001:0004e565       _R_MarkLights              0044f565 f   r_light.obj
 0001:0004e62b       _R_PushDlights             0044f62b f   r_light.obj
 0001:0004e689       _R_LightPoint              0044f689 f   r_light.obj
 0001:0004ea54       _R_AddDynamicLights        0044fa54 f   r_light.obj
 0001:0004ecf2       _R_BuildLightMap           0044fcf2 f   r_light.obj
 0001:0004ede8       _R_InitTextures            0044fde8 f   r_main.obj
 0001:0004eea9       _R_InitTurb                0044fea9 f   r_main.obj
 0001:0004ef26       _R_Register                0044ff26 f   r_main.obj
 0001:0004ef8e       _R_Init                    0044ff8e f   r_main.obj
 0001:0004f01f       _R_Shutdown                0045001f f   r_main.obj
 0001:0004f094       _R_NewMap                  00450094 f   r_main.obj
 0001:0004f13e       _R_MarkLeaves              0045013e f   r_main.obj
 0001:0004f265       _R_DrawEntitiesOnList      00450265 f   r_main.obj
 0001:0004f40d       _R_BmodelCheckBBox         0045040d f   r_main.obj
 0001:0004f4bf       _R_FindTopnode             004504bf f   r_main.obj
 0001:0004f514       _RotatedBBox               00450514 f   r_main.obj
 0001:0004f676       _R_DrawBEntitiesOnList     00450676 f   r_main.obj
 0001:0004f877       _R_EdgeDrawing             00450877 f   r_main.obj
 0001:0004f94c       _R_CalcPalette             0045094c f   r_main.obj
 0001:0004fa51       _R_SetLightLevel           00450a51 f   r_main.obj
 0001:0004faa1       _R_RenderFrame             00450aa1 f   r_main.obj
 0001:0004fc88       _R_InitGraphics            00450c88 f   r_main.obj
 0001:0004fcfe       _R_BeginFrame              00450cfe f   r_main.obj
 0001:0004fe45       _R_GammaCorrectAndSetPalette 00450e45 f   r_main.obj
 0001:0004fea4       _R_CinematicSetPalette     00450ea4 f   r_main.obj
 0001:0004ff3b       _Draw_BuildGammaTable      00450f3b f   r_main.obj
 0001:00050038       _R_DrawBeam                00451038 f   r_main.obj
 0001:0005018d       _R_SetSky                  0045118d f   r_main.obj
 0001:00050204       _Draw_GetPalette           00451204 f   r_main.obj
 0001:0005034c       _Draw_ConCharColor         0045134c f   r_main.obj
 0001:0005036d       _GetRefAPI                 0045136d f   r_main.obj
 0001:000505bd       _D_ViewChanged             004515bd f   r_misc.obj
 0001:00050730       _R_PrintTimes              00451730 f   r_misc.obj
 0001:00050798       _R_PrintDSpeeds            00451798 f   r_misc.obj
 0001:0005084d       _R_PrintAliasStats         0045184d f   r_misc.obj
 0001:00050860       _R_TransformFrustum        00451860 f   r_misc.obj
 0001:0005091e       _TransformVector           0045191e f   r_misc.obj
 0001:00050989       _R_SetUpFrustumIndexes     00451989 f   r_misc.obj
 0001:000509ee       _R_ViewChanged             004519ee f   r_misc.obj
 0001:00050d37       _R_SetupFrame              00451d37 f   r_misc.obj
 0001:00050f12       _QCommon_Shutdown          00451f12 f   r_misc.obj
 0001:00050f12       _jpeg_mem_term             00451f12 f   r_misc.obj
 0001:00050f12       __setargv                  00451f12 f   r_misc.obj
 0001:00050f12       _R_SurfacePatch            00451f12 f   r_misc.obj
 0001:00050f13       _WritePCXfile              00451f13 f   r_misc.obj
 0001:00051035       _R_ScreenShot              00452035 f   r_misc.obj
 0001:00051144       _Mod_Modellist_f           00452144 f   r_model.obj
 0001:000511a2       _Mod_Init                  004521a2 f   r_model.obj
 0001:000511ba       _Mod_ForName               004521ba f   r_model.obj
 0001:000513f6       _Mod_PointInLeaf           004523f6 f   r_model.obj
 0001:00051458       _Mod_DecompressVis         00452458 f   r_model.obj
 0001:000514d8       _Mod_ClusterPVS            004524d8 f   r_model.obj
 0001:00051505       _Mod_LoadLighting          00452505 f   r_model.obj
 0001:00051584       _R_NumberLeafs             00452584 f   r_model.obj
 0001:000515d2       _Mod_LoadVertexes          004525d2 f   r_model.obj
 0001:00051614       _Mod_LoadEdges             00452614 f   r_model.obj
 0001:00051662       _Mod_LoadTexinfo           00452662 f   r_model.obj
 0001:000517ca       _CalcSurfaceExtents        004527ca f   r_model.obj
 0001:0005194a       _Mod_LoadFaces             0045294a f   r_model.obj
 0001:00051ab1       _Mod_SetParent             00452ab1 f   r_model.obj
 0001:00051ad6       _Mod_LoadNodes             00452ad6 f   r_model.obj
 0001:00051bcc       _Mod_LoadLeafs             00452bcc f   r_model.obj
 0001:00051c75       _Mod_LoadMarksurfaces      00452c75 f   r_model.obj
 0001:00051cf1       _Mod_LoadSurfedges         00452cf1 f   r_model.obj
 0001:00051d30       _Mod_LoadPlanes            00452d30 f   r_model.obj
 0001:00051d9f       _Mod_LoadBrushModel        00452d9f f   r_model.obj
 0001:00051f83       _Mod_LoadAliasModel        00452f83 f   r_model.obj
 0001:00052203       _Mod_LoadSpriteModel       00453203 f   r_model.obj
 0001:000522ea       _R_BeginRegistration       004532ea f   r_model.obj
 0001:0005237a       _R_RegisterModel           0045337a f   r_model.obj
 0001:00052472       _R_EndRegistration         00453472 f   r_model.obj
 0001:000524dd       _Mod_FreeAll               004534dd f   r_model.obj
 0001:00052522       _R_DrawParticle            00453522 f   r_part.obj
 0001:000527bc       _R_DrawParticles           004537bc f   r_part.obj
 0001:00052864       _R_DrawSpanletOpaque       00453864 f   r_poly.obj
 0001:000528f4       _R_DrawSpanletTurbulentStipple33 004538f4 f   r_poly.obj
 0001:00052a1f       _R_DrawSpanletTurbulentStipple66 00453a1f f   r_poly.obj
 0001:00052c00       _R_DrawSpanletTurbulentBlended66 00453c00 f   r_poly.obj
 0001:00052cb5       _R_DrawSpanletTurbulentBlended33 00453cb5 f   r_poly.obj
 0001:00052d6a       _R_DrawSpanlet33           00453d6a f   r_poly.obj
 0001:00052e04       _R_DrawSpanletConstant33   00453e04 f   r_poly.obj
 0001:00052e5d       _R_DrawSpanlet66           00453e5d f   r_poly.obj
 0001:00052efb       _R_DrawSpanlet33Stipple    00453efb f   r_poly.obj
 0001:00053016       _R_DrawSpanlet66Stipple    00454016 f   r_poly.obj
 0001:000531a7       _R_ClipPolyFace            004541a7 f   r_poly.obj
 0001:00053318       _R_PolygonDrawSpans        00454318 f   r_poly.obj
 0001:00053717       _R_PolygonScanLeftEdge     00454717 f   r_poly.obj
 0001:0005387b       _R_PolygonScanRightEdge    0045487b f   r_poly.obj
 0001:00053a85       _R_ClipAndDrawPoly         00454a85 f   r_poly.obj
 0001:00053c87       _R_BuildPolygonFromSurface 00454c87 f   r_poly.obj
 0001:00053e7d       _R_PolygonCalculateGradients 00454e7d f   r_poly.obj
 0001:00054150       _R_DrawAlphaSurfaces       00455150 f   r_poly.obj
 0001:000541e6       _R_IMFlatShadedQuad        004551e6 f   r_poly.obj
 0001:00054314       _R_InitAdivtab             00455314 f   r_polyse.obj
 0001:00054380       _R_PolysetUpdateTables     00455380 f   r_polyse.obj
 0001:000543bb       _R_DrawTriangle            004553bb f   r_polyse.obj
 0001:000544cc       _R_PolysetScanLeftEdge_C   004554cc f   r_polyse.obj
 0001:00054696       _FloorDivMod               00455696 f   r_polyse.obj
 0001:00054730       _R_PolysetSetUpForLineScan 00455730 f   r_polyse.obj
 0001:000547be       _R_PolysetCalcGradients    004557be f   r_polyse.obj
 0001:00054a31       _R_PolysetDrawSpans8_33    00455a31 f   r_polyse.obj
 0001:00054b61       _R_PolysetDrawSpansConstant8_33 00455b61 f   r_polyse.obj
 0001:00054bfb       _R_PolysetDrawSpans8_66    00455bfb f   r_polyse.obj
 0001:00054d37       _R_PolysetDrawSpansConstant8_66 00455d37 f   r_polyse.obj
 0001:00054ddf       _R_PolysetDrawSpans8_Opaque 00455ddf f   r_polyse.obj
 0001:00054f2a       _R_RasterizeAliasPolySmooth 00455f2a f   r_polyse.obj
 0001:0005550a       _R_PolysetSetEdgeTable     0045650a f   r_polyse.obj
 0001:000555a5       _R_InitSkyBox              004565a5 f   r_rast.obj
 0001:00055811       _R_EmitSkyBox              00456811 f   r_rast.obj
 0001:00055924       _R_EmitEdge                00456924 f   r_rast.obj
 0001:00055cf6       _R_ClipEdge                00456cf6 f   r_rast.obj
 0001:00055ea4       _R_EmitCachedEdge          00456ea4 f   r_rast.obj
 0001:00055efb       _R_RenderFace              00456efb f   r_rast.obj
 0001:000562c2       _R_RenderBmodelFace        004572c2 f   r_rast.obj
 0001:0005652b       _D_WarpScreen              0045752b f   r_scan.obj
 0001:000566ed       _D_DrawTurbulent8Span      004576ed f   r_scan.obj
 0001:00056771       _Turbulent8                00457771 f   r_scan.obj
 0001:00056acd       _NonTurbulent8             00457acd f   r_scan.obj
 0001:00056e07       _D_DrawSpans16             00457e07 f   r_scan.obj
 0001:00057124       _D_DrawZSpans              00458124 f   r_scan.obj
 0001:000571f4       _R_DrawSprite              004581f4 f   r_sprite.obj
 0001:0005747e       _R_TextureAnimation        0045847e f   r_surf.obj
 0001:000574a2       _R_DrawSurface             004584a2 f   r_surf.obj
 0001:00057607       _R_DrawSurfaceBlock8_mip0  00458607 f   r_surf.obj
 0001:00057706       _R_DrawSurfaceBlock8_mip1  00458706 f   r_surf.obj
 0001:00057805       _R_DrawSurfaceBlock8_mip2  00458805 f   r_surf.obj
 0001:00057904       _R_DrawSurfaceBlock8_mip3  00458904 f   r_surf.obj
 0001:00057a00       _R_InitCaches              00458a00 f   r_surf.obj
 0001:00057a81       _D_FlushCaches             00458a81 f   r_surf.obj
 0001:00057ac6       _D_SCAlloc                 00458ac6 f   r_surf.obj
 0001:00057c5a       _D_CacheSurface            00458c5a f   r_surf.obj
 0001:00057dcf       _DDRAW_Init                00458dcf f   rw_ddraw.obj
 0001:000581df       _DDRAW_SetPalette          004591df f   rw_ddraw.obj
 0001:00058248       _DDRAW_Shutdown            00459248 f   rw_ddraw.obj
 0001:000583b3       _DIB_Init                  004593b3 f   rw_dib.obj
 0001:00058598       _DIB_SetPalette            00459598 f   rw_dib.obj
 0001:0005875c       _DIB_Shutdown              0045975c f   rw_dib.obj
 0001:00058855       _SWimp_Init                00459855 f   rw_imp.obj
 0001:00058859       _SWimp_EndFrame            00459859 f   rw_imp.obj
 0001:000589c5       _SWimp_SetMode             004599c5 f   rw_imp.obj
 0001:00058ae7       _SWimp_SetPalette          00459ae7 f   rw_imp.obj
 0001:00058b0c       _SWimp_Shutdown            00459b0c f   rw_imp.obj
 0001:00058b53       _SWimp_AppActivate         00459b53 f   rw_imp.obj
 0001:00058b8d       _jpeg_CreateCompress       00459b8d f   jcapimin.obj
 0001:00058c41       _jpeg_suppress_tables      00459c41 f   jcapimin.obj
 0001:00058c8b       _jpeg_finish_compress      00459c8b f   jcapimin.obj
 0001:00058d75       _jpeg_start_compress       00459d75 f   jcapistd.obj
 0001:00058de1       _jpeg_write_scanlines      00459de1 f   jcapistd.obj
 0001:00058e8c       _jinit_c_coef_controller   00459e8c f   jccoefct.obj
 0001:0005956d       _jinit_color_converter     0045a56d f   jccolor.obj
 0001:00059b57       _jinit_forward_dct         0045ab57 f   jcdctmgr.obj
 0001:0005a033       _jinit_c_diff_controller   0045b033 f   jcdiffct.obj
 0001:0005a557       _jpeg_make_c_derived_tbl   0045b557 f   jchuff.obj
 0001:0005a759       _jpeg_gen_optimal_table    0045b759 f   jchuff.obj
 0001:0005a918       _jinit_compress_master     0045b918 f   jcinit.obj
 0001:0005a971       _jinit_lhuff_encoder       0045b971 f   jclhuff.obj
 0001:0005b09b       _jinit_lossless_c_codec    0045c09b f   jclossls.obj
 0001:0005b133       _jinit_lossy_c_codec       0045c133 f   jclossy.obj
 0001:0005b1ce       _jinit_c_main_controller   0045c1ce f   jcmainct.obj
 0001:0005b33b       _jinit_marker_writer       0045c33b f   jcmarker.obj
 0001:0005bc17       _jinit_c_master_control    0045cc17 f   jcmaster.obj
 0001:0005c706       _jinit_c_codec             0045d706 f   jcodec.obj
 0001:0005c722       _jinit_d_codec             0045d722 f   jcodec.obj
 0001:0005c73e       _jpeg_abort                0045d73e f   jcomapi.obj
 0001:0005c771       _jpeg_destroy              0045d771 f   jcomapi.obj
 0001:0005c78c       _jpeg_alloc_quant_table    0045d78c f   jcomapi.obj
 0001:0005c7a8       _jpeg_alloc_huff_table     0045d7a8 f   jcomapi.obj
 0001:0005c7c4       _jpeg_add_quant_table      0045d7c4 f   jcparam.obj
 0001:0005c876       _jpeg_quality_scaling      0045d876 f   jcparam.obj
 0001:0005c89d       _jpeg_set_quality          0045d89d f   jcparam.obj
 0001:0005c8d7       _jpeg_set_defaults         0045d8d7 f   jcparam.obj
 0001:0005ca99       _jpeg_default_colorspace   0045da99 f   jcparam.obj
 0001:0005cae9       _jpeg_set_colorspace       0045dae9 f   jcparam.obj
 0001:0005ce04       _jinit_phuff_encoder       0045de04 f   jcphuff.obj
 0001:0005d8a9       _jinit_differencer         0045e8a9 f   jcpred.obj
 0001:0005ddc3       _jinit_c_prep_controller   0045edc3 f   jcprepct.obj
 0001:0005e30e       _jinit_downsampler         0045f30e f   jcsample.obj
 0001:0005eb8e       _jinit_c_scaler            0045fb8e f   jcscale.obj
 0001:0005ec04       _jinit_shuff_encoder       0045fc04 f   jcshuff.obj
 0001:0005f46f       _jpeg_CreateDecompress     0046046f f   jdapimin.obj
 0001:0005f52f       _jpeg_destroy_compress     0046052f f   jdapimin.obj
 0001:0005f52f       _jpeg_destroy_decompress   0046052f f   jdapimin.obj
 0001:0005f53a       _jpeg_read_header          0046053a f   jdapimin.obj
 0001:0005f59c       _jpeg_consume_input        0046059c f   jdapimin.obj
 0001:0005f7ea       _jpeg_finish_decompress    004607ea f   jdapimin.obj
 0001:0005f881       _jpeg_start_decompress     00460881 f   jdapistd.obj
 0001:0005f9ee       _jpeg_read_scanlines       004609ee f   jdapistd.obj
 0001:0005fa72       _jpeg_stdio_dest           00460a72 f   jdatadst.obj
 0001:0005fb72       _jinit_d_coef_controller   00460b72 f   jdcoefct.obj
 0001:0006084e       _jinit_color_deconverter   0046184e f   jdcolor.obj
 0001:00060d64       _jinit_inverse_dct         00461d64 f   jddctmgr.obj
 0001:00060fa3       _jinit_d_diff_controller   00461fa3 f   jddiffct.obj
 0001:000614d1       _jpeg_make_d_derived_tbl   004624d1 f   jdhuff.obj
 0001:0006176e       _jpeg_fill_bit_buffer      0046276e f   jdhuff.obj
 0001:0006187d       _jpeg_huff_decode          0046287d f   jdhuff.obj
 0001:0006195d       _jinit_input_controller    0046295d f   jdinput.obj
 0001:00061e40       _jinit_lhuff_decoder       00462e40 f   jdlhuff.obj
 0001:00062235       _jinit_lossless_d_codec    00463235 f   jdlossls.obj
 0001:000622e5       _jinit_lossy_d_codec       004632e5 f   jdlossy.obj
 0001:000625b8       _jinit_d_main_controller   004635b8 f   jdmainct.obj
 0001:00062c03       _jpeg_resync_to_restart    00463c03 f   jdmarker.obj
 0001:00062dc8       _jinit_marker_reader       00463dc8 f   jdmarker.obj
 0001:00064293       _jpeg_calc_output_dimensions 00465293 f   jdmaster.obj
 0001:00064393       _jinit_master_decompress   00465393 f   jdmaster.obj
 0001:000646e9       _jinit_merged_upsampler    004656e9 f   jdmerge.obj
 0001:00064c39       _jinit_phuff_decoder       00465c39 f   jdphuff.obj
 0001:000657d6       _jinit_d_post_controller   004667d6 f   jdpostct.obj
 0001:00065a81       _jinit_undifferencer       00466a81 f   jdpred.obj
 0001:00065e3b       _jinit_upsampler           00466e3b f   jdsample.obj
 0001:00066479       _jinit_d_scaler            00467479 f   jdscale.obj
 0001:00066578       _jinit_shuff_decoder       00467578 f   jdshuff.obj
 0001:00066b0d       _jpeg_fdct_float           00467b0d f   jfdctflt.obj
[...]
 0001:00022cf8       _FindField                 00423cf8 f   model.obj
 0001:00022d31       _GetVector                 00423d31 f   model.obj
 0001:00022d62       _ProcessEntity             00423d62 f   model.obj
 0001:000237bf       _AddField                  004247bf f   model.obj
 0001:000237fc       _FindEntityTarget          004247fc f   model.obj
 0001:0001e0e2       _Multiplayer_MenuDraw      0041f0e2 f   menu.obj
 0001:0001e105       _M_Banner                  0041f105 f   menu.obj
 0001:0001e147       _Multiplayer_MenuInit      0041f147 f   menu.obj
 0001:0001e235       _Multiplayer_MenuKey       0041f235 f   menu.obj
 0001:0001e267       _Keys_MenuInit             0041f267 f   menu.obj
 0001:0001e3fa       _KeyCursorDrawFunc         0041f3fa f   menu.obj
 0001:0001e43b       _DrawKeyBindingFunc        0041f43b f   menu.obj
 0001:0001e4fb       _SeekLine                  0041f4fb f   menu.obj
 0001:0001e522       _AppendToken               0041f522 f   menu.obj
 0001:0001e54c       _Keys_MenuDraw             0041f54c f   menu.obj
 0001:0001e565       _Keys_MenuKey              0041f565 f   menu.obj
 0001:0001e632       _M_UnbindCommand           0041f632 f   menu.obj
 0001:0001e678       _KeyBindingFunc            0041f678 f   menu.obj
 0001:0001e6e6       _Options_MenuInit          0041f6e6 f   menu.obj
 0001:0001eb3c       _CrosshairFunc             0041fb3c f   menu.obj
 0001:0001eb60       _JoystickFunc              0041fb60 f   menu.obj
 0001:0001eb73       _CustomizeControlsFunc     0041fb73 f   menu.obj
 0001:0001eb78       _AlwaysRunFunc             0041fb78 f   menu.obj
 0001:0001eb8b       _FreeLookFunc              0041fb8b f   menu.obj
 0001:0001eb9e       _MouseSpeedFunc            0041fb9e f   menu.obj
 0001:0001ebbb       _ControlsSetMenuItemValues 0041fbbb f   menu.obj
 0001:0001ed87       _ControlsResetDefaultsFunc 0041fd87 f   menu.obj
 0001:0001ed9c       _InvertMouseFunc           0041fd9c f   menu.obj
 0001:0001edb7       _LookspringFunc            0041fdb7 f   menu.obj
 0001:0001edd3       _LookstrafeFunc            0041fdd3 f   menu.obj
 0001:0001edef       _UpdateVolumeFunc          0041fdef f   menu.obj
 0001:0001ee0c       _UpdateCDVolumeFunc        0041fe0c f   menu.obj
 0001:0001ee25       _UpdateSoundFunc           0041fe25 f   menu.obj
 0001:0001eecd       _Options_ScanCrosshairs    0041fecd f   menu.obj
 0001:0001ef20       _Options_MenuDraw          0041ff20 f   menu.obj
 0001:0001ef48       _Options_CrosshairDraw     0041ff48 f   menu.obj
 0001:0001efbf       _Options_MenuKey           0041ffbf f   menu.obj
 0001:0001f0a5       _M_Credits_MenuDraw        004200a5 f   menu.obj
 0001:0001f184       _M_Credits_Key             00420184 f   menu.obj
 0001:0001f1e1       _Game_MenuInit             004201e1 f   menu.obj
 0001:0001f36e       _EasyGameFunc              0042036e f   menu.obj
 0001:0001f384       _StartGame                 00420384 f   menu.obj
 0001:0001f3c9       _MediumGameFunc            004203c9 f   menu.obj
 0001:0001f3df       _HardGameFunc              004203df f   menu.obj
 0001:0001f3f5       _Game_MenuDraw             004203f5 f   menu.obj
 0001:0001f418       _Game_MenuKey              00420418 f   menu.obj
 0001:0001f44a       _LoadGame_MenuInit         0042044a f   menu.obj
 0001:0001f4f3       _Create_Savestrings        004204f3 f   menu.obj
 0001:0001f5b7       _LoadGameCallback          004205b7 f   menu.obj
 0001:0001f5e0       _LoadGame_MenuDraw         004205e0 f   menu.obj
 0001:0001f609       _DrawSavegameShot          00420609 f   menu.obj
 0001:0001f6c7       _LoadGame_MenuKey          004206c7 f   menu.obj
 0001:0001f728       _SaveGame_MenuDraw         00420728 f   menu.obj
 0001:0001f75d       _SaveGame_MenuInit         0042075d f   menu.obj
 0001:0001f7f8       _SaveGameCallback          004207f8 f   menu.obj
 0001:0001f817       _SaveGame_MenuKey          00420817 f   menu.obj
 0001:0001f8ed       _JoinServer_MenuInit       004208ed f   menu.obj
 0001:0001fa3e       _JoinServerFunc            00420a3e f   menu.obj
 0001:0001fa9f       _SearchLocalGames          00420a9f f   menu.obj
 0001:0001fb0b       _JoinServer_MenuDraw       00420b0b f   menu.obj
 0001:0001fb23       _JoinServer_MenuKey        00420b23 f   menu.obj
 0001:0001fb55       _StartServer_MenuInit      00420b55 f   menu.obj
 0001:00020005       _DMOptionsFunc             00421005 f   menu.obj
 0001:00020014       _RulesChangeFunc           00421014 f   menu.obj
 0001:0002007d       _StartServerActionFunc     0042107d f   menu.obj
 0001:000200a9       _StartServerFunc           004210a9 f   menu.obj
 0001:00020314       _StartServer_MenuDraw      00421314 f   menu.obj
 0001:00020320       _StartServer_MenuKey       00421320 f   menu.obj
 0001:00020380       _DMOptions_MenuInit        00421380 f   menu.obj
 0001:00020914       _DMFlagCallback            00421914 f   menu.obj
 0001:00020ac2       _DMOptions_MenuDraw        00421ac2 f   menu.obj
 0001:00020ace       _DMOptions_MenuKey         00421ace f   menu.obj
 0001:00020b00       _DownloadOptions_MenuInit  00421b00 f   menu.obj
 0001:00020ceb       _DownloadCallback          00421ceb f   menu.obj
 0001:00020d44       _DownloadOptions_MenuDraw  00421d44 f   menu.obj
 0001:00020d50       _DownloadOptions_MenuKey   00421d50 f   menu.obj
 0001:00020d82       _AddressBook_MenuInit      00421d82 f   menu.obj
 0001:00020e38       _AddressBook_MenuKey       00421e38 f   menu.obj
 0001:00020e89       _AddressBook_MenuDraw      00421e89 f   menu.obj
 0001:00020ea1       _M_Menu_PlayerConfig_f     00421ea1 f   menu.obj
 0001:00020efc       _PlayerConfig_MenuInit     00421efc f   menu.obj
 0001:0002142e       _HandednessCallback        0042242e f   menu.obj
 0001:00021441       _RTypeCallback             00422441 f   menu.obj
 0001:00021454       _RColorCallback            00422454 f   menu.obj
 0001:00021467       _RateCallback              00422467 f   menu.obj
 0001:00021485       _ModelCallback             00422485 f   menu.obj
 0001:000214c6       _PlayerConfig_ScanDirectories 004224c6 f   menu.obj
 0001:0002168d       _IsValidSkin               0042268d f   menu.obj
 0001:00021756       _PlayerConfig_MenuDraw     00422756 f   menu.obj
 0001:000219fe       _PlayerConfig_MenuKey      004229fe f   menu.obj
 0001:00021ad2       _M_Menu_DMBrowse_f         00422ad2 f   menu.obj
 0001:00021b16       _DMBrowse_MenuInit         00422b16 f   menu.obj
 0001:00021cfc       _DMBrowse_MenuKey          00422cfc f   menu.obj
 0001:00021ead       _DMBrowse_MenuDraw         00422ead f   menu.obj
 0001:00021fd2       _DrawThumbnail             00422fd2 f   menu.obj
 0001:00022097       _M_Quit_Key                00423097 f   menu.obj
 0001:000220d7       _M_Quit_Draw               004230d7 f   menu.obj
 0001:00022224       _M_Menu_Quit_f             00423224 f   menu.obj
 0001:0001d687       _AllocChain                0041e687 f   memory.obj
 0001:0001d977       _Z_Stats_f                 0041e977 f   memory.obj
 0001:0001ce7a       _MD4Transform              0041de7a f   md4.obj
 0001:0001d47c       _Encode                    0041e47c f   md4.obj
 0001:0001d4c1       _Decode                    0041e4c1 f   md4.obj
 0001:0001bcc8       _Do_CompleteCommand        0041ccc8 f   keys.obj
 0001:0001c180       _Key_StringToKeynum        0041d180 f   keys.obj
 0001:0001c26b       _HexDigit                  0041d26b f   keys.obj
 0001:0001c291       _TryComplete               0041d291 f   keys.obj
 0001:0001c326       _CompleteMenu              0041d326 f   keys.obj
 0001:0001c48d       _CompleteMenuDraw          0041d48d f   keys.obj
 0001:0001c4ec       _CompleteMenuKey           0041d4ec f   keys.obj
 0001:0001c51e       _CompleteMenuCallback      0041d51e f   keys.obj
 0001:0001c719       _Key_Unbind_f              0041d719 f   keys.obj
 0001:0001c800       _Key_Unbindall_f           0041d800 f   keys.obj
 0001:0001c82a       _Key_Bind_f                0041d82a f   keys.obj
 0001:0001c90a       _Key_Bindlist_f            0041d90a f   keys.obj
 0001:0001ae91       _IN_StartupMouse           0041be91 f   in_win.obj
 0001:0001aed7       _IN_StartupJoystick        0041bed7 f   in_win.obj
 0001:0001aff8       _Joy_AdvancedUpdate_f      0041bff8 f   in_win.obj
 0001:0001b17a       _IN_DeactivateMouse        0041c17a f   in_win.obj
 0001:0001b19d       _IN_FreeDirect             0041c19d f   in_win.obj
 0001:0001b206       _IN_FreeWin32              0041c206 f   in_win.obj
 0001:0001b277       _IN_MouseMove              0041c277 f   in_win.obj
 0001:0001b432       _IN_JoyMove                0041c432 f   in_win.obj
 0001:0001b778       _IN_ReadJoystick           0041c778 f   in_win.obj
 0001:0001b8ed       _IN_ActivateMouse          0041c8ed f   in_win.obj
 0001:0001b95d       _IN_InitDirect             0041c95d f   in_win.obj
 0001:0001baa7       _IN_InitWin32              0041caa7 f   in_win.obj
 0001:00033464       _J_InitSource              00434464 f   vid_dll.obj
 0001:0001a7c3       _J_FillInputBuffer         0041b7c3 f   images.obj
 0001:0001a7eb       _J_SkipInputData           0041b7eb f   images.obj
 0001:00033464       _J_TermSource              00434464 f   vid_dll.obj
 0001:0001a803       _InitJpegError             0041b803 f   images.obj
 0001:0001a834       _J_ErrorExit               0041b834 f   images.obj
 0001:0001a843       _J_EmitMessage             0041b843 f   images.obj
 0001:0001a860       _J_ResetErrorMgr           0041b860 f   images.obj
 0001:0001880e       _FindPakFile               0041980e f   files.obj
 0001:0001887e       _FindPakDirectory          0041987e f   files.obj
 0001:0001890f       _FileLength                0041990f f   files.obj
 0001:00018d63       _FOpenCached               00419d63 f   files.obj
 0001:000190ac       _UnloadPackFile            0041a0ac f   files.obj
 0001:000190d2       _ClearFileCache            0041a0d2 f   files.obj
 0001:000190f9       _AddGameDirectory          0041a0f9 f   files.obj
 0001:000191be       _AddDirFilesToList         0041a1be f   files.obj
 0001:00019281       _LoadPackFile              0041a281 f   files.obj
 0001:000193f0       _AddPakFile                0041a3f0 f   files.obj
 0001:0001948f       _AddPakDirectory           0041a48f f   files.obj
 0001:0001956d       _EnumZippedPak             0041a56d f   files.obj
 0001:00019807       _ListPakDirectory          0041a807 f   files.obj
 0001:000199c9       _InitResFiles              0041a9c9 f   files.obj
 0001:00019aac       _FS_LoadPak_f              0041aaac f   files.obj
 0001:00019b79       _TryLoadPak                0041ab79 f   files.obj
 0001:00019be6       _FindPakStruc              0041abe6 f   files.obj
 0001:00019c3b       _FS_UnloadPak_f            0041ac3b f   files.obj
 0001:00019de0       _FS_Link_f                 0041ade0 f   files.obj
 0001:00019eac       _FS_Dir_f                  0041aeac f   files.obj
 0001:0001a0bd       _FS_Path_f                 0041b0bd f   files.obj
 0001:0001a156       _FS_Cat_f                  0041b156 f   files.obj
 0001:0001a22f       _FS_Type_f                 0041b22f f   files.obj
 0001:00017099       _Cvar_FindVar              00418099 f   cvar.obj
 0001:000170ce       _ComputeHash               004180ce f   cvar.obj
 0001:000172e9       _Cvar_SetString            004182e9 f   cvar.obj
 0001:0001737f       _Cvar_InfoValidate         0041837f f   cvar.obj
 0001:0001748e       _Cvar_Set2                 0041848e f   cvar.obj
 0001:00017660       _Cvar_SetHardcoded         00418660 f   cvar.obj
 0001:00017aa7       _Cvar_Set_f                00418aa7 f   cvar.obj
 0001:00017b24       _Cvar_SetWithFlags         00418b24 f   cvar.obj
 0001:00017b77       _Cvar_Seta_f               00418b77 f   cvar.obj
 0001:00017b99       _Cvar_Setu_f               00418b99 f   cvar.obj
 0001:00017bbb       _Cvar_Sets_f               00418bbb f   cvar.obj
 0001:00017bdd       _Cvar_Reset_f              00418bdd f   cvar.obj
 0001:00017c42       _Cvar_List_f               00418c42 f   cvar.obj
 0001:00017d5d       _Cvar_Add_f                00418d5d f   cvar.obj
 0001:00017ee9       _Cvar_Scale_f              00418ee9 f   cvar.obj
 0001:00017f5c       _Cvar_Toggle_f             00418f5c f   cvar.obj
 0001:00017fbf       _Cvar_Cycle_f              00418fbf f   cvar.obj
 0001:00015dc4       _Con_Clear_f               00416dc4 f   console.obj
 0001:00015e2d       _PlaceChar                 00416e2d f   console.obj
 0001:00015fa8       _FindLine                  00416fa8 f   console.obj
 0001:00016718       _Con_DrawInput             00417718 f   console.obj
 0001:00016da7       _iswordsym                 00417da7 f   console.obj
 0001:00016f02       _Con_Dump_f                00417f02 f   console.obj
 0001:00017020       _Con_MessageMode_f         00418020 f   console.obj
 0001:00017032       _Con_MessageMode2_f        00418032 f   console.obj
 0001:0001461d       _GetInt                    0041561d f   common.obj
 0001:0001562f       _Com_Error_f               0041662f f   common.obj
 0001:00015647       _ParseCmdline              00416647 f   common.obj
 0001:000157fc       _PushCmdline               004167fc f   common.obj
 0001:00011ca8       _CMod_LoadSurfaces         00412ca8 f   cmodel.obj
 0001:00011daa       _CMod_ReadSurfMaterials    00412daa f   cmodel.obj
 0001:00011ee5       _CMod_LoadNodes            00412ee5 f   cmodel.obj
 0001:00011f47       _CMod_LoadBrushes          00412f47 f   cmodel.obj
 0001:00011f93       _CMod_LoadLeafs            00412f93 f   cmodel.obj
 0001:00012062       _CMod_LoadPlanes           00413062 f   cmodel.obj
 0001:00012170       _CMod_LoadLeafBrushes      00413170 f   cmodel.obj
 0001:000121bb       _CMod_LoadBrushSides       004131bb f   cmodel.obj
 0001:00012234       _CMod_LoadAreas            00413234 f   cmodel.obj
 0001:000125bf       _PointLeafnum              004135bf f   cmodel.obj
 0001:00012815       _BoxLeafnums_headnode      00413815 f   cmodel.obj
 0001:00012bd0       _TestInLeaf                00413bd0 f   cmodel.obj
 0001:00012c35       _TestBoxInBrush            00413c35 f   cmodel.obj
 0001:00012da6       _RecursiveHullCheck        00413da6 f   cmodel.obj
 0001:0001307d       _TraceToLeaf               0041407d f   cmodel.obj
 0001:000130fd       _ClipBoxToBrush            004140fd f   cmodel.obj
 0001:000137e2       _RecursiveBrushTest        004147e2 f   cmodel.obj
 0001:00013a51       _TestBrush                 00414a51 f   cmodel.obj
 0001:00013d32       _FloodArea_r               00414d32 f   cmodel.obj
 0001:00011650       _Cmd_MacroExpandString     00412650 f   cmd.obj
 0001:0001198e       _Cmd_Wait_f                0041298e f   cmd.obj
 0001:000119c3       _Cmd_List_f                004129c3 f   cmd.obj
 0001:000105b7       _DrawSurfInfo              004115b7 f   cl_view.obj
 0001:00010912       _DrawFlag                  00411912 f   cl_view.obj
 0001:00010a13       _DecodeContents            00411a13 f   cl_view.obj
 0001:00010a46       _DrawOriginInfo            00411a46 f   cl_view.obj
 0001:00010b4a       _DrawFpsInfo               00411b4a f   cl_view.obj
 0001:00010ca6       _FixWaterVis               00411ca6 f   cl_view.obj
 0001:00010da4       _entitycmpfnc              00411da4 f   cl_view.obj
 0001:00010e0d       _Screenshot_f              00411e0d f   cl_view.obj
 0001:0000d5cd       _SCR_CalcVrect             0040e5cd f   cl_scrn.obj
 0001:0000bf5c       _CL_PMTrace                0040cf5c f   cl_pred.obj
 0001:0000859f       _TryParseStatus            0040959f f   cl_main.obj
 0001:00006a3f       _IN_KLookUp                00407a3f f   cl_input.obj
 0001:00006a4b       _KeyUp                     00407a4b f   cl_input.obj
 0001:00006ac5       _IN_KLookDown              00407ac5 f   cl_input.obj
 0001:00006ad1       _KeyDown                   00407ad1 f   cl_input.obj
 0001:00006b47       _IN_UpUp                   00407b47 f   cl_input.obj
 0001:00006b53       _IN_UpDown                 00407b53 f   cl_input.obj
 0001:00006b5f       _IN_DownUp                 00407b5f f   cl_input.obj
 0001:00006b6b       _IN_DownDown               00407b6b f   cl_input.obj
 0001:00006b77       _IN_RightUp                00407b77 f   cl_input.obj
 0001:00006b83       _IN_RightDown              00407b83 f   cl_input.obj
 0001:00006b8f       _IN_LeftUp                 00407b8f f   cl_input.obj
 0001:00006b9b       _IN_LeftDown               00407b9b f   cl_input.obj
 0001:00006ba7       _IN_ForwardUp              00407ba7 f   cl_input.obj
 0001:00006bb3       _IN_ForwardDown            00407bb3 f   cl_input.obj
 0001:00006bbf       _IN_BackUp                 00407bbf f   cl_input.obj
 0001:00006bcb       _IN_BackDown               00407bcb f   cl_input.obj
 0001:00006bd7       _IN_LookupUp               00407bd7 f   cl_input.obj
 0001:00006be3       _IN_LookupDown             00407be3 f   cl_input.obj
 0001:00006bef       _IN_LookdownUp             00407bef f   cl_input.obj
 0001:00006bfb       _IN_LookdownDown           00407bfb f   cl_input.obj
 0001:00006c07       _IN_MoveleftUp             00407c07 f   cl_input.obj
 0001:00006c13       _IN_MoveleftDown           00407c13 f   cl_input.obj
 0001:00006c1f       _IN_MoverightUp            00407c1f f   cl_input.obj
 0001:00006c2b       _IN_MoverightDown          00407c2b f   cl_input.obj
 0001:00006c37       _IN_SpeedUp                00407c37 f   cl_input.obj
 0001:00006c43       _IN_SpeedDown              00407c43 f   cl_input.obj
 0001:00006c4f       _IN_StrafeUp               00407c4f f   cl_input.obj
 0001:00006c5b       _IN_StrafeDown             00407c5b f   cl_input.obj
 0001:00006c67       _IN_AttackUp               00407c67 f   cl_input.obj
 0001:00006c73       _IN_AttackDown             00407c73 f   cl_input.obj
 0001:00006c7f       _IN_UseUp                  00407c7f f   cl_input.obj
 0001:00006c8b       _IN_UseDown                00407c8b f   cl_input.obj
 0001:00006c97       _IN_Lookdown               00407c97 f   cl_input.obj
 0001:00006cca       _IN_Lookup                 00407cca f   cl_input.obj
 0001:00006f62       _CreateCmd                 00407f62 f   cl_input.obj
 0001:00006fae       _BaseMove                  00407fae f   cl_input.obj
 0001:0000716b       _KeyState                  0040816b f   cl_input.obj
 0001:000071cb       _AdjustAngles              004081cb f   cl_input.obj
 0001:000072da       _FinishMove                004082da f   cl_input.obj
 0001:00007393       _ClampPitch                00408393 f   cl_input.obj
 0001:00003706       _CL_AddParticleTraces      00404706 f   cl_fx.obj
 0001:00003a5f       _CL_UpdateParticleBeams    00404a5f f   cl_fx.obj
 0001:00002487       _CL_AddDebugLines          00403487 f   cl_ents.obj
 0001:000024db       _CL_AddPacketEntities      004034db f   cl_ents.obj
 0001:00002eb7       _GetEntityInfo             00403eb7 f   cl_ents.obj
 0001:00002fc6       _AddEntityWithEffects      00403fc6 f   cl_ents.obj
 0001:00002ff2       _AddViewWeapon             00403ff2 f   cl_ents.obj
 0001:0000083e       _FreeCinematic             0040183e f   cl_cin.obj
 0001:000009f1       _ReadNextFrame             004019f1 f   cl_cin.obj
 0001:00000b0e       _Huff1Decompress           00401b0e f   cl_cin.obj
 0001:00000fb7       _Huff1TableInit            00401fb7 f   cl_cin.obj
 0001:000010b1       _SmallestNode1             004020b1 f   cl_cin.obj
 0001:0000014c       _CDAudio_GetAudioDiskInfo  0040114c f   cd_win.obj
 0001:000004c4       _CD_f                      004014c4 f   cd_win.obj
 0001:0000077d       _CDAudio_Eject             0040177d f   cd_win.obj
 0001:000007a7       _CDAudio_CloseDoor         004017a7 f   cd_win.obj

 70 bytes saved through ICF

