 Quake2

 Timestamp is 44d0eb19 (Wed Aug 02 22:12:41 2006)

 Preferred load address is 00400000

 Start         Length     Name                   Class
 0001:00000000 000677e0H .text                   CODE
 0002:00000000 00000294H .idata$5                DATA
 0002:00000298 00007584H .rdata                  DATA
 0002:00007820 00000044H .rdata$r                DATA
 0002:00007868 00000038H .xdata$x                DATA
 0002:000078a0 00000078H .idata$2                DATA
 0002:00007918 00000014H .idata$3                DATA
 0002:0000792c 00000294H .idata$4                DATA
 0002:00007bc0 0000086aH .idata$6                DATA
 0002:0000842a 00000000H .edata                  DATA
 0003:00000000 00000004H .CRT$XCA                DATA
 0003:00000004 00000088H .CRT$XCU                DATA
 0003:0000008c 00000004H .CRT$XCZ                DATA
 0003:00000090 00000004H .CRT$XIA                DATA
 0003:00000094 00000004H .CRT$XIZ                DATA
 0003:000000a0 0000e67cH .data                   DATA
 0003:0000e720 004578a0H .bss                    DATA
 0004:00000000 00000130H .rsrc$01                DATA
 0004:00000130 00003f20H .rsrc$02                DATA

  Address         Publics by Value              Rva+Base     Lib:Object

 0001:00000000       ??3@YAXPAX@Z               00401000 f i CoreMain.obj
 0001:0000000e       ?appTimestamp@@YAPBDXZ     0040100e f   CoreMain.obj
 0001:00000043       ?appInit@@YAXXZ            00401043 f   CoreMain.obj
 0001:000000c3       ?appExit@@YAXXZ            004010c3 f   CoreMain.obj
 0001:000000cd       ?appMilliseconds@@YAIXZ    004010cd f   CoreWin32.obj
 0001:000000d3       ?appPackage@@YAPBDXZ       004010d3 f   CoreWin32.obj
 0001:0000012b       ?appGetSystemErrorMessage@@YAPBDI@Z 0040112b f   CoreWin32.obj
 0001:0000018f       ?appDisplayError@@YAXXZ    0040118f f   CoreWin32.obj
 0001:000001e0       ?appInitPlatform@@YAXXZ    004011e0 f   CoreWin32.obj
 0001:00000373       ?appShutdownPlatform@@YAXXZ 00401373 f   CoreWin32.obj
 0001:0000037c       ?sprintf@?$TString@$0BAA@@@QAAHPBDZZ 0040137c f i CoreWin32.obj
 0001:00000399       ?appDetectCPU@@YAXXZ       00401399 f   CoreCpuid.obj
 0001:0000064d       ?appLoadDebugSymbols@@YAXXZ 0040164d f   DbgSymbols.obj
 0001:0000080b       ?appSymbolName@@YA_NIPADH@Z 0040180b f   DbgSymbols.obj
 0001:00000901       ?appSymbolName@@YAPBDI@Z   00401901 f   DbgSymbols.obj
 0001:00000939       ?osGetAddressPackage@@YA_NIPADHAAH@Z 00401939 f   DbgSymbolsWin32.obj
 0001:000009cd       ?osGetAddressSymbol@@YA_NIPADHAAH@Z 004019cd f   DbgSymbolsWin32.obj
 0001:00000b74       ?appMalloc@@YAPAXIH@Z      00401b74 f   Memory.obj
 0001:00000c79       ?appFree@@YAXPAX@Z         00401c79 f   Memory.obj
 0001:00000cf8       ?Unlink@FMemHeader@@QAEXXZ 00401cf8 f i Memory.obj
 0001:00000d23       ?Link@CMemoryChain@@AAEXXZ 00401d23 f   Memory.obj
 0001:00000d42       ?Unlink@CMemoryChain@@AAEXXZ 00401d42 f   Memory.obj
 0001:00000d6d       ??2CMemoryChain@@SAPAXIH@Z 00401d6d f   Memory.obj
 0001:00000e36       ??3CMemoryChain@@SAXPAX@Z  00401e36 f   Memory.obj
 0001:00000eb7       ?Alloc@CMemoryChain@@QAEPAXIH@Z 00401eb7 f   Memory.obj
 0001:00000f83       ?GetSize@CMemoryChain@@QAEHXZ 00401f83 f   Memory.obj
 0001:00000f91       ?BuildAllocatorsTable@@YAHPAXH@Z 00401f91 f   Memory.obj
 0001:00001102       ?appInitMemory@@YAXXZ      00402102 f   Memory.obj
 0001:000014ea       ?Close@COutputDevice@@UAEXXZ 004024ea f i OutputDevice.obj
 0001:000014ea       ?Flush@COutputDevice@@UAEXXZ 004024ea f i OutputDevice.obj
 0001:000014ea       ?Show@CSunLight@OpenGLDrv@@UBEXXZ 004024ea f i OutputDevice.obj
 0001:000014eb       ?Write@COutputDeviceNull@@UAEXPBD@Z 004024eb f i OutputDevice.obj
 0001:00001505       ??_GCOutputDeviceNull@@UAEPAXI@Z 00402505 f i OutputDevice.obj
 0001:00001505       ??_GCOutputDevice@@UAEPAXI@Z 00402505 f i OutputDevice.obj
 0001:00001505       ??_ECOutputDevice@@UAEPAXI@Z 00402505 f i OutputDevice.obj
 0001:00001505       ??_ECOutputDeviceNull@@UAEPAXI@Z 00402505 f i OutputDevice.obj
 0001:00001548       ?Write@COutputDeviceLog@@UAEXPBD@Z 00402548 f i OutputDevice.obj
 0001:00001593       ??_GCOutputDeviceLog@@UAEPAXI@Z 00402593 f i OutputDevice.obj
 0001:00001593       ??_ECOutputDeviceLog@@UAEPAXI@Z 00402593 f i OutputDevice.obj
 0001:000015b3       ?Printf@COutputDevice@@QAAXPBDZZ 004025b3 f   OutputDevice.obj
 0001:00001624       ?Register@COutputDevice@@QAEXXZ 00402624 f   OutputDevice.obj
 0001:00001680       ?Unregister@COutputDevice@@QAEXXZ 00402680 f   OutputDevice.obj
 0001:000016d3       ?appPrintf@@YAXPBDZZ       004026d3 f   OutputDevice.obj
 0001:0000180a       ?appWPrintf@@YAXPBDZZ      0040280a f   OutputDevice.obj
 0001:0000186d       ??0COutputDeviceMemTail@@QAE@H@Z 0040286d f i ErrorMgr.obj
 0001:0000189e       ?Write@COutputDeviceMemTail@@UAEXPBD@Z 0040289e f i ErrorMgr.obj
 0001:000019ba       ??_ECOutputDeviceMemTail@@UAEPAXI@Z 004029ba f i ErrorMgr.obj
 0001:000019ba       ??_GCOutputDeviceMemTail@@UAEPAXI@Z 004029ba f i ErrorMgr.obj
 0001:000019d9       ??1COutputDeviceMemTail@@UAE@XZ 004029d9 f i ErrorMgr.obj
 0001:00001a22       ??0COutputDeviceFile@@QAE@XZ 00402a22 f i ErrorMgr.obj
 0001:00001a37       ?Write@COutputDeviceFile@@UAEXPBD@Z 00402a37 f i ErrorMgr.obj
 0001:00001a8e       ?Flush@COutputDeviceFile@@UAEXXZ 00402a8e f i ErrorMgr.obj
 0001:00001a9e       ?Close@COutputDeviceFile@@UAEXXZ 00402a9e f i ErrorMgr.obj
 0001:00001ab6       ??_GCOutputDeviceFile@@UAEPAXI@Z 00402ab6 f i ErrorMgr.obj
 0001:00001ab6       ??_ECOutputDeviceFile@@UAEPAXI@Z 00402ab6 f i ErrorMgr.obj
 0001:00001ad5       ??1COutputDeviceFile@@UAE@XZ 00402ad5 f i ErrorMgr.obj
 0001:00001b14       ?appBeginError@@YAPAVCOutputDevice@@PBD@Z 00402b14 f   ErrorMgr.obj
 0001:00001bdf       ?appGetErrorLog@@YAPAVCOutputDevice@@XZ 00402bdf f   ErrorMgr.obj
 0001:00001c4a       ?Open@COutputDeviceFile@@QAEXPBD_N@Z 00402c4a f i ErrorMgr.obj
 0001:00001c90       ?appFatalError@@YAXPBDZZ   00402c90 f   ErrorMgr.obj
 0001:00001ce6       ?appNonFatalError@@YAXPBDZZ 00402ce6 f   ErrorMgr.obj
 0001:00001d48       ?appUnwindPrefix@@YAXPBD@Z 00402d48 f   ErrorMgr.obj
 0001:00001dfa       ?appUnwindThrow@@YAXPBDZZ  00402dfa f   ErrorMgr.obj
 0001:00001e70       ?Reset@CErrorHandler@@QAEXXZ 00402e70 f   ErrorMgr.obj
 0001:00001ea1       ?appInitError@@YAXXZ       00402ea1 f   ErrorMgr.obj
 0001:00001f96       ?appShutdownError@@YAXXZ   00402f96 f   ErrorMgr.obj
 0001:00002020       ?GetTail@COutputDeviceMemTail@@QAEPBDH@Z 00403020 f i ErrorMgr.obj
 0001:00002046       ?sprintf@?$TString@$0CAA@@@QAAHPBDZZ 00403046 f i ErrorMgr.obj
 0001:00002063       ?win32ExceptFilter@@YGJPAU_EXCEPTION_POINTERS@@@Z 00403063 f   ExceptHandlerWin32.obj
 0001:00002206       ?win32ExceptFilter2@@YAIXZ 00403206 f   ExceptHandlerWin32.obj
 0001:0000220f       ?sprintf@?$TString@$0EAA@@@QAAHPBDZZ 0040320f f i ExceptHandlerWin32.obj
 0001:0000222c       ?DumpRegs@@YAXPAVCOutputDevice@@PAU_CONTEXT@@@Z 0040322c f   ExceptDumpers.obj
 0001:0000233d       ?DumpMem@@YAXPAVCOutputDevice@@PBIPAU_CONTEXT@@@Z 0040333d f   ExceptDumpers.obj
 0001:0000257c       ?UnwindEbpFrame@@YAXPAVCOutputDevice@@PBI@Z 0040357c f   ExceptDumpers.obj
 0001:0000260d       ?GetLine@CSimpleParser@@QAEPBDXZ 0040360d f   ScriptParser.obj
 0001:00002724       ?SkipBraces@CSimpleParser@@QAEPBDXZ 00403724 f   ScriptParser.obj
 0001:0000275a       ?appStricmp@@YAHPBD0@Z     0040375a f   Strings.obj
 0001:00002791       ?toLower@@YADD@Z           00403791 f i Strings.obj
 0001:000027ac       ?appStrncpylwr@@YAXPADPBDH@Z 004037ac f   Strings.obj
 0001:000027e4       ?appStrncpyz@@YAXPADPBDH@Z 004037e4 f   Strings.obj
 0001:00002811       ?appStrcatn@@YAXPADHPBD@Z  00403811 f   Strings.obj
 0001:0000283d       ?appCopyFilename@@YAXPADPBDH@Z 0040383d f   Strings.obj
 0001:00002965       ?appCStrlen@@YAHPBD@Z      00403965 f   Strings.obj
 0001:0000298d       ?appUncolorizeString@@YAXPADPBD@Z 0040398d f   Strings.obj
 0001:000029bf       ?va@@YAPBDPBDZZ            004039bf f   Strings.obj
 0001:00002ab3       ?appSprintf@@YAHPADHPBDZZ  00403ab3 f   Strings.obj
 0001:00002b52       ?appMatchWildcard@@YA_NPBD0_N@Z 00403b52 f   Strings.obj
 0001:00002d97       ?appIsWildcard@@YA_NPBD@Z  00403d97 f   Strings.obj
 0001:00002dc3       ?appStrdup@@YAPADPBD@Z     00403dc3 f   Strings.obj
 0001:00002e04       ?appStrdup@@YAPADPBDPAVCMemoryChain@@@Z 00403e04 f   Strings.obj
 0001:00002e39       ??0CStringItem@@QAE@XZ     00403e39 f   Strings.obj
 0001:00002e44       ??2CStringItem@@SAPAXIPBD@Z 00403e44 f   Strings.obj
 0001:00002ede       ??2CStringItem@@SAPAXIPBDPAVCMemoryChain@@@Z 00403ede f   Strings.obj
 0001:00002f53       ?Find@CStringList@@IAEPAVCStringItem@@PBDPAPAV2@@Z 00403f53 f   Strings.obj
 0001:00002fde       ?Find@CStringList@@IAEPAVCStringItem@@H@Z 00403fde f   Strings.obj
 0001:0000304a       ?IndexOf@CStringList@@QAEHPBD@Z 0040404a f   Strings.obj
 0001:000030cc       ?Remove@CStringList@@QAE_NPAVCStringItem@@@Z 004040cc f   Strings.obj
 0001:00003150       ?Add@CTextContainer@@QAEPAUCTextRec@@PBD@Z 00404150 f   TextContainer.obj
 0001:000031fc       ?Enumerate@CTextContainer@@QAEXP6AXPBUCTextRec@@@Z@Z 004041fc f   TextContainer.obj
 0001:00003268       ?SubtractPath@@YAPBDPBD0@Z 00404268 f   FileSystem.obj
 0001:00003300       ?appMakeDirectoryForFile@@YAXPBD@Z 00404300 f   FileSystem.obj
 0001:00003336       ?appOpenFile@@YAPAVCFile@@PBD@Z 00404336 f   FileSystem.obj
 0001:00003373       ?Read@CFileOS@@UAEHPAXH@Z  00404373 f i FileSystem.obj
 0001:0000339a       ?GetSize@CFileOS@@UAEHXZ   0040439a f i FileSystem.obj
 0001:000033e5       ?Eof@CFileOS@@UAE_NXZ      004043e5 f i FileSystem.obj
 0001:000033f9       ??_ECFileOS@@UAEPAXI@Z     004043f9 f i FileSystem.obj
 0001:000033f9       ??_GCFileOS@@UAEPAXI@Z     004043f9 f i FileSystem.obj
 0001:0000342e       ??_GCFile@@UAEPAXI@Z       0040442e f i FileSystem.obj
 0001:0000342e       ??_ECFile@@UAEPAXI@Z       0040442e f i FileSystem.obj
 0001:0000344e       ?ReadByte@CFile@@QAEEXZ    0040444e f   FileSystem.obj
 0001:00003466       ?ReadInt@CFile@@QAEHXZ     00404466 f   FileSystem.obj
 0001:0000347e       ?ReadString@CFile@@QAEXPADH@Z 0040447e f   FileSystem.obj
 0001:000034bb       ?GetType@CFileContainer@@MAEPBDXZ 004044bb f   FileSystem.obj
 0001:000034c1       ?Mount@CFileSystem@@QAEXAAVCFileContainer@@PBD@Z 004044c1 f   FileSystem.obj
 0001:00003517       ?Umount@CFileSystem@@QAEXAAVCFileContainer@@@Z 00404517 f   FileSystem.obj
 0001:00003551       ?MountDirectory@CFileSystem@@QAEPAVCFileContainer@@PBD0@Z 00404551 f   FileSystem.obj
 0001:00003596       ?GetType@CFileContainerOS@@MAEPBDXZ 00404596 f i FileSystem.obj
 0001:0000359c       ?FileExists@CFileContainerOS@@UAE_NPBD@Z 0040459c f i FileSystem.obj
 0001:000035c6       ?OpenFile@CFileContainerOS@@UAEPAVCFile@@PBD@Z 004045c6 f i FileSystem.obj
 0001:000035e6       ?List@CFileContainerOS@@UAEXAAVCFileList@@PBDI@Z 004045e6 f i FileSystem.obj
 0001:0000360f       ??_ECFileContainerOS@@UAEPAXI@Z 0040460f f i FileSystem.obj
 0001:0000360f       ??_GCFileContainerOS@@UAEPAXI@Z 0040460f f i FileSystem.obj
 0001:0000362f       ??_ECFileContainer@@UAEPAXI@Z 0040462f f i FileSystem.obj
 0001:0000362f       ??_GCFileContainer@@UAEPAXI@Z 0040462f f i FileSystem.obj
 0001:0000364f       ?MountArchive@CFileSystem@@QAEPAVCFileContainer@@PBD0@Z 0040464f f   FileSystem.obj
 0001:00003766       ?Mount@CFileSystem@@QAEXPBD0@Z 00404766 f   FileSystem.obj
 0001:00003998       ?Umount@CFileSystem@@QAEXPBD@Z 00404998 f   FileSystem.obj
 0001:00003a34       ?List@CFileSystem@@UAEPAVCFileList@@PBDIPAV2@@Z 00404a34 f   FileSystem.obj
 0001:00003bef       ?RegisterFormat@CFileSystem@@SAXP6APAVCFileContainer@@PBDPAU_iobuf@@@Z@Z 00404bef f   FileSystem.obj
 0001:00003c33       ?FileExists@CFileSystem@@UAE_NPBDI@Z 00404c33 f   FileSystem.obj
 0001:00003cb2       ?OpenFile@CFileSystem@@UAEPAVCFile@@PBDI@Z 00404cb2 f   FileSystem.obj
 0001:00003d57       ?LoadFile@CFileSystem@@QAEPAXPBDPAI@Z 00404d57 f   FileSystem.obj
 0001:00003e27       ?cMount@@YAX_NHPAPAD@Z     00404e27 f   FileSystem.obj
 0001:00003f65       ?cUmount@@YAX_NHPAPAD@Z    00404f65 f   FileSystem.obj
 0001:00003f94       ?appInitFileSystem@@YAXAAVCFileSystem@@@Z 00404f94 f   FileSystem.obj
 0001:0000438b       ?appListDirectory@@YAXPBDAAVCFileList@@I@Z 0040538b f   FileSystemWin32.obj
 0001:000045d2       ?appMakeDirectory@@YAXPBD@Z 004055d2 f   FileSystemWin32.obj
 0001:0000463c       ?appFileType@@YAIPBD@Z     0040563c f   FileSystemWin32.obj
 0001:0000467c       ?FindDir@CFileContainerArc@@IAEPAVFDirInfo@1@PBD_N@Z 0040567c f   FileContainerArc.obj
 0001:00004735       ?FindFile@CFileContainerArc@@IAEPAVCStringItem@@PBD@Z 00405735 f   FileContainerArc.obj
 0001:000047a0       ?FileExists@CFileContainerArc@@UAE_NPBD@Z 004057a0 f   FileContainerArc.obj
 0001:000047b5       ?OpenFile@CFileContainerArc@@UAEPAVCFile@@PBD@Z 004057b5 f   FileContainerArc.obj
 0001:000047d4       ?List@CFileContainerArc@@UAEXAAVCFileList@@PBDI@Z 004057d4 f   FileContainerArc.obj
 0001:00004941       ??E?$TStringSplitter@$0BAA@$0CP@@@QAEXXZ 00405941 f i FileContainerArc.obj
 0001:000049c3       ?GetLength@CVec3@@QAEMXZ   004059c3 f   Math3D.obj
 0001:000049ee       ?Normalize@CVec3@@QAEMXZ   004059ee f   Math3D.obj
 0001:00004a40       ?VectorNormalize@@YAMABUCVec3@@AAU1@@Z 00405a40 f   Math3D.obj
 0001:00004aaa       ?NormalizeFast@CVec3@@QAEMXZ 00405aaa f   Math3D.obj
 0001:00004afb       ?cross@@YAXABUCVec3@@0AAU1@@Z 00405afb f   Math3D.obj
 0001:00004b37       ?VectorDistance@@YAMABUCVec3@@0@Z 00405b37 f   Math3D.obj
 0001:00004b66       ?Setup@CPlane@@QAEXXZ      00405b66 f   Math3D.obj
 0001:00004c14       ?Clear@CBox@@QAEXXZ        00405c14 f   Math3D.obj
 0001:00004c32       ?Expand@CBox@@QAEXABUCVec3@@@Z 00405c32 f   Math3D.obj
 0001:00004c64       ?Expand@CBox@@QAEXABU1@@Z  00405c64 f   Math3D.obj
 0001:00004ca3       ?GetCenter@CBox@@QBEXAAUCVec3@@@Z 00405ca3 f   Math3D.obj
 0001:00004cc6       ?Contains@CBox@@QBE_NABUCVec3@@@Z 00405cc6 f   Math3D.obj
 0001:00004cfa       ?Intersects@CBox@@QBE_NABU1@@Z 00405cfa f   Math3D.obj
 0001:00004d39       ?OnPlaneSide@CBox@@QBEHABUCPlane@@@Z 00405d39 f   Math3D.obj
 0001:00004e68       ?FromEuler@CAxis@@QAEXABUCVec3@@@Z 00405e68 f   Math3D.obj
 0001:00004ea7       ?TransformVector@CAxis@@QBEXABUCVec3@@AAU2@@Z 00405ea7 f   Math3D.obj
 0001:00004efa       ?UnTransformVector@CAxis@@QBEXABUCVec3@@AAU2@@Z 00405efa f   Math3D.obj
 0001:00004f5e       ?TransformAxis@CAxis@@QBEXABU1@AAU1@@Z 00405f5e f   Math3D.obj
 0001:00004fa4       ?UnTransformAxis@CAxis@@QBEXABU1@AAU1@@Z 00405fa4 f   Math3D.obj
 0001:00004fea       ?TransformPoint@CCoords@@QBEXABUCVec3@@AAU2@@Z 00405fea f   Math3D.obj
 0001:0000504a       ?UnTransformPoint@CCoords@@QBEXABUCVec3@@AAU2@@Z 0040604a f   Math3D.obj
 0001:000050b7       ?UnTransformCoords@CCoords@@QBEXABU1@AAU1@@Z 004060b7 f   Math3D.obj
 0001:000050e3       ?TransformPlane@CCoords@@QBEXABUCPlane@@AAU2@@Z 004060e3 f   Math3D.obj
 0001:0000511d       ?TransformPoint@@YAXABUCVec3@@ABUCAxis@@0AAU1@@Z 0040611d f   Math3D.obj
 0001:00005180       ?UnTransformPoint@@YAXABUCVec3@@ABUCAxis@@0AAU1@@Z 00406180 f   Math3D.obj
 0001:000051f0       ?Euler2Vecs@@YAXABUCVec3@@PAU1@11@Z 004061f0 f   Math3D.obj
 0001:00005350       ?MakeNormalVectors@@YAXABUCVec3@@AAU1@1@Z 00406350 f   Math3D.obj
 0001:000053bf       ?Vec2Euler@@YAXABUCVec3@@AAU1@@Z 004063bf f   Math3D.obj
 0001:000054c2       ?Vec2Yaw@@YAMABUCVec3@@@Z  004064c2 f   Math3D.obj
 0001:00005535       ?appRsqrt@@YAMM@Z          00406535 f   MathMisc.obj
 0001:00005561       ?NormalizeColor@@YAMABUCVec3@@AAU1@@Z 00406561 f   MathMisc.obj
 0001:000055bf       ?NormalizeColor255@@YAMABUCVec3@@AAU1@@Z 004065bf f   MathMisc.obj
 0001:00005621       ?SCR_StopCinematic@@YAXXZ  00406621 f   cl_cin.obj
 0001:000056b5       ?SCR_DrawCinematic@@YA_NXZ 004066b5 f   cl_cin.obj
 0001:00005aac       ?SCR_PlayCinematic@@YAXPBD@Z 00406aac f   cl_cin.obj
 0001:00005e03       ?sprintf@?$TString@$0EA@@@QAAHPBDZZ 00406e03 f i cl_cin.obj
 0001:00005e1d       ?CL_Download_f@@YAX_NHPAPAD@Z 00406e1d f   cl_download.obj
 0001:000061ca       ?CL_ParseDownload@@YAXXZ   004071ca f   cl_download.obj
 0001:000069ec       ?CL_Precache_f@@YAXHPAPAD@Z 004079ec f   cl_download.obj
 0001:00006a4a       ?sprintf@?$TString@$0IA@@@QAAHPBDZZ 00407a4a f i cl_download.obj
 0001:00006a67       ?CL_ParseDelta@@YAXPAUclEntityState_t@@0HI_N@Z 00407a67 f   cl_ents.obj
 0001:00006be7       ?CL_ParseFrame@@YAXXZ      00407be7 f   cl_ents.obj
 0001:0000729c       ?CL_AddEntityBox@@YAXPAUclEntityState_t@@I@Z 0040829c f   cl_ents.obj
 0001:000073a0       ?Lerp@@YAXABUCVec3@@0MAAU1@@Z 004083a0 f i cl_ents.obj
 0001:000073d7       ?CL_OffsetThirdPersonView@@YAXXZ 004083d7 f   cl_ents.obj
 0001:000074bf       ?CL_AddEntities@@YAXXZ     004084bf f   cl_ents.obj
 0001:00008400       ?CL_ClearLightStyles@@YAXXZ 00409400 f   cl_fx.obj
 0001:00008482       ?CL_SetLightstyle@@YAXHPBD@Z 00409482 f   cl_fx.obj
 0001:000084e3       ?CL_AllocDlight@@YAPAUcdlight_t@@HABUCVec3@@@Z 004094e3 f   cl_fx.obj
 0001:0000854e       ?CL_AllocParticleTrace@@YAPAUparticleTrace_t@@ABUCVec3@@0MM@Z 0040954e f   cl_fx.obj
 0001:000085dd       ?CL_AllocParticleBeam@@YAPAUbeam_t@@ABUCVec3@@0MM@Z 004095dd f   cl_fx.obj
 0001:00008652       ?CL_AllocParticle@@YAPAUparticle_t@@XZ 00409652 f   cl_fx.obj
 0001:000086a5       ?CL_MetalSparks@@YAXABUCVec3@@0H@Z 004096a5 f   cl_fx.obj
 0001:000087a3       ?CL_AddEffects@@YAXXZ      004097a3 f   cl_fx.obj
 0001:00008eaa       ?CL_ClearEffects@@YAXXZ    00409eaa f   cl_fx.obj
 0001:00008f2c       ?CL_EntityEvent@@YAXPAUclEntityState_t@@@Z 00409f2c f   cl_fx.obj
 0001:000090e3       ?CL_ParseMuzzleFlash@@YAXXZ 0040a0e3 f   cl_fx.obj
 0001:00009453       ?CL_ParseMuzzleFlash2@@YAXXZ 0040a453 f   cl_fx.obj
 0001:000098c9       ?CL_ParticleEffect@@YAXABUCVec3@@0HH@Z 0040a8c9 f   cl_fx.obj
 0001:00009ab2       ?CL_ParticleEffect2@@YAXABUCVec3@@0HH@Z 0040aab2 f   cl_fx.obj
 0001:00009ada       ?CL_ParticleEffect3@@YAXABUCVec3@@0HH@Z 0040aada f   cl_fx.obj
 0001:00009b02       ?CL_TeleporterParticles@@YAXPAUclEntityState_t@@@Z 0040ab02 f   cl_fx.obj
 0001:00009b24       ?CL_LogoutEffect@@YAXABUCVec3@@H@Z 0040ab24 f   cl_fx.obj
 0001:00009b5c       ?CL_ItemRespawnParticles@@YAXABUCVec3@@@Z 0040ab5c f   cl_fx.obj
 0001:00009b7a       ?CL_ExplosionParticles@@YAXABUCVec3@@@Z 0040ab7a f   cl_fx.obj
 0001:00009b9b       ?CL_BFGExplosionParticles@@YAXABUCVec3@@@Z 0040ab9b f   cl_fx.obj
 0001:00009bbc       ?CL_TrackerExplosionParticles@@YAXABUCVec3@@@Z 0040abbc f   cl_fx.obj
 0001:00009bdd       ?CL_BlasterParticles@@YAXABUCVec3@@0I@Z 0040abdd f   cl_fx.obj
 0001:00009c04       ?CL_BlasterTrail@@YAXAAUcentity_t@@@Z 0040ac04 f   cl_fx.obj
 0001:00009d0b       ?CL_BlasterTrail2@@YAXAAUcentity_t@@@Z 0040ad0b f   cl_fx.obj
 0001:00009d22       ?CL_FlagTrail@@YAXAAUcentity_t@@H@Z 0040ad22 f   cl_fx.obj
 0001:00009d41       ?CL_RocketTrail@@YAXAAUcentity_t@@@Z 0040ad41 f   cl_fx.obj
 0001:00009d80       ?CL_BubbleTrail@@YAXABUCVec3@@0@Z 0040ad80 f   cl_fx.obj
 0001:00009e1c       ?CL_BubbleTrail2@@YAXABUCVec3@@0@Z 0040ae1c f   cl_fx.obj
 0001:00009e36       ?CL_TagTrail@@YAXAAUcentity_t@@@Z 0040ae36 f   cl_fx.obj
 0001:00009e4d       ?CL_DebugTrail@@YAXABUCVec3@@0@Z 0040ae4d f   cl_fx.obj
 0001:00009e67       ?CL_ForceWall@@YAXABUCVec3@@0H@Z 0040ae67 f   cl_fx.obj
 0001:00009e89       ?CL_BigTeleportParticles@@YAXABUCVec3@@@Z 0040ae89 f   cl_fx.obj
 0001:00009fc4       ?CL_BfgParticles@@YAXABUCVec3@@@Z 0040afc4 f   cl_fx.obj
 0001:0000a13e       ?CL_FlyEffect@@YAXAAUcentity_t@@@Z 0040b13e f   cl_fx.obj
 0001:0000a2ca       ?CL_DiminishingTrail@@YAXAAUcentity_t@@H@Z 0040b2ca f   cl_fx.obj
 0001:0000a424       ?CL_RailTrail@@YAXABUCVec3@@0@Z 0040b424 f   cl_fx.obj
 0001:0000a59a       ?CL_RailTrailExt@@YAXABUCVec3@@0EE@Z 0040b59a f   cl_fx.obj
 0001:0000a6df       ?CL_IonripperTrail@@YAXAAUcentity_t@@@Z 0040b6df f   cl_fx.obj
 0001:0000a839       ?CL_TrapParticles@@YAXABUCVec3@@@Z 0040b839 f   cl_fx.obj
 0001:0000a9ac       ?CL_TeleportParticles@@YAXABUCVec3@@@Z 0040b9ac f   cl_fx.obj
 0001:0000aae2       ?CL_Heatbeam@@YAXABUCVec3@@0@Z 0040bae2 f   cl_fx.obj
 0001:0000ad88       ?CL_ParticleSteamEffect@@YAXABUCVec3@@0HHH@Z 0040bd88 f   cl_fx.obj
 0001:0000aec1       ?CL_ParticleSmokeEffect@@YAXABUCVec3@@0@Z 0040bec1 f   cl_fx.obj
 0001:0000afdd       ?CL_TrackerTrail@@YAXAAUcentity_t@@@Z 0040bfdd f   cl_fx.obj
 0001:0000b15b       ?CL_TrackerShell@@YAXABUCVec3@@@Z 0040c15b f   cl_fx.obj
 0001:0000b1e7       ?CL_MonsterPlasmaShell@@YAXABUCVec3@@@Z 0040c1e7 f   cl_fx.obj
 0001:0000b270       ?CL_WidowSplash@@YAXABUCVec3@@@Z 0040c270 f   cl_fx.obj
 0001:0000b351       ?CL_InitInput@@YAXXZ       0040c351 f   cl_input.obj
 0001:0000b8ff       ?CL_SendCmd@@YAXXZ         0040c8ff f   cl_input.obj
 0001:0000bee2       ?CL_WriteDemoMessage@@YAXXZ 0040cee2 f   cl_main.obj
 0001:0000bf24       ?Cmd_ForwardToServer@@YAXHPAPAD@Z 0040cf24 f   cl_main.obj
 0001:0000bfe9       ?CL_ForwardToServer_f@@YAXHPAPAD@Z 0040cfe9 f   cl_main.obj
 0001:0000c032       ?CL_Pause@@YAX_N@Z         0040d032 f   cl_main.obj
 0001:0000c077       ?CL_Drop@@YAX_N@Z          0040d077 f   cl_main.obj
 0001:0000c0a2       ?CL_SendConnectPacket@@YAXXZ 0040d0a2 f   cl_main.obj
 0001:0000c108       ?CL_Connect_f@@YAX_NHPAPAD@Z 0040d108 f   cl_main.obj
 0001:0000c175       ?CL_Rcon_f@@YAXHPAPAD@Z    0040d175 f   cl_main.obj
 0001:0000c261       ?CL_Disconnect@@YAXXZ      0040d261 f   cl_main.obj
 0001:0000c40c       ?CL_Disconnect_f@@YAXXZ    0040d40c f   cl_main.obj
 0001:0000c416       ?CL_Changing_f@@YAXXZ      0040d416 f   cl_main.obj
 0001:0000c43e       ?CL_Reconnect_f@@YAXXZ     0040d43e f   cl_main.obj
 0001:0000c4da       ?CL_PingServers_f@@YAXXZ   0040d4da f   cl_main.obj
 0001:0000c896       ?CL_ConnectionlessPacket@@YAXXZ 0040d896 f   cl_main.obj
 0001:0000c993       ?CL_Userinfo_f@@YAXXZ      0040d993 f   cl_main.obj
 0001:0000c9ae       ?CL_RegisterSounds@@YAXXZ  0040d9ae f   cl_main.obj
 0001:0000c9ed       ?CL_Snd_Restart_f@@YAXXZ   0040d9ed f   cl_main.obj
 0001:0000c9fc       ?CL_WriteConfiguration@@YAXPBD@Z 0040d9fc f   cl_main.obj
 0001:0000cae3       ?CL_WriteConfig_f@@YAX_NHPAPAD@Z 0040dae3 f   cl_main.obj
 0001:0000cb4e       ?CL_FixCvarCheats@@YAXXZ   0040db4e f   cl_main.obj
 0001:0000cb9f       ?CL_Frame@@YAXMM@Z         0040db9f f   cl_main.obj
 0001:0000d01c       ?CL_ClearState@@YAXXZ      0040e01c f   cl_main.obj
 0001:0000d05a       ?CL_Init@@YAXXZ            0040e05a f   cl_main.obj
 0001:0000d509       ?CL_Shutdown@@YAXXZ        0040e509 f   cl_main.obj
 0001:0000d565       ?CL_ParseClientinfo@@YAXH@Z 0040e565 f   cl_parse.obj
 0001:0000d61d       ?CL_UpdatePlayerClientInfo@@YAXXZ 0040e61d f   cl_parse.obj
 0001:0000d65e       ?CL_ParseServerMessage@@YAXXZ 0040e65e f   cl_parse.obj
 0001:0000de44       ?FreePlayerModelsInfo@@YAXXZ 0040ee44 f   cl_playermodel.obj
 0001:0000de6a       ?ScanPlayerModels@@YA_NXZ  0040ee6a f   cl_playermodel.obj
 0001:0000e264       ?RunAnimation@@YAXAAUclientInfo_t@@AAUanimState_t@@H@Z 0040f264 f   cl_playermodel.obj
 0001:0000e452       ?CL_LoadClientinfo@@YAXAAUclientInfo_t@@PBD_N@Z 0040f452 f   cl_playermodel.obj
 0001:0000f0e3       ?ParsePlayerEntity@@YAHAAUcentity_t@@AAUclientInfo_t@@PAUclEntityState_t@@ABUentity_t@@PAU4@HH@Z 004100e3 f   cl_playermodel.obj
 0001:0000fc3c       ?CreateAndInsert@?$TList@VCStringItem@@@@QAEPAVCStringItem@@PBDPAVCMemoryChain@@@Z 00410c3c f i cl_playermodel.obj
 0001:0000fc74       ?Insert@?$TList@VCStringItem@@@@QAE_NPAVCStringItem@@@Z 00410c74 f i cl_playermodel.obj
 0001:0000fc74       ?Insert@?$TList@VshaderScript_t@OpenGLDrv@@@@QAE_NPAVshaderScript_t@OpenGLDrv@@@Z 00410c74 f i cl_playermodel.obj
 0001:0000fc74       ?Insert@?$TList@VplayerModelInfo_t@@@@QAE_NPAVplayerModelInfo_t@@@Z 00410c74 f i cl_playermodel.obj
 0001:0000fcaa       ?CL_CheckPredictionError@@YAXXZ 00410caa f   cl_pred.obj
 0001:0000fe3d       ?CL_EntityTrace@@YAXAAUtrace_t@@ABUCVec3@@1ABUCBox@@H@Z 00410e3d f   cl_pred.obj
 0001:00010197       ?CL_Trace@@YAXAAUtrace_t@@ABUCVec3@@1ABUCBox@@H@Z 00411197 f   cl_pred.obj
 0001:00010248       ?CL_PMpointcontents@@YAHABUCVec3@@@Z 00411248 f   cl_pred.obj
 0001:000103de       ?CL_PredictMovement@@YAXXZ 004113de f   cl_pred.obj
 0001:000107a5       ?DrawString@@YAXHHPBD@Z    004117a5 f   cl_scrn.obj
 0001:000107ea       ?SCR_DebugGraph@@YAXMH@Z   004117ea f   cl_scrn.obj
 0001:00010814       ?SCR_CenterPrint@@YAXPBD@Z 00411814 f   cl_scrn.obj
 0001:0001091a       ?Key_Message@@YAXH@Z       0041191a f   cl_scrn.obj
 0001:000109ba       ?SCR_SetLevelshot@@YAXPBD@Z 004119ba f   cl_scrn.obj
 0001:00010aba       ?SCR_BeginLoadingPlaque@@YAX_N@Z 00411aba f   cl_scrn.obj
 0001:00010b50       ?SCR_EndLoadingPlaque@@YAX_N@Z 00411b50 f   cl_scrn.obj
 0001:00010bd5       ?SCR_LoadingNotify@@YAXPBDM@Z 00411bd5 f   cl_scrn.obj
 0001:00010bff       ?SCR_ShowConsole@@YAX_N0@Z 00411bff f   cl_scrn.obj
 0001:00010cc4       ?SCR_ToggleConsole@@YAXXZ  00411cc4 f   cl_scrn.obj
 0001:00010cec       ?SCR_TouchPics@@YAXXZ      00411cec f   cl_scrn.obj
 0001:00010d42       ?SCR_UpdateScreen@@YAXXZ   00411d42 f   cl_scrn.obj
 0001:000120d1       ?SCR_Init@@YAXXZ           004130d1 f   cl_scrn.obj
 0001:00012402       ?sprintf@?$TString@$0BA@@@QAAHPBDZZ 00413402 f i cl_scrn.obj
 0001:0001241c       ?CL_RegisterTEntSounds@@YAXXZ 0041341c f   cl_tent.obj
 0001:00012671       ?CL_RegisterTEntModels@@YAXXZ 00413671 f   cl_tent.obj
 0001:000127c2       ?CL_ClearTEnts@@YAXXZ      004137c2 f   cl_tent.obj
 0001:000127f3       ?CL_SmokeAndFlash@@YAXABUCVec3@@@Z 004137f3 f   cl_tent.obj
 0001:0001298b       ?CL_ParseTEnt@@YAXXZ       0041398b f   cl_tent.obj
 0001:00013b75       ?CL_AddTEnts@@YAXXZ        00414b75 f   cl_tent.obj
 0001:0001457a       ?V_AddEntity@@YAXPAUentity_t@@@Z 0041557a f   cl_view.obj
 0001:000145b8       ?V_AddEntity2@@YAXPAUentity_t@@@Z 004155b8 f   cl_view.obj
 0001:000145ea       ?AddEntityWithEffects2@@YAXPAUentity_t@@I@Z 004155ea f   cl_view.obj
 0001:0001468b       ?AddEntityWithEffects@@YAXPAUentity_t@@I@Z 0041568b f   cl_view.obj
 0001:000146ac       ?V_AddLight@@YAXABUCVec3@@MMMM@Z 004156ac f   cl_view.obj
 0001:000146f1       ?V_TestEntities@@YAXXZ     004156f1 f   cl_view.obj
 0001:0001481e       ?V_TestLights@@YAXXZ       0041581e f   cl_view.obj
 0001:000148f4       ?V_InitRenderer@@YAXXZ     004158f4 f   cl_view.obj
 0001:00014d2b       ?CalcFov@@YAMMMM@Z         00415d2b f   cl_view.obj
 0001:00014d99       ?V_RenderView@@YA_NXZ      00415d99 f   cl_view.obj
 0001:00015b33       ?V_Init@@YAXXZ             00416b33 f   cl_view.obj
 0001:00015be2       ?Con_ClearNotify@@YAXXZ    00416be2 f   console.obj
 0001:00015bf1       ?Con_CheckResize@@YAXXZ    00416bf1 f   console.obj
 0001:00015d18       ?Write@COutputDeviceCon@@UAEXPBD@Z 00416d18 f   console.obj
 0001:00015f1e       ?Con_DrawNotify@@YAX_N@Z   00416f1e f   console.obj
 0001:000160f4       ?Con_DrawConsole@@YAXM@Z   004170f4 f   console.obj
 0001:000163a8       ?Con_ClearTyping@@YAXXZ    004173a8 f   console.obj
 0001:000163c1       ?Key_Console@@YAXHH@Z      004173c1 f   console.obj
 0001:0001680e       ?Con_Init@@YAXXZ           0041780e f   console.obj
 0001:0001697c       ?Key_KeynumToString@@YAPBDH@Z 0041797c f   keys.obj
 0001:00016a42       ?Draw@completeMenu_t@@UAEXXZ 00417a42 f i keys.obj
 0001:00016a73       ?KeyDown@completeMenu_t@@UAEPBDH@Z 00417a73 f i keys.obj
 0001:00016a9f       ?Init@completeMenu_t@@UAE_NXZ 00417a9f f i keys.obj
 0001:00016bc6       ?CompleteMenuCallback@completeMenu_t@@SAXPAX@Z 00417bc6 f i keys.obj
 0001:00016c57       ?CompleteCommand@@YAXXZ    00417c57 f   keys.obj
 0001:00017368       ?Key_SetBinding@@YAXHPBD@Z 00418368 f   keys.obj
 0001:000173a8       ?Key_FindBinding@@YAHPBDPAHH@Z 004183a8 f   keys.obj
 0001:000173f6       ?Key_WriteBindings@@YAXPAVCOutputDevice@@@Z 004183f6 f   keys.obj
 0001:00017440       ?Key_Init@@YAXXZ           00418440 f   keys.obj
 0001:00017724       ?Key_Event@@YAXH_N@Z       00418724 f   keys.obj
 0001:00017a83       ?Key_ClearStates@@YAXXZ    00418a83 f   keys.obj
 0001:00017ab8       ?M_ForceMenuOn@@YAXXZ      00418ab8 f   menu.obj
 0001:00017ad7       ?Draw@menuMain_t@@UAEXXZ   00418ad7 f i menu.obj
 0001:00017c13       ?KeyDown@menuMain_t@@UAEPBDH@Z 00418c13 f i menu.obj
 0001:00017cd4       ?Init@menuMain_t@@UAE_NXZ  00418cd4 f i menu.obj
 0001:00017cdc       ?M_Menu_Main_f@@YAXXZ      00418cdc f   menu.obj
 0001:00017cf6       ?Init@multiplayerMenu_t@@UAE_NXZ 00418cf6 f i menu.obj
 0001:00017e1a       ?Init@keysMenu_t@@UAE_NXZ  00418e1a f i menu.obj
 0001:00018008       ?KeyCursorDrawFunc@keysMenu_t@@SAXPAUmenuFramework_t@@@Z 00419008 f i menu.obj
 0001:0001804b       ?DrawKeyBindingFunc@keysMenu_t@@SAXPAX@Z 0041904b f i menu.obj
 0001:00018112       ?KeyDown@keysMenu_t@@UAEPBDH@Z 00419112 f i menu.obj
 0001:000181bf       ?UnbindCommand@keysMenu_t@@QAEXPAD@Z 004191bf f i menu.obj
 0001:00018204       ?KeyBindingFunc@keysMenu_t@@QAEXPAX@Z 00419204 f i menu.obj
 0001:00018266       ?Init@optionsMenu_t@@UAE_NXZ 00419266 f i menu.obj
 0001:00018619       ?CrosshairFunc@optionsMenu_t@@SAXPAX@Z 00419619 f i menu.obj
 0001:00018641       ?JoystickFunc@optionsMenu_t@@SAXPAX@Z 00419641 f i menu.obj
 0001:00018656       ?AlwaysRunFunc@optionsMenu_t@@SAXPAX@Z 00419656 f i menu.obj
 0001:0001866b       ?MouseSpeedFunc@optionsMenu_t@@SAXPAX@Z 0041966b f i menu.obj
 0001:00018688       ?InvertMouseFunc@optionsMenu_t@@SAXPAX@Z 00419688 f i menu.obj
 0001:000186c1       ?UpdateVolumeFunc@optionsMenu_t@@SAXPAX@Z 004196c1 f i menu.obj
 0001:000186de       ?UpdateCDVolumeFunc@optionsMenu_t@@SAXPAX@Z 004196de f i menu.obj
 0001:000186f8       ?SetMenuItemValues@optionsMenu_t@@SAXXZ 004196f8 f i menu.obj
 0001:00018840       ?ResetDefaultsFunc@optionsMenu_t@@SAXPAX@Z 00419840 f i menu.obj
 0001:00018855       ?UpdateSoundFunc@optionsMenu_t@@SAXPAX@Z 00419855 f i menu.obj
 0001:00018a59       ?ScanCrosshairs@optionsMenu_t@@SAXXZ 00419a59 f i menu.obj
 0001:00018ab6       ?Draw@optionsMenu_t@@UAEXXZ 00419ab6 f i menu.obj
 0001:00018b1b       ?Draw@creditsMenu_t@@UAEXXZ 00419b1b f i menu.obj
 0001:00018bc2       ?KeyDown@creditsMenu_t@@UAEPBDH@Z 00419bc2 f i menu.obj
 0001:00018c02       ?Init@creditsMenu_t@@UAE_NXZ 00419c02 f i menu.obj
 0001:00018c83       ?Init@gameMenu_t@@UAE_NXZ  00419c83 f i menu.obj
 0001:00018e0e       ?EasyGameFunc@gameMenu_t@@SAXPAX@Z 00419e0e f i menu.obj
 0001:00018e1a       ?StartGame@gameMenu_t@@SAXPBD@Z 00419e1a f i menu.obj
 0001:00018e75       ?MediumGameFunc@gameMenu_t@@SAXPAX@Z 00419e75 f i menu.obj
 0001:00018e81       ?HardGameFunc@gameMenu_t@@SAXPAX@Z 00419e81 f i menu.obj
 0001:00018e9d       ?Init@savegameMenu_t@@UAE_NXZ 00419e9d f i menu.obj
 0001:00018fad       ?Create_Savestrings@savegameMenu_t@@QAEXXZ 00419fad f i menu.obj
 0001:0001906d       ?LoadGameCallback@savegameMenu_t@@SAXPAX@Z 0041a06d f i menu.obj
 0001:0001909a       ?SaveGameCallback@savegameMenu_t@@SAXPAX@Z 0041a09a f i menu.obj
 0001:000190bd       ?Draw@savegameMenu_t@@UAEXXZ 0041a0bd f i menu.obj
 0001:000190d8       ?DrawSavegameShot@savegameMenu_t@@QAEXHH@Z 0041a0d8 f i menu.obj
 0001:000191b3       ?Init@joinserverMenu_t@@UAE_NXZ 0041a1b3 f i menu.obj
 0001:000192ea       ?JoinServerFunc@joinserverMenu_t@@SAXPAX@Z 0041a2ea f i menu.obj
 0001:0001934f       ?SearchLocalGames@joinserverMenu_t@@SAXXZ 0041a34f f i menu.obj
 0001:000193ba       ?M_AddToServerList@@YAXUnetadr_t@@PAD@Z 0041a3ba f   menu.obj
 0001:00019445       ?Init@startserverMenu_t@@UAE_NXZ 0041a445 f i menu.obj
 0001:000198d3       ?DMOptionsFunc@startserverMenu_t@@SAXPAX@Z 0041a8d3 f i menu.obj
 0001:000198e3       ?RulesChangeFunc@startserverMenu_t@@SAXPAX@Z 0041a8e3 f i menu.obj
 0001:0001995b       ?StartServerActionFunc@startserverMenu_t@@SAXPAX@Z 0041a95b f i menu.obj
 0001:00019986       ?StartServerFunc@startserverMenu_t@@SAXPBD@Z 0041a986 f i menu.obj
 0001:00019b62       ?KeyDown@startserverMenu_t@@UAEPBDH@Z 0041ab62 f i menu.obj
 0001:00019bc1       ?Init@dmoptionsMenu_t@@UAE_NXZ 0041abc1 f i menu.obj
 0001:0001a19e       ?DMFlagCallback@dmoptionsMenu_t@@SAXPAX@Z 0041b19e f i menu.obj
 0001:0001a37c       ?Init@downloadOptionsMenu_t@@UAE_NXZ 0041b37c f i menu.obj
 0001:0001a556       ?DownloadCallback@downloadOptionsMenu_t@@SAXPAX@Z 0041b556 f i menu.obj
 0001:0001a5c4       ?Init@addressBookMenu_t@@UAE_NXZ 0041b5c4 f i menu.obj
 0001:0001a66a       ?KeyDown@addressBookMenu_t@@UAEPBDH@Z 0041b66a f i menu.obj
 0001:0001a6c9       ?Init@playerConfigMenu_t@@UAE_NXZ 0041b6c9 f i menu.obj
 0001:0001ac10       ?HandednessCallback@playerConfigMenu_t@@SAXPAX@Z 0041bc10 f i menu.obj
 0001:0001ac25       ?RTypeCallback@playerConfigMenu_t@@SAXPAX@Z 0041bc25 f i menu.obj
 0001:0001ac3a       ?RColorCallback@playerConfigMenu_t@@SAXPAX@Z 0041bc3a f i menu.obj
 0001:0001ac4f       ?RateCallback@playerConfigMenu_t@@SAXPAX@Z 0041bc4f f i menu.obj
 0001:0001ac72       ?ModelCallback@playerConfigMenu_t@@SAXPAX@Z 0041bc72 f i menu.obj
 0001:0001aca6       ?SkinCallback@playerConfigMenu_t@@SAXPAX@Z 0041bca6 f i menu.obj
 0001:0001acae       ?Draw@playerConfigMenu_t@@UAEXXZ 0041bcae f i menu.obj
 0001:0001af90       ?KeyDown@playerConfigMenu_t@@UAEPBDH@Z 0041bf90 f i menu.obj
 0001:0001b070       ?Init@dmbrowseMenu_t@@UAE_NXZ 0041c070 f i menu.obj
 0001:0001b279       ?KeyDown@dmbrowseMenu_t@@UAEPBDH@Z 0041c279 f i menu.obj
 0001:0001b451       ?Draw@dmbrowseMenu_t@@UAEXXZ 0041c451 f i menu.obj
 0001:0001b59e       ?DrawThumbnail@dmbrowseMenu_t@@SAXHHHHPAD_N@Z 0041c59e f i menu.obj
 0001:0001b678       ?Init@videoMenu_t@@UAE_NXZ 0041c678 f i menu.obj
 0001:0001bc51       ?ScreenSizeCallback@videoMenu_t@@SAXPAX@Z 0041cc51 f i menu.obj
 0001:0001bc72       ?BrightnessCallback@videoMenu_t@@SAXPAX@Z 0041cc72 f i menu.obj
 0001:0001bc93       ?ContrastCallback@videoMenu_t@@SAXPAX@Z 0041cc93 f i menu.obj
 0001:0001bccf       ?CancelChanges@videoMenu_t@@SAXPAX@Z 0041cccf f i menu.obj
 0001:0001bd1c       ?KeyDown@videoMenu_t@@UAEPBDH@Z 0041cd1c f i menu.obj
 0001:0001bd65       ?ApplyChanges@videoMenu_t@@SAXPAX@Z 0041cd65 f i menu.obj
 0001:0001bf1c       ?KeyDown@quitMenu_t@@UAEPBDH@Z 0041cf1c f i menu.obj
 0001:0001bf59       ?Draw@quitMenu_t@@UAEXXZ   0041cf59 f i menu.obj
 0001:0001bfc9       ?M_Init@@YAXXZ             0041cfc9 f   menu.obj
 0001:0001c1ab       ?ItemAtCursor@menuFramework_t@@QAEPAUmenuCommon_t@@XZ 0041d1ab f   qmenu.obj
 0001:0001c1ff       ?AddItem@menuFramework_t@@QAEXPAUmenuCommon_t@@@Z 0041d1ff f   qmenu.obj
 0001:0001c2bb       ?AdjustCursor@menuFramework_t@@QAEXH@Z 0041d2bb f   qmenu.obj
 0001:0001c433       ?Center@menuFramework_t@@QAEXXZ 0041d433 f   qmenu.obj
 0001:0001c474       ?Draw@menuFramework_t@@UAEXXZ 0041d474 f   qmenu.obj
 0001:0001ca2d       ?SelectItem@menuFramework_t@@QAE_NXZ 0041da2d f   qmenu.obj
 0001:0001ca92       ?SetStatusBar@menuFramework_t@@QAEXPBD@Z 0041da92 f   qmenu.obj
 0001:0001ca9f       ?SlideItem@menuFramework_t@@QAEXH@Z 0041da9f f   qmenu.obj
 0001:0001d03d       ?Push@menuFramework_t@@QAEXXZ 0041e03d f   qmenu.obj
 0001:0001d0bc       ?M_ForceMenuOff@@YAXXZ     0041e0bc f   qmenu.obj
 0001:0001d0e9       ?Pop@menuFramework_t@@QAEXXZ 0041e0e9 f   qmenu.obj
 0001:0001d123       ?KeyDown@menuFramework_t@@UAEPBDH@Z 0041e123 f   qmenu.obj
 0001:0001d39b       ?Init@menuFramework_t@@UAE_NXZ 0041e39b f   qmenu.obj
 0001:0001d39e       ?M_Draw@@YAXXZ             0041e39e f   qmenu.obj
 0001:0001d3d9       ?M_Keydown@@YAXH@Z         0041e3d9 f   qmenu.obj
 0001:0001d3fb       ?InitRendererVars@@YAXXZ   0041e3fb f   ref_vars.obj
 0001:0001d41a       ?S_SoundInfo_f@@YAXXZ      0041e41a f   snd_dma.obj
 0001:0001d494       ?S_Init@@YAXXZ             0041e494 f   snd_dma.obj
 0001:0001d566       ?S_Shutdown@@YAXXZ         0041e566 f   snd_dma.obj
 0001:0001d5f9       ?S_BeginRegistration@@YAXXZ 0041e5f9 f   snd_dma.obj
 0001:0001d607       ?S_RegisterSound@@YAPAUsfx_t@@PBD@Z 0041e607 f   snd_dma.obj
 0001:0001d7b2       ?S_EndRegistration@@YAXXZ  0041e7b2 f   snd_dma.obj
 0001:0001d83b       ?S_PickChannel@@YAPAUchannel_t@@HH@Z 0041e83b f   snd_dma.obj
 0001:0001d8c9       ?S_Spatialize@@YAXPAUchannel_t@@@Z 0041e8c9 f   snd_dma.obj
 0001:0001daab       ?S_AllocPlaysound@@YAPAUplaysound_t@@XZ 0041eaab f   snd_dma.obj
 0001:0001dacd       ?S_FreePlaysound@@YAXPAUplaysound_t@@@Z 0041eacd f   snd_dma.obj
 0001:0001db00       ?S_IssuePlaysound@@YAXPAUplaysound_t@@@Z 0041eb00 f   snd_dma.obj
 0001:0001dbd1       ?S_StartSound@@YAXPBUCVec3@@HHPAUsfx_t@@MMM@Z 0041ebd1 f   snd_dma.obj
 0001:0001df92       ?S_StartLocalSound@@YAXPBD@Z 0041ef92 f   snd_dma.obj
 0001:0001dfe4       ?S_ClearBuffer@@YAXXZ      0041efe4 f   snd_dma.obj
 0001:0001e04d       ?S_StopAllSounds_f@@YAXXZ  0041f04d f   snd_dma.obj
 0001:0001e0bd       ?S_AddLoopSounds@@YAXXZ    0041f0bd f   snd_dma.obj
 0001:0001e293       ?S_RawSamples@@YAXHHHHPAE@Z 0041f293 f   snd_dma.obj
 0001:0001e497       ?S_Update@@YAXABUCVec3@@0@Z 0041f497 f   snd_dma.obj
 0001:0001e56d       ?GetSoundtime@@YAXXZ       0041f56d f   snd_dma.obj
 0001:0001e5d4       ?S_Update_@@YAXXZ          0041f5d4 f   snd_dma.obj
 0001:0001e887       ?S_LoadSound@@YAPAUsfxcache_t@@PAUsfx_t@@@Z 0041f887 f   snd_mem.obj
 0001:0001ee18       ?S_WriteLinearBlastStereo16@@YAXXZ 0041fe18 f   snd_mix.obj
 0001:0001ee82       ?S_TransferStereo16@@YAXPAKH@Z 0041fe82 f   snd_mix.obj
 0001:0001eeed       ?S_TransferPaintBuffer@@YAXH@Z 0041feed f   snd_mix.obj
 0001:0001f051       ?S_PaintChannels@@YAXH@Z   00420051 f   snd_mix.obj
 0001:0001f2cd       ?S_InitScaletable@@YAXXZ   004202cd f   snd_mix.obj
 0001:0001f412       ?SV_ComputeAnimation@@YAXPAUplayer_state_t@@AAUentityStateEx_t@@PAU2@PAUedict_s@@@Z 00420412 f   sv_anim.obj
 0001:0001f8cf       ?SV_ReadLevelFile@@YAXXZ   004208cf f   sv_ccmds.obj
 0001:0001f974       ?SV_AddressBanned@@YA_NPAUnetadr_t@@@Z 00420974 f   sv_ccmds.obj
 0001:0001f9b8       ?SV_InitCommands@@YAXXZ    004209b8 f   sv_ccmds.obj
 0001:00020e44       ?sprintf@?$TString@$0CI@@@QAAHPBDZZ 00421e44 f i sv_ccmds.obj
 0001:00020e5e       ?SV_WriteFrameToClient@@YAXPAUclient_t@@PAVsizebuf_t@@@Z 00421e5e f   sv_ents.obj
 0001:00021598       ?SV_RecordDemoMessage@@YAXXZ 00422598 f   sv_ents.obj
 0001:00021766       ?SV_MulticastOld@@YAXABUCVec3@@W4multicast_t@@@Z 00422766 f i sv_game.obj
 0001:0002177b       ?SV_StartSoundOld@@YAXPBUCVec3@@PAUedict_s@@HHMMM@Z 0042277b f i sv_game.obj
 0001:000221f1       ?SV_InitGameLibrary@@YAX_N@Z 004231f1 f   sv_game.obj
 0001:000224e6       ?SV_ShutdownGameLibrary@@YAXXZ 004234e6 f   sv_game.obj
 0001:00022643       ?SV_FindIndex@@YAHPBDHH_N@Z 00423643 f   sv_init.obj
 0001:0002275a       ?SV_ModelIndex@@YAHPBD@Z   0042375a f   sv_init.obj
 0001:00022773       ?SV_SoundIndex@@YAHPBD@Z   00423773 f   sv_init.obj
 0001:0002278f       ?SV_ImageIndex@@YAHPBD@Z   0042378f f   sv_init.obj
 0001:000227ab       ?SV_CreateBaseline@@YAXXZ  004237ab f   sv_init.obj
 0001:00022828       ?SV_SpawnServer@@YAXPAD0W4server_state_t@@_N2@Z 00423828 f   sv_init.obj
 0001:00022b98       ?SV_InitGame@@YAXXZ        00423b98 f   sv_init.obj
 0001:00022dc1       ?SV_Map@@YAX_NPBD0@Z       00423dc1 f   sv_init.obj
 0001:00022f86       ?SV_DropClient@@YAXPAUclient_t@@PAD@Z 00423f86 f   sv_main.obj
 0001:000239bb       ??0COutputDeviceMem@@QAE@H@Z 004249bb f i sv_main.obj
 0001:000239ec       ?Write@COutputDeviceMem@@UAEXPBD@Z 004249ec f i sv_main.obj
 0001:00023a73       ??_ECOutputDeviceMem@@UAEPAXI@Z 00424a73 f i sv_main.obj
 0001:00023a73       ??_GCOutputDeviceMem@@UAEPAXI@Z 00424a73 f i sv_main.obj
 0001:00023a92       ??1COutputDeviceMem@@UAE@XZ 00424a92 f i sv_main.obj
 0001:00023ab1       ?SV_CalcPings@@YAXXZ       00424ab1 f   sv_main.obj
 0001:00023b38       ?SV_GiveMsec@@YAXXZ        00424b38 f   sv_main.obj
 0001:00023b77       ?SV_ReadPackets@@YAXXZ     00424b77 f   sv_main.obj
 0001:00023d8a       ?SV_CheckTimeouts@@YAXXZ   00424d8a f   sv_main.obj
 0001:00023e9b       ?SV_PostprocessFrame@@YAXXZ 00424e9b f   sv_main.obj
 0001:00024377       ?SV_MulticastHook@@YAPAVsizebuf_t@@PAV1@0@Z 00425377 f   sv_main.obj
 0001:00024753       ?SV_TraceHook@@YAXAAUtrace0_t@@ABUCVec3@@PBU2@21PAUedict_s@@H@Z 00425753 f   sv_main.obj
 0001:000248e1       ?SV_Frame@@YAXM@Z          004258e1 f   sv_main.obj
 0001:00024b9e       ?SV_UserinfoChanged@@YAXPAUclient_t@@@Z 00425b9e f   sv_main.obj
 0001:00024c60       ?SV_InitVars@@YAXXZ        00425c60 f   sv_main.obj
 0001:00024c6f       ?SV_Init@@YAXXZ            00425c6f f   sv_main.obj
 0001:00024cc8       ?SV_Shutdown@@YAXPBD_N@Z   00425cc8 f   sv_main.obj
 0001:00024ed5       ?SV_ClientPrintf@@YAXPAUclient_t@@HPBDZZ 00425ed5 f   sv_send.obj
 0001:00024f30       ?SV_BroadcastPrintf@@YAXHPBDZZ 00425f30 f   sv_send.obj
 0001:00025006       ?SV_BroadcastCommand@@YAXPBDZZ 00426006 f   sv_send.obj
 0001:00025060       ?SV_Multicast@@YAXABUCVec3@@W4multicast_t@@_N@Z 00426060 f   sv_send.obj
 0001:00025273       ?SV_StartSound@@YAXPBUCVec3@@PAUedict_s@@HHMMM_N@Z 00426273 f   sv_send.obj
 0001:0002550c       ?SV_SendClientDatagram@@YA_NPAUclient_t@@@Z 0042650c f   sv_send.obj
 0001:000255ce       ?SV_DemoCompleted@@YAXXZ   004265ce f   sv_send.obj
 0001:000255ea       ?SV_SendClientMessages@@YAXXZ 004265ea f   sv_send.obj
 0001:0002579d       ?SV_DrawText3D@@YAXABUCVec3@@PBDI@Z 0042679d f   sv_text.obj
 0001:000257d5       ?SV_ClearTexts@@YAXXZ      004267d5 f   sv_text.obj
 0001:000257dd       ?SV_DrawTexts@@YAXXZ       004267dd f   sv_text.obj
 0001:00025832       ??0?$TTextContainer@UCSVText@@$0BAAAA@@@QAE@XZ 00426832 f i sv_text.obj
 0001:00025857       ?SV_TokenizeString@@YAXPBD@Z 00426857 f   sv_tokenize.obj
 0001:0002592e       ?SV_Argc@@YAHXZ            0042692e f   sv_tokenize.obj
 0001:00025934       ?SV_Argv@@YAPADH@Z         00426934 f   sv_tokenize.obj
 0001:00025952       ?SV_Args@@YAPADXZ          00426952 f   sv_tokenize.obj
 0001:0002621d       ?SV_Nextserver@@YAXXZ      0042721d f   sv_user.obj
 0001:000262b1       ?SV_ClientThink@@YAXPAUclient_t@@PAUusercmd_t@@@Z 004272b1 f   sv_user.obj
 0001:00026342       ?SV_ExecuteClientMessage@@YAXPAUclient_t@@@Z 00427342 f   sv_user.obj
 0001:00026692       ?SV_ClearWorld@@YAXXZ      00427692 f   sv_world.obj
 0001:000267d0       ?SV_UnlinkEdict@@YAXPAUedict_s@@@Z 004277d0 f   sv_world.obj
 0001:00026896       ?SV_LinkEdict@@YAXPAUedict_s@@@Z 00427896 f   sv_world.obj
 0001:00026eba       ?SV_AreaEdicts@@YAHABUCVec3@@0PAPAUedict_s@@HH@Z 00427eba f   sv_world.obj
 0001:00027058       ?SV_PointContents@@YAHABUCVec3@@@Z 00428058 f   sv_world.obj
 0001:0002717e       ?SV_Trace@@YAXAAUtrace_t@@ABUCVec3@@1ABUCBox@@PAUedict_s@@H@Z 0042817e f   sv_world.obj
 0001:000275fb       ?InitByteDirs@@YAXXZ       004285fb f   anorms.obj
 0001:0002763a       ?Cbuf_AddText@@YAXPBD@Z    0042863a f   cmd.obj
 0001:000276a0       ?Cbuf_CopyToDefer@@YAXXZ   004286a0 f   cmd.obj
 0001:000276e8       ?Cbuf_InsertFromDefer@@YAXXZ 004286e8 f   cmd.obj
 0001:000277a4       ?Cbuf_Execute@@YAXXZ       004287a4 f   cmd.obj
 0001:000278b4       ?Cmd_Unalias_f@@YAX_NHPAPAD@Z 004288b4 f   cmd.obj
 0001:0002792c       ?Cmd_WriteAliases@@YAXPAVCOutputDevice@@@Z 0042892c f   cmd.obj
 0001:0002795f       ?RegisterCommand@@YA_NPBDP6AXXZI@Z 0042895f f   cmd.obj
 0001:00027a40       ?UnregisterCommand@@YA_NPBD@Z 00428a40 f   cmd.obj
 0001:00027ad1       ?ExecuteCommand@@YA_NPBD@Z 00428ad1 f   cmd.obj
 0001:00027f14       ?ExecuteCommand@@YA_NPBDPBUCSimpleCommand@@H@Z 00428f14 f   cmd.obj
 0001:00028356       ?CM_LoadMap@@YAPAUcmodel_t@@PBD_NPAI@Z 00429356 f   cmodel.obj
 0001:00028a39       ?LoadLeafBrushes@@YAXPAGH@Z 00429a39 f i cmodel.obj
 0001:000298d2       ?CM_BuildBrush@@YAPAUCBrush@@HPAVCMemoryChain@@@Z 0042a8d2 f   cmodel.obj
 0001:000299a4       ?CM_InlineModel@@YAPAUcmodel_t@@PBD@Z 0042a9a4 f   cmodel.obj
 0001:000299cf       ?CM_InlineModel@@YAPAUcmodel_t@@H@Z 0042a9cf f   cmodel.obj
 0001:000299f7       ?CM_NumClusters@@YAHXZ     0042a9f7 f   cmodel.obj
 0001:00029a07       ?CM_NumInlineModels@@YAHXZ 0042aa07 f   cmodel.obj
 0001:00029a0d       ?CM_EntityString@@YAPBDXZ  0042aa0d f   cmodel.obj
 0001:00029a13       ?CM_LeafContents@@YAHH@Z   0042aa13 f   cmodel.obj
 0001:00029a3d       ?CM_LeafCluster@@YAHH@Z    0042aa3d f   cmodel.obj
 0001:00029ab3       ?CM_LeafArea@@YAHH@Z       0042aab3 f   cmodel.obj
 0001:00029c42       ?CM_HeadnodeForBox@@YAHABUCBox@@@Z 0042ac42 f   cmodel.obj
 0001:00029cc5       ?CM_PointLeafnum@@YAHABUCVec3@@H@Z 0042acc5 f   cmodel.obj
 0001:00029d68       ?DistanceTo@CPlane@@QBEMABUCVec3@@@Z 0042ad68 f i cmodel.obj
 0001:00029dad       ?CM_PointContents@@YAHABUCVec3@@H@Z 0042adad f   cmodel.obj
 0001:00029e20       ?CM_TransformedPointContents@@YAHABUCVec3@@H00@Z 0042ae20 f   cmodel.obj
 0001:00029f01       ?CM_TransformedPointContents@@YAHABUCVec3@@H0ABUCAxis@@@Z 0042af01 f   cmodel.obj
 0001:00029fac       ?CM_BoxLeafnums@@YAHABUCBox@@PAHH1H@Z 0042afac f   cmodel.obj
 0001:0002a0bf       ?BOX_ON_PLANE_SIDE@@YAHABUCBox@@ABUCPlane@@@Z 0042b0bf f i cmodel.obj
 0001:0002a12a       ?CM_BoxTrace@@YAXAAUtrace_t@@ABUCVec3@@1ABUCBox@@HI@Z 0042b12a f   cmodel.obj
 0001:0002ae77       ?CM_TransformedBoxTrace@@YAXAAUtrace_t@@ABUCVec3@@1ABUCBox@@HI11@Z 0042be77 f   cmodel.obj
 0001:0002afea       ?CM_TransformedBoxTrace@@YAXAAUtrace_t@@ABUCVec3@@1ABUCBox@@HI1ABUCAxis@@@Z 0042bfea f   cmodel.obj
 0001:0002b0a7       ?CM_CombineTrace@@YA_NAAUtrace_t@@ABU1@@Z 0042c0a7 f   cmodel.obj
 0001:0002b0f4       ?CM_ClipTraceToModels@@YAXAAUtrace_t@@ABUCVec3@@1ABUCBox@@I@Z 0042c0f4 f   cmodel.obj
 0001:0002b1f6       ?CM_PointModelContents@@YAHABUCVec3@@@Z 0042c1f6 f   cmodel.obj
 0001:0002b250       ?CM_BrushTrace@@YAHABUCVec3@@0PAHH@Z 0042c250 f   cmodel.obj
 0001:0002b640       ?CM_RefineBrushTrace@@YAHABUCVec3@@0PAHH@Z 0042c640 f   cmodel.obj
 0001:0002b6e6       ?CM_ClusterPVS@@YAPBEH@Z   0042c6e6 f   cmodel.obj
 0001:0002b81e       ?CM_SetAreaPortalState@@YAXH_N@Z 0042c81e f   cmodel.obj
 0001:0002b846       ?CM_AreasConnected@@YA_NHH@Z 0042c846 f   cmodel.obj
 0001:0002b88d       ?CM_WriteAreaBits@@YAHPAEH@Z 0042c88d f   cmodel.obj
 0001:0002b92f       ?CM_WritePortalState@@YAXPAU_iobuf@@@Z 0042c92f f   cmodel.obj
 0001:0002b94c       ?CM_ReadPortalState@@YAXPAU_iobuf@@@Z 0042c94c f   cmodel.obj
 0001:0002b96e       ?CM_HeadnodeVisible@@YA_NHPBE@Z 0042c96e f   cmodel.obj
 0001:0002ba49       ??E?$TStringSplitter@$0EA@$0DL@@@QAEXXZ 0042ca49 f i cmodel.obj
 0001:0002baab       ?Com_DPrintf@@YAXPBDZZ     0042caab f   common.obj
 0001:0002bb24       ?DebugPrintf@@YAXPBDZZ     0042cb24 f   common.obj
 0001:0002bbd3       ?IPWildcard@@YA_NPAUnetadr_t@@PBD@Z 0042cbd3 f   common.obj
 0001:0002bcad       ?Com_ServerState@@YA?AW4server_state_t@@XZ 0042ccad f   common.obj
 0001:0002bcb3       ?Com_SetServerState@@YAXW4server_state_t@@@Z 0042ccb3 f   common.obj
 0001:0002bcc0       ?crand@@YAMXZ              0042ccc0 f   common.obj
 0001:0002bcde       ?Info_ValueForKey@@YAPBDPBD0@Z 0042ccde f   common.obj
 0001:0002bd5d       ?Info_SetValueForKey@@YAXPADPBD1@Z 0042cd5d f   common.obj
 0001:0002be94       ?Info_Print@@YAXPBD@Z      0042ce94 f   common.obj
 0001:0002bf1a       ?LerpAngle@@YAMMMM@Z       0042cf1a f   common.obj
 0001:0002bf5e       ?ReduceAngle@@YAMM@Z       0042cf5e f   common.obj
 0001:0002bf8a       ?AngleSubtract@@YAMMM@Z    0042cf8a f   common.obj
 0001:0002bfc3       ?AnglesSubtract@@YAXABUCVec3@@0AAU1@@Z 0042cfc3 f   common.obj
 0001:0002c01c       ?COM_Parse@@YAPADAAPBD_N@Z 0042d01c f   common.obj
 0001:0002c13e       ?COM_QuoteString@@YAPBDPBD_N@Z 0042d13e f   common.obj
 0001:0002c19b       ?Com_CheckCmdlineVar@@YA_NPBD@Z 0042d19b f   common.obj
 0001:0002c1f4       ?Com_Init@@YAXPBD@Z        0042d1f4 f   common.obj
 0001:0002c59b       ?Com_Frame@@YAXM@Z         0042d59b f   common.obj
 0001:0002c9af       ?Com_BlockSequenceCRCByte@@YAEPAEHH@Z 0042d9af f   crc.obj
 0001:0002ca67       ?Cvar_VariableValue@@YAMPBD@Z 0042da67 f   cvar.obj
 0001:0002cade       ?Cvar_VariableInt@@YAHPBD@Z 0042dade f   cvar.obj
 0001:0002caf5       ?Cvar_VariableString@@YAPBDPBD@Z 0042daf5 f   cvar.obj
 0001:0002cb11       ?Cvar_Get@@YAPAUcvar_t@@PBD0H@Z 0042db11 f   cvar.obj
 0001:0002cdde       ?Cvar_GetVars@@YAXPBUcvarInfo_t@@H@Z 0042ddde f   cvar.obj
 0001:0002ce88       ?Cvar_FullSet@@YAXPAUcvar_t@@PBDI@Z 0042de88 f   cvar.obj
 0001:0002cea8       ?Cvar_FullSet@@YAPAUcvar_t@@PBD0I@Z 0042dea8 f   cvar.obj
 0001:0002cee8       ?Cvar_SetValue@@YAPAUcvar_t@@PBDM@Z 0042dee8 f   cvar.obj
 0001:0002d081       ?Cvar_SetInteger@@YAPAUcvar_t@@PBDH@Z 0042e081 f   cvar.obj
 0001:0002d0a5       ?Cvar_Set@@YAPAUcvar_t@@PBD0@Z 0042e0a5 f   cvar.obj
 0001:0002d0bc       ?Cvar_ForceSet@@YAPAUcvar_t@@PBD0@Z 0042e0bc f   cvar.obj
 0001:0002d0d3       ?Cvar_Clamp@@YAMPAUcvar_t@@MM@Z 0042e0d3 f   cvar.obj
 0001:0002d131       ?Cvar_Command@@YA_NHPAPAD@Z 0042e131 f   cvar.obj
 0001:0002d1cc       ?IsDefault@cvar_t@@QAE_NXZ 0042e1cc f i cvar.obj
 0001:0002d1e9       ?Cvar_WriteVariables@@YAXPAVCOutputDevice@@HHPBD@Z 0042e1e9 f   cvar.obj
 0001:0002d26f       ?Cvar_BitInfo@@YAPBDI@Z    0042e26f f   cvar.obj
 0001:0002d2c1       ?Cvar_Cheats@@YAX_N@Z      0042e2c1 f   cvar.obj
 0001:0002db38       ?MSG_WriteDeltaEntity@@YAXPAVsizebuf_t@@PBUentityStateEx_t@@PAU2@_N33@Z 0042eb38 f   entdelta.obj
 0001:0002e0f4       ?MSG_WriteRemoveEntity@@YAXPAVsizebuf_t@@H@Z 0042f0f4 f   entdelta.obj
 0001:0002e134       ?MSG_ReadEntityBits@@YAHPAVsizebuf_t@@PAIPA_N@Z 0042f134 f   entdelta.obj
 0001:0002e1a6       ?MSG_ReadDeltaEntity@@YAXPAVsizebuf_t@@PBUentityStateEx_t@@PAU2@I@Z 0042f1a6 f   entdelta.obj
 0001:0002e229       ?MSG_WriteDeltaUsercmd@@YAXPAVsizebuf_t@@PBUusercmd_t@@PAU2@@Z 0042f229 f   entdelta.obj
 0001:0002e2b8       ?MSG_ReadDeltaUsercmd@@YAXPAVsizebuf_t@@PBUusercmd_t@@PAU2@@Z 0042f2b8 f   entdelta.obj
 0001:0002e5bb       ?MSG_WriteDeltaPlayerstate@@YAXPAVsizebuf_t@@PBUplayer_state_t@@PAU2@@Z 0042f5bb f   entdelta.obj
 0001:0002e6c4       ?MSG_ReadDeltaPlayerstate@@YAXPAVsizebuf_t@@PBUplayer_state_t@@PAU2@@Z 0042f6c4 f   entdelta.obj
 0001:0002e77e       ?ProcessEntstring@@YAPBDPBD@Z 0042f77e f   EntityParser.obj
 0001:0003063e       ?LoadPCX@@YAPAEPBDAAH1AAPAE@Z 0043163e f   images.obj
 0001:00030779       ?LoadTGA@@YAPAEPBDAAH1@Z   00431779 f   images.obj
 0001:00030a0d       ?LoadJPG@@YAPAEPBDAAH1@Z   00431a0d f   images.obj
 0001:00030cc1       ?ImageExists@@YAHPBDH@Z    00431cc1 f   images.obj
 0001:00030de5       ?WriteTGA@@YA_NPBDPAEHH@Z  00431de5 f   images.obj
 0001:00030fd9       ?WriteJPG@@YA_NPBDPAEHH_N@Z 00431fd9 f   images.obj
 0001:0003110a       ??0CBrush@@QAE@ABUCBox@@@Z 0043210a f   MapBrush.obj
 0001:0003125b       ?Split@CBrush@@QAEPAU1@PAUCPlane@@@Z 0043225b f   MapBrush.obj
 0001:00031cad       ?GetVec@CAllocVertexPool@@QAEPAUCVec3@@ABU2@@Z 00432cad f i MapBrush.obj
 0001:00031d41       ?GetBounds@CBrush@@QAEXAAUCBox@@@Z 00432d41 f   MapBrush.obj
 0001:00031dc3       ?AddBevels@CBrush@@QAEXP6APAUCPlane@@ABUCVec3@@M@Z@Z 00432dc3 f   MapBrush.obj
 0001:000320b7       ?Negate@CVec3@@QAEXXZ      004330b7 f i MapBrush.obj
 0001:000320c5       ?MD4Init@@YAXPAUMD4_CTX@@@Z 004330c5 f   md4.obj
 0001:000320ed       ?MD4Update@@YAXPAUMD4_CTX@@PAEI@Z 004330ed f   md4.obj
 0001:0003218b       ?MD4Final@@YAXQAEPAUMD4_CTX@@@Z 0043318b f   md4.obj
 0001:0003287c       ?Com_BlockChecksum@@YAIPAXH@Z 0043387c f   md4.obj
 0001:000328b8       ?LoadQ2BspFile@@YAXXZ      004338b8 f   model.obj
 0001:00032e45       ?LoadQ1BspFile@@YAXXZ      00433e45 f   model.obj
 0001:000331c3       ?LoadBspFile@@YAPAUbspfile_t@@PBD_NPAI@Z 004341c3 f   model.obj
 0001:00033392       ?Init@sizebuf_t@@QAEXPAXH@Z 00434392 f   msg.obj
 0001:000333af       ?Write@sizebuf_t@@QAEXPBXH@Z 004343af f   msg.obj
 0001:00033421       ?MSG_WriteChar@@YAXPAVsizebuf_t@@H@Z 00434421 f   msg.obj
 0001:00033421       ?MSG_WriteByte@@YAXPAVsizebuf_t@@H@Z 00434421 f   msg.obj
 0001:00033434       ?MSG_WriteShort@@YAXPAVsizebuf_t@@H@Z 00434434 f   msg.obj
 0001:00033447       ?MSG_WriteLong@@YAXPAVsizebuf_t@@H@Z 00434447 f   msg.obj
 0001:0003345a       ?MSG_WriteFloat@@YAXPAVsizebuf_t@@M@Z 0043445a f   msg.obj
 0001:0003346d       ?MSG_WriteString@@YAXPAVsizebuf_t@@PBD@Z 0043446d f   msg.obj
 0001:00033497       ?MSG_WritePos@@YAXPAVsizebuf_t@@ABUCVec3@@@Z 00434497 f   msg.obj
 0001:000334fb       ?MSG_WriteAngle@@YAXPAVsizebuf_t@@M@Z 004344fb f   msg.obj
 0001:00033526       ?MSG_WriteAngle16@@YAXPAVsizebuf_t@@M@Z 00434526 f   msg.obj
 0001:00033551       ?MSG_WriteDir@@YAXPAVsizebuf_t@@ABUCVec3@@@Z 00434551 f   msg.obj
 0001:000335b9       ?MSG_ReadDir@@YAXPAVsizebuf_t@@AAUCVec3@@@Z 004345b9 f   msg.obj
 0001:000335ec       ?MSG_ReadChar@@YAHPAVsizebuf_t@@@Z 004345ec f   msg.obj
 0001:0003360f       ?MSG_ReadByte@@YAHPAVsizebuf_t@@@Z 0043460f f   msg.obj
 0001:00033637       ?MSG_ReadShort@@YAHPAVsizebuf_t@@@Z 00434637 f   msg.obj
 0001:00033660       ?MSG_ReadLong@@YAHPAVsizebuf_t@@@Z 00434660 f   msg.obj
 0001:00033682       ?MSG_ReadString@@YAPADPAVsizebuf_t@@@Z 00434682 f   msg.obj
 0001:000336b8       ?MSG_ReadPos@@YAXPAVsizebuf_t@@AAUCVec3@@@Z 004346b8 f   msg.obj
 0001:0003370a       ?MSG_ReadAngle@@YAMPAVsizebuf_t@@@Z 0043470a f   msg.obj
 0001:00033724       ?MSG_ReadAngle16@@YAMPAVsizebuf_t@@@Z 00434724 f   msg.obj
 0001:0003373e       ?MSG_ReadData@@YAXPAVsizebuf_t@@PAXH@Z 0043473e f   msg.obj
 0001:00033761       ?Netchan_Init@@YAXXZ       00434761 f   net_chan.obj
 0001:000337d0       ?Netchan_OutOfBandPrint@@YAXW4netsrc_t@@Unetadr_t@@PBDZZ 004347d0 f   net_chan.obj
 0001:00033855       ?Setup@netchan_t@@QAEXW4netsrc_t@@Unetadr_t@@H@Z 00434855 f   net_chan.obj
 0001:000338ab       ?NeedReliable@netchan_t@@QAE_NXZ 004348ab f   net_chan.obj
 0001:000338d0       ?Transmit@netchan_t@@QAEXPAXH@Z 004348d0 f   net_chan.obj
 0001:00033a66       ?Process@netchan_t@@QAE_NPAVsizebuf_t@@@Z 00434a66 f   net_chan.obj
 0001:00033b93       ?Pmove@@YAXPAUpmove_t@@@Z  00434b93 f   pmove.obj
 0001:00035809       ?FileExists@CQuakeFileSystem@@UAE_NPBDI@Z 00436809 f i QuakeFileSystem.obj
 0001:00035870       ?CheckFilename@CQuakeFileSystem@@AAEXPBD@Z 00436870 f i QuakeFileSystem.obj
 0001:0003590f       ?OpenFile@CQuakeFileSystem@@UAEPAVCFile@@PBDI@Z 0043690f f i QuakeFileSystem.obj
 0001:0003599f       ?List@CQuakeFileSystem@@UAEPAVCFileList@@PBDIPAV2@@Z 0043699f f i QuakeFileSystem.obj
 0001:00035a31       ??_GCFileSystem@@UAEPAXI@Z 00436a31 f i QuakeFileSystem.obj
 0001:00035a31       ??_GCQuakeFileSystem@@UAEPAXI@Z 00436a31 f i QuakeFileSystem.obj
 0001:00035a31       ??_ECFileSystem@@UAEPAXI@Z 00436a31 f i QuakeFileSystem.obj
 0001:00035a31       ??_ECQuakeFileSystem@@UAEPAXI@Z 00436a31 f i QuakeFileSystem.obj
 0001:00035a51       ?FS_Gamedir@@YAPBDXZ       00436a51 f   QuakeFileSystem.obj
 0001:00035a57       ?FS_NextPath@@YAPBDPBD@Z   00436a57 f   QuakeFileSystem.obj
 0001:00035a9b       ?FS_CopyFile@@YAXPBD0@Z    00436a9b f   QuakeFileSystem.obj
 0001:00035b71       ?FS_CopyFiles@@YAXPBD0@Z   00436b71 f   QuakeFileSystem.obj
 0001:00035c8b       ?FS_RemoveFiles@@YAXPBD@Z  00436c8b f   QuakeFileSystem.obj
 0001:00035d46       ?InitFileSystem@@YAXXZ     00436d46 f   QuakeFileSystem.obj
 0001:00035e7a       ?Create@CFileContainerPak@@SAPAVCFileContainer@@PBDPAU_iobuf@@@Z 00436e7a f i QuakeFileSystem.obj
 0001:00035fe3       ??0CFileContainerArc@@QAE@XZ 00436fe3 f i QuakeFileSystem.obj
 0001:0003602a       ??_GCFileContainerArc@@UAEPAXI@Z 0043702a f i QuakeFileSystem.obj
 0001:0003602a       ??_ECFileContainerArc@@UAEPAXI@Z 0043702a f i QuakeFileSystem.obj
 0001:00036059       ?GetType@CFileContainerPak@@MAEPBDXZ 00437059 f i QuakeFileSystem.obj
 0001:0003605f       ?OpenLocalFile@CFileContainerPak@@MAEPAVCFile@@ABVCStringItem@@@Z 0043705f f i QuakeFileSystem.obj
 0001:000360af       ?Read@CFilePak@CFileContainerPak@@UAEHPAXH@Z 004370af f i QuakeFileSystem.obj
 0001:000360e9       ?GetSize@CFilePak@CFileContainerPak@@UAEHXZ 004370e9 f i QuakeFileSystem.obj
 0001:000360f0       ?Eof@CFilePak@CFileContainerPak@@UAE_NXZ 004370f0 f i QuakeFileSystem.obj
 0001:000360fd       ??_GCFilePak@CFileContainerPak@@UAEPAXI@Z 004370fd f i QuakeFileSystem.obj
 0001:000360fd       ??_ECFilePak@CFileContainerPak@@UAEPAXI@Z 004370fd f i QuakeFileSystem.obj
 0001:00036132       ??_GCFileContainerPak@@UAEPAXI@Z 00437132 f i QuakeFileSystem.obj
 0001:00036132       ??_ECFileContainerPak@@UAEPAXI@Z 00437132 f i QuakeFileSystem.obj
 0001:00036161       ?Create@CFileContainerZip@@SAPAVCFileContainer@@PBDPAU_iobuf@@@Z 00437161 f i QuakeFileSystem.obj
 0001:00036460       ?GetType@CFileContainerZip@@MAEPBDXZ 00437460 f i QuakeFileSystem.obj
 0001:00036466       ?OpenLocalFile@CFileContainerZip@@MAEPAVCFile@@ABVCStringItem@@@Z 00437466 f i QuakeFileSystem.obj
 0001:00036502       ??0CFilePak@CFileContainerZip@@QAE@ABVCFileInfo@1@PAU_iobuf@@@Z 00437502 f i QuakeFileSystem.obj
 0001:00036554       ?Read@CFilePak@CFileContainerZip@@UAEHPAXH@Z 00437554 f i QuakeFileSystem.obj
 0001:0003669d       ?GetSize@CFilePak@CFileContainerZip@@UAEHXZ 0043769d f i QuakeFileSystem.obj
 0001:000366a7       ?Eof@CFilePak@CFileContainerZip@@UAE_NXZ 004376a7 f i QuakeFileSystem.obj
 0001:000366ba       ??_GCFilePak@CFileContainerZip@@UAEPAXI@Z 004376ba f i QuakeFileSystem.obj
 0001:000366ba       ??_ECFilePak@CFileContainerZip@@UAEPAXI@Z 004376ba f i QuakeFileSystem.obj
 0001:000366d9       ??1CFilePak@CFileContainerZip@@UAE@XZ 004376d9 f i QuakeFileSystem.obj
 0001:00036748       ??_GCFileContainerZip@@UAEPAXI@Z 00437748 f i QuakeFileSystem.obj
 0001:00036748       ??_ECFileContainerZip@@UAEPAXI@Z 00437748 f i QuakeFileSystem.obj
 0001:00036777       ?Mount@CZResource@@SAPAVCFileContainer@@PBDPBE0PAVCFileSystem@@@Z 00437777 f i QuakeFileSystem.obj
 0001:00036923       ?GetType@CZResource@@MAEPBDXZ 00437923 f i QuakeFileSystem.obj
 0001:00036929       ?OpenLocalFile@CZResource@@MAEPAVCFile@@ABVCStringItem@@@Z 00437929 f i QuakeFileSystem.obj
 0001:0003695a       ??0CFileRes@CZResource@@QAE@ABVCFileInfo@1@PBXH@Z 0043795a f i QuakeFileSystem.obj
 0001:00036a0d       ?Read@CFileRes@CZResource@@UAEHPAXH@Z 00437a0d f i QuakeFileSystem.obj
 0001:00036a60       ?GetSize@CFileRes@CZResource@@UAEHXZ 00437a60 f i QuakeFileSystem.obj
 0001:00036a67       ?Eof@CFileRes@CZResource@@UAE_NXZ 00437a67 f i QuakeFileSystem.obj
 0001:00036a74       ??_ECFileRes@CZResource@@UAEPAXI@Z 00437a74 f i QuakeFileSystem.obj
 0001:00036a74       ??_GCFileRes@CZResource@@UAEPAXI@Z 00437a74 f i QuakeFileSystem.obj
 0001:00036aa6       ??_GCZResource@@UAEPAXI@Z  00437aa6 f i QuakeFileSystem.obj
 0001:00036aa6       ??_ECZResource@@UAEPAXI@Z  00437aa6 f i QuakeFileSystem.obj
 0001:00036ad5       ?MountGame@CQuakeFileSystem@@QAEXPBD@Z 00437ad5 f i QuakeFileSystem.obj
 0001:00036b20       ?SetGameDir@CQuakeFileSystem@@QAE_NPBD@Z 00437b20 f i QuakeFileSystem.obj
 0001:00036d22       ?FS_Tick@@YAXXZ            00437d22 f   QuakeFileSystem.obj
 0001:00036e6f       ?CDAudio_Play@@YAXH_N@Z    00437e6f f   cd_win.obj
 0001:00037062       ?CDAudio_Stop@@YAXXZ       00438062 f   cd_win.obj
 0001:00037123       ?CDAudio_Update@@YAXXZ     00438123 f   cd_win.obj
 0001:000371c6       ?CDAudio_Init@@YA_NXZ      004381c6 f   cd_win.obj
 0001:000375e7       ?CDAudio_Shutdown@@YAXXZ   004385e7 f   cd_win.obj
 0001:0003760a       ?CDAudio_Activate@@YAX_N@Z 0043860a f   cd_win.obj
 0001:00037621       ?IN_Init@@YAXXZ            00438621 f   in_win.obj
 0001:000378ae       ?IN_Shutdown@@YAXXZ        004388ae f   in_win.obj
 0001:00037b0f       ?IN_Activate@@YAX_N@Z      00438b0f f   in_win.obj
 0001:00037b1c       ?IN_Frame@@YAXXZ           00438b1c f   in_win.obj
 0001:00037e7e       ?IN_Move@@YAXPAUusercmd_t@@@Z 00438e7e f   in_win.obj
 0001:00038329       ?NET_CompareAdr@@YA_NPAUnetadr_t@@0@Z 00439329 f   net_wins.obj
 0001:00038364       ?NET_CompareBaseAdr@@YA_NPAUnetadr_t@@0@Z 00439364 f   net_wins.obj
 0001:00038391       ?NET_AdrToString@@YAPBDPAUnetadr_t@@@Z 00439391 f   net_wins.obj
 0001:000383d7       ?NET_StringToAdr@@YA_NPBDPAUnetadr_t@@F@Z 004393d7 f   net_wins.obj
 0001:000384ed       ?NET_IsLocalAddress@@YA_NPAUnetadr_t@@@Z 004394ed f   net_wins.obj
 0001:000384fc       ?NET_GetPacket@@YA_NW4netsrc_t@@PAUnetadr_t@@PAVsizebuf_t@@@Z 004394fc f   net_wins.obj
 0001:0003867b       ?NET_SendPacket@@YAXW4netsrc_t@@HPAXUnetadr_t@@@Z 0043967b f   net_wins.obj
 0001:00038799       ?NET_Config@@YAX_N@Z       00439799 f   net_wins.obj
 0001:00038974       ?NET_Init@@YAXXZ           00439974 f   net_wins.obj
 0001:00038a27       ?SNDDMA_Init@@YA_NXZ       00439a27 f   snd_win.obj
 0001:00039072       ?SNDDMA_GetDMAPos@@YAHXZ   0043a072 f   snd_win.obj
 0001:000390bc       ?SNDDMA_BeginPainting@@YAXXZ 0043a0bc f   snd_win.obj
 0001:000391db       ?SNDDMA_Submit@@YAXXZ      0043a1db f   snd_win.obj
 0001:00039200       ?SNDDMA_Shutdown@@YAXXZ    0043a200 f   snd_win.obj
 0001:00039205       ?S_Activate@@YAX_N@Z       0043a205 f   snd_win.obj
 0001:00039258       ?Write@COutputDeviceWin32Console@@UAEXPBD@Z 0043a258 f i sys_win.obj
 0001:000392d0       ?EraseInput@COutputDeviceWin32Console@@QAEXXZ 0043a2d0 f i sys_win.obj
 0001:00039356       ??_ECOutputDeviceWin32Console@@UAEPAXI@Z 0043a356 f i sys_win.obj
 0001:00039356       ??_GCOutputDeviceWin32Console@@UAEPAXI@Z 0043a356 f i sys_win.obj
 0001:00039376       ?Sys_ConsoleInput@@YAPADXZ 0043a376 f   sys_win.obj
 0001:000395ff       ?Sys_ProcessMessages@@YAXXZ 0043a5ff f   sys_win.obj
 0001:000396b8       _WinMain@16                0043a6b8 f   sys_win.obj
 0001:000399b5       ??_GCOutputDeviceCon@@UAEPAXI@Z 0043a9b5 f i sys_win.obj
 0001:000399b5       ??_ECOutputDeviceCon@@UAEPAXI@Z 0043a9b5 f i sys_win.obj
 0001:00039a5d       ?Init@COutputDeviceWin32Console@@QAEXXZ 0043aa5d f i sys_win.obj
 0001:00039a87       ?AddMsgHook@@YAXP6A_NIIJ@Z@Z 0043aa87 f   vid_dll.obj
 0001:00039ace       ?RemoveMsgHook@@YAXP6A_NIIJ@Z@Z 0043aace f   vid_dll.obj
 0001:00039b01       ?Vid_CreateWindow@@YAPAXHH_N@Z 0043ab01 f   vid_dll.obj
 0001:0003a223       ?Vid_DestroyWindow@@YAX_N@Z 0043b223 f   vid_dll.obj
 0001:0003a262       ?Vid_Restart@@YAXXZ        0043b262 f   vid_dll.obj
 0001:0003a26e       ?Vid_GetModeInfo@@YA_NPAH0H@Z 0043b26e f   vid_dll.obj
 0001:0003a2a0       ?Vid_Tick@@YAXXZ           0043b2a0 f   vid_dll.obj
 0001:0003a451       ?Vid_Init@@YAXXZ           0043b451 f   vid_dll.obj
 0001:0003a4f4       ?Vid_Shutdown@@YAXXZ       0043b4f4 f   vid_dll.obj
 0001:0003a513       ?BK_FlushShader@OpenGLDrv@@YAXXZ 0043b513 f   gl_backend.obj
 0001:0003ccef       ?Tesselate@surfacePlanar_t@OpenGLDrv@@UAEXAAUrefEntity_t@2@@Z 0043dcef f   gl_backend.obj
 0001:0003ce55       ?Tesselate@surfacePoly_t@OpenGLDrv@@UAEXAAUrefEntity_t@2@@Z 0043de55 f   gl_backend.obj
 0001:0003cf5c       ?Tesselate@surfaceMd3_t@OpenGLDrv@@UAEXAAUrefEntity_t@2@@Z 0043df5c f   gl_backend.obj
 0001:0003d50a       ?DrawBrush@OpenGLDrv@@YAXPBUCBrush@@PBDH@Z 0043e50a f   gl_backend.obj
 0001:0003d56d       ?Tesselate@surfaceEntity_t@OpenGLDrv@@UAEXAAUrefEntity_t@2@@Z 0043e56d f   gl_backend.obj
 0001:0003d651       ?Tesselate@surfaceParticle_t@OpenGLDrv@@UAEXAAUrefEntity_t@2@@Z 0043e651 f   gl_backend.obj
 0001:0003d8a1       ?BK_DrawScene@OpenGLDrv@@YAXXZ 0043e8a1 f   gl_backend.obj
 0001:0003e0ae       ?BK_DrawPic@OpenGLDrv@@YAXPAVshader_t@1@HHHHMMMMIE@Z 0043f0ae f   gl_backend.obj
 0001:0003e28f       ?BK_DrawText@OpenGLDrv@@YAXPBDHHHHHI@Z 0043f28f f   gl_backend.obj
 0001:0003e484       ?BK_BeginFrame@OpenGLDrv@@YAXXZ 0043f484 f   gl_backend.obj
 0001:0003e4e8       ?BK_EndFrame@OpenGLDrv@@YAXXZ 0043f4e8 f   gl_backend.obj
 0001:0003e527       ?BK_Init@OpenGLDrv@@YAXXZ  0043f527 f   gl_backend.obj
 0001:0003e556       ?BK_Shutdown@OpenGLDrv@@YAXXZ 0043f556 f   gl_backend.obj
 0001:0003e56e       ?AllocDynamicMemory@OpenGLDrv@@YAPAXH@Z 0043f56e f   gl_buffers.obj
 0001:0003e5dc       ?ResizeDynamicMemory@OpenGLDrv@@YAXPAXH@Z 0043f5dc f   gl_buffers.obj
 0001:0003e620       ?AddSurfaceToPortal@OpenGLDrv@@YAXPAVsurfaceBase_t@1@PAVshader_t@1@HH@Z 0043f620 f   gl_buffers.obj
 0001:0003e691       ?InsertShaderIndex@OpenGLDrv@@YAXH@Z 0043f691 f   gl_buffers.obj
 0001:0003e6cd       ?ClearPortal@OpenGLDrv@@YAXXZ 0043f6cd f   gl_buffers.obj
 0001:0003e6eb       ?SortSurfaces@OpenGLDrv@@YAXPAUviewPortal_t@1@PAPAUsurfaceInfo_t@1@@Z 0043f6eb f   gl_buffers.obj
 0001:0003e87d       ?ClearBuffers@OpenGLDrv@@YAXXZ 0043f87d f   gl_buffers.obj
 0001:0003e894       ?CreateBuffers@OpenGLDrv@@YAXXZ 0043f894 f   gl_buffers.obj
 0001:0003e8ba       ?FreeBuffers@OpenGLDrv@@YAXXZ 0043f8ba f   gl_buffers.obj
 0001:0003e8de       ?InitEntity@model_t@OpenGLDrv@@UAE_NPAUentity_t@@PAUrefEntity_t@2@@Z 0043f8de f   gl_frontend.obj
 0001:0003e8e3       ?AddSurfaces@model_t@OpenGLDrv@@UAEXPAUrefEntity_t@2@@Z 0043f8e3 f   gl_frontend.obj
 0001:0003e914       ?GetLeaf@model_t@OpenGLDrv@@UAEPAUnode_t@2@PAUrefEntity_t@2@@Z 0043f914 f   gl_frontend.obj
 0001:0003e928       ?DrawLabel@model_t@OpenGLDrv@@UAEXPAUrefEntity_t@2@@Z 0043f928 f   gl_frontend.obj
 0001:0003e92b       ?InitEntity@inlineModel_t@OpenGLDrv@@UAE_NPAUentity_t@@PAUrefEntity_t@2@@Z 0043f92b f   gl_frontend.obj
 0001:0003e998       ?AddSurfaces@inlineModel_t@OpenGLDrv@@UAEXPAUrefEntity_t@2@@Z 0043f998 f   gl_frontend.obj
 0001:0003eea1       ?GetLeaf@inlineModel_t@OpenGLDrv@@UAEPAUnode_t@2@PAUrefEntity_t@2@@Z 0043fea1 f   gl_frontend.obj
 0001:0003f049       ?DrawLabel@inlineModel_t@OpenGLDrv@@UAEXPAUrefEntity_t@2@@Z 00440049 f   gl_frontend.obj
 0001:0003f092       ?InitEntity@md3Model_t@OpenGLDrv@@UAE_NPAUentity_t@@PAUrefEntity_t@2@@Z 00440092 f   gl_frontend.obj
 0001:0003f270       ?AddSurfaces@md3Model_t@OpenGLDrv@@UAEXPAUrefEntity_t@2@@Z 00440270 f   gl_frontend.obj
 0001:0003f3aa       ?GetLeaf@md3Model_t@OpenGLDrv@@UAEPAUnode_t@2@PAUrefEntity_t@2@@Z 004403aa f   gl_frontend.obj
 0001:0003f3e5       ?DrawLabel@md3Model_t@OpenGLDrv@@UAEXPAUrefEntity_t@2@@Z 004403e5 f   gl_frontend.obj
 0001:0003f44e       ?InitEntity@sprModel_t@OpenGLDrv@@UAE_NPAUentity_t@@PAUrefEntity_t@2@@Z 0044044e f   gl_frontend.obj
 0001:0003f471       ?AddSurfaces@sprModel_t@OpenGLDrv@@UAEXPAUrefEntity_t@2@@Z 00440471 f   gl_frontend.obj
 0001:0003f5f4       ?GetLeaf@sprModel_t@OpenGLDrv@@UAEPAUnode_t@2@PAUrefEntity_t@2@@Z 004405f4 f   gl_frontend.obj
 0001:0003f6d8       ?AddEntity@OpenGLDrv@@YAXPAUentity_t@@@Z 004406d8 f   gl_frontend.obj
 0001:0003f891       ?AddDlight@OpenGLDrv@@YAXPAUdlight_t@@@Z 00440891 f   gl_frontend.obj
 0001:0003fa49       ?DrawPortal@OpenGLDrv@@YAXXZ 00440a49 f   gl_frontend.obj
 0001:00041b1c       ?GL_TextureMode@OpenGLDrv@@YAXPBD@Z 00442b1c f   gl_image.obj
 0001:00041bc7       ?CreateImage@OpenGLDrv@@YAPAVimage_t@1@PBDPAXHHI@Z 00442bc7 f   gl_image.obj
 0001:0004296f       ?CreateImage8@OpenGLDrv@@YAPAVimage_t@1@PBDPAXHHIPAI@Z 0044396f f   gl_image.obj
 0001:00042a4e       ?LoadDelayedImages@OpenGLDrv@@YAXXZ 00443a4e f   gl_image.obj
 0001:00042ae1       ?DrawStretchRaw8@OpenGLDrv@@YAXHHHHHHPAEPAI@Z 00443ae1 f   gl_image.obj
 0001:00042e14       ?SetupGamma@OpenGLDrv@@YAXXZ 00443e14 f   gl_image.obj
 0001:00042f5a       ?PerformScreenshot@OpenGLDrv@@YAXXZ 00443f5a f   gl_image.obj
 0001:000431cb       ?InitImages@OpenGLDrv@@YAXXZ 004441cb f   gl_image.obj
 0001:000439a4       ?ShutdownImages@OpenGLDrv@@YAXXZ 004449a4 f   gl_image.obj
 0001:00043a0b       ?ShowImages@OpenGLDrv@@YAXXZ 00444a0b f   gl_image.obj
 0001:00043c97       ?FindImage@OpenGLDrv@@YAPAVimage_t@1@PBDI@Z 00444c97 f   gl_image.obj
 0001:00044004       ?GL_Lock@OpenGLDrv@@YAXXZ  00445004 f   gl_interface.obj
 0001:0004407c       ?GL_Unlock@OpenGLDrv@@YAXXZ 0044507c f   gl_interface.obj
 0001:0004423e       ?GL_Bind@OpenGLDrv@@YAXPBVimage_t@1@@Z 0044523e f   gl_interface.obj
 0001:000443d3       ?GL_BindForce@OpenGLDrv@@YAXPBVimage_t@1@@Z 004453d3 f   gl_interface.obj
 0001:0004446b       ?GL_TexEnv@OpenGLDrv@@YAXI@Z 0044546b f   gl_interface.obj
 0001:000445ea       ?GL_TexMipBias@OpenGLDrv@@YAXM@Z 004455ea f   gl_interface.obj
 0001:00044646       ?GL_TexEnvColor@OpenGLDrv@@YAXPBTcolor_t@@@Z 00445646 f   gl_interface.obj
 0001:000446f6       ?GL_SelectTexture@OpenGLDrv@@YAXH@Z 004456f6 f   gl_interface.obj
 0001:00044759       ?GL_TexCoordPointer@OpenGLDrv@@YAXPAX@Z 00445759 f   gl_interface.obj
 0001:0004478c       ?GL_SetMultitexture@OpenGLDrv@@YAXH@Z 0044578c f   gl_interface.obj
 0001:0004487d       ?GL_DisableTexCoordArrays@OpenGLDrv@@YAXXZ 0044587d f   gl_interface.obj
 0001:000448d1       ?GL_CullFace@OpenGLDrv@@YAXW4gl_cullMode_t@1@@Z 004458d1 f   gl_interface.obj
 0001:00044925       ?GL_DepthRange@OpenGLDrv@@YAXW4gl_depthMode_t@1@@Z 00445925 f   gl_interface.obj
 0001:0004495b       ?GL_State@OpenGLDrv@@YAXI@Z 0044595b f   gl_interface.obj
 0001:00044aab       ?GL_EnableFog@OpenGLDrv@@YAX_N@Z 00445aab f   gl_interface.obj
 0001:00044b85       ?GL_SetDefaultState@OpenGLDrv@@YAXXZ 00445b85 f   gl_interface.obj
 0001:00044cdc       ?GL_Set2DMode@OpenGLDrv@@YAXXZ 00445cdc f   gl_interface.obj
 0001:00044dd7       ?GL_Set3DMode@OpenGLDrv@@YAXPAUviewPortal_t@1@@Z 00445dd7 f   gl_interface.obj
 0001:00044ec2       ?Show@CPointLight@OpenGLDrv@@UBEXXZ 00445ec2 f   gl_light.obj
 0001:000450cc       ?Show@CSurfLight@OpenGLDrv@@UBEXXZ 004460cc f   gl_light.obj
 0001:00045226       ?ShowLights@OpenGLDrv@@YAXXZ 00446226 f   gl_light.obj
 0001:00045295       ?Init@CPointLight@OpenGLDrv@@UAEXXZ 00446295 f   gl_light.obj
 0001:000452aa       ?Init@CLightLinear@OpenGLDrv@@EAEXXZ 004462aa f   gl_light.obj
 0001:000452de       ?GetScale@CLightLinear@OpenGLDrv@@EBEMM@Z 004462de f   gl_light.obj
 0001:000452ee       ?Init@CLightInv@OpenGLDrv@@EAEXXZ 004462ee f   gl_light.obj
 0001:0004530a       ?GetScale@CLightInv@OpenGLDrv@@EBEMM@Z 0044630a f   gl_light.obj
 0001:00045326       ?Init@CLightInv2@OpenGLDrv@@EAEXXZ 00446326 f   gl_light.obj
 0001:0004538d       ?GetScale@CLightInv2@OpenGLDrv@@EBEMM@Z 0044638d f   gl_light.obj
 0001:000453af       ?Init@CLightNofade@OpenGLDrv@@EAEXXZ 004463af f   gl_light.obj
 0001:000453c0       ?GetScale@CLightNofade@OpenGLDrv@@EBEMM@Z 004463c0 f   gl_light.obj
 0001:000453c6       ?Add@CPointLight@OpenGLDrv@@UBEXABUCVec3@@ABUCAxis@@@Z 004463c6 f   gl_light.obj
 0001:00045812       ?Init@CSurfLight@OpenGLDrv@@UAEXXZ 00446812 f   gl_light.obj
 0001:000458eb       ?Add@CSurfLight@OpenGLDrv@@UBEXABUCVec3@@ABUCAxis@@@Z 004468eb f   gl_light.obj
 0001:00045d0c       ?Init@CSunLight@OpenGLDrv@@UAEXXZ 00446d0c f   gl_light.obj
 0001:00045db6       ?Add@CSunLight@OpenGLDrv@@UBEXABUCVec3@@ABUCAxis@@@Z 00446db6 f   gl_light.obj
 0001:00045e7c       ?LightForEntity@OpenGLDrv@@YAXPAUrefEntity_t@1@@Z 00446e7c f   gl_light.obj
 0001:0004674f       ?DiffuseLight@OpenGLDrv@@YAXPATcolor_t@@M@Z 0044774f f   gl_light.obj
 0001:0004699b       ?InitLightGrid@OpenGLDrv@@YAXXZ 0044799b f   gl_light.obj
 0001:00046a41       ?PostLoadLights@OpenGLDrv@@YAXXZ 00447a41 f   gl_light.obj
 0001:00046b3c       ?LM_Init@OpenGLDrv@@YAXXZ  00447b3c f   gl_lightmap.obj
 0001:00046b52       ?LM_Flush@OpenGLDrv@@YAXPAUlightmapBlock_t@1@@Z 00447b52 f   gl_lightmap.obj
 0001:00046bb2       ?LM_Done@OpenGLDrv@@YAXXZ  00447bb2 f   gl_lightmap.obj
 0001:00046bd9       ?LM_Save@OpenGLDrv@@YAXPAUlightmapBlock_t@1@@Z 00447bd9 f   gl_lightmap.obj
 0001:00046bf4       ?LM_Restore@OpenGLDrv@@YAXPAUlightmapBlock_t@1@@Z 00447bf4 f   gl_lightmap.obj
 0001:00046c0f       ?LM_NewBlock@OpenGLDrv@@YAPAUlightmapBlock_t@1@XZ 00447c0f f   gl_lightmap.obj
 0001:00046c6e       ?LM_Rewind@OpenGLDrv@@YAXXZ 00447c6e f   gl_lightmap.obj
 0001:00046c76       ?LM_NextBlock@OpenGLDrv@@YAPAUlightmapBlock_t@1@XZ 00447c76 f   gl_lightmap.obj
 0001:00046ca3       ?LM_CheckMinlight@OpenGLDrv@@YAXPAUdynamicLightmap_t@1@@Z 00447ca3 f   gl_lightmap.obj
 0001:00046d39       ?LM_AllocBlock@OpenGLDrv@@YA_NPAUlightmapBlock_t@1@PAUdynamicLightmap_t@1@@Z 00447d39 f   gl_lightmap.obj
 0001:00046e5f       ?LM_PutBlock@OpenGLDrv@@YAXPAUdynamicLightmap_t@1@@Z 00447e5f f   gl_lightmap.obj
 0001:000472d3       ?LM_PutBlock1@OpenGLDrv@@YAXPAUdynamicLightmap_t@1@@Z 004482d3 f   gl_lightmap.obj
 0001:00047424       ?LM_SortLightStyles@OpenGLDrv@@YAXPAUdynamicLightmap_t@1@@Z 00448424 f   gl_lightmap.obj
 0001:000474b6       ?UpdateDynamicLightmap@OpenGLDrv@@YAXPAVsurfacePlanar_t@1@_NI@Z 004484b6 f   gl_lightmap.obj
 0001:00047cfc       ?LM_IsMonotone@OpenGLDrv@@YA_NPAUdynamicLightmap_t@1@PATcolor_t@@@Z 00448cfc f   gl_lightmap.obj
 0001:00047e03       ?Init@OpenGLDrv@@YA_NXZ    00448e03 f   gl_main.obj
 0001:000484f6       ?Shutdown@OpenGLDrv@@YAX_N@Z 004494f6 f   gl_main.obj
 0001:0004857f       ?GL_EnableRendering@OpenGLDrv@@YAX_N@Z 0044957f f   gl_main.obj
 0001:0004859d       ?BeginFrame@OpenGLDrv@@YAXN@Z 0044959d f   gl_main.obj
 0001:000486ca       ?EndFrame@OpenGLDrv@@YAXXZ 004496ca f   gl_main.obj
 0001:000486e2       ?RenderFrame@OpenGLDrv@@YAXPAUrefdef_t@@@Z 004496e2 f   gl_main.obj
 0001:00049036       ?Fill8@OpenGLDrv@@YAXHHHHH@Z 0044a036 f   gl_main.obj
 0001:00049079       ?Fill@OpenGLDrv@@YAXHHHHI@Z 0044a079 f   gl_main.obj
 0001:000490b5       ?TileClear@OpenGLDrv@@YAXHHHHPBD@Z 0044a0b5 f   gl_main.obj
 0001:00049156       ?DrawStretchPic@OpenGLDrv@@YAXHHHHPBD@Z 0044a156 f   gl_main.obj
 0001:0004919b       ?DrawDetailedPic@OpenGLDrv@@YAXHHHHPBD@Z 0044a19b f   gl_main.obj
 0001:00049245       ?DrawPic@OpenGLDrv@@YAXHHPBDHH@Z 0044a245 f   gl_main.obj
 0001:000492cd       ?LoadNewWorld@OpenGLDrv@@YAXPBD@Z 0044a2cd f   gl_main.obj
 0001:00049302       ?DumpLoadStats@OpenGLDrv@@YAXXZ 0044a302 f   gl_main.obj
 0001:00049388       ?FinishLoadingWorld@OpenGLDrv@@YAXXZ 0044a388 f   gl_main.obj
 0001:0004938d       ?RegisterPic@OpenGLDrv@@YAPAVCBasicImage@@PBD@Z 0044a38d f   gl_main.obj
 0001:000493a1       ?RegisterSkin@OpenGLDrv@@YAPAVCBasicImage@@PBD_N@Z 0044a3a1 f   gl_main.obj
 0001:000493c1       ?RegisterModel@OpenGLDrv@@YAPAVCRenderModel@@PBD@Z 0044a3c1 f   gl_main.obj
 0001:000493cf       ?SetSky@OpenGLDrv@@YAXPBDMABUCVec3@@@Z 0044a3cf f   gl_main.obj
 0001:000494a3       ?Screenshot@OpenGLDrv@@YAXHPBD@Z 0044a4a3 f   gl_main.obj
 0001:000494cc       ?GetClientLight@OpenGLDrv@@YAMXZ 0044a4cc f   gl_main.obj
 0001:000494d3       ?InitFuncTables@OpenGLDrv@@YAXXZ 0044a4d3 f   gl_math.obj
 0001:00049679       ?BuildRotationAxis@OpenGLDrv@@YAXAAUCAxis@@ABUCVec3@@M@Z 0044a679 f   gl_math.obj
 0001:00049770       ?GetBoxRect@OpenGLDrv@@YA_NPBUrefEntity_t@1@ABUCVec3@@QAM2_N@Z 0044a770 f   gl_math.obj
 0001:00049a7a       ?ProjectToScreen@OpenGLDrv@@YA_NABUCVec3@@QAH@Z 0044aa7a f   gl_math.obj
 0001:00049bbd       ?SaturateColor3f@OpenGLDrv@@YAXAAUCVec3@@@Z 0044abbd f   gl_math.obj
 0001:00049cad       ?SaturateColor4b@OpenGLDrv@@YAXPATcolor_t@@@Z 0044acad f   gl_math.obj
 0001:00049dbb       ?SubdividePlane@OpenGLDrv@@YAHPAPAUCVec3@@HM@Z 0044adbb f   gl_poly.obj
 0001:0004a29a       ?FreeSubdividedPlane@OpenGLDrv@@YAXXZ 0044b29a f   gl_poly.obj
 0001:0004a2b2       ?GetSubdivideIndexes@OpenGLDrv@@YAXPAH@Z 0044b2b2 f   gl_poly.obj
 0001:0004a308       ?RemoveCollinearPoints@OpenGLDrv@@YAHPAPAUCVec3@@H@Z 0044b308 f   gl_poly.obj
 0001:0004a3fe       ?GetPolyArea@OpenGLDrv@@YAMPAPAUCVec3@@H@Z 0044b3fe f   gl_poly.obj
 0001:0004a491       ?InitShaders@OpenGLDrv@@YAXXZ 0044b491 f   gl_shader.obj
 0001:0004a62f       ?ShutdownShaders@OpenGLDrv@@YAXXZ 0044b62f f   gl_shader.obj
 0001:0004a66d       ?GetLightmapImage@OpenGLDrv@@YAPAVimage_t@1@H@Z 0044b66d f   gl_shader.obj
 0001:0004a698       ?SetShaderLightmap@OpenGLDrv@@YAPAVshader_t@1@PAV21@H@Z 0044b698 f   gl_shader.obj
 0001:0004a9b2       ??4shader_t@OpenGLDrv@@QAEAAV01@ABV01@@Z 0044b9b2 f i gl_shader.obj
 0001:0004ac06       ?SetShaderLightstyles@OpenGLDrv@@YAPAVshader_t@1@PAV21@I_N@Z 0044bc06 f   gl_shader.obj
 0001:0004acb8       ?GetAlphaShader@OpenGLDrv@@YAPAVshader_t@1@PAV21@@Z 0044bcb8 f   gl_shader.obj
 0001:0004b119       ?SetShaderAnimFreq@OpenGLDrv@@YAXPAVshader_t@1@H@Z 0044c119 f   gl_shader.obj
 0001:0004b16f       ?FindShader@OpenGLDrv@@YAPAVshader_t@1@PBDI@Z 0044c16f f   gl_shader.obj
 0001:0004cc81       ?GetShaderByNum@OpenGLDrv@@YAPAVshader_t@1@H@Z 0044dc81 f   gl_shader.obj
 0001:0004cca3       ?ResetShaders@OpenGLDrv@@YAXXZ 0044dca3 f   gl_shader.obj
 0001:0004cedb       ?Reload@shader_t@OpenGLDrv@@UAEXXZ 0044dedb f   gl_shader.obj
 0001:0004cf0a       ?ClearSky@OpenGLDrv@@YAXXZ 0044df0a f   gl_sky.obj
 0001:0004cf67       ?AddSkySurface@OpenGLDrv@@YAXPAVsurfacePlanar_t@1@E@Z 0044df67 f   gl_sky.obj
 0001:0004d52f       ?DrawSky@OpenGLDrv@@YAXXZ  0044e52f f   gl_sky.obj
 0001:0004dd2d       ?DrawChar@OpenGLDrv@@YAXHHHH@Z 0044ed2d f   gl_text.obj
 0001:0004dd87       ?ClearTexts@OpenGLDrv@@YAXXZ 0044ed87 f   gl_text.obj
 0001:0004dd9c       ?FlushTexts@OpenGLDrv@@YAXXZ 0044ed9c f   gl_text.obj
 0001:0004de48       ?DrawTextPos@OpenGLDrv@@YAXHHPBDI@Z 0044ee48 f   gl_text.obj
 0001:0004de74       ?DrawTextLeft@OpenGLDrv@@YAXPBDI@Z 0044ee74 f   gl_text.obj
 0001:0004defc       ?DrawTextRight@OpenGLDrv@@YAXPBDI@Z 0044eefc f   gl_text.obj
 0001:0004df46       ?DrawText3D@OpenGLDrv@@YAXABUCVec3@@PBDI@Z 0044ef46 f   gl_text.obj
 0001:0004df73       ?InitTexts@OpenGLDrv@@YAXXZ 0044ef73 f   gl_text.obj
 0001:0004df8d       ??0?$TTextContainer@UCRText@OpenGLDrv@@$0BAAAA@@@QAE@XZ 0044ef8d f i gl_text.obj
 0001:0004dfb2       ?FindModel@OpenGLDrv@@YAPAVmodel_t@1@PBD@Z 0044efb2 f   gl_model.obj
 0001:0004e18e       ?FreeModels@OpenGLDrv@@YAXXZ 0044f18e f   gl_model.obj
 0001:0004e200       ?InitModels@OpenGLDrv@@YAXXZ 0044f200 f   gl_model.obj
 0001:0004e2f6       ?ShutdownModels@OpenGLDrv@@YAXXZ 0044f2f6 f   gl_model.obj
 0001:0004e307       ?LoadWorldMap@OpenGLDrv@@YAXPBD@Z 0044f307 f   gl_bspmodel.obj
 0001:0004e78d       ?GetName@CLightLinear@OpenGLDrv@@EBEPBDXZ 0044f78d f i gl_bspmodel.obj
 0001:0004e793       ?GetName@CLightInv@OpenGLDrv@@EBEPBDXZ 0044f793 f i gl_bspmodel.obj
 0001:0004e799       ?GetName@CLightInv2@OpenGLDrv@@EBEPBDXZ 0044f799 f i gl_bspmodel.obj
 0001:0004e79f       ?GetName@CLightNofade@OpenGLDrv@@EBEPBDXZ 0044f79f f i gl_bspmodel.obj
 0001:000508a6       ?PointInLeaf@OpenGLDrv@@YAPAUnode_t@1@ABUCVec3@@@Z 004518a6 f   gl_bspmodel.obj
 0001:000508f1       ?LerpTag@model_t@OpenGLDrv@@UBE_NHHMPBDAAUCCoords@@@Z 004518f1 f   gl_trimodel.obj
 0001:000508ff       ?LerpTag@md3Model_t@OpenGLDrv@@UBE_NHHMPBDAAUCCoords@@@Z 004518ff f   gl_trimodel.obj
 0001:00050a0f       ?LoadMd2@OpenGLDrv@@YAPAVmd3Model_t@1@PBDPAEI@Z 00451a0f f   gl_trimodel.obj
 0001:000515a4       ?ATAN2_FUNC@OpenGLDrv@@YAMMM@Z 004525a4 f i gl_trimodel.obj
 0001:0005175a       ?LoadMd3@OpenGLDrv@@YAPAVmd3Model_t@1@PBDPAEI@Z 0045275a f   gl_trimodel.obj
 0001:00051c3b       ?LoadSp2@OpenGLDrv@@YAPAVsprModel_t@1@PBDPAEI@Z 00452c3b f   gl_trimodel.obj
 0001:00051e66       ?LoadSpr@OpenGLDrv@@YAPAVsprModel_t@1@PBDPAEI@Z 00452e66 f   gl_trimodel.obj
 0001:000535df       ?QGL_Init@OpenGLDrv@@YA_NPBD@Z 004545df f   GLBind.obj
[...]
 0001:0006338f       _noscale                   0046438f f   libs-vc-win32:jcscale.obj
 0001:00062e38       _start_pass                00463e38 f   libs-vc-win32:jcpred.obj
 0001:00062e90       _reset_predictor           00463e90 f   libs-vc-win32:jcpred.obj
 0001:00062ebd       _jpeg_difference_first_row 00463ebd f   libs-vc-win32:jcpred.obj
 0001:00062fa7       _jpeg_difference1          00463fa7 f   libs-vc-win32:jcpred.obj
 0001:00063015       _jpeg_difference2          00464015 f   libs-vc-win32:jcpred.obj
 0001:00063086       _jpeg_difference3          00464086 f   libs-vc-win32:jcpred.obj
 0001:000630fe       _jpeg_difference4          004640fe f   libs-vc-win32:jcpred.obj
 0001:00063189       _jpeg_difference5          00464189 f   libs-vc-win32:jcpred.obj
 0001:0006321c       _jpeg_difference6          0046421c f   libs-vc-win32:jcpred.obj
 0001:000632ab       _jpeg_difference7          004642ab f   libs-vc-win32:jcpred.obj
 0001:00062727       _start_pass_huff           00463727 f   libs-vc-win32:jclhuff.obj
 0001:000628c4       _encode_mcus_huff          004638c4 f   libs-vc-win32:jclhuff.obj
 0001:00062aaf       _emit_bits                 00463aaf f   libs-vc-win32:jclhuff.obj
 0001:00062b52       _dump_buffer               00463b52 f   libs-vc-win32:jclhuff.obj
 0001:00062b76       _emit_restart              00463b76 f   libs-vc-win32:jclhuff.obj
 0001:00062bc1       _flush_bits                00463bc1 f   libs-vc-win32:jclhuff.obj
 0001:00062be5       _finish_pass_huff          00463be5 f   libs-vc-win32:jclhuff.obj
 0001:00062c52       _encode_mcus_gather        00463c52 f   libs-vc-win32:jclhuff.obj
 0001:00062d7b       _finish_pass_gather        00463d7b f   libs-vc-win32:jclhuff.obj
 0001:00062e11       _need_optimization_pass    00463e11 f   libs-vc-win32:jclhuff.obj
 0001:00062305       _start_pass_diff           00463305 f   libs-vc-win32:jcdiffct.obj
 0001:000623a3       _start_iMCU_row            004633a3 f   libs-vc-win32:jcdiffct.obj
 0001:000623e5       _compress_data             004633e5 f   libs-vc-win32:jcdiffct.obj
 0001:0006257b       _compress_first_pass       0046357b f   libs-vc-win32:jcdiffct.obj
 0001:00062670       _compress_output           00463670 f   libs-vc-win32:jcdiffct.obj
 0001:00061f18       _start_pass_fdctmgr        00462f18 f   libs-vc-win32:jcdctmgr.obj
 0001:0006201a       _forward_DCT_float         0046301a f   libs-vc-win32:jcdctmgr.obj
 0001:0006144d       _start_pass_phuff          0046244d f   libs-vc-win32:jcphuff.obj
 0001:000615ba       _encode_mcu_DC_first       004625ba f   libs-vc-win32:jcphuff.obj
 0001:000616ec       _emit_bits                 004626ec f   libs-vc-win32:jcphuff.obj
 0001:00061797       _dump_buffer               00462797 f   libs-vc-win32:jcphuff.obj
 0001:000617cf       _emit_symbol               004627cf f   libs-vc-win32:jcphuff.obj
 0001:0006180f       _emit_restart              0046280f f   libs-vc-win32:jcphuff.obj
 0001:00061898       _emit_eobrun               00462898 f   libs-vc-win32:jcphuff.obj
 0001:0006191e       _encode_mcu_AC_first       0046291e f   libs-vc-win32:jcphuff.obj
 0001:00061ab2       _encode_mcu_DC_refine      00462ab2 f   libs-vc-win32:jcphuff.obj
 0001:00061b6c       _encode_mcu_AC_refine      00462b6c f   libs-vc-win32:jcphuff.obj
 0001:00061d83       _finish_pass_phuff         00462d83 f   libs-vc-win32:jcphuff.obj
 0001:00061dd2       _finish_pass_gather_phuff  00462dd2 f   libs-vc-win32:jcphuff.obj
 0001:00061e95       _need_optimization_pass    00462e95 f   libs-vc-win32:jcphuff.obj
 0001:00060be8       _start_pass_huff           00461be8 f   libs-vc-win32:jcshuff.obj
 0001:00060d5d       _encode_mcu_huff           00461d5d f   libs-vc-win32:jcshuff.obj
 0001:00060e68       _encode_one_block          00461e68 f   libs-vc-win32:jcshuff.obj
 0001:00060fdf       _emit_bits                 00461fdf f   libs-vc-win32:jcshuff.obj
 0001:00061082       _dump_buffer               00462082 f   libs-vc-win32:jcshuff.obj
 0001:000610a6       _emit_restart              004620a6 f   libs-vc-win32:jcshuff.obj
 0001:00061113       _flush_bits                00462113 f   libs-vc-win32:jcshuff.obj
 0001:00061137       _finish_pass_huff          00462137 f   libs-vc-win32:jcshuff.obj
 0001:000611a6       _encode_mcu_gather         004621a6 f   libs-vc-win32:jcshuff.obj
 0001:0006125c       _htest_one_block           0046225c f   libs-vc-win32:jcshuff.obj
 0001:00061323       _finish_pass_gather        00462323 f   libs-vc-win32:jcshuff.obj
 0001:00062e11       _need_optimization_pass    00463e11 f   libs-vc-win32:jclhuff.obj
 0001:000605bb       _start_pass_coef           004615bb f   libs-vc-win32:jccoefct.obj
 0001:000623a3       _start_iMCU_row            004633a3 f   libs-vc-win32:jcdiffct.obj
 0001:00060650       _compress_data             00461650 f   libs-vc-win32:jccoefct.obj
 0001:00060837       _compress_first_pass       00461837 f   libs-vc-win32:jccoefct.obj
 0001:00060a1d       _compress_output           00461a1d f   libs-vc-win32:jccoefct.obj
 0001:000604d3       _calc_output_dimensions    004614d3 f   libs-vc-win32:jdlossls.obj
 0001:000604e4       _start_input_pass          004614e4 f   libs-vc-win32:jdlossls.obj
 0001:00060212       _calc_output_dimensions    00461212 f   libs-vc-win32:jdlossy.obj
 0001:00060385       _start_input_pass          00461385 f   libs-vc-win32:jdlossy.obj
 0001:000603a5       _latch_quant_tables        004613a5 f   libs-vc-win32:jdlossy.obj
 0001:0006043d       _start_output_pass         0046143d f   libs-vc-win32:jdlossy.obj
 0001:00060161       _start_pass                00461161 f   libs-vc-win32:jclossls.obj
 0001:000600cd       _start_pass                004610cd f   libs-vc-win32:jclossy.obj
 0001:0005f622       _initial_setup             00460622 f   libs-vc-win32:jcmaster.obj
 0001:0005f7d5       _validate_script           004607d5 f   libs-vc-win32:jcmaster.obj
 0001:0005fbad       _prepare_for_pass          00460bad f   libs-vc-win32:jcmaster.obj
 0001:0005fd25       _select_scan_parameters    00460d25 f   libs-vc-win32:jcmaster.obj
 0001:0005fe26       _per_scan_setup            00460e26 f   libs-vc-win32:jcmaster.obj
 0001:0005ffd1       _pass_startup              00460fd1 f   libs-vc-win32:jcmaster.obj
 0001:0005fff8       _finish_pass_master        00460ff8 f   libs-vc-win32:jcmaster.obj
 0001:0005f10e       _rgb_ycc_start             0046010e f   libs-vc-win32:jccolor.obj
 0001:0005f1d2       _rgb_ycc_convert           004601d2 f   libs-vc-win32:jccolor.obj
 0001:0005f2d1       _rgb_gray_convert          004602d1 f   libs-vc-win32:jccolor.obj
 0001:0005f356       _cmyk_ycck_convert         00460356 f   libs-vc-win32:jccolor.obj
 0001:0005f48e       _grayscale_convert         0046048e f   libs-vc-win32:jccolor.obj
 0001:0005f4e8       _null_convert              004604e8 f   libs-vc-win32:jccolor.obj
 0001:00030c0c       _null_method               00431c0c f   images.obj
 0001:00030c0c       _start_pass_downsample     00431c0c f   images.obj
 0001:0005e85a       _sep_downsample            0045f85a f   libs-vc-win32:jcsample.obj
 0001:0005e8cf       _int_downsample            0045f8cf f   libs-vc-win32:jcsample.obj
 0001:0005e9c7       _expand_right_edge         0045f9c7 f   libs-vc-win32:jcsample.obj
 0001:0005ea1c       _fullsize_downsample       0045fa1c f   libs-vc-win32:jcsample.obj
 0001:0005ea60       _h2v1_downsample           0045fa60 f   libs-vc-win32:jcsample.obj
 0001:0005eaf4       _h2v2_downsample           0045faf4 f   libs-vc-win32:jcsample.obj
 0001:0005eba1       _h2v2_smooth_downsample    0045fba1 f   libs-vc-win32:jcsample.obj
 0001:0005ee19       _fullsize_smooth_downsample 0045fe19 f   libs-vc-win32:jcsample.obj
 0001:0005e256       _start_pass_prep           0045f256 f   libs-vc-win32:jcprepct.obj
 0001:0005e294       _pre_process_data          0045f294 f   libs-vc-win32:jcprepct.obj
 0001:0005e442       _pre_process_context       0045f442 f   libs-vc-win32:jcprepct.obj
 0001:0005e5fb       _create_context_buffer     0045f5fb f   libs-vc-win32:jcprepct.obj
 0001:0005e0ce       _start_pass_main           0045f0ce f   libs-vc-win32:jcmainct.obj
 0001:0005e110       _process_data_simple_main  0045f110 f   libs-vc-win32:jcmainct.obj
 0001:0005d6a4       _create_colormap           0045e6a4 f   libs-vc-win32:jquant1.obj
 0001:0005d7d6       _select_ncolors            0045e7d6 f   libs-vc-win32:jquant1.obj
 0001:0005d8ad       _create_colorindex         0045e8ad f   libs-vc-win32:jquant1.obj
 0001:0005d9d9       _alloc_fs_workspace        0045e9d9 f   libs-vc-win32:jquant1.obj
 0001:0005da15       _start_pass_1_quant        0045ea15 f   libs-vc-win32:jquant1.obj
 0001:0005dae1       _create_odither_tables     0045eae1 f   libs-vc-win32:jquant1.obj
 0001:0005db40       _make_odither_array        0045eb40 f   libs-vc-win32:jquant1.obj
 0001:0005dba3       _color_quantize            0045eba3 f   libs-vc-win32:jquant1.obj
 0001:0005dc2e       _color_quantize3           0045ec2e f   libs-vc-win32:jquant1.obj
 0001:0005dcbc       _quantize_ord_dither       0045ecbc f   libs-vc-win32:jquant1.obj
 0001:0005dda7       _quantize3_ord_dither      0045eda7 f   libs-vc-win32:jquant1.obj
 0001:0005dea7       _quantize_fs_dither        0045eea7 f   libs-vc-win32:jquant1.obj
 0001:00030c0c       _finish_pass_1_quant       00431c0c f   images.obj
 0001:0005e02b       _new_color_map_1_quant     0045f02b f   libs-vc-win32:jquant1.obj
 0001:0005c665       _init_error_limit          0045d665 f   libs-vc-win32:jquant2.obj
 0001:0005c704       _start_pass_2_quant        0045d704 f   libs-vc-win32:jquant2.obj
 0001:0005c806       _prescan_quantize          0045d806 f   libs-vc-win32:jquant2.obj
 0001:0005c875       _pass2_no_dither           0045d875 f   libs-vc-win32:jquant2.obj
 0001:0005c922       _fill_inverse_cmap         0045d922 f   libs-vc-win32:jquant2.obj
 0001:0005c9ed       _find_nearby_colors        0045d9ed f   libs-vc-win32:jquant2.obj
 0001:0005cb91       _find_best_colors          0045db91 f   libs-vc-win32:jquant2.obj
 0001:0005ccab       _pass2_fs_dither           0045dcab f   libs-vc-win32:jquant2.obj
 0001:0005cf1a       _finish_pass1              0045df1a f   libs-vc-win32:jquant2.obj
 0001:0005cf3c       _select_colors             0045df3c f   libs-vc-win32:jquant2.obj
 0001:0005cfc8       _update_box                0045dfc8 f   libs-vc-win32:jquant2.obj
 0001:0005d362       _median_cut                0045e362 f   libs-vc-win32:jquant2.obj
 0001:0005d476       _find_biggest_color_pop    0045e476 f   libs-vc-win32:jquant2.obj
 0001:0005d4a5       _find_biggest_volume       0045e4a5 f   libs-vc-win32:jquant2.obj
 0001:0005d4ce       _compute_color             0045e4ce f   libs-vc-win32:jquant2.obj
 0001:00030c0c       _finish_pass2              00431c0c f   images.obj
 0001:0005d60a       _new_color_map_2_quant     0045e60a f   libs-vc-win32:jquant2.obj
 0001:0005c07c       _build_ycc_rgb_table       0045d07c f   libs-vc-win32:jdmerge.obj
 0001:0005c12c       _start_pass_merged_upsample 0045d12c f   libs-vc-win32:jdmerge.obj
 0001:0005c141       _merged_2v_upsample        0045d141 f   libs-vc-win32:jdmerge.obj
 0001:0005c1e8       _merged_1v_upsample        0045d1e8 f   libs-vc-win32:jdmerge.obj
 0001:0005c219       _h2v1_merged_upsample      0045d219 f   libs-vc-win32:jdmerge.obj
 0001:0005c36f       _h2v2_merged_upsample      0045d36f f   libs-vc-win32:jdmerge.obj
 0001:0005bc20       _build_ycc_rgb_table       0045cc20 f   libs-vc-win32:jdcolor.obj
 0001:0005bcd0       _ycc_rgb_convert           0045ccd0 f   libs-vc-win32:jdcolor.obj
 0001:0005bdde       _null_convert              0045cdde f   libs-vc-win32:jdcolor.obj
 0001:0005be56       _grayscale_convert         0045ce56 f   libs-vc-win32:jdcolor.obj
 0001:0005be79       _gray_rgb_convert          0045ce79 f   libs-vc-win32:jdcolor.obj
 0001:0005bed2       _ycck_cmyk_convert         0045ced2 f   libs-vc-win32:jdcolor.obj
 0001:00030c0c       _start_pass_dcolor         00431c0c f   images.obj
 0001:0005b681       _start_pass_upsample       0045c681 f   libs-vc-win32:jdsample.obj
 0001:0005b69b       _sep_upsample              0045c69b f   libs-vc-win32:jdsample.obj
 0001:0005b768       _fullsize_upsample         0045c768 f   libs-vc-win32:jdsample.obj
 0001:0005b773       _noop_upsample             0045c773 f   libs-vc-win32:jdsample.obj
 0001:0005b77b       _int_upsample              0045c77b f   libs-vc-win32:jdsample.obj
 0001:0005b865       _h2v1_upsample             0045c865 f   libs-vc-win32:jdsample.obj
 0001:0005b8bc       _h2v2_upsample             0045c8bc f   libs-vc-win32:jdsample.obj
 0001:0005b92e       _h2v1_fancy_upsample       0045c92e f   libs-vc-win32:jdsample.obj
 0001:0005b9d1       _h2v2_fancy_upsample       0045c9d1 f   libs-vc-win32:jdsample.obj
 0001:0005b28a       _start_pass_dpost          0045c28a f   libs-vc-win32:jdpostct.obj
 0001:0005b330       _post_process_1pass        0045c330 f   libs-vc-win32:jdpostct.obj
 0001:0005b395       _post_process_prepass      0045c395 f   libs-vc-win32:jdpostct.obj
 0001:0005b426       _post_process_2pass        0045c426 f   libs-vc-win32:jdpostct.obj
 0001:0005ac91       _alloc_funny_pointers      0045bc91 f   libs-vc-win32:jdmainct.obj
 0001:0005ad3e       _start_pass_main           0045bd3e f   libs-vc-win32:jdmainct.obj
 0001:0005ada6       _make_funny_pointers       0045bda6 f   libs-vc-win32:jdmainct.obj
 0001:0005aee6       _process_data_simple_main  0045bee6 f   libs-vc-win32:jdmainct.obj
 0001:0005af4e       _process_data_context_main 0045bf4e f   libs-vc-win32:jdmainct.obj
 0001:0005b060       _set_wraparound_pointers   0045c060 f   libs-vc-win32:jdmainct.obj
 0001:0005b14a       _set_bottom_pointers       0045c14a f   libs-vc-win32:jdmainct.obj
 0001:0005b1e4       _process_data_crank_post   0045c1e4 f   libs-vc-win32:jdmainct.obj
 0001:000599bd       _write_marker_header       0045a9bd f   libs-vc-win32:jcmarker.obj
 0001:00059a13       _emit_byte                 0045aa13 f   libs-vc-win32:jcmarker.obj
 0001:00059a44       _write_marker_byte         0045aa44 f   libs-vc-win32:jcmarker.obj
 0001:00059a54       _write_file_header         0045aa54 f   libs-vc-win32:jcmarker.obj
 0001:00059aa0       _emit_jfif_app0            0045aaa0 f   libs-vc-win32:jcmarker.obj
 0001:00059b73       _emit_adobe_app14          0045ab73 f   libs-vc-win32:jcmarker.obj
 0001:00059c19       _write_frame_header        0045ac19 f   libs-vc-win32:jcmarker.obj
 0001:00059cf8       _emit_dqt                  0045acf8 f   libs-vc-win32:jcmarker.obj
 0001:00059de7       _emit_sof                  0045ade7 f   libs-vc-win32:jcmarker.obj
 0001:00059ec3       _write_scan_header         0045aec3 f   libs-vc-win32:jcmarker.obj
 0001:00059f83       _emit_dht                  0045af83 f   libs-vc-win32:jcmarker.obj
 0001:0005a05c       _emit_dri                  0045b05c f   libs-vc-win32:jcmarker.obj
 0001:0005a0ab       _emit_sos                  0045b0ab f   libs-vc-win32:jcmarker.obj
 0001:0005a199       _write_file_trailer        0045b199 f   libs-vc-win32:jcmarker.obj
 0001:0005a1b9       _write_tables_only         0045b1b9 f   libs-vc-win32:jcmarker.obj
 0001:00059512       _use_merged_upsample       0045a512 f   libs-vc-win32:jdmaster.obj
 0001:000595b8       _master_selection          0045a5b8 f   libs-vc-win32:jdmaster.obj
 0001:00059715       _prepare_range_limit_table 0045a715 f   libs-vc-win32:jdmaster.obj
 0001:0005979b       _prepare_for_output_pass   0045a79b f   libs-vc-win32:jdmaster.obj
 0001:000598bc       _finish_output_pass        0045a8bc f   libs-vc-win32:jdmaster.obj
 0001:00058989       _alloc_small               00459989 f   libs-vc-win32:jmemmgr.obj
 0001:00058aa7       _alloc_large               00459aa7 f   libs-vc-win32:jmemmgr.obj
 0001:00058b58       _alloc_sarray              00459b58 f   libs-vc-win32:jmemmgr.obj
 0001:00058bf0       _alloc_barray              00459bf0 f   libs-vc-win32:jmemmgr.obj
 0001:00058c94       _alloc_darray              00459c94 f   libs-vc-win32:jmemmgr.obj
 0001:00058d3f       _request_virt_sarray       00459d3f f   libs-vc-win32:jmemmgr.obj
 0001:00058da0       _request_virt_barray       00459da0 f   libs-vc-win32:jmemmgr.obj
 0001:00058e01       _realize_virt_arrays       00459e01 f   libs-vc-win32:jmemmgr.obj
 0001:00058f84       _access_virt_sarray        00459f84 f   libs-vc-win32:jmemmgr.obj
 0001:000590a4       _do_sarray_io              0045a0a4 f   libs-vc-win32:jmemmgr.obj
 0001:00059134       _access_virt_barray        0045a134 f   libs-vc-win32:jmemmgr.obj
 0001:00059259       _do_barray_io              0045a259 f   libs-vc-win32:jmemmgr.obj
 0001:000592ea       _free_pool                 0045a2ea f   libs-vc-win32:jmemmgr.obj
 0001:000593d1       _self_destruct             0045a3d1 f   libs-vc-win32:jmemmgr.obj
 0001:00058423       _start_input_pass          00459423 f   libs-vc-win32:jdinput.obj
 0001:00058451       _per_scan_setup            00459451 f   libs-vc-win32:jdinput.obj
 0001:000585d7       _finish_input_pass         004595d7 f   libs-vc-win32:jdinput.obj
 0001:000585e8       _consume_markers           004595e8 f   libs-vc-win32:jdinput.obj
 0001:00058684       _initial_setup             00459684 f   libs-vc-win32:jdinput.obj
 0001:0005888e       _reset_input_controller    0045988e f   libs-vc-win32:jdinput.obj
 0001:00058028       _make_crc_table            00459028 f   libs-vc-win32:crc32.obj
 0001:00058175       _crc32_little              00459175 f   libs-vc-win32:crc32.obj
 0001:00057e22       _fixedtables               00458e22 f   libs-vc-win32:inflate.obj
 0001:00057f0c       _updatewindow              00458f0c f   libs-vc-win32:inflate.obj
 0001:00056b4a       _init_destination          00457b4a f   libs-vc-win32:jdatadst.obj
 0001:00056b70       _empty_output_buffer       00457b70 f   libs-vc-win32:jdatadst.obj
 0001:00056bb2       _term_destination          00457bb2 f   libs-vc-win32:jdatadst.obj
 0001:000566d1       _std_huff_tables           004576d1 f   libs-vc-win32:jcparam.obj
 0001:0005672b       _add_huff_table            0045772b f   libs-vc-win32:jcparam.obj
 0001:00054c29       _next_marker               00455c29 f   libs-vc-win32:jdmarker.obj
 0001:00054d63       _get_interesting_appn      00455d63 f   libs-vc-win32:jdmarker.obj
 0001:00054e8e       _examine_app0              00455e8e f   libs-vc-win32:jdmarker.obj
 0001:0005509c       _examine_app14             0045609c f   libs-vc-win32:jdmarker.obj
 0001:0005515d       _skip_variable             0045615d f   libs-vc-win32:jdmarker.obj
 0001:00055200       _read_markers              00456200 f   libs-vc-win32:jdmarker.obj
 0001:00055408       _get_soi                   00456408 f   libs-vc-win32:jdmarker.obj
 0001:000554b3       _get_sof                   004564b3 f   libs-vc-win32:jdmarker.obj
 0001:000557bc       _get_sos                   004567bc f   libs-vc-win32:jdmarker.obj
 0001:00055aaa       _get_dht                   00456aaa f   libs-vc-win32:jdmarker.obj
 0001:00055d4b       _get_dqt                   00456d4b f   libs-vc-win32:jdmarker.obj
 0001:00055fa7       _get_dri                   00456fa7 f   libs-vc-win32:jdmarker.obj
 0001:00056086       _first_marker              00457086 f   libs-vc-win32:jdmarker.obj
 0001:00056122       _read_restart_marker       00457122 f   libs-vc-win32:jdmarker.obj
 0001:000561a0       _reset_marker_reader       004571a0 f   libs-vc-win32:jdmarker.obj
 0001:00054a0d       _output_pass_setup         00455a0d f   libs-vc-win32:jdapistd.obj
 0001:00054700       _default_decompress_parms  00455700 f   libs-vc-win32:jdapimin.obj

 296 bytes saved through ICF

