 Quake2

 Timestamp is 445b20f8 (Fri May 05 13:55:04 2006)

 Preferred load address is 00400000

 Start         Length     Name                   Class
 0001:00000000 000667b0H .text                   CODE
 0002:00000000 00000294H .idata$5                DATA
 0002:00000298 00007224H .rdata                  DATA
 0002:000074c0 00000044H .rdata$r                DATA
 0002:00007508 00000038H .xdata$x                DATA
 0002:00007540 00000078H .idata$2                DATA
 0002:000075b8 00000014H .idata$3                DATA
 0002:000075cc 00000294H .idata$4                DATA
 0002:00007860 0000086aH .idata$6                DATA
 0002:000080ca 00000000H .edata                  DATA
 0003:00000000 00000004H .CRT$XCA                DATA
 0003:00000004 00000088H .CRT$XCU                DATA
 0003:0000008c 00000004H .CRT$XCZ                DATA
 0003:00000090 00000004H .CRT$XIA                DATA
 0003:00000094 00000004H .CRT$XIZ                DATA
 0003:000000a0 0000e30cH .data                   DATA
 0003:0000e3b0 00456f30H .bss                    DATA
 0004:00000000 00000130H .rsrc$01                DATA
 0004:00000130 00003f20H .rsrc$02                DATA

  Address         Publics by Value              Rva+Base     Lib:Object

 0001:00000000       ??3@YAXPAX@Z               00401000 f i CoreMain.obj
 0001:0000000e       ?appTimestamp@@YAPBDXZ     0040100e f   CoreMain.obj
 0001:00000043       ?appInit@@YAXXZ            00401043 f   CoreMain.obj
 0001:000000c2       ?appExit@@YAXXZ            004010c2 f   CoreMain.obj
 0001:000000cc       ?appMilliseconds@@YAIXZ    004010cc f   CoreWin32.obj
 0001:000000d2       ?appPackage@@YAPBDXZ       004010d2 f   CoreWin32.obj
 0001:0000012a       ?appGetSystemErrorMessage@@YAPBDI@Z 0040112a f   CoreWin32.obj
 0001:0000018e       ?appDisplayError@@YAXXZ    0040118e f   CoreWin32.obj
 0001:000001df       ?appInitPlatform@@YAXXZ    004011df f   CoreWin32.obj
 0001:00000372       ?appShutdownPlatform@@YAXXZ 00401372 f   CoreWin32.obj
 0001:0000037b       ?sprintf@?$TString@$0BAA@@@QAAHPBDZZ 0040137b f i CoreWin32.obj
 0001:00000398       ?appDetectCPU@@YAXXZ       00401398 f   CoreCpuid.obj
 0001:0000064c       ?appLoadDebugSymbols@@YAXXZ 0040164c f   DbgSymbols.obj
 0001:0000080a       ?appSymbolName@@YA_NIPADH@Z 0040180a f   DbgSymbols.obj
 0001:00000900       ?appSymbolName@@YAPBDI@Z   00401900 f   DbgSymbols.obj
 0001:00000938       ?osGetAddressPackage@@YA_NIPADHAAH@Z 00401938 f   DbgSymbolsWin32.obj
 0001:000009cc       ?osGetAddressSymbol@@YA_NIPADHAAH@Z 004019cc f   DbgSymbolsWin32.obj
 0001:00000b73       ?appMalloc@@YAPAXIH@Z      00401b73 f   Memory.obj
 0001:00000c78       ?appFree@@YAXPAX@Z         00401c78 f   Memory.obj
 0001:00000cf7       ?Unlink@FMemHeader@@QAEXXZ 00401cf7 f i Memory.obj
 0001:00000d22       ?Link@CMemoryChain@@AAEXXZ 00401d22 f   Memory.obj
 0001:00000d41       ?Unlink@CMemoryChain@@AAEXXZ 00401d41 f   Memory.obj
 0001:00000d6c       ??2CMemoryChain@@SAPAXIH@Z 00401d6c f   Memory.obj
 0001:00000e35       ??3CMemoryChain@@SAXPAX@Z  00401e35 f   Memory.obj
 0001:00000eb6       ?Alloc@CMemoryChain@@QAEPAXIH@Z 00401eb6 f   Memory.obj
 0001:00000f82       ?GetSize@CMemoryChain@@QAEHXZ 00401f82 f   Memory.obj
 0001:00000f90       ?BuildAllocatorsTable@@YAHPAXH@Z 00401f90 f   Memory.obj
 0001:00001101       ?appInitMemory@@YAXXZ      00402101 f   Memory.obj
 0001:000014e9       ?Close@COutputDevice@@UAEXXZ 004024e9 f i OutputDevice.obj
 0001:000014e9       ?Flush@COutputDevice@@UAEXXZ 004024e9 f i OutputDevice.obj
 0001:000014ea       ?Write@COutputDeviceNull@@UAEXPBD@Z 004024ea f i OutputDevice.obj
 0001:00001504       ??_ECOutputDeviceNull@@UAEPAXI@Z 00402504 f i OutputDevice.obj
 0001:00001504       ??_GCOutputDevice@@UAEPAXI@Z 00402504 f i OutputDevice.obj
 0001:00001504       ??_ECOutputDevice@@UAEPAXI@Z 00402504 f i OutputDevice.obj
 0001:00001504       ??_GCOutputDeviceNull@@UAEPAXI@Z 00402504 f i OutputDevice.obj
 0001:00001547       ?Write@COutputDeviceLog@@UAEXPBD@Z 00402547 f i OutputDevice.obj
 0001:00001592       ??_GCOutputDeviceLog@@UAEPAXI@Z 00402592 f i OutputDevice.obj
 0001:00001592       ??_ECOutputDeviceLog@@UAEPAXI@Z 00402592 f i OutputDevice.obj
 0001:000015b2       ?Printf@COutputDevice@@QAAXPBDZZ 004025b2 f   OutputDevice.obj
 0001:00001623       ?Register@COutputDevice@@QAEXXZ 00402623 f   OutputDevice.obj
 0001:0000167f       ?Unregister@COutputDevice@@QAEXXZ 0040267f f   OutputDevice.obj
 0001:000016d2       ?appPrintf@@YAXPBDZZ       004026d2 f   OutputDevice.obj
 0001:00001809       ?appWPrintf@@YAXPBDZZ      00402809 f   OutputDevice.obj
 0001:0000186c       ??0COutputDeviceMemTail@@QAE@H@Z 0040286c f i ErrorMgr.obj
 0001:0000189d       ?Write@COutputDeviceMemTail@@UAEXPBD@Z 0040289d f i ErrorMgr.obj
 0001:000019b9       ??_GCOutputDeviceMemTail@@UAEPAXI@Z 004029b9 f i ErrorMgr.obj
 0001:000019b9       ??_ECOutputDeviceMemTail@@UAEPAXI@Z 004029b9 f i ErrorMgr.obj
 0001:000019d8       ??1COutputDeviceMemTail@@UAE@XZ 004029d8 f i ErrorMgr.obj
 0001:00001a21       ??0COutputDeviceFile@@QAE@XZ 00402a21 f i ErrorMgr.obj
 0001:00001a36       ?Write@COutputDeviceFile@@UAEXPBD@Z 00402a36 f i ErrorMgr.obj
 0001:00001a8d       ?Flush@COutputDeviceFile@@UAEXXZ 00402a8d f i ErrorMgr.obj
 0001:00001a9d       ?Close@COutputDeviceFile@@UAEXXZ 00402a9d f i ErrorMgr.obj
 0001:00001ab5       ??_ECOutputDeviceFile@@UAEPAXI@Z 00402ab5 f i ErrorMgr.obj
 0001:00001ab5       ??_GCOutputDeviceFile@@UAEPAXI@Z 00402ab5 f i ErrorMgr.obj
 0001:00001ad4       ??1COutputDeviceFile@@UAE@XZ 00402ad4 f i ErrorMgr.obj
 0001:00001b13       ?appBeginError@@YAPAVCOutputDevice@@PBD@Z 00402b13 f   ErrorMgr.obj
 0001:00001bde       ?appGetErrorLog@@YAPAVCOutputDevice@@XZ 00402bde f   ErrorMgr.obj
 0001:00001c49       ?Open@COutputDeviceFile@@QAEXPBD_N@Z 00402c49 f i ErrorMgr.obj
 0001:00001c8f       ?appFatalError@@YAXPBDZZ   00402c8f f   ErrorMgr.obj
 0001:00001ce5       ?appNonFatalError@@YAXPBDZZ 00402ce5 f   ErrorMgr.obj
 0001:00001d47       ?appUnwindPrefix@@YAXPBD@Z 00402d47 f   ErrorMgr.obj
 0001:00001df9       ?appUnwindThrow@@YAXPBDZZ  00402df9 f   ErrorMgr.obj
 0001:00001e6f       ?Reset@CErrorHandler@@QAEXXZ 00402e6f f   ErrorMgr.obj
 0001:00001ea0       ?appInitError@@YAXXZ       00402ea0 f   ErrorMgr.obj
 0001:00001f95       ?appShutdownError@@YAXXZ   00402f95 f   ErrorMgr.obj
 0001:0000201f       ?GetTail@COutputDeviceMemTail@@QAEPBDH@Z 0040301f f i ErrorMgr.obj
 0001:00002045       ?sprintf@?$TString@$0CAA@@@QAAHPBDZZ 00403045 f i ErrorMgr.obj
 0001:00002062       ?win32ExceptFilter@@YGJPAU_EXCEPTION_POINTERS@@@Z 00403062 f   ExceptHandlerWin32.obj
 0001:00002205       ?win32ExceptFilter2@@YAIXZ 00403205 f   ExceptHandlerWin32.obj
 0001:0000220e       ?sprintf@?$TString@$0EAA@@@QAAHPBDZZ 0040320e f i ExceptHandlerWin32.obj
 0001:0000222b       ?DumpRegs@@YAXPAVCOutputDevice@@PAU_CONTEXT@@@Z 0040322b f   ExceptDumpers.obj
 0001:0000233c       ?DumpMem@@YAXPAVCOutputDevice@@PBIPAU_CONTEXT@@@Z 0040333c f   ExceptDumpers.obj
 0001:0000257b       ?UnwindEbpFrame@@YAXPAVCOutputDevice@@PBI@Z 0040357b f   ExceptDumpers.obj
 0001:0000260c       ?GetLine@CSimpleParser@@QAEPBDXZ 0040360c f   ScriptParser.obj
 0001:00002723       ?SkipBraces@CSimpleParser@@QAEPBDXZ 00403723 f   ScriptParser.obj
 0001:00002759       ?appStricmp@@YAHPBD0@Z     00403759 f   Strings.obj
 0001:00002790       ?toLower@@YADD@Z           00403790 f i Strings.obj
 0001:000027ab       ?appStrncpylwr@@YAXPADPBDH@Z 004037ab f   Strings.obj
 0001:000027e3       ?appStrncpyz@@YAXPADPBDH@Z 004037e3 f   Strings.obj
 0001:00002810       ?appStrcatn@@YAXPADHPBD@Z  00403810 f   Strings.obj
 0001:0000283c       ?appCopyFilename@@YAXPADPBDH@Z 0040383c f   Strings.obj
 0001:00002964       ?appCStrlen@@YAHPBD@Z      00403964 f   Strings.obj
 0001:0000298c       ?appUncolorizeString@@YAXPADPBD@Z 0040398c f   Strings.obj
 0001:000029be       ?va@@YAPBDPBDZZ            004039be f   Strings.obj
 0001:00002ab2       ?appSprintf@@YAHPADHPBDZZ  00403ab2 f   Strings.obj
 0001:00002b51       ?appMatchWildcard@@YA_NPBD0_N@Z 00403b51 f   Strings.obj
 0001:00002d96       ?appIsWildcard@@YA_NPBD@Z  00403d96 f   Strings.obj
 0001:00002dc2       ?appStrdup@@YAPADPBD@Z     00403dc2 f   Strings.obj
 0001:00002e03       ?appStrdup@@YAPADPBDPAVCMemoryChain@@@Z 00403e03 f   Strings.obj
 0001:00002e38       ??0CStringItem@@QAE@XZ     00403e38 f   Strings.obj
 0001:00002e43       ??2CStringItem@@SAPAXIPBD@Z 00403e43 f   Strings.obj
 0001:00002edd       ??2CStringItem@@SAPAXIPBDPAVCMemoryChain@@@Z 00403edd f   Strings.obj
 0001:00002f52       ?Find@CStringList@@IAEPAVCStringItem@@PBDPAPAV2@@Z 00403f52 f   Strings.obj
 0001:00002fdd       ?Find@CStringList@@IAEPAVCStringItem@@H@Z 00403fdd f   Strings.obj
 0001:00003049       ?IndexOf@CStringList@@QAEHPBD@Z 00404049 f   Strings.obj
 0001:000030cb       ?Remove@CStringList@@QAE_NPAVCStringItem@@@Z 004040cb f   Strings.obj
 0001:0000314f       ?Add@CTextContainer@@QAEPAUCTextRec@@PBD@Z 0040414f f   TextContainer.obj
 0001:000031fb       ?Enumerate@CTextContainer@@QAEXP6AXPBUCTextRec@@@Z@Z 004041fb f   TextContainer.obj
 0001:00003267       ?SubtractPath@@YAPBDPBD0@Z 00404267 f   FileSystem.obj
 0001:000032ff       ?appMakeDirectoryForFile@@YAXPBD@Z 004042ff f   FileSystem.obj
 0001:00003335       ?appOpenFile@@YAPAVCFile@@PBD@Z 00404335 f   FileSystem.obj
 0001:00003372       ?Read@CFileOS@@UAEHPAXH@Z  00404372 f i FileSystem.obj
 0001:00003399       ?GetSize@CFileOS@@UAEHXZ   00404399 f i FileSystem.obj
 0001:000033e4       ?Eof@CFileOS@@UAE_NXZ      004043e4 f i FileSystem.obj
 0001:000033f8       ??_ECFileOS@@UAEPAXI@Z     004043f8 f i FileSystem.obj
 0001:000033f8       ??_GCFileOS@@UAEPAXI@Z     004043f8 f i FileSystem.obj
 0001:0000342d       ??_ECFile@@UAEPAXI@Z       0040442d f i FileSystem.obj
 0001:0000342d       ??_GCFile@@UAEPAXI@Z       0040442d f i FileSystem.obj
 0001:0000344d       ?ReadByte@CFile@@QAEEXZ    0040444d f   FileSystem.obj
 0001:00003465       ?ReadInt@CFile@@QAEHXZ     00404465 f   FileSystem.obj
 0001:0000347d       ?ReadString@CFile@@QAEXPADH@Z 0040447d f   FileSystem.obj
 0001:000034bd       ?GetType@CFileContainer@@MAEPBDXZ 004044bd f   FileSystem.obj
 0001:000034c3       ?Mount@CFileSystem@@QAEXAAVCFileContainer@@PBD@Z 004044c3 f   FileSystem.obj
 0001:00003519       ?Umount@CFileSystem@@QAEXAAVCFileContainer@@@Z 00404519 f   FileSystem.obj
 0001:00003553       ?MountDirectory@CFileSystem@@QAEPAVCFileContainer@@PBD0@Z 00404553 f   FileSystem.obj
 0001:00003598       ?GetType@CFileContainerOS@@MAEPBDXZ 00404598 f i FileSystem.obj
 0001:0000359e       ?FileExists@CFileContainerOS@@UAE_NPBD@Z 0040459e f i FileSystem.obj
 0001:000035c8       ?OpenFile@CFileContainerOS@@UAEPAVCFile@@PBD@Z 004045c8 f i FileSystem.obj
 0001:000035e8       ?List@CFileContainerOS@@UAEXAAVCFileList@@PBDI@Z 004045e8 f i FileSystem.obj
 0001:00003611       ??_ECFileContainerOS@@UAEPAXI@Z 00404611 f i FileSystem.obj
 0001:00003611       ??_GCFileContainerOS@@UAEPAXI@Z 00404611 f i FileSystem.obj
 0001:00003631       ??_ECFileContainer@@UAEPAXI@Z 00404631 f i FileSystem.obj
 0001:00003631       ??_GCFileContainer@@UAEPAXI@Z 00404631 f i FileSystem.obj
 0001:00003651       ?MountArchive@CFileSystem@@QAEPAVCFileContainer@@PBD0@Z 00404651 f   FileSystem.obj
 0001:00003768       ?Mount@CFileSystem@@QAEXPBD0@Z 00404768 f   FileSystem.obj
 0001:0000399a       ?Umount@CFileSystem@@QAEXPBD@Z 0040499a f   FileSystem.obj
 0001:00003a36       ?List@CFileSystem@@UAEPAVCFileList@@PBDIPAV2@@Z 00404a36 f   FileSystem.obj
 0001:00003bf1       ?RegisterFormat@CFileSystem@@SAXP6APAVCFileContainer@@PBDPAU_iobuf@@@Z@Z 00404bf1 f   FileSystem.obj
 0001:00003c35       ?FileExists@CFileSystem@@UAE_NPBDI@Z 00404c35 f   FileSystem.obj
 0001:00003cb4       ?OpenFile@CFileSystem@@UAEPAVCFile@@PBDI@Z 00404cb4 f   FileSystem.obj
 0001:00003d59       ?LoadFile@CFileSystem@@QAEPAXPBDPAI@Z 00404d59 f   FileSystem.obj
 0001:00003e29       ?cMount@@YAX_NHPAPAD@Z     00404e29 f   FileSystem.obj
 0001:00003f67       ?cUmount@@YAX_NHPAPAD@Z    00404f67 f   FileSystem.obj
 0001:00003f96       ?appInitFileSystem@@YAXAAVCFileSystem@@@Z 00404f96 f   FileSystem.obj
 0001:0000438d       ?appListDirectory@@YAXPBDAAVCFileList@@I@Z 0040538d f   FileSystemWin32.obj
 0001:000045d4       ?appMakeDirectory@@YAXPBD@Z 004055d4 f   FileSystemWin32.obj
 0001:00004641       ?appFileType@@YAIPBD@Z     00405641 f   FileSystemWin32.obj
 0001:00004681       ?FindDir@CFileContainerArc@@IAEPAVCArcDir@1@PBD_N@Z 00405681 f   FileContainerArc.obj
 0001:0000476a       ?FindFile@CFileContainerArc@@IAEPAVCStringItem@@PBD@Z 0040576a f   FileContainerArc.obj
 0001:000047d5       ?FileExists@CFileContainerArc@@UAE_NPBD@Z 004057d5 f   FileContainerArc.obj
 0001:000047ea       ?OpenFile@CFileContainerArc@@UAEPAVCFile@@PBD@Z 004057ea f   FileContainerArc.obj
 0001:00004809       ?List@CFileContainerArc@@UAEXAAVCFileList@@PBDI@Z 00405809 f   FileContainerArc.obj
 0001:00004976       ?SCR_StopCinematic@@YAXXZ  00405976 f   cl_cin.obj
 0001:00004a0a       ?SCR_DrawCinematic@@YA_NXZ 00405a0a f   cl_cin.obj
 0001:00004e01       ?SCR_PlayCinematic@@YAXPBD@Z 00405e01 f   cl_cin.obj
 0001:00005158       ?sprintf@?$TString@$0EA@@@QAAHPBDZZ 00406158 f i cl_cin.obj
 0001:00005172       ?CL_Download_f@@YAX_NHPAPAD@Z 00406172 f   cl_download.obj
 0001:0000551f       ?CL_ParseDownload@@YAXXZ   0040651f f   cl_download.obj
 0001:00005d44       ?CL_Precache_f@@YAXHPAPAD@Z 00406d44 f   cl_download.obj
 0001:00005da2       ?sprintf@?$TString@$0IA@@@QAAHPBDZZ 00406da2 f i cl_download.obj
 0001:00005dbf       ?CL_ParseDelta@@YAXPAUclEntityState_t@@0HI_N@Z 00406dbf f   cl_ents.obj
 0001:00005f3f       ?CL_ParseFrame@@YAXXZ      00406f3f f   cl_ents.obj
 0001:000065f4       ?CL_AddEntityBox@@YAXPAUclEntityState_t@@I@Z 004075f4 f   cl_ents.obj
 0001:000066f8       ?Lerp@@YAXABUCVec3@@0MAAU1@@Z 004076f8 f i cl_ents.obj
 0001:0000672f       ?CL_OffsetThirdPersonView@@YAXXZ 0040772f f   cl_ents.obj
 0001:00006817       ?CL_AddEntities@@YAXXZ     00407817 f   cl_ents.obj
 0001:00007758       ?CL_ClearLightStyles@@YAXXZ 00408758 f   cl_fx.obj
 0001:000077da       ?CL_SetLightstyle@@YAXHPBD@Z 004087da f   cl_fx.obj
 0001:0000783b       ?CL_AllocDlight@@YAPAUcdlight_t@@HABUCVec3@@@Z 0040883b f   cl_fx.obj
 0001:000078a6       ?CL_AllocParticleTrace@@YAPAUparticleTrace_t@@ABUCVec3@@0MM@Z 004088a6 f   cl_fx.obj
 0001:00007935       ?CL_AllocParticleBeam@@YAPAUbeam_t@@ABUCVec3@@0MM@Z 00408935 f   cl_fx.obj
 0001:000079aa       ?CL_AllocParticle@@YAPAUparticle_t@@XZ 004089aa f   cl_fx.obj
 0001:000079fd       ?CL_MetalSparks@@YAXABUCVec3@@0H@Z 004089fd f   cl_fx.obj
 0001:00007afb       ?CL_AddEffects@@YAXXZ      00408afb f   cl_fx.obj
 0001:00008202       ?CL_ClearEffects@@YAXXZ    00409202 f   cl_fx.obj
 0001:00008284       ?CL_EntityEvent@@YAXPAUclEntityState_t@@@Z 00409284 f   cl_fx.obj
 0001:0000843b       ?CL_ParseMuzzleFlash@@YAXXZ 0040943b f   cl_fx.obj
 0001:000087ab       ?CL_ParseMuzzleFlash2@@YAXXZ 004097ab f   cl_fx.obj
 0001:00008c21       ?CL_ParticleEffect@@YAXABUCVec3@@0HH@Z 00409c21 f   cl_fx.obj
 0001:00008e0a       ?CL_ParticleEffect2@@YAXABUCVec3@@0HH@Z 00409e0a f   cl_fx.obj
 0001:00008e32       ?CL_ParticleEffect3@@YAXABUCVec3@@0HH@Z 00409e32 f   cl_fx.obj
 0001:00008e5a       ?CL_TeleporterParticles@@YAXPAUclEntityState_t@@@Z 00409e5a f   cl_fx.obj
 0001:00008e7c       ?CL_LogoutEffect@@YAXABUCVec3@@H@Z 00409e7c f   cl_fx.obj
 0001:00008eb4       ?CL_ItemRespawnParticles@@YAXABUCVec3@@@Z 00409eb4 f   cl_fx.obj
 0001:00008ed2       ?CL_ExplosionParticles@@YAXABUCVec3@@@Z 00409ed2 f   cl_fx.obj
 0001:00008ef3       ?CL_BFGExplosionParticles@@YAXABUCVec3@@@Z 00409ef3 f   cl_fx.obj
 0001:00008f14       ?CL_TrackerExplosionParticles@@YAXABUCVec3@@@Z 00409f14 f   cl_fx.obj
 0001:00008f35       ?CL_BlasterParticles@@YAXABUCVec3@@0I@Z 00409f35 f   cl_fx.obj
 0001:00008f5c       ?CL_BlasterTrail@@YAXAAUcentity_t@@@Z 00409f5c f   cl_fx.obj
 0001:00009063       ?CL_BlasterTrail2@@YAXAAUcentity_t@@@Z 0040a063 f   cl_fx.obj
 0001:0000907a       ?CL_FlagTrail@@YAXAAUcentity_t@@H@Z 0040a07a f   cl_fx.obj
 0001:00009099       ?CL_RocketTrail@@YAXAAUcentity_t@@@Z 0040a099 f   cl_fx.obj
 0001:000090d8       ?CL_BubbleTrail@@YAXABUCVec3@@0@Z 0040a0d8 f   cl_fx.obj
 0001:00009174       ?CL_BubbleTrail2@@YAXABUCVec3@@0@Z 0040a174 f   cl_fx.obj
 0001:0000918e       ?CL_TagTrail@@YAXAAUcentity_t@@@Z 0040a18e f   cl_fx.obj
 0001:000091a5       ?CL_DebugTrail@@YAXABUCVec3@@0@Z 0040a1a5 f   cl_fx.obj
 0001:000091bf       ?CL_ForceWall@@YAXABUCVec3@@0H@Z 0040a1bf f   cl_fx.obj
 0001:000091e1       ?CL_BigTeleportParticles@@YAXABUCVec3@@@Z 0040a1e1 f   cl_fx.obj
 0001:0000931c       ?CL_BfgParticles@@YAXABUCVec3@@@Z 0040a31c f   cl_fx.obj
 0001:00009496       ?CL_FlyEffect@@YAXAAUcentity_t@@@Z 0040a496 f   cl_fx.obj
 0001:00009622       ?CL_DiminishingTrail@@YAXAAUcentity_t@@H@Z 0040a622 f   cl_fx.obj
 0001:0000977c       ?CL_RailTrail@@YAXABUCVec3@@0@Z 0040a77c f   cl_fx.obj
 0001:000098f2       ?CL_RailTrailExt@@YAXABUCVec3@@0EE@Z 0040a8f2 f   cl_fx.obj
 0001:00009a37       ?CL_IonripperTrail@@YAXAAUcentity_t@@@Z 0040aa37 f   cl_fx.obj
 0001:00009b91       ?CL_TrapParticles@@YAXABUCVec3@@@Z 0040ab91 f   cl_fx.obj
 0001:00009d04       ?CL_TeleportParticles@@YAXABUCVec3@@@Z 0040ad04 f   cl_fx.obj
 0001:00009e3a       ?CL_Heatbeam@@YAXABUCVec3@@0@Z 0040ae3a f   cl_fx.obj
 0001:0000a0e0       ?CL_ParticleSteamEffect@@YAXABUCVec3@@0HHH@Z 0040b0e0 f   cl_fx.obj
 0001:0000a219       ?CL_ParticleSmokeEffect@@YAXABUCVec3@@0@Z 0040b219 f   cl_fx.obj
 0001:0000a335       ?CL_TrackerTrail@@YAXAAUcentity_t@@@Z 0040b335 f   cl_fx.obj
 0001:0000a4b3       ?CL_TrackerShell@@YAXABUCVec3@@@Z 0040b4b3 f   cl_fx.obj
 0001:0000a53f       ?CL_MonsterPlasmaShell@@YAXABUCVec3@@@Z 0040b53f f   cl_fx.obj
 0001:0000a5c8       ?CL_WidowSplash@@YAXABUCVec3@@@Z 0040b5c8 f   cl_fx.obj
 0001:0000a6a9       ?CL_InitInput@@YAXXZ       0040b6a9 f   cl_input.obj
 0001:0000ac57       ?CL_SendCmd@@YAXXZ         0040bc57 f   cl_input.obj
 0001:0000b23a       ?CL_WriteDemoMessage@@YAXXZ 0040c23a f   cl_main.obj
 0001:0000b27c       ?Cmd_ForwardToServer@@YAXHPAPAD@Z 0040c27c f   cl_main.obj
 0001:0000b341       ?CL_ForwardToServer_f@@YAXHPAPAD@Z 0040c341 f   cl_main.obj
 0001:0000b38a       ?CL_Pause@@YAX_N@Z         0040c38a f   cl_main.obj
 0001:0000b3cf       ?CL_Drop@@YAX_N@Z          0040c3cf f   cl_main.obj
 0001:0000b3fa       ?CL_SendConnectPacket@@YAXXZ 0040c3fa f   cl_main.obj
 0001:0000b460       ?CL_Connect_f@@YAX_NHPAPAD@Z 0040c460 f   cl_main.obj
 0001:0000b4cd       ?CL_Rcon_f@@YAXHPAPAD@Z    0040c4cd f   cl_main.obj
 0001:0000b5b9       ?CL_Disconnect@@YAXXZ      0040c5b9 f   cl_main.obj
 0001:0000b764       ?CL_Disconnect_f@@YAXXZ    0040c764 f   cl_main.obj
 0001:0000b76e       ?CL_Changing_f@@YAXXZ      0040c76e f   cl_main.obj
 0001:0000b796       ?CL_Reconnect_f@@YAXXZ     0040c796 f   cl_main.obj
 0001:0000b832       ?CL_PingServers_f@@YAXXZ   0040c832 f   cl_main.obj
 0001:0000bbee       ?CL_ConnectionlessPacket@@YAXXZ 0040cbee f   cl_main.obj
 0001:0000bceb       ?CL_Userinfo_f@@YAXXZ      0040cceb f   cl_main.obj
 0001:0000bd06       ?CL_RegisterSounds@@YAXXZ  0040cd06 f   cl_main.obj
 0001:0000bd45       ?CL_Snd_Restart_f@@YAXXZ   0040cd45 f   cl_main.obj
 0001:0000bd54       ?CL_WriteConfiguration@@YAXPBD@Z 0040cd54 f   cl_main.obj
 0001:0000be3b       ?CL_WriteConfig_f@@YAX_NHPAPAD@Z 0040ce3b f   cl_main.obj
 0001:0000bea6       ?CL_FixCvarCheats@@YAXXZ   0040cea6 f   cl_main.obj
 0001:0000bef7       ?CL_Frame@@YAXMM@Z         0040cef7 f   cl_main.obj
 0001:0000c374       ?CL_ClearState@@YAXXZ      0040d374 f   cl_main.obj
 0001:0000c3b2       ?CL_Init@@YAXXZ            0040d3b2 f   cl_main.obj
 0001:0000c861       ?CL_Shutdown@@YAXXZ        0040d861 f   cl_main.obj
 0001:0000c8bd       ?CL_ParseClientinfo@@YAXH@Z 0040d8bd f   cl_parse.obj
 0001:0000c975       ?CL_UpdatePlayerClientInfo@@YAXXZ 0040d975 f   cl_parse.obj
 0001:0000c9b6       ?CL_ParseServerMessage@@YAXXZ 0040d9b6 f   cl_parse.obj
 0001:0000d19c       ?FreePlayerModelsInfo@@YAXXZ 0040e19c f   cl_playermodel.obj
 0001:0000d1c2       ?ScanPlayerModels@@YA_NXZ  0040e1c2 f   cl_playermodel.obj
 0001:0000d5bc       ?RunAnimation@@YAXAAUclientInfo_t@@AAUanimState_t@@H@Z 0040e5bc f   cl_playermodel.obj
 0001:0000d7aa       ?CL_LoadClientinfo@@YAXAAUclientInfo_t@@PBD_N@Z 0040e7aa f   cl_playermodel.obj
 0001:0000e43b       ?ParsePlayerEntity@@YAHAAUcentity_t@@AAUclientInfo_t@@PAUclEntityState_t@@ABUentity_t@@PAU4@HH@Z 0040f43b f   cl_playermodel.obj
 0001:0000ef94       ?CreateAndInsert@?$TList@VCStringItem@@@@QAEPAVCStringItem@@PBDPAVCMemoryChain@@@Z 0040ff94 f i cl_playermodel.obj
 0001:0000efcc       ?CL_CheckPredictionError@@YAXXZ 0040ffcc f   cl_pred.obj
 0001:0000f15f       ?CL_EntityTrace@@YAXAAUtrace_t@@ABUCVec3@@1ABUCBox@@H@Z 0041015f f   cl_pred.obj
 0001:0000f4b9       ?CL_Trace@@YAXAAUtrace_t@@ABUCVec3@@1ABUCBox@@H@Z 004104b9 f   cl_pred.obj
 0001:0000f56a       ?CL_PMpointcontents@@YAHABUCVec3@@@Z 0041056a f   cl_pred.obj
 0001:0000f700       ?CL_PredictMovement@@YAXXZ 00410700 f   cl_pred.obj
 0001:0000fac7       ?DrawString@@YAXHHPBD@Z    00410ac7 f   cl_scrn.obj
 0001:0000fb0c       ?SCR_DebugGraph@@YAXMH@Z   00410b0c f   cl_scrn.obj
 0001:0000fb36       ?SCR_CenterPrint@@YAXPBD@Z 00410b36 f   cl_scrn.obj
 0001:0000fc3c       ?Key_Message@@YAXH@Z       00410c3c f   cl_scrn.obj
 0001:0000fcdc       ?SCR_SetLevelshot@@YAXPBD@Z 00410cdc f   cl_scrn.obj
 0001:0000fddc       ?SCR_BeginLoadingPlaque@@YAX_N@Z 00410ddc f   cl_scrn.obj
 0001:0000fe72       ?SCR_EndLoadingPlaque@@YAX_N@Z 00410e72 f   cl_scrn.obj
 0001:0000fef7       ?SCR_LoadingNotify@@YAXPBDM@Z 00410ef7 f   cl_scrn.obj
 0001:0000ff21       ?SCR_ShowConsole@@YAX_N0@Z 00410f21 f   cl_scrn.obj
 0001:0000ffe6       ?SCR_ToggleConsole@@YAXXZ  00410fe6 f   cl_scrn.obj
 0001:0001000e       ?SCR_TouchPics@@YAXXZ      0041100e f   cl_scrn.obj
 0001:00010064       ?SCR_UpdateScreen@@YAXXZ   00411064 f   cl_scrn.obj
 0001:000113f3       ?SCR_Init@@YAXXZ           004123f3 f   cl_scrn.obj
 0001:00011724       ?sprintf@?$TString@$0BA@@@QAAHPBDZZ 00412724 f i cl_scrn.obj
 0001:0001173e       ?CL_RegisterTEntSounds@@YAXXZ 0041273e f   cl_tent.obj
 0001:00011993       ?CL_RegisterTEntModels@@YAXXZ 00412993 f   cl_tent.obj
 0001:00011ae4       ?CL_ClearTEnts@@YAXXZ      00412ae4 f   cl_tent.obj
 0001:00011b15       ?CL_SmokeAndFlash@@YAXABUCVec3@@@Z 00412b15 f   cl_tent.obj
 0001:00011cad       ?CL_ParseTEnt@@YAXXZ       00412cad f   cl_tent.obj
 0001:00012e97       ?CL_AddTEnts@@YAXXZ        00413e97 f   cl_tent.obj
 0001:0001389e       ?V_AddEntity@@YAXPAUentity_t@@@Z 0041489e f   cl_view.obj
 0001:000138dc       ?V_AddEntity2@@YAXPAUentity_t@@@Z 004148dc f   cl_view.obj
 0001:0001390e       ?AddEntityWithEffects2@@YAXPAUentity_t@@I@Z 0041490e f   cl_view.obj
 0001:000139af       ?AddEntityWithEffects@@YAXPAUentity_t@@I@Z 004149af f   cl_view.obj
 0001:000139d0       ?V_AddLight@@YAXABUCVec3@@MMMM@Z 004149d0 f   cl_view.obj
 0001:00013a15       ?V_TestEntities@@YAXXZ     00414a15 f   cl_view.obj
 0001:00013b42       ?V_TestLights@@YAXXZ       00414b42 f   cl_view.obj
 0001:00013c18       ?V_InitRenderer@@YAXXZ     00414c18 f   cl_view.obj
 0001:0001404f       ?CalcFov@@YAMMMM@Z         0041504f f   cl_view.obj
 0001:000140bd       ?V_RenderView@@YA_NXZ      004150bd f   cl_view.obj
 0001:00014e57       ?V_Init@@YAXXZ             00415e57 f   cl_view.obj
 0001:00014f06       ?Con_ClearNotify@@YAXXZ    00415f06 f   console.obj
 0001:00014f15       ?Con_CheckResize@@YAXXZ    00415f15 f   console.obj
 0001:0001503c       ?Write@COutputDeviceCon@@UAEXPBD@Z 0041603c f   console.obj
 0001:00015242       ?Con_DrawNotify@@YAX_N@Z   00416242 f   console.obj
 0001:00015418       ?Con_DrawConsole@@YAXM@Z   00416418 f   console.obj
 0001:000156cc       ?Con_ClearTyping@@YAXXZ    004166cc f   console.obj
 0001:000156e5       ?Key_Console@@YAXHH@Z      004166e5 f   console.obj
 0001:00015b32       ?Con_Init@@YAXXZ           00416b32 f   console.obj
 0001:00015ca0       ?Key_KeynumToString@@YAPBDH@Z 00416ca0 f   keys.obj
 0001:00015d66       ?Draw@completeMenu_t@@UAEXXZ 00416d66 f i keys.obj
 0001:00015d97       ?KeyDown@completeMenu_t@@UAEPBDH@Z 00416d97 f i keys.obj
 0001:00015dc3       ?Init@completeMenu_t@@UAE_NXZ 00416dc3 f i keys.obj
 0001:00015eea       ?CompleteMenuCallback@completeMenu_t@@SAXPAX@Z 00416eea f i keys.obj
 0001:00015f7b       ?CompleteCommand@@YAXXZ    00416f7b f   keys.obj
 0001:0001668c       ?Key_SetBinding@@YAXHPBD@Z 0041768c f   keys.obj
 0001:000166cc       ?Key_FindBinding@@YAHPBDPAHH@Z 004176cc f   keys.obj
 0001:0001671a       ?Key_WriteBindings@@YAXPAVCOutputDevice@@@Z 0041771a f   keys.obj
 0001:00016764       ?Key_Init@@YAXXZ           00417764 f   keys.obj
 0001:00016a48       ?Key_Event@@YAXH_N@Z       00417a48 f   keys.obj
 0001:00016da7       ?Key_ClearStates@@YAXXZ    00417da7 f   keys.obj
 0001:00016ddc       ?M_ForceMenuOn@@YAXXZ      00417ddc f   menu.obj
 0001:00016dfb       ?Draw@menuMain_t@@UAEXXZ   00417dfb f i menu.obj
 0001:00016f37       ?KeyDown@menuMain_t@@UAEPBDH@Z 00417f37 f i menu.obj
 0001:00016ff8       ?Init@menuMain_t@@UAE_NXZ  00417ff8 f i menu.obj
 0001:00017000       ?M_Menu_Main_f@@YAXXZ      00418000 f   menu.obj
 0001:0001701a       ?Init@multiplayerMenu_t@@UAE_NXZ 0041801a f i menu.obj
 0001:0001713e       ?Init@keysMenu_t@@UAE_NXZ  0041813e f i menu.obj
 0001:0001732c       ?KeyCursorDrawFunc@keysMenu_t@@SAXPAUmenuFramework_t@@@Z 0041832c f i menu.obj
 0001:0001736f       ?DrawKeyBindingFunc@keysMenu_t@@SAXPAX@Z 0041836f f i menu.obj
 0001:00017436       ?KeyDown@keysMenu_t@@UAEPBDH@Z 00418436 f i menu.obj
 0001:000174e3       ?UnbindCommand@keysMenu_t@@QAEXPAD@Z 004184e3 f i menu.obj
 0001:00017528       ?KeyBindingFunc@keysMenu_t@@QAEXPAX@Z 00418528 f i menu.obj
 0001:0001758a       ?Init@optionsMenu_t@@UAE_NXZ 0041858a f i menu.obj
 0001:0001793d       ?CrosshairFunc@optionsMenu_t@@SAXPAX@Z 0041893d f i menu.obj
 0001:00017965       ?JoystickFunc@optionsMenu_t@@SAXPAX@Z 00418965 f i menu.obj
 0001:0001797a       ?AlwaysRunFunc@optionsMenu_t@@SAXPAX@Z 0041897a f i menu.obj
 0001:0001798f       ?MouseSpeedFunc@optionsMenu_t@@SAXPAX@Z 0041898f f i menu.obj
 0001:000179ac       ?InvertMouseFunc@optionsMenu_t@@SAXPAX@Z 004189ac f i menu.obj
 0001:000179e5       ?UpdateVolumeFunc@optionsMenu_t@@SAXPAX@Z 004189e5 f i menu.obj
 0001:00017a02       ?UpdateCDVolumeFunc@optionsMenu_t@@SAXPAX@Z 00418a02 f i menu.obj
 0001:00017a1c       ?SetMenuItemValues@optionsMenu_t@@SAXXZ 00418a1c f i menu.obj
 0001:00017b64       ?ResetDefaultsFunc@optionsMenu_t@@SAXPAX@Z 00418b64 f i menu.obj
 0001:00017b79       ?UpdateSoundFunc@optionsMenu_t@@SAXPAX@Z 00418b79 f i menu.obj
 0001:00017d7d       ?ScanCrosshairs@optionsMenu_t@@SAXXZ 00418d7d f i menu.obj
 0001:00017dda       ?Draw@optionsMenu_t@@UAEXXZ 00418dda f i menu.obj
 0001:00017e3f       ?Draw@creditsMenu_t@@UAEXXZ 00418e3f f i menu.obj
 0001:00017ee6       ?KeyDown@creditsMenu_t@@UAEPBDH@Z 00418ee6 f i menu.obj
 0001:00017f26       ?Init@creditsMenu_t@@UAE_NXZ 00418f26 f i menu.obj
 0001:00017fa7       ?Init@gameMenu_t@@UAE_NXZ  00418fa7 f i menu.obj
 0001:00018132       ?EasyGameFunc@gameMenu_t@@SAXPAX@Z 00419132 f i menu.obj
 0001:0001813e       ?StartGame@gameMenu_t@@SAXPBD@Z 0041913e f i menu.obj
 0001:00018199       ?MediumGameFunc@gameMenu_t@@SAXPAX@Z 00419199 f i menu.obj
 0001:000181a5       ?HardGameFunc@gameMenu_t@@SAXPAX@Z 004191a5 f i menu.obj
 0001:000181c1       ?Init@savegameMenu_t@@UAE_NXZ 004191c1 f i menu.obj
 0001:000182d1       ?Create_Savestrings@savegameMenu_t@@QAEXXZ 004192d1 f i menu.obj
 0001:00018391       ?LoadGameCallback@savegameMenu_t@@SAXPAX@Z 00419391 f i menu.obj
 0001:000183be       ?SaveGameCallback@savegameMenu_t@@SAXPAX@Z 004193be f i menu.obj
 0001:000183e1       ?Draw@savegameMenu_t@@UAEXXZ 004193e1 f i menu.obj
 0001:000183fc       ?DrawSavegameShot@savegameMenu_t@@QAEXHH@Z 004193fc f i menu.obj
 0001:000184d7       ?Init@joinserverMenu_t@@UAE_NXZ 004194d7 f i menu.obj
 0001:0001860e       ?JoinServerFunc@joinserverMenu_t@@SAXPAX@Z 0041960e f i menu.obj
 0001:00018673       ?SearchLocalGames@joinserverMenu_t@@SAXXZ 00419673 f i menu.obj
 0001:000186de       ?M_AddToServerList@@YAXUnetadr_t@@PAD@Z 004196de f   menu.obj
 0001:00018769       ?Init@startserverMenu_t@@UAE_NXZ 00419769 f i menu.obj
 0001:00018bf7       ?DMOptionsFunc@startserverMenu_t@@SAXPAX@Z 00419bf7 f i menu.obj
 0001:00018c07       ?RulesChangeFunc@startserverMenu_t@@SAXPAX@Z 00419c07 f i menu.obj
 0001:00018c7f       ?StartServerActionFunc@startserverMenu_t@@SAXPAX@Z 00419c7f f i menu.obj
 0001:00018caa       ?StartServerFunc@startserverMenu_t@@SAXPAD@Z 00419caa f i menu.obj
 0001:00018ee0       ?KeyDown@startserverMenu_t@@UAEPBDH@Z 00419ee0 f i menu.obj
 0001:00018f3f       ?Init@dmoptionsMenu_t@@UAE_NXZ 00419f3f f i menu.obj
 0001:0001951c       ?DMFlagCallback@dmoptionsMenu_t@@SAXPAX@Z 0041a51c f i menu.obj
 0001:000196fa       ?Init@downloadOptionsMenu_t@@UAE_NXZ 0041a6fa f i menu.obj
 0001:000198d4       ?DownloadCallback@downloadOptionsMenu_t@@SAXPAX@Z 0041a8d4 f i menu.obj
 0001:00019942       ?Init@addressBookMenu_t@@UAE_NXZ 0041a942 f i menu.obj
 0001:000199e8       ?KeyDown@addressBookMenu_t@@UAEPBDH@Z 0041a9e8 f i menu.obj
 0001:00019a47       ?Init@playerConfigMenu_t@@UAE_NXZ 0041aa47 f i menu.obj
 0001:00019f8e       ?HandednessCallback@playerConfigMenu_t@@SAXPAX@Z 0041af8e f i menu.obj
 0001:00019fa3       ?RTypeCallback@playerConfigMenu_t@@SAXPAX@Z 0041afa3 f i menu.obj
 0001:00019fb8       ?RColorCallback@playerConfigMenu_t@@SAXPAX@Z 0041afb8 f i menu.obj
 0001:00019fcd       ?RateCallback@playerConfigMenu_t@@SAXPAX@Z 0041afcd f i menu.obj
 0001:00019ff0       ?ModelCallback@playerConfigMenu_t@@SAXPAX@Z 0041aff0 f i menu.obj
 0001:0001a024       ?SkinCallback@playerConfigMenu_t@@SAXPAX@Z 0041b024 f i menu.obj
 0001:0001a02c       ?Draw@playerConfigMenu_t@@UAEXXZ 0041b02c f i menu.obj
 0001:0001a30e       ?KeyDown@playerConfigMenu_t@@UAEPBDH@Z 0041b30e f i menu.obj
 0001:0001a3ee       ?Init@dmbrowseMenu_t@@UAE_NXZ 0041b3ee f i menu.obj
 0001:0001a5f7       ?KeyDown@dmbrowseMenu_t@@UAEPBDH@Z 0041b5f7 f i menu.obj
 0001:0001a7cf       ?Draw@dmbrowseMenu_t@@UAEXXZ 0041b7cf f i menu.obj
 0001:0001a91c       ?DrawThumbnail@dmbrowseMenu_t@@SAXHHHHPAD_N@Z 0041b91c f i menu.obj
 0001:0001a9f6       ?Init@videoMenu_t@@UAE_NXZ 0041b9f6 f i menu.obj
 0001:0001afcf       ?ScreenSizeCallback@videoMenu_t@@SAXPAX@Z 0041bfcf f i menu.obj
 0001:0001aff0       ?BrightnessCallback@videoMenu_t@@SAXPAX@Z 0041bff0 f i menu.obj
 0001:0001b011       ?ContrastCallback@videoMenu_t@@SAXPAX@Z 0041c011 f i menu.obj
 0001:0001b04d       ?CancelChanges@videoMenu_t@@SAXPAX@Z 0041c04d f i menu.obj
 0001:0001b09a       ?KeyDown@videoMenu_t@@UAEPBDH@Z 0041c09a f i menu.obj
 0001:0001b0e3       ?ApplyChanges@videoMenu_t@@SAXPAX@Z 0041c0e3 f i menu.obj
 0001:0001b29a       ?KeyDown@quitMenu_t@@UAEPBDH@Z 0041c29a f i menu.obj
 0001:0001b2d7       ?Draw@quitMenu_t@@UAEXXZ   0041c2d7 f i menu.obj
 0001:0001b347       ?M_Init@@YAXXZ             0041c347 f   menu.obj
 0001:0001b529       ?ItemAtCursor@menuFramework_t@@QAEPAUmenuCommon_t@@XZ 0041c529 f   qmenu.obj
 0001:0001b57d       ?AddItem@menuFramework_t@@QAEXPAUmenuCommon_t@@@Z 0041c57d f   qmenu.obj
 0001:0001b639       ?AdjustCursor@menuFramework_t@@QAEXH@Z 0041c639 f   qmenu.obj
 0001:0001b7b1       ?Center@menuFramework_t@@QAEXXZ 0041c7b1 f   qmenu.obj
 0001:0001b7f2       ?Draw@menuFramework_t@@UAEXXZ 0041c7f2 f   qmenu.obj
 0001:0001bdca       ?SelectItem@menuFramework_t@@QAE_NXZ 0041cdca f   qmenu.obj
 0001:0001be2f       ?SetStatusBar@menuFramework_t@@QAEXPBD@Z 0041ce2f f   qmenu.obj
 0001:0001be3c       ?SlideItem@menuFramework_t@@QAEXH@Z 0041ce3c f   qmenu.obj
 0001:0001c3da       ?Push@menuFramework_t@@QAEXXZ 0041d3da f   qmenu.obj
 0001:0001c459       ?M_ForceMenuOff@@YAXXZ     0041d459 f   qmenu.obj
 0001:0001c486       ?Pop@menuFramework_t@@QAEXXZ 0041d486 f   qmenu.obj
 0001:0001c4c0       ?KeyDown@menuFramework_t@@UAEPBDH@Z 0041d4c0 f   qmenu.obj
 0001:0001c738       ?Init@menuFramework_t@@UAE_NXZ 0041d738 f   qmenu.obj
 0001:0001c73b       ?M_Draw@@YAXXZ             0041d73b f   qmenu.obj
 0001:0001c776       ?M_Keydown@@YAXH@Z         0041d776 f   qmenu.obj
 0001:0001c798       ?InitRendererVars@@YAXXZ   0041d798 f   ref_vars.obj
 0001:0001c7b7       ?S_SoundInfo_f@@YAXXZ      0041d7b7 f   snd_dma.obj
 0001:0001c831       ?S_Init@@YAXXZ             0041d831 f   snd_dma.obj
 0001:0001c903       ?S_Shutdown@@YAXXZ         0041d903 f   snd_dma.obj
 0001:0001c996       ?S_BeginRegistration@@YAXXZ 0041d996 f   snd_dma.obj
 0001:0001c9a4       ?S_RegisterSound@@YAPAUsfx_t@@PBD@Z 0041d9a4 f   snd_dma.obj
 0001:0001cb4f       ?S_EndRegistration@@YAXXZ  0041db4f f   snd_dma.obj
 0001:0001cbd8       ?S_PickChannel@@YAPAUchannel_t@@HH@Z 0041dbd8 f   snd_dma.obj
 0001:0001cc66       ?S_Spatialize@@YAXPAUchannel_t@@@Z 0041dc66 f   snd_dma.obj
 0001:0001ce48       ?S_AllocPlaysound@@YAPAUplaysound_t@@XZ 0041de48 f   snd_dma.obj
 0001:0001ce6a       ?S_FreePlaysound@@YAXPAUplaysound_t@@@Z 0041de6a f   snd_dma.obj
 0001:0001ce9d       ?S_IssuePlaysound@@YAXPAUplaysound_t@@@Z 0041de9d f   snd_dma.obj
 0001:0001cf6e       ?S_StartSound@@YAXPBUCVec3@@HHPAUsfx_t@@MMM@Z 0041df6e f   snd_dma.obj
 0001:0001d32f       ?S_StartLocalSound@@YAXPBD@Z 0041e32f f   snd_dma.obj
 0001:0001d381       ?S_ClearBuffer@@YAXXZ      0041e381 f   snd_dma.obj
 0001:0001d3ea       ?S_StopAllSounds_f@@YAXXZ  0041e3ea f   snd_dma.obj
 0001:0001d45a       ?S_AddLoopSounds@@YAXXZ    0041e45a f   snd_dma.obj
 0001:0001d630       ?S_RawSamples@@YAXHHHHPAE@Z 0041e630 f   snd_dma.obj
 0001:0001d834       ?S_Update@@YAXABUCVec3@@0@Z 0041e834 f   snd_dma.obj
 0001:0001d90a       ?GetSoundtime@@YAXXZ       0041e90a f   snd_dma.obj
 0001:0001d971       ?S_Update_@@YAXXZ          0041e971 f   snd_dma.obj
 0001:0001dc24       ?S_LoadSound@@YAPAUsfxcache_t@@PAUsfx_t@@@Z 0041ec24 f   snd_mem.obj
 0001:0001e1b5       ?S_WriteLinearBlastStereo16@@YAXXZ 0041f1b5 f   snd_mix.obj
 0001:0001e21f       ?S_TransferStereo16@@YAXPAKH@Z 0041f21f f   snd_mix.obj
 0001:0001e28a       ?S_TransferPaintBuffer@@YAXH@Z 0041f28a f   snd_mix.obj
 0001:0001e3ee       ?S_PaintChannels@@YAXH@Z   0041f3ee f   snd_mix.obj
 0001:0001e66a       ?S_InitScaletable@@YAXXZ   0041f66a f   snd_mix.obj
 0001:0001e7af       ?SV_ComputeAnimation@@YAXPAUplayer_state_t@@AAUentityStateEx_t@@PAU2@PAUedict_s@@@Z 0041f7af f   sv_anim.obj
 0001:0001ec6c       ?SV_ReadLevelFile@@YAXXZ   0041fc6c f   sv_ccmds.obj
 0001:0001ed1a       ?SV_AddressBanned@@YA_NPAUnetadr_t@@@Z 0041fd1a f   sv_ccmds.obj
 0001:0001ed5e       ?SV_InitCommands@@YAXXZ    0041fd5e f   sv_ccmds.obj
 0001:000201e4       ?sprintf@?$TString@$0CI@@@QAAHPBDZZ 004211e4 f i sv_ccmds.obj
 0001:000201fe       ?SV_WriteFrameToClient@@YAXPAUclient_t@@PAVsizebuf_t@@@Z 004211fe f   sv_ents.obj
 0001:00020951       ?SV_RecordDemoMessage@@YAXXZ 00421951 f   sv_ents.obj
 0001:00020b1f       ?SV_MulticastOld@@YAXABUCVec3@@W4multicast_t@@@Z 00421b1f f i sv_game.obj
 0001:00020b34       ?SV_StartSoundOld@@YAXPBUCVec3@@PAUedict_s@@HHMMM@Z 00421b34 f i sv_game.obj
 0001:000215ab       ?SV_InitGameLibrary@@YAX_N@Z 004225ab f   sv_game.obj
 0001:000218a0       ?SV_ShutdownGameLibrary@@YAXXZ 004228a0 f   sv_game.obj
 0001:000219fd       ?SV_FindIndex@@YAHPBDHH_N@Z 004229fd f   sv_init.obj
 0001:00021b14       ?SV_ModelIndex@@YAHPBD@Z   00422b14 f   sv_init.obj
 0001:00021b2d       ?SV_SoundIndex@@YAHPBD@Z   00422b2d f   sv_init.obj
 0001:00021b49       ?SV_ImageIndex@@YAHPBD@Z   00422b49 f   sv_init.obj
 0001:00021b65       ?SV_CreateBaseline@@YAXXZ  00422b65 f   sv_init.obj
 0001:00021be2       ?SV_SpawnServer@@YAXPAD0W4server_state_t@@_N2@Z 00422be2 f   sv_init.obj
 0001:00021f52       ?SV_InitGame@@YAXXZ        00422f52 f   sv_init.obj
 0001:0002217b       ?SV_Map@@YAX_NPBD0@Z       0042317b f   sv_init.obj
 0001:00022340       ?SV_DropClient@@YAXPAUclient_t@@PAD@Z 00423340 f   sv_main.obj
 0001:00022d75       ??0COutputDeviceMem@@QAE@H@Z 00423d75 f i sv_main.obj
 0001:00022da6       ?Write@COutputDeviceMem@@UAEXPBD@Z 00423da6 f i sv_main.obj
 0001:00022e2d       ??_GCOutputDeviceMem@@UAEPAXI@Z 00423e2d f i sv_main.obj
 0001:00022e2d       ??_ECOutputDeviceMem@@UAEPAXI@Z 00423e2d f i sv_main.obj
 0001:00022e4c       ??1COutputDeviceMem@@UAE@XZ 00423e4c f i sv_main.obj
 0001:00022e6b       ?SV_CalcPings@@YAXXZ       00423e6b f   sv_main.obj
 0001:00022ef2       ?SV_GiveMsec@@YAXXZ        00423ef2 f   sv_main.obj
 0001:00022f31       ?SV_ReadPackets@@YAXXZ     00423f31 f   sv_main.obj
 0001:00023144       ?SV_CheckTimeouts@@YAXXZ   00424144 f   sv_main.obj
 0001:00023255       ?SV_PostprocessFrame@@YAXXZ 00424255 f   sv_main.obj
 0001:00023731       ?SV_MulticastHook@@YAPAVsizebuf_t@@PAV1@0@Z 00424731 f   sv_main.obj
 0001:00023b21       ?SV_TraceHook@@YAXAAUtrace0_t@@ABUCVec3@@PBU2@21PAUedict_s@@H@Z 00424b21 f   sv_main.obj
 0001:00023caf       ?SV_Frame@@YAXM@Z          00424caf f   sv_main.obj
 0001:00023f6c       ?SV_UserinfoChanged@@YAXPAUclient_t@@@Z 00424f6c f   sv_main.obj
 0001:0002402e       ?SV_InitVars@@YAXXZ        0042502e f   sv_main.obj
 0001:0002403d       ?SV_Init@@YAXXZ            0042503d f   sv_main.obj
 0001:00024096       ?SV_Shutdown@@YAXPBD_N@Z   00425096 f   sv_main.obj
 0001:000242a3       ?SV_ClientPrintf@@YAXPAUclient_t@@HPBDZZ 004252a3 f   sv_send.obj
 0001:000242fe       ?SV_BroadcastPrintf@@YAXHPBDZZ 004252fe f   sv_send.obj
 0001:000243d4       ?SV_BroadcastCommand@@YAXPBDZZ 004253d4 f   sv_send.obj
 0001:0002442e       ?SV_Multicast@@YAXABUCVec3@@W4multicast_t@@_N@Z 0042542e f   sv_send.obj
 0001:00024641       ?SV_StartSound@@YAXPBUCVec3@@PAUedict_s@@HHMMM_N@Z 00425641 f   sv_send.obj
 0001:000248da       ?SV_SendClientDatagram@@YA_NPAUclient_t@@@Z 004258da f   sv_send.obj
 0001:0002499c       ?SV_DemoCompleted@@YAXXZ   0042599c f   sv_send.obj
 0001:000249b8       ?SV_SendClientMessages@@YAXXZ 004259b8 f   sv_send.obj
 0001:00024b6b       ?SV_DrawText3D@@YAXABUCVec3@@PBDI@Z 00425b6b f   sv_text.obj
 0001:00024ba3       ?SV_ClearTexts@@YAXXZ      00425ba3 f   sv_text.obj
 0001:00024bab       ?SV_DrawTexts@@YAXXZ       00425bab f   sv_text.obj
 0001:00024c00       ??0?$TTextContainer@UCSVText@@$0BAAAA@@@QAE@XZ 00425c00 f i sv_text.obj
 0001:00024c25       ?SV_TokenizeString@@YAXPBD@Z 00425c25 f   sv_tokenize.obj
 0001:00024cfc       ?SV_Argc@@YAHXZ            00425cfc f   sv_tokenize.obj
 0001:00024d02       ?SV_Argv@@YAPADH@Z         00425d02 f   sv_tokenize.obj
 0001:00024d20       ?SV_Args@@YAPADXZ          00425d20 f   sv_tokenize.obj
 0001:000255f0       ?SV_Nextserver@@YAXXZ      004265f0 f   sv_user.obj
 0001:00025684       ?SV_ClientThink@@YAXPAUclient_t@@PAUusercmd_t@@@Z 00426684 f   sv_user.obj
 0001:00025715       ?SV_ExecuteClientMessage@@YAXPAUclient_t@@@Z 00426715 f   sv_user.obj
 0001:00025a65       ?SV_ClearWorld@@YAXXZ      00426a65 f   sv_world.obj
 0001:00025ba3       ?SV_UnlinkEdict@@YAXPAUedict_s@@@Z 00426ba3 f   sv_world.obj
 0001:00025c69       ?SV_LinkEdict@@YAXPAUedict_s@@@Z 00426c69 f   sv_world.obj
 0001:00026289       ?SV_AreaEdicts@@YAHABUCVec3@@0PAPAUedict_s@@HH@Z 00427289 f   sv_world.obj
 0001:00026427       ?SV_PointContents@@YAHABUCVec3@@@Z 00427427 f   sv_world.obj
 0001:0002654d       ?SV_Trace@@YAXAAUtrace_t@@ABUCVec3@@1ABUCBox@@PAUedict_s@@H@Z 0042754d f   sv_world.obj
 0001:000269ca       ?InitByteDirs@@YAXXZ       004279ca f   anorms.obj
 0001:00026a09       ?Cbuf_AddText@@YAXPBD@Z    00427a09 f   cmd.obj
 0001:00026a6f       ?Cbuf_CopyToDefer@@YAXXZ   00427a6f f   cmd.obj
 0001:00026ab7       ?Cbuf_InsertFromDefer@@YAXXZ 00427ab7 f   cmd.obj
 0001:00026b73       ?Cbuf_Execute@@YAXXZ       00427b73 f   cmd.obj
 0001:00026c83       ?Cmd_Unalias_f@@YAX_NHPAPAD@Z 00427c83 f   cmd.obj
 0001:00026cfb       ?Cmd_WriteAliases@@YAXPAVCOutputDevice@@@Z 00427cfb f   cmd.obj
 0001:00026d2e       ?RegisterCommand@@YA_NPBDP6AXXZI@Z 00427d2e f   cmd.obj
 0001:00026e0f       ?UnregisterCommand@@YA_NPBD@Z 00427e0f f   cmd.obj
 0001:00026ea0       ?ExecuteCommand@@YA_NPBD@Z 00427ea0 f   cmd.obj
 0001:000272e3       ?ExecuteCommand@@YA_NPBDPBUCSimpleCommand@@H@Z 004282e3 f   cmd.obj
 0001:00027725       ?CM_LoadMap@@YAPAUcmodel_t@@PBD_NPAI@Z 00428725 f   cmodel.obj
 0001:00027e47       ?SetSignbits@cplane_t@@QAEXXZ 00428e47 f i cmodel.obj
 0001:00027e7b       ?SetType@cplane_t@@QAEXXZ  00428e7b f i cmodel.obj
 0001:00027ef0       ?LoadLeafBrushes@@YAXPAGH@Z 00428ef0 f i cmodel.obj
 0001:00028b60       ?CM_BuildBrush@@YAPAUCBrush@@HPAVCMemoryChain@@@Z 00429b60 f   cmodel.obj
 0001:00028c32       ?CM_InlineModel@@YAPAUcmodel_t@@PBD@Z 00429c32 f   cmodel.obj
 0001:00028c5d       ?CM_InlineModel@@YAPAUcmodel_t@@H@Z 00429c5d f   cmodel.obj
 0001:00028c85       ?CM_NumClusters@@YAHXZ     00429c85 f   cmodel.obj
 0001:00028c96       ?CM_NumInlineModels@@YAHXZ 00429c96 f   cmodel.obj
 0001:00028c9c       ?CM_EntityString@@YAPBDXZ  00429c9c f   cmodel.obj
 0001:00028ca2       ?CM_LeafContents@@YAHH@Z   00429ca2 f   cmodel.obj
 0001:00028ccc       ?CM_LeafCluster@@YAHH@Z    00429ccc f   cmodel.obj
 0001:00028d42       ?CM_LeafArea@@YAHH@Z       00429d42 f   cmodel.obj
 0001:00028eb0       ?CM_HeadnodeForBox@@YAHABUCBox@@@Z 00429eb0 f   cmodel.obj
 0001:00028f33       ?CM_PointLeafnum@@YAHABUCVec3@@H@Z 00429f33 f   cmodel.obj
 0001:00028fd6       ?DistanceTo@cplane_t@@QBEMABUCVec3@@@Z 00429fd6 f i cmodel.obj
 0001:0002901b       ?CM_PointContents@@YAHABUCVec3@@H@Z 0042a01b f   cmodel.obj
 0001:0002908e       ?CM_TransformedPointContents@@YAHABUCVec3@@H00@Z 0042a08e f   cmodel.obj
 0001:0002916f       ?CM_TransformedPointContents@@YAHABUCVec3@@H0ABUCAxis@@@Z 0042a16f f   cmodel.obj
 0001:0002921a       ?CM_BoxLeafnums@@YAHABUCBox@@PAHH1H@Z 0042a21a f   cmodel.obj
 0001:0002932d       ?BOX_ON_PLANE_SIDE@@YAHABUCBox@@ABUcplane_t@@@Z 0042a32d f i cmodel.obj
 0001:00029398       ?CM_BoxTrace@@YAXAAUtrace_t@@ABUCVec3@@1ABUCBox@@HI@Z 0042a398 f   cmodel.obj
 0001:0002a105       ?CM_TransformedBoxTrace@@YAXAAUtrace_t@@ABUCVec3@@1ABUCBox@@HI11@Z 0042b105 f   cmodel.obj
 0001:0002a278       ?CM_TransformedBoxTrace@@YAXAAUtrace_t@@ABUCVec3@@1ABUCBox@@HI1ABUCAxis@@@Z 0042b278 f   cmodel.obj
 0001:0002a335       ?CM_CombineTrace@@YA_NAAUtrace_t@@ABU1@@Z 0042b335 f   cmodel.obj
 0001:0002a382       ?CM_ClipTraceToModels@@YAXAAUtrace_t@@ABUCVec3@@1ABUCBox@@I@Z 0042b382 f   cmodel.obj
 0001:0002a484       ?CM_PointModelContents@@YAHABUCVec3@@@Z 0042b484 f   cmodel.obj
 0001:0002a4de       ?CM_BrushTrace@@YAHABUCVec3@@0PAHH@Z 0042b4de f   cmodel.obj
 0001:0002a8ce       ?CM_RefineBrushTrace@@YAHABUCVec3@@0PAHH@Z 0042b8ce f   cmodel.obj
 0001:0002a974       ?CM_ClusterPVS@@YAPBEH@Z   0042b974 f   cmodel.obj
 0001:0002aab2       ?CM_SetAreaPortalState@@YAXH_N@Z 0042bab2 f   cmodel.obj
 0001:0002aada       ?CM_AreasConnected@@YA_NHH@Z 0042bada f   cmodel.obj
 0001:0002ab21       ?CM_WriteAreaBits@@YAHPAEH@Z 0042bb21 f   cmodel.obj
 0001:0002abc3       ?CM_WritePortalState@@YAXPAU_iobuf@@@Z 0042bbc3 f   cmodel.obj
 0001:0002abe0       ?CM_ReadPortalState@@YAXPAU_iobuf@@@Z 0042bbe0 f   cmodel.obj
 0001:0002ac02       ?CM_HeadnodeVisible@@YA_NHPBE@Z 0042bc02 f   cmodel.obj
 0001:0002acdd       ?Com_DPrintf@@YAXPBDZZ     0042bcdd f   common.obj
 0001:0002ad56       ?DebugPrintf@@YAXPBDZZ     0042bd56 f   common.obj
 0001:0002ae05       ?IPWildcard@@YA_NPAUnetadr_t@@PBD@Z 0042be05 f   common.obj
 0001:0002aedf       ?Com_ServerState@@YA?AW4server_state_t@@XZ 0042bedf f   common.obj
 0001:0002aee5       ?Com_SetServerState@@YAXW4server_state_t@@@Z 0042bee5 f   common.obj
 0001:0002aef2       ?crand@@YAMXZ              0042bef2 f   common.obj
 0001:0002af10       ?Info_ValueForKey@@YAPBDPBD0@Z 0042bf10 f   common.obj
 0001:0002af8f       ?Info_SetValueForKey@@YAXPADPBD1@Z 0042bf8f f   common.obj
 0001:0002b0c6       ?Info_Print@@YAXPBD@Z      0042c0c6 f   common.obj
 0001:0002b14c       ?Com_CheckCmdlineVar@@YA_NPBD@Z 0042c14c f   common.obj
 0001:0002b1a5       ?Com_Init@@YAXPBD@Z        0042c1a5 f   common.obj
 0001:0002b54c       ?Com_Frame@@YAXM@Z         0042c54c f   common.obj
 0001:0002b960       ?Com_BlockSequenceCRCByte@@YAEPAEHH@Z 0042c960 f   crc.obj
 0001:0002ba18       ?Cvar_VariableValue@@YAMPBD@Z 0042ca18 f   cvar.obj
 0001:0002ba8f       ?Cvar_VariableInt@@YAHPBD@Z 0042ca8f f   cvar.obj
 0001:0002baa6       ?Cvar_VariableString@@YAPBDPBD@Z 0042caa6 f   cvar.obj
 0001:0002bac2       ?Cvar_Get@@YAPAUcvar_t@@PBD0H@Z 0042cac2 f   cvar.obj
 0001:0002bd8f       ?Cvar_GetVars@@YAXPBUcvarInfo_t@@H@Z 0042cd8f f   cvar.obj
 0001:0002be39       ?Cvar_FullSet@@YAXPAUcvar_t@@PBDI@Z 0042ce39 f   cvar.obj
 0001:0002be59       ?Cvar_FullSet@@YAPAUcvar_t@@PBD0I@Z 0042ce59 f   cvar.obj
 0001:0002be99       ?Cvar_SetValue@@YAPAUcvar_t@@PBDM@Z 0042ce99 f   cvar.obj
 0001:0002c032       ?Cvar_SetInteger@@YAPAUcvar_t@@PBDH@Z 0042d032 f   cvar.obj
 0001:0002c056       ?Cvar_Set@@YAPAUcvar_t@@PBD0@Z 0042d056 f   cvar.obj
 0001:0002c06d       ?Cvar_ForceSet@@YAPAUcvar_t@@PBD0@Z 0042d06d f   cvar.obj
 0001:0002c084       ?Cvar_Clamp@@YAMPAUcvar_t@@MM@Z 0042d084 f   cvar.obj
 0001:0002c0e2       ?Cvar_Command@@YA_NHPAPAD@Z 0042d0e2 f   cvar.obj
 0001:0002c17d       ?IsDefault@cvar_t@@QAE_NXZ 0042d17d f i cvar.obj
 0001:0002c19a       ?Cvar_WriteVariables@@YAXPAVCOutputDevice@@HHPBD@Z 0042d19a f   cvar.obj
 0001:0002c220       ?Cvar_BitInfo@@YAPBDI@Z    0042d220 f   cvar.obj
 0001:0002c272       ?Cvar_Cheats@@YAX_N@Z      0042d272 f   cvar.obj
 0001:0002cae9       ?MSG_WriteDeltaEntity@@YAXPAVsizebuf_t@@PBUentityStateEx_t@@PAU2@_N33@Z 0042dae9 f   entdelta.obj
 0001:0002d0a5       ?MSG_WriteRemoveEntity@@YAXPAVsizebuf_t@@H@Z 0042e0a5 f   entdelta.obj
 0001:0002d0e5       ?MSG_ReadEntityBits@@YAHPAVsizebuf_t@@PAIPA_N@Z 0042e0e5 f   entdelta.obj
 0001:0002d157       ?MSG_ReadDeltaEntity@@YAXPAVsizebuf_t@@PBUentityStateEx_t@@PAU2@I@Z 0042e157 f   entdelta.obj
 0001:0002d1da       ?MSG_WriteDeltaUsercmd@@YAXPAVsizebuf_t@@PBUusercmd_t@@PAU2@@Z 0042e1da f   entdelta.obj
 0001:0002d269       ?MSG_ReadDeltaUsercmd@@YAXPAVsizebuf_t@@PBUusercmd_t@@PAU2@@Z 0042e269 f   entdelta.obj
 0001:0002d56c       ?MSG_WriteDeltaPlayerstate@@YAXPAVsizebuf_t@@PBUplayer_state_t@@PAU2@@Z 0042e56c f   entdelta.obj
 0001:0002d675       ?MSG_ReadDeltaPlayerstate@@YAXPAVsizebuf_t@@PBUplayer_state_t@@PAU2@@Z 0042e675 f   entdelta.obj
 0001:0002d72f       ?LoadPCX@@YAPAEPBDAAH1AAPAE@Z 0042e72f f   images.obj
 0001:0002d86a       ?LoadTGA@@YAPAEPBDAAH1@Z   0042e86a f   images.obj
 0001:0002db37       ?LoadJPG@@YAPAEPBDAAH1@Z   0042eb37 f   images.obj
 0001:0002ddea       ?ImageExists@@YAHPBDH@Z    0042edea f   images.obj
 0001:0002df0e       ?WriteTGA@@YA_NPBDPAEHH@Z  0042ef0e f   images.obj
 0001:0002e102       ?WriteJPG@@YA_NPBDPAEHH_N@Z 0042f102 f   images.obj
 0001:0002e233       ?MD4Init@@YAXPAUMD4_CTX@@@Z 0042f233 f   md4.obj
 0001:0002e25b       ?MD4Update@@YAXPAUMD4_CTX@@PAEI@Z 0042f25b f   md4.obj
 0001:0002e2f9       ?MD4Final@@YAXQAEPAUMD4_CTX@@@Z 0042f2f9 f   md4.obj
 0001:0002e9ea       ?Com_BlockChecksum@@YAIPAXH@Z 0042f9ea f   md4.obj
 0001:0002ea26       ?LoadQ2BspFile@@YAXXZ      0042fa26 f   model.obj
 0001:0002ef6b       ?LoadQ1BspFile@@YAXXZ      0042ff6b f   model.obj
 0001:0002f2e9       ?LoadBspFile@@YAPAUbspfile_t@@PBD_NPAI@Z 004302e9 f   model.obj
 0001:00030b97       ?Init@sizebuf_t@@QAEXPAXH@Z 00431b97 f   msg.obj
 0001:00030bb4       ?Write@sizebuf_t@@QAEXPBXH@Z 00431bb4 f   msg.obj
 0001:00030c26       ?MSG_WriteByte@@YAXPAVsizebuf_t@@H@Z 00431c26 f   msg.obj
 0001:00030c26       ?MSG_WriteChar@@YAXPAVsizebuf_t@@H@Z 00431c26 f   msg.obj
 0001:00030c39       ?MSG_WriteShort@@YAXPAVsizebuf_t@@H@Z 00431c39 f   msg.obj
 0001:00030c4c       ?MSG_WriteLong@@YAXPAVsizebuf_t@@H@Z 00431c4c f   msg.obj
 0001:00030c5f       ?MSG_WriteFloat@@YAXPAVsizebuf_t@@M@Z 00431c5f f   msg.obj
 0001:00030c72       ?MSG_WriteString@@YAXPAVsizebuf_t@@PBD@Z 00431c72 f   msg.obj
 0001:00030c9c       ?MSG_WritePos@@YAXPAVsizebuf_t@@ABUCVec3@@@Z 00431c9c f   msg.obj
 0001:00030d00       ?MSG_WriteAngle@@YAXPAVsizebuf_t@@M@Z 00431d00 f   msg.obj
 0001:00030d2b       ?MSG_WriteAngle16@@YAXPAVsizebuf_t@@M@Z 00431d2b f   msg.obj
 0001:00030d56       ?MSG_WriteDir@@YAXPAVsizebuf_t@@ABUCVec3@@@Z 00431d56 f   msg.obj
 0001:00030dbe       ?MSG_ReadDir@@YAXPAVsizebuf_t@@AAUCVec3@@@Z 00431dbe f   msg.obj
 0001:00030df1       ?MSG_ReadChar@@YAHPAVsizebuf_t@@@Z 00431df1 f   msg.obj
 0001:00030e14       ?MSG_ReadByte@@YAHPAVsizebuf_t@@@Z 00431e14 f   msg.obj
 0001:00030e37       ?MSG_ReadShort@@YAHPAVsizebuf_t@@@Z 00431e37 f   msg.obj
 0001:00030e5a       ?MSG_ReadLong@@YAHPAVsizebuf_t@@@Z 00431e5a f   msg.obj
 0001:00030e7c       ?MSG_ReadString@@YAPADPAVsizebuf_t@@@Z 00431e7c f   msg.obj
 0001:00030eb2       ?MSG_ReadPos@@YAXPAVsizebuf_t@@AAUCVec3@@@Z 00431eb2 f   msg.obj
 0001:00030f04       ?MSG_ReadAngle@@YAMPAVsizebuf_t@@@Z 00431f04 f   msg.obj
 0001:00030f1e       ?MSG_ReadAngle16@@YAMPAVsizebuf_t@@@Z 00431f1e f   msg.obj
 0001:00030f38       ?MSG_ReadData@@YAXPAVsizebuf_t@@PAXH@Z 00431f38 f   msg.obj
 0001:00030f5b       ?Netchan_Init@@YAXXZ       00431f5b f   net_chan.obj
 0001:00030fca       ?Netchan_OutOfBandPrint@@YAXW4netsrc_t@@Unetadr_t@@PBDZZ 00431fca f   net_chan.obj
 0001:0003104f       ?Setup@netchan_t@@QAEXW4netsrc_t@@Unetadr_t@@H@Z 0043204f f   net_chan.obj
 0001:000310a5       ?NeedReliable@netchan_t@@QAE_NXZ 004320a5 f   net_chan.obj
 0001:000310ca       ?Transmit@netchan_t@@QAEXPAXH@Z 004320ca f   net_chan.obj
 0001:00031260       ?Process@netchan_t@@QAE_NPAVsizebuf_t@@@Z 00432260 f   net_chan.obj
 0001:0003138d       ?Pmove@@YAXPAUpmove_t@@@Z  0043238d f   pmove.obj
 0001:00032fee       ?NormalizeColor@@YAMABUCVec3@@AAU1@@Z 00433fee f   q_shared2.obj
 0001:0003304c       ?NormalizeColor255@@YAMABUCVec3@@AAU1@@Z 0043404c f   q_shared2.obj
 0001:000330ae       ?appRsqrt@@YAMM@Z          004340ae f   q_shared2.obj
 0001:000330da       ?AngleVectors@@YAXABUCVec3@@PAU1@11@Z 004340da f   q_shared2.obj
 0001:0003323b       ?MakeNormalVectors@@YAXABUCVec3@@AAU1@1@Z 0043423b f   q_shared2.obj
 0001:000332aa       ?Vec2Angles@@YAXABUCVec3@@AAU1@@Z 004342aa f   q_shared2.obj
 0001:000333ad       ?Vec2Yaw@@YAMABUCVec3@@@Z  004343ad f   q_shared2.obj
 0001:00033420       ?VectorLength@@YAMABUCVec3@@@Z 00434420 f   q_shared2.obj
 0001:00033452       ?VectorDistance@@YAMABUCVec3@@0@Z 00434452 f   q_shared2.obj
 0001:00033483       ?LerpAngle@@YAMMMM@Z       00434483 f   q_shared2.obj
 0001:000334c7       ?AngleMod@@YAMM@Z          004344c7 f   q_shared2.obj
 0001:000334f3       ?AngleSubtract@@YAMMM@Z    004344f3 f   q_shared2.obj
 0001:0003352c       ?AnglesSubtract@@YAXABUCVec3@@0AAU1@@Z 0043452c f   q_shared2.obj
 0001:00033585       ?Normalize@CVec3@@QAEMXZ   00434585 f   q_shared2.obj
 0001:000335d7       ?VectorNormalize@@YAMABUCVec3@@AAU1@@Z 004345d7 f   q_shared2.obj
 0001:00033641       ?NormalizeFast@CVec3@@QAEMXZ 00434641 f   q_shared2.obj
 0001:00033692       ?cross@@YAXABUCVec3@@0AAU1@@Z 00434692 f   q_shared2.obj
 0001:000336ce       ?Clear@CBox@@QAEXXZ        004346ce f   q_shared2.obj
 0001:000336ec       ?Expand@CBox@@QAEXABUCVec3@@@Z 004346ec f   q_shared2.obj
 0001:0003371e       ?Expand@CBox@@QAEXABU1@@Z  0043471e f   q_shared2.obj
 0001:0003375d       ?GetCenter@CBox@@QBEXAAUCVec3@@@Z 0043475d f   q_shared2.obj
 0001:00033780       ?Contains@CBox@@QBE_NABUCVec3@@@Z 00434780 f   q_shared2.obj
 0001:000337b4       ?Intersects@CBox@@QBE_NABU1@@Z 004347b4 f   q_shared2.obj
 0001:000337f3       ?OnPlaneSide@CBox@@QBEHABUcplane_t@@@Z 004347f3 f   q_shared2.obj
 0001:00033922       ?FromAngles@CAxis@@QAEXABUCVec3@@@Z 00434922 f   q_shared2.obj
 0001:00033961       ?TransformVector@CAxis@@QBEXABUCVec3@@AAU2@@Z 00434961 f   q_shared2.obj
 0001:000339b4       ?UnTransformVector@CAxis@@QBEXABUCVec3@@AAU2@@Z 004349b4 f   q_shared2.obj
 0001:00033a18       ?TransformAxis@CAxis@@QBEXABU1@AAU1@@Z 00434a18 f   q_shared2.obj
 0001:00033a5e       ?UnTransformAxis@CAxis@@QBEXABU1@AAU1@@Z 00434a5e f   q_shared2.obj
 0001:00033aa4       ?TransformPoint@CCoords@@QBEXABUCVec3@@AAU2@@Z 00434aa4 f   q_shared2.obj
 0001:00033b04       ?UnTransformPoint@CCoords@@QBEXABUCVec3@@AAU2@@Z 00434b04 f   q_shared2.obj
 0001:00033b71       ?UnTransformCoords@CCoords@@QBEXABU1@AAU1@@Z 00434b71 f   q_shared2.obj
 0001:00033b9d       ?TransformPlane@CCoords@@QBEXABUcplane_t@@AAU2@@Z 00434b9d f   q_shared2.obj
 0001:00033bd7       ?TransformPoint@@YAXABUCVec3@@ABUCAxis@@0AAU1@@Z 00434bd7 f   q_shared2.obj
 0001:00033c3a       ?UnTransformPoint@@YAXABUCVec3@@ABUCAxis@@0AAU1@@Z 00434c3a f   q_shared2.obj
 0001:00033caa       ?COM_Parse@@YAPADAAPBD_N@Z 00434caa f   q_shared2.obj
 0001:00033dcc       ?COM_QuoteString@@YAPBDPBD_N@Z 00434dcc f   q_shared2.obj
 0001:00033e45       ?FileExists@CQuakeFileSystem@@UAE_NPBDI@Z 00434e45 f i QuakeFileSystem.obj
 0001:00033eac       ?CheckFilename@CQuakeFileSystem@@AAEXPBD@Z 00434eac f i QuakeFileSystem.obj
 0001:00033f4b       ?OpenFile@CQuakeFileSystem@@UAEPAVCFile@@PBDI@Z 00434f4b f i QuakeFileSystem.obj
 0001:00033fdb       ?List@CQuakeFileSystem@@UAEPAVCFileList@@PBDIPAV2@@Z 00434fdb f i QuakeFileSystem.obj
 0001:0003406d       ??_GCFileSystem@@UAEPAXI@Z 0043506d f i QuakeFileSystem.obj
 0001:0003406d       ??_ECFileSystem@@UAEPAXI@Z 0043506d f i QuakeFileSystem.obj
 0001:0003406d       ??_GCQuakeFileSystem@@UAEPAXI@Z 0043506d f i QuakeFileSystem.obj
 0001:0003406d       ??_ECQuakeFileSystem@@UAEPAXI@Z 0043506d f i QuakeFileSystem.obj
 0001:0003408d       ?FS_Gamedir@@YAPBDXZ       0043508d f   QuakeFileSystem.obj
 0001:00034093       ?FS_NextPath@@YAPBDPBD@Z   00435093 f   QuakeFileSystem.obj
 0001:000340d7       ?FS_CopyFile@@YAXPBD0@Z    004350d7 f   QuakeFileSystem.obj
 0001:000341ad       ?FS_CopyFiles@@YAXPBD0@Z   004351ad f   QuakeFileSystem.obj
 0001:000342c7       ?FS_RemoveFiles@@YAXPBD@Z  004352c7 f   QuakeFileSystem.obj
 0001:00034382       ?InitFileSystem@@YAXXZ     00435382 f   QuakeFileSystem.obj
 0001:000344b6       ?Create@CFileContainerPak@@SAPAVCFileContainer@@PBDPAU_iobuf@@@Z 004354b6 f i QuakeFileSystem.obj
 0001:0003461f       ??0CFileContainerArc@@QAE@XZ 0043561f f i QuakeFileSystem.obj
 0001:00034666       ??_GCFileContainerArc@@UAEPAXI@Z 00435666 f i QuakeFileSystem.obj
 0001:00034666       ??_ECFileContainerArc@@UAEPAXI@Z 00435666 f i QuakeFileSystem.obj
 0001:00034695       ?GetType@CFileContainerPak@@MAEPBDXZ 00435695 f i QuakeFileSystem.obj
 0001:0003469b       ?OpenLocalFile@CFileContainerPak@@MAEPAVCFile@@ABVCStringItem@@@Z 0043569b f i QuakeFileSystem.obj
 0001:000346eb       ?Read@CFilePak@CFileContainerPak@@UAEHPAXH@Z 004356eb f i QuakeFileSystem.obj
 0001:00034725       ?GetSize@CFilePak@CFileContainerPak@@UAEHXZ 00435725 f i QuakeFileSystem.obj
 0001:0003472c       ?Eof@CFilePak@CFileContainerPak@@UAE_NXZ 0043572c f i QuakeFileSystem.obj
 0001:00034739       ??_ECFilePak@CFileContainerPak@@UAEPAXI@Z 00435739 f i QuakeFileSystem.obj
 0001:00034739       ??_GCFilePak@CFileContainerPak@@UAEPAXI@Z 00435739 f i QuakeFileSystem.obj
 0001:0003476e       ??_ECFileContainerPak@@UAEPAXI@Z 0043576e f i QuakeFileSystem.obj
 0001:0003476e       ??_GCFileContainerPak@@UAEPAXI@Z 0043576e f i QuakeFileSystem.obj
 0001:0003479d       ?Create@CFileContainerZip@@SAPAVCFileContainer@@PBDPAU_iobuf@@@Z 0043579d f i QuakeFileSystem.obj
 0001:00034a9c       ?GetType@CFileContainerZip@@MAEPBDXZ 00435a9c f i QuakeFileSystem.obj
 0001:00034aa2       ?OpenLocalFile@CFileContainerZip@@MAEPAVCFile@@ABVCStringItem@@@Z 00435aa2 f i QuakeFileSystem.obj
 0001:00034b3e       ??0CFilePak@CFileContainerZip@@QAE@ABVCFileInfo@1@PAU_iobuf@@@Z 00435b3e f i QuakeFileSystem.obj
 0001:00034b90       ?Read@CFilePak@CFileContainerZip@@UAEHPAXH@Z 00435b90 f i QuakeFileSystem.obj
 0001:00034cd9       ?GetSize@CFilePak@CFileContainerZip@@UAEHXZ 00435cd9 f i QuakeFileSystem.obj
 0001:00034ce3       ?Eof@CFilePak@CFileContainerZip@@UAE_NXZ 00435ce3 f i QuakeFileSystem.obj
 0001:00034cf6       ??_ECFilePak@CFileContainerZip@@UAEPAXI@Z 00435cf6 f i QuakeFileSystem.obj
 0001:00034cf6       ??_GCFilePak@CFileContainerZip@@UAEPAXI@Z 00435cf6 f i QuakeFileSystem.obj
 0001:00034d15       ??1CFilePak@CFileContainerZip@@UAE@XZ 00435d15 f i QuakeFileSystem.obj
 0001:00034d84       ??_ECFileContainerZip@@UAEPAXI@Z 00435d84 f i QuakeFileSystem.obj
 0001:00034d84       ??_GCFileContainerZip@@UAEPAXI@Z 00435d84 f i QuakeFileSystem.obj
 0001:00034db3       ?Mount@CZResource@@SAPAVCFileContainer@@PBDPBE0PAVCFileSystem@@@Z 00435db3 f i QuakeFileSystem.obj
 0001:00034f5f       ?GetType@CZResource@@MAEPBDXZ 00435f5f f i QuakeFileSystem.obj
 0001:00034f65       ?OpenLocalFile@CZResource@@MAEPAVCFile@@ABVCStringItem@@@Z 00435f65 f i QuakeFileSystem.obj
 0001:00034f96       ??0CFileRes@CZResource@@QAE@ABVCFileInfo@1@PBXH@Z 00435f96 f i QuakeFileSystem.obj
 0001:00035049       ?Read@CFileRes@CZResource@@UAEHPAXH@Z 00436049 f i QuakeFileSystem.obj
 0001:0003509c       ?GetSize@CFileRes@CZResource@@UAEHXZ 0043609c f i QuakeFileSystem.obj
 0001:000350a3       ?Eof@CFileRes@CZResource@@UAE_NXZ 004360a3 f i QuakeFileSystem.obj
 0001:000350b0       ??_ECFileRes@CZResource@@UAEPAXI@Z 004360b0 f i QuakeFileSystem.obj
 0001:000350b0       ??_GCFileRes@CZResource@@UAEPAXI@Z 004360b0 f i QuakeFileSystem.obj
 0001:000350e2       ??_GCZResource@@UAEPAXI@Z  004360e2 f i QuakeFileSystem.obj
 0001:000350e2       ??_ECZResource@@UAEPAXI@Z  004360e2 f i QuakeFileSystem.obj
 0001:00035111       ?MountGame@CQuakeFileSystem@@QAEXPBD@Z 00436111 f i QuakeFileSystem.obj
 0001:0003515c       ?SetGameDir@CQuakeFileSystem@@QAE_NPBD@Z 0043615c f i QuakeFileSystem.obj
 0001:0003535e       ?FS_Tick@@YAXXZ            0043635e f   QuakeFileSystem.obj
 0001:000354ab       ??0CBrush@@QAE@ABUCBox@@@Z 004364ab f   MapBrush.obj
 0001:00035604       ?Split@CBrush@@QAEPAU1@PAUcplane_t@@@Z 00436604 f   MapBrush.obj
 0001:00036056       ?GetVec@CAllocVertexPool@@QAEPAUCVec3@@ABU2@@Z 00437056 f i MapBrush.obj
 0001:000360ea       ?GetBounds@CBrush@@QAEXAAUCBox@@@Z 004370ea f   MapBrush.obj
 0001:0003616c       ?AddBevels@CBrush@@QAEXP6APAUcplane_t@@ABUCVec3@@M@Z@Z 0043716c f   MapBrush.obj
 0001:00036460       ?Negate@CVec3@@QAEXXZ      00437460 f i MapBrush.obj
 0001:0003646e       ?CDAudio_Play@@YAXH_N@Z    0043746e f   cd_win.obj
 0001:00036661       ?CDAudio_Stop@@YAXXZ       00437661 f   cd_win.obj
 0001:00036722       ?CDAudio_Update@@YAXXZ     00437722 f   cd_win.obj
 0001:000367c5       ?CDAudio_Init@@YA_NXZ      004377c5 f   cd_win.obj
 0001:00036be6       ?CDAudio_Shutdown@@YAXXZ   00437be6 f   cd_win.obj
 0001:00036c09       ?CDAudio_Activate@@YAX_N@Z 00437c09 f   cd_win.obj
 0001:00036c20       ?IN_Init@@YAXXZ            00437c20 f   in_win.obj
 0001:00036ead       ?IN_Shutdown@@YAXXZ        00437ead f   in_win.obj
 0001:0003710e       ?IN_Activate@@YAX_N@Z      0043810e f   in_win.obj
 0001:0003711b       ?IN_Frame@@YAXXZ           0043811b f   in_win.obj
 0001:0003747d       ?IN_Move@@YAXPAUusercmd_t@@@Z 0043847d f   in_win.obj
 0001:00037928       ?NET_CompareAdr@@YA_NPAUnetadr_t@@0@Z 00438928 f   net_wins.obj
 0001:00037963       ?NET_CompareBaseAdr@@YA_NPAUnetadr_t@@0@Z 00438963 f   net_wins.obj
 0001:00037990       ?NET_AdrToString@@YAPBDPAUnetadr_t@@@Z 00438990 f   net_wins.obj
 0001:000379d6       ?NET_StringToAdr@@YA_NPBDPAUnetadr_t@@F@Z 004389d6 f   net_wins.obj
 0001:00037aec       ?NET_IsLocalAddress@@YA_NPAUnetadr_t@@@Z 00438aec f   net_wins.obj
 0001:00037afb       ?NET_GetPacket@@YA_NW4netsrc_t@@PAUnetadr_t@@PAVsizebuf_t@@@Z 00438afb f   net_wins.obj
 0001:00037c7a       ?NET_SendPacket@@YAXW4netsrc_t@@HPAXUnetadr_t@@@Z 00438c7a f   net_wins.obj
 0001:00037d98       ?NET_Config@@YAX_N@Z       00438d98 f   net_wins.obj
 0001:00037f73       ?NET_Init@@YAXXZ           00438f73 f   net_wins.obj
 0001:00038026       ?SNDDMA_Init@@YA_NXZ       00439026 f   snd_win.obj
 0001:00038671       ?SNDDMA_GetDMAPos@@YAHXZ   00439671 f   snd_win.obj
 0001:000386bb       ?SNDDMA_BeginPainting@@YAXXZ 004396bb f   snd_win.obj
 0001:000387da       ?SNDDMA_Submit@@YAXXZ      004397da f   snd_win.obj
 0001:000387ff       ?SNDDMA_Shutdown@@YAXXZ    004397ff f   snd_win.obj
 0001:00038804       ?S_Activate@@YAX_N@Z       00439804 f   snd_win.obj
 0001:00038857       ?Write@COutputDeviceWin32Console@@UAEXPBD@Z 00439857 f i sys_win.obj
 0001:000388cf       ?EraseInput@COutputDeviceWin32Console@@QAEXXZ 004398cf f i sys_win.obj
 0001:00038955       ??_ECOutputDeviceWin32Console@@UAEPAXI@Z 00439955 f i sys_win.obj
 0001:00038955       ??_GCOutputDeviceWin32Console@@UAEPAXI@Z 00439955 f i sys_win.obj
 0001:00038975       ?Sys_ConsoleInput@@YAPADXZ 00439975 f   sys_win.obj
 0001:00038bfe       ?Sys_ProcessMessages@@YAXXZ 00439bfe f   sys_win.obj
 0001:00038cb7       _WinMain@16                00439cb7 f   sys_win.obj
 0001:00038fb4       ??_ECOutputDeviceCon@@UAEPAXI@Z 00439fb4 f i sys_win.obj
 0001:00038fb4       ??_GCOutputDeviceCon@@UAEPAXI@Z 00439fb4 f i sys_win.obj
 0001:0003905c       ?Init@COutputDeviceWin32Console@@QAEXXZ 0043a05c f i sys_win.obj
 0001:00039086       ?AddMsgHook@@YAXP6A_NIIJ@Z@Z 0043a086 f   vid_dll.obj
 0001:000390cd       ?RemoveMsgHook@@YAXP6A_NIIJ@Z@Z 0043a0cd f   vid_dll.obj
 0001:00039100       ?Vid_CreateWindow@@YAPAXHH_N@Z 0043a100 f   vid_dll.obj
 0001:00039822       ?Vid_DestroyWindow@@YAX_N@Z 0043a822 f   vid_dll.obj
 0001:00039861       ?Vid_Restart@@YAXXZ        0043a861 f   vid_dll.obj
 0001:0003986d       ?Vid_GetModeInfo@@YA_NPAH0H@Z 0043a86d f   vid_dll.obj
 0001:0003989f       ?Vid_Tick@@YAXXZ           0043a89f f   vid_dll.obj
 0001:00039a50       ?Vid_Init@@YAXXZ           0043aa50 f   vid_dll.obj
 0001:00039af3       ?Vid_Shutdown@@YAXXZ       0043aaf3 f   vid_dll.obj
 0001:00039b12       ?Tesselate@surfacePlanar_t@OpenGLDrv@@UAEXAAUrefEntity_t@2@@Z 0043ab12 f   gl_backend.obj
 0001:0003c398       ?Tesselate@surfacePoly_t@OpenGLDrv@@UAEXAAUrefEntity_t@2@@Z 0043d398 f   gl_backend.obj
 0001:0003c49f       ?Tesselate@surfaceMd3_t@OpenGLDrv@@UAEXAAUrefEntity_t@2@@Z 0043d49f f   gl_backend.obj
 0001:0003c82e       ?DrawTriangles@OpenGLDrv@@YA_NXZ 0043d82e f   gl_backend.obj
 0001:0003c943       ?DrawNormals@OpenGLDrv@@YA_NXZ 0043d943 f   gl_backend.obj
 0001:0003ca4d       ?DrawBrush@OpenGLDrv@@YAXPBUCBrush@@PBDH@Z 0043da4d f   gl_backend.obj
 0001:0003cab0       ?Tesselate@surfaceEntity_t@OpenGLDrv@@UAEXAAUrefEntity_t@2@@Z 0043dab0 f   gl_backend.obj
 0001:0003cb94       ?Tesselate@surfaceParticle_t@OpenGLDrv@@UAEXAAUrefEntity_t@2@@Z 0043db94 f   gl_backend.obj
 0001:0003cde4       ?BK_DrawScene@OpenGLDrv@@YAXXZ 0043dde4 f   gl_backend.obj
 0001:0003d5dd       ?BK_DrawPic@OpenGLDrv@@YAXPAVshader_t@1@HHHHMMMMIE@Z 0043e5dd f   gl_backend.obj
 0001:0003d7be       ?BK_DrawText@OpenGLDrv@@YAXPBDHHHHHI@Z 0043e7be f   gl_backend.obj
 0001:0003d9b3       ?BK_BeginFrame@OpenGLDrv@@YAXXZ 0043e9b3 f   gl_backend.obj
 0001:0003da17       ?BK_EndFrame@OpenGLDrv@@YAXXZ 0043ea17 f   gl_backend.obj
 0001:0003da56       ?BK_Init@OpenGLDrv@@YAXXZ  0043ea56 f   gl_backend.obj
 0001:0003da85       ?BK_Shutdown@OpenGLDrv@@YAXXZ 0043ea85 f   gl_backend.obj
 0001:0003da9d       ?AllocDynamicMemory@OpenGLDrv@@YAPAXH@Z 0043ea9d f   gl_buffers.obj
 0001:0003db0b       ?ResizeDynamicMemory@OpenGLDrv@@YAXPAXH@Z 0043eb0b f   gl_buffers.obj
 0001:0003db4f       ?AddSurfaceToPortal@OpenGLDrv@@YAXPAVsurfaceBase_t@1@PAVshader_t@1@HH@Z 0043eb4f f   gl_buffers.obj
 0001:0003dbc0       ?InsertShaderIndex@OpenGLDrv@@YAXH@Z 0043ebc0 f   gl_buffers.obj
 0001:0003dbfc       ?ClearPortal@OpenGLDrv@@YAXXZ 0043ebfc f   gl_buffers.obj
 0001:0003dc1a       ?SortSurfaces@OpenGLDrv@@YAXPAUviewPortal_t@1@PAPAUsurfaceInfo_t@1@@Z 0043ec1a f   gl_buffers.obj
 0001:0003ddac       ?ClearBuffers@OpenGLDrv@@YAXXZ 0043edac f   gl_buffers.obj
 0001:0003ddc3       ?CreateBuffers@OpenGLDrv@@YAXXZ 0043edc3 f   gl_buffers.obj
 0001:0003dde9       ?FreeBuffers@OpenGLDrv@@YAXXZ 0043ede9 f   gl_buffers.obj
 0001:0003de0d       ?InitEntity@model_t@OpenGLDrv@@UAE_NPAUentity_t@@PAUrefEntity_t@2@@Z 0043ee0d f   gl_frontend.obj
 0001:0003de12       ?AddSurfaces@model_t@OpenGLDrv@@UAEXPAUrefEntity_t@2@@Z 0043ee12 f   gl_frontend.obj
 0001:0003de43       ?GetLeaf@model_t@OpenGLDrv@@UAEPAUnode_t@2@PAUrefEntity_t@2@@Z 0043ee43 f   gl_frontend.obj
 0001:0003de57       ?DrawLabel@model_t@OpenGLDrv@@UAEXPAUrefEntity_t@2@@Z 0043ee57 f   gl_frontend.obj
 0001:0003de5a       ?InitEntity@inlineModel_t@OpenGLDrv@@UAE_NPAUentity_t@@PAUrefEntity_t@2@@Z 0043ee5a f   gl_frontend.obj
 0001:0003dec7       ?AddSurfaces@inlineModel_t@OpenGLDrv@@UAEXPAUrefEntity_t@2@@Z 0043eec7 f   gl_frontend.obj
 0001:0003e3d0       ?GetLeaf@inlineModel_t@OpenGLDrv@@UAEPAUnode_t@2@PAUrefEntity_t@2@@Z 0043f3d0 f   gl_frontend.obj
 0001:0003e578       ?DrawLabel@inlineModel_t@OpenGLDrv@@UAEXPAUrefEntity_t@2@@Z 0043f578 f   gl_frontend.obj
 0001:0003e5c1       ?InitEntity@md3Model_t@OpenGLDrv@@UAE_NPAUentity_t@@PAUrefEntity_t@2@@Z 0043f5c1 f   gl_frontend.obj
 0001:0003e79f       ?AddSurfaces@md3Model_t@OpenGLDrv@@UAEXPAUrefEntity_t@2@@Z 0043f79f f   gl_frontend.obj
 0001:0003e8d9       ?GetLeaf@md3Model_t@OpenGLDrv@@UAEPAUnode_t@2@PAUrefEntity_t@2@@Z 0043f8d9 f   gl_frontend.obj
 0001:0003e914       ?DrawLabel@md3Model_t@OpenGLDrv@@UAEXPAUrefEntity_t@2@@Z 0043f914 f   gl_frontend.obj
 0001:0003e97d       ?InitEntity@sprModel_t@OpenGLDrv@@UAE_NPAUentity_t@@PAUrefEntity_t@2@@Z 0043f97d f   gl_frontend.obj
 0001:0003e9a0       ?AddSurfaces@sprModel_t@OpenGLDrv@@UAEXPAUrefEntity_t@2@@Z 0043f9a0 f   gl_frontend.obj
 0001:0003eb23       ?GetLeaf@sprModel_t@OpenGLDrv@@UAEPAUnode_t@2@PAUrefEntity_t@2@@Z 0043fb23 f   gl_frontend.obj
 0001:0003ec07       ?AddEntity@OpenGLDrv@@YAXPAUentity_t@@@Z 0043fc07 f   gl_frontend.obj
 0001:0003edc0       ?AddDlight@OpenGLDrv@@YAXPAUdlight_t@@@Z 0043fdc0 f   gl_frontend.obj
 0001:0003ef78       ?DrawPortal@OpenGLDrv@@YAXXZ 0043ff78 f   gl_frontend.obj
 0001:00040ffd       ?GL_TextureMode@OpenGLDrv@@YAXPBD@Z 00441ffd f   gl_image.obj
 0001:000410a8       ?CreateImage@OpenGLDrv@@YAPAVimage_t@1@PBDPAXHHI@Z 004420a8 f   gl_image.obj
 0001:00041e4c       ?CreateImage8@OpenGLDrv@@YAPAVimage_t@1@PBDPAXHHIPAI@Z 00442e4c f   gl_image.obj
 0001:00041f2b       ?LoadDelayedImages@OpenGLDrv@@YAXXZ 00442f2b f   gl_image.obj
 0001:00041fbe       ?DrawStretchRaw8@OpenGLDrv@@YAXHHHHHHPAEPAI@Z 00442fbe f   gl_image.obj
 0001:000422f1       ?SetupGamma@OpenGLDrv@@YAXXZ 004432f1 f   gl_image.obj
 0001:00042437       ?PerformScreenshot@OpenGLDrv@@YAXXZ 00443437 f   gl_image.obj
 0001:000426a8       ?InitImages@OpenGLDrv@@YAXXZ 004436a8 f   gl_image.obj
 0001:00042e81       ?ShutdownImages@OpenGLDrv@@YAXXZ 00443e81 f   gl_image.obj
 0001:00042ee8       ?ShowImages@OpenGLDrv@@YAXXZ 00443ee8 f   gl_image.obj
 0001:00043174       ?FindImage@OpenGLDrv@@YAPAVimage_t@1@PBDI@Z 00444174 f   gl_image.obj
 0001:000434e1       ?GL_Lock@OpenGLDrv@@YAXXZ  004444e1 f   gl_interface.obj
 0001:00043559       ?GL_Unlock@OpenGLDrv@@YAXXZ 00444559 f   gl_interface.obj
 0001:0004371b       ?GL_Bind@OpenGLDrv@@YAXPBVimage_t@1@@Z 0044471b f   gl_interface.obj
 0001:000438b0       ?GL_BindForce@OpenGLDrv@@YAXPBVimage_t@1@@Z 004448b0 f   gl_interface.obj
 0001:00043948       ?GL_TexEnv@OpenGLDrv@@YAXI@Z 00444948 f   gl_interface.obj
 0001:00043ac7       ?GL_TexMipBias@OpenGLDrv@@YAXM@Z 00444ac7 f   gl_interface.obj
 0001:00043b23       ?GL_TexEnvColor@OpenGLDrv@@YAXPBTcolor_t@@@Z 00444b23 f   gl_interface.obj
 0001:00043bd3       ?GL_SelectTexture@OpenGLDrv@@YAXH@Z 00444bd3 f   gl_interface.obj
 0001:00043c36       ?GL_TexCoordPointer@OpenGLDrv@@YAXPAX@Z 00444c36 f   gl_interface.obj
 0001:00043c69       ?GL_SetMultitexture@OpenGLDrv@@YAXH@Z 00444c69 f   gl_interface.obj
 0001:00043d5a       ?GL_DisableTexCoordArrays@OpenGLDrv@@YAXXZ 00444d5a f   gl_interface.obj
 0001:00043dae       ?GL_CullFace@OpenGLDrv@@YAXW4gl_cullMode_t@1@@Z 00444dae f   gl_interface.obj
 0001:00043e02       ?GL_DepthRange@OpenGLDrv@@YAXW4gl_depthMode_t@1@@Z 00444e02 f   gl_interface.obj
 0001:00043e38       ?GL_State@OpenGLDrv@@YAXI@Z 00444e38 f   gl_interface.obj
 0001:00043f88       ?GL_EnableFog@OpenGLDrv@@YAX_N@Z 00444f88 f   gl_interface.obj
 0001:00044062       ?GL_SetDefaultState@OpenGLDrv@@YAXXZ 00445062 f   gl_interface.obj
 0001:000441b9       ?GL_Set2DMode@OpenGLDrv@@YAXXZ 004451b9 f   gl_interface.obj
 0001:000442b4       ?GL_Set3DMode@OpenGLDrv@@YAXPAUviewPortal_t@1@@Z 004452b4 f   gl_interface.obj
 0001:0004439f       ?Show@CPointLight@OpenGLDrv@@UBEXXZ 0044539f f   gl_light.obj
 0001:000445a9       ?Show@CSurfLight@OpenGLDrv@@UBEXXZ 004455a9 f   gl_light.obj
 0001:00044703       ?ShowLights@OpenGLDrv@@YAXXZ 00445703 f   gl_light.obj
 0001:00044772       ?Init@CPointLight@OpenGLDrv@@UAEXXZ 00445772 f   gl_light.obj
 0001:00044787       ?Init@CLightLinear@OpenGLDrv@@EAEXXZ 00445787 f   gl_light.obj
 0001:000447bb       ?GetScale@CLightLinear@OpenGLDrv@@EBEMM@Z 004457bb f   gl_light.obj
 0001:000447cb       ?Init@CLightInv@OpenGLDrv@@EAEXXZ 004457cb f   gl_light.obj
 0001:000447e7       ?GetScale@CLightInv@OpenGLDrv@@EBEMM@Z 004457e7 f   gl_light.obj
 0001:00044803       ?Init@CLightInv2@OpenGLDrv@@EAEXXZ 00445803 f   gl_light.obj
 0001:0004486d       ?GetScale@CLightInv2@OpenGLDrv@@EBEMM@Z 0044586d f   gl_light.obj
 0001:0004488f       ?Init@CLightNofade@OpenGLDrv@@EAEXXZ 0044588f f   gl_light.obj
 0001:000448a0       ?GetScale@CLightNofade@OpenGLDrv@@EBEMM@Z 004458a0 f   gl_light.obj
 0001:000448a6       ?Add@CPointLight@OpenGLDrv@@UBEXABUCVec3@@ABUCAxis@@@Z 004458a6 f   gl_light.obj
 0001:00044cf2       ?Init@CSurfLight@OpenGLDrv@@UAEXXZ 00445cf2 f   gl_light.obj
 0001:00044dcb       ?Add@CSurfLight@OpenGLDrv@@UBEXABUCVec3@@ABUCAxis@@@Z 00445dcb f   gl_light.obj
 0001:000451de       ?LightForEntity@OpenGLDrv@@YAXPAUrefEntity_t@1@@Z 004461de f   gl_light.obj
 0001:00045b87       ?DiffuseLight@OpenGLDrv@@YAXPATcolor_t@@M@Z 00446b87 f   gl_light.obj
 0001:00045dd3       ?InitLightGrid@OpenGLDrv@@YAXXZ 00446dd3 f   gl_light.obj
 0001:00045e79       ?PostLoadLights@OpenGLDrv@@YAXXZ 00446e79 f   gl_light.obj
 0001:00045f33       ?LM_Init@OpenGLDrv@@YAXXZ  00446f33 f   gl_lightmap.obj
 0001:00045f49       ?LM_Flush@OpenGLDrv@@YAXPAUlightmapBlock_t@1@@Z 00446f49 f   gl_lightmap.obj
 0001:00045fa9       ?LM_Done@OpenGLDrv@@YAXXZ  00446fa9 f   gl_lightmap.obj
 0001:00045fd0       ?LM_Save@OpenGLDrv@@YAXPAUlightmapBlock_t@1@@Z 00446fd0 f   gl_lightmap.obj
 0001:00045feb       ?LM_Restore@OpenGLDrv@@YAXPAUlightmapBlock_t@1@@Z 00446feb f   gl_lightmap.obj
 0001:00046006       ?LM_NewBlock@OpenGLDrv@@YAPAUlightmapBlock_t@1@XZ 00447006 f   gl_lightmap.obj
 0001:00046065       ?LM_Rewind@OpenGLDrv@@YAXXZ 00447065 f   gl_lightmap.obj
 0001:0004606d       ?LM_NextBlock@OpenGLDrv@@YAPAUlightmapBlock_t@1@XZ 0044706d f   gl_lightmap.obj
 0001:0004609a       ?LM_CheckMinlight@OpenGLDrv@@YAXPAUdynamicLightmap_t@1@@Z 0044709a f   gl_lightmap.obj
 0001:00046130       ?LM_AllocBlock@OpenGLDrv@@YA_NPAUlightmapBlock_t@1@PAUdynamicLightmap_t@1@@Z 00447130 f   gl_lightmap.obj
 0001:00046256       ?LM_PutBlock@OpenGLDrv@@YAXPAUdynamicLightmap_t@1@@Z 00447256 f   gl_lightmap.obj
 0001:000466ca       ?LM_PutBlock1@OpenGLDrv@@YAXPAUdynamicLightmap_t@1@@Z 004476ca f   gl_lightmap.obj
 0001:0004681b       ?LM_SortLightStyles@OpenGLDrv@@YAXPAUdynamicLightmap_t@1@@Z 0044781b f   gl_lightmap.obj
 0001:000468ad       ?UpdateDynamicLightmap@OpenGLDrv@@YAXPAVsurfacePlanar_t@1@_NI@Z 004478ad f   gl_lightmap.obj
 0001:000470f3       ?LM_IsMonotone@OpenGLDrv@@YA_NPAUdynamicLightmap_t@1@PATcolor_t@@@Z 004480f3 f   gl_lightmap.obj
 0001:000471fa       ?Init@OpenGLDrv@@YA_NXZ    004481fa f   gl_main.obj
 0001:000478ed       ?Shutdown@OpenGLDrv@@YAX_N@Z 004488ed f   gl_main.obj
 0001:00047976       ?GL_EnableRendering@OpenGLDrv@@YAX_N@Z 00448976 f   gl_main.obj
 0001:00047994       ?BeginFrame@OpenGLDrv@@YAXN@Z 00448994 f   gl_main.obj
 0001:00047ac1       ?EndFrame@OpenGLDrv@@YAXXZ 00448ac1 f   gl_main.obj
 0001:00047ad9       ?RenderFrame@OpenGLDrv@@YAXPAUrefdef_t@@@Z 00448ad9 f   gl_main.obj
 0001:0004842d       ?Fill8@OpenGLDrv@@YAXHHHHH@Z 0044942d f   gl_main.obj
 0001:00048470       ?Fill@OpenGLDrv@@YAXHHHHI@Z 00449470 f   gl_main.obj
 0001:000484ac       ?TileClear@OpenGLDrv@@YAXHHHHPBD@Z 004494ac f   gl_main.obj
 0001:0004854d       ?DrawStretchPic@OpenGLDrv@@YAXHHHHPBD@Z 0044954d f   gl_main.obj
 0001:00048592       ?DrawDetailedPic@OpenGLDrv@@YAXHHHHPBD@Z 00449592 f   gl_main.obj
 0001:0004863c       ?DrawPic@OpenGLDrv@@YAXHHPBDHH@Z 0044963c f   gl_main.obj
 0001:000486c4       ?LoadNewWorld@OpenGLDrv@@YAXPBD@Z 004496c4 f   gl_main.obj
 0001:000486f9       ?DumpLoadStats@OpenGLDrv@@YAXXZ 004496f9 f   gl_main.obj
 0001:0004877f       ?FinishLoadingWorld@OpenGLDrv@@YAXXZ 0044977f f   gl_main.obj
 0001:00048784       ?RegisterPic@OpenGLDrv@@YAPAVCBasicImage@@PBD@Z 00449784 f   gl_main.obj
 0001:00048798       ?RegisterSkin@OpenGLDrv@@YAPAVCBasicImage@@PBD_N@Z 00449798 f   gl_main.obj
 0001:000487b8       ?RegisterModel@OpenGLDrv@@YAPAVCRenderModel@@PBD@Z 004497b8 f   gl_main.obj
 0001:000487c6       ?SetSky@OpenGLDrv@@YAXPBDMABUCVec3@@@Z 004497c6 f   gl_main.obj
 0001:000488a0       ?Screenshot@OpenGLDrv@@YAXHPBD@Z 004498a0 f   gl_main.obj
 0001:000488c9       ?GetClientLight@OpenGLDrv@@YAMXZ 004498c9 f   gl_main.obj
 0001:000488d0       ?InitFuncTables@OpenGLDrv@@YAXXZ 004498d0 f   gl_math.obj
 0001:00048a76       ?BuildRotationAxis@OpenGLDrv@@YAXAAUCAxis@@ABUCVec3@@M@Z 00449a76 f   gl_math.obj
 0001:00048b6d       ?GetBoxRect@OpenGLDrv@@YA_NPBUrefEntity_t@1@ABUCVec3@@QAM2_N@Z 00449b6d f   gl_math.obj
 0001:00048e77       ?ProjectToScreen@OpenGLDrv@@YA_NABUCVec3@@QAH@Z 00449e77 f   gl_math.obj
 0001:00048fba       ?SaturateColor3f@OpenGLDrv@@YAXAAUCVec3@@@Z 00449fba f   gl_math.obj
 0001:000490aa       ?SaturateColor4b@OpenGLDrv@@YAXPATcolor_t@@@Z 0044a0aa f   gl_math.obj
 0001:000491b8       ?SubdividePlane@OpenGLDrv@@YAHPAPAUCVec3@@HM@Z 0044a1b8 f   gl_poly.obj
 0001:00049697       ?FreeSubdividedPlane@OpenGLDrv@@YAXXZ 0044a697 f   gl_poly.obj
 0001:000496af       ?GetSubdivideIndexes@OpenGLDrv@@YAXPAH@Z 0044a6af f   gl_poly.obj
 0001:00049705       ?RemoveCollinearPoints@OpenGLDrv@@YAHPAPAUCVec3@@H@Z 0044a705 f   gl_poly.obj
 0001:000497fb       ?GetPolyArea@OpenGLDrv@@YAMPAPAUCVec3@@H@Z 0044a7fb f   gl_poly.obj
 0001:0004988f       ?InitShaders@OpenGLDrv@@YAXXZ 0044a88f f   gl_shader.obj
 0001:00049a2d       ?ShutdownShaders@OpenGLDrv@@YAXXZ 0044aa2d f   gl_shader.obj
 0001:00049a6b       ?GetLightmapImage@OpenGLDrv@@YAPAVimage_t@1@H@Z 0044aa6b f   gl_shader.obj
 0001:00049a96       ?SetShaderLightmap@OpenGLDrv@@YAPAVshader_t@1@PAV21@H@Z 0044aa96 f   gl_shader.obj
 0001:00049db0       ??4shader_t@OpenGLDrv@@QAEAAV01@ABV01@@Z 0044adb0 f i gl_shader.obj
 0001:00049fec       ?SetShaderLightstyles@OpenGLDrv@@YAPAVshader_t@1@PAV21@I_N@Z 0044afec f   gl_shader.obj
 0001:0004a09e       ?GetAlphaShader@OpenGLDrv@@YAPAVshader_t@1@PAV21@@Z 0044b09e f   gl_shader.obj
 0001:0004a48b       ?SetShaderAnimFreq@OpenGLDrv@@YAXPAVshader_t@1@H@Z 0044b48b f   gl_shader.obj
 0001:0004a4e1       ?FindShader@OpenGLDrv@@YAPAVshader_t@1@PBDI@Z 0044b4e1 f   gl_shader.obj
 0001:0004bf46       ?GetShaderByNum@OpenGLDrv@@YAPAVshader_t@1@H@Z 0044cf46 f   gl_shader.obj
 0001:0004bf68       ?ResetShaders@OpenGLDrv@@YAXXZ 0044cf68 f   gl_shader.obj
 0001:0004c15c       ?Reload@shader_t@OpenGLDrv@@UAEXXZ 0044d15c f   gl_shader.obj
 0001:0004c18b       ?Insert@?$TList@VplayerModelInfo_t@@@@QAE_NPAVplayerModelInfo_t@@@Z 0044d18b f i gl_shader.obj
 0001:0004c18b       ?Insert@?$TList@VshaderScript_t@OpenGLDrv@@@@QAE_NPAVshaderScript_t@OpenGLDrv@@@Z 0044d18b f i gl_shader.obj
 0001:0004c18b       ?Insert@?$TList@VCStringItem@@@@QAE_NPAVCStringItem@@@Z 0044d18b f i gl_shader.obj
 0001:0004c1c1       ?ClearSky@OpenGLDrv@@YAXXZ 0044d1c1 f   gl_sky.obj
 0001:0004c21e       ?AddSkySurface@OpenGLDrv@@YAXPAVsurfacePlanar_t@1@E@Z 0044d21e f   gl_sky.obj
 0001:0004c7e6       ?DrawSky@OpenGLDrv@@YAXXZ  0044d7e6 f   gl_sky.obj
 0001:0004ce8a       ?DrawChar@OpenGLDrv@@YAXHHHH@Z 0044de8a f   gl_text.obj
 0001:0004cee4       ?ClearTexts@OpenGLDrv@@YAXXZ 0044dee4 f   gl_text.obj
 0001:0004cef9       ?FlushTexts@OpenGLDrv@@YAXXZ 0044def9 f   gl_text.obj
 0001:0004cfa5       ?DrawTextPos@OpenGLDrv@@YAXHHPBDI@Z 0044dfa5 f   gl_text.obj
 0001:0004cfd1       ?DrawTextLeft@OpenGLDrv@@YAXPBDI@Z 0044dfd1 f   gl_text.obj
 0001:0004d059       ?DrawTextRight@OpenGLDrv@@YAXPBDI@Z 0044e059 f   gl_text.obj
 0001:0004d0a3       ?DrawText3D@OpenGLDrv@@YAXABUCVec3@@PBDI@Z 0044e0a3 f   gl_text.obj
 0001:0004d0d0       ?InitTexts@OpenGLDrv@@YAXXZ 0044e0d0 f   gl_text.obj
 0001:0004d0ea       ??0?$TTextContainer@UCRText@OpenGLDrv@@$0BAAAA@@@QAE@XZ 0044e0ea f i gl_text.obj
 0001:0004d10f       ?FindModel@OpenGLDrv@@YAPAVmodel_t@1@PBD@Z 0044e10f f   gl_model.obj
 0001:0004d2eb       ?FreeModels@OpenGLDrv@@YAXXZ 0044e2eb f   gl_model.obj
 0001:0004d35d       ?InitModels@OpenGLDrv@@YAXXZ 0044e35d f   gl_model.obj
 0001:0004d453       ?ShutdownModels@OpenGLDrv@@YAXXZ 0044e453 f   gl_model.obj
 0001:0004d464       ?LoadWorldMap@OpenGLDrv@@YAXPBD@Z 0044e464 f   gl_bspmodel.obj
 0001:0004d8f8       ?GetName@CLightLinear@OpenGLDrv@@EBEPBDXZ 0044e8f8 f i gl_bspmodel.obj
 0001:0004d8fe       ?GetName@CLightInv@OpenGLDrv@@EBEPBDXZ 0044e8fe f i gl_bspmodel.obj
 0001:0004d904       ?GetName@CLightInv2@OpenGLDrv@@EBEPBDXZ 0044e904 f i gl_bspmodel.obj
 0001:0004d90a       ?GetName@CLightNofade@OpenGLDrv@@EBEPBDXZ 0044e90a f i gl_bspmodel.obj
 0001:0004f881       ?PointInLeaf@OpenGLDrv@@YAPAUnode_t@1@ABUCVec3@@@Z 00450881 f   gl_bspmodel.obj
 0001:0004f8cc       ?LerpTag@model_t@OpenGLDrv@@UBE_NHHMPBDAAUCCoords@@@Z 004508cc f   gl_trimodel.obj
 0001:0004f8da       ?LerpTag@md3Model_t@OpenGLDrv@@UBE_NHHMPBDAAUCCoords@@@Z 004508da f   gl_trimodel.obj
 0001:0004f9ea       ?LoadMd2@OpenGLDrv@@YAPAVmd3Model_t@1@PBDPAEI@Z 004509ea f   gl_trimodel.obj
 0001:0005057f       ?ATAN2_FUNC@OpenGLDrv@@YAMMM@Z 0045157f f i gl_trimodel.obj
 0001:00050735       ?LoadMd3@OpenGLDrv@@YAPAVmd3Model_t@1@PBDPAEI@Z 00451735 f   gl_trimodel.obj
 0001:00050c16       ?LoadSp2@OpenGLDrv@@YAPAVsprModel_t@1@PBDPAEI@Z 00451c16 f   gl_trimodel.obj
 0001:00050e41       ?LoadSpr@OpenGLDrv@@YAPAVsprModel_t@1@PBDPAEI@Z 00451e41 f   gl_trimodel.obj
 0001:000525ba       ?QGL_Init@OpenGLDrv@@YA_NPBD@Z 004535ba f   GLBind.obj
 0001:000526a6       ?QGL_Shutdown@OpenGLDrv@@YAXXZ 004536a6 f   GLBind.obj
 0001:000526e3       ?QGL_InitExtensions@OpenGLDrv@@YAXXZ 004536e3 f   GLBind.obj
 0001:00052bcd       ?QGL_PrintExtensionsString@OpenGLDrv@@YAXPBD00@Z 00453bcd f   GLBind.obj
[...]
 0001:000646d0       _process_restart           004656d0 f   libs:jddiffct.obj
 0001:000626f0       _dummy_consume_data        004636f0 f   libs:jdcoefct.obj
 0001:00064705       _consume_data              00465705 f   libs:jddiffct.obj
 0001:0006477c       _output_data               0046577c f   libs:jddiffct.obj
 0001:00064203       _start_pass                00465203 f   libs:jddctmgr.obj
 0001:00063655       _start_pass_phuff_decoder  00464655 f   libs:jdphuff.obj
 0001:0006389e       _decode_mcu_DC_first       0046489e f   libs:jdphuff.obj
 0001:00063a96       _process_restart           00464a96 f   libs:jdphuff.obj
 0001:00063b05       _decode_mcu_AC_first       00464b05 f   libs:jdphuff.obj
 0001:00063d25       _decode_mcu_DC_refine      00464d25 f   libs:jdphuff.obj
 0001:00063dfa       _decode_mcu_AC_refine      00464dfa f   libs:jdphuff.obj
 0001:0006309c       _start_pass_huff_decoder   0046409c f   libs:jdshuff.obj
 0001:000631d4       _decode_mcu                004641d4 f   libs:jdshuff.obj
 0001:00063584       _process_restart           00464584 f   libs:jdshuff.obj
 0001:00062482       _start_input_pass          00463482 f   libs:jdcoefct.obj
 0001:00062495       _start_iMCU_row            00463495 f   libs:jdcoefct.obj
 0001:000624da       _start_output_pass         004634da f   libs:jdcoefct.obj
 0001:00062517       _decompress_onepass        00463517 f   libs:jdcoefct.obj
 0001:000626f0       _dummy_consume_data        004636f0 f   libs:jdcoefct.obj
 0001:000626f3       _consume_data              004636f3 f   libs:jdcoefct.obj
 0001:000628ac       _decompress_data           004638ac f   libs:jdcoefct.obj
 0001:00062a18       _smoothing_ok              00463a18 f   libs:jdcoefct.obj
 0001:00062b03       _decompress_smooth_data    00463b03 f   libs:jdcoefct.obj
 0001:0006231b       _scaler_start_pass         0046331b f   libs:jcscale.obj
 0001:0006233e       _simple_downscale          0046333e f   libs:jcscale.obj
 0001:0006236a       _noscale                   0046336a f   libs:jcscale.obj
 0001:00061e13       _start_pass                00462e13 f   libs:jcpred.obj
 0001:00061e6b       _reset_predictor           00462e6b f   libs:jcpred.obj
 0001:00061e98       _jpeg_difference_first_row 00462e98 f   libs:jcpred.obj
 0001:00061f82       _jpeg_difference1          00462f82 f   libs:jcpred.obj
 0001:00061ff0       _jpeg_difference2          00462ff0 f   libs:jcpred.obj
 0001:00062061       _jpeg_difference3          00463061 f   libs:jcpred.obj
 0001:000620d9       _jpeg_difference4          004630d9 f   libs:jcpred.obj
 0001:00062164       _jpeg_difference5          00463164 f   libs:jcpred.obj
 0001:000621f7       _jpeg_difference6          004631f7 f   libs:jcpred.obj
 0001:00062286       _jpeg_difference7          00463286 f   libs:jcpred.obj
 0001:00061702       _start_pass_huff           00462702 f   libs:jclhuff.obj
 0001:0006189f       _encode_mcus_huff          0046289f f   libs:jclhuff.obj
 0001:00061a8a       _emit_bits                 00462a8a f   libs:jclhuff.obj
 0001:00061b2d       _dump_buffer               00462b2d f   libs:jclhuff.obj
 0001:00061b51       _emit_restart              00462b51 f   libs:jclhuff.obj
 0001:00061b9c       _flush_bits                00462b9c f   libs:jclhuff.obj
 0001:00061bc0       _finish_pass_huff          00462bc0 f   libs:jclhuff.obj
 0001:00061c2d       _encode_mcus_gather        00462c2d f   libs:jclhuff.obj
 0001:00061d56       _finish_pass_gather        00462d56 f   libs:jclhuff.obj
 0001:00061dec       _need_optimization_pass    00462dec f   libs:jclhuff.obj
 0001:000612e0       _start_pass_diff           004622e0 f   libs:jcdiffct.obj
 0001:0006137e       _start_iMCU_row            0046237e f   libs:jcdiffct.obj
 0001:000613c0       _compress_data             004623c0 f   libs:jcdiffct.obj
 0001:00061556       _compress_first_pass       00462556 f   libs:jcdiffct.obj
 0001:0006164b       _compress_output           0046264b f   libs:jcdiffct.obj
 0001:00060ef3       _start_pass_fdctmgr        00461ef3 f   libs:jcdctmgr.obj
 0001:00060ff5       _forward_DCT_float         00461ff5 f   libs:jcdctmgr.obj
 0001:00060428       _start_pass_phuff          00461428 f   libs:jcphuff.obj
 0001:00060595       _encode_mcu_DC_first       00461595 f   libs:jcphuff.obj
 0001:000606c7       _emit_bits                 004616c7 f   libs:jcphuff.obj
 0001:00060772       _dump_buffer               00461772 f   libs:jcphuff.obj
 0001:000607aa       _emit_symbol               004617aa f   libs:jcphuff.obj
 0001:000607ea       _emit_restart              004617ea f   libs:jcphuff.obj
 0001:00060873       _emit_eobrun               00461873 f   libs:jcphuff.obj
 0001:000608f9       _encode_mcu_AC_first       004618f9 f   libs:jcphuff.obj
 0001:00060a8d       _encode_mcu_DC_refine      00461a8d f   libs:jcphuff.obj
 0001:00060b47       _encode_mcu_AC_refine      00461b47 f   libs:jcphuff.obj
 0001:00060d5e       _finish_pass_phuff         00461d5e f   libs:jcphuff.obj
 0001:00060dad       _finish_pass_gather_phuff  00461dad f   libs:jcphuff.obj
 0001:00060e70       _need_optimization_pass    00461e70 f   libs:jcphuff.obj
 0001:0005fbc3       _start_pass_huff           00460bc3 f   libs:jcshuff.obj
 0001:0005fd38       _encode_mcu_huff           00460d38 f   libs:jcshuff.obj
 0001:0005fe43       _encode_one_block          00460e43 f   libs:jcshuff.obj
 0001:0005ffba       _emit_bits                 00460fba f   libs:jcshuff.obj
 0001:0006005d       _dump_buffer               0046105d f   libs:jcshuff.obj
 0001:00060081       _emit_restart              00461081 f   libs:jcshuff.obj
 0001:000600ee       _flush_bits                004610ee f   libs:jcshuff.obj
 0001:00060112       _finish_pass_huff          00461112 f   libs:jcshuff.obj
 0001:00060181       _encode_mcu_gather         00461181 f   libs:jcshuff.obj
 0001:00060237       _htest_one_block           00461237 f   libs:jcshuff.obj
 0001:000602fe       _finish_pass_gather        004612fe f   libs:jcshuff.obj
 0001:00061dec       _need_optimization_pass    00462dec f   libs:jclhuff.obj
 0001:0005f596       _start_pass_coef           00460596 f   libs:jccoefct.obj
 0001:0006137e       _start_iMCU_row            0046237e f   libs:jcdiffct.obj
 0001:0005f62b       _compress_data             0046062b f   libs:jccoefct.obj
 0001:0005f812       _compress_first_pass       00460812 f   libs:jccoefct.obj
 0001:0005f9f8       _compress_output           004609f8 f   libs:jccoefct.obj
 0001:0005f4ae       _calc_output_dimensions    004604ae f   libs:jdlossls.obj
 0001:0005f4bf       _start_input_pass          004604bf f   libs:jdlossls.obj
 0001:0005f1ed       _calc_output_dimensions    004601ed f   libs:jdlossy.obj
 0001:0005f360       _start_input_pass          00460360 f   libs:jdlossy.obj
 0001:0005f380       _latch_quant_tables        00460380 f   libs:jdlossy.obj
 0001:0005f418       _start_output_pass         00460418 f   libs:jdlossy.obj
 0001:0005f13c       _start_pass                0046013c f   libs:jclossls.obj
 0001:0005f0a8       _start_pass                004600a8 f   libs:jclossy.obj
 0001:0005e5fd       _initial_setup             0045f5fd f   libs:jcmaster.obj
 0001:0005e7b0       _validate_script           0045f7b0 f   libs:jcmaster.obj
 0001:0005eb88       _prepare_for_pass          0045fb88 f   libs:jcmaster.obj
 0001:0005ed00       _select_scan_parameters    0045fd00 f   libs:jcmaster.obj
 0001:0005ee01       _per_scan_setup            0045fe01 f   libs:jcmaster.obj
 0001:0005efac       _pass_startup              0045ffac f   libs:jcmaster.obj
 0001:0005efd3       _finish_pass_master        0045ffd3 f   libs:jcmaster.obj
 0001:0005e0e9       _rgb_ycc_start             0045f0e9 f   libs:jccolor.obj
 0001:0005e1ad       _rgb_ycc_convert           0045f1ad f   libs:jccolor.obj
 0001:0005e2ac       _rgb_gray_convert          0045f2ac f   libs:jccolor.obj
 0001:0005e331       _cmyk_ycck_convert         0045f331 f   libs:jccolor.obj
 0001:0005e469       _grayscale_convert         0045f469 f   libs:jccolor.obj
 0001:0005e4c3       _null_convert              0045f4c3 f   libs:jccolor.obj
 0001:000215a6       _null_method               004225a6 f   sv_game.obj
 0001:000215a6       _start_pass_downsample     004225a6 f   sv_game.obj
 0001:0005d835       _sep_downsample            0045e835 f   libs:jcsample.obj
 0001:0005d8aa       _int_downsample            0045e8aa f   libs:jcsample.obj
 0001:0005d9a2       _expand_right_edge         0045e9a2 f   libs:jcsample.obj
 0001:0005d9f7       _fullsize_downsample       0045e9f7 f   libs:jcsample.obj
 0001:0005da3b       _h2v1_downsample           0045ea3b f   libs:jcsample.obj
 0001:0005dacf       _h2v2_downsample           0045eacf f   libs:jcsample.obj
 0001:0005db7c       _h2v2_smooth_downsample    0045eb7c f   libs:jcsample.obj
 0001:0005ddf4       _fullsize_smooth_downsample 0045edf4 f   libs:jcsample.obj
 0001:0005d231       _start_pass_prep           0045e231 f   libs:jcprepct.obj
 0001:0005d26f       _pre_process_data          0045e26f f   libs:jcprepct.obj
 0001:0005d41d       _pre_process_context       0045e41d f   libs:jcprepct.obj
 0001:0005d5d6       _create_context_buffer     0045e5d6 f   libs:jcprepct.obj
 0001:0005d0a9       _start_pass_main           0045e0a9 f   libs:jcmainct.obj
 0001:0005d0eb       _process_data_simple_main  0045e0eb f   libs:jcmainct.obj
 0001:0005c67f       _create_colormap           0045d67f f   libs:jquant1.obj
 0001:0005c7b1       _select_ncolors            0045d7b1 f   libs:jquant1.obj
 0001:0005c888       _create_colorindex         0045d888 f   libs:jquant1.obj
 0001:0005c9b4       _alloc_fs_workspace        0045d9b4 f   libs:jquant1.obj
 0001:0005c9f0       _start_pass_1_quant        0045d9f0 f   libs:jquant1.obj
 0001:0005cabc       _create_odither_tables     0045dabc f   libs:jquant1.obj
 0001:0005cb1b       _make_odither_array        0045db1b f   libs:jquant1.obj
 0001:0005cb7e       _color_quantize            0045db7e f   libs:jquant1.obj
 0001:0005cc09       _color_quantize3           0045dc09 f   libs:jquant1.obj
 0001:0005cc97       _quantize_ord_dither       0045dc97 f   libs:jquant1.obj
 0001:0005cd82       _quantize3_ord_dither      0045dd82 f   libs:jquant1.obj
 0001:0005ce82       _quantize_fs_dither        0045de82 f   libs:jquant1.obj
 0001:000215a6       _finish_pass_1_quant       004225a6 f   sv_game.obj
 0001:0005d006       _new_color_map_1_quant     0045e006 f   libs:jquant1.obj
 0001:0005b640       _init_error_limit          0045c640 f   libs:jquant2.obj
 0001:0005b6df       _start_pass_2_quant        0045c6df f   libs:jquant2.obj
 0001:0005b7e1       _prescan_quantize          0045c7e1 f   libs:jquant2.obj
 0001:0005b850       _pass2_no_dither           0045c850 f   libs:jquant2.obj
 0001:0005b8fd       _fill_inverse_cmap         0045c8fd f   libs:jquant2.obj
 0001:0005b9c8       _find_nearby_colors        0045c9c8 f   libs:jquant2.obj
 0001:0005bb6c       _find_best_colors          0045cb6c f   libs:jquant2.obj
 0001:0005bc86       _pass2_fs_dither           0045cc86 f   libs:jquant2.obj
 0001:0005bef5       _finish_pass1              0045cef5 f   libs:jquant2.obj
 0001:0005bf17       _select_colors             0045cf17 f   libs:jquant2.obj
 0001:0005bfa3       _update_box                0045cfa3 f   libs:jquant2.obj
 0001:0005c33d       _median_cut                0045d33d f   libs:jquant2.obj
 0001:0005c451       _find_biggest_color_pop    0045d451 f   libs:jquant2.obj
 0001:0005c480       _find_biggest_volume       0045d480 f   libs:jquant2.obj
 0001:0005c4a9       _compute_color             0045d4a9 f   libs:jquant2.obj
 0001:000215a6       _finish_pass2              004225a6 f   sv_game.obj
 0001:0005c5e5       _new_color_map_2_quant     0045d5e5 f   libs:jquant2.obj
 0001:0005b057       _build_ycc_rgb_table       0045c057 f   libs:jdmerge.obj
 0001:0005b107       _start_pass_merged_upsample 0045c107 f   libs:jdmerge.obj
 0001:0005b11c       _merged_2v_upsample        0045c11c f   libs:jdmerge.obj
 0001:0005b1c3       _merged_1v_upsample        0045c1c3 f   libs:jdmerge.obj
 0001:0005b1f4       _h2v1_merged_upsample      0045c1f4 f   libs:jdmerge.obj
 0001:0005b34a       _h2v2_merged_upsample      0045c34a f   libs:jdmerge.obj
 0001:0005abfb       _build_ycc_rgb_table       0045bbfb f   libs:jdcolor.obj
 0001:0005acab       _ycc_rgb_convert           0045bcab f   libs:jdcolor.obj
 0001:0005adb9       _null_convert              0045bdb9 f   libs:jdcolor.obj
 0001:0005ae31       _grayscale_convert         0045be31 f   libs:jdcolor.obj
 0001:0005ae54       _gray_rgb_convert          0045be54 f   libs:jdcolor.obj
 0001:0005aead       _ycck_cmyk_convert         0045bead f   libs:jdcolor.obj
 0001:000215a6       _start_pass_dcolor         004225a6 f   sv_game.obj
 0001:0005a65c       _start_pass_upsample       0045b65c f   libs:jdsample.obj
 0001:0005a676       _sep_upsample              0045b676 f   libs:jdsample.obj
 0001:0005a743       _fullsize_upsample         0045b743 f   libs:jdsample.obj
 0001:0005a74e       _noop_upsample             0045b74e f   libs:jdsample.obj
 0001:0005a756       _int_upsample              0045b756 f   libs:jdsample.obj
 0001:0005a840       _h2v1_upsample             0045b840 f   libs:jdsample.obj
 0001:0005a897       _h2v2_upsample             0045b897 f   libs:jdsample.obj
 0001:0005a909       _h2v1_fancy_upsample       0045b909 f   libs:jdsample.obj
 0001:0005a9ac       _h2v2_fancy_upsample       0045b9ac f   libs:jdsample.obj
 0001:0005a265       _start_pass_dpost          0045b265 f   libs:jdpostct.obj
 0001:0005a30b       _post_process_1pass        0045b30b f   libs:jdpostct.obj
 0001:0005a370       _post_process_prepass      0045b370 f   libs:jdpostct.obj
 0001:0005a401       _post_process_2pass        0045b401 f   libs:jdpostct.obj
 0001:00059c6c       _alloc_funny_pointers      0045ac6c f   libs:jdmainct.obj
 0001:00059d19       _start_pass_main           0045ad19 f   libs:jdmainct.obj
 0001:00059d81       _make_funny_pointers       0045ad81 f   libs:jdmainct.obj
 0001:00059ec1       _process_data_simple_main  0045aec1 f   libs:jdmainct.obj
 0001:00059f29       _process_data_context_main 0045af29 f   libs:jdmainct.obj
 0001:0005a03b       _set_wraparound_pointers   0045b03b f   libs:jdmainct.obj
 0001:0005a125       _set_bottom_pointers       0045b125 f   libs:jdmainct.obj
 0001:0005a1bf       _process_data_crank_post   0045b1bf f   libs:jdmainct.obj
 0001:00058998       _write_marker_header       00459998 f   libs:jcmarker.obj
 0001:000589ee       _emit_byte                 004599ee f   libs:jcmarker.obj
 0001:00058a1f       _write_marker_byte         00459a1f f   libs:jcmarker.obj
 0001:00058a2f       _write_file_header         00459a2f f   libs:jcmarker.obj
 0001:00058a7b       _emit_jfif_app0            00459a7b f   libs:jcmarker.obj
 0001:00058b4e       _emit_adobe_app14          00459b4e f   libs:jcmarker.obj
 0001:00058bf4       _write_frame_header        00459bf4 f   libs:jcmarker.obj
 0001:00058cd3       _emit_dqt                  00459cd3 f   libs:jcmarker.obj
 0001:00058dc2       _emit_sof                  00459dc2 f   libs:jcmarker.obj
 0001:00058e9e       _write_scan_header         00459e9e f   libs:jcmarker.obj
 0001:00058f5e       _emit_dht                  00459f5e f   libs:jcmarker.obj
 0001:00059037       _emit_dri                  0045a037 f   libs:jcmarker.obj
 0001:00059086       _emit_sos                  0045a086 f   libs:jcmarker.obj
 0001:00059174       _write_file_trailer        0045a174 f   libs:jcmarker.obj
 0001:00059194       _write_tables_only         0045a194 f   libs:jcmarker.obj
 0001:000584ed       _use_merged_upsample       004594ed f   libs:jdmaster.obj
 0001:00058593       _master_selection          00459593 f   libs:jdmaster.obj
 0001:000586f0       _prepare_range_limit_table 004596f0 f   libs:jdmaster.obj
 0001:00058776       _prepare_for_output_pass   00459776 f   libs:jdmaster.obj
 0001:00058897       _finish_output_pass        00459897 f   libs:jdmaster.obj
 0001:00057964       _alloc_small               00458964 f   libs:jmemmgr.obj
 0001:00057a82       _alloc_large               00458a82 f   libs:jmemmgr.obj
 0001:00057b33       _alloc_sarray              00458b33 f   libs:jmemmgr.obj
 0001:00057bcb       _alloc_barray              00458bcb f   libs:jmemmgr.obj
 0001:00057c6f       _alloc_darray              00458c6f f   libs:jmemmgr.obj
 0001:00057d1a       _request_virt_sarray       00458d1a f   libs:jmemmgr.obj
 0001:00057d7b       _request_virt_barray       00458d7b f   libs:jmemmgr.obj
 0001:00057ddc       _realize_virt_arrays       00458ddc f   libs:jmemmgr.obj
 0001:00057f5f       _access_virt_sarray        00458f5f f   libs:jmemmgr.obj
 0001:0005807f       _do_sarray_io              0045907f f   libs:jmemmgr.obj
 0001:0005810f       _access_virt_barray        0045910f f   libs:jmemmgr.obj
 0001:00058234       _do_barray_io              00459234 f   libs:jmemmgr.obj
 0001:000582c5       _free_pool                 004592c5 f   libs:jmemmgr.obj
 0001:000583ac       _self_destruct             004593ac f   libs:jmemmgr.obj
 0001:000573fe       _start_input_pass          004583fe f   libs:jdinput.obj
 0001:0005742c       _per_scan_setup            0045842c f   libs:jdinput.obj
 0001:000575b2       _finish_input_pass         004585b2 f   libs:jdinput.obj
 0001:000575c3       _consume_markers           004585c3 f   libs:jdinput.obj
 0001:0005765f       _initial_setup             0045865f f   libs:jdinput.obj
 0001:00057869       _reset_input_controller    00458869 f   libs:jdinput.obj
 0001:00057003       _make_crc_table            00458003 f   libs:crc32.obj
 0001:00057150       _crc32_little              00458150 f   libs:crc32.obj
 0001:00056dfd       _fixedtables               00457dfd f   libs:inflate.obj
 0001:00056ee7       _updatewindow              00457ee7 f   libs:inflate.obj
 0001:00055b25       _init_destination          00456b25 f   libs:jdatadst.obj
 0001:00055b4b       _empty_output_buffer       00456b4b f   libs:jdatadst.obj
 0001:00055b8d       _term_destination          00456b8d f   libs:jdatadst.obj
 0001:000556ac       _std_huff_tables           004566ac f   libs:jcparam.obj
 0001:00055706       _add_huff_table            00456706 f   libs:jcparam.obj
 0001:00053bf9       _next_marker               00454bf9 f   libs:jdmarker.obj
 0001:00053d33       _get_interesting_appn      00454d33 f   libs:jdmarker.obj
 0001:00053e5e       _examine_app0              00454e5e f   libs:jdmarker.obj
 0001:0005406c       _examine_app14             0045506c f   libs:jdmarker.obj
 0001:0005412d       _skip_variable             0045512d f   libs:jdmarker.obj
 0001:000541d0       _read_markers              004551d0 f   libs:jdmarker.obj
 0001:000543d8       _get_soi                   004553d8 f   libs:jdmarker.obj
 0001:00054483       _get_sof                   00455483 f   libs:jdmarker.obj
 0001:0005478c       _get_sos                   0045578c f   libs:jdmarker.obj
 0001:00054a7a       _get_dht                   00455a7a f   libs:jdmarker.obj
 0001:00054d1b       _get_dqt                   00455d1b f   libs:jdmarker.obj
 0001:00054f77       _get_dri                   00455f77 f   libs:jdmarker.obj
 0001:00055056       _first_marker              00456056 f   libs:jdmarker.obj
 0001:000550f2       _read_restart_marker       004560f2 f   libs:jdmarker.obj
 0001:00055170       _reset_marker_reader       00456170 f   libs:jdmarker.obj
 0001:000539dd       _output_pass_setup         004549dd f   libs:jdapistd.obj
 0001:000536d0       _default_decompress_parms  004546d0 f   libs:jdapimin.obj

 295 bytes saved through ICF

