 quake2

 Timestamp is 42f89fb9 (Tue Aug 09 16:21:13 2005)

 Preferred load address is 00400000

 Start         Length     Name                   Class
 0001:00000000 00060850H .text                   CODE
 0002:00000000 00000278H .idata$5                DATA
 0002:00000278 00006664H .rdata                  DATA
 0002:000068e0 00000044H .rdata$r                DATA
 0002:00006928 00000038H .xdata$x                DATA
 0002:00006960 00000078H .idata$2                DATA
 0002:000069d8 00000014H .idata$3                DATA
 0002:000069ec 00000278H .idata$4                DATA
 0002:00006c64 000007feH .idata$6                DATA
 0002:00007462 00000000H .edata                  DATA
 0003:00000000 00000004H .CRT$XCA                DATA
 0003:00000004 00000080H .CRT$XCU                DATA
 0003:00000084 00000004H .CRT$XCZ                DATA
 0003:00000088 00000004H .CRT$XIA                DATA
 0003:0000008c 00000004H .CRT$XIZ                DATA
 0003:00000090 0000d8ecH .data                   DATA
 0003:0000d980 0047f644H .bss                    DATA
 0004:00000000 00000130H .rsrc$01                DATA
 0004:00000130 00003f20H .rsrc$02                DATA

  Address         Publics by Value              Rva+Base     Lib:Object

 0001:00000000       ??3@YAXPAX@Z               00401000 f i CoreMain.obj
 0001:0000000b       ?appInit@@YAXXZ            0040100b f   CoreMain.obj
 0001:0000006e       ?appExit@@YAXXZ            0040106e f   CoreMain.obj
 0001:00000073       ?appLoadDebugSymbols@@YAXXZ 00401073 f   DbgSymbols.obj
 0001:00000276       ?appSymbolName@@YA_NIPADH@Z 00401276 f   DbgSymbols.obj
 0001:00000362       ?appSymbolName@@YAPBDI@Z   00401362 f   DbgSymbols.obj
 0001:00000394       ?appMalloc@@YAPAXIH@Z      00401394 f   Memory.obj
 0001:00000442       ?appFree@@YAXPAX@Z         00401442 f   Memory.obj
 0001:00000470       ?Unlink@FMemHeader@@QAEXXZ 00401470 f i Memory.obj
 0001:0000049b       ?Link@CMemoryChain@@AAEXXZ 0040149b f   Memory.obj
 0001:000004ba       ?Unlink@CMemoryChain@@AAEXXZ 004014ba f   Memory.obj
 0001:000004e5       ??2CMemoryChain@@SAPAXIH@Z 004014e5 f   Memory.obj
 0001:00000557       ??3CMemoryChain@@SAXPAX@Z  00401557 f   Memory.obj
 0001:0000058a       ?Alloc@CMemoryChain@@QAEPAXIH@Z 0040158a f   Memory.obj
 0001:000005f4       ?appInitMemory@@YAXXZ      004015f4 f   Memory.obj
 0001:00000b3f       ?Write@COutputDeviceNull@@UAEXPBD@Z 00401b3f f i OutputDevice.obj
 0001:00000b42       ?appWPrintf@@YAXPBDZZ      00401b42 f   OutputDevice.obj
 0001:00000b93       ?appFatalError@@YAXPBDZZ   00401b93 f   ErrorMgr.obj
 0001:00000bcd       ?appNonFatalError@@YAXPBDZZ 00401bcd f   ErrorMgr.obj
 0001:00000c2b       ?appUnwindPrefix@@YAXPBD@Z 00401c2b f   ErrorMgr.obj
 0001:00000c82       ?appUnwindThrow@@YAXPBDZZ  00401c82 f   ErrorMgr.obj
 0001:00000d09       ?Reset@CErrorHandler@@QAEXXZ 00401d09 f   ErrorMgr.obj
 0001:00000d33       ?appInitError@@YAXXZ       00401d33 f   ErrorMgr.obj
 0001:00000df1       ?GetLine@CSimpleParser@@QAEPBDXZ 00401df1 f   ScriptParser.obj
 0001:00000f06       ?SkipBraces@CSimpleParser@@QAEPBDXZ 00401f06 f   ScriptParser.obj
 0001:00000f3c       ?appStricmp@@YAHPBD0@Z     00401f3c f   Strings.obj
 0001:00000f71       ?toLower@@YADD@Z           00401f71 f i Strings.obj
 0001:00000f88       ?appStrcpy@@YAXPADPBD@Z    00401f88 f   Strings.obj
 0001:00000f9b       ?appStrncpylwr@@YAXPADPBDH@Z 00401f9b f   Strings.obj
 0001:00000fd3       ?appStrncpyz@@YAXPADPBDH@Z 00401fd3 f   Strings.obj
 0001:00001000       ?appStrcatn@@YAXPADHPBD@Z  00402000 f   Strings.obj
 0001:0000102b       ?appCopyFilename@@YAXPADPBDH@Z 0040202b f   Strings.obj
 0001:000010c7       ?appCStrlen@@YAHPBD@Z      004020c7 f   Strings.obj
 0001:000010ec       ?appUncolorizeString@@YAXPADPBD@Z 004020ec f   Strings.obj
 0001:0000111c       ?va@@YAPBDPBDZZ            0040211c f   Strings.obj
 0001:000011b8       ?appSprintf@@YAHPADHPBDZZ  004021b8 f   Strings.obj
 0001:00001203       ?appMatchWildcard@@YA_NPBD0_N@Z 00402203 f   Strings.obj
 0001:00001383       ?appIsWildcard@@YA_NPBD@Z  00402383 f   Strings.obj
 0001:000013ad       ?CopyString@@YAPADPBD@Z    004023ad f   Strings.obj
 0001:000013ed       ?CopyString@@YAPADPBDPAVCMemoryChain@@@Z 004023ed f   Strings.obj
 0001:00001421       ??2CStringItem@@SAPAXIPBD@Z 00402421 f   Strings.obj
 0001:0000146a       ??2CStringItem@@SAPAXIPBDPAVCMemoryChain@@@Z 0040246a f   Strings.obj
 0001:000014a7       ?Find@CStringList@@IAEPAVCStringItem@@PBDPAPAV2@@Z 004024a7 f   Strings.obj
 0001:000014e3       ?Find@CStringList@@IAEPAVCStringItem@@H@Z 004024e3 f   Strings.obj
 0001:000014fc       ?IndexOf@CStringList@@QAEHPBD@Z 004024fc f   Strings.obj
 0001:00001529       ?Remove@CStringList@@QAE_NPAVCStringItem@@@Z 00402529 f   Strings.obj
 0001:00001555       ?Free@CStringList@@QAEXXZ  00402555 f   Strings.obj
 0001:0000156e       ?Add@CTextContainer@@QAEPAUCTextRec@@PBD@Z 0040256e f   TextContainer.obj
 0001:0000161a       ?Enumerate@CTextContainer@@QAEXP6AXPBUCTextRec@@@Z@Z 0040261a f   TextContainer.obj
 0001:00001686       ?appMillisecondsf@@YANXZ   00402686 f   CoreWin32.obj
 0001:000016bf       ?appMilliseconds@@YAIXZ    004026bf f   CoreWin32.obj
 0001:000016f4       ?cpuid@@YAXI@Z             004026f4 f   CoreWin32.obj
 0001:00001717       ?appInitPlatform@@YAXXZ    00402717 f   CoreWin32.obj
 0001:000019aa       ?appShutdownPlatform@@YAXXZ 004029aa f   CoreWin32.obj
 0001:000019b3       ?osAddressInfo@@YA_NIPADHPAH@Z 004029b3 f   DbgSymbolsWin32.obj
 0001:00001a47       ?osModuleInfo@@YA_NIPADHPAH@Z 00402a47 f   DbgSymbolsWin32.obj
 0001:00001bef       ?win32ExceptFilter@@YAHPAU_EXCEPTION_POINTERS@@@Z 00402bef f   ExceptFilterWin32.obj
 0001:00002123       ?win32ExceptFilter2@@YAHXZ 00403123 f   ExceptFilterWin32.obj
 0001:0000212f       ?SCR_StopCinematic@@YAXXZ  0040312f f   cl_cin.obj
 0001:000021c3       ?SCR_DrawCinematic@@YA_NXZ 004031c3 f   cl_cin.obj
 0001:00002624       ?SCR_PlayCinematic@@YAXPBD@Z 00403624 f   cl_cin.obj
 0001:0000297c       ?CL_Download_f@@YAX_NHPAPAD@Z 0040397c f   cl_download.obj
 0001:00002d2d       ?CL_ParseDownload@@YAXXZ   00403d2d f   cl_download.obj
 0001:0000352e       ?CL_Precache_f@@YAXHPAPAD@Z 0040452e f   cl_download.obj
 0001:0000358c       ?CL_ParseDelta@@YAXPAUclEntityState_t@@0HI_N@Z 0040458c f   cl_ents.obj
 0001:0000370c       ?CL_ParseFrame@@YAXXZ      0040470c f   cl_ents.obj
 0001:00003dbb       ?CL_AddEntityBox@@YAXPAUclEntityState_t@@I@Z 00404dbb f   cl_ents.obj
 0001:00003ebf       ?Lerp@@YAXABUCVec3@@0MAAU1@@Z 00404ebf f i cl_ents.obj
 0001:00003ef6       ?CL_OffsetThirdPersonView@@YAXXZ 00404ef6 f   cl_ents.obj
 0001:00003fde       ?CL_AddEntities@@YAXXZ     00404fde f   cl_ents.obj
 0001:00004f13       ?CL_ClearLightStyles@@YAXXZ 00405f13 f   cl_fx.obj
 0001:00004f95       ?CL_SetLightstyle@@YAXHPBD@Z 00405f95 f   cl_fx.obj
 0001:00004ff6       ?CL_AllocDlight@@YAPAUcdlight_t@@HABUCVec3@@@Z 00405ff6 f   cl_fx.obj
 0001:0000505f       ?CL_AllocParticleTrace@@YAPAUparticleTrace_t@@ABUCVec3@@0MM@Z 0040605f f   cl_fx.obj
 0001:000050ee       ?CL_AllocParticleBeam@@YAPAUbeam_t@@ABUCVec3@@0MM@Z 004060ee f   cl_fx.obj
 0001:00005162       ?CL_AllocParticle@@YAPAUparticle_t@@XZ 00406162 f   cl_fx.obj
 0001:000051b5       ?CL_MetalSparks@@YAXABUCVec3@@0H@Z 004061b5 f   cl_fx.obj
 0001:000052a2       ?CL_AddEffects@@YAXXZ      004062a2 f   cl_fx.obj
 0001:00005986       ?CL_ClearEffects@@YAXXZ    00406986 f   cl_fx.obj
 0001:00005a08       ?CL_EntityEvent@@YAXPAUclEntityState_t@@@Z 00406a08 f   cl_fx.obj
 0001:00005bbc       ?CL_ParseMuzzleFlash@@YAXXZ 00406bbc f   cl_fx.obj
 0001:00005f2c       ?CL_ParseMuzzleFlash2@@YAXXZ 00406f2c f   cl_fx.obj
 0001:000063a2       ?CL_ParticleEffect@@YAXABUCVec3@@0HH@Z 004073a2 f   cl_fx.obj
 0001:0000654c       ?CL_ParticleEffect2@@YAXABUCVec3@@0HH@Z 0040754c f   cl_fx.obj
 0001:00006574       ?CL_ParticleEffect3@@YAXABUCVec3@@0HH@Z 00407574 f   cl_fx.obj
 0001:0000659c       ?CL_TeleporterParticles@@YAXPAUclEntityState_t@@@Z 0040759c f   cl_fx.obj
 0001:000065bb       ?CL_LogoutEffect@@YAXABUCVec3@@H@Z 004075bb f   cl_fx.obj
 0001:000065f1       ?CL_ItemRespawnParticles@@YAXABUCVec3@@@Z 004075f1 f   cl_fx.obj
 0001:0000660c       ?CL_ExplosionParticles@@YAXABUCVec3@@@Z 0040760c f   cl_fx.obj
 0001:0000662a       ?CL_BFGExplosionParticles@@YAXABUCVec3@@@Z 0040762a f   cl_fx.obj
 0001:00006648       ?CL_TrackerExplosionParticles@@YAXABUCVec3@@@Z 00407648 f   cl_fx.obj
 0001:00006666       ?CL_BlasterParticles@@YAXABUCVec3@@0I@Z 00407666 f   cl_fx.obj
 0001:0000668c       ?CL_BlasterTrail@@YAXAAUcentity_t@@@Z 0040768c f   cl_fx.obj
 0001:0000678f       ?CL_BlasterTrail2@@YAXAAUcentity_t@@@Z 0040778f f   cl_fx.obj
 0001:000067a2       ?CL_FlagTrail@@YAXAAUcentity_t@@H@Z 004077a2 f   cl_fx.obj
 0001:000067be       ?CL_RocketTrail@@YAXAAUcentity_t@@@Z 004077be f   cl_fx.obj
 0001:000067fd       ?CL_BubbleTrail@@YAXABUCVec3@@0@Z 004077fd f   cl_fx.obj
 0001:00006897       ?CL_BubbleTrail2@@YAXABUCVec3@@0@Z 00407897 f   cl_fx.obj
 0001:000068af       ?CL_TagTrail@@YAXAAUcentity_t@@@Z 004078af f   cl_fx.obj
 0001:000068c2       ?CL_DebugTrail@@YAXABUCVec3@@0@Z 004078c2 f   cl_fx.obj
 0001:000068da       ?CL_ForceWall@@YAXABUCVec3@@0H@Z 004078da f   cl_fx.obj
 0001:000068fb       ?CL_BigTeleportParticles@@YAXABUCVec3@@@Z 004078fb f   cl_fx.obj
 0001:00006a2d       ?CL_BfgParticles@@YAXABUCVec3@@@Z 00407a2d f   cl_fx.obj
 0001:00006b95       ?CL_FlyEffect@@YAXAAUcentity_t@@@Z 00407b95 f   cl_fx.obj
 0001:00006d21       ?CL_DiminishingTrail@@YAXAAUcentity_t@@H@Z 00407d21 f   cl_fx.obj
 0001:00006e7b       ?CL_RailTrail@@YAXABUCVec3@@0@Z 00407e7b f   cl_fx.obj
 0001:00006fe2       ?CL_RailTrailExt@@YAXABUCVec3@@0EE@Z 00407fe2 f   cl_fx.obj
 0001:00007127       ?CL_IonripperTrail@@YAXAAUcentity_t@@@Z 00408127 f   cl_fx.obj
 0001:00007276       ?CL_TrapParticles@@YAXABUCVec3@@@Z 00408276 f   cl_fx.obj
 0001:0000740a       ?CL_TeleportParticles@@YAXABUCVec3@@@Z 0040840a f   cl_fx.obj
 0001:00007540       ?CL_Heatbeam@@YAXABUCVec3@@0@Z 00408540 f   cl_fx.obj
 0001:000077e8       ?CL_ParticleSteamEffect@@YAXABUCVec3@@0HHH@Z 004087e8 f   cl_fx.obj
 0001:00007914       ?CL_ParticleSmokeEffect@@YAXABUCVec3@@0@Z 00408914 f   cl_fx.obj
 0001:00007a1f       ?CL_TrackerTrail@@YAXAAUcentity_t@@@Z 00408a1f f   cl_fx.obj
 0001:00007b9d       ?CL_TrackerShell@@YAXABUCVec3@@@Z 00408b9d f   cl_fx.obj
 0001:00007c29       ?CL_MonsterPlasmaShell@@YAXABUCVec3@@@Z 00408c29 f   cl_fx.obj
 0001:00007cb2       ?CL_WidowSplash@@YAXABUCVec3@@@Z 00408cb2 f   cl_fx.obj
 0001:00007d83       ?IN_CenterView@@YAXXZ      00408d83 f   cl_input.obj
 0001:00007da4       ?CL_InitInput@@YAXXZ       00408da4 f   cl_input.obj
 0001:00008340       ?CL_SendCmd@@YAXXZ         00409340 f   cl_input.obj
 0001:000089be       ?CL_WriteDemoMessage@@YAXXZ 004099be f   cl_main.obj
 0001:00008a00       ?Cmd_ForwardToServer@@YAXHPAPAD@Z 00409a00 f   cl_main.obj
 0001:00008ac3       ?CL_ForwardToServer_f@@YAXHPAPAD@Z 00409ac3 f   cl_main.obj
 0001:00008b0b       ?CL_Pause@@YAX_N@Z         00409b0b f   cl_main.obj
 0001:00008b4d       ?CL_Quit_f@@YAXXZ          00409b4d f   cl_main.obj
 0001:00008b57       ?CL_Drop@@YAX_N@Z          00409b57 f   cl_main.obj
 0001:00008b7e       ?CL_SendConnectPacket@@YAXXZ 00409b7e f   cl_main.obj
 0001:00008bec       ?CL_Connect_f@@YAX_NHPAPAD@Z 00409bec f   cl_main.obj
 0001:00008c6c       ?CL_Rcon_f@@YAXHPAPAD@Z    00409c6c f   cl_main.obj
 0001:00008d74       ?CL_Disconnect@@YAXXZ      00409d74 f   cl_main.obj
 0001:00008f16       ?CL_Disconnect_f@@YAXXZ    00409f16 f   cl_main.obj
 0001:00008f20       ?CL_Changing_f@@YAXXZ      00409f20 f   cl_main.obj
 0001:00008f44       ?CL_Reconnect_f@@YAXXZ     00409f44 f   cl_main.obj
 0001:00008fe0       ?CL_PingServers_f@@YAXXZ   00409fe0 f   cl_main.obj
 0001:0000914b       ?CL_Skins_f@@YAXXZ         0040a14b f   cl_main.obj
 0001:0000943b       ?CL_ConnectionlessPacket@@YAXXZ 0040a43b f   cl_main.obj
 0001:00009538       ?CL_ReadPackets@@YAXXZ     0040a538 f   cl_main.obj
 0001:0000967b       ?CL_Userinfo_f@@YAXXZ      0040a67b f   cl_main.obj
 0001:00009693       ?CL_RegisterSounds@@YAXXZ  0040a693 f   cl_main.obj
 0001:000096d2       ?CL_Snd_Restart_f@@YAXXZ   0040a6d2 f   cl_main.obj
 0001:000096e1       ?CL_WriteConfiguration@@YAXPBD@Z 0040a6e1 f   cl_main.obj
 0001:0000979c       ?CL_WriteConfig_f@@YAX_NHPAPAD@Z 0040a79c f   cl_main.obj
 0001:000097fb       ?CL_FixCvarCheats@@YAXXZ   0040a7fb f   cl_main.obj
 0001:0000984c       ?CL_Frame@@YAXMM@Z         0040a84c f   cl_main.obj
 0001:00009b89       ?CL_ClearState@@YAXXZ      0040ab89 f   cl_main.obj
 0001:00009bc7       ?CL_Init@@YAXXZ            0040abc7 f   cl_main.obj
 0001:0000a09a       ?CL_Shutdown@@YAX_N@Z      0040b09a f   cl_main.obj
 0001:0000a0ef       ?CL_ParseClientinfo@@YAXH@Z 0040b0ef f   cl_parse.obj
 0001:0000a1a4       ?CL_UpdatePlayerClientInfo@@YAXXZ 0040b1a4 f   cl_parse.obj
 0001:0000a1e5       ?CL_ParseServerMessage@@YAXXZ 0040b1e5 f   cl_parse.obj
 0001:0000a9bf       ?FreePlayerModelsInfo@@YAXXZ 0040b9bf f   cl_playermodel.obj
 0001:0000a9e5       ?ScanQuake3Models@@YAXPBD@Z 0040b9e5 f   cl_playermodel.obj
 0001:0000ab64       ?ScanPlayerModels@@YA_NXZ  0040bb64 f   cl_playermodel.obj
 0001:0000ae22       ?RunAnimation@@YAXAAUclientInfo_t@@AAUanimState_t@@H@Z 0040be22 f   cl_playermodel.obj
 0001:0000b003       ?CL_LoadClientinfo@@YAXAAUclientInfo_t@@PBD_N@Z 0040c003 f   cl_playermodel.obj
 0001:0000bbc3       ?ParsePlayerEntity@@YAHAAUcentity_t@@AAUclientInfo_t@@PAUclEntityState_t@@ABUentity_t@@PAU4@HH@Z 0040cbc3 f   cl_playermodel.obj
 0001:0000c719       ?Insert@?$TList@VCStringItem@@@@QAE_NPAVCStringItem@@@Z 0040d719 f i cl_playermodel.obj
 0001:0000c719       ?Insert@?$TList@VplayerModelInfo_t@@@@QAE_NPAVplayerModelInfo_t@@@Z 0040d719 f i cl_playermodel.obj
 0001:0000c719       ?Insert@?$TList@VshaderScript_t@OpenGLDrv@@@@QAE_NPAVshaderScript_t@OpenGLDrv@@@Z 0040d719 f i cl_playermodel.obj
 0001:0000c74f       ?CL_CheckPredictionError@@YAXXZ 0040d74f f   cl_pred.obj
 0001:0000c8e5       ?CL_EntityTrace@@YAXAAUtrace_t@@ABUCVec3@@1ABUCBox@@H@Z 0040d8e5 f   cl_pred.obj
 0001:0000cc7e       ?CL_Trace@@YAXAAUtrace_t@@ABUCVec3@@1ABUCBox@@H@Z 0040dc7e f   cl_pred.obj
 0001:0000ccfa       ?CL_PMpointcontents@@YAHABUCVec3@@@Z 0040dcfa f   cl_pred.obj
 0001:0000ce86       ?CL_PredictMovement@@YAXXZ 0040de86 f   cl_pred.obj
 0001:0000d239       ?DrawString@@YAXHHPBD@Z    0040e239 f   cl_scrn.obj
 0001:0000d27e       ?SCR_DebugGraph@@YAXMH@Z   0040e27e f   cl_scrn.obj
 0001:0000d2a6       ?SCR_CenterPrint@@YAXPBD@Z 0040e2a6 f   cl_scrn.obj
 0001:0000d3ac       ?Key_Message@@YAXH@Z       0040e3ac f   cl_scrn.obj
 0001:0000d448       ?SCR_SetLevelshot@@YAXPBD@Z 0040e448 f   cl_scrn.obj
 0001:0000d53b       ?SCR_BeginLoadingPlaque@@YAXXZ 0040e53b f   cl_scrn.obj
 0001:0000d5c0       ?SCR_EndLoadingPlaque@@YAX_N@Z 0040e5c0 f   cl_scrn.obj
 0001:0000d645       ?SCR_ShowConsole@@YAX_N0@Z 0040e645 f   cl_scrn.obj
 0001:0000d70a       ?SCR_ToggleConsole@@YAXXZ  0040e70a f   cl_scrn.obj
 0001:0000d732       ?SCR_TouchPics@@YAXXZ      0040e732 f   cl_scrn.obj
 0001:0000d788       ?SCR_UpdateScreen@@YAXXZ   0040e788 f   cl_scrn.obj
 0001:0000e9ce       ?SCR_Init@@YAXXZ           0040f9ce f   cl_scrn.obj
 0001:0000ed48       ?CL_RegisterTEntSounds@@YAXXZ 0040fd48 f   cl_tent.obj
 0001:0000ef8d       ?CL_RegisterTEntModels@@YAXXZ 0040ff8d f   cl_tent.obj
 0001:0000f0da       ?CL_ClearTEnts@@YAXXZ      004100da f   cl_tent.obj
 0001:0000f10b       ?CL_SmokeAndFlash@@YAXABUCVec3@@@Z 0041010b f   cl_tent.obj
 0001:0000f2a1       ?CL_ParsePlayerBeam@@YAHPAVCRenderModel@@@Z 004102a1 f   cl_tent.obj
 0001:0000f3ac       ?CL_ParseLightning@@YAHPAVCRenderModel@@@Z 004103ac f   cl_tent.obj
 0001:0000f46e       ?CL_ParseWidow@@YAXXZ      0041046e f   cl_tent.obj
 0001:0000f5a4       ?CL_ParseNuke@@YAXXZ       004105a4 f   cl_tent.obj
 0001:0000f6b7       ?CL_ParseTEnt@@YAXXZ       004106b7 f   cl_tent.obj
 0001:0001049e       ?CL_AddBeams@@YAXXZ        0041149e f   cl_tent.obj
 0001:000106a0       ?CL_AddPlayerBeams@@YAXXZ  004116a0 f   cl_tent.obj
 0001:00010ca7       ?CL_AddTEnts@@YAXXZ        00411ca7 f   cl_tent.obj
 0001:00010ea7       ?V_AddEntity@@YAXPAUentity_t@@@Z 00411ea7 f   cl_view.obj
 0001:00010ee2       ?V_AddEntity2@@YAXPAUentity_t@@@Z 00411ee2 f   cl_view.obj
 0001:00010f11       ?AddEntityWithEffects2@@YAXPAUentity_t@@I@Z 00411f11 f   cl_view.obj
 0001:00010fcd       ?AddEntityWithEffects@@YAXPAUentity_t@@I@Z 00411fcd f   cl_view.obj
 0001:00010fec       ?V_AddLight@@YAXABUCVec3@@MMMM@Z 00411fec f   cl_view.obj
 0001:00011031       ?V_TestEntities@@YAXXZ     00412031 f   cl_view.obj
 0001:0001115e       ?V_TestLights@@YAXXZ       0041215e f   cl_view.obj
 0001:00011234       ?V_InitRenderer@@YAXXZ     00412234 f   cl_view.obj
 0001:0001161c       ?CalcFov@@YAMMMM@Z         0041261c f   cl_view.obj
 0001:0001168a       ?V_RenderView@@YA_NXZ      0041268a f   cl_view.obj
 0001:000122d6       ?V_Init@@YAXXZ             004132d6 f   cl_view.obj
 0001:00012385       ?Con_ClearNotify@@YAXXZ    00413385 f   console.obj
 0001:00012394       ?Con_CheckResize@@YAXXZ    00413394 f   console.obj
 0001:000124bb       ?Con_Print@@YAXPBD@Z       004134bb f   console.obj
 0001:000127b3       ?Con_DrawNotify@@YAX_N@Z   004137b3 f   console.obj
 0001:000128cb       ?Con_DrawConsole@@YAXM@Z   004138cb f   console.obj
 0001:00012b53       ?Con_ClearTyping@@YAXXZ    00413b53 f   console.obj
 0001:00012b6c       ?Key_Console@@YAXHH@Z      00413b6c f   console.obj
 0001:00012fb4       ?Con_Init@@YAXXZ           00413fb4 f   console.obj
 0001:0001312b       ?Key_KeynumToString@@YAPBDH@Z 0041412b f   keys.obj
 0001:000131eb       ?Draw@completeMenu_t@@UAEXXZ 004141eb f i keys.obj
 0001:0001321c       ?KeyDown@completeMenu_t@@UAEPBDH@Z 0041421c f i keys.obj
 0001:00013245       ?Init@completeMenu_t@@UAE_NXZ 00414245 f i keys.obj
 0001:0001336c       ?CompleteMenuCallback@completeMenu_t@@SAXPAX@Z 0041436c f i keys.obj
 0001:000133fa       ?CompleteCommand@@YAXXZ    004143fa f   keys.obj
 0001:00013b2f       ?Key_SetBinding@@YAXHPBD@Z 00414b2f f   keys.obj
 0001:00013b6d       ?Key_FindBinding@@YAHPBDPAHH@Z 00414b6d f   keys.obj
 0001:00013bbb       ?Key_WriteBindings@@YAXPAU_iobuf@@@Z 00414bbb f   keys.obj
 0001:00013c03       ?Key_Init@@YAXXZ           00414c03 f   keys.obj
 0001:00013ee7       ?Key_Event@@YAXH_N@Z       00414ee7 f   keys.obj
 0001:00014240       ?Key_ClearStates@@YAXXZ    00415240 f   keys.obj
 0001:00014275       ?M_ForceMenuOn@@YAXXZ      00415275 f   menu.obj
 0001:00014294       ?Draw@menuMain_t@@UAEXXZ   00415294 f i menu.obj
 0001:000143d0       ?KeyDown@menuMain_t@@UAEPBDH@Z 004153d0 f i menu.obj
 0001:0001448c       ?Init@menuMain_t@@UAE_NXZ  0041548c f i menu.obj
 0001:00014494       ?M_Menu_Main_f@@YAXXZ      00415494 f   menu.obj
 0001:000144ae       ?Init@multiplayerMenu_t@@UAE_NXZ 004154ae f i menu.obj
 0001:000145d2       ?Init@keysMenu_t@@UAE_NXZ  004155d2 f i menu.obj
 0001:000147b7       ?KeyCursorDrawFunc@keysMenu_t@@SAXPAUmenuFramework_t@@@Z 004157b7 f i menu.obj
 0001:000147f7       ?DrawKeyBindingFunc@keysMenu_t@@SAXPAX@Z 004157f7 f i menu.obj
 0001:000148be       ?KeyDown@keysMenu_t@@UAEPBDH@Z 004158be f i menu.obj
 0001:0001496b       ?UnbindCommand@keysMenu_t@@QAEXPAD@Z 0041596b f i menu.obj
 0001:000149b0       ?KeyBindingFunc@keysMenu_t@@QAEXPAX@Z 004159b0 f i menu.obj
 0001:00014a0f       ?Init@optionsMenu_t@@UAE_NXZ 00415a0f f i menu.obj
 0001:00014e6d       ?CrosshairFunc@optionsMenu_t@@SAXPAX@Z 00415e6d f i menu.obj
 0001:00014e95       ?JoystickFunc@optionsMenu_t@@SAXPAX@Z 00415e95 f i menu.obj
 0001:00014eaa       ?AlwaysRunFunc@optionsMenu_t@@SAXPAX@Z 00415eaa f i menu.obj
 0001:00014ebf       ?FreeLookFunc@optionsMenu_t@@SAXPAX@Z 00415ebf f i menu.obj
 0001:00014ed4       ?MouseSpeedFunc@optionsMenu_t@@SAXPAX@Z 00415ed4 f i menu.obj
 0001:00014ef1       ?InvertMouseFunc@optionsMenu_t@@SAXPAX@Z 00415ef1 f i menu.obj
 0001:00014f0c       ?LookspringFunc@optionsMenu_t@@SAXPAX@Z 00415f0c f i menu.obj
 0001:00014f28       ?LookstrafeFunc@optionsMenu_t@@SAXPAX@Z 00415f28 f i menu.obj
 0001:00014f44       ?UpdateVolumeFunc@optionsMenu_t@@SAXPAX@Z 00415f44 f i menu.obj
 0001:00014f61       ?UpdateCDVolumeFunc@optionsMenu_t@@SAXPAX@Z 00415f61 f i menu.obj
 0001:00014f7b       ?SetMenuItemValues@optionsMenu_t@@SAXXZ 00415f7b f i menu.obj
 0001:00015159       ?ResetDefaultsFunc@optionsMenu_t@@SAXPAX@Z 00416159 f i menu.obj
 0001:0001516e       ?UpdateSoundFunc@optionsMenu_t@@SAXPAX@Z 0041616e f i menu.obj
 0001:00015371       ?ScanCrosshairs@optionsMenu_t@@SAXXZ 00416371 f i menu.obj
 0001:000153ce       ?Draw@optionsMenu_t@@UAEXXZ 004163ce f i menu.obj
 0001:00015433       ?Draw@creditsMenu_t@@UAEXXZ 00416433 f i menu.obj
 0001:000154da       ?KeyDown@creditsMenu_t@@UAEPBDH@Z 004164da f i menu.obj
 0001:00015515       ?Init@creditsMenu_t@@UAE_NXZ 00416515 f i menu.obj
 0001:000155dd       ?Init@gameMenu_t@@UAE_NXZ  004165dd f i menu.obj
 0001:00015768       ?EasyGameFunc@gameMenu_t@@SAXPAX@Z 00416768 f i menu.obj
 0001:00015774       ?StartGame@gameMenu_t@@SAXPBD@Z 00416774 f i menu.obj
 0001:000157cc       ?MediumGameFunc@gameMenu_t@@SAXPAX@Z 004167cc f i menu.obj
 0001:000157d8       ?HardGameFunc@gameMenu_t@@SAXPAX@Z 004167d8 f i menu.obj
 0001:000157f4       ?Init@savegameMenu_t@@UAE_NXZ 004167f4 f i menu.obj
 0001:00015904       ?Create_Savestrings@savegameMenu_t@@QAEXXZ 00416904 f i menu.obj
 0001:000159ae       ?LoadGameCallback@savegameMenu_t@@SAXPAX@Z 004169ae f i menu.obj
 0001:000159d7       ?SaveGameCallback@savegameMenu_t@@SAXPAX@Z 004169d7 f i menu.obj
 0001:000159f6       ?Draw@savegameMenu_t@@UAEXXZ 004169f6 f i menu.obj
 0001:00015a11       ?DrawSavegameShot@savegameMenu_t@@QAEXHH@Z 00416a11 f i menu.obj
 0001:00015aec       ?Init@joinserverMenu_t@@UAE_NXZ 00416aec f i menu.obj
 0001:00015c15       ?JoinServerFunc@joinserverMenu_t@@SAXPAX@Z 00416c15 f i menu.obj
 0001:00015c77       ?SearchLocalGames@joinserverMenu_t@@SAXXZ 00416c77 f i menu.obj
 0001:00015ce2       ?M_AddToServerList@@YAXUnetadr_t@@PAD@Z 00416ce2 f   menu.obj
 0001:00015d65       ?Init@startserverMenu_t@@UAE_NXZ 00416d65 f i menu.obj
 0001:00016207       ?DMOptionsFunc@startserverMenu_t@@SAXPAX@Z 00417207 f i menu.obj
 0001:00016217       ?RulesChangeFunc@startserverMenu_t@@SAXPAX@Z 00417217 f i menu.obj
 0001:00016291       ?StartServerActionFunc@startserverMenu_t@@SAXPAX@Z 00417291 f i menu.obj
 0001:000162bc       ?StartServerFunc@startserverMenu_t@@SAXPAD@Z 004172bc f i menu.obj
 0001:000164f3       ?KeyDown@startserverMenu_t@@UAEPBDH@Z 004174f3 f i menu.obj
 0001:00016550       ?Init@dmoptionsMenu_t@@UAE_NXZ 00417550 f i menu.obj
 0001:00016b2f       ?DMFlagCallback@dmoptionsMenu_t@@SAXPAX@Z 00417b2f f i menu.obj
 0001:00016d0a       ?Init@downloadOptionsMenu_t@@UAE_NXZ 00417d0a f i menu.obj
 0001:00016ed5       ?DownloadCallback@downloadOptionsMenu_t@@SAXPAX@Z 00417ed5 f i menu.obj
 0001:00016f40       ?Init@addressBookMenu_t@@UAE_NXZ 00417f40 f i menu.obj
 0001:00016fe8       ?KeyDown@addressBookMenu_t@@UAEPBDH@Z 00417fe8 f i menu.obj
 0001:00017045       ?Init@playerConfigMenu_t@@UAE_NXZ 00418045 f i menu.obj
 0001:0001758c       ?HandednessCallback@playerConfigMenu_t@@SAXPAX@Z 0041858c f i menu.obj
 0001:000175a1       ?RTypeCallback@playerConfigMenu_t@@SAXPAX@Z 004185a1 f i menu.obj
 0001:000175b6       ?RColorCallback@playerConfigMenu_t@@SAXPAX@Z 004185b6 f i menu.obj
 0001:000175cb       ?RateCallback@playerConfigMenu_t@@SAXPAX@Z 004185cb f i menu.obj
 0001:000175ee       ?ModelCallback@playerConfigMenu_t@@SAXPAX@Z 004185ee f i menu.obj
 0001:00017622       ?SkinCallback@playerConfigMenu_t@@SAXPAX@Z 00418622 f i menu.obj
 0001:0001762a       ?Draw@playerConfigMenu_t@@UAEXXZ 0041862a f i menu.obj
 0001:00017902       ?KeyDown@playerConfigMenu_t@@UAEPBDH@Z 00418902 f i menu.obj
 0001:000179e1       ?Init@dmbrowseMenu_t@@UAE_NXZ 004189e1 f i menu.obj
 0001:00017be7       ?KeyDown@dmbrowseMenu_t@@UAEPBDH@Z 00418be7 f i menu.obj
 0001:00017dab       ?Draw@dmbrowseMenu_t@@UAEXXZ 00418dab f i menu.obj
 0001:00017ef0       ?DrawThumbnail@dmbrowseMenu_t@@SAXHHHHPAD_N@Z 00418ef0 f i menu.obj
 0001:00017fd7       ?Init@videoMenu_t@@UAE_NXZ 00418fd7 f i menu.obj
 0001:00018590       ?ScreenSizeCallback@videoMenu_t@@SAXPAX@Z 00419590 f i menu.obj
 0001:000185ae       ?BrightnessCallback@videoMenu_t@@SAXPAX@Z 004195ae f i menu.obj
 0001:000185cc       ?ContrastCallback@videoMenu_t@@SAXPAX@Z 004195cc f i menu.obj
 0001:00018605       ?CancelChanges@videoMenu_t@@SAXPAX@Z 00419605 f i menu.obj
 0001:00018626       ?KeyDown@videoMenu_t@@UAEPBDH@Z 00419626 f i menu.obj
 0001:0001866d       ?ApplyChanges@videoMenu_t@@SAXPAX@Z 0041966d f i menu.obj
 0001:00018824       ?KeyDown@quitMenu_t@@UAEPBDH@Z 00419824 f i menu.obj
 0001:0001885c       ?Draw@quitMenu_t@@UAEXXZ   0041985c f i menu.obj
 0001:000188cc       ?M_Init@@YAXXZ             004198cc f   menu.obj
 0001:00018aae       ?ItemAtCursor@menuFramework_t@@QAEPAUmenuCommon_t@@XZ 00419aae f   qmenu.obj
 0001:00018b02       ?AddItem@menuFramework_t@@QAEXPAUmenuCommon_t@@@Z 00419b02 f   qmenu.obj
 0001:00018bbe       ?AdjustCursor@menuFramework_t@@QAEXH@Z 00419bbe f   qmenu.obj
 0001:00018d2d       ?Center@menuFramework_t@@QAEXXZ 00419d2d f   qmenu.obj
 0001:00018d6e       ?Draw@menuFramework_t@@UAEXXZ 00419d6e f   qmenu.obj
 0001:00019333       ?SelectItem@menuFramework_t@@QAE_NXZ 0041a333 f   qmenu.obj
 0001:00019391       ?SetStatusBar@menuFramework_t@@QAEXPBD@Z 0041a391 f   qmenu.obj
 0001:0001939b       ?SlideItem@menuFramework_t@@QAEXH@Z 0041a39b f   qmenu.obj
 0001:00019918       ?Push@menuFramework_t@@QAEXXZ 0041a918 f   qmenu.obj
 0001:00019997       ?M_ForceMenuOff@@YAXXZ     0041a997 f   qmenu.obj
 0001:000199c4       ?Pop@menuFramework_t@@QAEXXZ 0041a9c4 f   qmenu.obj
 0001:000199fe       ?KeyDown@menuFramework_t@@UAEPBDH@Z 0041a9fe f   qmenu.obj
 0001:00019c72       ?Init@menuFramework_t@@UAE_NXZ 0041ac72 f   qmenu.obj
 0001:00019c75       ?M_Draw@@YAXXZ             0041ac75 f   qmenu.obj
 0001:00019cb0       ?M_Keydown@@YAXH@Z         0041acb0 f   qmenu.obj
 0001:00019ccf       ?InitRendererVars@@YAXXZ   0041accf f   ref_vars.obj
 0001:00019cee       ?S_SoundInfo_f@@YAXXZ      0041acee f   snd_dma.obj
 0001:00019d78       ?S_Init@@YAXXZ             0041ad78 f   snd_dma.obj
 0001:00019e4a       ?S_Shutdown@@YAXXZ         0041ae4a f   snd_dma.obj
 0001:00019edd       ?S_BeginRegistration@@YAXXZ 0041aedd f   snd_dma.obj
 0001:00019eeb       ?S_RegisterSound@@YAPAUsfx_t@@PBD@Z 0041aeeb f   snd_dma.obj
 0001:0001a081       ?S_EndRegistration@@YAXXZ  0041b081 f   snd_dma.obj
 0001:0001a104       ?S_PickChannel@@YAPAUchannel_t@@HH@Z 0041b104 f   snd_dma.obj
 0001:0001a191       ?S_Spatialize@@YAXPAUchannel_t@@@Z 0041b191 f   snd_dma.obj
 0001:0001a371       ?S_AllocPlaysound@@YAPAUplaysound_t@@XZ 0041b371 f   snd_dma.obj
 0001:0001a393       ?S_FreePlaysound@@YAXPAUplaysound_t@@@Z 0041b393 f   snd_dma.obj
 0001:0001a3c3       ?S_IssuePlaysound@@YAXPAUplaysound_t@@@Z 0041b3c3 f   snd_dma.obj
 0001:0001a490       ?S_StartSound@@YAXPBUCVec3@@HHPAUsfx_t@@MMM@Z 0041b490 f   snd_dma.obj
 0001:0001a83f       ?S_StartLocalSound@@YAXPBD@Z 0041b83f f   snd_dma.obj
 0001:0001a88e       ?S_ClearBuffer@@YAXXZ      0041b88e f   snd_dma.obj
 0001:0001a8f7       ?S_StopAllSounds_f@@YAXXZ  0041b8f7 f   snd_dma.obj
 0001:0001a967       ?S_AddLoopSounds@@YAXXZ    0041b967 f   snd_dma.obj
 0001:0001ab3d       ?S_RawSamples@@YAXHHHHPAE@Z 0041bb3d f   snd_dma.obj
 0001:0001ad41       ?S_Update@@YAXABUCVec3@@0@Z 0041bd41 f   snd_dma.obj
 0001:0001ae17       ?GetSoundtime@@YAXXZ       0041be17 f   snd_dma.obj
 0001:0001ae7e       ?S_Update_@@YAXXZ          0041be7e f   snd_dma.obj
 0001:0001b131       ?ResampleSfx@@YAXPAUsfx_t@@HHPAE@Z 0041c131 f   snd_mem.obj
 0001:0001b24c       ?S_LoadSound@@YAPAUsfxcache_t@@PAUsfx_t@@@Z 0041c24c f   snd_mem.obj
 0001:0001b384       ?GetWavinfo@@YA?AUwavinfo_t@@PADPAEH@Z 0041c384 f   snd_mem.obj
 0001:0001b5c6       ?S_WriteLinearBlastStereo16@@YAXXZ 0041c5c6 f   snd_mix.obj
 0001:0001b63a       ?S_TransferStereo16@@YAXPAKH@Z 0041c63a f   snd_mix.obj
 0001:0001b6a3       ?S_TransferPaintBuffer@@YAXH@Z 0041c6a3 f   snd_mix.obj
 0001:0001b807       ?S_PaintChannels@@YAXH@Z   0041c807 f   snd_mix.obj
 0001:0001ba83       ?S_InitScaletable@@YAXXZ   0041ca83 f   snd_mix.obj
 0001:0001bc44       ?SV_ComputeAnimation@@YAXPAUplayer_state_t@@AAUentityStateEx_t@@PAU2@PAUedict_s@@@Z 0041cc44 f   sv_anim.obj
 0001:0001c041       ?SV_ReadLevelFile@@YAXXZ   0041d041 f   sv_ccmds.obj
 0001:0001c0ef       ?SV_AddressBanned@@YA_NPAUnetadr_t@@@Z 0041d0ef f   sv_ccmds.obj
 0001:0001c130       ?SV_InitCommands@@YAXXZ    0041d130 f   sv_ccmds.obj
 0001:0001d59c       ?SV_WriteFrameToClient@@YAXPAUclient_t@@PAVsizebuf_t@@@Z 0041e59c f   sv_ents.obj
 0001:0001dce2       ?SV_RecordDemoMessage@@YAXXZ 0041ece2 f   sv_ents.obj
 0001:0001e8b4       ?SV_InitGameLibrary@@YAX_N@Z 0041f8b4 f   sv_game.obj
 0001:0001e9fa       ?SV_ShutdownGameLibrary@@YAXXZ 0041f9fa f   sv_game.obj
 0001:0001eb57       ?SV_FindIndex@@YAHPBDHH_N@Z 0041fb57 f   sv_init.obj
 0001:0001ec64       ?SV_ModelIndex@@YAHPBD@Z   0041fc64 f   sv_init.obj
 0001:0001ec7a       ?SV_SoundIndex@@YAHPBD@Z   0041fc7a f   sv_init.obj
 0001:0001ec93       ?SV_ImageIndex@@YAHPBD@Z   0041fc93 f   sv_init.obj
 0001:0001ecac       ?SV_CreateBaseline@@YAXXZ  0041fcac f   sv_init.obj
 0001:0001ed29       ?SV_SpawnServer@@YAXPAD0W4server_state_t@@_N2@Z 0041fd29 f   sv_init.obj
 0001:0001f051       ?SV_InitGame@@YAXXZ        00420051 f   sv_init.obj
 0001:0001f287       ?SV_Map@@YAX_NPBD0@Z       00420287 f   sv_init.obj
 0001:0001f449       ?SV_DropClient@@YAXPAUclient_t@@PAD@Z 00420449 f   sv_main.obj
 0001:0001fd58       ?SV_ConnectionlessPacket@@YAXXZ 00420d58 f   sv_main.obj
 0001:0001fe23       ?SV_CalcPings@@YAXXZ       00420e23 f   sv_main.obj
 0001:0001feaa       ?SV_GiveMsec@@YAXXZ        00420eaa f   sv_main.obj
 0001:0001fee9       ?SV_ReadPackets@@YAXXZ     00420ee9 f   sv_main.obj
 0001:00020031       ?SV_CheckTimeouts@@YAXXZ   00421031 f   sv_main.obj
 0001:00020142       ?SV_PostprocessFrame@@YAXXZ 00421142 f   sv_main.obj
 0001:000205ff       ?SV_MulticastHook@@YAPAVsizebuf_t@@PAV1@0@Z 004215ff f   sv_main.obj
 0001:000209ef       ?SV_TraceHook@@YA?AUtrace_t@@ABUCVec3@@PBU2@10PAUedict_s@@H@Z 004219ef f   sv_main.obj
 0001:00020b8d       ?SV_Frame@@YAXM@Z          00421b8d f   sv_main.obj
 0001:00020e40       ?SV_UserinfoChanged@@YAXPAUclient_t@@@Z 00421e40 f   sv_main.obj
 0001:00020f04       ?SV_InitVars@@YAXXZ        00421f04 f   sv_main.obj
 0001:00020f13       ?SV_Init@@YAXXZ            00421f13 f   sv_main.obj
 0001:00020f6c       ?SV_Shutdown@@YAXPBD_N@Z   00421f6c f   sv_main.obj
 0001:00021173       ?SV_BeginRedirect@@YAXXZ   00422173 f   sv_send.obj
 0001:0002121d       ?SV_ClientPrintf@@YAXPAUclient_t@@HPBDZZ 0042221d f   sv_send.obj
 0001:00021278       ?SV_BroadcastPrintf@@YAXHPBDZZ 00422278 f   sv_send.obj
 0001:0002134e       ?SV_BroadcastCommand@@YAXPBDZZ 0042234e f   sv_send.obj
 0001:000213a6       ?SV_Multicast@@YAXABUCVec3@@W4multicast_t@@_N@Z 004223a6 f   sv_send.obj
 0001:000215cc       ?SV_MulticastOld@@YAXABUCVec3@@W4multicast_t@@@Z 004225cc f   sv_send.obj
 0001:000215df       ?SV_MulticastNew@@YAXABUCVec3@@W4multicast_t@@@Z 004225df f   sv_send.obj
 0001:000215f2       ?SV_StartSound@@YAXPBUCVec3@@PAUedict_s@@HHMMM_N@Z 004225f2 f   sv_send.obj
 0001:000218bf       ?SV_StartSoundOld@@YAXPBUCVec3@@PAUedict_s@@HHMMM@Z 004228bf f   sv_send.obj
 0001:000218ef       ?SV_StartSoundNew@@YAXPBUCVec3@@PAUedict_s@@HHMMM@Z 004228ef f   sv_send.obj
 0001:0002191f       ?SV_SendClientDatagram@@YA_NPAUclient_t@@@Z 0042291f f   sv_send.obj
 0001:000219e1       ?SV_DemoCompleted@@YAXXZ   004229e1 f   sv_send.obj
 0001:000219fd       ?SV_RateDrop@@YA_NPAUclient_t@@@Z 004229fd f   sv_send.obj
 0001:00021a47       ?SV_SendClientMessages@@YAXXZ 00422a47 f   sv_send.obj
 0001:00021bae       ?SV_DrawText3D@@YAXABUCVec3@@PBDI@Z 00422bae f   sv_text.obj
 0001:00021be5       ?SV_ClearTexts@@YAXXZ      00422be5 f   sv_text.obj
 0001:00021bed       ?SV_DrawTexts@@YAXXZ       00422bed f   sv_text.obj
 0001:00021c3e       ?SV_TokenizeString@@YAXPBD@Z 00422c3e f   sv_tokenize.obj
 0001:00021d15       ?SV_Argc@@YAHXZ            00422d15 f   sv_tokenize.obj
 0001:00021d1b       ?SV_Argv@@YAPADH@Z         00422d1b f   sv_tokenize.obj
 0001:00021d35       ?SV_Args@@YAPADXZ          00422d35 f   sv_tokenize.obj
 0001:000225d5       ?SV_Nextserver@@YAXXZ      004235d5 f   sv_user.obj
 0001:00022664       ?SV_ClientThink@@YAXPAUclient_t@@PAUusercmd_t@@@Z 00423664 f   sv_user.obj
 0001:000226a7       ?SV_ExecuteClientMessage@@YAXPAUclient_t@@@Z 004236a7 f   sv_user.obj
 0001:0002296e       ?SV_ClearWorld@@YAXXZ      0042396e f   sv_world.obj
 0001:00022aa9       ?SV_UnlinkEdict@@YAXPAUedict_s@@@Z 00423aa9 f   sv_world.obj
 0001:00022b6c       ?SV_LinkEdict@@YAXPAUedict_s@@@Z 00423b6c f   sv_world.obj
 0001:00023157       ?SV_AreaEdicts@@YAHABUCVec3@@0PAPAUedict_s@@HH@Z 00424157 f   sv_world.obj
 0001:00023308       ?SV_PointContents@@YAHABUCVec3@@@Z 00424308 f   sv_world.obj
 0001:0002342f       ?SV_Trace@@YAXAAUtrace_t@@ABUCVec3@@1ABUCBox@@PAUedict_s@@H@Z 0042442f f   sv_world.obj
 0001:000238ae       ?InitByteDirs@@YAXXZ       004248ae f   anorms.obj
 0001:000238ed       ?Cbuf_AddText@@YAXPBD@Z    004248ed f   cmd.obj
 0001:0002394f       ?Cbuf_CopyToDefer@@YAXXZ   0042494f f   cmd.obj
 0001:00023997       ?Cbuf_InsertFromDefer@@YAXXZ 00424997 f   cmd.obj
 0001:00023a50       ?Cbuf_Execute@@YAXXZ       00424a50 f   cmd.obj
 0001:00023b56       ?Cmd_Unalias_f@@YAX_NHPAPAD@Z 00424b56 f   cmd.obj
 0001:00023bcc       ?Cmd_WriteAliases@@YAXPAU_iobuf@@@Z 00424bcc f   cmd.obj
 0001:00023bfd       ?RegisterCommand@@YA_NPBDP6AXXZH@Z 00424bfd f   cmd.obj
 0001:00023ccb       ?UnregisterCommand@@YA_NPBD@Z 00424ccb f   cmd.obj
 0001:00023d5c       ?Cmd_ExecuteString@@YA_NPBD@Z 00424d5c f   cmd.obj
 0001:000241af       ?ExecuteCommand@@YA_NPBDPBUCSimpleCommand@@H@Z 004251af f   cmd.obj
 0001:000245d9       ?CM_LoadMap@@YAPAUcmodel_t@@PBD_NPAI@Z 004255d9 f   cmodel.obj
 0001:00024d0a       ?SetSignbits@cplane_t@@QAEXXZ 00425d0a f i cmodel.obj
 0001:00024d3e       ?SetType@cplane_t@@QAEXXZ  00425d3e f i cmodel.obj
 0001:00024efa       ?CM_InlineModel@@YAPAUcmodel_t@@PBD@Z 00425efa f   cmodel.obj
 0001:00024f3b       ?CM_NumClusters@@YAHXZ     00425f3b f   cmodel.obj
 0001:00024f41       ?CM_NumInlineModels@@YAHXZ 00425f41 f   cmodel.obj
 0001:00024f47       ?CM_EntityString@@YAPBDXZ  00425f47 f   cmodel.obj
 0001:00024f4d       ?CM_LeafContents@@YAHH@Z   00425f4d f   cmodel.obj
 0001:00024f74       ?CM_LeafCluster@@YAHH@Z    00425f74 f   cmodel.obj
 0001:00024fea       ?CM_LeafArea@@YAHH@Z       00425fea f   cmodel.obj
 0001:000251ad       ?CM_HeadnodeForBox@@YAHABUCBox@@@Z 004261ad f   cmodel.obj
 0001:00025262       ?CM_PointLeafnum@@YAHABUCVec3@@H@Z 00426262 f   cmodel.obj
 0001:00025305       ?DistanceTo@cplane_t@@QAEMABUCVec3@@@Z 00426305 f i cmodel.obj
 0001:00025349       ?CM_PointContents@@YAHABUCVec3@@H@Z 00426349 f   cmodel.obj
 0001:000253be       ?CM_TransformedPointContents@@YAHABUCVec3@@H00@Z 004263be f   cmodel.obj
 0001:0002549f       ?CM_TransformedPointContents@@YAHABUCVec3@@H0ABUCAxis@@@Z 0042649f f   cmodel.obj
 0001:0002554a       ?CM_BoxLeafnums@@YAHABUCBox@@PAHH1H@Z 0042654a f   cmodel.obj
 0001:00025653       ?BOX_ON_PLANE_SIDE@@YAHABUCBox@@ABUcplane_t@@@Z 00426653 f i cmodel.obj
 0001:000256bd       ?CM_BoxTrace@@YAXAAUtrace_t@@ABUCVec3@@1ABUCBox@@HH@Z 004266bd f   cmodel.obj
 0001:0002605f       ?CM_TransformedBoxTrace@@YAXAAUtrace_t@@ABUCVec3@@1ABUCBox@@HH11@Z 0042705f f   cmodel.obj
 0001:000261dc       ?CM_TransformedBoxTrace@@YAXAAUtrace_t@@ABUCVec3@@1ABUCBox@@HH1ABUCAxis@@@Z 004271dc f   cmodel.obj
 0001:00026299       ?CM_BrushTrace@@YAHABUCVec3@@0PAHH@Z 00427299 f   cmodel.obj
 0001:000266ab       ?CM_RefineBrushTrace@@YAHABUCVec3@@0PAHH@Z 004276ab f   cmodel.obj
 0001:00026751       ?CM_ClusterPVS@@YAPAEH@Z   00427751 f   cmodel.obj
 0001:00026895       ?CM_ClusterPHS@@YAPAEH@Z   00427895 f   cmodel.obj
 0001:000269f8       ?CM_SetAreaPortalState@@YAXH_N@Z 004279f8 f   cmodel.obj
 0001:00026a1d       ?CM_AreasConnected@@YA_NHH@Z 00427a1d f   cmodel.obj
 0001:00026a61       ?CM_WriteAreaBits@@YAHPAEH@Z 00427a61 f   cmodel.obj
 0001:00026b03       ?CM_WritePortalState@@YAXPAU_iobuf@@@Z 00427b03 f   cmodel.obj
 0001:00026b1d       ?CM_ReadPortalState@@YAXPAU_iobuf@@@Z 00427b1d f   cmodel.obj
 0001:00026b3b       ?CM_HeadnodeVisible@@YA_NHPBE@Z 00427b3b f   cmodel.obj
 0001:00026c16       ?Com_BeginRedirect@@YAXPADHP6AX0@Z@Z 00427c16 f   common.obj
 0001:00026c43       ?Com_EndRedirect@@YAXXZ    00427c43 f   common.obj
 0001:00026c62       ?Com_Printf@@YAXPBDZZ      00427c62 f   common.obj
 0001:00026e5a       ?Com_DPrintf@@YAXPBDZZ     00427e5a f   common.obj
 0001:00026ed3       ?DebugPrintf@@YAXPBDZZ     00427ed3 f   common.obj
 0001:00026f7d       ?Com_WPrintf@@YAXPBDZZ     00427f7d f   common.obj
 0001:00026fd7       ?Com_Quit@@YAXXZ           00427fd7 f   common.obj
 0001:00026ff7       ?IPWildcard@@YA_NPAUnetadr_t@@PBD@Z 00427ff7 f   common.obj
 0001:000270d1       ?Com_ServerState@@YA?AW4server_state_t@@XZ 004280d1 f   common.obj
 0001:000270d7       ?Com_SetServerState@@YAXW4server_state_t@@@Z 004280d7 f   common.obj
 0001:000270e1       ?frand@@YAMXZ              004280e1 f   common.obj
 0001:000270f9       ?crand@@YAMXZ              004280f9 f   common.obj
 0001:00027117       ?Info_ValueForKey@@YAPBDPBD0@Z 00428117 f   common.obj
 0001:00027196       ?Info_SetValueForKey@@YAXPADPBD1@Z 00428196 f   common.obj
 0001:000272f9       ?Info_Print@@YAXPBD@Z      004282f9 f   common.obj
 0001:0002737f       ?Com_CheckCmdlineVar@@YA_NPBD@Z 0042837f f   common.obj
 0001:000273d5       ?Com_Init@@YAXPBD@Z        004283d5 f   common.obj
 0001:00027794       ?Com_Frame@@YAXM@Z         00428794 f   common.obj
 0001:00027ac1       ?Com_Shutdown@@YAXXZ       00428ac1 f   common.obj
 0001:00027ada       ?Com_BlockSequenceCRCByte@@YAEPAEHH@Z 00428ada f   crc.obj
 0001:00027b90       ?Cvar_VariableValue@@YAMPBD@Z 00428b90 f   cvar.obj
 0001:00027bfe       ?Cvar_VariableInt@@YAHPBD@Z 00428bfe f   cvar.obj
 0001:00027c11       ?Cvar_VariableString@@YAPBDPBD@Z 00428c11 f   cvar.obj
 0001:00027c29       ?Cvar_Get@@YAPAUcvar_t@@PBD0H@Z 00428c29 f   cvar.obj
 0001:00027f72       ?Cvar_GetVars@@YAXPBUcvarInfo_t@@H@Z 00428f72 f   cvar.obj
 0001:0002801c       ?Cvar_FullSet@@YAXPAUcvar_t@@PBDI@Z 0042901c f   cvar.obj
 0001:0002804e       ?Cvar_FullSet@@YAPAUcvar_t@@PBD0I@Z 0042904e f   cvar.obj
 0001:0002808e       ?Cvar_SetValue@@YAPAUcvar_t@@PBDM@Z 0042908e f   cvar.obj
 0001:0002825b       ?Cvar_SetInteger@@YAPAUcvar_t@@PBDH@Z 0042925b f   cvar.obj
 0001:0002827d       ?Cvar_Set@@YAPAUcvar_t@@PBD0@Z 0042927d f   cvar.obj
 0001:00028292       ?Cvar_ForceSet@@YAPAUcvar_t@@PBD0@Z 00429292 f   cvar.obj
 0001:000282a7       ?Cvar_Clamp@@YAMPAUcvar_t@@MM@Z 004292a7 f   cvar.obj
 0001:00028305       ?Cvar_Command@@YA_NHPAPAD@Z 00429305 f   cvar.obj
 0001:0002839e       ?IsDefault@cvar_t@@QAE_NXZ 0042939e f i cvar.obj
 0001:000283bb       ?Cvar_WriteVariables@@YAXPAU_iobuf@@HHPBD@Z 004293bb f   cvar.obj
 0001:00028443       ?Cvar_Userinfo@@YAPBDXZ    00429443 f   cvar.obj
 0001:0002849e       ?Cvar_Serverinfo@@YAPBDXZ  0042949e f   cvar.obj
 0001:000284a7       ?Cvar_Cheats@@YAX_N@Z      004294a7 f   cvar.obj
 0001:00028d1b       ?MSG_WriteDeltaEntity@@YAXPAVsizebuf_t@@PBUentityStateEx_t@@PAU2@_N33@Z 00429d1b f   entdelta.obj
 0001:000292d7       ?MSG_WriteRemoveEntity@@YAXPAVsizebuf_t@@H@Z 0042a2d7 f   entdelta.obj
 0001:00029317       ?MSG_ReadEntityBits@@YAHPAVsizebuf_t@@PAIPA_N@Z 0042a317 f   entdelta.obj
 0001:00029388       ?MSG_ReadDeltaEntity@@YAXPAVsizebuf_t@@PBUentityStateEx_t@@PAU2@I@Z 0042a388 f   entdelta.obj
 0001:0002940b       ?MSG_WriteDeltaUsercmd@@YAXPAVsizebuf_t@@PBUusercmd_t@@PAU2@@Z 0042a40b f   entdelta.obj
 0001:0002949a       ?MSG_ReadDeltaUsercmd@@YAXPAVsizebuf_t@@PBUusercmd_t@@PAU2@@Z 0042a49a f   entdelta.obj
 0001:0002979d       ?MSG_WriteDeltaPlayerstate@@YAXPAVsizebuf_t@@PBUplayer_state_t@@PAU2@@Z 0042a79d f   entdelta.obj
 0001:000298a6       ?MSG_ReadDeltaPlayerstate@@YAXPAVsizebuf_t@@PBUplayer_state_t@@PAU2@@Z 0042a8a6 f   entdelta.obj
 0001:0002997a       ?FS_CreatePath@@YAXPBD@Z   0042a97a f   files.obj
 0001:000299e0       ?FS_CopyFile@@YAXPBD0@Z    0042a9e0 f   files.obj
 0001:00029ae3       ?FS_CopyFiles@@YAXPBD0@Z   0042aae3 f   files.obj
 0001:00029bbc       ?FS_RemoveFiles@@YAXPBD@Z  0042abbc f   files.obj
 0001:00029c30       ?FS_FCloseFile@@YAXPAVQFILE@@@Z 0042ac30 f   files.obj
 0001:00029cce       ?FS_FOpenFile@@YAPAVQFILE@@PBDPAH@Z 0042acce f   files.obj
 0001:0002a1f1       ?FS_FileExists@@YA_NPBD@Z  0042b1f1 f   files.obj
 0001:0002a40a       ?FS_Read@@YAXPAXHPAVQFILE@@@Z 0042b40a f   files.obj
 0001:0002a66e       ?FS_LoadFile@@YAPAXPBDPAI@Z 0042b66e f   files.obj
 0001:0002a6c4       ?FS_FreeFile@@YAXPAX@Z     0042b6c4 f   files.obj
 0001:0002a6cf       ?FS_Gamedir@@YAPBDXZ       0042b6cf f   files.obj
 0001:0002a6e3       ?FS_LoadGameConfig@@YAXXZ  0042b6e3 f   files.obj
 0001:0002a7a3       ?FS_SetGamedir@@YA_NPBD@Z  0042b7a3 f   files.obj
 0001:0002ae79       ?FS_ListFiles@@YA?AV?$TList@VCStringItem@@@@PBDH@Z 0042be79 f   files.obj
 0001:0002b21a       ?FS_NextPath@@YAPADPBD@Z   0042c21a f   files.obj
 0001:0002b23e       ?FS_InitFilesystem@@YAXXZ  0042c23e f   files.obj
 0001:0002bbdd       ?CreateAndInsert@?$TList@VCStringItem@@@@QAEPAVCStringItem@@PBD@Z 0042cbdd f i files.obj
 0001:0002bbff       ?LoadPCX@@YAXPBDAAPAE1AAH2@Z 0042cbff f   images.obj
 0001:0002bd36       ?LoadTGA@@YAXPBDAAPAEAAH2@Z 0042cd36 f   images.obj
 0001:0002bf0c       ?LoadJPG@@YAXPBDAAPAEAAH2@Z 0042cf0c f   images.obj
 0001:0002c198       ?ImageExists@@YAHPBDH@Z    0042d198 f   images.obj
 0001:0002c2ba       ?WriteTGA@@YA_NPBDPAEHH@Z  0042d2ba f   images.obj
 0001:0002c4ae       ?WriteJPG@@YA_NPBDPAEHH_N@Z 0042d4ae f   images.obj
 0001:0002c5df       ?MD4Init@@YAXPAUMD4_CTX@@@Z 0042d5df f   md4.obj
 0001:0002c607       ?MD4Update@@YAXPAUMD4_CTX@@PAEI@Z 0042d607 f   md4.obj
 0001:0002c6a5       ?MD4Final@@YAXQAEPAUMD4_CTX@@@Z 0042d6a5 f   md4.obj
 0001:0002cd96       ?Com_BlockChecksum@@YAIPAXH@Z 0042dd96 f   md4.obj
 0001:0002cdd2       ?LoadQ2BspFile@@YAXXZ      0042ddd2 f   model.obj
 0001:0002d188       ?LoadBspFile@@YAPAUbspfile_t@@PBD_NPAI@Z 0042e188 f   model.obj
 0001:0002d336       ?ProcessEntstring@@YAPADPAD@Z 0042e336 f   model.obj
 0001:0002e1dd       ?Init@sizebuf_t@@QAEXPAXH@Z 0042f1dd f   msg.obj
 0001:0002e1f8       ?Write@sizebuf_t@@QAEXPBXH@Z 0042f1f8 f   msg.obj
 0001:0002e268       ?MSG_WriteChar@@YAXPAVsizebuf_t@@H@Z 0042f268 f   msg.obj
 0001:0002e268       ?MSG_WriteByte@@YAXPAVsizebuf_t@@H@Z 0042f268 f   msg.obj
 0001:0002e279       ?MSG_WriteShort@@YAXPAVsizebuf_t@@H@Z 0042f279 f   msg.obj
 0001:0002e28a       ?MSG_WriteLong@@YAXPAVsizebuf_t@@H@Z 0042f28a f   msg.obj
 0001:0002e28a       ?MSG_WriteFloat@@YAXPAVsizebuf_t@@M@Z 0042f28a f   msg.obj
 0001:0002e29b       ?MSG_WriteString@@YAXPAVsizebuf_t@@PBD@Z 0042f29b f   msg.obj
 0001:0002e2c5       ?MSG_WritePos@@YAXPAVsizebuf_t@@ABUCVec3@@@Z 0042f2c5 f   msg.obj
 0001:0002e329       ?MSG_WriteAngle@@YAXPAVsizebuf_t@@M@Z 0042f329 f   msg.obj
 0001:0002e354       ?MSG_WriteAngle16@@YAXPAVsizebuf_t@@M@Z 0042f354 f   msg.obj
 0001:0002e37f       ?MSG_WriteDir@@YAXPAVsizebuf_t@@ABUCVec3@@@Z 0042f37f f   msg.obj
 0001:0002e3e7       ?MSG_ReadDir@@YAXPAVsizebuf_t@@AAUCVec3@@@Z 0042f3e7 f   msg.obj
 0001:0002e418       ?MSG_ReadChar@@YAHPAVsizebuf_t@@@Z 0042f418 f   msg.obj
 0001:0002e438       ?MSG_ReadByte@@YAHPAVsizebuf_t@@@Z 0042f438 f   msg.obj
 0001:0002e458       ?MSG_ReadShort@@YAHPAVsizebuf_t@@@Z 0042f458 f   msg.obj
 0001:0002e478       ?MSG_ReadLong@@YAHPAVsizebuf_t@@@Z 0042f478 f   msg.obj
 0001:0002e497       ?MSG_ReadString@@YAPADPAVsizebuf_t@@@Z 0042f497 f   msg.obj
 0001:0002e4ca       ?MSG_ReadPos@@YAXPAVsizebuf_t@@AAUCVec3@@@Z 0042f4ca f   msg.obj
 0001:0002e51c       ?MSG_ReadAngle@@YAMPAVsizebuf_t@@@Z 0042f51c f   msg.obj
 0001:0002e536       ?MSG_ReadAngle16@@YAMPAVsizebuf_t@@@Z 0042f536 f   msg.obj
 0001:0002e550       ?MSG_ReadData@@YAXPAVsizebuf_t@@PAXH@Z 0042f550 f   msg.obj
 0001:0002e573       ?Netchan_Init@@YAXXZ       0042f573 f   net_chan.obj
 0001:0002e5e7       ?Netchan_OutOfBandPrint@@YAXW4netsrc_t@@Unetadr_t@@PBDZZ 0042f5e7 f   net_chan.obj
 0001:0002e66e       ?Setup@netchan_t@@QAEXW4netsrc_t@@Unetadr_t@@H@Z 0042f66e f   net_chan.obj
 0001:0002e6c6       ?NeedReliable@netchan_t@@QAE_NXZ 0042f6c6 f   net_chan.obj
 0001:0002e6eb       ?Transmit@netchan_t@@QAEXPAXH@Z 0042f6eb f   net_chan.obj
 0001:0002e888       ?Process@netchan_t@@QAE_NPAVsizebuf_t@@@Z 0042f888 f   net_chan.obj
 0001:0002e9b6       ?Pmove@@YAXPAUpmove_t@@@Z  0042f9b6 f   pmove.obj
 0001:0003069f       ?NormalizeColor@@YAMABUCVec3@@AAU1@@Z 0043169f f   q_shared2.obj
 0001:000306fb       ?NormalizeColor255@@YAMABUCVec3@@AAU1@@Z 004316fb f   q_shared2.obj
 0001:0003075b       ?appRsqrt@@YAMM@Z          0043175b f   q_shared2.obj
 0001:00030787       ?AngleVectors@@YAXABUCVec3@@PAU1@11@Z 00431787 f   q_shared2.obj
 0001:000308e8       ?MakeNormalVectors@@YAXABUCVec3@@AAU1@1@Z 004318e8 f   q_shared2.obj
 0001:00030957       ?Vec2Angles@@YAXABUCVec3@@AAU1@@Z 00431957 f   q_shared2.obj
 0001:00030a5a       ?Vec2Yaw@@YAMABUCVec3@@@Z  00431a5a f   q_shared2.obj
 0001:00030acd       ?VectorLength@@YAMABUCVec3@@@Z 00431acd f   q_shared2.obj
 0001:00030afc       ?VectorDistance@@YAMABUCVec3@@0@Z 00431afc f   q_shared2.obj
 0001:00030b2d       ?LerpAngle@@YAMMMM@Z       00431b2d f   q_shared2.obj
 0001:00030b70       ?AngleMod@@YAMM@Z          00431b70 f   q_shared2.obj
 0001:00030b9c       ?AngleSubtract@@YAMMM@Z    00431b9c f   q_shared2.obj
 0001:00030bd3       ?AnglesSubtract@@YAXABUCVec3@@0AAU1@@Z 00431bd3 f   q_shared2.obj
 0001:00030c2b       ?Normalize@CVec3@@QAEMXZ   00431c2b f   q_shared2.obj
 0001:00030c7d       ?VectorNormalize@@YAMABUCVec3@@AAU1@@Z 00431c7d f   q_shared2.obj
 0001:00030cd5       ?NormalizeFast@CVec3@@QAEMXZ 00431cd5 f   q_shared2.obj
 0001:00030d26       ?cross@@YAXABUCVec3@@0AAU1@@Z 00431d26 f   q_shared2.obj
 0001:00030d61       ?Clear@CBox@@QAEXXZ        00431d61 f   q_shared2.obj
 0001:00030d7f       ?Expand@CBox@@QAEXABUCVec3@@@Z 00431d7f f   q_shared2.obj
 0001:00030dae       ?Expand@CBox@@QAEXABU1@@Z  00431dae f   q_shared2.obj
 0001:00030dea       ?GetCenter@CBox@@QAEXAAUCVec3@@@Z 00431dea f   q_shared2.obj
 0001:00030e0a       ?OnPlaneSide@CBox@@QBEHABUcplane_t@@@Z 00431e0a f   q_shared2.obj
 0001:00030f39       ?FromAngles@CAxis@@QAEXABUCVec3@@@Z 00431f39 f   q_shared2.obj
 0001:00030f78       ?TransformVector@CAxis@@QBEXABUCVec3@@AAU2@@Z 00431f78 f   q_shared2.obj
 0001:00030fc9       ?UnTransformVector@CAxis@@QBEXABUCVec3@@AAU2@@Z 00431fc9 f   q_shared2.obj
 0001:0003102d       ?TransformAxis@CAxis@@QBEXABU1@AAU1@@Z 0043202d f   q_shared2.obj
 0001:00031073       ?UnTransformAxis@CAxis@@QBEXABU1@AAU1@@Z 00432073 f   q_shared2.obj
 0001:000310b9       ?TransformPoint@CCoords@@QBEXABUCVec3@@AAU2@@Z 004320b9 f   q_shared2.obj
 0001:00031117       ?UnTransformPoint@CCoords@@QBEXABUCVec3@@AAU2@@Z 00432117 f   q_shared2.obj
 0001:00031184       ?UnTransformCoords@CCoords@@QBEXABU1@AAU1@@Z 00432184 f   q_shared2.obj
 0001:000311ae       ?TransformPlane@CCoords@@QBEXABUcplane_t@@AAU2@@Z 004321ae f   q_shared2.obj
 0001:000311e6       ?TransformPoint@@YAXABUCVec3@@ABUCAxis@@0AAU1@@Z 004321e6 f   q_shared2.obj
 0001:00031249       ?UnTransformPoint@@YAXABUCVec3@@ABUCAxis@@0AAU1@@Z 00432249 f   q_shared2.obj
 0001:000312b9       ?ShortSwap@@YAFF@Z         004322b9 f   q_shared2.obj
 0001:000312ce       ?COM_Parse@@YAPADAAPBD_N@Z 004322ce f   q_shared2.obj
 0001:000313ee       ?COM_QuoteString@@YAPBDPBD_N@Z 004323ee f   q_shared2.obj
 0001:00031449       ?Zip_OpenArchive@@YAPAU_iobuf@@PBD@Z 00432449 f   zip.obj
 0001:000314b4       ?Zip_CloseArchive@@YAXPAU_iobuf@@@Z 004324b4 f   zip.obj
 0001:000314c0       ?Zip_EnumArchive@@YA_NPAU_iobuf@@P6A_NPAUzipFile_t@@@Z@Z 004324c0 f   zip.obj
 0001:0003169d       ?Zip_OpenFile@@YAPAUZFILE@@PAU_iobuf@@PAUzipFile_t@@@Z 0043269d f   zip.obj
 0001:00031781       ?Zip_ReadFile@@YAHPAUZFILE@@PAXH@Z 00432781 f   zip.obj
 0001:00031877       ?Zip_CloseFile@@YA_NPAUZFILE@@@Z 00432877 f   zip.obj
 0001:000318bb       ?Zip_OpenBuf@@YAPAUZBUF@@PAXH@Z 004328bb f   zip.obj
 0001:000318f9       ?Zip_ReadBuf@@YAHPAUZBUF@@PAXH@Z 004328f9 f   zip.obj
 0001:00031941       ?Zip_CloseBuf@@YAXPAUZBUF@@@Z 00432941 f   zip.obj
 0001:00031956       _zcalloc                   00432956 f   zip.obj
 0001:0003196a       _zcfree                    0043296a f   zip.obj
 0001:00031975       ?CDAudio_Play2@@YAXH_N@Z   00432975 f   cd_win.obj
 0001:00031b54       ?CDAudio_Play@@YAXH_N@Z    00432b54 f   cd_win.obj
 0001:00031b6b       ?CDAudio_Stop@@YAXXZ       00432b6b f   cd_win.obj
 0001:00031bb0       ?CDAudio_Pause@@YAXXZ      00432bb0 f   cd_win.obj
 0001:00031c09       ?CDAudio_Resume@@YAXXZ     00432c09 f   cd_win.obj
 0001:00031c78       ?CDAudio_Update@@YAXXZ     00432c78 f   cd_win.obj
 0001:00031cac       ?CDAudio_Init@@YAHXZ       00432cac f   cd_win.obj
 0001:0003210e       ?CDAudio_Shutdown@@YAXXZ   0043310e f   cd_win.obj
 0001:00032141       ?CDAudio_Activate@@YAX_N@Z 00433141 f   cd_win.obj
 0001:00032152       ?IN_Commands@@YAXXZ        00433152 f   in_win.obj
 0001:0003227a       ?IN_Init@@YAXXZ            0043327a f   in_win.obj
 0001:000326b9       ?IN_Shutdown@@YAXXZ        004336b9 f   in_win.obj
 0001:00032908       ?IN_Move@@YAXPAUusercmd_t@@@Z 00433908 f   in_win.obj
 0001:00032ee5       ?IN_Activate@@YAX_N@Z      00433ee5 f   in_win.obj
 0001:00032eef       ?IN_Frame@@YAXXZ           00433eef f   in_win.obj
 0001:00033257       ?NetadrToSockadr@@YAXPAUnetadr_t@@PAUsockaddr@@@Z 00434257 f   net_wins.obj
 0001:000332dc       ?SockadrToNetadr@@YAXPAUsockaddr@@PAUnetadr_t@@@Z 004342dc f   net_wins.obj
 0001:0003332c       ?NET_CompareAdr@@YA_NPAUnetadr_t@@0@Z 0043432c f   net_wins.obj
 0001:00033382       ?NET_CompareBaseAdr@@YA_NPAUnetadr_t@@0@Z 00434382 f   net_wins.obj
 0001:000333cd       ?NET_AdrToString@@YAPADPAUnetadr_t@@@Z 004343cd f   net_wins.obj
 0001:00033486       ?NET_StringToAdr@@YA_NPBDPAUnetadr_t@@@Z 00434486 f   net_wins.obj
 0001:00033710       ?NET_IsLocalAddress@@YA_NPAUnetadr_t@@@Z 00434710 f   net_wins.obj
 0001:0003371c       ?NET_GetLoopPacket@@YA_NW4netsrc_t@@PAUnetadr_t@@PAVsizebuf_t@@@Z 0043471c f   net_wins.obj
 0001:000337a7       ?NET_SendLoopPacket@@YAXW4netsrc_t@@HPAXUnetadr_t@@@Z 004347a7 f   net_wins.obj
 0001:000337fc       ?NET_GetPacket@@YA_NW4netsrc_t@@PAUnetadr_t@@PAVsizebuf_t@@@Z 004347fc f   net_wins.obj
 0001:00033919       ?NET_SendPacket@@YAXW4netsrc_t@@HPAXUnetadr_t@@@Z 00434919 f   net_wins.obj
 0001:000339ea       ?NET_Config@@YAX_N@Z       004349ea f   net_wins.obj
 0001:00033d5f       ?NET_Init@@YAXXZ           00434d5f f   net_wins.obj
 0001:00033e19       ?Sys_Mkdir@@YAXPAD@Z       00434e19 f   fs_win.obj
 0001:00033e25       ?Sys_FindFirst@@YAPBDPBDH@Z 00434e25 f   fs_win.obj
 0001:00033edf       ?Sys_FindNext@@YAPBDXZ     00434edf f   fs_win.obj
 0001:00033f49       ?Sys_FindClose@@YAXXZ      00434f49 f   fs_win.obj
 0001:00033f63       ?Sys_FileExists@@YA_NPBDH@Z 00434f63 f   fs_win.obj
 0001:00033f81       ?SNDDMA_Init@@YA_NXZ       00434f81 f   snd_win.obj
 0001:000345c0       ?SNDDMA_GetDMAPos@@YAHXZ   004355c0 f   snd_win.obj
 0001:0003460a       ?SNDDMA_BeginPainting@@YAXXZ 0043560a f   snd_win.obj
 0001:00034722       ?SNDDMA_Submit@@YAXXZ      00435722 f   snd_win.obj
 0001:00034747       ?SNDDMA_Shutdown@@YAXXZ    00435747 f   snd_win.obj
 0001:0003474c       ?S_Activate@@YAX_N@Z       0043574c f   snd_win.obj
 0001:00034777       ?Sys_Quit@@YAXXZ           00435777 f   sys_win.obj
 0001:0003482f       ?Sys_ConsoleInput@@YAPADXZ 0043582f f   sys_win.obj
 0001:00034aea       ?Sys_ConsoleOutput@@YAXPBD@Z 00435aea f   sys_win.obj
 0001:00034bb1       ?Sys_SendKeyEvents@@YAXXZ  00435bb1 f   sys_win.obj
 0001:00034c69       ?Sys_UnloadGame@@YAXXZ     00435c69 f   sys_win.obj
 0001:00034ce4       ?Sys_GetGameAPI@@YAPAXPAX@Z 00435ce4 f   sys_win.obj
 0001:00034e3b       _WinMain@16                00435e3b f   sys_win.obj
 0001:000350c1       ?AddMsgHook@@YAXP6A_NIIJ@Z@Z 004360c1 f   vid_dll.obj
 0001:00035105       ?RemoveMsgHook@@YAXP6A_NIIJ@Z@Z 00436105 f   vid_dll.obj
 0001:00035134       ?Vid_CreateWindow@@YAPAXHH_N@Z 00436134 f   vid_dll.obj
 0001:00035836       ?Vid_DestroyWindow@@YAX_N@Z 00436836 f   vid_dll.obj
 0001:00035871       ?Vid_Restart@@YAXXZ        00436871 f   vid_dll.obj
 0001:0003587d       ?Vid_GetModeInfo@@YA_NPAH0H@Z 0043687d f   vid_dll.obj
 0001:000358ad       ?Vid_Tick@@YAXXZ           004368ad f   vid_dll.obj
 0001:00035a5d       ?Vid_Init@@YAXXZ           00436a5d f   vid_dll.obj
 0001:00035b23       ?Vid_Shutdown@@YAXXZ       00436b23 f   vid_dll.obj
 0001:00035b42       ?Tesselate@surfacePlanar_t@OpenGLDrv@@UAEXAAUrefEntity_t@2@@Z 00436b42 f   gl_backend.obj
 0001:0003651e       ?Negate@CVec3@@QAEXXZ      0043751e f i gl_backend.obj
 0001:00037e4d       ?Tesselate@surfacePoly_t@OpenGLDrv@@UAEXAAUrefEntity_t@2@@Z 00438e4d f   gl_backend.obj
 0001:00037f54       ?Tesselate@surfaceMd3_t@OpenGLDrv@@UAEXAAUrefEntity_t@2@@Z 00438f54 f   gl_backend.obj
 0001:0003833e       ?DrawTriangles@OpenGLDrv@@YA_NXZ 0043933e f   gl_backend.obj
 0001:00038453       ?DrawNormals@OpenGLDrv@@YA_NXZ 00439453 f   gl_backend.obj
 0001:0003855d       ?Tesselate@surfaceEntity_t@OpenGLDrv@@UAEXAAUrefEntity_t@2@@Z 0043955d f   gl_backend.obj
 0001:00038641       ?Tesselate@surfaceParticle_t@OpenGLDrv@@UAEXAAUrefEntity_t@2@@Z 00439641 f   gl_backend.obj
 0001:00038891       ?BK_DrawScene@OpenGLDrv@@YAXXZ 00439891 f   gl_backend.obj
 0001:00038eb8       ?BK_DrawPic@OpenGLDrv@@YAXPAVshader_t@1@HHHHMMMMIE@Z 00439eb8 f   gl_backend.obj
 0001:00039099       ?BK_DrawText@OpenGLDrv@@YAXPBDHHHHHI@Z 0043a099 f   gl_backend.obj
 0001:0003928e       ?BK_BeginFrame@OpenGLDrv@@YAXXZ 0043a28e f   gl_backend.obj
 0001:000392f2       ?BK_EndFrame@OpenGLDrv@@YAXXZ 0043a2f2 f   gl_backend.obj
 0001:00039331       ?BK_Init@OpenGLDrv@@YAXXZ  0043a331 f   gl_backend.obj
 0001:00039360       ?BK_Shutdown@OpenGLDrv@@YAXXZ 0043a360 f   gl_backend.obj
 0001:00039378       ?AllocDynamicMemory@OpenGLDrv@@YAPAXH@Z 0043a378 f   gl_buffers.obj
 0001:000393e3       ?ResizeDynamicMemory@OpenGLDrv@@YAXPAXH@Z 0043a3e3 f   gl_buffers.obj
 0001:00039425       ?AddSurfaceToPortal@OpenGLDrv@@YAXPAVsurfaceBase_t@1@PAVshader_t@1@HH@Z 0043a425 f   gl_buffers.obj
 0001:00039496       ?InsertShaderIndex@OpenGLDrv@@YAXH@Z 0043a496 f   gl_buffers.obj
 0001:000394cf       ?ClearPortal@OpenGLDrv@@YAXXZ 0043a4cf f   gl_buffers.obj
 0001:000394ed       ?SortSurfaces@OpenGLDrv@@YAXPAUviewPortal_t@1@PAPAUsurfaceInfo_t@1@@Z 0043a4ed f   gl_buffers.obj
 0001:0003967f       ?ClearBuffers@OpenGLDrv@@YAXXZ 0043a67f f   gl_buffers.obj
 0001:00039696       ?CreateBuffers@OpenGLDrv@@YAXXZ 0043a696 f   gl_buffers.obj
 0001:000396bc       ?FreeBuffers@OpenGLDrv@@YAXXZ 0043a6bc f   gl_buffers.obj
 0001:000396e0       ?InitEntity@model_t@OpenGLDrv@@UAEXPAUentity_t@@PAUrefEntity_t@2@@Z 0043a6e0 f   gl_frontend.obj
 0001:000396e3       ?AddSurfaces@model_t@OpenGLDrv@@UAEXPAUrefEntity_t@2@@Z 0043a6e3 f   gl_frontend.obj
 0001:00039711       ?GetLeaf@model_t@OpenGLDrv@@UAEPAUnode_t@2@PAUrefEntity_t@2@@Z 0043a711 f   gl_frontend.obj
 0001:00039722       ?DrawLabel@model_t@OpenGLDrv@@UAEXPAUrefEntity_t@2@@Z 0043a722 f   gl_frontend.obj
 0001:00039725       ?InitEntity@inlineModel_t@OpenGLDrv@@UAEXPAUentity_t@@PAUrefEntity_t@2@@Z 0043a725 f   gl_frontend.obj
 0001:00039775       ?AddSurfaces@inlineModel_t@OpenGLDrv@@UAEXPAUrefEntity_t@2@@Z 0043a775 f   gl_frontend.obj
 0001:00039c53       ?GetLeaf@inlineModel_t@OpenGLDrv@@UAEPAUnode_t@2@PAUrefEntity_t@2@@Z 0043ac53 f   gl_frontend.obj
 0001:00039df8       ?DrawLabel@inlineModel_t@OpenGLDrv@@UAEXPAUrefEntity_t@2@@Z 0043adf8 f   gl_frontend.obj
 0001:00039e3e       ?InitEntity@md3Model_t@OpenGLDrv@@UAEXPAUentity_t@@PAUrefEntity_t@2@@Z 0043ae3e f   gl_frontend.obj
 0001:0003a00d       ?AddSurfaces@md3Model_t@OpenGLDrv@@UAEXPAUrefEntity_t@2@@Z 0043b00d f   gl_frontend.obj
 0001:0003a147       ?GetLeaf@md3Model_t@OpenGLDrv@@UAEPAUnode_t@2@PAUrefEntity_t@2@@Z 0043b147 f   gl_frontend.obj
 0001:0003a17f       ?DrawLabel@md3Model_t@OpenGLDrv@@UAEXPAUrefEntity_t@2@@Z 0043b17f f   gl_frontend.obj
 0001:0003a1e5       ?InitEntity@sprModel_t@OpenGLDrv@@UAEXPAUentity_t@@PAUrefEntity_t@2@@Z 0043b1e5 f   gl_frontend.obj
 0001:0003a203       ?AddSurfaces@sprModel_t@OpenGLDrv@@UAEXPAUrefEntity_t@2@@Z 0043b203 f   gl_frontend.obj
 0001:0003a386       ?GetLeaf@sprModel_t@OpenGLDrv@@UAEPAUnode_t@2@PAUrefEntity_t@2@@Z 0043b386 f   gl_frontend.obj
 0001:0003a467       ?AddEntity@OpenGLDrv@@YAXPAUentity_t@@@Z 0043b467 f   gl_frontend.obj
 0001:0003a5f3       ?AddDlight@OpenGLDrv@@YAXPAUdlight_t@@@Z 0043b5f3 f   gl_frontend.obj
 0001:0003a7ab       ?DrawPortal@OpenGLDrv@@YAXXZ 0043b7ab f   gl_frontend.obj
 0001:0003c74f       ?GL_TextureMode@OpenGLDrv@@YAXPBD@Z 0043d74f f   gl_image.obj
 0001:0003c7f7       ?CreateImage@OpenGLDrv@@YAPAVimage_t@1@PBDPAXHHI@Z 0043d7f7 f   gl_image.obj
 0001:0003d4e8       ?LoadDelayedImages@OpenGLDrv@@YAXXZ 0043e4e8 f   gl_image.obj
 0001:0003d57b       ?DrawStretchRaw8@OpenGLDrv@@YAXHHHHHHPAEPAI@Z 0043e57b f   gl_image.obj
 0001:0003d94a       ?SetupGamma@OpenGLDrv@@YAXXZ 0043e94a f   gl_image.obj
 0001:0003da90       ?PerformScreenshot@OpenGLDrv@@YAXXZ 0043ea90 f   gl_image.obj
 0001:0003dd1d       ?InitImages@OpenGLDrv@@YAXXZ 0043ed1d f   gl_image.obj
 0001:0003e4d2       ?ShutdownImages@OpenGLDrv@@YAXXZ 0043f4d2 f   gl_image.obj
 0001:0003e539       ?ShowImages@OpenGLDrv@@YAXXZ 0043f539 f   gl_image.obj
 0001:0003e7c1       ?FindImage@OpenGLDrv@@YAPAVimage_t@1@PBDI@Z 0043f7c1 f   gl_image.obj
 0001:0003eb32       ?GL_Lock@OpenGLDrv@@YAXXZ  0043fb32 f   gl_interface.obj
 0001:0003ebaa       ?GL_Unlock@OpenGLDrv@@YAXXZ 0043fbaa f   gl_interface.obj
 0001:0003ed6c       ?GL_Bind@OpenGLDrv@@YAXPBVimage_t@1@@Z 0043fd6c f   gl_interface.obj
 0001:0003ee96       ?GL_BindForce@OpenGLDrv@@YAXPBVimage_t@1@@Z 0043fe96 f   gl_interface.obj
 0001:0003ef14       ?GL_TexEnv@OpenGLDrv@@YAXI@Z 0043ff14 f   gl_interface.obj
 0001:0003f093       ?GL_TexMipBias@OpenGLDrv@@YAXM@Z 00440093 f   gl_interface.obj
 0001:0003f0ee       ?GL_TexEnvColor@OpenGLDrv@@YAXPBTcolor_t@@@Z 004400ee f   gl_interface.obj
 0001:0003f19e       ?GL_SelectTexture@OpenGLDrv@@YAXH@Z 0044019e f   gl_interface.obj
 0001:0003f1ff       ?GL_TexCoordPointer@OpenGLDrv@@YAXPAX@Z 004401ff f   gl_interface.obj
 0001:0003f22f       ?GL_SetMultitexture@OpenGLDrv@@YAXH@Z 0044022f f   gl_interface.obj
 0001:0003f315       ?GL_DisableTexCoordArrays@OpenGLDrv@@YAXXZ 00440315 f   gl_interface.obj
 0001:0003f369       ?GL_CullFace@OpenGLDrv@@YAXW4gl_cullMode_t@1@@Z 00440369 f   gl_interface.obj
 0001:0003f3ba       ?GL_DepthRange@OpenGLDrv@@YAXW4gl_depthMode_t@1@@Z 004403ba f   gl_interface.obj
 0001:0003f3ed       ?GL_State@OpenGLDrv@@YAXI@Z 004403ed f   gl_interface.obj
 0001:0003f53d       ?GL_EnableFog@OpenGLDrv@@YAX_N@Z 0044053d f   gl_interface.obj
 0001:0003f635       ?GL_SetDefaultState@OpenGLDrv@@YAXXZ 00440635 f   gl_interface.obj
 0001:0003f791       ?GL_Set2DMode@OpenGLDrv@@YAXXZ 00440791 f   gl_interface.obj
 0001:0003f88c       ?GL_Set3DMode@OpenGLDrv@@YAXPAUviewPortal_t@1@@Z 0044088c f   gl_interface.obj
 0001:0003f974       ?ShowLights@OpenGLDrv@@YAXXZ 00440974 f   gl_light.obj
 0001:0003fd5d       ?LightForEntity@OpenGLDrv@@YAXPAUrefEntity_t@1@@Z 00440d5d f   gl_light.obj
 0001:00040fd1       ?DiffuseLight@OpenGLDrv@@YAXPATcolor_t@@M@Z 00441fd1 f   gl_light.obj
 0001:0004120d       ?InitLightGrid@OpenGLDrv@@YAXXZ 0044220d f   gl_light.obj
 0001:000412b3       ?PostLoadLights@OpenGLDrv@@YAXXZ 004422b3 f   gl_light.obj
 0001:00041543       ?LM_Init@OpenGLDrv@@YAXXZ  00442543 f   gl_lightmap.obj
 0001:00041559       ?LM_Flush@OpenGLDrv@@YAXPAUlightmapBlock_t@1@@Z 00442559 f   gl_lightmap.obj
 0001:000415b6       ?LM_Done@OpenGLDrv@@YAXXZ  004425b6 f   gl_lightmap.obj
 0001:000415dd       ?LM_Save@OpenGLDrv@@YAXPAUlightmapBlock_t@1@@Z 004425dd f   gl_lightmap.obj
 0001:000415f5       ?LM_Restore@OpenGLDrv@@YAXPAUlightmapBlock_t@1@@Z 004425f5 f   gl_lightmap.obj
 0001:0004160d       ?LM_NewBlock@OpenGLDrv@@YAPAUlightmapBlock_t@1@XZ 0044260d f   gl_lightmap.obj
 0001:0004166c       ?LM_Rewind@OpenGLDrv@@YAXXZ 0044266c f   gl_lightmap.obj
 0001:00041674       ?LM_NextBlock@OpenGLDrv@@YAPAUlightmapBlock_t@1@XZ 00442674 f   gl_lightmap.obj
 0001:000416a1       ?LM_CheckMinlight@OpenGLDrv@@YAXPAUdynamicLightmap_t@1@@Z 004426a1 f   gl_lightmap.obj
 0001:00041737       ?LM_AllocBlock@OpenGLDrv@@YA_NPAUlightmapBlock_t@1@PAUdynamicLightmap_t@1@@Z 00442737 f   gl_lightmap.obj
 0001:000417ee       ?LM_PutBlock@OpenGLDrv@@YAXPAUdynamicLightmap_t@1@@Z 004427ee f   gl_lightmap.obj
 0001:00041c1b       ?LM_SortLightStyles@OpenGLDrv@@YAXPAUdynamicLightmap_t@1@@Z 00442c1b f   gl_lightmap.obj
 0001:00041cac       ?UpdateDynamicLightmap@OpenGLDrv@@YAXPAVsurfacePlanar_t@1@_NI@Z 00442cac f   gl_lightmap.obj
 0001:000421ae       ?LM_IsMonotone@OpenGLDrv@@YA_NPAUdynamicLightmap_t@1@PATcolor_t@@@Z 004431ae f   gl_lightmap.obj
 0001:000422b5       ?Init@OpenGLDrv@@YA_NXZ    004432b5 f   gl_main.obj
 0001:000428de       ?Shutdown@OpenGLDrv@@YAX_N@Z 004438de f   gl_main.obj
 0001:00042967       ?GL_EnableRendering@OpenGLDrv@@YAX_N@Z 00443967 f   gl_main.obj
 0001:00042982       ?BeginFrame@OpenGLDrv@@YAXN@Z 00443982 f   gl_main.obj
 0001:00042aac       ?EndFrame@OpenGLDrv@@YAXXZ 00443aac f   gl_main.obj
 0001:00042ac4       ?RenderFrame@OpenGLDrv@@YAXPAUrefdef_t@@@Z 00443ac4 f   gl_main.obj
 0001:000432f5       ?Fill8@OpenGLDrv@@YAXHHHHH@Z 004442f5 f   gl_main.obj
 0001:00043338       ?Fill@OpenGLDrv@@YAXHHHHI@Z 00444338 f   gl_main.obj
 0001:00043374       ?TileClear@OpenGLDrv@@YAXHHHHPBD@Z 00444374 f   gl_main.obj
 0001:00043415       ?DrawStretchPic@OpenGLDrv@@YAXHHHHPBD@Z 00444415 f   gl_main.obj
 0001:00043475       ?DrawDetailedPic@OpenGLDrv@@YAXHHHHPBD@Z 00444475 f   gl_main.obj
 0001:0004351c       ?DrawPic@OpenGLDrv@@YAXHHPBDHH@Z 0044451c f   gl_main.obj
 0001:000435a1       ?BeginRegistration@OpenGLDrv@@YAXPBD@Z 004445a1 f   gl_main.obj
 0001:000435c5       ?RegisterPic@OpenGLDrv@@YAPAVCBasicImage@@PBD@Z 004445c5 f   gl_main.obj
 0001:000435d3       ?RegisterSkin@OpenGLDrv@@YAPAVCBasicImage@@PBD_N@Z 004445d3 f   gl_main.obj
 0001:000435f1       ?RegisterModel@OpenGLDrv@@YAPAVCRenderModel@@PBD@Z 004445f1 f   gl_main.obj
 0001:000435fc       ?SetSky@OpenGLDrv@@YAXPBDMABUCVec3@@@Z 004445fc f   gl_main.obj
 0001:000436a2       ?Screenshot@OpenGLDrv@@YAXHPBD@Z 004446a2 f   gl_main.obj
 0001:000436c5       ?GetClientLight@OpenGLDrv@@YAMXZ 004446c5 f   gl_main.obj
 0001:000436cc       ?InitFuncTables@OpenGLDrv@@YAXXZ 004446cc f   gl_math.obj
 0001:00043872       ?BuildRotationAxis@OpenGLDrv@@YAXAAUCAxis@@ABUCVec3@@M@Z 00444872 f   gl_math.obj
 0001:00043969       ?GetBoxRect@OpenGLDrv@@YA_NPBUrefEntity_t@1@ABUCVec3@@QAM2_N@Z 00444969 f   gl_math.obj
 0001:00043c73       ?ProjectToScreen@OpenGLDrv@@YA_NABUCVec3@@QAH@Z 00444c73 f   gl_math.obj
 0001:00043db6       ?SaturateColor3f@OpenGLDrv@@YAXAAUCVec3@@@Z 00444db6 f   gl_math.obj
 0001:00043ea6       ?SaturateColor4b@OpenGLDrv@@YAXPATcolor_t@@@Z 00444ea6 f   gl_math.obj
 0001:00043fb4       ?SubdividePlane@OpenGLDrv@@YAHPAPAUCVec3@@HM@Z 00444fb4 f   gl_poly.obj
 0001:00044435       ?FreeSubdividedPlane@OpenGLDrv@@YAXXZ 00445435 f   gl_poly.obj
 0001:0004444d       ?GetSubdivideIndexes@OpenGLDrv@@YAXPAH@Z 0044544d f   gl_poly.obj
 0001:000444a0       ?RemoveCollinearPoints@OpenGLDrv@@YAHPAPAUCVec3@@H@Z 004454a0 f   gl_poly.obj
 0001:00044596       ?GetPolyArea@OpenGLDrv@@YAMPAPAUCVec3@@H@Z 00445596 f   gl_poly.obj
 0001:0004462a       ?InitShaders@OpenGLDrv@@YAXXZ 0044562a f   gl_shader.obj
 0001:00044795       ?ShutdownShaders@OpenGLDrv@@YAXXZ 00445795 f   gl_shader.obj
 0001:000447d3       ?GetLightmapImage@OpenGLDrv@@YAPAVimage_t@1@H@Z 004457d3 f   gl_shader.obj
 0001:000447fb       ?SetShaderLightmap@OpenGLDrv@@YAPAVshader_t@1@PAV21@H@Z 004457fb f   gl_shader.obj
 0001:00044b1a       ??4shader_t@OpenGLDrv@@QAEAAV01@ABV01@@Z 00445b1a f i gl_shader.obj
 0001:00044c65       ??4CBasicImage@@QAEAAV0@ABV0@@Z 00445c65 f i gl_shader.obj
 0001:00044d6d       ?SetShaderLightstyles@OpenGLDrv@@YAPAVshader_t@1@PAV21@I@Z 00445d6d f   gl_shader.obj
 0001:00044e0b       ?GetAlphaShader@OpenGLDrv@@YAPAVshader_t@1@PAV21@@Z 00445e0b f   gl_shader.obj
 0001:000451e6       ?FindShader@OpenGLDrv@@YAPAVshader_t@1@PBDI@Z 004461e6 f   gl_shader.obj
 0001:00046ad3       ?GetShaderByNum@OpenGLDrv@@YAPAVshader_t@1@H@Z 00447ad3 f   gl_shader.obj
 0001:00046af1       ?ResetShaders@OpenGLDrv@@YAXXZ 00447af1 f   gl_shader.obj
 0001:00046cd9       ?Reload@shader_t@OpenGLDrv@@UAEXXZ 00447cd9 f   gl_shader.obj
 0001:00046d08       ?ClearSky@OpenGLDrv@@YAXXZ 00447d08 f   gl_sky.obj
 0001:00046d65       ?AddSkySurface@OpenGLDrv@@YAXPAVsurfacePlanar_t@1@E@Z 00447d65 f   gl_sky.obj
 0001:0004732d       ?DrawSky@OpenGLDrv@@YAXXZ  0044832d f   gl_sky.obj
 0001:000479d1       ?DrawChar@OpenGLDrv@@YAXHHHH@Z 004489d1 f   gl_text.obj
 0001:00047a22       ?ClearTexts@OpenGLDrv@@YAXXZ 00448a22 f   gl_text.obj
 0001:00047a37       ?FlushTexts@OpenGLDrv@@YAXXZ 00448a37 f   gl_text.obj
 0001:00047ae3       ?DrawTextPos@OpenGLDrv@@YAXHHPBDI@Z 00448ae3 f   gl_text.obj
 0001:00047b0f       ?DrawTextLeft@OpenGLDrv@@YAXPBDI@Z 00448b0f f   gl_text.obj
 0001:00047b96       ?DrawTextRight@OpenGLDrv@@YAXPBDI@Z 00448b96 f   gl_text.obj
 0001:00047be0       ?DrawText3D@OpenGLDrv@@YAXABUCVec3@@PBDI@Z 00448be0 f   gl_text.obj
 0001:00047c0d       ?InitTexts@OpenGLDrv@@YAXXZ 00448c0d f   gl_text.obj
 0001:00047c27       ?FindModel@OpenGLDrv@@YAPAVmodel_t@1@PBD@Z 00448c27 f   gl_model.obj
 0001:00047e01       ?FreeModels@OpenGLDrv@@YAXXZ 00448e01 f   gl_model.obj
 0001:00047e73       ?InitModels@OpenGLDrv@@YAXXZ 00448e73 f   gl_model.obj
 0001:00047f69       ?ShutdownModels@OpenGLDrv@@YAXXZ 00448f69 f   gl_model.obj
 0001:00047f7a       ?LoadWorldMap@OpenGLDrv@@YAXPBD@Z 00448f7a f   gl_bspmodel.obj
 0001:00049a85       ?PointInLeaf@OpenGLDrv@@YAPAUnode_t@1@ABUCVec3@@@Z 0044aa85 f   gl_bspmodel.obj
 0001:00049ad0       ?CALL_CONSTRUCTOR@@YAXPAVinlineModel_t@OpenGLDrv@@@Z 0044aad0 f i gl_bspmodel.obj
 0001:00049ae6       ?LerpTag@model_t@OpenGLDrv@@UBE_NHHMPBDAAUCCoords@@@Z 0044aae6 f   gl_trimodel.obj
 0001:00049af4       ?LerpTag@md3Model_t@OpenGLDrv@@UBE_NHHMPBDAAUCCoords@@@Z 0044aaf4 f   gl_trimodel.obj
 0001:00049c04       ?LoadMd2@OpenGLDrv@@YAPAVmd3Model_t@1@PBDPAEI@Z 0044ac04 f   gl_trimodel.obj
 0001:0004a71f       ?ATAN2_FUNC@OpenGLDrv@@YAMMM@Z 0044b71f f i gl_trimodel.obj
 0001:0004a8c3       ?LoadMd3@OpenGLDrv@@YAPAVmd3Model_t@1@PBDPAEI@Z 0044b8c3 f   gl_trimodel.obj
 0001:0004ad6f       ?LoadSp2@OpenGLDrv@@YAPAVsprModel_t@1@PBDPAEI@Z 0044bd6f f   gl_trimodel.obj
 0001:0004af84       ?LoadSpr@OpenGLDrv@@YAPAVsprModel_t@1@PBDPAEI@Z 0044bf84 f   gl_trimodel.obj
 0001:0004b08a       ?CALL_CONSTRUCTOR@@YAXPAVmd3Model_t@OpenGLDrv@@@Z 0044c08a f i gl_trimodel.obj
 0001:0004b0a0       ?CALL_CONSTRUCTOR@@YAXPAVsprModel_t@OpenGLDrv@@@Z 0044c0a0 f i gl_trimodel.obj
 0001:0004c6a1       ?QGL_Init@OpenGLDrv@@YA_NPBD@Z 0044d6a1 f   qgl_win.obj
 0001:0004c783       ?QGL_Shutdown@OpenGLDrv@@YAXXZ 0044d783 f   qgl_win.obj
 0001:0004c7c1       ?QGL_InitExtensions@OpenGLDrv@@YAXXZ 0044d7c1 f   qgl_win.obj
 0001:0004ccad       ?QGL_PrintExtensionsString@OpenGLDrv@@YAXPBD00@Z 0044dcad f   qgl_win.obj
 0001:0004cdfa       ?QGL_EnableLogging@OpenGLDrv@@YAX_N@Z 0044ddfa f   qgl_win.obj
 0001:0004ceb4       ?QGL_LogMessage@OpenGLDrv@@YAXPBD@Z 0044deb4 f   qgl_win.obj
 0001:0004cecb       ?QGL_SwapBuffers@OpenGLDrv@@YAXXZ 0044decb f   qgl_win.obj
 0001:0004cf4d       ?GLimp_HasGamma@OpenGLDrv@@YA_NXZ 0044df4d f   gl_win.obj
 0001:0004cf61       ?GLimp_SetGamma@OpenGLDrv@@YAXM@Z 0044df61 f   gl_win.obj
 0001:0004d109       ?GLimp_SetMode@OpenGLDrv@@YA_NPAI0H_N@Z 0044e109 f   gl_win.obj
 0001:0004d4ff       ?GLimp_Shutdown@OpenGLDrv@@YAX_N@Z 0044e4ff f   gl_win.obj
 0001:0004d5ac       ?AppActivate@OpenGLDrv@@YAX_N@Z 0044e5ac f   gl_win.obj
 0001:0004d61c       _jpeg_CreateDecompress     0044e61c f   lib:jdapimin.obj
 0001:0004d6dc       _jpeg_read_header          0044e6dc f   lib:jdapimin.obj
 0001:0004d73e       _jpeg_consume_input        0044e73e f   lib:jdapimin.obj
 0001:0004d98d       _jpeg_finish_decompress    0044e98d f   lib:jdapimin.obj
 0001:0004da24       _jpeg_start_decompress     0044ea24 f   lib:jdapistd.obj
 0001:0004db91       _jpeg_read_scanlines       0044eb91 f   lib:jdapistd.obj
 0001:0004dc15       _jpeg_resync_to_restart    0044ec15 f   lib:jdmarker.obj
 0001:0004ddda       _jinit_marker_reader       0044edda f   lib:jdmarker.obj
 0001:0004f2a5       _jpeg_CreateCompress       004502a5 f   lib:jcapimin.obj
 0001:0004f359       _jpeg_destroy_compress     00450359 f   lib:jcapimin.obj
 0001:0004f359       _jpeg_destroy_decompress   00450359 f   lib:jcapimin.obj
 0001:0004f364       _jpeg_suppress_tables      00450364 f   lib:jcapimin.obj
 0001:0004f3ae       _jpeg_finish_compress      004503ae f   lib:jcapimin.obj
 0001:0004f498       _jpeg_start_compress       00450498 f   lib:jcapistd.obj
 0001:0004f504       _jpeg_write_scanlines      00450504 f   lib:jcapistd.obj
 0001:0004f5af       _jpeg_add_quant_table      004505af f   lib:jcparam.obj
 0001:0004f661       _jpeg_quality_scaling      00450661 f   lib:jcparam.obj
 0001:0004f688       _jpeg_set_quality          00450688 f   lib:jcparam.obj
 0001:0004f6c2       _jpeg_set_defaults         004506c2 f   lib:jcparam.obj
 0001:0004f888       _jpeg_default_colorspace   00450888 f   lib:jcparam.obj
 0001:0004f8d8       _jpeg_set_colorspace       004508d8 f   lib:jcparam.obj
 0001:0004fbf3       _jpeg_stdio_dest           00450bf3 f   lib:jdatadst.obj
 0001:0004fe13       _crc32                     00450e13 f   lib:crc32.obj
 0001:000500ad       _inflateReset              004510ad f   lib:inflate.obj
 0001:000500fb       _inflateInit2_             004510fb f   lib:inflate.obj
 0001:000501b4       _inflate                   004511b4 f   lib:inflate.obj
 0001:00051489       _inflateEnd                00452489 f   lib:inflate.obj
 0001:000514c7       _jinit_input_controller    004524c7 f   lib:jdinput.obj
 0001:000519aa       _jinit_memory_mgr          004529aa f   lib:jmemmgr.obj
 0001:000524e6       _jpeg_abort                004534e6 f   lib:jcomapi.obj
 0001:00052519       _jpeg_destroy              00453519 f   lib:jcomapi.obj
 0001:00052534       _jpeg_alloc_quant_table    00453534 f   lib:jcomapi.obj
 0001:00052550       _jpeg_alloc_huff_table     00453550 f   lib:jcomapi.obj
 0001:0005256c       _jpeg_calc_output_dimensions 0045356c f   lib:jdmaster.obj
 0001:0005266c       _jinit_master_decompress   0045366c f   lib:jdmaster.obj
 0001:000529c2       _jdiv_round_up             004539c2 f   lib:jutils.obj
 0001:000529d2       _jround_up                 004539d2 f   lib:jutils.obj
 0001:000529ea       _jcopy_sample_rows         004539ea f   lib:jutils.obj
 0001:00052a28       _jcopy_block_row           00453a28 f   lib:jutils.obj
 0001:00052a41       _jzero_far                 00453a41 f   lib:jutils.obj
 0001:00052a54       _jinit_marker_writer       00453a54 f   lib:jcmarker.obj
 0001:00053330       _jinit_compress_master     00454330 f   lib:jcinit.obj
 0001:00053389       _inflate_fast              00454389 f   lib:inffast.obj
 0001:0005373e       _inflate_table             0045473e f   lib:inftrees.obj
 0001:00053af2       _adler32                   00454af2 f   lib:adler32.obj
 0001:00053c0b       _jinit_c_codec             00454c0b f   lib:jcodec.obj
 0001:00053c27       _jinit_d_codec             00454c27 f   lib:jcodec.obj
 0001:00053c43       _jpeg_get_small            00454c43 f   lib:jmemnobs.obj
 0001:00053c43       _jpeg_get_large            00454c43 f   lib:jmemnobs.obj
 0001:00053c4f       _jpeg_free_large           00454c4f f   lib:jmemnobs.obj
 0001:00053c4f       _jpeg_free_small           00454c4f f   lib:jmemnobs.obj
 0001:00053c5b       _jpeg_mem_available        00454c5b f   lib:jmemnobs.obj
 0001:00053c60       _jpeg_open_backing_store   00454c60 f   lib:jmemnobs.obj
 0001:00053c74       _jpeg_mem_init             00454c74 f   lib:jmemnobs.obj
 0001:00053c74       __matherr                  00454c74 f   lib:jmemnobs.obj
 0001:00053c77       _jinit_d_main_controller   00454c77 f   lib:jdmainct.obj
 0001:000542c2       _jinit_d_post_controller   004552c2 f   lib:jdpostct.obj
 0001:0005456d       _jinit_upsampler           0045556d f   lib:jdsample.obj
 0001:00054bab       _jinit_color_deconverter   00455bab f   lib:jdcolor.obj
 0001:000550c1       _jinit_merged_upsampler    004560c1 f   lib:jdmerge.obj
 0001:00055611       _jinit_2pass_quantizer     00456611 f   lib:jquant2.obj
 0001:000566d5       _jinit_1pass_quantizer     004576d5 f   lib:jquant1.obj
 0001:000570fb       _jinit_c_main_controller   004580fb f   lib:jcmainct.obj
 0001:00057268       _jinit_c_prep_controller   00458268 f   lib:jcprepct.obj
 0001:000577b3       _jinit_downsampler         004587b3 f   lib:jcsample.obj
 0001:00058033       _jinit_color_converter     00459033 f   lib:jccolor.obj
 0001:0005861d       _jinit_c_master_control    0045961d f   lib:jcmaster.obj
 0001:0005910c       _jinit_lossy_c_codec       0045a10c f   lib:jclossy.obj
 0001:000591a7       _jinit_lossless_c_codec    0045a1a7 f   lib:jclossls.obj
 0001:0005923f       _jinit_lossy_d_codec       0045a23f f   lib:jdlossy.obj
 0001:00059512       _jinit_lossless_d_codec    0045a512 f   lib:jdlossls.obj
 0001:000595c2       _jinit_c_coef_controller   0045a5c2 f   lib:jccoefct.obj
 0001:00059ca3       _jinit_shuff_encoder       0045aca3 f   lib:jcshuff.obj
 0001:0005a50e       _jinit_phuff_encoder       0045b50e f   lib:jcphuff.obj
 0001:0005afb3       _jinit_forward_dct         0045bfb3 f   lib:jcdctmgr.obj
 0001:0005b282       _jinit_c_diff_controller   0045c282 f   lib:jcdiffct.obj
 0001:0005b7a6       _jinit_lhuff_encoder       0045c7a6 f   lib:jclhuff.obj
 0001:0005bed0       _jinit_differencer         0045ced0 f   lib:jcpred.obj
 0001:0005c3ea       _jinit_c_scaler            0045d3ea f   lib:jcscale.obj
 0001:0005c460       _jinit_d_coef_controller   0045d460 f   lib:jdcoefct.obj
 0001:0005d13c       _jinit_shuff_decoder       0045e13c f   lib:jdshuff.obj
 0001:0005d6d1       _jinit_phuff_decoder       0045e6d1 f   lib:jdphuff.obj
 0001:0005e26e       _jinit_inverse_dct         0045f26e f   lib:jddctmgr.obj
 0001:0005e452       _jinit_d_diff_controller   0045f452 f   lib:jddiffct.obj
 0001:0005e980       _jinit_d_scaler            0045f980 f   lib:jdscale.obj
 0001:0005ea7f       _jinit_undifferencer       0045fa7f f   lib:jdpred.obj
 0001:0005ee39       _jinit_lhuff_decoder       0045fe39 f   lib:jdlhuff.obj
 0001:0005f22e       _jpeg_make_c_derived_tbl   0046022e f   lib:jchuff.obj
 0001:0005f430       _jpeg_gen_optimal_table    00460430 f   lib:jchuff.obj
 0001:0005f5ef       _jpeg_fdct_float           004605ef f   lib:jfdctflt.obj
 0001:0005f7f4       _jpeg_make_d_derived_tbl   004607f4 f   lib:jdhuff.obj
 0001:0005fa91       _jpeg_fill_bit_buffer      00460a91 f   lib:jdhuff.obj
 0001:0005fba0       _jpeg_huff_decode          00460ba0 f   lib:jdhuff.obj
 0001:0005fc80       _jpeg_idct_4x4             00460c80 f   lib:jidctred.obj
 0001:0005ff6e       _jpeg_idct_2x2             00460f6e f   lib:jidctred.obj
 0001:00060130       _jpeg_idct_1x1             00461130 f   lib:jidctred.obj
 0001:0006016c       _jpeg_idct_float           0046116c f   lib:jidctflt.obj
 0001:00060540       __except_handler3          00461540 f   MSVCRT:MSVCRT.dll
 0001:00060550       __chkstk                   00461550 f   MSVCRT:chkstk.obj
 0001:00060550       __alloca_probe             00461550 f   MSVCRT:chkstk.obj
 0001:0006057f       ??_Gtype_info@@UAEPAXI@Z   0046157f f i MSVCRT:ti_inst.obj
 0001:0006057f       ??_Etype_info@@UAEPAXI@Z   0046157f f i MSVCRT:ti_inst.obj
 0001:0006059c       __CxxThrowException@8      0046159c f   MSVCRT:MSVCRT.dll
 0001:000605a2       _strcpy                    004615a2 f   MSVCRT:MSVCRT.dll
 0001:000605a8       _strlen                    004615a8 f   MSVCRT:MSVCRT.dll
 0001:000605ae       _strcmp                    004615ae f   MSVCRT:MSVCRT.dll
 0001:000605b4       _sin                       004615b4 f   MSVCRT:MSVCRT.dll
 0001:000605ba       _tan                       004615ba f   MSVCRT:MSVCRT.dll
 0001:000605c0       _cos                       004615c0 f   MSVCRT:MSVCRT.dll
 0001:000605c6       _fmod                      004615c6 f   MSVCRT:MSVCRT.dll
 0001:000605cc       _strcat                    004615cc f   MSVCRT:MSVCRT.dll
 0001:000605d2       _acos                      004615d2 f   MSVCRT:MSVCRT.dll
 0001:000605d8       _atan                      004615d8 f   MSVCRT:MSVCRT.dll
 0001:000605de       _memcpy                    004615de f   MSVCRT:MSVCRT.dll
 0001:000605e4       _memset                    004615e4 f   MSVCRT:MSVCRT.dll
 0001:000605ea       _sqrt                      004615ea f   MSVCRT:MSVCRT.dll
 0001:000605f0       _atan2                     004615f0 f   MSVCRT:MSVCRT.dll
 0001:000605f6       __purecall                 004615f6 f   MSVCRT:MSVCRT.dll
 0001:000605fc       _pow                       004615fc f   MSVCRT:MSVCRT.dll
 0001:00060602       _asin                      00461602 f   MSVCRT:MSVCRT.dll
 0001:00060608       _WinMainCRTStartup         00461608 f   MSVCRT:crtexew.obj
 0001:00060766       __ftol                     00461766 f   MSVCRT:MSVCRT.dll
 0001:0006076c       ??1type_info@@UAE@XZ       0046176c f   MSVCRT:MSVCRT.dll
 0001:00060772       __XcptFilter               00461772 f   MSVCRT:MSVCRT.dll
 0001:00060778       __initterm                 00461778 f   MSVCRT:MSVCRT.dll
 0001:0006077e       __setdefaultprecision      0046177e f   MSVCRT:fp8.obj
 0001:00060790       __setargv                  00461790 f   MSVCRT:dllargv.obj
 0001:00060790       ?EndRegistration@OpenGLDrv@@YAXXZ 00461790 f   MSVCRT:dllargv.obj
 0001:00060790       _jpeg_mem_term             00461790 f   MSVCRT:dllargv.obj
 0001:00060792       __controlfp                00461792 f   MSVCRT:MSVCRT.dll
 0002:00000000       __imp__SwapBuffers@4       00462000     gdi32:GDI32.dll
[...]
 0001:0005e5f0       _start_iMCU_row            0045f5f0 f   lib:jddiffct.obj
 0001:0005e635       _start_output_pass         0045f635 f   lib:jddiffct.obj
 0001:0005e641       _decompress_data           0045f641 f   lib:jddiffct.obj
 0001:0005e7b1       _process_restart           0045f7b1 f   lib:jddiffct.obj
 0001:0005c7d1       _dummy_consume_data        0045d7d1 f   lib:jdcoefct.obj
 0001:0005e7e6       _consume_data              0045f7e6 f   lib:jddiffct.obj
 0001:0005e85d       _output_data               0045f85d f   lib:jddiffct.obj
 0001:0005e2e4       _start_pass                0045f2e4 f   lib:jddctmgr.obj
 0001:0005d736       _start_pass_phuff_decoder  0045e736 f   lib:jdphuff.obj
 0001:0005d97f       _decode_mcu_DC_first       0045e97f f   lib:jdphuff.obj
 0001:0005db77       _process_restart           0045eb77 f   lib:jdphuff.obj
 0001:0005dbe6       _decode_mcu_AC_first       0045ebe6 f   lib:jdphuff.obj
 0001:0005de06       _decode_mcu_DC_refine      0045ee06 f   lib:jdphuff.obj
 0001:0005dedb       _decode_mcu_AC_refine      0045eedb f   lib:jdphuff.obj
 0001:0005d17d       _start_pass_huff_decoder   0045e17d f   lib:jdshuff.obj
 0001:0005d2b5       _decode_mcu                0045e2b5 f   lib:jdshuff.obj
 0001:0005d665       _process_restart           0045e665 f   lib:jdshuff.obj
 0001:0005c563       _start_input_pass          0045d563 f   lib:jdcoefct.obj
 0001:0005c576       _start_iMCU_row            0045d576 f   lib:jdcoefct.obj
 0001:0005c5bb       _start_output_pass         0045d5bb f   lib:jdcoefct.obj
 0001:0005c5f8       _decompress_onepass        0045d5f8 f   lib:jdcoefct.obj
 0001:0005c7d1       _dummy_consume_data        0045d7d1 f   lib:jdcoefct.obj
 0001:0005c7d4       _consume_data              0045d7d4 f   lib:jdcoefct.obj
 0001:0005c98d       _decompress_data           0045d98d f   lib:jdcoefct.obj
 0001:0005caf9       _smoothing_ok              0045daf9 f   lib:jdcoefct.obj
 0001:0005cbe4       _decompress_smooth_data    0045dbe4 f   lib:jdcoefct.obj
 0001:0005c3fc       _scaler_start_pass         0045d3fc f   lib:jcscale.obj
 0001:0005c41f       _simple_downscale          0045d41f f   lib:jcscale.obj
 0001:0005c44b       _noscale                   0045d44b f   lib:jcscale.obj
 0001:0005bef4       _start_pass                0045cef4 f   lib:jcpred.obj
 0001:0005bf4c       _reset_predictor           0045cf4c f   lib:jcpred.obj
 0001:0005bf79       _jpeg_difference_first_row 0045cf79 f   lib:jcpred.obj
 0001:0005c063       _jpeg_difference1          0045d063 f   lib:jcpred.obj
 0001:0005c0d1       _jpeg_difference2          0045d0d1 f   lib:jcpred.obj
 0001:0005c142       _jpeg_difference3          0045d142 f   lib:jcpred.obj
 0001:0005c1ba       _jpeg_difference4          0045d1ba f   lib:jcpred.obj
 0001:0005c245       _jpeg_difference5          0045d245 f   lib:jcpred.obj
 0001:0005c2d8       _jpeg_difference6          0045d2d8 f   lib:jcpred.obj
 0001:0005c367       _jpeg_difference7          0045d367 f   lib:jcpred.obj
 0001:0005b7e6       _start_pass_huff           0045c7e6 f   lib:jclhuff.obj
 0001:0005b983       _encode_mcus_huff          0045c983 f   lib:jclhuff.obj
 0001:0005bb6e       _emit_bits                 0045cb6e f   lib:jclhuff.obj
 0001:0005bc11       _dump_buffer               0045cc11 f   lib:jclhuff.obj
 0001:0005bc35       _emit_restart              0045cc35 f   lib:jclhuff.obj
 0001:0005bc80       _flush_bits                0045cc80 f   lib:jclhuff.obj
 0001:0005bca4       _finish_pass_huff          0045cca4 f   lib:jclhuff.obj
 0001:0005bd11       _encode_mcus_gather        0045cd11 f   lib:jclhuff.obj
 0001:0005be3a       _finish_pass_gather        0045ce3a f   lib:jclhuff.obj
 0001:0005a50b       _need_optimization_pass    0045b50b f   lib:jcshuff.obj
 0001:0005b406       _start_pass_diff           0045c406 f   lib:jcdiffct.obj
 0001:0005970c       _start_iMCU_row            0045a70c f   lib:jccoefct.obj
 0001:0005b4a4       _compress_data             0045c4a4 f   lib:jcdiffct.obj
 0001:0005b63a       _compress_first_pass       0045c63a f   lib:jcdiffct.obj
 0001:0005b72f       _compress_output           0045c72f f   lib:jcdiffct.obj
 0001:0005b019       _start_pass_fdctmgr        0045c019 f   lib:jcdctmgr.obj
 0001:0005b11b       _forward_DCT_float         0045c11b f   lib:jcdctmgr.obj
 0001:0005a54e       _start_pass_phuff          0045b54e f   lib:jcphuff.obj
 0001:0005a6bb       _encode_mcu_DC_first       0045b6bb f   lib:jcphuff.obj
 0001:0005a7ed       _emit_bits                 0045b7ed f   lib:jcphuff.obj
 0001:0005a898       _dump_buffer               0045b898 f   lib:jcphuff.obj
 0001:0005a8d0       _emit_symbol               0045b8d0 f   lib:jcphuff.obj
 0001:0005a910       _emit_restart              0045b910 f   lib:jcphuff.obj
 0001:0005a999       _emit_eobrun               0045b999 f   lib:jcphuff.obj
 0001:0005aa1f       _encode_mcu_AC_first       0045ba1f f   lib:jcphuff.obj
 0001:0005abb3       _encode_mcu_DC_refine      0045bbb3 f   lib:jcphuff.obj
 0001:0005ac6d       _encode_mcu_AC_refine      0045bc6d f   lib:jcphuff.obj
 0001:0005ae84       _finish_pass_phuff         0045be84 f   lib:jcphuff.obj
 0001:0005aed3       _finish_pass_gather_phuff  0045bed3 f   lib:jcphuff.obj
 0001:0005af96       _need_optimization_pass    0045bf96 f   lib:jcphuff.obj
 0001:00059ce6       _start_pass_huff           0045ace6 f   lib:jcshuff.obj
 0001:00059e5b       _encode_mcu_huff           0045ae5b f   lib:jcshuff.obj
 0001:00059f66       _encode_one_block          0045af66 f   lib:jcshuff.obj
 0001:0005a0dd       _emit_bits                 0045b0dd f   lib:jcshuff.obj
 0001:0005a180       _dump_buffer               0045b180 f   lib:jcshuff.obj
 0001:0005a1a4       _emit_restart              0045b1a4 f   lib:jcshuff.obj
 0001:0005a211       _flush_bits                0045b211 f   lib:jcshuff.obj
 0001:0005a235       _finish_pass_huff          0045b235 f   lib:jcshuff.obj
 0001:0005a2a4       _encode_mcu_gather         0045b2a4 f   lib:jcshuff.obj
 0001:0005a35a       _htest_one_block           0045b35a f   lib:jcshuff.obj
 0001:0005a421       _finish_pass_gather        0045b421 f   lib:jcshuff.obj
 0001:0005a50b       _need_optimization_pass    0045b50b f   lib:jcshuff.obj
 0001:00059677       _start_pass_coef           0045a677 f   lib:jccoefct.obj
 0001:0005970c       _start_iMCU_row            0045a70c f   lib:jccoefct.obj
 0001:0005974e       _compress_data             0045a74e f   lib:jccoefct.obj
 0001:00059935       _compress_first_pass       0045a935 f   lib:jccoefct.obj
 0001:00059b1b       _compress_output           0045ab1b f   lib:jccoefct.obj
 0001:0005958f       _calc_output_dimensions    0045a58f f   lib:jdlossls.obj
 0001:000595a0       _start_input_pass          0045a5a0 f   lib:jdlossls.obj
 0001:000592ce       _calc_output_dimensions    0045a2ce f   lib:jdlossy.obj
 0001:00059441       _start_input_pass          0045a441 f   lib:jdlossy.obj
 0001:00059461       _latch_quant_tables        0045a461 f   lib:jdlossy.obj
 0001:000594f9       _start_output_pass         0045a4f9 f   lib:jdlossy.obj
 0001:0005921d       _start_pass                0045a21d f   lib:jclossls.obj
 0001:00059189       _start_pass                0045a189 f   lib:jclossy.obj
 0001:000586de       _initial_setup             004596de f   lib:jcmaster.obj
 0001:00058891       _validate_script           00459891 f   lib:jcmaster.obj
 0001:00058c69       _prepare_for_pass          00459c69 f   lib:jcmaster.obj
 0001:00058de1       _select_scan_parameters    00459de1 f   lib:jcmaster.obj
 0001:00058ee2       _per_scan_setup            00459ee2 f   lib:jcmaster.obj
 0001:0005908d       _pass_startup              0045a08d f   lib:jcmaster.obj
 0001:000590b4       _finish_pass_master        0045a0b4 f   lib:jcmaster.obj
 0001:000581ca       _rgb_ycc_start             004591ca f   lib:jccolor.obj
 0001:0005828e       _rgb_ycc_convert           0045928e f   lib:jccolor.obj
 0001:0005838d       _rgb_gray_convert          0045938d f   lib:jccolor.obj
 0001:00058412       _cmyk_ycck_convert         00459412 f   lib:jccolor.obj
 0001:0005854a       _grayscale_convert         0045954a f   lib:jccolor.obj
 0001:000585a4       _null_convert              004595a4 f   lib:jccolor.obj
 0001:000566c5       _null_method               004576c5 f   lib:jquant2.obj
 0001:000566c5       _start_pass_downsample     004576c5 f   lib:jquant2.obj
 0001:00057916       _sep_downsample            00458916 f   lib:jcsample.obj
 0001:0005798b       _int_downsample            0045898b f   lib:jcsample.obj
 0001:00057a83       _expand_right_edge         00458a83 f   lib:jcsample.obj
 0001:00057ad8       _fullsize_downsample       00458ad8 f   lib:jcsample.obj
 0001:00057b1c       _h2v1_downsample           00458b1c f   lib:jcsample.obj
 0001:00057bb0       _h2v2_downsample           00458bb0 f   lib:jcsample.obj
 0001:00057c5d       _h2v2_smooth_downsample    00458c5d f   lib:jcsample.obj
 0001:00057ed5       _fullsize_smooth_downsample 00458ed5 f   lib:jcsample.obj
 0001:00057312       _start_pass_prep           00458312 f   lib:jcprepct.obj
 0001:00057350       _pre_process_data          00458350 f   lib:jcprepct.obj
 0001:000574fe       _pre_process_context       004584fe f   lib:jcprepct.obj
 0001:000576b7       _create_context_buffer     004586b7 f   lib:jcprepct.obj
 0001:0005718a       _start_pass_main           0045818a f   lib:jcmainct.obj
 0001:000571cc       _process_data_simple_main  004581cc f   lib:jcmainct.obj
 0001:00056760       _create_colormap           00457760 f   lib:jquant1.obj
 0001:00056892       _select_ncolors            00457892 f   lib:jquant1.obj
 0001:00056969       _create_colorindex         00457969 f   lib:jquant1.obj
 0001:00056a95       _alloc_fs_workspace        00457a95 f   lib:jquant1.obj
 0001:00056ad1       _start_pass_1_quant        00457ad1 f   lib:jquant1.obj
 0001:00056b9d       _create_odither_tables     00457b9d f   lib:jquant1.obj
 0001:00056bfc       _make_odither_array        00457bfc f   lib:jquant1.obj
 0001:00056c5f       _color_quantize            00457c5f f   lib:jquant1.obj
 0001:00056cea       _color_quantize3           00457cea f   lib:jquant1.obj
 0001:00056d78       _quantize_ord_dither       00457d78 f   lib:jquant1.obj
 0001:00056e63       _quantize3_ord_dither      00457e63 f   lib:jquant1.obj
 0001:00056f63       _quantize_fs_dither        00457f63 f   lib:jquant1.obj
 0001:000566c5       _finish_pass_1_quant       004576c5 f   lib:jquant2.obj
 0001:000570e7       _new_color_map_1_quant     004580e7 f   lib:jquant1.obj
 0001:00055720       _init_error_limit          00456720 f   lib:jquant2.obj
 0001:000557bf       _start_pass_2_quant        004567bf f   lib:jquant2.obj
 0001:000558c1       _prescan_quantize          004568c1 f   lib:jquant2.obj
 0001:00055930       _pass2_no_dither           00456930 f   lib:jquant2.obj
 0001:000559dd       _fill_inverse_cmap         004569dd f   lib:jquant2.obj
 0001:00055aa8       _find_nearby_colors        00456aa8 f   lib:jquant2.obj
 0001:00055c4c       _find_best_colors          00456c4c f   lib:jquant2.obj
 0001:00055d66       _pass2_fs_dither           00456d66 f   lib:jquant2.obj
 0001:00055fd5       _finish_pass1              00456fd5 f   lib:jquant2.obj
 0001:00055ff7       _select_colors             00456ff7 f   lib:jquant2.obj
 0001:00056083       _update_box                00457083 f   lib:jquant2.obj
 0001:0005641d       _median_cut                0045741d f   lib:jquant2.obj
 0001:00056531       _find_biggest_color_pop    00457531 f   lib:jquant2.obj
 0001:00056560       _find_biggest_volume       00457560 f   lib:jquant2.obj
 0001:00056589       _compute_color             00457589 f   lib:jquant2.obj
 0001:000566c5       _finish_pass2              004576c5 f   lib:jquant2.obj
 0001:000566c6       _new_color_map_2_quant     004576c6 f   lib:jquant2.obj
 0001:00055137       _build_ycc_rgb_table       00456137 f   lib:jdmerge.obj
 0001:000551e7       _start_pass_merged_upsample 004561e7 f   lib:jdmerge.obj
 0001:000551fc       _merged_2v_upsample        004561fc f   lib:jdmerge.obj
 0001:000552a3       _merged_1v_upsample        004562a3 f   lib:jdmerge.obj
 0001:000552d4       _h2v1_merged_upsample      004562d4 f   lib:jdmerge.obj
 0001:0005542a       _h2v2_merged_upsample      0045642a f   lib:jdmerge.obj
 0001:00054cdb       _build_ycc_rgb_table       00455cdb f   lib:jdcolor.obj
 0001:00054d8b       _ycc_rgb_convert           00455d8b f   lib:jdcolor.obj
 0001:00054e99       _null_convert              00455e99 f   lib:jdcolor.obj
 0001:00054f11       _grayscale_convert         00455f11 f   lib:jdcolor.obj
 0001:00054f34       _gray_rgb_convert          00455f34 f   lib:jdcolor.obj
 0001:00054f8d       _ycck_cmyk_convert         00455f8d f   lib:jdcolor.obj
 0001:000566c5       _start_pass_dcolor         004576c5 f   lib:jquant2.obj
 0001:0005473c       _start_pass_upsample       0045573c f   lib:jdsample.obj
 0001:00054756       _sep_upsample              00455756 f   lib:jdsample.obj
 0001:00054823       _fullsize_upsample         00455823 f   lib:jdsample.obj
 0001:0005482e       _noop_upsample             0045582e f   lib:jdsample.obj
 0001:00054836       _int_upsample              00455836 f   lib:jdsample.obj
 0001:00054920       _h2v1_upsample             00455920 f   lib:jdsample.obj
 0001:00054977       _h2v2_upsample             00455977 f   lib:jdsample.obj
 0001:000549e9       _h2v1_fancy_upsample       004559e9 f   lib:jdsample.obj
 0001:00054a8c       _h2v2_fancy_upsample       00455a8c f   lib:jdsample.obj
 0001:00054345       _start_pass_dpost          00455345 f   lib:jdpostct.obj
 0001:000543eb       _post_process_1pass        004553eb f   lib:jdpostct.obj
 0001:00054450       _post_process_prepass      00455450 f   lib:jdpostct.obj
 0001:000544e1       _post_process_2pass        004554e1 f   lib:jdpostct.obj
 0001:00053d4c       _alloc_funny_pointers      00454d4c f   lib:jdmainct.obj
 0001:00053df9       _start_pass_main           00454df9 f   lib:jdmainct.obj
 0001:00053e61       _make_funny_pointers       00454e61 f   lib:jdmainct.obj
 0001:00053fa1       _process_data_simple_main  00454fa1 f   lib:jdmainct.obj
 0001:00054009       _process_data_context_main 00455009 f   lib:jdmainct.obj
 0001:0005411b       _set_wraparound_pointers   0045511b f   lib:jdmainct.obj
 0001:00054205       _set_bottom_pointers       00455205 f   lib:jdmainct.obj
 0001:0005429f       _process_data_crank_post   0045529f f   lib:jdmainct.obj
 0001:00052aa2       _write_marker_header       00453aa2 f   lib:jcmarker.obj
 0001:00052af8       _emit_byte                 00453af8 f   lib:jcmarker.obj
 0001:00052b29       _write_marker_byte         00453b29 f   lib:jcmarker.obj
 0001:00052b39       _write_file_header         00453b39 f   lib:jcmarker.obj
 0001:00052b85       _emit_jfif_app0            00453b85 f   lib:jcmarker.obj
 0001:00052c58       _emit_adobe_app14          00453c58 f   lib:jcmarker.obj
 0001:00052cfe       _write_frame_header        00453cfe f   lib:jcmarker.obj
 0001:00052ddd       _emit_dqt                  00453ddd f   lib:jcmarker.obj
 0001:00052ecc       _emit_sof                  00453ecc f   lib:jcmarker.obj
 0001:00052fa8       _write_scan_header         00453fa8 f   lib:jcmarker.obj
 0001:00053068       _emit_dht                  00454068 f   lib:jcmarker.obj
 0001:00053141       _emit_dri                  00454141 f   lib:jcmarker.obj
 0001:00053190       _emit_sos                  00454190 f   lib:jcmarker.obj
 0001:0005327e       _write_file_trailer        0045427e f   lib:jcmarker.obj
 0001:0005329e       _write_tables_only         0045429e f   lib:jcmarker.obj
 0001:000525f7       _use_merged_upsample       004535f7 f   lib:jdmaster.obj
 0001:0005269d       _master_selection          0045369d f   lib:jdmaster.obj
 0001:000527fa       _prepare_range_limit_table 004537fa f   lib:jdmaster.obj
 0001:00052880       _prepare_for_output_pass   00453880 f   lib:jdmaster.obj
 0001:000529a1       _finish_output_pass        004539a1 f   lib:jdmaster.obj
 0001:00051a6e       _alloc_small               00452a6e f   lib:jmemmgr.obj
 0001:00051b8c       _alloc_large               00452b8c f   lib:jmemmgr.obj
 0001:00051c3d       _alloc_sarray              00452c3d f   lib:jmemmgr.obj
 0001:00051cd5       _alloc_barray              00452cd5 f   lib:jmemmgr.obj
 0001:00051d79       _alloc_darray              00452d79 f   lib:jmemmgr.obj
 0001:00051e24       _request_virt_sarray       00452e24 f   lib:jmemmgr.obj
 0001:00051e85       _request_virt_barray       00452e85 f   lib:jmemmgr.obj
 0001:00051ee6       _realize_virt_arrays       00452ee6 f   lib:jmemmgr.obj
 0001:00052069       _access_virt_sarray        00453069 f   lib:jmemmgr.obj
 0001:00052189       _do_sarray_io              00453189 f   lib:jmemmgr.obj
 0001:00052219       _access_virt_barray        00453219 f   lib:jmemmgr.obj
 0001:0005233e       _do_barray_io              0045333e f   lib:jmemmgr.obj
 0001:000523cf       _free_pool                 004533cf f   lib:jmemmgr.obj
 0001:000524b6       _self_destruct             004534b6 f   lib:jmemmgr.obj
 0001:00051508       _start_input_pass          00452508 f   lib:jdinput.obj
 0001:00051536       _per_scan_setup            00452536 f   lib:jdinput.obj
 0001:000516bc       _finish_input_pass         004526bc f   lib:jdinput.obj
 0001:000516cd       _consume_markers           004526cd f   lib:jdinput.obj
 0001:00051769       _initial_setup             00452769 f   lib:jdinput.obj
 0001:00051973       _reset_input_controller    00452973 f   lib:jdinput.obj
 0001:000512c1       _fixedtables               004522c1 f   lib:inflate.obj
 0001:000513ab       _updatewindow              004523ab f   lib:inflate.obj
 0001:0004fcf3       _make_crc_table            00450cf3 f   lib:crc32.obj
 0001:0004fe40       _crc32_little              00450e40 f   lib:crc32.obj
 0001:0004fc2f       _init_destination          00450c2f f   lib:jdatadst.obj
 0001:0004fc55       _empty_output_buffer       00450c55 f   lib:jdatadst.obj
 0001:0004fc97       _term_destination          00450c97 f   lib:jdatadst.obj
 0001:0004f7b6       _std_huff_tables           004507b6 f   lib:jcparam.obj
 0001:0004f810       _add_huff_table            00450810 f   lib:jcparam.obj
 0001:0004dd03       _next_marker               0044ed03 f   lib:jdmarker.obj
 0001:0004de3d       _get_interesting_appn      0044ee3d f   lib:jdmarker.obj
 0001:0004df68       _examine_app0              0044ef68 f   lib:jdmarker.obj
 0001:0004e176       _examine_app14             0044f176 f   lib:jdmarker.obj
 0001:0004e237       _skip_variable             0044f237 f   lib:jdmarker.obj
 0001:0004e2da       _read_markers              0044f2da f   lib:jdmarker.obj
 0001:0004e4e2       _get_soi                   0044f4e2 f   lib:jdmarker.obj
 0001:0004e58d       _get_sof                   0044f58d f   lib:jdmarker.obj
 0001:0004e896       _get_sos                   0044f896 f   lib:jdmarker.obj
 0001:0004eb84       _get_dht                   0044fb84 f   lib:jdmarker.obj
 0001:0004ee25       _get_dqt                   0044fe25 f   lib:jdmarker.obj
 0001:0004f081       _get_dri                   00450081 f   lib:jdmarker.obj
 0001:0004f160       _first_marker              00450160 f   lib:jdmarker.obj
 0001:0004f1fc       _read_restart_marker       004501fc f   lib:jdmarker.obj
 0001:0004f27a       _reset_marker_reader       0045027a f   lib:jdmarker.obj
 0001:0004dae7       _output_pass_setup         0044eae7 f   lib:jdapistd.obj
 0001:0004d7da       _default_decompress_parms  0044e7da f   lib:jdapimin.obj

 182 bytes saved through ICF

