 quake2

 Timestamp is 3db2bffc (Sun Oct 20 18:38:52 2002)

 Preferred load address is 00400000

 Start         Length     Name                   Class
 0001:00000000 00061ac0H .text                   CODE
 0002:00000000 00000354H .idata$5                DATA
 0002:00000358 0000167cH .rdata                  DATA
 0002:000019d4 00000078H .idata$2                DATA
 0002:00001a4c 00000014H .idata$3                DATA
 0002:00001a60 00000354H .idata$4                DATA
 0002:00001db4 00000b38H .idata$6                DATA
 0002:000028ec 00000000H .edata                  DATA
 0003:00000000 00000004H .CRT$XCA                DATA
 0003:00000004 00000004H .CRT$XCZ                DATA
 0003:00000008 00000004H .CRT$XIA                DATA
 0003:0000000c 00000004H .CRT$XIZ                DATA
 0003:00000010 00016564H .data                   DATA
 0003:00016578 00980d6cH .bss                    DATA
 0004:00000000 000000a0H .rsrc$01                DATA
 0004:000000a0 00000300H .rsrc$02                DATA

  Address         Publics by Value              Rva+Base     Lib:Object

 0001:00000000       _CDAudio_Play2             00401000 f   cd_win.obj
 0001:000001e5       _CDAudio_Play              004011e5 f   cd_win.obj
 0001:000001fc       _CDAudio_Stop              004011fc f   cd_win.obj
 0001:00000241       _CDAudio_Pause             00401241 f   cd_win.obj
 0001:0000029a       _CDAudio_Resume            0040129a f   cd_win.obj
 0001:0000030c       _CDAudio_MessageHandler    0040130c f   cd_win.obj
 0001:000003a3       _CDAudio_Update            004013a3 f   cd_win.obj
 0001:000003da       _CDAudio_Init              004013da f   cd_win.obj
 0001:000007d1       _CDAudio_Shutdown          004017d1 f   cd_win.obj
 0001:00000804       _CDAudio_Activate          00401804 f   cd_win.obj
 0001:00000815       _SCR_StopCinematic         00401815 f   cl_cin.obj
 0001:000008a1       _SCR_FinishCinematic       004018a1 f   cl_cin.obj
 0001:000008cb       _SCR_ReadNextFrame         004018cb f   cl_cin.obj
 0001:00000bec       _SCR_RunCinematic          00401bec f   cl_cin.obj
 0001:00000ce5       _SCR_DrawCinematic         00401ce5 f   cl_cin.obj
 0001:00000d84       _SCR_PlayCinematic         00401d84 f   cl_cin.obj
 0001:000010a6       _CL_ParseEntityBits        004020a6 f   cl_ents.obj
 0001:00001125       _CL_ParseDelta             00402125 f   cl_ents.obj
 0001:00001303       _CL_DeltaEntity            00402303 f   cl_ents.obj
 0001:0000149c       _CL_ParsePacketEntities    0040249c f   cl_ents.obj
 0001:000016bf       _CL_ParsePlayerstate       004026bf f   cl_ents.obj
 0001:000019cd       _CL_FireEntityEvents       004029cd f   cl_ents.obj
 0001:00001a1c       _CL_ParseFrame             00402a1c f   cl_ents.obj
 0001:00001c89       _CL_AddPacketEntities      00402c89 f   cl_ents.obj
 0001:00002733       _CL_AddViewWeapon          00403733 f   cl_ents.obj
 0001:0000286d       _CL_CalcViewValues         0040386d f   cl_ents.obj
 0001:00002b0b       _CL_AddEntities            00403b0b f   cl_ents.obj
 0001:00002bdd       _CL_GetEntitySoundOrigin   00403bdd f   cl_ents.obj
 0001:00002c2a       _CL_RunLightStyles         00403c2a f   cl_fx.obj
 0001:00002c9a       _CL_SetLightstyle          00403c9a f   cl_fx.obj
 0001:00002d05       _CL_AddLightStyles         00403d05 f   cl_fx.obj
 0001:00002d3d       _CL_AllocDlight            00403d3d f   cl_fx.obj
 0001:00002da8       _CL_RunDLights             00403da8 f   cl_fx.obj
 0001:00002dfa       _CL_ParseMuzzleFlash       00403dfa f   cl_fx.obj
 0001:00003645       _CL_ParseMuzzleFlash2      00404645 f   cl_fx.obj
 0001:00003d4f       _CL_AddDLights             00404d4f f   cl_fx.obj
 0001:00003e1d       _CL_ClearParticles         00404e1d f   cl_fx.obj
 0001:00003e51       _CL_ParticleEffect         00404e51 f   cl_fx.obj
 0001:00003f4e       _CL_ParticleEffect2        00404f4e f   cl_fx.obj
 0001:00004040       _CL_ParticleEffect3        00405040 f   cl_fx.obj
 0001:00004132       _CL_TeleporterParticles    00405132 f   cl_fx.obj
 0001:0000421a       _CL_LogoutEffect           0040521a f   cl_fx.obj
 0001:00004349       _CL_ItemRespawnParticles   00405349 f   cl_fx.obj
 0001:0000442c       _CL_ExplosionParticles     0040542c f   cl_fx.obj
 0001:0000450f       _CL_BigTeleportParticles   0040550f f   cl_fx.obj
 0001:00004683       _CL_BlasterParticles       00405683 f   cl_fx.obj
 0001:00004783       _CL_BlasterTrail           00405783 f   cl_fx.obj
 0001:000048b4       _CL_FlagTrail              004058b4 f   cl_fx.obj
 0001:000049ea       _CL_DiminishingTrail       004059ea f   cl_fx.obj
 0001:00004cae       _MakeNormalVectors         00405cae f   cl_fx.obj
 0001:00004d05       _CL_RocketTrail            00405d05 f   cl_fx.obj
 0001:00004e70       _CL_RailTrail              00405e70 f   cl_fx.obj
 0001:00005111       _CL_IonripperTrail         00406111 f   cl_fx.obj
 0001:00005264       _CL_BubbleTrail            00406264 f   cl_fx.obj
 0001:000053ba       _CL_FlyParticles           004063ba f   cl_fx.obj
 0001:0000558d       _CL_FlyEffect              0040658d f   cl_fx.obj
 0001:00005610       _CL_BfgParticles           00406610 f   cl_fx.obj
 0001:00005817       _CL_TrapParticles          00406817 f   cl_fx.obj
 0001:00005b19       _CL_BFGExplosionParticles  00406b19 f   cl_fx.obj
 0001:00005bfc       _CL_TeleportParticles      00406bfc f   cl_fx.obj
 0001:00005d6b       _CL_AddParticles           00406d6b f   cl_fx.obj
 0001:00005ec4       _CL_EntityEvent            00406ec4 f   cl_fx.obj
 0001:000060a1       _CL_ClearEffects           004070a1 f   cl_fx.obj
 0001:000060d3       _KeyDown                   004070d3 f   cl_input.obj
 0001:00006149       _KeyUp                     00407149 f   cl_input.obj
 0001:000061c3       _IN_KLookDown              004071c3 f   cl_input.obj
 0001:000061cf       _IN_KLookUp                004071cf f   cl_input.obj
 0001:000061db       _IN_UpDown                 004071db f   cl_input.obj
 0001:000061e7       _IN_UpUp                   004071e7 f   cl_input.obj
 0001:000061f3       _IN_DownDown               004071f3 f   cl_input.obj
 0001:000061ff       _IN_DownUp                 004071ff f   cl_input.obj
 0001:0000620b       _IN_LeftDown               0040720b f   cl_input.obj
 0001:00006217       _IN_LeftUp                 00407217 f   cl_input.obj
 0001:00006223       _IN_RightDown              00407223 f   cl_input.obj
 0001:0000622f       _IN_RightUp                0040722f f   cl_input.obj
 0001:0000623b       _IN_ForwardDown            0040723b f   cl_input.obj
 0001:00006247       _IN_ForwardUp              00407247 f   cl_input.obj
 0001:00006253       _IN_BackDown               00407253 f   cl_input.obj
 0001:0000625f       _IN_BackUp                 0040725f f   cl_input.obj
 0001:0000626b       _IN_LookupDown             0040726b f   cl_input.obj
 0001:00006277       _IN_LookupUp               00407277 f   cl_input.obj
 0001:00006283       _IN_LookdownDown           00407283 f   cl_input.obj
 0001:0000628f       _IN_LookdownUp             0040728f f   cl_input.obj
 0001:0000629b       _IN_MoveleftDown           0040729b f   cl_input.obj
 0001:000062a7       _IN_MoveleftUp             004072a7 f   cl_input.obj
 0001:000062b3       _IN_MoverightDown          004072b3 f   cl_input.obj
 0001:000062bf       _IN_MoverightUp            004072bf f   cl_input.obj
 0001:000062cb       _IN_SpeedDown              004072cb f   cl_input.obj
 0001:000062d7       _IN_SpeedUp                004072d7 f   cl_input.obj
 0001:000062e3       _IN_StrafeDown             004072e3 f   cl_input.obj
 0001:000062ef       _IN_StrafeUp               004072ef f   cl_input.obj
 0001:000062fb       _IN_AttackDown             004072fb f   cl_input.obj
 0001:00006307       _IN_AttackUp               00407307 f   cl_input.obj
 0001:00006313       _IN_UseDown                00407313 f   cl_input.obj
 0001:0000631f       _IN_UseUp                  0040731f f   cl_input.obj
 0001:0000632b       _IN_Impulse                0040732b f   cl_input.obj
 0001:00006341       _CL_KeyState               00407341 f   cl_input.obj
 0001:0000639f       _CL_AdjustAngles           0040739f f   cl_input.obj
 0001:000064ae       _CL_BaseMove               004074ae f   cl_input.obj
 0001:00006688       _CL_ClampPitch             00407688 f   cl_input.obj
 0001:00006736       _CL_FinishMove             00407736 f   cl_input.obj
 0001:000067e5       _CL_CreateCmd              004077e5 f   cl_input.obj
 0001:00006851       _IN_CenterView             00407851 f   cl_input.obj
 0001:00006872       _CL_InitInput              00407872 f   cl_input.obj
 0001:00006a78       _CL_SendCmd                00407a78 f   cl_input.obj
 0001:00006c72       _CL_ParseInventory         00407c72 f   cl_inv.obj
 0001:00006c92       _CL_DrawInventory          00407c92 f   cl_inv.obj
 0001:00006ef3       _CL_WriteDemoMessage       00407ef3 f   cl_main.obj
 0001:00006f35       _CL_Stop_f                 00407f35 f   cl_main.obj
 0001:00006f90       _CL_Record_f               00407f90 f   cl_main.obj
 0001:00007209       _Cmd_ForwardToServer       00408209 f   cl_main.obj
 0001:00007275       _CL_Setenv_f               00408275 f   cl_main.obj
 0001:00007339       _CL_ForwardToServer_f      00408339 f   cl_main.obj
 0001:00007387       _CL_Pause_f                00408387 f   cl_main.obj
 0001:000073c0       _CL_Quit_f                 004083c0 f   cl_main.obj
 0001:000073ca       _CL_Drop                   004083ca f   cl_main.obj
 0001:000073ec       _CL_SendConnectPacket      004083ec f   cl_main.obj
 0001:000074c0       _CL_CheckForResend         004084c0 f   cl_main.obj
 0001:000075a0       _CL_Connect_f              004085a0 f   cl_main.obj
 0001:0000761f       _CL_Rcon_f                 0040861f f   cl_main.obj
 0001:0000776c       _CL_ClearState             0040876c f   cl_main.obj
 0001:000077ab       _CL_Disconnect             004087ab f   cl_main.obj
 0001:000078e0       _CL_Disconnect_f           004088e0 f   cl_main.obj
 0001:000078ef       _CL_Changing_f             004088ef f   cl_main.obj
 0001:00007913       _CL_Reconnect_f            00408913 f   cl_main.obj
 0001:000079af       _CL_ParseStatusMessage     004089af f   cl_main.obj
 0001:000079e6       _CL_PingServers_f          004089e6 f   cl_main.obj
 0001:00007b40       _CL_Skins_f                00408b40 f   cl_main.obj
 0001:00007b7c       _CL_ConnectionlessPacket   00408b7c f   cl_main.obj
 0001:00007dbe       _CL_ReadPackets            00408dbe f   cl_main.obj
 0001:00007efc       _CL_FixUpGender            00408efc f   cl_main.obj
 0001:00007fcf       _CL_Userinfo_f             00408fcf f   cl_main.obj
 0001:00007fe7       _CL_Snd_Restart_f          00408fe7 f   cl_main.obj
 0001:00007ff6       _CL_RequestNextDownload    00408ff6 f   cl_main.obj
 0001:0000863a       _CL_Precache_f             0040963a f   cl_main.obj
 0001:000086a3       _CL_WriteConfiguration     004096a3 f   cl_main.obj
 0001:0000872e       _CL_WriteConfig_f          0040972e f   cl_main.obj
 0001:0000878d       _CL_InitLocal              0040978d f   cl_main.obj
 0001:000089ad       _CL_FixCvarCheats          004099ad f   cl_main.obj
 0001:00008a6a       _CL_SendCommand            00409a6a f   cl_main.obj
 0001:00008a88       _CL_Frame                  00409a88 f   cl_main.obj
 0001:00008c3d       _CL_Init                   00409c3d f   cl_main.obj
 0001:00008c92       _CL_Shutdown               00409c92 f   cl_main.obj
 0001:00008cd8       _vectoangles2              00409cd8 f   cl_newfx.obj
 0001:00008dda       _CL_Flashlight             00409dda f   cl_newfx.obj
 0001:00008e2b       _CL_ColorFlash             00409e2b f   cl_newfx.obj
 0001:00008ed1       _CL_DebugTrail             00409ed1 f   cl_newfx.obj
 0001:00008fff       _CL_ForceWall              00409fff f   cl_newfx.obj
 0001:00009163       _CL_BubbleTrail2           0040a163 f   cl_newfx.obj
 0001:000092c5       _CL_Heatbeam               0040a2c5 f   cl_newfx.obj
 0001:00009590       _CL_ParticleSteamEffect    0040a590 f   cl_newfx.obj
 0001:000096ca       _CL_ParticleSteamEffect2   0040a6ca f   cl_newfx.obj
 0001:0000981c       _CL_TrackerTrail           0040a81c f   cl_newfx.obj
 0001:0000999e       _CL_Tracker_Shell          0040a99e f   cl_newfx.obj
 0001:00009a47       _CL_MonsterPlasma_Shell    0040aa47 f   cl_newfx.obj
 0001:00009aef       _CL_Widowbeamout           0040aaef f   cl_newfx.obj
 0001:00009bc7       _CL_Nukeblast              0040abc7 f   cl_newfx.obj
 0001:00009c9f       _CL_WidowSplash            0040ac9f f   cl_newfx.obj
 0001:00009d83       _CL_TagTrail               0040ad83 f   cl_newfx.obj
 0001:00009eb9       _CL_ColorExplosionParticles 0040aeb9 f   cl_newfx.obj
 0001:00009f9b       _CL_ParticleSmokeEffect    0040af9b f   cl_newfx.obj
 0001:0000a0d3       _CL_BlasterParticles2      0040b0d3 f   cl_newfx.obj
 0001:0000a1d5       _CL_BlasterTrail2          0040b1d5 f   cl_newfx.obj
 0001:0000a306       _CL_DownloadFileName       0040b306 f   cl_parse.obj
 0001:0000a345       _CL_CheckOrDownloadFile    0040b345 f   cl_parse.obj
 0001:0000a4a9       _CL_Download_f             0040b4a9 f   cl_parse.obj
 0001:0000a575       _CL_RegisterSounds         0040b575 f   cl_parse.obj
 0001:0000a5b4       _CL_ParseDownload          0040b5b4 f   cl_parse.obj
 0001:0000a721       _CL_ParseServerData        0040b721 f   cl_parse.obj
 0001:0000a830       _CL_ParseBaseline          0040b830 f   cl_parse.obj
 0001:0000a86a       _CL_LoadClientinfo         0040b86a f   cl_parse.obj
 0001:0000ac02       _CL_ParseClientinfo        0040bc02 f   cl_parse.obj
 0001:0000ac26       _CL_ParseConfigString      0040bc26 f   cl_parse.obj
 0001:0000adab       _CL_ParseStartSoundPacket  0040bdab f   cl_parse.obj
 0001:0000aead       _SHOWNET                   0040bead f   cl_parse.obj
 0001:0000aed1       _CL_ParseServerMessage     0040bed1 f   cl_parse.obj
 0001:0000b171       _CL_CheckPredictionError   0040c171 f   cl_pred.obj
 0001:0000b297       _CL_ClipMoveToEntities     0040c297 f   cl_pred.obj
 0001:0000b3ee       _CL_PMTrace                0040c3ee f   cl_pred.obj
 0001:0000b45d       _CL_PMpointcontents        0040c45d f   cl_pred.obj
 0001:0000b4c7       _CL_PredictMovement        0040c4c7 f   cl_pred.obj
 0001:0000b6d5       _CL_AddNetgraph            0040c6d5 f   cl_scrn.obj
 0001:0000b7af       _SCR_DebugGraph            0040c7af f   cl_scrn.obj
 0001:0000b7d7       _SCR_DrawDebugGraph        0040c7d7 f   cl_scrn.obj
 0001:0000b8b6       _SCR_CenterPrint           0040c8b6 f   cl_scrn.obj
 0001:0000b9c7       _SCR_DrawCenterString      0040c9c7 f   cl_scrn.obj
 0001:0000bb1c       _SCR_SizeUp_f              0040cb1c f   cl_scrn.obj
 0001:0000bb35       _SCR_SizeDown_f            0040cb35 f   cl_scrn.obj
 0001:0000bb56       _SCR_Sky_f                 0040cb56 f   cl_scrn.obj
 0001:0000bc01       _SCR_Init                  0040cc01 f   cl_scrn.obj
 0001:0000bc66       _SCR_DrawNet               0040cc66 f   cl_scrn.obj
 0001:0000bca1       _SCR_DrawPause             0040cca1 f   cl_scrn.obj
 0001:0000bd0a       _SCR_RunConsole            0040cd0a f   cl_scrn.obj
 0001:0000bdab       _SCR_DrawConsole           0040cdab f   cl_scrn.obj
 0001:0000be3e       _SCR_SetLevelshot          0040ce3e f   cl_scrn.obj
 0001:0000bed0       _SCR_DrawLoading           0040ced0 f   cl_scrn.obj
 0001:0000bf74       _SCR_BeginLoadingPlaque    0040cf74 f   cl_scrn.obj
 0001:0000bfca       _SCR_EndLoadingPlaque      0040cfca f   cl_scrn.obj
 0001:0000bfe5       _SCR_Loading_f             0040cfe5 f   cl_scrn.obj
 0001:0000bfea       _SCR_TimeRefresh_f         0040cfea f   cl_scrn.obj
 0001:0000c0c1       _SCR_AddDirtyPoint         0040d0c1 f   cl_scrn.obj
 0001:0000c0fe       _SCR_DirtyScreen           0040d0fe f   cl_scrn.obj
 0001:0000c179       _SCR_TileClear             0040d179 f   cl_scrn.obj
 0001:0000c354       _DrawHUDString             0040d354 f   cl_scrn.obj
 0001:0000c406       _SCR_DrawField             0040d406 f   cl_scrn.obj
 0001:0000c52a       _SCR_TouchPics             0040d52a f   cl_scrn.obj
 0001:0000c5bc       _SCR_ExecuteLayoutString   0040d5bc f   cl_scrn.obj
 0001:0000cf6e       _SCR_UpdateScreen          0040df6e f   cl_scrn.obj
 0001:0000d259       _CL_RegisterTEntSounds     0040e259 f   cl_tent.obj
 0001:0000d491       _CL_RegisterTEntModels     0040e491 f   cl_tent.obj
 0001:0000d617       _CL_ClearTEnts             0040e617 f   cl_tent.obj
 0001:0000d66e       _CL_AllocExplosion         0040e66e f   cl_tent.obj
 0001:0000d6e8       _CL_SmokeAndFlash          0040e6e8 f   cl_tent.obj
 0001:0000d779       _CL_ParseBeam              0040e779 f   cl_tent.obj
 0001:0000d87d       _CL_ParseBeam2             0040e87d f   cl_tent.obj
 0001:0000d991       _CL_ParsePlayerBeam        0040e991 f   cl_tent.obj
 0001:0000dadc       _CL_ParseLightning         0040eadc f   cl_tent.obj
 0001:0000dbba       _CL_ParseLaser             0040ebba f   cl_tent.obj
 0001:0000dc62       _CL_ParseSteam             0040ec62 f   cl_tent.obj
 0001:0000dd73       _CL_ParseWidow             0040ed73 f   cl_tent.obj
 0001:0000dddf       _CL_ParseNuke              0040eddf f   cl_tent.obj
 0001:0000de49       _CL_ParseTEnt              0040ee49 f   cl_tent.obj
 0001:0000ecd4       _CL_AddBeams               0040fcd4 f   cl_tent.obj
 0001:0000effb       _CL_AddPlayerBeams         0040fffb f   cl_tent.obj
 0001:0000f71f       _CL_AddExplosions          0041071f f   cl_tent.obj
 0001:0000f90a       _CL_AddLasers              0041090a f   cl_tent.obj
 0001:0000f92f       _CL_ProcessSustain         0041092f f   cl_tent.obj
 0001:0000f970       _CL_AddTEnts               00410970 f   cl_tent.obj
 0001:0000f989       _V_AddEntity               00410989 f   cl_view.obj
 0001:0000f9b3       _V_AddParticle             004109b3 f   cl_view.obj
 0001:0000fa0a       _V_AddLight                00410a0a f   cl_view.obj
 0001:0000fa56       _V_AddLightStyle           00410a56 f   cl_view.obj
 0001:0000faa1       _V_TestParticles           00410aa1 f   cl_view.obj
 0001:0000fb4e       _V_TestEntities            00410b4e f   cl_view.obj
 0001:0000fbf0       _V_TestLights              00410bf0 f   cl_view.obj
 0001:0000fcce       _CL_PrepRefresh            00410cce f   cl_view.obj
 0001:0000ff9c       _CalcFov                   00410f9c f   cl_view.obj
 0001:00010015       _V_Gun_Next_f              00411015 f   cl_view.obj
 0001:0001002e       _V_Gun_Prev_f              0041102e f   cl_view.obj
 0001:00010050       _V_Gun_Model_f             00411050 f   cl_view.obj
 0001:00010095       _SCR_DrawCrosshair         00411095 f   cl_view.obj
 0001:00010101       _V_RenderView              00411101 f   cl_view.obj
 0001:00010ba4       _V_Viewpos_f               00411ba4 f   cl_view.obj
 0001:00010be2       _V_Init                    00411be2 f   cl_view.obj
 0001:00010c2e       _Cbuf_Init                 00411c2e f   cmd.obj
 0001:00010c46       _Cbuf_AddText              00411c46 f   cmd.obj
 0001:00010ca2       _Cbuf_InsertText           00411ca2 f   cmd.obj
 0001:00010cfa       _Cbuf_CopyToDefer          00411cfa f   cmd.obj
 0001:00010d26       _Cbuf_InsertFromDefer      00411d26 f   cmd.obj
 0001:00010d39       _Cbuf_ExecuteText          00411d39 f   cmd.obj
 0001:00010d78       _Cbuf_Execute              00411d78 f   cmd.obj
 0001:00010e2c       _Cbuf_AddEarlyCommands     00411e2c f   cmd.obj
 0001:00010eae       _Cbuf_AddLateCommands      00411eae f   cmd.obj
 0001:00010fc3       _Cmd_Exec_f                00411fc3 f   cmd.obj
 0001:00011048       _Cmd_Echo_f                00412048 f   cmd.obj
 0001:0001108a       _Cmd_Alias_f               0041208a f   cmd.obj
 0001:000111d3       _Cmd_Argc                  004121d3 f   cmd.obj
 0001:000111d9       _Cmd_Argv                  004121d9 f   cmd.obj
 0001:000111f3       _Cmd_Args                  004121f3 f   cmd.obj
 0001:000111f9       _Cmd_TokenizeString        004121f9 f   cmd.obj
 0001:0001142b       _Cmd_AddCommand            0041242b f   cmd.obj
 0001:00011496       _Cmd_RemoveCommand         00412496 f   cmd.obj
 0001:000114d8       _Cmd_CompleteCommand       004124d8 f   cmd.obj
 0001:0001184b       _Cmd_ExecuteString         0041284b f   cmd.obj
 0001:00011916       _Cmd_Init                  00412916 f   cmd.obj
 0001:000119e0       _CMod_GetSurfMaterial      004129e0 f   cmodel.obj
 0001:00011a3a       _CM_LoadMap                00412a3a f   cmodel.obj
 0001:00012260       _CM_InlineModel            00413260 f   cmodel.obj
 0001:000122ae       _CM_NumClusters            004132ae f   cmodel.obj
 0001:000122b4       _CM_NumInlineModels        004132b4 f   cmodel.obj
 0001:000122ba       _CM_EntityString           004132ba f   cmodel.obj
 0001:000122c0       _CM_LeafContents           004132c0 f   cmodel.obj
 0001:000122ea       _CM_LeafCluster            004132ea f   cmodel.obj
 0001:00012315       _CM_LeafArea               00413315 f   cmodel.obj
 0001:00012340       _CM_InitBoxHull            00413340 f   cmodel.obj
 0001:0001251b       _CM_HeadnodeForBox         0041351b f   cmodel.obj
 0001:000125d0       _CM_PointLeafnum_r         004135d0 f   cmodel.obj
 0001:00012639       _CM_PointLeafnum           00413639 f   cmodel.obj
 0001:00012653       _CM_BoxLeafnums_r          00413653 f   cmodel.obj
 0001:00012709       _CM_BoxLeafnums            00413709 f   cmodel.obj
 0001:0001275c       _CM_PointContents          0041375c f   cmodel.obj
 0001:00012781       _CM_TransformedPointContents 00413781 f   cmodel.obj
 0001:00012863       _TraceBuf_Dump             00413863 f   cmodel.obj
 0001:00012931       _TraceBuf_Init             00413931 f   cmodel.obj
 0001:000129d9       _TraceBuf_LimitFrac        004139d9 f   cmodel.obj
 0001:00012a30       _TraceBuf_AddLeaf          00413a30 f   cmodel.obj
 0001:00012bb8       _TraceBuf_FindPart         00413bb8 f   cmodel.obj
 0001:00012bf3       _CM_ClipBoxToHLLeaf        00413bf3 f   cmodel.obj
 0001:00012e94       _CM_TraceToHLLeaf          00413e94 f   cmodel.obj
 0001:00012f67       _CM_FinishHLTrace          00413f67 f   cmodel.obj
 0001:00012ff3       _CM_RecursiveHLHullCheck   00413ff3 f   cmodel.obj
 0001:000132db       _CM_ClipBoxToBrush         004142db f   cmodel.obj
 0001:000134d7       _CM_TestBoxInBrush         004144d7 f   cmodel.obj
 0001:000135b8       _CM_TraceToLeaf            004145b8 f   cmodel.obj
 0001:00013645       _CM_TestInLeaf             00414645 f   cmodel.obj
 0001:000136cd       _CM_RecursiveHullCheck     004146cd f   cmodel.obj
 0001:000139a5       _CM_BoxTrace               004149a5 f   cmodel.obj
 0001:00013ef6       _CM_TransformedBoxTrace    00414ef6 f   cmodel.obj
 0001:00014152       _CM_DecompressVis          00415152 f   cmodel.obj
 0001:000141fb       _CM_ClusterPVS             004151fb f   cmodel.obj
 0001:00014248       _CM_ClusterPHS             00415248 f   cmodel.obj
 0001:00014295       _FloodArea_r               00415295 f   cmodel.obj
 0001:00014311       _FloodAreaConnections      00415311 f   cmodel.obj
 0001:00014350       _CM_SetAreaPortalState     00415350 f   cmodel.obj
 0001:0001437d       _CM_AreasConnected         0041537d f   cmodel.obj
 0001:000143cb       _CM_WriteAreaBits          004153cb f   cmodel.obj
 0001:0001445b       _CM_WritePortalState       0041545b f   cmodel.obj
 0001:00014475       _CM_ReadPortalState        00415475 f   cmodel.obj
 0001:00014493       _CM_HeadnodeVisible        00415493 f   cmodel.obj
 0001:000144fb       _Com_BeginRedirect         004154fb f   common.obj
 0001:00014538       _Com_EndRedirect           00415538 f   common.obj
 0001:00014563       _Com_Printf                00415563 f   common.obj
 0001:000146c2       _Com_DPrintf               004156c2 f   common.obj
 0001:00014726       _DebugPrintf               00415726 f   common.obj
 0001:000147ce       _Com_WPrintf               004157ce f   common.obj
 0001:00014827       _Com_Error                 00415827 f   common.obj
 0001:00014905       _Com_Quit                  00415905 f   common.obj
 0001:00014935       _MatchWildcard             00415935 f   common.obj
 0001:00014a72       _Com_ServerState           00415a72 f   common.obj
 0001:00014a78       _Com_SetServerState        00415a78 f   common.obj
 0001:00014a82       _MSG_WriteByte             00415a82 f   common.obj
 0001:00014a82       _MSG_WriteChar             00415a82 f   common.obj
 0001:00014a96       _MSG_WriteShort            00415a96 f   common.obj
 0001:00014ab0       _MSG_WriteLong             00415ab0 f   common.obj
 0001:00014ada       _MSG_WriteFloat            00415ada f   common.obj
 0001:00014b00       _MSG_WriteString           00415b00 f   common.obj
 0001:00014b38       _MSG_WriteCoord            00415b38 f   common.obj
 0001:00014b61       _MSG_WritePos              00415b61 f   common.obj
 0001:00014bd5       _MSG_WriteAngle            00415bd5 f   common.obj
 0001:00014bf8       _MSG_WriteAngle16          00415bf8 f   common.obj
 0001:00014c27       _MSG_WriteDeltaUsercmd     00415c27 f   common.obj
 0001:00014daf       _MSG_WriteDir              00415daf f   common.obj
 0001:00014e1c       _MSG_ReadDir               00415e1c f   common.obj
 0001:00014e65       _MSG_WriteDeltaEntity      00415e65 f   common.obj
 0001:0001535e       _MSG_BeginReading          0041635e f   common.obj
 0001:00015367       _MSG_ReadChar              00416367 f   common.obj
 0001:00015388       _MSG_ReadByte              00416388 f   common.obj
 0001:000153a9       _MSG_ReadShort             004163a9 f   common.obj
 0001:000153d9       _MSG_ReadLong              004163d9 f   common.obj
 0001:00015418       _MSG_ReadString            00416418 f   common.obj
 0001:0001544b       _MSG_ReadStringLine        0041644b f   common.obj
 0001:00015483       _MSG_ReadCoord             00416483 f   common.obj
 0001:0001549d       _MSG_ReadPos               0041649d f   common.obj
 0001:000154ef       _MSG_ReadAngle             004164ef f   common.obj
 0001:00015509       _MSG_ReadAngle16           00416509 f   common.obj
 0001:00015523       _MSG_ReadDeltaUsercmd      00416523 f   common.obj
 0001:000155da       _MSG_ReadData              004165da f   common.obj
 0001:000155fd       _SZ_Init                   004165fd f   common.obj
 0001:0001561f       _SZ_Clear                  0041661f f   common.obj
 0001:0001562c       _SZ_GetSpace               0041662c f   common.obj
 0001:0001568e       _SZ_Write                  0041668e f   common.obj
 0001:000156af       _SZ_Print                  004166af f   common.obj
 0001:000156f8       _COM_Argc                  004166f8 f   common.obj
 0001:000156fe       _COM_Argv                  004166fe f   common.obj
 0001:0001571f       _COM_ClearArgv             0041671f f   common.obj
 0001:00015747       _COM_InitArgv              00416747 f   common.obj
 0001:000157a2       _Info_Print                004167a2 f   common.obj
 0001:0001585f       _COM_BlockSequenceCRCByte  0041685f f   common.obj
 0001:000158eb       _frand                     004168eb f   common.obj
 0001:00015908       _crand                     00416908 f   common.obj
 0001:0001592b       _Com_Error_f               0041692b f   common.obj
 0001:00015943       _Qcommon_Init              00416943 f   common.obj
 0001:00015a7c       _Qcommon_Frame             00416a7c f   common.obj
 0001:00015c5f       _CCheckParm                00416c5f f   conproc.obj
 0001:00015c98       _InitConProc               00416c98 f   conproc.obj
 0001:00015dea       _DeinitConProc             00416dea f   conproc.obj
 0001:00015dfb       _RequestProc@4             00416dfb f   conproc.obj
 0001:00015f0c       _WriteText                 00416f0c f   conproc.obj
 0001:00015fd3       _CharToCode                00416fd3 f   conproc.obj
 0001:0001605b       _SetConsoleCXCY            0041705b f   conproc.obj
 0001:00016192       _DrawStringCommon          00417192 f   console.obj
 0001:000161ef       _DrawString                004171ef f   console.obj
 0001:00016211       _DrawAltString             00417211 f   console.obj
 0001:00016236       _Key_ClearTyping           00417236 f   console.obj
 0001:00016250       _Con_ToggleConsole_f       00417250 f   console.obj
 0001:000162e1       _Con_ClearNotify           004172e1 f   console.obj
 0001:000162ef       _Con_CheckResize           004172ef f   console.obj
 0001:0001640f       _Con_Init                  0041740f f   console.obj
 0001:000166bb       _Con_Print                 004176bb f   console.obj
 0001:0001699e       _Con_DrawNotify            0041799e f   console.obj
 0001:00016bad       _Con_DrawConsole           00417bad f   console.obj
 0001:000170cd       _CRC_Block                 004180cd f   crc.obj
 0001:00017109       _Cvar_VariableValue        00418109 f   cvar.obj
 0001:00017177       _Cvar_VariableInt          00418177 f   cvar.obj
 0001:0001718a       _Cvar_VariableString       0041818a f   cvar.obj
 0001:000171a2       _Cvar_Get                  004181a2 f   cvar.obj
 0001:000173fe       _Cvar_GetVars              004183fe f   cvar.obj
 0001:0001742e       _Cvar_FullSet              0041842e f   cvar.obj
 0001:0001748b       _Cvar_SetValue             0041848b f   cvar.obj
 0001:00017681       _Cvar_SetInteger           00418681 f   cvar.obj
 0001:000176af       _Cvar_Set                  004186af f   cvar.obj
 0001:000176c4       _Cvar_ForceSet             004186c4 f   cvar.obj
 0001:000176d9       _Cvar_Clamp                004186d9 f   cvar.obj
 0001:00017737       _Cvar_ClampName            00418737 f   cvar.obj
 0001:000177b0       _Cvar_GetLatchedVars       004187b0 f   cvar.obj
 0001:000177df       _Cvar_Command              004187df f   cvar.obj
 0001:00017876       _Cvar_WriteVariables       00418876 f   cvar.obj
 0001:00017901       _Cvar_BitInfo              00418901 f   cvar.obj
 0001:0001793a       _Cvar_Userinfo             0041893a f   cvar.obj
 0001:00017943       _Cvar_Serverinfo           00418943 f   cvar.obj
 0001:0001794c       _Cvar_Init                 0041894c f   cvar.obj
 0001:00017f61       _FS_CreatePath             00418f61 f   files.obj
 0001:00017f87       _Developer_searchpath      00418f87 f   files.obj
 0001:00017fcc       _FS_FCloseFile             00418fcc f   files.obj
 0001:00018052       _FS_FOpenFile              00419052 f   files.obj
 0001:00018441       _FS_FileExists             00419441 f   files.obj
 0001:0001861f       _FS_Read                   0041961f f   files.obj
 0001:00018855       _FS_LoadFile               00419855 f   files.obj
 0001:000188b7       _FS_FreeFile               004198b7 f   files.obj
 0001:000188c2       _FS_LoadPackFile           004198c2 f   files.obj
 0001:00018bfa       _FS_UnloadPackFile         00419bfa f   files.obj
 0001:00018c47       _FS_AddGameDirectory       00419c47 f   files.obj
 0001:00018df1       _FS_Gamedir                00419df1 f   files.obj
 0001:00018e05       _FS_LoadGameConfig         00419e05 f   files.obj
 0001:00018e7e       _FS_SetGamedir             00419e7e f   files.obj
 0001:00019010       _FS_ListFiles              0041a010 f   files.obj
 0001:000192c3       _FS_Dir_f                  0041a2c3 f   files.obj
 0001:000194d4       _FS_Path_f                 0041a4d4 f   files.obj
 0001:0001956c       _FS_NextPath               0041a56c f   files.obj
 0001:00019590       _FS_InitFilesystem         0041a590 f   files.obj
 0001:00019a46       _LoadPCX                   0041aa46 f   images.obj
 0001:00019c2a       _LoadTGA                   0041ac2a f   images.obj
 0001:00019fc0       _LoadJPG                   0041afc0 f   images.obj
 0001:0001a253       _ImageExists               0041b253 f   images.obj
 0001:0001a36c       _WriteTGA                  0041b36c f   images.obj
 0001:0001a418       _WriteJPG                  0041b418 f   images.obj
 0001:0001a540       _IN_MLookDown              0041b540 f   in_win.obj
 0001:0001a54b       _IN_MLookUp                0041b54b f   in_win.obj
 0001:0001a56e       _IN_ActivateMouse          0041b56e f   in_win.obj
 0001:0001a687       _IN_DeactivateMouse        0041b687 f   in_win.obj
 0001:0001a6d8       _IN_StartupMouse           0041b6d8 f   in_win.obj
 0001:0001a71c       _IN_MouseEvent             0041b71c f   in_win.obj
 0001:0001a799       _IN_MouseMove              0041b799 f   in_win.obj
 0001:0001a943       _IN_Init                   0041b943 f   in_win.obj
 0001:0001a989       _IN_Shutdown               0041b989 f   in_win.obj
 0001:0001a98e       _IN_Activate               0041b98e f   in_win.obj
 0001:0001a9a5       _IN_Frame                  0041b9a5 f   in_win.obj
 0001:0001a9f5       _IN_Move                   0041b9f5 f   in_win.obj
 0001:0001aa13       _IN_StartupJoystick        0041ba13 f   in_win.obj
 0001:0001ab34       _Joy_AdvancedUpdate_f      0041bb34 f   in_win.obj
 0001:0001accb       _IN_Commands               0041bccb f   in_win.obj
 0001:0001adfa       _IN_ReadJoystick           0041bdfa f   in_win.obj
 0001:0001ae35       _IN_JoyMove                0041be35 f   in_win.obj
 0001:0001b185       _CompleteCommand           0041c185 f   keys.obj
 0001:0001b1ec       _Key_Console               0041c1ec f   keys.obj
 0001:0001b7e2       _Key_Message               0041c7e2 f   keys.obj
 0001:0001b873       _Key_StringToKeynum        0041c873 f   keys.obj
 0001:0001b8bd       _Key_KeynumToString        0041c8bd f   keys.obj
 0001:0001b910       _Key_SetBinding            0041c910 f   keys.obj
 0001:0001b96a       _Key_Bindlist_f            0041c96a f   keys.obj
 0001:0001b9fb       _Key_WriteBindings         0041c9fb f   keys.obj
 0001:0001ba39       _Key_Init                  0041ca39 f   keys.obj
 0001:0001bd0f       _Key_Event                 0041cd0f f   keys.obj
 0001:0001c036       _Key_ClearStates           0041d036 f   keys.obj
 0001:0001c07d       _MD4Init                   0041d07d f   md4.obj
 0001:0001c0a5       _MD4Update                 0041d0a5 f   md4.obj
 0001:0001c143       _MD4Final                  0041d143 f   md4.obj
 0001:0001c834       _Com_BlockChecksum         0041d834 f   md4.obj
 0001:0001c870       _Z_Free                    0041d870 f   memory.obj
 0001:0001c8c6       _Z_FreeTags                0041d8c6 f   memory.obj
 0001:0001c8f6       _Z_TagMalloc               0041d8f6 f   memory.obj
 0001:0001c967       _Z_Malloc                  0041d967 f   memory.obj
 0001:0001c989       _Z_BlockMalloc             0041d989 f   memory.obj
 0001:0001c9a4       _CreateMemoryChain         0041d9a4 f   memory.obj
 0001:0001ca05       _FreeMemoryChain           0041da05 f   memory.obj
 0001:0001ca2f       _AllocChainBlock           0041da2f f   memory.obj
 0001:0001ca7a       _CopyString                0041da7a f   memory.obj
 0001:0001ca9e       _ChainCopyString           0041da9e f   memory.obj
 0001:0001cac6       _AllocNamedStruc           0041dac6 f   memory.obj
 0001:0001cb01       _ChainAllocNamedStruc      0041db01 f   memory.obj
 0001:0001cb40       _FindNamedStruc            0041db40 f   memory.obj
 0001:0001cb84       _FindNamedStrucByIndex     0041db84 f   memory.obj
 0001:0001cb9b       _IndexOfNamedStruc         0041db9b f   memory.obj
 0001:0001cbc9       _AddToNamedList            0041dbc9 f   memory.obj
 0001:0001cc13       _ChainAddToNamedList       0041dc13 f   memory.obj
 0001:0001cc5d       _FreeNamedList             0041dc5d f   memory.obj
 0001:0001cc78       _Z_Init                    0041dc78 f   memory.obj
 0001:0001ccb3       _M_PushMenu                0041dcb3 f   menu.obj
 0001:0001cd70       _M_ForceMenuOff            0041dd70 f   menu.obj
 0001:0001cd9d       _M_PopMenu                 0041dd9d f   menu.obj
 0001:0001cdf1       _Default_MenuKey           0041ddf1 f   menu.obj
 0001:0001cf1b       _M_Print                   0041df1b f   menu.obj
 0001:0001cf66       _M_DrawTextBox             0041df66 f   menu.obj
 0001:0001d152       _M_Main_Draw               0041e152 f   menu.obj
 0001:0001d2c3       _M_Main_Key                0041e2c3 f   menu.obj
 0001:0001d3a8       _M_Menu_Main_f             0041e3a8 f   menu.obj
 0001:0001d3c3       _M_Menu_Multiplayer_f      0041e3c3 f   menu.obj
 0001:0001d550       _M_Menu_Keys_f             0041e550 f   menu.obj
 0001:0001da4c       _M_Menu_Options_f          0041ea4c f   menu.obj
 0001:0001e34b       _M_Menu_Video_f            0041f34b f   menu.obj
 0001:0001e36b       _M_Menu_Credits_f          0041f36b f   menu.obj
 0001:0001e55d       _M_Menu_Game_f             0041f55d f   menu.obj
 0001:0001e7ef       _M_Menu_LoadGame_f         0041f7ef f   menu.obj
 0001:0001e99b       _M_Menu_SaveGame_f         0041f99b f   menu.obj
 0001:0001ead5       _M_AddToServerList         0041fad5 f   menu.obj
 0001:0001eb53       _M_Menu_JoinServer_f       0041fb53 f   menu.obj
 0001:0001edd6       _M_Menu_StartServer_f      0041fdd6 f   menu.obj
 0001:0001f600       _M_Menu_DMOptions_f        00420600 f   menu.obj
 0001:0001fdb8       _M_Menu_DownloadOptions_f  00420db8 f   menu.obj
 0001:0002003f       _M_Menu_AddressBook_f      0042103f f   menu.obj
 0001:00020194       _M_Menu_PlayerConfig_f     00421194 f   menu.obj
 0001:00020c32       _M_Menu_DMBrowse_f         00421c32 f   menu.obj
 0001:000211d6       _M_Quit_Key                004221d6 f   menu.obj
 0001:00021216       _M_Quit_Draw               00422216 f   menu.obj
 0001:0002125b       _M_Menu_Quit_f             0042225b f   menu.obj
 0001:00021276       _M_Init                    00422276 f   menu.obj
 0001:0002137e       _M_Draw                    0042237e f   menu.obj
 0001:000213d9       _M_Keydown                 004223d9 f   menu.obj
 0001:000213f5       _SwapQ2BspFile             004223f5 f   model.obj
 0001:0002163e       _ProcessQ2BspFile          0042263e f   model.obj
 0001:00021717       _CheckLump                 00422717 f   model.obj
 0001:0002175c       _LoadQ2BspFile             0042275c f   model.obj
 0001:00021903       _LoadBspFile               00422903 f   model.obj
 0001:000219fd       _Netchan_Init              004229fd f   net_chan.obj
 0001:00021a5d       _Netchan_OutOfBand         00422a5d f   net_chan.obj
 0001:00021ab9       _Netchan_OutOfBandPrint    00422ab9 f   net_chan.obj
 0001:00021af9       _Netchan_Setup             00422af9 f   net_chan.obj
 0001:00021b54       _Netchan_NeedReliable      00422b54 f   net_chan.obj
 0001:00021b80       _Netchan_Transmit          00422b80 f   net_chan.obj
 0001:00021d29       _Netchan_Process           00422d29 f   net_chan.obj
 0001:00021e74       _NetadrToSockadr           00422e74 f   net_wins.obj
 0001:00021f1b       _SockadrToNetadr           00422f1b f   net_wins.obj
 0001:00021f7e       _NET_CompareAdr            00422f7e f   net_wins.obj
 0001:00021fe0       _NET_CompareBaseAdr        00422fe0 f   net_wins.obj
 0001:00022038       _NET_AdrToString           00423038 f   net_wins.obj
 0001:000220ec       _NET_StringToSockaddr      004230ec f   net_wins.obj
 0001:00022321       _NET_StringToAdr           00423321 f   net_wins.obj
 0001:0002237a       _NET_IsLocalAddress        0042337a f   net_wins.obj
 0001:00022384       _NET_GetLoopPacket         00423384 f   net_wins.obj
 0001:0002240b       _NET_SendLoopPacket        0042340b f   net_wins.obj
 0001:00022457       _NET_GetPacket             00423457 f   net_wins.obj
 0001:0002258c       _NET_SendPacket            0042358c f   net_wins.obj
 0001:000226ed       _NET_IPSocket              004236ed f   net_wins.obj
 0001:000227fc       _NET_OpenIP                004237fc f   net_wins.obj
 0001:0002291d       _NET_IPXSocket             0042391d f   net_wins.obj
 0001:00022a18       _NET_OpenIPX               00423a18 f   net_wins.obj
 0001:00022b00       _NET_Config                00423b00 f   net_wins.obj
 0001:00022b76       _NET_Sleep                 00423b76 f   net_wins.obj
 0001:00022c20       _NET_Init                  00423c20 f   net_wins.obj
 0001:00022e97       _Pmove                     00423e97 f   pmove.obj
 0001:00024a83       _RotatePointAroundVector   00425a83 f   q_shared2.obj
 0001:00024bf3       _AngleVectors              00425bf3 f   q_shared2.obj
 0001:00024cf7       _ProjectPointOnPlane       00425cf7 f   q_shared2.obj
 0001:00024d76       _PerpendicularVector       00425d76 f   q_shared2.obj
 0001:00024df5       _MatrixMultiply            00425df5 f   q_shared2.obj
 0001:00024edc       _R_ConcatTransforms        00425edc f   q_shared2.obj
 0001:00025016       _SetPlaneSignbits          00426016 f   q_shared2.obj
 0001:00025048       _LerpAngle                 00426048 f   q_shared2.obj
 0001:0002508b       _anglemod                  0042608b f   q_shared2.obj
 0001:000250af       _BoxOnPlaneSide            004260af f   q_shared2.obj
 0001:000252e6       _ClearBounds               004262e6 f   q_shared2.obj
 0001:0002530f       _AddPointToBounds          0042630f f   q_shared2.obj
 0001:00025348       _VectorCompare             00426348 f   q_shared2.obj
 0001:00025376       _VectorNormalize           00426376 f   q_shared2.obj
 0001:000253ca       _VectorMA                  004263ca f   q_shared2.obj
 0001:000253f9       _CrossProduct              004263f9 f   q_shared2.obj
 0001:00025434       _VectorLength              00426434 f   q_shared2.obj
 0001:0002545c       _VectorInverse             0042645c f   q_shared2.obj
 0001:00025477       _VectorScale               00426477 f   q_shared2.obj
 0001:0002549b       _AnglesToAxis              0042649b f   q_shared2.obj
 0001:000254e0       _AxisCopy                  004264e0 f   q_shared2.obj
 0001:0002551d       _COM_StripExtension        0042651d f   q_shared2.obj
 0001:0002553e       _COM_FilePath              0042653e f   q_shared2.obj
 0001:00025574       _ShortSwap                 00426574 f   q_shared2.obj
 0001:00025589       _va                        00426589 f   q_shared2.obj
 0001:000255a6       _COM_ParseExt              004265a6 f   q_shared2.obj
 0001:000256a1       _Com_PageInMemory          004266a1 f   q_shared2.obj
 0001:000256c0       _Q_stricmp                 004266c0 f   q_shared2.obj
 0001:000256d1       _Q_strncasecmp             004266d1 f   q_shared2.obj
 0001:00025729       _Q_strcasecmp              00426729 f   q_shared2.obj
 0001:0002573f       _Q_strncpyz                0042673f f   q_shared2.obj
 0001:0002579c       _Q_strncpylower            0042679c f   q_shared2.obj
 0001:000257d6       _Q_CopyFilename            004267d6 f   q_shared2.obj
 0001:00025818       _Com_sprintf               00426818 f   q_shared2.obj
 0001:00025871       _Info_ValueForKey          00426871 f   q_shared2.obj
 0001:000258fc       _Info_RemoveKey            004268fc f   q_shared2.obj
 0001:00025982       _Info_SetValueForKey       00426982 f   q_shared2.obj
 0001:00025ac0       _Field_Draw                00426ac0 f   qmenu.obj
 0001:00025cd4       _Field_Key                 00426cd4 f   qmenu.obj
 0001:00025f3d       _Menu_AddItem              00426f3d f   qmenu.obj
 0001:00025f72       _Menu_AdjustCursor         00426f72 f   qmenu.obj
 0001:000260b1       _Menu_Center               004270b1 f   qmenu.obj
 0001:000260e9       _Menu_DrawDotsItem         004270e9 f   qmenu.obj
 0001:0002614e       _Menu_Draw                 0042714e f   qmenu.obj
 0001:0002641f       _Menu_ItemAtCursor         0042741f f   qmenu.obj
 0001:00026437       _Menu_SelectItem           00427437 f   qmenu.obj
 0001:00026479       _Menu_SetStatusBar         00427479 f   qmenu.obj
 0001:00026488       _Menu_SlideItem            00427488 f   qmenu.obj
 0001:000264d8       _Menu_TallySlots           004274d8 f   qmenu.obj
 0001:00026988       _S_SoundInfo_f             00427988 f   snd_dma.obj
 0001:00026a12       _S_ReadModelsSex           00427a12 f   snd_dma.obj
 0001:00026afb       _S_IsFemale                00427afb f   snd_dma.obj
 0001:00026b56       _S_Init                    00427b56 f   snd_dma.obj
 0001:00026c29       _S_Shutdown                00427c29 f   snd_dma.obj
 0001:00026cb3       _S_FindName                00427cb3 f   snd_dma.obj
 0001:00026d9f       _S_AliasName               00427d9f f   snd_dma.obj
 0001:00026e2b       _S_BeginRegistration       00427e2b f   snd_dma.obj
 0001:00026e3c       _S_RegisterSound           00427e3c f   snd_dma.obj
 0001:00026eb8       _S_EndRegistration         00427eb8 f   snd_dma.obj
 0001:00026f4b       _S_PickChannel             00427f4b f   snd_dma.obj
 0001:00026fe2       _S_SpatializeOrigin        00427fe2 f   snd_dma.obj
 0001:000270ea       _S_Spatialize              004280ea f   snd_dma.obj
 0001:00027158       _S_AllocPlaysound          00428158 f   snd_dma.obj
 0001:00027177       _S_FreePlaysound           00428177 f   snd_dma.obj
 0001:000271a7       _S_IssuePlaysound          004281a7 f   snd_dma.obj
 0001:00027268       _S_RegisterSexedSound      00428268 f   snd_dma.obj
 0001:0002735b       _S_StartSound              0042835b f   snd_dma.obj
 0001:000274f1       _S_StartLocalSound         004284f1 f   snd_dma.obj
 0001:00027540       _S_ClearBuffer             00428540 f   snd_dma.obj
 0001:00027598       _S_StopAllSounds           00428598 f   snd_dma.obj
 0001:00027613       _S_AddLoopSounds           00428613 f   snd_dma.obj
 0001:000277df       _S_RawSamples              004287df f   snd_dma.obj
 0001:000279e3       _S_Update                  004289e3 f   snd_dma.obj
 0001:00027b3a       _GetSoundtime              00428b3a f   snd_dma.obj
 0001:00027ba1       _S_Update_                 00428ba1 f   snd_dma.obj
 0001:00027c37       _S_Play                    00428c37 f   snd_dma.obj
 0001:00027ce7       _S_SoundList               00428ce7 f   snd_dma.obj
 0001:00027da8       _ResampleSfx               00428da8 f   snd_mem.obj
 0001:00027eac       _S_LoadSound               00428eac f   snd_mem.obj
 0001:00027fd2       _GetLittleShort            00428fd2 f   snd_mem.obj
 0001:00027fef       _GetLittleLong             00428fef f   snd_mem.obj
 0001:0002801d       _FindNextChunk             0042901d f   snd_mem.obj
 0001:00028079       _GetWavinfo                00429079 f   snd_mem.obj
 0001:0002824c       _S_WriteLinearBlastStereo16 0042924c f   snd_mix.obj
 0001:000282c0       _S_TransferStereo16        004292c0 f   snd_mix.obj
 0001:00028329       _S_TransferPaintBuffer     00429329 f   snd_mix.obj
 0001:00028485       _S_PaintChannels           00429485 f   snd_mix.obj
 0001:000286aa       _S_InitScaletable          004296aa f   snd_mix.obj
 0001:000286fd       _S_PaintChannelFrom8       004296fd f   snd_mix.obj
 0001:000287ff       _S_PaintChannelFrom16      004297ff f   snd_mix.obj
 0001:0002886a       _FreeSound                 0042986a f   snd_win.obj
 0001:0002897a       _SNDDMA_InitDirect         0042997a f   snd_win.obj
 0001:00028e44       _SNDDMA_Init               00429e44 f   snd_win.obj
 0001:00028ec0       _SNDDMA_GetDMAPos          00429ec0 f   snd_win.obj
 0001:00028f0a       _SNDDMA_BeginPainting      00429f0a f   snd_win.obj
 0001:0002900c       _SNDDMA_Submit             0042a00c f   snd_win.obj
 0001:00029031       _SNDDMA_Shutdown           0042a031 f   snd_win.obj
 0001:00029036       _S_Activate                0042a036 f   snd_win.obj
 0001:00029061       _SV_SetMaster_f            0042a061 f   sv_ccmds.obj
 0001:0002917e       _SV_SetPlayer              0042a17e f   sv_ccmds.obj
 0001:0002926a       _SV_WipeSavegame           0042a26a f   sv_ccmds.obj
 0001:00029350       _CopyFile                  0042a350 f   sv_ccmds.obj
 0001:000293e9       _SV_CopySaveGame           0042a3e9 f   sv_ccmds.obj
 0001:000295ce       _SV_WriteLevelFile         0042a5ce f   sv_ccmds.obj
 0001:0002967c       _SV_ReadLevelFile          0042a67c f   sv_ccmds.obj
 0001:0002972a       _SV_WriteServerFile        0042a72a f   sv_ccmds.obj
 0001:0002993e       _SV_ReadServerFile         0042a93e f   sv_ccmds.obj
 0001:00029a4c       _SV_DemoMap_f              0042aa4c f   sv_ccmds.obj
 0001:00029a93       _SV_GameMap_f              0042aa93 f   sv_ccmds.obj
 0001:00029c0c       _SV_Map_f                  0042ac0c f   sv_ccmds.obj
 0001:00029c79       _SV_Loadgame_f             0042ac79 f   sv_ccmds.obj
 0001:00029d71       _SV_Savegame_f             0042ad71 f   sv_ccmds.obj
 0001:00029e70       _SV_Kick_f                 0042ae70 f   sv_ccmds.obj
 0001:00029eed       _SV_Status_f               0042aeed f   sv_ccmds.obj
 0001:0002a08f       _SV_ConSay_f               0042b08f f   sv_ccmds.obj
 0001:0002a122       _SV_Heartbeat_f            0042b122 f   sv_ccmds.obj
 0001:0002a12d       _SV_Serverinfo_f           0042b12d f   sv_ccmds.obj
 0001:0002a145       _SV_DumpUser_f             0042b145 f   sv_ccmds.obj
 0001:0002a18b       _SV_ServerRecord_f         0042b18b f   sv_ccmds.obj
 0001:0002a342       _SV_ServerStop_f           0042b342 f   sv_ccmds.obj
 0001:0002a36e       _SV_KillServer_f           0042b36e f   sv_ccmds.obj
 0001:0002a38e       _SV_ServerCommand_f        0042b38e f   sv_ccmds.obj
 0001:0002a3a6       _SV_InitOperatorCommands   0042b3a6 f   sv_ccmds.obj
 0001:0002a4ac       _SV_EmitPacketEntities     0042b4ac f   sv_ents.obj
 0001:0002a61a       _SV_WritePlayerstateToClient 0042b61a f   sv_ents.obj
 0001:0002aad8       _SV_WriteFrameToClient     0042bad8 f   sv_ents.obj
 0001:0002ab94       _SV_FatPVS                 0042bb94 f   sv_ents.obj
 0001:0002acc1       _SV_BuildClientFrame       0042bcc1 f   sv_ents.obj
 0001:0002af8c       _SV_RecordDemoMessage      0042bf8c f   sv_ents.obj
 0001:0002b0b1       _SV_ShutdownGameProgs      0042c0b1 f   sv_game.obj
 0001:0002b0ca       _SV_InitGameProgs          0042c0ca f   sv_game.obj
 0001:0002b729       _SV_FindIndex              0042c729 f   sv_init.obj
 0001:0002b7f0       _SV_ModelIndex             0042c7f0 f   sv_init.obj
 0001:0002b806       _SV_SoundIndex             0042c806 f   sv_init.obj
 0001:0002b81f       _SV_ImageIndex             0042c81f f   sv_init.obj
 0001:0002b838       _SV_CreateBaseline         0042c838 f   sv_init.obj
 0001:0002b89b       _SV_CheckForSavegame       0042c89b f   sv_init.obj
 0001:0002b93b       _SV_SpawnServer            0042c93b f   sv_init.obj
 0001:0002bbb8       _SV_InitGame               0042cbb8 f   sv_init.obj
 0001:0002bdb0       _SV_Map                    0042cdb0 f   sv_init.obj
 0001:0002bfa7       _SV_DropClient             0042cfa7 f   sv_main.obj
 0001:0002bffb       _SV_StatusString           0042cffb f   sv_main.obj
 0001:0002c0e2       _SVC_Status                0042d0e2 f   sv_main.obj
 0001:0002c10b       _SVC_Info                  0042d10b f   sv_main.obj
 0001:0002c1c1       _SVC_GetChallenge          0042d1c1 f   sv_main.obj
 0001:0002c28c       _SVC_DirectConnect         0042d28c f   sv_main.obj
 0001:0002c769       _Rcon_Validate             0042d769 f   sv_main.obj
 0001:0002c79a       _SVC_RemoteCommand         0042d79a f   sv_main.obj
 0001:0002c886       _SV_ConnectionlessPacket   0042d886 f   sv_main.obj
 0001:0002c9e2       _SV_CalcPings              0042d9e2 f   sv_main.obj
 0001:0002ca69       _SV_GiveMsec               0042da69 f   sv_main.obj
 0001:0002caa8       _SV_ReadPackets            0042daa8 f   sv_main.obj
 0001:0002cbd9       _SV_CheckTimeouts          0042dbd9 f   sv_main.obj
 0001:0002cc95       _SV_PrepWorldFrame         0042dc95 f   sv_main.obj
 0001:0002ccbb       _SV_RunGameFrame           0042dcbb f   sv_main.obj
 0001:0002cd44       _SV_PostprocessFrame       0042dd44 f   sv_main.obj
 0001:0002d164       _SV_Frame                  0042e164 f   sv_main.obj
 0001:0002d21e       _Master_Heartbeat          0042e21e f   sv_main.obj
 0001:0002d2d5       _Master_Shutdown           0042e2d5 f   sv_main.obj
 0001:0002d353       _SV_UserinfoChanged        0042e353 f   sv_main.obj
 0001:0002d41b       _SV_Init                   0042e41b f   sv_main.obj
 0001:0002d47e       _SV_FinalMessage           0042e47e f   sv_main.obj
 0001:0002d545       _SV_Shutdown               0042e545 f   sv_main.obj
 0001:0002d5dc       _SV_FlushRedirect          0042e5dc f   sv_send.obj
 0001:0002d64e       _SV_ClientPrintf           0042e64e f   sv_send.obj
 0001:0002d6a4       _SV_BroadcastPrintf        0042e6a4 f   sv_send.obj
 0001:0002d775       _SV_BroadcastCommand       0042e775 f   sv_send.obj
 0001:0002d7c7       _SV_Multicast              0042e7c7 f   sv_send.obj
 0001:0002d972       _SV_MulticastOld           0042e972 f   sv_send.obj
 0001:0002d985       _SV_StartSound             0042e985 f   sv_send.obj
 0001:0002dbdf       _SV_StartSoundOld          0042ebdf f   sv_send.obj
 0001:0002dc0f       _SV_StartSoundNew          0042ec0f f   sv_send.obj
 0001:0002dc3f       _SV_SendClientDatagram     0042ec3f f   sv_send.obj
 0001:0002dd13       _SV_DemoCompleted          0042ed13 f   sv_send.obj
 0001:0002dd2f       _SV_RateDrop               0042ed2f f   sv_send.obj
 0001:0002dd7a       _SV_SendClientMessages     0042ed7a f   sv_send.obj
 0001:0002ded7       _SV_BeginDemoserver        0042eed7 f   sv_user.obj
 0001:0002df27       _SV_New_f                  0042ef27 f   sv_user.obj
 0001:0002e09c       _SV_Configstrings_f        0042f09c f   sv_user.obj
 0001:0002e1e9       _SV_Baselines_f            0042f1e9 f   sv_user.obj
 0001:0002e351       _SV_Begin_f                0042f351 f   sv_user.obj
 0001:0002e3ae       _SV_NextDownload_f         0042f3ae f   sv_user.obj
 0001:0002e482       _SV_BeginDownload_f        0042f482 f   sv_user.obj
 0001:0002e6b9       _SV_Disconnect_f           0042f6b9 f   sv_user.obj
 0001:0002e6c6       _SV_ShowServerinfo_f       0042f6c6 f   sv_user.obj
 0001:0002e6d3       _SV_Nextserver             0042f6d3 f   sv_user.obj
 0001:0002e732       _SV_Nextserver_f           0042f732 f   sv_user.obj
 0001:0002e779       _SV_ExecuteUserCommand     0042f779 f   sv_user.obj
 0001:0002e7e6       _SV_ClientThink            0042f7e6 f   sv_user.obj
 0001:0002e829       _SV_ExecuteClientMessage   0042f829 f   sv_user.obj
 0001:0002ea57       _SV_CreateAreaNode         0042fa57 f   sv_world.obj
 0001:0002eb5e       _SV_ClearWorld             0042fb5e f   sv_world.obj
 0001:0002eb8b       _SV_UnlinkEdict            0042fb8b f   sv_world.obj
 0001:0002ebb0       _SV_LinkEdict              0042fbb0 f   sv_world.obj
 0001:0002efec       _SV_AreaEdicts_r           0042ffec f   sv_world.obj
 0001:0002f0f9       _SV_AreaEdicts             004300f9 f   sv_world.obj
 0001:0002f13d       _SV_PointContents          0043013d f   sv_world.obj
 0001:0002f1df       _SV_HullForEntity          004301df f   sv_world.obj
 0001:0002f222       _SV_ClipMoveToEntities     00430222 f   sv_world.obj
 0001:0002f3a1       _SV_TraceBounds            004303a1 f   sv_world.obj
 0001:0002f419       _SV_Trace                  00430419 f   sv_world.obj
 0001:0002f504       _Sys_Error                 00430504 f   sys_win.obj
 0001:0002f561       _Sys_Quit                  00430561 f   sys_win.obj
 0001:0002f5a1       _Sys_ScanForCD             004305a1 f   sys_win.obj
 0001:0002f657       _Sys_Init                  00430657 f   sys_win.obj
 0001:0002fa76       _Sys_ConsoleInput          00430a76 f   sys_win.obj
 0001:0002fbd6       _Sys_ConsoleOutput         00430bd6 f   sys_win.obj
 0001:0002fc87       _Sys_SendKeyEvents         00430c87 f   sys_win.obj
 0001:0002fcf0       _Sys_GetClipboardData      00430cf0 f   sys_win.obj
 0001:0002fd49       _Sys_AppActivate           00430d49 f   sys_win.obj
 0001:0002fd64       _Sys_UnloadGame            00430d64 f   sys_win.obj
 0001:0002fd89       _Sys_GetGameAPI            00430d89 f   sys_win.obj
 0001:0002fe76       _ParseCommandLine          00430e76 f   sys_win.obj
 0001:0002feeb       _WinMain@16                00430eeb f   sys_win.obj
 0001:00030010       _AppActivate               00431010 f   vid_dll.obj
 0001:00030145       _MainWndProc@16            00431145 f   vid_dll.obj
 0001:0003052f       _Vid_GetModeInfo           0043152f f   vid_dll.obj
 0001:0003055e       _Vid_UpdateWindowPosAndSize 0043155e f   vid_dll.obj
 0001:000305c5       _Vid_NewWindow             004315c5 f   vid_dll.obj
 0001:000305e2       _Vid_FreeReflib            004315e2 f   vid_dll.obj
 0001:00030623       _Vid_LoadRefresh           00431623 f   vid_dll.obj
 0001:000307bf       _Vid_CheckChanges          004317bf f   vid_dll.obj
 0001:0003091c       _Vid_Init                  0043191c f   vid_dll.obj
 0001:00030983       _Vid_Shutdown              00431983 f   vid_dll.obj
 0001:000309a9       _Vid_MenuInit              004319a9 f   vid_menu.obj
 0001:000310e4       _Vid_MenuDraw              004320e4 f   vid_menu.obj
 0001:00031178       _Vid_MenuKey               00432178 f   vid_menu.obj
 0001:00031525       _GL_ClearBuffers           00432525 f   gl_backend.obj
 0001:00031534       _GL_ClearPortal            00432534 f   gl_backend.obj
 0001:00031550       _GL_AddSurfaceToPortal     00432550 f   gl_backend.obj
 0001:000315a1       _GL_InsertShaderIndex      004325a1 f   gl_backend.obj
 0001:000315f1       _GL_FinishPortal           004325f1 f   gl_backend.obj
 0001:00031646       _GL_BackEnd                00432646 f   gl_backend.obj
 0001:00033cbc       _GL_InitBackend            00434cbc f   gl_backend.obj
 0001:00033ec8       _GL_ShutdownBackend        00434ec8 f   gl_backend.obj
 0001:00033f15       _GL_Bind                   00434f15 f   gl_image.obj
 0001:00033fac       _GL_SelectTexture          00434fac f   gl_image.obj
 0001:00033ffd       _GL_CullFace               00434ffd f   gl_image.obj
 0001:00034040       _GL_TexEnv                 00435040 f   gl_image.obj
 0001:000340a3       _GL_State                  004350a3 f   gl_image.obj
 0001:00034210       _GL_TextureMode            00435210 f   gl_image.obj
 0001:000342c4       _GL_CreateImage            004352c4 f   gl_image.obj
 0001:00034da3       _GL_SetRawPalette          00435da3 f   gl_image.obj
 0001:00034dd4       _GL_DrawStretchRaw         00435dd4 f   gl_image.obj
 0001:00035087       _GL_SetupGamma             00436087 f   gl_image.obj
 0001:00035225       _GL_InitImages             00436225 f   gl_image.obj
 0001:00035a01       _GL_ShutdownImages         00436a01 f   gl_image.obj
 0001:00035a88       _GL_ShowImages             00436a88 f   gl_image.obj
 0001:00035c46       _GL_FindImage              00436c46 f   gl_image.obj
 0001:00035f0d       _GL_SetMode                00436f0d f   gl_main.obj
 0001:00035fea       _GL_SetDefaultState        00436fea f   gl_main.obj
 0001:000360f4       _GL_Set2DMode              004370f4 f   gl_main.obj
 0001:000361c4       _GL_SetColorB              004371c4 f   gl_main.obj
 0001:00036210       _GL_DrawStretchPic         00437210 f   gl_main.obj
 0001:000362d7       _FindPic                   004372d7 f   gl_main.obj
 0001:0003631f       _DrawTextPos               0043731f f   gl_main.obj
 0001:000363ee       _DrawTextLeft              004373ee f   gl_main.obj
 0001:0003642a       _DrawTextRight             0043742a f   gl_main.obj
 0001:0003647b       _GL_GetRefAPI              0043747b f   gl_main.obj
 0001:00037842       _GL_FindModel              00438842 f   gl_model.obj
 0001:00037944       _GL_UpdateDynamicLightmap  00438944 f   gl_model.obj
 0001:00037d7c       _GL_LoadWorldMap           00438d7c f   gl_model.obj
 0001:000399cd       _GL_PointInLeaf            0043a9cd f   gl_model.obj
 0001:0003a014       _GL_FindSkin               0043b014 f   gl_model.obj
 0001:0003a025       _GL_ResetModels            0043b025 f   gl_model.obj
 0001:0003a0e1       _GL_InitModels             0043b0e1 f   gl_model.obj
 0001:0003a14e       _GL_ShutdownModels         0043b14e f   gl_model.obj
 0001:0003a16a       _GL_InitShaders            0043b16a f   gl_shader.obj
 0001:0003a29b       _GL_ShutdownShaders        0043b29b f   gl_shader.obj
 0001:0003a2c5       _GL_ResetShaders           0043b2c5 f   gl_shader.obj
 0001:0003a38e       _GL_SetShaderLightmap      0043b38e f   gl_shader.obj
 0001:0003a65a       _GL_GetAlphaShader         0043b65a f   gl_shader.obj
 0001:0003a8d1       _GL_FindShader             0043b8d1 f   gl_shader.obj
 0001:0003ad7b       _GL_GetShaderByNum         0043bd7b f   gl_shader.obj
 0001:0003ad99       _GL_DrawWorld              0043bd99 f   gl_world.obj
 0001:0003b3e6       _GL_DrawEntities           0043c3e6 f   gl_world.obj
 0001:0003b9cd       _GL_AddEntity              0043c9cd f   gl_world.obj
 0001:0003bbd1       _GL_CreateWindow           0043cbd1 f   glw_imp.obj
 0001:0003bd22       _GLimp_SetMode             0043cd22 f   glw_imp.obj
 0001:0003bf99       _GLimp_HasGamma            0043cf99 f   glw_imp.obj
 0001:0003bfae       _GLimp_SetGamma            0043cfae f   glw_imp.obj
 0001:0003c09d       _GLimp_Shutdown            0043d09d f   glw_imp.obj
 0001:0003c1bf       _GLimp_Init                0043d1bf f   glw_imp.obj
 0001:0003c286       _GLimp_InitGL              0043d286 f   glw_imp.obj
 0001:0003c50c       _GLimp_EndFrame            0043d50c f   glw_imp.obj
 0001:0003c576       _GLimp_AppActivate         0043d576 f   glw_imp.obj
 0001:0003dc68       _QGL_Shutdown              0043ec68 f   qgl_win.obj
 0001:0003dc8e       _QGL_Init                  0043ec8e f   qgl_win.obj
 0001:0003dd12       _QGL_InitExtensions        0043ed12 f   qgl_win.obj
 0001:0003df0d       _GLimp_EnableLogging       0043ef0d f   qgl_win.obj
 0001:0003dfd8       _GLimp_LogMessage          0043efd8 f   qgl_win.obj
 0001:0003dfef       _Hunk_Begin                0043efef f   q_shwin.obj
 0001:0003e029       _Hunk_Alloc                0043f029 f   q_shwin.obj
 0001:0003e0b0       _Hunk_End                  0043f0b0 f   q_shwin.obj
 0001:0003e0b6       _Hunk_Free                 0043f0b6 f   q_shwin.obj
 0001:0003e0cf       _Sys_Milliseconds          0043f0cf f   q_shwin.obj
 0001:0003e103       _Sys_Mkdir                 0043f103 f   q_shwin.obj
 0001:0003e10f       _Sys_FindFirst             0043f10f f   q_shwin.obj
 0001:0003e230       _Sys_FindNext              0043f230 f   q_shwin.obj
 0001:0003e2a2       _Sys_FindClose             0043f2a2 f   q_shwin.obj
 0001:0003e2bc       _R_Alias_clip_z            0043f2bc f   r_aclip.obj
 0001:0003e369       _R_Alias_clip_left         0043f369 f   r_aclip.obj
 0001:0003e537       _R_Alias_clip_right        0043f537 f   r_aclip.obj
 0001:0003e705       _R_Alias_clip_top          0043f705 f   r_aclip.obj
 0001:0003e8d5       _R_Alias_clip_bottom       0043f8d5 f   r_aclip.obj
 0001:0003eaa5       _R_AliasClip               0043faa5 f   r_aclip.obj
 0001:0003eb75       _R_AliasClipTriangle       0043fb75 f   r_aclip.obj
 0001:0003ed67       _R_AliasCheckFrameBBox     0043fd67 f   r_alias.obj
 0001:0003ee9a       _R_AliasCheckBBox          0043fe9a f   r_alias.obj
 0001:0003eefe       _R_AliasTransformVector    0043fefe f   r_alias.obj
 0001:0003ef5a       _R_AliasPreparePoints      0043ff5a f   r_alias.obj
 0001:0003f1f2       _R_AliasSetUpTransform     004401f2 f   r_alias.obj
 0001:0003f3ae       _R_AliasTransformFinalVerts 004403ae f   r_alias.obj
 0001:0003f57f       _R_AliasProjectAndClipTestFinalVert 0044057f f   r_alias.obj
 0001:0003f607       _R_AliasSetupLighting      00440607 f   r_alias.obj
 0001:0003f779       _R_AliasSetupFrames        00440779 f   r_alias.obj
 0001:0003f7ed       _R_AliasSetUpLerpData      004407ed f   r_alias.obj
 0001:0003f915       _R_AliasDrawModel          00440915 f   r_alias.obj
 0001:0003fb9c       _R_EntityRotate            00440b9c f   r_bsp.obj
 0001:0003fc0b       _R_RotateBmodel            00440c0b f   r_bsp.obj
 0001:0003fd66       _R_RecursiveClipBPoly      00440d66 f   r_bsp.obj
 0001:00040096       _R_DrawSolidClippedSubmodelPolygons 00441096 f   r_bsp.obj
 0001:0004021d       _R_DrawSubmodelPolygons    0044121d f   r_bsp.obj
 0001:000402ad       _R_RecursiveWorldNode      004412ad f   r_bsp.obj
 0001:00040508       _R_RenderWorld             00441508 f   r_bsp.obj
 0001:00040583       _Draw_FindPic              00441583 f   r_draw.obj
 0001:000405c6       _Draw_InitLocal            004415c6 f   r_draw.obj
 0001:000405d7       _Draw_Char                 004415d7 f   r_draw.obj
 0001:000406b8       _Draw_CharColor            004416b8 f   r_draw.obj
 0001:000407c7       _R_DrawTexts               004417c7 f   r_draw.obj
 0001:0004083d       _DrawText_Pos              0044183d f   r_draw.obj
 0001:00040949       _DrawText_Left             00441949 f   r_draw.obj
 0001:00040985       _DrawText_Right            00441985 f   r_draw.obj
 0001:000409d4       _Draw_GetPicSize           004419d4 f   r_draw.obj
 0001:00040a14       _Draw_StretchPicImplementation 00441a14 f   r_draw.obj
 0001:00040b3e       _Draw_StretchPic           00441b3e f   r_draw.obj
 0001:00040b76       _Draw_StretchRaw           00441b76 f   r_draw.obj
 0001:00040ba8       _Draw_Pic                  00441ba8 f   r_draw.obj
 0001:00040d61       _Draw_PicColor             00441d61 f   r_draw.obj
 0001:00040f1a       _Draw_TileClear            00441f1a f   r_draw.obj
 0001:00040fea       _Draw_Fill                 00441fea f   r_draw.obj
 0001:00041086       _Draw_FadeScreen           00442086 f   r_draw.obj
 0001:000410d3       _R_BeginEdgeFrame          004420d3 f   r_edge.obj
 0001:0004118f       _R_InsertNewEdges          0044218f f   r_edge.obj
 0001:000411d5       _R_RemoveEdges             004421d5 f   r_edge.obj
 0001:000411f3       _R_StepActiveU             004421f3 f   r_edge.obj
 0001:00041287       _R_CleanupSpan             00442287 f   r_edge.obj
 0001:000412d7       _R_LeadingEdgeBackwards    004422d7 f   r_edge.obj
 0001:0004136c       _R_TrailingEdge            0044236c f   r_edge.obj
 0001:000413d0       _R_LeadingEdge             004423d0 f   r_edge.obj
 0001:00041573       _R_GenerateSpans           00442573 f   r_edge.obj
 0001:000415e1       _R_GenerateSpansBackward   004425e1 f   r_edge.obj
 0001:0004164f       _R_ScanEdges               0044264f f   r_edge.obj
 0001:00041826       _D_FlatFillSurface         00442826 f   r_edge.obj
 0001:00041880       _D_CalcGradients           00442880 f   r_edge.obj
 0001:00041a97       _D_BackgroundSurf          00442a97 f   r_edge.obj
 0001:00041ad7       _D_TurbulentSurf           00442ad7 f   r_edge.obj
 0001:00041c30       _D_SkySurf                 00442c30 f   r_edge.obj
 0001:00041cb1       _D_SolidSurf               00442cb1 f   r_edge.obj
 0001:00041e53       _D_DrawflatSurfaces        00442e53 f   r_edge.obj
 0001:00041ea3       _D_DrawSurfaces            00442ea3 f   r_edge.obj
 0001:00041fb0       _R_ImageList_f             00442fb0 f   r_image.obj
 0001:00042071       _R_FindFreeImage           00443071 f   r_image.obj
 0001:000420bf       _R_LoadPic                 004430bf f   r_image.obj
 0001:0004214f       _R_LoadTex                 0044314f f   r_image.obj
 0001:000421db       _R_LoadWal                 004431db f   r_image.obj
 0001:00042231       _R_MipMap                  00443231 f   r_image.obj
 0001:0004235f       _R_DownsampleImage         0044335f f   r_image.obj
 0001:00042464       _R_FindImage               00443464 f   r_image.obj
 0001:00042809       _R_RegisterSkin            00443809 f   r_image.obj
 0001:00042817       _R_FreeUnusedImages        00443817 f   r_image.obj
 0001:00042877       _R_InitImages              00443877 f   r_image.obj
 0001:000428dd       _R_ShutdownImages          004438dd f   r_image.obj
 0001:0004291a       _R_MarkLights              0044391a f   r_light.obj
 0001:000429e9       _R_PushDlights             004439e9 f   r_light.obj
 0001:00042a3e       _RecursiveLightPoint       00443a3e f   r_light.obj
 0001:00042ce7       _R_LightPoint              00443ce7 f   r_light.obj
 0001:00042e1c       _R_AddDynamicLights        00443e1c f   r_light.obj
 0001:000430a2       _R_BuildLightMap           004440a2 f   r_light.obj
 0001:00043198       _R_InitTextures            00444198 f   r_main.obj
 0001:00043259       _R_InitTurb                00444259 f   r_main.obj
 0001:000432d6       _R_Register                004442d6 f   r_main.obj
 0001:0004334d       _R_UnRegister              0044434d f   r_main.obj
 0001:00043371       _R_Init                    00444371 f   r_main.obj
 0001:00043407       _R_Shutdown                00444407 f   r_main.obj
 0001:0004346a       _R_NewMap                  0044446a f   r_main.obj
 0001:00043514       _R_MarkLeaves              00444514 f   r_main.obj
 0001:0004363b       _R_DrawEntitiesOnList      0044463b f   r_main.obj
 0001:00043863       _R_BmodelCheckBBox         00444863 f   r_main.obj
 0001:00043915       _R_FindTopnode             00444915 f   r_main.obj
 0001:0004399d       _RotatedBBox               0044499d f   r_main.obj
 0001:00043b0b       _R_DrawBEntitiesOnList     00444b0b f   r_main.obj
 0001:00043d58       _R_EdgeDrawing             00444d58 f   r_main.obj
 0001:00043e2d       _R_CalcPalette             00444e2d f   r_main.obj
 0001:00043f32       _R_SetLightLevel           00444f32 f   r_main.obj
 0001:00043f80       _R_RenderFrame             00444f80 f   r_main.obj
 0001:00044168       _R_InitGraphics            00445168 f   r_main.obj
 0001:000441de       _R_BeginFrame              004451de f   r_main.obj
 0001:00044301       _R_GammaCorrectAndSetPalette 00445301 f   r_main.obj
 0001:00044360       _R_CinematicSetPalette     00445360 f   r_main.obj
 0001:000443f7       _Draw_BuildGammaTable      004453f7 f   r_main.obj
 0001:000444a2       _R_DrawBeam                004454a2 f   r_main.obj
 0001:00044608       _R_SetSky                  00445608 f   r_main.obj
 0001:00044690       _Draw_GetPalette           00445690 f   r_main.obj
 0001:000447d8       _D_Draw_GetPicSize         004457d8 f   r_main.obj
 0001:000447ef       _D_DrawTextPos             004457ef f   r_main.obj
 0001:000447ef       _D_Draw_TileClear          004457ef f   r_main.obj
 0001:000447ef       _D_Draw_CharColor          004457ef f   r_main.obj
 0001:000447ef       __setargv                  004457ef f   r_main.obj
 0001:000447ef       _R_SurfacePatch            004457ef f   r_main.obj
 0001:000447ef       _D_Draw_Fill               004457ef f   r_main.obj
 0001:000447ef       _D_R_SetSky                004457ef f   r_main.obj
 0001:000447ef       _D_R_EndRegistration       004457ef f   r_main.obj
 0001:000447ef       _D_DrawTextSide            004457ef f   r_main.obj
 0001:000447ef       _D_R_RenderFrame           004457ef f   r_main.obj
 0001:000447ef       _D_Draw_StretchRaw         004457ef f   r_main.obj
 0001:000447ef       _D_R_BeginRegistration     004457ef f   r_main.obj
 0001:000447ef       _D_R_SetPalette            004457ef f   r_main.obj
 0001:000447ef       _D_Draw_PicColor           004457ef f   r_main.obj
 0001:000447ef       _jpeg_mem_term             004457ef f   r_main.obj
 0001:000447ef       _Qcommon_Shutdown          004457ef f   r_main.obj
 0001:000447ef       _D_Draw_FadeScreen         004457ef f   r_main.obj
 0001:000447ef       _D_Draw_StretchPic         004457ef f   r_main.obj
 0001:000447f0       _Draw_ConCharColor         004457f0 f   r_main.obj
 0001:00044811       _GetRefAPI                 00445811 f   r_main.obj
 0001:00044a10       _D_ViewChanged             00445a10 f   r_misc.obj
 0001:00044b6c       _R_PrintTimes              00445b6c f   r_misc.obj
 0001:00044be6       _R_PrintDSpeeds            00445be6 f   r_misc.obj
 0001:00044cad       _R_PrintAliasStats         00445cad f   r_misc.obj
 0001:00044cc0       _R_TransformFrustum        00445cc0 f   r_misc.obj
 0001:00044d7f       _TransformVector           00445d7f f   r_misc.obj
 0001:00044dea       _R_SetUpFrustumIndexes     00445dea f   r_misc.obj
 0001:00044e4f       _R_ViewChanged             00445e4f f   r_misc.obj
 0001:0004515e       _R_SetupFrame              0044615e f   r_misc.obj
 0001:0004538d       _WritePCXfile              0044638d f   r_misc.obj
 0001:000454af       _R_ScreenShot_f            004464af f   r_misc.obj
 0001:000455cf       _Mod_Modellist_f           004465cf f   r_model.obj
 0001:0004562d       _Mod_Init                  0044662d f   r_model.obj
 0001:00045645       _Mod_ForName               00446645 f   r_model.obj
 0001:0004587d       _Mod_PointInLeaf           0044687d f   r_model.obj
 0001:000458df       _Mod_DecompressVis         004468df f   r_model.obj
 0001:0004595f       _Mod_ClusterPVS            0044695f f   r_model.obj
 0001:0004598c       _Mod_LoadLighting          0044698c f   r_model.obj
 0001:00045a0b       _R_NumberLeafs             00446a0b f   r_model.obj
 0001:00045a59       _Mod_LoadVertexes          00446a59 f   r_model.obj
 0001:00045a9b       _Mod_LoadEdges             00446a9b f   r_model.obj
 0001:00045ae9       _Mod_LoadTexinfo           00446ae9 f   r_model.obj
 0001:00045c51       _CalcSurfaceExtents        00446c51 f   r_model.obj
 0001:00045dbc       _Mod_LoadFaces             00446dbc f   r_model.obj
 0001:00045f23       _Mod_SetParent             00446f23 f   r_model.obj
 0001:00045f48       _Mod_LoadNodes             00446f48 f   r_model.obj
 0001:0004603e       _Mod_LoadLeafs             0044703e f   r_model.obj
 0001:000460e7       _Mod_LoadMarksurfaces      004470e7 f   r_model.obj
 0001:00046163       _Mod_LoadSurfedges         00447163 f   r_model.obj
 0001:000461a2       _Mod_LoadPlanes            004471a2 f   r_model.obj
 0001:0004620a       _Mod_LoadBrushModel        0044720a f   r_model.obj
 0001:0004641d       _Mod_LoadAliasModel        0044741d f   r_model.obj
 0001:00046698       _Mod_LoadSpriteModel       00447698 f   r_model.obj
 0001:0004677f       _R_BeginRegistration       0044777f f   r_model.obj
 0001:0004680f       _R_RegisterModel           0044780f f   r_model.obj
 0001:00046907       _R_EndRegistration         00447907 f   r_model.obj
 0001:00046972       _Mod_FreeAll               00447972 f   r_model.obj
 0001:000469b7       _R_DrawParticle            004479b7 f   r_part.obj
 0001:00046c33       _R_DrawParticles           00447c33 f   r_part.obj
 0001:00046cf8       _R_DrawSpanletOpaque       00447cf8 f   r_poly.obj
 0001:00046d88       _R_DrawSpanletTurbulentStipple33 00447d88 f   r_poly.obj
 0001:00046eb3       _R_DrawSpanletTurbulentStipple66 00447eb3 f   r_poly.obj
 0001:00047094       _R_DrawSpanletTurbulentBlended66 00448094 f   r_poly.obj
 0001:00047149       _R_DrawSpanletTurbulentBlended33 00448149 f   r_poly.obj
 0001:000471fe       _R_DrawSpanlet33           004481fe f   r_poly.obj
 0001:00047298       _R_DrawSpanletConstant33   00448298 f   r_poly.obj
 0001:000472f1       _R_DrawSpanlet66           004482f1 f   r_poly.obj
 0001:0004738f       _R_DrawSpanlet33Stipple    0044838f f   r_poly.obj
 0001:000474aa       _R_DrawSpanlet66Stipple    004484aa f   r_poly.obj
 0001:0004763b       _R_ClipPolyFace            0044863b f   r_poly.obj
 0001:000477ac       _R_PolygonDrawSpans        004487ac f   r_poly.obj
 0001:00047b34       _R_PolygonScanLeftEdge     00448b34 f   r_poly.obj
 0001:00047c68       _R_PolygonScanRightEdge    00448c68 f   r_poly.obj
 0001:00047e58       _R_ClipAndDrawPoly         00448e58 f   r_poly.obj
 0001:0004805a       _R_BuildPolygonFromSurface 0044905a f   r_poly.obj
 0001:0004829c       _R_PolygonCalculateGradients 0044929c f   r_poly.obj
 0001:00048555       _R_DrawAlphaSurfaces       00449555 f   r_poly.obj
 0001:000485eb       _R_IMFlatShadedQuad        004495eb f   r_poly.obj
 0001:00048766       _R_PolysetUpdateTables     00449766 f   r_polyse.obj
 0001:000487a1       _R_DrawTriangle            004497a1 f   r_polyse.obj
 0001:000488b2       _R_PolysetScanLeftEdge_C   004498b2 f   r_polyse.obj
 0001:00048a7c       _FloorDivMod               00449a7c f   r_polyse.obj
 0001:00048b18       _R_PolysetSetUpForLineScan 00449b18 f   r_polyse.obj
 0001:00048ba6       _R_PolysetCalcGradients    00449ba6 f   r_polyse.obj
 0001:00048db1       _R_PolysetDrawSpans8_33    00449db1 f   r_polyse.obj
 0001:00048ee1       _R_PolysetDrawSpansConstant8_33 00449ee1 f   r_polyse.obj
 0001:00048f7b       _R_PolysetDrawSpans8_66    00449f7b f   r_polyse.obj
 0001:000490b7       _R_PolysetDrawSpansConstant8_66 0044a0b7 f   r_polyse.obj
 0001:0004915f       _R_PolysetDrawSpans8_Opaque 0044a15f f   r_polyse.obj
 0001:000492aa       _R_RasterizeAliasPolySmooth 0044a2aa f   r_polyse.obj
 0001:0004988a       _R_PolysetSetEdgeTable     0044a88a f   r_polyse.obj
 0001:00049925       _R_InitSkyBox              0044a925 f   r_rast.obj
 0001:00049bac       _R_EmitSkyBox              0044abac f   r_rast.obj
 0001:00049cbf       _R_EmitEdge                0044acbf f   r_rast.obj
 0001:0004a093       _R_ClipEdge                0044b093 f   r_rast.obj
 0001:0004a241       _R_EmitCachedEdge          0044b241 f   r_rast.obj
 0001:0004a298       _R_RenderFace              0044b298 f   r_rast.obj
 0001:0004a65f       _R_RenderBmodelFace        0044b65f f   r_rast.obj
 0001:0004a8c8       _D_WarpScreen              0044b8c8 f   r_scan.obj
 0001:0004aa70       _D_DrawTurbulent8Span      0044ba70 f   r_scan.obj
 0001:0004aaf4       _Turbulent8                0044baf4 f   r_scan.obj
 0001:0004adc8       _NonTurbulent8             0044bdc8 f   r_scan.obj
 0001:0004b086       _D_DrawSpans16             0044c086 f   r_scan.obj
 0001:0004b320       _D_DrawZSpans              0044c320 f   r_scan.obj
 0001:0004b3dd       _R_DrawSprite              0044c3dd f   r_sprite.obj
 0001:0004b6ab       _R_TextureAnimation        0044c6ab f   r_surf.obj
 0001:0004b6cf       _R_DrawSurface             0044c6cf f   r_surf.obj
 0001:0004b834       _R_DrawSurfaceBlock8_mip0  0044c834 f   r_surf.obj
 0001:0004b933       _R_DrawSurfaceBlock8_mip1  0044c933 f   r_surf.obj
 0001:0004ba32       _R_DrawSurfaceBlock8_mip2  0044ca32 f   r_surf.obj
 0001:0004bb31       _R_DrawSurfaceBlock8_mip3  0044cb31 f   r_surf.obj
 0001:0004bc2d       _R_InitCaches              0044cc2d f   r_surf.obj
 0001:0004bcae       _D_FlushCaches             0044ccae f   r_surf.obj
 0001:0004bcf3       _D_SCAlloc                 0044ccf3 f   r_surf.obj
 0001:0004be87       _D_CacheSurface            0044ce87 f   r_surf.obj
 0001:0004c01e       _DDRAW_Init                0044d01e f   rw_ddraw.obj
 0001:0004c42e       _DDRAW_SetPalette          0044d42e f   rw_ddraw.obj
 0001:0004c497       _DDRAW_Shutdown            0044d497 f   rw_ddraw.obj
 0001:0004cae2       _DIB_Init                  0044dae2 f   rw_dib.obj
 0001:0004ccc7       _DIB_SetPalette            0044dcc7 f   rw_dib.obj
 0001:0004ce8b       _DIB_Shutdown              0044de8b f   rw_dib.obj
 0001:0004cf84       _Vid_CreateWindow          0044df84 f   rw_imp.obj
 0001:0004d0b9       _SWimp_Init                0044e0b9 f   rw_imp.obj
 0001:0004d0cf       _SWimp_EndFrame            0044e0cf f   rw_imp.obj
 0001:0004d23b       _SWimp_SetMode             0044e23b f   rw_imp.obj
 0001:0004d359       _SWimp_SetPalette          0044e359 f   rw_imp.obj
[...]
 0001:000355c0       _Imagelist_f               004365c0 f   gl_image.obj
 0001:00035764       _Screenshot_f              00436764 f   gl_image.obj
 0001:0003576d       _PerformScreenshot         0043676d f   gl_image.obj
 0001:000359f8       _ScreenshotJPEG_f          004369f8 f   gl_image.obj
 0001:00035ecb       _Convert8to32bit           00436ecb f   gl_image.obj
 0001:000317c1       _RB_EndSurface             004327c1 f   gl_backend.obj
 0001:000317fe       _SwitchVertexArray         004327fe f   gl_backend.obj
 0001:00031847       _GenericStageIterator      00432847 f   gl_backend.obj
 0001:00031acc       _ProcessShaderDeforms      00432acc f   gl_backend.obj
 0001:00031bb3       _GenerateTexCoordArray     00432bb3 f   gl_backend.obj
 0001:00031e50       _BindStageImage            00432e50 f   gl_backend.obj
 0001:00031e80       _SetupColorArrays          00432e80 f   gl_backend.obj
 0001:00031eea       _GenerateColorArray        00432eea f   gl_backend.obj
 0001:00032132       _RB_DrawScene              00433132 f   gl_backend.obj
 0001:0003248a       _SetCurrentShader          0043348a f   gl_backend.obj
 0001:000324ea       _ClearSkyBox               004334ea f   gl_backend.obj
 0001:00032520       _AddSkySurfaces            00433520 f   gl_backend.obj
 0001:000325c8       _ClipSkyPolygon            004335c8 f   gl_backend.obj
 0001:00032a18       _DrawSkyBox                00433a18 f   gl_backend.obj
 0001:00032e42       _MakeSkyVec                00433e42 f   gl_backend.obj
 0001:00032f34       _CheckDynamicLightmap      00433f34 f   gl_backend.obj
 0001:00032fe6       _TesselatePlanarSurf       00433fe6 f   gl_backend.obj
 0001:000330e6       _RB_CheckOverflow          004340e6 f   gl_backend.obj
 0001:00033140       _TesselateMd3Surf          00434140 f   gl_backend.obj
 0001:0003331f       _SetupGL                   0043431f f   gl_backend.obj
 0001:00033454       _SortSurfaces              00434454 f   gl_backend.obj
 0001:000335ef       _DrawBBoxes                004345ef f   gl_backend.obj
 0001:000337ff       _FlashColor                004347ff f   gl_backend.obj
 0001:00033869       _DrawTriangles             00434869 f   gl_backend.obj
 0001:00033a23       _DrawFastSurfaces          00434a23 f   gl_backend.obj
 0001:00033b86       _TesselateStretchPic       00434b86 f   gl_backend.obj
 0001:00033d8c       _InitFuncTables            00434d8c f   gl_backend.obj
 0001:00031017       _DriverCallback            00432017 f   vid_menu.obj
 0001:0003106c       _ScreenSizeCallback        0043206c f   vid_menu.obj
 0001:0003108c       _BrightnessCallback        0043208c f   vid_menu.obj
 0001:000310c9       _CancelChanges             004320c9 f   vid_menu.obj
 0001:00031258       _ApplyChanges              00432258 f   vid_menu.obj
 0001:000300ba       _WIN_DisableAltTab         004310ba f   vid_dll.obj
 0001:00030106       _WIN_EnableAltTab          00431106 f   vid_dll.obj
 0001:00030454       _MapKey                    00431454 f   vid_dll.obj
 0001:00030959       _Vid_Restart_f             00431959 f   vid_dll.obj
 0001:00030966       _Vid_Front_f               00431966 f   vid_dll.obj
 0001:0002f721       _ExceptionFilter@4         00430721 f   sys_win.obj
 0001:0002f993       _DumpReg4                  00430993 f   sys_win.obj
 0001:0002fa2b       _DumpMem                   00430a2b f   sys_win.obj
 0001:0002b285       _PF_Unicast                0042c285 f   sv_game.obj
 0001:0002b2f1       _PF_dprintf                0042c2f1 f   sv_game.obj
 0001:0002b324       _PF_cprintf                0042c324 f   sv_game.obj
 0001:0002b3bb       _PF_centerprintf           0042c3bb f   sv_game.obj
 0001:0002b423       _PF_error                  0042c423 f   sv_game.obj
 0001:0002b458       _PF_setmodel               0042c458 f   sv_game.obj
 0001:0002b4c9       _PF_Configstring           0042c4c9 f   sv_game.obj
 0001:0002b549       _PF_WriteChar              0042c549 f   sv_game.obj
 0001:0002b549       _PF_WriteByte              0042c549 f   sv_game.obj
 0001:0002b55a       _PF_WriteShort             0042c55a f   sv_game.obj
 0001:0002b56b       _PF_WriteLong              0042c56b f   sv_game.obj
 0001:0002b57c       _PF_WriteFloat             0042c57c f   sv_game.obj
 0001:0002b591       _PF_WriteString            0042c591 f   sv_game.obj
 0001:0002b5a2       _PF_WritePos               0042c5a2 f   sv_game.obj
 0001:0002b5b3       _PF_WriteDir               0042c5b3 f   sv_game.obj
 0001:0002b5c4       _PF_WriteAngle             0042c5c4 f   sv_game.obj
 0001:0002b5d9       _PF_inPVS                  0042c5d9 f   sv_game.obj
 0001:0002b651       _PF_inPHS                  0042c651 f   sv_game.obj
 0001:0002b6c9       _PF_StartSound             0042c6c9 f   sv_game.obj
 0001:0002b6fc       _PF_TagMalloc              0042c6fc f   sv_game.obj
 0001:0002b70e       _PF_Cvar_Get               0042c70e f   sv_game.obj
 0001:000288e2       _DS_DestroyBuffers         004298e2 f   snd_win.obj
 0001:00028ac6       _DS_CreateBuffers          00429ac6 f   snd_win.obj
 0001:00025ff6       _Menu_MakeVisible          00426ff6 f   qmenu.obj
 0001:00026080       _Menu_CompletelyVisible    00427080 f   qmenu.obj
 0001:00026128       _strlen_color              00427128 f   qmenu.obj
 0001:000262d6       _Action_Draw               004272d6 f   qmenu.obj
 0001:00026351       _Menu_ItemVisible          00427351 f   qmenu.obj
 0001:0002639a       _Menu_DrawStatusBar        0042739a f   qmenu.obj
 0001:0002650f       _MenuList_Draw             0042750f f   qmenu.obj
 0001:00026597       _DrawCaption               00427597 f   qmenu.obj
 0001:000265d6       _Separator_Draw            004275d6 f   qmenu.obj
 0001:00026627       _Slider_DoSlide            00427627 f   qmenu.obj
 0001:0002665e       _Slider_Draw               0042765e f   qmenu.obj
 0001:00026751       _SpinControl_DoSlide       00427751 f   qmenu.obj
 0001:00026780       _SpinControl_Draw          00427780 f   qmenu.obj
 0001:0002685b       _SpinControl2_DoSlide      0042785b f   qmenu.obj
 0001:0002689c       _SpinControl2_Draw         0042789c f   qmenu.obj
 0001:00023152       _StepSlideMove             00424152 f   pmove.obj
 0001:00023341       _StepSlideMove_            00424341 f   pmove.obj
 0001:000235c3       _ClipVelocity              004245c3 f   pmove.obj
 0001:0002362c       _Friction                  0042462c f   pmove.obj
 0001:00023737       _WaterMove                 00424737 f   pmove.obj
 0001:0002381f       _Accelerate                0042481f f   pmove.obj
 0001:0002388b       _AddCurrents               0042488b f   pmove.obj
 0001:00023b1a       _AirMove                   00424b1a f   pmove.obj
 0001:00023d75       _AirAccelerate             00424d75 f   pmove.obj
 0001:00023dfb       _CatagorizePosition        00424dfb f   pmove.obj
 0001:00024051       _CheckJump                 00425051 f   pmove.obj
 0001:00024118       _CheckSpecialMovement      00425118 f   pmove.obj
 0001:0002427b       _FlyMove                   0042527b f   pmove.obj
 0001:000244e1       _CheckDuck                 004254e1 f   pmove.obj
 0001:00024616       _DeadMove                  00425616 f   pmove.obj
 0001:00024682       _SnapPosition              00425682 f   pmove.obj
 0001:000247f8       _GoodPosition              004257f8 f   pmove.obj
 0001:0002486e       _InitialSnapPosition       0042586e f   pmove.obj
 0001:00024987       _ClampAngles               00425987 f   pmove.obj
 0001:00022c5b       _NET_ErrorString           00423c5b f   net_wins.obj
 0001:0001d3e3       _Multiplayer_MenuDraw      0041e3e3 f   menu.obj
 0001:0001d406       _M_Banner                  0041e406 f   menu.obj
 0001:0001d451       _Multiplayer_MenuInit      0041e451 f   menu.obj
 0001:0001d53f       _Multiplayer_MenuKey       0041e53f f   menu.obj
 0001:0001d570       _Keys_MenuInit             0041e570 f   menu.obj
 0001:0001d726       _KeyCursorDrawFunc         0041e726 f   menu.obj
 0001:0001d767       _DrawKeyBindingFunc        0041e767 f   menu.obj
 0001:0001d83f       _M_FindKeysForCommand      0041e83f f   menu.obj
 0001:0001d88f       _SeekLine                  0041e88f f   menu.obj
 0001:0001d8b6       _AppendToken               0041e8b6 f   menu.obj
 0001:0001d8e0       _Keys_MenuDraw             0041e8e0 f   menu.obj
 0001:0001d8f9       _Keys_MenuKey              0041e8f9 f   menu.obj
 0001:0001d9ae       _M_UnbindCommand           0041e9ae f   menu.obj
 0001:0001d9fa       _KeyBindingFunc            0041e9fa f   menu.obj
 0001:0001da6c       _Options_MenuInit          0041ea6c f   menu.obj
 0001:0001deca       _CrosshairFunc             0041eeca f   menu.obj
 0001:0001deee       _JoystickFunc              0041eeee f   menu.obj
 0001:0001df01       _CustomizeControlsFunc     0041ef01 f   menu.obj
 0001:0001df06       _AlwaysRunFunc             0041ef06 f   menu.obj
 0001:0001df19       _FreeLookFunc              0041ef19 f   menu.obj
 0001:0001df2c       _MouseSpeedFunc            0041ef2c f   menu.obj
 0001:0001df49       _ControlsSetMenuItemValues 0041ef49 f   menu.obj
 0001:0001e0e3       _ControlsResetDefaultsFunc 0041f0e3 f   menu.obj
 0001:0001e0f8       _InvertMouseFunc           0041f0f8 f   menu.obj
 0001:0001e113       _LookspringFunc            0041f113 f   menu.obj
 0001:0001e12f       _LookstrafeFunc            0041f12f f   menu.obj
 0001:0001e14b       _UpdateVolumeFunc          0041f14b f   menu.obj
 0001:0001e168       _UpdateCDVolumeFunc        0041f168 f   menu.obj
 0001:0001e181       _ConsoleFunc               0041f181 f   menu.obj
 0001:0001e1b0       _UpdateSoundQualityFunc    0041f1b0 f   menu.obj
 0001:0001e239       _Options_ScanCrosshairs    0041f239 f   menu.obj
 0001:0001e28c       _Options_MenuDraw          0041f28c f   menu.obj
 0001:0001e2b4       _Options_CrosshairDraw     0041f2b4 f   menu.obj
 0001:0001e33a       _Options_MenuKey           0041f33a f   menu.obj
 0001:0001e438       _M_Credits_MenuDraw        0041f438 f   menu.obj
 0001:0001e52b       _M_Credits_Key             0041f52b f   menu.obj
 0001:0001e587       _Game_MenuInit             0041f587 f   menu.obj
 0001:0001e734       _EasyGameFunc              0041f734 f   menu.obj
 0001:0001e74a       _StartGame                 0041f74a f   menu.obj
 0001:0001e78f       _MediumGameFunc            0041f78f f   menu.obj
 0001:0001e7a5       _HardGameFunc              0041f7a5 f   menu.obj
 0001:0001e7bb       _Game_MenuDraw             0041f7bb f   menu.obj
 0001:0001e7de       _Game_MenuKey              0041f7de f   menu.obj
 0001:0001e80f       _LoadGame_MenuInit         0041f80f f   menu.obj
 0001:0001e8a5       _Create_Savestrings        0041f8a5 f   menu.obj
 0001:0001e927       _LoadGameCallback          0041f927 f   menu.obj
 0001:0001e951       _LoadGame_MenuDraw         0041f951 f   menu.obj
 0001:0001e969       _LoadGame_MenuKey          0041f969 f   menu.obj
 0001:0001e9c9       _SaveGame_MenuDraw         0041f9c9 f   menu.obj
 0001:0001e9ec       _SaveGame_MenuInit         0041f9ec f   menu.obj
 0001:0001ea74       _SaveGameCallback          0041fa74 f   menu.obj
 0001:0001ea93       _SaveGame_MenuKey          0041fa93 f   menu.obj
 0001:0001eb73       _JoinServer_MenuInit       0041fb73 f   menu.obj
 0001:0001ecc4       _JoinServerFunc            0041fcc4 f   menu.obj
 0001:0001ed41       _SearchLocalGames          0041fd41 f   menu.obj
 0001:0001edad       _JoinServer_MenuDraw       0041fdad f   menu.obj
 0001:0001edc5       _JoinServer_MenuKey        0041fdc5 f   menu.obj
 0001:0001edf6       _StartServer_MenuInit      0041fdf6 f   menu.obj
 0001:0001f2a6       _DMOptionsFunc             004202a6 f   menu.obj
 0001:0001f2b5       _RulesChangeFunc           004202b5 f   menu.obj
 0001:0001f31e       _StartServerActionFunc     0042031e f   menu.obj
 0001:0001f34a       _StartServerFunc           0042034a f   menu.obj
 0001:0001f5b5       _StartServer_MenuDraw      004205b5 f   menu.obj
 0001:0001f5c1       _StartServer_MenuKey       004205c1 f   menu.obj
 0001:0001f620       _DMOptions_MenuInit        00420620 f   menu.obj
 0001:0001fbb0       _DMFlagCallback            00420bb0 f   menu.obj
 0001:0001fd9b       _DMOptions_MenuDraw        00420d9b f   menu.obj
 0001:0001fda7       _DMOptions_MenuKey         00420da7 f   menu.obj
 0001:0001fdd8       _DownloadOptions_MenuInit  00420dd8 f   menu.obj
 0001:0001ffc3       _DownloadCallback          00420fc3 f   menu.obj
 0001:00020022       _DownloadOptions_MenuDraw  00421022 f   menu.obj
 0001:0002002e       _DownloadOptions_MenuKey   0042102e f   menu.obj
 0001:0002005f       _AddressBook_MenuInit      0042105f f   menu.obj
 0001:0002011e       _AddressBook_MenuKey       0042111e f   menu.obj
 0001:0002017c       _AddressBook_MenuDraw      0042117c f   menu.obj
 0001:000201ee       _PlayerConfig_MenuInit     004211ee f   menu.obj
 0001:00020617       _HandednessCallback        00421617 f   menu.obj
 0001:0002062a       _RateCallback              0042162a f   menu.obj
 0001:00020648       _ModelCallback             00421648 f   menu.obj
 0001:0002067f       _PlayerConfig_ScanDirectories 0042167f f   menu.obj
 0001:00020847       _IconOfSkinExists          00421847 f   menu.obj
 0001:000208e9       _PlayerConfig_MenuDraw     004218e9 f   menu.obj
 0001:00020b5e       _PlayerConfig_MenuKey      00421b5e f   menu.obj
 0001:00020c75       _DMBrowse_MenuInit         00421c75 f   menu.obj
 0001:00020e34       _DMBrowse_MenuKey          00421e34 f   menu.obj
 0001:00020fd7       _DMBrowse_MenuDraw         00421fd7 f   menu.obj
 0001:000210fc       _DrawThumbnail             004220fc f   menu.obj
 0001:0001c9b0       _AllocChain                0041d9b0 f   memory.obj
 0001:0001cc99       _Z_Stats_f                 0041dc99 f   memory.obj
 0001:0001c1a7       _MD4Transform              0041d1a7 f   md4.obj
 0001:0001c7a9       _Encode                    0041d7a9 f   md4.obj
 0001:0001c7ee       _Decode                    0041d7ee f   md4.obj
 0001:0001b7bb       _iswordsym                 0041c7bb f   keys.obj
 0001:0001bb22       _Key_Unbind_f              0041cb22 f   keys.obj
 0001:0001bc05       _Key_Unbindall_f           0041cc05 f   keys.obj
 0001:0001bc2f       _Key_Bind_f                0041cc2f f   keys.obj
 0001:00055118       _J_InitSource              00456118 f   jcsample.obj
 0001:0001a199       _J_FillInputBuffer         0041b199 f   images.obj
 0001:0001a1c1       _J_SkipInputData           0041b1c1 f   images.obj
 0001:00055118       _J_TermSource              00456118 f   jcsample.obj
 0001:0001a1d9       _InitJpegError             0041b1d9 f   images.obj
 0001:0001a216       _J_ErrorExit               0041b216 f   images.obj
 0001:0001a225       _J_EmitMessage             0041b225 f   images.obj
 0001:0001a242       _J_ResetErrorMgr           0041b242 f   images.obj
 0001:0001830d       _FindPakFile               0041930d f   files.obj
 0001:0001837c       _FindPakDirectory          0041937c f   files.obj
 0001:0001840c       _FileLength                0041940c f   files.obj
 0001:000187f0       _FOpenCached               004197f0 f   files.obj
 0001:00018a30       _AddPakFile                00419a30 f   files.obj
 0001:00018acf       _AddPakDirectory           00419acf f   files.obj
 0001:00018bad       _EnumZippedPak             00419bad f   files.obj
 0001:00018c20       _ClearFileCache            00419c20 f   files.obj
 0001:00018d28       _AddDirFilesToList         00419d28 f   files.obj
 0001:00019209       _ListPakDirectory          0041a209 f   files.obj
 0001:00019644       _FS_LoadPak_f              0041a644 f   files.obj
 0001:00019713       _TryLoadPak                0041a713 f   files.obj
 0001:00019781       _FindPakStruc              0041a781 f   files.obj
 0001:000197d6       _FS_UnloadPak_f            0041a7d6 f   files.obj
 0001:0001997a       _FS_Link_f                 0041a97a f   files.obj
 0001:00017122       _Cvar_FindVar              00418122 f   cvar.obj
 0001:00017157       _ComputeHash               00418157 f   cvar.obj
 0001:00017331       _Cvar_SetString            00418331 f   cvar.obj
 0001:000173c7       _Cvar_InfoValidate         004183c7 f   cvar.obj
 0001:000174be       _Cvar_Set2                 004184be f   cvar.obj
 0001:0001761a       _Cvar_SetHardcoded         0041861a f   cvar.obj
 0001:000179f3       _Cvar_Set_f                004189f3 f   cvar.obj
 0001:00017a70       _Cvar_SetWithFlags         00418a70 f   cvar.obj
 0001:00017ab5       _Cvar_Seta_f               00418ab5 f   cvar.obj
 0001:00017ad7       _Cvar_Setu_f               00418ad7 f   cvar.obj
 0001:00017af9       _Cvar_Sets_f               00418af9 f   cvar.obj
 0001:00017b1b       _Cvar_Reset_f              00418b1b f   cvar.obj
 0001:00017b7d       _Cvar_List_f               00418b7d f   cvar.obj
 0001:00017c68       _Cvar_Add_f                00418c68 f   cvar.obj
 0001:00017ddf       _Cvar_Scale_f              00418ddf f   cvar.obj
 0001:00017e52       _Cvar_Toggle_f             00418e52 f   cvar.obj
 0001:00017eb5       _Cvar_Cycle_f              00418eb5 f   cvar.obj
 0001:000164eb       _Con_ToggleChat_f          004174eb f   console.obj
 0001:0001652b       _Con_Clear_f               0041752b f   console.obj
 0001:00016581       _Con_Dump_f                00417581 f   console.obj
 0001:00016694       _Con_MessageMode_f         00417694 f   console.obj
 0001:000166a6       _Con_MessageMode2_f        004176a6 f   console.obj
 0001:0001673f       _PlaceChar                 0041773f f   console.obj
 0001:000168e3       _FindLine                  004178e3 f   console.obj
 0001:00016ff6       _Con_DrawInput             00417ff6 f   console.obj
 0001:00011c58       _CMod_LoadSubmodels        00412c58 f   cmodel.obj
 0001:00011ce0       _CMod_LoadSurfaces         00412ce0 f   cmodel.obj
 0001:00011dfa       _CMod_ReadSurfMaterials    00412dfa f   cmodel.obj
 0001:00011f35       _CMod_LoadNodes            00412f35 f   cmodel.obj
 0001:00011f97       _CMod_LoadBrushes          00412f97 f   cmodel.obj
 0001:00011fe3       _CMod_LoadLeafs            00412fe3 f   cmodel.obj
 0001:000120b2       _CMod_LoadPlanes           004130b2 f   cmodel.obj
 0001:00012151       _CMod_LoadLeafBrushes      00413151 f   cmodel.obj
 0001:0001219c       _CMod_LoadBrushSides       0041319c f   cmodel.obj
 0001:00012215       _CMod_LoadAreas            00413215 f   cmodel.obj
 0001:000112f0       _Cmd_MacroExpandString     004122f0 f   cmd.obj
 0001:000117d1       _TryComplete               004127d1 f   cmd.obj
 0001:00011965       _Cmd_Wait_f                00412965 f   cmd.obj
 0001:00011970       _Cmd_List_f                00412970 f   cmd.obj
 0001:000104bf       _DrawSurfInfo              004114bf f   cl_view.obj
 0001:000107fd       _DecodeContents            004117fd f   cl_view.obj
 0001:000108cd       _DrawOriginInfo            004118cd f   cl_view.obj
 0001:00010a5e       _DrawFpsInfo               00411a5e f   cl_view.obj
 0001:00010b87       _entitycmpfnc              00411b87 f   cl_view.obj
 0001:0000d1d5       _SCR_CalcVrect             0040e1d5 f   cl_scrn.obj
 0001:000009ea       _Huff1Decompress           004019ea f   cl_cin.obj
 0001:00000f5c       _Huff1TableInit            00401f5c f   cl_cin.obj
 0001:00001056       _SmallestNode1             00402056 f   cl_cin.obj
 0001:0000014c       _CDAudio_GetAudioDiskInfo  0040114c f   cd_win.obj
 0001:000004c4       _CD_f                      004014c4 f   cd_win.obj
 0001:0000077d       _CDAudio_Eject             0040177d f   cd_win.obj
 0001:000007a7       _CDAudio_CloseDoor         004017a7 f   cd_win.obj

 93 bytes saved through ICF

