 Quake2

 Timestamp is 443a8557 (Mon Apr 10 20:18:31 2006)

 Preferred load address is 00400000

 Start         Length     Name                   Class
 0001:00000000 00063ae0H .text                   CODE
 0002:00000000 00000294H .idata$5                DATA
 0002:00000298 00006e14H .rdata                  DATA
 0002:000070b0 00000044H .rdata$r                DATA
 0002:000070f8 00000038H .xdata$x                DATA
 0002:00007130 00000078H .idata$2                DATA
 0002:000071a8 00000014H .idata$3                DATA
 0002:000071bc 00000294H .idata$4                DATA
 0002:00007450 0000086aH .idata$6                DATA
 0002:00007cba 00000000H .edata                  DATA
 0003:00000000 00000004H .CRT$XCA                DATA
 0003:00000004 00000088H .CRT$XCU                DATA
 0003:0000008c 00000004H .CRT$XCZ                DATA
 0003:00000090 00000004H .CRT$XIA                DATA
 0003:00000094 00000004H .CRT$XIZ                DATA
 0003:000000a0 0000dbccH .data                   DATA
 0003:0000dc70 00455b64H .bss                    DATA
 0004:00000000 00000130H .rsrc$01                DATA
 0004:00000130 00003f20H .rsrc$02                DATA

  Address         Publics by Value              Rva+Base     Lib:Object

 0001:00000000       ??3@YAXPAX@Z               00401000 f i CoreMain.obj
 0001:0000000e       ?appTimestamp@@YAPBDXZ     0040100e f   CoreMain.obj
 0001:00000043       ?appInit@@YAXXZ            00401043 f   CoreMain.obj
 0001:000000c2       ?appExit@@YAXXZ            004010c2 f   CoreMain.obj
 0001:000000cc       ?appMilliseconds@@YAIXZ    004010cc f   CoreWin32.obj
 0001:000000d2       ?appPackage@@YAPBDXZ       004010d2 f   CoreWin32.obj
 0001:0000012a       ?appGetSystemErrorMessage@@YAPBDI@Z 0040112a f   CoreWin32.obj
 0001:0000018e       ?appDisplayError@@YAXXZ    0040118e f   CoreWin32.obj
 0001:000001df       ?appInitPlatform@@YAXXZ    004011df f   CoreWin32.obj
 0001:00000372       ?appShutdownPlatform@@YAXXZ 00401372 f   CoreWin32.obj
 0001:0000037b       ?sprintf@?$TString@$0BAA@@@QAAHPBDZZ 0040137b f i CoreWin32.obj
 0001:00000398       ?appDetectCPU@@YAXXZ       00401398 f   CoreCpuid.obj
 0001:0000064c       ?appLoadDebugSymbols@@YAXXZ 0040164c f   DbgSymbols.obj
 0001:0000080a       ?appSymbolName@@YA_NIPADH@Z 0040180a f   DbgSymbols.obj
 0001:00000900       ?appSymbolName@@YAPBDI@Z   00401900 f   DbgSymbols.obj
 0001:00000938       ?osGetAddressPackage@@YA_NIPADHAAH@Z 00401938 f   DbgSymbolsWin32.obj
 0001:000009cc       ?osGetAddressSymbol@@YA_NIPADHAAH@Z 004019cc f   DbgSymbolsWin32.obj
 0001:00000b73       ?appMalloc@@YAPAXIH@Z      00401b73 f   Memory.obj
 0001:00000c78       ?appFree@@YAXPAX@Z         00401c78 f   Memory.obj
 0001:00000cf7       ?Unlink@FMemHeader@@QAEXXZ 00401cf7 f i Memory.obj
 0001:00000d22       ?Link@CMemoryChain@@AAEXXZ 00401d22 f   Memory.obj
 0001:00000d41       ?Unlink@CMemoryChain@@AAEXXZ 00401d41 f   Memory.obj
 0001:00000d6c       ??2CMemoryChain@@SAPAXIH@Z 00401d6c f   Memory.obj
 0001:00000e35       ??3CMemoryChain@@SAXPAX@Z  00401e35 f   Memory.obj
 0001:00000eb6       ?Alloc@CMemoryChain@@QAEPAXIH@Z 00401eb6 f   Memory.obj
 0001:00000f82       ?BuildAllocatorsTable@@YAHPAXH@Z 00401f82 f   Memory.obj
 0001:000010f3       ?appInitMemory@@YAXXZ      004020f3 f   Memory.obj
 0001:000014db       ?Flush@COutputDevice@@UAEXXZ 004024db f i OutputDevice.obj
 0001:000014db       ?Close@COutputDevice@@UAEXXZ 004024db f i OutputDevice.obj
 0001:000014dc       ?Write@COutputDeviceNull@@UAEXPBD@Z 004024dc f i OutputDevice.obj
 0001:000014f6       ??_ECOutputDevice@@UAEPAXI@Z 004024f6 f i OutputDevice.obj
 0001:000014f6       ??_GCOutputDeviceNull@@UAEPAXI@Z 004024f6 f i OutputDevice.obj
 0001:000014f6       ??_GCOutputDevice@@UAEPAXI@Z 004024f6 f i OutputDevice.obj
 0001:000014f6       ??_ECOutputDeviceNull@@UAEPAXI@Z 004024f6 f i OutputDevice.obj
 0001:00001539       ?Write@COutputDeviceLog@@UAEXPBD@Z 00402539 f i OutputDevice.obj
 0001:00001584       ??_ECOutputDeviceLog@@UAEPAXI@Z 00402584 f i OutputDevice.obj
 0001:00001584       ??_GCOutputDeviceLog@@UAEPAXI@Z 00402584 f i OutputDevice.obj
 0001:000015a4       ?Printf@COutputDevice@@QAAXPBDZZ 004025a4 f   OutputDevice.obj
 0001:00001615       ?Register@COutputDevice@@QAEXXZ 00402615 f   OutputDevice.obj
 0001:00001671       ?Unregister@COutputDevice@@QAEXXZ 00402671 f   OutputDevice.obj
 0001:000016c4       ?appPrintf@@YAXPBDZZ       004026c4 f   OutputDevice.obj
 0001:000017fb       ?appWPrintf@@YAXPBDZZ      004027fb f   OutputDevice.obj
 0001:0000185e       ??0COutputDeviceMemTail@@QAE@H@Z 0040285e f i ErrorMgr.obj
 0001:0000188f       ?Write@COutputDeviceMemTail@@UAEXPBD@Z 0040288f f i ErrorMgr.obj
 0001:000019ab       ??_GCOutputDeviceMemTail@@UAEPAXI@Z 004029ab f i ErrorMgr.obj
 0001:000019ab       ??_ECOutputDeviceMemTail@@UAEPAXI@Z 004029ab f i ErrorMgr.obj
 0001:000019ca       ??1COutputDeviceMemTail@@UAE@XZ 004029ca f i ErrorMgr.obj
 0001:00001a13       ??0COutputDeviceFile@@QAE@XZ 00402a13 f i ErrorMgr.obj
 0001:00001a28       ?Write@COutputDeviceFile@@UAEXPBD@Z 00402a28 f i ErrorMgr.obj
 0001:00001a7f       ?Flush@COutputDeviceFile@@UAEXXZ 00402a7f f i ErrorMgr.obj
 0001:00001a8f       ?Close@COutputDeviceFile@@UAEXXZ 00402a8f f i ErrorMgr.obj
 0001:00001aa7       ??_ECOutputDeviceFile@@UAEPAXI@Z 00402aa7 f i ErrorMgr.obj
 0001:00001aa7       ??_GCOutputDeviceFile@@UAEPAXI@Z 00402aa7 f i ErrorMgr.obj
 0001:00001ac6       ??1COutputDeviceFile@@UAE@XZ 00402ac6 f i ErrorMgr.obj
 0001:00001b05       ?appBeginError@@YAPAVCOutputDevice@@PBD@Z 00402b05 f   ErrorMgr.obj
 0001:00001bd0       ?appGetErrorLog@@YAPAVCOutputDevice@@XZ 00402bd0 f   ErrorMgr.obj
 0001:00001c3b       ?Open@COutputDeviceFile@@QAEXPBD_N@Z 00402c3b f i ErrorMgr.obj
 0001:00001c81       ?appFatalError@@YAXPBDZZ   00402c81 f   ErrorMgr.obj
 0001:00001cd7       ?appNonFatalError@@YAXPBDZZ 00402cd7 f   ErrorMgr.obj
 0001:00001d39       ?appUnwindPrefix@@YAXPBD@Z 00402d39 f   ErrorMgr.obj
 0001:00001deb       ?appUnwindThrow@@YAXPBDZZ  00402deb f   ErrorMgr.obj
 0001:00001e61       ?Reset@CErrorHandler@@QAEXXZ 00402e61 f   ErrorMgr.obj
 0001:00001e92       ?appInitError@@YAXXZ       00402e92 f   ErrorMgr.obj
 0001:00001f87       ?appShutdownError@@YAXXZ   00402f87 f   ErrorMgr.obj
 0001:00002011       ?GetTail@COutputDeviceMemTail@@QAEPBDH@Z 00403011 f i ErrorMgr.obj
 0001:00002037       ?sprintf@?$TString@$0CAA@@@QAAHPBDZZ 00403037 f i ErrorMgr.obj
 0001:00002054       ?win32ExceptFilter@@YGJPAU_EXCEPTION_POINTERS@@@Z 00403054 f   ExceptHandlerWin32.obj
 0001:000021f7       ?win32ExceptFilter2@@YAIXZ 004031f7 f   ExceptHandlerWin32.obj
 0001:00002200       ?sprintf@?$TString@$0EAA@@@QAAHPBDZZ 00403200 f i ExceptHandlerWin32.obj
 0001:0000221d       ?DumpRegs@@YAXPAVCOutputDevice@@PAU_CONTEXT@@@Z 0040321d f   ExceptDumpers.obj
 0001:0000232e       ?DumpMem@@YAXPAVCOutputDevice@@PBIPAU_CONTEXT@@@Z 0040332e f   ExceptDumpers.obj
 0001:0000256d       ?UnwindEbpFrame@@YAXPAVCOutputDevice@@PBI@Z 0040356d f   ExceptDumpers.obj
 0001:000025fe       ?GetLine@CSimpleParser@@QAEPBDXZ 004035fe f   ScriptParser.obj
 0001:00002715       ?SkipBraces@CSimpleParser@@QAEPBDXZ 00403715 f   ScriptParser.obj
 0001:0000274b       ?appStricmp@@YAHPBD0@Z     0040374b f   Strings.obj
 0001:00002782       ?toLower@@YADD@Z           00403782 f i Strings.obj
 0001:0000279d       ?appStrncpylwr@@YAXPADPBDH@Z 0040379d f   Strings.obj
 0001:000027d5       ?appStrncpyz@@YAXPADPBDH@Z 004037d5 f   Strings.obj
 0001:00002802       ?appStrcatn@@YAXPADHPBD@Z  00403802 f   Strings.obj
 0001:0000282e       ?appCopyFilename@@YAXPADPBDH@Z 0040382e f   Strings.obj
 0001:00002956       ?appCStrlen@@YAHPBD@Z      00403956 f   Strings.obj
 0001:0000297e       ?appUncolorizeString@@YAXPADPBD@Z 0040397e f   Strings.obj
 0001:000029b0       ?va@@YAPBDPBDZZ            004039b0 f   Strings.obj
 0001:00002aa4       ?appSprintf@@YAHPADHPBDZZ  00403aa4 f   Strings.obj
 0001:00002b43       ?appMatchWildcard@@YA_NPBD0_N@Z 00403b43 f   Strings.obj
 0001:00002d88       ?appIsWildcard@@YA_NPBD@Z  00403d88 f   Strings.obj
 0001:00002db4       ?appStrdup@@YAPADPBD@Z     00403db4 f   Strings.obj
 0001:00002df5       ?appStrdup@@YAPADPBDPAVCMemoryChain@@@Z 00403df5 f   Strings.obj
 0001:00002e2a       ??0CStringItem@@QAE@XZ     00403e2a f   Strings.obj
 0001:00002e35       ??2CStringItem@@SAPAXIPBD@Z 00403e35 f   Strings.obj
 0001:00002ecf       ??2CStringItem@@SAPAXIPBDPAVCMemoryChain@@@Z 00403ecf f   Strings.obj
 0001:00002f44       ?Find@CStringList@@IAEPAVCStringItem@@PBDPAPAV2@@Z 00403f44 f   Strings.obj
 0001:00002fcf       ?Find@CStringList@@IAEPAVCStringItem@@H@Z 00403fcf f   Strings.obj
 0001:0000303b       ?IndexOf@CStringList@@QAEHPBD@Z 0040403b f   Strings.obj
 0001:000030bd       ?Remove@CStringList@@QAE_NPAVCStringItem@@@Z 004040bd f   Strings.obj
 0001:00003141       ?Add@CTextContainer@@QAEPAUCTextRec@@PBD@Z 00404141 f   TextContainer.obj
 0001:000031ed       ?Enumerate@CTextContainer@@QAEXP6AXPBUCTextRec@@@Z@Z 004041ed f   TextContainer.obj
 0001:00003259       ?SubtractPath@@YAPBDPBD0@Z 00404259 f   FileSystem.obj
 0001:000032f1       ?appMakeDirectoryForFile@@YAXPBD@Z 004042f1 f   FileSystem.obj
 0001:00003327       ?appOpenFile@@YAPAVCFile@@PBD@Z 00404327 f   FileSystem.obj
 0001:00003364       ?Read@CFileOS@@UAEHPAXH@Z  00404364 f i FileSystem.obj
 0001:0000338b       ?GetSize@CFileOS@@UAEHXZ   0040438b f i FileSystem.obj
 0001:000033d6       ?Eof@CFileOS@@UAE_NXZ      004043d6 f i FileSystem.obj
 0001:000033ea       ??_ECFileOS@@UAEPAXI@Z     004043ea f i FileSystem.obj
 0001:000033ea       ??_GCFileOS@@UAEPAXI@Z     004043ea f i FileSystem.obj
 0001:0000341f       ??_GCFile@@UAEPAXI@Z       0040441f f i FileSystem.obj
 0001:0000341f       ??_ECFile@@UAEPAXI@Z       0040441f f i FileSystem.obj
 0001:0000343f       ?ReadByte@CFile@@QAEEXZ    0040443f f   FileSystem.obj
 0001:00003457       ?ReadInt@CFile@@QAEHXZ     00404457 f   FileSystem.obj
 0001:0000346f       ?ReadString@CFile@@QAEXPADH@Z 0040446f f   FileSystem.obj
 0001:000034af       ?GetType@CFileContainer@@MAEPBDXZ 004044af f   FileSystem.obj
 0001:000034b5       ?Mount@CFileSystem@@QAEXAAVCFileContainer@@PBD@Z 004044b5 f   FileSystem.obj
 0001:0000350b       ?Umount@CFileSystem@@QAEXAAVCFileContainer@@@Z 0040450b f   FileSystem.obj
 0001:00003545       ?MountDirectory@CFileSystem@@QAEPAVCFileContainer@@PBD0@Z 00404545 f   FileSystem.obj
 0001:0000358a       ?GetType@CFileContainerOS@@MAEPBDXZ 0040458a f i FileSystem.obj
 0001:00003590       ?FileExists@CFileContainerOS@@UAE_NPBD@Z 00404590 f i FileSystem.obj
 0001:000035ba       ?OpenFile@CFileContainerOS@@UAEPAVCFile@@PBD@Z 004045ba f i FileSystem.obj
 0001:000035da       ?List@CFileContainerOS@@UAEXAAVCFileList@@PBDI@Z 004045da f i FileSystem.obj
 0001:00003603       ??_GCFileContainerOS@@UAEPAXI@Z 00404603 f i FileSystem.obj
 0001:00003603       ??_ECFileContainerOS@@UAEPAXI@Z 00404603 f i FileSystem.obj
 0001:00003623       ??_GCFileContainer@@UAEPAXI@Z 00404623 f i FileSystem.obj
 0001:00003623       ??_ECFileContainer@@UAEPAXI@Z 00404623 f i FileSystem.obj
 0001:00003643       ?MountArchive@CFileSystem@@QAEPAVCFileContainer@@PBD0@Z 00404643 f   FileSystem.obj
 0001:0000375a       ?Mount@CFileSystem@@QAEXPBD0@Z 0040475a f   FileSystem.obj
 0001:0000398c       ?Umount@CFileSystem@@QAEXPBD@Z 0040498c f   FileSystem.obj
 0001:00003a28       ?List@CFileSystem@@UAEPAVCFileList@@PBDIPAV2@@Z 00404a28 f   FileSystem.obj
 0001:00003be3       ?RegisterFormat@CFileSystem@@SAXP6APAVCFileContainer@@PBDPAU_iobuf@@@Z@Z 00404be3 f   FileSystem.obj
 0001:00003c27       ?FileExists@CFileSystem@@UAE_NPBDI@Z 00404c27 f   FileSystem.obj
 0001:00003ca6       ?OpenFile@CFileSystem@@UAEPAVCFile@@PBDI@Z 00404ca6 f   FileSystem.obj
 0001:00003d4b       ?LoadFile@CFileSystem@@QAEPAXPBDPAI@Z 00404d4b f   FileSystem.obj
 0001:00003e1b       ?cMount@@YAX_NHPAPAD@Z     00404e1b f   FileSystem.obj
 0001:00003f59       ?cUmount@@YAX_NHPAPAD@Z    00404f59 f   FileSystem.obj
 0001:00003f88       ?appInitFileSystem@@YAXAAVCFileSystem@@@Z 00404f88 f   FileSystem.obj
 0001:0000437f       ?appListDirectory@@YAXPBDAAVCFileList@@I@Z 0040537f f   FileSystemWin32.obj
 0001:000045c6       ?appMakeDirectory@@YAXPBD@Z 004055c6 f   FileSystemWin32.obj
 0001:00004633       ?appFileType@@YAIPBD@Z     00405633 f   FileSystemWin32.obj
 0001:00004673       ?FindDir@CFileContainerArc@@IAEPAVCArcDir@1@PBD_N@Z 00405673 f   FileContainerArc.obj
 0001:0000475c       ?FindFile@CFileContainerArc@@IAEPAVCStringItem@@PBD@Z 0040575c f   FileContainerArc.obj
 0001:000047c7       ?FileExists@CFileContainerArc@@UAE_NPBD@Z 004057c7 f   FileContainerArc.obj
 0001:000047dc       ?OpenFile@CFileContainerArc@@UAEPAVCFile@@PBD@Z 004057dc f   FileContainerArc.obj
 0001:000047fb       ?List@CFileContainerArc@@UAEXAAVCFileList@@PBDI@Z 004057fb f   FileContainerArc.obj
 0001:00004968       ?SCR_StopCinematic@@YAXXZ  00405968 f   cl_cin.obj
 0001:000049fc       ?SCR_DrawCinematic@@YA_NXZ 004059fc f   cl_cin.obj
 0001:00004df3       ?SCR_PlayCinematic@@YAXPBD@Z 00405df3 f   cl_cin.obj
 0001:0000514a       ?sprintf@?$TString@$0EA@@@QAAHPBDZZ 0040614a f i cl_cin.obj
 0001:00005164       ?CL_Download_f@@YAX_NHPAPAD@Z 00406164 f   cl_download.obj
 0001:00005511       ?CL_ParseDownload@@YAXXZ   00406511 f   cl_download.obj
 0001:00005d36       ?CL_Precache_f@@YAXHPAPAD@Z 00406d36 f   cl_download.obj
 0001:00005d94       ?sprintf@?$TString@$0IA@@@QAAHPBDZZ 00406d94 f i cl_download.obj
 0001:00005db1       ?CL_ParseDelta@@YAXPAUclEntityState_t@@0HI_N@Z 00406db1 f   cl_ents.obj
 0001:00005f31       ?CL_ParseFrame@@YAXXZ      00406f31 f   cl_ents.obj
 0001:000065e6       ?CL_AddEntityBox@@YAXPAUclEntityState_t@@I@Z 004075e6 f   cl_ents.obj
 0001:000066ea       ?Lerp@@YAXABUCVec3@@0MAAU1@@Z 004076ea f i cl_ents.obj
 0001:00006721       ?CL_OffsetThirdPersonView@@YAXXZ 00407721 f   cl_ents.obj
 0001:00006809       ?CL_AddEntities@@YAXXZ     00407809 f   cl_ents.obj
 0001:0000774a       ?CL_ClearLightStyles@@YAXXZ 0040874a f   cl_fx.obj
 0001:000077cc       ?CL_SetLightstyle@@YAXHPBD@Z 004087cc f   cl_fx.obj
 0001:0000782d       ?CL_AllocDlight@@YAPAUcdlight_t@@HABUCVec3@@@Z 0040882d f   cl_fx.obj
 0001:00007898       ?CL_AllocParticleTrace@@YAPAUparticleTrace_t@@ABUCVec3@@0MM@Z 00408898 f   cl_fx.obj
 0001:00007927       ?CL_AllocParticleBeam@@YAPAUbeam_t@@ABUCVec3@@0MM@Z 00408927 f   cl_fx.obj
 0001:0000799c       ?CL_AllocParticle@@YAPAUparticle_t@@XZ 0040899c f   cl_fx.obj
 0001:000079ef       ?CL_MetalSparks@@YAXABUCVec3@@0H@Z 004089ef f   cl_fx.obj
 0001:00007aed       ?CL_AddEffects@@YAXXZ      00408aed f   cl_fx.obj
 0001:000081f4       ?CL_ClearEffects@@YAXXZ    004091f4 f   cl_fx.obj
 0001:00008276       ?CL_EntityEvent@@YAXPAUclEntityState_t@@@Z 00409276 f   cl_fx.obj
 0001:0000842d       ?CL_ParseMuzzleFlash@@YAXXZ 0040942d f   cl_fx.obj
 0001:0000879d       ?CL_ParseMuzzleFlash2@@YAXXZ 0040979d f   cl_fx.obj
 0001:00008c13       ?CL_ParticleEffect@@YAXABUCVec3@@0HH@Z 00409c13 f   cl_fx.obj
 0001:00008dfc       ?CL_ParticleEffect2@@YAXABUCVec3@@0HH@Z 00409dfc f   cl_fx.obj
 0001:00008e24       ?CL_ParticleEffect3@@YAXABUCVec3@@0HH@Z 00409e24 f   cl_fx.obj
 0001:00008e4c       ?CL_TeleporterParticles@@YAXPAUclEntityState_t@@@Z 00409e4c f   cl_fx.obj
 0001:00008e6e       ?CL_LogoutEffect@@YAXABUCVec3@@H@Z 00409e6e f   cl_fx.obj
 0001:00008ea6       ?CL_ItemRespawnParticles@@YAXABUCVec3@@@Z 00409ea6 f   cl_fx.obj
 0001:00008ec4       ?CL_ExplosionParticles@@YAXABUCVec3@@@Z 00409ec4 f   cl_fx.obj
 0001:00008ee5       ?CL_BFGExplosionParticles@@YAXABUCVec3@@@Z 00409ee5 f   cl_fx.obj
 0001:00008f06       ?CL_TrackerExplosionParticles@@YAXABUCVec3@@@Z 00409f06 f   cl_fx.obj
 0001:00008f27       ?CL_BlasterParticles@@YAXABUCVec3@@0I@Z 00409f27 f   cl_fx.obj
 0001:00008f4e       ?CL_BlasterTrail@@YAXAAUcentity_t@@@Z 00409f4e f   cl_fx.obj
 0001:00009055       ?CL_BlasterTrail2@@YAXAAUcentity_t@@@Z 0040a055 f   cl_fx.obj
 0001:0000906c       ?CL_FlagTrail@@YAXAAUcentity_t@@H@Z 0040a06c f   cl_fx.obj
 0001:0000908b       ?CL_RocketTrail@@YAXAAUcentity_t@@@Z 0040a08b f   cl_fx.obj
 0001:000090ca       ?CL_BubbleTrail@@YAXABUCVec3@@0@Z 0040a0ca f   cl_fx.obj
 0001:00009166       ?CL_BubbleTrail2@@YAXABUCVec3@@0@Z 0040a166 f   cl_fx.obj
 0001:00009180       ?CL_TagTrail@@YAXAAUcentity_t@@@Z 0040a180 f   cl_fx.obj
 0001:00009197       ?CL_DebugTrail@@YAXABUCVec3@@0@Z 0040a197 f   cl_fx.obj
 0001:000091b1       ?CL_ForceWall@@YAXABUCVec3@@0H@Z 0040a1b1 f   cl_fx.obj
 0001:000091d3       ?CL_BigTeleportParticles@@YAXABUCVec3@@@Z 0040a1d3 f   cl_fx.obj
 0001:0000930e       ?CL_BfgParticles@@YAXABUCVec3@@@Z 0040a30e f   cl_fx.obj
 0001:00009488       ?CL_FlyEffect@@YAXAAUcentity_t@@@Z 0040a488 f   cl_fx.obj
 0001:00009614       ?CL_DiminishingTrail@@YAXAAUcentity_t@@H@Z 0040a614 f   cl_fx.obj
 0001:0000976e       ?CL_RailTrail@@YAXABUCVec3@@0@Z 0040a76e f   cl_fx.obj
 0001:000098e4       ?CL_RailTrailExt@@YAXABUCVec3@@0EE@Z 0040a8e4 f   cl_fx.obj
 0001:00009a29       ?CL_IonripperTrail@@YAXAAUcentity_t@@@Z 0040aa29 f   cl_fx.obj
 0001:00009b83       ?CL_TrapParticles@@YAXABUCVec3@@@Z 0040ab83 f   cl_fx.obj
 0001:00009cf6       ?CL_TeleportParticles@@YAXABUCVec3@@@Z 0040acf6 f   cl_fx.obj
 0001:00009e2c       ?CL_Heatbeam@@YAXABUCVec3@@0@Z 0040ae2c f   cl_fx.obj
 0001:0000a0d2       ?CL_ParticleSteamEffect@@YAXABUCVec3@@0HHH@Z 0040b0d2 f   cl_fx.obj
 0001:0000a20b       ?CL_ParticleSmokeEffect@@YAXABUCVec3@@0@Z 0040b20b f   cl_fx.obj
 0001:0000a327       ?CL_TrackerTrail@@YAXAAUcentity_t@@@Z 0040b327 f   cl_fx.obj
 0001:0000a4a5       ?CL_TrackerShell@@YAXABUCVec3@@@Z 0040b4a5 f   cl_fx.obj
 0001:0000a531       ?CL_MonsterPlasmaShell@@YAXABUCVec3@@@Z 0040b531 f   cl_fx.obj
 0001:0000a5ba       ?CL_WidowSplash@@YAXABUCVec3@@@Z 0040b5ba f   cl_fx.obj
 0001:0000a69b       ?CL_InitInput@@YAXXZ       0040b69b f   cl_input.obj
 0001:0000ac49       ?CL_SendCmd@@YAXXZ         0040bc49 f   cl_input.obj
 0001:0000b22c       ?CL_WriteDemoMessage@@YAXXZ 0040c22c f   cl_main.obj
 0001:0000b26e       ?Cmd_ForwardToServer@@YAXHPAPAD@Z 0040c26e f   cl_main.obj
 0001:0000b333       ?CL_ForwardToServer_f@@YAXHPAPAD@Z 0040c333 f   cl_main.obj
 0001:0000b37c       ?CL_Pause@@YAX_N@Z         0040c37c f   cl_main.obj
 0001:0000b3c1       ?CL_Drop@@YAX_N@Z          0040c3c1 f   cl_main.obj
 0001:0000b3ec       ?CL_SendConnectPacket@@YAXXZ 0040c3ec f   cl_main.obj
 0001:0000b452       ?CL_Connect_f@@YAX_NHPAPAD@Z 0040c452 f   cl_main.obj
 0001:0000b4bf       ?CL_Rcon_f@@YAXHPAPAD@Z    0040c4bf f   cl_main.obj
 0001:0000b5ab       ?CL_Disconnect@@YAXXZ      0040c5ab f   cl_main.obj
 0001:0000b756       ?CL_Disconnect_f@@YAXXZ    0040c756 f   cl_main.obj
 0001:0000b760       ?CL_Changing_f@@YAXXZ      0040c760 f   cl_main.obj
 0001:0000b784       ?CL_Reconnect_f@@YAXXZ     0040c784 f   cl_main.obj
 0001:0000b820       ?CL_PingServers_f@@YAXXZ   0040c820 f   cl_main.obj
 0001:0000bbdc       ?CL_ConnectionlessPacket@@YAXXZ 0040cbdc f   cl_main.obj
 0001:0000bcd9       ?CL_Userinfo_f@@YAXXZ      0040ccd9 f   cl_main.obj
 0001:0000bcf4       ?CL_RegisterSounds@@YAXXZ  0040ccf4 f   cl_main.obj
 0001:0000bd33       ?CL_Snd_Restart_f@@YAXXZ   0040cd33 f   cl_main.obj
 0001:0000bd42       ?CL_WriteConfiguration@@YAXPBD@Z 0040cd42 f   cl_main.obj
 0001:0000be29       ?CL_WriteConfig_f@@YAX_NHPAPAD@Z 0040ce29 f   cl_main.obj
 0001:0000be94       ?CL_FixCvarCheats@@YAXXZ   0040ce94 f   cl_main.obj
 0001:0000bee5       ?CL_Frame@@YAXMM@Z         0040cee5 f   cl_main.obj
 0001:0000c362       ?CL_ClearState@@YAXXZ      0040d362 f   cl_main.obj
 0001:0000c3a0       ?CL_Init@@YAXXZ            0040d3a0 f   cl_main.obj
 0001:0000c84f       ?CL_Shutdown@@YAXXZ        0040d84f f   cl_main.obj
 0001:0000c8ab       ?CL_ParseClientinfo@@YAXH@Z 0040d8ab f   cl_parse.obj
 0001:0000c963       ?CL_UpdatePlayerClientInfo@@YAXXZ 0040d963 f   cl_parse.obj
 0001:0000c9a4       ?CL_ParseServerMessage@@YAXXZ 0040d9a4 f   cl_parse.obj
 0001:0000d18f       ?FreePlayerModelsInfo@@YAXXZ 0040e18f f   cl_playermodel.obj
 0001:0000d1b5       ?ScanPlayerModels@@YA_NXZ  0040e1b5 f   cl_playermodel.obj
 0001:0000d5af       ?RunAnimation@@YAXAAUclientInfo_t@@AAUanimState_t@@H@Z 0040e5af f   cl_playermodel.obj
 0001:0000d79d       ?CL_LoadClientinfo@@YAXAAUclientInfo_t@@PBD_N@Z 0040e79d f   cl_playermodel.obj
 0001:0000e42e       ?ParsePlayerEntity@@YAHAAUcentity_t@@AAUclientInfo_t@@PAUclEntityState_t@@ABUentity_t@@PAU4@HH@Z 0040f42e f   cl_playermodel.obj
 0001:0000ef87       ?CreateAndInsert@?$TList@VCStringItem@@@@QAEPAVCStringItem@@PBDPAVCMemoryChain@@@Z 0040ff87 f i cl_playermodel.obj
 0001:0000efbf       ?Insert@?$TList@VCStringItem@@@@QAE_NPAVCStringItem@@@Z 0040ffbf f i cl_playermodel.obj
 0001:0000efbf       ?Insert@?$TList@VshaderScript_t@OpenGLDrv@@@@QAE_NPAVshaderScript_t@OpenGLDrv@@@Z 0040ffbf f i cl_playermodel.obj
 0001:0000efbf       ?Insert@?$TList@VplayerModelInfo_t@@@@QAE_NPAVplayerModelInfo_t@@@Z 0040ffbf f i cl_playermodel.obj
 0001:0000eff5       ?CL_CheckPredictionError@@YAXXZ 0040fff5 f   cl_pred.obj
 0001:0000f188       ?CL_EntityTrace@@YAXAAUtrace_t@@ABUCVec3@@1ABUCBox@@H@Z 00410188 f   cl_pred.obj
 0001:0000f524       ?CL_Trace@@YAXAAUtrace_t@@ABUCVec3@@1ABUCBox@@H@Z 00410524 f   cl_pred.obj
 0001:0000f5a0       ?CL_PMpointcontents@@YAHABUCVec3@@@Z 004105a0 f   cl_pred.obj
 0001:0000f72c       ?CL_PredictMovement@@YAXXZ 0041072c f   cl_pred.obj
 0001:0000fad1       ?DrawString@@YAXHHPBD@Z    00410ad1 f   cl_scrn.obj
 0001:0000fb16       ?SCR_DebugGraph@@YAXMH@Z   00410b16 f   cl_scrn.obj
 0001:0000fb40       ?SCR_CenterPrint@@YAXPBD@Z 00410b40 f   cl_scrn.obj
 0001:0000fc46       ?Key_Message@@YAXH@Z       00410c46 f   cl_scrn.obj
 0001:0000fce6       ?SCR_SetLevelshot@@YAXPBD@Z 00410ce6 f   cl_scrn.obj
 0001:0000fddf       ?SCR_BeginLoadingPlaque@@YAXXZ 00410ddf f   cl_scrn.obj
 0001:0000fe6a       ?SCR_EndLoadingPlaque@@YAX_N@Z 00410e6a f   cl_scrn.obj
 0001:0000feef       ?SCR_LoadingNotify@@YAXPBDM@Z 00410eef f   cl_scrn.obj
 0001:0000ff19       ?SCR_ShowConsole@@YAX_N0@Z 00410f19 f   cl_scrn.obj
 0001:0000ffde       ?SCR_ToggleConsole@@YAXXZ  00410fde f   cl_scrn.obj
 0001:00010006       ?SCR_TouchPics@@YAXXZ      00411006 f   cl_scrn.obj
 0001:0001005c       ?SCR_UpdateScreen@@YAXXZ   0041105c f   cl_scrn.obj
 0001:000113ea       ?SCR_Init@@YAXXZ           004123ea f   cl_scrn.obj
 0001:0001171b       ?sprintf@?$TString@$0BA@@@QAAHPBDZZ 0041271b f i cl_scrn.obj
 0001:00011735       ?CL_RegisterTEntSounds@@YAXXZ 00412735 f   cl_tent.obj
 0001:0001198a       ?CL_RegisterTEntModels@@YAXXZ 0041298a f   cl_tent.obj
 0001:00011adb       ?CL_ClearTEnts@@YAXXZ      00412adb f   cl_tent.obj
 0001:00011b0c       ?CL_SmokeAndFlash@@YAXABUCVec3@@@Z 00412b0c f   cl_tent.obj
 0001:00011ca4       ?CL_ParseTEnt@@YAXXZ       00412ca4 f   cl_tent.obj
 0001:00012e8b       ?CL_AddTEnts@@YAXXZ        00413e8b f   cl_tent.obj
 0001:00013892       ?V_AddEntity@@YAXPAUentity_t@@@Z 00414892 f   cl_view.obj
 0001:000138d0       ?V_AddEntity2@@YAXPAUentity_t@@@Z 004148d0 f   cl_view.obj
 0001:00013902       ?AddEntityWithEffects2@@YAXPAUentity_t@@I@Z 00414902 f   cl_view.obj
 0001:000139a3       ?AddEntityWithEffects@@YAXPAUentity_t@@I@Z 004149a3 f   cl_view.obj
 0001:000139c4       ?V_AddLight@@YAXABUCVec3@@MMMM@Z 004149c4 f   cl_view.obj
 0001:00013a09       ?V_TestEntities@@YAXXZ     00414a09 f   cl_view.obj
 0001:00013b36       ?V_TestLights@@YAXXZ       00414b36 f   cl_view.obj
 0001:00013c0c       ?V_InitRenderer@@YAXXZ     00414c0c f   cl_view.obj
 0001:00014043       ?CalcFov@@YAMMMM@Z         00415043 f   cl_view.obj
 0001:000140b1       ?V_RenderView@@YA_NXZ      004150b1 f   cl_view.obj
 0001:00014d7c       ?V_Init@@YAXXZ             00415d7c f   cl_view.obj
 0001:00014e2b       ?Con_ClearNotify@@YAXXZ    00415e2b f   console.obj
 0001:00014e3a       ?Con_CheckResize@@YAXXZ    00415e3a f   console.obj
 0001:00014f61       ?Write@COutputDeviceCon@@UAEXPBD@Z 00415f61 f   console.obj
 0001:00015167       ?Con_DrawNotify@@YAX_N@Z   00416167 f   console.obj
 0001:0001533d       ?Con_DrawConsole@@YAXM@Z   0041633d f   console.obj
 0001:000155f1       ?Con_ClearTyping@@YAXXZ    004165f1 f   console.obj
 0001:0001560a       ?Key_Console@@YAXHH@Z      0041660a f   console.obj
 0001:00015a57       ?Con_Init@@YAXXZ           00416a57 f   console.obj
 0001:00015bc5       ?Key_KeynumToString@@YAPBDH@Z 00416bc5 f   keys.obj
 0001:00015c8b       ?Draw@completeMenu_t@@UAEXXZ 00416c8b f i keys.obj
 0001:00015cbc       ?KeyDown@completeMenu_t@@UAEPBDH@Z 00416cbc f i keys.obj
 0001:00015ce8       ?Init@completeMenu_t@@UAE_NXZ 00416ce8 f i keys.obj
 0001:00015e0f       ?CompleteMenuCallback@completeMenu_t@@SAXPAX@Z 00416e0f f i keys.obj
 0001:00015ea0       ?CompleteCommand@@YAXXZ    00416ea0 f   keys.obj
 0001:000165b1       ?Key_SetBinding@@YAXHPBD@Z 004175b1 f   keys.obj
 0001:000165f1       ?Key_FindBinding@@YAHPBDPAHH@Z 004175f1 f   keys.obj
 0001:0001663f       ?Key_WriteBindings@@YAXPAVCOutputDevice@@@Z 0041763f f   keys.obj
 0001:00016689       ?Key_Init@@YAXXZ           00417689 f   keys.obj
 0001:0001696d       ?Key_Event@@YAXH_N@Z       0041796d f   keys.obj
 0001:00016ccc       ?Key_ClearStates@@YAXXZ    00417ccc f   keys.obj
 0001:00016d01       ?M_ForceMenuOn@@YAXXZ      00417d01 f   menu.obj
 0001:00016d20       ?Draw@menuMain_t@@UAEXXZ   00417d20 f i menu.obj
 0001:00016e5c       ?KeyDown@menuMain_t@@UAEPBDH@Z 00417e5c f i menu.obj
 0001:00016f1d       ?Init@menuMain_t@@UAE_NXZ  00417f1d f i menu.obj
 0001:00016f25       ?M_Menu_Main_f@@YAXXZ      00417f25 f   menu.obj
 0001:00016f3f       ?Init@multiplayerMenu_t@@UAE_NXZ 00417f3f f i menu.obj
 0001:00017063       ?Init@keysMenu_t@@UAE_NXZ  00418063 f i menu.obj
 0001:00017251       ?KeyCursorDrawFunc@keysMenu_t@@SAXPAUmenuFramework_t@@@Z 00418251 f i menu.obj
 0001:00017294       ?DrawKeyBindingFunc@keysMenu_t@@SAXPAX@Z 00418294 f i menu.obj
 0001:0001735b       ?KeyDown@keysMenu_t@@UAEPBDH@Z 0041835b f i menu.obj
 0001:00017408       ?UnbindCommand@keysMenu_t@@QAEXPAD@Z 00418408 f i menu.obj
 0001:0001744d       ?KeyBindingFunc@keysMenu_t@@QAEXPAX@Z 0041844d f i menu.obj
 0001:000174af       ?Init@optionsMenu_t@@UAE_NXZ 004184af f i menu.obj
 0001:00017862       ?CrosshairFunc@optionsMenu_t@@SAXPAX@Z 00418862 f i menu.obj
 0001:0001788a       ?JoystickFunc@optionsMenu_t@@SAXPAX@Z 0041888a f i menu.obj
 0001:0001789f       ?AlwaysRunFunc@optionsMenu_t@@SAXPAX@Z 0041889f f i menu.obj
 0001:000178b4       ?MouseSpeedFunc@optionsMenu_t@@SAXPAX@Z 004188b4 f i menu.obj
 0001:000178d1       ?InvertMouseFunc@optionsMenu_t@@SAXPAX@Z 004188d1 f i menu.obj
 0001:0001790a       ?UpdateVolumeFunc@optionsMenu_t@@SAXPAX@Z 0041890a f i menu.obj
 0001:00017927       ?UpdateCDVolumeFunc@optionsMenu_t@@SAXPAX@Z 00418927 f i menu.obj
 0001:00017941       ?SetMenuItemValues@optionsMenu_t@@SAXXZ 00418941 f i menu.obj
 0001:00017a89       ?ResetDefaultsFunc@optionsMenu_t@@SAXPAX@Z 00418a89 f i menu.obj
 0001:00017a9e       ?UpdateSoundFunc@optionsMenu_t@@SAXPAX@Z 00418a9e f i menu.obj
 0001:00017ca2       ?ScanCrosshairs@optionsMenu_t@@SAXXZ 00418ca2 f i menu.obj
 0001:00017cff       ?Draw@optionsMenu_t@@UAEXXZ 00418cff f i menu.obj
 0001:00017d64       ?Draw@creditsMenu_t@@UAEXXZ 00418d64 f i menu.obj
 0001:00017e0b       ?KeyDown@creditsMenu_t@@UAEPBDH@Z 00418e0b f i menu.obj
 0001:00017e4b       ?Init@creditsMenu_t@@UAE_NXZ 00418e4b f i menu.obj
 0001:00017ecc       ?Init@gameMenu_t@@UAE_NXZ  00418ecc f i menu.obj
 0001:00018057       ?EasyGameFunc@gameMenu_t@@SAXPAX@Z 00419057 f i menu.obj
 0001:00018063       ?StartGame@gameMenu_t@@SAXPBD@Z 00419063 f i menu.obj
 0001:000180be       ?MediumGameFunc@gameMenu_t@@SAXPAX@Z 004190be f i menu.obj
 0001:000180ca       ?HardGameFunc@gameMenu_t@@SAXPAX@Z 004190ca f i menu.obj
 0001:000180e6       ?Init@savegameMenu_t@@UAE_NXZ 004190e6 f i menu.obj
 0001:000181f6       ?Create_Savestrings@savegameMenu_t@@QAEXXZ 004191f6 f i menu.obj
 0001:000182b6       ?LoadGameCallback@savegameMenu_t@@SAXPAX@Z 004192b6 f i menu.obj
 0001:000182e3       ?SaveGameCallback@savegameMenu_t@@SAXPAX@Z 004192e3 f i menu.obj
 0001:00018306       ?Draw@savegameMenu_t@@UAEXXZ 00419306 f i menu.obj
 0001:00018321       ?DrawSavegameShot@savegameMenu_t@@QAEXHH@Z 00419321 f i menu.obj
 0001:000183fc       ?Init@joinserverMenu_t@@UAE_NXZ 004193fc f i menu.obj
 0001:00018533       ?JoinServerFunc@joinserverMenu_t@@SAXPAX@Z 00419533 f i menu.obj
 0001:00018598       ?SearchLocalGames@joinserverMenu_t@@SAXXZ 00419598 f i menu.obj
 0001:00018603       ?M_AddToServerList@@YAXUnetadr_t@@PAD@Z 00419603 f   menu.obj
 0001:0001868e       ?Init@startserverMenu_t@@UAE_NXZ 0041968e f i menu.obj
 0001:00018b1c       ?DMOptionsFunc@startserverMenu_t@@SAXPAX@Z 00419b1c f i menu.obj
 0001:00018b2c       ?RulesChangeFunc@startserverMenu_t@@SAXPAX@Z 00419b2c f i menu.obj
 0001:00018ba4       ?StartServerActionFunc@startserverMenu_t@@SAXPAX@Z 00419ba4 f i menu.obj
 0001:00018bcf       ?StartServerFunc@startserverMenu_t@@SAXPAD@Z 00419bcf f i menu.obj
 0001:00018e05       ?KeyDown@startserverMenu_t@@UAEPBDH@Z 00419e05 f i menu.obj
 0001:00018e64       ?Init@dmoptionsMenu_t@@UAE_NXZ 00419e64 f i menu.obj
 0001:00019441       ?DMFlagCallback@dmoptionsMenu_t@@SAXPAX@Z 0041a441 f i menu.obj
 0001:0001961f       ?Init@downloadOptionsMenu_t@@UAE_NXZ 0041a61f f i menu.obj
 0001:000197f9       ?DownloadCallback@downloadOptionsMenu_t@@SAXPAX@Z 0041a7f9 f i menu.obj
 0001:00019867       ?Init@addressBookMenu_t@@UAE_NXZ 0041a867 f i menu.obj
 0001:0001990d       ?KeyDown@addressBookMenu_t@@UAEPBDH@Z 0041a90d f i menu.obj
 0001:0001996c       ?Init@playerConfigMenu_t@@UAE_NXZ 0041a96c f i menu.obj
 0001:00019eb3       ?HandednessCallback@playerConfigMenu_t@@SAXPAX@Z 0041aeb3 f i menu.obj
 0001:00019ec8       ?RTypeCallback@playerConfigMenu_t@@SAXPAX@Z 0041aec8 f i menu.obj
 0001:00019edd       ?RColorCallback@playerConfigMenu_t@@SAXPAX@Z 0041aedd f i menu.obj
 0001:00019ef2       ?RateCallback@playerConfigMenu_t@@SAXPAX@Z 0041aef2 f i menu.obj
 0001:00019f15       ?ModelCallback@playerConfigMenu_t@@SAXPAX@Z 0041af15 f i menu.obj
 0001:00019f49       ?SkinCallback@playerConfigMenu_t@@SAXPAX@Z 0041af49 f i menu.obj
 0001:00019f51       ?Draw@playerConfigMenu_t@@UAEXXZ 0041af51 f i menu.obj
 0001:0001a233       ?KeyDown@playerConfigMenu_t@@UAEPBDH@Z 0041b233 f i menu.obj
 0001:0001a313       ?Init@dmbrowseMenu_t@@UAE_NXZ 0041b313 f i menu.obj
 0001:0001a51c       ?KeyDown@dmbrowseMenu_t@@UAEPBDH@Z 0041b51c f i menu.obj
 0001:0001a6f4       ?Draw@dmbrowseMenu_t@@UAEXXZ 0041b6f4 f i menu.obj
 0001:0001a841       ?DrawThumbnail@dmbrowseMenu_t@@SAXHHHHPAD_N@Z 0041b841 f i menu.obj
 0001:0001a91b       ?Init@videoMenu_t@@UAE_NXZ 0041b91b f i menu.obj
 0001:0001aef4       ?ScreenSizeCallback@videoMenu_t@@SAXPAX@Z 0041bef4 f i menu.obj
 0001:0001af15       ?BrightnessCallback@videoMenu_t@@SAXPAX@Z 0041bf15 f i menu.obj
 0001:0001af36       ?ContrastCallback@videoMenu_t@@SAXPAX@Z 0041bf36 f i menu.obj
 0001:0001af72       ?CancelChanges@videoMenu_t@@SAXPAX@Z 0041bf72 f i menu.obj
 0001:0001afbf       ?KeyDown@videoMenu_t@@UAEPBDH@Z 0041bfbf f i menu.obj
 0001:0001b008       ?ApplyChanges@videoMenu_t@@SAXPAX@Z 0041c008 f i menu.obj
 0001:0001b1bf       ?KeyDown@quitMenu_t@@UAEPBDH@Z 0041c1bf f i menu.obj
 0001:0001b1fc       ?Draw@quitMenu_t@@UAEXXZ   0041c1fc f i menu.obj
 0001:0001b26c       ?M_Init@@YAXXZ             0041c26c f   menu.obj
 0001:0001b44e       ?ItemAtCursor@menuFramework_t@@QAEPAUmenuCommon_t@@XZ 0041c44e f   qmenu.obj
 0001:0001b4a2       ?AddItem@menuFramework_t@@QAEXPAUmenuCommon_t@@@Z 0041c4a2 f   qmenu.obj
 0001:0001b55e       ?AdjustCursor@menuFramework_t@@QAEXH@Z 0041c55e f   qmenu.obj
 0001:0001b6d6       ?Center@menuFramework_t@@QAEXXZ 0041c6d6 f   qmenu.obj
 0001:0001b717       ?Draw@menuFramework_t@@UAEXXZ 0041c717 f   qmenu.obj
 0001:0001bcef       ?SelectItem@menuFramework_t@@QAE_NXZ 0041ccef f   qmenu.obj
 0001:0001bd54       ?SetStatusBar@menuFramework_t@@QAEXPBD@Z 0041cd54 f   qmenu.obj
 0001:0001bd61       ?SlideItem@menuFramework_t@@QAEXH@Z 0041cd61 f   qmenu.obj
 0001:0001c2ff       ?Push@menuFramework_t@@QAEXXZ 0041d2ff f   qmenu.obj
 0001:0001c37e       ?M_ForceMenuOff@@YAXXZ     0041d37e f   qmenu.obj
 0001:0001c3ab       ?Pop@menuFramework_t@@QAEXXZ 0041d3ab f   qmenu.obj
 0001:0001c3e5       ?KeyDown@menuFramework_t@@UAEPBDH@Z 0041d3e5 f   qmenu.obj
 0001:0001c65d       ?Init@menuFramework_t@@UAE_NXZ 0041d65d f   qmenu.obj
 0001:0001c660       ?M_Draw@@YAXXZ             0041d660 f   qmenu.obj
 0001:0001c69b       ?M_Keydown@@YAXH@Z         0041d69b f   qmenu.obj
 0001:0001c6bd       ?InitRendererVars@@YAXXZ   0041d6bd f   ref_vars.obj
 0001:0001c6dc       ?S_SoundInfo_f@@YAXXZ      0041d6dc f   snd_dma.obj
 0001:0001c756       ?S_Init@@YAXXZ             0041d756 f   snd_dma.obj
 0001:0001c828       ?S_Shutdown@@YAXXZ         0041d828 f   snd_dma.obj
 0001:0001c8bb       ?S_BeginRegistration@@YAXXZ 0041d8bb f   snd_dma.obj
 0001:0001c8c9       ?S_RegisterSound@@YAPAUsfx_t@@PBD@Z 0041d8c9 f   snd_dma.obj
 0001:0001ca74       ?S_EndRegistration@@YAXXZ  0041da74 f   snd_dma.obj
 0001:0001cafd       ?S_PickChannel@@YAPAUchannel_t@@HH@Z 0041dafd f   snd_dma.obj
 0001:0001cb8b       ?S_Spatialize@@YAXPAUchannel_t@@@Z 0041db8b f   snd_dma.obj
 0001:0001cd6d       ?S_AllocPlaysound@@YAPAUplaysound_t@@XZ 0041dd6d f   snd_dma.obj
 0001:0001cd8f       ?S_FreePlaysound@@YAXPAUplaysound_t@@@Z 0041dd8f f   snd_dma.obj
 0001:0001cdc2       ?S_IssuePlaysound@@YAXPAUplaysound_t@@@Z 0041ddc2 f   snd_dma.obj
 0001:0001ce93       ?S_StartSound@@YAXPBUCVec3@@HHPAUsfx_t@@MMM@Z 0041de93 f   snd_dma.obj
 0001:0001d254       ?S_StartLocalSound@@YAXPBD@Z 0041e254 f   snd_dma.obj
 0001:0001d2a6       ?S_ClearBuffer@@YAXXZ      0041e2a6 f   snd_dma.obj
 0001:0001d30f       ?S_StopAllSounds_f@@YAXXZ  0041e30f f   snd_dma.obj
 0001:0001d37f       ?S_AddLoopSounds@@YAXXZ    0041e37f f   snd_dma.obj
 0001:0001d555       ?S_RawSamples@@YAXHHHHPAE@Z 0041e555 f   snd_dma.obj
 0001:0001d759       ?S_Update@@YAXABUCVec3@@0@Z 0041e759 f   snd_dma.obj
 0001:0001d82f       ?GetSoundtime@@YAXXZ       0041e82f f   snd_dma.obj
 0001:0001d896       ?S_Update_@@YAXXZ          0041e896 f   snd_dma.obj
 0001:0001db49       ?S_LoadSound@@YAPAUsfxcache_t@@PAUsfx_t@@@Z 0041eb49 f   snd_mem.obj
 0001:0001e0da       ?S_WriteLinearBlastStereo16@@YAXXZ 0041f0da f   snd_mix.obj
 0001:0001e144       ?S_TransferStereo16@@YAXPAKH@Z 0041f144 f   snd_mix.obj
 0001:0001e1af       ?S_TransferPaintBuffer@@YAXH@Z 0041f1af f   snd_mix.obj
 0001:0001e313       ?S_PaintChannels@@YAXH@Z   0041f313 f   snd_mix.obj
 0001:0001e58f       ?S_InitScaletable@@YAXXZ   0041f58f f   snd_mix.obj
 0001:0001e6d4       ?SV_ComputeAnimation@@YAXPAUplayer_state_t@@AAUentityStateEx_t@@PAU2@PAUedict_s@@@Z 0041f6d4 f   sv_anim.obj
 0001:0001eb82       ?SV_ReadLevelFile@@YAXXZ   0041fb82 f   sv_ccmds.obj
 0001:0001ec30       ?SV_AddressBanned@@YA_NPAUnetadr_t@@@Z 0041fc30 f   sv_ccmds.obj
 0001:0001ec74       ?SV_InitCommands@@YAXXZ    0041fc74 f   sv_ccmds.obj
 0001:000200e7       ?sprintf@?$TString@$0CI@@@QAAHPBDZZ 004210e7 f i sv_ccmds.obj
 0001:00020101       ?SV_WriteFrameToClient@@YAXPAUclient_t@@PAVsizebuf_t@@@Z 00421101 f   sv_ents.obj
 0001:00020847       ?SV_RecordDemoMessage@@YAXXZ 00421847 f   sv_ents.obj
 0001:00020a15       ?SV_MulticastOld@@YAXABUCVec3@@W4multicast_t@@@Z 00421a15 f i sv_game.obj
 0001:00020a2a       ?SV_StartSoundOld@@YAXPBUCVec3@@PAUedict_s@@HHMMM@Z 00421a2a f i sv_game.obj
 0001:000214d7       ?SV_InitGameLibrary@@YAX_N@Z 004224d7 f   sv_game.obj
 0001:000217cc       ?SV_ShutdownGameLibrary@@YAXXZ 004227cc f   sv_game.obj
 0001:00021929       ?SV_FindIndex@@YAHPBDHH_N@Z 00422929 f   sv_init.obj
 0001:00021a40       ?SV_ModelIndex@@YAHPBD@Z   00422a40 f   sv_init.obj
 0001:00021a59       ?SV_SoundIndex@@YAHPBD@Z   00422a59 f   sv_init.obj
 0001:00021a75       ?SV_ImageIndex@@YAHPBD@Z   00422a75 f   sv_init.obj
 0001:00021a91       ?SV_CreateBaseline@@YAXXZ  00422a91 f   sv_init.obj
 0001:00021b0e       ?SV_SpawnServer@@YAXPAD0W4server_state_t@@_N2@Z 00422b0e f   sv_init.obj
 0001:00021e5f       ?SV_InitGame@@YAXXZ        00422e5f f   sv_init.obj
 0001:00022087       ?SV_Map@@YAX_NPBD0@Z       00423087 f   sv_init.obj
 0001:00022249       ?SV_DropClient@@YAXPAUclient_t@@PAD@Z 00423249 f   sv_main.obj
 0001:00022c7e       ??0COutputDeviceMem@@QAE@H@Z 00423c7e f i sv_main.obj
 0001:00022caf       ?Write@COutputDeviceMem@@UAEXPBD@Z 00423caf f i sv_main.obj
 0001:00022d36       ??_ECOutputDeviceMem@@UAEPAXI@Z 00423d36 f i sv_main.obj
 0001:00022d36       ??_GCOutputDeviceMem@@UAEPAXI@Z 00423d36 f i sv_main.obj
 0001:00022d55       ??1COutputDeviceMem@@UAE@XZ 00423d55 f i sv_main.obj
 0001:00022d74       ?SV_CalcPings@@YAXXZ       00423d74 f   sv_main.obj
 0001:00022dfb       ?SV_GiveMsec@@YAXXZ        00423dfb f   sv_main.obj
 0001:00022e3a       ?SV_ReadPackets@@YAXXZ     00423e3a f   sv_main.obj
 0001:0002304d       ?SV_CheckTimeouts@@YAXXZ   0042404d f   sv_main.obj
 0001:0002315e       ?SV_PostprocessFrame@@YAXXZ 0042415e f   sv_main.obj
 0001:00023631       ?SV_MulticastHook@@YAPAVsizebuf_t@@PAV1@0@Z 00424631 f   sv_main.obj
 0001:00023a21       ?SV_TraceHook@@YAXAAUtrace_t@@ABUCVec3@@PBU2@21PAUedict_s@@H@Z 00424a21 f   sv_main.obj
 0001:00023ba0       ?SV_Frame@@YAXM@Z          00424ba0 f   sv_main.obj
 0001:00023e5d       ?SV_UserinfoChanged@@YAXPAUclient_t@@@Z 00424e5d f   sv_main.obj
 0001:00023f1f       ?SV_InitVars@@YAXXZ        00424f1f f   sv_main.obj
 0001:00023f2e       ?SV_Init@@YAXXZ            00424f2e f   sv_main.obj
 0001:00023f87       ?SV_Shutdown@@YAXPBD_N@Z   00424f87 f   sv_main.obj
 0001:00024194       ?SV_ClientPrintf@@YAXPAUclient_t@@HPBDZZ 00425194 f   sv_send.obj
 0001:000241ef       ?SV_BroadcastPrintf@@YAXHPBDZZ 004251ef f   sv_send.obj
 0001:000242c5       ?SV_BroadcastCommand@@YAXPBDZZ 004252c5 f   sv_send.obj
 0001:0002431f       ?SV_Multicast@@YAXABUCVec3@@W4multicast_t@@_N@Z 0042531f f   sv_send.obj
 0001:00024545       ?SV_StartSound@@YAXPBUCVec3@@PAUedict_s@@HHMMM_N@Z 00425545 f   sv_send.obj
 0001:00024815       ?SV_SendClientDatagram@@YA_NPAUclient_t@@@Z 00425815 f   sv_send.obj
 0001:000248d7       ?SV_DemoCompleted@@YAXXZ   004258d7 f   sv_send.obj
 0001:000248f3       ?SV_SendClientMessages@@YAXXZ 004258f3 f   sv_send.obj
 0001:00024aa6       ?SV_DrawText3D@@YAXABUCVec3@@PBDI@Z 00425aa6 f   sv_text.obj
 0001:00024ade       ?SV_ClearTexts@@YAXXZ      00425ade f   sv_text.obj
 0001:00024ae6       ?SV_DrawTexts@@YAXXZ       00425ae6 f   sv_text.obj
 0001:00024b3b       ??0?$TTextContainer@UCSVText@@$0BAAAA@@@QAE@XZ 00425b3b f i sv_text.obj
 0001:00024b60       ?SV_TokenizeString@@YAXPBD@Z 00425b60 f   sv_tokenize.obj
 0001:00024c37       ?SV_Argc@@YAHXZ            00425c37 f   sv_tokenize.obj
 0001:00024c3d       ?SV_Argv@@YAPADH@Z         00425c3d f   sv_tokenize.obj
 0001:00024c5b       ?SV_Args@@YAPADXZ          00425c5b f   sv_tokenize.obj
 0001:0002552b       ?SV_Nextserver@@YAXXZ      0042652b f   sv_user.obj
 0001:000255bf       ?SV_ClientThink@@YAXPAUclient_t@@PAUusercmd_t@@@Z 004265bf f   sv_user.obj
 0001:00025650       ?SV_ExecuteClientMessage@@YAXPAUclient_t@@@Z 00426650 f   sv_user.obj
 0001:000259a0       ?SV_ClearWorld@@YAXXZ      004269a0 f   sv_world.obj
 0001:00025ade       ?SV_UnlinkEdict@@YAXPAUedict_s@@@Z 00426ade f   sv_world.obj
 0001:00025ba4       ?SV_LinkEdict@@YAXPAUedict_s@@@Z 00426ba4 f   sv_world.obj
 0001:00026190       ?SV_AreaEdicts@@YAHABUCVec3@@0PAPAUedict_s@@HH@Z 00427190 f   sv_world.obj
 0001:0002632e       ?SV_PointContents@@YAHABUCVec3@@@Z 0042732e f   sv_world.obj
 0001:00026455       ?SV_Trace@@YAXAAUtrace_t@@ABUCVec3@@1ABUCBox@@PAUedict_s@@H@Z 00427455 f   sv_world.obj
 0001:000268d4       ?InitByteDirs@@YAXXZ       004278d4 f   anorms.obj
 0001:00026913       ?Cbuf_AddText@@YAXPBD@Z    00427913 f   cmd.obj
 0001:00026979       ?Cbuf_CopyToDefer@@YAXXZ   00427979 f   cmd.obj
 0001:000269c1       ?Cbuf_InsertFromDefer@@YAXXZ 004279c1 f   cmd.obj
 0001:00026a7d       ?Cbuf_Execute@@YAXXZ       00427a7d f   cmd.obj
 0001:00026b8d       ?Cmd_Unalias_f@@YAX_NHPAPAD@Z 00427b8d f   cmd.obj
 0001:00026c05       ?Cmd_WriteAliases@@YAXPAVCOutputDevice@@@Z 00427c05 f   cmd.obj
 0001:00026c38       ?RegisterCommand@@YA_NPBDP6AXXZI@Z 00427c38 f   cmd.obj
 0001:00026d19       ?UnregisterCommand@@YA_NPBD@Z 00427d19 f   cmd.obj
 0001:00026daa       ?ExecuteCommand@@YA_NPBD@Z 00427daa f   cmd.obj
 0001:000271ed       ?ExecuteCommand@@YA_NPBDPBUCSimpleCommand@@H@Z 004281ed f   cmd.obj
 0001:0002762f       ?CM_LoadMap@@YAPAUcmodel_t@@PBD_NPAI@Z 0042862f f   cmodel.obj
 0001:00027d99       ?SetSignbits@cplane_t@@QAEXXZ 00428d99 f i cmodel.obj
 0001:00027dcd       ?SetType@cplane_t@@QAEXXZ  00428dcd f i cmodel.obj
 0001:00027e42       ?LoadLeafBrushes@@YAXPAGH@Z 00428e42 f i cmodel.obj
 0001:000282ae       ?CM_InlineModel@@YAPAUcmodel_t@@PBD@Z 004292ae f   cmodel.obj
 0001:000282f2       ?CM_NumClusters@@YAHXZ     004292f2 f   cmodel.obj
 0001:000282f8       ?CM_NumInlineModels@@YAHXZ 004292f8 f   cmodel.obj
 0001:000282fe       ?CM_EntityString@@YAPBDXZ  004292fe f   cmodel.obj
 0001:00028304       ?CM_LeafContents@@YAHH@Z   00429304 f   cmodel.obj
 0001:0002832e       ?CM_LeafCluster@@YAHH@Z    0042932e f   cmodel.obj
 0001:000283a4       ?CM_LeafArea@@YAHH@Z       004293a4 f   cmodel.obj
 0001:00028512       ?CM_HeadnodeForBox@@YAHABUCBox@@@Z 00429512 f   cmodel.obj
 0001:00028595       ?CM_PointLeafnum@@YAHABUCVec3@@H@Z 00429595 f   cmodel.obj
 0001:000286cd       ?DistanceTo@cplane_t@@QAEMABUCVec3@@@Z 004296cd f i cmodel.obj
 0001:00028712       ?CM_PointContents@@YAHABUCVec3@@H@Z 00429712 f   cmodel.obj
 0001:00028787       ?CM_TransformedPointContents@@YAHABUCVec3@@H00@Z 00429787 f   cmodel.obj
 0001:00028868       ?CM_TransformedPointContents@@YAHABUCVec3@@H0ABUCAxis@@@Z 00429868 f   cmodel.obj
 0001:00028913       ?CM_BoxLeafnums@@YAHABUCBox@@PAHH1H@Z 00429913 f   cmodel.obj
 0001:00028a26       ?BOX_ON_PLANE_SIDE@@YAHABUCBox@@ABUcplane_t@@@Z 00429a26 f i cmodel.obj
 0001:00028a91       ?CM_BoxTrace@@YAXAAUtrace_t@@ABUCVec3@@1ABUCBox@@HH@Z 00429a91 f   cmodel.obj
 0001:00029748       ?CM_TransformedBoxTrace@@YAXAAUtrace_t@@ABUCVec3@@1ABUCBox@@HH11@Z 0042a748 f   cmodel.obj
 0001:000298c5       ?CM_TransformedBoxTrace@@YAXAAUtrace_t@@ABUCVec3@@1ABUCBox@@HH1ABUCAxis@@@Z 0042a8c5 f   cmodel.obj
 0001:00029982       ?CM_BrushTrace@@YAHABUCVec3@@0PAHH@Z 0042a982 f   cmodel.obj
 0001:00029d72       ?CM_RefineBrushTrace@@YAHABUCVec3@@0PAHH@Z 0042ad72 f   cmodel.obj
 0001:00029e18       ?CM_ClusterPVS@@YAPAEH@Z   0042ae18 f   cmodel.obj
 0001:00029f65       ?CM_ClusterPHS@@YAPAEH@Z   0042af65 f   cmodel.obj
 0001:0002a0d1       ?CM_SetAreaPortalState@@YAXH_N@Z 0042b0d1 f   cmodel.obj
 0001:0002a0f9       ?CM_AreasConnected@@YA_NHH@Z 0042b0f9 f   cmodel.obj
 0001:0002a140       ?CM_WriteAreaBits@@YAHPAEH@Z 0042b140 f   cmodel.obj
 0001:0002a1e2       ?CM_WritePortalState@@YAXPAU_iobuf@@@Z 0042b1e2 f   cmodel.obj
 0001:0002a1ff       ?CM_ReadPortalState@@YAXPAU_iobuf@@@Z 0042b1ff f   cmodel.obj
 0001:0002a221       ?CM_HeadnodeVisible@@YA_NHPBE@Z 0042b221 f   cmodel.obj
 0001:0002a2fc       ?Com_DPrintf@@YAXPBDZZ     0042b2fc f   common.obj
 0001:0002a375       ?DebugPrintf@@YAXPBDZZ     0042b375 f   common.obj
 0001:0002a424       ?IPWildcard@@YA_NPAUnetadr_t@@PBD@Z 0042b424 f   common.obj
 0001:0002a4fe       ?Com_ServerState@@YA?AW4server_state_t@@XZ 0042b4fe f   common.obj
 0001:0002a504       ?Com_SetServerState@@YAXW4server_state_t@@@Z 0042b504 f   common.obj
 0001:0002a511       ?crand@@YAMXZ              0042b511 f   common.obj
 0001:0002a52f       ?Info_ValueForKey@@YAPBDPBD0@Z 0042b52f f   common.obj
 0001:0002a5ae       ?Info_SetValueForKey@@YAXPADPBD1@Z 0042b5ae f   common.obj
 0001:0002a6e5       ?Info_Print@@YAXPBD@Z      0042b6e5 f   common.obj
 0001:0002a76b       ?Com_CheckCmdlineVar@@YA_NPBD@Z 0042b76b f   common.obj
 0001:0002a7c4       ?Com_Init@@YAXPBD@Z        0042b7c4 f   common.obj
 0001:0002ab6b       ?Com_Frame@@YAXM@Z         0042bb6b f   common.obj
 0001:0002af65       ?Com_BlockSequenceCRCByte@@YAEPAEHH@Z 0042bf65 f   crc.obj
 0001:0002b01d       ?Cvar_VariableValue@@YAMPBD@Z 0042c01d f   cvar.obj
 0001:0002b094       ?Cvar_VariableInt@@YAHPBD@Z 0042c094 f   cvar.obj
 0001:0002b0ab       ?Cvar_VariableString@@YAPBDPBD@Z 0042c0ab f   cvar.obj
 0001:0002b0c7       ?Cvar_Get@@YAPAUcvar_t@@PBD0H@Z 0042c0c7 f   cvar.obj
 0001:0002b394       ?Cvar_GetVars@@YAXPBUcvarInfo_t@@H@Z 0042c394 f   cvar.obj
 0001:0002b43e       ?Cvar_FullSet@@YAXPAUcvar_t@@PBDI@Z 0042c43e f   cvar.obj
 0001:0002b45e       ?Cvar_FullSet@@YAPAUcvar_t@@PBD0I@Z 0042c45e f   cvar.obj
 0001:0002b49e       ?Cvar_SetValue@@YAPAUcvar_t@@PBDM@Z 0042c49e f   cvar.obj
 0001:0002b637       ?Cvar_SetInteger@@YAPAUcvar_t@@PBDH@Z 0042c637 f   cvar.obj
 0001:0002b65b       ?Cvar_Set@@YAPAUcvar_t@@PBD0@Z 0042c65b f   cvar.obj
 0001:0002b672       ?Cvar_ForceSet@@YAPAUcvar_t@@PBD0@Z 0042c672 f   cvar.obj
 0001:0002b689       ?Cvar_Clamp@@YAMPAUcvar_t@@MM@Z 0042c689 f   cvar.obj
 0001:0002b6e7       ?Cvar_Command@@YA_NHPAPAD@Z 0042c6e7 f   cvar.obj
 0001:0002b782       ?IsDefault@cvar_t@@QAE_NXZ 0042c782 f i cvar.obj
 0001:0002b79f       ?Cvar_WriteVariables@@YAXPAVCOutputDevice@@HHPBD@Z 0042c79f f   cvar.obj
 0001:0002b825       ?Cvar_BitInfo@@YAPBDI@Z    0042c825 f   cvar.obj
 0001:0002b877       ?Cvar_Cheats@@YAX_N@Z      0042c877 f   cvar.obj
 0001:0002c0ee       ?MSG_WriteDeltaEntity@@YAXPAVsizebuf_t@@PBUentityStateEx_t@@PAU2@_N33@Z 0042d0ee f   entdelta.obj
 0001:0002c6aa       ?MSG_WriteRemoveEntity@@YAXPAVsizebuf_t@@H@Z 0042d6aa f   entdelta.obj
 0001:0002c6ea       ?MSG_ReadEntityBits@@YAHPAVsizebuf_t@@PAIPA_N@Z 0042d6ea f   entdelta.obj
 0001:0002c75c       ?MSG_ReadDeltaEntity@@YAXPAVsizebuf_t@@PBUentityStateEx_t@@PAU2@I@Z 0042d75c f   entdelta.obj
 0001:0002c7df       ?MSG_WriteDeltaUsercmd@@YAXPAVsizebuf_t@@PBUusercmd_t@@PAU2@@Z 0042d7df f   entdelta.obj
 0001:0002c86e       ?MSG_ReadDeltaUsercmd@@YAXPAVsizebuf_t@@PBUusercmd_t@@PAU2@@Z 0042d86e f   entdelta.obj
 0001:0002cb71       ?MSG_WriteDeltaPlayerstate@@YAXPAVsizebuf_t@@PBUplayer_state_t@@PAU2@@Z 0042db71 f   entdelta.obj
 0001:0002cc7a       ?MSG_ReadDeltaPlayerstate@@YAXPAVsizebuf_t@@PBUplayer_state_t@@PAU2@@Z 0042dc7a f   entdelta.obj
 0001:0002cd34       ?LoadPCX@@YAPAEPBDAAH1AAPAE@Z 0042dd34 f   images.obj
 0001:0002ce6f       ?LoadTGA@@YAPAEPBDAAH1@Z   0042de6f f   images.obj
 0001:0002d059       ?LoadJPG@@YAPAEPBDAAH1@Z   0042e059 f   images.obj
 0001:0002d30d       ?ImageExists@@YAHPBDH@Z    0042e30d f   images.obj
 0001:0002d431       ?WriteTGA@@YA_NPBDPAEHH@Z  0042e431 f   images.obj
 0001:0002d625       ?WriteJPG@@YA_NPBDPAEHH_N@Z 0042e625 f   images.obj
 0001:0002d756       ?MD4Init@@YAXPAUMD4_CTX@@@Z 0042e756 f   md4.obj
 0001:0002d77e       ?MD4Update@@YAXPAUMD4_CTX@@PAEI@Z 0042e77e f   md4.obj
 0001:0002d81c       ?MD4Final@@YAXQAEPAUMD4_CTX@@@Z 0042e81c f   md4.obj
 0001:0002df0d       ?Com_BlockChecksum@@YAIPAXH@Z 0042ef0d f   md4.obj
 0001:0002df49       ?LoadQ2BspFile@@YAXXZ      0042ef49 f   model.obj
 0001:0002e2f1       ?LoadQ1BspFile@@YAXXZ      0042f2f1 f   model.obj
 0001:0002e522       ?LoadBspFile@@YAPAUbspfile_t@@PBD_NPAI@Z 0042f522 f   model.obj
 0001:0002f5c3       ?Init@sizebuf_t@@QAEXPAXH@Z 004305c3 f   msg.obj
 0001:0002f5e0       ?Write@sizebuf_t@@QAEXPBXH@Z 004305e0 f   msg.obj
 0001:0002f652       ?MSG_WriteChar@@YAXPAVsizebuf_t@@H@Z 00430652 f   msg.obj
 0001:0002f652       ?MSG_WriteByte@@YAXPAVsizebuf_t@@H@Z 00430652 f   msg.obj
 0001:0002f665       ?MSG_WriteShort@@YAXPAVsizebuf_t@@H@Z 00430665 f   msg.obj
 0001:0002f678       ?MSG_WriteLong@@YAXPAVsizebuf_t@@H@Z 00430678 f   msg.obj
 0001:0002f68b       ?MSG_WriteFloat@@YAXPAVsizebuf_t@@M@Z 0043068b f   msg.obj
 0001:0002f69e       ?MSG_WriteString@@YAXPAVsizebuf_t@@PBD@Z 0043069e f   msg.obj
 0001:0002f6c8       ?MSG_WritePos@@YAXPAVsizebuf_t@@ABUCVec3@@@Z 004306c8 f   msg.obj
 0001:0002f72c       ?MSG_WriteAngle@@YAXPAVsizebuf_t@@M@Z 0043072c f   msg.obj
 0001:0002f757       ?MSG_WriteAngle16@@YAXPAVsizebuf_t@@M@Z 00430757 f   msg.obj
 0001:0002f782       ?MSG_WriteDir@@YAXPAVsizebuf_t@@ABUCVec3@@@Z 00430782 f   msg.obj
 0001:0002f7ea       ?MSG_ReadDir@@YAXPAVsizebuf_t@@AAUCVec3@@@Z 004307ea f   msg.obj
 0001:0002f81d       ?MSG_ReadChar@@YAHPAVsizebuf_t@@@Z 0043081d f   msg.obj
 0001:0002f840       ?MSG_ReadByte@@YAHPAVsizebuf_t@@@Z 00430840 f   msg.obj
 0001:0002f863       ?MSG_ReadShort@@YAHPAVsizebuf_t@@@Z 00430863 f   msg.obj
 0001:0002f886       ?MSG_ReadLong@@YAHPAVsizebuf_t@@@Z 00430886 f   msg.obj
 0001:0002f8a8       ?MSG_ReadString@@YAPADPAVsizebuf_t@@@Z 004308a8 f   msg.obj
 0001:0002f8de       ?MSG_ReadPos@@YAXPAVsizebuf_t@@AAUCVec3@@@Z 004308de f   msg.obj
 0001:0002f930       ?MSG_ReadAngle@@YAMPAVsizebuf_t@@@Z 00430930 f   msg.obj
 0001:0002f94a       ?MSG_ReadAngle16@@YAMPAVsizebuf_t@@@Z 0043094a f   msg.obj
 0001:0002f964       ?MSG_ReadData@@YAXPAVsizebuf_t@@PAXH@Z 00430964 f   msg.obj
 0001:0002f987       ?Netchan_Init@@YAXXZ       00430987 f   net_chan.obj
 0001:0002f9f6       ?Netchan_OutOfBandPrint@@YAXW4netsrc_t@@Unetadr_t@@PBDZZ 004309f6 f   net_chan.obj
 0001:0002fa7b       ?Setup@netchan_t@@QAEXW4netsrc_t@@Unetadr_t@@H@Z 00430a7b f   net_chan.obj
 0001:0002fad1       ?NeedReliable@netchan_t@@QAE_NXZ 00430ad1 f   net_chan.obj
 0001:0002faf6       ?Transmit@netchan_t@@QAEXPAXH@Z 00430af6 f   net_chan.obj
 0001:0002fc8c       ?Process@netchan_t@@QAE_NPAVsizebuf_t@@@Z 00430c8c f   net_chan.obj
 0001:0002fdb9       ?Pmove@@YAXPAUpmove_t@@@Z  00430db9 f   pmove.obj
 0001:00031a1a       ?NormalizeColor@@YAMABUCVec3@@AAU1@@Z 00432a1a f   q_shared2.obj
 0001:00031a78       ?NormalizeColor255@@YAMABUCVec3@@AAU1@@Z 00432a78 f   q_shared2.obj
 0001:00031ada       ?appRsqrt@@YAMM@Z          00432ada f   q_shared2.obj
 0001:00031b06       ?AngleVectors@@YAXABUCVec3@@PAU1@11@Z 00432b06 f   q_shared2.obj
 0001:00031c67       ?MakeNormalVectors@@YAXABUCVec3@@AAU1@1@Z 00432c67 f   q_shared2.obj
 0001:00031cd6       ?Vec2Angles@@YAXABUCVec3@@AAU1@@Z 00432cd6 f   q_shared2.obj
 0001:00031dd9       ?Vec2Yaw@@YAMABUCVec3@@@Z  00432dd9 f   q_shared2.obj
 0001:00031e4c       ?VectorLength@@YAMABUCVec3@@@Z 00432e4c f   q_shared2.obj
 0001:00031e7e       ?VectorDistance@@YAMABUCVec3@@0@Z 00432e7e f   q_shared2.obj
 0001:00031eaf       ?LerpAngle@@YAMMMM@Z       00432eaf f   q_shared2.obj
 0001:00031ef3       ?AngleMod@@YAMM@Z          00432ef3 f   q_shared2.obj
 0001:00031f1f       ?AngleSubtract@@YAMMM@Z    00432f1f f   q_shared2.obj
 0001:00031f58       ?AnglesSubtract@@YAXABUCVec3@@0AAU1@@Z 00432f58 f   q_shared2.obj
 0001:00031fb1       ?Normalize@CVec3@@QAEMXZ   00432fb1 f   q_shared2.obj
 0001:00032003       ?VectorNormalize@@YAMABUCVec3@@AAU1@@Z 00433003 f   q_shared2.obj
 0001:0003206d       ?NormalizeFast@CVec3@@QAEMXZ 0043306d f   q_shared2.obj
 0001:000320be       ?cross@@YAXABUCVec3@@0AAU1@@Z 004330be f   q_shared2.obj
 0001:000320fa       ?Clear@CBox@@QAEXXZ        004330fa f   q_shared2.obj
 0001:00032118       ?Expand@CBox@@QAEXABUCVec3@@@Z 00433118 f   q_shared2.obj
 0001:0003214a       ?Expand@CBox@@QAEXABU1@@Z  0043314a f   q_shared2.obj
 0001:00032189       ?GetCenter@CBox@@QBEXAAUCVec3@@@Z 00433189 f   q_shared2.obj
 0001:000321ac       ?OnPlaneSide@CBox@@QBEHABUcplane_t@@@Z 004331ac f   q_shared2.obj
 0001:000322db       ?FromAngles@CAxis@@QAEXABUCVec3@@@Z 004332db f   q_shared2.obj
 0001:0003231a       ?TransformVector@CAxis@@QBEXABUCVec3@@AAU2@@Z 0043331a f   q_shared2.obj
 0001:0003236d       ?UnTransformVector@CAxis@@QBEXABUCVec3@@AAU2@@Z 0043336d f   q_shared2.obj
 0001:000323d1       ?TransformAxis@CAxis@@QBEXABU1@AAU1@@Z 004333d1 f   q_shared2.obj
 0001:00032417       ?UnTransformAxis@CAxis@@QBEXABU1@AAU1@@Z 00433417 f   q_shared2.obj
 0001:0003245d       ?TransformPoint@CCoords@@QBEXABUCVec3@@AAU2@@Z 0043345d f   q_shared2.obj
 0001:000324bd       ?UnTransformPoint@CCoords@@QBEXABUCVec3@@AAU2@@Z 004334bd f   q_shared2.obj
 0001:0003252a       ?UnTransformCoords@CCoords@@QBEXABU1@AAU1@@Z 0043352a f   q_shared2.obj
 0001:00032556       ?TransformPlane@CCoords@@QBEXABUcplane_t@@AAU2@@Z 00433556 f   q_shared2.obj
 0001:00032590       ?TransformPoint@@YAXABUCVec3@@ABUCAxis@@0AAU1@@Z 00433590 f   q_shared2.obj
 0001:000325f3       ?UnTransformPoint@@YAXABUCVec3@@ABUCAxis@@0AAU1@@Z 004335f3 f   q_shared2.obj
 0001:00032663       ?COM_Parse@@YAPADAAPBD_N@Z 00433663 f   q_shared2.obj
 0001:00032785       ?COM_QuoteString@@YAPBDPBD_N@Z 00433785 f   q_shared2.obj
 0001:000327fe       ?FileExists@CQuakeFileSystem@@UAE_NPBDI@Z 004337fe f i QuakeFileSystem.obj
 0001:00032865       ?CheckFilename@CQuakeFileSystem@@AAEXPBD@Z 00433865 f i QuakeFileSystem.obj
 0001:00032904       ?OpenFile@CQuakeFileSystem@@UAEPAVCFile@@PBDI@Z 00433904 f i QuakeFileSystem.obj
 0001:00032994       ?List@CQuakeFileSystem@@UAEPAVCFileList@@PBDIPAV2@@Z 00433994 f i QuakeFileSystem.obj
 0001:00032a26       ??_GCFileSystem@@UAEPAXI@Z 00433a26 f i QuakeFileSystem.obj
 0001:00032a26       ??_ECQuakeFileSystem@@UAEPAXI@Z 00433a26 f i QuakeFileSystem.obj
 0001:00032a26       ??_GCQuakeFileSystem@@UAEPAXI@Z 00433a26 f i QuakeFileSystem.obj
 0001:00032a26       ??_ECFileSystem@@UAEPAXI@Z 00433a26 f i QuakeFileSystem.obj
 0001:00032a46       ?FS_Gamedir@@YAPBDXZ       00433a46 f   QuakeFileSystem.obj
 0001:00032a4c       ?FS_NextPath@@YAPBDPBD@Z   00433a4c f   QuakeFileSystem.obj
 0001:00032a90       ?FS_CopyFile@@YAXPBD0@Z    00433a90 f   QuakeFileSystem.obj
 0001:00032b66       ?FS_CopyFiles@@YAXPBD0@Z   00433b66 f   QuakeFileSystem.obj
 0001:00032c80       ?FS_RemoveFiles@@YAXPBD@Z  00433c80 f   QuakeFileSystem.obj
 0001:00032d3b       ?InitFileSystem@@YAXXZ     00433d3b f   QuakeFileSystem.obj
 0001:00032e6f       ?Create@CFileContainerPak@@SAPAVCFileContainer@@PBDPAU_iobuf@@@Z 00433e6f f i QuakeFileSystem.obj
 0001:00032fd8       ??0CFileContainerArc@@QAE@XZ 00433fd8 f i QuakeFileSystem.obj
 0001:0003301f       ??_GCFileContainerArc@@UAEPAXI@Z 0043401f f i QuakeFileSystem.obj
 0001:0003301f       ??_ECFileContainerArc@@UAEPAXI@Z 0043401f f i QuakeFileSystem.obj
 0001:0003304e       ?GetType@CFileContainerPak@@MAEPBDXZ 0043404e f i QuakeFileSystem.obj
 0001:00033054       ?OpenLocalFile@CFileContainerPak@@MAEPAVCFile@@ABVCStringItem@@@Z 00434054 f i QuakeFileSystem.obj
 0001:000330a4       ?Read@CFilePak@CFileContainerPak@@UAEHPAXH@Z 004340a4 f i QuakeFileSystem.obj
 0001:000330de       ?GetSize@CFilePak@CFileContainerPak@@UAEHXZ 004340de f i QuakeFileSystem.obj
 0001:000330e5       ?Eof@CFilePak@CFileContainerPak@@UAE_NXZ 004340e5 f i QuakeFileSystem.obj
 0001:000330f2       ??_ECFilePak@CFileContainerPak@@UAEPAXI@Z 004340f2 f i QuakeFileSystem.obj
 0001:000330f2       ??_GCFilePak@CFileContainerPak@@UAEPAXI@Z 004340f2 f i QuakeFileSystem.obj
 0001:00033127       ??_ECFileContainerPak@@UAEPAXI@Z 00434127 f i QuakeFileSystem.obj
 0001:00033127       ??_GCFileContainerPak@@UAEPAXI@Z 00434127 f i QuakeFileSystem.obj
 0001:00033156       ?Create@CFileContainerZip@@SAPAVCFileContainer@@PBDPAU_iobuf@@@Z 00434156 f i QuakeFileSystem.obj
 0001:00033455       ?GetType@CFileContainerZip@@MAEPBDXZ 00434455 f i QuakeFileSystem.obj
 0001:0003345b       ?OpenLocalFile@CFileContainerZip@@MAEPAVCFile@@ABVCStringItem@@@Z 0043445b f i QuakeFileSystem.obj
 0001:000334f7       ??0CFilePak@CFileContainerZip@@QAE@ABVCFileInfo@1@PAU_iobuf@@@Z 004344f7 f i QuakeFileSystem.obj
 0001:00033549       ?Read@CFilePak@CFileContainerZip@@UAEHPAXH@Z 00434549 f i QuakeFileSystem.obj
 0001:00033692       ?GetSize@CFilePak@CFileContainerZip@@UAEHXZ 00434692 f i QuakeFileSystem.obj
 0001:0003369c       ?Eof@CFilePak@CFileContainerZip@@UAE_NXZ 0043469c f i QuakeFileSystem.obj
 0001:000336af       ??_GCFilePak@CFileContainerZip@@UAEPAXI@Z 004346af f i QuakeFileSystem.obj
 0001:000336af       ??_ECFilePak@CFileContainerZip@@UAEPAXI@Z 004346af f i QuakeFileSystem.obj
 0001:000336ce       ??1CFilePak@CFileContainerZip@@UAE@XZ 004346ce f i QuakeFileSystem.obj
 0001:0003373d       ??_ECFileContainerZip@@UAEPAXI@Z 0043473d f i QuakeFileSystem.obj
 0001:0003373d       ??_GCFileContainerZip@@UAEPAXI@Z 0043473d f i QuakeFileSystem.obj
 0001:0003376c       ?Mount@CZResource@@SAPAVCFileContainer@@PBDPBE0PAVCFileSystem@@@Z 0043476c f i QuakeFileSystem.obj
 0001:00033918       ?GetType@CZResource@@MAEPBDXZ 00434918 f i QuakeFileSystem.obj
 0001:0003391e       ?OpenLocalFile@CZResource@@MAEPAVCFile@@ABVCStringItem@@@Z 0043491e f i QuakeFileSystem.obj
 0001:0003394f       ??0CFileRes@CZResource@@QAE@ABVCFileInfo@1@PBXH@Z 0043494f f i QuakeFileSystem.obj
 0001:00033a02       ?Read@CFileRes@CZResource@@UAEHPAXH@Z 00434a02 f i QuakeFileSystem.obj
 0001:00033a55       ?GetSize@CFileRes@CZResource@@UAEHXZ 00434a55 f i QuakeFileSystem.obj
 0001:00033a5c       ?Eof@CFileRes@CZResource@@UAE_NXZ 00434a5c f i QuakeFileSystem.obj
 0001:00033a69       ??_ECFileRes@CZResource@@UAEPAXI@Z 00434a69 f i QuakeFileSystem.obj
 0001:00033a69       ??_GCFileRes@CZResource@@UAEPAXI@Z 00434a69 f i QuakeFileSystem.obj
 0001:00033a9b       ??_ECZResource@@UAEPAXI@Z  00434a9b f i QuakeFileSystem.obj
 0001:00033a9b       ??_GCZResource@@UAEPAXI@Z  00434a9b f i QuakeFileSystem.obj
 0001:00033aca       ?MountGame@CQuakeFileSystem@@QAEXPBD@Z 00434aca f i QuakeFileSystem.obj
 0001:00033b15       ?SetGameDir@CQuakeFileSystem@@QAE_NPBD@Z 00434b15 f i QuakeFileSystem.obj
 0001:00033d17       ?FS_Tick@@YAXXZ            00434d17 f   QuakeFileSystem.obj
 0001:00033e64       ?CDAudio_Play@@YAXH_N@Z    00434e64 f   cd_win.obj
 0001:00034057       ?CDAudio_Stop@@YAXXZ       00435057 f   cd_win.obj
 0001:00034118       ?CDAudio_Update@@YAXXZ     00435118 f   cd_win.obj
 0001:000341bb       ?CDAudio_Init@@YA_NXZ      004351bb f   cd_win.obj
 0001:000345dc       ?CDAudio_Shutdown@@YAXXZ   004355dc f   cd_win.obj
 0001:000345ff       ?CDAudio_Activate@@YAX_N@Z 004355ff f   cd_win.obj
 0001:00034616       ?IN_Init@@YAXXZ            00435616 f   in_win.obj
 0001:000348a3       ?IN_Shutdown@@YAXXZ        004358a3 f   in_win.obj
 0001:00034b04       ?IN_Activate@@YAX_N@Z      00435b04 f   in_win.obj
 0001:00034b11       ?IN_Frame@@YAXXZ           00435b11 f   in_win.obj
 0001:00034e73       ?IN_Move@@YAXPAUusercmd_t@@@Z 00435e73 f   in_win.obj
 0001:0003531e       ?NET_CompareAdr@@YA_NPAUnetadr_t@@0@Z 0043631e f   net_wins.obj
 0001:00035359       ?NET_CompareBaseAdr@@YA_NPAUnetadr_t@@0@Z 00436359 f   net_wins.obj
 0001:00035386       ?NET_AdrToString@@YAPBDPAUnetadr_t@@@Z 00436386 f   net_wins.obj
 0001:000353cc       ?NET_StringToAdr@@YA_NPBDPAUnetadr_t@@F@Z 004363cc f   net_wins.obj
 0001:000354e2       ?NET_IsLocalAddress@@YA_NPAUnetadr_t@@@Z 004364e2 f   net_wins.obj
 0001:000354f1       ?NET_GetPacket@@YA_NW4netsrc_t@@PAUnetadr_t@@PAVsizebuf_t@@@Z 004364f1 f   net_wins.obj
 0001:00035670       ?NET_SendPacket@@YAXW4netsrc_t@@HPAXUnetadr_t@@@Z 00436670 f   net_wins.obj
 0001:0003578e       ?NET_Config@@YAX_N@Z       0043678e f   net_wins.obj
 0001:00035969       ?NET_Init@@YAXXZ           00436969 f   net_wins.obj
 0001:00035a1c       ?SNDDMA_Init@@YA_NXZ       00436a1c f   snd_win.obj
 0001:00036067       ?SNDDMA_GetDMAPos@@YAHXZ   00437067 f   snd_win.obj
 0001:000360b1       ?SNDDMA_BeginPainting@@YAXXZ 004370b1 f   snd_win.obj
 0001:000361d0       ?SNDDMA_Submit@@YAXXZ      004371d0 f   snd_win.obj
 0001:000361f5       ?SNDDMA_Shutdown@@YAXXZ    004371f5 f   snd_win.obj
 0001:000361fa       ?S_Activate@@YAX_N@Z       004371fa f   snd_win.obj
 0001:0003624d       ?Write@COutputDeviceWin32Console@@UAEXPBD@Z 0043724d f i sys_win.obj
 0001:000362c5       ?EraseInput@COutputDeviceWin32Console@@QAEXXZ 004372c5 f i sys_win.obj
 0001:0003634b       ??_ECOutputDeviceWin32Console@@UAEPAXI@Z 0043734b f i sys_win.obj
 0001:0003634b       ??_GCOutputDeviceWin32Console@@UAEPAXI@Z 0043734b f i sys_win.obj
 0001:0003636b       ?Sys_ConsoleInput@@YAPADXZ 0043736b f   sys_win.obj
 0001:000365f4       ?Sys_ProcessMessages@@YAXXZ 004375f4 f   sys_win.obj
 0001:000366ad       _WinMain@16                004376ad f   sys_win.obj
 0001:000369aa       ??_GCOutputDeviceCon@@UAEPAXI@Z 004379aa f i sys_win.obj
 0001:000369aa       ??_ECOutputDeviceCon@@UAEPAXI@Z 004379aa f i sys_win.obj
 0001:00036a52       ?Init@COutputDeviceWin32Console@@QAEXXZ 00437a52 f i sys_win.obj
 0001:00036a7c       ?AddMsgHook@@YAXP6A_NIIJ@Z@Z 00437a7c f   vid_dll.obj
 0001:00036ac3       ?RemoveMsgHook@@YAXP6A_NIIJ@Z@Z 00437ac3 f   vid_dll.obj
 0001:00036af6       ?Vid_CreateWindow@@YAPAXHH_N@Z 00437af6 f   vid_dll.obj
 0001:00037218       ?Vid_DestroyWindow@@YAX_N@Z 00438218 f   vid_dll.obj
 0001:00037257       ?Vid_Restart@@YAXXZ        00438257 f   vid_dll.obj
 0001:00037263       ?Vid_GetModeInfo@@YA_NPAH0H@Z 00438263 f   vid_dll.obj
 0001:00037295       ?Vid_Tick@@YAXXZ           00438295 f   vid_dll.obj
 0001:00037446       ?Vid_Init@@YAXXZ           00438446 f   vid_dll.obj
 0001:000374e9       ?Vid_Shutdown@@YAXXZ       004384e9 f   vid_dll.obj
 0001:00037508       ?Tesselate@surfacePlanar_t@OpenGLDrv@@UAEXAAUrefEntity_t@2@@Z 00438508 f   gl_backend.obj
 0001:00037ee4       ?Negate@CVec3@@QAEXXZ      00438ee4 f i gl_backend.obj
 0001:00039d91       ?Tesselate@surfacePoly_t@OpenGLDrv@@UAEXAAUrefEntity_t@2@@Z 0043ad91 f   gl_backend.obj
 0001:00039e98       ?Tesselate@surfaceMd3_t@OpenGLDrv@@UAEXAAUrefEntity_t@2@@Z 0043ae98 f   gl_backend.obj
 0001:0003a227       ?DrawTriangles@OpenGLDrv@@YA_NXZ 0043b227 f   gl_backend.obj
 0001:0003a33c       ?DrawNormals@OpenGLDrv@@YA_NXZ 0043b33c f   gl_backend.obj
 0001:0003a446       ?Tesselate@surfaceEntity_t@OpenGLDrv@@UAEXAAUrefEntity_t@2@@Z 0043b446 f   gl_backend.obj
 0001:0003a52a       ?Tesselate@surfaceParticle_t@OpenGLDrv@@UAEXAAUrefEntity_t@2@@Z 0043b52a f   gl_backend.obj
 0001:0003a77a       ?BK_DrawScene@OpenGLDrv@@YAXXZ 0043b77a f   gl_backend.obj
 0001:0003ada5       ?BK_DrawPic@OpenGLDrv@@YAXPAVshader_t@1@HHHHMMMMIE@Z 0043bda5 f   gl_backend.obj
 0001:0003af86       ?BK_DrawText@OpenGLDrv@@YAXPBDHHHHHI@Z 0043bf86 f   gl_backend.obj
 0001:0003b17b       ?BK_BeginFrame@OpenGLDrv@@YAXXZ 0043c17b f   gl_backend.obj
 0001:0003b1df       ?BK_EndFrame@OpenGLDrv@@YAXXZ 0043c1df f   gl_backend.obj
 0001:0003b21e       ?BK_Init@OpenGLDrv@@YAXXZ  0043c21e f   gl_backend.obj
 0001:0003b24d       ?BK_Shutdown@OpenGLDrv@@YAXXZ 0043c24d f   gl_backend.obj
 0001:0003b265       ?AllocDynamicMemory@OpenGLDrv@@YAPAXH@Z 0043c265 f   gl_buffers.obj
 0001:0003b2d3       ?ResizeDynamicMemory@OpenGLDrv@@YAXPAXH@Z 0043c2d3 f   gl_buffers.obj
 0001:0003b318       ?AddSurfaceToPortal@OpenGLDrv@@YAXPAVsurfaceBase_t@1@PAVshader_t@1@HH@Z 0043c318 f   gl_buffers.obj
 0001:0003b389       ?InsertShaderIndex@OpenGLDrv@@YAXH@Z 0043c389 f   gl_buffers.obj
 0001:0003b3c5       ?ClearPortal@OpenGLDrv@@YAXXZ 0043c3c5 f   gl_buffers.obj
 0001:0003b3e3       ?SortSurfaces@OpenGLDrv@@YAXPAUviewPortal_t@1@PAPAUsurfaceInfo_t@1@@Z 0043c3e3 f   gl_buffers.obj
 0001:0003b575       ?ClearBuffers@OpenGLDrv@@YAXXZ 0043c575 f   gl_buffers.obj
 0001:0003b58c       ?CreateBuffers@OpenGLDrv@@YAXXZ 0043c58c f   gl_buffers.obj
 0001:0003b5b2       ?FreeBuffers@OpenGLDrv@@YAXXZ 0043c5b2 f   gl_buffers.obj
 0001:0003b5d6       ?InitEntity@model_t@OpenGLDrv@@UAE_NPAUentity_t@@PAUrefEntity_t@2@@Z 0043c5d6 f   gl_frontend.obj
 0001:0003b5db       ?AddSurfaces@model_t@OpenGLDrv@@UAEXPAUrefEntity_t@2@@Z 0043c5db f   gl_frontend.obj
 0001:0003b60c       ?GetLeaf@model_t@OpenGLDrv@@UAEPAUnode_t@2@PAUrefEntity_t@2@@Z 0043c60c f   gl_frontend.obj
 0001:0003b620       ?DrawLabel@model_t@OpenGLDrv@@UAEXPAUrefEntity_t@2@@Z 0043c620 f   gl_frontend.obj
 0001:0003b623       ?InitEntity@inlineModel_t@OpenGLDrv@@UAE_NPAUentity_t@@PAUrefEntity_t@2@@Z 0043c623 f   gl_frontend.obj
 0001:0003b675       ?AddSurfaces@inlineModel_t@OpenGLDrv@@UAEXPAUrefEntity_t@2@@Z 0043c675 f   gl_frontend.obj
 0001:0003bb64       ?GetLeaf@inlineModel_t@OpenGLDrv@@UAEPAUnode_t@2@PAUrefEntity_t@2@@Z 0043cb64 f   gl_frontend.obj
 0001:0003bd0c       ?DrawLabel@inlineModel_t@OpenGLDrv@@UAEXPAUrefEntity_t@2@@Z 0043cd0c f   gl_frontend.obj
 0001:0003bd55       ?InitEntity@md3Model_t@OpenGLDrv@@UAE_NPAUentity_t@@PAUrefEntity_t@2@@Z 0043cd55 f   gl_frontend.obj
 0001:0003bf33       ?AddSurfaces@md3Model_t@OpenGLDrv@@UAEXPAUrefEntity_t@2@@Z 0043cf33 f   gl_frontend.obj
 0001:0003c06d       ?GetLeaf@md3Model_t@OpenGLDrv@@UAEPAUnode_t@2@PAUrefEntity_t@2@@Z 0043d06d f   gl_frontend.obj
 0001:0003c0a8       ?DrawLabel@md3Model_t@OpenGLDrv@@UAEXPAUrefEntity_t@2@@Z 0043d0a8 f   gl_frontend.obj
 0001:0003c111       ?InitEntity@sprModel_t@OpenGLDrv@@UAE_NPAUentity_t@@PAUrefEntity_t@2@@Z 0043d111 f   gl_frontend.obj
 0001:0003c134       ?AddSurfaces@sprModel_t@OpenGLDrv@@UAEXPAUrefEntity_t@2@@Z 0043d134 f   gl_frontend.obj
 0001:0003c2b7       ?GetLeaf@sprModel_t@OpenGLDrv@@UAEPAUnode_t@2@PAUrefEntity_t@2@@Z 0043d2b7 f   gl_frontend.obj
 0001:0003c39b       ?AddEntity@OpenGLDrv@@YAXPAUentity_t@@@Z 0043d39b f   gl_frontend.obj
 0001:0003c52a       ?AddDlight@OpenGLDrv@@YAXPAUdlight_t@@@Z 0043d52a f   gl_frontend.obj
 0001:0003c6e2       ?DrawPortal@OpenGLDrv@@YAXXZ 0043d6e2 f   gl_frontend.obj
 0001:0003e75e       ?GL_TextureMode@OpenGLDrv@@YAXPBD@Z 0043f75e f   gl_image.obj
 0001:0003e809       ?CreateImage@OpenGLDrv@@YAPAVimage_t@1@PBDPAXHHI@Z 0043f809 f   gl_image.obj
 0001:0003f5ad       ?CreateImage8@OpenGLDrv@@YAPAVimage_t@1@PBDPAXHHIPAI@Z 004405ad f   gl_image.obj
 0001:0003f68c       ?LoadDelayedImages@OpenGLDrv@@YAXXZ 0044068c f   gl_image.obj
 0001:0003f71f       ?DrawStretchRaw8@OpenGLDrv@@YAXHHHHHHPAEPAI@Z 0044071f f   gl_image.obj
 0001:0003fa52       ?SetupGamma@OpenGLDrv@@YAXXZ 00440a52 f   gl_image.obj
 0001:0003fb98       ?PerformScreenshot@OpenGLDrv@@YAXXZ 00440b98 f   gl_image.obj
 0001:0003fe09       ?InitImages@OpenGLDrv@@YAXXZ 00440e09 f   gl_image.obj
 0001:000405e2       ?ShutdownImages@OpenGLDrv@@YAXXZ 004415e2 f   gl_image.obj
 0001:00040649       ?ShowImages@OpenGLDrv@@YAXXZ 00441649 f   gl_image.obj
 0001:000408d5       ?FindImage@OpenGLDrv@@YAPAVimage_t@1@PBDI@Z 004418d5 f   gl_image.obj
 0001:00040c42       ?GL_Lock@OpenGLDrv@@YAXXZ  00441c42 f   gl_interface.obj
 0001:00040cba       ?GL_Unlock@OpenGLDrv@@YAXXZ 00441cba f   gl_interface.obj
 0001:00040e7c       ?GL_Bind@OpenGLDrv@@YAXPBVimage_t@1@@Z 00441e7c f   gl_interface.obj
 0001:00040faf       ?GL_BindForce@OpenGLDrv@@YAXPBVimage_t@1@@Z 00441faf f   gl_interface.obj
 0001:00041030       ?GL_TexEnv@OpenGLDrv@@YAXI@Z 00442030 f   gl_interface.obj
 0001:000411af       ?GL_TexMipBias@OpenGLDrv@@YAXM@Z 004421af f   gl_interface.obj
 0001:0004120b       ?GL_TexEnvColor@OpenGLDrv@@YAXPBTcolor_t@@@Z 0044220b f   gl_interface.obj
 0001:000412bb       ?GL_SelectTexture@OpenGLDrv@@YAXH@Z 004422bb f   gl_interface.obj
 0001:0004131e       ?GL_TexCoordPointer@OpenGLDrv@@YAXPAX@Z 0044231e f   gl_interface.obj
 0001:00041351       ?GL_SetMultitexture@OpenGLDrv@@YAXH@Z 00442351 f   gl_interface.obj
 0001:00041442       ?GL_DisableTexCoordArrays@OpenGLDrv@@YAXXZ 00442442 f   gl_interface.obj
 0001:00041496       ?GL_CullFace@OpenGLDrv@@YAXW4gl_cullMode_t@1@@Z 00442496 f   gl_interface.obj
 0001:000414ea       ?GL_DepthRange@OpenGLDrv@@YAXW4gl_depthMode_t@1@@Z 004424ea f   gl_interface.obj
 0001:00041520       ?GL_State@OpenGLDrv@@YAXI@Z 00442520 f   gl_interface.obj
 0001:00041670       ?GL_EnableFog@OpenGLDrv@@YAX_N@Z 00442670 f   gl_interface.obj
 0001:0004174a       ?GL_SetDefaultState@OpenGLDrv@@YAXXZ 0044274a f   gl_interface.obj
 0001:000418a1       ?GL_Set2DMode@OpenGLDrv@@YAXXZ 004428a1 f   gl_interface.obj
 0001:0004199c       ?GL_Set3DMode@OpenGLDrv@@YAXPAUviewPortal_t@1@@Z 0044299c f   gl_interface.obj
 0001:00041a87       ?ShowLights@OpenGLDrv@@YAXXZ 00442a87 f   gl_light.obj
 0001:00041e70       ?LightForEntity@OpenGLDrv@@YAXPAUrefEntity_t@1@@Z 00442e70 f   gl_light.obj
 0001:0004310b       ?DiffuseLight@OpenGLDrv@@YAXPATcolor_t@@M@Z 0044410b f   gl_light.obj
 0001:00043357       ?InitLightGrid@OpenGLDrv@@YAXXZ 00444357 f   gl_light.obj
 0001:000433fd       ?PostLoadLights@OpenGLDrv@@YAXXZ 004443fd f   gl_light.obj
 0001:00043697       ?LM_Init@OpenGLDrv@@YAXXZ  00444697 f   gl_lightmap.obj
 0001:000436ad       ?LM_Flush@OpenGLDrv@@YAXPAUlightmapBlock_t@1@@Z 004446ad f   gl_lightmap.obj
 0001:0004370d       ?LM_Done@OpenGLDrv@@YAXXZ  0044470d f   gl_lightmap.obj
 0001:00043734       ?LM_Save@OpenGLDrv@@YAXPAUlightmapBlock_t@1@@Z 00444734 f   gl_lightmap.obj
 0001:0004374f       ?LM_Restore@OpenGLDrv@@YAXPAUlightmapBlock_t@1@@Z 0044474f f   gl_lightmap.obj
 0001:0004376a       ?LM_NewBlock@OpenGLDrv@@YAPAUlightmapBlock_t@1@XZ 0044476a f   gl_lightmap.obj
 0001:000437c9       ?LM_Rewind@OpenGLDrv@@YAXXZ 004447c9 f   gl_lightmap.obj
 0001:000437d1       ?LM_NextBlock@OpenGLDrv@@YAPAUlightmapBlock_t@1@XZ 004447d1 f   gl_lightmap.obj
 0001:000437fe       ?LM_CheckMinlight@OpenGLDrv@@YAXPAUdynamicLightmap_t@1@@Z 004447fe f   gl_lightmap.obj
 0001:00043894       ?LM_AllocBlock@OpenGLDrv@@YA_NPAUlightmapBlock_t@1@PAUdynamicLightmap_t@1@@Z 00444894 f   gl_lightmap.obj
 0001:000439ba       ?LM_PutBlock@OpenGLDrv@@YAXPAUdynamicLightmap_t@1@@Z 004449ba f   gl_lightmap.obj
 0001:00043e2e       ?LM_PutBlock1@OpenGLDrv@@YAXPAUdynamicLightmap_t@1@@Z 00444e2e f   gl_lightmap.obj
 0001:00043f7f       ?LM_SortLightStyles@OpenGLDrv@@YAXPAUdynamicLightmap_t@1@@Z 00444f7f f   gl_lightmap.obj
 0001:00044011       ?UpdateDynamicLightmap@OpenGLDrv@@YAXPAVsurfacePlanar_t@1@_NI@Z 00445011 f   gl_lightmap.obj
 0001:00044857       ?LM_IsMonotone@OpenGLDrv@@YA_NPAUdynamicLightmap_t@1@PATcolor_t@@@Z 00445857 f   gl_lightmap.obj
 0001:0004495e       ?Init@OpenGLDrv@@YA_NXZ    0044595e f   gl_main.obj
 0001:00044fa3       ?Shutdown@OpenGLDrv@@YAX_N@Z 00445fa3 f   gl_main.obj
 0001:0004502c       ?GL_EnableRendering@OpenGLDrv@@YAX_N@Z 0044602c f   gl_main.obj
 0001:0004504a       ?BeginFrame@OpenGLDrv@@YAXN@Z 0044604a f   gl_main.obj
 0001:00045177       ?EndFrame@OpenGLDrv@@YAXXZ 00446177 f   gl_main.obj
 0001:0004518f       ?RenderFrame@OpenGLDrv@@YAXPAUrefdef_t@@@Z 0044618f f   gl_main.obj
 0001:00045a57       ?Fill8@OpenGLDrv@@YAXHHHHH@Z 00446a57 f   gl_main.obj
 0001:00045a9a       ?Fill@OpenGLDrv@@YAXHHHHI@Z 00446a9a f   gl_main.obj
 0001:00045ad6       ?TileClear@OpenGLDrv@@YAXHHHHPBD@Z 00446ad6 f   gl_main.obj
 0001:00045b77       ?DrawStretchPic@OpenGLDrv@@YAXHHHHPBD@Z 00446b77 f   gl_main.obj
 0001:00045bbc       ?DrawDetailedPic@OpenGLDrv@@YAXHHHHPBD@Z 00446bbc f   gl_main.obj
 0001:00045c66       ?DrawPic@OpenGLDrv@@YAXHHPBDHH@Z 00446c66 f   gl_main.obj
 0001:00045cee       ?LoadNewWorld@OpenGLDrv@@YAXPBD@Z 00446cee f   gl_main.obj
 0001:00045d23       ?DumpLoadStats@OpenGLDrv@@YAXXZ 00446d23 f   gl_main.obj
 0001:00045da9       ?FinishLoadingWorld@OpenGLDrv@@YAXXZ 00446da9 f   gl_main.obj
 0001:00045dae       ?RegisterPic@OpenGLDrv@@YAPAVCBasicImage@@PBD@Z 00446dae f   gl_main.obj
 0001:00045dc2       ?RegisterSkin@OpenGLDrv@@YAPAVCBasicImage@@PBD_N@Z 00446dc2 f   gl_main.obj
 0001:00045de2       ?RegisterModel@OpenGLDrv@@YAPAVCRenderModel@@PBD@Z 00446de2 f   gl_main.obj
 0001:00045df0       ?SetSky@OpenGLDrv@@YAXPBDMABUCVec3@@@Z 00446df0 f   gl_main.obj
 0001:00045e8e       ?Screenshot@OpenGLDrv@@YAXHPBD@Z 00446e8e f   gl_main.obj
 0001:00045eb7       ?GetClientLight@OpenGLDrv@@YAMXZ 00446eb7 f   gl_main.obj
 0001:00045ebe       ?InitFuncTables@OpenGLDrv@@YAXXZ 00446ebe f   gl_math.obj
 0001:00046064       ?BuildRotationAxis@OpenGLDrv@@YAXAAUCAxis@@ABUCVec3@@M@Z 00447064 f   gl_math.obj
 0001:0004615b       ?GetBoxRect@OpenGLDrv@@YA_NPBUrefEntity_t@1@ABUCVec3@@QAM2_N@Z 0044715b f   gl_math.obj
 0001:00046465       ?ProjectToScreen@OpenGLDrv@@YA_NABUCVec3@@QAH@Z 00447465 f   gl_math.obj
 0001:000465a8       ?SaturateColor3f@OpenGLDrv@@YAXAAUCVec3@@@Z 004475a8 f   gl_math.obj
 0001:00046698       ?SaturateColor4b@OpenGLDrv@@YAXPATcolor_t@@@Z 00447698 f   gl_math.obj
 0001:000467a6       ?SubdividePlane@OpenGLDrv@@YAHPAPAUCVec3@@HM@Z 004477a6 f   gl_poly.obj
 0001:00046c85       ?FreeSubdividedPlane@OpenGLDrv@@YAXXZ 00447c85 f   gl_poly.obj
 0001:00046c9d       ?GetSubdivideIndexes@OpenGLDrv@@YAXPAH@Z 00447c9d f   gl_poly.obj
 0001:00046cf3       ?RemoveCollinearPoints@OpenGLDrv@@YAHPAPAUCVec3@@H@Z 00447cf3 f   gl_poly.obj
 0001:00046de9       ?GetPolyArea@OpenGLDrv@@YAMPAPAUCVec3@@H@Z 00447de9 f   gl_poly.obj
 0001:00046e7d       ?InitShaders@OpenGLDrv@@YAXXZ 00447e7d f   gl_shader.obj
 0001:00047018       ?ShutdownShaders@OpenGLDrv@@YAXXZ 00448018 f   gl_shader.obj
 0001:00047056       ?GetLightmapImage@OpenGLDrv@@YAPAVimage_t@1@H@Z 00448056 f   gl_shader.obj
 0001:00047081       ?SetShaderLightmap@OpenGLDrv@@YAPAVshader_t@1@PAV21@H@Z 00448081 f   gl_shader.obj
 0001:0004739b       ??4shader_t@OpenGLDrv@@QAEAAV01@ABV01@@Z 0044839b f i gl_shader.obj
 0001:000475d1       ?SetShaderLightstyles@OpenGLDrv@@YAPAVshader_t@1@PAV21@I@Z 004485d1 f   gl_shader.obj
 0001:0004766d       ?GetAlphaShader@OpenGLDrv@@YAPAVshader_t@1@PAV21@@Z 0044866d f   gl_shader.obj
 0001:00047a5a       ?FindShader@OpenGLDrv@@YAPAVshader_t@1@PBDI@Z 00448a5a f   gl_shader.obj
 0001:0004948f       ?GetShaderByNum@OpenGLDrv@@YAPAVshader_t@1@H@Z 0044a48f f   gl_shader.obj
 0001:000494b1       ?ResetShaders@OpenGLDrv@@YAXXZ 0044a4b1 f   gl_shader.obj
 0001:0004969c       ?Reload@shader_t@OpenGLDrv@@UAEXXZ 0044a69c f   gl_shader.obj
 0001:000496cb       ?ClearSky@OpenGLDrv@@YAXXZ 0044a6cb f   gl_sky.obj
 0001:00049728       ?AddSkySurface@OpenGLDrv@@YAXPAVsurfacePlanar_t@1@E@Z 0044a728 f   gl_sky.obj
 0001:00049cf0       ?DrawSky@OpenGLDrv@@YAXXZ  0044acf0 f   gl_sky.obj
 0001:0004a394       ?DrawChar@OpenGLDrv@@YAXHHHH@Z 0044b394 f   gl_text.obj
 0001:0004a3ee       ?ClearTexts@OpenGLDrv@@YAXXZ 0044b3ee f   gl_text.obj
 0001:0004a403       ?FlushTexts@OpenGLDrv@@YAXXZ 0044b403 f   gl_text.obj
 0001:0004a4af       ?DrawTextPos@OpenGLDrv@@YAXHHPBDI@Z 0044b4af f   gl_text.obj
 0001:0004a4db       ?DrawTextLeft@OpenGLDrv@@YAXPBDI@Z 0044b4db f   gl_text.obj
 0001:0004a563       ?DrawTextRight@OpenGLDrv@@YAXPBDI@Z 0044b563 f   gl_text.obj
 0001:0004a5ad       ?DrawText3D@OpenGLDrv@@YAXABUCVec3@@PBDI@Z 0044b5ad f   gl_text.obj
 0001:0004a5da       ?InitTexts@OpenGLDrv@@YAXXZ 0044b5da f   gl_text.obj
 0001:0004a5f4       ??0?$TTextContainer@UCRText@OpenGLDrv@@$0BAAAA@@@QAE@XZ 0044b5f4 f i gl_text.obj
 0001:0004a619       ?FindModel@OpenGLDrv@@YAPAVmodel_t@1@PBD@Z 0044b619 f   gl_model.obj
 0001:0004a7f5       ?FreeModels@OpenGLDrv@@YAXXZ 0044b7f5 f   gl_model.obj
 0001:0004a867       ?InitModels@OpenGLDrv@@YAXXZ 0044b867 f   gl_model.obj
 0001:0004a95d       ?ShutdownModels@OpenGLDrv@@YAXXZ 0044b95d f   gl_model.obj
 0001:0004a96e       ?LoadWorldMap@OpenGLDrv@@YAXPBD@Z 0044b96e f   gl_bspmodel.obj
 0001:0004cbb7       ?PointInLeaf@OpenGLDrv@@YAPAUnode_t@1@ABUCVec3@@@Z 0044dbb7 f   gl_bspmodel.obj
 0001:0004cc02       ?LerpTag@model_t@OpenGLDrv@@UBE_NHHMPBDAAUCCoords@@@Z 0044dc02 f   gl_trimodel.obj
 0001:0004cc10       ?LerpTag@md3Model_t@OpenGLDrv@@UBE_NHHMPBDAAUCCoords@@@Z 0044dc10 f   gl_trimodel.obj
 0001:0004cd20       ?LoadMd2@OpenGLDrv@@YAPAVmd3Model_t@1@PBDPAEI@Z 0044dd20 f   gl_trimodel.obj
 0001:0004d8b5       ?ATAN2_FUNC@OpenGLDrv@@YAMMM@Z 0044e8b5 f i gl_trimodel.obj
 0001:0004da6b       ?LoadMd3@OpenGLDrv@@YAPAVmd3Model_t@1@PBDPAEI@Z 0044ea6b f   gl_trimodel.obj
 0001:0004df4c       ?LoadSp2@OpenGLDrv@@YAPAVsprModel_t@1@PBDPAEI@Z 0044ef4c f   gl_trimodel.obj
 0001:0004e177       ?LoadSpr@OpenGLDrv@@YAPAVsprModel_t@1@PBDPAEI@Z 0044f177 f   gl_trimodel.obj
 0001:0004f8ea       ?QGL_Init@OpenGLDrv@@YA_NPBD@Z 004508ea f   GLBind.obj
 0001:0004f9d6       ?QGL_Shutdown@OpenGLDrv@@YAXXZ 004509d6 f   GLBind.obj
 0001:0004fa13       ?QGL_InitExtensions@OpenGLDrv@@YAXXZ 00450a13 f   GLBind.obj
 0001:0004fefd       ?QGL_PrintExtensionsString@OpenGLDrv@@YAXPBD00@Z 00450efd f   GLBind.obj
 0001:0005004a       ?QGL_EnableLogging@OpenGLDrv@@YAX_N@Z 0045104a f   GLBind.obj
 0001:000500f3       ?QGL_LogMessage@OpenGLDrv@@YAXPBD@Z 004510f3 f   GLBind.obj
 0001:0005010c       ?QGL_SwapBuffers@OpenGLDrv@@YAXXZ 0045110c f   GLBind.obj
 0001:0005018e       ?GLimp_HasGamma@OpenGLDrv@@YA_NXZ 0045118e f   gl_win.obj
 0001:000501a2       ?GLimp_SetGamma@OpenGLDrv@@YAXM@Z 004511a2 f   gl_win.obj
 0001:00050348       ?GLimp_SetMode@OpenGLDrv@@YA_NPAI0H_N@Z 00451348 f   gl_win.obj
 0001:0005071f       ?GLimp_Shutdown@OpenGLDrv@@YAX_N@Z 0045171f f   gl_win.obj
 0001:000507cf       ?AppActivate@OpenGLDrv@@YAX_N@Z 004517cf f   gl_win.obj
 0001:00050842       _jpeg_CreateDecompress     00451842 f   libs:jdapimin.obj
 0001:00050902       _jpeg_destroy_compress     00451902 f   libs:jdapimin.obj
 0001:00050902       _jpeg_destroy_decompress   00451902 f   libs:jdapimin.obj
 0001:0005090d       _jpeg_read_header          0045190d f   libs:jdapimin.obj
 0001:0005096f       _jpeg_consume_input        0045196f f   libs:jdapimin.obj
 0001:00050bbe       _jpeg_finish_decompress    00451bbe f   libs:jdapimin.obj
 0001:00050c55       _jpeg_start_decompress     00451c55 f   libs:jdapistd.obj
 0001:00050dc2       _jpeg_read_scanlines       00451dc2 f   libs:jdapistd.obj
 0001:00050e46       _jpeg_resync_to_restart    00451e46 f   libs:jdmarker.obj
 0001:0005100b       _jinit_marker_reader       0045200b f   libs:jdmarker.obj
 0001:000524d6       _jpeg_CreateCompress       004534d6 f   libs:jcapimin.obj
 0001:0005258a       _jpeg_suppress_tables      0045358a f   libs:jcapimin.obj
 0001:000525d4       _jpeg_finish_compress      004535d4 f   libs:jcapimin.obj
 0001:000526be       _jpeg_start_compress       004536be f   libs:jcapistd.obj
 0001:0005272a       _jpeg_write_scanlines      0045372a f   libs:jcapistd.obj
 0001:000527d5       _jpeg_add_quant_table      004537d5 f   libs:jcparam.obj
 0001:00052887       _jpeg_quality_scaling      00453887 f   libs:jcparam.obj
 0001:000528ae       _jpeg_set_quality          004538ae f   libs:jcparam.obj
 0001:000528e8       _jpeg_set_defaults         004538e8 f   libs:jcparam.obj
 0001:00052aae       _jpeg_default_colorspace   00453aae f   libs:jcparam.obj
 0001:00052afe       _jpeg_set_colorspace       00453afe f   libs:jcparam.obj
 0001:00052e19       _jpeg_stdio_dest           00453e19 f   libs:jdatadst.obj
 0001:00052f19       _inflateReset              00453f19 f   libs:inflate.obj
 0001:00052f67       _inflateInit2_             00453f67 f   libs:inflate.obj
 0001:00053020       _inflate                   00454020 f   libs:inflate.obj
 0001:000542f5       _inflateEnd                004552f5 f   libs:inflate.obj
 0001:00054453       _crc32                     00455453 f   libs:crc32.obj
 0001:000546ed       _jinit_input_controller    004556ed f   libs:jdinput.obj
[...]
 0001:00061a00       _process_restart           00462a00 f   libs:jddiffct.obj
 0001:0005fa20       _dummy_consume_data        00460a20 f   libs:jdcoefct.obj
 0001:00061a35       _consume_data              00462a35 f   libs:jddiffct.obj
 0001:00061aac       _output_data               00462aac f   libs:jddiffct.obj
 0001:00061533       _start_pass                00462533 f   libs:jddctmgr.obj
 0001:00060985       _start_pass_phuff_decoder  00461985 f   libs:jdphuff.obj
 0001:00060bce       _decode_mcu_DC_first       00461bce f   libs:jdphuff.obj
 0001:00060dc6       _process_restart           00461dc6 f   libs:jdphuff.obj
 0001:00060e35       _decode_mcu_AC_first       00461e35 f   libs:jdphuff.obj
 0001:00061055       _decode_mcu_DC_refine      00462055 f   libs:jdphuff.obj
 0001:0006112a       _decode_mcu_AC_refine      0046212a f   libs:jdphuff.obj
 0001:000603cc       _start_pass_huff_decoder   004613cc f   libs:jdshuff.obj
 0001:00060504       _decode_mcu                00461504 f   libs:jdshuff.obj
 0001:000608b4       _process_restart           004618b4 f   libs:jdshuff.obj
 0001:0005f7b2       _start_input_pass          004607b2 f   libs:jdcoefct.obj
 0001:0005f7c5       _start_iMCU_row            004607c5 f   libs:jdcoefct.obj
 0001:0005f80a       _start_output_pass         0046080a f   libs:jdcoefct.obj
 0001:0005f847       _decompress_onepass        00460847 f   libs:jdcoefct.obj
 0001:0005fa20       _dummy_consume_data        00460a20 f   libs:jdcoefct.obj
 0001:0005fa23       _consume_data              00460a23 f   libs:jdcoefct.obj
 0001:0005fbdc       _decompress_data           00460bdc f   libs:jdcoefct.obj
 0001:0005fd48       _smoothing_ok              00460d48 f   libs:jdcoefct.obj
 0001:0005fe33       _decompress_smooth_data    00460e33 f   libs:jdcoefct.obj
 0001:0005f64b       _scaler_start_pass         0046064b f   libs:jcscale.obj
 0001:0005f66e       _simple_downscale          0046066e f   libs:jcscale.obj
 0001:0005f69a       _noscale                   0046069a f   libs:jcscale.obj
 0001:0005f143       _start_pass                00460143 f   libs:jcpred.obj
 0001:0005f19b       _reset_predictor           0046019b f   libs:jcpred.obj
 0001:0005f1c8       _jpeg_difference_first_row 004601c8 f   libs:jcpred.obj
 0001:0005f2b2       _jpeg_difference1          004602b2 f   libs:jcpred.obj
 0001:0005f320       _jpeg_difference2          00460320 f   libs:jcpred.obj
 0001:0005f391       _jpeg_difference3          00460391 f   libs:jcpred.obj
 0001:0005f409       _jpeg_difference4          00460409 f   libs:jcpred.obj
 0001:0005f494       _jpeg_difference5          00460494 f   libs:jcpred.obj
 0001:0005f527       _jpeg_difference6          00460527 f   libs:jcpred.obj
 0001:0005f5b6       _jpeg_difference7          004605b6 f   libs:jcpred.obj
 0001:0005ea35       _start_pass_huff           0045fa35 f   libs:jclhuff.obj
 0001:0005ebd2       _encode_mcus_huff          0045fbd2 f   libs:jclhuff.obj
 0001:0005edbd       _emit_bits                 0045fdbd f   libs:jclhuff.obj
 0001:0005ee60       _dump_buffer               0045fe60 f   libs:jclhuff.obj
 0001:0005ee84       _emit_restart              0045fe84 f   libs:jclhuff.obj
 0001:0005eecf       _flush_bits                0045fecf f   libs:jclhuff.obj
 0001:0005eef3       _finish_pass_huff          0045fef3 f   libs:jclhuff.obj
 0001:0005ef60       _encode_mcus_gather        0045ff60 f   libs:jclhuff.obj
 0001:0005f089       _finish_pass_gather        00460089 f   libs:jclhuff.obj
 0001:0005d718       _need_optimization_pass    0045e718 f   libs:jcshuff.obj
 0001:0005e613       _start_pass_diff           0045f613 f   libs:jcdiffct.obj
 0001:0005e6b1       _start_iMCU_row            0045f6b1 f   libs:jcdiffct.obj
 0001:0005e6f3       _compress_data             0045f6f3 f   libs:jcdiffct.obj
 0001:0005e889       _compress_first_pass       0045f889 f   libs:jcdiffct.obj
 0001:0005e97e       _compress_output           0045f97e f   libs:jcdiffct.obj
 0001:0005e226       _start_pass_fdctmgr        0045f226 f   libs:jcdctmgr.obj
 0001:0005e328       _forward_DCT_float         0045f328 f   libs:jcdctmgr.obj
 0001:0005d75b       _start_pass_phuff          0045e75b f   libs:jcphuff.obj
 0001:0005d8c8       _encode_mcu_DC_first       0045e8c8 f   libs:jcphuff.obj
 0001:0005d9fa       _emit_bits                 0045e9fa f   libs:jcphuff.obj
 0001:0005daa5       _dump_buffer               0045eaa5 f   libs:jcphuff.obj
 0001:0005dadd       _emit_symbol               0045eadd f   libs:jcphuff.obj
 0001:0005db1d       _emit_restart              0045eb1d f   libs:jcphuff.obj
 0001:0005dba6       _emit_eobrun               0045eba6 f   libs:jcphuff.obj
 0001:0005dc2c       _encode_mcu_AC_first       0045ec2c f   libs:jcphuff.obj
 0001:0005ddc0       _encode_mcu_DC_refine      0045edc0 f   libs:jcphuff.obj
 0001:0005de7a       _encode_mcu_AC_refine      0045ee7a f   libs:jcphuff.obj
 0001:0005e091       _finish_pass_phuff         0045f091 f   libs:jcphuff.obj
 0001:0005e0e0       _finish_pass_gather_phuff  0045f0e0 f   libs:jcphuff.obj
 0001:0005e1a3       _need_optimization_pass    0045f1a3 f   libs:jcphuff.obj
 0001:0005cef3       _start_pass_huff           0045def3 f   libs:jcshuff.obj
 0001:0005d068       _encode_mcu_huff           0045e068 f   libs:jcshuff.obj
 0001:0005d173       _encode_one_block          0045e173 f   libs:jcshuff.obj
 0001:0005d2ea       _emit_bits                 0045e2ea f   libs:jcshuff.obj
 0001:0005d38d       _dump_buffer               0045e38d f   libs:jcshuff.obj
 0001:0005d3b1       _emit_restart              0045e3b1 f   libs:jcshuff.obj
 0001:0005d41e       _flush_bits                0045e41e f   libs:jcshuff.obj
 0001:0005d442       _finish_pass_huff          0045e442 f   libs:jcshuff.obj
 0001:0005d4b1       _encode_mcu_gather         0045e4b1 f   libs:jcshuff.obj
 0001:0005d567       _htest_one_block           0045e567 f   libs:jcshuff.obj
 0001:0005d62e       _finish_pass_gather        0045e62e f   libs:jcshuff.obj
 0001:0005d718       _need_optimization_pass    0045e718 f   libs:jcshuff.obj
 0001:0005c8c6       _start_pass_coef           0045d8c6 f   libs:jccoefct.obj
 0001:0005e6b1       _start_iMCU_row            0045f6b1 f   libs:jcdiffct.obj
 0001:0005c95b       _compress_data             0045d95b f   libs:jccoefct.obj
 0001:0005cb42       _compress_first_pass       0045db42 f   libs:jccoefct.obj
 0001:0005cd28       _compress_output           0045dd28 f   libs:jccoefct.obj
 0001:0005c7de       _calc_output_dimensions    0045d7de f   libs:jdlossls.obj
 0001:0005c7ef       _start_input_pass          0045d7ef f   libs:jdlossls.obj
 0001:0005c51d       _calc_output_dimensions    0045d51d f   libs:jdlossy.obj
 0001:0005c690       _start_input_pass          0045d690 f   libs:jdlossy.obj
 0001:0005c6b0       _latch_quant_tables        0045d6b0 f   libs:jdlossy.obj
 0001:0005c748       _start_output_pass         0045d748 f   libs:jdlossy.obj
 0001:0005c46c       _start_pass                0045d46c f   libs:jclossls.obj
 0001:0005c3d8       _start_pass                0045d3d8 f   libs:jclossy.obj
 0001:0005b92d       _initial_setup             0045c92d f   libs:jcmaster.obj
 0001:0005bae0       _validate_script           0045cae0 f   libs:jcmaster.obj
 0001:0005beb8       _prepare_for_pass          0045ceb8 f   libs:jcmaster.obj
 0001:0005c030       _select_scan_parameters    0045d030 f   libs:jcmaster.obj
 0001:0005c131       _per_scan_setup            0045d131 f   libs:jcmaster.obj
 0001:0005c2dc       _pass_startup              0045d2dc f   libs:jcmaster.obj
 0001:0005c303       _finish_pass_master        0045d303 f   libs:jcmaster.obj
 0001:0005b419       _rgb_ycc_start             0045c419 f   libs:jccolor.obj
 0001:0005b4dd       _rgb_ycc_convert           0045c4dd f   libs:jccolor.obj
 0001:0005b5dc       _rgb_gray_convert          0045c5dc f   libs:jccolor.obj
 0001:0005b661       _cmyk_ycck_convert         0045c661 f   libs:jccolor.obj
 0001:0005b799       _grayscale_convert         0045c799 f   libs:jccolor.obj
 0001:0005b7f3       _null_convert              0045c7f3 f   libs:jccolor.obj
 0001:0002d258       _null_method               0042e258 f   images.obj
 0001:0002d258       _start_pass_downsample     0042e258 f   images.obj
 0001:0005ab65       _sep_downsample            0045bb65 f   libs:jcsample.obj
 0001:0005abda       _int_downsample            0045bbda f   libs:jcsample.obj
 0001:0005acd2       _expand_right_edge         0045bcd2 f   libs:jcsample.obj
 0001:0005ad27       _fullsize_downsample       0045bd27 f   libs:jcsample.obj
 0001:0005ad6b       _h2v1_downsample           0045bd6b f   libs:jcsample.obj
 0001:0005adff       _h2v2_downsample           0045bdff f   libs:jcsample.obj
 0001:0005aeac       _h2v2_smooth_downsample    0045beac f   libs:jcsample.obj
 0001:0005b124       _fullsize_smooth_downsample 0045c124 f   libs:jcsample.obj
 0001:0005a561       _start_pass_prep           0045b561 f   libs:jcprepct.obj
 0001:0005a59f       _pre_process_data          0045b59f f   libs:jcprepct.obj
 0001:0005a74d       _pre_process_context       0045b74d f   libs:jcprepct.obj
 0001:0005a906       _create_context_buffer     0045b906 f   libs:jcprepct.obj
 0001:0005a3d9       _start_pass_main           0045b3d9 f   libs:jcmainct.obj
 0001:0005a41b       _process_data_simple_main  0045b41b f   libs:jcmainct.obj
 0001:000599af       _create_colormap           0045a9af f   libs:jquant1.obj
 0001:00059ae1       _select_ncolors            0045aae1 f   libs:jquant1.obj
 0001:00059bb8       _create_colorindex         0045abb8 f   libs:jquant1.obj
 0001:00059ce4       _alloc_fs_workspace        0045ace4 f   libs:jquant1.obj
 0001:00059d20       _start_pass_1_quant        0045ad20 f   libs:jquant1.obj
 0001:00059dec       _create_odither_tables     0045adec f   libs:jquant1.obj
 0001:00059e4b       _make_odither_array        0045ae4b f   libs:jquant1.obj
 0001:00059eae       _color_quantize            0045aeae f   libs:jquant1.obj
 0001:00059f39       _color_quantize3           0045af39 f   libs:jquant1.obj
 0001:00059fc7       _quantize_ord_dither       0045afc7 f   libs:jquant1.obj
 0001:0005a0b2       _quantize3_ord_dither      0045b0b2 f   libs:jquant1.obj
 0001:0005a1b2       _quantize_fs_dither        0045b1b2 f   libs:jquant1.obj
 0001:0002d258       _finish_pass_1_quant       0042e258 f   images.obj
 0001:0005a336       _new_color_map_1_quant     0045b336 f   libs:jquant1.obj
 0001:00058970       _init_error_limit          00459970 f   libs:jquant2.obj
 0001:00058a0f       _start_pass_2_quant        00459a0f f   libs:jquant2.obj
 0001:00058b11       _prescan_quantize          00459b11 f   libs:jquant2.obj
 0001:00058b80       _pass2_no_dither           00459b80 f   libs:jquant2.obj
 0001:00058c2d       _fill_inverse_cmap         00459c2d f   libs:jquant2.obj
 0001:00058cf8       _find_nearby_colors        00459cf8 f   libs:jquant2.obj
 0001:00058e9c       _find_best_colors          00459e9c f   libs:jquant2.obj
 0001:00058fb6       _pass2_fs_dither           00459fb6 f   libs:jquant2.obj
 0001:00059225       _finish_pass1              0045a225 f   libs:jquant2.obj
 0001:00059247       _select_colors             0045a247 f   libs:jquant2.obj
 0001:000592d3       _update_box                0045a2d3 f   libs:jquant2.obj
 0001:0005966d       _median_cut                0045a66d f   libs:jquant2.obj
 0001:00059781       _find_biggest_color_pop    0045a781 f   libs:jquant2.obj
 0001:000597b0       _find_biggest_volume       0045a7b0 f   libs:jquant2.obj
 0001:000597d9       _compute_color             0045a7d9 f   libs:jquant2.obj
 0001:0002d258       _finish_pass2              0042e258 f   images.obj
 0001:00059915       _new_color_map_2_quant     0045a915 f   libs:jquant2.obj
 0001:00058387       _build_ycc_rgb_table       00459387 f   libs:jdmerge.obj
 0001:00058437       _start_pass_merged_upsample 00459437 f   libs:jdmerge.obj
 0001:0005844c       _merged_2v_upsample        0045944c f   libs:jdmerge.obj
 0001:000584f3       _merged_1v_upsample        004594f3 f   libs:jdmerge.obj
 0001:00058524       _h2v1_merged_upsample      00459524 f   libs:jdmerge.obj
 0001:0005867a       _h2v2_merged_upsample      0045967a f   libs:jdmerge.obj
 0001:00057f2b       _build_ycc_rgb_table       00458f2b f   libs:jdcolor.obj
 0001:00057fdb       _ycc_rgb_convert           00458fdb f   libs:jdcolor.obj
 0001:000580e9       _null_convert              004590e9 f   libs:jdcolor.obj
 0001:00058161       _grayscale_convert         00459161 f   libs:jdcolor.obj
 0001:00058184       _gray_rgb_convert          00459184 f   libs:jdcolor.obj
 0001:000581dd       _ycck_cmyk_convert         004591dd f   libs:jdcolor.obj
 0001:0002d258       _start_pass_dcolor         0042e258 f   images.obj
 0001:0005798c       _start_pass_upsample       0045898c f   libs:jdsample.obj
 0001:000579a6       _sep_upsample              004589a6 f   libs:jdsample.obj
 0001:00057a73       _fullsize_upsample         00458a73 f   libs:jdsample.obj
 0001:00057a7e       _noop_upsample             00458a7e f   libs:jdsample.obj
 0001:00057a86       _int_upsample              00458a86 f   libs:jdsample.obj
 0001:00057b70       _h2v1_upsample             00458b70 f   libs:jdsample.obj
 0001:00057bc7       _h2v2_upsample             00458bc7 f   libs:jdsample.obj
 0001:00057c39       _h2v1_fancy_upsample       00458c39 f   libs:jdsample.obj
 0001:00057cdc       _h2v2_fancy_upsample       00458cdc f   libs:jdsample.obj
 0001:00057595       _start_pass_dpost          00458595 f   libs:jdpostct.obj
 0001:0005763b       _post_process_1pass        0045863b f   libs:jdpostct.obj
 0001:000576a0       _post_process_prepass      004586a0 f   libs:jdpostct.obj
 0001:00057731       _post_process_2pass        00458731 f   libs:jdpostct.obj
 0001:00056f9c       _alloc_funny_pointers      00457f9c f   libs:jdmainct.obj
 0001:00057049       _start_pass_main           00458049 f   libs:jdmainct.obj
 0001:000570b1       _make_funny_pointers       004580b1 f   libs:jdmainct.obj
 0001:000571f1       _process_data_simple_main  004581f1 f   libs:jdmainct.obj
 0001:00057259       _process_data_context_main 00458259 f   libs:jdmainct.obj
 0001:0005736b       _set_wraparound_pointers   0045836b f   libs:jdmainct.obj
 0001:00057455       _set_bottom_pointers       00458455 f   libs:jdmainct.obj
 0001:000574ef       _process_data_crank_post   004584ef f   libs:jdmainct.obj
 0001:00055cc8       _write_marker_header       00456cc8 f   libs:jcmarker.obj
 0001:00055d1e       _emit_byte                 00456d1e f   libs:jcmarker.obj
 0001:00055d4f       _write_marker_byte         00456d4f f   libs:jcmarker.obj
 0001:00055d5f       _write_file_header         00456d5f f   libs:jcmarker.obj
 0001:00055dab       _emit_jfif_app0            00456dab f   libs:jcmarker.obj
 0001:00055e7e       _emit_adobe_app14          00456e7e f   libs:jcmarker.obj
 0001:00055f24       _write_frame_header        00456f24 f   libs:jcmarker.obj
 0001:00056003       _emit_dqt                  00457003 f   libs:jcmarker.obj
 0001:000560f2       _emit_sof                  004570f2 f   libs:jcmarker.obj
 0001:000561ce       _write_scan_header         004571ce f   libs:jcmarker.obj
 0001:0005628e       _emit_dht                  0045728e f   libs:jcmarker.obj
 0001:00056367       _emit_dri                  00457367 f   libs:jcmarker.obj
 0001:000563b6       _emit_sos                  004573b6 f   libs:jcmarker.obj
 0001:000564a4       _write_file_trailer        004574a4 f   libs:jcmarker.obj
 0001:000564c4       _write_tables_only         004574c4 f   libs:jcmarker.obj
 0001:0005581d       _use_merged_upsample       0045681d f   libs:jdmaster.obj
 0001:000558c3       _master_selection          004568c3 f   libs:jdmaster.obj
 0001:00055a20       _prepare_range_limit_table 00456a20 f   libs:jdmaster.obj
 0001:00055aa6       _prepare_for_output_pass   00456aa6 f   libs:jdmaster.obj
 0001:00055bc7       _finish_output_pass        00456bc7 f   libs:jdmaster.obj
 0001:00054c94       _alloc_small               00455c94 f   libs:jmemmgr.obj
 0001:00054db2       _alloc_large               00455db2 f   libs:jmemmgr.obj
 0001:00054e63       _alloc_sarray              00455e63 f   libs:jmemmgr.obj
 0001:00054efb       _alloc_barray              00455efb f   libs:jmemmgr.obj
 0001:00054f9f       _alloc_darray              00455f9f f   libs:jmemmgr.obj
 0001:0005504a       _request_virt_sarray       0045604a f   libs:jmemmgr.obj
 0001:000550ab       _request_virt_barray       004560ab f   libs:jmemmgr.obj
 0001:0005510c       _realize_virt_arrays       0045610c f   libs:jmemmgr.obj
 0001:0005528f       _access_virt_sarray        0045628f f   libs:jmemmgr.obj
 0001:000553af       _do_sarray_io              004563af f   libs:jmemmgr.obj
 0001:0005543f       _access_virt_barray        0045643f f   libs:jmemmgr.obj
 0001:00055564       _do_barray_io              00456564 f   libs:jmemmgr.obj
 0001:000555f5       _free_pool                 004565f5 f   libs:jmemmgr.obj
 0001:000556dc       _self_destruct             004566dc f   libs:jmemmgr.obj
 0001:0005472e       _start_input_pass          0045572e f   libs:jdinput.obj
 0001:0005475c       _per_scan_setup            0045575c f   libs:jdinput.obj
 0001:000548e2       _finish_input_pass         004558e2 f   libs:jdinput.obj
 0001:000548f3       _consume_markers           004558f3 f   libs:jdinput.obj
 0001:0005498f       _initial_setup             0045598f f   libs:jdinput.obj
 0001:00054b99       _reset_input_controller    00455b99 f   libs:jdinput.obj
 0001:00054333       _make_crc_table            00455333 f   libs:crc32.obj
 0001:00054480       _crc32_little              00455480 f   libs:crc32.obj
 0001:0005412d       _fixedtables               0045512d f   libs:inflate.obj
 0001:00054217       _updatewindow              00455217 f   libs:inflate.obj
 0001:00052e55       _init_destination          00453e55 f   libs:jdatadst.obj
 0001:00052e7b       _empty_output_buffer       00453e7b f   libs:jdatadst.obj
 0001:00052ebd       _term_destination          00453ebd f   libs:jdatadst.obj
 0001:000529dc       _std_huff_tables           004539dc f   libs:jcparam.obj
 0001:00052a36       _add_huff_table            00453a36 f   libs:jcparam.obj
 0001:00050f34       _next_marker               00451f34 f   libs:jdmarker.obj
 0001:0005106e       _get_interesting_appn      0045206e f   libs:jdmarker.obj
 0001:00051199       _examine_app0              00452199 f   libs:jdmarker.obj
 0001:000513a7       _examine_app14             004523a7 f   libs:jdmarker.obj
 0001:00051468       _skip_variable             00452468 f   libs:jdmarker.obj
 0001:0005150b       _read_markers              0045250b f   libs:jdmarker.obj
 0001:00051713       _get_soi                   00452713 f   libs:jdmarker.obj
 0001:000517be       _get_sof                   004527be f   libs:jdmarker.obj
 0001:00051ac7       _get_sos                   00452ac7 f   libs:jdmarker.obj
 0001:00051db5       _get_dht                   00452db5 f   libs:jdmarker.obj
 0001:00052056       _get_dqt                   00453056 f   libs:jdmarker.obj
 0001:000522b2       _get_dri                   004532b2 f   libs:jdmarker.obj
 0001:00052391       _first_marker              00453391 f   libs:jdmarker.obj
 0001:0005242d       _read_restart_marker       0045342d f   libs:jdmarker.obj
 0001:000524ab       _reset_marker_reader       004534ab f   libs:jdmarker.obj
 0001:00050d18       _output_pass_setup         00451d18 f   libs:jdapistd.obj
 0001:00050a0b       _default_decompress_parms  00451a0b f   libs:jdapimin.obj

 295 bytes saved through ICF

