 Quake2

 Timestamp is 44d9a404 (Wed Aug 09 12:59:48 2006)

 Preferred load address is 00400000

 Start         Length     Name                   Class
 0001:00000000 00067b60H .text                   CODE
 0002:00000000 00000294H .idata$5                DATA
 0002:00000298 0000759cH .rdata                  DATA
 0002:00007838 00000044H .rdata$r                DATA
 0002:00007880 00000038H .xdata$x                DATA
 0002:000078b8 00000078H .idata$2                DATA
 0002:00007930 00000014H .idata$3                DATA
 0002:00007944 00000294H .idata$4                DATA
 0002:00007bd8 0000086aH .idata$6                DATA
 0002:00008442 00000000H .edata                  DATA
 0003:00000000 00000004H .CRT$XCA                DATA
 0003:00000004 00000088H .CRT$XCU                DATA
 0003:0000008c 00000004H .CRT$XCZ                DATA
 0003:00000090 00000004H .CRT$XIA                DATA
 0003:00000094 00000004H .CRT$XIZ                DATA
 0003:000000a0 0000e71cH .data                   DATA
 0003:0000e7c0 0045b898H .bss                    DATA
 0004:00000000 00000130H .rsrc$01                DATA
 0004:00000130 00003f20H .rsrc$02                DATA

  Address         Publics by Value              Rva+Base     Lib:Object

 0001:00000000       ??3@YAXPAX@Z               00401000 f i CoreMain.obj
 0001:0000000e       ?appTimestamp@@YAPBDXZ     0040100e f   CoreMain.obj
 0001:00000043       ?appInit@@YAXXZ            00401043 f   CoreMain.obj
 0001:000000c3       ?appExit@@YAXXZ            004010c3 f   CoreMain.obj
 0001:000000cd       ?appMilliseconds@@YAIXZ    004010cd f   CoreWin32.obj
 0001:000000d3       ?appPackage@@YAPBDXZ       004010d3 f   CoreWin32.obj
 0001:0000012b       ?appGetSystemErrorMessage@@YAPBDI@Z 0040112b f   CoreWin32.obj
 0001:0000018f       ?appDisplayError@@YAXXZ    0040118f f   CoreWin32.obj
 0001:000001e0       ?appInitPlatform@@YAXXZ    004011e0 f   CoreWin32.obj
 0001:00000373       ?appShutdownPlatform@@YAXXZ 00401373 f   CoreWin32.obj
 0001:0000037c       ?sprintf@?$TString@$0BAA@@@QAAHPBDZZ 0040137c f i CoreWin32.obj
 0001:00000399       ?appDetectCPU@@YAXXZ       00401399 f   CoreCpuid.obj
 0001:0000064d       ?appLoadDebugSymbols@@YAXXZ 0040164d f   DbgSymbols.obj
 0001:0000080b       ?appSymbolName@@YA_NIPADH@Z 0040180b f   DbgSymbols.obj
 0001:00000901       ?appSymbolName@@YAPBDI@Z   00401901 f   DbgSymbols.obj
 0001:00000939       ?osGetAddressPackage@@YA_NIPADHAAH@Z 00401939 f   DbgSymbolsWin32.obj
 0001:000009cd       ?osGetAddressSymbol@@YA_NIPADHAAH@Z 004019cd f   DbgSymbolsWin32.obj
 0001:00000b74       ?appMalloc@@YAPAXIH@Z      00401b74 f   Memory.obj
 0001:00000c79       ?appFree@@YAXPAX@Z         00401c79 f   Memory.obj
 0001:00000cf8       ?Unlink@FMemHeader@@QAEXXZ 00401cf8 f i Memory.obj
 0001:00000d23       ?Link@CMemoryChain@@AAEXXZ 00401d23 f   Memory.obj
 0001:00000d42       ?Unlink@CMemoryChain@@AAEXXZ 00401d42 f   Memory.obj
 0001:00000d6d       ??2CMemoryChain@@SAPAXIH@Z 00401d6d f   Memory.obj
 0001:00000e36       ??3CMemoryChain@@SAXPAX@Z  00401e36 f   Memory.obj
 0001:00000eb7       ?Alloc@CMemoryChain@@QAEPAXIH@Z 00401eb7 f   Memory.obj
 0001:00000f83       ?GetSize@CMemoryChain@@QAEHXZ 00401f83 f   Memory.obj
 0001:00000f91       ?BuildAllocatorsTable@@YAHPAXH@Z 00401f91 f   Memory.obj
 0001:00001102       ?appInitMemory@@YAXXZ      00402102 f   Memory.obj
 0001:000014ea       ?Write@COutputDeviceNull@@UAEXPBD@Z 004024ea f i OutputDevice.obj
 0001:00001504       ??_ECOutputDevice@@UAEPAXI@Z 00402504 f i OutputDevice.obj
 0001:00001504       ??_GCOutputDeviceNull@@UAEPAXI@Z 00402504 f i OutputDevice.obj
 0001:00001504       ??_ECOutputDeviceNull@@UAEPAXI@Z 00402504 f i OutputDevice.obj
 0001:00001504       ??_GCOutputDevice@@UAEPAXI@Z 00402504 f i OutputDevice.obj
 0001:00001547       ?Write@COutputDeviceLog@@UAEXPBD@Z 00402547 f i OutputDevice.obj
 0001:00001592       ??_GCOutputDeviceLog@@UAEPAXI@Z 00402592 f i OutputDevice.obj
 0001:00001592       ??_ECOutputDeviceLog@@UAEPAXI@Z 00402592 f i OutputDevice.obj
 0001:000015b2       ?Printf@COutputDevice@@QAAXPBDZZ 004025b2 f   OutputDevice.obj
 0001:00001623       ?Register@COutputDevice@@QAEXXZ 00402623 f   OutputDevice.obj
 0001:0000167f       ?Unregister@COutputDevice@@QAEXXZ 0040267f f   OutputDevice.obj
 0001:000016d2       ?appPrintf@@YAXPBDZZ       004026d2 f   OutputDevice.obj
 0001:00001809       ?appWPrintf@@YAXPBDZZ      00402809 f   OutputDevice.obj
 0001:0000186c       ??0COutputDeviceMemTail@@QAE@H@Z 0040286c f i ErrorMgr.obj
 0001:0000189d       ?Write@COutputDeviceMemTail@@UAEXPBD@Z 0040289d f i ErrorMgr.obj
 0001:000019b9       ??_GCOutputDeviceMemTail@@UAEPAXI@Z 004029b9 f i ErrorMgr.obj
 0001:000019b9       ??_ECOutputDeviceMemTail@@UAEPAXI@Z 004029b9 f i ErrorMgr.obj
 0001:000019d8       ??1COutputDeviceMemTail@@UAE@XZ 004029d8 f i ErrorMgr.obj
 0001:00001a21       ??0COutputDeviceFile@@QAE@XZ 00402a21 f i ErrorMgr.obj
 0001:00001a36       ?Write@COutputDeviceFile@@UAEXPBD@Z 00402a36 f i ErrorMgr.obj
 0001:00001a8d       ?Flush@COutputDeviceFile@@UAEXXZ 00402a8d f i ErrorMgr.obj
 0001:00001a9d       ?Close@COutputDeviceFile@@UAEXXZ 00402a9d f i ErrorMgr.obj
 0001:00001ab5       ??_ECOutputDeviceFile@@UAEPAXI@Z 00402ab5 f i ErrorMgr.obj
 0001:00001ab5       ??_GCOutputDeviceFile@@UAEPAXI@Z 00402ab5 f i ErrorMgr.obj
 0001:00001ad4       ??1COutputDeviceFile@@UAE@XZ 00402ad4 f i ErrorMgr.obj
 0001:00001b13       ?appBeginError@@YAPAVCOutputDevice@@PBD@Z 00402b13 f   ErrorMgr.obj
 0001:00001bde       ?appGetErrorLog@@YAPAVCOutputDevice@@XZ 00402bde f   ErrorMgr.obj
 0001:00001c49       ?Open@COutputDeviceFile@@QAEXPBD_N@Z 00402c49 f i ErrorMgr.obj
 0001:00001c8f       ?appFatalError@@YAXPBDZZ   00402c8f f   ErrorMgr.obj
 0001:00001ce5       ?appNonFatalError@@YAXPBDZZ 00402ce5 f   ErrorMgr.obj
 0001:00001d47       ?appUnwindPrefix@@YAXPBD@Z 00402d47 f   ErrorMgr.obj
 0001:00001df9       ?appUnwindThrow@@YAXPBDZZ  00402df9 f   ErrorMgr.obj
 0001:00001e6f       ?Reset@CErrorHandler@@QAEXXZ 00402e6f f   ErrorMgr.obj
 0001:00001ea0       ?appInitError@@YAXXZ       00402ea0 f   ErrorMgr.obj
 0001:00001f95       ?appShutdownError@@YAXXZ   00402f95 f   ErrorMgr.obj
 0001:0000201f       ?GetTail@COutputDeviceMemTail@@QAEPBDH@Z 0040301f f i ErrorMgr.obj
 0001:00002045       ?sprintf@?$TString@$0CAA@@@QAAHPBDZZ 00403045 f i ErrorMgr.obj
 0001:00002062       ?win32ExceptFilter@@YGJPAU_EXCEPTION_POINTERS@@@Z 00403062 f   ExceptHandlerWin32.obj
 0001:00002205       ?win32ExceptFilter2@@YAIXZ 00403205 f   ExceptHandlerWin32.obj
 0001:0000220e       ?sprintf@?$TString@$0EAA@@@QAAHPBDZZ 0040320e f i ExceptHandlerWin32.obj
 0001:0000222b       ?DumpRegs@@YAXPAVCOutputDevice@@PAU_CONTEXT@@@Z 0040322b f   ExceptDumpers.obj
 0001:0000233c       ?DumpMem@@YAXPAVCOutputDevice@@PBIPAU_CONTEXT@@@Z 0040333c f   ExceptDumpers.obj
 0001:0000257b       ?UnwindEbpFrame@@YAXPAVCOutputDevice@@PBI@Z 0040357b f   ExceptDumpers.obj
 0001:0000260c       ?GetLine@CSimpleParser@@QAEPBDXZ 0040360c f   ScriptParser.obj
 0001:00002723       ?SkipBraces@CSimpleParser@@QAEPBDXZ 00403723 f   ScriptParser.obj
 0001:00002759       ?appStricmp@@YAHPBD0@Z     00403759 f   Strings.obj
 0001:00002790       ?toLower@@YADD@Z           00403790 f i Strings.obj
 0001:000027ab       ?appStrncpylwr@@YAXPADPBDH@Z 004037ab f   Strings.obj
 0001:000027e3       ?appStrncpyz@@YAXPADPBDH@Z 004037e3 f   Strings.obj
 0001:00002810       ?appStrcatn@@YAXPADHPBD@Z  00403810 f   Strings.obj
 0001:0000283c       ?appCopyFilename@@YAXPADPBDH@Z 0040383c f   Strings.obj
 0001:00002964       ?appCStrlen@@YAHPBD@Z      00403964 f   Strings.obj
 0001:0000298c       ?appUncolorizeString@@YAXPADPBD@Z 0040398c f   Strings.obj
 0001:000029be       ?va@@YAPBDPBDZZ            004039be f   Strings.obj
 0001:00002ab2       ?appSprintf@@YAHPADHPBDZZ  00403ab2 f   Strings.obj
 0001:00002b51       ?appMatchWildcard@@YA_NPBD0_N@Z 00403b51 f   Strings.obj
 0001:00002d96       ?appIsWildcard@@YA_NPBD@Z  00403d96 f   Strings.obj
 0001:00002dc2       ?appStrdup@@YAPADPBD@Z     00403dc2 f   Strings.obj
 0001:00002e03       ?appStrdup@@YAPADPBDPAVCMemoryChain@@@Z 00403e03 f   Strings.obj
 0001:00002e38       ??0CStringItem@@QAE@XZ     00403e38 f   Strings.obj
 0001:00002e43       ??2CStringItem@@SAPAXIPBD@Z 00403e43 f   Strings.obj
 0001:00002edd       ??2CStringItem@@SAPAXIPBDPAVCMemoryChain@@@Z 00403edd f   Strings.obj
 0001:00002f52       ?Find@CStringList@@IAEPAVCStringItem@@PBDPAPAV2@@Z 00403f52 f   Strings.obj
 0001:00002fdd       ?Find@CStringList@@IAEPAVCStringItem@@H@Z 00403fdd f   Strings.obj
 0001:00003049       ?IndexOf@CStringList@@QAEHPBD@Z 00404049 f   Strings.obj
 0001:000030cb       ?Remove@CStringList@@QAE_NPAVCStringItem@@@Z 004040cb f   Strings.obj
 0001:0000314f       ?Add@CTextContainer@@QAEPAUCTextRec@@PBD@Z 0040414f f   TextContainer.obj
 0001:000031fb       ?Enumerate@CTextContainer@@QAEXP6AXPBUCTextRec@@@Z@Z 004041fb f   TextContainer.obj
 0001:00003267       ?SubtractPath@@YAPBDPBD0@Z 00404267 f   FileSystem.obj
 0001:000032ff       ?appMakeDirectoryForFile@@YAXPBD@Z 004042ff f   FileSystem.obj
 0001:00003335       ?appOpenFile@@YAPAVCFile@@PBD@Z 00404335 f   FileSystem.obj
 0001:00003372       ?Read@CFileOS@@UAEHPAXH@Z  00404372 f i FileSystem.obj
 0001:00003399       ?GetSize@CFileOS@@UAEHXZ   00404399 f i FileSystem.obj
 0001:000033e4       ?Eof@CFileOS@@UAE_NXZ      004043e4 f i FileSystem.obj
 0001:000033f8       ??_GCFileOS@@UAEPAXI@Z     004043f8 f i FileSystem.obj
 0001:000033f8       ??_ECFileOS@@UAEPAXI@Z     004043f8 f i FileSystem.obj
 0001:0000342d       ??_ECFile@@UAEPAXI@Z       0040442d f i FileSystem.obj
 0001:0000342d       ??_GCFile@@UAEPAXI@Z       0040442d f i FileSystem.obj
 0001:0000344d       ?ReadByte@CFile@@QAEEXZ    0040444d f   FileSystem.obj
 0001:00003465       ?ReadInt@CFile@@QAEHXZ     00404465 f   FileSystem.obj
 0001:0000347d       ?ReadString@CFile@@QAEXPADH@Z 0040447d f   FileSystem.obj
 0001:000034ba       ?GetType@CFileContainer@@MAEPBDXZ 004044ba f   FileSystem.obj
 0001:000034c0       ?Mount@CFileSystem@@QAEXAAVCFileContainer@@PBD@Z 004044c0 f   FileSystem.obj
 0001:00003516       ?Umount@CFileSystem@@QAEXAAVCFileContainer@@@Z 00404516 f   FileSystem.obj
 0001:00003550       ?MountDirectory@CFileSystem@@QAEPAVCFileContainer@@PBD0@Z 00404550 f   FileSystem.obj
 0001:00003595       ?GetType@CFileContainerOS@@MAEPBDXZ 00404595 f i FileSystem.obj
 0001:0000359b       ?FileExists@CFileContainerOS@@UAE_NPBD@Z 0040459b f i FileSystem.obj
 0001:000035c5       ?OpenFile@CFileContainerOS@@UAEPAVCFile@@PBD@Z 004045c5 f i FileSystem.obj
 0001:000035e5       ?List@CFileContainerOS@@UAEXAAVCFileList@@PBDI@Z 004045e5 f i FileSystem.obj
 0001:0000360e       ??_GCFileContainerOS@@UAEPAXI@Z 0040460e f i FileSystem.obj
 0001:0000360e       ??_ECFileContainerOS@@UAEPAXI@Z 0040460e f i FileSystem.obj
 0001:0000362e       ??_ECFileContainer@@UAEPAXI@Z 0040462e f i FileSystem.obj
 0001:0000362e       ??_GCFileContainer@@UAEPAXI@Z 0040462e f i FileSystem.obj
 0001:0000364e       ?MountArchive@CFileSystem@@QAEPAVCFileContainer@@PBD0@Z 0040464e f   FileSystem.obj
 0001:00003765       ?Mount@CFileSystem@@QAEXPBD0@Z 00404765 f   FileSystem.obj
 0001:00003997       ?Umount@CFileSystem@@QAEXPBD@Z 00404997 f   FileSystem.obj
 0001:00003a33       ?List@CFileSystem@@UAEPAVCFileList@@PBDIPAV2@@Z 00404a33 f   FileSystem.obj
 0001:00003bee       ?RegisterFormat@CFileSystem@@SAXP6APAVCFileContainer@@PBDPAU_iobuf@@@Z@Z 00404bee f   FileSystem.obj
 0001:00003c32       ?FileExists@CFileSystem@@UAE_NPBDI@Z 00404c32 f   FileSystem.obj
 0001:00003cb1       ?OpenFile@CFileSystem@@UAEPAVCFile@@PBDI@Z 00404cb1 f   FileSystem.obj
 0001:00003d56       ?LoadFile@CFileSystem@@QAEPAXPBDPAI@Z 00404d56 f   FileSystem.obj
 0001:00003e26       ?cMount@@YAX_NHPAPAD@Z     00404e26 f   FileSystem.obj
 0001:00003f64       ?cUmount@@YAX_NHPAPAD@Z    00404f64 f   FileSystem.obj
 0001:00003f93       ?appInitFileSystem@@YAXAAVCFileSystem@@@Z 00404f93 f   FileSystem.obj
 0001:0000438a       ?appListDirectory@@YAXPBDAAVCFileList@@I@Z 0040538a f   FileSystemWin32.obj
 0001:000045d1       ?appMakeDirectory@@YAXPBD@Z 004055d1 f   FileSystemWin32.obj
 0001:0000463b       ?appFileType@@YAIPBD@Z     0040563b f   FileSystemWin32.obj
 0001:0000467b       ?FindDir@CFileContainerArc@@IAEPAVFDirInfo@1@PBD_N@Z 0040567b f   FileContainerArc.obj
 0001:00004734       ?FindFile@CFileContainerArc@@IAEPAVCStringItem@@PBD@Z 00405734 f   FileContainerArc.obj
 0001:0000479f       ?FileExists@CFileContainerArc@@UAE_NPBD@Z 0040579f f   FileContainerArc.obj
 0001:000047b4       ?OpenFile@CFileContainerArc@@UAEPAVCFile@@PBD@Z 004057b4 f   FileContainerArc.obj
 0001:000047d3       ?List@CFileContainerArc@@UAEXAAVCFileList@@PBDI@Z 004057d3 f   FileContainerArc.obj
 0001:00004940       ??E?$TStringSplitter@$0BAA@$0CP@@@QAEXXZ 00405940 f i FileContainerArc.obj
 0001:000049c2       ?GetLength@CVec3@@QAEMXZ   004059c2 f   Math3D.obj
 0001:000049ed       ?Normalize@CVec3@@QAEMXZ   004059ed f   Math3D.obj
 0001:00004a3f       ?VectorNormalize@@YAMABUCVec3@@AAU1@@Z 00405a3f f   Math3D.obj
 0001:00004aa9       ?NormalizeFast@CVec3@@QAEMXZ 00405aa9 f   Math3D.obj
 0001:00004afa       ?FindAxisVectors@CVec3@@QBEXAAU1@0@Z 00405afa f   Math3D.obj
 0001:00004b6a       ?cross@@YAXABUCVec3@@0AAU1@@Z 00405b6a f   Math3D.obj
 0001:00004ba6       ?VectorDistance@@YAMABUCVec3@@0@Z 00405ba6 f   Math3D.obj
 0001:00004bd5       ?Setup@CPlane@@QAEXXZ      00405bd5 f   Math3D.obj
 0001:00004c83       ?Clear@CBox@@QAEXXZ        00405c83 f   Math3D.obj
 0001:00004ca1       ?Expand@CBox@@QAEXABUCVec3@@@Z 00405ca1 f   Math3D.obj
 0001:00004cd3       ?Expand@CBox@@QAEXABU1@@Z  00405cd3 f   Math3D.obj
 0001:00004d12       ?GetCenter@CBox@@QBEXAAUCVec3@@@Z 00405d12 f   Math3D.obj
 0001:00004d35       ?Contains@CBox@@QBE_NABUCVec3@@@Z 00405d35 f   Math3D.obj
 0001:00004d69       ?Intersects@CBox@@QBE_NABU1@@Z 00405d69 f   Math3D.obj
 0001:00004da8       ?OnPlaneSide@CBox@@QBEHABUCPlane@@@Z 00405da8 f   Math3D.obj
 0001:00004ed7       ?FromEuler@CAxis@@QAEXABUCVec3@@@Z 00405ed7 f   Math3D.obj
 0001:00004f16       ?TransformVector@CAxis@@QBEXABUCVec3@@AAU2@@Z 00405f16 f   Math3D.obj
 0001:00004f69       ?UnTransformVector@CAxis@@QBEXABUCVec3@@AAU2@@Z 00405f69 f   Math3D.obj
 0001:00004fcd       ?TransformAxis@CAxis@@QBEXABU1@AAU1@@Z 00405fcd f   Math3D.obj
 0001:00005013       ?UnTransformAxis@CAxis@@QBEXABU1@AAU1@@Z 00406013 f   Math3D.obj
 0001:00005059       ?TransformPoint@CCoords@@QBEXABUCVec3@@AAU2@@Z 00406059 f   Math3D.obj
 0001:000050b9       ?UnTransformPoint@CCoords@@QBEXABUCVec3@@AAU2@@Z 004060b9 f   Math3D.obj
 0001:00005126       ?UnTransformCoords@CCoords@@QBEXABU1@AAU1@@Z 00406126 f   Math3D.obj
 0001:00005152       ?TransformPlane@CCoords@@QBEXABUCPlane@@AAU2@@Z 00406152 f   Math3D.obj
 0001:0000518c       ?TransformPoint@@YAXABUCVec3@@ABUCAxis@@0AAU1@@Z 0040618c f   Math3D.obj
 0001:000051ef       ?UnTransformPoint@@YAXABUCVec3@@ABUCAxis@@0AAU1@@Z 004061ef f   Math3D.obj
 0001:0000525f       ?Euler2Vecs@@YAXABUCVec3@@PAU1@11@Z 0040625f f   Math3D.obj
 0001:000053bf       ?Vec2Euler@@YAXABUCVec3@@AAU1@@Z 004063bf f   Math3D.obj
 0001:000054c2       ?Vec2Yaw@@YAMABUCVec3@@@Z  004064c2 f   Math3D.obj
 0001:00005535       ?appRsqrt@@YAMM@Z          00406535 f   MathMisc.obj
 0001:00005561       ?NormalizeColor@@YAMABUCVec3@@AAU1@@Z 00406561 f   MathMisc.obj
 0001:000055bf       ?NormalizeColor255@@YAMABUCVec3@@AAU1@@Z 004065bf f   MathMisc.obj
 0001:00005621       ?SCR_StopCinematic@@YAXXZ  00406621 f   cl_cin.obj
 0001:000056b5       ?SCR_DrawCinematic@@YA_NXZ 004066b5 f   cl_cin.obj
 0001:00005aac       ?SCR_PlayCinematic@@YAXPBD@Z 00406aac f   cl_cin.obj
 0001:00005e03       ?sprintf@?$TString@$0EA@@@QAAHPBDZZ 00406e03 f i cl_cin.obj
 0001:00005e1d       ?CL_Download_f@@YAX_NHPAPAD@Z 00406e1d f   cl_download.obj
 0001:000061ca       ?CL_ParseDownload@@YAXXZ   004071ca f   cl_download.obj
 0001:000069ec       ?CL_Precache_f@@YAXHPAPAD@Z 004079ec f   cl_download.obj
 0001:00006a4a       ?sprintf@?$TString@$0IA@@@QAAHPBDZZ 00407a4a f i cl_download.obj
 0001:00006a67       ?CL_ParseDelta@@YAXPAUclEntityState_t@@0HI_N@Z 00407a67 f   cl_ents.obj
 0001:00006be7       ?CL_ParseFrame@@YAXXZ      00407be7 f   cl_ents.obj
 0001:0000729c       ?CL_AddEntityBox@@YAXPAUclEntityState_t@@I@Z 0040829c f   cl_ents.obj
 0001:000073a0       ?Lerp@@YAXABUCVec3@@0MAAU1@@Z 004083a0 f i cl_ents.obj
 0001:000073d7       ?CL_OffsetThirdPersonView@@YAXXZ 004083d7 f   cl_ents.obj
 0001:000074bf       ?CL_AddEntities@@YAXXZ     004084bf f   cl_ents.obj
 0001:00008400       ?CL_ClearLightStyles@@YAXXZ 00409400 f   cl_fx.obj
 0001:00008482       ?CL_SetLightstyle@@YAXHPBD@Z 00409482 f   cl_fx.obj
 0001:000084e3       ?CL_AllocDlight@@YAPAUcdlight_t@@HABUCVec3@@@Z 004094e3 f   cl_fx.obj
 0001:0000854e       ?CL_AllocParticleTrace@@YAPAUparticleTrace_t@@ABUCVec3@@0MM@Z 0040954e f   cl_fx.obj
 0001:000085dd       ?CL_AllocParticleBeam@@YAPAUbeam_t@@ABUCVec3@@0MM@Z 004095dd f   cl_fx.obj
 0001:00008652       ?CL_AllocParticle@@YAPAUparticle_t@@XZ 00409652 f   cl_fx.obj
 0001:000086a5       ?CL_MetalSparks@@YAXABUCVec3@@0H@Z 004096a5 f   cl_fx.obj
 0001:000087a3       ?CL_AddEffects@@YAXXZ      004097a3 f   cl_fx.obj
 0001:00008eaa       ?CL_ClearEffects@@YAXXZ    00409eaa f   cl_fx.obj
 0001:00008f2c       ?CL_EntityEvent@@YAXPAUclEntityState_t@@@Z 00409f2c f   cl_fx.obj
 0001:000090e3       ?CL_ParseMuzzleFlash@@YAXXZ 0040a0e3 f   cl_fx.obj
 0001:00009453       ?CL_ParseMuzzleFlash2@@YAXXZ 0040a453 f   cl_fx.obj
 0001:000098c9       ?CL_ParticleEffect@@YAXABUCVec3@@0HH@Z 0040a8c9 f   cl_fx.obj
 0001:00009ab2       ?CL_ParticleEffect2@@YAXABUCVec3@@0HH@Z 0040aab2 f   cl_fx.obj
 0001:00009ada       ?CL_ParticleEffect3@@YAXABUCVec3@@0HH@Z 0040aada f   cl_fx.obj
 0001:00009b02       ?CL_TeleporterParticles@@YAXPAUclEntityState_t@@@Z 0040ab02 f   cl_fx.obj
 0001:00009b24       ?CL_LogoutEffect@@YAXABUCVec3@@H@Z 0040ab24 f   cl_fx.obj
 0001:00009b5c       ?CL_ItemRespawnParticles@@YAXABUCVec3@@@Z 0040ab5c f   cl_fx.obj
 0001:00009b7a       ?CL_ExplosionParticles@@YAXABUCVec3@@@Z 0040ab7a f   cl_fx.obj
 0001:00009b9b       ?CL_BFGExplosionParticles@@YAXABUCVec3@@@Z 0040ab9b f   cl_fx.obj
 0001:00009bbc       ?CL_TrackerExplosionParticles@@YAXABUCVec3@@@Z 0040abbc f   cl_fx.obj
 0001:00009bdd       ?CL_BlasterParticles@@YAXABUCVec3@@0I@Z 0040abdd f   cl_fx.obj
 0001:00009c04       ?CL_BlasterTrail@@YAXAAUcentity_t@@@Z 0040ac04 f   cl_fx.obj
 0001:00009d0b       ?CL_BlasterTrail2@@YAXAAUcentity_t@@@Z 0040ad0b f   cl_fx.obj
 0001:00009d22       ?CL_FlagTrail@@YAXAAUcentity_t@@H@Z 0040ad22 f   cl_fx.obj
 0001:00009d41       ?CL_RocketTrail@@YAXAAUcentity_t@@@Z 0040ad41 f   cl_fx.obj
 0001:00009d80       ?CL_BubbleTrail@@YAXABUCVec3@@0@Z 0040ad80 f   cl_fx.obj
 0001:00009e1c       ?CL_BubbleTrail2@@YAXABUCVec3@@0@Z 0040ae1c f   cl_fx.obj
 0001:00009e36       ?CL_TagTrail@@YAXAAUcentity_t@@@Z 0040ae36 f   cl_fx.obj
 0001:00009e4d       ?CL_DebugTrail@@YAXABUCVec3@@0@Z 0040ae4d f   cl_fx.obj
 0001:00009e67       ?CL_ForceWall@@YAXABUCVec3@@0H@Z 0040ae67 f   cl_fx.obj
 0001:00009e89       ?CL_BigTeleportParticles@@YAXABUCVec3@@@Z 0040ae89 f   cl_fx.obj
 0001:00009fc4       ?CL_BfgParticles@@YAXABUCVec3@@@Z 0040afc4 f   cl_fx.obj
 0001:0000a13e       ?CL_FlyEffect@@YAXAAUcentity_t@@@Z 0040b13e f   cl_fx.obj
 0001:0000a2ca       ?CL_DiminishingTrail@@YAXAAUcentity_t@@H@Z 0040b2ca f   cl_fx.obj
 0001:0000a424       ?CL_RailTrail@@YAXABUCVec3@@0@Z 0040b424 f   cl_fx.obj
 0001:0000a596       ?CL_RailTrailExt@@YAXABUCVec3@@0EE@Z 0040b596 f   cl_fx.obj
 0001:0000a6db       ?CL_IonripperTrail@@YAXAAUcentity_t@@@Z 0040b6db f   cl_fx.obj
 0001:0000a835       ?CL_TrapParticles@@YAXABUCVec3@@@Z 0040b835 f   cl_fx.obj
 0001:0000a9a8       ?CL_TeleportParticles@@YAXABUCVec3@@@Z 0040b9a8 f   cl_fx.obj
 0001:0000aade       ?CL_Heatbeam@@YAXABUCVec3@@0@Z 0040bade f   cl_fx.obj
 0001:0000ad84       ?CL_ParticleSteamEffect@@YAXABUCVec3@@0HHH@Z 0040bd84 f   cl_fx.obj
 0001:0000aeba       ?CL_ParticleSmokeEffect@@YAXABUCVec3@@0@Z 0040beba f   cl_fx.obj
 0001:0000afd3       ?CL_TrackerTrail@@YAXAAUcentity_t@@@Z 0040bfd3 f   cl_fx.obj
 0001:0000b14d       ?CL_TrackerShell@@YAXABUCVec3@@@Z 0040c14d f   cl_fx.obj
 0001:0000b1d9       ?CL_MonsterPlasmaShell@@YAXABUCVec3@@@Z 0040c1d9 f   cl_fx.obj
 0001:0000b262       ?CL_WidowSplash@@YAXABUCVec3@@@Z 0040c262 f   cl_fx.obj
 0001:0000b343       ?CL_InitInput@@YAXXZ       0040c343 f   cl_input.obj
 0001:0000b8f1       ?CL_SendCmd@@YAXXZ         0040c8f1 f   cl_input.obj
 0001:0000bed4       ?CL_WriteDemoMessage@@YAXXZ 0040ced4 f   cl_main.obj
 0001:0000bf16       ?Cmd_ForwardToServer@@YAXHPAPAD@Z 0040cf16 f   cl_main.obj
 0001:0000bfdb       ?CL_ForwardToServer_f@@YAXHPAPAD@Z 0040cfdb f   cl_main.obj
 0001:0000c024       ?CL_Pause@@YAX_N@Z         0040d024 f   cl_main.obj
 0001:0000c069       ?CL_Drop@@YAX_N@Z          0040d069 f   cl_main.obj
 0001:0000c094       ?CL_SendConnectPacket@@YAXXZ 0040d094 f   cl_main.obj
 0001:0000c0fa       ?CL_Connect_f@@YAX_NHPAPAD@Z 0040d0fa f   cl_main.obj
 0001:0000c167       ?CL_Rcon_f@@YAXHPAPAD@Z    0040d167 f   cl_main.obj
 0001:0000c253       ?CL_Disconnect@@YAXXZ      0040d253 f   cl_main.obj
 0001:0000c3fe       ?CL_Disconnect_f@@YAXXZ    0040d3fe f   cl_main.obj
 0001:0000c408       ?CL_Changing_f@@YAXXZ      0040d408 f   cl_main.obj
 0001:0000c430       ?CL_Reconnect_f@@YAXXZ     0040d430 f   cl_main.obj
 0001:0000c4cc       ?CL_PingServers_f@@YAXXZ   0040d4cc f   cl_main.obj
 0001:0000c888       ?CL_ConnectionlessPacket@@YAXXZ 0040d888 f   cl_main.obj
 0001:0000c985       ?CL_Userinfo_f@@YAXXZ      0040d985 f   cl_main.obj
 0001:0000c9a0       ?CL_RegisterSounds@@YAXXZ  0040d9a0 f   cl_main.obj
 0001:0000c9df       ?CL_Snd_Restart_f@@YAXXZ   0040d9df f   cl_main.obj
 0001:0000c9ee       ?CL_WriteConfiguration@@YAXPBD@Z 0040d9ee f   cl_main.obj
 0001:0000cad5       ?CL_WriteConfig_f@@YAX_NHPAPAD@Z 0040dad5 f   cl_main.obj
 0001:0000cb40       ?CL_FixCvarCheats@@YAXXZ   0040db40 f   cl_main.obj
 0001:0000cb91       ?CL_Frame@@YAXMM@Z         0040db91 f   cl_main.obj
 0001:0000d00e       ?CL_ClearState@@YAXXZ      0040e00e f   cl_main.obj
 0001:0000d04c       ?CL_Init@@YAXXZ            0040e04c f   cl_main.obj
 0001:0000d4fb       ?CL_Shutdown@@YAXXZ        0040e4fb f   cl_main.obj
 0001:0000d557       ?CL_ParseClientinfo@@YAXH@Z 0040e557 f   cl_parse.obj
 0001:0000d60f       ?CL_UpdatePlayerClientInfo@@YAXXZ 0040e60f f   cl_parse.obj
 0001:0000d650       ?CL_ParseServerMessage@@YAXXZ 0040e650 f   cl_parse.obj
 0001:0000de36       ?FreePlayerModelsInfo@@YAXXZ 0040ee36 f   cl_playermodel.obj
 0001:0000de5c       ?ScanPlayerModels@@YA_NXZ  0040ee5c f   cl_playermodel.obj
 0001:0000e256       ?RunAnimation@@YAXAAUclientInfo_t@@AAUanimState_t@@H@Z 0040f256 f   cl_playermodel.obj
 0001:0000e444       ?CL_LoadClientinfo@@YAXAAUclientInfo_t@@PBD_N@Z 0040f444 f   cl_playermodel.obj
 0001:0000f0d5       ?ParsePlayerEntity@@YAHAAUcentity_t@@AAUclientInfo_t@@PAUclEntityState_t@@ABUentity_t@@PAU4@HH@Z 004100d5 f   cl_playermodel.obj
 0001:0000fc2e       ?CreateAndInsert@?$TList@VCStringItem@@@@QAEPAVCStringItem@@PBDPAVCMemoryChain@@@Z 00410c2e f i cl_playermodel.obj
 0001:0000fc66       ?Insert@?$TList@VshaderScript_t@OpenGLDrv@@@@QAE_NPAVshaderScript_t@OpenGLDrv@@@Z 00410c66 f i cl_playermodel.obj
 0001:0000fc66       ?Insert@?$TList@VCStringItem@@@@QAE_NPAVCStringItem@@@Z 00410c66 f i cl_playermodel.obj
 0001:0000fc66       ?Insert@?$TList@VplayerModelInfo_t@@@@QAE_NPAVplayerModelInfo_t@@@Z 00410c66 f i cl_playermodel.obj
 0001:0000fc9c       ?CL_CheckPredictionError@@YAXXZ 00410c9c f   cl_pred.obj
 0001:0000fe2f       ?CL_EntityTrace@@YAXAAUtrace_t@@ABUCVec3@@1ABUCBox@@H@Z 00410e2f f   cl_pred.obj
 0001:00010189       ?CL_Trace@@YAXAAUtrace_t@@ABUCVec3@@1ABUCBox@@H@Z 00411189 f   cl_pred.obj
 0001:0001023a       ?CL_PMpointcontents@@YAHABUCVec3@@@Z 0041123a f   cl_pred.obj
 0001:000103d0       ?CL_PredictMovement@@YAXXZ 004113d0 f   cl_pred.obj
 0001:00010797       ?DrawString@@YAXHHPBD@Z    00411797 f   cl_scrn.obj
 0001:000107dc       ?SCR_DebugGraph@@YAXMH@Z   004117dc f   cl_scrn.obj
 0001:00010806       ?SCR_CenterPrint@@YAXPBD@Z 00411806 f   cl_scrn.obj
 0001:0001090c       ?Key_Message@@YAXH@Z       0041190c f   cl_scrn.obj
 0001:000109ac       ?SCR_SetLevelshot@@YAXPBD@Z 004119ac f   cl_scrn.obj
 0001:00010aac       ?SCR_BeginLoadingPlaque@@YAX_N@Z 00411aac f   cl_scrn.obj
 0001:00010b42       ?SCR_EndLoadingPlaque@@YAX_N@Z 00411b42 f   cl_scrn.obj
 0001:00010bc7       ?SCR_LoadingNotify@@YAXPBDM@Z 00411bc7 f   cl_scrn.obj
 0001:00010bf1       ?SCR_ShowConsole@@YAX_N0@Z 00411bf1 f   cl_scrn.obj
 0001:00010cb6       ?SCR_ToggleConsole@@YAXXZ  00411cb6 f   cl_scrn.obj
 0001:00010cde       ?SCR_TouchPics@@YAXXZ      00411cde f   cl_scrn.obj
 0001:00010d34       ?SCR_UpdateScreen@@YAXXZ   00411d34 f   cl_scrn.obj
 0001:000120c3       ?SCR_Init@@YAXXZ           004130c3 f   cl_scrn.obj
 0001:000123f4       ?sprintf@?$TString@$0BA@@@QAAHPBDZZ 004133f4 f i cl_scrn.obj
 0001:0001240e       ?CL_RegisterTEntSounds@@YAXXZ 0041340e f   cl_tent.obj
 0001:00012663       ?CL_RegisterTEntModels@@YAXXZ 00413663 f   cl_tent.obj
 0001:000127b4       ?CL_ClearTEnts@@YAXXZ      004137b4 f   cl_tent.obj
 0001:000127e5       ?CL_SmokeAndFlash@@YAXABUCVec3@@@Z 004137e5 f   cl_tent.obj
 0001:0001297d       ?CL_ParseTEnt@@YAXXZ       0041397d f   cl_tent.obj
 0001:00013b67       ?CL_AddTEnts@@YAXXZ        00414b67 f   cl_tent.obj
 0001:0001456c       ?V_AddEntity@@YAXPAUentity_t@@@Z 0041556c f   cl_view.obj
 0001:000145aa       ?V_AddEntity2@@YAXPAUentity_t@@@Z 004155aa f   cl_view.obj
 0001:000145dc       ?AddEntityWithEffects2@@YAXPAUentity_t@@I@Z 004155dc f   cl_view.obj
 0001:0001467d       ?AddEntityWithEffects@@YAXPAUentity_t@@I@Z 0041567d f   cl_view.obj
 0001:0001469e       ?V_AddLight@@YAXABUCVec3@@MMMM@Z 0041569e f   cl_view.obj
 0001:000146e3       ?V_TestEntities@@YAXXZ     004156e3 f   cl_view.obj
 0001:00014810       ?V_TestLights@@YAXXZ       00415810 f   cl_view.obj
 0001:000148e6       ?V_InitRenderer@@YAXXZ     004158e6 f   cl_view.obj
 0001:00014d1d       ?CalcFov@@YAMMMM@Z         00415d1d f   cl_view.obj
 0001:00014d8b       ?V_RenderView@@YA_NXZ      00415d8b f   cl_view.obj
 0001:00015b25       ?V_Init@@YAXXZ             00416b25 f   cl_view.obj
 0001:00015bd4       ?Con_ClearNotify@@YAXXZ    00416bd4 f   console.obj
 0001:00015be3       ?Con_CheckResize@@YAXXZ    00416be3 f   console.obj
 0001:00015d0a       ?Write@COutputDeviceCon@@UAEXPBD@Z 00416d0a f   console.obj
 0001:00015f10       ?Con_DrawNotify@@YAX_N@Z   00416f10 f   console.obj
 0001:000160e6       ?Con_DrawConsole@@YAXM@Z   004170e6 f   console.obj
 0001:0001639a       ?Con_ClearTyping@@YAXXZ    0041739a f   console.obj
 0001:000163b3       ?Key_Console@@YAXHH@Z      004173b3 f   console.obj
 0001:00016800       ?Con_Init@@YAXXZ           00417800 f   console.obj
 0001:0001696e       ?Key_KeynumToString@@YAPBDH@Z 0041796e f   keys.obj
 0001:00016a34       ?Draw@completeMenu_t@@UAEXXZ 00417a34 f i keys.obj
 0001:00016a65       ?KeyDown@completeMenu_t@@UAEPBDH@Z 00417a65 f i keys.obj
 0001:00016a91       ?Init@completeMenu_t@@UAE_NXZ 00417a91 f i keys.obj
 0001:00016bb8       ?CompleteMenuCallback@completeMenu_t@@SAXPAX@Z 00417bb8 f i keys.obj
 0001:00016c49       ?CompleteCommand@@YAXXZ    00417c49 f   keys.obj
 0001:0001735a       ?Key_SetBinding@@YAXHPBD@Z 0041835a f   keys.obj
 0001:0001739a       ?Key_FindBinding@@YAHPBDPAHH@Z 0041839a f   keys.obj
 0001:000173e8       ?Key_WriteBindings@@YAXPAVCOutputDevice@@@Z 004183e8 f   keys.obj
 0001:00017432       ?Key_Init@@YAXXZ           00418432 f   keys.obj
 0001:00017716       ?Key_Event@@YAXH_N@Z       00418716 f   keys.obj
 0001:00017a75       ?Key_ClearStates@@YAXXZ    00418a75 f   keys.obj
 0001:00017aaa       ?M_ForceMenuOn@@YAXXZ      00418aaa f   menu.obj
 0001:00017ac9       ?Draw@menuMain_t@@UAEXXZ   00418ac9 f i menu.obj
 0001:00017c05       ?KeyDown@menuMain_t@@UAEPBDH@Z 00418c05 f i menu.obj
 0001:00017cc6       ?Init@menuMain_t@@UAE_NXZ  00418cc6 f i menu.obj
 0001:00017cce       ?M_Menu_Main_f@@YAXXZ      00418cce f   menu.obj
 0001:00017ce8       ?Init@multiplayerMenu_t@@UAE_NXZ 00418ce8 f i menu.obj
 0001:00017e0c       ?Init@keysMenu_t@@UAE_NXZ  00418e0c f i menu.obj
 0001:00017ffa       ?KeyCursorDrawFunc@keysMenu_t@@SAXPAUmenuFramework_t@@@Z 00418ffa f i menu.obj
 0001:0001803d       ?DrawKeyBindingFunc@keysMenu_t@@SAXPAX@Z 0041903d f i menu.obj
 0001:00018104       ?KeyDown@keysMenu_t@@UAEPBDH@Z 00419104 f i menu.obj
 0001:000181b1       ?UnbindCommand@keysMenu_t@@QAEXPAD@Z 004191b1 f i menu.obj
 0001:000181f6       ?KeyBindingFunc@keysMenu_t@@QAEXPAX@Z 004191f6 f i menu.obj
 0001:00018258       ?Init@optionsMenu_t@@UAE_NXZ 00419258 f i menu.obj
 0001:0001860b       ?CrosshairFunc@optionsMenu_t@@SAXPAX@Z 0041960b f i menu.obj
 0001:00018633       ?JoystickFunc@optionsMenu_t@@SAXPAX@Z 00419633 f i menu.obj
 0001:00018648       ?AlwaysRunFunc@optionsMenu_t@@SAXPAX@Z 00419648 f i menu.obj
 0001:0001865d       ?MouseSpeedFunc@optionsMenu_t@@SAXPAX@Z 0041965d f i menu.obj
 0001:0001867a       ?InvertMouseFunc@optionsMenu_t@@SAXPAX@Z 0041967a f i menu.obj
 0001:000186b3       ?UpdateVolumeFunc@optionsMenu_t@@SAXPAX@Z 004196b3 f i menu.obj
 0001:000186d0       ?UpdateCDVolumeFunc@optionsMenu_t@@SAXPAX@Z 004196d0 f i menu.obj
 0001:000186ea       ?SetMenuItemValues@optionsMenu_t@@SAXXZ 004196ea f i menu.obj
 0001:00018832       ?ResetDefaultsFunc@optionsMenu_t@@SAXPAX@Z 00419832 f i menu.obj
 0001:00018847       ?UpdateSoundFunc@optionsMenu_t@@SAXPAX@Z 00419847 f i menu.obj
 0001:00018a4b       ?ScanCrosshairs@optionsMenu_t@@SAXXZ 00419a4b f i menu.obj
 0001:00018aa8       ?Draw@optionsMenu_t@@UAEXXZ 00419aa8 f i menu.obj
 0001:00018b0d       ?Draw@creditsMenu_t@@UAEXXZ 00419b0d f i menu.obj
 0001:00018bb4       ?KeyDown@creditsMenu_t@@UAEPBDH@Z 00419bb4 f i menu.obj
 0001:00018bf4       ?Init@creditsMenu_t@@UAE_NXZ 00419bf4 f i menu.obj
 0001:00018c75       ?Init@gameMenu_t@@UAE_NXZ  00419c75 f i menu.obj
 0001:00018e00       ?EasyGameFunc@gameMenu_t@@SAXPAX@Z 00419e00 f i menu.obj
 0001:00018e0c       ?StartGame@gameMenu_t@@SAXPBD@Z 00419e0c f i menu.obj
 0001:00018e67       ?MediumGameFunc@gameMenu_t@@SAXPAX@Z 00419e67 f i menu.obj
 0001:00018e73       ?HardGameFunc@gameMenu_t@@SAXPAX@Z 00419e73 f i menu.obj
 0001:00018e8f       ?Init@savegameMenu_t@@UAE_NXZ 00419e8f f i menu.obj
 0001:00018f9f       ?Create_Savestrings@savegameMenu_t@@QAEXXZ 00419f9f f i menu.obj
 0001:0001905f       ?LoadGameCallback@savegameMenu_t@@SAXPAX@Z 0041a05f f i menu.obj
 0001:0001908c       ?SaveGameCallback@savegameMenu_t@@SAXPAX@Z 0041a08c f i menu.obj
 0001:000190af       ?Draw@savegameMenu_t@@UAEXXZ 0041a0af f i menu.obj
 0001:000190ca       ?DrawSavegameShot@savegameMenu_t@@QAEXHH@Z 0041a0ca f i menu.obj
 0001:000191a5       ?Init@joinserverMenu_t@@UAE_NXZ 0041a1a5 f i menu.obj
 0001:000192dc       ?JoinServerFunc@joinserverMenu_t@@SAXPAX@Z 0041a2dc f i menu.obj
 0001:00019341       ?SearchLocalGames@joinserverMenu_t@@SAXXZ 0041a341 f i menu.obj
 0001:000193ac       ?M_AddToServerList@@YAXUnetadr_t@@PAD@Z 0041a3ac f   menu.obj
 0001:00019437       ?Init@startserverMenu_t@@UAE_NXZ 0041a437 f i menu.obj
 0001:000198c5       ?DMOptionsFunc@startserverMenu_t@@SAXPAX@Z 0041a8c5 f i menu.obj
 0001:000198d5       ?RulesChangeFunc@startserverMenu_t@@SAXPAX@Z 0041a8d5 f i menu.obj
 0001:0001994d       ?StartServerActionFunc@startserverMenu_t@@SAXPAX@Z 0041a94d f i menu.obj
 0001:00019978       ?StartServerFunc@startserverMenu_t@@SAXPBD@Z 0041a978 f i menu.obj
 0001:00019b54       ?KeyDown@startserverMenu_t@@UAEPBDH@Z 0041ab54 f i menu.obj
 0001:00019bb3       ?Init@dmoptionsMenu_t@@UAE_NXZ 0041abb3 f i menu.obj
 0001:0001a190       ?DMFlagCallback@dmoptionsMenu_t@@SAXPAX@Z 0041b190 f i menu.obj
 0001:0001a36e       ?Init@downloadOptionsMenu_t@@UAE_NXZ 0041b36e f i menu.obj
 0001:0001a548       ?DownloadCallback@downloadOptionsMenu_t@@SAXPAX@Z 0041b548 f i menu.obj
 0001:0001a5b6       ?Init@addressBookMenu_t@@UAE_NXZ 0041b5b6 f i menu.obj
 0001:0001a65c       ?KeyDown@addressBookMenu_t@@UAEPBDH@Z 0041b65c f i menu.obj
 0001:0001a6bb       ?Init@playerConfigMenu_t@@UAE_NXZ 0041b6bb f i menu.obj
 0001:0001ac02       ?HandednessCallback@playerConfigMenu_t@@SAXPAX@Z 0041bc02 f i menu.obj
 0001:0001ac17       ?RTypeCallback@playerConfigMenu_t@@SAXPAX@Z 0041bc17 f i menu.obj
 0001:0001ac2c       ?RColorCallback@playerConfigMenu_t@@SAXPAX@Z 0041bc2c f i menu.obj
 0001:0001ac41       ?RateCallback@playerConfigMenu_t@@SAXPAX@Z 0041bc41 f i menu.obj
 0001:0001ac64       ?ModelCallback@playerConfigMenu_t@@SAXPAX@Z 0041bc64 f i menu.obj
 0001:0001ac98       ?SkinCallback@playerConfigMenu_t@@SAXPAX@Z 0041bc98 f i menu.obj
 0001:0001aca0       ?Draw@playerConfigMenu_t@@UAEXXZ 0041bca0 f i menu.obj
 0001:0001af82       ?KeyDown@playerConfigMenu_t@@UAEPBDH@Z 0041bf82 f i menu.obj
 0001:0001b062       ?Init@dmbrowseMenu_t@@UAE_NXZ 0041c062 f i menu.obj
 0001:0001b26b       ?KeyDown@dmbrowseMenu_t@@UAEPBDH@Z 0041c26b f i menu.obj
 0001:0001b443       ?Draw@dmbrowseMenu_t@@UAEXXZ 0041c443 f i menu.obj
 0001:0001b590       ?DrawThumbnail@dmbrowseMenu_t@@SAXHHHHPAD_N@Z 0041c590 f i menu.obj
 0001:0001b66a       ?Init@videoMenu_t@@UAE_NXZ 0041c66a f i menu.obj
 0001:0001bc43       ?ScreenSizeCallback@videoMenu_t@@SAXPAX@Z 0041cc43 f i menu.obj
 0001:0001bc64       ?BrightnessCallback@videoMenu_t@@SAXPAX@Z 0041cc64 f i menu.obj
 0001:0001bc85       ?ContrastCallback@videoMenu_t@@SAXPAX@Z 0041cc85 f i menu.obj
 0001:0001bcc1       ?CancelChanges@videoMenu_t@@SAXPAX@Z 0041ccc1 f i menu.obj
 0001:0001bd0e       ?KeyDown@videoMenu_t@@UAEPBDH@Z 0041cd0e f i menu.obj
 0001:0001bd57       ?ApplyChanges@videoMenu_t@@SAXPAX@Z 0041cd57 f i menu.obj
 0001:0001bf0e       ?KeyDown@quitMenu_t@@UAEPBDH@Z 0041cf0e f i menu.obj
 0001:0001bf4b       ?Draw@quitMenu_t@@UAEXXZ   0041cf4b f i menu.obj
 0001:0001bfbb       ?M_Init@@YAXXZ             0041cfbb f   menu.obj
 0001:0001c19d       ?ItemAtCursor@menuFramework_t@@QAEPAUmenuCommon_t@@XZ 0041d19d f   qmenu.obj
 0001:0001c1f1       ?AddItem@menuFramework_t@@QAEXPAUmenuCommon_t@@@Z 0041d1f1 f   qmenu.obj
 0001:0001c2ad       ?AdjustCursor@menuFramework_t@@QAEXH@Z 0041d2ad f   qmenu.obj
 0001:0001c425       ?Center@menuFramework_t@@QAEXXZ 0041d425 f   qmenu.obj
 0001:0001c466       ?Draw@menuFramework_t@@UAEXXZ 0041d466 f   qmenu.obj
 0001:0001ca1f       ?SelectItem@menuFramework_t@@QAE_NXZ 0041da1f f   qmenu.obj
 0001:0001ca84       ?SetStatusBar@menuFramework_t@@QAEXPBD@Z 0041da84 f   qmenu.obj
 0001:0001ca91       ?SlideItem@menuFramework_t@@QAEXH@Z 0041da91 f   qmenu.obj
 0001:0001d02f       ?Push@menuFramework_t@@QAEXXZ 0041e02f f   qmenu.obj
 0001:0001d0ae       ?M_ForceMenuOff@@YAXXZ     0041e0ae f   qmenu.obj
 0001:0001d0db       ?Pop@menuFramework_t@@QAEXXZ 0041e0db f   qmenu.obj
 0001:0001d115       ?KeyDown@menuFramework_t@@UAEPBDH@Z 0041e115 f   qmenu.obj
 0001:0001d38d       ?Init@menuFramework_t@@UAE_NXZ 0041e38d f   qmenu.obj
 0001:0001d390       ?M_Draw@@YAXXZ             0041e390 f   qmenu.obj
 0001:0001d3cb       ?M_Keydown@@YAXH@Z         0041e3cb f   qmenu.obj
 0001:0001d3ed       ?InitRendererVars@@YAXXZ   0041e3ed f   ref_vars.obj
 0001:0001d40c       ?S_SoundInfo_f@@YAXXZ      0041e40c f   snd_dma.obj
 0001:0001d486       ?S_Init@@YAXXZ             0041e486 f   snd_dma.obj
 0001:0001d558       ?S_Shutdown@@YAXXZ         0041e558 f   snd_dma.obj
 0001:0001d5eb       ?S_BeginRegistration@@YAXXZ 0041e5eb f   snd_dma.obj
 0001:0001d5f9       ?S_RegisterSound@@YAPAUsfx_t@@PBD@Z 0041e5f9 f   snd_dma.obj
 0001:0001d7a4       ?S_EndRegistration@@YAXXZ  0041e7a4 f   snd_dma.obj
 0001:0001d82d       ?S_PickChannel@@YAPAUchannel_t@@HH@Z 0041e82d f   snd_dma.obj
 0001:0001d8bb       ?S_Spatialize@@YAXPAUchannel_t@@@Z 0041e8bb f   snd_dma.obj
 0001:0001da9d       ?S_AllocPlaysound@@YAPAUplaysound_t@@XZ 0041ea9d f   snd_dma.obj
 0001:0001dabf       ?S_FreePlaysound@@YAXPAUplaysound_t@@@Z 0041eabf f   snd_dma.obj
 0001:0001daf2       ?S_IssuePlaysound@@YAXPAUplaysound_t@@@Z 0041eaf2 f   snd_dma.obj
 0001:0001dbc3       ?S_StartSound@@YAXPBUCVec3@@HHPAUsfx_t@@MMM@Z 0041ebc3 f   snd_dma.obj
 0001:0001df84       ?S_StartLocalSound@@YAXPBD@Z 0041ef84 f   snd_dma.obj
 0001:0001dfd6       ?S_ClearBuffer@@YAXXZ      0041efd6 f   snd_dma.obj
 0001:0001e03f       ?S_StopAllSounds_f@@YAXXZ  0041f03f f   snd_dma.obj
 0001:0001e0af       ?S_AddLoopSounds@@YAXXZ    0041f0af f   snd_dma.obj
 0001:0001e285       ?S_RawSamples@@YAXHHHHPAE@Z 0041f285 f   snd_dma.obj
 0001:0001e489       ?S_Update@@YAXABUCVec3@@0@Z 0041f489 f   snd_dma.obj
 0001:0001e55f       ?GetSoundtime@@YAXXZ       0041f55f f   snd_dma.obj
 0001:0001e5c6       ?S_Update_@@YAXXZ          0041f5c6 f   snd_dma.obj
 0001:0001e879       ?S_LoadSound@@YAPAUsfxcache_t@@PAUsfx_t@@@Z 0041f879 f   snd_mem.obj
 0001:0001ee0a       ?S_WriteLinearBlastStereo16@@YAXXZ 0041fe0a f   snd_mix.obj
 0001:0001ee74       ?S_TransferStereo16@@YAXPAKH@Z 0041fe74 f   snd_mix.obj
 0001:0001eedf       ?S_TransferPaintBuffer@@YAXH@Z 0041fedf f   snd_mix.obj
 0001:0001f043       ?S_PaintChannels@@YAXH@Z   00420043 f   snd_mix.obj
 0001:0001f2bf       ?S_InitScaletable@@YAXXZ   004202bf f   snd_mix.obj
 0001:0001f404       ?SV_ComputeAnimation@@YAXPAUplayer_state_t@@AAUentityStateEx_t@@PAU2@PAUedict_s@@@Z 00420404 f   sv_anim.obj
 0001:0001f8c1       ?SV_ReadLevelFile@@YAXXZ   004208c1 f   sv_ccmds.obj
 0001:0001f966       ?SV_AddressBanned@@YA_NPAUnetadr_t@@@Z 00420966 f   sv_ccmds.obj
 0001:0001f9aa       ?SV_InitCommands@@YAXXZ    004209aa f   sv_ccmds.obj
 0001:00020e36       ?sprintf@?$TString@$0CI@@@QAAHPBDZZ 00421e36 f i sv_ccmds.obj
 0001:00020e50       ?SV_WriteFrameToClient@@YAXPAUclient_t@@PAVsizebuf_t@@@Z 00421e50 f   sv_ents.obj
 0001:0002158a       ?SV_RecordDemoMessage@@YAXXZ 0042258a f   sv_ents.obj
 0001:00021758       ?SV_MulticastOld@@YAXABUCVec3@@W4multicast_t@@@Z 00422758 f i sv_game.obj
 0001:0002176d       ?SV_StartSoundOld@@YAXPBUCVec3@@PAUedict_s@@HHMMM@Z 0042276d f i sv_game.obj
 0001:000221e3       ?SV_InitGameLibrary@@YAX_N@Z 004231e3 f   sv_game.obj
 0001:000224d8       ?SV_ShutdownGameLibrary@@YAXXZ 004234d8 f   sv_game.obj
 0001:00022635       ?SV_FindIndex@@YAHPBDHH_N@Z 00423635 f   sv_init.obj
 0001:0002274c       ?SV_ModelIndex@@YAHPBD@Z   0042374c f   sv_init.obj
 0001:00022765       ?SV_SoundIndex@@YAHPBD@Z   00423765 f   sv_init.obj
 0001:00022781       ?SV_ImageIndex@@YAHPBD@Z   00423781 f   sv_init.obj
 0001:0002279d       ?SV_CreateBaseline@@YAXXZ  0042379d f   sv_init.obj
 0001:0002281a       ?SV_SpawnServer@@YAXPAD0W4server_state_t@@_N2@Z 0042381a f   sv_init.obj
 0001:00022b88       ?SV_InitGame@@YAXXZ        00423b88 f   sv_init.obj
 0001:00022db1       ?SV_Map@@YAX_NPBD0@Z       00423db1 f   sv_init.obj
 0001:00022f76       ?SV_DropClient@@YAXPAUclient_t@@PAD@Z 00423f76 f   sv_main.obj
 0001:000239ab       ??0COutputDeviceMem@@QAE@H@Z 004249ab f i sv_main.obj
 0001:000239dc       ?Write@COutputDeviceMem@@UAEXPBD@Z 004249dc f i sv_main.obj
 0001:00023a63       ??_ECOutputDeviceMem@@UAEPAXI@Z 00424a63 f i sv_main.obj
 0001:00023a63       ??_GCOutputDeviceMem@@UAEPAXI@Z 00424a63 f i sv_main.obj
 0001:00023a82       ??1COutputDeviceMem@@UAE@XZ 00424a82 f i sv_main.obj
 0001:00023aa1       ?SV_CalcPings@@YAXXZ       00424aa1 f   sv_main.obj
 0001:00023b28       ?SV_GiveMsec@@YAXXZ        00424b28 f   sv_main.obj
 0001:00023b67       ?SV_ReadPackets@@YAXXZ     00424b67 f   sv_main.obj
 0001:00023d7a       ?SV_CheckTimeouts@@YAXXZ   00424d7a f   sv_main.obj
 0001:00023e8b       ?SV_PostprocessFrame@@YAXXZ 00424e8b f   sv_main.obj
 0001:00024367       ?SV_MulticastHook@@YAPAVsizebuf_t@@PAV1@0@Z 00425367 f   sv_main.obj
 0001:00024743       ?SV_TraceHook@@YAXAAUtrace0_t@@ABUCVec3@@PBU2@21PAUedict_s@@H@Z 00425743 f   sv_main.obj
 0001:000248d1       ?SV_Frame@@YAXM@Z          004258d1 f   sv_main.obj
 0001:00024b8e       ?SV_UserinfoChanged@@YAXPAUclient_t@@@Z 00425b8e f   sv_main.obj
 0001:00024c50       ?SV_InitVars@@YAXXZ        00425c50 f   sv_main.obj
 0001:00024c5f       ?SV_Init@@YAXXZ            00425c5f f   sv_main.obj
 0001:00024cb8       ?SV_Shutdown@@YAXPBD_N@Z   00425cb8 f   sv_main.obj
 0001:00024ec5       ?SV_ClientPrintf@@YAXPAUclient_t@@HPBDZZ 00425ec5 f   sv_send.obj
 0001:00024f20       ?SV_BroadcastPrintf@@YAXHPBDZZ 00425f20 f   sv_send.obj
 0001:00024ff6       ?SV_BroadcastCommand@@YAXPBDZZ 00425ff6 f   sv_send.obj
 0001:00025050       ?SV_Multicast@@YAXABUCVec3@@W4multicast_t@@_N@Z 00426050 f   sv_send.obj
 0001:00025263       ?SV_StartSound@@YAXPBUCVec3@@PAUedict_s@@HHMMM_N@Z 00426263 f   sv_send.obj
 0001:000254fc       ?SV_SendClientDatagram@@YA_NPAUclient_t@@@Z 004264fc f   sv_send.obj
 0001:000255be       ?SV_DemoCompleted@@YAXXZ   004265be f   sv_send.obj
 0001:000255da       ?SV_SendClientMessages@@YAXXZ 004265da f   sv_send.obj
 0001:0002578d       ?SV_DrawText3D@@YAXABUCVec3@@PBDI@Z 0042678d f   sv_text.obj
 0001:000257c5       ?SV_ClearTexts@@YAXXZ      004267c5 f   sv_text.obj
 0001:000257cd       ?SV_DrawTexts@@YAXXZ       004267cd f   sv_text.obj
 0001:00025822       ??0?$TTextContainer@UCSVText@@$0BAAAA@@@QAE@XZ 00426822 f i sv_text.obj
 0001:00025847       ?SV_TokenizeString@@YAXPBD@Z 00426847 f   sv_tokenize.obj
 0001:0002591e       ?SV_Argc@@YAHXZ            0042691e f   sv_tokenize.obj
 0001:00025924       ?SV_Argv@@YAPADH@Z         00426924 f   sv_tokenize.obj
 0001:00025942       ?SV_Args@@YAPADXZ          00426942 f   sv_tokenize.obj
 0001:0002620d       ?SV_Nextserver@@YAXXZ      0042720d f   sv_user.obj
 0001:000262a1       ?SV_ClientThink@@YAXPAUclient_t@@PAUusercmd_t@@@Z 004272a1 f   sv_user.obj
 0001:00026332       ?SV_ExecuteClientMessage@@YAXPAUclient_t@@@Z 00427332 f   sv_user.obj
 0001:00026682       ?SV_ClearWorld@@YAXXZ      00427682 f   sv_world.obj
 0001:000267c0       ?SV_UnlinkEdict@@YAXPAUedict_s@@@Z 004277c0 f   sv_world.obj
 0001:00026886       ?SV_LinkEdict@@YAXPAUedict_s@@@Z 00427886 f   sv_world.obj
 0001:00026eaa       ?SV_AreaEdicts@@YAHABUCVec3@@0PAPAUedict_s@@HH@Z 00427eaa f   sv_world.obj
 0001:00027048       ?SV_PointContents@@YAHABUCVec3@@@Z 00428048 f   sv_world.obj
 0001:0002716e       ?SV_Trace@@YAXAAUtrace_t@@ABUCVec3@@1ABUCBox@@PAUedict_s@@H@Z 0042816e f   sv_world.obj
 0001:000275eb       ?InitByteDirs@@YAXXZ       004285eb f   anorms.obj
 0001:0002762a       ?Cbuf_AddText@@YAXPBD@Z    0042862a f   cmd.obj
 0001:00027690       ?Cbuf_CopyToDefer@@YAXXZ   00428690 f   cmd.obj
 0001:000276d8       ?Cbuf_InsertFromDefer@@YAXXZ 004286d8 f   cmd.obj
 0001:00027794       ?Cbuf_Execute@@YAXXZ       00428794 f   cmd.obj
 0001:000278a4       ?Cmd_Unalias_f@@YAX_NHPAPAD@Z 004288a4 f   cmd.obj
 0001:0002791c       ?Cmd_WriteAliases@@YAXPAVCOutputDevice@@@Z 0042891c f   cmd.obj
 0001:0002794f       ?RegisterCommand@@YA_NPBDP6AXXZI@Z 0042894f f   cmd.obj
 0001:00027a30       ?UnregisterCommand@@YA_NPBD@Z 00428a30 f   cmd.obj
 0001:00027ac1       ?ExecuteCommand@@YA_NPBD@Z 00428ac1 f   cmd.obj
 0001:00027f04       ?ExecuteCommand@@YA_NPBDPBUCSimpleCommand@@H@Z 00428f04 f   cmd.obj
 0001:00028346       ?LoadLeafBrushes3@@YAXPAIH@Z 00429346 f   cmodel.obj
 0001:000283b3       ?CM_LoadMap@@YAPAUcmodel_t@@PBD_NPAI@Z 004293b3 f   cmodel.obj
 0001:00028a02       ?LoadLeafBrushes@@YAXPAGH@Z 00429a02 f i cmodel.obj
 0001:00029ab1       ?CM_BuildBrush@@YAPAUCBrush@@HPAVCMemoryChain@@@Z 0042aab1 f   cmodel.obj
 0001:00029b83       ?CM_InlineModel@@YAPAUcmodel_t@@PBD@Z 0042ab83 f   cmodel.obj
 0001:00029bae       ?CM_InlineModel@@YAPAUcmodel_t@@H@Z 0042abae f   cmodel.obj
 0001:00029bd6       ?CM_NumClusters@@YAHXZ     0042abd6 f   cmodel.obj
 0001:00029be6       ?CM_NumInlineModels@@YAHXZ 0042abe6 f   cmodel.obj
 0001:00029bec       ?CM_LeafContents@@YAHH@Z   0042abec f   cmodel.obj
 0001:00029c16       ?CM_LeafCluster@@YAHH@Z    0042ac16 f   cmodel.obj
 0001:00029c8c       ?CM_LeafArea@@YAHH@Z       0042ac8c f   cmodel.obj
 0001:00029e1b       ?CM_HeadnodeForBox@@YAHABUCBox@@@Z 0042ae1b f   cmodel.obj
 0001:00029e9e       ?CM_PointLeafnum@@YAHABUCVec3@@H@Z 0042ae9e f   cmodel.obj
 0001:00029f41       ?DistanceTo@CPlane@@QBEMABUCVec3@@@Z 0042af41 f i cmodel.obj
 0001:00029f86       ?CM_PointContents@@YAHABUCVec3@@H@Z 0042af86 f   cmodel.obj
 0001:00029ff9       ?CM_TransformedPointContents@@YAHABUCVec3@@H00@Z 0042aff9 f   cmodel.obj
 0001:0002a0da       ?CM_TransformedPointContents@@YAHABUCVec3@@H0ABUCAxis@@@Z 0042b0da f   cmodel.obj
 0001:0002a185       ?CM_BoxLeafnums@@YAHABUCBox@@PAHH1H@Z 0042b185 f   cmodel.obj
 0001:0002a298       ?BOX_ON_PLANE_SIDE@@YAHABUCBox@@ABUCPlane@@@Z 0042b298 f i cmodel.obj
 0001:0002a303       ?CM_BoxTrace@@YAXAAUtrace_t@@ABUCVec3@@1ABUCBox@@HI@Z 0042b303 f   cmodel.obj
 0001:0002aa77       ?SplitTrace@@YAMABUCVec3@@0ABUCPlane@@AAM2_N@Z 0042ba77 f i cmodel.obj
 0001:0002af40       ?CM_TransformedBoxTrace@@YAXAAUtrace_t@@ABUCVec3@@1ABUCBox@@HI11@Z 0042bf40 f   cmodel.obj
 0001:0002b0b3       ?CM_TransformedBoxTrace@@YAXAAUtrace_t@@ABUCVec3@@1ABUCBox@@HI1ABUCAxis@@@Z 0042c0b3 f   cmodel.obj
 0001:0002b170       ?CM_CombineTrace@@YA_NAAUtrace_t@@ABU1@@Z 0042c170 f   cmodel.obj
 0001:0002b1bd       ?CM_ClipTraceToModels@@YAXAAUtrace_t@@ABUCVec3@@1ABUCBox@@I@Z 0042c1bd f   cmodel.obj
 0001:0002b2bf       ?CM_PointModelContents@@YAHABUCVec3@@@Z 0042c2bf f   cmodel.obj
 0001:0002b319       ?CM_BrushTrace@@YAHABUCVec3@@0PAHH@Z 0042c319 f   cmodel.obj
 0001:0002b64d       ?CM_RefineBrushTrace@@YAHABUCVec3@@0PAHH@Z 0042c64d f   cmodel.obj
 0001:0002b6f3       ?CM_ClusterPVS@@YAPBEH@Z   0042c6f3 f   cmodel.obj
 0001:0002b82b       ?CM_SetAreaPortalState@@YAXH_N@Z 0042c82b f   cmodel.obj
 0001:0002b853       ?CM_AreasConnected@@YA_NHH@Z 0042c853 f   cmodel.obj
 0001:0002b89a       ?CM_WriteAreaBits@@YAHPAEH@Z 0042c89a f   cmodel.obj
 0001:0002b93c       ?CM_WritePortalState@@YAXPAU_iobuf@@@Z 0042c93c f   cmodel.obj
 0001:0002b959       ?CM_ReadPortalState@@YAXPAU_iobuf@@@Z 0042c959 f   cmodel.obj
 0001:0002b97b       ?CM_HeadnodeVisible@@YA_NHPBE@Z 0042c97b f   cmodel.obj
 0001:0002ba56       ??E?$TStringSplitter@$0EA@$0DL@@@QAEXXZ 0042ca56 f i cmodel.obj
 0001:0002bab8       ?LoadNodes@@YAXPAUdBsp2Node_t@@H@Z 0042cab8 f i cmodel.obj
 0001:0002bb22       ?LoadNodes@@YAXPAUdBsp1Node_t@@H@Z 0042cb22 f i cmodel.obj
 0001:0002bb8e       ?LoadNodes@@YAXPAUdBsp3Node_t@@H@Z 0042cb8e f i cmodel.obj
 0001:0002bbf8       ?Com_DPrintf@@YAXPBDZZ     0042cbf8 f   common.obj
 0001:0002bc71       ?DebugPrintf@@YAXPBDZZ     0042cc71 f   common.obj
 0001:0002bd20       ?IPWildcard@@YA_NPAUnetadr_t@@PBD@Z 0042cd20 f   common.obj
 0001:0002bdfa       ?Com_ServerState@@YA?AW4server_state_t@@XZ 0042cdfa f   common.obj
 0001:0002be00       ?Com_SetServerState@@YAXW4server_state_t@@@Z 0042ce00 f   common.obj
 0001:0002be0d       ?crand@@YAMXZ              0042ce0d f   common.obj
 0001:0002be2b       ?Info_ValueForKey@@YAPBDPBD0@Z 0042ce2b f   common.obj
 0001:0002beaa       ?Info_SetValueForKey@@YAXPADPBD1@Z 0042ceaa f   common.obj
 0001:0002bfe1       ?Info_Print@@YAXPBD@Z      0042cfe1 f   common.obj
 0001:0002c067       ?LerpAngle@@YAMMMM@Z       0042d067 f   common.obj
 0001:0002c0ab       ?ReduceAngle@@YAMM@Z       0042d0ab f   common.obj
 0001:0002c0d7       ?AngleSubtract@@YAMMM@Z    0042d0d7 f   common.obj
 0001:0002c110       ?AnglesSubtract@@YAXABUCVec3@@0AAU1@@Z 0042d110 f   common.obj
 0001:0002c169       ?COM_Parse@@YAPADAAPBD_N@Z 0042d169 f   common.obj
 0001:0002c28b       ?COM_QuoteString@@YAPBDPBD_N@Z 0042d28b f   common.obj
 0001:0002c2e8       ?Com_CheckCmdlineVar@@YA_NPBD@Z 0042d2e8 f   common.obj
 0001:0002c341       ?Com_Init@@YAXPBD@Z        0042d341 f   common.obj
 0001:0002c6e8       ?Com_Frame@@YAXM@Z         0042d6e8 f   common.obj
 0001:0002cafc       ?Com_BlockSequenceCRCByte@@YAEPAEHH@Z 0042dafc f   crc.obj
 0001:0002cbb4       ?Cvar_VariableValue@@YAMPBD@Z 0042dbb4 f   cvar.obj
 0001:0002cc2b       ?Cvar_VariableInt@@YAHPBD@Z 0042dc2b f   cvar.obj
 0001:0002cc42       ?Cvar_VariableString@@YAPBDPBD@Z 0042dc42 f   cvar.obj
 0001:0002cc5e       ?Cvar_Get@@YAPAUcvar_t@@PBD0H@Z 0042dc5e f   cvar.obj
 0001:0002cf2b       ?Cvar_GetVars@@YAXPBUcvarInfo_t@@H@Z 0042df2b f   cvar.obj
 0001:0002cfd5       ?Cvar_FullSet@@YAXPAUcvar_t@@PBDI@Z 0042dfd5 f   cvar.obj
 0001:0002cff5       ?Cvar_FullSet@@YAPAUcvar_t@@PBD0I@Z 0042dff5 f   cvar.obj
 0001:0002d035       ?Cvar_SetValue@@YAPAUcvar_t@@PBDM@Z 0042e035 f   cvar.obj
 0001:0002d1ce       ?Cvar_SetInteger@@YAPAUcvar_t@@PBDH@Z 0042e1ce f   cvar.obj
 0001:0002d1f2       ?Cvar_Set@@YAPAUcvar_t@@PBD0@Z 0042e1f2 f   cvar.obj
 0001:0002d209       ?Cvar_ForceSet@@YAPAUcvar_t@@PBD0@Z 0042e209 f   cvar.obj
 0001:0002d220       ?Cvar_Clamp@@YAMPAUcvar_t@@MM@Z 0042e220 f   cvar.obj
 0001:0002d27e       ?Cvar_Command@@YA_NHPAPAD@Z 0042e27e f   cvar.obj
 0001:0002d319       ?IsDefault@cvar_t@@QAE_NXZ 0042e319 f i cvar.obj
 0001:0002d336       ?Cvar_WriteVariables@@YAXPAVCOutputDevice@@HHPBD@Z 0042e336 f   cvar.obj
 0001:0002d3bc       ?Cvar_BitInfo@@YAPBDI@Z    0042e3bc f   cvar.obj
 0001:0002d40e       ?Cvar_Cheats@@YAX_N@Z      0042e40e f   cvar.obj
 0001:0002dc85       ?MSG_WriteDeltaEntity@@YAXPAVsizebuf_t@@PBUentityStateEx_t@@PAU2@_N33@Z 0042ec85 f   entdelta.obj
 0001:0002e241       ?MSG_WriteRemoveEntity@@YAXPAVsizebuf_t@@H@Z 0042f241 f   entdelta.obj
 0001:0002e281       ?MSG_ReadEntityBits@@YAHPAVsizebuf_t@@PAIPA_N@Z 0042f281 f   entdelta.obj
 0001:0002e2f3       ?MSG_ReadDeltaEntity@@YAXPAVsizebuf_t@@PBUentityStateEx_t@@PAU2@I@Z 0042f2f3 f   entdelta.obj
 0001:0002e376       ?MSG_WriteDeltaUsercmd@@YAXPAVsizebuf_t@@PBUusercmd_t@@PAU2@@Z 0042f376 f   entdelta.obj
 0001:0002e405       ?MSG_ReadDeltaUsercmd@@YAXPAVsizebuf_t@@PBUusercmd_t@@PAU2@@Z 0042f405 f   entdelta.obj
 0001:0002e708       ?MSG_WriteDeltaPlayerstate@@YAXPAVsizebuf_t@@PBUplayer_state_t@@PAU2@@Z 0042f708 f   entdelta.obj
 0001:0002e811       ?MSG_ReadDeltaPlayerstate@@YAXPAVsizebuf_t@@PBUplayer_state_t@@PAU2@@Z 0042f811 f   entdelta.obj
 0001:0002e8cb       ?ProcessEntstring@@YAPBDPBD@Z 0042f8cb f   EntityParser.obj
 0001:0003078b       ?LoadPCX@@YAPAEPBDAAH1AAPAE@Z 0043178b f   images.obj
 0001:000308c6       ?LoadTGA@@YAPAEPBDAAH1@Z   004318c6 f   images.obj
 0001:00030b5a       ?LoadJPG@@YAPAEPBDAAH1@Z   00431b5a f   images.obj
 0001:00030e0e       ?ImageExists@@YAHPBDH@Z    00431e0e f   images.obj
 0001:00030f32       ?WriteTGA@@YA_NPBDPAEHH@Z  00431f32 f   images.obj
 0001:00031126       ?WriteJPG@@YA_NPBDPAEHH_N@Z 00432126 f   images.obj
 0001:00031257       ??0CBrush@@QAE@ABUCBox@@@Z 00432257 f   MapBrush.obj
 0001:000313a8       ?Split@CBrush@@QAEPAU1@PAUCPlane@@@Z 004323a8 f   MapBrush.obj
 0001:00031dfa       ?GetVec@CAllocVertexPool@@QAEPAUCVec3@@ABU2@@Z 00432dfa f i MapBrush.obj
 0001:00031e8e       ?GetBounds@CBrush@@QAEXAAUCBox@@@Z 00432e8e f   MapBrush.obj
 0001:00031f10       ?AddBevels@CBrush@@QAEXP6APAUCPlane@@ABUCVec3@@M@Z@Z 00432f10 f   MapBrush.obj
 0001:00032204       ?Negate@CVec3@@QAEXXZ      00433204 f i MapBrush.obj
 0001:00032212       ?MD4Init@@YAXPAUMD4_CTX@@@Z 00433212 f   md4.obj
 0001:0003223a       ?MD4Update@@YAXPAUMD4_CTX@@PAEI@Z 0043323a f   md4.obj
 0001:000322d8       ?MD4Final@@YAXQAEPAUMD4_CTX@@@Z 004332d8 f   md4.obj
 0001:000329c9       ?Com_BlockChecksum@@YAIPAXH@Z 004339c9 f   md4.obj
 0001:00032a05       ?LoadQ2BspFile@@YAXXZ      00433a05 f   model.obj
 0001:00032f83       ?LoadQ1BspFile@@YAXXZ      00433f83 f   model.obj
 0001:0003330a       ?LoadQ3BspFile@@YAXXZ      0043430a f   model.obj
 0001:0003357b       ?LoadBspFile@@YAPAUbspfile_t@@PBD_NPAI@Z 0043457b f   model.obj
 0001:0003377c       ?Init@sizebuf_t@@QAEXPAXH@Z 0043477c f   msg.obj
 0001:00033799       ?Write@sizebuf_t@@QAEXPBXH@Z 00434799 f   msg.obj
 0001:0003380b       ?MSG_WriteChar@@YAXPAVsizebuf_t@@H@Z 0043480b f   msg.obj
 0001:0003380b       ?MSG_WriteByte@@YAXPAVsizebuf_t@@H@Z 0043480b f   msg.obj
 0001:0003381e       ?MSG_WriteShort@@YAXPAVsizebuf_t@@H@Z 0043481e f   msg.obj
 0001:00033831       ?MSG_WriteLong@@YAXPAVsizebuf_t@@H@Z 00434831 f   msg.obj
 0001:00033844       ?MSG_WriteFloat@@YAXPAVsizebuf_t@@M@Z 00434844 f   msg.obj
 0001:00033857       ?MSG_WriteString@@YAXPAVsizebuf_t@@PBD@Z 00434857 f   msg.obj
 0001:00033881       ?MSG_WritePos@@YAXPAVsizebuf_t@@ABUCVec3@@@Z 00434881 f   msg.obj
 0001:000338e5       ?MSG_WriteAngle@@YAXPAVsizebuf_t@@M@Z 004348e5 f   msg.obj
 0001:00033910       ?MSG_WriteAngle16@@YAXPAVsizebuf_t@@M@Z 00434910 f   msg.obj
 0001:0003393b       ?MSG_WriteDir@@YAXPAVsizebuf_t@@ABUCVec3@@@Z 0043493b f   msg.obj
 0001:000339a3       ?MSG_ReadDir@@YAXPAVsizebuf_t@@AAUCVec3@@@Z 004349a3 f   msg.obj
 0001:000339d6       ?MSG_ReadChar@@YAHPAVsizebuf_t@@@Z 004349d6 f   msg.obj
 0001:000339f9       ?MSG_ReadByte@@YAHPAVsizebuf_t@@@Z 004349f9 f   msg.obj
 0001:00033a21       ?MSG_ReadShort@@YAHPAVsizebuf_t@@@Z 00434a21 f   msg.obj
 0001:00033a4a       ?MSG_ReadLong@@YAHPAVsizebuf_t@@@Z 00434a4a f   msg.obj
 0001:00033a6c       ?MSG_ReadString@@YAPADPAVsizebuf_t@@@Z 00434a6c f   msg.obj
 0001:00033aa2       ?MSG_ReadPos@@YAXPAVsizebuf_t@@AAUCVec3@@@Z 00434aa2 f   msg.obj
 0001:00033af4       ?MSG_ReadAngle@@YAMPAVsizebuf_t@@@Z 00434af4 f   msg.obj
 0001:00033b0e       ?MSG_ReadAngle16@@YAMPAVsizebuf_t@@@Z 00434b0e f   msg.obj
 0001:00033b28       ?MSG_ReadData@@YAXPAVsizebuf_t@@PAXH@Z 00434b28 f   msg.obj
 0001:00033b4b       ?Netchan_Init@@YAXXZ       00434b4b f   net_chan.obj
 0001:00033bba       ?Netchan_OutOfBandPrint@@YAXW4netsrc_t@@Unetadr_t@@PBDZZ 00434bba f   net_chan.obj
 0001:00033c3f       ?Setup@netchan_t@@QAEXW4netsrc_t@@Unetadr_t@@H@Z 00434c3f f   net_chan.obj
 0001:00033c95       ?NeedReliable@netchan_t@@QAE_NXZ 00434c95 f   net_chan.obj
 0001:00033cba       ?Transmit@netchan_t@@QAEXPAXH@Z 00434cba f   net_chan.obj
 0001:00033e50       ?Process@netchan_t@@QAE_NPAVsizebuf_t@@@Z 00434e50 f   net_chan.obj
 0001:00033f7d       ?Pmove@@YAXPAUpmove_t@@@Z  00434f7d f   pmove.obj
 0001:00035bf3       ?FileExists@CQuakeFileSystem@@UAE_NPBDI@Z 00436bf3 f i QuakeFileSystem.obj
 0001:00035c5a       ?CheckFilename@CQuakeFileSystem@@AAEXPBD@Z 00436c5a f i QuakeFileSystem.obj
 0001:00035cf9       ?OpenFile@CQuakeFileSystem@@UAEPAVCFile@@PBDI@Z 00436cf9 f i QuakeFileSystem.obj
 0001:00035d89       ?List@CQuakeFileSystem@@UAEPAVCFileList@@PBDIPAV2@@Z 00436d89 f i QuakeFileSystem.obj
 0001:00035e1b       ??_GCQuakeFileSystem@@UAEPAXI@Z 00436e1b f i QuakeFileSystem.obj
 0001:00035e1b       ??_ECQuakeFileSystem@@UAEPAXI@Z 00436e1b f i QuakeFileSystem.obj
 0001:00035e1b       ??_GCFileSystem@@UAEPAXI@Z 00436e1b f i QuakeFileSystem.obj
 0001:00035e1b       ??_ECFileSystem@@UAEPAXI@Z 00436e1b f i QuakeFileSystem.obj
 0001:00035e3b       ?FS_Gamedir@@YAPBDXZ       00436e3b f   QuakeFileSystem.obj
 0001:00035e41       ?FS_NextPath@@YAPBDPBD@Z   00436e41 f   QuakeFileSystem.obj
 0001:00035e85       ?FS_CopyFile@@YAXPBD0@Z    00436e85 f   QuakeFileSystem.obj
 0001:00035f5b       ?FS_CopyFiles@@YAXPBD0@Z   00436f5b f   QuakeFileSystem.obj
 0001:00036075       ?FS_RemoveFiles@@YAXPBD@Z  00437075 f   QuakeFileSystem.obj
 0001:00036130       ?InitFileSystem@@YAXXZ     00437130 f   QuakeFileSystem.obj
 0001:00036264       ?Create@CFileContainerPak@@SAPAVCFileContainer@@PBDPAU_iobuf@@@Z 00437264 f i QuakeFileSystem.obj
 0001:000363cd       ??0CFileContainerArc@@QAE@XZ 004373cd f i QuakeFileSystem.obj
 0001:00036414       ??_GCFileContainerArc@@UAEPAXI@Z 00437414 f i QuakeFileSystem.obj
 0001:00036414       ??_ECFileContainerArc@@UAEPAXI@Z 00437414 f i QuakeFileSystem.obj
 0001:00036443       ?GetType@CFileContainerPak@@MAEPBDXZ 00437443 f i QuakeFileSystem.obj
 0001:00036449       ?OpenLocalFile@CFileContainerPak@@MAEPAVCFile@@ABVCStringItem@@@Z 00437449 f i QuakeFileSystem.obj
 0001:00036499       ?Read@CFilePak@CFileContainerPak@@UAEHPAXH@Z 00437499 f i QuakeFileSystem.obj
 0001:000364d3       ?GetSize@CFilePak@CFileContainerPak@@UAEHXZ 004374d3 f i QuakeFileSystem.obj
 0001:000364da       ?Eof@CFilePak@CFileContainerPak@@UAE_NXZ 004374da f i QuakeFileSystem.obj
 0001:000364e7       ??_ECFilePak@CFileContainerPak@@UAEPAXI@Z 004374e7 f i QuakeFileSystem.obj
 0001:000364e7       ??_GCFilePak@CFileContainerPak@@UAEPAXI@Z 004374e7 f i QuakeFileSystem.obj
 0001:0003651c       ??_GCFileContainerPak@@UAEPAXI@Z 0043751c f i QuakeFileSystem.obj
 0001:0003651c       ??_ECFileContainerPak@@UAEPAXI@Z 0043751c f i QuakeFileSystem.obj
 0001:0003654b       ?Create@CFileContainerZip@@SAPAVCFileContainer@@PBDPAU_iobuf@@@Z 0043754b f i QuakeFileSystem.obj
 0001:0003684a       ?GetType@CFileContainerZip@@MAEPBDXZ 0043784a f i QuakeFileSystem.obj
 0001:00036850       ?OpenLocalFile@CFileContainerZip@@MAEPAVCFile@@ABVCStringItem@@@Z 00437850 f i QuakeFileSystem.obj
 0001:000368ec       ??0CFilePak@CFileContainerZip@@QAE@ABVCFileInfo@1@PAU_iobuf@@@Z 004378ec f i QuakeFileSystem.obj
 0001:0003693e       ?Read@CFilePak@CFileContainerZip@@UAEHPAXH@Z 0043793e f i QuakeFileSystem.obj
 0001:00036a87       ?GetSize@CFilePak@CFileContainerZip@@UAEHXZ 00437a87 f i QuakeFileSystem.obj
 0001:00036a91       ?Eof@CFilePak@CFileContainerZip@@UAE_NXZ 00437a91 f i QuakeFileSystem.obj
 0001:00036aa4       ??_ECFilePak@CFileContainerZip@@UAEPAXI@Z 00437aa4 f i QuakeFileSystem.obj
 0001:00036aa4       ??_GCFilePak@CFileContainerZip@@UAEPAXI@Z 00437aa4 f i QuakeFileSystem.obj
 0001:00036ac3       ??1CFilePak@CFileContainerZip@@UAE@XZ 00437ac3 f i QuakeFileSystem.obj
 0001:00036b32       ??_ECFileContainerZip@@UAEPAXI@Z 00437b32 f i QuakeFileSystem.obj
 0001:00036b32       ??_GCFileContainerZip@@UAEPAXI@Z 00437b32 f i QuakeFileSystem.obj
 0001:00036b61       ?Mount@CZResource@@SAPAVCFileContainer@@PBDPBE0PAVCFileSystem@@@Z 00437b61 f i QuakeFileSystem.obj
 0001:00036d0d       ?GetType@CZResource@@MAEPBDXZ 00437d0d f i QuakeFileSystem.obj
 0001:00036d13       ?OpenLocalFile@CZResource@@MAEPAVCFile@@ABVCStringItem@@@Z 00437d13 f i QuakeFileSystem.obj
 0001:00036d44       ??0CFileRes@CZResource@@QAE@ABVCFileInfo@1@PBXH@Z 00437d44 f i QuakeFileSystem.obj
 0001:00036df7       ?Read@CFileRes@CZResource@@UAEHPAXH@Z 00437df7 f i QuakeFileSystem.obj
 0001:00036e4a       ?GetSize@CFileRes@CZResource@@UAEHXZ 00437e4a f i QuakeFileSystem.obj
 0001:00036e51       ?Eof@CFileRes@CZResource@@UAE_NXZ 00437e51 f i QuakeFileSystem.obj
 0001:00036e5e       ??_ECFileRes@CZResource@@UAEPAXI@Z 00437e5e f i QuakeFileSystem.obj
 0001:00036e5e       ??_GCFileRes@CZResource@@UAEPAXI@Z 00437e5e f i QuakeFileSystem.obj
 0001:00036e90       ??_GCZResource@@UAEPAXI@Z  00437e90 f i QuakeFileSystem.obj
 0001:00036e90       ??_ECZResource@@UAEPAXI@Z  00437e90 f i QuakeFileSystem.obj
 0001:00036ebf       ?MountGame@CQuakeFileSystem@@QAEXPBD@Z 00437ebf f i QuakeFileSystem.obj
 0001:00036f0a       ?SetGameDir@CQuakeFileSystem@@QAE_NPBD@Z 00437f0a f i QuakeFileSystem.obj
 0001:0003710c       ?FS_Tick@@YAXXZ            0043810c f   QuakeFileSystem.obj
 0001:00037259       ?CDAudio_Play@@YAXH_N@Z    00438259 f   cd_win.obj
 0001:0003744c       ?CDAudio_Stop@@YAXXZ       0043844c f   cd_win.obj
 0001:0003750d       ?CDAudio_Update@@YAXXZ     0043850d f   cd_win.obj
 0001:000375b0       ?CDAudio_Init@@YA_NXZ      004385b0 f   cd_win.obj
 0001:000379d1       ?CDAudio_Shutdown@@YAXXZ   004389d1 f   cd_win.obj
 0001:000379f4       ?CDAudio_Activate@@YAX_N@Z 004389f4 f   cd_win.obj
 0001:00037a0b       ?IN_Init@@YAXXZ            00438a0b f   in_win.obj
 0001:00037c98       ?IN_Shutdown@@YAXXZ        00438c98 f   in_win.obj
 0001:00037ef9       ?IN_Activate@@YAX_N@Z      00438ef9 f   in_win.obj
 0001:00037f06       ?IN_Frame@@YAXXZ           00438f06 f   in_win.obj
 0001:00038268       ?IN_Move@@YAXPAUusercmd_t@@@Z 00439268 f   in_win.obj
 0001:00038713       ?NET_CompareAdr@@YA_NPAUnetadr_t@@0@Z 00439713 f   net_wins.obj
 0001:0003874e       ?NET_CompareBaseAdr@@YA_NPAUnetadr_t@@0@Z 0043974e f   net_wins.obj
 0001:0003877b       ?NET_AdrToString@@YAPBDPAUnetadr_t@@@Z 0043977b f   net_wins.obj
 0001:000387c1       ?NET_StringToAdr@@YA_NPBDPAUnetadr_t@@F@Z 004397c1 f   net_wins.obj
 0001:000388d7       ?NET_IsLocalAddress@@YA_NPAUnetadr_t@@@Z 004398d7 f   net_wins.obj
 0001:000388e6       ?NET_GetPacket@@YA_NW4netsrc_t@@PAUnetadr_t@@PAVsizebuf_t@@@Z 004398e6 f   net_wins.obj
 0001:00038a65       ?NET_SendPacket@@YAXW4netsrc_t@@HPAXUnetadr_t@@@Z 00439a65 f   net_wins.obj
 0001:00038b83       ?NET_Config@@YAX_N@Z       00439b83 f   net_wins.obj
 0001:00038d5e       ?NET_Init@@YAXXZ           00439d5e f   net_wins.obj
 0001:00038e11       ?SNDDMA_Init@@YA_NXZ       00439e11 f   snd_win.obj
 0001:0003945c       ?SNDDMA_GetDMAPos@@YAHXZ   0043a45c f   snd_win.obj
 0001:000394a6       ?SNDDMA_BeginPainting@@YAXXZ 0043a4a6 f   snd_win.obj
 0001:000395c5       ?SNDDMA_Submit@@YAXXZ      0043a5c5 f   snd_win.obj
 0001:000395ea       ?SNDDMA_Shutdown@@YAXXZ    0043a5ea f   snd_win.obj
 0001:000395ef       ?S_Activate@@YAX_N@Z       0043a5ef f   snd_win.obj
 0001:00039642       ?Write@COutputDeviceWin32Console@@UAEXPBD@Z 0043a642 f i sys_win.obj
 0001:000396ba       ?EraseInput@COutputDeviceWin32Console@@QAEXXZ 0043a6ba f i sys_win.obj
 0001:00039740       ??_ECOutputDeviceWin32Console@@UAEPAXI@Z 0043a740 f i sys_win.obj
 0001:00039740       ??_GCOutputDeviceWin32Console@@UAEPAXI@Z 0043a740 f i sys_win.obj
 0001:00039760       ?Sys_ConsoleInput@@YAPADXZ 0043a760 f   sys_win.obj
 0001:000399e9       ?Sys_ProcessMessages@@YAXXZ 0043a9e9 f   sys_win.obj
 0001:00039aa2       _WinMain@16                0043aaa2 f   sys_win.obj
 0001:00039d9f       ??_GCOutputDeviceCon@@UAEPAXI@Z 0043ad9f f i sys_win.obj
 0001:00039d9f       ??_ECOutputDeviceCon@@UAEPAXI@Z 0043ad9f f i sys_win.obj
 0001:00039e47       ?Init@COutputDeviceWin32Console@@QAEXXZ 0043ae47 f i sys_win.obj
 0001:00039e71       ?AddMsgHook@@YAXP6A_NIIJ@Z@Z 0043ae71 f   vid_dll.obj
 0001:00039eb8       ?RemoveMsgHook@@YAXP6A_NIIJ@Z@Z 0043aeb8 f   vid_dll.obj
 0001:00039eeb       ?Vid_CreateWindow@@YAPAXHH_N@Z 0043aeeb f   vid_dll.obj
 0001:0003a60d       ?Vid_DestroyWindow@@YAX_N@Z 0043b60d f   vid_dll.obj
 0001:0003a64c       ?Vid_Restart@@YAXXZ        0043b64c f   vid_dll.obj
 0001:0003a658       ?Vid_GetModeInfo@@YA_NPAH0H@Z 0043b658 f   vid_dll.obj
 0001:0003a68a       ?Vid_Tick@@YAXXZ           0043b68a f   vid_dll.obj
 0001:0003a83b       ?Vid_Init@@YAXXZ           0043b83b f   vid_dll.obj
 0001:0003a8de       ?Vid_Shutdown@@YAXXZ       0043b8de f   vid_dll.obj
 0001:0003a8fd       ?BK_FlushShader@OpenGLDrv@@YAXXZ 0043b8fd f   gl_backend.obj
 0001:0003d0d9       ?Tesselate@surfacePlanar_t@OpenGLDrv@@UAEXAAUrefEntity_t@2@@Z 0043e0d9 f   gl_backend.obj
 0001:0003d23f       ?Tesselate@surfacePoly_t@OpenGLDrv@@UAEXAAUrefEntity_t@2@@Z 0043e23f f   gl_backend.obj
 0001:0003d346       ?Tesselate@surfaceMd3_t@OpenGLDrv@@UAEXAAUrefEntity_t@2@@Z 0043e346 f   gl_backend.obj
 0001:0003d8f4       ?DrawBrush@OpenGLDrv@@YAXPBUCBrush@@PBDH@Z 0043e8f4 f   gl_backend.obj
 0001:0003d957       ?Tesselate@surfaceEntity_t@OpenGLDrv@@UAEXAAUrefEntity_t@2@@Z 0043e957 f   gl_backend.obj
 0001:0003da3b       ?Tesselate@surfaceParticle_t@OpenGLDrv@@UAEXAAUrefEntity_t@2@@Z 0043ea3b f   gl_backend.obj
 0001:0003dc8b       ?BK_DrawScene@OpenGLDrv@@YAXXZ 0043ec8b f   gl_backend.obj
 0001:0003e498       ?BK_DrawPic@OpenGLDrv@@YAXPAVshader_t@1@HHHHMMMMIE@Z 0043f498 f   gl_backend.obj
 0001:0003e679       ?BK_DrawText@OpenGLDrv@@YAXPBDHHHHHI@Z 0043f679 f   gl_backend.obj
 0001:0003e86e       ?BK_BeginFrame@OpenGLDrv@@YAXXZ 0043f86e f   gl_backend.obj
 0001:0003e8d2       ?BK_EndFrame@OpenGLDrv@@YAXXZ 0043f8d2 f   gl_backend.obj
 0001:0003e911       ?BK_Init@OpenGLDrv@@YAXXZ  0043f911 f   gl_backend.obj
 0001:0003e940       ?BK_Shutdown@OpenGLDrv@@YAXXZ 0043f940 f   gl_backend.obj
 0001:0003e958       ?AllocDynamicMemory@OpenGLDrv@@YAPAXH@Z 0043f958 f   gl_buffers.obj
 0001:0003e9c6       ?ResizeDynamicMemory@OpenGLDrv@@YAXPAXH@Z 0043f9c6 f   gl_buffers.obj
 0001:0003ea0a       ?AddSurfaceToPortal@OpenGLDrv@@YAXPAVsurfaceBase_t@1@PAVshader_t@1@HH@Z 0043fa0a f   gl_buffers.obj
 0001:0003ea7b       ?InsertShaderIndex@OpenGLDrv@@YAXH@Z 0043fa7b f   gl_buffers.obj
 0001:0003eab7       ?ClearPortal@OpenGLDrv@@YAXXZ 0043fab7 f   gl_buffers.obj
 0001:0003ead5       ?SortSurfaces@OpenGLDrv@@YAXPAUviewPortal_t@1@PAPAUsurfaceInfo_t@1@@Z 0043fad5 f   gl_buffers.obj
 0001:0003ec67       ?ClearBuffers@OpenGLDrv@@YAXXZ 0043fc67 f   gl_buffers.obj
 0001:0003ec7e       ?CreateBuffers@OpenGLDrv@@YAXXZ 0043fc7e f   gl_buffers.obj
 0001:0003eca4       ?FreeBuffers@OpenGLDrv@@YAXXZ 0043fca4 f   gl_buffers.obj
 0001:0003ecc8       ?InitEntity@model_t@OpenGLDrv@@UAE_NPAUentity_t@@PAUrefEntity_t@2@@Z 0043fcc8 f   gl_frontend.obj
 0001:0003eccd       ?AddSurfaces@model_t@OpenGLDrv@@UAEXPAUrefEntity_t@2@@Z 0043fccd f   gl_frontend.obj
 0001:0003ecfe       ?GetLeaf@model_t@OpenGLDrv@@UAEPAUnode_t@2@PAUrefEntity_t@2@@Z 0043fcfe f   gl_frontend.obj
 0001:0003ed12       ?DrawLabel@model_t@OpenGLDrv@@UAEXPAUrefEntity_t@2@@Z 0043fd12 f   gl_frontend.obj
 0001:0003ed15       ?InitEntity@inlineModel_t@OpenGLDrv@@UAE_NPAUentity_t@@PAUrefEntity_t@2@@Z 0043fd15 f   gl_frontend.obj
 0001:0003ed82       ?AddSurfaces@inlineModel_t@OpenGLDrv@@UAEXPAUrefEntity_t@2@@Z 0043fd82 f   gl_frontend.obj
 0001:0003f28b       ?GetLeaf@inlineModel_t@OpenGLDrv@@UAEPAUnode_t@2@PAUrefEntity_t@2@@Z 0044028b f   gl_frontend.obj
 0001:0003f433       ?DrawLabel@inlineModel_t@OpenGLDrv@@UAEXPAUrefEntity_t@2@@Z 00440433 f   gl_frontend.obj
 0001:0003f47c       ?InitEntity@md3Model_t@OpenGLDrv@@UAE_NPAUentity_t@@PAUrefEntity_t@2@@Z 0044047c f   gl_frontend.obj
 0001:0003f65a       ?AddSurfaces@md3Model_t@OpenGLDrv@@UAEXPAUrefEntity_t@2@@Z 0044065a f   gl_frontend.obj
 0001:0003f794       ?GetLeaf@md3Model_t@OpenGLDrv@@UAEPAUnode_t@2@PAUrefEntity_t@2@@Z 00440794 f   gl_frontend.obj
 0001:0003f7cf       ?DrawLabel@md3Model_t@OpenGLDrv@@UAEXPAUrefEntity_t@2@@Z 004407cf f   gl_frontend.obj
 0001:0003f838       ?InitEntity@sprModel_t@OpenGLDrv@@UAE_NPAUentity_t@@PAUrefEntity_t@2@@Z 00440838 f   gl_frontend.obj
 0001:0003f85b       ?AddSurfaces@sprModel_t@OpenGLDrv@@UAEXPAUrefEntity_t@2@@Z 0044085b f   gl_frontend.obj
 0001:0003f9de       ?GetLeaf@sprModel_t@OpenGLDrv@@UAEPAUnode_t@2@PAUrefEntity_t@2@@Z 004409de f   gl_frontend.obj
 0001:0003fac5       ?AddEntity@OpenGLDrv@@YAXPAUentity_t@@@Z 00440ac5 f   gl_frontend.obj
 0001:0003fc7e       ?AddDlight@OpenGLDrv@@YAXPAUdlight_t@@@Z 00440c7e f   gl_frontend.obj
 0001:0003fe36       ?DrawPortal@OpenGLDrv@@YAXXZ 00440e36 f   gl_frontend.obj
 0001:00041f0d       ?GL_TextureMode@OpenGLDrv@@YAXPBD@Z 00442f0d f   gl_image.obj
 0001:00041fb8       ?CreateImage@OpenGLDrv@@YAPAVimage_t@1@PBDPAXHHI@Z 00442fb8 f   gl_image.obj
 0001:00042d60       ?CreateImage8@OpenGLDrv@@YAPAVimage_t@1@PBDPAXHHIPAI@Z 00443d60 f   gl_image.obj
 0001:00042e3f       ?LoadDelayedImages@OpenGLDrv@@YAXXZ 00443e3f f   gl_image.obj
 0001:00042ed2       ?DrawStretchRaw8@OpenGLDrv@@YAXHHHHHHPAEPAI@Z 00443ed2 f   gl_image.obj
 0001:00043205       ?SetupGamma@OpenGLDrv@@YAXXZ 00444205 f   gl_image.obj
 0001:0004334b       ?PerformScreenshot@OpenGLDrv@@YAXXZ 0044434b f   gl_image.obj
 0001:000435bc       ?InitImages@OpenGLDrv@@YAXXZ 004445bc f   gl_image.obj
 0001:00043d95       ?ShutdownImages@OpenGLDrv@@YAXXZ 00444d95 f   gl_image.obj
 0001:00043dfc       ?ShowImages@OpenGLDrv@@YAXXZ 00444dfc f   gl_image.obj
 0001:00044088       ?FindImage@OpenGLDrv@@YAPAVimage_t@1@PBDI@Z 00445088 f   gl_image.obj
 0001:000443f5       ?GL_Lock@OpenGLDrv@@YAXXZ  004453f5 f   gl_interface.obj
 0001:0004446d       ?GL_Unlock@OpenGLDrv@@YAXXZ 0044546d f   gl_interface.obj
 0001:0004462f       ?GL_Bind@OpenGLDrv@@YAXPBVimage_t@1@@Z 0044562f f   gl_interface.obj
 0001:000447c4       ?GL_BindForce@OpenGLDrv@@YAXPBVimage_t@1@@Z 004457c4 f   gl_interface.obj
 0001:0004485c       ?GL_TexEnv@OpenGLDrv@@YAXI@Z 0044585c f   gl_interface.obj
 0001:000449db       ?GL_TexMipBias@OpenGLDrv@@YAXM@Z 004459db f   gl_interface.obj
 0001:00044a37       ?GL_TexEnvColor@OpenGLDrv@@YAXPBTcolor_t@@@Z 00445a37 f   gl_interface.obj
 0001:00044ae7       ?GL_SelectTexture@OpenGLDrv@@YAXH@Z 00445ae7 f   gl_interface.obj
 0001:00044b4a       ?GL_TexCoordPointer@OpenGLDrv@@YAXPAX@Z 00445b4a f   gl_interface.obj
 0001:00044b7d       ?GL_SetMultitexture@OpenGLDrv@@YAXH@Z 00445b7d f   gl_interface.obj
 0001:00044c6e       ?GL_DisableTexCoordArrays@OpenGLDrv@@YAXXZ 00445c6e f   gl_interface.obj
 0001:00044cc2       ?GL_CullFace@OpenGLDrv@@YAXW4gl_cullMode_t@1@@Z 00445cc2 f   gl_interface.obj
 0001:00044d16       ?GL_DepthRange@OpenGLDrv@@YAXW4gl_depthMode_t@1@@Z 00445d16 f   gl_interface.obj
 0001:00044d4c       ?GL_State@OpenGLDrv@@YAXI@Z 00445d4c f   gl_interface.obj
 0001:00044e9c       ?GL_EnableFog@OpenGLDrv@@YAX_N@Z 00445e9c f   gl_interface.obj
 0001:00044f76       ?GL_SetDefaultState@OpenGLDrv@@YAXXZ 00445f76 f   gl_interface.obj
 0001:000450cd       ?GL_Set2DMode@OpenGLDrv@@YAXXZ 004460cd f   gl_interface.obj
 0001:000451c8       ?GL_Set3DMode@OpenGLDrv@@YAXPAUviewPortal_t@1@@Z 004461c8 f   gl_interface.obj
 0001:000452b3       ?Show@CPointLight@OpenGLDrv@@UBEXXZ 004462b3 f   gl_light.obj
 0001:000454bc       ?Show@CSurfLight@OpenGLDrv@@UBEXXZ 004464bc f   gl_light.obj
 0001:00045616       ?ShowLights@OpenGLDrv@@YAXXZ 00446616 f   gl_light.obj
 0001:00045685       ?Init@CPointLight@OpenGLDrv@@UAEXXZ 00446685 f   gl_light.obj
 0001:0004569a       ?Init@CLightLinear@OpenGLDrv@@EAEXXZ 0044669a f   gl_light.obj
 0001:000456ce       ?GetScale@CLightLinear@OpenGLDrv@@EBEMM@Z 004466ce f   gl_light.obj
 0001:000456de       ?Init@CLightInv@OpenGLDrv@@EAEXXZ 004466de f   gl_light.obj
 0001:000456fa       ?GetScale@CLightInv@OpenGLDrv@@EBEMM@Z 004466fa f   gl_light.obj
 0001:00045716       ?Init@CLightInv2@OpenGLDrv@@EAEXXZ 00446716 f   gl_light.obj
 0001:0004577d       ?GetScale@CLightInv2@OpenGLDrv@@EBEMM@Z 0044677d f   gl_light.obj
 0001:0004579f       ?Init@CLightNofade@OpenGLDrv@@EAEXXZ 0044679f f   gl_light.obj
 0001:000457b0       ?GetScale@CLightNofade@OpenGLDrv@@EBEMM@Z 004467b0 f   gl_light.obj
 0001:000457b6       ?Add@CPointLight@OpenGLDrv@@UBEXABUCVec3@@ABUCAxis@@@Z 004467b6 f   gl_light.obj
 0001:00045c02       ?Init@CSurfLight@OpenGLDrv@@UAEXXZ 00446c02 f   gl_light.obj
 0001:00045cdb       ?Add@CSurfLight@OpenGLDrv@@UBEXABUCVec3@@ABUCAxis@@@Z 00446cdb f   gl_light.obj
 0001:000460fc       ?Init@CSunLight@OpenGLDrv@@UAEXXZ 004470fc f   gl_light.obj
 0001:000461a6       ?Add@CSunLight@OpenGLDrv@@UBEXABUCVec3@@ABUCAxis@@@Z 004471a6 f   gl_light.obj
 0001:0004626c       ?LightForEntity@OpenGLDrv@@YAXPAUrefEntity_t@1@@Z 0044726c f   gl_light.obj
 0001:00046b45       ?DiffuseLight@OpenGLDrv@@YAXPATcolor_t@@M@Z 00447b45 f   gl_light.obj
 0001:00046d91       ?InitLightGrid@OpenGLDrv@@YAXXZ 00447d91 f   gl_light.obj
 0001:00046e37       ?PostLoadLights@OpenGLDrv@@YAXXZ 00447e37 f   gl_light.obj
 0001:00046f3c       ?LM_Init@OpenGLDrv@@YAXXZ  00447f3c f   gl_lightmap.obj
 0001:00046f52       ?LM_Flush@OpenGLDrv@@YAXPAUlightmapBlock_t@1@@Z 00447f52 f   gl_lightmap.obj
 0001:00046fb2       ?LM_Done@OpenGLDrv@@YAXXZ  00447fb2 f   gl_lightmap.obj
 0001:00046fd9       ?LM_Save@OpenGLDrv@@YAXPAUlightmapBlock_t@1@@Z 00447fd9 f   gl_lightmap.obj
 0001:00046ff4       ?LM_Restore@OpenGLDrv@@YAXPAUlightmapBlock_t@1@@Z 00447ff4 f   gl_lightmap.obj
 0001:0004700f       ?LM_NewBlock@OpenGLDrv@@YAPAUlightmapBlock_t@1@XZ 0044800f f   gl_lightmap.obj
 0001:0004706e       ?LM_Rewind@OpenGLDrv@@YAXXZ 0044806e f   gl_lightmap.obj
 0001:00047076       ?LM_NextBlock@OpenGLDrv@@YAPAUlightmapBlock_t@1@XZ 00448076 f   gl_lightmap.obj
 0001:000470a3       ?LM_CheckMinlight@OpenGLDrv@@YAXPAUdynamicLightmap_t@1@@Z 004480a3 f   gl_lightmap.obj
 0001:00047139       ?LM_AllocBlock@OpenGLDrv@@YA_NPAUlightmapBlock_t@1@PAUdynamicLightmap_t@1@@Z 00448139 f   gl_lightmap.obj
 0001:0004725f       ?LM_PutBlock@OpenGLDrv@@YAXPAUdynamicLightmap_t@1@@Z 0044825f f   gl_lightmap.obj
 0001:000476d3       ?LM_PutBlock1@OpenGLDrv@@YAXPAUdynamicLightmap_t@1@@Z 004486d3 f   gl_lightmap.obj
 0001:00047824       ?LM_SortLightStyles@OpenGLDrv@@YAXPAUdynamicLightmap_t@1@@Z 00448824 f   gl_lightmap.obj
 0001:000478b6       ?UpdateDynamicLightmap@OpenGLDrv@@YAXPAVsurfacePlanar_t@1@_NI@Z 004488b6 f   gl_lightmap.obj
 0001:000480fc       ?LM_IsMonotone@OpenGLDrv@@YA_NPAUdynamicLightmap_t@1@PATcolor_t@@@Z 004490fc f   gl_lightmap.obj
 0001:00048203       ?Init@OpenGLDrv@@YA_NXZ    00449203 f   gl_main.obj
 0001:000488f6       ?Shutdown@OpenGLDrv@@YAX_N@Z 004498f6 f   gl_main.obj
 0001:0004897f       ?GL_EnableRendering@OpenGLDrv@@YAX_N@Z 0044997f f   gl_main.obj
 0001:0004899d       ?BeginFrame@OpenGLDrv@@YAXN@Z 0044999d f   gl_main.obj
 0001:00048aca       ?EndFrame@OpenGLDrv@@YAXXZ 00449aca f   gl_main.obj
 0001:00048ae2       ?RenderFrame@OpenGLDrv@@YAXPAUrefdef_t@@@Z 00449ae2 f   gl_main.obj
 0001:00049436       ?Fill8@OpenGLDrv@@YAXHHHHH@Z 0044a436 f   gl_main.obj
 0001:00049479       ?Fill@OpenGLDrv@@YAXHHHHI@Z 0044a479 f   gl_main.obj
 0001:000494b5       ?TileClear@OpenGLDrv@@YAXHHHHPBD@Z 0044a4b5 f   gl_main.obj
 0001:00049556       ?DrawStretchPic@OpenGLDrv@@YAXHHHHPBD@Z 0044a556 f   gl_main.obj
 0001:0004959b       ?DrawDetailedPic@OpenGLDrv@@YAXHHHHPBD@Z 0044a59b f   gl_main.obj
 0001:00049645       ?DrawPic@OpenGLDrv@@YAXHHPBDHH@Z 0044a645 f   gl_main.obj
 0001:000496cd       ?LoadNewWorld@OpenGLDrv@@YAXPBD@Z 0044a6cd f   gl_main.obj
 0001:00049702       ?DumpLoadStats@OpenGLDrv@@YAXXZ 0044a702 f   gl_main.obj
 0001:00049788       ?FinishLoadingWorld@OpenGLDrv@@YAXXZ 0044a788 f   gl_main.obj
 0001:0004978d       ?RegisterPic@OpenGLDrv@@YAPAVCBasicImage@@PBD@Z 0044a78d f   gl_main.obj
 0001:000497a1       ?RegisterSkin@OpenGLDrv@@YAPAVCBasicImage@@PBD_N@Z 0044a7a1 f   gl_main.obj
 0001:000497c1       ?RegisterModel@OpenGLDrv@@YAPAVCRenderModel@@PBD@Z 0044a7c1 f   gl_main.obj
 0001:000497cf       ?SetSky@OpenGLDrv@@YAXPBDMABUCVec3@@@Z 0044a7cf f   gl_main.obj
 0001:000498ae       ?Screenshot@OpenGLDrv@@YAXHPBD@Z 0044a8ae f   gl_main.obj
 0001:000498d7       ?GetClientLight@OpenGLDrv@@YAMXZ 0044a8d7 f   gl_main.obj
 0001:000498de       ?InitFuncTables@OpenGLDrv@@YAXXZ 0044a8de f   gl_math.obj
 0001:00049a84       ?BuildRotationAxis@OpenGLDrv@@YAXAAUCAxis@@ABUCVec3@@M@Z 0044aa84 f   gl_math.obj
 0001:00049b7b       ?GetBoxRect@OpenGLDrv@@YA_NPBUrefEntity_t@1@ABUCVec3@@QAM2_N@Z 0044ab7b f   gl_math.obj
 0001:00049e85       ?ProjectToScreen@OpenGLDrv@@YA_NABUCVec3@@QAH@Z 0044ae85 f   gl_math.obj
 0001:00049fc8       ?SaturateColor3f@OpenGLDrv@@YAXAAUCVec3@@@Z 0044afc8 f   gl_math.obj
 0001:0004a0b8       ?SaturateColor4b@OpenGLDrv@@YAXPATcolor_t@@@Z 0044b0b8 f   gl_math.obj
 0001:0004a1c6       ?SubdividePlane@OpenGLDrv@@YAHPAPAUCVec3@@HM@Z 0044b1c6 f   gl_poly.obj
 0001:0004a6a5       ?FreeSubdividedPlane@OpenGLDrv@@YAXXZ 0044b6a5 f   gl_poly.obj
 0001:0004a6bd       ?GetSubdivideIndexes@OpenGLDrv@@YAXPAH@Z 0044b6bd f   gl_poly.obj
 0001:0004a713       ?RemoveCollinearPoints@OpenGLDrv@@YAHPAPAUCVec3@@H@Z 0044b713 f   gl_poly.obj
 0001:0004a809       ?GetPolyArea@OpenGLDrv@@YAMPAPAUCVec3@@H@Z 0044b809 f   gl_poly.obj
 0001:0004a89c       ?InitShaders@OpenGLDrv@@YAXXZ 0044b89c f   gl_shader.obj
 0001:0004aa3a       ?ShutdownShaders@OpenGLDrv@@YAXXZ 0044ba3a f   gl_shader.obj
 0001:0004aa78       ?GetLightmapImage@OpenGLDrv@@YAPAVimage_t@1@H@Z 0044ba78 f   gl_shader.obj
 0001:0004aaa3       ?SetShaderLightmap@OpenGLDrv@@YAPAVshader_t@1@PAV21@H@Z 0044baa3 f   gl_shader.obj
 0001:0004adbd       ??4shader_t@OpenGLDrv@@QAEAAV01@ABV01@@Z 0044bdbd f i gl_shader.obj
 0001:0004b011       ?SetShaderLightstyles@OpenGLDrv@@YAPAVshader_t@1@PAV21@I_N@Z 0044c011 f   gl_shader.obj
 0001:0004b0c3       ?GetAlphaShader@OpenGLDrv@@YAPAVshader_t@1@PAV21@@Z 0044c0c3 f   gl_shader.obj
 0001:0004b524       ?SetShaderAnimFreq@OpenGLDrv@@YAXPAVshader_t@1@H@Z 0044c524 f   gl_shader.obj
 0001:0004b57a       ?FindShader@OpenGLDrv@@YAPAVshader_t@1@PBDI@Z 0044c57a f   gl_shader.obj
 0001:0004d08c       ?GetShaderByNum@OpenGLDrv@@YAPAVshader_t@1@H@Z 0044e08c f   gl_shader.obj
 0001:0004d0ae       ?ResetShaders@OpenGLDrv@@YAXXZ 0044e0ae f   gl_shader.obj
 0001:0004d2e6       ?Reload@shader_t@OpenGLDrv@@UAEXXZ 0044e2e6 f   gl_shader.obj
 0001:0004d315       ?ClearSky@OpenGLDrv@@YAXXZ 0044e315 f   gl_sky.obj
 0001:0004d372       ?AddSkySurface@OpenGLDrv@@YAXPAVsurfacePlanar_t@1@E@Z 0044e372 f   gl_sky.obj
 0001:0004d93a       ?DrawSky@OpenGLDrv@@YAXXZ  0044e93a f   gl_sky.obj
 0001:0004e138       ?DrawChar@OpenGLDrv@@YAXHHHH@Z 0044f138 f   gl_text.obj
 0001:0004e192       ?ClearTexts@OpenGLDrv@@YAXXZ 0044f192 f   gl_text.obj
 0001:0004e1a7       ?FlushTexts@OpenGLDrv@@YAXXZ 0044f1a7 f   gl_text.obj
 0001:0004e253       ?DrawTextPos@OpenGLDrv@@YAXHHPBDI@Z 0044f253 f   gl_text.obj
 0001:0004e27f       ?DrawTextLeft@OpenGLDrv@@YAXPBDI@Z 0044f27f f   gl_text.obj
 0001:0004e307       ?DrawTextRight@OpenGLDrv@@YAXPBDI@Z 0044f307 f   gl_text.obj
 0001:0004e351       ?DrawText3D@OpenGLDrv@@YAXABUCVec3@@PBDI@Z 0044f351 f   gl_text.obj
 0001:0004e37e       ?InitTexts@OpenGLDrv@@YAXXZ 0044f37e f   gl_text.obj
 0001:0004e398       ??0?$TTextContainer@UCRText@OpenGLDrv@@$0BAAAA@@@QAE@XZ 0044f398 f i gl_text.obj
 0001:0004e3bd       ?FindModel@OpenGLDrv@@YAPAVmodel_t@1@PBD@Z 0044f3bd f   gl_model.obj
 0001:0004e599       ?FreeModels@OpenGLDrv@@YAXXZ 0044f599 f   gl_model.obj
 0001:0004e60b       ?InitModels@OpenGLDrv@@YAXXZ 0044f60b f   gl_model.obj
 0001:0004e701       ?ShutdownModels@OpenGLDrv@@YAXXZ 0044f701 f   gl_model.obj
 0001:0004e712       ?LoadWorldMap@OpenGLDrv@@YAXPBD@Z 0044f712 f   gl_bspmodel.obj
 0001:0004eb98       ?GetName@CLightLinear@OpenGLDrv@@EBEPBDXZ 0044fb98 f i gl_bspmodel.obj
 0001:0004eb9e       ?GetName@CLightInv@OpenGLDrv@@EBEPBDXZ 0044fb9e f i gl_bspmodel.obj
 0001:0004eba4       ?GetName@CLightInv2@OpenGLDrv@@EBEPBDXZ 0044fba4 f i gl_bspmodel.obj
 0001:0004ebaa       ?GetName@CLightNofade@OpenGLDrv@@EBEPBDXZ 0044fbaa f i gl_bspmodel.obj
 0001:0004ebb0       ?Close@COutputDevice@@UAEXXZ 0044fbb0 f i gl_bspmodel.obj
 0001:0004ebb0       ?Show@CSunLight@OpenGLDrv@@UBEXXZ 0044fbb0 f i gl_bspmodel.obj
 0001:0004ebb0       ?Flush@COutputDevice@@UAEXXZ 0044fbb0 f i gl_bspmodel.obj
 0001:00050c2e       ?PointInLeaf@OpenGLDrv@@YAPAUnode_t@1@ABUCVec3@@@Z 00451c2e f   gl_bspmodel.obj
 0001:00050c79       ?LerpTag@model_t@OpenGLDrv@@UBE_NHHMPBDAAUCCoords@@@Z 00451c79 f   gl_trimodel.obj
 0001:00050c87       ?LerpTag@md3Model_t@OpenGLDrv@@UBE_NHHMPBDAAUCCoords@@@Z 00451c87 f   gl_trimodel.obj
 0001:00050d97       ?LoadMd2@OpenGLDrv@@YAPAVmd3Model_t@1@PBDPAEI@Z 00451d97 f   gl_trimodel.obj
[...]
 0001:00063717       _noscale                   00464717 f   libs-vc-win32:jcscale.obj
 0001:000631c0       _start_pass                004641c0 f   libs-vc-win32:jcpred.obj
 0001:00063218       _reset_predictor           00464218 f   libs-vc-win32:jcpred.obj
 0001:00063245       _jpeg_difference_first_row 00464245 f   libs-vc-win32:jcpred.obj
 0001:0006332f       _jpeg_difference1          0046432f f   libs-vc-win32:jcpred.obj
 0001:0006339d       _jpeg_difference2          0046439d f   libs-vc-win32:jcpred.obj
 0001:0006340e       _jpeg_difference3          0046440e f   libs-vc-win32:jcpred.obj
 0001:00063486       _jpeg_difference4          00464486 f   libs-vc-win32:jcpred.obj
 0001:00063511       _jpeg_difference5          00464511 f   libs-vc-win32:jcpred.obj
 0001:000635a4       _jpeg_difference6          004645a4 f   libs-vc-win32:jcpred.obj
 0001:00063633       _jpeg_difference7          00464633 f   libs-vc-win32:jcpred.obj
 0001:00062aaf       _start_pass_huff           00463aaf f   libs-vc-win32:jclhuff.obj
 0001:00062c4c       _encode_mcus_huff          00463c4c f   libs-vc-win32:jclhuff.obj
 0001:00062e37       _emit_bits                 00463e37 f   libs-vc-win32:jclhuff.obj
 0001:00062eda       _dump_buffer               00463eda f   libs-vc-win32:jclhuff.obj
 0001:00062efe       _emit_restart              00463efe f   libs-vc-win32:jclhuff.obj
 0001:00062f49       _flush_bits                00463f49 f   libs-vc-win32:jclhuff.obj
 0001:00062f6d       _finish_pass_huff          00463f6d f   libs-vc-win32:jclhuff.obj
 0001:00062fda       _encode_mcus_gather        00463fda f   libs-vc-win32:jclhuff.obj
 0001:00063103       _finish_pass_gather        00464103 f   libs-vc-win32:jclhuff.obj
 0001:00063199       _need_optimization_pass    00464199 f   libs-vc-win32:jclhuff.obj
 0001:0006268d       _start_pass_diff           0046368d f   libs-vc-win32:jcdiffct.obj
 0001:0006272b       _start_iMCU_row            0046372b f   libs-vc-win32:jcdiffct.obj
 0001:0006276d       _compress_data             0046376d f   libs-vc-win32:jcdiffct.obj
 0001:00062903       _compress_first_pass       00463903 f   libs-vc-win32:jcdiffct.obj
 0001:000629f8       _compress_output           004639f8 f   libs-vc-win32:jcdiffct.obj
 0001:000622a0       _start_pass_fdctmgr        004632a0 f   libs-vc-win32:jcdctmgr.obj
 0001:000623a2       _forward_DCT_float         004633a2 f   libs-vc-win32:jcdctmgr.obj
 0001:000617d5       _start_pass_phuff          004627d5 f   libs-vc-win32:jcphuff.obj
 0001:00061942       _encode_mcu_DC_first       00462942 f   libs-vc-win32:jcphuff.obj
 0001:00061a74       _emit_bits                 00462a74 f   libs-vc-win32:jcphuff.obj
 0001:00061b1f       _dump_buffer               00462b1f f   libs-vc-win32:jcphuff.obj
 0001:00061b57       _emit_symbol               00462b57 f   libs-vc-win32:jcphuff.obj
 0001:00061b97       _emit_restart              00462b97 f   libs-vc-win32:jcphuff.obj
 0001:00061c20       _emit_eobrun               00462c20 f   libs-vc-win32:jcphuff.obj
 0001:00061ca6       _encode_mcu_AC_first       00462ca6 f   libs-vc-win32:jcphuff.obj
 0001:00061e3a       _encode_mcu_DC_refine      00462e3a f   libs-vc-win32:jcphuff.obj
 0001:00061ef4       _encode_mcu_AC_refine      00462ef4 f   libs-vc-win32:jcphuff.obj
 0001:0006210b       _finish_pass_phuff         0046310b f   libs-vc-win32:jcphuff.obj
 0001:0006215a       _finish_pass_gather_phuff  0046315a f   libs-vc-win32:jcphuff.obj
 0001:0006221d       _need_optimization_pass    0046321d f   libs-vc-win32:jcphuff.obj
 0001:00060f70       _start_pass_huff           00461f70 f   libs-vc-win32:jcshuff.obj
 0001:000610e5       _encode_mcu_huff           004620e5 f   libs-vc-win32:jcshuff.obj
 0001:000611f0       _encode_one_block          004621f0 f   libs-vc-win32:jcshuff.obj
 0001:00061367       _emit_bits                 00462367 f   libs-vc-win32:jcshuff.obj
 0001:0006140a       _dump_buffer               0046240a f   libs-vc-win32:jcshuff.obj
 0001:0006142e       _emit_restart              0046242e f   libs-vc-win32:jcshuff.obj
 0001:0006149b       _flush_bits                0046249b f   libs-vc-win32:jcshuff.obj
 0001:000614bf       _finish_pass_huff          004624bf f   libs-vc-win32:jcshuff.obj
 0001:0006152e       _encode_mcu_gather         0046252e f   libs-vc-win32:jcshuff.obj
 0001:000615e4       _htest_one_block           004625e4 f   libs-vc-win32:jcshuff.obj
 0001:000616ab       _finish_pass_gather        004626ab f   libs-vc-win32:jcshuff.obj
 0001:00063199       _need_optimization_pass    00464199 f   libs-vc-win32:jclhuff.obj
 0001:00060943       _start_pass_coef           00461943 f   libs-vc-win32:jccoefct.obj
 0001:0006272b       _start_iMCU_row            0046372b f   libs-vc-win32:jcdiffct.obj
 0001:000609d8       _compress_data             004619d8 f   libs-vc-win32:jccoefct.obj
 0001:00060bbf       _compress_first_pass       00461bbf f   libs-vc-win32:jccoefct.obj
 0001:00060da5       _compress_output           00461da5 f   libs-vc-win32:jccoefct.obj
 0001:0006085b       _calc_output_dimensions    0046185b f   libs-vc-win32:jdlossls.obj
 0001:0006086c       _start_input_pass          0046186c f   libs-vc-win32:jdlossls.obj
 0001:0006059a       _calc_output_dimensions    0046159a f   libs-vc-win32:jdlossy.obj
 0001:0006070d       _start_input_pass          0046170d f   libs-vc-win32:jdlossy.obj
 0001:0006072d       _latch_quant_tables        0046172d f   libs-vc-win32:jdlossy.obj
 0001:000607c5       _start_output_pass         004617c5 f   libs-vc-win32:jdlossy.obj
 0001:000604e9       _start_pass                004614e9 f   libs-vc-win32:jclossls.obj
 0001:00060455       _start_pass                00461455 f   libs-vc-win32:jclossy.obj
 0001:0005f9aa       _initial_setup             004609aa f   libs-vc-win32:jcmaster.obj
 0001:0005fb5d       _validate_script           00460b5d f   libs-vc-win32:jcmaster.obj
 0001:0005ff35       _prepare_for_pass          00460f35 f   libs-vc-win32:jcmaster.obj
 0001:000600ad       _select_scan_parameters    004610ad f   libs-vc-win32:jcmaster.obj
 0001:000601ae       _per_scan_setup            004611ae f   libs-vc-win32:jcmaster.obj
 0001:00060359       _pass_startup              00461359 f   libs-vc-win32:jcmaster.obj
 0001:00060380       _finish_pass_master        00461380 f   libs-vc-win32:jcmaster.obj
 0001:0005f496       _rgb_ycc_start             00460496 f   libs-vc-win32:jccolor.obj
 0001:0005f55a       _rgb_ycc_convert           0046055a f   libs-vc-win32:jccolor.obj
 0001:0005f659       _rgb_gray_convert          00460659 f   libs-vc-win32:jccolor.obj
 0001:0005f6de       _cmyk_ycck_convert         004606de f   libs-vc-win32:jccolor.obj
 0001:0005f816       _grayscale_convert         00460816 f   libs-vc-win32:jccolor.obj
 0001:0005f870       _null_convert              00460870 f   libs-vc-win32:jccolor.obj
 0001:00030d98       _null_method               00431d98 f   images.obj
 0001:00030d98       _start_pass_downsample     00431d98 f   images.obj
 0001:0005ebe2       _sep_downsample            0045fbe2 f   libs-vc-win32:jcsample.obj
 0001:0005ec57       _int_downsample            0045fc57 f   libs-vc-win32:jcsample.obj
 0001:0005ed4f       _expand_right_edge         0045fd4f f   libs-vc-win32:jcsample.obj
 0001:0005eda4       _fullsize_downsample       0045fda4 f   libs-vc-win32:jcsample.obj
 0001:0005ede8       _h2v1_downsample           0045fde8 f   libs-vc-win32:jcsample.obj
 0001:0005ee7c       _h2v2_downsample           0045fe7c f   libs-vc-win32:jcsample.obj
 0001:0005ef29       _h2v2_smooth_downsample    0045ff29 f   libs-vc-win32:jcsample.obj
 0001:0005f1a1       _fullsize_smooth_downsample 004601a1 f   libs-vc-win32:jcsample.obj
 0001:0005e5de       _start_pass_prep           0045f5de f   libs-vc-win32:jcprepct.obj
 0001:0005e61c       _pre_process_data          0045f61c f   libs-vc-win32:jcprepct.obj
 0001:0005e7ca       _pre_process_context       0045f7ca f   libs-vc-win32:jcprepct.obj
 0001:0005e983       _create_context_buffer     0045f983 f   libs-vc-win32:jcprepct.obj
 0001:0005e456       _start_pass_main           0045f456 f   libs-vc-win32:jcmainct.obj
 0001:0005e498       _process_data_simple_main  0045f498 f   libs-vc-win32:jcmainct.obj
 0001:0005da2c       _create_colormap           0045ea2c f   libs-vc-win32:jquant1.obj
 0001:0005db5e       _select_ncolors            0045eb5e f   libs-vc-win32:jquant1.obj
 0001:0005dc35       _create_colorindex         0045ec35 f   libs-vc-win32:jquant1.obj
 0001:0005dd61       _alloc_fs_workspace        0045ed61 f   libs-vc-win32:jquant1.obj
 0001:0005dd9d       _start_pass_1_quant        0045ed9d f   libs-vc-win32:jquant1.obj
 0001:0005de69       _create_odither_tables     0045ee69 f   libs-vc-win32:jquant1.obj
 0001:0005dec8       _make_odither_array        0045eec8 f   libs-vc-win32:jquant1.obj
 0001:0005df2b       _color_quantize            0045ef2b f   libs-vc-win32:jquant1.obj
 0001:0005dfb6       _color_quantize3           0045efb6 f   libs-vc-win32:jquant1.obj
 0001:0005e044       _quantize_ord_dither       0045f044 f   libs-vc-win32:jquant1.obj
 0001:0005e12f       _quantize3_ord_dither      0045f12f f   libs-vc-win32:jquant1.obj
 0001:0005e22f       _quantize_fs_dither        0045f22f f   libs-vc-win32:jquant1.obj
 0001:00030d98       _finish_pass_1_quant       00431d98 f   images.obj
 0001:0005e3b3       _new_color_map_1_quant     0045f3b3 f   libs-vc-win32:jquant1.obj
 0001:0005c9ed       _init_error_limit          0045d9ed f   libs-vc-win32:jquant2.obj
 0001:0005ca8c       _start_pass_2_quant        0045da8c f   libs-vc-win32:jquant2.obj
 0001:0005cb8e       _prescan_quantize          0045db8e f   libs-vc-win32:jquant2.obj
 0001:0005cbfd       _pass2_no_dither           0045dbfd f   libs-vc-win32:jquant2.obj
 0001:0005ccaa       _fill_inverse_cmap         0045dcaa f   libs-vc-win32:jquant2.obj
 0001:0005cd75       _find_nearby_colors        0045dd75 f   libs-vc-win32:jquant2.obj
 0001:0005cf19       _find_best_colors          0045df19 f   libs-vc-win32:jquant2.obj
 0001:0005d033       _pass2_fs_dither           0045e033 f   libs-vc-win32:jquant2.obj
 0001:0005d2a2       _finish_pass1              0045e2a2 f   libs-vc-win32:jquant2.obj
 0001:0005d2c4       _select_colors             0045e2c4 f   libs-vc-win32:jquant2.obj
 0001:0005d350       _update_box                0045e350 f   libs-vc-win32:jquant2.obj
 0001:0005d6ea       _median_cut                0045e6ea f   libs-vc-win32:jquant2.obj
 0001:0005d7fe       _find_biggest_color_pop    0045e7fe f   libs-vc-win32:jquant2.obj
 0001:0005d82d       _find_biggest_volume       0045e82d f   libs-vc-win32:jquant2.obj
 0001:0005d856       _compute_color             0045e856 f   libs-vc-win32:jquant2.obj
 0001:00030d98       _finish_pass2              00431d98 f   images.obj
 0001:0005d992       _new_color_map_2_quant     0045e992 f   libs-vc-win32:jquant2.obj
 0001:0005c404       _build_ycc_rgb_table       0045d404 f   libs-vc-win32:jdmerge.obj
 0001:0005c4b4       _start_pass_merged_upsample 0045d4b4 f   libs-vc-win32:jdmerge.obj
 0001:0005c4c9       _merged_2v_upsample        0045d4c9 f   libs-vc-win32:jdmerge.obj
 0001:0005c570       _merged_1v_upsample        0045d570 f   libs-vc-win32:jdmerge.obj
 0001:0005c5a1       _h2v1_merged_upsample      0045d5a1 f   libs-vc-win32:jdmerge.obj
 0001:0005c6f7       _h2v2_merged_upsample      0045d6f7 f   libs-vc-win32:jdmerge.obj
 0001:0005bfa8       _build_ycc_rgb_table       0045cfa8 f   libs-vc-win32:jdcolor.obj
 0001:0005c058       _ycc_rgb_convert           0045d058 f   libs-vc-win32:jdcolor.obj
 0001:0005c166       _null_convert              0045d166 f   libs-vc-win32:jdcolor.obj
 0001:0005c1de       _grayscale_convert         0045d1de f   libs-vc-win32:jdcolor.obj
 0001:0005c201       _gray_rgb_convert          0045d201 f   libs-vc-win32:jdcolor.obj
 0001:0005c25a       _ycck_cmyk_convert         0045d25a f   libs-vc-win32:jdcolor.obj
 0001:00030d98       _start_pass_dcolor         00431d98 f   images.obj
 0001:0005ba09       _start_pass_upsample       0045ca09 f   libs-vc-win32:jdsample.obj
 0001:0005ba23       _sep_upsample              0045ca23 f   libs-vc-win32:jdsample.obj
 0001:0005baf0       _fullsize_upsample         0045caf0 f   libs-vc-win32:jdsample.obj
 0001:0005bafb       _noop_upsample             0045cafb f   libs-vc-win32:jdsample.obj
 0001:0005bb03       _int_upsample              0045cb03 f   libs-vc-win32:jdsample.obj
 0001:0005bbed       _h2v1_upsample             0045cbed f   libs-vc-win32:jdsample.obj
 0001:0005bc44       _h2v2_upsample             0045cc44 f   libs-vc-win32:jdsample.obj
 0001:0005bcb6       _h2v1_fancy_upsample       0045ccb6 f   libs-vc-win32:jdsample.obj
 0001:0005bd59       _h2v2_fancy_upsample       0045cd59 f   libs-vc-win32:jdsample.obj
 0001:0005b612       _start_pass_dpost          0045c612 f   libs-vc-win32:jdpostct.obj
 0001:0005b6b8       _post_process_1pass        0045c6b8 f   libs-vc-win32:jdpostct.obj
 0001:0005b71d       _post_process_prepass      0045c71d f   libs-vc-win32:jdpostct.obj
 0001:0005b7ae       _post_process_2pass        0045c7ae f   libs-vc-win32:jdpostct.obj
 0001:0005b019       _alloc_funny_pointers      0045c019 f   libs-vc-win32:jdmainct.obj
 0001:0005b0c6       _start_pass_main           0045c0c6 f   libs-vc-win32:jdmainct.obj
 0001:0005b12e       _make_funny_pointers       0045c12e f   libs-vc-win32:jdmainct.obj
 0001:0005b26e       _process_data_simple_main  0045c26e f   libs-vc-win32:jdmainct.obj
 0001:0005b2d6       _process_data_context_main 0045c2d6 f   libs-vc-win32:jdmainct.obj
 0001:0005b3e8       _set_wraparound_pointers   0045c3e8 f   libs-vc-win32:jdmainct.obj
 0001:0005b4d2       _set_bottom_pointers       0045c4d2 f   libs-vc-win32:jdmainct.obj
 0001:0005b56c       _process_data_crank_post   0045c56c f   libs-vc-win32:jdmainct.obj
 0001:00059d45       _write_marker_header       0045ad45 f   libs-vc-win32:jcmarker.obj
 0001:00059d9b       _emit_byte                 0045ad9b f   libs-vc-win32:jcmarker.obj
 0001:00059dcc       _write_marker_byte         0045adcc f   libs-vc-win32:jcmarker.obj
 0001:00059ddc       _write_file_header         0045addc f   libs-vc-win32:jcmarker.obj
 0001:00059e28       _emit_jfif_app0            0045ae28 f   libs-vc-win32:jcmarker.obj
 0001:00059efb       _emit_adobe_app14          0045aefb f   libs-vc-win32:jcmarker.obj
 0001:00059fa1       _write_frame_header        0045afa1 f   libs-vc-win32:jcmarker.obj
 0001:0005a080       _emit_dqt                  0045b080 f   libs-vc-win32:jcmarker.obj
 0001:0005a16f       _emit_sof                  0045b16f f   libs-vc-win32:jcmarker.obj
 0001:0005a24b       _write_scan_header         0045b24b f   libs-vc-win32:jcmarker.obj
 0001:0005a30b       _emit_dht                  0045b30b f   libs-vc-win32:jcmarker.obj
 0001:0005a3e4       _emit_dri                  0045b3e4 f   libs-vc-win32:jcmarker.obj
 0001:0005a433       _emit_sos                  0045b433 f   libs-vc-win32:jcmarker.obj
 0001:0005a521       _write_file_trailer        0045b521 f   libs-vc-win32:jcmarker.obj
 0001:0005a541       _write_tables_only         0045b541 f   libs-vc-win32:jcmarker.obj
 0001:0005989a       _use_merged_upsample       0045a89a f   libs-vc-win32:jdmaster.obj
 0001:00059940       _master_selection          0045a940 f   libs-vc-win32:jdmaster.obj
 0001:00059a9d       _prepare_range_limit_table 0045aa9d f   libs-vc-win32:jdmaster.obj
 0001:00059b23       _prepare_for_output_pass   0045ab23 f   libs-vc-win32:jdmaster.obj
 0001:00059c44       _finish_output_pass        0045ac44 f   libs-vc-win32:jdmaster.obj
 0001:00058d11       _alloc_small               00459d11 f   libs-vc-win32:jmemmgr.obj
 0001:00058e2f       _alloc_large               00459e2f f   libs-vc-win32:jmemmgr.obj
 0001:00058ee0       _alloc_sarray              00459ee0 f   libs-vc-win32:jmemmgr.obj
 0001:00058f78       _alloc_barray              00459f78 f   libs-vc-win32:jmemmgr.obj
 0001:0005901c       _alloc_darray              0045a01c f   libs-vc-win32:jmemmgr.obj
 0001:000590c7       _request_virt_sarray       0045a0c7 f   libs-vc-win32:jmemmgr.obj
 0001:00059128       _request_virt_barray       0045a128 f   libs-vc-win32:jmemmgr.obj
 0001:00059189       _realize_virt_arrays       0045a189 f   libs-vc-win32:jmemmgr.obj
 0001:0005930c       _access_virt_sarray        0045a30c f   libs-vc-win32:jmemmgr.obj
 0001:0005942c       _do_sarray_io              0045a42c f   libs-vc-win32:jmemmgr.obj
 0001:000594bc       _access_virt_barray        0045a4bc f   libs-vc-win32:jmemmgr.obj
 0001:000595e1       _do_barray_io              0045a5e1 f   libs-vc-win32:jmemmgr.obj
 0001:00059672       _free_pool                 0045a672 f   libs-vc-win32:jmemmgr.obj
 0001:00059759       _self_destruct             0045a759 f   libs-vc-win32:jmemmgr.obj
 0001:000587ab       _start_input_pass          004597ab f   libs-vc-win32:jdinput.obj
 0001:000587d9       _per_scan_setup            004597d9 f   libs-vc-win32:jdinput.obj
 0001:0005895f       _finish_input_pass         0045995f f   libs-vc-win32:jdinput.obj
 0001:00058970       _consume_markers           00459970 f   libs-vc-win32:jdinput.obj
 0001:00058a0c       _initial_setup             00459a0c f   libs-vc-win32:jdinput.obj
 0001:00058c16       _reset_input_controller    00459c16 f   libs-vc-win32:jdinput.obj
 0001:000583b0       _make_crc_table            004593b0 f   libs-vc-win32:crc32.obj
 0001:000584fd       _crc32_little              004594fd f   libs-vc-win32:crc32.obj
 0001:000581aa       _fixedtables               004591aa f   libs-vc-win32:inflate.obj
 0001:00058294       _updatewindow              00459294 f   libs-vc-win32:inflate.obj
 0001:00056ed2       _init_destination          00457ed2 f   libs-vc-win32:jdatadst.obj
 0001:00056ef8       _empty_output_buffer       00457ef8 f   libs-vc-win32:jdatadst.obj
 0001:00056f3a       _term_destination          00457f3a f   libs-vc-win32:jdatadst.obj
 0001:00056a59       _std_huff_tables           00457a59 f   libs-vc-win32:jcparam.obj
 0001:00056ab3       _add_huff_table            00457ab3 f   libs-vc-win32:jcparam.obj
 0001:00054fb1       _next_marker               00455fb1 f   libs-vc-win32:jdmarker.obj
 0001:000550eb       _get_interesting_appn      004560eb f   libs-vc-win32:jdmarker.obj
 0001:00055216       _examine_app0              00456216 f   libs-vc-win32:jdmarker.obj
 0001:00055424       _examine_app14             00456424 f   libs-vc-win32:jdmarker.obj
 0001:000554e5       _skip_variable             004564e5 f   libs-vc-win32:jdmarker.obj
 0001:00055588       _read_markers              00456588 f   libs-vc-win32:jdmarker.obj
 0001:00055790       _get_soi                   00456790 f   libs-vc-win32:jdmarker.obj
 0001:0005583b       _get_sof                   0045683b f   libs-vc-win32:jdmarker.obj
 0001:00055b44       _get_sos                   00456b44 f   libs-vc-win32:jdmarker.obj
 0001:00055e32       _get_dht                   00456e32 f   libs-vc-win32:jdmarker.obj
 0001:000560d3       _get_dqt                   004570d3 f   libs-vc-win32:jdmarker.obj
 0001:0005632f       _get_dri                   0045732f f   libs-vc-win32:jdmarker.obj
 0001:0005640e       _first_marker              0045740e f   libs-vc-win32:jdmarker.obj
 0001:000564aa       _read_restart_marker       004574aa f   libs-vc-win32:jdmarker.obj
 0001:00056528       _reset_marker_reader       00457528 f   libs-vc-win32:jdmarker.obj
 0001:00054d95       _output_pass_setup         00455d95 f   libs-vc-win32:jdapistd.obj
 0001:00054a88       _default_decompress_parms  00455a88 f   libs-vc-win32:jdapimin.obj

 296 bytes saved through ICF

