 Quake2

 Timestamp is 43345066 (Fri Sep 23 22:58:46 2005)

 Preferred load address is 00400000

 Start         Length     Name                   Class
 0001:00000000 00061220H .text                   CODE
 0002:00000000 00000288H .idata$5                DATA
 0002:00000288 00006404H .rdata                  DATA
 0002:00006690 00000044H .rdata$r                DATA
 0002:000066d8 00000038H .xdata$x                DATA
 0002:00006710 00000078H .idata$2                DATA
 0002:00006788 00000014H .idata$3                DATA
 0002:0000679c 00000288H .idata$4                DATA
 0002:00006a24 0000084cH .idata$6                DATA
 0002:00007270 00000000H .edata                  DATA
 0003:00000000 00000004H .CRT$XCA                DATA
 0003:00000004 00000084H .CRT$XCU                DATA
 0003:00000088 00000004H .CRT$XCZ                DATA
 0003:0000008c 00000004H .CRT$XIA                DATA
 0003:00000090 00000004H .CRT$XIZ                DATA
 0003:000000a0 0000d58cH .data                   DATA
 0003:0000d630 00478894H .bss                    DATA
 0004:00000000 00000130H .rsrc$01                DATA
 0004:00000130 00003f20H .rsrc$02                DATA

  Address         Publics by Value              Rva+Base     Lib:Object

 0001:00000000       ??3@YAXPAX@Z               00401000 f i CoreMain.obj
 0001:0000000b       ?appTimestamp@@YAPBDXZ     0040100b f   CoreMain.obj
 0001:00000043       ?appInit@@YAXXZ            00401043 f   CoreMain.obj
 0001:000000c2       ?appExit@@YAXXZ            004010c2 f   CoreMain.obj
 0001:000000fc       ?appLoadDebugSymbols@@YAXXZ 004010fc f   DbgSymbols.obj
 0001:000002ba       ?appSymbolName@@YA_NIPADH@Z 004012ba f   DbgSymbols.obj
 0001:000003b0       ?appSymbolName@@YAPBDI@Z   004013b0 f   DbgSymbols.obj
 0001:000003e6       ?appMalloc@@YAPAXIH@Z      004013e6 f   Memory.obj
 0001:00000494       ?appFree@@YAXPAX@Z         00401494 f   Memory.obj
 0001:000004c2       ?Unlink@FMemHeader@@QAEXXZ 004014c2 f i Memory.obj
 0001:000004ed       ?Link@CMemoryChain@@AAEXXZ 004014ed f   Memory.obj
 0001:0000050c       ?Unlink@CMemoryChain@@AAEXXZ 0040150c f   Memory.obj
 0001:00000537       ??2CMemoryChain@@SAPAXIH@Z 00401537 f   Memory.obj
 0001:000005a9       ??3CMemoryChain@@SAXPAX@Z  004015a9 f   Memory.obj
 0001:000005dc       ?Alloc@CMemoryChain@@QAEPAXIH@Z 004015dc f   Memory.obj
 0001:00000646       ?appInitMemory@@YAXXZ      00401646 f   Memory.obj
 0001:00000b7a       ?sprintf@?$TString@$0BAA@@@QAAHPBDZZ 00401b7a f i Memory.obj
 0001:00000bb4       ?Flush@COutputDevice@@UAEXXZ 00401bb4 f i OutputDevice.obj
 0001:00000bb4       ?Close@COutputDevice@@UAEXXZ 00401bb4 f i OutputDevice.obj
 0001:00000bb5       ?Write@COutputDeviceNull@@UAEXPBD@Z 00401bb5 f i OutputDevice.obj
 0001:00000bd6       ?Write@COutputDeviceLog@@UAEXPBD@Z 00401bd6 f i OutputDevice.obj
 0001:00000c07       ?Printf@COutputDevice@@QAAXPBDZZ 00401c07 f   OutputDevice.obj
 0001:00000c77       ?Register@COutputDevice@@QAEXXZ 00401c77 f   OutputDevice.obj
 0001:00000cd3       ?Unregister@COutputDevice@@QAEXXZ 00401cd3 f   OutputDevice.obj
 0001:00000d26       ?appPrintf@@YAXPBDZZ       00401d26 f   OutputDevice.obj
 0001:00000e5c       ?appWPrintf@@YAXPBDZZ      00401e5c f   OutputDevice.obj
 0001:00000eb9       ??0COutputDeviceFile@@QAE@XZ 00401eb9 f i ErrorMgr.obj
 0001:00000ece       ?Write@COutputDeviceFile@@UAEXPBD@Z 00401ece f i ErrorMgr.obj
 0001:00000f22       ?Flush@COutputDeviceFile@@UAEXXZ 00401f22 f i ErrorMgr.obj
 0001:00000f32       ?Close@COutputDeviceFile@@UAEXXZ 00401f32 f i ErrorMgr.obj
 0001:00000f60       ??1COutputDeviceFile@@QAE@XZ 00401f60 f i ErrorMgr.obj
 0001:00000f7f       ?appGetErrorLog@@YAPAVCOutputDevice@@XZ 00401f7f f   ErrorMgr.obj
 0001:0000101e       ?Open@COutputDeviceFile@@QAEXPBD_N@Z 0040201e f i ErrorMgr.obj
 0001:00001064       ?appFatalError@@YAXPBDZZ   00402064 f   ErrorMgr.obj
 0001:00001104       ?appNonFatalError@@YAXPBDZZ 00402104 f   ErrorMgr.obj
 0001:00001166       ?appUnwindPrefix@@YAXPBD@Z 00402166 f   ErrorMgr.obj
 0001:00001216       ?appUnwindThrow@@YAXPBDZZ  00402216 f   ErrorMgr.obj
 0001:000012ad       ?Reset@CErrorHandler@@QAEXXZ 004022ad f   ErrorMgr.obj
 0001:000012de       ?appInitError@@YAXXZ       004022de f   ErrorMgr.obj
 0001:0000139c       ?sprintf@?$TString@$0CAA@@@QAAHPBDZZ 0040239c f i ErrorMgr.obj
 0001:000013b8       ?GetLine@CSimpleParser@@QAEPBDXZ 004023b8 f   ScriptParser.obj
 0001:000014cd       ?SkipBraces@CSimpleParser@@QAEPBDXZ 004024cd f   ScriptParser.obj
 0001:00001503       ?appStricmp@@YAHPBD0@Z     00402503 f   Strings.obj
 0001:00001538       ?toLower@@YADD@Z           00402538 f i Strings.obj
 0001:0000154f       ?appStrcpy@@YAXPADPBD@Z    0040254f f   Strings.obj
 0001:00001562       ?appStrncpylwr@@YAXPADPBDH@Z 00402562 f   Strings.obj
 0001:0000159a       ?appStrncpyz@@YAXPADPBDH@Z 0040259a f   Strings.obj
 0001:000015c7       ?appStrcatn@@YAXPADHPBD@Z  004025c7 f   Strings.obj
 0001:000015f2       ?appCopyFilename@@YAXPADPBDH@Z 004025f2 f   Strings.obj
 0001:00001692       ?appCStrlen@@YAHPBD@Z      00402692 f   Strings.obj
 0001:000016b7       ?appUncolorizeString@@YAXPADPBD@Z 004026b7 f   Strings.obj
 0001:000016e7       ?va@@YAPBDPBDZZ            004026e7 f   Strings.obj
 0001:00001783       ?appSprintf@@YAHPADHPBDZZ  00402783 f   Strings.obj
 0001:000017ce       ?appMatchWildcard@@YA_NPBD0_N@Z 004027ce f   Strings.obj
 0001:0000195d       ?appIsWildcard@@YA_NPBD@Z  0040295d f   Strings.obj
 0001:00001987       ?CopyString@@YAPADPBD@Z    00402987 f   Strings.obj
 0001:000019c7       ?CopyString@@YAPADPBDPAVCMemoryChain@@@Z 004029c7 f   Strings.obj
 0001:000019fb       ??2CStringItem@@SAPAXIPBD@Z 004029fb f   Strings.obj
 0001:00001a48       ??2CStringItem@@SAPAXIPBDPAVCMemoryChain@@@Z 00402a48 f   Strings.obj
 0001:00001a72       ??0CStringItem@@QAE@XZ     00402a72 f   Strings.obj
 0001:00001a7d       ?Find@CStringList@@IAEPAVCStringItem@@PBDPAPAV2@@Z 00402a7d f   Strings.obj
 0001:00001ab9       ?Find@CStringList@@IAEPAVCStringItem@@H@Z 00402ab9 f   Strings.obj
 0001:00001ad2       ?IndexOf@CStringList@@QAEHPBD@Z 00402ad2 f   Strings.obj
 0001:00001aff       ?Remove@CStringList@@QAE_NPAVCStringItem@@@Z 00402aff f   Strings.obj
 0001:00001b2b       ?Add@CTextContainer@@QAEPAUCTextRec@@PBD@Z 00402b2b f   TextContainer.obj
 0001:00001bd7       ?Enumerate@CTextContainer@@QAEXP6AXPBUCTextRec@@@Z@Z 00402bd7 f   TextContainer.obj
 0001:00001c43       ?SubtractPath@@YAPBDPBD0@Z 00402c43 f   FileSystem.obj
 0001:00001cd7       ?appMakeDirectoryForFile@@YAXPBD@Z 00402cd7 f   FileSystem.obj
 0001:00001d0d       ?appOpenFile@@YAPAVCFile@@PBD@Z 00402d0d f   FileSystem.obj
 0001:00001d49       ?Read@CFileOS@@UAEHPAXH@Z  00402d49 f i FileSystem.obj
 0001:00001d6e       ?GetSize@CFileOS@@UAEHXZ   00402d6e f i FileSystem.obj
 0001:00001db3       ?Eof@CFileOS@@UAE_NXZ      00402db3 f i FileSystem.obj
 0001:00001dc7       ??_GCFileOS@@UAEPAXI@Z     00402dc7 f i FileSystem.obj
 0001:00001dc7       ??_ECFileOS@@UAEPAXI@Z     00402dc7 f i FileSystem.obj
 0001:00001df9       ??_GCFile@@UAEPAXI@Z       00402df9 f i FileSystem.obj
 0001:00001df9       ??_ECFile@@UAEPAXI@Z       00402df9 f i FileSystem.obj
 0001:00001e16       ?ReadInt@CFile@@QAEHXZ     00402e16 f   FileSystem.obj
 0001:00001e2e       ?ReadString@CFile@@QAEXPADH@Z 00402e2e f   FileSystem.obj
 0001:00001e6e       ?GetType@CFileContainer@@MAEPBDXZ 00402e6e f   FileSystem.obj
 0001:00001e74       ?Mount@CFileSystem@@QAEXAAVCFileContainer@@PBD@Z 00402e74 f   FileSystem.obj
 0001:00001ec5       ?Umount@CFileSystem@@QAEXAAVCFileContainer@@@Z 00402ec5 f   FileSystem.obj
 0001:00001ef5       ?MountDirectory@CFileSystem@@QAEPAVCFileContainer@@PBD0@Z 00402ef5 f   FileSystem.obj
 0001:00001f38       ?GetType@CFileContainerOS@@MAEPBDXZ 00402f38 f i FileSystem.obj
 0001:00001f3e       ?FileExists@CFileContainerOS@@UAE_NPBD@Z 00402f3e f i FileSystem.obj
 0001:00001f75       ?OpenFile@CFileContainerOS@@UAEPAVCFile@@PBD@Z 00402f75 f i FileSystem.obj
 0001:00001f92       ?List@CFileContainerOS@@UAEXAAVCFileList@@PBDI@Z 00402f92 f i FileSystem.obj
 0001:00001fba       ??_GCFileContainer@@UAEPAXI@Z 00402fba f i FileSystem.obj
 0001:00001fba       ??_ECFileContainer@@UAEPAXI@Z 00402fba f i FileSystem.obj
 0001:00001fba       ??_ECFileContainerOS@@UAEPAXI@Z 00402fba f i FileSystem.obj
 0001:00001fba       ??_GCFileContainerOS@@UAEPAXI@Z 00402fba f i FileSystem.obj
 0001:00001fd7       ?MountArchive@CFileSystem@@QAEPAVCFileContainer@@PBD0@Z 00402fd7 f   FileSystem.obj
 0001:000020ee       ?Mount@CFileSystem@@QAEXPBD0@Z 004030ee f   FileSystem.obj
 0001:0000229e       ?Umount@CFileSystem@@QAEXPBD@Z 0040329e f   FileSystem.obj
 0001:0000233a       ?List@CFileSystem@@UAEPAVCFileList@@PBDIPAV2@@Z 0040333a f   FileSystem.obj
 0001:000024f2       ?RegisterFormat@CFileSystem@@SAXP6APAVCFileContainer@@PBDPAU_iobuf@@@Z@Z 004034f2 f   FileSystem.obj
 0001:00002532       ?FileExists@CFileSystem@@UAE_NPBDI@Z 00403532 f   FileSystem.obj
 0001:000025b1       ?OpenFile@CFileSystem@@UAEPAVCFile@@PBDI@Z 004035b1 f   FileSystem.obj
 0001:00002656       ?LoadFile@CFileSystem@@QAEPAXPBDPAI@Z 00403656 f   FileSystem.obj
 0001:00002726       ?appInitFileSystem@@YAXAAVCFileSystem@@@Z 00403726 f   FileSystem.obj
 0001:00002c7f       ?FindDir@CFileContainerArc@@IAEPAVCArcDir@1@PBD_N@Z 00403c7f f   FileContainerArc.obj
 0001:00002d68       ?FindFile@CFileContainerArc@@IAEPAVCStringItem@@PBD@Z 00403d68 f   FileContainerArc.obj
 0001:00002dd3       ?FileExists@CFileContainerArc@@UAE_NPBD@Z 00403dd3 f   FileContainerArc.obj
 0001:00002de5       ?OpenFile@CFileContainerArc@@UAEPAVCFile@@PBD@Z 00403de5 f   FileContainerArc.obj
 0001:00002e01       ?List@CFileContainerArc@@UAEXAAVCFileList@@PBDI@Z 00403e01 f   FileContainerArc.obj
 0001:00002f6e       ?appMillisecondsf@@YANXZ   00403f6e f   CoreWin32.obj
 0001:00002fa7       ?appMilliseconds@@YAIXZ    00403fa7 f   CoreWin32.obj
 0001:00002fdc       ?cpuid@@YAXI@Z             00403fdc f   CoreWin32.obj
 0001:00002fff       ?appPackage@@YAPBDXZ       00403fff f   CoreWin32.obj
 0001:00003057       ?appGetSystemErrorMessage@@YAPBDI@Z 00404057 f   CoreWin32.obj
 0001:000030bb       ?appDisplayError@@YAXXZ    004040bb f   CoreWin32.obj
 0001:0000310f       ?appInitPlatform@@YAXXZ    0040410f f   CoreWin32.obj
 0001:00003550       ?appShutdownPlatform@@YAXXZ 00404550 f   CoreWin32.obj
 0001:00003559       ?osAddressInfo@@YA_NIPADHPAH@Z 00404559 f   DbgSymbolsWin32.obj
 0001:000035ed       ?osModuleInfo@@YA_NIPADHPAH@Z 004045ed f   DbgSymbolsWin32.obj
 0001:00003794       ?win32ExceptFilter@@YAHPAU_EXCEPTION_POINTERS@@@Z 00404794 f   ExceptFilterWin32.obj
 0001:00003ccd       ?win32ExceptFilter2@@YAHXZ 00404ccd f   ExceptFilterWin32.obj
 0001:00003cd9       ?appListDirectoryOS@@YAXPBDAAVCFileList@@I@Z 00404cd9 f   FileSystemWin32.obj
 0001:00003f20       ?appMakeDirectory@@YAXPBD@Z 00404f20 f   FileSystemWin32.obj
 0001:00003f8d       ?SCR_StopCinematic@@YAXXZ  00404f8d f   cl_cin.obj
 0001:00004021       ?SCR_DrawCinematic@@YA_NXZ 00405021 f   cl_cin.obj
 0001:0000446c       ?SCR_PlayCinematic@@YAXPBD@Z 0040546c f   cl_cin.obj
 0001:000047e6       ?sprintf@?$TString@$0EA@@@QAAHPBDZZ 004057e6 f i cl_cin.obj
 0001:000047ff       ?CL_Download_f@@YAX_NHPAPAD@Z 004057ff f   cl_download.obj
 0001:00004baa       ?CL_ParseDownload@@YAXXZ   00405baa f   cl_download.obj
 0001:000053d2       ?CL_Precache_f@@YAXHPAPAD@Z 004063d2 f   cl_download.obj
 0001:00005430       ?sprintf@?$TString@$0IA@@@QAAHPBDZZ 00406430 f i cl_download.obj
 0001:0000544c       ?CL_ParseDelta@@YAXPAUclEntityState_t@@0HI_N@Z 0040644c f   cl_ents.obj
 0001:000055cc       ?CL_ParseFrame@@YAXXZ      004065cc f   cl_ents.obj
 0001:00005c7b       ?CL_AddEntityBox@@YAXPAUclEntityState_t@@I@Z 00406c7b f   cl_ents.obj
 0001:00005d7f       ?Lerp@@YAXABUCVec3@@0MAAU1@@Z 00406d7f f i cl_ents.obj
 0001:00005db6       ?CL_OffsetThirdPersonView@@YAXXZ 00406db6 f   cl_ents.obj
 0001:00005e9e       ?CL_AddEntities@@YAXXZ     00406e9e f   cl_ents.obj
 0001:00006ddc       ?CL_ClearLightStyles@@YAXXZ 00407ddc f   cl_fx.obj
 0001:00006e5e       ?CL_SetLightstyle@@YAXHPBD@Z 00407e5e f   cl_fx.obj
 0001:00006ebf       ?CL_AllocDlight@@YAPAUcdlight_t@@HABUCVec3@@@Z 00407ebf f   cl_fx.obj
 0001:00006f28       ?CL_AllocParticleTrace@@YAPAUparticleTrace_t@@ABUCVec3@@0MM@Z 00407f28 f   cl_fx.obj
 0001:00006fb7       ?CL_AllocParticleBeam@@YAPAUbeam_t@@ABUCVec3@@0MM@Z 00407fb7 f   cl_fx.obj
 0001:0000702b       ?CL_AllocParticle@@YAPAUparticle_t@@XZ 0040802b f   cl_fx.obj
 0001:0000707e       ?CL_MetalSparks@@YAXABUCVec3@@0H@Z 0040807e f   cl_fx.obj
 0001:0000717c       ?CL_AddEffects@@YAXXZ      0040817c f   cl_fx.obj
 0001:00007881       ?CL_ClearEffects@@YAXXZ    00408881 f   cl_fx.obj
 0001:00007903       ?CL_EntityEvent@@YAXPAUclEntityState_t@@@Z 00408903 f   cl_fx.obj
 0001:00007ab7       ?CL_ParseMuzzleFlash@@YAXXZ 00408ab7 f   cl_fx.obj
 0001:00007e27       ?CL_ParseMuzzleFlash2@@YAXXZ 00408e27 f   cl_fx.obj
 0001:0000829d       ?CL_ParticleEffect@@YAXABUCVec3@@0HH@Z 0040929d f   cl_fx.obj
 0001:00008486       ?CL_ParticleEffect2@@YAXABUCVec3@@0HH@Z 00409486 f   cl_fx.obj
 0001:000084ae       ?CL_ParticleEffect3@@YAXABUCVec3@@0HH@Z 004094ae f   cl_fx.obj
 0001:000084d6       ?CL_TeleporterParticles@@YAXPAUclEntityState_t@@@Z 004094d6 f   cl_fx.obj
 0001:000084f5       ?CL_LogoutEffect@@YAXABUCVec3@@H@Z 004094f5 f   cl_fx.obj
 0001:0000852b       ?CL_ItemRespawnParticles@@YAXABUCVec3@@@Z 0040952b f   cl_fx.obj
 0001:00008546       ?CL_ExplosionParticles@@YAXABUCVec3@@@Z 00409546 f   cl_fx.obj
 0001:00008564       ?CL_BFGExplosionParticles@@YAXABUCVec3@@@Z 00409564 f   cl_fx.obj
 0001:00008582       ?CL_TrackerExplosionParticles@@YAXABUCVec3@@@Z 00409582 f   cl_fx.obj
 0001:000085a0       ?CL_BlasterParticles@@YAXABUCVec3@@0I@Z 004095a0 f   cl_fx.obj
 0001:000085c6       ?CL_BlasterTrail@@YAXAAUcentity_t@@@Z 004095c6 f   cl_fx.obj
 0001:000086c9       ?CL_BlasterTrail2@@YAXAAUcentity_t@@@Z 004096c9 f   cl_fx.obj
 0001:000086dc       ?CL_FlagTrail@@YAXAAUcentity_t@@H@Z 004096dc f   cl_fx.obj
 0001:000086f8       ?CL_RocketTrail@@YAXAAUcentity_t@@@Z 004096f8 f   cl_fx.obj
 0001:00008737       ?CL_BubbleTrail@@YAXABUCVec3@@0@Z 00409737 f   cl_fx.obj
 0001:000087d1       ?CL_BubbleTrail2@@YAXABUCVec3@@0@Z 004097d1 f   cl_fx.obj
 0001:000087e9       ?CL_TagTrail@@YAXAAUcentity_t@@@Z 004097e9 f   cl_fx.obj
 0001:000087fc       ?CL_DebugTrail@@YAXABUCVec3@@0@Z 004097fc f   cl_fx.obj
 0001:00008814       ?CL_ForceWall@@YAXABUCVec3@@0H@Z 00409814 f   cl_fx.obj
 0001:00008835       ?CL_BigTeleportParticles@@YAXABUCVec3@@@Z 00409835 f   cl_fx.obj
 0001:00008970       ?CL_BfgParticles@@YAXABUCVec3@@@Z 00409970 f   cl_fx.obj
 0001:00008aea       ?CL_FlyEffect@@YAXAAUcentity_t@@@Z 00409aea f   cl_fx.obj
 0001:00008c76       ?CL_DiminishingTrail@@YAXAAUcentity_t@@H@Z 00409c76 f   cl_fx.obj
 0001:00008dd0       ?CL_RailTrail@@YAXABUCVec3@@0@Z 00409dd0 f   cl_fx.obj
 0001:00008f46       ?CL_RailTrailExt@@YAXABUCVec3@@0EE@Z 00409f46 f   cl_fx.obj
 0001:0000908b       ?CL_IonripperTrail@@YAXAAUcentity_t@@@Z 0040a08b f   cl_fx.obj
 0001:000091e5       ?CL_TrapParticles@@YAXABUCVec3@@@Z 0040a1e5 f   cl_fx.obj
 0001:00009379       ?CL_TeleportParticles@@YAXABUCVec3@@@Z 0040a379 f   cl_fx.obj
 0001:000094af       ?CL_Heatbeam@@YAXABUCVec3@@0@Z 0040a4af f   cl_fx.obj
 0001:00009755       ?CL_ParticleSteamEffect@@YAXABUCVec3@@0HHH@Z 0040a755 f   cl_fx.obj
 0001:0000988e       ?CL_ParticleSmokeEffect@@YAXABUCVec3@@0@Z 0040a88e f   cl_fx.obj
 0001:000099aa       ?CL_TrackerTrail@@YAXAAUcentity_t@@@Z 0040a9aa f   cl_fx.obj
 0001:00009b28       ?CL_TrackerShell@@YAXABUCVec3@@@Z 0040ab28 f   cl_fx.obj
 0001:00009bb4       ?CL_MonsterPlasmaShell@@YAXABUCVec3@@@Z 0040abb4 f   cl_fx.obj
 0001:00009c3d       ?CL_WidowSplash@@YAXABUCVec3@@@Z 0040ac3d f   cl_fx.obj
 0001:00009d1e       ?IN_CenterView@@YAXXZ      0040ad1e f   cl_input.obj
 0001:00009d3f       ?CL_InitInput@@YAXXZ       0040ad3f f   cl_input.obj
 0001:0000a2db       ?CL_SendCmd@@YAXXZ         0040b2db f   cl_input.obj
 0001:0000a95b       ?CL_WriteDemoMessage@@YAXXZ 0040b95b f   cl_main.obj
 0001:0000a99d       ?Cmd_ForwardToServer@@YAXHPAPAD@Z 0040b99d f   cl_main.obj
 0001:0000aa60       ?CL_ForwardToServer_f@@YAXHPAPAD@Z 0040ba60 f   cl_main.obj
 0001:0000aaa8       ?CL_Pause@@YAX_N@Z         0040baa8 f   cl_main.obj
 0001:0000aaea       ?CL_Drop@@YAX_N@Z          0040baea f   cl_main.obj
 0001:0000ab11       ?CL_SendConnectPacket@@YAXXZ 0040bb11 f   cl_main.obj
 0001:0000ab83       ?CL_Connect_f@@YAX_NHPAPAD@Z 0040bb83 f   cl_main.obj
 0001:0000abee       ?CL_Rcon_f@@YAXHPAPAD@Z    0040bbee f   cl_main.obj
 0001:0000acda       ?CL_Disconnect@@YAXXZ      0040bcda f   cl_main.obj
 0001:0000ae85       ?CL_Disconnect_f@@YAXXZ    0040be85 f   cl_main.obj
 0001:0000ae8f       ?CL_Changing_f@@YAXXZ      0040be8f f   cl_main.obj
 0001:0000aeb3       ?CL_Reconnect_f@@YAXXZ     0040beb3 f   cl_main.obj
 0001:0000af4f       ?CL_PingServers_f@@YAXXZ   0040bf4f f   cl_main.obj
 0001:0000b051       ?CL_Skins_f@@YAXXZ         0040c051 f   cl_main.obj
 0001:0000b339       ?CL_ConnectionlessPacket@@YAXXZ 0040c339 f   cl_main.obj
 0001:0000b436       ?CL_ReadPackets@@YAXXZ     0040c436 f   cl_main.obj
 0001:0000b579       ?CL_Userinfo_f@@YAXXZ      0040c579 f   cl_main.obj
 0001:0000b594       ?CL_RegisterSounds@@YAXXZ  0040c594 f   cl_main.obj
 0001:0000b5d3       ?CL_Snd_Restart_f@@YAXXZ   0040c5d3 f   cl_main.obj
 0001:0000b5e2       ?CL_WriteConfiguration@@YAXPBD@Z 0040c5e2 f   cl_main.obj
 0001:0000b6c9       ?CL_WriteConfig_f@@YAX_NHPAPAD@Z 0040c6c9 f   cl_main.obj
 0001:0000b734       ?CL_FixCvarCheats@@YAXXZ   0040c734 f   cl_main.obj
 0001:0000b785       ?CL_Frame@@YAXMM@Z         0040c785 f   cl_main.obj
 0001:0000bac4       ?CL_ClearState@@YAXXZ      0040cac4 f   cl_main.obj
 0001:0000bb02       ?CL_Init@@YAXXZ            0040cb02 f   cl_main.obj
 0001:0000bfc0       ?CL_Shutdown@@YAXXZ        0040cfc0 f   cl_main.obj
 0001:0000c01c       ?sprintf@?$TString@$0EAA@@@QAAHPBDZZ 0040d01c f i cl_main.obj
 0001:0000c038       ?CL_ParseClientinfo@@YAXH@Z 0040d038 f   cl_parse.obj
 0001:0000c0ed       ?CL_UpdatePlayerClientInfo@@YAXXZ 0040d0ed f   cl_parse.obj
 0001:0000c12e       ?CL_ParseServerMessage@@YAXXZ 0040d12e f   cl_parse.obj
 0001:0000c920       ?FreePlayerModelsInfo@@YAXXZ 0040d920 f   cl_playermodel.obj
 0001:0000c946       ?ScanQuake3Models@@YAXPBD@Z 0040d946 f   cl_playermodel.obj
 0001:0000cae7       ?ScanPlayerModels@@YA_NXZ  0040dae7 f   cl_playermodel.obj
 0001:0000cd3c       ?RunAnimation@@YAXAAUclientInfo_t@@AAUanimState_t@@H@Z 0040dd3c f   cl_playermodel.obj
 0001:0000cf1d       ?CL_LoadClientinfo@@YAXAAUclientInfo_t@@PBD_N@Z 0040df1d f   cl_playermodel.obj
 0001:0000dba8       ?ParsePlayerEntity@@YAHAAUcentity_t@@AAUclientInfo_t@@PAUclEntityState_t@@ABUentity_t@@PAU4@HH@Z 0040eba8 f   cl_playermodel.obj
 0001:0000e6fe       ?CreateAndInsert@?$TList@VCStringItem@@@@QAEPAVCStringItem@@PBDPAVCMemoryChain@@@Z 0040f6fe f i cl_playermodel.obj
 0001:0000e734       ?Insert@?$TList@VshaderScript_t@OpenGLDrv@@@@QAE_NPAVshaderScript_t@OpenGLDrv@@@Z 0040f734 f i cl_playermodel.obj
 0001:0000e734       ?Insert@?$TList@VCStringItem@@@@QAE_NPAVCStringItem@@@Z 0040f734 f i cl_playermodel.obj
 0001:0000e734       ?Insert@?$TList@VplayerModelInfo_t@@@@QAE_NPAVplayerModelInfo_t@@@Z 0040f734 f i cl_playermodel.obj
 0001:0000e76a       ?CL_CheckPredictionError@@YAXXZ 0040f76a f   cl_pred.obj
 0001:0000e900       ?CL_EntityTrace@@YAXAAUtrace_t@@ABUCVec3@@1ABUCBox@@H@Z 0040f900 f   cl_pred.obj
 0001:0000ec99       ?CL_Trace@@YAXAAUtrace_t@@ABUCVec3@@1ABUCBox@@H@Z 0040fc99 f   cl_pred.obj
 0001:0000ed15       ?CL_PMpointcontents@@YAHABUCVec3@@@Z 0040fd15 f   cl_pred.obj
 0001:0000eea1       ?CL_PredictMovement@@YAXXZ 0040fea1 f   cl_pred.obj
 0001:0000f254       ?DrawString@@YAXHHPBD@Z    00410254 f   cl_scrn.obj
 0001:0000f299       ?SCR_DebugGraph@@YAXMH@Z   00410299 f   cl_scrn.obj
 0001:0000f2c1       ?SCR_CenterPrint@@YAXPBD@Z 004102c1 f   cl_scrn.obj
 0001:0000f3c7       ?Key_Message@@YAXH@Z       004103c7 f   cl_scrn.obj
 0001:0000f463       ?SCR_SetLevelshot@@YAXPBD@Z 00410463 f   cl_scrn.obj
 0001:0000f55c       ?SCR_BeginLoadingPlaque@@YAXXZ 0041055c f   cl_scrn.obj
 0001:0000f5e1       ?SCR_EndLoadingPlaque@@YAX_N@Z 004105e1 f   cl_scrn.obj
 0001:0000f666       ?SCR_ShowConsole@@YAX_N0@Z 00410666 f   cl_scrn.obj
 0001:0000f72b       ?SCR_ToggleConsole@@YAXXZ  0041072b f   cl_scrn.obj
 0001:0000f753       ?SCR_TouchPics@@YAXXZ      00410753 f   cl_scrn.obj
 0001:0000f7a9       ?SCR_UpdateScreen@@YAXXZ   004107a9 f   cl_scrn.obj
 0001:000109ed       ?SCR_Init@@YAXXZ           004119ed f   cl_scrn.obj
 0001:00010d1c       ?sprintf@?$TString@$0BA@@@QAAHPBDZZ 00411d1c f i cl_scrn.obj
 0001:00010d35       ?CL_RegisterTEntSounds@@YAXXZ 00411d35 f   cl_tent.obj
 0001:00010f7a       ?CL_RegisterTEntModels@@YAXXZ 00411f7a f   cl_tent.obj
 0001:000110c7       ?CL_ClearTEnts@@YAXXZ      004120c7 f   cl_tent.obj
 0001:000110f8       ?CL_SmokeAndFlash@@YAXABUCVec3@@@Z 004120f8 f   cl_tent.obj
 0001:0001128e       ?CL_ParsePlayerBeam@@YAHPAVCRenderModel@@@Z 0041228e f   cl_tent.obj
 0001:00011399       ?CL_ParseLightning@@YAHPAVCRenderModel@@@Z 00412399 f   cl_tent.obj
 0001:0001145b       ?CL_ParseWidow@@YAXXZ      0041245b f   cl_tent.obj
 0001:00011591       ?CL_ParseNuke@@YAXXZ       00412591 f   cl_tent.obj
 0001:000116a4       ?CL_ParseTEnt@@YAXXZ       004126a4 f   cl_tent.obj
 0001:0001248b       ?CL_AddBeams@@YAXXZ        0041348b f   cl_tent.obj
 0001:0001268d       ?CL_AddPlayerBeams@@YAXXZ  0041368d f   cl_tent.obj
 0001:00012c94       ?CL_AddTEnts@@YAXXZ        00413c94 f   cl_tent.obj
 0001:00012e94       ?V_AddEntity@@YAXPAUentity_t@@@Z 00413e94 f   cl_view.obj
 0001:00012ecf       ?V_AddEntity2@@YAXPAUentity_t@@@Z 00413ecf f   cl_view.obj
 0001:00012efe       ?AddEntityWithEffects2@@YAXPAUentity_t@@I@Z 00413efe f   cl_view.obj
 0001:00012f9d       ?AddEntityWithEffects@@YAXPAUentity_t@@I@Z 00413f9d f   cl_view.obj
 0001:00012fbc       ?V_AddLight@@YAXABUCVec3@@MMMM@Z 00413fbc f   cl_view.obj
 0001:00013001       ?V_TestEntities@@YAXXZ     00414001 f   cl_view.obj
 0001:0001312e       ?V_TestLights@@YAXXZ       0041412e f   cl_view.obj
 0001:00013204       ?V_InitRenderer@@YAXXZ     00414204 f   cl_view.obj
 0001:000135ec       ?CalcFov@@YAMMMM@Z         004145ec f   cl_view.obj
 0001:0001365a       ?V_RenderView@@YA_NXZ      0041465a f   cl_view.obj
 0001:00014274       ?V_Init@@YAXXZ             00415274 f   cl_view.obj
 0001:00014323       ?Con_ClearNotify@@YAXXZ    00415323 f   console.obj
 0001:00014332       ?Con_CheckResize@@YAXXZ    00415332 f   console.obj
 0001:00014459       ?Write@COutputDeviceCon@@UAEXPBD@Z 00415459 f   console.obj
 0001:00014753       ?Con_DrawNotify@@YAX_N@Z   00415753 f   console.obj
 0001:0001486b       ?Con_DrawConsole@@YAXM@Z   0041586b f   console.obj
 0001:00014b1f       ?Con_ClearTyping@@YAXXZ    00415b1f f   console.obj
 0001:00014b38       ?Key_Console@@YAXHH@Z      00415b38 f   console.obj
 0001:00014f80       ?Con_Init@@YAXXZ           00415f80 f   console.obj
 0001:000150ee       ?Key_KeynumToString@@YAPBDH@Z 004160ee f   keys.obj
 0001:000151ae       ?Draw@completeMenu_t@@UAEXXZ 004161ae f i keys.obj
 0001:000151df       ?KeyDown@completeMenu_t@@UAEPBDH@Z 004161df f i keys.obj
 0001:00015208       ?Init@completeMenu_t@@UAE_NXZ 00416208 f i keys.obj
 0001:0001532f       ?CompleteMenuCallback@completeMenu_t@@SAXPAX@Z 0041632f f i keys.obj
 0001:000153bd       ?CompleteCommand@@YAXXZ    004163bd f   keys.obj
 0001:00015ac8       ?Key_SetBinding@@YAXHPBD@Z 00416ac8 f   keys.obj
 0001:00015b06       ?Key_FindBinding@@YAHPBDPAHH@Z 00416b06 f   keys.obj
 0001:00015b54       ?Key_WriteBindings@@YAXPAVCOutputDevice@@@Z 00416b54 f   keys.obj
 0001:00015b9b       ?Key_Init@@YAXXZ           00416b9b f   keys.obj
 0001:00015e7f       ?Key_Event@@YAXH_N@Z       00416e7f f   keys.obj
 0001:000161d8       ?Key_ClearStates@@YAXXZ    004171d8 f   keys.obj
 0001:0001620d       ?M_ForceMenuOn@@YAXXZ      0041720d f   menu.obj
 0001:0001622c       ?Draw@menuMain_t@@UAEXXZ   0041722c f i menu.obj
 0001:00016368       ?KeyDown@menuMain_t@@UAEPBDH@Z 00417368 f i menu.obj
 0001:00016424       ?Init@menuMain_t@@UAE_NXZ  00417424 f i menu.obj
 0001:0001642c       ?M_Menu_Main_f@@YAXXZ      0041742c f   menu.obj
 0001:00016446       ?Init@multiplayerMenu_t@@UAE_NXZ 00417446 f i menu.obj
 0001:0001656a       ?Init@keysMenu_t@@UAE_NXZ  0041756a f i menu.obj
 0001:00016753       ?KeyCursorDrawFunc@keysMenu_t@@SAXPAUmenuFramework_t@@@Z 00417753 f i menu.obj
 0001:00016793       ?DrawKeyBindingFunc@keysMenu_t@@SAXPAX@Z 00417793 f i menu.obj
 0001:0001685a       ?KeyDown@keysMenu_t@@UAEPBDH@Z 0041785a f i menu.obj
 0001:00016907       ?UnbindCommand@keysMenu_t@@QAEXPAD@Z 00417907 f i menu.obj
 0001:0001694c       ?KeyBindingFunc@keysMenu_t@@QAEXPAX@Z 0041794c f i menu.obj
 0001:000169ab       ?Init@optionsMenu_t@@UAE_NXZ 004179ab f i menu.obj
 0001:00016e09       ?CrosshairFunc@optionsMenu_t@@SAXPAX@Z 00417e09 f i menu.obj
 0001:00016e31       ?JoystickFunc@optionsMenu_t@@SAXPAX@Z 00417e31 f i menu.obj
 0001:00016e46       ?AlwaysRunFunc@optionsMenu_t@@SAXPAX@Z 00417e46 f i menu.obj
 0001:00016e5b       ?FreeLookFunc@optionsMenu_t@@SAXPAX@Z 00417e5b f i menu.obj
 0001:00016e70       ?MouseSpeedFunc@optionsMenu_t@@SAXPAX@Z 00417e70 f i menu.obj
 0001:00016e8d       ?InvertMouseFunc@optionsMenu_t@@SAXPAX@Z 00417e8d f i menu.obj
 0001:00016ea8       ?LookspringFunc@optionsMenu_t@@SAXPAX@Z 00417ea8 f i menu.obj
 0001:00016ec4       ?LookstrafeFunc@optionsMenu_t@@SAXPAX@Z 00417ec4 f i menu.obj
 0001:00016ee0       ?UpdateVolumeFunc@optionsMenu_t@@SAXPAX@Z 00417ee0 f i menu.obj
 0001:00016efd       ?UpdateCDVolumeFunc@optionsMenu_t@@SAXPAX@Z 00417efd f i menu.obj
 0001:00016f17       ?SetMenuItemValues@optionsMenu_t@@SAXXZ 00417f17 f i menu.obj
 0001:000170f5       ?ResetDefaultsFunc@optionsMenu_t@@SAXPAX@Z 004180f5 f i menu.obj
 0001:0001710a       ?UpdateSoundFunc@optionsMenu_t@@SAXPAX@Z 0041810a f i menu.obj
 0001:0001730d       ?ScanCrosshairs@optionsMenu_t@@SAXXZ 0041830d f i menu.obj
 0001:0001736a       ?Draw@optionsMenu_t@@UAEXXZ 0041836a f i menu.obj
 0001:000173cf       ?Draw@creditsMenu_t@@UAEXXZ 004183cf f i menu.obj
 0001:00017476       ?KeyDown@creditsMenu_t@@UAEPBDH@Z 00418476 f i menu.obj
 0001:000174b1       ?Init@creditsMenu_t@@UAE_NXZ 004184b1 f i menu.obj
 0001:00017532       ?Init@gameMenu_t@@UAE_NXZ  00418532 f i menu.obj
 0001:000176bd       ?EasyGameFunc@gameMenu_t@@SAXPAX@Z 004186bd f i menu.obj
 0001:000176c9       ?StartGame@gameMenu_t@@SAXPBD@Z 004186c9 f i menu.obj
 0001:00017721       ?MediumGameFunc@gameMenu_t@@SAXPAX@Z 00418721 f i menu.obj
 0001:0001772d       ?HardGameFunc@gameMenu_t@@SAXPAX@Z 0041872d f i menu.obj
 0001:00017749       ?Init@savegameMenu_t@@UAE_NXZ 00418749 f i menu.obj
 0001:00017859       ?Create_Savestrings@savegameMenu_t@@QAEXXZ 00418859 f i menu.obj
 0001:0001790e       ?LoadGameCallback@savegameMenu_t@@SAXPAX@Z 0041890e f i menu.obj
 0001:00017937       ?SaveGameCallback@savegameMenu_t@@SAXPAX@Z 00418937 f i menu.obj
 0001:00017956       ?Draw@savegameMenu_t@@UAEXXZ 00418956 f i menu.obj
 0001:00017971       ?DrawSavegameShot@savegameMenu_t@@QAEXHH@Z 00418971 f i menu.obj
 0001:00017a4c       ?Init@joinserverMenu_t@@UAE_NXZ 00418a4c f i menu.obj
 0001:00017b75       ?JoinServerFunc@joinserverMenu_t@@SAXPAX@Z 00418b75 f i menu.obj
 0001:00017bd7       ?SearchLocalGames@joinserverMenu_t@@SAXXZ 00418bd7 f i menu.obj
 0001:00017c42       ?M_AddToServerList@@YAXUnetadr_t@@PAD@Z 00418c42 f   menu.obj
 0001:00017cc3       ?Init@startserverMenu_t@@UAE_NXZ 00418cc3 f i menu.obj
 0001:00018151       ?DMOptionsFunc@startserverMenu_t@@SAXPAX@Z 00419151 f i menu.obj
 0001:00018161       ?RulesChangeFunc@startserverMenu_t@@SAXPAX@Z 00419161 f i menu.obj
 0001:000181d9       ?StartServerActionFunc@startserverMenu_t@@SAXPAX@Z 004191d9 f i menu.obj
 0001:00018204       ?StartServerFunc@startserverMenu_t@@SAXPAD@Z 00419204 f i menu.obj
 0001:0001843a       ?KeyDown@startserverMenu_t@@UAEPBDH@Z 0041943a f i menu.obj
 0001:00018497       ?Init@dmoptionsMenu_t@@UAE_NXZ 00419497 f i menu.obj
 0001:00018a74       ?DMFlagCallback@dmoptionsMenu_t@@SAXPAX@Z 00419a74 f i menu.obj
 0001:00018c4a       ?Init@downloadOptionsMenu_t@@UAE_NXZ 00419c4a f i menu.obj
 0001:00018e15       ?DownloadCallback@downloadOptionsMenu_t@@SAXPAX@Z 00419e15 f i menu.obj
 0001:00018e80       ?Init@addressBookMenu_t@@UAE_NXZ 00419e80 f i menu.obj
 0001:00018f28       ?KeyDown@addressBookMenu_t@@UAEPBDH@Z 00419f28 f i menu.obj
 0001:00018f85       ?Init@playerConfigMenu_t@@UAE_NXZ 00419f85 f i menu.obj
 0001:000194cc       ?HandednessCallback@playerConfigMenu_t@@SAXPAX@Z 0041a4cc f i menu.obj
 0001:000194e1       ?RTypeCallback@playerConfigMenu_t@@SAXPAX@Z 0041a4e1 f i menu.obj
 0001:000194f6       ?RColorCallback@playerConfigMenu_t@@SAXPAX@Z 0041a4f6 f i menu.obj
 0001:0001950b       ?RateCallback@playerConfigMenu_t@@SAXPAX@Z 0041a50b f i menu.obj
 0001:0001952e       ?ModelCallback@playerConfigMenu_t@@SAXPAX@Z 0041a52e f i menu.obj
 0001:00019562       ?SkinCallback@playerConfigMenu_t@@SAXPAX@Z 0041a562 f i menu.obj
 0001:0001956a       ?Draw@playerConfigMenu_t@@UAEXXZ 0041a56a f i menu.obj
 0001:0001984c       ?KeyDown@playerConfigMenu_t@@UAEPBDH@Z 0041a84c f i menu.obj
 0001:0001992b       ?Init@dmbrowseMenu_t@@UAE_NXZ 0041a92b f i menu.obj
 0001:00019b31       ?KeyDown@dmbrowseMenu_t@@UAEPBDH@Z 0041ab31 f i menu.obj
 0001:00019cf5       ?Draw@dmbrowseMenu_t@@UAEXXZ 0041acf5 f i menu.obj
 0001:00019e3a       ?DrawThumbnail@dmbrowseMenu_t@@SAXHHHHPAD_N@Z 0041ae3a f i menu.obj
 0001:00019f14       ?Init@videoMenu_t@@UAE_NXZ 0041af14 f i menu.obj
 0001:0001a4cd       ?ScreenSizeCallback@videoMenu_t@@SAXPAX@Z 0041b4cd f i menu.obj
 0001:0001a4eb       ?BrightnessCallback@videoMenu_t@@SAXPAX@Z 0041b4eb f i menu.obj
 0001:0001a509       ?ContrastCallback@videoMenu_t@@SAXPAX@Z 0041b509 f i menu.obj
 0001:0001a542       ?CancelChanges@videoMenu_t@@SAXPAX@Z 0041b542 f i menu.obj
 0001:0001a563       ?KeyDown@videoMenu_t@@UAEPBDH@Z 0041b563 f i menu.obj
 0001:0001a5aa       ?ApplyChanges@videoMenu_t@@SAXPAX@Z 0041b5aa f i menu.obj
 0001:0001a761       ?KeyDown@quitMenu_t@@UAEPBDH@Z 0041b761 f i menu.obj
 0001:0001a79b       ?Draw@quitMenu_t@@UAEXXZ   0041b79b f i menu.obj
 0001:0001a80b       ?M_Init@@YAXXZ             0041b80b f   menu.obj
 0001:0001a9ed       ?ItemAtCursor@menuFramework_t@@QAEPAUmenuCommon_t@@XZ 0041b9ed f   qmenu.obj
 0001:0001aa41       ?AddItem@menuFramework_t@@QAEXPAUmenuCommon_t@@@Z 0041ba41 f   qmenu.obj
 0001:0001aafd       ?AdjustCursor@menuFramework_t@@QAEXH@Z 0041bafd f   qmenu.obj
 0001:0001ac6c       ?Center@menuFramework_t@@QAEXXZ 0041bc6c f   qmenu.obj
 0001:0001acad       ?Draw@menuFramework_t@@UAEXXZ 0041bcad f   qmenu.obj
 0001:0001b272       ?SelectItem@menuFramework_t@@QAE_NXZ 0041c272 f   qmenu.obj
 0001:0001b2d0       ?SetStatusBar@menuFramework_t@@QAEXPBD@Z 0041c2d0 f   qmenu.obj
 0001:0001b2da       ?SlideItem@menuFramework_t@@QAEXH@Z 0041c2da f   qmenu.obj
 0001:0001b857       ?Push@menuFramework_t@@QAEXXZ 0041c857 f   qmenu.obj
 0001:0001b8d6       ?M_ForceMenuOff@@YAXXZ     0041c8d6 f   qmenu.obj
 0001:0001b903       ?Pop@menuFramework_t@@QAEXXZ 0041c903 f   qmenu.obj
 0001:0001b93d       ?KeyDown@menuFramework_t@@UAEPBDH@Z 0041c93d f   qmenu.obj
 0001:0001bbb1       ?Init@menuFramework_t@@UAE_NXZ 0041cbb1 f   qmenu.obj
 0001:0001bbb4       ?M_Draw@@YAXXZ             0041cbb4 f   qmenu.obj
 0001:0001bbef       ?M_Keydown@@YAXH@Z         0041cbef f   qmenu.obj
 0001:0001bc0e       ?InitRendererVars@@YAXXZ   0041cc0e f   ref_vars.obj
 0001:0001bc2d       ?S_SoundInfo_f@@YAXXZ      0041cc2d f   snd_dma.obj
 0001:0001bcb7       ?S_Init@@YAXXZ             0041ccb7 f   snd_dma.obj
 0001:0001bd89       ?S_Shutdown@@YAXXZ         0041cd89 f   snd_dma.obj
 0001:0001be1c       ?S_BeginRegistration@@YAXXZ 0041ce1c f   snd_dma.obj
 0001:0001be2a       ?S_RegisterSound@@YAPAUsfx_t@@PBD@Z 0041ce2a f   snd_dma.obj
 0001:0001bfd0       ?S_EndRegistration@@YAXXZ  0041cfd0 f   snd_dma.obj
 0001:0001c053       ?S_PickChannel@@YAPAUchannel_t@@HH@Z 0041d053 f   snd_dma.obj
 0001:0001c0e0       ?S_Spatialize@@YAXPAUchannel_t@@@Z 0041d0e0 f   snd_dma.obj
 0001:0001c2c0       ?S_AllocPlaysound@@YAPAUplaysound_t@@XZ 0041d2c0 f   snd_dma.obj
 0001:0001c2e2       ?S_FreePlaysound@@YAXPAUplaysound_t@@@Z 0041d2e2 f   snd_dma.obj
 0001:0001c312       ?S_IssuePlaysound@@YAXPAUplaysound_t@@@Z 0041d312 f   snd_dma.obj
 0001:0001c3df       ?S_StartSound@@YAXPBUCVec3@@HHPAUsfx_t@@MMM@Z 0041d3df f   snd_dma.obj
 0001:0001c79e       ?S_StartLocalSound@@YAXPBD@Z 0041d79e f   snd_dma.obj
 0001:0001c7ed       ?S_ClearBuffer@@YAXXZ      0041d7ed f   snd_dma.obj
 0001:0001c856       ?S_StopAllSounds_f@@YAXXZ  0041d856 f   snd_dma.obj
 0001:0001c8c6       ?S_AddLoopSounds@@YAXXZ    0041d8c6 f   snd_dma.obj
 0001:0001ca9c       ?S_RawSamples@@YAXHHHHPAE@Z 0041da9c f   snd_dma.obj
 0001:0001cca0       ?S_Update@@YAXABUCVec3@@0@Z 0041dca0 f   snd_dma.obj
 0001:0001cd76       ?GetSoundtime@@YAXXZ       0041dd76 f   snd_dma.obj
 0001:0001cddd       ?S_Update_@@YAXXZ          0041dddd f   snd_dma.obj
 0001:0001d090       ?ResampleSfx@@YAXPAUsfx_t@@HHPAE@Z 0041e090 f   snd_mem.obj
 0001:0001d1ab       ?S_LoadSound@@YAPAUsfxcache_t@@PAUsfx_t@@@Z 0041e1ab f   snd_mem.obj
 0001:0001d2e7       ?GetWavinfo@@YA?AUwavinfo_t@@PADPAEH@Z 0041e2e7 f   snd_mem.obj
 0001:0001d529       ?S_WriteLinearBlastStereo16@@YAXXZ 0041e529 f   snd_mix.obj
 0001:0001d59d       ?S_TransferStereo16@@YAXPAKH@Z 0041e59d f   snd_mix.obj
 0001:0001d606       ?S_TransferPaintBuffer@@YAXH@Z 0041e606 f   snd_mix.obj
 0001:0001d76a       ?S_PaintChannels@@YAXH@Z   0041e76a f   snd_mix.obj
 0001:0001d9e6       ?S_InitScaletable@@YAXXZ   0041e9e6 f   snd_mix.obj
 0001:0001dba7       ?SV_ComputeAnimation@@YAXPAUplayer_state_t@@AAUentityStateEx_t@@PAU2@PAUedict_s@@@Z 0041eba7 f   sv_anim.obj
 0001:0001dfa4       ?SV_ReadLevelFile@@YAXXZ   0041efa4 f   sv_ccmds.obj
 0001:0001e052       ?SV_AddressBanned@@YA_NPAUnetadr_t@@@Z 0041f052 f   sv_ccmds.obj
 0001:0001e093       ?SV_InitCommands@@YAXXZ    0041f093 f   sv_ccmds.obj
 0001:0001f4ac       ?sprintf@?$TString@$0CI@@@QAAHPBDZZ 004204ac f i sv_ccmds.obj
 0001:0001f4c5       ?SV_WriteFrameToClient@@YAXPAUclient_t@@PAVsizebuf_t@@@Z 004204c5 f   sv_ents.obj
 0001:0001fc0b       ?SV_RecordDemoMessage@@YAXXZ 00420c0b f   sv_ents.obj
 0001:0001fdd9       ?SV_MulticastOld@@YAXABUCVec3@@W4multicast_t@@@Z 00420dd9 f i sv_game.obj
 0001:0001fdec       ?SV_StartSoundOld@@YAXPBUCVec3@@PAUedict_s@@HHMMM@Z 00420dec f i sv_game.obj
 0001:00020870       ?SV_InitGameLibrary@@YAX_N@Z 00421870 f   sv_game.obj
 0001:000209cb       ?SV_ShutdownGameLibrary@@YAXXZ 004219cb f   sv_game.obj
 0001:00020b28       ?SV_FindIndex@@YAHPBDHH_N@Z 00421b28 f   sv_init.obj
 0001:00020c37       ?SV_ModelIndex@@YAHPBD@Z   00421c37 f   sv_init.obj
 0001:00020c4d       ?SV_SoundIndex@@YAHPBD@Z   00421c4d f   sv_init.obj
 0001:00020c66       ?SV_ImageIndex@@YAHPBD@Z   00421c66 f   sv_init.obj
 0001:00020c7f       ?SV_CreateBaseline@@YAXXZ  00421c7f f   sv_init.obj
 0001:00020cfc       ?SV_SpawnServer@@YAXPAD0W4server_state_t@@_N2@Z 00421cfc f   sv_init.obj
 0001:00021027       ?SV_InitGame@@YAXXZ        00422027 f   sv_init.obj
 0001:0002124f       ?SV_Map@@YAX_NPBD0@Z       0042224f f   sv_init.obj
 0001:00021411       ?SV_DropClient@@YAXPAUclient_t@@PAD@Z 00422411 f   sv_main.obj
 0001:00021df0       ??0COutputDeviceMem@@QAE@H@Z 00422df0 f i sv_main.obj
 0001:00021e1f       ?Write@COutputDeviceMem@@UAEXPBD@Z 00422e1f f i sv_main.obj
 0001:00021ea4       ??_GCOutputDeviceMem@@QAEPAXI@Z 00422ea4 f i sv_main.obj
 0001:00021ecf       ?SV_ConnectionlessPacket@@YAXXZ 00422ecf f   sv_main.obj
 0001:00021f9a       ?SV_CalcPings@@YAXXZ       00422f9a f   sv_main.obj
 0001:00022021       ?SV_GiveMsec@@YAXXZ        00423021 f   sv_main.obj
 0001:00022060       ?SV_ReadPackets@@YAXXZ     00423060 f   sv_main.obj
 0001:000221a8       ?SV_CheckTimeouts@@YAXXZ   004231a8 f   sv_main.obj
 0001:000222b9       ?SV_PostprocessFrame@@YAXXZ 004232b9 f   sv_main.obj
 0001:0002278c       ?SV_MulticastHook@@YAPAVsizebuf_t@@PAV1@0@Z 0042378c f   sv_main.obj
 0001:00022b7c       ?SV_TraceHook@@YA?AUtrace_t@@ABUCVec3@@PBU2@10PAUedict_s@@H@Z 00423b7c f   sv_main.obj
 0001:00022d1a       ?SV_Frame@@YAXM@Z          00423d1a f   sv_main.obj
 0001:00022fd3       ?SV_UserinfoChanged@@YAXPAUclient_t@@@Z 00423fd3 f   sv_main.obj
 0001:00023094       ?SV_InitVars@@YAXXZ        00424094 f   sv_main.obj
 0001:000230a3       ?SV_Init@@YAXXZ            004240a3 f   sv_main.obj
 0001:000230fc       ?SV_Shutdown@@YAXPBD_N@Z   004240fc f   sv_main.obj
 0001:00023309       ?SV_ClientPrintf@@YAXPAUclient_t@@HPBDZZ 00424309 f   sv_send.obj
 0001:00023364       ?SV_BroadcastPrintf@@YAXHPBDZZ 00424364 f   sv_send.obj
 0001:0002343a       ?SV_BroadcastCommand@@YAXPBDZZ 0042443a f   sv_send.obj
 0001:00023494       ?SV_Multicast@@YAXABUCVec3@@W4multicast_t@@_N@Z 00424494 f   sv_send.obj
 0001:000236ba       ?SV_StartSound@@YAXPBUCVec3@@PAUedict_s@@HHMMM_N@Z 004246ba f   sv_send.obj
 0001:0002398a       ?SV_SendClientDatagram@@YA_NPAUclient_t@@@Z 0042498a f   sv_send.obj
 0001:00023a4c       ?SV_DemoCompleted@@YAXXZ   00424a4c f   sv_send.obj
 0001:00023a68       ?SV_RateDrop@@YA_NPAUclient_t@@@Z 00424a68 f   sv_send.obj
 0001:00023ab2       ?SV_SendClientMessages@@YAXXZ 00424ab2 f   sv_send.obj
 0001:00023c0f       ?SV_DrawText3D@@YAXABUCVec3@@PBDI@Z 00424c0f f   sv_text.obj
 0001:00023c46       ?SV_ClearTexts@@YAXXZ      00424c46 f   sv_text.obj
 0001:00023c4e       ?SV_DrawTexts@@YAXXZ       00424c4e f   sv_text.obj
 0001:00023c9f       ?SV_TokenizeString@@YAXPBD@Z 00424c9f f   sv_tokenize.obj
 0001:00023d76       ?SV_Argc@@YAHXZ            00424d76 f   sv_tokenize.obj
 0001:00023d7c       ?SV_Argv@@YAPADH@Z         00424d7c f   sv_tokenize.obj
 0001:00023d96       ?SV_Args@@YAPADXZ          00424d96 f   sv_tokenize.obj
 0001:0002464a       ?SV_Nextserver@@YAXXZ      0042564a f   sv_user.obj
 0001:000246d9       ?SV_ClientThink@@YAXPAUclient_t@@PAUusercmd_t@@@Z 004256d9 f   sv_user.obj
 0001:0002471c       ?SV_ExecuteClientMessage@@YAXPAUclient_t@@@Z 0042571c f   sv_user.obj
 0001:000249e5       ?SV_ClearWorld@@YAXXZ      004259e5 f   sv_world.obj
 0001:00024b20       ?SV_UnlinkEdict@@YAXPAUedict_s@@@Z 00425b20 f   sv_world.obj
 0001:00024be3       ?SV_LinkEdict@@YAXPAUedict_s@@@Z 00425be3 f   sv_world.obj
 0001:000251ce       ?SV_AreaEdicts@@YAHABUCVec3@@0PAPAUedict_s@@HH@Z 004261ce f   sv_world.obj
 0001:0002537f       ?SV_PointContents@@YAHABUCVec3@@@Z 0042637f f   sv_world.obj
 0001:000254a6       ?SV_Trace@@YAXAAUtrace_t@@ABUCVec3@@1ABUCBox@@PAUedict_s@@H@Z 004264a6 f   sv_world.obj
 0001:00025925       ?InitByteDirs@@YAXXZ       00426925 f   anorms.obj
 0001:00025964       ?Cbuf_AddText@@YAXPBD@Z    00426964 f   cmd.obj
 0001:000259c6       ?Cbuf_CopyToDefer@@YAXXZ   004269c6 f   cmd.obj
 0001:00025a0e       ?Cbuf_InsertFromDefer@@YAXXZ 00426a0e f   cmd.obj
 0001:00025ac7       ?Cbuf_Execute@@YAXXZ       00426ac7 f   cmd.obj
 0001:00025bcd       ?Cmd_Unalias_f@@YAX_NHPAPAD@Z 00426bcd f   cmd.obj
 0001:00025c43       ?Cmd_WriteAliases@@YAXPAVCOutputDevice@@@Z 00426c43 f   cmd.obj
 0001:00025c73       ?RegisterCommand@@YA_NPBDP6AXXZI@Z 00426c73 f   cmd.obj
 0001:00025d54       ?UnregisterCommand@@YA_NPBD@Z 00426d54 f   cmd.obj
 0001:00025de5       ?ExecuteCommand@@YA_NPBD@Z 00426de5 f   cmd.obj
 0001:00026228       ?ExecuteCommand@@YA_NPBDPBUCSimpleCommand@@H@Z 00427228 f   cmd.obj
 0001:00026665       ?CM_LoadMap@@YAPAUcmodel_t@@PBD_NPAI@Z 00427665 f   cmodel.obj
 0001:00026dcf       ?SetSignbits@cplane_t@@QAEXXZ 00427dcf f i cmodel.obj
 0001:00026e03       ?SetType@cplane_t@@QAEXXZ  00427e03 f i cmodel.obj
 0001:00026e78       ?CMod_LoadLeafBrushes@@YAXPAGH@Z 00427e78 f i cmodel.obj
 0001:00026f86       ?CM_InlineModel@@YAPAUcmodel_t@@PBD@Z 00427f86 f   cmodel.obj
 0001:00026fc7       ?CM_NumClusters@@YAHXZ     00427fc7 f   cmodel.obj
 0001:00026fcd       ?CM_NumInlineModels@@YAHXZ 00427fcd f   cmodel.obj
 0001:00026fd3       ?CM_EntityString@@YAPBDXZ  00427fd3 f   cmodel.obj
 0001:00026fd9       ?CM_LeafContents@@YAHH@Z   00427fd9 f   cmodel.obj
 0001:00027000       ?CM_LeafCluster@@YAHH@Z    00428000 f   cmodel.obj
 0001:00027076       ?CM_LeafArea@@YAHH@Z       00428076 f   cmodel.obj
 0001:00027239       ?CM_HeadnodeForBox@@YAHABUCBox@@@Z 00428239 f   cmodel.obj
 0001:000272ee       ?CM_PointLeafnum@@YAHABUCVec3@@H@Z 004282ee f   cmodel.obj
 0001:00027391       ?DistanceTo@cplane_t@@QAEMABUCVec3@@@Z 00428391 f i cmodel.obj
 0001:000273d5       ?CM_PointContents@@YAHABUCVec3@@H@Z 004283d5 f   cmodel.obj
 0001:0002744a       ?CM_TransformedPointContents@@YAHABUCVec3@@H00@Z 0042844a f   cmodel.obj
 0001:0002752b       ?CM_TransformedPointContents@@YAHABUCVec3@@H0ABUCAxis@@@Z 0042852b f   cmodel.obj
 0001:000275d6       ?CM_BoxLeafnums@@YAHABUCBox@@PAHH1H@Z 004285d6 f   cmodel.obj
 0001:000276e9       ?BOX_ON_PLANE_SIDE@@YAHABUCBox@@ABUcplane_t@@@Z 004286e9 f i cmodel.obj
 0001:00027753       ?CM_BoxTrace@@YAXAAUtrace_t@@ABUCVec3@@1ABUCBox@@HH@Z 00428753 f   cmodel.obj
 0001:0002810d       ?CM_TransformedBoxTrace@@YAXAAUtrace_t@@ABUCVec3@@1ABUCBox@@HH11@Z 0042910d f   cmodel.obj
 0001:0002828a       ?CM_TransformedBoxTrace@@YAXAAUtrace_t@@ABUCVec3@@1ABUCBox@@HH1ABUCAxis@@@Z 0042928a f   cmodel.obj
 0001:00028347       ?CM_BrushTrace@@YAHABUCVec3@@0PAHH@Z 00429347 f   cmodel.obj
 0001:00028759       ?CM_RefineBrushTrace@@YAHABUCVec3@@0PAHH@Z 00429759 f   cmodel.obj
 0001:000287ff       ?CM_ClusterPVS@@YAPAEH@Z   004297ff f   cmodel.obj
 0001:00028943       ?CM_ClusterPHS@@YAPAEH@Z   00429943 f   cmodel.obj
 0001:00028aa6       ?CM_SetAreaPortalState@@YAXH_N@Z 00429aa6 f   cmodel.obj
 0001:00028acb       ?CM_AreasConnected@@YA_NHH@Z 00429acb f   cmodel.obj
 0001:00028b0f       ?CM_WriteAreaBits@@YAHPAEH@Z 00429b0f f   cmodel.obj
 0001:00028bb1       ?CM_WritePortalState@@YAXPAU_iobuf@@@Z 00429bb1 f   cmodel.obj
 0001:00028bcb       ?CM_ReadPortalState@@YAXPAU_iobuf@@@Z 00429bcb f   cmodel.obj
 0001:00028be9       ?CM_HeadnodeVisible@@YA_NHPBE@Z 00429be9 f   cmodel.obj
 0001:00028cc4       ?Com_DPrintf@@YAXPBDZZ     00429cc4 f   common.obj
 0001:00028d3d       ?DebugPrintf@@YAXPBDZZ     00429d3d f   common.obj
 0001:00028deb       ?IPWildcard@@YA_NPAUnetadr_t@@PBD@Z 00429deb f   common.obj
 0001:00028ec2       ?Com_ServerState@@YA?AW4server_state_t@@XZ 00429ec2 f   common.obj
 0001:00028ec8       ?Com_SetServerState@@YAXW4server_state_t@@@Z 00429ec8 f   common.obj
 0001:00028ed2       ?crand@@YAMXZ              00429ed2 f   common.obj
 0001:00028ef0       ?Info_ValueForKey@@YAPBDPBD0@Z 00429ef0 f   common.obj
 0001:00028f6f       ?Info_SetValueForKey@@YAXPADPBD1@Z 00429f6f f   common.obj
 0001:000290d2       ?Info_Print@@YAXPBD@Z      0042a0d2 f   common.obj
 0001:00029158       ?Com_CheckCmdlineVar@@YA_NPBD@Z 0042a158 f   common.obj
 0001:000291ae       ?Com_Init@@YAXPBD@Z        0042a1ae f   common.obj
 0001:00029555       ?Com_Frame@@YAXM@Z         0042a555 f   common.obj
 0001:00029957       ?Com_BlockSequenceCRCByte@@YAEPAEHH@Z 0042a957 f   crc.obj
 0001:00029a0d       ?Cvar_VariableValue@@YAMPBD@Z 0042aa0d f   cvar.obj
 0001:00029a7b       ?Cvar_VariableInt@@YAHPBD@Z 0042aa7b f   cvar.obj
 0001:00029a8e       ?Cvar_VariableString@@YAPBDPBD@Z 0042aa8e f   cvar.obj
 0001:00029aa6       ?Cvar_Get@@YAPAUcvar_t@@PBD0H@Z 0042aaa6 f   cvar.obj
 0001:00029d6d       ?Cvar_GetVars@@YAXPBUcvarInfo_t@@H@Z 0042ad6d f   cvar.obj
 0001:00029e17       ?Cvar_FullSet@@YAXPAUcvar_t@@PBDI@Z 0042ae17 f   cvar.obj
 0001:00029e36       ?Cvar_FullSet@@YAPAUcvar_t@@PBD0I@Z 0042ae36 f   cvar.obj
 0001:00029e76       ?Cvar_SetValue@@YAPAUcvar_t@@PBDM@Z 0042ae76 f   cvar.obj
 0001:0002a00d       ?Cvar_SetInteger@@YAPAUcvar_t@@PBDH@Z 0042b00d f   cvar.obj
 0001:0002a02f       ?Cvar_Set@@YAPAUcvar_t@@PBD0@Z 0042b02f f   cvar.obj
 0001:0002a044       ?Cvar_ForceSet@@YAPAUcvar_t@@PBD0@Z 0042b044 f   cvar.obj
 0001:0002a059       ?Cvar_Clamp@@YAMPAUcvar_t@@MM@Z 0042b059 f   cvar.obj
 0001:0002a0b7       ?Cvar_Command@@YA_NHPAPAD@Z 0042b0b7 f   cvar.obj
 0001:0002a150       ?IsDefault@cvar_t@@QAE_NXZ 0042b150 f i cvar.obj
 0001:0002a16d       ?Cvar_WriteVariables@@YAXPAVCOutputDevice@@HHPBD@Z 0042b16d f   cvar.obj
 0001:0002a1f3       ?Cvar_BitInfo@@YAPBDI@Z    0042b1f3 f   cvar.obj
 0001:0002a245       ?Cvar_Cheats@@YAX_N@Z      0042b245 f   cvar.obj
 0001:0002aab8       ?MSG_WriteDeltaEntity@@YAXPAVsizebuf_t@@PBUentityStateEx_t@@PAU2@_N33@Z 0042bab8 f   entdelta.obj
 0001:0002b074       ?MSG_WriteRemoveEntity@@YAXPAVsizebuf_t@@H@Z 0042c074 f   entdelta.obj
 0001:0002b0b4       ?MSG_ReadEntityBits@@YAHPAVsizebuf_t@@PAIPA_N@Z 0042c0b4 f   entdelta.obj
 0001:0002b125       ?MSG_ReadDeltaEntity@@YAXPAVsizebuf_t@@PBUentityStateEx_t@@PAU2@I@Z 0042c125 f   entdelta.obj
 0001:0002b1a8       ?MSG_WriteDeltaUsercmd@@YAXPAVsizebuf_t@@PBUusercmd_t@@PAU2@@Z 0042c1a8 f   entdelta.obj
 0001:0002b237       ?MSG_ReadDeltaUsercmd@@YAXPAVsizebuf_t@@PBUusercmd_t@@PAU2@@Z 0042c237 f   entdelta.obj
 0001:0002b53a       ?MSG_WriteDeltaPlayerstate@@YAXPAVsizebuf_t@@PBUplayer_state_t@@PAU2@@Z 0042c53a f   entdelta.obj
 0001:0002b643       ?MSG_ReadDeltaPlayerstate@@YAXPAVsizebuf_t@@PBUplayer_state_t@@PAU2@@Z 0042c643 f   entdelta.obj
 0001:0002b6fd       ?LoadPCX@@YAXPBDAAPAE1AAH2@Z 0042c6fd f   images.obj
 0001:0002b838       ?LoadTGA@@YAXPBDAAPAEAAH2@Z 0042c838 f   images.obj
 0001:0002ba12       ?LoadJPG@@YAXPBDAAPAEAAH2@Z 0042ca12 f   images.obj
 0001:0002bca3       ?ImageExists@@YAHPBDH@Z    0042cca3 f   images.obj
 0001:0002bdc7       ?WriteTGA@@YA_NPBDPAEHH@Z  0042cdc7 f   images.obj
 0001:0002bfbb       ?WriteJPG@@YA_NPBDPAEHH_N@Z 0042cfbb f   images.obj
 0001:0002c0ec       ?MD4Init@@YAXPAUMD4_CTX@@@Z 0042d0ec f   md4.obj
 0001:0002c114       ?MD4Update@@YAXPAUMD4_CTX@@PAEI@Z 0042d114 f   md4.obj
 0001:0002c1b2       ?MD4Final@@YAXQAEPAUMD4_CTX@@@Z 0042d1b2 f   md4.obj
 0001:0002c8a3       ?Com_BlockChecksum@@YAIPAXH@Z 0042d8a3 f   md4.obj
 0001:0002c8df       ?LoadQ2BspFile@@YAXXZ      0042d8df f   model.obj
 0001:0002cc95       ?LoadBspFile@@YAPAUbspfile_t@@PBD_NPAI@Z 0042dc95 f   model.obj
 0001:0002ce4e       ?ProcessEntstring@@YAPADPAD@Z 0042de4e f   model.obj
 0001:0002dcf7       ?Init@sizebuf_t@@QAEXPAXH@Z 0042ecf7 f   msg.obj
 0001:0002dd12       ?Write@sizebuf_t@@QAEXPBXH@Z 0042ed12 f   msg.obj
 0001:0002dd82       ?MSG_WriteByte@@YAXPAVsizebuf_t@@H@Z 0042ed82 f   msg.obj
 0001:0002dd82       ?MSG_WriteChar@@YAXPAVsizebuf_t@@H@Z 0042ed82 f   msg.obj
 0001:0002dd93       ?MSG_WriteShort@@YAXPAVsizebuf_t@@H@Z 0042ed93 f   msg.obj
 0001:0002dda4       ?MSG_WriteFloat@@YAXPAVsizebuf_t@@M@Z 0042eda4 f   msg.obj
 0001:0002dda4       ?MSG_WriteLong@@YAXPAVsizebuf_t@@H@Z 0042eda4 f   msg.obj
 0001:0002ddb5       ?MSG_WriteString@@YAXPAVsizebuf_t@@PBD@Z 0042edb5 f   msg.obj
 0001:0002dddf       ?MSG_WritePos@@YAXPAVsizebuf_t@@ABUCVec3@@@Z 0042eddf f   msg.obj
 0001:0002de43       ?MSG_WriteAngle@@YAXPAVsizebuf_t@@M@Z 0042ee43 f   msg.obj
 0001:0002de6e       ?MSG_WriteAngle16@@YAXPAVsizebuf_t@@M@Z 0042ee6e f   msg.obj
 0001:0002de99       ?MSG_WriteDir@@YAXPAVsizebuf_t@@ABUCVec3@@@Z 0042ee99 f   msg.obj
 0001:0002df01       ?MSG_ReadDir@@YAXPAVsizebuf_t@@AAUCVec3@@@Z 0042ef01 f   msg.obj
 0001:0002df32       ?MSG_ReadChar@@YAHPAVsizebuf_t@@@Z 0042ef32 f   msg.obj
 0001:0002df52       ?MSG_ReadByte@@YAHPAVsizebuf_t@@@Z 0042ef52 f   msg.obj
 0001:0002df72       ?MSG_ReadShort@@YAHPAVsizebuf_t@@@Z 0042ef72 f   msg.obj
 0001:0002df92       ?MSG_ReadLong@@YAHPAVsizebuf_t@@@Z 0042ef92 f   msg.obj
 0001:0002dfb1       ?MSG_ReadString@@YAPADPAVsizebuf_t@@@Z 0042efb1 f   msg.obj
 0001:0002dfe4       ?MSG_ReadPos@@YAXPAVsizebuf_t@@AAUCVec3@@@Z 0042efe4 f   msg.obj
 0001:0002e036       ?MSG_ReadAngle@@YAMPAVsizebuf_t@@@Z 0042f036 f   msg.obj
 0001:0002e050       ?MSG_ReadAngle16@@YAMPAVsizebuf_t@@@Z 0042f050 f   msg.obj
 0001:0002e06a       ?MSG_ReadData@@YAXPAVsizebuf_t@@PAXH@Z 0042f06a f   msg.obj
 0001:0002e08d       ?Netchan_Init@@YAXXZ       0042f08d f   net_chan.obj
 0001:0002e101       ?Netchan_OutOfBandPrint@@YAXW4netsrc_t@@Unetadr_t@@PBDZZ 0042f101 f   net_chan.obj
 0001:0002e186       ?Setup@netchan_t@@QAEXW4netsrc_t@@Unetadr_t@@H@Z 0042f186 f   net_chan.obj
 0001:0002e1dc       ?NeedReliable@netchan_t@@QAE_NXZ 0042f1dc f   net_chan.obj
 0001:0002e201       ?Transmit@netchan_t@@QAEXPAXH@Z 0042f201 f   net_chan.obj
 0001:0002e39c       ?Process@netchan_t@@QAE_NPAVsizebuf_t@@@Z 0042f39c f   net_chan.obj
 0001:0002e4ca       ?Pmove@@YAXPAUpmove_t@@@Z  0042f4ca f   pmove.obj
 0001:000301b3       ?NormalizeColor@@YAMABUCVec3@@AAU1@@Z 004311b3 f   q_shared2.obj
 0001:0003020f       ?NormalizeColor255@@YAMABUCVec3@@AAU1@@Z 0043120f f   q_shared2.obj
 0001:0003026f       ?appRsqrt@@YAMM@Z          0043126f f   q_shared2.obj
 0001:0003029b       ?AngleVectors@@YAXABUCVec3@@PAU1@11@Z 0043129b f   q_shared2.obj
 0001:000303fc       ?MakeNormalVectors@@YAXABUCVec3@@AAU1@1@Z 004313fc f   q_shared2.obj
 0001:0003046b       ?Vec2Angles@@YAXABUCVec3@@AAU1@@Z 0043146b f   q_shared2.obj
 0001:0003056e       ?Vec2Yaw@@YAMABUCVec3@@@Z  0043156e f   q_shared2.obj
 0001:000305e1       ?VectorLength@@YAMABUCVec3@@@Z 004315e1 f   q_shared2.obj
 0001:00030610       ?VectorDistance@@YAMABUCVec3@@0@Z 00431610 f   q_shared2.obj
 0001:00030641       ?LerpAngle@@YAMMMM@Z       00431641 f   q_shared2.obj
 0001:00030684       ?AngleMod@@YAMM@Z          00431684 f   q_shared2.obj
 0001:000306b0       ?AngleSubtract@@YAMMM@Z    004316b0 f   q_shared2.obj
 0001:000306e7       ?AnglesSubtract@@YAXABUCVec3@@0AAU1@@Z 004316e7 f   q_shared2.obj
 0001:0003073f       ?Normalize@CVec3@@QAEMXZ   0043173f f   q_shared2.obj
 0001:00030791       ?VectorNormalize@@YAMABUCVec3@@AAU1@@Z 00431791 f   q_shared2.obj
 0001:000307e9       ?NormalizeFast@CVec3@@QAEMXZ 004317e9 f   q_shared2.obj
 0001:0003083a       ?cross@@YAXABUCVec3@@0AAU1@@Z 0043183a f   q_shared2.obj
 0001:00030875       ?Clear@CBox@@QAEXXZ        00431875 f   q_shared2.obj
 0001:00030893       ?Expand@CBox@@QAEXABUCVec3@@@Z 00431893 f   q_shared2.obj
 0001:000308c2       ?Expand@CBox@@QAEXABU1@@Z  004318c2 f   q_shared2.obj
 0001:000308fe       ?GetCenter@CBox@@QAEXAAUCVec3@@@Z 004318fe f   q_shared2.obj
 0001:0003091e       ?OnPlaneSide@CBox@@QBEHABUcplane_t@@@Z 0043191e f   q_shared2.obj
 0001:00030a4d       ?FromAngles@CAxis@@QAEXABUCVec3@@@Z 00431a4d f   q_shared2.obj
 0001:00030a8c       ?TransformVector@CAxis@@QBEXABUCVec3@@AAU2@@Z 00431a8c f   q_shared2.obj
 0001:00030add       ?UnTransformVector@CAxis@@QBEXABUCVec3@@AAU2@@Z 00431add f   q_shared2.obj
 0001:00030b41       ?TransformAxis@CAxis@@QBEXABU1@AAU1@@Z 00431b41 f   q_shared2.obj
 0001:00030b87       ?UnTransformAxis@CAxis@@QBEXABU1@AAU1@@Z 00431b87 f   q_shared2.obj
 0001:00030bcd       ?TransformPoint@CCoords@@QBEXABUCVec3@@AAU2@@Z 00431bcd f   q_shared2.obj
 0001:00030c2b       ?UnTransformPoint@CCoords@@QBEXABUCVec3@@AAU2@@Z 00431c2b f   q_shared2.obj
 0001:00030c98       ?UnTransformCoords@CCoords@@QBEXABU1@AAU1@@Z 00431c98 f   q_shared2.obj
 0001:00030cc2       ?TransformPlane@CCoords@@QBEXABUcplane_t@@AAU2@@Z 00431cc2 f   q_shared2.obj
 0001:00030cfa       ?TransformPoint@@YAXABUCVec3@@ABUCAxis@@0AAU1@@Z 00431cfa f   q_shared2.obj
 0001:00030d5d       ?UnTransformPoint@@YAXABUCVec3@@ABUCAxis@@0AAU1@@Z 00431d5d f   q_shared2.obj
 0001:00030dcd       ?COM_Parse@@YAPADAAPBD_N@Z 00431dcd f   q_shared2.obj
 0001:00030eed       ?COM_QuoteString@@YAPBDPBD_N@Z 00431eed f   q_shared2.obj
 0001:00030f5f       ?FileExists@CQuakeFileSystem@@UAE_NPBDI@Z 00431f5f f i QuakeFileSystem.obj
 0001:00030fc6       ?CheckFilename@CQuakeFileSystem@@AAEXPBD@Z 00431fc6 f i QuakeFileSystem.obj
 0001:00031065       ?OpenFile@CQuakeFileSystem@@UAEPAVCFile@@PBDI@Z 00432065 f i QuakeFileSystem.obj
 0001:000310f5       ?List@CQuakeFileSystem@@UAEPAVCFileList@@PBDIPAV2@@Z 004320f5 f i QuakeFileSystem.obj
 0001:00031170       ?FS_Gamedir@@YAPBDXZ       00432170 f   QuakeFileSystem.obj
 0001:00031176       ?FS_NextPath@@YAPBDPBD@Z   00432176 f   QuakeFileSystem.obj
 0001:000311b6       ?FS_CopyFile@@YAXPBD0@Z    004321b6 f   QuakeFileSystem.obj
 0001:0003128c       ?FS_CopyFiles@@YAXPBD0@Z   0043228c f   QuakeFileSystem.obj
 0001:000313a6       ?FS_RemoveFiles@@YAXPBD@Z  004323a6 f   QuakeFileSystem.obj
 0001:00031461       ?InitFileSystem@@YAXXZ     00432461 f   QuakeFileSystem.obj
 0001:00031595       ?Create@CFileContainerPak@@SAPAVCFileContainer@@PBDPAU_iobuf@@@Z 00432595 f i QuakeFileSystem.obj
 0001:000316fe       ??0CFileContainerArc@@QAE@XZ 004326fe f i QuakeFileSystem.obj
 0001:00031745       ?GetType@CFileContainerPak@@MAEPBDXZ 00432745 f i QuakeFileSystem.obj
 0001:0003174b       ?OpenFile@CFileContainerPak@@MAEPAVCFile@@ABVCStringItem@@@Z 0043274b f i QuakeFileSystem.obj
 0001:00031798       ?Read@CFilePak@CFileContainerPak@@UAEHPAXH@Z 00432798 f i QuakeFileSystem.obj
 0001:000317d1       ?GetSize@CFilePak@CFileContainerPak@@UAEHXZ 004327d1 f i QuakeFileSystem.obj
 0001:000317d8       ?Eof@CFilePak@CFileContainerPak@@UAE_NXZ 004327d8 f i QuakeFileSystem.obj
 0001:000317e5       ??_ECFilePak@CFileContainerPak@@UAEPAXI@Z 004327e5 f i QuakeFileSystem.obj
 0001:000317e5       ??_GCFilePak@CFileContainerPak@@UAEPAXI@Z 004327e5 f i QuakeFileSystem.obj
 0001:00031817       ??_GCZResource@@UAEPAXI@Z  00432817 f i QuakeFileSystem.obj
 0001:00031817       ??_ECFileContainerArc@@UAEPAXI@Z 00432817 f i QuakeFileSystem.obj
 0001:00031817       ??_GCFileContainerZip@@UAEPAXI@Z 00432817 f i QuakeFileSystem.obj
 0001:00031817       ??_GCFileContainerArc@@UAEPAXI@Z 00432817 f i QuakeFileSystem.obj
 0001:00031817       ??_ECZResource@@UAEPAXI@Z  00432817 f i QuakeFileSystem.obj
 0001:00031817       ??_GCFileContainerPak@@UAEPAXI@Z 00432817 f i QuakeFileSystem.obj
 0001:00031817       ??_ECFileContainerZip@@UAEPAXI@Z 00432817 f i QuakeFileSystem.obj
 0001:00031817       ??_ECFileContainerPak@@UAEPAXI@Z 00432817 f i QuakeFileSystem.obj
 0001:00031843       ?Create@CFileContainerZip@@SAPAVCFileContainer@@PBDPAU_iobuf@@@Z 00432843 f i QuakeFileSystem.obj
 0001:00031b4d       ?GetType@CFileContainerZip@@MAEPBDXZ 00432b4d f i QuakeFileSystem.obj
 0001:00031b53       ?OpenFile@CFileContainerZip@@MAEPAVCFile@@ABVCStringItem@@@Z 00432b53 f i QuakeFileSystem.obj
 0001:00031bef       ??0CFilePak@CFileContainerZip@@QAE@ABVCFileInfo@1@PAU_iobuf@@@Z 00432bef f i QuakeFileSystem.obj
 0001:00031c3f       ?Read@CFilePak@CFileContainerZip@@UAEHPAXH@Z 00432c3f f i QuakeFileSystem.obj
 0001:00031d88       ?GetSize@CFilePak@CFileContainerZip@@UAEHXZ 00432d88 f i QuakeFileSystem.obj
 0001:00031d92       ?Eof@CFilePak@CFileContainerZip@@UAE_NXZ 00432d92 f i QuakeFileSystem.obj
 0001:00031da5       ??_ECFilePak@CFileContainerZip@@UAEPAXI@Z 00432da5 f i QuakeFileSystem.obj
 0001:00031da5       ??_GCFilePak@CFileContainerZip@@UAEPAXI@Z 00432da5 f i QuakeFileSystem.obj
 0001:00031dc1       ??1CFilePak@CFileContainerZip@@UAE@XZ 00432dc1 f i QuakeFileSystem.obj
 0001:00031e30       ?Mount@CZResource@@SAPAVCFileContainer@@PBDPBE0PAVCFileSystem@@@Z 00432e30 f i QuakeFileSystem.obj
 0001:00031fdc       ?GetType@CZResource@@MAEPBDXZ 00432fdc f i QuakeFileSystem.obj
 0001:00031fe2       ?OpenFile@CZResource@@MAEPAVCFile@@ABVCStringItem@@@Z 00432fe2 f i QuakeFileSystem.obj
 0001:00032010       ??0CFileRes@CZResource@@QAE@ABVCFileInfo@1@PBXH@Z 00433010 f i QuakeFileSystem.obj
 0001:000320c3       ?Read@CFileRes@CZResource@@UAEHPAXH@Z 004330c3 f i QuakeFileSystem.obj
 0001:00032115       ?GetSize@CFileRes@CZResource@@UAEHXZ 00433115 f i QuakeFileSystem.obj
 0001:0003211c       ?Eof@CFileRes@CZResource@@UAE_NXZ 0043311c f i QuakeFileSystem.obj
 0001:00032129       ??_GCFileRes@CZResource@@UAEPAXI@Z 00433129 f i QuakeFileSystem.obj
 0001:00032129       ??_ECFileRes@CZResource@@UAEPAXI@Z 00433129 f i QuakeFileSystem.obj
 0001:00032158       ?MountGame@CQuakeFileSystem@@QAEXPBD@Z 00433158 f i QuakeFileSystem.obj
 0001:000321a3       ?SetGameDir@CQuakeFileSystem@@QAE_NPBD@Z 004331a3 f i QuakeFileSystem.obj
 0001:000323a3       ?FS_Tick@@YAXXZ            004333a3 f   QuakeFileSystem.obj
 0001:000324e8       ?CDAudio_Play2@@YAXH_N@Z   004334e8 f   cd_win.obj
 0001:000326c7       ?CDAudio_Play@@YAXH_N@Z    004336c7 f   cd_win.obj
 0001:000326de       ?CDAudio_Stop@@YAXXZ       004336de f   cd_win.obj
 0001:00032723       ?CDAudio_Pause@@YAXXZ      00433723 f   cd_win.obj
 0001:0003277c       ?CDAudio_Resume@@YAXXZ     0043377c f   cd_win.obj
 0001:000327eb       ?CDAudio_Update@@YAXXZ     004337eb f   cd_win.obj
 0001:0003281f       ?CDAudio_Init@@YAHXZ       0043381f f   cd_win.obj
 0001:00032c81       ?CDAudio_Shutdown@@YAXXZ   00433c81 f   cd_win.obj
 0001:00032cb4       ?CDAudio_Activate@@YAX_N@Z 00433cb4 f   cd_win.obj
 0001:00032cc5       ?IN_Commands@@YAXXZ        00433cc5 f   in_win.obj
 0001:00032ded       ?IN_Init@@YAXXZ            00433ded f   in_win.obj
 0001:0003322c       ?IN_Shutdown@@YAXXZ        0043422c f   in_win.obj
 0001:0003347b       ?IN_Move@@YAXPAUusercmd_t@@@Z 0043447b f   in_win.obj
 0001:00033a58       ?IN_Activate@@YAX_N@Z      00434a58 f   in_win.obj
 0001:00033a62       ?IN_Frame@@YAXXZ           00434a62 f   in_win.obj
 0001:00033dca       ?NET_CompareAdr@@YA_NPAUnetadr_t@@0@Z 00434dca f   net_wins.obj
 0001:00033e06       ?NET_CompareBaseAdr@@YA_NPAUnetadr_t@@0@Z 00434e06 f   net_wins.obj
 0001:00033e35       ?NET_AdrToString@@YAPADPAUnetadr_t@@@Z 00434e35 f   net_wins.obj
 0001:00033e91       ?NET_StringToAdr@@YA_NPBDPAUnetadr_t@@F@Z 00434e91 f   net_wins.obj
 0001:00033f9d       ?NET_IsLocalAddress@@YA_NPAUnetadr_t@@@Z 00434f9d f   net_wins.obj
 0001:00033fa9       ?NET_GetLoopPacket@@YA_NW4netsrc_t@@PAUnetadr_t@@PAVsizebuf_t@@@Z 00434fa9 f   net_wins.obj
 0001:00034032       ?NET_SendLoopPacket@@YAXW4netsrc_t@@HPAXUnetadr_t@@@Z 00435032 f   net_wins.obj
 0001:00034087       ?NET_GetPacket@@YA_NW4netsrc_t@@PAUnetadr_t@@PAVsizebuf_t@@@Z 00435087 f   net_wins.obj
 0001:00034160       ?NET_SendPacket@@YAXW4netsrc_t@@HPAXUnetadr_t@@@Z 00435160 f   net_wins.obj
 0001:00034234       ?NET_Config@@YAX_N@Z       00435234 f   net_wins.obj
 0001:00034406       ?NET_Init@@YAXXZ           00435406 f   net_wins.obj
 0001:00034484       ?SNDDMA_Init@@YA_NXZ       00435484 f   snd_win.obj
 0001:00034ac3       ?SNDDMA_GetDMAPos@@YAHXZ   00435ac3 f   snd_win.obj
 0001:00034b0d       ?SNDDMA_BeginPainting@@YAXXZ 00435b0d f   snd_win.obj
 0001:00034c25       ?SNDDMA_Submit@@YAXXZ      00435c25 f   snd_win.obj
 0001:00034c4a       ?SNDDMA_Shutdown@@YAXXZ    00435c4a f   snd_win.obj
 0001:00034c4f       ?S_Activate@@YAX_N@Z       00435c4f f   snd_win.obj
 0001:00034c98       ?Write@COutputDeviceWin32Console@@UAEXPBD@Z 00435c98 f i sys_win.obj
 0001:00034d10       ?EraseInput@COutputDeviceWin32Console@@QAEXXZ 00435d10 f i sys_win.obj
 0001:00034d7f       ?Sys_ConsoleInput@@YAPADXZ 00435d7f f   sys_win.obj
 0001:00035008       ?Sys_ProcessMessages@@YAXXZ 00436008 f   sys_win.obj
 0001:000350c1       ?Sys_UnloadGame@@YAXXZ     004360c1 f   sys_win.obj
 0001:0003513c       ?Sys_GetGameAPI@@YAPAXPAX@Z 0043613c f   sys_win.obj
 0001:00035279       _WinMain@16                00436279 f   sys_win.obj
 0001:000355bb       ?Init@COutputDeviceWin32Console@@QAEXXZ 004365bb f i sys_win.obj
 0001:000355e5       ?AddMsgHook@@YAXP6A_NIIJ@Z@Z 004365e5 f   vid_dll.obj
 0001:00035629       ?RemoveMsgHook@@YAXP6A_NIIJ@Z@Z 00436629 f   vid_dll.obj
 0001:00035658       ?Vid_CreateWindow@@YAPAXHH_N@Z 00436658 f   vid_dll.obj
 0001:00035d68       ?Vid_DestroyWindow@@YAX_N@Z 00436d68 f   vid_dll.obj
 0001:00035da4       ?Vid_Restart@@YAXXZ        00436da4 f   vid_dll.obj
 0001:00035db0       ?Vid_GetModeInfo@@YA_NPAH0H@Z 00436db0 f   vid_dll.obj
 0001:00035de0       ?Vid_Tick@@YAXXZ           00436de0 f   vid_dll.obj
 0001:00035f90       ?Vid_Init@@YAXXZ           00436f90 f   vid_dll.obj
 0001:00036033       ?Vid_Shutdown@@YAXXZ       00437033 f   vid_dll.obj
 0001:00036052       ?Tesselate@surfacePlanar_t@OpenGLDrv@@UAEXAAUrefEntity_t@2@@Z 00437052 f   gl_backend.obj
 0001:00036a2e       ?Negate@CVec3@@QAEXXZ      00437a2e f i gl_backend.obj
 0001:00038662       ?Tesselate@surfacePoly_t@OpenGLDrv@@UAEXAAUrefEntity_t@2@@Z 00439662 f   gl_backend.obj
 0001:00038769       ?Tesselate@surfaceMd3_t@OpenGLDrv@@UAEXAAUrefEntity_t@2@@Z 00439769 f   gl_backend.obj
 0001:00038b53       ?DrawTriangles@OpenGLDrv@@YA_NXZ 00439b53 f   gl_backend.obj
 0001:00038c68       ?DrawNormals@OpenGLDrv@@YA_NXZ 00439c68 f   gl_backend.obj
 0001:00038d72       ?Tesselate@surfaceEntity_t@OpenGLDrv@@UAEXAAUrefEntity_t@2@@Z 00439d72 f   gl_backend.obj
 0001:00038e56       ?Tesselate@surfaceParticle_t@OpenGLDrv@@UAEXAAUrefEntity_t@2@@Z 00439e56 f   gl_backend.obj
 0001:000390a6       ?BK_DrawScene@OpenGLDrv@@YAXXZ 0043a0a6 f   gl_backend.obj
 0001:000396ce       ?BK_DrawPic@OpenGLDrv@@YAXPAVshader_t@1@HHHHMMMMIE@Z 0043a6ce f   gl_backend.obj
 0001:000398af       ?BK_DrawText@OpenGLDrv@@YAXPBDHHHHHI@Z 0043a8af f   gl_backend.obj
 0001:00039aa4       ?BK_BeginFrame@OpenGLDrv@@YAXXZ 0043aaa4 f   gl_backend.obj
 0001:00039b08       ?BK_EndFrame@OpenGLDrv@@YAXXZ 0043ab08 f   gl_backend.obj
 0001:00039b47       ?BK_Init@OpenGLDrv@@YAXXZ  0043ab47 f   gl_backend.obj
 0001:00039b76       ?BK_Shutdown@OpenGLDrv@@YAXXZ 0043ab76 f   gl_backend.obj
 0001:00039b8e       ?AllocDynamicMemory@OpenGLDrv@@YAPAXH@Z 0043ab8e f   gl_buffers.obj
 0001:00039bf9       ?ResizeDynamicMemory@OpenGLDrv@@YAXPAXH@Z 0043abf9 f   gl_buffers.obj
 0001:00039c3b       ?AddSurfaceToPortal@OpenGLDrv@@YAXPAVsurfaceBase_t@1@PAVshader_t@1@HH@Z 0043ac3b f   gl_buffers.obj
 0001:00039cac       ?InsertShaderIndex@OpenGLDrv@@YAXH@Z 0043acac f   gl_buffers.obj
 0001:00039ce5       ?ClearPortal@OpenGLDrv@@YAXXZ 0043ace5 f   gl_buffers.obj
 0001:00039d03       ?SortSurfaces@OpenGLDrv@@YAXPAUviewPortal_t@1@PAPAUsurfaceInfo_t@1@@Z 0043ad03 f   gl_buffers.obj
 0001:00039e95       ?ClearBuffers@OpenGLDrv@@YAXXZ 0043ae95 f   gl_buffers.obj
 0001:00039eac       ?CreateBuffers@OpenGLDrv@@YAXXZ 0043aeac f   gl_buffers.obj
 0001:00039ed2       ?FreeBuffers@OpenGLDrv@@YAXXZ 0043aed2 f   gl_buffers.obj
 0001:00039ef6       ?InitEntity@model_t@OpenGLDrv@@UAE_NPAUentity_t@@PAUrefEntity_t@2@@Z 0043aef6 f   gl_frontend.obj
 0001:00039efb       ?AddSurfaces@model_t@OpenGLDrv@@UAEXPAUrefEntity_t@2@@Z 0043aefb f   gl_frontend.obj
 0001:00039f29       ?GetLeaf@model_t@OpenGLDrv@@UAEPAUnode_t@2@PAUrefEntity_t@2@@Z 0043af29 f   gl_frontend.obj
 0001:00039f3a       ?DrawLabel@model_t@OpenGLDrv@@UAEXPAUrefEntity_t@2@@Z 0043af3a f   gl_frontend.obj
 0001:00039f3d       ?InitEntity@inlineModel_t@OpenGLDrv@@UAE_NPAUentity_t@@PAUrefEntity_t@2@@Z 0043af3d f   gl_frontend.obj
 0001:00039f8f       ?AddSurfaces@inlineModel_t@OpenGLDrv@@UAEXPAUrefEntity_t@2@@Z 0043af8f f   gl_frontend.obj
 0001:0003a46d       ?GetLeaf@inlineModel_t@OpenGLDrv@@UAEPAUnode_t@2@PAUrefEntity_t@2@@Z 0043b46d f   gl_frontend.obj
 0001:0003a612       ?DrawLabel@inlineModel_t@OpenGLDrv@@UAEXPAUrefEntity_t@2@@Z 0043b612 f   gl_frontend.obj
 0001:0003a658       ?InitEntity@md3Model_t@OpenGLDrv@@UAE_NPAUentity_t@@PAUrefEntity_t@2@@Z 0043b658 f   gl_frontend.obj
 0001:0003a836       ?AddSurfaces@md3Model_t@OpenGLDrv@@UAEXPAUrefEntity_t@2@@Z 0043b836 f   gl_frontend.obj
 0001:0003a970       ?GetLeaf@md3Model_t@OpenGLDrv@@UAEPAUnode_t@2@PAUrefEntity_t@2@@Z 0043b970 f   gl_frontend.obj
 0001:0003a9a8       ?DrawLabel@md3Model_t@OpenGLDrv@@UAEXPAUrefEntity_t@2@@Z 0043b9a8 f   gl_frontend.obj
 0001:0003aa0e       ?InitEntity@sprModel_t@OpenGLDrv@@UAE_NPAUentity_t@@PAUrefEntity_t@2@@Z 0043ba0e f   gl_frontend.obj
 0001:0003aa2e       ?AddSurfaces@sprModel_t@OpenGLDrv@@UAEXPAUrefEntity_t@2@@Z 0043ba2e f   gl_frontend.obj
 0001:0003abb1       ?GetLeaf@sprModel_t@OpenGLDrv@@UAEPAUnode_t@2@PAUrefEntity_t@2@@Z 0043bbb1 f   gl_frontend.obj
 0001:0003ac92       ?AddEntity@OpenGLDrv@@YAXPAUentity_t@@@Z 0043bc92 f   gl_frontend.obj
 0001:0003ae21       ?AddDlight@OpenGLDrv@@YAXPAUdlight_t@@@Z 0043be21 f   gl_frontend.obj
 0001:0003afd9       ?DrawPortal@OpenGLDrv@@YAXXZ 0043bfd9 f   gl_frontend.obj
 0001:0003cfaa       ?GL_TextureMode@OpenGLDrv@@YAXPBD@Z 0043dfaa f   gl_image.obj
 0001:0003d052       ?CreateImage@OpenGLDrv@@YAPAVimage_t@1@PBDPAXHHI@Z 0043e052 f   gl_image.obj
 0001:0003dd48       ?LoadDelayedImages@OpenGLDrv@@YAXXZ 0043ed48 f   gl_image.obj
 0001:0003dddb       ?DrawStretchRaw8@OpenGLDrv@@YAXHHHHHHPAEPAI@Z 0043eddb f   gl_image.obj
 0001:0003e1b2       ?SetupGamma@OpenGLDrv@@YAXXZ 0043f1b2 f   gl_image.obj
 0001:0003e2f8       ?PerformScreenshot@OpenGLDrv@@YAXXZ 0043f2f8 f   gl_image.obj
 0001:0003e568       ?InitImages@OpenGLDrv@@YAXXZ 0043f568 f   gl_image.obj
 0001:0003ed1d       ?ShutdownImages@OpenGLDrv@@YAXXZ 0043fd1d f   gl_image.obj
 0001:0003ed84       ?ShowImages@OpenGLDrv@@YAXXZ 0043fd84 f   gl_image.obj
 0001:0003f010       ?FindImage@OpenGLDrv@@YAPAVimage_t@1@PBDI@Z 00440010 f   gl_image.obj
 0001:0003f38c       ?GL_Lock@OpenGLDrv@@YAXXZ  0044038c f   gl_interface.obj
 0001:0003f404       ?GL_Unlock@OpenGLDrv@@YAXXZ 00440404 f   gl_interface.obj
 0001:0003f5c6       ?GL_Bind@OpenGLDrv@@YAXPBVimage_t@1@@Z 004405c6 f   gl_interface.obj
 0001:0003f6f0       ?GL_BindForce@OpenGLDrv@@YAXPBVimage_t@1@@Z 004406f0 f   gl_interface.obj
 0001:0003f76e       ?GL_TexEnv@OpenGLDrv@@YAXI@Z 0044076e f   gl_interface.obj
 0001:0003f8ed       ?GL_TexMipBias@OpenGLDrv@@YAXM@Z 004408ed f   gl_interface.obj
 0001:0003f948       ?GL_TexEnvColor@OpenGLDrv@@YAXPBTcolor_t@@@Z 00440948 f   gl_interface.obj
 0001:0003f9f8       ?GL_SelectTexture@OpenGLDrv@@YAXH@Z 004409f8 f   gl_interface.obj
 0001:0003fa59       ?GL_TexCoordPointer@OpenGLDrv@@YAXPAX@Z 00440a59 f   gl_interface.obj
 0001:0003fa89       ?GL_SetMultitexture@OpenGLDrv@@YAXH@Z 00440a89 f   gl_interface.obj
 0001:0003fb6f       ?GL_DisableTexCoordArrays@OpenGLDrv@@YAXXZ 00440b6f f   gl_interface.obj
 0001:0003fbc3       ?GL_CullFace@OpenGLDrv@@YAXW4gl_cullMode_t@1@@Z 00440bc3 f   gl_interface.obj
 0001:0003fc14       ?GL_DepthRange@OpenGLDrv@@YAXW4gl_depthMode_t@1@@Z 00440c14 f   gl_interface.obj
 0001:0003fc47       ?GL_State@OpenGLDrv@@YAXI@Z 00440c47 f   gl_interface.obj
 0001:0003fd97       ?GL_EnableFog@OpenGLDrv@@YAX_N@Z 00440d97 f   gl_interface.obj
 0001:0003fe8f       ?GL_SetDefaultState@OpenGLDrv@@YAXXZ 00440e8f f   gl_interface.obj
 0001:0003ffeb       ?GL_Set2DMode@OpenGLDrv@@YAXXZ 00440feb f   gl_interface.obj
 0001:000400e6       ?GL_Set3DMode@OpenGLDrv@@YAXPAUviewPortal_t@1@@Z 004410e6 f   gl_interface.obj
 0001:000401ce       ?ShowLights@OpenGLDrv@@YAXXZ 004411ce f   gl_light.obj
 0001:000405b7       ?LightForEntity@OpenGLDrv@@YAXPAUrefEntity_t@1@@Z 004415b7 f   gl_light.obj
 0001:00041849       ?DiffuseLight@OpenGLDrv@@YAXPATcolor_t@@M@Z 00442849 f   gl_light.obj
 0001:00041a95       ?InitLightGrid@OpenGLDrv@@YAXXZ 00442a95 f   gl_light.obj
 0001:00041b3b       ?PostLoadLights@OpenGLDrv@@YAXXZ 00442b3b f   gl_light.obj
 0001:00041dcb       ?LM_Init@OpenGLDrv@@YAXXZ  00442dcb f   gl_lightmap.obj
 0001:00041de1       ?LM_Flush@OpenGLDrv@@YAXPAUlightmapBlock_t@1@@Z 00442de1 f   gl_lightmap.obj
 0001:00041e3e       ?LM_Done@OpenGLDrv@@YAXXZ  00442e3e f   gl_lightmap.obj
 0001:00041e65       ?LM_Save@OpenGLDrv@@YAXPAUlightmapBlock_t@1@@Z 00442e65 f   gl_lightmap.obj
 0001:00041e7d       ?LM_Restore@OpenGLDrv@@YAXPAUlightmapBlock_t@1@@Z 00442e7d f   gl_lightmap.obj
 0001:00041e95       ?LM_NewBlock@OpenGLDrv@@YAPAUlightmapBlock_t@1@XZ 00442e95 f   gl_lightmap.obj
 0001:00041ef4       ?LM_Rewind@OpenGLDrv@@YAXXZ 00442ef4 f   gl_lightmap.obj
 0001:00041efc       ?LM_NextBlock@OpenGLDrv@@YAPAUlightmapBlock_t@1@XZ 00442efc f   gl_lightmap.obj
 0001:00041f29       ?LM_CheckMinlight@OpenGLDrv@@YAXPAUdynamicLightmap_t@1@@Z 00442f29 f   gl_lightmap.obj
 0001:00041fbf       ?LM_AllocBlock@OpenGLDrv@@YA_NPAUlightmapBlock_t@1@PAUdynamicLightmap_t@1@@Z 00442fbf f   gl_lightmap.obj
 0001:00042076       ?LM_PutBlock@OpenGLDrv@@YAXPAUdynamicLightmap_t@1@@Z 00443076 f   gl_lightmap.obj
 0001:000424a3       ?LM_SortLightStyles@OpenGLDrv@@YAXPAUdynamicLightmap_t@1@@Z 004434a3 f   gl_lightmap.obj
 0001:00042534       ?UpdateDynamicLightmap@OpenGLDrv@@YAXPAVsurfacePlanar_t@1@_NI@Z 00443534 f   gl_lightmap.obj
 0001:00042a46       ?LM_IsMonotone@OpenGLDrv@@YA_NPAUdynamicLightmap_t@1@PATcolor_t@@@Z 00443a46 f   gl_lightmap.obj
 0001:00042b4d       ?Init@OpenGLDrv@@YA_NXZ    00443b4d f   gl_main.obj
 0001:00043192       ?Shutdown@OpenGLDrv@@YAX_N@Z 00444192 f   gl_main.obj
 0001:0004321b       ?GL_EnableRendering@OpenGLDrv@@YAX_N@Z 0044421b f   gl_main.obj
 0001:00043236       ?BeginFrame@OpenGLDrv@@YAXN@Z 00444236 f   gl_main.obj
 0001:00043360       ?EndFrame@OpenGLDrv@@YAXXZ 00444360 f   gl_main.obj
 0001:00043378       ?RenderFrame@OpenGLDrv@@YAXPAUrefdef_t@@@Z 00444378 f   gl_main.obj
 0001:00043c23       ?Fill8@OpenGLDrv@@YAXHHHHH@Z 00444c23 f   gl_main.obj
 0001:00043c66       ?Fill@OpenGLDrv@@YAXHHHHI@Z 00444c66 f   gl_main.obj
 0001:00043ca2       ?TileClear@OpenGLDrv@@YAXHHHHPBD@Z 00444ca2 f   gl_main.obj
 0001:00043d43       ?DrawStretchPic@OpenGLDrv@@YAXHHHHPBD@Z 00444d43 f   gl_main.obj
 0001:00043da3       ?DrawDetailedPic@OpenGLDrv@@YAXHHHHPBD@Z 00444da3 f   gl_main.obj
 0001:00043e4a       ?DrawPic@OpenGLDrv@@YAXHHPBDHH@Z 00444e4a f   gl_main.obj
 0001:00043ecf       ?BeginRegistration@OpenGLDrv@@YAXPBD@Z 00444ecf f   gl_main.obj
 0001:00043ef3       ?RegisterPic@OpenGLDrv@@YAPAVCBasicImage@@PBD@Z 00444ef3 f   gl_main.obj
 0001:00043f01       ?RegisterSkin@OpenGLDrv@@YAPAVCBasicImage@@PBD_N@Z 00444f01 f   gl_main.obj
 0001:00043f1f       ?RegisterModel@OpenGLDrv@@YAPAVCRenderModel@@PBD@Z 00444f1f f   gl_main.obj
 0001:00043f2a       ?SetSky@OpenGLDrv@@YAXPBDMABUCVec3@@@Z 00444f2a f   gl_main.obj
 0001:00043fc8       ?Screenshot@OpenGLDrv@@YAXHPBD@Z 00444fc8 f   gl_main.obj
 0001:00043fef       ?GetClientLight@OpenGLDrv@@YAMXZ 00444fef f   gl_main.obj
 0001:00043ff6       ?InitFuncTables@OpenGLDrv@@YAXXZ 00444ff6 f   gl_math.obj
 0001:0004419c       ?BuildRotationAxis@OpenGLDrv@@YAXAAUCAxis@@ABUCVec3@@M@Z 0044519c f   gl_math.obj
 0001:00044293       ?GetBoxRect@OpenGLDrv@@YA_NPBUrefEntity_t@1@ABUCVec3@@QAM2_N@Z 00445293 f   gl_math.obj
 0001:0004459d       ?ProjectToScreen@OpenGLDrv@@YA_NABUCVec3@@QAH@Z 0044559d f   gl_math.obj
 0001:000446e0       ?SaturateColor3f@OpenGLDrv@@YAXAAUCVec3@@@Z 004456e0 f   gl_math.obj
 0001:000447d0       ?SaturateColor4b@OpenGLDrv@@YAXPATcolor_t@@@Z 004457d0 f   gl_math.obj
 0001:000448de       ?SubdividePlane@OpenGLDrv@@YAHPAPAUCVec3@@HM@Z 004458de f   gl_poly.obj
 0001:00044d5f       ?FreeSubdividedPlane@OpenGLDrv@@YAXXZ 00445d5f f   gl_poly.obj
 0001:00044d77       ?GetSubdivideIndexes@OpenGLDrv@@YAXPAH@Z 00445d77 f   gl_poly.obj
 0001:00044dca       ?RemoveCollinearPoints@OpenGLDrv@@YAHPAPAUCVec3@@H@Z 00445dca f   gl_poly.obj
 0001:00044ec0       ?GetPolyArea@OpenGLDrv@@YAMPAPAUCVec3@@H@Z 00445ec0 f   gl_poly.obj
 0001:00044f54       ?InitShaders@OpenGLDrv@@YAXXZ 00445f54 f   gl_shader.obj
 0001:000450d9       ?ShutdownShaders@OpenGLDrv@@YAXXZ 004460d9 f   gl_shader.obj
 0001:00045117       ?GetLightmapImage@OpenGLDrv@@YAPAVimage_t@1@H@Z 00446117 f   gl_shader.obj
 0001:0004513f       ?SetShaderLightmap@OpenGLDrv@@YAPAVshader_t@1@PAV21@H@Z 0044613f f   gl_shader.obj
 0001:0004545e       ??4shader_t@OpenGLDrv@@QAEAAV01@ABV01@@Z 0044645e f i gl_shader.obj
 0001:00045694       ?SetShaderLightstyles@OpenGLDrv@@YAPAVshader_t@1@PAV21@I@Z 00446694 f   gl_shader.obj
 0001:00045730       ?GetAlphaShader@OpenGLDrv@@YAPAVshader_t@1@PAV21@@Z 00446730 f   gl_shader.obj
 0001:00045b26       ?FindShader@OpenGLDrv@@YAPAVshader_t@1@PBDI@Z 00446b26 f   gl_shader.obj
 0001:00047469       ?GetShaderByNum@OpenGLDrv@@YAPAVshader_t@1@H@Z 00448469 f   gl_shader.obj
 0001:00047487       ?ResetShaders@OpenGLDrv@@YAXXZ 00448487 f   gl_shader.obj
 0001:00047672       ?Reload@shader_t@OpenGLDrv@@UAEXXZ 00448672 f   gl_shader.obj
 0001:000476a1       ?ClearSky@OpenGLDrv@@YAXXZ 004486a1 f   gl_sky.obj
 0001:000476fe       ?AddSkySurface@OpenGLDrv@@YAXPAVsurfacePlanar_t@1@E@Z 004486fe f   gl_sky.obj
 0001:00047cc6       ?DrawSky@OpenGLDrv@@YAXXZ  00448cc6 f   gl_sky.obj
 0001:0004836a       ?DrawChar@OpenGLDrv@@YAXHHHH@Z 0044936a f   gl_text.obj
 0001:000483bb       ?ClearTexts@OpenGLDrv@@YAXXZ 004493bb f   gl_text.obj
 0001:000483d0       ?FlushTexts@OpenGLDrv@@YAXXZ 004493d0 f   gl_text.obj
 0001:0004847c       ?DrawTextPos@OpenGLDrv@@YAXHHPBDI@Z 0044947c f   gl_text.obj
 0001:000484a8       ?DrawTextLeft@OpenGLDrv@@YAXPBDI@Z 004494a8 f   gl_text.obj
 0001:0004852f       ?DrawTextRight@OpenGLDrv@@YAXPBDI@Z 0044952f f   gl_text.obj
 0001:00048579       ?DrawText3D@OpenGLDrv@@YAXABUCVec3@@PBDI@Z 00449579 f   gl_text.obj
 0001:000485a6       ?InitTexts@OpenGLDrv@@YAXXZ 004495a6 f   gl_text.obj
 0001:000485c0       ?FindModel@OpenGLDrv@@YAPAVmodel_t@1@PBD@Z 004495c0 f   gl_model.obj
 0001:0004879c       ?FreeModels@OpenGLDrv@@YAXXZ 0044979c f   gl_model.obj
 0001:0004880e       ?InitModels@OpenGLDrv@@YAXXZ 0044980e f   gl_model.obj
 0001:00048904       ?ShutdownModels@OpenGLDrv@@YAXXZ 00449904 f   gl_model.obj
 0001:00048915       ?LoadWorldMap@OpenGLDrv@@YAXPBD@Z 00449915 f   gl_bspmodel.obj
 0001:0004a41d       ?PointInLeaf@OpenGLDrv@@YAPAUnode_t@1@ABUCVec3@@@Z 0044b41d f   gl_bspmodel.obj
 0001:0004a468       ?CALL_CONSTRUCTOR@@YAXPAVinlineModel_t@OpenGLDrv@@@Z 0044b468 f i gl_bspmodel.obj
 0001:0004a47e       ?LerpTag@model_t@OpenGLDrv@@UBE_NHHMPBDAAUCCoords@@@Z 0044b47e f   gl_trimodel.obj
 0001:0004a48c       ?LerpTag@md3Model_t@OpenGLDrv@@UBE_NHHMPBDAAUCCoords@@@Z 0044b48c f   gl_trimodel.obj
 0001:0004a59c       ?LoadMd2@OpenGLDrv@@YAPAVmd3Model_t@1@PBDPAEI@Z 0044b59c f   gl_trimodel.obj
 0001:0004b0ca       ?ATAN2_FUNC@OpenGLDrv@@YAMMM@Z 0044c0ca f i gl_trimodel.obj
 0001:0004b280       ?LoadMd3@OpenGLDrv@@YAPAVmd3Model_t@1@PBDPAEI@Z 0044c280 f   gl_trimodel.obj
 0001:0004b735       ?LoadSp2@OpenGLDrv@@YAPAVsprModel_t@1@PBDPAEI@Z 0044c735 f   gl_trimodel.obj
 0001:0004b94d       ?LoadSpr@OpenGLDrv@@YAPAVsprModel_t@1@PBDPAEI@Z 0044c94d f   gl_trimodel.obj
 0001:0004ba56       ?CALL_CONSTRUCTOR@@YAXPAVmd3Model_t@OpenGLDrv@@@Z 0044ca56 f i gl_trimodel.obj
 0001:0004ba6c       ?CALL_CONSTRUCTOR@@YAXPAVsprModel_t@OpenGLDrv@@@Z 0044ca6c f i gl_trimodel.obj
 0001:0004d029       ?QGL_Init@OpenGLDrv@@YA_NPBD@Z 0044e029 f   qgl_win.obj
 0001:0004d10b       ?QGL_Shutdown@OpenGLDrv@@YAXXZ 0044e10b f   qgl_win.obj
 0001:0004d152       ?QGL_InitExtensions@OpenGLDrv@@YAXXZ 0044e152 f   qgl_win.obj
 0001:0004d63e       ?QGL_PrintExtensionsString@OpenGLDrv@@YAXPBD00@Z 0044e63e f   qgl_win.obj
 0001:0004d78b       ?QGL_EnableLogging@OpenGLDrv@@YAX_N@Z 0044e78b f   qgl_win.obj
 0001:0004d839       ?QGL_LogMessage@OpenGLDrv@@YAXPBD@Z 0044e839 f   qgl_win.obj
 0001:0004d84f       ?QGL_SwapBuffers@OpenGLDrv@@YAXXZ 0044e84f f   qgl_win.obj
 0001:0004d8d1       ?GLimp_HasGamma@OpenGLDrv@@YA_NXZ 0044e8d1 f   gl_win.obj
 0001:0004d8e5       ?GLimp_SetGamma@OpenGLDrv@@YAXM@Z 0044e8e5 f   gl_win.obj
 0001:0004da8b       ?GLimp_SetMode@OpenGLDrv@@YA_NPAI0H_N@Z 0044ea8b f   gl_win.obj
 0001:0004de5f       ?GLimp_Shutdown@OpenGLDrv@@YAX_N@Z 0044ee5f f   gl_win.obj
 0001:0004df0c       ?AppActivate@OpenGLDrv@@YAX_N@Z 0044ef0c f   gl_win.obj
 0001:0004df7c       _jpeg_CreateDecompress     0044ef7c f   lib:jdapimin.obj
 0001:0004e03c       _jpeg_destroy_decompress   0044f03c f   lib:jdapimin.obj
 0001:0004e03c       _jpeg_destroy_compress     0044f03c f   lib:jdapimin.obj
 0001:0004e047       _jpeg_read_header          0044f047 f   lib:jdapimin.obj
 0001:0004e0a9       _jpeg_consume_input        0044f0a9 f   lib:jdapimin.obj
 0001:0004e2f8       _jpeg_finish_decompress    0044f2f8 f   lib:jdapimin.obj
 0001:0004e38f       _jpeg_start_decompress     0044f38f f   lib:jdapistd.obj
 0001:0004e4fc       _jpeg_read_scanlines       0044f4fc f   lib:jdapistd.obj
 0001:0004e580       _jpeg_resync_to_restart    0044f580 f   lib:jdmarker.obj
 0001:0004e745       _jinit_marker_reader       0044f745 f   lib:jdmarker.obj
 0001:0004fc10       _jpeg_CreateCompress       00450c10 f   lib:jcapimin.obj
 0001:0004fcc4       _jpeg_suppress_tables      00450cc4 f   lib:jcapimin.obj
 0001:0004fd0e       _jpeg_finish_compress      00450d0e f   lib:jcapimin.obj
 0001:0004fdf8       _jpeg_start_compress       00450df8 f   lib:jcapistd.obj
 0001:0004fe64       _jpeg_write_scanlines      00450e64 f   lib:jcapistd.obj
 0001:0004ff0f       _jpeg_add_quant_table      00450f0f f   lib:jcparam.obj
 0001:0004ffc1       _jpeg_quality_scaling      00450fc1 f   lib:jcparam.obj
 0001:0004ffe8       _jpeg_set_quality          00450fe8 f   lib:jcparam.obj
 0001:00050022       _jpeg_set_defaults         00451022 f   lib:jcparam.obj
 0001:000501e8       _jpeg_default_colorspace   004511e8 f   lib:jcparam.obj
 0001:00050238       _jpeg_set_colorspace       00451238 f   lib:jcparam.obj
 0001:00050553       _jpeg_stdio_dest           00451553 f   lib:jdatadst.obj
 0001:00050653       _inflateReset              00451653 f   lib:inflate.obj
 0001:000506a1       _inflateInit2_             004516a1 f   lib:inflate.obj
 0001:0005075a       _inflate                   0045175a f   lib:inflate.obj
 0001:00051a2f       _inflateEnd                00452a2f f   lib:inflate.obj
 0001:00051b8d       _crc32                     00452b8d f   lib:crc32.obj
 0001:00051e27       _jinit_input_controller    00452e27 f   lib:jdinput.obj
 0001:0005230a       _jinit_memory_mgr          0045330a f   lib:jmemmgr.obj
 0001:00052e46       _jpeg_abort                00453e46 f   lib:jcomapi.obj
 0001:00052e79       _jpeg_destroy              00453e79 f   lib:jcomapi.obj
 0001:00052e94       _jpeg_alloc_quant_table    00453e94 f   lib:jcomapi.obj
 0001:00052eb0       _jpeg_alloc_huff_table     00453eb0 f   lib:jcomapi.obj
 0001:00052ecc       _jpeg_calc_output_dimensions 00453ecc f   lib:jdmaster.obj
 0001:00052fcc       _jinit_master_decompress   00453fcc f   lib:jdmaster.obj
 0001:00053322       _jdiv_round_up             00454322 f   lib:jutils.obj
 0001:00053332       _jround_up                 00454332 f   lib:jutils.obj
 0001:0005334a       _jcopy_sample_rows         0045434a f   lib:jutils.obj
 0001:00053388       _jcopy_block_row           00454388 f   lib:jutils.obj
 0001:000533a1       _jzero_far                 004543a1 f   lib:jutils.obj
 0001:000533b4       _jinit_marker_writer       004543b4 f   lib:jcmarker.obj
[...]
 0001:0005ef79       _start_iMCU_row            0045ff79 f   lib:jddiffct.obj
 0001:0005efbe       _start_output_pass         0045ffbe f   lib:jddiffct.obj
 0001:0005efca       _decompress_data           0045ffca f   lib:jddiffct.obj
 0001:0005f13a       _process_restart           0046013a f   lib:jddiffct.obj
 0001:0005f16f       _dummy_consume_data        0046016f f   lib:jddiffct.obj
 0001:0005f172       _consume_data              00460172 f   lib:jddiffct.obj
 0001:0005f1e9       _output_data               004601e9 f   lib:jddiffct.obj
 0001:0005ec6d       _start_pass                0045fc6d f   lib:jddctmgr.obj
 0001:0005e0bf       _start_pass_phuff_decoder  0045f0bf f   lib:jdphuff.obj
 0001:0005e308       _decode_mcu_DC_first       0045f308 f   lib:jdphuff.obj
 0001:0005e500       _process_restart           0045f500 f   lib:jdphuff.obj
 0001:0005e56f       _decode_mcu_AC_first       0045f56f f   lib:jdphuff.obj
 0001:0005e78f       _decode_mcu_DC_refine      0045f78f f   lib:jdphuff.obj
 0001:0005e864       _decode_mcu_AC_refine      0045f864 f   lib:jdphuff.obj
 0001:0005db06       _start_pass_huff_decoder   0045eb06 f   lib:jdshuff.obj
 0001:0005dc3e       _decode_mcu                0045ec3e f   lib:jdshuff.obj
 0001:0005dfee       _process_restart           0045efee f   lib:jdshuff.obj
 0001:0005ceef       _start_input_pass          0045deef f   lib:jdcoefct.obj
 0001:0005cf02       _start_iMCU_row            0045df02 f   lib:jdcoefct.obj
 0001:0005cf47       _start_output_pass         0045df47 f   lib:jdcoefct.obj
 0001:0005cf84       _decompress_onepass        0045df84 f   lib:jdcoefct.obj
 0001:0005f16f       _dummy_consume_data        0046016f f   lib:jddiffct.obj
 0001:0005d15d       _consume_data              0045e15d f   lib:jdcoefct.obj
 0001:0005d316       _decompress_data           0045e316 f   lib:jdcoefct.obj
 0001:0005d482       _smoothing_ok              0045e482 f   lib:jdcoefct.obj
 0001:0005d56d       _decompress_smooth_data    0045e56d f   lib:jdcoefct.obj
 0001:0005cd88       _scaler_start_pass         0045dd88 f   lib:jcscale.obj
 0001:0005cdab       _simple_downscale          0045ddab f   lib:jcscale.obj
 0001:0005cdd7       _noscale                   0045ddd7 f   lib:jcscale.obj
 0001:0005c880       _start_pass                0045d880 f   lib:jcpred.obj
 0001:0005c8d8       _reset_predictor           0045d8d8 f   lib:jcpred.obj
 0001:0005c905       _jpeg_difference_first_row 0045d905 f   lib:jcpred.obj
 0001:0005c9ef       _jpeg_difference1          0045d9ef f   lib:jcpred.obj
 0001:0005ca5d       _jpeg_difference2          0045da5d f   lib:jcpred.obj
 0001:0005cace       _jpeg_difference3          0045dace f   lib:jcpred.obj
 0001:0005cb46       _jpeg_difference4          0045db46 f   lib:jcpred.obj
 0001:0005cbd1       _jpeg_difference5          0045dbd1 f   lib:jcpred.obj
 0001:0005cc64       _jpeg_difference6          0045dc64 f   lib:jcpred.obj
 0001:0005ccf3       _jpeg_difference7          0045dcf3 f   lib:jcpred.obj
 0001:0005c172       _start_pass_huff           0045d172 f   lib:jclhuff.obj
 0001:0005c30f       _encode_mcus_huff          0045d30f f   lib:jclhuff.obj
 0001:0005c4fa       _emit_bits                 0045d4fa f   lib:jclhuff.obj
 0001:0005c59d       _dump_buffer               0045d59d f   lib:jclhuff.obj
 0001:0005c5c1       _emit_restart              0045d5c1 f   lib:jclhuff.obj
 0001:0005c60c       _flush_bits                0045d60c f   lib:jclhuff.obj
 0001:0005c630       _finish_pass_huff          0045d630 f   lib:jclhuff.obj
 0001:0005c69d       _encode_mcus_gather        0045d69d f   lib:jclhuff.obj
 0001:0005c7c6       _finish_pass_gather        0045d7c6 f   lib:jclhuff.obj
 0001:0005ae55       _need_optimization_pass    0045be55 f   lib:jcshuff.obj
 0001:0005bd50       _start_pass_diff           0045cd50 f   lib:jcdiffct.obj
 0001:0005bdee       _start_iMCU_row            0045cdee f   lib:jcdiffct.obj
 0001:0005be30       _compress_data             0045ce30 f   lib:jcdiffct.obj
 0001:0005bfc6       _compress_first_pass       0045cfc6 f   lib:jcdiffct.obj
 0001:0005c0bb       _compress_output           0045d0bb f   lib:jcdiffct.obj
 0001:0005b963       _start_pass_fdctmgr        0045c963 f   lib:jcdctmgr.obj
 0001:0005ba65       _forward_DCT_float         0045ca65 f   lib:jcdctmgr.obj
 0001:0005ae98       _start_pass_phuff          0045be98 f   lib:jcphuff.obj
 0001:0005b005       _encode_mcu_DC_first       0045c005 f   lib:jcphuff.obj
 0001:0005b137       _emit_bits                 0045c137 f   lib:jcphuff.obj
 0001:0005b1e2       _dump_buffer               0045c1e2 f   lib:jcphuff.obj
 0001:0005b21a       _emit_symbol               0045c21a f   lib:jcphuff.obj
 0001:0005b25a       _emit_restart              0045c25a f   lib:jcphuff.obj
 0001:0005b2e3       _emit_eobrun               0045c2e3 f   lib:jcphuff.obj
 0001:0005b369       _encode_mcu_AC_first       0045c369 f   lib:jcphuff.obj
 0001:0005b4fd       _encode_mcu_DC_refine      0045c4fd f   lib:jcphuff.obj
 0001:0005b5b7       _encode_mcu_AC_refine      0045c5b7 f   lib:jcphuff.obj
 0001:0005b7ce       _finish_pass_phuff         0045c7ce f   lib:jcphuff.obj
 0001:0005b81d       _finish_pass_gather_phuff  0045c81d f   lib:jcphuff.obj
 0001:0005b8e0       _need_optimization_pass    0045c8e0 f   lib:jcphuff.obj
 0001:0005a630       _start_pass_huff           0045b630 f   lib:jcshuff.obj
 0001:0005a7a5       _encode_mcu_huff           0045b7a5 f   lib:jcshuff.obj
 0001:0005a8b0       _encode_one_block          0045b8b0 f   lib:jcshuff.obj
 0001:0005aa27       _emit_bits                 0045ba27 f   lib:jcshuff.obj
 0001:0005aaca       _dump_buffer               0045baca f   lib:jcshuff.obj
 0001:0005aaee       _emit_restart              0045baee f   lib:jcshuff.obj
 0001:0005ab5b       _flush_bits                0045bb5b f   lib:jcshuff.obj
 0001:0005ab7f       _finish_pass_huff          0045bb7f f   lib:jcshuff.obj
 0001:0005abee       _encode_mcu_gather         0045bbee f   lib:jcshuff.obj
 0001:0005aca4       _htest_one_block           0045bca4 f   lib:jcshuff.obj
 0001:0005ad6b       _finish_pass_gather        0045bd6b f   lib:jcshuff.obj
 0001:0005ae55       _need_optimization_pass    0045be55 f   lib:jcshuff.obj
 0001:0005a003       _start_pass_coef           0045b003 f   lib:jccoefct.obj
 0001:0005bdee       _start_iMCU_row            0045cdee f   lib:jcdiffct.obj
 0001:0005a098       _compress_data             0045b098 f   lib:jccoefct.obj
 0001:0005a27f       _compress_first_pass       0045b27f f   lib:jccoefct.obj
 0001:0005a465       _compress_output           0045b465 f   lib:jccoefct.obj
 0001:00059f1b       _calc_output_dimensions    0045af1b f   lib:jdlossls.obj
 0001:00059f2c       _start_input_pass          0045af2c f   lib:jdlossls.obj
 0001:00059c5a       _calc_output_dimensions    0045ac5a f   lib:jdlossy.obj
 0001:00059dcd       _start_input_pass          0045adcd f   lib:jdlossy.obj
 0001:00059ded       _latch_quant_tables        0045aded f   lib:jdlossy.obj
 0001:00059e85       _start_output_pass         0045ae85 f   lib:jdlossy.obj
 0001:00059ba9       _start_pass                0045aba9 f   lib:jclossls.obj
 0001:00059b15       _start_pass                0045ab15 f   lib:jclossy.obj
 0001:0005906a       _initial_setup             0045a06a f   lib:jcmaster.obj
 0001:0005921d       _validate_script           0045a21d f   lib:jcmaster.obj
 0001:000595f5       _prepare_for_pass          0045a5f5 f   lib:jcmaster.obj
 0001:0005976d       _select_scan_parameters    0045a76d f   lib:jcmaster.obj
 0001:0005986e       _per_scan_setup            0045a86e f   lib:jcmaster.obj
 0001:00059a19       _pass_startup              0045aa19 f   lib:jcmaster.obj
 0001:00059a40       _finish_pass_master        0045aa40 f   lib:jcmaster.obj
 0001:00058b56       _rgb_ycc_start             00459b56 f   lib:jccolor.obj
 0001:00058c1a       _rgb_ycc_convert           00459c1a f   lib:jccolor.obj
 0001:00058d19       _rgb_gray_convert          00459d19 f   lib:jccolor.obj
 0001:00058d9e       _cmyk_ycck_convert         00459d9e f   lib:jccolor.obj
 0001:00058ed6       _grayscale_convert         00459ed6 f   lib:jccolor.obj
 0001:00058f30       _null_convert              00459f30 f   lib:jccolor.obj
 0001:0002bc40       _null_method               0042cc40 f   images.obj
 0001:0002bc40       _start_pass_downsample     0042cc40 f   images.obj
 0001:000582a2       _sep_downsample            004592a2 f   lib:jcsample.obj
 0001:00058317       _int_downsample            00459317 f   lib:jcsample.obj
 0001:0005840f       _expand_right_edge         0045940f f   lib:jcsample.obj
 0001:00058464       _fullsize_downsample       00459464 f   lib:jcsample.obj
 0001:000584a8       _h2v1_downsample           004594a8 f   lib:jcsample.obj
 0001:0005853c       _h2v2_downsample           0045953c f   lib:jcsample.obj
 0001:000585e9       _h2v2_smooth_downsample    004595e9 f   lib:jcsample.obj
 0001:00058861       _fullsize_smooth_downsample 00459861 f   lib:jcsample.obj
 0001:00057c9e       _start_pass_prep           00458c9e f   lib:jcprepct.obj
 0001:00057cdc       _pre_process_data          00458cdc f   lib:jcprepct.obj
 0001:00057e8a       _pre_process_context       00458e8a f   lib:jcprepct.obj
 0001:00058043       _create_context_buffer     00459043 f   lib:jcprepct.obj
 0001:00057b16       _start_pass_main           00458b16 f   lib:jcmainct.obj
 0001:00057b58       _process_data_simple_main  00458b58 f   lib:jcmainct.obj
 0001:000570ec       _create_colormap           004580ec f   lib:jquant1.obj
 0001:0005721e       _select_ncolors            0045821e f   lib:jquant1.obj
 0001:000572f5       _create_colorindex         004582f5 f   lib:jquant1.obj
 0001:00057421       _alloc_fs_workspace        00458421 f   lib:jquant1.obj
 0001:0005745d       _start_pass_1_quant        0045845d f   lib:jquant1.obj
 0001:00057529       _create_odither_tables     00458529 f   lib:jquant1.obj
 0001:00057588       _make_odither_array        00458588 f   lib:jquant1.obj
 0001:000575eb       _color_quantize            004585eb f   lib:jquant1.obj
 0001:00057676       _color_quantize3           00458676 f   lib:jquant1.obj
 0001:00057704       _quantize_ord_dither       00458704 f   lib:jquant1.obj
 0001:000577ef       _quantize3_ord_dither      004587ef f   lib:jquant1.obj
 0001:000578ef       _quantize_fs_dither        004588ef f   lib:jquant1.obj
 0001:0002bc40       _finish_pass_1_quant       0042cc40 f   images.obj
 0001:00057a73       _new_color_map_1_quant     00458a73 f   lib:jquant1.obj
 0001:000560ad       _init_error_limit          004570ad f   lib:jquant2.obj
 0001:0005614c       _start_pass_2_quant        0045714c f   lib:jquant2.obj
 0001:0005624e       _prescan_quantize          0045724e f   lib:jquant2.obj
 0001:000562bd       _pass2_no_dither           004572bd f   lib:jquant2.obj
 0001:0005636a       _fill_inverse_cmap         0045736a f   lib:jquant2.obj
 0001:00056435       _find_nearby_colors        00457435 f   lib:jquant2.obj
 0001:000565d9       _find_best_colors          004575d9 f   lib:jquant2.obj
 0001:000566f3       _pass2_fs_dither           004576f3 f   lib:jquant2.obj
 0001:00056962       _finish_pass1              00457962 f   lib:jquant2.obj
 0001:00056984       _select_colors             00457984 f   lib:jquant2.obj
 0001:00056a10       _update_box                00457a10 f   lib:jquant2.obj
 0001:00056daa       _median_cut                00457daa f   lib:jquant2.obj
 0001:00056ebe       _find_biggest_color_pop    00457ebe f   lib:jquant2.obj
 0001:00056eed       _find_biggest_volume       00457eed f   lib:jquant2.obj
 0001:00056f16       _compute_color             00457f16 f   lib:jquant2.obj
 0001:0002bc40       _finish_pass2              0042cc40 f   images.obj
 0001:00057052       _new_color_map_2_quant     00458052 f   lib:jquant2.obj
 0001:00055ac4       _build_ycc_rgb_table       00456ac4 f   lib:jdmerge.obj
 0001:00055b74       _start_pass_merged_upsample 00456b74 f   lib:jdmerge.obj
 0001:00055b89       _merged_2v_upsample        00456b89 f   lib:jdmerge.obj
 0001:00055c30       _merged_1v_upsample        00456c30 f   lib:jdmerge.obj
 0001:00055c61       _h2v1_merged_upsample      00456c61 f   lib:jdmerge.obj
 0001:00055db7       _h2v2_merged_upsample      00456db7 f   lib:jdmerge.obj
 0001:00055668       _build_ycc_rgb_table       00456668 f   lib:jdcolor.obj
 0001:00055718       _ycc_rgb_convert           00456718 f   lib:jdcolor.obj
 0001:00055826       _null_convert              00456826 f   lib:jdcolor.obj
 0001:0005589e       _grayscale_convert         0045689e f   lib:jdcolor.obj
 0001:000558c1       _gray_rgb_convert          004568c1 f   lib:jdcolor.obj
 0001:0005591a       _ycck_cmyk_convert         0045691a f   lib:jdcolor.obj
 0001:0002bc40       _start_pass_dcolor         0042cc40 f   images.obj
 0001:000550c9       _start_pass_upsample       004560c9 f   lib:jdsample.obj
 0001:000550e3       _sep_upsample              004560e3 f   lib:jdsample.obj
 0001:000551b0       _fullsize_upsample         004561b0 f   lib:jdsample.obj
 0001:000551bb       _noop_upsample             004561bb f   lib:jdsample.obj
 0001:000551c3       _int_upsample              004561c3 f   lib:jdsample.obj
 0001:000552ad       _h2v1_upsample             004562ad f   lib:jdsample.obj
 0001:00055304       _h2v2_upsample             00456304 f   lib:jdsample.obj
 0001:00055376       _h2v1_fancy_upsample       00456376 f   lib:jdsample.obj
 0001:00055419       _h2v2_fancy_upsample       00456419 f   lib:jdsample.obj
 0001:00054cd2       _start_pass_dpost          00455cd2 f   lib:jdpostct.obj
 0001:00054d78       _post_process_1pass        00455d78 f   lib:jdpostct.obj
 0001:00054ddd       _post_process_prepass      00455ddd f   lib:jdpostct.obj
 0001:00054e6e       _post_process_2pass        00455e6e f   lib:jdpostct.obj
 0001:000546d9       _alloc_funny_pointers      004556d9 f   lib:jdmainct.obj
 0001:00054786       _start_pass_main           00455786 f   lib:jdmainct.obj
 0001:000547ee       _make_funny_pointers       004557ee f   lib:jdmainct.obj
 0001:0005492e       _process_data_simple_main  0045592e f   lib:jdmainct.obj
 0001:00054996       _process_data_context_main 00455996 f   lib:jdmainct.obj
 0001:00054aa8       _set_wraparound_pointers   00455aa8 f   lib:jdmainct.obj
 0001:00054b92       _set_bottom_pointers       00455b92 f   lib:jdmainct.obj
 0001:00054c2c       _process_data_crank_post   00455c2c f   lib:jdmainct.obj
 0001:00053402       _write_marker_header       00454402 f   lib:jcmarker.obj
 0001:00053458       _emit_byte                 00454458 f   lib:jcmarker.obj
 0001:00053489       _write_marker_byte         00454489 f   lib:jcmarker.obj
 0001:00053499       _write_file_header         00454499 f   lib:jcmarker.obj
 0001:000534e5       _emit_jfif_app0            004544e5 f   lib:jcmarker.obj
 0001:000535b8       _emit_adobe_app14          004545b8 f   lib:jcmarker.obj
 0001:0005365e       _write_frame_header        0045465e f   lib:jcmarker.obj
 0001:0005373d       _emit_dqt                  0045473d f   lib:jcmarker.obj
 0001:0005382c       _emit_sof                  0045482c f   lib:jcmarker.obj
 0001:00053908       _write_scan_header         00454908 f   lib:jcmarker.obj
 0001:000539c8       _emit_dht                  004549c8 f   lib:jcmarker.obj
 0001:00053aa1       _emit_dri                  00454aa1 f   lib:jcmarker.obj
 0001:00053af0       _emit_sos                  00454af0 f   lib:jcmarker.obj
 0001:00053bde       _write_file_trailer        00454bde f   lib:jcmarker.obj
 0001:00053bfe       _write_tables_only         00454bfe f   lib:jcmarker.obj
 0001:00052f57       _use_merged_upsample       00453f57 f   lib:jdmaster.obj
 0001:00052ffd       _master_selection          00453ffd f   lib:jdmaster.obj
 0001:0005315a       _prepare_range_limit_table 0045415a f   lib:jdmaster.obj
 0001:000531e0       _prepare_for_output_pass   004541e0 f   lib:jdmaster.obj
 0001:00053301       _finish_output_pass        00454301 f   lib:jdmaster.obj
 0001:000523ce       _alloc_small               004533ce f   lib:jmemmgr.obj
 0001:000524ec       _alloc_large               004534ec f   lib:jmemmgr.obj
 0001:0005259d       _alloc_sarray              0045359d f   lib:jmemmgr.obj
 0001:00052635       _alloc_barray              00453635 f   lib:jmemmgr.obj
 0001:000526d9       _alloc_darray              004536d9 f   lib:jmemmgr.obj
 0001:00052784       _request_virt_sarray       00453784 f   lib:jmemmgr.obj
 0001:000527e5       _request_virt_barray       004537e5 f   lib:jmemmgr.obj
 0001:00052846       _realize_virt_arrays       00453846 f   lib:jmemmgr.obj
 0001:000529c9       _access_virt_sarray        004539c9 f   lib:jmemmgr.obj
 0001:00052ae9       _do_sarray_io              00453ae9 f   lib:jmemmgr.obj
 0001:00052b79       _access_virt_barray        00453b79 f   lib:jmemmgr.obj
 0001:00052c9e       _do_barray_io              00453c9e f   lib:jmemmgr.obj
 0001:00052d2f       _free_pool                 00453d2f f   lib:jmemmgr.obj
 0001:00052e16       _self_destruct             00453e16 f   lib:jmemmgr.obj
 0001:00051e68       _start_input_pass          00452e68 f   lib:jdinput.obj
 0001:00051e96       _per_scan_setup            00452e96 f   lib:jdinput.obj
 0001:0005201c       _finish_input_pass         0045301c f   lib:jdinput.obj
 0001:0005202d       _consume_markers           0045302d f   lib:jdinput.obj
 0001:000520c9       _initial_setup             004530c9 f   lib:jdinput.obj
 0001:000522d3       _reset_input_controller    004532d3 f   lib:jdinput.obj
 0001:00051a6d       _make_crc_table            00452a6d f   lib:crc32.obj
 0001:00051bba       _crc32_little              00452bba f   lib:crc32.obj
 0001:00051867       _fixedtables               00452867 f   lib:inflate.obj
 0001:00051951       _updatewindow              00452951 f   lib:inflate.obj
 0001:0005058f       _init_destination          0045158f f   lib:jdatadst.obj
 0001:000505b5       _empty_output_buffer       004515b5 f   lib:jdatadst.obj
 0001:000505f7       _term_destination          004515f7 f   lib:jdatadst.obj
 0001:00050116       _std_huff_tables           00451116 f   lib:jcparam.obj
 0001:00050170       _add_huff_table            00451170 f   lib:jcparam.obj
 0001:0004e66e       _next_marker               0044f66e f   lib:jdmarker.obj
 0001:0004e7a8       _get_interesting_appn      0044f7a8 f   lib:jdmarker.obj
 0001:0004e8d3       _examine_app0              0044f8d3 f   lib:jdmarker.obj
 0001:0004eae1       _examine_app14             0044fae1 f   lib:jdmarker.obj
 0001:0004eba2       _skip_variable             0044fba2 f   lib:jdmarker.obj
 0001:0004ec45       _read_markers              0044fc45 f   lib:jdmarker.obj
 0001:0004ee4d       _get_soi                   0044fe4d f   lib:jdmarker.obj
 0001:0004eef8       _get_sof                   0044fef8 f   lib:jdmarker.obj
 0001:0004f201       _get_sos                   00450201 f   lib:jdmarker.obj
 0001:0004f4ef       _get_dht                   004504ef f   lib:jdmarker.obj
 0001:0004f790       _get_dqt                   00450790 f   lib:jdmarker.obj
 0001:0004f9ec       _get_dri                   004509ec f   lib:jdmarker.obj
 0001:0004facb       _first_marker              00450acb f   lib:jdmarker.obj
 0001:0004fb67       _read_restart_marker       00450b67 f   lib:jdmarker.obj
 0001:0004fbe5       _reset_marker_reader       00450be5 f   lib:jdmarker.obj
 0001:0004e452       _output_pass_setup         0044f452 f   lib:jdapistd.obj
 0001:0004e145       _default_decompress_parms  0044f145 f   lib:jdapimin.obj

 505 bytes saved through ICF

