 Quake2

 Timestamp is 435be2cb (Sun Oct 23 23:21:47 2005)

 Preferred load address is 00400000

 Start         Length     Name                   Class
 0001:00000000 00060d60H .text                   CODE
 0002:00000000 00000288H .idata$5                DATA
 0002:00000288 00006464H .rdata                  DATA
 0002:000066f0 00000044H .rdata$r                DATA
 0002:00006738 00000038H .xdata$x                DATA
 0002:00006770 00000078H .idata$2                DATA
 0002:000067e8 00000014H .idata$3                DATA
 0002:000067fc 00000288H .idata$4                DATA
 0002:00006a84 0000084cH .idata$6                DATA
 0002:000072d0 00000000H .edata                  DATA
 0003:00000000 00000004H .CRT$XCA                DATA
 0003:00000004 00000084H .CRT$XCU                DATA
 0003:00000088 00000004H .CRT$XCZ                DATA
 0003:0000008c 00000004H .CRT$XIA                DATA
 0003:00000090 00000004H .CRT$XIZ                DATA
 0003:000000a0 0000d40cH .data                   DATA
 0003:0000d4b0 004585d4H .bss                    DATA
 0004:00000000 00000130H .rsrc$01                DATA
 0004:00000130 00003f20H .rsrc$02                DATA

  Address         Publics by Value              Rva+Base     Lib:Object

 0001:00000000       ??3@YAXPAX@Z               00401000 f i CoreMain.obj
 0001:0000000b       ?appTimestamp@@YAPBDXZ     0040100b f   CoreMain.obj
 0001:00000040       ?appInit@@YAXXZ            00401040 f   CoreMain.obj
 0001:000000bf       ?appExit@@YAXXZ            004010bf f   CoreMain.obj
 0001:000000f9       ?appLoadDebugSymbols@@YAXXZ 004010f9 f   DbgSymbols.obj
 0001:000002b7       ?appSymbolName@@YA_NIPADH@Z 004012b7 f   DbgSymbols.obj
 0001:000003ad       ?appSymbolName@@YAPBDI@Z   004013ad f   DbgSymbols.obj
 0001:000003e3       ?appMalloc@@YAPAXIH@Z      004013e3 f   Memory.obj
 0001:00000491       ?appFree@@YAXPAX@Z         00401491 f   Memory.obj
 0001:000004bf       ?Unlink@FMemHeader@@QAEXXZ 004014bf f i Memory.obj
 0001:000004ea       ?Link@CMemoryChain@@AAEXXZ 004014ea f   Memory.obj
 0001:00000509       ?Unlink@CMemoryChain@@AAEXXZ 00401509 f   Memory.obj
 0001:00000534       ??2CMemoryChain@@SAPAXIH@Z 00401534 f   Memory.obj
 0001:000005a6       ??3CMemoryChain@@SAXPAX@Z  004015a6 f   Memory.obj
 0001:000005d9       ?Alloc@CMemoryChain@@QAEPAXIH@Z 004015d9 f   Memory.obj
 0001:00000643       ?BuildAllocatorsTable@@YAHPAXH@Z 00401643 f   Memory.obj
 0001:000007b2       ?appInitMemory@@YAXXZ      004017b2 f   Memory.obj
 0001:00000b77       ?sprintf@?$TString@$0BAA@@@QAAHPBDZZ 00401b77 f i Memory.obj
 0001:00000bb6       ?Close@COutputDevice@@UAEXXZ 00401bb6 f i OutputDevice.obj
 0001:00000bb6       ?Flush@COutputDevice@@UAEXXZ 00401bb6 f i OutputDevice.obj
 0001:00000bb7       ?Write@COutputDeviceNull@@UAEXPBD@Z 00401bb7 f i OutputDevice.obj
 0001:00000bd1       ??_ECOutputDeviceLog@@UAEPAXI@Z 00401bd1 f i OutputDevice.obj
 0001:00000bd1       ??_GCOutputDeviceNull@@UAEPAXI@Z 00401bd1 f i OutputDevice.obj
 0001:00000bd1       ??_GCOutputDevice@@UAEPAXI@Z 00401bd1 f i OutputDevice.obj
 0001:00000bd1       ??_GCOutputDeviceLog@@UAEPAXI@Z 00401bd1 f i OutputDevice.obj
 0001:00000bd1       ??_ECOutputDeviceNull@@UAEPAXI@Z 00401bd1 f i OutputDevice.obj
 0001:00000bd1       ??_GCOutputDeviceWin32Console@@UAEPAXI@Z 00401bd1 f i OutputDevice.obj
 0001:00000bd1       ??_ECOutputDevice@@UAEPAXI@Z 00401bd1 f i OutputDevice.obj
 0001:00000bd1       ??_ECOutputDeviceWin32Console@@UAEPAXI@Z 00401bd1 f i OutputDevice.obj
 0001:00000c11       ?Write@COutputDeviceLog@@UAEXPBD@Z 00401c11 f i OutputDevice.obj
 0001:00000c59       ?Printf@COutputDevice@@QAAXPBDZZ 00401c59 f   OutputDevice.obj
 0001:00000cca       ?Register@COutputDevice@@QAEXXZ 00401cca f   OutputDevice.obj
 0001:00000d26       ?Unregister@COutputDevice@@QAEXXZ 00401d26 f   OutputDevice.obj
 0001:00000d79       ?appPrintf@@YAXPBDZZ       00401d79 f   OutputDevice.obj
 0001:00000eb0       ?appWPrintf@@YAXPBDZZ      00401eb0 f   OutputDevice.obj
 0001:00000f0d       ??0COutputDeviceFile@@QAE@XZ 00401f0d f i ErrorMgr.obj
 0001:00000f22       ?Write@COutputDeviceFile@@UAEXPBD@Z 00401f22 f i ErrorMgr.obj
 0001:00000f76       ?Flush@COutputDeviceFile@@UAEXXZ 00401f76 f i ErrorMgr.obj
 0001:00000f86       ?Close@COutputDeviceFile@@UAEXXZ 00401f86 f i ErrorMgr.obj
 0001:00000f9e       ??_GCOutputDeviceFile@@UAEPAXI@Z 00401f9e f i ErrorMgr.obj
 0001:00000f9e       ??_ECOutputDeviceFile@@UAEPAXI@Z 00401f9e f i ErrorMgr.obj
 0001:00000fba       ??1COutputDeviceFile@@UAE@XZ 00401fba f i ErrorMgr.obj
 0001:00000ff9       ?appGetErrorLog@@YAPAVCOutputDevice@@XZ 00401ff9 f   ErrorMgr.obj
 0001:00001098       ?Open@COutputDeviceFile@@QAEXPBD_N@Z 00402098 f i ErrorMgr.obj
 0001:000010de       ?appFatalError@@YAXPBDZZ   004020de f   ErrorMgr.obj
 0001:0000117e       ?appNonFatalError@@YAXPBDZZ 0040217e f   ErrorMgr.obj
 0001:000011e0       ?appUnwindPrefix@@YAXPBD@Z 004021e0 f   ErrorMgr.obj
 0001:00001290       ?appUnwindThrow@@YAXPBDZZ  00402290 f   ErrorMgr.obj
 0001:00001315       ?Reset@CErrorHandler@@QAEXXZ 00402315 f   ErrorMgr.obj
 0001:00001346       ?appInitError@@YAXXZ       00402346 f   ErrorMgr.obj
 0001:0000142a       ?sprintf@?$TString@$0CAA@@@QAAHPBDZZ 0040242a f i ErrorMgr.obj
 0001:00001446       ?GetLine@CSimpleParser@@QAEPBDXZ 00402446 f   ScriptParser.obj
 0001:0000155b       ?SkipBraces@CSimpleParser@@QAEPBDXZ 0040255b f   ScriptParser.obj
 0001:00001591       ?appStricmp@@YAHPBD0@Z     00402591 f   Strings.obj
 0001:000015c6       ?toLower@@YADD@Z           004025c6 f i Strings.obj
 0001:000015dd       ?appStrcpy@@YAXPADPBD@Z    004025dd f   Strings.obj
 0001:000015f0       ?appStrncpylwr@@YAXPADPBDH@Z 004025f0 f   Strings.obj
 0001:00001628       ?appStrncpyz@@YAXPADPBDH@Z 00402628 f   Strings.obj
 0001:00001655       ?appStrcatn@@YAXPADHPBD@Z  00402655 f   Strings.obj
 0001:00001680       ?appCopyFilename@@YAXPADPBDH@Z 00402680 f   Strings.obj
 0001:00001720       ?appCStrlen@@YAHPBD@Z      00402720 f   Strings.obj
 0001:00001745       ?appUncolorizeString@@YAXPADPBD@Z 00402745 f   Strings.obj
 0001:00001775       ?va@@YAPBDPBDZZ            00402775 f   Strings.obj
 0001:00001811       ?appSprintf@@YAHPADHPBDZZ  00402811 f   Strings.obj
 0001:0000185c       ?appMatchWildcard@@YA_NPBD0_N@Z 0040285c f   Strings.obj
 0001:000019eb       ?appIsWildcard@@YA_NPBD@Z  004029eb f   Strings.obj
 0001:00001a15       ?CopyString@@YAPADPBD@Z    00402a15 f   Strings.obj
 0001:00001a55       ?CopyString@@YAPADPBDPAVCMemoryChain@@@Z 00402a55 f   Strings.obj
 0001:00001a89       ??2CStringItem@@SAPAXIPBD@Z 00402a89 f   Strings.obj
 0001:00001ad6       ??2CStringItem@@SAPAXIPBDPAVCMemoryChain@@@Z 00402ad6 f   Strings.obj
 0001:00001b00       ??0CStringItem@@QAE@XZ     00402b00 f   Strings.obj
 0001:00001b0b       ?Find@CStringList@@IAEPAVCStringItem@@PBDPAPAV2@@Z 00402b0b f   Strings.obj
 0001:00001b47       ?Find@CStringList@@IAEPAVCStringItem@@H@Z 00402b47 f   Strings.obj
 0001:00001b60       ?IndexOf@CStringList@@QAEHPBD@Z 00402b60 f   Strings.obj
 0001:00001b8d       ?Remove@CStringList@@QAE_NPAVCStringItem@@@Z 00402b8d f   Strings.obj
 0001:00001bb9       ?Add@CTextContainer@@QAEPAUCTextRec@@PBD@Z 00402bb9 f   TextContainer.obj
 0001:00001c65       ?Enumerate@CTextContainer@@QAEXP6AXPBUCTextRec@@@Z@Z 00402c65 f   TextContainer.obj
 0001:00001cd1       ?SubtractPath@@YAPBDPBD0@Z 00402cd1 f   FileSystem.obj
 0001:00001d65       ?appMakeDirectoryForFile@@YAXPBD@Z 00402d65 f   FileSystem.obj
 0001:00001d9b       ?appOpenFile@@YAPAVCFile@@PBD@Z 00402d9b f   FileSystem.obj
 0001:00001dd7       ?Read@CFileOS@@UAEHPAXH@Z  00402dd7 f i FileSystem.obj
 0001:00001dfc       ?GetSize@CFileOS@@UAEHXZ   00402dfc f i FileSystem.obj
 0001:00001e41       ?Eof@CFileOS@@UAE_NXZ      00402e41 f i FileSystem.obj
 0001:00001e55       ??_GCFileOS@@UAEPAXI@Z     00402e55 f i FileSystem.obj
 0001:00001e55       ??_ECFileOS@@UAEPAXI@Z     00402e55 f i FileSystem.obj
 0001:00001e87       ??_ECFile@@UAEPAXI@Z       00402e87 f i FileSystem.obj
 0001:00001e87       ??_GCFile@@UAEPAXI@Z       00402e87 f i FileSystem.obj
 0001:00001ea4       ?ReadByte@CFile@@QAEEXZ    00402ea4 f   FileSystem.obj
 0001:00001ebc       ?ReadInt@CFile@@QAEHXZ     00402ebc f   FileSystem.obj
 0001:00001ed4       ?ReadString@CFile@@QAEXPADH@Z 00402ed4 f   FileSystem.obj
 0001:00001f14       ?GetType@CFileContainer@@MAEPBDXZ 00402f14 f   FileSystem.obj
 0001:00001f1a       ?Mount@CFileSystem@@QAEXAAVCFileContainer@@PBD@Z 00402f1a f   FileSystem.obj
 0001:00001f70       ?Umount@CFileSystem@@QAEXAAVCFileContainer@@@Z 00402f70 f   FileSystem.obj
 0001:00001fa7       ?MountDirectory@CFileSystem@@QAEPAVCFileContainer@@PBD0@Z 00402fa7 f   FileSystem.obj
 0001:00001fea       ?GetType@CFileContainerOS@@MAEPBDXZ 00402fea f i FileSystem.obj
 0001:00001ff0       ?FileExists@CFileContainerOS@@UAE_NPBD@Z 00402ff0 f i FileSystem.obj
 0001:00002027       ?OpenFile@CFileContainerOS@@UAEPAVCFile@@PBD@Z 00403027 f i FileSystem.obj
 0001:00002044       ?List@CFileContainerOS@@UAEXAAVCFileList@@PBDI@Z 00403044 f i FileSystem.obj
 0001:0000206c       ??_GCFileContainer@@UAEPAXI@Z 0040306c f i FileSystem.obj
 0001:0000206c       ??_GCFileContainerOS@@UAEPAXI@Z 0040306c f i FileSystem.obj
 0001:0000206c       ??_ECFileContainer@@UAEPAXI@Z 0040306c f i FileSystem.obj
 0001:0000206c       ??_ECFileContainerOS@@UAEPAXI@Z 0040306c f i FileSystem.obj
 0001:00002089       ?MountArchive@CFileSystem@@QAEPAVCFileContainer@@PBD0@Z 00403089 f   FileSystem.obj
 0001:000021a0       ?Mount@CFileSystem@@QAEXPBD0@Z 004031a0 f   FileSystem.obj
 0001:00002386       ?Umount@CFileSystem@@QAEXPBD@Z 00403386 f   FileSystem.obj
 0001:00002422       ?List@CFileSystem@@UAEPAVCFileList@@PBDIPAV2@@Z 00403422 f   FileSystem.obj
 0001:000025da       ?RegisterFormat@CFileSystem@@SAXP6APAVCFileContainer@@PBDPAU_iobuf@@@Z@Z 004035da f   FileSystem.obj
 0001:0000261a       ?FileExists@CFileSystem@@UAE_NPBDI@Z 0040361a f   FileSystem.obj
 0001:00002699       ?OpenFile@CFileSystem@@UAEPAVCFile@@PBDI@Z 00403699 f   FileSystem.obj
 0001:0000273e       ?LoadFile@CFileSystem@@QAEPAXPBDPAI@Z 0040373e f   FileSystem.obj
 0001:0000280e       ?cMount@@YAX_NHPAPAD@Z     0040380e f   FileSystem.obj
 0001:00002947       ?cUmount@@YAX_NHPAPAD@Z    00403947 f   FileSystem.obj
 0001:00002974       ?appInitFileSystem@@YAXAAVCFileSystem@@@Z 00403974 f   FileSystem.obj
 0001:00002d67       ?FindDir@CFileContainerArc@@IAEPAVCArcDir@1@PBD_N@Z 00403d67 f   FileContainerArc.obj
 0001:00002e50       ?FindFile@CFileContainerArc@@IAEPAVCStringItem@@PBD@Z 00403e50 f   FileContainerArc.obj
 0001:00002ebb       ?FileExists@CFileContainerArc@@UAE_NPBD@Z 00403ebb f   FileContainerArc.obj
 0001:00002ecd       ?OpenFile@CFileContainerArc@@UAEPAVCFile@@PBD@Z 00403ecd f   FileContainerArc.obj
 0001:00002ee9       ?List@CFileContainerArc@@UAEXAAVCFileList@@PBDI@Z 00403ee9 f   FileContainerArc.obj
 0001:00003056       ?appMillisecondsf@@YANXZ   00404056 f   CoreWin32.obj
 0001:0000308f       ?appMilliseconds@@YAIXZ    0040408f f   CoreWin32.obj
 0001:000030c4       ?cpuid@@YAXI@Z             004040c4 f   CoreWin32.obj
 0001:000030e7       ?appPackage@@YAPBDXZ       004040e7 f   CoreWin32.obj
 0001:0000313f       ?appGetSystemErrorMessage@@YAPBDI@Z 0040413f f   CoreWin32.obj
 0001:000031a3       ?appDisplayError@@YAXXZ    004041a3 f   CoreWin32.obj
 0001:000031f8       ?appInitPlatform@@YAXXZ    004041f8 f   CoreWin32.obj
 0001:00003639       ?appShutdownPlatform@@YAXXZ 00404639 f   CoreWin32.obj
 0001:00003642       ?osAddressInfo@@YA_NIPADHPAH@Z 00404642 f   DbgSymbolsWin32.obj
 0001:000036d6       ?osModuleInfo@@YA_NIPADHPAH@Z 004046d6 f   DbgSymbolsWin32.obj
 0001:0000387d       ?win32ExceptFilter@@YGJPAU_EXCEPTION_POINTERS@@@Z 0040487d f   ExceptFilterWin32.obj
 0001:00003db1       ?win32ExceptFilter2@@YAIXZ 00404db1 f   ExceptFilterWin32.obj
 0001:00003dba       ?appListDirectoryOS@@YAXPBDAAVCFileList@@I@Z 00404dba f   FileSystemWin32.obj
 0001:00004001       ?appMakeDirectory@@YAXPBD@Z 00405001 f   FileSystemWin32.obj
 0001:0000406e       ?SCR_StopCinematic@@YAXXZ  0040506e f   cl_cin.obj
 0001:00004102       ?SCR_DrawCinematic@@YA_NXZ 00405102 f   cl_cin.obj
 0001:0000451f       ?SCR_PlayCinematic@@YAXPBD@Z 0040551f f   cl_cin.obj
 0001:00004876       ?sprintf@?$TString@$0EA@@@QAAHPBDZZ 00405876 f i cl_cin.obj
 0001:0000488f       ?CL_Download_f@@YAX_NHPAPAD@Z 0040588f f   cl_download.obj
 0001:00004c3a       ?CL_ParseDownload@@YAXXZ   00405c3a f   cl_download.obj
 0001:0000544d       ?CL_Precache_f@@YAXHPAPAD@Z 0040644d f   cl_download.obj
 0001:000054ab       ?sprintf@?$TString@$0IA@@@QAAHPBDZZ 004064ab f i cl_download.obj
 0001:000054c7       ?CL_ParseDelta@@YAXPAUclEntityState_t@@0HI_N@Z 004064c7 f   cl_ents.obj
 0001:00005647       ?CL_ParseFrame@@YAXXZ      00406647 f   cl_ents.obj
 0001:00005cf6       ?CL_AddEntityBox@@YAXPAUclEntityState_t@@I@Z 00406cf6 f   cl_ents.obj
 0001:00005dfa       ?Lerp@@YAXABUCVec3@@0MAAU1@@Z 00406dfa f i cl_ents.obj
 0001:00005e31       ?CL_OffsetThirdPersonView@@YAXXZ 00406e31 f   cl_ents.obj
 0001:00005f19       ?CL_AddEntities@@YAXXZ     00406f19 f   cl_ents.obj
 0001:00006e57       ?CL_ClearLightStyles@@YAXXZ 00407e57 f   cl_fx.obj
 0001:00006ed9       ?CL_SetLightstyle@@YAXHPBD@Z 00407ed9 f   cl_fx.obj
 0001:00006f3a       ?CL_AllocDlight@@YAPAUcdlight_t@@HABUCVec3@@@Z 00407f3a f   cl_fx.obj
 0001:00006fa3       ?CL_AllocParticleTrace@@YAPAUparticleTrace_t@@ABUCVec3@@0MM@Z 00407fa3 f   cl_fx.obj
 0001:00007032       ?CL_AllocParticleBeam@@YAPAUbeam_t@@ABUCVec3@@0MM@Z 00408032 f   cl_fx.obj
 0001:000070a6       ?CL_AllocParticle@@YAPAUparticle_t@@XZ 004080a6 f   cl_fx.obj
 0001:000070f9       ?CL_MetalSparks@@YAXABUCVec3@@0H@Z 004080f9 f   cl_fx.obj
 0001:000071f7       ?CL_AddEffects@@YAXXZ      004081f7 f   cl_fx.obj
 0001:000078fc       ?CL_ClearEffects@@YAXXZ    004088fc f   cl_fx.obj
 0001:0000797e       ?CL_EntityEvent@@YAXPAUclEntityState_t@@@Z 0040897e f   cl_fx.obj
 0001:00007b32       ?CL_ParseMuzzleFlash@@YAXXZ 00408b32 f   cl_fx.obj
 0001:00007ea2       ?CL_ParseMuzzleFlash2@@YAXXZ 00408ea2 f   cl_fx.obj
 0001:00008318       ?CL_ParticleEffect@@YAXABUCVec3@@0HH@Z 00409318 f   cl_fx.obj
 0001:00008501       ?CL_ParticleEffect2@@YAXABUCVec3@@0HH@Z 00409501 f   cl_fx.obj
 0001:00008529       ?CL_ParticleEffect3@@YAXABUCVec3@@0HH@Z 00409529 f   cl_fx.obj
 0001:00008551       ?CL_TeleporterParticles@@YAXPAUclEntityState_t@@@Z 00409551 f   cl_fx.obj
 0001:00008570       ?CL_LogoutEffect@@YAXABUCVec3@@H@Z 00409570 f   cl_fx.obj
 0001:000085a6       ?CL_ItemRespawnParticles@@YAXABUCVec3@@@Z 004095a6 f   cl_fx.obj
 0001:000085c1       ?CL_ExplosionParticles@@YAXABUCVec3@@@Z 004095c1 f   cl_fx.obj
 0001:000085df       ?CL_BFGExplosionParticles@@YAXABUCVec3@@@Z 004095df f   cl_fx.obj
 0001:000085fd       ?CL_TrackerExplosionParticles@@YAXABUCVec3@@@Z 004095fd f   cl_fx.obj
 0001:0000861b       ?CL_BlasterParticles@@YAXABUCVec3@@0I@Z 0040961b f   cl_fx.obj
 0001:00008641       ?CL_BlasterTrail@@YAXAAUcentity_t@@@Z 00409641 f   cl_fx.obj
 0001:00008744       ?CL_BlasterTrail2@@YAXAAUcentity_t@@@Z 00409744 f   cl_fx.obj
 0001:00008757       ?CL_FlagTrail@@YAXAAUcentity_t@@H@Z 00409757 f   cl_fx.obj
 0001:00008773       ?CL_RocketTrail@@YAXAAUcentity_t@@@Z 00409773 f   cl_fx.obj
 0001:000087b2       ?CL_BubbleTrail@@YAXABUCVec3@@0@Z 004097b2 f   cl_fx.obj
 0001:0000884c       ?CL_BubbleTrail2@@YAXABUCVec3@@0@Z 0040984c f   cl_fx.obj
 0001:00008864       ?CL_TagTrail@@YAXAAUcentity_t@@@Z 00409864 f   cl_fx.obj
 0001:00008877       ?CL_DebugTrail@@YAXABUCVec3@@0@Z 00409877 f   cl_fx.obj
 0001:0000888f       ?CL_ForceWall@@YAXABUCVec3@@0H@Z 0040988f f   cl_fx.obj
 0001:000088b0       ?CL_BigTeleportParticles@@YAXABUCVec3@@@Z 004098b0 f   cl_fx.obj
 0001:000089eb       ?CL_BfgParticles@@YAXABUCVec3@@@Z 004099eb f   cl_fx.obj
 0001:00008b65       ?CL_FlyEffect@@YAXAAUcentity_t@@@Z 00409b65 f   cl_fx.obj
 0001:00008cf1       ?CL_DiminishingTrail@@YAXAAUcentity_t@@H@Z 00409cf1 f   cl_fx.obj
 0001:00008e4b       ?CL_RailTrail@@YAXABUCVec3@@0@Z 00409e4b f   cl_fx.obj
 0001:00008fc1       ?CL_RailTrailExt@@YAXABUCVec3@@0EE@Z 00409fc1 f   cl_fx.obj
 0001:00009106       ?CL_IonripperTrail@@YAXAAUcentity_t@@@Z 0040a106 f   cl_fx.obj
 0001:00009260       ?CL_TrapParticles@@YAXABUCVec3@@@Z 0040a260 f   cl_fx.obj
 0001:000093f4       ?CL_TeleportParticles@@YAXABUCVec3@@@Z 0040a3f4 f   cl_fx.obj
 0001:0000952a       ?CL_Heatbeam@@YAXABUCVec3@@0@Z 0040a52a f   cl_fx.obj
 0001:000097d0       ?CL_ParticleSteamEffect@@YAXABUCVec3@@0HHH@Z 0040a7d0 f   cl_fx.obj
 0001:00009909       ?CL_ParticleSmokeEffect@@YAXABUCVec3@@0@Z 0040a909 f   cl_fx.obj
 0001:00009a25       ?CL_TrackerTrail@@YAXAAUcentity_t@@@Z 0040aa25 f   cl_fx.obj
 0001:00009ba3       ?CL_TrackerShell@@YAXABUCVec3@@@Z 0040aba3 f   cl_fx.obj
 0001:00009c2f       ?CL_MonsterPlasmaShell@@YAXABUCVec3@@@Z 0040ac2f f   cl_fx.obj
 0001:00009cb8       ?CL_WidowSplash@@YAXABUCVec3@@@Z 0040acb8 f   cl_fx.obj
 0001:00009d99       ?CL_InitInput@@YAXXZ       0040ad99 f   cl_input.obj
 0001:0000a2f6       ?CL_SendCmd@@YAXXZ         0040b2f6 f   cl_input.obj
 0001:0000a8d9       ?CL_WriteDemoMessage@@YAXXZ 0040b8d9 f   cl_main.obj
 0001:0000a91b       ?Cmd_ForwardToServer@@YAXHPAPAD@Z 0040b91b f   cl_main.obj
 0001:0000a9de       ?CL_ForwardToServer_f@@YAXHPAPAD@Z 0040b9de f   cl_main.obj
 0001:0000aa26       ?CL_Pause@@YAX_N@Z         0040ba26 f   cl_main.obj
 0001:0000aa68       ?CL_Drop@@YAX_N@Z          0040ba68 f   cl_main.obj
 0001:0000aa8f       ?CL_SendConnectPacket@@YAXXZ 0040ba8f f   cl_main.obj
 0001:0000aaf5       ?CL_Connect_f@@YAX_NHPAPAD@Z 0040baf5 f   cl_main.obj
 0001:0000ab60       ?CL_Rcon_f@@YAXHPAPAD@Z    0040bb60 f   cl_main.obj
 0001:0000ac4c       ?CL_Disconnect@@YAXXZ      0040bc4c f   cl_main.obj
 0001:0000adf7       ?CL_Disconnect_f@@YAXXZ    0040bdf7 f   cl_main.obj
 0001:0000ae01       ?CL_Changing_f@@YAXXZ      0040be01 f   cl_main.obj
 0001:0000ae25       ?CL_Reconnect_f@@YAXXZ     0040be25 f   cl_main.obj
 0001:0000aec1       ?CL_PingServers_f@@YAXXZ   0040bec1 f   cl_main.obj
 0001:0000afc3       ?CL_Skins_f@@YAXXZ         0040bfc3 f   cl_main.obj
 0001:0000b2ac       ?CL_ConnectionlessPacket@@YAXXZ 0040c2ac f   cl_main.obj
 0001:0000b3a9       ?CL_ReadPackets@@YAXXZ     0040c3a9 f   cl_main.obj
 0001:0000b4ec       ?CL_Userinfo_f@@YAXXZ      0040c4ec f   cl_main.obj
 0001:0000b507       ?CL_RegisterSounds@@YAXXZ  0040c507 f   cl_main.obj
 0001:0000b546       ?CL_Snd_Restart_f@@YAXXZ   0040c546 f   cl_main.obj
 0001:0000b555       ?CL_WriteConfiguration@@YAXPBD@Z 0040c555 f   cl_main.obj
 0001:0000b63c       ?CL_WriteConfig_f@@YAX_NHPAPAD@Z 0040c63c f   cl_main.obj
 0001:0000b6a7       ?CL_FixCvarCheats@@YAXXZ   0040c6a7 f   cl_main.obj
 0001:0000b6f8       ?CL_Frame@@YAXMM@Z         0040c6f8 f   cl_main.obj
 0001:0000ba32       ?CL_ClearState@@YAXXZ      0040ca32 f   cl_main.obj
 0001:0000ba70       ?CL_Init@@YAXXZ            0040ca70 f   cl_main.obj
 0001:0000bf2e       ?CL_Shutdown@@YAXXZ        0040cf2e f   cl_main.obj
 0001:0000bf8a       ?sprintf@?$TString@$0EAA@@@QAAHPBDZZ 0040cf8a f i cl_main.obj
 0001:0000bfa6       ?CL_ParseClientinfo@@YAXH@Z 0040cfa6 f   cl_parse.obj
 0001:0000c05b       ?CL_UpdatePlayerClientInfo@@YAXXZ 0040d05b f   cl_parse.obj
 0001:0000c09c       ?CL_ParseServerMessage@@YAXXZ 0040d09c f   cl_parse.obj
 0001:0000c88e       ?FreePlayerModelsInfo@@YAXXZ 0040d88e f   cl_playermodel.obj
 0001:0000c8b4       ?ScanQuake3Models@@YAXPBD@Z 0040d8b4 f   cl_playermodel.obj
 0001:0000ca55       ?ScanPlayerModels@@YA_NXZ  0040da55 f   cl_playermodel.obj
 0001:0000cca9       ?RunAnimation@@YAXAAUclientInfo_t@@AAUanimState_t@@H@Z 0040dca9 f   cl_playermodel.obj
 0001:0000ce8a       ?CL_LoadClientinfo@@YAXAAUclientInfo_t@@PBD_N@Z 0040de8a f   cl_playermodel.obj
 0001:0000db15       ?ParsePlayerEntity@@YAHAAUcentity_t@@AAUclientInfo_t@@PAUclEntityState_t@@ABUentity_t@@PAU4@HH@Z 0040eb15 f   cl_playermodel.obj
 0001:0000e66a       ?CreateAndInsert@?$TList@VCStringItem@@@@QAEPAVCStringItem@@PBDPAVCMemoryChain@@@Z 0040f66a f i cl_playermodel.obj
 0001:0000e6a0       ?Insert@?$TList@VCStringItem@@@@QAE_NPAVCStringItem@@@Z 0040f6a0 f i cl_playermodel.obj
 0001:0000e6a0       ?Insert@?$TList@VshaderScript_t@OpenGLDrv@@@@QAE_NPAVshaderScript_t@OpenGLDrv@@@Z 0040f6a0 f i cl_playermodel.obj
 0001:0000e6a0       ?Insert@?$TList@VplayerModelInfo_t@@@@QAE_NPAVplayerModelInfo_t@@@Z 0040f6a0 f i cl_playermodel.obj
 0001:0000e6d6       ?CL_CheckPredictionError@@YAXXZ 0040f6d6 f   cl_pred.obj
 0001:0000e869       ?CL_EntityTrace@@YAXAAUtrace_t@@ABUCVec3@@1ABUCBox@@H@Z 0040f869 f   cl_pred.obj
 0001:0000ec05       ?CL_Trace@@YAXAAUtrace_t@@ABUCVec3@@1ABUCBox@@H@Z 0040fc05 f   cl_pred.obj
 0001:0000ec81       ?CL_PMpointcontents@@YAHABUCVec3@@@Z 0040fc81 f   cl_pred.obj
 0001:0000ee0d       ?CL_PredictMovement@@YAXXZ 0040fe0d f   cl_pred.obj
 0001:0000f1b2       ?DrawString@@YAXHHPBD@Z    004101b2 f   cl_scrn.obj
 0001:0000f1f7       ?SCR_DebugGraph@@YAXMH@Z   004101f7 f   cl_scrn.obj
 0001:0000f21f       ?SCR_CenterPrint@@YAXPBD@Z 0041021f f   cl_scrn.obj
 0001:0000f325       ?Key_Message@@YAXH@Z       00410325 f   cl_scrn.obj
 0001:0000f3c1       ?SCR_SetLevelshot@@YAXPBD@Z 004103c1 f   cl_scrn.obj
 0001:0000f4ba       ?SCR_BeginLoadingPlaque@@YAXXZ 004104ba f   cl_scrn.obj
 0001:0000f53f       ?SCR_EndLoadingPlaque@@YAX_N@Z 0041053f f   cl_scrn.obj
 0001:0000f5c4       ?SCR_ShowConsole@@YAX_N0@Z 004105c4 f   cl_scrn.obj
 0001:0000f689       ?SCR_ToggleConsole@@YAXXZ  00410689 f   cl_scrn.obj
 0001:0000f6b1       ?SCR_TouchPics@@YAXXZ      004106b1 f   cl_scrn.obj
 0001:0000f707       ?SCR_UpdateScreen@@YAXXZ   00410707 f   cl_scrn.obj
 0001:0001094b       ?SCR_Init@@YAXXZ           0041194b f   cl_scrn.obj
 0001:00010c7a       ?sprintf@?$TString@$0BA@@@QAAHPBDZZ 00411c7a f i cl_scrn.obj
 0001:00010c93       ?CL_RegisterTEntSounds@@YAXXZ 00411c93 f   cl_tent.obj
 0001:00010ed8       ?CL_RegisterTEntModels@@YAXXZ 00411ed8 f   cl_tent.obj
 0001:00011025       ?CL_ClearTEnts@@YAXXZ      00412025 f   cl_tent.obj
 0001:00011056       ?CL_SmokeAndFlash@@YAXABUCVec3@@@Z 00412056 f   cl_tent.obj
 0001:000111ec       ?CL_ParsePlayerBeam@@YAHPAVCRenderModel@@@Z 004121ec f   cl_tent.obj
 0001:000112f7       ?CL_ParseLightning@@YAHPAVCRenderModel@@@Z 004122f7 f   cl_tent.obj
 0001:000113b9       ?CL_ParseWidow@@YAXXZ      004123b9 f   cl_tent.obj
 0001:000114ef       ?CL_ParseNuke@@YAXXZ       004124ef f   cl_tent.obj
 0001:00011602       ?CL_ParseTEnt@@YAXXZ       00412602 f   cl_tent.obj
 0001:000123e9       ?CL_AddBeams@@YAXXZ        004133e9 f   cl_tent.obj
 0001:000125eb       ?CL_AddPlayerBeams@@YAXXZ  004135eb f   cl_tent.obj
 0001:00012bf2       ?CL_AddTEnts@@YAXXZ        00413bf2 f   cl_tent.obj
 0001:00012df2       ?V_AddEntity@@YAXPAUentity_t@@@Z 00413df2 f   cl_view.obj
 0001:00012e2d       ?V_AddEntity2@@YAXPAUentity_t@@@Z 00413e2d f   cl_view.obj
 0001:00012e5c       ?AddEntityWithEffects2@@YAXPAUentity_t@@I@Z 00413e5c f   cl_view.obj
 0001:00012efb       ?AddEntityWithEffects@@YAXPAUentity_t@@I@Z 00413efb f   cl_view.obj
 0001:00012f1a       ?V_AddLight@@YAXABUCVec3@@MMMM@Z 00413f1a f   cl_view.obj
 0001:00012f5f       ?V_TestEntities@@YAXXZ     00413f5f f   cl_view.obj
 0001:0001308c       ?V_TestLights@@YAXXZ       0041408c f   cl_view.obj
 0001:00013162       ?V_InitRenderer@@YAXXZ     00414162 f   cl_view.obj
 0001:00013552       ?CalcFov@@YAMMMM@Z         00414552 f   cl_view.obj
 0001:000135c0       ?V_RenderView@@YA_NXZ      004145c0 f   cl_view.obj
 0001:000141da       ?V_Init@@YAXXZ             004151da f   cl_view.obj
 0001:00014289       ?Con_ClearNotify@@YAXXZ    00415289 f   console.obj
 0001:00014298       ?Con_CheckResize@@YAXXZ    00415298 f   console.obj
 0001:000143bf       ?Write@COutputDeviceCon@@UAEXPBD@Z 004153bf f   console.obj
 0001:000146b9       ?Con_DrawNotify@@YAX_N@Z   004156b9 f   console.obj
 0001:000147d1       ?Con_DrawConsole@@YAXM@Z   004157d1 f   console.obj
 0001:00014a85       ?Con_ClearTyping@@YAXXZ    00415a85 f   console.obj
 0001:00014a9e       ?Key_Console@@YAXHH@Z      00415a9e f   console.obj
 0001:00014ee6       ?Con_Init@@YAXXZ           00415ee6 f   console.obj
 0001:00015054       ?Key_KeynumToString@@YAPBDH@Z 00416054 f   keys.obj
 0001:00015114       ?Draw@completeMenu_t@@UAEXXZ 00416114 f i keys.obj
 0001:00015145       ?KeyDown@completeMenu_t@@UAEPBDH@Z 00416145 f i keys.obj
 0001:0001516e       ?Init@completeMenu_t@@UAE_NXZ 0041616e f i keys.obj
 0001:00015295       ?CompleteMenuCallback@completeMenu_t@@SAXPAX@Z 00416295 f i keys.obj
 0001:00015323       ?CompleteCommand@@YAXXZ    00416323 f   keys.obj
 0001:00015a2e       ?Key_SetBinding@@YAXHPBD@Z 00416a2e f   keys.obj
 0001:00015a6c       ?Key_FindBinding@@YAHPBDPAHH@Z 00416a6c f   keys.obj
 0001:00015aba       ?Key_WriteBindings@@YAXPAVCOutputDevice@@@Z 00416aba f   keys.obj
 0001:00015b01       ?Key_Init@@YAXXZ           00416b01 f   keys.obj
 0001:00015de5       ?Key_Event@@YAXH_N@Z       00416de5 f   keys.obj
 0001:0001613e       ?Key_ClearStates@@YAXXZ    0041713e f   keys.obj
 0001:00016173       ?M_ForceMenuOn@@YAXXZ      00417173 f   menu.obj
 0001:00016192       ?Draw@menuMain_t@@UAEXXZ   00417192 f i menu.obj
 0001:000162ce       ?KeyDown@menuMain_t@@UAEPBDH@Z 004172ce f i menu.obj
 0001:0001638a       ?Init@menuMain_t@@UAE_NXZ  0041738a f i menu.obj
 0001:00016392       ?M_Menu_Main_f@@YAXXZ      00417392 f   menu.obj
 0001:000163ac       ?Init@multiplayerMenu_t@@UAE_NXZ 004173ac f i menu.obj
 0001:000164d0       ?Init@keysMenu_t@@UAE_NXZ  004174d0 f i menu.obj
 0001:000166b9       ?KeyCursorDrawFunc@keysMenu_t@@SAXPAUmenuFramework_t@@@Z 004176b9 f i menu.obj
 0001:000166f9       ?DrawKeyBindingFunc@keysMenu_t@@SAXPAX@Z 004176f9 f i menu.obj
 0001:000167c0       ?KeyDown@keysMenu_t@@UAEPBDH@Z 004177c0 f i menu.obj
 0001:0001686d       ?UnbindCommand@keysMenu_t@@QAEXPAD@Z 0041786d f i menu.obj
 0001:000168b2       ?KeyBindingFunc@keysMenu_t@@QAEXPAX@Z 004178b2 f i menu.obj
 0001:00016911       ?Init@optionsMenu_t@@UAE_NXZ 00417911 f i menu.obj
 0001:00016cbb       ?CrosshairFunc@optionsMenu_t@@SAXPAX@Z 00417cbb f i menu.obj
 0001:00016ce3       ?JoystickFunc@optionsMenu_t@@SAXPAX@Z 00417ce3 f i menu.obj
 0001:00016cf8       ?AlwaysRunFunc@optionsMenu_t@@SAXPAX@Z 00417cf8 f i menu.obj
 0001:00016d0d       ?MouseSpeedFunc@optionsMenu_t@@SAXPAX@Z 00417d0d f i menu.obj
 0001:00016d2a       ?InvertMouseFunc@optionsMenu_t@@SAXPAX@Z 00417d2a f i menu.obj
 0001:00016d63       ?UpdateVolumeFunc@optionsMenu_t@@SAXPAX@Z 00417d63 f i menu.obj
 0001:00016d80       ?UpdateCDVolumeFunc@optionsMenu_t@@SAXPAX@Z 00417d80 f i menu.obj
 0001:00016d9a       ?SetMenuItemValues@optionsMenu_t@@SAXXZ 00417d9a f i menu.obj
 0001:00016ee2       ?ResetDefaultsFunc@optionsMenu_t@@SAXPAX@Z 00417ee2 f i menu.obj
 0001:00016ef7       ?UpdateSoundFunc@optionsMenu_t@@SAXPAX@Z 00417ef7 f i menu.obj
 0001:000170fa       ?ScanCrosshairs@optionsMenu_t@@SAXXZ 004180fa f i menu.obj
 0001:00017157       ?Draw@optionsMenu_t@@UAEXXZ 00418157 f i menu.obj
 0001:000171bc       ?Draw@creditsMenu_t@@UAEXXZ 004181bc f i menu.obj
 0001:00017263       ?KeyDown@creditsMenu_t@@UAEPBDH@Z 00418263 f i menu.obj
 0001:0001729e       ?Init@creditsMenu_t@@UAE_NXZ 0041829e f i menu.obj
 0001:0001731f       ?Init@gameMenu_t@@UAE_NXZ  0041831f f i menu.obj
 0001:000174aa       ?EasyGameFunc@gameMenu_t@@SAXPAX@Z 004184aa f i menu.obj
 0001:000174b6       ?StartGame@gameMenu_t@@SAXPBD@Z 004184b6 f i menu.obj
 0001:0001750e       ?MediumGameFunc@gameMenu_t@@SAXPAX@Z 0041850e f i menu.obj
 0001:0001751a       ?HardGameFunc@gameMenu_t@@SAXPAX@Z 0041851a f i menu.obj
 0001:00017536       ?Init@savegameMenu_t@@UAE_NXZ 00418536 f i menu.obj
 0001:00017646       ?Create_Savestrings@savegameMenu_t@@QAEXXZ 00418646 f i menu.obj
 0001:000176fb       ?LoadGameCallback@savegameMenu_t@@SAXPAX@Z 004186fb f i menu.obj
 0001:00017724       ?SaveGameCallback@savegameMenu_t@@SAXPAX@Z 00418724 f i menu.obj
 0001:00017743       ?Draw@savegameMenu_t@@UAEXXZ 00418743 f i menu.obj
 0001:0001775e       ?DrawSavegameShot@savegameMenu_t@@QAEXHH@Z 0041875e f i menu.obj
 0001:00017839       ?Init@joinserverMenu_t@@UAE_NXZ 00418839 f i menu.obj
 0001:00017962       ?JoinServerFunc@joinserverMenu_t@@SAXPAX@Z 00418962 f i menu.obj
 0001:000179c4       ?SearchLocalGames@joinserverMenu_t@@SAXXZ 004189c4 f i menu.obj
 0001:00017a2f       ?M_AddToServerList@@YAXUnetadr_t@@PAD@Z 00418a2f f   menu.obj
 0001:00017ab0       ?Init@startserverMenu_t@@UAE_NXZ 00418ab0 f i menu.obj
 0001:00017f3e       ?DMOptionsFunc@startserverMenu_t@@SAXPAX@Z 00418f3e f i menu.obj
 0001:00017f4e       ?RulesChangeFunc@startserverMenu_t@@SAXPAX@Z 00418f4e f i menu.obj
 0001:00017fc6       ?StartServerActionFunc@startserverMenu_t@@SAXPAX@Z 00418fc6 f i menu.obj
 0001:00017ff1       ?StartServerFunc@startserverMenu_t@@SAXPAD@Z 00418ff1 f i menu.obj
 0001:00018227       ?KeyDown@startserverMenu_t@@UAEPBDH@Z 00419227 f i menu.obj
 0001:00018284       ?Init@dmoptionsMenu_t@@UAE_NXZ 00419284 f i menu.obj
 0001:00018861       ?DMFlagCallback@dmoptionsMenu_t@@SAXPAX@Z 00419861 f i menu.obj
 0001:00018a37       ?Init@downloadOptionsMenu_t@@UAE_NXZ 00419a37 f i menu.obj
 0001:00018c02       ?DownloadCallback@downloadOptionsMenu_t@@SAXPAX@Z 00419c02 f i menu.obj
 0001:00018c6d       ?Init@addressBookMenu_t@@UAE_NXZ 00419c6d f i menu.obj
 0001:00018d15       ?KeyDown@addressBookMenu_t@@UAEPBDH@Z 00419d15 f i menu.obj
 0001:00018d72       ?Init@playerConfigMenu_t@@UAE_NXZ 00419d72 f i menu.obj
 0001:000192b9       ?HandednessCallback@playerConfigMenu_t@@SAXPAX@Z 0041a2b9 f i menu.obj
 0001:000192ce       ?RTypeCallback@playerConfigMenu_t@@SAXPAX@Z 0041a2ce f i menu.obj
 0001:000192e3       ?RColorCallback@playerConfigMenu_t@@SAXPAX@Z 0041a2e3 f i menu.obj
 0001:000192f8       ?RateCallback@playerConfigMenu_t@@SAXPAX@Z 0041a2f8 f i menu.obj
 0001:0001931b       ?ModelCallback@playerConfigMenu_t@@SAXPAX@Z 0041a31b f i menu.obj
 0001:0001934f       ?SkinCallback@playerConfigMenu_t@@SAXPAX@Z 0041a34f f i menu.obj
 0001:00019357       ?Draw@playerConfigMenu_t@@UAEXXZ 0041a357 f i menu.obj
 0001:00019639       ?KeyDown@playerConfigMenu_t@@UAEPBDH@Z 0041a639 f i menu.obj
 0001:00019718       ?Init@dmbrowseMenu_t@@UAE_NXZ 0041a718 f i menu.obj
 0001:0001991e       ?KeyDown@dmbrowseMenu_t@@UAEPBDH@Z 0041a91e f i menu.obj
 0001:00019ae2       ?Draw@dmbrowseMenu_t@@UAEXXZ 0041aae2 f i menu.obj
 0001:00019c27       ?DrawThumbnail@dmbrowseMenu_t@@SAXHHHHPAD_N@Z 0041ac27 f i menu.obj
 0001:00019d01       ?Init@videoMenu_t@@UAE_NXZ 0041ad01 f i menu.obj
 0001:0001a2ba       ?ScreenSizeCallback@videoMenu_t@@SAXPAX@Z 0041b2ba f i menu.obj
 0001:0001a2d8       ?BrightnessCallback@videoMenu_t@@SAXPAX@Z 0041b2d8 f i menu.obj
 0001:0001a2f6       ?ContrastCallback@videoMenu_t@@SAXPAX@Z 0041b2f6 f i menu.obj
 0001:0001a32f       ?CancelChanges@videoMenu_t@@SAXPAX@Z 0041b32f f i menu.obj
 0001:0001a350       ?KeyDown@videoMenu_t@@UAEPBDH@Z 0041b350 f i menu.obj
 0001:0001a397       ?ApplyChanges@videoMenu_t@@SAXPAX@Z 0041b397 f i menu.obj
 0001:0001a54e       ?KeyDown@quitMenu_t@@UAEPBDH@Z 0041b54e f i menu.obj
 0001:0001a588       ?Draw@quitMenu_t@@UAEXXZ   0041b588 f i menu.obj
 0001:0001a5f8       ?M_Init@@YAXXZ             0041b5f8 f   menu.obj
 0001:0001a7da       ?ItemAtCursor@menuFramework_t@@QAEPAUmenuCommon_t@@XZ 0041b7da f   qmenu.obj
 0001:0001a82e       ?AddItem@menuFramework_t@@QAEXPAUmenuCommon_t@@@Z 0041b82e f   qmenu.obj
 0001:0001a8ea       ?AdjustCursor@menuFramework_t@@QAEXH@Z 0041b8ea f   qmenu.obj
 0001:0001aa59       ?Center@menuFramework_t@@QAEXXZ 0041ba59 f   qmenu.obj
 0001:0001aa9a       ?Draw@menuFramework_t@@UAEXXZ 0041ba9a f   qmenu.obj
 0001:0001b05f       ?SelectItem@menuFramework_t@@QAE_NXZ 0041c05f f   qmenu.obj
 0001:0001b0bd       ?SetStatusBar@menuFramework_t@@QAEXPBD@Z 0041c0bd f   qmenu.obj
 0001:0001b0c7       ?SlideItem@menuFramework_t@@QAEXH@Z 0041c0c7 f   qmenu.obj
 0001:0001b644       ?Push@menuFramework_t@@QAEXXZ 0041c644 f   qmenu.obj
 0001:0001b6c3       ?M_ForceMenuOff@@YAXXZ     0041c6c3 f   qmenu.obj
 0001:0001b6f0       ?Pop@menuFramework_t@@QAEXXZ 0041c6f0 f   qmenu.obj
 0001:0001b72a       ?KeyDown@menuFramework_t@@UAEPBDH@Z 0041c72a f   qmenu.obj
 0001:0001b99e       ?Init@menuFramework_t@@UAE_NXZ 0041c99e f   qmenu.obj
 0001:0001b9a1       ?M_Draw@@YAXXZ             0041c9a1 f   qmenu.obj
 0001:0001b9dc       ?M_Keydown@@YAXH@Z         0041c9dc f   qmenu.obj
 0001:0001b9fb       ?InitRendererVars@@YAXXZ   0041c9fb f   ref_vars.obj
 0001:0001ba1a       ?S_SoundInfo_f@@YAXXZ      0041ca1a f   snd_dma.obj
 0001:0001ba94       ?S_Init@@YAXXZ             0041ca94 f   snd_dma.obj
 0001:0001bb66       ?S_Shutdown@@YAXXZ         0041cb66 f   snd_dma.obj
 0001:0001bbf9       ?S_BeginRegistration@@YAXXZ 0041cbf9 f   snd_dma.obj
 0001:0001bc07       ?S_RegisterSound@@YAPAUsfx_t@@PBD@Z 0041cc07 f   snd_dma.obj
 0001:0001bdad       ?S_EndRegistration@@YAXXZ  0041cdad f   snd_dma.obj
 0001:0001be30       ?S_PickChannel@@YAPAUchannel_t@@HH@Z 0041ce30 f   snd_dma.obj
 0001:0001bebd       ?S_Spatialize@@YAXPAUchannel_t@@@Z 0041cebd f   snd_dma.obj
 0001:0001c09d       ?S_AllocPlaysound@@YAPAUplaysound_t@@XZ 0041d09d f   snd_dma.obj
 0001:0001c0bf       ?S_FreePlaysound@@YAXPAUplaysound_t@@@Z 0041d0bf f   snd_dma.obj
 0001:0001c0ef       ?S_IssuePlaysound@@YAXPAUplaysound_t@@@Z 0041d0ef f   snd_dma.obj
 0001:0001c1bc       ?S_StartSound@@YAXPBUCVec3@@HHPAUsfx_t@@MMM@Z 0041d1bc f   snd_dma.obj
 0001:0001c57b       ?S_StartLocalSound@@YAXPBD@Z 0041d57b f   snd_dma.obj
 0001:0001c5ca       ?S_ClearBuffer@@YAXXZ      0041d5ca f   snd_dma.obj
 0001:0001c633       ?S_StopAllSounds_f@@YAXXZ  0041d633 f   snd_dma.obj
 0001:0001c6a3       ?S_AddLoopSounds@@YAXXZ    0041d6a3 f   snd_dma.obj
 0001:0001c879       ?S_RawSamples@@YAXHHHHPAE@Z 0041d879 f   snd_dma.obj
 0001:0001ca7d       ?S_Update@@YAXABUCVec3@@0@Z 0041da7d f   snd_dma.obj
 0001:0001cb53       ?GetSoundtime@@YAXXZ       0041db53 f   snd_dma.obj
 0001:0001cbba       ?S_Update_@@YAXXZ          0041dbba f   snd_dma.obj
 0001:0001ce6d       ?ResampleSfx@@YAXPAUsfx_t@@HHPAE@Z 0041de6d f   snd_mem.obj
 0001:0001cf88       ?S_LoadSound@@YAPAUsfxcache_t@@PAUsfx_t@@@Z 0041df88 f   snd_mem.obj
 0001:0001d2f1       ?S_WriteLinearBlastStereo16@@YAXXZ 0041e2f1 f   snd_mix.obj
 0001:0001d35b       ?S_TransferStereo16@@YAXPAKH@Z 0041e35b f   snd_mix.obj
 0001:0001d3c4       ?S_TransferPaintBuffer@@YAXH@Z 0041e3c4 f   snd_mix.obj
 0001:0001d528       ?S_PaintChannels@@YAXH@Z   0041e528 f   snd_mix.obj
 0001:0001d7a4       ?S_InitScaletable@@YAXXZ   0041e7a4 f   snd_mix.obj
 0001:0001d8e9       ?SV_ComputeAnimation@@YAXPAUplayer_state_t@@AAUentityStateEx_t@@PAU2@PAUedict_s@@@Z 0041e8e9 f   sv_anim.obj
 0001:0001dce6       ?SV_ReadLevelFile@@YAXXZ   0041ece6 f   sv_ccmds.obj
 0001:0001dd94       ?SV_AddressBanned@@YA_NPAUnetadr_t@@@Z 0041ed94 f   sv_ccmds.obj
 0001:0001ddd5       ?SV_InitCommands@@YAXXZ    0041edd5 f   sv_ccmds.obj
 0001:0001f1ee       ?sprintf@?$TString@$0CI@@@QAAHPBDZZ 004201ee f i sv_ccmds.obj
 0001:0001f207       ?SV_WriteFrameToClient@@YAXPAUclient_t@@PAVsizebuf_t@@@Z 00420207 f   sv_ents.obj
 0001:0001f94d       ?SV_RecordDemoMessage@@YAXXZ 0042094d f   sv_ents.obj
 0001:0001fb1b       ?SV_MulticastOld@@YAXABUCVec3@@W4multicast_t@@@Z 00420b1b f i sv_game.obj
 0001:0001fb2e       ?SV_StartSoundOld@@YAXPBUCVec3@@PAUedict_s@@HHMMM@Z 00420b2e f i sv_game.obj
 0001:000205bc       ?SV_InitGameLibrary@@YAX_N@Z 004215bc f   sv_game.obj
 0001:000208ae       ?SV_ShutdownGameLibrary@@YAXXZ 004218ae f   sv_game.obj
 0001:00020a0b       ?SV_FindIndex@@YAHPBDHH_N@Z 00421a0b f   sv_init.obj
 0001:00020b1a       ?SV_ModelIndex@@YAHPBD@Z   00421b1a f   sv_init.obj
 0001:00020b30       ?SV_SoundIndex@@YAHPBD@Z   00421b30 f   sv_init.obj
 0001:00020b49       ?SV_ImageIndex@@YAHPBD@Z   00421b49 f   sv_init.obj
 0001:00020b62       ?SV_CreateBaseline@@YAXXZ  00421b62 f   sv_init.obj
 0001:00020bdf       ?SV_SpawnServer@@YAXPAD0W4server_state_t@@_N2@Z 00421bdf f   sv_init.obj
 0001:00020f2f       ?SV_InitGame@@YAXXZ        00421f2f f   sv_init.obj
 0001:00021157       ?SV_Map@@YAX_NPBD0@Z       00422157 f   sv_init.obj
 0001:00021319       ?SV_DropClient@@YAXPAUclient_t@@PAD@Z 00422319 f   sv_main.obj
 0001:00021cf6       ??0COutputDeviceMem@@QAE@H@Z 00422cf6 f i sv_main.obj
 0001:00021d24       ?Write@COutputDeviceMem@@UAEXPBD@Z 00422d24 f i sv_main.obj
 0001:00021da9       ??_GCOutputDeviceMem@@UAEPAXI@Z 00422da9 f i sv_main.obj
 0001:00021da9       ??_ECOutputDeviceMem@@UAEPAXI@Z 00422da9 f i sv_main.obj
 0001:00021dc5       ??1COutputDeviceMem@@UAE@XZ 00422dc5 f i sv_main.obj
 0001:00021de4       ?SV_ConnectionlessPacket@@YAXXZ 00422de4 f   sv_main.obj
 0001:00021eaf       ?SV_CalcPings@@YAXXZ       00422eaf f   sv_main.obj
 0001:00021f36       ?SV_GiveMsec@@YAXXZ        00422f36 f   sv_main.obj
 0001:00021f75       ?SV_ReadPackets@@YAXXZ     00422f75 f   sv_main.obj
 0001:000220bd       ?SV_CheckTimeouts@@YAXXZ   004230bd f   sv_main.obj
 0001:000221ce       ?SV_PostprocessFrame@@YAXXZ 004231ce f   sv_main.obj
 0001:000226a1       ?SV_MulticastHook@@YAPAVsizebuf_t@@PAV1@0@Z 004236a1 f   sv_main.obj
 0001:00022a91       ?SV_TraceHook@@YAXAAUtrace_t@@ABUCVec3@@PBU2@21PAUedict_s@@H@Z 00423a91 f   sv_main.obj
 0001:00022c10       ?SV_Frame@@YAXM@Z          00423c10 f   sv_main.obj
 0001:00022ec3       ?SV_UserinfoChanged@@YAXPAUclient_t@@@Z 00423ec3 f   sv_main.obj
 0001:00022f84       ?SV_InitVars@@YAXXZ        00423f84 f   sv_main.obj
 0001:00022f93       ?SV_Init@@YAXXZ            00423f93 f   sv_main.obj
 0001:00022fec       ?SV_Shutdown@@YAXPBD_N@Z   00423fec f   sv_main.obj
 0001:000231f9       ?SV_ClientPrintf@@YAXPAUclient_t@@HPBDZZ 004241f9 f   sv_send.obj
 0001:00023254       ?SV_BroadcastPrintf@@YAXHPBDZZ 00424254 f   sv_send.obj
 0001:0002332a       ?SV_BroadcastCommand@@YAXPBDZZ 0042432a f   sv_send.obj
 0001:00023384       ?SV_Multicast@@YAXABUCVec3@@W4multicast_t@@_N@Z 00424384 f   sv_send.obj
 0001:000235aa       ?SV_StartSound@@YAXPBUCVec3@@PAUedict_s@@HHMMM_N@Z 004245aa f   sv_send.obj
 0001:0002387a       ?SV_SendClientDatagram@@YA_NPAUclient_t@@@Z 0042487a f   sv_send.obj
 0001:0002393c       ?SV_DemoCompleted@@YAXXZ   0042493c f   sv_send.obj
 0001:00023958       ?SV_SendClientMessages@@YAXXZ 00424958 f   sv_send.obj
 0001:00023b08       ?SV_DrawText3D@@YAXABUCVec3@@PBDI@Z 00424b08 f   sv_text.obj
 0001:00023b3f       ?SV_ClearTexts@@YAXXZ      00424b3f f   sv_text.obj
 0001:00023b47       ?SV_DrawTexts@@YAXXZ       00424b47 f   sv_text.obj
 0001:00023b98       ??0?$TTextContainer@UCSVText@@$0BAAAA@@@QAE@XZ 00424b98 f i sv_text.obj
 0001:00023bbd       ?SV_TokenizeString@@YAXPBD@Z 00424bbd f   sv_tokenize.obj
 0001:00023c94       ?SV_Argc@@YAHXZ            00424c94 f   sv_tokenize.obj
 0001:00023c9a       ?SV_Argv@@YAPADH@Z         00424c9a f   sv_tokenize.obj
 0001:00023cb4       ?SV_Args@@YAPADXZ          00424cb4 f   sv_tokenize.obj
 0001:00024568       ?SV_Nextserver@@YAXXZ      00425568 f   sv_user.obj
 0001:000245f7       ?SV_ClientThink@@YAXPAUclient_t@@PAUusercmd_t@@@Z 004255f7 f   sv_user.obj
 0001:00024688       ?SV_ExecuteClientMessage@@YAXPAUclient_t@@@Z 00425688 f   sv_user.obj
 0001:000249d8       ?SV_ClearWorld@@YAXXZ      004259d8 f   sv_world.obj
 0001:00024b13       ?SV_UnlinkEdict@@YAXPAUedict_s@@@Z 00425b13 f   sv_world.obj
 0001:00024bd6       ?SV_LinkEdict@@YAXPAUedict_s@@@Z 00425bd6 f   sv_world.obj
 0001:000251c1       ?SV_AreaEdicts@@YAHABUCVec3@@0PAPAUedict_s@@HH@Z 004261c1 f   sv_world.obj
 0001:0002535c       ?SV_PointContents@@YAHABUCVec3@@@Z 0042635c f   sv_world.obj
 0001:00025483       ?SV_Trace@@YAXAAUtrace_t@@ABUCVec3@@1ABUCBox@@PAUedict_s@@H@Z 00426483 f   sv_world.obj
 0001:00025902       ?InitByteDirs@@YAXXZ       00426902 f   anorms.obj
 0001:00025941       ?Cbuf_AddText@@YAXPBD@Z    00426941 f   cmd.obj
 0001:000259a3       ?Cbuf_CopyToDefer@@YAXXZ   004269a3 f   cmd.obj
 0001:000259eb       ?Cbuf_InsertFromDefer@@YAXXZ 004269eb f   cmd.obj
 0001:00025aa4       ?Cbuf_Execute@@YAXXZ       00426aa4 f   cmd.obj
 0001:00025baa       ?Cmd_Unalias_f@@YAX_NHPAPAD@Z 00426baa f   cmd.obj
 0001:00025c20       ?Cmd_WriteAliases@@YAXPAVCOutputDevice@@@Z 00426c20 f   cmd.obj
 0001:00025c50       ?RegisterCommand@@YA_NPBDP6AXXZI@Z 00426c50 f   cmd.obj
 0001:00025d31       ?UnregisterCommand@@YA_NPBD@Z 00426d31 f   cmd.obj
 0001:00025dc2       ?ExecuteCommand@@YA_NPBD@Z 00426dc2 f   cmd.obj
 0001:00026205       ?ExecuteCommand@@YA_NPBDPBUCSimpleCommand@@H@Z 00427205 f   cmd.obj
 0001:00026642       ?CM_LoadMap@@YAPAUcmodel_t@@PBD_NPAI@Z 00427642 f   cmodel.obj
 0001:00026dac       ?SetSignbits@cplane_t@@QAEXXZ 00427dac f i cmodel.obj
 0001:00026de0       ?SetType@cplane_t@@QAEXXZ  00427de0 f i cmodel.obj
 0001:00026e55       ?CMod_LoadLeafBrushes@@YAXPAGH@Z 00427e55 f i cmodel.obj
 0001:00026f63       ?CM_InlineModel@@YAPAUcmodel_t@@PBD@Z 00427f63 f   cmodel.obj
 0001:00026fa4       ?CM_NumClusters@@YAHXZ     00427fa4 f   cmodel.obj
 0001:00026faa       ?CM_NumInlineModels@@YAHXZ 00427faa f   cmodel.obj
 0001:00026fb0       ?CM_EntityString@@YAPBDXZ  00427fb0 f   cmodel.obj
 0001:00026fb6       ?CM_LeafContents@@YAHH@Z   00427fb6 f   cmodel.obj
 0001:00026fdd       ?CM_LeafCluster@@YAHH@Z    00427fdd f   cmodel.obj
 0001:00027053       ?CM_LeafArea@@YAHH@Z       00428053 f   cmodel.obj
 0001:00027216       ?CM_HeadnodeForBox@@YAHABUCBox@@@Z 00428216 f   cmodel.obj
 0001:000272cb       ?CM_PointLeafnum@@YAHABUCVec3@@H@Z 004282cb f   cmodel.obj
 0001:0002736e       ?DistanceTo@cplane_t@@QAEMABUCVec3@@@Z 0042836e f i cmodel.obj
 0001:000273b2       ?CM_PointContents@@YAHABUCVec3@@H@Z 004283b2 f   cmodel.obj
 0001:00027427       ?CM_TransformedPointContents@@YAHABUCVec3@@H00@Z 00428427 f   cmodel.obj
 0001:00027508       ?CM_TransformedPointContents@@YAHABUCVec3@@H0ABUCAxis@@@Z 00428508 f   cmodel.obj
 0001:000275b3       ?CM_BoxLeafnums@@YAHABUCBox@@PAHH1H@Z 004285b3 f   cmodel.obj
 0001:000276c6       ?BOX_ON_PLANE_SIDE@@YAHABUCBox@@ABUcplane_t@@@Z 004286c6 f i cmodel.obj
 0001:00027730       ?CM_BoxTrace@@YAXAAUtrace_t@@ABUCVec3@@1ABUCBox@@HH@Z 00428730 f   cmodel.obj
 0001:000280c8       ?CM_TransformedBoxTrace@@YAXAAUtrace_t@@ABUCVec3@@1ABUCBox@@HH11@Z 004290c8 f   cmodel.obj
 0001:00028245       ?CM_TransformedBoxTrace@@YAXAAUtrace_t@@ABUCVec3@@1ABUCBox@@HH1ABUCAxis@@@Z 00429245 f   cmodel.obj
 0001:00028302       ?CM_BrushTrace@@YAHABUCVec3@@0PAHH@Z 00429302 f   cmodel.obj
 0001:000286f2       ?CM_RefineBrushTrace@@YAHABUCVec3@@0PAHH@Z 004296f2 f   cmodel.obj
 0001:00028798       ?CM_ClusterPVS@@YAPAEH@Z   00429798 f   cmodel.obj
 0001:000288dc       ?CM_ClusterPHS@@YAPAEH@Z   004298dc f   cmodel.obj
 0001:00028a3f       ?CM_SetAreaPortalState@@YAXH_N@Z 00429a3f f   cmodel.obj
 0001:00028a64       ?CM_AreasConnected@@YA_NHH@Z 00429a64 f   cmodel.obj
 0001:00028aa8       ?CM_WriteAreaBits@@YAHPAEH@Z 00429aa8 f   cmodel.obj
 0001:00028b4a       ?CM_WritePortalState@@YAXPAU_iobuf@@@Z 00429b4a f   cmodel.obj
 0001:00028b64       ?CM_ReadPortalState@@YAXPAU_iobuf@@@Z 00429b64 f   cmodel.obj
 0001:00028b82       ?CM_HeadnodeVisible@@YA_NHPBE@Z 00429b82 f   cmodel.obj
 0001:00028c5d       ?Com_DPrintf@@YAXPBDZZ     00429c5d f   common.obj
 0001:00028cd6       ?DebugPrintf@@YAXPBDZZ     00429cd6 f   common.obj
 0001:00028d85       ?IPWildcard@@YA_NPAUnetadr_t@@PBD@Z 00429d85 f   common.obj
 0001:00028e5c       ?Com_ServerState@@YA?AW4server_state_t@@XZ 00429e5c f   common.obj
 0001:00028e62       ?Com_SetServerState@@YAXW4server_state_t@@@Z 00429e62 f   common.obj
 0001:00028e6c       ?crand@@YAMXZ              00429e6c f   common.obj
 0001:00028e8a       ?Info_ValueForKey@@YAPBDPBD0@Z 00429e8a f   common.obj
 0001:00028f09       ?Info_SetValueForKey@@YAXPADPBD1@Z 00429f09 f   common.obj
 0001:0002906c       ?Info_Print@@YAXPBD@Z      0042a06c f   common.obj
 0001:000290f2       ?Com_CheckCmdlineVar@@YA_NPBD@Z 0042a0f2 f   common.obj
 0001:00029148       ?Com_Init@@YAXPBD@Z        0042a148 f   common.obj
 0001:000294ef       ?Com_Frame@@YAXM@Z         0042a4ef f   common.obj
 0001:000298e9       ?Com_BlockSequenceCRCByte@@YAEPAEHH@Z 0042a8e9 f   crc.obj
 0001:0002999f       ?Cvar_VariableValue@@YAMPBD@Z 0042a99f f   cvar.obj
 0001:00029a0d       ?Cvar_VariableInt@@YAHPBD@Z 0042aa0d f   cvar.obj
 0001:00029a20       ?Cvar_VariableString@@YAPBDPBD@Z 0042aa20 f   cvar.obj
 0001:00029a38       ?Cvar_Get@@YAPAUcvar_t@@PBD0H@Z 0042aa38 f   cvar.obj
 0001:00029cff       ?Cvar_GetVars@@YAXPBUcvarInfo_t@@H@Z 0042acff f   cvar.obj
 0001:00029da9       ?Cvar_FullSet@@YAXPAUcvar_t@@PBDI@Z 0042ada9 f   cvar.obj
 0001:00029dc8       ?Cvar_FullSet@@YAPAUcvar_t@@PBD0I@Z 0042adc8 f   cvar.obj
 0001:00029e08       ?Cvar_SetValue@@YAPAUcvar_t@@PBDM@Z 0042ae08 f   cvar.obj
 0001:00029f9f       ?Cvar_SetInteger@@YAPAUcvar_t@@PBDH@Z 0042af9f f   cvar.obj
 0001:00029fc1       ?Cvar_Set@@YAPAUcvar_t@@PBD0@Z 0042afc1 f   cvar.obj
 0001:00029fd6       ?Cvar_ForceSet@@YAPAUcvar_t@@PBD0@Z 0042afd6 f   cvar.obj
 0001:00029feb       ?Cvar_Clamp@@YAMPAUcvar_t@@MM@Z 0042afeb f   cvar.obj
 0001:0002a049       ?Cvar_Command@@YA_NHPAPAD@Z 0042b049 f   cvar.obj
 0001:0002a0e2       ?IsDefault@cvar_t@@QAE_NXZ 0042b0e2 f i cvar.obj
 0001:0002a0ff       ?Cvar_WriteVariables@@YAXPAVCOutputDevice@@HHPBD@Z 0042b0ff f   cvar.obj
 0001:0002a185       ?Cvar_BitInfo@@YAPBDI@Z    0042b185 f   cvar.obj
 0001:0002a1d7       ?Cvar_Cheats@@YAX_N@Z      0042b1d7 f   cvar.obj
 0001:0002aa4a       ?MSG_WriteDeltaEntity@@YAXPAVsizebuf_t@@PBUentityStateEx_t@@PAU2@_N33@Z 0042ba4a f   entdelta.obj
 0001:0002b006       ?MSG_WriteRemoveEntity@@YAXPAVsizebuf_t@@H@Z 0042c006 f   entdelta.obj
 0001:0002b046       ?MSG_ReadEntityBits@@YAHPAVsizebuf_t@@PAIPA_N@Z 0042c046 f   entdelta.obj
 0001:0002b0b7       ?MSG_ReadDeltaEntity@@YAXPAVsizebuf_t@@PBUentityStateEx_t@@PAU2@I@Z 0042c0b7 f   entdelta.obj
 0001:0002b13a       ?MSG_WriteDeltaUsercmd@@YAXPAVsizebuf_t@@PBUusercmd_t@@PAU2@@Z 0042c13a f   entdelta.obj
 0001:0002b1c9       ?MSG_ReadDeltaUsercmd@@YAXPAVsizebuf_t@@PBUusercmd_t@@PAU2@@Z 0042c1c9 f   entdelta.obj
 0001:0002b4cc       ?MSG_WriteDeltaPlayerstate@@YAXPAVsizebuf_t@@PBUplayer_state_t@@PAU2@@Z 0042c4cc f   entdelta.obj
 0001:0002b5d5       ?MSG_ReadDeltaPlayerstate@@YAXPAVsizebuf_t@@PBUplayer_state_t@@PAU2@@Z 0042c5d5 f   entdelta.obj
 0001:0002b68f       ?LoadPCX@@YAXPBDAAPAE1AAH2@Z 0042c68f f   images.obj
 0001:0002b7ca       ?LoadTGA@@YAXPBDAAPAEAAH2@Z 0042c7ca f   images.obj
 0001:0002b9a4       ?LoadJPG@@YAXPBDAAPAEAAH2@Z 0042c9a4 f   images.obj
 0001:0002bc3e       ?ImageExists@@YAHPBDH@Z    0042cc3e f   images.obj
 0001:0002bd62       ?WriteTGA@@YA_NPBDPAEHH@Z  0042cd62 f   images.obj
 0001:0002bf56       ?WriteJPG@@YA_NPBDPAEHH_N@Z 0042cf56 f   images.obj
 0001:0002c087       ?MD4Init@@YAXPAUMD4_CTX@@@Z 0042d087 f   md4.obj
 0001:0002c0af       ?MD4Update@@YAXPAUMD4_CTX@@PAEI@Z 0042d0af f   md4.obj
 0001:0002c14d       ?MD4Final@@YAXQAEPAUMD4_CTX@@@Z 0042d14d f   md4.obj
 0001:0002c83e       ?Com_BlockChecksum@@YAIPAXH@Z 0042d83e f   md4.obj
 0001:0002c87a       ?LoadQ2BspFile@@YAXXZ      0042d87a f   model.obj
 0001:0002cc30       ?LoadBspFile@@YAPAUbspfile_t@@PBD_NPAI@Z 0042dc30 f   model.obj
 0001:0002cde9       ?ProcessEntstring@@YAPADPAD@Z 0042dde9 f   model.obj
 0001:0002dc92       ?Init@sizebuf_t@@QAEXPAXH@Z 0042ec92 f   msg.obj
 0001:0002dcad       ?Write@sizebuf_t@@QAEXPBXH@Z 0042ecad f   msg.obj
 0001:0002dd1d       ?MSG_WriteByte@@YAXPAVsizebuf_t@@H@Z 0042ed1d f   msg.obj
 0001:0002dd1d       ?MSG_WriteChar@@YAXPAVsizebuf_t@@H@Z 0042ed1d f   msg.obj
 0001:0002dd2e       ?MSG_WriteShort@@YAXPAVsizebuf_t@@H@Z 0042ed2e f   msg.obj
 0001:0002dd3f       ?MSG_WriteFloat@@YAXPAVsizebuf_t@@M@Z 0042ed3f f   msg.obj
 0001:0002dd3f       ?MSG_WriteLong@@YAXPAVsizebuf_t@@H@Z 0042ed3f f   msg.obj
 0001:0002dd50       ?MSG_WriteString@@YAXPAVsizebuf_t@@PBD@Z 0042ed50 f   msg.obj
 0001:0002dd7a       ?MSG_WritePos@@YAXPAVsizebuf_t@@ABUCVec3@@@Z 0042ed7a f   msg.obj
 0001:0002ddde       ?MSG_WriteAngle@@YAXPAVsizebuf_t@@M@Z 0042edde f   msg.obj
 0001:0002de09       ?MSG_WriteAngle16@@YAXPAVsizebuf_t@@M@Z 0042ee09 f   msg.obj
 0001:0002de34       ?MSG_WriteDir@@YAXPAVsizebuf_t@@ABUCVec3@@@Z 0042ee34 f   msg.obj
 0001:0002de9c       ?MSG_ReadDir@@YAXPAVsizebuf_t@@AAUCVec3@@@Z 0042ee9c f   msg.obj
 0001:0002decd       ?MSG_ReadChar@@YAHPAVsizebuf_t@@@Z 0042eecd f   msg.obj
 0001:0002deed       ?MSG_ReadByte@@YAHPAVsizebuf_t@@@Z 0042eeed f   msg.obj
 0001:0002df0d       ?MSG_ReadShort@@YAHPAVsizebuf_t@@@Z 0042ef0d f   msg.obj
 0001:0002df2d       ?MSG_ReadLong@@YAHPAVsizebuf_t@@@Z 0042ef2d f   msg.obj
 0001:0002df4c       ?MSG_ReadString@@YAPADPAVsizebuf_t@@@Z 0042ef4c f   msg.obj
 0001:0002df7f       ?MSG_ReadPos@@YAXPAVsizebuf_t@@AAUCVec3@@@Z 0042ef7f f   msg.obj
 0001:0002dfd1       ?MSG_ReadAngle@@YAMPAVsizebuf_t@@@Z 0042efd1 f   msg.obj
 0001:0002dfeb       ?MSG_ReadAngle16@@YAMPAVsizebuf_t@@@Z 0042efeb f   msg.obj
 0001:0002e005       ?MSG_ReadData@@YAXPAVsizebuf_t@@PAXH@Z 0042f005 f   msg.obj
 0001:0002e028       ?Netchan_Init@@YAXXZ       0042f028 f   net_chan.obj
 0001:0002e097       ?Netchan_OutOfBandPrint@@YAXW4netsrc_t@@Unetadr_t@@PBDZZ 0042f097 f   net_chan.obj
 0001:0002e11c       ?Setup@netchan_t@@QAEXW4netsrc_t@@Unetadr_t@@H@Z 0042f11c f   net_chan.obj
 0001:0002e171       ?NeedReliable@netchan_t@@QAE_NXZ 0042f171 f   net_chan.obj
 0001:0002e196       ?Transmit@netchan_t@@QAEXPAXH@Z 0042f196 f   net_chan.obj
 0001:0002e32c       ?Process@netchan_t@@QAE_NPAVsizebuf_t@@@Z 0042f32c f   net_chan.obj
 0001:0002e459       ?Pmove@@YAXPAUpmove_t@@@Z  0042f459 f   pmove.obj
 0001:000300bf       ?NormalizeColor@@YAMABUCVec3@@AAU1@@Z 004310bf f   q_shared2.obj
 0001:0003011b       ?NormalizeColor255@@YAMABUCVec3@@AAU1@@Z 0043111b f   q_shared2.obj
 0001:0003017b       ?appRsqrt@@YAMM@Z          0043117b f   q_shared2.obj
 0001:000301a7       ?AngleVectors@@YAXABUCVec3@@PAU1@11@Z 004311a7 f   q_shared2.obj
 0001:00030308       ?MakeNormalVectors@@YAXABUCVec3@@AAU1@1@Z 00431308 f   q_shared2.obj
 0001:00030377       ?Vec2Angles@@YAXABUCVec3@@AAU1@@Z 00431377 f   q_shared2.obj
 0001:0003047a       ?Vec2Yaw@@YAMABUCVec3@@@Z  0043147a f   q_shared2.obj
 0001:000304ed       ?VectorLength@@YAMABUCVec3@@@Z 004314ed f   q_shared2.obj
 0001:0003051c       ?VectorDistance@@YAMABUCVec3@@0@Z 0043151c f   q_shared2.obj
 0001:0003054d       ?LerpAngle@@YAMMMM@Z       0043154d f   q_shared2.obj
 0001:00030590       ?AngleMod@@YAMM@Z          00431590 f   q_shared2.obj
 0001:000305bc       ?AngleSubtract@@YAMMM@Z    004315bc f   q_shared2.obj
 0001:000305f3       ?AnglesSubtract@@YAXABUCVec3@@0AAU1@@Z 004315f3 f   q_shared2.obj
 0001:0003064b       ?Normalize@CVec3@@QAEMXZ   0043164b f   q_shared2.obj
 0001:0003069d       ?VectorNormalize@@YAMABUCVec3@@AAU1@@Z 0043169d f   q_shared2.obj
 0001:00030706       ?NormalizeFast@CVec3@@QAEMXZ 00431706 f   q_shared2.obj
 0001:00030757       ?cross@@YAXABUCVec3@@0AAU1@@Z 00431757 f   q_shared2.obj
 0001:00030792       ?Clear@CBox@@QAEXXZ        00431792 f   q_shared2.obj
 0001:000307b0       ?Expand@CBox@@QAEXABUCVec3@@@Z 004317b0 f   q_shared2.obj
 0001:000307df       ?Expand@CBox@@QAEXABU1@@Z  004317df f   q_shared2.obj
 0001:0003081b       ?GetCenter@CBox@@QAEXAAUCVec3@@@Z 0043181b f   q_shared2.obj
 0001:0003083b       ?OnPlaneSide@CBox@@QBEHABUcplane_t@@@Z 0043183b f   q_shared2.obj
 0001:0003096a       ?FromAngles@CAxis@@QAEXABUCVec3@@@Z 0043196a f   q_shared2.obj
 0001:000309a9       ?TransformVector@CAxis@@QBEXABUCVec3@@AAU2@@Z 004319a9 f   q_shared2.obj
 0001:000309fa       ?UnTransformVector@CAxis@@QBEXABUCVec3@@AAU2@@Z 004319fa f   q_shared2.obj
 0001:00030a5e       ?TransformAxis@CAxis@@QBEXABU1@AAU1@@Z 00431a5e f   q_shared2.obj
 0001:00030aa4       ?UnTransformAxis@CAxis@@QBEXABU1@AAU1@@Z 00431aa4 f   q_shared2.obj
 0001:00030aea       ?TransformPoint@CCoords@@QBEXABUCVec3@@AAU2@@Z 00431aea f   q_shared2.obj
 0001:00030b48       ?UnTransformPoint@CCoords@@QBEXABUCVec3@@AAU2@@Z 00431b48 f   q_shared2.obj
 0001:00030bb5       ?UnTransformCoords@CCoords@@QBEXABU1@AAU1@@Z 00431bb5 f   q_shared2.obj
 0001:00030bdf       ?TransformPlane@CCoords@@QBEXABUcplane_t@@AAU2@@Z 00431bdf f   q_shared2.obj
 0001:00030c17       ?TransformPoint@@YAXABUCVec3@@ABUCAxis@@0AAU1@@Z 00431c17 f   q_shared2.obj
 0001:00030c7a       ?UnTransformPoint@@YAXABUCVec3@@ABUCAxis@@0AAU1@@Z 00431c7a f   q_shared2.obj
 0001:00030cea       ?COM_Parse@@YAPADAAPBD_N@Z 00431cea f   q_shared2.obj
 0001:00030e0a       ?COM_QuoteString@@YAPBDPBD_N@Z 00431e0a f   q_shared2.obj
 0001:00030e7c       ?FileExists@CQuakeFileSystem@@UAE_NPBDI@Z 00431e7c f i QuakeFileSystem.obj
 0001:00030ee3       ?CheckFilename@CQuakeFileSystem@@AAEXPBD@Z 00431ee3 f i QuakeFileSystem.obj
 0001:00030f82       ?OpenFile@CQuakeFileSystem@@UAEPAVCFile@@PBDI@Z 00431f82 f i QuakeFileSystem.obj
 0001:00031012       ?List@CQuakeFileSystem@@UAEPAVCFileList@@PBDIPAV2@@Z 00432012 f i QuakeFileSystem.obj
 0001:0003108d       ?FS_Gamedir@@YAPBDXZ       0043208d f   QuakeFileSystem.obj
 0001:00031093       ?FS_NextPath@@YAPBDPBD@Z   00432093 f   QuakeFileSystem.obj
 0001:000310d3       ?FS_CopyFile@@YAXPBD0@Z    004320d3 f   QuakeFileSystem.obj
 0001:000311a9       ?FS_CopyFiles@@YAXPBD0@Z   004321a9 f   QuakeFileSystem.obj
 0001:000312c3       ?FS_RemoveFiles@@YAXPBD@Z  004322c3 f   QuakeFileSystem.obj
 0001:0003137e       ?InitFileSystem@@YAXXZ     0043237e f   QuakeFileSystem.obj
 0001:000314b2       ?Create@CFileContainerPak@@SAPAVCFileContainer@@PBDPAU_iobuf@@@Z 004324b2 f i QuakeFileSystem.obj
 0001:0003161b       ??0CFileContainerArc@@QAE@XZ 0043261b f i QuakeFileSystem.obj
 0001:00031662       ?GetType@CFileContainerPak@@MAEPBDXZ 00432662 f i QuakeFileSystem.obj
 0001:00031668       ?OpenFile@CFileContainerPak@@MAEPAVCFile@@ABVCStringItem@@@Z 00432668 f i QuakeFileSystem.obj
 0001:000316b5       ?Read@CFilePak@CFileContainerPak@@UAEHPAXH@Z 004326b5 f i QuakeFileSystem.obj
 0001:000316ee       ?GetSize@CFilePak@CFileContainerPak@@UAEHXZ 004326ee f i QuakeFileSystem.obj
 0001:000316f5       ?Eof@CFilePak@CFileContainerPak@@UAE_NXZ 004326f5 f i QuakeFileSystem.obj
 0001:00031702       ??_GCFilePak@CFileContainerPak@@UAEPAXI@Z 00432702 f i QuakeFileSystem.obj
 0001:00031702       ??_ECFilePak@CFileContainerPak@@UAEPAXI@Z 00432702 f i QuakeFileSystem.obj
 0001:00031734       ?Create@CFileContainerZip@@SAPAVCFileContainer@@PBDPAU_iobuf@@@Z 00432734 f i QuakeFileSystem.obj
 0001:00031a3e       ?GetType@CFileContainerZip@@MAEPBDXZ 00432a3e f i QuakeFileSystem.obj
 0001:00031a44       ?OpenFile@CFileContainerZip@@MAEPAVCFile@@ABVCStringItem@@@Z 00432a44 f i QuakeFileSystem.obj
 0001:00031ae0       ??0CFilePak@CFileContainerZip@@QAE@ABVCFileInfo@1@PAU_iobuf@@@Z 00432ae0 f i QuakeFileSystem.obj
 0001:00031b30       ?Read@CFilePak@CFileContainerZip@@UAEHPAXH@Z 00432b30 f i QuakeFileSystem.obj
 0001:00031c79       ?GetSize@CFilePak@CFileContainerZip@@UAEHXZ 00432c79 f i QuakeFileSystem.obj
 0001:00031c83       ?Eof@CFilePak@CFileContainerZip@@UAE_NXZ 00432c83 f i QuakeFileSystem.obj
 0001:00031c96       ??_ECFilePak@CFileContainerZip@@UAEPAXI@Z 00432c96 f i QuakeFileSystem.obj
 0001:00031c96       ??_GCFilePak@CFileContainerZip@@UAEPAXI@Z 00432c96 f i QuakeFileSystem.obj
 0001:00031cb2       ??1CFilePak@CFileContainerZip@@UAE@XZ 00432cb2 f i QuakeFileSystem.obj
 0001:00031d21       ??_GCFileContainerArc@@UAEPAXI@Z 00432d21 f i QuakeFileSystem.obj
 0001:00031d21       ??_ECFileContainerArc@@UAEPAXI@Z 00432d21 f i QuakeFileSystem.obj
 0001:00031d21       ??_ECFileContainerPak@@UAEPAXI@Z 00432d21 f i QuakeFileSystem.obj
 0001:00031d21       ??_ECZResource@@UAEPAXI@Z  00432d21 f i QuakeFileSystem.obj
 0001:00031d21       ??_ECFileContainerZip@@UAEPAXI@Z 00432d21 f i QuakeFileSystem.obj
 0001:00031d21       ??_GCZResource@@UAEPAXI@Z  00432d21 f i QuakeFileSystem.obj
 0001:00031d21       ??_GCFileContainerZip@@UAEPAXI@Z 00432d21 f i QuakeFileSystem.obj
 0001:00031d21       ??_GCFileContainerPak@@UAEPAXI@Z 00432d21 f i QuakeFileSystem.obj
 0001:00031d4d       ?Mount@CZResource@@SAPAVCFileContainer@@PBDPBE0PAVCFileSystem@@@Z 00432d4d f i QuakeFileSystem.obj
 0001:00031ef9       ?GetType@CZResource@@MAEPBDXZ 00432ef9 f i QuakeFileSystem.obj
 0001:00031eff       ?OpenFile@CZResource@@MAEPAVCFile@@ABVCStringItem@@@Z 00432eff f i QuakeFileSystem.obj
 0001:00031f2d       ??0CFileRes@CZResource@@QAE@ABVCFileInfo@1@PBXH@Z 00432f2d f i QuakeFileSystem.obj
 0001:00031fe0       ?Read@CFileRes@CZResource@@UAEHPAXH@Z 00432fe0 f i QuakeFileSystem.obj
 0001:00032032       ?GetSize@CFileRes@CZResource@@UAEHXZ 00433032 f i QuakeFileSystem.obj
 0001:00032039       ?Eof@CFileRes@CZResource@@UAE_NXZ 00433039 f i QuakeFileSystem.obj
 0001:00032046       ??_ECFileRes@CZResource@@UAEPAXI@Z 00433046 f i QuakeFileSystem.obj
 0001:00032046       ??_GCFileRes@CZResource@@UAEPAXI@Z 00433046 f i QuakeFileSystem.obj
 0001:00032075       ?MountGame@CQuakeFileSystem@@QAEXPBD@Z 00433075 f i QuakeFileSystem.obj
 0001:000320c0       ?SetGameDir@CQuakeFileSystem@@QAE_NPBD@Z 004330c0 f i QuakeFileSystem.obj
 0001:000322c0       ?FS_Tick@@YAXXZ            004332c0 f   QuakeFileSystem.obj
 0001:00032409       ?CDAudio_Play@@YAXH_N@Z    00433409 f   cd_win.obj
 0001:000325f7       ?CDAudio_Stop@@YAXXZ       004335f7 f   cd_win.obj
 0001:000326b8       ?CDAudio_Update@@YAXXZ     004336b8 f   cd_win.obj
 0001:0003275b       ?CDAudio_Init@@YA_NXZ      0043375b f   cd_win.obj
 0001:00032b7c       ?CDAudio_Shutdown@@YAXXZ   00433b7c f   cd_win.obj
 0001:00032b9f       ?CDAudio_Activate@@YAX_N@Z 00433b9f f   cd_win.obj
 0001:00032bb0       ?IN_Init@@YAXXZ            00433bb0 f   in_win.obj
 0001:00032e3d       ?IN_Shutdown@@YAXXZ        00433e3d f   in_win.obj
 0001:00033099       ?IN_Activate@@YAX_N@Z      00434099 f   in_win.obj
 0001:000330a3       ?IN_Frame@@YAXXZ           004340a3 f   in_win.obj
 0001:00033405       ?IN_Move@@YAXPAUusercmd_t@@@Z 00434405 f   in_win.obj
 0001:000338ae       ?NET_CompareAdr@@YA_NPAUnetadr_t@@0@Z 004348ae f   net_wins.obj
 0001:000338e4       ?NET_CompareBaseAdr@@YA_NPAUnetadr_t@@0@Z 004348e4 f   net_wins.obj
 0001:0003390d       ?NET_AdrToString@@YAPBDPAUnetadr_t@@@Z 0043490d f   net_wins.obj
 0001:00033950       ?NET_StringToAdr@@YA_NPBDPAUnetadr_t@@F@Z 00434950 f   net_wins.obj
 0001:00033a64       ?NET_IsLocalAddress@@YA_NPAUnetadr_t@@@Z 00434a64 f   net_wins.obj
 0001:00033a70       ?NET_GetPacket@@YA_NW4netsrc_t@@PAUnetadr_t@@PAVsizebuf_t@@@Z 00434a70 f   net_wins.obj
 0001:00033bcb       ?NET_SendPacket@@YAXW4netsrc_t@@HPAXUnetadr_t@@@Z 00434bcb f   net_wins.obj
 0001:00033ce6       ?NET_Config@@YAX_N@Z       00434ce6 f   net_wins.obj
 0001:00033ebe       ?NET_Init@@YAXXZ           00434ebe f   net_wins.obj
 0001:00033f71       ?SNDDMA_Init@@YA_NXZ       00434f71 f   snd_win.obj
 0001:000345b8       ?SNDDMA_GetDMAPos@@YAHXZ   004355b8 f   snd_win.obj
 0001:00034602       ?SNDDMA_BeginPainting@@YAXXZ 00435602 f   snd_win.obj
 0001:0003471a       ?SNDDMA_Submit@@YAXXZ      0043571a f   snd_win.obj
 0001:0003473f       ?SNDDMA_Shutdown@@YAXXZ    0043573f f   snd_win.obj
 0001:00034744       ?S_Activate@@YAX_N@Z       00435744 f   snd_win.obj
 0001:00034792       ?Write@COutputDeviceWin32Console@@UAEXPBD@Z 00435792 f i sys_win.obj
 0001:0003480a       ?EraseInput@COutputDeviceWin32Console@@QAEXXZ 0043580a f i sys_win.obj
 0001:00034890       ?Sys_ConsoleInput@@YAPADXZ 00435890 f   sys_win.obj
 0001:00034b19       ?Sys_ProcessMessages@@YAXXZ 00435b19 f   sys_win.obj
 0001:00034bd2       _WinMain@16                00435bd2 f   sys_win.obj
 0001:00034eaa       ??_ECOutputDeviceCon@@UAEPAXI@Z 00435eaa f i sys_win.obj
 0001:00034eaa       ??_GCOutputDeviceCon@@UAEPAXI@Z 00435eaa f i sys_win.obj
 0001:00034f4f       ?Init@COutputDeviceWin32Console@@QAEXXZ 00435f4f f i sys_win.obj
 0001:00034f79       ?AddMsgHook@@YAXP6A_NIIJ@Z@Z 00435f79 f   vid_dll.obj
 0001:00034fbd       ?RemoveMsgHook@@YAXP6A_NIIJ@Z@Z 00435fbd f   vid_dll.obj
 0001:00034fec       ?Vid_CreateWindow@@YAPAXHH_N@Z 00435fec f   vid_dll.obj
 0001:000356fc       ?Vid_DestroyWindow@@YAX_N@Z 004366fc f   vid_dll.obj
 0001:00035738       ?Vid_Restart@@YAXXZ        00436738 f   vid_dll.obj
 0001:00035744       ?Vid_GetModeInfo@@YA_NPAH0H@Z 00436744 f   vid_dll.obj
 0001:00035774       ?Vid_Tick@@YAXXZ           00436774 f   vid_dll.obj
 0001:00035924       ?Vid_Init@@YAXXZ           00436924 f   vid_dll.obj
 0001:000359c7       ?Vid_Shutdown@@YAXXZ       004369c7 f   vid_dll.obj
 0001:000359e6       ?Tesselate@surfacePlanar_t@OpenGLDrv@@UAEXAAUrefEntity_t@2@@Z 004369e6 f   gl_backend.obj
 0001:000363c2       ?Negate@CVec3@@QAEXXZ      004373c2 f i gl_backend.obj
 0001:00037ffa       ?Tesselate@surfacePoly_t@OpenGLDrv@@UAEXAAUrefEntity_t@2@@Z 00438ffa f   gl_backend.obj
 0001:00038101       ?Tesselate@surfaceMd3_t@OpenGLDrv@@UAEXAAUrefEntity_t@2@@Z 00439101 f   gl_backend.obj
 0001:00038490       ?DrawTriangles@OpenGLDrv@@YA_NXZ 00439490 f   gl_backend.obj
 0001:000385a5       ?DrawNormals@OpenGLDrv@@YA_NXZ 004395a5 f   gl_backend.obj
 0001:000386af       ?Tesselate@surfaceEntity_t@OpenGLDrv@@UAEXAAUrefEntity_t@2@@Z 004396af f   gl_backend.obj
 0001:00038793       ?Tesselate@surfaceParticle_t@OpenGLDrv@@UAEXAAUrefEntity_t@2@@Z 00439793 f   gl_backend.obj
 0001:000389e3       ?BK_DrawScene@OpenGLDrv@@YAXXZ 004399e3 f   gl_backend.obj
 0001:0003900b       ?BK_DrawPic@OpenGLDrv@@YAXPAVshader_t@1@HHHHMMMMIE@Z 0043a00b f   gl_backend.obj
 0001:000391ec       ?BK_DrawText@OpenGLDrv@@YAXPBDHHHHHI@Z 0043a1ec f   gl_backend.obj
 0001:000393e1       ?BK_BeginFrame@OpenGLDrv@@YAXXZ 0043a3e1 f   gl_backend.obj
 0001:00039445       ?BK_EndFrame@OpenGLDrv@@YAXXZ 0043a445 f   gl_backend.obj
 0001:00039484       ?BK_Init@OpenGLDrv@@YAXXZ  0043a484 f   gl_backend.obj
 0001:000394b3       ?BK_Shutdown@OpenGLDrv@@YAXXZ 0043a4b3 f   gl_backend.obj
 0001:000394cb       ?AllocDynamicMemory@OpenGLDrv@@YAPAXH@Z 0043a4cb f   gl_buffers.obj
 0001:00039536       ?ResizeDynamicMemory@OpenGLDrv@@YAXPAXH@Z 0043a536 f   gl_buffers.obj
 0001:00039578       ?AddSurfaceToPortal@OpenGLDrv@@YAXPAVsurfaceBase_t@1@PAVshader_t@1@HH@Z 0043a578 f   gl_buffers.obj
 0001:000395e9       ?InsertShaderIndex@OpenGLDrv@@YAXH@Z 0043a5e9 f   gl_buffers.obj
 0001:00039622       ?ClearPortal@OpenGLDrv@@YAXXZ 0043a622 f   gl_buffers.obj
 0001:00039640       ?SortSurfaces@OpenGLDrv@@YAXPAUviewPortal_t@1@PAPAUsurfaceInfo_t@1@@Z 0043a640 f   gl_buffers.obj
 0001:000397d2       ?ClearBuffers@OpenGLDrv@@YAXXZ 0043a7d2 f   gl_buffers.obj
 0001:000397e9       ?CreateBuffers@OpenGLDrv@@YAXXZ 0043a7e9 f   gl_buffers.obj
 0001:0003980f       ?FreeBuffers@OpenGLDrv@@YAXXZ 0043a80f f   gl_buffers.obj
 0001:00039833       ?InitEntity@model_t@OpenGLDrv@@UAE_NPAUentity_t@@PAUrefEntity_t@2@@Z 0043a833 f   gl_frontend.obj
 0001:00039838       ?AddSurfaces@model_t@OpenGLDrv@@UAEXPAUrefEntity_t@2@@Z 0043a838 f   gl_frontend.obj
 0001:00039866       ?GetLeaf@model_t@OpenGLDrv@@UAEPAUnode_t@2@PAUrefEntity_t@2@@Z 0043a866 f   gl_frontend.obj
 0001:00039877       ?DrawLabel@model_t@OpenGLDrv@@UAEXPAUrefEntity_t@2@@Z 0043a877 f   gl_frontend.obj
 0001:0003987a       ?InitEntity@inlineModel_t@OpenGLDrv@@UAE_NPAUentity_t@@PAUrefEntity_t@2@@Z 0043a87a f   gl_frontend.obj
 0001:000398cc       ?AddSurfaces@inlineModel_t@OpenGLDrv@@UAEXPAUrefEntity_t@2@@Z 0043a8cc f   gl_frontend.obj
 0001:00039dba       ?GetLeaf@inlineModel_t@OpenGLDrv@@UAEPAUnode_t@2@PAUrefEntity_t@2@@Z 0043adba f   gl_frontend.obj
 0001:00039f5f       ?DrawLabel@inlineModel_t@OpenGLDrv@@UAEXPAUrefEntity_t@2@@Z 0043af5f f   gl_frontend.obj
 0001:00039fa5       ?InitEntity@md3Model_t@OpenGLDrv@@UAE_NPAUentity_t@@PAUrefEntity_t@2@@Z 0043afa5 f   gl_frontend.obj
 0001:0003a183       ?AddSurfaces@md3Model_t@OpenGLDrv@@UAEXPAUrefEntity_t@2@@Z 0043b183 f   gl_frontend.obj
 0001:0003a2bd       ?GetLeaf@md3Model_t@OpenGLDrv@@UAEPAUnode_t@2@PAUrefEntity_t@2@@Z 0043b2bd f   gl_frontend.obj
 0001:0003a2f5       ?DrawLabel@md3Model_t@OpenGLDrv@@UAEXPAUrefEntity_t@2@@Z 0043b2f5 f   gl_frontend.obj
 0001:0003a35b       ?InitEntity@sprModel_t@OpenGLDrv@@UAE_NPAUentity_t@@PAUrefEntity_t@2@@Z 0043b35b f   gl_frontend.obj
 0001:0003a37b       ?AddSurfaces@sprModel_t@OpenGLDrv@@UAEXPAUrefEntity_t@2@@Z 0043b37b f   gl_frontend.obj
 0001:0003a4fe       ?GetLeaf@sprModel_t@OpenGLDrv@@UAEPAUnode_t@2@PAUrefEntity_t@2@@Z 0043b4fe f   gl_frontend.obj
 0001:0003a5df       ?AddEntity@OpenGLDrv@@YAXPAUentity_t@@@Z 0043b5df f   gl_frontend.obj
 0001:0003a76e       ?AddDlight@OpenGLDrv@@YAXPAUdlight_t@@@Z 0043b76e f   gl_frontend.obj
 0001:0003a926       ?DrawPortal@OpenGLDrv@@YAXXZ 0043b926 f   gl_frontend.obj
 0001:0003c8f0       ?GL_TextureMode@OpenGLDrv@@YAXPBD@Z 0043d8f0 f   gl_image.obj
 0001:0003c998       ?CreateImage@OpenGLDrv@@YAPAVimage_t@1@PBDPAXHHI@Z 0043d998 f   gl_image.obj
 0001:0003d739       ?LoadDelayedImages@OpenGLDrv@@YAXXZ 0043e739 f   gl_image.obj
 0001:0003d7cc       ?DrawStretchRaw8@OpenGLDrv@@YAXHHHHHHPAEPAI@Z 0043e7cc f   gl_image.obj
 0001:0003dba3       ?SetupGamma@OpenGLDrv@@YAXXZ 0043eba3 f   gl_image.obj
 0001:0003dce9       ?PerformScreenshot@OpenGLDrv@@YAXXZ 0043ece9 f   gl_image.obj
 0001:0003df59       ?InitImages@OpenGLDrv@@YAXXZ 0043ef59 f   gl_image.obj
 0001:0003e736       ?ShutdownImages@OpenGLDrv@@YAXXZ 0043f736 f   gl_image.obj
 0001:0003e79d       ?ShowImages@OpenGLDrv@@YAXXZ 0043f79d f   gl_image.obj
 0001:0003ea29       ?FindImage@OpenGLDrv@@YAPAVimage_t@1@PBDI@Z 0043fa29 f   gl_image.obj
 0001:0003eda5       ?GL_Lock@OpenGLDrv@@YAXXZ  0043fda5 f   gl_interface.obj
 0001:0003ee1d       ?GL_Unlock@OpenGLDrv@@YAXXZ 0043fe1d f   gl_interface.obj
 0001:0003efdf       ?GL_Bind@OpenGLDrv@@YAXPBVimage_t@1@@Z 0043ffdf f   gl_interface.obj
 0001:0003f109       ?GL_BindForce@OpenGLDrv@@YAXPBVimage_t@1@@Z 00440109 f   gl_interface.obj
 0001:0003f187       ?GL_TexEnv@OpenGLDrv@@YAXI@Z 00440187 f   gl_interface.obj
 0001:0003f306       ?GL_TexMipBias@OpenGLDrv@@YAXM@Z 00440306 f   gl_interface.obj
 0001:0003f361       ?GL_TexEnvColor@OpenGLDrv@@YAXPBTcolor_t@@@Z 00440361 f   gl_interface.obj
 0001:0003f411       ?GL_SelectTexture@OpenGLDrv@@YAXH@Z 00440411 f   gl_interface.obj
 0001:0003f472       ?GL_TexCoordPointer@OpenGLDrv@@YAXPAX@Z 00440472 f   gl_interface.obj
 0001:0003f4a2       ?GL_SetMultitexture@OpenGLDrv@@YAXH@Z 004404a2 f   gl_interface.obj
 0001:0003f588       ?GL_DisableTexCoordArrays@OpenGLDrv@@YAXXZ 00440588 f   gl_interface.obj
 0001:0003f5dc       ?GL_CullFace@OpenGLDrv@@YAXW4gl_cullMode_t@1@@Z 004405dc f   gl_interface.obj
 0001:0003f62d       ?GL_DepthRange@OpenGLDrv@@YAXW4gl_depthMode_t@1@@Z 0044062d f   gl_interface.obj
 0001:0003f660       ?GL_State@OpenGLDrv@@YAXI@Z 00440660 f   gl_interface.obj
 0001:0003f7b0       ?GL_EnableFog@OpenGLDrv@@YAX_N@Z 004407b0 f   gl_interface.obj
 0001:0003f8a8       ?GL_SetDefaultState@OpenGLDrv@@YAXXZ 004408a8 f   gl_interface.obj
 0001:0003fa04       ?GL_Set2DMode@OpenGLDrv@@YAXXZ 00440a04 f   gl_interface.obj
 0001:0003faff       ?GL_Set3DMode@OpenGLDrv@@YAXPAUviewPortal_t@1@@Z 00440aff f   gl_interface.obj
 0001:0003fbe7       ?ShowLights@OpenGLDrv@@YAXXZ 00440be7 f   gl_light.obj
 0001:0003ffd0       ?LightForEntity@OpenGLDrv@@YAXPAUrefEntity_t@1@@Z 00440fd0 f   gl_light.obj
 0001:00041262       ?DiffuseLight@OpenGLDrv@@YAXPATcolor_t@@M@Z 00442262 f   gl_light.obj
 0001:000414ae       ?InitLightGrid@OpenGLDrv@@YAXXZ 004424ae f   gl_light.obj
 0001:00041554       ?PostLoadLights@OpenGLDrv@@YAXXZ 00442554 f   gl_light.obj
 0001:000417e4       ?LM_Init@OpenGLDrv@@YAXXZ  004427e4 f   gl_lightmap.obj
 0001:000417fa       ?LM_Flush@OpenGLDrv@@YAXPAUlightmapBlock_t@1@@Z 004427fa f   gl_lightmap.obj
 0001:00041857       ?LM_Done@OpenGLDrv@@YAXXZ  00442857 f   gl_lightmap.obj
 0001:0004187e       ?LM_Save@OpenGLDrv@@YAXPAUlightmapBlock_t@1@@Z 0044287e f   gl_lightmap.obj
 0001:00041896       ?LM_Restore@OpenGLDrv@@YAXPAUlightmapBlock_t@1@@Z 00442896 f   gl_lightmap.obj
 0001:000418ae       ?LM_NewBlock@OpenGLDrv@@YAPAUlightmapBlock_t@1@XZ 004428ae f   gl_lightmap.obj
 0001:0004190d       ?LM_Rewind@OpenGLDrv@@YAXXZ 0044290d f   gl_lightmap.obj
 0001:00041915       ?LM_NextBlock@OpenGLDrv@@YAPAUlightmapBlock_t@1@XZ 00442915 f   gl_lightmap.obj
 0001:00041942       ?LM_CheckMinlight@OpenGLDrv@@YAXPAUdynamicLightmap_t@1@@Z 00442942 f   gl_lightmap.obj
 0001:000419d8       ?LM_AllocBlock@OpenGLDrv@@YA_NPAUlightmapBlock_t@1@PAUdynamicLightmap_t@1@@Z 004429d8 f   gl_lightmap.obj
 0001:00041a8f       ?LM_PutBlock@OpenGLDrv@@YAXPAUdynamicLightmap_t@1@@Z 00442a8f f   gl_lightmap.obj
 0001:00041ebc       ?LM_SortLightStyles@OpenGLDrv@@YAXPAUdynamicLightmap_t@1@@Z 00442ebc f   gl_lightmap.obj
 0001:00041f4d       ?UpdateDynamicLightmap@OpenGLDrv@@YAXPAVsurfacePlanar_t@1@_NI@Z 00442f4d f   gl_lightmap.obj
 0001:0004245f       ?LM_IsMonotone@OpenGLDrv@@YA_NPAUdynamicLightmap_t@1@PATcolor_t@@@Z 0044345f f   gl_lightmap.obj
 0001:00042566       ?Init@OpenGLDrv@@YA_NXZ    00443566 f   gl_main.obj
 0001:00042bab       ?Shutdown@OpenGLDrv@@YAX_N@Z 00443bab f   gl_main.obj
 0001:00042c34       ?GL_EnableRendering@OpenGLDrv@@YAX_N@Z 00443c34 f   gl_main.obj
 0001:00042c4f       ?BeginFrame@OpenGLDrv@@YAXN@Z 00443c4f f   gl_main.obj
 0001:00042d79       ?EndFrame@OpenGLDrv@@YAXXZ 00443d79 f   gl_main.obj
 0001:00042d91       ?RenderFrame@OpenGLDrv@@YAXPAUrefdef_t@@@Z 00443d91 f   gl_main.obj
 0001:00043659       ?Fill8@OpenGLDrv@@YAXHHHHH@Z 00444659 f   gl_main.obj
 0001:0004369c       ?Fill@OpenGLDrv@@YAXHHHHI@Z 0044469c f   gl_main.obj
 0001:000436d8       ?TileClear@OpenGLDrv@@YAXHHHHPBD@Z 004446d8 f   gl_main.obj
 0001:00043779       ?DrawStretchPic@OpenGLDrv@@YAXHHHHPBD@Z 00444779 f   gl_main.obj
 0001:000437be       ?DrawDetailedPic@OpenGLDrv@@YAXHHHHPBD@Z 004447be f   gl_main.obj
 0001:00043868       ?DrawPic@OpenGLDrv@@YAXHHPBDHH@Z 00444868 f   gl_main.obj
 0001:000438f0       ?LoadNewWorld@OpenGLDrv@@YAXPBD@Z 004448f0 f   gl_main.obj
 0001:00043922       ?DumpLoadStats@OpenGLDrv@@YAXXZ 00444922 f   gl_main.obj
 0001:000439a8       ?FinishLoadingWorld@OpenGLDrv@@YAXXZ 004449a8 f   gl_main.obj
 0001:000439ad       ?RegisterPic@OpenGLDrv@@YAPAVCBasicImage@@PBD@Z 004449ad f   gl_main.obj
 0001:000439be       ?RegisterSkin@OpenGLDrv@@YAPAVCBasicImage@@PBD_N@Z 004449be f   gl_main.obj
 0001:000439dc       ?RegisterModel@OpenGLDrv@@YAPAVCRenderModel@@PBD@Z 004449dc f   gl_main.obj
 0001:000439e7       ?SetSky@OpenGLDrv@@YAXPBDMABUCVec3@@@Z 004449e7 f   gl_main.obj
 0001:00043a85       ?Screenshot@OpenGLDrv@@YAXHPBD@Z 00444a85 f   gl_main.obj
 0001:00043aac       ?GetClientLight@OpenGLDrv@@YAMXZ 00444aac f   gl_main.obj
 0001:00043ab3       ?InitFuncTables@OpenGLDrv@@YAXXZ 00444ab3 f   gl_math.obj
 0001:00043c59       ?BuildRotationAxis@OpenGLDrv@@YAXAAUCAxis@@ABUCVec3@@M@Z 00444c59 f   gl_math.obj
 0001:00043d50       ?GetBoxRect@OpenGLDrv@@YA_NPBUrefEntity_t@1@ABUCVec3@@QAM2_N@Z 00444d50 f   gl_math.obj
 0001:0004405a       ?ProjectToScreen@OpenGLDrv@@YA_NABUCVec3@@QAH@Z 0044505a f   gl_math.obj
 0001:0004419d       ?SaturateColor3f@OpenGLDrv@@YAXAAUCVec3@@@Z 0044519d f   gl_math.obj
 0001:0004428d       ?SaturateColor4b@OpenGLDrv@@YAXPATcolor_t@@@Z 0044528d f   gl_math.obj
 0001:0004439b       ?SubdividePlane@OpenGLDrv@@YAHPAPAUCVec3@@HM@Z 0044539b f   gl_poly.obj
 0001:0004481c       ?FreeSubdividedPlane@OpenGLDrv@@YAXXZ 0044581c f   gl_poly.obj
 0001:00044834       ?GetSubdivideIndexes@OpenGLDrv@@YAXPAH@Z 00445834 f   gl_poly.obj
 0001:00044887       ?RemoveCollinearPoints@OpenGLDrv@@YAHPAPAUCVec3@@H@Z 00445887 f   gl_poly.obj
 0001:0004497d       ?GetPolyArea@OpenGLDrv@@YAMPAPAUCVec3@@H@Z 0044597d f   gl_poly.obj
 0001:00044a11       ?InitShaders@OpenGLDrv@@YAXXZ 00445a11 f   gl_shader.obj
 0001:00044b96       ?ShutdownShaders@OpenGLDrv@@YAXXZ 00445b96 f   gl_shader.obj
 0001:00044bd4       ?GetLightmapImage@OpenGLDrv@@YAPAVimage_t@1@H@Z 00445bd4 f   gl_shader.obj
 0001:00044bfc       ?SetShaderLightmap@OpenGLDrv@@YAPAVshader_t@1@PAV21@H@Z 00445bfc f   gl_shader.obj
 0001:00044f1b       ??4shader_t@OpenGLDrv@@QAEAAV01@ABV01@@Z 00445f1b f i gl_shader.obj
 0001:00045151       ?SetShaderLightstyles@OpenGLDrv@@YAPAVshader_t@1@PAV21@I@Z 00446151 f   gl_shader.obj
 0001:000451ed       ?GetAlphaShader@OpenGLDrv@@YAPAVshader_t@1@PAV21@@Z 004461ed f   gl_shader.obj
 0001:000455e3       ?FindShader@OpenGLDrv@@YAPAVshader_t@1@PBDI@Z 004465e3 f   gl_shader.obj
 0001:00046f53       ?GetShaderByNum@OpenGLDrv@@YAPAVshader_t@1@H@Z 00447f53 f   gl_shader.obj
 0001:00046f71       ?ResetShaders@OpenGLDrv@@YAXXZ 00447f71 f   gl_shader.obj
 0001:0004715c       ?Reload@shader_t@OpenGLDrv@@UAEXXZ 0044815c f   gl_shader.obj
 0001:0004718b       ?ClearSky@OpenGLDrv@@YAXXZ 0044818b f   gl_sky.obj
 0001:000471e8       ?AddSkySurface@OpenGLDrv@@YAXPAVsurfacePlanar_t@1@E@Z 004481e8 f   gl_sky.obj
 0001:000477b0       ?DrawSky@OpenGLDrv@@YAXXZ  004487b0 f   gl_sky.obj
 0001:00047e54       ?DrawChar@OpenGLDrv@@YAXHHHH@Z 00448e54 f   gl_text.obj
 0001:00047eae       ?ClearTexts@OpenGLDrv@@YAXXZ 00448eae f   gl_text.obj
 0001:00047ec3       ?FlushTexts@OpenGLDrv@@YAXXZ 00448ec3 f   gl_text.obj
 0001:00047f6f       ?DrawTextPos@OpenGLDrv@@YAXHHPBDI@Z 00448f6f f   gl_text.obj
 0001:00047f9b       ?DrawTextLeft@OpenGLDrv@@YAXPBDI@Z 00448f9b f   gl_text.obj
 0001:00048022       ?DrawTextRight@OpenGLDrv@@YAXPBDI@Z 00449022 f   gl_text.obj
 0001:0004806c       ?DrawText3D@OpenGLDrv@@YAXABUCVec3@@PBDI@Z 0044906c f   gl_text.obj
 0001:00048099       ?InitTexts@OpenGLDrv@@YAXXZ 00449099 f   gl_text.obj
 0001:000480b3       ??0?$TTextContainer@UCRText@OpenGLDrv@@$0BAAAA@@@QAE@XZ 004490b3 f i gl_text.obj
 0001:000480d8       ?FindModel@OpenGLDrv@@YAPAVmodel_t@1@PBD@Z 004490d8 f   gl_model.obj
 0001:000482b4       ?FreeModels@OpenGLDrv@@YAXXZ 004492b4 f   gl_model.obj
 0001:00048326       ?InitModels@OpenGLDrv@@YAXXZ 00449326 f   gl_model.obj
 0001:0004841c       ?ShutdownModels@OpenGLDrv@@YAXXZ 0044941c f   gl_model.obj
 0001:0004842d       ?LoadWorldMap@OpenGLDrv@@YAXPBD@Z 0044942d f   gl_bspmodel.obj
 0001:00049f35       ?PointInLeaf@OpenGLDrv@@YAPAUnode_t@1@ABUCVec3@@@Z 0044af35 f   gl_bspmodel.obj
 0001:00049f80       ?CALL_CONSTRUCTOR@@YAXPAVinlineModel_t@OpenGLDrv@@@Z 0044af80 f i gl_bspmodel.obj
 0001:00049f96       ?LerpTag@model_t@OpenGLDrv@@UBE_NHHMPBDAAUCCoords@@@Z 0044af96 f   gl_trimodel.obj
 0001:00049fa4       ?LerpTag@md3Model_t@OpenGLDrv@@UBE_NHHMPBDAAUCCoords@@@Z 0044afa4 f   gl_trimodel.obj
 0001:0004a0b4       ?LoadMd2@OpenGLDrv@@YAPAVmd3Model_t@1@PBDPAEI@Z 0044b0b4 f   gl_trimodel.obj
 0001:0004ac16       ?ATAN2_FUNC@OpenGLDrv@@YAMMM@Z 0044bc16 f i gl_trimodel.obj
 0001:0004adcc       ?LoadMd3@OpenGLDrv@@YAPAVmd3Model_t@1@PBDPAEI@Z 0044bdcc f   gl_trimodel.obj
 0001:0004b281       ?LoadSp2@OpenGLDrv@@YAPAVsprModel_t@1@PBDPAEI@Z 0044c281 f   gl_trimodel.obj
 0001:0004b499       ?LoadSpr@OpenGLDrv@@YAPAVsprModel_t@1@PBDPAEI@Z 0044c499 f   gl_trimodel.obj
 0001:0004b5a2       ?CALL_CONSTRUCTOR@@YAXPAVmd3Model_t@OpenGLDrv@@@Z 0044c5a2 f i gl_trimodel.obj
 0001:0004b5b8       ?CALL_CONSTRUCTOR@@YAXPAVsprModel_t@OpenGLDrv@@@Z 0044c5b8 f i gl_trimodel.obj
 0001:0004cb75       ?QGL_Init@OpenGLDrv@@YA_NPBD@Z 0044db75 f   GLBind.obj
 0001:0004cc5b       ?QGL_Shutdown@OpenGLDrv@@YAXXZ 0044dc5b f   GLBind.obj
 0001:0004cc98       ?QGL_InitExtensions@OpenGLDrv@@YAXXZ 0044dc98 f   GLBind.obj
 0001:0004d182       ?QGL_PrintExtensionsString@OpenGLDrv@@YAXPBD00@Z 0044e182 f   GLBind.obj
 0001:0004d2cf       ?QGL_EnableLogging@OpenGLDrv@@YAX_N@Z 0044e2cf f   GLBind.obj
 0001:0004d375       ?QGL_LogMessage@OpenGLDrv@@YAXPBD@Z 0044e375 f   GLBind.obj
 0001:0004d38b       ?QGL_SwapBuffers@OpenGLDrv@@YAXXZ 0044e38b f   GLBind.obj
 0001:0004d40d       ?GLimp_HasGamma@OpenGLDrv@@YA_NXZ 0044e40d f   gl_win.obj
 0001:0004d421       ?GLimp_SetGamma@OpenGLDrv@@YAXM@Z 0044e421 f   gl_win.obj
 0001:0004d5c7       ?GLimp_SetMode@OpenGLDrv@@YA_NPAI0H_N@Z 0044e5c7 f   gl_win.obj
 0001:0004d99b       ?GLimp_Shutdown@OpenGLDrv@@YAX_N@Z 0044e99b f   gl_win.obj
 0001:0004da48       ?AppActivate@OpenGLDrv@@YAX_N@Z 0044ea48 f   gl_win.obj
 0001:0004dab8       _jpeg_CreateDecompress     0044eab8 f   libs:jdapimin.obj
 0001:0004db78       _jpeg_destroy_decompress   0044eb78 f   libs:jdapimin.obj
 0001:0004db78       _jpeg_destroy_compress     0044eb78 f   libs:jdapimin.obj
 0001:0004db83       _jpeg_read_header          0044eb83 f   libs:jdapimin.obj
 0001:0004dbe5       _jpeg_consume_input        0044ebe5 f   libs:jdapimin.obj
 0001:0004de34       _jpeg_finish_decompress    0044ee34 f   libs:jdapimin.obj
 0001:0004decb       _jpeg_start_decompress     0044eecb f   libs:jdapistd.obj
 0001:0004e038       _jpeg_read_scanlines       0044f038 f   libs:jdapistd.obj
 0001:0004e0bc       _jpeg_resync_to_restart    0044f0bc f   libs:jdmarker.obj
 0001:0004e281       _jinit_marker_reader       0044f281 f   libs:jdmarker.obj
 0001:0004f74c       _jpeg_CreateCompress       0045074c f   libs:jcapimin.obj
 0001:0004f800       _jpeg_suppress_tables      00450800 f   libs:jcapimin.obj
 0001:0004f84a       _jpeg_finish_compress      0045084a f   libs:jcapimin.obj
 0001:0004f934       _jpeg_start_compress       00450934 f   libs:jcapistd.obj
 0001:0004f9a0       _jpeg_write_scanlines      004509a0 f   libs:jcapistd.obj
 0001:0004fa4b       _jpeg_add_quant_table      00450a4b f   libs:jcparam.obj
 0001:0004fafd       _jpeg_quality_scaling      00450afd f   libs:jcparam.obj
 0001:0004fb24       _jpeg_set_quality          00450b24 f   libs:jcparam.obj
 0001:0004fb5e       _jpeg_set_defaults         00450b5e f   libs:jcparam.obj
 0001:0004fd24       _jpeg_default_colorspace   00450d24 f   libs:jcparam.obj
 0001:0004fd74       _jpeg_set_colorspace       00450d74 f   libs:jcparam.obj
 0001:0005008f       _jpeg_stdio_dest           0045108f f   libs:jdatadst.obj
 0001:0005018f       _inflateReset              0045118f f   libs:inflate.obj
 0001:000501dd       _inflateInit2_             004511dd f   libs:inflate.obj
 0001:00050296       _inflate                   00451296 f   libs:inflate.obj
 0001:0005156b       _inflateEnd                0045256b f   libs:inflate.obj
 0001:000516c9       _crc32                     004526c9 f   libs:crc32.obj
 0001:00051963       _jinit_input_controller    00452963 f   libs:jdinput.obj
 0001:00051e46       _jinit_memory_mgr          00452e46 f   libs:jmemmgr.obj
 0001:00052982       _jpeg_abort                00453982 f   libs:jcomapi.obj
 0001:000529b5       _jpeg_destroy              004539b5 f   libs:jcomapi.obj
 0001:000529d0       _jpeg_alloc_quant_table    004539d0 f   libs:jcomapi.obj
[...]
 0001:0005ec79       _process_restart           0045fc79 f   libs:jddiffct.obj
 0001:0005cc99       _dummy_consume_data        0045dc99 f   libs:jdcoefct.obj
 0001:0005ecae       _consume_data              0045fcae f   libs:jddiffct.obj
 0001:0005ed25       _output_data               0045fd25 f   libs:jddiffct.obj
 0001:0005e7ac       _start_pass                0045f7ac f   libs:jddctmgr.obj
 0001:0005dbfe       _start_pass_phuff_decoder  0045ebfe f   libs:jdphuff.obj
 0001:0005de47       _decode_mcu_DC_first       0045ee47 f   libs:jdphuff.obj
 0001:0005e03f       _process_restart           0045f03f f   libs:jdphuff.obj
 0001:0005e0ae       _decode_mcu_AC_first       0045f0ae f   libs:jdphuff.obj
 0001:0005e2ce       _decode_mcu_DC_refine      0045f2ce f   libs:jdphuff.obj
 0001:0005e3a3       _decode_mcu_AC_refine      0045f3a3 f   libs:jdphuff.obj
 0001:0005d645       _start_pass_huff_decoder   0045e645 f   libs:jdshuff.obj
 0001:0005d77d       _decode_mcu                0045e77d f   libs:jdshuff.obj
 0001:0005db2d       _process_restart           0045eb2d f   libs:jdshuff.obj
 0001:0005ca2b       _start_input_pass          0045da2b f   libs:jdcoefct.obj
 0001:0005ca3e       _start_iMCU_row            0045da3e f   libs:jdcoefct.obj
 0001:0005ca83       _start_output_pass         0045da83 f   libs:jdcoefct.obj
 0001:0005cac0       _decompress_onepass        0045dac0 f   libs:jdcoefct.obj
 0001:0005cc99       _dummy_consume_data        0045dc99 f   libs:jdcoefct.obj
 0001:0005cc9c       _consume_data              0045dc9c f   libs:jdcoefct.obj
 0001:0005ce55       _decompress_data           0045de55 f   libs:jdcoefct.obj
 0001:0005cfc1       _smoothing_ok              0045dfc1 f   libs:jdcoefct.obj
 0001:0005d0ac       _decompress_smooth_data    0045e0ac f   libs:jdcoefct.obj
 0001:0005c8c4       _scaler_start_pass         0045d8c4 f   libs:jcscale.obj
 0001:0005c8e7       _simple_downscale          0045d8e7 f   libs:jcscale.obj
 0001:0005c913       _noscale                   0045d913 f   libs:jcscale.obj
 0001:0005c3bc       _start_pass                0045d3bc f   libs:jcpred.obj
 0001:0005c414       _reset_predictor           0045d414 f   libs:jcpred.obj
 0001:0005c441       _jpeg_difference_first_row 0045d441 f   libs:jcpred.obj
 0001:0005c52b       _jpeg_difference1          0045d52b f   libs:jcpred.obj
 0001:0005c599       _jpeg_difference2          0045d599 f   libs:jcpred.obj
 0001:0005c60a       _jpeg_difference3          0045d60a f   libs:jcpred.obj
 0001:0005c682       _jpeg_difference4          0045d682 f   libs:jcpred.obj
 0001:0005c70d       _jpeg_difference5          0045d70d f   libs:jcpred.obj
 0001:0005c7a0       _jpeg_difference6          0045d7a0 f   libs:jcpred.obj
 0001:0005c82f       _jpeg_difference7          0045d82f f   libs:jcpred.obj
 0001:0005bcae       _start_pass_huff           0045ccae f   libs:jclhuff.obj
 0001:0005be4b       _encode_mcus_huff          0045ce4b f   libs:jclhuff.obj
 0001:0005c036       _emit_bits                 0045d036 f   libs:jclhuff.obj
 0001:0005c0d9       _dump_buffer               0045d0d9 f   libs:jclhuff.obj
 0001:0005c0fd       _emit_restart              0045d0fd f   libs:jclhuff.obj
 0001:0005c148       _flush_bits                0045d148 f   libs:jclhuff.obj
 0001:0005c16c       _finish_pass_huff          0045d16c f   libs:jclhuff.obj
 0001:0005c1d9       _encode_mcus_gather        0045d1d9 f   libs:jclhuff.obj
 0001:0005c302       _finish_pass_gather        0045d302 f   libs:jclhuff.obj
 0001:0005a9d3       _need_optimization_pass    0045b9d3 f   libs:jcshuff.obj
 0001:0005b8ce       _start_pass_diff           0045c8ce f   libs:jcdiffct.obj
 0001:00059bd4       _start_iMCU_row            0045abd4 f   libs:jccoefct.obj
 0001:0005b96c       _compress_data             0045c96c f   libs:jcdiffct.obj
 0001:0005bb02       _compress_first_pass       0045cb02 f   libs:jcdiffct.obj
 0001:0005bbf7       _compress_output           0045cbf7 f   libs:jcdiffct.obj
 0001:0005b4e1       _start_pass_fdctmgr        0045c4e1 f   libs:jcdctmgr.obj
 0001:0005b5e3       _forward_DCT_float         0045c5e3 f   libs:jcdctmgr.obj
 0001:0005aa16       _start_pass_phuff          0045ba16 f   libs:jcphuff.obj
 0001:0005ab83       _encode_mcu_DC_first       0045bb83 f   libs:jcphuff.obj
 0001:0005acb5       _emit_bits                 0045bcb5 f   libs:jcphuff.obj
 0001:0005ad60       _dump_buffer               0045bd60 f   libs:jcphuff.obj
 0001:0005ad98       _emit_symbol               0045bd98 f   libs:jcphuff.obj
 0001:0005add8       _emit_restart              0045bdd8 f   libs:jcphuff.obj
 0001:0005ae61       _emit_eobrun               0045be61 f   libs:jcphuff.obj
 0001:0005aee7       _encode_mcu_AC_first       0045bee7 f   libs:jcphuff.obj
 0001:0005b07b       _encode_mcu_DC_refine      0045c07b f   libs:jcphuff.obj
 0001:0005b135       _encode_mcu_AC_refine      0045c135 f   libs:jcphuff.obj
 0001:0005b34c       _finish_pass_phuff         0045c34c f   libs:jcphuff.obj
 0001:0005b39b       _finish_pass_gather_phuff  0045c39b f   libs:jcphuff.obj
 0001:0005b45e       _need_optimization_pass    0045c45e f   libs:jcphuff.obj
 0001:0005a1ae       _start_pass_huff           0045b1ae f   libs:jcshuff.obj
 0001:0005a323       _encode_mcu_huff           0045b323 f   libs:jcshuff.obj
 0001:0005a42e       _encode_one_block          0045b42e f   libs:jcshuff.obj
 0001:0005a5a5       _emit_bits                 0045b5a5 f   libs:jcshuff.obj
 0001:0005a648       _dump_buffer               0045b648 f   libs:jcshuff.obj
 0001:0005a66c       _emit_restart              0045b66c f   libs:jcshuff.obj
 0001:0005a6d9       _flush_bits                0045b6d9 f   libs:jcshuff.obj
 0001:0005a6fd       _finish_pass_huff          0045b6fd f   libs:jcshuff.obj
 0001:0005a76c       _encode_mcu_gather         0045b76c f   libs:jcshuff.obj
 0001:0005a822       _htest_one_block           0045b822 f   libs:jcshuff.obj
 0001:0005a8e9       _finish_pass_gather        0045b8e9 f   libs:jcshuff.obj
 0001:0005a9d3       _need_optimization_pass    0045b9d3 f   libs:jcshuff.obj
 0001:00059b3f       _start_pass_coef           0045ab3f f   libs:jccoefct.obj
 0001:00059bd4       _start_iMCU_row            0045abd4 f   libs:jccoefct.obj
 0001:00059c16       _compress_data             0045ac16 f   libs:jccoefct.obj
 0001:00059dfd       _compress_first_pass       0045adfd f   libs:jccoefct.obj
 0001:00059fe3       _compress_output           0045afe3 f   libs:jccoefct.obj
 0001:00059a57       _calc_output_dimensions    0045aa57 f   libs:jdlossls.obj
 0001:00059a68       _start_input_pass          0045aa68 f   libs:jdlossls.obj
 0001:00059796       _calc_output_dimensions    0045a796 f   libs:jdlossy.obj
 0001:00059909       _start_input_pass          0045a909 f   libs:jdlossy.obj
 0001:00059929       _latch_quant_tables        0045a929 f   libs:jdlossy.obj
 0001:000599c1       _start_output_pass         0045a9c1 f   libs:jdlossy.obj
 0001:000596e5       _start_pass                0045a6e5 f   libs:jclossls.obj
 0001:00059651       _start_pass                0045a651 f   libs:jclossy.obj
 0001:00058ba6       _initial_setup             00459ba6 f   libs:jcmaster.obj
 0001:00058d59       _validate_script           00459d59 f   libs:jcmaster.obj
 0001:00059131       _prepare_for_pass          0045a131 f   libs:jcmaster.obj
 0001:000592a9       _select_scan_parameters    0045a2a9 f   libs:jcmaster.obj
 0001:000593aa       _per_scan_setup            0045a3aa f   libs:jcmaster.obj
 0001:00059555       _pass_startup              0045a555 f   libs:jcmaster.obj
 0001:0005957c       _finish_pass_master        0045a57c f   libs:jcmaster.obj
 0001:00058692       _rgb_ycc_start             00459692 f   libs:jccolor.obj
 0001:00058756       _rgb_ycc_convert           00459756 f   libs:jccolor.obj
 0001:00058855       _rgb_gray_convert          00459855 f   libs:jccolor.obj
 0001:000588da       _cmyk_ycck_convert         004598da f   libs:jccolor.obj
 0001:00058a12       _grayscale_convert         00459a12 f   libs:jccolor.obj
 0001:00058a6c       _null_convert              00459a6c f   libs:jccolor.obj
 0001:0002bbd2       _null_method               0042cbd2 f   images.obj
 0001:0002bbd2       _start_pass_downsample     0042cbd2 f   images.obj
 0001:00057dde       _sep_downsample            00458dde f   libs:jcsample.obj
 0001:00057e53       _int_downsample            00458e53 f   libs:jcsample.obj
 0001:00057f4b       _expand_right_edge         00458f4b f   libs:jcsample.obj
 0001:00057fa0       _fullsize_downsample       00458fa0 f   libs:jcsample.obj
 0001:00057fe4       _h2v1_downsample           00458fe4 f   libs:jcsample.obj
 0001:00058078       _h2v2_downsample           00459078 f   libs:jcsample.obj
 0001:00058125       _h2v2_smooth_downsample    00459125 f   libs:jcsample.obj
 0001:0005839d       _fullsize_smooth_downsample 0045939d f   libs:jcsample.obj
 0001:000577da       _start_pass_prep           004587da f   libs:jcprepct.obj
 0001:00057818       _pre_process_data          00458818 f   libs:jcprepct.obj
 0001:000579c6       _pre_process_context       004589c6 f   libs:jcprepct.obj
 0001:00057b7f       _create_context_buffer     00458b7f f   libs:jcprepct.obj
 0001:00057652       _start_pass_main           00458652 f   libs:jcmainct.obj
 0001:00057694       _process_data_simple_main  00458694 f   libs:jcmainct.obj
 0001:00056c28       _create_colormap           00457c28 f   libs:jquant1.obj
 0001:00056d5a       _select_ncolors            00457d5a f   libs:jquant1.obj
 0001:00056e31       _create_colorindex         00457e31 f   libs:jquant1.obj
 0001:00056f5d       _alloc_fs_workspace        00457f5d f   libs:jquant1.obj
 0001:00056f99       _start_pass_1_quant        00457f99 f   libs:jquant1.obj
 0001:00057065       _create_odither_tables     00458065 f   libs:jquant1.obj
 0001:000570c4       _make_odither_array        004580c4 f   libs:jquant1.obj
 0001:00057127       _color_quantize            00458127 f   libs:jquant1.obj
 0001:000571b2       _color_quantize3           004581b2 f   libs:jquant1.obj
 0001:00057240       _quantize_ord_dither       00458240 f   libs:jquant1.obj
 0001:0005732b       _quantize3_ord_dither      0045832b f   libs:jquant1.obj
 0001:0005742b       _quantize_fs_dither        0045842b f   libs:jquant1.obj
 0001:0002bbd2       _finish_pass_1_quant       0042cbd2 f   images.obj
 0001:000575af       _new_color_map_1_quant     004585af f   libs:jquant1.obj
 0001:00055be9       _init_error_limit          00456be9 f   libs:jquant2.obj
 0001:00055c88       _start_pass_2_quant        00456c88 f   libs:jquant2.obj
 0001:00055d8a       _prescan_quantize          00456d8a f   libs:jquant2.obj
 0001:00055df9       _pass2_no_dither           00456df9 f   libs:jquant2.obj
 0001:00055ea6       _fill_inverse_cmap         00456ea6 f   libs:jquant2.obj
 0001:00055f71       _find_nearby_colors        00456f71 f   libs:jquant2.obj
 0001:00056115       _find_best_colors          00457115 f   libs:jquant2.obj
 0001:0005622f       _pass2_fs_dither           0045722f f   libs:jquant2.obj
 0001:0005649e       _finish_pass1              0045749e f   libs:jquant2.obj
 0001:000564c0       _select_colors             004574c0 f   libs:jquant2.obj
 0001:0005654c       _update_box                0045754c f   libs:jquant2.obj
 0001:000568e6       _median_cut                004578e6 f   libs:jquant2.obj
 0001:000569fa       _find_biggest_color_pop    004579fa f   libs:jquant2.obj
 0001:00056a29       _find_biggest_volume       00457a29 f   libs:jquant2.obj
 0001:00056a52       _compute_color             00457a52 f   libs:jquant2.obj
 0001:0002bbd2       _finish_pass2              0042cbd2 f   images.obj
 0001:00056b8e       _new_color_map_2_quant     00457b8e f   libs:jquant2.obj
 0001:00055600       _build_ycc_rgb_table       00456600 f   libs:jdmerge.obj
 0001:000556b0       _start_pass_merged_upsample 004566b0 f   libs:jdmerge.obj
 0001:000556c5       _merged_2v_upsample        004566c5 f   libs:jdmerge.obj
 0001:0005576c       _merged_1v_upsample        0045676c f   libs:jdmerge.obj
 0001:0005579d       _h2v1_merged_upsample      0045679d f   libs:jdmerge.obj
 0001:000558f3       _h2v2_merged_upsample      004568f3 f   libs:jdmerge.obj
 0001:000551a4       _build_ycc_rgb_table       004561a4 f   libs:jdcolor.obj
 0001:00055254       _ycc_rgb_convert           00456254 f   libs:jdcolor.obj
 0001:00055362       _null_convert              00456362 f   libs:jdcolor.obj
 0001:000553da       _grayscale_convert         004563da f   libs:jdcolor.obj
 0001:000553fd       _gray_rgb_convert          004563fd f   libs:jdcolor.obj
 0001:00055456       _ycck_cmyk_convert         00456456 f   libs:jdcolor.obj
 0001:0002bbd2       _start_pass_dcolor         0042cbd2 f   images.obj
 0001:00054c05       _start_pass_upsample       00455c05 f   libs:jdsample.obj
 0001:00054c1f       _sep_upsample              00455c1f f   libs:jdsample.obj
 0001:00054cec       _fullsize_upsample         00455cec f   libs:jdsample.obj
 0001:00054cf7       _noop_upsample             00455cf7 f   libs:jdsample.obj
 0001:00054cff       _int_upsample              00455cff f   libs:jdsample.obj
 0001:00054de9       _h2v1_upsample             00455de9 f   libs:jdsample.obj
 0001:00054e40       _h2v2_upsample             00455e40 f   libs:jdsample.obj
 0001:00054eb2       _h2v1_fancy_upsample       00455eb2 f   libs:jdsample.obj
 0001:00054f55       _h2v2_fancy_upsample       00455f55 f   libs:jdsample.obj
 0001:0005480e       _start_pass_dpost          0045580e f   libs:jdpostct.obj
 0001:000548b4       _post_process_1pass        004558b4 f   libs:jdpostct.obj
 0001:00054919       _post_process_prepass      00455919 f   libs:jdpostct.obj
 0001:000549aa       _post_process_2pass        004559aa f   libs:jdpostct.obj
 0001:00054215       _alloc_funny_pointers      00455215 f   libs:jdmainct.obj
 0001:000542c2       _start_pass_main           004552c2 f   libs:jdmainct.obj
 0001:0005432a       _make_funny_pointers       0045532a f   libs:jdmainct.obj
 0001:0005446a       _process_data_simple_main  0045546a f   libs:jdmainct.obj
 0001:000544d2       _process_data_context_main 004554d2 f   libs:jdmainct.obj
 0001:000545e4       _set_wraparound_pointers   004555e4 f   libs:jdmainct.obj
 0001:000546ce       _set_bottom_pointers       004556ce f   libs:jdmainct.obj
 0001:00054768       _process_data_crank_post   00455768 f   libs:jdmainct.obj
 0001:00052f3e       _write_marker_header       00453f3e f   libs:jcmarker.obj
 0001:00052f94       _emit_byte                 00453f94 f   libs:jcmarker.obj
 0001:00052fc5       _write_marker_byte         00453fc5 f   libs:jcmarker.obj
 0001:00052fd5       _write_file_header         00453fd5 f   libs:jcmarker.obj
 0001:00053021       _emit_jfif_app0            00454021 f   libs:jcmarker.obj
 0001:000530f4       _emit_adobe_app14          004540f4 f   libs:jcmarker.obj
 0001:0005319a       _write_frame_header        0045419a f   libs:jcmarker.obj
 0001:00053279       _emit_dqt                  00454279 f   libs:jcmarker.obj
 0001:00053368       _emit_sof                  00454368 f   libs:jcmarker.obj
 0001:00053444       _write_scan_header         00454444 f   libs:jcmarker.obj
 0001:00053504       _emit_dht                  00454504 f   libs:jcmarker.obj
 0001:000535dd       _emit_dri                  004545dd f   libs:jcmarker.obj
 0001:0005362c       _emit_sos                  0045462c f   libs:jcmarker.obj
 0001:0005371a       _write_file_trailer        0045471a f   libs:jcmarker.obj
 0001:0005373a       _write_tables_only         0045473a f   libs:jcmarker.obj
 0001:00052a93       _use_merged_upsample       00453a93 f   libs:jdmaster.obj
 0001:00052b39       _master_selection          00453b39 f   libs:jdmaster.obj
 0001:00052c96       _prepare_range_limit_table 00453c96 f   libs:jdmaster.obj
 0001:00052d1c       _prepare_for_output_pass   00453d1c f   libs:jdmaster.obj
 0001:00052e3d       _finish_output_pass        00453e3d f   libs:jdmaster.obj
 0001:00051f0a       _alloc_small               00452f0a f   libs:jmemmgr.obj
 0001:00052028       _alloc_large               00453028 f   libs:jmemmgr.obj
 0001:000520d9       _alloc_sarray              004530d9 f   libs:jmemmgr.obj
 0001:00052171       _alloc_barray              00453171 f   libs:jmemmgr.obj
 0001:00052215       _alloc_darray              00453215 f   libs:jmemmgr.obj
 0001:000522c0       _request_virt_sarray       004532c0 f   libs:jmemmgr.obj
 0001:00052321       _request_virt_barray       00453321 f   libs:jmemmgr.obj
 0001:00052382       _realize_virt_arrays       00453382 f   libs:jmemmgr.obj
 0001:00052505       _access_virt_sarray        00453505 f   libs:jmemmgr.obj
 0001:00052625       _do_sarray_io              00453625 f   libs:jmemmgr.obj
 0001:000526b5       _access_virt_barray        004536b5 f   libs:jmemmgr.obj
 0001:000527da       _do_barray_io              004537da f   libs:jmemmgr.obj
 0001:0005286b       _free_pool                 0045386b f   libs:jmemmgr.obj
 0001:00052952       _self_destruct             00453952 f   libs:jmemmgr.obj
 0001:000519a4       _start_input_pass          004529a4 f   libs:jdinput.obj
 0001:000519d2       _per_scan_setup            004529d2 f   libs:jdinput.obj
 0001:00051b58       _finish_input_pass         00452b58 f   libs:jdinput.obj
 0001:00051b69       _consume_markers           00452b69 f   libs:jdinput.obj
 0001:00051c05       _initial_setup             00452c05 f   libs:jdinput.obj
 0001:00051e0f       _reset_input_controller    00452e0f f   libs:jdinput.obj
 0001:000515a9       _make_crc_table            004525a9 f   libs:crc32.obj
 0001:000516f6       _crc32_little              004526f6 f   libs:crc32.obj
 0001:000513a3       _fixedtables               004523a3 f   libs:inflate.obj
 0001:0005148d       _updatewindow              0045248d f   libs:inflate.obj
 0001:000500cb       _init_destination          004510cb f   libs:jdatadst.obj
 0001:000500f1       _empty_output_buffer       004510f1 f   libs:jdatadst.obj
 0001:00050133       _term_destination          00451133 f   libs:jdatadst.obj
 0001:0004fc52       _std_huff_tables           00450c52 f   libs:jcparam.obj
 0001:0004fcac       _add_huff_table            00450cac f   libs:jcparam.obj
 0001:0004e1aa       _next_marker               0044f1aa f   libs:jdmarker.obj
 0001:0004e2e4       _get_interesting_appn      0044f2e4 f   libs:jdmarker.obj
 0001:0004e40f       _examine_app0              0044f40f f   libs:jdmarker.obj
 0001:0004e61d       _examine_app14             0044f61d f   libs:jdmarker.obj
 0001:0004e6de       _skip_variable             0044f6de f   libs:jdmarker.obj
 0001:0004e781       _read_markers              0044f781 f   libs:jdmarker.obj
 0001:0004e989       _get_soi                   0044f989 f   libs:jdmarker.obj
 0001:0004ea34       _get_sof                   0044fa34 f   libs:jdmarker.obj
 0001:0004ed3d       _get_sos                   0044fd3d f   libs:jdmarker.obj
 0001:0004f02b       _get_dht                   0045002b f   libs:jdmarker.obj
 0001:0004f2cc       _get_dqt                   004502cc f   libs:jdmarker.obj
 0001:0004f528       _get_dri                   00450528 f   libs:jdmarker.obj
 0001:0004f607       _first_marker              00450607 f   libs:jdmarker.obj
 0001:0004f6a3       _read_restart_marker       004506a3 f   libs:jdmarker.obj
 0001:0004f721       _reset_marker_reader       00450721 f   libs:jdmarker.obj
 0001:0004df8e       _output_pass_setup         0044ef8e f   libs:jdapistd.obj
 0001:0004dc81       _default_decompress_parms  0044ec81 f   libs:jdapimin.obj

 678 bytes saved through ICF

