 quake2

 Timestamp is 3e7c346c (Sat Mar 22 13:01:16 2003)

 Preferred load address is 00400000

 Start         Length     Name                   Class
 0001:00000000 00069cb0H .text                   CODE
 0002:00000000 00000360H .idata$5                DATA
 0002:00000360 0000199cH .rdata                  DATA
 0002:00001cfc 00000078H .idata$2                DATA
 0002:00001d74 00000014H .idata$3                DATA
 0002:00001d88 00000360H .idata$4                DATA
 0002:000020e8 00000b58H .idata$6                DATA
 0002:00002c40 00000000H .edata                  DATA
 0003:00000000 00000004H .CRT$XCA                DATA
 0003:00000004 00000004H .CRT$XCZ                DATA
 0003:00000008 00000004H .CRT$XIA                DATA
 0003:0000000c 00000004H .CRT$XIZ                DATA
 0003:00000010 00014d54H .data                   DATA
 0003:00014d68 00a507b4H .bss                    DATA
 0004:00000000 000000a0H .rsrc$01                DATA
 0004:000000a0 00000300H .rsrc$02                DATA

  Address         Publics by Value              Rva+Base     Lib:Object

 0001:00000000       _CDAudio_Play2             00401000 f   cd_win.obj
 0001:000001e5       _CDAudio_Play              004011e5 f   cd_win.obj
 0001:000001fc       _CDAudio_Stop              004011fc f   cd_win.obj
 0001:00000241       _CDAudio_Pause             00401241 f   cd_win.obj
 0001:0000029a       _CDAudio_Resume            0040129a f   cd_win.obj
 0001:0000030c       _CDAudio_MessageHandler    0040130c f   cd_win.obj
 0001:000003a3       _CDAudio_Update            004013a3 f   cd_win.obj
 0001:000003da       _CDAudio_Init              004013da f   cd_win.obj
 0001:000007d1       _CDAudio_Shutdown          004017d1 f   cd_win.obj
 0001:00000804       _CDAudio_Activate          00401804 f   cd_win.obj
 0001:00000815       _SCR_StopCinematic         00401815 f   cl_cin.obj
 0001:000008a1       _SCR_FinishCinematic       004018a1 f   cl_cin.obj
 0001:000008cb       _SCR_ReadNextFrame         004018cb f   cl_cin.obj
 0001:00000bec       _SCR_RunCinematic          00401bec f   cl_cin.obj
 0001:00000ce5       _SCR_DrawCinematic         00401ce5 f   cl_cin.obj
 0001:00000d84       _SCR_PlayCinematic         00401d84 f   cl_cin.obj
 0001:000010bc       _CL_ParseEntityBits        004020bc f   cl_ents.obj
 0001:0000111e       _CL_ParseDelta             0040211e f   cl_ents.obj
 0001:00001498       _CL_DeltaEntity            00402498 f   cl_ents.obj
 0001:00001605       _CL_ParsePacketEntities    00402605 f   cl_ents.obj
 0001:00001831       _CL_ParsePlayerstate       00402831 f   cl_ents.obj
 0001:00001b3f       _CL_FireEntityEvents       00402b3f f   cl_ents.obj
 0001:00001b91       _CL_ParseFrame             00402b91 f   cl_ents.obj
 0001:00001e30       _CL_OffsetThirdPersonView  00402e30 f   cl_ents.obj
 0001:00001f13       _CL_CalcViewValues         00402f13 f   cl_ents.obj
 0001:000021cb       _CL_AddEntities            004031cb f   cl_ents.obj
 0001:00002f04       _CL_GetEntitySoundOrigin   00403f04 f   cl_ents.obj
 0001:00002f40       _CL_ClearLightStyles       00403f40 f   cl_fx.obj
 0001:00002fc4       _CL_RunLightStyles         00403fc4 f   cl_fx.obj
 0001:0000305e       _CL_SetLightstyle          0040405e f   cl_fx.obj
 0001:000030c8       _CL_AllocDlight            004040c8 f   cl_fx.obj
 0001:00003133       _CL_RunDLights             00404133 f   cl_fx.obj
 0001:00003185       _CL_AddDLights             00404185 f   cl_fx.obj
 0001:000031ce       _CL_ClearParticles         004041ce f   cl_fx.obj
 0001:0000320e       _CL_AllocParticleTrace     0040420e f   cl_fx.obj
 0001:000032b3       _CL_AllocParticle          004042b3 f   cl_fx.obj
 0001:00003302       _CL_UpdateParticles        00404302 f   cl_fx.obj
 0001:000037e9       _CL_MetalSparks            004047e9 f   cl_fx.obj
 0001:000038c8       _CL_ParseMuzzleFlash       004048c8 f   cl_fx.obj
 0001:000040e3       _CL_ParseMuzzleFlash2      004050e3 f   cl_fx.obj
 0001:000047c2       _CL_ParticleEffect         004057c2 f   cl_fx.obj
 0001:00004891       _CL_ParticleEffect2        00405891 f   cl_fx.obj
 0001:0000495c       _CL_ParticleEffect3        0040595c f   cl_fx.obj
 0001:00004a2c       _CL_TeleporterParticles    00405a2c f   cl_fx.obj
 0001:00004ae3       _CL_LogoutEffect           00405ae3 f   cl_fx.obj
 0001:00004bce       _CL_ItemRespawnParticles   00405bce f   cl_fx.obj
 0001:00004c7d       _CL_ExplosionParticles     00405c7d f   cl_fx.obj
 0001:00004d27       _CL_BigTeleportParticles   00405d27 f   cl_fx.obj
 0001:00004e7e       _CL_BlasterParticles       00405e7e f   cl_fx.obj
 0001:00004f4a       _CL_BlasterTrail           00405f4a f   cl_fx.obj
 0001:00005043       _CL_FlagTrail              00406043 f   cl_fx.obj
 0001:00005149       _CL_DiminishingTrail       00406149 f   cl_fx.obj
 0001:000053b3       _CL_RocketTrail            004063b3 f   cl_fx.obj
 0001:000054e2       _CL_RailTrail              004064e2 f   cl_fx.obj
 0001:00005712       _CL_IonripperTrail         00406712 f   cl_fx.obj
 0001:00005826       _CL_BubbleTrail            00406826 f   cl_fx.obj
 0001:0000594a       _CL_FlyParticles           0040694a f   cl_fx.obj
 0001:00005aef       _CL_FlyEffect              00406aef f   cl_fx.obj
 0001:00005b72       _CL_BfgParticles           00406b72 f   cl_fx.obj
 0001:00005d4f       _CL_TrapParticles          00406d4f f   cl_fx.obj
 0001:00005ff1       _CL_BFGExplosionParticles  00406ff1 f   cl_fx.obj
 0001:0000609b       _CL_TeleportParticles      0040709b f   cl_fx.obj
 0001:000061d4       _CL_EntityEvent            004071d4 f   cl_fx.obj
 0001:000063b2       _CL_ClearEffects           004073b2 f   cl_fx.obj
 0001:000063d0       _KeyDown                   004073d0 f   cl_input.obj
 0001:00006446       _KeyUp                     00407446 f   cl_input.obj
 0001:000064c0       _IN_KLookDown              004074c0 f   cl_input.obj
 0001:000064cc       _IN_KLookUp                004074cc f   cl_input.obj
 0001:000064d8       _IN_UpDown                 004074d8 f   cl_input.obj
 0001:000064e4       _IN_UpUp                   004074e4 f   cl_input.obj
 0001:000064f0       _IN_DownDown               004074f0 f   cl_input.obj
 0001:000064fc       _IN_DownUp                 004074fc f   cl_input.obj
 0001:00006508       _IN_LeftDown               00407508 f   cl_input.obj
 0001:00006514       _IN_LeftUp                 00407514 f   cl_input.obj
 0001:00006520       _IN_RightDown              00407520 f   cl_input.obj
 0001:0000652c       _IN_RightUp                0040752c f   cl_input.obj
 0001:00006538       _IN_ForwardDown            00407538 f   cl_input.obj
 0001:00006544       _IN_ForwardUp              00407544 f   cl_input.obj
 0001:00006550       _IN_BackDown               00407550 f   cl_input.obj
 0001:0000655c       _IN_BackUp                 0040755c f   cl_input.obj
 0001:00006568       _IN_LookupDown             00407568 f   cl_input.obj
 0001:00006574       _IN_LookupUp               00407574 f   cl_input.obj
 0001:00006580       _IN_LookdownDown           00407580 f   cl_input.obj
 0001:0000658c       _IN_LookdownUp             0040758c f   cl_input.obj
 0001:00006598       _IN_MoveleftDown           00407598 f   cl_input.obj
 0001:000065a4       _IN_MoveleftUp             004075a4 f   cl_input.obj
 0001:000065b0       _IN_MoverightDown          004075b0 f   cl_input.obj
 0001:000065bc       _IN_MoverightUp            004075bc f   cl_input.obj
 0001:000065c8       _IN_SpeedDown              004075c8 f   cl_input.obj
 0001:000065d4       _IN_SpeedUp                004075d4 f   cl_input.obj
 0001:000065e0       _IN_StrafeDown             004075e0 f   cl_input.obj
 0001:000065ec       _IN_StrafeUp               004075ec f   cl_input.obj
 0001:000065f8       _IN_AttackDown             004075f8 f   cl_input.obj
 0001:00006604       _IN_AttackUp               00407604 f   cl_input.obj
 0001:00006610       _IN_UseDown                00407610 f   cl_input.obj
 0001:0000661c       _IN_UseUp                  0040761c f   cl_input.obj
 0001:00006628       _IN_Impulse                00407628 f   cl_input.obj
 0001:0000663e       _CL_KeyState               0040763e f   cl_input.obj
 0001:0000669c       _CL_AdjustAngles           0040769c f   cl_input.obj
 0001:000067ab       _CL_BaseMove               004077ab f   cl_input.obj
 0001:00006985       _CL_ClampPitch             00407985 f   cl_input.obj
 0001:00006a33       _CL_FinishMove             00407a33 f   cl_input.obj
 0001:00006aef       _CL_CreateCmd              00407aef f   cl_input.obj
 0001:00006b5b       _IN_CenterView             00407b5b f   cl_input.obj
 0001:00006b7c       _CL_InitInput              00407b7c f   cl_input.obj
 0001:00006d82       _CL_SendCmd                00407d82 f   cl_input.obj
 0001:00006f7c       _CL_ParseInventory         00407f7c f   cl_inv.obj
 0001:00006f9c       _CL_DrawInventory          00407f9c f   cl_inv.obj
 0001:000071fd       _CL_WriteDemoMessage       004081fd f   cl_main.obj
 0001:0000723f       _CL_Stop_f                 0040823f f   cl_main.obj
 0001:0000729a       _CL_Record_f               0040829a f   cl_main.obj
 0001:00007517       _Cmd_ForwardToServer       00408517 f   cl_main.obj
 0001:00007583       _CL_Setenv_f               00408583 f   cl_main.obj
 0001:00007647       _CL_ForwardToServer_f      00408647 f   cl_main.obj
 0001:00007695       _CL_Pause_f                00408695 f   cl_main.obj
 0001:000076ce       _CL_Quit_f                 004086ce f   cl_main.obj
 0001:000076d8       _CL_Drop                   004086d8 f   cl_main.obj
 0001:000076fa       _CL_SendConnectPacket      004086fa f   cl_main.obj
 0001:000077ce       _CL_CheckForResend         004087ce f   cl_main.obj
 0001:000078ae       _CL_Connect_f              004088ae f   cl_main.obj
 0001:0000792d       _CL_Rcon_f                 0040892d f   cl_main.obj
 0001:00007a7a       _CL_ClearState             00408a7a f   cl_main.obj
 0001:00007ab9       _CL_Disconnect             00408ab9 f   cl_main.obj
 0001:00007bf6       _CL_Disconnect_f           00408bf6 f   cl_main.obj
 0001:00007c05       _CL_Changing_f             00408c05 f   cl_main.obj
 0001:00007c29       _CL_Reconnect_f            00408c29 f   cl_main.obj
 0001:00007cc5       _CL_ParseStatusMessage     00408cc5 f   cl_main.obj
 0001:00007cfc       _CL_PingServers_f          00408cfc f   cl_main.obj
 0001:00007e56       _CL_Skins_f                00408e56 f   cl_main.obj
 0001:00007e92       _CL_ConnectionlessPacket   00408e92 f   cl_main.obj
 0001:000080a9       _CL_ReadPackets            004090a9 f   cl_main.obj
 0001:000081a3       _CL_FixUpGender            004091a3 f   cl_main.obj
 0001:00008254       _CL_Userinfo_f             00409254 f   cl_main.obj
 0001:0000826c       _CL_Snd_Restart_f          0040926c f   cl_main.obj
 0001:0000827b       _CL_RequestNextDownload    0040927b f   cl_main.obj
 0001:000088ab       _CL_Precache_f             004098ab f   cl_main.obj
 0001:00008971       _CL_WriteConfiguration     00409971 f   cl_main.obj
 0001:00008a02       _CL_WriteConfig_f          00409a02 f   cl_main.obj
 0001:00008a61       _CL_InitLocal              00409a61 f   cl_main.obj
 0001:00008c81       _CL_FixCvarCheats          00409c81 f   cl_main.obj
 0001:00008d50       _CL_SendCommand            00409d50 f   cl_main.obj
 0001:00008d6e       _CL_Frame                  00409d6e f   cl_main.obj
 0001:00008f42       _CL_Init                   00409f42 f   cl_main.obj
 0001:00008f8f       _CL_Shutdown               00409f8f f   cl_main.obj
 0001:00008fd5       _vectoangles2              00409fd5 f   cl_newfx.obj
 0001:000090d7       _CL_Flashlight             0040a0d7 f   cl_newfx.obj
 0001:00009127       _CL_ColorFlash             0040a127 f   cl_newfx.obj
 0001:00009179       _CL_DebugTrail             0040a179 f   cl_newfx.obj
 0001:00009270       _CL_ForceWall              0040a270 f   cl_newfx.obj
 0001:000093aa       _CL_BubbleTrail2           0040a3aa f   cl_newfx.obj
 0001:000094da       _CL_Heatbeam               0040a4da f   cl_newfx.obj
 0001:00009752       _CL_ParticleSteamEffect    0040a752 f   cl_newfx.obj
 0001:0000985e       _CL_ParticleSteamEffect2   0040a85e f   cl_newfx.obj
 0001:0000997d       _CL_TrackerTrail           0040a97d f   cl_newfx.obj
 0001:00009ac2       _CL_Tracker_Shell          0040aac2 f   cl_newfx.obj
 0001:00009b39       _CL_MonsterPlasma_Shell    0040ab39 f   cl_newfx.obj
 0001:00009bad       _CL_Widowbeamout           0040abad f   cl_newfx.obj
 0001:00009c54       _CL_Nukeblast              0040ac54 f   cl_newfx.obj
 0001:00009cfb       _CL_WidowSplash            0040acfb f   cl_newfx.obj
 0001:00009db6       _CL_TagTrail               0040adb6 f   cl_newfx.obj
 0001:00009ebc       _CL_ColorExplosionParticles 0040aebc f   cl_newfx.obj
 0001:00009f69       _CL_ParticleSmokeEffect    0040af69 f   cl_newfx.obj
 0001:0000a073       _CL_BlasterParticles2      0040b073 f   cl_newfx.obj
 0001:0000a140       _CL_BlasterTrail2          0040b140 f   cl_newfx.obj
 0001:0000a239       _CL_DownloadFileName       0040b239 f   cl_parse.obj
 0001:0000a278       _CL_CheckOrDownloadFile    0040b278 f   cl_parse.obj
 0001:0000a4b0       _CL_Download_f             0040b4b0 f   cl_parse.obj
 0001:0000a578       _CL_RegisterSounds         0040b578 f   cl_parse.obj
 0001:0000a5b7       _CL_ParseDownload          0040b5b7 f   cl_parse.obj
 0001:0000a724       _CL_ParseServerData        0040b724 f   cl_parse.obj
 0001:0000a833       _CL_ParseBaseline          0040b833 f   cl_parse.obj
 0001:0000a87b       _CL_LoadClientinfo         0040b87b f   cl_parse.obj
 0001:0000ab46       _CL_ParseClientinfo        0040bb46 f   cl_parse.obj
 0001:0000ab6a       _CL_ParseConfigString      0040bb6a f   cl_parse.obj
 0001:0000acee       _CL_ParseStartSoundPacket  0040bcee f   cl_parse.obj
 0001:0000adf0       _CL_ParseServerMessage     0040bdf0 f   cl_parse.obj
 0001:0000b0c3       _CL_CheckPredictionError   0040c0c3 f   cl_pred.obj
 0001:0000b1e2       _CL_ClipMoveToEntities     0040c1e2 f   cl_pred.obj
 0001:0000b455       _CL_PMTrace                0040c455 f   cl_pred.obj
 0001:0000b4c4       _CL_PMpointcontents        0040c4c4 f   cl_pred.obj
 0001:0000b576       _CL_PredictMovement        0040c576 f   cl_pred.obj
 0001:0000b77f       _CL_AddNetgraph            0040c77f f   cl_scrn.obj
 0001:0000b859       _SCR_DebugGraph            0040c859 f   cl_scrn.obj
 0001:0000b881       _SCR_DrawDebugGraph        0040c881 f   cl_scrn.obj
 0001:0000b960       _SCR_CenterPrint           0040c960 f   cl_scrn.obj
 0001:0000ba71       _SCR_DrawCenterString      0040ca71 f   cl_scrn.obj
 0001:0000bbc6       _SCR_SizeUp_f              0040cbc6 f   cl_scrn.obj
 0001:0000bbdf       _SCR_SizeDown_f            0040cbdf f   cl_scrn.obj
 0001:0000bc00       _SCR_Sky_f                 0040cc00 f   cl_scrn.obj
 0001:0000bcab       _SCR_Init                  0040ccab f   cl_scrn.obj
 0001:0000bd10       _SCR_DrawNet               0040cd10 f   cl_scrn.obj
 0001:0000bd4b       _SCR_DrawPause             0040cd4b f   cl_scrn.obj
 0001:0000bdb4       _SCR_RunConsole            0040cdb4 f   cl_scrn.obj
 0001:0000be5c       _SCR_DrawConsole           0040ce5c f   cl_scrn.obj
 0001:0000bef4       _SCR_SetLevelshot          0040cef4 f   cl_scrn.obj
 0001:0000bf58       _SCR_DrawLoading           0040cf58 f   cl_scrn.obj
 0001:0000c011       _SCR_BeginLoadingPlaque    0040d011 f   cl_scrn.obj
 0001:0000c071       _SCR_EndLoadingPlaque      0040d071 f   cl_scrn.obj
 0001:0000c08f       _SCR_Loading_f             0040d08f f   cl_scrn.obj
 0001:0000c094       _SCR_TimeRefresh_f         0040d094 f   cl_scrn.obj
 0001:0000c16b       _SCR_AddDirtyPoint         0040d16b f   cl_scrn.obj
 0001:0000c1a8       _SCR_DirtyScreen           0040d1a8 f   cl_scrn.obj
 0001:0000c223       _SCR_TileClear             0040d223 f   cl_scrn.obj
 0001:0000c3fe       _DrawHUDString             0040d3fe f   cl_scrn.obj
 0001:0000c4b0       _SCR_DrawField             0040d4b0 f   cl_scrn.obj
 0001:0000c5d4       _SCR_TouchPics             0040d5d4 f   cl_scrn.obj
 0001:0000c667       _SCR_ExecuteLayoutString   0040d667 f   cl_scrn.obj
 0001:0000d018       _SCR_UpdateScreen          0040e018 f   cl_scrn.obj
 0001:0000d303       _CL_RegisterTEntSounds     0040e303 f   cl_tent.obj
 0001:0000d53b       _CL_RegisterTEntModels     0040e53b f   cl_tent.obj
 0001:0000d6c1       _CL_ClearTEnts             0040e6c1 f   cl_tent.obj
 0001:0000d718       _CL_AllocExplosion         0040e718 f   cl_tent.obj
 0001:0000d76a       _CL_AddExplosions          0040e76a f   cl_tent.obj
 0001:0000d9b9       _CL_SmokeAndFlash          0040e9b9 f   cl_tent.obj
 0001:0000da20       _CL_ParseBeam              0040ea20 f   cl_tent.obj
 0001:0000db0f       _CL_ParseBeam2             0040eb0f f   cl_tent.obj
 0001:0000dc0f       _CL_ParsePlayerBeam        0040ec0f f   cl_tent.obj
 0001:0000dd4b       _CL_ParseLightning         0040ed4b f   cl_tent.obj
 0001:0000de21       _CL_ParseLaser             0040ee21 f   cl_tent.obj
 0001:0000dec6       _CL_ParseSteam             0040eec6 f   cl_tent.obj
 0001:0000dfd7       _CL_ParseWidow             0040efd7 f   cl_tent.obj
 0001:0000e043       _CL_ParseNuke              0040f043 f   cl_tent.obj
 0001:0000e0ad       _CL_ParseTEnt              0040f0ad f   cl_tent.obj
 0001:0000eec3       _CL_AddBeams               0040fec3 f   cl_tent.obj
 0001:0000f1ec       _CL_AddPlayerBeams         004101ec f   cl_tent.obj
 0001:0000f8f3       _CL_AddLasers              004108f3 f   cl_tent.obj
 0001:0000f918       _CL_ProcessSustain         00410918 f   cl_tent.obj
 0001:0000f959       _CL_AddTEnts               00410959 f   cl_tent.obj
 0001:0000f972       _V_AddEntity               00410972 f   cl_view.obj
 0001:0000f99c       _V_AddLight                0041099c f   cl_view.obj
 0001:0000f9e7       _V_TestParticles           004109e7 f   cl_view.obj
 0001:0000faa5       _V_TestEntities            00410aa5 f   cl_view.obj
 0001:0000fb47       _V_TestLights              00410b47 f   cl_view.obj
 0001:0000fc1a       _CL_PrepRefresh            00410c1a f   cl_view.obj
 0001:0000feed       _CalcFov                   00410eed f   cl_view.obj
 0001:0000ff66       _V_Gun_Next_f              00410f66 f   cl_view.obj
 0001:0000ff7f       _V_Gun_Prev_f              00410f7f f   cl_view.obj
 0001:0000ffa1       _V_Gun_Model_f             00410fa1 f   cl_view.obj
 0001:0000ffd5       _SCR_DrawCrosshair         00410fd5 f   cl_view.obj
 0001:0001004a       _V_RenderView              0041104a f   cl_view.obj
 0001:00010c0b       _V_Viewpos_f               00411c0b f   cl_view.obj
 0001:00010c49       _V_Init                    00411c49 f   cl_view.obj
 0001:00010e52       _Cbuf_Init                 00411e52 f   cmd.obj
 0001:00010e6a       _Cbuf_AddText              00411e6a f   cmd.obj
 0001:00010ec6       _Cbuf_InsertText           00411ec6 f   cmd.obj
 0001:00010f1e       _Cbuf_CopyToDefer          00411f1e f   cmd.obj
 0001:00010f4a       _Cbuf_InsertFromDefer      00411f4a f   cmd.obj
 0001:00010f5d       _Cbuf_ExecuteText          00411f5d f   cmd.obj
 0001:00010f9c       _Cbuf_Execute              00411f9c f   cmd.obj
 0001:00011081       _Cbuf_AddEarlyCommands     00412081 f   cmd.obj
 0001:00011103       _Cbuf_AddLateCommands      00412103 f   cmd.obj
 0001:00011218       _Cmd_Exec_f                00412218 f   cmd.obj
 0001:0001129d       _Cmd_Echo_f                0041229d f   cmd.obj
 0001:000112df       _Cmd_Alias_f               004122df f   cmd.obj
 0001:00011406       _Cmd_Unalias_f             00412406 f   cmd.obj
 0001:00011492       _Cmd_WriteAliases          00412492 f   cmd.obj
 0001:000114bb       _Cmd_Argc                  004124bb f   cmd.obj
 0001:000114c1       _Cmd_Argv                  004124c1 f   cmd.obj
 0001:000114db       _Cmd_Args                  004124db f   cmd.obj
 0001:000114e1       _Cmd_TokenizeString        004124e1 f   cmd.obj
 0001:00011713       _Cmd_AddCommand            00412713 f   cmd.obj
 0001:0001177b       _Cmd_RemoveCommand         0041277b f   cmd.obj
 0001:000117bd       _Cmd_ExecuteString         004127bd f   cmd.obj
 0001:00011895       _Cmd_Init                  00412895 f   cmd.obj
 0001:00011998       _CMod_GetSurfMaterial      00412998 f   cmodel.obj
 0001:000119f5       _CM_LoadMap                004129f5 f   cmodel.obj
 0001:0001215f       _CM_InlineModel            0041315f f   cmodel.obj
 0001:000121ae       _CM_NumClusters            004131ae f   cmodel.obj
 0001:000121b4       _CM_NumInlineModels        004131b4 f   cmodel.obj
 0001:000121ba       _CM_EntityString           004131ba f   cmodel.obj
 0001:000121c0       _CM_LeafContents           004131c0 f   cmodel.obj
 0001:000121ea       _CM_LeafCluster            004131ea f   cmodel.obj
 0001:00012215       _CM_LeafArea               00413215 f   cmodel.obj
 0001:00012240       _CM_InitBoxHull            00413240 f   cmodel.obj
 0001:0001241f       _CM_HeadnodeForBox         0041341f f   cmodel.obj
 0001:000124d4       _CM_PointLeafnum           004134d4 f   cmodel.obj
 0001:00012557       _CM_BoxLeafnums            00413557 f   cmodel.obj
 0001:00012667       _CM_PointContents          00413667 f   cmodel.obj
 0001:0001268c       _CM_TransformedPointContents 0041368c f   cmodel.obj
 0001:00012771       _CM_TransformedPointContents2 00413771 f   cmodel.obj
 0001:0001280c       _CM_BoxTrace               0041380c f   cmodel.obj
 0001:00013230       _CM_TransformedBoxTrace    00414230 f   cmodel.obj
 0001:000134a3       _CM_TransformedBoxTrace2   004144a3 f   cmodel.obj
 0001:0001365a       _CM_DecompressVis          0041465a f   cmodel.obj
 0001:00013703       _CM_ClusterPVS             00414703 f   cmodel.obj
 0001:00013750       _CM_ClusterPHS             00414750 f   cmodel.obj
 0001:0001379d       _FloodAreaConnections      0041479d f   cmodel.obj
 0001:00013858       _CM_SetAreaPortalState     00414858 f   cmodel.obj
 0001:00013885       _CM_AreasConnected         00414885 f   cmodel.obj
 0001:000138d3       _CM_WriteAreaBits          004148d3 f   cmodel.obj
 0001:00013963       _CM_WritePortalState       00414963 f   cmodel.obj
 0001:0001397d       _CM_ReadPortalState        0041497d f   cmodel.obj
 0001:0001399b       _CM_HeadnodeVisible        0041499b f   cmodel.obj
 0001:00013a03       _Com_BeginRedirect         00414a03 f   common.obj
 0001:00013a40       _Com_EndRedirect           00414a40 f   common.obj
 0001:00013a6b       _Com_Printf                00414a6b f   common.obj
 0001:00013bca       _Com_DPrintf               00414bca f   common.obj
 0001:00013c2e       _DebugPrintf               00414c2e f   common.obj
 0001:00013cd6       _Com_WPrintf               00414cd6 f   common.obj
 0001:00013d2f       _Com_Error                 00414d2f f   common.obj
 0001:00013e0d       _Com_Quit                  00414e0d f   common.obj
 0001:00013e3d       _MatchWildcard             00414e3d f   common.obj
 0001:00013f7d       _MatchWildcard2            00414f7d f   common.obj
 0001:00013fc9       _IPWildcard                00414fc9 f   common.obj
 0001:000140a4       _Com_ServerState           004150a4 f   common.obj
 0001:000140aa       _Com_SetServerState        004150aa f   common.obj
 0001:000140b4       _MSG_WriteByte             004150b4 f   common.obj
 0001:000140b4       _MSG_WriteChar             004150b4 f   common.obj
 0001:000140c8       _MSG_WriteShort            004150c8 f   common.obj
 0001:000140e2       _MSG_WriteLong             004150e2 f   common.obj
 0001:0001410c       _MSG_WriteFloat            0041510c f   common.obj
 0001:00014132       _MSG_WriteString           00415132 f   common.obj
 0001:0001416a       _MSG_WriteCoord            0041516a f   common.obj
 0001:00014193       _MSG_WritePos              00415193 f   common.obj
 0001:00014207       _MSG_WriteAngle            00415207 f   common.obj
 0001:0001422a       _MSG_WriteAngle16          0041522a f   common.obj
 0001:00014259       _MSG_WriteDeltaUsercmd     00415259 f   common.obj
 0001:000143e1       _MSG_WriteDir              004153e1 f   common.obj
 0001:0001444e       _MSG_ReadDir               0041544e f   common.obj
 0001:0001448c       _MSG_WriteDeltaEntity      0041548c f   common.obj
 0001:00014985       _MSG_BeginReading          00415985 f   common.obj
 0001:0001498e       _MSG_ReadChar              0041598e f   common.obj
 0001:000149af       _MSG_ReadByte              004159af f   common.obj
 0001:000149d0       _MSG_ReadShort             004159d0 f   common.obj
 0001:00014a00       _MSG_ReadLong              00415a00 f   common.obj
 0001:00014a3f       _MSG_ReadString            00415a3f f   common.obj
 0001:00014a72       _MSG_ReadStringLine        00415a72 f   common.obj
 0001:00014aaa       _MSG_ReadCoord             00415aaa f   common.obj
 0001:00014ac4       _MSG_ReadPos               00415ac4 f   common.obj
 0001:00014b16       _MSG_ReadAngle             00415b16 f   common.obj
 0001:00014b30       _MSG_ReadAngle16           00415b30 f   common.obj
 0001:00014b4a       _MSG_ReadDeltaUsercmd      00415b4a f   common.obj
 0001:00014c01       _MSG_ReadData              00415c01 f   common.obj
 0001:00014c24       _SZ_Init                   00415c24 f   common.obj
 0001:00014c46       _SZ_Clear                  00415c46 f   common.obj
 0001:00014c53       _SZ_GetSpace               00415c53 f   common.obj
 0001:00014cb9       _SZ_Write                  00415cb9 f   common.obj
 0001:00014cda       _SZ_Print                  00415cda f   common.obj
 0001:00014d23       _COM_Argc                  00415d23 f   common.obj
 0001:00014d29       _COM_Argv                  00415d29 f   common.obj
 0001:00014d4a       _COM_ClearArgv             00415d4a f   common.obj
 0001:00014d72       _COM_InitArgv              00415d72 f   common.obj
 0001:00014dcd       _Info_Print                00415dcd f   common.obj
 0001:00014e8a       _COM_BlockSequenceCRCByte  00415e8a f   common.obj
 0001:00014f16       _frand                     00415f16 f   common.obj
 0001:00014f33       _crand                     00415f33 f   common.obj
 0001:00014f56       _Qcommon_Init              00415f56 f   common.obj
 0001:000150aa       _Qcommon_Frame             004160aa f   common.obj
 0001:000153c6       _CCheckParm                004163c6 f   conproc.obj
 0001:000153ff       _InitConProc               004163ff f   conproc.obj
 0001:00015551       _DeinitConProc             00416551 f   conproc.obj
 0001:00015562       _RequestProc@4             00416562 f   conproc.obj
 0001:00015673       _WriteText                 00416673 f   conproc.obj
 0001:0001573a       _CharToCode                0041673a f   conproc.obj
 0001:000157c2       _SetConsoleCXCY            004167c2 f   conproc.obj
 0001:000158f9       _DrawStringCommon          004168f9 f   console.obj
 0001:00015956       _DrawString                00416956 f   console.obj
 0001:00015978       _DrawAltString             00416978 f   console.obj
 0001:0001599d       _Con_ToggleConsole_f       0041699d f   console.obj
 0001:00015a27       _Con_ClearNotify           00416a27 f   console.obj
 0001:00015a35       _Con_CheckResize           00416a35 f   console.obj
 0001:00015b55       _Con_Init                  00416b55 f   console.obj
 0001:00015df2       _Con_Print                 00416df2 f   console.obj
 0001:000160c2       _Con_DrawNotify            004170c2 f   console.obj
 0001:0001631c       _Con_DrawConsole           0041731c f   console.obj
 0001:00016858       _CRC_Block                 00417858 f   crc.obj
 0001:00016894       _Cvar_VariableValue        00417894 f   cvar.obj
 0001:00016902       _Cvar_VariableInt          00417902 f   cvar.obj
 0001:00016915       _Cvar_VariableString       00417915 f   cvar.obj
 0001:0001692d       _Cvar_Get                  0041792d f   cvar.obj
 0001:00016b89       _Cvar_GetVars              00417b89 f   cvar.obj
 0001:00016bdd       _Cvar_FullSet              00417bdd f   cvar.obj
 0001:00016c3a       _Cvar_SetValue             00417c3a f   cvar.obj
 0001:00016e25       _Cvar_SetInteger           00417e25 f   cvar.obj
 0001:00016e47       _Cvar_Set                  00417e47 f   cvar.obj
 0001:00016e5c       _Cvar_ForceSet             00417e5c f   cvar.obj
 0001:00016e71       _Cvar_Clamp                00417e71 f   cvar.obj
 0001:00016efb       _Cvar_ClampName            00417efb f   cvar.obj
 0001:00016f4c       _Cvar_GetLatchedVars       00417f4c f   cvar.obj
 0001:00016f7b       _Cvar_Command              00417f7b f   cvar.obj
 0001:00016fe9       _Cvar_WriteVariables       00417fe9 f   cvar.obj
 0001:0001704e       _Cvar_BitInfo              0041804e f   cvar.obj
 0001:00017087       _Cvar_Userinfo             00418087 f   cvar.obj
 0001:00017090       _Cvar_Serverinfo           00418090 f   cvar.obj
 0001:00017099       _Cvar_Init                 00418099 f   cvar.obj
 0001:000176cd       _FS_CreatePath             004186cd f   files.obj
 0001:00017717       _Developer_searchpath      00418717 f   files.obj
 0001:0001775c       _FS_FCloseFile             0041875c f   files.obj
 0001:000177f2       _FS_FOpenFile              004187f2 f   files.obj
 0001:00017d1a       _FS_FileExists             00418d1a f   files.obj
 0001:00017f54       _FS_Read                   00418f54 f   files.obj
 0001:0001819c       _FS_LoadFile               0041919c f   files.obj
 0001:000181fe       _FS_FreeFile               004191fe f   files.obj
 0001:00018209       _FS_LoadPackFile           00419209 f   files.obj
 0001:00018541       _FS_UnloadPackFile         00419541 f   files.obj
 0001:0001858e       _FS_AddGameDirectory       0041958e f   files.obj
 0001:00018725       _FS_Gamedir                00419725 f   files.obj
 0001:00018739       _FS_LoadGameConfig         00419739 f   files.obj
 0001:000187fe       _FS_SetGamedir             004197fe f   files.obj
 0001:00018997       _FS_ListFiles              00419997 f   files.obj
 0001:00018cc8       _FS_NextPath               00419cc8 f   files.obj
 0001:00018cec       _FS_InitFilesystem         00419cec f   files.obj
 0001:000196b2       _LoadPCX                   0041a6b2 f   images.obj
 0001:00019896       _LoadTGA                   0041a896 f   images.obj
 0001:00019c2c       _LoadJPG                   0041ac2c f   images.obj
 0001:00019ebf       _ImageExists               0041aebf f   images.obj
 0001:00019fc5       _WriteTGA                  0041afc5 f   images.obj
 0001:0001a071       _WriteJPG                  0041b071 f   images.obj
 0001:0001a199       _IN_MLookDown              0041b199 f   in_win.obj
 0001:0001a1a4       _IN_MLookUp                0041b1a4 f   in_win.obj
 0001:0001a1c7       _IN_StartupMouse           0041b1c7 f   in_win.obj
 0001:0001a221       _IN_MouseEvent             0041b221 f   in_win.obj
 0001:0001a29e       _IN_Init                   0041b29e f   in_win.obj
 0001:0001a2e4       _IN_Shutdown               0041b2e4 f   in_win.obj
 0001:0001a3c9       _IN_Activate               0041b3c9 f   in_win.obj
 0001:0001a3e0       _IN_Frame                  0041b3e0 f   in_win.obj
 0001:0001a7b4       _IN_Move                   0041b7b4 f   in_win.obj
 0001:0001a97f       _IN_StartupJoystick        0041b97f f   in_win.obj
 0001:0001aaa0       _Joy_AdvancedUpdate_f      0041baa0 f   in_win.obj
 0001:0001ac37       _IN_Commands               0041bc37 f   in_win.obj
 0001:0001ad66       _IN_ReadJoystick           0041bd66 f   in_win.obj
 0001:0001ada1       _IN_JoyMove                0041bda1 f   in_win.obj
 0001:0001b0f1       _Key_StringToKeynum        0041c0f1 f   keys.obj
 0001:0001b13b       _Key_KeynumToString        0041c13b f   keys.obj
 0001:0001b18e       _Key_Console               0041c18e f   keys.obj
 0001:0001bed5       _Key_Message               0041ced5 f   keys.obj
 0001:0001bf66       _Key_SetBinding            0041cf66 f   keys.obj
 0001:0001bfc0       _Key_Bindlist_f            0041cfc0 f   keys.obj
 0001:0001c05c       _Key_WriteBindings         0041d05c f   keys.obj
 0001:0001c09a       _Key_Init                  0041d09a f   keys.obj
 0001:0001c370       _Key_Event                 0041d370 f   keys.obj
 0001:0001c64f       _Key_ClearStates           0041d64f f   keys.obj
 0001:0001c694       _Key_ClearTyping           0041d694 f   keys.obj
 0001:0001c6ad       _MD4Init                   0041d6ad f   md4.obj
 0001:0001c6d5       _MD4Update                 0041d6d5 f   md4.obj
 0001:0001c773       _MD4Final                  0041d773 f   md4.obj
 0001:0001ce64       _Com_BlockChecksum         0041de64 f   md4.obj
 0001:0001cea0       _Z_Free                    0041dea0 f   memory.obj
 0001:0001cef6       _Z_FreeTags                0041def6 f   memory.obj
 0001:0001cf26       _Z_TagMalloc               0041df26 f   memory.obj
 0001:0001cf97       _Z_Malloc                  0041df97 f   memory.obj
 0001:0001cfb9       _Z_BlockMalloc             0041dfb9 f   memory.obj
 0001:0001cfd4       _CreateMemoryChain         0041dfd4 f   memory.obj
 0001:0001d03a       _FreeMemoryChain           0041e03a f   memory.obj
 0001:0001d064       _AllocChainBlock           0041e064 f   memory.obj
 0001:0001d0af       _CopyString                0041e0af f   memory.obj
 0001:0001d0d3       _ChainCopyString           0041e0d3 f   memory.obj
 0001:0001d0fb       _AllocNamedStruc           0041e0fb f   memory.obj
 0001:0001d136       _ChainAllocNamedStruc      0041e136 f   memory.obj
 0001:0001d175       _FindNamedStruc            0041e175 f   memory.obj
 0001:0001d1b9       _FindNamedStrucByIndex     0041e1b9 f   memory.obj
 0001:0001d1d0       _IndexOfNamedStruc         0041e1d0 f   memory.obj
 0001:0001d1fe       _AddToNamedList            0041e1fe f   memory.obj
 0001:0001d248       _ChainAddToNamedList       0041e248 f   memory.obj
 0001:0001d292       _FreeNamedList             0041e292 f   memory.obj
 0001:0001d2ad       _Z_Init                    0041e2ad f   memory.obj
 0001:0001d2e8       _M_PushMenu                0041e2e8 f   menu.obj
 0001:0001d3a5       _M_ForceMenuOff            0041e3a5 f   menu.obj
 0001:0001d3d2       _M_PopMenu                 0041e3d2 f   menu.obj
 0001:0001d426       _Default_MenuKey           0041e426 f   menu.obj
 0001:0001d550       _M_Print                   0041e550 f   menu.obj
 0001:0001d59b       _M_DrawTextBox             0041e59b f   menu.obj
 0001:0001d787       _M_Main_Draw               0041e787 f   menu.obj
 0001:0001d8f8       _M_Main_Key                0041e8f8 f   menu.obj
 0001:0001d9dc       _M_Menu_Main_f             0041e9dc f   menu.obj
 0001:0001d9f8       _M_Menu_Multiplayer_f      0041e9f8 f   menu.obj
 0001:0001db7d       _M_Menu_Keys_f             0041eb7d f   menu.obj
 0001:0001e057       _M_Menu_Options_f          0041f057 f   menu.obj
 0001:0001e948       _M_Menu_Video_f            0041f948 f   menu.obj
 0001:0001e969       _M_Menu_Credits_f          0041f969 f   menu.obj
 0001:0001eb37       _M_Menu_Game_f             0041fb37 f   menu.obj
 0001:0001edca       _M_Menu_LoadGame_f         0041fdca f   menu.obj
 0001:0001ef77       _M_Menu_SaveGame_f         0041ff77 f   menu.obj
 0001:0001f0b2       _M_AddToServerList         004200b2 f   menu.obj
 0001:0001f130       _M_Menu_JoinServer_f       00420130 f   menu.obj
 0001:0001f394       _M_Menu_StartServer_f      00420394 f   menu.obj
 0001:0001fbbf       _M_Menu_DMOptions_f        00420bbf f   menu.obj
 0001:00020378       _M_Menu_DownloadOptions_f  00421378 f   menu.obj
 0001:000205fa       _M_Menu_AddressBook_f      004215fa f   menu.obj
 0001:00021814       _M_Init                    00422814 f   menu.obj
 0001:00021938       _M_Draw                    00422938 f   menu.obj
 0001:000219cc       _M_Keydown                 004229cc f   menu.obj
 0001:000219e8       _LoadQ2BspFile             004229e8 f   model.obj
 0001:00021fb1       _LoadBspFile               00422fb1 f   model.obj
 0001:000220d1       _ProcessEntstring          004230d1 f   model.obj
 0001:00022eea       _Netchan_Init              00423eea f   net_chan.obj
 0001:00022f4a       _Netchan_OutOfBand         00423f4a f   net_chan.obj
 0001:00022faa       _Netchan_OutOfBandPrint    00423faa f   net_chan.obj
 0001:00022fea       _Netchan_Setup             00423fea f   net_chan.obj
 0001:00023045       _Netchan_NeedReliable      00424045 f   net_chan.obj
 0001:00023071       _Netchan_Transmit          00424071 f   net_chan.obj
 0001:00023215       _Netchan_Process           00424215 f   net_chan.obj
 0001:0002333c       _NetadrToSockadr           0042433c f   net_wins.obj
 0001:000233de       _SockadrToNetadr           004243de f   net_wins.obj
 0001:00023441       _NET_CompareAdr            00424441 f   net_wins.obj
 0001:000234a7       _NET_CompareBaseAdr        004244a7 f   net_wins.obj
 0001:00023500       _NET_AdrToString           00424500 f   net_wins.obj
 0001:000235b9       _NET_StringToSockaddr      004245b9 f   net_wins.obj
 0001:000237f2       _NET_StringToAdr           004247f2 f   net_wins.obj
 0001:0002384b       _NET_IsLocalAddress        0042484b f   net_wins.obj
 0001:00023857       _NET_GetLoopPacket         00424857 f   net_wins.obj
 0001:000238de       _NET_SendLoopPacket        004248de f   net_wins.obj
 0001:0002392a       _NET_GetPacket             0042492a f   net_wins.obj
 0001:00023a4a       _NET_SendPacket            00424a4a f   net_wins.obj
 0001:00023b2c       _NET_IPSocket              00424b2c f   net_wins.obj
 0001:00023c42       _NET_OpenIP                00424c42 f   net_wins.obj
 0001:00023d63       _NET_IPXSocket             00424d63 f   net_wins.obj
 0001:00023e65       _NET_OpenIPX               00424e65 f   net_wins.obj
 0001:00023f4d       _NET_Config                00424f4d f   net_wins.obj
 0001:00023fc5       _NET_Sleep                 00424fc5 f   net_wins.obj
 0001:00024092       _NET_Init                  00425092 f   net_wins.obj
 0001:000240ce       _Pmove                     004250ce f   pmove.obj
 0001:00025c0f       _NormalizeColor            00426c0f f   q_shared2.obj
 0001:00025c7b       _NormalizeColor255         00426c7b f   q_shared2.obj
 0001:00025ceb       _Q_rsqrt                   00426ceb f   q_shared2.obj
 0001:00025d1b       _RotatePointAroundVector   00426d1b f   q_shared2.obj
 0001:00025e8b       _AngleVectors              00426e8b f   q_shared2.obj
 0001:00025fec       _ProjectPointOnPlane       00426fec f   q_shared2.obj
 0001:0002606b       _PerpendicularVector       0042706b f   q_shared2.obj
 0001:000260ea       _MakeNormalVectors         004270ea f   q_shared2.obj
 0001:00026151       _MatrixMultiply            00427151 f   q_shared2.obj
 0001:00026238       _R_ConcatTransforms        00427238 f   q_shared2.obj
 0001:00026372       _SetPlaneSignbits          00427372 f   q_shared2.obj
 0001:000263a2       _LerpAngle                 004273a2 f   q_shared2.obj
 0001:000263e5       _anglemod                  004273e5 f   q_shared2.obj
 0001:00026409       _BoxOnPlaneSide            00427409 f   q_shared2.obj
 0001:00026525       _ClearBounds               00427525 f   q_shared2.obj
 0001:0002654e       _AddPointToBounds          0042754e f   q_shared2.obj
 0001:00026587       _VectorCompare             00427587 f   q_shared2.obj
 0001:000265b5       _VectorNormalize           004275b5 f   q_shared2.obj
 0001:00026609       _VectorNormalize2          00427609 f   q_shared2.obj
 0001:00026661       _VectorNormalizeFast       00427661 f   q_shared2.obj
 0001:000266a4       _VectorMA                  004276a4 f   q_shared2.obj
 0001:000266d3       _CrossProduct              004276d3 f   q_shared2.obj
 0001:0002670e       _VectorLength              0042770e f   q_shared2.obj
 0001:0002673d       _VectorDistance            0042773d f   q_shared2.obj
 0001:0002676e       _VectorInverse             0042776e f   q_shared2.obj
 0001:00026789       _VectorScale               00427789 f   q_shared2.obj
 0001:000267ad       _AnglesToAxis              004277ad f   q_shared2.obj
 0001:000267f2       _COM_StripExtension        004277f2 f   q_shared2.obj
 0001:00026813       _COM_FilePath              00427813 f   q_shared2.obj
 0001:00026849       _ShortSwap                 00427849 f   q_shared2.obj
 0001:0002685e       _va                        0042785e f   q_shared2.obj
 0001:000268ab       _COM_ParseExt              004278ab f   q_shared2.obj
 0001:000269a6       _Com_PageInMemory          004279a6 f   q_shared2.obj
 0001:000269c5       _Q_stricmp                 004279c5 f   q_shared2.obj
 0001:000269d6       _Q_strncasecmp             004279d6 f   q_shared2.obj
 0001:00026a2e       _Q_strcasecmp              00427a2e f   q_shared2.obj
 0001:00026a44       _Q_strncpyz                00427a44 f   q_shared2.obj
 0001:00026a68       _Q_strncpylower            00427a68 f   q_shared2.obj
 0001:00026aa2       _Q_CopyFilename            00427aa2 f   q_shared2.obj
 0001:00026b3c       _Com_sprintf               00427b3c f   q_shared2.obj
 0001:00026b81       _Info_ValueForKey          00427b81 f   q_shared2.obj
 0001:00026c0c       _Info_RemoveKey            00427c0c f   q_shared2.obj
 0001:00026c92       _Info_SetValueForKey       00427c92 f   q_shared2.obj
 0001:00026dd0       _Field_Draw                00427dd0 f   qmenu.obj
 0001:00026fe4       _Field_Key                 00427fe4 f   qmenu.obj
 0001:0002724d       _Menu_AddItem              0042824d f   qmenu.obj
 0001:00027282       _Menu_AdjustCursor         00428282 f   qmenu.obj
 0001:000273c1       _Menu_Center               004283c1 f   qmenu.obj
 0001:000273f9       _Menu_DrawDotsItem         004283f9 f   qmenu.obj
 0001:0002745e       _Menu_Draw                 0042845e f   qmenu.obj
 0001:0002770f       _Menu_ItemAtCursor         0042870f f   qmenu.obj
 0001:00027727       _Menu_SelectItem           00428727 f   qmenu.obj
 0001:00027769       _Menu_SetStatusBar         00428769 f   qmenu.obj
 0001:00027778       _Menu_SlideItem            00428778 f   qmenu.obj
 0001:000277c8       _Menu_TallySlots           004287c8 f   qmenu.obj
 0001:00027c78       _S_SoundInfo_f             00428c78 f   snd_dma.obj
 0001:00027d02       _S_ReadModelsSex           00428d02 f   snd_dma.obj
 0001:00027deb       _S_IsFemale                00428deb f   snd_dma.obj
 0001:00027e79       _S_Init                    00428e79 f   snd_dma.obj
 0001:00027f4c       _S_Shutdown                00428f4c f   snd_dma.obj
 0001:00027fd6       _S_FindName                00428fd6 f   snd_dma.obj
 0001:000280c2       _S_AliasName               004290c2 f   snd_dma.obj
 0001:0002814e       _S_BeginRegistration       0042914e f   snd_dma.obj
 0001:0002815f       _S_RegisterSound           0042915f f   snd_dma.obj
 0001:000281c5       _S_EndRegistration         004291c5 f   snd_dma.obj
 0001:00028258       _S_PickChannel             00429258 f   snd_dma.obj
 0001:000282ef       _S_SpatializeOrigin        004292ef f   snd_dma.obj
 0001:000283f7       _S_Spatialize              004293f7 f   snd_dma.obj
 0001:00028465       _S_AllocPlaysound          00429465 f   snd_dma.obj
 0001:00028484       _S_FreePlaysound           00429484 f   snd_dma.obj
 0001:000284b4       _S_IssuePlaysound          004294b4 f   snd_dma.obj
 0001:00028572       _S_RegisterSexedSound      00429572 f   snd_dma.obj
 0001:00028656       _S_StartSound              00429656 f   snd_dma.obj
 0001:000287ec       _S_StartLocalSound         004297ec f   snd_dma.obj
 0001:0002883b       _S_ClearBuffer             0042983b f   snd_dma.obj
 0001:00028893       _S_StopAllSounds           00429893 f   snd_dma.obj
 0001:0002890e       _S_AddLoopSounds           0042990e f   snd_dma.obj
 0001:00028ae3       _S_RawSamples              00429ae3 f   snd_dma.obj
 0001:00028ce7       _S_Update                  00429ce7 f   snd_dma.obj
 0001:00028e0e       _GetSoundtime              00429e0e f   snd_dma.obj
 0001:00028e75       _S_Update_                 00429e75 f   snd_dma.obj
 0001:00028f0b       _S_Play                    00429f0b f   snd_dma.obj
 0001:00028fbb       _S_SoundList               00429fbb f   snd_dma.obj
 0001:0002907c       _ResampleSfx               0042a07c f   snd_mem.obj
 0001:00029180       _S_LoadSound               0042a180 f   snd_mem.obj
 0001:000292a6       _GetLittleShort            0042a2a6 f   snd_mem.obj
 0001:000292c3       _GetLittleLong             0042a2c3 f   snd_mem.obj
 0001:000292f1       _FindNextChunk             0042a2f1 f   snd_mem.obj
 0001:0002934d       _GetWavinfo                0042a34d f   snd_mem.obj
 0001:00029520       _S_WriteLinearBlastStereo16 0042a520 f   snd_mix.obj
 0001:00029594       _S_TransferStereo16        0042a594 f   snd_mix.obj
 0001:000295fd       _S_TransferPaintBuffer     0042a5fd f   snd_mix.obj
 0001:00029759       _S_PaintChannels           0042a759 f   snd_mix.obj
 0001:0002997e       _S_InitScaletable          0042a97e f   snd_mix.obj
 0001:000299d1       _S_PaintChannelFrom8       0042a9d1 f   snd_mix.obj
 0001:00029ad3       _S_PaintChannelFrom16      0042aad3 f   snd_mix.obj
 0001:00029b3e       _FreeSound                 0042ab3e f   snd_win.obj
 0001:00029c4e       _SNDDMA_InitDirect         0042ac4e f   snd_win.obj
 0001:0002a11d       _SNDDMA_Init               0042b11d f   snd_win.obj
 0001:0002a199       _SNDDMA_GetDMAPos          0042b199 f   snd_win.obj
 0001:0002a1e3       _SNDDMA_BeginPainting      0042b1e3 f   snd_win.obj
 0001:0002a2e5       _SNDDMA_Submit             0042b2e5 f   snd_win.obj
 0001:0002a30a       _SNDDMA_Shutdown           0042b30a f   snd_win.obj
 0001:0002a30f       _S_Activate                0042b30f f   snd_win.obj
 0001:0002a33a       _SV_SetMaster_f            0042b33a f   sv_ccmds.obj
 0001:0002a44c       _SV_WipeSavegame           0042b44c f   sv_ccmds.obj
 0001:0002a49b       _SV_CopySaveGame           0042b49b f   sv_ccmds.obj
 0001:0002a61a       _SV_WriteLevelFile         0042b61a f   sv_ccmds.obj
 0001:0002a6c8       _SV_ReadLevelFile          0042b6c8 f   sv_ccmds.obj
 0001:0002a776       _SV_WriteServerFile        0042b776 f   sv_ccmds.obj
 0001:0002a9c7       _SV_ReadServerFile         0042b9c7 f   sv_ccmds.obj
 0001:0002aae1       _SV_DemoMap_f              0042bae1 f   sv_ccmds.obj
 0001:0002ab19       _SV_GameMap_f              0042bb19 f   sv_ccmds.obj
 0001:0002ac89       _SV_Map_f                  0042bc89 f   sv_ccmds.obj
 0001:0002acf6       _SV_Loadgame_f             0042bcf6 f   sv_ccmds.obj
 0001:0002adee       _SV_Savegame_f             0042bdee f   sv_ccmds.obj
 0001:0002aeee       _SV_AddressBanned          0042beee f   sv_ccmds.obj
 0001:0002af30       _SV_InitOperatorCommands   0042bf30 f   sv_ccmds.obj
 0001:0002b942       _SV_EmitPacketEntities     0042c942 f   sv_ents.obj
 0001:0002bab0       _SV_WritePlayerstateToClient 0042cab0 f   sv_ents.obj
 0001:0002bf6e       _SV_WriteFrameToClient     0042cf6e f   sv_ents.obj
 0001:0002c02a       _SV_FatPVS                 0042d02a f   sv_ents.obj
 0001:0002c157       _SV_BuildClientFrame       0042d157 f   sv_ents.obj
 0001:0002c422       _SV_RecordDemoMessage      0042d422 f   sv_ents.obj
 0001:0002c541       _SV_ShutdownGameProgs      0042d541 f   sv_game.obj
 0001:0002c55a       _SV_InitGameProgs          0042d55a f   sv_game.obj
 0001:0002ce05       _SV_FindIndex              0042de05 f   sv_init.obj
 0001:0002cecc       _SV_ModelIndex             0042decc f   sv_init.obj
 0001:0002cee2       _SV_SoundIndex             0042dee2 f   sv_init.obj
 0001:0002cefb       _SV_ImageIndex             0042defb f   sv_init.obj
 0001:0002cf14       _SV_CreateBaseline         0042df14 f   sv_init.obj
 0001:0002cf77       _SV_CheckForSavegame       0042df77 f   sv_init.obj
 0001:0002cfff       _SV_SpawnServer            0042dfff f   sv_init.obj
 0001:0002d27c       _SV_InitGame               0042e27c f   sv_init.obj
 0001:0002d467       _SV_Map                    0042e467 f   sv_init.obj
 0001:0002d65e       _SV_DropClient             0042e65e f   sv_main.obj
 0001:0002d6d3       _SV_StatusString           0042e6d3 f   sv_main.obj
 0001:0002d7ba       _SVC_Status                0042e7ba f   sv_main.obj
 0001:0002d7e3       _SVC_Ack                   0042e7e3 f   sv_main.obj
 0001:0002d7fc       _SVC_Info                  0042e7fc f   sv_main.obj
 0001:0002d8b2       _SVC_GetChallenge          0042e8b2 f   sv_main.obj
 0001:0002d95a       _SVC_DirectConnect         0042e95a f   sv_main.obj
 0001:0002ddb4       _Rcon_Validate             0042edb4 f   sv_main.obj
 0001:0002dde5       _SVC_RemoteCommand         0042ede5 f   sv_main.obj
 0001:0002deb7       _SV_ConnectionlessPacket   0042eeb7 f   sv_main.obj
 0001:0002dff3       _SV_CalcPings              0042eff3 f   sv_main.obj
 0001:0002e07a       _SV_GiveMsec               0042f07a f   sv_main.obj
 0001:0002e0b9       _SV_ReadPackets            0042f0b9 f   sv_main.obj
 0001:0002e1cf       _SV_CheckTimeouts          0042f1cf f   sv_main.obj
 0001:0002e275       _SV_PostprocessFrame       0042f275 f   sv_main.obj
 0001:0002e6a0       _SV_Frame                  0042f6a0 f   sv_main.obj
 0001:0002e7f9       _Master_Heartbeat          0042f7f9 f   sv_main.obj
 0001:0002e89d       _Master_Shutdown           0042f89d f   sv_main.obj
 0001:0002e910       _SV_UserinfoChanged        0042f910 f   sv_main.obj
 0001:0002e9d3       _SV_Init                   0042f9d3 f   sv_main.obj
 0001:0002ea36       _SV_Shutdown               0042fa36 f   sv_main.obj
 0001:0002eb8c       _SV_FlushRedirect          0042fb8c f   sv_send.obj
 0001:0002ebfe       _SV_ClientPrintf           0042fbfe f   sv_send.obj
 0001:0002ec54       _SV_BroadcastPrintf        0042fc54 f   sv_send.obj
 0001:0002ed25       _SV_BroadcastCommand       0042fd25 f   sv_send.obj
 0001:0002ed77       _SV_Multicast              0042fd77 f   sv_send.obj
 0001:0002ef22       _SV_MulticastOld           0042ff22 f   sv_send.obj
 0001:0002ef35       _SV_StartSound             0042ff35 f   sv_send.obj
 0001:0002f18f       _SV_StartSoundOld          0043018f f   sv_send.obj
 0001:0002f1bf       _SV_StartSoundNew          004301bf f   sv_send.obj
 0001:0002f1ef       _SV_SendClientDatagram     004301ef f   sv_send.obj
 0001:0002f2de       _SV_DemoCompleted          004302de f   sv_send.obj
 0001:0002f2fa       _SV_RateDrop               004302fa f   sv_send.obj
 0001:0002f345       _SV_SendClientMessages     00430345 f   sv_send.obj
 0001:0002f498       _SV_BeginDemoserver        00430498 f   sv_user.obj
 0001:0002f4e8       _SV_New_f                  004304e8 f   sv_user.obj
 0001:0002f65d       _SV_Configstrings_f        0043065d f   sv_user.obj
 0001:0002f7c1       _SV_Baselines_f            004307c1 f   sv_user.obj
 0001:0002f939       _SV_Begin_f                00430939 f   sv_user.obj
 0001:0002f996       _SV_NextDownload_f         00430996 f   sv_user.obj
 0001:0002fa6a       _SV_BeginDownload_f        00430a6a f   sv_user.obj
 0001:0002fca1       _SV_Disconnect_f           00430ca1 f   sv_user.obj
 0001:0002fcb1       _SV_ShowServerinfo_f       00430cb1 f   sv_user.obj
 0001:0002fcbe       _SV_Nextserver             00430cbe f   sv_user.obj
 0001:0002fd1d       _SV_Nextserver_f           00430d1d f   sv_user.obj
 0001:0002fd64       _SV_ExecuteUserCommand     00430d64 f   sv_user.obj
 0001:0002fdd1       _SV_ClientThink            00430dd1 f   sv_user.obj
 0001:0002fe14       _SV_ExecuteClientMessage   00430e14 f   sv_user.obj
 0001:00030045       _SV_ClearWorld             00431045 f   sv_world.obj
 0001:000301a0       _SV_UnlinkEdict            004311a0 f   sv_world.obj
 0001:000301db       _SV_LinkEdict              004311db f   sv_world.obj
 0001:0003074c       _SV_AreaEdicts             0043174c f   sv_world.obj
 0001:0003089d       _SV_PointContents          0043189d f   sv_world.obj
 0001:0003097a       _SV_ClipMoveToEntities     0043197a f   sv_world.obj
 0001:00030ccd       _SV_Trace                  00431ccd f   sv_world.obj
 0001:00030d59       _Sys_Error                 00431d59 f   sys_win.obj
 0001:00030db9       _Sys_Quit                  00431db9 f   sys_win.obj
 0001:00030df9       _Sys_ScanForCD             00431df9 f   sys_win.obj
 0001:00030e95       _Sys_Init                  00431e95 f   sys_win.obj
 0001:000312b4       _Sys_ConsoleInput          004322b4 f   sys_win.obj
 0001:00031414       _Sys_ConsoleOutput         00432414 f   sys_win.obj
 0001:000314c5       _Sys_SendKeyEvents         004324c5 f   sys_win.obj
 0001:0003152e       _Sys_GetClipboardData      0043252e f   sys_win.obj
 0001:00031587       _Sys_AppActivate           00432587 f   sys_win.obj
 0001:000315a2       _Sys_UnloadGame            004325a2 f   sys_win.obj
 0001:000315c7       _Sys_GetGameAPI            004325c7 f   sys_win.obj
 0001:000316b4       _ParseCommandLine          004326b4 f   sys_win.obj
 0001:00031729       _WinMain@16                00432729 f   sys_win.obj
 0001:00031866       _AppActivate               00432866 f   vid_dll.obj
 0001:0003199b       _Vid_CreateWindow          0043299b f   vid_dll.obj
 0001:00031fa8       _Vid_DestroyWindow         00432fa8 f   vid_dll.obj
 0001:00031ff1       _Vid_GetModeInfo           00432ff1 f   vid_dll.obj
 0001:00032020       _Vid_UpdateWindowPosAndSize 00433020 f   vid_dll.obj
 0001:00032087       _Vid_FreeReflib            00433087 f   vid_dll.obj
 0001:000320c8       _Vid_CheckChanges          004330c8 f   vid_dll.obj
 0001:00032482       _Vid_Init                  00433482 f   vid_dll.obj
 0001:000324f3       _Vid_Shutdown              004334f3 f   vid_dll.obj
 0001:00032521       _Vid_MenuInit              00433521 f   vid_menu.obj
 0001:00032c5c       _Vid_MenuDraw              00433c5c f   vid_menu.obj
 0001:00032cf0       _Vid_MenuKey               00433cf0 f   vid_menu.obj
 0001:00033028       _TesselateText             00434028 f   gl_backend.obj
 0001:00034b55       _GL_BackEnd                00435b55 f   gl_backend.obj
 0001:000361dc       _GL_InitBackend            004371dc f   gl_backend.obj
 0001:000362d9       _GL_ShutdownBackend        004372d9 f   gl_backend.obj
 0001:00036326       _GL_TextureMode            00437326 f   gl_image.obj
 0001:000363d5       _GL_CreateImage            004373d5 f   gl_image.obj
 0001:00037160       _GL_SetRawPalette          00438160 f   gl_image.obj
 0001:00037191       _GL_DrawStretchRaw         00438191 f   gl_image.obj
 0001:0003744c       _GL_SetupGamma             0043844c f   gl_image.obj
 0001:000375ec       _GL_PerformScreenshot      004385ec f   gl_image.obj
 0001:0003780b       _GL_InitImages             0043880b f   gl_image.obj
 0001:00037cef       _GL_ShutdownImages         00438cef f   gl_image.obj
 0001:00037d5e       _GL_ShowImages             00438d5e f   gl_image.obj
 0001:00037f94       _GL_FindImage              00438f94 f   gl_image.obj
 0001:0003836f       _GL_Lock                   0043936f f   gl_interface.obj
 0001:000383ec       _GL_Unlock                 004393ec f   gl_interface.obj
 0001:00038575       _GL_Bind                   00439575 f   gl_interface.obj
 0001:00038668       _GL_BindForce              00439668 f   gl_interface.obj
 0001:000386b4       _GL_TexEnv                 004396b4 f   gl_interface.obj
 0001:00038831       _GL_TexEnvColor            00439831 f   gl_interface.obj
 0001:000388dd       _GL_SelectTexture          004398dd f   gl_interface.obj
 0001:0003893b       _GL_TexCoordPointer        0043993b f   gl_interface.obj
 0001:0003896a       _GL_SetMultitexture        0043996a f   gl_interface.obj
 0001:00038a42       _GL_DisableTexCoordArrays  00439a42 f   gl_interface.obj
 0001:00038a9b       _GL_CullFace               00439a9b f   gl_interface.obj
 0001:00038aec       _GL_DepthRange             00439aec f   gl_interface.obj
 0001:00038b1f       _GL_State                  00439b1f f   gl_interface.obj
 0001:00038c78       _GL_EnableFog              00439c78 f   gl_interface.obj
 0001:00038d7c       _GL_SetDefaultState        00439d7c f   gl_interface.obj
 0001:00038e9b       _GL_Set2DMode              00439e9b f   gl_interface.obj
 0001:00038f99       _GL_Setup                  00439f99 f   gl_interface.obj
 0001:000390d2       _GL_ShowLights             0043a0d2 f   gl_light.obj
 0001:0003938f       _GL_LightForEntity         0043a38f f   gl_light.obj
 0001:0003a540       _GL_ApplyEntitySpherelights 0043b540 f   gl_light.obj
 0001:0003a6dc       _GL_DrawStretchPic         0043b6dc f   gl_main.obj
 0001:0003a798       _DrawTextLeft              0043b798 f   gl_main.obj
 0001:0003a8a3       _DrawTextRight             0043b8a3 f   gl_main.obj
 0001:0003a8f4       _GL_GetRefAPI              0043b8f4 f   gl_main.obj
 0001:0003c10e       _GL_InitFuncTables         0043d10e f   gl_math.obj
 0001:0003c2b8       _ModelToWorldCoord         0043d2b8 f   gl_math.obj
 0001:0003c30c       _WorldToModelCoord         0043d30c f   gl_math.obj
 0001:0003c353       _GL_FindModel              0043d353 f   gl_model.obj
 0001:0003c4ce       _GL_LoadWorldMap           0043d4ce f   gl_model.obj
 0001:0003e3a7       _GL_PointInLeaf            0043f3a7 f   gl_model.obj
 0001:0003ecd9       _ATAN2_FUNC                0043fcd9 f i gl_model.obj
 0001:0003ee72       _GL_FindSkin               0043fe72 f   gl_model.obj
 0001:0003efc8       _GL_ResetModels            0043ffc8 f   gl_model.obj
 0001:0003f092       _GL_InitModels             00440092 f   gl_model.obj
 0001:0003f0ff       _GL_ShutdownModels         004400ff f   gl_model.obj
 0001:0003f115       _GL_InitShaders            00440115 f   gl_shader.obj
 0001:0003f23e       _GL_ShutdownShaders        0044023e f   gl_shader.obj
 0001:0003f268       _GL_SetShaderLightmap      00440268 f   gl_shader.obj
 0001:0003f62f       _GL_SetShaderLightstyles   0044062f f   gl_shader.obj
 0001:0003f6cb       _GL_GetAlphaShader         004406cb f   gl_shader.obj
 0001:0003f982       _GL_FindShader             00440982 f   gl_shader.obj
 0001:0003fec0       _GL_GetShaderByNum         00440ec0 f   gl_shader.obj
 0001:0003fede       _GL_ResetShaders           00440ede f   gl_shader.obj
 0001:00040125       _GL_ClearSkyBox            00441125 f   gl_sky.obj
 0001:00040148       _GL_ShowWholeSky           00441148 f   gl_sky.obj
 0001:00040170       _GL_AddSkySurface          00441170 f   gl_sky.obj
 0001:00040762       _GL_TesselateSkySide       00441762 f   gl_sky.obj
 0001:00040a25       _GL_AddEntity              00441a25 f   gl_world.obj
 0001:00040e10       _GL_AddDlight              00441e10 f   gl_world.obj
 0001:00040fe7       _GL_DrawPortal             00441fe7 f   gl_world.obj
 0001:00042e9d       _GLimp_SetMode             00443e9d f   glw_imp.obj
 0001:0004313f       _GLimp_HasGamma            0044413f f   glw_imp.obj
 0001:00043154       _GLimp_SetGamma            00444154 f   glw_imp.obj
 0001:000432eb       _GLimp_Shutdown            004442eb f   glw_imp.obj
 0001:000433f8       _GLimp_Init                004443f8 f   glw_imp.obj
 0001:0004373c       _GLimp_EndFrame            0044473c f   glw_imp.obj
 0001:000437d8       _GLimp_AppActivate         004447d8 f   glw_imp.obj
 0001:000451b8       _QGL_Shutdown              004461b8 f   qgl_win.obj
 0001:000451de       _QGL_Init                  004461de f   qgl_win.obj
 0001:00045262       _QGL_InitExtensions        00446262 f   qgl_win.obj
 0001:0004554c       _QGL_EnableLogging         0044654c f   qgl_win.obj
 0001:00045617       _QGL_LogMessage            00446617 f   qgl_win.obj
 0001:0004562e       _GL_AllocDynamicMemory     0044662e f   gl_buffers.obj
 0001:0004569c       _GL_ResizeDynamicMemory    0044669c f   gl_buffers.obj
 0001:000456ee       _GL_AddSurfaceToPortal     004466ee f   gl_buffers.obj
 0001:00045751       _GL_AddDynamicSurface      00446751 f   gl_buffers.obj
 0001:00045779       _GL_InsertShaderIndex      00446779 f   gl_buffers.obj
 0001:000457c5       _GL_ClearPortal            004467c5 f   gl_buffers.obj
 0001:000457e1       _GL_FinishPortal           004467e1 f   gl_buffers.obj
 0001:00045837       _GL_SortSurfaces           00446837 f   gl_buffers.obj
 0001:000459d2       _GL_ClearBuffers           004469d2 f   gl_buffers.obj
 0001:000459e9       _Hunk_Begin                004469e9 f   q_shwin.obj
 0001:00045a23       _Hunk_Alloc                00446a23 f   q_shwin.obj
 0001:00045aaa       _Hunk_End                  00446aaa f   q_shwin.obj
 0001:00045ab0       _Hunk_Free                 00446ab0 f   q_shwin.obj
 0001:00045ac9       _Sys_Milliseconds          00446ac9 f   q_shwin.obj
 0001:00045afd       _Sys_Mkdir                 00446afd f   q_shwin.obj
 0001:00045b09       _Sys_FindFirst             00446b09 f   q_shwin.obj
 0001:00045c2a       _Sys_FindNext              00446c2a f   q_shwin.obj
 0001:00045c9c       _Sys_FindClose             00446c9c f   q_shwin.obj
 0001:00045cb6       _R_Alias_clip_z            00446cb6 f   r_aclip.obj
 0001:00045d63       _R_Alias_clip_left         00446d63 f   r_aclip.obj
 0001:00045f31       _R_Alias_clip_right        00446f31 f   r_aclip.obj
 0001:000460ff       _R_Alias_clip_top          004470ff f   r_aclip.obj
 0001:000462cf       _R_Alias_clip_bottom       004472cf f   r_aclip.obj
 0001:0004649f       _R_AliasClip               0044749f f   r_aclip.obj
 0001:0004656f       _R_AliasClipTriangle       0044756f f   r_aclip.obj
 0001:00046761       _R_AliasCheckFrameBBox     00447761 f   r_alias.obj
 0001:00046894       _R_AliasCheckBBox          00447894 f   r_alias.obj
 0001:000468f8       _R_AliasTransformVector    004478f8 f   r_alias.obj
 0001:00046954       _R_AliasPreparePoints      00447954 f   r_alias.obj
 0001:00046bec       _R_AliasSetUpTransform     00447bec f   r_alias.obj
 0001:00046d7b       _R_AliasTransformFinalVerts 00447d7b f   r_alias.obj
 0001:00046f4c       _R_AliasProjectAndClipTestFinalVert 00447f4c f   r_alias.obj
 0001:00046fd4       _R_AliasSetupLighting      00447fd4 f   r_alias.obj
 0001:0004713e       _R_AliasSetupFrames        0044813e f   r_alias.obj
 0001:000471b2       _R_AliasSetUpLerpData      004481b2 f   r_alias.obj
 0001:000472da       _R_AliasDrawModel          004482da f   r_alias.obj
 0001:00047561       _R_EntityRotate            00448561 f   r_bsp.obj
 0001:000475e2       _R_RotateBmodel            004485e2 f   r_bsp.obj
 0001:0004773d       _R_RecursiveClipBPoly      0044873d f   r_bsp.obj
 0001:00047a6d       _R_DrawSolidClippedSubmodelPolygons 00448a6d f   r_bsp.obj
 0001:00047bf4       _R_DrawSubmodelPolygons    00448bf4 f   r_bsp.obj
 0001:00047c84       _R_RecursiveWorldNode      00448c84 f   r_bsp.obj
 0001:00047edf       _R_RenderWorld             00448edf f   r_bsp.obj
 0001:00047f4e       _Draw_FindPic              00448f4e f   r_draw.obj
 0001:00047f91       _Draw_InitLocal            00448f91 f   r_draw.obj
 0001:00047fa2       _Draw_Char                 00448fa2 f   r_draw.obj
 0001:00048083       _Draw_CharColor            00449083 f   r_draw.obj
 0001:00048192       _R_DrawTexts               00449192 f   r_draw.obj
 0001:00048208       _DrawText_Pos              00449208 f   r_draw.obj
 0001:00048314       _DrawText_Left             00449314 f   r_draw.obj
 0001:00048350       _DrawText_Right            00449350 f   r_draw.obj
 0001:0004839f       _Draw_GetPicSize           0044939f f   r_draw.obj
 0001:000483df       _Draw_StretchPicImplementation 004493df f   r_draw.obj
 0001:00048509       _Draw_StretchPic           00449509 f   r_draw.obj
 0001:00048541       _Draw_StretchRaw           00449541 f   r_draw.obj
 0001:00048573       _Draw_Pic                  00449573 f   r_draw.obj
 0001:0004872c       _Draw_PicColor             0044972c f   r_draw.obj
 0001:000488e5       _Draw_TileClear            004498e5 f   r_draw.obj
 0001:000489b5       _Draw_Fill                 004499b5 f   r_draw.obj
 0001:00048a51       _Draw_Fade                 00449a51 f   r_draw.obj
 0001:00048ab3       _R_BeginEdgeFrame          00449ab3 f   r_edge.obj
 0001:00048b6f       _R_InsertNewEdges          00449b6f f   r_edge.obj
 0001:00048bb5       _R_RemoveEdges             00449bb5 f   r_edge.obj
 0001:00048bd3       _R_StepActiveU             00449bd3 f   r_edge.obj
 0001:00048c67       _R_CleanupSpan             00449c67 f   r_edge.obj
 0001:00048cb7       _R_LeadingEdgeBackwards    00449cb7 f   r_edge.obj
 0001:00048d4c       _R_TrailingEdge            00449d4c f   r_edge.obj
 0001:00048db0       _R_LeadingEdge             00449db0 f   r_edge.obj
 0001:00048f53       _R_GenerateSpans           00449f53 f   r_edge.obj
 0001:00048fc1       _R_GenerateSpansBackward   00449fc1 f   r_edge.obj
 0001:0004902f       _R_ScanEdges               0044a02f f   r_edge.obj
 0001:00049206       _D_FlatFillSurface         0044a206 f   r_edge.obj
 0001:00049260       _D_CalcGradients           0044a260 f   r_edge.obj
 0001:00049477       _D_BackgroundSurf          0044a477 f   r_edge.obj
 0001:000494b7       _D_TurbulentSurf           0044a4b7 f   r_edge.obj
 0001:000495d9       _D_SkySurf                 0044a5d9 f   r_edge.obj
 0001:0004965a       _D_SolidSurf               0044a65a f   r_edge.obj
 0001:000497c5       _D_DrawflatSurfaces        0044a7c5 f   r_edge.obj
 0001:00049815       _D_DrawSurfaces            0044a815 f   r_edge.obj
 0001:00049913       _R_ImageList_f             0044a913 f   r_image.obj
 0001:000499d4       _R_FindFreeImage           0044a9d4 f   r_image.obj
 0001:00049a22       _R_LoadPic                 0044aa22 f   r_image.obj
 0001:00049ab2       _R_LoadTex                 0044aab2 f   r_image.obj
 0001:00049b3e       _R_LoadWal                 0044ab3e f   r_image.obj
 0001:00049b94       _R_MipMap                  0044ab94 f   r_image.obj
 0001:00049cc2       _R_DownsampleImage         0044acc2 f   r_image.obj
 0001:00049dc7       _R_FindImage               0044adc7 f   r_image.obj
 0001:0004a16c       _R_RegisterSkin            0044b16c f   r_image.obj
 0001:0004a17a       _R_FreeUnusedImages        0044b17a f   r_image.obj
 0001:0004a1da       _R_InitImages              0044b1da f   r_image.obj
 0001:0004a240       _R_ShutdownImages          0044b240 f   r_image.obj
 0001:0004a27d       _R_MarkLights              0044b27d f   r_light.obj
 0001:0004a34c       _R_PushDlights             0044b34c f   r_light.obj
 0001:0004a3aa       _RecursiveLightPoint       0044b3aa f   r_light.obj
 0001:0004a659       _R_LightPoint              0044b659 f   r_light.obj
 0001:0004a770       _R_AddDynamicLights        0044b770 f   r_light.obj
 0001:0004aa0a       _R_BuildLightMap           0044ba0a f   r_light.obj
 0001:0004ab00       _R_InitTextures            0044bb00 f   r_main.obj
 0001:0004abc1       _R_InitTurb                0044bbc1 f   r_main.obj
 0001:0004ac3e       _R_Register                0044bc3e f   r_main.obj
 0001:0004aca6       _R_Init                    0044bca6 f   r_main.obj
 0001:0004ad37       _R_Shutdown                0044bd37 f   r_main.obj
 0001:0004adac       _R_NewMap                  0044bdac f   r_main.obj
 0001:0004ae56       _R_MarkLeaves              0044be56 f   r_main.obj
 0001:0004af7d       _R_DrawEntitiesOnList      0044bf7d f   r_main.obj
 0001:0004b18c       _R_BmodelCheckBBox         0044c18c f   r_main.obj
 0001:0004b23e       _R_FindTopnode             0044c23e f   r_main.obj
 0001:0004b2c6       _RotatedBBox               0044c2c6 f   r_main.obj
 0001:0004b425       _R_DrawBEntitiesOnList     0044c425 f   r_main.obj
 0001:0004b63d       _R_EdgeDrawing             0044c63d f   r_main.obj
 0001:0004b712       _R_CalcPalette             0044c712 f   r_main.obj
 0001:0004b817       _R_SetLightLevel           0044c817 f   r_main.obj
 0001:0004b867       _R_RenderFrame             0044c867 f   r_main.obj
 0001:0004ba58       _R_InitGraphics            0044ca58 f   r_main.obj
 0001:0004bace       _R_BeginFrame              0044cace f   r_main.obj
 0001:0004bbf1       _R_GammaCorrectAndSetPalette 0044cbf1 f   r_main.obj
 0001:0004bc50       _R_CinematicSetPalette     0044cc50 f   r_main.obj
 0001:0004bce7       _Draw_BuildGammaTable      0044cce7 f   r_main.obj
 0001:0004bd92       _R_DrawBeam                0044cd92 f   r_main.obj
 0001:0004bef8       _R_SetSky                  0044cef8 f   r_main.obj
 0001:0004bf73       _Draw_GetPalette           0044cf73 f   r_main.obj
 0001:0004c0bb       _Draw_ConCharColor         0044d0bb f   r_main.obj
 0001:0004c0dc       _GetRefAPI                 0044d0dc f   r_main.obj
 0001:0004c31b       _D_ViewChanged             0044d31b f   r_misc.obj
 0001:0004c477       _R_PrintTimes              0044d477 f   r_misc.obj
 0001:0004c4f1       _R_PrintDSpeeds            0044d4f1 f   r_misc.obj
 0001:0004c5b8       _R_PrintAliasStats         0044d5b8 f   r_misc.obj
 0001:0004c5cb       _R_TransformFrustum        0044d5cb f   r_misc.obj
 0001:0004c693       _TransformVector           0044d693 f   r_misc.obj
 0001:0004c6fe       _R_SetUpFrustumIndexes     0044d6fe f   r_misc.obj
 0001:0004c763       _R_ViewChanged             0044d763 f   r_misc.obj
 0001:0004ca72       _R_SetupFrame              0044da72 f   r_misc.obj
 0001:0004cc5e       __setargv                  0044dc5e f   r_misc.obj
 0001:0004cc5e       _Qcommon_Shutdown          0044dc5e f   r_misc.obj
 0001:0004cc5e       _R_SurfacePatch            0044dc5e f   r_misc.obj
 0001:0004cc5e       _jpeg_mem_term             0044dc5e f   r_misc.obj
 0001:0004cc5f       _WritePCXfile              0044dc5f f   r_misc.obj
 0001:0004cd81       _R_ScreenShot              0044dd81 f   r_misc.obj
 0001:0004ce90       _Mod_Modellist_f           0044de90 f   r_model.obj
 0001:0004ceee       _Mod_Init                  0044deee f   r_model.obj
 0001:0004cf06       _Mod_ForName               0044df06 f   r_model.obj
 0001:0004d142       _Mod_PointInLeaf           0044e142 f   r_model.obj
 0001:0004d1a4       _Mod_DecompressVis         0044e1a4 f   r_model.obj
 0001:0004d224       _Mod_ClusterPVS            0044e224 f   r_model.obj
 0001:0004d251       _Mod_LoadLighting          0044e251 f   r_model.obj
 0001:0004d2d0       _R_NumberLeafs             0044e2d0 f   r_model.obj
 0001:0004d31e       _Mod_LoadVertexes          0044e31e f   r_model.obj
 0001:0004d360       _Mod_LoadEdges             0044e360 f   r_model.obj
 0001:0004d3ae       _Mod_LoadTexinfo           0044e3ae f   r_model.obj
 0001:0004d516       _CalcSurfaceExtents        0044e516 f   r_model.obj
 0001:0004d6ab       _Mod_LoadFaces             0044e6ab f   r_model.obj
 0001:0004d812       _Mod_SetParent             0044e812 f   r_model.obj
 0001:0004d837       _Mod_LoadNodes             0044e837 f   r_model.obj
 0001:0004d92d       _Mod_LoadLeafs             0044e92d f   r_model.obj
 0001:0004d9d6       _Mod_LoadMarksurfaces      0044e9d6 f   r_model.obj
 0001:0004da52       _Mod_LoadSurfedges         0044ea52 f   r_model.obj
 0001:0004da91       _Mod_LoadPlanes            0044ea91 f   r_model.obj
 0001:0004daf6       _Mod_LoadBrushModel        0044eaf6 f   r_model.obj
 0001:0004dce8       _Mod_LoadAliasModel        0044ece8 f   r_model.obj
 0001:0004df63       _Mod_LoadSpriteModel       0044ef63 f   r_model.obj
 0001:0004e04a       _R_BeginRegistration       0044f04a f   r_model.obj
 0001:0004e0da       _R_RegisterModel           0044f0da f   r_model.obj
 0001:0004e1d2       _R_EndRegistration         0044f1d2 f   r_model.obj
 0001:0004e23d       _Mod_FreeAll               0044f23d f   r_model.obj
 0001:0004e282       _R_DrawParticle            0044f282 f   r_part.obj
 0001:0004e50b       _R_DrawParticles           0044f50b f   r_part.obj
 0001:0004e5b5       _R_DrawSpanletOpaque       0044f5b5 f   r_poly.obj
 0001:0004e645       _R_DrawSpanletTurbulentStipple33 0044f645 f   r_poly.obj
 0001:0004e770       _R_DrawSpanletTurbulentStipple66 0044f770 f   r_poly.obj
 0001:0004e951       _R_DrawSpanletTurbulentBlended66 0044f951 f   r_poly.obj
 0001:0004ea06       _R_DrawSpanletTurbulentBlended33 0044fa06 f   r_poly.obj
 0001:0004eabb       _R_DrawSpanlet33           0044fabb f   r_poly.obj
 0001:0004eb55       _R_DrawSpanletConstant33   0044fb55 f   r_poly.obj
 0001:0004ebae       _R_DrawSpanlet66           0044fbae f   r_poly.obj
 0001:0004ec4c       _R_DrawSpanlet33Stipple    0044fc4c f   r_poly.obj
 0001:0004ed67       _R_DrawSpanlet66Stipple    0044fd67 f   r_poly.obj
 0001:0004eef8       _R_ClipPolyFace            0044fef8 f   r_poly.obj
 0001:0004f069       _R_PolygonDrawSpans        00450069 f   r_poly.obj
 0001:0004f3f1       _R_PolygonScanLeftEdge     004503f1 f   r_poly.obj
 0001:0004f525       _R_PolygonScanRightEdge    00450525 f   r_poly.obj
 0001:0004f715       _R_ClipAndDrawPoly         00450715 f   r_poly.obj
 0001:0004f917       _R_BuildPolygonFromSurface 00450917 f   r_poly.obj
 0001:0004fb23       _R_PolygonCalculateGradients 00450b23 f   r_poly.obj
 0001:0004fddc       _R_DrawAlphaSurfaces       00450ddc f   r_poly.obj
 0001:0004fe72       _R_IMFlatShadedQuad        00450e72 f   r_poly.obj
 0001:0004ffb4       _R_InitAdivtab             00450fb4 f   r_polyse.obj
 0001:0005001f       _R_PolysetUpdateTables     0045101f f   r_polyse.obj
 0001:0005005a       _R_DrawTriangle            0045105a f   r_polyse.obj
 0001:0005016b       _R_PolysetScanLeftEdge_C   0045116b f   r_polyse.obj
 0001:00050335       _FloorDivMod               00451335 f   r_polyse.obj
 0001:000503d1       _R_PolysetSetUpForLineScan 004513d1 f   r_polyse.obj
 0001:0005045f       _R_PolysetCalcGradients    0045145f f   r_polyse.obj
 0001:0005066a       _R_PolysetDrawSpans8_33    0045166a f   r_polyse.obj
 0001:0005079a       _R_PolysetDrawSpansConstant8_33 0045179a f   r_polyse.obj
 0001:00050834       _R_PolysetDrawSpans8_66    00451834 f   r_polyse.obj
 0001:00050970       _R_PolysetDrawSpansConstant8_66 00451970 f   r_polyse.obj
 0001:00050a18       _R_PolysetDrawSpans8_Opaque 00451a18 f   r_polyse.obj
 0001:00050b63       _R_RasterizeAliasPolySmooth 00451b63 f   r_polyse.obj
 0001:00051143       _R_PolysetSetEdgeTable     00452143 f   r_polyse.obj
 0001:000511de       _R_InitSkyBox              004521de f   r_rast.obj
 0001:00051458       _R_EmitSkyBox              00452458 f   r_rast.obj
 0001:0005156b       _R_EmitEdge                0045256b f   r_rast.obj
 0001:0005193f       _R_ClipEdge                0045293f f   r_rast.obj
 0001:00051aed       _R_EmitCachedEdge          00452aed f   r_rast.obj
 0001:00051b44       _R_RenderFace              00452b44 f   r_rast.obj
 0001:00051f0b       _R_RenderBmodelFace        00452f0b f   r_rast.obj
 0001:00052174       _D_WarpScreen              00453174 f   r_scan.obj
 0001:0005231c       _D_DrawTurbulent8Span      0045331c f   r_scan.obj
 0001:000523a0       _Turbulent8                004533a0 f   r_scan.obj
 0001:00052674       _NonTurbulent8             00453674 f   r_scan.obj
 0001:00052932       _D_DrawSpans16             00453932 f   r_scan.obj
 0001:00052bcc       _D_DrawZSpans              00453bcc f   r_scan.obj
 0001:00052c89       _R_DrawSprite              00453c89 f   r_sprite.obj
 0001:00052f1e       _R_TextureAnimation        00453f1e f   r_surf.obj
 0001:00052f42       _R_DrawSurface             00453f42 f   r_surf.obj
 0001:000530a7       _R_DrawSurfaceBlock8_mip0  004540a7 f   r_surf.obj
 0001:000531a6       _R_DrawSurfaceBlock8_mip1  004541a6 f   r_surf.obj
 0001:000532a5       _R_DrawSurfaceBlock8_mip2  004542a5 f   r_surf.obj
 0001:000533a4       _R_DrawSurfaceBlock8_mip3  004543a4 f   r_surf.obj
 0001:000534a0       _R_InitCaches              004544a0 f   r_surf.obj
 0001:00053521       _D_FlushCaches             00454521 f   r_surf.obj
 0001:00053566       _D_SCAlloc                 00454566 f   r_surf.obj
 0001:000536fa       _D_CacheSurface            004546fa f   r_surf.obj
 0001:0005386f       _DDRAW_Init                0045486f f   rw_ddraw.obj
 0001:00053c7f       _DDRAW_SetPalette          00454c7f f   rw_ddraw.obj
 0001:00053ce8       _DDRAW_Shutdown            00454ce8 f   rw_ddraw.obj
 0001:00053e53       _DIB_Init                  00454e53 f   rw_dib.obj
 0001:00054038       _DIB_SetPalette            00455038 f   rw_dib.obj
 0001:000541fc       _DIB_Shutdown              004551fc f   rw_dib.obj
 0001:000542f5       _SWimp_Init                004552f5 f   rw_imp.obj
 0001:000542f9       _SWimp_EndFrame            004552f9 f   rw_imp.obj
 0001:00054465       _SWimp_SetMode             00455465 f   rw_imp.obj
 0001:00054587       _SWimp_SetPalette          00455587 f   rw_imp.obj
 0001:000545ac       _SWimp_Shutdown            004555ac f   rw_imp.obj
 0001:000545f3       _SWimp_AppActivate         004555f3 f   rw_imp.obj
 0001:0005462d       _adler32                   0045562d f   adler32.obj
 0001:00054746       _crc32                     00455746 f   crc32.obj
 0001:0005485c       _inflate_blocks_reset      0045585c f   infblock.obj
 0001:000548c7       _inflate_blocks_new        004558c7 f   infblock.obj
 0001:00054952       _inflate_blocks            00455952 f   infblock.obj
 0001:00055169       _inflate_blocks_free       00456169 f   infblock.obj
 0001:0005519d       _inflate_codes_new         0045619d f   infcodes.obj
 0001:000551d1       _inflate_codes             004561d1 f   infcodes.obj
 0001:0005578f       _inflate_codes_free        0045678f f   infcodes.obj
 0001:000557a0       _inflate_fast              004567a0 f   inffast.obj
 0001:00055a6b       _inflateReset              00456a6b f   inflate.obj
 0001:00055aaa       _inflateEnd                00456aaa f   inflate.obj
 0001:00055ae8       _inflateInit2_             00456ae8 f   inflate.obj
 0001:00055bd2       _inflate                   00456bd2 f   inflate.obj
 0001:00055f35       _inflate_trees_bits        00456f35 f   inftrees.obj
 0001:00056343       _inflate_trees_dynamic     00457343 f   inftrees.obj
 0001:00056446       _inflate_trees_fixed       00457446 f   inftrees.obj
 0001:00056475       _inflate_flush             00457475 f   infutil.obj
 0001:00056561       _ZipOpen                   00457561 f   zip.obj
 0001:000565cc       _ZipClose                  004575cc f   zip.obj
 0001:000565d8       _ZipEnum                   004575d8 f   zip.obj
 0001:000567b9       _ZipOpenFile               004577b9 f   zip.obj
 0001:000568c8       _ZipReadFile               004578c8 f   zip.obj
 0001:000569bf       _ZipCloseFile              004579bf f   zip.obj
 0001:00056a07       _ZipOpenBuf                00457a07 f   zip.obj
 0001:00056a5a       _ZipReadBuf                00457a5a f   zip.obj
 0001:00056aa2       _ZipCloseBuf               00457aa2 f   zip.obj
 0001:00056ab8       _zcalloc                   00457ab8 f   zutil.obj
 0001:00056ac9       _jpeg_CreateCompress       00457ac9 f   jcapimin.obj
 0001:00056b7d       _jpeg_destroy_compress     00457b7d f   jcapimin.obj
 0001:00056b7d       _jpeg_destroy_decompress   00457b7d f   jcapimin.obj
[...]
 0001:0002b073       _SV_Kick_f                 0042c073 f   sv_ccmds.obj
 0001:0002b0db       _SV_SetPlayer              0042c0db f   sv_ccmds.obj
 0001:0002b1d2       _SV_Ban_f                  0042c1d2 f   sv_ccmds.obj
 0001:0002b28d       _AddBanString              0042c28d f   sv_ccmds.obj
 0001:0002b2e9       _FindBanString             0042c2e9 f   sv_ccmds.obj
 0001:0002b323       _SV_BanIP_f                0042c323 f   sv_ccmds.obj
 0001:0002b3d0       _SV_BanList_f              0042c3d0 f   sv_ccmds.obj
 0001:0002b40d       _SV_BanRemove_f            0042c40d f   sv_ccmds.obj
 0001:0002b4c1       _SV_DumpUser_f             0042c4c1 f   sv_ccmds.obj
 0001:0002b507       _SV_Status_f               0042c507 f   sv_ccmds.obj
 0001:0002b671       _SV_ConSay_f               0042c671 f   sv_ccmds.obj
 0001:0002b704       _SV_Heartbeat_f            0042c704 f   sv_ccmds.obj
 0001:0002b70f       _SV_Serverinfo_f           0042c70f f   sv_ccmds.obj
 0001:0002b727       _SV_ServerRecord_f         0042c727 f   sv_ccmds.obj
 0001:0002b8de       _SV_ServerStop_f           0042c8de f   sv_ccmds.obj
 0001:0002b90a       _SV_KillServer_f           0042c90a f   sv_ccmds.obj
 0001:0002b92a       _SV_ServerCommand_f        0042c92a f   sv_ccmds.obj
 0001:00029bb6       _DS_DestroyBuffers         0042abb6 f   snd_win.obj
 0001:00029d9f       _DS_CreateBuffers          0042ad9f f   snd_win.obj
 0001:00027306       _Menu_MakeVisible          00428306 f   qmenu.obj
 0001:00027390       _Menu_CompletelyVisible    00428390 f   qmenu.obj
 0001:00027438       _strlen_color              00428438 f   qmenu.obj
 0001:000275e6       _Action_Draw               004285e6 f   qmenu.obj
 0001:00027661       _Menu_ItemVisible          00428661 f   qmenu.obj
 0001:000276aa       _Menu_DrawStatusBar        004286aa f   qmenu.obj
 0001:000277ff       _MenuList_Draw             004287ff f   qmenu.obj
 0001:00027887       _DrawCaption               00428887 f   qmenu.obj
 0001:000278c6       _Separator_Draw            004288c6 f   qmenu.obj
 0001:00027917       _Slider_DoSlide            00428917 f   qmenu.obj
 0001:0002794e       _Slider_Draw               0042894e f   qmenu.obj
 0001:00027a41       _SpinControl_DoSlide       00428a41 f   qmenu.obj
 0001:00027a70       _SpinControl_Draw          00428a70 f   qmenu.obj
 0001:00027b4b       _SpinControl2_DoSlide      00428b4b f   qmenu.obj
 0001:00027b8c       _SpinControl2_Draw         00428b8c f   qmenu.obj
 0001:00024371       _StepSlideMove             00425371 f   pmove.obj
 0001:0002451a       _StepSlideMove_            0042551a f   pmove.obj
 0001:0002476d       _ClipVelocity              0042576d f   pmove.obj
 0001:000247d6       _Friction                  004257d6 f   pmove.obj
 0001:000248e5       _WaterMove                 004258e5 f   pmove.obj
 0001:000249cb       _Accelerate                004259cb f   pmove.obj
 0001:00024a37       _AddCurrents               00425a37 f   pmove.obj
 0001:00024cd6       _AirMove                   00425cd6 f   pmove.obj
 0001:00024f2f       _AirAccelerate             00425f2f f   pmove.obj
 0001:00024fb5       _CatagorizePosition        00425fb5 f   pmove.obj
 0001:0002520b       _CheckJump                 0042620b f   pmove.obj
 0001:000252d2       _CheckSpecialMovement      004262d2 f   pmove.obj
 0001:00025435       _FlyMove                   00426435 f   pmove.obj
 0001:00025688       _CheckDuck                 00426688 f   pmove.obj
 0001:000257bd       _DeadMove                  004267bd f   pmove.obj
 0001:0002581b       _SnapPosition              0042681b f   pmove.obj
 0001:00025984       _GoodPosition              00426984 f   pmove.obj
 0001:000259fa       _InitialSnapPosition       004269fa f   pmove.obj
 0001:00025b13       _ClampAngles               00426b13 f   pmove.obj
 0001:00023a0c       _NET_ErrorString           00424a0c f   net_wins.obj
 0001:00021bb1       _SwapQ2BspFile             00422bb1 f   model.obj
 0001:00021dc7       _ProcessQ2BspFile          00422dc7 f   model.obj
 0001:00021e9a       _LoadQ2Submodels           00422e9a f   model.obj
 0001:00021f6c       _CheckLump                 00422f6c f   model.obj
 0001:00022244       _ReadEntity                00423244 f   model.obj
 0001:00022308       _WriteEntity               00423308 f   model.obj
 0001:00022373       _ProcessEntityTarget       00423373 f   model.obj
 0001:000223ec       _FindField                 004233ec f   model.obj
 0001:00022425       _GetVector                 00423425 f   model.obj
 0001:00022456       _ProcessEntity             00423456 f   model.obj
 0001:00022e5c       _AddField                  00423e5c f   model.obj
 0001:00022e99       _FindEntityTarget          00423e99 f   model.obj
 0001:0001da19       _Multiplayer_MenuDraw      0041ea19 f   menu.obj
 0001:0001da3c       _M_Banner                  0041ea3c f   menu.obj
 0001:0001da7e       _Multiplayer_MenuInit      0041ea7e f   menu.obj
 0001:0001db6c       _Multiplayer_MenuKey       0041eb6c f   menu.obj
 0001:0001db9e       _Keys_MenuInit             0041eb9e f   menu.obj
 0001:0001dd31       _KeyCursorDrawFunc         0041ed31 f   menu.obj
 0001:0001dd72       _DrawKeyBindingFunc        0041ed72 f   menu.obj
 0001:0001de4a       _M_FindKeysForCommand      0041ee4a f   menu.obj
 0001:0001de9a       _SeekLine                  0041ee9a f   menu.obj
 0001:0001dec1       _AppendToken               0041eec1 f   menu.obj
 0001:0001deeb       _Keys_MenuDraw             0041eeeb f   menu.obj
 0001:0001df04       _Keys_MenuKey              0041ef04 f   menu.obj
 0001:0001dfb9       _M_UnbindCommand           0041efb9 f   menu.obj
 0001:0001e005       _KeyBindingFunc            0041f005 f   menu.obj
 0001:0001e078       _Options_MenuInit          0041f078 f   menu.obj
 0001:0001e4d6       _CrosshairFunc             0041f4d6 f   menu.obj
 0001:0001e4fa       _JoystickFunc              0041f4fa f   menu.obj
 0001:0001e50d       _CustomizeControlsFunc     0041f50d f   menu.obj
 0001:0001e512       _AlwaysRunFunc             0041f512 f   menu.obj
 0001:0001e525       _FreeLookFunc              0041f525 f   menu.obj
 0001:0001e538       _MouseSpeedFunc            0041f538 f   menu.obj
 0001:0001e555       _ControlsSetMenuItemValues 0041f555 f   menu.obj
 0001:0001e6ef       _ControlsResetDefaultsFunc 0041f6ef f   menu.obj
 0001:0001e704       _InvertMouseFunc           0041f704 f   menu.obj
 0001:0001e71f       _LookspringFunc            0041f71f f   menu.obj
 0001:0001e73b       _LookstrafeFunc            0041f73b f   menu.obj
 0001:0001e757       _UpdateVolumeFunc          0041f757 f   menu.obj
 0001:0001e774       _UpdateCDVolumeFunc        0041f774 f   menu.obj
 0001:0001e78d       _ConsoleFunc               0041f78d f   menu.obj
 0001:0001e7bc       _UpdateSoundQualityFunc    0041f7bc f   menu.obj
 0001:0001e845       _Options_ScanCrosshairs    0041f845 f   menu.obj
 0001:0001e898       _Options_MenuDraw          0041f898 f   menu.obj
 0001:0001e8c0       _Options_CrosshairDraw     0041f8c0 f   menu.obj
 0001:0001e937       _Options_MenuKey           0041f937 f   menu.obj
 0001:0001ea1d       _M_Credits_MenuDraw        0041fa1d f   menu.obj
 0001:0001eb05       _M_Credits_Key             0041fb05 f   menu.obj
 0001:0001eb62       _Game_MenuInit             0041fb62 f   menu.obj
 0001:0001ed0f       _EasyGameFunc              0041fd0f f   menu.obj
 0001:0001ed25       _StartGame                 0041fd25 f   menu.obj
 0001:0001ed6a       _MediumGameFunc            0041fd6a f   menu.obj
 0001:0001ed80       _HardGameFunc              0041fd80 f   menu.obj
 0001:0001ed96       _Game_MenuDraw             0041fd96 f   menu.obj
 0001:0001edb9       _Game_MenuKey              0041fdb9 f   menu.obj
 0001:0001edeb       _LoadGame_MenuInit         0041fdeb f   menu.obj
 0001:0001ee81       _Create_Savestrings        0041fe81 f   menu.obj
 0001:0001ef03       _LoadGameCallback          0041ff03 f   menu.obj
 0001:0001ef2d       _LoadGame_MenuDraw         0041ff2d f   menu.obj
 0001:0001ef45       _LoadGame_MenuKey          0041ff45 f   menu.obj
 0001:0001efa6       _SaveGame_MenuDraw         0041ffa6 f   menu.obj
 0001:0001efc9       _SaveGame_MenuInit         0041ffc9 f   menu.obj
 0001:0001f051       _SaveGameCallback          00420051 f   menu.obj
 0001:0001f070       _SaveGame_MenuKey          00420070 f   menu.obj
 0001:0001f151       _JoinServer_MenuInit       00420151 f   menu.obj
 0001:0001f2a2       _JoinServerFunc            004202a2 f   menu.obj
 0001:0001f2ff       _SearchLocalGames          004202ff f   menu.obj
 0001:0001f36b       _JoinServer_MenuDraw       0042036b f   menu.obj
 0001:0001f383       _JoinServer_MenuKey        00420383 f   menu.obj
 0001:0001f3b5       _StartServer_MenuInit      004203b5 f   menu.obj
 0001:0001f865       _DMOptionsFunc             00420865 f   menu.obj
 0001:0001f874       _RulesChangeFunc           00420874 f   menu.obj
 0001:0001f8dd       _StartServerActionFunc     004208dd f   menu.obj
 0001:0001f909       _StartServerFunc           00420909 f   menu.obj
 0001:0001fb74       _StartServer_MenuDraw      00420b74 f   menu.obj
 0001:0001fb80       _StartServer_MenuKey       00420b80 f   menu.obj
 0001:0001fbe0       _DMOptions_MenuInit        00420be0 f   menu.obj
 0001:00020170       _DMFlagCallback            00421170 f   menu.obj
 0001:0002035b       _DMOptions_MenuDraw        0042135b f   menu.obj
 0001:00020367       _DMOptions_MenuKey         00421367 f   menu.obj
 0001:00020399       _DownloadOptions_MenuInit  00421399 f   menu.obj
 0001:00020584       _DownloadCallback          00421584 f   menu.obj
 0001:000205dd       _DownloadOptions_MenuDraw  004215dd f   menu.obj
 0001:000205e9       _DownloadOptions_MenuKey   004215e9 f   menu.obj
 0001:0002061b       _AddressBook_MenuInit      0042161b f   menu.obj
 0001:000206d1       _AddressBook_MenuKey       004216d1 f   menu.obj
 0001:00020722       _AddressBook_MenuDraw      00421722 f   menu.obj
 0001:0002073a       _M_Menu_PlayerConfig_f     0042173a f   menu.obj
 0001:00020795       _PlayerConfig_MenuInit     00421795 f   menu.obj
 0001:00020bbe       _HandednessCallback        00421bbe f   menu.obj
 0001:00020bd1       _RateCallback              00421bd1 f   menu.obj
 0001:00020bef       _ModelCallback             00421bef f   menu.obj
 0001:00020c26       _PlayerConfig_ScanDirectories 00421c26 f   menu.obj
 0001:00020dee       _IconOfSkinExists          00421dee f   menu.obj
 0001:00020e90       _PlayerConfig_MenuDraw     00421e90 f   menu.obj
 0001:00021110       _PlayerConfig_MenuKey      00422110 f   menu.obj
 0001:000211e4       _M_Menu_DMBrowse_f         004221e4 f   menu.obj
 0001:00021228       _DMBrowse_MenuInit         00422228 f   menu.obj
 0001:00021400       _DMBrowse_MenuKey          00422400 f   menu.obj
 0001:000215a3       _DMBrowse_MenuDraw         004225a3 f   menu.obj
 0001:000216c8       _DrawThumbnail             004226c8 f   menu.obj
 0001:0002178f       _M_Quit_Key                0042278f f   menu.obj
 0001:000217cf       _M_Quit_Draw               004227cf f   menu.obj
 0001:0002191c       _M_Menu_Quit_f             0042291c f   menu.obj
 0001:0001cfe0       _AllocChain                0041dfe0 f   memory.obj
 0001:0001d2ce       _Z_Stats_f                 0041e2ce f   memory.obj
 0001:0001c7d7       _MD4Transform              0041d7d7 f   md4.obj
 0001:0001cdd9       _Encode                    0041ddd9 f   md4.obj
 0001:0001ce1e       _Decode                    0041de1e f   md4.obj
 0001:0001b6ce       _CompleteCommand           0041c6ce f   keys.obj
 0001:0001b745       _Do_CompleteCommand        0041c745 f   keys.obj
 0001:0001bbbe       _TryComplete               0041cbbe f   keys.obj
 0001:0001bc53       _CompleteMenu              0041cc53 f   keys.obj
 0001:0001bd95       _CompleteMenuDraw          0041cd95 f   keys.obj
 0001:0001bdf4       _CompleteMenuKey           0041cdf4 f   keys.obj
 0001:0001be26       _CompleteMenuCallback      0041ce26 f   keys.obj
 0001:0001beae       _iswordsym                 0041ceae f   keys.obj
 0001:0001c180       _Key_Unbind_f              0041d180 f   keys.obj
 0001:0001c266       _Key_Unbindall_f           0041d266 f   keys.obj
 0001:0001c290       _Key_Bind_f                0041d290 f   keys.obj
 0001:0001a2e9       _IN_DeactivateMouse        0041b2e9 f   in_win.obj
 0001:0001a315       _IN_FreeDirect             0041b315 f   in_win.obj
 0001:0001a376       _IN_FreeWin32              0041b376 f   in_win.obj
 0001:0001a4f7       _IN_ActivateMouse          0041b4f7 f   in_win.obj
 0001:0001a56f       _IN_InitDirect             0041b56f f   in_win.obj
 0001:0001a6b2       _IN_InitWin32              0041b6b2 f   in_win.obj
 0001:0001a7d2       _IN_MouseMove              0041b7d2 f   in_win.obj
 0001:0003247a       _J_InitSource              0043347a f   vid_dll.obj
 0001:00019e05       _J_FillInputBuffer         0041ae05 f   images.obj
 0001:00019e2d       _J_SkipInputData           0041ae2d f   images.obj
 0001:0003247a       _J_TermSource              0043347a f   vid_dll.obj
 0001:00019e45       _InitJpegError             0041ae45 f   images.obj
 0001:00019e82       _J_ErrorExit               0041ae82 f   images.obj
 0001:00019e91       _J_EmitMessage             0041ae91 f   images.obj
 0001:00019eae       _J_ResetErrorMgr           0041aeae f   images.obj
 0001:00017be4       _FindPakFile               00418be4 f   files.obj
 0001:00017c54       _FindPakDirectory          00418c54 f   files.obj
 0001:00017ce5       _FileLength                00418ce5 f   files.obj
 0001:00018137       _FOpenCached               00419137 f   files.obj
 0001:00018377       _AddPakFile                00419377 f   files.obj
 0001:00018416       _AddPakDirectory           00419416 f   files.obj
 0001:000184f4       _EnumZippedPak             004194f4 f   files.obj
 0001:00018567       _ClearFileCache            00419567 f   files.obj
 0001:00018658       _AddDirFilesToList         00419658 f   files.obj
 0001:00018c08       _ListPakDirectory          00419c08 f   files.obj
 0001:00018dc3       _InitResFiles              00419dc3 f   files.obj
 0001:00018ea6       _FS_LoadPak_f              00419ea6 f   files.obj
 0001:00018f75       _TryLoadPak                00419f75 f   files.obj
 0001:00018fe3       _FindPakStruc              00419fe3 f   files.obj
 0001:00019038       _FS_UnloadPak_f            0041a038 f   files.obj
 0001:000191df       _FS_Link_f                 0041a1df f   files.obj
 0001:000192ab       _FS_Dir_f                  0041a2ab f   files.obj
 0001:000194bc       _FS_Path_f                 0041a4bc f   files.obj
 0001:00019554       _FS_Cat_f                  0041a554 f   files.obj
 0001:0001962d       _FS_Type_f                 0041a62d f   files.obj
 0001:000168ad       _Cvar_FindVar              004178ad f   cvar.obj
 0001:000168e2       _ComputeHash               004178e2 f   cvar.obj
 0001:00016abc       _Cvar_SetString            00417abc f   cvar.obj
 0001:00016b52       _Cvar_InfoValidate         00417b52 f   cvar.obj
 0001:00016c62       _Cvar_Set2                 00417c62 f   cvar.obj
 0001:00016dbe       _Cvar_SetHardcoded         00417dbe f   cvar.obj
 0001:00017140       _Cvar_Set_f                00418140 f   cvar.obj
 0001:000171bd       _Cvar_SetWithFlags         004181bd f   cvar.obj
 0001:00017202       _Cvar_Seta_f               00418202 f   cvar.obj
 0001:00017224       _Cvar_Setu_f               00418224 f   cvar.obj
 0001:00017246       _Cvar_Sets_f               00418246 f   cvar.obj
 0001:00017268       _Cvar_Reset_f              00418268 f   cvar.obj
 0001:000172cd       _Cvar_List_f               004182cd f   cvar.obj
 0001:000173d4       _Cvar_Add_f                004183d4 f   cvar.obj
 0001:0001754b       _Cvar_Scale_f              0041854b f   cvar.obj
 0001:000175be       _Cvar_Toggle_f             004185be f   cvar.obj
 0001:00017621       _Cvar_Cycle_f              00418621 f   cvar.obj
 0001:00015c31       _Con_ToggleChat_f          00416c31 f   console.obj
 0001:00015c62       _Con_Clear_f               00416c62 f   console.obj
 0001:00015cb8       _Con_Dump_f                00416cb8 f   console.obj
 0001:00015dcb       _Con_MessageMode_f         00416dcb f   console.obj
 0001:00015ddd       _Con_MessageMode2_f        00416ddd f   console.obj
 0001:00015e7d       _PlaceChar                 00416e7d f   console.obj
 0001:00016007       _FindLine                  00417007 f   console.obj
 0001:00016783       _Con_DrawInput             00417783 f   console.obj
 0001:0001407e       _GetInt                    0041507e f   common.obj
 0001:00015092       _Com_Error_f               00416092 f   common.obj
 0001:00011bfb       _CMod_LoadSurfaces         00412bfb f   cmodel.obj
 0001:00011d15       _CMod_ReadSurfMaterials    00412d15 f   cmodel.obj
 0001:00011e50       _CMod_LoadNodes            00412e50 f   cmodel.obj
 0001:00011eb2       _CMod_LoadBrushes          00412eb2 f   cmodel.obj
 0001:00011efe       _CMod_LoadLeafs            00412efe f   cmodel.obj
 0001:00011fcd       _CMod_LoadPlanes           00412fcd f   cmodel.obj
 0001:00012050       _CMod_LoadLeafBrushes      00413050 f   cmodel.obj
 0001:0001209b       _CMod_LoadBrushSides       0041309b f   cmodel.obj
 0001:00012114       _CMod_LoadAreas            00413114 f   cmodel.obj
 0001:000124ee       _CM_PointLeafnum_r         004134ee f   cmodel.obj
 0001:000125b1       _CM_BoxLeafnums_r          004135b1 f   cmodel.obj
 0001:00012b1c       _CM_TestInLeaf             00413b1c f   cmodel.obj
 0001:00012ba4       _CM_TestBoxInBrush         00413ba4 f   cmodel.obj
 0001:00012c85       _CM_RecursiveHullCheck     00413c85 f   cmodel.obj
 0001:00012f57       _CM_TraceToLeaf            00413f57 f   cmodel.obj
 0001:00013034       _CM_ClipBoxToBrush         00414034 f   cmodel.obj
 0001:000137dc       _FloodArea_r               004147dc f   cmodel.obj
 0001:000115d8       _Cmd_MacroExpandString     004125d8 f   cmd.obj
 0001:000118f3       _Cmd_Wait_f                004128f3 f   cmd.obj
 0001:00011928       _Cmd_List_f                00412928 f   cmd.obj
 0001:0001041e       _DrawSurfInfo              0041141e f   cl_view.obj
 0001:0001072c       _DrawFlag                  0041172c f   cl_view.obj
 0001:00010787       _DecodeContents            00411787 f   cl_view.obj
 0001:00010829       _DrawOriginInfo            00411829 f   cl_view.obj
 0001:000109ba       _DrawFpsInfo               004119ba f   cl_view.obj
 0001:00010ae3       _FixWaterVis               00411ae3 f   cl_view.obj
 0001:00010bee       _entitycmpfnc              00411bee f   cl_view.obj
 0001:00010ca4       _Screenshot_f              00411ca4 f   cl_view.obj
 0001:0000d27f       _SCR_CalcVrect             0040e27f f   cl_scrn.obj
 0001:00003477       _CL_AddParticleTraces      00404477 f   cl_fx.obj
 0001:00002292       _CL_AddPacketEntities      00403292 f   cl_ents.obj
 0001:00002c73       _GetEntityInfo             00403c73 f   cl_ents.obj
 0001:00002d82       _AddEntityWithEffects      00403d82 f   cl_ents.obj
 0001:00002dae       _AddViewWeapon             00403dae f   cl_ents.obj
 0001:000009ea       _Huff1Decompress           004019ea f   cl_cin.obj
 0001:00000f72       _Huff1TableInit            00401f72 f   cl_cin.obj
 0001:0000106c       _SmallestNode1             0040206c f   cl_cin.obj
 0001:0000014c       _CDAudio_GetAudioDiskInfo  0040114c f   cd_win.obj
 0001:000004c4       _CD_f                      004014c4 f   cd_win.obj
 0001:0000077d       _CDAudio_Eject             0040177d f   cd_win.obj
 0001:000007a7       _CDAudio_CloseDoor         004017a7 f   cd_win.obj

 70 bytes saved through ICF

