 quake2

 Timestamp is 41dfb3f4 (Sat Jan 08 13:20:36 2005)

 Preferred load address is 00400000

 Start         Length     Name                   Class
 0001:00000000 0006fe50H .text                   CODE
 0002:00000000 000002fcH .idata$5                DATA
 0002:00000300 0000360cH .rdata                  DATA
 0002:0000390c 00000078H .idata$2                DATA
 0002:00003984 00000014H .idata$3                DATA
 0002:00003998 000002fcH .idata$4                DATA
 0002:00003c94 000009c2H .idata$6                DATA
 0002:00004656 00000000H .edata                  DATA
 0003:00000000 00000004H .CRT$XCA                DATA
 0003:00000004 00000004H .CRT$XCZ                DATA
 0003:00000008 00000004H .CRT$XIA                DATA
 0003:0000000c 00000004H .CRT$XIZ                DATA
 0003:00000010 000133b4H .data                   DATA
 0003:000133c8 00b056f0H .bss                    DATA
 0004:00000000 00000130H .rsrc$01                DATA
 0004:00000130 00003f20H .rsrc$02                DATA

  Address         Publics by Value              Rva+Base     Lib:Object

 0001:00000000       _CDAudio_Play2             00401000 f   cd_win.obj
 0001:000001e2       _CDAudio_Play              004011e2 f   cd_win.obj
 0001:000001f9       _CDAudio_Stop              004011f9 f   cd_win.obj
 0001:0000023e       _CDAudio_Pause             0040123e f   cd_win.obj
 0001:00000297       _CDAudio_Resume            00401297 f   cd_win.obj
 0001:00000306       _CDAudio_MessageHandler    00401306 f   cd_win.obj
 0001:0000039d       _CDAudio_Update            0040139d f   cd_win.obj
 0001:000003d1       _CDAudio_Init              004013d1 f   cd_win.obj
 0001:000007b3       _CDAudio_Shutdown          004017b3 f   cd_win.obj
 0001:000007e6       _CDAudio_Activate          004017e6 f   cd_win.obj
 0001:000007f7       _SCR_StopCinematic         004017f7 f   cl_cin.obj
 0001:00000893       _SCR_FinishCinematic       00401893 f   cl_cin.obj
 0001:000008d5       _SCR_RunCinematic          004018d5 f   cl_cin.obj
 0001:00000cef       _SCR_DrawCinematic         00401cef f   cl_cin.obj
 0001:00000d75       _SCR_PlayCinematic         00401d75 f   cl_cin.obj
 0001:000010c5       _CL_ParseEntityBits        004020c5 f   cl_ents.obj
 0001:00001127       _CL_ParseDelta             00402127 f   cl_ents.obj
 0001:000014c6       _CL_DeltaEntity            004024c6 f   cl_ents.obj
 0001:00001643       _CL_ParsePacketEntities    00402643 f   cl_ents.obj
 0001:00001842       _CL_ParsePlayerstate       00402842 f   cl_ents.obj
 0001:00001b50       _CL_FireEntityEvents       00402b50 f   cl_ents.obj
 0001:00001ba2       _CL_ParseFrame             00402ba2 f   cl_ents.obj
 0001:00001e81       _CL_AddEntityBox           00402e81 f   cl_ents.obj
 0001:00001f71       _CL_OffsetThirdPersonView  00402f71 f   cl_ents.obj
 0001:0000202b       _CL_CalcViewValues         0040302b f   cl_ents.obj
 0001:00002338       _CL_AddEntities            00403338 f   cl_ents.obj
 0001:000030f7       _CL_GetEntitySoundOrigin   004040f7 f   cl_ents.obj
 0001:0000312a       _CL_ClearLightStyles       0040412a f   cl_fx.obj
 0001:000031ae       _CL_RunLightStyles         004041ae f   cl_fx.obj
 0001:0000324b       _CL_SetLightstyle          0040424b f   cl_fx.obj
 0001:000032b2       _CL_AllocDlight            004042b2 f   cl_fx.obj
 0001:0000331f       _CL_AddDLights             0040431f f   cl_fx.obj
 0001:0000337f       _CL_ClearParticles         0040437f f   cl_fx.obj
 0001:000033e9       _CL_AllocParticleTrace     004043e9 f   cl_fx.obj
 0001:0000348c       _CL_AllocParticleBeam      0040448c f   cl_fx.obj
 0001:000034ff       _CL_AllocParticle          004044ff f   cl_fx.obj
 0001:0000354d       _CL_UpdateParticles        0040454d f   cl_fx.obj
 0001:00003b40       _CL_MetalSparks            00404b40 f   cl_fx.obj
 0001:00003c2d       _CL_ParseMuzzleFlash       00404c2d f   cl_fx.obj
 0001:00004464       _CL_ParseMuzzleFlash2      00405464 f   cl_fx.obj
 0001:00004b48       _CL_ParticleEffect         00405b48 f   cl_fx.obj
 0001:00004c17       _CL_ParticleEffect2        00405c17 f   cl_fx.obj
 0001:00004ce2       _CL_ParticleEffect3        00405ce2 f   cl_fx.obj
 0001:00004db2       _CL_TeleporterParticles    00405db2 f   cl_fx.obj
 0001:00004e69       _CL_LogoutEffect           00405e69 f   cl_fx.obj
 0001:00004f54       _CL_ItemRespawnParticles   00405f54 f   cl_fx.obj
 0001:00005003       _CL_ExplosionParticles     00406003 f   cl_fx.obj
 0001:000050ad       _CL_BigTeleportParticles   004060ad f   cl_fx.obj
 0001:00005204       _CL_BlasterParticles       00406204 f   cl_fx.obj
 0001:000052d0       _CL_BlasterTrail           004062d0 f   cl_fx.obj
 0001:000053c3       _CL_FlagTrail              004063c3 f   cl_fx.obj
 0001:000054c3       _CL_DiminishingTrail       004064c3 f   cl_fx.obj
 0001:00005727       _CL_RocketTrail            00406727 f   cl_fx.obj
 0001:00005854       _CL_RailTrail              00406854 f   cl_fx.obj
 0001:00005a7a       _CL_RailTrailExt           00406a7a f   cl_fx.obj
 0001:00005b7c       _CL_IonripperTrail         00406b7c f   cl_fx.obj
 0001:00005c8f       _CL_BubbleTrail            00406c8f f   cl_fx.obj
 0001:00005dad       _CL_FlyParticles           00406dad f   cl_fx.obj
 0001:00005f4c       _CL_FlyEffect              00406f4c f   cl_fx.obj
 0001:00005fcf       _CL_BfgParticles           00406fcf f   cl_fx.obj
 0001:000061a9       _CL_TrapParticles          004071a9 f   cl_fx.obj
 0001:0000642c       _CL_BFGExplosionParticles  0040742c f   cl_fx.obj
 0001:000064d6       _CL_TeleportParticles      004074d6 f   cl_fx.obj
 0001:0000660f       _CL_EntityEvent            0040760f f   cl_fx.obj
 0001:000067ed       _CL_ClearEffects           004077ed f   cl_fx.obj
 0001:0000680b       _IN_CenterView             0040780b f   cl_input.obj
 0001:0000682c       _CL_InitInput              0040782c f   cl_input.obj
 0001:00006d0c       _CL_SendCmd                00407d0c f   cl_input.obj
 0001:00007407       _CL_ParseInventory         00408407 f   cl_inv.obj
 0001:00007427       _CL_DrawInventory          00408427 f   cl_inv.obj
 0001:0000767d       _CL_WriteDemoMessage       0040867d f   cl_main.obj
 0001:000076bf       _CL_Stop_f                 004086bf f   cl_main.obj
 0001:0000771a       _CL_Record_f               0040871a f   cl_main.obj
 0001:000079bd       _Cmd_ForwardToServer       004089bd f   cl_main.obj
 0001:00007a29       _CL_ForwardToServer_f      00408a29 f   cl_main.obj
 0001:00007a77       _CL_Pause                  00408a77 f   cl_main.obj
 0001:00007ab7       _CL_Quit_f                 00408ab7 f   cl_main.obj
 0001:00007ac1       _CL_Drop                   00408ac1 f   cl_main.obj
 0001:00007add       _CL_SendConnectPacket      00408add f   cl_main.obj
 0001:00007bb4       _CL_CheckForResend         00408bb4 f   cl_main.obj
 0001:00007cb9       _CL_Connect_f              00408cb9 f   cl_main.obj
 0001:00007d3a       _CL_Rcon_f                 00408d3a f   cl_main.obj
 0001:00007e45       _CL_ClearState             00408e45 f   cl_main.obj
 0001:00007e84       _CL_Disconnect             00408e84 f   cl_main.obj
 0001:0000800a       _CL_Disconnect_f           0040900a f   cl_main.obj
 0001:00008016       _CL_Changing_f             00409016 f   cl_main.obj
 0001:0000803a       _CL_Reconnect_f            0040903a f   cl_main.obj
 0001:000080d6       _CL_PingServers_f          004090d6 f   cl_main.obj
 0001:0000823e       _CL_Skins_f                0040923e f   cl_main.obj
 0001:0000827a       _CL_ConnectionlessPacket   0040927a f   cl_main.obj
 0001:000085d4       _CL_ReadPackets            004095d4 f   cl_main.obj
 0001:00008719       _CL_FixUpGender            00409719 f   cl_main.obj
 0001:000087cb       _CL_Userinfo_f             004097cb f   cl_main.obj
 0001:000087e3       _CL_Snd_Restart_f          004097e3 f   cl_main.obj
 0001:000087f2       _CL_RequestNextDownload    004097f2 f   cl_main.obj
 0001:00008e33       _CL_Precache_f             00409e33 f   cl_main.obj
 0001:00008e97       _CL_WriteConfiguration     00409e97 f   cl_main.obj
 0001:00008f52       _CL_WriteConfig_f          00409f52 f   cl_main.obj
 0001:00008fb1       _CL_InitLocal              00409fb1 f   cl_main.obj
 0001:000091d8       _CL_FixCvarCheats          0040a1d8 f   cl_main.obj
 0001:00009229       _CL_Frame                  0040a229 f   cl_main.obj
 0001:0000942f       _CL_Init                   0040a42f f   cl_main.obj
 0001:000094bf       _CL_Shutdown               0040a4bf f   cl_main.obj
 0001:00009508       _CL_Flashlight             0040a508 f   cl_newfx.obj
 0001:00009542       _CL_ColorFlash             0040a542 f   cl_newfx.obj
 0001:0000957e       _CL_DebugTrail             0040a57e f   cl_newfx.obj
 0001:0000965e       _CL_ForceWall              0040a65e f   cl_newfx.obj
 0001:00009785       _CL_BubbleTrail2           0040a785 f   cl_newfx.obj
 0001:000098af       _CL_Heatbeam               0040a8af f   cl_newfx.obj
 0001:00009b60       _CL_ParticleSteamEffect    0040ab60 f   cl_newfx.obj
 0001:00009c8a       _CL_ParticleSteamEffect2   0040ac8a f   cl_newfx.obj
 0001:00009dc1       _CL_TrackerTrail           0040adc1 f   cl_newfx.obj
 0001:0000a024       _CL_Tracker_Shell          0040b024 f   cl_newfx.obj
 0001:0000a0ad       _CL_MonsterPlasma_Shell    0040b0ad f   cl_newfx.obj
 0001:0000a133       _CL_Widowbeamout           0040b133 f   cl_newfx.obj
 0001:0000a1ef       _CL_Nukeblast              0040b1ef f   cl_newfx.obj
 0001:0000a2ab       _CL_WidowSplash            0040b2ab f   cl_newfx.obj
 0001:0000a373       _CL_TagTrail               0040b373 f   cl_newfx.obj
 0001:0000a473       _CL_ColorExplosionParticles 0040b473 f   cl_newfx.obj
 0001:0000a520       _CL_ParticleSmokeEffect    0040b520 f   cl_newfx.obj
 0001:0000a648       _CL_BlasterParticles2      0040b648 f   cl_newfx.obj
 0001:0000a715       _CL_BlasterTrail2          0040b715 f   cl_newfx.obj
 0001:0000a808       _CL_CheckOrDownloadFile    0040b808 f   cl_parse.obj
 0001:0000aa82       _CL_Download_f             0040ba82 f   cl_parse.obj
 0001:0000ab4d       _CL_RegisterSounds         0040bb4d f   cl_parse.obj
 0001:0000ab8c       _CL_ParseDownload          0040bb8c f   cl_parse.obj
 0001:0000acf9       _CL_ParseServerData        0040bcf9 f   cl_parse.obj
 0001:0000adfa       _CL_ParseBaseline          0040bdfa f   cl_parse.obj
 0001:0000ae42       _CL_LoadClientinfo         0040be42 f   cl_parse.obj
 0001:0000b12d       _CL_ParseClientinfo        0040c12d f   cl_parse.obj
 0001:0000b151       _CL_ParseConfigString      0040c151 f   cl_parse.obj
 0001:0000b2eb       _CL_ParseStartSoundPacket  0040c2eb f   cl_parse.obj
 0001:0000b3ea       _CL_ParseServerMessage     0040c3ea f   cl_parse.obj
 0001:0000b740       _CL_CheckPredictionError   0040c740 f   cl_pred.obj
 0001:0000b8e6       _CL_EntityTrace            0040c8e6 f   cl_pred.obj
 0001:0000bca2       _CL_Trace                  0040cca2 f   cl_pred.obj
 0001:0000bd24       _CL_PMpointcontents        0040cd24 f   cl_pred.obj
 0001:0000beae       _CL_PredictMovement        0040ceae f   cl_pred.obj
 0001:0000c252       _DrawString                0040d252 f   cl_scrn.obj
 0001:0000c297       _CL_AddNetgraph            0040d297 f   cl_scrn.obj
 0001:0000c371       _SCR_DebugGraph            0040d371 f   cl_scrn.obj
 0001:0000c399       _SCR_CenterPrint           0040d399 f   cl_scrn.obj
 0001:0000c49d       _SCR_DrawCenterString      0040d49d f   cl_scrn.obj
 0001:0000c56b       _SCR_Sky_f                 0040d56b f   cl_scrn.obj
 0001:0000c616       _SCR_Init                  0040d616 f   cl_scrn.obj
 0001:0000c65d       _SCR_SetLevelshot          0040d65d f   cl_scrn.obj
 0001:0000c6e6       _SCR_SetLevelshot2         0040d6e6 f   cl_scrn.obj
 0001:0000c740       _SCR_ShowConsole           0040d740 f   cl_scrn.obj
 0001:0000c81d       _SCR_BeginLoadingPlaque    0040d81d f   cl_scrn.obj
 0001:0000c8ac       _SCR_EndLoadingPlaque      0040d8ac f   cl_scrn.obj
 0001:0000c937       _SCR_Loading_f             0040d937 f   cl_scrn.obj
 0001:0000c93c       _SCR_TimeRefresh_f         0040d93c f   cl_scrn.obj
 0001:0000ca13       _SCR_TileClear             0040da13 f   cl_scrn.obj
 0001:0000cab8       _SCR_TouchPics             0040dab8 f   cl_scrn.obj
 0001:0000cb4b       _SCR_ExecuteLayoutString   0040db4b f   cl_scrn.obj
 0001:0000d473       _SCR_UpdateScreen          0040e473 f   cl_scrn.obj
 0001:0000dcb4       _CL_RegisterTEntSounds     0040ecb4 f   cl_tent.obj
 0001:0000deec       _CL_RegisterTEntModels     0040eeec f   cl_tent.obj
 0001:0000e072       _CL_ClearTEnts             0040f072 f   cl_tent.obj
 0001:0000e0b9       _CL_AllocExplosion         0040f0b9 f   cl_tent.obj
 0001:0000e157       _CL_AddExplosions          0040f157 f   cl_tent.obj
 0001:0000e32c       _CL_SmokeAndFlash          0040f32c f   cl_tent.obj
 0001:0000e374       _CL_ParseBeam              0040f374 f   cl_tent.obj
 0001:0000e453       _CL_ParseBeam2             0040f453 f   cl_tent.obj
 0001:0000e52a       _CL_ParsePlayerBeam        0040f52a f   cl_tent.obj
 0001:0000e638       _CL_ParseLightning         0040f638 f   cl_tent.obj
 0001:0000e704       _CL_ParseLaser             0040f704 f   cl_tent.obj
 0001:0000e780       _CL_ParseSteam             0040f780 f   cl_tent.obj
 0001:0000e891       _CL_ParseWidow             0040f891 f   cl_tent.obj
 0001:0000e8fd       _CL_ParseNuke              0040f8fd f   cl_tent.obj
 0001:0000e967       _CL_ParseTEnt              0040f967 f   cl_tent.obj
 0001:0000f789       _CL_AddBeams               00410789 f   cl_tent.obj
 0001:0000faca       _CL_AddPlayerBeams         00410aca f   cl_tent.obj
 0001:000101bf       _CL_ProcessSustain         004111bf f   cl_tent.obj
 0001:00010200       _CL_AddTEnts               00411200 f   cl_tent.obj
 0001:00010214       _V_AddEntity               00411214 f   cl_view.obj
 0001:00010243       _V_AddLight                00411243 f   cl_view.obj
 0001:00010288       _V_TestParticles           00411288 f   cl_view.obj
 0001:00010346       _V_TestEntities            00411346 f   cl_view.obj
 0001:000103e8       _V_TestLights              004113e8 f   cl_view.obj
 0001:000104bb       _CL_PrepRefresh            004114bb f   cl_view.obj
 0001:0001077c       _CalcFov                   0041177c f   cl_view.obj
 0001:000107f3       _SCR_DrawCrosshair         004117f3 f   cl_view.obj
 0001:00010868       _V_RenderView              00411868 f   cl_view.obj
 0001:00011417       _V_Init                    00412417 f   cl_view.obj
 0001:000115ff       _Cbuf_Init                 004125ff f   cmd.obj
 0001:00011617       _Cbuf_AddText              00412617 f   cmd.obj
 0001:0001167c       _Cbuf_InsertText           0041267c f   cmd.obj
 0001:000116e3       _Cbuf_CopyToDefer          004126e3 f   cmd.obj
 0001:00011725       _Cbuf_InsertFromDefer      00412725 f   cmd.obj
 0001:0001174e       _Cbuf_Execute              0041274e f   cmd.obj
 0001:00011841       _Cmd_Exec_f                00412841 f   cmd.obj
 0001:000118c6       _Cmd_Echo_f                004128c6 f   cmd.obj
 0001:00011908       _Cmd_Alias_f               00412908 f   cmd.obj
 0001:00011a2f       _Cmd_Unalias_f             00412a2f f   cmd.obj
 0001:00011abb       _Cmd_WriteAliases          00412abb f   cmd.obj
 0001:00011aec       _Cmd_Argc                  00412aec f   cmd.obj
 0001:00011af2       _Cmd_Argv                  00412af2 f   cmd.obj
 0001:00011b0c       _Cmd_Args                  00412b0c f   cmd.obj
 0001:00011b12       _Cmd_TokenizeString        00412b12 f   cmd.obj
 0001:00011def       _Cmd_AddCommand            00412def f   cmd.obj
 0001:00011e45       _Cmd_RemoveCommand         00412e45 f   cmd.obj
 0001:00011e87       _Cmd_ExecuteString         00412e87 f   cmd.obj
 0001:00011ff2       _Cmd_Init                  00412ff2 f   cmd.obj
 0001:00012112       _CMod_GetSurfMaterial      00413112 f   cmodel.obj
 0001:0001216f       _CM_LoadMap                0041316f f   cmodel.obj
 0001:000127c1       _PlaneTypeForNormal        004137c1 f i cmodel.obj
 0001:00012932       _CM_InlineModel            00413932 f   cmodel.obj
 0001:0001297b       _CM_NumClusters            0041397b f   cmodel.obj
 0001:00012981       _CM_NumInlineModels        00413981 f   cmodel.obj
 0001:00012987       _CM_EntityString           00413987 f   cmodel.obj
 0001:0001298d       _CM_LeafContents           0041398d f   cmodel.obj
 0001:000129b4       _CM_LeafCluster            004139b4 f   cmodel.obj
 0001:00012a27       _CM_LeafArea               00413a27 f   cmodel.obj
 0001:00012a4f       _CM_InitBoxHull            00413a4f f   cmodel.obj
 0001:00012bdf       _CM_HeadnodeForBox         00413bdf f   cmodel.obj
 0001:00012c94       _CM_PointLeafnum           00413c94 f   cmodel.obj
 0001:00012d3f       _DISTANCE_TO_PLANE         00413d3f f i cmodel.obj
 0001:00012d87       _CM_PointContents          00413d87 f   cmodel.obj
 0001:00012dfd       _CM_TransformedPointContents 00413dfd f   cmodel.obj
 0001:00012f36       _CM_TransformedPointContents2 00413f36 f   cmodel.obj
 0001:00013027       _CM_BoxLeafnums            00414027 f   cmodel.obj
 0001:00013146       _BOX_ON_PLANE_SIDE         00414146 f i cmodel.obj
 0001:000131cb       _CM_BoxTrace               004141cb f   cmodel.obj
 0001:00013c1b       _CM_TransformedBoxTrace    00414c1b f   cmodel.obj
 0001:00013eee       _CM_TransformedBoxTrace2   00414eee f   cmodel.obj
 0001:00014103       _CM_BrushTrace             00415103 f   cmodel.obj
 0001:00014522       _CM_RefineBrushTrace       00415522 f   cmodel.obj
 0001:000145c7       _CM_ClusterPVS             004155c7 f   cmodel.obj
 0001:000146ec       _CM_ClusterPHS             004156ec f   cmodel.obj
 0001:00014788       _FloodAreaConnections      00415788 f   cmodel.obj
 0001:0001483f       _CM_SetAreaPortalState     0041583f f   cmodel.obj
 0001:00014868       _CM_AreasConnected         00415868 f   cmodel.obj
 0001:000148b3       _CM_WriteAreaBits          004158b3 f   cmodel.obj
 0001:00014943       _CM_WritePortalState       00415943 f   cmodel.obj
 0001:0001495d       _CM_ReadPortalState        0041595d f   cmodel.obj
 0001:0001497b       _CM_HeadnodeVisible        0041597b f   cmodel.obj
 0001:00014a50       _Com_BeginRedirect         00415a50 f   common.obj
 0001:00014a7d       _Com_EndRedirect           00415a7d f   common.obj
 0001:00014a9c       _Com_Printf                00415a9c f   common.obj
 0001:00014c44       _Com_DPrintf               00415c44 f   common.obj
 0001:00014cc1       _DebugPrintf               00415cc1 f   common.obj
 0001:00014d6e       _Com_WPrintf               00415d6e f   common.obj
 0001:00014dcc       _Com_FatalError            00415dcc f   common.obj
 0001:00014e71       _Com_DropError             00415e71 f   common.obj
 0001:00014ef5       _appUnwindPrefix           00415ef5 f   common.obj
 0001:00014f4d       _appUnwindThrow            00415f4d f   common.obj
 0001:00014fd5       _Com_ResetErrorState       00415fd5 f   common.obj
 0001:00014fea       _Com_Quit                  00415fea f   common.obj
 0001:0001501d       _MatchWildcard             0041601d f   common.obj
 0001:00015173       _MatchWildcard2            00416173 f   common.obj
 0001:000151c8       _IPWildcard                004161c8 f   common.obj
 0001:000152a3       _Com_ServerState           004162a3 f   common.obj
 0001:000152a9       _Com_SetServerState        004162a9 f   common.obj
 0001:000152b3       _MSG_WriteChar             004162b3 f   common.obj
 0001:000152b3       _MSG_WriteByte             004162b3 f   common.obj
 0001:000152c7       _MSG_WriteShort            004162c7 f   common.obj
 0001:000152e1       _MSG_WriteLong             004162e1 f   common.obj
 0001:0001530b       _MSG_WriteFloat            0041630b f   common.obj
 0001:00015331       _MSG_WriteString           00416331 f   common.obj
 0001:00015369       _MSG_WriteCoord            00416369 f   common.obj
 0001:00015398       _MSG_WritePos              00416398 f   common.obj
 0001:0001541a       _MSG_WriteAngle            0041641a f   common.obj
 0001:00015443       _MSG_WriteAngle16          00416443 f   common.obj
 0001:0001547a       _MSG_WriteDeltaUsercmd     0041647a f   common.obj
 0001:00015602       _MSG_WriteDir              00416602 f   common.obj
 0001:0001566f       _MSG_ReadDir               0041666f f   common.obj
 0001:000156a4       _MSG_WriteDeltaEntity      004166a4 f   common.obj
 0001:00015baa       _MSG_BeginReading          00416baa f   common.obj
 0001:00015bb3       _MSG_ReadChar              00416bb3 f   common.obj
 0001:00015bd4       _MSG_ReadByte              00416bd4 f   common.obj
 0001:00015bf5       _MSG_ReadShort             00416bf5 f   common.obj
 0001:00015c25       _MSG_ReadLong              00416c25 f   common.obj
 0001:00015c64       _MSG_ReadString            00416c64 f   common.obj
 0001:00015c97       _MSG_ReadCoord             00416c97 f   common.obj
 0001:00015cb1       _MSG_ReadPos               00416cb1 f   common.obj
 0001:00015d03       _MSG_ReadAngle             00416d03 f   common.obj
 0001:00015d1d       _MSG_ReadAngle16           00416d1d f   common.obj
 0001:00015d37       _MSG_ReadDeltaUsercmd      00416d37 f   common.obj
 0001:00015dee       _MSG_ReadData              00416dee f   common.obj
 0001:00015e11       _SZ_Init                   00416e11 f   common.obj
 0001:00015e33       _SZ_Clear                  00416e33 f   common.obj
 0001:00015e40       _SZ_GetSpace               00416e40 f   common.obj
 0001:00015ea1       _SZ_Write                  00416ea1 f   common.obj
 0001:00015ec2       _SZ_Insert                 00416ec2 f   common.obj
 0001:00015f15       _SZ_Print                  00416f15 f   common.obj
 0001:00015f5e       _Info_Print                00416f5e f   common.obj
 0001:0001601b       _COM_BlockSequenceCRCByte  0041701b f   common.obj
 0001:000160a7       _frand                     004170a7 f   common.obj
 0001:000160c4       _crand                     004170c4 f   common.obj
 0001:000160e7       _COM_CheckCmdlineVar       004170e7 f   common.obj
 0001:0001613e       _QCommon_Init              0041713e f   common.obj
 0001:00016515       _QCommon_Frame             00417515 f   common.obj
 0001:000167ec       _QCommon_Shutdown          004177ec f   common.obj
 0001:000167ec       _R_SurfacePatch            004177ec f   common.obj
 0001:000167ec       _jpeg_mem_term             004177ec f   common.obj
 0001:000167ec       __setargv                  004177ec f   common.obj
 0001:000167ed       _Con_ToggleConsole_f       004177ed f   console.obj
 0001:0001681f       _Con_ClearNotify           0041781f f   console.obj
 0001:00016831       _Con_CheckResize           00417831 f   console.obj
 0001:00016979       _Con_Print                 00417979 f   console.obj
 0001:00016c97       _Con_DrawNotify            00417c97 f   console.obj
 0001:00016e8a       _Con_DrawConsole           00417e8a f   console.obj
 0001:00017265       _Key_Console               00418265 f   console.obj
 0001:000177ef       _Key_Message               004187ef f   console.obj
 0001:0001788b       _Con_Init                  0041888b f   console.obj
 0001:00017a5b       _CRC_Block                 00418a5b f   crc.obj
 0001:00017a97       _Cvar_VariableValue        00418a97 f   cvar.obj
 0001:00017b05       _Cvar_VariableInt          00418b05 f   cvar.obj
 0001:00017b18       _Cvar_VariableString       00418b18 f   cvar.obj
 0001:00017b30       _Cvar_Get                  00418b30 f   cvar.obj
 0001:00017dcc       _Cvar_GetVars              00418dcc f   cvar.obj
 0001:00017e20       _Cvar_FullSet              00418e20 f   cvar.obj
 0001:00017e7d       _Cvar_SetValue             00418e7d f   cvar.obj
 0001:000180de       _Cvar_SetInteger           004190de f   cvar.obj
 0001:00018100       _Cvar_Set                  00419100 f   cvar.obj
 0001:00018115       _Cvar_ForceSet             00419115 f   cvar.obj
 0001:0001812a       _Cvar_Clamp                0041912a f   cvar.obj
 0001:000181b4       _Cvar_ClampName            004191b4 f   cvar.obj
 0001:00018205       _Cvar_GetLatchedVars       00419205 f   cvar.obj
 0001:00018234       _Cvar_Command              00419234 f   cvar.obj
 0001:000182e0       _Cvar_WriteVariables       004192e0 f   cvar.obj
 0001:00018373       _Cvar_BitInfo              00419373 f   cvar.obj
 0001:000183ac       _Cvar_Userinfo             004193ac f   cvar.obj
 0001:000183b5       _Cvar_Serverinfo           004193b5 f   cvar.obj
 0001:000183be       _Cvar_Cheats               004193be f   cvar.obj
 0001:00018417       _Cvar_Init                 00419417 f   cvar.obj
 0001:00018abe       _FS_CreatePath             00419abe f   files.obj
 0001:00018b08       _FS_CopyFile               00419b08 f   files.obj
 0001:00018c0b       _FS_CopyFiles              00419c0b f   files.obj
 0001:00018ce4       _FS_RemoveFiles            00419ce4 f   files.obj
 0001:00018d58       _FS_FCloseFile             00419d58 f   files.obj
 0001:00018dea       _FS_FOpenFile              00419dea f   files.obj
 0001:00019312       _FS_FileExists             0041a312 f   files.obj
 0001:0001954e       _FS_Read                   0041a54e f   files.obj
 0001:0001978b       _FS_LoadFile               0041a78b f   files.obj
 0001:000197ed       _FS_FreeFile               0041a7ed f   files.obj
 0001:000197f8       _FS_Gamedir                0041a7f8 f   files.obj
 0001:0001980c       _FS_LoadGameConfig         0041a80c f   files.obj
 0001:000198d1       _FS_SetGamedir             0041a8d1 f   files.obj
 0001:00019f76       _FS_ListFiles              0041af76 f   files.obj
 0001:0001a284       _FS_NextPath               0041b284 f   files.obj
 0001:0001a2a8       _FS_InitFilesystem         0041b2a8 f   files.obj
 0001:0001ac6b       _LoadPCX                   0041bc6b f   images.obj
 0001:0001ada0       _LoadTGA                   0041bda0 f   images.obj
 0001:0001af8f       _LoadJPG                   0041bf8f f   images.obj
 0001:0001b21d       _ImageExists               0041c21d f   images.obj
 0001:0001b317       _WriteTGA                  0041c317 f   images.obj
 0001:0001b508       _WriteJPG                  0041c508 f   images.obj
 0001:0001b630       _IN_MLookDown              0041c630 f   in_win.obj
 0001:0001b63b       _IN_MLookUp                0041c63b f   in_win.obj
 0001:0001b65e       _IN_MouseEvent             0041c65e f   in_win.obj
 0001:0001b6c8       _IN_Commands               0041c6c8 f   in_win.obj
 0001:0001b7f7       _IN_Init                   0041c7f7 f   in_win.obj
 0001:0001baeb       _IN_Shutdown               0041caeb f   in_win.obj
 0001:0001bbcf       _IN_Move                   0041cbcf f   in_win.obj
 0001:0001c129       _IN_Activate               0041d129 f   in_win.obj
 0001:0001c140       _IN_Frame                  0041d140 f   in_win.obj
 0001:0001c50c       _Key_KeynumToString        0041d50c f   keys.obj
 0001:0001c5a6       _CompleteCommand           0041d5a6 f   keys.obj
 0001:0001cf03       _Key_SetBinding            0041df03 f   keys.obj
 0001:0001cf41       _Key_FindBinding           0041df41 f   keys.obj
 0001:0001cf8f       _Key_WriteBindings         0041df8f f   keys.obj
 0001:0001cfd7       _Key_Init                  0041dfd7 f   keys.obj
 0001:0001d2bf       _Key_Event                 0041e2bf f   keys.obj
 0001:0001d610       _Key_ClearStates           0041e610 f   keys.obj
 0001:0001d647       _Key_ClearTyping           0041e647 f   keys.obj
 0001:0001d660       _MD4Init                   0041e660 f   md4.obj
 0001:0001d688       _MD4Update                 0041e688 f   md4.obj
 0001:0001d726       _MD4Final                  0041e726 f   md4.obj
 0001:0001de17       _Com_BlockChecksum         0041ee17 f   md4.obj
 0001:0001de53       _Z_Free                    0041ee53 f   memory.obj
 0001:0001deab       _Z_FreeTags                0041eeab f   memory.obj
 0001:0001dedb       _Z_TagMalloc               0041eedb f   memory.obj
 0001:0001df4a       _Z_Malloc                  0041ef4a f   memory.obj
 0001:0001df6c       _Z_BlockMalloc             0041ef6c f   memory.obj
 0001:0001df87       _CreateMemoryChain         0041ef87 f   memory.obj
 0001:0001dfed       _FreeMemoryChain           0041efed f   memory.obj
 0001:0001e017       _AllocChainBlock           0041f017 f   memory.obj
 0001:0001e062       _CopyString                0041f062 f   memory.obj
 0001:0001e089       _ChainCopyString           0041f089 f   memory.obj
 0001:0001e0b1       _AllocNamedStruc           0041f0b1 f   memory.obj
 0001:0001e0ef       _ChainAllocNamedStruc      0041f0ef f   memory.obj
 0001:0001e12e       _FindNamedStruc            0041f12e f   memory.obj
 0001:0001e172       _FindNamedStrucByIndex     0041f172 f   memory.obj
 0001:0001e189       _IndexOfNamedStruc         0041f189 f   memory.obj
 0001:0001e1b7       _AddToNamedList            0041f1b7 f   memory.obj
 0001:0001e201       _ChainAddToNamedList       0041f201 f   memory.obj
 0001:0001e24b       _FreeNamedList             0041f24b f   memory.obj
 0001:0001e266       _Z_Init                    0041f266 f   memory.obj
 0001:0001e2a1       _M_PushMenu                0041f2a1 f   menu.obj
 0001:0001e336       _M_ForceMenuOff            0041f336 f   menu.obj
 0001:0001e369       _M_ForceMenuOn             0041f369 f   menu.obj
 0001:0001e382       _M_PopMenu                 0041f382 f   menu.obj
 0001:0001e3d3       _Default_MenuKey           0041f3d3 f   menu.obj
 0001:0001e4f3       _M_Print                   0041f4f3 f   menu.obj
 0001:0001e539       _M_DrawTextBox             0041f539 f   menu.obj
 0001:0001e725       _M_Main_Draw               0041f725 f   menu.obj
 0001:0001e8a9       _M_Main_Key                0041f8a9 f   menu.obj
 0001:0001e9a3       _M_Menu_Main_f             0041f9a3 f   menu.obj
 0001:0001e9c4       _M_Menu_Multiplayer_f      0041f9c4 f   menu.obj
 0001:0001eb9c       _M_Menu_Keys_f             0041fb9c f   menu.obj
 0001:0001f004       _M_Menu_Options_f          00420004 f   menu.obj
 0001:0001f90f       _M_Menu_Video_f            0042090f f   menu.obj
 0001:0001f930       _M_Menu_Credits_f          00420930 f   menu.obj
 0001:0001fb17       _M_Menu_Game_f             00420b17 f   menu.obj
 0001:0001fd8a       _M_Menu_LoadGame_f         00420d8a f   menu.obj
 0001:0002005d       _M_Menu_SaveGame_f         0042105d f   menu.obj
 0001:000201bd       _M_AddToServerList         004211bd f   menu.obj
 0001:00020230       _M_Menu_JoinServer_f       00421230 f   menu.obj
 0001:00020498       _M_Menu_StartServer_f      00421498 f   menu.obj
 0001:00020ccd       _M_Menu_DMOptions_f        00421ccd f   menu.obj
 0001:0002146e       _M_Menu_DownloadOptions_f  0042246e f   menu.obj
 0001:000216f0       _M_Menu_AddressBook_f      004226f0 f   menu.obj
 0001:00022abb       _M_Init                    00423abb f   menu.obj
 0001:00022bdf       _M_Draw                    00423bdf f   menu.obj
 0001:00022c30       _M_Keydown                 00423c30 f   menu.obj
 0001:00022c4c       _LoadQ2BspFile             00423c4c f   model.obj
 0001:00023212       _LoadBspFile               00424212 f   model.obj
 0001:000233ca       _ProcessEntstring          004243ca f   model.obj
 0001:0002423a       _Netchan_Init              0042523a f   net_chan.obj
 0001:0002429a       _Netchan_OutOfBand         0042529a f   net_chan.obj
 0001:000242fa       _Netchan_OutOfBandPrint    004252fa f   net_chan.obj
 0001:0002433f       _Netchan_Setup             0042533f f   net_chan.obj
 0001:0002439c       _Netchan_NeedReliable      0042539c f   net_chan.obj
 0001:000243c8       _Netchan_Transmit          004253c8 f   net_chan.obj
 0001:0002456d       _Netchan_Process           0042556d f   net_chan.obj
 0001:00024694       _NetadrToSockadr           00425694 f   net_wins.obj
 0001:00024736       _SockadrToNetadr           00425736 f   net_wins.obj
 0001:00024799       _NET_CompareAdr            00425799 f   net_wins.obj
 0001:000247ff       _NET_CompareBaseAdr        004257ff f   net_wins.obj
 0001:00024858       _NET_AdrToString           00425858 f   net_wins.obj
 0001:00024911       _NET_StringToSockaddr      00425911 f   net_wins.obj
 0001:00024b4a       _NET_StringToAdr           00425b4a f   net_wins.obj
 0001:00024ba3       _NET_IsLocalAddress        00425ba3 f   net_wins.obj
 0001:00024baf       _NET_GetLoopPacket         00425baf f   net_wins.obj
 0001:00024c36       _NET_SendLoopPacket        00425c36 f   net_wins.obj
 0001:00024c82       _NET_GetPacket             00425c82 f   net_wins.obj
 0001:00024da0       _NET_SendPacket            00425da0 f   net_wins.obj
 0001:00024e78       _NET_IPSocket              00425e78 f   net_wins.obj
 0001:00024f8e       _NET_OpenIP                00425f8e f   net_wins.obj
 0001:0002500a       _NET_OpenIPX               0042600a f   net_wins.obj
 0001:00025162       _NET_Config                00426162 f   net_wins.obj
 0001:000251f5       _NET_Init                  004261f5 f   net_wins.obj
 0001:0002525c       _Pmove                     0042625c f   pmove.obj
 0001:00026ff2       _NormalizeColor            00427ff2 f   q_shared2.obj
 0001:00027053       _NormalizeColor255         00428053 f   q_shared2.obj
 0001:000270b8       _Q_rsqrt                   004280b8 f   q_shared2.obj
 0001:000270e8       _RotatePointAroundVector   004280e8 f   q_shared2.obj
 0001:00027258       _AngleVectors              00428258 f   q_shared2.obj
 0001:000273b9       _ProjectPointOnPlane       004283b9 f   q_shared2.obj
 0001:00027438       _PerpendicularVector       00428438 f   q_shared2.obj
 0001:000274b7       _MakeNormalVectors         004284b7 f   q_shared2.obj
 0001:0002751e       _MatrixMultiply            0042851e f   q_shared2.obj
 0001:00027605       _SetPlaneSignbits          00428605 f   q_shared2.obj
 0001:00027628       _LerpAngle                 00428628 f   q_shared2.obj
 0001:0002766b       _anglemod                  0042866b f   q_shared2.obj
 0001:00027697       _BoxOnPlaneSide            00428697 f   q_shared2.obj
 0001:000277ba       _ClearBounds               004287ba f   q_shared2.obj
 0001:000277e3       _AddPointToBounds          004287e3 f   q_shared2.obj
 0001:0002781c       _VectorCompare             0042881c f   q_shared2.obj
 0001:0002784a       _VectorNormalize           0042884a f   q_shared2.obj
 0001:0002789e       _VectorNormalize2          0042889e f   q_shared2.obj
 0001:000278f6       _VectorNormalizeFast       004288f6 f   q_shared2.obj
 0001:00027947       _CrossProduct              00428947 f   q_shared2.obj
 0001:00027982       _VectorLength              00428982 f   q_shared2.obj
 0001:000279b1       _VectorDistance            004289b1 f   q_shared2.obj
 0001:000279e2       _VectorInverse             004289e2 f   q_shared2.obj
 0001:000279fd       _VectorScale               004289fd f   q_shared2.obj
 0001:00027a21       _AnglesToAxis              00428a21 f   q_shared2.obj
 0001:00027a5f       _COM_FilePath              00428a5f f   q_shared2.obj
 0001:00027a95       _ShortSwap                 00428a95 f   q_shared2.obj
 0001:00027aaa       _va                        00428aaa f   q_shared2.obj
 0001:00027af7       _COM_ParseExt              00428af7 f   q_shared2.obj
 0001:00027c00       _COM_QuoteString           00428c00 f   q_shared2.obj
 0001:00027c5b       _Com_PageInMemory          00428c5b f   q_shared2.obj
 0001:00027c7a       _Q_strncpyz                00428c7a f   q_shared2.obj
 0001:00027c9e       _Q_strncpylower            00428c9e f   q_shared2.obj
 0001:00027cd8       _Q_CopyFilename            00428cd8 f   q_shared2.obj
 0001:00027d74       _Com_sprintf               00428d74 f   q_shared2.obj
 0001:00027dba       _Info_ValueForKey          00428dba f   q_shared2.obj
 0001:00027e45       _Info_RemoveKey            00428e45 f   q_shared2.obj
 0001:00027ecb       _Info_SetValueForKey       00428ecb f   q_shared2.obj
 0001:00028003       _Menu_ItemAtCursor         00429003 f   qmenu.obj
 0001:0002805a       _Field_Key                 0042905a f   qmenu.obj
 0001:000282ca       _Menu_AddItem              004292ca f   qmenu.obj
 0001:00028345       _Menu_AdjustCursor         00429345 f   qmenu.obj
 0001:00028490       _Menu_Center               00429490 f   qmenu.obj
 0001:000284d0       _Menu_DrawDotsItem         004294d0 f   qmenu.obj
 0001:0002850f       _Menu_Draw                 0042950f f   qmenu.obj
 0001:00028a2a       _Menu_SelectItem           00429a2a f   qmenu.obj
 0001:00028a5e       _Menu_SetStatusBar         00429a5e f   qmenu.obj
 0001:00028a6a       _Menu_SlideItem            00429a6a f   qmenu.obj
 0001:00028f81       _S_SoundInfo_f             00429f81 f   snd_dma.obj
 0001:0002900b       _S_ReadModelsSex           0042a00b f   snd_dma.obj
 0001:000290f3       _S_IsFemale                0042a0f3 f   snd_dma.obj
 0001:00029180       _S_Init                    0042a180 f   snd_dma.obj
 0001:00029250       _S_Shutdown                0042a250 f   snd_dma.obj
 0001:000292da       _S_FindName                0042a2da f   snd_dma.obj
 0001:0002940f       _S_AliasName               0042a40f f   snd_dma.obj
 0001:000294da       _S_BeginRegistration       0042a4da f   snd_dma.obj
 0001:000294e8       _S_RegisterSound           0042a4e8 f   snd_dma.obj
 0001:0002954e       _S_EndRegistration         0042a54e f   snd_dma.obj
 0001:000295e1       _S_PickChannel             0042a5e1 f   snd_dma.obj
 0001:00029675       _S_SpatializeOrigin        0042a675 f   snd_dma.obj
 0001:0002979c       _S_Spatialize              0042a79c f   snd_dma.obj
 0001:0002980d       _S_AllocPlaysound          0042a80d f   snd_dma.obj
 0001:0002982f       _S_FreePlaysound           0042a82f f   snd_dma.obj
 0001:0002985f       _S_IssuePlaysound          0042a85f f   snd_dma.obj
 0001:0002992c       _S_StartSound              0042a92c f   snd_dma.obj
 0001:00029bd5       _S_StartLocalSound         0042abd5 f   snd_dma.obj
 0001:00029c24       _S_ClearBuffer             0042ac24 f   snd_dma.obj
 0001:00029c7c       _S_StopAllSounds           0042ac7c f   snd_dma.obj
 0001:00029cf7       _S_AddLoopSounds           0042acf7 f   snd_dma.obj
 0001:00029ec9       _S_RawSamples              0042aec9 f   snd_dma.obj
 0001:0002a0cd       _S_Update                  0042b0cd f   snd_dma.obj
 0001:0002a1c8       _GetSoundtime              0042b1c8 f   snd_dma.obj
 0001:0002a22f       _S_Update_                 0042b22f f   snd_dma.obj
 0001:0002a2d5       _S_Play                    0042b2d5 f   snd_dma.obj
 0001:0002a49c       _ResampleSfx               0042b49c f   snd_mem.obj
 0001:0002a5b4       _S_LoadSound               0042b5b4 f   snd_mem.obj
 0001:0002a6dd       _FindNextChunk             0042b6dd f   snd_mem.obj
 0001:0002a767       _GetWavinfo                0042b767 f   snd_mem.obj
 0001:0002a954       _S_WriteLinearBlastStereo16 0042b954 f   snd_mix.obj
 0001:0002a9c8       _S_TransferStereo16        0042b9c8 f   snd_mix.obj
 0001:0002aa31       _S_TransferPaintBuffer     0042ba31 f   snd_mix.obj
 0001:0002ab8d       _S_PaintChannels           0042bb8d f   snd_mix.obj
 0001:0002adba       _S_InitScaletable          0042bdba f   snd_mix.obj
 0001:0002ae0e       _S_PaintChannelFrom8       0042be0e f   snd_mix.obj
 0001:0002af10       _S_PaintChannelFrom16      0042bf10 f   snd_mix.obj
 0001:0002af7b       _FreeSound                 0042bf7b f   snd_win.obj
 0001:0002b08b       _SNDDMA_InitDirect         0042c08b f   snd_win.obj
 0001:0002b55d       _SNDDMA_Init               0042c55d f   snd_win.obj
 0001:0002b5d9       _SNDDMA_GetDMAPos          0042c5d9 f   snd_win.obj
 0001:0002b623       _SNDDMA_BeginPainting      0042c623 f   snd_win.obj
 0001:0002b725       _SNDDMA_Submit             0042c725 f   snd_win.obj
 0001:0002b74a       _SNDDMA_Shutdown           0042c74a f   snd_win.obj
 0001:0002b74f       _S_Activate                0042c74f f   snd_win.obj
 0001:0002b77a       _SV_SetMaster_f            0042c77a f   sv_ccmds.obj
 0001:0002b88c       _SV_WipeSavegame           0042c88c f   sv_ccmds.obj
 0001:0002b8ba       _SV_CopySaveGame           0042c8ba f   sv_ccmds.obj
 0001:0002b90f       _SV_WriteLevelFile         0042c90f f   sv_ccmds.obj
 0001:0002b9bd       _SV_ReadLevelFile          0042c9bd f   sv_ccmds.obj
 0001:0002ba6b       _SV_WriteServerFile        0042ca6b f   sv_ccmds.obj
 0001:0002bca7       _SV_ReadServerFile         0042cca7 f   sv_ccmds.obj
 0001:0002bdcc       _SV_DemoMap_f              0042cdcc f   sv_ccmds.obj
 0001:0002be56       _SV_GameMap_f              0042ce56 f   sv_ccmds.obj
 0001:0002bfc8       _SV_Map_f                  0042cfc8 f   sv_ccmds.obj
 0001:0002c035       _SV_Loadgame_f             0042d035 f   sv_ccmds.obj
 0001:0002c13a       _SV_Savegame_f             0042d13a f   sv_ccmds.obj
 0001:0002c23f       _SV_AddressBanned          0042d23f f   sv_ccmds.obj
 0001:0002c281       _SV_InitOperatorCommands   0042d281 f   sv_ccmds.obj
 0001:0002cc20       _SV_WritePlayerstateToClient 0042dc20 f   sv_ents.obj
 0001:0002d144       _SV_WriteFrameToClient     0042e144 f   sv_ents.obj
 0001:0002d36e       _SV_FatPVS                 0042e36e f   sv_ents.obj
 0001:0002d498       _SV_BuildClientFrame       0042e498 f   sv_ents.obj
 0001:0002d7a8       _SV_RecordDemoMessage      0042e7a8 f   sv_ents.obj
 0001:0002e145       _SV_InitGameProgs          0042f145 f   sv_game.obj
 0001:0002e210       _SV_ShutdownGameProgs      0042f210 f   sv_game.obj
 0001:0002e281       _SV_FindIndex              0042f281 f   sv_init.obj
 0001:0002e384       _SV_ModelIndex             0042f384 f   sv_init.obj
 0001:0002e39a       _SV_SoundIndex             0042f39a f   sv_init.obj
 0001:0002e3b3       _SV_ImageIndex             0042f3b3 f   sv_init.obj
 0001:0002e3cc       _SV_CreateBaseline         0042f3cc f   sv_init.obj
 0001:0002e42a       _SV_CheckForSavegame       0042f42a f   sv_init.obj
 0001:0002e4b2       _SV_SpawnServer            0042f4b2 f   sv_init.obj
 0001:0002e784       _SV_InitGame               0042f784 f   sv_init.obj
 0001:0002e9c8       _SV_Map                    0042f9c8 f   sv_init.obj
 0001:0002eb91       _SV_DropClient             0042fb91 f   sv_main.obj
 0001:0002ec06       _SV_StatusString           0042fc06 f   sv_main.obj
 0001:0002ece5       _SVC_Info                  0042fce5 f   sv_main.obj
 0001:0002edbb       _SVC_GetChallenge          0042fdbb f   sv_main.obj
 0001:0002ee63       _SVC_DirectConnect         0042fe63 f   sv_main.obj
 0001:0002f2cf       _SVC_RemoteCommand         004302cf f   sv_main.obj
 0001:0002f41f       _SV_ConnectionlessPacket   0043041f f   sv_main.obj
 0001:0002f581       _SV_CalcPings              00430581 f   sv_main.obj
 0001:0002f608       _SV_GiveMsec               00430608 f   sv_main.obj
 0001:0002f647       _SV_ReadPackets            00430647 f   sv_main.obj
 0001:0002f791       _SV_CheckTimeouts          00430791 f   sv_main.obj
 0001:0002f8a2       _SV_PostprocessFrame       004308a2 f   sv_main.obj
 0001:0002fd78       _SV_MulticastHook          00430d78 f   sv_main.obj
 0001:00030191       _SV_TraceHook              00431191 f   sv_main.obj
 0001:0003030c       _SV_Frame                  0043130c f   sv_main.obj
 0001:000305a5       _SV_UserinfoChanged        004315a5 f   sv_main.obj
 0001:00030669       _SV_Init                   00431669 f   sv_main.obj
 0001:000306e0       _SV_Shutdown               004316e0 f   sv_main.obj
 0001:000308e4       _SV_BeginRedirect          004318e4 f   sv_send.obj
 0001:00030990       _SV_ClientPrintf           00431990 f   sv_send.obj
 0001:000309eb       _SV_BroadcastPrintf        004319eb f   sv_send.obj
 0001:00030ac1       _SV_BroadcastCommand       00431ac1 f   sv_send.obj
 0001:00030b18       _SV_Multicast              00431b18 f   sv_send.obj
 0001:00030d5d       _SV_MulticastOld           00431d5d f   sv_send.obj
 0001:00030d70       _SV_StartSound             00431d70 f   sv_send.obj
 0001:00031035       _SV_StartSoundOld          00432035 f   sv_send.obj
 0001:00031065       _SV_StartSoundNew          00432065 f   sv_send.obj
 0001:00031095       _SV_SendClientDatagram     00432095 f   sv_send.obj
 0001:00031169       _SV_DemoCompleted          00432169 f   sv_send.obj
 0001:00031185       _SV_RateDrop               00432185 f   sv_send.obj
 0001:000311d0       _SV_SendClientMessages     004321d0 f   sv_send.obj
 0001:0003131f       _SV_BeginDemoserver        0043231f f   sv_user.obj
 0001:0003136c       _SV_New_f                  0043236c f   sv_user.obj
 0001:000314e1       _SV_Configstrings_f        004324e1 f   sv_user.obj
 0001:0003163b       _SV_Baselines_f            0043263b f   sv_user.obj
 0001:000317af       _SV_Begin_f                004327af f   sv_user.obj
 0001:0003180c       _SV_NextDownload_f         0043280c f   sv_user.obj
 0001:000318f1       _SV_BeginDownload_f        004328f1 f   sv_user.obj
 0001:00031b09       _SV_Disconnect_f           00432b09 f   sv_user.obj
 0001:00031b19       _SV_ShowServerinfo_f       00432b19 f   sv_user.obj
 0001:00031b26       _SV_Nextserver             00432b26 f   sv_user.obj
 0001:00031b70       _SV_Nextserver_f           00432b70 f   sv_user.obj
 0001:00031bb7       _SV_ExecuteUserCommand     00432bb7 f   sv_user.obj
 0001:00031ca5       _SV_ClientThink            00432ca5 f   sv_user.obj
 0001:00031ce8       _SV_ExecuteClientMessage   00432ce8 f   sv_user.obj
 0001:00031f09       _SV_ClearWorld             00432f09 f   sv_world.obj
 0001:0003205d       _SV_UnlinkEdict            0043305d f   sv_world.obj
 0001:00032119       _SV_LinkEdict              00433119 f   sv_world.obj
 0001:00032777       _SV_AreaEdicts             00433777 f   sv_world.obj
 0001:00032928       _SV_PointContents          00433928 f   sv_world.obj
 0001:00032a4e       _SV_ClipMoveToEntities     00433a4e f   sv_world.obj
 0001:00032e2e       _SV_Trace                  00433e2e f   sv_world.obj
 0001:00032eea       _Sys_Quit                  00433eea f   sys_win.obj
 0001:00032fba       _Sys_Error                 00433fba f   sys_win.obj
 0001:0003300e       _osAddressInfo             0043400e f   sys_win.obj
 0001:000330a2       _osModuleInfo              004340a2 f   sys_win.obj
 0001:0003323d       _appSymbolName2            0043423d f   sys_win.obj
 0001:000332bd       _appSymbolName             004342bd f   sys_win.obj
 0001:000332ef       _win32ExceptFilter         004342ef f   sys_win.obj
 0001:000338bd       _win32ExceptFilter2        004348bd f   sys_win.obj
 0001:000338c9       _Sys_Init                  004348c9 f   sys_win.obj
 0001:00033c51       _Sys_ConsoleInput          00434c51 f   sys_win.obj
 0001:00033f02       _Sys_ConsoleOutput         00434f02 f   sys_win.obj
 0001:00033f90       _Sys_SendKeyEvents         00434f90 f   sys_win.obj
 0001:0003407c       _Sys_GetClipboardData      0043507c f   sys_win.obj
 0001:000340d5       _Sys_UnloadGame            004350d5 f   sys_win.obj
 0001:00034146       _Sys_GetGameAPI            00435146 f   sys_win.obj
 0001:0003423c       _WinMain@16                0043523c f   sys_win.obj
 0001:000344c8       _Vid_CreateWindow          004354c8 f   vid_dll.obj
 0001:00034cae       _Vid_DestroyWindow         00435cae f   vid_dll.obj
 0001:00034ce9       _Vid_GetModeInfo           00435ce9 f   vid_dll.obj
 0001:00034d18       _Vid_UpdateWindowPosAndSize 00435d18 f   vid_dll.obj
 0001:00034d7f       _Vid_FreeReflib            00435d7f f   vid_dll.obj
 0001:00034dbe       _Vid_CheckChanges          00435dbe f   vid_dll.obj
 0001:000351b2       _Vid_Init                  004361b2 f   vid_dll.obj
 0001:00035271       _Vid_Shutdown              00436271 f   vid_dll.obj
 0001:0003529f       _Vid_MenuInit              0043629f f   vid_menu.obj
 0001:00035aff       _Vid_MenuDraw              00436aff f   vid_menu.obj
 0001:00035b93       _Vid_MenuKey               00436b93 f   vid_menu.obj
 0001:00035eed       _Zip_OpenArchive           00436eed f   zip.obj
 0001:00035f58       _Zip_CloseArchive          00436f58 f   zip.obj
 0001:00035f64       _Zip_EnumArchive           00436f64 f   zip.obj
 0001:00036145       _Zip_OpenFile              00437145 f   zip.obj
 0001:00036254       _Zip_ReadFile              00437254 f   zip.obj
 0001:0003634b       _Zip_CloseFile             0043734b f   zip.obj
 0001:00036393       _Zip_OpenBuf               00437393 f   zip.obj
 0001:000363e6       _Zip_ReadBuf               004373e6 f   zip.obj
 0001:0003642e       _Zip_CloseBuf              0043742e f   zip.obj
 0001:00036444       _GL_BackEnd                00437444 f   gl_backend.obj
 0001:000399c0       _GL_InitBackend            0043a9c0 f   gl_backend.obj
 0001:00039a03       _GL_ShutdownBackend        0043aa03 f   gl_backend.obj
 0001:00039a17       _GL_AllocDynamicMemory     0043aa17 f   gl_buffers.obj
 0001:00039a77       _GL_ResizeDynamicMemory    0043aa77 f   gl_buffers.obj
 0001:00039ac2       _GL_AddSurfaceToPortal     0043aac2 f   gl_buffers.obj
 0001:00039b25       _GL_AddDynamicSurface      0043ab25 f   gl_buffers.obj
 0001:00039b4d       _GL_InsertShaderIndex      0043ab4d f   gl_buffers.obj
 0001:00039b80       _GL_ClearPortal            0043ab80 f   gl_buffers.obj
 0001:00039b9c       _GL_FinishPortal           0043ab9c f   gl_buffers.obj
 0001:00039bed       _GL_SortSurfaces           0043abed f   gl_buffers.obj
 0001:00039d88       _GL_ClearBuffers           0043ad88 f   gl_buffers.obj
 0001:00039d9f       _GL_AddEntity              0043ad9f f   gl_frontend.obj
 0001:0003a213       _GL_AddDlight              0043b213 f   gl_frontend.obj
 0001:0003a3cb       _GL_DrawPortal             0043b3cb f   gl_frontend.obj
 0001:0003cef0       _GL_TextureMode            0043def0 f   gl_image.obj
 0001:0003cf98       _GL_CreateImage            0043df98 f   gl_image.obj
 0001:0003dd68       _GL_SetRawPalette          0043ed68 f   gl_image.obj
 0001:0003dd99       _GL_DrawStretchRaw8        0043ed99 f   gl_image.obj
 0001:0003e3c5       _GL_SetupGamma             0043f3c5 f   gl_image.obj
 0001:0003e508       _GL_PerformScreenshot      0043f508 f   gl_image.obj
 0001:0003e791       _GL_InitImages             0043f791 f   gl_image.obj
 0001:0003ed80       _GL_ShutdownImages         0043fd80 f   gl_image.obj
 0001:0003ede7       _GL_LoadDelayedImages      0043fde7 f   gl_image.obj
 0001:0003ee64       _GL_ShowImages             0043fe64 f   gl_image.obj
 0001:0003f0ec       _GL_FindImage              004400ec f   gl_image.obj
 0001:0003f4a8       _GL_Lock                   004404a8 f   gl_interface.obj
 0001:0003f538       _GL_Unlock                 00440538 f   gl_interface.obj
 0001:0003f6fa       _GL_Bind                   004406fa f   gl_interface.obj
 0001:0003f824       _GL_BindForce              00440824 f   gl_interface.obj
 0001:0003f8a2       _GL_TexEnv                 004408a2 f   gl_interface.obj
 0001:0003fa21       _GL_TexMipBias             00440a21 f   gl_interface.obj
 0001:0003fa7c       _GL_TexEnvColor            00440a7c f   gl_interface.obj
 0001:0003fb2c       _GL_SelectTexture          00440b2c f   gl_interface.obj
 0001:0003fb8d       _GL_TexCoordPointer        00440b8d f   gl_interface.obj
 0001:0003fbbd       _GL_SetMultitexture        00440bbd f   gl_interface.obj
 0001:0003fcaf       _GL_DisableTexCoordArrays  00440caf f   gl_interface.obj
 0001:0003fd08       _GL_CullFace               00440d08 f   gl_interface.obj
 0001:0003fd59       _GL_DepthRange             00440d59 f   gl_interface.obj
 0001:0003fd8c       _GL_State                  00440d8c f   gl_interface.obj
 0001:0003fee5       _GL_EnableFog              00440ee5 f   gl_interface.obj
 0001:0003ffdd       _GL_SetDefaultState        00440fdd f   gl_interface.obj
 0001:0004012b       _GL_Set2DMode              0044112b f   gl_interface.obj
 0001:00040226       _GL_Setup                  00441226 f   gl_interface.obj
 0001:00040332       _GL_ShowLights             00441332 f   gl_light.obj
 0001:00040757       _GL_LightForEntity         00441757 f   gl_light.obj
 0001:000419d0       _GL_DiffuseLight           004429d0 f   gl_light.obj
 0001:00041b48       _GL_InitLightGrid          00442b48 f   gl_light.obj
 0001:00041be4       _GL_PostLoadLights         00442be4 f   gl_light.obj
 0001:00041e82       _LM_Init                   00442e82 f   gl_lightmap.obj
 0001:00041e98       _LM_Flush                  00442e98 f   gl_lightmap.obj
 0001:00041ef5       _LM_Done                   00442ef5 f   gl_lightmap.obj
 0001:00041f1c       _LM_Save                   00442f1c f   gl_lightmap.obj
 0001:00041f36       _LM_Restore                00442f36 f   gl_lightmap.obj
 0001:00041f50       _LM_NewBlock               00442f50 f   gl_lightmap.obj
 0001:00041fca       _LM_Rewind                 00442fca f   gl_lightmap.obj
 0001:00041fd2       _LM_NextBlock              00442fd2 f   gl_lightmap.obj
 0001:00041fff       _LM_CheckMinlight          00442fff f   gl_lightmap.obj
 0001:00042095       _LM_AllocBlock             00443095 f   gl_lightmap.obj
 0001:0004214c       _LM_PutBlock               0044314c f   gl_lightmap.obj
 0001:00042586       _LM_SortLightStyles        00443586 f   gl_lightmap.obj
 0001:00042617       _GL_UpdateDynamicLightmap  00443617 f   gl_lightmap.obj
 0001:00042b0e       _LM_IsMonotone             00443b0e f   gl_lightmap.obj
 0001:00042c15       _GL_EnableRendering        00443c15 f   gl_main.obj
 0001:00042c30       _DrawTextLeft              00443c30 f   gl_main.obj
 0001:00042cfa       _DrawTextRight             00443cfa f   gl_main.obj
 0001:00042d38       _DrawText3D                00443d38 f   gl_main.obj
 0001:00042db0       _GL_GetRefAPI              00443db0 f   gl_main.obj
 0001:000446ef       _GL_InitFuncTables         004456ef f   gl_math.obj
 0001:000448a0       _ModelToWorldCoord         004458a0 f   gl_math.obj
 0001:00044911       _WorldToModelCoord         00445911 f   gl_math.obj
 0001:00044958       _BuildRotationMatrix       00445958 f   gl_math.obj
 0001:00044a52       _GetBoxRect                00445a52 f   gl_math.obj
 0001:00044dc3       _ProjectToScreen           00445dc3 f   gl_math.obj
 0001:00044f06       _SaturateColor3f           00445f06 f   gl_math.obj
 0001:00044ff6       _SaturateColor4b           00445ff6 f   gl_math.obj
 0001:00045104       _GL_FindModel              00446104 f   gl_model.obj
 0001:00045282       _GL_LoadWorldMap           00446282 f   gl_model.obj
 0001:00046e25       _GL_PointInLeaf            00447e25 f   gl_model.obj
 0001:00047832       _ATAN2_FUNC                00448832 f i gl_model.obj
 0001:000479dd       _GL_FindSkin               004489dd f   gl_model.obj
 0001:00047b3c       _GL_ResetModels            00448b3c f   gl_model.obj
 0001:00047c10       _GL_InitModels             00448c10 f   gl_model.obj
 0001:00047ca4       _GL_ShutdownModels         00448ca4 f   gl_model.obj
 0001:00047cba       _SubdividePlane            00448cba f   gl_poly.obj
 0001:0004810d       _FreeSubdividedPlane       0044910d f   gl_poly.obj
 0001:00048125       _GetSubdivideIndexes       00449125 f   gl_poly.obj
 0001:00048178       _RemoveCollinearPoints     00449178 f   gl_poly.obj
 0001:0004828c       _GetPolyArea               0044928c f   gl_poly.obj
 0001:00048320       _GL_InitShaders            00449320 f   gl_shader.obj
 0001:0004846c       _GL_ShutdownShaders        0044946c f   gl_shader.obj
 0001:00048496       _GL_SetShaderLightmap      00449496 f   gl_shader.obj
 0001:00048898       _GL_SetShaderLightstyles   00449898 f   gl_shader.obj
 0001:00048934       _GL_GetAlphaShader         00449934 f   gl_shader.obj
 0001:00048bee       _GL_FindShader             00449bee f   gl_shader.obj
 0001:00049227       _GL_GetShaderByNum         0044a227 f   gl_shader.obj
 0001:00049245       _GL_ResetShaders           0044a245 f   gl_shader.obj
 0001:000496d3       _GL_ClearSkyBox            0044a6d3 f   gl_sky.obj
 0001:000496f6       _GL_SetSkyRotate           0044a6f6 f   gl_sky.obj
 0001:0004972e       _GL_SkyVisible             0044a72e f   gl_sky.obj
 0001:00049747       _GL_AddSkySurface          0044a747 f   gl_sky.obj
 0001:00049d74       _GL_TesselateSkySide       0044ad74 f   gl_sky.obj
 0001:0004a046       _GLimp_SetMode             0044b046 f   glw_imp.obj
 0001:0004a2ec       _GLimp_HasGamma            0044b2ec f   glw_imp.obj
 0001:0004a300       _GLimp_SetGamma            0044b300 f   glw_imp.obj
 0001:0004a499       _GLimp_Init                0044b499 f   glw_imp.obj
 0001:0004a7e0       _GLimp_Shutdown            0044b7e0 f   glw_imp.obj
 0001:0004a888       _GLimp_EndFrame            0044b888 f   glw_imp.obj
 0001:0004a925       _GLimp_AppActivate         0044b925 f   glw_imp.obj
 0001:0004c02f       _QGL_Shutdown              0044d02f f   qgl_win.obj
 0001:0004c073       _QGL_Init                  0044d073 f   qgl_win.obj
 0001:0004c0f6       _QGL_InitExtensions        0044d0f6 f   qgl_win.obj
 0001:0004c50a       _QGL_PrintExtensionsString 0044d50a f   qgl_win.obj
 0001:0004c634       _QGL_EnableLogging         0044d634 f   qgl_win.obj
 0001:0004c6ea       _QGL_LogMessage            0044d6ea f   qgl_win.obj
 0001:0004c701       _Hunk_Begin                0044d701 f   q_shwin.obj
 0001:0004c73b       _Hunk_Alloc                0044d73b f   q_shwin.obj
 0001:0004c7c2       _Hunk_End                  0044d7c2 f   q_shwin.obj
 0001:0004c7c8       _Hunk_Free                 0044d7c8 f   q_shwin.obj
 0001:0004c7e1       _Sys_Milliseconds          0044d7e1 f   q_shwin.obj
 0001:0004c815       _Sys_Mkdir                 0044d815 f   q_shwin.obj
 0001:0004c821       _Sys_FindFirst             0044d821 f   q_shwin.obj
 0001:0004c89f       _Sys_FindNext              0044d89f f   q_shwin.obj
 0001:0004c914       _Sys_FindClose             0044d914 f   q_shwin.obj
 0001:0004c92e       _R_Alias_clip_z            0044d92e f   r_aclip.obj
 0001:0004c9f0       _R_Alias_clip_left         0044d9f0 f   r_aclip.obj
 0001:0004cbfc       _R_Alias_clip_right        0044dbfc f   r_aclip.obj
 0001:0004ce08       _R_Alias_clip_top          0044de08 f   r_aclip.obj
 0001:0004d01c       _R_Alias_clip_bottom       0044e01c f   r_aclip.obj
 0001:0004d230       _R_AliasClip               0044e230 f   r_aclip.obj
 0001:0004d300       _R_AliasClipTriangle       0044e300 f   r_aclip.obj
 0001:0004d4f2       _R_AliasCheckFrameBBox     0044e4f2 f   r_alias.obj
 0001:0004d625       _R_AliasCheckBBox          0044e625 f   r_alias.obj
 0001:0004d689       _R_AliasTransformVector    0044e689 f   r_alias.obj
 0001:0004d6e5       _R_AliasPreparePoints      0044e6e5 f   r_alias.obj
 0001:0004d97d       _R_AliasSetUpTransform     0044e97d f   r_alias.obj
 0001:0004dc40       _R_AliasTransformFinalVerts 0044ec40 f   r_alias.obj
 0001:0004de0f       _R_AliasProjectAndClipTestFinalVert 0044ee0f f   r_alias.obj
 0001:0004debe       _R_AliasSetupLighting      0044eebe f   r_alias.obj
 0001:0004e028       _R_AliasSetupFrames        0044f028 f   r_alias.obj
 0001:0004e09c       _R_AliasSetUpLerpData      0044f09c f   r_alias.obj
 0001:0004e1c4       _R_AliasDrawModel          0044f1c4 f   r_alias.obj
 0001:0004e458       _R_EntityRotate            0044f458 f   r_bsp.obj
 0001:0004e4d4       _R_RotateBmodel            0044f4d4 f   r_bsp.obj
 0001:0004e62f       _R_RecursiveClipBPoly      0044f62f f   r_bsp.obj
 0001:0004e95f       _R_DrawSolidClippedSubmodelPolygons 0044f95f f   r_bsp.obj
 0001:0004eae6       _R_DrawSubmodelPolygons    0044fae6 f   r_bsp.obj
 0001:0004eb76       _R_RecursiveWorldNode      0044fb76 f   r_bsp.obj
 0001:0004eda8       _R_RenderWorld             0044fda8 f   r_bsp.obj
 0001:0004ee23       _Draw_FindPic              0044fe23 f   r_draw.obj
 0001:0004eebf       _Draw_InitLocal            0044febf f   r_draw.obj
 0001:0004eed0       _Draw_Char                 0044fed0 f   r_draw.obj
 0001:0004f01b       _Draw_CharColor            0045001b f   r_draw.obj
 0001:0004f190       _R_DrawTexts               00450190 f   r_draw.obj
 0001:0004f256       _DrawText_Pos              00450256 f   r_draw.obj
 0001:0004f32e       _DrawText_Left             0045032e f   r_draw.obj
 0001:0004f356       _DrawText_Right            00450356 f   r_draw.obj
 0001:0004f392       _Draw_GetPicSize           00450392 f   r_draw.obj
 0001:0004f3d2       _Draw_StretchPicImplementation 004503d2 f   r_draw.obj
 0001:0004f4f9       _Draw_StretchPic           004504f9 f   r_draw.obj
 0001:0004f58d       _Draw_StretchRaw8          0045058d f   r_draw.obj
 0001:0004f607       _Draw_Pic                  00450607 f   r_draw.obj
 0001:0004f811       _Draw_PicColor             00450811 f   r_draw.obj
 0001:0004f9ca       _Draw_TileClear            004509ca f   r_draw.obj
 0001:0004fae9       _Draw_Fill                 00450ae9 f   r_draw.obj
 0001:0004fbcf       _Draw_Fade                 00450bcf f   r_draw.obj
 0001:0004fc7d       _R_BeginEdgeFrame          00450c7d f   r_edge.obj
 0001:0004fd39       _R_InsertNewEdges          00450d39 f   r_edge.obj
 0001:0004fd7f       _R_RemoveEdges             00450d7f f   r_edge.obj
 0001:0004fd9d       _R_StepActiveU             00450d9d f   r_edge.obj
 0001:0004fe31       _R_CleanupSpan             00450e31 f   r_edge.obj
 0001:0004fe81       _R_LeadingEdgeBackwards    00450e81 f   r_edge.obj
 0001:0004ff16       _R_TrailingEdge            00450f16 f   r_edge.obj
 0001:0004ff7a       _R_LeadingEdge             00450f7a f   r_edge.obj
 0001:0005011d       _R_GenerateSpans           0045111d f   r_edge.obj
 0001:0005018b       _R_GenerateSpansBackward   0045118b f   r_edge.obj
 0001:000501f9       _R_ScanEdges               004511f9 f   r_edge.obj
 0001:000503d0       _D_FlatFillSurface         004513d0 f   r_edge.obj
 0001:0005042a       _D_CalcGradients           0045142a f   r_edge.obj
 0001:0005068a       _D_BackgroundSurf          0045168a f   r_edge.obj
 0001:000506ca       _D_TurbulentSurf           004516ca f   r_edge.obj
 0001:000507d9       _D_SkySurf                 004517d9 f   r_edge.obj
 0001:0005085a       _D_SolidSurf               0045185a f   r_edge.obj
 0001:000509b2       _D_DrawflatSurfaces        004519b2 f   r_edge.obj
 0001:00050a02       _D_DrawSurfaces            00451a02 f   r_edge.obj
 0001:00050afb       _R_ImageList_f             00451afb f   r_image.obj
 0001:00050bbc       _R_FindFreeImage           00451bbc f   r_image.obj
 0001:00050c07       _R_LoadPic                 00451c07 f   r_image.obj
 0001:00050c94       _R_LoadTex                 00451c94 f   r_image.obj
 0001:00050d20       _R_LoadWal                 00451d20 f   r_image.obj
 0001:00050d76       _R_MipMap                  00451d76 f   r_image.obj
 0001:00050ea4       _R_DownsampleImage         00451ea4 f   r_image.obj
 0001:00050fa9       _R_FindImage               00451fa9 f   r_image.obj
 0001:0005134e       _R_RegisterSkin            0045234e f   r_image.obj
 0001:0005135c       _R_FreeUnusedImages        0045235c f   r_image.obj
 0001:000513bc       _R_InitImages              004523bc f   r_image.obj
 0001:0005141f       _R_ShutdownImages          0045241f f   r_image.obj
 0001:0005145c       _R_MarkLights              0045245c f   r_light.obj
 0001:00051522       _R_PushDlights             00452522 f   r_light.obj
 0001:00051580       _R_LightPoint              00452580 f   r_light.obj
 0001:0005194b       _R_AddDynamicLights        0045294b f   r_light.obj
 0001:00051be9       _R_BuildLightMap           00452be9 f   r_light.obj
 0001:00051cdf       _R_InitTextures            00452cdf f   r_main.obj
 0001:00051da0       _R_InitTurb                00452da0 f   r_main.obj
 0001:00051e1d       _R_Register                00452e1d f   r_main.obj
 0001:00051e85       _R_Init                    00452e85 f   r_main.obj
 0001:00051f6c       _R_Shutdown                00452f6c f   r_main.obj
 0001:0005202d       _R_NewMap                  0045302d f   r_main.obj
 0001:000520d7       _R_MarkLeaves              004530d7 f   r_main.obj
 0001:000521fe       _R_DrawEntitiesOnList      004531fe f   r_main.obj
 0001:000523a6       _R_BmodelCheckBBox         004533a6 f   r_main.obj
 0001:00052458       _R_FindTopnode             00453458 f   r_main.obj
 0001:000524ad       _RotatedBBox               004534ad f   r_main.obj
 0001:0005260f       _R_DrawBEntitiesOnList     0045360f f   r_main.obj
 0001:00052810       _R_EdgeDrawing             00453810 f   r_main.obj
 0001:000528e5       _R_CalcPalette             004538e5 f   r_main.obj
 0001:000529ea       _R_SetLightLevel           004539ea f   r_main.obj
 0001:00052a3a       _R_RenderFrame             00453a3a f   r_main.obj
 0001:00052c65       _R_InitGraphics            00453c65 f   r_main.obj
 0001:00052cdb       _R_BeginFrame              00453cdb f   r_main.obj
 0001:00052e74       _R_GammaCorrectAndSetPalette 00453e74 f   r_main.obj
 0001:00052ed3       _R_CinematicSetPalette     00453ed3 f   r_main.obj
 0001:00052f6a       _Draw_BuildGammaTable      00453f6a f   r_main.obj
 0001:0005307b       _R_DrawBeam                0045407b f   r_main.obj
 0001:000531d0       _R_SetSky                  004541d0 f   r_main.obj
 0001:00053247       _Draw_GetPalette           00454247 f   r_main.obj
 0001:0005338d       _Draw_ConCharColor         0045438d f   r_main.obj
 0001:000533ae       _GetRefAPI                 004543ae f   r_main.obj
 0001:000535f6       _D_ViewChanged             004545f6 f   r_misc.obj
 0001:00053769       _R_PrintTimes              00454769 f   r_misc.obj
 0001:000537d1       _R_PrintDSpeeds            004547d1 f   r_misc.obj
 0001:00053886       _R_PrintAliasStats         00454886 f   r_misc.obj
 0001:00053899       _R_TransformFrustum        00454899 f   r_misc.obj
 0001:00053957       _TransformVector           00454957 f   r_misc.obj
 0001:000539c2       _R_SetUpFrustumIndexes     004549c2 f   r_misc.obj
 0001:00053a27       _R_ViewChanged             00454a27 f   r_misc.obj
 0001:00053d70       _R_SetupFrame              00454d70 f   r_misc.obj
 0001:00053f4b       _WritePCXfile              00454f4b f   r_misc.obj
 0001:0005406d       _R_ScreenShot              0045506d f   r_misc.obj
 0001:0005417c       _Mod_Modellist_f           0045517c f   r_model.obj
 0001:000541da       _Mod_Init                  004551da f   r_model.obj
 0001:000541f2       _Mod_ForName               004551f2 f   r_model.obj
 0001:00054420       _Mod_PointInLeaf           00455420 f   r_model.obj
 0001:0005447f       _Mod_DecompressVis         0045547f f   r_model.obj
 0001:000544ff       _Mod_ClusterPVS            004554ff f   r_model.obj
 0001:0005452c       _Mod_LoadLighting          0045552c f   r_model.obj
 0001:000545ab       _R_NumberLeafs             004555ab f   r_model.obj
 0001:000545f9       _Mod_LoadVertexes          004555f9 f   r_model.obj
 0001:0005463b       _Mod_LoadEdges             0045563b f   r_model.obj
 0001:00054689       _Mod_LoadTexinfo           00455689 f   r_model.obj
 0001:000547f1       _CalcSurfaceExtents        004557f1 f   r_model.obj
 0001:0005496f       _Mod_LoadFaces             0045596f f   r_model.obj
 0001:00054ad0       _Mod_SetParent             00455ad0 f   r_model.obj
 0001:00054af5       _Mod_LoadNodes             00455af5 f   r_model.obj
 0001:00054beb       _Mod_LoadLeafs             00455beb f   r_model.obj
 0001:00054c94       _Mod_LoadMarksurfaces      00455c94 f   r_model.obj
 0001:00054d0d       _Mod_LoadSurfedges         00455d0d f   r_model.obj
 0001:00054d4c       _Mod_LoadPlanes            00455d4c f   r_model.obj
 0001:00054dbb       _Mod_LoadBrushModel        00455dbb f   r_model.obj
 0001:00054f9a       _Mod_LoadAliasModel        00455f9a f   r_model.obj
 0001:00055202       _Mod_LoadSpriteModel       00456202 f   r_model.obj
 0001:000552e5       _R_BeginRegistration       004562e5 f   r_model.obj
 0001:00055375       _R_RegisterModel           00456375 f   r_model.obj
 0001:0005546d       _R_EndRegistration         0045646d f   r_model.obj
 0001:000554d8       _Mod_FreeAll               004564d8 f   r_model.obj
 0001:0005551d       _R_DrawParticle            0045651d f   r_part.obj
 0001:000557b7       _R_DrawParticles           004567b7 f   r_part.obj
 0001:0005585f       _R_DrawSpanletOpaque       0045685f f   r_poly.obj
 0001:000558ef       _R_DrawSpanletTurbulentStipple33 004568ef f   r_poly.obj
 0001:00055a1a       _R_DrawSpanletTurbulentStipple66 00456a1a f   r_poly.obj
 0001:00055bfb       _R_DrawSpanletTurbulentBlended66 00456bfb f   r_poly.obj
 0001:00055cb0       _R_DrawSpanletTurbulentBlended33 00456cb0 f   r_poly.obj
 0001:00055d65       _R_DrawSpanlet33           00456d65 f   r_poly.obj
 0001:00055dff       _R_DrawSpanletConstant33   00456dff f   r_poly.obj
 0001:00055e58       _R_DrawSpanlet66           00456e58 f   r_poly.obj
 0001:00055ef6       _R_DrawSpanlet33Stipple    00456ef6 f   r_poly.obj
 0001:00056011       _R_DrawSpanlet66Stipple    00457011 f   r_poly.obj
 0001:000561a2       _R_ClipPolyFace            004571a2 f   r_poly.obj
 0001:00056313       _R_PolygonDrawSpans        00457313 f   r_poly.obj
 0001:00056712       _R_PolygonScanLeftEdge     00457712 f   r_poly.obj
 0001:00056876       _R_PolygonScanRightEdge    00457876 f   r_poly.obj
 0001:00056a80       _R_ClipAndDrawPoly         00457a80 f   r_poly.obj
 0001:00056c7f       _R_BuildPolygonFromSurface 00457c7f f   r_poly.obj
 0001:00056e75       _R_PolygonCalculateGradients 00457e75 f   r_poly.obj
 0001:00057148       _R_DrawAlphaSurfaces       00458148 f   r_poly.obj
 0001:000571de       _R_IMFlatShadedQuad        004581de f   r_poly.obj
 0001:0005730c       _R_InitAdivtab             0045830c f   r_polyse.obj
 0001:00057378       _R_PolysetUpdateTables     00458378 f   r_polyse.obj
 0001:000573b3       _R_DrawTriangle            004583b3 f   r_polyse.obj
 0001:000574c4       _R_PolysetScanLeftEdge_C   004584c4 f   r_polyse.obj
 0001:0005768e       _FloorDivMod               0045868e f   r_polyse.obj
 0001:00057728       _R_PolysetSetUpForLineScan 00458728 f   r_polyse.obj
 0001:000577b6       _R_PolysetCalcGradients    004587b6 f   r_polyse.obj
 0001:00057a29       _R_PolysetDrawSpans8_33    00458a29 f   r_polyse.obj
 0001:00057b59       _R_PolysetDrawSpansConstant8_33 00458b59 f   r_polyse.obj
 0001:00057bf3       _R_PolysetDrawSpans8_66    00458bf3 f   r_polyse.obj
 0001:00057d2f       _R_PolysetDrawSpansConstant8_66 00458d2f f   r_polyse.obj
 0001:00057dd7       _R_PolysetDrawSpans8_Opaque 00458dd7 f   r_polyse.obj
 0001:00057f22       _R_RasterizeAliasPolySmooth 00458f22 f   r_polyse.obj
 0001:00058502       _R_PolysetSetEdgeTable     00459502 f   r_polyse.obj
 0001:0005859d       _R_InitSkyBox              0045959d f   r_rast.obj
 0001:00058806       _R_EmitSkyBox              00459806 f   r_rast.obj
 0001:00058919       _R_EmitEdge                00459919 f   r_rast.obj
 0001:00058ceb       _R_ClipEdge                00459ceb f   r_rast.obj
 0001:00058e99       _R_EmitCachedEdge          00459e99 f   r_rast.obj
 0001:00058ef0       _R_RenderFace              00459ef0 f   r_rast.obj
 0001:000592b7       _R_RenderBmodelFace        0045a2b7 f   r_rast.obj
 0001:00059520       _D_WarpScreen              0045a520 f   r_scan.obj
 0001:000596e2       _D_DrawTurbulent8Span      0045a6e2 f   r_scan.obj
 0001:00059766       _Turbulent8                0045a766 f   r_scan.obj
 0001:00059ac2       _NonTurbulent8             0045aac2 f   r_scan.obj
 0001:00059dfc       _D_DrawSpans16             0045adfc f   r_scan.obj
 0001:0005a119       _D_DrawZSpans              0045b119 f   r_scan.obj
 0001:0005a1e9       _R_DrawSprite              0045b1e9 f   r_sprite.obj
 0001:0005a473       _R_TextureAnimation        0045b473 f   r_surf.obj
 0001:0005a497       _R_DrawSurface             0045b497 f   r_surf.obj
 0001:0005a5fc       _R_DrawSurfaceBlock8_mip0  0045b5fc f   r_surf.obj
 0001:0005a6fb       _R_DrawSurfaceBlock8_mip1  0045b6fb f   r_surf.obj
 0001:0005a7fa       _R_DrawSurfaceBlock8_mip2  0045b7fa f   r_surf.obj
 0001:0005a8f9       _R_DrawSurfaceBlock8_mip3  0045b8f9 f   r_surf.obj
 0001:0005a9f5       _R_InitCaches              0045b9f5 f   r_surf.obj
 0001:0005aa76       _D_FlushCaches             0045ba76 f   r_surf.obj
 0001:0005aabb       _D_SCAlloc                 0045babb f   r_surf.obj
 0001:0005ac48       _D_CacheSurface            0045bc48 f   r_surf.obj
 0001:0005adbd       _DDRAW_Init                0045bdbd f   rw_ddraw.obj
 0001:0005b1cd       _DDRAW_SetPalette          0045c1cd f   rw_ddraw.obj
 0001:0005b236       _DDRAW_Shutdown            0045c236 f   rw_ddraw.obj
 0001:0005b3a1       _DIB_Init                  0045c3a1 f   rw_dib.obj
 0001:0005b586       _DIB_SetPalette            0045c586 f   rw_dib.obj
 0001:0005b742       _DIB_Shutdown              0045c742 f   rw_dib.obj
 0001:0005b83b       _SWimp_Init                0045c83b f   rw_imp.obj
 0001:0005b83f       _SWimp_EndFrame            0045c83f f   rw_imp.obj
 0001:0005b9ab       _SWimp_SetMode             0045c9ab f   rw_imp.obj
 0001:0005bacd       _SWimp_SetPalette          0045cacd f   rw_imp.obj
 0001:0005baf2       _SWimp_Shutdown            0045caf2 f   rw_imp.obj
 0001:0005bb39       _SWimp_AppActivate         0045cb39 f   rw_imp.obj
 0001:0005bbf0       _jpeg_CreateDecompress     0045cbf0 f   lib:jdapimin.obj
 0001:0005bcb0       _jpeg_destroy_decompress   0045ccb0 f   lib:jdapimin.obj
 0001:0005bcb0       _jpeg_destroy_compress     0045ccb0 f   lib:jdapimin.obj
 0001:0005bcbb       _jpeg_read_header          0045ccbb f   lib:jdapimin.obj
 0001:0005bd1d       _jpeg_consume_input        0045cd1d f   lib:jdapimin.obj
 0001:0005bf6b       _jpeg_finish_decompress    0045cf6b f   lib:jdapimin.obj
 0001:0005c002       _jpeg_start_decompress     0045d002 f   lib:jdapistd.obj
 0001:0005c16f       _jpeg_read_scanlines       0045d16f f   lib:jdapistd.obj
 0001:0005c1f3       _jpeg_resync_to_restart    0045d1f3 f   lib:jdmarker.obj
 0001:0005c3b8       _jinit_marker_reader       0045d3b8 f   lib:jdmarker.obj
 0001:0005d883       _jpeg_CreateCompress       0045e883 f   lib:jcapimin.obj
 0001:0005d937       _jpeg_suppress_tables      0045e937 f   lib:jcapimin.obj
 0001:0005d981       _jpeg_finish_compress      0045e981 f   lib:jcapimin.obj
 0001:0005da6b       _jpeg_start_compress       0045ea6b f   lib:jcapistd.obj
 0001:0005dad7       _jpeg_write_scanlines      0045ead7 f   lib:jcapistd.obj
 0001:0005db82       _jpeg_add_quant_table      0045eb82 f   lib:jcparam.obj
 0001:0005dc34       _jpeg_quality_scaling      0045ec34 f   lib:jcparam.obj
 0001:0005dc5b       _jpeg_set_quality          0045ec5b f   lib:jcparam.obj
 0001:0005dc95       _jpeg_set_defaults         0045ec95 f   lib:jcparam.obj
 0001:0005de57       _jpeg_default_colorspace   0045ee57 f   lib:jcparam.obj
 0001:0005dea7       _jpeg_set_colorspace       0045eea7 f   lib:jcparam.obj
 0001:0005e1c2       _jpeg_stdio_dest           0045f1c2 f   lib:jdatadst.obj
 0001:0005e3c1       _crc32                     0045f3c1 f   lib:crc32.obj
 0001:0005e65b       _inflateReset              0045f65b f   lib:inflate.obj
 0001:0005e6a2       _inflateInit2_             0045f6a2 f   lib:inflate.obj
 0001:0005e75b       _inflate                   0045f75b f   lib:inflate.obj
 0001:0005fa2a       _inflateEnd                00460a2a f   lib:inflate.obj
 0001:0005fa68       _jinit_input_controller    00460a68 f   lib:jdinput.obj
 0001:0005ff4b       _jinit_memory_mgr          00460f4b f   lib:jmemmgr.obj
 0001:00060adf       _jpeg_abort                00461adf f   lib:jcomapi.obj
 0001:00060b12       _jpeg_destroy              00461b12 f   lib:jcomapi.obj
 0001:00060b2d       _jpeg_alloc_quant_table    00461b2d f   lib:jcomapi.obj
 0001:00060b49       _jpeg_alloc_huff_table     00461b49 f   lib:jcomapi.obj
 0001:00060b65       _jpeg_calc_output_dimensions 00461b65 f   lib:jdmaster.obj
 0001:00060c65       _jinit_master_decompress   00461c65 f   lib:jdmaster.obj
 0001:00060fbb       _jdiv_round_up             00461fbb f   lib:jutils.obj
 0001:00060fcb       _jround_up                 00461fcb f   lib:jutils.obj
 0001:00060fe3       _jcopy_sample_rows         00461fe3 f   lib:jutils.obj
 0001:00061021       _jcopy_block_row           00462021 f   lib:jutils.obj
 0001:0006103a       _jzero_far                 0046203a f   lib:jutils.obj
 0001:0006104d       _jinit_marker_writer       0046204d f   lib:jcmarker.obj
 0001:00061929       _jinit_compress_master     00462929 f   lib:jcinit.obj
 0001:00061982       _zcalloc                   00462982 f   lib:zutil.obj
 0001:00061994       _jpeg_free_large           00462994 f   lib:zutil.obj
 0001:00061994       _zcfree                    00462994 f   lib:zutil.obj
 0001:00061994       _jpeg_free_small           00462994 f   lib:zutil.obj
 0001:000619a0       _inflate_fast              004629a0 f   lib:inffast.obj
 0001:00061d55       _inflate_table             00462d55 f   lib:inftrees.obj
 0001:000620de       _adler32                   004630de f   lib:adler32.obj
 0001:000621f7       _jinit_c_codec             004631f7 f   lib:jcodec.obj
 0001:00062213       _jinit_d_codec             00463213 f   lib:jcodec.obj
 0001:0006222f       _jpeg_get_large            0046322f f   lib:jmemansi.obj
 0001:0006222f       _jpeg_get_small            0046322f f   lib:jmemansi.obj
 0001:0006223b       _jpeg_mem_available        0046323b f   lib:jmemansi.obj
 0001:0006224a       _jpeg_open_backing_store   0046324a f   lib:jmemansi.obj
 0001:00062361       _jpeg_mem_init             00463361 f   lib:jmemansi.obj
 0001:00062367       _jinit_d_main_controller   00463367 f   lib:jdmainct.obj
 0001:000629b2       _jinit_d_post_controller   004639b2 f   lib:jdpostct.obj
 0001:00062c5d       _jinit_upsampler           00463c5d f   lib:jdsample.obj
 0001:0006329b       _jinit_color_deconverter   0046429b f   lib:jdcolor.obj
 0001:000637b1       _jinit_merged_upsampler    004647b1 f   lib:jdmerge.obj
 0001:00063d01       _jinit_2pass_quantizer     00464d01 f   lib:jquant2.obj
 0001:00064dc4       _jinit_1pass_quantizer     00465dc4 f   lib:jquant1.obj
 0001:000657ea       _jinit_c_main_controller   004667ea f   lib:jcmainct.obj
 0001:00065957       _jinit_c_prep_controller   00466957 f   lib:jcprepct.obj
 0001:00065ea2       _jinit_downsampler         00466ea2 f   lib:jcsample.obj
 0001:00066722       _jinit_color_converter     00467722 f   lib:jccolor.obj
 0001:00066d0c       _jinit_c_master_control    00467d0c f   lib:jcmaster.obj
 0001:000677fb       _jinit_lossy_c_codec       004687fb f   lib:jclossy.obj
 0001:00067896       _jinit_lossless_c_codec    00468896 f   lib:jclossls.obj
 0001:0006792e       _jinit_lossy_d_codec       0046892e f   lib:jdlossy.obj
 0001:00067c01       _jinit_lossless_d_codec    00468c01 f   lib:jdlossls.obj
 0001:00067cb1       _jinit_c_coef_controller   00468cb1 f   lib:jccoefct.obj
[...]
 0001:0006d105       _process_restart           0046e105 f   lib:jddiffct.obj
 0001:00035184       _dummy_consume_data        00436184 f   vid_dll.obj
 0001:0006d13a       _consume_data              0046e13a f   lib:jddiffct.obj
 0001:0006d1b1       _output_data               0046e1b1 f   lib:jddiffct.obj
 0001:0006cbdd       _start_pass                0046dbdd f   lib:jddctmgr.obj
 0001:0006c02f       _start_pass_phuff_decoder  0046d02f f   lib:jdphuff.obj
 0001:0006c278       _decode_mcu_DC_first       0046d278 f   lib:jdphuff.obj
 0001:0006c470       _process_restart           0046d470 f   lib:jdphuff.obj
 0001:0006c4df       _decode_mcu_AC_first       0046d4df f   lib:jdphuff.obj
 0001:0006c6ff       _decode_mcu_DC_refine      0046d6ff f   lib:jdphuff.obj
 0001:0006c7d4       _decode_mcu_AC_refine      0046d7d4 f   lib:jdphuff.obj
 0001:0006ba76       _start_pass_huff_decoder   0046ca76 f   lib:jdshuff.obj
 0001:0006bbae       _decode_mcu                0046cbae f   lib:jdshuff.obj
 0001:0006bf5e       _process_restart           0046cf5e f   lib:jdshuff.obj
 0001:0006ae5f       _start_input_pass          0046be5f f   lib:jdcoefct.obj
 0001:0006ae72       _start_iMCU_row            0046be72 f   lib:jdcoefct.obj
 0001:0006aeb7       _start_output_pass         0046beb7 f   lib:jdcoefct.obj
 0001:0006aef4       _decompress_onepass        0046bef4 f   lib:jdcoefct.obj
 0001:00035184       _dummy_consume_data        00436184 f   vid_dll.obj
 0001:0006b0cd       _consume_data              0046c0cd f   lib:jdcoefct.obj
 0001:0006b286       _decompress_data           0046c286 f   lib:jdcoefct.obj
 0001:0006b3f2       _smoothing_ok              0046c3f2 f   lib:jdcoefct.obj
 0001:0006b4dd       _decompress_smooth_data    0046c4dd f   lib:jdcoefct.obj
 0001:0006acf8       _scaler_start_pass         0046bcf8 f   lib:jcscale.obj
 0001:0006ad1b       _simple_downscale          0046bd1b f   lib:jcscale.obj
 0001:0006ad47       _noscale                   0046bd47 f   lib:jcscale.obj
 0001:0006a7f0       _start_pass                0046b7f0 f   lib:jcpred.obj
 0001:0006a848       _reset_predictor           0046b848 f   lib:jcpred.obj
 0001:0006a875       _jpeg_difference_first_row 0046b875 f   lib:jcpred.obj
 0001:0006a95f       _jpeg_difference1          0046b95f f   lib:jcpred.obj
 0001:0006a9cd       _jpeg_difference2          0046b9cd f   lib:jcpred.obj
 0001:0006aa3e       _jpeg_difference3          0046ba3e f   lib:jcpred.obj
 0001:0006aab6       _jpeg_difference4          0046bab6 f   lib:jcpred.obj
 0001:0006ab41       _jpeg_difference5          0046bb41 f   lib:jcpred.obj
 0001:0006abd4       _jpeg_difference6          0046bbd4 f   lib:jcpred.obj
 0001:0006ac63       _jpeg_difference7          0046bc63 f   lib:jcpred.obj
 0001:0006a0e2       _start_pass_huff           0046b0e2 f   lib:jclhuff.obj
 0001:0006a27f       _encode_mcus_huff          0046b27f f   lib:jclhuff.obj
 0001:0006a46a       _emit_bits                 0046b46a f   lib:jclhuff.obj
 0001:0006a50d       _dump_buffer               0046b50d f   lib:jclhuff.obj
 0001:0006a531       _emit_restart              0046b531 f   lib:jclhuff.obj
 0001:0006a57c       _flush_bits                0046b57c f   lib:jclhuff.obj
 0001:0006a5a0       _finish_pass_huff          0046b5a0 f   lib:jclhuff.obj
 0001:0006a60d       _encode_mcus_gather        0046b60d f   lib:jclhuff.obj
 0001:0006a736       _finish_pass_gather        0046b736 f   lib:jclhuff.obj
 0001:00068bb8       _need_optimization_pass    00469bb8 f   lib:jcshuff.obj
 0001:00069cc0       _start_pass_diff           0046acc0 f   lib:jcdiffct.obj
 0001:00069d5e       _start_iMCU_row            0046ad5e f   lib:jcdiffct.obj
 0001:00069da0       _compress_data             0046ada0 f   lib:jcdiffct.obj
 0001:00069f36       _compress_first_pass       0046af36 f   lib:jcdiffct.obj
 0001:0006a02b       _compress_output           0046b02b f   lib:jcdiffct.obj
 0001:000696eb       _start_pass_fdctmgr        0046a6eb f   lib:jcdctmgr.obj
 0001:00069889       _forward_DCT               0046a889 f   lib:jcdctmgr.obj
 0001:000699d5       _forward_DCT_float         0046a9d5 f   lib:jcdctmgr.obj
 0001:00068bfb       _start_pass_phuff          00469bfb f   lib:jcphuff.obj
 0001:00068d68       _encode_mcu_DC_first       00469d68 f   lib:jcphuff.obj
 0001:00068e9a       _emit_bits                 00469e9a f   lib:jcphuff.obj
 0001:00068f45       _dump_buffer               00469f45 f   lib:jcphuff.obj
 0001:00068f7d       _emit_symbol               00469f7d f   lib:jcphuff.obj
 0001:00068fbd       _emit_restart              00469fbd f   lib:jcphuff.obj
 0001:00069046       _emit_eobrun               0046a046 f   lib:jcphuff.obj
 0001:000690cc       _encode_mcu_AC_first       0046a0cc f   lib:jcphuff.obj
 0001:00069260       _encode_mcu_DC_refine      0046a260 f   lib:jcphuff.obj
 0001:0006931a       _encode_mcu_AC_refine      0046a31a f   lib:jcphuff.obj
 0001:00069531       _finish_pass_phuff         0046a531 f   lib:jcphuff.obj
 0001:00069580       _finish_pass_gather_phuff  0046a580 f   lib:jcphuff.obj
 0001:00069643       _need_optimization_pass    0046a643 f   lib:jcphuff.obj
 0001:00068393       _start_pass_huff           00469393 f   lib:jcshuff.obj
 0001:00068508       _encode_mcu_huff           00469508 f   lib:jcshuff.obj
 0001:00068613       _encode_one_block          00469613 f   lib:jcshuff.obj
 0001:0006878a       _emit_bits                 0046978a f   lib:jcshuff.obj
 0001:0006882d       _dump_buffer               0046982d f   lib:jcshuff.obj
 0001:00068851       _emit_restart              00469851 f   lib:jcshuff.obj
 0001:000688be       _flush_bits                004698be f   lib:jcshuff.obj
 0001:000688e2       _finish_pass_huff          004698e2 f   lib:jcshuff.obj
 0001:00068951       _encode_mcu_gather         00469951 f   lib:jcshuff.obj
 0001:00068a07       _htest_one_block           00469a07 f   lib:jcshuff.obj
 0001:00068ace       _finish_pass_gather        00469ace f   lib:jcshuff.obj
 0001:00068bb8       _need_optimization_pass    00469bb8 f   lib:jcshuff.obj
 0001:00067d66       _start_pass_coef           00468d66 f   lib:jccoefct.obj
 0001:00069d5e       _start_iMCU_row            0046ad5e f   lib:jcdiffct.obj
 0001:00067dfb       _compress_data             00468dfb f   lib:jccoefct.obj
 0001:00067fe2       _compress_first_pass       00468fe2 f   lib:jccoefct.obj
 0001:000681c8       _compress_output           004691c8 f   lib:jccoefct.obj
 0001:00067c7e       _calc_output_dimensions    00468c7e f   lib:jdlossls.obj
 0001:00067c8f       _start_input_pass          00468c8f f   lib:jdlossls.obj
 0001:000679bd       _calc_output_dimensions    004689bd f   lib:jdlossy.obj
 0001:00067b30       _start_input_pass          00468b30 f   lib:jdlossy.obj
 0001:00067b50       _latch_quant_tables        00468b50 f   lib:jdlossy.obj
 0001:00067be8       _start_output_pass         00468be8 f   lib:jdlossy.obj
 0001:0006790c       _start_pass                0046890c f   lib:jclossls.obj
 0001:00067878       _start_pass                00468878 f   lib:jclossy.obj
 0001:00066dcd       _initial_setup             00467dcd f   lib:jcmaster.obj
 0001:00066f80       _validate_script           00467f80 f   lib:jcmaster.obj
 0001:00067358       _prepare_for_pass          00468358 f   lib:jcmaster.obj
 0001:000674d0       _select_scan_parameters    004684d0 f   lib:jcmaster.obj
 0001:000675d1       _per_scan_setup            004685d1 f   lib:jcmaster.obj
 0001:0006777c       _pass_startup              0046877c f   lib:jcmaster.obj
 0001:000677a3       _finish_pass_master        004687a3 f   lib:jcmaster.obj
 0001:000668b9       _rgb_ycc_start             004678b9 f   lib:jccolor.obj
 0001:0006697d       _rgb_ycc_convert           0046797d f   lib:jccolor.obj
 0001:00066a7c       _rgb_gray_convert          00467a7c f   lib:jccolor.obj
 0001:00066b01       _cmyk_ycck_convert         00467b01 f   lib:jccolor.obj
 0001:00066c39       _grayscale_convert         00467c39 f   lib:jccolor.obj
 0001:00066c93       _null_convert              00467c93 f   lib:jccolor.obj
 0001:000351aa       _null_method               004361aa f   vid_dll.obj
 0001:000351aa       _start_pass_downsample     004361aa f   vid_dll.obj
 0001:00066005       _sep_downsample            00467005 f   lib:jcsample.obj
 0001:0006607a       _int_downsample            0046707a f   lib:jcsample.obj
 0001:00066172       _expand_right_edge         00467172 f   lib:jcsample.obj
 0001:000661c7       _fullsize_downsample       004671c7 f   lib:jcsample.obj
 0001:0006620b       _h2v1_downsample           0046720b f   lib:jcsample.obj
 0001:0006629f       _h2v2_downsample           0046729f f   lib:jcsample.obj
 0001:0006634c       _h2v2_smooth_downsample    0046734c f   lib:jcsample.obj
 0001:000665c4       _fullsize_smooth_downsample 004675c4 f   lib:jcsample.obj
 0001:00065a01       _start_pass_prep           00466a01 f   lib:jcprepct.obj
 0001:00065a3f       _pre_process_data          00466a3f f   lib:jcprepct.obj
 0001:00065bed       _pre_process_context       00466bed f   lib:jcprepct.obj
 0001:00065da6       _create_context_buffer     00466da6 f   lib:jcprepct.obj
 0001:00065879       _start_pass_main           00466879 f   lib:jcmainct.obj
 0001:000658bb       _process_data_simple_main  004668bb f   lib:jcmainct.obj
 0001:00064e4f       _create_colormap           00465e4f f   lib:jquant1.obj
 0001:00064f81       _select_ncolors            00465f81 f   lib:jquant1.obj
 0001:00065058       _create_colorindex         00466058 f   lib:jquant1.obj
 0001:00065184       _alloc_fs_workspace        00466184 f   lib:jquant1.obj
 0001:000651c0       _start_pass_1_quant        004661c0 f   lib:jquant1.obj
 0001:0006528c       _create_odither_tables     0046628c f   lib:jquant1.obj
 0001:000652eb       _make_odither_array        004662eb f   lib:jquant1.obj
 0001:0006534e       _color_quantize            0046634e f   lib:jquant1.obj
 0001:000653d9       _color_quantize3           004663d9 f   lib:jquant1.obj
 0001:00065467       _quantize_ord_dither       00466467 f   lib:jquant1.obj
 0001:00065552       _quantize3_ord_dither      00466552 f   lib:jquant1.obj
 0001:00065652       _quantize_fs_dither        00466652 f   lib:jquant1.obj
 0001:000351aa       _finish_pass_1_quant       004361aa f   vid_dll.obj
 0001:000657d6       _new_color_map_1_quant     004667d6 f   lib:jquant1.obj
 0001:00063e10       _init_error_limit          00464e10 f   lib:jquant2.obj
 0001:00063eaf       _start_pass_2_quant        00464eaf f   lib:jquant2.obj
 0001:00063fb1       _prescan_quantize          00464fb1 f   lib:jquant2.obj
 0001:00064020       _pass2_no_dither           00465020 f   lib:jquant2.obj
 0001:000640cd       _fill_inverse_cmap         004650cd f   lib:jquant2.obj
 0001:00064198       _find_nearby_colors        00465198 f   lib:jquant2.obj
 0001:0006433c       _find_best_colors          0046533c f   lib:jquant2.obj
 0001:00064456       _pass2_fs_dither           00465456 f   lib:jquant2.obj
 0001:000646c5       _finish_pass1              004656c5 f   lib:jquant2.obj
 0001:000646e7       _select_colors             004656e7 f   lib:jquant2.obj
 0001:00064773       _update_box                00465773 f   lib:jquant2.obj
 0001:00064b0d       _median_cut                00465b0d f   lib:jquant2.obj
 0001:00064c21       _find_biggest_color_pop    00465c21 f   lib:jquant2.obj
 0001:00064c50       _find_biggest_volume       00465c50 f   lib:jquant2.obj
 0001:00064c79       _compute_color             00465c79 f   lib:jquant2.obj
 0001:000351aa       _finish_pass2              004361aa f   vid_dll.obj
 0001:00064db5       _new_color_map_2_quant     00465db5 f   lib:jquant2.obj
 0001:00063827       _build_ycc_rgb_table       00464827 f   lib:jdmerge.obj
 0001:000638d7       _start_pass_merged_upsample 004648d7 f   lib:jdmerge.obj
 0001:000638ec       _merged_2v_upsample        004648ec f   lib:jdmerge.obj
 0001:00063993       _merged_1v_upsample        00464993 f   lib:jdmerge.obj
 0001:000639c4       _h2v1_merged_upsample      004649c4 f   lib:jdmerge.obj
 0001:00063b1a       _h2v2_merged_upsample      00464b1a f   lib:jdmerge.obj
 0001:000633cb       _build_ycc_rgb_table       004643cb f   lib:jdcolor.obj
 0001:0006347b       _ycc_rgb_convert           0046447b f   lib:jdcolor.obj
 0001:00063589       _null_convert              00464589 f   lib:jdcolor.obj
 0001:00063601       _grayscale_convert         00464601 f   lib:jdcolor.obj
 0001:00063624       _gray_rgb_convert          00464624 f   lib:jdcolor.obj
 0001:0006367d       _ycck_cmyk_convert         0046467d f   lib:jdcolor.obj
 0001:000351aa       _start_pass_dcolor         004361aa f   vid_dll.obj
 0001:00062e2c       _start_pass_upsample       00463e2c f   lib:jdsample.obj
 0001:00062e46       _sep_upsample              00463e46 f   lib:jdsample.obj
 0001:00062f13       _fullsize_upsample         00463f13 f   lib:jdsample.obj
 0001:00062f1e       _noop_upsample             00463f1e f   lib:jdsample.obj
 0001:00062f26       _int_upsample              00463f26 f   lib:jdsample.obj
 0001:00063010       _h2v1_upsample             00464010 f   lib:jdsample.obj
 0001:00063067       _h2v2_upsample             00464067 f   lib:jdsample.obj
 0001:000630d9       _h2v1_fancy_upsample       004640d9 f   lib:jdsample.obj
 0001:0006317c       _h2v2_fancy_upsample       0046417c f   lib:jdsample.obj
 0001:00062a35       _start_pass_dpost          00463a35 f   lib:jdpostct.obj
 0001:00062adb       _post_process_1pass        00463adb f   lib:jdpostct.obj
 0001:00062b40       _post_process_prepass      00463b40 f   lib:jdpostct.obj
 0001:00062bd1       _post_process_2pass        00463bd1 f   lib:jdpostct.obj
 0001:0006243c       _alloc_funny_pointers      0046343c f   lib:jdmainct.obj
 0001:000624e9       _start_pass_main           004634e9 f   lib:jdmainct.obj
 0001:00062551       _make_funny_pointers       00463551 f   lib:jdmainct.obj
 0001:00062691       _process_data_simple_main  00463691 f   lib:jdmainct.obj
 0001:000626f9       _process_data_context_main 004636f9 f   lib:jdmainct.obj
 0001:0006280b       _set_wraparound_pointers   0046380b f   lib:jdmainct.obj
 0001:000628f5       _set_bottom_pointers       004638f5 f   lib:jdmainct.obj
 0001:0006298f       _process_data_crank_post   0046398f f   lib:jdmainct.obj
 0001:0006229c       _read_backing_store        0046329c f   lib:jmemansi.obj
 0001:000622f7       _write_backing_store       004632f7 f   lib:jmemansi.obj
 0001:00062352       _close_backing_store       00463352 f   lib:jmemansi.obj
 0001:0006109b       _write_marker_header       0046209b f   lib:jcmarker.obj
 0001:000610f1       _emit_byte                 004620f1 f   lib:jcmarker.obj
 0001:00061122       _write_marker_byte         00462122 f   lib:jcmarker.obj
 0001:00061132       _write_file_header         00462132 f   lib:jcmarker.obj
 0001:0006117e       _emit_jfif_app0            0046217e f   lib:jcmarker.obj
 0001:00061251       _emit_adobe_app14          00462251 f   lib:jcmarker.obj
 0001:000612f7       _write_frame_header        004622f7 f   lib:jcmarker.obj
 0001:000613d6       _emit_dqt                  004623d6 f   lib:jcmarker.obj
 0001:000614c5       _emit_sof                  004624c5 f   lib:jcmarker.obj
 0001:000615a1       _write_scan_header         004625a1 f   lib:jcmarker.obj
 0001:00061661       _emit_dht                  00462661 f   lib:jcmarker.obj
 0001:0006173a       _emit_dri                  0046273a f   lib:jcmarker.obj
 0001:00061789       _emit_sos                  00462789 f   lib:jcmarker.obj
 0001:00061877       _write_file_trailer        00462877 f   lib:jcmarker.obj
 0001:00061897       _write_tables_only         00462897 f   lib:jcmarker.obj
 0001:00060bf0       _use_merged_upsample       00461bf0 f   lib:jdmaster.obj
 0001:00060c96       _master_selection          00461c96 f   lib:jdmaster.obj
 0001:00060df3       _prepare_range_limit_table 00461df3 f   lib:jdmaster.obj
 0001:00060e79       _prepare_for_output_pass   00461e79 f   lib:jdmaster.obj
 0001:00060f9a       _finish_output_pass        00461f9a f   lib:jdmaster.obj
 0001:00060067       _alloc_small               00461067 f   lib:jmemmgr.obj
 0001:00060185       _alloc_large               00461185 f   lib:jmemmgr.obj
 0001:00060236       _alloc_sarray              00461236 f   lib:jmemmgr.obj
 0001:000602ce       _alloc_barray              004612ce f   lib:jmemmgr.obj
 0001:00060372       _alloc_darray              00461372 f   lib:jmemmgr.obj
 0001:0006041d       _request_virt_sarray       0046141d f   lib:jmemmgr.obj
 0001:0006047e       _request_virt_barray       0046147e f   lib:jmemmgr.obj
 0001:000604df       _realize_virt_arrays       004614df f   lib:jmemmgr.obj
 0001:00060662       _access_virt_sarray        00461662 f   lib:jmemmgr.obj
 0001:00060782       _do_sarray_io              00461782 f   lib:jmemmgr.obj
 0001:00060812       _access_virt_barray        00461812 f   lib:jmemmgr.obj
 0001:00060937       _do_barray_io              00461937 f   lib:jmemmgr.obj
 0001:000609c8       _free_pool                 004619c8 f   lib:jmemmgr.obj
 0001:00060aaf       _self_destruct             00461aaf f   lib:jmemmgr.obj
 0001:0005faa9       _start_input_pass          00460aa9 f   lib:jdinput.obj
 0001:0005fad7       _per_scan_setup            00460ad7 f   lib:jdinput.obj
 0001:0005fc5d       _finish_input_pass         00460c5d f   lib:jdinput.obj
 0001:0005fc6e       _consume_markers           00460c6e f   lib:jdinput.obj
 0001:0005fd0a       _initial_setup             00460d0a f   lib:jdinput.obj
 0001:0005ff14       _reset_input_controller    00460f14 f   lib:jdinput.obj
 0001:0005f862       _fixedtables               00460862 f   lib:inflate.obj
 0001:0005f94c       _updatewindow              0046094c f   lib:inflate.obj
 0001:0005e2c2       _make_crc_table            0045f2c2 f   lib:crc32.obj
 0001:0005e3ee       _crc32_little              0045f3ee f   lib:crc32.obj
 0001:0005e1fe       _init_destination          0045f1fe f   lib:jdatadst.obj
 0001:0005e224       _empty_output_buffer       0045f224 f   lib:jdatadst.obj
 0001:0005e266       _term_destination          0045f266 f   lib:jdatadst.obj
 0001:0005dd85       _std_huff_tables           0045ed85 f   lib:jcparam.obj
 0001:0005dddf       _add_huff_table            0045eddf f   lib:jcparam.obj
 0001:0005c2e1       _next_marker               0045d2e1 f   lib:jdmarker.obj
 0001:0005c41b       _get_interesting_appn      0045d41b f   lib:jdmarker.obj
 0001:0005c546       _examine_app0              0045d546 f   lib:jdmarker.obj
 0001:0005c754       _examine_app14             0045d754 f   lib:jdmarker.obj
 0001:0005c815       _skip_variable             0045d815 f   lib:jdmarker.obj
 0001:0005c8b8       _read_markers              0045d8b8 f   lib:jdmarker.obj
 0001:0005cac0       _get_soi                   0045dac0 f   lib:jdmarker.obj
 0001:0005cb6b       _get_sof                   0045db6b f   lib:jdmarker.obj
 0001:0005ce74       _get_sos                   0045de74 f   lib:jdmarker.obj
 0001:0005d162       _get_dht                   0045e162 f   lib:jdmarker.obj
 0001:0005d403       _get_dqt                   0045e403 f   lib:jdmarker.obj
 0001:0005d65f       _get_dri                   0045e65f f   lib:jdmarker.obj
 0001:0005d73e       _first_marker              0045e73e f   lib:jdmarker.obj
 0001:0005d7da       _read_restart_marker       0045e7da f   lib:jdmarker.obj
 0001:0005d858       _reset_marker_reader       0045e858 f   lib:jdmarker.obj
 0001:0005c0c5       _output_pass_setup         0045d0c5 f   lib:jdapistd.obj
 0001:0005bdb9       _default_decompress_parms  0045cdb9 f   lib:jdapimin.obj

 70 bytes saved through ICF

