 quake2

 Timestamp is 42806150 (Tue May 10 11:22:56 2005)

 Preferred load address is 00400000

 Start         Length     Name                   Class
 0001:00000000 0005e310H .text                   CODE
 0002:00000000 0000027cH .idata$5                DATA
 0002:00000280 00005a44H .rdata                  DATA
 0002:00005cc8 00000044H .rdata$r                DATA
 0002:00005d10 00000038H .xdata$x                DATA
 0002:00005d48 00000078H .idata$2                DATA
 0002:00005dc0 00000014H .idata$3                DATA
 0002:00005dd4 0000027cH .idata$4                DATA
 0002:00006050 00000808H .idata$6                DATA
 0002:00006858 00000000H .edata                  DATA
 0003:00000000 00000004H .CRT$XCA                DATA
 0003:00000004 0000006cH .CRT$XCU                DATA
 0003:00000070 00000004H .CRT$XCZ                DATA
 0003:00000074 00000004H .CRT$XIA                DATA
 0003:00000078 00000004H .CRT$XIZ                DATA
 0003:00000080 0000c96cH .data                   DATA
 0003:0000c9f0 00309340H .bss                    DATA
 0004:00000000 00000130H .rsrc$01                DATA
 0004:00000130 00003f20H .rsrc$02                DATA

  Address         Publics by Value              Rva+Base     Lib:Object

 0001:00000000       ??3@YAXPAX@Z               00401000 f i CoreMain.obj
 0001:0000000b       ?appInit@@YAXXZ            0040100b f   CoreMain.obj
 0001:0000006e       ?appExit@@YAXXZ            0040106e f   CoreMain.obj
 0001:00000073       ?appLoadDebugSymbols@@YAXXZ 00401073 f   DbgSymbols.obj
 0001:00000276       ?appSymbolName@@YA_NIPADH@Z 00401276 f   DbgSymbols.obj
 0001:00000362       ?appSymbolName@@YAPBDI@Z   00401362 f   DbgSymbols.obj
 0001:00000394       ?appMalloc@@YAPAXIH@Z      00401394 f   Memory.obj
 0001:00000442       ?appFree@@YAXPAX@Z         00401442 f   Memory.obj
 0001:00000470       ?Unlink@FMemHeader@@QAEXXZ 00401470 f i Memory.obj
 0001:0000049b       ?Link@CMemoryChain@@AAEXXZ 0040149b f   Memory.obj
 0001:000004ba       ?Unlink@CMemoryChain@@AAEXXZ 004014ba f   Memory.obj
 0001:000004e5       ??2CMemoryChain@@SAPAXIH@Z 004014e5 f   Memory.obj
 0001:00000557       ??3CMemoryChain@@SAXPAX@Z  00401557 f   Memory.obj
 0001:0000058a       ?Alloc@CMemoryChain@@QAEPAXIH@Z 0040158a f   Memory.obj
 0001:000005f4       ?appInitMemory@@YAXXZ      004015f4 f   Memory.obj
 0001:00000b2d       ?Write@COutputDeviceNull@@UAEXPBD@Z 00401b2d f i OutputDevice.obj
 0001:00000b30       ?appWPrintf@@YAXPBDZZ      00401b30 f   OutputDevice.obj
 0001:00000b81       ?appFatalError@@YAXPBDZZ   00401b81 f   ErrorMgr.obj
 0001:00000bbb       ?appNonFatalError@@YAXPBDZZ 00401bbb f   ErrorMgr.obj
 0001:00000c19       ?appUnwindPrefix@@YAXPBD@Z 00401c19 f   ErrorMgr.obj
 0001:00000c70       ?appUnwindThrow@@YAXPBDZZ  00401c70 f   ErrorMgr.obj
 0001:00000cf7       ?Reset@CErrorHandler@@QAEXXZ 00401cf7 f   ErrorMgr.obj
 0001:00000d21       ?appInitError@@YAXXZ       00401d21 f   ErrorMgr.obj
 0001:00000ddf       ?appStricmp@@YAHPBD0@Z     00401ddf f   Strings.obj
 0001:00000e14       ?toLower@@YADD@Z           00401e14 f i Strings.obj
 0001:00000e2b       ?appStrcpy@@YAXPADPBD@Z    00401e2b f   Strings.obj
 0001:00000e3e       ?appStrncpylwr@@YAXPADPBDH@Z 00401e3e f   Strings.obj
 0001:00000e76       ?appStrncpyz@@YAXPADPBDH@Z 00401e76 f   Strings.obj
 0001:00000ea3       ?appStrcatn@@YAXPADHPBD@Z  00401ea3 f   Strings.obj
 0001:00000ece       ?appCopyFilename@@YAXPADPBDH@Z 00401ece f   Strings.obj
 0001:00000f6a       ?appCStrlen@@YAHPBD@Z      00401f6a f   Strings.obj
 0001:00000f8f       ?appUncolorizeString@@YAXPADPBD@Z 00401f8f f   Strings.obj
 0001:00000fbf       ?va@@YAPBDPBDZZ            00401fbf f   Strings.obj
 0001:0000105b       ?appSprintf@@YAHPADHPBDZZ  0040205b f   Strings.obj
 0001:000010a6       ?appMatchWildcard@@YA_NPBD0_N@Z 004020a6 f   Strings.obj
 0001:00001226       ?CopyString@@YAPADPBD@Z    00402226 f   Strings.obj
 0001:00001266       ?CopyString@@YAPADPBDPAVCMemoryChain@@@Z 00402266 f   Strings.obj
 0001:0000129a       ??2CStringItem@@SAPAXIPBD@Z 0040229a f   Strings.obj
 0001:000012e3       ??2CStringItem@@SAPAXIPBDPAVCMemoryChain@@@Z 004022e3 f   Strings.obj
 0001:00001320       ?Find@CStringList@@IAEPAVCStringItem@@PBDPAPAV2@@Z 00402320 f   Strings.obj
 0001:00001363       ?Find@CStringList@@IAEPAVCStringItem@@H@Z 00402363 f   Strings.obj
 0001:0000137c       ?IndexOf@CStringList@@QAEHPBD@Z 0040237c f   Strings.obj
 0001:000013a9       ?Remove@CStringList@@QAE_NPAVCStringItem@@@Z 004023a9 f   Strings.obj
 0001:000013d5       ?Free@CStringList@@QAEXXZ  004023d5 f   Strings.obj
 0001:000013ee       ?appMillisecondsf@@YANXZ   004023ee f   CoreWin32.obj
 0001:00001427       ?appMilliseconds@@YAIXZ    00402427 f   CoreWin32.obj
 0001:0000145c       ?cpuid@@YAXI@Z             0040245c f   CoreWin32.obj
 0001:0000147f       ?appInitPlatform@@YAXXZ    0040247f f   CoreWin32.obj
 0001:00001712       ?appShutdownPlatform@@YAXXZ 00402712 f   CoreWin32.obj
 0001:0000171b       ?osAddressInfo@@YA_NIPADHPAH@Z 0040271b f   DbgSymbolsWin32.obj
 0001:000017af       ?osModuleInfo@@YA_NIPADHPAH@Z 004027af f   DbgSymbolsWin32.obj
 0001:00001957       ?win32ExceptFilter@@YAHPAU_EXCEPTION_POINTERS@@@Z 00402957 f   ExceptFilterWin32.obj
 0001:00001e8d       ?win32ExceptFilter2@@YAHXZ 00402e8d f   ExceptFilterWin32.obj
 0001:00001e99       ?SCR_StopCinematic@@YAXXZ  00402e99 f   cl_cin.obj
 0001:00001f2d       ?SCR_DrawCinematic@@YA_NXZ 00402f2d f   cl_cin.obj
 0001:0000238e       ?SCR_PlayCinematic@@YAXPAD@Z 0040338e f   cl_cin.obj
 0001:000026fe       ?CL_Download_f@@YAX_NHPAPAD@Z 004036fe f   cl_download.obj
 0001:00002aaf       ?CL_ParseDownload@@YAXXZ   00403aaf f   cl_download.obj
 0001:000032bc       ?CL_Precache_f@@YAXHPAPAD@Z 004042bc f   cl_download.obj
 0001:0000331a       ?CL_ParseDelta@@YAXPAUentityState_t@@0HI_N@Z 0040431a f   cl_ents.obj
 0001:00003533       ?CL_ParsePacketEntities@@YAXPAUframe_t@@0@Z 00404533 f   cl_ents.obj
 0001:0000389e       ?CL_FireEntityEvents@@YAXPAUframe_t@@@Z 0040489e f   cl_ents.obj
 0001:000038f0       ?CL_ParseFrame@@YAXXZ      004048f0 f   cl_ents.obj
 0001:00003be2       ?CL_AddEntityBox@@YAXPAUentityState_t@@I@Z 00404be2 f   cl_ents.obj
 0001:00003cc7       ?CL_OffsetThirdPersonView@@YAXXZ 00404cc7 f   cl_ents.obj
 0001:00003d81       ?CL_CalcViewValues@@YAXXZ  00404d81 f   cl_ents.obj
 0001:0000408a       ?CL_AddEntities@@YAXXZ     0040508a f   cl_ents.obj
 0001:00004e0f       ?CL_GetEntitySoundOrigin@@YAXHQAM@Z 00405e0f f   cl_ents.obj
 0001:00004e47       ?CL_ClearLightStyles@@YAXXZ 00405e47 f   cl_fx.obj
 0001:00004ec9       ?CL_RunLightStyles@@YAXXZ  00405ec9 f   cl_fx.obj
 0001:00004f68       ?CL_SetLightstyle@@YAXHPBD@Z 00405f68 f   cl_fx.obj
 0001:00004fc9       ?CL_ClearDlights@@YAXXZ    00405fc9 f   cl_fx.obj
 0001:00004fda       ?CL_AllocDlight@@YAPAUcdlight_t@@HQAM@Z 00405fda f   cl_fx.obj
 0001:00005043       ?CL_AddDLights@@YAXXZ      00406043 f   cl_fx.obj
 0001:000050a3       ?CL_ClearParticles@@YAXXZ  004060a3 f   cl_fx.obj
 0001:0000510a       ?CL_AllocParticleTrace@@YAPAUparticleTrace_t@@QAM0MM@Z 0040610a f   cl_fx.obj
 0001:000051aa       ?CL_AllocParticleBeam@@YAPAUbeam_t@@QAM0MM@Z 004061aa f   cl_fx.obj
 0001:0000521d       ?CL_AllocParticle@@YAPAUparticle_t@@XZ 0040621d f   cl_fx.obj
 0001:0000526b       ?CL_UpdateParticles@@YAXXZ 0040626b f   cl_fx.obj
 0001:0000585d       ?CL_MetalSparks@@YAXQAM0H@Z 0040685d f   cl_fx.obj
 0001:0000594a       ?CL_ParseMuzzleFlash@@YAXXZ 0040694a f   cl_fx.obj
 0001:00005cdf       ?CL_ParseMuzzleFlash2@@YAXXZ 00406cdf f   cl_fx.obj
 0001:00006321       ?CL_ParticleEffect@@YAXQAM0HH@Z 00407321 f   cl_fx.obj
 0001:000063f0       ?CL_ParticleEffect2@@YAXQAM0HH@Z 004073f0 f   cl_fx.obj
 0001:000064bb       ?CL_ParticleEffect3@@YAXQAM0HH@Z 004074bb f   cl_fx.obj
 0001:0000658b       ?CL_TeleporterParticles@@YAXPAUentityState_t@@@Z 0040758b f   cl_fx.obj
 0001:00006642       ?CL_LogoutEffect@@YAXQAMH@Z 00407642 f   cl_fx.obj
 0001:0000672d       ?CL_ItemRespawnParticles@@YAXQAM@Z 0040772d f   cl_fx.obj
 0001:000067dc       ?CL_ExplosionParticles@@YAXQAM@Z 004077dc f   cl_fx.obj
 0001:00006886       ?CL_BigTeleportParticles@@YAXQAM@Z 00407886 f   cl_fx.obj
 0001:000069dd       ?CL_BlasterParticles@@YAXQAM0@Z 004079dd f   cl_fx.obj
 0001:00006aa9       ?CL_BlasterTrail@@YAXQAM0@Z 00407aa9 f   cl_fx.obj
 0001:00006b9c       ?CL_FlagTrail@@YAXQAM0H@Z  00407b9c f   cl_fx.obj
 0001:00006c97       ?CL_DiminishingTrail@@YAXQAM0PAUcentity_t@@H@Z 00407c97 f   cl_fx.obj
 0001:00006efb       ?CL_RocketTrail@@YAXQAM0PAUcentity_t@@@Z 00407efb f   cl_fx.obj
 0001:00007028       ?CL_RailTrail@@YAXQAM0@Z   00408028 f   cl_fx.obj
 0001:0000724e       ?CL_RailTrailExt@@YAXQAM0EE@Z 0040824e f   cl_fx.obj
 0001:00007352       ?CL_IonripperTrail@@YAXQAM0@Z 00408352 f   cl_fx.obj
 0001:00007465       ?CL_BubbleTrail@@YAXQAM0@Z 00408465 f   cl_fx.obj
 0001:00007576       ?CL_FlyParticles@@YAXQAMH@Z 00408576 f   cl_fx.obj
 0001:00007716       ?CL_FlyEffect@@YAXPAUcentity_t@@QAM@Z 00408716 f   cl_fx.obj
 0001:0000777e       ?CL_BfgParticles@@YAXPAUentity_t@@@Z 0040877e f   cl_fx.obj
 0001:00007959       ?CL_TrapParticles@@YAXPAUentity_t@@@Z 00408959 f   cl_fx.obj
 0001:00007bdc       ?CL_BFGExplosionParticles@@YAXQAM@Z 00408bdc f   cl_fx.obj
 0001:00007c86       ?CL_TeleportParticles@@YAXQAM@Z 00408c86 f   cl_fx.obj
 0001:00007dbf       ?CL_EntityEvent@@YAXPAUentityState_t@@@Z 00408dbf f   cl_fx.obj
 0001:00007f99       ?CL_ClearEffects@@YAXXZ    00408f99 f   cl_fx.obj
 0001:00007fa8       ?IN_CenterView@@YAXXZ      00408fa8 f   cl_input.obj
 0001:00007fc9       ?CL_InitInput@@YAXXZ       00408fc9 f   cl_input.obj
 0001:00008565       ?CL_SendCmd@@YAXXZ         00409565 f   cl_input.obj
 0001:00008c5b       ?CL_WriteDemoMessage@@YAXXZ 00409c5b f   cl_main.obj
 0001:00008c9d       ?Cmd_ForwardToServer@@YAXHPAPAD@Z 00409c9d f   cl_main.obj
 0001:00008d60       ?CL_ForwardToServer_f@@YAXHPAPAD@Z 00409d60 f   cl_main.obj
 0001:00008da8       ?CL_Pause@@YAX_N@Z         00409da8 f   cl_main.obj
 0001:00008dea       ?CL_Quit_f@@YAXXZ          00409dea f   cl_main.obj
 0001:00008df4       ?CL_Drop@@YAX_N@Z          00409df4 f   cl_main.obj
 0001:00008e17       ?CL_SendConnectPacket@@YAXXZ 00409e17 f   cl_main.obj
 0001:00008eee       ?CL_CheckForResend@@YAXXZ  00409eee f   cl_main.obj
 0001:00008ff3       ?CL_Connect_f@@YAX_NHPAPAD@Z 00409ff3 f   cl_main.obj
 0001:00009076       ?CL_Rcon_f@@YAXHPAPAD@Z    0040a076 f   cl_main.obj
 0001:0000917e       ?CL_Disconnect@@YAXXZ      0040a17e f   cl_main.obj
 0001:0000932e       ?CL_Disconnect_f@@YAXXZ    0040a32e f   cl_main.obj
 0001:00009338       ?CL_Changing_f@@YAXXZ      0040a338 f   cl_main.obj
 0001:0000935c       ?CL_Reconnect_f@@YAXXZ     0040a35c f   cl_main.obj
 0001:000093f8       ?CL_PingServers_f@@YAXXZ   0040a3f8 f   cl_main.obj
 0001:00009563       ?CL_Skins_f@@YAXXZ         0040a563 f   cl_main.obj
 0001:00009836       ?CL_ConnectionlessPacket@@YAXXZ 0040a836 f   cl_main.obj
 0001:00009936       ?CL_ReadPackets@@YAXXZ     0040a936 f   cl_main.obj
 0001:00009a7b       ?CL_FixUpGender@@YAXXZ     0040aa7b f   cl_main.obj
 0001:00009b2d       ?CL_Userinfo_f@@YAXXZ      0040ab2d f   cl_main.obj
 0001:00009b45       ?CL_RegisterSounds@@YAXXZ  0040ab45 f   cl_main.obj
 0001:00009b84       ?CL_Snd_Restart_f@@YAXXZ   0040ab84 f   cl_main.obj
 0001:00009b93       ?CL_WriteConfiguration@@YAXPBD@Z 0040ab93 f   cl_main.obj
 0001:00009c4e       ?CL_WriteConfig_f@@YAX_NHPAPAD@Z 0040ac4e f   cl_main.obj
 0001:00009cad       ?CL_FixCvarCheats@@YAXXZ   0040acad f   cl_main.obj
 0001:00009d07       ?CL_Frame@@YAXMM@Z         0040ad07 f   cl_main.obj
 0001:00009f0d       ?CL_ClearState@@YAXXZ      0040af0d f   cl_main.obj
 0001:00009f46       ?CL_Init@@YAXXZ            0040af46 f   cl_main.obj
 0001:0000a431       ?CL_Shutdown@@YAX_N@Z      0040b431 f   cl_main.obj
 0001:0000a486       ?CL_Flashlight@@YAXHQAM@Z  0040b486 f   cl_newfx.obj
 0001:0000a4c0       ?CL_ColorFlash@@YAXQAMHHMMM@Z 0040b4c0 f   cl_newfx.obj
 0001:0000a4fc       ?CL_DebugTrail@@YAXQAM0@Z  0040b4fc f   cl_newfx.obj
 0001:0000a5dc       ?CL_ForceWall@@YAXQAM0H@Z  0040b5dc f   cl_newfx.obj
 0001:0000a703       ?CL_BubbleTrail2@@YAXQAM0H@Z 0040b703 f   cl_newfx.obj
 0001:0000a82b       ?CL_Heatbeam@@YAXQAM0@Z    0040b82b f   cl_newfx.obj
 0001:0000aabe       ?CL_ParticleSteamEffect@@YAXQAM0HHH@Z 0040babe f   cl_newfx.obj
 0001:0000abe8       ?CL_ParticleSteamEffect2@@YAXPAUcl_sustain_t@@@Z 0040bbe8 f   cl_newfx.obj
 0001:0000ad1f       ?CL_TrackerTrail@@YAXQAM0H@Z 0040bd1f f   cl_newfx.obj
 0001:0000ae6f       ?CL_Tracker_Shell@@YAXQAM@Z 0040be6f f   cl_newfx.obj
 0001:0000aef8       ?CL_MonsterPlasma_Shell@@YAXQAM@Z 0040bef8 f   cl_newfx.obj
 0001:0000af7e       ?CL_Widowbeamout@@YAXPAUcl_sustain_t@@@Z 0040bf7e f   cl_newfx.obj
 0001:0000b03a       ?CL_Nukeblast@@YAXPAUcl_sustain_t@@@Z 0040c03a f   cl_newfx.obj
 0001:0000b0f6       ?CL_WidowSplash@@YAXQAM@Z  0040c0f6 f   cl_newfx.obj
 0001:0000b1be       ?CL_TagTrail@@YAXQAM0H@Z   0040c1be f   cl_newfx.obj
 0001:0000b2b9       ?CL_ColorExplosionParticles@@YAXQAMHH@Z 0040c2b9 f   cl_newfx.obj
 0001:0000b366       ?CL_ParticleSmokeEffect@@YAXQAM0HHH@Z 0040c366 f   cl_newfx.obj
 0001:0000b48e       ?CL_BlasterParticles2@@YAXQAM0I@Z 0040c48e f   cl_newfx.obj
 0001:0000b55b       ?CL_BlasterTrail2@@YAXQAM0@Z 0040c55b f   cl_newfx.obj
 0001:0000b64e       ?CL_LoadClientinfo@@YAXPAUclientinfo_t@@PAD@Z 0040c64e f   cl_parse.obj
 0001:0000b928       ?CL_ParseClientinfo@@YAXH@Z 0040c928 f   cl_parse.obj
 0001:0000b94c       ?CL_ParseServerMessage@@YAXXZ 0040c94c f   cl_parse.obj
 0001:0000c103       ?CL_CheckPredictionError@@YAXXZ 0040d103 f   cl_pred.obj
 0001:0000c2a3       ?CL_EntityTrace@@YAXPAUtrace_t@@QBM111H@Z 0040d2a3 f   cl_pred.obj
 0001:0000c664       ?CL_Trace@@YAXPAUtrace_t@@QBM111H@Z 0040d664 f   cl_pred.obj
 0001:0000c6e6       ?CL_PMpointcontents@@YAHQAM@Z 0040d6e6 f   cl_pred.obj
 0001:0000c871       ?CL_PredictMovement@@YAXXZ 0040d871 f   cl_pred.obj
 0001:0000cc13       ?DrawString@@YAXHHPBD@Z    0040dc13 f   cl_scrn.obj
 0001:0000cc57       ?SCR_DebugGraph@@YAXMH@Z   0040dc57 f   cl_scrn.obj
 0001:0000cc7f       ?SCR_CenterPrint@@YAXPAD@Z 0040dc7f f   cl_scrn.obj
 0001:0000cd83       ?Key_Message@@YAXH@Z       0040dd83 f   cl_scrn.obj
 0001:0000ce1f       ?SCR_SetLevelshot@@YAXPBD@Z 0040de1f f   cl_scrn.obj
 0001:0000cf12       ?SCR_BeginLoadingPlaque@@YAXXZ 0040df12 f   cl_scrn.obj
 0001:0000cf97       ?SCR_EndLoadingPlaque@@YAX_N@Z 0040df97 f   cl_scrn.obj
 0001:0000d01c       ?SCR_ShowConsole@@YAX_N0@Z 0040e01c f   cl_scrn.obj
 0001:0000d0f3       ?SCR_ToggleConsole@@YAXXZ  0040e0f3 f   cl_scrn.obj
 0001:0000d11b       ?SCR_TouchPics@@YAXXZ      0040e11b f   cl_scrn.obj
 0001:0000d17a       ?SCR_UpdateScreen@@YAXXZ   0040e17a f   cl_scrn.obj
 0001:0000e3f5       ?SCR_Init@@YAXXZ           0040f3f5 f   cl_scrn.obj
 0001:0000e73f       ?CL_RegisterTEntSounds@@YAXXZ 0040f73f f   cl_tent.obj
 0001:0000e984       ?CL_RegisterTEntModels@@YAXXZ 0040f984 f   cl_tent.obj
 0001:0000eac2       ?CL_ClearTEnts@@YAXXZ      0040fac2 f   cl_tent.obj
 0001:0000eaf6       ?CL_AllocExplosion@@YAPAUexplosion_t@@QAMW4exptype_t@@@Z 0040faf6 f   cl_tent.obj
 0001:0000eb92       ?CL_AddExplosions@@YAXXZ   0040fb92 f   cl_tent.obj
 0001:0000ed2c       ?CL_SmokeAndFlash@@YAXQAM@Z 0040fd2c f   cl_tent.obj
 0001:0000ed74       ?CL_ParseBeam@@YAHPAVCRenderModel@@@Z 0040fd74 f   cl_tent.obj
 0001:0000ee53       ?CL_ParseBeam2@@YAHPAVCRenderModel@@@Z 0040fe53 f   cl_tent.obj
 0001:0000ef2a       ?CL_ParsePlayerBeam@@YAHPAVCRenderModel@@@Z 0040ff2a f   cl_tent.obj
 0001:0000f038       ?CL_ParseLightning@@YAHPAVCRenderModel@@@Z 00410038 f   cl_tent.obj
 0001:0000f104       ?CL_ParseLaser@@YAXI@Z     00410104 f   cl_tent.obj
 0001:0000f180       ?CL_ParseSteam@@YAXXZ      00410180 f   cl_tent.obj
 0001:0000f291       ?CL_ParseWidow@@YAXXZ      00410291 f   cl_tent.obj
 0001:0000f2fd       ?CL_ParseNuke@@YAXXZ       004102fd f   cl_tent.obj
 0001:0000f367       ?CL_ParseTEnt@@YAXXZ       00410367 f   cl_tent.obj
 0001:00010193       ?CL_AddBeams@@YAXXZ        00411193 f   cl_tent.obj
 0001:000104cf       ?CL_AddPlayerBeams@@YAXXZ  004114cf f   cl_tent.obj
 0001:00010bbf       ?CL_ProcessSustain@@YAXXZ  00411bbf f   cl_tent.obj
 0001:00010c00       ?CL_AddTEnts@@YAXXZ        00411c00 f   cl_tent.obj
 0001:00010c14       ?V_AddEntity@@YAXPAUentity_t@@@Z 00411c14 f   cl_view.obj
 0001:00010c43       ?V_AddLight@@YAXQAMMMMM@Z  00411c43 f   cl_view.obj
 0001:00010c88       ?V_TestParticles@@YAXXZ    00411c88 f   cl_view.obj
 0001:00010d46       ?V_TestEntities@@YAXXZ     00411d46 f   cl_view.obj
 0001:00010ddc       ?V_TestLights@@YAXXZ       00411ddc f   cl_view.obj
 0001:00010eaa       ?CL_PrepRefresh@@YAXXZ     00411eaa f   cl_view.obj
 0001:0001116a       ?CalcFov@@YAMMMM@Z         0041216a f   cl_view.obj
 0001:000111de       ?V_RenderView@@YA_NXZ      004121de f   cl_view.obj
 0001:00011edc       ?V_Init@@YAXXZ             00412edc f   cl_view.obj
 0001:00011f8b       ?Con_ClearNotify@@YAXXZ    00412f8b f   console.obj
 0001:00011f9a       ?Con_CheckResize@@YAXXZ    00412f9a f   console.obj
 0001:000120c1       ?Con_Print@@YAXPBD@Z       004130c1 f   console.obj
 0001:000123b9       ?Con_DrawNotify@@YAX_N@Z   004133b9 f   console.obj
 0001:000124d1       ?Con_DrawConsole@@YAXM@Z   004134d1 f   console.obj
 0001:000128a4       ?Con_ClearTyping@@YAXXZ    004138a4 f   console.obj
 0001:000128bd       ?Key_Console@@YAXHH@Z      004138bd f   console.obj
 0001:00012d05       ?Con_Init@@YAXXZ           00413d05 f   console.obj
 0001:00012e81       ?Key_KeynumToString@@YAPBDH@Z 00413e81 f   keys.obj
 0001:00012f41       ?Draw@completeMenu_t@@UAEXXZ 00413f41 f i keys.obj
 0001:00012f72       ?KeyDown@completeMenu_t@@UAEPBDH@Z 00413f72 f i keys.obj
 0001:00012f9b       ?Init@completeMenu_t@@UAE_NXZ 00413f9b f i keys.obj
 0001:000130c2       ?CompleteMenuCallback@completeMenu_t@@SAXPAX@Z 004140c2 f i keys.obj
 0001:00013150       ?CompleteCommand@@YAXXZ    00414150 f   keys.obj
 0001:00013885       ?Key_SetBinding@@YAXHPBD@Z 00414885 f   keys.obj
 0001:000138c3       ?Key_FindBinding@@YAHPBDPAHH@Z 004148c3 f   keys.obj
 0001:00013911       ?Key_WriteBindings@@YAXPAU_iobuf@@@Z 00414911 f   keys.obj
 0001:00013959       ?Key_Init@@YAXXZ           00414959 f   keys.obj
 0001:00013c3d       ?Key_Event@@YAXH_N@Z       00414c3d f   keys.obj
 0001:00013f96       ?Key_ClearStates@@YAXXZ    00414f96 f   keys.obj
 0001:00013fcb       ?M_ForceMenuOn@@YAXXZ      00414fcb f   menu.obj
 0001:00013fea       ?Draw@menuMain_t@@UAEXXZ   00414fea f i menu.obj
 0001:0001414d       ?KeyDown@menuMain_t@@UAEPBDH@Z 0041514d f i menu.obj
 0001:00014209       ?Init@menuMain_t@@UAE_NXZ  00415209 f i menu.obj
 0001:00014211       ?M_Menu_Main_f@@YAXXZ      00415211 f   menu.obj
 0001:0001422b       ?Init@multiplayerMenu_t@@UAE_NXZ 0041522b f i menu.obj
 0001:0001434f       ?Init@keysMenu_t@@UAE_NXZ  0041534f f i menu.obj
 0001:00014534       ?KeyCursorDrawFunc@keysMenu_t@@SAXPAUmenuFramework_t@@@Z 00415534 f i menu.obj
 0001:00014574       ?DrawKeyBindingFunc@keysMenu_t@@SAXPAX@Z 00415574 f i menu.obj
 0001:0001463b       ?KeyDown@keysMenu_t@@UAEPBDH@Z 0041563b f i menu.obj
 0001:000146e8       ?UnbindCommand@keysMenu_t@@QAEXPAD@Z 004156e8 f i menu.obj
 0001:0001472d       ?KeyBindingFunc@keysMenu_t@@QAEXPAX@Z 0041572d f i menu.obj
 0001:0001478c       ?Init@optionsMenu_t@@UAE_NXZ 0041578c f i menu.obj
 0001:00014bea       ?CrosshairFunc@optionsMenu_t@@SAXPAX@Z 00415bea f i menu.obj
 0001:00014c12       ?JoystickFunc@optionsMenu_t@@SAXPAX@Z 00415c12 f i menu.obj
 0001:00014c27       ?AlwaysRunFunc@optionsMenu_t@@SAXPAX@Z 00415c27 f i menu.obj
 0001:00014c3c       ?FreeLookFunc@optionsMenu_t@@SAXPAX@Z 00415c3c f i menu.obj
 0001:00014c51       ?MouseSpeedFunc@optionsMenu_t@@SAXPAX@Z 00415c51 f i menu.obj
 0001:00014c6e       ?InvertMouseFunc@optionsMenu_t@@SAXPAX@Z 00415c6e f i menu.obj
 0001:00014c89       ?LookspringFunc@optionsMenu_t@@SAXPAX@Z 00415c89 f i menu.obj
 0001:00014ca5       ?LookstrafeFunc@optionsMenu_t@@SAXPAX@Z 00415ca5 f i menu.obj
 0001:00014cc1       ?UpdateVolumeFunc@optionsMenu_t@@SAXPAX@Z 00415cc1 f i menu.obj
 0001:00014cde       ?UpdateCDVolumeFunc@optionsMenu_t@@SAXPAX@Z 00415cde f i menu.obj
 0001:00014cf8       ?SetMenuItemValues@optionsMenu_t@@SAXXZ 00415cf8 f i menu.obj
 0001:00014ed6       ?ResetDefaultsFunc@optionsMenu_t@@SAXPAX@Z 00415ed6 f i menu.obj
 0001:00014eeb       ?UpdateSoundFunc@optionsMenu_t@@SAXPAX@Z 00415eeb f i menu.obj
 0001:000150ee       ?ScanCrosshairs@optionsMenu_t@@SAXXZ 004160ee f i menu.obj
 0001:0001514b       ?Draw@optionsMenu_t@@UAEXXZ 0041614b f i menu.obj
 0001:000151b0       ?Draw@creditsMenu_t@@UAEXXZ 004161b0 f i menu.obj
 0001:00015257       ?KeyDown@creditsMenu_t@@UAEPBDH@Z 00416257 f i menu.obj
 0001:00015292       ?Init@creditsMenu_t@@UAE_NXZ 00416292 f i menu.obj
 0001:0001535a       ?Init@gameMenu_t@@UAE_NXZ  0041635a f i menu.obj
 0001:000154e5       ?EasyGameFunc@gameMenu_t@@SAXPAX@Z 004164e5 f i menu.obj
 0001:000154f1       ?StartGame@gameMenu_t@@SAXPBD@Z 004164f1 f i menu.obj
 0001:00015544       ?MediumGameFunc@gameMenu_t@@SAXPAX@Z 00416544 f i menu.obj
 0001:00015550       ?HardGameFunc@gameMenu_t@@SAXPAX@Z 00416550 f i menu.obj
 0001:0001556c       ?Init@savegameMenu_t@@UAE_NXZ 0041656c f i menu.obj
 0001:0001567c       ?Create_Savestrings@savegameMenu_t@@QAEXXZ 0041667c f i menu.obj
 0001:00015737       ?LoadGameCallback@savegameMenu_t@@SAXPAX@Z 00416737 f i menu.obj
 0001:00015760       ?SaveGameCallback@savegameMenu_t@@SAXPAX@Z 00416760 f i menu.obj
 0001:0001577f       ?Draw@savegameMenu_t@@UAEXXZ 0041677f f i menu.obj
 0001:0001579a       ?DrawSavegameShot@savegameMenu_t@@QAEXHH@Z 0041679a f i menu.obj
 0001:0001587f       ?Init@joinserverMenu_t@@UAE_NXZ 0041687f f i menu.obj
 0001:000159a8       ?JoinServerFunc@joinserverMenu_t@@SAXPAX@Z 004169a8 f i menu.obj
 0001:00015a0a       ?SearchLocalGames@joinserverMenu_t@@SAXXZ 00416a0a f i menu.obj
 0001:00015a75       ?M_AddToServerList@@YAXUnetadr_t@@PAD@Z 00416a75 f   menu.obj
 0001:00015af8       ?Init@startserverMenu_t@@UAE_NXZ 00416af8 f i menu.obj
 0001:00015f9a       ?DMOptionsFunc@startserverMenu_t@@SAXPAX@Z 00416f9a f i menu.obj
 0001:00015faa       ?RulesChangeFunc@startserverMenu_t@@SAXPAX@Z 00416faa f i menu.obj
 0001:00016024       ?StartServerActionFunc@startserverMenu_t@@SAXPAX@Z 00417024 f i menu.obj
 0001:0001604f       ?StartServerFunc@startserverMenu_t@@SAXPAD@Z 0041704f f i menu.obj
 0001:00016286       ?KeyDown@startserverMenu_t@@UAEPBDH@Z 00417286 f i menu.obj
 0001:000162e3       ?Init@dmoptionsMenu_t@@UAE_NXZ 004172e3 f i menu.obj
 0001:000168c2       ?DMFlagCallback@dmoptionsMenu_t@@SAXPAX@Z 004178c2 f i menu.obj
 0001:00016a9d       ?Init@downloadOptionsMenu_t@@UAE_NXZ 00417a9d f i menu.obj
 0001:00016c68       ?DownloadCallback@downloadOptionsMenu_t@@SAXPAX@Z 00417c68 f i menu.obj
 0001:00016cd3       ?Init@addressBookMenu_t@@UAE_NXZ 00417cd3 f i menu.obj
 0001:00016d7b       ?KeyDown@addressBookMenu_t@@UAEPBDH@Z 00417d7b f i menu.obj
 0001:00016dd8       ?Init@playerConfigMenu_t@@UAE_NXZ 00417dd8 f i menu.obj
 0001:0001732f       ?HandednessCallback@playerConfigMenu_t@@SAXPAX@Z 0041832f f i menu.obj
 0001:00017344       ?RTypeCallback@playerConfigMenu_t@@SAXPAX@Z 00418344 f i menu.obj
 0001:00017359       ?RColorCallback@playerConfigMenu_t@@SAXPAX@Z 00418359 f i menu.obj
 0001:0001736e       ?RateCallback@playerConfigMenu_t@@SAXPAX@Z 0041836e f i menu.obj
 0001:00017391       ?ModelCallback@playerConfigMenu_t@@SAXPAX@Z 00418391 f i menu.obj
 0001:000173be       ?ScanDirectories@playerConfigMenu_t@@SA_NXZ 004183be f i menu.obj
 0001:00017538       ?IsValidSkin@playerConfigMenu_t@@SA_NPADPAVCStringItem@@@Z 00418538 f i menu.obj
 0001:000175f3       ?Draw@playerConfigMenu_t@@UAEXXZ 004185f3 f i menu.obj
 0001:0001789f       ?KeyDown@playerConfigMenu_t@@UAEPBDH@Z 0041889f f i menu.obj
 0001:00017991       ?Init@dmbrowseMenu_t@@UAE_NXZ 00418991 f i menu.obj
 0001:00017b97       ?KeyDown@dmbrowseMenu_t@@UAEPBDH@Z 00418b97 f i menu.obj
 0001:00017d5b       ?Draw@dmbrowseMenu_t@@UAEXXZ 00418d5b f i menu.obj
 0001:00017ea0       ?DrawThumbnail@dmbrowseMenu_t@@SAXHHHHPAD_N@Z 00418ea0 f i menu.obj
 0001:00017f87       ?Init@videoMenu_t@@UAE_NXZ 00418f87 f i menu.obj
 0001:00018540       ?ScreenSizeCallback@videoMenu_t@@SAXPAX@Z 00419540 f i menu.obj
 0001:0001855e       ?BrightnessCallback@videoMenu_t@@SAXPAX@Z 0041955e f i menu.obj
 0001:0001857c       ?ContrastCallback@videoMenu_t@@SAXPAX@Z 0041957c f i menu.obj
 0001:000185b5       ?CancelChanges@videoMenu_t@@SAXPAX@Z 004195b5 f i menu.obj
 0001:000185d6       ?KeyDown@videoMenu_t@@UAEPBDH@Z 004195d6 f i menu.obj
 0001:0001861d       ?ApplyChanges@videoMenu_t@@SAXPAX@Z 0041961d f i menu.obj
 0001:000187d4       ?KeyDown@quitMenu_t@@UAEPBDH@Z 004197d4 f i menu.obj
 0001:0001880c       ?Draw@quitMenu_t@@UAEXXZ   0041980c f i menu.obj
 0001:0001887c       ?M_Init@@YAXXZ             0041987c f   menu.obj
 0001:00018a5e       ?Insert@?$TList@VplayerModelInfo_t@@@@QAE_NPAVplayerModelInfo_t@@@Z 00419a5e f i menu.obj
 0001:00018a5e       ?Insert@?$TList@VCStringItem@@@@QAE_NPAVCStringItem@@@Z 00419a5e f i menu.obj
 0001:00018a94       ?ItemAtCursor@menuFramework_t@@QAEPAUmenuCommon_t@@XZ 00419a94 f   qmenu.obj
 0001:00018ae8       ?AddItem@menuFramework_t@@QAEXPAUmenuCommon_t@@@Z 00419ae8 f   qmenu.obj
 0001:00018ba4       ?AdjustCursor@menuFramework_t@@QAEXH@Z 00419ba4 f   qmenu.obj
 0001:00018d13       ?Center@menuFramework_t@@QAEXXZ 00419d13 f   qmenu.obj
 0001:00018d54       ?Draw@menuFramework_t@@UAEXXZ 00419d54 f   qmenu.obj
 0001:0001930c       ?SelectItem@menuFramework_t@@QAE_NXZ 0041a30c f   qmenu.obj
 0001:0001936a       ?SetStatusBar@menuFramework_t@@QAEXPBD@Z 0041a36a f   qmenu.obj
 0001:00019374       ?SlideItem@menuFramework_t@@QAEXH@Z 0041a374 f   qmenu.obj
 0001:000198f1       ?Push@menuFramework_t@@QAEXXZ 0041a8f1 f   qmenu.obj
 0001:00019979       ?M_ForceMenuOff@@YAXXZ     0041a979 f   qmenu.obj
 0001:0001999c       ?Pop@menuFramework_t@@QAEXXZ 0041a99c f   qmenu.obj
 0001:000199d6       ?KeyDown@menuFramework_t@@UAEPBDH@Z 0041a9d6 f   qmenu.obj
 0001:00019c4a       ?Init@menuFramework_t@@UAE_NXZ 0041ac4a f   qmenu.obj
 0001:00019c4d       ?M_Draw@@YAXXZ             0041ac4d f   qmenu.obj
 0001:00019c88       ?M_Keydown@@YAXH@Z         0041ac88 f   qmenu.obj
 0001:00019ca7       ?InitRendererVars@@YAXXZ   0041aca7 f   ref_vars.obj
 0001:00019cc6       ?S_SoundInfo_f@@YAXXZ      0041acc6 f   snd_dma.obj
 0001:00019d50       ?S_ReadModelsSex@@YAXXZ    0041ad50 f   snd_dma.obj
 0001:00019e35       ?S_IsFemale@@YA_NPBD@Z     0041ae35 f   snd_dma.obj
 0001:00019e89       ?S_Init@@YAXXZ             0041ae89 f   snd_dma.obj
 0001:00019f5f       ?S_Shutdown@@YAXXZ         0041af5f f   snd_dma.obj
 0001:00019ff2       ?S_BeginRegistration@@YAXXZ 0041aff2 f   snd_dma.obj
 0001:0001a000       ?S_RegisterSound@@YAPAUsfx_t@@PBD@Z 0041b000 f   snd_dma.obj
 0001:0001a199       ?S_EndRegistration@@YAXXZ  0041b199 f   snd_dma.obj
 0001:0001a231       ?S_PickChannel@@YAPAUchannel_t@@HH@Z 0041b231 f   snd_dma.obj
 0001:0001a2be       ?S_Spatialize@@YAXPAUchannel_t@@@Z 0041b2be f   snd_dma.obj
 0001:0001a456       ?S_AllocPlaysound@@YAPAUplaysound_t@@XZ 0041b456 f   snd_dma.obj
 0001:0001a478       ?S_FreePlaysound@@YAXPAUplaysound_t@@@Z 0041b478 f   snd_dma.obj
 0001:0001a4a8       ?S_IssuePlaysound@@YAXPAUplaysound_t@@@Z 0041b4a8 f   snd_dma.obj
 0001:0001a575       ?S_StartSound@@YAXQBMHHPAUsfx_t@@MMM@Z 0041b575 f   snd_dma.obj
 0001:0001a8eb       ?S_StartLocalSound@@YAXPBD@Z 0041b8eb f   snd_dma.obj
 0001:0001a93a       ?S_ClearBuffer@@YAXXZ      0041b93a f   snd_dma.obj
 0001:0001a9a3       ?S_StopAllSounds_f@@YAXXZ  0041b9a3 f   snd_dma.obj
 0001:0001aa13       ?S_AddLoopSounds@@YAXXZ    0041ba13 f   snd_dma.obj
 0001:0001abe9       ?S_RawSamples@@YAXHHHHPAE@Z 0041bbe9 f   snd_dma.obj
 0001:0001aded       ?S_Update@@YAXQBM000@Z     0041bded f   snd_dma.obj
 0001:0001aee6       ?GetSoundtime@@YAXXZ       0041bee6 f   snd_dma.obj
 0001:0001af4d       ?S_Update_@@YAXXZ          0041bf4d f   snd_dma.obj
 0001:0001b200       ?ResampleSfx@@YAXPAUsfx_t@@HHPAE@Z 0041c200 f   snd_mem.obj
 0001:0001b31b       ?S_LoadSound@@YAPAUsfxcache_t@@PAUsfx_t@@@Z 0041c31b f   snd_mem.obj
 0001:0001b453       ?GetWavinfo@@YA?AUwavinfo_t@@PADPAEH@Z 0041c453 f   snd_mem.obj
 0001:0001b695       ?S_WriteLinearBlastStereo16@@YAXXZ 0041c695 f   snd_mix.obj
 0001:0001b709       ?S_TransferStereo16@@YAXPAKH@Z 0041c709 f   snd_mix.obj
 0001:0001b772       ?S_TransferPaintBuffer@@YAXH@Z 0041c772 f   snd_mix.obj
 0001:0001b8d6       ?S_PaintChannels@@YAXH@Z   0041c8d6 f   snd_mix.obj
 0001:0001bb72       ?S_InitScaletable@@YAXXZ   0041cb72 f   snd_mix.obj
 0001:0001bd33       ?SV_WipeSavegame@@YAXPAD@Z 0041cd33 f   sv_ccmds.obj
 0001:0001bd61       ?SV_CopySaveGame@@YAXPAD0@Z 0041cd61 f   sv_ccmds.obj
 0001:0001bdb6       ?SV_WriteLevelFile@@YAXXZ  0041cdb6 f   sv_ccmds.obj
 0001:0001be64       ?SV_ReadLevelFile@@YAXXZ   0041ce64 f   sv_ccmds.obj
 0001:0001bf12       ?SV_WriteServerFile@@YAX_NPAD@Z 0041cf12 f   sv_ccmds.obj
 0001:0001c14e       ?SV_ReadServerFile@@YAXXZ  0041d14e f   sv_ccmds.obj
 0001:0001c273       ?SV_AddressBanned@@YA_NPAUnetadr_t@@@Z 0041d273 f   sv_ccmds.obj
 0001:0001c2b4       ?SV_InitOperatorCommands@@YAXXZ 0041d2b4 f   sv_ccmds.obj
 0001:0001d2b2       ?SV_WriteFrameToClient@@YAXPAUclient_t@@PAVsizebuf_t@@@Z 0041e2b2 f   sv_ents.obj
 0001:0001d49e       ?SV_FatPVS@@YAXQAM@Z       0041e49e f   sv_ents.obj
 0001:0001d5bc       ?SV_BuildClientFrame@@YAXPAUclient_t@@@Z 0041e5bc f   sv_ents.obj
 0001:0001d8d1       ?SV_RecordDemoMessage@@YAXXZ 0041e8d1 f   sv_ents.obj
 0001:0001e401       ?SV_InitGameLibrary@@YAX_N@Z 0041f401 f   sv_game.obj
 0001:0001e547       ?SV_ShutdownGameLibrary@@YAXXZ 0041f547 f   sv_game.obj
 0001:0001e6a4       ?SV_FindIndex@@YAHPADHH_N@Z 0041f6a4 f   sv_init.obj
 0001:0001e7b1       ?SV_ModelIndex@@YAHPAD@Z   0041f7b1 f   sv_init.obj
 0001:0001e7c7       ?SV_SoundIndex@@YAHPAD@Z   0041f7c7 f   sv_init.obj
 0001:0001e7e0       ?SV_ImageIndex@@YAHPAD@Z   0041f7e0 f   sv_init.obj
 0001:0001e7f9       ?SV_CreateBaseline@@YAXXZ  0041f7f9 f   sv_init.obj
 0001:0001e857       ?SV_CheckForSavegame@@YAXXZ 0041f857 f   sv_init.obj
 0001:0001e8df       ?SV_SpawnServer@@YAXPAD0W4server_state_t@@_N2@Z 0041f8df f   sv_init.obj
 0001:0001ebad       ?SV_InitGame@@YAXXZ        0041fbad f   sv_init.obj
 0001:0001edf7       ?SV_Map@@YAX_NPBD0@Z       0041fdf7 f   sv_init.obj
 0001:0001efc0       ?SV_DropClient@@YAXPAUclient_t@@PAD@Z 0041ffc0 f   sv_main.obj
 0001:0001f071       ?SV_StatusString@@YAPADXZ  00420071 f   sv_main.obj
 0001:0001f8a8       ?SV_ConnectionlessPacket@@YAXXZ 004208a8 f   sv_main.obj
 0001:0001f973       ?SV_CalcPings@@YAXXZ       00420973 f   sv_main.obj
 0001:0001f9fa       ?SV_GiveMsec@@YAXXZ        004209fa f   sv_main.obj
 0001:0001fa39       ?SV_ReadPackets@@YAXXZ     00420a39 f   sv_main.obj
 0001:0001fb84       ?SV_CheckTimeouts@@YAXXZ   00420b84 f   sv_main.obj
 0001:0001fc95       ?SV_PostprocessFrame@@YAXXZ 00420c95 f   sv_main.obj
 0001:0002016c       ?SV_MulticastHook@@YAPAVsizebuf_t@@PAV1@0@Z 0042116c f   sv_main.obj
 0001:0002055d       ?SV_TraceHook@@YA?AUtrace_t@@QAM000PAUedict_s@@H@Z 0042155d f   sv_main.obj
 0001:000206d8       ?SV_Frame@@YAXM@Z          004216d8 f   sv_main.obj
 0001:0002098c       ?SV_UserinfoChanged@@YAXPAUclient_t@@@Z 0042198c f   sv_main.obj
 0001:00020a50       ?SV_Init@@YAXXZ            00421a50 f   sv_main.obj
 0001:00020ac6       ?SV_Shutdown@@YAXPBD_N@Z   00421ac6 f   sv_main.obj
 0001:00020ccf       ?SV_BeginRedirect@@YAXXZ   00421ccf f   sv_send.obj
 0001:00020d79       ?SV_ClientPrintf@@YAXPAUclient_t@@HPBDZZ 00421d79 f   sv_send.obj
 0001:00020dd4       ?SV_BroadcastPrintf@@YAXHPBDZZ 00421dd4 f   sv_send.obj
 0001:00020eaa       ?SV_BroadcastCommand@@YAXPBDZZ 00421eaa f   sv_send.obj
 0001:00020eff       ?SV_Multicast@@YAXQAMW4multicast_t@@_N@Z 00421eff f   sv_send.obj
 0001:0002113d       ?SV_MulticastOld@@YAXQAMW4multicast_t@@@Z 0042213d f   sv_send.obj
 0001:00021150       ?SV_MulticastNew@@YAXQAMW4multicast_t@@@Z 00422150 f   sv_send.obj
 0001:00021163       ?SV_StartSound@@YAXQAMPAUedict_s@@HHMMM_N@Z 00422163 f   sv_send.obj
 0001:0002142b       ?SV_StartSoundOld@@YAXQAMPAUedict_s@@HHMMM@Z 0042242b f   sv_send.obj
 0001:0002145b       ?SV_StartSoundNew@@YAXQAMPAUedict_s@@HHMMM@Z 0042245b f   sv_send.obj
 0001:0002148b       ?SV_SendClientDatagram@@YA_NPAUclient_t@@@Z 0042248b f   sv_send.obj
 0001:00021558       ?SV_DemoCompleted@@YAXXZ   00422558 f   sv_send.obj
 0001:00021574       ?SV_RateDrop@@YA_NPAUclient_t@@@Z 00422574 f   sv_send.obj
 0001:000215be       ?SV_SendClientMessages@@YAXXZ 004225be f   sv_send.obj
 0001:00021705       ?SV_TokenizeString@@YAXPBD@Z 00422705 f   sv_tokenize.obj
 0001:000217dc       ?SV_Argc@@YAHXZ            004227dc f   sv_tokenize.obj
 0001:000217e2       ?SV_Argv@@YAPADH@Z         004227e2 f   sv_tokenize.obj
 0001:000217fc       ?SV_Args@@YAPADXZ          004227fc f   sv_tokenize.obj
 0001:00022049       ?SV_Nextserver@@YAXXZ      00423049 f   sv_user.obj
 0001:000220d8       ?SV_ExecuteUserCommand@@YAXPAD@Z 004230d8 f   sv_user.obj
 0001:0002219a       ?SV_ClientThink@@YAXPAUclient_t@@PAUusercmd_t@@@Z 0042319a f   sv_user.obj
 0001:000221dd       ?SV_ExecuteClientMessage@@YAXPAUclient_t@@@Z 004231dd f   sv_user.obj
 0001:000223fb       ?SV_ClearWorld@@YAXXZ      004233fb f   sv_world.obj
 0001:00022553       ?SV_UnlinkEdict@@YAXPAUedict_s@@@Z 00423553 f   sv_world.obj
 0001:00022616       ?SV_LinkEdict@@YAXPAUedict_s@@@Z 00423616 f   sv_world.obj
 0001:00022c6e       ?SV_AreaEdicts@@YAHQBM0PAPAUedict_s@@HH@Z 00423c6e f   sv_world.obj
 0001:00022e1f       ?SV_PointContents@@YAHQBM@Z 00423e1f f   sv_world.obj
 0001:00022f45       ?SV_ClipMoveToEntities@@YAXPAUtrace_t@@QBM111PAUedict_s@@H@Z 00423f45 f   sv_world.obj
 0001:00023339       ?SV_Trace@@YAXPAUtrace_t@@QBM111PAUedict_s@@H@Z 00424339 f   sv_world.obj
 0001:000233f3       ?InitByteDirs@@YAXXZ       004243f3 f   anorms.obj
 0001:00023432       ?Cbuf_AddText@@YAXPBD@Z    00424432 f   cmd.obj
 0001:00023494       ?Cbuf_CopyToDefer@@YAXXZ   00424494 f   cmd.obj
 0001:000234dc       ?Cbuf_InsertFromDefer@@YAXXZ 004244dc f   cmd.obj
 0001:00023595       ?Cbuf_Execute@@YAXXZ       00424595 f   cmd.obj
 0001:0002369b       ?Cmd_Unalias_f@@YAX_NHPAPAD@Z 0042469b f   cmd.obj
 0001:00023711       ?Cmd_WriteAliases@@YAXPAU_iobuf@@@Z 00424711 f   cmd.obj
 0001:00023742       ?RegisterCommand@@YA_NPBDP6AXXZH@Z 00424742 f   cmd.obj
 0001:000237fb       ?UnregisterCommand@@YA_NPBD@Z 004247fb f   cmd.obj
 0001:0002388c       ?Cmd_ExecuteString@@YA_NPBD@Z 0042488c f   cmd.obj
 0001:00023cc5       ?ExecuteCommand@@YA_NPBDPBUCSimpleCommand@@H@Z 00424cc5 f   cmd.obj
 0001:00023d8c       ?Cmd_Init@@YAXXZ           00424d8c f   cmd.obj
 0001:000240de       ?CM_LoadMap@@YAPAUcmodel_t@@PBD_NPAI@Z 004250de f   cmodel.obj
 0001:00024812       ?PlaneTypeForNormal@@YAHQBM@Z 00425812 f i cmodel.obj
 0001:000249ca       ?CM_InlineModel@@YAPAUcmodel_t@@PBD@Z 004259ca f   cmodel.obj
 0001:00024a0b       ?CM_NumClusters@@YAHXZ     00425a0b f   cmodel.obj
 0001:00024a11       ?CM_NumInlineModels@@YAHXZ 00425a11 f   cmodel.obj
 0001:00024a17       ?CM_EntityString@@YAPBDXZ  00425a17 f   cmodel.obj
 0001:00024a1d       ?CM_LeafContents@@YAHH@Z   00425a1d f   cmodel.obj
 0001:00024a44       ?CM_LeafCluster@@YAHH@Z    00425a44 f   cmodel.obj
 0001:00024aba       ?CM_LeafArea@@YAHH@Z       00425aba f   cmodel.obj
 0001:00024c81       ?CM_HeadnodeForBox@@YAHQAM0@Z 00425c81 f   cmodel.obj
 0001:00024d36       ?CM_PointLeafnum@@YAHQBMH@Z 00425d36 f   cmodel.obj
 0001:00024dd8       ?DISTANCE_TO_PLANE@@YAMQBMPBUcplane_t@@@Z 00425dd8 f i cmodel.obj
 0001:00024e20       ?CM_PointContents@@YAHQBMH@Z 00425e20 f   cmodel.obj
 0001:00024e95       ?CM_TransformedPointContents@@YAHQBMHQAM1@Z 00425e95 f   cmodel.obj
 0001:00024fce       ?CM_TransformedPointContents2@@YAHQBMHQAMPAY02M@Z 00425fce f   cmodel.obj
 0001:000250bf       ?CM_BoxLeafnums@@YAHQBM0PAHH1H@Z 004260bf f   cmodel.obj
 0001:000251d3       ?BOX_ON_PLANE_SIDE@@YAHQBM0PBUcplane_t@@@Z 004261d3 f i cmodel.obj
 0001:00025258       ?CM_BoxTrace@@YAXPAUtrace_t@@QBM111HH@Z 00426258 f   cmodel.obj
 0001:00025cfc       ?CM_TransformedBoxTrace@@YAXPAUtrace_t@@QBM111HH11@Z 00426cfc f   cmodel.obj
 0001:00025fcc       ?CM_TransformedBoxTrace2@@YAXPAUtrace_t@@QBM111HH1PAY02$$CBM@Z 00426fcc f   cmodel.obj
 0001:000261e1       ?CM_BrushTrace@@YAHQBM0PAHH@Z 004271e1 f   cmodel.obj
 0001:00026607       ?CM_RefineBrushTrace@@YAHQBM0PAHH@Z 00427607 f   cmodel.obj
 0001:000266ad       ?CM_ClusterPVS@@YAPAEH@Z   004276ad f   cmodel.obj
 0001:000267f1       ?CM_ClusterPHS@@YAPAEH@Z   004277f1 f   cmodel.obj
 0001:00026954       ?CM_SetAreaPortalState@@YAXH_N@Z 00427954 f   cmodel.obj
 0001:00026979       ?CM_AreasConnected@@YA_NHH@Z 00427979 f   cmodel.obj
 0001:000269bd       ?CM_WriteAreaBits@@YAHPAEH@Z 004279bd f   cmodel.obj
 0001:00026a5f       ?CM_WritePortalState@@YAXPAU_iobuf@@@Z 00427a5f f   cmodel.obj
 0001:00026a79       ?CM_ReadPortalState@@YAXPAU_iobuf@@@Z 00427a79 f   cmodel.obj
 0001:00026a97       ?CM_HeadnodeVisible@@YA_NHPAE@Z 00427a97 f   cmodel.obj
 0001:00026b72       ?Com_BeginRedirect@@YAXPADHP6AX0@Z@Z 00427b72 f   common.obj
 0001:00026b9f       ?Com_EndRedirect@@YAXXZ    00427b9f f   common.obj
 0001:00026bbe       ?Com_Printf@@YAXPBDZZ      00427bbe f   common.obj
 0001:00026db6       ?Com_DPrintf@@YAXPBDZZ     00427db6 f   common.obj
 0001:00026e2f       ?DebugPrintf@@YAXPBDZZ     00427e2f f   common.obj
 0001:00026ed9       ?Com_WPrintf@@YAXPBDZZ     00427ed9 f   common.obj
 0001:00026f33       ?Com_Quit@@YAXXZ           00427f33 f   common.obj
 0001:00026f53       ?IPWildcard@@YA_NPAUnetadr_t@@PAD@Z 00427f53 f   common.obj
 0001:0002702d       ?Com_ServerState@@YA?AW4server_state_t@@XZ 0042802d f   common.obj
 0001:00027033       ?Com_SetServerState@@YAXW4server_state_t@@@Z 00428033 f   common.obj
 0001:0002703d       ?frand@@YAMXZ              0042803d f   common.obj
 0001:00027055       ?crand@@YAMXZ              00428055 f   common.obj
 0001:00027073       ?Info_ValueForKey@@YAPBDPBD0@Z 00428073 f   common.obj
 0001:000270f2       ?Info_SetValueForKey@@YAXPADPBD1@Z 004280f2 f   common.obj
 0001:00027255       ?Info_Print@@YAXPBD@Z      00428255 f   common.obj
 0001:000272db       ?Com_CheckCmdlineVar@@YA_NPBD@Z 004282db f   common.obj
 0001:00027331       ?Com_Init@@YAXPBD@Z        00428331 f   common.obj
 0001:000276ff       ?Com_Frame@@YAXM@Z         004286ff f   common.obj
 0001:00027a3d       ?Com_Shutdown@@YAXXZ       00428a3d f   common.obj
 0001:00027a56       ?Com_BlockSequenceCRCByte@@YAEPAEHH@Z 00428a56 f   crc.obj
 0001:00027b0c       ?Cvar_VariableValue@@YAMPBD@Z 00428b0c f   cvar.obj
 0001:00027b7a       ?Cvar_VariableInt@@YAHPBD@Z 00428b7a f   cvar.obj
 0001:00027b8d       ?Cvar_VariableString@@YAPBDPBD@Z 00428b8d f   cvar.obj
 0001:00027ba5       ?Cvar_Get@@YAPAUcvar_t@@PBD0H@Z 00428ba5 f   cvar.obj
 0001:00027e5c       ?Cvar_GetVars@@YAXPBUcvarInfo_t@@H@Z 00428e5c f   cvar.obj
 0001:00027f06       ?Cvar_FullSet@@YAPAUcvar_t@@PBD0I@Z 00428f06 f   cvar.obj
 0001:00027f60       ?Cvar_SetValue@@YAPAUcvar_t@@PBDM@Z 00428f60 f   cvar.obj
 0001:00028186       ?Cvar_SetInteger@@YAPAUcvar_t@@PBDH@Z 00429186 f   cvar.obj
 0001:000281a8       ?Cvar_Set@@YAPAUcvar_t@@PBD0@Z 004291a8 f   cvar.obj
 0001:000281bd       ?Cvar_ForceSet@@YAPAUcvar_t@@PBD0@Z 004291bd f   cvar.obj
 0001:000281d2       ?Cvar_Clamp@@YAMPAUcvar_t@@MM@Z 004291d2 f   cvar.obj
 0001:00028230       ?Cvar_GetLatchedVars@@YAXXZ 00429230 f   cvar.obj
 0001:0002825f       ?Cvar_Command@@YA_NHPAPAD@Z 0042925f f   cvar.obj
 0001:000282f8       ?IsDefault@cvar_t@@QAE_NXZ 004292f8 f i cvar.obj
 0001:00028315       ?Cvar_WriteVariables@@YAXPAU_iobuf@@HHPBD@Z 00429315 f   cvar.obj
 0001:0002839d       ?Cvar_Userinfo@@YAPBDXZ    0042939d f   cvar.obj
 0001:000283f8       ?Cvar_Serverinfo@@YAPBDXZ  004293f8 f   cvar.obj
 0001:00028401       ?Cvar_Cheats@@YAX_N@Z      00429401 f   cvar.obj
 0001:00028452       ?Cvar_Init@@YAXXZ          00429452 f   cvar.obj
 0001:00028b11       ?MSG_WriteDeltaEntity@@YAXPAVsizebuf_t@@PBUentity_state_t@@PAU2@_N3@Z 00429b11 f   entdelta.obj
 0001:000290b4       ?MSG_WriteRemoveEntity@@YAXPAVsizebuf_t@@H@Z 0042a0b4 f   entdelta.obj
 0001:000290f4       ?MSG_ReadEntityBits@@YAHPAVsizebuf_t@@PAIPA_N@Z 0042a0f4 f   entdelta.obj
 0001:00029165       ?MSG_ReadDeltaEntity@@YAXPAVsizebuf_t@@PBUentity_state_t@@PAU2@I@Z 0042a165 f   entdelta.obj
 0001:000291e8       ?MSG_WriteDeltaUsercmd@@YAXPAVsizebuf_t@@PBUusercmd_t@@PAU2@@Z 0042a1e8 f   entdelta.obj
 0001:00029277       ?MSG_ReadDeltaUsercmd@@YAXPAVsizebuf_t@@PBUusercmd_t@@PAU2@@Z 0042a277 f   entdelta.obj
 0001:000292fa       ?MSG_WriteDeltaPlayerstate@@YAXPAVsizebuf_t@@PBUplayer_state_t@@PAU2@@Z 0042a2fa f   entdelta.obj
 0001:00029403       ?MSG_ReadDeltaPlayerstate@@YAXPAVsizebuf_t@@PBUplayer_state_t@@PAU2@@Z 0042a403 f   entdelta.obj
 0001:000294d7       ?FS_CreatePath@@YAXPBD@Z   0042a4d7 f   files.obj
 0001:0002953d       ?FS_CopyFile@@YAXPBD0@Z    0042a53d f   files.obj
 0001:00029640       ?FS_CopyFiles@@YAXPBD0@Z   0042a640 f   files.obj
 0001:00029719       ?FS_RemoveFiles@@YAXPBD@Z  0042a719 f   files.obj
 0001:0002978d       ?FS_FCloseFile@@YAXPAVQFILE@@@Z 0042a78d f   files.obj
 0001:00029828       ?FS_FOpenFile@@YAPAVQFILE@@PBDPAH@Z 0042a828 f   files.obj
 0001:00029d34       ?FS_FileExists@@YA_NPBD@Z  0042ad34 f   files.obj
 0001:00029f4d       ?FS_Read@@YAXPAXHPAVQFILE@@@Z 0042af4d f   files.obj
 0001:0002a1af       ?FS_LoadFile@@YAPAXPBDPAI@Z 0042b1af f   files.obj
 0001:0002a205       ?FS_FreeFile@@YAXPAX@Z     0042b205 f   files.obj
 0001:0002a210       ?FS_Gamedir@@YAPADXZ       0042b210 f   files.obj
 0001:0002a224       ?FS_LoadGameConfig@@YAXXZ  0042b224 f   files.obj
 0001:0002a2e9       ?FS_SetGamedir@@YA_NPBD@Z  0042b2e9 f   files.obj
 0001:0002a9d4       ?FS_ListFiles@@YA?AV?$TList@VCStringItem@@@@PBDH@Z 0042b9d4 f   files.obj
 0001:0002acdc       ?FS_NextPath@@YAPADPBD@Z   0042bcdc f   files.obj
 0001:0002ad00       ?FS_InitFilesystem@@YAXXZ  0042bd00 f   files.obj
 0001:0002b6ac       ?LoadPCX@@YAXPBDPAPAE1PAH2@Z 0042c6ac f   images.obj
 0001:0002b7f6       ?LoadTGA@@YAXPBDPAPAEPAH2@Z 0042c7f6 f   images.obj
 0001:0002b9f1       ?LoadJPG@@YAXPBDPAPAEPAH2@Z 0042c9f1 f   images.obj
 0001:0002bc7d       ?ImageExists@@YAHPBDH@Z    0042cc7d f   images.obj
 0001:0002bd7b       ?WriteTGA@@YA_NPBDPAEHH@Z  0042cd7b f   images.obj
 0001:0002bf65       ?WriteJPG@@YA_NPBDPAEHH_N@Z 0042cf65 f   images.obj
 0001:0002c08c       ?MD4Init@@YAXPAUMD4_CTX@@@Z 0042d08c f   md4.obj
 0001:0002c0b4       ?MD4Update@@YAXPAUMD4_CTX@@PAEI@Z 0042d0b4 f   md4.obj
 0001:0002c152       ?MD4Final@@YAXQAEPAUMD4_CTX@@@Z 0042d152 f   md4.obj
 0001:0002c843       ?Com_BlockChecksum@@YAIPAXH@Z 0042d843 f   md4.obj
 0001:0002c87f       ?LoadQ2BspFile@@YAXXZ      0042d87f f   model.obj
 0001:0002cc57       ?LoadBspFile@@YAPAUbspfile_t@@PBD_NPAI@Z 0042dc57 f   model.obj
 0001:0002ce05       ?ProcessEntstring@@YAPADPAD@Z 0042de05 f   model.obj
 0001:0002dcb5       ?Init@sizebuf_t@@QAEXPAXH@Z 0042ecb5 f   msg.obj
 0001:0002dcd0       ?Write@sizebuf_t@@QAEXPBXH@Z 0042ecd0 f   msg.obj
 0001:0002dd40       ?MSG_WriteChar@@YAXPAVsizebuf_t@@H@Z 0042ed40 f   msg.obj
 0001:0002dd40       ?MSG_WriteByte@@YAXPAVsizebuf_t@@H@Z 0042ed40 f   msg.obj
 0001:0002dd51       ?MSG_WriteShort@@YAXPAVsizebuf_t@@H@Z 0042ed51 f   msg.obj
 0001:0002dd62       ?MSG_WriteLong@@YAXPAVsizebuf_t@@H@Z 0042ed62 f   msg.obj
 0001:0002dd62       ?MSG_WriteFloat@@YAXPAVsizebuf_t@@M@Z 0042ed62 f   msg.obj
 0001:0002dd73       ?MSG_WriteString@@YAXPAVsizebuf_t@@PBD@Z 0042ed73 f   msg.obj
 0001:0002dd9d       ?MSG_WritePos@@YAXPAVsizebuf_t@@QAM@Z 0042ed9d f   msg.obj
 0001:0002de01       ?MSG_WriteAngle@@YAXPAVsizebuf_t@@M@Z 0042ee01 f   msg.obj
 0001:0002de2c       ?MSG_WriteAngle16@@YAXPAVsizebuf_t@@M@Z 0042ee2c f   msg.obj
 0001:0002de57       ?MSG_WriteDir@@YAXPAVsizebuf_t@@QAM@Z 0042ee57 f   msg.obj
 0001:0002debe       ?MSG_ReadDir@@YAXPAVsizebuf_t@@QAM@Z 0042eebe f   msg.obj
 0001:0002deef       ?MSG_ReadChar@@YAHPAVsizebuf_t@@@Z 0042eeef f   msg.obj
 0001:0002df0f       ?MSG_ReadByte@@YAHPAVsizebuf_t@@@Z 0042ef0f f   msg.obj
 0001:0002df2f       ?MSG_ReadShort@@YAHPAVsizebuf_t@@@Z 0042ef2f f   msg.obj
 0001:0002df4f       ?MSG_ReadLong@@YAHPAVsizebuf_t@@@Z 0042ef4f f   msg.obj
 0001:0002df6e       ?MSG_ReadString@@YAPADPAVsizebuf_t@@@Z 0042ef6e f   msg.obj
 0001:0002dfa1       ?MSG_ReadPos@@YAXPAVsizebuf_t@@QAM@Z 0042efa1 f   msg.obj
 0001:0002dff3       ?MSG_ReadAngle@@YAMPAVsizebuf_t@@@Z 0042eff3 f   msg.obj
 0001:0002e00d       ?MSG_ReadAngle16@@YAMPAVsizebuf_t@@@Z 0042f00d f   msg.obj
 0001:0002e027       ?MSG_ReadData@@YAXPAVsizebuf_t@@PAXH@Z 0042f027 f   msg.obj
 0001:0002e04a       ?Netchan_Init@@YAXXZ       0042f04a f   net_chan.obj
 0001:0002e0aa       ?Netchan_OutOfBand@@YAXW4netsrc_t@@Unetadr_t@@HPAX@Z 0042f0aa f   net_chan.obj
 0001:0002e10a       ?Netchan_OutOfBandPrint@@YAXW4netsrc_t@@Unetadr_t@@PBDZZ 0042f10a f   net_chan.obj
 0001:0002e14f       ?Netchan_Setup@@YAXW4netsrc_t@@PAUnetchan_t@@Unetadr_t@@H@Z 0042f14f f   net_chan.obj
 0001:0002e1a7       ?Netchan_NeedReliable@@YA_NPAUnetchan_t@@@Z 0042f1a7 f   net_chan.obj
 0001:0002e1d1       ?Netchan_Transmit@@YAXPAUnetchan_t@@HPAX@Z 0042f1d1 f   net_chan.obj
 0001:0002e36d       ?Netchan_Process@@YA_NPAUnetchan_t@@PAVsizebuf_t@@@Z 0042f36d f   net_chan.obj
 0001:0002e496       ?Pmove@@YAXPAUpmove_t@@@Z  0042f496 f   pmove.obj
 0001:00030230       ?NormalizeColor@@YAMQBMQAM@Z 00431230 f   q_shared2.obj
 0001:00030291       ?NormalizeColor255@@YAMQBMQAM@Z 00431291 f   q_shared2.obj
 0001:000302f6       ?Q_rsqrt@@YAMM@Z           004312f6 f   q_shared2.obj
 0001:00030326       ?AngleVectors@@YAXQBMQAM11@Z 00431326 f   q_shared2.obj
 0001:00030487       ?MakeNormalVectors@@YAXQAM00@Z 00431487 f   q_shared2.obj
 0001:000304ee       ?SetPlaneSignbits@@YAXPAUcplane_t@@@Z 004314ee f   q_shared2.obj
 0001:00030511       ?LerpAngle@@YAMMMM@Z       00431511 f   q_shared2.obj
 0001:00030554       ?anglemod@@YAMM@Z          00431554 f   q_shared2.obj
 0001:00030580       ?BoxOnPlaneSide@@YAHQBM0PBUcplane_t@@@Z 00431580 f   q_shared2.obj
 0001:000306a3       ?ClearBounds@@YAXQAM0@Z    004316a3 f   q_shared2.obj
 0001:000306cc       ?AddPointToBounds@@YAXQBMQAM1@Z 004316cc f   q_shared2.obj
 0001:00030705       ?VectorCompare@@YA_NQBM0@Z 00431705 f   q_shared2.obj
 0001:00030732       ?VectorNormalize@@YAMQAM@Z 00431732 f   q_shared2.obj
 0001:0003078b       ?VectorNormalize2@@YAMQBMQAM@Z 0043178b f   q_shared2.obj
 0001:000307e6       ?VectorNormalizeFast@@YAMQAM@Z 004317e6 f   q_shared2.obj
 0001:00030839       ?CrossProduct@@YAXQBM0QAM@Z 00431839 f   q_shared2.obj
 0001:00030874       ?VectorLength@@YAMQBM@Z    00431874 f   q_shared2.obj
 0001:000308a3       ?VectorDistance@@YAMQBM0@Z 004318a3 f   q_shared2.obj
 0001:000308d4       ?VectorScale@@YAXQBMMQAM@Z 004318d4 f   q_shared2.obj
 0001:000308f8       ?AnglesToAxis@@YAXQBMQAY02M@Z 004318f8 f   q_shared2.obj
 0001:00030936       ?ShortSwap@@YAFF@Z         00431936 f   q_shared2.obj
 0001:0003094b       ?COM_Parse@@YAPADAAPBD_N@Z 0043194b f   q_shared2.obj
 0001:00030a6f       ?COM_QuoteString@@YAPBDPBD_N@Z 00431a6f f   q_shared2.obj
 0001:00030aca       ?Com_PageInMemory@@YAXPAXH@Z 00431aca f   q_shared2.obj
 0001:00030ae9       ?Zip_OpenArchive@@YAPAU_iobuf@@PBD@Z 00431ae9 f   zip.obj
 0001:00030b54       ?Zip_CloseArchive@@YAXPAU_iobuf@@@Z 00431b54 f   zip.obj
 0001:00030b60       ?Zip_EnumArchive@@YA_NPAU_iobuf@@P6A_NPAUzipFile_t@@@Z@Z 00431b60 f   zip.obj
 0001:00030d3d       ?Zip_OpenFile@@YAPAUZFILE@@PAU_iobuf@@PAUzipFile_t@@@Z 00431d3d f   zip.obj
 0001:00030e21       ?Zip_ReadFile@@YAHPAUZFILE@@PAXH@Z 00431e21 f   zip.obj
 0001:00030f17       ?Zip_CloseFile@@YA_NPAUZFILE@@@Z 00431f17 f   zip.obj
 0001:00030f5b       ?Zip_OpenBuf@@YAPAUZBUF@@PAXH@Z 00431f5b f   zip.obj
 0001:00030f99       ?Zip_ReadBuf@@YAHPAUZBUF@@PAXH@Z 00431f99 f   zip.obj
 0001:00030fe1       ?Zip_CloseBuf@@YAXPAUZBUF@@@Z 00431fe1 f   zip.obj
 0001:00030ff6       _zcalloc                   00431ff6 f   zip.obj
 0001:0003100a       _zcfree                    0043200a f   zip.obj
 0001:00031015       ?CDAudio_Play2@@YAXH_N@Z   00432015 f   cd_win.obj
 0001:000311f4       ?CDAudio_Play@@YAXH_N@Z    004321f4 f   cd_win.obj
 0001:0003120b       ?CDAudio_Stop@@YAXXZ       0043220b f   cd_win.obj
 0001:00031250       ?CDAudio_Pause@@YAXXZ      00432250 f   cd_win.obj
 0001:000312a9       ?CDAudio_Resume@@YAXXZ     004322a9 f   cd_win.obj
 0001:00031318       ?CDAudio_MessageHandler@@YAJPAUHWND__@@IIJ@Z 00432318 f   cd_win.obj
 0001:000313af       ?CDAudio_Update@@YAXXZ     004323af f   cd_win.obj
 0001:000313e3       ?CDAudio_Init@@YAHXZ       004323e3 f   cd_win.obj
 0001:00031795       ?CDAudio_Shutdown@@YAXXZ   00432795 f   cd_win.obj
 0001:000317c8       ?CDAudio_Activate@@YAX_N@Z 004327c8 f   cd_win.obj
 0001:000317d9       ?IN_MouseEvent@@YAXI@Z     004327d9 f   in_win.obj
 0001:00031819       ?IN_Commands@@YAXXZ        00432819 f   in_win.obj
 0001:00031941       ?IN_Init@@YAXXZ            00432941 f   in_win.obj
 0001:00031c38       ?IN_Shutdown@@YAXXZ        00432c38 f   in_win.obj
 0001:00031d40       ?IN_Move@@YAXPAUusercmd_t@@@Z 00432d40 f   in_win.obj
 0001:0003222f       ?IN_Activate@@YAX_N@Z      0043322f f   in_win.obj
 0001:00032239       ?IN_Frame@@YAXXZ           00433239 f   in_win.obj
 0001:000326a9       ?NetadrToSockadr@@YAXPAUnetadr_t@@PAUsockaddr@@@Z 004336a9 f   net_wins.obj
 0001:0003272e       ?SockadrToNetadr@@YAXPAUsockaddr@@PAUnetadr_t@@@Z 0043372e f   net_wins.obj
 0001:0003277e       ?NET_CompareAdr@@YA_NPAUnetadr_t@@0@Z 0043377e f   net_wins.obj
 0001:000327d4       ?NET_CompareBaseAdr@@YA_NPAUnetadr_t@@0@Z 004337d4 f   net_wins.obj
 0001:0003281f       ?NET_AdrToString@@YAPADPAUnetadr_t@@@Z 0043381f f   net_wins.obj
 0001:000328d8       ?NET_StringToAdr@@YA_NPBDPAUnetadr_t@@@Z 004338d8 f   net_wins.obj
 0001:00032b62       ?NET_IsLocalAddress@@YA_NPAUnetadr_t@@@Z 00433b62 f   net_wins.obj
 0001:00032b6e       ?NET_GetLoopPacket@@YA_NW4netsrc_t@@PAUnetadr_t@@PAVsizebuf_t@@@Z 00433b6e f   net_wins.obj
 0001:00032bf9       ?NET_SendLoopPacket@@YAXW4netsrc_t@@HPAXUnetadr_t@@@Z 00433bf9 f   net_wins.obj
 0001:00032c4e       ?NET_GetPacket@@YA_NW4netsrc_t@@PAUnetadr_t@@PAVsizebuf_t@@@Z 00433c4e f   net_wins.obj
 0001:00032d6b       ?NET_SendPacket@@YAXW4netsrc_t@@HPAXUnetadr_t@@@Z 00433d6b f   net_wins.obj
 0001:00032e3c       ?NET_Config@@YAX_N@Z       00433e3c f   net_wins.obj
 0001:000331b1       ?NET_Init@@YAXXZ           004341b1 f   net_wins.obj
 0001:0003326b       ?Sys_Mkdir@@YAXPAD@Z       0043426b f   fs_win.obj
 0001:00033277       ?Sys_FindFirst@@YAPBDPBDH@Z 00434277 f   fs_win.obj
 0001:00033331       ?Sys_FindNext@@YAPBDXZ     00434331 f   fs_win.obj
 0001:0003339b       ?Sys_FindClose@@YAXXZ      0043439b f   fs_win.obj
 0001:000333b5       ?Sys_FileExists@@YA_NPBDH@Z 004343b5 f   fs_win.obj
 0001:000333d3       ?SNDDMA_Init@@YA_NXZ       004343d3 f   snd_win.obj
 0001:00033a12       ?SNDDMA_GetDMAPos@@YAHXZ   00434a12 f   snd_win.obj
 0001:00033a5c       ?SNDDMA_BeginPainting@@YAXXZ 00434a5c f   snd_win.obj
 0001:00033b74       ?SNDDMA_Submit@@YAXXZ      00434b74 f   snd_win.obj
 0001:00033b99       ?SNDDMA_Shutdown@@YAXXZ    00434b99 f   snd_win.obj
 0001:00033b9e       ?S_Activate@@YAX_N@Z       00434b9e f   snd_win.obj
 0001:00033bc9       ?Sys_Quit@@YAXXZ           00434bc9 f   sys_win.obj
 0001:00033c81       ?Sys_Init@@YAXXZ           00434c81 f   sys_win.obj
 0001:00033cf9       ?Sys_ConsoleInput@@YAPADXZ 00434cf9 f   sys_win.obj
 0001:00033fb4       ?Sys_ConsoleOutput@@YAXPBD@Z 00434fb4 f   sys_win.obj
 0001:00034041       ?Sys_SendKeyEvents@@YAXXZ  00435041 f   sys_win.obj
 0001:000340f9       ?Sys_UnloadGame@@YAXXZ     004350f9 f   sys_win.obj
 0001:00034174       ?Sys_GetGameAPI@@YAPAXPAX@Z 00435174 f   sys_win.obj
 0001:000342cb       _WinMain@16                004352cb f   sys_win.obj
 0001:00034551       ?Vid_CreateWindow@@YAPAXHH_N@Z 00435551 f   vid_dll.obj
 0001:00034cce       ?Vid_DestroyWindow@@YAX_N@Z 00435cce f   vid_dll.obj
 0001:00034d09       ?Vid_Restart@@YAXXZ        00435d09 f   vid_dll.obj
 0001:00034d11       ?Vid_GetModeInfo@@YA_NPAH0H@Z 00435d11 f   vid_dll.obj
 0001:00034d41       ?Vid_Tick@@YAXXZ           00435d41 f   vid_dll.obj
 0001:00034ef1       ?Vid_Init@@YAXXZ           00435ef1 f   vid_dll.obj
 0001:00034fc2       ?Vid_Shutdown@@YAXXZ       00435fc2 f   vid_dll.obj
 0001:00034fe1       ?Tesselate@surfacePlanar_t@OpenGLDrv@@UAEXXZ 00435fe1 f   gl_backend.obj
 0001:00036bd2       ?Tesselate@surfacePoly_t@OpenGLDrv@@UAEXXZ 00437bd2 f   gl_backend.obj
 0001:00036ccd       ?Tesselate@surfaceMd3_t@OpenGLDrv@@UAEXXZ 00437ccd f   gl_backend.obj
 0001:00037282       ?Tesselate@surfaceEntity_t@OpenGLDrv@@UAEXXZ 00438282 f   gl_backend.obj
 0001:000373be       ?Tesselate@surfaceParticle_t@OpenGLDrv@@UAEXXZ 004383be f   gl_backend.obj
 0001:000375ec       ?BackEnd@OpenGLDrv@@YAXXZ  004385ec f   gl_backend.obj
 0001:000385bf       ?InitBackend@OpenGLDrv@@YAXXZ 004395bf f   gl_backend.obj
 0001:000385f3       ?ShutdownBackend@OpenGLDrv@@YAXXZ 004395f3 f   gl_backend.obj
 0001:0003860b       ?AllocDynamicMemory@OpenGLDrv@@YAPAXH@Z 0043960b f   gl_buffers.obj
 0001:00038676       ?ResizeDynamicMemory@OpenGLDrv@@YAXPAXH@Z 00439676 f   gl_buffers.obj
 0001:000386b9       ?AddSurfaceToPortal@OpenGLDrv@@YAXPAVsurfaceCommon_t@1@PAVshader_t@1@HH@Z 004396b9 f   gl_buffers.obj
 0001:00038722       ?InsertShaderIndex@OpenGLDrv@@YAXH@Z 00439722 f   gl_buffers.obj
 0001:0003875b       ?ClearPortal@OpenGLDrv@@YAXXZ 0043975b f   gl_buffers.obj
 0001:00038779       ?FinishPortal@OpenGLDrv@@YAXXZ 00439779 f   gl_buffers.obj
 0001:000387ca       ?SortSurfaces@OpenGLDrv@@YAXPAUviewPortal_t@1@PAPAUsurfaceInfo_t@1@@Z 004397ca f   gl_buffers.obj
 0001:0003895c       ?ClearBuffers@OpenGLDrv@@YAXXZ 0043995c f   gl_buffers.obj
 0001:00038973       ?CreateBuffers@OpenGLDrv@@YAXXZ 00439973 f   gl_buffers.obj
 0001:00038999       ?FreeBuffers@OpenGLDrv@@YAXXZ 00439999 f   gl_buffers.obj
 0001:000389bd       ?InitEntity@model_t@OpenGLDrv@@UAEXPAUentity_t@@PAUrefEntity_t@2@@Z 004399bd f   gl_frontend.obj
 0001:000389d5       ?AddSurfaces@model_t@OpenGLDrv@@UAEXPAUrefEntity_t@2@@Z 004399d5 f   gl_frontend.obj
 0001:00038a03       ?GetLeaf@model_t@OpenGLDrv@@UAEPAUnode_t@2@PAUrefEntity_t@2@@Z 00439a03 f   gl_frontend.obj
 0001:00038a14       ?DrawLabel@model_t@OpenGLDrv@@UAEXPAUrefEntity_t@2@@Z 00439a14 f   gl_frontend.obj
 0001:00038a17       ?InitEntity@inlineModel_t@OpenGLDrv@@UAEXPAUentity_t@@PAUrefEntity_t@2@@Z 00439a17 f   gl_frontend.obj
 0001:00038a8e       ?AddSurfaces@inlineModel_t@OpenGLDrv@@UAEXPAUrefEntity_t@2@@Z 00439a8e f   gl_frontend.obj
 0001:00038fc7       ?GetLeaf@inlineModel_t@OpenGLDrv@@UAEPAUnode_t@2@PAUrefEntity_t@2@@Z 00439fc7 f   gl_frontend.obj
 0001:00039173       ?DrawLabel@inlineModel_t@OpenGLDrv@@UAEXPAUrefEntity_t@2@@Z 0043a173 f   gl_frontend.obj
 0001:000391b9       ?InitEntity@md3Model_t@OpenGLDrv@@UAEXPAUentity_t@@PAUrefEntity_t@2@@Z 0043a1b9 f   gl_frontend.obj
 0001:000393b0       ?AddSurfaces@md3Model_t@OpenGLDrv@@UAEXPAUrefEntity_t@2@@Z 0043a3b0 f   gl_frontend.obj
 0001:00039416       ?GetLeaf@md3Model_t@OpenGLDrv@@UAEPAUnode_t@2@PAUrefEntity_t@2@@Z 0043a416 f   gl_frontend.obj
 0001:0003944e       ?DrawLabel@md3Model_t@OpenGLDrv@@UAEXPAUrefEntity_t@2@@Z 0043a44e f   gl_frontend.obj
 0001:000394a9       ?InitEntity@sp2Model_t@OpenGLDrv@@UAEXPAUentity_t@@PAUrefEntity_t@2@@Z 0043a4a9 f   gl_frontend.obj
 0001:000394c3       ?AddSurfaces@sp2Model_t@OpenGLDrv@@UAEXPAUrefEntity_t@2@@Z 0043a4c3 f   gl_frontend.obj
 0001:00039648       ?GetLeaf@sp2Model_t@OpenGLDrv@@UAEPAUnode_t@2@PAUrefEntity_t@2@@Z 0043a648 f   gl_frontend.obj
 0001:00039729       ?AddEntity@OpenGLDrv@@YAXPAUentity_t@@@Z 0043a729 f   gl_frontend.obj
 0001:00039916       ?AddDlight@OpenGLDrv@@YAXPAUdlight_t@@@Z 0043a916 f   gl_frontend.obj
 0001:00039ace       ?DrawPortal@OpenGLDrv@@YAXXZ 0043aace f   gl_frontend.obj
 0001:0003bae3       ?GL_TextureMode@OpenGLDrv@@YAXPBD@Z 0043cae3 f   gl_image.obj
 0001:0003bb8b       ?CreateImage@OpenGLDrv@@YAPAVimage_t@1@PBDPAXHHI@Z 0043cb8b f   gl_image.obj
 0001:0003c8fc       ?LoadDelayedImages@OpenGLDrv@@YAXXZ 0043d8fc f   gl_image.obj
 0001:0003c98f       ?DrawStretchRaw8@OpenGLDrv@@YAXHHHHHHPAEPAI@Z 0043d98f f   gl_image.obj
 0001:0003cd50       ?SetupGamma@OpenGLDrv@@YAXXZ 0043dd50 f   gl_image.obj
 0001:0003ce96       ?PerformScreenshot@OpenGLDrv@@YAXXZ 0043de96 f   gl_image.obj
 0001:0003d123       ?InitImages@OpenGLDrv@@YAXXZ 0043e123 f   gl_image.obj
 0001:0003d8f4       ?ShutdownImages@OpenGLDrv@@YAXXZ 0043e8f4 f   gl_image.obj
 0001:0003d95b       ?ShowImages@OpenGLDrv@@YAXXZ 0043e95b f   gl_image.obj
 0001:0003dbe3       ?FindImage@OpenGLDrv@@YAPAVimage_t@1@PBDI@Z 0043ebe3 f   gl_image.obj
 0001:0003de83       ?GL_Lock@OpenGLDrv@@YAXXZ  0043ee83 f   gl_interface.obj
 0001:0003defb       ?GL_Unlock@OpenGLDrv@@YAXXZ 0043eefb f   gl_interface.obj
 0001:0003e0bd       ?GL_Bind@OpenGLDrv@@YAXPAVimage_t@1@@Z 0043f0bd f   gl_interface.obj
 0001:0003e1e7       ?GL_BindForce@OpenGLDrv@@YAXPAVimage_t@1@@Z 0043f1e7 f   gl_interface.obj
 0001:0003e265       ?GL_TexEnv@OpenGLDrv@@YAXI@Z 0043f265 f   gl_interface.obj
 0001:0003e3e4       ?GL_TexMipBias@OpenGLDrv@@YAXM@Z 0043f3e4 f   gl_interface.obj
 0001:0003e43f       ?GL_TexEnvColor@OpenGLDrv@@YAXPATcolor_t@@@Z 0043f43f f   gl_interface.obj
 0001:0003e4ef       ?GL_SelectTexture@OpenGLDrv@@YAXH@Z 0043f4ef f   gl_interface.obj
 0001:0003e550       ?GL_TexCoordPointer@OpenGLDrv@@YAXPAX@Z 0043f550 f   gl_interface.obj
 0001:0003e580       ?GL_SetMultitexture@OpenGLDrv@@YAXH@Z 0043f580 f   gl_interface.obj
 0001:0003e666       ?GL_DisableTexCoordArrays@OpenGLDrv@@YAXXZ 0043f666 f   gl_interface.obj
 0001:0003e6ba       ?GL_CullFace@OpenGLDrv@@YAXW4gl_cullMode_t@1@@Z 0043f6ba f   gl_interface.obj
 0001:0003e70b       ?GL_DepthRange@OpenGLDrv@@YAXW4gl_depthMode_t@1@@Z 0043f70b f   gl_interface.obj
 0001:0003e73e       ?GL_State@OpenGLDrv@@YAXI@Z 0043f73e f   gl_interface.obj
 0001:0003e897       ?GL_EnableFog@OpenGLDrv@@YAX_N@Z 0043f897 f   gl_interface.obj
 0001:0003e98f       ?GL_SetDefaultState@OpenGLDrv@@YAXXZ 0043f98f f   gl_interface.obj
 0001:0003eadd       ?GL_Set2DMode@OpenGLDrv@@YAXXZ 0043fadd f   gl_interface.obj
 0001:0003ebd8       ?GL_Setup@OpenGLDrv@@YAXPAUviewPortal_t@1@@Z 0043fbd8 f   gl_interface.obj
 0001:0003ecc0       ?ShowLights@OpenGLDrv@@YAXXZ 0043fcc0 f   gl_light.obj
 0001:0003f0e5       ?LightForEntity@OpenGLDrv@@YAXPAUrefEntity_t@1@@Z 004400e5 f   gl_light.obj
 0001:00040346       ?DiffuseLight@OpenGLDrv@@YAXPATcolor_t@@M@Z 00441346 f   gl_light.obj
 0001:000404be       ?InitLightGrid@OpenGLDrv@@YAXXZ 004414be f   gl_light.obj
 0001:00040564       ?PostLoadLights@OpenGLDrv@@YAXXZ 00441564 f   gl_light.obj
 0001:00040803       ?LM_Init@OpenGLDrv@@YAXXZ  00441803 f   gl_lightmap.obj
 0001:00040819       ?LM_Flush@OpenGLDrv@@YAXPAUlightmapBlock_t@1@@Z 00441819 f   gl_lightmap.obj
 0001:00040876       ?LM_Done@OpenGLDrv@@YAXXZ  00441876 f   gl_lightmap.obj
 0001:0004089d       ?LM_Save@OpenGLDrv@@YAXPAUlightmapBlock_t@1@@Z 0044189d f   gl_lightmap.obj
 0001:000408b5       ?LM_Restore@OpenGLDrv@@YAXPAUlightmapBlock_t@1@@Z 004418b5 f   gl_lightmap.obj
 0001:000408cd       ?LM_NewBlock@OpenGLDrv@@YAPAUlightmapBlock_t@1@XZ 004418cd f   gl_lightmap.obj
 0001:0004093d       ?LM_Rewind@OpenGLDrv@@YAXXZ 0044193d f   gl_lightmap.obj
 0001:00040945       ?LM_NextBlock@OpenGLDrv@@YAPAUlightmapBlock_t@1@XZ 00441945 f   gl_lightmap.obj
 0001:00040972       ?LM_CheckMinlight@OpenGLDrv@@YAXPAUdynamicLightmap_t@1@@Z 00441972 f   gl_lightmap.obj
 0001:00040a08       ?LM_AllocBlock@OpenGLDrv@@YA_NPAUlightmapBlock_t@1@PAUdynamicLightmap_t@1@@Z 00441a08 f   gl_lightmap.obj
 0001:00040abf       ?LM_PutBlock@OpenGLDrv@@YAXPAUdynamicLightmap_t@1@@Z 00441abf f   gl_lightmap.obj
 0001:00040eec       ?LM_SortLightStyles@OpenGLDrv@@YAXPAUdynamicLightmap_t@1@@Z 00441eec f   gl_lightmap.obj
 0001:00040f7d       ?UpdateDynamicLightmap@OpenGLDrv@@YAXPAVsurfacePlanar_t@1@_NI@Z 00441f7d f   gl_lightmap.obj
 0001:0004147f       ?LM_IsMonotone@OpenGLDrv@@YA_NPAUdynamicLightmap_t@1@PATcolor_t@@@Z 0044247f f   gl_lightmap.obj
 0001:00041586       ?Init@OpenGLDrv@@YA_NXZ    00442586 f   gl_main.obj
 0001:00041beb       ?Shutdown@OpenGLDrv@@YAX_N@Z 00442beb f   gl_main.obj
 0001:00041c74       ?GL_EnableRendering@OpenGLDrv@@YAX_N@Z 00442c74 f   gl_main.obj
 0001:00041c8f       ?DrawStretchPic@OpenGLDrv@@YAXPAVshader_t@1@HHHHMMMMIE@Z 00442c8f f   gl_main.obj
 0001:00041d5b       ?BeginFrame@OpenGLDrv@@YAXXZ 00442d5b f   gl_main.obj
 0001:00041ec9       ?EndFrame@OpenGLDrv@@YAXXZ 00442ec9 f   gl_main.obj
 0001:00042006       ?RenderFrame@OpenGLDrv@@YAXPAUrefdef_t@@@Z 00443006 f   gl_main.obj
 0001:000427a5       ?DrawChar@OpenGLDrv@@YAXHHHH@Z 004437a5 f   gl_main.obj
 0001:00042880       ?DrawConChar@OpenGLDrv@@YAXHHHH@Z 00443880 f   gl_main.obj
 0001:000428a7       ?Fill8@OpenGLDrv@@YAXHHHHH@Z 004438a7 f   gl_main.obj
 0001:000428ea       ?Fill@OpenGLDrv@@YAXHHHHI@Z 004438ea f   gl_main.obj
 0001:00042926       ?TileClear@OpenGLDrv@@YAXHHHHPBD@Z 00443926 f   gl_main.obj
 0001:000429dd       ?DrawStretchPic@OpenGLDrv@@YAXHHHHPBD@Z 004439dd f   gl_main.obj
 0001:00042a5a       ?DrawDetailedPic@OpenGLDrv@@YAXHHHHPBD@Z 00443a5a f   gl_main.obj
 0001:00042b01       ?DrawPic@OpenGLDrv@@YAXHHPBDHH@Z 00443b01 f   gl_main.obj
 0001:00042c97       ?DrawTextLeft@OpenGLDrv@@YAXPBDI@Z 00443c97 f   gl_main.obj
 0001:00042e05       ?DrawTextRight@OpenGLDrv@@YAXPBDI@Z 00443e05 f   gl_main.obj
 0001:00042e4f       ?DrawText3D@OpenGLDrv@@YAXQAMPBDI@Z 00443e4f f   gl_main.obj
 0001:00042e7c       ?BeginRegistration@OpenGLDrv@@YAXPBD@Z 00443e7c f   gl_main.obj
 0001:00042ea3       ?RegisterPic@OpenGLDrv@@YAPAVCBasicImage@@PBD@Z 00443ea3 f   gl_main.obj
 0001:00042eb1       ?RegisterSkin@OpenGLDrv@@YAPAVCBasicImage@@PBD@Z 00443eb1 f   gl_main.obj
 0001:00042ebc       ?RegisterModel@OpenGLDrv@@YAPAVCRenderModel@@PBD@Z 00443ebc f   gl_main.obj
 0001:00042ed0       ?SetSky@OpenGLDrv@@YAXPBDMQAM@Z 00443ed0 f   gl_main.obj
 0001:00042f76       ?Screenshot@OpenGLDrv@@YAXHPBD@Z 00443f76 f   gl_main.obj
 0001:00042f99       ?GetClientLight@OpenGLDrv@@YAMXZ 00443f99 f   gl_main.obj
 0001:00042fa0       ?GetCaps@OpenGLDrv@@YAIXZ  00443fa0 f   gl_main.obj
 0001:00042fa6       ?InitFuncTables@OpenGLDrv@@YAXXZ 00443fa6 f   gl_math.obj
 0001:00043157       ?ModelToWorldCoord@OpenGLDrv@@YAXQAMPAUrefEntity_t@1@0@Z 00444157 f   gl_math.obj
 0001:000431c8       ?WorldToModelCoord@OpenGLDrv@@YAXQAMPAUrefEntity_t@1@0@Z 004441c8 f   gl_math.obj
 0001:0004320f       ?BuildRotationMatrix@OpenGLDrv@@YAXQAY02MQAMM@Z 0044420f f   gl_math.obj
 0001:00043309       ?GetBoxRect@OpenGLDrv@@YA_NPAUrefEntity_t@1@QAM11_N@Z 00444309 f   gl_math.obj
 0001:0004367a       ?ProjectToScreen@OpenGLDrv@@YA_NQAMPAH@Z 0044467a f   gl_math.obj
 0001:000437bd       ?SaturateColor3f@OpenGLDrv@@YAXQAM@Z 004447bd f   gl_math.obj
 0001:000438ad       ?SaturateColor4b@OpenGLDrv@@YAXPATcolor_t@@@Z 004448ad f   gl_math.obj
 0001:000439bb       ?FindModel@OpenGLDrv@@YAPAVmodel_t@1@PBD@Z 004449bb f   gl_model.obj
 0001:00043af8       ?LoadWorldMap@OpenGLDrv@@YAXPBD@Z 00444af8 f   gl_model.obj
 0001:0004561c       ?PointInLeaf@OpenGLDrv@@YAPAUnode_t@1@QAM@Z 0044661c f   gl_model.obj
 0001:000461bf       ?ATAN2_FUNC@OpenGLDrv@@YAMMM@Z 004471bf f i gl_model.obj
 0001:0004636a       ?FindSkin@OpenGLDrv@@YAPAVshader_t@1@PBD@Z 0044736a f   gl_model.obj
 0001:0004654e       ?InitModels@OpenGLDrv@@YAXXZ 0044754e f   gl_model.obj
 0001:00046644       ?ShutdownModels@OpenGLDrv@@YAXXZ 00447644 f   gl_model.obj
 0001:00046655       ?SubdividePlane@OpenGLDrv@@YAHPAPAY02MHM@Z 00447655 f   gl_poly.obj
 0001:00046aa8       ?FreeSubdividedPlane@OpenGLDrv@@YAXXZ 00447aa8 f   gl_poly.obj
 0001:00046ac0       ?GetSubdivideIndexes@OpenGLDrv@@YAXPAH@Z 00447ac0 f   gl_poly.obj
 0001:00046b13       ?RemoveCollinearPoints@OpenGLDrv@@YAHPAPAY02MH@Z 00447b13 f   gl_poly.obj
 0001:00046c0e       ?GetPolyArea@OpenGLDrv@@YAMPAPAY02MH@Z 00447c0e f   gl_poly.obj
 0001:00046ca2       ?InitShaders@OpenGLDrv@@YAXXZ 00447ca2 f   gl_shader.obj
 0001:00046df9       ?ShutdownShaders@OpenGLDrv@@YAXXZ 00447df9 f   gl_shader.obj
 0001:00046e33       ?GetLightmapImage@OpenGLDrv@@YAPAVimage_t@1@H@Z 00447e33 f   gl_shader.obj
 0001:00046e5b       ?SetShaderLightmap@OpenGLDrv@@YAPAVshader_t@1@PAV21@H@Z 00447e5b f   gl_shader.obj
 0001:00047191       ??4shader_t@OpenGLDrv@@QAEAAV01@ABV01@@Z 00448191 f i gl_shader.obj
 0001:000472c8       ??4CBasicImage@@QAEAAV0@ABV0@@Z 004482c8 f i gl_shader.obj
 0001:000473be       ?SetShaderLightstyles@OpenGLDrv@@YAPAVshader_t@1@PAV21@I@Z 004483be f   gl_shader.obj
 0001:0004745d       ?GetAlphaShader@OpenGLDrv@@YAPAVshader_t@1@PAV21@@Z 0044845d f   gl_shader.obj
 0001:00047726       ?FindShader@OpenGLDrv@@YAPAVshader_t@1@PBDI@Z 00448726 f   gl_shader.obj
 0001:00047d3f       ?GetShaderByNum@OpenGLDrv@@YAPAVshader_t@1@H@Z 00448d3f f   gl_shader.obj
 0001:00047d5d       ?ResetShaders@OpenGLDrv@@YAXXZ 00448d5d f   gl_shader.obj
 0001:0004822f       ?Reload@shader_t@OpenGLDrv@@UAEXXZ 0044922f f   gl_shader.obj
 0001:0004825a       ?ClearSkyBox@OpenGLDrv@@YAXXZ 0044925a f   gl_sky.obj
 0001:00048271       ?SetSkyRotate@OpenGLDrv@@YAXMQAM@Z 00449271 f   gl_sky.obj
 0001:000482a9       ?SkyVisible@OpenGLDrv@@YA_NXZ 004492a9 f   gl_sky.obj
 0001:000482c2       ?AddSkySurface@OpenGLDrv@@YAXPAVsurfacePlanar_t@1@QAME@Z 004492c2 f   gl_sky.obj
 0001:000488d1       ?TesselateSkySide@OpenGLDrv@@YAHHPAUbufVertex_t@1@PAUbufTexCoord_t@1@M@Z 004498d1 f   gl_sky.obj
 0001:0004a18b       ?QGL_Init@OpenGLDrv@@YA_NPBD@Z 0044b18b f   qgl_win.obj
 0001:0004a26d       ?QGL_Shutdown@OpenGLDrv@@YAXXZ 0044b26d f   qgl_win.obj
 0001:0004a2ab       ?QGL_InitExtensions@OpenGLDrv@@YAXXZ 0044b2ab f   qgl_win.obj
 0001:0004a797       ?QGL_PrintExtensionsString@OpenGLDrv@@YAXPBD00@Z 0044b797 f   qgl_win.obj
 0001:0004a8e4       ?QGL_EnableLogging@OpenGLDrv@@YAX_N@Z 0044b8e4 f   qgl_win.obj
 0001:0004a99e       ?QGL_LogMessage@OpenGLDrv@@YAXPBD@Z 0044b99e f   qgl_win.obj
 0001:0004a9b5       ?QGL_SwapBuffers@OpenGLDrv@@YAXXZ 0044b9b5 f   qgl_win.obj
 0001:0004aa0c       ?GLimp_HasGamma@OpenGLDrv@@YA_NXZ 0044ba0c f   gl_win.obj
 0001:0004aa20       ?GLimp_SetGamma@OpenGLDrv@@YAXM@Z 0044ba20 f   gl_win.obj
 0001:0004abc8       ?GLimp_SetMode@OpenGLDrv@@YA_NPAI0H_N@Z 0044bbc8 f   gl_win.obj
 0001:0004afbe       ?GLimp_Shutdown@OpenGLDrv@@YAX_N@Z 0044bfbe f   gl_win.obj
 0001:0004b06b       ?AppActivate@OpenGLDrv@@YAX_N@Z 0044c06b f   gl_win.obj
 0001:0004b0db       _jpeg_CreateDecompress     0044c0db f   lib:jdapimin.obj
 0001:0004b19b       _jpeg_destroy_compress     0044c19b f   lib:jdapimin.obj
 0001:0004b19b       _jpeg_destroy_decompress   0044c19b f   lib:jdapimin.obj
 0001:0004b1a6       _jpeg_read_header          0044c1a6 f   lib:jdapimin.obj
 0001:0004b208       _jpeg_consume_input        0044c208 f   lib:jdapimin.obj
 0001:0004b457       _jpeg_finish_decompress    0044c457 f   lib:jdapimin.obj
 0001:0004b4ee       _jpeg_start_decompress     0044c4ee f   lib:jdapistd.obj
 0001:0004b65b       _jpeg_read_scanlines       0044c65b f   lib:jdapistd.obj
 0001:0004b6df       _jpeg_resync_to_restart    0044c6df f   lib:jdmarker.obj
 0001:0004b8a4       _jinit_marker_reader       0044c8a4 f   lib:jdmarker.obj
 0001:0004cd6f       _jpeg_CreateCompress       0044dd6f f   lib:jcapimin.obj
 0001:0004ce23       _jpeg_suppress_tables      0044de23 f   lib:jcapimin.obj
 0001:0004ce6d       _jpeg_finish_compress      0044de6d f   lib:jcapimin.obj
 0001:0004cf57       _jpeg_start_compress       0044df57 f   lib:jcapistd.obj
 0001:0004cfc3       _jpeg_write_scanlines      0044dfc3 f   lib:jcapistd.obj
 0001:0004d06e       _jpeg_add_quant_table      0044e06e f   lib:jcparam.obj
 0001:0004d120       _jpeg_quality_scaling      0044e120 f   lib:jcparam.obj
 0001:0004d147       _jpeg_set_quality          0044e147 f   lib:jcparam.obj
 0001:0004d181       _jpeg_set_defaults         0044e181 f   lib:jcparam.obj
 0001:0004d347       _jpeg_default_colorspace   0044e347 f   lib:jcparam.obj
 0001:0004d397       _jpeg_set_colorspace       0044e397 f   lib:jcparam.obj
 0001:0004d6b2       _jpeg_stdio_dest           0044e6b2 f   lib:jdatadst.obj
 0001:0004d8d2       _crc32                     0044e8d2 f   lib:crc32.obj
 0001:0004db6c       _inflateReset              0044eb6c f   lib:inflate.obj
 0001:0004dbba       _inflateInit2_             0044ebba f   lib:inflate.obj
 0001:0004dc73       _inflate                   0044ec73 f   lib:inflate.obj
 0001:0004ef48       _inflateEnd                0044ff48 f   lib:inflate.obj
 0001:0004ef86       _jinit_input_controller    0044ff86 f   lib:jdinput.obj
 0001:0004f469       _jinit_memory_mgr          00450469 f   lib:jmemmgr.obj
 0001:0004ffa5       _jpeg_abort                00450fa5 f   lib:jcomapi.obj
 0001:0004ffd8       _jpeg_destroy              00450fd8 f   lib:jcomapi.obj
 0001:0004fff3       _jpeg_alloc_quant_table    00450ff3 f   lib:jcomapi.obj
 0001:0005000f       _jpeg_alloc_huff_table     0045100f f   lib:jcomapi.obj
 0001:0005002b       _jpeg_calc_output_dimensions 0045102b f   lib:jdmaster.obj
 0001:0005012b       _jinit_master_decompress   0045112b f   lib:jdmaster.obj
 0001:00050481       _jdiv_round_up             00451481 f   lib:jutils.obj
 0001:00050491       _jround_up                 00451491 f   lib:jutils.obj
 0001:000504a9       _jcopy_sample_rows         004514a9 f   lib:jutils.obj
 0001:000504e7       _jcopy_block_row           004514e7 f   lib:jutils.obj
 0001:00050500       _jzero_far                 00451500 f   lib:jutils.obj
 0001:00050513       _jinit_marker_writer       00451513 f   lib:jcmarker.obj
 0001:00050def       _jinit_compress_master     00451def f   lib:jcinit.obj
 0001:00050e48       _inflate_fast              00451e48 f   lib:inffast.obj
 0001:000511fd       _inflate_table             004521fd f   lib:inftrees.obj
 0001:000515b1       _adler32                   004525b1 f   lib:adler32.obj
 0001:000516ca       _jinit_c_codec             004526ca f   lib:jcodec.obj
 0001:000516e6       _jinit_d_codec             004526e6 f   lib:jcodec.obj
 0001:00051702       _jpeg_get_large            00452702 f   lib:jmemnobs.obj
 0001:00051702       _jpeg_get_small            00452702 f   lib:jmemnobs.obj
 0001:0005170e       _jpeg_free_small           0045270e f   lib:jmemnobs.obj
 0001:0005170e       _jpeg_free_large           0045270e f   lib:jmemnobs.obj
 0001:0005171a       _jpeg_mem_available        0045271a f   lib:jmemnobs.obj
 0001:0005171f       _jpeg_open_backing_store   0045271f f   lib:jmemnobs.obj
 0001:00051733       _jinit_d_main_controller   00452733 f   lib:jdmainct.obj
 0001:00051d7e       _jinit_d_post_controller   00452d7e f   lib:jdpostct.obj
 0001:00052029       _jinit_upsampler           00453029 f   lib:jdsample.obj
 0001:00052667       _jinit_color_deconverter   00453667 f   lib:jdcolor.obj
 0001:00052b7d       _jinit_merged_upsampler    00453b7d f   lib:jdmerge.obj
 0001:000530cd       _jinit_2pass_quantizer     004540cd f   lib:jquant2.obj
 0001:00054190       _jinit_1pass_quantizer     00455190 f   lib:jquant1.obj
 0001:00054bb6       _jinit_c_main_controller   00455bb6 f   lib:jcmainct.obj
 0001:00054d23       _jinit_c_prep_controller   00455d23 f   lib:jcprepct.obj
 0001:0005526e       _jinit_downsampler         0045626e f   lib:jcsample.obj
 0001:00055aee       _jinit_color_converter     00456aee f   lib:jccolor.obj
 0001:000560d8       _jinit_c_master_control    004570d8 f   lib:jcmaster.obj
 0001:00056bc7       _jinit_lossy_c_codec       00457bc7 f   lib:jclossy.obj
 0001:00056c62       _jinit_lossless_c_codec    00457c62 f   lib:jclossls.obj
 0001:00056cfa       _jinit_lossy_d_codec       00457cfa f   lib:jdlossy.obj
 0001:00056fcd       _jinit_lossless_d_codec    00457fcd f   lib:jdlossls.obj
 0001:0005707d       _jinit_c_coef_controller   0045807d f   lib:jccoefct.obj
 0001:0005771c       _jinit_shuff_encoder       0045871c f   lib:jcshuff.obj
 0001:00057f87       _jinit_phuff_encoder       00458f87 f   lib:jcphuff.obj
 0001:00058a2c       _jinit_forward_dct         00459a2c f   lib:jcdctmgr.obj
 0001:00058cfb       _jinit_c_diff_controller   00459cfb f   lib:jcdiffct.obj
 0001:00059261       _jinit_lhuff_encoder       0045a261 f   lib:jclhuff.obj
 0001:0005998b       _jinit_differencer         0045a98b f   lib:jcpred.obj
 0001:00059ea5       _jinit_c_scaler            0045aea5 f   lib:jcscale.obj
 0001:00059f1b       _jinit_d_coef_controller   0045af1b f   lib:jdcoefct.obj
 0001:0005abf4       _jinit_shuff_decoder       0045bbf4 f   lib:jdshuff.obj
 0001:0005b189       _jinit_phuff_decoder       0045c189 f   lib:jdphuff.obj
 0001:0005bd26       _jinit_inverse_dct         0045cd26 f   lib:jddctmgr.obj
 0001:0005bf0a       _jinit_d_diff_controller   0045cf0a f   lib:jddiffct.obj
 0001:0005c43b       _jinit_d_scaler            0045d43b f   lib:jdscale.obj
 0001:0005c53a       _jinit_undifferencer       0045d53a f   lib:jdpred.obj
 0001:0005c8f4       _jinit_lhuff_decoder       0045d8f4 f   lib:jdlhuff.obj
 0001:0005cce9       _jpeg_make_c_derived_tbl   0045dce9 f   lib:jchuff.obj
 0001:0005ceeb       _jpeg_gen_optimal_table    0045deeb f   lib:jchuff.obj
 0001:0005d0aa       _jpeg_fdct_float           0045e0aa f   lib:jfdctflt.obj
 0001:0005d2af       _jpeg_make_d_derived_tbl   0045e2af f   lib:jdhuff.obj
 0001:0005d54c       _jpeg_fill_bit_buffer      0045e54c f   lib:jdhuff.obj
 0001:0005d65b       _jpeg_huff_decode          0045e65b f   lib:jdhuff.obj
 0001:0005d73b       _jpeg_idct_4x4             0045e73b f   lib:jidctred.obj
 0001:0005da29       _jpeg_idct_2x2             0045ea29 f   lib:jidctred.obj
 0001:0005dbeb       _jpeg_idct_1x1             0045ebeb f   lib:jidctred.obj
 0001:0005dc27       _jpeg_idct_float           0045ec27 f   lib:jidctflt.obj
 0001:0005e000       __except_handler3          0045f000 f   MSVCRT:MSVCRT.dll
 0001:0005e010       __alloca_probe             0045f010 f   MSVCRT:chkstk.obj
 0001:0005e010       __chkstk                   0045f010 f   MSVCRT:chkstk.obj
 0001:0005e03f       ??_Gtype_info@@UAEPAXI@Z   0045f03f f i MSVCRT:ti_inst.obj
 0001:0005e03f       ??_Etype_info@@UAEPAXI@Z   0045f03f f i MSVCRT:ti_inst.obj
 0001:0005e05c       __CxxThrowException@8      0045f05c f   MSVCRT:MSVCRT.dll
 0001:0005e062       _strcpy                    0045f062 f   MSVCRT:MSVCRT.dll
 0001:0005e068       _strlen                    0045f068 f   MSVCRT:MSVCRT.dll
 0001:0005e06e       _strcmp                    0045f06e f   MSVCRT:MSVCRT.dll
 0001:0005e074       _sin                       0045f074 f   MSVCRT:MSVCRT.dll
 0001:0005e07a       _tan                       0045f07a f   MSVCRT:MSVCRT.dll
 0001:0005e080       _cos                       0045f080 f   MSVCRT:MSVCRT.dll
 0001:0005e086       _strcat                    0045f086 f   MSVCRT:MSVCRT.dll
 0001:0005e08c       _fmod                      0045f08c f   MSVCRT:MSVCRT.dll
 0001:0005e092       _atan2                     0045f092 f   MSVCRT:MSVCRT.dll
 0001:0005e098       _acos                      0045f098 f   MSVCRT:MSVCRT.dll
 0001:0005e09e       _sqrt                      0045f09e f   MSVCRT:MSVCRT.dll
 0001:0005e0a4       _atan                      0045f0a4 f   MSVCRT:MSVCRT.dll
 0001:0005e0aa       _memcpy                    0045f0aa f   MSVCRT:MSVCRT.dll
 0001:0005e0b0       _memset                    0045f0b0 f   MSVCRT:MSVCRT.dll
 0001:0005e0b6       _pow                       0045f0b6 f   MSVCRT:MSVCRT.dll
 0001:0005e0bc       _asin                      0045f0bc f   MSVCRT:MSVCRT.dll
 0001:0005e0c2       __purecall                 0045f0c2 f   MSVCRT:MSVCRT.dll
 0001:0005e0c8       _WinMainCRTStartup         0045f0c8 f   MSVCRT:crtexew.obj
 0001:0005e226       __ftol                     0045f226 f   MSVCRT:MSVCRT.dll
 0001:0005e22c       ??1type_info@@UAE@XZ       0045f22c f   MSVCRT:MSVCRT.dll
 0001:0005e232       __XcptFilter               0045f232 f   MSVCRT:MSVCRT.dll
 0001:0005e238       __initterm                 0045f238 f   MSVCRT:MSVCRT.dll
 0001:0005e23e       __setdefaultprecision      0045f23e f   MSVCRT:fp8.obj
 0001:0005e250       _jpeg_mem_init             0045f250 f   MSVCRT:merr.obj
 0001:0005e250       __matherr                  0045f250 f   MSVCRT:merr.obj
 0001:0005e253       __setargv                  0045f253 f   MSVCRT:dllargv.obj
 0001:0005e253       _jpeg_mem_term             0045f253 f   MSVCRT:dllargv.obj
 0001:0005e253       ?EndRegistration@OpenGLDrv@@YAXXZ 0045f253 f   MSVCRT:dllargv.obj
 0001:0005e254       __controlfp                0045f254 f   MSVCRT:MSVCRT.dll
 0002:00000000       __imp__SwapBuffers@4       00460000     gdi32:GDI32.dll
 0002:00000004       __imp__SetPixelFormat@12   00460004     gdi32:GDI32.dll
 0002:00000008       __imp__DescribePixelFormat@16 00460008     gdi32:GDI32.dll
 0002:0000000c       __imp__ChoosePixelFormat@8 0046000c     gdi32:GDI32.dll
 0002:00000010       __imp__SetDeviceGammaRamp@8 00460010     gdi32:GDI32.dll
 0002:00000014       __imp__GetDeviceGammaRamp@8 00460014     gdi32:GDI32.dll
 0002:00000018       __imp__GetDeviceCaps@8     00460018     gdi32:GDI32.dll
 0002:0000001c       \177GDI32_NULL_THUNK_DATA  0046001c     gdi32:GDI32.dll
 0002:00000020       __imp__GetDriveTypeA@4     00460020     kernel32:KERNEL32.dll
 0002:00000024       __imp__SetErrorMode@4      00460024     kernel32:KERNEL32.dll
 0002:00000028       __imp__GetStdHandle@4      00460028     kernel32:KERNEL32.dll
 0002:0000002c       __imp__AllocConsole@0      0046002c     kernel32:KERNEL32.dll
 0002:00000030       __imp__ReadConsoleInputA@16 00460030     kernel32:KERNEL32.dll
 0002:00000034       __imp__GetNumberOfConsoleInputEvents@8 00460034     kernel32:KERNEL32.dll
 0002:00000038       __imp__FreeConsole@0       00460038     kernel32:KERNEL32.dll
 0002:0000003c       __imp__SetConsoleTextAttribute@8 0046003c     kernel32:KERNEL32.dll
 0002:00000040       __imp__SetPriorityClass@8  00460040     kernel32:KERNEL32.dll
 0002:00000044       __imp__GetCurrentProcess@0 00460044     kernel32:KERNEL32.dll
 0002:00000048       __imp__GetVersionExA@4     00460048     kernel32:KERNEL32.dll
[...]
 0001:0005c0a8       _start_iMCU_row            0045d0a8 f   lib:jddiffct.obj
 0001:0005c0ed       _start_output_pass         0045d0ed f   lib:jddiffct.obj
 0001:0005c0f9       _decompress_data           0045d0f9 f   lib:jddiffct.obj
 0001:0005c269       _process_restart           0045d269 f   lib:jddiffct.obj
 0001:0005c29e       _dummy_consume_data        0045d29e f   lib:jddiffct.obj
 0001:0005c2a1       _consume_data              0045d2a1 f   lib:jddiffct.obj
 0001:0005c318       _output_data               0045d318 f   lib:jddiffct.obj
 0001:0005bd9c       _start_pass                0045cd9c f   lib:jddctmgr.obj
 0001:0005b1ee       _start_pass_phuff_decoder  0045c1ee f   lib:jdphuff.obj
 0001:0005b437       _decode_mcu_DC_first       0045c437 f   lib:jdphuff.obj
 0001:0005b62f       _process_restart           0045c62f f   lib:jdphuff.obj
 0001:0005b69e       _decode_mcu_AC_first       0045c69e f   lib:jdphuff.obj
 0001:0005b8be       _decode_mcu_DC_refine      0045c8be f   lib:jdphuff.obj
 0001:0005b993       _decode_mcu_AC_refine      0045c993 f   lib:jdphuff.obj
 0001:0005ac35       _start_pass_huff_decoder   0045bc35 f   lib:jdshuff.obj
 0001:0005ad6d       _decode_mcu                0045bd6d f   lib:jdshuff.obj
 0001:0005b11d       _process_restart           0045c11d f   lib:jdshuff.obj
 0001:0005a01e       _start_input_pass          0045b01e f   lib:jdcoefct.obj
 0001:0005a031       _start_iMCU_row            0045b031 f   lib:jdcoefct.obj
 0001:0005a076       _start_output_pass         0045b076 f   lib:jdcoefct.obj
 0001:0005a0b3       _decompress_onepass        0045b0b3 f   lib:jdcoefct.obj
 0001:0005c29e       _dummy_consume_data        0045d29e f   lib:jddiffct.obj
 0001:0005a28c       _consume_data              0045b28c f   lib:jdcoefct.obj
 0001:0005a445       _decompress_data           0045b445 f   lib:jdcoefct.obj
 0001:0005a5b1       _smoothing_ok              0045b5b1 f   lib:jdcoefct.obj
 0001:0005a69c       _decompress_smooth_data    0045b69c f   lib:jdcoefct.obj
 0001:00059eb7       _scaler_start_pass         0045aeb7 f   lib:jcscale.obj
 0001:00059eda       _simple_downscale          0045aeda f   lib:jcscale.obj
 0001:00059f06       _noscale                   0045af06 f   lib:jcscale.obj
 0001:000599af       _start_pass                0045a9af f   lib:jcpred.obj
 0001:00059a07       _reset_predictor           0045aa07 f   lib:jcpred.obj
 0001:00059a34       _jpeg_difference_first_row 0045aa34 f   lib:jcpred.obj
 0001:00059b1e       _jpeg_difference1          0045ab1e f   lib:jcpred.obj
 0001:00059b8c       _jpeg_difference2          0045ab8c f   lib:jcpred.obj
 0001:00059bfd       _jpeg_difference3          0045abfd f   lib:jcpred.obj
 0001:00059c75       _jpeg_difference4          0045ac75 f   lib:jcpred.obj
 0001:00059d00       _jpeg_difference5          0045ad00 f   lib:jcpred.obj
 0001:00059d93       _jpeg_difference6          0045ad93 f   lib:jcpred.obj
 0001:00059e22       _jpeg_difference7          0045ae22 f   lib:jcpred.obj
 0001:000592a1       _start_pass_huff           0045a2a1 f   lib:jclhuff.obj
 0001:0005943e       _encode_mcus_huff          0045a43e f   lib:jclhuff.obj
 0001:00059629       _emit_bits                 0045a629 f   lib:jclhuff.obj
 0001:000596cc       _dump_buffer               0045a6cc f   lib:jclhuff.obj
 0001:000596f0       _emit_restart              0045a6f0 f   lib:jclhuff.obj
 0001:0005973b       _flush_bits                0045a73b f   lib:jclhuff.obj
 0001:0005975f       _finish_pass_huff          0045a75f f   lib:jclhuff.obj
 0001:000597cc       _encode_mcus_gather        0045a7cc f   lib:jclhuff.obj
 0001:000598f5       _finish_pass_gather        0045a8f5 f   lib:jclhuff.obj
 0001:00057f84       _need_optimization_pass    00458f84 f   lib:jcshuff.obj
 0001:00058e7f       _start_pass_diff           00459e7f f   lib:jcdiffct.obj
 0001:00058f1d       _start_iMCU_row            00459f1d f   lib:jcdiffct.obj
 0001:00058f5f       _compress_data             00459f5f f   lib:jcdiffct.obj
 0001:000590f5       _compress_first_pass       0045a0f5 f   lib:jcdiffct.obj
 0001:000591ea       _compress_output           0045a1ea f   lib:jcdiffct.obj
 0001:00058a92       _start_pass_fdctmgr        00459a92 f   lib:jcdctmgr.obj
 0001:00058b94       _forward_DCT_float         00459b94 f   lib:jcdctmgr.obj
 0001:00057fc7       _start_pass_phuff          00458fc7 f   lib:jcphuff.obj
 0001:00058134       _encode_mcu_DC_first       00459134 f   lib:jcphuff.obj
 0001:00058266       _emit_bits                 00459266 f   lib:jcphuff.obj
 0001:00058311       _dump_buffer               00459311 f   lib:jcphuff.obj
 0001:00058349       _emit_symbol               00459349 f   lib:jcphuff.obj
 0001:00058389       _emit_restart              00459389 f   lib:jcphuff.obj
 0001:00058412       _emit_eobrun               00459412 f   lib:jcphuff.obj
 0001:00058498       _encode_mcu_AC_first       00459498 f   lib:jcphuff.obj
 0001:0005862c       _encode_mcu_DC_refine      0045962c f   lib:jcphuff.obj
 0001:000586e6       _encode_mcu_AC_refine      004596e6 f   lib:jcphuff.obj
 0001:000588fd       _finish_pass_phuff         004598fd f   lib:jcphuff.obj
 0001:0005894c       _finish_pass_gather_phuff  0045994c f   lib:jcphuff.obj
 0001:00058a0f       _need_optimization_pass    00459a0f f   lib:jcphuff.obj
 0001:0005775f       _start_pass_huff           0045875f f   lib:jcshuff.obj
 0001:000578d4       _encode_mcu_huff           004588d4 f   lib:jcshuff.obj
 0001:000579df       _encode_one_block          004589df f   lib:jcshuff.obj
 0001:00057b56       _emit_bits                 00458b56 f   lib:jcshuff.obj
 0001:00057bf9       _dump_buffer               00458bf9 f   lib:jcshuff.obj
 0001:00057c1d       _emit_restart              00458c1d f   lib:jcshuff.obj
 0001:00057c8a       _flush_bits                00458c8a f   lib:jcshuff.obj
 0001:00057cae       _finish_pass_huff          00458cae f   lib:jcshuff.obj
 0001:00057d1d       _encode_mcu_gather         00458d1d f   lib:jcshuff.obj
 0001:00057dd3       _htest_one_block           00458dd3 f   lib:jcshuff.obj
 0001:00057e9a       _finish_pass_gather        00458e9a f   lib:jcshuff.obj
 0001:00057f84       _need_optimization_pass    00458f84 f   lib:jcshuff.obj
 0001:00057132       _start_pass_coef           00458132 f   lib:jccoefct.obj
 0001:00058f1d       _start_iMCU_row            00459f1d f   lib:jcdiffct.obj
 0001:000571c7       _compress_data             004581c7 f   lib:jccoefct.obj
 0001:000573ae       _compress_first_pass       004583ae f   lib:jccoefct.obj
 0001:00057594       _compress_output           00458594 f   lib:jccoefct.obj
 0001:0005704a       _calc_output_dimensions    0045804a f   lib:jdlossls.obj
 0001:0005705b       _start_input_pass          0045805b f   lib:jdlossls.obj
 0001:00056d89       _calc_output_dimensions    00457d89 f   lib:jdlossy.obj
 0001:00056efc       _start_input_pass          00457efc f   lib:jdlossy.obj
 0001:00056f1c       _latch_quant_tables        00457f1c f   lib:jdlossy.obj
 0001:00056fb4       _start_output_pass         00457fb4 f   lib:jdlossy.obj
 0001:00056cd8       _start_pass                00457cd8 f   lib:jclossls.obj
 0001:00056c44       _start_pass                00457c44 f   lib:jclossy.obj
 0001:00056199       _initial_setup             00457199 f   lib:jcmaster.obj
 0001:0005634c       _validate_script           0045734c f   lib:jcmaster.obj
 0001:00056724       _prepare_for_pass          00457724 f   lib:jcmaster.obj
 0001:0005689c       _select_scan_parameters    0045789c f   lib:jcmaster.obj
 0001:0005699d       _per_scan_setup            0045799d f   lib:jcmaster.obj
 0001:00056b48       _pass_startup              00457b48 f   lib:jcmaster.obj
 0001:00056b6f       _finish_pass_master        00457b6f f   lib:jcmaster.obj
 0001:00055c85       _rgb_ycc_start             00456c85 f   lib:jccolor.obj
 0001:00055d49       _rgb_ycc_convert           00456d49 f   lib:jccolor.obj
 0001:00055e48       _rgb_gray_convert          00456e48 f   lib:jccolor.obj
 0001:00055ecd       _cmyk_ycck_convert         00456ecd f   lib:jccolor.obj
 0001:00056005       _grayscale_convert         00457005 f   lib:jccolor.obj
 0001:0005605f       _null_convert              0045705f f   lib:jccolor.obj
 0001:0001e3fc       _null_method               0041f3fc f   sv_game.obj
 0001:0001e3fc       _start_pass_downsample     0041f3fc f   sv_game.obj
 0001:000553d1       _sep_downsample            004563d1 f   lib:jcsample.obj
 0001:00055446       _int_downsample            00456446 f   lib:jcsample.obj
 0001:0005553e       _expand_right_edge         0045653e f   lib:jcsample.obj
 0001:00055593       _fullsize_downsample       00456593 f   lib:jcsample.obj
 0001:000555d7       _h2v1_downsample           004565d7 f   lib:jcsample.obj
 0001:0005566b       _h2v2_downsample           0045666b f   lib:jcsample.obj
 0001:00055718       _h2v2_smooth_downsample    00456718 f   lib:jcsample.obj
 0001:00055990       _fullsize_smooth_downsample 00456990 f   lib:jcsample.obj
 0001:00054dcd       _start_pass_prep           00455dcd f   lib:jcprepct.obj
 0001:00054e0b       _pre_process_data          00455e0b f   lib:jcprepct.obj
 0001:00054fb9       _pre_process_context       00455fb9 f   lib:jcprepct.obj
 0001:00055172       _create_context_buffer     00456172 f   lib:jcprepct.obj
 0001:00054c45       _start_pass_main           00455c45 f   lib:jcmainct.obj
 0001:00054c87       _process_data_simple_main  00455c87 f   lib:jcmainct.obj
 0001:0005421b       _create_colormap           0045521b f   lib:jquant1.obj
 0001:0005434d       _select_ncolors            0045534d f   lib:jquant1.obj
 0001:00054424       _create_colorindex         00455424 f   lib:jquant1.obj
 0001:00054550       _alloc_fs_workspace        00455550 f   lib:jquant1.obj
 0001:0005458c       _start_pass_1_quant        0045558c f   lib:jquant1.obj
 0001:00054658       _create_odither_tables     00455658 f   lib:jquant1.obj
 0001:000546b7       _make_odither_array        004556b7 f   lib:jquant1.obj
 0001:0005471a       _color_quantize            0045571a f   lib:jquant1.obj
 0001:000547a5       _color_quantize3           004557a5 f   lib:jquant1.obj
 0001:00054833       _quantize_ord_dither       00455833 f   lib:jquant1.obj
 0001:0005491e       _quantize3_ord_dither      0045591e f   lib:jquant1.obj
 0001:00054a1e       _quantize_fs_dither        00455a1e f   lib:jquant1.obj
 0001:0001e3fc       _finish_pass_1_quant       0041f3fc f   sv_game.obj
 0001:00054ba2       _new_color_map_1_quant     00455ba2 f   lib:jquant1.obj
 0001:000531dc       _init_error_limit          004541dc f   lib:jquant2.obj
 0001:0005327b       _start_pass_2_quant        0045427b f   lib:jquant2.obj
 0001:0005337d       _prescan_quantize          0045437d f   lib:jquant2.obj
 0001:000533ec       _pass2_no_dither           004543ec f   lib:jquant2.obj
 0001:00053499       _fill_inverse_cmap         00454499 f   lib:jquant2.obj
 0001:00053564       _find_nearby_colors        00454564 f   lib:jquant2.obj
 0001:00053708       _find_best_colors          00454708 f   lib:jquant2.obj
 0001:00053822       _pass2_fs_dither           00454822 f   lib:jquant2.obj
 0001:00053a91       _finish_pass1              00454a91 f   lib:jquant2.obj
 0001:00053ab3       _select_colors             00454ab3 f   lib:jquant2.obj
 0001:00053b3f       _update_box                00454b3f f   lib:jquant2.obj
 0001:00053ed9       _median_cut                00454ed9 f   lib:jquant2.obj
 0001:00053fed       _find_biggest_color_pop    00454fed f   lib:jquant2.obj
 0001:0005401c       _find_biggest_volume       0045501c f   lib:jquant2.obj
 0001:00054045       _compute_color             00455045 f   lib:jquant2.obj
 0001:0001e3fc       _finish_pass2              0041f3fc f   sv_game.obj
 0001:00054181       _new_color_map_2_quant     00455181 f   lib:jquant2.obj
 0001:00052bf3       _build_ycc_rgb_table       00453bf3 f   lib:jdmerge.obj
 0001:00052ca3       _start_pass_merged_upsample 00453ca3 f   lib:jdmerge.obj
 0001:00052cb8       _merged_2v_upsample        00453cb8 f   lib:jdmerge.obj
 0001:00052d5f       _merged_1v_upsample        00453d5f f   lib:jdmerge.obj
 0001:00052d90       _h2v1_merged_upsample      00453d90 f   lib:jdmerge.obj
 0001:00052ee6       _h2v2_merged_upsample      00453ee6 f   lib:jdmerge.obj
 0001:00052797       _build_ycc_rgb_table       00453797 f   lib:jdcolor.obj
 0001:00052847       _ycc_rgb_convert           00453847 f   lib:jdcolor.obj
 0001:00052955       _null_convert              00453955 f   lib:jdcolor.obj
 0001:000529cd       _grayscale_convert         004539cd f   lib:jdcolor.obj
 0001:000529f0       _gray_rgb_convert          004539f0 f   lib:jdcolor.obj
 0001:00052a49       _ycck_cmyk_convert         00453a49 f   lib:jdcolor.obj
 0001:0001e3fc       _start_pass_dcolor         0041f3fc f   sv_game.obj
 0001:000521f8       _start_pass_upsample       004531f8 f   lib:jdsample.obj
 0001:00052212       _sep_upsample              00453212 f   lib:jdsample.obj
 0001:000522df       _fullsize_upsample         004532df f   lib:jdsample.obj
 0001:000522ea       _noop_upsample             004532ea f   lib:jdsample.obj
 0001:000522f2       _int_upsample              004532f2 f   lib:jdsample.obj
 0001:000523dc       _h2v1_upsample             004533dc f   lib:jdsample.obj
 0001:00052433       _h2v2_upsample             00453433 f   lib:jdsample.obj
 0001:000524a5       _h2v1_fancy_upsample       004534a5 f   lib:jdsample.obj
 0001:00052548       _h2v2_fancy_upsample       00453548 f   lib:jdsample.obj
 0001:00051e01       _start_pass_dpost          00452e01 f   lib:jdpostct.obj
 0001:00051ea7       _post_process_1pass        00452ea7 f   lib:jdpostct.obj
 0001:00051f0c       _post_process_prepass      00452f0c f   lib:jdpostct.obj
 0001:00051f9d       _post_process_2pass        00452f9d f   lib:jdpostct.obj
 0001:00051808       _alloc_funny_pointers      00452808 f   lib:jdmainct.obj
 0001:000518b5       _start_pass_main           004528b5 f   lib:jdmainct.obj
 0001:0005191d       _make_funny_pointers       0045291d f   lib:jdmainct.obj
 0001:00051a5d       _process_data_simple_main  00452a5d f   lib:jdmainct.obj
 0001:00051ac5       _process_data_context_main 00452ac5 f   lib:jdmainct.obj
 0001:00051bd7       _set_wraparound_pointers   00452bd7 f   lib:jdmainct.obj
 0001:00051cc1       _set_bottom_pointers       00452cc1 f   lib:jdmainct.obj
 0001:00051d5b       _process_data_crank_post   00452d5b f   lib:jdmainct.obj
 0001:00050561       _write_marker_header       00451561 f   lib:jcmarker.obj
 0001:000505b7       _emit_byte                 004515b7 f   lib:jcmarker.obj
 0001:000505e8       _write_marker_byte         004515e8 f   lib:jcmarker.obj
 0001:000505f8       _write_file_header         004515f8 f   lib:jcmarker.obj
 0001:00050644       _emit_jfif_app0            00451644 f   lib:jcmarker.obj
 0001:00050717       _emit_adobe_app14          00451717 f   lib:jcmarker.obj
 0001:000507bd       _write_frame_header        004517bd f   lib:jcmarker.obj
 0001:0005089c       _emit_dqt                  0045189c f   lib:jcmarker.obj
 0001:0005098b       _emit_sof                  0045198b f   lib:jcmarker.obj
 0001:00050a67       _write_scan_header         00451a67 f   lib:jcmarker.obj
 0001:00050b27       _emit_dht                  00451b27 f   lib:jcmarker.obj
 0001:00050c00       _emit_dri                  00451c00 f   lib:jcmarker.obj
 0001:00050c4f       _emit_sos                  00451c4f f   lib:jcmarker.obj
 0001:00050d3d       _write_file_trailer        00451d3d f   lib:jcmarker.obj
 0001:00050d5d       _write_tables_only         00451d5d f   lib:jcmarker.obj
 0001:000500b6       _use_merged_upsample       004510b6 f   lib:jdmaster.obj
 0001:0005015c       _master_selection          0045115c f   lib:jdmaster.obj
 0001:000502b9       _prepare_range_limit_table 004512b9 f   lib:jdmaster.obj
 0001:0005033f       _prepare_for_output_pass   0045133f f   lib:jdmaster.obj
 0001:00050460       _finish_output_pass        00451460 f   lib:jdmaster.obj
 0001:0004f52d       _alloc_small               0045052d f   lib:jmemmgr.obj
 0001:0004f64b       _alloc_large               0045064b f   lib:jmemmgr.obj
 0001:0004f6fc       _alloc_sarray              004506fc f   lib:jmemmgr.obj
 0001:0004f794       _alloc_barray              00450794 f   lib:jmemmgr.obj
 0001:0004f838       _alloc_darray              00450838 f   lib:jmemmgr.obj
 0001:0004f8e3       _request_virt_sarray       004508e3 f   lib:jmemmgr.obj
 0001:0004f944       _request_virt_barray       00450944 f   lib:jmemmgr.obj
 0001:0004f9a5       _realize_virt_arrays       004509a5 f   lib:jmemmgr.obj
 0001:0004fb28       _access_virt_sarray        00450b28 f   lib:jmemmgr.obj
 0001:0004fc48       _do_sarray_io              00450c48 f   lib:jmemmgr.obj
 0001:0004fcd8       _access_virt_barray        00450cd8 f   lib:jmemmgr.obj
 0001:0004fdfd       _do_barray_io              00450dfd f   lib:jmemmgr.obj
 0001:0004fe8e       _free_pool                 00450e8e f   lib:jmemmgr.obj
 0001:0004ff75       _self_destruct             00450f75 f   lib:jmemmgr.obj
 0001:0004efc7       _start_input_pass          0044ffc7 f   lib:jdinput.obj
 0001:0004eff5       _per_scan_setup            0044fff5 f   lib:jdinput.obj
 0001:0004f17b       _finish_input_pass         0045017b f   lib:jdinput.obj
 0001:0004f18c       _consume_markers           0045018c f   lib:jdinput.obj
 0001:0004f228       _initial_setup             00450228 f   lib:jdinput.obj
 0001:0004f432       _reset_input_controller    00450432 f   lib:jdinput.obj
 0001:0004ed80       _fixedtables               0044fd80 f   lib:inflate.obj
 0001:0004ee6a       _updatewindow              0044fe6a f   lib:inflate.obj
 0001:0004d7b2       _make_crc_table            0044e7b2 f   lib:crc32.obj
 0001:0004d8ff       _crc32_little              0044e8ff f   lib:crc32.obj
 0001:0004d6ee       _init_destination          0044e6ee f   lib:jdatadst.obj
 0001:0004d714       _empty_output_buffer       0044e714 f   lib:jdatadst.obj
 0001:0004d756       _term_destination          0044e756 f   lib:jdatadst.obj
 0001:0004d275       _std_huff_tables           0044e275 f   lib:jcparam.obj
 0001:0004d2cf       _add_huff_table            0044e2cf f   lib:jcparam.obj
 0001:0004b7cd       _next_marker               0044c7cd f   lib:jdmarker.obj
 0001:0004b907       _get_interesting_appn      0044c907 f   lib:jdmarker.obj
 0001:0004ba32       _examine_app0              0044ca32 f   lib:jdmarker.obj
 0001:0004bc40       _examine_app14             0044cc40 f   lib:jdmarker.obj
 0001:0004bd01       _skip_variable             0044cd01 f   lib:jdmarker.obj
 0001:0004bda4       _read_markers              0044cda4 f   lib:jdmarker.obj
 0001:0004bfac       _get_soi                   0044cfac f   lib:jdmarker.obj
 0001:0004c057       _get_sof                   0044d057 f   lib:jdmarker.obj
 0001:0004c360       _get_sos                   0044d360 f   lib:jdmarker.obj
 0001:0004c64e       _get_dht                   0044d64e f   lib:jdmarker.obj
 0001:0004c8ef       _get_dqt                   0044d8ef f   lib:jdmarker.obj
 0001:0004cb4b       _get_dri                   0044db4b f   lib:jdmarker.obj
 0001:0004cc2a       _first_marker              0044dc2a f   lib:jdmarker.obj
 0001:0004ccc6       _read_restart_marker       0044dcc6 f   lib:jdmarker.obj
 0001:0004cd44       _reset_marker_reader       0044dd44 f   lib:jdmarker.obj
 0001:0004b5b1       _output_pass_setup         0044c5b1 f   lib:jdapistd.obj
 0001:0004b2a4       _default_decompress_parms  0044c2a4 f   lib:jdapimin.obj

 128 bytes saved through ICF

