 quake2

 Timestamp is 3f33b477 (Fri Aug 08 18:32:23 2003)

 Preferred load address is 00400000

 Start         Length     Name                   Class
 0001:00000000 0006c390H .text                   CODE
 0002:00000000 00000330H .idata$5                DATA
 0002:00000330 00001964H .rdata                  DATA
 0002:00001c94 00000078H .idata$2                DATA
 0002:00001d0c 00000014H .idata$3                DATA
 0002:00001d20 00000330H .idata$4                DATA
 0002:00002050 00000a56H .idata$6                DATA
 0002:00002aa6 00000000H .edata                  DATA
 0003:00000000 00000004H .CRT$XCA                DATA
 0003:00000004 00000004H .CRT$XCZ                DATA
 0003:00000008 00000004H .CRT$XIA                DATA
 0003:0000000c 00000004H .CRT$XIZ                DATA
 0003:00000010 00015084H .data                   DATA
 0003:00015098 00a7b8e4H .bss                    DATA
 0004:00000000 00000130H .rsrc$01                DATA
 0004:00000130 00003f20H .rsrc$02                DATA

  Address         Publics by Value              Rva+Base     Lib:Object

 0001:00000000       _CDAudio_Play2             00401000 f   cd_win.obj
 0001:000001e5       _CDAudio_Play              004011e5 f   cd_win.obj
 0001:000001fc       _CDAudio_Stop              004011fc f   cd_win.obj
 0001:00000241       _CDAudio_Pause             00401241 f   cd_win.obj
 0001:0000029a       _CDAudio_Resume            0040129a f   cd_win.obj
 0001:0000030c       _CDAudio_MessageHandler    0040130c f   cd_win.obj
 0001:000003a3       _CDAudio_Update            004013a3 f   cd_win.obj
 0001:000003da       _CDAudio_Init              004013da f   cd_win.obj
 0001:000007d1       _CDAudio_Shutdown          004017d1 f   cd_win.obj
 0001:00000804       _CDAudio_Activate          00401804 f   cd_win.obj
 0001:00000815       _SCR_StopCinematic         00401815 f   cl_cin.obj
 0001:000008b1       _SCR_FinishCinematic       004018b1 f   cl_cin.obj
 0001:000008f3       _SCR_RunCinematic          004018f3 f   cl_cin.obj
 0001:00000d0f       _SCR_DrawCinematic         00401d0f f   cl_cin.obj
 0001:00000db3       _SCR_PlayCinematic         00401db3 f   cl_cin.obj
 0001:000010fd       _CL_ParseEntityBits        004020fd f   cl_ents.obj
 0001:0000115f       _CL_ParseDelta             0040215f f   cl_ents.obj
 0001:000014d9       _CL_DeltaEntity            004024d9 f   cl_ents.obj
 0001:00001646       _CL_ParsePacketEntities    00402646 f   cl_ents.obj
 0001:00001872       _CL_ParsePlayerstate       00402872 f   cl_ents.obj
 0001:00001b80       _CL_FireEntityEvents       00402b80 f   cl_ents.obj
 0001:00001bd2       _CL_ParseFrame             00402bd2 f   cl_ents.obj
 0001:00001e96       _CL_AddEntityBox           00402e96 f   cl_ents.obj
 0001:00001f93       _CL_OffsetThirdPersonView  00402f93 f   cl_ents.obj
 0001:00002060       _CL_CalcViewValues         00403060 f   cl_ents.obj
 0001:00002322       _CL_AddEntities            00403322 f   cl_ents.obj
 0001:00003121       _CL_GetEntitySoundOrigin   00404121 f   cl_ents.obj
 0001:0000315d       _CL_ClearLightStyles       0040415d f   cl_fx.obj
 0001:000031e1       _CL_RunLightStyles         004041e1 f   cl_fx.obj
 0001:0000327b       _CL_SetLightstyle          0040427b f   cl_fx.obj
 0001:000032e5       _CL_AllocDlight            004042e5 f   cl_fx.obj
 0001:00003355       _CL_AddDLights             00404355 f   cl_fx.obj
 0001:000033b5       _CL_ClearParticles         004043b5 f   cl_fx.obj
 0001:00003407       _CL_AllocParticleTrace     00404407 f   cl_fx.obj
 0001:000034ac       _CL_AllocParticleBeam      004044ac f   cl_fx.obj
 0001:00003516       _CL_AllocParticle          00404516 f   cl_fx.obj
 0001:00003565       _CL_UpdateParticles        00404565 f   cl_fx.obj
 0001:00003b36       _CL_MetalSparks            00404b36 f   cl_fx.obj
 0001:00003c0c       _CL_ParseMuzzleFlash       00404c0c f   cl_fx.obj
 0001:00004427       _CL_ParseMuzzleFlash2      00405427 f   cl_fx.obj
 0001:00004af4       _CL_ParticleEffect         00405af4 f   cl_fx.obj
 0001:00004bc3       _CL_ParticleEffect2        00405bc3 f   cl_fx.obj
 0001:00004c8e       _CL_ParticleEffect3        00405c8e f   cl_fx.obj
 0001:00004d5e       _CL_TeleporterParticles    00405d5e f   cl_fx.obj
 0001:00004e15       _CL_LogoutEffect           00405e15 f   cl_fx.obj
 0001:00004f00       _CL_ItemRespawnParticles   00405f00 f   cl_fx.obj
 0001:00004faf       _CL_ExplosionParticles     00405faf f   cl_fx.obj
 0001:00005059       _CL_BigTeleportParticles   00406059 f   cl_fx.obj
 0001:000051b0       _CL_BlasterParticles       004061b0 f   cl_fx.obj
 0001:0000527c       _CL_BlasterTrail           0040627c f   cl_fx.obj
 0001:00005375       _CL_FlagTrail              00406375 f   cl_fx.obj
 0001:0000547b       _CL_DiminishingTrail       0040647b f   cl_fx.obj
 0001:000056e5       _CL_RocketTrail            004066e5 f   cl_fx.obj
 0001:00005814       _CL_RailTrail              00406814 f   cl_fx.obj
 0001:00005a44       _CL_RailTrailExt           00406a44 f   cl_fx.obj
 0001:00005b3f       _CL_IonripperTrail         00406b3f f   cl_fx.obj
 0001:00005c53       _CL_BubbleTrail            00406c53 f   cl_fx.obj
 0001:00005d77       _CL_FlyParticles           00406d77 f   cl_fx.obj
 0001:00005f15       _CL_FlyEffect              00406f15 f   cl_fx.obj
 0001:00005f98       _CL_BfgParticles           00406f98 f   cl_fx.obj
 0001:00006170       _CL_TrapParticles          00407170 f   cl_fx.obj
 0001:00006412       _CL_BFGExplosionParticles  00407412 f   cl_fx.obj
 0001:000064bc       _CL_TeleportParticles      004074bc f   cl_fx.obj
 0001:000065f5       _CL_EntityEvent            004075f5 f   cl_fx.obj
 0001:000067d3       _CL_ClearEffects           004077d3 f   cl_fx.obj
 0001:000067f1       _IN_CenterView             004077f1 f   cl_input.obj
 0001:00006812       _CL_InitInput              00407812 f   cl_input.obj
 0001:00006cf2       _CL_SendCmd                00407cf2 f   cl_input.obj
 0001:000073f9       _CL_ParseInventory         004083f9 f   cl_inv.obj
 0001:00007419       _CL_DrawInventory          00408419 f   cl_inv.obj
 0001:00007690       _CL_WriteDemoMessage       00408690 f   cl_main.obj
 0001:000076d2       _CL_Stop_f                 004086d2 f   cl_main.obj
 0001:0000772d       _CL_Record_f               0040872d f   cl_main.obj
 0001:000079d0       _Cmd_ForwardToServer       004089d0 f   cl_main.obj
 0001:00007a3c       _CL_Setenv_f               00408a3c f   cl_main.obj
 0001:00007b00       _CL_ForwardToServer_f      00408b00 f   cl_main.obj
 0001:00007b4e       _CL_Pause_f                00408b4e f   cl_main.obj
 0001:00007b90       _CL_Quit_f                 00408b90 f   cl_main.obj
 0001:00007b9a       _CL_Drop                   00408b9a f   cl_main.obj
 0001:00007bbc       _CL_SendConnectPacket      00408bbc f   cl_main.obj
 0001:00007c93       _CL_CheckForResend         00408c93 f   cl_main.obj
 0001:00007d97       _CL_Connect_f              00408d97 f   cl_main.obj
 0001:00007e16       _CL_Rcon_f                 00408e16 f   cl_main.obj
 0001:00007f21       _CL_ClearState             00408f21 f   cl_main.obj
 0001:00007f60       _CL_Disconnect             00408f60 f   cl_main.obj
 0001:00008099       _CL_Disconnect_f           00409099 f   cl_main.obj
 0001:000080a8       _CL_Changing_f             004090a8 f   cl_main.obj
 0001:000080cc       _CL_Reconnect_f            004090cc f   cl_main.obj
 0001:00008168       _CL_PingServers_f          00409168 f   cl_main.obj
 0001:000082d0       _CL_Skins_f                004092d0 f   cl_main.obj
 0001:0000830c       _CL_ConnectionlessPacket   0040930c f   cl_main.obj
 0001:0000866a       _CL_ReadPackets            0040966a f   cl_main.obj
 0001:00008755       _CL_FixUpGender            00409755 f   cl_main.obj
 0001:00008806       _CL_Userinfo_f             00409806 f   cl_main.obj
 0001:0000881e       _CL_Snd_Restart_f          0040981e f   cl_main.obj
 0001:0000882d       _CL_RequestNextDownload    0040982d f   cl_main.obj
 0001:00008e70       _CL_Precache_f             00409e70 f   cl_main.obj
 0001:00008f36       _CL_WriteConfiguration     00409f36 f   cl_main.obj
 0001:00008fda       _CL_WriteConfig_f          00409fda f   cl_main.obj
 0001:00009039       _CL_InitLocal              0040a039 f   cl_main.obj
 0001:00009259       _CL_FixCvarCheats          0040a259 f   cl_main.obj
 0001:000092aa       _CL_Frame                  0040a2aa f   cl_main.obj
 0001:000094ed       _CL_Init                   0040a4ed f   cl_main.obj
 0001:0000953a       _CL_Shutdown               0040a53a f   cl_main.obj
 0001:00009580       _vectoangles2              0040a580 f   cl_newfx.obj
 0001:00009682       _CL_Flashlight             0040a682 f   cl_newfx.obj
 0001:000096bc       _CL_ColorFlash             0040a6bc f   cl_newfx.obj
 0001:000096f8       _CL_DebugTrail             0040a6f8 f   cl_newfx.obj
 0001:000097ef       _CL_ForceWall              0040a7ef f   cl_newfx.obj
 0001:00009929       _CL_BubbleTrail2           0040a929 f   cl_newfx.obj
 0001:00009a59       _CL_Heatbeam               0040aa59 f   cl_newfx.obj
 0001:00009ccb       _CL_ParticleSteamEffect    0040accb f   cl_newfx.obj
 0001:00009dd7       _CL_ParticleSteamEffect2   0040add7 f   cl_newfx.obj
 0001:00009ef6       _CL_TrackerTrail           0040aef6 f   cl_newfx.obj
 0001:0000a03b       _CL_Tracker_Shell          0040b03b f   cl_newfx.obj
 0001:0000a0b2       _CL_MonsterPlasma_Shell    0040b0b2 f   cl_newfx.obj
 0001:0000a126       _CL_Widowbeamout           0040b126 f   cl_newfx.obj
 0001:0000a1cd       _CL_Nukeblast              0040b1cd f   cl_newfx.obj
 0001:0000a274       _CL_WidowSplash            0040b274 f   cl_newfx.obj
 0001:0000a32f       _CL_TagTrail               0040b32f f   cl_newfx.obj
 0001:0000a435       _CL_ColorExplosionParticles 0040b435 f   cl_newfx.obj
 0001:0000a4e2       _CL_ParticleSmokeEffect    0040b4e2 f   cl_newfx.obj
 0001:0000a5ec       _CL_BlasterParticles2      0040b5ec f   cl_newfx.obj
 0001:0000a6b9       _CL_BlasterTrail2          0040b6b9 f   cl_newfx.obj
 0001:0000a7b2       _CL_DownloadFileName       0040b7b2 f   cl_parse.obj
 0001:0000a7f1       _CL_CheckOrDownloadFile    0040b7f1 f   cl_parse.obj
 0001:0000aa2c       _CL_Download_f             0040ba2c f   cl_parse.obj
 0001:0000aaf7       _CL_RegisterSounds         0040baf7 f   cl_parse.obj
 0001:0000ab36       _CL_ParseDownload          0040bb36 f   cl_parse.obj
 0001:0000aca3       _CL_ParseServerData        0040bca3 f   cl_parse.obj
 0001:0000ada9       _CL_ParseBaseline          0040bda9 f   cl_parse.obj
 0001:0000adf1       _CL_LoadClientinfo         0040bdf1 f   cl_parse.obj
 0001:0000b0e0       _CL_ParseClientinfo        0040c0e0 f   cl_parse.obj
 0001:0000b104       _CL_ParseConfigString      0040c104 f   cl_parse.obj
 0001:0000b2a6       _CL_ParseStartSoundPacket  0040c2a6 f   cl_parse.obj
 0001:0000b3a8       _CL_ParseServerMessage     0040c3a8 f   cl_parse.obj
 0001:0000b6a2       _CL_CheckPredictionError   0040c6a2 f   cl_pred.obj
 0001:0000b7e0       _CL_ClipMoveToEntities     0040c7e0 f   cl_pred.obj
 0001:0000bac6       _CL_PMTrace                0040cac6 f   cl_pred.obj
 0001:0000bb2b       _CL_PMpointcontents        0040cb2b f   cl_pred.obj
 0001:0000bc5e       _CL_PredictMovement        0040cc5e f   cl_pred.obj
 0001:0000be96       _CL_AddNetgraph            0040ce96 f   cl_scrn.obj
 0001:0000bf70       _SCR_DebugGraph            0040cf70 f   cl_scrn.obj
 0001:0000bf98       _SCR_DrawDebugGraph        0040cf98 f   cl_scrn.obj
 0001:0000c092       _SCR_CenterPrint           0040d092 f   cl_scrn.obj
 0001:0000c1a3       _SCR_DrawCenterString      0040d1a3 f   cl_scrn.obj
 0001:0000c2f8       _SCR_SizeUp_f              0040d2f8 f   cl_scrn.obj
 0001:0000c311       _SCR_SizeDown_f            0040d311 f   cl_scrn.obj
 0001:0000c332       _SCR_Sky_f                 0040d332 f   cl_scrn.obj
 0001:0000c3dd       _SCR_Init                  0040d3dd f   cl_scrn.obj
 0001:0000c442       _SCR_DrawPause             0040d442 f   cl_scrn.obj
 0001:0000c4ab       _SCR_RunConsole            0040d4ab f   cl_scrn.obj
 0001:0000c58d       _SCR_DrawConsole           0040d58d f   cl_scrn.obj
 0001:0000c625       _SCR_SetLevelshot          0040d625 f   cl_scrn.obj
 0001:0000c690       _SCR_DrawLoading           0040d690 f   cl_scrn.obj
 0001:0000c749       _SCR_BeginLoadingPlaque    0040d749 f   cl_scrn.obj
 0001:0000c7a9       _SCR_EndLoadingPlaque      0040d7a9 f   cl_scrn.obj
 0001:0000c7c7       _SCR_Loading_f             0040d7c7 f   cl_scrn.obj
 0001:0000c7cc       _SCR_TimeRefresh_f         0040d7cc f   cl_scrn.obj
 0001:0000c8a3       _SCR_AddDirtyPoint         0040d8a3 f   cl_scrn.obj
 0001:0000c8e0       _SCR_DirtyScreen           0040d8e0 f   cl_scrn.obj
 0001:0000c95b       _SCR_TileClear             0040d95b f   cl_scrn.obj
 0001:0000cb36       _DrawHUDString             0040db36 f   cl_scrn.obj
 0001:0000cbe8       _SCR_DrawField             0040dbe8 f   cl_scrn.obj
 0001:0000cd0c       _SCR_TouchPics             0040dd0c f   cl_scrn.obj
 0001:0000cd9f       _SCR_ExecuteLayoutString   0040dd9f f   cl_scrn.obj
 0001:0000d750       _SCR_UpdateScreen          0040e750 f   cl_scrn.obj
 0001:0000da70       _CL_RegisterTEntSounds     0040ea70 f   cl_tent.obj
 0001:0000dca8       _CL_RegisterTEntModels     0040eca8 f   cl_tent.obj
 0001:0000de2e       _CL_ClearTEnts             0040ee2e f   cl_tent.obj
 0001:0000de85       _CL_AllocExplosion         0040ee85 f   cl_tent.obj
 0001:0000df28       _CL_AddExplosions          0040ef28 f   cl_tent.obj
 0001:0000e0fe       _CL_SmokeAndFlash          0040f0fe f   cl_tent.obj
 0001:0000e146       _CL_ParseBeam              0040f146 f   cl_tent.obj
 0001:0000e235       _CL_ParseBeam2             0040f235 f   cl_tent.obj
 0001:0000e335       _CL_ParsePlayerBeam        0040f335 f   cl_tent.obj
 0001:0000e471       _CL_ParseLightning         0040f471 f   cl_tent.obj
 0001:0000e547       _CL_ParseLaser             0040f547 f   cl_tent.obj
 0001:0000e5ec       _CL_ParseSteam             0040f5ec f   cl_tent.obj
 0001:0000e6fd       _CL_ParseWidow             0040f6fd f   cl_tent.obj
 0001:0000e769       _CL_ParseNuke              0040f769 f   cl_tent.obj
 0001:0000e7d3       _CL_ParseTEnt              0040f7d3 f   cl_tent.obj
 0001:0000f613       _CL_AddBeams               00410613 f   cl_tent.obj
 0001:0000f968       _CL_AddPlayerBeams         00410968 f   cl_tent.obj
 0001:00010062       _CL_AddLasers              00411062 f   cl_tent.obj
 0001:00010087       _CL_ProcessSustain         00411087 f   cl_tent.obj
 0001:000100c8       _CL_AddTEnts               004110c8 f   cl_tent.obj
 0001:000100e1       _V_AddEntity               004110e1 f   cl_view.obj
 0001:00010110       _V_AddLight                00411110 f   cl_view.obj
 0001:0001015b       _V_TestParticles           0041115b f   cl_view.obj
 0001:00010219       _V_TestEntities            00411219 f   cl_view.obj
 0001:000102bb       _V_TestLights              004112bb f   cl_view.obj
 0001:0001038e       _CL_PrepRefresh            0041138e f   cl_view.obj
 0001:00010661       _CalcFov                   00411661 f   cl_view.obj
 0001:000106da       _V_Gun_Next_f              004116da f   cl_view.obj
 0001:000106f3       _V_Gun_Prev_f              004116f3 f   cl_view.obj
 0001:00010715       _V_Gun_Model_f             00411715 f   cl_view.obj
 0001:00010749       _SCR_DrawCrosshair         00411749 f   cl_view.obj
 0001:000107be       _V_RenderView              004117be f   cl_view.obj
 0001:00011602       _V_Init                    00412602 f   cl_view.obj
 0001:000117fc       _Cbuf_Init                 004127fc f   cmd.obj
 0001:00011814       _Cbuf_AddText              00412814 f   cmd.obj
 0001:0001187c       _Cbuf_InsertText           0041287c f   cmd.obj
 0001:000118d4       _Cbuf_CopyToDefer          004128d4 f   cmd.obj
 0001:00011900       _Cbuf_InsertFromDefer      00412900 f   cmd.obj
 0001:00011913       _Cbuf_Execute              00412913 f   cmd.obj
 0001:000119f9       _Cmd_Exec_f                004129f9 f   cmd.obj
 0001:00011a7e       _Cmd_Echo_f                00412a7e f   cmd.obj
 0001:00011ac0       _Cmd_Alias_f               00412ac0 f   cmd.obj
 0001:00011be7       _Cmd_Unalias_f             00412be7 f   cmd.obj
 0001:00011c73       _Cmd_WriteAliases          00412c73 f   cmd.obj
 0001:00011c9c       _Cmd_Argc                  00412c9c f   cmd.obj
 0001:00011ca2       _Cmd_Argv                  00412ca2 f   cmd.obj
 0001:00011cbc       _Cmd_Args                  00412cbc f   cmd.obj
 0001:00011cc2       _Cmd_TokenizeString        00412cc2 f   cmd.obj
 0001:00011f9c       _Cmd_AddCommand            00412f9c f   cmd.obj
 0001:00012004       _Cmd_RemoveCommand         00413004 f   cmd.obj
 0001:00012046       _Cmd_ExecuteString         00413046 f   cmd.obj
 0001:00012129       _Cmd_Init                  00413129 f   cmd.obj
 0001:00012242       _CMod_GetSurfMaterial      00413242 f   cmodel.obj
 0001:0001229f       _CM_LoadMap                0041329f f   cmodel.obj
 0001:00012a6e       _CM_InlineModel            00413a6e f   cmodel.obj
 0001:00012abd       _CM_NumClusters            00413abd f   cmodel.obj
 0001:00012ac3       _CM_NumInlineModels        00413ac3 f   cmodel.obj
 0001:00012ac9       _CM_EntityString           00413ac9 f   cmodel.obj
 0001:00012acf       _CM_LeafContents           00413acf f   cmodel.obj
 0001:00012af9       _CM_LeafCluster            00413af9 f   cmodel.obj
 0001:00012b24       _CM_LeafArea               00413b24 f   cmodel.obj
 0001:00012b4f       _CM_InitBoxHull            00413b4f f   cmodel.obj
 0001:00012d2e       _CM_HeadnodeForBox         00413d2e f   cmodel.obj
 0001:00012de3       _CM_PointLeafnum           00413de3 f   cmodel.obj
 0001:00012e66       _CM_BoxLeafnums            00413e66 f   cmodel.obj
 0001:00012f80       _CM_PointContents          00413f80 f   cmodel.obj
 0001:00012fa5       _CM_TransformedPointContents 00413fa5 f   cmodel.obj
 0001:0001308a       _CM_TransformedPointContents2 0041408a f   cmodel.obj
 0001:00013125       _CM_BoxTrace               00414125 f   cmodel.obj
 0001:00013ae1       _CM_TransformedBoxTrace    00414ae1 f   cmodel.obj
 0001:00013d37       _CM_TransformedBoxTrace2   00414d37 f   cmodel.obj
 0001:00013ecf       _CM_BrushTrace             00414ecf f   cmodel.obj
 0001:00014289       _CM_RefineBrushTrace       00415289 f   cmodel.obj
 0001:000142d9       _CM_DecompressVis          004152d9 f   cmodel.obj
 0001:00014362       _CM_ClusterPVS             00415362 f   cmodel.obj
 0001:000143af       _CM_ClusterPHS             004153af f   cmodel.obj
 0001:000143fc       _FloodAreaConnections      004153fc f   cmodel.obj
 0001:000144b7       _CM_SetAreaPortalState     004154b7 f   cmodel.obj
 0001:000144e4       _CM_AreasConnected         004154e4 f   cmodel.obj
 0001:00014532       _CM_WriteAreaBits          00415532 f   cmodel.obj
 0001:000145c2       _CM_WritePortalState       004155c2 f   cmodel.obj
 0001:000145dc       _CM_ReadPortalState        004155dc f   cmodel.obj
 0001:000145fa       _CM_HeadnodeVisible        004155fa f   cmodel.obj
 0001:00014662       _Com_BeginRedirect         00415662 f   common.obj
 0001:0001469f       _Com_EndRedirect           0041569f f   common.obj
 0001:000146ca       _Com_Printf                004156ca f   common.obj
 0001:00014829       _Com_DPrintf               00415829 f   common.obj
 0001:0001488d       _DebugPrintf               0041588d f   common.obj
 0001:00014935       _Com_WPrintf               00415935 f   common.obj
 0001:0001498e       _Com_Error                 0041598e f   common.obj
 0001:00014a89       _Com_Quit                  00415a89 f   common.obj
 0001:00014ab9       _MatchWildcard             00415ab9 f   common.obj
 0001:00014c10       _MatchWildcard2            00415c10 f   common.obj
 0001:00014c5c       _IPWildcard                00415c5c f   common.obj
 0001:00014d37       _Com_ServerState           00415d37 f   common.obj
 0001:00014d3d       _Com_SetServerState        00415d3d f   common.obj
 0001:00014d47       _MSG_WriteByte             00415d47 f   common.obj
 0001:00014d47       _MSG_WriteChar             00415d47 f   common.obj
 0001:00014d5b       _MSG_WriteShort            00415d5b f   common.obj
 0001:00014d75       _MSG_WriteLong             00415d75 f   common.obj
 0001:00014d9f       _MSG_WriteFloat            00415d9f f   common.obj
 0001:00014dc5       _MSG_WriteString           00415dc5 f   common.obj
 0001:00014dfd       _MSG_WriteCoord            00415dfd f   common.obj
 0001:00014e2c       _MSG_WritePos              00415e2c f   common.obj
 0001:00014eae       _MSG_WriteAngle            00415eae f   common.obj
 0001:00014ed7       _MSG_WriteAngle16          00415ed7 f   common.obj
 0001:00014f12       _MSG_WriteDeltaUsercmd     00415f12 f   common.obj
 0001:0001509a       _MSG_WriteDir              0041609a f   common.obj
 0001:00015107       _MSG_ReadDir               00416107 f   common.obj
 0001:00015145       _MSG_WriteDeltaEntity      00416145 f   common.obj
 0001:0001564f       _MSG_BeginReading          0041664f f   common.obj
 0001:00015658       _MSG_ReadChar              00416658 f   common.obj
 0001:00015679       _MSG_ReadByte              00416679 f   common.obj
 0001:0001569a       _MSG_ReadShort             0041669a f   common.obj
 0001:000156ca       _MSG_ReadLong              004166ca f   common.obj
 0001:00015709       _MSG_ReadString            00416709 f   common.obj
 0001:0001573c       _MSG_ReadCoord             0041673c f   common.obj
 0001:00015756       _MSG_ReadPos               00416756 f   common.obj
 0001:000157a8       _MSG_ReadAngle             004167a8 f   common.obj
 0001:000157c2       _MSG_ReadAngle16           004167c2 f   common.obj
 0001:000157dc       _MSG_ReadDeltaUsercmd      004167dc f   common.obj
 0001:00015893       _MSG_ReadData              00416893 f   common.obj
 0001:000158b6       _SZ_Init                   004168b6 f   common.obj
 0001:000158d8       _SZ_Clear                  004168d8 f   common.obj
 0001:000158e5       _SZ_GetSpace               004168e5 f   common.obj
 0001:0001594b       _SZ_Write                  0041694b f   common.obj
 0001:0001596c       _SZ_Print                  0041696c f   common.obj
 0001:000159b5       _Info_Print                004169b5 f   common.obj
 0001:00015a72       _COM_BlockSequenceCRCByte  00416a72 f   common.obj
 0001:00015afe       _frand                     00416afe f   common.obj
 0001:00015b1b       _crand                     00416b1b f   common.obj
 0001:00015b3e       _COM_CheckCmdlineVar       00416b3e f   common.obj
 0001:00015b94       _QCommon_Init              00416b94 f   common.obj
 0001:00015eea       _QCommon_Frame             00416eea f   common.obj
 0001:00016217       _DeinitConProc             00417217 f   conproc.obj
 0001:00016228       _DrawStringCommon          00417228 f   console.obj
 0001:00016285       _DrawString                00417285 f   console.obj
 0001:000162a7       _DrawAltString             004172a7 f   console.obj
 0001:000162cc       _Con_ToggleConsole_f       004172cc f   console.obj
 0001:0001633b       _Con_ClearNotify           0041733b f   console.obj
 0001:00016349       _Con_CheckResize           00417349 f   console.obj
 0001:00016469       _Con_Init                  00417469 f   console.obj
 0001:0001670b       _Con_Print                 0041770b f   console.obj
 0001:000169db       _Con_DrawNotify            004179db f   console.obj
 0001:00016c35       _Con_DrawConsole           00417c35 f   console.obj
 0001:00017171       _CRC_Block                 00418171 f   crc.obj
 0001:000171ad       _Cvar_VariableValue        004181ad f   cvar.obj
 0001:0001721b       _Cvar_VariableInt          0041821b f   cvar.obj
 0001:0001722e       _Cvar_VariableString       0041822e f   cvar.obj
 0001:00017246       _Cvar_Get                  00418246 f   cvar.obj
 0001:000174da       _Cvar_GetVars              004184da f   cvar.obj
 0001:0001752e       _Cvar_FullSet              0041852e f   cvar.obj
 0001:0001758b       _Cvar_SetValue             0041858b f   cvar.obj
 0001:000177ec       _Cvar_SetInteger           004187ec f   cvar.obj
 0001:0001780e       _Cvar_Set                  0041880e f   cvar.obj
 0001:00017823       _Cvar_ForceSet             00418823 f   cvar.obj
 0001:00017838       _Cvar_Clamp                00418838 f   cvar.obj
 0001:000178c2       _Cvar_ClampName            004188c2 f   cvar.obj
 0001:00017913       _Cvar_GetLatchedVars       00418913 f   cvar.obj
 0001:00017942       _Cvar_Command              00418942 f   cvar.obj
 0001:000179ee       _Cvar_WriteVariables       004189ee f   cvar.obj
 0001:00017a68       _Cvar_BitInfo              00418a68 f   cvar.obj
 0001:00017aa1       _Cvar_Userinfo             00418aa1 f   cvar.obj
 0001:00017aaa       _Cvar_Serverinfo           00418aaa f   cvar.obj
 0001:00017ab3       _Cvar_Cheats               00418ab3 f   cvar.obj
 0001:00017b09       _Cvar_Init                 00418b09 f   cvar.obj
 0001:00018154       _FS_CreatePath             00419154 f   files.obj
 0001:0001819e       _FS_CopyFile               0041919e f   files.obj
 0001:000182a1       _FS_CopyFiles              004192a1 f   files.obj
 0001:00018374       _FS_RemoveFiles            00419374 f   files.obj
 0001:000183e8       _Developer_searchpath      004193e8 f   files.obj
 0001:0001842d       _FS_FCloseFile             0041942d f   files.obj
 0001:000184c3       _FS_FOpenFile              004194c3 f   files.obj
 0001:000189eb       _FS_FileExists             004199eb f   files.obj
 0001:00018c25       _FS_Read                   00419c25 f   files.obj
 0001:00018e6d       _FS_LoadFile               00419e6d f   files.obj
 0001:00018ecf       _FS_FreeFile               00419ecf f   files.obj
 0001:00018eda       _FS_Gamedir                00419eda f   files.obj
 0001:00018eee       _FS_LoadGameConfig         00419eee f   files.obj
 0001:00018fb3       _FS_SetGamedir             00419fb3 f   files.obj
 0001:00019654       _FS_ListFiles              0041a654 f   files.obj
 0001:0001995f       _FS_NextPath               0041a95f f   files.obj
 0001:00019983       _FS_InitFilesystem         0041a983 f   files.obj
 0001:0001a347       _LoadPCX                   0041b347 f   images.obj
 0001:0001a47e       _LoadTGA                   0041b47e f   images.obj
 0001:0001a671       _LoadJPG                   0041b671 f   images.obj
 0001:0001a904       _ImageExists               0041b904 f   images.obj
 0001:0001a9fe       _WriteTGA                  0041b9fe f   images.obj
 0001:0001abef       _WriteJPG                  0041bbef f   images.obj
 0001:0001ad17       _IN_MLookDown              0041bd17 f   in_win.obj
 0001:0001ad22       _IN_MLookUp                0041bd22 f   in_win.obj
 0001:0001ad45       _IN_StartupMouse           0041bd45 f   in_win.obj
 0001:0001ad9f       _IN_MouseEvent             0041bd9f f   in_win.obj
 0001:0001ae1c       _IN_Init                   0041be1c f   in_win.obj
 0001:0001ae62       _IN_Shutdown               0041be62 f   in_win.obj
 0001:0001af4f       _IN_Activate               0041bf4f f   in_win.obj
 0001:0001af66       _IN_Frame                  0041bf66 f   in_win.obj
 0001:0001b367       _IN_Move                   0041c367 f   in_win.obj
 0001:0001b532       _IN_StartupJoystick        0041c532 f   in_win.obj
 0001:0001b653       _Joy_AdvancedUpdate_f      0041c653 f   in_win.obj
 0001:0001b7ea       _IN_Commands               0041c7ea f   in_win.obj
 0001:0001b919       _IN_ReadJoystick           0041c919 f   in_win.obj
 0001:0001b954       _IN_JoyMove                0041c954 f   in_win.obj
 0001:0001bca4       _Key_StringToKeynum        0041cca4 f   keys.obj
 0001:0001bcee       _Key_KeynumToString        0041ccee f   keys.obj
 0001:0001bd41       _Key_Console               0041cd41 f   keys.obj
 0001:0001ca86       _Key_Message               0041da86 f   keys.obj
 0001:0001cb17       _Key_SetBinding            0041db17 f   keys.obj
 0001:0001cb71       _Key_Bindlist_f            0041db71 f   keys.obj
 0001:0001cc0d       _Key_WriteBindings         0041dc0d f   keys.obj
 0001:0001cc4b       _Key_Init                  0041dc4b f   keys.obj
 0001:0001cf21       _Key_Event                 0041df21 f   keys.obj
 0001:0001d218       _Key_ClearStates           0041e218 f   keys.obj
 0001:0001d25d       _Key_ClearTyping           0041e25d f   keys.obj
 0001:0001d276       _MD4Init                   0041e276 f   md4.obj
 0001:0001d29e       _MD4Update                 0041e29e f   md4.obj
 0001:0001d33c       _MD4Final                  0041e33c f   md4.obj
 0001:0001da2d       _Com_BlockChecksum         0041ea2d f   md4.obj
 0001:0001da69       _Z_Free                    0041ea69 f   memory.obj
 0001:0001dabf       _Z_FreeTags                0041eabf f   memory.obj
 0001:0001daef       _Z_TagMalloc               0041eaef f   memory.obj
 0001:0001db60       _Z_Malloc                  0041eb60 f   memory.obj
 0001:0001db82       _Z_BlockMalloc             0041eb82 f   memory.obj
 0001:0001db9d       _CreateMemoryChain         0041eb9d f   memory.obj
 0001:0001dc05       _FreeMemoryChain           0041ec05 f   memory.obj
 0001:0001dc2f       _AllocChainBlock           0041ec2f f   memory.obj
 0001:0001dc7a       _CopyString                0041ec7a f   memory.obj
 0001:0001dc9e       _ChainCopyString           0041ec9e f   memory.obj
 0001:0001dcc6       _AllocNamedStruc           0041ecc6 f   memory.obj
 0001:0001dd01       _ChainAllocNamedStruc      0041ed01 f   memory.obj
 0001:0001dd40       _FindNamedStruc            0041ed40 f   memory.obj
 0001:0001dd84       _FindNamedStrucByIndex     0041ed84 f   memory.obj
 0001:0001dd9b       _IndexOfNamedStruc         0041ed9b f   memory.obj
 0001:0001ddc9       _AddToNamedList            0041edc9 f   memory.obj
 0001:0001de13       _ChainAddToNamedList       0041ee13 f   memory.obj
 0001:0001de5d       _FreeNamedList             0041ee5d f   memory.obj
 0001:0001de78       _Z_Init                    0041ee78 f   memory.obj
 0001:0001deb3       _M_PushMenu                0041eeb3 f   menu.obj
 0001:0001df70       _M_ForceMenuOff            0041ef70 f   menu.obj
 0001:0001df9d       _M_PopMenu                 0041ef9d f   menu.obj
 0001:0001dff1       _Default_MenuKey           0041eff1 f   menu.obj
 0001:0001e11b       _M_Print                   0041f11b f   menu.obj
 0001:0001e166       _M_DrawTextBox             0041f166 f   menu.obj
 0001:0001e352       _M_Main_Draw               0041f352 f   menu.obj
 0001:0001e4d9       _M_Main_Key                0041f4d9 f   menu.obj
 0001:0001e5bd       _M_Menu_Main_f             0041f5bd f   menu.obj
 0001:0001e5d9       _M_Menu_Multiplayer_f      0041f5d9 f   menu.obj
 0001:0001e75e       _M_Menu_Keys_f             0041f75e f   menu.obj
 0001:0001ec3b       _M_Menu_Options_f          0041fc3b f   menu.obj
 0001:0001f5aa       _M_Menu_Video_f            004205aa f   menu.obj
 0001:0001f5cb       _M_Menu_Credits_f          004205cb f   menu.obj
 0001:0001f79b       _M_Menu_Game_f             0042079b f   menu.obj
 0001:0001fa2e       _M_Menu_LoadGame_f         00420a2e f   menu.obj
 0001:0001fd01       _M_Menu_SaveGame_f         00420d01 f   menu.obj
 0001:0001fe61       _M_AddToServerList         00420e61 f   menu.obj
 0001:0001fedf       _M_Menu_JoinServer_f       00420edf f   menu.obj
 0001:00020143       _M_Menu_StartServer_f      00421143 f   menu.obj
 0001:0002096e       _M_Menu_DMOptions_f        0042196e f   menu.obj
 0001:000210ee       _M_Menu_DownloadOptions_f  004220ee f   menu.obj
 0001:00021370       _M_Menu_AddressBook_f      00422370 f   menu.obj
 0001:0002272b       _M_Init                    0042372b f   menu.obj
 0001:0002284f       _M_Draw                    0042384f f   menu.obj
 0001:000228e9       _M_Keydown                 004238e9 f   menu.obj
 0001:00022905       _LoadQ2BspFile             00423905 f   model.obj
 0001:00022ece       _LoadBspFile               00423ece f   model.obj
 0001:00022fee       _ProcessEntstring          00423fee f   model.obj
 0001:00023e41       _Netchan_Init              00424e41 f   net_chan.obj
 0001:00023ea1       _Netchan_OutOfBand         00424ea1 f   net_chan.obj
 0001:00023f01       _Netchan_OutOfBandPrint    00424f01 f   net_chan.obj
 0001:00023f41       _Netchan_Setup             00424f41 f   net_chan.obj
 0001:00023f9c       _Netchan_NeedReliable      00424f9c f   net_chan.obj
 0001:00023fc8       _Netchan_Transmit          00424fc8 f   net_chan.obj
 0001:0002416c       _Netchan_Process           0042516c f   net_chan.obj
 0001:00024293       _NetadrToSockadr           00425293 f   net_wins.obj
 0001:00024335       _SockadrToNetadr           00425335 f   net_wins.obj
 0001:00024398       _NET_CompareAdr            00425398 f   net_wins.obj
 0001:000243fe       _NET_CompareBaseAdr        004253fe f   net_wins.obj
 0001:00024457       _NET_AdrToString           00425457 f   net_wins.obj
 0001:00024510       _NET_StringToSockaddr      00425510 f   net_wins.obj
 0001:00024749       _NET_StringToAdr           00425749 f   net_wins.obj
 0001:000247a2       _NET_IsLocalAddress        004257a2 f   net_wins.obj
 0001:000247ae       _NET_GetLoopPacket         004257ae f   net_wins.obj
 0001:00024835       _NET_SendLoopPacket        00425835 f   net_wins.obj
 0001:00024881       _NET_GetPacket             00425881 f   net_wins.obj
 0001:0002499f       _NET_SendPacket            0042599f f   net_wins.obj
 0001:00024a79       _NET_IPSocket              00425a79 f   net_wins.obj
 0001:00024b8f       _NET_OpenIP                00425b8f f   net_wins.obj
 0001:00024c0b       _NET_OpenIPX               00425c0b f   net_wins.obj
 0001:00024d63       _NET_Config                00425d63 f   net_wins.obj
 0001:00024df6       _NET_Init                  00425df6 f   net_wins.obj
 0001:00024e60       _Pmove                     00425e60 f   pmove.obj
 0001:000269c0       _NormalizeColor            004279c0 f   q_shared2.obj
 0001:00026a2c       _NormalizeColor255         00427a2c f   q_shared2.obj
 0001:00026a9c       _Q_rsqrt                   00427a9c f   q_shared2.obj
 0001:00026acc       _RotatePointAroundVector   00427acc f   q_shared2.obj
 0001:00026c3c       _AngleVectors              00427c3c f   q_shared2.obj
 0001:00026d9d       _ProjectPointOnPlane       00427d9d f   q_shared2.obj
 0001:00026e1c       _PerpendicularVector       00427e1c f   q_shared2.obj
 0001:00026e9b       _MakeNormalVectors         00427e9b f   q_shared2.obj
 0001:00026f02       _MatrixMultiply            00427f02 f   q_shared2.obj
 0001:00026fe9       _R_ConcatTransforms        00427fe9 f   q_shared2.obj
 0001:00027123       _SetPlaneSignbits          00428123 f   q_shared2.obj
 0001:00027153       _LerpAngle                 00428153 f   q_shared2.obj
 0001:00027196       _anglemod                  00428196 f   q_shared2.obj
 0001:000271c2       _BoxOnPlaneSide            004281c2 f   q_shared2.obj
 0001:000272de       _ClearBounds               004282de f   q_shared2.obj
 0001:00027307       _AddPointToBounds          00428307 f   q_shared2.obj
 0001:00027340       _VectorCompare             00428340 f   q_shared2.obj
 0001:0002736e       _VectorNormalize           0042836e f   q_shared2.obj
 0001:000273c2       _VectorNormalize2          004283c2 f   q_shared2.obj
 0001:0002741a       _VectorNormalizeFast       0042841a f   q_shared2.obj
 0001:0002745d       _VectorMA                  0042845d f   q_shared2.obj
 0001:0002748c       _CrossProduct              0042848c f   q_shared2.obj
 0001:000274c7       _VectorLength              004284c7 f   q_shared2.obj
 0001:000274f6       _VectorDistance            004284f6 f   q_shared2.obj
 0001:00027527       _VectorInverse             00428527 f   q_shared2.obj
 0001:00027542       _VectorScale               00428542 f   q_shared2.obj
 0001:00027566       _AnglesToAxis              00428566 f   q_shared2.obj
 0001:0002759f       _COM_FilePath              0042859f f   q_shared2.obj
 0001:000275d5       _ShortSwap                 004285d5 f   q_shared2.obj
 0001:000275ea       _va                        004285ea f   q_shared2.obj
 0001:00027637       _COM_ParseExt              00428637 f   q_shared2.obj
 0001:00027732       _Com_PageInMemory          00428732 f   q_shared2.obj
 0001:00027751       _Q_stricmp                 00428751 f   q_shared2.obj
 0001:00027762       _Q_strncasecmp             00428762 f   q_shared2.obj
 0001:000277ba       _Q_strcasecmp              004287ba f   q_shared2.obj
 0001:000277d0       _Q_strncpyz                004287d0 f   q_shared2.obj
 0001:000277f4       _Q_strncpylower            004287f4 f   q_shared2.obj
 0001:0002782e       _Q_CopyFilename            0042882e f   q_shared2.obj
 0001:000278c8       _Com_sprintf               004288c8 f   q_shared2.obj
 0001:0002790e       _Info_ValueForKey          0042890e f   q_shared2.obj
 0001:00027999       _Info_RemoveKey            00428999 f   q_shared2.obj
 0001:00027a1f       _Info_SetValueForKey       00428a1f f   q_shared2.obj
 0001:00027b5d       _Field_Draw                00428b5d f   qmenu.obj
 0001:00027d71       _Field_Key                 00428d71 f   qmenu.obj
 0001:00027fda       _Menu_AddItem              00428fda f   qmenu.obj
 0001:0002800f       _Menu_AdjustCursor         0042900f f   qmenu.obj
 0001:0002814e       _Menu_Center               0042914e f   qmenu.obj
 0001:00028186       _Menu_DrawDotsItem         00429186 f   qmenu.obj
 0001:000281eb       _Menu_Draw                 004291eb f   qmenu.obj
 0001:0002849c       _Menu_ItemAtCursor         0042949c f   qmenu.obj
 0001:000284b4       _Menu_SelectItem           004294b4 f   qmenu.obj
 0001:000284f6       _Menu_SetStatusBar         004294f6 f   qmenu.obj
 0001:00028505       _Menu_SlideItem            00429505 f   qmenu.obj
 0001:00028555       _Menu_TallySlots           00429555 f   qmenu.obj
 0001:00028a05       _S_SoundInfo_f             00429a05 f   snd_dma.obj
 0001:00028a8f       _S_ReadModelsSex           00429a8f f   snd_dma.obj
 0001:00028b78       _S_IsFemale                00429b78 f   snd_dma.obj
 0001:00028c06       _S_Init                    00429c06 f   snd_dma.obj
 0001:00028cd9       _S_Shutdown                00429cd9 f   snd_dma.obj
 0001:00028d63       _S_FindName                00429d63 f   snd_dma.obj
 0001:00028e4f       _S_AliasName               00429e4f f   snd_dma.obj
 0001:00028edb       _S_BeginRegistration       00429edb f   snd_dma.obj
 0001:00028eec       _S_RegisterSound           00429eec f   snd_dma.obj
 0001:00028f52       _S_EndRegistration         00429f52 f   snd_dma.obj
 0001:00028fe5       _S_PickChannel             00429fe5 f   snd_dma.obj
 0001:0002907c       _S_SpatializeOrigin        0042a07c f   snd_dma.obj
 0001:000291a3       _S_Spatialize              0042a1a3 f   snd_dma.obj
 0001:00029211       _S_AllocPlaysound          0042a211 f   snd_dma.obj
 0001:00029230       _S_FreePlaysound           0042a230 f   snd_dma.obj
 0001:00029260       _S_IssuePlaysound          0042a260 f   snd_dma.obj
 0001:0002931e       _S_RegisterSexedSound      0042a31e f   snd_dma.obj
 0001:00029402       _S_StartSound              0042a402 f   snd_dma.obj
 0001:00029598       _S_StartLocalSound         0042a598 f   snd_dma.obj
 0001:000295e7       _S_ClearBuffer             0042a5e7 f   snd_dma.obj
 0001:0002963f       _S_StopAllSounds           0042a63f f   snd_dma.obj
 0001:000296ba       _S_AddLoopSounds           0042a6ba f   snd_dma.obj
 0001:0002988f       _S_RawSamples              0042a88f f   snd_dma.obj
 0001:00029a93       _S_Update                  0042aa93 f   snd_dma.obj
 0001:00029bba       _GetSoundtime              0042abba f   snd_dma.obj
 0001:00029c21       _S_Update_                 0042ac21 f   snd_dma.obj
 0001:00029cb7       _S_Play                    0042acb7 f   snd_dma.obj
 0001:00029d67       _S_SoundList               0042ad67 f   snd_dma.obj
 0001:00029e28       _ResampleSfx               0042ae28 f   snd_mem.obj
 0001:00029f2c       _S_LoadSound               0042af2c f   snd_mem.obj
 0001:0002a052       _FindNextChunk             0042b052 f   snd_mem.obj
 0001:0002a0dc       _GetWavinfo                0042b0dc f   snd_mem.obj
 0001:0002a2cc       _S_WriteLinearBlastStereo16 0042b2cc f   snd_mix.obj
 0001:0002a340       _S_TransferStereo16        0042b340 f   snd_mix.obj
 0001:0002a3a9       _S_TransferPaintBuffer     0042b3a9 f   snd_mix.obj
 0001:0002a505       _S_PaintChannels           0042b505 f   snd_mix.obj
 0001:0002a72a       _S_InitScaletable          0042b72a f   snd_mix.obj
 0001:0002a77d       _S_PaintChannelFrom8       0042b77d f   snd_mix.obj
 0001:0002a87f       _S_PaintChannelFrom16      0042b87f f   snd_mix.obj
 0001:0002a8ea       _FreeSound                 0042b8ea f   snd_win.obj
 0001:0002a9fa       _SNDDMA_InitDirect         0042b9fa f   snd_win.obj
 0001:0002aec9       _SNDDMA_Init               0042bec9 f   snd_win.obj
 0001:0002af45       _SNDDMA_GetDMAPos          0042bf45 f   snd_win.obj
 0001:0002af8f       _SNDDMA_BeginPainting      0042bf8f f   snd_win.obj
 0001:0002b091       _SNDDMA_Submit             0042c091 f   snd_win.obj
 0001:0002b0b6       _SNDDMA_Shutdown           0042c0b6 f   snd_win.obj
 0001:0002b0bb       _S_Activate                0042c0bb f   snd_win.obj
 0001:0002b0e6       _SV_SetMaster_f            0042c0e6 f   sv_ccmds.obj
 0001:0002b1f8       _SV_WipeSavegame           0042c1f8 f   sv_ccmds.obj
 0001:0002b226       _SV_CopySaveGame           0042c226 f   sv_ccmds.obj
 0001:0002b27b       _SV_WriteLevelFile         0042c27b f   sv_ccmds.obj
 0001:0002b329       _SV_ReadLevelFile          0042c329 f   sv_ccmds.obj
 0001:0002b3d7       _SV_WriteServerFile        0042c3d7 f   sv_ccmds.obj
 0001:0002b632       _SV_ReadServerFile         0042c632 f   sv_ccmds.obj
 0001:0002b74c       _SV_DemoMap_f              0042c74c f   sv_ccmds.obj
 0001:0002b7db       _SV_GameMap_f              0042c7db f   sv_ccmds.obj
 0001:0002b94b       _SV_Map_f                  0042c94b f   sv_ccmds.obj
 0001:0002b9b8       _SV_Loadgame_f             0042c9b8 f   sv_ccmds.obj
 0001:0002babd       _SV_Savegame_f             0042cabd f   sv_ccmds.obj
 0001:0002bbc2       _SV_AddressBanned          0042cbc2 f   sv_ccmds.obj
 0001:0002bc04       _SV_InitOperatorCommands   0042cc04 f   sv_ccmds.obj
 0001:0002c5a3       _SV_EmitPacketEntities     0042d5a3 f   sv_ents.obj
 0001:0002c711       _SV_WritePlayerstateToClient 0042d711 f   sv_ents.obj
 0001:0002cbcf       _SV_WriteFrameToClient     0042dbcf f   sv_ents.obj
 0001:0002cc8b       _SV_FatPVS                 0042dc8b f   sv_ents.obj
 0001:0002cdb8       _SV_BuildClientFrame       0042ddb8 f   sv_ents.obj
 0001:0002d083       _SV_RecordDemoMessage      0042e083 f   sv_ents.obj
 0001:0002d1a2       _SV_ShutdownGameProgs      0042e1a2 f   sv_game.obj
 0001:0002d1bb       _SV_InitGameProgs          0042e1bb f   sv_game.obj
 0001:0002da66       _SV_FindIndex              0042ea66 f   sv_init.obj
 0001:0002db2d       _SV_ModelIndex             0042eb2d f   sv_init.obj
 0001:0002db43       _SV_SoundIndex             0042eb43 f   sv_init.obj
 0001:0002db5c       _SV_ImageIndex             0042eb5c f   sv_init.obj
 0001:0002db75       _SV_CreateBaseline         0042eb75 f   sv_init.obj
 0001:0002dbd8       _SV_CheckForSavegame       0042ebd8 f   sv_init.obj
 0001:0002dc60       _SV_SpawnServer            0042ec60 f   sv_init.obj
 0001:0002def6       _SV_InitGame               0042eef6 f   sv_init.obj
 0001:0002e0e1       _SV_Map                    0042f0e1 f   sv_init.obj
 0001:0002e29f       _SV_DropClient             0042f29f f   sv_main.obj
 0001:0002e314       _SV_StatusString           0042f314 f   sv_main.obj
 0001:0002e3f3       _SVC_Info                  0042f3f3 f   sv_main.obj
 0001:0002e4c9       _SVC_GetChallenge          0042f4c9 f   sv_main.obj
 0001:0002e571       _SVC_DirectConnect         0042f571 f   sv_main.obj
 0001:0002e9df       _Rcon_Validate             0042f9df f   sv_main.obj
 0001:0002ea10       _SVC_RemoteCommand         0042fa10 f   sv_main.obj
 0001:0002eae2       _SV_ConnectionlessPacket   0042fae2 f   sv_main.obj
 0001:0002ec44       _SV_CalcPings              0042fc44 f   sv_main.obj
 0001:0002eccb       _SV_GiveMsec               0042fccb f   sv_main.obj
 0001:0002ed0a       _SV_ReadPackets            0042fd0a f   sv_main.obj
 0001:0002ee20       _SV_CheckTimeouts          0042fe20 f   sv_main.obj
 0001:0002eec6       _SV_PostprocessFrame       0042fec6 f   sv_main.obj
 0001:0002f2b2       _SV_MulticastHook          004302b2 f   sv_main.obj
 0001:0002f559       _SV_TraceHook              00430559 f   sv_main.obj
 0001:0002f68f       _SV_Frame                  0043068f f   sv_main.obj
 0001:0002f8cc       _SV_UserinfoChanged        004308cc f   sv_main.obj
 0001:0002f98f       _SV_Init                   0043098f f   sv_main.obj
 0001:0002f9f2       _SV_Shutdown               004309f2 f   sv_main.obj
 0001:0002fbc0       _SV_FlushRedirect          00430bc0 f   sv_send.obj
 0001:0002fc32       _SV_ClientPrintf           00430c32 f   sv_send.obj
 0001:0002fc88       _SV_BroadcastPrintf        00430c88 f   sv_send.obj
 0001:0002fd59       _SV_BroadcastCommand       00430d59 f   sv_send.obj
 0001:0002fdab       _SV_Multicast              00430dab f   sv_send.obj
 0001:0002ff9b       _SV_MulticastOld           00430f9b f   sv_send.obj
 0001:0002ffae       _SV_StartSound             00430fae f   sv_send.obj
 0001:00030208       _SV_StartSoundOld          00431208 f   sv_send.obj
 0001:00030238       _SV_StartSoundNew          00431238 f   sv_send.obj
 0001:00030268       _SV_SendClientDatagram     00431268 f   sv_send.obj
 0001:0003033f       _SV_DemoCompleted          0043133f f   sv_send.obj
 0001:0003035b       _SV_RateDrop               0043135b f   sv_send.obj
 0001:000303a6       _SV_SendClientMessages     004313a6 f   sv_send.obj
 0001:000304f9       _SV_BeginDemoserver        004314f9 f   sv_user.obj
 0001:00030549       _SV_New_f                  00431549 f   sv_user.obj
 0001:000306be       _SV_Configstrings_f        004316be f   sv_user.obj
 0001:00030818       _SV_Baselines_f            00431818 f   sv_user.obj
 0001:0003098c       _SV_Begin_f                0043198c f   sv_user.obj
 0001:000309e9       _SV_NextDownload_f         004319e9 f   sv_user.obj
 0001:00030abd       _SV_BeginDownload_f        00431abd f   sv_user.obj
 0001:00030cd5       _SV_Disconnect_f           00431cd5 f   sv_user.obj
 0001:00030ce5       _SV_ShowServerinfo_f       00431ce5 f   sv_user.obj
 0001:00030cf2       _SV_Nextserver             00431cf2 f   sv_user.obj
 0001:00030d51       _SV_Nextserver_f           00431d51 f   sv_user.obj
 0001:00030d98       _SV_ExecuteUserCommand     00431d98 f   sv_user.obj
 0001:00030e05       _SV_ClientThink            00431e05 f   sv_user.obj
 0001:00030e48       _SV_ExecuteClientMessage   00431e48 f   sv_user.obj
 0001:00031079       _SV_ClearWorld             00432079 f   sv_world.obj
 0001:000311dd       _SV_UnlinkEdict            004321dd f   sv_world.obj
 0001:00031240       _SV_LinkEdict              00432240 f   sv_world.obj
 0001:000317fd       _SV_AreaEdicts             004327fd f   sv_world.obj
 0001:0003196e       _SV_PointContents          0043296e f   sv_world.obj
 0001:00031a59       _SV_ClipMoveToEntities     00432a59 f   sv_world.obj
 0001:00031dab       _SV_Trace                  00432dab f   sv_world.obj
 0001:00031e16       _Sys_Error                 00432e16 f   sys_win.obj
 0001:00031e76       _Sys_Quit                  00432e76 f   sys_win.obj
 0001:00031f52       _Sys_Init                  00432f52 f   sys_win.obj
 0001:0003235f       _Sys_ConsoleInput          0043335f f   sys_win.obj
 0001:000324bf       _Sys_ConsoleOutput         004334bf f   sys_win.obj
 0001:00032570       _Sys_SendKeyEvents         00433570 f   sys_win.obj
 0001:000325d9       _Sys_GetClipboardData      004335d9 f   sys_win.obj
 0001:00032632       _Sys_AppActivate           00433632 f   sys_win.obj
 0001:0003264d       _Sys_UnloadGame            0043364d f   sys_win.obj
 0001:00032672       _Sys_GetGameAPI            00433672 f   sys_win.obj
 0001:0003275f       _WinMain@16                0043375f f   sys_win.obj
 0001:00032853       _Vid_CreateWindow          00433853 f   vid_dll.obj
 0001:00032f4e       _Vid_DestroyWindow         00433f4e f   vid_dll.obj
 0001:00032f97       _Vid_GetModeInfo           00433f97 f   vid_dll.obj
 0001:00032fc6       _Vid_UpdateWindowPosAndSize 00433fc6 f   vid_dll.obj
 0001:0003302d       _Vid_FreeReflib            0043402d f   vid_dll.obj
 0001:0003306e       _Vid_CheckChanges          0043406e f   vid_dll.obj
 0001:0003342e       _Vid_Init                  0043442e f   vid_dll.obj
 0001:0003349f       _Vid_Shutdown              0043449f f   vid_dll.obj
 0001:000334cd       _Vid_MenuInit              004344cd f   vid_menu.obj
 0001:00033c08       _Vid_MenuDraw              00434c08 f   vid_menu.obj
 0001:00033c9c       _Vid_MenuKey               00434c9c f   vid_menu.obj
 0001:00033fd4       _GL_BackEnd                00434fd4 f   gl_backend.obj
 0001:0003733c       _GL_InitBackend            0043833c f   gl_backend.obj
 0001:00037373       _GL_ShutdownBackend        00438373 f   gl_backend.obj
 0001:00037387       _GL_AllocDynamicMemory     00438387 f   gl_buffers.obj
 0001:000373f5       _GL_ResizeDynamicMemory    004383f5 f   gl_buffers.obj
 0001:00037447       _GL_AddSurfaceToPortal     00438447 f   gl_buffers.obj
 0001:000374aa       _GL_AddDynamicSurface      004384aa f   gl_buffers.obj
 0001:000374d2       _GL_InsertShaderIndex      004384d2 f   gl_buffers.obj
 0001:0003751e       _GL_ClearPortal            0043851e f   gl_buffers.obj
 0001:0003753a       _GL_FinishPortal           0043853a f   gl_buffers.obj
 0001:00037590       _GL_SortSurfaces           00438590 f   gl_buffers.obj
 0001:0003772b       _GL_ClearBuffers           0043872b f   gl_buffers.obj
 0001:00037742       _GL_TextureMode            00438742 f   gl_image.obj
 0001:000377f1       _GL_CreateImage            004387f1 f   gl_image.obj
 0001:0003851c       _GL_SetRawPalette          0043951c f   gl_image.obj
 0001:0003854d       _GL_DrawStretchRaw         0043954d f   gl_image.obj
 0001:00038817       _GL_SetupGamma             00439817 f   gl_image.obj
 0001:000389b9       _GL_PerformScreenshot      004399b9 f   gl_image.obj
 0001:00038bd8       _GL_InitImages             00439bd8 f   gl_image.obj
 0001:0003914d       _GL_ShutdownImages         0043a14d f   gl_image.obj
 0001:000391c8       _GL_ShowImages             0043a1c8 f   gl_image.obj
 0001:000393fe       _GL_FindImage              0043a3fe f   gl_image.obj
 0001:000397fb       _GL_Lock                   0043a7fb f   gl_interface.obj
 0001:00039878       _GL_Unlock                 0043a878 f   gl_interface.obj
 0001:00039a01       _GL_Bind                   0043aa01 f   gl_interface.obj
 0001:00039af4       _GL_BindForce              0043aaf4 f   gl_interface.obj
 0001:00039b40       _GL_TexEnv                 0043ab40 f   gl_interface.obj
 0001:00039cbd       _GL_TexEnvColor            0043acbd f   gl_interface.obj
 0001:00039d69       _GL_SelectTexture          0043ad69 f   gl_interface.obj
 0001:00039dc7       _GL_TexCoordPointer        0043adc7 f   gl_interface.obj
 0001:00039df6       _GL_SetMultitexture        0043adf6 f   gl_interface.obj
 0001:00039ece       _GL_DisableTexCoordArrays  0043aece f   gl_interface.obj
 0001:00039f27       _GL_CullFace               0043af27 f   gl_interface.obj
 0001:00039f78       _GL_DepthRange             0043af78 f   gl_interface.obj
 0001:00039fab       _GL_State                  0043afab f   gl_interface.obj
 0001:0003a104       _GL_EnableFog              0043b104 f   gl_interface.obj
 0001:0003a208       _GL_SetDefaultState        0043b208 f   gl_interface.obj
 0001:0003a327       _GL_Set2DMode              0043b327 f   gl_interface.obj
 0001:0003a425       _GL_Setup                  0043b425 f   gl_interface.obj
 0001:0003a55e       _GL_ShowLights             0043b55e f   gl_light.obj
 0001:0003a81b       _GL_LightForEntity         0043b81b f   gl_light.obj
 0001:0003b98e       _GL_ApplyEntitySpherelights 0043c98e f   gl_light.obj
 0001:0003bb12       _LM_Init                   0043cb12 f   gl_lightmap.obj
 0001:0003bb28       _LM_Flush                  0043cb28 f   gl_lightmap.obj
 0001:0003bb86       _LM_Done                   0043cb86 f   gl_lightmap.obj
 0001:0003bbad       _LM_Save                   0043cbad f   gl_lightmap.obj
 0001:0003bbc7       _LM_Restore                0043cbc7 f   gl_lightmap.obj
 0001:0003bbe1       _LM_NewBlock               0043cbe1 f   gl_lightmap.obj
 0001:0003bc5a       _LM_Rewind                 0043cc5a f   gl_lightmap.obj
 0001:0003bc62       _LM_NextBlock              0043cc62 f   gl_lightmap.obj
 0001:0003bc93       _LM_AllocBlock             0043cc93 f   gl_lightmap.obj
 0001:0003bd46       _LM_PutBlock               0043cd46 f   gl_lightmap.obj
 0001:0003bedb       _LM_SortLightStyles        0043cedb f   gl_lightmap.obj
 0001:0003bf69       _GL_UpdateDynamicLightmap  0043cf69 f   gl_lightmap.obj
 0001:0003c448       _GL_DrawStretchPic         0043d448 f   gl_main.obj
 0001:0003c504       _DrawTextLeft              0043d504 f   gl_main.obj
 0001:0003c60f       _DrawTextRight             0043d60f f   gl_main.obj
 0001:0003c660       _DrawText3D                0043d660 f   gl_main.obj
 0001:0003c810       _GL_GetRefAPI              0043d810 f   gl_main.obj
 0001:0003e07e       _GL_InitFuncTables         0043f07e f   gl_math.obj
 0001:0003e22f       _ModelToWorldCoord         0043f22f f   gl_math.obj
 0001:0003e283       _WorldToModelCoord         0043f283 f   gl_math.obj
 0001:0003e2ca       _GetBoxRect                0043f2ca f   gl_math.obj
 0001:0003e64c       _GL_FindModel              0043f64c f   gl_model.obj
 0001:0003e7c7       _GL_LoadWorldMap           0043f7c7 f   gl_model.obj
 0001:000408a0       _GL_PointInLeaf            004418a0 f   gl_model.obj
 0001:000411bf       _ATAN2_FUNC                004421bf f i gl_model.obj
 0001:0004135e       _GL_FindSkin               0044235e f   gl_model.obj
 0001:000414b4       _GL_ResetModels            004424b4 f   gl_model.obj
 0001:0004157e       _GL_InitModels             0044257e f   gl_model.obj
 0001:000415eb       _GL_ShutdownModels         004425eb f   gl_model.obj
 0001:00041601       _SubdividePlane            00442601 f   gl_poly.obj
 0001:00041a57       _FreeSubdividedPlane       00442a57 f   gl_poly.obj
 0001:00041a6f       _GetSubdivideIndexes       00442a6f f   gl_poly.obj
 0001:00041ac2       _RemoveCollinearPoints     00442ac2 f   gl_poly.obj
 0001:00041bd6       _GetPolyArea               00442bd6 f   gl_poly.obj
 0001:00041c6a       _GL_InitShaders            00442c6a f   gl_shader.obj
 0001:00041d93       _GL_ShutdownShaders        00442d93 f   gl_shader.obj
 0001:00041dbd       _GL_SetShaderLightmap      00442dbd f   gl_shader.obj
 0001:00042184       _GL_SetShaderLightstyles   00443184 f   gl_shader.obj
 0001:00042220       _GL_GetAlphaShader         00443220 f   gl_shader.obj
 0001:00042555       _GL_FindShader             00443555 f   gl_shader.obj
 0001:00042aae       _GL_GetShaderByNum         00443aae f   gl_shader.obj
 0001:00042acc       _GL_ResetShaders           00443acc f   gl_shader.obj
 0001:00042ec2       _GL_ClearSkyBox            00443ec2 f   gl_sky.obj
 0001:00042ee5       _GL_ShowWholeSky           00443ee5 f   gl_sky.obj
 0001:00042f0d       _GL_AddSkySurface          00443f0d f   gl_sky.obj
 0001:000434ff       _GL_TesselateSkySide       004444ff f   gl_sky.obj
 0001:000437c2       _GL_AddEntity              004447c2 f   gl_frontend.obj
 0001:00043ce9       _GL_AddDlight              00444ce9 f   gl_frontend.obj
 0001:00043eb1       _GL_DrawPortal             00444eb1 f   gl_frontend.obj
 0001:000467e8       _GLimp_SetMode             004477e8 f   glw_imp.obj
 0001:00046a8a       _GLimp_HasGamma            00447a8a f   glw_imp.obj
 0001:00046a9f       _GLimp_SetGamma            00447a9f f   glw_imp.obj
 0001:00046c45       _GLimp_Shutdown            00447c45 f   glw_imp.obj
 0001:00046d52       _GLimp_Init                00447d52 f   glw_imp.obj
 0001:00047096       _GLimp_EndFrame            00448096 f   glw_imp.obj
 0001:00047132       _GLimp_AppActivate         00448132 f   glw_imp.obj
 0001:00048813       _QGL_Shutdown              00449813 f   qgl_win.obj
 0001:00048845       _QGL_Init                  00449845 f   qgl_win.obj
 0001:000488c9       _QGL_InitExtensions        004498c9 f   qgl_win.obj
 0001:00048c54       _QGL_EnableLogging         00449c54 f   qgl_win.obj
 0001:00048d1f       _QGL_LogMessage            00449d1f f   qgl_win.obj
 0001:00048d36       _Hunk_Begin                00449d36 f   q_shwin.obj
 0001:00048d70       _Hunk_Alloc                00449d70 f   q_shwin.obj
 0001:00048df7       _Hunk_End                  00449df7 f   q_shwin.obj
 0001:00048dfd       _Hunk_Free                 00449dfd f   q_shwin.obj
 0001:00048e16       _Sys_Milliseconds          00449e16 f   q_shwin.obj
 0001:00048e4a       _Sys_Mkdir                 00449e4a f   q_shwin.obj
 0001:00048e56       _Sys_FindFirst             00449e56 f   q_shwin.obj
 0001:00048ed4       _Sys_FindNext              00449ed4 f   q_shwin.obj
 0001:00048f49       _Sys_FindClose             00449f49 f   q_shwin.obj
 0001:00048f63       _R_Alias_clip_z            00449f63 f   r_aclip.obj
 0001:00049010       _R_Alias_clip_left         0044a010 f   r_aclip.obj
 0001:000491de       _R_Alias_clip_right        0044a1de f   r_aclip.obj
 0001:000493ac       _R_Alias_clip_top          0044a3ac f   r_aclip.obj
 0001:0004957c       _R_Alias_clip_bottom       0044a57c f   r_aclip.obj
 0001:0004974c       _R_AliasClip               0044a74c f   r_aclip.obj
 0001:0004981c       _R_AliasClipTriangle       0044a81c f   r_aclip.obj
 0001:00049a0e       _R_AliasCheckFrameBBox     0044aa0e f   r_alias.obj
 0001:00049b41       _R_AliasCheckBBox          0044ab41 f   r_alias.obj
 0001:00049ba5       _R_AliasTransformVector    0044aba5 f   r_alias.obj
 0001:00049c01       _R_AliasPreparePoints      0044ac01 f   r_alias.obj
 0001:00049e99       _R_AliasSetUpTransform     0044ae99 f   r_alias.obj
 0001:0004a028       _R_AliasTransformFinalVerts 0044b028 f   r_alias.obj
 0001:0004a1f7       _R_AliasProjectAndClipTestFinalVert 0044b1f7 f   r_alias.obj
 0001:0004a27f       _R_AliasSetupLighting      0044b27f f   r_alias.obj
 0001:0004a3e9       _R_AliasSetupFrames        0044b3e9 f   r_alias.obj
 0001:0004a45d       _R_AliasSetUpLerpData      0044b45d f   r_alias.obj
 0001:0004a585       _R_AliasDrawModel          0044b585 f   r_alias.obj
 0001:0004a80c       _R_EntityRotate            0044b80c f   r_bsp.obj
 0001:0004a88d       _R_RotateBmodel            0044b88d f   r_bsp.obj
 0001:0004a9e8       _R_RecursiveClipBPoly      0044b9e8 f   r_bsp.obj
 0001:0004ad18       _R_DrawSolidClippedSubmodelPolygons 0044bd18 f   r_bsp.obj
 0001:0004ae9f       _R_DrawSubmodelPolygons    0044be9f f   r_bsp.obj
 0001:0004af2f       _R_RecursiveWorldNode      0044bf2f f   r_bsp.obj
 0001:0004b18a       _R_RenderWorld             0044c18a f   r_bsp.obj
 0001:0004b206       _Draw_FindPic              0044c206 f   r_draw.obj
 0001:0004b249       _Draw_InitLocal            0044c249 f   r_draw.obj
 0001:0004b25a       _Draw_Char                 0044c25a f   r_draw.obj
 0001:0004b33b       _Draw_CharColor            0044c33b f   r_draw.obj
 0001:0004b44a       _R_DrawTexts               0044c44a f   r_draw.obj
 0001:0004b4c0       _DrawText_Pos              0044c4c0 f   r_draw.obj
 0001:0004b5ce       _DrawText_Left             0044c5ce f   r_draw.obj
 0001:0004b60a       _DrawText_Right            0044c60a f   r_draw.obj
 0001:0004b659       _Draw_GetPicSize           0044c659 f   r_draw.obj
 0001:0004b699       _Draw_StretchPicImplementation 0044c699 f   r_draw.obj
 0001:0004b7c3       _Draw_StretchPic           0044c7c3 f   r_draw.obj
 0001:0004b7fb       _Draw_StretchRaw           0044c7fb f   r_draw.obj
 0001:0004b82d       _Draw_Pic                  0044c82d f   r_draw.obj
 0001:0004b9e6       _Draw_PicColor             0044c9e6 f   r_draw.obj
 0001:0004bb9f       _Draw_TileClear            0044cb9f f   r_draw.obj
 0001:0004bc6f       _Draw_Fill                 0044cc6f f   r_draw.obj
 0001:0004bd0b       _Draw_Fade                 0044cd0b f   r_draw.obj
 0001:0004bd6d       _R_BeginEdgeFrame          0044cd6d f   r_edge.obj
 0001:0004be29       _R_InsertNewEdges          0044ce29 f   r_edge.obj
 0001:0004be6f       _R_RemoveEdges             0044ce6f f   r_edge.obj
 0001:0004be8d       _R_StepActiveU             0044ce8d f   r_edge.obj
 0001:0004bf21       _R_CleanupSpan             0044cf21 f   r_edge.obj
 0001:0004bf71       _R_LeadingEdgeBackwards    0044cf71 f   r_edge.obj
 0001:0004c006       _R_TrailingEdge            0044d006 f   r_edge.obj
 0001:0004c06a       _R_LeadingEdge             0044d06a f   r_edge.obj
 0001:0004c20d       _R_GenerateSpans           0044d20d f   r_edge.obj
 0001:0004c27b       _R_GenerateSpansBackward   0044d27b f   r_edge.obj
 0001:0004c2e9       _R_ScanEdges               0044d2e9 f   r_edge.obj
 0001:0004c4c0       _D_FlatFillSurface         0044d4c0 f   r_edge.obj
 0001:0004c51a       _D_CalcGradients           0044d51a f   r_edge.obj
 0001:0004c753       _D_BackgroundSurf          0044d753 f   r_edge.obj
 0001:0004c793       _D_TurbulentSurf           0044d793 f   r_edge.obj
 0001:0004c8b5       _D_SkySurf                 0044d8b5 f   r_edge.obj
 0001:0004c936       _D_SolidSurf               0044d936 f   r_edge.obj
 0001:0004caa1       _D_DrawflatSurfaces        0044daa1 f   r_edge.obj
 0001:0004caf1       _D_DrawSurfaces            0044daf1 f   r_edge.obj
 0001:0004cbef       _R_ImageList_f             0044dbef f   r_image.obj
 0001:0004ccb0       _R_FindFreeImage           0044dcb0 f   r_image.obj
 0001:0004ccfe       _R_LoadPic                 0044dcfe f   r_image.obj
 0001:0004cd8e       _R_LoadTex                 0044dd8e f   r_image.obj
 0001:0004ce1a       _R_LoadWal                 0044de1a f   r_image.obj
 0001:0004ce70       _R_MipMap                  0044de70 f   r_image.obj
 0001:0004cf9e       _R_DownsampleImage         0044df9e f   r_image.obj
 0001:0004d0a3       _R_FindImage               0044e0a3 f   r_image.obj
 0001:0004d448       _R_RegisterSkin            0044e448 f   r_image.obj
 0001:0004d456       _R_FreeUnusedImages        0044e456 f   r_image.obj
 0001:0004d4b6       _R_InitImages              0044e4b6 f   r_image.obj
 0001:0004d51c       _R_ShutdownImages          0044e51c f   r_image.obj
 0001:0004d559       _R_MarkLights              0044e559 f   r_light.obj
 0001:0004d628       _R_PushDlights             0044e628 f   r_light.obj
 0001:0004d686       _RecursiveLightPoint       0044e686 f   r_light.obj
 0001:0004d935       _R_LightPoint              0044e935 f   r_light.obj
 0001:0004da4c       _R_AddDynamicLights        0044ea4c f   r_light.obj
 0001:0004dce6       _R_BuildLightMap           0044ece6 f   r_light.obj
 0001:0004dddc       _R_InitTextures            0044eddc f   r_main.obj
 0001:0004de9d       _R_InitTurb                0044ee9d f   r_main.obj
 0001:0004df1a       _R_Register                0044ef1a f   r_main.obj
 0001:0004df82       _R_Init                    0044ef82 f   r_main.obj
 0001:0004e013       _R_Shutdown                0044f013 f   r_main.obj
 0001:0004e088       _R_NewMap                  0044f088 f   r_main.obj
 0001:0004e132       _R_MarkLeaves              0044f132 f   r_main.obj
 0001:0004e259       _R_DrawEntitiesOnList      0044f259 f   r_main.obj
 0001:0004e468       _R_BmodelCheckBBox         0044f468 f   r_main.obj
 0001:0004e51a       _R_FindTopnode             0044f51a f   r_main.obj
 0001:0004e5a2       _RotatedBBox               0044f5a2 f   r_main.obj
 0001:0004e701       _R_DrawBEntitiesOnList     0044f701 f   r_main.obj
 0001:0004e919       _R_EdgeDrawing             0044f919 f   r_main.obj
 0001:0004e9ee       _R_CalcPalette             0044f9ee f   r_main.obj
 0001:0004eaf3       _R_SetLightLevel           0044faf3 f   r_main.obj
 0001:0004eb43       _R_RenderFrame             0044fb43 f   r_main.obj
 0001:0004ed34       _R_InitGraphics            0044fd34 f   r_main.obj
 0001:0004edaa       _R_BeginFrame              0044fdaa f   r_main.obj
 0001:0004eecd       _R_GammaCorrectAndSetPalette 0044fecd f   r_main.obj
 0001:0004ef2c       _R_CinematicSetPalette     0044ff2c f   r_main.obj
 0001:0004efc3       _Draw_BuildGammaTable      0044ffc3 f   r_main.obj
 0001:0004f06e       _R_DrawBeam                0045006e f   r_main.obj
 0001:0004f1d4       _R_SetSky                  004501d4 f   r_main.obj
 0001:0004f24f       _Draw_GetPalette           0045024f f   r_main.obj
 0001:0004f397       _Draw_ConCharColor         00450397 f   r_main.obj
 0001:0004f3b8       _GetRefAPI                 004503b8 f   r_main.obj
 0001:0004f608       _D_ViewChanged             00450608 f   r_misc.obj
 0001:0004f77b       _R_PrintTimes              0045077b f   r_misc.obj
 0001:0004f7f5       _R_PrintDSpeeds            004507f5 f   r_misc.obj
 0001:0004f8bc       _R_PrintAliasStats         004508bc f   r_misc.obj
 0001:0004f8cf       _R_TransformFrustum        004508cf f   r_misc.obj
 0001:0004f997       _TransformVector           00450997 f   r_misc.obj
 0001:0004fa02       _R_SetUpFrustumIndexes     00450a02 f   r_misc.obj
 0001:0004fa67       _R_ViewChanged             00450a67 f   r_misc.obj
 0001:0004fdb0       _R_SetupFrame              00450db0 f   r_misc.obj
 0001:0004ff9c       _WritePCXfile              00450f9c f   r_misc.obj
 0001:000500be       _R_ScreenShot              004510be f   r_misc.obj
 0001:000501cd       _Mod_Modellist_f           004511cd f   r_model.obj
 0001:0005022b       _Mod_Init                  0045122b f   r_model.obj
 0001:00050243       _Mod_ForName               00451243 f   r_model.obj
 0001:0005047f       _Mod_PointInLeaf           0045147f f   r_model.obj
 0001:000504e1       _Mod_DecompressVis         004514e1 f   r_model.obj
 0001:00050561       _Mod_ClusterPVS            00451561 f   r_model.obj
 0001:0005058e       _Mod_LoadLighting          0045158e f   r_model.obj
 0001:0005060d       _R_NumberLeafs             0045160d f   r_model.obj
 0001:0005065b       _Mod_LoadVertexes          0045165b f   r_model.obj
 0001:0005069d       _Mod_LoadEdges             0045169d f   r_model.obj
 0001:000506eb       _Mod_LoadTexinfo           004516eb f   r_model.obj
 0001:00050853       _CalcSurfaceExtents        00451853 f   r_model.obj
 0001:000509d3       _Mod_LoadFaces             004519d3 f   r_model.obj
 0001:00050b3a       _Mod_SetParent             00451b3a f   r_model.obj
 0001:00050b5f       _Mod_LoadNodes             00451b5f f   r_model.obj
 0001:00050c55       _Mod_LoadLeafs             00451c55 f   r_model.obj
 0001:00050cfe       _Mod_LoadMarksurfaces      00451cfe f   r_model.obj
 0001:00050d7a       _Mod_LoadSurfedges         00451d7a f   r_model.obj
 0001:00050db9       _Mod_LoadPlanes            00451db9 f   r_model.obj
 0001:00050e1e       _Mod_LoadBrushModel        00451e1e f   r_model.obj
 0001:00051010       _Mod_LoadAliasModel        00452010 f   r_model.obj
 0001:0005128b       _Mod_LoadSpriteModel       0045228b f   r_model.obj
 0001:00051372       _R_BeginRegistration       00452372 f   r_model.obj
 0001:00051402       _R_RegisterModel           00452402 f   r_model.obj
 0001:000514fa       _R_EndRegistration         004524fa f   r_model.obj
 0001:00051565       _Mod_FreeAll               00452565 f   r_model.obj
 0001:000515aa       _R_DrawParticle            004525aa f   r_part.obj
 0001:00051844       _R_DrawParticles           00452844 f   r_part.obj
 0001:000518ee       _R_DrawSpanletOpaque       004528ee f   r_poly.obj
 0001:0005197e       _R_DrawSpanletTurbulentStipple33 0045297e f   r_poly.obj
 0001:00051aa9       _R_DrawSpanletTurbulentStipple66 00452aa9 f   r_poly.obj
 0001:00051c8a       _R_DrawSpanletTurbulentBlended66 00452c8a f   r_poly.obj
 0001:00051d3f       _R_DrawSpanletTurbulentBlended33 00452d3f f   r_poly.obj
 0001:00051df4       _R_DrawSpanlet33           00452df4 f   r_poly.obj
 0001:00051e8e       _R_DrawSpanletConstant33   00452e8e f   r_poly.obj
 0001:00051ee7       _R_DrawSpanlet66           00452ee7 f   r_poly.obj
 0001:00051f85       _R_DrawSpanlet33Stipple    00452f85 f   r_poly.obj
 0001:000520a0       _R_DrawSpanlet66Stipple    004530a0 f   r_poly.obj
 0001:00052231       _R_ClipPolyFace            00453231 f   r_poly.obj
 0001:000523a2       _R_PolygonDrawSpans        004533a2 f   r_poly.obj
 0001:00052794       _R_PolygonScanLeftEdge     00453794 f   r_poly.obj
 0001:000528f8       _R_PolygonScanRightEdge    004538f8 f   r_poly.obj
 0001:00052b02       _R_ClipAndDrawPoly         00453b02 f   r_poly.obj
 0001:00052d04       _R_BuildPolygonFromSurface 00453d04 f   r_poly.obj
 0001:00052f17       _R_PolygonCalculateGradients 00453f17 f   r_poly.obj
 0001:000531d0       _R_DrawAlphaSurfaces       004541d0 f   r_poly.obj
 0001:00053266       _R_IMFlatShadedQuad        00454266 f   r_poly.obj
 0001:000533a8       _R_InitAdivtab             004543a8 f   r_polyse.obj
 0001:00053414       _R_PolysetUpdateTables     00454414 f   r_polyse.obj
 0001:0005344f       _R_DrawTriangle            0045444f f   r_polyse.obj
 0001:00053560       _R_PolysetScanLeftEdge_C   00454560 f   r_polyse.obj
 0001:0005372a       _FloorDivMod               0045472a f   r_polyse.obj
 0001:000537c4       _R_PolysetSetUpForLineScan 004547c4 f   r_polyse.obj
 0001:00053852       _R_PolysetCalcGradients    00454852 f   r_polyse.obj
 0001:00053ac5       _R_PolysetDrawSpans8_33    00454ac5 f   r_polyse.obj
 0001:00053bf5       _R_PolysetDrawSpansConstant8_33 00454bf5 f   r_polyse.obj
 0001:00053c8f       _R_PolysetDrawSpans8_66    00454c8f f   r_polyse.obj
 0001:00053dcb       _R_PolysetDrawSpansConstant8_66 00454dcb f   r_polyse.obj
 0001:00053e73       _R_PolysetDrawSpans8_Opaque 00454e73 f   r_polyse.obj
 0001:00053fbe       _R_RasterizeAliasPolySmooth 00454fbe f   r_polyse.obj
 0001:0005459e       _R_PolysetSetEdgeTable     0045559e f   r_polyse.obj
 0001:00054639       _R_InitSkyBox              00455639 f   r_rast.obj
 0001:000548b3       _R_EmitSkyBox              004558b3 f   r_rast.obj
 0001:000549c6       _R_EmitEdge                004559c6 f   r_rast.obj
 0001:00054d8b       _R_ClipEdge                00455d8b f   r_rast.obj
 0001:00054f39       _R_EmitCachedEdge          00455f39 f   r_rast.obj
 0001:00054f90       _R_RenderFace              00455f90 f   r_rast.obj
 0001:00055357       _R_RenderBmodelFace        00456357 f   r_rast.obj
 0001:000555c0       _D_WarpScreen              004565c0 f   r_scan.obj
 0001:00055782       _D_DrawTurbulent8Span      00456782 f   r_scan.obj
 0001:00055806       _Turbulent8                00456806 f   r_scan.obj
 0001:00055b62       _NonTurbulent8             00456b62 f   r_scan.obj
 0001:00055e9c       _D_DrawSpans16             00456e9c f   r_scan.obj
 0001:000561b9       _D_DrawZSpans              004571b9 f   r_scan.obj
 0001:00056289       _R_DrawSprite              00457289 f   r_sprite.obj
 0001:0005651e       _R_TextureAnimation        0045751e f   r_surf.obj
 0001:00056542       _R_DrawSurface             00457542 f   r_surf.obj
 0001:000566a7       _R_DrawSurfaceBlock8_mip0  004576a7 f   r_surf.obj
 0001:000567a6       _R_DrawSurfaceBlock8_mip1  004577a6 f   r_surf.obj
 0001:000568a5       _R_DrawSurfaceBlock8_mip2  004578a5 f   r_surf.obj
 0001:000569a4       _R_DrawSurfaceBlock8_mip3  004579a4 f   r_surf.obj
 0001:00056aa0       _R_InitCaches              00457aa0 f   r_surf.obj
 0001:00056b21       _D_FlushCaches             00457b21 f   r_surf.obj
 0001:00056b66       _D_SCAlloc                 00457b66 f   r_surf.obj
 0001:00056cfa       _D_CacheSurface            00457cfa f   r_surf.obj
 0001:00056e6f       _DDRAW_Init                00457e6f f   rw_ddraw.obj
 0001:0005727f       _DDRAW_SetPalette          0045827f f   rw_ddraw.obj
 0001:000572e8       _DDRAW_Shutdown            004582e8 f   rw_ddraw.obj
 0001:00057453       _DIB_Init                  00458453 f   rw_dib.obj
 0001:00057638       _DIB_SetPalette            00458638 f   rw_dib.obj
 0001:000577fc       _DIB_Shutdown              004587fc f   rw_dib.obj
 0001:000578f5       _SWimp_Init                004588f5 f   rw_imp.obj
 0001:000578f9       _SWimp_EndFrame            004588f9 f   rw_imp.obj
 0001:00057a65       _SWimp_SetMode             00458a65 f   rw_imp.obj
 0001:00057b87       _SWimp_SetPalette          00458b87 f   rw_imp.obj
 0001:00057bac       _SWimp_Shutdown            00458bac f   rw_imp.obj
 0001:00057bf3       _SWimp_AppActivate         00458bf3 f   rw_imp.obj
 0001:00057c2d       _adler32                   00458c2d f   adler32.obj
 0001:00057d46       _crc32                     00458d46 f   crc32.obj
 0001:00057e5c       _inflate_blocks_reset      00458e5c f   infblock.obj
 0001:00057ec7       _inflate_blocks_new        00458ec7 f   infblock.obj
 0001:00057f52       _inflate_blocks            00458f52 f   infblock.obj
 0001:00058769       _inflate_blocks_free       00459769 f   infblock.obj
 0001:0005879d       _inflate_codes_new         0045979d f   infcodes.obj
 0001:000587d1       _inflate_codes             004597d1 f   infcodes.obj
 0001:00058d8f       _inflate_codes_free        00459d8f f   infcodes.obj
 0001:00058da0       _inflate_fast              00459da0 f   inffast.obj
 0001:0005906b       _inflateReset              0045a06b f   inflate.obj
 0001:000590aa       _inflateEnd                0045a0aa f   inflate.obj
 0001:000590e8       _inflateInit2_             0045a0e8 f   inflate.obj
 0001:000591d2       _inflate                   0045a1d2 f   inflate.obj
 0001:00059535       _inflate_trees_bits        0045a535 f   inftrees.obj
 0001:00059943       _inflate_trees_dynamic     0045a943 f   inftrees.obj
 0001:00059a46       _inflate_trees_fixed       0045aa46 f   inftrees.obj
 0001:00059a75       _inflate_flush             0045aa75 f   infutil.obj
 0001:00059b61       _Zip_OpenArchive           0045ab61 f   zip.obj
 0001:00059bcc       _Zip_CloseArchive          0045abcc f   zip.obj
 0001:00059bd8       _Zip_EnumArchive           0045abd8 f   zip.obj
 0001:00059db9       _Zip_OpenFile              0045adb9 f   zip.obj
 0001:00059ec8       _Zip_ReadFile              0045aec8 f   zip.obj
 0001:00059fbf       _Zip_CloseFile             0045afbf f   zip.obj
 0001:0005a007       _Zip_OpenBuf               0045b007 f   zip.obj
 0001:0005a05a       _Zip_ReadBuf               0045b05a f   zip.obj
 0001:0005a0a2       _Zip_CloseBuf              0045b0a2 f   zip.obj
 0001:0005a0b8       _zcalloc                   0045b0b8 f   zutil.obj
 0001:0005a0c9       _jpeg_CreateCompress       0045b0c9 f   jcapimin.obj
 0001:0005a17d       _jpeg_suppress_tables      0045b17d f   jcapimin.obj
 0001:0005a1c7       _jpeg_finish_compress      0045b1c7 f   jcapimin.obj
 0001:0005a2b1       _jpeg_start_compress       0045b2b1 f   jcapistd.obj
 0001:0005a31d       _jpeg_write_scanlines      0045b31d f   jcapistd.obj
 0001:0005a3c8       _jinit_c_coef_controller   0045b3c8 f   jccoefct.obj
 0001:0005aa67       _jinit_color_converter     0045ba67 f   jccolor.obj
 0001:0005b052       _jinit_forward_dct         0045c052 f   jcdctmgr.obj
 0001:0005b52e       _jinit_c_diff_controller   0045c52e f   jcdiffct.obj
 0001:0005ba94       _jpeg_make_c_derived_tbl   0045ca94 f   jchuff.obj
 0001:0005bc96       _jpeg_gen_optimal_table    0045cc96 f   jchuff.obj
 0001:0005be55       _jinit_compress_master     0045ce55 f   jcinit.obj
 0001:0005beae       _jinit_lhuff_encoder       0045ceae f   jclhuff.obj
 0001:0005c5d8       _jinit_lossless_c_codec    0045d5d8 f   jclossls.obj
 0001:0005c670       _jinit_lossy_c_codec       0045d670 f   jclossy.obj
 0001:0005c70b       _jinit_c_main_controller   0045d70b f   jcmainct.obj
 0001:0005c878       _jinit_marker_writer       0045d878 f   jcmarker.obj
 0001:0005d154       _jinit_c_master_control    0045e154 f   jcmaster.obj
 0001:0005dc43       _jinit_c_codec             0045ec43 f   jcodec.obj
 0001:0005dc5f       _jinit_d_codec             0045ec5f f   jcodec.obj
 0001:0005dc7b       _jpeg_abort                0045ec7b f   jcomapi.obj
 0001:0005dcae       _jpeg_destroy              0045ecae f   jcomapi.obj
 0001:0005dcc9       _jpeg_alloc_quant_table    0045ecc9 f   jcomapi.obj
 0001:0005dce5       _jpeg_alloc_huff_table     0045ece5 f   jcomapi.obj
 0001:0005dd01       _jpeg_add_quant_table      0045ed01 f   jcparam.obj
 0001:0005ddb3       _jpeg_quality_scaling      0045edb3 f   jcparam.obj
 0001:0005ddda       _jpeg_set_quality          0045edda f   jcparam.obj
 0001:0005de14       _jpeg_set_defaults         0045ee14 f   jcparam.obj
 0001:0005dfd6       _jpeg_default_colorspace   0045efd6 f   jcparam.obj
 0001:0005e026       _jpeg_set_colorspace       0045f026 f   jcparam.obj
 0001:0005e341       _jinit_phuff_encoder       0045f341 f   jcphuff.obj
 0001:0005ede6       _jinit_differencer         0045fde6 f   jcpred.obj
 0001:0005f300       _jinit_c_prep_controller   00460300 f   jcprepct.obj
 0001:0005f84b       _jinit_downsampler         0046084b f   jcsample.obj
 0001:000600cb       _jinit_c_scaler            004610cb f   jcscale.obj
 0001:00060141       _jinit_shuff_encoder       00461141 f   jcshuff.obj
 0001:000609ac       _jpeg_CreateDecompress     004619ac f   jdapimin.obj
 0001:00060a6c       _jpeg_destroy_decompress   00461a6c f   jdapimin.obj
 0001:00060a6c       _jpeg_destroy_compress     00461a6c f   jdapimin.obj
 0001:00060a77       _jpeg_read_header          00461a77 f   jdapimin.obj
 0001:00060ad9       _jpeg_consume_input        00461ad9 f   jdapimin.obj
 0001:00060d27       _jpeg_finish_decompress    00461d27 f   jdapimin.obj
 0001:00060dbe       _jpeg_start_decompress     00461dbe f   jdapistd.obj
 0001:00060f2b       _jpeg_read_scanlines       00461f2b f   jdapistd.obj
 0001:00060faf       _jpeg_stdio_dest           00461faf f   jdatadst.obj
 0001:000610af       _jinit_d_coef_controller   004620af f   jdcoefct.obj
 0001:00061d88       _jinit_color_deconverter   00462d88 f   jdcolor.obj
 0001:0006229e       _jinit_inverse_dct         0046329e f   jddctmgr.obj
 0001:000624dd       _jinit_d_diff_controller   004634dd f   jddiffct.obj
 0001:00062a0e       _jpeg_make_d_derived_tbl   00463a0e f   jdhuff.obj
 0001:00062cab       _jpeg_fill_bit_buffer      00463cab f   jdhuff.obj
[...]
 0001:00022db7       _LoadQ2Submodels           00423db7 f   model.obj
 0001:00022e89       _CheckLump                 00423e89 f   model.obj
 0001:00023161       _ReadEntity                00424161 f   model.obj
 0001:00023225       _WriteEntity               00424225 f   model.obj
 0001:00023290       _ProcessEntityTarget       00424290 f   model.obj
 0001:00023309       _FindField                 00424309 f   model.obj
 0001:00023342       _GetVector                 00424342 f   model.obj
 0001:00023373       _ProcessEntity             00424373 f   model.obj
 0001:00023db3       _AddField                  00424db3 f   model.obj
 0001:00023df0       _FindEntityTarget          00424df0 f   model.obj
 0001:0001e5fa       _Multiplayer_MenuDraw      0041f5fa f   menu.obj
 0001:0001e61d       _M_Banner                  0041f61d f   menu.obj
 0001:0001e65f       _Multiplayer_MenuInit      0041f65f f   menu.obj
 0001:0001e74d       _Multiplayer_MenuKey       0041f74d f   menu.obj
 0001:0001e77f       _Keys_MenuInit             0041f77f f   menu.obj
 0001:0001e912       _KeyCursorDrawFunc         0041f912 f   menu.obj
 0001:0001e953       _DrawKeyBindingFunc        0041f953 f   menu.obj
 0001:0001ea2b       _M_FindKeysForCommand      0041fa2b f   menu.obj
 0001:0001ea7b       _SeekLine                  0041fa7b f   menu.obj
 0001:0001eaa2       _AppendToken               0041faa2 f   menu.obj
 0001:0001eacc       _Keys_MenuDraw             0041facc f   menu.obj
 0001:0001eae5       _Keys_MenuKey              0041fae5 f   menu.obj
 0001:0001eb9d       _M_UnbindCommand           0041fb9d f   menu.obj
 0001:0001ebe9       _KeyBindingFunc            0041fbe9 f   menu.obj
 0001:0001ec5c       _Options_MenuInit          0041fc5c f   menu.obj
 0001:0001f0e7       _CrosshairFunc             004200e7 f   menu.obj
 0001:0001f10b       _JoystickFunc              0042010b f   menu.obj
 0001:0001f11e       _CustomizeControlsFunc     0042011e f   menu.obj
 0001:0001f123       _AlwaysRunFunc             00420123 f   menu.obj
 0001:0001f136       _FreeLookFunc              00420136 f   menu.obj
 0001:0001f149       _MouseSpeedFunc            00420149 f   menu.obj
 0001:0001f166       _ControlsSetMenuItemValues 00420166 f   menu.obj
 0001:0001f332       _ControlsResetDefaultsFunc 00420332 f   menu.obj
 0001:0001f347       _InvertMouseFunc           00420347 f   menu.obj
 0001:0001f362       _LookspringFunc            00420362 f   menu.obj
 0001:0001f37e       _LookstrafeFunc            0042037e f   menu.obj
 0001:0001f39a       _UpdateVolumeFunc          0042039a f   menu.obj
 0001:0001f3b7       _UpdateCDVolumeFunc        004203b7 f   menu.obj
 0001:0001f3d0       _ConsoleFunc               004203d0 f   menu.obj
 0001:0001f3ff       _UpdateSoundFunc           004203ff f   menu.obj
 0001:0001f4a7       _Options_ScanCrosshairs    004204a7 f   menu.obj
 0001:0001f4fa       _Options_MenuDraw          004204fa f   menu.obj
 0001:0001f522       _Options_CrosshairDraw     00420522 f   menu.obj
 0001:0001f599       _Options_MenuKey           00420599 f   menu.obj
 0001:0001f67f       _M_Credits_MenuDraw        0042067f f   menu.obj
 0001:0001f769       _M_Credits_Key             00420769 f   menu.obj
 0001:0001f7c6       _Game_MenuInit             004207c6 f   menu.obj
 0001:0001f973       _EasyGameFunc              00420973 f   menu.obj
 0001:0001f989       _StartGame                 00420989 f   menu.obj
 0001:0001f9ce       _MediumGameFunc            004209ce f   menu.obj
 0001:0001f9e4       _HardGameFunc              004209e4 f   menu.obj
 0001:0001f9fa       _Game_MenuDraw             004209fa f   menu.obj
 0001:0001fa1d       _Game_MenuKey              00420a1d f   menu.obj
 0001:0001fa4f       _LoadGame_MenuInit         00420a4f f   menu.obj
 0001:0001faf8       _Create_Savestrings        00420af8 f   menu.obj
 0001:0001fbbd       _LoadGameCallback          00420bbd f   menu.obj
 0001:0001fbe7       _LoadGame_MenuDraw         00420be7 f   menu.obj
 0001:0001fc10       _DrawSavegameShot          00420c10 f   menu.obj
 0001:0001fccf       _LoadGame_MenuKey          00420ccf f   menu.obj
 0001:0001fd30       _SaveGame_MenuDraw         00420d30 f   menu.obj
 0001:0001fd65       _SaveGame_MenuInit         00420d65 f   menu.obj
 0001:0001fe00       _SaveGameCallback          00420e00 f   menu.obj
 0001:0001fe1f       _SaveGame_MenuKey          00420e1f f   menu.obj
 0001:0001ff00       _JoinServer_MenuInit       00420f00 f   menu.obj
 0001:00020051       _JoinServerFunc            00421051 f   menu.obj
 0001:000200ae       _SearchLocalGames          004210ae f   menu.obj
 0001:0002011a       _JoinServer_MenuDraw       0042111a f   menu.obj
 0001:00020132       _JoinServer_MenuKey        00421132 f   menu.obj
 0001:00020164       _StartServer_MenuInit      00421164 f   menu.obj
 0001:00020614       _DMOptionsFunc             00421614 f   menu.obj
 0001:00020623       _RulesChangeFunc           00421623 f   menu.obj
 0001:0002068c       _StartServerActionFunc     0042168c f   menu.obj
 0001:000206b8       _StartServerFunc           004216b8 f   menu.obj
 0001:00020923       _StartServer_MenuDraw      00421923 f   menu.obj
 0001:0002092f       _StartServer_MenuKey       0042192f f   menu.obj
 0001:0002098f       _DMOptions_MenuInit        0042198f f   menu.obj
 0001:00020f23       _DMFlagCallback            00421f23 f   menu.obj
 0001:000210d1       _DMOptions_MenuDraw        004220d1 f   menu.obj
 0001:000210dd       _DMOptions_MenuKey         004220dd f   menu.obj
 0001:0002110f       _DownloadOptions_MenuInit  0042210f f   menu.obj
 0001:000212fa       _DownloadCallback          004222fa f   menu.obj
 0001:00021353       _DownloadOptions_MenuDraw  00422353 f   menu.obj
 0001:0002135f       _DownloadOptions_MenuKey   0042235f f   menu.obj
 0001:00021391       _AddressBook_MenuInit      00422391 f   menu.obj
 0001:00021447       _AddressBook_MenuKey       00422447 f   menu.obj
 0001:00021498       _AddressBook_MenuDraw      00422498 f   menu.obj
 0001:000214b0       _M_Menu_PlayerConfig_f     004224b0 f   menu.obj
 0001:0002150b       _PlayerConfig_MenuInit     0042250b f   menu.obj
 0001:00021a3d       _HandednessCallback        00422a3d f   menu.obj
 0001:00021a50       _RTypeCallback             00422a50 f   menu.obj
 0001:00021a63       _RColorCallback            00422a63 f   menu.obj
 0001:00021a76       _RateCallback              00422a76 f   menu.obj
 0001:00021a94       _ModelCallback             00422a94 f   menu.obj
 0001:00021ad5       _PlayerConfig_ScanDirectories 00422ad5 f   menu.obj
 0001:00021c9c       _IsValidSkin               00422c9c f   menu.obj
 0001:00021d65       _PlayerConfig_MenuDraw     00422d65 f   menu.obj
 0001:00022019       _PlayerConfig_MenuKey      00423019 f   menu.obj
 0001:000220ed       _M_Menu_DMBrowse_f         004230ed f   menu.obj
 0001:00022131       _DMBrowse_MenuInit         00423131 f   menu.obj
 0001:00022317       _DMBrowse_MenuKey          00423317 f   menu.obj
 0001:000224ba       _DMBrowse_MenuDraw         004234ba f   menu.obj
 0001:000225df       _DrawThumbnail             004235df f   menu.obj
 0001:000226a6       _M_Quit_Key                004236a6 f   menu.obj
 0001:000226e6       _M_Quit_Draw               004236e6 f   menu.obj
 0001:00022833       _M_Menu_Quit_f             00423833 f   menu.obj
 0001:0001dba9       _AllocChain                0041eba9 f   memory.obj
 0001:0001de99       _Z_Stats_f                 0041ee99 f   memory.obj
 0001:0001d3a0       _MD4Transform              0041e3a0 f   md4.obj
 0001:0001d9a2       _Encode                    0041e9a2 f   md4.obj
 0001:0001d9e7       _Decode                    0041e9e7 f   md4.obj
 0001:0001c281       _CompleteCommand           0041d281 f   keys.obj
 0001:0001c2f8       _Do_CompleteCommand        0041d2f8 f   keys.obj
 0001:0001c76f       _TryComplete               0041d76f f   keys.obj
 0001:0001c804       _CompleteMenu              0041d804 f   keys.obj
 0001:0001c946       _CompleteMenuDraw          0041d946 f   keys.obj
 0001:0001c9a5       _CompleteMenuKey           0041d9a5 f   keys.obj
 0001:0001c9d7       _CompleteMenuCallback      0041d9d7 f   keys.obj
 0001:0001ca5f       _iswordsym                 0041da5f f   keys.obj
 0001:0001cd31       _Key_Unbind_f              0041dd31 f   keys.obj
 0001:0001ce17       _Key_Unbindall_f           0041de17 f   keys.obj
 0001:0001ce41       _Key_Bind_f                0041de41 f   keys.obj
 0001:0001ae67       _IN_DeactivateMouse        0041be67 f   in_win.obj
 0001:0001ae93       _IN_FreeDirect             0041be93 f   in_win.obj
 0001:0001aefc       _IN_FreeWin32              0041befc f   in_win.obj
 0001:0001b095       _IN_ActivateMouse          0041c095 f   in_win.obj
 0001:0001b10d       _IN_InitDirect             0041c10d f   in_win.obj
 0001:0001b257       _IN_InitWin32              0041c257 f   in_win.obj
 0001:0001b385       _IN_MouseMove              0041c385 f   in_win.obj
 0001:0005b051       _J_InitSource              0045c051 f   jccolor.obj
 0001:0001a856       _J_FillInputBuffer         0041b856 f   images.obj
 0001:0001a87e       _J_SkipInputData           0041b87e f   images.obj
 0001:0005b051       _J_TermSource              0045c051 f   jccolor.obj
 0001:0001a896       _InitJpegError             0041b896 f   images.obj
 0001:0001a8c7       _J_ErrorExit               0041b8c7 f   images.obj
 0001:0001a8d6       _J_EmitMessage             0041b8d6 f   images.obj
 0001:0001a8f3       _J_ResetErrorMgr           0041b8f3 f   images.obj
 0001:000188b5       _FindPakFile               004198b5 f   files.obj
 0001:00018925       _FindPakDirectory          00419925 f   files.obj
 0001:000189b6       _FileLength                004199b6 f   files.obj
 0001:00018e08       _FOpenCached               00419e08 f   files.obj
 0001:00019149       _UnloadPackFile            0041a149 f   files.obj
 0001:0001916f       _ClearFileCache            0041a16f f   files.obj
 0001:00019196       _AddGameDirectory          0041a196 f   files.obj
 0001:0001925b       _AddDirFilesToList         0041a25b f   files.obj
 0001:0001931c       _LoadPackFile              0041a31c f   files.obj
 0001:0001948a       _AddPakFile                0041a48a f   files.obj
 0001:00019529       _AddPakDirectory           0041a529 f   files.obj
 0001:00019607       _EnumZippedPak             0041a607 f   files.obj
 0001:0001989f       _ListPakDirectory          0041a89f f   files.obj
 0001:00019a5a       _InitResFiles              0041aa5a f   files.obj
 0001:00019b3d       _FS_LoadPak_f              0041ab3d f   files.obj
 0001:00019c0a       _TryLoadPak                0041ac0a f   files.obj
 0001:00019c78       _FindPakStruc              0041ac78 f   files.obj
 0001:00019ccd       _FS_UnloadPak_f            0041accd f   files.obj
 0001:00019e74       _FS_Link_f                 0041ae74 f   files.obj
 0001:00019f40       _FS_Dir_f                  0041af40 f   files.obj
 0001:0001a151       _FS_Path_f                 0041b151 f   files.obj
 0001:0001a1e9       _FS_Cat_f                  0041b1e9 f   files.obj
 0001:0001a2c2       _FS_Type_f                 0041b2c2 f   files.obj
 0001:000171c6       _Cvar_FindVar              004181c6 f   cvar.obj
 0001:000171fb       _ComputeHash               004181fb f   cvar.obj
 0001:0001740d       _Cvar_SetString            0041840d f   cvar.obj
 0001:000174a3       _Cvar_InfoValidate         004184a3 f   cvar.obj
 0001:000175b3       _Cvar_Set2                 004185b3 f   cvar.obj
 0001:00017785       _Cvar_SetHardcoded         00418785 f   cvar.obj
 0001:00017bb0       _Cvar_Set_f                00418bb0 f   cvar.obj
 0001:00017c2d       _Cvar_SetWithFlags         00418c2d f   cvar.obj
 0001:00017c80       _Cvar_Seta_f               00418c80 f   cvar.obj
 0001:00017ca2       _Cvar_Setu_f               00418ca2 f   cvar.obj
 0001:00017cc4       _Cvar_Sets_f               00418cc4 f   cvar.obj
 0001:00017ce6       _Cvar_Reset_f              00418ce6 f   cvar.obj
 0001:00017d4b       _Cvar_List_f               00418d4b f   cvar.obj
 0001:00017e5b       _Cvar_Add_f                00418e5b f   cvar.obj
 0001:00017fd2       _Cvar_Scale_f              00418fd2 f   cvar.obj
 0001:00018045       _Cvar_Toggle_f             00419045 f   cvar.obj
 0001:000180a8       _Cvar_Cycle_f              004190a8 f   cvar.obj
 0001:00016545       _Con_ToggleChat_f          00417545 f   console.obj
 0001:00016576       _Con_Clear_f               00417576 f   console.obj
 0001:000165d1       _Con_Dump_f                004175d1 f   console.obj
 0001:000166e4       _Con_MessageMode_f         004176e4 f   console.obj
 0001:000166f6       _Con_MessageMode2_f        004176f6 f   console.obj
 0001:00016796       _PlaceChar                 00417796 f   console.obj
 0001:00016920       _FindLine                  00417920 f   console.obj
 0001:0001709c       _Con_DrawInput             0041809c f   console.obj
 0001:00014d11       _GetInt                    00415d11 f   common.obj
 0001:00015ce0       _Com_Error_f               00416ce0 f   common.obj
 0001:00015cf8       _ParseCmdline              00416cf8 f   common.obj
 0001:00015ead       _PushCmdline               00416ead f   common.obj
 0001:000124a5       _CMod_LoadSurfaces         004134a5 f   cmodel.obj
 0001:000125bf       _CMod_ReadSurfMaterials    004135bf f   cmodel.obj
 0001:000126fa       _CMod_LoadNodes            004136fa f   cmodel.obj
 0001:0001275c       _CMod_LoadBrushes          0041375c f   cmodel.obj
 0001:000127a8       _CMod_LoadLeafs            004137a8 f   cmodel.obj
 0001:00012877       _CMod_LoadPlanes           00413877 f   cmodel.obj
 0001:0001295f       _CMod_LoadLeafBrushes      0041395f f   cmodel.obj
 0001:000129aa       _CMod_LoadBrushSides       004139aa f   cmodel.obj
 0001:00012a23       _CMod_LoadAreas            00413a23 f   cmodel.obj
 0001:00012dfd       _PointLeafnum_r            00413dfd f   cmodel.obj
 0001:00012ec0       _BoxLeafnums_r             00413ec0 f   cmodel.obj
 0001:000133d9       _TestInLeaf                004143d9 f   cmodel.obj
 0001:0001344b       _TestBoxInBrush            0041444b f   cmodel.obj
 0001:0001352d       _RecursiveHullCheck        0041452d f   cmodel.obj
 0001:000137dd       _TraceToLeaf               004147dd f   cmodel.obj
 0001:00013898       _ClipBoxToBrush            00414898 f   cmodel.obj
 0001:00013f06       _RecursiveBrushTest        00414f06 f   cmodel.obj
 0001:00014178       _TestBrush                 00415178 f   cmodel.obj
 0001:0001443b       _FloodArea_r               0041543b f   cmodel.obj
 0001:00011e61       _Cmd_MacroExpandString     00412e61 f   cmd.obj
 0001:0001219d       _Cmd_Wait_f                0041319d f   cmd.obj
 0001:000121d2       _Cmd_List_f                004131d2 f   cmd.obj
 0001:00010b93       _DrawSurfInfo              00411b93 f   cl_view.obj
 0001:00011091       _DrawFlag                  00412091 f   cl_view.obj
 0001:000111e2       _DecodeContents            004121e2 f   cl_view.obj
 0001:0001122d       _DrawOriginInfo            0041222d f   cl_view.obj
 0001:000113be       _DrawFpsInfo               004123be f   cl_view.obj
 0001:000114e7       _FixWaterVis               004124e7 f   cl_view.obj
 0001:000115e5       _entitycmpfnc              004125e5 f   cl_view.obj
 0001:0001164e       _Screenshot_f              0041264e f   cl_view.obj
 0001:0000d9ec       _SCR_CalcVrect             0040e9ec f   cl_scrn.obj
 0001:000085a9       _TryParseStatus            004095a9 f   cl_main.obj
 0001:00006a27       _IN_KLookUp                00407a27 f   cl_input.obj
 0001:00006a33       _KeyUp                     00407a33 f   cl_input.obj
 0001:00006aad       _IN_KLookDown              00407aad f   cl_input.obj
 0001:00006ab9       _KeyDown                   00407ab9 f   cl_input.obj
 0001:00006b2f       _IN_UpUp                   00407b2f f   cl_input.obj
 0001:00006b3b       _IN_UpDown                 00407b3b f   cl_input.obj
 0001:00006b47       _IN_DownUp                 00407b47 f   cl_input.obj
 0001:00006b53       _IN_DownDown               00407b53 f   cl_input.obj
 0001:00006b5f       _IN_RightUp                00407b5f f   cl_input.obj
 0001:00006b6b       _IN_RightDown              00407b6b f   cl_input.obj
 0001:00006b77       _IN_LeftUp                 00407b77 f   cl_input.obj
 0001:00006b83       _IN_LeftDown               00407b83 f   cl_input.obj
 0001:00006b8f       _IN_ForwardUp              00407b8f f   cl_input.obj
 0001:00006b9b       _IN_ForwardDown            00407b9b f   cl_input.obj
 0001:00006ba7       _IN_BackUp                 00407ba7 f   cl_input.obj
 0001:00006bb3       _IN_BackDown               00407bb3 f   cl_input.obj
 0001:00006bbf       _IN_LookupUp               00407bbf f   cl_input.obj
 0001:00006bcb       _IN_LookupDown             00407bcb f   cl_input.obj
 0001:00006bd7       _IN_LookdownUp             00407bd7 f   cl_input.obj
 0001:00006be3       _IN_LookdownDown           00407be3 f   cl_input.obj
 0001:00006bef       _IN_MoveleftUp             00407bef f   cl_input.obj
 0001:00006bfb       _IN_MoveleftDown           00407bfb f   cl_input.obj
 0001:00006c07       _IN_MoverightUp            00407c07 f   cl_input.obj
 0001:00006c13       _IN_MoverightDown          00407c13 f   cl_input.obj
 0001:00006c1f       _IN_SpeedUp                00407c1f f   cl_input.obj
 0001:00006c2b       _IN_SpeedDown              00407c2b f   cl_input.obj
 0001:00006c37       _IN_StrafeUp               00407c37 f   cl_input.obj
 0001:00006c43       _IN_StrafeDown             00407c43 f   cl_input.obj
 0001:00006c4f       _IN_AttackUp               00407c4f f   cl_input.obj
 0001:00006c5b       _IN_AttackDown             00407c5b f   cl_input.obj
 0001:00006c67       _IN_UseUp                  00407c67 f   cl_input.obj
 0001:00006c73       _IN_UseDown                00407c73 f   cl_input.obj
 0001:00006c7f       _IN_Lookdown               00407c7f f   cl_input.obj
 0001:00006cb2       _IN_Lookup                 00407cb2 f   cl_input.obj
 0001:00006f2e       _CreateCmd                 00407f2e f   cl_input.obj
 0001:00006f7a       _BaseMove                  00407f7a f   cl_input.obj
 0001:00007154       _CL_KeyState               00408154 f   cl_input.obj
 0001:000071b4       _AdjustAngles              004081b4 f   cl_input.obj
 0001:000072c3       _FinishMove                004082c3 f   cl_input.obj
 0001:00007387       _ClampPitch                00408387 f   cl_input.obj
 0001:000036df       _CL_AddParticleTraces      004046df f   cl_fx.obj
 0001:00003a51       _CL_AddParticleBeams       00404a51 f   cl_fx.obj
 0001:00002414       _CL_AddDebugLines          00403414 f   cl_ents.obj
 0001:00002468       _CL_AddPacketEntities      00403468 f   cl_ents.obj
 0001:00002e90       _GetEntityInfo             00403e90 f   cl_ents.obj
 0001:00002f9f       _AddEntityWithEffects      00403f9f f   cl_ents.obj
 0001:00002fcb       _AddViewWeapon             00403fcb f   cl_ents.obj
 0001:0000083e       _FreeCinematic             0040183e f   cl_cin.obj
 0001:000009f0       _ReadNextFrame             004019f0 f   cl_cin.obj
 0001:00000b0d       _Huff1Decompress           00401b0d f   cl_cin.obj
 0001:00000fb3       _Huff1TableInit            00401fb3 f   cl_cin.obj
 0001:000010ad       _SmallestNode1             004020ad f   cl_cin.obj
 0001:0000014c       _CDAudio_GetAudioDiskInfo  0040114c f   cd_win.obj
 0001:000004c4       _CD_f                      004014c4 f   cd_win.obj
 0001:0000077d       _CDAudio_Eject             0040177d f   cd_win.obj
 0001:000007a7       _CDAudio_CloseDoor         004017a7 f   cd_win.obj

 70 bytes saved through ICF

