 quake2

 Timestamp is 3dfdbacd (Mon Dec 16 14:36:45 2002)

 Preferred load address is 00400000

 Start         Length     Name                   Class
 0001:00000000 00062c60H .text                   CODE
 0002:00000000 00000358H .idata$5                DATA
 0002:00000358 000019bcH .rdata                  DATA
 0002:00001d14 00000078H .idata$2                DATA
 0002:00001d8c 00000014H .idata$3                DATA
 0002:00001da0 00000358H .idata$4                DATA
 0002:000020f8 00000b46H .idata$6                DATA
 0002:00002c3e 00000000H .edata                  DATA
 0003:00000000 00000004H .CRT$XCA                DATA
 0003:00000004 00000004H .CRT$XCZ                DATA
 0003:00000008 00000004H .CRT$XIA                DATA
 0003:0000000c 00000004H .CRT$XIZ                DATA
 0003:00000010 00013c74H .data                   DATA
 0003:00013c88 009a81dcH .bss                    DATA
 0004:00000000 000000a0H .rsrc$01                DATA
 0004:000000a0 00000300H .rsrc$02                DATA

  Address         Publics by Value              Rva+Base     Lib:Object

 0001:00000000       _CDAudio_Play2             00401000 f   cd_win.obj
 0001:000001e5       _CDAudio_Play              004011e5 f   cd_win.obj
 0001:000001fc       _CDAudio_Stop              004011fc f   cd_win.obj
 0001:00000241       _CDAudio_Pause             00401241 f   cd_win.obj
 0001:0000029a       _CDAudio_Resume            0040129a f   cd_win.obj
 0001:0000030c       _CDAudio_MessageHandler    0040130c f   cd_win.obj
 0001:000003a3       _CDAudio_Update            004013a3 f   cd_win.obj
 0001:000003da       _CDAudio_Init              004013da f   cd_win.obj
 0001:000007d1       _CDAudio_Shutdown          004017d1 f   cd_win.obj
 0001:00000804       _CDAudio_Activate          00401804 f   cd_win.obj
 0001:00000815       _SCR_StopCinematic         00401815 f   cl_cin.obj
 0001:000008a1       _SCR_FinishCinematic       004018a1 f   cl_cin.obj
 0001:000008cb       _SCR_ReadNextFrame         004018cb f   cl_cin.obj
 0001:00000bec       _SCR_RunCinematic          00401bec f   cl_cin.obj
 0001:00000ce5       _SCR_DrawCinematic         00401ce5 f   cl_cin.obj
 0001:00000d84       _SCR_PlayCinematic         00401d84 f   cl_cin.obj
 0001:000010bb       _CL_ParseEntityBits        004020bb f   cl_ents.obj
 0001:0000113a       _CL_ParseDelta             0040213a f   cl_ents.obj
 0001:00001318       _CL_DeltaEntity            00402318 f   cl_ents.obj
 0001:0000146e       _CL_ParsePacketEntities    0040246e f   cl_ents.obj
 0001:00001691       _CL_ParsePlayerstate       00402691 f   cl_ents.obj
 0001:0000199f       _CL_FireEntityEvents       0040299f f   cl_ents.obj
 0001:000019ee       _CL_ParseFrame             004029ee f   cl_ents.obj
 0001:00001c51       _CL_AddPacketEntities      00402c51 f   cl_ents.obj
 0001:000026ee       _CL_AddViewWeapon          004036ee f   cl_ents.obj
 0001:00002827       _CL_CalcViewValues         00403827 f   cl_ents.obj
 0001:00002ac5       _CL_AddEntities            00403ac5 f   cl_ents.obj
 0001:00002b92       _CL_GetEntitySoundOrigin   00403b92 f   cl_ents.obj
 0001:00002bce       _CL_RunLightStyles         00403bce f   cl_fx.obj
 0001:00002c3e       _CL_SetLightstyle          00403c3e f   cl_fx.obj
 0001:00002ca9       _CL_AddLightStyles         00403ca9 f   cl_fx.obj
 0001:00002ce1       _CL_AllocDlight            00403ce1 f   cl_fx.obj
 0001:00002d4c       _CL_RunDLights             00403d4c f   cl_fx.obj
 0001:00002d9e       _CL_ParseMuzzleFlash       00403d9e f   cl_fx.obj
 0001:000035b2       _CL_ParseMuzzleFlash2      004045b2 f   cl_fx.obj
 0001:00003cb9       _CL_AddDLights             00404cb9 f   cl_fx.obj
 0001:00003d87       _CL_ClearParticles         00404d87 f   cl_fx.obj
 0001:00003dc7       _CL_ParticleEffect         00404dc7 f   cl_fx.obj
 0001:00003e96       _CL_ParticleEffect2        00404e96 f   cl_fx.obj
 0001:00003f61       _CL_ParticleEffect3        00404f61 f   cl_fx.obj
 0001:00004031       _CL_TeleporterParticles    00405031 f   cl_fx.obj
 0001:000040e8       _CL_LogoutEffect           004050e8 f   cl_fx.obj
 0001:000041d3       _CL_ItemRespawnParticles   004051d3 f   cl_fx.obj
 0001:00004282       _CL_ExplosionParticles     00405282 f   cl_fx.obj
 0001:0000432c       _CL_BigTeleportParticles   0040532c f   cl_fx.obj
 0001:00004483       _CL_BlasterParticles       00405483 f   cl_fx.obj
 0001:0000454f       _CL_BlasterTrail           0040554f f   cl_fx.obj
 0001:00004648       _CL_FlagTrail              00405648 f   cl_fx.obj
 0001:0000474e       _CL_DiminishingTrail       0040574e f   cl_fx.obj
 0001:000049b8       _MakeNormalVectors         004059b8 f   cl_fx.obj
 0001:00004a0f       _CL_RocketTrail            00405a0f f   cl_fx.obj
 0001:00004b3e       _CL_RailTrail              00405b3e f   cl_fx.obj
 0001:00004d6e       _CL_IonripperTrail         00405d6e f   cl_fx.obj
 0001:00004e82       _CL_BubbleTrail            00405e82 f   cl_fx.obj
 0001:00004fa6       _CL_FlyParticles           00405fa6 f   cl_fx.obj
 0001:0000514b       _CL_FlyEffect              0040614b f   cl_fx.obj
 0001:000051ce       _CL_BfgParticles           004061ce f   cl_fx.obj
 0001:000053ab       _CL_TrapParticles          004063ab f   cl_fx.obj
 0001:0000564d       _CL_BFGExplosionParticles  0040664d f   cl_fx.obj
 0001:000056f7       _CL_TeleportParticles      004066f7 f   cl_fx.obj
 0001:00005830       _CL_AllocParticleTrace     00406830 f   cl_fx.obj
 0001:000058d5       _CL_MetalSparks            004068d5 f   cl_fx.obj
 0001:000059b4       _CL_AllocParticle          004069b4 f   cl_fx.obj
 0001:00005a03       _CL_UpdateParticles        00406a03 f   cl_fx.obj
 0001:00005ee6       _CL_EntityEvent            00406ee6 f   cl_fx.obj
 0001:000060c3       _CL_ClearEffects           004070c3 f   cl_fx.obj
 0001:000060f5       _KeyDown                   004070f5 f   cl_input.obj
 0001:0000616b       _KeyUp                     0040716b f   cl_input.obj
 0001:000061e5       _IN_KLookDown              004071e5 f   cl_input.obj
 0001:000061f1       _IN_KLookUp                004071f1 f   cl_input.obj
 0001:000061fd       _IN_UpDown                 004071fd f   cl_input.obj
 0001:00006209       _IN_UpUp                   00407209 f   cl_input.obj
 0001:00006215       _IN_DownDown               00407215 f   cl_input.obj
 0001:00006221       _IN_DownUp                 00407221 f   cl_input.obj
 0001:0000622d       _IN_LeftDown               0040722d f   cl_input.obj
 0001:00006239       _IN_LeftUp                 00407239 f   cl_input.obj
 0001:00006245       _IN_RightDown              00407245 f   cl_input.obj
 0001:00006251       _IN_RightUp                00407251 f   cl_input.obj
 0001:0000625d       _IN_ForwardDown            0040725d f   cl_input.obj
 0001:00006269       _IN_ForwardUp              00407269 f   cl_input.obj
 0001:00006275       _IN_BackDown               00407275 f   cl_input.obj
 0001:00006281       _IN_BackUp                 00407281 f   cl_input.obj
 0001:0000628d       _IN_LookupDown             0040728d f   cl_input.obj
 0001:00006299       _IN_LookupUp               00407299 f   cl_input.obj
 0001:000062a5       _IN_LookdownDown           004072a5 f   cl_input.obj
 0001:000062b1       _IN_LookdownUp             004072b1 f   cl_input.obj
 0001:000062bd       _IN_MoveleftDown           004072bd f   cl_input.obj
 0001:000062c9       _IN_MoveleftUp             004072c9 f   cl_input.obj
 0001:000062d5       _IN_MoverightDown          004072d5 f   cl_input.obj
 0001:000062e1       _IN_MoverightUp            004072e1 f   cl_input.obj
 0001:000062ed       _IN_SpeedDown              004072ed f   cl_input.obj
 0001:000062f9       _IN_SpeedUp                004072f9 f   cl_input.obj
 0001:00006305       _IN_StrafeDown             00407305 f   cl_input.obj
 0001:00006311       _IN_StrafeUp               00407311 f   cl_input.obj
 0001:0000631d       _IN_AttackDown             0040731d f   cl_input.obj
 0001:00006329       _IN_AttackUp               00407329 f   cl_input.obj
 0001:00006335       _IN_UseDown                00407335 f   cl_input.obj
 0001:00006341       _IN_UseUp                  00407341 f   cl_input.obj
 0001:0000634d       _IN_Impulse                0040734d f   cl_input.obj
 0001:00006363       _CL_KeyState               00407363 f   cl_input.obj
 0001:000063c1       _CL_AdjustAngles           004073c1 f   cl_input.obj
 0001:000064d0       _CL_BaseMove               004074d0 f   cl_input.obj
 0001:000066aa       _CL_ClampPitch             004076aa f   cl_input.obj
 0001:00006758       _CL_FinishMove             00407758 f   cl_input.obj
 0001:00006807       _CL_CreateCmd              00407807 f   cl_input.obj
 0001:00006873       _IN_CenterView             00407873 f   cl_input.obj
 0001:00006894       _CL_InitInput              00407894 f   cl_input.obj
 0001:00006a9a       _CL_SendCmd                00407a9a f   cl_input.obj
 0001:00006c94       _CL_ParseInventory         00407c94 f   cl_inv.obj
 0001:00006cb4       _CL_DrawInventory          00407cb4 f   cl_inv.obj
 0001:00006f15       _CL_WriteDemoMessage       00407f15 f   cl_main.obj
 0001:00006f57       _CL_Stop_f                 00407f57 f   cl_main.obj
 0001:00006fb2       _CL_Record_f               00407fb2 f   cl_main.obj
 0001:0000722b       _Cmd_ForwardToServer       0040822b f   cl_main.obj
 0001:00007297       _CL_Setenv_f               00408297 f   cl_main.obj
 0001:0000735b       _CL_ForwardToServer_f      0040835b f   cl_main.obj
 0001:000073a9       _CL_Pause_f                004083a9 f   cl_main.obj
 0001:000073e2       _CL_Quit_f                 004083e2 f   cl_main.obj
 0001:000073ec       _CL_Drop                   004083ec f   cl_main.obj
 0001:0000740e       _CL_SendConnectPacket      0040840e f   cl_main.obj
 0001:000074e2       _CL_CheckForResend         004084e2 f   cl_main.obj
 0001:000075c2       _CL_Connect_f              004085c2 f   cl_main.obj
 0001:00007641       _CL_Rcon_f                 00408641 f   cl_main.obj
 0001:0000778e       _CL_ClearState             0040878e f   cl_main.obj
 0001:000077cd       _CL_Disconnect             004087cd f   cl_main.obj
 0001:000078f9       _CL_Disconnect_f           004088f9 f   cl_main.obj
 0001:00007908       _CL_Changing_f             00408908 f   cl_main.obj
 0001:0000792c       _CL_Reconnect_f            0040892c f   cl_main.obj
 0001:000079c8       _CL_ParseStatusMessage     004089c8 f   cl_main.obj
 0001:000079ff       _CL_PingServers_f          004089ff f   cl_main.obj
 0001:00007b59       _CL_Skins_f                00408b59 f   cl_main.obj
 0001:00007b95       _CL_ConnectionlessPacket   00408b95 f   cl_main.obj
 0001:00007dd7       _CL_ReadPackets            00408dd7 f   cl_main.obj
 0001:00007f15       _CL_FixUpGender            00408f15 f   cl_main.obj
 0001:00007fe8       _CL_Userinfo_f             00408fe8 f   cl_main.obj
 0001:00008000       _CL_Snd_Restart_f          00409000 f   cl_main.obj
 0001:0000800f       _CL_RequestNextDownload    0040900f f   cl_main.obj
 0001:0000863f       _CL_Precache_f             0040963f f   cl_main.obj
 0001:000086a8       _CL_WriteConfiguration     004096a8 f   cl_main.obj
 0001:00008739       _CL_WriteConfig_f          00409739 f   cl_main.obj
 0001:00008798       _CL_InitLocal              00409798 f   cl_main.obj
 0001:000089b8       _CL_FixCvarCheats          004099b8 f   cl_main.obj
 0001:00008a75       _CL_SendCommand            00409a75 f   cl_main.obj
 0001:00008a93       _CL_Frame                  00409a93 f   cl_main.obj
 0001:00008c6b       _CL_Init                   00409c6b f   cl_main.obj
 0001:00008cc0       _CL_Shutdown               00409cc0 f   cl_main.obj
 0001:00008d06       _vectoangles2              00409d06 f   cl_newfx.obj
 0001:00008e08       _CL_Flashlight             00409e08 f   cl_newfx.obj
 0001:00008e58       _CL_ColorFlash             00409e58 f   cl_newfx.obj
 0001:00008efd       _CL_DebugTrail             00409efd f   cl_newfx.obj
 0001:00008ff4       _CL_ForceWall              00409ff4 f   cl_newfx.obj
 0001:0000912e       _CL_BubbleTrail2           0040a12e f   cl_newfx.obj
 0001:0000925e       _CL_Heatbeam               0040a25e f   cl_newfx.obj
 0001:000094e1       _CL_ParticleSteamEffect    0040a4e1 f   cl_newfx.obj
 0001:000095ed       _CL_ParticleSteamEffect2   0040a5ed f   cl_newfx.obj
 0001:0000970c       _CL_TrackerTrail           0040a70c f   cl_newfx.obj
 0001:00009851       _CL_Tracker_Shell          0040a851 f   cl_newfx.obj
 0001:000098c8       _CL_MonsterPlasma_Shell    0040a8c8 f   cl_newfx.obj
 0001:0000993c       _CL_Widowbeamout           0040a93c f   cl_newfx.obj
 0001:000099e3       _CL_Nukeblast              0040a9e3 f   cl_newfx.obj
 0001:00009a8a       _CL_WidowSplash            0040aa8a f   cl_newfx.obj
 0001:00009b45       _CL_TagTrail               0040ab45 f   cl_newfx.obj
 0001:00009c4b       _CL_ColorExplosionParticles 0040ac4b f   cl_newfx.obj
 0001:00009cf8       _CL_ParticleSmokeEffect    0040acf8 f   cl_newfx.obj
 0001:00009e02       _CL_BlasterParticles2      0040ae02 f   cl_newfx.obj
 0001:00009ecf       _CL_BlasterTrail2          0040aecf f   cl_newfx.obj
 0001:00009fc8       _CL_DownloadFileName       0040afc8 f   cl_parse.obj
 0001:0000a007       _CL_CheckOrDownloadFile    0040b007 f   cl_parse.obj
 0001:0000a16b       _CL_Download_f             0040b16b f   cl_parse.obj
 0001:0000a237       _CL_RegisterSounds         0040b237 f   cl_parse.obj
 0001:0000a276       _CL_ParseDownload          0040b276 f   cl_parse.obj
 0001:0000a3e3       _CL_ParseServerData        0040b3e3 f   cl_parse.obj
 0001:0000a4f2       _CL_ParseBaseline          0040b4f2 f   cl_parse.obj
 0001:0000a52c       _CL_LoadClientinfo         0040b52c f   cl_parse.obj
 0001:0000a7f7       _CL_ParseClientinfo        0040b7f7 f   cl_parse.obj
 0001:0000a81b       _CL_ParseConfigString      0040b81b f   cl_parse.obj
 0001:0000a9a0       _CL_ParseStartSoundPacket  0040b9a0 f   cl_parse.obj
 0001:0000aaa2       _SHOWNET                   0040baa2 f   cl_parse.obj
 0001:0000aac6       _CL_ParseServerMessage     0040bac6 f   cl_parse.obj
 0001:0000ad66       _CL_CheckPredictionError   0040bd66 f   cl_pred.obj
 0001:0000ae85       _CL_ClipMoveToEntities     0040be85 f   cl_pred.obj
 0001:0000b1ae       _CL_PMTrace                0040c1ae f   cl_pred.obj
 0001:0000b21d       _CL_PMpointcontents        0040c21d f   cl_pred.obj
 0001:0000b287       _CL_PredictMovement        0040c287 f   cl_pred.obj
 0001:0000b490       _CL_AddNetgraph            0040c490 f   cl_scrn.obj
 0001:0000b56a       _SCR_DebugGraph            0040c56a f   cl_scrn.obj
 0001:0000b592       _SCR_DrawDebugGraph        0040c592 f   cl_scrn.obj
 0001:0000b671       _SCR_CenterPrint           0040c671 f   cl_scrn.obj
 0001:0000b782       _SCR_DrawCenterString      0040c782 f   cl_scrn.obj
 0001:0000b8d7       _SCR_SizeUp_f              0040c8d7 f   cl_scrn.obj
 0001:0000b8f0       _SCR_SizeDown_f            0040c8f0 f   cl_scrn.obj
 0001:0000b911       _SCR_Sky_f                 0040c911 f   cl_scrn.obj
 0001:0000b9bc       _SCR_Init                  0040c9bc f   cl_scrn.obj
 0001:0000ba21       _SCR_DrawNet               0040ca21 f   cl_scrn.obj
 0001:0000ba5c       _SCR_DrawPause             0040ca5c f   cl_scrn.obj
 0001:0000bac5       _SCR_RunConsole            0040cac5 f   cl_scrn.obj
 0001:0000bb62       _SCR_DrawConsole           0040cb62 f   cl_scrn.obj
 0001:0000bbf5       _SCR_SetLevelshot          0040cbf5 f   cl_scrn.obj
 0001:0000bc87       _SCR_DrawLoading           0040cc87 f   cl_scrn.obj
 0001:0000bd2b       _SCR_BeginLoadingPlaque    0040cd2b f   cl_scrn.obj
 0001:0000bd81       _SCR_EndLoadingPlaque      0040cd81 f   cl_scrn.obj
 0001:0000bd9c       _SCR_Loading_f             0040cd9c f   cl_scrn.obj
 0001:0000bda1       _SCR_TimeRefresh_f         0040cda1 f   cl_scrn.obj
 0001:0000be78       _SCR_AddDirtyPoint         0040ce78 f   cl_scrn.obj
 0001:0000beb5       _SCR_DirtyScreen           0040ceb5 f   cl_scrn.obj
 0001:0000bf30       _SCR_TileClear             0040cf30 f   cl_scrn.obj
 0001:0000c10b       _DrawHUDString             0040d10b f   cl_scrn.obj
 0001:0000c1bd       _SCR_DrawField             0040d1bd f   cl_scrn.obj
 0001:0000c2e1       _SCR_TouchPics             0040d2e1 f   cl_scrn.obj
 0001:0000c373       _SCR_ExecuteLayoutString   0040d373 f   cl_scrn.obj
 0001:0000cd25       _SCR_UpdateScreen          0040dd25 f   cl_scrn.obj
 0001:0000d010       _CL_RegisterTEntSounds     0040e010 f   cl_tent.obj
 0001:0000d248       _CL_RegisterTEntModels     0040e248 f   cl_tent.obj
 0001:0000d3ce       _CL_ClearTEnts             0040e3ce f   cl_tent.obj
 0001:0000d425       _CL_AllocExplosion         0040e425 f   cl_tent.obj
 0001:0000d477       _CL_AddExplosions          0040e477 f   cl_tent.obj
 0001:0000d6c6       _CL_SmokeAndFlash          0040e6c6 f   cl_tent.obj
 0001:0000d72d       _CL_ParseBeam              0040e72d f   cl_tent.obj
 0001:0000d81c       _CL_ParseBeam2             0040e81c f   cl_tent.obj
 0001:0000d91c       _CL_ParsePlayerBeam        0040e91c f   cl_tent.obj
 0001:0000da58       _CL_ParseLightning         0040ea58 f   cl_tent.obj
 0001:0000db2e       _CL_ParseLaser             0040eb2e f   cl_tent.obj
 0001:0000dbd3       _CL_ParseSteam             0040ebd3 f   cl_tent.obj
 0001:0000dce4       _CL_ParseWidow             0040ece4 f   cl_tent.obj
 0001:0000dd50       _CL_ParseNuke              0040ed50 f   cl_tent.obj
 0001:0000ddba       _CL_ParseTEnt              0040edba f   cl_tent.obj
 0001:0000ebd4       _CL_AddBeams               0040fbd4 f   cl_tent.obj
 0001:0000eefd       _CL_AddPlayerBeams         0040fefd f   cl_tent.obj
 0001:0000f604       _CL_AddLasers              00410604 f   cl_tent.obj
 0001:0000f629       _CL_ProcessSustain         00410629 f   cl_tent.obj
 0001:0000f66a       _CL_AddTEnts               0041066a f   cl_tent.obj
 0001:0000f683       _V_AddEntity               00410683 f   cl_view.obj
 0001:0000f6ad       _V_AddLight                004106ad f   cl_view.obj
 0001:0000f6f8       _V_AddLightStyle           004106f8 f   cl_view.obj
 0001:0000f743       _V_TestParticles           00410743 f   cl_view.obj
 0001:0000f801       _V_TestEntities            00410801 f   cl_view.obj
 0001:0000f8a3       _V_TestLights              004108a3 f   cl_view.obj
 0001:0000f981       _CL_PrepRefresh            00410981 f   cl_view.obj
 0001:0000fc54       _CalcFov                   00410c54 f   cl_view.obj
 0001:0000fccd       _V_Gun_Next_f              00410ccd f   cl_view.obj
 0001:0000fce6       _V_Gun_Prev_f              00410ce6 f   cl_view.obj
 0001:0000fd08       _V_Gun_Model_f             00410d08 f   cl_view.obj
 0001:0000fd3c       _SCR_DrawCrosshair         00410d3c f   cl_view.obj
 0001:0000fda8       _V_RenderView              00410da8 f   cl_view.obj
 0001:00010965       _V_Viewpos_f               00411965 f   cl_view.obj
 0001:000109a3       _V_Init                    004119a3 f   cl_view.obj
 0001:000109ef       _Cbuf_Init                 004119ef f   cmd.obj
 0001:00010a07       _Cbuf_AddText              00411a07 f   cmd.obj
 0001:00010a63       _Cbuf_InsertText           00411a63 f   cmd.obj
 0001:00010abb       _Cbuf_CopyToDefer          00411abb f   cmd.obj
 0001:00010ae7       _Cbuf_InsertFromDefer      00411ae7 f   cmd.obj
 0001:00010afa       _Cbuf_ExecuteText          00411afa f   cmd.obj
 0001:00010b39       _Cbuf_Execute              00411b39 f   cmd.obj
 0001:00010bed       _Cbuf_AddEarlyCommands     00411bed f   cmd.obj
 0001:00010c6f       _Cbuf_AddLateCommands      00411c6f f   cmd.obj
 0001:00010d84       _Cmd_Exec_f                00411d84 f   cmd.obj
 0001:00010e09       _Cmd_Echo_f                00411e09 f   cmd.obj
 0001:00010e4b       _Cmd_Alias_f               00411e4b f   cmd.obj
 0001:00010f72       _Cmd_Unalias_f             00411f72 f   cmd.obj
 0001:00010ffb       _Cmd_WriteAliases          00411ffb f   cmd.obj
 0001:00011024       _Cmd_Argc                  00412024 f   cmd.obj
 0001:0001102a       _Cmd_Argv                  0041202a f   cmd.obj
 0001:00011044       _Cmd_Args                  00412044 f   cmd.obj
 0001:0001104a       _Cmd_TokenizeString        0041204a f   cmd.obj
 0001:0001127c       _Cmd_AddCommand            0041227c f   cmd.obj
 0001:000112e7       _Cmd_RemoveCommand         004122e7 f   cmd.obj
 0001:00011329       _Cmd_CompleteCommand       00412329 f   cmd.obj
 0001:00011828       _Cmd_ExecuteString         00412828 f   cmd.obj
 0001:00011900       _Cmd_Init                  00412900 f   cmd.obj
 0001:000119d9       _CMod_GetSurfMaterial      004129d9 f   cmodel.obj
 0001:00011a33       _CM_LoadMap                00412a33 f   cmodel.obj
 0001:0001225b       _CM_InlineModel            0041325b f   cmodel.obj
 0001:000122a9       _CM_NumClusters            004132a9 f   cmodel.obj
 0001:000122af       _CM_NumInlineModels        004132af f   cmodel.obj
 0001:000122b5       _CM_EntityString           004132b5 f   cmodel.obj
 0001:000122bb       _CM_LeafContents           004132bb f   cmodel.obj
 0001:000122e5       _CM_LeafCluster            004132e5 f   cmodel.obj
 0001:00012310       _CM_LeafArea               00413310 f   cmodel.obj
 0001:0001233b       _CM_InitBoxHull            0041333b f   cmodel.obj
 0001:0001251a       _CM_HeadnodeForBox         0041351a f   cmodel.obj
 0001:000125cf       _CM_PointLeafnum           004135cf f   cmodel.obj
 0001:00012652       _CM_BoxLeafnums            00413652 f   cmodel.obj
 0001:0001275b       _CM_PointContents          0041375b f   cmodel.obj
 0001:00012780       _CM_TransformedPointContents 00413780 f   cmodel.obj
 0001:0001286a       _CM_BoxTrace               0041386a f   cmodel.obj
 0001:00013f29       _CM_TransformedBoxTrace    00414f29 f   cmodel.obj
 0001:000141b2       _CM_DecompressVis          004151b2 f   cmodel.obj
 0001:0001425b       _CM_ClusterPVS             0041525b f   cmodel.obj
 0001:000142a8       _CM_ClusterPHS             004152a8 f   cmodel.obj
 0001:000142f5       _FloodAreaConnections      004152f5 f   cmodel.obj
 0001:000143b0       _CM_SetAreaPortalState     004153b0 f   cmodel.obj
 0001:000143dd       _CM_AreasConnected         004153dd f   cmodel.obj
 0001:0001442b       _CM_WriteAreaBits          0041542b f   cmodel.obj
 0001:000144bb       _CM_WritePortalState       004154bb f   cmodel.obj
 0001:000144d5       _CM_ReadPortalState        004154d5 f   cmodel.obj
 0001:000144f3       _CM_HeadnodeVisible        004154f3 f   cmodel.obj
 0001:0001455b       _Com_BeginRedirect         0041555b f   common.obj
 0001:00014598       _Com_EndRedirect           00415598 f   common.obj
 0001:000145c3       _Com_Printf                004155c3 f   common.obj
 0001:00014722       _Com_DPrintf               00415722 f   common.obj
 0001:0001479c       _DebugPrintf               0041579c f   common.obj
 0001:00014844       _Com_WPrintf               00415844 f   common.obj
 0001:0001489d       _Com_Error                 0041589d f   common.obj
 0001:0001497b       _Com_Quit                  0041597b f   common.obj
 0001:000149ab       _MatchWildcard             004159ab f   common.obj
 0001:00014ae8       _Com_ServerState           00415ae8 f   common.obj
 0001:00014aee       _Com_SetServerState        00415aee f   common.obj
 0001:00014af8       _MSG_WriteByte             00415af8 f   common.obj
 0001:00014af8       _MSG_WriteChar             00415af8 f   common.obj
 0001:00014b0c       _MSG_WriteShort            00415b0c f   common.obj
 0001:00014b26       _MSG_WriteLong             00415b26 f   common.obj
 0001:00014b50       _MSG_WriteFloat            00415b50 f   common.obj
 0001:00014b76       _MSG_WriteString           00415b76 f   common.obj
 0001:00014bae       _MSG_WriteCoord            00415bae f   common.obj
 0001:00014bd7       _MSG_WritePos              00415bd7 f   common.obj
 0001:00014c4b       _MSG_WriteAngle            00415c4b f   common.obj
 0001:00014c6e       _MSG_WriteAngle16          00415c6e f   common.obj
 0001:00014c9d       _MSG_WriteDeltaUsercmd     00415c9d f   common.obj
 0001:00014e25       _MSG_WriteDir              00415e25 f   common.obj
 0001:00014e92       _MSG_ReadDir               00415e92 f   common.obj
 0001:00014ed0       _MSG_WriteDeltaEntity      00415ed0 f   common.obj
 0001:000153c9       _MSG_BeginReading          004163c9 f   common.obj
 0001:000153d2       _MSG_ReadChar              004163d2 f   common.obj
 0001:000153f3       _MSG_ReadByte              004163f3 f   common.obj
 0001:00015414       _MSG_ReadShort             00416414 f   common.obj
 0001:00015444       _MSG_ReadLong              00416444 f   common.obj
 0001:00015483       _MSG_ReadString            00416483 f   common.obj
 0001:000154b6       _MSG_ReadStringLine        004164b6 f   common.obj
 0001:000154ee       _MSG_ReadCoord             004164ee f   common.obj
 0001:00015508       _MSG_ReadPos               00416508 f   common.obj
 0001:0001555a       _MSG_ReadAngle             0041655a f   common.obj
 0001:00015574       _MSG_ReadAngle16           00416574 f   common.obj
 0001:0001558e       _MSG_ReadDeltaUsercmd      0041658e f   common.obj
 0001:00015645       _MSG_ReadData              00416645 f   common.obj
 0001:00015668       _SZ_Init                   00416668 f   common.obj
 0001:0001568a       _SZ_Clear                  0041668a f   common.obj
 0001:00015697       _SZ_GetSpace               00416697 f   common.obj
 0001:000156f9       _SZ_Write                  004166f9 f   common.obj
 0001:0001571a       _SZ_Print                  0041671a f   common.obj
 0001:00015763       _COM_Argc                  00416763 f   common.obj
 0001:00015769       _COM_Argv                  00416769 f   common.obj
 0001:0001578a       _COM_ClearArgv             0041678a f   common.obj
 0001:000157b2       _COM_InitArgv              004167b2 f   common.obj
 0001:0001580d       _Info_Print                0041680d f   common.obj
 0001:000158ca       _COM_BlockSequenceCRCByte  004168ca f   common.obj
 0001:00015956       _frand                     00416956 f   common.obj
 0001:00015973       _crand                     00416973 f   common.obj
 0001:00015996       _Com_Error_f               00416996 f   common.obj
 0001:000159ae       _Qcommon_Init              004169ae f   common.obj
 0001:00015aea       _Qcommon_Frame             00416aea f   common.obj
 0001:00015ccd       _CCheckParm                00416ccd f   conproc.obj
 0001:00015d06       _InitConProc               00416d06 f   conproc.obj
 0001:00015e58       _DeinitConProc             00416e58 f   conproc.obj
 0001:00015e69       _RequestProc@4             00416e69 f   conproc.obj
 0001:00015f7a       _WriteText                 00416f7a f   conproc.obj
 0001:00016041       _CharToCode                00417041 f   conproc.obj
 0001:000160c9       _SetConsoleCXCY            004170c9 f   conproc.obj
 0001:00016200       _DrawStringCommon          00417200 f   console.obj
 0001:0001625d       _DrawString                0041725d f   console.obj
 0001:0001627f       _DrawAltString             0041727f f   console.obj
 0001:000162a4       _Key_ClearTyping           004172a4 f   console.obj
 0001:000162be       _Con_ToggleConsole_f       004172be f   console.obj
 0001:0001634f       _Con_ClearNotify           0041734f f   console.obj
 0001:0001635d       _Con_CheckResize           0041735d f   console.obj
 0001:0001647d       _Con_Init                  0041747d f   console.obj
 0001:00016729       _Con_Print                 00417729 f   console.obj
 0001:00016a0c       _Con_DrawNotify            00417a0c f   console.obj
 0001:00016c18       _Con_DrawConsole           00417c18 f   console.obj
 0001:00017159       _CRC_Block                 00418159 f   crc.obj
 0001:00017195       _Cvar_VariableValue        00418195 f   cvar.obj
 0001:00017203       _Cvar_VariableInt          00418203 f   cvar.obj
 0001:00017216       _Cvar_VariableString       00418216 f   cvar.obj
 0001:0001722e       _Cvar_Get                  0041822e f   cvar.obj
 0001:0001748a       _Cvar_GetVars              0041848a f   cvar.obj
 0001:000174cb       _Cvar_FullSet              004184cb f   cvar.obj
 0001:00017528       _Cvar_SetValue             00418528 f   cvar.obj
 0001:00017713       _Cvar_SetInteger           00418713 f   cvar.obj
 0001:00017735       _Cvar_Set                  00418735 f   cvar.obj
 0001:0001774a       _Cvar_ForceSet             0041874a f   cvar.obj
 0001:0001775f       _Cvar_Clamp                0041875f f   cvar.obj
 0001:000177e9       _Cvar_ClampName            004187e9 f   cvar.obj
 0001:0001783a       _Cvar_GetLatchedVars       0041883a f   cvar.obj
 0001:00017869       _Cvar_Command              00418869 f   cvar.obj
 0001:000178d7       _Cvar_WriteVariables       004188d7 f   cvar.obj
 0001:0001793c       _Cvar_BitInfo              0041893c f   cvar.obj
 0001:00017975       _Cvar_Userinfo             00418975 f   cvar.obj
 0001:0001797e       _Cvar_Serverinfo           0041897e f   cvar.obj
 0001:00017987       _Cvar_Init                 00418987 f   cvar.obj
 0001:00017fb5       _FS_CreatePath             00418fb5 f   files.obj
 0001:00017fdb       _Developer_searchpath      00418fdb f   files.obj
 0001:00018020       _FS_FCloseFile             00419020 f   files.obj
 0001:000180b6       _FS_FOpenFile              004190b6 f   files.obj
 0001:000184ee       _FS_FileExists             004194ee f   files.obj
 0001:000186a2       _FS_Read                   004196a2 f   files.obj
 0001:0001894f       _FS_LoadFile               0041994f f   files.obj
 0001:000189b1       _FS_FreeFile               004199b1 f   files.obj
 0001:000189bc       _FS_LoadPackFile           004199bc f   files.obj
 0001:00018cf4       _FS_UnloadPackFile         00419cf4 f   files.obj
 0001:00018d41       _FS_AddGameDirectory       00419d41 f   files.obj
 0001:00018ed4       _FS_Gamedir                00419ed4 f   files.obj
 0001:00018ee8       _FS_LoadGameConfig         00419ee8 f   files.obj
 0001:00018fad       _FS_SetGamedir             00419fad f   files.obj
 0001:00019146       _FS_ListFiles              0041a146 f   files.obj
 0001:000193ea       _FS_NextPath               0041a3ea f   files.obj
 0001:0001940e       _FS_InitFilesystem         0041a40e f   files.obj
 0001:00019dd6       _LoadPCX                   0041add6 f   images.obj
 0001:00019fba       _LoadTGA                   0041afba f   images.obj
 0001:0001a350       _LoadJPG                   0041b350 f   images.obj
 0001:0001a5e3       _ImageExists               0041b5e3 f   images.obj
 0001:0001a6e9       _WriteTGA                  0041b6e9 f   images.obj
 0001:0001a795       _WriteJPG                  0041b795 f   images.obj
 0001:0001a8bd       _IN_MLookDown              0041b8bd f   in_win.obj
 0001:0001a8c8       _IN_MLookUp                0041b8c8 f   in_win.obj
 0001:0001a8eb       _IN_StartupMouse           0041b8eb f   in_win.obj
 0001:0001a945       _IN_MouseEvent             0041b945 f   in_win.obj
 0001:0001a9c2       _IN_Init                   0041b9c2 f   in_win.obj
 0001:0001aa08       _IN_Shutdown               0041ba08 f   in_win.obj
 0001:0001aaed       _IN_Activate               0041baed f   in_win.obj
 0001:0001ab04       _IN_Frame                  0041bb04 f   in_win.obj
 0001:0001aed1       _IN_Move                   0041bed1 f   in_win.obj
 0001:0001b09c       _IN_StartupJoystick        0041c09c f   in_win.obj
 0001:0001b1bd       _Joy_AdvancedUpdate_f      0041c1bd f   in_win.obj
 0001:0001b354       _IN_Commands               0041c354 f   in_win.obj
 0001:0001b483       _IN_ReadJoystick           0041c483 f   in_win.obj
 0001:0001b4be       _IN_JoyMove                0041c4be f   in_win.obj
 0001:0001b80e       _CompleteCommand           0041c80e f   keys.obj
 0001:0001b875       _Key_Console               0041c875 f   keys.obj
 0001:0001be6b       _Key_Message               0041ce6b f   keys.obj
 0001:0001befc       _Key_StringToKeynum        0041cefc f   keys.obj
 0001:0001bf46       _Key_KeynumToString        0041cf46 f   keys.obj
 0001:0001bf99       _Key_SetBinding            0041cf99 f   keys.obj
 0001:0001bff3       _Key_Bindlist_f            0041cff3 f   keys.obj
 0001:0001c084       _Key_WriteBindings         0041d084 f   keys.obj
 0001:0001c0c2       _Key_Init                  0041d0c2 f   keys.obj
 0001:0001c398       _Key_Event                 0041d398 f   keys.obj
 0001:0001c677       _Key_ClearStates           0041d677 f   keys.obj
 0001:0001c6be       _MD4Init                   0041d6be f   md4.obj
 0001:0001c6e6       _MD4Update                 0041d6e6 f   md4.obj
 0001:0001c784       _MD4Final                  0041d784 f   md4.obj
 0001:0001ce75       _Com_BlockChecksum         0041de75 f   md4.obj
 0001:0001ceb1       _Z_Free                    0041deb1 f   memory.obj
 0001:0001cf07       _Z_FreeTags                0041df07 f   memory.obj
 0001:0001cf37       _Z_TagMalloc               0041df37 f   memory.obj
 0001:0001cfa8       _Z_Malloc                  0041dfa8 f   memory.obj
 0001:0001cfca       _Z_BlockMalloc             0041dfca f   memory.obj
 0001:0001cfe5       _CreateMemoryChain         0041dfe5 f   memory.obj
 0001:0001d04e       _FreeMemoryChain           0041e04e f   memory.obj
 0001:0001d078       _AllocChainBlock           0041e078 f   memory.obj
 0001:0001d0c3       _CopyString                0041e0c3 f   memory.obj
 0001:0001d0e7       _ChainCopyString           0041e0e7 f   memory.obj
 0001:0001d10f       _AllocNamedStruc           0041e10f f   memory.obj
 0001:0001d14a       _ChainAllocNamedStruc      0041e14a f   memory.obj
 0001:0001d189       _FindNamedStruc            0041e189 f   memory.obj
 0001:0001d1cd       _FindNamedStrucByIndex     0041e1cd f   memory.obj
 0001:0001d1e4       _IndexOfNamedStruc         0041e1e4 f   memory.obj
 0001:0001d212       _AddToNamedList            0041e212 f   memory.obj
 0001:0001d25c       _ChainAddToNamedList       0041e25c f   memory.obj
 0001:0001d2a6       _FreeNamedList             0041e2a6 f   memory.obj
 0001:0001d2c1       _Z_Init                    0041e2c1 f   memory.obj
 0001:0001d2fc       _M_PushMenu                0041e2fc f   menu.obj
 0001:0001d3b9       _M_ForceMenuOff            0041e3b9 f   menu.obj
 0001:0001d3e6       _M_PopMenu                 0041e3e6 f   menu.obj
 0001:0001d43a       _Default_MenuKey           0041e43a f   menu.obj
 0001:0001d564       _M_Print                   0041e564 f   menu.obj
 0001:0001d5af       _M_DrawTextBox             0041e5af f   menu.obj
 0001:0001d79b       _M_Main_Draw               0041e79b f   menu.obj
 0001:0001d90c       _M_Main_Key                0041e90c f   menu.obj
 0001:0001d9ef       _M_Menu_Main_f             0041e9ef f   menu.obj
 0001:0001da0a       _M_Menu_Multiplayer_f      0041ea0a f   menu.obj
 0001:0001db8e       _M_Menu_Keys_f             0041eb8e f   menu.obj
 0001:0001e06e       _M_Menu_Options_f          0041f06e f   menu.obj
 0001:0001e95e       _M_Menu_Video_f            0041f95e f   menu.obj
 0001:0001e97e       _M_Menu_Credits_f          0041f97e f   menu.obj
 0001:0001eb4b       _M_Menu_Game_f             0041fb4b f   menu.obj
 0001:0001eddd       _M_Menu_LoadGame_f         0041fddd f   menu.obj
 0001:0001ef89       _M_Menu_SaveGame_f         0041ff89 f   menu.obj
 0001:0001f0c3       _M_AddToServerList         004200c3 f   menu.obj
 0001:0001f141       _M_Menu_JoinServer_f       00420141 f   menu.obj
 0001:0001f3af       _M_Menu_StartServer_f      004203af f   menu.obj
 0001:0001fbd9       _M_Menu_DMOptions_f        00420bd9 f   menu.obj
 0001:00020391       _M_Menu_DownloadOptions_f  00421391 f   menu.obj
 0001:00020618       _M_Menu_AddressBook_f      00421618 f   menu.obj
 0001:000217f3       _M_Init                    004227f3 f   menu.obj
 0001:00021916       _M_Draw                    00422916 f   menu.obj
 0001:00021971       _M_Keydown                 00422971 f   menu.obj
 0001:0002198d       _SwapQ2BspFile             0042298d f   model.obj
 0001:00021bd6       _ProcessQ2BspFile          00422bd6 f   model.obj
 0001:00021caf       _CheckLump                 00422caf f   model.obj
 0001:00021cf4       _LoadQ2BspFile             00422cf4 f   model.obj
 0001:00021e9b       _LoadBspFile               00422e9b f   model.obj
 0001:00021f95       _Netchan_Init              00422f95 f   net_chan.obj
 0001:00021ff5       _Netchan_OutOfBand         00422ff5 f   net_chan.obj
 0001:00022051       _Netchan_OutOfBandPrint    00423051 f   net_chan.obj
 0001:00022091       _Netchan_Setup             00423091 f   net_chan.obj
 0001:000220ec       _Netchan_NeedReliable      004230ec f   net_chan.obj
 0001:00022118       _Netchan_Transmit          00423118 f   net_chan.obj
 0001:000222c1       _Netchan_Process           004232c1 f   net_chan.obj
 0001:0002240c       _NetadrToSockadr           0042340c f   net_wins.obj
 0001:000224b3       _SockadrToNetadr           004234b3 f   net_wins.obj
 0001:00022516       _NET_CompareAdr            00423516 f   net_wins.obj
 0001:00022578       _NET_CompareBaseAdr        00423578 f   net_wins.obj
 0001:000225d0       _NET_AdrToString           004235d0 f   net_wins.obj
 0001:00022684       _NET_StringToSockaddr      00423684 f   net_wins.obj
 0001:000228b9       _NET_StringToAdr           004238b9 f   net_wins.obj
 0001:00022912       _NET_IsLocalAddress        00423912 f   net_wins.obj
 0001:0002291c       _NET_GetLoopPacket         0042391c f   net_wins.obj
 0001:000229a3       _NET_SendLoopPacket        004239a3 f   net_wins.obj
 0001:000229ef       _NET_GetPacket             004239ef f   net_wins.obj
 0001:00022b24       _NET_SendPacket            00423b24 f   net_wins.obj
 0001:00022c85       _NET_IPSocket              00423c85 f   net_wins.obj
 0001:00022d94       _NET_OpenIP                00423d94 f   net_wins.obj
 0001:00022eb5       _NET_IPXSocket             00423eb5 f   net_wins.obj
 0001:00022fb0       _NET_OpenIPX               00423fb0 f   net_wins.obj
 0001:00023098       _NET_Config                00424098 f   net_wins.obj
 0001:0002310e       _NET_Sleep                 0042410e f   net_wins.obj
 0001:000231b8       _NET_Init                  004241b8 f   net_wins.obj
 0001:0002342f       _Pmove                     0042442f f   pmove.obj
 0001:00024f6c       _Q_rsqrt                   00425f6c f   q_shared2.obj
 0001:00024f9c       _RotatePointAroundVector   00425f9c f   q_shared2.obj
 0001:0002510c       _AngleVectors              0042610c f   q_shared2.obj
 0001:00025210       _ProjectPointOnPlane       00426210 f   q_shared2.obj
 0001:0002528f       _PerpendicularVector       0042628f f   q_shared2.obj
 0001:0002530e       _MatrixMultiply            0042630e f   q_shared2.obj
 0001:000253f5       _R_ConcatTransforms        004263f5 f   q_shared2.obj
 0001:0002552f       _Q_ftol                    0042652f f   q_shared2.obj
 0001:0002553f       _SetPlaneSignbits          0042653f f   q_shared2.obj
 0001:0002556f       _LerpAngle                 0042656f f   q_shared2.obj
 0001:000255b2       _anglemod                  004265b2 f   q_shared2.obj
 0001:000255d6       _BoxOnPlaneSide            004265d6 f   q_shared2.obj
 0001:000256f2       _ClearBounds               004266f2 f   q_shared2.obj
 0001:0002571b       _AddPointToBounds          0042671b f   q_shared2.obj
 0001:00025754       _VectorCompare             00426754 f   q_shared2.obj
 0001:00025782       _VectorNormalize           00426782 f   q_shared2.obj
 0001:000257d6       _VectorNormalize2          004267d6 f   q_shared2.obj
 0001:0002582e       _VectorNormalizeFast       0042682e f   q_shared2.obj
 0001:00025871       _VectorMA                  00426871 f   q_shared2.obj
 0001:000258a0       _CrossProduct              004268a0 f   q_shared2.obj
 0001:000258db       _VectorLength              004268db f   q_shared2.obj
 0001:0002590a       _VectorDistance            0042690a f   q_shared2.obj
 0001:0002593b       _VectorInverse             0042693b f   q_shared2.obj
 0001:00025956       _VectorScale               00426956 f   q_shared2.obj
 0001:0002597a       _AnglesToAxis              0042697a f   q_shared2.obj
 0001:000259bf       _COM_StripExtension        004269bf f   q_shared2.obj
 0001:000259e0       _COM_FilePath              004269e0 f   q_shared2.obj
 0001:00025a16       _ShortSwap                 00426a16 f   q_shared2.obj
 0001:00025a2b       _va                        00426a2b f   q_shared2.obj
 0001:00025a78       _COM_ParseExt              00426a78 f   q_shared2.obj
 0001:00025b73       _Com_PageInMemory          00426b73 f   q_shared2.obj
 0001:00025b92       _Q_stricmp                 00426b92 f   q_shared2.obj
 0001:00025ba3       _Q_strncasecmp             00426ba3 f   q_shared2.obj
 0001:00025bfb       _Q_strcasecmp              00426bfb f   q_shared2.obj
 0001:00025c11       _Q_strncpyz                00426c11 f   q_shared2.obj
 0001:00025c6e       _Q_strncpylower            00426c6e f   q_shared2.obj
 0001:00025ca8       _Q_CopyFilename            00426ca8 f   q_shared2.obj
 0001:00025d3f       _Com_sprintf               00426d3f f   q_shared2.obj
 0001:00025d84       _Info_ValueForKey          00426d84 f   q_shared2.obj
 0001:00025e0f       _Info_RemoveKey            00426e0f f   q_shared2.obj
 0001:00025e95       _Info_SetValueForKey       00426e95 f   q_shared2.obj
 0001:00025fd3       _Field_Draw                00426fd3 f   qmenu.obj
 0001:000261e7       _Field_Key                 004271e7 f   qmenu.obj
 0001:00026450       _Menu_AddItem              00427450 f   qmenu.obj
 0001:00026485       _Menu_AdjustCursor         00427485 f   qmenu.obj
 0001:000265c4       _Menu_Center               004275c4 f   qmenu.obj
 0001:000265fc       _Menu_DrawDotsItem         004275fc f   qmenu.obj
 0001:00026661       _Menu_Draw                 00427661 f   qmenu.obj
 0001:00026932       _Menu_ItemAtCursor         00427932 f   qmenu.obj
 0001:0002694a       _Menu_SelectItem           0042794a f   qmenu.obj
 0001:0002698c       _Menu_SetStatusBar         0042798c f   qmenu.obj
 0001:0002699b       _Menu_SlideItem            0042799b f   qmenu.obj
 0001:000269eb       _Menu_TallySlots           004279eb f   qmenu.obj
 0001:00026e9b       _S_SoundInfo_f             00427e9b f   snd_dma.obj
 0001:00026f25       _S_ReadModelsSex           00427f25 f   snd_dma.obj
 0001:0002700e       _S_IsFemale                0042800e f   snd_dma.obj
 0001:00027069       _S_Init                    00428069 f   snd_dma.obj
 0001:0002713c       _S_Shutdown                0042813c f   snd_dma.obj
 0001:000271c6       _S_FindName                004281c6 f   snd_dma.obj
 0001:000272b2       _S_AliasName               004282b2 f   snd_dma.obj
 0001:0002733e       _S_BeginRegistration       0042833e f   snd_dma.obj
 0001:0002734f       _S_RegisterSound           0042834f f   snd_dma.obj
 0001:000273b5       _S_EndRegistration         004283b5 f   snd_dma.obj
 0001:00027448       _S_PickChannel             00428448 f   snd_dma.obj
 0001:000274df       _S_SpatializeOrigin        004284df f   snd_dma.obj
 0001:000275e7       _S_Spatialize              004285e7 f   snd_dma.obj
 0001:00027655       _S_AllocPlaysound          00428655 f   snd_dma.obj
 0001:00027674       _S_FreePlaysound           00428674 f   snd_dma.obj
 0001:000276a4       _S_IssuePlaysound          004286a4 f   snd_dma.obj
 0001:00027762       _S_RegisterSexedSound      00428762 f   snd_dma.obj
 0001:00027846       _S_StartSound              00428846 f   snd_dma.obj
 0001:000279db       _S_StartLocalSound         004289db f   snd_dma.obj
 0001:00027a2a       _S_ClearBuffer             00428a2a f   snd_dma.obj
 0001:00027a82       _S_StopAllSounds           00428a82 f   snd_dma.obj
 0001:00027afd       _S_AddLoopSounds           00428afd f   snd_dma.obj
 0001:00027cc9       _S_RawSamples              00428cc9 f   snd_dma.obj
 0001:00027ecd       _S_Update                  00428ecd f   snd_dma.obj
 0001:00027ff3       _GetSoundtime              00428ff3 f   snd_dma.obj
 0001:0002805a       _S_Update_                 0042905a f   snd_dma.obj
 0001:000280f0       _S_Play                    004290f0 f   snd_dma.obj
 0001:000281a0       _S_SoundList               004291a0 f   snd_dma.obj
 0001:00028261       _ResampleSfx               00429261 f   snd_mem.obj
 0001:00028365       _S_LoadSound               00429365 f   snd_mem.obj
 0001:0002848b       _GetLittleShort            0042948b f   snd_mem.obj
 0001:000284a8       _GetLittleLong             004294a8 f   snd_mem.obj
 0001:000284d6       _FindNextChunk             004294d6 f   snd_mem.obj
 0001:00028532       _GetWavinfo                00429532 f   snd_mem.obj
 0001:00028705       _S_WriteLinearBlastStereo16 00429705 f   snd_mix.obj
 0001:00028779       _S_TransferStereo16        00429779 f   snd_mix.obj
 0001:000287e2       _S_TransferPaintBuffer     004297e2 f   snd_mix.obj
 0001:0002893e       _S_PaintChannels           0042993e f   snd_mix.obj
 0001:00028b63       _S_InitScaletable          00429b63 f   snd_mix.obj
 0001:00028bb6       _S_PaintChannelFrom8       00429bb6 f   snd_mix.obj
 0001:00028cb8       _S_PaintChannelFrom16      00429cb8 f   snd_mix.obj
 0001:00028d23       _FreeSound                 00429d23 f   snd_win.obj
 0001:00028e33       _SNDDMA_InitDirect         00429e33 f   snd_win.obj
 0001:00029302       _SNDDMA_Init               0042a302 f   snd_win.obj
 0001:0002937e       _SNDDMA_GetDMAPos          0042a37e f   snd_win.obj
 0001:000293c8       _SNDDMA_BeginPainting      0042a3c8 f   snd_win.obj
 0001:000294ca       _SNDDMA_Submit             0042a4ca f   snd_win.obj
 0001:000294ef       _SNDDMA_Shutdown           0042a4ef f   snd_win.obj
 0001:000294f4       _S_Activate                0042a4f4 f   snd_win.obj
 0001:0002951f       _SV_SetMaster_f            0042a51f f   sv_ccmds.obj
 0001:0002963c       _SV_SetPlayer              0042a63c f   sv_ccmds.obj
 0001:00029728       _SV_WipeSavegame           0042a728 f   sv_ccmds.obj
 0001:000297de       _CopyFile                  0042a7de f   sv_ccmds.obj
 0001:00029877       _SV_CopySaveGame           0042a877 f   sv_ccmds.obj
 0001:00029a44       _SV_WriteLevelFile         0042aa44 f   sv_ccmds.obj
 0001:00029af2       _SV_ReadLevelFile          0042aaf2 f   sv_ccmds.obj
 0001:00029ba0       _SV_WriteServerFile        0042aba0 f   sv_ccmds.obj
 0001:00029db4       _SV_ReadServerFile         0042adb4 f   sv_ccmds.obj
 0001:00029ec2       _SV_DemoMap_f              0042aec2 f   sv_ccmds.obj
 0001:00029efa       _SV_GameMap_f              0042aefa f   sv_ccmds.obj
 0001:0002a073       _SV_Map_f                  0042b073 f   sv_ccmds.obj
 0001:0002a0e0       _SV_Loadgame_f             0042b0e0 f   sv_ccmds.obj
 0001:0002a1d8       _SV_Savegame_f             0042b1d8 f   sv_ccmds.obj
 0001:0002a2d7       _SV_Kick_f                 0042b2d7 f   sv_ccmds.obj
 0001:0002a354       _SV_Status_f               0042b354 f   sv_ccmds.obj
 0001:0002a4f6       _SV_ConSay_f               0042b4f6 f   sv_ccmds.obj
 0001:0002a589       _SV_Heartbeat_f            0042b589 f   sv_ccmds.obj
 0001:0002a594       _SV_Serverinfo_f           0042b594 f   sv_ccmds.obj
 0001:0002a5ac       _SV_DumpUser_f             0042b5ac f   sv_ccmds.obj
 0001:0002a5f2       _SV_ServerRecord_f         0042b5f2 f   sv_ccmds.obj
 0001:0002a7a9       _SV_ServerStop_f           0042b7a9 f   sv_ccmds.obj
 0001:0002a7d5       _SV_KillServer_f           0042b7d5 f   sv_ccmds.obj
 0001:0002a7f5       _SV_ServerCommand_f        0042b7f5 f   sv_ccmds.obj
 0001:0002a80d       _SV_InitOperatorCommands   0042b80d f   sv_ccmds.obj
 0001:0002a913       _SV_EmitPacketEntities     0042b913 f   sv_ents.obj
 0001:0002aa81       _SV_WritePlayerstateToClient 0042ba81 f   sv_ents.obj
 0001:0002af3f       _SV_WriteFrameToClient     0042bf3f f   sv_ents.obj
 0001:0002affb       _SV_FatPVS                 0042bffb f   sv_ents.obj
 0001:0002b128       _SV_BuildClientFrame       0042c128 f   sv_ents.obj
 0001:0002b3f3       _SV_RecordDemoMessage      0042c3f3 f   sv_ents.obj
 0001:0002b518       _SV_ShutdownGameProgs      0042c518 f   sv_game.obj
 0001:0002b531       _SV_InitGameProgs          0042c531 f   sv_game.obj
 0001:0002bb7f       _SV_FindIndex              0042cb7f f   sv_init.obj
 0001:0002bc46       _SV_ModelIndex             0042cc46 f   sv_init.obj
 0001:0002bc5c       _SV_SoundIndex             0042cc5c f   sv_init.obj
 0001:0002bc75       _SV_ImageIndex             0042cc75 f   sv_init.obj
 0001:0002bc8e       _SV_CreateBaseline         0042cc8e f   sv_init.obj
 0001:0002bcf1       _SV_CheckForSavegame       0042ccf1 f   sv_init.obj
 0001:0002bd79       _SV_SpawnServer            0042cd79 f   sv_init.obj
 0001:0002bff6       _SV_InitGame               0042cff6 f   sv_init.obj
 0001:0002c1e1       _SV_Map                    0042d1e1 f   sv_init.obj
 0001:0002c3d8       _SV_DropClient             0042d3d8 f   sv_main.obj
 0001:0002c42c       _SV_StatusString           0042d42c f   sv_main.obj
 0001:0002c513       _SVC_Status                0042d513 f   sv_main.obj
 0001:0002c53c       _SVC_Info                  0042d53c f   sv_main.obj
 0001:0002c5f2       _SVC_GetChallenge          0042d5f2 f   sv_main.obj
 0001:0002c6bd       _SVC_DirectConnect         0042d6bd f   sv_main.obj
 0001:0002cb9a       _Rcon_Validate             0042db9a f   sv_main.obj
 0001:0002cbcb       _SVC_RemoteCommand         0042dbcb f   sv_main.obj
 0001:0002ccb7       _SV_ConnectionlessPacket   0042dcb7 f   sv_main.obj
 0001:0002ce13       _SV_CalcPings              0042de13 f   sv_main.obj
 0001:0002ce9a       _SV_GiveMsec               0042de9a f   sv_main.obj
 0001:0002ced9       _SV_ReadPackets            0042ded9 f   sv_main.obj
 0001:0002d00a       _SV_CheckTimeouts          0042e00a f   sv_main.obj
 0001:0002d0c6       _SV_PrepWorldFrame         0042e0c6 f   sv_main.obj
 0001:0002d0ec       _SV_RunGameFrame           0042e0ec f   sv_main.obj
 0001:0002d175       _SV_PostprocessFrame       0042e175 f   sv_main.obj
 0001:0002d595       _SV_Frame                  0042e595 f   sv_main.obj
 0001:0002d64f       _Master_Heartbeat          0042e64f f   sv_main.obj
 0001:0002d706       _Master_Shutdown           0042e706 f   sv_main.obj
 0001:0002d784       _SV_UserinfoChanged        0042e784 f   sv_main.obj
 0001:0002d84c       _SV_Init                   0042e84c f   sv_main.obj
 0001:0002d8af       _SV_FinalMessage           0042e8af f   sv_main.obj
 0001:0002d976       _SV_Shutdown               0042e976 f   sv_main.obj
 0001:0002da0d       _SV_FlushRedirect          0042ea0d f   sv_send.obj
 0001:0002da7f       _SV_ClientPrintf           0042ea7f f   sv_send.obj
 0001:0002dad5       _SV_BroadcastPrintf        0042ead5 f   sv_send.obj
 0001:0002dba6       _SV_BroadcastCommand       0042eba6 f   sv_send.obj
 0001:0002dbf8       _SV_Multicast              0042ebf8 f   sv_send.obj
 0001:0002dda3       _SV_MulticastOld           0042eda3 f   sv_send.obj
 0001:0002ddb6       _SV_StartSound             0042edb6 f   sv_send.obj
 0001:0002e010       _SV_StartSoundOld          0042f010 f   sv_send.obj
 0001:0002e040       _SV_StartSoundNew          0042f040 f   sv_send.obj
 0001:0002e070       _SV_SendClientDatagram     0042f070 f   sv_send.obj
 0001:0002e144       _SV_DemoCompleted          0042f144 f   sv_send.obj
 0001:0002e160       _SV_RateDrop               0042f160 f   sv_send.obj
 0001:0002e1ab       _SV_SendClientMessages     0042f1ab f   sv_send.obj
 0001:0002e308       _SV_BeginDemoserver        0042f308 f   sv_user.obj
 0001:0002e358       _SV_New_f                  0042f358 f   sv_user.obj
 0001:0002e4cd       _SV_Configstrings_f        0042f4cd f   sv_user.obj
 0001:0002e61a       _SV_Baselines_f            0042f61a f   sv_user.obj
 0001:0002e782       _SV_Begin_f                0042f782 f   sv_user.obj
 0001:0002e7df       _SV_NextDownload_f         0042f7df f   sv_user.obj
 0001:0002e8b3       _SV_BeginDownload_f        0042f8b3 f   sv_user.obj
 0001:0002eaea       _SV_Disconnect_f           0042faea f   sv_user.obj
 0001:0002eaf7       _SV_ShowServerinfo_f       0042faf7 f   sv_user.obj
 0001:0002eb04       _SV_Nextserver             0042fb04 f   sv_user.obj
 0001:0002eb63       _SV_Nextserver_f           0042fb63 f   sv_user.obj
 0001:0002ebaa       _SV_ExecuteUserCommand     0042fbaa f   sv_user.obj
 0001:0002ec17       _SV_ClientThink            0042fc17 f   sv_user.obj
 0001:0002ec5a       _SV_ExecuteClientMessage   0042fc5a f   sv_user.obj
 0001:0002ee88       _SV_ClearWorld             0042fe88 f   sv_world.obj
 0001:0002efaf       _SV_UnlinkEdict            0042ffaf f   sv_world.obj
 0001:0002efd4       _SV_LinkEdict              0042ffd4 f   sv_world.obj
 0001:0002f418       _SV_AreaEdicts             00430418 f   sv_world.obj
 0001:0002f569       _SV_PointContents          00430569 f   sv_world.obj
 0001:0002f64f       _SV_ClipMoveToEntities     0043064f f   sv_world.obj
 0001:0002f8ed       _SV_Trace                  004308ed f   sv_world.obj
 0001:0002f979       _Sys_Error                 00430979 f   sys_win.obj
 0001:0002f9d6       _Sys_Quit                  004309d6 f   sys_win.obj
 0001:0002fa16       _Sys_ScanForCD             00430a16 f   sys_win.obj
 0001:0002fab7       _Sys_Init                  00430ab7 f   sys_win.obj
 0001:0002fed6       _Sys_ConsoleInput          00430ed6 f   sys_win.obj
 0001:00030036       _Sys_ConsoleOutput         00431036 f   sys_win.obj
 0001:000300e7       _Sys_SendKeyEvents         004310e7 f   sys_win.obj
 0001:00030150       _Sys_GetClipboardData      00431150 f   sys_win.obj
 0001:000301a9       _Sys_AppActivate           004311a9 f   sys_win.obj
 0001:000301c4       _Sys_UnloadGame            004311c4 f   sys_win.obj
 0001:000301e9       _Sys_GetGameAPI            004311e9 f   sys_win.obj
 0001:000302d6       _ParseCommandLine          004312d6 f   sys_win.obj
 0001:0003034b       _WinMain@16                0043134b f   sys_win.obj
 0001:0003047b       _AppActivate               0043147b f   vid_dll.obj
 0001:000305b0       _MainWndProc@16            004315b0 f   vid_dll.obj
 0001:0003099a       _Vid_GetModeInfo           0043199a f   vid_dll.obj
 0001:000309c9       _Vid_UpdateWindowPosAndSize 004319c9 f   vid_dll.obj
 0001:00030a30       _Vid_NewWindow             00431a30 f   vid_dll.obj
 0001:00030a4d       _Vid_FreeReflib            00431a4d f   vid_dll.obj
 0001:00030a8e       _Vid_LoadRefresh           00431a8e f   vid_dll.obj
 0001:00030d1c       _Vid_CheckChanges          00431d1c f   vid_dll.obj
 0001:00030e69       _Vid_Init                  00431e69 f   vid_dll.obj
 0001:00030ed0       _Vid_Shutdown              00431ed0 f   vid_dll.obj
 0001:00030ef6       _Vid_MenuInit              00431ef6 f   vid_menu.obj
 0001:00031631       _Vid_MenuDraw              00432631 f   vid_menu.obj
 0001:000316c5       _Vid_MenuKey               004326c5 f   vid_menu.obj
 0001:00031a72       _GL_ClearBuffers           00432a72 f   gl_backend.obj
 0001:00031a84       _GL_ClearPortal            00432a84 f   gl_backend.obj
 0001:00031aa0       _GL_AddSurfaceToPortal     00432aa0 f   gl_backend.obj
 0001:00031af1       _GL_AllocDynamicMemory     00432af1 f   gl_backend.obj
 0001:00031b22       _GL_AddDynamicSurface      00432b22 f   gl_backend.obj
 0001:00031b41       _GL_InsertShaderIndex      00432b41 f   gl_backend.obj
 0001:00031b91       _GL_FinishPortal           00432b91 f   gl_backend.obj
 0001:00031be6       _GL_BackEnd                00432be6 f   gl_backend.obj
 0001:000344e5       _GL_InitBackend            004354e5 f   gl_backend.obj
 0001:000346f7       _GL_ShutdownBackend        004356f7 f   gl_backend.obj
 0001:00034744       _GL_Bind                   00435744 f   gl_image.obj
 0001:000347db       _GL_SelectTexture          004357db f   gl_image.obj
 0001:0003482c       _GL_CullFace               0043582c f   gl_image.obj
 0001:0003486f       _GL_TexEnv                 0043586f f   gl_image.obj
 0001:000348d2       _GL_State                  004358d2 f   gl_image.obj
 0001:00034a43       _GL_TextureMode            00435a43 f   gl_image.obj
 0001:00034af7       _GL_CreateImage            00435af7 f   gl_image.obj
 0001:000355d6       _GL_SetRawPalette          004365d6 f   gl_image.obj
 0001:00035607       _GL_DrawStretchRaw         00436607 f   gl_image.obj
 0001:000358ba       _GL_SetupGamma             004368ba f   gl_image.obj
 0001:00035a58       _GL_InitImages             00436a58 f   gl_image.obj
 0001:000362ca       _GL_ShutdownImages         004372ca f   gl_image.obj
 0001:00036351       _GL_ShowImages             00437351 f   gl_image.obj
 0001:0003650f       _GL_FindImage              0043750f f   gl_image.obj
 0001:000367d6       _GL_SetMode                004377d6 f   gl_main.obj
 0001:000368b3       _GL_SetDefaultState        004378b3 f   gl_main.obj
 0001:000369bd       _GL_Set2DMode              004379bd f   gl_main.obj
 0001:00036a8d       _GL_SetColorB              00437a8d f   gl_main.obj
 0001:00036ad9       _GL_DrawStretchPic         00437ad9 f   gl_main.obj
 0001:00036ba0       _DrawTextPos               00437ba0 f   gl_main.obj
 0001:00036c6f       _DrawTextLeft              00437c6f f   gl_main.obj
 0001:00036cab       _DrawTextRight             00437cab f   gl_main.obj
 0001:00036cfc       _GL_GetRefAPI              00437cfc f   gl_main.obj
 0001:000380c2       _GL_FindModel              004390c2 f   gl_model.obj
 0001:000381ce       _GL_UpdateDynamicLightmap  004391ce f   gl_model.obj
 0001:00038606       _GL_LoadWorldMap           00439606 f   gl_model.obj
 0001:0003a2f4       _GL_PointInLeaf            0043b2f4 f   gl_model.obj
 0001:0003a93b       _GL_FindSkin               0043b93b f   gl_model.obj
 0001:0003aa85       _GL_ResetModels            0043ba85 f   gl_model.obj
 0001:0003ab43       _GL_InitModels             0043bb43 f   gl_model.obj
 0001:0003abb0       _GL_ShutdownModels         0043bbb0 f   gl_model.obj
 0001:0003abcc       _GL_InitShaders            0043bbcc f   gl_shader.obj
 0001:0003acea       _GL_ShutdownShaders        0043bcea f   gl_shader.obj
 0001:0003ad14       _GL_ResetShaders           0043bd14 f   gl_shader.obj
 0001:0003ae3b       _GL_SetShaderLightmap      0043be3b f   gl_shader.obj
 0001:0003b201       _GL_GetAlphaShader         0043c201 f   gl_shader.obj
 0001:0003b446       _GL_FindShader             0043c446 f   gl_shader.obj
 0001:0003b8ad       _GL_GetShaderByNum         0043c8ad f   gl_shader.obj
 0001:0003b8cb       _GL_AddEntity              0043c8cb f   gl_world.obj
 0001:0003bacc       _GL_DrawPortal             0043cacc f   gl_world.obj
 0001:0003cecc       _GL_CreateWindow           0043decc f   glw_imp.obj
 0001:0003d01f       _GLimp_SetMode             0043e01f f   glw_imp.obj
 0001:0003d296       _GLimp_HasGamma            0043e296 f   glw_imp.obj
 0001:0003d2ab       _GLimp_SetGamma            0043e2ab f   glw_imp.obj
 0001:0003d39a       _GLimp_Shutdown            0043e39a f   glw_imp.obj
 0001:0003d4bc       _GLimp_Init                0043e4bc f   glw_imp.obj
 0001:0003d583       _GLimp_InitGL              0043e583 f   glw_imp.obj
 0001:0003d809       _GLimp_EndFrame            0043e809 f   glw_imp.obj
 0001:0003d8a5       _GLimp_AppActivate         0043e8a5 f   glw_imp.obj
 0001:0003ef97       _QGL_Shutdown              0043ff97 f   qgl_win.obj
 0001:0003efbd       _QGL_Init                  0043ffbd f   qgl_win.obj
 0001:0003f041       _QGL_InitExtensions        00440041 f   qgl_win.obj
 0001:0003f23c       _GLimp_EnableLogging       0044023c f   qgl_win.obj
 0001:0003f307       _GLimp_LogMessage          00440307 f   qgl_win.obj
 0001:0003f31e       _Hunk_Begin                0044031e f   q_shwin.obj
 0001:0003f358       _Hunk_Alloc                00440358 f   q_shwin.obj
 0001:0003f3df       _Hunk_End                  004403df f   q_shwin.obj
 0001:0003f3e5       _Hunk_Free                 004403e5 f   q_shwin.obj
 0001:0003f3fe       _Sys_Milliseconds          004403fe f   q_shwin.obj
 0001:0003f432       _Sys_Mkdir                 00440432 f   q_shwin.obj
 0001:0003f43e       _Sys_FindFirst             0044043e f   q_shwin.obj
 0001:0003f55f       _Sys_FindNext              0044055f f   q_shwin.obj
 0001:0003f5d1       _Sys_FindClose             004405d1 f   q_shwin.obj
 0001:0003f5eb       _R_Alias_clip_z            004405eb f   r_aclip.obj
 0001:0003f698       _R_Alias_clip_left         00440698 f   r_aclip.obj
 0001:0003f866       _R_Alias_clip_right        00440866 f   r_aclip.obj
 0001:0003fa34       _R_Alias_clip_top          00440a34 f   r_aclip.obj
 0001:0003fc04       _R_Alias_clip_bottom       00440c04 f   r_aclip.obj
 0001:0003fdd4       _R_AliasClip               00440dd4 f   r_aclip.obj
 0001:0003fea4       _R_AliasClipTriangle       00440ea4 f   r_aclip.obj
 0001:00040096       _R_AliasCheckFrameBBox     00441096 f   r_alias.obj
 0001:000401c9       _R_AliasCheckBBox          004411c9 f   r_alias.obj
 0001:0004022d       _R_AliasTransformVector    0044122d f   r_alias.obj
 0001:00040289       _R_AliasPreparePoints      00441289 f   r_alias.obj
 0001:00040521       _R_AliasSetUpTransform     00441521 f   r_alias.obj
 0001:000406b0       _R_AliasTransformFinalVerts 004416b0 f   r_alias.obj
 0001:00040881       _R_AliasProjectAndClipTestFinalVert 00441881 f   r_alias.obj
 0001:00040909       _R_AliasSetupLighting      00441909 f   r_alias.obj
 0001:00040a7b       _R_AliasSetupFrames        00441a7b f   r_alias.obj
 0001:00040aef       _R_AliasSetUpLerpData      00441aef f   r_alias.obj
 0001:00040c17       _R_AliasDrawModel          00441c17 f   r_alias.obj
 0001:00040e9e       _R_EntityRotate            00441e9e f   r_bsp.obj
 0001:00040f1f       _R_RotateBmodel            00441f1f f   r_bsp.obj
 0001:0004107a       _R_RecursiveClipBPoly      0044207a f   r_bsp.obj
 0001:000413aa       _R_DrawSolidClippedSubmodelPolygons 004423aa f   r_bsp.obj
 0001:00041531       _R_DrawSubmodelPolygons    00442531 f   r_bsp.obj
 0001:000415c1       _R_RecursiveWorldNode      004425c1 f   r_bsp.obj
 0001:0004181c       _R_RenderWorld             0044281c f   r_bsp.obj
 0001:0004188b       _Draw_FindPic              0044288b f   r_draw.obj
 0001:000418ce       _Draw_InitLocal            004428ce f   r_draw.obj
 0001:000418df       _Draw_Char                 004428df f   r_draw.obj
 0001:000419c0       _Draw_CharColor            004429c0 f   r_draw.obj
 0001:00041acf       _R_DrawTexts               00442acf f   r_draw.obj
 0001:00041b45       _DrawText_Pos              00442b45 f   r_draw.obj
 0001:00041c51       _DrawText_Left             00442c51 f   r_draw.obj
 0001:00041c8d       _DrawText_Right            00442c8d f   r_draw.obj
 0001:00041cdc       _Draw_GetPicSize           00442cdc f   r_draw.obj
 0001:00041d1c       _Draw_StretchPicImplementation 00442d1c f   r_draw.obj
 0001:00041e46       _Draw_StretchPic           00442e46 f   r_draw.obj
 0001:00041e7e       _Draw_StretchRaw           00442e7e f   r_draw.obj
 0001:00041eb0       _Draw_Pic                  00442eb0 f   r_draw.obj
 0001:00042069       _Draw_PicColor             00443069 f   r_draw.obj
 0001:00042222       _Draw_TileClear            00443222 f   r_draw.obj
 0001:000422f2       _Draw_Fill                 004432f2 f   r_draw.obj
 0001:0004238e       _Draw_FadeScreen           0044338e f   r_draw.obj
 0001:000423db       _R_BeginEdgeFrame          004433db f   r_edge.obj
 0001:00042497       _R_InsertNewEdges          00443497 f   r_edge.obj
 0001:000424dd       _R_RemoveEdges             004434dd f   r_edge.obj
 0001:000424fb       _R_StepActiveU             004434fb f   r_edge.obj
 0001:0004258f       _R_CleanupSpan             0044358f f   r_edge.obj
 0001:000425df       _R_LeadingEdgeBackwards    004435df f   r_edge.obj
 0001:00042674       _R_TrailingEdge            00443674 f   r_edge.obj
 0001:000426d8       _R_LeadingEdge             004436d8 f   r_edge.obj
 0001:0004287b       _R_GenerateSpans           0044387b f   r_edge.obj
 0001:000428e9       _R_GenerateSpansBackward   004438e9 f   r_edge.obj
 0001:00042957       _R_ScanEdges               00443957 f   r_edge.obj
 0001:00042b2e       _D_FlatFillSurface         00443b2e f   r_edge.obj
 0001:00042b88       _D_CalcGradients           00443b88 f   r_edge.obj
 0001:00042d9f       _D_BackgroundSurf          00443d9f f   r_edge.obj
 0001:00042ddf       _D_TurbulentSurf           00443ddf f   r_edge.obj
 0001:00042f01       _D_SkySurf                 00443f01 f   r_edge.obj
 0001:00042f82       _D_SolidSurf               00443f82 f   r_edge.obj
 0001:000430ed       _D_DrawflatSurfaces        004440ed f   r_edge.obj
 0001:0004313d       _D_DrawSurfaces            0044413d f   r_edge.obj
 0001:0004323b       _R_ImageList_f             0044423b f   r_image.obj
 0001:000432fc       _R_FindFreeImage           004442fc f   r_image.obj
 0001:0004334a       _R_LoadPic                 0044434a f   r_image.obj
 0001:000433da       _R_LoadTex                 004443da f   r_image.obj
 0001:00043466       _R_LoadWal                 00444466 f   r_image.obj
 0001:000434bc       _R_MipMap                  004444bc f   r_image.obj
 0001:000435ea       _R_DownsampleImage         004445ea f   r_image.obj
 0001:000436ef       _R_FindImage               004446ef f   r_image.obj
 0001:00043a94       _R_RegisterSkin            00444a94 f   r_image.obj
 0001:00043aa2       _R_FreeUnusedImages        00444aa2 f   r_image.obj
 0001:00043b02       _R_InitImages              00444b02 f   r_image.obj
 0001:00043b68       _R_ShutdownImages          00444b68 f   r_image.obj
 0001:00043ba5       _R_MarkLights              00444ba5 f   r_light.obj
 0001:00043c74       _R_PushDlights             00444c74 f   r_light.obj
 0001:00043cc9       _RecursiveLightPoint       00444cc9 f   r_light.obj
 0001:00043f60       _R_LightPoint              00444f60 f   r_light.obj
 0001:00044077       _R_AddDynamicLights        00445077 f   r_light.obj
 0001:000442fd       _R_BuildLightMap           004452fd f   r_light.obj
 0001:000443f3       _R_InitTextures            004453f3 f   r_main.obj
 0001:000444b4       _R_InitTurb                004454b4 f   r_main.obj
 0001:00044531       _R_Register                00445531 f   r_main.obj
 0001:000445a8       _R_UnRegister              004455a8 f   r_main.obj
 0001:000445cc       _R_Init                    004455cc f   r_main.obj
 0001:00044667       _R_Shutdown                00445667 f   r_main.obj
 0001:000446ca       _R_NewMap                  004456ca f   r_main.obj
 0001:00044774       _R_MarkLeaves              00445774 f   r_main.obj
 0001:0004489b       _R_DrawEntitiesOnList      0044589b f   r_main.obj
 0001:00044aaa       _R_BmodelCheckBBox         00445aaa f   r_main.obj
 0001:00044b5c       _R_FindTopnode             00445b5c f   r_main.obj
 0001:00044be4       _RotatedBBox               00445be4 f   r_main.obj
 0001:00044d43       _R_DrawBEntitiesOnList     00445d43 f   r_main.obj
 0001:00044f5b       _R_EdgeDrawing             00445f5b f   r_main.obj
 0001:00045030       _R_CalcPalette             00446030 f   r_main.obj
 0001:00045135       _R_SetLightLevel           00446135 f   r_main.obj
 0001:00045183       _R_RenderFrame             00446183 f   r_main.obj
 0001:0004535e       _R_InitGraphics            0044635e f   r_main.obj
 0001:000453d4       _R_BeginFrame              004463d4 f   r_main.obj
 0001:000454f7       _R_GammaCorrectAndSetPalette 004464f7 f   r_main.obj
 0001:00045556       _R_CinematicSetPalette     00446556 f   r_main.obj
 0001:000455ed       _Draw_BuildGammaTable      004465ed f   r_main.obj
 0001:00045698       _R_DrawBeam                00446698 f   r_main.obj
 0001:000457fe       _R_SetSky                  004467fe f   r_main.obj
 0001:00045879       _Draw_GetPalette           00446879 f   r_main.obj
 0001:000459c1       _Draw_ConCharColor         004469c1 f   r_main.obj
 0001:000459e2       _GetRefAPI                 004469e2 f   r_main.obj
 0001:00045b29       _D_ViewChanged             00446b29 f   r_misc.obj
 0001:00045c85       _R_PrintTimes              00446c85 f   r_misc.obj
 0001:00045cff       _R_PrintDSpeeds            00446cff f   r_misc.obj
 0001:00045dc6       _R_PrintAliasStats         00446dc6 f   r_misc.obj
 0001:00045dd9       _R_TransformFrustum        00446dd9 f   r_misc.obj
 0001:00045ea1       _TransformVector           00446ea1 f   r_misc.obj
 0001:00045f0c       _R_SetUpFrustumIndexes     00446f0c f   r_misc.obj
 0001:00045f71       _R_ViewChanged             00446f71 f   r_misc.obj
 0001:00046280       _R_SetupFrame              00447280 f   r_misc.obj
 0001:0004646c       _WritePCXfile              0044746c f   r_misc.obj
 0001:0004658e       _R_ScreenShot_f            0044758e f   r_misc.obj
 0001:000466ae       _Mod_Modellist_f           004476ae f   r_model.obj
 0001:0004670c       _Mod_Init                  0044770c f   r_model.obj
 0001:00046724       _Mod_ForName               00447724 f   r_model.obj
 0001:0004695c       _Mod_PointInLeaf           0044795c f   r_model.obj
 0001:000469be       _Mod_DecompressVis         004479be f   r_model.obj
 0001:00046a3e       _Mod_ClusterPVS            00447a3e f   r_model.obj
 0001:00046a6b       _Mod_LoadLighting          00447a6b f   r_model.obj
 0001:00046aea       _R_NumberLeafs             00447aea f   r_model.obj
 0001:00046b38       _Mod_LoadVertexes          00447b38 f   r_model.obj
 0001:00046b7a       _Mod_LoadEdges             00447b7a f   r_model.obj
 0001:00046bc8       _Mod_LoadTexinfo           00447bc8 f   r_model.obj
 0001:00046d30       _CalcSurfaceExtents        00447d30 f   r_model.obj
 0001:00046e9b       _Mod_LoadFaces             00447e9b f   r_model.obj
 0001:00047002       _Mod_SetParent             00448002 f   r_model.obj
 0001:00047027       _Mod_LoadNodes             00448027 f   r_model.obj
 0001:0004711d       _Mod_LoadLeafs             0044811d f   r_model.obj
 0001:000471c6       _Mod_LoadMarksurfaces      004481c6 f   r_model.obj
 0001:00047242       _Mod_LoadSurfedges         00448242 f   r_model.obj
 0001:00047281       _Mod_LoadPlanes            00448281 f   r_model.obj
 0001:000472e6       _Mod_LoadBrushModel        004482e6 f   r_model.obj
 0001:000474f6       _Mod_LoadAliasModel        004484f6 f   r_model.obj
 0001:00047776       _Mod_LoadSpriteModel       00448776 f   r_model.obj
 0001:0004785d       _R_BeginRegistration       0044885d f   r_model.obj
 0001:000478ed       _R_RegisterModel           004488ed f   r_model.obj
 0001:000479e5       _R_EndRegistration         004489e5 f   r_model.obj
 0001:00047a50       _Mod_FreeAll               00448a50 f   r_model.obj
 0001:00047a95       _R_DrawParticle            00448a95 f   r_part.obj
 0001:00047d1e       _R_DrawParticles           00448d1e f   r_part.obj
 0001:00047dc8       _R_DrawSpanletOpaque       00448dc8 f   r_poly.obj
 0001:00047e58       _R_DrawSpanletTurbulentStipple33 00448e58 f   r_poly.obj
 0001:00047f83       _R_DrawSpanletTurbulentStipple66 00448f83 f   r_poly.obj
 0001:00048164       _R_DrawSpanletTurbulentBlended66 00449164 f   r_poly.obj
 0001:00048219       _R_DrawSpanletTurbulentBlended33 00449219 f   r_poly.obj
 0001:000482ce       _R_DrawSpanlet33           004492ce f   r_poly.obj
 0001:00048368       _R_DrawSpanletConstant33   00449368 f   r_poly.obj
 0001:000483c1       _R_DrawSpanlet66           004493c1 f   r_poly.obj
 0001:0004845f       _R_DrawSpanlet33Stipple    0044945f f   r_poly.obj
 0001:0004857a       _R_DrawSpanlet66Stipple    0044957a f   r_poly.obj
 0001:0004870b       _R_ClipPolyFace            0044970b f   r_poly.obj
 0001:0004887c       _R_PolygonDrawSpans        0044987c f   r_poly.obj
 0001:00048c04       _R_PolygonScanLeftEdge     00449c04 f   r_poly.obj
 0001:00048d38       _R_PolygonScanRightEdge    00449d38 f   r_poly.obj
 0001:00048f28       _R_ClipAndDrawPoly         00449f28 f   r_poly.obj
 0001:0004912a       _R_BuildPolygonFromSurface 0044a12a f   r_poly.obj
 0001:00049336       _R_PolygonCalculateGradients 0044a336 f   r_poly.obj
 0001:000495ef       _R_DrawAlphaSurfaces       0044a5ef f   r_poly.obj
 0001:00049685       _R_IMFlatShadedQuad        0044a685 f   r_poly.obj
 0001:000497c7       _R_InitAdivtab             0044a7c7 f   r_polyse.obj
 0001:00049832       _R_PolysetUpdateTables     0044a832 f   r_polyse.obj
 0001:0004986d       _R_DrawTriangle            0044a86d f   r_polyse.obj
 0001:0004997e       _R_PolysetScanLeftEdge_C   0044a97e f   r_polyse.obj
 0001:00049b48       _FloorDivMod               0044ab48 f   r_polyse.obj
 0001:00049be4       _R_PolysetSetUpForLineScan 0044abe4 f   r_polyse.obj
 0001:00049c72       _R_PolysetCalcGradients    0044ac72 f   r_polyse.obj
 0001:00049e7d       _R_PolysetDrawSpans8_33    0044ae7d f   r_polyse.obj
 0001:00049fad       _R_PolysetDrawSpansConstant8_33 0044afad f   r_polyse.obj
 0001:0004a047       _R_PolysetDrawSpans8_66    0044b047 f   r_polyse.obj
 0001:0004a183       _R_PolysetDrawSpansConstant8_66 0044b183 f   r_polyse.obj
 0001:0004a22b       _R_PolysetDrawSpans8_Opaque 0044b22b f   r_polyse.obj
 0001:0004a376       _R_RasterizeAliasPolySmooth 0044b376 f   r_polyse.obj
 0001:0004a956       _R_PolysetSetEdgeTable     0044b956 f   r_polyse.obj
 0001:0004a9f1       _R_InitSkyBox              0044b9f1 f   r_rast.obj
 0001:0004ac6b       _R_EmitSkyBox              0044bc6b f   r_rast.obj
 0001:0004ad7e       _R_EmitEdge                0044bd7e f   r_rast.obj
 0001:0004b152       _R_ClipEdge                0044c152 f   r_rast.obj
 0001:0004b300       _R_EmitCachedEdge          0044c300 f   r_rast.obj
 0001:0004b357       _R_RenderFace              0044c357 f   r_rast.obj
 0001:0004b71e       _R_RenderBmodelFace        0044c71e f   r_rast.obj
 0001:0004b987       _D_WarpScreen              0044c987 f   r_scan.obj
 0001:0004bb2f       _D_DrawTurbulent8Span      0044cb2f f   r_scan.obj
 0001:0004bbb3       _Turbulent8                0044cbb3 f   r_scan.obj
 0001:0004be87       _NonTurbulent8             0044ce87 f   r_scan.obj
 0001:0004c145       _D_DrawSpans16             0044d145 f   r_scan.obj
 0001:0004c3df       _D_DrawZSpans              0044d3df f   r_scan.obj
 0001:0004c49c       _R_DrawSprite              0044d49c f   r_sprite.obj
 0001:0004c731       _R_TextureAnimation        0044d731 f   r_surf.obj
 0001:0004c755       _R_DrawSurface             0044d755 f   r_surf.obj
 0001:0004c8ba       _R_DrawSurfaceBlock8_mip0  0044d8ba f   r_surf.obj
 0001:0004c9b9       _R_DrawSurfaceBlock8_mip1  0044d9b9 f   r_surf.obj
 0001:0004cab8       _R_DrawSurfaceBlock8_mip2  0044dab8 f   r_surf.obj
 0001:0004cbb7       _R_DrawSurfaceBlock8_mip3  0044dbb7 f   r_surf.obj
 0001:0004ccb3       _R_InitCaches              0044dcb3 f   r_surf.obj
 0001:0004cd34       _D_FlushCaches             0044dd34 f   r_surf.obj
 0001:0004cd79       _D_SCAlloc                 0044dd79 f   r_surf.obj
 0001:0004cf0d       _D_CacheSurface            0044df0d f   r_surf.obj
 0001:0004d0a4       _DDRAW_Init                0044e0a4 f   rw_ddraw.obj
 0001:0004d4b4       _DDRAW_SetPalette          0044e4b4 f   rw_ddraw.obj
 0001:0004d51d       _DDRAW_Shutdown            0044e51d f   rw_ddraw.obj
 0001:0004db68       _DIB_Init                  0044eb68 f   rw_dib.obj
 0001:0004dd4d       _DIB_SetPalette            0044ed4d f   rw_dib.obj
 0001:0004df11       _DIB_Shutdown              0044ef11 f   rw_dib.obj
 0001:0004e00a       _Vid_CreateWindow          0044f00a f   rw_imp.obj
 0001:0004e14c       _SWimp_Init                0044f14c f   rw_imp.obj
 0001:0004e162       _SWimp_EndFrame            0044f162 f   rw_imp.obj
 0001:0004e2ce       _SWimp_SetMode             0044f2ce f   rw_imp.obj
 0001:0004e3eb       _SWimp_SetPalette          0044f3eb f   rw_imp.obj
 0001:0004e410       _SWimp_Shutdown            0044f410 f   rw_imp.obj
 0001:0004e46c       _SWimp_AppActivate         0044f46c f   rw_imp.obj
 0001:0004e4a6       _adler32                   0044f4a6 f   adler32.obj
 0001:0004e5bf       _crc32                     0044f5bf f   crc32.obj
 0001:0004e6d5       _inflate_blocks_reset      0044f6d5 f   infblock.obj
 0001:0004e740       _inflate_blocks_new        0044f740 f   infblock.obj
 0001:0004e7cb       _inflate_blocks            0044f7cb f   infblock.obj
 0001:0004efe2       _inflate_blocks_free       0044ffe2 f   infblock.obj
 0001:0004f016       _inflate_codes_new         00450016 f   infcodes.obj
 0001:0004f04a       _inflate_codes             0045004a f   infcodes.obj
 0001:0004f608       _inflate_codes_free        00450608 f   infcodes.obj
 0001:0004f619       _inflate_fast              00450619 f   inffast.obj
 0001:0004f8e4       _inflateReset              004508e4 f   inflate.obj
 0001:0004f923       _inflateEnd                00450923 f   inflate.obj
 0001:0004f961       _inflateInit2_             00450961 f   inflate.obj
 0001:0004fa4b       _inflate                   00450a4b f   inflate.obj
 0001:0004fdae       _inflate_trees_bits        00450dae f   inftrees.obj
 0001:000501bc       _inflate_trees_dynamic     004511bc f   inftrees.obj
 0001:000502bf       _inflate_trees_fixed       004512bf f   inftrees.obj
 0001:000502ee       _inflate_flush             004512ee f   infutil.obj
 0001:000503da       _ZipOpen                   004513da f   zip.obj
 0001:00050445       _ZipClose                  00451445 f   zip.obj
 0001:00050451       _ZipEnum                   00451451 f   zip.obj
 0001:00050632       _ZipOpenFile               00451632 f   zip.obj
 0001:00050741       _ZipReadFile               00451741 f   zip.obj
 0001:00050838       _ZipCloseFile              00451838 f   zip.obj
 0001:00050880       _ZipOpenBuf                00451880 f   zip.obj
 0001:000508d3       _ZipReadBuf                004518d3 f   zip.obj
 0001:0005091b       _ZipCloseBuf               0045191b f   zip.obj
 0001:00050931       _zcalloc                   00451931 f   zutil.obj
 0001:00050942       _jpeg_CreateCompress       00451942 f   jcapimin.obj
 0001:000509f6       _jpeg_suppress_tables      004519f6 f   jcapimin.obj
 0001:00050a40       _jpeg_finish_compress      00451a40 f   jcapimin.obj
 0001:00050b2a       _jpeg_start_compress       00451b2a f   jcapistd.obj
 0001:00050b96       _jpeg_write_scanlines      00451b96 f   jcapistd.obj
 0001:00050c41       _jinit_c_coef_controller   00451c41 f   jccoefct.obj
 0001:00051322       _jinit_color_converter     00452322 f   jccolor.obj
 0001:0005190c       _jinit_forward_dct         0045290c f   jcdctmgr.obj
 0001:00051de8       _jinit_c_diff_controller   00452de8 f   jcdiffct.obj
 0001:0005230c       _jpeg_make_c_derived_tbl   0045330c f   jchuff.obj
[...]
 0001:00030d04       _D_DrawTextPos             00431d04 f   vid_dll.obj
 0001:00030d04       _D_DrawTextSide            00431d04 f   vid_dll.obj
 0001:00030d04       _D_Draw_StretchRaw         00431d04 f   vid_dll.obj
 0001:00030d04       _D_SetPalette              00431d04 f   vid_dll.obj
 0001:00030ea6       _Vid_Restart_f             00431ea6 f   vid_dll.obj
 0001:00030eb3       _Vid_Front_f               00431eb3 f   vid_dll.obj
 0001:0002fb81       _ExceptionFilter@4         00430b81 f   sys_win.obj
 0001:0002fdf3       _DumpReg4                  00430df3 f   sys_win.obj
 0001:0002fe8b       _DumpMem                   00430e8b f   sys_win.obj
 0001:0002eeb5       _SV_CreateAreaNode         0042feb5 f   sv_world.obj
 0001:0002f45c       _SV_AreaEdicts_r           0043045c f   sv_world.obj
 0001:0002b6ec       _PF_Unicast                0042c6ec f   sv_game.obj
 0001:0002b758       _PF_dprintf                0042c758 f   sv_game.obj
 0001:0002b78b       _PF_cprintf                0042c78b f   sv_game.obj
 0001:0002b822       _PF_centerprintf           0042c822 f   sv_game.obj
 0001:0002b88a       _PF_error                  0042c88a f   sv_game.obj
 0001:0002b8bf       _PF_setmodel               0042c8bf f   sv_game.obj
 0001:0002b91f       _PF_Configstring           0042c91f f   sv_game.obj
 0001:0002b99f       _PF_WriteChar              0042c99f f   sv_game.obj
 0001:0002b99f       _PF_WriteByte              0042c99f f   sv_game.obj
 0001:0002b9b0       _PF_WriteShort             0042c9b0 f   sv_game.obj
 0001:0002b9c1       _PF_WriteLong              0042c9c1 f   sv_game.obj
 0001:0002b9d2       _PF_WriteFloat             0042c9d2 f   sv_game.obj
 0001:0002b9e7       _PF_WriteString            0042c9e7 f   sv_game.obj
 0001:0002b9f8       _PF_WritePos               0042c9f8 f   sv_game.obj
 0001:0002ba09       _PF_WriteDir               0042ca09 f   sv_game.obj
 0001:0002ba1a       _PF_WriteAngle             0042ca1a f   sv_game.obj
 0001:0002ba2f       _PF_inPVS                  0042ca2f f   sv_game.obj
 0001:0002baa7       _PF_inPHS                  0042caa7 f   sv_game.obj
 0001:0002bb1f       _PF_StartSound             0042cb1f f   sv_game.obj
 0001:0002bb52       _PF_TagMalloc              0042cb52 f   sv_game.obj
 0001:0002bb64       _PF_Cvar_Get               0042cb64 f   sv_game.obj
 0001:00028d9b       _DS_DestroyBuffers         00429d9b f   snd_win.obj
 0001:00028f84       _DS_CreateBuffers          00429f84 f   snd_win.obj
 0001:00026509       _Menu_MakeVisible          00427509 f   qmenu.obj
 0001:00026593       _Menu_CompletelyVisible    00427593 f   qmenu.obj
 0001:0002663b       _strlen_color              0042763b f   qmenu.obj
 0001:000267e9       _Action_Draw               004277e9 f   qmenu.obj
 0001:00026864       _Menu_ItemVisible          00427864 f   qmenu.obj
 0001:000268ad       _Menu_DrawStatusBar        004278ad f   qmenu.obj
 0001:00026a22       _MenuList_Draw             00427a22 f   qmenu.obj
 0001:00026aaa       _DrawCaption               00427aaa f   qmenu.obj
 0001:00026ae9       _Separator_Draw            00427ae9 f   qmenu.obj
 0001:00026b3a       _Slider_DoSlide            00427b3a f   qmenu.obj
 0001:00026b71       _Slider_Draw               00427b71 f   qmenu.obj
 0001:00026c64       _SpinControl_DoSlide       00427c64 f   qmenu.obj
 0001:00026c93       _SpinControl_Draw          00427c93 f   qmenu.obj
 0001:00026d6e       _SpinControl2_DoSlide      00427d6e f   qmenu.obj
 0001:00026daf       _SpinControl2_Draw         00427daf f   qmenu.obj
 0001:000236d2       _StepSlideMove             004246d2 f   pmove.obj
 0001:0002387b       _StepSlideMove_            0042487b f   pmove.obj
 0001:00023ace       _ClipVelocity              00424ace f   pmove.obj
 0001:00023b37       _Friction                  00424b37 f   pmove.obj
 0001:00023c42       _WaterMove                 00424c42 f   pmove.obj
 0001:00023d28       _Accelerate                00424d28 f   pmove.obj
 0001:00023d94       _AddCurrents               00424d94 f   pmove.obj
 0001:00024033       _AirMove                   00425033 f   pmove.obj
 0001:0002428c       _AirAccelerate             0042528c f   pmove.obj
 0001:00024312       _CatagorizePosition        00425312 f   pmove.obj
 0001:00024568       _CheckJump                 00425568 f   pmove.obj
 0001:0002462f       _CheckSpecialMovement      0042562f f   pmove.obj
 0001:00024792       _FlyMove                   00425792 f   pmove.obj
 0001:000249e5       _CheckDuck                 004259e5 f   pmove.obj
 0001:00024b1a       _DeadMove                  00425b1a f   pmove.obj
 0001:00024b78       _SnapPosition              00425b78 f   pmove.obj
 0001:00024ce1       _GoodPosition              00425ce1 f   pmove.obj
 0001:00024d57       _InitialSnapPosition       00425d57 f   pmove.obj
 0001:00024e70       _ClampAngles               00425e70 f   pmove.obj
 0001:000231f3       _NET_ErrorString           004241f3 f   net_wins.obj
 0001:0001da2a       _Multiplayer_MenuDraw      0041ea2a f   menu.obj
 0001:0001da4d       _M_Banner                  0041ea4d f   menu.obj
 0001:0001da8f       _Multiplayer_MenuInit      0041ea8f f   menu.obj
 0001:0001db7d       _Multiplayer_MenuKey       0041eb7d f   menu.obj
 0001:0001dbae       _Keys_MenuInit             0041ebae f   menu.obj
 0001:0001dd48       _KeyCursorDrawFunc         0041ed48 f   menu.obj
 0001:0001dd89       _DrawKeyBindingFunc        0041ed89 f   menu.obj
 0001:0001de61       _M_FindKeysForCommand      0041ee61 f   menu.obj
 0001:0001deb1       _SeekLine                  0041eeb1 f   menu.obj
 0001:0001ded8       _AppendToken               0041eed8 f   menu.obj
 0001:0001df02       _Keys_MenuDraw             0041ef02 f   menu.obj
 0001:0001df1b       _Keys_MenuKey              0041ef1b f   menu.obj
 0001:0001dfd0       _M_UnbindCommand           0041efd0 f   menu.obj
 0001:0001e01c       _KeyBindingFunc            0041f01c f   menu.obj
 0001:0001e08e       _Options_MenuInit          0041f08e f   menu.obj
 0001:0001e4ec       _CrosshairFunc             0041f4ec f   menu.obj
 0001:0001e510       _JoystickFunc              0041f510 f   menu.obj
 0001:0001e523       _CustomizeControlsFunc     0041f523 f   menu.obj
 0001:0001e528       _AlwaysRunFunc             0041f528 f   menu.obj
 0001:0001e53b       _FreeLookFunc              0041f53b f   menu.obj
 0001:0001e54e       _MouseSpeedFunc            0041f54e f   menu.obj
 0001:0001e56b       _ControlsSetMenuItemValues 0041f56b f   menu.obj
 0001:0001e705       _ControlsResetDefaultsFunc 0041f705 f   menu.obj
 0001:0001e71a       _InvertMouseFunc           0041f71a f   menu.obj
 0001:0001e735       _LookspringFunc            0041f735 f   menu.obj
 0001:0001e751       _LookstrafeFunc            0041f751 f   menu.obj
 0001:0001e76d       _UpdateVolumeFunc          0041f76d f   menu.obj
 0001:0001e78a       _UpdateCDVolumeFunc        0041f78a f   menu.obj
 0001:0001e7a3       _ConsoleFunc               0041f7a3 f   menu.obj
 0001:0001e7d2       _UpdateSoundQualityFunc    0041f7d2 f   menu.obj
 0001:0001e85b       _Options_ScanCrosshairs    0041f85b f   menu.obj
 0001:0001e8ae       _Options_MenuDraw          0041f8ae f   menu.obj
 0001:0001e8d6       _Options_CrosshairDraw     0041f8d6 f   menu.obj
 0001:0001e94d       _Options_MenuKey           0041f94d f   menu.obj
 0001:0001ea31       _M_Credits_MenuDraw        0041fa31 f   menu.obj
 0001:0001eb19       _M_Credits_Key             0041fb19 f   menu.obj
 0001:0001eb75       _Game_MenuInit             0041fb75 f   menu.obj
 0001:0001ed22       _EasyGameFunc              0041fd22 f   menu.obj
 0001:0001ed38       _StartGame                 0041fd38 f   menu.obj
 0001:0001ed7d       _MediumGameFunc            0041fd7d f   menu.obj
 0001:0001ed93       _HardGameFunc              0041fd93 f   menu.obj
 0001:0001eda9       _Game_MenuDraw             0041fda9 f   menu.obj
 0001:0001edcc       _Game_MenuKey              0041fdcc f   menu.obj
 0001:0001edfd       _LoadGame_MenuInit         0041fdfd f   menu.obj
 0001:0001ee93       _Create_Savestrings        0041fe93 f   menu.obj
 0001:0001ef15       _LoadGameCallback          0041ff15 f   menu.obj
 0001:0001ef3f       _LoadGame_MenuDraw         0041ff3f f   menu.obj
 0001:0001ef57       _LoadGame_MenuKey          0041ff57 f   menu.obj
 0001:0001efb7       _SaveGame_MenuDraw         0041ffb7 f   menu.obj
 0001:0001efda       _SaveGame_MenuInit         0041ffda f   menu.obj
 0001:0001f062       _SaveGameCallback          00420062 f   menu.obj
 0001:0001f081       _SaveGame_MenuKey          00420081 f   menu.obj
 0001:0001f161       _JoinServer_MenuInit       00420161 f   menu.obj
 0001:0001f2b2       _JoinServerFunc            004202b2 f   menu.obj
 0001:0001f31a       _SearchLocalGames          0042031a f   menu.obj
 0001:0001f386       _JoinServer_MenuDraw       00420386 f   menu.obj
 0001:0001f39e       _JoinServer_MenuKey        0042039e f   menu.obj
 0001:0001f3cf       _StartServer_MenuInit      004203cf f   menu.obj
 0001:0001f87f       _DMOptionsFunc             0042087f f   menu.obj
 0001:0001f88e       _RulesChangeFunc           0042088e f   menu.obj
 0001:0001f8f7       _StartServerActionFunc     004208f7 f   menu.obj
 0001:0001f923       _StartServerFunc           00420923 f   menu.obj
 0001:0001fb8e       _StartServer_MenuDraw      00420b8e f   menu.obj
 0001:0001fb9a       _StartServer_MenuKey       00420b9a f   menu.obj
 0001:0001fbf9       _DMOptions_MenuInit        00420bf9 f   menu.obj
 0001:00020189       _DMFlagCallback            00421189 f   menu.obj
 0001:00020374       _DMOptions_MenuDraw        00421374 f   menu.obj
 0001:00020380       _DMOptions_MenuKey         00421380 f   menu.obj
 0001:000203b1       _DownloadOptions_MenuInit  004213b1 f   menu.obj
 0001:0002059c       _DownloadCallback          0042159c f   menu.obj
 0001:000205fb       _DownloadOptions_MenuDraw  004215fb f   menu.obj
 0001:00020607       _DownloadOptions_MenuKey   00421607 f   menu.obj
 0001:00020638       _AddressBook_MenuInit      00421638 f   menu.obj
 0001:000206ee       _AddressBook_MenuKey       004216ee f   menu.obj
 0001:0002073f       _AddressBook_MenuDraw      0042173f f   menu.obj
 0001:00020757       _M_Menu_PlayerConfig_f     00421757 f   menu.obj
 0001:000207b1       _PlayerConfig_MenuInit     004217b1 f   menu.obj
 0001:00020bda       _HandednessCallback        00421bda f   menu.obj
 0001:00020bed       _RateCallback              00421bed f   menu.obj
 0001:00020c0b       _ModelCallback             00421c0b f   menu.obj
 0001:00020c42       _PlayerConfig_ScanDirectories 00421c42 f   menu.obj
 0001:00020e0a       _IconOfSkinExists          00421e0a f   menu.obj
 0001:00020eac       _PlayerConfig_MenuDraw     00421eac f   menu.obj
 0001:0002111e       _PlayerConfig_MenuKey      0042211e f   menu.obj
 0001:000211f2       _M_Menu_DMBrowse_f         004221f2 f   menu.obj
 0001:00021235       _DMBrowse_MenuInit         00422235 f   menu.obj
 0001:000213df       _DMBrowse_MenuKey          004223df f   menu.obj
 0001:00021582       _DMBrowse_MenuDraw         00422582 f   menu.obj
 0001:000216a7       _DrawThumbnail             004226a7 f   menu.obj
 0001:0002176e       _M_Quit_Key                0042276e f   menu.obj
 0001:000217ae       _M_Quit_Draw               004227ae f   menu.obj
 0001:000218fb       _M_Menu_Quit_f             004228fb f   menu.obj
 0001:0001cff1       _AllocChain                0041dff1 f   memory.obj
 0001:0001d2e2       _Z_Stats_f                 0041e2e2 f   memory.obj
 0001:0001c7e8       _MD4Transform              0041d7e8 f   md4.obj
 0001:0001cdea       _Encode                    0041ddea f   md4.obj
 0001:0001ce2f       _Decode                    0041de2f f   md4.obj
 0001:0001be44       _iswordsym                 0041ce44 f   keys.obj
 0001:0001c1ab       _Key_Unbind_f              0041d1ab f   keys.obj
 0001:0001c28e       _Key_Unbindall_f           0041d28e f   keys.obj
 0001:0001c2b8       _Key_Bind_f                0041d2b8 f   keys.obj
 0001:0001aa0d       _IN_DeactivateMouse        0041ba0d f   in_win.obj
 0001:0001aa39       _IN_FreeDirect             0041ba39 f   in_win.obj
 0001:0001aa9a       _IN_FreeWin32              0041ba9a f   in_win.obj
 0001:0001ac1b       _IN_ActivateMouse          0041bc1b f   in_win.obj
 0001:0001ac93       _IN_InitDirect             0041bc93 f   in_win.obj
 0001:0001adcf       _IN_InitWin32              0041bdcf f   in_win.obj
 0001:0001aeef       _IN_MouseMove              0041beef f   in_win.obj
 0001:00030d04       _J_InitSource              00431d04 f   vid_dll.obj
 0001:0001a529       _J_FillInputBuffer         0041b529 f   images.obj
 0001:0001a551       _J_SkipInputData           0041b551 f   images.obj
 0001:00030d04       _J_TermSource              00431d04 f   vid_dll.obj
 0001:0001a569       _InitJpegError             0041b569 f   images.obj
 0001:0001a5a6       _J_ErrorExit               0041b5a6 f   images.obj
 0001:0001a5b5       _J_EmitMessage             0041b5b5 f   images.obj
 0001:0001a5d2       _J_ResetErrorMgr           0041b5d2 f   images.obj
 0001:000183ba       _FindPakFile               004193ba f   files.obj
 0001:00018429       _FindPakDirectory          00419429 f   files.obj
 0001:000184b9       _FileLength                004194b9 f   files.obj
 0001:000188ea       _FOpenCached               004198ea f   files.obj
 0001:00018b2a       _AddPakFile                00419b2a f   files.obj
 0001:00018bc9       _AddPakDirectory           00419bc9 f   files.obj
 0001:00018ca7       _EnumZippedPak             00419ca7 f   files.obj
 0001:00018d1a       _ClearFileCache            00419d1a f   files.obj
 0001:00018e0b       _AddDirFilesToList         00419e0b f   files.obj
 0001:00019330       _ListPakDirectory          0041a330 f   files.obj
 0001:000194e5       _InitResFiles              0041a4e5 f   files.obj
 0001:000195c8       _FS_LoadPak_f              0041a5c8 f   files.obj
 0001:00019697       _TryLoadPak                0041a697 f   files.obj
 0001:00019705       _FindPakStruc              0041a705 f   files.obj
 0001:0001975a       _FS_UnloadPak_f            0041a75a f   files.obj
 0001:000198fe       _FS_Link_f                 0041a8fe f   files.obj
 0001:000199ca       _FS_Dir_f                  0041a9ca f   files.obj
 0001:00019bdb       _FS_Path_f                 0041abdb f   files.obj
 0001:00019c73       _FS_Cat_f                  0041ac73 f   files.obj
 0001:00019d4c       _FS_Type_f                 0041ad4c f   files.obj
 0001:000171ae       _Cvar_FindVar              004181ae f   cvar.obj
 0001:000171e3       _ComputeHash               004181e3 f   cvar.obj
 0001:000173bd       _Cvar_SetString            004183bd f   cvar.obj
 0001:00017453       _Cvar_InfoValidate         00418453 f   cvar.obj
 0001:00017550       _Cvar_Set2                 00418550 f   cvar.obj
 0001:000176ac       _Cvar_SetHardcoded         004186ac f   cvar.obj
 0001:00017a2e       _Cvar_Set_f                00418a2e f   cvar.obj
 0001:00017aab       _Cvar_SetWithFlags         00418aab f   cvar.obj
 0001:00017af0       _Cvar_Seta_f               00418af0 f   cvar.obj
 0001:00017b12       _Cvar_Setu_f               00418b12 f   cvar.obj
 0001:00017b34       _Cvar_Sets_f               00418b34 f   cvar.obj
 0001:00017b56       _Cvar_Reset_f              00418b56 f   cvar.obj
 0001:00017bb8       _Cvar_List_f               00418bb8 f   cvar.obj
 0001:00017cbc       _Cvar_Add_f                00418cbc f   cvar.obj
 0001:00017e33       _Cvar_Scale_f              00418e33 f   cvar.obj
 0001:00017ea6       _Cvar_Toggle_f             00418ea6 f   cvar.obj
 0001:00017f09       _Cvar_Cycle_f              00418f09 f   cvar.obj
 0001:00016559       _Con_ToggleChat_f          00417559 f   console.obj
 0001:00016599       _Con_Clear_f               00417599 f   console.obj
 0001:000165ef       _Con_Dump_f                004175ef f   console.obj
 0001:00016702       _Con_MessageMode_f         00417702 f   console.obj
 0001:00016714       _Con_MessageMode2_f        00417714 f   console.obj
 0001:000167ad       _PlaceChar                 004177ad f   console.obj
 0001:00016951       _FindLine                  00417951 f   console.obj
 0001:00017081       _Con_DrawInput             00418081 f   console.obj
 0001:00011c51       _CMod_LoadSubmodels        00412c51 f   cmodel.obj
 0001:00011cf7       _CMod_LoadSurfaces         00412cf7 f   cmodel.obj
 0001:00011e11       _CMod_ReadSurfMaterials    00412e11 f   cmodel.obj
 0001:00011f4c       _CMod_LoadNodes            00412f4c f   cmodel.obj
 0001:00011fae       _CMod_LoadBrushes          00412fae f   cmodel.obj
 0001:00011ffa       _CMod_LoadLeafs            00412ffa f   cmodel.obj
 0001:000120c9       _CMod_LoadPlanes           004130c9 f   cmodel.obj
 0001:0001214c       _CMod_LoadLeafBrushes      0041314c f   cmodel.obj
 0001:00012197       _CMod_LoadBrushSides       00413197 f   cmodel.obj
 0001:00012210       _CMod_LoadAreas            00413210 f   cmodel.obj
 0001:000125e9       _CM_PointLeafnum_r         004135e9 f   cmodel.obj
 0001:000126a5       _CM_BoxLeafnums_r          004136a5 f   cmodel.obj
 0001:00012da9       _TraceBuf_Init             00413da9 f   cmodel.obj
 0001:00012e51       _CM_FinishHLTrace          00413e51 f   cmodel.obj
 0001:00012edd       _TraceBuf_Dump             00413edd f   cmodel.obj
 0001:00012f99       _TraceBuf_FindPart         00413f99 f   cmodel.obj
 0001:00012fd4       _CM_ClipBoxToHLLeaf        00413fd4 f   cmodel.obj
 0001:00013275       _CM_RecursiveHLHullCheck   00414275 f   cmodel.obj
 0001:0001355d       _CM_TraceToHLLeaf          0041455d f   cmodel.obj
 0001:00013630       _TraceBuf_LimitFrac        00414630 f   cmodel.obj
 0001:00013687       _TraceBuf_AddLeaf          00414687 f   cmodel.obj
 0001:0001380f       _CM_TestInLeaf             0041480f f   cmodel.obj
 0001:00013897       _CM_TestBoxInBrush         00414897 f   cmodel.obj
 0001:00013978       _CM_RecursiveHullCheck     00414978 f   cmodel.obj
 0001:00013c50       _CM_TraceToLeaf            00414c50 f   cmodel.obj
 0001:00013d2d       _CM_ClipBoxToBrush         00414d2d f   cmodel.obj
 0001:00014334       _FloodArea_r               00415334 f   cmodel.obj
 0001:00011141       _Cmd_MacroExpandString     00412141 f   cmd.obj
 0001:000117ae       _TryComplete               004127ae f   cmd.obj
 0001:0001195e       _Cmd_Wait_f                0041295e f   cmd.obj
 0001:00011969       _Cmd_List_f                00412969 f   cmd.obj
 0001:00010152       _DrawSurfInfo              00411152 f   cl_view.obj
 0001:000104be       _DecodeContents            004114be f   cl_view.obj
 0001:0001058e       _DrawOriginInfo            0041158e f   cl_view.obj
 0001:0001071f       _DrawFpsInfo               0041171f f   cl_view.obj
 0001:00010848       _FixWaterVis               00411848 f   cl_view.obj
 0001:00010948       _entitycmpfnc              00411948 f   cl_view.obj
 0001:0000cf8c       _SCR_CalcVrect             0040df8c f   cl_scrn.obj
 0001:00005b78       _CL_AddParticleTraces      00406b78 f   cl_fx.obj
 0001:000009ea       _Huff1Decompress           004019ea f   cl_cin.obj
 0001:00000f71       _Huff1TableInit            00401f71 f   cl_cin.obj
 0001:0000106b       _SmallestNode1             0040206b f   cl_cin.obj
 0001:0000014c       _CDAudio_GetAudioDiskInfo  0040114c f   cd_win.obj
 0001:000004c4       _CD_f                      004014c4 f   cd_win.obj
 0001:0000077d       _CDAudio_Eject             0040177d f   cd_win.obj
 0001:000007a7       _CDAudio_CloseDoor         004017a7 f   cd_win.obj

 70 bytes saved through ICF

