 quake2

 Timestamp is 427e2713 (Sun May 08 18:49:55 2005)

 Preferred load address is 00400000

 Start         Length     Name                   Class
 0001:00000000 0005e140H .text                   CODE
 0002:00000000 00000278H .idata$5                DATA
 0002:00000278 0000597cH .rdata                  DATA
 0002:00005bf8 00000044H .rdata$r                DATA
 0002:00005c40 00000038H .xdata$x                DATA
 0002:00005c78 00000078H .idata$2                DATA
 0002:00005cf0 00000014H .idata$3                DATA
 0002:00005d04 00000278H .idata$4                DATA
 0002:00005f7c 000007fcH .idata$6                DATA
 0002:00006778 00000000H .edata                  DATA
 0003:00000000 00000004H .CRT$XCA                DATA
 0003:00000004 0000006cH .CRT$XCU                DATA
 0003:00000070 00000004H .CRT$XCZ                DATA
 0003:00000074 00000004H .CRT$XIA                DATA
 0003:00000078 00000004H .CRT$XIZ                DATA
 0003:00000080 0000c9fcH .data                   DATA
 0003:0000ca80 003093f0H .bss                    DATA
 0004:00000000 00000130H .rsrc$01                DATA
 0004:00000130 00003f20H .rsrc$02                DATA

  Address         Publics by Value              Rva+Base     Lib:Object

 0001:00000000       ??3@YAXPAX@Z               00401000 f i CoreMain.obj
 0001:0000000b       ?appInit@@YAXXZ            0040100b f   CoreMain.obj
 0001:0000006e       ?appExit@@YAXXZ            0040106e f   CoreMain.obj
 0001:00000073       ?appLoadDebugSymbols@@YAXXZ 00401073 f   DbgSymbols.obj
 0001:00000276       ?appSymbolName@@YA_NIPADH@Z 00401276 f   DbgSymbols.obj
 0001:00000362       ?appSymbolName@@YAPBDI@Z   00401362 f   DbgSymbols.obj
 0001:00000394       ?appMalloc@@YAPAXIH@Z      00401394 f   Memory.obj
 0001:00000442       ?appFree@@YAXPAX@Z         00401442 f   Memory.obj
 0001:00000470       ?Unlink@FMemHeader@@QAEXXZ 00401470 f i Memory.obj
 0001:0000049b       ?Link@CMemoryChain@@AAEXXZ 0040149b f   Memory.obj
 0001:000004ba       ?Unlink@CMemoryChain@@AAEXXZ 004014ba f   Memory.obj
 0001:000004e5       ??2CMemoryChain@@SAPAXIH@Z 004014e5 f   Memory.obj
 0001:00000557       ??3CMemoryChain@@SAXPAX@Z  00401557 f   Memory.obj
 0001:0000058a       ?Alloc@CMemoryChain@@QAEPAXIH@Z 0040158a f   Memory.obj
 0001:000005f4       ?appInitMemory@@YAXXZ      004015f4 f   Memory.obj
 0001:00000b2d       ?Write@COutputDeviceNull@@UAEXPBD@Z 00401b2d f i OutputDevice.obj
 0001:00000b30       ?appWPrintf@@YAXPBDZZ      00401b30 f   OutputDevice.obj
 0001:00000b81       ?appFatalError@@YAXPBDZZ   00401b81 f   ErrorMgr.obj
 0001:00000bbb       ?appNonFatalError@@YAXPBDZZ 00401bbb f   ErrorMgr.obj
 0001:00000c19       ?appUnwindPrefix@@YAXPBD@Z 00401c19 f   ErrorMgr.obj
 0001:00000c70       ?appUnwindThrow@@YAXPBDZZ  00401c70 f   ErrorMgr.obj
 0001:00000cf7       ?Reset@CErrorHandler@@QAEXXZ 00401cf7 f   ErrorMgr.obj
 0001:00000d21       ?appInitError@@YAXXZ       00401d21 f   ErrorMgr.obj
 0001:00000ddf       ?appStricmp@@YAHPBD0@Z     00401ddf f   Strings.obj
 0001:00000e14       ?toLower@@YADD@Z           00401e14 f i Strings.obj
 0001:00000e2b       ?appStrcpy@@YAXPADPBD@Z    00401e2b f   Strings.obj
 0001:00000e3e       ?appStrncpylwr@@YAXPADPBDH@Z 00401e3e f   Strings.obj
 0001:00000e76       ?appStrncpyz@@YAXPADPBDH@Z 00401e76 f   Strings.obj
 0001:00000ea3       ?appStrcatn@@YAXPADHPBD@Z  00401ea3 f   Strings.obj
 0001:00000ece       ?appCopyFilename@@YAXPADPBDH@Z 00401ece f   Strings.obj
 0001:00000f6a       ?appCStrlen@@YAHPBD@Z      00401f6a f   Strings.obj
 0001:00000f8f       ?appUncolorizeString@@YAXPADPBD@Z 00401f8f f   Strings.obj
 0001:00000fbf       ?va@@YAPBDPBDZZ            00401fbf f   Strings.obj
 0001:0000105b       ?appSprintf@@YAHPADHPBDZZ  0040205b f   Strings.obj
 0001:000010a6       ?appMatchWildcard@@YA_NPBD0_N@Z 004020a6 f   Strings.obj
 0001:00001226       ?CopyString@@YAPADPBD@Z    00402226 f   Strings.obj
 0001:00001266       ?CopyString@@YAPADPBDPAVCMemoryChain@@@Z 00402266 f   Strings.obj
 0001:0000129a       ??2CStringItem@@SAPAXIPBD@Z 0040229a f   Strings.obj
 0001:000012e3       ??2CStringItem@@SAPAXIPBDPAVCMemoryChain@@@Z 004022e3 f   Strings.obj
 0001:00001320       ?Find@CStringList@@IAEPAVCStringItem@@PBDPAPAV2@@Z 00402320 f   Strings.obj
 0001:00001363       ?Find@CStringList@@IAEPAVCStringItem@@H@Z 00402363 f   Strings.obj
 0001:0000137c       ?IndexOf@CStringList@@QAEHPBD@Z 0040237c f   Strings.obj
 0001:000013a9       ?Remove@CStringList@@QAE_NPAVCStringItem@@@Z 004023a9 f   Strings.obj
 0001:000013d5       ?Free@CStringList@@QAEXXZ  004023d5 f   Strings.obj
 0001:000013ee       ?appMillisecondsf@@YANXZ   004023ee f   CoreWin32.obj
 0001:00001427       ?appMilliseconds@@YAIXZ    00402427 f   CoreWin32.obj
 0001:0000145c       ?cpuid@@YAXI@Z             0040245c f   CoreWin32.obj
 0001:0000147f       ?appInitPlatform@@YAXXZ    0040247f f   CoreWin32.obj
 0001:00001712       ?appShutdownPlatform@@YAXXZ 00402712 f   CoreWin32.obj
 0001:0000171b       ?osAddressInfo@@YA_NIPADHPAH@Z 0040271b f   DbgSymbolsWin32.obj
 0001:000017af       ?osModuleInfo@@YA_NIPADHPAH@Z 004027af f   DbgSymbolsWin32.obj
 0001:00001957       ?win32ExceptFilter@@YAHPAU_EXCEPTION_POINTERS@@@Z 00402957 f   ExceptFilterWin32.obj
 0001:00001e8d       ?win32ExceptFilter2@@YAHXZ 00402e8d f   ExceptFilterWin32.obj
 0001:00001e99       ?SCR_StopCinematic@@YAXXZ  00402e99 f   cl_cin.obj
 0001:00001f2d       ?SCR_DrawCinematic@@YA_NXZ 00402f2d f   cl_cin.obj
 0001:0000238e       ?SCR_PlayCinematic@@YAXPAD@Z 0040338e f   cl_cin.obj
 0001:000026fe       ?CL_Download_f@@YAX_NHPAPAD@Z 004036fe f   cl_download.obj
 0001:00002aaf       ?CL_ParseDownload@@YAXXZ   00403aaf f   cl_download.obj
 0001:000032bc       ?CL_Precache_f@@YAXHPAPAD@Z 004042bc f   cl_download.obj
 0001:0000331a       ?CL_ParseDelta@@YAXPAUentityState_t@@0HI_N@Z 0040431a f   cl_ents.obj
 0001:00003533       ?CL_ParsePacketEntities@@YAXPAUframe_t@@0@Z 00404533 f   cl_ents.obj
 0001:0000389e       ?CL_FireEntityEvents@@YAXPAUframe_t@@@Z 0040489e f   cl_ents.obj
 0001:000038f0       ?CL_ParseFrame@@YAXXZ      004048f0 f   cl_ents.obj
 0001:00003be2       ?CL_AddEntityBox@@YAXPAUentityState_t@@I@Z 00404be2 f   cl_ents.obj
 0001:00003cc7       ?CL_OffsetThirdPersonView@@YAXXZ 00404cc7 f   cl_ents.obj
 0001:00003d81       ?CL_CalcViewValues@@YAXXZ  00404d81 f   cl_ents.obj
 0001:0000408a       ?CL_AddEntities@@YAXXZ     0040508a f   cl_ents.obj
 0001:00004e0f       ?CL_GetEntitySoundOrigin@@YAXHQAM@Z 00405e0f f   cl_ents.obj
 0001:00004e47       ?CL_ClearLightStyles@@YAXXZ 00405e47 f   cl_fx.obj
 0001:00004ec9       ?CL_RunLightStyles@@YAXXZ  00405ec9 f   cl_fx.obj
 0001:00004f68       ?CL_SetLightstyle@@YAXHPBD@Z 00405f68 f   cl_fx.obj
 0001:00004fc9       ?CL_ClearDlights@@YAXXZ    00405fc9 f   cl_fx.obj
 0001:00004fda       ?CL_AllocDlight@@YAPAUcdlight_t@@HQAM@Z 00405fda f   cl_fx.obj
 0001:00005043       ?CL_AddDLights@@YAXXZ      00406043 f   cl_fx.obj
 0001:000050a3       ?CL_ClearParticles@@YAXXZ  004060a3 f   cl_fx.obj
 0001:0000510a       ?CL_AllocParticleTrace@@YAPAUparticleTrace_t@@QAM0MM@Z 0040610a f   cl_fx.obj
 0001:000051aa       ?CL_AllocParticleBeam@@YAPAUbeam_t@@QAM0MM@Z 004061aa f   cl_fx.obj
 0001:0000521d       ?CL_AllocParticle@@YAPAUparticle_t@@XZ 0040621d f   cl_fx.obj
 0001:0000526b       ?CL_UpdateParticles@@YAXXZ 0040626b f   cl_fx.obj
 0001:0000585d       ?CL_MetalSparks@@YAXQAM0H@Z 0040685d f   cl_fx.obj
 0001:0000594a       ?CL_ParseMuzzleFlash@@YAXXZ 0040694a f   cl_fx.obj
 0001:00005cdf       ?CL_ParseMuzzleFlash2@@YAXXZ 00406cdf f   cl_fx.obj
 0001:00006321       ?CL_ParticleEffect@@YAXQAM0HH@Z 00407321 f   cl_fx.obj
 0001:000063f0       ?CL_ParticleEffect2@@YAXQAM0HH@Z 004073f0 f   cl_fx.obj
 0001:000064bb       ?CL_ParticleEffect3@@YAXQAM0HH@Z 004074bb f   cl_fx.obj
 0001:0000658b       ?CL_TeleporterParticles@@YAXPAUentityState_t@@@Z 0040758b f   cl_fx.obj
 0001:00006642       ?CL_LogoutEffect@@YAXQAMH@Z 00407642 f   cl_fx.obj
 0001:0000672d       ?CL_ItemRespawnParticles@@YAXQAM@Z 0040772d f   cl_fx.obj
 0001:000067dc       ?CL_ExplosionParticles@@YAXQAM@Z 004077dc f   cl_fx.obj
 0001:00006886       ?CL_BigTeleportParticles@@YAXQAM@Z 00407886 f   cl_fx.obj
 0001:000069dd       ?CL_BlasterParticles@@YAXQAM0@Z 004079dd f   cl_fx.obj
 0001:00006aa9       ?CL_BlasterTrail@@YAXQAM0@Z 00407aa9 f   cl_fx.obj
 0001:00006b9c       ?CL_FlagTrail@@YAXQAM0H@Z  00407b9c f   cl_fx.obj
 0001:00006c97       ?CL_DiminishingTrail@@YAXQAM0PAUcentity_t@@H@Z 00407c97 f   cl_fx.obj
 0001:00006efb       ?CL_RocketTrail@@YAXQAM0PAUcentity_t@@@Z 00407efb f   cl_fx.obj
 0001:00007028       ?CL_RailTrail@@YAXQAM0@Z   00408028 f   cl_fx.obj
 0001:0000724e       ?CL_RailTrailExt@@YAXQAM0EE@Z 0040824e f   cl_fx.obj
 0001:00007352       ?CL_IonripperTrail@@YAXQAM0@Z 00408352 f   cl_fx.obj
 0001:00007465       ?CL_BubbleTrail@@YAXQAM0@Z 00408465 f   cl_fx.obj
 0001:00007576       ?CL_FlyParticles@@YAXQAMH@Z 00408576 f   cl_fx.obj
 0001:00007716       ?CL_FlyEffect@@YAXPAUcentity_t@@QAM@Z 00408716 f   cl_fx.obj
 0001:0000777e       ?CL_BfgParticles@@YAXPAUentity_t@@@Z 0040877e f   cl_fx.obj
 0001:00007959       ?CL_TrapParticles@@YAXPAUentity_t@@@Z 00408959 f   cl_fx.obj
 0001:00007bdc       ?CL_BFGExplosionParticles@@YAXQAM@Z 00408bdc f   cl_fx.obj
 0001:00007c86       ?CL_TeleportParticles@@YAXQAM@Z 00408c86 f   cl_fx.obj
 0001:00007dbf       ?CL_EntityEvent@@YAXPAUentityState_t@@@Z 00408dbf f   cl_fx.obj
 0001:00007f99       ?CL_ClearEffects@@YAXXZ    00408f99 f   cl_fx.obj
 0001:00007fa8       ?IN_CenterView@@YAXXZ      00408fa8 f   cl_input.obj
 0001:00007fc9       ?CL_InitInput@@YAXXZ       00408fc9 f   cl_input.obj
 0001:00008565       ?CL_SendCmd@@YAXXZ         00409565 f   cl_input.obj
 0001:00008c5b       ?CL_WriteDemoMessage@@YAXXZ 00409c5b f   cl_main.obj
 0001:00008c9d       ?Cmd_ForwardToServer@@YAXHPAPAD@Z 00409c9d f   cl_main.obj
 0001:00008d60       ?CL_ForwardToServer_f@@YAXHPAPAD@Z 00409d60 f   cl_main.obj
 0001:00008da8       ?CL_Pause@@YAX_N@Z         00409da8 f   cl_main.obj
 0001:00008dea       ?CL_Quit_f@@YAXXZ          00409dea f   cl_main.obj
 0001:00008df4       ?CL_Drop@@YAX_N@Z          00409df4 f   cl_main.obj
 0001:00008e17       ?CL_SendConnectPacket@@YAXXZ 00409e17 f   cl_main.obj
 0001:00008eee       ?CL_CheckForResend@@YAXXZ  00409eee f   cl_main.obj
 0001:00008ff3       ?CL_Connect_f@@YAX_NHPAPAD@Z 00409ff3 f   cl_main.obj
 0001:00009076       ?CL_Rcon_f@@YAXHPAPAD@Z    0040a076 f   cl_main.obj
 0001:0000917e       ?CL_Disconnect@@YAXXZ      0040a17e f   cl_main.obj
 0001:0000932e       ?CL_Disconnect_f@@YAXXZ    0040a32e f   cl_main.obj
 0001:00009338       ?CL_Changing_f@@YAXXZ      0040a338 f   cl_main.obj
 0001:0000935c       ?CL_Reconnect_f@@YAXXZ     0040a35c f   cl_main.obj
 0001:000093f8       ?CL_PingServers_f@@YAXXZ   0040a3f8 f   cl_main.obj
 0001:00009563       ?CL_Skins_f@@YAXXZ         0040a563 f   cl_main.obj
 0001:00009836       ?CL_ConnectionlessPacket@@YAXXZ 0040a836 f   cl_main.obj
 0001:00009936       ?CL_ReadPackets@@YAXXZ     0040a936 f   cl_main.obj
 0001:00009a7b       ?CL_FixUpGender@@YAXXZ     0040aa7b f   cl_main.obj
 0001:00009b2d       ?CL_Userinfo_f@@YAXXZ      0040ab2d f   cl_main.obj
 0001:00009b45       ?CL_RegisterSounds@@YAXXZ  0040ab45 f   cl_main.obj
 0001:00009b84       ?CL_Snd_Restart_f@@YAXXZ   0040ab84 f   cl_main.obj
 0001:00009b93       ?CL_WriteConfiguration@@YAXPBD@Z 0040ab93 f   cl_main.obj
 0001:00009c4e       ?CL_WriteConfig_f@@YAX_NHPAPAD@Z 0040ac4e f   cl_main.obj
 0001:00009cad       ?CL_FixCvarCheats@@YAXXZ   0040acad f   cl_main.obj
 0001:00009d07       ?CL_Frame@@YAXMM@Z         0040ad07 f   cl_main.obj
 0001:00009f0d       ?CL_ClearState@@YAXXZ      0040af0d f   cl_main.obj
 0001:00009f46       ?CL_Init@@YAXXZ            0040af46 f   cl_main.obj
 0001:0000a431       ?CL_Shutdown@@YAX_N@Z      0040b431 f   cl_main.obj
 0001:0000a486       ?CL_Flashlight@@YAXHQAM@Z  0040b486 f   cl_newfx.obj
 0001:0000a4c0       ?CL_ColorFlash@@YAXQAMHHMMM@Z 0040b4c0 f   cl_newfx.obj
 0001:0000a4fc       ?CL_DebugTrail@@YAXQAM0@Z  0040b4fc f   cl_newfx.obj
 0001:0000a5dc       ?CL_ForceWall@@YAXQAM0H@Z  0040b5dc f   cl_newfx.obj
 0001:0000a703       ?CL_BubbleTrail2@@YAXQAM0H@Z 0040b703 f   cl_newfx.obj
 0001:0000a82b       ?CL_Heatbeam@@YAXQAM0@Z    0040b82b f   cl_newfx.obj
 0001:0000aabe       ?CL_ParticleSteamEffect@@YAXQAM0HHH@Z 0040babe f   cl_newfx.obj
 0001:0000abe8       ?CL_ParticleSteamEffect2@@YAXPAUcl_sustain_t@@@Z 0040bbe8 f   cl_newfx.obj
 0001:0000ad1f       ?CL_TrackerTrail@@YAXQAM0H@Z 0040bd1f f   cl_newfx.obj
 0001:0000ae6f       ?CL_Tracker_Shell@@YAXQAM@Z 0040be6f f   cl_newfx.obj
 0001:0000aef8       ?CL_MonsterPlasma_Shell@@YAXQAM@Z 0040bef8 f   cl_newfx.obj
 0001:0000af7e       ?CL_Widowbeamout@@YAXPAUcl_sustain_t@@@Z 0040bf7e f   cl_newfx.obj
 0001:0000b03a       ?CL_Nukeblast@@YAXPAUcl_sustain_t@@@Z 0040c03a f   cl_newfx.obj
 0001:0000b0f6       ?CL_WidowSplash@@YAXQAM@Z  0040c0f6 f   cl_newfx.obj
 0001:0000b1be       ?CL_TagTrail@@YAXQAM0H@Z   0040c1be f   cl_newfx.obj
 0001:0000b2b9       ?CL_ColorExplosionParticles@@YAXQAMHH@Z 0040c2b9 f   cl_newfx.obj
 0001:0000b366       ?CL_ParticleSmokeEffect@@YAXQAM0HHH@Z 0040c366 f   cl_newfx.obj
 0001:0000b48e       ?CL_BlasterParticles2@@YAXQAM0I@Z 0040c48e f   cl_newfx.obj
 0001:0000b55b       ?CL_BlasterTrail2@@YAXQAM0@Z 0040c55b f   cl_newfx.obj
 0001:0000b64e       ?CL_LoadClientinfo@@YAXPAUclientinfo_t@@PAD@Z 0040c64e f   cl_parse.obj
 0001:0000b928       ?CL_ParseClientinfo@@YAXH@Z 0040c928 f   cl_parse.obj
 0001:0000b94c       ?CL_ParseServerMessage@@YAXXZ 0040c94c f   cl_parse.obj
 0001:0000c103       ?CL_CheckPredictionError@@YAXXZ 0040d103 f   cl_pred.obj
 0001:0000c2a3       ?CL_EntityTrace@@YAXPAUtrace_t@@QBM111H@Z 0040d2a3 f   cl_pred.obj
 0001:0000c664       ?CL_Trace@@YAXPAUtrace_t@@QBM111H@Z 0040d664 f   cl_pred.obj
 0001:0000c6e6       ?CL_PMpointcontents@@YAHQAM@Z 0040d6e6 f   cl_pred.obj
 0001:0000c871       ?CL_PredictMovement@@YAXXZ 0040d871 f   cl_pred.obj
 0001:0000cc13       ?DrawString@@YAXHHPBD@Z    0040dc13 f   cl_scrn.obj
 0001:0000cc57       ?SCR_DebugGraph@@YAXMH@Z   0040dc57 f   cl_scrn.obj
 0001:0000cc7f       ?SCR_CenterPrint@@YAXPAD@Z 0040dc7f f   cl_scrn.obj
 0001:0000cd83       ?Key_Message@@YAXH@Z       0040dd83 f   cl_scrn.obj
 0001:0000ce1f       ?SCR_SetLevelshot@@YAXPBD@Z 0040de1f f   cl_scrn.obj
 0001:0000cf12       ?SCR_BeginLoadingPlaque@@YAXXZ 0040df12 f   cl_scrn.obj
 0001:0000cf97       ?SCR_EndLoadingPlaque@@YAX_N@Z 0040df97 f   cl_scrn.obj
 0001:0000d01c       ?SCR_ShowConsole@@YAX_N0@Z 0040e01c f   cl_scrn.obj
 0001:0000d0f3       ?SCR_ToggleConsole@@YAXXZ  0040e0f3 f   cl_scrn.obj
 0001:0000d11b       ?SCR_TouchPics@@YAXXZ      0040e11b f   cl_scrn.obj
 0001:0000d17a       ?SCR_UpdateScreen@@YAXXZ   0040e17a f   cl_scrn.obj
 0001:0000e3f5       ?SCR_Init@@YAXXZ           0040f3f5 f   cl_scrn.obj
 0001:0000e73f       ?CL_RegisterTEntSounds@@YAXXZ 0040f73f f   cl_tent.obj
 0001:0000e984       ?CL_RegisterTEntModels@@YAXXZ 0040f984 f   cl_tent.obj
 0001:0000eac2       ?CL_ClearTEnts@@YAXXZ      0040fac2 f   cl_tent.obj
 0001:0000eaf6       ?CL_AllocExplosion@@YAPAUexplosion_t@@QAMW4exptype_t@@@Z 0040faf6 f   cl_tent.obj
 0001:0000eb92       ?CL_AddExplosions@@YAXXZ   0040fb92 f   cl_tent.obj
 0001:0000ed2c       ?CL_SmokeAndFlash@@YAXQAM@Z 0040fd2c f   cl_tent.obj
 0001:0000ed74       ?CL_ParseBeam@@YAHPAVCRenderModel@@@Z 0040fd74 f   cl_tent.obj
 0001:0000ee53       ?CL_ParseBeam2@@YAHPAVCRenderModel@@@Z 0040fe53 f   cl_tent.obj
 0001:0000ef2a       ?CL_ParsePlayerBeam@@YAHPAVCRenderModel@@@Z 0040ff2a f   cl_tent.obj
 0001:0000f038       ?CL_ParseLightning@@YAHPAVCRenderModel@@@Z 00410038 f   cl_tent.obj
 0001:0000f104       ?CL_ParseLaser@@YAXI@Z     00410104 f   cl_tent.obj
 0001:0000f180       ?CL_ParseSteam@@YAXXZ      00410180 f   cl_tent.obj
 0001:0000f291       ?CL_ParseWidow@@YAXXZ      00410291 f   cl_tent.obj
 0001:0000f2fd       ?CL_ParseNuke@@YAXXZ       004102fd f   cl_tent.obj
 0001:0000f367       ?CL_ParseTEnt@@YAXXZ       00410367 f   cl_tent.obj
 0001:00010193       ?CL_AddBeams@@YAXXZ        00411193 f   cl_tent.obj
 0001:000104cf       ?CL_AddPlayerBeams@@YAXXZ  004114cf f   cl_tent.obj
 0001:00010bbf       ?CL_ProcessSustain@@YAXXZ  00411bbf f   cl_tent.obj
 0001:00010c00       ?CL_AddTEnts@@YAXXZ        00411c00 f   cl_tent.obj
 0001:00010c14       ?V_AddEntity@@YAXPAUentity_t@@@Z 00411c14 f   cl_view.obj
 0001:00010c43       ?V_AddLight@@YAXQAMMMMM@Z  00411c43 f   cl_view.obj
 0001:00010c88       ?V_TestParticles@@YAXXZ    00411c88 f   cl_view.obj
 0001:00010d46       ?V_TestEntities@@YAXXZ     00411d46 f   cl_view.obj
 0001:00010ddc       ?V_TestLights@@YAXXZ       00411ddc f   cl_view.obj
 0001:00010eaa       ?CL_PrepRefresh@@YAXXZ     00411eaa f   cl_view.obj
 0001:0001116a       ?CalcFov@@YAMMMM@Z         0041216a f   cl_view.obj
 0001:000111de       ?V_RenderView@@YA_NXZ      004121de f   cl_view.obj
 0001:00011edc       ?V_Init@@YAXXZ             00412edc f   cl_view.obj
 0001:00011f8b       ?Con_ClearNotify@@YAXXZ    00412f8b f   console.obj
 0001:00011f9a       ?Con_CheckResize@@YAXXZ    00412f9a f   console.obj
 0001:000120c1       ?Con_Print@@YAXPBD@Z       004130c1 f   console.obj
 0001:000123b9       ?Con_DrawNotify@@YAX_N@Z   004133b9 f   console.obj
 0001:000124d1       ?Con_DrawConsole@@YAXM@Z   004134d1 f   console.obj
 0001:000128a4       ?Con_ClearTyping@@YAXXZ    004138a4 f   console.obj
 0001:000128bd       ?Key_Console@@YAXHH@Z      004138bd f   console.obj
 0001:00012d05       ?Con_Init@@YAXXZ           00413d05 f   console.obj
 0001:00012e81       ?Key_KeynumToString@@YAPBDH@Z 00413e81 f   keys.obj
 0001:00012f41       ?Draw@completeMenu_t@@UAEXXZ 00413f41 f i keys.obj
 0001:00012f72       ?KeyDown@completeMenu_t@@UAEPBDH@Z 00413f72 f i keys.obj
 0001:00012f9b       ?Init@completeMenu_t@@UAE_NXZ 00413f9b f i keys.obj
 0001:000130c2       ?CompleteMenuCallback@completeMenu_t@@SAXPAX@Z 004140c2 f i keys.obj
 0001:00013150       ?CompleteCommand@@YAXXZ    00414150 f   keys.obj
 0001:00013885       ?Key_SetBinding@@YAXHPBD@Z 00414885 f   keys.obj
 0001:000138c3       ?Key_FindBinding@@YAHPBDPAHH@Z 004148c3 f   keys.obj
 0001:00013911       ?Key_WriteBindings@@YAXPAU_iobuf@@@Z 00414911 f   keys.obj
 0001:00013959       ?Key_Init@@YAXXZ           00414959 f   keys.obj
 0001:00013c3d       ?Key_Event@@YAXH_N@Z       00414c3d f   keys.obj
 0001:00013f96       ?Key_ClearStates@@YAXXZ    00414f96 f   keys.obj
 0001:00013fcb       ?M_ForceMenuOn@@YAXXZ      00414fcb f   menu.obj
 0001:00013fea       ?Draw@menuMain_t@@UAEXXZ   00414fea f i menu.obj
 0001:0001414d       ?KeyDown@menuMain_t@@UAEPBDH@Z 0041514d f i menu.obj
 0001:00014209       ?Init@menuMain_t@@UAE_NXZ  00415209 f i menu.obj
 0001:00014211       ?M_Menu_Main_f@@YAXXZ      00415211 f   menu.obj
 0001:0001422b       ?Init@multiplayerMenu_t@@UAE_NXZ 0041522b f i menu.obj
 0001:0001434f       ?Init@keysMenu_t@@UAE_NXZ  0041534f f i menu.obj
 0001:00014534       ?KeyCursorDrawFunc@keysMenu_t@@SAXPAUmenuFramework_t@@@Z 00415534 f i menu.obj
 0001:00014574       ?DrawKeyBindingFunc@keysMenu_t@@SAXPAX@Z 00415574 f i menu.obj
 0001:0001463b       ?KeyDown@keysMenu_t@@UAEPBDH@Z 0041563b f i menu.obj
 0001:000146e8       ?UnbindCommand@keysMenu_t@@QAEXPAD@Z 004156e8 f i menu.obj
 0001:0001472d       ?KeyBindingFunc@keysMenu_t@@QAEXPAX@Z 0041572d f i menu.obj
 0001:0001478c       ?Init@optionsMenu_t@@UAE_NXZ 0041578c f i menu.obj
 0001:00014bea       ?CrosshairFunc@optionsMenu_t@@SAXPAX@Z 00415bea f i menu.obj
 0001:00014c12       ?JoystickFunc@optionsMenu_t@@SAXPAX@Z 00415c12 f i menu.obj
 0001:00014c27       ?AlwaysRunFunc@optionsMenu_t@@SAXPAX@Z 00415c27 f i menu.obj
 0001:00014c3c       ?FreeLookFunc@optionsMenu_t@@SAXPAX@Z 00415c3c f i menu.obj
 0001:00014c51       ?MouseSpeedFunc@optionsMenu_t@@SAXPAX@Z 00415c51 f i menu.obj
 0001:00014c6e       ?InvertMouseFunc@optionsMenu_t@@SAXPAX@Z 00415c6e f i menu.obj
 0001:00014c89       ?LookspringFunc@optionsMenu_t@@SAXPAX@Z 00415c89 f i menu.obj
 0001:00014ca5       ?LookstrafeFunc@optionsMenu_t@@SAXPAX@Z 00415ca5 f i menu.obj
 0001:00014cc1       ?UpdateVolumeFunc@optionsMenu_t@@SAXPAX@Z 00415cc1 f i menu.obj
 0001:00014cde       ?UpdateCDVolumeFunc@optionsMenu_t@@SAXPAX@Z 00415cde f i menu.obj
 0001:00014cf8       ?SetMenuItemValues@optionsMenu_t@@SAXXZ 00415cf8 f i menu.obj
 0001:00014ed6       ?ResetDefaultsFunc@optionsMenu_t@@SAXPAX@Z 00415ed6 f i menu.obj
 0001:00014eeb       ?UpdateSoundFunc@optionsMenu_t@@SAXPAX@Z 00415eeb f i menu.obj
 0001:000150ee       ?ScanCrosshairs@optionsMenu_t@@SAXXZ 004160ee f i menu.obj
 0001:0001514b       ?Draw@optionsMenu_t@@UAEXXZ 0041614b f i menu.obj
 0001:000151b0       ?Draw@creditsMenu_t@@UAEXXZ 004161b0 f i menu.obj
 0001:00015257       ?KeyDown@creditsMenu_t@@UAEPBDH@Z 00416257 f i menu.obj
 0001:00015292       ?Init@creditsMenu_t@@UAE_NXZ 00416292 f i menu.obj
 0001:0001535a       ?Init@gameMenu_t@@UAE_NXZ  0041635a f i menu.obj
 0001:000154e5       ?EasyGameFunc@gameMenu_t@@SAXPAX@Z 004164e5 f i menu.obj
 0001:000154f1       ?StartGame@gameMenu_t@@SAXPBD@Z 004164f1 f i menu.obj
 0001:00015544       ?MediumGameFunc@gameMenu_t@@SAXPAX@Z 00416544 f i menu.obj
 0001:00015550       ?HardGameFunc@gameMenu_t@@SAXPAX@Z 00416550 f i menu.obj
 0001:0001556c       ?Init@savegameMenu_t@@UAE_NXZ 0041656c f i menu.obj
 0001:0001567c       ?Create_Savestrings@savegameMenu_t@@QAEXXZ 0041667c f i menu.obj
 0001:00015737       ?LoadGameCallback@savegameMenu_t@@SAXPAX@Z 00416737 f i menu.obj
 0001:00015760       ?SaveGameCallback@savegameMenu_t@@SAXPAX@Z 00416760 f i menu.obj
 0001:0001577f       ?Draw@savegameMenu_t@@UAEXXZ 0041677f f i menu.obj
 0001:0001579a       ?DrawSavegameShot@savegameMenu_t@@QAEXHH@Z 0041679a f i menu.obj
 0001:0001587f       ?Init@joinserverMenu_t@@UAE_NXZ 0041687f f i menu.obj
 0001:000159a8       ?JoinServerFunc@joinserverMenu_t@@SAXPAX@Z 004169a8 f i menu.obj
 0001:00015a0a       ?SearchLocalGames@joinserverMenu_t@@SAXXZ 00416a0a f i menu.obj
 0001:00015a75       ?M_AddToServerList@@YAXUnetadr_t@@PAD@Z 00416a75 f   menu.obj
 0001:00015af8       ?Init@startserverMenu_t@@UAE_NXZ 00416af8 f i menu.obj
 0001:00015f9a       ?DMOptionsFunc@startserverMenu_t@@SAXPAX@Z 00416f9a f i menu.obj
 0001:00015faa       ?RulesChangeFunc@startserverMenu_t@@SAXPAX@Z 00416faa f i menu.obj
 0001:00016024       ?StartServerActionFunc@startserverMenu_t@@SAXPAX@Z 00417024 f i menu.obj
 0001:0001604f       ?StartServerFunc@startserverMenu_t@@SAXPAD@Z 0041704f f i menu.obj
 0001:00016286       ?KeyDown@startserverMenu_t@@UAEPBDH@Z 00417286 f i menu.obj
 0001:000162e3       ?Init@dmoptionsMenu_t@@UAE_NXZ 004172e3 f i menu.obj
 0001:000168c2       ?DMFlagCallback@dmoptionsMenu_t@@SAXPAX@Z 004178c2 f i menu.obj
 0001:00016a9d       ?Init@downloadOptionsMenu_t@@UAE_NXZ 00417a9d f i menu.obj
 0001:00016c68       ?DownloadCallback@downloadOptionsMenu_t@@SAXPAX@Z 00417c68 f i menu.obj
 0001:00016cd3       ?Init@addressBookMenu_t@@UAE_NXZ 00417cd3 f i menu.obj
 0001:00016d7b       ?KeyDown@addressBookMenu_t@@UAEPBDH@Z 00417d7b f i menu.obj
 0001:00016dd8       ?Init@playerConfigMenu_t@@UAE_NXZ 00417dd8 f i menu.obj
 0001:0001732f       ?HandednessCallback@playerConfigMenu_t@@SAXPAX@Z 0041832f f i menu.obj
 0001:00017344       ?RTypeCallback@playerConfigMenu_t@@SAXPAX@Z 00418344 f i menu.obj
 0001:00017359       ?RColorCallback@playerConfigMenu_t@@SAXPAX@Z 00418359 f i menu.obj
 0001:0001736e       ?RateCallback@playerConfigMenu_t@@SAXPAX@Z 0041836e f i menu.obj
 0001:00017391       ?ModelCallback@playerConfigMenu_t@@SAXPAX@Z 00418391 f i menu.obj
 0001:000173be       ?ScanDirectories@playerConfigMenu_t@@SA_NXZ 004183be f i menu.obj
 0001:00017538       ?IsValidSkin@playerConfigMenu_t@@SA_NPADPAVCStringItem@@@Z 00418538 f i menu.obj
 0001:000175f3       ?Draw@playerConfigMenu_t@@UAEXXZ 004185f3 f i menu.obj
 0001:0001789f       ?KeyDown@playerConfigMenu_t@@UAEPBDH@Z 0041889f f i menu.obj
 0001:00017991       ?Init@dmbrowseMenu_t@@UAE_NXZ 00418991 f i menu.obj
 0001:00017b97       ?KeyDown@dmbrowseMenu_t@@UAEPBDH@Z 00418b97 f i menu.obj
 0001:00017d5b       ?Draw@dmbrowseMenu_t@@UAEXXZ 00418d5b f i menu.obj
 0001:00017ea0       ?DrawThumbnail@dmbrowseMenu_t@@SAXHHHHPAD_N@Z 00418ea0 f i menu.obj
 0001:00017f87       ?Init@videoMenu_t@@UAE_NXZ 00418f87 f i menu.obj
 0001:00018540       ?ScreenSizeCallback@videoMenu_t@@SAXPAX@Z 00419540 f i menu.obj
 0001:0001855e       ?BrightnessCallback@videoMenu_t@@SAXPAX@Z 0041955e f i menu.obj
 0001:0001857c       ?ContrastCallback@videoMenu_t@@SAXPAX@Z 0041957c f i menu.obj
 0001:000185b5       ?CancelChanges@videoMenu_t@@SAXPAX@Z 004195b5 f i menu.obj
 0001:000185d6       ?KeyDown@videoMenu_t@@UAEPBDH@Z 004195d6 f i menu.obj
 0001:0001861d       ?ApplyChanges@videoMenu_t@@SAXPAX@Z 0041961d f i menu.obj
 0001:000187d4       ?KeyDown@quitMenu_t@@UAEPBDH@Z 004197d4 f i menu.obj
 0001:0001880c       ?Draw@quitMenu_t@@UAEXXZ   0041980c f i menu.obj
 0001:0001887c       ?M_Init@@YAXXZ             0041987c f   menu.obj
 0001:00018a5e       ?Insert@?$TList@VCStringItem@@@@QAE_NPAVCStringItem@@@Z 00419a5e f i menu.obj
 0001:00018a5e       ?Insert@?$TList@VplayerModelInfo_t@@@@QAE_NPAVplayerModelInfo_t@@@Z 00419a5e f i menu.obj
 0001:00018a94       ?ItemAtCursor@menuFramework_t@@QAEPAUmenuCommon_t@@XZ 00419a94 f   qmenu.obj
 0001:00018ae8       ?AddItem@menuFramework_t@@QAEXPAUmenuCommon_t@@@Z 00419ae8 f   qmenu.obj
 0001:00018ba4       ?AdjustCursor@menuFramework_t@@QAEXH@Z 00419ba4 f   qmenu.obj
 0001:00018d13       ?Center@menuFramework_t@@QAEXXZ 00419d13 f   qmenu.obj
 0001:00018d54       ?Draw@menuFramework_t@@UAEXXZ 00419d54 f   qmenu.obj
 0001:0001930c       ?SelectItem@menuFramework_t@@QAE_NXZ 0041a30c f   qmenu.obj
 0001:0001936a       ?SetStatusBar@menuFramework_t@@QAEXPBD@Z 0041a36a f   qmenu.obj
 0001:00019374       ?SlideItem@menuFramework_t@@QAEXH@Z 0041a374 f   qmenu.obj
 0001:000198f1       ?Push@menuFramework_t@@QAEXXZ 0041a8f1 f   qmenu.obj
 0001:00019979       ?M_ForceMenuOff@@YAXXZ     0041a979 f   qmenu.obj
 0001:0001999c       ?Pop@menuFramework_t@@QAEXXZ 0041a99c f   qmenu.obj
 0001:000199d6       ?KeyDown@menuFramework_t@@UAEPBDH@Z 0041a9d6 f   qmenu.obj
 0001:00019c4a       ?Init@menuFramework_t@@UAE_NXZ 0041ac4a f   qmenu.obj
 0001:00019c4d       ?M_Draw@@YAXXZ             0041ac4d f   qmenu.obj
 0001:00019c88       ?M_Keydown@@YAXH@Z         0041ac88 f   qmenu.obj
 0001:00019ca7       ?InitRendererVars@@YAXXZ   0041aca7 f   ref_vars.obj
 0001:00019cc6       ?S_SoundInfo_f@@YAXXZ      0041acc6 f   snd_dma.obj
 0001:00019d50       ?S_ReadModelsSex@@YAXXZ    0041ad50 f   snd_dma.obj
 0001:00019e35       ?S_IsFemale@@YA_NPBD@Z     0041ae35 f   snd_dma.obj
 0001:00019e89       ?S_Init@@YAXXZ             0041ae89 f   snd_dma.obj
 0001:00019f5f       ?S_Shutdown@@YAXXZ         0041af5f f   snd_dma.obj
 0001:00019ff2       ?S_BeginRegistration@@YAXXZ 0041aff2 f   snd_dma.obj
 0001:0001a000       ?S_RegisterSound@@YAPAUsfx_t@@PBD@Z 0041b000 f   snd_dma.obj
 0001:0001a199       ?S_EndRegistration@@YAXXZ  0041b199 f   snd_dma.obj
 0001:0001a231       ?S_PickChannel@@YAPAUchannel_t@@HH@Z 0041b231 f   snd_dma.obj
 0001:0001a2be       ?S_Spatialize@@YAXPAUchannel_t@@@Z 0041b2be f   snd_dma.obj
 0001:0001a456       ?S_AllocPlaysound@@YAPAUplaysound_t@@XZ 0041b456 f   snd_dma.obj
 0001:0001a478       ?S_FreePlaysound@@YAXPAUplaysound_t@@@Z 0041b478 f   snd_dma.obj
 0001:0001a4a8       ?S_IssuePlaysound@@YAXPAUplaysound_t@@@Z 0041b4a8 f   snd_dma.obj
 0001:0001a575       ?S_StartSound@@YAXQBMHHPAUsfx_t@@MMM@Z 0041b575 f   snd_dma.obj
 0001:0001a8eb       ?S_StartLocalSound@@YAXPBD@Z 0041b8eb f   snd_dma.obj
 0001:0001a93a       ?S_ClearBuffer@@YAXXZ      0041b93a f   snd_dma.obj
 0001:0001a9a3       ?S_StopAllSounds_f@@YAXXZ  0041b9a3 f   snd_dma.obj
 0001:0001aa13       ?S_AddLoopSounds@@YAXXZ    0041ba13 f   snd_dma.obj
 0001:0001abe9       ?S_RawSamples@@YAXHHHHPAE@Z 0041bbe9 f   snd_dma.obj
 0001:0001aded       ?S_Update@@YAXQBM000@Z     0041bded f   snd_dma.obj
 0001:0001aee6       ?GetSoundtime@@YAXXZ       0041bee6 f   snd_dma.obj
 0001:0001af4d       ?S_Update_@@YAXXZ          0041bf4d f   snd_dma.obj
 0001:0001b200       ?ResampleSfx@@YAXPAUsfx_t@@HHPAE@Z 0041c200 f   snd_mem.obj
 0001:0001b31b       ?S_LoadSound@@YAPAUsfxcache_t@@PAUsfx_t@@@Z 0041c31b f   snd_mem.obj
 0001:0001b453       ?GetWavinfo@@YA?AUwavinfo_t@@PADPAEH@Z 0041c453 f   snd_mem.obj
 0001:0001b695       ?S_WriteLinearBlastStereo16@@YAXXZ 0041c695 f   snd_mix.obj
 0001:0001b709       ?S_TransferStereo16@@YAXPAKH@Z 0041c709 f   snd_mix.obj
 0001:0001b772       ?S_TransferPaintBuffer@@YAXH@Z 0041c772 f   snd_mix.obj
 0001:0001b8d6       ?S_PaintChannels@@YAXH@Z   0041c8d6 f   snd_mix.obj
 0001:0001bb72       ?S_InitScaletable@@YAXXZ   0041cb72 f   snd_mix.obj
 0001:0001bd33       ?SV_WipeSavegame@@YAXPAD@Z 0041cd33 f   sv_ccmds.obj
 0001:0001bd61       ?SV_CopySaveGame@@YAXPAD0@Z 0041cd61 f   sv_ccmds.obj
 0001:0001bdb6       ?SV_WriteLevelFile@@YAXXZ  0041cdb6 f   sv_ccmds.obj
 0001:0001be64       ?SV_ReadLevelFile@@YAXXZ   0041ce64 f   sv_ccmds.obj
 0001:0001bf12       ?SV_WriteServerFile@@YAX_NPAD@Z 0041cf12 f   sv_ccmds.obj
 0001:0001c14e       ?SV_ReadServerFile@@YAXXZ  0041d14e f   sv_ccmds.obj
 0001:0001c273       ?SV_AddressBanned@@YA_NPAUnetadr_t@@@Z 0041d273 f   sv_ccmds.obj
 0001:0001c2b4       ?SV_InitOperatorCommands@@YAXXZ 0041d2b4 f   sv_ccmds.obj
 0001:0001d2b2       ?SV_WriteFrameToClient@@YAXPAUclient_t@@PAVsizebuf_t@@@Z 0041e2b2 f   sv_ents.obj
 0001:0001d49e       ?SV_FatPVS@@YAXQAM@Z       0041e49e f   sv_ents.obj
 0001:0001d5bc       ?SV_BuildClientFrame@@YAXPAUclient_t@@@Z 0041e5bc f   sv_ents.obj
 0001:0001d8d1       ?SV_RecordDemoMessage@@YAXXZ 0041e8d1 f   sv_ents.obj
 0001:0001e401       ?SV_InitGameLibrary@@YAX_N@Z 0041f401 f   sv_game.obj
 0001:0001e547       ?SV_ShutdownGameLibrary@@YAXXZ 0041f547 f   sv_game.obj
 0001:0001e6a4       ?SV_FindIndex@@YAHPADHH_N@Z 0041f6a4 f   sv_init.obj
 0001:0001e7b1       ?SV_ModelIndex@@YAHPAD@Z   0041f7b1 f   sv_init.obj
 0001:0001e7c7       ?SV_SoundIndex@@YAHPAD@Z   0041f7c7 f   sv_init.obj
 0001:0001e7e0       ?SV_ImageIndex@@YAHPAD@Z   0041f7e0 f   sv_init.obj
 0001:0001e7f9       ?SV_CreateBaseline@@YAXXZ  0041f7f9 f   sv_init.obj
 0001:0001e857       ?SV_CheckForSavegame@@YAXXZ 0041f857 f   sv_init.obj
 0001:0001e8df       ?SV_SpawnServer@@YAXPAD0W4server_state_t@@_N2@Z 0041f8df f   sv_init.obj
 0001:0001ebad       ?SV_InitGame@@YAXXZ        0041fbad f   sv_init.obj
 0001:0001edf7       ?SV_Map@@YAX_NPBD0@Z       0041fdf7 f   sv_init.obj
 0001:0001efc0       ?SV_DropClient@@YAXPAUclient_t@@PAD@Z 0041ffc0 f   sv_main.obj
 0001:0001f071       ?SV_StatusString@@YAPADXZ  00420071 f   sv_main.obj
 0001:0001f8a8       ?SV_ConnectionlessPacket@@YAXXZ 004208a8 f   sv_main.obj
 0001:0001f973       ?SV_CalcPings@@YAXXZ       00420973 f   sv_main.obj
 0001:0001f9fa       ?SV_GiveMsec@@YAXXZ        004209fa f   sv_main.obj
 0001:0001fa39       ?SV_ReadPackets@@YAXXZ     00420a39 f   sv_main.obj
 0001:0001fb84       ?SV_CheckTimeouts@@YAXXZ   00420b84 f   sv_main.obj
 0001:0001fc95       ?SV_PostprocessFrame@@YAXXZ 00420c95 f   sv_main.obj
 0001:0002016c       ?SV_MulticastHook@@YAPAVsizebuf_t@@PAV1@0@Z 0042116c f   sv_main.obj
 0001:0002055d       ?SV_TraceHook@@YA?AUtrace_t@@QAM000PAUedict_s@@H@Z 0042155d f   sv_main.obj
 0001:000206d8       ?SV_Frame@@YAXM@Z          004216d8 f   sv_main.obj
 0001:0002098c       ?SV_UserinfoChanged@@YAXPAUclient_t@@@Z 0042198c f   sv_main.obj
 0001:00020a50       ?SV_Init@@YAXXZ            00421a50 f   sv_main.obj
 0001:00020ac6       ?SV_Shutdown@@YAXPBD_N@Z   00421ac6 f   sv_main.obj
 0001:00020ccf       ?SV_BeginRedirect@@YAXXZ   00421ccf f   sv_send.obj
 0001:00020d79       ?SV_ClientPrintf@@YAXPAUclient_t@@HPBDZZ 00421d79 f   sv_send.obj
 0001:00020dd4       ?SV_BroadcastPrintf@@YAXHPBDZZ 00421dd4 f   sv_send.obj
 0001:00020eaa       ?SV_BroadcastCommand@@YAXPBDZZ 00421eaa f   sv_send.obj
 0001:00020eff       ?SV_Multicast@@YAXQAMW4multicast_t@@_N@Z 00421eff f   sv_send.obj
 0001:0002113d       ?SV_MulticastOld@@YAXQAMW4multicast_t@@@Z 0042213d f   sv_send.obj
 0001:00021150       ?SV_MulticastNew@@YAXQAMW4multicast_t@@@Z 00422150 f   sv_send.obj
 0001:00021163       ?SV_StartSound@@YAXQAMPAUedict_s@@HHMMM_N@Z 00422163 f   sv_send.obj
 0001:0002142b       ?SV_StartSoundOld@@YAXQAMPAUedict_s@@HHMMM@Z 0042242b f   sv_send.obj
 0001:0002145b       ?SV_StartSoundNew@@YAXQAMPAUedict_s@@HHMMM@Z 0042245b f   sv_send.obj
 0001:0002148b       ?SV_SendClientDatagram@@YA_NPAUclient_t@@@Z 0042248b f   sv_send.obj
 0001:00021558       ?SV_DemoCompleted@@YAXXZ   00422558 f   sv_send.obj
 0001:00021574       ?SV_RateDrop@@YA_NPAUclient_t@@@Z 00422574 f   sv_send.obj
 0001:000215be       ?SV_SendClientMessages@@YAXXZ 004225be f   sv_send.obj
 0001:00021705       ?SV_TokenizeString@@YAXPBD@Z 00422705 f   sv_tokenize.obj
 0001:000217dc       ?SV_Argc@@YAHXZ            004227dc f   sv_tokenize.obj
 0001:000217e2       ?SV_Argv@@YAPADH@Z         004227e2 f   sv_tokenize.obj
 0001:000217fc       ?SV_Args@@YAPADXZ          004227fc f   sv_tokenize.obj
 0001:00022049       ?SV_Nextserver@@YAXXZ      00423049 f   sv_user.obj
 0001:000220d8       ?SV_ExecuteUserCommand@@YAXPAD@Z 004230d8 f   sv_user.obj
 0001:0002219a       ?SV_ClientThink@@YAXPAUclient_t@@PAUusercmd_t@@@Z 0042319a f   sv_user.obj
 0001:000221dd       ?SV_ExecuteClientMessage@@YAXPAUclient_t@@@Z 004231dd f   sv_user.obj
 0001:000223fb       ?SV_ClearWorld@@YAXXZ      004233fb f   sv_world.obj
 0001:00022553       ?SV_UnlinkEdict@@YAXPAUedict_s@@@Z 00423553 f   sv_world.obj
 0001:00022616       ?SV_LinkEdict@@YAXPAUedict_s@@@Z 00423616 f   sv_world.obj
 0001:00022c6e       ?SV_AreaEdicts@@YAHQBM0PAPAUedict_s@@HH@Z 00423c6e f   sv_world.obj
 0001:00022e1f       ?SV_PointContents@@YAHQBM@Z 00423e1f f   sv_world.obj
 0001:00022f45       ?SV_ClipMoveToEntities@@YAXPAUtrace_t@@QBM111PAUedict_s@@H@Z 00423f45 f   sv_world.obj
 0001:00023339       ?SV_Trace@@YAXPAUtrace_t@@QBM111PAUedict_s@@H@Z 00424339 f   sv_world.obj
 0001:000233f3       ?InitByteDirs@@YAXXZ       004243f3 f   anorms.obj
 0001:00023432       ?Cbuf_AddText@@YAXPBD@Z    00424432 f   cmd.obj
 0001:00023494       ?Cbuf_CopyToDefer@@YAXXZ   00424494 f   cmd.obj
 0001:000234dc       ?Cbuf_InsertFromDefer@@YAXXZ 004244dc f   cmd.obj
 0001:00023595       ?Cbuf_Execute@@YAXXZ       00424595 f   cmd.obj
 0001:0002369b       ?Cmd_Unalias_f@@YAX_NHPAPAD@Z 0042469b f   cmd.obj
 0001:00023711       ?Cmd_WriteAliases@@YAXPAU_iobuf@@@Z 00424711 f   cmd.obj
 0001:00023742       ?RegisterCommand@@YA_NPBDP6AXXZH@Z 00424742 f   cmd.obj
 0001:000237fb       ?UnregisterCommand@@YA_NPBD@Z 004247fb f   cmd.obj
 0001:0002388c       ?Cmd_ExecuteString@@YA_NPBD@Z 0042488c f   cmd.obj
 0001:00023cc5       ?ExecuteCommand@@YA_NPBDPBUCSimpleCommand@@H@Z 00424cc5 f   cmd.obj
 0001:00023d8c       ?Cmd_Init@@YAXXZ           00424d8c f   cmd.obj
 0001:000240de       ?CM_LoadMap@@YAPAUcmodel_t@@PBD_NPAI@Z 004250de f   cmodel.obj
 0001:00024812       ?PlaneTypeForNormal@@YAHQBM@Z 00425812 f i cmodel.obj
 0001:000249ca       ?CM_InlineModel@@YAPAUcmodel_t@@PBD@Z 004259ca f   cmodel.obj
 0001:00024a0b       ?CM_NumClusters@@YAHXZ     00425a0b f   cmodel.obj
 0001:00024a11       ?CM_NumInlineModels@@YAHXZ 00425a11 f   cmodel.obj
 0001:00024a17       ?CM_EntityString@@YAPBDXZ  00425a17 f   cmodel.obj
 0001:00024a1d       ?CM_LeafContents@@YAHH@Z   00425a1d f   cmodel.obj
 0001:00024a44       ?CM_LeafCluster@@YAHH@Z    00425a44 f   cmodel.obj
 0001:00024aba       ?CM_LeafArea@@YAHH@Z       00425aba f   cmodel.obj
 0001:00024c81       ?CM_HeadnodeForBox@@YAHQAM0@Z 00425c81 f   cmodel.obj
 0001:00024d36       ?CM_PointLeafnum@@YAHQBMH@Z 00425d36 f   cmodel.obj
 0001:00024dd8       ?DISTANCE_TO_PLANE@@YAMQBMPBUcplane_t@@@Z 00425dd8 f i cmodel.obj
 0001:00024e20       ?CM_PointContents@@YAHQBMH@Z 00425e20 f   cmodel.obj
 0001:00024e95       ?CM_TransformedPointContents@@YAHQBMHQAM1@Z 00425e95 f   cmodel.obj
 0001:00024fce       ?CM_TransformedPointContents2@@YAHQBMHQAMPAY02M@Z 00425fce f   cmodel.obj
 0001:000250bf       ?CM_BoxLeafnums@@YAHQBM0PAHH1H@Z 004260bf f   cmodel.obj
 0001:000251d3       ?BOX_ON_PLANE_SIDE@@YAHQBM0PBUcplane_t@@@Z 004261d3 f i cmodel.obj
 0001:00025258       ?CM_BoxTrace@@YAXPAUtrace_t@@QBM111HH@Z 00426258 f   cmodel.obj
 0001:00025cfc       ?CM_TransformedBoxTrace@@YAXPAUtrace_t@@QBM111HH11@Z 00426cfc f   cmodel.obj
 0001:00025fcc       ?CM_TransformedBoxTrace2@@YAXPAUtrace_t@@QBM111HH1PAY02$$CBM@Z 00426fcc f   cmodel.obj
 0001:000261e1       ?CM_BrushTrace@@YAHQBM0PAHH@Z 004271e1 f   cmodel.obj
 0001:00026607       ?CM_RefineBrushTrace@@YAHQBM0PAHH@Z 00427607 f   cmodel.obj
 0001:000266ad       ?CM_ClusterPVS@@YAPAEH@Z   004276ad f   cmodel.obj
 0001:000267f1       ?CM_ClusterPHS@@YAPAEH@Z   004277f1 f   cmodel.obj
 0001:00026954       ?CM_SetAreaPortalState@@YAXH_N@Z 00427954 f   cmodel.obj
 0001:00026979       ?CM_AreasConnected@@YA_NHH@Z 00427979 f   cmodel.obj
 0001:000269bd       ?CM_WriteAreaBits@@YAHPAEH@Z 004279bd f   cmodel.obj
 0001:00026a5f       ?CM_WritePortalState@@YAXPAU_iobuf@@@Z 00427a5f f   cmodel.obj
 0001:00026a79       ?CM_ReadPortalState@@YAXPAU_iobuf@@@Z 00427a79 f   cmodel.obj
 0001:00026a97       ?CM_HeadnodeVisible@@YA_NHPAE@Z 00427a97 f   cmodel.obj
 0001:00026b72       ?Com_BeginRedirect@@YAXPADHP6AX0@Z@Z 00427b72 f   common.obj
 0001:00026b9f       ?Com_EndRedirect@@YAXXZ    00427b9f f   common.obj
 0001:00026bbe       ?Com_Printf@@YAXPBDZZ      00427bbe f   common.obj
 0001:00026db6       ?Com_DPrintf@@YAXPBDZZ     00427db6 f   common.obj
 0001:00026e2f       ?DebugPrintf@@YAXPBDZZ     00427e2f f   common.obj
 0001:00026ed9       ?Com_WPrintf@@YAXPBDZZ     00427ed9 f   common.obj
 0001:00026f33       ?Com_Quit@@YAXXZ           00427f33 f   common.obj
 0001:00026f53       ?IPWildcard@@YA_NPAUnetadr_t@@PAD@Z 00427f53 f   common.obj
 0001:0002702d       ?Com_ServerState@@YA?AW4server_state_t@@XZ 0042802d f   common.obj
 0001:00027033       ?Com_SetServerState@@YAXW4server_state_t@@@Z 00428033 f   common.obj
 0001:0002703d       ?frand@@YAMXZ              0042803d f   common.obj
 0001:00027055       ?crand@@YAMXZ              00428055 f   common.obj
 0001:00027073       ?Info_ValueForKey@@YAPBDPBD0@Z 00428073 f   common.obj
 0001:000270f2       ?Info_SetValueForKey@@YAXPADPBD1@Z 004280f2 f   common.obj
 0001:00027255       ?Info_Print@@YAXPBD@Z      00428255 f   common.obj
 0001:000272db       ?Com_CheckCmdlineVar@@YA_NPBD@Z 004282db f   common.obj
 0001:00027331       ?Com_Init@@YAXPBD@Z        00428331 f   common.obj
 0001:000276ff       ?Com_Frame@@YAXM@Z         004286ff f   common.obj
 0001:00027a3d       ?Com_Shutdown@@YAXXZ       00428a3d f   common.obj
 0001:00027a56       ?Com_BlockSequenceCRCByte@@YAEPAEHH@Z 00428a56 f   crc.obj
 0001:00027b0c       ?Cvar_VariableValue@@YAMPBD@Z 00428b0c f   cvar.obj
 0001:00027b7a       ?Cvar_VariableInt@@YAHPBD@Z 00428b7a f   cvar.obj
 0001:00027b8d       ?Cvar_VariableString@@YAPBDPBD@Z 00428b8d f   cvar.obj
 0001:00027ba5       ?Cvar_Get@@YAPAUcvar_t@@PBD0H@Z 00428ba5 f   cvar.obj
 0001:00027e5c       ?Cvar_GetVars@@YAXPBUcvarInfo_t@@H@Z 00428e5c f   cvar.obj
 0001:00027f06       ?Cvar_FullSet@@YAPAUcvar_t@@PBD0I@Z 00428f06 f   cvar.obj
 0001:00027f60       ?Cvar_SetValue@@YAPAUcvar_t@@PBDM@Z 00428f60 f   cvar.obj
 0001:00028186       ?Cvar_SetInteger@@YAPAUcvar_t@@PBDH@Z 00429186 f   cvar.obj
 0001:000281a8       ?Cvar_Set@@YAPAUcvar_t@@PBD0@Z 004291a8 f   cvar.obj
 0001:000281bd       ?Cvar_ForceSet@@YAPAUcvar_t@@PBD0@Z 004291bd f   cvar.obj
 0001:000281d2       ?Cvar_Clamp@@YAMPAUcvar_t@@MM@Z 004291d2 f   cvar.obj
 0001:00028230       ?Cvar_GetLatchedVars@@YAXXZ 00429230 f   cvar.obj
 0001:0002825f       ?Cvar_Command@@YA_NHPAPAD@Z 0042925f f   cvar.obj
 0001:000282f8       ?IsDefault@cvar_t@@QAE_NXZ 004292f8 f i cvar.obj
 0001:00028315       ?Cvar_WriteVariables@@YAXPAU_iobuf@@HHPBD@Z 00429315 f   cvar.obj
 0001:0002839d       ?Cvar_Userinfo@@YAPBDXZ    0042939d f   cvar.obj
 0001:000283f8       ?Cvar_Serverinfo@@YAPBDXZ  004293f8 f   cvar.obj
 0001:00028401       ?Cvar_Cheats@@YAX_N@Z      00429401 f   cvar.obj
 0001:00028452       ?Cvar_Init@@YAXXZ          00429452 f   cvar.obj
 0001:00028b11       ?MSG_WriteDeltaEntity@@YAXPAVsizebuf_t@@PBUentity_state_t@@PAU2@_N3@Z 00429b11 f   entdelta.obj
 0001:000290b4       ?MSG_WriteRemoveEntity@@YAXPAVsizebuf_t@@H@Z 0042a0b4 f   entdelta.obj
 0001:000290f4       ?MSG_ReadEntityBits@@YAHPAVsizebuf_t@@PAIPA_N@Z 0042a0f4 f   entdelta.obj
 0001:00029165       ?MSG_ReadDeltaEntity@@YAXPAVsizebuf_t@@PBUentity_state_t@@PAU2@I@Z 0042a165 f   entdelta.obj
 0001:000291e8       ?MSG_WriteDeltaUsercmd@@YAXPAVsizebuf_t@@PBUusercmd_t@@PAU2@@Z 0042a1e8 f   entdelta.obj
 0001:00029277       ?MSG_ReadDeltaUsercmd@@YAXPAVsizebuf_t@@PBUusercmd_t@@PAU2@@Z 0042a277 f   entdelta.obj
 0001:000292fa       ?MSG_WriteDeltaPlayerstate@@YAXPAVsizebuf_t@@PBUplayer_state_t@@PAU2@@Z 0042a2fa f   entdelta.obj
 0001:00029403       ?MSG_ReadDeltaPlayerstate@@YAXPAVsizebuf_t@@PBUplayer_state_t@@PAU2@@Z 0042a403 f   entdelta.obj
 0001:000294d7       ?FS_CreatePath@@YAXPBD@Z   0042a4d7 f   files.obj
 0001:0002953d       ?FS_CopyFile@@YAXPBD0@Z    0042a53d f   files.obj
 0001:00029640       ?FS_CopyFiles@@YAXPBD0@Z   0042a640 f   files.obj
 0001:00029719       ?FS_RemoveFiles@@YAXPBD@Z  0042a719 f   files.obj
 0001:0002978d       ?FS_FCloseFile@@YAXPAVQFILE@@@Z 0042a78d f   files.obj
 0001:00029828       ?FS_FOpenFile@@YAPAVQFILE@@PBDPAH@Z 0042a828 f   files.obj
 0001:00029d34       ?FS_FileExists@@YA_NPBD@Z  0042ad34 f   files.obj
 0001:00029f4d       ?FS_Read@@YAXPAXHPAVQFILE@@@Z 0042af4d f   files.obj
 0001:0002a1af       ?FS_LoadFile@@YAPAXPBDPAI@Z 0042b1af f   files.obj
 0001:0002a205       ?FS_FreeFile@@YAXPAX@Z     0042b205 f   files.obj
 0001:0002a210       ?FS_Gamedir@@YAPADXZ       0042b210 f   files.obj
 0001:0002a224       ?FS_LoadGameConfig@@YAXXZ  0042b224 f   files.obj
 0001:0002a2e9       ?FS_SetGamedir@@YA_NPBD@Z  0042b2e9 f   files.obj
 0001:0002a9d4       ?FS_ListFiles@@YA?AV?$TList@VCStringItem@@@@PBDH@Z 0042b9d4 f   files.obj
 0001:0002acdc       ?FS_NextPath@@YAPADPBD@Z   0042bcdc f   files.obj
 0001:0002ad00       ?FS_InitFilesystem@@YAXXZ  0042bd00 f   files.obj
 0001:0002b6ac       ?LoadPCX@@YAXPBDPAPAE1PAH2@Z 0042c6ac f   images.obj
 0001:0002b7f6       ?LoadTGA@@YAXPBDPAPAEPAH2@Z 0042c7f6 f   images.obj
 0001:0002b9f1       ?LoadJPG@@YAXPBDPAPAEPAH2@Z 0042c9f1 f   images.obj
 0001:0002bc7d       ?ImageExists@@YAHPBDH@Z    0042cc7d f   images.obj
 0001:0002bd7b       ?WriteTGA@@YA_NPBDPAEHH@Z  0042cd7b f   images.obj
 0001:0002bf65       ?WriteJPG@@YA_NPBDPAEHH_N@Z 0042cf65 f   images.obj
 0001:0002c08c       ?MD4Init@@YAXPAUMD4_CTX@@@Z 0042d08c f   md4.obj
 0001:0002c0b4       ?MD4Update@@YAXPAUMD4_CTX@@PAEI@Z 0042d0b4 f   md4.obj
 0001:0002c152       ?MD4Final@@YAXQAEPAUMD4_CTX@@@Z 0042d152 f   md4.obj
 0001:0002c843       ?Com_BlockChecksum@@YAIPAXH@Z 0042d843 f   md4.obj
 0001:0002c87f       ?LoadQ2BspFile@@YAXXZ      0042d87f f   model.obj
 0001:0002cc57       ?LoadBspFile@@YAPAUbspfile_t@@PBD_NPAI@Z 0042dc57 f   model.obj
 0001:0002ce05       ?ProcessEntstring@@YAPADPAD@Z 0042de05 f   model.obj
 0001:0002dcb5       ?Init@sizebuf_t@@QAEXPAXH@Z 0042ecb5 f   msg.obj
 0001:0002dcd0       ?Write@sizebuf_t@@QAEXPBXH@Z 0042ecd0 f   msg.obj
 0001:0002dd40       ?MSG_WriteChar@@YAXPAVsizebuf_t@@H@Z 0042ed40 f   msg.obj
 0001:0002dd40       ?MSG_WriteByte@@YAXPAVsizebuf_t@@H@Z 0042ed40 f   msg.obj
 0001:0002dd51       ?MSG_WriteShort@@YAXPAVsizebuf_t@@H@Z 0042ed51 f   msg.obj
 0001:0002dd62       ?MSG_WriteFloat@@YAXPAVsizebuf_t@@M@Z 0042ed62 f   msg.obj
 0001:0002dd62       ?MSG_WriteLong@@YAXPAVsizebuf_t@@H@Z 0042ed62 f   msg.obj
 0001:0002dd73       ?MSG_WriteString@@YAXPAVsizebuf_t@@PBD@Z 0042ed73 f   msg.obj
 0001:0002dd9d       ?MSG_WritePos@@YAXPAVsizebuf_t@@QAM@Z 0042ed9d f   msg.obj
 0001:0002de01       ?MSG_WriteAngle@@YAXPAVsizebuf_t@@M@Z 0042ee01 f   msg.obj
 0001:0002de2c       ?MSG_WriteAngle16@@YAXPAVsizebuf_t@@M@Z 0042ee2c f   msg.obj
 0001:0002de57       ?MSG_WriteDir@@YAXPAVsizebuf_t@@QAM@Z 0042ee57 f   msg.obj
 0001:0002debe       ?MSG_ReadDir@@YAXPAVsizebuf_t@@QAM@Z 0042eebe f   msg.obj
 0001:0002deef       ?MSG_ReadChar@@YAHPAVsizebuf_t@@@Z 0042eeef f   msg.obj
 0001:0002df0f       ?MSG_ReadByte@@YAHPAVsizebuf_t@@@Z 0042ef0f f   msg.obj
 0001:0002df2f       ?MSG_ReadShort@@YAHPAVsizebuf_t@@@Z 0042ef2f f   msg.obj
 0001:0002df4f       ?MSG_ReadLong@@YAHPAVsizebuf_t@@@Z 0042ef4f f   msg.obj
 0001:0002df6e       ?MSG_ReadString@@YAPADPAVsizebuf_t@@@Z 0042ef6e f   msg.obj
 0001:0002dfa1       ?MSG_ReadPos@@YAXPAVsizebuf_t@@QAM@Z 0042efa1 f   msg.obj
 0001:0002dff3       ?MSG_ReadAngle@@YAMPAVsizebuf_t@@@Z 0042eff3 f   msg.obj
 0001:0002e00d       ?MSG_ReadAngle16@@YAMPAVsizebuf_t@@@Z 0042f00d f   msg.obj
 0001:0002e027       ?MSG_ReadData@@YAXPAVsizebuf_t@@PAXH@Z 0042f027 f   msg.obj
 0001:0002e04a       ?Netchan_Init@@YAXXZ       0042f04a f   net_chan.obj
 0001:0002e0aa       ?Netchan_OutOfBand@@YAXW4netsrc_t@@Unetadr_t@@HPAX@Z 0042f0aa f   net_chan.obj
 0001:0002e10a       ?Netchan_OutOfBandPrint@@YAXW4netsrc_t@@Unetadr_t@@PBDZZ 0042f10a f   net_chan.obj
 0001:0002e14f       ?Netchan_Setup@@YAXW4netsrc_t@@PAUnetchan_t@@Unetadr_t@@H@Z 0042f14f f   net_chan.obj
 0001:0002e1a7       ?Netchan_NeedReliable@@YA_NPAUnetchan_t@@@Z 0042f1a7 f   net_chan.obj
 0001:0002e1d1       ?Netchan_Transmit@@YAXPAUnetchan_t@@HPAX@Z 0042f1d1 f   net_chan.obj
 0001:0002e36d       ?Netchan_Process@@YA_NPAUnetchan_t@@PAVsizebuf_t@@@Z 0042f36d f   net_chan.obj
 0001:0002e496       ?Pmove@@YAXPAUpmove_t@@@Z  0042f496 f   pmove.obj
 0001:00030230       ?NormalizeColor@@YAMQBMQAM@Z 00431230 f   q_shared2.obj
 0001:00030291       ?NormalizeColor255@@YAMQBMQAM@Z 00431291 f   q_shared2.obj
 0001:000302f6       ?Q_rsqrt@@YAMM@Z           004312f6 f   q_shared2.obj
 0001:00030326       ?AngleVectors@@YAXQBMQAM11@Z 00431326 f   q_shared2.obj
 0001:00030487       ?MakeNormalVectors@@YAXQAM00@Z 00431487 f   q_shared2.obj
 0001:000304ee       ?SetPlaneSignbits@@YAXPAUcplane_t@@@Z 004314ee f   q_shared2.obj
 0001:00030511       ?LerpAngle@@YAMMMM@Z       00431511 f   q_shared2.obj
 0001:00030554       ?anglemod@@YAMM@Z          00431554 f   q_shared2.obj
 0001:00030580       ?BoxOnPlaneSide@@YAHQBM0PBUcplane_t@@@Z 00431580 f   q_shared2.obj
 0001:000306a3       ?ClearBounds@@YAXQAM0@Z    004316a3 f   q_shared2.obj
 0001:000306cc       ?AddPointToBounds@@YAXQBMQAM1@Z 004316cc f   q_shared2.obj
 0001:00030705       ?VectorCompare@@YA_NQBM0@Z 00431705 f   q_shared2.obj
 0001:00030732       ?VectorNormalize@@YAMQAM@Z 00431732 f   q_shared2.obj
 0001:0003078b       ?VectorNormalize2@@YAMQBMQAM@Z 0043178b f   q_shared2.obj
 0001:000307e6       ?VectorNormalizeFast@@YAMQAM@Z 004317e6 f   q_shared2.obj
 0001:00030839       ?CrossProduct@@YAXQBM0QAM@Z 00431839 f   q_shared2.obj
 0001:00030874       ?VectorLength@@YAMQBM@Z    00431874 f   q_shared2.obj
 0001:000308a3       ?VectorDistance@@YAMQBM0@Z 004318a3 f   q_shared2.obj
 0001:000308d4       ?VectorScale@@YAXQBMMQAM@Z 004318d4 f   q_shared2.obj
 0001:000308f8       ?AnglesToAxis@@YAXQBMQAY02M@Z 004318f8 f   q_shared2.obj
 0001:00030936       ?ShortSwap@@YAFF@Z         00431936 f   q_shared2.obj
 0001:0003094b       ?COM_Parse@@YAPADAAPBD_N@Z 0043194b f   q_shared2.obj
 0001:00030a6f       ?COM_QuoteString@@YAPBDPBD_N@Z 00431a6f f   q_shared2.obj
 0001:00030aca       ?Com_PageInMemory@@YAXPAXH@Z 00431aca f   q_shared2.obj
 0001:00030ae9       ?Zip_OpenArchive@@YAPAU_iobuf@@PBD@Z 00431ae9 f   zip.obj
 0001:00030b54       ?Zip_CloseArchive@@YAXPAU_iobuf@@@Z 00431b54 f   zip.obj
 0001:00030b60       ?Zip_EnumArchive@@YA_NPAU_iobuf@@P6A_NPAUzipFile_t@@@Z@Z 00431b60 f   zip.obj
 0001:00030d3d       ?Zip_OpenFile@@YAPAUZFILE@@PAU_iobuf@@PAUzipFile_t@@@Z 00431d3d f   zip.obj
 0001:00030e21       ?Zip_ReadFile@@YAHPAUZFILE@@PAXH@Z 00431e21 f   zip.obj
 0001:00030f17       ?Zip_CloseFile@@YA_NPAUZFILE@@@Z 00431f17 f   zip.obj
 0001:00030f5b       ?Zip_OpenBuf@@YAPAUZBUF@@PAXH@Z 00431f5b f   zip.obj
 0001:00030f99       ?Zip_ReadBuf@@YAHPAUZBUF@@PAXH@Z 00431f99 f   zip.obj
 0001:00030fe1       ?Zip_CloseBuf@@YAXPAUZBUF@@@Z 00431fe1 f   zip.obj
 0001:00030ff6       _zcalloc                   00431ff6 f   zip.obj
 0001:0003100a       _zcfree                    0043200a f   zip.obj
 0001:00031015       ?CDAudio_Play2@@YAXH_N@Z   00432015 f   cd_win.obj
 0001:000311f4       ?CDAudio_Play@@YAXH_N@Z    004321f4 f   cd_win.obj
 0001:0003120b       ?CDAudio_Stop@@YAXXZ       0043220b f   cd_win.obj
 0001:00031250       ?CDAudio_Pause@@YAXXZ      00432250 f   cd_win.obj
 0001:000312a9       ?CDAudio_Resume@@YAXXZ     004322a9 f   cd_win.obj
 0001:00031318       ?CDAudio_MessageHandler@@YAJPAUHWND__@@IIJ@Z 00432318 f   cd_win.obj
 0001:000313af       ?CDAudio_Update@@YAXXZ     004323af f   cd_win.obj
 0001:000313e3       ?CDAudio_Init@@YAHXZ       004323e3 f   cd_win.obj
 0001:00031795       ?CDAudio_Shutdown@@YAXXZ   00432795 f   cd_win.obj
 0001:000317c8       ?CDAudio_Activate@@YAX_N@Z 004327c8 f   cd_win.obj
 0001:000317d9       ?IN_MouseEvent@@YAXI@Z     004327d9 f   in_win.obj
 0001:00031819       ?IN_Commands@@YAXXZ        00432819 f   in_win.obj
 0001:00031941       ?IN_Init@@YAXXZ            00432941 f   in_win.obj
 0001:00031c38       ?IN_Shutdown@@YAXXZ        00432c38 f   in_win.obj
 0001:00031d40       ?IN_Move@@YAXPAUusercmd_t@@@Z 00432d40 f   in_win.obj
 0001:0003222f       ?IN_Activate@@YAX_N@Z      0043322f f   in_win.obj
 0001:00032239       ?IN_Frame@@YAXXZ           00433239 f   in_win.obj
 0001:000326a9       ?NetadrToSockadr@@YAXPAUnetadr_t@@PAUsockaddr@@@Z 004336a9 f   net_wins.obj
 0001:0003272e       ?SockadrToNetadr@@YAXPAUsockaddr@@PAUnetadr_t@@@Z 0043372e f   net_wins.obj
 0001:0003277e       ?NET_CompareAdr@@YA_NPAUnetadr_t@@0@Z 0043377e f   net_wins.obj
 0001:000327d4       ?NET_CompareBaseAdr@@YA_NPAUnetadr_t@@0@Z 004337d4 f   net_wins.obj
 0001:0003281f       ?NET_AdrToString@@YAPADPAUnetadr_t@@@Z 0043381f f   net_wins.obj
 0001:000328d8       ?NET_StringToAdr@@YA_NPBDPAUnetadr_t@@@Z 004338d8 f   net_wins.obj
 0001:00032b62       ?NET_IsLocalAddress@@YA_NPAUnetadr_t@@@Z 00433b62 f   net_wins.obj
 0001:00032b6e       ?NET_GetLoopPacket@@YA_NW4netsrc_t@@PAUnetadr_t@@PAVsizebuf_t@@@Z 00433b6e f   net_wins.obj
 0001:00032bf9       ?NET_SendLoopPacket@@YAXW4netsrc_t@@HPAXUnetadr_t@@@Z 00433bf9 f   net_wins.obj
 0001:00032c4e       ?NET_GetPacket@@YA_NW4netsrc_t@@PAUnetadr_t@@PAVsizebuf_t@@@Z 00433c4e f   net_wins.obj
 0001:00032d6b       ?NET_SendPacket@@YAXW4netsrc_t@@HPAXUnetadr_t@@@Z 00433d6b f   net_wins.obj
 0001:00032e3c       ?NET_Config@@YAX_N@Z       00433e3c f   net_wins.obj
 0001:000331b1       ?NET_Init@@YAXXZ           004341b1 f   net_wins.obj
 0001:0003326b       ?Sys_Mkdir@@YAXPAD@Z       0043426b f   fs_win.obj
 0001:00033277       ?Sys_FindFirst@@YAPBDPBDH@Z 00434277 f   fs_win.obj
 0001:00033331       ?Sys_FindNext@@YAPBDXZ     00434331 f   fs_win.obj
 0001:0003339b       ?Sys_FindClose@@YAXXZ      0043439b f   fs_win.obj
 0001:000333b5       ?Sys_FileExists@@YA_NPBDH@Z 004343b5 f   fs_win.obj
 0001:000333d3       ?SNDDMA_Init@@YA_NXZ       004343d3 f   snd_win.obj
 0001:00033a12       ?SNDDMA_GetDMAPos@@YAHXZ   00434a12 f   snd_win.obj
 0001:00033a5c       ?SNDDMA_BeginPainting@@YAXXZ 00434a5c f   snd_win.obj
 0001:00033b74       ?SNDDMA_Submit@@YAXXZ      00434b74 f   snd_win.obj
 0001:00033b99       ?SNDDMA_Shutdown@@YAXXZ    00434b99 f   snd_win.obj
 0001:00033b9e       ?S_Activate@@YAX_N@Z       00434b9e f   snd_win.obj
 0001:00033bc9       ?Sys_Quit@@YAXXZ           00434bc9 f   sys_win.obj
 0001:00033c81       ?Sys_Init@@YAXXZ           00434c81 f   sys_win.obj
 0001:00033cf9       ?Sys_ConsoleInput@@YAPADXZ 00434cf9 f   sys_win.obj
 0001:00033fb4       ?Sys_ConsoleOutput@@YAXPBD@Z 00434fb4 f   sys_win.obj
 0001:00034041       ?Sys_SendKeyEvents@@YAXXZ  00435041 f   sys_win.obj
 0001:000340f9       ?Sys_UnloadGame@@YAXXZ     004350f9 f   sys_win.obj
 0001:00034174       ?Sys_GetGameAPI@@YAPAXPAX@Z 00435174 f   sys_win.obj
 0001:000342cb       _WinMain@16                004352cb f   sys_win.obj
 0001:00034551       ?Vid_CreateWindow@@YAPAXHH_N@Z 00435551 f   vid_dll.obj
 0001:00034cce       ?Vid_DestroyWindow@@YAX_N@Z 00435cce f   vid_dll.obj
 0001:00034d09       ?Vid_Restart@@YAXXZ        00435d09 f   vid_dll.obj
 0001:00034d11       ?Vid_GetModeInfo@@YA_NPAH0H@Z 00435d11 f   vid_dll.obj
 0001:00034d41       ?Vid_Tick@@YAXXZ           00435d41 f   vid_dll.obj
 0001:00034ef1       ?Vid_Init@@YAXXZ           00435ef1 f   vid_dll.obj
 0001:00034fc2       ?Vid_Shutdown@@YAXXZ       00435fc2 f   vid_dll.obj
 0001:00034fe1       ?BackEnd@OpenGLDrv@@YAXXZ  00435fe1 f   gl_backend.obj
 0001:000385e6       ?InitBackend@OpenGLDrv@@YAXXZ 004395e6 f   gl_backend.obj
 0001:0003861a       ?ShutdownBackend@OpenGLDrv@@YAXXZ 0043961a f   gl_backend.obj
 0001:00038632       ?AllocDynamicMemory@OpenGLDrv@@YAPAXH@Z 00439632 f   gl_buffers.obj
 0001:0003869d       ?ResizeDynamicMemory@OpenGLDrv@@YAXPAXH@Z 0043969d f   gl_buffers.obj
 0001:000386df       ?AddSurfaceToPortal@OpenGLDrv@@YAXPAUsurfaceCommon_t@1@PAVshader_t@1@HH@Z 004396df f   gl_buffers.obj
 0001:00038748       ?AddDynamicSurface@OpenGLDrv@@YAPAUsurfaceCommon_t@1@PAVshader_t@1@H@Z 00439748 f   gl_buffers.obj
 0001:00038770       ?InsertShaderIndex@OpenGLDrv@@YAXH@Z 00439770 f   gl_buffers.obj
 0001:000387a9       ?ClearPortal@OpenGLDrv@@YAXXZ 004397a9 f   gl_buffers.obj
 0001:000387c7       ?FinishPortal@OpenGLDrv@@YAXXZ 004397c7 f   gl_buffers.obj
 0001:00038818       ?SortSurfaces@OpenGLDrv@@YAXPAUviewPortal_t@1@PAPAUsurfaceInfo_t@1@@Z 00439818 f   gl_buffers.obj
 0001:000389aa       ?ClearBuffers@OpenGLDrv@@YAXXZ 004399aa f   gl_buffers.obj
 0001:000389c1       ?CreateBuffers@OpenGLDrv@@YAXXZ 004399c1 f   gl_buffers.obj
 0001:000389e7       ?FreeBuffers@OpenGLDrv@@YAXXZ 004399e7 f   gl_buffers.obj
 0001:00038a0b       ?AddEntity@OpenGLDrv@@YAXPAUentity_t@@@Z 00439a0b f   gl_frontend.obj
 0001:00038e77       ?AddDlight@OpenGLDrv@@YAXPAUdlight_t@@@Z 00439e77 f   gl_frontend.obj
 0001:0003902f       ?DrawPortal@OpenGLDrv@@YAXXZ 0043a02f f   gl_frontend.obj
 0001:0003baf8       ?GL_TextureMode@OpenGLDrv@@YAXPBD@Z 0043caf8 f   gl_image.obj
 0001:0003bba0       ?CreateImage@OpenGLDrv@@YAPAVimage_t@1@PBDPAXHHI@Z 0043cba0 f   gl_image.obj
 0001:0003c911       ?LoadDelayedImages@OpenGLDrv@@YAXXZ 0043d911 f   gl_image.obj
 0001:0003c9a4       ?DrawStretchRaw8@OpenGLDrv@@YAXHHHHHHPAEPAI@Z 0043d9a4 f   gl_image.obj
 0001:0003cd65       ?SetupGamma@OpenGLDrv@@YAXXZ 0043dd65 f   gl_image.obj
 0001:0003ceaa       ?PerformScreenshot@OpenGLDrv@@YAXXZ 0043deaa f   gl_image.obj
 0001:0003d137       ?InitImages@OpenGLDrv@@YAXXZ 0043e137 f   gl_image.obj
 0001:0003d90b       ?ShutdownImages@OpenGLDrv@@YAXXZ 0043e90b f   gl_image.obj
 0001:0003d972       ?ShowImages@OpenGLDrv@@YAXXZ 0043e972 f   gl_image.obj
 0001:0003dbfa       ?FindImage@OpenGLDrv@@YAPAVimage_t@1@PBDI@Z 0043ebfa f   gl_image.obj
 0001:0003de9c       ?GL_Lock@OpenGLDrv@@YAXXZ  0043ee9c f   gl_interface.obj
 0001:0003df14       ?GL_Unlock@OpenGLDrv@@YAXXZ 0043ef14 f   gl_interface.obj
 0001:0003e0d6       ?GL_Bind@OpenGLDrv@@YAXPAVimage_t@1@@Z 0043f0d6 f   gl_interface.obj
 0001:0003e200       ?GL_BindForce@OpenGLDrv@@YAXPAVimage_t@1@@Z 0043f200 f   gl_interface.obj
 0001:0003e27e       ?GL_TexEnv@OpenGLDrv@@YAXI@Z 0043f27e f   gl_interface.obj
 0001:0003e3fd       ?GL_TexMipBias@OpenGLDrv@@YAXM@Z 0043f3fd f   gl_interface.obj
 0001:0003e458       ?GL_TexEnvColor@OpenGLDrv@@YAXPATcolor_t@@@Z 0043f458 f   gl_interface.obj
 0001:0003e508       ?GL_SelectTexture@OpenGLDrv@@YAXH@Z 0043f508 f   gl_interface.obj
 0001:0003e569       ?GL_TexCoordPointer@OpenGLDrv@@YAXPAX@Z 0043f569 f   gl_interface.obj
 0001:0003e599       ?GL_SetMultitexture@OpenGLDrv@@YAXH@Z 0043f599 f   gl_interface.obj
 0001:0003e67f       ?GL_DisableTexCoordArrays@OpenGLDrv@@YAXXZ 0043f67f f   gl_interface.obj
 0001:0003e6d3       ?GL_CullFace@OpenGLDrv@@YAXW4gl_cullMode_t@1@@Z 0043f6d3 f   gl_interface.obj
 0001:0003e724       ?GL_DepthRange@OpenGLDrv@@YAXW4gl_depthMode_t@1@@Z 0043f724 f   gl_interface.obj
 0001:0003e757       ?GL_State@OpenGLDrv@@YAXI@Z 0043f757 f   gl_interface.obj
 0001:0003e8b0       ?GL_EnableFog@OpenGLDrv@@YAX_N@Z 0043f8b0 f   gl_interface.obj
 0001:0003e9a8       ?GL_SetDefaultState@OpenGLDrv@@YAXXZ 0043f9a8 f   gl_interface.obj
 0001:0003eaf6       ?GL_Set2DMode@OpenGLDrv@@YAXXZ 0043faf6 f   gl_interface.obj
 0001:0003ebf1       ?GL_Setup@OpenGLDrv@@YAXPAUviewPortal_t@1@@Z 0043fbf1 f   gl_interface.obj
 0001:0003ecd9       ?ShowLights@OpenGLDrv@@YAXXZ 0043fcd9 f   gl_light.obj
 0001:0003f0fe       ?LightForEntity@OpenGLDrv@@YAXPAUrefEntity_t@1@@Z 004400fe f   gl_light.obj
 0001:0004035f       ?DiffuseLight@OpenGLDrv@@YAXPATcolor_t@@M@Z 0044135f f   gl_light.obj
 0001:000404d7       ?InitLightGrid@OpenGLDrv@@YAXXZ 004414d7 f   gl_light.obj
 0001:0004057d       ?PostLoadLights@OpenGLDrv@@YAXXZ 0044157d f   gl_light.obj
 0001:0004081b       ?LM_Init@OpenGLDrv@@YAXXZ  0044181b f   gl_lightmap.obj
 0001:00040831       ?LM_Flush@OpenGLDrv@@YAXPAUlightmapBlock_t@1@@Z 00441831 f   gl_lightmap.obj
 0001:0004088e       ?LM_Done@OpenGLDrv@@YAXXZ  0044188e f   gl_lightmap.obj
 0001:000408b5       ?LM_Save@OpenGLDrv@@YAXPAUlightmapBlock_t@1@@Z 004418b5 f   gl_lightmap.obj
 0001:000408cd       ?LM_Restore@OpenGLDrv@@YAXPAUlightmapBlock_t@1@@Z 004418cd f   gl_lightmap.obj
 0001:000408e5       ?LM_NewBlock@OpenGLDrv@@YAPAUlightmapBlock_t@1@XZ 004418e5 f   gl_lightmap.obj
 0001:00040955       ?LM_Rewind@OpenGLDrv@@YAXXZ 00441955 f   gl_lightmap.obj
 0001:0004095d       ?LM_NextBlock@OpenGLDrv@@YAPAUlightmapBlock_t@1@XZ 0044195d f   gl_lightmap.obj
 0001:0004098a       ?LM_CheckMinlight@OpenGLDrv@@YAXPAUdynamicLightmap_t@1@@Z 0044198a f   gl_lightmap.obj
 0001:00040a20       ?LM_AllocBlock@OpenGLDrv@@YA_NPAUlightmapBlock_t@1@PAUdynamicLightmap_t@1@@Z 00441a20 f   gl_lightmap.obj
 0001:00040ad7       ?LM_PutBlock@OpenGLDrv@@YAXPAUdynamicLightmap_t@1@@Z 00441ad7 f   gl_lightmap.obj
 0001:00040f04       ?LM_SortLightStyles@OpenGLDrv@@YAXPAUdynamicLightmap_t@1@@Z 00441f04 f   gl_lightmap.obj
 0001:00040f95       ?UpdateDynamicLightmap@OpenGLDrv@@YAXPAVshader_t@1@PAUsurfacePlanar_t@1@_NI@Z 00441f95 f   gl_lightmap.obj
 0001:00041491       ?LM_IsMonotone@OpenGLDrv@@YA_NPAUdynamicLightmap_t@1@PATcolor_t@@@Z 00442491 f   gl_lightmap.obj
 0001:00041598       ?Init@OpenGLDrv@@YA_NXZ    00442598 f   gl_main.obj
 0001:00041bfd       ?Shutdown@OpenGLDrv@@YAX_N@Z 00442bfd f   gl_main.obj
 0001:00041c86       ?GL_EnableRendering@OpenGLDrv@@YAX_N@Z 00442c86 f   gl_main.obj
 0001:00041ca1       ?DrawStretchPic@OpenGLDrv@@YAXPAVshader_t@1@HHHHMMMMIE@Z 00442ca1 f   gl_main.obj
 0001:00041d6d       ?BeginFrame@OpenGLDrv@@YAXXZ 00442d6d f   gl_main.obj
 0001:00041edb       ?EndFrame@OpenGLDrv@@YAXXZ 00442edb f   gl_main.obj
 0001:00042018       ?RenderFrame@OpenGLDrv@@YAXPAUrefdef_t@@@Z 00443018 f   gl_main.obj
 0001:000427cf       ?DrawChar@OpenGLDrv@@YAXHHHH@Z 004437cf f   gl_main.obj
 0001:000428aa       ?DrawConChar@OpenGLDrv@@YAXHHHH@Z 004438aa f   gl_main.obj
 0001:000428d1       ?Fill8@OpenGLDrv@@YAXHHHHH@Z 004438d1 f   gl_main.obj
 0001:00042914       ?Fill@OpenGLDrv@@YAXHHHHI@Z 00443914 f   gl_main.obj
 0001:00042950       ?TileClear@OpenGLDrv@@YAXHHHHPBD@Z 00443950 f   gl_main.obj
 0001:00042a07       ?DrawStretchPic@OpenGLDrv@@YAXHHHHPBD@Z 00443a07 f   gl_main.obj
 0001:00042a84       ?DrawDetailedPic@OpenGLDrv@@YAXHHHHPBD@Z 00443a84 f   gl_main.obj
 0001:00042b2b       ?DrawPic@OpenGLDrv@@YAXHHPBDHH@Z 00443b2b f   gl_main.obj
 0001:00042cc1       ?DrawTextLeft@OpenGLDrv@@YAXPBDI@Z 00443cc1 f   gl_main.obj
 0001:00042e2f       ?DrawTextRight@OpenGLDrv@@YAXPBDI@Z 00443e2f f   gl_main.obj
 0001:00042e79       ?DrawText3D@OpenGLDrv@@YAXQAMPBDI@Z 00443e79 f   gl_main.obj
 0001:00042ea6       ?BeginRegistration@OpenGLDrv@@YAXPBD@Z 00443ea6 f   gl_main.obj
 0001:00042ecd       ?RegisterPic@OpenGLDrv@@YAPAVCBasicImage@@PBD@Z 00443ecd f   gl_main.obj
 0001:00042edb       ?RegisterSkin@OpenGLDrv@@YAPAVCBasicImage@@PBD@Z 00443edb f   gl_main.obj
 0001:00042ee6       ?RegisterModel@OpenGLDrv@@YAPAVCRenderModel@@PBD@Z 00443ee6 f   gl_main.obj
 0001:00042ef1       ?SetSky@OpenGLDrv@@YAXPBDMQAM@Z 00443ef1 f   gl_main.obj
 0001:00042fa2       ?Screenshot@OpenGLDrv@@YAXHPBD@Z 00443fa2 f   gl_main.obj
 0001:00042fc5       ?GetClientLight@OpenGLDrv@@YAMXZ 00443fc5 f   gl_main.obj
 0001:00042fcc       ?GetCaps@OpenGLDrv@@YAIXZ  00443fcc f   gl_main.obj
 0001:00042fd2       ?InitFuncTables@OpenGLDrv@@YAXXZ 00443fd2 f   gl_math.obj
 0001:00043183       ?ModelToWorldCoord@OpenGLDrv@@YAXQAMPAUrefEntity_t@1@0@Z 00444183 f   gl_math.obj
 0001:000431f4       ?WorldToModelCoord@OpenGLDrv@@YAXQAMPAUrefEntity_t@1@0@Z 004441f4 f   gl_math.obj
 0001:0004323b       ?BuildRotationMatrix@OpenGLDrv@@YAXQAY02MQAMM@Z 0044423b f   gl_math.obj
 0001:00043335       ?GetBoxRect@OpenGLDrv@@YA_NPAUrefEntity_t@1@QAM11_N@Z 00444335 f   gl_math.obj
 0001:000436a6       ?ProjectToScreen@OpenGLDrv@@YA_NQAMPAH@Z 004446a6 f   gl_math.obj
 0001:000437e9       ?SaturateColor3f@OpenGLDrv@@YAXQAM@Z 004447e9 f   gl_math.obj
 0001:000438d9       ?SaturateColor4b@OpenGLDrv@@YAXPATcolor_t@@@Z 004448d9 f   gl_math.obj
 0001:000439e7       ?FindModel@OpenGLDrv@@YAPAVmodel_t@1@PBD@Z 004449e7 f   gl_model.obj
 0001:00043b0d       ?LoadWorldMap@OpenGLDrv@@YAXPBD@Z 00444b0d f   gl_model.obj
 0001:00045615       ?PointInLeaf@OpenGLDrv@@YAPAUnode_t@1@QAM@Z 00446615 f   gl_model.obj
 0001:00046173       ?ATAN2_FUNC@OpenGLDrv@@YAMMM@Z 00447173 f i gl_model.obj
 0001:0004631e       ?FindSkin@OpenGLDrv@@YAPAVshader_t@1@PBD@Z 0044731e f   gl_model.obj
 0001:000464f1       ?InitModels@OpenGLDrv@@YAXXZ 004474f1 f   gl_model.obj
 0001:000465e1       ?ShutdownModels@OpenGLDrv@@YAXXZ 004475e1 f   gl_model.obj
 0001:000465f2       ?SubdividePlane@OpenGLDrv@@YAHPAPAY02MHM@Z 004475f2 f   gl_poly.obj
 0001:00046a45       ?FreeSubdividedPlane@OpenGLDrv@@YAXXZ 00447a45 f   gl_poly.obj
 0001:00046a5d       ?GetSubdivideIndexes@OpenGLDrv@@YAXPAH@Z 00447a5d f   gl_poly.obj
 0001:00046ab0       ?RemoveCollinearPoints@OpenGLDrv@@YAHPAPAY02MH@Z 00447ab0 f   gl_poly.obj
 0001:00046bab       ?GetPolyArea@OpenGLDrv@@YAMPAPAY02MH@Z 00447bab f   gl_poly.obj
 0001:00046c3f       ?InitShaders@OpenGLDrv@@YAXXZ 00447c3f f   gl_shader.obj
 0001:00046d96       ?ShutdownShaders@OpenGLDrv@@YAXXZ 00447d96 f   gl_shader.obj
 0001:00046dd0       ?GetLightmapImage@OpenGLDrv@@YAPAVimage_t@1@H@Z 00447dd0 f   gl_shader.obj
 0001:00046df8       ?SetShaderLightmap@OpenGLDrv@@YAPAVshader_t@1@PAV21@H@Z 00447df8 f   gl_shader.obj
 0001:000471ef       ?SetShaderLightstyles@OpenGLDrv@@YAPAVshader_t@1@PAV21@I@Z 004481ef f   gl_shader.obj
 0001:0004728e       ?GetAlphaShader@OpenGLDrv@@YAPAVshader_t@1@PAV21@@Z 0044828e f   gl_shader.obj
 0001:00047557       ?FindShader@OpenGLDrv@@YAPAVshader_t@1@PBDI@Z 00448557 f   gl_shader.obj
 0001:00047b70       ?GetShaderByNum@OpenGLDrv@@YAPAVshader_t@1@H@Z 00448b70 f   gl_shader.obj
 0001:00047b8e       ?ResetShaders@OpenGLDrv@@YAXXZ 00448b8e f   gl_shader.obj
 0001:00048060       ?Reload@shader_t@OpenGLDrv@@UAEXXZ 00449060 f   gl_shader.obj
 0001:0004808b       ?ClearSkyBox@OpenGLDrv@@YAXXZ 0044908b f   gl_sky.obj
 0001:000480a2       ?SetSkyRotate@OpenGLDrv@@YAXMQAM@Z 004490a2 f   gl_sky.obj
 0001:000480da       ?SkyVisible@OpenGLDrv@@YA_NXZ 004490da f   gl_sky.obj
 0001:000480f3       ?AddSkySurface@OpenGLDrv@@YAXPAUsurfacePlanar_t@1@QAME@Z 004490f3 f   gl_sky.obj
 0001:00048702       ?TesselateSkySide@OpenGLDrv@@YAHHPAUbufVertex_t@1@PAUbufTexCoord_t@1@M@Z 00449702 f   gl_sky.obj
 0001:00049fbc       ?QGL_Init@OpenGLDrv@@YA_NPBD@Z 0044afbc f   qgl_win.obj
 0001:0004a09e       ?QGL_Shutdown@OpenGLDrv@@YAXXZ 0044b09e f   qgl_win.obj
 0001:0004a0dc       ?QGL_InitExtensions@OpenGLDrv@@YAXXZ 0044b0dc f   qgl_win.obj
 0001:0004a5c8       ?QGL_PrintExtensionsString@OpenGLDrv@@YAXPBD00@Z 0044b5c8 f   qgl_win.obj
 0001:0004a715       ?QGL_EnableLogging@OpenGLDrv@@YAX_N@Z 0044b715 f   qgl_win.obj
 0001:0004a7cf       ?QGL_LogMessage@OpenGLDrv@@YAXPBD@Z 0044b7cf f   qgl_win.obj
 0001:0004a7e6       ?QGL_SwapBuffers@OpenGLDrv@@YAXXZ 0044b7e6 f   qgl_win.obj
 0001:0004a83d       ?GLimp_HasGamma@OpenGLDrv@@YA_NXZ 0044b83d f   gl_win.obj
 0001:0004a851       ?GLimp_SetGamma@OpenGLDrv@@YAXM@Z 0044b851 f   gl_win.obj
 0001:0004a9f9       ?GLimp_SetMode@OpenGLDrv@@YA_NPAI0H_N@Z 0044b9f9 f   gl_win.obj
 0001:0004adef       ?GLimp_Shutdown@OpenGLDrv@@YAX_N@Z 0044bdef f   gl_win.obj
 0001:0004ae9c       ?AppActivate@OpenGLDrv@@YAX_N@Z 0044be9c f   gl_win.obj
 0001:0004af0c       _jpeg_CreateDecompress     0044bf0c f   lib:jdapimin.obj
 0001:0004afcc       _jpeg_destroy_decompress   0044bfcc f   lib:jdapimin.obj
 0001:0004afcc       _jpeg_destroy_compress     0044bfcc f   lib:jdapimin.obj
 0001:0004afd7       _jpeg_read_header          0044bfd7 f   lib:jdapimin.obj
 0001:0004b039       _jpeg_consume_input        0044c039 f   lib:jdapimin.obj
 0001:0004b288       _jpeg_finish_decompress    0044c288 f   lib:jdapimin.obj
 0001:0004b31f       _jpeg_start_decompress     0044c31f f   lib:jdapistd.obj
 0001:0004b48c       _jpeg_read_scanlines       0044c48c f   lib:jdapistd.obj
 0001:0004b510       _jpeg_resync_to_restart    0044c510 f   lib:jdmarker.obj
 0001:0004b6d5       _jinit_marker_reader       0044c6d5 f   lib:jdmarker.obj
 0001:0004cba0       _jpeg_CreateCompress       0044dba0 f   lib:jcapimin.obj
 0001:0004cc54       _jpeg_suppress_tables      0044dc54 f   lib:jcapimin.obj
 0001:0004cc9e       _jpeg_finish_compress      0044dc9e f   lib:jcapimin.obj
 0001:0004cd88       _jpeg_start_compress       0044dd88 f   lib:jcapistd.obj
 0001:0004cdf4       _jpeg_write_scanlines      0044ddf4 f   lib:jcapistd.obj
 0001:0004ce9f       _jpeg_add_quant_table      0044de9f f   lib:jcparam.obj
 0001:0004cf51       _jpeg_quality_scaling      0044df51 f   lib:jcparam.obj
 0001:0004cf78       _jpeg_set_quality          0044df78 f   lib:jcparam.obj
 0001:0004cfb2       _jpeg_set_defaults         0044dfb2 f   lib:jcparam.obj
 0001:0004d178       _jpeg_default_colorspace   0044e178 f   lib:jcparam.obj
 0001:0004d1c8       _jpeg_set_colorspace       0044e1c8 f   lib:jcparam.obj
 0001:0004d4e3       _jpeg_stdio_dest           0044e4e3 f   lib:jdatadst.obj
 0001:0004d703       _crc32                     0044e703 f   lib:crc32.obj
 0001:0004d99d       _inflateReset              0044e99d f   lib:inflate.obj
 0001:0004d9eb       _inflateInit2_             0044e9eb f   lib:inflate.obj
 0001:0004daa4       _inflate                   0044eaa4 f   lib:inflate.obj
 0001:0004ed79       _inflateEnd                0044fd79 f   lib:inflate.obj
 0001:0004edb7       _jinit_input_controller    0044fdb7 f   lib:jdinput.obj
 0001:0004f29a       _jinit_memory_mgr          0045029a f   lib:jmemmgr.obj
 0001:0004fdd6       _jpeg_abort                00450dd6 f   lib:jcomapi.obj
 0001:0004fe09       _jpeg_destroy              00450e09 f   lib:jcomapi.obj
 0001:0004fe24       _jpeg_alloc_quant_table    00450e24 f   lib:jcomapi.obj
 0001:0004fe40       _jpeg_alloc_huff_table     00450e40 f   lib:jcomapi.obj
 0001:0004fe5c       _jpeg_calc_output_dimensions 00450e5c f   lib:jdmaster.obj
 0001:0004ff5c       _jinit_master_decompress   00450f5c f   lib:jdmaster.obj
 0001:000502b2       _jdiv_round_up             004512b2 f   lib:jutils.obj
 0001:000502c2       _jround_up                 004512c2 f   lib:jutils.obj
 0001:000502da       _jcopy_sample_rows         004512da f   lib:jutils.obj
 0001:00050318       _jcopy_block_row           00451318 f   lib:jutils.obj
 0001:00050331       _jzero_far                 00451331 f   lib:jutils.obj
 0001:00050344       _jinit_marker_writer       00451344 f   lib:jcmarker.obj
 0001:00050c20       _jinit_compress_master     00451c20 f   lib:jcinit.obj
 0001:00050c79       _inflate_fast              00451c79 f   lib:inffast.obj
 0001:0005102e       _inflate_table             0045202e f   lib:inftrees.obj
 0001:000513e2       _adler32                   004523e2 f   lib:adler32.obj
 0001:000514fb       _jinit_c_codec             004524fb f   lib:jcodec.obj
 0001:00051517       _jinit_d_codec             00452517 f   lib:jcodec.obj
 0001:00051533       _jpeg_get_small            00452533 f   lib:jmemnobs.obj
 0001:00051533       _jpeg_get_large            00452533 f   lib:jmemnobs.obj
 0001:0005153f       _jpeg_free_small           0045253f f   lib:jmemnobs.obj
 0001:0005153f       _jpeg_free_large           0045253f f   lib:jmemnobs.obj
 0001:0005154b       _jpeg_mem_available        0045254b f   lib:jmemnobs.obj
 0001:00051550       _jpeg_open_backing_store   00452550 f   lib:jmemnobs.obj
 0001:00051564       __matherr                  00452564 f   lib:jmemnobs.obj
 0001:00051564       _jpeg_mem_init             00452564 f   lib:jmemnobs.obj
 0001:00051567       _jinit_d_main_controller   00452567 f   lib:jdmainct.obj
 0001:00051bb2       _jinit_d_post_controller   00452bb2 f   lib:jdpostct.obj
 0001:00051e5d       _jinit_upsampler           00452e5d f   lib:jdsample.obj
 0001:0005249b       _jinit_color_deconverter   0045349b f   lib:jdcolor.obj
 0001:000529b1       _jinit_merged_upsampler    004539b1 f   lib:jdmerge.obj
 0001:00052f01       _jinit_2pass_quantizer     00453f01 f   lib:jquant2.obj
 0001:00053fc4       _jinit_1pass_quantizer     00454fc4 f   lib:jquant1.obj
 0001:000549ea       _jinit_c_main_controller   004559ea f   lib:jcmainct.obj
 0001:00054b57       _jinit_c_prep_controller   00455b57 f   lib:jcprepct.obj
 0001:000550a2       _jinit_downsampler         004560a2 f   lib:jcsample.obj
 0001:00055922       _jinit_color_converter     00456922 f   lib:jccolor.obj
 0001:00055f0c       _jinit_c_master_control    00456f0c f   lib:jcmaster.obj
 0001:000569fb       _jinit_lossy_c_codec       004579fb f   lib:jclossy.obj
 0001:00056a96       _jinit_lossless_c_codec    00457a96 f   lib:jclossls.obj
 0001:00056b2e       _jinit_lossy_d_codec       00457b2e f   lib:jdlossy.obj
 0001:00056e01       _jinit_lossless_d_codec    00457e01 f   lib:jdlossls.obj
 0001:00056eb1       _jinit_c_coef_controller   00457eb1 f   lib:jccoefct.obj
 0001:00057592       _jinit_shuff_encoder       00458592 f   lib:jcshuff.obj
 0001:00057dfd       _jinit_phuff_encoder       00458dfd f   lib:jcphuff.obj
 0001:000588a2       _jinit_forward_dct         004598a2 f   lib:jcdctmgr.obj
 0001:00058b71       _jinit_c_diff_controller   00459b71 f   lib:jcdiffct.obj
 0001:00059095       _jinit_lhuff_encoder       0045a095 f   lib:jclhuff.obj
 0001:000597bf       _jinit_differencer         0045a7bf f   lib:jcpred.obj
 0001:00059cd9       _jinit_c_scaler            0045acd9 f   lib:jcscale.obj
 0001:00059d4f       _jinit_d_coef_controller   0045ad4f f   lib:jdcoefct.obj
 0001:0005aa2b       _jinit_shuff_decoder       0045ba2b f   lib:jdshuff.obj
 0001:0005afc0       _jinit_phuff_decoder       0045bfc0 f   lib:jdphuff.obj
 0001:0005bb5d       _jinit_inverse_dct         0045cb5d f   lib:jddctmgr.obj
 0001:0005bd41       _jinit_d_diff_controller   0045cd41 f   lib:jddiffct.obj
 0001:0005c26f       _jinit_d_scaler            0045d26f f   lib:jdscale.obj
 0001:0005c36e       _jinit_undifferencer       0045d36e f   lib:jdpred.obj
 0001:0005c728       _jinit_lhuff_decoder       0045d728 f   lib:jdlhuff.obj
 0001:0005cb1d       _jpeg_make_c_derived_tbl   0045db1d f   lib:jchuff.obj
 0001:0005cd1f       _jpeg_gen_optimal_table    0045dd1f f   lib:jchuff.obj
 0001:0005cede       _jpeg_fdct_float           0045dede f   lib:jfdctflt.obj
 0001:0005d0e3       _jpeg_make_d_derived_tbl   0045e0e3 f   lib:jdhuff.obj
 0001:0005d380       _jpeg_fill_bit_buffer      0045e380 f   lib:jdhuff.obj
 0001:0005d48f       _jpeg_huff_decode          0045e48f f   lib:jdhuff.obj
 0001:0005d56f       _jpeg_idct_4x4             0045e56f f   lib:jidctred.obj
 0001:0005d85d       _jpeg_idct_2x2             0045e85d f   lib:jidctred.obj
 0001:0005da1f       _jpeg_idct_1x1             0045ea1f f   lib:jidctred.obj
 0001:0005da5b       _jpeg_idct_float           0045ea5b f   lib:jidctflt.obj
 0001:0005de30       __except_handler3          0045ee30 f   MSVCRT:MSVCRT.dll
 0001:0005de40       __alloca_probe             0045ee40 f   MSVCRT:chkstk.obj
 0001:0005de40       __chkstk                   0045ee40 f   MSVCRT:chkstk.obj
 0001:0005de6f       ??_Etype_info@@UAEPAXI@Z   0045ee6f f i MSVCRT:ti_inst.obj
 0001:0005de6f       ??_Gtype_info@@UAEPAXI@Z   0045ee6f f i MSVCRT:ti_inst.obj
 0001:0005de8c       __CxxThrowException@8      0045ee8c f   MSVCRT:MSVCRT.dll
 0001:0005de92       _strcpy                    0045ee92 f   MSVCRT:MSVCRT.dll
 0001:0005de98       _strlen                    0045ee98 f   MSVCRT:MSVCRT.dll
 0001:0005de9e       _strcmp                    0045ee9e f   MSVCRT:MSVCRT.dll
 0001:0005dea4       _sin                       0045eea4 f   MSVCRT:MSVCRT.dll
 0001:0005deaa       _tan                       0045eeaa f   MSVCRT:MSVCRT.dll
 0001:0005deb0       _cos                       0045eeb0 f   MSVCRT:MSVCRT.dll
 0001:0005deb6       _strcat                    0045eeb6 f   MSVCRT:MSVCRT.dll
 0001:0005debc       _fmod                      0045eebc f   MSVCRT:MSVCRT.dll
 0001:0005dec2       _atan2                     0045eec2 f   MSVCRT:MSVCRT.dll
 0001:0005dec8       _acos                      0045eec8 f   MSVCRT:MSVCRT.dll
 0001:0005dece       _sqrt                      0045eece f   MSVCRT:MSVCRT.dll
 0001:0005ded4       _atan                      0045eed4 f   MSVCRT:MSVCRT.dll
 0001:0005deda       _memcpy                    0045eeda f   MSVCRT:MSVCRT.dll
 0001:0005dee0       _memset                    0045eee0 f   MSVCRT:MSVCRT.dll
 0001:0005dee6       _pow                       0045eee6 f   MSVCRT:MSVCRT.dll
 0001:0005deec       _asin                      0045eeec f   MSVCRT:MSVCRT.dll
 0001:0005def2       _WinMainCRTStartup         0045eef2 f   MSVCRT:crtexew.obj
 0001:0005e050       __ftol                     0045f050 f   MSVCRT:MSVCRT.dll
 0001:0005e056       ??1type_info@@UAE@XZ       0045f056 f   MSVCRT:MSVCRT.dll
 0001:0005e05c       __XcptFilter               0045f05c f   MSVCRT:MSVCRT.dll
 0001:0005e062       __initterm                 0045f062 f   MSVCRT:MSVCRT.dll
 0001:0005e068       __setdefaultprecision      0045f068 f   MSVCRT:fp8.obj
 0001:0005e07a       ?EndRegistration@OpenGLDrv@@YAXXZ 0045f07a f   MSVCRT:dllargv.obj
 0001:0005e07a       __setargv                  0045f07a f   MSVCRT:dllargv.obj
 0001:0005e07a       _jpeg_mem_term             0045f07a f   MSVCRT:dllargv.obj
 0001:0005e07c       __controlfp                0045f07c f   MSVCRT:MSVCRT.dll
 0002:00000000       __imp__SwapBuffers@4       00460000     gdi32:GDI32.dll
 0002:00000004       __imp__SetPixelFormat@12   00460004     gdi32:GDI32.dll
 0002:00000008       __imp__DescribePixelFormat@16 00460008     gdi32:GDI32.dll
 0002:0000000c       __imp__ChoosePixelFormat@8 0046000c     gdi32:GDI32.dll
 0002:00000010       __imp__SetDeviceGammaRamp@8 00460010     gdi32:GDI32.dll
 0002:00000014       __imp__GetDeviceGammaRamp@8 00460014     gdi32:GDI32.dll
 0002:00000018       __imp__GetDeviceCaps@8     00460018     gdi32:GDI32.dll
 0002:0000001c       \177GDI32_NULL_THUNK_DATA  0046001c     gdi32:GDI32.dll
 0002:00000020       __imp__GetDriveTypeA@4     00460020     kernel32:KERNEL32.dll
 0002:00000024       __imp__SetErrorMode@4      00460024     kernel32:KERNEL32.dll
 0002:00000028       __imp__GetStdHandle@4      00460028     kernel32:KERNEL32.dll
 0002:0000002c       __imp__AllocConsole@0      0046002c     kernel32:KERNEL32.dll
 0002:00000030       __imp__ReadConsoleInputA@16 00460030     kernel32:KERNEL32.dll
 0002:00000034       __imp__GetNumberOfConsoleInputEvents@8 00460034     kernel32:KERNEL32.dll
 0002:00000038       __imp__FreeConsole@0       00460038     kernel32:KERNEL32.dll
 0002:0000003c       __imp__SetConsoleTextAttribute@8 0046003c     kernel32:KERNEL32.dll
 0002:00000040       __imp__SetPriorityClass@8  00460040     kernel32:KERNEL32.dll
 0002:00000044       __imp__GetCurrentProcess@0 00460044     kernel32:KERNEL32.dll
 0002:00000048       __imp__GetVersionExA@4     00460048     kernel32:KERNEL32.dll
 0002:0000004c       __imp__Sleep@4             0046004c     kernel32:KERNEL32.dll
 0002:00000050       __imp__LoadLibraryA@4      00460050     kernel32:KERNEL32.dll
 0002:00000054       __imp__GetStartupInfoA@4   00460054     kernel32:KERNEL32.dll
 0002:00000058       __imp__GetModuleHandleA@4  00460058     kernel32:KERNEL32.dll
 0002:0000005c       __imp__GetProcAddress@8    0046005c     kernel32:KERNEL32.dll
 0002:00000060       __imp__FreeLibrary@4       00460060     kernel32:KERNEL32.dll
 0002:00000064       __imp__IsBadReadPtr@8      00460064     kernel32:KERNEL32.dll
 0002:00000068       __imp__VirtualQuery@12     00460068     kernel32:KERNEL32.dll
 0002:0000006c       __imp__WriteFile@20        0046006c     kernel32:KERNEL32.dll
 0002:00000070       __imp__GetModuleFileNameA@12 00460070     kernel32:KERNEL32.dll
 0002:00000074       \177KERNEL32_NULL_THUNK_DATA 00460074     kernel32:KERNEL32.dll
 0002:00000078       __imp____p__commode        00460078     MSVCRT:MSVCRT.dll
 0002:0000007c       __imp___adjust_fdiv        0046007c     MSVCRT:MSVCRT.dll
 0002:00000080       __imp____setusermatherr    00460080     MSVCRT:MSVCRT.dll
 0002:00000084       __imp____p__fmode          00460084     MSVCRT:MSVCRT.dll
 0002:00000088       __imp____getmainargs       00460088     MSVCRT:MSVCRT.dll
 0002:0000008c       __imp___acmdln             0046008c     MSVCRT:MSVCRT.dll
 0002:00000090       __imp___XcptFilter         00460090     MSVCRT:MSVCRT.dll
 0002:00000094       __imp___exit               00460094     MSVCRT:MSVCRT.dll
 0002:00000098       __imp_??1type_info@@UAE@XZ 00460098     MSVCRT:MSVCRT.dll
 0002:0000009c       __imp___ftol               0046009c     MSVCRT:MSVCRT.dll
 0002:000000a0       __imp__fflush              004600a0     MSVCRT:MSVCRT.dll
 0002:000000a4       __imp___winmajor           004600a4     MSVCRT:MSVCRT.dll
 0002:000000a8       __imp__asin                004600a8     MSVCRT:MSVCRT.dll
 0002:000000ac       __imp__pow                 004600ac     MSVCRT:MSVCRT.dll
 0002:000000b0       __imp__exit                004600b0     MSVCRT:MSVCRT.dll
 0002:000000b4       __imp___findclose          004600b4     MSVCRT:MSVCRT.dll
 0002:000000b8       __imp___findnext           004600b8     MSVCRT:MSVCRT.dll
[...]
 0001:0005bedf       _start_iMCU_row            0045cedf f   lib:jddiffct.obj
 0001:0005bf24       _start_output_pass         0045cf24 f   lib:jddiffct.obj
 0001:0005bf30       _decompress_data           0045cf30 f   lib:jddiffct.obj
 0001:0005c0a0       _process_restart           0045d0a0 f   lib:jddiffct.obj
 0001:0005a0c0       _dummy_consume_data        0045b0c0 f   lib:jdcoefct.obj
 0001:0005c0d5       _consume_data              0045d0d5 f   lib:jddiffct.obj
 0001:0005c14c       _output_data               0045d14c f   lib:jddiffct.obj
 0001:0005bbd3       _start_pass                0045cbd3 f   lib:jddctmgr.obj
 0001:0005b025       _start_pass_phuff_decoder  0045c025 f   lib:jdphuff.obj
 0001:0005b26e       _decode_mcu_DC_first       0045c26e f   lib:jdphuff.obj
 0001:0005b466       _process_restart           0045c466 f   lib:jdphuff.obj
 0001:0005b4d5       _decode_mcu_AC_first       0045c4d5 f   lib:jdphuff.obj
 0001:0005b6f5       _decode_mcu_DC_refine      0045c6f5 f   lib:jdphuff.obj
 0001:0005b7ca       _decode_mcu_AC_refine      0045c7ca f   lib:jdphuff.obj
 0001:0005aa6c       _start_pass_huff_decoder   0045ba6c f   lib:jdshuff.obj
 0001:0005aba4       _decode_mcu                0045bba4 f   lib:jdshuff.obj
 0001:0005af54       _process_restart           0045bf54 f   lib:jdshuff.obj
 0001:00059e52       _start_input_pass          0045ae52 f   lib:jdcoefct.obj
 0001:00059e65       _start_iMCU_row            0045ae65 f   lib:jdcoefct.obj
 0001:00059eaa       _start_output_pass         0045aeaa f   lib:jdcoefct.obj
 0001:00059ee7       _decompress_onepass        0045aee7 f   lib:jdcoefct.obj
 0001:0005a0c0       _dummy_consume_data        0045b0c0 f   lib:jdcoefct.obj
 0001:0005a0c3       _consume_data              0045b0c3 f   lib:jdcoefct.obj
 0001:0005a27c       _decompress_data           0045b27c f   lib:jdcoefct.obj
 0001:0005a3e8       _smoothing_ok              0045b3e8 f   lib:jdcoefct.obj
 0001:0005a4d3       _decompress_smooth_data    0045b4d3 f   lib:jdcoefct.obj
 0001:00059ceb       _scaler_start_pass         0045aceb f   lib:jcscale.obj
 0001:00059d0e       _simple_downscale          0045ad0e f   lib:jcscale.obj
 0001:00059d3a       _noscale                   0045ad3a f   lib:jcscale.obj
 0001:000597e3       _start_pass                0045a7e3 f   lib:jcpred.obj
 0001:0005983b       _reset_predictor           0045a83b f   lib:jcpred.obj
 0001:00059868       _jpeg_difference_first_row 0045a868 f   lib:jcpred.obj
 0001:00059952       _jpeg_difference1          0045a952 f   lib:jcpred.obj
 0001:000599c0       _jpeg_difference2          0045a9c0 f   lib:jcpred.obj
 0001:00059a31       _jpeg_difference3          0045aa31 f   lib:jcpred.obj
 0001:00059aa9       _jpeg_difference4          0045aaa9 f   lib:jcpred.obj
 0001:00059b34       _jpeg_difference5          0045ab34 f   lib:jcpred.obj
 0001:00059bc7       _jpeg_difference6          0045abc7 f   lib:jcpred.obj
 0001:00059c56       _jpeg_difference7          0045ac56 f   lib:jcpred.obj
 0001:000590d5       _start_pass_huff           0045a0d5 f   lib:jclhuff.obj
 0001:00059272       _encode_mcus_huff          0045a272 f   lib:jclhuff.obj
 0001:0005945d       _emit_bits                 0045a45d f   lib:jclhuff.obj
 0001:00059500       _dump_buffer               0045a500 f   lib:jclhuff.obj
 0001:00059524       _emit_restart              0045a524 f   lib:jclhuff.obj
 0001:0005956f       _flush_bits                0045a56f f   lib:jclhuff.obj
 0001:00059593       _finish_pass_huff          0045a593 f   lib:jclhuff.obj
 0001:00059600       _encode_mcus_gather        0045a600 f   lib:jclhuff.obj
 0001:00059729       _finish_pass_gather        0045a729 f   lib:jclhuff.obj
 0001:00057dfa       _need_optimization_pass    00458dfa f   lib:jcshuff.obj
 0001:00058cf5       _start_pass_diff           00459cf5 f   lib:jcdiffct.obj
 0001:00056ffb       _start_iMCU_row            00457ffb f   lib:jccoefct.obj
 0001:00058d93       _compress_data             00459d93 f   lib:jcdiffct.obj
 0001:00058f29       _compress_first_pass       00459f29 f   lib:jcdiffct.obj
 0001:0005901e       _compress_output           0045a01e f   lib:jcdiffct.obj
 0001:00058908       _start_pass_fdctmgr        00459908 f   lib:jcdctmgr.obj
 0001:00058a0a       _forward_DCT_float         00459a0a f   lib:jcdctmgr.obj
 0001:00057e3d       _start_pass_phuff          00458e3d f   lib:jcphuff.obj
 0001:00057faa       _encode_mcu_DC_first       00458faa f   lib:jcphuff.obj
 0001:000580dc       _emit_bits                 004590dc f   lib:jcphuff.obj
 0001:00058187       _dump_buffer               00459187 f   lib:jcphuff.obj
 0001:000581bf       _emit_symbol               004591bf f   lib:jcphuff.obj
 0001:000581ff       _emit_restart              004591ff f   lib:jcphuff.obj
 0001:00058288       _emit_eobrun               00459288 f   lib:jcphuff.obj
 0001:0005830e       _encode_mcu_AC_first       0045930e f   lib:jcphuff.obj
 0001:000584a2       _encode_mcu_DC_refine      004594a2 f   lib:jcphuff.obj
 0001:0005855c       _encode_mcu_AC_refine      0045955c f   lib:jcphuff.obj
 0001:00058773       _finish_pass_phuff         00459773 f   lib:jcphuff.obj
 0001:000587c2       _finish_pass_gather_phuff  004597c2 f   lib:jcphuff.obj
 0001:00058885       _need_optimization_pass    00459885 f   lib:jcphuff.obj
 0001:000575d5       _start_pass_huff           004585d5 f   lib:jcshuff.obj
 0001:0005774a       _encode_mcu_huff           0045874a f   lib:jcshuff.obj
 0001:00057855       _encode_one_block          00458855 f   lib:jcshuff.obj
 0001:000579cc       _emit_bits                 004589cc f   lib:jcshuff.obj
 0001:00057a6f       _dump_buffer               00458a6f f   lib:jcshuff.obj
 0001:00057a93       _emit_restart              00458a93 f   lib:jcshuff.obj
 0001:00057b00       _flush_bits                00458b00 f   lib:jcshuff.obj
 0001:00057b24       _finish_pass_huff          00458b24 f   lib:jcshuff.obj
 0001:00057b93       _encode_mcu_gather         00458b93 f   lib:jcshuff.obj
 0001:00057c49       _htest_one_block           00458c49 f   lib:jcshuff.obj
 0001:00057d10       _finish_pass_gather        00458d10 f   lib:jcshuff.obj
 0001:00057dfa       _need_optimization_pass    00458dfa f   lib:jcshuff.obj
 0001:00056f66       _start_pass_coef           00457f66 f   lib:jccoefct.obj
 0001:00056ffb       _start_iMCU_row            00457ffb f   lib:jccoefct.obj
 0001:0005703d       _compress_data             0045803d f   lib:jccoefct.obj
 0001:00057224       _compress_first_pass       00458224 f   lib:jccoefct.obj
 0001:0005740a       _compress_output           0045840a f   lib:jccoefct.obj
 0001:00056e7e       _calc_output_dimensions    00457e7e f   lib:jdlossls.obj
 0001:00056e8f       _start_input_pass          00457e8f f   lib:jdlossls.obj
 0001:00056bbd       _calc_output_dimensions    00457bbd f   lib:jdlossy.obj
 0001:00056d30       _start_input_pass          00457d30 f   lib:jdlossy.obj
 0001:00056d50       _latch_quant_tables        00457d50 f   lib:jdlossy.obj
 0001:00056de8       _start_output_pass         00457de8 f   lib:jdlossy.obj
 0001:00056b0c       _start_pass                00457b0c f   lib:jclossls.obj
 0001:00056a78       _start_pass                00457a78 f   lib:jclossy.obj
 0001:00055fcd       _initial_setup             00456fcd f   lib:jcmaster.obj
 0001:00056180       _validate_script           00457180 f   lib:jcmaster.obj
 0001:00056558       _prepare_for_pass          00457558 f   lib:jcmaster.obj
 0001:000566d0       _select_scan_parameters    004576d0 f   lib:jcmaster.obj
 0001:000567d1       _per_scan_setup            004577d1 f   lib:jcmaster.obj
 0001:0005697c       _pass_startup              0045797c f   lib:jcmaster.obj
 0001:000569a3       _finish_pass_master        004579a3 f   lib:jcmaster.obj
 0001:00055ab9       _rgb_ycc_start             00456ab9 f   lib:jccolor.obj
 0001:00055b7d       _rgb_ycc_convert           00456b7d f   lib:jccolor.obj
 0001:00055c7c       _rgb_gray_convert          00456c7c f   lib:jccolor.obj
 0001:00055d01       _cmyk_ycck_convert         00456d01 f   lib:jccolor.obj
 0001:00055e39       _grayscale_convert         00456e39 f   lib:jccolor.obj
 0001:00055e93       _null_convert              00456e93 f   lib:jccolor.obj
 0001:0001e400       _null_method               0041f400 f   sv_game.obj
 0001:0001e400       _start_pass_downsample     0041f400 f   sv_game.obj
 0001:00055205       _sep_downsample            00456205 f   lib:jcsample.obj
 0001:0005527a       _int_downsample            0045627a f   lib:jcsample.obj
 0001:00055372       _expand_right_edge         00456372 f   lib:jcsample.obj
 0001:000553c7       _fullsize_downsample       004563c7 f   lib:jcsample.obj
 0001:0005540b       _h2v1_downsample           0045640b f   lib:jcsample.obj
 0001:0005549f       _h2v2_downsample           0045649f f   lib:jcsample.obj
 0001:0005554c       _h2v2_smooth_downsample    0045654c f   lib:jcsample.obj
 0001:000557c4       _fullsize_smooth_downsample 004567c4 f   lib:jcsample.obj
 0001:00054c01       _start_pass_prep           00455c01 f   lib:jcprepct.obj
 0001:00054c3f       _pre_process_data          00455c3f f   lib:jcprepct.obj
 0001:00054ded       _pre_process_context       00455ded f   lib:jcprepct.obj
 0001:00054fa6       _create_context_buffer     00455fa6 f   lib:jcprepct.obj
 0001:00054a79       _start_pass_main           00455a79 f   lib:jcmainct.obj
 0001:00054abb       _process_data_simple_main  00455abb f   lib:jcmainct.obj
 0001:0005404f       _create_colormap           0045504f f   lib:jquant1.obj
 0001:00054181       _select_ncolors            00455181 f   lib:jquant1.obj
 0001:00054258       _create_colorindex         00455258 f   lib:jquant1.obj
 0001:00054384       _alloc_fs_workspace        00455384 f   lib:jquant1.obj
 0001:000543c0       _start_pass_1_quant        004553c0 f   lib:jquant1.obj
 0001:0005448c       _create_odither_tables     0045548c f   lib:jquant1.obj
 0001:000544eb       _make_odither_array        004554eb f   lib:jquant1.obj
 0001:0005454e       _color_quantize            0045554e f   lib:jquant1.obj
 0001:000545d9       _color_quantize3           004555d9 f   lib:jquant1.obj
 0001:00054667       _quantize_ord_dither       00455667 f   lib:jquant1.obj
 0001:00054752       _quantize3_ord_dither      00455752 f   lib:jquant1.obj
 0001:00054852       _quantize_fs_dither        00455852 f   lib:jquant1.obj
 0001:0001e400       _finish_pass_1_quant       0041f400 f   sv_game.obj
 0001:000549d6       _new_color_map_1_quant     004559d6 f   lib:jquant1.obj
 0001:00053010       _init_error_limit          00454010 f   lib:jquant2.obj
 0001:000530af       _start_pass_2_quant        004540af f   lib:jquant2.obj
 0001:000531b1       _prescan_quantize          004541b1 f   lib:jquant2.obj
 0001:00053220       _pass2_no_dither           00454220 f   lib:jquant2.obj
 0001:000532cd       _fill_inverse_cmap         004542cd f   lib:jquant2.obj
 0001:00053398       _find_nearby_colors        00454398 f   lib:jquant2.obj
 0001:0005353c       _find_best_colors          0045453c f   lib:jquant2.obj
 0001:00053656       _pass2_fs_dither           00454656 f   lib:jquant2.obj
 0001:000538c5       _finish_pass1              004548c5 f   lib:jquant2.obj
 0001:000538e7       _select_colors             004548e7 f   lib:jquant2.obj
 0001:00053973       _update_box                00454973 f   lib:jquant2.obj
 0001:00053d0d       _median_cut                00454d0d f   lib:jquant2.obj
 0001:00053e21       _find_biggest_color_pop    00454e21 f   lib:jquant2.obj
 0001:00053e50       _find_biggest_volume       00454e50 f   lib:jquant2.obj
 0001:00053e79       _compute_color             00454e79 f   lib:jquant2.obj
 0001:0001e400       _finish_pass2              0041f400 f   sv_game.obj
 0001:00053fb5       _new_color_map_2_quant     00454fb5 f   lib:jquant2.obj
 0001:00052a27       _build_ycc_rgb_table       00453a27 f   lib:jdmerge.obj
 0001:00052ad7       _start_pass_merged_upsample 00453ad7 f   lib:jdmerge.obj
 0001:00052aec       _merged_2v_upsample        00453aec f   lib:jdmerge.obj
 0001:00052b93       _merged_1v_upsample        00453b93 f   lib:jdmerge.obj
 0001:00052bc4       _h2v1_merged_upsample      00453bc4 f   lib:jdmerge.obj
 0001:00052d1a       _h2v2_merged_upsample      00453d1a f   lib:jdmerge.obj
 0001:000525cb       _build_ycc_rgb_table       004535cb f   lib:jdcolor.obj
 0001:0005267b       _ycc_rgb_convert           0045367b f   lib:jdcolor.obj
 0001:00052789       _null_convert              00453789 f   lib:jdcolor.obj
 0001:00052801       _grayscale_convert         00453801 f   lib:jdcolor.obj
 0001:00052824       _gray_rgb_convert          00453824 f   lib:jdcolor.obj
 0001:0005287d       _ycck_cmyk_convert         0045387d f   lib:jdcolor.obj
 0001:0001e400       _start_pass_dcolor         0041f400 f   sv_game.obj
 0001:0005202c       _start_pass_upsample       0045302c f   lib:jdsample.obj
 0001:00052046       _sep_upsample              00453046 f   lib:jdsample.obj
 0001:00052113       _fullsize_upsample         00453113 f   lib:jdsample.obj
 0001:0005211e       _noop_upsample             0045311e f   lib:jdsample.obj
 0001:00052126       _int_upsample              00453126 f   lib:jdsample.obj
 0001:00052210       _h2v1_upsample             00453210 f   lib:jdsample.obj
 0001:00052267       _h2v2_upsample             00453267 f   lib:jdsample.obj
 0001:000522d9       _h2v1_fancy_upsample       004532d9 f   lib:jdsample.obj
 0001:0005237c       _h2v2_fancy_upsample       0045337c f   lib:jdsample.obj
 0001:00051c35       _start_pass_dpost          00452c35 f   lib:jdpostct.obj
 0001:00051cdb       _post_process_1pass        00452cdb f   lib:jdpostct.obj
 0001:00051d40       _post_process_prepass      00452d40 f   lib:jdpostct.obj
 0001:00051dd1       _post_process_2pass        00452dd1 f   lib:jdpostct.obj
 0001:0005163c       _alloc_funny_pointers      0045263c f   lib:jdmainct.obj
 0001:000516e9       _start_pass_main           004526e9 f   lib:jdmainct.obj
 0001:00051751       _make_funny_pointers       00452751 f   lib:jdmainct.obj
 0001:00051891       _process_data_simple_main  00452891 f   lib:jdmainct.obj
 0001:000518f9       _process_data_context_main 004528f9 f   lib:jdmainct.obj
 0001:00051a0b       _set_wraparound_pointers   00452a0b f   lib:jdmainct.obj
 0001:00051af5       _set_bottom_pointers       00452af5 f   lib:jdmainct.obj
 0001:00051b8f       _process_data_crank_post   00452b8f f   lib:jdmainct.obj
 0001:00050392       _write_marker_header       00451392 f   lib:jcmarker.obj
 0001:000503e8       _emit_byte                 004513e8 f   lib:jcmarker.obj
 0001:00050419       _write_marker_byte         00451419 f   lib:jcmarker.obj
 0001:00050429       _write_file_header         00451429 f   lib:jcmarker.obj
 0001:00050475       _emit_jfif_app0            00451475 f   lib:jcmarker.obj
 0001:00050548       _emit_adobe_app14          00451548 f   lib:jcmarker.obj
 0001:000505ee       _write_frame_header        004515ee f   lib:jcmarker.obj
 0001:000506cd       _emit_dqt                  004516cd f   lib:jcmarker.obj
 0001:000507bc       _emit_sof                  004517bc f   lib:jcmarker.obj
 0001:00050898       _write_scan_header         00451898 f   lib:jcmarker.obj
 0001:00050958       _emit_dht                  00451958 f   lib:jcmarker.obj
 0001:00050a31       _emit_dri                  00451a31 f   lib:jcmarker.obj
 0001:00050a80       _emit_sos                  00451a80 f   lib:jcmarker.obj
 0001:00050b6e       _write_file_trailer        00451b6e f   lib:jcmarker.obj
 0001:00050b8e       _write_tables_only         00451b8e f   lib:jcmarker.obj
 0001:0004fee7       _use_merged_upsample       00450ee7 f   lib:jdmaster.obj
 0001:0004ff8d       _master_selection          00450f8d f   lib:jdmaster.obj
 0001:000500ea       _prepare_range_limit_table 004510ea f   lib:jdmaster.obj
 0001:00050170       _prepare_for_output_pass   00451170 f   lib:jdmaster.obj
 0001:00050291       _finish_output_pass        00451291 f   lib:jdmaster.obj
 0001:0004f35e       _alloc_small               0045035e f   lib:jmemmgr.obj
 0001:0004f47c       _alloc_large               0045047c f   lib:jmemmgr.obj
 0001:0004f52d       _alloc_sarray              0045052d f   lib:jmemmgr.obj
 0001:0004f5c5       _alloc_barray              004505c5 f   lib:jmemmgr.obj
 0001:0004f669       _alloc_darray              00450669 f   lib:jmemmgr.obj
 0001:0004f714       _request_virt_sarray       00450714 f   lib:jmemmgr.obj
 0001:0004f775       _request_virt_barray       00450775 f   lib:jmemmgr.obj
 0001:0004f7d6       _realize_virt_arrays       004507d6 f   lib:jmemmgr.obj
 0001:0004f959       _access_virt_sarray        00450959 f   lib:jmemmgr.obj
 0001:0004fa79       _do_sarray_io              00450a79 f   lib:jmemmgr.obj
 0001:0004fb09       _access_virt_barray        00450b09 f   lib:jmemmgr.obj
 0001:0004fc2e       _do_barray_io              00450c2e f   lib:jmemmgr.obj
 0001:0004fcbf       _free_pool                 00450cbf f   lib:jmemmgr.obj
 0001:0004fda6       _self_destruct             00450da6 f   lib:jmemmgr.obj
 0001:0004edf8       _start_input_pass          0044fdf8 f   lib:jdinput.obj
 0001:0004ee26       _per_scan_setup            0044fe26 f   lib:jdinput.obj
 0001:0004efac       _finish_input_pass         0044ffac f   lib:jdinput.obj
 0001:0004efbd       _consume_markers           0044ffbd f   lib:jdinput.obj
 0001:0004f059       _initial_setup             00450059 f   lib:jdinput.obj
 0001:0004f263       _reset_input_controller    00450263 f   lib:jdinput.obj
 0001:0004ebb1       _fixedtables               0044fbb1 f   lib:inflate.obj
 0001:0004ec9b       _updatewindow              0044fc9b f   lib:inflate.obj
 0001:0004d5e3       _make_crc_table            0044e5e3 f   lib:crc32.obj
 0001:0004d730       _crc32_little              0044e730 f   lib:crc32.obj
 0001:0004d51f       _init_destination          0044e51f f   lib:jdatadst.obj
 0001:0004d545       _empty_output_buffer       0044e545 f   lib:jdatadst.obj
 0001:0004d587       _term_destination          0044e587 f   lib:jdatadst.obj
 0001:0004d0a6       _std_huff_tables           0044e0a6 f   lib:jcparam.obj
 0001:0004d100       _add_huff_table            0044e100 f   lib:jcparam.obj
 0001:0004b5fe       _next_marker               0044c5fe f   lib:jdmarker.obj
 0001:0004b738       _get_interesting_appn      0044c738 f   lib:jdmarker.obj
 0001:0004b863       _examine_app0              0044c863 f   lib:jdmarker.obj
 0001:0004ba71       _examine_app14             0044ca71 f   lib:jdmarker.obj
 0001:0004bb32       _skip_variable             0044cb32 f   lib:jdmarker.obj
 0001:0004bbd5       _read_markers              0044cbd5 f   lib:jdmarker.obj
 0001:0004bddd       _get_soi                   0044cddd f   lib:jdmarker.obj
 0001:0004be88       _get_sof                   0044ce88 f   lib:jdmarker.obj
 0001:0004c191       _get_sos                   0044d191 f   lib:jdmarker.obj
 0001:0004c47f       _get_dht                   0044d47f f   lib:jdmarker.obj
 0001:0004c720       _get_dqt                   0044d720 f   lib:jdmarker.obj
 0001:0004c97c       _get_dri                   0044d97c f   lib:jdmarker.obj
 0001:0004ca5b       _first_marker              0044da5b f   lib:jdmarker.obj
 0001:0004caf7       _read_restart_marker       0044daf7 f   lib:jdmarker.obj
 0001:0004cb75       _reset_marker_reader       0044db75 f   lib:jdmarker.obj
 0001:0004b3e2       _output_pass_setup         0044c3e2 f   lib:jdapistd.obj
 0001:0004b0d5       _default_decompress_parms  0044c0d5 f   lib:jdapimin.obj

 128 bytes saved through ICF

