 quake2

 Timestamp is 421727ab (Sat Feb 19 14:48:59 2005)

 Preferred load address is 00400000

 Start         Length     Name                   Class
 0001:00000000 0005f9a0H .text                   CODE
 0002:00000000 00000284H .idata$5                DATA
 0002:00000288 000040f4H .rdata                  DATA
 0002:00004380 00000044H .rdata$r                DATA
 0002:000043c8 00000038H .xdata$x                DATA
 0002:00004400 00000078H .idata$2                DATA
 0002:00004478 00000014H .idata$3                DATA
 0002:0000448c 00000284H .idata$4                DATA
 0002:00004710 00000824H .idata$6                DATA
 0002:00004f34 00000000H .edata                  DATA
 0003:00000000 00000004H .CRT$XCA                DATA
 0003:00000004 0000000cH .CRT$XCU                DATA
 0003:00000010 00000004H .CRT$XCZ                DATA
 0003:00000014 00000004H .CRT$XIA                DATA
 0003:00000018 00000004H .CRT$XIZ                DATA
 0003:00000020 0000e9dcH .data                   DATA
 0003:0000ea00 009fb50cH .bss                    DATA
 0004:00000000 00000130H .rsrc$01                DATA
 0004:00000130 00003f20H .rsrc$02                DATA

  Address         Publics by Value              Rva+Base     Lib:Object

 0001:00000000       ??3@YAXPAX@Z               00401000 f i CoreMain.obj
 0001:0000000b       ?appInit@@YAXXZ            0040100b f   CoreMain.obj
 0001:00000069       ?appLoadDebugSymbols@@YAXXZ 00401069 f   DbgSymbols.obj
 0001:0000026c       ?appSymbolName@@YA_NIPADH@Z 0040126c f   DbgSymbols.obj
 0001:00000358       ?appSymbolName@@YAPADI@Z   00401358 f   DbgSymbols.obj
 0001:0000038a       ?appMalloc@@YAPAXIH@Z      0040138a f   Memory.obj
 0001:00000438       ?appFree@@YAXPAX@Z         00401438 f   Memory.obj
 0001:00000466       ?Unlink@FMemHeader@@QAEXXZ 00401466 f i Memory.obj
 0001:00000491       ?Link@CMemoryChain@@AAEXXZ 00401491 f   Memory.obj
 0001:000004b0       ??2CMemoryChain@@SAPAXIH@Z 004014b0 f   Memory.obj
 0001:00000522       ?Alloc@CMemoryChain@@QAEPAXIH@Z 00401522 f   Memory.obj
 0001:0000058c       ?appInitMemory@@YAXXZ      0040158c f   Memory.obj
 0001:000009c1       ?Write@COutputDeviceNull@@UAEXPBD@Z 004019c1 f i OutputDevice.obj
 0001:000009c4       ?appWPrintf@@YAXPBDZZ      004019c4 f   OutputDevice.obj
 0001:00000a15       ?appFatalError@@YAXPBDZZ   00401a15 f   ErrorMgr.obj
 0001:00000a6e       ?appNonFatalError@@YAXPBDZZ 00401a6e f   ErrorMgr.obj
 0001:00000aae       ?appUnwindPrefix@@YAXPBD@Z 00401aae f   ErrorMgr.obj
 0001:00000b06       ?appUnwindThrow@@YAXPBDZZ  00401b06 f   ErrorMgr.obj
 0001:00000b8e       ?Reset@CErrorHandler@@QAEXXZ 00401b8e f   ErrorMgr.obj
 0001:00000ba9       ?appInitError@@YAXXZ       00401ba9 f   ErrorMgr.obj
 0001:00000c11       ?appStricmp@@YAHPBD0@Z     00401c11 f   Strings.obj
 0001:00000c46       ?toLower@@YADD@Z           00401c46 f i Strings.obj
 0001:00000c5d       ?appStrcpy@@YAXPADPBD@Z    00401c5d f   Strings.obj
 0001:00000c70       ?appStrncpylwr@@YAXPADPBDH@Z 00401c70 f   Strings.obj
 0001:00000ca2       ?appStrncpyz@@YAXPADPBDH@Z 00401ca2 f   Strings.obj
 0001:00000ccf       ?appCopyFilename@@YAXPADPBDH@Z 00401ccf f   Strings.obj
 0001:00000d6b       ?va@@YAPADPBDZZ            00401d6b f   Strings.obj
 0001:00000db8       ?appSprintf@@YAHPADHPBDZZ  00401db8 f   Strings.obj
 0001:00000e03       ?appMatchWildcard@@YA_NPBD0_N@Z 00401e03 f   Strings.obj
 0001:00000f83       ?CopyString@@YAPADPBD@Z    00401f83 f   Strings.obj
 0001:00000fc3       ??2CStringItem@@SAPAXIPBD@Z 00401fc3 f   Strings.obj
 0001:0000100c       ??2CStringItem@@SAPAXIPBDPAVCMemoryChain@@@Z 0040200c f   Strings.obj
 0001:00001056       ?Find@CStringList@@IAEPAVCStringItem@@PBDPAPAV2@@Z 00402056 f   Strings.obj
 0001:00001099       ?Remove@CStringList@@QAE_NPAVCStringItem@@@Z 00402099 f   Strings.obj
 0001:000010c5       ?osAddressInfo@@YA_NIPADHPAH@Z 004020c5 f   DbgSymbolsWin32.obj
 0001:00001159       ?osModuleInfo@@YA_NIPADHPAH@Z 00402159 f   DbgSymbolsWin32.obj
 0001:00001301       ?win32ExceptFilter@@YAHPAU_EXCEPTION_POINTERS@@@Z 00402301 f   ExceptFilterWin32.obj
 0001:000018b9       ?win32ExceptFilter2@@YAHXZ 004028b9 f   ExceptFilterWin32.obj
 0001:000018c5       ?SCR_StopCinematic@@YAXXZ  004028c5 f   cl_cin.obj
 0001:00001959       ?SCR_DrawCinematic@@YA_NXZ 00402959 f   cl_cin.obj
 0001:00001dbc       ?SCR_PlayCinematic@@YAXPAD@Z 00402dbc f   cl_cin.obj
 0001:0000211d       ?CL_Download_f@@YAX_NHPAPAD@Z 0040311d f   cl_download.obj
 0001:000024ce       ?CL_ParseDownload@@YAXXZ   004034ce f   cl_download.obj
 0001:00002cd6       ?CL_Precache_f@@YAXHPAPAD@Z 00403cd6 f   cl_download.obj
 0001:00002d34       ?CL_ParseEntityBits@@YAHPAI@Z 00403d34 f   cl_ents.obj
 0001:00002d96       ?CL_ParseDelta@@YAXPAUentityState_t@@0HH_N@Z 00403d96 f   cl_ents.obj
 0001:00003132       ?CL_DeltaEntity@@YAXPAUframe_t@@HPAUentityState_t@@H@Z 00404132 f   cl_ents.obj
 0001:00003289       ?CL_ParsePacketEntities@@YAXPAUframe_t@@0@Z 00404289 f   cl_ents.obj
 0001:00003491       ?CL_ParsePlayerstate@@YAXPAUframe_t@@0@Z 00404491 f   cl_ents.obj
 0001:00003799       ?CL_FireEntityEvents@@YAXPAUframe_t@@@Z 00404799 f   cl_ents.obj
 0001:000037eb       ?CL_ParseFrame@@YAXXZ      004047eb f   cl_ents.obj
 0001:00003ab9       ?CL_AddEntityBox@@YAXPAUentityState_t@@I@Z 00404ab9 f   cl_ents.obj
 0001:00003ba0       ?CL_OffsetThirdPersonView@@YAXXZ 00404ba0 f   cl_ents.obj
 0001:00003c5a       ?CL_CalcViewValues@@YAXXZ  00404c5a f   cl_ents.obj
 0001:00003f61       ?CL_AddEntities@@YAXXZ     00404f61 f   cl_ents.obj
 0001:00004d00       ?CL_GetEntitySoundOrigin@@YAXHQAM@Z 00405d00 f   cl_ents.obj
 0001:00004d32       ?CL_ClearLightStyles@@YAXXZ 00405d32 f   cl_fx.obj
 0001:00004db4       ?CL_RunLightStyles@@YAXXZ  00405db4 f   cl_fx.obj
 0001:00004e53       ?CL_SetLightstyle@@YAXHPBD@Z 00405e53 f   cl_fx.obj
 0001:00004eb4       ?CL_ClearDlights@@YAXXZ    00405eb4 f   cl_fx.obj
 0001:00004ec5       ?CL_AllocDlight@@YAPAUcdlight_t@@HQAM@Z 00405ec5 f   cl_fx.obj
 0001:00004f2e       ?CL_AddDLights@@YAXXZ      00405f2e f   cl_fx.obj
 0001:00004f8e       ?CL_ClearParticles@@YAXXZ  00405f8e f   cl_fx.obj
 0001:00004ff5       ?CL_AllocParticleTrace@@YAPAUparticleTrace_t@@QAM0MM@Z 00405ff5 f   cl_fx.obj
 0001:00005095       ?CL_AllocParticleBeam@@YAPAUbeam_s@@QAM0MM@Z 00406095 f   cl_fx.obj
 0001:00005108       ?CL_AllocParticle@@YAPAUparticle_s@@XZ 00406108 f   cl_fx.obj
 0001:00005156       ?CL_UpdateParticles@@YAXXZ 00406156 f   cl_fx.obj
 0001:00005748       ?CL_MetalSparks@@YAXQAM0H@Z 00406748 f   cl_fx.obj
 0001:00005835       ?CL_ParseMuzzleFlash@@YAXXZ 00406835 f   cl_fx.obj
 0001:00005bcb       ?CL_ParseMuzzleFlash2@@YAXXZ 00406bcb f   cl_fx.obj
 0001:00006206       ?CL_ParticleEffect@@YAXQAM0HH@Z 00407206 f   cl_fx.obj
 0001:000062d5       ?CL_ParticleEffect2@@YAXQAM0HH@Z 004072d5 f   cl_fx.obj
 0001:000063a0       ?CL_ParticleEffect3@@YAXQAM0HH@Z 004073a0 f   cl_fx.obj
 0001:00006470       ?CL_TeleporterParticles@@YAXPAUentityState_t@@@Z 00407470 f   cl_fx.obj
 0001:00006527       ?CL_LogoutEffect@@YAXQAMH@Z 00407527 f   cl_fx.obj
 0001:00006612       ?CL_ItemRespawnParticles@@YAXQAM@Z 00407612 f   cl_fx.obj
 0001:000066c1       ?CL_ExplosionParticles@@YAXQAM@Z 004076c1 f   cl_fx.obj
 0001:0000676b       ?CL_BigTeleportParticles@@YAXQAM@Z 0040776b f   cl_fx.obj
 0001:000068c2       ?CL_BlasterParticles@@YAXQAM0@Z 004078c2 f   cl_fx.obj
 0001:0000698e       ?CL_BlasterTrail@@YAXQAM0@Z 0040798e f   cl_fx.obj
 0001:00006a81       ?CL_FlagTrail@@YAXQAM0M@Z  00407a81 f   cl_fx.obj
 0001:00006b81       ?CL_DiminishingTrail@@YAXQAM0PAUcentity_t@@H@Z 00407b81 f   cl_fx.obj
 0001:00006de5       ?CL_RocketTrail@@YAXQAM0PAUcentity_t@@@Z 00407de5 f   cl_fx.obj
 0001:00006f12       ?CL_RailTrail@@YAXQAM0@Z   00407f12 f   cl_fx.obj
 0001:00007138       ?CL_RailTrailExt@@YAXQAM0EE@Z 00408138 f   cl_fx.obj
 0001:0000723c       ?CL_IonripperTrail@@YAXQAM0@Z 0040823c f   cl_fx.obj
 0001:0000734f       ?CL_BubbleTrail@@YAXQAM0@Z 0040834f f   cl_fx.obj
 0001:0000746d       ?CL_FlyParticles@@YAXQAMH@Z 0040846d f   cl_fx.obj
 0001:0000760c       ?CL_FlyEffect@@YAXPAUcentity_t@@QAM@Z 0040860c f   cl_fx.obj
 0001:0000768f       ?CL_BfgParticles@@YAXPAUentity_t@@@Z 0040868f f   cl_fx.obj
 0001:00007869       ?CL_TrapParticles@@YAXPAUentity_t@@@Z 00408869 f   cl_fx.obj
 0001:00007aec       ?CL_BFGExplosionParticles@@YAXQAM@Z 00408aec f   cl_fx.obj
 0001:00007b96       ?CL_TeleportParticles@@YAXQAM@Z 00408b96 f   cl_fx.obj
 0001:00007ccf       ?CL_EntityEvent@@YAXPAUentityState_t@@@Z 00408ccf f   cl_fx.obj
 0001:00007eaa       ?CL_ClearEffects@@YAXXZ    00408eaa f   cl_fx.obj
 0001:00007eb9       ?IN_CenterView@@YAXXZ      00408eb9 f   cl_input.obj
 0001:00007eda       ?CL_InitInput@@YAXXZ       00408eda f   cl_input.obj
 0001:00008476       ?CL_SendCmd@@YAXXZ         00409476 f   cl_input.obj
 0001:00008b71       ?CL_WriteDemoMessage@@YAXXZ 00409b71 f   cl_main.obj
 0001:00008bb3       ?Cmd_ForwardToServer@@YAXHPAPAD@Z 00409bb3 f   cl_main.obj
 0001:00008c46       ?CL_ForwardToServer_f@@YAXHPAPAD@Z 00409c46 f   cl_main.obj
 0001:00008c8e       ?CL_Pause@@YAX_N@Z         00409c8e f   cl_main.obj
 0001:00008cd0       ?CL_Quit_f@@YAXXZ          00409cd0 f   cl_main.obj
 0001:00008cda       ?CL_Drop@@YAX_N@Z          00409cda f   cl_main.obj
 0001:00008cfd       ?CL_SendConnectPacket@@YAXXZ 00409cfd f   cl_main.obj
 0001:00008dd4       ?CL_CheckForResend@@YAXXZ  00409dd4 f   cl_main.obj
 0001:00008ed9       ?CL_Connect_f@@YAX_NHPAPAD@Z 00409ed9 f   cl_main.obj
 0001:00008f5c       ?CL_Rcon_f@@YAXHPAPAD@Z    00409f5c f   cl_main.obj
 0001:00009064       ?CL_ClearState@@YAXXZ      0040a064 f   cl_main.obj
 0001:0000909b       ?CL_Disconnect@@YAXXZ      0040a09b f   cl_main.obj
 0001:0000924b       ?CL_Disconnect_f@@YAXXZ    0040a24b f   cl_main.obj
 0001:00009255       ?CL_Changing_f@@YAXXZ      0040a255 f   cl_main.obj
 0001:00009279       ?CL_Reconnect_f@@YAXXZ     0040a279 f   cl_main.obj
 0001:00009315       ?CL_PingServers_f@@YAXXZ   0040a315 f   cl_main.obj
 0001:00009480       ?CL_Skins_f@@YAXXZ         0040a480 f   cl_main.obj
 0001:00009753       ?CL_ConnectionlessPacket@@YAXXZ 0040a753 f   cl_main.obj
 0001:00009852       ?CL_ReadPackets@@YAXXZ     0040a852 f   cl_main.obj
 0001:00009997       ?CL_FixUpGender@@YAXXZ     0040a997 f   cl_main.obj
 0001:00009a49       ?CL_Userinfo_f@@YAXXZ      0040aa49 f   cl_main.obj
 0001:00009a61       ?CL_RegisterSounds@@YAXXZ  0040aa61 f   cl_main.obj
 0001:00009aa0       ?CL_Snd_Restart_f@@YAXXZ   0040aaa0 f   cl_main.obj
 0001:00009aaf       ?CL_WriteConfiguration@@YAXPAD@Z 0040aaaf f   cl_main.obj
 0001:00009b6a       ?CL_WriteConfig_f@@YAX_NHPAPAD@Z 0040ab6a f   cl_main.obj
 0001:00009bc9       ?CL_FixCvarCheats@@YAXXZ   0040abc9 f   cl_main.obj
 0001:00009c23       ?CL_Frame@@YAXMH@Z         0040ac23 f   cl_main.obj
 0001:00009e07       ?CL_Init@@YAXXZ            0040ae07 f   cl_main.obj
 0001:0000a2c8       ?CL_Shutdown@@YAX_N@Z      0040b2c8 f   cl_main.obj
 0001:0000a311       ?CL_Flashlight@@YAXHQAM@Z  0040b311 f   cl_newfx.obj
 0001:0000a34b       ?CL_ColorFlash@@YAXQAMHHMMM@Z 0040b34b f   cl_newfx.obj
 0001:0000a387       ?CL_DebugTrail@@YAXQAM0@Z  0040b387 f   cl_newfx.obj
 0001:0000a467       ?CL_ForceWall@@YAXQAM0H@Z  0040b467 f   cl_newfx.obj
 0001:0000a58e       ?CL_BubbleTrail2@@YAXQAM0H@Z 0040b58e f   cl_newfx.obj
 0001:0000a6b8       ?CL_Heatbeam@@YAXQAM0@Z    0040b6b8 f   cl_newfx.obj
 0001:0000a969       ?CL_ParticleSteamEffect@@YAXQAM0HHH@Z 0040b969 f   cl_newfx.obj
 0001:0000aa93       ?CL_ParticleSteamEffect2@@YAXPAUcl_sustain_s@@@Z 0040ba93 f   cl_newfx.obj
 0001:0000abca       ?CL_TrackerTrail@@YAXQAM0H@Z 0040bbca f   cl_newfx.obj
 0001:0000ad1a       ?CL_Tracker_Shell@@YAXQAM@Z 0040bd1a f   cl_newfx.obj
 0001:0000ada3       ?CL_MonsterPlasma_Shell@@YAXQAM@Z 0040bda3 f   cl_newfx.obj
 0001:0000ae29       ?CL_Widowbeamout@@YAXPAUcl_sustain_s@@@Z 0040be29 f   cl_newfx.obj
 0001:0000aee5       ?CL_Nukeblast@@YAXPAUcl_sustain_s@@@Z 0040bee5 f   cl_newfx.obj
 0001:0000afa1       ?CL_WidowSplash@@YAXQAM@Z  0040bfa1 f   cl_newfx.obj
 0001:0000b069       ?CL_TagTrail@@YAXQAM0M@Z   0040c069 f   cl_newfx.obj
 0001:0000b169       ?CL_ColorExplosionParticles@@YAXQAMHH@Z 0040c169 f   cl_newfx.obj
 0001:0000b216       ?CL_ParticleSmokeEffect@@YAXQAM0HHH@Z 0040c216 f   cl_newfx.obj
 0001:0000b33e       ?CL_BlasterParticles2@@YAXQAM0I@Z 0040c33e f   cl_newfx.obj
 0001:0000b40b       ?CL_BlasterTrail2@@YAXQAM0@Z 0040c40b f   cl_newfx.obj
 0001:0000b4fe       ?CL_LoadClientinfo@@YAXPAUclientinfo_t@@PAD@Z 0040c4fe f   cl_parse.obj
 0001:0000b7e5       ?CL_ParseClientinfo@@YAXH@Z 0040c7e5 f   cl_parse.obj
 0001:0000b809       ?CL_ParseServerMessage@@YAXXZ 0040c809 f   cl_parse.obj
 0001:0000bfc9       ?CL_CheckPredictionError@@YAXXZ 0040cfc9 f   cl_pred.obj
 0001:0000c169       ?CL_EntityTrace@@YAXPAUtrace_t@@QAM111H@Z 0040d169 f   cl_pred.obj
 0001:0000c523       ?CL_Trace@@YAXPAUtrace_t@@QAM111H@Z 0040d523 f   cl_pred.obj
 0001:0000c5a5       ?CL_PMpointcontents@@YAHQAM@Z 0040d5a5 f   cl_pred.obj
 0001:0000c72f       ?CL_PredictMovement@@YAXXZ 0040d72f f   cl_pred.obj
 0001:0000cad1       ?DrawString@@YAXHHPBD@Z    0040dad1 f   cl_scrn.obj
 0001:0000cb16       ?SCR_DebugGraph@@YAXMH@Z   0040db16 f   cl_scrn.obj
 0001:0000cb3e       ?SCR_CenterPrint@@YAXPAD@Z 0040db3e f   cl_scrn.obj
 0001:0000cc42       ?Key_Message@@YAXH@Z       0040dc42 f   cl_scrn.obj
 0001:0000ccde       ?SCR_SetLevelshot@@YAXPAD@Z 0040dcde f   cl_scrn.obj
 0001:0000cdc2       ?SCR_BeginLoadingPlaque@@YAXXZ 0040ddc2 f   cl_scrn.obj
 0001:0000ce47       ?SCR_EndLoadingPlaque@@YAX_N@Z 0040de47 f   cl_scrn.obj
 0001:0000cecc       ?SCR_ShowConsole@@YAX_N0@Z 0040decc f   cl_scrn.obj
 0001:0000cfa5       ?SCR_ToggleConsole@@YAXXZ  0040dfa5 f   cl_scrn.obj
 0001:0000cfcd       ?SCR_TouchPics@@YAXXZ      0040dfcd f   cl_scrn.obj
 0001:0000d03d       ?SCR_UpdateScreen@@YAXXZ   0040e03d f   cl_scrn.obj
 0001:0000e391       ?SCR_Init@@YAXXZ           0040f391 f   cl_scrn.obj
 0001:0000e671       ?CL_RegisterTEntSounds@@YAXXZ 0040f671 f   cl_tent.obj
 0001:0000e8b6       ?CL_RegisterTEntModels@@YAXXZ 0040f8b6 f   cl_tent.obj
 0001:0000e9ee       ?CL_ClearTEnts@@YAXXZ      0040f9ee f   cl_tent.obj
 0001:0000ea22       ?CL_AllocExplosion@@YAPAUexplosion_t@@QAMW4exptype_t@@@Z 0040fa22 f   cl_tent.obj
 0001:0000eabe       ?CL_AddExplosions@@YAXXZ   0040fabe f   cl_tent.obj
 0001:0000ec58       ?CL_SmokeAndFlash@@YAXQAM@Z 0040fc58 f   cl_tent.obj
 0001:0000eca0       ?CL_ParseBeam@@YAHPAUmodel_s@@@Z 0040fca0 f   cl_tent.obj
 0001:0000ed7f       ?CL_ParseBeam2@@YAHPAUmodel_s@@@Z 0040fd7f f   cl_tent.obj
 0001:0000ee56       ?CL_ParsePlayerBeam@@YAHPAUmodel_s@@@Z 0040fe56 f   cl_tent.obj
 0001:0000ef64       ?CL_ParseLightning@@YAHPAUmodel_s@@@Z 0040ff64 f   cl_tent.obj
 0001:0000f030       ?CL_ParseLaser@@YAXI@Z     00410030 f   cl_tent.obj
 0001:0000f0ac       ?CL_ParseSteam@@YAXXZ      004100ac f   cl_tent.obj
 0001:0000f1bd       ?CL_ParseWidow@@YAXXZ      004101bd f   cl_tent.obj
 0001:0000f229       ?CL_ParseNuke@@YAXXZ       00410229 f   cl_tent.obj
 0001:0000f293       ?CL_ParseTEnt@@YAXXZ       00410293 f   cl_tent.obj
 0001:000100ae       ?CL_AddBeams@@YAXXZ        004110ae f   cl_tent.obj
 0001:000103ea       ?CL_AddPlayerBeams@@YAXXZ  004113ea f   cl_tent.obj
 0001:00010ada       ?CL_ProcessSustain@@YAXXZ  00411ada f   cl_tent.obj
 0001:00010b1b       ?CL_AddTEnts@@YAXXZ        00411b1b f   cl_tent.obj
 0001:00010b2f       ?V_AddEntity@@YAXPAUentity_t@@@Z 00411b2f f   cl_view.obj
 0001:00010b5e       ?V_AddLight@@YAXQAMMMMM@Z  00411b5e f   cl_view.obj
 0001:00010ba3       ?V_TestParticles@@YAXXZ    00411ba3 f   cl_view.obj
 0001:00010c61       ?V_TestEntities@@YAXXZ     00411c61 f   cl_view.obj
 0001:00010cf7       ?V_TestLights@@YAXXZ       00411cf7 f   cl_view.obj
 0001:00010dc5       ?CL_PrepRefresh@@YAXXZ     00411dc5 f   cl_view.obj
 0001:0001108a       ?CalcFov@@YAMMMM@Z         0041208a f   cl_view.obj
 0001:000110fe       ?V_RenderView@@YA_NM@Z     004120fe f   cl_view.obj
 0001:00011db3       ?V_Init@@YAXXZ             00412db3 f   cl_view.obj
 0001:00011e63       ?Con_ClearNotify@@YAXXZ    00412e63 f   console.obj
 0001:00011e72       ?Con_CheckResize@@YAXXZ    00412e72 f   console.obj
 0001:00011f99       ?Con_Print@@YAXPBD@Z       00412f99 f   console.obj
 0001:00012291       ?Con_DrawNotify@@YAX_N@Z   00413291 f   console.obj
 0001:000123ab       ?Con_DrawConsole@@YAXM@Z   004133ab f   console.obj
 0001:00012785       ?Con_ClearTyping@@YAXXZ    00413785 f   console.obj
 0001:0001279e       ?Key_Console@@YAXHH@Z      0041379e f   console.obj
 0001:00012be6       ?Con_Init@@YAXXZ           00413be6 f   console.obj
 0001:00012d62       ?Key_KeynumToString@@YAPBDH@Z 00413d62 f   keys.obj
 0001:00012e12       ?CompleteCommand@@YAXXZ    00413e12 f   keys.obj
 0001:0001375f       ?Key_SetBinding@@YAXHPBD@Z 0041475f f   keys.obj
 0001:0001379d       ?Key_FindBinding@@YAHPBDPAHH@Z 0041479d f   keys.obj
 0001:000137eb       ?Key_WriteBindings@@YAXPAU_iobuf@@@Z 004147eb f   keys.obj
 0001:00013833       ?Key_Init@@YAXXZ           00414833 f   keys.obj
 0001:00013b17       ?Key_Event@@YAXH_NI@Z      00414b17 f   keys.obj
 0001:00013e65       ?Key_ClearStates@@YAXXZ    00414e65 f   keys.obj
 0001:00013e9c       ?M_PushMenu@@YAXP6AXXZP6APBDH@Z@Z 00414e9c f   menu.obj
 0001:00013f2b       ?M_ForceMenuOff@@YAXXZ     00414f2b f   menu.obj
 0001:00013f54       ?M_ForceMenuOn@@YAXXZ      00414f54 f   menu.obj
 0001:00013f6d       ?M_PopMenu@@YAXXZ          00414f6d f   menu.obj
 0001:00013fb9       ?Default_MenuKey@@YAPBDPAUmenuFramework_s@@H@Z 00414fb9 f   menu.obj
 0001:000140d9       ?M_DrawCharacter@@YAXHHH@Z 004150d9 f   menu.obj
 0001:0001410b       ?M_Print@@YAXHHPAD@Z       0041510b f   menu.obj
 0001:00014151       ?M_DrawCursor@@YAXHHH@Z    00415151 f   menu.obj
 0001:00014176       ?M_DrawTextBox@@YAXHHHH@Z  00415176 f   menu.obj
 0001:00014248       ?M_Main_Draw@@YAXXZ        00415248 f   menu.obj
 0001:000143bc       ?M_Main_Key@@YAPBDH@Z      004153bc f   menu.obj
 0001:0001449a       ?M_Menu_Main_f@@YAXXZ      0041549a f   menu.obj
 0001:000144bb       ?M_Menu_Multiplayer_f@@YAXXZ 004154bb f   menu.obj
 0001:00014693       ?M_Menu_Keys_f@@YAXXZ      00415693 f   menu.obj
 0001:00014aef       ?M_Menu_Options_f@@YAXXZ   00415aef f   menu.obj
 0001:00015404       ?M_Menu_Video_f@@YAXXZ     00416404 f   menu.obj
 0001:00015425       ?M_Menu_Credits_f@@YAXXZ   00416425 f   menu.obj
 0001:000155d2       ?M_Menu_Game_f@@YAXXZ      004165d2 f   menu.obj
 0001:00015845       ?M_Menu_LoadGame_f@@YAXXZ  00416845 f   menu.obj
 0001:00015b13       ?M_Menu_SaveGame_f@@YAXXZ  00416b13 f   menu.obj
 0001:00015c73       ?M_AddToServerList@@YAXUnetadr_t@@PAD@Z 00416c73 f   menu.obj
 0001:00015ce6       ?M_Menu_JoinServer_f@@YAXXZ 00416ce6 f   menu.obj
 0001:00015f4a       ?M_Menu_StartServer_f@@YAXXZ 00416f4a f   menu.obj
 0001:00016774       ?M_Menu_DMOptions_f@@YAXXZ 00417774 f   menu.obj
 0001:00016f15       ?M_Menu_DownloadOptions_f@@YAXXZ 00417f15 f   menu.obj
 0001:00017197       ?M_Menu_AddressBook_f@@YAXXZ 00418197 f   menu.obj
 0001:00018569       ?M_Init@@YAXXZ             00419569 f   menu.obj
 0001:00018687       ?M_Draw@@YAXXZ             00419687 f   menu.obj
 0001:000186d8       ?M_Keydown@@YAXH@Z         004196d8 f   menu.obj
 0001:000186f4       ?Menu_ItemAtCursor@@YAPAUmenuCommon_s@@PAUmenuFramework_s@@@Z 004196f4 f   qmenu.obj
 0001:00018744       ?Field_Key@@YA_NPAUmenuField_t@@H@Z 00419744 f   qmenu.obj
 0001:000188f1       ?Menu_AddItem@@YAXPAUmenuFramework_s@@PAX@Z 004198f1 f   qmenu.obj
 0001:000189ac       ?Menu_AdjustCursor@@YAXPAUmenuFramework_s@@H@Z 004199ac f   qmenu.obj
 0001:00018af7       ?Menu_Center@@YAXPAUmenuFramework_s@@@Z 00419af7 f   qmenu.obj
 0001:00018b37       ?Menu_Draw@@YAXPAUmenuFramework_s@@@Z 00419b37 f   qmenu.obj
 0001:00019086       ?Menu_SelectItem@@YA_NPAUmenuFramework_s@@@Z 0041a086 f   qmenu.obj
 0001:000190d9       ?Menu_SetStatusBar@@YAXPAUmenuFramework_s@@PBD@Z 0041a0d9 f   qmenu.obj
 0001:000190e5       ?Menu_SlideItem@@YAXPAUmenuFramework_s@@H@Z 0041a0e5 f   qmenu.obj
 0001:000195e0       ?InitRendererVars@@YAXXZ   0041a5e0 f   ref_vars.obj
 0001:000195ff       ?S_SoundInfo_f@@YAXXZ      0041a5ff f   snd_dma.obj
 0001:00019689       ?S_ReadModelsSex@@YAXXZ    0041a689 f   snd_dma.obj
 0001:0001976e       ?S_IsFemale@@YA_NPAD@Z     0041a76e f   snd_dma.obj
 0001:000197c2       ?S_Init@@YAXXZ             0041a7c2 f   snd_dma.obj
 0001:00019898       ?S_Shutdown@@YAXXZ         0041a898 f   snd_dma.obj
 0001:0001992b       ?S_AliasName@@YAPAUsfx_s@@PAD0@Z 0041a92b f   snd_dma.obj
 0001:000199f1       ?S_BeginRegistration@@YAXXZ 0041a9f1 f   snd_dma.obj
 0001:000199ff       ?S_RegisterSound@@YAPAUsfx_s@@PBD@Z 0041a9ff f   snd_dma.obj
 0001:00019b98       ?S_EndRegistration@@YAXXZ  0041ab98 f   snd_dma.obj
 0001:00019c30       ?S_PickChannel@@YAPAUchannel_t@@HH@Z 0041ac30 f   snd_dma.obj
 0001:00019cbd       ?S_SpatializeOrigin@@YAXQAMMMPAH1@Z 0041acbd f   snd_dma.obj
 0001:00019de4       ?S_Spatialize@@YAXPAUchannel_t@@@Z 0041ade4 f   snd_dma.obj
 0001:00019e55       ?S_AllocPlaysound@@YAPAUplaysound_s@@XZ 0041ae55 f   snd_dma.obj
 0001:00019e77       ?S_FreePlaysound@@YAXPAUplaysound_s@@@Z 0041ae77 f   snd_dma.obj
 0001:00019ea7       ?S_IssuePlaysound@@YAXPAUplaysound_s@@@Z 0041aea7 f   snd_dma.obj
 0001:00019f74       ?S_StartSound@@YAXQAMHHPAUsfx_s@@MMM@Z 0041af74 f   snd_dma.obj
 0001:0001a21d       ?S_StartLocalSound@@YAXPBD@Z 0041b21d f   snd_dma.obj
 0001:0001a26c       ?S_ClearBuffer@@YAXXZ      0041b26c f   snd_dma.obj
 0001:0001a2d5       ?S_StopAllSounds_f@@YAXXZ  0041b2d5 f   snd_dma.obj
 0001:0001a345       ?S_AddLoopSounds@@YAXXZ    0041b345 f   snd_dma.obj
 0001:0001a51b       ?S_RawSamples@@YAXHHHHPAE@Z 0041b51b f   snd_dma.obj
 0001:0001a71f       ?S_Update@@YAXQAM000@Z     0041b71f f   snd_dma.obj
 0001:0001a819       ?GetSoundtime@@YAXXZ       0041b819 f   snd_dma.obj
 0001:0001a880       ?S_Update_@@YAXXZ          0041b880 f   snd_dma.obj
 0001:0001ab33       ?ResampleSfx@@YAXPAUsfx_s@@HHPAE@Z 0041bb33 f   snd_mem.obj
 0001:0001ac4e       ?S_LoadSound@@YAPAUsfxcache_t@@PAUsfx_s@@@Z 0041bc4e f   snd_mem.obj
 0001:0001ad86       ?GetWavinfo@@YA?AUwavinfo_t@@PADPAEH@Z 0041bd86 f   snd_mem.obj
 0001:0001afc8       ?S_WriteLinearBlastStereo16@@YAXXZ 0041bfc8 f   snd_mix.obj
 0001:0001b03c       ?S_TransferStereo16@@YAXPAKH@Z 0041c03c f   snd_mix.obj
 0001:0001b0a5       ?S_TransferPaintBuffer@@YAXH@Z 0041c0a5 f   snd_mix.obj
 0001:0001b201       ?S_PaintChannels@@YAXH@Z   0041c201 f   snd_mix.obj
 0001:0001b49d       ?S_InitScaletable@@YAXXZ   0041c49d f   snd_mix.obj
 0001:0001b65e       ?SV_WipeSavegame@@YAXPAD@Z 0041c65e f   sv_ccmds.obj
 0001:0001b68c       ?SV_CopySaveGame@@YAXPAD0@Z 0041c68c f   sv_ccmds.obj
 0001:0001b6e1       ?SV_WriteLevelFile@@YAXXZ  0041c6e1 f   sv_ccmds.obj
 0001:0001b78f       ?SV_ReadLevelFile@@YAXXZ   0041c78f f   sv_ccmds.obj
 0001:0001b83d       ?SV_WriteServerFile@@YAX_NPAD@Z 0041c83d f   sv_ccmds.obj
 0001:0001ba7a       ?SV_ReadServerFile@@YAXXZ  0041ca7a f   sv_ccmds.obj
 0001:0001bb9f       ?SV_AddressBanned@@YA_NPAUnetadr_t@@@Z 0041cb9f f   sv_ccmds.obj
 0001:0001bbe0       ?SV_InitOperatorCommands@@YAXXZ 0041cbe0 f   sv_ccmds.obj
 0001:0001cbef       ?SV_WritePlayerstateToClient@@YAXPAUclient_frame_t@@0PAUsizebuf_s@@@Z 0041dbef f   sv_ents.obj
 0001:0001d10b       ?SV_WriteFrameToClient@@YAXPAUclient_s@@PAUsizebuf_s@@@Z 0041e10b f   sv_ents.obj
 0001:0001d333       ?SV_FatPVS@@YAXQAM@Z       0041e333 f   sv_ents.obj
 0001:0001d451       ?SV_BuildClientFrame@@YAXPAUclient_s@@@Z 0041e451 f   sv_ents.obj
 0001:0001d766       ?SV_RecordDemoMessage@@YAXXZ 0041e766 f   sv_ents.obj
 0001:0001e2e2       ?SV_InitGameLibrary@@YAX_N@Z 0041f2e2 f   sv_game.obj
 0001:0001e428       ?SV_ShutdownGameLibrary@@YAXXZ 0041f428 f   sv_game.obj
 0001:0001e585       ?SV_FindIndex@@YAHPADHH_N@Z 0041f585 f   sv_init.obj
 0001:0001e68a       ?SV_ModelIndex@@YAHPAD@Z   0041f68a f   sv_init.obj
 0001:0001e6a0       ?SV_SoundIndex@@YAHPAD@Z   0041f6a0 f   sv_init.obj
 0001:0001e6b9       ?SV_ImageIndex@@YAHPAD@Z   0041f6b9 f   sv_init.obj
 0001:0001e6d2       ?SV_CreateBaseline@@YAXXZ  0041f6d2 f   sv_init.obj
 0001:0001e730       ?SV_CheckForSavegame@@YAXXZ 0041f730 f   sv_init.obj
 0001:0001e7b8       ?SV_SpawnServer@@YAXPAD0W4server_state_t@@_N2@Z 0041f7b8 f   sv_init.obj
 0001:0001ea87       ?SV_InitGame@@YAXXZ        0041fa87 f   sv_init.obj
 0001:0001ecc5       ?SV_Map@@YAX_NPAD0@Z       0041fcc5 f   sv_init.obj
 0001:0001ee8e       ?SV_DropClient@@YAXPAUclient_s@@PAD@Z 0041fe8e f   sv_main.obj
 0001:0001ef3f       ?SV_StatusString@@YAPADXZ  0041ff3f f   sv_main.obj
 0001:0001f776       ?SV_ConnectionlessPacket@@YAXXZ 00420776 f   sv_main.obj
 0001:0001f841       ?SV_CalcPings@@YAXXZ       00420841 f   sv_main.obj
 0001:0001f8c8       ?SV_GiveMsec@@YAXXZ        004208c8 f   sv_main.obj
 0001:0001f907       ?SV_ReadPackets@@YAXXZ     00420907 f   sv_main.obj
 0001:0001fa51       ?SV_CheckTimeouts@@YAXXZ   00420a51 f   sv_main.obj
 0001:0001fb62       ?SV_PostprocessFrame@@YAXXZ 00420b62 f   sv_main.obj
 0001:00020039       ?SV_MulticastHook@@YAPAUsizebuf_s@@PAU1@0@Z 00421039 f   sv_main.obj
 0001:0002042d       ?SV_TraceHook@@YA?AUtrace_t@@QAM000PAUedict_s@@H@Z 0042142d f   sv_main.obj
 0001:000205a8       ?SV_Frame@@YAXM@Z          004215a8 f   sv_main.obj
 0001:00020862       ?SV_UserinfoChanged@@YAXPAUclient_s@@@Z 00421862 f   sv_main.obj
 0001:00020926       ?SV_Init@@YAXXZ            00421926 f   sv_main.obj
 0001:0002099d       ?SV_Shutdown@@YAXPAD_N@Z   0042199d f   sv_main.obj
 0001:00020b9a       ?SV_BeginRedirect@@YAXXZ   00421b9a f   sv_send.obj
 0001:00020c44       ?SV_ClientPrintf@@YAXPAUclient_s@@HPADZZ 00421c44 f   sv_send.obj
 0001:00020c9f       ?SV_BroadcastPrintf@@YAXHPADZZ 00421c9f f   sv_send.obj
 0001:00020d75       ?SV_BroadcastCommand@@YAXPADZZ 00421d75 f   sv_send.obj
 0001:00020dca       ?SV_Multicast@@YAXQAMW4multicast_t@@_N@Z 00421dca f   sv_send.obj
 0001:0002100d       ?SV_MulticastOld@@YAXQAMW4multicast_t@@@Z 0042200d f   sv_send.obj
 0001:00021020       ?SV_MulticastNew@@YAXQAMW4multicast_t@@@Z 00422020 f   sv_send.obj
 0001:00021033       ?SV_StartSound@@YAXQAMPAUedict_s@@HHMMM_N@Z 00422033 f   sv_send.obj
 0001:000212fb       ?SV_StartSoundOld@@YAXQAMPAUedict_s@@HHMMM@Z 004222fb f   sv_send.obj
 0001:0002132b       ?SV_StartSoundNew@@YAXQAMPAUedict_s@@HHMMM@Z 0042232b f   sv_send.obj
 0001:0002135b       ?SV_SendClientDatagram@@YA_NPAUclient_s@@@Z 0042235b f   sv_send.obj
 0001:0002142e       ?SV_DemoCompleted@@YAXXZ   0042242e f   sv_send.obj
 0001:0002144a       ?SV_RateDrop@@YA_NPAUclient_s@@@Z 0042244a f   sv_send.obj
 0001:00021494       ?SV_SendClientMessages@@YAXXZ 00422494 f   sv_send.obj
 0001:000215e2       ?SV_TokenizeString@@YAXPBD@Z 004225e2 f   sv_tokenize.obj
 0001:000216b9       ?SV_Argc@@YAHXZ            004226b9 f   sv_tokenize.obj
 0001:000216bf       ?SV_Argv@@YAPADH@Z         004226bf f   sv_tokenize.obj
 0001:000216d9       ?SV_Args@@YAPADXZ          004226d9 f   sv_tokenize.obj
 0001:00021f2a       ?SV_Nextserver@@YAXXZ      00422f2a f   sv_user.obj
 0001:00021fb9       ?SV_ExecuteUserCommand@@YAXPAD@Z 00422fb9 f   sv_user.obj
 0001:0002207b       ?SV_ClientThink@@YAXPAUclient_s@@PAUusercmd_t@@@Z 0042307b f   sv_user.obj
 0001:000220be       ?SV_ExecuteClientMessage@@YAXPAUclient_s@@@Z 004230be f   sv_user.obj
 0001:000222dc       ?SV_ClearWorld@@YAXXZ      004232dc f   sv_world.obj
 0001:00022434       ?SV_UnlinkEdict@@YAXPAUedict_s@@@Z 00423434 f   sv_world.obj
 0001:000224f7       ?SV_LinkEdict@@YAXPAUedict_s@@@Z 004234f7 f   sv_world.obj
 0001:00022b4f       ?SV_AreaEdicts@@YAHQAM0PAPAUedict_s@@HH@Z 00423b4f f   sv_world.obj
 0001:00022d00       ?SV_PointContents@@YAHQAM@Z 00423d00 f   sv_world.obj
 0001:00022e26       ?SV_ClipMoveToEntities@@YAXPAUtrace_t@@QAM111PAUedict_s@@H@Z 00423e26 f   sv_world.obj
 0001:00023205       ?SV_Trace@@YAXPAUtrace_t@@QAM111PAUedict_s@@H@Z 00424205 f   sv_world.obj
 0001:000232d9       ?Cbuf_Init@@YAXXZ          004242d9 f   cmd.obj
 0001:000232f1       ?Cbuf_AddText@@YAXPAD@Z    004242f1 f   cmd.obj
 0001:00023356       ?Cbuf_InsertText@@YAXPAD@Z 00424356 f   cmd.obj
 0001:000233bd       ?Cbuf_CopyToDefer@@YAXXZ   004243bd f   cmd.obj
 0001:00023405       ?Cbuf_InsertFromDefer@@YAXXZ 00424405 f   cmd.obj
 0001:0002342e       ?Cbuf_Execute@@YAXXZ       0042442e f   cmd.obj
 0001:00023530       ?Cmd_Unalias_f@@YAX_NHPAPAD@Z 00424530 f   cmd.obj
 0001:0002359d       ?Cmd_WriteAliases@@YAXPAU_iobuf@@@Z 0042459d f   cmd.obj
 0001:000235ce       ?RegisterCommand@@YA_NPBDP6AXXZH@Z 004245ce f   cmd.obj
 0001:00023687       ?UnregisterCommand@@YA_NPBD@Z 00424687 f   cmd.obj
 0001:00023718       ?Cmd_ExecuteString@@YA_NPBD@Z 00424718 f   cmd.obj
 0001:00023b88       ?ExecuteCommand@@YA_NPBDPBUCSimpleCommand@@H@Z 00424b88 f   cmd.obj
 0001:00023c4f       ?Cmd_Init@@YAXXZ           00424c4f f   cmd.obj
 0001:00023f80       ?CMod_GetSurfMaterial@@YA?AW4material_t@@PAD@Z 00424f80 f   cmodel.obj
 0001:00023fdd       ?CM_LoadMap@@YAPAUcmodel_t@@PAD_NPAI@Z 00424fdd f   cmodel.obj
 0001:00024635       ?PlaneTypeForNormal@@YAHQBM@Z 00425635 f i cmodel.obj
 0001:000247d9       ?CM_InlineModel@@YAPAUcmodel_t@@PAD@Z 004257d9 f   cmodel.obj
 0001:0002481a       ?CM_NumClusters@@YAHXZ     0042581a f   cmodel.obj
 0001:00024820       ?CM_NumInlineModels@@YAHXZ 00425820 f   cmodel.obj
 0001:00024826       ?CM_EntityString@@YAPADXZ  00425826 f   cmodel.obj
 0001:0002482c       ?CM_LeafContents@@YAHH@Z   0042582c f   cmodel.obj
 0001:00024850       ?CM_LeafCluster@@YAHH@Z    00425850 f   cmodel.obj
 0001:000248c2       ?CM_LeafArea@@YAHH@Z       004258c2 f   cmodel.obj
 0001:000248e7       ?CM_InitBoxHull@@YAXXZ     004258e7 f   cmodel.obj
 0001:00024a77       ?CM_HeadnodeForBox@@YAHQAM0@Z 00425a77 f   cmodel.obj
 0001:00024b2c       ?CM_PointLeafnum@@YAHQAMH@Z 00425b2c f   cmodel.obj
 0001:00024bcc       ?DISTANCE_TO_PLANE@@YAMQBMPBUcplane_t@@@Z 00425bcc f i cmodel.obj
 0001:00024c14       ?CM_PointContents@@YAHQAMH@Z 00425c14 f   cmodel.obj
 0001:00024c86       ?CM_TransformedPointContents@@YAHQAMH00@Z 00425c86 f   cmodel.obj
 0001:00024dbc       ?CM_TransformedPointContents2@@YAHQAMH0PAY02M@Z 00425dbc f   cmodel.obj
 0001:00024eaa       ?CM_BoxLeafnums@@YAHQAM0PAHH1H@Z 00425eaa f   cmodel.obj
 0001:00024fbc       ?BOX_ON_PLANE_SIDE@@YAHQBM0PBUcplane_t@@@Z 00425fbc f i cmodel.obj
 0001:00025041       ?CM_BoxTrace@@YAXPAUtrace_t@@QBM111HH@Z 00426041 f   cmodel.obj
 0001:00025a5a       ?CM_TransformedBoxTrace@@YAXPAUtrace_t@@QBM111HH11@Z 00426a5a f   cmodel.obj
 0001:00025d2a       ?CM_TransformedBoxTrace2@@YAXPAUtrace_t@@QBM111HH1PAY02$$CBM@Z 00426d2a f   cmodel.obj
 0001:00025f3f       ?CM_BrushTrace@@YAHQBM0PAHH@Z 00426f3f f   cmodel.obj
 0001:0002635d       ?CM_RefineBrushTrace@@YAHQBM0PAHH@Z 0042735d f   cmodel.obj
 0001:00026402       ?CM_ClusterPVS@@YAPAEH@Z   00427402 f   cmodel.obj
 0001:00026546       ?CM_ClusterPHS@@YAPAEH@Z   00427546 f   cmodel.obj
 0001:000265e9       ?FloodAreaConnections@@YAXXZ 004275e9 f   cmodel.obj
 0001:000266a2       ?CM_SetAreaPortalState@@YAXH_N@Z 004276a2 f   cmodel.obj
 0001:000266c7       ?CM_AreasConnected@@YA_NHH@Z 004276c7 f   cmodel.obj
 0001:0002670b       ?CM_WriteAreaBits@@YAHPAEH@Z 0042770b f   cmodel.obj
 0001:000267a5       ?CM_WritePortalState@@YAXPAU_iobuf@@@Z 004277a5 f   cmodel.obj
 0001:000267bf       ?CM_ReadPortalState@@YAXPAU_iobuf@@@Z 004277bf f   cmodel.obj
 0001:000267dd       ?CM_HeadnodeVisible@@YA_NHPAE@Z 004277dd f   cmodel.obj
 0001:000268b2       ?Com_BeginRedirect@@YAXPADHP6AX0@Z@Z 004278b2 f   common.obj
 0001:000268df       ?Com_EndRedirect@@YAXXZ    004278df f   common.obj
 0001:000268fe       ?Com_Printf@@YAXPBDZZ      004278fe f   common.obj
 0001:00026b0b       ?Com_DPrintf@@YAXPBDZZ     00427b0b f   common.obj
 0001:00026b84       ?DebugPrintf@@YAXPBDZZ     00427b84 f   common.obj
 0001:00026c2e       ?Com_WPrintf@@YAXPBDZZ     00427c2e f   common.obj
 0001:00026c88       ?Com_Quit@@YAXXZ           00427c88 f   common.obj
 0001:00026ca8       ?IPWildcard@@YA_NPAUnetadr_t@@PAD@Z 00427ca8 f   common.obj
 0001:00026d82       ?Com_ServerState@@YA?AW4server_state_t@@XZ 00427d82 f   common.obj
 0001:00026d88       ?Com_SetServerState@@YAXW4server_state_t@@@Z 00427d88 f   common.obj
 0001:00026d92       ?frand@@YAMXZ              00427d92 f   common.obj
 0001:00026daa       ?crand@@YAMXZ              00427daa f   common.obj
 0001:00026dc8       ?MSG_WriteChar@@YAXPAUsizebuf_s@@H@Z 00427dc8 f   common.obj
 0001:00026dc8       ?MSG_WriteByte@@YAXPAUsizebuf_s@@H@Z 00427dc8 f   common.obj
 0001:00026ddc       ?MSG_WriteShort@@YAXPAUsizebuf_s@@H@Z 00427ddc f   common.obj
 0001:00026df6       ?MSG_WriteLong@@YAXPAUsizebuf_s@@H@Z 00427df6 f   common.obj
 0001:00026e20       ?MSG_WriteFloat@@YAXPAUsizebuf_s@@M@Z 00427e20 f   common.obj
 0001:00026e3c       ?MSG_WriteString@@YAXPAUsizebuf_s@@PAD@Z 00427e3c f   common.obj
 0001:00026e73       ?MSG_WriteCoord@@YAXPAUsizebuf_s@@M@Z 00427e73 f   common.obj
 0001:00026e98       ?MSG_WritePos@@YAXPAUsizebuf_s@@QAM@Z 00427e98 f   common.obj
 0001:00026efc       ?MSG_WriteAngle@@YAXPAUsizebuf_s@@M@Z 00427efc f   common.obj
 0001:00026f27       ?MSG_WriteAngle16@@YAXPAUsizebuf_s@@M@Z 00427f27 f   common.obj
 0001:00026f52       ?MSG_WriteDeltaUsercmd@@YAXPAUsizebuf_s@@PAUusercmd_t@@1@Z 00427f52 f   common.obj
 0001:0002707c       ?MSG_WriteDir@@YAXPAUsizebuf_s@@QAM@Z 0042807c f   common.obj
 0001:000270e3       ?MSG_ReadDir@@YAXPAUsizebuf_s@@QAM@Z 004280e3 f   common.obj
 0001:00027114       ?MSG_WriteDeltaEntity@@YAXPAUentity_state_t@@0PAUsizebuf_s@@_N2@Z 00428114 f   common.obj
 0001:0002755c       ?MSG_BeginReading@@YAXPAUsizebuf_s@@@Z 0042855c f   common.obj
 0001:00027565       ?MSG_ReadChar@@YAHPAUsizebuf_s@@@Z 00428565 f   common.obj
 0001:00027586       ?MSG_ReadByte@@YAHPAUsizebuf_s@@@Z 00428586 f   common.obj
 0001:000275a7       ?MSG_ReadShort@@YAHPAUsizebuf_s@@@Z 004285a7 f   common.obj
 0001:000275d7       ?MSG_ReadLong@@YAHPAUsizebuf_s@@@Z 004285d7 f   common.obj
 0001:00027616       ?MSG_ReadString@@YAPADPAUsizebuf_s@@@Z 00428616 f   common.obj
 0001:00027649       ?MSG_ReadCoord@@YAMPAUsizebuf_s@@@Z 00428649 f   common.obj
 0001:00027663       ?MSG_ReadPos@@YAXPAUsizebuf_s@@QAM@Z 00428663 f   common.obj
 0001:000276b5       ?MSG_ReadAngle@@YAMPAUsizebuf_s@@@Z 004286b5 f   common.obj
 0001:000276cf       ?MSG_ReadAngle16@@YAMPAUsizebuf_s@@@Z 004286cf f   common.obj
 0001:000276e9       ?MSG_ReadDeltaUsercmd@@YAXPAUsizebuf_s@@PAUusercmd_t@@1@Z 004286e9 f   common.obj
 0001:000277a4       ?MSG_ReadData@@YAXPAUsizebuf_s@@PAXH@Z 004287a4 f   common.obj
 0001:000277c7       ?SZ_Init@@YAXPAUsizebuf_s@@PAXH@Z 004287c7 f   common.obj
 0001:000277e5       ?SZ_Clear@@YAXPAUsizebuf_s@@@Z 004287e5 f   common.obj
 0001:000277f2       ?SZ_GetSpace@@YAPAXPAUsizebuf_s@@H@Z 004287f2 f   common.obj
 0001:0002784f       ?SZ_Write@@YAXPAUsizebuf_s@@PAXH@Z 0042884f f   common.obj
 0001:0002787b       ?SZ_Insert@@YAXPAUsizebuf_s@@PAXHH@Z 0042887b f   common.obj
 0001:000278d4       ?SZ_Print@@YAXPAUsizebuf_s@@PAD@Z 004288d4 f   common.obj
 0001:0002792a       ?Info_ValueForKey@@YAPADPAD0@Z 0042892a f   common.obj
 0001:000279b5       ?Info_RemoveKey@@YAXPAD0@Z 004289b5 f   common.obj
 0001:00027a3b       ?Info_SetValueForKey@@YAXPAD00@Z 00428a3b f   common.obj
 0001:00027b73       ?Info_Print@@YAXPAD@Z      00428b73 f   common.obj
 0001:00027c38       ?COM_BlockSequenceCRCByte@@YAEPAEHH@Z 00428c38 f   common.obj
 0001:00027cc9       ?COM_CheckCmdlineVar@@YA_NPBD@Z 00428cc9 f   common.obj
 0001:00027d1f       ?QCommon_Init@@YAXPAD@Z    00428d1f f   common.obj
 0001:000280ed       ?QCommon_Frame@@YAXH@Z     004290ed f   common.obj
 0001:000283c4       ?QCommon_Shutdown@@YAXXZ   004293c4 f   common.obj
 0001:000283dd       ?CRC_Init@@YAXPAG@Z        004293dd f   crc.obj
 0001:000283e7       ?CRC_Block@@YAGPAEH@Z      004293e7 f   crc.obj
 0001:00028430       ?Cvar_VariableValue@@YAMPBD@Z 00429430 f   cvar.obj
 0001:0002849e       ?Cvar_VariableInt@@YAHPBD@Z 0042949e f   cvar.obj
 0001:000284b1       ?Cvar_VariableString@@YAPADPBD@Z 004294b1 f   cvar.obj
 0001:000284c9       ?Cvar_Get@@YAPAUcvar_s@@PBD0H@Z 004294c9 f   cvar.obj
 0001:0002877f       ?Cvar_GetVars@@YAXPBUcvarInfo_t@@H@Z 0042977f f   cvar.obj
 0001:00028829       ?Cvar_FullSet@@YAPAUcvar_s@@PBD0H@Z 00429829 f   cvar.obj
 0001:00028883       ?Cvar_SetValue@@YAPAUcvar_s@@PBDM@Z 00429883 f   cvar.obj
 0001:00028aa9       ?Cvar_SetInteger@@YAPAUcvar_s@@PBDH@Z 00429aa9 f   cvar.obj
 0001:00028acb       ?Cvar_Set@@YAPAUcvar_s@@PBD0@Z 00429acb f   cvar.obj
 0001:00028ae0       ?Cvar_ForceSet@@YAPAUcvar_s@@PBD0@Z 00429ae0 f   cvar.obj
 0001:00028af5       ?Cvar_Clamp@@YAMPAUcvar_s@@MM@Z 00429af5 f   cvar.obj
 0001:00028b53       ?Cvar_ClampName@@YAMPBDMM@Z 00429b53 f   cvar.obj
 0001:00028b92       ?Cvar_GetLatchedVars@@YAXXZ 00429b92 f   cvar.obj
 0001:00028bc1       ?Cvar_Command@@YA_NHPAPAD@Z 00429bc1 f   cvar.obj
 0001:00028c62       ?Cvar_WriteVariables@@YAXPAU_iobuf@@HHPBD@Z 00429c62 f   cvar.obj
 0001:00028cf5       ?Cvar_BitInfo@@YAPADH@Z    00429cf5 f   cvar.obj
 0001:00028d2e       ?Cvar_Userinfo@@YAPADXZ    00429d2e f   cvar.obj
 0001:00028d37       ?Cvar_Serverinfo@@YAPADXZ  00429d37 f   cvar.obj
 0001:00028d40       ?Cvar_Cheats@@YAX_N@Z      00429d40 f   cvar.obj
 0001:00028d96       ?Cvar_Init@@YAXXZ          00429d96 f   cvar.obj
 0001:0002944e       ?FS_CreatePath@@YAXPAD@Z   0042a44e f   files.obj
 0001:00029498       ?FS_CopyFile@@YAXPAD0@Z    0042a498 f   files.obj
 0001:0002959b       ?FS_CopyFiles@@YAXPAD0@Z   0042a59b f   files.obj
 0001:00029674       ?FS_RemoveFiles@@YAXPAD@Z  0042a674 f   files.obj
 0001:000296e8       ?FS_FCloseFile@@YAXPAU_iobuf@@@Z 0042a6e8 f   files.obj
 0001:00029783       ?FS_FOpenFile@@YAHPBDPAPAU_iobuf@@@Z 0042a783 f   files.obj
 0001:00029cb9       ?FS_FileExists@@YA_NPAD@Z  0042acb9 f   files.obj
 0001:00029ed6       ?FS_Read@@YAXPAXHPAU_iobuf@@@Z 0042aed6 f   files.obj
 0001:0002a176       ?FS_LoadFile@@YAPAXPBDPAI@Z 0042b176 f   files.obj
 0001:0002a1cd       ?FS_FreeFile@@YAXPAX@Z     0042b1cd f   files.obj
 0001:0002a1d8       ?FS_Gamedir@@YAPADXZ       0042b1d8 f   files.obj
 0001:0002a1ec       ?FS_LoadGameConfig@@YAXXZ  0042b1ec f   files.obj
 0001:0002a2b1       ?FS_SetGamedir@@YA_NPBD@Z  0042b2b1 f   files.obj
 0001:0002a958       ?FS_ListFiles@@YAPAUbasenamed_s@@PADPAHH@Z 0042b958 f   files.obj
 0001:0002ac6b       ?FS_NextPath@@YAPADPBD@Z   0042bc6b f   files.obj
 0001:0002ac8f       ?FS_InitFilesystem@@YAXXZ  0042bc8f f   files.obj
 0001:0002b63c       ?LoadPCX@@YAXPBDPAPAE1PAH2@Z 0042c63c f   images.obj
 0001:0002b786       ?LoadTGA@@YAXPBDPAPAEPAH2@Z 0042c786 f   images.obj
 0001:0002b981       ?LoadJPG@@YAXPBDPAPAEPAH2@Z 0042c981 f   images.obj
 0001:0002bc13       ?ImageExists@@YAHPBDH@Z    0042cc13 f   images.obj
 0001:0002bd0d       ?WriteTGA@@YA_NPBDPAEHH@Z  0042cd0d f   images.obj
 0001:0002bef7       ?WriteJPG@@YA_NPBDPAEHH_N@Z 0042cef7 f   images.obj
 0001:0002c01e       ?MD4Init@@YAXPAUMD4_CTX@@@Z 0042d01e f   md4.obj
 0001:0002c046       ?MD4Update@@YAXPAUMD4_CTX@@PAEI@Z 0042d046 f   md4.obj
 0001:0002c0e4       ?MD4Final@@YAXQAEPAUMD4_CTX@@@Z 0042d0e4 f   md4.obj
 0001:0002c7d5       ?Com_BlockChecksum@@YAIPAXH@Z 0042d7d5 f   md4.obj
 0001:0002c811       ?LoadQ2BspFile@@YAXXZ      0042d811 f   model.obj
 0001:0002cbea       ?LoadBspFile@@YAPAUbspfile_t@@PBD_NPAI@Z 0042dbea f   model.obj
 0001:0002cd89       ?ProcessEntstring@@YAPADPAD@Z 0042dd89 f   model.obj
 0001:0002dbeb       ?Netchan_Init@@YAXXZ       0042ebeb f   net_chan.obj
 0001:0002dc4b       ?Netchan_OutOfBand@@YAXW4netsrc_t@@Unetadr_t@@HPAX@Z 0042ec4b f   net_chan.obj
 0001:0002dcab       ?Netchan_OutOfBandPrint@@YAXW4netsrc_t@@Unetadr_t@@PBDZZ 0042ecab f   net_chan.obj
 0001:0002dcf0       ?Netchan_Setup@@YAXW4netsrc_t@@PAUnetchan_t@@Unetadr_t@@H@Z 0042ecf0 f   net_chan.obj
 0001:0002dd49       ?Netchan_NeedReliable@@YA_NPAUnetchan_t@@@Z 0042ed49 f   net_chan.obj
 0001:0002dd73       ?Netchan_Transmit@@YAXPAUnetchan_t@@HPAX@Z 0042ed73 f   net_chan.obj
 0001:0002df19       ?Netchan_Process@@YA_NPAUnetchan_t@@PAUsizebuf_s@@@Z 0042ef19 f   net_chan.obj
 0001:0002e03f       ?Pmove@@YAXPAUpmove_t@@@Z  0042f03f f   pmove.obj
 0001:0002fdd9       ?NormalizeColor@@YAMQBMQAM@Z 00430dd9 f   q_shared2.obj
 0001:0002fe3a       ?NormalizeColor255@@YAMQBMQAM@Z 00430e3a f   q_shared2.obj
 0001:0002fe9f       ?Q_rsqrt@@YAMM@Z           00430e9f f   q_shared2.obj
 0001:0002fecf       ?AngleVectors@@YAXQBMQAM11@Z 00430ecf f   q_shared2.obj
 0001:00030030       ?MakeNormalVectors@@YAXQAM00@Z 00431030 f   q_shared2.obj
 0001:00030097       ?SetPlaneSignbits@@YAXPAUcplane_t@@@Z 00431097 f   q_shared2.obj
 0001:000300ba       ?LerpAngle@@YAMMMM@Z       004310ba f   q_shared2.obj
 0001:000300fd       ?anglemod@@YAMM@Z          004310fd f   q_shared2.obj
 0001:00030129       ?BoxOnPlaneSide@@YAHQBM0PBUcplane_t@@@Z 00431129 f   q_shared2.obj
 0001:0003024c       ?ClearBounds@@YAXQAM0@Z    0043124c f   q_shared2.obj
 0001:00030275       ?AddPointToBounds@@YAXQBMQAM1@Z 00431275 f   q_shared2.obj
 0001:000302ae       ?VectorCompare@@YA_NQBM0@Z 004312ae f   q_shared2.obj
 0001:000302db       ?VectorNormalize@@YAMQAM@Z 004312db f   q_shared2.obj
 0001:00030334       ?VectorNormalize2@@YAMQBMQAM@Z 00431334 f   q_shared2.obj
 0001:0003038f       ?VectorNormalizeFast@@YAMQAM@Z 0043138f f   q_shared2.obj
 0001:000303e2       ?CrossProduct@@YAXQBM0QAM@Z 004313e2 f   q_shared2.obj
 0001:0003041d       ?VectorLength@@YAMQBM@Z    0043141d f   q_shared2.obj
 0001:0003044c       ?VectorDistance@@YAMQBM0@Z 0043144c f   q_shared2.obj
 0001:0003047d       ?VectorScale@@YAXQBMMQAM@Z 0043147d f   q_shared2.obj
 0001:000304a1       ?AnglesToAxis@@YAXQBMQAY02M@Z 004314a1 f   q_shared2.obj
 0001:000304df       ?COM_FilePath@@YAXPAD0@Z   004314df f   q_shared2.obj
 0001:00030515       ?ShortSwap@@YAFF@Z         00431515 f   q_shared2.obj
 0001:0003052a       ?COM_Parse@@YAPADAAPBD_N@Z 0043152a f   q_shared2.obj
 0001:0003064e       ?COM_QuoteString@@YAPBDPBD_N@Z 0043164e f   q_shared2.obj
 0001:000306a9       ?Com_PageInMemory@@YAXPAXH@Z 004316a9 f   q_shared2.obj
 0001:000306c8       ?Q_strncpylower@@YAXPADPBDH@Z 004316c8 f   q_shared2.obj
 0001:00030702       ?Zip_OpenArchive@@YAPAU_iobuf@@PAD@Z 00431702 f   zip.obj
 0001:0003076d       ?Zip_CloseArchive@@YAXPAU_iobuf@@@Z 0043176d f   zip.obj
 0001:00030779       ?Zip_EnumArchive@@YA_NPAU_iobuf@@P6A_NPAUzipFile_t@@@Z@Z 00431779 f   zip.obj
 0001:00030956       ?Zip_OpenFile@@YAPAUZFILE@@PAU_iobuf@@PAUzipFile_t@@@Z 00431956 f   zip.obj
 0001:00030a3a       ?Zip_ReadFile@@YAHPAUZFILE@@PAXH@Z 00431a3a f   zip.obj
 0001:00030b30       ?Zip_CloseFile@@YA_NPAUZFILE@@@Z 00431b30 f   zip.obj
 0001:00030b74       ?Zip_OpenBuf@@YAPAUZBUF@@PAXH@Z 00431b74 f   zip.obj
 0001:00030bb2       ?Zip_ReadBuf@@YAHPAUZBUF@@PAXH@Z 00431bb2 f   zip.obj
 0001:00030bfa       ?Zip_CloseBuf@@YAXPAUZBUF@@@Z 00431bfa f   zip.obj
 0001:00030c0f       ?CreateMemoryChain@@YAPAXXZ 00431c0f f   memory2.obj
 0001:00030c6b       ?FreeMemoryChain@@YAXPAX@Z 00431c6b f   memory2.obj
 0001:00030c86       ?AllocChainBlock@@YAPAXPAXH@Z 00431c86 f   memory2.obj
 0001:00030cd1       ?ChainCopyString@@YAPADPBDPAX@Z 00431cd1 f   memory2.obj
 0001:00030d05       ?AllocNamedStruc@@YAPAUbasenamed_s@@HPAD@Z 00431d05 f   memory2.obj
 0001:00030d43       ?ChainAllocNamedStruc@@YAPAUbasenamed_s@@HPADPAX@Z 00431d43 f   memory2.obj
 0001:00030d82       ?FindNamedStruc@@YAPAUbasenamed_s@@PADPAU1@PAPAU1@@Z 00431d82 f   memory2.obj
 0001:00030dc6       ?FindNamedStrucByIndex@@YAPAUbasenamed_s@@PAU1@H@Z 00431dc6 f   memory2.obj
 0001:00030ddd       ?IndexOfNamedStruc@@YAHPADPAUbasenamed_s@@@Z 00431ddd f   memory2.obj
 0001:00030e0b       ?AddToNamedList@@YAPAUbasenamed_s@@PADPAU1@@Z 00431e0b f   memory2.obj
 0001:00030e55       ?ChainAddToNamedList@@YAPAUbasenamed_s@@PADPAU1@PAX@Z 00431e55 f   memory2.obj
 0001:00030e9f       ?FreeNamedList@@YAXPAUbasenamed_s@@@Z 00431e9f f   memory2.obj
 0001:00030eba       ?CDAudio_Play2@@YAXH_N@Z   00431eba f   cd_win.obj
 0001:00031099       ?CDAudio_Play@@YAXH_N@Z    00432099 f   cd_win.obj
 0001:000310b0       ?CDAudio_Stop@@YAXXZ       004320b0 f   cd_win.obj
 0001:000310f5       ?CDAudio_Pause@@YAXXZ      004320f5 f   cd_win.obj
 0001:0003114e       ?CDAudio_Resume@@YAXXZ     0043214e f   cd_win.obj
 0001:000311bd       ?CDAudio_MessageHandler@@YAJPAUHWND__@@IIJ@Z 004321bd f   cd_win.obj
 0001:00031254       ?CDAudio_Update@@YAXXZ     00432254 f   cd_win.obj
 0001:00031288       ?CDAudio_Init@@YAHXZ       00432288 f   cd_win.obj
 0001:0003163a       ?CDAudio_Shutdown@@YAXXZ   0043263a f   cd_win.obj
 0001:0003166d       ?CDAudio_Activate@@YAX_N@Z 0043266d f   cd_win.obj
 0001:0003167e       ?IN_MouseEvent@@YAXH@Z     0043267e f   in_win.obj
 0001:000316e8       ?IN_Commands@@YAXXZ        004326e8 f   in_win.obj
 0001:00031819       ?IN_Init@@YAXXZ            00432819 f   in_win.obj
 0001:00031b5f       ?IN_Shutdown@@YAXXZ        00432b5f f   in_win.obj
 0001:00031c43       ?IN_Move@@YAXPAUusercmd_t@@@Z 00432c43 f   in_win.obj
 0001:00032145       ?IN_Activate@@YAX_N@Z      00433145 f   in_win.obj
 0001:0003214f       ?IN_Frame@@YAXXZ           0043314f f   in_win.obj
 0001:00032559       ?NetadrToSockadr@@YAXPAUnetadr_t@@PAUsockaddr@@@Z 00433559 f   net_wins.obj
 0001:000325de       ?SockadrToNetadr@@YAXPAUsockaddr@@PAUnetadr_t@@@Z 004335de f   net_wins.obj
 0001:0003262e       ?NET_CompareAdr@@YA_NPAUnetadr_t@@0@Z 0043362e f   net_wins.obj
 0001:0003268e       ?NET_CompareBaseAdr@@YA_NPAUnetadr_t@@0@Z 0043368e f   net_wins.obj
 0001:000326e4       ?NET_AdrToString@@YAPADPAUnetadr_t@@@Z 004336e4 f   net_wins.obj
 0001:0003279d       ?NET_StringToAdr@@YA_NPBDPAUnetadr_t@@@Z 0043379d f   net_wins.obj
 0001:00032a27       ?NET_IsLocalAddress@@YA_NPAUnetadr_t@@@Z 00433a27 f   net_wins.obj
 0001:00032a33       ?NET_GetLoopPacket@@YA_NW4netsrc_t@@PAUnetadr_t@@PAUsizebuf_s@@@Z 00433a33 f   net_wins.obj
 0001:00032abf       ?NET_SendLoopPacket@@YAXW4netsrc_t@@HPAXUnetadr_t@@@Z 00433abf f   net_wins.obj
 0001:00032b14       ?NET_GetPacket@@YA_NW4netsrc_t@@PAUnetadr_t@@PAUsizebuf_s@@@Z 00433b14 f   net_wins.obj
 0001:00032c32       ?NET_SendPacket@@YAXW4netsrc_t@@HPAXUnetadr_t@@@Z 00433c32 f   net_wins.obj
 0001:00032d03       ?NET_IPSocket@@YAHPADH@Z   00433d03 f   net_wins.obj
 0001:00032e18       ?NET_OpenIP@@YAXXZ         00433e18 f   net_wins.obj
 0001:00032e94       ?NET_OpenIPX@@YAXXZ        00433e94 f   net_wins.obj
 0001:00032fd4       ?NET_Config@@YAX_N@Z       00433fd4 f   net_wins.obj
 0001:00033078       ?NET_Init@@YAXXZ           00434078 f   net_wins.obj
 0001:000330e4       ?Hunk_Begin@@YAPAXH@Z      004340e4 f   q_shwin.obj
 0001:00033118       ?Hunk_Alloc@@YAPAXH@Z      00434118 f   q_shwin.obj
 0001:00033177       ?Hunk_End@@YAHXZ           00434177 f   q_shwin.obj
 0001:0003317d       ?Hunk_Free@@YAXPAX@Z       0043417d f   q_shwin.obj
 0001:00033196       ?Sys_Milliseconds@@YAHXZ   00434196 f   q_shwin.obj
 0001:000331c7       ?Sys_Mkdir@@YAXPAD@Z       004341c7 f   q_shwin.obj
 0001:000331d3       ?Sys_FindFirst@@YAPADPADH@Z 004341d3 f   q_shwin.obj
 0001:0003326d       ?Sys_FindNext@@YAPADXZ     0043426d f   q_shwin.obj
 0001:000332d7       ?Sys_FindClose@@YAXXZ      004342d7 f   q_shwin.obj
 0001:000332f1       ?SNDDMA_Init@@YA_NXZ       004342f1 f   snd_win.obj
 0001:00033930       ?SNDDMA_GetDMAPos@@YAHXZ   00434930 f   snd_win.obj
 0001:0003397a       ?SNDDMA_BeginPainting@@YAXXZ 0043497a f   snd_win.obj
 0001:00033a92       ?SNDDMA_Submit@@YAXXZ      00434a92 f   snd_win.obj
 0001:00033ab7       ?SNDDMA_Shutdown@@YAXXZ    00434ab7 f   snd_win.obj
 0001:00033abc       ?S_Activate@@YAX_N@Z       00434abc f   snd_win.obj
 0001:00033ae7       ?Sys_Quit@@YAXXZ           00434ae7 f   sys_win.obj
 0001:00033ba2       ?Sys_Init@@YAXXZ           00434ba2 f   sys_win.obj
 0001:00033eeb       ?Sys_ConsoleInput@@YAPADXZ 00434eeb f   sys_win.obj
 0001:000341a2       ?Sys_ConsoleOutput@@YAXPAD@Z 004351a2 f   sys_win.obj
 0001:00034230       ?Sys_SendKeyEvents@@YAXXZ  00435230 f   sys_win.obj
 0001:0003431c       ?Sys_UnloadGame@@YAXXZ     0043531c f   sys_win.obj
 0001:00034397       ?Sys_GetGameAPI@@YAPAXPAX@Z 00435397 f   sys_win.obj
 0001:000344ee       _WinMain@16                004354ee f   sys_win.obj
 0001:000347cb       ?Vid_CreateWindow@@YAPAXHH_N@Z 004357cb f   vid_dll.obj
 0001:00034ff4       ?Vid_DestroyWindow@@YAX_N@Z 00435ff4 f   vid_dll.obj
 0001:0003502f       ?Vid_GetModeInfo@@YA_NPAH0H@Z 0043602f f   vid_dll.obj
 0001:0003505d       ?Vid_UpdateWindowPosAndSize@@YAXHH@Z 0043605d f   vid_dll.obj
 0001:000350c4       ?Vid_FreeReflib@@YAXXZ     004360c4 f   vid_dll.obj
 0001:000350fe       ?Vid_CheckChanges@@YAXXZ   004360fe f   vid_dll.obj
 0001:00035497       ?Vid_Init@@YAXXZ           00436497 f   vid_dll.obj
 0001:00035588       ?Vid_Shutdown@@YAXXZ       00436588 f   vid_dll.obj
 0001:000355b6       ?Vid_MenuInit@@YAXXZ       004365b6 f   vid_menu.obj
 0001:00035e0c       ?Vid_MenuDraw@@YAXXZ       00436e0c f   vid_menu.obj
 0001:00035e8f       ?Vid_MenuKey@@YAPBDH@Z     00436e8f f   vid_menu.obj
 0001:000361fa       ?GL_BackEnd@@YAXXZ         004371fa f   gl_backend.obj
 0001:00039803       ?GL_InitBackend@@YAXXZ     0043a803 f   gl_backend.obj
 0001:00039848       ?GL_ShutdownBackend@@YAXXZ 0043a848 f   gl_backend.obj
 0001:0003985c       ?GL_AllocDynamicMemory@@YAPAXH@Z 0043a85c f   gl_buffers.obj
 0001:000398c5       ?GL_ResizeDynamicMemory@@YAXPAXH@Z 0043a8c5 f   gl_buffers.obj
 0001:00039907       ?GL_AddSurfaceToPortal@@YAXPAUsurfaceCommon_s@@PAUshader_s@@HH@Z 0043a907 f   gl_buffers.obj
 0001:00039970       ?GL_AddDynamicSurface@@YAPAUsurfaceCommon_s@@PAUshader_s@@H@Z 0043a970 f   gl_buffers.obj
 0001:00039998       ?GL_InsertShaderIndex@@YAXH@Z 0043a998 f   gl_buffers.obj
 0001:000399cb       ?GL_ClearPortal@@YAXXZ     0043a9cb f   gl_buffers.obj
 0001:000399e7       ?GL_FinishPortal@@YAXXZ    0043a9e7 f   gl_buffers.obj
 0001:00039a38       ?GL_SortSurfaces@@YAXPAUviewPortal_s@@PAPAUsurfaceInfo_s@@@Z 0043aa38 f   gl_buffers.obj
 0001:00039bca       ?GL_ClearBuffers@@YAXXZ    0043abca f   gl_buffers.obj
 0001:00039be1       ?GL_AddEntity@@YAXPAUentity_t@@@Z 0043abe1 f   gl_frontend.obj
 0001:0003a055       ?GL_AddDlight@@YAXPAUdlight_t@@@Z 0043b055 f   gl_frontend.obj
 0001:0003a20d       ?GL_DrawPortal@@YAXXZ      0043b20d f   gl_frontend.obj
 0001:0003ccf6       ?GL_TextureMode@@YAXPAD@Z  0043dcf6 f   gl_image.obj
 0001:0003cd9e       ?GL_CreateImage@@YAPAUimage_s@@PBDPAXHHH@Z 0043dd9e f   gl_image.obj
 0001:0003db85       ?GL_DrawStretchRaw8@@YAXHHHHHHPAEPAI@Z 0043eb85 f   gl_image.obj
 0001:0003df3f       ?GL_SetupGamma@@YAXXZ      0043ef3f f   gl_image.obj
 0001:0003e084       ?GL_PerformScreenshot@@YAXXZ 0043f084 f   gl_image.obj
 0001:0003e311       ?GL_InitImages@@YAXXZ      0043f311 f   gl_image.obj
 0001:0003eae1       ?GL_ShutdownImages@@YAXXZ  0043fae1 f   gl_image.obj
 0001:0003eb48       ?GL_LoadDelayedImages@@YAXXZ 0043fb48 f   gl_image.obj
 0001:0003ebc5       ?GL_ShowImages@@YAXXZ      0043fbc5 f   gl_image.obj
 0001:0003ee4d       ?GL_FindImage@@YAPAUimage_s@@PBDH@Z 0043fe4d f   gl_image.obj
 0001:0003f1da       ?GL_Lock@@YAXXZ            004401da f   gl_interface.obj
 0001:0003f252       ?GL_Unlock@@YAXXZ          00440252 f   gl_interface.obj
 0001:0003f414       ?GL_Bind@@YAXPAUimage_s@@@Z 00440414 f   gl_interface.obj
 0001:0003f53e       ?GL_BindForce@@YAXPAUimage_s@@@Z 0044053e f   gl_interface.obj
 0001:0003f5bc       ?GL_TexEnv@@YAXI@Z         004405bc f   gl_interface.obj
 0001:0003f73b       ?GL_TexMipBias@@YAXM@Z     0044073b f   gl_interface.obj
 0001:0003f796       ?GL_TexEnvColor@@YAXPATcolor_t@@@Z 00440796 f   gl_interface.obj
 0001:0003f846       ?GL_SelectTexture@@YAXH@Z  00440846 f   gl_interface.obj
 0001:0003f8a7       ?GL_TexCoordPointer@@YAXPAX@Z 004408a7 f   gl_interface.obj
 0001:0003f8d7       ?GL_SetMultitexture@@YAXH@Z 004408d7 f   gl_interface.obj
 0001:0003f9bd       ?GL_DisableTexCoordArrays@@YAXXZ 004409bd f   gl_interface.obj
 0001:0003fa11       ?GL_CullFace@@YAXW4gl_cullMode_t@@@Z 00440a11 f   gl_interface.obj
 0001:0003fa62       ?GL_DepthRange@@YAXW4gl_depthMode_t@@@Z 00440a62 f   gl_interface.obj
 0001:0003fa95       ?GL_State@@YAXI@Z          00440a95 f   gl_interface.obj
 0001:0003fbee       ?GL_EnableFog@@YAX_N@Z     00440bee f   gl_interface.obj
 0001:0003fce6       ?GL_SetDefaultState@@YAXXZ 00440ce6 f   gl_interface.obj
 0001:0003fe34       ?GL_Set2DMode@@YAXXZ       00440e34 f   gl_interface.obj
 0001:0003ff2f       ?GL_Setup@@YAXPAUviewPortal_s@@@Z 00440f2f f   gl_interface.obj
 0001:00040017       ?GL_ShowLights@@YAXXZ      00441017 f   gl_light.obj
 0001:0004043c       ?GL_LightForEntity@@YAXPAUrefEntity_s@@@Z 0044143c f   gl_light.obj
 0001:000416a3       ?GL_DiffuseLight@@YAXPATcolor_t@@M@Z 004426a3 f   gl_light.obj
 0001:0004181b       ?GL_InitLightGrid@@YAXXZ   0044281b f   gl_light.obj
 0001:000418b7       ?GL_PostLoadLights@@YAXXZ  004428b7 f   gl_light.obj
 0001:00041b55       ?LM_Init@@YAXXZ            00442b55 f   gl_lightmap.obj
 0001:00041b6b       ?LM_Flush@@YAXPAUlightmapBlock_t@@@Z 00442b6b f   gl_lightmap.obj
 0001:00041bc8       ?LM_Done@@YAXXZ            00442bc8 f   gl_lightmap.obj
 0001:00041bef       ?LM_Save@@YAXPAUlightmapBlock_t@@@Z 00442bef f   gl_lightmap.obj
 0001:00041c07       ?LM_Restore@@YAXPAUlightmapBlock_t@@@Z 00442c07 f   gl_lightmap.obj
 0001:00041c1f       ?LM_NewBlock@@YAPAUlightmapBlock_t@@XZ 00442c1f f   gl_lightmap.obj
 0001:00041c8f       ?LM_Rewind@@YAXXZ          00442c8f f   gl_lightmap.obj
 0001:00041c97       ?LM_NextBlock@@YAPAUlightmapBlock_t@@XZ 00442c97 f   gl_lightmap.obj
 0001:00041cc4       ?LM_CheckMinlight@@YAXPAUdynamicLightmap_s@@@Z 00442cc4 f   gl_lightmap.obj
 0001:00041d5a       ?LM_AllocBlock@@YA_NPAUlightmapBlock_t@@PAUdynamicLightmap_s@@@Z 00442d5a f   gl_lightmap.obj
 0001:00041e11       ?LM_PutBlock@@YAXPAUdynamicLightmap_s@@@Z 00442e11 f   gl_lightmap.obj
 0001:0004223e       ?LM_SortLightStyles@@YAXPAUdynamicLightmap_s@@@Z 0044323e f   gl_lightmap.obj
 0001:000422cf       ?GL_UpdateDynamicLightmap@@YAXPAUshader_s@@PAUsurfacePlanar_s@@_NI@Z 004432cf f   gl_lightmap.obj
 0001:000427cb       ?LM_IsMonotone@@YA_NPAUdynamicLightmap_s@@PATcolor_t@@@Z 004437cb f   gl_lightmap.obj
 0001:000428d2       ?GL_EnableRendering@@YAX_N@Z 004438d2 f   gl_main.obj
 0001:000428ed       ?GL_DrawStretchPic@@YAXPAUshader_s@@HHHHMMMMIE@Z 004438ed f   gl_main.obj
 0001:000429b9       ?DrawTextLeft@@YAXPBDI@Z   004439b9 f   gl_main.obj
 0001:00042b27       ?DrawTextRight@@YAXPBDI@Z  00443b27 f   gl_main.obj
 0001:00042b71       ?DrawText3D@@YAXQAMPBDI@Z  00443b71 f   gl_main.obj
 0001:00042b9e       _GL_GetRefAPI              00443b9e f   gl_main.obj
 0001:000444a0       ?GL_InitFuncTables@@YAXXZ  004454a0 f   gl_math.obj
 0001:00044651       ?ModelToWorldCoord@@YAXQAMPAUrefEntity_s@@0@Z 00445651 f   gl_math.obj
 0001:000446c2       ?WorldToModelCoord@@YAXQAMPAUrefEntity_s@@0@Z 004456c2 f   gl_math.obj
 0001:00044709       ?BuildRotationMatrix@@YAXQAY02MQAMM@Z 00445709 f   gl_math.obj
 0001:00044803       ?GetBoxRect@@YA_NPAUrefEntity_s@@QAM11_N@Z 00445803 f   gl_math.obj
 0001:00044b74       ?ProjectToScreen@@YA_NQAMPAH@Z 00445b74 f   gl_math.obj
 0001:00044cb7       ?SaturateColor3f@@YAXQAM@Z 00445cb7 f   gl_math.obj
 0001:00044da7       ?SaturateColor4b@@YAXPATcolor_t@@@Z 00445da7 f   gl_math.obj
 0001:00044eb5       ?GL_FindModel@@YAPAUmodel_s@@PBD@Z 00445eb5 f   gl_model.obj
 0001:0004502f       ?GL_LoadWorldMap@@YAXPBD@Z 0044602f f   gl_model.obj
 0001:00046be1       ?GL_PointInLeaf@@YAPAUnode_s@@QAM@Z 00447be1 f   gl_model.obj
 0001:00047865       ?ATAN2_FUNC@@YAMMM@Z       00448865 f i gl_model.obj
 0001:00047a10       ?GL_FindSkin@@YAPAUshader_s@@PBD@Z 00448a10 f   gl_model.obj
 0001:00047b72       ?GL_ResetModels@@YAXXZ     00448b72 f   gl_model.obj
 0001:00047c3b       ?GL_InitModels@@YAXXZ      00448c3b f   gl_model.obj
 0001:00047d23       ?GL_ShutdownModels@@YAXXZ  00448d23 f   gl_model.obj
 0001:00047d39       ?SubdividePlane@@YAHPAPAY02MHM@Z 00448d39 f   gl_poly.obj
 0001:00048183       ?FreeSubdividedPlane@@YAXXZ 00449183 f   gl_poly.obj
 0001:0004819b       ?GetSubdivideIndexes@@YAXPAH@Z 0044919b f   gl_poly.obj
 0001:000481ee       ?RemoveCollinearPoints@@YAHPAPAY02MH@Z 004491ee f   gl_poly.obj
 0001:000482e9       ?GetPolyArea@@YAMPAPAY02MH@Z 004492e9 f   gl_poly.obj
 0001:0004837d       ?GL_InitShaders@@YAXXZ     0044937d f   gl_shader.obj
 0001:000484ce       ?GL_ShutdownShaders@@YAXXZ 004494ce f   gl_shader.obj
 0001:000484f8       ?GetLightmapImage@@YAPAUimage_s@@H@Z 004494f8 f   gl_shader.obj
 0001:00048520       ?GL_SetShaderLightmap@@YAPAUshader_s@@PAU1@H@Z 00449520 f   gl_shader.obj
 0001:000488f5       ?GL_SetShaderLightstyles@@YAPAUshader_s@@PAU1@H@Z 004498f5 f   gl_shader.obj
 0001:00048991       ?GL_GetAlphaShader@@YAPAUshader_s@@PAU1@@Z 00449991 f   gl_shader.obj
 0001:00048c57       ?GL_FindShader@@YAPAUshader_s@@PBDH@Z 00449c57 f   gl_shader.obj
 0001:00049275       ?GL_GetShaderByNum@@YAPAUshader_s@@H@Z 0044a275 f   gl_shader.obj
 0001:00049293       ?GL_ResetShaders@@YAXXZ    0044a293 f   gl_shader.obj
 0001:00049759       ?GL_ClearSkyBox@@YAXXZ     0044a759 f   gl_sky.obj
 0001:00049770       ?GL_SetSkyRotate@@YAXMQAM@Z 0044a770 f   gl_sky.obj
 0001:000497a8       ?GL_SkyVisible@@YA_NXZ     0044a7a8 f   gl_sky.obj
 0001:000497c1       ?GL_AddSkySurface@@YAXPAUsurfacePlanar_s@@QAME@Z 0044a7c1 f   gl_sky.obj
 0001:00049dd0       ?GL_TesselateSkySide@@YAHHPAUbufVertex_t@@PAUbufTexCoord_t@@M@Z 0044add0 f   gl_sky.obj
 0001:0004b6eb       ?QGL_Shutdown@@YAXXZ       0044c6eb f   qgl_win.obj
 0001:0004b729       ?QGL_Init@@YA_NPBD@Z       0044c729 f   qgl_win.obj
 0001:0004b7ac       ?QGL_InitExtensions@@YAXXZ 0044c7ac f   qgl_win.obj
 0001:0004bc98       ?QGL_PrintExtensionsString@@YAXPBD00@Z 0044cc98 f   qgl_win.obj
 0001:0004bde8       ?QGL_EnableLogging@@YAX_N@Z 0044cde8 f   qgl_win.obj
 0001:0004be9f       ?QGL_LogMessage@@YAXPBD@Z  0044ce9f f   qgl_win.obj
 0001:0004beb6       ?GLimp_SetMode@@YA?AW4rserr_t@@PAI0H_N@Z 0044ceb6 f   glw_imp.obj
 0001:0004c149       ?GLimp_HasGamma@@YA_NXZ    0044d149 f   glw_imp.obj
 0001:0004c15d       ?GLimp_SetGamma@@YAXM@Z    0044d15d f   glw_imp.obj
 0001:0004c305       ?GLimp_Init@@YAHXZ         0044d305 f   glw_imp.obj
 0001:0004c64d       ?GLimp_Shutdown@@YAXXZ     0044d64d f   glw_imp.obj
 0001:0004c6f5       ?GLimp_EndFrame@@YAXXZ     0044d6f5 f   glw_imp.obj
 0001:0004c776       ?GLimp_AppActivate@@YAX_N@Z 0044d776 f   glw_imp.obj
 0001:0004c860       _jpeg_CreateDecompress     0044d860 f   lib:jdapimin.obj
 0001:0004c920       _jpeg_read_header          0044d920 f   lib:jdapimin.obj
 0001:0004c982       _jpeg_consume_input        0044d982 f   lib:jdapimin.obj
 0001:0004cbd1       _jpeg_finish_decompress    0044dbd1 f   lib:jdapimin.obj
 0001:0004cc68       _jpeg_start_decompress     0044dc68 f   lib:jdapistd.obj
 0001:0004cdd5       _jpeg_read_scanlines       0044ddd5 f   lib:jdapistd.obj
 0001:0004ce59       _jpeg_resync_to_restart    0044de59 f   lib:jdmarker.obj
 0001:0004d01e       _jinit_marker_reader       0044e01e f   lib:jdmarker.obj
 0001:0004e4e9       _jpeg_CreateCompress       0044f4e9 f   lib:jcapimin.obj
 0001:0004e59d       _jpeg_destroy_compress     0044f59d f   lib:jcapimin.obj
 0001:0004e59d       _jpeg_destroy_decompress   0044f59d f   lib:jcapimin.obj
 0001:0004e5a8       _jpeg_suppress_tables      0044f5a8 f   lib:jcapimin.obj
 0001:0004e5f2       _jpeg_finish_compress      0044f5f2 f   lib:jcapimin.obj
 0001:0004e6dc       _jpeg_start_compress       0044f6dc f   lib:jcapistd.obj
 0001:0004e748       _jpeg_write_scanlines      0044f748 f   lib:jcapistd.obj
 0001:0004e7f3       _jpeg_add_quant_table      0044f7f3 f   lib:jcparam.obj
 0001:0004e8a5       _jpeg_quality_scaling      0044f8a5 f   lib:jcparam.obj
 0001:0004e8cc       _jpeg_set_quality          0044f8cc f   lib:jcparam.obj
 0001:0004e906       _jpeg_set_defaults         0044f906 f   lib:jcparam.obj
 0001:0004eacc       _jpeg_default_colorspace   0044facc f   lib:jcparam.obj
 0001:0004eb1c       _jpeg_set_colorspace       0044fb1c f   lib:jcparam.obj
 0001:0004ee37       _jpeg_stdio_dest           0044fe37 f   lib:jdatadst.obj
 0001:0004f036       _crc32                     00450036 f   lib:crc32.obj
 0001:0004f2d0       _inflateReset              004502d0 f   lib:inflate.obj
 0001:0004f317       _inflateInit2_             00450317 f   lib:inflate.obj
 0001:0004f3d0       _inflate                   004503d0 f   lib:inflate.obj
 0001:0005069f       _inflateEnd                0045169f f   lib:inflate.obj
 0001:000506dd       _jinit_input_controller    004516dd f   lib:jdinput.obj
 0001:00050bc0       _jinit_memory_mgr          00451bc0 f   lib:jmemmgr.obj
 0001:000516fc       _jpeg_abort                004526fc f   lib:jcomapi.obj
 0001:0005172f       _jpeg_destroy              0045272f f   lib:jcomapi.obj
 0001:0005174a       _jpeg_alloc_quant_table    0045274a f   lib:jcomapi.obj
 0001:00051766       _jpeg_alloc_huff_table     00452766 f   lib:jcomapi.obj
 0001:00051782       _jpeg_calc_output_dimensions 00452782 f   lib:jdmaster.obj
 0001:00051882       _jinit_master_decompress   00452882 f   lib:jdmaster.obj
 0001:00051bd8       _jdiv_round_up             00452bd8 f   lib:jutils.obj
 0001:00051be8       _jround_up                 00452be8 f   lib:jutils.obj
 0001:00051c00       _jcopy_sample_rows         00452c00 f   lib:jutils.obj
 0001:00051c3e       _jcopy_block_row           00452c3e f   lib:jutils.obj
 0001:00051c57       _jzero_far                 00452c57 f   lib:jutils.obj
 0001:00051c6a       _jinit_marker_writer       00452c6a f   lib:jcmarker.obj
 0001:00052546       _jinit_compress_master     00453546 f   lib:jcinit.obj
 0001:0005259f       _zcalloc                   0045359f f   lib:zutil.obj
 0001:000525b1       _inflate_fast              004535b1 f   lib:inffast.obj
 0001:00052966       _inflate_table             00453966 f   lib:inftrees.obj
 0001:00052cef       _adler32                   00453cef f   lib:adler32.obj
 0001:00052e08       _jinit_c_codec             00453e08 f   lib:jcodec.obj
 0001:00052e24       _jinit_d_codec             00453e24 f   lib:jcodec.obj
 0001:00052e40       _jpeg_get_small            00453e40 f   lib:jmemnobs.obj
 0001:00052e40       _jpeg_get_large            00453e40 f   lib:jmemnobs.obj
 0001:00052e4c       _zcfree                    00453e4c f   lib:jmemnobs.obj
 0001:00052e4c       _jpeg_free_large           00453e4c f   lib:jmemnobs.obj
 0001:00052e4c       _jpeg_free_small           00453e4c f   lib:jmemnobs.obj
 0001:00052e58       _jpeg_mem_available        00453e58 f   lib:jmemnobs.obj
 0001:00052e5d       _jpeg_open_backing_store   00453e5d f   lib:jmemnobs.obj
 0001:00052e71       _jinit_d_main_controller   00453e71 f   lib:jdmainct.obj
 0001:000534bc       _jinit_d_post_controller   004544bc f   lib:jdpostct.obj
 0001:00053767       _jinit_upsampler           00454767 f   lib:jdsample.obj
 0001:00053da5       _jinit_color_deconverter   00454da5 f   lib:jdcolor.obj
 0001:000542bb       _jinit_merged_upsampler    004552bb f   lib:jdmerge.obj
 0001:0005480b       _jinit_2pass_quantizer     0045580b f   lib:jquant2.obj
 0001:000558ce       _jinit_1pass_quantizer     004568ce f   lib:jquant1.obj
 0001:000562f4       _jinit_c_main_controller   004572f4 f   lib:jcmainct.obj
 0001:00056461       _jinit_c_prep_controller   00457461 f   lib:jcprepct.obj
 0001:000569ac       _jinit_downsampler         004579ac f   lib:jcsample.obj
 0001:0005722c       _jinit_color_converter     0045822c f   lib:jccolor.obj
 0001:00057816       _jinit_c_master_control    00458816 f   lib:jcmaster.obj
 0001:00058305       _jinit_lossy_c_codec       00459305 f   lib:jclossy.obj
 0001:000583a0       _jinit_lossless_c_codec    004593a0 f   lib:jclossls.obj
 0001:00058438       _jinit_lossy_d_codec       00459438 f   lib:jdlossy.obj
 0001:0005870b       _jinit_lossless_d_codec    0045970b f   lib:jdlossls.obj
 0001:000587bb       _jinit_c_coef_controller   004597bb f   lib:jccoefct.obj
 0001:00058e5a       _jinit_shuff_encoder       00459e5a f   lib:jcshuff.obj
 0001:000596c2       _jinit_phuff_encoder       0045a6c2 f   lib:jcphuff.obj
 0001:0005a167       _jinit_forward_dct         0045b167 f   lib:jcdctmgr.obj
 0001:0005a436       _jinit_c_diff_controller   0045b436 f   lib:jcdiffct.obj
 0001:0005a99c       _jinit_lhuff_encoder       0045b99c f   lib:jclhuff.obj
 0001:0005b0c9       _jinit_differencer         0045c0c9 f   lib:jcpred.obj
 0001:0005b5e3       _jinit_c_scaler            0045c5e3 f   lib:jcscale.obj
 0001:0005b659       _jinit_d_coef_controller   0045c659 f   lib:jdcoefct.obj
 0001:0005c332       _jinit_shuff_decoder       0045d332 f   lib:jdshuff.obj
 0001:0005c8c7       _jinit_phuff_decoder       0045d8c7 f   lib:jdphuff.obj
 0001:0005d464       _jinit_inverse_dct         0045e464 f   lib:jddctmgr.obj
 0001:0005d648       _jinit_d_diff_controller   0045e648 f   lib:jddiffct.obj
 0001:0005db76       _jinit_d_scaler            0045eb76 f   lib:jdscale.obj
 0001:0005dc75       _jinit_undifferencer       0045ec75 f   lib:jdpred.obj
 0001:0005e02f       _jinit_lhuff_decoder       0045f02f f   lib:jdlhuff.obj
 0001:0005e424       _jpeg_make_c_derived_tbl   0045f424 f   lib:jchuff.obj
 0001:0005e626       _jpeg_gen_optimal_table    0045f626 f   lib:jchuff.obj
 0001:0005e7e5       _jpeg_fdct_float           0045f7e5 f   lib:jfdctflt.obj
 0001:0005e9ea       _jpeg_make_d_derived_tbl   0045f9ea f   lib:jdhuff.obj
 0001:0005ec87       _jpeg_fill_bit_buffer      0045fc87 f   lib:jdhuff.obj
 0001:0005ed96       _jpeg_huff_decode          0045fd96 f   lib:jdhuff.obj
 0001:0005ee76       _jpeg_idct_4x4             0045fe76 f   lib:jidctred.obj
 0001:0005f164       _jpeg_idct_2x2             00460164 f   lib:jidctred.obj
 0001:0005f326       _jpeg_idct_1x1             00460326 f   lib:jidctred.obj
 0001:0005f362       _jpeg_idct_float           00460362 f   lib:jidctflt.obj
 0001:0005f740       __except_handler3          00460740 f   MSVCRT:MSVCRT.dll
 0001:0005f750       __chkstk                   00460750 f   MSVCRT:chkstk.obj
 0001:0005f750       __alloca_probe             00460750 f   MSVCRT:chkstk.obj
 0001:0005f77f       ??_Gtype_info@@UAEPAXI@Z   0046077f f i MSVCRT:ti_inst.obj
 0001:0005f77f       ??_Etype_info@@UAEPAXI@Z   0046077f f i MSVCRT:ti_inst.obj
 0001:0005f79c       __CxxThrowException@8      0046079c f   MSVCRT:MSVCRT.dll
 0001:0005f7a2       _strcpy                    004607a2 f   MSVCRT:MSVCRT.dll
 0001:0005f7a8       _strlen                    004607a8 f   MSVCRT:MSVCRT.dll
 0001:0005f7ae       _strcat                    004607ae f   MSVCRT:MSVCRT.dll
 0001:0005f7b4       _strcmp                    004607b4 f   MSVCRT:MSVCRT.dll
 0001:0005f7ba       _sin                       004607ba f   MSVCRT:MSVCRT.dll
 0001:0005f7c0       _tan                       004607c0 f   MSVCRT:MSVCRT.dll
 0001:0005f7c6       _cos                       004607c6 f   MSVCRT:MSVCRT.dll
 0001:0005f7cc       __ftol                     004607cc f   MSVCRT:MSVCRT.dll
 0001:0005f7d2       _fmod                      004607d2 f   MSVCRT:MSVCRT.dll
 0001:0005f7d8       _atan2                     004607d8 f   MSVCRT:MSVCRT.dll
 0001:0005f7de       _acos                      004607de f   MSVCRT:MSVCRT.dll
 0001:0005f7e4       _sqrt                      004607e4 f   MSVCRT:MSVCRT.dll
 0001:0005f7ea       _atan                      004607ea f   MSVCRT:MSVCRT.dll
 0001:0005f7f0       _memcpy                    004607f0 f   MSVCRT:MSVCRT.dll
 0001:0005f7f6       _memset                    004607f6 f   MSVCRT:MSVCRT.dll
 0001:0005f7fc       _pow                       004607fc f   MSVCRT:MSVCRT.dll
 0001:0005f802       _asin                      00460802 f   MSVCRT:MSVCRT.dll
 0001:0005f808       _WinMainCRTStartup         00460808 f   MSVCRT:crtexew.obj
 0001:0005f966       ??1type_info@@UAE@XZ       00460966 f   MSVCRT:MSVCRT.dll
 0001:0005f96c       __XcptFilter               0046096c f   MSVCRT:MSVCRT.dll
 0001:0005f972       __initterm                 00460972 f   MSVCRT:MSVCRT.dll
 0001:0005f978       __setdefaultprecision      00460978 f   MSVCRT:fp8.obj
 0001:0005f98a       _jpeg_mem_init             0046098a f   MSVCRT:merr.obj
 0001:0005f98a       __matherr                  0046098a f   MSVCRT:merr.obj
 0001:0005f98d       _jpeg_mem_term             0046098d f   MSVCRT:dllargv.obj
 0001:0005f98d       __setargv                  0046098d f   MSVCRT:dllargv.obj
 0001:0005f98e       __controlfp                0046098e f   MSVCRT:MSVCRT.dll
 0002:00000000       __imp__SetDeviceGammaRamp@8 00461000     gdi32:GDI32.dll
 0002:00000004       __imp__GetDeviceGammaRamp@8 00461004     gdi32:GDI32.dll
 0002:00000008       __imp__DescribePixelFormat@16 00461008     gdi32:GDI32.dll
 0002:0000000c       __imp__SetPixelFormat@12   0046100c     gdi32:GDI32.dll
 0002:00000010       __imp__ChoosePixelFormat@8 00461010     gdi32:GDI32.dll
 0002:00000014       __imp__SwapBuffers@4       00461014     gdi32:GDI32.dll
 0002:00000018       __imp__GetDeviceCaps@8     00461018     gdi32:GDI32.dll
 0002:0000001c       \177GDI32_NULL_THUNK_DATA  0046101c     gdi32:GDI32.dll
 0002:00000020       __imp__Sleep@4             00461020     kernel32:KERNEL32.dll
 0002:00000024       __imp__FreeConsole@0       00461024     kernel32:KERNEL32.dll
 0002:00000028       __imp__GetDriveTypeA@4     00461028     kernel32:KERNEL32.dll
 0002:0000002c       __imp__SetErrorMode@4      0046102c     kernel32:KERNEL32.dll
 0002:00000030       __imp__GetStdHandle@4      00461030     kernel32:KERNEL32.dll
 0002:00000034       __imp__AllocConsole@0      00461034     kernel32:KERNEL32.dll
 0002:00000038       __imp__ReadConsoleInputA@16 00461038     kernel32:KERNEL32.dll
 0002:0000003c       __imp__VirtualFree@12      0046103c     kernel32:KERNEL32.dll
 0002:00000040       __imp__WriteFile@20        00461040     kernel32:KERNEL32.dll
 0002:00000044       __imp__SetConsoleTextAttribute@8 00461044     kernel32:KERNEL32.dll
 0002:00000048       __imp__SetPriorityClass@8  00461048     kernel32:KERNEL32.dll
 0002:0000004c       __imp__GetCurrentProcess@0 0046104c     kernel32:KERNEL32.dll
 0002:00000050       __imp__GetVersionExA@4     00461050     kernel32:KERNEL32.dll
 0002:00000054       __imp__VirtualAlloc@16     00461054     kernel32:KERNEL32.dll
 0002:00000058       __imp__LoadLibraryA@4      00461058     kernel32:KERNEL32.dll
 0002:0000005c       __imp__GetStartupInfoA@4   0046105c     kernel32:KERNEL32.dll
 0002:00000060       __imp__GetModuleHandleA@4  00461060     kernel32:KERNEL32.dll
 0002:00000064       __imp__GetProcAddress@8    00461064     kernel32:KERNEL32.dll
 0002:00000068       __imp__FreeLibrary@4       00461068     kernel32:KERNEL32.dll
 0002:0000006c       __imp__IsBadReadPtr@8      0046106c     kernel32:KERNEL32.dll
 0002:00000070       __imp__VirtualQuery@12     00461070     kernel32:KERNEL32.dll
 0002:00000074       __imp__GetNumberOfConsoleInputEvents@8 00461074     kernel32:KERNEL32.dll
 0002:00000078       __imp__GetModuleFileNameA@12 00461078     kernel32:KERNEL32.dll
 0002:0000007c       \177KERNEL32_NULL_THUNK_DATA 0046107c     kernel32:KERNEL32.dll
 0002:00000080       __imp____p__commode        00461080     MSVCRT:MSVCRT.dll
 0002:00000084       __imp___adjust_fdiv        00461084     MSVCRT:MSVCRT.dll
 0002:00000088       __imp____p__fmode          00461088     MSVCRT:MSVCRT.dll
 0002:0000008c       __imp___initterm           0046108c     MSVCRT:MSVCRT.dll
 0002:00000090       __imp____getmainargs       00461090     MSVCRT:MSVCRT.dll
 0002:00000094       __imp___acmdln             00461094     MSVCRT:MSVCRT.dll
 0002:00000098       __imp___XcptFilter         00461098     MSVCRT:MSVCRT.dll
 0002:0000009c       __imp___exit               0046109c     MSVCRT:MSVCRT.dll
 0002:000000a0       __imp_??1type_info@@UAE@XZ 004610a0     MSVCRT:MSVCRT.dll
 0002:000000a4       __imp__fflush              004610a4     MSVCRT:MSVCRT.dll
 0002:000000a8       __imp___winmajor           004610a8     MSVCRT:MSVCRT.dll
 0002:000000ac       __imp__asin                004610ac     MSVCRT:MSVCRT.dll
 0002:000000b0       __imp__pow                 004610b0     MSVCRT:MSVCRT.dll
 0002:000000b4       __imp__exit                004610b4     MSVCRT:MSVCRT.dll
 0002:000000b8       __imp___findclose          004610b8     MSVCRT:MSVCRT.dll
 0002:000000bc       __imp___findnext           004610bc     MSVCRT:MSVCRT.dll
 0002:000000c0       __imp___findfirst          004610c0     MSVCRT:MSVCRT.dll
 0002:000000c4       __imp___mkdir              004610c4     MSVCRT:MSVCRT.dll
 0002:000000c8       __imp__memset              004610c8     MSVCRT:MSVCRT.dll
 0002:000000cc       __imp__memcpy              004610cc     MSVCRT:MSVCRT.dll
 0002:000000d0       __imp__remove              004610d0     MSVCRT:MSVCRT.dll
 0002:000000d4       __imp__srand               004610d4     MSVCRT:MSVCRT.dll
 0002:000000d8       __imp__strstr              004610d8     MSVCRT:MSVCRT.dll
 0002:000000dc       __imp__memmove             004610dc     MSVCRT:MSVCRT.dll
 0002:000000e0       __imp__atan                004610e0     MSVCRT:MSVCRT.dll
 0002:000000e4       __imp__strncpy             004610e4     MSVCRT:MSVCRT.dll
 0002:000000e8       __imp__sscanf              004610e8     MSVCRT:MSVCRT.dll
 0002:000000ec       __imp__sqrt                004610ec     MSVCRT:MSVCRT.dll
 0002:000000f0       __imp____set_app_type      004610f0     MSVCRT:MSVCRT.dll
 0002:000000f4       __imp___controlfp          004610f4     MSVCRT:MSVCRT.dll
 0002:000000f8       __imp___stricmp            004610f8     MSVCRT:MSVCRT.dll
 0002:000000f8       __imp__stricmp             004610f8     MSVCRT:MSVCRT.dll
 0002:000000fc       __imp___strnicmp           004610fc     MSVCRT:MSVCRT.dll
 0002:000000fc       __imp__strnicmp            004610fc     MSVCRT:MSVCRT.dll
 0002:00000100       __imp____setusermatherr    00461100     MSVCRT:MSVCRT.dll
 0002:00000104       __imp__acos                00461104     MSVCRT:MSVCRT.dll
 0002:00000108       __imp__atan2               00461108     MSVCRT:MSVCRT.dll
 0002:0000010c       __imp__fmod                0046110c     MSVCRT:MSVCRT.dll
 0002:00000110       __imp__atof                00461110     MSVCRT:MSVCRT.dll
 0002:00000114       __imp___ftol               00461114     MSVCRT:MSVCRT.dll
 0002:00000118       __imp__cos                 00461118     MSVCRT:MSVCRT.dll
 0002:0000011c       __imp__tan                 0046111c     MSVCRT:MSVCRT.dll
 0002:00000120       __imp__rand                00461120     MSVCRT:MSVCRT.dll
 0002:00000124       __imp__sin                 00461124     MSVCRT:MSVCRT.dll
 0002:00000128       __imp__atoi                00461128     MSVCRT:MSVCRT.dll
 0002:0000012c       __imp__fwrite              0046112c     MSVCRT:MSVCRT.dll
 0002:00000130       __imp__rename              00461130     MSVCRT:MSVCRT.dll
 0002:00000134       __imp__fseek               00461134     MSVCRT:MSVCRT.dll
 0002:00000138       __imp__ftell               00461138     MSVCRT:MSVCRT.dll
 0002:0000013c       __imp___putenv             0046113c     MSVCRT:MSVCRT.dll
 0002:0000013c       __imp__putenv              0046113c     MSVCRT:MSVCRT.dll
 0002:00000140       __imp__strcmp              00461140     MSVCRT:MSVCRT.dll
 0002:00000144       __imp__time                00461144     MSVCRT:MSVCRT.dll
 0002:00000148       __imp__localtime           00461148     MSVCRT:MSVCRT.dll
 0002:0000014c       __imp__strftime            0046114c     MSVCRT:MSVCRT.dll
 0002:00000150       __imp__fprintf             00461150     MSVCRT:MSVCRT.dll
 0002:00000154       __imp__strcat              00461154     MSVCRT:MSVCRT.dll
 0002:00000158       __imp__strrchr             00461158     MSVCRT:MSVCRT.dll
 0002:0000015c       __imp__strlen              0046115c     MSVCRT:MSVCRT.dll
 0002:00000160       __imp___except_handler3    00461160     MSVCRT:MSVCRT.dll
 0002:00000164       __imp__fclose              00461164     MSVCRT:MSVCRT.dll
 0002:00000168       __imp__fread               00461168     MSVCRT:MSVCRT.dll
 0002:0000016c       __imp__fopen               0046116c     MSVCRT:MSVCRT.dll
 0002:00000170       __imp__malloc              00461170     MSVCRT:MSVCRT.dll
 0002:00000174       __imp__free                00461174     MSVCRT:MSVCRT.dll
 0002:00000178       __imp__qsort               00461178     MSVCRT:MSVCRT.dll
 0002:0000017c       __imp___vsnprintf          0046117c     MSVCRT:MSVCRT.dll
 0002:00000180       __imp___CxxThrowException@8 00461180     MSVCRT:MSVCRT.dll
 0002:00000184       __imp__strncat             00461184     MSVCRT:MSVCRT.dll
 0002:00000188       __imp__strcpy              00461188     MSVCRT:MSVCRT.dll
 0002:0000018c       __imp__strchr              0046118c     MSVCRT:MSVCRT.dll
 0002:00000190       \177MSVCRT_NULL_THUNK_DATA 00461190     MSVCRT:MSVCRT.dll
 0002:00000194       __imp__DefWindowProcA@16   00461194     user32:USER32.dll
 0002:00000198       __imp__ShowCursor@4        00461198     user32:USER32.dll
 0002:0000019c       __imp__ReleaseCapture@0    0046119c     user32:USER32.dll
 0002:000001a0       __imp__ClipCursor@4        004611a0     user32:USER32.dll
 0002:000001a4       __imp__SetCursorPos@8      004611a4     user32:USER32.dll
 0002:000001a8       __imp__GetCursorPos@4      004611a8     user32:USER32.dll
 0002:000001ac       __imp__SetCursor@4         004611ac     user32:USER32.dll
 0002:000001b0       __imp__SetCapture@4        004611b0     user32:USER32.dll
 0002:000001b4       __imp__GetWindowRect@8     004611b4     user32:USER32.dll
 0002:000001b8       __imp__GetSystemMetrics@4  004611b8     user32:USER32.dll
 0002:000001bc       __imp__DispatchMessageA@4  004611bc     user32:USER32.dll
 0002:000001c0       __imp__TranslateMessage@4  004611c0     user32:USER32.dll
 0002:000001c4       __imp__PeekMessageA@20     004611c4     user32:USER32.dll
 0002:000001c8       __imp__MessageBoxA@16      004611c8     user32:USER32.dll
 0002:000001cc       __imp__CreateWindowExA@48  004611cc     user32:USER32.dll
 0002:000001d0       __imp__RegisterClassA@4    004611d0     user32:USER32.dll
 0002:000001d4       __imp__LoadCursorA@8       004611d4     user32:USER32.dll
 0002:000001d8       __imp__LoadIconA@8         004611d8     user32:USER32.dll
[...]
 0001:0005d77e       _start_input_pass          0045e77e f   lib:jddiffct.obj
 0001:0005d7e6       _start_iMCU_row            0045e7e6 f   lib:jddiffct.obj
 0001:0005d82b       _start_output_pass         0045e82b f   lib:jddiffct.obj
 0001:0005d837       _decompress_data           0045e837 f   lib:jddiffct.obj
 0001:0005d9a7       _process_restart           0045e9a7 f   lib:jddiffct.obj
 0001:00035469       _dummy_consume_data        00436469 f   vid_dll.obj
 0001:0005d9dc       _consume_data              0045e9dc f   lib:jddiffct.obj
 0001:0005da53       _output_data               0045ea53 f   lib:jddiffct.obj
 0001:0005d4da       _start_pass                0045e4da f   lib:jddctmgr.obj
 0001:0005c92c       _start_pass_phuff_decoder  0045d92c f   lib:jdphuff.obj
 0001:0005cb75       _decode_mcu_DC_first       0045db75 f   lib:jdphuff.obj
 0001:0005cd6d       _process_restart           0045dd6d f   lib:jdphuff.obj
 0001:0005cddc       _decode_mcu_AC_first       0045dddc f   lib:jdphuff.obj
 0001:0005cffc       _decode_mcu_DC_refine      0045dffc f   lib:jdphuff.obj
 0001:0005d0d1       _decode_mcu_AC_refine      0045e0d1 f   lib:jdphuff.obj
 0001:0005c373       _start_pass_huff_decoder   0045d373 f   lib:jdshuff.obj
 0001:0005c4ab       _decode_mcu                0045d4ab f   lib:jdshuff.obj
 0001:0005c85b       _process_restart           0045d85b f   lib:jdshuff.obj
 0001:0005b75c       _start_input_pass          0045c75c f   lib:jdcoefct.obj
 0001:0005b76f       _start_iMCU_row            0045c76f f   lib:jdcoefct.obj
 0001:0005b7b4       _start_output_pass         0045c7b4 f   lib:jdcoefct.obj
 0001:0005b7f1       _decompress_onepass        0045c7f1 f   lib:jdcoefct.obj
 0001:00035469       _dummy_consume_data        00436469 f   vid_dll.obj
 0001:0005b9ca       _consume_data              0045c9ca f   lib:jdcoefct.obj
 0001:0005bb83       _decompress_data           0045cb83 f   lib:jdcoefct.obj
 0001:0005bcef       _smoothing_ok              0045ccef f   lib:jdcoefct.obj
 0001:0005bdda       _decompress_smooth_data    0045cdda f   lib:jdcoefct.obj
 0001:0005b5f5       _scaler_start_pass         0045c5f5 f   lib:jcscale.obj
 0001:0005b618       _simple_downscale          0045c618 f   lib:jcscale.obj
 0001:0005b644       _noscale                   0045c644 f   lib:jcscale.obj
 0001:0005b0ed       _start_pass                0045c0ed f   lib:jcpred.obj
 0001:0005b145       _reset_predictor           0045c145 f   lib:jcpred.obj
 0001:0005b172       _jpeg_difference_first_row 0045c172 f   lib:jcpred.obj
 0001:0005b25c       _jpeg_difference1          0045c25c f   lib:jcpred.obj
 0001:0005b2ca       _jpeg_difference2          0045c2ca f   lib:jcpred.obj
 0001:0005b33b       _jpeg_difference3          0045c33b f   lib:jcpred.obj
 0001:0005b3b3       _jpeg_difference4          0045c3b3 f   lib:jcpred.obj
 0001:0005b43e       _jpeg_difference5          0045c43e f   lib:jcpred.obj
 0001:0005b4d1       _jpeg_difference6          0045c4d1 f   lib:jcpred.obj
 0001:0005b560       _jpeg_difference7          0045c560 f   lib:jcpred.obj
 0001:0005a9dc       _start_pass_huff           0045b9dc f   lib:jclhuff.obj
 0001:0005ab79       _encode_mcus_huff          0045bb79 f   lib:jclhuff.obj
 0001:0005ad64       _emit_bits                 0045bd64 f   lib:jclhuff.obj
 0001:0005ae07       _dump_buffer               0045be07 f   lib:jclhuff.obj
 0001:0005ae2b       _emit_restart              0045be2b f   lib:jclhuff.obj
 0001:0005ae76       _flush_bits                0045be76 f   lib:jclhuff.obj
 0001:0005ae9a       _finish_pass_huff          0045be9a f   lib:jclhuff.obj
 0001:0005af07       _encode_mcus_gather        0045bf07 f   lib:jclhuff.obj
 0001:0005b030       _finish_pass_gather        0045c030 f   lib:jclhuff.obj
 0001:0005b0c6       _need_optimization_pass    0045c0c6 f   lib:jclhuff.obj
 0001:0005a5ba       _start_pass_diff           0045b5ba f   lib:jcdiffct.obj
 0001:0005a658       _start_iMCU_row            0045b658 f   lib:jcdiffct.obj
 0001:0005a69a       _compress_data             0045b69a f   lib:jcdiffct.obj
 0001:0005a830       _compress_first_pass       0045b830 f   lib:jcdiffct.obj
 0001:0005a925       _compress_output           0045b925 f   lib:jcdiffct.obj
 0001:0005a1cd       _start_pass_fdctmgr        0045b1cd f   lib:jcdctmgr.obj
 0001:0005a2cf       _forward_DCT_float         0045b2cf f   lib:jcdctmgr.obj
 0001:00059702       _start_pass_phuff          0045a702 f   lib:jcphuff.obj
 0001:0005986f       _encode_mcu_DC_first       0045a86f f   lib:jcphuff.obj
 0001:000599a1       _emit_bits                 0045a9a1 f   lib:jcphuff.obj
 0001:00059a4c       _dump_buffer               0045aa4c f   lib:jcphuff.obj
 0001:00059a84       _emit_symbol               0045aa84 f   lib:jcphuff.obj
 0001:00059ac4       _emit_restart              0045aac4 f   lib:jcphuff.obj
 0001:00059b4d       _emit_eobrun               0045ab4d f   lib:jcphuff.obj
 0001:00059bd3       _encode_mcu_AC_first       0045abd3 f   lib:jcphuff.obj
 0001:00059d67       _encode_mcu_DC_refine      0045ad67 f   lib:jcphuff.obj
 0001:00059e21       _encode_mcu_AC_refine      0045ae21 f   lib:jcphuff.obj
 0001:0005a038       _finish_pass_phuff         0045b038 f   lib:jcphuff.obj
 0001:0005a087       _finish_pass_gather_phuff  0045b087 f   lib:jcphuff.obj
 0001:0005a14a       _need_optimization_pass    0045b14a f   lib:jcphuff.obj
 0001:00058e9d       _start_pass_huff           00459e9d f   lib:jcshuff.obj
 0001:00059012       _encode_mcu_huff           0045a012 f   lib:jcshuff.obj
 0001:0005911d       _encode_one_block          0045a11d f   lib:jcshuff.obj
 0001:00059294       _emit_bits                 0045a294 f   lib:jcshuff.obj
 0001:00059337       _dump_buffer               0045a337 f   lib:jcshuff.obj
 0001:0005935b       _emit_restart              0045a35b f   lib:jcshuff.obj
 0001:000593c8       _flush_bits                0045a3c8 f   lib:jcshuff.obj
 0001:000593ec       _finish_pass_huff          0045a3ec f   lib:jcshuff.obj
 0001:0005945b       _encode_mcu_gather         0045a45b f   lib:jcshuff.obj
 0001:00059511       _htest_one_block           0045a511 f   lib:jcshuff.obj
 0001:000595d8       _finish_pass_gather        0045a5d8 f   lib:jcshuff.obj
 0001:0005b0c6       _need_optimization_pass    0045c0c6 f   lib:jclhuff.obj
 0001:00058870       _start_pass_coef           00459870 f   lib:jccoefct.obj
 0001:0005a658       _start_iMCU_row            0045b658 f   lib:jcdiffct.obj
 0001:00058905       _compress_data             00459905 f   lib:jccoefct.obj
 0001:00058aec       _compress_first_pass       00459aec f   lib:jccoefct.obj
 0001:00058cd2       _compress_output           00459cd2 f   lib:jccoefct.obj
 0001:00058788       _calc_output_dimensions    00459788 f   lib:jdlossls.obj
 0001:00058799       _start_input_pass          00459799 f   lib:jdlossls.obj
 0001:000584c7       _calc_output_dimensions    004594c7 f   lib:jdlossy.obj
 0001:0005863a       _start_input_pass          0045963a f   lib:jdlossy.obj
 0001:0005865a       _latch_quant_tables        0045965a f   lib:jdlossy.obj
 0001:000586f2       _start_output_pass         004596f2 f   lib:jdlossy.obj
 0001:00058416       _start_pass                00459416 f   lib:jclossls.obj
 0001:00058382       _start_pass                00459382 f   lib:jclossy.obj
 0001:000578d7       _initial_setup             004588d7 f   lib:jcmaster.obj
 0001:00057a8a       _validate_script           00458a8a f   lib:jcmaster.obj
 0001:00057e62       _prepare_for_pass          00458e62 f   lib:jcmaster.obj
 0001:00057fda       _select_scan_parameters    00458fda f   lib:jcmaster.obj
 0001:000580db       _per_scan_setup            004590db f   lib:jcmaster.obj
 0001:00058286       _pass_startup              00459286 f   lib:jcmaster.obj
 0001:000582ad       _finish_pass_master        004592ad f   lib:jcmaster.obj
 0001:000573c3       _rgb_ycc_start             004583c3 f   lib:jccolor.obj
 0001:00057487       _rgb_ycc_convert           00458487 f   lib:jccolor.obj
 0001:00057586       _rgb_gray_convert          00458586 f   lib:jccolor.obj
 0001:0005760b       _cmyk_ycck_convert         0045860b f   lib:jccolor.obj
 0001:00057743       _grayscale_convert         00458743 f   lib:jccolor.obj
 0001:0005779d       _null_convert              0045879d f   lib:jccolor.obj
 0001:0003548f       _null_method               0043648f f   vid_dll.obj
 0001:0003548f       _start_pass_downsample     0043648f f   vid_dll.obj
 0001:00056b0f       _sep_downsample            00457b0f f   lib:jcsample.obj
 0001:00056b84       _int_downsample            00457b84 f   lib:jcsample.obj
 0001:00056c7c       _expand_right_edge         00457c7c f   lib:jcsample.obj
 0001:00056cd1       _fullsize_downsample       00457cd1 f   lib:jcsample.obj
 0001:00056d15       _h2v1_downsample           00457d15 f   lib:jcsample.obj
 0001:00056da9       _h2v2_downsample           00457da9 f   lib:jcsample.obj
 0001:00056e56       _h2v2_smooth_downsample    00457e56 f   lib:jcsample.obj
 0001:000570ce       _fullsize_smooth_downsample 004580ce f   lib:jcsample.obj
 0001:0005650b       _start_pass_prep           0045750b f   lib:jcprepct.obj
 0001:00056549       _pre_process_data          00457549 f   lib:jcprepct.obj
 0001:000566f7       _pre_process_context       004576f7 f   lib:jcprepct.obj
 0001:000568b0       _create_context_buffer     004578b0 f   lib:jcprepct.obj
 0001:00056383       _start_pass_main           00457383 f   lib:jcmainct.obj
 0001:000563c5       _process_data_simple_main  004573c5 f   lib:jcmainct.obj
 0001:00055959       _create_colormap           00456959 f   lib:jquant1.obj
 0001:00055a8b       _select_ncolors            00456a8b f   lib:jquant1.obj
 0001:00055b62       _create_colorindex         00456b62 f   lib:jquant1.obj
 0001:00055c8e       _alloc_fs_workspace        00456c8e f   lib:jquant1.obj
 0001:00055cca       _start_pass_1_quant        00456cca f   lib:jquant1.obj
 0001:00055d96       _create_odither_tables     00456d96 f   lib:jquant1.obj
 0001:00055df5       _make_odither_array        00456df5 f   lib:jquant1.obj
 0001:00055e58       _color_quantize            00456e58 f   lib:jquant1.obj
 0001:00055ee3       _color_quantize3           00456ee3 f   lib:jquant1.obj
 0001:00055f71       _quantize_ord_dither       00456f71 f   lib:jquant1.obj
 0001:0005605c       _quantize3_ord_dither      0045705c f   lib:jquant1.obj
 0001:0005615c       _quantize_fs_dither        0045715c f   lib:jquant1.obj
 0001:0003548f       _finish_pass_1_quant       0043648f f   vid_dll.obj
 0001:000562e0       _new_color_map_1_quant     004572e0 f   lib:jquant1.obj
 0001:0005491a       _init_error_limit          0045591a f   lib:jquant2.obj
 0001:000549b9       _start_pass_2_quant        004559b9 f   lib:jquant2.obj
 0001:00054abb       _prescan_quantize          00455abb f   lib:jquant2.obj
 0001:00054b2a       _pass2_no_dither           00455b2a f   lib:jquant2.obj
 0001:00054bd7       _fill_inverse_cmap         00455bd7 f   lib:jquant2.obj
 0001:00054ca2       _find_nearby_colors        00455ca2 f   lib:jquant2.obj
 0001:00054e46       _find_best_colors          00455e46 f   lib:jquant2.obj
 0001:00054f60       _pass2_fs_dither           00455f60 f   lib:jquant2.obj
 0001:000551cf       _finish_pass1              004561cf f   lib:jquant2.obj
 0001:000551f1       _select_colors             004561f1 f   lib:jquant2.obj
 0001:0005527d       _update_box                0045627d f   lib:jquant2.obj
 0001:00055617       _median_cut                00456617 f   lib:jquant2.obj
 0001:0005572b       _find_biggest_color_pop    0045672b f   lib:jquant2.obj
 0001:0005575a       _find_biggest_volume       0045675a f   lib:jquant2.obj
 0001:00055783       _compute_color             00456783 f   lib:jquant2.obj
 0001:0003548f       _finish_pass2              0043648f f   vid_dll.obj
 0001:000558bf       _new_color_map_2_quant     004568bf f   lib:jquant2.obj
 0001:00054331       _build_ycc_rgb_table       00455331 f   lib:jdmerge.obj
 0001:000543e1       _start_pass_merged_upsample 004553e1 f   lib:jdmerge.obj
 0001:000543f6       _merged_2v_upsample        004553f6 f   lib:jdmerge.obj
 0001:0005449d       _merged_1v_upsample        0045549d f   lib:jdmerge.obj
 0001:000544ce       _h2v1_merged_upsample      004554ce f   lib:jdmerge.obj
 0001:00054624       _h2v2_merged_upsample      00455624 f   lib:jdmerge.obj
 0001:00053ed5       _build_ycc_rgb_table       00454ed5 f   lib:jdcolor.obj
 0001:00053f85       _ycc_rgb_convert           00454f85 f   lib:jdcolor.obj
 0001:00054093       _null_convert              00455093 f   lib:jdcolor.obj
 0001:0005410b       _grayscale_convert         0045510b f   lib:jdcolor.obj
 0001:0005412e       _gray_rgb_convert          0045512e f   lib:jdcolor.obj
 0001:00054187       _ycck_cmyk_convert         00455187 f   lib:jdcolor.obj
 0001:0003548f       _start_pass_dcolor         0043648f f   vid_dll.obj
 0001:00053936       _start_pass_upsample       00454936 f   lib:jdsample.obj
 0001:00053950       _sep_upsample              00454950 f   lib:jdsample.obj
 0001:00053a1d       _fullsize_upsample         00454a1d f   lib:jdsample.obj
 0001:00053a28       _noop_upsample             00454a28 f   lib:jdsample.obj
 0001:00053a30       _int_upsample              00454a30 f   lib:jdsample.obj
 0001:00053b1a       _h2v1_upsample             00454b1a f   lib:jdsample.obj
 0001:00053b71       _h2v2_upsample             00454b71 f   lib:jdsample.obj
 0001:00053be3       _h2v1_fancy_upsample       00454be3 f   lib:jdsample.obj
 0001:00053c86       _h2v2_fancy_upsample       00454c86 f   lib:jdsample.obj
 0001:0005353f       _start_pass_dpost          0045453f f   lib:jdpostct.obj
 0001:000535e5       _post_process_1pass        004545e5 f   lib:jdpostct.obj
 0001:0005364a       _post_process_prepass      0045464a f   lib:jdpostct.obj
 0001:000536db       _post_process_2pass        004546db f   lib:jdpostct.obj
 0001:00052f46       _alloc_funny_pointers      00453f46 f   lib:jdmainct.obj
 0001:00052ff3       _start_pass_main           00453ff3 f   lib:jdmainct.obj
 0001:0005305b       _make_funny_pointers       0045405b f   lib:jdmainct.obj
 0001:0005319b       _process_data_simple_main  0045419b f   lib:jdmainct.obj
 0001:00053203       _process_data_context_main 00454203 f   lib:jdmainct.obj
 0001:00053315       _set_wraparound_pointers   00454315 f   lib:jdmainct.obj
 0001:000533ff       _set_bottom_pointers       004543ff f   lib:jdmainct.obj
 0001:00053499       _process_data_crank_post   00454499 f   lib:jdmainct.obj
 0001:00051cb8       _write_marker_header       00452cb8 f   lib:jcmarker.obj
 0001:00051d0e       _emit_byte                 00452d0e f   lib:jcmarker.obj
 0001:00051d3f       _write_marker_byte         00452d3f f   lib:jcmarker.obj
 0001:00051d4f       _write_file_header         00452d4f f   lib:jcmarker.obj
 0001:00051d9b       _emit_jfif_app0            00452d9b f   lib:jcmarker.obj
 0001:00051e6e       _emit_adobe_app14          00452e6e f   lib:jcmarker.obj
 0001:00051f14       _write_frame_header        00452f14 f   lib:jcmarker.obj
 0001:00051ff3       _emit_dqt                  00452ff3 f   lib:jcmarker.obj
 0001:000520e2       _emit_sof                  004530e2 f   lib:jcmarker.obj
 0001:000521be       _write_scan_header         004531be f   lib:jcmarker.obj
 0001:0005227e       _emit_dht                  0045327e f   lib:jcmarker.obj
 0001:00052357       _emit_dri                  00453357 f   lib:jcmarker.obj
 0001:000523a6       _emit_sos                  004533a6 f   lib:jcmarker.obj
 0001:00052494       _write_file_trailer        00453494 f   lib:jcmarker.obj
 0001:000524b4       _write_tables_only         004534b4 f   lib:jcmarker.obj
 0001:0005180d       _use_merged_upsample       0045280d f   lib:jdmaster.obj
 0001:000518b3       _master_selection          004528b3 f   lib:jdmaster.obj
 0001:00051a10       _prepare_range_limit_table 00452a10 f   lib:jdmaster.obj
 0001:00051a96       _prepare_for_output_pass   00452a96 f   lib:jdmaster.obj
 0001:00051bb7       _finish_output_pass        00452bb7 f   lib:jdmaster.obj
 0001:00050c84       _alloc_small               00451c84 f   lib:jmemmgr.obj
 0001:00050da2       _alloc_large               00451da2 f   lib:jmemmgr.obj
 0001:00050e53       _alloc_sarray              00451e53 f   lib:jmemmgr.obj
 0001:00050eeb       _alloc_barray              00451eeb f   lib:jmemmgr.obj
 0001:00050f8f       _alloc_darray              00451f8f f   lib:jmemmgr.obj
 0001:0005103a       _request_virt_sarray       0045203a f   lib:jmemmgr.obj
 0001:0005109b       _request_virt_barray       0045209b f   lib:jmemmgr.obj
 0001:000510fc       _realize_virt_arrays       004520fc f   lib:jmemmgr.obj
 0001:0005127f       _access_virt_sarray        0045227f f   lib:jmemmgr.obj
 0001:0005139f       _do_sarray_io              0045239f f   lib:jmemmgr.obj
 0001:0005142f       _access_virt_barray        0045242f f   lib:jmemmgr.obj
 0001:00051554       _do_barray_io              00452554 f   lib:jmemmgr.obj
 0001:000515e5       _free_pool                 004525e5 f   lib:jmemmgr.obj
 0001:000516cc       _self_destruct             004526cc f   lib:jmemmgr.obj
 0001:0005071e       _start_input_pass          0045171e f   lib:jdinput.obj
 0001:0005074c       _per_scan_setup            0045174c f   lib:jdinput.obj
 0001:000508d2       _finish_input_pass         004518d2 f   lib:jdinput.obj
 0001:000508e3       _consume_markers           004518e3 f   lib:jdinput.obj
 0001:0005097f       _initial_setup             0045197f f   lib:jdinput.obj
 0001:00050b89       _reset_input_controller    00451b89 f   lib:jdinput.obj
 0001:000504d7       _fixedtables               004514d7 f   lib:inflate.obj
 0001:000505c1       _updatewindow              004515c1 f   lib:inflate.obj
 0001:0004ef37       _make_crc_table            0044ff37 f   lib:crc32.obj
 0001:0004f063       _crc32_little              00450063 f   lib:crc32.obj
 0001:0004ee73       _init_destination          0044fe73 f   lib:jdatadst.obj
 0001:0004ee99       _empty_output_buffer       0044fe99 f   lib:jdatadst.obj
 0001:0004eedb       _term_destination          0044fedb f   lib:jdatadst.obj
 0001:0004e9fa       _std_huff_tables           0044f9fa f   lib:jcparam.obj
 0001:0004ea54       _add_huff_table            0044fa54 f   lib:jcparam.obj
 0001:0004cf47       _next_marker               0044df47 f   lib:jdmarker.obj
 0001:0004d081       _get_interesting_appn      0044e081 f   lib:jdmarker.obj
 0001:0004d1ac       _examine_app0              0044e1ac f   lib:jdmarker.obj
 0001:0004d3ba       _examine_app14             0044e3ba f   lib:jdmarker.obj
 0001:0004d47b       _skip_variable             0044e47b f   lib:jdmarker.obj
 0001:0004d51e       _read_markers              0044e51e f   lib:jdmarker.obj
 0001:0004d726       _get_soi                   0044e726 f   lib:jdmarker.obj
 0001:0004d7d1       _get_sof                   0044e7d1 f   lib:jdmarker.obj
 0001:0004dada       _get_sos                   0044eada f   lib:jdmarker.obj
 0001:0004ddc8       _get_dht                   0044edc8 f   lib:jdmarker.obj
 0001:0004e069       _get_dqt                   0044f069 f   lib:jdmarker.obj
 0001:0004e2c5       _get_dri                   0044f2c5 f   lib:jdmarker.obj
 0001:0004e3a4       _first_marker              0044f3a4 f   lib:jdmarker.obj
 0001:0004e440       _read_restart_marker       0044f440 f   lib:jdmarker.obj
 0001:0004e4be       _reset_marker_reader       0044f4be f   lib:jdmarker.obj
 0001:0004cd2b       _output_pass_setup         0044dd2b f   lib:jdapistd.obj
 0001:0004ca1e       _default_decompress_parms  0044da1e f   lib:jdapimin.obj

 71 bytes saved through ICF

