 quake2

 Timestamp is 3e75f1bd (Mon Mar 17 19:03:09 2003)

 Preferred load address is 00400000

 Start         Length     Name                   Class
 0001:00000000 00069a30H .text                   CODE
 0002:00000000 00000360H .idata$5                DATA
 0002:00000360 0000199cH .rdata                  DATA
 0002:00001cfc 00000078H .idata$2                DATA
 0002:00001d74 00000014H .idata$3                DATA
 0002:00001d88 00000360H .idata$4                DATA
 0002:000020e8 00000b58H .idata$6                DATA
 0002:00002c40 00000000H .edata                  DATA
 0003:00000000 00000004H .CRT$XCA                DATA
 0003:00000004 00000004H .CRT$XCZ                DATA
 0003:00000008 00000004H .CRT$XIA                DATA
 0003:0000000c 00000004H .CRT$XIZ                DATA
 0003:00000010 00014b64H .data                   DATA
 0003:00014b78 00a4dfc4H .bss                    DATA
 0004:00000000 000000a0H .rsrc$01                DATA
 0004:000000a0 00000300H .rsrc$02                DATA

  Address         Publics by Value              Rva+Base     Lib:Object

 0001:00000000       _CDAudio_Play2             00401000 f   cd_win.obj
 0001:000001e5       _CDAudio_Play              004011e5 f   cd_win.obj
 0001:000001fc       _CDAudio_Stop              004011fc f   cd_win.obj
 0001:00000241       _CDAudio_Pause             00401241 f   cd_win.obj
 0001:0000029a       _CDAudio_Resume            0040129a f   cd_win.obj
 0001:0000030c       _CDAudio_MessageHandler    0040130c f   cd_win.obj
 0001:000003a3       _CDAudio_Update            004013a3 f   cd_win.obj
 0001:000003da       _CDAudio_Init              004013da f   cd_win.obj
 0001:000007d1       _CDAudio_Shutdown          004017d1 f   cd_win.obj
 0001:00000804       _CDAudio_Activate          00401804 f   cd_win.obj
 0001:00000815       _SCR_StopCinematic         00401815 f   cl_cin.obj
 0001:000008a1       _SCR_FinishCinematic       004018a1 f   cl_cin.obj
 0001:000008cb       _SCR_ReadNextFrame         004018cb f   cl_cin.obj
 0001:00000bec       _SCR_RunCinematic          00401bec f   cl_cin.obj
 0001:00000ce5       _SCR_DrawCinematic         00401ce5 f   cl_cin.obj
 0001:00000d84       _SCR_PlayCinematic         00401d84 f   cl_cin.obj
 0001:000010bc       _CL_ParseEntityBits        004020bc f   cl_ents.obj
 0001:0000111e       _CL_ParseDelta             0040211e f   cl_ents.obj
 0001:00001498       _CL_DeltaEntity            00402498 f   cl_ents.obj
 0001:00001605       _CL_ParsePacketEntities    00402605 f   cl_ents.obj
 0001:00001831       _CL_ParsePlayerstate       00402831 f   cl_ents.obj
 0001:00001b3f       _CL_FireEntityEvents       00402b3f f   cl_ents.obj
 0001:00001b91       _CL_ParseFrame             00402b91 f   cl_ents.obj
 0001:00001e30       _CL_OffsetThirdPersonView  00402e30 f   cl_ents.obj
 0001:00001f13       _CL_CalcViewValues         00402f13 f   cl_ents.obj
 0001:000021cb       _CL_AddEntities            004031cb f   cl_ents.obj
 0001:00002f04       _CL_GetEntitySoundOrigin   00403f04 f   cl_ents.obj
 0001:00002f40       _CL_ClearLightStyles       00403f40 f   cl_fx.obj
 0001:00002fc4       _CL_RunLightStyles         00403fc4 f   cl_fx.obj
 0001:0000305e       _CL_SetLightstyle          0040405e f   cl_fx.obj
 0001:000030c8       _CL_AllocDlight            004040c8 f   cl_fx.obj
 0001:00003133       _CL_RunDLights             00404133 f   cl_fx.obj
 0001:00003185       _CL_AddDLights             00404185 f   cl_fx.obj
 0001:000031ce       _CL_ClearParticles         004041ce f   cl_fx.obj
 0001:0000320e       _CL_AllocParticleTrace     0040420e f   cl_fx.obj
 0001:000032b3       _CL_AllocParticle          004042b3 f   cl_fx.obj
 0001:00003302       _CL_UpdateParticles        00404302 f   cl_fx.obj
 0001:000037e9       _CL_MetalSparks            004047e9 f   cl_fx.obj
 0001:000038c8       _CL_ParseMuzzleFlash       004048c8 f   cl_fx.obj
 0001:000040e3       _CL_ParseMuzzleFlash2      004050e3 f   cl_fx.obj
 0001:000047c2       _CL_ParticleEffect         004057c2 f   cl_fx.obj
 0001:00004891       _CL_ParticleEffect2        00405891 f   cl_fx.obj
 0001:0000495c       _CL_ParticleEffect3        0040595c f   cl_fx.obj
 0001:00004a2c       _CL_TeleporterParticles    00405a2c f   cl_fx.obj
 0001:00004ae3       _CL_LogoutEffect           00405ae3 f   cl_fx.obj
 0001:00004bce       _CL_ItemRespawnParticles   00405bce f   cl_fx.obj
 0001:00004c7d       _CL_ExplosionParticles     00405c7d f   cl_fx.obj
 0001:00004d27       _CL_BigTeleportParticles   00405d27 f   cl_fx.obj
 0001:00004e7e       _CL_BlasterParticles       00405e7e f   cl_fx.obj
 0001:00004f4a       _CL_BlasterTrail           00405f4a f   cl_fx.obj
 0001:00005043       _CL_FlagTrail              00406043 f   cl_fx.obj
 0001:00005149       _CL_DiminishingTrail       00406149 f   cl_fx.obj
 0001:000053b3       _CL_RocketTrail            004063b3 f   cl_fx.obj
 0001:000054e2       _CL_RailTrail              004064e2 f   cl_fx.obj
 0001:00005712       _CL_IonripperTrail         00406712 f   cl_fx.obj
 0001:00005826       _CL_BubbleTrail            00406826 f   cl_fx.obj
 0001:0000594a       _CL_FlyParticles           0040694a f   cl_fx.obj
 0001:00005aef       _CL_FlyEffect              00406aef f   cl_fx.obj
 0001:00005b72       _CL_BfgParticles           00406b72 f   cl_fx.obj
 0001:00005d4f       _CL_TrapParticles          00406d4f f   cl_fx.obj
 0001:00005ff1       _CL_BFGExplosionParticles  00406ff1 f   cl_fx.obj
 0001:0000609b       _CL_TeleportParticles      0040709b f   cl_fx.obj
 0001:000061d4       _CL_EntityEvent            004071d4 f   cl_fx.obj
 0001:000063b2       _CL_ClearEffects           004073b2 f   cl_fx.obj
 0001:000063d0       _KeyDown                   004073d0 f   cl_input.obj
 0001:00006446       _KeyUp                     00407446 f   cl_input.obj
 0001:000064c0       _IN_KLookDown              004074c0 f   cl_input.obj
 0001:000064cc       _IN_KLookUp                004074cc f   cl_input.obj
 0001:000064d8       _IN_UpDown                 004074d8 f   cl_input.obj
 0001:000064e4       _IN_UpUp                   004074e4 f   cl_input.obj
 0001:000064f0       _IN_DownDown               004074f0 f   cl_input.obj
 0001:000064fc       _IN_DownUp                 004074fc f   cl_input.obj
 0001:00006508       _IN_LeftDown               00407508 f   cl_input.obj
 0001:00006514       _IN_LeftUp                 00407514 f   cl_input.obj
 0001:00006520       _IN_RightDown              00407520 f   cl_input.obj
 0001:0000652c       _IN_RightUp                0040752c f   cl_input.obj
 0001:00006538       _IN_ForwardDown            00407538 f   cl_input.obj
 0001:00006544       _IN_ForwardUp              00407544 f   cl_input.obj
 0001:00006550       _IN_BackDown               00407550 f   cl_input.obj
 0001:0000655c       _IN_BackUp                 0040755c f   cl_input.obj
 0001:00006568       _IN_LookupDown             00407568 f   cl_input.obj
 0001:00006574       _IN_LookupUp               00407574 f   cl_input.obj
 0001:00006580       _IN_LookdownDown           00407580 f   cl_input.obj
 0001:0000658c       _IN_LookdownUp             0040758c f   cl_input.obj
 0001:00006598       _IN_MoveleftDown           00407598 f   cl_input.obj
 0001:000065a4       _IN_MoveleftUp             004075a4 f   cl_input.obj
 0001:000065b0       _IN_MoverightDown          004075b0 f   cl_input.obj
 0001:000065bc       _IN_MoverightUp            004075bc f   cl_input.obj
 0001:000065c8       _IN_SpeedDown              004075c8 f   cl_input.obj
 0001:000065d4       _IN_SpeedUp                004075d4 f   cl_input.obj
 0001:000065e0       _IN_StrafeDown             004075e0 f   cl_input.obj
 0001:000065ec       _IN_StrafeUp               004075ec f   cl_input.obj
 0001:000065f8       _IN_AttackDown             004075f8 f   cl_input.obj
 0001:00006604       _IN_AttackUp               00407604 f   cl_input.obj
 0001:00006610       _IN_UseDown                00407610 f   cl_input.obj
 0001:0000661c       _IN_UseUp                  0040761c f   cl_input.obj
 0001:00006628       _IN_Impulse                00407628 f   cl_input.obj
 0001:0000663e       _CL_KeyState               0040763e f   cl_input.obj
 0001:0000669c       _CL_AdjustAngles           0040769c f   cl_input.obj
 0001:000067ab       _CL_BaseMove               004077ab f   cl_input.obj
 0001:00006985       _CL_ClampPitch             00407985 f   cl_input.obj
 0001:00006a33       _CL_FinishMove             00407a33 f   cl_input.obj
 0001:00006aef       _CL_CreateCmd              00407aef f   cl_input.obj
 0001:00006b5b       _IN_CenterView             00407b5b f   cl_input.obj
 0001:00006b7c       _CL_InitInput              00407b7c f   cl_input.obj
 0001:00006d82       _CL_SendCmd                00407d82 f   cl_input.obj
 0001:00006f7c       _CL_ParseInventory         00407f7c f   cl_inv.obj
 0001:00006f9c       _CL_DrawInventory          00407f9c f   cl_inv.obj
 0001:000071fd       _CL_WriteDemoMessage       004081fd f   cl_main.obj
 0001:0000723f       _CL_Stop_f                 0040823f f   cl_main.obj
 0001:0000729a       _CL_Record_f               0040829a f   cl_main.obj
 0001:00007517       _Cmd_ForwardToServer       00408517 f   cl_main.obj
 0001:00007583       _CL_Setenv_f               00408583 f   cl_main.obj
 0001:00007647       _CL_ForwardToServer_f      00408647 f   cl_main.obj
 0001:00007695       _CL_Pause_f                00408695 f   cl_main.obj
 0001:000076ce       _CL_Quit_f                 004086ce f   cl_main.obj
 0001:000076d8       _CL_Drop                   004086d8 f   cl_main.obj
 0001:000076fa       _CL_SendConnectPacket      004086fa f   cl_main.obj
 0001:000077ce       _CL_CheckForResend         004087ce f   cl_main.obj
 0001:000078ae       _CL_Connect_f              004088ae f   cl_main.obj
 0001:0000792d       _CL_Rcon_f                 0040892d f   cl_main.obj
 0001:00007a7a       _CL_ClearState             00408a7a f   cl_main.obj
 0001:00007ab9       _CL_Disconnect             00408ab9 f   cl_main.obj
 0001:00007bf6       _CL_Disconnect_f           00408bf6 f   cl_main.obj
 0001:00007c05       _CL_Changing_f             00408c05 f   cl_main.obj
 0001:00007c29       _CL_Reconnect_f            00408c29 f   cl_main.obj
 0001:00007cc5       _CL_ParseStatusMessage     00408cc5 f   cl_main.obj
 0001:00007cfc       _CL_PingServers_f          00408cfc f   cl_main.obj
 0001:00007e56       _CL_Skins_f                00408e56 f   cl_main.obj
 0001:00007e92       _CL_ConnectionlessPacket   00408e92 f   cl_main.obj
 0001:000080d4       _CL_ReadPackets            004090d4 f   cl_main.obj
 0001:00008212       _CL_FixUpGender            00409212 f   cl_main.obj
 0001:000082c3       _CL_Userinfo_f             004092c3 f   cl_main.obj
 0001:000082db       _CL_Snd_Restart_f          004092db f   cl_main.obj
 0001:000082ea       _CL_RequestNextDownload    004092ea f   cl_main.obj
 0001:0000891a       _CL_Precache_f             0040991a f   cl_main.obj
 0001:000089e0       _CL_WriteConfiguration     004099e0 f   cl_main.obj
 0001:00008a71       _CL_WriteConfig_f          00409a71 f   cl_main.obj
 0001:00008ad0       _CL_InitLocal              00409ad0 f   cl_main.obj
 0001:00008cf0       _CL_FixCvarCheats          00409cf0 f   cl_main.obj
 0001:00008dad       _CL_SendCommand            00409dad f   cl_main.obj
 0001:00008dcb       _CL_Frame                  00409dcb f   cl_main.obj
 0001:00008f9f       _CL_Init                   00409f9f f   cl_main.obj
 0001:00008fec       _CL_Shutdown               00409fec f   cl_main.obj
 0001:00009032       _vectoangles2              0040a032 f   cl_newfx.obj
 0001:00009134       _CL_Flashlight             0040a134 f   cl_newfx.obj
 0001:00009184       _CL_ColorFlash             0040a184 f   cl_newfx.obj
 0001:000091d6       _CL_DebugTrail             0040a1d6 f   cl_newfx.obj
 0001:000092cd       _CL_ForceWall              0040a2cd f   cl_newfx.obj
 0001:00009407       _CL_BubbleTrail2           0040a407 f   cl_newfx.obj
 0001:00009537       _CL_Heatbeam               0040a537 f   cl_newfx.obj
 0001:000097af       _CL_ParticleSteamEffect    0040a7af f   cl_newfx.obj
 0001:000098bb       _CL_ParticleSteamEffect2   0040a8bb f   cl_newfx.obj
 0001:000099da       _CL_TrackerTrail           0040a9da f   cl_newfx.obj
 0001:00009b1f       _CL_Tracker_Shell          0040ab1f f   cl_newfx.obj
 0001:00009b96       _CL_MonsterPlasma_Shell    0040ab96 f   cl_newfx.obj
 0001:00009c0a       _CL_Widowbeamout           0040ac0a f   cl_newfx.obj
 0001:00009cb1       _CL_Nukeblast              0040acb1 f   cl_newfx.obj
 0001:00009d58       _CL_WidowSplash            0040ad58 f   cl_newfx.obj
 0001:00009e13       _CL_TagTrail               0040ae13 f   cl_newfx.obj
 0001:00009f19       _CL_ColorExplosionParticles 0040af19 f   cl_newfx.obj
 0001:00009fc6       _CL_ParticleSmokeEffect    0040afc6 f   cl_newfx.obj
 0001:0000a0d0       _CL_BlasterParticles2      0040b0d0 f   cl_newfx.obj
 0001:0000a19d       _CL_BlasterTrail2          0040b19d f   cl_newfx.obj
 0001:0000a296       _CL_DownloadFileName       0040b296 f   cl_parse.obj
 0001:0000a2d5       _CL_CheckOrDownloadFile    0040b2d5 f   cl_parse.obj
 0001:0000a50d       _CL_Download_f             0040b50d f   cl_parse.obj
 0001:0000a5d5       _CL_RegisterSounds         0040b5d5 f   cl_parse.obj
 0001:0000a614       _CL_ParseDownload          0040b614 f   cl_parse.obj
 0001:0000a781       _CL_ParseServerData        0040b781 f   cl_parse.obj
 0001:0000a890       _CL_ParseBaseline          0040b890 f   cl_parse.obj
 0001:0000a8d8       _CL_LoadClientinfo         0040b8d8 f   cl_parse.obj
 0001:0000aba3       _CL_ParseClientinfo        0040bba3 f   cl_parse.obj
 0001:0000abc7       _CL_ParseConfigString      0040bbc7 f   cl_parse.obj
 0001:0000ad4b       _CL_ParseStartSoundPacket  0040bd4b f   cl_parse.obj
 0001:0000ae4d       _CL_ParseServerMessage     0040be4d f   cl_parse.obj
 0001:0000b120       _CL_CheckPredictionError   0040c120 f   cl_pred.obj
 0001:0000b23f       _CL_ClipMoveToEntities     0040c23f f   cl_pred.obj
 0001:0000b4b2       _CL_PMTrace                0040c4b2 f   cl_pred.obj
 0001:0000b521       _CL_PMpointcontents        0040c521 f   cl_pred.obj
 0001:0000b5d3       _CL_PredictMovement        0040c5d3 f   cl_pred.obj
 0001:0000b7dc       _CL_AddNetgraph            0040c7dc f   cl_scrn.obj
 0001:0000b8b6       _SCR_DebugGraph            0040c8b6 f   cl_scrn.obj
 0001:0000b8de       _SCR_DrawDebugGraph        0040c8de f   cl_scrn.obj
 0001:0000b9bd       _SCR_CenterPrint           0040c9bd f   cl_scrn.obj
 0001:0000bace       _SCR_DrawCenterString      0040cace f   cl_scrn.obj
 0001:0000bc23       _SCR_SizeUp_f              0040cc23 f   cl_scrn.obj
 0001:0000bc3c       _SCR_SizeDown_f            0040cc3c f   cl_scrn.obj
 0001:0000bc5d       _SCR_Sky_f                 0040cc5d f   cl_scrn.obj
 0001:0000bd08       _SCR_Init                  0040cd08 f   cl_scrn.obj
 0001:0000bd6d       _SCR_DrawNet               0040cd6d f   cl_scrn.obj
 0001:0000bda8       _SCR_DrawPause             0040cda8 f   cl_scrn.obj
 0001:0000be11       _SCR_RunConsole            0040ce11 f   cl_scrn.obj
 0001:0000beb9       _SCR_DrawConsole           0040ceb9 f   cl_scrn.obj
 0001:0000bf51       _SCR_SetLevelshot          0040cf51 f   cl_scrn.obj
 0001:0000bfb5       _SCR_DrawLoading           0040cfb5 f   cl_scrn.obj
 0001:0000c06e       _SCR_BeginLoadingPlaque    0040d06e f   cl_scrn.obj
 0001:0000c0ce       _SCR_EndLoadingPlaque      0040d0ce f   cl_scrn.obj
 0001:0000c0ec       _SCR_Loading_f             0040d0ec f   cl_scrn.obj
 0001:0000c0f1       _SCR_TimeRefresh_f         0040d0f1 f   cl_scrn.obj
 0001:0000c1c8       _SCR_AddDirtyPoint         0040d1c8 f   cl_scrn.obj
 0001:0000c205       _SCR_DirtyScreen           0040d205 f   cl_scrn.obj
 0001:0000c280       _SCR_TileClear             0040d280 f   cl_scrn.obj
 0001:0000c45b       _DrawHUDString             0040d45b f   cl_scrn.obj
 0001:0000c50d       _SCR_DrawField             0040d50d f   cl_scrn.obj
 0001:0000c631       _SCR_TouchPics             0040d631 f   cl_scrn.obj
 0001:0000c6c4       _SCR_ExecuteLayoutString   0040d6c4 f   cl_scrn.obj
 0001:0000d075       _SCR_UpdateScreen          0040e075 f   cl_scrn.obj
 0001:0000d360       _CL_RegisterTEntSounds     0040e360 f   cl_tent.obj
 0001:0000d598       _CL_RegisterTEntModels     0040e598 f   cl_tent.obj
 0001:0000d71e       _CL_ClearTEnts             0040e71e f   cl_tent.obj
 0001:0000d775       _CL_AllocExplosion         0040e775 f   cl_tent.obj
 0001:0000d7c7       _CL_AddExplosions          0040e7c7 f   cl_tent.obj
 0001:0000da16       _CL_SmokeAndFlash          0040ea16 f   cl_tent.obj
 0001:0000da7d       _CL_ParseBeam              0040ea7d f   cl_tent.obj
 0001:0000db6c       _CL_ParseBeam2             0040eb6c f   cl_tent.obj
 0001:0000dc6c       _CL_ParsePlayerBeam        0040ec6c f   cl_tent.obj
 0001:0000dda8       _CL_ParseLightning         0040eda8 f   cl_tent.obj
 0001:0000de7e       _CL_ParseLaser             0040ee7e f   cl_tent.obj
 0001:0000df23       _CL_ParseSteam             0040ef23 f   cl_tent.obj
 0001:0000e034       _CL_ParseWidow             0040f034 f   cl_tent.obj
 0001:0000e0a0       _CL_ParseNuke              0040f0a0 f   cl_tent.obj
 0001:0000e10a       _CL_ParseTEnt              0040f10a f   cl_tent.obj
 0001:0000ef20       _CL_AddBeams               0040ff20 f   cl_tent.obj
 0001:0000f249       _CL_AddPlayerBeams         00410249 f   cl_tent.obj
 0001:0000f950       _CL_AddLasers              00410950 f   cl_tent.obj
 0001:0000f975       _CL_ProcessSustain         00410975 f   cl_tent.obj
 0001:0000f9b6       _CL_AddTEnts               004109b6 f   cl_tent.obj
 0001:0000f9cf       _V_AddEntity               004109cf f   cl_view.obj
 0001:0000f9f9       _V_AddLight                004109f9 f   cl_view.obj
 0001:0000fa44       _V_TestParticles           00410a44 f   cl_view.obj
 0001:0000fb02       _V_TestEntities            00410b02 f   cl_view.obj
 0001:0000fba4       _V_TestLights              00410ba4 f   cl_view.obj
 0001:0000fc77       _CL_PrepRefresh            00410c77 f   cl_view.obj
 0001:0000ff4a       _CalcFov                   00410f4a f   cl_view.obj
 0001:0000ffc3       _V_Gun_Next_f              00410fc3 f   cl_view.obj
 0001:0000ffdc       _V_Gun_Prev_f              00410fdc f   cl_view.obj
 0001:0000fffe       _V_Gun_Model_f             00410ffe f   cl_view.obj
 0001:00010032       _SCR_DrawCrosshair         00411032 f   cl_view.obj
 0001:000100a7       _V_RenderView              004110a7 f   cl_view.obj
 0001:00010c68       _V_Viewpos_f               00411c68 f   cl_view.obj
 0001:00010ca6       _V_Init                    00411ca6 f   cl_view.obj
 0001:00010eaf       _Cbuf_Init                 00411eaf f   cmd.obj
 0001:00010ec7       _Cbuf_AddText              00411ec7 f   cmd.obj
 0001:00010f23       _Cbuf_InsertText           00411f23 f   cmd.obj
 0001:00010f7b       _Cbuf_CopyToDefer          00411f7b f   cmd.obj
 0001:00010fa7       _Cbuf_InsertFromDefer      00411fa7 f   cmd.obj
 0001:00010fba       _Cbuf_ExecuteText          00411fba f   cmd.obj
 0001:00010ff9       _Cbuf_Execute              00411ff9 f   cmd.obj
 0001:000110de       _Cbuf_AddEarlyCommands     004120de f   cmd.obj
 0001:00011160       _Cbuf_AddLateCommands      00412160 f   cmd.obj
 0001:00011275       _Cmd_Exec_f                00412275 f   cmd.obj
 0001:000112fa       _Cmd_Echo_f                004122fa f   cmd.obj
 0001:0001133c       _Cmd_Alias_f               0041233c f   cmd.obj
 0001:00011463       _Cmd_Unalias_f             00412463 f   cmd.obj
 0001:000114ef       _Cmd_WriteAliases          004124ef f   cmd.obj
 0001:00011518       _Cmd_Argc                  00412518 f   cmd.obj
 0001:0001151e       _Cmd_Argv                  0041251e f   cmd.obj
 0001:00011538       _Cmd_Args                  00412538 f   cmd.obj
 0001:0001153e       _Cmd_TokenizeString        0041253e f   cmd.obj
 0001:00011770       _Cmd_AddCommand            00412770 f   cmd.obj
 0001:000117d8       _Cmd_RemoveCommand         004127d8 f   cmd.obj
 0001:0001181a       _Cmd_ExecuteString         0041281a f   cmd.obj
 0001:000118f2       _Cmd_Init                  004128f2 f   cmd.obj
 0001:000119f5       _CMod_GetSurfMaterial      004129f5 f   cmodel.obj
 0001:00011a52       _CM_LoadMap                00412a52 f   cmodel.obj
 0001:000121bc       _CM_InlineModel            004131bc f   cmodel.obj
 0001:0001220b       _CM_NumClusters            0041320b f   cmodel.obj
 0001:00012211       _CM_NumInlineModels        00413211 f   cmodel.obj
 0001:00012217       _CM_EntityString           00413217 f   cmodel.obj
 0001:0001221d       _CM_LeafContents           0041321d f   cmodel.obj
 0001:00012247       _CM_LeafCluster            00413247 f   cmodel.obj
 0001:00012272       _CM_LeafArea               00413272 f   cmodel.obj
 0001:0001229d       _CM_InitBoxHull            0041329d f   cmodel.obj
 0001:0001247c       _CM_HeadnodeForBox         0041347c f   cmodel.obj
 0001:00012531       _CM_PointLeafnum           00413531 f   cmodel.obj
 0001:000125b4       _CM_BoxLeafnums            004135b4 f   cmodel.obj
 0001:000126c4       _CM_PointContents          004136c4 f   cmodel.obj
 0001:000126e9       _CM_TransformedPointContents 004136e9 f   cmodel.obj
 0001:000127ce       _CM_TransformedPointContents2 004137ce f   cmodel.obj
 0001:00012869       _CM_BoxTrace               00413869 f   cmodel.obj
 0001:0001328d       _CM_TransformedBoxTrace    0041428d f   cmodel.obj
 0001:00013500       _CM_TransformedBoxTrace2   00414500 f   cmodel.obj
 0001:000136b7       _CM_DecompressVis          004146b7 f   cmodel.obj
 0001:00013760       _CM_ClusterPVS             00414760 f   cmodel.obj
 0001:000137ad       _CM_ClusterPHS             004147ad f   cmodel.obj
 0001:000137fa       _FloodAreaConnections      004147fa f   cmodel.obj
 0001:000138b5       _CM_SetAreaPortalState     004148b5 f   cmodel.obj
 0001:000138e2       _CM_AreasConnected         004148e2 f   cmodel.obj
 0001:00013930       _CM_WriteAreaBits          00414930 f   cmodel.obj
 0001:000139c0       _CM_WritePortalState       004149c0 f   cmodel.obj
 0001:000139da       _CM_ReadPortalState        004149da f   cmodel.obj
 0001:000139f8       _CM_HeadnodeVisible        004149f8 f   cmodel.obj
 0001:00013a60       _Com_BeginRedirect         00414a60 f   common.obj
 0001:00013a9d       _Com_EndRedirect           00414a9d f   common.obj
 0001:00013ac8       _Com_Printf                00414ac8 f   common.obj
 0001:00013c27       _Com_DPrintf               00414c27 f   common.obj
 0001:00013c8b       _DebugPrintf               00414c8b f   common.obj
 0001:00013d33       _Com_WPrintf               00414d33 f   common.obj
 0001:00013d8c       _Com_Error                 00414d8c f   common.obj
 0001:00013e6a       _Com_Quit                  00414e6a f   common.obj
 0001:00013e9a       _MatchWildcard             00414e9a f   common.obj
 0001:00013fda       _MatchWildcard2            00414fda f   common.obj
 0001:00014026       _Com_ServerState           00415026 f   common.obj
 0001:0001402c       _Com_SetServerState        0041502c f   common.obj
 0001:00014036       _MSG_WriteByte             00415036 f   common.obj
 0001:00014036       _MSG_WriteChar             00415036 f   common.obj
 0001:0001404a       _MSG_WriteShort            0041504a f   common.obj
 0001:00014064       _MSG_WriteLong             00415064 f   common.obj
 0001:0001408e       _MSG_WriteFloat            0041508e f   common.obj
 0001:000140b4       _MSG_WriteString           004150b4 f   common.obj
 0001:000140ec       _MSG_WriteCoord            004150ec f   common.obj
 0001:00014115       _MSG_WritePos              00415115 f   common.obj
 0001:00014189       _MSG_WriteAngle            00415189 f   common.obj
 0001:000141ac       _MSG_WriteAngle16          004151ac f   common.obj
 0001:000141db       _MSG_WriteDeltaUsercmd     004151db f   common.obj
 0001:00014363       _MSG_WriteDir              00415363 f   common.obj
 0001:000143d0       _MSG_ReadDir               004153d0 f   common.obj
 0001:0001440e       _MSG_WriteDeltaEntity      0041540e f   common.obj
 0001:00014907       _MSG_BeginReading          00415907 f   common.obj
 0001:00014910       _MSG_ReadChar              00415910 f   common.obj
 0001:00014931       _MSG_ReadByte              00415931 f   common.obj
 0001:00014952       _MSG_ReadShort             00415952 f   common.obj
 0001:00014982       _MSG_ReadLong              00415982 f   common.obj
 0001:000149c1       _MSG_ReadString            004159c1 f   common.obj
 0001:000149f4       _MSG_ReadStringLine        004159f4 f   common.obj
 0001:00014a2c       _MSG_ReadCoord             00415a2c f   common.obj
 0001:00014a46       _MSG_ReadPos               00415a46 f   common.obj
 0001:00014a98       _MSG_ReadAngle             00415a98 f   common.obj
 0001:00014ab2       _MSG_ReadAngle16           00415ab2 f   common.obj
 0001:00014acc       _MSG_ReadDeltaUsercmd      00415acc f   common.obj
 0001:00014b83       _MSG_ReadData              00415b83 f   common.obj
 0001:00014ba6       _SZ_Init                   00415ba6 f   common.obj
 0001:00014bc8       _SZ_Clear                  00415bc8 f   common.obj
 0001:00014bd5       _SZ_GetSpace               00415bd5 f   common.obj
 0001:00014c3b       _SZ_Write                  00415c3b f   common.obj
 0001:00014c5c       _SZ_Print                  00415c5c f   common.obj
 0001:00014ca5       _COM_Argc                  00415ca5 f   common.obj
 0001:00014cab       _COM_Argv                  00415cab f   common.obj
 0001:00014ccc       _COM_ClearArgv             00415ccc f   common.obj
 0001:00014cf4       _COM_InitArgv              00415cf4 f   common.obj
 0001:00014d4f       _Info_Print                00415d4f f   common.obj
 0001:00014e0c       _COM_BlockSequenceCRCByte  00415e0c f   common.obj
 0001:00014e98       _frand                     00415e98 f   common.obj
 0001:00014eb5       _crand                     00415eb5 f   common.obj
 0001:00014ed8       _Qcommon_Init              00415ed8 f   common.obj
 0001:0001502c       _Qcommon_Frame             0041602c f   common.obj
 0001:00015348       _CCheckParm                00416348 f   conproc.obj
 0001:00015381       _InitConProc               00416381 f   conproc.obj
 0001:000154d3       _DeinitConProc             004164d3 f   conproc.obj
 0001:000154e4       _RequestProc@4             004164e4 f   conproc.obj
 0001:000155f5       _WriteText                 004165f5 f   conproc.obj
 0001:000156bc       _CharToCode                004166bc f   conproc.obj
 0001:00015744       _SetConsoleCXCY            00416744 f   conproc.obj
 0001:0001587b       _DrawStringCommon          0041687b f   console.obj
 0001:000158d8       _DrawString                004168d8 f   console.obj
 0001:000158fa       _DrawAltString             004168fa f   console.obj
 0001:0001591f       _Con_ToggleConsole_f       0041691f f   console.obj
 0001:000159a9       _Con_ClearNotify           004169a9 f   console.obj
 0001:000159b7       _Con_CheckResize           004169b7 f   console.obj
 0001:00015ad7       _Con_Init                  00416ad7 f   console.obj
 0001:00015d74       _Con_Print                 00416d74 f   console.obj
 0001:00016044       _Con_DrawNotify            00417044 f   console.obj
 0001:0001629e       _Con_DrawConsole           0041729e f   console.obj
 0001:000167da       _CRC_Block                 004177da f   crc.obj
 0001:00016816       _Cvar_VariableValue        00417816 f   cvar.obj
 0001:00016884       _Cvar_VariableInt          00417884 f   cvar.obj
 0001:00016897       _Cvar_VariableString       00417897 f   cvar.obj
 0001:000168af       _Cvar_Get                  004178af f   cvar.obj
 0001:00016b0b       _Cvar_GetVars              00417b0b f   cvar.obj
 0001:00016b5f       _Cvar_FullSet              00417b5f f   cvar.obj
 0001:00016bbc       _Cvar_SetValue             00417bbc f   cvar.obj
 0001:00016da7       _Cvar_SetInteger           00417da7 f   cvar.obj
 0001:00016dc9       _Cvar_Set                  00417dc9 f   cvar.obj
 0001:00016dde       _Cvar_ForceSet             00417dde f   cvar.obj
 0001:00016df3       _Cvar_Clamp                00417df3 f   cvar.obj
 0001:00016e7d       _Cvar_ClampName            00417e7d f   cvar.obj
 0001:00016ece       _Cvar_GetLatchedVars       00417ece f   cvar.obj
 0001:00016efd       _Cvar_Command              00417efd f   cvar.obj
 0001:00016f6b       _Cvar_WriteVariables       00417f6b f   cvar.obj
 0001:00016fd0       _Cvar_BitInfo              00417fd0 f   cvar.obj
 0001:00017009       _Cvar_Userinfo             00418009 f   cvar.obj
 0001:00017012       _Cvar_Serverinfo           00418012 f   cvar.obj
 0001:0001701b       _Cvar_Init                 0041801b f   cvar.obj
 0001:0001764f       _FS_CreatePath             0041864f f   files.obj
 0001:00017699       _Developer_searchpath      00418699 f   files.obj
 0001:000176de       _FS_FCloseFile             004186de f   files.obj
 0001:00017774       _FS_FOpenFile              00418774 f   files.obj
 0001:00017c9c       _FS_FileExists             00418c9c f   files.obj
 0001:00017ed6       _FS_Read                   00418ed6 f   files.obj
 0001:0001811e       _FS_LoadFile               0041911e f   files.obj
 0001:00018180       _FS_FreeFile               00419180 f   files.obj
 0001:0001818b       _FS_LoadPackFile           0041918b f   files.obj
 0001:000184c3       _FS_UnloadPackFile         004194c3 f   files.obj
 0001:00018510       _FS_AddGameDirectory       00419510 f   files.obj
 0001:000186a7       _FS_Gamedir                004196a7 f   files.obj
 0001:000186bb       _FS_LoadGameConfig         004196bb f   files.obj
 0001:00018780       _FS_SetGamedir             00419780 f   files.obj
 0001:00018919       _FS_ListFiles              00419919 f   files.obj
 0001:00018c4a       _FS_NextPath               00419c4a f   files.obj
 0001:00018c6e       _FS_InitFilesystem         00419c6e f   files.obj
 0001:00019634       _LoadPCX                   0041a634 f   images.obj
 0001:00019818       _LoadTGA                   0041a818 f   images.obj
 0001:00019bae       _LoadJPG                   0041abae f   images.obj
 0001:00019e41       _ImageExists               0041ae41 f   images.obj
 0001:00019f47       _WriteTGA                  0041af47 f   images.obj
 0001:00019ff3       _WriteJPG                  0041aff3 f   images.obj
 0001:0001a11b       _IN_MLookDown              0041b11b f   in_win.obj
 0001:0001a126       _IN_MLookUp                0041b126 f   in_win.obj
 0001:0001a149       _IN_StartupMouse           0041b149 f   in_win.obj
 0001:0001a1a3       _IN_MouseEvent             0041b1a3 f   in_win.obj
 0001:0001a220       _IN_Init                   0041b220 f   in_win.obj
 0001:0001a266       _IN_Shutdown               0041b266 f   in_win.obj
 0001:0001a34b       _IN_Activate               0041b34b f   in_win.obj
 0001:0001a362       _IN_Frame                  0041b362 f   in_win.obj
 0001:0001a736       _IN_Move                   0041b736 f   in_win.obj
 0001:0001a901       _IN_StartupJoystick        0041b901 f   in_win.obj
 0001:0001aa22       _Joy_AdvancedUpdate_f      0041ba22 f   in_win.obj
 0001:0001abb9       _IN_Commands               0041bbb9 f   in_win.obj
 0001:0001ace8       _IN_ReadJoystick           0041bce8 f   in_win.obj
 0001:0001ad23       _IN_JoyMove                0041bd23 f   in_win.obj
 0001:0001b073       _Key_StringToKeynum        0041c073 f   keys.obj
 0001:0001b0bd       _Key_KeynumToString        0041c0bd f   keys.obj
 0001:0001b110       _Key_Console               0041c110 f   keys.obj
 0001:0001be57       _Key_Message               0041ce57 f   keys.obj
 0001:0001bee8       _Key_SetBinding            0041cee8 f   keys.obj
 0001:0001bf42       _Key_Bindlist_f            0041cf42 f   keys.obj
 0001:0001bfde       _Key_WriteBindings         0041cfde f   keys.obj
 0001:0001c01c       _Key_Init                  0041d01c f   keys.obj
 0001:0001c2f2       _Key_Event                 0041d2f2 f   keys.obj
 0001:0001c5d1       _Key_ClearStates           0041d5d1 f   keys.obj
 0001:0001c616       _Key_ClearTyping           0041d616 f   keys.obj
 0001:0001c62f       _MD4Init                   0041d62f f   md4.obj
 0001:0001c657       _MD4Update                 0041d657 f   md4.obj
 0001:0001c6f5       _MD4Final                  0041d6f5 f   md4.obj
 0001:0001cde6       _Com_BlockChecksum         0041dde6 f   md4.obj
 0001:0001ce22       _Z_Free                    0041de22 f   memory.obj
 0001:0001ce78       _Z_FreeTags                0041de78 f   memory.obj
 0001:0001cea8       _Z_TagMalloc               0041dea8 f   memory.obj
 0001:0001cf19       _Z_Malloc                  0041df19 f   memory.obj
 0001:0001cf3b       _Z_BlockMalloc             0041df3b f   memory.obj
 0001:0001cf56       _CreateMemoryChain         0041df56 f   memory.obj
 0001:0001cfbc       _FreeMemoryChain           0041dfbc f   memory.obj
 0001:0001cfe6       _AllocChainBlock           0041dfe6 f   memory.obj
 0001:0001d031       _CopyString                0041e031 f   memory.obj
 0001:0001d055       _ChainCopyString           0041e055 f   memory.obj
 0001:0001d07d       _AllocNamedStruc           0041e07d f   memory.obj
 0001:0001d0b8       _ChainAllocNamedStruc      0041e0b8 f   memory.obj
 0001:0001d0f7       _FindNamedStruc            0041e0f7 f   memory.obj
 0001:0001d13b       _FindNamedStrucByIndex     0041e13b f   memory.obj
 0001:0001d152       _IndexOfNamedStruc         0041e152 f   memory.obj
 0001:0001d180       _AddToNamedList            0041e180 f   memory.obj
 0001:0001d1ca       _ChainAddToNamedList       0041e1ca f   memory.obj
 0001:0001d214       _FreeNamedList             0041e214 f   memory.obj
 0001:0001d22f       _Z_Init                    0041e22f f   memory.obj
 0001:0001d26a       _M_PushMenu                0041e26a f   menu.obj
 0001:0001d327       _M_ForceMenuOff            0041e327 f   menu.obj
 0001:0001d354       _M_PopMenu                 0041e354 f   menu.obj
 0001:0001d3a8       _Default_MenuKey           0041e3a8 f   menu.obj
 0001:0001d4d2       _M_Print                   0041e4d2 f   menu.obj
 0001:0001d51d       _M_DrawTextBox             0041e51d f   menu.obj
 0001:0001d709       _M_Main_Draw               0041e709 f   menu.obj
 0001:0001d87a       _M_Main_Key                0041e87a f   menu.obj
 0001:0001d95e       _M_Menu_Main_f             0041e95e f   menu.obj
 0001:0001d97a       _M_Menu_Multiplayer_f      0041e97a f   menu.obj
 0001:0001daff       _M_Menu_Keys_f             0041eaff f   menu.obj
 0001:0001dfd9       _M_Menu_Options_f          0041efd9 f   menu.obj
 0001:0001e8ca       _M_Menu_Video_f            0041f8ca f   menu.obj
 0001:0001e8eb       _M_Menu_Credits_f          0041f8eb f   menu.obj
 0001:0001eab9       _M_Menu_Game_f             0041fab9 f   menu.obj
 0001:0001ed4c       _M_Menu_LoadGame_f         0041fd4c f   menu.obj
 0001:0001eef9       _M_Menu_SaveGame_f         0041fef9 f   menu.obj
 0001:0001f034       _M_AddToServerList         00420034 f   menu.obj
 0001:0001f0b2       _M_Menu_JoinServer_f       004200b2 f   menu.obj
 0001:0001f321       _M_Menu_StartServer_f      00420321 f   menu.obj
 0001:0001fb4c       _M_Menu_DMOptions_f        00420b4c f   menu.obj
 0001:00020309       _M_Menu_DownloadOptions_f  00421309 f   menu.obj
 0001:0002058b       _M_Menu_AddressBook_f      0042158b f   menu.obj
 0001:000217a5       _M_Init                    004227a5 f   menu.obj
 0001:000218c9       _M_Draw                    004228c9 f   menu.obj
 0001:0002195d       _M_Keydown                 0042295d f   menu.obj
 0001:00021979       _LoadQ2BspFile             00422979 f   model.obj
 0001:00021f42       _LoadBspFile               00422f42 f   model.obj
 0001:00022062       _ProcessEntstring          00423062 f   model.obj
 0001:00022e7b       _Netchan_Init              00423e7b f   net_chan.obj
 0001:00022edb       _Netchan_OutOfBand         00423edb f   net_chan.obj
 0001:00022f3b       _Netchan_OutOfBandPrint    00423f3b f   net_chan.obj
 0001:00022f7b       _Netchan_Setup             00423f7b f   net_chan.obj
 0001:00022fd6       _Netchan_NeedReliable      00423fd6 f   net_chan.obj
 0001:00023002       _Netchan_Transmit          00424002 f   net_chan.obj
 0001:000231af       _Netchan_Process           004241af f   net_chan.obj
 0001:000232fa       _NetadrToSockadr           004242fa f   net_wins.obj
 0001:0002339c       _SockadrToNetadr           0042439c f   net_wins.obj
 0001:000233ff       _NET_CompareAdr            004243ff f   net_wins.obj
 0001:0002345f       _NET_CompareBaseAdr        0042445f f   net_wins.obj
 0001:000234b7       _NET_AdrToString           004244b7 f   net_wins.obj
 0001:0002356d       _NET_StringToSockaddr      0042456d f   net_wins.obj
 0001:000237a6       _NET_StringToAdr           004247a6 f   net_wins.obj
 0001:000237ff       _NET_IsLocalAddress        004247ff f   net_wins.obj
 0001:00023809       _NET_GetLoopPacket         00424809 f   net_wins.obj
 0001:00023890       _NET_SendLoopPacket        00424890 f   net_wins.obj
 0001:000238dc       _NET_GetPacket             004248dc f   net_wins.obj
 0001:00023a1d       _NET_SendPacket            00424a1d f   net_wins.obj
 0001:00023b07       _NET_IPSocket              00424b07 f   net_wins.obj
 0001:00023c1d       _NET_OpenIP                00424c1d f   net_wins.obj
 0001:00023d3e       _NET_IPXSocket             00424d3e f   net_wins.obj
 0001:00023e40       _NET_OpenIPX               00424e40 f   net_wins.obj
 0001:00023f28       _NET_Config                00424f28 f   net_wins.obj
 0001:00023fa0       _NET_Sleep                 00424fa0 f   net_wins.obj
 0001:0002406d       _NET_Init                  0042506d f   net_wins.obj
 0001:000240a9       _Pmove                     004250a9 f   pmove.obj
 0001:00025bea       _NormalizeColor            00426bea f   q_shared2.obj
 0001:00025c56       _NormalizeColor255         00426c56 f   q_shared2.obj
 0001:00025cc6       _Q_rsqrt                   00426cc6 f   q_shared2.obj
 0001:00025cf6       _RotatePointAroundVector   00426cf6 f   q_shared2.obj
 0001:00025e66       _AngleVectors              00426e66 f   q_shared2.obj
 0001:00025fc7       _ProjectPointOnPlane       00426fc7 f   q_shared2.obj
 0001:00026046       _PerpendicularVector       00427046 f   q_shared2.obj
 0001:000260c5       _MakeNormalVectors         004270c5 f   q_shared2.obj
 0001:0002612c       _MatrixMultiply            0042712c f   q_shared2.obj
 0001:00026213       _R_ConcatTransforms        00427213 f   q_shared2.obj
 0001:0002634d       _SetPlaneSignbits          0042734d f   q_shared2.obj
 0001:0002637d       _LerpAngle                 0042737d f   q_shared2.obj
 0001:000263c0       _anglemod                  004273c0 f   q_shared2.obj
 0001:000263e4       _BoxOnPlaneSide            004273e4 f   q_shared2.obj
 0001:00026500       _ClearBounds               00427500 f   q_shared2.obj
 0001:00026529       _AddPointToBounds          00427529 f   q_shared2.obj
 0001:00026562       _VectorCompare             00427562 f   q_shared2.obj
 0001:00026590       _VectorNormalize           00427590 f   q_shared2.obj
 0001:000265e4       _VectorNormalize2          004275e4 f   q_shared2.obj
 0001:0002663c       _VectorNormalizeFast       0042763c f   q_shared2.obj
 0001:0002667f       _VectorMA                  0042767f f   q_shared2.obj
 0001:000266ae       _CrossProduct              004276ae f   q_shared2.obj
 0001:000266e9       _VectorLength              004276e9 f   q_shared2.obj
 0001:00026718       _VectorDistance            00427718 f   q_shared2.obj
 0001:00026749       _VectorInverse             00427749 f   q_shared2.obj
 0001:00026764       _VectorScale               00427764 f   q_shared2.obj
 0001:00026788       _AnglesToAxis              00427788 f   q_shared2.obj
 0001:000267cd       _COM_StripExtension        004277cd f   q_shared2.obj
 0001:000267ee       _COM_FilePath              004277ee f   q_shared2.obj
 0001:00026824       _ShortSwap                 00427824 f   q_shared2.obj
 0001:00026839       _va                        00427839 f   q_shared2.obj
 0001:00026886       _COM_ParseExt              00427886 f   q_shared2.obj
 0001:00026981       _Com_PageInMemory          00427981 f   q_shared2.obj
 0001:000269a0       _Q_stricmp                 004279a0 f   q_shared2.obj
 0001:000269b1       _Q_strncasecmp             004279b1 f   q_shared2.obj
 0001:00026a09       _Q_strcasecmp              00427a09 f   q_shared2.obj
 0001:00026a1f       _Q_strncpyz                00427a1f f   q_shared2.obj
 0001:00026a43       _Q_strncpylower            00427a43 f   q_shared2.obj
 0001:00026a7d       _Q_CopyFilename            00427a7d f   q_shared2.obj
 0001:00026b17       _Com_sprintf               00427b17 f   q_shared2.obj
 0001:00026b5c       _Info_ValueForKey          00427b5c f   q_shared2.obj
 0001:00026be7       _Info_RemoveKey            00427be7 f   q_shared2.obj
 0001:00026c6d       _Info_SetValueForKey       00427c6d f   q_shared2.obj
 0001:00026dab       _Field_Draw                00427dab f   qmenu.obj
 0001:00026fbf       _Field_Key                 00427fbf f   qmenu.obj
 0001:00027228       _Menu_AddItem              00428228 f   qmenu.obj
 0001:0002725d       _Menu_AdjustCursor         0042825d f   qmenu.obj
 0001:0002739c       _Menu_Center               0042839c f   qmenu.obj
 0001:000273d4       _Menu_DrawDotsItem         004283d4 f   qmenu.obj
 0001:00027439       _Menu_Draw                 00428439 f   qmenu.obj
 0001:000276ea       _Menu_ItemAtCursor         004286ea f   qmenu.obj
 0001:00027702       _Menu_SelectItem           00428702 f   qmenu.obj
 0001:00027744       _Menu_SetStatusBar         00428744 f   qmenu.obj
 0001:00027753       _Menu_SlideItem            00428753 f   qmenu.obj
 0001:000277a3       _Menu_TallySlots           004287a3 f   qmenu.obj
 0001:00027c53       _S_SoundInfo_f             00428c53 f   snd_dma.obj
 0001:00027cdd       _S_ReadModelsSex           00428cdd f   snd_dma.obj
 0001:00027dc6       _S_IsFemale                00428dc6 f   snd_dma.obj
 0001:00027e54       _S_Init                    00428e54 f   snd_dma.obj
 0001:00027f27       _S_Shutdown                00428f27 f   snd_dma.obj
 0001:00027fb1       _S_FindName                00428fb1 f   snd_dma.obj
 0001:0002809d       _S_AliasName               0042909d f   snd_dma.obj
 0001:00028129       _S_BeginRegistration       00429129 f   snd_dma.obj
 0001:0002813a       _S_RegisterSound           0042913a f   snd_dma.obj
 0001:000281a0       _S_EndRegistration         004291a0 f   snd_dma.obj
 0001:00028233       _S_PickChannel             00429233 f   snd_dma.obj
 0001:000282ca       _S_SpatializeOrigin        004292ca f   snd_dma.obj
 0001:000283d2       _S_Spatialize              004293d2 f   snd_dma.obj
 0001:00028440       _S_AllocPlaysound          00429440 f   snd_dma.obj
 0001:0002845f       _S_FreePlaysound           0042945f f   snd_dma.obj
 0001:0002848f       _S_IssuePlaysound          0042948f f   snd_dma.obj
 0001:0002854d       _S_RegisterSexedSound      0042954d f   snd_dma.obj
 0001:00028631       _S_StartSound              00429631 f   snd_dma.obj
 0001:000287c7       _S_StartLocalSound         004297c7 f   snd_dma.obj
 0001:00028816       _S_ClearBuffer             00429816 f   snd_dma.obj
 0001:0002886e       _S_StopAllSounds           0042986e f   snd_dma.obj
 0001:000288e9       _S_AddLoopSounds           004298e9 f   snd_dma.obj
 0001:00028abe       _S_RawSamples              00429abe f   snd_dma.obj
 0001:00028cc2       _S_Update                  00429cc2 f   snd_dma.obj
 0001:00028de9       _GetSoundtime              00429de9 f   snd_dma.obj
 0001:00028e50       _S_Update_                 00429e50 f   snd_dma.obj
 0001:00028ee6       _S_Play                    00429ee6 f   snd_dma.obj
 0001:00028f96       _S_SoundList               00429f96 f   snd_dma.obj
 0001:00029057       _ResampleSfx               0042a057 f   snd_mem.obj
 0001:0002915b       _S_LoadSound               0042a15b f   snd_mem.obj
 0001:00029281       _GetLittleShort            0042a281 f   snd_mem.obj
 0001:0002929e       _GetLittleLong             0042a29e f   snd_mem.obj
 0001:000292cc       _FindNextChunk             0042a2cc f   snd_mem.obj
 0001:00029328       _GetWavinfo                0042a328 f   snd_mem.obj
 0001:000294fb       _S_WriteLinearBlastStereo16 0042a4fb f   snd_mix.obj
 0001:0002956f       _S_TransferStereo16        0042a56f f   snd_mix.obj
 0001:000295d8       _S_TransferPaintBuffer     0042a5d8 f   snd_mix.obj
 0001:00029734       _S_PaintChannels           0042a734 f   snd_mix.obj
 0001:00029959       _S_InitScaletable          0042a959 f   snd_mix.obj
 0001:000299ac       _S_PaintChannelFrom8       0042a9ac f   snd_mix.obj
 0001:00029aae       _S_PaintChannelFrom16      0042aaae f   snd_mix.obj
 0001:00029b19       _FreeSound                 0042ab19 f   snd_win.obj
 0001:00029c29       _SNDDMA_InitDirect         0042ac29 f   snd_win.obj
 0001:0002a0f8       _SNDDMA_Init               0042b0f8 f   snd_win.obj
 0001:0002a174       _SNDDMA_GetDMAPos          0042b174 f   snd_win.obj
 0001:0002a1be       _SNDDMA_BeginPainting      0042b1be f   snd_win.obj
 0001:0002a2c0       _SNDDMA_Submit             0042b2c0 f   snd_win.obj
 0001:0002a2e5       _SNDDMA_Shutdown           0042b2e5 f   snd_win.obj
 0001:0002a2ea       _S_Activate                0042b2ea f   snd_win.obj
 0001:0002a315       _SV_SetMaster_f            0042b315 f   sv_ccmds.obj
 0001:0002a432       _SV_WipeSavegame           0042b432 f   sv_ccmds.obj
 0001:0002a481       _SV_CopySaveGame           0042b481 f   sv_ccmds.obj
 0001:0002a600       _SV_WriteLevelFile         0042b600 f   sv_ccmds.obj
 0001:0002a6ae       _SV_ReadLevelFile          0042b6ae f   sv_ccmds.obj
 0001:0002a75c       _SV_WriteServerFile        0042b75c f   sv_ccmds.obj
 0001:0002a9ad       _SV_ReadServerFile         0042b9ad f   sv_ccmds.obj
 0001:0002aac7       _SV_DemoMap_f              0042bac7 f   sv_ccmds.obj
 0001:0002aaff       _SV_GameMap_f              0042baff f   sv_ccmds.obj
 0001:0002ac6f       _SV_Map_f                  0042bc6f f   sv_ccmds.obj
 0001:0002acdc       _SV_Loadgame_f             0042bcdc f   sv_ccmds.obj
 0001:0002add4       _SV_Savegame_f             0042bdd4 f   sv_ccmds.obj
 0001:0002aed4       _SV_Kick_f                 0042bed4 f   sv_ccmds.obj
 0001:0002b033       _SV_DumpUser_f             0042c033 f   sv_ccmds.obj
 0001:0002b079       _SV_Status_f               0042c079 f   sv_ccmds.obj
 0001:0002b1ef       _SV_ConSay_f               0042c1ef f   sv_ccmds.obj
 0001:0002b282       _SV_Heartbeat_f            0042c282 f   sv_ccmds.obj
 0001:0002b28d       _SV_Serverinfo_f           0042c28d f   sv_ccmds.obj
 0001:0002b2a5       _SV_ServerRecord_f         0042c2a5 f   sv_ccmds.obj
 0001:0002b45c       _SV_ServerStop_f           0042c45c f   sv_ccmds.obj
 0001:0002b488       _SV_KillServer_f           0042c488 f   sv_ccmds.obj
 0001:0002b4a8       _SV_ServerCommand_f        0042c4a8 f   sv_ccmds.obj
 0001:0002b4c0       _SV_InitOperatorCommands   0042c4c0 f   sv_ccmds.obj
 0001:0002b5c6       _SV_EmitPacketEntities     0042c5c6 f   sv_ents.obj
 0001:0002b734       _SV_WritePlayerstateToClient 0042c734 f   sv_ents.obj
 0001:0002bbf2       _SV_WriteFrameToClient     0042cbf2 f   sv_ents.obj
 0001:0002bcae       _SV_FatPVS                 0042ccae f   sv_ents.obj
 0001:0002bddb       _SV_BuildClientFrame       0042cddb f   sv_ents.obj
 0001:0002c0a6       _SV_RecordDemoMessage      0042d0a6 f   sv_ents.obj
 0001:0002c1c5       _SV_ShutdownGameProgs      0042d1c5 f   sv_game.obj
 0001:0002c1de       _SV_InitGameProgs          0042d1de f   sv_game.obj
 0001:0002ca89       _SV_FindIndex              0042da89 f   sv_init.obj
 0001:0002cb50       _SV_ModelIndex             0042db50 f   sv_init.obj
 0001:0002cb66       _SV_SoundIndex             0042db66 f   sv_init.obj
 0001:0002cb7f       _SV_ImageIndex             0042db7f f   sv_init.obj
 0001:0002cb98       _SV_CreateBaseline         0042db98 f   sv_init.obj
 0001:0002cbfb       _SV_CheckForSavegame       0042dbfb f   sv_init.obj
 0001:0002cc83       _SV_SpawnServer            0042dc83 f   sv_init.obj
 0001:0002cf00       _SV_InitGame               0042df00 f   sv_init.obj
 0001:0002d0eb       _SV_Map                    0042e0eb f   sv_init.obj
 0001:0002d2e2       _SV_DropClient             0042e2e2 f   sv_main.obj
 0001:0002d357       _SV_StatusString           0042e357 f   sv_main.obj
 0001:0002d43e       _SVC_Status                0042e43e f   sv_main.obj
 0001:0002d467       _SVC_Info                  0042e467 f   sv_main.obj
 0001:0002d51d       _SVC_GetChallenge          0042e51d f   sv_main.obj
 0001:0002d5e8       _SVC_DirectConnect         0042e5e8 f   sv_main.obj
 0001:0002dac5       _Rcon_Validate             0042eac5 f   sv_main.obj
 0001:0002daf6       _SVC_RemoteCommand         0042eaf6 f   sv_main.obj
 0001:0002dbe2       _SV_ConnectionlessPacket   0042ebe2 f   sv_main.obj
 0001:0002dd3e       _SV_CalcPings              0042ed3e f   sv_main.obj
 0001:0002ddc5       _SV_GiveMsec               0042edc5 f   sv_main.obj
 0001:0002de04       _SV_ReadPackets            0042ee04 f   sv_main.obj
 0001:0002df35       _SV_CheckTimeouts          0042ef35 f   sv_main.obj
 0001:0002dfdb       _SV_PrepWorldFrame         0042efdb f   sv_main.obj
 0001:0002e001       _SV_PostprocessFrame       0042f001 f   sv_main.obj
 0001:0002e42c       _SV_Frame                  0042f42c f   sv_main.obj
 0001:0002e55f       _Master_Heartbeat          0042f55f f   sv_main.obj
 0001:0002e616       _Master_Shutdown           0042f616 f   sv_main.obj
 0001:0002e694       _SV_UserinfoChanged        0042f694 f   sv_main.obj
 0001:0002e75c       _SV_Init                   0042f75c f   sv_main.obj
 0001:0002e7bf       _SV_Shutdown               0042f7bf f   sv_main.obj
 0001:0002e915       _SV_FlushRedirect          0042f915 f   sv_send.obj
 0001:0002e987       _SV_ClientPrintf           0042f987 f   sv_send.obj
 0001:0002e9dd       _SV_BroadcastPrintf        0042f9dd f   sv_send.obj
 0001:0002eaae       _SV_BroadcastCommand       0042faae f   sv_send.obj
 0001:0002eb00       _SV_Multicast              0042fb00 f   sv_send.obj
 0001:0002ecab       _SV_MulticastOld           0042fcab f   sv_send.obj
 0001:0002ecbe       _SV_StartSound             0042fcbe f   sv_send.obj
 0001:0002ef18       _SV_StartSoundOld          0042ff18 f   sv_send.obj
 0001:0002ef48       _SV_StartSoundNew          0042ff48 f   sv_send.obj
 0001:0002ef78       _SV_SendClientDatagram     0042ff78 f   sv_send.obj
 0001:0002f05e       _SV_DemoCompleted          0043005e f   sv_send.obj
 0001:0002f07a       _SV_RateDrop               0043007a f   sv_send.obj
 0001:0002f0c5       _SV_SendClientMessages     004300c5 f   sv_send.obj
 0001:0002f218       _SV_BeginDemoserver        00430218 f   sv_user.obj
 0001:0002f268       _SV_New_f                  00430268 f   sv_user.obj
 0001:0002f3dd       _SV_Configstrings_f        004303dd f   sv_user.obj
 0001:0002f53b       _SV_Baselines_f            0043053b f   sv_user.obj
 0001:0002f6b3       _SV_Begin_f                004306b3 f   sv_user.obj
 0001:0002f710       _SV_NextDownload_f         00430710 f   sv_user.obj
 0001:0002f7e4       _SV_BeginDownload_f        004307e4 f   sv_user.obj
 0001:0002fa1b       _SV_Disconnect_f           00430a1b f   sv_user.obj
 0001:0002fa2b       _SV_ShowServerinfo_f       00430a2b f   sv_user.obj
 0001:0002fa38       _SV_Nextserver             00430a38 f   sv_user.obj
 0001:0002fa97       _SV_Nextserver_f           00430a97 f   sv_user.obj
 0001:0002fade       _SV_ExecuteUserCommand     00430ade f   sv_user.obj
 0001:0002fb4b       _SV_ClientThink            00430b4b f   sv_user.obj
 0001:0002fb8e       _SV_ExecuteClientMessage   00430b8e f   sv_user.obj
 0001:0002fdbf       _SV_ClearWorld             00430dbf f   sv_world.obj
 0001:0002fef8       _SV_UnlinkEdict            00430ef8 f   sv_world.obj
 0001:0002ff33       _SV_LinkEdict              00430f33 f   sv_world.obj
 0001:000304a4       _SV_AreaEdicts             004314a4 f   sv_world.obj
 0001:000305f5       _SV_PointContents          004315f5 f   sv_world.obj
 0001:000306d2       _SV_ClipMoveToEntities     004316d2 f   sv_world.obj
 0001:00030a43       _SV_Trace                  00431a43 f   sv_world.obj
 0001:00030acf       _Sys_Error                 00431acf f   sys_win.obj
 0001:00030b2f       _Sys_Quit                  00431b2f f   sys_win.obj
 0001:00030b6f       _Sys_ScanForCD             00431b6f f   sys_win.obj
 0001:00030c0b       _Sys_Init                  00431c0b f   sys_win.obj
 0001:0003102a       _Sys_ConsoleInput          0043202a f   sys_win.obj
 0001:0003118a       _Sys_ConsoleOutput         0043218a f   sys_win.obj
 0001:0003123b       _Sys_SendKeyEvents         0043223b f   sys_win.obj
 0001:000312a4       _Sys_GetClipboardData      004322a4 f   sys_win.obj
 0001:000312fd       _Sys_AppActivate           004322fd f   sys_win.obj
 0001:00031318       _Sys_UnloadGame            00432318 f   sys_win.obj
 0001:0003133d       _Sys_GetGameAPI            0043233d f   sys_win.obj
 0001:0003142a       _ParseCommandLine          0043242a f   sys_win.obj
 0001:0003149f       _WinMain@16                0043249f f   sys_win.obj
 0001:000315dc       _AppActivate               004325dc f   vid_dll.obj
 0001:00031711       _Vid_CreateWindow          00432711 f   vid_dll.obj
 0001:00031d1e       _Vid_DestroyWindow         00432d1e f   vid_dll.obj
 0001:00031d67       _Vid_GetModeInfo           00432d67 f   vid_dll.obj
 0001:00031d96       _Vid_UpdateWindowPosAndSize 00432d96 f   vid_dll.obj
 0001:00031dfd       _Vid_FreeReflib            00432dfd f   vid_dll.obj
 0001:00031e3e       _Vid_CheckChanges          00432e3e f   vid_dll.obj
 0001:000321f5       _Vid_Init                  004331f5 f   vid_dll.obj
 0001:00032266       _Vid_Shutdown              00433266 f   vid_dll.obj
 0001:00032294       _Vid_MenuInit              00433294 f   vid_menu.obj
 0001:000329cf       _Vid_MenuDraw              004339cf f   vid_menu.obj
 0001:00032a63       _Vid_MenuKey               00433a63 f   vid_menu.obj
 0001:00032d9b       _TesselateText             00433d9b f   gl_backend.obj
 0001:000348c8       _GL_BackEnd                004358c8 f   gl_backend.obj
 0001:00035f4f       _GL_InitBackend            00436f4f f   gl_backend.obj
 0001:0003604c       _GL_ShutdownBackend        0043704c f   gl_backend.obj
 0001:00036099       _GL_TextureMode            00437099 f   gl_image.obj
 0001:00036148       _GL_CreateImage            00437148 f   gl_image.obj
 0001:00036ed3       _GL_SetRawPalette          00437ed3 f   gl_image.obj
 0001:00036f04       _GL_DrawStretchRaw         00437f04 f   gl_image.obj
 0001:000371bf       _GL_SetupGamma             004381bf f   gl_image.obj
 0001:0003735f       _GL_PerformScreenshot      0043835f f   gl_image.obj
 0001:0003757e       _GL_InitImages             0043857e f   gl_image.obj
 0001:00037a62       _GL_ShutdownImages         00438a62 f   gl_image.obj
 0001:00037ad1       _GL_ShowImages             00438ad1 f   gl_image.obj
 0001:00037d07       _GL_FindImage              00438d07 f   gl_image.obj
 0001:000380e2       _GL_Lock                   004390e2 f   gl_interface.obj
 0001:0003815f       _GL_Unlock                 0043915f f   gl_interface.obj
 0001:000382e8       _GL_Bind                   004392e8 f   gl_interface.obj
 0001:000383db       _GL_BindForce              004393db f   gl_interface.obj
 0001:00038427       _GL_TexEnv                 00439427 f   gl_interface.obj
 0001:000385a4       _GL_TexEnvColor            004395a4 f   gl_interface.obj
 0001:00038650       _GL_SelectTexture          00439650 f   gl_interface.obj
 0001:000386ae       _GL_TexCoordPointer        004396ae f   gl_interface.obj
 0001:000386dd       _GL_SetMultitexture        004396dd f   gl_interface.obj
 0001:000387b5       _GL_DisableTexCoordArrays  004397b5 f   gl_interface.obj
 0001:0003880e       _GL_CullFace               0043980e f   gl_interface.obj
 0001:0003885f       _GL_DepthRange             0043985f f   gl_interface.obj
 0001:00038892       _GL_State                  00439892 f   gl_interface.obj
 0001:000389eb       _GL_EnableFog              004399eb f   gl_interface.obj
 0001:00038aef       _GL_SetDefaultState        00439aef f   gl_interface.obj
 0001:00038c0e       _GL_Set2DMode              00439c0e f   gl_interface.obj
 0001:00038d0c       _GL_Setup                  00439d0c f   gl_interface.obj
 0001:00038e45       _GL_ShowLights             00439e45 f   gl_light.obj
 0001:00039102       _GL_LightForEntity         0043a102 f   gl_light.obj
 0001:0003a2b3       _GL_ApplyEntitySpherelights 0043b2b3 f   gl_light.obj
 0001:0003a44f       _GL_DrawStretchPic         0043b44f f   gl_main.obj
 0001:0003a50b       _DrawTextLeft              0043b50b f   gl_main.obj
 0001:0003a616       _DrawTextRight             0043b616 f   gl_main.obj
 0001:0003a667       _GL_GetRefAPI              0043b667 f   gl_main.obj
 0001:0003be81       _GL_InitFuncTables         0043ce81 f   gl_math.obj
 0001:0003c02b       _ModelToWorldCoord         0043d02b f   gl_math.obj
 0001:0003c07f       _WorldToModelCoord         0043d07f f   gl_math.obj
 0001:0003c0c6       _GL_FindModel              0043d0c6 f   gl_model.obj
 0001:0003c241       _GL_LoadWorldMap           0043d241 f   gl_model.obj
 0001:0003e11a       _GL_PointInLeaf            0043f11a f   gl_model.obj
 0001:0003ea4c       _ATAN2_FUNC                0043fa4c f i gl_model.obj
 0001:0003ebe5       _GL_FindSkin               0043fbe5 f   gl_model.obj
 0001:0003ed3b       _GL_ResetModels            0043fd3b f   gl_model.obj
 0001:0003ee05       _GL_InitModels             0043fe05 f   gl_model.obj
 0001:0003ee72       _GL_ShutdownModels         0043fe72 f   gl_model.obj
 0001:0003ee88       _GL_InitShaders            0043fe88 f   gl_shader.obj
 0001:0003efb1       _GL_ShutdownShaders        0043ffb1 f   gl_shader.obj
 0001:0003efdb       _GL_SetShaderLightmap      0043ffdb f   gl_shader.obj
 0001:0003f3a2       _GL_SetShaderLightstyles   004403a2 f   gl_shader.obj
 0001:0003f43e       _GL_GetAlphaShader         0044043e f   gl_shader.obj
 0001:0003f6f5       _GL_FindShader             004406f5 f   gl_shader.obj
 0001:0003fc33       _GL_GetShaderByNum         00440c33 f   gl_shader.obj
 0001:0003fc51       _GL_ResetShaders           00440c51 f   gl_shader.obj
 0001:0003fe98       _GL_ClearSkyBox            00440e98 f   gl_sky.obj
 0001:0003febb       _GL_ShowWholeSky           00440ebb f   gl_sky.obj
 0001:0003fee3       _GL_AddSkySurface          00440ee3 f   gl_sky.obj
 0001:000404d5       _GL_TesselateSkySide       004414d5 f   gl_sky.obj
 0001:00040798       _GL_AddEntity              00441798 f   gl_world.obj
 0001:00040b83       _GL_AddDlight              00441b83 f   gl_world.obj
 0001:00040d5a       _GL_DrawPortal             00441d5a f   gl_world.obj
 0001:00042c10       _GLimp_SetMode             00443c10 f   glw_imp.obj
 0001:00042eb2       _GLimp_HasGamma            00443eb2 f   glw_imp.obj
 0001:00042ec7       _GLimp_SetGamma            00443ec7 f   glw_imp.obj
 0001:0004305e       _GLimp_Shutdown            0044405e f   glw_imp.obj
 0001:0004316b       _GLimp_Init                0044416b f   glw_imp.obj
 0001:000434af       _GLimp_EndFrame            004444af f   glw_imp.obj
 0001:0004354b       _GLimp_AppActivate         0044454b f   glw_imp.obj
 0001:00044f2b       _QGL_Shutdown              00445f2b f   qgl_win.obj
 0001:00044f51       _QGL_Init                  00445f51 f   qgl_win.obj
 0001:00044fd5       _QGL_InitExtensions        00445fd5 f   qgl_win.obj
 0001:000452bf       _QGL_EnableLogging         004462bf f   qgl_win.obj
 0001:0004538a       _QGL_LogMessage            0044638a f   qgl_win.obj
 0001:000453a1       _GL_AllocDynamicMemory     004463a1 f   gl_buffers.obj
 0001:0004540f       _GL_ResizeDynamicMemory    0044640f f   gl_buffers.obj
 0001:00045461       _GL_AddSurfaceToPortal     00446461 f   gl_buffers.obj
 0001:000454c4       _GL_AddDynamicSurface      004464c4 f   gl_buffers.obj
 0001:000454ec       _GL_InsertShaderIndex      004464ec f   gl_buffers.obj
 0001:00045538       _GL_ClearPortal            00446538 f   gl_buffers.obj
 0001:00045554       _GL_FinishPortal           00446554 f   gl_buffers.obj
 0001:000455aa       _GL_SortSurfaces           004465aa f   gl_buffers.obj
 0001:00045745       _GL_ClearBuffers           00446745 f   gl_buffers.obj
 0001:0004575c       _Hunk_Begin                0044675c f   q_shwin.obj
 0001:00045796       _Hunk_Alloc                00446796 f   q_shwin.obj
 0001:0004581d       _Hunk_End                  0044681d f   q_shwin.obj
 0001:00045823       _Hunk_Free                 00446823 f   q_shwin.obj
 0001:0004583c       _Sys_Milliseconds          0044683c f   q_shwin.obj
 0001:00045870       _Sys_Mkdir                 00446870 f   q_shwin.obj
 0001:0004587c       _Sys_FindFirst             0044687c f   q_shwin.obj
 0001:0004599d       _Sys_FindNext              0044699d f   q_shwin.obj
 0001:00045a0f       _Sys_FindClose             00446a0f f   q_shwin.obj
 0001:00045a29       _R_Alias_clip_z            00446a29 f   r_aclip.obj
 0001:00045ad6       _R_Alias_clip_left         00446ad6 f   r_aclip.obj
 0001:00045ca4       _R_Alias_clip_right        00446ca4 f   r_aclip.obj
 0001:00045e72       _R_Alias_clip_top          00446e72 f   r_aclip.obj
 0001:00046042       _R_Alias_clip_bottom       00447042 f   r_aclip.obj
 0001:00046212       _R_AliasClip               00447212 f   r_aclip.obj
 0001:000462e2       _R_AliasClipTriangle       004472e2 f   r_aclip.obj
 0001:000464d4       _R_AliasCheckFrameBBox     004474d4 f   r_alias.obj
 0001:00046607       _R_AliasCheckBBox          00447607 f   r_alias.obj
 0001:0004666b       _R_AliasTransformVector    0044766b f   r_alias.obj
 0001:000466c7       _R_AliasPreparePoints      004476c7 f   r_alias.obj
 0001:0004695f       _R_AliasSetUpTransform     0044795f f   r_alias.obj
 0001:00046aee       _R_AliasTransformFinalVerts 00447aee f   r_alias.obj
 0001:00046cbf       _R_AliasProjectAndClipTestFinalVert 00447cbf f   r_alias.obj
 0001:00046d47       _R_AliasSetupLighting      00447d47 f   r_alias.obj
 0001:00046eb1       _R_AliasSetupFrames        00447eb1 f   r_alias.obj
 0001:00046f25       _R_AliasSetUpLerpData      00447f25 f   r_alias.obj
 0001:0004704d       _R_AliasDrawModel          0044804d f   r_alias.obj
 0001:000472d4       _R_EntityRotate            004482d4 f   r_bsp.obj
 0001:00047355       _R_RotateBmodel            00448355 f   r_bsp.obj
 0001:000474b0       _R_RecursiveClipBPoly      004484b0 f   r_bsp.obj
 0001:000477e0       _R_DrawSolidClippedSubmodelPolygons 004487e0 f   r_bsp.obj
 0001:00047967       _R_DrawSubmodelPolygons    00448967 f   r_bsp.obj
 0001:000479f7       _R_RecursiveWorldNode      004489f7 f   r_bsp.obj
 0001:00047c52       _R_RenderWorld             00448c52 f   r_bsp.obj
 0001:00047cc1       _Draw_FindPic              00448cc1 f   r_draw.obj
 0001:00047d04       _Draw_InitLocal            00448d04 f   r_draw.obj
 0001:00047d15       _Draw_Char                 00448d15 f   r_draw.obj
 0001:00047df6       _Draw_CharColor            00448df6 f   r_draw.obj
 0001:00047f05       _R_DrawTexts               00448f05 f   r_draw.obj
 0001:00047f7b       _DrawText_Pos              00448f7b f   r_draw.obj
 0001:00048087       _DrawText_Left             00449087 f   r_draw.obj
 0001:000480c3       _DrawText_Right            004490c3 f   r_draw.obj
 0001:00048112       _Draw_GetPicSize           00449112 f   r_draw.obj
 0001:00048152       _Draw_StretchPicImplementation 00449152 f   r_draw.obj
 0001:0004827c       _Draw_StretchPic           0044927c f   r_draw.obj
 0001:000482b4       _Draw_StretchRaw           004492b4 f   r_draw.obj
 0001:000482e6       _Draw_Pic                  004492e6 f   r_draw.obj
 0001:0004849f       _Draw_PicColor             0044949f f   r_draw.obj
 0001:00048658       _Draw_TileClear            00449658 f   r_draw.obj
 0001:00048728       _Draw_Fill                 00449728 f   r_draw.obj
 0001:000487c4       _Draw_Fade                 004497c4 f   r_draw.obj
 0001:00048826       _R_BeginEdgeFrame          00449826 f   r_edge.obj
 0001:000488e2       _R_InsertNewEdges          004498e2 f   r_edge.obj
 0001:00048928       _R_RemoveEdges             00449928 f   r_edge.obj
 0001:00048946       _R_StepActiveU             00449946 f   r_edge.obj
 0001:000489da       _R_CleanupSpan             004499da f   r_edge.obj
 0001:00048a2a       _R_LeadingEdgeBackwards    00449a2a f   r_edge.obj
 0001:00048abf       _R_TrailingEdge            00449abf f   r_edge.obj
 0001:00048b23       _R_LeadingEdge             00449b23 f   r_edge.obj
 0001:00048cc6       _R_GenerateSpans           00449cc6 f   r_edge.obj
 0001:00048d34       _R_GenerateSpansBackward   00449d34 f   r_edge.obj
 0001:00048da2       _R_ScanEdges               00449da2 f   r_edge.obj
 0001:00048f79       _D_FlatFillSurface         00449f79 f   r_edge.obj
 0001:00048fd3       _D_CalcGradients           00449fd3 f   r_edge.obj
 0001:000491ea       _D_BackgroundSurf          0044a1ea f   r_edge.obj
 0001:0004922a       _D_TurbulentSurf           0044a22a f   r_edge.obj
 0001:0004934c       _D_SkySurf                 0044a34c f   r_edge.obj
 0001:000493cd       _D_SolidSurf               0044a3cd f   r_edge.obj
 0001:00049538       _D_DrawflatSurfaces        0044a538 f   r_edge.obj
 0001:00049588       _D_DrawSurfaces            0044a588 f   r_edge.obj
 0001:00049686       _R_ImageList_f             0044a686 f   r_image.obj
 0001:00049747       _R_FindFreeImage           0044a747 f   r_image.obj
 0001:00049795       _R_LoadPic                 0044a795 f   r_image.obj
 0001:00049825       _R_LoadTex                 0044a825 f   r_image.obj
 0001:000498b1       _R_LoadWal                 0044a8b1 f   r_image.obj
 0001:00049907       _R_MipMap                  0044a907 f   r_image.obj
 0001:00049a35       _R_DownsampleImage         0044aa35 f   r_image.obj
 0001:00049b3a       _R_FindImage               0044ab3a f   r_image.obj
 0001:00049edf       _R_RegisterSkin            0044aedf f   r_image.obj
 0001:00049eed       _R_FreeUnusedImages        0044aeed f   r_image.obj
 0001:00049f4d       _R_InitImages              0044af4d f   r_image.obj
 0001:00049fb3       _R_ShutdownImages          0044afb3 f   r_image.obj
 0001:00049ff0       _R_MarkLights              0044aff0 f   r_light.obj
 0001:0004a0bf       _R_PushDlights             0044b0bf f   r_light.obj
 0001:0004a11d       _RecursiveLightPoint       0044b11d f   r_light.obj
 0001:0004a3cc       _R_LightPoint              0044b3cc f   r_light.obj
 0001:0004a4e3       _R_AddDynamicLights        0044b4e3 f   r_light.obj
 0001:0004a77d       _R_BuildLightMap           0044b77d f   r_light.obj
 0001:0004a873       _R_InitTextures            0044b873 f   r_main.obj
 0001:0004a934       _R_InitTurb                0044b934 f   r_main.obj
 0001:0004a9b1       _R_Register                0044b9b1 f   r_main.obj
 0001:0004aa19       _R_Init                    0044ba19 f   r_main.obj
 0001:0004aaaa       _R_Shutdown                0044baaa f   r_main.obj
 0001:0004ab1f       _R_NewMap                  0044bb1f f   r_main.obj
 0001:0004abc9       _R_MarkLeaves              0044bbc9 f   r_main.obj
 0001:0004acf0       _R_DrawEntitiesOnList      0044bcf0 f   r_main.obj
 0001:0004aeff       _R_BmodelCheckBBox         0044beff f   r_main.obj
 0001:0004afb1       _R_FindTopnode             0044bfb1 f   r_main.obj
 0001:0004b039       _RotatedBBox               0044c039 f   r_main.obj
 0001:0004b198       _R_DrawBEntitiesOnList     0044c198 f   r_main.obj
 0001:0004b3b0       _R_EdgeDrawing             0044c3b0 f   r_main.obj
 0001:0004b485       _R_CalcPalette             0044c485 f   r_main.obj
 0001:0004b58a       _R_SetLightLevel           0044c58a f   r_main.obj
 0001:0004b5da       _R_RenderFrame             0044c5da f   r_main.obj
 0001:0004b7cb       _R_InitGraphics            0044c7cb f   r_main.obj
 0001:0004b841       _R_BeginFrame              0044c841 f   r_main.obj
 0001:0004b964       _R_GammaCorrectAndSetPalette 0044c964 f   r_main.obj
 0001:0004b9c3       _R_CinematicSetPalette     0044c9c3 f   r_main.obj
 0001:0004ba5a       _Draw_BuildGammaTable      0044ca5a f   r_main.obj
 0001:0004bb05       _R_DrawBeam                0044cb05 f   r_main.obj
 0001:0004bc6b       _R_SetSky                  0044cc6b f   r_main.obj
 0001:0004bce6       _Draw_GetPalette           0044cce6 f   r_main.obj
 0001:0004be2e       _Draw_ConCharColor         0044ce2e f   r_main.obj
 0001:0004be4f       _GetRefAPI                 0044ce4f f   r_main.obj
 0001:0004c08e       _D_ViewChanged             0044d08e f   r_misc.obj
 0001:0004c1ea       _R_PrintTimes              0044d1ea f   r_misc.obj
 0001:0004c264       _R_PrintDSpeeds            0044d264 f   r_misc.obj
 0001:0004c32b       _R_PrintAliasStats         0044d32b f   r_misc.obj
 0001:0004c33e       _R_TransformFrustum        0044d33e f   r_misc.obj
 0001:0004c406       _TransformVector           0044d406 f   r_misc.obj
 0001:0004c471       _R_SetUpFrustumIndexes     0044d471 f   r_misc.obj
 0001:0004c4d6       _R_ViewChanged             0044d4d6 f   r_misc.obj
 0001:0004c7e5       _R_SetupFrame              0044d7e5 f   r_misc.obj
 0001:0004c9d1       _WritePCXfile              0044d9d1 f   r_misc.obj
 0001:0004caf3       _R_ScreenShot              0044daf3 f   r_misc.obj
 0001:0004cc02       _Mod_Modellist_f           0044dc02 f   r_model.obj
 0001:0004cc60       _Mod_Init                  0044dc60 f   r_model.obj
 0001:0004cc78       _Mod_ForName               0044dc78 f   r_model.obj
 0001:0004ceb4       _Mod_PointInLeaf           0044deb4 f   r_model.obj
 0001:0004cf16       _Mod_DecompressVis         0044df16 f   r_model.obj
 0001:0004cf96       _Mod_ClusterPVS            0044df96 f   r_model.obj
 0001:0004cfc3       _Mod_LoadLighting          0044dfc3 f   r_model.obj
 0001:0004d042       _R_NumberLeafs             0044e042 f   r_model.obj
 0001:0004d090       _Mod_LoadVertexes          0044e090 f   r_model.obj
 0001:0004d0d2       _Mod_LoadEdges             0044e0d2 f   r_model.obj
 0001:0004d120       _Mod_LoadTexinfo           0044e120 f   r_model.obj
 0001:0004d288       _CalcSurfaceExtents        0044e288 f   r_model.obj
 0001:0004d41d       _Mod_LoadFaces             0044e41d f   r_model.obj
 0001:0004d584       _Mod_SetParent             0044e584 f   r_model.obj
 0001:0004d5a9       _Mod_LoadNodes             0044e5a9 f   r_model.obj
 0001:0004d69f       _Mod_LoadLeafs             0044e69f f   r_model.obj
 0001:0004d748       _Mod_LoadMarksurfaces      0044e748 f   r_model.obj
 0001:0004d7c4       _Mod_LoadSurfedges         0044e7c4 f   r_model.obj
 0001:0004d803       _Mod_LoadPlanes            0044e803 f   r_model.obj
 0001:0004d868       _Mod_LoadBrushModel        0044e868 f   r_model.obj
 0001:0004da5a       _Mod_LoadAliasModel        0044ea5a f   r_model.obj
 0001:0004dcd5       _Mod_LoadSpriteModel       0044ecd5 f   r_model.obj
 0001:0004ddbc       _R_BeginRegistration       0044edbc f   r_model.obj
 0001:0004de4c       _R_RegisterModel           0044ee4c f   r_model.obj
 0001:0004df44       _R_EndRegistration         0044ef44 f   r_model.obj
 0001:0004dfaf       _Mod_FreeAll               0044efaf f   r_model.obj
 0001:0004dff4       _R_DrawParticle            0044eff4 f   r_part.obj
 0001:0004e27d       _R_DrawParticles           0044f27d f   r_part.obj
 0001:0004e327       _R_DrawSpanletOpaque       0044f327 f   r_poly.obj
 0001:0004e3b7       _R_DrawSpanletTurbulentStipple33 0044f3b7 f   r_poly.obj
 0001:0004e4e2       _R_DrawSpanletTurbulentStipple66 0044f4e2 f   r_poly.obj
 0001:0004e6c3       _R_DrawSpanletTurbulentBlended66 0044f6c3 f   r_poly.obj
 0001:0004e778       _R_DrawSpanletTurbulentBlended33 0044f778 f   r_poly.obj
 0001:0004e82d       _R_DrawSpanlet33           0044f82d f   r_poly.obj
 0001:0004e8c7       _R_DrawSpanletConstant33   0044f8c7 f   r_poly.obj
 0001:0004e920       _R_DrawSpanlet66           0044f920 f   r_poly.obj
 0001:0004e9be       _R_DrawSpanlet33Stipple    0044f9be f   r_poly.obj
 0001:0004ead9       _R_DrawSpanlet66Stipple    0044fad9 f   r_poly.obj
 0001:0004ec6a       _R_ClipPolyFace            0044fc6a f   r_poly.obj
 0001:0004eddb       _R_PolygonDrawSpans        0044fddb f   r_poly.obj
 0001:0004f163       _R_PolygonScanLeftEdge     00450163 f   r_poly.obj
 0001:0004f297       _R_PolygonScanRightEdge    00450297 f   r_poly.obj
 0001:0004f487       _R_ClipAndDrawPoly         00450487 f   r_poly.obj
 0001:0004f689       _R_BuildPolygonFromSurface 00450689 f   r_poly.obj
 0001:0004f895       _R_PolygonCalculateGradients 00450895 f   r_poly.obj
 0001:0004fb4e       _R_DrawAlphaSurfaces       00450b4e f   r_poly.obj
 0001:0004fbe4       _R_IMFlatShadedQuad        00450be4 f   r_poly.obj
 0001:0004fd26       _R_InitAdivtab             00450d26 f   r_polyse.obj
 0001:0004fd91       _R_PolysetUpdateTables     00450d91 f   r_polyse.obj
 0001:0004fdcc       _R_DrawTriangle            00450dcc f   r_polyse.obj
 0001:0004fedd       _R_PolysetScanLeftEdge_C   00450edd f   r_polyse.obj
 0001:000500a7       _FloorDivMod               004510a7 f   r_polyse.obj
 0001:00050143       _R_PolysetSetUpForLineScan 00451143 f   r_polyse.obj
 0001:000501d1       _R_PolysetCalcGradients    004511d1 f   r_polyse.obj
 0001:000503dc       _R_PolysetDrawSpans8_33    004513dc f   r_polyse.obj
 0001:0005050c       _R_PolysetDrawSpansConstant8_33 0045150c f   r_polyse.obj
 0001:000505a6       _R_PolysetDrawSpans8_66    004515a6 f   r_polyse.obj
 0001:000506e2       _R_PolysetDrawSpansConstant8_66 004516e2 f   r_polyse.obj
 0001:0005078a       _R_PolysetDrawSpans8_Opaque 0045178a f   r_polyse.obj
 0001:000508d5       _R_RasterizeAliasPolySmooth 004518d5 f   r_polyse.obj
 0001:00050eb5       _R_PolysetSetEdgeTable     00451eb5 f   r_polyse.obj
 0001:00050f50       _R_InitSkyBox              00451f50 f   r_rast.obj
 0001:000511ca       _R_EmitSkyBox              004521ca f   r_rast.obj
 0001:000512dd       _R_EmitEdge                004522dd f   r_rast.obj
 0001:000516b1       _R_ClipEdge                004526b1 f   r_rast.obj
 0001:0005185f       _R_EmitCachedEdge          0045285f f   r_rast.obj
 0001:000518b6       _R_RenderFace              004528b6 f   r_rast.obj
 0001:00051c7d       _R_RenderBmodelFace        00452c7d f   r_rast.obj
 0001:00051ee6       _D_WarpScreen              00452ee6 f   r_scan.obj
 0001:0005208e       _D_DrawTurbulent8Span      0045308e f   r_scan.obj
 0001:00052112       _Turbulent8                00453112 f   r_scan.obj
 0001:000523e6       _NonTurbulent8             004533e6 f   r_scan.obj
 0001:000526a4       _D_DrawSpans16             004536a4 f   r_scan.obj
 0001:0005293e       _D_DrawZSpans              0045393e f   r_scan.obj
 0001:000529fb       _R_DrawSprite              004539fb f   r_sprite.obj
 0001:00052c90       _R_TextureAnimation        00453c90 f   r_surf.obj
 0001:00052cb4       _R_DrawSurface             00453cb4 f   r_surf.obj
 0001:00052e19       _R_DrawSurfaceBlock8_mip0  00453e19 f   r_surf.obj
 0001:00052f18       _R_DrawSurfaceBlock8_mip1  00453f18 f   r_surf.obj
 0001:00053017       _R_DrawSurfaceBlock8_mip2  00454017 f   r_surf.obj
 0001:00053116       _R_DrawSurfaceBlock8_mip3  00454116 f   r_surf.obj
 0001:00053212       _R_InitCaches              00454212 f   r_surf.obj
 0001:00053293       _D_FlushCaches             00454293 f   r_surf.obj
 0001:000532d8       _D_SCAlloc                 004542d8 f   r_surf.obj
 0001:0005346c       _D_CacheSurface            0045446c f   r_surf.obj
 0001:000535e1       _DDRAW_Init                004545e1 f   rw_ddraw.obj
 0001:000539f1       _DDRAW_SetPalette          004549f1 f   rw_ddraw.obj
 0001:00053a5a       _DDRAW_Shutdown            00454a5a f   rw_ddraw.obj
 0001:00053bc5       _DIB_Init                  00454bc5 f   rw_dib.obj
 0001:00053daa       _DIB_SetPalette            00454daa f   rw_dib.obj
 0001:00053f6e       _DIB_Shutdown              00454f6e f   rw_dib.obj
 0001:00054067       _SWimp_Init                00455067 f   rw_imp.obj
 0001:0005406b       _SWimp_EndFrame            0045506b f   rw_imp.obj
 0001:000541d7       _SWimp_SetMode             004551d7 f   rw_imp.obj
 0001:000542f9       _SWimp_SetPalette          004552f9 f   rw_imp.obj
 0001:0005431e       _SWimp_Shutdown            0045531e f   rw_imp.obj
 0001:00054365       _SWimp_AppActivate         00455365 f   rw_imp.obj
 0001:0005439f       _adler32                   0045539f f   adler32.obj
 0001:000544b8       _crc32                     004554b8 f   crc32.obj
 0001:000545ce       _inflate_blocks_reset      004555ce f   infblock.obj
 0001:00054639       _inflate_blocks_new        00455639 f   infblock.obj
 0001:000546c4       _inflate_blocks            004556c4 f   infblock.obj
 0001:00054edb       _inflate_blocks_free       00455edb f   infblock.obj
 0001:00054f0f       _inflate_codes_new         00455f0f f   infcodes.obj
 0001:00054f43       _inflate_codes             00455f43 f   infcodes.obj
 0001:00055501       _inflate_codes_free        00456501 f   infcodes.obj
 0001:00055512       _inflate_fast              00456512 f   inffast.obj
 0001:000557dd       _inflateReset              004567dd f   inflate.obj
 0001:0005581c       _inflateEnd                0045681c f   inflate.obj
 0001:0005585a       _inflateInit2_             0045685a f   inflate.obj
 0001:00055944       _inflate                   00456944 f   inflate.obj
 0001:00055ca7       _inflate_trees_bits        00456ca7 f   inftrees.obj
 0001:000560b5       _inflate_trees_dynamic     004570b5 f   inftrees.obj
 0001:000561b8       _inflate_trees_fixed       004571b8 f   inftrees.obj
 0001:000561e7       _inflate_flush             004571e7 f   infutil.obj
 0001:000562d3       _ZipOpen                   004572d3 f   zip.obj
 0001:0005633e       _ZipClose                  0045733e f   zip.obj
 0001:0005634a       _ZipEnum                   0045734a f   zip.obj
 0001:0005652b       _ZipOpenFile               0045752b f   zip.obj
 0001:0005663a       _ZipReadFile               0045763a f   zip.obj
 0001:00056731       _ZipCloseFile              00457731 f   zip.obj
 0001:00056779       _ZipOpenBuf                00457779 f   zip.obj
 0001:000567cc       _ZipReadBuf                004577cc f   zip.obj
 0001:00056814       _ZipCloseBuf               00457814 f   zip.obj
[...]
 0001:0002c6dc       _PF_inPVS                  0042d6dc f   sv_game.obj
 0001:0002c754       _PF_inPHS                  0042d754 f   sv_game.obj
 0001:0002c7cc       _PF_StartSound             0042d7cc f   sv_game.obj
 0001:0002c7ff       _PF_Cvar_Get               0042d7ff f   sv_game.obj
 0001:0002c81a       _PSV_LinkEdict             0042d81a f   sv_game.obj
 0001:0002c846       _PSV_UnlinkEdict           0042d846 f   sv_game.obj
 0001:0002c872       _PSV_AreaEdicts            0042d872 f   sv_game.obj
 0001:0002c8b0       _PSV_Trace                 0042d8b0 f   sv_game.obj
 0001:0002c90f       _PSV_PointContents         0042d90f f   sv_game.obj
 0001:0002c93f       _PPmove                    0042d93f f   sv_game.obj
 0001:0002c96b       _PSV_ModelIndex            0042d96b f   sv_game.obj
 0001:0002c99b       _PSV_ImageIndex            0042d99b f   sv_game.obj
 0001:0002c9cb       _PSV_SoundIndex            0042d9cb f   sv_game.obj
 0001:0002c9fb       _PPF_TagMalloc             0042d9fb f   sv_game.obj
 0001:0002ca31       _PZ_Free                   0042da31 f   sv_game.obj
 0001:0002ca5d       _PZ_FreeTags               0042da5d f   sv_game.obj
 0001:0002a567       _CopyFile                  0042b567 f   sv_ccmds.obj
 0001:0002af3c       _SV_SetPlayer              0042bf3c f   sv_ccmds.obj
 0001:00029b91       _DS_DestroyBuffers         0042ab91 f   snd_win.obj
 0001:00029d7a       _DS_CreateBuffers          0042ad7a f   snd_win.obj
 0001:000272e1       _Menu_MakeVisible          004282e1 f   qmenu.obj
 0001:0002736b       _Menu_CompletelyVisible    0042836b f   qmenu.obj
 0001:00027413       _strlen_color              00428413 f   qmenu.obj
 0001:000275c1       _Action_Draw               004285c1 f   qmenu.obj
 0001:0002763c       _Menu_ItemVisible          0042863c f   qmenu.obj
 0001:00027685       _Menu_DrawStatusBar        00428685 f   qmenu.obj
 0001:000277da       _MenuList_Draw             004287da f   qmenu.obj
 0001:00027862       _DrawCaption               00428862 f   qmenu.obj
 0001:000278a1       _Separator_Draw            004288a1 f   qmenu.obj
 0001:000278f2       _Slider_DoSlide            004288f2 f   qmenu.obj
 0001:00027929       _Slider_Draw               00428929 f   qmenu.obj
 0001:00027a1c       _SpinControl_DoSlide       00428a1c f   qmenu.obj
 0001:00027a4b       _SpinControl_Draw          00428a4b f   qmenu.obj
 0001:00027b26       _SpinControl2_DoSlide      00428b26 f   qmenu.obj
 0001:00027b67       _SpinControl2_Draw         00428b67 f   qmenu.obj
 0001:0002434c       _StepSlideMove             0042534c f   pmove.obj
 0001:000244f5       _StepSlideMove_            004254f5 f   pmove.obj
 0001:00024748       _ClipVelocity              00425748 f   pmove.obj
 0001:000247b1       _Friction                  004257b1 f   pmove.obj
 0001:000248c0       _WaterMove                 004258c0 f   pmove.obj
 0001:000249a6       _Accelerate                004259a6 f   pmove.obj
 0001:00024a12       _AddCurrents               00425a12 f   pmove.obj
 0001:00024cb1       _AirMove                   00425cb1 f   pmove.obj
 0001:00024f0a       _AirAccelerate             00425f0a f   pmove.obj
 0001:00024f90       _CatagorizePosition        00425f90 f   pmove.obj
 0001:000251e6       _CheckJump                 004261e6 f   pmove.obj
 0001:000252ad       _CheckSpecialMovement      004262ad f   pmove.obj
 0001:00025410       _FlyMove                   00426410 f   pmove.obj
 0001:00025663       _CheckDuck                 00426663 f   pmove.obj
 0001:00025798       _DeadMove                  00426798 f   pmove.obj
 0001:000257f6       _SnapPosition              004267f6 f   pmove.obj
 0001:0002595f       _GoodPosition              0042695f f   pmove.obj
 0001:000259d5       _InitialSnapPosition       004269d5 f   pmove.obj
 0001:00025aee       _ClampAngles               00426aee f   pmove.obj
 0001:000239df       _NET_ErrorString           004249df f   net_wins.obj
 0001:00021b42       _SwapQ2BspFile             00422b42 f   model.obj
 0001:00021d58       _ProcessQ2BspFile          00422d58 f   model.obj
 0001:00021e2b       _LoadQ2Submodels           00422e2b f   model.obj
 0001:00021efd       _CheckLump                 00422efd f   model.obj
 0001:000221d5       _ReadEntity                004231d5 f   model.obj
 0001:00022299       _WriteEntity               00423299 f   model.obj
 0001:00022304       _ProcessEntityTarget       00423304 f   model.obj
 0001:0002237d       _FindField                 0042337d f   model.obj
 0001:000223b6       _GetVector                 004233b6 f   model.obj
 0001:000223e7       _ProcessEntity             004233e7 f   model.obj
 0001:00022ded       _AddField                  00423ded f   model.obj
 0001:00022e2a       _FindEntityTarget          00423e2a f   model.obj
 0001:0001d99b       _Multiplayer_MenuDraw      0041e99b f   menu.obj
 0001:0001d9be       _M_Banner                  0041e9be f   menu.obj
 0001:0001da00       _Multiplayer_MenuInit      0041ea00 f   menu.obj
 0001:0001daee       _Multiplayer_MenuKey       0041eaee f   menu.obj
 0001:0001db20       _Keys_MenuInit             0041eb20 f   menu.obj
 0001:0001dcb3       _KeyCursorDrawFunc         0041ecb3 f   menu.obj
 0001:0001dcf4       _DrawKeyBindingFunc        0041ecf4 f   menu.obj
 0001:0001ddcc       _M_FindKeysForCommand      0041edcc f   menu.obj
 0001:0001de1c       _SeekLine                  0041ee1c f   menu.obj
 0001:0001de43       _AppendToken               0041ee43 f   menu.obj
 0001:0001de6d       _Keys_MenuDraw             0041ee6d f   menu.obj
 0001:0001de86       _Keys_MenuKey              0041ee86 f   menu.obj
 0001:0001df3b       _M_UnbindCommand           0041ef3b f   menu.obj
 0001:0001df87       _KeyBindingFunc            0041ef87 f   menu.obj
 0001:0001dffa       _Options_MenuInit          0041effa f   menu.obj
 0001:0001e458       _CrosshairFunc             0041f458 f   menu.obj
 0001:0001e47c       _JoystickFunc              0041f47c f   menu.obj
 0001:0001e48f       _CustomizeControlsFunc     0041f48f f   menu.obj
 0001:0001e494       _AlwaysRunFunc             0041f494 f   menu.obj
 0001:0001e4a7       _FreeLookFunc              0041f4a7 f   menu.obj
 0001:0001e4ba       _MouseSpeedFunc            0041f4ba f   menu.obj
 0001:0001e4d7       _ControlsSetMenuItemValues 0041f4d7 f   menu.obj
 0001:0001e671       _ControlsResetDefaultsFunc 0041f671 f   menu.obj
 0001:0001e686       _InvertMouseFunc           0041f686 f   menu.obj
 0001:0001e6a1       _LookspringFunc            0041f6a1 f   menu.obj
 0001:0001e6bd       _LookstrafeFunc            0041f6bd f   menu.obj
 0001:0001e6d9       _UpdateVolumeFunc          0041f6d9 f   menu.obj
 0001:0001e6f6       _UpdateCDVolumeFunc        0041f6f6 f   menu.obj
 0001:0001e70f       _ConsoleFunc               0041f70f f   menu.obj
 0001:0001e73e       _UpdateSoundQualityFunc    0041f73e f   menu.obj
 0001:0001e7c7       _Options_ScanCrosshairs    0041f7c7 f   menu.obj
 0001:0001e81a       _Options_MenuDraw          0041f81a f   menu.obj
 0001:0001e842       _Options_CrosshairDraw     0041f842 f   menu.obj
 0001:0001e8b9       _Options_MenuKey           0041f8b9 f   menu.obj
 0001:0001e99f       _M_Credits_MenuDraw        0041f99f f   menu.obj
 0001:0001ea87       _M_Credits_Key             0041fa87 f   menu.obj
 0001:0001eae4       _Game_MenuInit             0041fae4 f   menu.obj
 0001:0001ec91       _EasyGameFunc              0041fc91 f   menu.obj
 0001:0001eca7       _StartGame                 0041fca7 f   menu.obj
 0001:0001ecec       _MediumGameFunc            0041fcec f   menu.obj
 0001:0001ed02       _HardGameFunc              0041fd02 f   menu.obj
 0001:0001ed18       _Game_MenuDraw             0041fd18 f   menu.obj
 0001:0001ed3b       _Game_MenuKey              0041fd3b f   menu.obj
 0001:0001ed6d       _LoadGame_MenuInit         0041fd6d f   menu.obj
 0001:0001ee03       _Create_Savestrings        0041fe03 f   menu.obj
 0001:0001ee85       _LoadGameCallback          0041fe85 f   menu.obj
 0001:0001eeaf       _LoadGame_MenuDraw         0041feaf f   menu.obj
 0001:0001eec7       _LoadGame_MenuKey          0041fec7 f   menu.obj
 0001:0001ef28       _SaveGame_MenuDraw         0041ff28 f   menu.obj
 0001:0001ef4b       _SaveGame_MenuInit         0041ff4b f   menu.obj
 0001:0001efd3       _SaveGameCallback          0041ffd3 f   menu.obj
 0001:0001eff2       _SaveGame_MenuKey          0041fff2 f   menu.obj
 0001:0001f0d3       _JoinServer_MenuInit       004200d3 f   menu.obj
 0001:0001f224       _JoinServerFunc            00420224 f   menu.obj
 0001:0001f28c       _SearchLocalGames          0042028c f   menu.obj
 0001:0001f2f8       _JoinServer_MenuDraw       004202f8 f   menu.obj
 0001:0001f310       _JoinServer_MenuKey        00420310 f   menu.obj
 0001:0001f342       _StartServer_MenuInit      00420342 f   menu.obj
 0001:0001f7f2       _DMOptionsFunc             004207f2 f   menu.obj
 0001:0001f801       _RulesChangeFunc           00420801 f   menu.obj
 0001:0001f86a       _StartServerActionFunc     0042086a f   menu.obj
 0001:0001f896       _StartServerFunc           00420896 f   menu.obj
 0001:0001fb01       _StartServer_MenuDraw      00420b01 f   menu.obj
 0001:0001fb0d       _StartServer_MenuKey       00420b0d f   menu.obj
 0001:0001fb6d       _DMOptions_MenuInit        00420b6d f   menu.obj
 0001:00020101       _DMFlagCallback            00421101 f   menu.obj
 0001:000202ec       _DMOptions_MenuDraw        004212ec f   menu.obj
 0001:000202f8       _DMOptions_MenuKey         004212f8 f   menu.obj
 0001:0002032a       _DownloadOptions_MenuInit  0042132a f   menu.obj
 0001:00020515       _DownloadCallback          00421515 f   menu.obj
 0001:0002056e       _DownloadOptions_MenuDraw  0042156e f   menu.obj
 0001:0002057a       _DownloadOptions_MenuKey   0042157a f   menu.obj
 0001:000205ac       _AddressBook_MenuInit      004215ac f   menu.obj
 0001:00020662       _AddressBook_MenuKey       00421662 f   menu.obj
 0001:000206b3       _AddressBook_MenuDraw      004216b3 f   menu.obj
 0001:000206cb       _M_Menu_PlayerConfig_f     004216cb f   menu.obj
 0001:00020726       _PlayerConfig_MenuInit     00421726 f   menu.obj
 0001:00020b4f       _HandednessCallback        00421b4f f   menu.obj
 0001:00020b62       _RateCallback              00421b62 f   menu.obj
 0001:00020b80       _ModelCallback             00421b80 f   menu.obj
 0001:00020bb7       _PlayerConfig_ScanDirectories 00421bb7 f   menu.obj
 0001:00020d7f       _IconOfSkinExists          00421d7f f   menu.obj
 0001:00020e21       _PlayerConfig_MenuDraw     00421e21 f   menu.obj
 0001:000210a1       _PlayerConfig_MenuKey      004220a1 f   menu.obj
 0001:00021175       _M_Menu_DMBrowse_f         00422175 f   menu.obj
 0001:000211b9       _DMBrowse_MenuInit         004221b9 f   menu.obj
 0001:00021391       _DMBrowse_MenuKey          00422391 f   menu.obj
 0001:00021534       _DMBrowse_MenuDraw         00422534 f   menu.obj
 0001:00021659       _DrawThumbnail             00422659 f   menu.obj
 0001:00021720       _M_Quit_Key                00422720 f   menu.obj
 0001:00021760       _M_Quit_Draw               00422760 f   menu.obj
 0001:000218ad       _M_Menu_Quit_f             004228ad f   menu.obj
 0001:0001cf62       _AllocChain                0041df62 f   memory.obj
 0001:0001d250       _Z_Stats_f                 0041e250 f   memory.obj
 0001:0001c759       _MD4Transform              0041d759 f   md4.obj
 0001:0001cd5b       _Encode                    0041dd5b f   md4.obj
 0001:0001cda0       _Decode                    0041dda0 f   md4.obj
 0001:0001b650       _CompleteCommand           0041c650 f   keys.obj
 0001:0001b6c7       _Do_CompleteCommand        0041c6c7 f   keys.obj
 0001:0001bb40       _TryComplete               0041cb40 f   keys.obj
 0001:0001bbd5       _CompleteMenu              0041cbd5 f   keys.obj
 0001:0001bd17       _CompleteMenuDraw          0041cd17 f   keys.obj
 0001:0001bd76       _CompleteMenuKey           0041cd76 f   keys.obj
 0001:0001bda8       _CompleteMenuCallback      0041cda8 f   keys.obj
 0001:0001be30       _iswordsym                 0041ce30 f   keys.obj
 0001:0001c102       _Key_Unbind_f              0041d102 f   keys.obj
 0001:0001c1e8       _Key_Unbindall_f           0041d1e8 f   keys.obj
 0001:0001c212       _Key_Bind_f                0041d212 f   keys.obj
 0001:0001a26b       _IN_DeactivateMouse        0041b26b f   in_win.obj
 0001:0001a297       _IN_FreeDirect             0041b297 f   in_win.obj
 0001:0001a2f8       _IN_FreeWin32              0041b2f8 f   in_win.obj
 0001:0001a479       _IN_ActivateMouse          0041b479 f   in_win.obj
 0001:0001a4f1       _IN_InitDirect             0041b4f1 f   in_win.obj
 0001:0001a634       _IN_InitWin32              0041b634 f   in_win.obj
 0001:0001a754       _IN_MouseMove              0041b754 f   in_win.obj
 0001:000321ed       _J_InitSource              004331ed f   vid_dll.obj
 0001:00019d87       _J_FillInputBuffer         0041ad87 f   images.obj
 0001:00019daf       _J_SkipInputData           0041adaf f   images.obj
 0001:000321ed       _J_TermSource              004331ed f   vid_dll.obj
 0001:00019dc7       _InitJpegError             0041adc7 f   images.obj
 0001:00019e04       _J_ErrorExit               0041ae04 f   images.obj
 0001:00019e13       _J_EmitMessage             0041ae13 f   images.obj
 0001:00019e30       _J_ResetErrorMgr           0041ae30 f   images.obj
 0001:00017b66       _FindPakFile               00418b66 f   files.obj
 0001:00017bd6       _FindPakDirectory          00418bd6 f   files.obj
 0001:00017c67       _FileLength                00418c67 f   files.obj
 0001:000180b9       _FOpenCached               004190b9 f   files.obj
 0001:000182f9       _AddPakFile                004192f9 f   files.obj
 0001:00018398       _AddPakDirectory           00419398 f   files.obj
 0001:00018476       _EnumZippedPak             00419476 f   files.obj
 0001:000184e9       _ClearFileCache            004194e9 f   files.obj
 0001:000185da       _AddDirFilesToList         004195da f   files.obj
 0001:00018b8a       _ListPakDirectory          00419b8a f   files.obj
 0001:00018d45       _InitResFiles              00419d45 f   files.obj
 0001:00018e28       _FS_LoadPak_f              00419e28 f   files.obj
 0001:00018ef7       _TryLoadPak                00419ef7 f   files.obj
 0001:00018f65       _FindPakStruc              00419f65 f   files.obj
 0001:00018fba       _FS_UnloadPak_f            00419fba f   files.obj
 0001:00019161       _FS_Link_f                 0041a161 f   files.obj
 0001:0001922d       _FS_Dir_f                  0041a22d f   files.obj
 0001:0001943e       _FS_Path_f                 0041a43e f   files.obj
 0001:000194d6       _FS_Cat_f                  0041a4d6 f   files.obj
 0001:000195af       _FS_Type_f                 0041a5af f   files.obj
 0001:0001682f       _Cvar_FindVar              0041782f f   cvar.obj
 0001:00016864       _ComputeHash               00417864 f   cvar.obj
 0001:00016a3e       _Cvar_SetString            00417a3e f   cvar.obj
 0001:00016ad4       _Cvar_InfoValidate         00417ad4 f   cvar.obj
 0001:00016be4       _Cvar_Set2                 00417be4 f   cvar.obj
 0001:00016d40       _Cvar_SetHardcoded         00417d40 f   cvar.obj
 0001:000170c2       _Cvar_Set_f                004180c2 f   cvar.obj
 0001:0001713f       _Cvar_SetWithFlags         0041813f f   cvar.obj
 0001:00017184       _Cvar_Seta_f               00418184 f   cvar.obj
 0001:000171a6       _Cvar_Setu_f               004181a6 f   cvar.obj
 0001:000171c8       _Cvar_Sets_f               004181c8 f   cvar.obj
 0001:000171ea       _Cvar_Reset_f              004181ea f   cvar.obj
 0001:0001724f       _Cvar_List_f               0041824f f   cvar.obj
 0001:00017356       _Cvar_Add_f                00418356 f   cvar.obj
 0001:000174cd       _Cvar_Scale_f              004184cd f   cvar.obj
 0001:00017540       _Cvar_Toggle_f             00418540 f   cvar.obj
 0001:000175a3       _Cvar_Cycle_f              004185a3 f   cvar.obj
 0001:00015bb3       _Con_ToggleChat_f          00416bb3 f   console.obj
 0001:00015be4       _Con_Clear_f               00416be4 f   console.obj
 0001:00015c3a       _Con_Dump_f                00416c3a f   console.obj
 0001:00015d4d       _Con_MessageMode_f         00416d4d f   console.obj
 0001:00015d5f       _Con_MessageMode2_f        00416d5f f   console.obj
 0001:00015dff       _PlaceChar                 00416dff f   console.obj
 0001:00015f89       _FindLine                  00416f89 f   console.obj
 0001:00016705       _Con_DrawInput             00417705 f   console.obj
 0001:00015014       _Com_Error_f               00416014 f   common.obj
 0001:00011c58       _CMod_LoadSurfaces         00412c58 f   cmodel.obj
 0001:00011d72       _CMod_ReadSurfMaterials    00412d72 f   cmodel.obj
 0001:00011ead       _CMod_LoadNodes            00412ead f   cmodel.obj
 0001:00011f0f       _CMod_LoadBrushes          00412f0f f   cmodel.obj
 0001:00011f5b       _CMod_LoadLeafs            00412f5b f   cmodel.obj
 0001:0001202a       _CMod_LoadPlanes           0041302a f   cmodel.obj
 0001:000120ad       _CMod_LoadLeafBrushes      004130ad f   cmodel.obj
 0001:000120f8       _CMod_LoadBrushSides       004130f8 f   cmodel.obj
 0001:00012171       _CMod_LoadAreas            00413171 f   cmodel.obj
 0001:0001254b       _CM_PointLeafnum_r         0041354b f   cmodel.obj
 0001:0001260e       _CM_BoxLeafnums_r          0041360e f   cmodel.obj
 0001:00012b79       _CM_TestInLeaf             00413b79 f   cmodel.obj
 0001:00012c01       _CM_TestBoxInBrush         00413c01 f   cmodel.obj
 0001:00012ce2       _CM_RecursiveHullCheck     00413ce2 f   cmodel.obj
 0001:00012fb4       _CM_TraceToLeaf            00413fb4 f   cmodel.obj
 0001:00013091       _CM_ClipBoxToBrush         00414091 f   cmodel.obj
 0001:00013839       _FloodArea_r               00414839 f   cmodel.obj
 0001:00011635       _Cmd_MacroExpandString     00412635 f   cmd.obj
 0001:00011950       _Cmd_Wait_f                00412950 f   cmd.obj
 0001:00011985       _Cmd_List_f                00412985 f   cmd.obj
 0001:0001047b       _DrawSurfInfo              0041147b f   cl_view.obj
 0001:00010789       _DrawFlag                  00411789 f   cl_view.obj
 0001:000107e4       _DecodeContents            004117e4 f   cl_view.obj
 0001:00010886       _DrawOriginInfo            00411886 f   cl_view.obj
 0001:00010a17       _DrawFpsInfo               00411a17 f   cl_view.obj
 0001:00010b40       _FixWaterVis               00411b40 f   cl_view.obj
 0001:00010c4b       _entitycmpfnc              00411c4b f   cl_view.obj
 0001:00010d01       _Screenshot_f              00411d01 f   cl_view.obj
 0001:0000d2dc       _SCR_CalcVrect             0040e2dc f   cl_scrn.obj
 0001:00003477       _CL_AddParticleTraces      00404477 f   cl_fx.obj
 0001:00002292       _CL_AddPacketEntities      00403292 f   cl_ents.obj
 0001:00002c73       _GetEntityInfo             00403c73 f   cl_ents.obj
 0001:00002d82       _AddEntityWithEffects      00403d82 f   cl_ents.obj
 0001:00002dae       _AddViewWeapon             00403dae f   cl_ents.obj
 0001:000009ea       _Huff1Decompress           004019ea f   cl_cin.obj
 0001:00000f72       _Huff1TableInit            00401f72 f   cl_cin.obj
 0001:0000106c       _SmallestNode1             0040206c f   cl_cin.obj
 0001:0000014c       _CDAudio_GetAudioDiskInfo  0040114c f   cd_win.obj
 0001:000004c4       _CD_f                      004014c4 f   cd_win.obj
 0001:0000077d       _CDAudio_Eject             0040177d f   cd_win.obj
 0001:000007a7       _CDAudio_CloseDoor         004017a7 f   cd_win.obj

 70 bytes saved through ICF

