 Quake2

 Timestamp is 43257ac9 (Mon Sep 12 16:55:37 2005)

 Preferred load address is 00400000

 Start         Length     Name                   Class
 0001:00000000 00060d70H .text                   CODE
 0002:00000000 00000288H .idata$5                DATA
 0002:00000288 000062b4H .rdata                  DATA
 0002:00006540 00000044H .rdata$r                DATA
 0002:00006588 00000038H .xdata$x                DATA
 0002:000065c0 00000078H .idata$2                DATA
 0002:00006638 00000014H .idata$3                DATA
 0002:0000664c 00000288H .idata$4                DATA
 0002:000068d4 00000844H .idata$6                DATA
 0002:00007118 00000000H .edata                  DATA
 0003:00000000 00000004H .CRT$XCA                DATA
 0003:00000004 00000088H .CRT$XCU                DATA
 0003:0000008c 00000004H .CRT$XCZ                DATA
 0003:00000090 00000004H .CRT$XIA                DATA
 0003:00000094 00000004H .CRT$XIZ                DATA
 0003:000000a0 0000d4fcH .data                   DATA
 0003:0000d5a0 004786fcH .bss                    DATA
 0004:00000000 00000130H .rsrc$01                DATA
 0004:00000130 00003f20H .rsrc$02                DATA

  Address         Publics by Value              Rva+Base     Lib:Object

 0001:00000000       ??3@YAXPAX@Z               00401000 f i CoreMain.obj
 0001:0000000b       ?appTimestamp@@YAPBDXZ     0040100b f   CoreMain.obj
 0001:00000043       ?appInit@@YAXXZ            00401043 f   CoreMain.obj
 0001:000000c2       ?appExit@@YAXXZ            004010c2 f   CoreMain.obj
 0001:000000fc       ?appLoadDebugSymbols@@YAXXZ 004010fc f   DbgSymbols.obj
 0001:000002ba       ?appSymbolName@@YA_NIPADH@Z 004012ba f   DbgSymbols.obj
 0001:000003b0       ?appSymbolName@@YAPBDI@Z   004013b0 f   DbgSymbols.obj
 0001:000003e6       ?appMalloc@@YAPAXIH@Z      004013e6 f   Memory.obj
 0001:00000494       ?appFree@@YAXPAX@Z         00401494 f   Memory.obj
 0001:000004c2       ?Unlink@FMemHeader@@QAEXXZ 004014c2 f i Memory.obj
 0001:000004ed       ?Link@CMemoryChain@@AAEXXZ 004014ed f   Memory.obj
 0001:0000050c       ?Unlink@CMemoryChain@@AAEXXZ 0040150c f   Memory.obj
 0001:00000537       ??2CMemoryChain@@SAPAXIH@Z 00401537 f   Memory.obj
 0001:000005a9       ??3CMemoryChain@@SAXPAX@Z  004015a9 f   Memory.obj
 0001:000005dc       ?Alloc@CMemoryChain@@QAEPAXIH@Z 004015dc f   Memory.obj
 0001:00000646       ?appInitMemory@@YAXXZ      00401646 f   Memory.obj
 0001:00000b7a       ?sprintf@?$TString@$0BAA@@@QAAHPBDZZ 00401b7a f i Memory.obj
 0001:00000bb4       ?Flush@COutputDevice@@UAEXXZ 00401bb4 f i OutputDevice.obj
 0001:00000bb4       ?Close@COutputDevice@@UAEXXZ 00401bb4 f i OutputDevice.obj
 0001:00000bb5       ?Write@COutputDeviceNull@@UAEXPBD@Z 00401bb5 f i OutputDevice.obj
 0001:00000bb8       ?Printf@COutputDevice@@QAAXPBDZZ 00401bb8 f   OutputDevice.obj
 0001:00000c28       ?Register@COutputDevice@@QAEXXZ 00401c28 f   OutputDevice.obj
 0001:00000c84       ?Unregister@COutputDevice@@QAEXXZ 00401c84 f   OutputDevice.obj
 0001:00000cd7       ?appPrintf@@YAXPBDZZ       00401cd7 f   OutputDevice.obj
 0001:00000e0d       ?appWPrintf@@YAXPBDZZ      00401e0d f   OutputDevice.obj
 0001:00000e6a       ??0COutputDeviceFile@@QAE@XZ 00401e6a f i ErrorMgr.obj
 0001:00000e7f       ?Write@COutputDeviceFile@@UAEXPBD@Z 00401e7f f i ErrorMgr.obj
 0001:00000ed3       ?Flush@COutputDeviceFile@@UAEXXZ 00401ed3 f i ErrorMgr.obj
 0001:00000ee3       ?Close@COutputDeviceFile@@UAEXXZ 00401ee3 f i ErrorMgr.obj
 0001:00000f11       ??1COutputDeviceFile@@QAE@XZ 00401f11 f i ErrorMgr.obj
 0001:00000f30       ?appGetErrorLog@@YAPAVCOutputDevice@@XZ 00401f30 f   ErrorMgr.obj
 0001:00000fcf       ?Open@COutputDeviceFile@@QAEXPBD_N@Z 00401fcf f i ErrorMgr.obj
 0001:0000100b       ?appFatalError@@YAXPBDZZ   0040200b f   ErrorMgr.obj
 0001:000010ab       ?appNonFatalError@@YAXPBDZZ 004020ab f   ErrorMgr.obj
 0001:0000110d       ?appUnwindPrefix@@YAXPBD@Z 0040210d f   ErrorMgr.obj
 0001:000011bd       ?appUnwindThrow@@YAXPBDZZ  004021bd f   ErrorMgr.obj
 0001:00001254       ?Reset@CErrorHandler@@QAEXXZ 00402254 f   ErrorMgr.obj
 0001:00001285       ?appInitError@@YAXXZ       00402285 f   ErrorMgr.obj
 0001:00001343       ?sprintf@?$TString@$0CAA@@@QAAHPBDZZ 00402343 f i ErrorMgr.obj
 0001:0000135f       ?GetLine@CSimpleParser@@QAEPBDXZ 0040235f f   ScriptParser.obj
 0001:00001474       ?SkipBraces@CSimpleParser@@QAEPBDXZ 00402474 f   ScriptParser.obj
 0001:000014aa       ?appStricmp@@YAHPBD0@Z     004024aa f   Strings.obj
 0001:000014df       ?toLower@@YADD@Z           004024df f i Strings.obj
 0001:000014f6       ?appStrcpy@@YAXPADPBD@Z    004024f6 f   Strings.obj
 0001:00001509       ?appStrncpylwr@@YAXPADPBDH@Z 00402509 f   Strings.obj
 0001:00001541       ?appStrncpyz@@YAXPADPBDH@Z 00402541 f   Strings.obj
 0001:0000156e       ?appStrcatn@@YAXPADHPBD@Z  0040256e f   Strings.obj
 0001:00001599       ?appCopyFilename@@YAXPADPBDH@Z 00402599 f   Strings.obj
 0001:00001639       ?appCStrlen@@YAHPBD@Z      00402639 f   Strings.obj
 0001:0000165e       ?appUncolorizeString@@YAXPADPBD@Z 0040265e f   Strings.obj
 0001:0000168e       ?va@@YAPBDPBDZZ            0040268e f   Strings.obj
 0001:0000172a       ?appSprintf@@YAHPADHPBDZZ  0040272a f   Strings.obj
 0001:00001775       ?appMatchWildcard@@YA_NPBD0_N@Z 00402775 f   Strings.obj
 0001:00001904       ?appIsWildcard@@YA_NPBD@Z  00402904 f   Strings.obj
 0001:0000192e       ?CopyString@@YAPADPBD@Z    0040292e f   Strings.obj
 0001:0000196e       ?CopyString@@YAPADPBDPAVCMemoryChain@@@Z 0040296e f   Strings.obj
 0001:000019a2       ??2CStringItem@@SAPAXIPBD@Z 004029a2 f   Strings.obj
 0001:000019ef       ??2CStringItem@@SAPAXIPBDPAVCMemoryChain@@@Z 004029ef f   Strings.obj
 0001:00001a19       ??0CStringItem@@QAE@XZ     00402a19 f   Strings.obj
 0001:00001a24       ?Find@CStringList@@IAEPAVCStringItem@@PBDPAPAV2@@Z 00402a24 f   Strings.obj
 0001:00001a60       ?Find@CStringList@@IAEPAVCStringItem@@H@Z 00402a60 f   Strings.obj
 0001:00001a79       ?IndexOf@CStringList@@QAEHPBD@Z 00402a79 f   Strings.obj
 0001:00001aa6       ?Remove@CStringList@@QAE_NPAVCStringItem@@@Z 00402aa6 f   Strings.obj
 0001:00001ad2       ?Free@CStringList@@QAEXXZ  00402ad2 f   Strings.obj
 0001:00001aeb       ?Add@CTextContainer@@QAEPAUCTextRec@@PBD@Z 00402aeb f   TextContainer.obj
 0001:00001b97       ?Enumerate@CTextContainer@@QAEXP6AXPBUCTextRec@@@Z@Z 00402b97 f   TextContainer.obj
 0001:00001c03       ?appOpenFile@@YAPAVCFile@@PBD@Z 00402c03 f   FileSystem.obj
 0001:00001c3f       ?Read@CFileOS@@UAEHPAXH@Z  00402c3f f i FileSystem.obj
 0001:00001c64       ?GetSize@CFileOS@@UAEHXZ   00402c64 f i FileSystem.obj
 0001:00001ca9       ?Eof@CFileOS@@UAE_NXZ      00402ca9 f i FileSystem.obj
 0001:00001cbd       ??_ECFileOS@@UAEPAXI@Z     00402cbd f i FileSystem.obj
 0001:00001cbd       ??_GCFileOS@@UAEPAXI@Z     00402cbd f i FileSystem.obj
 0001:00001cef       ??_GCFile@@UAEPAXI@Z       00402cef f i FileSystem.obj
 0001:00001cef       ??_ECFile@@UAEPAXI@Z       00402cef f i FileSystem.obj
 0001:00001d0c       ?ReadInt@CFile@@QAEHXZ     00402d0c f   FileSystem.obj
 0001:00001d24       ?ReadString@CFile@@QAEXPADH@Z 00402d24 f   FileSystem.obj
 0001:00001d60       ?appMillisecondsf@@YANXZ   00402d60 f   CoreWin32.obj
 0001:00001d99       ?appMilliseconds@@YAIXZ    00402d99 f   CoreWin32.obj
 0001:00001dce       ?cpuid@@YAXI@Z             00402dce f   CoreWin32.obj
 0001:00001df1       ?appPackage@@YAPBDXZ       00402df1 f   CoreWin32.obj
 0001:00001e56       ?appGetSystemErrorMessage@@YAPBDI@Z 00402e56 f   CoreWin32.obj
 0001:00001eba       ?appDisplayError@@YAXXZ    00402eba f   CoreWin32.obj
 0001:00001f0e       ?appInitPlatform@@YAXXZ    00402f0e f   CoreWin32.obj
 0001:00002342       ?appShutdownPlatform@@YAXXZ 00403342 f   CoreWin32.obj
 0001:0000234b       ?osAddressInfo@@YA_NIPADHPAH@Z 0040334b f   DbgSymbolsWin32.obj
 0001:000023df       ?osModuleInfo@@YA_NIPADHPAH@Z 004033df f   DbgSymbolsWin32.obj
 0001:00002586       ?win32ExceptFilter@@YAHPAU_EXCEPTION_POINTERS@@@Z 00403586 f   ExceptFilterWin32.obj
 0001:00002a17       ?win32ExceptFilter2@@YAHXZ 00403a17 f   ExceptFilterWin32.obj
 0001:00002a23       ?SCR_StopCinematic@@YAXXZ  00403a23 f   cl_cin.obj
 0001:00002ab7       ?SCR_DrawCinematic@@YA_NXZ 00403ab7 f   cl_cin.obj
 0001:00002f0f       ?SCR_PlayCinematic@@YAXPBD@Z 00403f0f f   cl_cin.obj
 0001:00003265       ?sprintf@?$TString@$0EA@@@QAAHPBDZZ 00404265 f i cl_cin.obj
 0001:0000327e       ?CL_Download_f@@YAX_NHPAPAD@Z 0040427e f   cl_download.obj
 0001:00003616       ?CL_ParseDownload@@YAXXZ   00404616 f   cl_download.obj
 0001:00003e2c       ?CL_Precache_f@@YAXHPAPAD@Z 00404e2c f   cl_download.obj
 0001:00003e8a       ?sprintf@?$TString@$0IA@@@QAAHPBDZZ 00404e8a f i cl_download.obj
 0001:00003ea6       ?CL_ParseDelta@@YAXPAUclEntityState_t@@0HI_N@Z 00404ea6 f   cl_ents.obj
 0001:00004026       ?CL_ParseFrame@@YAXXZ      00405026 f   cl_ents.obj
 0001:000046d5       ?CL_AddEntityBox@@YAXPAUclEntityState_t@@I@Z 004056d5 f   cl_ents.obj
 0001:000047d9       ?Lerp@@YAXABUCVec3@@0MAAU1@@Z 004057d9 f i cl_ents.obj
 0001:00004810       ?CL_OffsetThirdPersonView@@YAXXZ 00405810 f   cl_ents.obj
 0001:000048f8       ?CL_AddEntities@@YAXXZ     004058f8 f   cl_ents.obj
 0001:00005838       ?CL_ClearLightStyles@@YAXXZ 00406838 f   cl_fx.obj
 0001:000058ba       ?CL_SetLightstyle@@YAXHPBD@Z 004068ba f   cl_fx.obj
 0001:0000591b       ?CL_AllocDlight@@YAPAUcdlight_t@@HABUCVec3@@@Z 0040691b f   cl_fx.obj
 0001:00005984       ?CL_AllocParticleTrace@@YAPAUparticleTrace_t@@ABUCVec3@@0MM@Z 00406984 f   cl_fx.obj
 0001:00005a13       ?CL_AllocParticleBeam@@YAPAUbeam_t@@ABUCVec3@@0MM@Z 00406a13 f   cl_fx.obj
 0001:00005a87       ?CL_AllocParticle@@YAPAUparticle_t@@XZ 00406a87 f   cl_fx.obj
 0001:00005ada       ?CL_MetalSparks@@YAXABUCVec3@@0H@Z 00406ada f   cl_fx.obj
 0001:00005bd8       ?CL_AddEffects@@YAXXZ      00406bd8 f   cl_fx.obj
 0001:000062dd       ?CL_ClearEffects@@YAXXZ    004072dd f   cl_fx.obj
 0001:0000635f       ?CL_EntityEvent@@YAXPAUclEntityState_t@@@Z 0040735f f   cl_fx.obj
 0001:00006513       ?CL_ParseMuzzleFlash@@YAXXZ 00407513 f   cl_fx.obj
 0001:00006883       ?CL_ParseMuzzleFlash2@@YAXXZ 00407883 f   cl_fx.obj
 0001:00006cf9       ?CL_ParticleEffect@@YAXABUCVec3@@0HH@Z 00407cf9 f   cl_fx.obj
 0001:00006ee2       ?CL_ParticleEffect2@@YAXABUCVec3@@0HH@Z 00407ee2 f   cl_fx.obj
 0001:00006f0a       ?CL_ParticleEffect3@@YAXABUCVec3@@0HH@Z 00407f0a f   cl_fx.obj
 0001:00006f32       ?CL_TeleporterParticles@@YAXPAUclEntityState_t@@@Z 00407f32 f   cl_fx.obj
 0001:00006f51       ?CL_LogoutEffect@@YAXABUCVec3@@H@Z 00407f51 f   cl_fx.obj
 0001:00006f87       ?CL_ItemRespawnParticles@@YAXABUCVec3@@@Z 00407f87 f   cl_fx.obj
 0001:00006fa2       ?CL_ExplosionParticles@@YAXABUCVec3@@@Z 00407fa2 f   cl_fx.obj
 0001:00006fc0       ?CL_BFGExplosionParticles@@YAXABUCVec3@@@Z 00407fc0 f   cl_fx.obj
 0001:00006fde       ?CL_TrackerExplosionParticles@@YAXABUCVec3@@@Z 00407fde f   cl_fx.obj
 0001:00006ffc       ?CL_BlasterParticles@@YAXABUCVec3@@0I@Z 00407ffc f   cl_fx.obj
 0001:00007022       ?CL_BlasterTrail@@YAXAAUcentity_t@@@Z 00408022 f   cl_fx.obj
 0001:00007125       ?CL_BlasterTrail2@@YAXAAUcentity_t@@@Z 00408125 f   cl_fx.obj
 0001:00007138       ?CL_FlagTrail@@YAXAAUcentity_t@@H@Z 00408138 f   cl_fx.obj
 0001:00007154       ?CL_RocketTrail@@YAXAAUcentity_t@@@Z 00408154 f   cl_fx.obj
 0001:00007193       ?CL_BubbleTrail@@YAXABUCVec3@@0@Z 00408193 f   cl_fx.obj
 0001:0000722d       ?CL_BubbleTrail2@@YAXABUCVec3@@0@Z 0040822d f   cl_fx.obj
 0001:00007245       ?CL_TagTrail@@YAXAAUcentity_t@@@Z 00408245 f   cl_fx.obj
 0001:00007258       ?CL_DebugTrail@@YAXABUCVec3@@0@Z 00408258 f   cl_fx.obj
 0001:00007270       ?CL_ForceWall@@YAXABUCVec3@@0H@Z 00408270 f   cl_fx.obj
 0001:00007291       ?CL_BigTeleportParticles@@YAXABUCVec3@@@Z 00408291 f   cl_fx.obj
 0001:000073cc       ?CL_BfgParticles@@YAXABUCVec3@@@Z 004083cc f   cl_fx.obj
 0001:00007546       ?CL_FlyEffect@@YAXAAUcentity_t@@@Z 00408546 f   cl_fx.obj
 0001:000076d2       ?CL_DiminishingTrail@@YAXAAUcentity_t@@H@Z 004086d2 f   cl_fx.obj
 0001:0000782c       ?CL_RailTrail@@YAXABUCVec3@@0@Z 0040882c f   cl_fx.obj
 0001:000079a2       ?CL_RailTrailExt@@YAXABUCVec3@@0EE@Z 004089a2 f   cl_fx.obj
 0001:00007ae7       ?CL_IonripperTrail@@YAXAAUcentity_t@@@Z 00408ae7 f   cl_fx.obj
 0001:00007c41       ?CL_TrapParticles@@YAXABUCVec3@@@Z 00408c41 f   cl_fx.obj
 0001:00007dd5       ?CL_TeleportParticles@@YAXABUCVec3@@@Z 00408dd5 f   cl_fx.obj
 0001:00007f0b       ?CL_Heatbeam@@YAXABUCVec3@@0@Z 00408f0b f   cl_fx.obj
 0001:000081b1       ?CL_ParticleSteamEffect@@YAXABUCVec3@@0HHH@Z 004091b1 f   cl_fx.obj
 0001:000082ea       ?CL_ParticleSmokeEffect@@YAXABUCVec3@@0@Z 004092ea f   cl_fx.obj
 0001:00008406       ?CL_TrackerTrail@@YAXAAUcentity_t@@@Z 00409406 f   cl_fx.obj
 0001:00008584       ?CL_TrackerShell@@YAXABUCVec3@@@Z 00409584 f   cl_fx.obj
 0001:00008610       ?CL_MonsterPlasmaShell@@YAXABUCVec3@@@Z 00409610 f   cl_fx.obj
 0001:00008699       ?CL_WidowSplash@@YAXABUCVec3@@@Z 00409699 f   cl_fx.obj
 0001:0000877a       ?IN_CenterView@@YAXXZ      0040977a f   cl_input.obj
 0001:0000879b       ?CL_InitInput@@YAXXZ       0040979b f   cl_input.obj
 0001:00008d37       ?CL_SendCmd@@YAXXZ         00409d37 f   cl_input.obj
 0001:000093b5       ?CL_WriteDemoMessage@@YAXXZ 0040a3b5 f   cl_main.obj
 0001:000093f7       ?Cmd_ForwardToServer@@YAXHPAPAD@Z 0040a3f7 f   cl_main.obj
 0001:000094ba       ?CL_ForwardToServer_f@@YAXHPAPAD@Z 0040a4ba f   cl_main.obj
 0001:00009502       ?CL_Pause@@YAX_N@Z         0040a502 f   cl_main.obj
 0001:00009544       ?CL_Drop@@YAX_N@Z          0040a544 f   cl_main.obj
 0001:0000956b       ?CL_SendConnectPacket@@YAXXZ 0040a56b f   cl_main.obj
 0001:000095d7       ?CL_Connect_f@@YAX_NHPAPAD@Z 0040a5d7 f   cl_main.obj
 0001:00009642       ?CL_Rcon_f@@YAXHPAPAD@Z    0040a642 f   cl_main.obj
 0001:0000972e       ?CL_Disconnect@@YAXXZ      0040a72e f   cl_main.obj
 0001:000098d0       ?CL_Disconnect_f@@YAXXZ    0040a8d0 f   cl_main.obj
 0001:000098da       ?CL_Changing_f@@YAXXZ      0040a8da f   cl_main.obj
 0001:000098fe       ?CL_Reconnect_f@@YAXXZ     0040a8fe f   cl_main.obj
 0001:0000999a       ?CL_PingServers_f@@YAXXZ   0040a99a f   cl_main.obj
 0001:00009a9c       ?CL_Skins_f@@YAXXZ         0040aa9c f   cl_main.obj
 0001:00009d84       ?CL_ConnectionlessPacket@@YAXXZ 0040ad84 f   cl_main.obj
 0001:00009e81       ?CL_ReadPackets@@YAXXZ     0040ae81 f   cl_main.obj
 0001:00009fc4       ?CL_Userinfo_f@@YAXXZ      0040afc4 f   cl_main.obj
 0001:00009fdc       ?CL_RegisterSounds@@YAXXZ  0040afdc f   cl_main.obj
 0001:0000a01b       ?CL_Snd_Restart_f@@YAXXZ   0040b01b f   cl_main.obj
 0001:0000a02a       ?CL_WriteConfiguration@@YAXPBD@Z 0040b02a f   cl_main.obj
 0001:0000a111       ?CL_WriteConfig_f@@YAX_NHPAPAD@Z 0040b111 f   cl_main.obj
 0001:0000a17c       ?CL_FixCvarCheats@@YAXXZ   0040b17c f   cl_main.obj
 0001:0000a1cd       ?CL_Frame@@YAXMM@Z         0040b1cd f   cl_main.obj
 0001:0000a50c       ?CL_ClearState@@YAXXZ      0040b50c f   cl_main.obj
 0001:0000a54a       ?CL_Init@@YAXXZ            0040b54a f   cl_main.obj
 0001:0000aa08       ?CL_Shutdown@@YAXXZ        0040ba08 f   cl_main.obj
 0001:0000aa64       ?sprintf@?$TString@$0EAA@@@QAAHPBDZZ 0040ba64 f i cl_main.obj
 0001:0000aa80       ?CL_ParseClientinfo@@YAXH@Z 0040ba80 f   cl_parse.obj
 0001:0000ab35       ?CL_UpdatePlayerClientInfo@@YAXXZ 0040bb35 f   cl_parse.obj
 0001:0000ab76       ?CL_ParseServerMessage@@YAXXZ 0040bb76 f   cl_parse.obj
 0001:0000b350       ?FreePlayerModelsInfo@@YAXXZ 0040c350 f   cl_playermodel.obj
 0001:0000b376       ?ScanQuake3Models@@YAXPBD@Z 0040c376 f   cl_playermodel.obj
 0001:0000b4f7       ?ScanPlayerModels@@YA_NXZ  0040c4f7 f   cl_playermodel.obj
 0001:0000b7b8       ?RunAnimation@@YAXAAUclientInfo_t@@AAUanimState_t@@H@Z 0040c7b8 f   cl_playermodel.obj
 0001:0000b999       ?CL_LoadClientinfo@@YAXAAUclientInfo_t@@PBD_N@Z 0040c999 f   cl_playermodel.obj
 0001:0000c575       ?ParsePlayerEntity@@YAHAAUcentity_t@@AAUclientInfo_t@@PAUclEntityState_t@@ABUentity_t@@PAU4@HH@Z 0040d575 f   cl_playermodel.obj
 0001:0000d0cb       ?CreateAndInsert@?$TList@VCStringItem@@@@QAEPAVCStringItem@@PBDPAVCMemoryChain@@@Z 0040e0cb f i cl_playermodel.obj
 0001:0000d101       ?Insert@?$TList@VplayerModelInfo_t@@@@QAE_NPAVplayerModelInfo_t@@@Z 0040e101 f i cl_playermodel.obj
 0001:0000d101       ?Insert@?$TList@VshaderScript_t@OpenGLDrv@@@@QAE_NPAVshaderScript_t@OpenGLDrv@@@Z 0040e101 f i cl_playermodel.obj
 0001:0000d101       ?Insert@?$TList@VCStringItem@@@@QAE_NPAVCStringItem@@@Z 0040e101 f i cl_playermodel.obj
 0001:0000d137       ?CL_CheckPredictionError@@YAXXZ 0040e137 f   cl_pred.obj
 0001:0000d2cd       ?CL_EntityTrace@@YAXAAUtrace_t@@ABUCVec3@@1ABUCBox@@H@Z 0040e2cd f   cl_pred.obj
 0001:0000d666       ?CL_Trace@@YAXAAUtrace_t@@ABUCVec3@@1ABUCBox@@H@Z 0040e666 f   cl_pred.obj
 0001:0000d6e2       ?CL_PMpointcontents@@YAHABUCVec3@@@Z 0040e6e2 f   cl_pred.obj
 0001:0000d86e       ?CL_PredictMovement@@YAXXZ 0040e86e f   cl_pred.obj
 0001:0000dc21       ?DrawString@@YAXHHPBD@Z    0040ec21 f   cl_scrn.obj
 0001:0000dc66       ?SCR_DebugGraph@@YAXMH@Z   0040ec66 f   cl_scrn.obj
 0001:0000dc8e       ?SCR_CenterPrint@@YAXPBD@Z 0040ec8e f   cl_scrn.obj
 0001:0000dd94       ?Key_Message@@YAXH@Z       0040ed94 f   cl_scrn.obj
 0001:0000de30       ?SCR_SetLevelshot@@YAXPBD@Z 0040ee30 f   cl_scrn.obj
 0001:0000df29       ?SCR_BeginLoadingPlaque@@YAXXZ 0040ef29 f   cl_scrn.obj
 0001:0000dfae       ?SCR_EndLoadingPlaque@@YAX_N@Z 0040efae f   cl_scrn.obj
 0001:0000e033       ?SCR_ShowConsole@@YAX_N0@Z 0040f033 f   cl_scrn.obj
 0001:0000e0f8       ?SCR_ToggleConsole@@YAXXZ  0040f0f8 f   cl_scrn.obj
 0001:0000e120       ?SCR_TouchPics@@YAXXZ      0040f120 f   cl_scrn.obj
 0001:0000e176       ?SCR_UpdateScreen@@YAXXZ   0040f176 f   cl_scrn.obj
 0001:0000f3ba       ?SCR_Init@@YAXXZ           004103ba f   cl_scrn.obj
 0001:0000f6e9       ?sprintf@?$TString@$0BA@@@QAAHPBDZZ 004106e9 f i cl_scrn.obj
 0001:0000f702       ?CL_RegisterTEntSounds@@YAXXZ 00410702 f   cl_tent.obj
 0001:0000f947       ?CL_RegisterTEntModels@@YAXXZ 00410947 f   cl_tent.obj
 0001:0000fa94       ?CL_ClearTEnts@@YAXXZ      00410a94 f   cl_tent.obj
 0001:0000fac5       ?CL_SmokeAndFlash@@YAXABUCVec3@@@Z 00410ac5 f   cl_tent.obj
 0001:0000fc5b       ?CL_ParsePlayerBeam@@YAHPAVCRenderModel@@@Z 00410c5b f   cl_tent.obj
 0001:0000fd66       ?CL_ParseLightning@@YAHPAVCRenderModel@@@Z 00410d66 f   cl_tent.obj
 0001:0000fe28       ?CL_ParseWidow@@YAXXZ      00410e28 f   cl_tent.obj
 0001:0000ff5e       ?CL_ParseNuke@@YAXXZ       00410f5e f   cl_tent.obj
 0001:00010071       ?CL_ParseTEnt@@YAXXZ       00411071 f   cl_tent.obj
 0001:00010e58       ?CL_AddBeams@@YAXXZ        00411e58 f   cl_tent.obj
 0001:0001105a       ?CL_AddPlayerBeams@@YAXXZ  0041205a f   cl_tent.obj
 0001:00011661       ?CL_AddTEnts@@YAXXZ        00412661 f   cl_tent.obj
 0001:00011861       ?V_AddEntity@@YAXPAUentity_t@@@Z 00412861 f   cl_view.obj
 0001:0001189c       ?V_AddEntity2@@YAXPAUentity_t@@@Z 0041289c f   cl_view.obj
 0001:000118cb       ?AddEntityWithEffects2@@YAXPAUentity_t@@I@Z 004128cb f   cl_view.obj
 0001:00011987       ?AddEntityWithEffects@@YAXPAUentity_t@@I@Z 00412987 f   cl_view.obj
 0001:000119a6       ?V_AddLight@@YAXABUCVec3@@MMMM@Z 004129a6 f   cl_view.obj
 0001:000119eb       ?V_TestEntities@@YAXXZ     004129eb f   cl_view.obj
 0001:00011b18       ?V_TestLights@@YAXXZ       00412b18 f   cl_view.obj
 0001:00011bee       ?V_InitRenderer@@YAXXZ     00412bee f   cl_view.obj
 0001:00011fd6       ?CalcFov@@YAMMMM@Z         00412fd6 f   cl_view.obj
 0001:00012044       ?V_RenderView@@YA_NXZ      00413044 f   cl_view.obj
 0001:00012c78       ?V_Init@@YAXXZ             00413c78 f   cl_view.obj
 0001:00012d27       ?Con_ClearNotify@@YAXXZ    00413d27 f   console.obj
 0001:00012d36       ?Con_CheckResize@@YAXXZ    00413d36 f   console.obj
 0001:00012e5d       ?Write@COutputDeviceCon@@UAEXPBD@Z 00413e5d f   console.obj
 0001:00013157       ?Con_DrawNotify@@YAX_N@Z   00414157 f   console.obj
 0001:0001326f       ?Con_DrawConsole@@YAXM@Z   0041426f f   console.obj
 0001:00013523       ?Con_ClearTyping@@YAXXZ    00414523 f   console.obj
 0001:0001353c       ?Key_Console@@YAXHH@Z      0041453c f   console.obj
 0001:00013984       ?Con_Init@@YAXXZ           00414984 f   console.obj
 0001:00013af6       ?Key_KeynumToString@@YAPBDH@Z 00414af6 f   keys.obj
 0001:00013bb6       ?Draw@completeMenu_t@@UAEXXZ 00414bb6 f i keys.obj
 0001:00013be7       ?KeyDown@completeMenu_t@@UAEPBDH@Z 00414be7 f i keys.obj
 0001:00013c10       ?Init@completeMenu_t@@UAE_NXZ 00414c10 f i keys.obj
 0001:00013d37       ?CompleteMenuCallback@completeMenu_t@@SAXPAX@Z 00414d37 f i keys.obj
 0001:00013dc5       ?CompleteCommand@@YAXXZ    00414dc5 f   keys.obj
 0001:000144fa       ?Key_SetBinding@@YAXHPBD@Z 004154fa f   keys.obj
 0001:00014538       ?Key_FindBinding@@YAHPBDPAHH@Z 00415538 f   keys.obj
 0001:00014586       ?Key_WriteBindings@@YAXPAVCOutputDevice@@@Z 00415586 f   keys.obj
 0001:000145cd       ?Key_Init@@YAXXZ           004155cd f   keys.obj
 0001:000148b1       ?Key_Event@@YAXH_N@Z       004158b1 f   keys.obj
 0001:00014c0a       ?Key_ClearStates@@YAXXZ    00415c0a f   keys.obj
 0001:00014c3f       ?M_ForceMenuOn@@YAXXZ      00415c3f f   menu.obj
 0001:00014c5e       ?Draw@menuMain_t@@UAEXXZ   00415c5e f i menu.obj
 0001:00014d9a       ?KeyDown@menuMain_t@@UAEPBDH@Z 00415d9a f i menu.obj
 0001:00014e56       ?Init@menuMain_t@@UAE_NXZ  00415e56 f i menu.obj
 0001:00014e5e       ?M_Menu_Main_f@@YAXXZ      00415e5e f   menu.obj
 0001:00014e78       ?Init@multiplayerMenu_t@@UAE_NXZ 00415e78 f i menu.obj
 0001:00014f9c       ?Init@keysMenu_t@@UAE_NXZ  00415f9c f i menu.obj
 0001:00015181       ?KeyCursorDrawFunc@keysMenu_t@@SAXPAUmenuFramework_t@@@Z 00416181 f i menu.obj
 0001:000151c1       ?DrawKeyBindingFunc@keysMenu_t@@SAXPAX@Z 004161c1 f i menu.obj
 0001:00015288       ?KeyDown@keysMenu_t@@UAEPBDH@Z 00416288 f i menu.obj
 0001:00015335       ?UnbindCommand@keysMenu_t@@QAEXPAD@Z 00416335 f i menu.obj
 0001:0001537a       ?KeyBindingFunc@keysMenu_t@@QAEXPAX@Z 0041637a f i menu.obj
 0001:000153d9       ?Init@optionsMenu_t@@UAE_NXZ 004163d9 f i menu.obj
 0001:00015837       ?CrosshairFunc@optionsMenu_t@@SAXPAX@Z 00416837 f i menu.obj
 0001:0001585f       ?JoystickFunc@optionsMenu_t@@SAXPAX@Z 0041685f f i menu.obj
 0001:00015874       ?AlwaysRunFunc@optionsMenu_t@@SAXPAX@Z 00416874 f i menu.obj
 0001:00015889       ?FreeLookFunc@optionsMenu_t@@SAXPAX@Z 00416889 f i menu.obj
 0001:0001589e       ?MouseSpeedFunc@optionsMenu_t@@SAXPAX@Z 0041689e f i menu.obj
 0001:000158bb       ?InvertMouseFunc@optionsMenu_t@@SAXPAX@Z 004168bb f i menu.obj
 0001:000158d6       ?LookspringFunc@optionsMenu_t@@SAXPAX@Z 004168d6 f i menu.obj
 0001:000158f2       ?LookstrafeFunc@optionsMenu_t@@SAXPAX@Z 004168f2 f i menu.obj
 0001:0001590e       ?UpdateVolumeFunc@optionsMenu_t@@SAXPAX@Z 0041690e f i menu.obj
 0001:0001592b       ?UpdateCDVolumeFunc@optionsMenu_t@@SAXPAX@Z 0041692b f i menu.obj
 0001:00015945       ?SetMenuItemValues@optionsMenu_t@@SAXXZ 00416945 f i menu.obj
 0001:00015b23       ?ResetDefaultsFunc@optionsMenu_t@@SAXPAX@Z 00416b23 f i menu.obj
 0001:00015b38       ?UpdateSoundFunc@optionsMenu_t@@SAXPAX@Z 00416b38 f i menu.obj
 0001:00015d3b       ?ScanCrosshairs@optionsMenu_t@@SAXXZ 00416d3b f i menu.obj
 0001:00015d98       ?Draw@optionsMenu_t@@UAEXXZ 00416d98 f i menu.obj
 0001:00015dfd       ?Draw@creditsMenu_t@@UAEXXZ 00416dfd f i menu.obj
 0001:00015ea4       ?KeyDown@creditsMenu_t@@UAEPBDH@Z 00416ea4 f i menu.obj
 0001:00015edf       ?Init@creditsMenu_t@@UAE_NXZ 00416edf f i menu.obj
 0001:00015fa7       ?Init@gameMenu_t@@UAE_NXZ  00416fa7 f i menu.obj
 0001:00016132       ?EasyGameFunc@gameMenu_t@@SAXPAX@Z 00417132 f i menu.obj
 0001:0001613e       ?StartGame@gameMenu_t@@SAXPBD@Z 0041713e f i menu.obj
 0001:00016196       ?MediumGameFunc@gameMenu_t@@SAXPAX@Z 00417196 f i menu.obj
 0001:000161a2       ?HardGameFunc@gameMenu_t@@SAXPAX@Z 004171a2 f i menu.obj
 0001:000161be       ?Init@savegameMenu_t@@UAE_NXZ 004171be f i menu.obj
 0001:000162ce       ?Create_Savestrings@savegameMenu_t@@QAEXXZ 004172ce f i menu.obj
 0001:00016378       ?LoadGameCallback@savegameMenu_t@@SAXPAX@Z 00417378 f i menu.obj
 0001:000163a1       ?SaveGameCallback@savegameMenu_t@@SAXPAX@Z 004173a1 f i menu.obj
 0001:000163c0       ?Draw@savegameMenu_t@@UAEXXZ 004173c0 f i menu.obj
 0001:000163db       ?DrawSavegameShot@savegameMenu_t@@QAEXHH@Z 004173db f i menu.obj
 0001:000164b6       ?Init@joinserverMenu_t@@UAE_NXZ 004174b6 f i menu.obj
 0001:000165df       ?JoinServerFunc@joinserverMenu_t@@SAXPAX@Z 004175df f i menu.obj
 0001:00016641       ?SearchLocalGames@joinserverMenu_t@@SAXXZ 00417641 f i menu.obj
 0001:000166ac       ?M_AddToServerList@@YAXUnetadr_t@@PAD@Z 004176ac f   menu.obj
 0001:0001672d       ?Init@startserverMenu_t@@UAE_NXZ 0041772d f i menu.obj
 0001:00016bc0       ?DMOptionsFunc@startserverMenu_t@@SAXPAX@Z 00417bc0 f i menu.obj
 0001:00016bd0       ?RulesChangeFunc@startserverMenu_t@@SAXPAX@Z 00417bd0 f i menu.obj
 0001:00016c4a       ?StartServerActionFunc@startserverMenu_t@@SAXPAX@Z 00417c4a f i menu.obj
 0001:00016c75       ?StartServerFunc@startserverMenu_t@@SAXPAD@Z 00417c75 f i menu.obj
 0001:00016eac       ?KeyDown@startserverMenu_t@@UAEPBDH@Z 00417eac f i menu.obj
 0001:00016f09       ?Init@dmoptionsMenu_t@@UAE_NXZ 00417f09 f i menu.obj
 0001:000174e8       ?DMFlagCallback@dmoptionsMenu_t@@SAXPAX@Z 004184e8 f i menu.obj
 0001:000176c3       ?Init@downloadOptionsMenu_t@@UAE_NXZ 004186c3 f i menu.obj
 0001:0001788e       ?DownloadCallback@downloadOptionsMenu_t@@SAXPAX@Z 0041888e f i menu.obj
 0001:000178f9       ?Init@addressBookMenu_t@@UAE_NXZ 004188f9 f i menu.obj
 0001:000179a1       ?KeyDown@addressBookMenu_t@@UAEPBDH@Z 004189a1 f i menu.obj
 0001:000179fe       ?Init@playerConfigMenu_t@@UAE_NXZ 004189fe f i menu.obj
 0001:00017f45       ?HandednessCallback@playerConfigMenu_t@@SAXPAX@Z 00418f45 f i menu.obj
 0001:00017f5a       ?RTypeCallback@playerConfigMenu_t@@SAXPAX@Z 00418f5a f i menu.obj
 0001:00017f6f       ?RColorCallback@playerConfigMenu_t@@SAXPAX@Z 00418f6f f i menu.obj
 0001:00017f84       ?RateCallback@playerConfigMenu_t@@SAXPAX@Z 00418f84 f i menu.obj
 0001:00017fa7       ?ModelCallback@playerConfigMenu_t@@SAXPAX@Z 00418fa7 f i menu.obj
 0001:00017fdb       ?SkinCallback@playerConfigMenu_t@@SAXPAX@Z 00418fdb f i menu.obj
 0001:00017fe3       ?Draw@playerConfigMenu_t@@UAEXXZ 00418fe3 f i menu.obj
 0001:000182c5       ?KeyDown@playerConfigMenu_t@@UAEPBDH@Z 004192c5 f i menu.obj
 0001:000183a4       ?Init@dmbrowseMenu_t@@UAE_NXZ 004193a4 f i menu.obj
 0001:000185aa       ?KeyDown@dmbrowseMenu_t@@UAEPBDH@Z 004195aa f i menu.obj
 0001:0001876e       ?Draw@dmbrowseMenu_t@@UAEXXZ 0041976e f i menu.obj
 0001:000188b3       ?DrawThumbnail@dmbrowseMenu_t@@SAXHHHHPAD_N@Z 004198b3 f i menu.obj
 0001:0001899a       ?Init@videoMenu_t@@UAE_NXZ 0041999a f i menu.obj
 0001:00018f53       ?ScreenSizeCallback@videoMenu_t@@SAXPAX@Z 00419f53 f i menu.obj
 0001:00018f71       ?BrightnessCallback@videoMenu_t@@SAXPAX@Z 00419f71 f i menu.obj
 0001:00018f8f       ?ContrastCallback@videoMenu_t@@SAXPAX@Z 00419f8f f i menu.obj
 0001:00018fc8       ?CancelChanges@videoMenu_t@@SAXPAX@Z 00419fc8 f i menu.obj
 0001:00018fe9       ?KeyDown@videoMenu_t@@UAEPBDH@Z 00419fe9 f i menu.obj
 0001:00019030       ?ApplyChanges@videoMenu_t@@SAXPAX@Z 0041a030 f i menu.obj
 0001:000191e7       ?KeyDown@quitMenu_t@@UAEPBDH@Z 0041a1e7 f i menu.obj
 0001:00019221       ?Draw@quitMenu_t@@UAEXXZ   0041a221 f i menu.obj
 0001:00019291       ?M_Init@@YAXXZ             0041a291 f   menu.obj
 0001:00019473       ?ItemAtCursor@menuFramework_t@@QAEPAUmenuCommon_t@@XZ 0041a473 f   qmenu.obj
 0001:000194c7       ?AddItem@menuFramework_t@@QAEXPAUmenuCommon_t@@@Z 0041a4c7 f   qmenu.obj
 0001:00019583       ?AdjustCursor@menuFramework_t@@QAEXH@Z 0041a583 f   qmenu.obj
 0001:000196f2       ?Center@menuFramework_t@@QAEXXZ 0041a6f2 f   qmenu.obj
 0001:00019733       ?Draw@menuFramework_t@@UAEXXZ 0041a733 f   qmenu.obj
 0001:00019cf8       ?SelectItem@menuFramework_t@@QAE_NXZ 0041acf8 f   qmenu.obj
 0001:00019d56       ?SetStatusBar@menuFramework_t@@QAEXPBD@Z 0041ad56 f   qmenu.obj
 0001:00019d60       ?SlideItem@menuFramework_t@@QAEXH@Z 0041ad60 f   qmenu.obj
 0001:0001a2dd       ?Push@menuFramework_t@@QAEXXZ 0041b2dd f   qmenu.obj
 0001:0001a35c       ?M_ForceMenuOff@@YAXXZ     0041b35c f   qmenu.obj
 0001:0001a389       ?Pop@menuFramework_t@@QAEXXZ 0041b389 f   qmenu.obj
 0001:0001a3c3       ?KeyDown@menuFramework_t@@UAEPBDH@Z 0041b3c3 f   qmenu.obj
 0001:0001a637       ?Init@menuFramework_t@@UAE_NXZ 0041b637 f   qmenu.obj
 0001:0001a63a       ?M_Draw@@YAXXZ             0041b63a f   qmenu.obj
 0001:0001a675       ?M_Keydown@@YAXH@Z         0041b675 f   qmenu.obj
 0001:0001a694       ?InitRendererVars@@YAXXZ   0041b694 f   ref_vars.obj
 0001:0001a6b3       ?S_SoundInfo_f@@YAXXZ      0041b6b3 f   snd_dma.obj
 0001:0001a73d       ?S_Init@@YAXXZ             0041b73d f   snd_dma.obj
 0001:0001a80f       ?S_Shutdown@@YAXXZ         0041b80f f   snd_dma.obj
 0001:0001a8a2       ?S_BeginRegistration@@YAXXZ 0041b8a2 f   snd_dma.obj
 0001:0001a8b0       ?S_RegisterSound@@YAPAUsfx_t@@PBD@Z 0041b8b0 f   snd_dma.obj
 0001:0001aa46       ?S_EndRegistration@@YAXXZ  0041ba46 f   snd_dma.obj
 0001:0001aac9       ?S_PickChannel@@YAPAUchannel_t@@HH@Z 0041bac9 f   snd_dma.obj
 0001:0001ab56       ?S_Spatialize@@YAXPAUchannel_t@@@Z 0041bb56 f   snd_dma.obj
 0001:0001ad36       ?S_AllocPlaysound@@YAPAUplaysound_t@@XZ 0041bd36 f   snd_dma.obj
 0001:0001ad58       ?S_FreePlaysound@@YAXPAUplaysound_t@@@Z 0041bd58 f   snd_dma.obj
 0001:0001ad88       ?S_IssuePlaysound@@YAXPAUplaysound_t@@@Z 0041bd88 f   snd_dma.obj
 0001:0001ae55       ?S_StartSound@@YAXPBUCVec3@@HHPAUsfx_t@@MMM@Z 0041be55 f   snd_dma.obj
 0001:0001b204       ?S_StartLocalSound@@YAXPBD@Z 0041c204 f   snd_dma.obj
 0001:0001b253       ?S_ClearBuffer@@YAXXZ      0041c253 f   snd_dma.obj
 0001:0001b2bc       ?S_StopAllSounds_f@@YAXXZ  0041c2bc f   snd_dma.obj
 0001:0001b32c       ?S_AddLoopSounds@@YAXXZ    0041c32c f   snd_dma.obj
 0001:0001b502       ?S_RawSamples@@YAXHHHHPAE@Z 0041c502 f   snd_dma.obj
 0001:0001b706       ?S_Update@@YAXABUCVec3@@0@Z 0041c706 f   snd_dma.obj
 0001:0001b7dc       ?GetSoundtime@@YAXXZ       0041c7dc f   snd_dma.obj
 0001:0001b843       ?S_Update_@@YAXXZ          0041c843 f   snd_dma.obj
 0001:0001baf6       ?ResampleSfx@@YAXPAUsfx_t@@HHPAE@Z 0041caf6 f   snd_mem.obj
 0001:0001bc11       ?S_LoadSound@@YAPAUsfxcache_t@@PAUsfx_t@@@Z 0041cc11 f   snd_mem.obj
 0001:0001bd49       ?GetWavinfo@@YA?AUwavinfo_t@@PADPAEH@Z 0041cd49 f   snd_mem.obj
 0001:0001bf8b       ?S_WriteLinearBlastStereo16@@YAXXZ 0041cf8b f   snd_mix.obj
 0001:0001bfff       ?S_TransferStereo16@@YAXPAKH@Z 0041cfff f   snd_mix.obj
 0001:0001c068       ?S_TransferPaintBuffer@@YAXH@Z 0041d068 f   snd_mix.obj
 0001:0001c1cc       ?S_PaintChannels@@YAXH@Z   0041d1cc f   snd_mix.obj
 0001:0001c448       ?S_InitScaletable@@YAXXZ   0041d448 f   snd_mix.obj
 0001:0001c609       ?SV_ComputeAnimation@@YAXPAUplayer_state_t@@AAUentityStateEx_t@@PAU2@PAUedict_s@@@Z 0041d609 f   sv_anim.obj
 0001:0001ca06       ?SV_ReadLevelFile@@YAXXZ   0041da06 f   sv_ccmds.obj
 0001:0001cab4       ?SV_AddressBanned@@YA_NPAUnetadr_t@@@Z 0041dab4 f   sv_ccmds.obj
 0001:0001caf5       ?SV_InitCommands@@YAXXZ    0041daf5 f   sv_ccmds.obj
 0001:0001df06       ?sprintf@?$TString@$0CI@@@QAAHPBDZZ 0041ef06 f i sv_ccmds.obj
 0001:0001df1f       ?SV_WriteFrameToClient@@YAXPAUclient_t@@PAVsizebuf_t@@@Z 0041ef1f f   sv_ents.obj
 0001:0001e665       ?SV_RecordDemoMessage@@YAXXZ 0041f665 f   sv_ents.obj
 0001:0001f237       ?SV_InitGameLibrary@@YAX_N@Z 00420237 f   sv_game.obj
 0001:0001f37d       ?SV_ShutdownGameLibrary@@YAXXZ 0042037d f   sv_game.obj
 0001:0001f4da       ?SV_FindIndex@@YAHPBDHH_N@Z 004204da f   sv_init.obj
 0001:0001f5e7       ?SV_ModelIndex@@YAHPBD@Z   004205e7 f   sv_init.obj
 0001:0001f5fd       ?SV_SoundIndex@@YAHPBD@Z   004205fd f   sv_init.obj
 0001:0001f616       ?SV_ImageIndex@@YAHPBD@Z   00420616 f   sv_init.obj
 0001:0001f62f       ?SV_CreateBaseline@@YAXXZ  0042062f f   sv_init.obj
 0001:0001f6ac       ?SV_SpawnServer@@YAXPAD0W4server_state_t@@_N2@Z 004206ac f   sv_init.obj
 0001:0001f9d4       ?SV_InitGame@@YAXXZ        004209d4 f   sv_init.obj
 0001:0001fbfc       ?SV_Map@@YAX_NPBD0@Z       00420bfc f   sv_init.obj
 0001:0001fdbe       ?SV_DropClient@@YAXPAUclient_t@@PAD@Z 00420dbe f   sv_main.obj
 0001:0002079b       ??0COutputDeviceMem@@QAE@H@Z 0042179b f i sv_main.obj
 0001:000207ca       ?Write@COutputDeviceMem@@UAEXPBD@Z 004217ca f i sv_main.obj
 0001:0002084f       ??_GCOutputDeviceMem@@QAEPAXI@Z 0042184f f i sv_main.obj
 0001:0002087a       ?SV_ConnectionlessPacket@@YAXXZ 0042187a f   sv_main.obj
 0001:00020945       ?SV_CalcPings@@YAXXZ       00421945 f   sv_main.obj
 0001:000209cc       ?SV_GiveMsec@@YAXXZ        004219cc f   sv_main.obj
 0001:00020a0b       ?SV_ReadPackets@@YAXXZ     00421a0b f   sv_main.obj
 0001:00020b53       ?SV_CheckTimeouts@@YAXXZ   00421b53 f   sv_main.obj
 0001:00020c64       ?SV_PostprocessFrame@@YAXXZ 00421c64 f   sv_main.obj
 0001:00021121       ?SV_MulticastHook@@YAPAVsizebuf_t@@PAV1@0@Z 00422121 f   sv_main.obj
 0001:00021511       ?SV_TraceHook@@YA?AUtrace_t@@ABUCVec3@@PBU2@10PAUedict_s@@H@Z 00422511 f   sv_main.obj
 0001:000216af       ?SV_Frame@@YAXM@Z          004226af f   sv_main.obj
 0001:00021968       ?SV_UserinfoChanged@@YAXPAUclient_t@@@Z 00422968 f   sv_main.obj
 0001:00021a29       ?SV_InitVars@@YAXXZ        00422a29 f   sv_main.obj
 0001:00021a38       ?SV_Init@@YAXXZ            00422a38 f   sv_main.obj
 0001:00021a91       ?SV_Shutdown@@YAXPBD_N@Z   00422a91 f   sv_main.obj
 0001:00021c97       ?SV_ClientPrintf@@YAXPAUclient_t@@HPBDZZ 00422c97 f   sv_send.obj
 0001:00021cf2       ?SV_BroadcastPrintf@@YAXHPBDZZ 00422cf2 f   sv_send.obj
 0001:00021dc8       ?SV_BroadcastCommand@@YAXPBDZZ 00422dc8 f   sv_send.obj
 0001:00021e20       ?SV_Multicast@@YAXABUCVec3@@W4multicast_t@@_N@Z 00422e20 f   sv_send.obj
 0001:00022046       ?SV_MulticastOld@@YAXABUCVec3@@W4multicast_t@@@Z 00423046 f   sv_send.obj
 0001:00022059       ?SV_MulticastNew@@YAXABUCVec3@@W4multicast_t@@@Z 00423059 f   sv_send.obj
 0001:0002206c       ?SV_StartSound@@YAXPBUCVec3@@PAUedict_s@@HHMMM_N@Z 0042306c f   sv_send.obj
 0001:00022339       ?SV_StartSoundOld@@YAXPBUCVec3@@PAUedict_s@@HHMMM@Z 00423339 f   sv_send.obj
 0001:00022369       ?SV_StartSoundNew@@YAXPBUCVec3@@PAUedict_s@@HHMMM@Z 00423369 f   sv_send.obj
 0001:00022399       ?SV_SendClientDatagram@@YA_NPAUclient_t@@@Z 00423399 f   sv_send.obj
 0001:0002245b       ?SV_DemoCompleted@@YAXXZ   0042345b f   sv_send.obj
 0001:00022477       ?SV_RateDrop@@YA_NPAUclient_t@@@Z 00423477 f   sv_send.obj
 0001:000224c1       ?SV_SendClientMessages@@YAXXZ 004234c1 f   sv_send.obj
 0001:00022628       ?SV_DrawText3D@@YAXABUCVec3@@PBDI@Z 00423628 f   sv_text.obj
 0001:0002265f       ?SV_ClearTexts@@YAXXZ      0042365f f   sv_text.obj
 0001:00022667       ?SV_DrawTexts@@YAXXZ       00423667 f   sv_text.obj
 0001:000226b8       ?SV_TokenizeString@@YAXPBD@Z 004236b8 f   sv_tokenize.obj
 0001:0002278f       ?SV_Argc@@YAHXZ            0042378f f   sv_tokenize.obj
 0001:00022795       ?SV_Argv@@YAPADH@Z         00423795 f   sv_tokenize.obj
 0001:000227af       ?SV_Args@@YAPADXZ          004237af f   sv_tokenize.obj
 0001:0002305f       ?SV_Nextserver@@YAXXZ      0042405f f   sv_user.obj
 0001:000230ee       ?SV_ClientThink@@YAXPAUclient_t@@PAUusercmd_t@@@Z 004240ee f   sv_user.obj
 0001:00023131       ?SV_ExecuteClientMessage@@YAXPAUclient_t@@@Z 00424131 f   sv_user.obj
 0001:000233fa       ?SV_ClearWorld@@YAXXZ      004243fa f   sv_world.obj
 0001:00023535       ?SV_UnlinkEdict@@YAXPAUedict_s@@@Z 00424535 f   sv_world.obj
 0001:000235f8       ?SV_LinkEdict@@YAXPAUedict_s@@@Z 004245f8 f   sv_world.obj
 0001:00023be3       ?SV_AreaEdicts@@YAHABUCVec3@@0PAPAUedict_s@@HH@Z 00424be3 f   sv_world.obj
 0001:00023d94       ?SV_PointContents@@YAHABUCVec3@@@Z 00424d94 f   sv_world.obj
 0001:00023ebb       ?SV_Trace@@YAXAAUtrace_t@@ABUCVec3@@1ABUCBox@@PAUedict_s@@H@Z 00424ebb f   sv_world.obj
 0001:0002433a       ?InitByteDirs@@YAXXZ       0042533a f   anorms.obj
 0001:00024379       ?Cbuf_AddText@@YAXPBD@Z    00425379 f   cmd.obj
 0001:000243db       ?Cbuf_CopyToDefer@@YAXXZ   004253db f   cmd.obj
 0001:00024423       ?Cbuf_InsertFromDefer@@YAXXZ 00425423 f   cmd.obj
 0001:000244dc       ?Cbuf_Execute@@YAXXZ       004254dc f   cmd.obj
 0001:000245e2       ?Cmd_Unalias_f@@YAX_NHPAPAD@Z 004255e2 f   cmd.obj
 0001:00024658       ?Cmd_WriteAliases@@YAXPAVCOutputDevice@@@Z 00425658 f   cmd.obj
 0001:00024688       ?RegisterCommand@@YA_NPBDP6AXXZH@Z 00425688 f   cmd.obj
 0001:00024769       ?UnregisterCommand@@YA_NPBD@Z 00425769 f   cmd.obj
 0001:000247fa       ?ExecuteCommand@@YA_NPBD@Z 004257fa f   cmd.obj
 0001:00024c4d       ?ExecuteCommand@@YA_NPBDPBUCSimpleCommand@@H@Z 00425c4d f   cmd.obj
 0001:00025086       ?CM_LoadMap@@YAPAUcmodel_t@@PBD_NPAI@Z 00426086 f   cmodel.obj
 0001:000257ec       ?SetSignbits@cplane_t@@QAEXXZ 004267ec f i cmodel.obj
 0001:00025820       ?SetType@cplane_t@@QAEXXZ  00426820 f i cmodel.obj
 0001:000259a3       ?CM_InlineModel@@YAPAUcmodel_t@@PBD@Z 004269a3 f   cmodel.obj
 0001:000259e4       ?CM_NumClusters@@YAHXZ     004269e4 f   cmodel.obj
 0001:000259ea       ?CM_NumInlineModels@@YAHXZ 004269ea f   cmodel.obj
 0001:000259f0       ?CM_EntityString@@YAPBDXZ  004269f0 f   cmodel.obj
 0001:000259f6       ?CM_LeafContents@@YAHH@Z   004269f6 f   cmodel.obj
 0001:00025a1d       ?CM_LeafCluster@@YAHH@Z    00426a1d f   cmodel.obj
 0001:00025a93       ?CM_LeafArea@@YAHH@Z       00426a93 f   cmodel.obj
 0001:00025c56       ?CM_HeadnodeForBox@@YAHABUCBox@@@Z 00426c56 f   cmodel.obj
 0001:00025d0b       ?CM_PointLeafnum@@YAHABUCVec3@@H@Z 00426d0b f   cmodel.obj
 0001:00025dae       ?DistanceTo@cplane_t@@QAEMABUCVec3@@@Z 00426dae f i cmodel.obj
 0001:00025df2       ?CM_PointContents@@YAHABUCVec3@@H@Z 00426df2 f   cmodel.obj
 0001:00025e67       ?CM_TransformedPointContents@@YAHABUCVec3@@H00@Z 00426e67 f   cmodel.obj
 0001:00025f48       ?CM_TransformedPointContents@@YAHABUCVec3@@H0ABUCAxis@@@Z 00426f48 f   cmodel.obj
 0001:00025ff3       ?CM_BoxLeafnums@@YAHABUCBox@@PAHH1H@Z 00426ff3 f   cmodel.obj
 0001:00026106       ?BOX_ON_PLANE_SIDE@@YAHABUCBox@@ABUcplane_t@@@Z 00427106 f i cmodel.obj
 0001:00026170       ?CM_BoxTrace@@YAXAAUtrace_t@@ABUCVec3@@1ABUCBox@@HH@Z 00427170 f   cmodel.obj
 0001:00026b2a       ?CM_TransformedBoxTrace@@YAXAAUtrace_t@@ABUCVec3@@1ABUCBox@@HH11@Z 00427b2a f   cmodel.obj
 0001:00026ca7       ?CM_TransformedBoxTrace@@YAXAAUtrace_t@@ABUCVec3@@1ABUCBox@@HH1ABUCAxis@@@Z 00427ca7 f   cmodel.obj
 0001:00026d64       ?CM_BrushTrace@@YAHABUCVec3@@0PAHH@Z 00427d64 f   cmodel.obj
 0001:00027176       ?CM_RefineBrushTrace@@YAHABUCVec3@@0PAHH@Z 00428176 f   cmodel.obj
 0001:0002721c       ?CM_ClusterPVS@@YAPAEH@Z   0042821c f   cmodel.obj
 0001:00027360       ?CM_ClusterPHS@@YAPAEH@Z   00428360 f   cmodel.obj
 0001:000274c3       ?CM_SetAreaPortalState@@YAXH_N@Z 004284c3 f   cmodel.obj
 0001:000274e8       ?CM_AreasConnected@@YA_NHH@Z 004284e8 f   cmodel.obj
 0001:0002752c       ?CM_WriteAreaBits@@YAHPAEH@Z 0042852c f   cmodel.obj
 0001:000275ce       ?CM_WritePortalState@@YAXPAU_iobuf@@@Z 004285ce f   cmodel.obj
 0001:000275e8       ?CM_ReadPortalState@@YAXPAU_iobuf@@@Z 004285e8 f   cmodel.obj
 0001:00027606       ?CM_HeadnodeVisible@@YA_NHPBE@Z 00428606 f   cmodel.obj
 0001:000276e1       ?Com_DPrintf@@YAXPBDZZ     004286e1 f   common.obj
 0001:0002775a       ?DebugPrintf@@YAXPBDZZ     0042875a f   common.obj
 0001:00027808       ?IPWildcard@@YA_NPAUnetadr_t@@PBD@Z 00428808 f   common.obj
 0001:000278df       ?Com_ServerState@@YA?AW4server_state_t@@XZ 004288df f   common.obj
 0001:000278e5       ?Com_SetServerState@@YAXW4server_state_t@@@Z 004288e5 f   common.obj
 0001:000278ef       ?crand@@YAMXZ              004288ef f   common.obj
 0001:0002790d       ?Info_ValueForKey@@YAPBDPBD0@Z 0042890d f   common.obj
 0001:0002798c       ?Info_SetValueForKey@@YAXPADPBD1@Z 0042898c f   common.obj
 0001:00027aef       ?Info_Print@@YAXPBD@Z      00428aef f   common.obj
 0001:00027b75       ?Com_CheckCmdlineVar@@YA_NPBD@Z 00428b75 f   common.obj
 0001:00027bcb       ?Com_Init@@YAXPBD@Z        00428bcb f   common.obj
 0001:00027f77       ?Com_Frame@@YAXM@Z         00428f77 f   common.obj
 0001:00028374       ?Com_BlockSequenceCRCByte@@YAEPAEHH@Z 00429374 f   crc.obj
 0001:0002842a       ?Cvar_VariableValue@@YAMPBD@Z 0042942a f   cvar.obj
 0001:00028498       ?Cvar_VariableInt@@YAHPBD@Z 00429498 f   cvar.obj
 0001:000284ab       ?Cvar_VariableString@@YAPBDPBD@Z 004294ab f   cvar.obj
 0001:000284c3       ?Cvar_Get@@YAPAUcvar_t@@PBD0H@Z 004294c3 f   cvar.obj
 0001:0002881f       ?Cvar_GetVars@@YAXPBUcvarInfo_t@@H@Z 0042981f f   cvar.obj
 0001:000288c9       ?Cvar_FullSet@@YAXPAUcvar_t@@PBDI@Z 004298c9 f   cvar.obj
 0001:000288fb       ?Cvar_FullSet@@YAPAUcvar_t@@PBD0I@Z 004298fb f   cvar.obj
 0001:0002893b       ?Cvar_SetValue@@YAPAUcvar_t@@PBDM@Z 0042993b f   cvar.obj
 0001:00028b08       ?Cvar_SetInteger@@YAPAUcvar_t@@PBDH@Z 00429b08 f   cvar.obj
 0001:00028b2a       ?Cvar_Set@@YAPAUcvar_t@@PBD0@Z 00429b2a f   cvar.obj
 0001:00028b3f       ?Cvar_ForceSet@@YAPAUcvar_t@@PBD0@Z 00429b3f f   cvar.obj
 0001:00028b54       ?Cvar_Clamp@@YAMPAUcvar_t@@MM@Z 00429b54 f   cvar.obj
 0001:00028bb2       ?Cvar_Command@@YA_NHPAPAD@Z 00429bb2 f   cvar.obj
 0001:00028c4b       ?IsDefault@cvar_t@@QAE_NXZ 00429c4b f i cvar.obj
 0001:00028c68       ?Cvar_WriteVariables@@YAXPAVCOutputDevice@@HHPBD@Z 00429c68 f   cvar.obj
 0001:00028cee       ?Cvar_Userinfo@@YAPBDXZ    00429cee f   cvar.obj
 0001:00028d49       ?Cvar_Serverinfo@@YAPBDXZ  00429d49 f   cvar.obj
 0001:00028d52       ?Cvar_Cheats@@YAX_N@Z      00429d52 f   cvar.obj
 0001:000295c6       ?MSG_WriteDeltaEntity@@YAXPAVsizebuf_t@@PBUentityStateEx_t@@PAU2@_N33@Z 0042a5c6 f   entdelta.obj
 0001:00029b82       ?MSG_WriteRemoveEntity@@YAXPAVsizebuf_t@@H@Z 0042ab82 f   entdelta.obj
 0001:00029bc2       ?MSG_ReadEntityBits@@YAHPAVsizebuf_t@@PAIPA_N@Z 0042abc2 f   entdelta.obj
 0001:00029c33       ?MSG_ReadDeltaEntity@@YAXPAVsizebuf_t@@PBUentityStateEx_t@@PAU2@I@Z 0042ac33 f   entdelta.obj
 0001:00029cb6       ?MSG_WriteDeltaUsercmd@@YAXPAVsizebuf_t@@PBUusercmd_t@@PAU2@@Z 0042acb6 f   entdelta.obj
 0001:00029d45       ?MSG_ReadDeltaUsercmd@@YAXPAVsizebuf_t@@PBUusercmd_t@@PAU2@@Z 0042ad45 f   entdelta.obj
 0001:0002a048       ?MSG_WriteDeltaPlayerstate@@YAXPAVsizebuf_t@@PBUplayer_state_t@@PAU2@@Z 0042b048 f   entdelta.obj
 0001:0002a151       ?MSG_ReadDeltaPlayerstate@@YAXPAVsizebuf_t@@PBUplayer_state_t@@PAU2@@Z 0042b151 f   entdelta.obj
 0001:0002a225       ?FS_CreatePath@@YAXPBD@Z   0042b225 f   files.obj
 0001:0002a291       ?FS_CopyFile@@YAXPBD0@Z    0042b291 f   files.obj
 0001:0002a394       ?FS_CopyFiles@@YAXPBD0@Z   0042b394 f   files.obj
 0001:0002a46d       ?FS_RemoveFiles@@YAXPBD@Z  0042b46d f   files.obj
 0001:0002a4e1       ?FS_FCloseFile@@YAXPAVQFILE@@@Z 0042b4e1 f   files.obj
 0001:0002a592       ?FS_FOpenFile@@YAPAVQFILE@@PBDPAH@Z 0042b592 f   files.obj
 0001:0002a9e9       ?AllocFileInternal@@YAPAVQFILE@@PBDPAU_iobuf@@W4fileType_t@@@Z 0042b9e9 f i files.obj
 0001:0002aa1a       ?FS_FileExists@@YA_NPBD@Z  0042ba1a f   files.obj
 0001:0002abdf       ?FS_Read@@YAXPAXHPAVQFILE@@@Z 0042bbdf f   files.obj
 0001:0002ae43       ?FS_LoadFile@@YAPAXPBDPAI@Z 0042be43 f   files.obj
 0001:0002aee6       ?FS_FreeFile@@YAXPAX@Z     0042bee6 f   files.obj
 0001:0002aef1       ?FS_Gamedir@@YAPBDXZ       0042bef1 f   files.obj
 0001:0002af05       ?FS_LoadGameConfig@@YAXXZ  0042bf05 f   files.obj
 0001:0002afc5       ?FS_SetGamedir@@YA_NPBD@Z  0042bfc5 f   files.obj
 0001:0002b714       ?FS_ListFiles@@YA?AV?$TList@VCStringItem@@@@PBDH@Z 0042c714 f   files.obj
 0001:0002baa7       ?FS_NextPath@@YAPADPBD@Z   0042caa7 f   files.obj
 0001:0002bacb       ?FS_InitFilesystem@@YAXXZ  0042cacb f   files.obj
 0001:0002c37e       ?CreateAndInsert@?$TList@VCStringItem@@@@QAEPAVCStringItem@@PBD@Z 0042d37e f i files.obj
 0001:0002c3af       ?LoadPCX@@YAXPBDAAPAE1AAH2@Z 0042d3af f   images.obj
 0001:0002c4e6       ?LoadTGA@@YAXPBDAAPAEAAH2@Z 0042d4e6 f   images.obj
 0001:0002c6bc       ?LoadJPG@@YAXPBDAAPAEAAH2@Z 0042d6bc f   images.obj
 0001:0002c949       ?ImageExists@@YAHPBDH@Z    0042d949 f   images.obj
 0001:0002ca6b       ?WriteTGA@@YA_NPBDPAEHH@Z  0042da6b f   images.obj
 0001:0002cc5f       ?WriteJPG@@YA_NPBDPAEHH_N@Z 0042dc5f f   images.obj
 0001:0002cd90       ?MD4Init@@YAXPAUMD4_CTX@@@Z 0042dd90 f   md4.obj
 0001:0002cdb8       ?MD4Update@@YAXPAUMD4_CTX@@PAEI@Z 0042ddb8 f   md4.obj
 0001:0002ce56       ?MD4Final@@YAXQAEPAUMD4_CTX@@@Z 0042de56 f   md4.obj
 0001:0002d547       ?Com_BlockChecksum@@YAIPAXH@Z 0042e547 f   md4.obj
 0001:0002d583       ?LoadQ2BspFile@@YAXXZ      0042e583 f   model.obj
 0001:0002d939       ?LoadBspFile@@YAPAUbspfile_t@@PBD_NPAI@Z 0042e939 f   model.obj
 0001:0002dae7       ?ProcessEntstring@@YAPADPAD@Z 0042eae7 f   model.obj
 0001:0002e98e       ?Init@sizebuf_t@@QAEXPAXH@Z 0042f98e f   msg.obj
 0001:0002e9a9       ?Write@sizebuf_t@@QAEXPBXH@Z 0042f9a9 f   msg.obj
 0001:0002ea19       ?MSG_WriteByte@@YAXPAVsizebuf_t@@H@Z 0042fa19 f   msg.obj
 0001:0002ea19       ?MSG_WriteChar@@YAXPAVsizebuf_t@@H@Z 0042fa19 f   msg.obj
 0001:0002ea2a       ?MSG_WriteShort@@YAXPAVsizebuf_t@@H@Z 0042fa2a f   msg.obj
 0001:0002ea3b       ?MSG_WriteLong@@YAXPAVsizebuf_t@@H@Z 0042fa3b f   msg.obj
 0001:0002ea3b       ?MSG_WriteFloat@@YAXPAVsizebuf_t@@M@Z 0042fa3b f   msg.obj
 0001:0002ea4c       ?MSG_WriteString@@YAXPAVsizebuf_t@@PBD@Z 0042fa4c f   msg.obj
 0001:0002ea76       ?MSG_WritePos@@YAXPAVsizebuf_t@@ABUCVec3@@@Z 0042fa76 f   msg.obj
 0001:0002eada       ?MSG_WriteAngle@@YAXPAVsizebuf_t@@M@Z 0042fada f   msg.obj
 0001:0002eb05       ?MSG_WriteAngle16@@YAXPAVsizebuf_t@@M@Z 0042fb05 f   msg.obj
 0001:0002eb30       ?MSG_WriteDir@@YAXPAVsizebuf_t@@ABUCVec3@@@Z 0042fb30 f   msg.obj
 0001:0002eb98       ?MSG_ReadDir@@YAXPAVsizebuf_t@@AAUCVec3@@@Z 0042fb98 f   msg.obj
 0001:0002ebc9       ?MSG_ReadChar@@YAHPAVsizebuf_t@@@Z 0042fbc9 f   msg.obj
 0001:0002ebe9       ?MSG_ReadByte@@YAHPAVsizebuf_t@@@Z 0042fbe9 f   msg.obj
 0001:0002ec09       ?MSG_ReadShort@@YAHPAVsizebuf_t@@@Z 0042fc09 f   msg.obj
 0001:0002ec29       ?MSG_ReadLong@@YAHPAVsizebuf_t@@@Z 0042fc29 f   msg.obj
 0001:0002ec48       ?MSG_ReadString@@YAPADPAVsizebuf_t@@@Z 0042fc48 f   msg.obj
 0001:0002ec7b       ?MSG_ReadPos@@YAXPAVsizebuf_t@@AAUCVec3@@@Z 0042fc7b f   msg.obj
 0001:0002eccd       ?MSG_ReadAngle@@YAMPAVsizebuf_t@@@Z 0042fccd f   msg.obj
 0001:0002ece7       ?MSG_ReadAngle16@@YAMPAVsizebuf_t@@@Z 0042fce7 f   msg.obj
 0001:0002ed01       ?MSG_ReadData@@YAXPAVsizebuf_t@@PAXH@Z 0042fd01 f   msg.obj
 0001:0002ed24       ?Netchan_Init@@YAXXZ       0042fd24 f   net_chan.obj
 0001:0002ed98       ?Netchan_OutOfBandPrint@@YAXW4netsrc_t@@Unetadr_t@@PBDZZ 0042fd98 f   net_chan.obj
 0001:0002ee1d       ?Setup@netchan_t@@QAEXW4netsrc_t@@Unetadr_t@@H@Z 0042fe1d f   net_chan.obj
 0001:0002ee73       ?NeedReliable@netchan_t@@QAE_NXZ 0042fe73 f   net_chan.obj
 0001:0002ee98       ?Transmit@netchan_t@@QAEXPAXH@Z 0042fe98 f   net_chan.obj
 0001:0002f033       ?Process@netchan_t@@QAE_NPAVsizebuf_t@@@Z 00430033 f   net_chan.obj
 0001:0002f161       ?Pmove@@YAXPAUpmove_t@@@Z  00430161 f   pmove.obj
 0001:00030e4a       ?NormalizeColor@@YAMABUCVec3@@AAU1@@Z 00431e4a f   q_shared2.obj
 0001:00030ea6       ?NormalizeColor255@@YAMABUCVec3@@AAU1@@Z 00431ea6 f   q_shared2.obj
 0001:00030f06       ?appRsqrt@@YAMM@Z          00431f06 f   q_shared2.obj
 0001:00030f32       ?AngleVectors@@YAXABUCVec3@@PAU1@11@Z 00431f32 f   q_shared2.obj
 0001:00031093       ?MakeNormalVectors@@YAXABUCVec3@@AAU1@1@Z 00432093 f   q_shared2.obj
 0001:00031102       ?Vec2Angles@@YAXABUCVec3@@AAU1@@Z 00432102 f   q_shared2.obj
 0001:00031205       ?Vec2Yaw@@YAMABUCVec3@@@Z  00432205 f   q_shared2.obj
 0001:00031278       ?VectorLength@@YAMABUCVec3@@@Z 00432278 f   q_shared2.obj
 0001:000312a7       ?VectorDistance@@YAMABUCVec3@@0@Z 004322a7 f   q_shared2.obj
 0001:000312d8       ?LerpAngle@@YAMMMM@Z       004322d8 f   q_shared2.obj
 0001:0003131b       ?AngleMod@@YAMM@Z          0043231b f   q_shared2.obj
 0001:00031347       ?AngleSubtract@@YAMMM@Z    00432347 f   q_shared2.obj
 0001:0003137e       ?AnglesSubtract@@YAXABUCVec3@@0AAU1@@Z 0043237e f   q_shared2.obj
 0001:000313d6       ?Normalize@CVec3@@QAEMXZ   004323d6 f   q_shared2.obj
 0001:00031428       ?VectorNormalize@@YAMABUCVec3@@AAU1@@Z 00432428 f   q_shared2.obj
 0001:00031480       ?NormalizeFast@CVec3@@QAEMXZ 00432480 f   q_shared2.obj
 0001:000314d1       ?cross@@YAXABUCVec3@@0AAU1@@Z 004324d1 f   q_shared2.obj
 0001:0003150c       ?Clear@CBox@@QAEXXZ        0043250c f   q_shared2.obj
 0001:0003152a       ?Expand@CBox@@QAEXABUCVec3@@@Z 0043252a f   q_shared2.obj
 0001:00031559       ?Expand@CBox@@QAEXABU1@@Z  00432559 f   q_shared2.obj
 0001:00031595       ?GetCenter@CBox@@QAEXAAUCVec3@@@Z 00432595 f   q_shared2.obj
 0001:000315b5       ?OnPlaneSide@CBox@@QBEHABUcplane_t@@@Z 004325b5 f   q_shared2.obj
 0001:000316e4       ?FromAngles@CAxis@@QAEXABUCVec3@@@Z 004326e4 f   q_shared2.obj
 0001:00031723       ?TransformVector@CAxis@@QBEXABUCVec3@@AAU2@@Z 00432723 f   q_shared2.obj
 0001:00031774       ?UnTransformVector@CAxis@@QBEXABUCVec3@@AAU2@@Z 00432774 f   q_shared2.obj
 0001:000317d8       ?TransformAxis@CAxis@@QBEXABU1@AAU1@@Z 004327d8 f   q_shared2.obj
 0001:0003181e       ?UnTransformAxis@CAxis@@QBEXABU1@AAU1@@Z 0043281e f   q_shared2.obj
 0001:00031864       ?TransformPoint@CCoords@@QBEXABUCVec3@@AAU2@@Z 00432864 f   q_shared2.obj
 0001:000318c2       ?UnTransformPoint@CCoords@@QBEXABUCVec3@@AAU2@@Z 004328c2 f   q_shared2.obj
 0001:0003192f       ?UnTransformCoords@CCoords@@QBEXABU1@AAU1@@Z 0043292f f   q_shared2.obj
 0001:00031959       ?TransformPlane@CCoords@@QBEXABUcplane_t@@AAU2@@Z 00432959 f   q_shared2.obj
 0001:00031991       ?TransformPoint@@YAXABUCVec3@@ABUCAxis@@0AAU1@@Z 00432991 f   q_shared2.obj
 0001:000319f4       ?UnTransformPoint@@YAXABUCVec3@@ABUCAxis@@0AAU1@@Z 004329f4 f   q_shared2.obj
 0001:00031a64       ?COM_Parse@@YAPADAAPBD_N@Z 00432a64 f   q_shared2.obj
 0001:00031b84       ?COM_QuoteString@@YAPBDPBD_N@Z 00432b84 f   q_shared2.obj
 0001:00031bdf       ?Zip_OpenArchive@@YAPAU_iobuf@@PBD@Z 00432bdf f   zip.obj
 0001:00031c4a       ?Zip_CloseArchive@@YAXPAU_iobuf@@@Z 00432c4a f   zip.obj
 0001:00031c56       ?Zip_EnumArchive@@YA_NPAU_iobuf@@P6A_NPBUzipFile_t@@@Z@Z 00432c56 f   zip.obj
 0001:00031e33       ?Zip_OpenFile@@YAPAUZFILE@@PAU_iobuf@@PAUzipFile_t@@@Z 00432e33 f   zip.obj
 0001:00031f17       ?Zip_ReadFile@@YAHPAUZFILE@@PAXH@Z 00432f17 f   zip.obj
 0001:0003200d       ?Zip_CloseFile@@YA_NPAUZFILE@@@Z 0043300d f   zip.obj
 0001:0003204d       ?Zip_OpenBuf@@YAPAUZBUF@@PAXH@Z 0043304d f   zip.obj
 0001:0003208b       ?Zip_ReadBuf@@YAHPAUZBUF@@PAXH@Z 0043308b f   zip.obj
 0001:000320d3       ?Zip_CloseBuf@@YAXPAUZBUF@@@Z 004330d3 f   zip.obj
 0001:000320e8       _zcalloc                   004330e8 f   zip.obj
 0001:000320fc       _zcfree                    004330fc f   zip.obj
 0001:00032107       ?CDAudio_Play2@@YAXH_N@Z   00433107 f   cd_win.obj
 0001:000322e6       ?CDAudio_Play@@YAXH_N@Z    004332e6 f   cd_win.obj
 0001:000322fd       ?CDAudio_Stop@@YAXXZ       004332fd f   cd_win.obj
 0001:00032342       ?CDAudio_Pause@@YAXXZ      00433342 f   cd_win.obj
 0001:0003239b       ?CDAudio_Resume@@YAXXZ     0043339b f   cd_win.obj
 0001:0003240a       ?CDAudio_Update@@YAXXZ     0043340a f   cd_win.obj
 0001:0003243e       ?CDAudio_Init@@YAHXZ       0043343e f   cd_win.obj
 0001:000328a0       ?CDAudio_Shutdown@@YAXXZ   004338a0 f   cd_win.obj
 0001:000328d3       ?CDAudio_Activate@@YAX_N@Z 004338d3 f   cd_win.obj
 0001:000328e4       ?IN_Commands@@YAXXZ        004338e4 f   in_win.obj
 0001:00032a0c       ?IN_Init@@YAXXZ            00433a0c f   in_win.obj
 0001:00032e4b       ?IN_Shutdown@@YAXXZ        00433e4b f   in_win.obj
 0001:0003309a       ?IN_Move@@YAXPAUusercmd_t@@@Z 0043409a f   in_win.obj
 0001:00033677       ?IN_Activate@@YAX_N@Z      00434677 f   in_win.obj
 0001:00033681       ?IN_Frame@@YAXXZ           00434681 f   in_win.obj
 0001:000339e9       ?NET_CompareAdr@@YA_NPAUnetadr_t@@0@Z 004349e9 f   net_wins.obj
 0001:00033a25       ?NET_CompareBaseAdr@@YA_NPAUnetadr_t@@0@Z 00434a25 f   net_wins.obj
 0001:00033a54       ?NET_AdrToString@@YAPADPAUnetadr_t@@@Z 00434a54 f   net_wins.obj
 0001:00033ab0       ?NET_StringToAdr@@YA_NPBDPAUnetadr_t@@F@Z 00434ab0 f   net_wins.obj
 0001:00033bbc       ?NET_IsLocalAddress@@YA_NPAUnetadr_t@@@Z 00434bbc f   net_wins.obj
 0001:00033bc8       ?NET_GetLoopPacket@@YA_NW4netsrc_t@@PAUnetadr_t@@PAVsizebuf_t@@@Z 00434bc8 f   net_wins.obj
 0001:00033c51       ?NET_SendLoopPacket@@YAXW4netsrc_t@@HPAXUnetadr_t@@@Z 00434c51 f   net_wins.obj
 0001:00033ca6       ?NET_GetPacket@@YA_NW4netsrc_t@@PAUnetadr_t@@PAVsizebuf_t@@@Z 00434ca6 f   net_wins.obj
 0001:00033d7f       ?NET_SendPacket@@YAXW4netsrc_t@@HPAXUnetadr_t@@@Z 00434d7f f   net_wins.obj
 0001:00033e53       ?NET_Config@@YAX_N@Z       00434e53 f   net_wins.obj
 0001:00034025       ?NET_Init@@YAXXZ           00435025 f   net_wins.obj
 0001:000340a3       ?Sys_Mkdir@@YAXPBD@Z       004350a3 f   fs_win.obj
 0001:000340af       ?Sys_FindFirst@@YAPBDPBDH@Z 004350af f   fs_win.obj
 0001:00034169       ?Sys_FindNext@@YAPBDXZ     00435169 f   fs_win.obj
 0001:000341d3       ?Sys_FindClose@@YAXXZ      004351d3 f   fs_win.obj
 0001:000341ed       ?Sys_FileExists@@YA_NPBDH@Z 004351ed f   fs_win.obj
 0001:0003420b       ?SNDDMA_Init@@YA_NXZ       0043520b f   snd_win.obj
 0001:0003484a       ?SNDDMA_GetDMAPos@@YAHXZ   0043584a f   snd_win.obj
 0001:00034894       ?SNDDMA_BeginPainting@@YAXXZ 00435894 f   snd_win.obj
 0001:000349ac       ?SNDDMA_Submit@@YAXXZ      004359ac f   snd_win.obj
 0001:000349d1       ?SNDDMA_Shutdown@@YAXXZ    004359d1 f   snd_win.obj
 0001:000349d6       ?S_Activate@@YAX_N@Z       004359d6 f   snd_win.obj
 0001:00034a1f       ?Write@COutputDeviceWin32Console@@UAEXPBD@Z 00435a1f f i sys_win.obj
 0001:00034a97       ?EraseInput@COutputDeviceWin32Console@@QAEXXZ 00435a97 f i sys_win.obj
 0001:00034b06       ?Sys_ConsoleInput@@YAPADXZ 00435b06 f   sys_win.obj
 0001:00034d8f       ?Sys_ProcessMessages@@YAXXZ 00435d8f f   sys_win.obj
 0001:00034e48       ?Sys_UnloadGame@@YAXXZ     00435e48 f   sys_win.obj
 0001:00034ec3       ?Sys_GetGameAPI@@YAPAXPAX@Z 00435ec3 f   sys_win.obj
 0001:0003500f       _WinMain@16                0043600f f   sys_win.obj
 0001:00035334       ?Init@COutputDeviceWin32Console@@QAEXXZ 00436334 f i sys_win.obj
 0001:0003535e       ?AddMsgHook@@YAXP6A_NIIJ@Z@Z 0043635e f   vid_dll.obj
 0001:000353a2       ?RemoveMsgHook@@YAXP6A_NIIJ@Z@Z 004363a2 f   vid_dll.obj
 0001:000353d1       ?Vid_CreateWindow@@YAPAXHH_N@Z 004363d1 f   vid_dll.obj
 0001:00035ae1       ?Vid_DestroyWindow@@YAX_N@Z 00436ae1 f   vid_dll.obj
 0001:00035b1d       ?Vid_Restart@@YAXXZ        00436b1d f   vid_dll.obj
 0001:00035b29       ?Vid_GetModeInfo@@YA_NPAH0H@Z 00436b29 f   vid_dll.obj
 0001:00035b59       ?Vid_Tick@@YAXXZ           00436b59 f   vid_dll.obj
 0001:00035d09       ?Vid_Init@@YAXXZ           00436d09 f   vid_dll.obj
 0001:00035dac       ?Vid_Shutdown@@YAXXZ       00436dac f   vid_dll.obj
 0001:00035dcb       ?Tesselate@surfacePlanar_t@OpenGLDrv@@UAEXAAUrefEntity_t@2@@Z 00436dcb f   gl_backend.obj
 0001:000367a7       ?Negate@CVec3@@QAEXXZ      004377a7 f i gl_backend.obj
 0001:00038308       ?Tesselate@surfacePoly_t@OpenGLDrv@@UAEXAAUrefEntity_t@2@@Z 00439308 f   gl_backend.obj
 0001:0003840f       ?Tesselate@surfaceMd3_t@OpenGLDrv@@UAEXAAUrefEntity_t@2@@Z 0043940f f   gl_backend.obj
 0001:000387f9       ?DrawTriangles@OpenGLDrv@@YA_NXZ 004397f9 f   gl_backend.obj
 0001:0003890e       ?DrawNormals@OpenGLDrv@@YA_NXZ 0043990e f   gl_backend.obj
 0001:00038a18       ?Tesselate@surfaceEntity_t@OpenGLDrv@@UAEXAAUrefEntity_t@2@@Z 00439a18 f   gl_backend.obj
 0001:00038afc       ?Tesselate@surfaceParticle_t@OpenGLDrv@@UAEXAAUrefEntity_t@2@@Z 00439afc f   gl_backend.obj
 0001:00038d4c       ?BK_DrawScene@OpenGLDrv@@YAXXZ 00439d4c f   gl_backend.obj
 0001:00039373       ?BK_DrawPic@OpenGLDrv@@YAXPAVshader_t@1@HHHHMMMMIE@Z 0043a373 f   gl_backend.obj
 0001:00039554       ?BK_DrawText@OpenGLDrv@@YAXPBDHHHHHI@Z 0043a554 f   gl_backend.obj
 0001:00039749       ?BK_BeginFrame@OpenGLDrv@@YAXXZ 0043a749 f   gl_backend.obj
 0001:000397ad       ?BK_EndFrame@OpenGLDrv@@YAXXZ 0043a7ad f   gl_backend.obj
 0001:000397ec       ?BK_Init@OpenGLDrv@@YAXXZ  0043a7ec f   gl_backend.obj
 0001:0003981b       ?BK_Shutdown@OpenGLDrv@@YAXXZ 0043a81b f   gl_backend.obj
 0001:00039833       ?AllocDynamicMemory@OpenGLDrv@@YAPAXH@Z 0043a833 f   gl_buffers.obj
 0001:0003989e       ?ResizeDynamicMemory@OpenGLDrv@@YAXPAXH@Z 0043a89e f   gl_buffers.obj
 0001:000398e0       ?AddSurfaceToPortal@OpenGLDrv@@YAXPAVsurfaceBase_t@1@PAVshader_t@1@HH@Z 0043a8e0 f   gl_buffers.obj
 0001:00039951       ?InsertShaderIndex@OpenGLDrv@@YAXH@Z 0043a951 f   gl_buffers.obj
 0001:0003998a       ?ClearPortal@OpenGLDrv@@YAXXZ 0043a98a f   gl_buffers.obj
 0001:000399a8       ?SortSurfaces@OpenGLDrv@@YAXPAUviewPortal_t@1@PAPAUsurfaceInfo_t@1@@Z 0043a9a8 f   gl_buffers.obj
 0001:00039b3a       ?ClearBuffers@OpenGLDrv@@YAXXZ 0043ab3a f   gl_buffers.obj
 0001:00039b51       ?CreateBuffers@OpenGLDrv@@YAXXZ 0043ab51 f   gl_buffers.obj
 0001:00039b77       ?FreeBuffers@OpenGLDrv@@YAXXZ 0043ab77 f   gl_buffers.obj
 0001:00039b9b       ?InitEntity@model_t@OpenGLDrv@@UAE_NPAUentity_t@@PAUrefEntity_t@2@@Z 0043ab9b f   gl_frontend.obj
 0001:00039ba0       ?AddSurfaces@model_t@OpenGLDrv@@UAEXPAUrefEntity_t@2@@Z 0043aba0 f   gl_frontend.obj
 0001:00039bce       ?GetLeaf@model_t@OpenGLDrv@@UAEPAUnode_t@2@PAUrefEntity_t@2@@Z 0043abce f   gl_frontend.obj
 0001:00039bdf       ?DrawLabel@model_t@OpenGLDrv@@UAEXPAUrefEntity_t@2@@Z 0043abdf f   gl_frontend.obj
 0001:00039be2       ?InitEntity@inlineModel_t@OpenGLDrv@@UAE_NPAUentity_t@@PAUrefEntity_t@2@@Z 0043abe2 f   gl_frontend.obj
 0001:00039c34       ?AddSurfaces@inlineModel_t@OpenGLDrv@@UAEXPAUrefEntity_t@2@@Z 0043ac34 f   gl_frontend.obj
 0001:0003a112       ?GetLeaf@inlineModel_t@OpenGLDrv@@UAEPAUnode_t@2@PAUrefEntity_t@2@@Z 0043b112 f   gl_frontend.obj
 0001:0003a2b7       ?DrawLabel@inlineModel_t@OpenGLDrv@@UAEXPAUrefEntity_t@2@@Z 0043b2b7 f   gl_frontend.obj
 0001:0003a2fd       ?InitEntity@md3Model_t@OpenGLDrv@@UAE_NPAUentity_t@@PAUrefEntity_t@2@@Z 0043b2fd f   gl_frontend.obj
 0001:0003a4db       ?AddSurfaces@md3Model_t@OpenGLDrv@@UAEXPAUrefEntity_t@2@@Z 0043b4db f   gl_frontend.obj
 0001:0003a615       ?GetLeaf@md3Model_t@OpenGLDrv@@UAEPAUnode_t@2@PAUrefEntity_t@2@@Z 0043b615 f   gl_frontend.obj
 0001:0003a64d       ?DrawLabel@md3Model_t@OpenGLDrv@@UAEXPAUrefEntity_t@2@@Z 0043b64d f   gl_frontend.obj
 0001:0003a6b3       ?InitEntity@sprModel_t@OpenGLDrv@@UAE_NPAUentity_t@@PAUrefEntity_t@2@@Z 0043b6b3 f   gl_frontend.obj
 0001:0003a6d3       ?AddSurfaces@sprModel_t@OpenGLDrv@@UAEXPAUrefEntity_t@2@@Z 0043b6d3 f   gl_frontend.obj
 0001:0003a856       ?GetLeaf@sprModel_t@OpenGLDrv@@UAEPAUnode_t@2@PAUrefEntity_t@2@@Z 0043b856 f   gl_frontend.obj
 0001:0003a937       ?AddEntity@OpenGLDrv@@YAXPAUentity_t@@@Z 0043b937 f   gl_frontend.obj
 0001:0003aac6       ?AddDlight@OpenGLDrv@@YAXPAUdlight_t@@@Z 0043bac6 f   gl_frontend.obj
 0001:0003ac7e       ?DrawPortal@OpenGLDrv@@YAXXZ 0043bc7e f   gl_frontend.obj
 0001:0003cc22       ?GL_TextureMode@OpenGLDrv@@YAXPBD@Z 0043dc22 f   gl_image.obj
 0001:0003ccca       ?CreateImage@OpenGLDrv@@YAPAVimage_t@1@PBDPAXHHI@Z 0043dcca f   gl_image.obj
 0001:0003d9c0       ?LoadDelayedImages@OpenGLDrv@@YAXXZ 0043e9c0 f   gl_image.obj
 0001:0003da53       ?DrawStretchRaw8@OpenGLDrv@@YAXHHHHHHPAEPAI@Z 0043ea53 f   gl_image.obj
 0001:0003de2a       ?SetupGamma@OpenGLDrv@@YAXXZ 0043ee2a f   gl_image.obj
 0001:0003df70       ?PerformScreenshot@OpenGLDrv@@YAXXZ 0043ef70 f   gl_image.obj
 0001:0003e1f1       ?InitImages@OpenGLDrv@@YAXXZ 0043f1f1 f   gl_image.obj
 0001:0003e9a6       ?ShutdownImages@OpenGLDrv@@YAXXZ 0043f9a6 f   gl_image.obj
 0001:0003ea0d       ?ShowImages@OpenGLDrv@@YAXXZ 0043fa0d f   gl_image.obj
 0001:0003ec99       ?FindImage@OpenGLDrv@@YAPAVimage_t@1@PBDI@Z 0043fc99 f   gl_image.obj
 0001:0003f00a       ?GL_Lock@OpenGLDrv@@YAXXZ  0044000a f   gl_interface.obj
 0001:0003f082       ?GL_Unlock@OpenGLDrv@@YAXXZ 00440082 f   gl_interface.obj
 0001:0003f244       ?GL_Bind@OpenGLDrv@@YAXPBVimage_t@1@@Z 00440244 f   gl_interface.obj
 0001:0003f36e       ?GL_BindForce@OpenGLDrv@@YAXPBVimage_t@1@@Z 0044036e f   gl_interface.obj
 0001:0003f3ec       ?GL_TexEnv@OpenGLDrv@@YAXI@Z 004403ec f   gl_interface.obj
 0001:0003f56b       ?GL_TexMipBias@OpenGLDrv@@YAXM@Z 0044056b f   gl_interface.obj
 0001:0003f5c6       ?GL_TexEnvColor@OpenGLDrv@@YAXPBTcolor_t@@@Z 004405c6 f   gl_interface.obj
 0001:0003f676       ?GL_SelectTexture@OpenGLDrv@@YAXH@Z 00440676 f   gl_interface.obj
 0001:0003f6d7       ?GL_TexCoordPointer@OpenGLDrv@@YAXPAX@Z 004406d7 f   gl_interface.obj
 0001:0003f707       ?GL_SetMultitexture@OpenGLDrv@@YAXH@Z 00440707 f   gl_interface.obj
 0001:0003f7ed       ?GL_DisableTexCoordArrays@OpenGLDrv@@YAXXZ 004407ed f   gl_interface.obj
 0001:0003f841       ?GL_CullFace@OpenGLDrv@@YAXW4gl_cullMode_t@1@@Z 00440841 f   gl_interface.obj
 0001:0003f892       ?GL_DepthRange@OpenGLDrv@@YAXW4gl_depthMode_t@1@@Z 00440892 f   gl_interface.obj
 0001:0003f8c5       ?GL_State@OpenGLDrv@@YAXI@Z 004408c5 f   gl_interface.obj
 0001:0003fa15       ?GL_EnableFog@OpenGLDrv@@YAX_N@Z 00440a15 f   gl_interface.obj
 0001:0003fb0d       ?GL_SetDefaultState@OpenGLDrv@@YAXXZ 00440b0d f   gl_interface.obj
 0001:0003fc69       ?GL_Set2DMode@OpenGLDrv@@YAXXZ 00440c69 f   gl_interface.obj
 0001:0003fd64       ?GL_Set3DMode@OpenGLDrv@@YAXPAUviewPortal_t@1@@Z 00440d64 f   gl_interface.obj
 0001:0003fe4c       ?ShowLights@OpenGLDrv@@YAXXZ 00440e4c f   gl_light.obj
 0001:00040235       ?LightForEntity@OpenGLDrv@@YAXPAUrefEntity_t@1@@Z 00441235 f   gl_light.obj
 0001:000414a9       ?DiffuseLight@OpenGLDrv@@YAXPATcolor_t@@M@Z 004424a9 f   gl_light.obj
 0001:000416e5       ?InitLightGrid@OpenGLDrv@@YAXXZ 004426e5 f   gl_light.obj
 0001:0004178b       ?PostLoadLights@OpenGLDrv@@YAXXZ 0044278b f   gl_light.obj
 0001:00041a1b       ?LM_Init@OpenGLDrv@@YAXXZ  00442a1b f   gl_lightmap.obj
 0001:00041a31       ?LM_Flush@OpenGLDrv@@YAXPAUlightmapBlock_t@1@@Z 00442a31 f   gl_lightmap.obj
 0001:00041a8e       ?LM_Done@OpenGLDrv@@YAXXZ  00442a8e f   gl_lightmap.obj
 0001:00041ab5       ?LM_Save@OpenGLDrv@@YAXPAUlightmapBlock_t@1@@Z 00442ab5 f   gl_lightmap.obj
 0001:00041acd       ?LM_Restore@OpenGLDrv@@YAXPAUlightmapBlock_t@1@@Z 00442acd f   gl_lightmap.obj
 0001:00041ae5       ?LM_NewBlock@OpenGLDrv@@YAPAUlightmapBlock_t@1@XZ 00442ae5 f   gl_lightmap.obj
 0001:00041b44       ?LM_Rewind@OpenGLDrv@@YAXXZ 00442b44 f   gl_lightmap.obj
 0001:00041b4c       ?LM_NextBlock@OpenGLDrv@@YAPAUlightmapBlock_t@1@XZ 00442b4c f   gl_lightmap.obj
 0001:00041b79       ?LM_CheckMinlight@OpenGLDrv@@YAXPAUdynamicLightmap_t@1@@Z 00442b79 f   gl_lightmap.obj
 0001:00041c0f       ?LM_AllocBlock@OpenGLDrv@@YA_NPAUlightmapBlock_t@1@PAUdynamicLightmap_t@1@@Z 00442c0f f   gl_lightmap.obj
 0001:00041cc6       ?LM_PutBlock@OpenGLDrv@@YAXPAUdynamicLightmap_t@1@@Z 00442cc6 f   gl_lightmap.obj
 0001:000420f3       ?LM_SortLightStyles@OpenGLDrv@@YAXPAUdynamicLightmap_t@1@@Z 004430f3 f   gl_lightmap.obj
 0001:00042184       ?UpdateDynamicLightmap@OpenGLDrv@@YAXPAVsurfacePlanar_t@1@_NI@Z 00443184 f   gl_lightmap.obj
 0001:00042686       ?LM_IsMonotone@OpenGLDrv@@YA_NPAUdynamicLightmap_t@1@PATcolor_t@@@Z 00443686 f   gl_lightmap.obj
 0001:0004278d       ?Init@OpenGLDrv@@YA_NXZ    0044378d f   gl_main.obj
 0001:00042dd2       ?Shutdown@OpenGLDrv@@YAX_N@Z 00443dd2 f   gl_main.obj
 0001:00042e5b       ?GL_EnableRendering@OpenGLDrv@@YAX_N@Z 00443e5b f   gl_main.obj
 0001:00042e76       ?BeginFrame@OpenGLDrv@@YAXN@Z 00443e76 f   gl_main.obj
 0001:00042fa0       ?EndFrame@OpenGLDrv@@YAXXZ 00443fa0 f   gl_main.obj
 0001:00042fb8       ?RenderFrame@OpenGLDrv@@YAXPAUrefdef_t@@@Z 00443fb8 f   gl_main.obj
 0001:000437e9       ?Fill8@OpenGLDrv@@YAXHHHHH@Z 004447e9 f   gl_main.obj
 0001:0004382c       ?Fill@OpenGLDrv@@YAXHHHHI@Z 0044482c f   gl_main.obj
 0001:00043868       ?TileClear@OpenGLDrv@@YAXHHHHPBD@Z 00444868 f   gl_main.obj
 0001:00043909       ?DrawStretchPic@OpenGLDrv@@YAXHHHHPBD@Z 00444909 f   gl_main.obj
 0001:00043969       ?DrawDetailedPic@OpenGLDrv@@YAXHHHHPBD@Z 00444969 f   gl_main.obj
 0001:00043a10       ?DrawPic@OpenGLDrv@@YAXHHPBDHH@Z 00444a10 f   gl_main.obj
 0001:00043a95       ?BeginRegistration@OpenGLDrv@@YAXPBD@Z 00444a95 f   gl_main.obj
 0001:00043ab9       ?RegisterPic@OpenGLDrv@@YAPAVCBasicImage@@PBD@Z 00444ab9 f   gl_main.obj
 0001:00043ac7       ?RegisterSkin@OpenGLDrv@@YAPAVCBasicImage@@PBD_N@Z 00444ac7 f   gl_main.obj
 0001:00043ae5       ?RegisterModel@OpenGLDrv@@YAPAVCRenderModel@@PBD@Z 00444ae5 f   gl_main.obj
 0001:00043af0       ?SetSky@OpenGLDrv@@YAXPBDMABUCVec3@@@Z 00444af0 f   gl_main.obj
 0001:00043b8e       ?Screenshot@OpenGLDrv@@YAXHPBD@Z 00444b8e f   gl_main.obj
 0001:00043bb5       ?GetClientLight@OpenGLDrv@@YAMXZ 00444bb5 f   gl_main.obj
 0001:00043bbc       ?InitFuncTables@OpenGLDrv@@YAXXZ 00444bbc f   gl_math.obj
 0001:00043d62       ?BuildRotationAxis@OpenGLDrv@@YAXAAUCAxis@@ABUCVec3@@M@Z 00444d62 f   gl_math.obj
 0001:00043e59       ?GetBoxRect@OpenGLDrv@@YA_NPBUrefEntity_t@1@ABUCVec3@@QAM2_N@Z 00444e59 f   gl_math.obj
 0001:00044163       ?ProjectToScreen@OpenGLDrv@@YA_NABUCVec3@@QAH@Z 00445163 f   gl_math.obj
 0001:000442a6       ?SaturateColor3f@OpenGLDrv@@YAXAAUCVec3@@@Z 004452a6 f   gl_math.obj
 0001:00044396       ?SaturateColor4b@OpenGLDrv@@YAXPATcolor_t@@@Z 00445396 f   gl_math.obj
 0001:000444a4       ?SubdividePlane@OpenGLDrv@@YAHPAPAUCVec3@@HM@Z 004454a4 f   gl_poly.obj
 0001:00044925       ?FreeSubdividedPlane@OpenGLDrv@@YAXXZ 00445925 f   gl_poly.obj
 0001:0004493d       ?GetSubdivideIndexes@OpenGLDrv@@YAXPAH@Z 0044593d f   gl_poly.obj
 0001:00044990       ?RemoveCollinearPoints@OpenGLDrv@@YAHPAPAUCVec3@@H@Z 00445990 f   gl_poly.obj
 0001:00044a86       ?GetPolyArea@OpenGLDrv@@YAMPAPAUCVec3@@H@Z 00445a86 f   gl_poly.obj
 0001:00044b1a       ?InitShaders@OpenGLDrv@@YAXXZ 00445b1a f   gl_shader.obj
 0001:00044c9f       ?ShutdownShaders@OpenGLDrv@@YAXXZ 00445c9f f   gl_shader.obj
 0001:00044cdd       ?GetLightmapImage@OpenGLDrv@@YAPAVimage_t@1@H@Z 00445cdd f   gl_shader.obj
 0001:00044d05       ?SetShaderLightmap@OpenGLDrv@@YAPAVshader_t@1@PAV21@H@Z 00445d05 f   gl_shader.obj
 0001:00045024       ??4shader_t@OpenGLDrv@@QAEAAV01@ABV01@@Z 00446024 f i gl_shader.obj
 0001:0004525a       ?SetShaderLightstyles@OpenGLDrv@@YAPAVshader_t@1@PAV21@I@Z 0044625a f   gl_shader.obj
 0001:000452f6       ?GetAlphaShader@OpenGLDrv@@YAPAVshader_t@1@PAV21@@Z 004462f6 f   gl_shader.obj
 0001:000456ec       ?FindShader@OpenGLDrv@@YAPAVshader_t@1@PBDI@Z 004466ec f   gl_shader.obj
 0001:00046ff1       ?GetShaderByNum@OpenGLDrv@@YAPAVshader_t@1@H@Z 00447ff1 f   gl_shader.obj
 0001:0004700f       ?ResetShaders@OpenGLDrv@@YAXXZ 0044800f f   gl_shader.obj
 0001:000471fa       ?Reload@shader_t@OpenGLDrv@@UAEXXZ 004481fa f   gl_shader.obj
 0001:00047229       ?ClearSky@OpenGLDrv@@YAXXZ 00448229 f   gl_sky.obj
 0001:00047286       ?AddSkySurface@OpenGLDrv@@YAXPAVsurfacePlanar_t@1@E@Z 00448286 f   gl_sky.obj
 0001:0004784e       ?DrawSky@OpenGLDrv@@YAXXZ  0044884e f   gl_sky.obj
 0001:00047ef2       ?DrawChar@OpenGLDrv@@YAXHHHH@Z 00448ef2 f   gl_text.obj
 0001:00047f43       ?ClearTexts@OpenGLDrv@@YAXXZ 00448f43 f   gl_text.obj
 0001:00047f58       ?FlushTexts@OpenGLDrv@@YAXXZ 00448f58 f   gl_text.obj
 0001:00048004       ?DrawTextPos@OpenGLDrv@@YAXHHPBDI@Z 00449004 f   gl_text.obj
 0001:00048030       ?DrawTextLeft@OpenGLDrv@@YAXPBDI@Z 00449030 f   gl_text.obj
 0001:000480b7       ?DrawTextRight@OpenGLDrv@@YAXPBDI@Z 004490b7 f   gl_text.obj
 0001:00048101       ?DrawText3D@OpenGLDrv@@YAXABUCVec3@@PBDI@Z 00449101 f   gl_text.obj
 0001:0004812e       ?InitTexts@OpenGLDrv@@YAXXZ 0044912e f   gl_text.obj
 0001:00048148       ?FindModel@OpenGLDrv@@YAPAVmodel_t@1@PBD@Z 00449148 f   gl_model.obj
 0001:0004831d       ?FreeModels@OpenGLDrv@@YAXXZ 0044931d f   gl_model.obj
 0001:0004838f       ?InitModels@OpenGLDrv@@YAXXZ 0044938f f   gl_model.obj
 0001:00048485       ?ShutdownModels@OpenGLDrv@@YAXXZ 00449485 f   gl_model.obj
 0001:00048496       ?LoadWorldMap@OpenGLDrv@@YAXPBD@Z 00449496 f   gl_bspmodel.obj
 0001:00049f9e       ?PointInLeaf@OpenGLDrv@@YAPAUnode_t@1@ABUCVec3@@@Z 0044af9e f   gl_bspmodel.obj
 0001:00049fe9       ?CALL_CONSTRUCTOR@@YAXPAVinlineModel_t@OpenGLDrv@@@Z 0044afe9 f i gl_bspmodel.obj
 0001:00049fff       ?LerpTag@model_t@OpenGLDrv@@UBE_NHHMPBDAAUCCoords@@@Z 0044afff f   gl_trimodel.obj
 0001:0004a00d       ?LerpTag@md3Model_t@OpenGLDrv@@UBE_NHHMPBDAAUCCoords@@@Z 0044b00d f   gl_trimodel.obj
 0001:0004a11d       ?LoadMd2@OpenGLDrv@@YAPAVmd3Model_t@1@PBDPAEI@Z 0044b11d f   gl_trimodel.obj
 0001:0004ac4b       ?ATAN2_FUNC@OpenGLDrv@@YAMMM@Z 0044bc4b f i gl_trimodel.obj
 0001:0004ae01       ?LoadMd3@OpenGLDrv@@YAPAVmd3Model_t@1@PBDPAEI@Z 0044be01 f   gl_trimodel.obj
 0001:0004b2b6       ?LoadSp2@OpenGLDrv@@YAPAVsprModel_t@1@PBDPAEI@Z 0044c2b6 f   gl_trimodel.obj
 0001:0004b4ce       ?LoadSpr@OpenGLDrv@@YAPAVsprModel_t@1@PBDPAEI@Z 0044c4ce f   gl_trimodel.obj
 0001:0004b5d7       ?CALL_CONSTRUCTOR@@YAXPAVmd3Model_t@OpenGLDrv@@@Z 0044c5d7 f i gl_trimodel.obj
 0001:0004b5ed       ?CALL_CONSTRUCTOR@@YAXPAVsprModel_t@OpenGLDrv@@@Z 0044c5ed f i gl_trimodel.obj
 0001:0004cbaa       ?QGL_Init@OpenGLDrv@@YA_NPBD@Z 0044dbaa f   qgl_win.obj
 0001:0004cc8c       ?QGL_Shutdown@OpenGLDrv@@YAXXZ 0044dc8c f   qgl_win.obj
 0001:0004ccd3       ?QGL_InitExtensions@OpenGLDrv@@YAXXZ 0044dcd3 f   qgl_win.obj
 0001:0004d1bf       ?QGL_PrintExtensionsString@OpenGLDrv@@YAXPBD00@Z 0044e1bf f   qgl_win.obj
 0001:0004d30c       ?QGL_EnableLogging@OpenGLDrv@@YAX_N@Z 0044e30c f   qgl_win.obj
 0001:0004d3ba       ?QGL_LogMessage@OpenGLDrv@@YAXPBD@Z 0044e3ba f   qgl_win.obj
 0001:0004d3d0       ?QGL_SwapBuffers@OpenGLDrv@@YAXXZ 0044e3d0 f   qgl_win.obj
 0001:0004d452       ?GLimp_HasGamma@OpenGLDrv@@YA_NXZ 0044e452 f   gl_win.obj
 0001:0004d466       ?GLimp_SetGamma@OpenGLDrv@@YAXM@Z 0044e466 f   gl_win.obj
 0001:0004d60c       ?GLimp_SetMode@OpenGLDrv@@YA_NPAI0H_N@Z 0044e60c f   gl_win.obj
 0001:0004d9e0       ?GLimp_Shutdown@OpenGLDrv@@YAX_N@Z 0044e9e0 f   gl_win.obj
 0001:0004da8d       ?AppActivate@OpenGLDrv@@YAX_N@Z 0044ea8d f   gl_win.obj
 0001:0004dafd       _jpeg_CreateDecompress     0044eafd f   lib:jdapimin.obj
 0001:0004dbbd       _jpeg_destroy_compress     0044ebbd f   lib:jdapimin.obj
 0001:0004dbbd       _jpeg_destroy_decompress   0044ebbd f   lib:jdapimin.obj
 0001:0004dbc8       _jpeg_read_header          0044ebc8 f   lib:jdapimin.obj
 0001:0004dc2a       _jpeg_consume_input        0044ec2a f   lib:jdapimin.obj
 0001:0004de79       _jpeg_finish_decompress    0044ee79 f   lib:jdapimin.obj
 0001:0004df10       _jpeg_start_decompress     0044ef10 f   lib:jdapistd.obj
 0001:0004e07d       _jpeg_read_scanlines       0044f07d f   lib:jdapistd.obj
 0001:0004e101       _jpeg_resync_to_restart    0044f101 f   lib:jdmarker.obj
 0001:0004e2c6       _jinit_marker_reader       0044f2c6 f   lib:jdmarker.obj
 0001:0004f791       _jpeg_CreateCompress       00450791 f   lib:jcapimin.obj
 0001:0004f845       _jpeg_suppress_tables      00450845 f   lib:jcapimin.obj
 0001:0004f88f       _jpeg_finish_compress      0045088f f   lib:jcapimin.obj
 0001:0004f979       _jpeg_start_compress       00450979 f   lib:jcapistd.obj
 0001:0004f9e5       _jpeg_write_scanlines      004509e5 f   lib:jcapistd.obj
 0001:0004fa90       _jpeg_add_quant_table      00450a90 f   lib:jcparam.obj
 0001:0004fb42       _jpeg_quality_scaling      00450b42 f   lib:jcparam.obj
 0001:0004fb69       _jpeg_set_quality          00450b69 f   lib:jcparam.obj
 0001:0004fba3       _jpeg_set_defaults         00450ba3 f   lib:jcparam.obj
 0001:0004fd69       _jpeg_default_colorspace   00450d69 f   lib:jcparam.obj
 0001:0004fdb9       _jpeg_set_colorspace       00450db9 f   lib:jcparam.obj
 0001:000500d4       _jpeg_stdio_dest           004510d4 f   lib:jdatadst.obj
 0001:000502f4       _crc32                     004512f4 f   lib:crc32.obj
 0001:0005058e       _inflateReset              0045158e f   lib:inflate.obj
 0001:000505dc       _inflateInit2_             004515dc f   lib:inflate.obj
 0001:00050695       _inflate                   00451695 f   lib:inflate.obj
 0001:0005196a       _inflateEnd                0045296a f   lib:inflate.obj
 0001:000519a8       _jinit_input_controller    004529a8 f   lib:jdinput.obj
 0001:00051e8b       _jinit_memory_mgr          00452e8b f   lib:jmemmgr.obj
 0001:000529c7       _jpeg_abort                004539c7 f   lib:jcomapi.obj
 0001:000529fa       _jpeg_destroy              004539fa f   lib:jcomapi.obj
 0001:00052a15       _jpeg_alloc_quant_table    00453a15 f   lib:jcomapi.obj
 0001:00052a31       _jpeg_alloc_huff_table     00453a31 f   lib:jcomapi.obj
 0001:00052a4d       _jpeg_calc_output_dimensions 00453a4d f   lib:jdmaster.obj
 0001:00052b4d       _jinit_master_decompress   00453b4d f   lib:jdmaster.obj
 0001:00052ea3       _jdiv_round_up             00453ea3 f   lib:jutils.obj
 0001:00052eb3       _jround_up                 00453eb3 f   lib:jutils.obj
 0001:00052ecb       _jcopy_sample_rows         00453ecb f   lib:jutils.obj
 0001:00052f09       _jcopy_block_row           00453f09 f   lib:jutils.obj
 0001:00052f22       _jzero_far                 00453f22 f   lib:jutils.obj
 0001:00052f35       _jinit_marker_writer       00453f35 f   lib:jcmarker.obj
 0001:00053811       _jinit_compress_master     00454811 f   lib:jcinit.obj
 0001:0005386a       _inflate_fast              0045486a f   lib:inffast.obj
 0001:00053c1f       _inflate_table             00454c1f f   lib:inftrees.obj
 0001:00053fd3       _adler32                   00454fd3 f   lib:adler32.obj
 0001:000540ec       _jinit_c_codec             004550ec f   lib:jcodec.obj
 0001:00054108       _jinit_d_codec             00455108 f   lib:jcodec.obj
 0001:00054124       _jpeg_get_small            00455124 f   lib:jmemnobs.obj
 0001:00054124       _jpeg_get_large            00455124 f   lib:jmemnobs.obj
 0001:00054130       _jpeg_free_large           00455130 f   lib:jmemnobs.obj
 0001:00054130       _jpeg_free_small           00455130 f   lib:jmemnobs.obj
 0001:0005413c       _jpeg_mem_available        0045513c f   lib:jmemnobs.obj
 0001:00054141       _jpeg_open_backing_store   00455141 f   lib:jmemnobs.obj
 0001:00054155       _jpeg_mem_init             00455155 f   lib:jmemnobs.obj
 0001:00054155       __matherr                  00455155 f   lib:jmemnobs.obj
 0001:00054158       _jinit_d_main_controller   00455158 f   lib:jdmainct.obj
 0001:000547a3       _jinit_d_post_controller   004557a3 f   lib:jdpostct.obj
 0001:00054a4e       _jinit_upsampler           00455a4e f   lib:jdsample.obj
 0001:0005508c       _jinit_color_deconverter   0045608c f   lib:jdcolor.obj
 0001:000555a2       _jinit_merged_upsampler    004565a2 f   lib:jdmerge.obj
 0001:00055af2       _jinit_2pass_quantizer     00456af2 f   lib:jquant2.obj
 0001:00056bb5       _jinit_1pass_quantizer     00457bb5 f   lib:jquant1.obj
 0001:000575db       _jinit_c_main_controller   004585db f   lib:jcmainct.obj
 0001:00057748       _jinit_c_prep_controller   00458748 f   lib:jcprepct.obj
 0001:00057c93       _jinit_downsampler         00458c93 f   lib:jcsample.obj
 0001:00058513       _jinit_color_converter     00459513 f   lib:jccolor.obj
 0001:00058afd       _jinit_c_master_control    00459afd f   lib:jcmaster.obj
 0001:000595ec       _jinit_lossy_c_codec       0045a5ec f   lib:jclossy.obj
 0001:00059687       _jinit_lossless_c_codec    0045a687 f   lib:jclossls.obj
 0001:0005971f       _jinit_lossy_d_codec       0045a71f f   lib:jdlossy.obj
 0001:000599f2       _jinit_lossless_d_codec    0045a9f2 f   lib:jdlossls.obj
 0001:00059aa2       _jinit_c_coef_controller   0045aaa2 f   lib:jccoefct.obj
 0001:0005a141       _jinit_shuff_encoder       0045b141 f   lib:jcshuff.obj
 0001:0005a9ac       _jinit_phuff_encoder       0045b9ac f   lib:jcphuff.obj
 0001:0005b451       _jinit_forward_dct         0045c451 f   lib:jcdctmgr.obj
 0001:0005b720       _jinit_c_diff_controller   0045c720 f   lib:jcdiffct.obj
 0001:0005bc86       _jinit_lhuff_encoder       0045cc86 f   lib:jclhuff.obj
 0001:0005c3b0       _jinit_differencer         0045d3b0 f   lib:jcpred.obj
 0001:0005c8ca       _jinit_c_scaler            0045d8ca f   lib:jcscale.obj
 0001:0005c940       _jinit_d_coef_controller   0045d940 f   lib:jdcoefct.obj
 0001:0005d61c       _jinit_shuff_decoder       0045e61c f   lib:jdshuff.obj
 0001:0005dbb1       _jinit_phuff_decoder       0045ebb1 f   lib:jdphuff.obj
 0001:0005e74e       _jinit_inverse_dct         0045f74e f   lib:jddctmgr.obj
 0001:0005e932       _jinit_d_diff_controller   0045f932 f   lib:jddiffct.obj
 0001:0005ee60       _jinit_d_scaler            0045fe60 f   lib:jdscale.obj
 0001:0005ef5f       _jinit_undifferencer       0045ff5f f   lib:jdpred.obj
 0001:0005f319       _jinit_lhuff_decoder       00460319 f   lib:jdlhuff.obj
 0001:0005f70e       _jpeg_make_c_derived_tbl   0046070e f   lib:jchuff.obj
 0001:0005f910       _jpeg_gen_optimal_table    00460910 f   lib:jchuff.obj
 0001:0005facf       _jpeg_fdct_float           00460acf f   lib:jfdctflt.obj
 0001:0005fcd4       _jpeg_make_d_derived_tbl   00460cd4 f   lib:jdhuff.obj
 0001:0005ff71       _jpeg_fill_bit_buffer      00460f71 f   lib:jdhuff.obj
 0001:00060080       _jpeg_huff_decode          00461080 f   lib:jdhuff.obj
 0001:00060160       _jpeg_idct_4x4             00461160 f   lib:jidctred.obj
 0001:0006044e       _jpeg_idct_2x2             0046144e f   lib:jidctred.obj
 0001:00060610       _jpeg_idct_1x1             00461610 f   lib:jidctred.obj
 0001:0006064c       _jpeg_idct_float           0046164c f   lib:jidctflt.obj
 0001:00060a20       __except_handler3          00461a20 f   MSVCRT:MSVCRT.dll
 0001:00060a30       __chkstk                   00461a30 f   MSVCRT:chkstk.obj
 0001:00060a30       __alloca_probe             00461a30 f   MSVCRT:chkstk.obj
[...]
 0001:0005ead0       _start_iMCU_row            0045fad0 f   lib:jddiffct.obj
 0001:0005eb15       _start_output_pass         0045fb15 f   lib:jddiffct.obj
 0001:0005eb21       _decompress_data           0045fb21 f   lib:jddiffct.obj
 0001:0005ec91       _process_restart           0045fc91 f   lib:jddiffct.obj
 0001:0005ccb1       _dummy_consume_data        0045dcb1 f   lib:jdcoefct.obj
 0001:0005ecc6       _consume_data              0045fcc6 f   lib:jddiffct.obj
 0001:0005ed3d       _output_data               0045fd3d f   lib:jddiffct.obj
 0001:0005e7c4       _start_pass                0045f7c4 f   lib:jddctmgr.obj
 0001:0005dc16       _start_pass_phuff_decoder  0045ec16 f   lib:jdphuff.obj
 0001:0005de5f       _decode_mcu_DC_first       0045ee5f f   lib:jdphuff.obj
 0001:0005e057       _process_restart           0045f057 f   lib:jdphuff.obj
 0001:0005e0c6       _decode_mcu_AC_first       0045f0c6 f   lib:jdphuff.obj
 0001:0005e2e6       _decode_mcu_DC_refine      0045f2e6 f   lib:jdphuff.obj
 0001:0005e3bb       _decode_mcu_AC_refine      0045f3bb f   lib:jdphuff.obj
 0001:0005d65d       _start_pass_huff_decoder   0045e65d f   lib:jdshuff.obj
 0001:0005d795       _decode_mcu                0045e795 f   lib:jdshuff.obj
 0001:0005db45       _process_restart           0045eb45 f   lib:jdshuff.obj
 0001:0005ca43       _start_input_pass          0045da43 f   lib:jdcoefct.obj
 0001:0005ca56       _start_iMCU_row            0045da56 f   lib:jdcoefct.obj
 0001:0005ca9b       _start_output_pass         0045da9b f   lib:jdcoefct.obj
 0001:0005cad8       _decompress_onepass        0045dad8 f   lib:jdcoefct.obj
 0001:0005ccb1       _dummy_consume_data        0045dcb1 f   lib:jdcoefct.obj
 0001:0005ccb4       _consume_data              0045dcb4 f   lib:jdcoefct.obj
 0001:0005ce6d       _decompress_data           0045de6d f   lib:jdcoefct.obj
 0001:0005cfd9       _smoothing_ok              0045dfd9 f   lib:jdcoefct.obj
 0001:0005d0c4       _decompress_smooth_data    0045e0c4 f   lib:jdcoefct.obj
 0001:0005c8dc       _scaler_start_pass         0045d8dc f   lib:jcscale.obj
 0001:0005c8ff       _simple_downscale          0045d8ff f   lib:jcscale.obj
 0001:0005c92b       _noscale                   0045d92b f   lib:jcscale.obj
 0001:0005c3d4       _start_pass                0045d3d4 f   lib:jcpred.obj
 0001:0005c42c       _reset_predictor           0045d42c f   lib:jcpred.obj
 0001:0005c459       _jpeg_difference_first_row 0045d459 f   lib:jcpred.obj
 0001:0005c543       _jpeg_difference1          0045d543 f   lib:jcpred.obj
 0001:0005c5b1       _jpeg_difference2          0045d5b1 f   lib:jcpred.obj
 0001:0005c622       _jpeg_difference3          0045d622 f   lib:jcpred.obj
 0001:0005c69a       _jpeg_difference4          0045d69a f   lib:jcpred.obj
 0001:0005c725       _jpeg_difference5          0045d725 f   lib:jcpred.obj
 0001:0005c7b8       _jpeg_difference6          0045d7b8 f   lib:jcpred.obj
 0001:0005c847       _jpeg_difference7          0045d847 f   lib:jcpred.obj
 0001:0005bcc6       _start_pass_huff           0045ccc6 f   lib:jclhuff.obj
 0001:0005be63       _encode_mcus_huff          0045ce63 f   lib:jclhuff.obj
 0001:0005c04e       _emit_bits                 0045d04e f   lib:jclhuff.obj
 0001:0005c0f1       _dump_buffer               0045d0f1 f   lib:jclhuff.obj
 0001:0005c115       _emit_restart              0045d115 f   lib:jclhuff.obj
 0001:0005c160       _flush_bits                0045d160 f   lib:jclhuff.obj
 0001:0005c184       _finish_pass_huff          0045d184 f   lib:jclhuff.obj
 0001:0005c1f1       _encode_mcus_gather        0045d1f1 f   lib:jclhuff.obj
 0001:0005c31a       _finish_pass_gather        0045d31a f   lib:jclhuff.obj
 0001:0005a9a9       _need_optimization_pass    0045b9a9 f   lib:jcshuff.obj
 0001:0005b8a4       _start_pass_diff           0045c8a4 f   lib:jcdiffct.obj
 0001:0005b942       _start_iMCU_row            0045c942 f   lib:jcdiffct.obj
 0001:0005b984       _compress_data             0045c984 f   lib:jcdiffct.obj
 0001:0005bb1a       _compress_first_pass       0045cb1a f   lib:jcdiffct.obj
 0001:0005bc0f       _compress_output           0045cc0f f   lib:jcdiffct.obj
 0001:0005b4b7       _start_pass_fdctmgr        0045c4b7 f   lib:jcdctmgr.obj
 0001:0005b5b9       _forward_DCT_float         0045c5b9 f   lib:jcdctmgr.obj
 0001:0005a9ec       _start_pass_phuff          0045b9ec f   lib:jcphuff.obj
 0001:0005ab59       _encode_mcu_DC_first       0045bb59 f   lib:jcphuff.obj
 0001:0005ac8b       _emit_bits                 0045bc8b f   lib:jcphuff.obj
 0001:0005ad36       _dump_buffer               0045bd36 f   lib:jcphuff.obj
 0001:0005ad6e       _emit_symbol               0045bd6e f   lib:jcphuff.obj
 0001:0005adae       _emit_restart              0045bdae f   lib:jcphuff.obj
 0001:0005ae37       _emit_eobrun               0045be37 f   lib:jcphuff.obj
 0001:0005aebd       _encode_mcu_AC_first       0045bebd f   lib:jcphuff.obj
 0001:0005b051       _encode_mcu_DC_refine      0045c051 f   lib:jcphuff.obj
 0001:0005b10b       _encode_mcu_AC_refine      0045c10b f   lib:jcphuff.obj
 0001:0005b322       _finish_pass_phuff         0045c322 f   lib:jcphuff.obj
 0001:0005b371       _finish_pass_gather_phuff  0045c371 f   lib:jcphuff.obj
 0001:0005b434       _need_optimization_pass    0045c434 f   lib:jcphuff.obj
 0001:0005a184       _start_pass_huff           0045b184 f   lib:jcshuff.obj
 0001:0005a2f9       _encode_mcu_huff           0045b2f9 f   lib:jcshuff.obj
 0001:0005a404       _encode_one_block          0045b404 f   lib:jcshuff.obj
 0001:0005a57b       _emit_bits                 0045b57b f   lib:jcshuff.obj
 0001:0005a61e       _dump_buffer               0045b61e f   lib:jcshuff.obj
 0001:0005a642       _emit_restart              0045b642 f   lib:jcshuff.obj
 0001:0005a6af       _flush_bits                0045b6af f   lib:jcshuff.obj
 0001:0005a6d3       _finish_pass_huff          0045b6d3 f   lib:jcshuff.obj
 0001:0005a742       _encode_mcu_gather         0045b742 f   lib:jcshuff.obj
 0001:0005a7f8       _htest_one_block           0045b7f8 f   lib:jcshuff.obj
 0001:0005a8bf       _finish_pass_gather        0045b8bf f   lib:jcshuff.obj
 0001:0005a9a9       _need_optimization_pass    0045b9a9 f   lib:jcshuff.obj
 0001:00059b57       _start_pass_coef           0045ab57 f   lib:jccoefct.obj
 0001:0005b942       _start_iMCU_row            0045c942 f   lib:jcdiffct.obj
 0001:00059bec       _compress_data             0045abec f   lib:jccoefct.obj
 0001:00059dd3       _compress_first_pass       0045add3 f   lib:jccoefct.obj
 0001:00059fb9       _compress_output           0045afb9 f   lib:jccoefct.obj
 0001:00059a6f       _calc_output_dimensions    0045aa6f f   lib:jdlossls.obj
 0001:00059a80       _start_input_pass          0045aa80 f   lib:jdlossls.obj
 0001:000597ae       _calc_output_dimensions    0045a7ae f   lib:jdlossy.obj
 0001:00059921       _start_input_pass          0045a921 f   lib:jdlossy.obj
 0001:00059941       _latch_quant_tables        0045a941 f   lib:jdlossy.obj
 0001:000599d9       _start_output_pass         0045a9d9 f   lib:jdlossy.obj
 0001:000596fd       _start_pass                0045a6fd f   lib:jclossls.obj
 0001:00059669       _start_pass                0045a669 f   lib:jclossy.obj
 0001:00058bbe       _initial_setup             00459bbe f   lib:jcmaster.obj
 0001:00058d71       _validate_script           00459d71 f   lib:jcmaster.obj
 0001:00059149       _prepare_for_pass          0045a149 f   lib:jcmaster.obj
 0001:000592c1       _select_scan_parameters    0045a2c1 f   lib:jcmaster.obj
 0001:000593c2       _per_scan_setup            0045a3c2 f   lib:jcmaster.obj
 0001:0005956d       _pass_startup              0045a56d f   lib:jcmaster.obj
 0001:00059594       _finish_pass_master        0045a594 f   lib:jcmaster.obj
 0001:000586aa       _rgb_ycc_start             004596aa f   lib:jccolor.obj
 0001:0005876e       _rgb_ycc_convert           0045976e f   lib:jccolor.obj
 0001:0005886d       _rgb_gray_convert          0045986d f   lib:jccolor.obj
 0001:000588f2       _cmyk_ycck_convert         004598f2 f   lib:jccolor.obj
 0001:00058a2a       _grayscale_convert         00459a2a f   lib:jccolor.obj
 0001:00058a84       _null_convert              00459a84 f   lib:jccolor.obj
 0001:0002c8e6       _null_method               0042d8e6 f   images.obj
 0001:0002c8e6       _start_pass_downsample     0042d8e6 f   images.obj
 0001:00057df6       _sep_downsample            00458df6 f   lib:jcsample.obj
 0001:00057e6b       _int_downsample            00458e6b f   lib:jcsample.obj
 0001:00057f63       _expand_right_edge         00458f63 f   lib:jcsample.obj
 0001:00057fb8       _fullsize_downsample       00458fb8 f   lib:jcsample.obj
 0001:00057ffc       _h2v1_downsample           00458ffc f   lib:jcsample.obj
 0001:00058090       _h2v2_downsample           00459090 f   lib:jcsample.obj
 0001:0005813d       _h2v2_smooth_downsample    0045913d f   lib:jcsample.obj
 0001:000583b5       _fullsize_smooth_downsample 004593b5 f   lib:jcsample.obj
 0001:000577f2       _start_pass_prep           004587f2 f   lib:jcprepct.obj
 0001:00057830       _pre_process_data          00458830 f   lib:jcprepct.obj
 0001:000579de       _pre_process_context       004589de f   lib:jcprepct.obj
 0001:00057b97       _create_context_buffer     00458b97 f   lib:jcprepct.obj
 0001:0005766a       _start_pass_main           0045866a f   lib:jcmainct.obj
 0001:000576ac       _process_data_simple_main  004586ac f   lib:jcmainct.obj
 0001:00056c40       _create_colormap           00457c40 f   lib:jquant1.obj
 0001:00056d72       _select_ncolors            00457d72 f   lib:jquant1.obj
 0001:00056e49       _create_colorindex         00457e49 f   lib:jquant1.obj
 0001:00056f75       _alloc_fs_workspace        00457f75 f   lib:jquant1.obj
 0001:00056fb1       _start_pass_1_quant        00457fb1 f   lib:jquant1.obj
 0001:0005707d       _create_odither_tables     0045807d f   lib:jquant1.obj
 0001:000570dc       _make_odither_array        004580dc f   lib:jquant1.obj
 0001:0005713f       _color_quantize            0045813f f   lib:jquant1.obj
 0001:000571ca       _color_quantize3           004581ca f   lib:jquant1.obj
 0001:00057258       _quantize_ord_dither       00458258 f   lib:jquant1.obj
 0001:00057343       _quantize3_ord_dither      00458343 f   lib:jquant1.obj
 0001:00057443       _quantize_fs_dither        00458443 f   lib:jquant1.obj
 0001:0002c8e6       _finish_pass_1_quant       0042d8e6 f   images.obj
 0001:000575c7       _new_color_map_1_quant     004585c7 f   lib:jquant1.obj
 0001:00055c01       _init_error_limit          00456c01 f   lib:jquant2.obj
 0001:00055ca0       _start_pass_2_quant        00456ca0 f   lib:jquant2.obj
 0001:00055da2       _prescan_quantize          00456da2 f   lib:jquant2.obj
 0001:00055e11       _pass2_no_dither           00456e11 f   lib:jquant2.obj
 0001:00055ebe       _fill_inverse_cmap         00456ebe f   lib:jquant2.obj
 0001:00055f89       _find_nearby_colors        00456f89 f   lib:jquant2.obj
 0001:0005612d       _find_best_colors          0045712d f   lib:jquant2.obj
 0001:00056247       _pass2_fs_dither           00457247 f   lib:jquant2.obj
 0001:000564b6       _finish_pass1              004574b6 f   lib:jquant2.obj
 0001:000564d8       _select_colors             004574d8 f   lib:jquant2.obj
 0001:00056564       _update_box                00457564 f   lib:jquant2.obj
 0001:000568fe       _median_cut                004578fe f   lib:jquant2.obj
 0001:00056a12       _find_biggest_color_pop    00457a12 f   lib:jquant2.obj
 0001:00056a41       _find_biggest_volume       00457a41 f   lib:jquant2.obj
 0001:00056a6a       _compute_color             00457a6a f   lib:jquant2.obj
 0001:0002c8e6       _finish_pass2              0042d8e6 f   images.obj
 0001:00056ba6       _new_color_map_2_quant     00457ba6 f   lib:jquant2.obj
 0001:00055618       _build_ycc_rgb_table       00456618 f   lib:jdmerge.obj
 0001:000556c8       _start_pass_merged_upsample 004566c8 f   lib:jdmerge.obj
 0001:000556dd       _merged_2v_upsample        004566dd f   lib:jdmerge.obj
 0001:00055784       _merged_1v_upsample        00456784 f   lib:jdmerge.obj
 0001:000557b5       _h2v1_merged_upsample      004567b5 f   lib:jdmerge.obj
 0001:0005590b       _h2v2_merged_upsample      0045690b f   lib:jdmerge.obj
 0001:000551bc       _build_ycc_rgb_table       004561bc f   lib:jdcolor.obj
 0001:0005526c       _ycc_rgb_convert           0045626c f   lib:jdcolor.obj
 0001:0005537a       _null_convert              0045637a f   lib:jdcolor.obj
 0001:000553f2       _grayscale_convert         004563f2 f   lib:jdcolor.obj
 0001:00055415       _gray_rgb_convert          00456415 f   lib:jdcolor.obj
 0001:0005546e       _ycck_cmyk_convert         0045646e f   lib:jdcolor.obj
 0001:0002c8e6       _start_pass_dcolor         0042d8e6 f   images.obj
 0001:00054c1d       _start_pass_upsample       00455c1d f   lib:jdsample.obj
 0001:00054c37       _sep_upsample              00455c37 f   lib:jdsample.obj
 0001:00054d04       _fullsize_upsample         00455d04 f   lib:jdsample.obj
 0001:00054d0f       _noop_upsample             00455d0f f   lib:jdsample.obj
 0001:00054d17       _int_upsample              00455d17 f   lib:jdsample.obj
 0001:00054e01       _h2v1_upsample             00455e01 f   lib:jdsample.obj
 0001:00054e58       _h2v2_upsample             00455e58 f   lib:jdsample.obj
 0001:00054eca       _h2v1_fancy_upsample       00455eca f   lib:jdsample.obj
 0001:00054f6d       _h2v2_fancy_upsample       00455f6d f   lib:jdsample.obj
 0001:00054826       _start_pass_dpost          00455826 f   lib:jdpostct.obj
 0001:000548cc       _post_process_1pass        004558cc f   lib:jdpostct.obj
 0001:00054931       _post_process_prepass      00455931 f   lib:jdpostct.obj
 0001:000549c2       _post_process_2pass        004559c2 f   lib:jdpostct.obj
 0001:0005422d       _alloc_funny_pointers      0045522d f   lib:jdmainct.obj
 0001:000542da       _start_pass_main           004552da f   lib:jdmainct.obj
 0001:00054342       _make_funny_pointers       00455342 f   lib:jdmainct.obj
 0001:00054482       _process_data_simple_main  00455482 f   lib:jdmainct.obj
 0001:000544ea       _process_data_context_main 004554ea f   lib:jdmainct.obj
 0001:000545fc       _set_wraparound_pointers   004555fc f   lib:jdmainct.obj
 0001:000546e6       _set_bottom_pointers       004556e6 f   lib:jdmainct.obj
 0001:00054780       _process_data_crank_post   00455780 f   lib:jdmainct.obj
 0001:00052f83       _write_marker_header       00453f83 f   lib:jcmarker.obj
 0001:00052fd9       _emit_byte                 00453fd9 f   lib:jcmarker.obj
 0001:0005300a       _write_marker_byte         0045400a f   lib:jcmarker.obj
 0001:0005301a       _write_file_header         0045401a f   lib:jcmarker.obj
 0001:00053066       _emit_jfif_app0            00454066 f   lib:jcmarker.obj
 0001:00053139       _emit_adobe_app14          00454139 f   lib:jcmarker.obj
 0001:000531df       _write_frame_header        004541df f   lib:jcmarker.obj
 0001:000532be       _emit_dqt                  004542be f   lib:jcmarker.obj
 0001:000533ad       _emit_sof                  004543ad f   lib:jcmarker.obj
 0001:00053489       _write_scan_header         00454489 f   lib:jcmarker.obj
 0001:00053549       _emit_dht                  00454549 f   lib:jcmarker.obj
 0001:00053622       _emit_dri                  00454622 f   lib:jcmarker.obj
 0001:00053671       _emit_sos                  00454671 f   lib:jcmarker.obj
 0001:0005375f       _write_file_trailer        0045475f f   lib:jcmarker.obj
 0001:0005377f       _write_tables_only         0045477f f   lib:jcmarker.obj
 0001:00052ad8       _use_merged_upsample       00453ad8 f   lib:jdmaster.obj
 0001:00052b7e       _master_selection          00453b7e f   lib:jdmaster.obj
 0001:00052cdb       _prepare_range_limit_table 00453cdb f   lib:jdmaster.obj
 0001:00052d61       _prepare_for_output_pass   00453d61 f   lib:jdmaster.obj
 0001:00052e82       _finish_output_pass        00453e82 f   lib:jdmaster.obj
 0001:00051f4f       _alloc_small               00452f4f f   lib:jmemmgr.obj
 0001:0005206d       _alloc_large               0045306d f   lib:jmemmgr.obj
 0001:0005211e       _alloc_sarray              0045311e f   lib:jmemmgr.obj
 0001:000521b6       _alloc_barray              004531b6 f   lib:jmemmgr.obj
 0001:0005225a       _alloc_darray              0045325a f   lib:jmemmgr.obj
 0001:00052305       _request_virt_sarray       00453305 f   lib:jmemmgr.obj
 0001:00052366       _request_virt_barray       00453366 f   lib:jmemmgr.obj
 0001:000523c7       _realize_virt_arrays       004533c7 f   lib:jmemmgr.obj
 0001:0005254a       _access_virt_sarray        0045354a f   lib:jmemmgr.obj
 0001:0005266a       _do_sarray_io              0045366a f   lib:jmemmgr.obj
 0001:000526fa       _access_virt_barray        004536fa f   lib:jmemmgr.obj
 0001:0005281f       _do_barray_io              0045381f f   lib:jmemmgr.obj
 0001:000528b0       _free_pool                 004538b0 f   lib:jmemmgr.obj
 0001:00052997       _self_destruct             00453997 f   lib:jmemmgr.obj
 0001:000519e9       _start_input_pass          004529e9 f   lib:jdinput.obj
 0001:00051a17       _per_scan_setup            00452a17 f   lib:jdinput.obj
 0001:00051b9d       _finish_input_pass         00452b9d f   lib:jdinput.obj
 0001:00051bae       _consume_markers           00452bae f   lib:jdinput.obj
 0001:00051c4a       _initial_setup             00452c4a f   lib:jdinput.obj
 0001:00051e54       _reset_input_controller    00452e54 f   lib:jdinput.obj
 0001:000517a2       _fixedtables               004527a2 f   lib:inflate.obj
 0001:0005188c       _updatewindow              0045288c f   lib:inflate.obj
 0001:000501d4       _make_crc_table            004511d4 f   lib:crc32.obj
 0001:00050321       _crc32_little              00451321 f   lib:crc32.obj
 0001:00050110       _init_destination          00451110 f   lib:jdatadst.obj
 0001:00050136       _empty_output_buffer       00451136 f   lib:jdatadst.obj
 0001:00050178       _term_destination          00451178 f   lib:jdatadst.obj
 0001:0004fc97       _std_huff_tables           00450c97 f   lib:jcparam.obj
 0001:0004fcf1       _add_huff_table            00450cf1 f   lib:jcparam.obj
 0001:0004e1ef       _next_marker               0044f1ef f   lib:jdmarker.obj
 0001:0004e329       _get_interesting_appn      0044f329 f   lib:jdmarker.obj
 0001:0004e454       _examine_app0              0044f454 f   lib:jdmarker.obj
 0001:0004e662       _examine_app14             0044f662 f   lib:jdmarker.obj
 0001:0004e723       _skip_variable             0044f723 f   lib:jdmarker.obj
 0001:0004e7c6       _read_markers              0044f7c6 f   lib:jdmarker.obj
 0001:0004e9ce       _get_soi                   0044f9ce f   lib:jdmarker.obj
 0001:0004ea79       _get_sof                   0044fa79 f   lib:jdmarker.obj
 0001:0004ed82       _get_sos                   0044fd82 f   lib:jdmarker.obj
 0001:0004f070       _get_dht                   00450070 f   lib:jdmarker.obj
 0001:0004f311       _get_dqt                   00450311 f   lib:jdmarker.obj
 0001:0004f56d       _get_dri                   0045056d f   lib:jdmarker.obj
 0001:0004f64c       _first_marker              0045064c f   lib:jdmarker.obj
 0001:0004f6e8       _read_restart_marker       004506e8 f   lib:jdmarker.obj
 0001:0004f766       _reset_marker_reader       00450766 f   lib:jdmarker.obj
 0001:0004dfd3       _output_pass_setup         0044efd3 f   lib:jdapistd.obj
 0001:0004dcc6       _default_decompress_parms  0044ecc6 f   lib:jdapimin.obj

 183 bytes saved through ICF

