 quake2

 Timestamp is 413cb653 (Mon Sep 06 23:11:15 2004)

 Preferred load address is 00400000

 Start         Length     Name                   Class
 0001:00000000 0006d1c0H .text                   CODE
 0002:00000000 00000310H .idata$5                DATA
 0002:00000310 00004e2cH .rdata                  DATA
 0002:0000513c 00000078H .idata$2                DATA
 0002:000051b4 00000014H .idata$3                DATA
 0002:000051c8 00000310H .idata$4                DATA
 0002:000054d8 000009ecH .idata$6                DATA
 0002:00005ec4 00000000H .edata                  DATA
 0003:00000000 00000004H .CRT$XCA                DATA
 0003:00000004 00000004H .CRT$XCZ                DATA
 0003:00000008 00000004H .CRT$XIA                DATA
 0003:0000000c 00000004H .CRT$XIZ                DATA
 0003:00000010 00013374H .data                   DATA
 0003:00013388 00abb310H .bss                    DATA
 0004:00000000 00000130H .rsrc$01                DATA
 0004:00000130 00003f20H .rsrc$02                DATA

  Address         Publics by Value              Rva+Base     Lib:Object

 0001:00000000       _CDAudio_Play2             00401000 f   cd_win.obj
 0001:000001e5       _CDAudio_Play              004011e5 f   cd_win.obj
 0001:000001fc       _CDAudio_Stop              004011fc f   cd_win.obj
 0001:00000241       _CDAudio_Pause             00401241 f   cd_win.obj
 0001:0000029a       _CDAudio_Resume            0040129a f   cd_win.obj
 0001:0000030c       _CDAudio_MessageHandler    0040130c f   cd_win.obj
 0001:000003a3       _CDAudio_Update            004013a3 f   cd_win.obj
 0001:000003da       _CDAudio_Init              004013da f   cd_win.obj
 0001:000007d1       _CDAudio_Shutdown          004017d1 f   cd_win.obj
 0001:00000804       _CDAudio_Activate          00401804 f   cd_win.obj
 0001:00000815       _SCR_StopCinematic         00401815 f   cl_cin.obj
 0001:000008b1       _SCR_FinishCinematic       004018b1 f   cl_cin.obj
 0001:000008f3       _SCR_RunCinematic          004018f3 f   cl_cin.obj
 0001:00000d10       _SCR_DrawCinematic         00401d10 f   cl_cin.obj
 0001:00000db4       _SCR_PlayCinematic         00401db4 f   cl_cin.obj
 0001:00001101       _CL_ParseEntityBits        00402101 f   cl_ents.obj
 0001:00001163       _CL_ParseDelta             00402163 f   cl_ents.obj
 0001:00001502       _CL_DeltaEntity            00402502 f   cl_ents.obj
 0001:0000167f       _CL_ParsePacketEntities    0040267f f   cl_ents.obj
 0001:00001884       _CL_ParsePlayerstate       00402884 f   cl_ents.obj
 0001:00001b92       _CL_FireEntityEvents       00402b92 f   cl_ents.obj
 0001:00001be4       _CL_ParseFrame             00402be4 f   cl_ents.obj
 0001:00001ede       _CL_AddEntityBox           00402ede f   cl_ents.obj
 0001:00001fce       _CL_OffsetThirdPersonView  00402fce f   cl_ents.obj
 0001:00002088       _CL_CalcViewValues         00403088 f   cl_ents.obj
 0001:00002395       _CL_AddEntities            00403395 f   cl_ents.obj
 0001:00003132       _CL_GetEntitySoundOrigin   00404132 f   cl_ents.obj
 0001:00003168       _CL_ClearLightStyles       00404168 f   cl_fx.obj
 0001:000031ec       _CL_RunLightStyles         004041ec f   cl_fx.obj
 0001:00003289       _CL_SetLightstyle          00404289 f   cl_fx.obj
 0001:000032f3       _CL_AllocDlight            004042f3 f   cl_fx.obj
 0001:00003360       _CL_AddDLights             00404360 f   cl_fx.obj
 0001:000033c0       _CL_ClearParticles         004043c0 f   cl_fx.obj
 0001:0000342a       _CL_AllocParticleTrace     0040442a f   cl_fx.obj
 0001:000034cd       _CL_AllocParticleBeam      004044cd f   cl_fx.obj
 0001:00003540       _CL_AllocParticle          00404540 f   cl_fx.obj
 0001:0000358e       _CL_UpdateParticles        0040458e f   cl_fx.obj
 0001:00003b32       _CL_MetalSparks            00404b32 f   cl_fx.obj
 0001:00003c1f       _CL_ParseMuzzleFlash       00404c1f f   cl_fx.obj
 0001:00004460       _CL_ParseMuzzleFlash2      00405460 f   cl_fx.obj
 0001:00004b46       _CL_ParticleEffect         00405b46 f   cl_fx.obj
 0001:00004c15       _CL_ParticleEffect2        00405c15 f   cl_fx.obj
 0001:00004ce0       _CL_ParticleEffect3        00405ce0 f   cl_fx.obj
 0001:00004db0       _CL_TeleporterParticles    00405db0 f   cl_fx.obj
 0001:00004e67       _CL_LogoutEffect           00405e67 f   cl_fx.obj
 0001:00004f52       _CL_ItemRespawnParticles   00405f52 f   cl_fx.obj
 0001:00005001       _CL_ExplosionParticles     00406001 f   cl_fx.obj
 0001:000050ab       _CL_BigTeleportParticles   004060ab f   cl_fx.obj
 0001:00005202       _CL_BlasterParticles       00406202 f   cl_fx.obj
 0001:000052ce       _CL_BlasterTrail           004062ce f   cl_fx.obj
 0001:000053c1       _CL_FlagTrail              004063c1 f   cl_fx.obj
 0001:000054c1       _CL_DiminishingTrail       004064c1 f   cl_fx.obj
 0001:00005725       _CL_RocketTrail            00406725 f   cl_fx.obj
 0001:00005852       _CL_RailTrail              00406852 f   cl_fx.obj
 0001:00005a78       _CL_RailTrailExt           00406a78 f   cl_fx.obj
 0001:00005b7a       _CL_IonripperTrail         00406b7a f   cl_fx.obj
 0001:00005c8d       _CL_BubbleTrail            00406c8d f   cl_fx.obj
 0001:00005dab       _CL_FlyParticles           00406dab f   cl_fx.obj
 0001:00005f4a       _CL_FlyEffect              00406f4a f   cl_fx.obj
 0001:00005fcd       _CL_BfgParticles           00406fcd f   cl_fx.obj
 0001:000061a7       _CL_TrapParticles          004071a7 f   cl_fx.obj
 0001:0000642a       _CL_BFGExplosionParticles  0040742a f   cl_fx.obj
 0001:000064d4       _CL_TeleportParticles      004074d4 f   cl_fx.obj
 0001:0000660d       _CL_EntityEvent            0040760d f   cl_fx.obj
 0001:000067eb       _CL_ClearEffects           004077eb f   cl_fx.obj
 0001:00006809       _IN_CenterView             00407809 f   cl_input.obj
 0001:0000682a       _CL_InitInput              0040782a f   cl_input.obj
 0001:00006d0a       _CL_SendCmd                00407d0a f   cl_input.obj
 0001:00007405       _CL_ParseInventory         00408405 f   cl_inv.obj
 0001:00007425       _CL_DrawInventory          00408425 f   cl_inv.obj
 0001:0000767b       _CL_WriteDemoMessage       0040867b f   cl_main.obj
 0001:000076bd       _CL_Stop_f                 004086bd f   cl_main.obj
 0001:00007718       _CL_Record_f               00408718 f   cl_main.obj
 0001:000079bb       _Cmd_ForwardToServer       004089bb f   cl_main.obj
 0001:00007a27       _CL_Setenv_f               00408a27 f   cl_main.obj
 0001:00007aeb       _CL_ForwardToServer_f      00408aeb f   cl_main.obj
 0001:00007b39       _CL_Pause_f                00408b39 f   cl_main.obj
 0001:00007b7b       _CL_Quit_f                 00408b7b f   cl_main.obj
 0001:00007b85       _CL_Drop                   00408b85 f   cl_main.obj
 0001:00007ba7       _CL_SendConnectPacket      00408ba7 f   cl_main.obj
 0001:00007c7e       _CL_CheckForResend         00408c7e f   cl_main.obj
 0001:00007d82       _CL_Connect_f              00408d82 f   cl_main.obj
 0001:00007e03       _CL_Rcon_f                 00408e03 f   cl_main.obj
 0001:00007f0e       _CL_ClearState             00408f0e f   cl_main.obj
 0001:00007f4d       _CL_Disconnect             00408f4d f   cl_main.obj
 0001:0000808f       _CL_Disconnect_f           0040908f f   cl_main.obj
 0001:0000809e       _CL_Changing_f             0040909e f   cl_main.obj
 0001:000080c2       _CL_Reconnect_f            004090c2 f   cl_main.obj
 0001:0000815e       _CL_PingServers_f          0040915e f   cl_main.obj
 0001:000082c6       _CL_Skins_f                004092c6 f   cl_main.obj
 0001:00008302       _CL_ConnectionlessPacket   00409302 f   cl_main.obj
 0001:00008660       _CL_ReadPackets            00409660 f   cl_main.obj
 0001:00008754       _CL_FixUpGender            00409754 f   cl_main.obj
 0001:00008804       _CL_Userinfo_f             00409804 f   cl_main.obj
 0001:0000881c       _CL_Snd_Restart_f          0040981c f   cl_main.obj
 0001:0000882b       _CL_RequestNextDownload    0040982b f   cl_main.obj
 0001:00008e6e       _CL_Precache_f             00409e6e f   cl_main.obj
 0001:00008f34       _CL_WriteConfiguration     00409f34 f   cl_main.obj
 0001:00008fef       _CL_WriteConfig_f          00409fef f   cl_main.obj
 0001:0000904e       _CL_InitLocal              0040a04e f   cl_main.obj
 0001:0000926e       _CL_FixCvarCheats          0040a26e f   cl_main.obj
 0001:000092bf       _CL_Frame                  0040a2bf f   cl_main.obj
 0001:00009501       _CL_Init                   0040a501 f   cl_main.obj
 0001:0000954e       _CL_Shutdown               0040a54e f   cl_main.obj
 0001:0000958c       _vectoangles2              0040a58c f   cl_newfx.obj
 0001:0000968e       _CL_Flashlight             0040a68e f   cl_newfx.obj
 0001:000096c8       _CL_ColorFlash             0040a6c8 f   cl_newfx.obj
 0001:00009704       _CL_DebugTrail             0040a704 f   cl_newfx.obj
 0001:000097e4       _CL_ForceWall              0040a7e4 f   cl_newfx.obj
 0001:0000990b       _CL_BubbleTrail2           0040a90b f   cl_newfx.obj
 0001:00009a35       _CL_Heatbeam               0040aa35 f   cl_newfx.obj
 0001:00009ce6       _CL_ParticleSteamEffect    0040ace6 f   cl_newfx.obj
 0001:00009e10       _CL_ParticleSteamEffect2   0040ae10 f   cl_newfx.obj
 0001:00009f47       _CL_TrackerTrail           0040af47 f   cl_newfx.obj
 0001:0000a0a8       _CL_Tracker_Shell          0040b0a8 f   cl_newfx.obj
 0001:0000a131       _CL_MonsterPlasma_Shell    0040b131 f   cl_newfx.obj
 0001:0000a1b7       _CL_Widowbeamout           0040b1b7 f   cl_newfx.obj
 0001:0000a273       _CL_Nukeblast              0040b273 f   cl_newfx.obj
 0001:0000a32f       _CL_WidowSplash            0040b32f f   cl_newfx.obj
 0001:0000a3f7       _CL_TagTrail               0040b3f7 f   cl_newfx.obj
 0001:0000a4f7       _CL_ColorExplosionParticles 0040b4f7 f   cl_newfx.obj
 0001:0000a5a4       _CL_ParticleSmokeEffect    0040b5a4 f   cl_newfx.obj
 0001:0000a6cc       _CL_BlasterParticles2      0040b6cc f   cl_newfx.obj
 0001:0000a799       _CL_BlasterTrail2          0040b799 f   cl_newfx.obj
 0001:0000a88c       _CL_DownloadFileName       0040b88c f   cl_parse.obj
 0001:0000a8cb       _CL_CheckOrDownloadFile    0040b8cb f   cl_parse.obj
 0001:0000ab06       _CL_Download_f             0040bb06 f   cl_parse.obj
 0001:0000abd1       _CL_RegisterSounds         0040bbd1 f   cl_parse.obj
 0001:0000ac10       _CL_ParseDownload          0040bc10 f   cl_parse.obj
 0001:0000ad7d       _CL_ParseServerData        0040bd7d f   cl_parse.obj
 0001:0000ae80       _CL_ParseBaseline          0040be80 f   cl_parse.obj
 0001:0000aec8       _CL_LoadClientinfo         0040bec8 f   cl_parse.obj
 0001:0000b1b2       _CL_ParseClientinfo        0040c1b2 f   cl_parse.obj
 0001:0000b1d6       _CL_ParseConfigString      0040c1d6 f   cl_parse.obj
 0001:0000b373       _CL_ParseStartSoundPacket  0040c373 f   cl_parse.obj
 0001:0000b475       _CL_ParseServerMessage     0040c475 f   cl_parse.obj
 0001:0000b76a       _CL_CheckPredictionError   0040c76a f   cl_pred.obj
 0001:0000b8af       _CL_EntityTrace            0040c8af f   cl_pred.obj
 0001:0000bb93       _CL_Trace                  0040cb93 f   cl_pred.obj
 0001:0000bbcb       _CL_PMpointcontents        0040cbcb f   cl_pred.obj
 0001:0000bd00       _CL_PredictMovement        0040cd00 f   cl_pred.obj
 0001:0000bfbb       _CL_AddNetgraph            0040cfbb f   cl_scrn.obj
 0001:0000c095       _SCR_DebugGraph            0040d095 f   cl_scrn.obj
 0001:0000c0bd       _SCR_DrawDebugGraph        0040d0bd f   cl_scrn.obj
 0001:0000c1b7       _SCR_CenterPrint           0040d1b7 f   cl_scrn.obj
 0001:0000c2bb       _SCR_DrawCenterString      0040d2bb f   cl_scrn.obj
 0001:0000c389       _SCR_Sky_f                 0040d389 f   cl_scrn.obj
 0001:0000c434       _SCR_Init                  0040d434 f   cl_scrn.obj
 0001:0000c47b       _SCR_DrawPause             0040d47b f   cl_scrn.obj
 0001:0000c4d9       _SCR_RunConsole            0040d4d9 f   cl_scrn.obj
 0001:0000c5bb       _SCR_DrawConsole           0040d5bb f   cl_scrn.obj
 0001:0000c645       _SCR_SetLevelshot          0040d645 f   cl_scrn.obj
 0001:0000c6b0       _SCR_DrawLoading           0040d6b0 f   cl_scrn.obj
 0001:0000c769       _SCR_BeginLoadingPlaque    0040d769 f   cl_scrn.obj
 0001:0000c7c9       _SCR_EndLoadingPlaque      0040d7c9 f   cl_scrn.obj
 0001:0000c7e7       _SCR_Loading_f             0040d7e7 f   cl_scrn.obj
 0001:0000c7ec       _SCR_TimeRefresh_f         0040d7ec f   cl_scrn.obj
 0001:0000c8c3       _SCR_TileClear             0040d8c3 f   cl_scrn.obj
 0001:0000c96c       _DrawHUDString             0040d96c f   cl_scrn.obj
 0001:0000ca1e       _SCR_DrawField             0040da1e f   cl_scrn.obj
 0001:0000cac5       _SCR_TouchPics             0040dac5 f   cl_scrn.obj
 0001:0000cb58       _SCR_ExecuteLayoutString   0040db58 f   cl_scrn.obj
 0001:0000d329       _SCR_UpdateScreen          0040e329 f   cl_scrn.obj
 0001:0000d65e       _CL_RegisterTEntSounds     0040e65e f   cl_tent.obj
 0001:0000d896       _CL_RegisterTEntModels     0040e896 f   cl_tent.obj
 0001:0000da1c       _CL_ClearTEnts             0040ea1c f   cl_tent.obj
 0001:0000da63       _CL_AllocExplosion         0040ea63 f   cl_tent.obj
 0001:0000db01       _CL_AddExplosions          0040eb01 f   cl_tent.obj
 0001:0000dcd6       _CL_SmokeAndFlash          0040ecd6 f   cl_tent.obj
 0001:0000dd1e       _CL_ParseBeam              0040ed1e f   cl_tent.obj
 0001:0000ddfd       _CL_ParseBeam2             0040edfd f   cl_tent.obj
 0001:0000ded4       _CL_ParsePlayerBeam        0040eed4 f   cl_tent.obj
 0001:0000dfe2       _CL_ParseLightning         0040efe2 f   cl_tent.obj
 0001:0000e0ae       _CL_ParseLaser             0040f0ae f   cl_tent.obj
 0001:0000e12a       _CL_ParseSteam             0040f12a f   cl_tent.obj
 0001:0000e23b       _CL_ParseWidow             0040f23b f   cl_tent.obj
 0001:0000e2a7       _CL_ParseNuke              0040f2a7 f   cl_tent.obj
 0001:0000e311       _CL_ParseTEnt              0040f311 f   cl_tent.obj
 0001:0000f139       _CL_AddBeams               00410139 f   cl_tent.obj
 0001:0000f47a       _CL_AddPlayerBeams         0041047a f   cl_tent.obj
 0001:0000fb6f       _CL_ProcessSustain         00410b6f f   cl_tent.obj
 0001:0000fbb0       _CL_AddTEnts               00410bb0 f   cl_tent.obj
 0001:0000fbc4       _V_AddEntity               00410bc4 f   cl_view.obj
 0001:0000fbf3       _V_AddLight                00410bf3 f   cl_view.obj
 0001:0000fc38       _V_TestParticles           00410c38 f   cl_view.obj
 0001:0000fcf6       _V_TestEntities            00410cf6 f   cl_view.obj
 0001:0000fd98       _V_TestLights              00410d98 f   cl_view.obj
 0001:0000fe6b       _CL_PrepRefresh            00410e6b f   cl_view.obj
 0001:000100eb       _CalcFov                   004110eb f   cl_view.obj
 0001:00010164       _V_Gun_Next_f              00411164 f   cl_view.obj
 0001:0001017d       _V_Gun_Prev_f              0041117d f   cl_view.obj
 0001:0001019f       _V_Gun_Model_f             0041119f f   cl_view.obj
 0001:000101d3       _SCR_DrawCrosshair         004111d3 f   cl_view.obj
 0001:00010248       _V_RenderView              00411248 f   cl_view.obj
 0001:00010db9       _V_Init                    00411db9 f   cl_view.obj
 0001:00010fce       _Cbuf_Init                 00411fce f   cmd.obj
 0001:00010fe6       _Cbuf_AddText              00411fe6 f   cmd.obj
 0001:0001104b       _Cbuf_InsertText           0041204b f   cmd.obj
 0001:000110b2       _Cbuf_CopyToDefer          004120b2 f   cmd.obj
 0001:000110de       _Cbuf_InsertFromDefer      004120de f   cmd.obj
 0001:000110f1       _Cbuf_Execute              004120f1 f   cmd.obj
 0001:000111d7       _Cmd_Exec_f                004121d7 f   cmd.obj
 0001:0001125c       _Cmd_Echo_f                0041225c f   cmd.obj
 0001:0001129e       _Cmd_Alias_f               0041229e f   cmd.obj
 0001:000113c5       _Cmd_Unalias_f             004123c5 f   cmd.obj
 0001:00011451       _Cmd_WriteAliases          00412451 f   cmd.obj
 0001:00011482       _Cmd_Argc                  00412482 f   cmd.obj
 0001:00011488       _Cmd_Argv                  00412488 f   cmd.obj
 0001:000114a2       _Cmd_Args                  004124a2 f   cmd.obj
 0001:000114a8       _Cmd_TokenizeString        004124a8 f   cmd.obj
 0001:00011785       _Cmd_AddCommand            00412785 f   cmd.obj
 0001:000117ed       _Cmd_RemoveCommand         004127ed f   cmd.obj
 0001:0001182f       _Cmd_ExecuteString         0041282f f   cmd.obj
 0001:00011912       _Cmd_Init                  00412912 f   cmd.obj
 0001:00011a32       _CMod_GetSurfMaterial      00412a32 f   cmodel.obj
 0001:00011a8f       _CM_LoadMap                00412a8f f   cmodel.obj
 0001:000120f7       _PlaneTypeForNormal        004130f7 f i cmodel.obj
 0001:00012277       _CM_InlineModel            00413277 f   cmodel.obj
 0001:000122c6       _CM_NumClusters            004132c6 f   cmodel.obj
 0001:000122cc       _CM_NumInlineModels        004132cc f   cmodel.obj
 0001:000122d2       _CM_EntityString           004132d2 f   cmodel.obj
 0001:000122d8       _CM_LeafContents           004132d8 f   cmodel.obj
 0001:00012302       _CM_LeafCluster            00413302 f   cmodel.obj
 0001:0001232d       _CM_LeafArea               0041332d f   cmodel.obj
 0001:00012358       _CM_InitBoxHull            00413358 f   cmodel.obj
 0001:000124e8       _CM_HeadnodeForBox         004134e8 f   cmodel.obj
 0001:0001259d       _CM_PointLeafnum           0041359d f   cmodel.obj
 0001:000125fc       _DISTANCE_TO_PLANE         004135fc f i cmodel.obj
 0001:00012644       _CM_PointContents          00413644 f   cmodel.obj
 0001:00012669       _CM_TransformedPointContents 00413669 f   cmodel.obj
 0001:0001274e       _CM_TransformedPointContents2 0041374e f   cmodel.obj
 0001:000127e9       _CM_BoxLeafnums            004137e9 f   cmodel.obj
 0001:000128be       _BOX_ON_PLANE_SIDE         004138be f i cmodel.obj
 0001:00012943       _CM_BoxTrace               00413943 f   cmodel.obj
 0001:00013376       _CM_TransformedBoxTrace    00414376 f   cmodel.obj
 0001:000135e6       _CM_TransformedBoxTrace2   004145e6 f   cmodel.obj
 0001:000137a3       _CM_BrushTrace             004147a3 f   cmodel.obj
 0001:00013b78       _CM_RefineBrushTrace       00414b78 f   cmodel.obj
 0001:00013bc8       _CM_DecompressVis          00414bc8 f   cmodel.obj
 0001:00013c51       _CM_ClusterPVS             00414c51 f   cmodel.obj
 0001:00013c9e       _CM_ClusterPHS             00414c9e f   cmodel.obj
 0001:00013ceb       _FloodAreaConnections      00414ceb f   cmodel.obj
 0001:00013da5       _CM_SetAreaPortalState     00414da5 f   cmodel.obj
 0001:00013dd1       _CM_AreasConnected         00414dd1 f   cmodel.obj
 0001:00013e1f       _CM_WriteAreaBits          00414e1f f   cmodel.obj
 0001:00013eaf       _CM_WritePortalState       00414eaf f   cmodel.obj
 0001:00013ec9       _CM_ReadPortalState        00414ec9 f   cmodel.obj
 0001:00013ee7       _CM_HeadnodeVisible        00414ee7 f   cmodel.obj
 0001:00013f5e       _Com_BeginRedirect         00414f5e f   common.obj
 0001:00013f9b       _Com_EndRedirect           00414f9b f   common.obj
 0001:00013fc6       _Com_Printf                00414fc6 f   common.obj
 0001:00014125       _Com_DPrintf               00415125 f   common.obj
 0001:00014189       _DebugPrintf               00415189 f   common.obj
 0001:00014231       _Com_WPrintf               00415231 f   common.obj
 0001:0001428a       _Com_Error                 0041528a f   common.obj
 0001:00014388       _Com_Quit                  00415388 f   common.obj
 0001:000143bb       _MatchWildcard             004153bb f   common.obj
 0001:00014511       _MatchWildcard2            00415511 f   common.obj
 0001:00014566       _IPWildcard                00415566 f   common.obj
 0001:00014641       _Com_ServerState           00415641 f   common.obj
 0001:00014647       _Com_SetServerState        00415647 f   common.obj
 0001:00014651       _MSG_WriteChar             00415651 f   common.obj
 0001:00014651       _MSG_WriteByte             00415651 f   common.obj
 0001:00014665       _MSG_WriteShort            00415665 f   common.obj
 0001:0001467f       _MSG_WriteLong             0041567f f   common.obj
 0001:000146a9       _MSG_WriteFloat            004156a9 f   common.obj
 0001:000146cf       _MSG_WriteString           004156cf f   common.obj
 0001:00014707       _MSG_WriteCoord            00415707 f   common.obj
 0001:00014736       _MSG_WritePos              00415736 f   common.obj
 0001:000147b8       _MSG_WriteAngle            004157b8 f   common.obj
 0001:000147e1       _MSG_WriteAngle16          004157e1 f   common.obj
 0001:00014818       _MSG_WriteDeltaUsercmd     00415818 f   common.obj
 0001:000149a0       _MSG_WriteDir              004159a0 f   common.obj
 0001:00014a0d       _MSG_ReadDir               00415a0d f   common.obj
 0001:00014a45       _MSG_WriteDeltaEntity      00415a45 f   common.obj
 0001:00014f4f       _MSG_BeginReading          00415f4f f   common.obj
 0001:00014f58       _MSG_ReadChar              00415f58 f   common.obj
 0001:00014f79       _MSG_ReadByte              00415f79 f   common.obj
 0001:00014f9a       _MSG_ReadShort             00415f9a f   common.obj
 0001:00014fca       _MSG_ReadLong              00415fca f   common.obj
 0001:00015009       _MSG_ReadString            00416009 f   common.obj
 0001:0001503c       _MSG_ReadCoord             0041603c f   common.obj
 0001:00015056       _MSG_ReadPos               00416056 f   common.obj
 0001:000150a8       _MSG_ReadAngle             004160a8 f   common.obj
 0001:000150c2       _MSG_ReadAngle16           004160c2 f   common.obj
 0001:000150dc       _MSG_ReadDeltaUsercmd      004160dc f   common.obj
 0001:00015193       _MSG_ReadData              00416193 f   common.obj
 0001:000151b6       _SZ_Init                   004161b6 f   common.obj
 0001:000151d8       _SZ_Clear                  004161d8 f   common.obj
 0001:000151e5       _SZ_GetSpace               004161e5 f   common.obj
 0001:00015248       _SZ_Write                  00416248 f   common.obj
 0001:00015269       _SZ_Insert                 00416269 f   common.obj
 0001:000152bc       _SZ_Print                  004162bc f   common.obj
 0001:00015305       _Info_Print                00416305 f   common.obj
 0001:000153c2       _COM_BlockSequenceCRCByte  004163c2 f   common.obj
 0001:0001544e       _frand                     0041644e f   common.obj
 0001:0001546b       _crand                     0041646b f   common.obj
 0001:0001548e       _COM_CheckCmdlineVar       0041648e f   common.obj
 0001:000154e4       _QCommon_Init              004164e4 f   common.obj
 0001:00015857       _QCommon_Frame             00416857 f   common.obj
 0001:00015b3e       _DeinitConProc             00416b3e f   conproc.obj
 0001:00015b4f       _DrawStringCommon          00416b4f f   console.obj
 0001:00015ba9       _DrawString                00416ba9 f   console.obj
 0001:00015bc9       _Con_ToggleConsole_f       00416bc9 f   console.obj
 0001:00015c45       _Con_ClearNotify           00416c45 f   console.obj
 0001:00015c57       _Con_CheckResize           00416c57 f   console.obj
 0001:00015d7d       _Con_Print                 00416d7d f   console.obj
 0001:00016081       _Con_DrawNotify            00417081 f   console.obj
 0001:000162ba       _Con_DrawConsole           004172ba f   console.obj
 0001:00016858       _Key_Console               00417858 f   console.obj
 0001:00016de2       _Key_Message               00417de2 f   console.obj
 0001:00016e7e       _Con_Init                  00417e7e f   console.obj
 0001:00017058       _CRC_Block                 00418058 f   crc.obj
 0001:00017094       _Cvar_VariableValue        00418094 f   cvar.obj
 0001:00017102       _Cvar_VariableInt          00418102 f   cvar.obj
 0001:00017115       _Cvar_VariableString       00418115 f   cvar.obj
 0001:0001712d       _Cvar_Get                  0041812d f   cvar.obj
 0001:000173c9       _Cvar_GetVars              004183c9 f   cvar.obj
 0001:0001741d       _Cvar_FullSet              0041841d f   cvar.obj
 0001:0001747a       _Cvar_SetValue             0041847a f   cvar.obj
 0001:000176db       _Cvar_SetInteger           004186db f   cvar.obj
 0001:000176fd       _Cvar_Set                  004186fd f   cvar.obj
 0001:00017712       _Cvar_ForceSet             00418712 f   cvar.obj
 0001:00017727       _Cvar_Clamp                00418727 f   cvar.obj
 0001:000177b1       _Cvar_ClampName            004187b1 f   cvar.obj
 0001:00017802       _Cvar_GetLatchedVars       00418802 f   cvar.obj
 0001:00017831       _Cvar_Command              00418831 f   cvar.obj
 0001:000178dd       _Cvar_WriteVariables       004188dd f   cvar.obj
 0001:00017970       _Cvar_BitInfo              00418970 f   cvar.obj
 0001:000179a9       _Cvar_Userinfo             004189a9 f   cvar.obj
 0001:000179b2       _Cvar_Serverinfo           004189b2 f   cvar.obj
 0001:000179bb       _Cvar_Cheats               004189bb f   cvar.obj
 0001:00017a14       _Cvar_Init                 00418a14 f   cvar.obj
 0001:000180bb       _FS_CreatePath             004190bb f   files.obj
 0001:00018105       _FS_CopyFile               00419105 f   files.obj
 0001:00018208       _FS_CopyFiles              00419208 f   files.obj
 0001:000182e1       _FS_RemoveFiles            004192e1 f   files.obj
 0001:00018355       _Developer_searchpath      00419355 f   files.obj
 0001:0001839a       _FS_FCloseFile             0041939a f   files.obj
 0001:00018430       _FS_FOpenFile              00419430 f   files.obj
 0001:00018958       _FS_FileExists             00419958 f   files.obj
 0001:00018b94       _FS_Read                   00419b94 f   files.obj
 0001:00018ddc       _FS_LoadFile               00419ddc f   files.obj
 0001:00018e3e       _FS_FreeFile               00419e3e f   files.obj
 0001:00018e49       _FS_Gamedir                00419e49 f   files.obj
 0001:00018e5d       _FS_LoadGameConfig         00419e5d f   files.obj
 0001:00018f22       _FS_SetGamedir             00419f22 f   files.obj
 0001:000195cd       _FS_ListFiles              0041a5cd f   files.obj
 0001:000198db       _FS_NextPath               0041a8db f   files.obj
 0001:000198ff       _FS_InitFilesystem         0041a8ff f   files.obj
 0001:0001a2c8       _LoadPCX                   0041b2c8 f   images.obj
 0001:0001a3ff       _LoadTGA                   0041b3ff f   images.obj
 0001:0001a5f2       _LoadJPG                   0041b5f2 f   images.obj
 0001:0001a885       _ImageExists               0041b885 f   images.obj
 0001:0001a97f       _WriteTGA                  0041b97f f   images.obj
 0001:0001ab70       _WriteJPG                  0041bb70 f   images.obj
 0001:0001ac98       _IN_MLookDown              0041bc98 f   in_win.obj
 0001:0001aca3       _IN_MLookUp                0041bca3 f   in_win.obj
 0001:0001acc6       _IN_MouseEvent             0041bcc6 f   in_win.obj
 0001:0001ad30       _IN_Commands               0041bd30 f   in_win.obj
 0001:0001ae5f       _IN_Init                   0041be5f f   in_win.obj
 0001:0001b189       _IN_Shutdown               0041c189 f   in_win.obj
 0001:0001b26d       _IN_Move                   0041c26d f   in_win.obj
 0001:0001b7c7       _IN_Activate               0041c7c7 f   in_win.obj
 0001:0001b7de       _IN_Frame                  0041c7de f   in_win.obj
 0001:0001bbcb       _Key_KeynumToString        0041cbcb f   keys.obj
 0001:0001bc65       _CompleteCommand           0041cc65 f   keys.obj
 0001:0001c5ba       _Key_SetBinding            0041d5ba f   keys.obj
 0001:0001c5f8       _Key_FindBinding           0041d5f8 f   keys.obj
 0001:0001c646       _Key_WriteBindings         0041d646 f   keys.obj
 0001:0001c68e       _Key_Init                  0041d68e f   keys.obj
 0001:0001c9ba       _Key_Event                 0041d9ba f   keys.obj
 0001:0001cd14       _Key_ClearStates           0041dd14 f   keys.obj
 0001:0001cd4b       _Key_ClearTyping           0041dd4b f   keys.obj
 0001:0001cd64       _MD4Init                   0041dd64 f   md4.obj
 0001:0001cd8c       _MD4Update                 0041dd8c f   md4.obj
 0001:0001ce2a       _MD4Final                  0041de2a f   md4.obj
 0001:0001d51b       _Com_BlockChecksum         0041e51b f   md4.obj
 0001:0001d557       _Z_Free                    0041e557 f   memory.obj
 0001:0001d5b1       _Z_FreeTags                0041e5b1 f   memory.obj
 0001:0001d5e1       _Z_TagMalloc               0041e5e1 f   memory.obj
 0001:0001d652       _Z_Malloc                  0041e652 f   memory.obj
 0001:0001d674       _Z_BlockMalloc             0041e674 f   memory.obj
 0001:0001d68f       _CreateMemoryChain         0041e68f f   memory.obj
 0001:0001d6f7       _FreeMemoryChain           0041e6f7 f   memory.obj
 0001:0001d721       _AllocChainBlock           0041e721 f   memory.obj
 0001:0001d76c       _CopyString                0041e76c f   memory.obj
 0001:0001d790       _ChainCopyString           0041e790 f   memory.obj
 0001:0001d7b8       _AllocNamedStruc           0041e7b8 f   memory.obj
 0001:0001d7f3       _ChainAllocNamedStruc      0041e7f3 f   memory.obj
 0001:0001d832       _FindNamedStruc            0041e832 f   memory.obj
 0001:0001d876       _FindNamedStrucByIndex     0041e876 f   memory.obj
 0001:0001d88d       _IndexOfNamedStruc         0041e88d f   memory.obj
 0001:0001d8bb       _AddToNamedList            0041e8bb f   memory.obj
 0001:0001d905       _ChainAddToNamedList       0041e905 f   memory.obj
 0001:0001d94f       _FreeNamedList             0041e94f f   memory.obj
 0001:0001d96a       _Z_Init                    0041e96a f   memory.obj
 0001:0001d9a5       _M_PushMenu                0041e9a5 f   menu.obj
 0001:0001da62       _M_ForceMenuOff            0041ea62 f   menu.obj
 0001:0001da8f       _M_PopMenu                 0041ea8f f   menu.obj
 0001:0001dae3       _Default_MenuKey           0041eae3 f   menu.obj
 0001:0001dc03       _M_Print                   0041ec03 f   menu.obj
 0001:0001dc4e       _M_DrawTextBox             0041ec4e f   menu.obj
 0001:0001de3a       _M_Main_Draw               0041ee3a f   menu.obj
 0001:0001dfbe       _M_Main_Key                0041efbe f   menu.obj
 0001:0001e0b9       _M_Menu_Main_f             0041f0b9 f   menu.obj
 0001:0001e0d5       _M_Menu_Multiplayer_f      0041f0d5 f   menu.obj
 0001:0001e25a       _M_Menu_Keys_f             0041f25a f   menu.obj
 0001:0001e6d9       _M_Menu_Options_f          0041f6d9 f   menu.obj
 0001:0001efe4       _M_Menu_Video_f            0041ffe4 f   menu.obj
 0001:0001f005       _M_Menu_Credits_f          00420005 f   menu.obj
 0001:0001f1ca       _M_Menu_Game_f             004201ca f   menu.obj
 0001:0001f43d       _M_Menu_LoadGame_f         0042043d f   menu.obj
 0001:0001f70d       _M_Menu_SaveGame_f         0042070d f   menu.obj
 0001:0001f86d       _M_AddToServerList         0042086d f   menu.obj
 0001:0001f8e0       _M_Menu_JoinServer_f       004208e0 f   menu.obj
 0001:0001fb48       _M_Menu_StartServer_f      00420b48 f   menu.obj
 0001:00020373       _M_Menu_DMOptions_f        00421373 f   menu.obj
 0001:00020af3       _M_Menu_DownloadOptions_f  00421af3 f   menu.obj
 0001:00020d75       _M_Menu_AddressBook_f      00421d75 f   menu.obj
 0001:00022130       _M_Init                    00423130 f   menu.obj
 0001:00022254       _M_Draw                    00423254 f   menu.obj
 0001:000222e5       _M_Keydown                 004232e5 f   menu.obj
 0001:00022301       _LoadQ2BspFile             00423301 f   model.obj
 0001:000228d1       _LoadBspFile               004238d1 f   model.obj
 0001:000229f1       _ProcessEntstring          004239f1 f   model.obj
 0001:00023861       _Netchan_Init              00424861 f   net_chan.obj
 0001:000238c1       _Netchan_OutOfBand         004248c1 f   net_chan.obj
 0001:00023921       _Netchan_OutOfBandPrint    00424921 f   net_chan.obj
 0001:00023961       _Netchan_Setup             00424961 f   net_chan.obj
 0001:000239be       _Netchan_NeedReliable      004249be f   net_chan.obj
 0001:000239ea       _Netchan_Transmit          004249ea f   net_chan.obj
 0001:00023b8f       _Netchan_Process           00424b8f f   net_chan.obj
 0001:00023cb6       _NetadrToSockadr           00424cb6 f   net_wins.obj
 0001:00023d58       _SockadrToNetadr           00424d58 f   net_wins.obj
 0001:00023dbb       _NET_CompareAdr            00424dbb f   net_wins.obj
 0001:00023e21       _NET_CompareBaseAdr        00424e21 f   net_wins.obj
 0001:00023e7a       _NET_AdrToString           00424e7a f   net_wins.obj
 0001:00023f33       _NET_StringToSockaddr      00424f33 f   net_wins.obj
 0001:0002416c       _NET_StringToAdr           0042516c f   net_wins.obj
 0001:000241c5       _NET_IsLocalAddress        004251c5 f   net_wins.obj
 0001:000241d1       _NET_GetLoopPacket         004251d1 f   net_wins.obj
 0001:00024258       _NET_SendLoopPacket        00425258 f   net_wins.obj
 0001:000242a4       _NET_GetPacket             004252a4 f   net_wins.obj
 0001:000243c2       _NET_SendPacket            004253c2 f   net_wins.obj
 0001:0002449c       _NET_IPSocket              0042549c f   net_wins.obj
 0001:000245b2       _NET_OpenIP                004255b2 f   net_wins.obj
 0001:0002462e       _NET_OpenIPX               0042562e f   net_wins.obj
 0001:00024786       _NET_Config                00425786 f   net_wins.obj
 0001:00024819       _NET_Init                  00425819 f   net_wins.obj
 0001:00024883       _Pmove                     00425883 f   pmove.obj
 0001:000265db       _NormalizeColor            004275db f   q_shared2.obj
 0001:0002663c       _NormalizeColor255         0042763c f   q_shared2.obj
 0001:000266a1       _Q_rsqrt                   004276a1 f   q_shared2.obj
 0001:000266d1       _RotatePointAroundVector   004276d1 f   q_shared2.obj
 0001:00026841       _AngleVectors              00427841 f   q_shared2.obj
 0001:000269a2       _ProjectPointOnPlane       004279a2 f   q_shared2.obj
 0001:00026a21       _PerpendicularVector       00427a21 f   q_shared2.obj
 0001:00026aa0       _MakeNormalVectors         00427aa0 f   q_shared2.obj
 0001:00026b07       _MatrixMultiply            00427b07 f   q_shared2.obj
 0001:00026bee       _SetPlaneSignbits          00427bee f   q_shared2.obj
 0001:00026c11       _LerpAngle                 00427c11 f   q_shared2.obj
 0001:00026c54       _anglemod                  00427c54 f   q_shared2.obj
 0001:00026c80       _BoxOnPlaneSide            00427c80 f   q_shared2.obj
 0001:00026da3       _ClearBounds               00427da3 f   q_shared2.obj
 0001:00026dcc       _AddPointToBounds          00427dcc f   q_shared2.obj
 0001:00026e05       _VectorCompare             00427e05 f   q_shared2.obj
 0001:00026e33       _VectorNormalize           00427e33 f   q_shared2.obj
 0001:00026e87       _VectorNormalize2          00427e87 f   q_shared2.obj
 0001:00026edf       _VectorNormalizeFast       00427edf f   q_shared2.obj
 0001:00026f30       _CrossProduct              00427f30 f   q_shared2.obj
 0001:00026f6b       _VectorLength              00427f6b f   q_shared2.obj
 0001:00026f9a       _VectorDistance            00427f9a f   q_shared2.obj
 0001:00026fcb       _VectorInverse             00427fcb f   q_shared2.obj
 0001:00026fe6       _VectorScale               00427fe6 f   q_shared2.obj
 0001:0002700a       _AnglesToAxis              0042800a f   q_shared2.obj
 0001:00027048       _COM_FilePath              00428048 f   q_shared2.obj
 0001:0002707e       _ShortSwap                 0042807e f   q_shared2.obj
 0001:00027093       _va                        00428093 f   q_shared2.obj
 0001:000270e0       _COM_ParseExt              004280e0 f   q_shared2.obj
 0001:000271e9       _COM_QuoteString           004281e9 f   q_shared2.obj
 0001:00027244       _Com_PageInMemory          00428244 f   q_shared2.obj
 0001:00027263       _Q_stricmp                 00428263 f   q_shared2.obj
 0001:00027274       _Q_strncasecmp             00428274 f   q_shared2.obj
 0001:000272cc       _Q_strcasecmp              004282cc f   q_shared2.obj
 0001:000272e2       _Q_strncpyz                004282e2 f   q_shared2.obj
 0001:00027306       _Q_strncpylower            00428306 f   q_shared2.obj
 0001:00027340       _Q_CopyFilename            00428340 f   q_shared2.obj
 0001:000273dc       _Com_sprintf               004283dc f   q_shared2.obj
 0001:00027422       _Info_ValueForKey          00428422 f   q_shared2.obj
 0001:000274ad       _Info_RemoveKey            004284ad f   q_shared2.obj
 0001:00027533       _Info_SetValueForKey       00428533 f   q_shared2.obj
 0001:00027671       _Menu_ItemAtCursor         00428671 f   qmenu.obj
 0001:000276ca       _Field_Key                 004286ca f   qmenu.obj
 0001:0002793a       _Menu_AddItem              0042893a f   qmenu.obj
 0001:000279ba       _Menu_AdjustCursor         004289ba f   qmenu.obj
 0001:00027b05       _Menu_Center               00428b05 f   qmenu.obj
 0001:00027b45       _Menu_DrawDotsItem         00428b45 f   qmenu.obj
 0001:00027b84       _Menu_Draw                 00428b84 f   qmenu.obj
 0001:0002809f       _Menu_SelectItem           0042909f f   qmenu.obj
 0001:000280d3       _Menu_SetStatusBar         004290d3 f   qmenu.obj
 0001:000280df       _Menu_SlideItem            004290df f   qmenu.obj
 0001:000285f6       _S_SoundInfo_f             004295f6 f   snd_dma.obj
 0001:00028680       _S_ReadModelsSex           00429680 f   snd_dma.obj
 0001:00028768       _S_IsFemale                00429768 f   snd_dma.obj
 0001:000287f6       _S_Init                    004297f6 f   snd_dma.obj
 0001:000288c9       _S_Shutdown                004298c9 f   snd_dma.obj
 0001:00028953       _S_FindName                00429953 f   snd_dma.obj
 0001:00028a3f       _S_AliasName               00429a3f f   snd_dma.obj
 0001:00028acb       _S_BeginRegistration       00429acb f   snd_dma.obj
 0001:00028adc       _S_RegisterSound           00429adc f   snd_dma.obj
 0001:00028b42       _S_EndRegistration         00429b42 f   snd_dma.obj
 0001:00028bd5       _S_PickChannel             00429bd5 f   snd_dma.obj
 0001:00028c6c       _S_SpatializeOrigin        00429c6c f   snd_dma.obj
 0001:00028d93       _S_Spatialize              00429d93 f   snd_dma.obj
 0001:00028e04       _S_AllocPlaysound          00429e04 f   snd_dma.obj
 0001:00028e23       _S_FreePlaysound           00429e23 f   snd_dma.obj
 0001:00028e53       _S_IssuePlaysound          00429e53 f   snd_dma.obj
 0001:00028f20       _S_RegisterSexedSound      00429f20 f   snd_dma.obj
 0001:00029004       _S_StartSound              0042a004 f   snd_dma.obj
 0001:000291d3       _S_StartLocalSound         0042a1d3 f   snd_dma.obj
 0001:00029222       _S_ClearBuffer             0042a222 f   snd_dma.obj
 0001:0002927a       _S_StopAllSounds           0042a27a f   snd_dma.obj
 0001:000292f5       _S_AddLoopSounds           0042a2f5 f   snd_dma.obj
 0001:000294c7       _S_RawSamples              0042a4c7 f   snd_dma.obj
 0001:000296cb       _S_Update                  0042a6cb f   snd_dma.obj
 0001:000297e1       _GetSoundtime              0042a7e1 f   snd_dma.obj
 0001:00029848       _S_Update_                 0042a848 f   snd_dma.obj
 0001:000298ee       _S_Play                    0042a8ee f   snd_dma.obj
 0001:00029a5f       _ResampleSfx               0042aa5f f   snd_mem.obj
 0001:00029b77       _S_LoadSound               0042ab77 f   snd_mem.obj
 0001:00029ca0       _FindNextChunk             0042aca0 f   snd_mem.obj
 0001:00029d2a       _GetWavinfo                0042ad2a f   snd_mem.obj
 0001:00029f1a       _S_WriteLinearBlastStereo16 0042af1a f   snd_mix.obj
 0001:00029f8e       _S_TransferStereo16        0042af8e f   snd_mix.obj
 0001:00029ff7       _S_TransferPaintBuffer     0042aff7 f   snd_mix.obj
 0001:0002a153       _S_PaintChannels           0042b153 f   snd_mix.obj
 0001:0002a380       _S_InitScaletable          0042b380 f   snd_mix.obj
 0001:0002a3d4       _S_PaintChannelFrom8       0042b3d4 f   snd_mix.obj
 0001:0002a4d6       _S_PaintChannelFrom16      0042b4d6 f   snd_mix.obj
 0001:0002a541       _FreeSound                 0042b541 f   snd_win.obj
 0001:0002a651       _SNDDMA_InitDirect         0042b651 f   snd_win.obj
 0001:0002ab24       _SNDDMA_Init               0042bb24 f   snd_win.obj
 0001:0002aba0       _SNDDMA_GetDMAPos          0042bba0 f   snd_win.obj
 0001:0002abea       _SNDDMA_BeginPainting      0042bbea f   snd_win.obj
 0001:0002acec       _SNDDMA_Submit             0042bcec f   snd_win.obj
 0001:0002ad11       _SNDDMA_Shutdown           0042bd11 f   snd_win.obj
 0001:0002ad16       _S_Activate                0042bd16 f   snd_win.obj
 0001:0002ad41       _SV_SetMaster_f            0042bd41 f   sv_ccmds.obj
 0001:0002ae53       _SV_WipeSavegame           0042be53 f   sv_ccmds.obj
 0001:0002ae81       _SV_CopySaveGame           0042be81 f   sv_ccmds.obj
 0001:0002aed6       _SV_WriteLevelFile         0042bed6 f   sv_ccmds.obj
 0001:0002af84       _SV_ReadLevelFile          0042bf84 f   sv_ccmds.obj
 0001:0002b032       _SV_WriteServerFile        0042c032 f   sv_ccmds.obj
 0001:0002b26e       _SV_ReadServerFile         0042c26e f   sv_ccmds.obj
 0001:0002b388       _SV_DemoMap_f              0042c388 f   sv_ccmds.obj
 0001:0002b412       _SV_GameMap_f              0042c412 f   sv_ccmds.obj
 0001:0002b584       _SV_Map_f                  0042c584 f   sv_ccmds.obj
 0001:0002b5f1       _SV_Loadgame_f             0042c5f1 f   sv_ccmds.obj
 0001:0002b6f6       _SV_Savegame_f             0042c6f6 f   sv_ccmds.obj
 0001:0002b7fb       _SV_AddressBanned          0042c7fb f   sv_ccmds.obj
 0001:0002b83d       _SV_InitOperatorCommands   0042c83d f   sv_ccmds.obj
 0001:0002c1dc       _SV_WritePlayerstateToClient 0042d1dc f   sv_ents.obj
 0001:0002c700       _SV_WriteFrameToClient     0042d700 f   sv_ents.obj
 0001:0002c92a       _SV_FatPVS                 0042d92a f   sv_ents.obj
 0001:0002ca57       _SV_BuildClientFrame       0042da57 f   sv_ents.obj
 0001:0002cd22       _SV_RecordDemoMessage      0042dd22 f   sv_ents.obj
 0001:0002ce41       _SV_ShutdownGameProgs      0042de41 f   sv_game.obj
 0001:0002ce5a       _SV_InitGameProgs          0042de5a f   sv_game.obj
 0001:0002d6f8       _SV_FindIndex              0042e6f8 f   sv_init.obj
 0001:0002d7bf       _SV_ModelIndex             0042e7bf f   sv_init.obj
 0001:0002d7d5       _SV_SoundIndex             0042e7d5 f   sv_init.obj
 0001:0002d7ee       _SV_ImageIndex             0042e7ee f   sv_init.obj
 0001:0002d807       _SV_CreateBaseline         0042e807 f   sv_init.obj
 0001:0002d865       _SV_CheckForSavegame       0042e865 f   sv_init.obj
 0001:0002d8ed       _SV_SpawnServer            0042e8ed f   sv_init.obj
 0001:0002db8b       _SV_InitGame               0042eb8b f   sv_init.obj
 0001:0002dd76       _SV_Map                    0042ed76 f   sv_init.obj
 0001:0002df34       _SV_DropClient             0042ef34 f   sv_main.obj
 0001:0002dfa9       _SV_StatusString           0042efa9 f   sv_main.obj
 0001:0002e088       _SVC_Info                  0042f088 f   sv_main.obj
 0001:0002e15e       _SVC_GetChallenge          0042f15e f   sv_main.obj
 0001:0002e206       _SVC_DirectConnect         0042f206 f   sv_main.obj
 0001:0002e672       _Rcon_Validate             0042f672 f   sv_main.obj
 0001:0002e6a3       _SVC_RemoteCommand         0042f6a3 f   sv_main.obj
 0001:0002e775       _SV_ConnectionlessPacket   0042f775 f   sv_main.obj
 0001:0002e8d7       _SV_CalcPings              0042f8d7 f   sv_main.obj
 0001:0002e95e       _SV_GiveMsec               0042f95e f   sv_main.obj
 0001:0002e99d       _SV_ReadPackets            0042f99d f   sv_main.obj
 0001:0002eab3       _SV_CheckTimeouts          0042fab3 f   sv_main.obj
 0001:0002eb73       _SV_PostprocessFrame       0042fb73 f   sv_main.obj
 0001:0002ef5f       _SV_MulticastHook          0042ff5f f   sv_main.obj
 0001:0002f30d       _SV_TraceHook              0043030d f   sv_main.obj
 0001:0002f42e       _SV_Frame                  0043042e f   sv_main.obj
 0001:0002f66b       _SV_UserinfoChanged        0043066b f   sv_main.obj
 0001:0002f72f       _SV_Init                   0043072f f   sv_main.obj
 0001:0002f758       _SV_Shutdown               00430758 f   sv_main.obj
 0001:0002f935       _SV_FlushRedirect          00430935 f   sv_send.obj
 0001:0002f9a7       _SV_ClientPrintf           004309a7 f   sv_send.obj
 0001:0002f9fd       _SV_BroadcastPrintf        004309fd f   sv_send.obj
 0001:0002face       _SV_BroadcastCommand       00430ace f   sv_send.obj
 0001:0002fb20       _SV_Multicast              00430b20 f   sv_send.obj
 0001:0002fd10       _SV_MulticastOld           00430d10 f   sv_send.obj
 0001:0002fd23       _SV_StartSound             00430d23 f   sv_send.obj
 0001:0002ff92       _SV_StartSoundOld          00430f92 f   sv_send.obj
 0001:0002ffc2       _SV_StartSoundNew          00430fc2 f   sv_send.obj
 0001:0002fff2       _SV_SendClientDatagram     00430ff2 f   sv_send.obj
 0001:000300c6       _SV_DemoCompleted          004310c6 f   sv_send.obj
 0001:000300e2       _SV_RateDrop               004310e2 f   sv_send.obj
 0001:0003012d       _SV_SendClientMessages     0043112d f   sv_send.obj
 0001:0003027f       _SV_BeginDemoserver        0043127f f   sv_user.obj
 0001:000302cf       _SV_New_f                  004312cf f   sv_user.obj
 0001:00030444       _SV_Configstrings_f        00431444 f   sv_user.obj
 0001:0003059e       _SV_Baselines_f            0043159e f   sv_user.obj
 0001:00030712       _SV_Begin_f                00431712 f   sv_user.obj
 0001:0003076f       _SV_NextDownload_f         0043176f f   sv_user.obj
 0001:00030843       _SV_BeginDownload_f        00431843 f   sv_user.obj
 0001:00030a5b       _SV_Disconnect_f           00431a5b f   sv_user.obj
 0001:00030a6b       _SV_ShowServerinfo_f       00431a6b f   sv_user.obj
 0001:00030a78       _SV_Nextserver             00431a78 f   sv_user.obj
 0001:00030ad7       _SV_Nextserver_f           00431ad7 f   sv_user.obj
 0001:00030b1e       _SV_ExecuteUserCommand     00431b1e f   sv_user.obj
 0001:00030b8b       _SV_ClientThink            00431b8b f   sv_user.obj
 0001:00030bce       _SV_ExecuteClientMessage   00431bce f   sv_user.obj
 0001:00030dfb       _SV_ClearWorld             00431dfb f   sv_world.obj
 0001:00030f4f       _SV_UnlinkEdict            00431f4f f   sv_world.obj
 0001:00030fb2       _SV_LinkEdict              00431fb2 f   sv_world.obj
 0001:0003158e       _SV_AreaEdicts             0043258e f   sv_world.obj
 0001:000316f9       _SV_PointContents          004326f9 f   sv_world.obj
 0001:000317de       _SV_ClipMoveToEntities     004327de f   sv_world.obj
 0001:00031b25       _SV_Trace                  00432b25 f   sv_world.obj
 0001:00031b90       _Sys_Error                 00432b90 f   sys_win.obj
 0001:00031be2       _Sys_Quit                  00432be2 f   sys_win.obj
 0001:00031cb6       _osAddressInfo             00432cb6 f   sys_win.obj
 0001:00031d4a       _osModuleInfo              00432d4a f   sys_win.obj
 0001:00031ee5       _appSymbolName2            00432ee5 f   sys_win.obj
 0001:00031f65       _appSymbolName             00432f65 f   sys_win.obj
 0001:00031f97       _win32ExceptFilter         00432f97 f   sys_win.obj
 0001:00032545       _Sys_Init                  00433545 f   sys_win.obj
 0001:0003283d       _Sys_ConsoleInput          0043383d f   sys_win.obj
 0001:0003299d       _Sys_ConsoleOutput         0043399d f   sys_win.obj
 0001:00032a4e       _Sys_SendKeyEvents         00433a4e f   sys_win.obj
 0001:00032ab7       _Sys_GetClipboardData      00433ab7 f   sys_win.obj
 0001:00032b10       _Sys_AppActivate           00433b10 f   sys_win.obj
 0001:00032b2b       _Sys_UnloadGame            00433b2b f   sys_win.obj
 0001:00032b50       _Sys_GetGameAPI            00433b50 f   sys_win.obj
 0001:00032c3d       _WinMain@16                00433c3d f   sys_win.obj
 0001:00032d8e       _Vid_CreateWindow          00433d8e f   vid_dll.obj
 0001:0003352f       _Vid_DestroyWindow         0043452f f   vid_dll.obj
 0001:0003356a       _Vid_GetModeInfo           0043456a f   vid_dll.obj
 0001:00033599       _Vid_UpdateWindowPosAndSize 00434599 f   vid_dll.obj
 0001:00033600       _Vid_FreeReflib            00434600 f   vid_dll.obj
 0001:00033641       _Vid_CheckChanges          00434641 f   vid_dll.obj
 0001:00033a02       _Vid_Init                  00434a02 f   vid_dll.obj
 0001:00033a73       _Vid_Shutdown              00434a73 f   vid_dll.obj
 0001:00033aa1       _Vid_MenuInit              00434aa1 f   vid_menu.obj
 0001:00034301       _Vid_MenuDraw              00435301 f   vid_menu.obj
 0001:00034395       _Vid_MenuKey               00435395 f   vid_menu.obj
 0001:000346ef       _Zip_OpenArchive           004356ef f   zip.obj
 0001:0003475a       _Zip_CloseArchive          0043575a f   zip.obj
 0001:00034766       _Zip_EnumArchive           00435766 f   zip.obj
 0001:00034947       _Zip_OpenFile              00435947 f   zip.obj
 0001:00034a56       _Zip_ReadFile              00435a56 f   zip.obj
 0001:00034b4d       _Zip_CloseFile             00435b4d f   zip.obj
 0001:00034b95       _Zip_OpenBuf               00435b95 f   zip.obj
 0001:00034be8       _Zip_ReadBuf               00435be8 f   zip.obj
 0001:00034c30       _Zip_CloseBuf              00435c30 f   zip.obj
 0001:00034c46       _GL_BackEnd                00435c46 f   gl_backend.obj
 0001:00038030       _GL_InitBackend            00439030 f   gl_backend.obj
 0001:00038073       _GL_ShutdownBackend        00439073 f   gl_backend.obj
 0001:00038087       _GL_AllocDynamicMemory     00439087 f   gl_buffers.obj
 0001:000380e7       _GL_ResizeDynamicMemory    004390e7 f   gl_buffers.obj
 0001:00038139       _GL_AddSurfaceToPortal     00439139 f   gl_buffers.obj
 0001:0003819c       _GL_AddDynamicSurface      0043919c f   gl_buffers.obj
 0001:000381c4       _GL_InsertShaderIndex      004391c4 f   gl_buffers.obj
 0001:000381f7       _GL_ClearPortal            004391f7 f   gl_buffers.obj
 0001:00038213       _GL_FinishPortal           00439213 f   gl_buffers.obj
 0001:00038264       _GL_SortSurfaces           00439264 f   gl_buffers.obj
 0001:000383ff       _GL_ClearBuffers           004393ff f   gl_buffers.obj
 0001:00038416       _GL_AddEntity              00439416 f   gl_frontend.obj
 0001:0003886c       _GL_AddDlight              0043986c f   gl_frontend.obj
 0001:00038a24       _GL_DrawPortal             00439a24 f   gl_frontend.obj
 0001:0003b514       _GL_TextureMode            0043c514 f   gl_image.obj
 0001:0003b5b4       _GL_CreateImage            0043c5b4 f   gl_image.obj
 0001:0003c2a8       _GL_SetRawPalette          0043d2a8 f   gl_image.obj
 0001:0003c2d9       _GL_DrawStretchRaw         0043d2d9 f   gl_image.obj
 0001:0003c589       _GL_SetupGamma             0043d589 f   gl_image.obj
 0001:0003c6cc       _GL_PerformScreenshot      0043d6cc f   gl_image.obj
 0001:0003c955       _GL_InitImages             0043d955 f   gl_image.obj
 0001:0003cf1e       _GL_ShutdownImages         0043df1e f   gl_image.obj
 0001:0003cfa9       _GL_LoadDelayedImages      0043dfa9 f   gl_image.obj
 0001:0003d026       _GL_ShowImages             0043e026 f   gl_image.obj
 0001:0003d265       _GL_FindImage              0043e265 f   gl_image.obj
 0001:0003d662       _GL_Lock                   0043e662 f   gl_interface.obj
 0001:0003d6f3       _GL_Unlock                 0043e6f3 f   gl_interface.obj
 0001:0003d8a2       _GL_Bind                   0043e8a2 f   gl_interface.obj
 0001:0003d9c4       _GL_BindForce              0043e9c4 f   gl_interface.obj
 0001:0003da11       _GL_TexEnv                 0043ea11 f   gl_interface.obj
 0001:0003db90       _GL_TexMipBias             0043eb90 f   gl_interface.obj
 0001:0003dbeb       _GL_TexEnvColor            0043ebeb f   gl_interface.obj
 0001:0003dc9b       _GL_SelectTexture          0043ec9b f   gl_interface.obj
 0001:0003dcfc       _GL_TexCoordPointer        0043ecfc f   gl_interface.obj
 0001:0003dd2c       _GL_SetMultitexture        0043ed2c f   gl_interface.obj
 0001:0003de04       _GL_DisableTexCoordArrays  0043ee04 f   gl_interface.obj
 0001:0003de5d       _GL_CullFace               0043ee5d f   gl_interface.obj
 0001:0003deae       _GL_DepthRange             0043eeae f   gl_interface.obj
 0001:0003dee1       _GL_State                  0043eee1 f   gl_interface.obj
 0001:0003e03a       _GL_EnableFog              0043f03a f   gl_interface.obj
 0001:0003e13e       _GL_SetDefaultState        0043f13e f   gl_interface.obj
 0001:0003e25d       _GL_Set2DMode              0043f25d f   gl_interface.obj
 0001:0003e358       _GL_Setup                  0043f358 f   gl_interface.obj
 0001:0003e464       _GL_ShowLights             0043f464 f   gl_light.obj
 0001:0003e889       _GL_LightForEntity         0043f889 f   gl_light.obj
 0001:0003fb02       _GL_DiffuseLight           00440b02 f   gl_light.obj
 0001:0003fc7a       _GL_InitLightGrid          00440c7a f   gl_light.obj
 0001:0003fd16       _GL_PostLoadLights         00440d16 f   gl_light.obj
 0001:0003ffb4       _LM_Init                   00440fb4 f   gl_lightmap.obj
 0001:0003ffca       _LM_Flush                  00440fca f   gl_lightmap.obj
 0001:00040027       _LM_Done                   00441027 f   gl_lightmap.obj
 0001:0004004e       _LM_Save                   0044104e f   gl_lightmap.obj
 0001:00040068       _LM_Restore                00441068 f   gl_lightmap.obj
 0001:00040082       _LM_NewBlock               00441082 f   gl_lightmap.obj
 0001:000400f8       _LM_Rewind                 004410f8 f   gl_lightmap.obj
 0001:00040100       _LM_NextBlock              00441100 f   gl_lightmap.obj
 0001:0004012d       _LM_CheckMinlight          0044112d f   gl_lightmap.obj
 0001:000401c3       _LM_AllocBlock             004411c3 f   gl_lightmap.obj
 0001:0004027a       _LM_PutBlock               0044127a f   gl_lightmap.obj
 0001:000406b4       _LM_SortLightStyles        004416b4 f   gl_lightmap.obj
 0001:00040745       _GL_UpdateDynamicLightmap  00441745 f   gl_lightmap.obj
 0001:00040c33       _LM_IsMonotone             00441c33 f   gl_lightmap.obj
 0001:00040d3a       _GL_EnableRendering        00441d3a f   gl_main.obj
 0001:00040d55       _DrawTextLeft              00441d55 f   gl_main.obj
 0001:00040e1f       _DrawTextRight             00441e1f f   gl_main.obj
 0001:00040e5d       _DrawText3D                00441e5d f   gl_main.obj
 0001:00040ed5       _GL_GetRefAPI              00441ed5 f   gl_main.obj
 0001:000426f6       _GL_InitFuncTables         004436f6 f   gl_math.obj
 0001:000428a7       _ModelToWorldCoord         004438a7 f   gl_math.obj
 0001:00042918       _WorldToModelCoord         00443918 f   gl_math.obj
 0001:0004295f       _BuildRotationMatrix       0044395f f   gl_math.obj
 0001:00042a59       _GetBoxRect                00443a59 f   gl_math.obj
 0001:00042dca       _ProjectToScreen           00443dca f   gl_math.obj
 0001:00042f0d       _GL_FindModel              00443f0d f   gl_model.obj
 0001:00043090       _GL_LoadWorldMap           00444090 f   gl_model.obj
 0001:00044bd4       _GL_PointInLeaf            00445bd4 f   gl_model.obj
 0001:0004551e       _ATAN2_FUNC                0044651e f i gl_model.obj
 0001:000456bd       _GL_FindSkin               004466bd f   gl_model.obj
 0001:00045816       _GL_ResetModels            00446816 f   gl_model.obj
 0001:000458e0       _GL_InitModels             004468e0 f   gl_model.obj
 0001:0004594d       _GL_ShutdownModels         0044694d f   gl_model.obj
 0001:00045963       _SubdividePlane            00446963 f   gl_poly.obj
 0001:00045db9       _FreeSubdividedPlane       00446db9 f   gl_poly.obj
 0001:00045dd1       _GetSubdivideIndexes       00446dd1 f   gl_poly.obj
 0001:00045e24       _RemoveCollinearPoints     00446e24 f   gl_poly.obj
 0001:00045f38       _GetPolyArea               00446f38 f   gl_poly.obj
 0001:00045fcc       _GL_InitShaders            00446fcc f   gl_shader.obj
 0001:00046109       _GL_ShutdownShaders        00447109 f   gl_shader.obj
 0001:00046133       _GL_SetShaderLightmap      00447133 f   gl_shader.obj
 0001:0004653c       _GL_SetShaderLightstyles   0044753c f   gl_shader.obj
 0001:000465d8       _GL_GetAlphaShader         004475d8 f   gl_shader.obj
 0001:000468e8       _GL_FindShader             004478e8 f   gl_shader.obj
 0001:00046e4a       _GL_GetShaderByNum         00447e4a f   gl_shader.obj
 0001:00046e68       _GL_ResetShaders           00447e68 f   gl_shader.obj
 0001:00047278       _GL_ClearSkyBox            00448278 f   gl_sky.obj
 0001:0004729b       _GL_SetSkyRotate           0044829b f   gl_sky.obj
 0001:000472d3       _GL_SkyVisible             004482d3 f   gl_sky.obj
 0001:000472ec       _GL_AddSkySurface          004482ec f   gl_sky.obj
 0001:0004791c       _GL_TesselateSkySide       0044891c f   gl_sky.obj
 0001:00047bee       _GLimp_SetMode             00448bee f   glw_imp.obj
 0001:00047e90       _GLimp_HasGamma            00448e90 f   glw_imp.obj
 0001:00047ea4       _GLimp_SetGamma            00448ea4 f   glw_imp.obj
 0001:0004803d       _GLimp_Init                0044903d f   glw_imp.obj
 0001:0004839b       _GLimp_Shutdown            0044939b f   glw_imp.obj
 0001:00048449       _GLimp_EndFrame            00449449 f   glw_imp.obj
 0001:000484e5       _GLimp_AppActivate         004494e5 f   glw_imp.obj
 0001:00049bcc       _QGL_Shutdown              0044abcc f   qgl_win.obj
 0001:00049c0a       _QGL_Init                  0044ac0a f   qgl_win.obj
 0001:00049c8d       _QGL_InitExtensions        0044ac8d f   qgl_win.obj
 0001:00049ff7       _QGL_EnableLogging         0044aff7 f   qgl_win.obj
 0001:0004a0c2       _QGL_LogMessage            0044b0c2 f   qgl_win.obj
 0001:0004a0d9       _Hunk_Begin                0044b0d9 f   q_shwin.obj
 0001:0004a113       _Hunk_Alloc                0044b113 f   q_shwin.obj
 0001:0004a19a       _Hunk_End                  0044b19a f   q_shwin.obj
 0001:0004a1a0       _Hunk_Free                 0044b1a0 f   q_shwin.obj
 0001:0004a1b9       _Sys_Milliseconds          0044b1b9 f   q_shwin.obj
 0001:0004a1ed       _Sys_Mkdir                 0044b1ed f   q_shwin.obj
 0001:0004a1f9       _Sys_FindFirst             0044b1f9 f   q_shwin.obj
 0001:0004a277       _Sys_FindNext              0044b277 f   q_shwin.obj
 0001:0004a2ec       _Sys_FindClose             0044b2ec f   q_shwin.obj
 0001:0004a306       _R_Alias_clip_z            0044b306 f   r_aclip.obj
 0001:0004a3c8       _R_Alias_clip_left         0044b3c8 f   r_aclip.obj
 0001:0004a5d4       _R_Alias_clip_right        0044b5d4 f   r_aclip.obj
 0001:0004a7e0       _R_Alias_clip_top          0044b7e0 f   r_aclip.obj
 0001:0004a9f4       _R_Alias_clip_bottom       0044b9f4 f   r_aclip.obj
 0001:0004ac08       _R_AliasClip               0044bc08 f   r_aclip.obj
 0001:0004acd8       _R_AliasClipTriangle       0044bcd8 f   r_aclip.obj
 0001:0004aeca       _R_AliasCheckFrameBBox     0044beca f   r_alias.obj
 0001:0004affd       _R_AliasCheckBBox          0044bffd f   r_alias.obj
 0001:0004b061       _R_AliasTransformVector    0044c061 f   r_alias.obj
 0001:0004b0bd       _R_AliasPreparePoints      0044c0bd f   r_alias.obj
 0001:0004b355       _R_AliasSetUpTransform     0044c355 f   r_alias.obj
 0001:0004b618       _R_AliasTransformFinalVerts 0044c618 f   r_alias.obj
 0001:0004b7e7       _R_AliasProjectAndClipTestFinalVert 0044c7e7 f   r_alias.obj
 0001:0004b896       _R_AliasSetupLighting      0044c896 f   r_alias.obj
 0001:0004ba00       _R_AliasSetupFrames        0044ca00 f   r_alias.obj
 0001:0004ba74       _R_AliasSetUpLerpData      0044ca74 f   r_alias.obj
 0001:0004bb9c       _R_AliasDrawModel          0044cb9c f   r_alias.obj
 0001:0004be30       _R_EntityRotate            0044ce30 f   r_bsp.obj
 0001:0004beac       _R_RotateBmodel            0044ceac f   r_bsp.obj
 0001:0004c007       _R_RecursiveClipBPoly      0044d007 f   r_bsp.obj
 0001:0004c337       _R_DrawSolidClippedSubmodelPolygons 0044d337 f   r_bsp.obj
 0001:0004c4be       _R_DrawSubmodelPolygons    0044d4be f   r_bsp.obj
 0001:0004c54e       _R_RecursiveWorldNode      0044d54e f   r_bsp.obj
 0001:0004c780       _R_RenderWorld             0044d780 f   r_bsp.obj
 0001:0004c7fb       _Draw_FindPic              0044d7fb f   r_draw.obj
 0001:0004c83e       _Draw_InitLocal            0044d83e f   r_draw.obj
 0001:0004c84f       _Draw_Char                 0044d84f f   r_draw.obj
 0001:0004c930       _Draw_CharColor            0044d930 f   r_draw.obj
 0001:0004ca3f       _R_DrawTexts               0044da3f f   r_draw.obj
 0001:0004cab5       _DrawText_Pos              0044dab5 f   r_draw.obj
 0001:0004cb8d       _DrawText_Left             0044db8d f   r_draw.obj
 0001:0004cbb5       _DrawText_Right            0044dbb5 f   r_draw.obj
 0001:0004cbf1       _Draw_GetPicSize           0044dbf1 f   r_draw.obj
 0001:0004cc31       _Draw_StretchPicImplementation 0044dc31 f   r_draw.obj
 0001:0004cd5b       _Draw_StretchPic           0044dd5b f   r_draw.obj
 0001:0004cd93       _Draw_StretchRaw           0044dd93 f   r_draw.obj
 0001:0004cdc5       _Draw_Pic                  0044ddc5 f   r_draw.obj
 0001:0004cf7e       _Draw_PicColor             0044df7e f   r_draw.obj
 0001:0004d137       _Draw_TileClear            0044e137 f   r_draw.obj
 0001:0004d207       _Draw_Fill                 0044e207 f   r_draw.obj
 0001:0004d2a3       _Draw_Fade                 0044e2a3 f   r_draw.obj
 0001:0004d305       _R_BeginEdgeFrame          0044e305 f   r_edge.obj
 0001:0004d3c1       _R_InsertNewEdges          0044e3c1 f   r_edge.obj
 0001:0004d407       _R_RemoveEdges             0044e407 f   r_edge.obj
 0001:0004d425       _R_StepActiveU             0044e425 f   r_edge.obj
 0001:0004d4b9       _R_CleanupSpan             0044e4b9 f   r_edge.obj
 0001:0004d509       _R_LeadingEdgeBackwards    0044e509 f   r_edge.obj
 0001:0004d59e       _R_TrailingEdge            0044e59e f   r_edge.obj
 0001:0004d602       _R_LeadingEdge             0044e602 f   r_edge.obj
 0001:0004d7a5       _R_GenerateSpans           0044e7a5 f   r_edge.obj
 0001:0004d813       _R_GenerateSpansBackward   0044e813 f   r_edge.obj
 0001:0004d881       _R_ScanEdges               0044e881 f   r_edge.obj
 0001:0004da58       _D_FlatFillSurface         0044ea58 f   r_edge.obj
 0001:0004dab2       _D_CalcGradients           0044eab2 f   r_edge.obj
 0001:0004dd12       _D_BackgroundSurf          0044ed12 f   r_edge.obj
 0001:0004dd52       _D_TurbulentSurf           0044ed52 f   r_edge.obj
 0001:0004de61       _D_SkySurf                 0044ee61 f   r_edge.obj
 0001:0004dee2       _D_SolidSurf               0044eee2 f   r_edge.obj
 0001:0004e03a       _D_DrawflatSurfaces        0044f03a f   r_edge.obj
 0001:0004e08a       _D_DrawSurfaces            0044f08a f   r_edge.obj
 0001:0004e183       _R_ImageList_f             0044f183 f   r_image.obj
 0001:0004e244       _R_FindFreeImage           0044f244 f   r_image.obj
 0001:0004e292       _R_LoadPic                 0044f292 f   r_image.obj
 0001:0004e322       _R_LoadTex                 0044f322 f   r_image.obj
 0001:0004e3ae       _R_LoadWal                 0044f3ae f   r_image.obj
 0001:0004e404       _R_MipMap                  0044f404 f   r_image.obj
 0001:0004e532       _R_DownsampleImage         0044f532 f   r_image.obj
 0001:0004e637       _R_FindImage               0044f637 f   r_image.obj
 0001:0004e9dc       _R_RegisterSkin            0044f9dc f   r_image.obj
 0001:0004e9ea       _R_FreeUnusedImages        0044f9ea f   r_image.obj
 0001:0004ea4a       _R_InitImages              0044fa4a f   r_image.obj
 0001:0004eab0       _R_ShutdownImages          0044fab0 f   r_image.obj
 0001:0004eaed       _R_MarkLights              0044faed f   r_light.obj
 0001:0004ebb3       _R_PushDlights             0044fbb3 f   r_light.obj
 0001:0004ec11       _R_LightPoint              0044fc11 f   r_light.obj
 0001:0004efdc       _R_AddDynamicLights        0044ffdc f   r_light.obj
 0001:0004f27a       _R_BuildLightMap           0045027a f   r_light.obj
 0001:0004f370       _R_InitTextures            00450370 f   r_main.obj
 0001:0004f431       _R_InitTurb                00450431 f   r_main.obj
 0001:0004f4ae       _R_Register                004504ae f   r_main.obj
 0001:0004f516       _R_Init                    00450516 f   r_main.obj
 0001:0004f5a7       _R_Shutdown                004505a7 f   r_main.obj
 0001:0004f61c       _R_NewMap                  0045061c f   r_main.obj
 0001:0004f6c6       _R_MarkLeaves              004506c6 f   r_main.obj
 0001:0004f7ed       _R_DrawEntitiesOnList      004507ed f   r_main.obj
 0001:0004f995       _R_BmodelCheckBBox         00450995 f   r_main.obj
 0001:0004fa47       _R_FindTopnode             00450a47 f   r_main.obj
 0001:0004fa9c       _RotatedBBox               00450a9c f   r_main.obj
 0001:0004fbfe       _R_DrawBEntitiesOnList     00450bfe f   r_main.obj
 0001:0004fdff       _R_EdgeDrawing             00450dff f   r_main.obj
 0001:0004fed4       _R_CalcPalette             00450ed4 f   r_main.obj
 0001:0004ffd9       _R_SetLightLevel           00450fd9 f   r_main.obj
 0001:00050029       _R_RenderFrame             00451029 f   r_main.obj
 0001:00050210       _R_InitGraphics            00451210 f   r_main.obj
 0001:00050286       _R_BeginFrame              00451286 f   r_main.obj
 0001:000503cd       _R_GammaCorrectAndSetPalette 004513cd f   r_main.obj
 0001:0005042c       _R_CinematicSetPalette     0045142c f   r_main.obj
 0001:000504c3       _Draw_BuildGammaTable      004514c3 f   r_main.obj
 0001:000505d4       _R_DrawBeam                004515d4 f   r_main.obj
 0001:00050729       _R_SetSky                  00451729 f   r_main.obj
 0001:000507a0       _Draw_GetPalette           004517a0 f   r_main.obj
 0001:000508e8       _Draw_ConCharColor         004518e8 f   r_main.obj
 0001:00050909       _GetRefAPI                 00451909 f   r_main.obj
 0001:00050b59       _D_ViewChanged             00451b59 f   r_misc.obj
 0001:00050ccc       _R_PrintTimes              00451ccc f   r_misc.obj
 0001:00050d34       _R_PrintDSpeeds            00451d34 f   r_misc.obj
 0001:00050de9       _R_PrintAliasStats         00451de9 f   r_misc.obj
 0001:00050dfc       _R_TransformFrustum        00451dfc f   r_misc.obj
 0001:00050eba       _TransformVector           00451eba f   r_misc.obj
 0001:00050f25       _R_SetUpFrustumIndexes     00451f25 f   r_misc.obj
 0001:00050f8a       _R_ViewChanged             00451f8a f   r_misc.obj
 0001:000512d3       _R_SetupFrame              004522d3 f   r_misc.obj
 0001:000514ae       _WritePCXfile              004524ae f   r_misc.obj
 0001:000515d0       _R_ScreenShot              004525d0 f   r_misc.obj
 0001:000516df       _Mod_Modellist_f           004526df f   r_model.obj
 0001:0005173d       _Mod_Init                  0045273d f   r_model.obj
 0001:00051755       _Mod_ForName               00452755 f   r_model.obj
 0001:00051991       _Mod_PointInLeaf           00452991 f   r_model.obj
 0001:000519f3       _Mod_DecompressVis         004529f3 f   r_model.obj
 0001:00051a73       _Mod_ClusterPVS            00452a73 f   r_model.obj
 0001:00051aa0       _Mod_LoadLighting          00452aa0 f   r_model.obj
 0001:00051b1f       _R_NumberLeafs             00452b1f f   r_model.obj
 0001:00051b6d       _Mod_LoadVertexes          00452b6d f   r_model.obj
 0001:00051baf       _Mod_LoadEdges             00452baf f   r_model.obj
 0001:00051bfd       _Mod_LoadTexinfo           00452bfd f   r_model.obj
 0001:00051d65       _CalcSurfaceExtents        00452d65 f   r_model.obj
 0001:00051ee5       _Mod_LoadFaces             00452ee5 f   r_model.obj
 0001:0005204c       _Mod_SetParent             0045304c f   r_model.obj
 0001:00052071       _Mod_LoadNodes             00453071 f   r_model.obj
 0001:00052167       _Mod_LoadLeafs             00453167 f   r_model.obj
 0001:00052210       _Mod_LoadMarksurfaces      00453210 f   r_model.obj
 0001:0005228c       _Mod_LoadSurfedges         0045328c f   r_model.obj
 0001:000522cb       _Mod_LoadPlanes            004532cb f   r_model.obj
 0001:0005233a       _Mod_LoadBrushModel        0045333a f   r_model.obj
 0001:0005251e       _Mod_LoadAliasModel        0045351e f   r_model.obj
 0001:0005279e       _Mod_LoadSpriteModel       0045379e f   r_model.obj
 0001:00052885       _R_BeginRegistration       00453885 f   r_model.obj
 0001:00052915       _R_RegisterModel           00453915 f   r_model.obj
 0001:00052a0d       _R_EndRegistration         00453a0d f   r_model.obj
 0001:00052a78       _Mod_FreeAll               00453a78 f   r_model.obj
 0001:00052abd       _R_DrawParticle            00453abd f   r_part.obj
 0001:00052d57       _R_DrawParticles           00453d57 f   r_part.obj
 0001:00052dff       _R_DrawSpanletOpaque       00453dff f   r_poly.obj
 0001:00052e8f       _R_DrawSpanletTurbulentStipple33 00453e8f f   r_poly.obj
 0001:00052fba       _R_DrawSpanletTurbulentStipple66 00453fba f   r_poly.obj
 0001:0005319b       _R_DrawSpanletTurbulentBlended66 0045419b f   r_poly.obj
 0001:00053250       _R_DrawSpanletTurbulentBlended33 00454250 f   r_poly.obj
 0001:00053305       _R_DrawSpanlet33           00454305 f   r_poly.obj
 0001:0005339f       _R_DrawSpanletConstant33   0045439f f   r_poly.obj
 0001:000533f8       _R_DrawSpanlet66           004543f8 f   r_poly.obj
 0001:00053496       _R_DrawSpanlet33Stipple    00454496 f   r_poly.obj
 0001:000535b1       _R_DrawSpanlet66Stipple    004545b1 f   r_poly.obj
 0001:00053742       _R_ClipPolyFace            00454742 f   r_poly.obj
 0001:000538b3       _R_PolygonDrawSpans        004548b3 f   r_poly.obj
 0001:00053cb2       _R_PolygonScanLeftEdge     00454cb2 f   r_poly.obj
 0001:00053e16       _R_PolygonScanRightEdge    00454e16 f   r_poly.obj
 0001:00054020       _R_ClipAndDrawPoly         00455020 f   r_poly.obj
 0001:00054222       _R_BuildPolygonFromSurface 00455222 f   r_poly.obj
 0001:00054418       _R_PolygonCalculateGradients 00455418 f   r_poly.obj
 0001:000546eb       _R_DrawAlphaSurfaces       004556eb f   r_poly.obj
 0001:00054781       _R_IMFlatShadedQuad        00455781 f   r_poly.obj
 0001:000548af       _R_InitAdivtab             004558af f   r_polyse.obj
 0001:0005491b       _R_PolysetUpdateTables     0045591b f   r_polyse.obj
 0001:00054956       _R_DrawTriangle            00455956 f   r_polyse.obj
 0001:00054a67       _R_PolysetScanLeftEdge_C   00455a67 f   r_polyse.obj
 0001:00054c31       _FloorDivMod               00455c31 f   r_polyse.obj
 0001:00054ccb       _R_PolysetSetUpForLineScan 00455ccb f   r_polyse.obj
 0001:00054d59       _R_PolysetCalcGradients    00455d59 f   r_polyse.obj
 0001:00054fcc       _R_PolysetDrawSpans8_33    00455fcc f   r_polyse.obj
 0001:000550fc       _R_PolysetDrawSpansConstant8_33 004560fc f   r_polyse.obj
 0001:00055196       _R_PolysetDrawSpans8_66    00456196 f   r_polyse.obj
 0001:000552d2       _R_PolysetDrawSpansConstant8_66 004562d2 f   r_polyse.obj
 0001:0005537a       _R_PolysetDrawSpans8_Opaque 0045637a f   r_polyse.obj
 0001:000554c5       _R_RasterizeAliasPolySmooth 004564c5 f   r_polyse.obj
 0001:00055aa5       _R_PolysetSetEdgeTable     00456aa5 f   r_polyse.obj
 0001:00055b40       _R_InitSkyBox              00456b40 f   r_rast.obj
 0001:00055dac       _R_EmitSkyBox              00456dac f   r_rast.obj
 0001:00055ebf       _R_EmitEdge                00456ebf f   r_rast.obj
 0001:00056291       _R_ClipEdge                00457291 f   r_rast.obj
 0001:0005643f       _R_EmitCachedEdge          0045743f f   r_rast.obj
 0001:00056496       _R_RenderFace              00457496 f   r_rast.obj
 0001:0005685d       _R_RenderBmodelFace        0045785d f   r_rast.obj
 0001:00056ac6       _D_WarpScreen              00457ac6 f   r_scan.obj
 0001:00056c88       _D_DrawTurbulent8Span      00457c88 f   r_scan.obj
 0001:00056d0c       _Turbulent8                00457d0c f   r_scan.obj
 0001:00057068       _NonTurbulent8             00458068 f   r_scan.obj
 0001:000573a2       _D_DrawSpans16             004583a2 f   r_scan.obj
 0001:000576bf       _D_DrawZSpans              004586bf f   r_scan.obj
 0001:0005778f       _R_DrawSprite              0045878f f   r_sprite.obj
 0001:00057a19       _R_TextureAnimation        00458a19 f   r_surf.obj
 0001:00057a3d       _R_DrawSurface             00458a3d f   r_surf.obj
 0001:00057ba2       _R_DrawSurfaceBlock8_mip0  00458ba2 f   r_surf.obj
 0001:00057ca1       _R_DrawSurfaceBlock8_mip1  00458ca1 f   r_surf.obj
 0001:00057da0       _R_DrawSurfaceBlock8_mip2  00458da0 f   r_surf.obj
 0001:00057e9f       _R_DrawSurfaceBlock8_mip3  00458e9f f   r_surf.obj
 0001:00057f9b       _R_InitCaches              00458f9b f   r_surf.obj
 0001:0005801c       _D_FlushCaches             0045901c f   r_surf.obj
 0001:00058061       _D_SCAlloc                 00459061 f   r_surf.obj
 0001:000581f5       _D_CacheSurface            004591f5 f   r_surf.obj
 0001:0005836a       _DDRAW_Init                0045936a f   rw_ddraw.obj
 0001:0005877a       _DDRAW_SetPalette          0045977a f   rw_ddraw.obj
 0001:000587e3       _DDRAW_Shutdown            004597e3 f   rw_ddraw.obj
 0001:0005894e       _DIB_Init                  0045994e f   rw_dib.obj
 0001:00058b33       _DIB_SetPalette            00459b33 f   rw_dib.obj
 0001:00058cf7       _DIB_Shutdown              00459cf7 f   rw_dib.obj
 0001:00058df0       _SWimp_Init                00459df0 f   rw_imp.obj
 0001:00058df4       _SWimp_EndFrame            00459df4 f   rw_imp.obj
 0001:00058f60       _SWimp_SetMode             00459f60 f   rw_imp.obj
 0001:00059082       _SWimp_SetPalette          0045a082 f   rw_imp.obj
 0001:000590a7       _SWimp_Shutdown            0045a0a7 f   rw_imp.obj
 0001:000590ee       _SWimp_AppActivate         0045a0ee f   rw_imp.obj
 0001:000591a0       _jpeg_CreateDecompress     0045a1a0 f   lib:jdapimin.obj
 0001:00059260       _jpeg_destroy_compress     0045a260 f   lib:jdapimin.obj
 0001:00059260       _jpeg_destroy_decompress   0045a260 f   lib:jdapimin.obj
 0001:0005926b       _jpeg_read_header          0045a26b f   lib:jdapimin.obj
 0001:000592cd       _jpeg_consume_input        0045a2cd f   lib:jdapimin.obj
 0001:0005951b       _jpeg_finish_decompress    0045a51b f   lib:jdapimin.obj
 0001:000595b2       _jpeg_start_decompress     0045a5b2 f   lib:jdapistd.obj
 0001:0005971f       _jpeg_read_scanlines       0045a71f f   lib:jdapistd.obj
 0001:000597a3       _jpeg_resync_to_restart    0045a7a3 f   lib:jdmarker.obj
 0001:00059968       _jinit_marker_reader       0045a968 f   lib:jdmarker.obj
 0001:0005ae33       _jpeg_CreateCompress       0045be33 f   lib:jcapimin.obj
 0001:0005aee7       _jpeg_suppress_tables      0045bee7 f   lib:jcapimin.obj
 0001:0005af31       _jpeg_finish_compress      0045bf31 f   lib:jcapimin.obj
 0001:0005b01b       _jpeg_start_compress       0045c01b f   lib:jcapistd.obj
 0001:0005b087       _jpeg_write_scanlines      0045c087 f   lib:jcapistd.obj
 0001:0005b132       _jpeg_add_quant_table      0045c132 f   lib:jcparam.obj
 0001:0005b1e4       _jpeg_quality_scaling      0045c1e4 f   lib:jcparam.obj
 0001:0005b20b       _jpeg_set_quality          0045c20b f   lib:jcparam.obj
 0001:0005b245       _jpeg_set_defaults         0045c245 f   lib:jcparam.obj
 0001:0005b407       _jpeg_default_colorspace   0045c407 f   lib:jcparam.obj
 0001:0005b457       _jpeg_set_colorspace       0045c457 f   lib:jcparam.obj
 0001:0005b772       _jpeg_stdio_dest           0045c772 f   lib:jdatadst.obj
 0001:0005b872       _crc32                     0045c872 f   lib:crc32.obj
 0001:0005bafe       _inflateReset              0045cafe f   lib:inflate.obj
 0001:0005bb45       _inflateInit2_             0045cb45 f   lib:inflate.obj
 0001:0005bbfe       _inflate                   0045cbfe f   lib:inflate.obj
 0001:0005cd8c       _inflateEnd                0045dd8c f   lib:inflate.obj
 0001:0005cdca       _jinit_input_controller    0045ddca f   lib:jdinput.obj
 0001:0005d2ad       _jinit_memory_mgr          0045e2ad f   lib:jmemmgr.obj
 0001:0005de41       _jpeg_abort                0045ee41 f   lib:jcomapi.obj
 0001:0005de74       _jpeg_destroy              0045ee74 f   lib:jcomapi.obj
 0001:0005de8f       _jpeg_alloc_quant_table    0045ee8f f   lib:jcomapi.obj
 0001:0005deab       _jpeg_alloc_huff_table     0045eeab f   lib:jcomapi.obj
 0001:0005dec7       _jpeg_calc_output_dimensions 0045eec7 f   lib:jdmaster.obj
 0001:0005dfc7       _jinit_master_decompress   0045efc7 f   lib:jdmaster.obj
 0001:0005e31d       _jdiv_round_up             0045f31d f   lib:jutils.obj
 0001:0005e32d       _jround_up                 0045f32d f   lib:jutils.obj
 0001:0005e345       _jcopy_sample_rows         0045f345 f   lib:jutils.obj
 0001:0005e383       _jcopy_block_row           0045f383 f   lib:jutils.obj
 0001:0005e39c       _jzero_far                 0045f39c f   lib:jutils.obj
 0001:0005e3af       _jinit_marker_writer       0045f3af f   lib:jcmarker.obj
 0001:0005ec8b       _jinit_compress_master     0045fc8b f   lib:jcinit.obj
 0001:0005ece4       _zcalloc                   0045fce4 f   lib:zutil.obj
 0001:0005ecf6       _inflate_fast              0045fcf6 f   lib:inffast.obj
 0001:0005f0ab       _inflate_table             004600ab f   lib:inftrees.obj
 0001:0005f434       _adler32                   00460434 f   lib:adler32.obj
 0001:0005f54d       _jinit_c_codec             0046054d f   lib:jcodec.obj
 0001:0005f569       _jinit_d_codec             00460569 f   lib:jcodec.obj
 0001:0005f585       _jpeg_get_large            00460585 f   lib:jmemansi.obj
 0001:0005f585       _jpeg_get_small            00460585 f   lib:jmemansi.obj
 0001:0005f591       _jpeg_free_large           00460591 f   lib:jmemansi.obj
 0001:0005f591       _jpeg_free_small           00460591 f   lib:jmemansi.obj
 0001:0005f591       _zcfree                    00460591 f   lib:jmemansi.obj
 0001:0005f59d       _jpeg_mem_available        0046059d f   lib:jmemansi.obj
 0001:0005f5ac       _jpeg_open_backing_store   004605ac f   lib:jmemansi.obj
 0001:0005f6c3       _jpeg_mem_init             004606c3 f   lib:jmemansi.obj
 0001:0005f6c9       _QCommon_Shutdown          004606c9 f   lib:jmemansi.obj
 0001:0005f6c9       _R_SurfacePatch            004606c9 f   lib:jmemansi.obj
 0001:0005f6c9       __setargv                  004606c9 f   lib:jmemansi.obj
 0001:0005f6c9       _jpeg_mem_term             004606c9 f   lib:jmemansi.obj
 0001:0005f6ca       _jinit_d_main_controller   004606ca f   lib:jdmainct.obj
 0001:0005fd15       _jinit_d_post_controller   00460d15 f   lib:jdpostct.obj
 0001:0005ffc0       _jinit_upsampler           00460fc0 f   lib:jdsample.obj
 0001:000605fe       _jinit_color_deconverter   004615fe f   lib:jdcolor.obj
 0001:00060b14       _jinit_merged_upsampler    00461b14 f   lib:jdmerge.obj
[...]
 0001:0006a2fb       _decompress_data           0046b2fb f   lib:jddiffct.obj
 0001:0006a46b       _process_restart           0046b46b f   lib:jddiffct.obj
 0001:00068430       _dummy_consume_data        00469430 f   lib:jdcoefct.obj
 0001:0006a4a0       _consume_data              0046b4a0 f   lib:jddiffct.obj
 0001:0006a517       _output_data               0046b517 f   lib:jddiffct.obj
 0001:00069f43       _start_pass                0046af43 f   lib:jddctmgr.obj
 0001:00069395       _start_pass_phuff_decoder  0046a395 f   lib:jdphuff.obj
 0001:000695de       _decode_mcu_DC_first       0046a5de f   lib:jdphuff.obj
 0001:000697d6       _process_restart           0046a7d6 f   lib:jdphuff.obj
 0001:00069845       _decode_mcu_AC_first       0046a845 f   lib:jdphuff.obj
 0001:00069a65       _decode_mcu_DC_refine      0046aa65 f   lib:jdphuff.obj
 0001:00069b3a       _decode_mcu_AC_refine      0046ab3a f   lib:jdphuff.obj
 0001:00068ddc       _start_pass_huff_decoder   00469ddc f   lib:jdshuff.obj
 0001:00068f14       _decode_mcu                00469f14 f   lib:jdshuff.obj
 0001:000692c4       _process_restart           0046a2c4 f   lib:jdshuff.obj
 0001:000681c2       _start_input_pass          004691c2 f   lib:jdcoefct.obj
 0001:000681d5       _start_iMCU_row            004691d5 f   lib:jdcoefct.obj
 0001:0006821a       _start_output_pass         0046921a f   lib:jdcoefct.obj
 0001:00068257       _decompress_onepass        00469257 f   lib:jdcoefct.obj
 0001:00068430       _dummy_consume_data        00469430 f   lib:jdcoefct.obj
 0001:00068433       _consume_data              00469433 f   lib:jdcoefct.obj
 0001:000685ec       _decompress_data           004695ec f   lib:jdcoefct.obj
 0001:00068758       _smoothing_ok              00469758 f   lib:jdcoefct.obj
 0001:00068843       _decompress_smooth_data    00469843 f   lib:jdcoefct.obj
 0001:0006805b       _scaler_start_pass         0046905b f   lib:jcscale.obj
 0001:0006807e       _simple_downscale          0046907e f   lib:jcscale.obj
 0001:000680aa       _noscale                   004690aa f   lib:jcscale.obj
 0001:00067b53       _start_pass                00468b53 f   lib:jcpred.obj
 0001:00067bab       _reset_predictor           00468bab f   lib:jcpred.obj
 0001:00067bd8       _jpeg_difference_first_row 00468bd8 f   lib:jcpred.obj
 0001:00067cc2       _jpeg_difference1          00468cc2 f   lib:jcpred.obj
 0001:00067d30       _jpeg_difference2          00468d30 f   lib:jcpred.obj
 0001:00067da1       _jpeg_difference3          00468da1 f   lib:jcpred.obj
 0001:00067e19       _jpeg_difference4          00468e19 f   lib:jcpred.obj
 0001:00067ea4       _jpeg_difference5          00468ea4 f   lib:jcpred.obj
 0001:00067f37       _jpeg_difference6          00468f37 f   lib:jcpred.obj
 0001:00067fc6       _jpeg_difference7          00468fc6 f   lib:jcpred.obj
 0001:00067442       _start_pass_huff           00468442 f   lib:jclhuff.obj
 0001:000675df       _encode_mcus_huff          004685df f   lib:jclhuff.obj
 0001:000677ca       _emit_bits                 004687ca f   lib:jclhuff.obj
 0001:0006786d       _dump_buffer               0046886d f   lib:jclhuff.obj
 0001:00067891       _emit_restart              00468891 f   lib:jclhuff.obj
 0001:000678dc       _flush_bits                004688dc f   lib:jclhuff.obj
 0001:00067900       _finish_pass_huff          00468900 f   lib:jclhuff.obj
 0001:0006796d       _encode_mcus_gather        0046896d f   lib:jclhuff.obj
 0001:00067a96       _finish_pass_gather        00468a96 f   lib:jclhuff.obj
 0001:00067b2c       _need_optimization_pass    00468b2c f   lib:jclhuff.obj
 0001:00067062       _start_pass_diff           00468062 f   lib:jcdiffct.obj
 0001:0006515e       _start_iMCU_row            0046615e f   lib:jccoefct.obj
 0001:00067100       _compress_data             00468100 f   lib:jcdiffct.obj
 0001:00067296       _compress_first_pass       00468296 f   lib:jcdiffct.obj
 0001:0006738b       _compress_output           0046838b f   lib:jcdiffct.obj
 0001:00066a8d       _start_pass_fdctmgr        00467a8d f   lib:jcdctmgr.obj
 0001:00066c2b       _forward_DCT               00467c2b f   lib:jcdctmgr.obj
 0001:00066d77       _forward_DCT_float         00467d77 f   lib:jcdctmgr.obj
 0001:00065f9d       _start_pass_phuff          00466f9d f   lib:jcphuff.obj
 0001:0006610a       _encode_mcu_DC_first       0046710a f   lib:jcphuff.obj
 0001:0006623c       _emit_bits                 0046723c f   lib:jcphuff.obj
 0001:000662e7       _dump_buffer               004672e7 f   lib:jcphuff.obj
 0001:0006631f       _emit_symbol               0046731f f   lib:jcphuff.obj
 0001:0006635f       _emit_restart              0046735f f   lib:jcphuff.obj
 0001:000663e8       _emit_eobrun               004673e8 f   lib:jcphuff.obj
 0001:0006646e       _encode_mcu_AC_first       0046746e f   lib:jcphuff.obj
 0001:00066602       _encode_mcu_DC_refine      00467602 f   lib:jcphuff.obj
 0001:000666bc       _encode_mcu_AC_refine      004676bc f   lib:jcphuff.obj
 0001:000668d3       _finish_pass_phuff         004678d3 f   lib:jcphuff.obj
 0001:00066922       _finish_pass_gather_phuff  00467922 f   lib:jcphuff.obj
 0001:000669e5       _need_optimization_pass    004679e5 f   lib:jcphuff.obj
 0001:00065738       _start_pass_huff           00466738 f   lib:jcshuff.obj
 0001:000658ad       _encode_mcu_huff           004668ad f   lib:jcshuff.obj
 0001:000659b8       _encode_one_block          004669b8 f   lib:jcshuff.obj
 0001:00065b2f       _emit_bits                 00466b2f f   lib:jcshuff.obj
 0001:00065bd2       _dump_buffer               00466bd2 f   lib:jcshuff.obj
 0001:00065bf6       _emit_restart              00466bf6 f   lib:jcshuff.obj
 0001:00065c63       _flush_bits                00466c63 f   lib:jcshuff.obj
 0001:00065c87       _finish_pass_huff          00466c87 f   lib:jcshuff.obj
 0001:00065cf6       _encode_mcu_gather         00466cf6 f   lib:jcshuff.obj
 0001:00065dac       _htest_one_block           00466dac f   lib:jcshuff.obj
 0001:00065e73       _finish_pass_gather        00466e73 f   lib:jcshuff.obj
 0001:00067b2c       _need_optimization_pass    00468b2c f   lib:jclhuff.obj
 0001:000650c9       _start_pass_coef           004660c9 f   lib:jccoefct.obj
 0001:0006515e       _start_iMCU_row            0046615e f   lib:jccoefct.obj
 0001:000651a0       _compress_data             004661a0 f   lib:jccoefct.obj
 0001:00065387       _compress_first_pass       00466387 f   lib:jccoefct.obj
 0001:0006556d       _compress_output           0046656d f   lib:jccoefct.obj
 0001:00064fe1       _calc_output_dimensions    00465fe1 f   lib:jdlossls.obj
 0001:00064ff2       _start_input_pass          00465ff2 f   lib:jdlossls.obj
 0001:00064d20       _calc_output_dimensions    00465d20 f   lib:jdlossy.obj
 0001:00064e93       _start_input_pass          00465e93 f   lib:jdlossy.obj
 0001:00064eb3       _latch_quant_tables        00465eb3 f   lib:jdlossy.obj
 0001:00064f4b       _start_output_pass         00465f4b f   lib:jdlossy.obj
 0001:00064c6f       _start_pass                00465c6f f   lib:jclossls.obj
 0001:00064bdb       _start_pass                00465bdb f   lib:jclossy.obj
 0001:00064130       _initial_setup             00465130 f   lib:jcmaster.obj
 0001:000642e3       _validate_script           004652e3 f   lib:jcmaster.obj
 0001:000646bb       _prepare_for_pass          004656bb f   lib:jcmaster.obj
 0001:00064833       _select_scan_parameters    00465833 f   lib:jcmaster.obj
 0001:00064934       _per_scan_setup            00465934 f   lib:jcmaster.obj
 0001:00064adf       _pass_startup              00465adf f   lib:jcmaster.obj
 0001:00064b06       _finish_pass_master        00465b06 f   lib:jcmaster.obj
 0001:00063c1c       _rgb_ycc_start             00464c1c f   lib:jccolor.obj
 0001:00063ce0       _rgb_ycc_convert           00464ce0 f   lib:jccolor.obj
 0001:00063ddf       _rgb_gray_convert          00464ddf f   lib:jccolor.obj
 0001:00063e64       _cmyk_ycck_convert         00464e64 f   lib:jccolor.obj
 0001:00063f9c       _grayscale_convert         00464f9c f   lib:jccolor.obj
 0001:00063ff6       _null_convert              00464ff6 f   lib:jccolor.obj
 0001:000339fa       _null_method               004349fa f   vid_dll.obj
 0001:000339fa       _start_pass_downsample     004349fa f   vid_dll.obj
 0001:00063368       _sep_downsample            00464368 f   lib:jcsample.obj
 0001:000633dd       _int_downsample            004643dd f   lib:jcsample.obj
 0001:000634d5       _expand_right_edge         004644d5 f   lib:jcsample.obj
 0001:0006352a       _fullsize_downsample       0046452a f   lib:jcsample.obj
 0001:0006356e       _h2v1_downsample           0046456e f   lib:jcsample.obj
 0001:00063602       _h2v2_downsample           00464602 f   lib:jcsample.obj
 0001:000636af       _h2v2_smooth_downsample    004646af f   lib:jcsample.obj
 0001:00063927       _fullsize_smooth_downsample 00464927 f   lib:jcsample.obj
 0001:00062d64       _start_pass_prep           00463d64 f   lib:jcprepct.obj
 0001:00062da2       _pre_process_data          00463da2 f   lib:jcprepct.obj
 0001:00062f50       _pre_process_context       00463f50 f   lib:jcprepct.obj
 0001:00063109       _create_context_buffer     00464109 f   lib:jcprepct.obj
 0001:00062bdc       _start_pass_main           00463bdc f   lib:jcmainct.obj
 0001:00062c1e       _process_data_simple_main  00463c1e f   lib:jcmainct.obj
 0001:000621b2       _create_colormap           004631b2 f   lib:jquant1.obj
 0001:000622e4       _select_ncolors            004632e4 f   lib:jquant1.obj
 0001:000623bb       _create_colorindex         004633bb f   lib:jquant1.obj
 0001:000624e7       _alloc_fs_workspace        004634e7 f   lib:jquant1.obj
 0001:00062523       _start_pass_1_quant        00463523 f   lib:jquant1.obj
 0001:000625ef       _create_odither_tables     004635ef f   lib:jquant1.obj
 0001:0006264e       _make_odither_array        0046364e f   lib:jquant1.obj
 0001:000626b1       _color_quantize            004636b1 f   lib:jquant1.obj
 0001:0006273c       _color_quantize3           0046373c f   lib:jquant1.obj
 0001:000627ca       _quantize_ord_dither       004637ca f   lib:jquant1.obj
 0001:000628b5       _quantize3_ord_dither      004638b5 f   lib:jquant1.obj
 0001:000629b5       _quantize_fs_dither        004639b5 f   lib:jquant1.obj
 0001:000339fa       _finish_pass_1_quant       004349fa f   vid_dll.obj
 0001:00062b39       _new_color_map_1_quant     00463b39 f   lib:jquant1.obj
 0001:00061173       _init_error_limit          00462173 f   lib:jquant2.obj
 0001:00061212       _start_pass_2_quant        00462212 f   lib:jquant2.obj
 0001:00061314       _prescan_quantize          00462314 f   lib:jquant2.obj
 0001:00061383       _pass2_no_dither           00462383 f   lib:jquant2.obj
 0001:00061430       _fill_inverse_cmap         00462430 f   lib:jquant2.obj
 0001:000614fb       _find_nearby_colors        004624fb f   lib:jquant2.obj
 0001:0006169f       _find_best_colors          0046269f f   lib:jquant2.obj
 0001:000617b9       _pass2_fs_dither           004627b9 f   lib:jquant2.obj
 0001:00061a28       _finish_pass1              00462a28 f   lib:jquant2.obj
 0001:00061a4a       _select_colors             00462a4a f   lib:jquant2.obj
 0001:00061ad6       _update_box                00462ad6 f   lib:jquant2.obj
 0001:00061e70       _median_cut                00462e70 f   lib:jquant2.obj
 0001:00061f84       _find_biggest_color_pop    00462f84 f   lib:jquant2.obj
 0001:00061fb3       _find_biggest_volume       00462fb3 f   lib:jquant2.obj
 0001:00061fdc       _compute_color             00462fdc f   lib:jquant2.obj
 0001:000339fa       _finish_pass2              004349fa f   vid_dll.obj
 0001:00062118       _new_color_map_2_quant     00463118 f   lib:jquant2.obj
 0001:00060b8a       _build_ycc_rgb_table       00461b8a f   lib:jdmerge.obj
 0001:00060c3a       _start_pass_merged_upsample 00461c3a f   lib:jdmerge.obj
 0001:00060c4f       _merged_2v_upsample        00461c4f f   lib:jdmerge.obj
 0001:00060cf6       _merged_1v_upsample        00461cf6 f   lib:jdmerge.obj
 0001:00060d27       _h2v1_merged_upsample      00461d27 f   lib:jdmerge.obj
 0001:00060e7d       _h2v2_merged_upsample      00461e7d f   lib:jdmerge.obj
 0001:0006072e       _build_ycc_rgb_table       0046172e f   lib:jdcolor.obj
 0001:000607de       _ycc_rgb_convert           004617de f   lib:jdcolor.obj
 0001:000608ec       _null_convert              004618ec f   lib:jdcolor.obj
 0001:00060964       _grayscale_convert         00461964 f   lib:jdcolor.obj
 0001:00060987       _gray_rgb_convert          00461987 f   lib:jdcolor.obj
 0001:000609e0       _ycck_cmyk_convert         004619e0 f   lib:jdcolor.obj
 0001:000339fa       _start_pass_dcolor         004349fa f   vid_dll.obj
 0001:0006018f       _start_pass_upsample       0046118f f   lib:jdsample.obj
 0001:000601a9       _sep_upsample              004611a9 f   lib:jdsample.obj
 0001:00060276       _fullsize_upsample         00461276 f   lib:jdsample.obj
 0001:00060281       _noop_upsample             00461281 f   lib:jdsample.obj
 0001:00060289       _int_upsample              00461289 f   lib:jdsample.obj
 0001:00060373       _h2v1_upsample             00461373 f   lib:jdsample.obj
 0001:000603ca       _h2v2_upsample             004613ca f   lib:jdsample.obj
 0001:0006043c       _h2v1_fancy_upsample       0046143c f   lib:jdsample.obj
 0001:000604df       _h2v2_fancy_upsample       004614df f   lib:jdsample.obj
 0001:0005fd98       _start_pass_dpost          00460d98 f   lib:jdpostct.obj
 0001:0005fe3e       _post_process_1pass        00460e3e f   lib:jdpostct.obj
 0001:0005fea3       _post_process_prepass      00460ea3 f   lib:jdpostct.obj
 0001:0005ff34       _post_process_2pass        00460f34 f   lib:jdpostct.obj
 0001:0005f79f       _alloc_funny_pointers      0046079f f   lib:jdmainct.obj
 0001:0005f84c       _start_pass_main           0046084c f   lib:jdmainct.obj
 0001:0005f8b4       _make_funny_pointers       004608b4 f   lib:jdmainct.obj
 0001:0005f9f4       _process_data_simple_main  004609f4 f   lib:jdmainct.obj
 0001:0005fa5c       _process_data_context_main 00460a5c f   lib:jdmainct.obj
 0001:0005fb6e       _set_wraparound_pointers   00460b6e f   lib:jdmainct.obj
 0001:0005fc58       _set_bottom_pointers       00460c58 f   lib:jdmainct.obj
 0001:0005fcf2       _process_data_crank_post   00460cf2 f   lib:jdmainct.obj
 0001:0005f5fe       _read_backing_store        004605fe f   lib:jmemansi.obj
 0001:0005f659       _write_backing_store       00460659 f   lib:jmemansi.obj
 0001:0005f6b4       _close_backing_store       004606b4 f   lib:jmemansi.obj
 0001:0005e3fd       _write_marker_header       0045f3fd f   lib:jcmarker.obj
 0001:0005e453       _emit_byte                 0045f453 f   lib:jcmarker.obj
 0001:0005e484       _write_marker_byte         0045f484 f   lib:jcmarker.obj
 0001:0005e494       _write_file_header         0045f494 f   lib:jcmarker.obj
 0001:0005e4e0       _emit_jfif_app0            0045f4e0 f   lib:jcmarker.obj
 0001:0005e5b3       _emit_adobe_app14          0045f5b3 f   lib:jcmarker.obj
 0001:0005e659       _write_frame_header        0045f659 f   lib:jcmarker.obj
 0001:0005e738       _emit_dqt                  0045f738 f   lib:jcmarker.obj
 0001:0005e827       _emit_sof                  0045f827 f   lib:jcmarker.obj
 0001:0005e903       _write_scan_header         0045f903 f   lib:jcmarker.obj
 0001:0005e9c3       _emit_dht                  0045f9c3 f   lib:jcmarker.obj
 0001:0005ea9c       _emit_dri                  0045fa9c f   lib:jcmarker.obj
 0001:0005eaeb       _emit_sos                  0045faeb f   lib:jcmarker.obj
 0001:0005ebd9       _write_file_trailer        0045fbd9 f   lib:jcmarker.obj
 0001:0005ebf9       _write_tables_only         0045fbf9 f   lib:jcmarker.obj
 0001:0005df52       _use_merged_upsample       0045ef52 f   lib:jdmaster.obj
 0001:0005dff8       _master_selection          0045eff8 f   lib:jdmaster.obj
 0001:0005e155       _prepare_range_limit_table 0045f155 f   lib:jdmaster.obj
 0001:0005e1db       _prepare_for_output_pass   0045f1db f   lib:jdmaster.obj
 0001:0005e2fc       _finish_output_pass        0045f2fc f   lib:jdmaster.obj
 0001:0005d3c9       _alloc_small               0045e3c9 f   lib:jmemmgr.obj
 0001:0005d4e7       _alloc_large               0045e4e7 f   lib:jmemmgr.obj
 0001:0005d598       _alloc_sarray              0045e598 f   lib:jmemmgr.obj
 0001:0005d630       _alloc_barray              0045e630 f   lib:jmemmgr.obj
 0001:0005d6d4       _alloc_darray              0045e6d4 f   lib:jmemmgr.obj
 0001:0005d77f       _request_virt_sarray       0045e77f f   lib:jmemmgr.obj
 0001:0005d7e0       _request_virt_barray       0045e7e0 f   lib:jmemmgr.obj
 0001:0005d841       _realize_virt_arrays       0045e841 f   lib:jmemmgr.obj
 0001:0005d9c4       _access_virt_sarray        0045e9c4 f   lib:jmemmgr.obj
 0001:0005dae4       _do_sarray_io              0045eae4 f   lib:jmemmgr.obj
 0001:0005db74       _access_virt_barray        0045eb74 f   lib:jmemmgr.obj
 0001:0005dc99       _do_barray_io              0045ec99 f   lib:jmemmgr.obj
 0001:0005dd2a       _free_pool                 0045ed2a f   lib:jmemmgr.obj
 0001:0005de11       _self_destruct             0045ee11 f   lib:jmemmgr.obj
 0001:0005ce0b       _start_input_pass          0045de0b f   lib:jdinput.obj
 0001:0005ce39       _per_scan_setup            0045de39 f   lib:jdinput.obj
 0001:0005cfbf       _finish_input_pass         0045dfbf f   lib:jdinput.obj
 0001:0005cfd0       _consume_markers           0045dfd0 f   lib:jdinput.obj
 0001:0005d06c       _initial_setup             0045e06c f   lib:jdinput.obj
 0001:0005d276       _reset_input_controller    0045e276 f   lib:jdinput.obj
 0001:0005ccae       _updatewindow              0045dcae f   lib:inflate.obj
 0001:0005b891       _crc32_little              0045c891 f   lib:crc32.obj
 0001:0005b7ae       _init_destination          0045c7ae f   lib:jdatadst.obj
 0001:0005b7d4       _empty_output_buffer       0045c7d4 f   lib:jdatadst.obj
 0001:0005b816       _term_destination          0045c816 f   lib:jdatadst.obj
 0001:0005b335       _std_huff_tables           0045c335 f   lib:jcparam.obj
 0001:0005b38f       _add_huff_table            0045c38f f   lib:jcparam.obj
 0001:00059891       _next_marker               0045a891 f   lib:jdmarker.obj
 0001:000599cb       _get_interesting_appn      0045a9cb f   lib:jdmarker.obj
 0001:00059af6       _examine_app0              0045aaf6 f   lib:jdmarker.obj
 0001:00059d04       _examine_app14             0045ad04 f   lib:jdmarker.obj
 0001:00059dc5       _skip_variable             0045adc5 f   lib:jdmarker.obj
 0001:00059e68       _read_markers              0045ae68 f   lib:jdmarker.obj
 0001:0005a070       _get_soi                   0045b070 f   lib:jdmarker.obj
 0001:0005a11b       _get_sof                   0045b11b f   lib:jdmarker.obj
 0001:0005a424       _get_sos                   0045b424 f   lib:jdmarker.obj
 0001:0005a712       _get_dht                   0045b712 f   lib:jdmarker.obj
 0001:0005a9b3       _get_dqt                   0045b9b3 f   lib:jdmarker.obj
 0001:0005ac0f       _get_dri                   0045bc0f f   lib:jdmarker.obj
 0001:0005acee       _first_marker              0045bcee f   lib:jdmarker.obj
 0001:0005ad8a       _read_restart_marker       0045bd8a f   lib:jdmarker.obj
 0001:0005ae08       _reset_marker_reader       0045be08 f   lib:jdmarker.obj
 0001:00059675       _output_pass_setup         0045a675 f   lib:jdapistd.obj
 0001:00059369       _default_decompress_parms  0045a369 f   lib:jdapimin.obj

 70 bytes saved through ICF

