 Quake2

 Timestamp is 4443b519 (Mon Apr 17 19:32:41 2006)

 Preferred load address is 00400000

 Start         Length     Name                   Class
 0001:00000000 00065660H .text                   CODE
 0002:00000000 00000294H .idata$5                DATA
 0002:00000298 0000715cH .rdata                  DATA
 0002:000073f8 00000044H .rdata$r                DATA
 0002:00007440 00000038H .xdata$x                DATA
 0002:00007478 00000078H .idata$2                DATA
 0002:000074f0 00000014H .idata$3                DATA
 0002:00007504 00000294H .idata$4                DATA
 0002:00007798 0000086aH .idata$6                DATA
 0002:00008002 00000000H .edata                  DATA
 0003:00000000 00000004H .CRT$XCA                DATA
 0003:00000004 00000088H .CRT$XCU                DATA
 0003:0000008c 00000004H .CRT$XCZ                DATA
 0003:00000090 00000004H .CRT$XIA                DATA
 0003:00000094 00000004H .CRT$XIZ                DATA
 0003:000000a0 0000e26cH .data                   DATA
 0003:0000e310 00454730H .bss                    DATA
 0004:00000000 00000130H .rsrc$01                DATA
 0004:00000130 00003f20H .rsrc$02                DATA

  Address         Publics by Value              Rva+Base     Lib:Object

 0001:00000000       ??3@YAXPAX@Z               00401000 f i CoreMain.obj
 0001:0000000e       ?appTimestamp@@YAPBDXZ     0040100e f   CoreMain.obj
 0001:00000043       ?appInit@@YAXXZ            00401043 f   CoreMain.obj
 0001:000000c2       ?appExit@@YAXXZ            004010c2 f   CoreMain.obj
 0001:000000cc       ?appMilliseconds@@YAIXZ    004010cc f   CoreWin32.obj
 0001:000000d2       ?appPackage@@YAPBDXZ       004010d2 f   CoreWin32.obj
 0001:0000012a       ?appGetSystemErrorMessage@@YAPBDI@Z 0040112a f   CoreWin32.obj
 0001:0000018e       ?appDisplayError@@YAXXZ    0040118e f   CoreWin32.obj
 0001:000001df       ?appInitPlatform@@YAXXZ    004011df f   CoreWin32.obj
 0001:00000372       ?appShutdownPlatform@@YAXXZ 00401372 f   CoreWin32.obj
 0001:0000037b       ?sprintf@?$TString@$0BAA@@@QAAHPBDZZ 0040137b f i CoreWin32.obj
 0001:00000398       ?appDetectCPU@@YAXXZ       00401398 f   CoreCpuid.obj
 0001:0000064c       ?appLoadDebugSymbols@@YAXXZ 0040164c f   DbgSymbols.obj
 0001:0000080a       ?appSymbolName@@YA_NIPADH@Z 0040180a f   DbgSymbols.obj
 0001:00000900       ?appSymbolName@@YAPBDI@Z   00401900 f   DbgSymbols.obj
 0001:00000938       ?osGetAddressPackage@@YA_NIPADHAAH@Z 00401938 f   DbgSymbolsWin32.obj
 0001:000009cc       ?osGetAddressSymbol@@YA_NIPADHAAH@Z 004019cc f   DbgSymbolsWin32.obj
 0001:00000b73       ?appMalloc@@YAPAXIH@Z      00401b73 f   Memory.obj
 0001:00000c78       ?appFree@@YAXPAX@Z         00401c78 f   Memory.obj
 0001:00000cf7       ?Unlink@FMemHeader@@QAEXXZ 00401cf7 f i Memory.obj
 0001:00000d22       ?Link@CMemoryChain@@AAEXXZ 00401d22 f   Memory.obj
 0001:00000d41       ?Unlink@CMemoryChain@@AAEXXZ 00401d41 f   Memory.obj
 0001:00000d6c       ??2CMemoryChain@@SAPAXIH@Z 00401d6c f   Memory.obj
 0001:00000e35       ??3CMemoryChain@@SAXPAX@Z  00401e35 f   Memory.obj
 0001:00000eb6       ?Alloc@CMemoryChain@@QAEPAXIH@Z 00401eb6 f   Memory.obj
 0001:00000f82       ?GetSize@CMemoryChain@@QAEHXZ 00401f82 f   Memory.obj
 0001:00000f90       ?BuildAllocatorsTable@@YAHPAXH@Z 00401f90 f   Memory.obj
 0001:00001101       ?appInitMemory@@YAXXZ      00402101 f   Memory.obj
 0001:000014e9       ?Flush@COutputDevice@@UAEXXZ 004024e9 f i OutputDevice.obj
 0001:000014e9       ?Close@COutputDevice@@UAEXXZ 004024e9 f i OutputDevice.obj
 0001:000014ea       ?Write@COutputDeviceNull@@UAEXPBD@Z 004024ea f i OutputDevice.obj
 0001:00001504       ??_ECOutputDeviceNull@@UAEPAXI@Z 00402504 f i OutputDevice.obj
 0001:00001504       ??_GCOutputDevice@@UAEPAXI@Z 00402504 f i OutputDevice.obj
 0001:00001504       ??_GCOutputDeviceNull@@UAEPAXI@Z 00402504 f i OutputDevice.obj
 0001:00001504       ??_ECOutputDevice@@UAEPAXI@Z 00402504 f i OutputDevice.obj
 0001:00001547       ?Write@COutputDeviceLog@@UAEXPBD@Z 00402547 f i OutputDevice.obj
 0001:00001592       ??_ECOutputDeviceLog@@UAEPAXI@Z 00402592 f i OutputDevice.obj
 0001:00001592       ??_GCOutputDeviceLog@@UAEPAXI@Z 00402592 f i OutputDevice.obj
 0001:000015b2       ?Printf@COutputDevice@@QAAXPBDZZ 004025b2 f   OutputDevice.obj
 0001:00001623       ?Register@COutputDevice@@QAEXXZ 00402623 f   OutputDevice.obj
 0001:0000167f       ?Unregister@COutputDevice@@QAEXXZ 0040267f f   OutputDevice.obj
 0001:000016d2       ?appPrintf@@YAXPBDZZ       004026d2 f   OutputDevice.obj
 0001:00001809       ?appWPrintf@@YAXPBDZZ      00402809 f   OutputDevice.obj
 0001:0000186c       ??0COutputDeviceMemTail@@QAE@H@Z 0040286c f i ErrorMgr.obj
 0001:0000189d       ?Write@COutputDeviceMemTail@@UAEXPBD@Z 0040289d f i ErrorMgr.obj
 0001:000019b9       ??_ECOutputDeviceMemTail@@UAEPAXI@Z 004029b9 f i ErrorMgr.obj
 0001:000019b9       ??_GCOutputDeviceMemTail@@UAEPAXI@Z 004029b9 f i ErrorMgr.obj
 0001:000019d8       ??1COutputDeviceMemTail@@UAE@XZ 004029d8 f i ErrorMgr.obj
 0001:00001a21       ??0COutputDeviceFile@@QAE@XZ 00402a21 f i ErrorMgr.obj
 0001:00001a36       ?Write@COutputDeviceFile@@UAEXPBD@Z 00402a36 f i ErrorMgr.obj
 0001:00001a8d       ?Flush@COutputDeviceFile@@UAEXXZ 00402a8d f i ErrorMgr.obj
 0001:00001a9d       ?Close@COutputDeviceFile@@UAEXXZ 00402a9d f i ErrorMgr.obj
 0001:00001ab5       ??_GCOutputDeviceFile@@UAEPAXI@Z 00402ab5 f i ErrorMgr.obj
 0001:00001ab5       ??_ECOutputDeviceFile@@UAEPAXI@Z 00402ab5 f i ErrorMgr.obj
 0001:00001ad4       ??1COutputDeviceFile@@UAE@XZ 00402ad4 f i ErrorMgr.obj
 0001:00001b13       ?appBeginError@@YAPAVCOutputDevice@@PBD@Z 00402b13 f   ErrorMgr.obj
 0001:00001bde       ?appGetErrorLog@@YAPAVCOutputDevice@@XZ 00402bde f   ErrorMgr.obj
 0001:00001c49       ?Open@COutputDeviceFile@@QAEXPBD_N@Z 00402c49 f i ErrorMgr.obj
 0001:00001c8f       ?appFatalError@@YAXPBDZZ   00402c8f f   ErrorMgr.obj
 0001:00001ce5       ?appNonFatalError@@YAXPBDZZ 00402ce5 f   ErrorMgr.obj
 0001:00001d47       ?appUnwindPrefix@@YAXPBD@Z 00402d47 f   ErrorMgr.obj
 0001:00001df9       ?appUnwindThrow@@YAXPBDZZ  00402df9 f   ErrorMgr.obj
 0001:00001e6f       ?Reset@CErrorHandler@@QAEXXZ 00402e6f f   ErrorMgr.obj
 0001:00001ea0       ?appInitError@@YAXXZ       00402ea0 f   ErrorMgr.obj
 0001:00001f95       ?appShutdownError@@YAXXZ   00402f95 f   ErrorMgr.obj
 0001:0000201f       ?GetTail@COutputDeviceMemTail@@QAEPBDH@Z 0040301f f i ErrorMgr.obj
 0001:00002045       ?sprintf@?$TString@$0CAA@@@QAAHPBDZZ 00403045 f i ErrorMgr.obj
 0001:00002062       ?win32ExceptFilter@@YGJPAU_EXCEPTION_POINTERS@@@Z 00403062 f   ExceptHandlerWin32.obj
 0001:00002205       ?win32ExceptFilter2@@YAIXZ 00403205 f   ExceptHandlerWin32.obj
 0001:0000220e       ?sprintf@?$TString@$0EAA@@@QAAHPBDZZ 0040320e f i ExceptHandlerWin32.obj
 0001:0000222b       ?DumpRegs@@YAXPAVCOutputDevice@@PAU_CONTEXT@@@Z 0040322b f   ExceptDumpers.obj
 0001:0000233c       ?DumpMem@@YAXPAVCOutputDevice@@PBIPAU_CONTEXT@@@Z 0040333c f   ExceptDumpers.obj
 0001:0000257b       ?UnwindEbpFrame@@YAXPAVCOutputDevice@@PBI@Z 0040357b f   ExceptDumpers.obj
 0001:0000260c       ?GetLine@CSimpleParser@@QAEPBDXZ 0040360c f   ScriptParser.obj
 0001:00002723       ?SkipBraces@CSimpleParser@@QAEPBDXZ 00403723 f   ScriptParser.obj
 0001:00002759       ?appStricmp@@YAHPBD0@Z     00403759 f   Strings.obj
 0001:00002790       ?toLower@@YADD@Z           00403790 f i Strings.obj
 0001:000027ab       ?appStrncpylwr@@YAXPADPBDH@Z 004037ab f   Strings.obj
 0001:000027e3       ?appStrncpyz@@YAXPADPBDH@Z 004037e3 f   Strings.obj
 0001:00002810       ?appStrcatn@@YAXPADHPBD@Z  00403810 f   Strings.obj
 0001:0000283c       ?appCopyFilename@@YAXPADPBDH@Z 0040383c f   Strings.obj
 0001:00002964       ?appCStrlen@@YAHPBD@Z      00403964 f   Strings.obj
 0001:0000298c       ?appUncolorizeString@@YAXPADPBD@Z 0040398c f   Strings.obj
 0001:000029be       ?va@@YAPBDPBDZZ            004039be f   Strings.obj
 0001:00002ab2       ?appSprintf@@YAHPADHPBDZZ  00403ab2 f   Strings.obj
 0001:00002b51       ?appMatchWildcard@@YA_NPBD0_N@Z 00403b51 f   Strings.obj
 0001:00002d96       ?appIsWildcard@@YA_NPBD@Z  00403d96 f   Strings.obj
 0001:00002dc2       ?appStrdup@@YAPADPBD@Z     00403dc2 f   Strings.obj
 0001:00002e03       ?appStrdup@@YAPADPBDPAVCMemoryChain@@@Z 00403e03 f   Strings.obj
 0001:00002e38       ??0CStringItem@@QAE@XZ     00403e38 f   Strings.obj
 0001:00002e43       ??2CStringItem@@SAPAXIPBD@Z 00403e43 f   Strings.obj
 0001:00002edd       ??2CStringItem@@SAPAXIPBDPAVCMemoryChain@@@Z 00403edd f   Strings.obj
 0001:00002f52       ?Find@CStringList@@IAEPAVCStringItem@@PBDPAPAV2@@Z 00403f52 f   Strings.obj
 0001:00002fdd       ?Find@CStringList@@IAEPAVCStringItem@@H@Z 00403fdd f   Strings.obj
 0001:00003049       ?IndexOf@CStringList@@QAEHPBD@Z 00404049 f   Strings.obj
 0001:000030cb       ?Remove@CStringList@@QAE_NPAVCStringItem@@@Z 004040cb f   Strings.obj
 0001:0000314f       ?Add@CTextContainer@@QAEPAUCTextRec@@PBD@Z 0040414f f   TextContainer.obj
 0001:000031fb       ?Enumerate@CTextContainer@@QAEXP6AXPBUCTextRec@@@Z@Z 004041fb f   TextContainer.obj
 0001:00003267       ?SubtractPath@@YAPBDPBD0@Z 00404267 f   FileSystem.obj
 0001:000032ff       ?appMakeDirectoryForFile@@YAXPBD@Z 004042ff f   FileSystem.obj
 0001:00003335       ?appOpenFile@@YAPAVCFile@@PBD@Z 00404335 f   FileSystem.obj
 0001:00003372       ?Read@CFileOS@@UAEHPAXH@Z  00404372 f i FileSystem.obj
 0001:00003399       ?GetSize@CFileOS@@UAEHXZ   00404399 f i FileSystem.obj
 0001:000033e4       ?Eof@CFileOS@@UAE_NXZ      004043e4 f i FileSystem.obj
 0001:000033f8       ??_GCFileOS@@UAEPAXI@Z     004043f8 f i FileSystem.obj
 0001:000033f8       ??_ECFileOS@@UAEPAXI@Z     004043f8 f i FileSystem.obj
 0001:0000342d       ??_GCFile@@UAEPAXI@Z       0040442d f i FileSystem.obj
 0001:0000342d       ??_ECFile@@UAEPAXI@Z       0040442d f i FileSystem.obj
 0001:0000344d       ?ReadByte@CFile@@QAEEXZ    0040444d f   FileSystem.obj
 0001:00003465       ?ReadInt@CFile@@QAEHXZ     00404465 f   FileSystem.obj
 0001:0000347d       ?ReadString@CFile@@QAEXPADH@Z 0040447d f   FileSystem.obj
 0001:000034bd       ?GetType@CFileContainer@@MAEPBDXZ 004044bd f   FileSystem.obj
 0001:000034c3       ?Mount@CFileSystem@@QAEXAAVCFileContainer@@PBD@Z 004044c3 f   FileSystem.obj
 0001:00003519       ?Umount@CFileSystem@@QAEXAAVCFileContainer@@@Z 00404519 f   FileSystem.obj
 0001:00003553       ?MountDirectory@CFileSystem@@QAEPAVCFileContainer@@PBD0@Z 00404553 f   FileSystem.obj
 0001:00003598       ?GetType@CFileContainerOS@@MAEPBDXZ 00404598 f i FileSystem.obj
 0001:0000359e       ?FileExists@CFileContainerOS@@UAE_NPBD@Z 0040459e f i FileSystem.obj
 0001:000035c8       ?OpenFile@CFileContainerOS@@UAEPAVCFile@@PBD@Z 004045c8 f i FileSystem.obj
 0001:000035e8       ?List@CFileContainerOS@@UAEXAAVCFileList@@PBDI@Z 004045e8 f i FileSystem.obj
 0001:00003611       ??_ECFileContainerOS@@UAEPAXI@Z 00404611 f i FileSystem.obj
 0001:00003611       ??_GCFileContainerOS@@UAEPAXI@Z 00404611 f i FileSystem.obj
 0001:00003631       ??_ECFileContainer@@UAEPAXI@Z 00404631 f i FileSystem.obj
 0001:00003631       ??_GCFileContainer@@UAEPAXI@Z 00404631 f i FileSystem.obj
 0001:00003651       ?MountArchive@CFileSystem@@QAEPAVCFileContainer@@PBD0@Z 00404651 f   FileSystem.obj
 0001:00003768       ?Mount@CFileSystem@@QAEXPBD0@Z 00404768 f   FileSystem.obj
 0001:0000399a       ?Umount@CFileSystem@@QAEXPBD@Z 0040499a f   FileSystem.obj
 0001:00003a36       ?List@CFileSystem@@UAEPAVCFileList@@PBDIPAV2@@Z 00404a36 f   FileSystem.obj
 0001:00003bf1       ?RegisterFormat@CFileSystem@@SAXP6APAVCFileContainer@@PBDPAU_iobuf@@@Z@Z 00404bf1 f   FileSystem.obj
 0001:00003c35       ?FileExists@CFileSystem@@UAE_NPBDI@Z 00404c35 f   FileSystem.obj
 0001:00003cb4       ?OpenFile@CFileSystem@@UAEPAVCFile@@PBDI@Z 00404cb4 f   FileSystem.obj
 0001:00003d59       ?LoadFile@CFileSystem@@QAEPAXPBDPAI@Z 00404d59 f   FileSystem.obj
 0001:00003e29       ?cMount@@YAX_NHPAPAD@Z     00404e29 f   FileSystem.obj
 0001:00003f67       ?cUmount@@YAX_NHPAPAD@Z    00404f67 f   FileSystem.obj
 0001:00003f96       ?appInitFileSystem@@YAXAAVCFileSystem@@@Z 00404f96 f   FileSystem.obj
 0001:0000438d       ?appListDirectory@@YAXPBDAAVCFileList@@I@Z 0040538d f   FileSystemWin32.obj
 0001:000045d4       ?appMakeDirectory@@YAXPBD@Z 004055d4 f   FileSystemWin32.obj
 0001:00004641       ?appFileType@@YAIPBD@Z     00405641 f   FileSystemWin32.obj
 0001:00004681       ?FindDir@CFileContainerArc@@IAEPAVCArcDir@1@PBD_N@Z 00405681 f   FileContainerArc.obj
 0001:0000476a       ?FindFile@CFileContainerArc@@IAEPAVCStringItem@@PBD@Z 0040576a f   FileContainerArc.obj
 0001:000047d5       ?FileExists@CFileContainerArc@@UAE_NPBD@Z 004057d5 f   FileContainerArc.obj
 0001:000047ea       ?OpenFile@CFileContainerArc@@UAEPAVCFile@@PBD@Z 004057ea f   FileContainerArc.obj
 0001:00004809       ?List@CFileContainerArc@@UAEXAAVCFileList@@PBDI@Z 00405809 f   FileContainerArc.obj
 0001:00004976       ?SCR_StopCinematic@@YAXXZ  00405976 f   cl_cin.obj
 0001:00004a0a       ?SCR_DrawCinematic@@YA_NXZ 00405a0a f   cl_cin.obj
 0001:00004e01       ?SCR_PlayCinematic@@YAXPBD@Z 00405e01 f   cl_cin.obj
 0001:00005158       ?sprintf@?$TString@$0EA@@@QAAHPBDZZ 00406158 f i cl_cin.obj
 0001:00005172       ?CL_Download_f@@YAX_NHPAPAD@Z 00406172 f   cl_download.obj
 0001:0000551f       ?CL_ParseDownload@@YAXXZ   0040651f f   cl_download.obj
 0001:00005d44       ?CL_Precache_f@@YAXHPAPAD@Z 00406d44 f   cl_download.obj
 0001:00005da2       ?sprintf@?$TString@$0IA@@@QAAHPBDZZ 00406da2 f i cl_download.obj
 0001:00005dbf       ?CL_ParseDelta@@YAXPAUclEntityState_t@@0HI_N@Z 00406dbf f   cl_ents.obj
 0001:00005f3f       ?CL_ParseFrame@@YAXXZ      00406f3f f   cl_ents.obj
 0001:000065f4       ?CL_AddEntityBox@@YAXPAUclEntityState_t@@I@Z 004075f4 f   cl_ents.obj
 0001:000066f8       ?Lerp@@YAXABUCVec3@@0MAAU1@@Z 004076f8 f i cl_ents.obj
 0001:0000672f       ?CL_OffsetThirdPersonView@@YAXXZ 0040772f f   cl_ents.obj
 0001:00006817       ?CL_AddEntities@@YAXXZ     00407817 f   cl_ents.obj
 0001:00007758       ?CL_ClearLightStyles@@YAXXZ 00408758 f   cl_fx.obj
 0001:000077da       ?CL_SetLightstyle@@YAXHPBD@Z 004087da f   cl_fx.obj
 0001:0000783b       ?CL_AllocDlight@@YAPAUcdlight_t@@HABUCVec3@@@Z 0040883b f   cl_fx.obj
 0001:000078a6       ?CL_AllocParticleTrace@@YAPAUparticleTrace_t@@ABUCVec3@@0MM@Z 004088a6 f   cl_fx.obj
 0001:00007935       ?CL_AllocParticleBeam@@YAPAUbeam_t@@ABUCVec3@@0MM@Z 00408935 f   cl_fx.obj
 0001:000079aa       ?CL_AllocParticle@@YAPAUparticle_t@@XZ 004089aa f   cl_fx.obj
 0001:000079fd       ?CL_MetalSparks@@YAXABUCVec3@@0H@Z 004089fd f   cl_fx.obj
 0001:00007afb       ?CL_AddEffects@@YAXXZ      00408afb f   cl_fx.obj
 0001:00008202       ?CL_ClearEffects@@YAXXZ    00409202 f   cl_fx.obj
 0001:00008284       ?CL_EntityEvent@@YAXPAUclEntityState_t@@@Z 00409284 f   cl_fx.obj
 0001:0000843b       ?CL_ParseMuzzleFlash@@YAXXZ 0040943b f   cl_fx.obj
 0001:000087ab       ?CL_ParseMuzzleFlash2@@YAXXZ 004097ab f   cl_fx.obj
 0001:00008c21       ?CL_ParticleEffect@@YAXABUCVec3@@0HH@Z 00409c21 f   cl_fx.obj
 0001:00008e0a       ?CL_ParticleEffect2@@YAXABUCVec3@@0HH@Z 00409e0a f   cl_fx.obj
 0001:00008e32       ?CL_ParticleEffect3@@YAXABUCVec3@@0HH@Z 00409e32 f   cl_fx.obj
 0001:00008e5a       ?CL_TeleporterParticles@@YAXPAUclEntityState_t@@@Z 00409e5a f   cl_fx.obj
 0001:00008e7c       ?CL_LogoutEffect@@YAXABUCVec3@@H@Z 00409e7c f   cl_fx.obj
 0001:00008eb4       ?CL_ItemRespawnParticles@@YAXABUCVec3@@@Z 00409eb4 f   cl_fx.obj
 0001:00008ed2       ?CL_ExplosionParticles@@YAXABUCVec3@@@Z 00409ed2 f   cl_fx.obj
 0001:00008ef3       ?CL_BFGExplosionParticles@@YAXABUCVec3@@@Z 00409ef3 f   cl_fx.obj
 0001:00008f14       ?CL_TrackerExplosionParticles@@YAXABUCVec3@@@Z 00409f14 f   cl_fx.obj
 0001:00008f35       ?CL_BlasterParticles@@YAXABUCVec3@@0I@Z 00409f35 f   cl_fx.obj
 0001:00008f5c       ?CL_BlasterTrail@@YAXAAUcentity_t@@@Z 00409f5c f   cl_fx.obj
 0001:00009063       ?CL_BlasterTrail2@@YAXAAUcentity_t@@@Z 0040a063 f   cl_fx.obj
 0001:0000907a       ?CL_FlagTrail@@YAXAAUcentity_t@@H@Z 0040a07a f   cl_fx.obj
 0001:00009099       ?CL_RocketTrail@@YAXAAUcentity_t@@@Z 0040a099 f   cl_fx.obj
 0001:000090d8       ?CL_BubbleTrail@@YAXABUCVec3@@0@Z 0040a0d8 f   cl_fx.obj
 0001:00009174       ?CL_BubbleTrail2@@YAXABUCVec3@@0@Z 0040a174 f   cl_fx.obj
 0001:0000918e       ?CL_TagTrail@@YAXAAUcentity_t@@@Z 0040a18e f   cl_fx.obj
 0001:000091a5       ?CL_DebugTrail@@YAXABUCVec3@@0@Z 0040a1a5 f   cl_fx.obj
 0001:000091bf       ?CL_ForceWall@@YAXABUCVec3@@0H@Z 0040a1bf f   cl_fx.obj
 0001:000091e1       ?CL_BigTeleportParticles@@YAXABUCVec3@@@Z 0040a1e1 f   cl_fx.obj
 0001:0000931c       ?CL_BfgParticles@@YAXABUCVec3@@@Z 0040a31c f   cl_fx.obj
 0001:00009496       ?CL_FlyEffect@@YAXAAUcentity_t@@@Z 0040a496 f   cl_fx.obj
 0001:00009622       ?CL_DiminishingTrail@@YAXAAUcentity_t@@H@Z 0040a622 f   cl_fx.obj
 0001:0000977c       ?CL_RailTrail@@YAXABUCVec3@@0@Z 0040a77c f   cl_fx.obj
 0001:000098f2       ?CL_RailTrailExt@@YAXABUCVec3@@0EE@Z 0040a8f2 f   cl_fx.obj
 0001:00009a37       ?CL_IonripperTrail@@YAXAAUcentity_t@@@Z 0040aa37 f   cl_fx.obj
 0001:00009b91       ?CL_TrapParticles@@YAXABUCVec3@@@Z 0040ab91 f   cl_fx.obj
 0001:00009d04       ?CL_TeleportParticles@@YAXABUCVec3@@@Z 0040ad04 f   cl_fx.obj
 0001:00009e3a       ?CL_Heatbeam@@YAXABUCVec3@@0@Z 0040ae3a f   cl_fx.obj
 0001:0000a0e0       ?CL_ParticleSteamEffect@@YAXABUCVec3@@0HHH@Z 0040b0e0 f   cl_fx.obj
 0001:0000a219       ?CL_ParticleSmokeEffect@@YAXABUCVec3@@0@Z 0040b219 f   cl_fx.obj
 0001:0000a335       ?CL_TrackerTrail@@YAXAAUcentity_t@@@Z 0040b335 f   cl_fx.obj
 0001:0000a4b3       ?CL_TrackerShell@@YAXABUCVec3@@@Z 0040b4b3 f   cl_fx.obj
 0001:0000a53f       ?CL_MonsterPlasmaShell@@YAXABUCVec3@@@Z 0040b53f f   cl_fx.obj
 0001:0000a5c8       ?CL_WidowSplash@@YAXABUCVec3@@@Z 0040b5c8 f   cl_fx.obj
 0001:0000a6a9       ?CL_InitInput@@YAXXZ       0040b6a9 f   cl_input.obj
 0001:0000ac57       ?CL_SendCmd@@YAXXZ         0040bc57 f   cl_input.obj
 0001:0000b23a       ?CL_WriteDemoMessage@@YAXXZ 0040c23a f   cl_main.obj
 0001:0000b27c       ?Cmd_ForwardToServer@@YAXHPAPAD@Z 0040c27c f   cl_main.obj
 0001:0000b341       ?CL_ForwardToServer_f@@YAXHPAPAD@Z 0040c341 f   cl_main.obj
 0001:0000b38a       ?CL_Pause@@YAX_N@Z         0040c38a f   cl_main.obj
 0001:0000b3cf       ?CL_Drop@@YAX_N@Z          0040c3cf f   cl_main.obj
 0001:0000b3fa       ?CL_SendConnectPacket@@YAXXZ 0040c3fa f   cl_main.obj
 0001:0000b460       ?CL_Connect_f@@YAX_NHPAPAD@Z 0040c460 f   cl_main.obj
 0001:0000b4cd       ?CL_Rcon_f@@YAXHPAPAD@Z    0040c4cd f   cl_main.obj
 0001:0000b5b9       ?CL_Disconnect@@YAXXZ      0040c5b9 f   cl_main.obj
 0001:0000b764       ?CL_Disconnect_f@@YAXXZ    0040c764 f   cl_main.obj
 0001:0000b76e       ?CL_Changing_f@@YAXXZ      0040c76e f   cl_main.obj
 0001:0000b792       ?CL_Reconnect_f@@YAXXZ     0040c792 f   cl_main.obj
 0001:0000b82e       ?CL_PingServers_f@@YAXXZ   0040c82e f   cl_main.obj
 0001:0000bbea       ?CL_ConnectionlessPacket@@YAXXZ 0040cbea f   cl_main.obj
 0001:0000bce7       ?CL_Userinfo_f@@YAXXZ      0040cce7 f   cl_main.obj
 0001:0000bd02       ?CL_RegisterSounds@@YAXXZ  0040cd02 f   cl_main.obj
 0001:0000bd41       ?CL_Snd_Restart_f@@YAXXZ   0040cd41 f   cl_main.obj
 0001:0000bd50       ?CL_WriteConfiguration@@YAXPBD@Z 0040cd50 f   cl_main.obj
 0001:0000be37       ?CL_WriteConfig_f@@YAX_NHPAPAD@Z 0040ce37 f   cl_main.obj
 0001:0000bea2       ?CL_FixCvarCheats@@YAXXZ   0040cea2 f   cl_main.obj
 0001:0000bef3       ?CL_Frame@@YAXMM@Z         0040cef3 f   cl_main.obj
 0001:0000c370       ?CL_ClearState@@YAXXZ      0040d370 f   cl_main.obj
 0001:0000c3ae       ?CL_Init@@YAXXZ            0040d3ae f   cl_main.obj
 0001:0000c85d       ?CL_Shutdown@@YAXXZ        0040d85d f   cl_main.obj
 0001:0000c8b9       ?CL_ParseClientinfo@@YAXH@Z 0040d8b9 f   cl_parse.obj
 0001:0000c971       ?CL_UpdatePlayerClientInfo@@YAXXZ 0040d971 f   cl_parse.obj
 0001:0000c9b2       ?CL_ParseServerMessage@@YAXXZ 0040d9b2 f   cl_parse.obj
 0001:0000d19d       ?FreePlayerModelsInfo@@YAXXZ 0040e19d f   cl_playermodel.obj
 0001:0000d1c3       ?ScanPlayerModels@@YA_NXZ  0040e1c3 f   cl_playermodel.obj
 0001:0000d5bd       ?RunAnimation@@YAXAAUclientInfo_t@@AAUanimState_t@@H@Z 0040e5bd f   cl_playermodel.obj
 0001:0000d7ab       ?CL_LoadClientinfo@@YAXAAUclientInfo_t@@PBD_N@Z 0040e7ab f   cl_playermodel.obj
 0001:0000e43c       ?ParsePlayerEntity@@YAHAAUcentity_t@@AAUclientInfo_t@@PAUclEntityState_t@@ABUentity_t@@PAU4@HH@Z 0040f43c f   cl_playermodel.obj
 0001:0000ef95       ?CreateAndInsert@?$TList@VCStringItem@@@@QAEPAVCStringItem@@PBDPAVCMemoryChain@@@Z 0040ff95 f i cl_playermodel.obj
 0001:0000efcd       ?Insert@?$TList@VCStringItem@@@@QAE_NPAVCStringItem@@@Z 0040ffcd f i cl_playermodel.obj
 0001:0000efcd       ?Insert@?$TList@VshaderScript_t@OpenGLDrv@@@@QAE_NPAVshaderScript_t@OpenGLDrv@@@Z 0040ffcd f i cl_playermodel.obj
 0001:0000efcd       ?Insert@?$TList@VplayerModelInfo_t@@@@QAE_NPAVplayerModelInfo_t@@@Z 0040ffcd f i cl_playermodel.obj
 0001:0000f003       ?CL_CheckPredictionError@@YAXXZ 00410003 f   cl_pred.obj
 0001:0000f196       ?CL_EntityTrace@@YAXAAUtrace_t@@ABUCVec3@@1ABUCBox@@H@Z 00410196 f   cl_pred.obj
 0001:0000f532       ?CL_Trace@@YAXAAUtrace_t@@ABUCVec3@@1ABUCBox@@H@Z 00410532 f   cl_pred.obj
 0001:0000f5ae       ?CL_PMpointcontents@@YAHABUCVec3@@@Z 004105ae f   cl_pred.obj
 0001:0000f73a       ?CL_PredictMovement@@YAXXZ 0041073a f   cl_pred.obj
 0001:0000faed       ?DrawString@@YAXHHPBD@Z    00410aed f   cl_scrn.obj
 0001:0000fb32       ?SCR_DebugGraph@@YAXMH@Z   00410b32 f   cl_scrn.obj
 0001:0000fb5c       ?SCR_CenterPrint@@YAXPBD@Z 00410b5c f   cl_scrn.obj
 0001:0000fc62       ?Key_Message@@YAXH@Z       00410c62 f   cl_scrn.obj
 0001:0000fd02       ?SCR_SetLevelshot@@YAXPBD@Z 00410d02 f   cl_scrn.obj
 0001:0000fdfb       ?SCR_BeginLoadingPlaque@@YAXXZ 00410dfb f   cl_scrn.obj
 0001:0000fe86       ?SCR_EndLoadingPlaque@@YAX_N@Z 00410e86 f   cl_scrn.obj
 0001:0000ff0b       ?SCR_LoadingNotify@@YAXPBDM@Z 00410f0b f   cl_scrn.obj
 0001:0000ff35       ?SCR_ShowConsole@@YAX_N0@Z 00410f35 f   cl_scrn.obj
 0001:0000fffa       ?SCR_ToggleConsole@@YAXXZ  00410ffa f   cl_scrn.obj
 0001:00010022       ?SCR_TouchPics@@YAXXZ      00411022 f   cl_scrn.obj
 0001:00010078       ?SCR_UpdateScreen@@YAXXZ   00411078 f   cl_scrn.obj
 0001:00011407       ?SCR_Init@@YAXXZ           00412407 f   cl_scrn.obj
 0001:00011738       ?sprintf@?$TString@$0BA@@@QAAHPBDZZ 00412738 f i cl_scrn.obj
 0001:00011752       ?CL_RegisterTEntSounds@@YAXXZ 00412752 f   cl_tent.obj
 0001:000119a7       ?CL_RegisterTEntModels@@YAXXZ 004129a7 f   cl_tent.obj
 0001:00011af8       ?CL_ClearTEnts@@YAXXZ      00412af8 f   cl_tent.obj
 0001:00011b29       ?CL_SmokeAndFlash@@YAXABUCVec3@@@Z 00412b29 f   cl_tent.obj
 0001:00011cc1       ?CL_ParseTEnt@@YAXXZ       00412cc1 f   cl_tent.obj
 0001:00012eab       ?CL_AddTEnts@@YAXXZ        00413eab f   cl_tent.obj
 0001:000138b2       ?V_AddEntity@@YAXPAUentity_t@@@Z 004148b2 f   cl_view.obj
 0001:000138f0       ?V_AddEntity2@@YAXPAUentity_t@@@Z 004148f0 f   cl_view.obj
 0001:00013922       ?AddEntityWithEffects2@@YAXPAUentity_t@@I@Z 00414922 f   cl_view.obj
 0001:000139c3       ?AddEntityWithEffects@@YAXPAUentity_t@@I@Z 004149c3 f   cl_view.obj
 0001:000139e4       ?V_AddLight@@YAXABUCVec3@@MMMM@Z 004149e4 f   cl_view.obj
 0001:00013a29       ?V_TestEntities@@YAXXZ     00414a29 f   cl_view.obj
 0001:00013b56       ?V_TestLights@@YAXXZ       00414b56 f   cl_view.obj
 0001:00013c2c       ?V_InitRenderer@@YAXXZ     00414c2c f   cl_view.obj
 0001:00014063       ?CalcFov@@YAMMMM@Z         00415063 f   cl_view.obj
 0001:000140d1       ?V_RenderView@@YA_NXZ      004150d1 f   cl_view.obj
 0001:00014e42       ?V_Init@@YAXXZ             00415e42 f   cl_view.obj
 0001:00014ef1       ?Con_ClearNotify@@YAXXZ    00415ef1 f   console.obj
 0001:00014f00       ?Con_CheckResize@@YAXXZ    00415f00 f   console.obj
 0001:00015027       ?Write@COutputDeviceCon@@UAEXPBD@Z 00416027 f   console.obj
 0001:0001522d       ?Con_DrawNotify@@YAX_N@Z   0041622d f   console.obj
 0001:00015403       ?Con_DrawConsole@@YAXM@Z   00416403 f   console.obj
 0001:000156b7       ?Con_ClearTyping@@YAXXZ    004166b7 f   console.obj
 0001:000156d0       ?Key_Console@@YAXHH@Z      004166d0 f   console.obj
 0001:00015b1d       ?Con_Init@@YAXXZ           00416b1d f   console.obj
 0001:00015c8b       ?Key_KeynumToString@@YAPBDH@Z 00416c8b f   keys.obj
 0001:00015d51       ?Draw@completeMenu_t@@UAEXXZ 00416d51 f i keys.obj
 0001:00015d82       ?KeyDown@completeMenu_t@@UAEPBDH@Z 00416d82 f i keys.obj
 0001:00015dae       ?Init@completeMenu_t@@UAE_NXZ 00416dae f i keys.obj
 0001:00015ed5       ?CompleteMenuCallback@completeMenu_t@@SAXPAX@Z 00416ed5 f i keys.obj
 0001:00015f66       ?CompleteCommand@@YAXXZ    00416f66 f   keys.obj
 0001:00016677       ?Key_SetBinding@@YAXHPBD@Z 00417677 f   keys.obj
 0001:000166b7       ?Key_FindBinding@@YAHPBDPAHH@Z 004176b7 f   keys.obj
 0001:00016705       ?Key_WriteBindings@@YAXPAVCOutputDevice@@@Z 00417705 f   keys.obj
 0001:0001674f       ?Key_Init@@YAXXZ           0041774f f   keys.obj
 0001:00016a33       ?Key_Event@@YAXH_N@Z       00417a33 f   keys.obj
 0001:00016d92       ?Key_ClearStates@@YAXXZ    00417d92 f   keys.obj
 0001:00016dc7       ?M_ForceMenuOn@@YAXXZ      00417dc7 f   menu.obj
 0001:00016de6       ?Draw@menuMain_t@@UAEXXZ   00417de6 f i menu.obj
 0001:00016f22       ?KeyDown@menuMain_t@@UAEPBDH@Z 00417f22 f i menu.obj
 0001:00016fe3       ?Init@menuMain_t@@UAE_NXZ  00417fe3 f i menu.obj
 0001:00016feb       ?M_Menu_Main_f@@YAXXZ      00417feb f   menu.obj
 0001:00017005       ?Init@multiplayerMenu_t@@UAE_NXZ 00418005 f i menu.obj
 0001:00017129       ?Init@keysMenu_t@@UAE_NXZ  00418129 f i menu.obj
 0001:00017317       ?KeyCursorDrawFunc@keysMenu_t@@SAXPAUmenuFramework_t@@@Z 00418317 f i menu.obj
 0001:0001735a       ?DrawKeyBindingFunc@keysMenu_t@@SAXPAX@Z 0041835a f i menu.obj
 0001:00017421       ?KeyDown@keysMenu_t@@UAEPBDH@Z 00418421 f i menu.obj
 0001:000174ce       ?UnbindCommand@keysMenu_t@@QAEXPAD@Z 004184ce f i menu.obj
 0001:00017513       ?KeyBindingFunc@keysMenu_t@@QAEXPAX@Z 00418513 f i menu.obj
 0001:00017575       ?Init@optionsMenu_t@@UAE_NXZ 00418575 f i menu.obj
 0001:00017928       ?CrosshairFunc@optionsMenu_t@@SAXPAX@Z 00418928 f i menu.obj
 0001:00017950       ?JoystickFunc@optionsMenu_t@@SAXPAX@Z 00418950 f i menu.obj
 0001:00017965       ?AlwaysRunFunc@optionsMenu_t@@SAXPAX@Z 00418965 f i menu.obj
 0001:0001797a       ?MouseSpeedFunc@optionsMenu_t@@SAXPAX@Z 0041897a f i menu.obj
 0001:00017997       ?InvertMouseFunc@optionsMenu_t@@SAXPAX@Z 00418997 f i menu.obj
 0001:000179d0       ?UpdateVolumeFunc@optionsMenu_t@@SAXPAX@Z 004189d0 f i menu.obj
 0001:000179ed       ?UpdateCDVolumeFunc@optionsMenu_t@@SAXPAX@Z 004189ed f i menu.obj
 0001:00017a07       ?SetMenuItemValues@optionsMenu_t@@SAXXZ 00418a07 f i menu.obj
 0001:00017b4f       ?ResetDefaultsFunc@optionsMenu_t@@SAXPAX@Z 00418b4f f i menu.obj
 0001:00017b64       ?UpdateSoundFunc@optionsMenu_t@@SAXPAX@Z 00418b64 f i menu.obj
 0001:00017d68       ?ScanCrosshairs@optionsMenu_t@@SAXXZ 00418d68 f i menu.obj
 0001:00017dc5       ?Draw@optionsMenu_t@@UAEXXZ 00418dc5 f i menu.obj
 0001:00017e2a       ?Draw@creditsMenu_t@@UAEXXZ 00418e2a f i menu.obj
 0001:00017ed1       ?KeyDown@creditsMenu_t@@UAEPBDH@Z 00418ed1 f i menu.obj
 0001:00017f11       ?Init@creditsMenu_t@@UAE_NXZ 00418f11 f i menu.obj
 0001:00017f92       ?Init@gameMenu_t@@UAE_NXZ  00418f92 f i menu.obj
 0001:0001811d       ?EasyGameFunc@gameMenu_t@@SAXPAX@Z 0041911d f i menu.obj
 0001:00018129       ?StartGame@gameMenu_t@@SAXPBD@Z 00419129 f i menu.obj
 0001:00018184       ?MediumGameFunc@gameMenu_t@@SAXPAX@Z 00419184 f i menu.obj
 0001:00018190       ?HardGameFunc@gameMenu_t@@SAXPAX@Z 00419190 f i menu.obj
 0001:000181ac       ?Init@savegameMenu_t@@UAE_NXZ 004191ac f i menu.obj
 0001:000182bc       ?Create_Savestrings@savegameMenu_t@@QAEXXZ 004192bc f i menu.obj
 0001:0001837c       ?LoadGameCallback@savegameMenu_t@@SAXPAX@Z 0041937c f i menu.obj
 0001:000183a9       ?SaveGameCallback@savegameMenu_t@@SAXPAX@Z 004193a9 f i menu.obj
 0001:000183cc       ?Draw@savegameMenu_t@@UAEXXZ 004193cc f i menu.obj
 0001:000183e7       ?DrawSavegameShot@savegameMenu_t@@QAEXHH@Z 004193e7 f i menu.obj
 0001:000184c2       ?Init@joinserverMenu_t@@UAE_NXZ 004194c2 f i menu.obj
 0001:000185f9       ?JoinServerFunc@joinserverMenu_t@@SAXPAX@Z 004195f9 f i menu.obj
 0001:0001865e       ?SearchLocalGames@joinserverMenu_t@@SAXXZ 0041965e f i menu.obj
 0001:000186c9       ?M_AddToServerList@@YAXUnetadr_t@@PAD@Z 004196c9 f   menu.obj
 0001:00018754       ?Init@startserverMenu_t@@UAE_NXZ 00419754 f i menu.obj
 0001:00018be2       ?DMOptionsFunc@startserverMenu_t@@SAXPAX@Z 00419be2 f i menu.obj
 0001:00018bf2       ?RulesChangeFunc@startserverMenu_t@@SAXPAX@Z 00419bf2 f i menu.obj
 0001:00018c6a       ?StartServerActionFunc@startserverMenu_t@@SAXPAX@Z 00419c6a f i menu.obj
 0001:00018c95       ?StartServerFunc@startserverMenu_t@@SAXPAD@Z 00419c95 f i menu.obj
 0001:00018ecb       ?KeyDown@startserverMenu_t@@UAEPBDH@Z 00419ecb f i menu.obj
 0001:00018f2a       ?Init@dmoptionsMenu_t@@UAE_NXZ 00419f2a f i menu.obj
 0001:00019507       ?DMFlagCallback@dmoptionsMenu_t@@SAXPAX@Z 0041a507 f i menu.obj
 0001:000196e5       ?Init@downloadOptionsMenu_t@@UAE_NXZ 0041a6e5 f i menu.obj
 0001:000198bf       ?DownloadCallback@downloadOptionsMenu_t@@SAXPAX@Z 0041a8bf f i menu.obj
 0001:0001992d       ?Init@addressBookMenu_t@@UAE_NXZ 0041a92d f i menu.obj
 0001:000199d3       ?KeyDown@addressBookMenu_t@@UAEPBDH@Z 0041a9d3 f i menu.obj
 0001:00019a32       ?Init@playerConfigMenu_t@@UAE_NXZ 0041aa32 f i menu.obj
 0001:00019f79       ?HandednessCallback@playerConfigMenu_t@@SAXPAX@Z 0041af79 f i menu.obj
 0001:00019f8e       ?RTypeCallback@playerConfigMenu_t@@SAXPAX@Z 0041af8e f i menu.obj
 0001:00019fa3       ?RColorCallback@playerConfigMenu_t@@SAXPAX@Z 0041afa3 f i menu.obj
 0001:00019fb8       ?RateCallback@playerConfigMenu_t@@SAXPAX@Z 0041afb8 f i menu.obj
 0001:00019fdb       ?ModelCallback@playerConfigMenu_t@@SAXPAX@Z 0041afdb f i menu.obj
 0001:0001a00f       ?SkinCallback@playerConfigMenu_t@@SAXPAX@Z 0041b00f f i menu.obj
 0001:0001a017       ?Draw@playerConfigMenu_t@@UAEXXZ 0041b017 f i menu.obj
 0001:0001a2f9       ?KeyDown@playerConfigMenu_t@@UAEPBDH@Z 0041b2f9 f i menu.obj
 0001:0001a3d9       ?Init@dmbrowseMenu_t@@UAE_NXZ 0041b3d9 f i menu.obj
 0001:0001a5e2       ?KeyDown@dmbrowseMenu_t@@UAEPBDH@Z 0041b5e2 f i menu.obj
 0001:0001a7ba       ?Draw@dmbrowseMenu_t@@UAEXXZ 0041b7ba f i menu.obj
 0001:0001a907       ?DrawThumbnail@dmbrowseMenu_t@@SAXHHHHPAD_N@Z 0041b907 f i menu.obj
 0001:0001a9e1       ?Init@videoMenu_t@@UAE_NXZ 0041b9e1 f i menu.obj
 0001:0001afba       ?ScreenSizeCallback@videoMenu_t@@SAXPAX@Z 0041bfba f i menu.obj
 0001:0001afdb       ?BrightnessCallback@videoMenu_t@@SAXPAX@Z 0041bfdb f i menu.obj
 0001:0001affc       ?ContrastCallback@videoMenu_t@@SAXPAX@Z 0041bffc f i menu.obj
 0001:0001b038       ?CancelChanges@videoMenu_t@@SAXPAX@Z 0041c038 f i menu.obj
 0001:0001b085       ?KeyDown@videoMenu_t@@UAEPBDH@Z 0041c085 f i menu.obj
 0001:0001b0ce       ?ApplyChanges@videoMenu_t@@SAXPAX@Z 0041c0ce f i menu.obj
 0001:0001b285       ?KeyDown@quitMenu_t@@UAEPBDH@Z 0041c285 f i menu.obj
 0001:0001b2c2       ?Draw@quitMenu_t@@UAEXXZ   0041c2c2 f i menu.obj
 0001:0001b332       ?M_Init@@YAXXZ             0041c332 f   menu.obj
 0001:0001b514       ?ItemAtCursor@menuFramework_t@@QAEPAUmenuCommon_t@@XZ 0041c514 f   qmenu.obj
 0001:0001b568       ?AddItem@menuFramework_t@@QAEXPAUmenuCommon_t@@@Z 0041c568 f   qmenu.obj
 0001:0001b624       ?AdjustCursor@menuFramework_t@@QAEXH@Z 0041c624 f   qmenu.obj
 0001:0001b79c       ?Center@menuFramework_t@@QAEXXZ 0041c79c f   qmenu.obj
 0001:0001b7dd       ?Draw@menuFramework_t@@UAEXXZ 0041c7dd f   qmenu.obj
 0001:0001bdb5       ?SelectItem@menuFramework_t@@QAE_NXZ 0041cdb5 f   qmenu.obj
 0001:0001be1a       ?SetStatusBar@menuFramework_t@@QAEXPBD@Z 0041ce1a f   qmenu.obj
 0001:0001be27       ?SlideItem@menuFramework_t@@QAEXH@Z 0041ce27 f   qmenu.obj
 0001:0001c3c5       ?Push@menuFramework_t@@QAEXXZ 0041d3c5 f   qmenu.obj
 0001:0001c444       ?M_ForceMenuOff@@YAXXZ     0041d444 f   qmenu.obj
 0001:0001c471       ?Pop@menuFramework_t@@QAEXXZ 0041d471 f   qmenu.obj
 0001:0001c4ab       ?KeyDown@menuFramework_t@@UAEPBDH@Z 0041d4ab f   qmenu.obj
 0001:0001c723       ?Init@menuFramework_t@@UAE_NXZ 0041d723 f   qmenu.obj
 0001:0001c726       ?M_Draw@@YAXXZ             0041d726 f   qmenu.obj
 0001:0001c761       ?M_Keydown@@YAXH@Z         0041d761 f   qmenu.obj
 0001:0001c783       ?InitRendererVars@@YAXXZ   0041d783 f   ref_vars.obj
 0001:0001c7a2       ?S_SoundInfo_f@@YAXXZ      0041d7a2 f   snd_dma.obj
 0001:0001c81c       ?S_Init@@YAXXZ             0041d81c f   snd_dma.obj
 0001:0001c8ee       ?S_Shutdown@@YAXXZ         0041d8ee f   snd_dma.obj
 0001:0001c981       ?S_BeginRegistration@@YAXXZ 0041d981 f   snd_dma.obj
 0001:0001c98f       ?S_RegisterSound@@YAPAUsfx_t@@PBD@Z 0041d98f f   snd_dma.obj
 0001:0001cb3a       ?S_EndRegistration@@YAXXZ  0041db3a f   snd_dma.obj
 0001:0001cbc3       ?S_PickChannel@@YAPAUchannel_t@@HH@Z 0041dbc3 f   snd_dma.obj
 0001:0001cc51       ?S_Spatialize@@YAXPAUchannel_t@@@Z 0041dc51 f   snd_dma.obj
 0001:0001ce33       ?S_AllocPlaysound@@YAPAUplaysound_t@@XZ 0041de33 f   snd_dma.obj
 0001:0001ce55       ?S_FreePlaysound@@YAXPAUplaysound_t@@@Z 0041de55 f   snd_dma.obj
 0001:0001ce88       ?S_IssuePlaysound@@YAXPAUplaysound_t@@@Z 0041de88 f   snd_dma.obj
 0001:0001cf59       ?S_StartSound@@YAXPBUCVec3@@HHPAUsfx_t@@MMM@Z 0041df59 f   snd_dma.obj
 0001:0001d31a       ?S_StartLocalSound@@YAXPBD@Z 0041e31a f   snd_dma.obj
 0001:0001d36c       ?S_ClearBuffer@@YAXXZ      0041e36c f   snd_dma.obj
 0001:0001d3d5       ?S_StopAllSounds_f@@YAXXZ  0041e3d5 f   snd_dma.obj
 0001:0001d445       ?S_AddLoopSounds@@YAXXZ    0041e445 f   snd_dma.obj
 0001:0001d61b       ?S_RawSamples@@YAXHHHHPAE@Z 0041e61b f   snd_dma.obj
 0001:0001d81f       ?S_Update@@YAXABUCVec3@@0@Z 0041e81f f   snd_dma.obj
 0001:0001d8f5       ?GetSoundtime@@YAXXZ       0041e8f5 f   snd_dma.obj
 0001:0001d95c       ?S_Update_@@YAXXZ          0041e95c f   snd_dma.obj
 0001:0001dc0f       ?S_LoadSound@@YAPAUsfxcache_t@@PAUsfx_t@@@Z 0041ec0f f   snd_mem.obj
 0001:0001e1a0       ?S_WriteLinearBlastStereo16@@YAXXZ 0041f1a0 f   snd_mix.obj
 0001:0001e20a       ?S_TransferStereo16@@YAXPAKH@Z 0041f20a f   snd_mix.obj
 0001:0001e275       ?S_TransferPaintBuffer@@YAXH@Z 0041f275 f   snd_mix.obj
 0001:0001e3d9       ?S_PaintChannels@@YAXH@Z   0041f3d9 f   snd_mix.obj
 0001:0001e655       ?S_InitScaletable@@YAXXZ   0041f655 f   snd_mix.obj
 0001:0001e79a       ?SV_ComputeAnimation@@YAXPAUplayer_state_t@@AAUentityStateEx_t@@PAU2@PAUedict_s@@@Z 0041f79a f   sv_anim.obj
 0001:0001ec57       ?SV_ReadLevelFile@@YAXXZ   0041fc57 f   sv_ccmds.obj
 0001:0001ed05       ?SV_AddressBanned@@YA_NPAUnetadr_t@@@Z 0041fd05 f   sv_ccmds.obj
 0001:0001ed49       ?SV_InitCommands@@YAXXZ    0041fd49 f   sv_ccmds.obj
 0001:000201cf       ?sprintf@?$TString@$0CI@@@QAAHPBDZZ 004211cf f i sv_ccmds.obj
 0001:000201e9       ?SV_WriteFrameToClient@@YAXPAUclient_t@@PAVsizebuf_t@@@Z 004211e9 f   sv_ents.obj
 0001:0002093c       ?SV_RecordDemoMessage@@YAXXZ 0042193c f   sv_ents.obj
 0001:00020b0a       ?SV_MulticastOld@@YAXABUCVec3@@W4multicast_t@@@Z 00421b0a f i sv_game.obj
 0001:00020b1f       ?SV_StartSoundOld@@YAXPBUCVec3@@PAUedict_s@@HHMMM@Z 00421b1f f i sv_game.obj
 0001:00021595       ?SV_InitGameLibrary@@YAX_N@Z 00422595 f   sv_game.obj
 0001:0002188a       ?SV_ShutdownGameLibrary@@YAXXZ 0042288a f   sv_game.obj
 0001:000219e7       ?SV_FindIndex@@YAHPBDHH_N@Z 004229e7 f   sv_init.obj
 0001:00021afe       ?SV_ModelIndex@@YAHPBD@Z   00422afe f   sv_init.obj
 0001:00021b17       ?SV_SoundIndex@@YAHPBD@Z   00422b17 f   sv_init.obj
 0001:00021b33       ?SV_ImageIndex@@YAHPBD@Z   00422b33 f   sv_init.obj
 0001:00021b4f       ?SV_CreateBaseline@@YAXXZ  00422b4f f   sv_init.obj
 0001:00021bcc       ?SV_SpawnServer@@YAXPAD0W4server_state_t@@_N2@Z 00422bcc f   sv_init.obj
 0001:00021f1d       ?SV_InitGame@@YAXXZ        00422f1d f   sv_init.obj
 0001:00022145       ?SV_Map@@YAX_NPBD0@Z       00423145 f   sv_init.obj
 0001:00022307       ?SV_DropClient@@YAXPAUclient_t@@PAD@Z 00423307 f   sv_main.obj
 0001:00022d3c       ??0COutputDeviceMem@@QAE@H@Z 00423d3c f i sv_main.obj
 0001:00022d6d       ?Write@COutputDeviceMem@@UAEXPBD@Z 00423d6d f i sv_main.obj
 0001:00022df4       ??_ECOutputDeviceMem@@UAEPAXI@Z 00423df4 f i sv_main.obj
 0001:00022df4       ??_GCOutputDeviceMem@@UAEPAXI@Z 00423df4 f i sv_main.obj
 0001:00022e13       ??1COutputDeviceMem@@UAE@XZ 00423e13 f i sv_main.obj
 0001:00022e32       ?SV_CalcPings@@YAXXZ       00423e32 f   sv_main.obj
 0001:00022eb9       ?SV_GiveMsec@@YAXXZ        00423eb9 f   sv_main.obj
 0001:00022ef8       ?SV_ReadPackets@@YAXXZ     00423ef8 f   sv_main.obj
 0001:0002310b       ?SV_CheckTimeouts@@YAXXZ   0042410b f   sv_main.obj
 0001:0002321c       ?SV_PostprocessFrame@@YAXXZ 0042421c f   sv_main.obj
 0001:000236f8       ?SV_MulticastHook@@YAPAVsizebuf_t@@PAV1@0@Z 004246f8 f   sv_main.obj
 0001:00023ae8       ?SV_TraceHook@@YAXAAUtrace0_t@@ABUCVec3@@PBU2@21PAUedict_s@@H@Z 00424ae8 f   sv_main.obj
 0001:00023c76       ?SV_Frame@@YAXM@Z          00424c76 f   sv_main.obj
 0001:00023f33       ?SV_UserinfoChanged@@YAXPAUclient_t@@@Z 00424f33 f   sv_main.obj
 0001:00023ff5       ?SV_InitVars@@YAXXZ        00424ff5 f   sv_main.obj
 0001:00024004       ?SV_Init@@YAXXZ            00425004 f   sv_main.obj
 0001:0002405d       ?SV_Shutdown@@YAXPBD_N@Z   0042505d f   sv_main.obj
 0001:0002426a       ?SV_ClientPrintf@@YAXPAUclient_t@@HPBDZZ 0042526a f   sv_send.obj
 0001:000242c5       ?SV_BroadcastPrintf@@YAXHPBDZZ 004252c5 f   sv_send.obj
 0001:0002439b       ?SV_BroadcastCommand@@YAXPBDZZ 0042539b f   sv_send.obj
 0001:000243f5       ?SV_Multicast@@YAXABUCVec3@@W4multicast_t@@_N@Z 004253f5 f   sv_send.obj
 0001:00024608       ?SV_StartSound@@YAXPBUCVec3@@PAUedict_s@@HHMMM_N@Z 00425608 f   sv_send.obj
 0001:000248a1       ?SV_SendClientDatagram@@YA_NPAUclient_t@@@Z 004258a1 f   sv_send.obj
 0001:00024963       ?SV_DemoCompleted@@YAXXZ   00425963 f   sv_send.obj
 0001:0002497f       ?SV_SendClientMessages@@YAXXZ 0042597f f   sv_send.obj
 0001:00024b32       ?SV_DrawText3D@@YAXABUCVec3@@PBDI@Z 00425b32 f   sv_text.obj
 0001:00024b6a       ?SV_ClearTexts@@YAXXZ      00425b6a f   sv_text.obj
 0001:00024b72       ?SV_DrawTexts@@YAXXZ       00425b72 f   sv_text.obj
 0001:00024bc7       ??0?$TTextContainer@UCSVText@@$0BAAAA@@@QAE@XZ 00425bc7 f i sv_text.obj
 0001:00024bec       ?SV_TokenizeString@@YAXPBD@Z 00425bec f   sv_tokenize.obj
 0001:00024cc3       ?SV_Argc@@YAHXZ            00425cc3 f   sv_tokenize.obj
 0001:00024cc9       ?SV_Argv@@YAPADH@Z         00425cc9 f   sv_tokenize.obj
 0001:00024ce7       ?SV_Args@@YAPADXZ          00425ce7 f   sv_tokenize.obj
 0001:000255b7       ?SV_Nextserver@@YAXXZ      004265b7 f   sv_user.obj
 0001:0002564b       ?SV_ClientThink@@YAXPAUclient_t@@PAUusercmd_t@@@Z 0042664b f   sv_user.obj
 0001:000256dc       ?SV_ExecuteClientMessage@@YAXPAUclient_t@@@Z 004266dc f   sv_user.obj
 0001:00025a2c       ?SV_ClearWorld@@YAXXZ      00426a2c f   sv_world.obj
 0001:00025b6a       ?SV_UnlinkEdict@@YAXPAUedict_s@@@Z 00426b6a f   sv_world.obj
 0001:00025c30       ?SV_LinkEdict@@YAXPAUedict_s@@@Z 00426c30 f   sv_world.obj
 0001:00026214       ?SV_AreaEdicts@@YAHABUCVec3@@0PAPAUedict_s@@HH@Z 00427214 f   sv_world.obj
 0001:000263b2       ?SV_PointContents@@YAHABUCVec3@@@Z 004273b2 f   sv_world.obj
 0001:000264d9       ?SV_Trace@@YAXAAUtrace_t@@ABUCVec3@@1ABUCBox@@PAUedict_s@@H@Z 004274d9 f   sv_world.obj
 0001:00026958       ?InitByteDirs@@YAXXZ       00427958 f   anorms.obj
 0001:00026997       ?Cbuf_AddText@@YAXPBD@Z    00427997 f   cmd.obj
 0001:000269fd       ?Cbuf_CopyToDefer@@YAXXZ   004279fd f   cmd.obj
 0001:00026a45       ?Cbuf_InsertFromDefer@@YAXXZ 00427a45 f   cmd.obj
 0001:00026b01       ?Cbuf_Execute@@YAXXZ       00427b01 f   cmd.obj
 0001:00026c11       ?Cmd_Unalias_f@@YAX_NHPAPAD@Z 00427c11 f   cmd.obj
 0001:00026c89       ?Cmd_WriteAliases@@YAXPAVCOutputDevice@@@Z 00427c89 f   cmd.obj
 0001:00026cbc       ?RegisterCommand@@YA_NPBDP6AXXZI@Z 00427cbc f   cmd.obj
 0001:00026d9d       ?UnregisterCommand@@YA_NPBD@Z 00427d9d f   cmd.obj
 0001:00026e2e       ?ExecuteCommand@@YA_NPBD@Z 00427e2e f   cmd.obj
 0001:00027271       ?ExecuteCommand@@YA_NPBDPBUCSimpleCommand@@H@Z 00428271 f   cmd.obj
 0001:000276b3       ?CM_LoadMap@@YAPAUcmodel_t@@PBD_NPAI@Z 004286b3 f   cmodel.obj
 0001:00027de6       ?SetSignbits@cplane_t@@QAEXXZ 00428de6 f i cmodel.obj
 0001:00027e1a       ?SetType@cplane_t@@QAEXXZ  00428e1a f i cmodel.obj
 0001:00027e8f       ?LoadLeafBrushes@@YAXPAGH@Z 00428e8f f i cmodel.obj
 0001:0002888a       ?CM_BuildBrush@@YAPAUCBrush@@HPAVCMemoryChain@@@Z 0042988a f   cmodel.obj
 0001:0002895c       ?CM_InlineModel@@YAPAUcmodel_t@@PBD@Z 0042995c f   cmodel.obj
 0001:000289a0       ?CM_NumClusters@@YAHXZ     004299a0 f   cmodel.obj
 0001:000289a6       ?CM_NumInlineModels@@YAHXZ 004299a6 f   cmodel.obj
 0001:000289ac       ?CM_EntityString@@YAPBDXZ  004299ac f   cmodel.obj
 0001:000289b2       ?CM_LeafContents@@YAHH@Z   004299b2 f   cmodel.obj
 0001:000289dc       ?CM_LeafCluster@@YAHH@Z    004299dc f   cmodel.obj
 0001:00028a52       ?CM_LeafArea@@YAHH@Z       00429a52 f   cmodel.obj
 0001:00028bc0       ?CM_HeadnodeForBox@@YAHABUCBox@@@Z 00429bc0 f   cmodel.obj
 0001:00028c43       ?CM_PointLeafnum@@YAHABUCVec3@@H@Z 00429c43 f   cmodel.obj
 0001:00028ce6       ?DistanceTo@cplane_t@@QAEMABUCVec3@@@Z 00429ce6 f i cmodel.obj
 0001:00028d2b       ?CM_PointContents@@YAHABUCVec3@@H@Z 00429d2b f   cmodel.obj
 0001:00028da0       ?CM_TransformedPointContents@@YAHABUCVec3@@H00@Z 00429da0 f   cmodel.obj
 0001:00028e81       ?CM_TransformedPointContents@@YAHABUCVec3@@H0ABUCAxis@@@Z 00429e81 f   cmodel.obj
 0001:00028f2c       ?CM_BoxLeafnums@@YAHABUCBox@@PAHH1H@Z 00429f2c f   cmodel.obj
 0001:0002903f       ?BOX_ON_PLANE_SIDE@@YAHABUCBox@@ABUcplane_t@@@Z 0042a03f f i cmodel.obj
 0001:000290aa       ?CM_BoxTrace@@YAXAAUtrace_t@@ABUCVec3@@1ABUCBox@@HH@Z 0042a0aa f   cmodel.obj
 0001:00029c18       ?CM_TransformedBoxTrace@@YAXAAUtrace_t@@ABUCVec3@@1ABUCBox@@HH11@Z 0042ac18 f   cmodel.obj
 0001:00029d90       ?CM_TransformedBoxTrace@@YAXAAUtrace_t@@ABUCVec3@@1ABUCBox@@HH1ABUCAxis@@@Z 0042ad90 f   cmodel.obj
 0001:00029e4d       ?CM_BrushTrace@@YAHABUCVec3@@0PAHH@Z 0042ae4d f   cmodel.obj
 0001:0002a23d       ?CM_RefineBrushTrace@@YAHABUCVec3@@0PAHH@Z 0042b23d f   cmodel.obj
 0001:0002a2e3       ?CM_ClusterPVS@@YAPBEH@Z   0042b2e3 f   cmodel.obj
 0001:0002a443       ?CM_SetAreaPortalState@@YAXH_N@Z 0042b443 f   cmodel.obj
 0001:0002a46b       ?CM_AreasConnected@@YA_NHH@Z 0042b46b f   cmodel.obj
 0001:0002a4b2       ?CM_WriteAreaBits@@YAHPAEH@Z 0042b4b2 f   cmodel.obj
 0001:0002a554       ?CM_WritePortalState@@YAXPAU_iobuf@@@Z 0042b554 f   cmodel.obj
 0001:0002a571       ?CM_ReadPortalState@@YAXPAU_iobuf@@@Z 0042b571 f   cmodel.obj
 0001:0002a593       ?CM_HeadnodeVisible@@YA_NHPBE@Z 0042b593 f   cmodel.obj
 0001:0002a66e       ?Com_DPrintf@@YAXPBDZZ     0042b66e f   common.obj
 0001:0002a6e7       ?DebugPrintf@@YAXPBDZZ     0042b6e7 f   common.obj
 0001:0002a796       ?IPWildcard@@YA_NPAUnetadr_t@@PBD@Z 0042b796 f   common.obj
 0001:0002a870       ?Com_ServerState@@YA?AW4server_state_t@@XZ 0042b870 f   common.obj
 0001:0002a876       ?Com_SetServerState@@YAXW4server_state_t@@@Z 0042b876 f   common.obj
 0001:0002a883       ?crand@@YAMXZ              0042b883 f   common.obj
 0001:0002a8a1       ?Info_ValueForKey@@YAPBDPBD0@Z 0042b8a1 f   common.obj
 0001:0002a920       ?Info_SetValueForKey@@YAXPADPBD1@Z 0042b920 f   common.obj
 0001:0002aa57       ?Info_Print@@YAXPBD@Z      0042ba57 f   common.obj
 0001:0002aadd       ?Com_CheckCmdlineVar@@YA_NPBD@Z 0042badd f   common.obj
 0001:0002ab36       ?Com_Init@@YAXPBD@Z        0042bb36 f   common.obj
 0001:0002aedd       ?Com_Frame@@YAXM@Z         0042bedd f   common.obj
 0001:0002b2d7       ?Com_BlockSequenceCRCByte@@YAEPAEHH@Z 0042c2d7 f   crc.obj
 0001:0002b38f       ?Cvar_VariableValue@@YAMPBD@Z 0042c38f f   cvar.obj
 0001:0002b406       ?Cvar_VariableInt@@YAHPBD@Z 0042c406 f   cvar.obj
 0001:0002b41d       ?Cvar_VariableString@@YAPBDPBD@Z 0042c41d f   cvar.obj
 0001:0002b439       ?Cvar_Get@@YAPAUcvar_t@@PBD0H@Z 0042c439 f   cvar.obj
 0001:0002b706       ?Cvar_GetVars@@YAXPBUcvarInfo_t@@H@Z 0042c706 f   cvar.obj
 0001:0002b7b0       ?Cvar_FullSet@@YAXPAUcvar_t@@PBDI@Z 0042c7b0 f   cvar.obj
 0001:0002b7d0       ?Cvar_FullSet@@YAPAUcvar_t@@PBD0I@Z 0042c7d0 f   cvar.obj
 0001:0002b810       ?Cvar_SetValue@@YAPAUcvar_t@@PBDM@Z 0042c810 f   cvar.obj
 0001:0002b9a9       ?Cvar_SetInteger@@YAPAUcvar_t@@PBDH@Z 0042c9a9 f   cvar.obj
 0001:0002b9cd       ?Cvar_Set@@YAPAUcvar_t@@PBD0@Z 0042c9cd f   cvar.obj
 0001:0002b9e4       ?Cvar_ForceSet@@YAPAUcvar_t@@PBD0@Z 0042c9e4 f   cvar.obj
 0001:0002b9fb       ?Cvar_Clamp@@YAMPAUcvar_t@@MM@Z 0042c9fb f   cvar.obj
 0001:0002ba59       ?Cvar_Command@@YA_NHPAPAD@Z 0042ca59 f   cvar.obj
 0001:0002baf4       ?IsDefault@cvar_t@@QAE_NXZ 0042caf4 f i cvar.obj
 0001:0002bb11       ?Cvar_WriteVariables@@YAXPAVCOutputDevice@@HHPBD@Z 0042cb11 f   cvar.obj
 0001:0002bb97       ?Cvar_BitInfo@@YAPBDI@Z    0042cb97 f   cvar.obj
 0001:0002bbe9       ?Cvar_Cheats@@YAX_N@Z      0042cbe9 f   cvar.obj
 0001:0002c460       ?MSG_WriteDeltaEntity@@YAXPAVsizebuf_t@@PBUentityStateEx_t@@PAU2@_N33@Z 0042d460 f   entdelta.obj
 0001:0002ca1c       ?MSG_WriteRemoveEntity@@YAXPAVsizebuf_t@@H@Z 0042da1c f   entdelta.obj
 0001:0002ca5c       ?MSG_ReadEntityBits@@YAHPAVsizebuf_t@@PAIPA_N@Z 0042da5c f   entdelta.obj
 0001:0002cace       ?MSG_ReadDeltaEntity@@YAXPAVsizebuf_t@@PBUentityStateEx_t@@PAU2@I@Z 0042dace f   entdelta.obj
 0001:0002cb51       ?MSG_WriteDeltaUsercmd@@YAXPAVsizebuf_t@@PBUusercmd_t@@PAU2@@Z 0042db51 f   entdelta.obj
 0001:0002cbe0       ?MSG_ReadDeltaUsercmd@@YAXPAVsizebuf_t@@PBUusercmd_t@@PAU2@@Z 0042dbe0 f   entdelta.obj
 0001:0002cee3       ?MSG_WriteDeltaPlayerstate@@YAXPAVsizebuf_t@@PBUplayer_state_t@@PAU2@@Z 0042dee3 f   entdelta.obj
 0001:0002cfec       ?MSG_ReadDeltaPlayerstate@@YAXPAVsizebuf_t@@PBUplayer_state_t@@PAU2@@Z 0042dfec f   entdelta.obj
 0001:0002d0a6       ?LoadPCX@@YAPAEPBDAAH1AAPAE@Z 0042e0a6 f   images.obj
 0001:0002d1e1       ?LoadTGA@@YAPAEPBDAAH1@Z   0042e1e1 f   images.obj
 0001:0002d3cb       ?LoadJPG@@YAPAEPBDAAH1@Z   0042e3cb f   images.obj
 0001:0002d67f       ?ImageExists@@YAHPBDH@Z    0042e67f f   images.obj
 0001:0002d7a3       ?WriteTGA@@YA_NPBDPAEHH@Z  0042e7a3 f   images.obj
 0001:0002d997       ?WriteJPG@@YA_NPBDPAEHH_N@Z 0042e997 f   images.obj
 0001:0002dac8       ?MD4Init@@YAXPAUMD4_CTX@@@Z 0042eac8 f   md4.obj
 0001:0002daf0       ?MD4Update@@YAXPAUMD4_CTX@@PAEI@Z 0042eaf0 f   md4.obj
 0001:0002db8e       ?MD4Final@@YAXQAEPAUMD4_CTX@@@Z 0042eb8e f   md4.obj
 0001:0002e27f       ?Com_BlockChecksum@@YAIPAXH@Z 0042f27f f   md4.obj
 0001:0002e2bb       ?LoadQ2BspFile@@YAXXZ      0042f2bb f   model.obj
 0001:0002e7f2       ?LoadQ1BspFile@@YAXXZ      0042f7f2 f   model.obj
 0001:0002eb5d       ?LoadBspFile@@YAPAUbspfile_t@@PBD_NPAI@Z 0042fb5d f   model.obj
 0001:0002fe94       ?Init@sizebuf_t@@QAEXPAXH@Z 00430e94 f   msg.obj
 0001:0002feb1       ?Write@sizebuf_t@@QAEXPBXH@Z 00430eb1 f   msg.obj
 0001:0002ff23       ?MSG_WriteByte@@YAXPAVsizebuf_t@@H@Z 00430f23 f   msg.obj
 0001:0002ff23       ?MSG_WriteChar@@YAXPAVsizebuf_t@@H@Z 00430f23 f   msg.obj
 0001:0002ff36       ?MSG_WriteShort@@YAXPAVsizebuf_t@@H@Z 00430f36 f   msg.obj
 0001:0002ff49       ?MSG_WriteLong@@YAXPAVsizebuf_t@@H@Z 00430f49 f   msg.obj
 0001:0002ff5c       ?MSG_WriteFloat@@YAXPAVsizebuf_t@@M@Z 00430f5c f   msg.obj
 0001:0002ff6f       ?MSG_WriteString@@YAXPAVsizebuf_t@@PBD@Z 00430f6f f   msg.obj
 0001:0002ff99       ?MSG_WritePos@@YAXPAVsizebuf_t@@ABUCVec3@@@Z 00430f99 f   msg.obj
 0001:0002fffd       ?MSG_WriteAngle@@YAXPAVsizebuf_t@@M@Z 00430ffd f   msg.obj
 0001:00030028       ?MSG_WriteAngle16@@YAXPAVsizebuf_t@@M@Z 00431028 f   msg.obj
 0001:00030053       ?MSG_WriteDir@@YAXPAVsizebuf_t@@ABUCVec3@@@Z 00431053 f   msg.obj
 0001:000300bb       ?MSG_ReadDir@@YAXPAVsizebuf_t@@AAUCVec3@@@Z 004310bb f   msg.obj
 0001:000300ee       ?MSG_ReadChar@@YAHPAVsizebuf_t@@@Z 004310ee f   msg.obj
 0001:00030111       ?MSG_ReadByte@@YAHPAVsizebuf_t@@@Z 00431111 f   msg.obj
 0001:00030134       ?MSG_ReadShort@@YAHPAVsizebuf_t@@@Z 00431134 f   msg.obj
 0001:00030157       ?MSG_ReadLong@@YAHPAVsizebuf_t@@@Z 00431157 f   msg.obj
 0001:00030179       ?MSG_ReadString@@YAPADPAVsizebuf_t@@@Z 00431179 f   msg.obj
 0001:000301af       ?MSG_ReadPos@@YAXPAVsizebuf_t@@AAUCVec3@@@Z 004311af f   msg.obj
 0001:00030201       ?MSG_ReadAngle@@YAMPAVsizebuf_t@@@Z 00431201 f   msg.obj
 0001:0003021b       ?MSG_ReadAngle16@@YAMPAVsizebuf_t@@@Z 0043121b f   msg.obj
 0001:00030235       ?MSG_ReadData@@YAXPAVsizebuf_t@@PAXH@Z 00431235 f   msg.obj
 0001:00030258       ?Netchan_Init@@YAXXZ       00431258 f   net_chan.obj
 0001:000302c7       ?Netchan_OutOfBandPrint@@YAXW4netsrc_t@@Unetadr_t@@PBDZZ 004312c7 f   net_chan.obj
 0001:0003034c       ?Setup@netchan_t@@QAEXW4netsrc_t@@Unetadr_t@@H@Z 0043134c f   net_chan.obj
 0001:000303a2       ?NeedReliable@netchan_t@@QAE_NXZ 004313a2 f   net_chan.obj
 0001:000303c7       ?Transmit@netchan_t@@QAEXPAXH@Z 004313c7 f   net_chan.obj
 0001:0003055d       ?Process@netchan_t@@QAE_NPAVsizebuf_t@@@Z 0043155d f   net_chan.obj
 0001:0003068a       ?Pmove@@YAXPAUpmove_t@@@Z  0043168a f   pmove.obj
 0001:000322eb       ?NormalizeColor@@YAMABUCVec3@@AAU1@@Z 004332eb f   q_shared2.obj
 0001:00032349       ?NormalizeColor255@@YAMABUCVec3@@AAU1@@Z 00433349 f   q_shared2.obj
 0001:000323ab       ?appRsqrt@@YAMM@Z          004333ab f   q_shared2.obj
 0001:000323d7       ?AngleVectors@@YAXABUCVec3@@PAU1@11@Z 004333d7 f   q_shared2.obj
 0001:00032538       ?MakeNormalVectors@@YAXABUCVec3@@AAU1@1@Z 00433538 f   q_shared2.obj
 0001:000325a7       ?Vec2Angles@@YAXABUCVec3@@AAU1@@Z 004335a7 f   q_shared2.obj
 0001:000326aa       ?Vec2Yaw@@YAMABUCVec3@@@Z  004336aa f   q_shared2.obj
 0001:0003271d       ?VectorLength@@YAMABUCVec3@@@Z 0043371d f   q_shared2.obj
 0001:0003274f       ?VectorDistance@@YAMABUCVec3@@0@Z 0043374f f   q_shared2.obj
 0001:00032780       ?LerpAngle@@YAMMMM@Z       00433780 f   q_shared2.obj
 0001:000327c4       ?AngleMod@@YAMM@Z          004337c4 f   q_shared2.obj
 0001:000327f0       ?AngleSubtract@@YAMMM@Z    004337f0 f   q_shared2.obj
 0001:00032829       ?AnglesSubtract@@YAXABUCVec3@@0AAU1@@Z 00433829 f   q_shared2.obj
 0001:00032882       ?Normalize@CVec3@@QAEMXZ   00433882 f   q_shared2.obj
 0001:000328d4       ?VectorNormalize@@YAMABUCVec3@@AAU1@@Z 004338d4 f   q_shared2.obj
 0001:0003293e       ?NormalizeFast@CVec3@@QAEMXZ 0043393e f   q_shared2.obj
 0001:0003298f       ?cross@@YAXABUCVec3@@0AAU1@@Z 0043398f f   q_shared2.obj
 0001:000329cb       ?Clear@CBox@@QAEXXZ        004339cb f   q_shared2.obj
 0001:000329e9       ?Expand@CBox@@QAEXABUCVec3@@@Z 004339e9 f   q_shared2.obj
 0001:00032a1b       ?Expand@CBox@@QAEXABU1@@Z  00433a1b f   q_shared2.obj
 0001:00032a5a       ?GetCenter@CBox@@QBEXAAUCVec3@@@Z 00433a5a f   q_shared2.obj
 0001:00032a7d       ?OnPlaneSide@CBox@@QBEHABUcplane_t@@@Z 00433a7d f   q_shared2.obj
 0001:00032bac       ?FromAngles@CAxis@@QAEXABUCVec3@@@Z 00433bac f   q_shared2.obj
 0001:00032beb       ?TransformVector@CAxis@@QBEXABUCVec3@@AAU2@@Z 00433beb f   q_shared2.obj
 0001:00032c3e       ?UnTransformVector@CAxis@@QBEXABUCVec3@@AAU2@@Z 00433c3e f   q_shared2.obj
 0001:00032ca2       ?TransformAxis@CAxis@@QBEXABU1@AAU1@@Z 00433ca2 f   q_shared2.obj
 0001:00032ce8       ?UnTransformAxis@CAxis@@QBEXABU1@AAU1@@Z 00433ce8 f   q_shared2.obj
 0001:00032d2e       ?TransformPoint@CCoords@@QBEXABUCVec3@@AAU2@@Z 00433d2e f   q_shared2.obj
 0001:00032d8e       ?UnTransformPoint@CCoords@@QBEXABUCVec3@@AAU2@@Z 00433d8e f   q_shared2.obj
 0001:00032dfb       ?UnTransformCoords@CCoords@@QBEXABU1@AAU1@@Z 00433dfb f   q_shared2.obj
 0001:00032e27       ?TransformPlane@CCoords@@QBEXABUcplane_t@@AAU2@@Z 00433e27 f   q_shared2.obj
 0001:00032e61       ?TransformPoint@@YAXABUCVec3@@ABUCAxis@@0AAU1@@Z 00433e61 f   q_shared2.obj
 0001:00032ec4       ?UnTransformPoint@@YAXABUCVec3@@ABUCAxis@@0AAU1@@Z 00433ec4 f   q_shared2.obj
 0001:00032f34       ?COM_Parse@@YAPADAAPBD_N@Z 00433f34 f   q_shared2.obj
 0001:00033056       ?COM_QuoteString@@YAPBDPBD_N@Z 00434056 f   q_shared2.obj
 0001:000330cf       ?FileExists@CQuakeFileSystem@@UAE_NPBDI@Z 004340cf f i QuakeFileSystem.obj
 0001:00033136       ?CheckFilename@CQuakeFileSystem@@AAEXPBD@Z 00434136 f i QuakeFileSystem.obj
 0001:000331d5       ?OpenFile@CQuakeFileSystem@@UAEPAVCFile@@PBDI@Z 004341d5 f i QuakeFileSystem.obj
 0001:00033265       ?List@CQuakeFileSystem@@UAEPAVCFileList@@PBDIPAV2@@Z 00434265 f i QuakeFileSystem.obj
 0001:000332f7       ??_GCQuakeFileSystem@@UAEPAXI@Z 004342f7 f i QuakeFileSystem.obj
 0001:000332f7       ??_ECFileSystem@@UAEPAXI@Z 004342f7 f i QuakeFileSystem.obj
 0001:000332f7       ??_ECQuakeFileSystem@@UAEPAXI@Z 004342f7 f i QuakeFileSystem.obj
 0001:000332f7       ??_GCFileSystem@@UAEPAXI@Z 004342f7 f i QuakeFileSystem.obj
 0001:00033317       ?FS_Gamedir@@YAPBDXZ       00434317 f   QuakeFileSystem.obj
 0001:0003331d       ?FS_NextPath@@YAPBDPBD@Z   0043431d f   QuakeFileSystem.obj
 0001:00033361       ?FS_CopyFile@@YAXPBD0@Z    00434361 f   QuakeFileSystem.obj
 0001:00033437       ?FS_CopyFiles@@YAXPBD0@Z   00434437 f   QuakeFileSystem.obj
 0001:00033551       ?FS_RemoveFiles@@YAXPBD@Z  00434551 f   QuakeFileSystem.obj
 0001:0003360c       ?InitFileSystem@@YAXXZ     0043460c f   QuakeFileSystem.obj
 0001:00033740       ?Create@CFileContainerPak@@SAPAVCFileContainer@@PBDPAU_iobuf@@@Z 00434740 f i QuakeFileSystem.obj
 0001:000338a9       ??0CFileContainerArc@@QAE@XZ 004348a9 f i QuakeFileSystem.obj
 0001:000338f0       ??_GCFileContainerArc@@UAEPAXI@Z 004348f0 f i QuakeFileSystem.obj
 0001:000338f0       ??_ECFileContainerArc@@UAEPAXI@Z 004348f0 f i QuakeFileSystem.obj
 0001:0003391f       ?GetType@CFileContainerPak@@MAEPBDXZ 0043491f f i QuakeFileSystem.obj
 0001:00033925       ?OpenLocalFile@CFileContainerPak@@MAEPAVCFile@@ABVCStringItem@@@Z 00434925 f i QuakeFileSystem.obj
 0001:00033975       ?Read@CFilePak@CFileContainerPak@@UAEHPAXH@Z 00434975 f i QuakeFileSystem.obj
 0001:000339af       ?GetSize@CFilePak@CFileContainerPak@@UAEHXZ 004349af f i QuakeFileSystem.obj
 0001:000339b6       ?Eof@CFilePak@CFileContainerPak@@UAE_NXZ 004349b6 f i QuakeFileSystem.obj
 0001:000339c3       ??_GCFilePak@CFileContainerPak@@UAEPAXI@Z 004349c3 f i QuakeFileSystem.obj
 0001:000339c3       ??_ECFilePak@CFileContainerPak@@UAEPAXI@Z 004349c3 f i QuakeFileSystem.obj
 0001:000339f8       ??_ECFileContainerPak@@UAEPAXI@Z 004349f8 f i QuakeFileSystem.obj
 0001:000339f8       ??_GCFileContainerPak@@UAEPAXI@Z 004349f8 f i QuakeFileSystem.obj
 0001:00033a27       ?Create@CFileContainerZip@@SAPAVCFileContainer@@PBDPAU_iobuf@@@Z 00434a27 f i QuakeFileSystem.obj
 0001:00033d26       ?GetType@CFileContainerZip@@MAEPBDXZ 00434d26 f i QuakeFileSystem.obj
 0001:00033d2c       ?OpenLocalFile@CFileContainerZip@@MAEPAVCFile@@ABVCStringItem@@@Z 00434d2c f i QuakeFileSystem.obj
 0001:00033dc8       ??0CFilePak@CFileContainerZip@@QAE@ABVCFileInfo@1@PAU_iobuf@@@Z 00434dc8 f i QuakeFileSystem.obj
 0001:00033e1a       ?Read@CFilePak@CFileContainerZip@@UAEHPAXH@Z 00434e1a f i QuakeFileSystem.obj
 0001:00033f63       ?GetSize@CFilePak@CFileContainerZip@@UAEHXZ 00434f63 f i QuakeFileSystem.obj
 0001:00033f6d       ?Eof@CFilePak@CFileContainerZip@@UAE_NXZ 00434f6d f i QuakeFileSystem.obj
 0001:00033f80       ??_ECFilePak@CFileContainerZip@@UAEPAXI@Z 00434f80 f i QuakeFileSystem.obj
 0001:00033f80       ??_GCFilePak@CFileContainerZip@@UAEPAXI@Z 00434f80 f i QuakeFileSystem.obj
 0001:00033f9f       ??1CFilePak@CFileContainerZip@@UAE@XZ 00434f9f f i QuakeFileSystem.obj
 0001:0003400e       ??_ECFileContainerZip@@UAEPAXI@Z 0043500e f i QuakeFileSystem.obj
 0001:0003400e       ??_GCFileContainerZip@@UAEPAXI@Z 0043500e f i QuakeFileSystem.obj
 0001:0003403d       ?Mount@CZResource@@SAPAVCFileContainer@@PBDPBE0PAVCFileSystem@@@Z 0043503d f i QuakeFileSystem.obj
 0001:000341e9       ?GetType@CZResource@@MAEPBDXZ 004351e9 f i QuakeFileSystem.obj
 0001:000341ef       ?OpenLocalFile@CZResource@@MAEPAVCFile@@ABVCStringItem@@@Z 004351ef f i QuakeFileSystem.obj
 0001:00034220       ??0CFileRes@CZResource@@QAE@ABVCFileInfo@1@PBXH@Z 00435220 f i QuakeFileSystem.obj
 0001:000342d3       ?Read@CFileRes@CZResource@@UAEHPAXH@Z 004352d3 f i QuakeFileSystem.obj
 0001:00034326       ?GetSize@CFileRes@CZResource@@UAEHXZ 00435326 f i QuakeFileSystem.obj
 0001:0003432d       ?Eof@CFileRes@CZResource@@UAE_NXZ 0043532d f i QuakeFileSystem.obj
 0001:0003433a       ??_ECFileRes@CZResource@@UAEPAXI@Z 0043533a f i QuakeFileSystem.obj
 0001:0003433a       ??_GCFileRes@CZResource@@UAEPAXI@Z 0043533a f i QuakeFileSystem.obj
 0001:0003436c       ??_GCZResource@@UAEPAXI@Z  0043536c f i QuakeFileSystem.obj
 0001:0003436c       ??_ECZResource@@UAEPAXI@Z  0043536c f i QuakeFileSystem.obj
 0001:0003439b       ?MountGame@CQuakeFileSystem@@QAEXPBD@Z 0043539b f i QuakeFileSystem.obj
 0001:000343e6       ?SetGameDir@CQuakeFileSystem@@QAE_NPBD@Z 004353e6 f i QuakeFileSystem.obj
 0001:000345e8       ?FS_Tick@@YAXXZ            004355e8 f   QuakeFileSystem.obj
 0001:00034735       ??0CBrush@@QAE@ABUCBox@@@Z 00435735 f   MapBrush.obj
 0001:0003488e       ?Split@CBrush@@QAEPAU1@PAUcplane_t@@@Z 0043588e f   MapBrush.obj
 0001:000351fe       ?GetVec@CAllocVertexPool@@QAEPAUCVec3@@ABU2@@Z 004361fe f i MapBrush.obj
 0001:00035292       ?GetBounds@CBrush@@QAEXAAUCBox@@@Z 00436292 f   MapBrush.obj
 0001:00035314       ?AddBevels@CBrush@@QAEXP6APAUcplane_t@@ABUCVec3@@M@Z@Z 00436314 f   MapBrush.obj
 0001:00035608       ?Negate@CVec3@@QAEXXZ      00436608 f i MapBrush.obj
 0001:00035616       ?CDAudio_Play@@YAXH_N@Z    00436616 f   cd_win.obj
 0001:00035809       ?CDAudio_Stop@@YAXXZ       00436809 f   cd_win.obj
 0001:000358ca       ?CDAudio_Update@@YAXXZ     004368ca f   cd_win.obj
 0001:0003596d       ?CDAudio_Init@@YA_NXZ      0043696d f   cd_win.obj
 0001:00035d8e       ?CDAudio_Shutdown@@YAXXZ   00436d8e f   cd_win.obj
 0001:00035db1       ?CDAudio_Activate@@YAX_N@Z 00436db1 f   cd_win.obj
 0001:00035dc8       ?IN_Init@@YAXXZ            00436dc8 f   in_win.obj
 0001:00036055       ?IN_Shutdown@@YAXXZ        00437055 f   in_win.obj
 0001:000362b6       ?IN_Activate@@YAX_N@Z      004372b6 f   in_win.obj
 0001:000362c3       ?IN_Frame@@YAXXZ           004372c3 f   in_win.obj
 0001:00036625       ?IN_Move@@YAXPAUusercmd_t@@@Z 00437625 f   in_win.obj
 0001:00036ad0       ?NET_CompareAdr@@YA_NPAUnetadr_t@@0@Z 00437ad0 f   net_wins.obj
 0001:00036b0b       ?NET_CompareBaseAdr@@YA_NPAUnetadr_t@@0@Z 00437b0b f   net_wins.obj
 0001:00036b38       ?NET_AdrToString@@YAPBDPAUnetadr_t@@@Z 00437b38 f   net_wins.obj
 0001:00036b7e       ?NET_StringToAdr@@YA_NPBDPAUnetadr_t@@F@Z 00437b7e f   net_wins.obj
 0001:00036c94       ?NET_IsLocalAddress@@YA_NPAUnetadr_t@@@Z 00437c94 f   net_wins.obj
 0001:00036ca3       ?NET_GetPacket@@YA_NW4netsrc_t@@PAUnetadr_t@@PAVsizebuf_t@@@Z 00437ca3 f   net_wins.obj
 0001:00036e22       ?NET_SendPacket@@YAXW4netsrc_t@@HPAXUnetadr_t@@@Z 00437e22 f   net_wins.obj
 0001:00036f40       ?NET_Config@@YAX_N@Z       00437f40 f   net_wins.obj
 0001:0003711b       ?NET_Init@@YAXXZ           0043811b f   net_wins.obj
 0001:000371ce       ?SNDDMA_Init@@YA_NXZ       004381ce f   snd_win.obj
 0001:00037819       ?SNDDMA_GetDMAPos@@YAHXZ   00438819 f   snd_win.obj
 0001:00037863       ?SNDDMA_BeginPainting@@YAXXZ 00438863 f   snd_win.obj
 0001:00037982       ?SNDDMA_Submit@@YAXXZ      00438982 f   snd_win.obj
 0001:000379a7       ?SNDDMA_Shutdown@@YAXXZ    004389a7 f   snd_win.obj
 0001:000379ac       ?S_Activate@@YAX_N@Z       004389ac f   snd_win.obj
 0001:000379ff       ?Write@COutputDeviceWin32Console@@UAEXPBD@Z 004389ff f i sys_win.obj
 0001:00037a77       ?EraseInput@COutputDeviceWin32Console@@QAEXXZ 00438a77 f i sys_win.obj
 0001:00037afd       ??_GCOutputDeviceWin32Console@@UAEPAXI@Z 00438afd f i sys_win.obj
 0001:00037afd       ??_ECOutputDeviceWin32Console@@UAEPAXI@Z 00438afd f i sys_win.obj
 0001:00037b1d       ?Sys_ConsoleInput@@YAPADXZ 00438b1d f   sys_win.obj
 0001:00037da6       ?Sys_ProcessMessages@@YAXXZ 00438da6 f   sys_win.obj
 0001:00037e5f       _WinMain@16                00438e5f f   sys_win.obj
 0001:0003815c       ??_ECOutputDeviceCon@@UAEPAXI@Z 0043915c f i sys_win.obj
 0001:0003815c       ??_GCOutputDeviceCon@@UAEPAXI@Z 0043915c f i sys_win.obj
 0001:00038204       ?Init@COutputDeviceWin32Console@@QAEXXZ 00439204 f i sys_win.obj
 0001:0003822e       ?AddMsgHook@@YAXP6A_NIIJ@Z@Z 0043922e f   vid_dll.obj
 0001:00038275       ?RemoveMsgHook@@YAXP6A_NIIJ@Z@Z 00439275 f   vid_dll.obj
 0001:000382a8       ?Vid_CreateWindow@@YAPAXHH_N@Z 004392a8 f   vid_dll.obj
 0001:000389ca       ?Vid_DestroyWindow@@YAX_N@Z 004399ca f   vid_dll.obj
 0001:00038a09       ?Vid_Restart@@YAXXZ        00439a09 f   vid_dll.obj
 0001:00038a15       ?Vid_GetModeInfo@@YA_NPAH0H@Z 00439a15 f   vid_dll.obj
 0001:00038a47       ?Vid_Tick@@YAXXZ           00439a47 f   vid_dll.obj
 0001:00038bf8       ?Vid_Init@@YAXXZ           00439bf8 f   vid_dll.obj
 0001:00038c9b       ?Vid_Shutdown@@YAXXZ       00439c9b f   vid_dll.obj
 0001:00038cba       ?Tesselate@surfacePlanar_t@OpenGLDrv@@UAEXAAUrefEntity_t@2@@Z 00439cba f   gl_backend.obj
 0001:0003b540       ?Tesselate@surfacePoly_t@OpenGLDrv@@UAEXAAUrefEntity_t@2@@Z 0043c540 f   gl_backend.obj
 0001:0003b647       ?Tesselate@surfaceMd3_t@OpenGLDrv@@UAEXAAUrefEntity_t@2@@Z 0043c647 f   gl_backend.obj
 0001:0003b9d6       ?DrawTriangles@OpenGLDrv@@YA_NXZ 0043c9d6 f   gl_backend.obj
 0001:0003baeb       ?DrawNormals@OpenGLDrv@@YA_NXZ 0043caeb f   gl_backend.obj
 0001:0003bbf5       ?DrawBrush@OpenGLDrv@@YAXPBUCBrush@@PBDH@Z 0043cbf5 f   gl_backend.obj
 0001:0003bc58       ?Tesselate@surfaceEntity_t@OpenGLDrv@@UAEXAAUrefEntity_t@2@@Z 0043cc58 f   gl_backend.obj
 0001:0003bd3c       ?Tesselate@surfaceParticle_t@OpenGLDrv@@UAEXAAUrefEntity_t@2@@Z 0043cd3c f   gl_backend.obj
 0001:0003bf8c       ?BK_DrawScene@OpenGLDrv@@YAXXZ 0043cf8c f   gl_backend.obj
 0001:0003c785       ?BK_DrawPic@OpenGLDrv@@YAXPAVshader_t@1@HHHHMMMMIE@Z 0043d785 f   gl_backend.obj
 0001:0003c966       ?BK_DrawText@OpenGLDrv@@YAXPBDHHHHHI@Z 0043d966 f   gl_backend.obj
 0001:0003cb5b       ?BK_BeginFrame@OpenGLDrv@@YAXXZ 0043db5b f   gl_backend.obj
 0001:0003cbbf       ?BK_EndFrame@OpenGLDrv@@YAXXZ 0043dbbf f   gl_backend.obj
 0001:0003cbfe       ?BK_Init@OpenGLDrv@@YAXXZ  0043dbfe f   gl_backend.obj
 0001:0003cc2d       ?BK_Shutdown@OpenGLDrv@@YAXXZ 0043dc2d f   gl_backend.obj
 0001:0003cc45       ?AllocDynamicMemory@OpenGLDrv@@YAPAXH@Z 0043dc45 f   gl_buffers.obj
 0001:0003ccb3       ?ResizeDynamicMemory@OpenGLDrv@@YAXPAXH@Z 0043dcb3 f   gl_buffers.obj
 0001:0003ccf7       ?AddSurfaceToPortal@OpenGLDrv@@YAXPAVsurfaceBase_t@1@PAVshader_t@1@HH@Z 0043dcf7 f   gl_buffers.obj
 0001:0003cd68       ?InsertShaderIndex@OpenGLDrv@@YAXH@Z 0043dd68 f   gl_buffers.obj
 0001:0003cda4       ?ClearPortal@OpenGLDrv@@YAXXZ 0043dda4 f   gl_buffers.obj
 0001:0003cdc2       ?SortSurfaces@OpenGLDrv@@YAXPAUviewPortal_t@1@PAPAUsurfaceInfo_t@1@@Z 0043ddc2 f   gl_buffers.obj
 0001:0003cf54       ?ClearBuffers@OpenGLDrv@@YAXXZ 0043df54 f   gl_buffers.obj
 0001:0003cf6b       ?CreateBuffers@OpenGLDrv@@YAXXZ 0043df6b f   gl_buffers.obj
 0001:0003cf91       ?FreeBuffers@OpenGLDrv@@YAXXZ 0043df91 f   gl_buffers.obj
 0001:0003cfb5       ?InitEntity@model_t@OpenGLDrv@@UAE_NPAUentity_t@@PAUrefEntity_t@2@@Z 0043dfb5 f   gl_frontend.obj
 0001:0003cfba       ?AddSurfaces@model_t@OpenGLDrv@@UAEXPAUrefEntity_t@2@@Z 0043dfba f   gl_frontend.obj
 0001:0003cfeb       ?GetLeaf@model_t@OpenGLDrv@@UAEPAUnode_t@2@PAUrefEntity_t@2@@Z 0043dfeb f   gl_frontend.obj
 0001:0003cfff       ?DrawLabel@model_t@OpenGLDrv@@UAEXPAUrefEntity_t@2@@Z 0043dfff f   gl_frontend.obj
 0001:0003d002       ?InitEntity@inlineModel_t@OpenGLDrv@@UAE_NPAUentity_t@@PAUrefEntity_t@2@@Z 0043e002 f   gl_frontend.obj
 0001:0003d054       ?AddSurfaces@inlineModel_t@OpenGLDrv@@UAEXPAUrefEntity_t@2@@Z 0043e054 f   gl_frontend.obj
 0001:0003d543       ?GetLeaf@inlineModel_t@OpenGLDrv@@UAEPAUnode_t@2@PAUrefEntity_t@2@@Z 0043e543 f   gl_frontend.obj
 0001:0003d6eb       ?DrawLabel@inlineModel_t@OpenGLDrv@@UAEXPAUrefEntity_t@2@@Z 0043e6eb f   gl_frontend.obj
 0001:0003d734       ?InitEntity@md3Model_t@OpenGLDrv@@UAE_NPAUentity_t@@PAUrefEntity_t@2@@Z 0043e734 f   gl_frontend.obj
 0001:0003d912       ?AddSurfaces@md3Model_t@OpenGLDrv@@UAEXPAUrefEntity_t@2@@Z 0043e912 f   gl_frontend.obj
 0001:0003da4c       ?GetLeaf@md3Model_t@OpenGLDrv@@UAEPAUnode_t@2@PAUrefEntity_t@2@@Z 0043ea4c f   gl_frontend.obj
 0001:0003da87       ?DrawLabel@md3Model_t@OpenGLDrv@@UAEXPAUrefEntity_t@2@@Z 0043ea87 f   gl_frontend.obj
 0001:0003daf0       ?InitEntity@sprModel_t@OpenGLDrv@@UAE_NPAUentity_t@@PAUrefEntity_t@2@@Z 0043eaf0 f   gl_frontend.obj
 0001:0003db13       ?AddSurfaces@sprModel_t@OpenGLDrv@@UAEXPAUrefEntity_t@2@@Z 0043eb13 f   gl_frontend.obj
 0001:0003dc96       ?GetLeaf@sprModel_t@OpenGLDrv@@UAEPAUnode_t@2@PAUrefEntity_t@2@@Z 0043ec96 f   gl_frontend.obj
 0001:0003dd7a       ?AddEntity@OpenGLDrv@@YAXPAUentity_t@@@Z 0043ed7a f   gl_frontend.obj
 0001:0003df09       ?AddDlight@OpenGLDrv@@YAXPAUdlight_t@@@Z 0043ef09 f   gl_frontend.obj
 0001:0003e0c1       ?DrawPortal@OpenGLDrv@@YAXXZ 0043f0c1 f   gl_frontend.obj
 0001:00040140       ?GL_TextureMode@OpenGLDrv@@YAXPBD@Z 00441140 f   gl_image.obj
 0001:000401eb       ?CreateImage@OpenGLDrv@@YAPAVimage_t@1@PBDPAXHHI@Z 004411eb f   gl_image.obj
 0001:00040f8f       ?CreateImage8@OpenGLDrv@@YAPAVimage_t@1@PBDPAXHHIPAI@Z 00441f8f f   gl_image.obj
 0001:0004106e       ?LoadDelayedImages@OpenGLDrv@@YAXXZ 0044206e f   gl_image.obj
 0001:00041101       ?DrawStretchRaw8@OpenGLDrv@@YAXHHHHHHPAEPAI@Z 00442101 f   gl_image.obj
 0001:00041434       ?SetupGamma@OpenGLDrv@@YAXXZ 00442434 f   gl_image.obj
 0001:0004157a       ?PerformScreenshot@OpenGLDrv@@YAXXZ 0044257a f   gl_image.obj
 0001:000417eb       ?InitImages@OpenGLDrv@@YAXXZ 004427eb f   gl_image.obj
 0001:00041fc4       ?ShutdownImages@OpenGLDrv@@YAXXZ 00442fc4 f   gl_image.obj
 0001:0004202b       ?ShowImages@OpenGLDrv@@YAXXZ 0044302b f   gl_image.obj
 0001:000422b7       ?FindImage@OpenGLDrv@@YAPAVimage_t@1@PBDI@Z 004432b7 f   gl_image.obj
 0001:00042624       ?GL_Lock@OpenGLDrv@@YAXXZ  00443624 f   gl_interface.obj
 0001:0004269c       ?GL_Unlock@OpenGLDrv@@YAXXZ 0044369c f   gl_interface.obj
 0001:0004285e       ?GL_Bind@OpenGLDrv@@YAXPBVimage_t@1@@Z 0044385e f   gl_interface.obj
 0001:000429eb       ?GL_BindForce@OpenGLDrv@@YAXPBVimage_t@1@@Z 004439eb f   gl_interface.obj
 0001:00042a83       ?GL_TexEnv@OpenGLDrv@@YAXI@Z 00443a83 f   gl_interface.obj
 0001:00042c02       ?GL_TexMipBias@OpenGLDrv@@YAXM@Z 00443c02 f   gl_interface.obj
 0001:00042c5e       ?GL_TexEnvColor@OpenGLDrv@@YAXPBTcolor_t@@@Z 00443c5e f   gl_interface.obj
 0001:00042d0e       ?GL_SelectTexture@OpenGLDrv@@YAXH@Z 00443d0e f   gl_interface.obj
 0001:00042d71       ?GL_TexCoordPointer@OpenGLDrv@@YAXPAX@Z 00443d71 f   gl_interface.obj
 0001:00042da4       ?GL_SetMultitexture@OpenGLDrv@@YAXH@Z 00443da4 f   gl_interface.obj
 0001:00042e95       ?GL_DisableTexCoordArrays@OpenGLDrv@@YAXXZ 00443e95 f   gl_interface.obj
 0001:00042ee9       ?GL_CullFace@OpenGLDrv@@YAXW4gl_cullMode_t@1@@Z 00443ee9 f   gl_interface.obj
 0001:00042f3d       ?GL_DepthRange@OpenGLDrv@@YAXW4gl_depthMode_t@1@@Z 00443f3d f   gl_interface.obj
 0001:00042f73       ?GL_State@OpenGLDrv@@YAXI@Z 00443f73 f   gl_interface.obj
 0001:000430c3       ?GL_EnableFog@OpenGLDrv@@YAX_N@Z 004440c3 f   gl_interface.obj
 0001:0004319d       ?GL_SetDefaultState@OpenGLDrv@@YAXXZ 0044419d f   gl_interface.obj
 0001:000432f4       ?GL_Set2DMode@OpenGLDrv@@YAXXZ 004442f4 f   gl_interface.obj
 0001:000433ef       ?GL_Set3DMode@OpenGLDrv@@YAXPAUviewPortal_t@1@@Z 004443ef f   gl_interface.obj
 0001:000434da       ?ShowLights@OpenGLDrv@@YAXXZ 004444da f   gl_light.obj
 0001:000438c3       ?LightForEntity@OpenGLDrv@@YAXPAUrefEntity_t@1@@Z 004448c3 f   gl_light.obj
 0001:00044b5e       ?DiffuseLight@OpenGLDrv@@YAXPATcolor_t@@M@Z 00445b5e f   gl_light.obj
 0001:00044daa       ?InitLightGrid@OpenGLDrv@@YAXXZ 00445daa f   gl_light.obj
 0001:00044e50       ?PostLoadLights@OpenGLDrv@@YAXXZ 00445e50 f   gl_light.obj
 0001:000450ea       ?LM_Init@OpenGLDrv@@YAXXZ  004460ea f   gl_lightmap.obj
 0001:00045100       ?LM_Flush@OpenGLDrv@@YAXPAUlightmapBlock_t@1@@Z 00446100 f   gl_lightmap.obj
 0001:00045160       ?LM_Done@OpenGLDrv@@YAXXZ  00446160 f   gl_lightmap.obj
 0001:00045187       ?LM_Save@OpenGLDrv@@YAXPAUlightmapBlock_t@1@@Z 00446187 f   gl_lightmap.obj
 0001:000451a2       ?LM_Restore@OpenGLDrv@@YAXPAUlightmapBlock_t@1@@Z 004461a2 f   gl_lightmap.obj
 0001:000451bd       ?LM_NewBlock@OpenGLDrv@@YAPAUlightmapBlock_t@1@XZ 004461bd f   gl_lightmap.obj
 0001:0004521c       ?LM_Rewind@OpenGLDrv@@YAXXZ 0044621c f   gl_lightmap.obj
 0001:00045224       ?LM_NextBlock@OpenGLDrv@@YAPAUlightmapBlock_t@1@XZ 00446224 f   gl_lightmap.obj
 0001:00045251       ?LM_CheckMinlight@OpenGLDrv@@YAXPAUdynamicLightmap_t@1@@Z 00446251 f   gl_lightmap.obj
 0001:000452e7       ?LM_AllocBlock@OpenGLDrv@@YA_NPAUlightmapBlock_t@1@PAUdynamicLightmap_t@1@@Z 004462e7 f   gl_lightmap.obj
 0001:0004540d       ?LM_PutBlock@OpenGLDrv@@YAXPAUdynamicLightmap_t@1@@Z 0044640d f   gl_lightmap.obj
 0001:00045881       ?LM_PutBlock1@OpenGLDrv@@YAXPAUdynamicLightmap_t@1@@Z 00446881 f   gl_lightmap.obj
 0001:000459d2       ?LM_SortLightStyles@OpenGLDrv@@YAXPAUdynamicLightmap_t@1@@Z 004469d2 f   gl_lightmap.obj
 0001:00045a64       ?UpdateDynamicLightmap@OpenGLDrv@@YAXPAVsurfacePlanar_t@1@_NI@Z 00446a64 f   gl_lightmap.obj
 0001:000462aa       ?LM_IsMonotone@OpenGLDrv@@YA_NPAUdynamicLightmap_t@1@PATcolor_t@@@Z 004472aa f   gl_lightmap.obj
 0001:000463b1       ?Init@OpenGLDrv@@YA_NXZ    004473b1 f   gl_main.obj
 0001:00046aa4       ?Shutdown@OpenGLDrv@@YAX_N@Z 00447aa4 f   gl_main.obj
 0001:00046b2d       ?GL_EnableRendering@OpenGLDrv@@YAX_N@Z 00447b2d f   gl_main.obj
 0001:00046b4b       ?BeginFrame@OpenGLDrv@@YAXN@Z 00447b4b f   gl_main.obj
 0001:00046c78       ?EndFrame@OpenGLDrv@@YAXXZ 00447c78 f   gl_main.obj
 0001:00046c90       ?RenderFrame@OpenGLDrv@@YAXPAUrefdef_t@@@Z 00447c90 f   gl_main.obj
 0001:00047558       ?Fill8@OpenGLDrv@@YAXHHHHH@Z 00448558 f   gl_main.obj
 0001:0004759b       ?Fill@OpenGLDrv@@YAXHHHHI@Z 0044859b f   gl_main.obj
 0001:000475d7       ?TileClear@OpenGLDrv@@YAXHHHHPBD@Z 004485d7 f   gl_main.obj
 0001:00047678       ?DrawStretchPic@OpenGLDrv@@YAXHHHHPBD@Z 00448678 f   gl_main.obj
 0001:000476bd       ?DrawDetailedPic@OpenGLDrv@@YAXHHHHPBD@Z 004486bd f   gl_main.obj
 0001:00047767       ?DrawPic@OpenGLDrv@@YAXHHPBDHH@Z 00448767 f   gl_main.obj
 0001:000477ef       ?LoadNewWorld@OpenGLDrv@@YAXPBD@Z 004487ef f   gl_main.obj
 0001:00047824       ?DumpLoadStats@OpenGLDrv@@YAXXZ 00448824 f   gl_main.obj
 0001:000478aa       ?FinishLoadingWorld@OpenGLDrv@@YAXXZ 004488aa f   gl_main.obj
 0001:000478af       ?RegisterPic@OpenGLDrv@@YAPAVCBasicImage@@PBD@Z 004488af f   gl_main.obj
 0001:000478c3       ?RegisterSkin@OpenGLDrv@@YAPAVCBasicImage@@PBD_N@Z 004488c3 f   gl_main.obj
 0001:000478e3       ?RegisterModel@OpenGLDrv@@YAPAVCRenderModel@@PBD@Z 004488e3 f   gl_main.obj
 0001:000478f1       ?SetSky@OpenGLDrv@@YAXPBDMABUCVec3@@@Z 004488f1 f   gl_main.obj
 0001:0004798f       ?Screenshot@OpenGLDrv@@YAXHPBD@Z 0044898f f   gl_main.obj
 0001:000479b8       ?GetClientLight@OpenGLDrv@@YAMXZ 004489b8 f   gl_main.obj
 0001:000479bf       ?InitFuncTables@OpenGLDrv@@YAXXZ 004489bf f   gl_math.obj
 0001:00047b65       ?BuildRotationAxis@OpenGLDrv@@YAXAAUCAxis@@ABUCVec3@@M@Z 00448b65 f   gl_math.obj
 0001:00047c5c       ?GetBoxRect@OpenGLDrv@@YA_NPBUrefEntity_t@1@ABUCVec3@@QAM2_N@Z 00448c5c f   gl_math.obj
 0001:00047f66       ?ProjectToScreen@OpenGLDrv@@YA_NABUCVec3@@QAH@Z 00448f66 f   gl_math.obj
 0001:000480a9       ?SaturateColor3f@OpenGLDrv@@YAXAAUCVec3@@@Z 004490a9 f   gl_math.obj
 0001:00048199       ?SaturateColor4b@OpenGLDrv@@YAXPATcolor_t@@@Z 00449199 f   gl_math.obj
 0001:000482a7       ?SubdividePlane@OpenGLDrv@@YAHPAPAUCVec3@@HM@Z 004492a7 f   gl_poly.obj
 0001:00048786       ?FreeSubdividedPlane@OpenGLDrv@@YAXXZ 00449786 f   gl_poly.obj
 0001:0004879e       ?GetSubdivideIndexes@OpenGLDrv@@YAXPAH@Z 0044979e f   gl_poly.obj
 0001:000487f4       ?RemoveCollinearPoints@OpenGLDrv@@YAHPAPAUCVec3@@H@Z 004497f4 f   gl_poly.obj
 0001:000488ea       ?GetPolyArea@OpenGLDrv@@YAMPAPAUCVec3@@H@Z 004498ea f   gl_poly.obj
 0001:0004897e       ?InitShaders@OpenGLDrv@@YAXXZ 0044997e f   gl_shader.obj
 0001:00048b19       ?ShutdownShaders@OpenGLDrv@@YAXXZ 00449b19 f   gl_shader.obj
 0001:00048b57       ?GetLightmapImage@OpenGLDrv@@YAPAVimage_t@1@H@Z 00449b57 f   gl_shader.obj
 0001:00048b82       ?SetShaderLightmap@OpenGLDrv@@YAPAVshader_t@1@PAV21@H@Z 00449b82 f   gl_shader.obj
 0001:00048e9c       ??4shader_t@OpenGLDrv@@QAEAAV01@ABV01@@Z 00449e9c f i gl_shader.obj
 0001:000490d8       ?SetShaderLightstyles@OpenGLDrv@@YAPAVshader_t@1@PAV21@I_N@Z 0044a0d8 f   gl_shader.obj
 0001:0004918a       ?GetAlphaShader@OpenGLDrv@@YAPAVshader_t@1@PAV21@@Z 0044a18a f   gl_shader.obj
 0001:00049577       ?SetShaderAnimFreq@OpenGLDrv@@YAXPAVshader_t@1@H@Z 0044a577 f   gl_shader.obj
 0001:000495cd       ?FindShader@OpenGLDrv@@YAPAVshader_t@1@PBDI@Z 0044a5cd f   gl_shader.obj
 0001:0004b002       ?GetShaderByNum@OpenGLDrv@@YAPAVshader_t@1@H@Z 0044c002 f   gl_shader.obj
 0001:0004b024       ?ResetShaders@OpenGLDrv@@YAXXZ 0044c024 f   gl_shader.obj
 0001:0004b20f       ?Reload@shader_t@OpenGLDrv@@UAEXXZ 0044c20f f   gl_shader.obj
 0001:0004b23e       ?ClearSky@OpenGLDrv@@YAXXZ 0044c23e f   gl_sky.obj
 0001:0004b29b       ?AddSkySurface@OpenGLDrv@@YAXPAVsurfacePlanar_t@1@E@Z 0044c29b f   gl_sky.obj
 0001:0004b863       ?DrawSky@OpenGLDrv@@YAXXZ  0044c863 f   gl_sky.obj
 0001:0004bf07       ?DrawChar@OpenGLDrv@@YAXHHHH@Z 0044cf07 f   gl_text.obj
 0001:0004bf61       ?ClearTexts@OpenGLDrv@@YAXXZ 0044cf61 f   gl_text.obj
 0001:0004bf76       ?FlushTexts@OpenGLDrv@@YAXXZ 0044cf76 f   gl_text.obj
 0001:0004c022       ?DrawTextPos@OpenGLDrv@@YAXHHPBDI@Z 0044d022 f   gl_text.obj
 0001:0004c04e       ?DrawTextLeft@OpenGLDrv@@YAXPBDI@Z 0044d04e f   gl_text.obj
 0001:0004c0d6       ?DrawTextRight@OpenGLDrv@@YAXPBDI@Z 0044d0d6 f   gl_text.obj
 0001:0004c120       ?DrawText3D@OpenGLDrv@@YAXABUCVec3@@PBDI@Z 0044d120 f   gl_text.obj
 0001:0004c14d       ?InitTexts@OpenGLDrv@@YAXXZ 0044d14d f   gl_text.obj
 0001:0004c167       ??0?$TTextContainer@UCRText@OpenGLDrv@@$0BAAAA@@@QAE@XZ 0044d167 f i gl_text.obj
 0001:0004c18c       ?FindModel@OpenGLDrv@@YAPAVmodel_t@1@PBD@Z 0044d18c f   gl_model.obj
 0001:0004c368       ?FreeModels@OpenGLDrv@@YAXXZ 0044d368 f   gl_model.obj
 0001:0004c3da       ?InitModels@OpenGLDrv@@YAXXZ 0044d3da f   gl_model.obj
 0001:0004c4d0       ?ShutdownModels@OpenGLDrv@@YAXXZ 0044d4d0 f   gl_model.obj
 0001:0004c4e1       ?LoadWorldMap@OpenGLDrv@@YAXPBD@Z 0044d4e1 f   gl_bspmodel.obj
 0001:0004e730       ?PointInLeaf@OpenGLDrv@@YAPAUnode_t@1@ABUCVec3@@@Z 0044f730 f   gl_bspmodel.obj
 0001:0004e77b       ?LerpTag@model_t@OpenGLDrv@@UBE_NHHMPBDAAUCCoords@@@Z 0044f77b f   gl_trimodel.obj
 0001:0004e789       ?LerpTag@md3Model_t@OpenGLDrv@@UBE_NHHMPBDAAUCCoords@@@Z 0044f789 f   gl_trimodel.obj
 0001:0004e899       ?LoadMd2@OpenGLDrv@@YAPAVmd3Model_t@1@PBDPAEI@Z 0044f899 f   gl_trimodel.obj
 0001:0004f42e       ?ATAN2_FUNC@OpenGLDrv@@YAMMM@Z 0045042e f i gl_trimodel.obj
 0001:0004f5e4       ?LoadMd3@OpenGLDrv@@YAPAVmd3Model_t@1@PBDPAEI@Z 004505e4 f   gl_trimodel.obj
 0001:0004fac5       ?LoadSp2@OpenGLDrv@@YAPAVsprModel_t@1@PBDPAEI@Z 00450ac5 f   gl_trimodel.obj
 0001:0004fcf0       ?LoadSpr@OpenGLDrv@@YAPAVsprModel_t@1@PBDPAEI@Z 00450cf0 f   gl_trimodel.obj
 0001:00051469       ?QGL_Init@OpenGLDrv@@YA_NPBD@Z 00452469 f   GLBind.obj
 0001:00051555       ?QGL_Shutdown@OpenGLDrv@@YAXXZ 00452555 f   GLBind.obj
 0001:00051592       ?QGL_InitExtensions@OpenGLDrv@@YAXXZ 00452592 f   GLBind.obj
 0001:00051a7c       ?QGL_PrintExtensionsString@OpenGLDrv@@YAXPBD00@Z 00452a7c f   GLBind.obj
 0001:00051bc9       ?QGL_EnableLogging@OpenGLDrv@@YAX_N@Z 00452bc9 f   GLBind.obj
 0001:00051c72       ?QGL_LogMessage@OpenGLDrv@@YAXPBD@Z 00452c72 f   GLBind.obj
 0001:00051c8b       ?QGL_SwapBuffers@OpenGLDrv@@YAXXZ 00452c8b f   GLBind.obj
 0001:00051d0d       ?GLimp_HasGamma@OpenGLDrv@@YA_NXZ 00452d0d f   gl_win.obj
 0001:00051d21       ?GLimp_SetGamma@OpenGLDrv@@YAXM@Z 00452d21 f   gl_win.obj
 0001:00051ec7       ?GLimp_SetMode@OpenGLDrv@@YA_NPAI0H_N@Z 00452ec7 f   gl_win.obj
 0001:0005229e       ?GLimp_Shutdown@OpenGLDrv@@YAX_N@Z 0045329e f   gl_win.obj
 0001:0005234e       ?AppActivate@OpenGLDrv@@YAX_N@Z 0045334e f   gl_win.obj
 0001:000523c1       _jpeg_CreateDecompress     004533c1 f   libs:jdapimin.obj
 0001:00052481       _jpeg_read_header          00453481 f   libs:jdapimin.obj
 0001:000524e3       _jpeg_consume_input        004534e3 f   libs:jdapimin.obj
 0001:00052732       _jpeg_finish_decompress    00453732 f   libs:jdapimin.obj
 0001:000527c9       _jpeg_start_decompress     004537c9 f   libs:jdapistd.obj
 0001:00052936       _jpeg_read_scanlines       00453936 f   libs:jdapistd.obj
 0001:000529ba       _jpeg_resync_to_restart    004539ba f   libs:jdmarker.obj
 0001:00052b7f       _jinit_marker_reader       00453b7f f   libs:jdmarker.obj
 0001:0005404a       _jpeg_CreateCompress       0045504a f   libs:jcapimin.obj
 0001:000540fe       _jpeg_destroy_decompress   004550fe f   libs:jcapimin.obj
 0001:000540fe       _jpeg_destroy_compress     004550fe f   libs:jcapimin.obj
 0001:00054109       _jpeg_suppress_tables      00455109 f   libs:jcapimin.obj
 0001:00054153       _jpeg_finish_compress      00455153 f   libs:jcapimin.obj
 0001:0005423d       _jpeg_start_compress       0045523d f   libs:jcapistd.obj
 0001:000542a9       _jpeg_write_scanlines      004552a9 f   libs:jcapistd.obj
 0001:00054354       _jpeg_add_quant_table      00455354 f   libs:jcparam.obj
 0001:00054406       _jpeg_quality_scaling      00455406 f   libs:jcparam.obj
 0001:0005442d       _jpeg_set_quality          0045542d f   libs:jcparam.obj
[...]
 0001:0006357f       _process_restart           0046457f f   libs:jddiffct.obj
 0001:0006159f       _dummy_consume_data        0046259f f   libs:jdcoefct.obj
 0001:000635b4       _consume_data              004645b4 f   libs:jddiffct.obj
 0001:0006362b       _output_data               0046462b f   libs:jddiffct.obj
 0001:000630b2       _start_pass                004640b2 f   libs:jddctmgr.obj
 0001:00062504       _start_pass_phuff_decoder  00463504 f   libs:jdphuff.obj
 0001:0006274d       _decode_mcu_DC_first       0046374d f   libs:jdphuff.obj
 0001:00062945       _process_restart           00463945 f   libs:jdphuff.obj
 0001:000629b4       _decode_mcu_AC_first       004639b4 f   libs:jdphuff.obj
 0001:00062bd4       _decode_mcu_DC_refine      00463bd4 f   libs:jdphuff.obj
 0001:00062ca9       _decode_mcu_AC_refine      00463ca9 f   libs:jdphuff.obj
 0001:00061f4b       _start_pass_huff_decoder   00462f4b f   libs:jdshuff.obj
 0001:00062083       _decode_mcu                00463083 f   libs:jdshuff.obj
 0001:00062433       _process_restart           00463433 f   libs:jdshuff.obj
 0001:00061331       _start_input_pass          00462331 f   libs:jdcoefct.obj
 0001:00061344       _start_iMCU_row            00462344 f   libs:jdcoefct.obj
 0001:00061389       _start_output_pass         00462389 f   libs:jdcoefct.obj
 0001:000613c6       _decompress_onepass        004623c6 f   libs:jdcoefct.obj
 0001:0006159f       _dummy_consume_data        0046259f f   libs:jdcoefct.obj
 0001:000615a2       _consume_data              004625a2 f   libs:jdcoefct.obj
 0001:0006175b       _decompress_data           0046275b f   libs:jdcoefct.obj
 0001:000618c7       _smoothing_ok              004628c7 f   libs:jdcoefct.obj
 0001:000619b2       _decompress_smooth_data    004629b2 f   libs:jdcoefct.obj
 0001:000611ca       _scaler_start_pass         004621ca f   libs:jcscale.obj
 0001:000611ed       _simple_downscale          004621ed f   libs:jcscale.obj
 0001:00061219       _noscale                   00462219 f   libs:jcscale.obj
 0001:00060cc2       _start_pass                00461cc2 f   libs:jcpred.obj
 0001:00060d1a       _reset_predictor           00461d1a f   libs:jcpred.obj
 0001:00060d47       _jpeg_difference_first_row 00461d47 f   libs:jcpred.obj
 0001:00060e31       _jpeg_difference1          00461e31 f   libs:jcpred.obj
 0001:00060e9f       _jpeg_difference2          00461e9f f   libs:jcpred.obj
 0001:00060f10       _jpeg_difference3          00461f10 f   libs:jcpred.obj
 0001:00060f88       _jpeg_difference4          00461f88 f   libs:jcpred.obj
 0001:00061013       _jpeg_difference5          00462013 f   libs:jcpred.obj
 0001:000610a6       _jpeg_difference6          004620a6 f   libs:jcpred.obj
 0001:00061135       _jpeg_difference7          00462135 f   libs:jcpred.obj
 0001:000605b4       _start_pass_huff           004615b4 f   libs:jclhuff.obj
 0001:00060751       _encode_mcus_huff          00461751 f   libs:jclhuff.obj
 0001:0006093c       _emit_bits                 0046193c f   libs:jclhuff.obj
 0001:000609df       _dump_buffer               004619df f   libs:jclhuff.obj
 0001:00060a03       _emit_restart              00461a03 f   libs:jclhuff.obj
 0001:00060a4e       _flush_bits                00461a4e f   libs:jclhuff.obj
 0001:00060a72       _finish_pass_huff          00461a72 f   libs:jclhuff.obj
 0001:00060adf       _encode_mcus_gather        00461adf f   libs:jclhuff.obj
 0001:00060c08       _finish_pass_gather        00461c08 f   libs:jclhuff.obj
 0001:0005f2d9       _need_optimization_pass    004602d9 f   libs:jcshuff.obj
 0001:000601d4       _start_pass_diff           004611d4 f   libs:jcdiffct.obj
 0001:0005e4da       _start_iMCU_row            0045f4da f   libs:jccoefct.obj
 0001:00060272       _compress_data             00461272 f   libs:jcdiffct.obj
 0001:00060408       _compress_first_pass       00461408 f   libs:jcdiffct.obj
 0001:000604fd       _compress_output           004614fd f   libs:jcdiffct.obj
 0001:0005fde7       _start_pass_fdctmgr        00460de7 f   libs:jcdctmgr.obj
 0001:0005fee9       _forward_DCT_float         00460ee9 f   libs:jcdctmgr.obj
 0001:0005f31c       _start_pass_phuff          0046031c f   libs:jcphuff.obj
 0001:0005f489       _encode_mcu_DC_first       00460489 f   libs:jcphuff.obj
 0001:0005f5bb       _emit_bits                 004605bb f   libs:jcphuff.obj
 0001:0005f666       _dump_buffer               00460666 f   libs:jcphuff.obj
 0001:0005f69e       _emit_symbol               0046069e f   libs:jcphuff.obj
 0001:0005f6de       _emit_restart              004606de f   libs:jcphuff.obj
 0001:0005f767       _emit_eobrun               00460767 f   libs:jcphuff.obj
 0001:0005f7ed       _encode_mcu_AC_first       004607ed f   libs:jcphuff.obj
 0001:0005f981       _encode_mcu_DC_refine      00460981 f   libs:jcphuff.obj
 0001:0005fa3b       _encode_mcu_AC_refine      00460a3b f   libs:jcphuff.obj
 0001:0005fc52       _finish_pass_phuff         00460c52 f   libs:jcphuff.obj
 0001:0005fca1       _finish_pass_gather_phuff  00460ca1 f   libs:jcphuff.obj
 0001:0005fd64       _need_optimization_pass    00460d64 f   libs:jcphuff.obj
 0001:0005eab4       _start_pass_huff           0045fab4 f   libs:jcshuff.obj
 0001:0005ec29       _encode_mcu_huff           0045fc29 f   libs:jcshuff.obj
 0001:0005ed34       _encode_one_block          0045fd34 f   libs:jcshuff.obj
 0001:0005eeab       _emit_bits                 0045feab f   libs:jcshuff.obj
 0001:0005ef4e       _dump_buffer               0045ff4e f   libs:jcshuff.obj
 0001:0005ef72       _emit_restart              0045ff72 f   libs:jcshuff.obj
 0001:0005efdf       _flush_bits                0045ffdf f   libs:jcshuff.obj
 0001:0005f003       _finish_pass_huff          00460003 f   libs:jcshuff.obj
 0001:0005f072       _encode_mcu_gather         00460072 f   libs:jcshuff.obj
 0001:0005f128       _htest_one_block           00460128 f   libs:jcshuff.obj
 0001:0005f1ef       _finish_pass_gather        004601ef f   libs:jcshuff.obj
 0001:0005f2d9       _need_optimization_pass    004602d9 f   libs:jcshuff.obj
 0001:0005e445       _start_pass_coef           0045f445 f   libs:jccoefct.obj
 0001:0005e4da       _start_iMCU_row            0045f4da f   libs:jccoefct.obj
 0001:0005e51c       _compress_data             0045f51c f   libs:jccoefct.obj
 0001:0005e703       _compress_first_pass       0045f703 f   libs:jccoefct.obj
 0001:0005e8e9       _compress_output           0045f8e9 f   libs:jccoefct.obj
 0001:0005e35d       _calc_output_dimensions    0045f35d f   libs:jdlossls.obj
 0001:0005e36e       _start_input_pass          0045f36e f   libs:jdlossls.obj
 0001:0005e09c       _calc_output_dimensions    0045f09c f   libs:jdlossy.obj
 0001:0005e20f       _start_input_pass          0045f20f f   libs:jdlossy.obj
 0001:0005e22f       _latch_quant_tables        0045f22f f   libs:jdlossy.obj
 0001:0005e2c7       _start_output_pass         0045f2c7 f   libs:jdlossy.obj
 0001:0005dfeb       _start_pass                0045efeb f   libs:jclossls.obj
 0001:0005df57       _start_pass                0045ef57 f   libs:jclossy.obj
 0001:0005d4ac       _initial_setup             0045e4ac f   libs:jcmaster.obj
 0001:0005d65f       _validate_script           0045e65f f   libs:jcmaster.obj
 0001:0005da37       _prepare_for_pass          0045ea37 f   libs:jcmaster.obj
 0001:0005dbaf       _select_scan_parameters    0045ebaf f   libs:jcmaster.obj
 0001:0005dcb0       _per_scan_setup            0045ecb0 f   libs:jcmaster.obj
 0001:0005de5b       _pass_startup              0045ee5b f   libs:jcmaster.obj
 0001:0005de82       _finish_pass_master        0045ee82 f   libs:jcmaster.obj
 0001:0005cf98       _rgb_ycc_start             0045df98 f   libs:jccolor.obj
 0001:0005d05c       _rgb_ycc_convert           0045e05c f   libs:jccolor.obj
 0001:0005d15b       _rgb_gray_convert          0045e15b f   libs:jccolor.obj
 0001:0005d1e0       _cmyk_ycck_convert         0045e1e0 f   libs:jccolor.obj
 0001:0005d318       _grayscale_convert         0045e318 f   libs:jccolor.obj
 0001:0005d372       _null_convert              0045e372 f   libs:jccolor.obj
 0001:0002d5ca       _null_method               0042e5ca f   images.obj
 0001:0002d5ca       _start_pass_downsample     0042e5ca f   images.obj
 0001:0005c6e4       _sep_downsample            0045d6e4 f   libs:jcsample.obj
 0001:0005c759       _int_downsample            0045d759 f   libs:jcsample.obj
 0001:0005c851       _expand_right_edge         0045d851 f   libs:jcsample.obj
 0001:0005c8a6       _fullsize_downsample       0045d8a6 f   libs:jcsample.obj
 0001:0005c8ea       _h2v1_downsample           0045d8ea f   libs:jcsample.obj
 0001:0005c97e       _h2v2_downsample           0045d97e f   libs:jcsample.obj
 0001:0005ca2b       _h2v2_smooth_downsample    0045da2b f   libs:jcsample.obj
 0001:0005cca3       _fullsize_smooth_downsample 0045dca3 f   libs:jcsample.obj
 0001:0005c0e0       _start_pass_prep           0045d0e0 f   libs:jcprepct.obj
 0001:0005c11e       _pre_process_data          0045d11e f   libs:jcprepct.obj
 0001:0005c2cc       _pre_process_context       0045d2cc f   libs:jcprepct.obj
 0001:0005c485       _create_context_buffer     0045d485 f   libs:jcprepct.obj
 0001:0005bf58       _start_pass_main           0045cf58 f   libs:jcmainct.obj
 0001:0005bf9a       _process_data_simple_main  0045cf9a f   libs:jcmainct.obj
 0001:0005b52e       _create_colormap           0045c52e f   libs:jquant1.obj
 0001:0005b660       _select_ncolors            0045c660 f   libs:jquant1.obj
 0001:0005b737       _create_colorindex         0045c737 f   libs:jquant1.obj
 0001:0005b863       _alloc_fs_workspace        0045c863 f   libs:jquant1.obj
 0001:0005b89f       _start_pass_1_quant        0045c89f f   libs:jquant1.obj
 0001:0005b96b       _create_odither_tables     0045c96b f   libs:jquant1.obj
 0001:0005b9ca       _make_odither_array        0045c9ca f   libs:jquant1.obj
 0001:0005ba2d       _color_quantize            0045ca2d f   libs:jquant1.obj
 0001:0005bab8       _color_quantize3           0045cab8 f   libs:jquant1.obj
 0001:0005bb46       _quantize_ord_dither       0045cb46 f   libs:jquant1.obj
 0001:0005bc31       _quantize3_ord_dither      0045cc31 f   libs:jquant1.obj
 0001:0005bd31       _quantize_fs_dither        0045cd31 f   libs:jquant1.obj
 0001:0002d5ca       _finish_pass_1_quant       0042e5ca f   images.obj
 0001:0005beb5       _new_color_map_1_quant     0045ceb5 f   libs:jquant1.obj
 0001:0005a4ef       _init_error_limit          0045b4ef f   libs:jquant2.obj
 0001:0005a58e       _start_pass_2_quant        0045b58e f   libs:jquant2.obj
 0001:0005a690       _prescan_quantize          0045b690 f   libs:jquant2.obj
 0001:0005a6ff       _pass2_no_dither           0045b6ff f   libs:jquant2.obj
 0001:0005a7ac       _fill_inverse_cmap         0045b7ac f   libs:jquant2.obj
 0001:0005a877       _find_nearby_colors        0045b877 f   libs:jquant2.obj
 0001:0005aa1b       _find_best_colors          0045ba1b f   libs:jquant2.obj
 0001:0005ab35       _pass2_fs_dither           0045bb35 f   libs:jquant2.obj
 0001:0005ada4       _finish_pass1              0045bda4 f   libs:jquant2.obj
 0001:0005adc6       _select_colors             0045bdc6 f   libs:jquant2.obj
 0001:0005ae52       _update_box                0045be52 f   libs:jquant2.obj
 0001:0005b1ec       _median_cut                0045c1ec f   libs:jquant2.obj
 0001:0005b300       _find_biggest_color_pop    0045c300 f   libs:jquant2.obj
 0001:0005b32f       _find_biggest_volume       0045c32f f   libs:jquant2.obj
 0001:0005b358       _compute_color             0045c358 f   libs:jquant2.obj
 0001:0002d5ca       _finish_pass2              0042e5ca f   images.obj
 0001:0005b494       _new_color_map_2_quant     0045c494 f   libs:jquant2.obj
 0001:00059f06       _build_ycc_rgb_table       0045af06 f   libs:jdmerge.obj
 0001:00059fb6       _start_pass_merged_upsample 0045afb6 f   libs:jdmerge.obj
 0001:00059fcb       _merged_2v_upsample        0045afcb f   libs:jdmerge.obj
 0001:0005a072       _merged_1v_upsample        0045b072 f   libs:jdmerge.obj
 0001:0005a0a3       _h2v1_merged_upsample      0045b0a3 f   libs:jdmerge.obj
 0001:0005a1f9       _h2v2_merged_upsample      0045b1f9 f   libs:jdmerge.obj
 0001:00059aaa       _build_ycc_rgb_table       0045aaaa f   libs:jdcolor.obj
 0001:00059b5a       _ycc_rgb_convert           0045ab5a f   libs:jdcolor.obj
 0001:00059c68       _null_convert              0045ac68 f   libs:jdcolor.obj
 0001:00059ce0       _grayscale_convert         0045ace0 f   libs:jdcolor.obj
 0001:00059d03       _gray_rgb_convert          0045ad03 f   libs:jdcolor.obj
 0001:00059d5c       _ycck_cmyk_convert         0045ad5c f   libs:jdcolor.obj
 0001:0002d5ca       _start_pass_dcolor         0042e5ca f   images.obj
 0001:0005950b       _start_pass_upsample       0045a50b f   libs:jdsample.obj
 0001:00059525       _sep_upsample              0045a525 f   libs:jdsample.obj
 0001:000595f2       _fullsize_upsample         0045a5f2 f   libs:jdsample.obj
 0001:000595fd       _noop_upsample             0045a5fd f   libs:jdsample.obj
 0001:00059605       _int_upsample              0045a605 f   libs:jdsample.obj
 0001:000596ef       _h2v1_upsample             0045a6ef f   libs:jdsample.obj
 0001:00059746       _h2v2_upsample             0045a746 f   libs:jdsample.obj
 0001:000597b8       _h2v1_fancy_upsample       0045a7b8 f   libs:jdsample.obj
 0001:0005985b       _h2v2_fancy_upsample       0045a85b f   libs:jdsample.obj
 0001:00059114       _start_pass_dpost          0045a114 f   libs:jdpostct.obj
 0001:000591ba       _post_process_1pass        0045a1ba f   libs:jdpostct.obj
 0001:0005921f       _post_process_prepass      0045a21f f   libs:jdpostct.obj
 0001:000592b0       _post_process_2pass        0045a2b0 f   libs:jdpostct.obj
 0001:00058b1b       _alloc_funny_pointers      00459b1b f   libs:jdmainct.obj
 0001:00058bc8       _start_pass_main           00459bc8 f   libs:jdmainct.obj
 0001:00058c30       _make_funny_pointers       00459c30 f   libs:jdmainct.obj
 0001:00058d70       _process_data_simple_main  00459d70 f   libs:jdmainct.obj
 0001:00058dd8       _process_data_context_main 00459dd8 f   libs:jdmainct.obj
 0001:00058eea       _set_wraparound_pointers   00459eea f   libs:jdmainct.obj
 0001:00058fd4       _set_bottom_pointers       00459fd4 f   libs:jdmainct.obj
 0001:0005906e       _process_data_crank_post   0045a06e f   libs:jdmainct.obj
 0001:00057847       _write_marker_header       00458847 f   libs:jcmarker.obj
 0001:0005789d       _emit_byte                 0045889d f   libs:jcmarker.obj
 0001:000578ce       _write_marker_byte         004588ce f   libs:jcmarker.obj
 0001:000578de       _write_file_header         004588de f   libs:jcmarker.obj
 0001:0005792a       _emit_jfif_app0            0045892a f   libs:jcmarker.obj
 0001:000579fd       _emit_adobe_app14          004589fd f   libs:jcmarker.obj
 0001:00057aa3       _write_frame_header        00458aa3 f   libs:jcmarker.obj
 0001:00057b82       _emit_dqt                  00458b82 f   libs:jcmarker.obj
 0001:00057c71       _emit_sof                  00458c71 f   libs:jcmarker.obj
 0001:00057d4d       _write_scan_header         00458d4d f   libs:jcmarker.obj
 0001:00057e0d       _emit_dht                  00458e0d f   libs:jcmarker.obj
 0001:00057ee6       _emit_dri                  00458ee6 f   libs:jcmarker.obj
 0001:00057f35       _emit_sos                  00458f35 f   libs:jcmarker.obj
 0001:00058023       _write_file_trailer        00459023 f   libs:jcmarker.obj
 0001:00058043       _write_tables_only         00459043 f   libs:jcmarker.obj
 0001:0005739c       _use_merged_upsample       0045839c f   libs:jdmaster.obj
 0001:00057442       _master_selection          00458442 f   libs:jdmaster.obj
 0001:0005759f       _prepare_range_limit_table 0045859f f   libs:jdmaster.obj
 0001:00057625       _prepare_for_output_pass   00458625 f   libs:jdmaster.obj
 0001:00057746       _finish_output_pass        00458746 f   libs:jdmaster.obj
 0001:00056813       _alloc_small               00457813 f   libs:jmemmgr.obj
 0001:00056931       _alloc_large               00457931 f   libs:jmemmgr.obj
 0001:000569e2       _alloc_sarray              004579e2 f   libs:jmemmgr.obj
 0001:00056a7a       _alloc_barray              00457a7a f   libs:jmemmgr.obj
 0001:00056b1e       _alloc_darray              00457b1e f   libs:jmemmgr.obj
 0001:00056bc9       _request_virt_sarray       00457bc9 f   libs:jmemmgr.obj
 0001:00056c2a       _request_virt_barray       00457c2a f   libs:jmemmgr.obj
 0001:00056c8b       _realize_virt_arrays       00457c8b f   libs:jmemmgr.obj
 0001:00056e0e       _access_virt_sarray        00457e0e f   libs:jmemmgr.obj
 0001:00056f2e       _do_sarray_io              00457f2e f   libs:jmemmgr.obj
 0001:00056fbe       _access_virt_barray        00457fbe f   libs:jmemmgr.obj
 0001:000570e3       _do_barray_io              004580e3 f   libs:jmemmgr.obj
 0001:00057174       _free_pool                 00458174 f   libs:jmemmgr.obj
 0001:0005725b       _self_destruct             0045825b f   libs:jmemmgr.obj
 0001:000562ad       _start_input_pass          004572ad f   libs:jdinput.obj
 0001:000562db       _per_scan_setup            004572db f   libs:jdinput.obj
 0001:00056461       _finish_input_pass         00457461 f   libs:jdinput.obj
 0001:00056472       _consume_markers           00457472 f   libs:jdinput.obj
 0001:0005650e       _initial_setup             0045750e f   libs:jdinput.obj
 0001:00056718       _reset_input_controller    00457718 f   libs:jdinput.obj
 0001:00055eb2       _make_crc_table            00456eb2 f   libs:crc32.obj
 0001:00055fff       _crc32_little              00456fff f   libs:crc32.obj
 0001:00055cac       _fixedtables               00456cac f   libs:inflate.obj
 0001:00055d96       _updatewindow              00456d96 f   libs:inflate.obj
 0001:000549d4       _init_destination          004559d4 f   libs:jdatadst.obj
 0001:000549fa       _empty_output_buffer       004559fa f   libs:jdatadst.obj
 0001:00054a3c       _term_destination          00455a3c f   libs:jdatadst.obj
 0001:0005455b       _std_huff_tables           0045555b f   libs:jcparam.obj
 0001:000545b5       _add_huff_table            004555b5 f   libs:jcparam.obj
 0001:00052aa8       _next_marker               00453aa8 f   libs:jdmarker.obj
 0001:00052be2       _get_interesting_appn      00453be2 f   libs:jdmarker.obj
 0001:00052d0d       _examine_app0              00453d0d f   libs:jdmarker.obj
 0001:00052f1b       _examine_app14             00453f1b f   libs:jdmarker.obj
 0001:00052fdc       _skip_variable             00453fdc f   libs:jdmarker.obj
 0001:0005307f       _read_markers              0045407f f   libs:jdmarker.obj
 0001:00053287       _get_soi                   00454287 f   libs:jdmarker.obj
 0001:00053332       _get_sof                   00454332 f   libs:jdmarker.obj
 0001:0005363b       _get_sos                   0045463b f   libs:jdmarker.obj
 0001:00053929       _get_dht                   00454929 f   libs:jdmarker.obj
 0001:00053bca       _get_dqt                   00454bca f   libs:jdmarker.obj
 0001:00053e26       _get_dri                   00454e26 f   libs:jdmarker.obj
 0001:00053f05       _first_marker              00454f05 f   libs:jdmarker.obj
 0001:00053fa1       _read_restart_marker       00454fa1 f   libs:jdmarker.obj
 0001:0005401f       _reset_marker_reader       0045501f f   libs:jdmarker.obj
 0001:0005288c       _output_pass_setup         0045388c f   libs:jdapistd.obj
 0001:0005257f       _default_decompress_parms  0045357f f   libs:jdapimin.obj

 295 bytes saved through ICF

