 quake2

 Timestamp is 421722c2 (Sat Feb 19 14:28:02 2005)

 Preferred load address is 00400000

 Start         Length     Name                   Class
 0001:00000000 0005f900H .text                   CODE
 0002:00000000 00000284H .idata$5                DATA
 0002:00000288 000040acH .rdata                  DATA
 0002:00004338 00000044H .rdata$r                DATA
 0002:00004380 00000038H .xdata$x                DATA
 0002:000043b8 00000078H .idata$2                DATA
 0002:00004430 00000014H .idata$3                DATA
 0002:00004444 00000284H .idata$4                DATA
 0002:000046c8 00000824H .idata$6                DATA
 0002:00004eec 00000000H .edata                  DATA
 0003:00000000 00000004H .CRT$XCA                DATA
 0003:00000004 00000008H .CRT$XCU                DATA
 0003:0000000c 00000004H .CRT$XCZ                DATA
 0003:00000010 00000004H .CRT$XIA                DATA
 0003:00000014 00000004H .CRT$XIZ                DATA
 0003:00000020 0000e9ccH .data                   DATA
 0003:0000e9f0 009fb50cH .bss                    DATA
 0004:00000000 00000130H .rsrc$01                DATA
 0004:00000130 00003f20H .rsrc$02                DATA

  Address         Publics by Value              Rva+Base     Lib:Object

 0001:00000000       ??3@YAXPAX@Z               00401000 f i CoreMain.obj
 0001:0000000b       ?appInit@@YAXXZ            0040100b f   CoreMain.obj
 0001:00000069       ?appLoadDebugSymbols@@YAXXZ 00401069 f   DbgSymbols.obj
 0001:0000026c       ?appSymbolName@@YA_NIPADH@Z 0040126c f   DbgSymbols.obj
 0001:00000358       ?appSymbolName@@YAPADI@Z   00401358 f   DbgSymbols.obj
 0001:0000038a       ?appMalloc@@YAPAXIH@Z      0040138a f   Memory.obj
 0001:00000438       ?appFree@@YAXPAX@Z         00401438 f   Memory.obj
 0001:00000466       ?Unlink@FMemHeader@@QAEXXZ 00401466 f i Memory.obj
 0001:00000491       ?Link@CMemoryChain@@AAEXXZ 00401491 f   Memory.obj
 0001:000004b0       ??2CMemoryChain@@SAPAXIH@Z 004014b0 f   Memory.obj
 0001:00000522       ?Alloc@CMemoryChain@@QAEPAXIH@Z 00401522 f   Memory.obj
 0001:0000058c       ?appInitMemory@@YAXXZ      0040158c f   Memory.obj
 0001:000009c1       ?Write@COutputDeviceNull@@UAEXPBD@Z 004019c1 f i OutputDevice.obj
 0001:000009c4       ?appWPrintf@@YAXPBDZZ      004019c4 f   OutputDevice.obj
 0001:00000a15       ?appFatalError@@YAXPBDZZ   00401a15 f   ErrorMgr.obj
 0001:00000a6e       ?appNonFatalError@@YAXPBDZZ 00401a6e f   ErrorMgr.obj
 0001:00000aae       ?appUnwindPrefix@@YAXPBD@Z 00401aae f   ErrorMgr.obj
 0001:00000b06       ?appUnwindThrow@@YAXPBDZZ  00401b06 f   ErrorMgr.obj
 0001:00000b8e       ?Reset@CErrorHandler@@QAEXXZ 00401b8e f   ErrorMgr.obj
 0001:00000ba9       ?appInitError@@YAXXZ       00401ba9 f   ErrorMgr.obj
 0001:00000c11       ?appStricmp@@YAHPBD0@Z     00401c11 f   Strings.obj
 0001:00000c46       ?toLower@@YADD@Z           00401c46 f i Strings.obj
 0001:00000c5d       ?appStrcpy@@YAXPADPBD@Z    00401c5d f   Strings.obj
 0001:00000c70       ?appStrncpylwr@@YAXPADPBDH@Z 00401c70 f   Strings.obj
 0001:00000ca2       ?appStrncpyz@@YAXPADPBDH@Z 00401ca2 f   Strings.obj
 0001:00000ccf       ?appCopyFilename@@YAXPADPBDH@Z 00401ccf f   Strings.obj
 0001:00000d6b       ?va@@YAPADPBDZZ            00401d6b f   Strings.obj
 0001:00000db8       ?appSprintf@@YAHPADHPBDZZ  00401db8 f   Strings.obj
 0001:00000e03       ?appMatchWildcard@@YA_NPBD0_N@Z 00401e03 f   Strings.obj
 0001:00000f83       ?CopyString@@YAPADPBD@Z    00401f83 f   Strings.obj
 0001:00000fc3       ??2CStringItem@@SAPAXIPBD@Z 00401fc3 f   Strings.obj
 0001:0000100c       ??2CStringItem@@SAPAXIPBDPAVCMemoryChain@@@Z 0040200c f   Strings.obj
 0001:00001056       ?Find@CStringList@@IAEPAVCStringItem@@PBDPAPAV2@@Z 00402056 f   Strings.obj
 0001:00001099       ?Remove@CStringList@@QAE_NPAVCStringItem@@@Z 00402099 f   Strings.obj
 0001:000010c5       ?osAddressInfo@@YA_NIPADHPAH@Z 004020c5 f   DbgSymbolsWin32.obj
 0001:00001159       ?osModuleInfo@@YA_NIPADHPAH@Z 00402159 f   DbgSymbolsWin32.obj
 0001:00001301       ?win32ExceptFilter@@YAHPAU_EXCEPTION_POINTERS@@@Z 00402301 f   ExceptFilterWin32.obj
 0001:000018b9       ?win32ExceptFilter2@@YAHXZ 004028b9 f   ExceptFilterWin32.obj
 0001:000018c5       ?SCR_StopCinematic@@YAXXZ  004028c5 f   cl_cin.obj
 0001:00001959       ?SCR_DrawCinematic@@YA_NXZ 00402959 f   cl_cin.obj
 0001:00001dbc       ?SCR_PlayCinematic@@YAXPAD@Z 00402dbc f   cl_cin.obj
 0001:0000211d       ?CL_Download_f@@YAX_NHPAPAD@Z 0040311d f   cl_download.obj
 0001:000024ce       ?CL_ParseDownload@@YAXXZ   004034ce f   cl_download.obj
 0001:00002cd6       ?CL_Precache_f@@YAXHPAPAD@Z 00403cd6 f   cl_download.obj
 0001:00002d34       ?CL_ParseEntityBits@@YAHPAI@Z 00403d34 f   cl_ents.obj
 0001:00002d96       ?CL_ParseDelta@@YAXPAUentityState_t@@0HH_N@Z 00403d96 f   cl_ents.obj
 0001:00003132       ?CL_DeltaEntity@@YAXPAUframe_t@@HPAUentityState_t@@H@Z 00404132 f   cl_ents.obj
 0001:00003289       ?CL_ParsePacketEntities@@YAXPAUframe_t@@0@Z 00404289 f   cl_ents.obj
 0001:00003491       ?CL_ParsePlayerstate@@YAXPAUframe_t@@0@Z 00404491 f   cl_ents.obj
 0001:00003799       ?CL_FireEntityEvents@@YAXPAUframe_t@@@Z 00404799 f   cl_ents.obj
 0001:000037eb       ?CL_ParseFrame@@YAXXZ      004047eb f   cl_ents.obj
 0001:00003ab9       ?CL_AddEntityBox@@YAXPAUentityState_t@@I@Z 00404ab9 f   cl_ents.obj
 0001:00003ba0       ?CL_OffsetThirdPersonView@@YAXXZ 00404ba0 f   cl_ents.obj
 0001:00003c5a       ?CL_CalcViewValues@@YAXXZ  00404c5a f   cl_ents.obj
 0001:00003f61       ?CL_AddEntities@@YAXXZ     00404f61 f   cl_ents.obj
 0001:00004d00       ?CL_GetEntitySoundOrigin@@YAXHQAM@Z 00405d00 f   cl_ents.obj
 0001:00004d32       ?CL_ClearLightStyles@@YAXXZ 00405d32 f   cl_fx.obj
 0001:00004db4       ?CL_RunLightStyles@@YAXXZ  00405db4 f   cl_fx.obj
 0001:00004e53       ?CL_SetLightstyle@@YAXHPBD@Z 00405e53 f   cl_fx.obj
 0001:00004eb4       ?CL_ClearDlights@@YAXXZ    00405eb4 f   cl_fx.obj
 0001:00004ec5       ?CL_AllocDlight@@YAPAUcdlight_t@@HQAM@Z 00405ec5 f   cl_fx.obj
 0001:00004f2e       ?CL_AddDLights@@YAXXZ      00405f2e f   cl_fx.obj
 0001:00004f8e       ?CL_ClearParticles@@YAXXZ  00405f8e f   cl_fx.obj
 0001:00004ff5       ?CL_AllocParticleTrace@@YAPAUparticleTrace_t@@QAM0MM@Z 00405ff5 f   cl_fx.obj
 0001:00005095       ?CL_AllocParticleBeam@@YAPAUbeam_s@@QAM0MM@Z 00406095 f   cl_fx.obj
 0001:00005108       ?CL_AllocParticle@@YAPAUparticle_s@@XZ 00406108 f   cl_fx.obj
 0001:00005156       ?CL_UpdateParticles@@YAXXZ 00406156 f   cl_fx.obj
 0001:00005748       ?CL_MetalSparks@@YAXQAM0H@Z 00406748 f   cl_fx.obj
 0001:00005835       ?CL_ParseMuzzleFlash@@YAXXZ 00406835 f   cl_fx.obj
 0001:00005bcb       ?CL_ParseMuzzleFlash2@@YAXXZ 00406bcb f   cl_fx.obj
 0001:00006206       ?CL_ParticleEffect@@YAXQAM0HH@Z 00407206 f   cl_fx.obj
 0001:000062d5       ?CL_ParticleEffect2@@YAXQAM0HH@Z 004072d5 f   cl_fx.obj
 0001:000063a0       ?CL_ParticleEffect3@@YAXQAM0HH@Z 004073a0 f   cl_fx.obj
 0001:00006470       ?CL_TeleporterParticles@@YAXPAUentityState_t@@@Z 00407470 f   cl_fx.obj
 0001:00006527       ?CL_LogoutEffect@@YAXQAMH@Z 00407527 f   cl_fx.obj
 0001:00006612       ?CL_ItemRespawnParticles@@YAXQAM@Z 00407612 f   cl_fx.obj
 0001:000066c1       ?CL_ExplosionParticles@@YAXQAM@Z 004076c1 f   cl_fx.obj
 0001:0000676b       ?CL_BigTeleportParticles@@YAXQAM@Z 0040776b f   cl_fx.obj
 0001:000068c2       ?CL_BlasterParticles@@YAXQAM0@Z 004078c2 f   cl_fx.obj
 0001:0000698e       ?CL_BlasterTrail@@YAXQAM0@Z 0040798e f   cl_fx.obj
 0001:00006a81       ?CL_FlagTrail@@YAXQAM0M@Z  00407a81 f   cl_fx.obj
 0001:00006b81       ?CL_DiminishingTrail@@YAXQAM0PAUcentity_t@@H@Z 00407b81 f   cl_fx.obj
 0001:00006de5       ?CL_RocketTrail@@YAXQAM0PAUcentity_t@@@Z 00407de5 f   cl_fx.obj
 0001:00006f12       ?CL_RailTrail@@YAXQAM0@Z   00407f12 f   cl_fx.obj
 0001:00007138       ?CL_RailTrailExt@@YAXQAM0EE@Z 00408138 f   cl_fx.obj
 0001:0000723c       ?CL_IonripperTrail@@YAXQAM0@Z 0040823c f   cl_fx.obj
 0001:0000734f       ?CL_BubbleTrail@@YAXQAM0@Z 0040834f f   cl_fx.obj
 0001:0000746d       ?CL_FlyParticles@@YAXQAMH@Z 0040846d f   cl_fx.obj
 0001:0000760c       ?CL_FlyEffect@@YAXPAUcentity_t@@QAM@Z 0040860c f   cl_fx.obj
 0001:0000768f       ?CL_BfgParticles@@YAXPAUentity_t@@@Z 0040868f f   cl_fx.obj
 0001:00007869       ?CL_TrapParticles@@YAXPAUentity_t@@@Z 00408869 f   cl_fx.obj
 0001:00007aec       ?CL_BFGExplosionParticles@@YAXQAM@Z 00408aec f   cl_fx.obj
 0001:00007b96       ?CL_TeleportParticles@@YAXQAM@Z 00408b96 f   cl_fx.obj
 0001:00007ccf       ?CL_EntityEvent@@YAXPAUentityState_t@@@Z 00408ccf f   cl_fx.obj
 0001:00007eaa       ?CL_ClearEffects@@YAXXZ    00408eaa f   cl_fx.obj
 0001:00007eb9       ?IN_CenterView@@YAXXZ      00408eb9 f   cl_input.obj
 0001:00007eda       ?CL_InitInput@@YAXXZ       00408eda f   cl_input.obj
 0001:00008476       ?CL_SendCmd@@YAXXZ         00409476 f   cl_input.obj
 0001:00008b71       ?CL_WriteDemoMessage@@YAXXZ 00409b71 f   cl_main.obj
 0001:00008bb3       ?Cmd_ForwardToServer@@YAXHPAPAD@Z 00409bb3 f   cl_main.obj
 0001:00008c46       ?CL_ForwardToServer_f@@YAXHPAPAD@Z 00409c46 f   cl_main.obj
 0001:00008c8e       ?CL_Pause@@YAX_N@Z         00409c8e f   cl_main.obj
 0001:00008cd0       ?CL_Quit_f@@YAXXZ          00409cd0 f   cl_main.obj
 0001:00008cda       ?CL_Drop@@YAX_N@Z          00409cda f   cl_main.obj
 0001:00008cfd       ?CL_SendConnectPacket@@YAXXZ 00409cfd f   cl_main.obj
 0001:00008dd4       ?CL_CheckForResend@@YAXXZ  00409dd4 f   cl_main.obj
 0001:00008ed9       ?CL_Connect_f@@YAX_NHPAPAD@Z 00409ed9 f   cl_main.obj
 0001:00008f5c       ?CL_Rcon_f@@YAXHPAPAD@Z    00409f5c f   cl_main.obj
 0001:00009064       ?CL_ClearState@@YAXXZ      0040a064 f   cl_main.obj
 0001:0000909b       ?CL_Disconnect@@YAXXZ      0040a09b f   cl_main.obj
 0001:0000924b       ?CL_Disconnect_f@@YAXXZ    0040a24b f   cl_main.obj
 0001:00009255       ?CL_Changing_f@@YAXXZ      0040a255 f   cl_main.obj
 0001:00009279       ?CL_Reconnect_f@@YAXXZ     0040a279 f   cl_main.obj
 0001:00009315       ?CL_PingServers_f@@YAXXZ   0040a315 f   cl_main.obj
 0001:00009480       ?CL_Skins_f@@YAXXZ         0040a480 f   cl_main.obj
 0001:00009753       ?CL_ConnectionlessPacket@@YAXXZ 0040a753 f   cl_main.obj
 0001:00009852       ?CL_ReadPackets@@YAXXZ     0040a852 f   cl_main.obj
 0001:00009997       ?CL_FixUpGender@@YAXXZ     0040a997 f   cl_main.obj
 0001:00009a49       ?CL_Userinfo_f@@YAXXZ      0040aa49 f   cl_main.obj
 0001:00009a61       ?CL_RegisterSounds@@YAXXZ  0040aa61 f   cl_main.obj
 0001:00009aa0       ?CL_Snd_Restart_f@@YAXXZ   0040aaa0 f   cl_main.obj
 0001:00009aaf       ?CL_WriteConfiguration@@YAXPAD@Z 0040aaaf f   cl_main.obj
 0001:00009b6a       ?CL_WriteConfig_f@@YAX_NHPAPAD@Z 0040ab6a f   cl_main.obj
 0001:00009bc9       ?CL_FixCvarCheats@@YAXXZ   0040abc9 f   cl_main.obj
 0001:00009c23       ?CL_Frame@@YAXMH@Z         0040ac23 f   cl_main.obj
 0001:00009e07       ?CL_Init@@YAXXZ            0040ae07 f   cl_main.obj
 0001:0000a2c8       ?CL_Shutdown@@YAX_N@Z      0040b2c8 f   cl_main.obj
 0001:0000a311       ?CL_Flashlight@@YAXHQAM@Z  0040b311 f   cl_newfx.obj
 0001:0000a34b       ?CL_ColorFlash@@YAXQAMHHMMM@Z 0040b34b f   cl_newfx.obj
 0001:0000a387       ?CL_DebugTrail@@YAXQAM0@Z  0040b387 f   cl_newfx.obj
 0001:0000a467       ?CL_ForceWall@@YAXQAM0H@Z  0040b467 f   cl_newfx.obj
 0001:0000a58e       ?CL_BubbleTrail2@@YAXQAM0H@Z 0040b58e f   cl_newfx.obj
 0001:0000a6b8       ?CL_Heatbeam@@YAXQAM0@Z    0040b6b8 f   cl_newfx.obj
 0001:0000a969       ?CL_ParticleSteamEffect@@YAXQAM0HHH@Z 0040b969 f   cl_newfx.obj
 0001:0000aa93       ?CL_ParticleSteamEffect2@@YAXPAUcl_sustain_s@@@Z 0040ba93 f   cl_newfx.obj
 0001:0000abca       ?CL_TrackerTrail@@YAXQAM0H@Z 0040bbca f   cl_newfx.obj
 0001:0000ad1a       ?CL_Tracker_Shell@@YAXQAM@Z 0040bd1a f   cl_newfx.obj
 0001:0000ada3       ?CL_MonsterPlasma_Shell@@YAXQAM@Z 0040bda3 f   cl_newfx.obj
 0001:0000ae29       ?CL_Widowbeamout@@YAXPAUcl_sustain_s@@@Z 0040be29 f   cl_newfx.obj
 0001:0000aee5       ?CL_Nukeblast@@YAXPAUcl_sustain_s@@@Z 0040bee5 f   cl_newfx.obj
 0001:0000afa1       ?CL_WidowSplash@@YAXQAM@Z  0040bfa1 f   cl_newfx.obj
 0001:0000b069       ?CL_TagTrail@@YAXQAM0M@Z   0040c069 f   cl_newfx.obj
 0001:0000b169       ?CL_ColorExplosionParticles@@YAXQAMHH@Z 0040c169 f   cl_newfx.obj
 0001:0000b216       ?CL_ParticleSmokeEffect@@YAXQAM0HHH@Z 0040c216 f   cl_newfx.obj
 0001:0000b33e       ?CL_BlasterParticles2@@YAXQAM0I@Z 0040c33e f   cl_newfx.obj
 0001:0000b40b       ?CL_BlasterTrail2@@YAXQAM0@Z 0040c40b f   cl_newfx.obj
 0001:0000b4fe       ?CL_LoadClientinfo@@YAXPAUclientinfo_t@@PAD@Z 0040c4fe f   cl_parse.obj
 0001:0000b7e5       ?CL_ParseClientinfo@@YAXH@Z 0040c7e5 f   cl_parse.obj
 0001:0000b809       ?CL_ParseServerMessage@@YAXXZ 0040c809 f   cl_parse.obj
 0001:0000bfc9       ?CL_CheckPredictionError@@YAXXZ 0040cfc9 f   cl_pred.obj
 0001:0000c169       ?CL_EntityTrace@@YAXPAUtrace_t@@QAM111H@Z 0040d169 f   cl_pred.obj
 0001:0000c523       ?CL_Trace@@YAXPAUtrace_t@@QAM111H@Z 0040d523 f   cl_pred.obj
 0001:0000c5a5       ?CL_PMpointcontents@@YAHQAM@Z 0040d5a5 f   cl_pred.obj
 0001:0000c72f       ?CL_PredictMovement@@YAXXZ 0040d72f f   cl_pred.obj
 0001:0000cad1       ?DrawString@@YAXHHPBD@Z    0040dad1 f   cl_scrn.obj
 0001:0000cb16       ?SCR_DebugGraph@@YAXMH@Z   0040db16 f   cl_scrn.obj
 0001:0000cb3e       ?SCR_CenterPrint@@YAXPAD@Z 0040db3e f   cl_scrn.obj
 0001:0000cc42       ?Key_Message@@YAXH@Z       0040dc42 f   cl_scrn.obj
 0001:0000ccde       ?SCR_SetLevelshot@@YAXPAD@Z 0040dcde f   cl_scrn.obj
 0001:0000cdc2       ?SCR_BeginLoadingPlaque@@YAXXZ 0040ddc2 f   cl_scrn.obj
 0001:0000ce47       ?SCR_EndLoadingPlaque@@YAX_N@Z 0040de47 f   cl_scrn.obj
 0001:0000cecc       ?SCR_ShowConsole@@YAX_N0@Z 0040decc f   cl_scrn.obj
 0001:0000cfa5       ?SCR_ToggleConsole@@YAXXZ  0040dfa5 f   cl_scrn.obj
 0001:0000cfcd       ?SCR_TouchPics@@YAXXZ      0040dfcd f   cl_scrn.obj
 0001:0000d03d       ?SCR_UpdateScreen@@YAXXZ   0040e03d f   cl_scrn.obj
 0001:0000e391       ?SCR_Init@@YAXXZ           0040f391 f   cl_scrn.obj
 0001:0000e671       ?CL_RegisterTEntSounds@@YAXXZ 0040f671 f   cl_tent.obj
 0001:0000e8b6       ?CL_RegisterTEntModels@@YAXXZ 0040f8b6 f   cl_tent.obj
 0001:0000e9ee       ?CL_ClearTEnts@@YAXXZ      0040f9ee f   cl_tent.obj
 0001:0000ea22       ?CL_AllocExplosion@@YAPAUexplosion_t@@QAMW4exptype_t@@@Z 0040fa22 f   cl_tent.obj
 0001:0000eabe       ?CL_AddExplosions@@YAXXZ   0040fabe f   cl_tent.obj
 0001:0000ec58       ?CL_SmokeAndFlash@@YAXQAM@Z 0040fc58 f   cl_tent.obj
 0001:0000eca0       ?CL_ParseBeam@@YAHPAUmodel_s@@@Z 0040fca0 f   cl_tent.obj
 0001:0000ed7f       ?CL_ParseBeam2@@YAHPAUmodel_s@@@Z 0040fd7f f   cl_tent.obj
 0001:0000ee56       ?CL_ParsePlayerBeam@@YAHPAUmodel_s@@@Z 0040fe56 f   cl_tent.obj
 0001:0000ef64       ?CL_ParseLightning@@YAHPAUmodel_s@@@Z 0040ff64 f   cl_tent.obj
 0001:0000f030       ?CL_ParseLaser@@YAXI@Z     00410030 f   cl_tent.obj
 0001:0000f0ac       ?CL_ParseSteam@@YAXXZ      004100ac f   cl_tent.obj
 0001:0000f1bd       ?CL_ParseWidow@@YAXXZ      004101bd f   cl_tent.obj
 0001:0000f229       ?CL_ParseNuke@@YAXXZ       00410229 f   cl_tent.obj
 0001:0000f293       ?CL_ParseTEnt@@YAXXZ       00410293 f   cl_tent.obj
 0001:000100ae       ?CL_AddBeams@@YAXXZ        004110ae f   cl_tent.obj
 0001:000103ea       ?CL_AddPlayerBeams@@YAXXZ  004113ea f   cl_tent.obj
 0001:00010ada       ?CL_ProcessSustain@@YAXXZ  00411ada f   cl_tent.obj
 0001:00010b1b       ?CL_AddTEnts@@YAXXZ        00411b1b f   cl_tent.obj
 0001:00010b2f       ?V_AddEntity@@YAXPAUentity_t@@@Z 00411b2f f   cl_view.obj
 0001:00010b5e       ?V_AddLight@@YAXQAMMMMM@Z  00411b5e f   cl_view.obj
 0001:00010ba3       ?V_TestParticles@@YAXXZ    00411ba3 f   cl_view.obj
 0001:00010c61       ?V_TestEntities@@YAXXZ     00411c61 f   cl_view.obj
 0001:00010cf7       ?V_TestLights@@YAXXZ       00411cf7 f   cl_view.obj
 0001:00010dc5       ?CL_PrepRefresh@@YAXXZ     00411dc5 f   cl_view.obj
 0001:0001108a       ?CalcFov@@YAMMMM@Z         0041208a f   cl_view.obj
 0001:000110fe       ?V_RenderView@@YA_NM@Z     004120fe f   cl_view.obj
 0001:00011db3       ?V_Init@@YAXXZ             00412db3 f   cl_view.obj
 0001:00011e63       ?Con_ClearNotify@@YAXXZ    00412e63 f   console.obj
 0001:00011e72       ?Con_CheckResize@@YAXXZ    00412e72 f   console.obj
 0001:00011f99       ?Con_Print@@YAXPBD@Z       00412f99 f   console.obj
 0001:00012291       ?Con_DrawNotify@@YAX_N@Z   00413291 f   console.obj
 0001:000123ab       ?Con_DrawConsole@@YAXM@Z   004133ab f   console.obj
 0001:00012785       ?Con_ClearTyping@@YAXXZ    00413785 f   console.obj
 0001:0001279e       ?Key_Console@@YAXHH@Z      0041379e f   console.obj
 0001:00012be6       ?Con_Init@@YAXXZ           00413be6 f   console.obj
 0001:00012d62       ?Key_KeynumToString@@YAPBDH@Z 00413d62 f   keys.obj
 0001:00012e12       ?CompleteCommand@@YAXXZ    00413e12 f   keys.obj
 0001:0001375f       ?Key_SetBinding@@YAXHPBD@Z 0041475f f   keys.obj
 0001:0001379d       ?Key_FindBinding@@YAHPBDPAHH@Z 0041479d f   keys.obj
 0001:000137eb       ?Key_WriteBindings@@YAXPAU_iobuf@@@Z 004147eb f   keys.obj
 0001:00013833       ?Key_Init@@YAXXZ           00414833 f   keys.obj
 0001:00013b17       ?Key_Event@@YAXH_NI@Z      00414b17 f   keys.obj
 0001:00013e65       ?Key_ClearStates@@YAXXZ    00414e65 f   keys.obj
 0001:00013e9c       ?M_PushMenu@@YAXP6AXXZP6APBDH@Z@Z 00414e9c f   menu.obj
 0001:00013f2b       ?M_ForceMenuOff@@YAXXZ     00414f2b f   menu.obj
 0001:00013f54       ?M_ForceMenuOn@@YAXXZ      00414f54 f   menu.obj
 0001:00013f6d       ?M_PopMenu@@YAXXZ          00414f6d f   menu.obj
 0001:00013fb9       ?Default_MenuKey@@YAPBDPAUmenuFramework_s@@H@Z 00414fb9 f   menu.obj
 0001:000140d9       ?M_DrawCharacter@@YAXHHH@Z 004150d9 f   menu.obj
 0001:0001410b       ?M_Print@@YAXHHPAD@Z       0041510b f   menu.obj
 0001:00014151       ?M_DrawCursor@@YAXHHH@Z    00415151 f   menu.obj
 0001:00014176       ?M_DrawTextBox@@YAXHHHH@Z  00415176 f   menu.obj
 0001:00014248       ?M_Main_Draw@@YAXXZ        00415248 f   menu.obj
 0001:000143bc       ?M_Main_Key@@YAPBDH@Z      004153bc f   menu.obj
 0001:0001449a       ?M_Menu_Main_f@@YAXXZ      0041549a f   menu.obj
 0001:000144bb       ?M_Menu_Multiplayer_f@@YAXXZ 004154bb f   menu.obj
 0001:00014693       ?M_Menu_Keys_f@@YAXXZ      00415693 f   menu.obj
 0001:00014aef       ?M_Menu_Options_f@@YAXXZ   00415aef f   menu.obj
 0001:00015404       ?M_Menu_Video_f@@YAXXZ     00416404 f   menu.obj
 0001:00015425       ?M_Menu_Credits_f@@YAXXZ   00416425 f   menu.obj
 0001:000155d2       ?M_Menu_Game_f@@YAXXZ      004165d2 f   menu.obj
 0001:00015845       ?M_Menu_LoadGame_f@@YAXXZ  00416845 f   menu.obj
 0001:00015b13       ?M_Menu_SaveGame_f@@YAXXZ  00416b13 f   menu.obj
 0001:00015c73       ?M_AddToServerList@@YAXUnetadr_t@@PAD@Z 00416c73 f   menu.obj
 0001:00015ce6       ?M_Menu_JoinServer_f@@YAXXZ 00416ce6 f   menu.obj
 0001:00015f4a       ?M_Menu_StartServer_f@@YAXXZ 00416f4a f   menu.obj
 0001:00016774       ?M_Menu_DMOptions_f@@YAXXZ 00417774 f   menu.obj
 0001:00016f15       ?M_Menu_DownloadOptions_f@@YAXXZ 00417f15 f   menu.obj
 0001:00017197       ?M_Menu_AddressBook_f@@YAXXZ 00418197 f   menu.obj
 0001:00018569       ?M_Init@@YAXXZ             00419569 f   menu.obj
 0001:00018687       ?M_Draw@@YAXXZ             00419687 f   menu.obj
 0001:000186d8       ?M_Keydown@@YAXH@Z         004196d8 f   menu.obj
 0001:000186f4       ?Menu_ItemAtCursor@@YAPAUmenuCommon_s@@PAUmenuFramework_s@@@Z 004196f4 f   qmenu.obj
 0001:00018744       ?Field_Key@@YA_NPAUmenuField_t@@H@Z 00419744 f   qmenu.obj
 0001:000188f1       ?Menu_AddItem@@YAXPAUmenuFramework_s@@PAX@Z 004198f1 f   qmenu.obj
 0001:000189ac       ?Menu_AdjustCursor@@YAXPAUmenuFramework_s@@H@Z 004199ac f   qmenu.obj
 0001:00018af7       ?Menu_Center@@YAXPAUmenuFramework_s@@@Z 00419af7 f   qmenu.obj
 0001:00018b37       ?Menu_Draw@@YAXPAUmenuFramework_s@@@Z 00419b37 f   qmenu.obj
 0001:00019086       ?Menu_SelectItem@@YA_NPAUmenuFramework_s@@@Z 0041a086 f   qmenu.obj
 0001:000190d9       ?Menu_SetStatusBar@@YAXPAUmenuFramework_s@@PBD@Z 0041a0d9 f   qmenu.obj
 0001:000190e5       ?Menu_SlideItem@@YAXPAUmenuFramework_s@@H@Z 0041a0e5 f   qmenu.obj
 0001:000195e0       ?InitRendererVars@@YAXXZ   0041a5e0 f   ref_vars.obj
 0001:000195ff       ?S_SoundInfo_f@@YAXXZ      0041a5ff f   snd_dma.obj
 0001:00019689       ?S_ReadModelsSex@@YAXXZ    0041a689 f   snd_dma.obj
 0001:0001976e       ?S_IsFemale@@YA_NPAD@Z     0041a76e f   snd_dma.obj
 0001:000197c2       ?S_Init@@YAXXZ             0041a7c2 f   snd_dma.obj
 0001:00019898       ?S_Shutdown@@YAXXZ         0041a898 f   snd_dma.obj
 0001:0001992b       ?S_AliasName@@YAPAUsfx_s@@PAD0@Z 0041a92b f   snd_dma.obj
 0001:000199f1       ?S_BeginRegistration@@YAXXZ 0041a9f1 f   snd_dma.obj
 0001:000199ff       ?S_RegisterSound@@YAPAUsfx_s@@PBD@Z 0041a9ff f   snd_dma.obj
 0001:00019b98       ?S_EndRegistration@@YAXXZ  0041ab98 f   snd_dma.obj
 0001:00019c30       ?S_PickChannel@@YAPAUchannel_t@@HH@Z 0041ac30 f   snd_dma.obj
 0001:00019cbd       ?S_SpatializeOrigin@@YAXQAMMMPAH1@Z 0041acbd f   snd_dma.obj
 0001:00019de4       ?S_Spatialize@@YAXPAUchannel_t@@@Z 0041ade4 f   snd_dma.obj
 0001:00019e55       ?S_AllocPlaysound@@YAPAUplaysound_s@@XZ 0041ae55 f   snd_dma.obj
 0001:00019e77       ?S_FreePlaysound@@YAXPAUplaysound_s@@@Z 0041ae77 f   snd_dma.obj
 0001:00019ea7       ?S_IssuePlaysound@@YAXPAUplaysound_s@@@Z 0041aea7 f   snd_dma.obj
 0001:00019f74       ?S_StartSound@@YAXQAMHHPAUsfx_s@@MMM@Z 0041af74 f   snd_dma.obj
 0001:0001a21d       ?S_StartLocalSound@@YAXPBD@Z 0041b21d f   snd_dma.obj
 0001:0001a26c       ?S_ClearBuffer@@YAXXZ      0041b26c f   snd_dma.obj
 0001:0001a2d5       ?S_StopAllSounds_f@@YAXXZ  0041b2d5 f   snd_dma.obj
 0001:0001a345       ?S_AddLoopSounds@@YAXXZ    0041b345 f   snd_dma.obj
 0001:0001a51b       ?S_RawSamples@@YAXHHHHPAE@Z 0041b51b f   snd_dma.obj
 0001:0001a71f       ?S_Update@@YAXQAM000@Z     0041b71f f   snd_dma.obj
 0001:0001a819       ?GetSoundtime@@YAXXZ       0041b819 f   snd_dma.obj
 0001:0001a880       ?S_Update_@@YAXXZ          0041b880 f   snd_dma.obj
 0001:0001ab33       ?ResampleSfx@@YAXPAUsfx_s@@HHPAE@Z 0041bb33 f   snd_mem.obj
 0001:0001ac4e       ?S_LoadSound@@YAPAUsfxcache_t@@PAUsfx_s@@@Z 0041bc4e f   snd_mem.obj
 0001:0001ad86       ?GetWavinfo@@YA?AUwavinfo_t@@PADPAEH@Z 0041bd86 f   snd_mem.obj
 0001:0001afc8       ?S_WriteLinearBlastStereo16@@YAXXZ 0041bfc8 f   snd_mix.obj
 0001:0001b03c       ?S_TransferStereo16@@YAXPAKH@Z 0041c03c f   snd_mix.obj
 0001:0001b0a5       ?S_TransferPaintBuffer@@YAXH@Z 0041c0a5 f   snd_mix.obj
 0001:0001b201       ?S_PaintChannels@@YAXH@Z   0041c201 f   snd_mix.obj
 0001:0001b49d       ?S_InitScaletable@@YAXXZ   0041c49d f   snd_mix.obj
 0001:0001b65e       ?SV_WipeSavegame@@YAXPAD@Z 0041c65e f   sv_ccmds.obj
 0001:0001b68c       ?SV_CopySaveGame@@YAXPAD0@Z 0041c68c f   sv_ccmds.obj
 0001:0001b6e1       ?SV_WriteLevelFile@@YAXXZ  0041c6e1 f   sv_ccmds.obj
 0001:0001b78f       ?SV_ReadLevelFile@@YAXXZ   0041c78f f   sv_ccmds.obj
 0001:0001b83d       ?SV_WriteServerFile@@YAX_NPAD@Z 0041c83d f   sv_ccmds.obj
 0001:0001ba7a       ?SV_ReadServerFile@@YAXXZ  0041ca7a f   sv_ccmds.obj
 0001:0001bb9f       ?SV_AddressBanned@@YA_NPAUnetadr_t@@@Z 0041cb9f f   sv_ccmds.obj
 0001:0001bbe0       ?SV_InitOperatorCommands@@YAXXZ 0041cbe0 f   sv_ccmds.obj
 0001:0001cbef       ?SV_WritePlayerstateToClient@@YAXPAUclient_frame_t@@0PAUsizebuf_s@@@Z 0041dbef f   sv_ents.obj
 0001:0001d10b       ?SV_WriteFrameToClient@@YAXPAUclient_s@@PAUsizebuf_s@@@Z 0041e10b f   sv_ents.obj
 0001:0001d333       ?SV_FatPVS@@YAXQAM@Z       0041e333 f   sv_ents.obj
 0001:0001d451       ?SV_BuildClientFrame@@YAXPAUclient_s@@@Z 0041e451 f   sv_ents.obj
 0001:0001d766       ?SV_RecordDemoMessage@@YAXXZ 0041e766 f   sv_ents.obj
 0001:0001e2e2       ?SV_InitGameLibrary@@YAX_N@Z 0041f2e2 f   sv_game.obj
 0001:0001e428       ?SV_ShutdownGameLibrary@@YAXXZ 0041f428 f   sv_game.obj
 0001:0001e585       ?SV_FindIndex@@YAHPADHH_N@Z 0041f585 f   sv_init.obj
 0001:0001e68a       ?SV_ModelIndex@@YAHPAD@Z   0041f68a f   sv_init.obj
 0001:0001e6a0       ?SV_SoundIndex@@YAHPAD@Z   0041f6a0 f   sv_init.obj
 0001:0001e6b9       ?SV_ImageIndex@@YAHPAD@Z   0041f6b9 f   sv_init.obj
 0001:0001e6d2       ?SV_CreateBaseline@@YAXXZ  0041f6d2 f   sv_init.obj
 0001:0001e730       ?SV_CheckForSavegame@@YAXXZ 0041f730 f   sv_init.obj
 0001:0001e7b8       ?SV_SpawnServer@@YAXPAD0W4server_state_t@@_N2@Z 0041f7b8 f   sv_init.obj
 0001:0001ea87       ?SV_InitGame@@YAXXZ        0041fa87 f   sv_init.obj
 0001:0001ecc5       ?SV_Map@@YAX_NPAD0@Z       0041fcc5 f   sv_init.obj
 0001:0001ee8e       ?SV_DropClient@@YAXPAUclient_s@@PAD@Z 0041fe8e f   sv_main.obj
 0001:0001ef3f       ?SV_StatusString@@YAPADXZ  0041ff3f f   sv_main.obj
 0001:0001f776       ?SV_ConnectionlessPacket@@YAXXZ 00420776 f   sv_main.obj
 0001:0001f841       ?SV_CalcPings@@YAXXZ       00420841 f   sv_main.obj
 0001:0001f8c8       ?SV_GiveMsec@@YAXXZ        004208c8 f   sv_main.obj
 0001:0001f907       ?SV_ReadPackets@@YAXXZ     00420907 f   sv_main.obj
 0001:0001fa51       ?SV_CheckTimeouts@@YAXXZ   00420a51 f   sv_main.obj
 0001:0001fb62       ?SV_PostprocessFrame@@YAXXZ 00420b62 f   sv_main.obj
 0001:00020039       ?SV_MulticastHook@@YAPAUsizebuf_s@@PAU1@0@Z 00421039 f   sv_main.obj
 0001:0002042d       ?SV_TraceHook@@YA?AUtrace_t@@QAM000PAUedict_s@@H@Z 0042142d f   sv_main.obj
 0001:000205a8       ?SV_Frame@@YAXM@Z          004215a8 f   sv_main.obj
 0001:00020862       ?SV_UserinfoChanged@@YAXPAUclient_s@@@Z 00421862 f   sv_main.obj
 0001:00020926       ?SV_Init@@YAXXZ            00421926 f   sv_main.obj
 0001:0002099d       ?SV_Shutdown@@YAXPAD_N@Z   0042199d f   sv_main.obj
 0001:00020b9a       ?SV_BeginRedirect@@YAXXZ   00421b9a f   sv_send.obj
 0001:00020c44       ?SV_ClientPrintf@@YAXPAUclient_s@@HPADZZ 00421c44 f   sv_send.obj
 0001:00020c9f       ?SV_BroadcastPrintf@@YAXHPADZZ 00421c9f f   sv_send.obj
 0001:00020d75       ?SV_BroadcastCommand@@YAXPADZZ 00421d75 f   sv_send.obj
 0001:00020dca       ?SV_Multicast@@YAXQAMW4multicast_t@@_N@Z 00421dca f   sv_send.obj
 0001:0002100d       ?SV_MulticastOld@@YAXQAMW4multicast_t@@@Z 0042200d f   sv_send.obj
 0001:00021020       ?SV_MulticastNew@@YAXQAMW4multicast_t@@@Z 00422020 f   sv_send.obj
 0001:00021033       ?SV_StartSound@@YAXQAMPAUedict_s@@HHMMM_N@Z 00422033 f   sv_send.obj
 0001:000212fb       ?SV_StartSoundOld@@YAXQAMPAUedict_s@@HHMMM@Z 004222fb f   sv_send.obj
 0001:0002132b       ?SV_StartSoundNew@@YAXQAMPAUedict_s@@HHMMM@Z 0042232b f   sv_send.obj
 0001:0002135b       ?SV_SendClientDatagram@@YA_NPAUclient_s@@@Z 0042235b f   sv_send.obj
 0001:0002142e       ?SV_DemoCompleted@@YAXXZ   0042242e f   sv_send.obj
 0001:0002144a       ?SV_RateDrop@@YA_NPAUclient_s@@@Z 0042244a f   sv_send.obj
 0001:00021494       ?SV_SendClientMessages@@YAXXZ 00422494 f   sv_send.obj
 0001:000215e2       ?SV_TokenizeString@@YAXPBD@Z 004225e2 f   sv_tokenize.obj
 0001:000216b9       ?SV_Argc@@YAHXZ            004226b9 f   sv_tokenize.obj
 0001:000216bf       ?SV_Argv@@YAPADH@Z         004226bf f   sv_tokenize.obj
 0001:000216d9       ?SV_Args@@YAPADXZ          004226d9 f   sv_tokenize.obj
 0001:00021f2a       ?SV_Nextserver@@YAXXZ      00422f2a f   sv_user.obj
 0001:00021fb9       ?SV_ExecuteUserCommand@@YAXPAD@Z 00422fb9 f   sv_user.obj
 0001:0002207b       ?SV_ClientThink@@YAXPAUclient_s@@PAUusercmd_t@@@Z 0042307b f   sv_user.obj
 0001:000220be       ?SV_ExecuteClientMessage@@YAXPAUclient_s@@@Z 004230be f   sv_user.obj
 0001:000222dc       ?SV_ClearWorld@@YAXXZ      004232dc f   sv_world.obj
 0001:00022434       ?SV_UnlinkEdict@@YAXPAUedict_s@@@Z 00423434 f   sv_world.obj
 0001:000224f7       ?SV_LinkEdict@@YAXPAUedict_s@@@Z 004234f7 f   sv_world.obj
 0001:00022b4f       ?SV_AreaEdicts@@YAHQAM0PAPAUedict_s@@HH@Z 00423b4f f   sv_world.obj
 0001:00022d00       ?SV_PointContents@@YAHQAM@Z 00423d00 f   sv_world.obj
 0001:00022e26       ?SV_ClipMoveToEntities@@YAXPAUtrace_t@@QAM111PAUedict_s@@H@Z 00423e26 f   sv_world.obj
 0001:00023205       ?SV_Trace@@YAXPAUtrace_t@@QAM111PAUedict_s@@H@Z 00424205 f   sv_world.obj
 0001:000232cc       ?Cbuf_Init@@YAXXZ          004242cc f   cmd.obj
 0001:000232e4       ?Cbuf_AddText@@YAXPAD@Z    004242e4 f   cmd.obj
 0001:00023349       ?Cbuf_InsertText@@YAXPAD@Z 00424349 f   cmd.obj
 0001:000233b0       ?Cbuf_CopyToDefer@@YAXXZ   004243b0 f   cmd.obj
 0001:000233f8       ?Cbuf_InsertFromDefer@@YAXXZ 004243f8 f   cmd.obj
 0001:00023421       ?Cbuf_Execute@@YAXXZ       00424421 f   cmd.obj
 0001:00023523       ?Cmd_Unalias_f@@YAX_NHPAPAD@Z 00424523 f   cmd.obj
 0001:00023590       ?Cmd_WriteAliases@@YAXPAU_iobuf@@@Z 00424590 f   cmd.obj
 0001:000235c1       ?RegisterCommand@@YA_NPBDP6AXXZH@Z 004245c1 f   cmd.obj
 0001:00023625       ?UnregisterCommand@@YA_NPBD@Z 00424625 f   cmd.obj
 0001:0002366c       ?Cmd_ExecuteString@@YA_NPBD@Z 0042466c f   cmd.obj
 0001:00023aed       ?ExecuteCommand@@YA_NPBDPBUCSimpleCommand@@H@Z 00424aed f   cmd.obj
 0001:00023bb4       ?Cmd_Init@@YAXXZ           00424bb4 f   cmd.obj
 0001:00023ee6       ?CMod_GetSurfMaterial@@YA?AW4material_t@@PAD@Z 00424ee6 f   cmodel.obj
 0001:00023f43       ?CM_LoadMap@@YAPAUcmodel_t@@PAD_NPAI@Z 00424f43 f   cmodel.obj
 0001:0002459b       ?PlaneTypeForNormal@@YAHQBM@Z 0042559b f i cmodel.obj
 0001:0002473f       ?CM_InlineModel@@YAPAUcmodel_t@@PAD@Z 0042573f f   cmodel.obj
 0001:00024780       ?CM_NumClusters@@YAHXZ     00425780 f   cmodel.obj
 0001:00024786       ?CM_NumInlineModels@@YAHXZ 00425786 f   cmodel.obj
 0001:0002478c       ?CM_EntityString@@YAPADXZ  0042578c f   cmodel.obj
 0001:00024792       ?CM_LeafContents@@YAHH@Z   00425792 f   cmodel.obj
 0001:000247b6       ?CM_LeafCluster@@YAHH@Z    004257b6 f   cmodel.obj
 0001:00024828       ?CM_LeafArea@@YAHH@Z       00425828 f   cmodel.obj
 0001:0002484d       ?CM_InitBoxHull@@YAXXZ     0042584d f   cmodel.obj
 0001:000249dd       ?CM_HeadnodeForBox@@YAHQAM0@Z 004259dd f   cmodel.obj
 0001:00024a92       ?CM_PointLeafnum@@YAHQAMH@Z 00425a92 f   cmodel.obj
 0001:00024b32       ?DISTANCE_TO_PLANE@@YAMQBMPBUcplane_t@@@Z 00425b32 f i cmodel.obj
 0001:00024b7a       ?CM_PointContents@@YAHQAMH@Z 00425b7a f   cmodel.obj
 0001:00024bec       ?CM_TransformedPointContents@@YAHQAMH00@Z 00425bec f   cmodel.obj
 0001:00024d22       ?CM_TransformedPointContents2@@YAHQAMH0PAY02M@Z 00425d22 f   cmodel.obj
 0001:00024e10       ?CM_BoxLeafnums@@YAHQAM0PAHH1H@Z 00425e10 f   cmodel.obj
 0001:00024f22       ?BOX_ON_PLANE_SIDE@@YAHQBM0PBUcplane_t@@@Z 00425f22 f i cmodel.obj
 0001:00024fa7       ?CM_BoxTrace@@YAXPAUtrace_t@@QBM111HH@Z 00425fa7 f   cmodel.obj
 0001:000259c0       ?CM_TransformedBoxTrace@@YAXPAUtrace_t@@QBM111HH11@Z 004269c0 f   cmodel.obj
 0001:00025c90       ?CM_TransformedBoxTrace2@@YAXPAUtrace_t@@QBM111HH1PAY02$$CBM@Z 00426c90 f   cmodel.obj
 0001:00025ea5       ?CM_BrushTrace@@YAHQBM0PAHH@Z 00426ea5 f   cmodel.obj
 0001:000262c3       ?CM_RefineBrushTrace@@YAHQBM0PAHH@Z 004272c3 f   cmodel.obj
 0001:00026368       ?CM_ClusterPVS@@YAPAEH@Z   00427368 f   cmodel.obj
 0001:000264ac       ?CM_ClusterPHS@@YAPAEH@Z   004274ac f   cmodel.obj
 0001:0002654f       ?FloodAreaConnections@@YAXXZ 0042754f f   cmodel.obj
 0001:00026608       ?CM_SetAreaPortalState@@YAXH_N@Z 00427608 f   cmodel.obj
 0001:0002662d       ?CM_AreasConnected@@YA_NHH@Z 0042762d f   cmodel.obj
 0001:00026671       ?CM_WriteAreaBits@@YAHPAEH@Z 00427671 f   cmodel.obj
 0001:0002670b       ?CM_WritePortalState@@YAXPAU_iobuf@@@Z 0042770b f   cmodel.obj
 0001:00026725       ?CM_ReadPortalState@@YAXPAU_iobuf@@@Z 00427725 f   cmodel.obj
 0001:00026743       ?CM_HeadnodeVisible@@YA_NHPAE@Z 00427743 f   cmodel.obj
 0001:00026818       ?Com_BeginRedirect@@YAXPADHP6AX0@Z@Z 00427818 f   common.obj
 0001:00026845       ?Com_EndRedirect@@YAXXZ    00427845 f   common.obj
 0001:00026864       ?Com_Printf@@YAXPBDZZ      00427864 f   common.obj
 0001:00026a71       ?Com_DPrintf@@YAXPBDZZ     00427a71 f   common.obj
 0001:00026aea       ?DebugPrintf@@YAXPBDZZ     00427aea f   common.obj
 0001:00026b94       ?Com_WPrintf@@YAXPBDZZ     00427b94 f   common.obj
 0001:00026bee       ?Com_Quit@@YAXXZ           00427bee f   common.obj
 0001:00026c0e       ?IPWildcard@@YA_NPAUnetadr_t@@PAD@Z 00427c0e f   common.obj
 0001:00026ce8       ?Com_ServerState@@YA?AW4server_state_t@@XZ 00427ce8 f   common.obj
 0001:00026cee       ?Com_SetServerState@@YAXW4server_state_t@@@Z 00427cee f   common.obj
 0001:00026cf8       ?frand@@YAMXZ              00427cf8 f   common.obj
 0001:00026d10       ?crand@@YAMXZ              00427d10 f   common.obj
 0001:00026d2e       ?MSG_WriteByte@@YAXPAUsizebuf_s@@H@Z 00427d2e f   common.obj
 0001:00026d2e       ?MSG_WriteChar@@YAXPAUsizebuf_s@@H@Z 00427d2e f   common.obj
 0001:00026d42       ?MSG_WriteShort@@YAXPAUsizebuf_s@@H@Z 00427d42 f   common.obj
 0001:00026d5c       ?MSG_WriteLong@@YAXPAUsizebuf_s@@H@Z 00427d5c f   common.obj
 0001:00026d86       ?MSG_WriteFloat@@YAXPAUsizebuf_s@@M@Z 00427d86 f   common.obj
 0001:00026da2       ?MSG_WriteString@@YAXPAUsizebuf_s@@PAD@Z 00427da2 f   common.obj
 0001:00026dd9       ?MSG_WriteCoord@@YAXPAUsizebuf_s@@M@Z 00427dd9 f   common.obj
 0001:00026dfe       ?MSG_WritePos@@YAXPAUsizebuf_s@@QAM@Z 00427dfe f   common.obj
 0001:00026e62       ?MSG_WriteAngle@@YAXPAUsizebuf_s@@M@Z 00427e62 f   common.obj
 0001:00026e8d       ?MSG_WriteAngle16@@YAXPAUsizebuf_s@@M@Z 00427e8d f   common.obj
 0001:00026eb8       ?MSG_WriteDeltaUsercmd@@YAXPAUsizebuf_s@@PAUusercmd_t@@1@Z 00427eb8 f   common.obj
 0001:00026fe2       ?MSG_WriteDir@@YAXPAUsizebuf_s@@QAM@Z 00427fe2 f   common.obj
 0001:00027049       ?MSG_ReadDir@@YAXPAUsizebuf_s@@QAM@Z 00428049 f   common.obj
 0001:0002707a       ?MSG_WriteDeltaEntity@@YAXPAUentity_state_t@@0PAUsizebuf_s@@_N2@Z 0042807a f   common.obj
 0001:000274c2       ?MSG_BeginReading@@YAXPAUsizebuf_s@@@Z 004284c2 f   common.obj
 0001:000274cb       ?MSG_ReadChar@@YAHPAUsizebuf_s@@@Z 004284cb f   common.obj
 0001:000274ec       ?MSG_ReadByte@@YAHPAUsizebuf_s@@@Z 004284ec f   common.obj
 0001:0002750d       ?MSG_ReadShort@@YAHPAUsizebuf_s@@@Z 0042850d f   common.obj
 0001:0002753d       ?MSG_ReadLong@@YAHPAUsizebuf_s@@@Z 0042853d f   common.obj
 0001:0002757c       ?MSG_ReadString@@YAPADPAUsizebuf_s@@@Z 0042857c f   common.obj
 0001:000275af       ?MSG_ReadCoord@@YAMPAUsizebuf_s@@@Z 004285af f   common.obj
 0001:000275c9       ?MSG_ReadPos@@YAXPAUsizebuf_s@@QAM@Z 004285c9 f   common.obj
 0001:0002761b       ?MSG_ReadAngle@@YAMPAUsizebuf_s@@@Z 0042861b f   common.obj
 0001:00027635       ?MSG_ReadAngle16@@YAMPAUsizebuf_s@@@Z 00428635 f   common.obj
 0001:0002764f       ?MSG_ReadDeltaUsercmd@@YAXPAUsizebuf_s@@PAUusercmd_t@@1@Z 0042864f f   common.obj
 0001:0002770a       ?MSG_ReadData@@YAXPAUsizebuf_s@@PAXH@Z 0042870a f   common.obj
 0001:0002772d       ?SZ_Init@@YAXPAUsizebuf_s@@PAXH@Z 0042872d f   common.obj
 0001:0002774b       ?SZ_Clear@@YAXPAUsizebuf_s@@@Z 0042874b f   common.obj
 0001:00027758       ?SZ_GetSpace@@YAPAXPAUsizebuf_s@@H@Z 00428758 f   common.obj
 0001:000277b5       ?SZ_Write@@YAXPAUsizebuf_s@@PAXH@Z 004287b5 f   common.obj
 0001:000277e1       ?SZ_Insert@@YAXPAUsizebuf_s@@PAXHH@Z 004287e1 f   common.obj
 0001:0002783a       ?SZ_Print@@YAXPAUsizebuf_s@@PAD@Z 0042883a f   common.obj
 0001:00027890       ?Info_ValueForKey@@YAPADPAD0@Z 00428890 f   common.obj
 0001:0002791b       ?Info_RemoveKey@@YAXPAD0@Z 0042891b f   common.obj
 0001:000279a1       ?Info_SetValueForKey@@YAXPAD00@Z 004289a1 f   common.obj
 0001:00027ad9       ?Info_Print@@YAXPAD@Z      00428ad9 f   common.obj
 0001:00027b9e       ?COM_BlockSequenceCRCByte@@YAEPAEHH@Z 00428b9e f   common.obj
 0001:00027c2f       ?COM_CheckCmdlineVar@@YA_NPBD@Z 00428c2f f   common.obj
 0001:00027c85       ?QCommon_Init@@YAXPAD@Z    00428c85 f   common.obj
 0001:00028053       ?QCommon_Frame@@YAXH@Z     00429053 f   common.obj
 0001:0002832a       ?QCommon_Shutdown@@YAXXZ   0042932a f   common.obj
 0001:00028343       ?CRC_Init@@YAXPAG@Z        00429343 f   crc.obj
 0001:0002834d       ?CRC_Block@@YAGPAEH@Z      0042934d f   crc.obj
 0001:00028396       ?Cvar_VariableValue@@YAMPBD@Z 00429396 f   cvar.obj
 0001:00028404       ?Cvar_VariableInt@@YAHPBD@Z 00429404 f   cvar.obj
 0001:00028417       ?Cvar_VariableString@@YAPADPBD@Z 00429417 f   cvar.obj
 0001:0002842f       ?Cvar_Get@@YAPAUcvar_s@@PBD0H@Z 0042942f f   cvar.obj
 0001:000286e5       ?Cvar_GetVars@@YAXPBUcvarInfo_t@@H@Z 004296e5 f   cvar.obj
 0001:0002878f       ?Cvar_FullSet@@YAPAUcvar_s@@PBD0H@Z 0042978f f   cvar.obj
 0001:000287e9       ?Cvar_SetValue@@YAPAUcvar_s@@PBDM@Z 004297e9 f   cvar.obj
 0001:00028a0f       ?Cvar_SetInteger@@YAPAUcvar_s@@PBDH@Z 00429a0f f   cvar.obj
 0001:00028a31       ?Cvar_Set@@YAPAUcvar_s@@PBD0@Z 00429a31 f   cvar.obj
 0001:00028a46       ?Cvar_ForceSet@@YAPAUcvar_s@@PBD0@Z 00429a46 f   cvar.obj
 0001:00028a5b       ?Cvar_Clamp@@YAMPAUcvar_s@@MM@Z 00429a5b f   cvar.obj
 0001:00028ab9       ?Cvar_ClampName@@YAMPBDMM@Z 00429ab9 f   cvar.obj
 0001:00028af8       ?Cvar_GetLatchedVars@@YAXXZ 00429af8 f   cvar.obj
 0001:00028b27       ?Cvar_Command@@YA_NHPAPAD@Z 00429b27 f   cvar.obj
 0001:00028bc8       ?Cvar_WriteVariables@@YAXPAU_iobuf@@HHPBD@Z 00429bc8 f   cvar.obj
 0001:00028c5b       ?Cvar_BitInfo@@YAPADH@Z    00429c5b f   cvar.obj
 0001:00028c94       ?Cvar_Userinfo@@YAPADXZ    00429c94 f   cvar.obj
 0001:00028c9d       ?Cvar_Serverinfo@@YAPADXZ  00429c9d f   cvar.obj
 0001:00028ca6       ?Cvar_Cheats@@YAX_N@Z      00429ca6 f   cvar.obj
 0001:00028cfc       ?Cvar_Init@@YAXXZ          00429cfc f   cvar.obj
 0001:000293b4       ?FS_CreatePath@@YAXPAD@Z   0042a3b4 f   files.obj
 0001:000293fe       ?FS_CopyFile@@YAXPAD0@Z    0042a3fe f   files.obj
 0001:00029501       ?FS_CopyFiles@@YAXPAD0@Z   0042a501 f   files.obj
 0001:000295da       ?FS_RemoveFiles@@YAXPAD@Z  0042a5da f   files.obj
 0001:0002964e       ?FS_FCloseFile@@YAXPAU_iobuf@@@Z 0042a64e f   files.obj
 0001:000296e9       ?FS_FOpenFile@@YAHPBDPAPAU_iobuf@@@Z 0042a6e9 f   files.obj
 0001:00029c1f       ?FS_FileExists@@YA_NPAD@Z  0042ac1f f   files.obj
 0001:00029e3c       ?FS_Read@@YAXPAXHPAU_iobuf@@@Z 0042ae3c f   files.obj
 0001:0002a0dc       ?FS_LoadFile@@YAPAXPBDPAI@Z 0042b0dc f   files.obj
 0001:0002a133       ?FS_FreeFile@@YAXPAX@Z     0042b133 f   files.obj
 0001:0002a13e       ?FS_Gamedir@@YAPADXZ       0042b13e f   files.obj
 0001:0002a152       ?FS_LoadGameConfig@@YAXXZ  0042b152 f   files.obj
 0001:0002a217       ?FS_SetGamedir@@YA_NPBD@Z  0042b217 f   files.obj
 0001:0002a8be       ?FS_ListFiles@@YAPAUbasenamed_s@@PADPAHH@Z 0042b8be f   files.obj
 0001:0002abd1       ?FS_NextPath@@YAPADPBD@Z   0042bbd1 f   files.obj
 0001:0002abf5       ?FS_InitFilesystem@@YAXXZ  0042bbf5 f   files.obj
 0001:0002b5a2       ?LoadPCX@@YAXPBDPAPAE1PAH2@Z 0042c5a2 f   images.obj
 0001:0002b6ec       ?LoadTGA@@YAXPBDPAPAEPAH2@Z 0042c6ec f   images.obj
 0001:0002b8e7       ?LoadJPG@@YAXPBDPAPAEPAH2@Z 0042c8e7 f   images.obj
 0001:0002bb79       ?ImageExists@@YAHPBDH@Z    0042cb79 f   images.obj
 0001:0002bc73       ?WriteTGA@@YA_NPBDPAEHH@Z  0042cc73 f   images.obj
 0001:0002be5d       ?WriteJPG@@YA_NPBDPAEHH_N@Z 0042ce5d f   images.obj
 0001:0002bf84       ?MD4Init@@YAXPAUMD4_CTX@@@Z 0042cf84 f   md4.obj
 0001:0002bfac       ?MD4Update@@YAXPAUMD4_CTX@@PAEI@Z 0042cfac f   md4.obj
 0001:0002c04a       ?MD4Final@@YAXQAEPAUMD4_CTX@@@Z 0042d04a f   md4.obj
 0001:0002c73b       ?Com_BlockChecksum@@YAIPAXH@Z 0042d73b f   md4.obj
 0001:0002c777       ?LoadQ2BspFile@@YAXXZ      0042d777 f   model.obj
 0001:0002cb50       ?LoadBspFile@@YAPAUbspfile_t@@PBD_NPAI@Z 0042db50 f   model.obj
 0001:0002ccef       ?ProcessEntstring@@YAPADPAD@Z 0042dcef f   model.obj
 0001:0002db51       ?Netchan_Init@@YAXXZ       0042eb51 f   net_chan.obj
 0001:0002dbb1       ?Netchan_OutOfBand@@YAXW4netsrc_t@@Unetadr_t@@HPAX@Z 0042ebb1 f   net_chan.obj
 0001:0002dc11       ?Netchan_OutOfBandPrint@@YAXW4netsrc_t@@Unetadr_t@@PBDZZ 0042ec11 f   net_chan.obj
 0001:0002dc56       ?Netchan_Setup@@YAXW4netsrc_t@@PAUnetchan_t@@Unetadr_t@@H@Z 0042ec56 f   net_chan.obj
 0001:0002dcaf       ?Netchan_NeedReliable@@YA_NPAUnetchan_t@@@Z 0042ecaf f   net_chan.obj
 0001:0002dcd9       ?Netchan_Transmit@@YAXPAUnetchan_t@@HPAX@Z 0042ecd9 f   net_chan.obj
 0001:0002de7f       ?Netchan_Process@@YA_NPAUnetchan_t@@PAUsizebuf_s@@@Z 0042ee7f f   net_chan.obj
 0001:0002dfa5       ?Pmove@@YAXPAUpmove_t@@@Z  0042efa5 f   pmove.obj
 0001:0002fd3f       ?NormalizeColor@@YAMQBMQAM@Z 00430d3f f   q_shared2.obj
 0001:0002fda0       ?NormalizeColor255@@YAMQBMQAM@Z 00430da0 f   q_shared2.obj
 0001:0002fe05       ?Q_rsqrt@@YAMM@Z           00430e05 f   q_shared2.obj
 0001:0002fe35       ?AngleVectors@@YAXQBMQAM11@Z 00430e35 f   q_shared2.obj
 0001:0002ff96       ?MakeNormalVectors@@YAXQAM00@Z 00430f96 f   q_shared2.obj
 0001:0002fffd       ?SetPlaneSignbits@@YAXPAUcplane_t@@@Z 00430ffd f   q_shared2.obj
 0001:00030020       ?LerpAngle@@YAMMMM@Z       00431020 f   q_shared2.obj
 0001:00030063       ?anglemod@@YAMM@Z          00431063 f   q_shared2.obj
 0001:0003008f       ?BoxOnPlaneSide@@YAHQBM0PBUcplane_t@@@Z 0043108f f   q_shared2.obj
 0001:000301b2       ?ClearBounds@@YAXQAM0@Z    004311b2 f   q_shared2.obj
 0001:000301db       ?AddPointToBounds@@YAXQBMQAM1@Z 004311db f   q_shared2.obj
 0001:00030214       ?VectorCompare@@YA_NQBM0@Z 00431214 f   q_shared2.obj
 0001:00030241       ?VectorNormalize@@YAMQAM@Z 00431241 f   q_shared2.obj
 0001:0003029a       ?VectorNormalize2@@YAMQBMQAM@Z 0043129a f   q_shared2.obj
 0001:000302f5       ?VectorNormalizeFast@@YAMQAM@Z 004312f5 f   q_shared2.obj
 0001:00030348       ?CrossProduct@@YAXQBM0QAM@Z 00431348 f   q_shared2.obj
 0001:00030383       ?VectorLength@@YAMQBM@Z    00431383 f   q_shared2.obj
 0001:000303b2       ?VectorDistance@@YAMQBM0@Z 004313b2 f   q_shared2.obj
 0001:000303e3       ?VectorScale@@YAXQBMMQAM@Z 004313e3 f   q_shared2.obj
 0001:00030407       ?AnglesToAxis@@YAXQBMQAY02M@Z 00431407 f   q_shared2.obj
 0001:00030445       ?COM_FilePath@@YAXPAD0@Z   00431445 f   q_shared2.obj
 0001:0003047b       ?ShortSwap@@YAFF@Z         0043147b f   q_shared2.obj
 0001:00030490       ?COM_Parse@@YAPADAAPBD_N@Z 00431490 f   q_shared2.obj
 0001:000305b4       ?COM_QuoteString@@YAPBDPBD_N@Z 004315b4 f   q_shared2.obj
 0001:0003060f       ?Com_PageInMemory@@YAXPAXH@Z 0043160f f   q_shared2.obj
 0001:0003062e       ?Q_strncpylower@@YAXPADPBDH@Z 0043162e f   q_shared2.obj
 0001:00030668       ?Zip_OpenArchive@@YAPAU_iobuf@@PAD@Z 00431668 f   zip.obj
 0001:000306d3       ?Zip_CloseArchive@@YAXPAU_iobuf@@@Z 004316d3 f   zip.obj
 0001:000306df       ?Zip_EnumArchive@@YA_NPAU_iobuf@@P6A_NPAUzipFile_t@@@Z@Z 004316df f   zip.obj
 0001:000308bc       ?Zip_OpenFile@@YAPAUZFILE@@PAU_iobuf@@PAUzipFile_t@@@Z 004318bc f   zip.obj
 0001:000309a0       ?Zip_ReadFile@@YAHPAUZFILE@@PAXH@Z 004319a0 f   zip.obj
 0001:00030a96       ?Zip_CloseFile@@YA_NPAUZFILE@@@Z 00431a96 f   zip.obj
 0001:00030ada       ?Zip_OpenBuf@@YAPAUZBUF@@PAXH@Z 00431ada f   zip.obj
 0001:00030b18       ?Zip_ReadBuf@@YAHPAUZBUF@@PAXH@Z 00431b18 f   zip.obj
 0001:00030b60       ?Zip_CloseBuf@@YAXPAUZBUF@@@Z 00431b60 f   zip.obj
 0001:00030b75       ?CreateMemoryChain@@YAPAXXZ 00431b75 f   memory2.obj
 0001:00030bd1       ?FreeMemoryChain@@YAXPAX@Z 00431bd1 f   memory2.obj
 0001:00030bec       ?AllocChainBlock@@YAPAXPAXH@Z 00431bec f   memory2.obj
 0001:00030c37       ?ChainCopyString@@YAPADPBDPAX@Z 00431c37 f   memory2.obj
 0001:00030c6b       ?AllocNamedStruc@@YAPAUbasenamed_s@@HPAD@Z 00431c6b f   memory2.obj
 0001:00030ca9       ?ChainAllocNamedStruc@@YAPAUbasenamed_s@@HPADPAX@Z 00431ca9 f   memory2.obj
 0001:00030ce8       ?FindNamedStruc@@YAPAUbasenamed_s@@PADPAU1@PAPAU1@@Z 00431ce8 f   memory2.obj
 0001:00030d2c       ?FindNamedStrucByIndex@@YAPAUbasenamed_s@@PAU1@H@Z 00431d2c f   memory2.obj
 0001:00030d43       ?IndexOfNamedStruc@@YAHPADPAUbasenamed_s@@@Z 00431d43 f   memory2.obj
 0001:00030d71       ?AddToNamedList@@YAPAUbasenamed_s@@PADPAU1@@Z 00431d71 f   memory2.obj
 0001:00030dbb       ?ChainAddToNamedList@@YAPAUbasenamed_s@@PADPAU1@PAX@Z 00431dbb f   memory2.obj
 0001:00030e05       ?FreeNamedList@@YAXPAUbasenamed_s@@@Z 00431e05 f   memory2.obj
 0001:00030e20       ?CDAudio_Play2@@YAXH_N@Z   00431e20 f   cd_win.obj
 0001:00030fff       ?CDAudio_Play@@YAXH_N@Z    00431fff f   cd_win.obj
 0001:00031016       ?CDAudio_Stop@@YAXXZ       00432016 f   cd_win.obj
 0001:0003105b       ?CDAudio_Pause@@YAXXZ      0043205b f   cd_win.obj
 0001:000310b4       ?CDAudio_Resume@@YAXXZ     004320b4 f   cd_win.obj
 0001:00031123       ?CDAudio_MessageHandler@@YAJPAUHWND__@@IIJ@Z 00432123 f   cd_win.obj
 0001:000311ba       ?CDAudio_Update@@YAXXZ     004321ba f   cd_win.obj
 0001:000311ee       ?CDAudio_Init@@YAHXZ       004321ee f   cd_win.obj
 0001:000315a0       ?CDAudio_Shutdown@@YAXXZ   004325a0 f   cd_win.obj
 0001:000315d3       ?CDAudio_Activate@@YAX_N@Z 004325d3 f   cd_win.obj
 0001:000315e4       ?IN_MouseEvent@@YAXH@Z     004325e4 f   in_win.obj
 0001:0003164e       ?IN_Commands@@YAXXZ        0043264e f   in_win.obj
 0001:0003177f       ?IN_Init@@YAXXZ            0043277f f   in_win.obj
 0001:00031ac5       ?IN_Shutdown@@YAXXZ        00432ac5 f   in_win.obj
 0001:00031ba9       ?IN_Move@@YAXPAUusercmd_t@@@Z 00432ba9 f   in_win.obj
 0001:000320ab       ?IN_Activate@@YAX_N@Z      004330ab f   in_win.obj
 0001:000320b5       ?IN_Frame@@YAXXZ           004330b5 f   in_win.obj
 0001:000324bf       ?NetadrToSockadr@@YAXPAUnetadr_t@@PAUsockaddr@@@Z 004334bf f   net_wins.obj
 0001:00032544       ?SockadrToNetadr@@YAXPAUsockaddr@@PAUnetadr_t@@@Z 00433544 f   net_wins.obj
 0001:00032594       ?NET_CompareAdr@@YA_NPAUnetadr_t@@0@Z 00433594 f   net_wins.obj
 0001:000325f4       ?NET_CompareBaseAdr@@YA_NPAUnetadr_t@@0@Z 004335f4 f   net_wins.obj
 0001:0003264a       ?NET_AdrToString@@YAPADPAUnetadr_t@@@Z 0043364a f   net_wins.obj
 0001:00032703       ?NET_StringToAdr@@YA_NPBDPAUnetadr_t@@@Z 00433703 f   net_wins.obj
 0001:0003298d       ?NET_IsLocalAddress@@YA_NPAUnetadr_t@@@Z 0043398d f   net_wins.obj
 0001:00032999       ?NET_GetLoopPacket@@YA_NW4netsrc_t@@PAUnetadr_t@@PAUsizebuf_s@@@Z 00433999 f   net_wins.obj
 0001:00032a25       ?NET_SendLoopPacket@@YAXW4netsrc_t@@HPAXUnetadr_t@@@Z 00433a25 f   net_wins.obj
 0001:00032a7a       ?NET_GetPacket@@YA_NW4netsrc_t@@PAUnetadr_t@@PAUsizebuf_s@@@Z 00433a7a f   net_wins.obj
 0001:00032b98       ?NET_SendPacket@@YAXW4netsrc_t@@HPAXUnetadr_t@@@Z 00433b98 f   net_wins.obj
 0001:00032c69       ?NET_IPSocket@@YAHPADH@Z   00433c69 f   net_wins.obj
 0001:00032d7e       ?NET_OpenIP@@YAXXZ         00433d7e f   net_wins.obj
 0001:00032dfa       ?NET_OpenIPX@@YAXXZ        00433dfa f   net_wins.obj
 0001:00032f3a       ?NET_Config@@YAX_N@Z       00433f3a f   net_wins.obj
 0001:00032fde       ?NET_Init@@YAXXZ           00433fde f   net_wins.obj
 0001:0003304a       ?Hunk_Begin@@YAPAXH@Z      0043404a f   q_shwin.obj
 0001:0003307e       ?Hunk_Alloc@@YAPAXH@Z      0043407e f   q_shwin.obj
 0001:000330dd       ?Hunk_End@@YAHXZ           004340dd f   q_shwin.obj
 0001:000330e3       ?Hunk_Free@@YAXPAX@Z       004340e3 f   q_shwin.obj
 0001:000330fc       ?Sys_Milliseconds@@YAHXZ   004340fc f   q_shwin.obj
 0001:0003312d       ?Sys_Mkdir@@YAXPAD@Z       0043412d f   q_shwin.obj
 0001:00033139       ?Sys_FindFirst@@YAPADPADH@Z 00434139 f   q_shwin.obj
 0001:000331d3       ?Sys_FindNext@@YAPADXZ     004341d3 f   q_shwin.obj
 0001:0003323d       ?Sys_FindClose@@YAXXZ      0043423d f   q_shwin.obj
 0001:00033257       ?SNDDMA_Init@@YA_NXZ       00434257 f   snd_win.obj
 0001:00033896       ?SNDDMA_GetDMAPos@@YAHXZ   00434896 f   snd_win.obj
 0001:000338e0       ?SNDDMA_BeginPainting@@YAXXZ 004348e0 f   snd_win.obj
 0001:000339f8       ?SNDDMA_Submit@@YAXXZ      004349f8 f   snd_win.obj
 0001:00033a1d       ?SNDDMA_Shutdown@@YAXXZ    00434a1d f   snd_win.obj
 0001:00033a22       ?S_Activate@@YAX_N@Z       00434a22 f   snd_win.obj
 0001:00033a4d       ?Sys_Quit@@YAXXZ           00434a4d f   sys_win.obj
 0001:00033b08       ?Sys_Init@@YAXXZ           00434b08 f   sys_win.obj
 0001:00033e51       ?Sys_ConsoleInput@@YAPADXZ 00434e51 f   sys_win.obj
 0001:00034108       ?Sys_ConsoleOutput@@YAXPAD@Z 00435108 f   sys_win.obj
 0001:00034196       ?Sys_SendKeyEvents@@YAXXZ  00435196 f   sys_win.obj
 0001:00034282       ?Sys_UnloadGame@@YAXXZ     00435282 f   sys_win.obj
 0001:000342fd       ?Sys_GetGameAPI@@YAPAXPAX@Z 004352fd f   sys_win.obj
 0001:00034454       _WinMain@16                00435454 f   sys_win.obj
 0001:00034731       ?Vid_CreateWindow@@YAPAXHH_N@Z 00435731 f   vid_dll.obj
 0001:00034f5a       ?Vid_DestroyWindow@@YAX_N@Z 00435f5a f   vid_dll.obj
 0001:00034f95       ?Vid_GetModeInfo@@YA_NPAH0H@Z 00435f95 f   vid_dll.obj
 0001:00034fc3       ?Vid_UpdateWindowPosAndSize@@YAXHH@Z 00435fc3 f   vid_dll.obj
 0001:0003502a       ?Vid_FreeReflib@@YAXXZ     0043602a f   vid_dll.obj
 0001:00035064       ?Vid_CheckChanges@@YAXXZ   00436064 f   vid_dll.obj
 0001:000353fd       ?Vid_Init@@YAXXZ           004363fd f   vid_dll.obj
 0001:000354ee       ?Vid_Shutdown@@YAXXZ       004364ee f   vid_dll.obj
 0001:0003551c       ?Vid_MenuInit@@YAXXZ       0043651c f   vid_menu.obj
 0001:00035d72       ?Vid_MenuDraw@@YAXXZ       00436d72 f   vid_menu.obj
 0001:00035df5       ?Vid_MenuKey@@YAPBDH@Z     00436df5 f   vid_menu.obj
 0001:00036160       ?GL_BackEnd@@YAXXZ         00437160 f   gl_backend.obj
 0001:00039769       ?GL_InitBackend@@YAXXZ     0043a769 f   gl_backend.obj
 0001:000397ae       ?GL_ShutdownBackend@@YAXXZ 0043a7ae f   gl_backend.obj
 0001:000397c2       ?GL_AllocDynamicMemory@@YAPAXH@Z 0043a7c2 f   gl_buffers.obj
 0001:0003982b       ?GL_ResizeDynamicMemory@@YAXPAXH@Z 0043a82b f   gl_buffers.obj
 0001:0003986d       ?GL_AddSurfaceToPortal@@YAXPAUsurfaceCommon_s@@PAUshader_s@@HH@Z 0043a86d f   gl_buffers.obj
 0001:000398d6       ?GL_AddDynamicSurface@@YAPAUsurfaceCommon_s@@PAUshader_s@@H@Z 0043a8d6 f   gl_buffers.obj
 0001:000398fe       ?GL_InsertShaderIndex@@YAXH@Z 0043a8fe f   gl_buffers.obj
 0001:00039931       ?GL_ClearPortal@@YAXXZ     0043a931 f   gl_buffers.obj
 0001:0003994d       ?GL_FinishPortal@@YAXXZ    0043a94d f   gl_buffers.obj
 0001:0003999e       ?GL_SortSurfaces@@YAXPAUviewPortal_s@@PAPAUsurfaceInfo_s@@@Z 0043a99e f   gl_buffers.obj
 0001:00039b30       ?GL_ClearBuffers@@YAXXZ    0043ab30 f   gl_buffers.obj
 0001:00039b47       ?GL_AddEntity@@YAXPAUentity_t@@@Z 0043ab47 f   gl_frontend.obj
 0001:00039fbb       ?GL_AddDlight@@YAXPAUdlight_t@@@Z 0043afbb f   gl_frontend.obj
 0001:0003a173       ?GL_DrawPortal@@YAXXZ      0043b173 f   gl_frontend.obj
 0001:0003cc5c       ?GL_TextureMode@@YAXPAD@Z  0043dc5c f   gl_image.obj
 0001:0003cd04       ?GL_CreateImage@@YAPAUimage_s@@PBDPAXHHH@Z 0043dd04 f   gl_image.obj
 0001:0003daeb       ?GL_DrawStretchRaw8@@YAXHHHHHHPAEPAI@Z 0043eaeb f   gl_image.obj
 0001:0003dea5       ?GL_SetupGamma@@YAXXZ      0043eea5 f   gl_image.obj
 0001:0003dfea       ?GL_PerformScreenshot@@YAXXZ 0043efea f   gl_image.obj
 0001:0003e277       ?GL_InitImages@@YAXXZ      0043f277 f   gl_image.obj
 0001:0003ea47       ?GL_ShutdownImages@@YAXXZ  0043fa47 f   gl_image.obj
 0001:0003eaae       ?GL_LoadDelayedImages@@YAXXZ 0043faae f   gl_image.obj
 0001:0003eb2b       ?GL_ShowImages@@YAXXZ      0043fb2b f   gl_image.obj
 0001:0003edb3       ?GL_FindImage@@YAPAUimage_s@@PBDH@Z 0043fdb3 f   gl_image.obj
 0001:0003f140       ?GL_Lock@@YAXXZ            00440140 f   gl_interface.obj
 0001:0003f1b8       ?GL_Unlock@@YAXXZ          004401b8 f   gl_interface.obj
 0001:0003f37a       ?GL_Bind@@YAXPAUimage_s@@@Z 0044037a f   gl_interface.obj
 0001:0003f4a4       ?GL_BindForce@@YAXPAUimage_s@@@Z 004404a4 f   gl_interface.obj
 0001:0003f522       ?GL_TexEnv@@YAXI@Z         00440522 f   gl_interface.obj
 0001:0003f6a1       ?GL_TexMipBias@@YAXM@Z     004406a1 f   gl_interface.obj
 0001:0003f6fc       ?GL_TexEnvColor@@YAXPATcolor_t@@@Z 004406fc f   gl_interface.obj
 0001:0003f7ac       ?GL_SelectTexture@@YAXH@Z  004407ac f   gl_interface.obj
 0001:0003f80d       ?GL_TexCoordPointer@@YAXPAX@Z 0044080d f   gl_interface.obj
 0001:0003f83d       ?GL_SetMultitexture@@YAXH@Z 0044083d f   gl_interface.obj
 0001:0003f923       ?GL_DisableTexCoordArrays@@YAXXZ 00440923 f   gl_interface.obj
 0001:0003f977       ?GL_CullFace@@YAXW4gl_cullMode_t@@@Z 00440977 f   gl_interface.obj
 0001:0003f9c8       ?GL_DepthRange@@YAXW4gl_depthMode_t@@@Z 004409c8 f   gl_interface.obj
 0001:0003f9fb       ?GL_State@@YAXI@Z          004409fb f   gl_interface.obj
 0001:0003fb54       ?GL_EnableFog@@YAX_N@Z     00440b54 f   gl_interface.obj
 0001:0003fc4c       ?GL_SetDefaultState@@YAXXZ 00440c4c f   gl_interface.obj
 0001:0003fd9a       ?GL_Set2DMode@@YAXXZ       00440d9a f   gl_interface.obj
 0001:0003fe95       ?GL_Setup@@YAXPAUviewPortal_s@@@Z 00440e95 f   gl_interface.obj
 0001:0003ff7d       ?GL_ShowLights@@YAXXZ      00440f7d f   gl_light.obj
 0001:000403a2       ?GL_LightForEntity@@YAXPAUrefEntity_s@@@Z 004413a2 f   gl_light.obj
 0001:00041609       ?GL_DiffuseLight@@YAXPATcolor_t@@M@Z 00442609 f   gl_light.obj
 0001:00041781       ?GL_InitLightGrid@@YAXXZ   00442781 f   gl_light.obj
 0001:0004181d       ?GL_PostLoadLights@@YAXXZ  0044281d f   gl_light.obj
 0001:00041abb       ?LM_Init@@YAXXZ            00442abb f   gl_lightmap.obj
 0001:00041ad1       ?LM_Flush@@YAXPAUlightmapBlock_t@@@Z 00442ad1 f   gl_lightmap.obj
 0001:00041b2e       ?LM_Done@@YAXXZ            00442b2e f   gl_lightmap.obj
 0001:00041b55       ?LM_Save@@YAXPAUlightmapBlock_t@@@Z 00442b55 f   gl_lightmap.obj
 0001:00041b6d       ?LM_Restore@@YAXPAUlightmapBlock_t@@@Z 00442b6d f   gl_lightmap.obj
 0001:00041b85       ?LM_NewBlock@@YAPAUlightmapBlock_t@@XZ 00442b85 f   gl_lightmap.obj
 0001:00041bf5       ?LM_Rewind@@YAXXZ          00442bf5 f   gl_lightmap.obj
 0001:00041bfd       ?LM_NextBlock@@YAPAUlightmapBlock_t@@XZ 00442bfd f   gl_lightmap.obj
 0001:00041c2a       ?LM_CheckMinlight@@YAXPAUdynamicLightmap_s@@@Z 00442c2a f   gl_lightmap.obj
 0001:00041cc0       ?LM_AllocBlock@@YA_NPAUlightmapBlock_t@@PAUdynamicLightmap_s@@@Z 00442cc0 f   gl_lightmap.obj
 0001:00041d77       ?LM_PutBlock@@YAXPAUdynamicLightmap_s@@@Z 00442d77 f   gl_lightmap.obj
 0001:000421a4       ?LM_SortLightStyles@@YAXPAUdynamicLightmap_s@@@Z 004431a4 f   gl_lightmap.obj
 0001:00042235       ?GL_UpdateDynamicLightmap@@YAXPAUshader_s@@PAUsurfacePlanar_s@@_NI@Z 00443235 f   gl_lightmap.obj
 0001:00042731       ?LM_IsMonotone@@YA_NPAUdynamicLightmap_s@@PATcolor_t@@@Z 00443731 f   gl_lightmap.obj
 0001:00042838       ?GL_EnableRendering@@YAX_N@Z 00443838 f   gl_main.obj
 0001:00042853       ?GL_DrawStretchPic@@YAXPAUshader_s@@HHHHMMMMIE@Z 00443853 f   gl_main.obj
 0001:0004291f       ?DrawTextLeft@@YAXPBDI@Z   0044391f f   gl_main.obj
 0001:00042a8d       ?DrawTextRight@@YAXPBDI@Z  00443a8d f   gl_main.obj
 0001:00042ad7       ?DrawText3D@@YAXQAMPBDI@Z  00443ad7 f   gl_main.obj
 0001:00042b04       _GL_GetRefAPI              00443b04 f   gl_main.obj
 0001:00044406       ?GL_InitFuncTables@@YAXXZ  00445406 f   gl_math.obj
 0001:000445b7       ?ModelToWorldCoord@@YAXQAMPAUrefEntity_s@@0@Z 004455b7 f   gl_math.obj
 0001:00044628       ?WorldToModelCoord@@YAXQAMPAUrefEntity_s@@0@Z 00445628 f   gl_math.obj
 0001:0004466f       ?BuildRotationMatrix@@YAXQAY02MQAMM@Z 0044566f f   gl_math.obj
 0001:00044769       ?GetBoxRect@@YA_NPAUrefEntity_s@@QAM11_N@Z 00445769 f   gl_math.obj
 0001:00044ada       ?ProjectToScreen@@YA_NQAMPAH@Z 00445ada f   gl_math.obj
 0001:00044c1d       ?SaturateColor3f@@YAXQAM@Z 00445c1d f   gl_math.obj
 0001:00044d0d       ?SaturateColor4b@@YAXPATcolor_t@@@Z 00445d0d f   gl_math.obj
 0001:00044e1b       ?GL_FindModel@@YAPAUmodel_s@@PBD@Z 00445e1b f   gl_model.obj
 0001:00044f95       ?GL_LoadWorldMap@@YAXPBD@Z 00445f95 f   gl_model.obj
 0001:00046b47       ?GL_PointInLeaf@@YAPAUnode_s@@QAM@Z 00447b47 f   gl_model.obj
 0001:000477cb       ?ATAN2_FUNC@@YAMMM@Z       004487cb f i gl_model.obj
 0001:00047976       ?GL_FindSkin@@YAPAUshader_s@@PBD@Z 00448976 f   gl_model.obj
 0001:00047ad8       ?GL_ResetModels@@YAXXZ     00448ad8 f   gl_model.obj
 0001:00047ba1       ?GL_InitModels@@YAXXZ      00448ba1 f   gl_model.obj
 0001:00047c89       ?GL_ShutdownModels@@YAXXZ  00448c89 f   gl_model.obj
 0001:00047c9f       ?SubdividePlane@@YAHPAPAY02MHM@Z 00448c9f f   gl_poly.obj
 0001:000480e9       ?FreeSubdividedPlane@@YAXXZ 004490e9 f   gl_poly.obj
 0001:00048101       ?GetSubdivideIndexes@@YAXPAH@Z 00449101 f   gl_poly.obj
 0001:00048154       ?RemoveCollinearPoints@@YAHPAPAY02MH@Z 00449154 f   gl_poly.obj
 0001:0004824f       ?GetPolyArea@@YAMPAPAY02MH@Z 0044924f f   gl_poly.obj
 0001:000482e3       ?GL_InitShaders@@YAXXZ     004492e3 f   gl_shader.obj
 0001:00048434       ?GL_ShutdownShaders@@YAXXZ 00449434 f   gl_shader.obj
 0001:0004845e       ?GetLightmapImage@@YAPAUimage_s@@H@Z 0044945e f   gl_shader.obj
 0001:00048486       ?GL_SetShaderLightmap@@YAPAUshader_s@@PAU1@H@Z 00449486 f   gl_shader.obj
 0001:0004885b       ?GL_SetShaderLightstyles@@YAPAUshader_s@@PAU1@H@Z 0044985b f   gl_shader.obj
 0001:000488f7       ?GL_GetAlphaShader@@YAPAUshader_s@@PAU1@@Z 004498f7 f   gl_shader.obj
 0001:00048bbd       ?GL_FindShader@@YAPAUshader_s@@PBDH@Z 00449bbd f   gl_shader.obj
 0001:000491db       ?GL_GetShaderByNum@@YAPAUshader_s@@H@Z 0044a1db f   gl_shader.obj
 0001:000491f9       ?GL_ResetShaders@@YAXXZ    0044a1f9 f   gl_shader.obj
 0001:000496bf       ?GL_ClearSkyBox@@YAXXZ     0044a6bf f   gl_sky.obj
 0001:000496d6       ?GL_SetSkyRotate@@YAXMQAM@Z 0044a6d6 f   gl_sky.obj
 0001:0004970e       ?GL_SkyVisible@@YA_NXZ     0044a70e f   gl_sky.obj
 0001:00049727       ?GL_AddSkySurface@@YAXPAUsurfacePlanar_s@@QAME@Z 0044a727 f   gl_sky.obj
 0001:00049d36       ?GL_TesselateSkySide@@YAHHPAUbufVertex_t@@PAUbufTexCoord_t@@M@Z 0044ad36 f   gl_sky.obj
 0001:0004b651       ?QGL_Shutdown@@YAXXZ       0044c651 f   qgl_win.obj
 0001:0004b68f       ?QGL_Init@@YA_NPBD@Z       0044c68f f   qgl_win.obj
 0001:0004b712       ?QGL_InitExtensions@@YAXXZ 0044c712 f   qgl_win.obj
 0001:0004bbfe       ?QGL_PrintExtensionsString@@YAXPBD00@Z 0044cbfe f   qgl_win.obj
 0001:0004bd4e       ?QGL_EnableLogging@@YAX_N@Z 0044cd4e f   qgl_win.obj
 0001:0004be05       ?QGL_LogMessage@@YAXPBD@Z  0044ce05 f   qgl_win.obj
 0001:0004be1c       ?GLimp_SetMode@@YA?AW4rserr_t@@PAI0H_N@Z 0044ce1c f   glw_imp.obj
 0001:0004c0af       ?GLimp_HasGamma@@YA_NXZ    0044d0af f   glw_imp.obj
 0001:0004c0c3       ?GLimp_SetGamma@@YAXM@Z    0044d0c3 f   glw_imp.obj
 0001:0004c26b       ?GLimp_Init@@YAHXZ         0044d26b f   glw_imp.obj
 0001:0004c5b3       ?GLimp_Shutdown@@YAXXZ     0044d5b3 f   glw_imp.obj
 0001:0004c65b       ?GLimp_EndFrame@@YAXXZ     0044d65b f   glw_imp.obj
 0001:0004c6dc       ?GLimp_AppActivate@@YAX_N@Z 0044d6dc f   glw_imp.obj
 0001:0004c7c0       _jpeg_CreateDecompress     0044d7c0 f   lib:jdapimin.obj
 0001:0004c880       _jpeg_read_header          0044d880 f   lib:jdapimin.obj
 0001:0004c8e2       _jpeg_consume_input        0044d8e2 f   lib:jdapimin.obj
 0001:0004cb31       _jpeg_finish_decompress    0044db31 f   lib:jdapimin.obj
 0001:0004cbc8       _jpeg_start_decompress     0044dbc8 f   lib:jdapistd.obj
 0001:0004cd35       _jpeg_read_scanlines       0044dd35 f   lib:jdapistd.obj
 0001:0004cdb9       _jpeg_resync_to_restart    0044ddb9 f   lib:jdmarker.obj
 0001:0004cf7e       _jinit_marker_reader       0044df7e f   lib:jdmarker.obj
 0001:0004e449       _jpeg_CreateCompress       0044f449 f   lib:jcapimin.obj
 0001:0004e4fd       _jpeg_destroy_compress     0044f4fd f   lib:jcapimin.obj
 0001:0004e4fd       _jpeg_destroy_decompress   0044f4fd f   lib:jcapimin.obj
 0001:0004e508       _jpeg_suppress_tables      0044f508 f   lib:jcapimin.obj
 0001:0004e552       _jpeg_finish_compress      0044f552 f   lib:jcapimin.obj
 0001:0004e63c       _jpeg_start_compress       0044f63c f   lib:jcapistd.obj
 0001:0004e6a8       _jpeg_write_scanlines      0044f6a8 f   lib:jcapistd.obj
 0001:0004e753       _jpeg_add_quant_table      0044f753 f   lib:jcparam.obj
 0001:0004e805       _jpeg_quality_scaling      0044f805 f   lib:jcparam.obj
 0001:0004e82c       _jpeg_set_quality          0044f82c f   lib:jcparam.obj
 0001:0004e866       _jpeg_set_defaults         0044f866 f   lib:jcparam.obj
 0001:0004ea2c       _jpeg_default_colorspace   0044fa2c f   lib:jcparam.obj
 0001:0004ea7c       _jpeg_set_colorspace       0044fa7c f   lib:jcparam.obj
 0001:0004ed97       _jpeg_stdio_dest           0044fd97 f   lib:jdatadst.obj
 0001:0004ef96       _crc32                     0044ff96 f   lib:crc32.obj
 0001:0004f230       _inflateReset              00450230 f   lib:inflate.obj
 0001:0004f277       _inflateInit2_             00450277 f   lib:inflate.obj
 0001:0004f330       _inflate                   00450330 f   lib:inflate.obj
 0001:000505ff       _inflateEnd                004515ff f   lib:inflate.obj
 0001:0005063d       _jinit_input_controller    0045163d f   lib:jdinput.obj
 0001:00050b20       _jinit_memory_mgr          00451b20 f   lib:jmemmgr.obj
 0001:0005165c       _jpeg_abort                0045265c f   lib:jcomapi.obj
 0001:0005168f       _jpeg_destroy              0045268f f   lib:jcomapi.obj
 0001:000516aa       _jpeg_alloc_quant_table    004526aa f   lib:jcomapi.obj
 0001:000516c6       _jpeg_alloc_huff_table     004526c6 f   lib:jcomapi.obj
 0001:000516e2       _jpeg_calc_output_dimensions 004526e2 f   lib:jdmaster.obj
 0001:000517e2       _jinit_master_decompress   004527e2 f   lib:jdmaster.obj
 0001:00051b38       _jdiv_round_up             00452b38 f   lib:jutils.obj
 0001:00051b48       _jround_up                 00452b48 f   lib:jutils.obj
 0001:00051b60       _jcopy_sample_rows         00452b60 f   lib:jutils.obj
 0001:00051b9e       _jcopy_block_row           00452b9e f   lib:jutils.obj
 0001:00051bb7       _jzero_far                 00452bb7 f   lib:jutils.obj
 0001:00051bca       _jinit_marker_writer       00452bca f   lib:jcmarker.obj
 0001:000524a6       _jinit_compress_master     004534a6 f   lib:jcinit.obj
 0001:000524ff       _zcalloc                   004534ff f   lib:zutil.obj
 0001:00052511       _inflate_fast              00453511 f   lib:inffast.obj
 0001:000528c6       _inflate_table             004538c6 f   lib:inftrees.obj
 0001:00052c4f       _adler32                   00453c4f f   lib:adler32.obj
 0001:00052d68       _jinit_c_codec             00453d68 f   lib:jcodec.obj
 0001:00052d84       _jinit_d_codec             00453d84 f   lib:jcodec.obj
 0001:00052da0       _jpeg_get_small            00453da0 f   lib:jmemnobs.obj
 0001:00052da0       _jpeg_get_large            00453da0 f   lib:jmemnobs.obj
 0001:00052dac       _jpeg_free_large           00453dac f   lib:jmemnobs.obj
 0001:00052dac       _zcfree                    00453dac f   lib:jmemnobs.obj
 0001:00052dac       _jpeg_free_small           00453dac f   lib:jmemnobs.obj
 0001:00052db8       _jpeg_mem_available        00453db8 f   lib:jmemnobs.obj
 0001:00052dbd       _jpeg_open_backing_store   00453dbd f   lib:jmemnobs.obj
 0001:00052dd1       _jinit_d_main_controller   00453dd1 f   lib:jdmainct.obj
 0001:0005341c       _jinit_d_post_controller   0045441c f   lib:jdpostct.obj
 0001:000536c7       _jinit_upsampler           004546c7 f   lib:jdsample.obj
 0001:00053d05       _jinit_color_deconverter   00454d05 f   lib:jdcolor.obj
 0001:0005421b       _jinit_merged_upsampler    0045521b f   lib:jdmerge.obj
 0001:0005476b       _jinit_2pass_quantizer     0045576b f   lib:jquant2.obj
 0001:0005582e       _jinit_1pass_quantizer     0045682e f   lib:jquant1.obj
 0001:00056254       _jinit_c_main_controller   00457254 f   lib:jcmainct.obj
 0001:000563c1       _jinit_c_prep_controller   004573c1 f   lib:jcprepct.obj
 0001:0005690c       _jinit_downsampler         0045790c f   lib:jcsample.obj
 0001:0005718c       _jinit_color_converter     0045818c f   lib:jccolor.obj
 0001:00057776       _jinit_c_master_control    00458776 f   lib:jcmaster.obj
 0001:00058265       _jinit_lossy_c_codec       00459265 f   lib:jclossy.obj
 0001:00058300       _jinit_lossless_c_codec    00459300 f   lib:jclossls.obj
 0001:00058398       _jinit_lossy_d_codec       00459398 f   lib:jdlossy.obj
 0001:0005866b       _jinit_lossless_d_codec    0045966b f   lib:jdlossls.obj
 0001:0005871b       _jinit_c_coef_controller   0045971b f   lib:jccoefct.obj
 0001:00058dfc       _jinit_shuff_encoder       00459dfc f   lib:jcshuff.obj
 0001:00059664       _jinit_phuff_encoder       0045a664 f   lib:jcphuff.obj
 0001:0005a109       _jinit_forward_dct         0045b109 f   lib:jcdctmgr.obj
 0001:0005a3d8       _jinit_c_diff_controller   0045b3d8 f   lib:jcdiffct.obj
 0001:0005a8fc       _jinit_lhuff_encoder       0045b8fc f   lib:jclhuff.obj
 0001:0005b029       _jinit_differencer         0045c029 f   lib:jcpred.obj
 0001:0005b543       _jinit_c_scaler            0045c543 f   lib:jcscale.obj
 0001:0005b5b9       _jinit_d_coef_controller   0045c5b9 f   lib:jdcoefct.obj
 0001:0005c292       _jinit_shuff_decoder       0045d292 f   lib:jdshuff.obj
 0001:0005c827       _jinit_phuff_decoder       0045d827 f   lib:jdphuff.obj
 0001:0005d3c4       _jinit_inverse_dct         0045e3c4 f   lib:jddctmgr.obj
 0001:0005d5a8       _jinit_d_diff_controller   0045e5a8 f   lib:jddiffct.obj
 0001:0005dad6       _jinit_d_scaler            0045ead6 f   lib:jdscale.obj
 0001:0005dbd5       _jinit_undifferencer       0045ebd5 f   lib:jdpred.obj
 0001:0005df8f       _jinit_lhuff_decoder       0045ef8f f   lib:jdlhuff.obj
 0001:0005e384       _jpeg_make_c_derived_tbl   0045f384 f   lib:jchuff.obj
 0001:0005e586       _jpeg_gen_optimal_table    0045f586 f   lib:jchuff.obj
 0001:0005e745       _jpeg_fdct_float           0045f745 f   lib:jfdctflt.obj
 0001:0005e94a       _jpeg_make_d_derived_tbl   0045f94a f   lib:jdhuff.obj
 0001:0005ebe7       _jpeg_fill_bit_buffer      0045fbe7 f   lib:jdhuff.obj
 0001:0005ecf6       _jpeg_huff_decode          0045fcf6 f   lib:jdhuff.obj
 0001:0005edd6       _jpeg_idct_4x4             0045fdd6 f   lib:jidctred.obj
 0001:0005f0c4       _jpeg_idct_2x2             004600c4 f   lib:jidctred.obj
 0001:0005f286       _jpeg_idct_1x1             00460286 f   lib:jidctred.obj
 0001:0005f2c2       _jpeg_idct_float           004602c2 f   lib:jidctflt.obj
 0001:0005f6a0       __except_handler3          004606a0 f   MSVCRT:MSVCRT.dll
 0001:0005f6b0       __chkstk                   004606b0 f   MSVCRT:chkstk.obj
 0001:0005f6b0       __alloca_probe             004606b0 f   MSVCRT:chkstk.obj
 0001:0005f6df       ??_Gtype_info@@UAEPAXI@Z   004606df f i MSVCRT:ti_inst.obj
 0001:0005f6df       ??_Etype_info@@UAEPAXI@Z   004606df f i MSVCRT:ti_inst.obj
 0001:0005f6fc       __CxxThrowException@8      004606fc f   MSVCRT:MSVCRT.dll
 0001:0005f702       _strcpy                    00460702 f   MSVCRT:MSVCRT.dll
 0001:0005f708       _strlen                    00460708 f   MSVCRT:MSVCRT.dll
 0001:0005f70e       _strcat                    0046070e f   MSVCRT:MSVCRT.dll
 0001:0005f714       _strcmp                    00460714 f   MSVCRT:MSVCRT.dll
 0001:0005f71a       _sin                       0046071a f   MSVCRT:MSVCRT.dll
 0001:0005f720       _tan                       00460720 f   MSVCRT:MSVCRT.dll
 0001:0005f726       _cos                       00460726 f   MSVCRT:MSVCRT.dll
 0001:0005f72c       __ftol                     0046072c f   MSVCRT:MSVCRT.dll
 0001:0005f732       _fmod                      00460732 f   MSVCRT:MSVCRT.dll
 0001:0005f738       _atan2                     00460738 f   MSVCRT:MSVCRT.dll
 0001:0005f73e       _acos                      0046073e f   MSVCRT:MSVCRT.dll
 0001:0005f744       _sqrt                      00460744 f   MSVCRT:MSVCRT.dll
 0001:0005f74a       _atan                      0046074a f   MSVCRT:MSVCRT.dll
 0001:0005f750       _memcpy                    00460750 f   MSVCRT:MSVCRT.dll
 0001:0005f756       _memset                    00460756 f   MSVCRT:MSVCRT.dll
 0001:0005f75c       _pow                       0046075c f   MSVCRT:MSVCRT.dll
 0001:0005f762       _asin                      00460762 f   MSVCRT:MSVCRT.dll
 0001:0005f768       _WinMainCRTStartup         00460768 f   MSVCRT:crtexew.obj
 0001:0005f8c6       ??1type_info@@UAE@XZ       004608c6 f   MSVCRT:MSVCRT.dll
 0001:0005f8cc       __XcptFilter               004608cc f   MSVCRT:MSVCRT.dll
 0001:0005f8d2       __initterm                 004608d2 f   MSVCRT:MSVCRT.dll
 0001:0005f8d8       __setdefaultprecision      004608d8 f   MSVCRT:fp8.obj
 0001:0005f8ea       __matherr                  004608ea f   MSVCRT:merr.obj
 0001:0005f8ea       _jpeg_mem_init             004608ea f   MSVCRT:merr.obj
 0001:0005f8ed       _jpeg_mem_term             004608ed f   MSVCRT:dllargv.obj
 0001:0005f8ed       __setargv                  004608ed f   MSVCRT:dllargv.obj
 0001:0005f8ee       __controlfp                004608ee f   MSVCRT:MSVCRT.dll
 0002:00000000       __imp__SetDeviceGammaRamp@8 00461000     gdi32:GDI32.dll
 0002:00000004       __imp__GetDeviceGammaRamp@8 00461004     gdi32:GDI32.dll
 0002:00000008       __imp__DescribePixelFormat@16 00461008     gdi32:GDI32.dll
 0002:0000000c       __imp__SetPixelFormat@12   0046100c     gdi32:GDI32.dll
 0002:00000010       __imp__ChoosePixelFormat@8 00461010     gdi32:GDI32.dll
 0002:00000014       __imp__SwapBuffers@4       00461014     gdi32:GDI32.dll
 0002:00000018       __imp__GetDeviceCaps@8     00461018     gdi32:GDI32.dll
 0002:0000001c       \177GDI32_NULL_THUNK_DATA  0046101c     gdi32:GDI32.dll
 0002:00000020       __imp__Sleep@4             00461020     kernel32:KERNEL32.dll
 0002:00000024       __imp__FreeConsole@0       00461024     kernel32:KERNEL32.dll
 0002:00000028       __imp__GetDriveTypeA@4     00461028     kernel32:KERNEL32.dll
 0002:0000002c       __imp__SetErrorMode@4      0046102c     kernel32:KERNEL32.dll
 0002:00000030       __imp__GetStdHandle@4      00461030     kernel32:KERNEL32.dll
 0002:00000034       __imp__AllocConsole@0      00461034     kernel32:KERNEL32.dll
 0002:00000038       __imp__ReadConsoleInputA@16 00461038     kernel32:KERNEL32.dll
 0002:0000003c       __imp__VirtualFree@12      0046103c     kernel32:KERNEL32.dll
 0002:00000040       __imp__WriteFile@20        00461040     kernel32:KERNEL32.dll
 0002:00000044       __imp__SetConsoleTextAttribute@8 00461044     kernel32:KERNEL32.dll
 0002:00000048       __imp__SetPriorityClass@8  00461048     kernel32:KERNEL32.dll
 0002:0000004c       __imp__GetCurrentProcess@0 0046104c     kernel32:KERNEL32.dll
 0002:00000050       __imp__GetVersionExA@4     00461050     kernel32:KERNEL32.dll
 0002:00000054       __imp__VirtualAlloc@16     00461054     kernel32:KERNEL32.dll
 0002:00000058       __imp__LoadLibraryA@4      00461058     kernel32:KERNEL32.dll
 0002:0000005c       __imp__GetStartupInfoA@4   0046105c     kernel32:KERNEL32.dll
 0002:00000060       __imp__GetModuleHandleA@4  00461060     kernel32:KERNEL32.dll
 0002:00000064       __imp__GetProcAddress@8    00461064     kernel32:KERNEL32.dll
 0002:00000068       __imp__FreeLibrary@4       00461068     kernel32:KERNEL32.dll
 0002:0000006c       __imp__IsBadReadPtr@8      0046106c     kernel32:KERNEL32.dll
 0002:00000070       __imp__VirtualQuery@12     00461070     kernel32:KERNEL32.dll
 0002:00000074       __imp__GetNumberOfConsoleInputEvents@8 00461074     kernel32:KERNEL32.dll
 0002:00000078       __imp__GetModuleFileNameA@12 00461078     kernel32:KERNEL32.dll
 0002:0000007c       \177KERNEL32_NULL_THUNK_DATA 0046107c     kernel32:KERNEL32.dll
 0002:00000080       __imp____p__commode        00461080     MSVCRT:MSVCRT.dll
 0002:00000084       __imp___adjust_fdiv        00461084     MSVCRT:MSVCRT.dll
 0002:00000088       __imp____p__fmode          00461088     MSVCRT:MSVCRT.dll
 0002:0000008c       __imp___initterm           0046108c     MSVCRT:MSVCRT.dll
 0002:00000090       __imp____getmainargs       00461090     MSVCRT:MSVCRT.dll
 0002:00000094       __imp___acmdln             00461094     MSVCRT:MSVCRT.dll
 0002:00000098       __imp___XcptFilter         00461098     MSVCRT:MSVCRT.dll
 0002:0000009c       __imp___exit               0046109c     MSVCRT:MSVCRT.dll
 0002:000000a0       __imp_??1type_info@@UAE@XZ 004610a0     MSVCRT:MSVCRT.dll
 0002:000000a4       __imp__fflush              004610a4     MSVCRT:MSVCRT.dll
 0002:000000a8       __imp___winmajor           004610a8     MSVCRT:MSVCRT.dll
 0002:000000ac       __imp__asin                004610ac     MSVCRT:MSVCRT.dll
 0002:000000b0       __imp__pow                 004610b0     MSVCRT:MSVCRT.dll
 0002:000000b4       __imp__exit                004610b4     MSVCRT:MSVCRT.dll
 0002:000000b8       __imp___findclose          004610b8     MSVCRT:MSVCRT.dll
 0002:000000bc       __imp___findnext           004610bc     MSVCRT:MSVCRT.dll
 0002:000000c0       __imp___findfirst          004610c0     MSVCRT:MSVCRT.dll
 0002:000000c4       __imp___mkdir              004610c4     MSVCRT:MSVCRT.dll
 0002:000000c8       __imp__memset              004610c8     MSVCRT:MSVCRT.dll
 0002:000000cc       __imp__memcpy              004610cc     MSVCRT:MSVCRT.dll
 0002:000000d0       __imp__remove              004610d0     MSVCRT:MSVCRT.dll
 0002:000000d4       __imp__srand               004610d4     MSVCRT:MSVCRT.dll
 0002:000000d8       __imp__strstr              004610d8     MSVCRT:MSVCRT.dll
 0002:000000dc       __imp__memmove             004610dc     MSVCRT:MSVCRT.dll
 0002:000000e0       __imp__atan                004610e0     MSVCRT:MSVCRT.dll
 0002:000000e4       __imp__strncpy             004610e4     MSVCRT:MSVCRT.dll
 0002:000000e8       __imp__sscanf              004610e8     MSVCRT:MSVCRT.dll
 0002:000000ec       __imp__sqrt                004610ec     MSVCRT:MSVCRT.dll
 0002:000000f0       __imp____set_app_type      004610f0     MSVCRT:MSVCRT.dll
 0002:000000f4       __imp___controlfp          004610f4     MSVCRT:MSVCRT.dll
 0002:000000f8       __imp__stricmp             004610f8     MSVCRT:MSVCRT.dll
 0002:000000f8       __imp___stricmp            004610f8     MSVCRT:MSVCRT.dll
 0002:000000fc       __imp___strnicmp           004610fc     MSVCRT:MSVCRT.dll
 0002:000000fc       __imp__strnicmp            004610fc     MSVCRT:MSVCRT.dll
 0002:00000100       __imp____setusermatherr    00461100     MSVCRT:MSVCRT.dll
 0002:00000104       __imp__acos                00461104     MSVCRT:MSVCRT.dll
 0002:00000108       __imp__atan2               00461108     MSVCRT:MSVCRT.dll
 0002:0000010c       __imp__fmod                0046110c     MSVCRT:MSVCRT.dll
 0002:00000110       __imp__atof                00461110     MSVCRT:MSVCRT.dll
 0002:00000114       __imp___ftol               00461114     MSVCRT:MSVCRT.dll
 0002:00000118       __imp__cos                 00461118     MSVCRT:MSVCRT.dll
 0002:0000011c       __imp__tan                 0046111c     MSVCRT:MSVCRT.dll
 0002:00000120       __imp__rand                00461120     MSVCRT:MSVCRT.dll
 0002:00000124       __imp__sin                 00461124     MSVCRT:MSVCRT.dll
 0002:00000128       __imp__atoi                00461128     MSVCRT:MSVCRT.dll
 0002:0000012c       __imp__fwrite              0046112c     MSVCRT:MSVCRT.dll
 0002:00000130       __imp__rename              00461130     MSVCRT:MSVCRT.dll
 0002:00000134       __imp__fseek               00461134     MSVCRT:MSVCRT.dll
 0002:00000138       __imp__ftell               00461138     MSVCRT:MSVCRT.dll
 0002:0000013c       __imp___putenv             0046113c     MSVCRT:MSVCRT.dll
 0002:0000013c       __imp__putenv              0046113c     MSVCRT:MSVCRT.dll
 0002:00000140       __imp__strcmp              00461140     MSVCRT:MSVCRT.dll
 0002:00000144       __imp__time                00461144     MSVCRT:MSVCRT.dll
 0002:00000148       __imp__localtime           00461148     MSVCRT:MSVCRT.dll
 0002:0000014c       __imp__strftime            0046114c     MSVCRT:MSVCRT.dll
 0002:00000150       __imp__fprintf             00461150     MSVCRT:MSVCRT.dll
 0002:00000154       __imp__strcat              00461154     MSVCRT:MSVCRT.dll
 0002:00000158       __imp__strrchr             00461158     MSVCRT:MSVCRT.dll
 0002:0000015c       __imp__strlen              0046115c     MSVCRT:MSVCRT.dll
 0002:00000160       __imp___except_handler3    00461160     MSVCRT:MSVCRT.dll
 0002:00000164       __imp__fclose              00461164     MSVCRT:MSVCRT.dll
 0002:00000168       __imp__fread               00461168     MSVCRT:MSVCRT.dll
 0002:0000016c       __imp__fopen               0046116c     MSVCRT:MSVCRT.dll
 0002:00000170       __imp__malloc              00461170     MSVCRT:MSVCRT.dll
 0002:00000174       __imp__free                00461174     MSVCRT:MSVCRT.dll
 0002:00000178       __imp__qsort               00461178     MSVCRT:MSVCRT.dll
 0002:0000017c       __imp___vsnprintf          0046117c     MSVCRT:MSVCRT.dll
 0002:00000180       __imp___CxxThrowException@8 00461180     MSVCRT:MSVCRT.dll
 0002:00000184       __imp__strncat             00461184     MSVCRT:MSVCRT.dll
 0002:00000188       __imp__strcpy              00461188     MSVCRT:MSVCRT.dll
 0002:0000018c       __imp__strchr              0046118c     MSVCRT:MSVCRT.dll
 0002:00000190       \177MSVCRT_NULL_THUNK_DATA 00461190     MSVCRT:MSVCRT.dll
 0002:00000194       __imp__DefWindowProcA@16   00461194     user32:USER32.dll
 0002:00000198       __imp__ShowCursor@4        00461198     user32:USER32.dll
 0002:0000019c       __imp__ReleaseCapture@0    0046119c     user32:USER32.dll
 0002:000001a0       __imp__ClipCursor@4        004611a0     user32:USER32.dll
 0002:000001a4       __imp__SetCursorPos@8      004611a4     user32:USER32.dll
 0002:000001a8       __imp__GetCursorPos@4      004611a8     user32:USER32.dll
 0002:000001ac       __imp__SetCursor@4         004611ac     user32:USER32.dll
 0002:000001b0       __imp__SetCapture@4        004611b0     user32:USER32.dll
 0002:000001b4       __imp__GetWindowRect@8     004611b4     user32:USER32.dll
 0002:000001b8       __imp__GetSystemMetrics@4  004611b8     user32:USER32.dll
 0002:000001bc       __imp__DispatchMessageA@4  004611bc     user32:USER32.dll
 0002:000001c0       __imp__TranslateMessage@4  004611c0     user32:USER32.dll
 0002:000001c4       __imp__PeekMessageA@20     004611c4     user32:USER32.dll
 0002:000001c8       __imp__MessageBoxA@16      004611c8     user32:USER32.dll
 0002:000001cc       __imp__CreateWindowExA@48  004611cc     user32:USER32.dll
 0002:000001d0       __imp__RegisterClassA@4    004611d0     user32:USER32.dll
 0002:000001d4       __imp__LoadCursorA@8       004611d4     user32:USER32.dll
 0002:000001d8       __imp__LoadIconA@8         004611d8     user32:USER32.dll
[...]
 0001:0005d6de       _start_input_pass          0045e6de f   lib:jddiffct.obj
 0001:0005d746       _start_iMCU_row            0045e746 f   lib:jddiffct.obj
 0001:0005d78b       _start_output_pass         0045e78b f   lib:jddiffct.obj
 0001:0005d797       _decompress_data           0045e797 f   lib:jddiffct.obj
 0001:0005d907       _process_restart           0045e907 f   lib:jddiffct.obj
 0001:000353cf       _dummy_consume_data        004363cf f   vid_dll.obj
 0001:0005d93c       _consume_data              0045e93c f   lib:jddiffct.obj
 0001:0005d9b3       _output_data               0045e9b3 f   lib:jddiffct.obj
 0001:0005d43a       _start_pass                0045e43a f   lib:jddctmgr.obj
 0001:0005c88c       _start_pass_phuff_decoder  0045d88c f   lib:jdphuff.obj
 0001:0005cad5       _decode_mcu_DC_first       0045dad5 f   lib:jdphuff.obj
 0001:0005cccd       _process_restart           0045dccd f   lib:jdphuff.obj
 0001:0005cd3c       _decode_mcu_AC_first       0045dd3c f   lib:jdphuff.obj
 0001:0005cf5c       _decode_mcu_DC_refine      0045df5c f   lib:jdphuff.obj
 0001:0005d031       _decode_mcu_AC_refine      0045e031 f   lib:jdphuff.obj
 0001:0005c2d3       _start_pass_huff_decoder   0045d2d3 f   lib:jdshuff.obj
 0001:0005c40b       _decode_mcu                0045d40b f   lib:jdshuff.obj
 0001:0005c7bb       _process_restart           0045d7bb f   lib:jdshuff.obj
 0001:0005b6bc       _start_input_pass          0045c6bc f   lib:jdcoefct.obj
 0001:0005b6cf       _start_iMCU_row            0045c6cf f   lib:jdcoefct.obj
 0001:0005b714       _start_output_pass         0045c714 f   lib:jdcoefct.obj
 0001:0005b751       _decompress_onepass        0045c751 f   lib:jdcoefct.obj
 0001:000353cf       _dummy_consume_data        004363cf f   vid_dll.obj
 0001:0005b92a       _consume_data              0045c92a f   lib:jdcoefct.obj
 0001:0005bae3       _decompress_data           0045cae3 f   lib:jdcoefct.obj
 0001:0005bc4f       _smoothing_ok              0045cc4f f   lib:jdcoefct.obj
 0001:0005bd3a       _decompress_smooth_data    0045cd3a f   lib:jdcoefct.obj
 0001:0005b555       _scaler_start_pass         0045c555 f   lib:jcscale.obj
 0001:0005b578       _simple_downscale          0045c578 f   lib:jcscale.obj
 0001:0005b5a4       _noscale                   0045c5a4 f   lib:jcscale.obj
 0001:0005b04d       _start_pass                0045c04d f   lib:jcpred.obj
 0001:0005b0a5       _reset_predictor           0045c0a5 f   lib:jcpred.obj
 0001:0005b0d2       _jpeg_difference_first_row 0045c0d2 f   lib:jcpred.obj
 0001:0005b1bc       _jpeg_difference1          0045c1bc f   lib:jcpred.obj
 0001:0005b22a       _jpeg_difference2          0045c22a f   lib:jcpred.obj
 0001:0005b29b       _jpeg_difference3          0045c29b f   lib:jcpred.obj
 0001:0005b313       _jpeg_difference4          0045c313 f   lib:jcpred.obj
 0001:0005b39e       _jpeg_difference5          0045c39e f   lib:jcpred.obj
 0001:0005b431       _jpeg_difference6          0045c431 f   lib:jcpred.obj
 0001:0005b4c0       _jpeg_difference7          0045c4c0 f   lib:jcpred.obj
 0001:0005a93c       _start_pass_huff           0045b93c f   lib:jclhuff.obj
 0001:0005aad9       _encode_mcus_huff          0045bad9 f   lib:jclhuff.obj
 0001:0005acc4       _emit_bits                 0045bcc4 f   lib:jclhuff.obj
 0001:0005ad67       _dump_buffer               0045bd67 f   lib:jclhuff.obj
 0001:0005ad8b       _emit_restart              0045bd8b f   lib:jclhuff.obj
 0001:0005add6       _flush_bits                0045bdd6 f   lib:jclhuff.obj
 0001:0005adfa       _finish_pass_huff          0045bdfa f   lib:jclhuff.obj
 0001:0005ae67       _encode_mcus_gather        0045be67 f   lib:jclhuff.obj
 0001:0005af90       _finish_pass_gather        0045bf90 f   lib:jclhuff.obj
 0001:0005b026       _need_optimization_pass    0045c026 f   lib:jclhuff.obj
 0001:0005a55c       _start_pass_diff           0045b55c f   lib:jcdiffct.obj
 0001:00058865       _start_iMCU_row            00459865 f   lib:jccoefct.obj
 0001:0005a5fa       _compress_data             0045b5fa f   lib:jcdiffct.obj
 0001:0005a790       _compress_first_pass       0045b790 f   lib:jcdiffct.obj
 0001:0005a885       _compress_output           0045b885 f   lib:jcdiffct.obj
 0001:0005a16f       _start_pass_fdctmgr        0045b16f f   lib:jcdctmgr.obj
 0001:0005a271       _forward_DCT_float         0045b271 f   lib:jcdctmgr.obj
 0001:000596a4       _start_pass_phuff          0045a6a4 f   lib:jcphuff.obj
 0001:00059811       _encode_mcu_DC_first       0045a811 f   lib:jcphuff.obj
 0001:00059943       _emit_bits                 0045a943 f   lib:jcphuff.obj
 0001:000599ee       _dump_buffer               0045a9ee f   lib:jcphuff.obj
 0001:00059a26       _emit_symbol               0045aa26 f   lib:jcphuff.obj
 0001:00059a66       _emit_restart              0045aa66 f   lib:jcphuff.obj
 0001:00059aef       _emit_eobrun               0045aaef f   lib:jcphuff.obj
 0001:00059b75       _encode_mcu_AC_first       0045ab75 f   lib:jcphuff.obj
 0001:00059d09       _encode_mcu_DC_refine      0045ad09 f   lib:jcphuff.obj
 0001:00059dc3       _encode_mcu_AC_refine      0045adc3 f   lib:jcphuff.obj
 0001:00059fda       _finish_pass_phuff         0045afda f   lib:jcphuff.obj
 0001:0005a029       _finish_pass_gather_phuff  0045b029 f   lib:jcphuff.obj
 0001:0005a0ec       _need_optimization_pass    0045b0ec f   lib:jcphuff.obj
 0001:00058e3f       _start_pass_huff           00459e3f f   lib:jcshuff.obj
 0001:00058fb4       _encode_mcu_huff           00459fb4 f   lib:jcshuff.obj
 0001:000590bf       _encode_one_block          0045a0bf f   lib:jcshuff.obj
 0001:00059236       _emit_bits                 0045a236 f   lib:jcshuff.obj
 0001:000592d9       _dump_buffer               0045a2d9 f   lib:jcshuff.obj
 0001:000592fd       _emit_restart              0045a2fd f   lib:jcshuff.obj
 0001:0005936a       _flush_bits                0045a36a f   lib:jcshuff.obj
 0001:0005938e       _finish_pass_huff          0045a38e f   lib:jcshuff.obj
 0001:000593fd       _encode_mcu_gather         0045a3fd f   lib:jcshuff.obj
 0001:000594b3       _htest_one_block           0045a4b3 f   lib:jcshuff.obj
 0001:0005957a       _finish_pass_gather        0045a57a f   lib:jcshuff.obj
 0001:0005b026       _need_optimization_pass    0045c026 f   lib:jclhuff.obj
 0001:000587d0       _start_pass_coef           004597d0 f   lib:jccoefct.obj
 0001:00058865       _start_iMCU_row            00459865 f   lib:jccoefct.obj
 0001:000588a7       _compress_data             004598a7 f   lib:jccoefct.obj
 0001:00058a8e       _compress_first_pass       00459a8e f   lib:jccoefct.obj
 0001:00058c74       _compress_output           00459c74 f   lib:jccoefct.obj
 0001:000586e8       _calc_output_dimensions    004596e8 f   lib:jdlossls.obj
 0001:000586f9       _start_input_pass          004596f9 f   lib:jdlossls.obj
 0001:00058427       _calc_output_dimensions    00459427 f   lib:jdlossy.obj
 0001:0005859a       _start_input_pass          0045959a f   lib:jdlossy.obj
 0001:000585ba       _latch_quant_tables        004595ba f   lib:jdlossy.obj
 0001:00058652       _start_output_pass         00459652 f   lib:jdlossy.obj
 0001:00058376       _start_pass                00459376 f   lib:jclossls.obj
 0001:000582e2       _start_pass                004592e2 f   lib:jclossy.obj
 0001:00057837       _initial_setup             00458837 f   lib:jcmaster.obj
 0001:000579ea       _validate_script           004589ea f   lib:jcmaster.obj
 0001:00057dc2       _prepare_for_pass          00458dc2 f   lib:jcmaster.obj
 0001:00057f3a       _select_scan_parameters    00458f3a f   lib:jcmaster.obj
 0001:0005803b       _per_scan_setup            0045903b f   lib:jcmaster.obj
 0001:000581e6       _pass_startup              004591e6 f   lib:jcmaster.obj
 0001:0005820d       _finish_pass_master        0045920d f   lib:jcmaster.obj
 0001:00057323       _rgb_ycc_start             00458323 f   lib:jccolor.obj
 0001:000573e7       _rgb_ycc_convert           004583e7 f   lib:jccolor.obj
 0001:000574e6       _rgb_gray_convert          004584e6 f   lib:jccolor.obj
 0001:0005756b       _cmyk_ycck_convert         0045856b f   lib:jccolor.obj
 0001:000576a3       _grayscale_convert         004586a3 f   lib:jccolor.obj
 0001:000576fd       _null_convert              004586fd f   lib:jccolor.obj
 0001:000353f5       _null_method               004363f5 f   vid_dll.obj
 0001:000353f5       _start_pass_downsample     004363f5 f   vid_dll.obj
 0001:00056a6f       _sep_downsample            00457a6f f   lib:jcsample.obj
 0001:00056ae4       _int_downsample            00457ae4 f   lib:jcsample.obj
 0001:00056bdc       _expand_right_edge         00457bdc f   lib:jcsample.obj
 0001:00056c31       _fullsize_downsample       00457c31 f   lib:jcsample.obj
 0001:00056c75       _h2v1_downsample           00457c75 f   lib:jcsample.obj
 0001:00056d09       _h2v2_downsample           00457d09 f   lib:jcsample.obj
 0001:00056db6       _h2v2_smooth_downsample    00457db6 f   lib:jcsample.obj
 0001:0005702e       _fullsize_smooth_downsample 0045802e f   lib:jcsample.obj
 0001:0005646b       _start_pass_prep           0045746b f   lib:jcprepct.obj
 0001:000564a9       _pre_process_data          004574a9 f   lib:jcprepct.obj
 0001:00056657       _pre_process_context       00457657 f   lib:jcprepct.obj
 0001:00056810       _create_context_buffer     00457810 f   lib:jcprepct.obj
 0001:000562e3       _start_pass_main           004572e3 f   lib:jcmainct.obj
 0001:00056325       _process_data_simple_main  00457325 f   lib:jcmainct.obj
 0001:000558b9       _create_colormap           004568b9 f   lib:jquant1.obj
 0001:000559eb       _select_ncolors            004569eb f   lib:jquant1.obj
 0001:00055ac2       _create_colorindex         00456ac2 f   lib:jquant1.obj
 0001:00055bee       _alloc_fs_workspace        00456bee f   lib:jquant1.obj
 0001:00055c2a       _start_pass_1_quant        00456c2a f   lib:jquant1.obj
 0001:00055cf6       _create_odither_tables     00456cf6 f   lib:jquant1.obj
 0001:00055d55       _make_odither_array        00456d55 f   lib:jquant1.obj
 0001:00055db8       _color_quantize            00456db8 f   lib:jquant1.obj
 0001:00055e43       _color_quantize3           00456e43 f   lib:jquant1.obj
 0001:00055ed1       _quantize_ord_dither       00456ed1 f   lib:jquant1.obj
 0001:00055fbc       _quantize3_ord_dither      00456fbc f   lib:jquant1.obj
 0001:000560bc       _quantize_fs_dither        004570bc f   lib:jquant1.obj
 0001:000353f5       _finish_pass_1_quant       004363f5 f   vid_dll.obj
 0001:00056240       _new_color_map_1_quant     00457240 f   lib:jquant1.obj
 0001:0005487a       _init_error_limit          0045587a f   lib:jquant2.obj
 0001:00054919       _start_pass_2_quant        00455919 f   lib:jquant2.obj
 0001:00054a1b       _prescan_quantize          00455a1b f   lib:jquant2.obj
 0001:00054a8a       _pass2_no_dither           00455a8a f   lib:jquant2.obj
 0001:00054b37       _fill_inverse_cmap         00455b37 f   lib:jquant2.obj
 0001:00054c02       _find_nearby_colors        00455c02 f   lib:jquant2.obj
 0001:00054da6       _find_best_colors          00455da6 f   lib:jquant2.obj
 0001:00054ec0       _pass2_fs_dither           00455ec0 f   lib:jquant2.obj
 0001:0005512f       _finish_pass1              0045612f f   lib:jquant2.obj
 0001:00055151       _select_colors             00456151 f   lib:jquant2.obj
 0001:000551dd       _update_box                004561dd f   lib:jquant2.obj
 0001:00055577       _median_cut                00456577 f   lib:jquant2.obj
 0001:0005568b       _find_biggest_color_pop    0045668b f   lib:jquant2.obj
 0001:000556ba       _find_biggest_volume       004566ba f   lib:jquant2.obj
 0001:000556e3       _compute_color             004566e3 f   lib:jquant2.obj
 0001:000353f5       _finish_pass2              004363f5 f   vid_dll.obj
 0001:0005581f       _new_color_map_2_quant     0045681f f   lib:jquant2.obj
 0001:00054291       _build_ycc_rgb_table       00455291 f   lib:jdmerge.obj
 0001:00054341       _start_pass_merged_upsample 00455341 f   lib:jdmerge.obj
 0001:00054356       _merged_2v_upsample        00455356 f   lib:jdmerge.obj
 0001:000543fd       _merged_1v_upsample        004553fd f   lib:jdmerge.obj
 0001:0005442e       _h2v1_merged_upsample      0045542e f   lib:jdmerge.obj
 0001:00054584       _h2v2_merged_upsample      00455584 f   lib:jdmerge.obj
 0001:00053e35       _build_ycc_rgb_table       00454e35 f   lib:jdcolor.obj
 0001:00053ee5       _ycc_rgb_convert           00454ee5 f   lib:jdcolor.obj
 0001:00053ff3       _null_convert              00454ff3 f   lib:jdcolor.obj
 0001:0005406b       _grayscale_convert         0045506b f   lib:jdcolor.obj
 0001:0005408e       _gray_rgb_convert          0045508e f   lib:jdcolor.obj
 0001:000540e7       _ycck_cmyk_convert         004550e7 f   lib:jdcolor.obj
 0001:000353f5       _start_pass_dcolor         004363f5 f   vid_dll.obj
 0001:00053896       _start_pass_upsample       00454896 f   lib:jdsample.obj
 0001:000538b0       _sep_upsample              004548b0 f   lib:jdsample.obj
 0001:0005397d       _fullsize_upsample         0045497d f   lib:jdsample.obj
 0001:00053988       _noop_upsample             00454988 f   lib:jdsample.obj
 0001:00053990       _int_upsample              00454990 f   lib:jdsample.obj
 0001:00053a7a       _h2v1_upsample             00454a7a f   lib:jdsample.obj
 0001:00053ad1       _h2v2_upsample             00454ad1 f   lib:jdsample.obj
 0001:00053b43       _h2v1_fancy_upsample       00454b43 f   lib:jdsample.obj
 0001:00053be6       _h2v2_fancy_upsample       00454be6 f   lib:jdsample.obj
 0001:0005349f       _start_pass_dpost          0045449f f   lib:jdpostct.obj
 0001:00053545       _post_process_1pass        00454545 f   lib:jdpostct.obj
 0001:000535aa       _post_process_prepass      004545aa f   lib:jdpostct.obj
 0001:0005363b       _post_process_2pass        0045463b f   lib:jdpostct.obj
 0001:00052ea6       _alloc_funny_pointers      00453ea6 f   lib:jdmainct.obj
 0001:00052f53       _start_pass_main           00453f53 f   lib:jdmainct.obj
 0001:00052fbb       _make_funny_pointers       00453fbb f   lib:jdmainct.obj
 0001:000530fb       _process_data_simple_main  004540fb f   lib:jdmainct.obj
 0001:00053163       _process_data_context_main 00454163 f   lib:jdmainct.obj
 0001:00053275       _set_wraparound_pointers   00454275 f   lib:jdmainct.obj
 0001:0005335f       _set_bottom_pointers       0045435f f   lib:jdmainct.obj
 0001:000533f9       _process_data_crank_post   004543f9 f   lib:jdmainct.obj
 0001:00051c18       _write_marker_header       00452c18 f   lib:jcmarker.obj
 0001:00051c6e       _emit_byte                 00452c6e f   lib:jcmarker.obj
 0001:00051c9f       _write_marker_byte         00452c9f f   lib:jcmarker.obj
 0001:00051caf       _write_file_header         00452caf f   lib:jcmarker.obj
 0001:00051cfb       _emit_jfif_app0            00452cfb f   lib:jcmarker.obj
 0001:00051dce       _emit_adobe_app14          00452dce f   lib:jcmarker.obj
 0001:00051e74       _write_frame_header        00452e74 f   lib:jcmarker.obj
 0001:00051f53       _emit_dqt                  00452f53 f   lib:jcmarker.obj
 0001:00052042       _emit_sof                  00453042 f   lib:jcmarker.obj
 0001:0005211e       _write_scan_header         0045311e f   lib:jcmarker.obj
 0001:000521de       _emit_dht                  004531de f   lib:jcmarker.obj
 0001:000522b7       _emit_dri                  004532b7 f   lib:jcmarker.obj
 0001:00052306       _emit_sos                  00453306 f   lib:jcmarker.obj
 0001:000523f4       _write_file_trailer        004533f4 f   lib:jcmarker.obj
 0001:00052414       _write_tables_only         00453414 f   lib:jcmarker.obj
 0001:0005176d       _use_merged_upsample       0045276d f   lib:jdmaster.obj
 0001:00051813       _master_selection          00452813 f   lib:jdmaster.obj
 0001:00051970       _prepare_range_limit_table 00452970 f   lib:jdmaster.obj
 0001:000519f6       _prepare_for_output_pass   004529f6 f   lib:jdmaster.obj
 0001:00051b17       _finish_output_pass        00452b17 f   lib:jdmaster.obj
 0001:00050be4       _alloc_small               00451be4 f   lib:jmemmgr.obj
 0001:00050d02       _alloc_large               00451d02 f   lib:jmemmgr.obj
 0001:00050db3       _alloc_sarray              00451db3 f   lib:jmemmgr.obj
 0001:00050e4b       _alloc_barray              00451e4b f   lib:jmemmgr.obj
 0001:00050eef       _alloc_darray              00451eef f   lib:jmemmgr.obj
 0001:00050f9a       _request_virt_sarray       00451f9a f   lib:jmemmgr.obj
 0001:00050ffb       _request_virt_barray       00451ffb f   lib:jmemmgr.obj
 0001:0005105c       _realize_virt_arrays       0045205c f   lib:jmemmgr.obj
 0001:000511df       _access_virt_sarray        004521df f   lib:jmemmgr.obj
 0001:000512ff       _do_sarray_io              004522ff f   lib:jmemmgr.obj
 0001:0005138f       _access_virt_barray        0045238f f   lib:jmemmgr.obj
 0001:000514b4       _do_barray_io              004524b4 f   lib:jmemmgr.obj
 0001:00051545       _free_pool                 00452545 f   lib:jmemmgr.obj
 0001:0005162c       _self_destruct             0045262c f   lib:jmemmgr.obj
 0001:0005067e       _start_input_pass          0045167e f   lib:jdinput.obj
 0001:000506ac       _per_scan_setup            004516ac f   lib:jdinput.obj
 0001:00050832       _finish_input_pass         00451832 f   lib:jdinput.obj
 0001:00050843       _consume_markers           00451843 f   lib:jdinput.obj
 0001:000508df       _initial_setup             004518df f   lib:jdinput.obj
 0001:00050ae9       _reset_input_controller    00451ae9 f   lib:jdinput.obj
 0001:00050437       _fixedtables               00451437 f   lib:inflate.obj
 0001:00050521       _updatewindow              00451521 f   lib:inflate.obj
 0001:0004ee97       _make_crc_table            0044fe97 f   lib:crc32.obj
 0001:0004efc3       _crc32_little              0044ffc3 f   lib:crc32.obj
 0001:0004edd3       _init_destination          0044fdd3 f   lib:jdatadst.obj
 0001:0004edf9       _empty_output_buffer       0044fdf9 f   lib:jdatadst.obj
 0001:0004ee3b       _term_destination          0044fe3b f   lib:jdatadst.obj
 0001:0004e95a       _std_huff_tables           0044f95a f   lib:jcparam.obj
 0001:0004e9b4       _add_huff_table            0044f9b4 f   lib:jcparam.obj
 0001:0004cea7       _next_marker               0044dea7 f   lib:jdmarker.obj
 0001:0004cfe1       _get_interesting_appn      0044dfe1 f   lib:jdmarker.obj
 0001:0004d10c       _examine_app0              0044e10c f   lib:jdmarker.obj
 0001:0004d31a       _examine_app14             0044e31a f   lib:jdmarker.obj
 0001:0004d3db       _skip_variable             0044e3db f   lib:jdmarker.obj
 0001:0004d47e       _read_markers              0044e47e f   lib:jdmarker.obj
 0001:0004d686       _get_soi                   0044e686 f   lib:jdmarker.obj
 0001:0004d731       _get_sof                   0044e731 f   lib:jdmarker.obj
 0001:0004da3a       _get_sos                   0044ea3a f   lib:jdmarker.obj
 0001:0004dd28       _get_dht                   0044ed28 f   lib:jdmarker.obj
 0001:0004dfc9       _get_dqt                   0044efc9 f   lib:jdmarker.obj
 0001:0004e225       _get_dri                   0044f225 f   lib:jdmarker.obj
 0001:0004e304       _first_marker              0044f304 f   lib:jdmarker.obj
 0001:0004e3a0       _read_restart_marker       0044f3a0 f   lib:jdmarker.obj
 0001:0004e41e       _reset_marker_reader       0044f41e f   lib:jdmarker.obj
 0001:0004cc8b       _output_pass_setup         0044dc8b f   lib:jdapistd.obj
 0001:0004c97e       _default_decompress_parms  0044d97e f   lib:jdapimin.obj

 71 bytes saved through ICF

