 Quake2

 Timestamp is 45545acc (Fri Nov 10 13:56:12 2006)

 Preferred load address is 00400000

 Start         Length     Name                   Class
 0001:00000000 00063910H .text                   CODE
 0001:00063910 00000087H .text$yc                CODE
 0001:00063997 0000005aH .text$yd                CODE
 0002:00000000 000002acH .idata$5                DATA
 0002:000002b0 00014bd4H .rdata                  DATA
 0002:00014e84 00000044H .rdata$r                DATA
 0002:00014ec8 00000004H .rtc$IAA                DATA
 0002:00014ecc 00000004H .rtc$IZZ                DATA
 0002:00014ed0 00000004H .rtc$TAA                DATA
 0002:00014ed4 00000004H .rtc$TZZ                DATA
 0002:00014ed8 00000034H .xdata$x                DATA
 0002:00014f0c 00000078H .idata$2                DATA
 0002:00014f84 00000014H .idata$3                DATA
 0002:00014f98 000002acH .idata$4                DATA
 0002:00015244 000008b6H .idata$6                DATA
 0002:00015afa 00000000H .edata                  DATA
 0003:00000000 00000004H .CRT$XCA                DATA
 0003:00000004 00000020H .CRT$XCU                DATA
 0003:00000024 00000004H .CRT$XCZ                DATA
 0003:00000028 00000004H .CRT$XIA                DATA
 0003:0000002c 00000004H .CRT$XIZ                DATA
 0003:00000030 000084ecH .data                   DATA
 0003:00008520 004541f8H .bss                    DATA
 0004:00000000 00000130H .rsrc$01                DATA
 0004:00000130 00003f20H .rsrc$02                DATA

  Address         Publics by Value              Rva+Base     Lib:Object

 0000:00000000       ___safe_se_handler_count   00000000     <absolute>
 0000:00000000       __except_list              00000000     <absolute>
 0000:00000000       ___safe_se_handler_table   00000000     <absolute>
 0000:00009876       __fltused                  00009876     <absolute>
 0000:00009876       __ldused                   00009876     <absolute>
 0001:00000000       ??3@YAXPAX@Z               00401000 f i CoreMain.obj
 0001:00000009       ?appTimestamp@@YAPBDXZ     00401009 f   CoreMain.obj
 0001:00000046       ?appInit@@YAXXZ            00401046 f   CoreMain.obj
 0001:0000009c       ?appExit@@YAXXZ            0040109c f   CoreMain.obj
 0001:000000a6       ?appMilliseconds@@YAIXZ    004010a6 f   CoreWin32.obj
 0001:000000ac       ?appGetSystemErrorMessage@@YAPBDI@Z 004010ac f   CoreWin32.obj
 0001:00000110       ?appShutdownPlatform@@YAXXZ 00401110 f   CoreWin32.obj
 0001:00000119       ?sprintf@?$TString@$0BAA@@@QAAHPBDZZ 00401119 f i CoreWin32.obj
 0001:00000136       ??4?$TString@$0BAA@@@QAEAAV0@PBD@Z 00401136 f i CoreWin32.obj
 0001:00000280       ?appPackage@@YAPBDXZ       00401280 f   CoreWin32.obj
 0001:000002d1       ?appDisplayError@@YAXXZ    004012d1 f   CoreWin32.obj
 0001:00000322       ?appInitPlatform@@YAXXZ    00401322 f   CoreWin32.obj
 0001:00000617       ?appDetectCPU@@YAXXZ       00401617 f   CoreCpuid.obj
 0001:00000621       ??4?$TString@$0CA@@@QAEAAV0@PBD@Z 00401621 f i DbgSymbols.obj
 0001:0000063d       ??$ReadString@$0BAA@@CFile@@QAEXAAV?$TString@$0BAA@@@@Z 0040163d f i DbgSymbols.obj
 0001:00000651       ?appSymbolName@@YA_NIPADH@Z 00401651 f   DbgSymbols.obj
 0001:0000073e       ?appSymbolName@@YAPBDI@Z   0040173e f   DbgSymbols.obj
 0001:00000776       ?appLoadDebugSymbols@@YAXXZ 00401776 f   DbgSymbols.obj
 0001:000008c1       ?osGetAddressPackage@@YA_NIPADHAAH@Z 004018c1 f   DbgSymbolsWin32.obj
 0001:00000959       ?osGetAddressSymbol@@YA_NIPADHAAH@Z 00401959 f   DbgSymbolsWin32.obj
 0001:00000a93       ?Link@FMemHeader@@QAEXXZ   00401a93 f i Memory.obj
 0001:00000ab2       ?Unlink@FMemHeader@@QAEXXZ 00401ab2 f i Memory.obj
 0001:00000add       ?Link@CMemoryChain@@AAEXXZ 00401add f   Memory.obj
 0001:00000afc       ?Unlink@CMemoryChain@@AAEXXZ 00401afc f   Memory.obj
 0001:00000b27       ??3CMemoryChain@@SAXPAX@Z  00401b27 f   Memory.obj
 0001:00000b86       ?GetSize@CMemoryChain@@QAEHXZ 00401b86 f   Memory.obj
 0001:00000bce       ??$Sign@H@@YAHH@Z          00401bce f i Memory.obj
 0001:00000be6       ?appFree@@YAXPAX@Z         00401be6 f   Memory.obj
 0001:00000c43       ??2CMemoryChain@@SAPAXIH@Z 00401c43 f   Memory.obj
 0001:00000cf0       ?Alloc@CMemoryChain@@QAEPAXIH@Z 00401cf0 f   Memory.obj
 0001:00000d97       ?BuildAllocatorsTable@@YAHPAXH@Z 00401d97 f   Memory.obj
 0001:0000118e       ?appMalloc@@YAPAXIH@Z      0040218e f   Memory.obj
 0001:000012ec       ?appInitMemory@@YAXXZ      004022ec f   Memory.obj
 0001:00001334       ?Flush@COutputDevice@@UAEXXZ 00402334 f i OutputDevice.obj
 0001:00001334       ?Close@COutputDevice@@UAEXXZ 00402334 f i OutputDevice.obj
 0001:00001334       _jpeg_mem_term             00402334 f i libs-vc-win32:jmemnobs.obj
 0001:00001334       ?Show@CSunLight@OpenGLDrv@@UBEXXZ 00402334 f i gl_bspmodel.obj
 0001:00001335       ?DrawLabel@model_t@OpenGLDrv@@UAEXPAUrefEntity_t@2@@Z 00402335 f i gl_frontend.obj
 0001:00001335       ?Write@COutputDeviceNull@@UAEXPBD@Z 00402335 f i OutputDevice.obj
 0001:00001338       ??_GCOutputDeviceWin32Console@@UAEPAXI@Z 00402338 f i sys_win.obj
 0001:00001338       ??_ECOutputDeviceNull@@UAEPAXI@Z 00402338 f i OutputDevice.obj
 0001:00001338       ??_ECOutputDeviceLog@@UAEPAXI@Z 00402338 f i OutputDevice.obj
 0001:00001338       ??_GCOutputDeviceLog@@UAEPAXI@Z 00402338 f i OutputDevice.obj
 0001:00001338       ??_ECOutputDeviceWin32Console@@UAEPAXI@Z 00402338 f i sys_win.obj
 0001:00001338       ??_GCOutputDevice@@UAEPAXI@Z 00402338 f i OutputDevice.obj
 0001:00001338       ??_GCOutputDeviceNull@@UAEPAXI@Z 00402338 f i OutputDevice.obj
 0001:00001338       ??_ECOutputDevice@@UAEPAXI@Z 00402338 f i OutputDevice.obj
 0001:00001358       ?Printf@COutputDevice@@QAAXPBDZZ 00402358 f   OutputDevice.obj
 0001:000013c3       ?Register@COutputDevice@@QAEXXZ 004023c3 f   OutputDevice.obj
 0001:0000141c       ?Unregister@COutputDevice@@QAEXXZ 0040241c f   OutputDevice.obj
 0001:0000146b       ?appPrintf@@YAXPBDZZ       0040246b f   OutputDevice.obj
 0001:00001591       ?appWPrintf@@YAXPBDZZ      00402591 f   OutputDevice.obj
 0001:000015da       ?Write@COutputDeviceLog@@UAEXPBD@Z 004025da f i OutputDevice.obj
 0001:0000160e       ?Write@COutputDeviceFile@@UAEXPBD@Z 0040260e f i ErrorMgr.obj
 0001:00001665       ?Flush@COutputDeviceFile@@UAEXXZ 00402665 f i ErrorMgr.obj
 0001:00001675       ?Open@COutputDeviceFile@@QAEXPBD_N@Z 00402675 f i ErrorMgr.obj
 0001:000016bb       ?Close@COutputDeviceFile@@UAEXXZ 004026bb f i ErrorMgr.obj
 0001:000016d3       ??1COutputDeviceMemTail@@UAE@XZ 004026d3 f i ErrorMgr.obj
 0001:000016f2       ?GetTail@COutputDeviceMemTail@@QAEPBDH@Z 004026f2 f i ErrorMgr.obj
 0001:0000171c       ?Write@COutputDeviceMemTail@@UAEXPBD@Z 0040271c f i ErrorMgr.obj
 0001:00001838       ??_ECOutputDeviceMemTail@@UAEPAXI@Z 00402838 f i ErrorMgr.obj
 0001:00001838       ??_GCOutputDeviceMemTail@@UAEPAXI@Z 00402838 f i ErrorMgr.obj
 0001:00001857       ?appGetErrorLog@@YAPAVCOutputDevice@@XZ 00402857 f   ErrorMgr.obj
 0001:000018c2       ??Y?$TString@$0IAA@@@QAEAAV0@PBD@Z 004028c2 f i ErrorMgr.obj
 0001:000018e0       ?sprintf@?$TString@$0CAA@@@QAAHPBDZZ 004028e0 f i ErrorMgr.obj
 0001:000018fd       ??1COutputDeviceFile@@UAE@XZ 004028fd f i ErrorMgr.obj
 0001:0000191a       ??_ECOutputDeviceFile@@UAEPAXI@Z 0040291a f i ErrorMgr.obj
 0001:0000191a       ??_GCOutputDeviceFile@@UAEPAXI@Z 0040291a f i ErrorMgr.obj
 0001:00001939       ?appBeginError@@YAPAVCOutputDevice@@PBD@Z 00402939 f   ErrorMgr.obj
 0001:00001a59       ?appFatalError@@YAXPBDZZ   00402a59 f   ErrorMgr.obj
 0001:00001ab0       ?appNonFatalError@@YAXPBDZZ 00402ab0 f   ErrorMgr.obj
 0001:00001b12       ?appUnwindPrefix@@YAXPBD@Z 00402b12 f   ErrorMgr.obj
 0001:00001b56       ?appUnwindThrow@@YAXPBDZZ  00402b56 f   ErrorMgr.obj
 0001:00001bc6       ?Reset@CErrorHandler@@QAEXXZ 00402bc6 f   ErrorMgr.obj
 0001:00001c99       ?appInitError@@YAXXZ       00402c99 f   ErrorMgr.obj
 0001:00001cc9       ?appShutdownError@@YAXXZ   00402cc9 f   ErrorMgr.obj
 0001:00001d42       ?sprintf@?$TString@$0EAA@@@QAAHPBDZZ 00402d42 f i ExceptHandlerWin32.obj
 0001:00001d5f       ?win32ExceptFilter@@YGJPAU_EXCEPTION_POINTERS@@@Z 00402d5f f   ExceptHandlerWin32.obj
 0001:00001ec1       ?win32ExceptFilter2@@YAIXZ 00402ec1 f   ExceptHandlerWin32.obj
 0001:00001f57       ?DumpRegs@@YAXPAVCOutputDevice@@PAU_CONTEXT@@@Z 00402f57 f   ExceptDumpers.obj
 0001:00002060       ?DumpMem@@YAXPAVCOutputDevice@@PBIPAU_CONTEXT@@@Z 00403060 f   ExceptDumpers.obj
 0001:000021e9       ?UnwindEbpFrame@@YAXPAVCOutputDevice@@PBI@Z 004031e9 f   ExceptDumpers.obj
 0001:0000227e       ?GetLine@CSimpleParser@@QAEPBDXZ 0040327e f   ScriptParser.obj
 0001:00002392       ?SkipBraces@CSimpleParser@@QAEPBDXZ 00403392 f   ScriptParser.obj
 0001:000023c6       ?toLower@@YADD@Z           004033c6 f i Strings.obj
 0001:000023e1       ?appStricmp@@YAHPBD0@Z     004033e1 f   Strings.obj
 0001:0000241c       ?appStrncpylwr@@YAXPADPBDH@Z 0040341c f   Strings.obj
 0001:0000244e       ?appStrncpyz@@YAXPADPBDH@Z 0040344e f   Strings.obj
 0001:00002473       ?appStrcatn@@YAXPADHPBD@Z  00403473 f   Strings.obj
 0001:0000249f       ?appCopyFilename@@YAXPADPBDH@Z 0040349f f   Strings.obj
 0001:000025a6       ?appCStrlen@@YAHPBD@Z      004035a6 f   Strings.obj
 0001:000025ce       ?appUncolorizeString@@YAXPADPBD@Z 004035ce f   Strings.obj
 0001:00002600       ?va@@YAPBDPBDZZ            00403600 f   Strings.obj
 0001:000026cf       ?appSprintf@@YAHPADHPBDZZ  004036cf f   Strings.obj
 0001:00002749       ?appIsWildcard@@YA_NPBD@Z  00403749 f   Strings.obj
 0001:00002775       ?appStrdup@@YAPADPBD@Z     00403775 f   Strings.obj
 0001:000027b6       ?appStrdup@@YAPADPBDPAVCMemoryChain@@@Z 004037b6 f   Strings.obj
 0001:000027eb       ??0CStringItem@@QAE@XZ     004037eb f   Strings.obj
 0001:000027f6       ??2CStringItem@@SAPAXIPBDPAVCMemoryChain@@@Z 004037f6 f   Strings.obj
 0001:00002849       ?Find@CStringList@@IAEPAVCStringItem@@PBDPAPAV2@@Z 00403849 f   Strings.obj
 0001:000028b2       ?Find@CStringList@@IAEPAVCStringItem@@H@Z 004038b2 f   Strings.obj
 0001:000028fc       ?IndexOf@CStringList@@QAEHPBD@Z 004038fc f   Strings.obj
 0001:0000295c       ?Remove@CStringList@@QAE_NPAVCStringItem@@@Z 0040395c f   Strings.obj
 0001:000029be       ?appMatchWildcard@@YA_NPBD0_N@Z 004039be f   Strings.obj
 0001:00002b8d       ??2CStringItem@@SAPAXIPBD@Z 00403b8d f   Strings.obj
 0001:00002c05       ?Enumerate@CTextContainer@@QAEXP6AXPBUCTextRec@@@Z@Z 00403c05 f   TextContainer.obj
 0001:00002c4f       ?Add@CTextContainer@@QAEPAUCTextRec@@PBD@Z 00403c4f f   TextContainer.obj
 0001:00002cf9       ??_ECFile@@UAEPAXI@Z       00403cf9 f i FileSystem.obj
 0001:00002cf9       ??_GCFile@@UAEPAXI@Z       00403cf9 f i FileSystem.obj
 0001:00002d19       ??_ECFileContainer@@UAEPAXI@Z 00403d19 f i FileSystem.obj
 0001:00002d19       ??_ECFileContainerOS@@UAEPAXI@Z 00403d19 f i FileSystem.obj
 0001:00002d19       ??_GCFileContainer@@UAEPAXI@Z 00403d19 f i FileSystem.obj
 0001:00002d19       ??_GCFileContainerOS@@UAEPAXI@Z 00403d19 f i FileSystem.obj
 0001:00002d39       ??0CFileContainer@@QAE@XZ  00403d39 f i FileSystem.obj
 0001:00002d4e       ??0CFileContainerOS@@QAE@XZ 00403d4e f i FileSystem.obj
 0001:00002d67       ?GetType@CFileContainerOS@@MAEPBDXZ 00403d67 f i FileSystem.obj
 0001:00002d6d       ?FileExists@CFileContainerOS@@UAE_NPBD@Z 00403d6d f i FileSystem.obj
 0001:00002d97       ?List@CFileContainerOS@@UAEXAAVCFileList@@PBDI@Z 00403d97 f i FileSystem.obj
 0001:00002dda       ?SubtractPath@@YAPBDPBD0@Z 00403dda f   FileSystem.obj
 0001:00002e9b       ?Read@CFileOS@@UAEHPAXH@Z  00403e9b f i FileSystem.obj
 0001:00002ec2       ?GetSize@CFileOS@@UAEHXZ   00403ec2 f i FileSystem.obj
 0001:00002f0d       ?Eof@CFileOS@@UAE_NXZ      00403f0d f i FileSystem.obj
 0001:00002f21       ??_ECFileOS@@UAEPAXI@Z     00403f21 f i FileSystem.obj
 0001:00002f21       ??_GCFileOS@@UAEPAXI@Z     00403f21 f i FileSystem.obj
 0001:00002f56       ?ReadByte@CFile@@QAEEXZ    00403f56 f   FileSystem.obj
 0001:00002f6e       ?ReadInt@CFile@@QAEHXZ     00403f6e f   FileSystem.obj
 0001:00002f86       ?ReadString@CFile@@QAEXPADH@Z 00403f86 f   FileSystem.obj
 0001:00002fc1       ?GetType@CFileContainer@@MAEPBDXZ 00403fc1 f   FileSystem.obj
 0001:00002fc7       ?Umount@CFileSystem@@QAEXAAVCFileContainer@@@Z 00403fc7 f   FileSystem.obj
 0001:00002ff9       ?RegisterFormat@CFileSystem@@SAXP6APAVCFileContainer@@PBDPAU_iobuf@@@Z@Z 00403ff9 f   FileSystem.obj
 0001:00003126       ?filename@?$TString@$0BAA@@@QAEXPBD@Z 00404126 f i FileSystem.obj
 0001:0000313e       ??Y?$TString@$0BAA@@@QAEAAV0@PBD@Z 0040413e f i FileSystem.obj
 0001:0000315c       ?InsertAfter@?$TList@VFDirInfo@CFileContainerArc@@@@QAEXPAVFDirInfo@CFileContainerArc@@0@Z 0040415c f i FileContainerArc.obj
 0001:0000315c       ?InsertAfter@?$TList@VCAlias@@@@QAEXPAVCAlias@@0@Z 0040415c f i cmd.obj
 0001:0000315c       ?InsertAfter@?$TList@VshaderScript_t@OpenGLDrv@@@@QAEXPAVshaderScript_t@OpenGLDrv@@0@Z 0040415c f i gl_shader.obj
 0001:0000315c       ?InsertAfter@?$TList@VCSymbol@@@@QAEXPAVCSymbol@@0@Z 0040415c f i DbgSymbols.obj
 0001:0000315c       ?InsertAfter@?$TList@VCStringItem@@@@QAEXPAVCStringItem@@0@Z 0040415c f i cl_playermodel.obj
 0001:0000315c       ?InsertAfter@?$TList@VCFileItem@@@@QAEXPAVCFileItem@@0@Z 0040415c f i FileSystem.obj
 0001:0000315c       ?InsertAfter@?$TList@VCCommand@@@@QAEXPAVCCommand@@0@Z 0040415c f i cmd.obj
 0001:0000315c       ?InsertAfter@?$TList@VsurfMaterial_t@@@@QAEXPAVsurfMaterial_t@@0@Z 0040415c f i cmodel.obj
 0001:0000315c       ?InsertAfter@?$TList@VplayerModelInfo_t@@@@QAEXPAVplayerModelInfo_t@@0@Z 0040415c f i cl_playermodel.obj
 0001:00003182       ?filename@?$TString@$0EA@@@QAEXPBD@Z 00404182 f i FileSystem.obj
 0001:00003197       ?chr@?$TString@$0EA@@@QAEPADD@Z 00404197 f i FileSystem.obj
 0001:000031ac       ??4?$TString@$0EA@@@QAEAAV0@PBD@Z 004041ac f i FileSystem.obj
 0001:000031c8       ?Next@?$TList@VCFileContainer@@@@QAEPAVCFileContainer@@PBV2@@Z 004041c8 f i FileSystem.obj
 0001:000031e0       ?appMakeDirectoryForFile@@YAXPBD@Z 004041e0 f   FileSystem.obj
 0001:00003216       ?appOpenFile@@YAPAVCFile@@PBD@Z 00404216 f   FileSystem.obj
 0001:00003253       ?Mount@CFileSystem@@QAEXAAVCFileContainer@@PBD@Z 00404253 f   FileSystem.obj
 0001:0000329b       ?MountDirectory@CFileSystem@@QAEPAVCFileContainer@@PBD0@Z 0040429b f   FileSystem.obj
 0001:000032d2       ?MountArchive@CFileSystem@@QAEPAVCFileContainer@@PBD0@Z 004042d2 f   FileSystem.obj
 0001:000033c7       ?Umount@CFileSystem@@QAEXPBD@Z 004043c7 f   FileSystem.obj
 0001:00003462       ?List@CFileSystem@@UAEPAVCFileList@@PBDIPAV2@@Z 00404462 f   FileSystem.obj
 0001:000035e6       ?FileExists@CFileSystem@@UAE_NPBDI@Z 004045e6 f   FileSystem.obj
 0001:0000365d       ?OpenFile@CFileSystem@@UAEPAVCFile@@PBDI@Z 0040465d f   FileSystem.obj
 0001:000036f3       ?LoadFile@CFileSystem@@QAEPAXPBDPAI@Z 004046f3 f   FileSystem.obj
 0001:000037a1       ?cUmount@@YAX_NHPAPAD@Z    004047a1 f   FileSystem.obj
 0001:000039fc       ?OpenFile@CFileContainerOS@@UAEPAVCFile@@PBD@Z 004049fc f i FileSystem.obj
 0001:00003a1c       ?Mount@CFileSystem@@QAEXPBD0@Z 00404a1c f   FileSystem.obj
 0001:00003c2e       ?cMount@@YAX_NHPAPAD@Z     00404c2e f   FileSystem.obj
 0001:00003d39       ?appInitFileSystem@@YAXAAVCFileSystem@@@Z 00404d39 f   FileSystem.obj
 0001:00003dad       ?appFileType@@YAIPBD@Z     00404dad f   FileSystemWin32.obj
 0001:00003ded       ?appListDirectory@@YAXPBDAAVCFileList@@I@Z 00404ded f   FileSystemWin32.obj
 0001:00003fb7       ?appMakeDirectory@@YAXPBD@Z 00404fb7 f   FileSystemWin32.obj
 0001:00004018       ??E?$TStringSplitter@$0BAA@$0CP@@@QAEXXZ 00405018 f i FileContainerArc.obj
 0001:00004099       ??0FDirInfo@CFileContainerArc@@QAE@XZ 00405099 f i FileContainerArc.obj
 0001:000040ad       ??0?$TStringSplitter@$0BAA@$0CP@@@QAE@PBD@Z 004050ad f i FileContainerArc.obj
 0001:000040c8       ?FindDir@CFileContainerArc@@IAEPAVFDirInfo@1@PBD_N@Z 004050c8 f   FileContainerArc.obj
 0001:00004166       ?FindFile@CFileContainerArc@@IAEPAVCStringItem@@PBD@Z 00405166 f   FileContainerArc.obj
 0001:000041c9       ?FileExists@CFileContainerArc@@UAE_NPBD@Z 004051c9 f   FileContainerArc.obj
 0001:000041de       ?OpenFile@CFileContainerArc@@UAEPAVCFile@@PBD@Z 004051de f   FileContainerArc.obj
 0001:000041fd       ?List@CFileContainerArc@@UAEXAAVCFileList@@PBDI@Z 004051fd f   FileContainerArc.obj
 0001:00004354       _atan2f                    00405354 f i Math3D.obj
 0001:0000436f       ?atan2@@YAMMM@Z            0040536f f i Math3D.obj
 0001:00004388       ?sqrt@@YAMM@Z              00405388 f i Math3D.obj
 0001:00004399       ?Scale@CVec3@@QAEXM@Z      00405399 f i Math3D.obj
 0001:000043b9       ?dot@@YAMABUCVec3@@0@Z     004053b9 f i Math3D.obj
 0001:000043d8       ?VectorSubtract@@YAXABUCVec3@@0AAU1@@Z 004053d8 f i Math3D.obj
 0001:000043fe       ?VectorNegate@@YAXABUCVec3@@AAU1@@Z 004053fe f i Math3D.obj
 0001:00004426       ?VectorScale@@YAXABUCVec3@@MAAU1@@Z 00405426 f i Math3D.obj
 0001:0000444a       ?VectorMA@@YAXABUCVec3@@M0AAU1@@Z 0040544a f i Math3D.obj
 0001:00004479       ?VectorMA@@YAXAAUCVec3@@MABU1@@Z 00405479 f i Math3D.obj
 0001:000044a5       ?GetLength@CVec3@@QAEMXZ   004054a5 f   Math3D.obj
 0001:000044b7       ?Normalize@CVec3@@QAEMXZ   004054b7 f   Math3D.obj
 0001:000044fa       ?VectorNormalize@@YAMABUCVec3@@AAU1@@Z 004054fa f   Math3D.obj
 0001:00004557       ?NormalizeFast@CVec3@@QAEMXZ 00405557 f   Math3D.obj
 0001:0000458a       ?cross@@YAXABUCVec3@@0AAU1@@Z 0040558a f   Math3D.obj
 0001:000045c6       ?VectorDistance@@YAMABUCVec3@@0@Z 004055c6 f   Math3D.obj
 0001:000045e8       ?Setup@CPlane@@QAEXXZ      004055e8 f   Math3D.obj
 0001:000046ae       ?Clear@CBox@@QAEXXZ        004056ae f   Math3D.obj
 0001:000046cc       ?Expand@CBox@@QAEXABUCVec3@@@Z 004056cc f   Math3D.obj
 0001:00004702       ?Expand@CBox@@QAEXABU1@@Z  00405702 f   Math3D.obj
 0001:00004748       ?GetCenter@CBox@@QBEXAAUCVec3@@@Z 00405748 f   Math3D.obj
 0001:0000476b       ?Contains@CBox@@QBE_NABUCVec3@@@Z 0040576b f   Math3D.obj
 0001:000047a3       ?Intersects@CBox@@QBE_NABU1@@Z 004057a3 f   Math3D.obj
 0001:000047e4       ?OnPlaneSide@CBox@@QBEHABUCPlane@@@Z 004057e4 f   Math3D.obj
 0001:00004910       ?TransformVector@CAxis@@QBEXABUCVec3@@AAU2@@Z 00405910 f   Math3D.obj
 0001:0000494c       ?UnTransformVector@CAxis@@QBEXABUCVec3@@AAU2@@Z 0040594c f   Math3D.obj
 0001:000049a7       ?TransformAxis@CAxis@@QBEXABU1@AAU1@@Z 004059a7 f   Math3D.obj
 0001:000049ed       ?UnTransformAxis@CAxis@@QBEXABU1@AAU1@@Z 004059ed f   Math3D.obj
 0001:00004a33       ?TransformPoint@CCoords@@QBEXABUCVec3@@AAU2@@Z 00405a33 f   Math3D.obj
 0001:00004a9e       ?UnTransformPoint@CCoords@@QBEXABUCVec3@@AAU2@@Z 00405a9e f   Math3D.obj
 0001:00004afd       ?UnTransformCoords@CCoords@@QBEXABU1@AAU1@@Z 00405afd f   Math3D.obj
 0001:00004b29       ?TransformPlane@CCoords@@QBEXABUCPlane@@AAU2@@Z 00405b29 f   Math3D.obj
 0001:00004b5e       ?TransformPoint@@YAXABUCVec3@@ABUCAxis@@0AAU1@@Z 00405b5e f   Math3D.obj
 0001:00004bc7       ?UnTransformPoint@@YAXABUCVec3@@ABUCAxis@@0AAU1@@Z 00405bc7 f   Math3D.obj
 0001:00004c24       ?Euler2Vecs@@YAXABUCVec3@@PAU1@11@Z 00405c24 f   Math3D.obj
 0001:00004d90       ?Vec2Euler@@YAXABUCVec3@@AAU1@@Z 00405d90 f   Math3D.obj
 0001:00004ead       ?Vec2Yaw@@YAMABUCVec3@@@Z  00405ead f   Math3D.obj
 0001:00004f36       ?FindAxisVectors@CVec3@@QBEXAAU1@0@Z 00405f36 f   Math3D.obj
 0001:00004f87       ?FromEuler@CAxis@@QAEXABUCVec3@@@Z 00405f87 f   Math3D.obj
 0001:00004fb6       ?appRsqrt@@YAMM@Z          00405fb6 f   MathMisc.obj
 0001:00004fe2       ?NormalizeColor@@YAMABUCVec3@@AAU1@@Z 00405fe2 f   MathMisc.obj
 0001:00005044       ?NormalizeColor255@@YAMABUCVec3@@AAU1@@Z 00406044 f   MathMisc.obj
 0001:000052ba       ?SCR_StopCinematic@@YAXXZ  004062ba f   cl_cin.obj
 0001:00005594       ?sprintf@?$TString@$0EA@@@QAAHPBDZZ 00406594 f i cl_cin.obj
 0001:000055ae       ?SCR_DrawCinematic@@YA_NXZ 004065ae f   cl_cin.obj
 0001:00005625       ?SCR_PlayCinematic@@YAXPBD@Z 00406625 f   cl_cin.obj
 0001:00005864       ?filename@?$TString@$0IA@@@QAEXPBD@Z 00406864 f i cl_download.obj
 0001:0000587c       ?sprintf@?$TString@$0IA@@@QAAHPBDZZ 0040687c f i cl_download.obj
 0001:00005899       ??$?8$0CA@@?$TString@$0CA@@@QBE_NAAV0@@Z 00406899 f i gl_frontend.obj
 0001:00005899       ??8?$TString@$0IA@@@QBE_NPAD@Z 00406899 f i cl_download.obj
 0001:00005899       ??$?8$0EA@@?$TString@$0EA@@@QBE_NAAV0@@Z 00406899 f i snd_dma.obj
 0001:00005b51       ?CL_Download_f@@YAX_NHPAPAD@Z 00406b51 f   cl_download.obj
 0001:00006210       ?CL_Precache_f@@YAXHPAPAD@Z 00407210 f   cl_download.obj
 0001:0000626a       ?CL_ParseDownload@@YAXXZ   0040726a f   cl_download.obj
 0001:000063e8       ?fabs@@YAMM@Z              004073e8 f i cl_ents.obj
 0001:000063f9       ?Lerp@@YAXABUCVec3@@0MAAU1@@Z 004073f9 f i cl_ents.obj
 0001:00006430       ?VectorAdd@@YAXABUCVec3@@0AAU1@@Z 00407430 f i cl_ents.obj
 0001:00006456       ?frand@@YAMXZ              00407456 f i cl_ents.obj
 0001:0000646e       ?CL_ParseDelta@@YAXPAUclEntityState_t@@0HI_N@Z 0040746e f   cl_ents.obj
 0001:000069c0       ?CL_ParseFrame@@YAXXZ      004079c0 f   cl_ents.obj
 0001:00006d93       ?CL_AddEntityBox@@YAXPAUclEntityState_t@@I@Z 00407d93 f   cl_ents.obj
 0001:00006ed5       ?CL_OffsetThirdPersonView@@YAXXZ 00407ed5 f   cl_ents.obj
 0001:00007cb4       ?CL_AddEntities@@YAXXZ     00408cb4 f   cl_ents.obj
 0001:00007dbf       _fmodf                     00408dbf f i cl_fx.obj
 0001:00007dda       ?fmod@@YAMMM@Z             00408dda f i cl_fx.obj
 0001:00007df3       ?Add@CVec3@@QAEXABU1@@Z    00408df3 f i cl_fx.obj
 0001:00007e15       ?CL_SetLightstyle@@YAXHPBD@Z 00408e15 f   cl_fx.obj
 0001:00007e77       ?CL_AllocDlight@@YAPAUcdlight_t@@HABUCVec3@@@Z 00408e77 f   cl_fx.obj
 0001:00007fa6       ?CL_AllocParticleTrace@@YAPAUparticleTrace_t@@ABUCVec3@@0MM@Z 00408fa6 f   cl_fx.obj
 0001:00008121       ?CL_AllocParticleBeam@@YAPAUbeam_t@@ABUCVec3@@0MM@Z 00409121 f   cl_fx.obj
 0001:00008195       ?CL_AllocParticle@@YAPAUparticle_t@@XZ 00409195 f   cl_fx.obj
 0001:000081e7       ?CL_MetalSparks@@YAXABUCVec3@@0H@Z 004091e7 f   cl_fx.obj
 0001:000082ad       ?CL_ClearEffects@@YAXXZ    004092ad f   cl_fx.obj
 0001:000082c3       ?CL_BigTeleportParticles@@YAXABUCVec3@@@Z 004092c3 f   cl_fx.obj
 0001:00008413       ?CL_BfgParticles@@YAXABUCVec3@@@Z 00409413 f   cl_fx.obj
 0001:00008559       ?CL_FlyEffect@@YAXAAUcentity_t@@@Z 00409559 f   cl_fx.obj
 0001:000086e2       ?CL_IonripperTrail@@YAXAAUcentity_t@@@Z 004096e2 f   cl_fx.obj
 0001:0000882a       ?CL_TeleportParticles@@YAXABUCVec3@@@Z 0040982a f   cl_fx.obj
 0001:0000895a       ?CL_Heatbeam@@YAXABUCVec3@@0@Z 0040995a f   cl_fx.obj
 0001:00008ba4       ?CL_ParticleSteamEffect@@YAXABUCVec3@@0HHH@Z 00409ba4 f   cl_fx.obj
 0001:00008ca0       ?CL_ParticleSmokeEffect@@YAXABUCVec3@@0@Z 00409ca0 f   cl_fx.obj
 0001:00008d7b       ?CL_TrackerTrail@@YAXAAUcentity_t@@@Z 00409d7b f   cl_fx.obj
 0001:00008ee1       ?CL_TrackerShell@@YAXABUCVec3@@@Z 00409ee1 f   cl_fx.obj
 0001:00008f5b       ?CL_MonsterPlasmaShell@@YAXABUCVec3@@@Z 00409f5b f   cl_fx.obj
 0001:00008fd2       ?CL_WidowSplash@@YAXABUCVec3@@@Z 00409fd2 f   cl_fx.obj
 0001:00009091       ?CL_ClearLightStyles@@YAXXZ 0040a091 f   cl_fx.obj
 0001:0000967e       ?CL_AddEffects@@YAXXZ      0040a67e f   cl_fx.obj
 0001:00009944       ?CL_ParticleEffect@@YAXABUCVec3@@0HH@Z 0040a944 f   cl_fx.obj
 0001:0000996e       ?CL_ParticleEffect2@@YAXABUCVec3@@0HH@Z 0040a96e f   cl_fx.obj
 0001:00009998       ?CL_ParticleEffect3@@YAXABUCVec3@@0HH@Z 0040a998 f   cl_fx.obj
 0001:000099c2       ?CL_TeleporterParticles@@YAXPAUclEntityState_t@@@Z 0040a9c2 f   cl_fx.obj
 0001:000099e5       ?CL_LogoutEffect@@YAXABUCVec3@@H@Z 0040a9e5 f   cl_fx.obj
 0001:00009a1f       ?CL_ItemRespawnParticles@@YAXABUCVec3@@@Z 0040aa1f f   cl_fx.obj
 0001:00009a3f       ?CL_ExplosionParticles@@YAXABUCVec3@@@Z 0040aa3f f   cl_fx.obj
 0001:00009a62       ?CL_BFGExplosionParticles@@YAXABUCVec3@@@Z 0040aa62 f   cl_fx.obj
 0001:00009a85       ?CL_TrackerExplosionParticles@@YAXABUCVec3@@@Z 0040aa85 f   cl_fx.obj
 0001:00009aa8       ?CL_BlasterParticles@@YAXABUCVec3@@0I@Z 0040aaa8 f   cl_fx.obj
 0001:00009ad1       ?CL_BlasterTrail@@YAXAAUcentity_t@@@Z 0040aad1 f   cl_fx.obj
 0001:00009ae7       ?CL_BlasterTrail2@@YAXAAUcentity_t@@@Z 0040aae7 f   cl_fx.obj
 0001:00009afd       ?CL_FlagTrail@@YAXAAUcentity_t@@H@Z 0040aafd f   cl_fx.obj
 0001:00009b1b       ?CL_BubbleTrail@@YAXABUCVec3@@0@Z 0040ab1b f   cl_fx.obj
 0001:00009b35       ?CL_BubbleTrail2@@YAXABUCVec3@@0@Z 0040ab35 f   cl_fx.obj
 0001:00009b4f       ?CL_TagTrail@@YAXAAUcentity_t@@@Z 0040ab4f f   cl_fx.obj
 0001:00009b65       ?CL_DebugTrail@@YAXABUCVec3@@0@Z 0040ab65 f   cl_fx.obj
 0001:00009b7f       ?CL_ForceWall@@YAXABUCVec3@@0H@Z 0040ab7f f   cl_fx.obj
 0001:00009ba1       ?CL_DiminishingTrail@@YAXAAUcentity_t@@H@Z 0040aba1 f   cl_fx.obj
 0001:00009cf9       ?CL_RailTrail@@YAXABUCVec3@@0@Z 0040acf9 f   cl_fx.obj
 0001:00009e4d       ?CL_RailTrailExt@@YAXABUCVec3@@0EE@Z 0040ae4d f   cl_fx.obj
 0001:00009f95       ?CL_TrapParticles@@YAXABUCVec3@@@Z 0040af95 f   cl_fx.obj
 0001:0000a102       ?CL_EntityEvent@@YAXPAUclEntityState_t@@@Z 0040b102 f   cl_fx.obj
 0001:0000a2b6       ?CL_ParseMuzzleFlash@@YAXXZ 0040b2b6 f   cl_fx.obj
 0001:0000a5fb       ?CL_ParseMuzzleFlash2@@YAXXZ 0040b5fb f   cl_fx.obj
 0001:0000aa75       ?CL_RocketTrail@@YAXAAUcentity_t@@@Z 0040ba75 f   cl_fx.obj
 0001:0000b1e7       ?CL_InitInput@@YAXXZ       0040c1e7 f   cl_input.obj
 0001:0000b3f4       ?CL_SendCmd@@YAXXZ         0040c3f4 f   cl_input.obj
 0001:0000b686       ?CL_WriteDemoMessage@@YAXXZ 0040c686 f   cl_main.obj
 0001:0000b724       ?CL_Pause@@YAX_N@Z         0040c724 f   cl_main.obj
 0001:0000b77d       ?CL_SendConnectPacket@@YAXXZ 0040c77d f   cl_main.obj
 0001:0000b7e3       ?CL_Disconnect_f@@YAXXZ    0040c7e3 f   cl_main.obj
 0001:0000b7ee       ?CL_Changing_f@@YAXXZ      0040c7ee f   cl_main.obj
 0001:0000b816       ?CL_PingServers_f@@YAXXZ   0040c816 f   cl_main.obj
 0001:0000baca       ?CL_ConnectionlessPacket@@YAXXZ 0040caca f   cl_main.obj
 0001:0000bba5       ?CL_Userinfo_f@@YAXXZ      0040cba5 f   cl_main.obj
 0001:0000bbc0       ?CL_RegisterSounds@@YAXXZ  0040cbc0 f   cl_main.obj
 0001:0000bbfe       ?CL_Snd_Restart_f@@YAXXZ   0040cbfe f   cl_main.obj
 0001:0000bc0d       ?CL_FixCvarCheats@@YAXXZ   0040cc0d f   cl_main.obj
 0001:0000bc5e       ?CL_ClearState@@YAXXZ      0040cc5e f   cl_main.obj
 0001:0000bc9b       ??Y?$TString@$0IA@@@QAEAAV0@PBD@Z 0040cc9b f i cl_main.obj
 0001:0000bcb9       ??4?$TString@$0IA@@@QAEAAV0@PBD@Z 0040ccb9 f i cl_main.obj
 0001:0000bcd8       ??4?$TString@$0EAAA@@@QAEAAV0@PBD@Z 0040ccd8 f i cl_main.obj
 0001:0000bcf7       ??Y?$TString@$0EAA@@@QAEAAV0@PBD@Z 0040ccf7 f i cl_main.obj
 0001:0000bd15       ??0COutputDeviceFile@@QAE@PBD_N@Z 0040cd15 f i cl_main.obj
 0001:0000c11b       ?Cmd_ForwardToServer@@YAXHPAPAD@Z 0040d11b f   cl_main.obj
 0001:0000c167       ?CL_ForwardToServer_f@@YAXHPAPAD@Z 0040d167 f   cl_main.obj
 0001:0000c2b4       ?CL_Rcon_f@@YAXHPAPAD@Z    0040d2b4 f   cl_main.obj
 0001:0000c390       ?CL_Disconnect@@YAXXZ      0040d390 f   cl_main.obj
 0001:0000c4bd       ?CL_Reconnect_f@@YAXXZ     0040d4bd f   cl_main.obj
 0001:0000c69e       ?CL_WriteConfiguration@@YAXPBD@Z 0040d69e f   cl_main.obj
 0001:0000c776       ?CL_WriteConfig_f@@YAX_NHPAPAD@Z 0040d776 f   cl_main.obj
 0001:0000c7d0       ?CL_Frame@@YAXMM@Z         0040d7d0 f   cl_main.obj
 0001:0000c9b1       ?CL_Shutdown@@YAXXZ        0040d9b1 f   cl_main.obj
 0001:0000ca0d       ?CL_Drop@@YAX_N@Z          0040da0d f   cl_main.obj
 0001:0000ca37       ?CL_Connect_f@@YAX_NHPAPAD@Z 0040da37 f   cl_main.obj
 0001:0000cbf7       ?CL_Init@@YAXXZ            0040dbf7 f   cl_main.obj
 0001:0000cf71       ?CL_ParseClientinfo@@YAXH@Z 0040df71 f   cl_parse.obj
 0001:0000d029       ?CL_UpdatePlayerClientInfo@@YAXXZ 0040e029 f   cl_parse.obj
 0001:0000d1e9       ?CL_ParseServerMessage@@YAXXZ 0040e1e9 f   cl_parse.obj
 0001:0000d529       ?GetAnim@entityStateEx_t@@QBEXAAH00AAM@Z 0040e529 f i cl_playermodel.obj
 0001:0000d57d       ?FreePlayerModelsInfo@@YAXXZ 0040e57d f   cl_playermodel.obj
 0001:0000d90a       ?RunAnimation@@YAXAAUclientInfo_t@@AAUanimState_t@@H@Z 0040e90a f   cl_playermodel.obj
 0001:0000dd7f       ??Y?$TString@$0EA@@@QAEAAV0@PBD@Z 0040ed7f f i cl_playermodel.obj
 0001:0000dd9a       ?toLower@?$TString@$0CA@@@QAEXPBDH@Z 0040ed9a f i cl_playermodel.obj
 0001:0000e48d       ?ParsePlayerEntity@@YAHAAUcentity_t@@AAUclientInfo_t@@PAUclEntityState_t@@ABUentity_t@@PAU4@HH@Z 0040f48d f   cl_playermodel.obj
 0001:0000ec39       ?Insert@?$TList@VshaderScript_t@OpenGLDrv@@@@QAE_NPAVshaderScript_t@OpenGLDrv@@@Z 0040fc39 f i gl_shader.obj
 0001:0000ec39       ?Insert@?$TList@VplayerModelInfo_t@@@@QAE_NPAVplayerModelInfo_t@@@Z 0040fc39 f i cl_playermodel.obj
 0001:0000ec39       ?Insert@?$TList@VCStringItem@@@@QAE_NPAVCStringItem@@@Z 0040fc39 f i cl_playermodel.obj
 0001:0000ec61       ??$?9$0CA@@@YA_NPBDAAV?$TString@$0CA@@@@Z 0040fc61 f i cl_playermodel.obj
 0001:0000ec79       ?CL_LoadClientinfo@@YAXAAUclientInfo_t@@PBD_N@Z 0040fc79 f   cl_playermodel.obj
 0001:0000ef18       ?CreateAndInsert@?$TList@VCStringItem@@@@QAEPAVCStringItem@@PBDPAVCMemoryChain@@@Z 0040ff18 f i cl_playermodel.obj
 0001:0000f254       ?ScanPlayerModels@@YA_NXZ  00410254 f   cl_playermodel.obj
 0001:0000f2b0       ?CL_CheckPredictionError@@YAXXZ 004102b0 f   cl_pred.obj
 0001:0000f424       ?CL_EntityTrace@@YAXAAUtrace_t@@ABUCVec3@@1ABUCBox@@H@Z 00410424 f   cl_pred.obj
 0001:0000f6d1       ?CL_Trace@@YAXAAUtrace_t@@ABUCVec3@@1ABUCBox@@H@Z 004106d1 f   cl_pred.obj
 0001:0000f818       ?CL_PMpointcontents@@YAHABUCVec3@@@Z 00410818 f   cl_pred.obj
 0001:0000f97b       ?CL_PredictMovement@@YAXXZ 0041097b f   cl_pred.obj
 0001:0000fbfd       ?DrawString@@YAXHHPBD@Z    00410bfd f   cl_scrn.obj
 0001:0000fc42       ?SCR_DebugGraph@@YAXMH@Z   00410c42 f   cl_scrn.obj
 0001:0000fd5f       ?SCR_CenterPrint@@YAXPBD@Z 00410d5f f   cl_scrn.obj
 0001:0000ffc5       ?Key_Message@@YAXH@Z       00410fc5 f   cl_scrn.obj
 0001:00010089       ?SCR_ShowConsole@@YAX_N0@Z 00411089 f   cl_scrn.obj
 0001:00010131       ?SCR_ToggleConsole@@YAXXZ  00411131 f   cl_scrn.obj
 0001:00010467       ?SCR_TouchPics@@YAXXZ      00411467 f   cl_scrn.obj
 0001:000104bd       ?sprintf@?$TString@$0BA@@@QAAHPBDZZ 004114bd f i cl_scrn.obj
 0001:000104d7       ?SCR_EndLoadingPlaque@@YAX_N@Z 004114d7 f   cl_scrn.obj
 0001:000113d0       ?SCR_UpdateScreen@@YAXXZ   004123d0 f   cl_scrn.obj
 0001:00011595       ?SCR_Init@@YAXXZ           00412595 f   cl_scrn.obj
 0001:00011601       ?SCR_BeginLoadingPlaque@@YAX_N@Z 00412601 f   cl_scrn.obj
 0001:00011676       ?SCR_LoadingNotify@@YAXPBDM@Z 00412676 f   cl_scrn.obj
 0001:00011699       ?SCR_SetLevelshot@@YAXPBD@Z 00412699 f   cl_scrn.obj
 0001:00011790       ?acos@@YAMM@Z              00412790 f i cl_tent.obj
 0001:000117a1       ?CL_RegisterTEntSounds@@YAXXZ 004127a1 f   cl_tent.obj
 0001:00011a48       ?CL_RegisterTEntModels@@YAXXZ 00412a48 f   cl_tent.obj
 0001:00011b3a       ?CL_ClearTEnts@@YAXXZ      00412b3a f   cl_tent.obj
 0001:00011e71       ?CL_SmokeAndFlash@@YAXABUCVec3@@@Z 00412e71 f   cl_tent.obj
 0001:000124f9       ?CL_ParseTEnt@@YAXXZ       004134f9 f   cl_tent.obj
 0001:00013843       ?CL_AddTEnts@@YAXXZ        00414843 f   cl_tent.obj
 0001:00013886       ?appCyclesToMsecf@@YAMI@Z  00414886 f i cl_view.obj
 0001:000138a1       ?Clamp@cvar_t@@QAEMMM@Z    004148a1 f i cl_view.obj
 0001:000138c0       ?V_AddEntity@@YAXPAUentity_t@@@Z 004148c0 f   cl_view.obj
 0001:000138fe       ?V_AddEntity2@@YAXPAUentity_t@@@Z 004148fe f   cl_view.obj
 0001:00013930       ?AddEntityWithEffects2@@YAXPAUentity_t@@I@Z 00414930 f   cl_view.obj
 0001:000139dc       ?AddEntityWithEffects@@YAXPAUentity_t@@I@Z 004149dc f   cl_view.obj
 0001:00013a65       ?V_AddLight@@YAXABUCVec3@@MMMM@Z 00414a65 f   cl_view.obj
 0001:00013aaa       ?V_TestEntities@@YAXXZ     00414aaa f   cl_view.obj
 0001:00013bb8       ?V_TestLights@@YAXXZ       00414bb8 f   cl_view.obj
 0001:00013c8d       ?V_InitRenderer@@YAXXZ     00414c8d f   cl_view.obj
 0001:00014153       ?CalcFov@@YAMMMM@Z         00415153 f   cl_view.obj
 0001:00014576       ?V_Init@@YAXXZ             00415576 f   cl_view.obj
 0001:00014b1e       ?V_RenderView@@YA_NXZ      00415b1e f   cl_view.obj
 0001:00014eae       ?Con_ClearNotify@@YAXXZ    00415eae f   console.obj
 0001:00014ebd       ?Con_CheckResize@@YAXXZ    00415ebd f   console.obj
 0001:00015280       ?Con_DrawNotify@@YAX_N@Z   00416280 f   console.obj
 0001:000153c0       ?Con_ClearTyping@@YAXXZ    004163c0 f   console.obj
 0001:00015541       ?Write@COutputDeviceCon@@UAEXPBD@Z 00416541 f   console.obj
 0001:000155a3       ?Con_DrawConsole@@YAXM@Z   004165a3 f   console.obj
 0001:0001579b       ?Key_Console@@YAXHH@Z      0041679b f   console.obj
 0001:00015b9b       ?Con_Init@@YAXXZ           00416b9b f   console.obj
 0001:00015cf5       ?Key_KeynumToString@@YAPBDH@Z 00416cf5 f   keys.obj
 0001:00015e36       ?Key_SetBinding@@YAXHPBD@Z 00416e36 f   keys.obj
 0001:00015e71       ?Key_FindBinding@@YAHPBDPAHH@Z 00416e71 f   keys.obj
 0001:000160e5       ?Key_WriteBindings@@YAXPAVCOutputDevice@@@Z 004170e5 f   keys.obj
 0001:0001612a       ?Key_Init@@YAXXZ           0041712a f   keys.obj
 0001:000161b2       ?Key_Event@@YAXH_N@Z       004171b2 f   keys.obj
 0001:000164f4       ?Key_ClearStates@@YAXXZ    004174f4 f   keys.obj
 0001:000169c6       ?Draw@completeMenu_t@@UAEXXZ 004179c6 f i keys.obj
 0001:000169f6       ?KeyDown@completeMenu_t@@UAEPBDH@Z 004179f6 f i keys.obj
 0001:00016a22       ?Init@completeMenu_t@@UAE_NXZ 00417a22 f i keys.obj
 0001:00016b45       ?CompleteMenuCallback@completeMenu_t@@SAXPAX@Z 00417b45 f i keys.obj
 0001:00016bd6       ?CompleteCommand@@YAXXZ    00417bd6 f   keys.obj
 0001:00016c92       ?M_Menu_Main_f@@YAXXZ      00417c92 f   menu.obj
 0001:00016c9c       ?Init@multiplayerMenu_t@@UAE_NXZ 00417c9c f i menu.obj
 0001:00016dba       ?Init@keysMenu_t@@UAE_NXZ  00417dba f i menu.obj
 0001:00016fbc       ?KeyCursorDrawFunc@keysMenu_t@@SAXPAUmenuFramework_t@@@Z 00417fbc f i menu.obj
 0001:00016fff       ?DrawKeyBindingFunc@keysMenu_t@@SAXPAX@Z 00417fff f i menu.obj
 0001:000170c6       ?KeyDown@keysMenu_t@@UAEPBDH@Z 004180c6 f i menu.obj
 0001:00017173       ?UnbindCommand@keysMenu_t@@QAEXPAD@Z 00418173 f i menu.obj
 0001:000171b8       ?KeyBindingFunc@keysMenu_t@@QAEXPAX@Z 004181b8 f i menu.obj
 0001:00017214       ?Init@optionsMenu_t@@UAE_NXZ 00418214 f i menu.obj
 0001:000175c7       ?CrosshairFunc@optionsMenu_t@@SAXPAX@Z 004185c7 f i menu.obj
 0001:000175ef       ?JoystickFunc@optionsMenu_t@@SAXPAX@Z 004185ef f i menu.obj
 0001:00017604       ?AlwaysRunFunc@optionsMenu_t@@SAXPAX@Z 00418604 f i menu.obj
 0001:00017619       ?MouseSpeedFunc@optionsMenu_t@@SAXPAX@Z 00418619 f i menu.obj
 0001:00017636       ?InvertMouseFunc@optionsMenu_t@@SAXPAX@Z 00418636 f i menu.obj
 0001:00017673       ?UpdateVolumeFunc@optionsMenu_t@@SAXPAX@Z 00418673 f i menu.obj
 0001:00017690       ?UpdateCDVolumeFunc@optionsMenu_t@@SAXPAX@Z 00418690 f i menu.obj
 0001:000176aa       ?SetMenuItemValues@optionsMenu_t@@SAXXZ 004186aa f i menu.obj
 0001:000177f2       ?ResetDefaultsFunc@optionsMenu_t@@SAXPAX@Z 004187f2 f i menu.obj
 0001:00017807       ?UpdateSoundFunc@optionsMenu_t@@SAXPAX@Z 00418807 f i menu.obj
 0001:00017b1a       ?ScanCrosshairs@optionsMenu_t@@SAXXZ 00418b1a f i menu.obj
 0001:00017b72       ?Draw@optionsMenu_t@@UAEXXZ 00418b72 f i menu.obj
 0001:00017bd1       ?Draw@creditsMenu_t@@UAEXXZ 00418bd1 f i menu.obj
 0001:00017c77       ?KeyDown@creditsMenu_t@@UAEPBDH@Z 00418c77 f i menu.obj
 0001:00017cb7       ?Init@creditsMenu_t@@UAE_NXZ 00418cb7 f i menu.obj
 0001:00017d34       ?Init@gameMenu_t@@UAE_NXZ  00418d34 f i menu.obj
 0001:00017ebf       ?EasyGameFunc@gameMenu_t@@SAXPAX@Z 00418ebf f i menu.obj
 0001:00017ecb       ?StartGame@gameMenu_t@@SAXPBD@Z 00418ecb f i menu.obj
 0001:00017f26       ?MediumGameFunc@gameMenu_t@@SAXPAX@Z 00418f26 f i menu.obj
 0001:00017f32       ?HardGameFunc@gameMenu_t@@SAXPAX@Z 00418f32 f i menu.obj
 0001:00017f48       ?Init@savegameMenu_t@@UAE_NXZ 00418f48 f i menu.obj
 0001:00018058       ?Create_Savestrings@savegameMenu_t@@QAEXXZ 00419058 f i menu.obj
 0001:00018118       ?LoadGameCallback@savegameMenu_t@@SAXPAX@Z 00419118 f i menu.obj
 0001:00018144       ?SaveGameCallback@savegameMenu_t@@SAXPAX@Z 00419144 f i menu.obj
 0001:00018166       ?Draw@savegameMenu_t@@UAEXXZ 00419166 f i menu.obj
 0001:00018181       ?DrawSavegameShot@savegameMenu_t@@QAEXHH@Z 00419181 f i menu.obj
 0001:0001828e       ?Init@joinserverMenu_t@@UAE_NXZ 0041928e f i menu.obj
 0001:000183c5       ?JoinServerFunc@joinserverMenu_t@@SAXPAX@Z 004193c5 f i menu.obj
 0001:0001842c       ?SearchLocalGames@joinserverMenu_t@@SAXXZ 0041942c f i menu.obj
 0001:000184a0       ?M_AddToServerList@@YAXUnetadr_t@@PAD@Z 004194a0 f   menu.obj
 0001:0001851b       ?KeyDown@startserverMenu_t@@UAEPBDH@Z 0041951b f i menu.obj
 0001:00018567       ?Init@dmoptionsMenu_t@@UAE_NXZ 00419567 f i menu.obj
 0001:00018b46       ?DMFlagCallback@dmoptionsMenu_t@@SAXPAX@Z 00419b46 f i menu.obj
 0001:00018d18       ?Init@downloadOptionsMenu_t@@UAE_NXZ 00419d18 f i menu.obj
 0001:00018ef2       ?DownloadCallback@downloadOptionsMenu_t@@SAXPAX@Z 00419ef2 f i menu.obj
 0001:00018f5a       ?Init@addressBookMenu_t@@UAE_NXZ 00419f5a f i menu.obj
 0001:00019000       ?KeyDown@addressBookMenu_t@@UAEPBDH@Z 0041a000 f i menu.obj
 0001:00019063       ?KeyDown@dmbrowseMenu_t@@UAEPBDH@Z 0041a063 f i menu.obj
 0001:0001923a       ?StartServerFunc@startserverMenu_t@@SAXPBD@Z 0041a23a f i menu.obj
 0001:00019411       ?Draw@dmbrowseMenu_t@@UAEXXZ 0041a411 f i menu.obj
 0001:0001955e       ?DrawThumbnail@dmbrowseMenu_t@@SAXHHHHPBD_N@Z 0041a55e f i menu.obj
 0001:00019632       ?Init@videoMenu_t@@UAE_NXZ 0041a632 f i menu.obj
 0001:00019c0e       ?ScreenSizeCallback@videoMenu_t@@SAXPAX@Z 0041ac0e f i menu.obj
 0001:00019c2f       ?BrightnessCallback@videoMenu_t@@SAXPAX@Z 0041ac2f f i menu.obj
 0001:00019c50       ?ContrastCallback@videoMenu_t@@SAXPAX@Z 0041ac50 f i menu.obj
 0001:00019c8c       ?CancelChanges@videoMenu_t@@SAXPAX@Z 0041ac8c f i menu.obj
 0001:00019cd9       ?KeyDown@videoMenu_t@@UAEPBDH@Z 0041acd9 f i menu.obj
 0001:00019d1e       ?ApplyChanges@videoMenu_t@@SAXPAX@Z 0041ad1e f i menu.obj
 0001:00019ecb       ?KeyDown@quitMenu_t@@UAEPBDH@Z 0041aecb f i menu.obj
 0001:00019f06       ?Draw@quitMenu_t@@UAEXXZ   0041af06 f i menu.obj
 0001:00019f80       ?M_Init@@YAXXZ             0041af80 f   menu.obj
 0001:0001a09e       ?M_ForceMenuOn@@YAXXZ      0041b09e f   menu.obj
 0001:0001a0ad       ?Draw@menuMain_t@@UAEXXZ   0041b0ad f i menu.obj
 0001:0001a1dc       ?KeyDown@menuMain_t@@UAEPBDH@Z 0041b1dc f i menu.obj
 0001:0001a297       ?Init@menuMain_t@@UAE_NXZ  0041b297 f i menu.obj
 0001:0001a29f       ?Init@playerConfigMenu_t@@UAE_NXZ 0041b29f f i menu.obj
 0001:0001a7e3       ?HandednessCallback@playerConfigMenu_t@@SAXPAX@Z 0041b7e3 f i menu.obj
 0001:0001a7f8       ?RTypeCallback@playerConfigMenu_t@@SAXPAX@Z 0041b7f8 f i menu.obj
 0001:0001a80d       ?RColorCallback@playerConfigMenu_t@@SAXPAX@Z 0041b80d f i menu.obj
 0001:0001a822       ?RateCallback@playerConfigMenu_t@@SAXPAX@Z 0041b822 f i menu.obj
 0001:0001a845       ?SkinCallback@playerConfigMenu_t@@SAXPAX@Z 0041b845 f i menu.obj
 0001:0001a84d       ?ModelCallback@playerConfigMenu_t@@SAXPAX@Z 0041b84d f i menu.obj
 0001:0001a881       ?Draw@playerConfigMenu_t@@UAEXXZ 0041b881 f i menu.obj
 0001:0001ab68       ?SetAnim@entityStateEx_t@@QAEXHHHM@Z 0041bb68 f i menu.obj
 0001:0001ab93       ?KeyDown@playerConfigMenu_t@@UAEPBDH@Z 0041bb93 f i menu.obj
 0001:0001ac63       ?Init@dmbrowseMenu_t@@UAE_NXZ 0041bc63 f i menu.obj
 0001:0001ae74       ?Init@startserverMenu_t@@UAE_NXZ 0041be74 f i menu.obj
 0001:0001b2fd       ?RulesChangeFunc@startserverMenu_t@@SAXPAX@Z 0041c2fd f i menu.obj
 0001:0001b375       ?DMOptionsFunc@startserverMenu_t@@SAXPAX@Z 0041c375 f i menu.obj
 0001:0001b385       ?StartServerActionFunc@startserverMenu_t@@SAXPAX@Z 0041c385 f i menu.obj
 0001:0001b3e2       ?ItemAtCursor@menuFramework_t@@QAEPAUmenuCommon_t@@XZ 0041c3e2 f   qmenu.obj
 0001:0001b87b       ?AddItem@menuFramework_t@@QAEXPAUmenuCommon_t@@@Z 0041c87b f   qmenu.obj
 0001:0001ba62       ?AdjustCursor@menuFramework_t@@QAEXH@Z 0041ca62 f   qmenu.obj
 0001:0001bae1       ?Center@menuFramework_t@@QAEXXZ 0041cae1 f   qmenu.obj
 0001:0001bb5c       ?SelectItem@menuFramework_t@@QAE_NXZ 0041cb5c f   qmenu.obj
 0001:0001bb9b       ?SetStatusBar@menuFramework_t@@QAEXPBD@Z 0041cb9b f   qmenu.obj
 0001:0001c0a9       ?Push@menuFramework_t@@QAEXXZ 0041d0a9 f   qmenu.obj
 0001:0001c125       ?M_ForceMenuOff@@YAXXZ     0041d125 f   qmenu.obj
 0001:0001c152       ?Pop@menuFramework_t@@QAEXXZ 0041d152 f   qmenu.obj
 0001:0001c18c       ?Init@menuFramework_t@@UAE_NXZ 0041d18c f   qmenu.obj
 0001:0001c18f       ?M_Draw@@YAXXZ             0041d18f f   qmenu.obj
 0001:0001c1ca       ?M_Keydown@@YAXH@Z         0041d1ca f   qmenu.obj
 0001:0001c1ec       ?Draw@menuFramework_t@@UAEXXZ 0041d1ec f   qmenu.obj
 0001:0001c3c3       ?SlideItem@menuFramework_t@@QAEXH@Z 0041d3c3 f   qmenu.obj
 0001:0001c42f       ?KeyDown@menuFramework_t@@UAEPBDH@Z 0041d42f f   qmenu.obj
 0001:0001c531       ?InitRendererVars@@YAXXZ   0041d531 f   ref_vars.obj
 0001:0001c550       ?S_SoundInfo_f@@YAXXZ      0041d550 f   snd_dma.obj
 0001:0001c5ca       ?S_BeginRegistration@@YAXXZ 0041d5ca f   snd_dma.obj
 0001:0001c5d8       ?S_PickChannel@@YAPAUchannel_t@@HH@Z 0041d5d8 f   snd_dma.obj
 0001:0001c6af       ?S_AllocPlaysound@@YAPAUplaysound_t@@XZ 0041d6af f   snd_dma.obj
 0001:0001c6d1       ?S_FreePlaysound@@YAXPAUplaysound_t@@@Z 0041d6d1 f   snd_dma.obj
 0001:0001c704       ?S_ClearBuffer@@YAXXZ      0041d704 f   snd_dma.obj
 0001:0001c76d       ?S_StopAllSounds_f@@YAXXZ  0041d76d f   snd_dma.obj
 0001:0001c7dc       ?S_RawSamples@@YAXHHHHPAE@Z 0041d7dc f   snd_dma.obj
 0001:0001c9ea       ?GetSoundtime@@YAXXZ       0041d9ea f   snd_dma.obj
 0001:0001ca51       ?S_Shutdown@@YAXXZ         0041da51 f   snd_dma.obj
 0001:0001cc84       ?S_RegisterSound@@YAPAUsfx_t@@PBD@Z 0041dc84 f   snd_dma.obj
 0001:0001cd02       ?S_EndRegistration@@YAXXZ  0041dd02 f   snd_dma.obj
 0001:0001cea4       ?S_Spatialize@@YAXPAUchannel_t@@@Z 0041dea4 f   snd_dma.obj
 0001:0001cf10       ?S_IssuePlaysound@@YAXPAUplaysound_t@@@Z 0041df10 f   snd_dma.obj
 0001:0001d0fb       ?S_StartSound@@YAXPBUCVec3@@HHPAUsfx_t@@MMM@Z 0041e0fb f   snd_dma.obj
 0001:0001d2cb       ?S_StartLocalSound@@YAXPBD@Z 0041e2cb f   snd_dma.obj
 0001:0001d31f       ?S_AddLoopSounds@@YAXXZ    0041e31f f   snd_dma.obj
 0001:0001d4e4       ?S_Update_@@YAXXZ          0041e4e4 f   snd_dma.obj
 0001:0001d769       ?S_Init@@YAXXZ             0041e769 f   snd_dma.obj
 0001:0001d83b       ?S_Update@@YAXABUCVec3@@0@Z 0041e83b f   snd_dma.obj
 0001:0001dc97       ?S_LoadSound@@YAPAUsfxcache_t@@PAUsfx_t@@@Z 0041ec97 f   snd_mem.obj
 0001:0001de3a       ?S_WriteLinearBlastStereo16@@YAXXZ 0041ee3a f   snd_mix.obj
 0001:0001dea2       ?S_TransferStereo16@@YAXPAKH@Z 0041eea2 f   snd_mix.obj
 0001:0001df0a       ?S_TransferPaintBuffer@@YAXH@Z 0041ef0a f   snd_mix.obj
 0001:0001e05d       ?S_InitScaletable@@YAXXZ   0041f05d f   snd_mix.obj
 0001:0001e19c       ?S_PaintChannels@@YAXH@Z   0041f19c f   snd_mix.obj
 0001:0001e3f8       ?SV_ComputeAnimation@@YAXPAUplayer_state_t@@AAUentityStateEx_t@@PAU2@PAUedict_s@@@Z 0041f3f8 f   sv_anim.obj
 0001:0001eb6b       ?SV_AddressBanned@@YA_NPAUnetadr_t@@@Z 0041fb6b f   sv_ccmds.obj
 0001:0001edd5       ?sprintf@?$TString@$0CI@@@QAAHPBDZZ 0041fdd5 f i sv_ccmds.obj
 0001:0001ee94       ?SV_ReadLevelFile@@YAXXZ   0041fe94 f   sv_ccmds.obj
 0001:0001fcb5       ?SV_InitCommands@@YAXXZ    00420cb5 f   sv_ccmds.obj
 0001:0001fe1d       ?Write@sizebuf_t@@QAEXAAV1@@Z 00420e1d f i sv_ents.obj
 0001:00020413       ?SV_WriteFrameToClient@@YAXPAUclient_t@@PAVsizebuf_t@@@Z 00421413 f   sv_ents.obj
 0001:000204f8       ?SV_RecordDemoMessage@@YAXXZ 004214f8 f   sv_ents.obj
 0001:00020690       ?Load@CDynamicLib@@QAE_NPBD@Z 00421690 f i sv_game.obj
 0001:000206af       ?Free@CDynamicLib@@QAEXXZ  004216af f i sv_game.obj
 0001:000206c4       ?GetProc@CDynamicLib@@QAE_NPBDPAX@Z 004216c4 f i sv_game.obj
 0001:000206e4       ?RegisterCommand@@YA_NPBDP6AX0@ZI@Z 004216e4 f i sv_game.obj
 0001:000206fe       ?SV_MulticastOld@@YAXABUCVec3@@W4multicast_t@@@Z 004216fe f i sv_game.obj
 0001:00020713       ?SV_StartSoundOld@@YAXPBUCVec3@@PAUedict_s@@HHMMM@Z 00421713 f i sv_game.obj
 0001:00021111       ?SV_ShutdownGameLibrary@@YAXXZ 00422111 f   sv_game.obj
 0001:000212a4       ?SV_InitGameLibrary@@YAX_N@Z 004222a4 f   sv_game.obj
 0001:000213a3       ?SV_FindIndex@@YAHPBDHH_N@Z 004223a3 f   sv_init.obj
 0001:00021491       ?SV_ModelIndex@@YAHPBD@Z   00422491 f   sv_init.obj
 0001:000214aa       ?SV_SoundIndex@@YAHPBD@Z   004224aa f   sv_init.obj
 0001:000214c6       ?SV_ImageIndex@@YAHPBD@Z   004224c6 f   sv_init.obj
 0001:000214e2       ?SV_CreateBaseline@@YAXXZ  004224e2 f   sv_init.obj
 0001:000215d9       ?SV_SpawnServer@@YAXPAD0W4server_state_t@@_N2@Z 004225d9 f   sv_init.obj
 0001:0002189c       ?SV_InitGame@@YAXXZ        0042289c f   sv_init.obj
 0001:00021aa3       ?SV_Map@@YAX_NPBD0@Z       00422aa3 f   sv_init.obj
 0001:00021c68       ?SV_StartSoundNew@@YAXPBUCVec3@@PAUedict_s@@HHMMM@Z 00422c68 f i sv_main.obj
 0001:00021c9a       ??0COutputDeviceMem@@QAE@H@Z 00422c9a f i sv_main.obj
 0001:00021ccb       ?Write@COutputDeviceMem@@UAEXPBD@Z 00422ccb f i sv_main.obj
 0001:00021d52       ??_GCOutputDeviceMem@@UAEPAXI@Z 00422d52 f i sv_main.obj
 0001:00021d52       ??_ECOutputDeviceMem@@UAEPAXI@Z 00422d52 f i sv_main.obj
 0001:00021d71       ??1COutputDeviceMem@@UAE@XZ 00422d71 f i sv_main.obj
 0001:00022008       ?SV_CalcPings@@YAXXZ       00423008 f   sv_main.obj
 0001:0002208e       ?SV_GiveMsec@@YAXXZ        0042308e f   sv_main.obj
 0001:000220cd       ?SV_ReadPackets@@YAXXZ     004230cd f   sv_main.obj
 0001:000221f3       ?SV_PostprocessFrame@@YAXXZ 004231f3 f   sv_main.obj
 0001:000226e7       ?SV_TraceHook@@YAXAAUtrace0_t@@ABUCVec3@@PBU2@21PAUedict_s@@H@Z 004236e7 f   sv_main.obj
 0001:000228bc       ?SV_InitVars@@YAXXZ        004238bc f   sv_main.obj
 0001:000228cb       ?SV_Init@@YAXXZ            004238cb f   sv_main.obj
 0001:00022903       ?SV_Shutdown@@YAXPBD_N@Z   00423903 f   sv_main.obj
 0001:00022a81       ??4?$TString@$0CAA@@@QAEAAV0@PBD@Z 00423a81 f i sv_main.obj
 0001:00022aa0       ?SV_DropClient@@YAXPAUclient_t@@PAD@Z 00423aa0 f   sv_main.obj
 0001:00022e1d       ?SV_CheckTimeouts@@YAXXZ   00423e1d f   sv_main.obj
 0001:00022f0c       ?SV_MulticastHook@@YAPAVsizebuf_t@@PAV1@0@Z 00423f0c f   sv_main.obj
 0001:000232b0       ?SV_UserinfoChanged@@YAXPAUclient_t@@@Z 004242b0 f   sv_main.obj
 0001:000237b4       ?SV_Frame@@YAXM@Z          004247b4 f   sv_main.obj
 0001:000239b5       ?SV_ClientPrintf@@YAXPAUclient_t@@HPBDZZ 004249b5 f   sv_send.obj
 0001:00023a10       ?SV_BroadcastPrintf@@YAXHPBDZZ 00424a10 f   sv_send.obj
 0001:00023ae6       ?SV_Multicast@@YAXABUCVec3@@W4multicast_t@@_N@Z 00424ae6 f   sv_send.obj
 0001:00023cb0       ?SV_DemoCompleted@@YAXXZ   00424cb0 f   sv_send.obj
 0001:00023d15       ?SV_MulticastNew@@YAXABUCVec3@@W4multicast_t@@@Z 00424d15 f i sv_send.obj
 0001:00023d2a       ?SV_BroadcastCommand@@YAXPBDZZ 00424d2a f   sv_send.obj
 0001:00023d84       ?SV_StartSound@@YAXPBUCVec3@@PAUedict_s@@HHMMM_N@Z 00424d84 f   sv_send.obj
 0001:00023ffd       ?SV_SendClientDatagram@@YA_NPAUclient_t@@@Z 00424ffd f   sv_send.obj
 0001:000240bc       ?SV_SendClientMessages@@YAXXZ 004250bc f   sv_send.obj
 0001:000241f5       ?SV_ClearTexts@@YAXXZ      004251f5 f   sv_text.obj
 0001:00024232       ??0?$TTextContainer@UCSVText@@$0BAAAA@@@QAE@XZ 00425232 f i sv_text.obj
 0001:00024257       ?SV_DrawText3D@@YAXABUCVec3@@PBDI@Z 00425257 f   sv_text.obj
 0001:0002428f       ?SV_DrawTexts@@YAXXZ       0042528f f   sv_text.obj
 0001:000242aa       ?SV_TokenizeString@@YAXPBD@Z 004252aa f   sv_tokenize.obj
 0001:00024380       ?SV_Argc@@YAHXZ            00425380 f   sv_tokenize.obj
 0001:00024386       ?SV_Argv@@YAPADH@Z         00425386 f   sv_tokenize.obj
 0001:000243a4       ?SV_Args@@YAPADXZ          004253a4 f   sv_tokenize.obj
 0001:000244ad       ?SV_Nextserver@@YAXXZ      004254ad f   sv_user.obj
 0001:00024d34       ?SV_ClientThink@@YAXPAUclient_t@@PAUusercmd_t@@@Z 00425d34 f   sv_user.obj
 0001:00024f04       ?SV_ExecuteClientMessage@@YAXPAUclient_t@@@Z 00425f04 f   sv_user.obj
 0001:000250f2       ?SV_ClearWorld@@YAXXZ      004260f2 f   sv_world.obj
 0001:00025128       ?SV_UnlinkEdict@@YAXPAUedict_s@@@Z 00426128 f   sv_world.obj
 0001:000251c0       ?SV_LinkEdict@@YAXPAUedict_s@@@Z 004261c0 f   sv_world.obj
 0001:0002580d       ?SV_AreaEdicts@@YAHABUCVec3@@0PAPAUedict_s@@HH@Z 0042680d f   sv_world.obj
 0001:00025880       ?SV_PointContents@@YAHABUCVec3@@@Z 00426880 f   sv_world.obj
 0001:00025c5b       ?SV_Trace@@YAXAAUtrace_t@@ABUCVec3@@1ABUCBox@@PAUedict_s@@H@Z 00426c5b f   sv_world.obj
 0001:00025d0c       ?InitByteDirs@@YAXXZ       00426d0c f   anorms.obj
 0001:00025d31       ?Cbuf_AddText@@YAXPBD@Z    00426d31 f   cmd.obj
 0001:00025e25       ?Cbuf_CopyToDefer@@YAXXZ   00426e25 f   cmd.obj
 0001:00025e6d       ?Cbuf_InsertFromDefer@@YAXXZ 00426e6d f   cmd.obj
 0001:000261e3       ?ExecuteCommand@@YA_NPBDPBUCSimpleCommand@@H@Z 004271e3 f   cmd.obj
 0001:000263a1       ?Cmd_Unalias_f@@YAX_NHPAPAD@Z 004273a1 f   cmd.obj
 0001:00026419       ?Cmd_WriteAliases@@YAXPAVCOutputDevice@@@Z 00427419 f   cmd.obj
 0001:0002644c       ?RegisterCommand@@YA_NPBDP6AXXZI@Z 0042744c f   cmd.obj
 0001:000264f4       ?UnregisterCommand@@YA_NPBD@Z 004274f4 f   cmd.obj
 0001:00026562       ?ExecuteCommand@@YA_NPBD@Z 00427562 f   cmd.obj
 0001:000267c2       ?Cbuf_Execute@@YAXXZ       004277c2 f   cmd.obj
 0001:00026971       ?DistanceTo@CPlane@@QBEMABUCVec3@@@Z 00427971 f i cmodel.obj
 0001:000269ae       ?BOX_ON_PLANE_SIDE@@YAHABUCBox@@ABUCPlane@@@Z 004279ae f i cmodel.obj
 0001:00026c2e       ?LoadLeafBrushes@@YAXPAGH@Z 00427c2e f i cmodel.obj
 0001:000275a3       ?CM_BuildBrush@@YAPAUCBrush@@HPAVCMemoryChain@@@Z 004285a3 f   cmodel.obj
 0001:00027649       ?CM_InlineModel@@YAPAUCBspModel@@H@Z 00428649 f   cmodel.obj
 0001:00027726       ?CM_HeadnodeForBox@@YAHABUCBox@@@Z 00428726 f   cmodel.obj
 0001:0002776e       ?GetHeadnode@@YAPAUCBspNode@@H@Z 0042876e f i cmodel.obj
 0001:00027792       ?CM_FindLeaf@@YAPBUCBspLeaf@@ABUCVec3@@H@Z 00428792 f   cmodel.obj
 0001:0002780a       ?CM_PointContents@@YAHABUCVec3@@H@Z 0042880a f   cmodel.obj
 0001:00027848       ?CM_TransformedPointContents@@YAHABUCVec3@@H00@Z 00428848 f   cmodel.obj
 0001:000278fd       ?CM_TransformedPointContents@@YAHABUCVec3@@H0ABUCAxis@@@Z 004288fd f   cmodel.obj
 0001:0002796a       ?CM_BoxLeafs@@YAHABUCBox@@PAPAUCBspLeaf@@HPAHH@Z 0042896a f   cmodel.obj
 0001:00028203       ?CM_CombineTrace@@YA_NAAUtrace_t@@ABU1@@Z 00429203 f   cmodel.obj
 0001:00028254       ?CM_PointModelContents@@YAHABUCVec3@@@Z 00429254 f   cmodel.obj
 0001:000285fe       ?CM_BrushTrace@@YAHABUCVec3@@0PAHH@Z 004295fe f   cmodel.obj
 0001:00028662       ?CM_RefineBrushTrace@@YAHABUCVec3@@0PAHH@Z 00429662 f   cmodel.obj
 0001:000286e3       ?CM_ClusterPVS@@YAPBEH@Z   004296e3 f   cmodel.obj
 0001:000287f4       ?CM_SetAreaPortalState@@YAXH_N@Z 004297f4 f   cmodel.obj
 0001:0002881b       ?CM_AreasConnected@@YA_NHH@Z 0042981b f   cmodel.obj
 0001:00028863       ?CM_WriteAreaBits@@YAHPAEH@Z 00429863 f   cmodel.obj
 0001:000288ff       ?CM_WritePortalState@@YAXPAU_iobuf@@@Z 004298ff f   cmodel.obj
 0001:0002891c       ?CM_ReadPortalState@@YAXPAU_iobuf@@@Z 0042991c f   cmodel.obj
 0001:0002893d       ?CM_HeadnodeVisible@@YA_NHPBE@Z 0042993d f   cmodel.obj
 0001:000289d3       ??E?$TStringSplitter@$0EA@$0DL@@@QAEXXZ 004299d3 f i cmodel.obj
 0001:00028f35       ?CM_InlineModel@@YAPAUCBspModel@@PBD@Z 00429f35 f   cmodel.obj
 0001:00029217       ?CM_BoxTrace@@YAXAAUtrace_t@@ABUCVec3@@1ABUCBox@@HI@Z 0042a217 f   cmodel.obj
 0001:00029509       ?CM_TransformedBoxTrace@@YAXAAUtrace_t@@ABUCVec3@@1ABUCBox@@HI11@Z 0042a509 f   cmodel.obj
 0001:00029640       ?CM_TransformedBoxTrace@@YAXAAUtrace_t@@ABUCVec3@@1ABUCBox@@HI1ABUCAxis@@@Z 0042a640 f   cmodel.obj
 0001:000296df       ?CM_ClipTraceToModels@@YAXAAUtrace_t@@ABUCVec3@@1ABUCBox@@I@Z 0042a6df f   cmodel.obj
 0001:000297bb       ??0?$TStringSplitter@$0EA@$0DL@@@QAE@PBD@Z 0042a7bb f i cmodel.obj
 0001:00029b30       ?CM_LoadMap@@YAPAUCBspModel@@PBD_NPAI@Z 0042ab30 f   cmodel.obj
 0001:00029cf8       ?Com_ServerState@@YA?AW4server_state_t@@XZ 0042acf8 f   common.obj
 0001:00029cfe       ?Com_SetServerState@@YAXW4server_state_t@@@Z 0042acfe f   common.obj
 0001:00029d0b       ?crand@@YAMXZ              0042ad0b f   common.obj
 0001:00029d29       ?Info_ValueForKey@@YAPBDPBD0@Z 0042ad29 f   common.obj
 0001:00029e15       ?Info_SetValueForKey@@YAXPADPBD1@Z 0042ae15 f   common.obj
 0001:00029eda       ?Info_Print@@YAXPBD@Z      0042aeda f   common.obj
 0001:00029f5f       ?ReduceAngle@@YAMM@Z       0042af5f f   common.obj
 0001:00029f8b       ?AngleSubtract@@YAMMM@Z    0042af8b f   common.obj
 0001:00029fc0       ?AnglesSubtract@@YAXABUCVec3@@0AAU1@@Z 0042afc0 f   common.obj
 0001:0002a011       ?COM_Parse@@YAPADAAPBD_N@Z 0042b011 f   common.obj
 0001:0002a11e       ?COM_QuoteString@@YAPBDPBD_N@Z 0042b11e f   common.obj
 0001:0002a37d       ?Com_CheckCmdlineVar@@YA_NPBD@Z 0042b37d f   common.obj
 0001:0002a3d1       ?Com_Init@@YAXPBD@Z        0042b3d1 f   common.obj
 0001:0002a51f       ?DebugPrintf@@YAXPBDZZ     0042b51f f   common.obj
 0001:0002a5bb       ?LerpAngle@@YAMMMM@Z       0042b5bb f   common.obj
 0001:0002a603       ?Com_Frame@@YAXM@Z         0042b603 f   common.obj
 0001:0002a94e       ?Com_DPrintf@@YAXPBDZZ     0042b94e f   common.obj
 0001:0002a9c1       ?IPWildcard@@YA_NPAUnetadr_t@@PBD@Z 0042b9c1 f   common.obj
 0001:0002aa73       ?Com_BlockSequenceCRCByte@@YAEPAEHH@Z 0042ba73 f   crc.obj
 0001:0002ab08       ?IsDefault@cvar_t@@QAE_NXZ 0042bb08 f i cvar.obj
 0001:0002abb1       ?Cvar_VariableValue@@YAMPBD@Z 0042bbb1 f   cvar.obj
 0001:0002abce       ?Cvar_VariableInt@@YAHPBD@Z 0042bbce f   cvar.obj
 0001:0002abe5       ?Cvar_VariableString@@YAPBDPBD@Z 0042bbe5 f   cvar.obj
 0001:0002ac01       ?Cvar_WriteVariables@@YAXPAVCOutputDevice@@HHPBD@Z 0042bc01 f   cvar.obj
 0001:0002ada4       ?Cvar_BitInfo@@YAPBDI@Z    0042bda4 f   cvar.obj
 0001:0002ae9a       ?Cvar_Get@@YAPAUcvar_t@@PBD0H@Z 0042be9a f   cvar.obj
 0001:0002b089       ?Cvar_GetVars@@YAXPBUcvarInfo_t@@H@Z 0042c089 f   cvar.obj
 0001:0002b29a       ?Cvar_FullSet@@YAXPAUcvar_t@@PBDI@Z 0042c29a f   cvar.obj
 0001:0002b2b7       ?Cvar_FullSet@@YAPAUcvar_t@@PBD0I@Z 0042c2b7 f   cvar.obj
 0001:0002b2f4       ?Cvar_SetValue@@YAPAUcvar_t@@PBDM@Z 0042c2f4 f   cvar.obj
 0001:0002b322       ?Cvar_SetInteger@@YAPAUcvar_t@@PBDH@Z 0042c322 f   cvar.obj
 0001:0002b34a       ?Cvar_Set@@YAPAUcvar_t@@PBD0@Z 0042c34a f   cvar.obj
 0001:0002b362       ?Cvar_ForceSet@@YAPAUcvar_t@@PBD0@Z 0042c362 f   cvar.obj
 0001:0002b37a       ?Cvar_Clamp@@YAMPAUcvar_t@@MM@Z 0042c37a f   cvar.obj
 0001:0002b3de       ?Cvar_Command@@YA_NHPAPAD@Z 0042c3de f   cvar.obj
 0001:0002ba2a       ?Cvar_Cheats@@YAX_N@Z      0042ca2a f   cvar.obj
 0001:0002bea2       ?ComputeDeltaBits@@YAIPBXPAXPBUdeltaInfo_t@@H@Z 0042cea2 f i entdelta.obj
 0001:0002bec0       ?WriteDelta@@YAXPBXPAXPBUdeltaInfo_t@@HIPAVsizebuf_t@@@Z 0042cec0 f i entdelta.obj
 0001:0002bee0       ?ReadDelta@@YAXPBXPAXPBUdeltaInfo_t@@HIPAVsizebuf_t@@@Z 0042cee0 f i entdelta.obj
 0001:0002bf00       ?MSG_WriteDeltaEntity@@YAXPAVsizebuf_t@@PBUentityStateEx_t@@PAU2@_N33@Z 0042cf00 f   entdelta.obj
 0001:0002c044       ?MSG_WriteRemoveEntity@@YAXPAVsizebuf_t@@H@Z 0042d044 f   entdelta.obj
 0001:0002c077       ?MSG_ReadEntityBits@@YAHPAVsizebuf_t@@PAIPA_N@Z 0042d077 f   entdelta.obj
 0001:0002c0e7       ?MSG_ReadDeltaEntity@@YAXPAVsizebuf_t@@PBUentityStateEx_t@@PAU2@I@Z 0042d0e7 f   entdelta.obj
 0001:0002c148       ?MSG_WriteDeltaUsercmd@@YAXPAVsizebuf_t@@PBUusercmd_t@@PAU2@@Z 0042d148 f   entdelta.obj
 0001:0002c1b2       ?MSG_ReadDeltaUsercmd@@YAXPAVsizebuf_t@@PBUusercmd_t@@PAU2@@Z 0042d1b2 f   entdelta.obj
 0001:0002c213       ?MSG_WriteDeltaPlayerstate@@YAXPAVsizebuf_t@@PBUplayer_state_t@@PAU2@@Z 0042d213 f   entdelta.obj
 0001:0002c2f4       ?MSG_ReadDeltaPlayerstate@@YAXPAVsizebuf_t@@PBUplayer_state_t@@PAU2@@Z 0042d2f4 f   entdelta.obj
 0001:0002e070       ?ProcessEntstring@@YAPBDPBD@Z 0042f070 f   EntityParser.obj
 0001:0002e21a       ?LoadPCX@@YAPAEPBDAAH1AAPAE@Z 0042f21a f   images.obj
 0001:0002e345       ?LoadTGA@@YAPAEPBDAAH1@Z   0042f345 f   images.obj
 0001:0002e687       ?LoadJPG@@YAPAEPBDAAH1@Z   0042f687 f   images.obj
 0001:0002e86c       ?WriteJPG@@YA_NPBDPAEHH_N@Z 0042f86c f   images.obj
 0001:0002e99a       ?ImageExists@@YAHPBDH@Z    0042f99a f   images.obj
 0001:0002eabe       ?WriteTGA@@YA_NPBDPAEHH@Z  0042fabe f   images.obj
 0001:0002ecae       ??0CBrush@@QAE@ABUCBox@@@Z 0042fcae f   MapBrush.obj
 0001:0002edfd       ?GetVec@CAllocVertexPool@@QAEPAUCVec3@@ABU2@@Z 0042fdfd f i MapBrush.obj
 0001:0002f2a2       ?GetBounds@CBrush@@QAEXAAUCBox@@@Z 004302a2 f   MapBrush.obj
 0001:0002f302       ?AddBevels@CBrush@@QAEXP6APAUCPlane@@ABUCVec3@@M@Z@Z 00430302 f   MapBrush.obj
 0001:0002f5f2       ?Split@CBrush@@QAEPAU1@PAUCPlane@@@Z 004305f2 f   MapBrush.obj
 0001:0002faf9       ?MD4Init@@YAXPAUMD4_CTX@@@Z 00430af9 f   md4.obj
 0001:00030141       ?MD4Update@@YAXPAUMD4_CTX@@PAEI@Z 00431141 f   md4.obj
 0001:000301df       ?MD4Final@@YAXQAEPAUMD4_CTX@@@Z 004311df f   md4.obj
 0001:00030243       ?Com_BlockChecksum@@YAIPAXH@Z 00431243 f   md4.obj
 0001:000307d6       ?LoadQ2BspFile@@YAXXZ      004317d6 f   model.obj
 0001:000309f6       ?LoadQ1BspFile@@YAXXZ      004319f6 f   model.obj
 0001:00030b99       ?LoadQ3BspFile@@YAXXZ      00431b99 f   model.obj
 0001:00030d47       ?LoadBspFile@@YAPAUbspfile_t@@PBD_NPAI@Z 00431d47 f   model.obj
 0001:00030f2d       ?Init@sizebuf_t@@QAEXPAXH@Z 00431f2d f   msg.obj
 0001:00030f4a       ?Write@sizebuf_t@@QAEXPBXH@Z 00431f4a f   msg.obj
 0001:00030fb9       ?MSG_WriteByte@@YAXPAVsizebuf_t@@H@Z 00431fb9 f   msg.obj
 0001:00030fb9       ?MSG_WriteChar@@YAXPAVsizebuf_t@@H@Z 00431fb9 f   msg.obj
 0001:00030fcc       ?MSG_WriteShort@@YAXPAVsizebuf_t@@H@Z 00431fcc f   msg.obj
 0001:00030fdf       ?MSG_WriteLong@@YAXPAVsizebuf_t@@H@Z 00431fdf f   msg.obj
 0001:00030fdf       ?MSG_WriteFloat@@YAXPAVsizebuf_t@@M@Z 00431fdf f   msg.obj
 0001:00030ff2       ?MSG_WriteString@@YAXPAVsizebuf_t@@PBD@Z 00431ff2 f   msg.obj
 0001:0003101c       ?MSG_WritePos@@YAXPAVsizebuf_t@@ABUCVec3@@@Z 0043201c f   msg.obj
 0001:00031083       ?MSG_WriteAngle@@YAXPAVsizebuf_t@@M@Z 00432083 f   msg.obj
 0001:000310ae       ?MSG_WriteAngle16@@YAXPAVsizebuf_t@@M@Z 004320ae f   msg.obj
 0001:000310d9       ?MSG_WriteDir@@YAXPAVsizebuf_t@@ABUCVec3@@@Z 004320d9 f   msg.obj
 0001:0003113b       ?MSG_ReadChar@@YAHPAVsizebuf_t@@@Z 0043213b f   msg.obj
 0001:0003115e       ?MSG_ReadByte@@YAHPAVsizebuf_t@@@Z 0043215e f   msg.obj
 0001:00031186       ?MSG_ReadShort@@YAHPAVsizebuf_t@@@Z 00432186 f   msg.obj
 0001:000311af       ?MSG_ReadLong@@YAHPAVsizebuf_t@@@Z 004321af f   msg.obj
 0001:000311d1       ?MSG_ReadString@@YAPADPAVsizebuf_t@@@Z 004321d1 f   msg.obj
 0001:00031207       ?MSG_ReadPos@@YAXPAVsizebuf_t@@AAUCVec3@@@Z 00432207 f   msg.obj
 0001:00031255       ?MSG_ReadAngle@@YAMPAVsizebuf_t@@@Z 00432255 f   msg.obj
 0001:00031270       ?MSG_ReadAngle16@@YAMPAVsizebuf_t@@@Z 00432270 f   msg.obj
 0001:0003128b       ?MSG_ReadData@@YAXPAVsizebuf_t@@PAXH@Z 0043228b f   msg.obj
 0001:000312ae       ?MSG_ReadDir@@YAXPAVsizebuf_t@@AAUCVec3@@@Z 004322ae f   msg.obj
 0001:000312e1       ?Netchan_Init@@YAXXZ       004322e1 f   net_chan.obj
 0001:00031350       ?Netchan_OutOfBandPrint@@YAXW4netsrc_t@@Unetadr_t@@PBDZZ 00432350 f   net_chan.obj
 0001:000313d5       ?Setup@netchan_t@@QAEXW4netsrc_t@@Unetadr_t@@H@Z 004323d5 f   net_chan.obj
 0001:0003142b       ?NeedReliable@netchan_t@@QAE_NXZ 0043242b f   net_chan.obj
 0001:00031450       ?Transmit@netchan_t@@QAEXPAXH@Z 00432450 f   net_chan.obj
 0001:000315e2       ?Process@netchan_t@@QAE_NPAVsizebuf_t@@@Z 004325e2 f   net_chan.obj
 0001:0003170f       ?PM_Trace@@YAXAAUtrace_t@@ABUCVec3@@1ABUCBox@@@Z 0043270f f i pmove.obj
 0001:00032ec0       ?Pmove@@YAXPAUpmove_t@@@Z  00433ec0 f   pmove.obj
 0001:00033141       ??1CFileContainerArc@@UAE@XZ 00434141 f i QuakeFileSystem.obj
 0001:0003315b       ??_GCFileSystem@@UAEPAXI@Z 0043415b f i QuakeFileSystem.obj
 0001:0003315b       ??_ECQuakeFileSystem@@UAEPAXI@Z 0043415b f i QuakeFileSystem.obj
 0001:0003315b       ??_GCQuakeFileSystem@@UAEPAXI@Z 0043415b f i QuakeFileSystem.obj
 0001:0003315b       ??_ECFileSystem@@UAEPAXI@Z 0043415b f i QuakeFileSystem.obj
 0001:0003317b       ??0FZlibStream@CZResource@@QAE@PBXH@Z 0043417b f i QuakeFileSystem.obj
 0001:000331b0       ?ReadData@FZlibStream@CZResource@@QAEHPAXH@Z 004341b0 f i QuakeFileSystem.obj
 0001:000331ed       ?FS_CopyFile@@YAXPBD0@Z    004341ed f   QuakeFileSystem.obj
 0001:000332db       ??9?$TString@$0EA@@@QBE_NPBD@Z 004342db f i QuakeFileSystem.obj
 0001:000332f3       ?MountGame@CQuakeFileSystem@@QAEXPBD@Z 004342f3 f i QuakeFileSystem.obj
 0001:0003333e       ?SetGameDir@CQuakeFileSystem@@QAE_NPBD@Z 0043433e f i QuakeFileSystem.obj
 0001:0003348a       ?FS_Gamedir@@YAPBDXZ       0043448a f   QuakeFileSystem.obj
 0001:0003351e       ?FS_NextPath@@YAPBDPBD@Z   0043451e f   QuakeFileSystem.obj
 0001:00033562       ?FS_CopyFiles@@YAXPBD0@Z   00434562 f   QuakeFileSystem.obj
 0001:00033675       ?FS_RemoveFiles@@YAXPBD@Z  00434675 f   QuakeFileSystem.obj
 0001:0003372f       ?FS_Tick@@YAXXZ            0043472f f   QuakeFileSystem.obj
 0001:0003386b       ??0CFileContainerArc@@QAE@XZ 0043486b f i QuakeFileSystem.obj
 0001:0003389d       ?GetType@CFileContainerPak@@MAEPBDXZ 0043489d f i QuakeFileSystem.obj
 0001:000338a3       ?OpenLocalFile@CFileContainerPak@@MAEPAVCFile@@ABVCStringItem@@@Z 004348a3 f i QuakeFileSystem.obj
 0001:000338f3       ?Read@CFilePak@CFileContainerPak@@UAEHPAXH@Z 004348f3 f i QuakeFileSystem.obj
 0001:0003392d       ?GetSize@CFilePak@CFileContainerPak@@UAEHXZ 0043492d f i QuakeFileSystem.obj
 0001:00033934       ?Eof@CFilePak@CFileContainerPak@@UAE_NXZ 00434934 f i QuakeFileSystem.obj
 0001:00033941       ??_GCFilePak@CFileContainerPak@@UAEPAXI@Z 00434941 f i QuakeFileSystem.obj
 0001:00033941       ??_ECFilePak@CFileContainerPak@@UAEPAXI@Z 00434941 f i QuakeFileSystem.obj
 0001:00033976       ?GetType@CFileContainerZip@@MAEPBDXZ 00434976 f i QuakeFileSystem.obj
 0001:0003397c       ?OpenLocalFile@CFileContainerZip@@MAEPAVCFile@@ABVCStringItem@@@Z 0043497c f i QuakeFileSystem.obj
 0001:00033a18       ??0CFilePak@CFileContainerZip@@QAE@ABVCFileInfo@1@PAU_iobuf@@@Z 00434a18 f i QuakeFileSystem.obj
 0001:00033a64       ?GetSize@CFilePak@CFileContainerZip@@UAEHXZ 00434a64 f i QuakeFileSystem.obj
 0001:00033a6e       ?Eof@CFilePak@CFileContainerZip@@UAE_NXZ 00434a6e f i QuakeFileSystem.obj
 0001:00033a81       ?Read@CFilePak@CFileContainerZip@@UAEHPAXH@Z 00434a81 f i QuakeFileSystem.obj
 0001:00033bc4       ??_GCFilePak@CFileContainerZip@@UAEPAXI@Z 00434bc4 f i QuakeFileSystem.obj
 0001:00033bc4       ??_ECFilePak@CFileContainerZip@@UAEPAXI@Z 00434bc4 f i QuakeFileSystem.obj
 0001:00033be3       ??1CFilePak@CFileContainerZip@@UAE@XZ 00434be3 f i QuakeFileSystem.obj
 0001:00033c52       ??0CZResource@@QAE@XZ      00434c52 f i QuakeFileSystem.obj
 0001:00033c6b       ?GetType@CZResource@@MAEPBDXZ 00434c6b f i QuakeFileSystem.obj
 0001:00033c71       ?OpenLocalFile@CZResource@@MAEPAVCFile@@ABVCStringItem@@@Z 00434c71 f i QuakeFileSystem.obj
 0001:00033ca2       ??0CFileRes@CZResource@@QAE@ABVCFileInfo@1@PBXH@Z 00434ca2 f i QuakeFileSystem.obj
 0001:00033d13       ?Read@CFileRes@CZResource@@UAEHPAXH@Z 00434d13 f i QuakeFileSystem.obj
 0001:00033d3e       ?GetSize@CFileRes@CZResource@@UAEHXZ 00434d3e f i QuakeFileSystem.obj
 0001:00033d45       ?Eof@CFileRes@CZResource@@UAE_NXZ 00434d45 f i QuakeFileSystem.obj
 0001:00033d52       ??_GCFileRes@CZResource@@UAEPAXI@Z 00434d52 f i QuakeFileSystem.obj
 0001:00033d52       ??_ECFileRes@CZResource@@UAEPAXI@Z 00434d52 f i QuakeFileSystem.obj
 0001:00033d84       ??_GCFileContainerPak@@UAEPAXI@Z 00434d84 f i QuakeFileSystem.obj
 0001:00033d84       ??_ECZResource@@UAEPAXI@Z  00434d84 f i QuakeFileSystem.obj
 0001:00033d84       ??_GCFileContainerArc@@UAEPAXI@Z 00434d84 f i QuakeFileSystem.obj
 0001:00033d84       ??_ECFileContainerPak@@UAEPAXI@Z 00434d84 f i QuakeFileSystem.obj
 0001:00033d84       ??_ECFileContainerArc@@UAEPAXI@Z 00434d84 f i QuakeFileSystem.obj
 0001:00033d84       ??_GCZResource@@UAEPAXI@Z  00434d84 f i QuakeFileSystem.obj
 0001:00033d84       ??_GCFileContainerZip@@UAEPAXI@Z 00434d84 f i QuakeFileSystem.obj
 0001:00033d84       ??_ECFileContainerZip@@UAEPAXI@Z 00434d84 f i QuakeFileSystem.obj
 0001:00033da3       ?Mount@CZResource@@SAPAVCFileContainer@@PBDPBE0PAVCFileSystem@@@Z 00434da3 f i QuakeFileSystem.obj
 0001:00033eeb       ?FileExists@CQuakeFileSystem@@UAE_NPBDI@Z 00434eeb f i QuakeFileSystem.obj
 0001:00033f4e       ?CheckFilename@CQuakeFileSystem@@AAEXPBD@Z 00434f4e f i QuakeFileSystem.obj
 0001:00033fe0       ?OpenFile@CQuakeFileSystem@@UAEPAVCFile@@PBDI@Z 00434fe0 f i QuakeFileSystem.obj
 0001:0003406c       ?List@CQuakeFileSystem@@UAEPAVCFileList@@PBDIPAV2@@Z 0043506c f i QuakeFileSystem.obj
 0001:000340e3       ?Create@CFileContainerPak@@SAPAVCFileContainer@@PBDPAU_iobuf@@@Z 004350e3 f i QuakeFileSystem.obj
 0001:00034236       ?Create@CFileContainerZip@@SAPAVCFileContainer@@PBDPAU_iobuf@@@Z 00435236 f i QuakeFileSystem.obj
 0001:00034517       ?InitFileSystem@@YAXXZ     00435517 f   QuakeFileSystem.obj
 0001:00034682       ?CDAudio_Eject@@YAXXZ      00435682 f i cd_win.obj
 0001:0003469a       ?CDAudio_CloseDoor@@YAXXZ  0043569a f i cd_win.obj
 0001:00034728       ?CDAudio_Stop@@YAXXZ       00435728 f   cd_win.obj
 0001:00034824       ?CDAudio_Update@@YAXXZ     00435824 f   cd_win.obj
 0001:00034858       ?CDAudio_Shutdown@@YAXXZ   00435858 f   cd_win.obj
 0001:0003487b       ?CDAudio_Activate@@YAX_N@Z 0043587b f   cd_win.obj
 0001:000349c4       ?CDAudio_Play@@YAXH_N@Z    004359c4 f   cd_win.obj
 0001:00034cf5       ?CDAudio_Init@@YA_NXZ      00435cf5 f   cd_win.obj
 0001:00035730       ?IN_Init@@YAXXZ            00436730 f   in_win.obj
 0001:0003577e       ?IN_Activate@@YAX_N@Z      0043677e f   in_win.obj
 0001:0003578b       ?IN_Move@@YAXPAUusercmd_t@@@Z 0043678b f   in_win.obj
 0001:00035a40       ?IN_Shutdown@@YAXXZ        00436a40 f   in_win.obj
 0001:00035a4d       ?IN_Frame@@YAXXZ           00436a4d f   in_win.obj
 0001:00035b1f       ?NET_CompareAdr@@YA_NPAUnetadr_t@@0@Z 00436b1f f   net_wins.obj
 0001:00035b5a       ?NET_CompareBaseAdr@@YA_NPAUnetadr_t@@0@Z 00436b5a f   net_wins.obj
 0001:00035b87       ?NET_AdrToString@@YAPBDPAUnetadr_t@@@Z 00436b87 f   net_wins.obj
 0001:00035bcf       ?NET_IsLocalAddress@@YA_NPAUnetadr_t@@@Z 00436bcf f   net_wins.obj
 0001:00035caa       ?NET_GetPacket@@YA_NW4netsrc_t@@PAUnetadr_t@@PAVsizebuf_t@@@Z 00436caa f   net_wins.obj
 0001:00035d65       ?NET_SendPacket@@YAXW4netsrc_t@@HPAXUnetadr_t@@@Z 00436d65 f   net_wins.obj
 0001:00035e15       ?NET_Init@@YAXXZ           00436e15 f   net_wins.obj
 0001:00035f39       ?NET_StringToAdr@@YA_NPBDPAUnetadr_t@@F@Z 00436f39 f   net_wins.obj
 0001:000360fa       ?NET_Config@@YAX_N@Z       004370fa f   net_wins.obj
 0001:000362b8       ?SNDDMA_GetDMAPos@@YAHXZ   004372b8 f   snd_win.obj
 0001:00036302       ?SNDDMA_BeginPainting@@YAXXZ 00437302 f   snd_win.obj
 0001:000363ca       ?SNDDMA_Submit@@YAXXZ      004373ca f   snd_win.obj
 0001:000363ef       ?SNDDMA_Shutdown@@YAXXZ    004373ef f   snd_win.obj
 0001:000368bc       ?SNDDMA_Init@@YA_NXZ       004378bc f   snd_win.obj
 0001:00036934       ?S_Activate@@YAX_N@Z       00437934 f   snd_win.obj
 0001:00036964       ??1COutputDeviceCon@@UAE@XZ 00437964 f i sys_win.obj
 0001:0003697a       ??_GCOutputDeviceCon@@UAEPAXI@Z 0043797a f i sys_win.obj
 0001:0003697a       ??_ECOutputDeviceCon@@UAEPAXI@Z 0043797a f i sys_win.obj
 0001:00036999       ?Init@COutputDeviceWin32Console@@QAEXXZ 00437999 f i sys_win.obj
 0001:000369c2       ?WriteChar@COutputDeviceWin32Console@@QAEXD@Z 004379c2 f i sys_win.obj
 0001:000369df       ?WriteStr@COutputDeviceWin32Console@@QAEXPBD@Z 004379df f i sys_win.obj
 0001:00036a07       ?EraseInput@COutputDeviceWin32Console@@QAEXXZ 00437a07 f i sys_win.obj
 0001:00036a76       ?Sys_ConsoleInput@@YAPADXZ 00437a76 f   sys_win.obj
 0001:00036c69       ?Sys_ProcessMessages@@YAXXZ 00437c69 f   sys_win.obj
 0001:00036d00       ??0COutputDeviceCon@@QAE@XZ 00437d00 f i sys_win.obj
 0001:00036d8a       ?Write@COutputDeviceWin32Console@@UAEXPBD@Z 00437d8a f i sys_win.obj
 0001:00036def       _WinMain@16                00437def f   sys_win.obj
 0001:00037228       ?AddMsgHook@@YAXP6A_NIIJ@Z@Z 00438228 f   vid_dll.obj
 0001:00037267       ?RemoveMsgHook@@YAXP6A_NIIJ@Z@Z 00438267 f   vid_dll.obj
 0001:000375f3       ?Vid_CreateWindow@@YAPAXHH_N@Z 004385f3 f   vid_dll.obj
 0001:000377cf       ?Vid_DestroyWindow@@YAX_N@Z 004387cf f   vid_dll.obj
 0001:0003780e       ?Vid_Restart@@YAXXZ        0043880e f   vid_dll.obj
 0001:0003781a       ?Vid_GetModeInfo@@YA_NPAH0H@Z 0043881a f   vid_dll.obj
 0001:00037925       ?Vid_Tick@@YAXXZ           00438925 f   vid_dll.obj
 0001:000379c8       ?Vid_Init@@YAXXZ           004389c8 f   vid_dll.obj
 0001:00037a4a       ?Vid_Shutdown@@YAXXZ       00438a4a f   vid_dll.obj
 0001:00037a6b       ?Sub@CVec3@@QAEXABU1@@Z    00438a6b f i gl_backend.obj
 0001:0003863a       ?DrawBrush@OpenGLDrv@@YAXPBUCBrush@@PBDH@Z 0043963a f   gl_backend.obj
 0001:0003885c       ?Tesselate@surfaceEntity_t@OpenGLDrv@@UAEXAAUrefEntity_t@2@@Z 0043985c f   gl_backend.obj
 0001:00038950       ?Tesselate@surfaceParticle_t@OpenGLDrv@@UAEXAAUrefEntity_t@2@@Z 00439950 f   gl_backend.obj
 0001:00038ba7       ?BK_BeginFrame@OpenGLDrv@@YAXXZ 00439ba7 f   gl_backend.obj
 0001:00038c0d       ?BK_Init@OpenGLDrv@@YAXXZ  00439c0d f   gl_backend.obj
 0001:00038c3c       ?BK_Shutdown@OpenGLDrv@@YAXXZ 00439c3c f   gl_backend.obj
 0001:0003a74a       ?BK_FlushShader@OpenGLDrv@@YAXXZ 0043b74a f   gl_backend.obj
 0001:0003ab23       ?Tesselate@surfacePlanar_t@OpenGLDrv@@UAEXAAUrefEntity_t@2@@Z 0043bb23 f   gl_backend.obj
 0001:0003ac37       ?Tesselate@surfacePoly_t@OpenGLDrv@@UAEXAAUrefEntity_t@2@@Z 0043bc37 f   gl_backend.obj
 0001:0003ad39       ?Tesselate@surfaceMd3_t@OpenGLDrv@@UAEXAAUrefEntity_t@2@@Z 0043bd39 f   gl_backend.obj
 0001:0003b0c4       ?BK_DrawScene@OpenGLDrv@@YAXXZ 0043c0c4 f   gl_backend.obj
 0001:0003b3fe       ?BK_DrawPic@OpenGLDrv@@YAXPAVshader_t@1@HHHHMMMMIE@Z 0043c3fe f   gl_backend.obj
 0001:0003b5e1       ?BK_DrawText@OpenGLDrv@@YAXPBDHHHHHI@Z 0043c5e1 f   gl_backend.obj
 0001:0003b7d0       ?BK_EndFrame@OpenGLDrv@@YAXXZ 0043c7d0 f   gl_backend.obj
 0001:0003b80f       ?AllocDynamicMemory@OpenGLDrv@@YAPAXH@Z 0043c80f f   gl_buffers.obj
 0001:0003b87d       ?ResizeDynamicMemory@OpenGLDrv@@YAXPAXH@Z 0043c87d f   gl_buffers.obj
 0001:0003b8c2       ?AddSurfaceToPortal@OpenGLDrv@@YAXPAVsurfaceBase_t@1@PAVshader_t@1@HH@Z 0043c8c2 f   gl_buffers.obj
 0001:0003b933       ?InsertShaderIndex@OpenGLDrv@@YAXH@Z 0043c933 f   gl_buffers.obj
 0001:0003b96b       ?ClearPortal@OpenGLDrv@@YAXXZ 0043c96b f   gl_buffers.obj
 0001:0003b989       ?SortSurfaces@OpenGLDrv@@YAXPAUviewPortal_t@1@PAPAUsurfaceInfo_t@1@@Z 0043c989 f   gl_buffers.obj
 0001:0003bb16       ?ClearBuffers@OpenGLDrv@@YAXXZ 0043cb16 f   gl_buffers.obj
 0001:0003bb2d       ?CreateBuffers@OpenGLDrv@@YAXXZ 0043cb2d f   gl_buffers.obj
 0001:0003bb53       ?FreeBuffers@OpenGLDrv@@YAXXZ 0043cb53 f   gl_buffers.obj
 0001:0003c4fd       ?InitEntity@model_t@OpenGLDrv@@UAE_NPAUentity_t@@PAUrefEntity_t@2@@Z 0043d4fd f   gl_frontend.obj
 0001:0003c502       ?GetLeaf@model_t@OpenGLDrv@@UAEPBUCBspLeaf@@PAUrefEntity_t@2@@Z 0043d502 f   gl_frontend.obj
 0001:0003c519       ?InitEntity@inlineModel_t@OpenGLDrv@@UAE_NPAUentity_t@@PAUrefEntity_t@2@@Z 0043d519 f   gl_frontend.obj
 0001:0003c57f       ?GetLeaf@inlineModel_t@OpenGLDrv@@UAEPBUCBspLeaf@@PAUrefEntity_t@2@@Z 0043d57f f   gl_frontend.obj
 0001:0003c5d6       ?GetLeaf@md3Model_t@OpenGLDrv@@UAEPBUCBspLeaf@@PAUrefEntity_t@2@@Z 0043d5d6 f   gl_frontend.obj
 0001:0003c611       ?InitEntity@sprModel_t@OpenGLDrv@@UAE_NPAUentity_t@@PAUrefEntity_t@2@@Z 0043d611 f   gl_frontend.obj
 0001:0003c634       ?GetLeaf@sprModel_t@OpenGLDrv@@UAEPBUCBspLeaf@@PAUrefEntity_t@2@@Z 0043d634 f   gl_frontend.obj
 0001:0003cbde       ?AddDlight@OpenGLDrv@@YAXPAUdlight_t@@@Z 0043dbde f   gl_frontend.obj
 0001:0003d0d0       ?AddSurfaces@model_t@OpenGLDrv@@UAEXPAUrefEntity_t@2@@Z 0043e0d0 f   gl_frontend.obj
 0001:0003d101       ?AddSurfaces@inlineModel_t@OpenGLDrv@@UAEXPAUrefEntity_t@2@@Z 0043e101 f   gl_frontend.obj
 0001:0003d1ed       ?DrawLabel@inlineModel_t@OpenGLDrv@@UAEXPAUrefEntity_t@2@@Z 0043e1ed f   gl_frontend.obj
 0001:0003d235       ?InitEntity@md3Model_t@OpenGLDrv@@UAE_NPAUentity_t@@PAUrefEntity_t@2@@Z 0043e235 f   gl_frontend.obj
 0001:0003d3fa       ?AddSurfaces@md3Model_t@OpenGLDrv@@UAEXPAUrefEntity_t@2@@Z 0043e3fa f   gl_frontend.obj
 0001:0003d4e5       ?DrawLabel@md3Model_t@OpenGLDrv@@UAEXPAUrefEntity_t@2@@Z 0043e4e5 f   gl_frontend.obj
 0001:0003d54d       ?AddSurfaces@sprModel_t@OpenGLDrv@@UAEXPAUrefEntity_t@2@@Z 0043e54d f   gl_frontend.obj
 0001:0003e8f0       ?AddEntity@OpenGLDrv@@YAXPAUentity_t@@@Z 0043f8f0 f   gl_frontend.obj
 0001:0003eac8       ?DrawPortal@OpenGLDrv@@YAXXZ 0043fac8 f   gl_frontend.obj
 0001:0003ebf9       _powf                      0043fbf9 f i gl_image.obj
 0001:0003ec14       ?pow@@YAMMM@Z              0043fc14 f i gl_image.obj
 0001:0003f49e       ?DrawStretchRaw8@OpenGLDrv@@YAXHHHHHHPAEPAI@Z 0044049e f   gl_image.obj
 0001:0003f7ab       ?SetupGamma@OpenGLDrv@@YAXXZ 004407ab f   gl_image.obj
 0001:0003f8f1       ?GL_TextureMode@OpenGLDrv@@YAXPBD@Z 004408f1 f   gl_image.obj
 0001:0003fce3       ?CreateImage@OpenGLDrv@@YAPAVimage_t@1@PBDPAXHHI@Z 00440ce3 f   gl_image.obj
 0001:0003ff6f       ?CreateImage8@OpenGLDrv@@YAPAVimage_t@1@PBDPAXHHIPAI@Z 00440f6f f   gl_image.obj
 0001:0003ffaa       ?LoadDelayedImages@OpenGLDrv@@YAXXZ 00440faa f   gl_image.obj
 0001:000401f8       ?PerformScreenshot@OpenGLDrv@@YAXXZ 004411f8 f   gl_image.obj
 0001:0004046a       ?ShutdownImages@OpenGLDrv@@YAXXZ 0044146a f   gl_image.obj
 0001:000404d2       ?ShowImages@OpenGLDrv@@YAXXZ 004414d2 f   gl_image.obj
 0001:00040775       ?FindImage@OpenGLDrv@@YAPAVimage_t@1@PBDI@Z 00441775 f   gl_image.obj
 0001:00040ba6       ?InitImages@OpenGLDrv@@YAXXZ 00441ba6 f   gl_image.obj
 0001:00040fec       ?GL_Lock@OpenGLDrv@@YAXXZ  00441fec f   gl_interface.obj
 0001:00041064       ?GL_TexEnv@OpenGLDrv@@YAXI@Z 00442064 f   gl_interface.obj
 0001:000411e0       ?GL_TexMipBias@OpenGLDrv@@YAXM@Z 004421e0 f   gl_interface.obj
 0001:0004123f       ?GL_TexEnvColor@OpenGLDrv@@YAXPBTcolor_t@@@Z 0044223f f   gl_interface.obj
 0001:000412ef       ?GL_SelectTexture@OpenGLDrv@@YAXH@Z 004422ef f   gl_interface.obj
 0001:00041352       ?GL_TexCoordPointer@OpenGLDrv@@YAXPAX@Z 00442352 f   gl_interface.obj
 0001:00041385       ?GL_DisableTexCoordArrays@OpenGLDrv@@YAXXZ 00442385 f   gl_interface.obj
 0001:000413d5       ?GL_CullFace@OpenGLDrv@@YAXW4gl_cullMode_t@1@@Z 004423d5 f   gl_interface.obj
 0001:00041429       ?GL_DepthRange@OpenGLDrv@@YAXW4gl_depthMode_t@1@@Z 00442429 f   gl_interface.obj
 0001:0004145f       ?GL_State@OpenGLDrv@@YAXI@Z 0044245f f   gl_interface.obj
 0001:000415ad       ?GL_EnableFog@OpenGLDrv@@YAX_N@Z 004425ad f   gl_interface.obj
 0001:0004168b       ?GL_SetDefaultState@OpenGLDrv@@YAXXZ 0044268b f   gl_interface.obj
 0001:000417e5       ?GL_Set2DMode@OpenGLDrv@@YAXXZ 004427e5 f   gl_interface.obj
 0001:000418e2       ?GL_Set3DMode@OpenGLDrv@@YAXPAUviewPortal_t@1@@Z 004428e2 f   gl_interface.obj
 0001:000419cb       ?GL_Bind@OpenGLDrv@@YAXPBVimage_t@1@@Z 004429cb f   gl_interface.obj
 0001:00041b56       ?GL_BindForce@OpenGLDrv@@YAXPBVimage_t@1@@Z 00442b56 f   gl_interface.obj
 0001:00041bea       ?GL_SetMultitexture@OpenGLDrv@@YAXH@Z 00442bea f   gl_interface.obj
 0001:00041cb9       ?GL_Unlock@OpenGLDrv@@YAXXZ 00442cb9 f   gl_interface.obj
 0001:000420b4       ?Show@CPointLight@OpenGLDrv@@UBEXXZ 004430b4 f   gl_light.obj
 0001:000422b1       ?Show@CSurfLight@OpenGLDrv@@UBEXXZ 004432b1 f   gl_light.obj
 0001:0004240c       ?ShowLights@OpenGLDrv@@YAXXZ 0044340c f   gl_light.obj
 0001:0004247b       ?Init@CPointLight@OpenGLDrv@@UAEXXZ 0044347b f   gl_light.obj
 0001:00042493       ?Init@CLightLinear@OpenGLDrv@@EAEXXZ 00443493 f   gl_light.obj
 0001:000424c9       ?GetScale@CLightLinear@OpenGLDrv@@EBEMM@Z 004434c9 f   gl_light.obj
 0001:000424d9       ?Init@CLightInv@OpenGLDrv@@EAEXXZ 004434d9 f   gl_light.obj
 0001:000424f5       ?GetScale@CLightInv@OpenGLDrv@@EBEMM@Z 004434f5 f   gl_light.obj
 0001:00042513       ?GetScale@CLightInv2@OpenGLDrv@@EBEMM@Z 00443513 f   gl_light.obj
 0001:00042537       ?Init@CLightNofade@OpenGLDrv@@EAEXXZ 00443537 f   gl_light.obj
 0001:00042548       ?GetScale@CLightNofade@OpenGLDrv@@EBEMM@Z 00443548 f   gl_light.obj
 0001:0004254e       ?Add@CPointLight@OpenGLDrv@@UBEXABUCVec3@@ABUCAxis@@@Z 0044354e f   gl_light.obj
 0001:000426e6       ?Init@CSurfLight@OpenGLDrv@@UAEXXZ 004436e6 f   gl_light.obj
 0001:000427ae       ?Add@CSurfLight@OpenGLDrv@@UBEXABUCVec3@@ABUCAxis@@@Z 004437ae f   gl_light.obj
 0001:00042bb9       ?Init@CSunLight@OpenGLDrv@@UAEXXZ 00443bb9 f   gl_light.obj
 0001:00042c54       ?Add@CSunLight@OpenGLDrv@@UBEXABUCVec3@@ABUCAxis@@@Z 00443c54 f   gl_light.obj
 0001:00043484       ?DiffuseLight@OpenGLDrv@@YAXPATcolor_t@@M@Z 00444484 f   gl_light.obj
 0001:000436d7       ?InitLightGrid@OpenGLDrv@@YAXXZ 004446d7 f   gl_light.obj
 0001:000437f3       ?PostLoadLights@OpenGLDrv@@YAXXZ 004447f3 f   gl_light.obj
 0001:00043866       ??$Exchange@UCVec3@@@@YAXAAUCVec3@@0@Z 00444866 f i gl_light.obj
 0001:0004388d       ?Init@CLightInv2@OpenGLDrv@@EAEXXZ 0044488d f   gl_light.obj
 0001:000438f3       ?LightForEntity@OpenGLDrv@@YAXPAUrefEntity_t@1@@Z 004448f3 f   gl_light.obj
 0001:000439ed       ?LM_Init@OpenGLDrv@@YAXXZ  004449ed f   gl_lightmap.obj
 0001:00043a03       ?LM_Flush@OpenGLDrv@@YAXPAUlightmapBlock_t@1@@Z 00444a03 f   gl_lightmap.obj
 0001:00043a63       ?LM_Done@OpenGLDrv@@YAXXZ  00444a63 f   gl_lightmap.obj
[...]
 0001:000558d4       _emit_byte                 004568d4 f   libs-vc-win32:jcmarker.obj
 0001:00055905       _write_marker_byte         00456905 f   libs-vc-win32:jcmarker.obj
 0001:00055915       _write_file_header         00456915 f   libs-vc-win32:jcmarker.obj
 0001:00055961       _emit_jfif_app0            00456961 f   libs-vc-win32:jcmarker.obj
 0001:00055a34       _emit_adobe_app14          00456a34 f   libs-vc-win32:jcmarker.obj
 0001:00055ada       _write_frame_header        00456ada f   libs-vc-win32:jcmarker.obj
 0001:00055bb9       _emit_dqt                  00456bb9 f   libs-vc-win32:jcmarker.obj
 0001:00055ca8       _emit_sof                  00456ca8 f   libs-vc-win32:jcmarker.obj
 0001:00055d84       _write_scan_header         00456d84 f   libs-vc-win32:jcmarker.obj
 0001:00055e44       _emit_dht                  00456e44 f   libs-vc-win32:jcmarker.obj
 0001:00055f1d       _emit_dri                  00456f1d f   libs-vc-win32:jcmarker.obj
 0001:00055f6c       _emit_sos                  00456f6c f   libs-vc-win32:jcmarker.obj
 0001:0005605a       _write_file_trailer        0045705a f   libs-vc-win32:jcmarker.obj
 0001:0005607a       _write_tables_only         0045707a f   libs-vc-win32:jcmarker.obj
 0001:00056a7d       _dummy_consume_data        00457a7d f   libs-vc-win32:jmemnobs.obj
 0001:00056a7d       _dummy_consume_data        00457a7d f   libs-vc-win32:jmemnobs.obj
 0001:00056b55       _alloc_funny_pointers      00457b55 f   libs-vc-win32:jdmainct.obj
 0001:00056c02       _start_pass_main           00457c02 f   libs-vc-win32:jdmainct.obj
 0001:00056c6a       _make_funny_pointers       00457c6a f   libs-vc-win32:jdmainct.obj
 0001:00056daa       _process_data_simple_main  00457daa f   libs-vc-win32:jdmainct.obj
 0001:00056e12       _process_data_context_main 00457e12 f   libs-vc-win32:jdmainct.obj
 0001:00056f24       _set_wraparound_pointers   00457f24 f   libs-vc-win32:jdmainct.obj
 0001:0005700e       _set_bottom_pointers       0045800e f   libs-vc-win32:jdmainct.obj
 0001:000570a8       _process_data_crank_post   004580a8 f   libs-vc-win32:jdmainct.obj
 0001:0005714e       _start_pass_dpost          0045814e f   libs-vc-win32:jdpostct.obj
 0001:000571f4       _post_process_1pass        004581f4 f   libs-vc-win32:jdpostct.obj
 0001:00057259       _post_process_prepass      00458259 f   libs-vc-win32:jdpostct.obj
 0001:000572ea       _post_process_2pass        004582ea f   libs-vc-win32:jdpostct.obj
 0001:00057545       _start_pass_upsample       00458545 f   libs-vc-win32:jdsample.obj
 0001:0005755f       _sep_upsample              0045855f f   libs-vc-win32:jdsample.obj
 0001:0005762c       _fullsize_upsample         0045862c f   libs-vc-win32:jdsample.obj
 0001:00057637       _noop_upsample             00458637 f   libs-vc-win32:jdsample.obj
 0001:0005763f       _int_upsample              0045863f f   libs-vc-win32:jdsample.obj
 0001:00057729       _h2v1_upsample             00458729 f   libs-vc-win32:jdsample.obj
 0001:00057780       _h2v2_upsample             00458780 f   libs-vc-win32:jdsample.obj
 0001:000577f2       _h2v1_fancy_upsample       004587f2 f   libs-vc-win32:jdsample.obj
 0001:00057895       _h2v2_fancy_upsample       00458895 f   libs-vc-win32:jdsample.obj
 0001:00057ae4       _build_ycc_rgb_table       00458ae4 f   libs-vc-win32:jdcolor.obj
 0001:00057b94       _ycc_rgb_convert           00458b94 f   libs-vc-win32:jdcolor.obj
 0001:00057ca2       _null_convert              00458ca2 f   libs-vc-win32:jdcolor.obj
 0001:00057d1a       _grayscale_convert         00458d1a f   libs-vc-win32:jdcolor.obj
 0001:00057d3d       _gray_rgb_convert          00458d3d f   libs-vc-win32:jdcolor.obj
 0001:00057d96       _ycck_cmyk_convert         00458d96 f   libs-vc-win32:jdcolor.obj
 0001:00057f40       _build_ycc_rgb_table       00458f40 f   libs-vc-win32:jdmerge.obj
 0001:00057ff0       _start_pass_merged_upsample 00458ff0 f   libs-vc-win32:jdmerge.obj
 0001:00058005       _merged_2v_upsample        00459005 f   libs-vc-win32:jdmerge.obj
 0001:000580ac       _merged_1v_upsample        004590ac f   libs-vc-win32:jdmerge.obj
 0001:000580dd       _h2v1_merged_upsample      004590dd f   libs-vc-win32:jdmerge.obj
 0001:00058233       _h2v2_merged_upsample      00459233 f   libs-vc-win32:jdmerge.obj
 0001:00058529       _init_error_limit          00459529 f   libs-vc-win32:jquant2.obj
 0001:000585c8       _start_pass_2_quant        004595c8 f   libs-vc-win32:jquant2.obj
 0001:000586ca       _prescan_quantize          004596ca f   libs-vc-win32:jquant2.obj
 0001:00058739       _pass2_no_dither           00459739 f   libs-vc-win32:jquant2.obj
 0001:000587e6       _fill_inverse_cmap         004597e6 f   libs-vc-win32:jquant2.obj
 0001:000588b1       _find_nearby_colors        004598b1 f   libs-vc-win32:jquant2.obj
 0001:00058a55       _find_best_colors          00459a55 f   libs-vc-win32:jquant2.obj
 0001:00058b6f       _pass2_fs_dither           00459b6f f   libs-vc-win32:jquant2.obj
 0001:00058dde       _finish_pass1              00459dde f   libs-vc-win32:jquant2.obj
 0001:00058e00       _select_colors             00459e00 f   libs-vc-win32:jquant2.obj
 0001:00058e8c       _update_box                00459e8c f   libs-vc-win32:jquant2.obj
 0001:00059226       _median_cut                0045a226 f   libs-vc-win32:jquant2.obj
 0001:0005933a       _find_biggest_color_pop    0045a33a f   libs-vc-win32:jquant2.obj
 0001:00059369       _find_biggest_volume       0045a369 f   libs-vc-win32:jquant2.obj
 0001:00059392       _compute_color             0045a392 f   libs-vc-win32:jquant2.obj
 0001:000594ce       _new_color_map_2_quant     0045a4ce f   libs-vc-win32:jquant2.obj
 0001:00059568       _create_colormap           0045a568 f   libs-vc-win32:jquant1.obj
 0001:0005969a       _select_ncolors            0045a69a f   libs-vc-win32:jquant1.obj
 0001:00059771       _create_colorindex         0045a771 f   libs-vc-win32:jquant1.obj
 0001:0005989d       _alloc_fs_workspace        0045a89d f   libs-vc-win32:jquant1.obj
 0001:000598d9       _start_pass_1_quant        0045a8d9 f   libs-vc-win32:jquant1.obj
 0001:000599a5       _create_odither_tables     0045a9a5 f   libs-vc-win32:jquant1.obj
 0001:00059a04       _make_odither_array        0045aa04 f   libs-vc-win32:jquant1.obj
 0001:00059a67       _color_quantize            0045aa67 f   libs-vc-win32:jquant1.obj
 0001:00059af2       _color_quantize3           0045aaf2 f   libs-vc-win32:jquant1.obj
 0001:00059b80       _quantize_ord_dither       0045ab80 f   libs-vc-win32:jquant1.obj
 0001:00059c6b       _quantize3_ord_dither      0045ac6b f   libs-vc-win32:jquant1.obj
 0001:00059d6b       _quantize_fs_dither        0045ad6b f   libs-vc-win32:jquant1.obj
 0001:00059eef       _new_color_map_1_quant     0045aeef f   libs-vc-win32:jquant1.obj
 0001:00059f92       _start_pass_main           0045af92 f   libs-vc-win32:jcmainct.obj
 0001:00059fd4       _process_data_simple_main  0045afd4 f   libs-vc-win32:jcmainct.obj
 0001:0005a11a       _start_pass_prep           0045b11a f   libs-vc-win32:jcprepct.obj
 0001:0005a158       _pre_process_data          0045b158 f   libs-vc-win32:jcprepct.obj
 0001:0005a306       _pre_process_context       0045b306 f   libs-vc-win32:jcprepct.obj
 0001:0005a4bf       _create_context_buffer     0045b4bf f   libs-vc-win32:jcprepct.obj
 0001:0005a71e       _sep_downsample            0045b71e f   libs-vc-win32:jcsample.obj
 0001:0005a793       _int_downsample            0045b793 f   libs-vc-win32:jcsample.obj
 0001:0005a88b       _expand_right_edge         0045b88b f   libs-vc-win32:jcsample.obj
 0001:0005a8e0       _fullsize_downsample       0045b8e0 f   libs-vc-win32:jcsample.obj
 0001:0005a924       _h2v1_downsample           0045b924 f   libs-vc-win32:jcsample.obj
 0001:0005a9b8       _h2v2_downsample           0045b9b8 f   libs-vc-win32:jcsample.obj
 0001:0005aa65       _h2v2_smooth_downsample    0045ba65 f   libs-vc-win32:jcsample.obj
 0001:0005acdd       _fullsize_smooth_downsample 0045bcdd f   libs-vc-win32:jcsample.obj
 0001:0005afd2       _rgb_ycc_start             0045bfd2 f   libs-vc-win32:jccolor.obj
 0001:0005b096       _rgb_ycc_convert           0045c096 f   libs-vc-win32:jccolor.obj
 0001:0005b195       _rgb_gray_convert          0045c195 f   libs-vc-win32:jccolor.obj
 0001:0005b21a       _cmyk_ycck_convert         0045c21a f   libs-vc-win32:jccolor.obj
 0001:0005b352       _grayscale_convert         0045c352 f   libs-vc-win32:jccolor.obj
 0001:0005b3ac       _null_convert              0045c3ac f   libs-vc-win32:jccolor.obj
 0001:0005b4e6       _initial_setup             0045c4e6 f   libs-vc-win32:jcmaster.obj
 0001:0005b699       _validate_script           0045c699 f   libs-vc-win32:jcmaster.obj
 0001:0005ba71       _prepare_for_pass          0045ca71 f   libs-vc-win32:jcmaster.obj
 0001:0005bbe9       _select_scan_parameters    0045cbe9 f   libs-vc-win32:jcmaster.obj
 0001:0005bcea       _per_scan_setup            0045ccea f   libs-vc-win32:jcmaster.obj
 0001:0005be95       _pass_startup              0045ce95 f   libs-vc-win32:jcmaster.obj
 0001:0005bebc       _finish_pass_master        0045cebc f   libs-vc-win32:jcmaster.obj
 0001:0005bf91       _start_pass                0045cf91 f   libs-vc-win32:jclossy.obj
 0001:0005c025       _start_pass                0045d025 f   libs-vc-win32:jclossls.obj
 0001:0005c0d6       _calc_output_dimensions    0045d0d6 f   libs-vc-win32:jdlossy.obj
 0001:0005c249       _start_input_pass          0045d249 f   libs-vc-win32:jdlossy.obj
 0001:0005c269       _latch_quant_tables        0045d269 f   libs-vc-win32:jdlossy.obj
 0001:0005c301       _start_output_pass         0045d301 f   libs-vc-win32:jdlossy.obj
 0001:0005c397       _calc_output_dimensions    0045d397 f   libs-vc-win32:jdlossls.obj
 0001:0005c3a8       _start_input_pass          0045d3a8 f   libs-vc-win32:jdlossls.obj
 0001:0005c47f       _start_pass_coef           0045d47f f   libs-vc-win32:jccoefct.obj
 0001:0005c514       _start_iMCU_row            0045d514 f   libs-vc-win32:jccoefct.obj
 0001:0005c514       _start_iMCU_row            0045d514 f   libs-vc-win32:jccoefct.obj
 0001:0005c556       _compress_data             0045d556 f   libs-vc-win32:jccoefct.obj
 0001:0005c73d       _compress_first_pass       0045d73d f   libs-vc-win32:jccoefct.obj
 0001:0005c923       _compress_output           0045d923 f   libs-vc-win32:jccoefct.obj
 0001:0005caee       _start_pass_huff           0045daee f   libs-vc-win32:jcshuff.obj
 0001:0005cc63       _encode_mcu_huff           0045dc63 f   libs-vc-win32:jcshuff.obj
 0001:0005cd6e       _encode_one_block          0045dd6e f   libs-vc-win32:jcshuff.obj
 0001:0005cee5       _emit_bits                 0045dee5 f   libs-vc-win32:jcshuff.obj
 0001:0005cf88       _dump_buffer               0045df88 f   libs-vc-win32:jcshuff.obj
 0001:0005cfac       _emit_restart              0045dfac f   libs-vc-win32:jcshuff.obj
 0001:0005d019       _flush_bits                0045e019 f   libs-vc-win32:jcshuff.obj
 0001:0005d03d       _finish_pass_huff          0045e03d f   libs-vc-win32:jcshuff.obj
 0001:0005d0ac       _encode_mcu_gather         0045e0ac f   libs-vc-win32:jcshuff.obj
 0001:0005d162       _htest_one_block           0045e162 f   libs-vc-win32:jcshuff.obj
 0001:0005d229       _finish_pass_gather        0045e229 f   libs-vc-win32:jcshuff.obj
 0001:0005d353       _start_pass_phuff          0045e353 f   libs-vc-win32:jcphuff.obj
 0001:0005d4c0       _encode_mcu_DC_first       0045e4c0 f   libs-vc-win32:jcphuff.obj
 0001:0005d5f2       _emit_bits                 0045e5f2 f   libs-vc-win32:jcphuff.obj
 0001:0005d69d       _dump_buffer               0045e69d f   libs-vc-win32:jcphuff.obj
 0001:0005d6d5       _emit_symbol               0045e6d5 f   libs-vc-win32:jcphuff.obj
 0001:0005d715       _emit_restart              0045e715 f   libs-vc-win32:jcphuff.obj
 0001:0005d79e       _emit_eobrun               0045e79e f   libs-vc-win32:jcphuff.obj
 0001:0005d824       _encode_mcu_AC_first       0045e824 f   libs-vc-win32:jcphuff.obj
 0001:0005d9b8       _encode_mcu_DC_refine      0045e9b8 f   libs-vc-win32:jcphuff.obj
 0001:0005da72       _encode_mcu_AC_refine      0045ea72 f   libs-vc-win32:jcphuff.obj
 0001:0005dc89       _finish_pass_phuff         0045ec89 f   libs-vc-win32:jcphuff.obj
 0001:0005dcd8       _finish_pass_gather_phuff  0045ecd8 f   libs-vc-win32:jcphuff.obj
 0001:0005dd9b       _need_optimization_pass    0045ed9b f   libs-vc-win32:jcphuff.obj
 0001:0005de1e       _start_pass_fdctmgr        0045ee1e f   libs-vc-win32:jcdctmgr.obj
 0001:0005df20       _forward_DCT_float         0045ef20 f   libs-vc-win32:jcdctmgr.obj
 0001:0005e20b       _start_pass_diff           0045f20b f   libs-vc-win32:jcdiffct.obj
 0001:0005e2a9       _compress_data             0045f2a9 f   libs-vc-win32:jcdiffct.obj
 0001:0005e43f       _compress_first_pass       0045f43f f   libs-vc-win32:jcdiffct.obj
 0001:0005e534       _compress_output           0045f534 f   libs-vc-win32:jcdiffct.obj
 0001:0005e5eb       _start_pass_huff           0045f5eb f   libs-vc-win32:jclhuff.obj
 0001:0005e788       _encode_mcus_huff          0045f788 f   libs-vc-win32:jclhuff.obj
 0001:0005e973       _emit_bits                 0045f973 f   libs-vc-win32:jclhuff.obj
 0001:0005ea16       _dump_buffer               0045fa16 f   libs-vc-win32:jclhuff.obj
 0001:0005ea3a       _emit_restart              0045fa3a f   libs-vc-win32:jclhuff.obj
 0001:0005ea85       _flush_bits                0045fa85 f   libs-vc-win32:jclhuff.obj
 0001:0005eaa9       _finish_pass_huff          0045faa9 f   libs-vc-win32:jclhuff.obj
 0001:0005eb16       _encode_mcus_gather        0045fb16 f   libs-vc-win32:jclhuff.obj
 0001:0005ec3f       _finish_pass_gather        0045fc3f f   libs-vc-win32:jclhuff.obj
 0001:0005ecf9       _start_pass                0045fcf9 f   libs-vc-win32:jcpred.obj
 0001:0005ed51       _reset_predictor           0045fd51 f   libs-vc-win32:jcpred.obj
 0001:0005ed7e       _jpeg_difference_first_row 0045fd7e f   libs-vc-win32:jcpred.obj
 0001:0005ee68       _jpeg_difference1          0045fe68 f   libs-vc-win32:jcpred.obj
 0001:0005eed6       _jpeg_difference2          0045fed6 f   libs-vc-win32:jcpred.obj
 0001:0005ef47       _jpeg_difference3          0045ff47 f   libs-vc-win32:jcpred.obj
 0001:0005efbf       _jpeg_difference4          0045ffbf f   libs-vc-win32:jcpred.obj
 0001:0005f04a       _jpeg_difference5          0046004a f   libs-vc-win32:jcpred.obj
 0001:0005f0dd       _jpeg_difference6          004600dd f   libs-vc-win32:jcpred.obj
 0001:0005f16c       _jpeg_difference7          0046016c f   libs-vc-win32:jcpred.obj
 0001:0005f201       _scaler_start_pass         00460201 f   libs-vc-win32:jcscale.obj
 0001:0005f224       _simple_downscale          00460224 f   libs-vc-win32:jcscale.obj
 0001:0005f250       _noscale                   00460250 f   libs-vc-win32:jcscale.obj
 0001:0005f368       _start_input_pass          00460368 f   libs-vc-win32:jdcoefct.obj
 0001:0005f37b       _start_iMCU_row            0046037b f   libs-vc-win32:jdcoefct.obj
 0001:0005f3c0       _start_output_pass         004603c0 f   libs-vc-win32:jdcoefct.obj
 0001:0005f3fd       _decompress_onepass        004603fd f   libs-vc-win32:jdcoefct.obj
 0001:0005f5d6       _consume_data              004605d6 f   libs-vc-win32:jdcoefct.obj
 0001:0005f78f       _decompress_data           0046078f f   libs-vc-win32:jdcoefct.obj
 0001:0005f8fb       _smoothing_ok              004608fb f   libs-vc-win32:jdcoefct.obj
 0001:0005f9e6       _decompress_smooth_data    004609e6 f   libs-vc-win32:jdcoefct.obj
 0001:0005ff7f       _start_pass_huff_decoder   00460f7f f   libs-vc-win32:jdshuff.obj
 0001:000600b7       _decode_mcu                004610b7 f   libs-vc-win32:jdshuff.obj
 0001:00060467       _process_restart           00461467 f   libs-vc-win32:jdshuff.obj
 0001:00060538       _start_pass_phuff_decoder  00461538 f   libs-vc-win32:jdphuff.obj
 0001:00060781       _decode_mcu_DC_first       00461781 f   libs-vc-win32:jdphuff.obj
 0001:00060979       _process_restart           00461979 f   libs-vc-win32:jdphuff.obj
 0001:000609e8       _decode_mcu_AC_first       004619e8 f   libs-vc-win32:jdphuff.obj
 0001:00060c08       _decode_mcu_DC_refine      00461c08 f   libs-vc-win32:jdphuff.obj
 0001:00060cdd       _decode_mcu_AC_refine      00461cdd f   libs-vc-win32:jdphuff.obj
 0001:000610e6       _start_pass                004620e6 f   libs-vc-win32:jddctmgr.obj
 0001:0006138a       _start_input_pass          0046238a f   libs-vc-win32:jddiffct.obj
 0001:000613f2       _start_iMCU_row            004623f2 f   libs-vc-win32:jddiffct.obj
 0001:00061437       _start_output_pass         00462437 f   libs-vc-win32:jddiffct.obj
 0001:00061443       _decompress_data           00462443 f   libs-vc-win32:jddiffct.obj
 0001:000615b3       _process_restart           004625b3 f   libs-vc-win32:jddiffct.obj
 0001:000615e8       _consume_data              004625e8 f   libs-vc-win32:jddiffct.obj
 0001:0006165f       _output_data               0046265f f   libs-vc-win32:jddiffct.obj
 0001:000617a6       _scaler_start_pass         004627a6 f   libs-vc-win32:jdscale.obj
 0001:000617f3       _simple_upscale            004627f3 f   libs-vc-win32:jdscale.obj
 0001:00061829       _simple_downscale          00462829 f   libs-vc-win32:jdscale.obj
 0001:0006185f       _noscale                   0046285f f   libs-vc-win32:jdscale.obj
 0001:00061897       _predict_start_pass        00462897 f   libs-vc-win32:jdpred.obj
 0001:00061925       _jpeg_undifference_first_row 00462925 f   libs-vc-win32:jdpred.obj
 0001:000619fe       _jpeg_undifference1        004629fe f   libs-vc-win32:jdpred.obj
 0001:00061a40       _jpeg_undifference2        00462a40 f   libs-vc-win32:jdpred.obj
 0001:00061a89       _jpeg_undifference3        00462a89 f   libs-vc-win32:jdpred.obj
 0001:00061add       _jpeg_undifference4        00462add f   libs-vc-win32:jdpred.obj
 0001:00061b33       _jpeg_undifference5        00462b33 f   libs-vc-win32:jdpred.obj
 0001:00061b98       _jpeg_undifference6        00462b98 f   libs-vc-win32:jdpred.obj
 0001:00061bf0       _jpeg_undifference7        00462bf0 f   libs-vc-win32:jdpred.obj
 0001:00061c7b       _start_pass_lhuff_decoder  00462c7b f   libs-vc-win32:jdlhuff.obj
 0001:00061dac       _process_restart           00462dac f   libs-vc-win32:jdlhuff.obj
 0001:00061df6       _decode_mcus               00462df6 f   libs-vc-win32:jdlhuff.obj
 0001:00063910       _$E1                       00464910 f   OutputDevice.obj
 0001:0006391c       _$E4                       0046491c f   OutputDevice.obj
 0001:00063928       _$E1                       00464928 f   ErrorMgr.obj
 0001:00063947       _$E4                       00464947 f   ErrorMgr.obj
 0001:00063953       _$E1                       00464953 f   sv_text.obj
 0001:00063969       _$E1                       00464969 f   QuakeFileSystem.obj
 0001:00063975       _$E1                       00464975 f   sys_win.obj
 0001:00063981       _$E1                       00464981 f   gl_text.obj
 0001:00063997       _$E2                       00464997 f   OutputDevice.obj
 0001:000639a2       _$E5                       004649a2 f   OutputDevice.obj
 0001:000639ad       _$E2                       004649ad f   ErrorMgr.obj
 0001:000639b7       _$E5                       004649b7 f   ErrorMgr.obj
 0001:000639c1       _$E2                       004649c1 f   sv_text.obj
 0001:000639ce       _$E2                       004649ce f   QuakeFileSystem.obj
 0001:000639d9       _$E2                       004649d9 f   sys_win.obj
 0001:000639e4       _$E2                       004649e4 f   gl_text.obj
