 Quake2

 Timestamp is 5412d956 (Fri Sep 12 15:30:30 2014)

 Preferred load address is 00400000

 Start         Length     Name                   Class
 0001:00000000 0006c980H .text                   CODE
 0001:0006c980 000000c1H .text$yc                CODE
 0001:0006ca41 0000005aH .text$yd                CODE
 0002:00000000 000002f8H .idata$5                DATA
 0002:000002f8 00000004H .CRT$XCA                DATA
 0002:000002fc 00000004H .CRT$XCAA               DATA
 0002:00000300 00000020H .CRT$XCU                DATA
 0002:00000320 00000004H .CRT$XCZ                DATA
 0002:00000324 00000004H .CRT$XIA                DATA
 0002:00000328 00000004H .CRT$XIAA               DATA
 0002:0000032c 00000004H .CRT$XIY                DATA
 0002:00000330 00000004H .CRT$XIZ                DATA
 0002:00000340 00015f74H .rdata                  DATA
 0002:000162b4 00000043H .rdata$debug            DATA
 0002:000162f8 000013ccH .rdata$r                DATA
 0002:000176c4 00000004H .rtc$IAA                DATA
 0002:000176c8 00000004H .rtc$IZZ                DATA
 0002:000176cc 00000004H .rtc$TAA                DATA
 0002:000176d0 00000004H .rtc$TZZ                DATA
 0002:000176d8 00001d34H .xdata$x                DATA
 0002:0001940c 00000078H .idata$2                DATA
 0002:00019484 00000014H .idata$3                DATA
 0002:00019498 000002f8H .idata$4                DATA
 0002:00019790 00000a70H .idata$6                DATA
 0002:0001a200 00000000H .edata                  DATA
 0003:00000000 00008e80H .data                   DATA
 0003:00008e80 0045fc34H .bss                    DATA
 0004:00000000 00000130H .rsrc$01                DATA
 0004:00000130 00003f20H .rsrc$02                DATA

  Address         Publics by Value              Rva+Base       Lib:Object

 0000:00000000       ___safe_se_handler_count   00000000     <absolute>
 0000:00000000       __except_list              00000000     <absolute>
 0000:00000000       ___safe_se_handler_table   00000000     <absolute>
 0000:00009876       __ldused                   00009876     <absolute>
 0000:00009876       __fltused                  00009876     <absolute>
 0000:00000000       ___ImageBase               00400000     <linker-defined>
 0001:00000000       ??3@YAXPAX@Z               00401000 f i CoreMain.obj
 0001:00000009       ?appTimestamp@@YAPBDXZ     00401009 f   CoreMain.obj
 0001:00000047       ?appInit@@YAXXZ            00401047 f   CoreMain.obj
 0001:000000a0       ?appExit@@YAXXZ            004010a0 f   CoreMain.obj
 0001:000000aa       ?appMilliseconds@@YAIXZ    004010aa f   CoreWin32.obj
 0001:000000f6       ?appGetSystemErrorMessage@@YAPBDI@Z 004010f6 f   CoreWin32.obj
 0001:0000016e       ?appAllowFpuXcpt@@YAX_N@Z  0040116e f   CoreWin32.obj
 0001:000001a1       ?appShutdownPlatform@@YAXXZ 004011a1 f   CoreWin32.obj
 0001:000001aa       ?sprintf@?$TString@$0BAA@@@QAAHPBDZZ 004011aa f i CoreWin32.obj
 0001:00000345       ?appPackage@@YAPBDXZ       00401345 f   CoreWin32.obj
 0001:0000039c       ?appDisplayError@@YAXXZ    0040139c f   CoreWin32.obj
 0001:00000401       ?appInitPlatform@@YAXXZ    00401401 f   CoreWin32.obj
 0001:00000746       ?appDetectCPU@@YAXXZ       00401746 f   CoreCpuid.obj
 0001:00000750       ?appSymbolName@@YA_NIPADH@Z 00401750 f   DbgSymbols.obj
 0001:00000874       ?appSymbolName@@YAPBDI@Z   00401874 f   DbgSymbols.obj
 0001:000008ac       ?appLoadDebugSymbols@@YAXXZ 004018ac f   DbgSymbols.obj
 0001:000009ff       ?osGetAddressPackage@@YA_NIPADHAAH@Z 004019ff f   DbgSymbolsWin32.obj
 0001:00000a97       ?osGetAddressSymbol@@YA_NIPADHAAH@Z 00401a97 f   DbgSymbolsWin32.obj
 0001:00000bfe       ?Link@FMemHeader@@QAEXXZ   00401bfe f i Memory.obj
 0001:00000c1d       ?Unlink@FMemHeader@@QAEXXZ 00401c1d f i Memory.obj
 0001:00000c48       ?Link@CMemoryChain@@AAEXXZ 00401c48 f   Memory.obj
 0001:00000c67       ?Unlink@CMemoryChain@@AAEXXZ 00401c67 f   Memory.obj
 0001:00000c92       ??3CMemoryChain@@SAXPAX@Z  00401c92 f   Memory.obj
 0001:00000cee       ?GetSize@CMemoryChain@@QBEHXZ 00401cee f   Memory.obj
 0001:00000d36       ??$Sign@H@@YAHH@Z          00401d36 f i Memory.obj
 0001:00000d4e       ?appFree@@YAXPAX@Z         00401d4e f   Memory.obj
 0001:00000da8       ??2CMemoryChain@@SAPAXIH@Z 00401da8 f   Memory.obj
 0001:00000e47       ?Alloc@CMemoryChain@@QAEPAXIH@Z 00401e47 f   Memory.obj
 0001:00000ede       ?BuildAllocatorsTable@@YAHPAXH@Z 00401ede f   Memory.obj
 0001:00001368       ?appMalloc@@YAPAXIH@Z      00402368 f   Memory.obj
 0001:000014ba       ?appInitMemory@@YAXXZ      004024ba f   Memory.obj
 0001:00001502       ?Show@CSunLight@OpenGLDrv@@UBEXXZ 00402502 f i gl_bspmodel.obj
 0001:00001502       _jpeg_mem_term             00402502 f i libs-vc-win32:jmemnobs.obj
 0001:00001502       ?Flush@COutputDevice@@UAEXXZ 00402502 f i OutputDevice.obj
 0001:00001502       ?Close@COutputDevice@@UAEXXZ 00402502 f i OutputDevice.obj
 0001:00001503       ?Tesselate@surfaceNull_t@OpenGLDrv@@UAEXAAUrefEntity_t@2@@Z 00402503 f i gl_bspmodel.obj
 0001:00001503       ?DrawLabel@model_t@OpenGLDrv@@UAEXPAUrefEntity_t@2@@Z 00402503 f i gl_frontend.obj
 0001:00001503       ?Write@COutputDeviceNull@@UAEXPBD@Z 00402503 f i OutputDevice.obj
 0001:00001506       ??_GCOutputDeviceWin32Console@@UAEPAXI@Z 00402506 f i sys_win.obj
 0001:00001506       ??_GCOutputDeviceNull@@UAEPAXI@Z 00402506 f i OutputDevice.obj
 0001:00001506       ??_GCOutputDeviceLog@@UAEPAXI@Z 00402506 f i OutputDevice.obj
 0001:00001506       ??_ECOutputDeviceWin32Console@@UAEPAXI@Z 00402506 f i sys_win.obj
 0001:00001506       ??_ECOutputDeviceLog@@UAEPAXI@Z 00402506 f i OutputDevice.obj
 0001:00001506       ??_ECOutputDevice@@UAEPAXI@Z 00402506 f i OutputDevice.obj
 0001:00001506       ??_ECOutputDeviceNull@@UAEPAXI@Z 00402506 f i OutputDevice.obj
 0001:00001506       ??_GCOutputDevice@@UAEPAXI@Z 00402506 f i OutputDevice.obj
 0001:00001526       ?Printf@COutputDevice@@QAAXPBDZZ 00402526 f   OutputDevice.obj
 0001:000015a5       ?Register@COutputDevice@@QAEXXZ 004025a5 f   OutputDevice.obj
 0001:000015fe       ?Unregister@COutputDevice@@QAEXXZ 004025fe f   OutputDevice.obj
 0001:00001643       ?appPrintf@@YAXPBDZZ       00402643 f   OutputDevice.obj
 0001:0000177e       ?appWPrintf@@YAXPBDZZ      0040277e f   OutputDevice.obj
 0001:000017db       ?Write@COutputDeviceLog@@UAEXPBD@Z 004027db f i OutputDevice.obj
 0001:0000180f       ?Write@COutputDeviceFile@@UAEXPBD@Z 0040280f f i ErrorMgr.obj
 0001:00001866       ?Flush@COutputDeviceFile@@UAEXXZ 00402866 f i ErrorMgr.obj
 0001:00001876       ?Open@COutputDeviceFile@@QAEXPBD_N@Z 00402876 f i ErrorMgr.obj
 0001:000018bc       ?Close@COutputDeviceFile@@UAEXXZ 004028bc f i ErrorMgr.obj
 0001:000018d4       ??1COutputDeviceMemTail@@UAE@XZ 004028d4 f i ErrorMgr.obj
 0001:000018f3       ?GetTail@COutputDeviceMemTail@@QAEPBDH@Z 004028f3 f i ErrorMgr.obj
 0001:0000191d       ?Write@COutputDeviceMemTail@@UAEXPBD@Z 0040291d f i ErrorMgr.obj
 0001:00001a12       ??_GCOutputDeviceMemTail@@UAEPAXI@Z 00402a12 f i ErrorMgr.obj
 0001:00001a12       ??_ECOutputDeviceMemTail@@UAEPAXI@Z 00402a12 f i ErrorMgr.obj
 0001:00001a31       ?appGetErrorLog@@YAPAVCOutputDevice@@XZ 00402a31 f   ErrorMgr.obj
 0001:00001a95       ?sprintf@?$TString@$0CAA@@@QAAHPBDZZ 00402a95 f i ErrorMgr.obj
 0001:00001abc       ??1COutputDeviceFile@@UAE@XZ 00402abc f i ErrorMgr.obj
 0001:00001ad9       ??_GCOutputDeviceFile@@UAEPAXI@Z 00402ad9 f i ErrorMgr.obj
 0001:00001ad9       ??_ECOutputDeviceFile@@UAEPAXI@Z 00402ad9 f i ErrorMgr.obj
 0001:00001af8       ?appBeginError@@YAPAVCOutputDevice@@PBD@Z 00402af8 f   ErrorMgr.obj
 0001:00001c2d       ?appFatalError@@YAXPBDZZ   00402c2d f   ErrorMgr.obj
 0001:00001c84       ?appNonFatalError@@YAXPBDZZ 00402c84 f   ErrorMgr.obj
 0001:00001ce6       ?appUnwindPrefix@@YAXPBD@Z 00402ce6 f   ErrorMgr.obj
 0001:00001d3f       ?appUnwindThrow@@YAXPBDZZ  00402d3f f   ErrorMgr.obj
 0001:00001daf       ?Reset@CErrorHandler@@QAEXXZ 00402daf f   ErrorMgr.obj
 0001:00001e87       ?appInitError@@YAXXZ       00402e87 f   ErrorMgr.obj
 0001:00001eb7       ?appShutdownError@@YAXXZ   00402eb7 f   ErrorMgr.obj
 0001:00001f41       ?sprintf@?$TString@$0EAA@@@QAAHPBDZZ 00402f41 f i ExceptHandlerWin32.obj
 0001:00001f68       ?win32ExceptFilter@@YGJPAU_EXCEPTION_POINTERS@@@Z 00402f68 f   ExceptHandlerWin32.obj
 0001:00002106       ?win32ExceptFilter2@@YAIXZ 00403106 f   ExceptHandlerWin32.obj
 0001:0000219c       ?DumpRegs@@YAXPAVCOutputDevice@@PAU_CONTEXT@@@Z 0040319c f   ExceptDumpers.obj
 0001:000022a5       ?DumpMem@@YAXPAVCOutputDevice@@PBIPAU_CONTEXT@@@Z 004032a5 f   ExceptDumpers.obj
 0001:00002485       ?UnwindEbpFrame@@YAXPAVCOutputDevice@@PBI@Z 00403485 f   ExceptDumpers.obj
 0001:0000252e       ?GetLine@CSimpleParser@@QAEPBDXZ 0040352e f   ScriptParser.obj
 0001:00002644       ?SkipBraces@CSimpleParser@@QAEPBDXZ 00403644 f   ScriptParser.obj
 0001:00002678       ?appStricmp@@YAHPBD0@Z     00403678 f   Strings.obj
 0001:000026b3       ?appStrncpylwr@@YAXPADPBDH@Z 004036b3 f   Strings.obj
 0001:000026e6       ?appStrncpyz@@YAXPADPBDH@Z 004036e6 f   Strings.obj
 0001:0000270d       ?appStrcatn@@YAXPADHPBD@Z  0040370d f   Strings.obj
 0001:00002739       ?appCopyFilename@@YAXPADPBDH@Z 00403739 f   Strings.obj
 0001:00002847       ?appCStrlen@@YAHPBD@Z      00403847 f   Strings.obj
 0001:0000286d       ?appUncolorizeString@@YAXPADPBD@Z 0040386d f   Strings.obj
 0001:0000289d       ?va@@YAPBDPBDZZ            0040389d f   Strings.obj
 0001:00002968       ?appSprintf@@YAHPADHPBDZZ  00403968 f   Strings.obj
 0001:000029d6       ?appIsWildcard@@YA_NPBD@Z  004039d6 f   Strings.obj
 0001:00002a02       ?appStrdup@@YAPADPBD@Z     00403a02 f   Strings.obj
 0001:00002a37       ?appStrdup@@YAPADPBDPAVCMemoryChain@@@Z 00403a37 f   Strings.obj
 0001:00002a68       ??0CStringItem@@QAE@XZ     00403a68 f   Strings.obj
 0001:00002a73       ??2CStringItem@@SAPAXIPBDPAVCMemoryChain@@@Z 00403a73 f   Strings.obj
 0001:00002ac7       ?Find@CStringList@@IAEPAVCStringItem@@PBDPAPAV2@@Z 00403ac7 f   Strings.obj
 0001:00002b34       ?Find@CStringList@@IAEPAVCStringItem@@H@Z 00403b34 f   Strings.obj
 0001:00002b7b       ?IndexOf@CStringList@@QAEHPBD@Z 00403b7b f   Strings.obj
 0001:00002bdf       ?Remove@CStringList@@QAE_NPAVCStringItem@@@Z 00403bdf f   Strings.obj
 0001:00002c41       ?appMatchWildcard@@YA_NPBD0_N@Z 00403c41 f   Strings.obj
 0001:00002e5b       ??2CStringItem@@SAPAXIPBD@Z 00403e5b f   Strings.obj
 0001:00002ec6       ?Enumerate@CTextContainer@@QAEXP6AXPBUCTextRec@@@Z@Z 00403ec6 f   TextContainer.obj
 0001:00002f10       ?Add@CTextContainer@@QAEPAUCTextRec@@PBD@Z 00403f10 f   TextContainer.obj
 0001:00002f9a       ??_GCFile@@UAEPAXI@Z       00403f9a f i FileSystem.obj
 0001:00002f9a       ??_ECFile@@UAEPAXI@Z       00403f9a f i FileSystem.obj
 0001:00002fba       ??_GCFileContainerOS@@UAEPAXI@Z 00403fba f i FileSystem.obj
 0001:00002fba       ??_GCFileContainer@@UAEPAXI@Z 00403fba f i FileSystem.obj
 0001:00002fba       ??_ECFileContainerOS@@UAEPAXI@Z 00403fba f i FileSystem.obj
 0001:00002fba       ??_ECFileContainer@@UAEPAXI@Z 00403fba f i FileSystem.obj
 0001:00002fda       ??0CFileContainerOS@@QAE@XZ 00403fda f i FileSystem.obj
 0001:00002ff6       ?GetType@CFileContainerOS@@MAEPBDXZ 00403ff6 f i FileSystem.obj
 0001:00002ffc       ?FileExists@CFileContainerOS@@UAE_NPBD@Z 00403ffc f i FileSystem.obj
 0001:00003026       ?List@CFileContainerOS@@UAEXAAVCFileList@@PBDI@Z 00404026 f i FileSystem.obj
 0001:00003066       ?SubtractPath@@YAPBDPBD0@Z 00404066 f   FileSystem.obj
 0001:0000312a       ??1CFileOS@@UAE@XZ         0040412a f i FileSystem.obj
 0001:0000314a       ?Read@CFileOS@@UAEHPAXH@Z  0040414a f i FileSystem.obj
 0001:00003171       ?GetSize@CFileOS@@UAEHXZ   00404171 f i FileSystem.obj
 0001:000031bc       ?Eof@CFileOS@@UAE_NXZ      004041bc f i FileSystem.obj
 0001:000031d5       ??_ECFileOS@@UAEPAXI@Z     004041d5 f i FileSystem.obj
 0001:000031d5       ??_GCFileOS@@UAEPAXI@Z     004041d5 f i FileSystem.obj
 0001:000031f4       ?ReadByte@CFile@@QAEEXZ    004041f4 f   FileSystem.obj
 0001:0000320c       ?ReadInt@CFile@@QAEHXZ     0040420c f   FileSystem.obj
 0001:00003224       ?ReadString@CFile@@QAEXPADH@Z 00404224 f   FileSystem.obj
 0001:0000325f       ?GetType@CFileContainer@@MAEPBDXZ 0040425f f   FileSystem.obj
 0001:00003265       ?Umount@CFileSystem@@QAEXAAVCFileContainer@@@Z 00404265 f   FileSystem.obj
 0001:00003297       ?RegisterFormat@CFileSystem@@SAXP6APAVCFileContainer@@PBDPAU_iobuf@@@Z@Z 00404297 f   FileSystem.obj
 0001:000033e1       ?InsertFirst@?$TList@VCFileContainer@@@@QAEXPAVCFileContainer@@@Z 004043e1 f i FileSystem.obj
 0001:000033fd       ?appMakeDirectoryForFile@@YAXPBD@Z 004043fd f   FileSystem.obj
 0001:00003448       ?appOpenFile@@YAPAVCFile@@PBD@Z 00404448 f   FileSystem.obj
 0001:00003485       ?Mount@CFileSystem@@QAEXAAVCFileContainer@@PBD@Z 00404485 f   FileSystem.obj
 0001:000034d2       ?MountDirectory@CFileSystem@@QAEPAVCFileContainer@@PBD0@Z 004044d2 f   FileSystem.obj
 0001:00003509       ?MountArchive@CFileSystem@@QAEPAVCFileContainer@@PBD0@Z 00404509 f   FileSystem.obj
 0001:00003608       ?Umount@CFileSystem@@QAEXPBD@Z 00404608 f   FileSystem.obj
 0001:0000369e       ?List@CFileSystem@@UAEPAVCFileList@@PBDIPAV2@@Z 0040469e f   FileSystem.obj
 0001:00003872       ?FileExists@CFileSystem@@UAE_NPBDI@Z 00404872 f   FileSystem.obj
 0001:00003907       ?OpenFile@CFileSystem@@UAEPAVCFile@@PBDI@Z 00404907 f   FileSystem.obj
 0001:000039c1       ?LoadFile@CFileSystem@@QAEPAXPBDPAI@Z 004049c1 f   FileSystem.obj
 0001:00003a67       ?cUmount@@YAX_NHPAPAD@Z    00404a67 f   FileSystem.obj
 0001:00003d30       ?OpenFile@CFileContainerOS@@UAEPAVCFile@@PBD@Z 00404d30 f i FileSystem.obj
 0001:00003d50       ?Mount@CFileSystem@@QAEXPBD0@Z 00404d50 f   FileSystem.obj
 0001:00003fb8       ?cMount@@YAX_NHPAPAD@Z     00404fb8 f   FileSystem.obj
 0001:000040c2       ?appInitFileSystem@@YAXAAVCFileSystem@@@Z 004050c2 f   FileSystem.obj
 0001:00004138       ?appFileType@@YAIPBD@Z     00405138 f   FileSystemWin32.obj
 0001:00004195       ?appListDirectory@@YAXPBDAAVCFileList@@I@Z 00405195 f   FileSystemWin32.obj
 0001:0000437f       ?appMakeDirectory@@YAXPBD@Z 0040537f f   FileSystemWin32.obj
 0001:000043fd       ??E?$TStringSplitter@$0BAA@$0CP@@@QAEXXZ 004053fd f i FileContainerArc.obj
 0001:00004476       ?FindDir@CFileContainerArc@@IAEPAVFDirInfo@1@PBD_N@Z 00405476 f   FileContainerArc.obj
 0001:0000453b       ?FindFile@CFileContainerArc@@IAEPAVCStringItem@@PBD@Z 0040553b f   FileContainerArc.obj
 0001:000045bb       ?FileExists@CFileContainerArc@@UAE_NPBD@Z 004055bb f   FileContainerArc.obj
 0001:000045d0       ?OpenFile@CFileContainerArc@@UAEPAVCFile@@PBD@Z 004055d0 f   FileContainerArc.obj
 0001:000045ef       ?List@CFileContainerArc@@UAEXAAVCFileList@@PBDI@Z 004055ef f   FileContainerArc.obj
 0001:000047a4       _atan2f                    004057a4 f i Math3D.obj
 0001:000047c7       _cosf                      004057c7 f i Math3D.obj
 0001:000047e1       _sinf                      004057e1 f i Math3D.obj
 0001:000047fb       _sqrtf                     004057fb f i Math3D.obj
 0001:00004815       ?atan2@@YAMMM@Z            00405815 f i Math3D.obj
 0001:0000482e       ?dot@@YAMABUCVec3@@0@Z     0040582e f i Math3D.obj
 0001:00004853       ?VectorSubtract@@YAXABUCVec3@@0AAU1@@Z 00405853 f i Math3D.obj
 0001:00004879       ?VectorMA@@YAXABUCVec3@@M0AAU1@@Z 00405879 f i Math3D.obj
 0001:000048a8       ?VectorMA@@YAXAAUCVec3@@MABU1@@Z 004058a8 f i Math3D.obj
 0001:000048d4       ?GetLength@CVec3@@QBEMXZ   004058d4 f   Math3D.obj
 0001:000048f3       ?Normalize@CVec3@@QAEMXZ   004058f3 f   Math3D.obj
 0001:0000494e       ?VectorNormalize@@YAMABUCVec3@@AAU1@@Z 0040594e f   Math3D.obj
 0001:000049ba       ?NormalizeFast@CVec3@@QAEMXZ 004059ba f   Math3D.obj
 0001:00004a09       ?cross@@YAXABUCVec3@@0AAU1@@Z 00405a09 f   Math3D.obj
 0001:00004a45       ?VectorDistance@@YAMABUCVec3@@0@Z 00405a45 f   Math3D.obj
 0001:00004a74       ?Setup@CPlane@@QAEXXZ      00405a74 f   Math3D.obj
 0001:00004b3f       ?Clear@CBox@@QAEXXZ        00405b3f f   Math3D.obj
 0001:00004b5d       ?Expand@CBox@@QAEXABUCVec3@@@Z 00405b5d f   Math3D.obj
 0001:00004b9d       ?Expand@CBox@@QAEXABU1@@Z  00405b9d f   Math3D.obj
 0001:00004be7       ?GetCenter@CBox@@QBEXAAUCVec3@@@Z 00405be7 f   Math3D.obj
 0001:00004c0a       ?Contains@CBox@@QBE_NABUCVec3@@@Z 00405c0a f   Math3D.obj
 0001:00004c46       ?Intersects@CBox@@QBE_NABU1@@Z 00405c46 f   Math3D.obj
 0001:00004c8b       ?OnPlaneSide@CBox@@QBEHABUCPlane@@@Z 00405c8b f   Math3D.obj
 0001:00004dc7       ?TransformVector@CAxis@@QBEXABUCVec3@@AAU2@@Z 00405dc7 f   Math3D.obj
 0001:00004e03       ?UnTransformVector@CAxis@@QBEXABUCVec3@@AAU2@@Z 00405e03 f   Math3D.obj
 0001:00004e6a       ?UnTransformAxis@CAxis@@QBEXABU1@AAU1@@Z 00405e6a f   Math3D.obj
 0001:00004ec6       ?TransformPoint@CCoords@@QBEXABUCVec3@@AAU2@@Z 00405ec6 f   Math3D.obj
 0001:00004f39       ?UnTransformPoint@CCoords@@QBEXABUCVec3@@AAU2@@Z 00405f39 f   Math3D.obj
 0001:00004f98       ?UnTransformCoords@CCoords@@QBEXABU1@AAU1@@Z 00405f98 f   Math3D.obj
 0001:00004fc4       ?TransformPlane@CCoords@@QBEXABUCPlane@@AAU2@@Z 00405fc4 f   Math3D.obj
 0001:00005001       ?TransformPoint@@YAXABUCVec3@@ABUCAxis@@0AAU1@@Z 00406001 f   Math3D.obj
 0001:00005077       ?UnTransformPoint@@YAXABUCVec3@@ABUCAxis@@0AAU1@@Z 00406077 f   Math3D.obj
 0001:000050d4       ?Euler2Vecs@@YAXABUCVec3@@PAU1@11@Z 004060d4 f   Math3D.obj
 0001:00005268       ?Vec2Euler@@YAXABUCVec3@@AAU1@@Z 00406268 f   Math3D.obj
 0001:000053ad       ?Vec2Yaw@@YAMABUCVec3@@@Z  004063ad f   Math3D.obj
 0001:00005446       ?FindAxisVectors@CVec3@@QBEXAAU1@0@Z 00406446 f   Math3D.obj
 0001:000054a5       ?FromEuler@CAxis@@QAEXABUCVec3@@@Z 004064a5 f   Math3D.obj
 0001:000054e4       ?appRsqrt@@YAMM@Z          004064e4 f   MathMisc.obj
 0001:0000551d       ?NormalizeColor@@YAMABUCVec3@@AAU1@@Z 0040651d f   MathMisc.obj
 0001:00005596       ?NormalizeColor255@@YAMABUCVec3@@AAU1@@Z 00406596 f   MathMisc.obj
 0001:0000585a       ?SCR_StopCinematic@@YAXXZ  0040685a f   cl_cin.obj
 0001:00005b64       ?sprintf@?$TString@$0EA@@@QAAHPBDZZ 00406b64 f i cl_cin.obj
 0001:00005b85       ?SCR_DrawCinematic@@YA_NXZ 00406b85 f   cl_cin.obj
 0001:00005bfc       ?SCR_PlayCinematic@@YAXPBD@Z 00406bfc f   cl_cin.obj
 0001:00005e26       ?sprintf@?$TString@$0IA@@@QAAHPBDZZ 00406e26 f i cl_download.obj
 0001:000060e6       ?CL_Download_f@@YAX_NHPAPAD@Z 004070e6 f   cl_download.obj
 0001:00006780       ?CL_Precache_f@@YAXHPAPAD@Z 00407780 f   cl_download.obj
 0001:000067da       ?CL_ParseDownload@@YAXXZ   004077da f   cl_download.obj
 0001:00006970       _fabsf                     00407970 f i cl_ents.obj
 0001:0000698a       ?Lerp@@YAXABUCVec3@@0MAAU1@@Z 0040798a f i cl_ents.obj
 0001:000069c1       ?VectorAdd@@YAXABUCVec3@@0AAU1@@Z 004079c1 f i cl_ents.obj
 0001:000069e7       ?frand@@YAMXZ              004079e7 f i cl_ents.obj
 0001:00006a05       ?CL_ParseDelta@@YAXPAUclEntityState_t@@0HI_N@Z 00407a05 f   cl_ents.obj
 0001:00006f65       ?CL_ParseFrame@@YAXXZ      00407f65 f   cl_ents.obj
 0001:0000733f       ?CL_AddEntityBox@@YAXPAUclEntityState_t@@I@Z 0040833f f   cl_ents.obj
 0001:000074b8       ?OffsetThirdPersonView@@YAXXZ 004084b8 f   cl_ents.obj
 0001:000084ae       ?CL_AddEntities@@YAXXZ     004094ae f   cl_ents.obj
 0001:000085ba       _fmodf                     004095ba f i cl_fx.obj
 0001:000085dd       ?fmod@@YAMMM@Z             004095dd f i cl_fx.obj
 0001:000085f6       ?Add@CVec3@@QAEXABU1@@Z    004095f6 f i cl_fx.obj
 0001:00008618       ?CL_SetLightstyle@@YAXHPBD@Z 00409618 f   cl_fx.obj
 0001:0000867a       ?CL_AllocDlight@@YAPAUcdlight_t@@HABUCVec3@@@Z 0040967a f   cl_fx.obj
 0001:000087b4       ?CL_AllocParticleTrace@@YAPAUparticleTrace_t@@ABUCVec3@@0MM@Z 004097b4 f   cl_fx.obj
 0001:0000894f       ?CL_AllocParticleBeam@@YAPAUbeam_t@@ABUCVec3@@0MM@Z 0040994f f   cl_fx.obj
 0001:000089c3       ?CL_AllocParticle@@YAPAUparticle_t@@XZ 004099c3 f   cl_fx.obj
 0001:00008a14       ?CL_MetalSparks@@YAXABUCVec3@@0H@Z 00409a14 f   cl_fx.obj
 0001:00008af4       ?CL_ClearEffects@@YAXXZ    00409af4 f   cl_fx.obj
 0001:00008b0e       ?CL_BigTeleportParticles@@YAXABUCVec3@@@Z 00409b0e f   cl_fx.obj
 0001:00008c70       ?CL_BfgParticles@@YAXABUCVec3@@@Z 00409c70 f   cl_fx.obj
 0001:00008de4       ?CL_FlyEffect@@YAXAAUcentity_t@@@Z 00409de4 f   cl_fx.obj
 0001:00008f96       ?CL_IonripperTrail@@YAXAAUcentity_t@@@Z 00409f96 f   cl_fx.obj
 0001:000090e8       ?CL_TeleportParticles@@YAXABUCVec3@@@Z 0040a0e8 f   cl_fx.obj
 0001:0000923c       ?CL_Heatbeam@@YAXABUCVec3@@0@Z 0040a23c f   cl_fx.obj
 0001:000094fa       ?CL_ParticleSteamEffect@@YAXABUCVec3@@0HHH@Z 0040a4fa f   cl_fx.obj
 0001:0000962c       ?CL_ParticleSmokeEffect@@YAXABUCVec3@@0@Z 0040a62c f   cl_fx.obj
 0001:00009741       ?CL_TrackerTrail@@YAXAAUcentity_t@@@Z 0040a741 f   cl_fx.obj
 0001:000098b9       ?CL_TrackerShell@@YAXABUCVec3@@@Z 0040a8b9 f   cl_fx.obj
 0001:0000994f       ?CL_MonsterPlasmaShell@@YAXABUCVec3@@@Z 0040a94f f   cl_fx.obj
 0001:000099e2       ?CL_WidowSplash@@YAXABUCVec3@@@Z 0040a9e2 f   cl_fx.obj
 0001:00009ab9       ?CL_ClearLightStyles@@YAXXZ 0040aab9 f   cl_fx.obj
 0001:0000a0c5       ?CL_AddEffects@@YAXXZ      0040b0c5 f   cl_fx.obj
 0001:0000a408       ?CL_ParticleEffect@@YAXABUCVec3@@0HH@Z 0040b408 f   cl_fx.obj
 0001:0000a432       ?CL_ParticleEffect2@@YAXABUCVec3@@0HH@Z 0040b432 f   cl_fx.obj
 0001:0000a45c       ?CL_ParticleEffect3@@YAXABUCVec3@@0HH@Z 0040b45c f   cl_fx.obj
 0001:0000a486       ?CL_TeleporterParticles@@YAXPAUclEntityState_t@@@Z 0040b486 f   cl_fx.obj
 0001:0000a4a9       ?CL_LogoutEffect@@YAXABUCVec3@@H@Z 0040b4a9 f   cl_fx.obj
 0001:0000a4e3       ?CL_ItemRespawnParticles@@YAXABUCVec3@@@Z 0040b4e3 f   cl_fx.obj
 0001:0000a503       ?CL_ExplosionParticles@@YAXABUCVec3@@@Z 0040b503 f   cl_fx.obj
 0001:0000a526       ?CL_BFGExplosionParticles@@YAXABUCVec3@@@Z 0040b526 f   cl_fx.obj
 0001:0000a549       ?CL_TrackerExplosionParticles@@YAXABUCVec3@@@Z 0040b549 f   cl_fx.obj
 0001:0000a56c       ?CL_BlasterParticles@@YAXABUCVec3@@0I@Z 0040b56c f   cl_fx.obj
 0001:0000a595       ?CL_BlasterTrail@@YAXAAUcentity_t@@@Z 0040b595 f   cl_fx.obj
 0001:0000a5ab       ?CL_BlasterTrail2@@YAXAAUcentity_t@@@Z 0040b5ab f   cl_fx.obj
 0001:0000a5c1       ?CL_FlagTrail@@YAXAAUcentity_t@@H@Z 0040b5c1 f   cl_fx.obj
 0001:0000a5df       ?CL_BubbleTrail@@YAXABUCVec3@@0@Z 0040b5df f   cl_fx.obj
 0001:0000a5fb       ?CL_BubbleTrail2@@YAXABUCVec3@@0@Z 0040b5fb f   cl_fx.obj
 0001:0000a617       ?CL_TagTrail@@YAXAAUcentity_t@@@Z 0040b617 f   cl_fx.obj
 0001:0000a62d       ?CL_DebugTrail@@YAXABUCVec3@@0@Z 0040b62d f   cl_fx.obj
 0001:0000a649       ?CL_ForceWall@@YAXABUCVec3@@0H@Z 0040b649 f   cl_fx.obj
 0001:0000a66d       ?CL_DiminishingTrail@@YAXAAUcentity_t@@H@Z 0040b66d f   cl_fx.obj
 0001:0000a7eb       ?CL_RailTrail@@YAXABUCVec3@@0@Z 0040b7eb f   cl_fx.obj
 0001:0000a96b       ?CL_RailTrailExt@@YAXABUCVec3@@0EE@Z 0040b96b f   cl_fx.obj
 0001:0000aab3       ?CL_TrapParticles@@YAXABUCVec3@@@Z 0040bab3 f   cl_fx.obj
 0001:0000ac44       ?CL_EntityEvent@@YAXPAUclEntityState_t@@@Z 0040bc44 f   cl_fx.obj
 0001:0000adf1       ?CL_ParseMuzzleFlash@@YAXXZ 0040bdf1 f   cl_fx.obj
 0001:0000b140       ?CL_ParseMuzzleFlash2@@YAXXZ 0040c140 f   cl_fx.obj
 0001:0000b5de       ?CL_RocketTrail@@YAXAAUcentity_t@@@Z 0040c5de f   cl_fx.obj
 0001:0000bd70       ?CL_InitInput@@YAXXZ       0040cd70 f   cl_input.obj
 0001:0000bf7d       ?CL_SendCmd@@YAXXZ         0040cf7d f   cl_input.obj
 0001:0000c29f       ?CL_WriteDemoMessage@@YAXXZ 0040d29f f   cl_main.obj
 0001:0000c33d       ?CL_Pause@@YAX_N@Z         0040d33d f   cl_main.obj
 0001:0000c399       ?CL_SendConnectPacket@@YAXXZ 0040d399 f   cl_main.obj
 0001:0000c3ff       ?CL_Disconnect_f@@YAXXZ    0040d3ff f   cl_main.obj
 0001:0000c40a       ?CL_Changing_f@@YAXXZ      0040d40a f   cl_main.obj
 0001:0000c432       ?CL_PingServers_f@@YAXXZ   0040d432 f   cl_main.obj
 0001:0000c6fa       ?CL_ConnectionlessPacket@@YAXXZ 0040d6fa f   cl_main.obj
 0001:0000c7d5       ?CL_Userinfo_f@@YAXXZ      0040d7d5 f   cl_main.obj
 0001:0000c7f0       ?CL_RegisterSounds@@YAXXZ  0040d7f0 f   cl_main.obj
 0001:0000c82e       ?CL_Snd_Restart_f@@YAXXZ   0040d82e f   cl_main.obj
 0001:0000c83d       ?CL_FixCvarCheats@@YAXXZ   0040d83d f   cl_main.obj
 0001:0000c88e       ?CL_ClearState@@YAXXZ      0040d88e f   cl_main.obj
 0001:0000c8d7       ??0COutputDeviceFile@@QAE@PBD_N@Z 0040d8d7 f i cl_main.obj
 0001:0000cdbf       ?Cmd_ForwardToServer@@YAXHPAPAD@Z 0040ddbf f   cl_main.obj
 0001:0000ce08       ?CL_ForwardToServer_f@@YAXHPAPAD@Z 0040de08 f   cl_main.obj
 0001:0000cf77       ?CL_Rcon_f@@YAXHPAPAD@Z    0040df77 f   cl_main.obj
 0001:0000d074       ?CL_Disconnect@@YAXXZ      0040e074 f   cl_main.obj
 0001:0000d1a5       ?CL_Reconnect_f@@YAXXZ     0040e1a5 f   cl_main.obj
 0001:0000d385       ?CL_WriteConfiguration@@YAXPBD@Z 0040e385 f   cl_main.obj
 0001:0000d46a       ?CL_WriteConfig_f@@YAX_NHPAPAD@Z 0040e46a f   cl_main.obj
 0001:0000d4f4       ?CL_Frame@@YAXMM@Z         0040e4f4 f   cl_main.obj
 0001:0000d6ba       ?CL_Shutdown@@YAXXZ        0040e6ba f   cl_main.obj
 0001:0000d716       ?CL_Drop@@YAX_N@Z          0040e716 f   cl_main.obj
 0001:0000d740       ?CL_Connect_f@@YAX_NHPAPAD@Z 0040e740 f   cl_main.obj
 0001:0000d902       ?CL_Init@@YAXXZ            0040e902 f   cl_main.obj
 0001:0000dca4       ?CL_ParseClientinfo@@YAXH@Z 0040eca4 f   cl_parse.obj
 0001:0000dd5c       ?CL_UpdatePlayerClientInfo@@YAXXZ 0040ed5c f   cl_parse.obj
 0001:0000df17       ?CL_ParseServerMessage@@YAXXZ 0040ef17 f   cl_parse.obj
 0001:0000e253       ?GetAnim@entityStateEx_t@@QBEXAAH00AAM@Z 0040f253 f i cl_playermodel.obj
 0001:0000e29d       ?FreePlayerModelsInfo@@YAXXZ 0040f29d f   cl_playermodel.obj
 0001:0000e693       ?RunAnimation@@YAXAAUclientInfo_t@@AAUanimState_t@@H@Z 0040f693 f   cl_playermodel.obj
 0001:0000eb85       ?toLower@?$TString@$0CA@@@QAEXPBDH@Z 0040fb85 f i cl_playermodel.obj
 0001:0000f34b       ?ParsePlayerEntity@@YAHAAUcentity_t@@AAUclientInfo_t@@PAUclEntityState_t@@ABUentity_t@@PAU4@HH@Z 0041034b f   cl_playermodel.obj
 0001:0000fbe3       ?CL_LoadClientinfo@@YAXAAUclientInfo_t@@PBD_N@Z 00410be3 f   cl_playermodel.obj
 0001:0000fe94       ?CreateAndInsert@?$TList@VCStringItem@@@@QAEPAVCStringItem@@PBDPAVCMemoryChain@@@Z 00410e94 f i cl_playermodel.obj
 0001:0001020d       ?ScanPlayerModels@@YA_NXZ  0041120d f   cl_playermodel.obj
 0001:00010269       ?CL_CheckPredictionError@@YAXXZ 00411269 f   cl_pred.obj
 0001:000103de       ?CL_EntityTrace@@YAXAAUtrace_t@@ABUCVec3@@1ABUCBox@@H@Z 004113de f   cl_pred.obj
 0001:0001070c       ?CL_Trace@@YAXAAUtrace_t@@ABUCVec3@@1ABUCBox@@H@Z 0041170c f   cl_pred.obj
 0001:00010856       ?CL_PMpointcontents@@YAHABUCVec3@@@Z 00411856 f   cl_pred.obj
 0001:000109d2       ?CL_PredictMovement@@YAXXZ 004119d2 f   cl_pred.obj
 0001:00010c80       ?DrawString@@YAXHHPBD@Z    00411c80 f   cl_scrn.obj
 0001:00010cc4       ?SCR_DebugGraph@@YAXMH@Z   00411cc4 f   cl_scrn.obj
 0001:00010ddb       ?SCR_CenterPrint@@YAXPBD@Z 00411ddb f   cl_scrn.obj
 0001:00011049       ?Key_Message@@YAXH@Z       00412049 f   cl_scrn.obj
 0001:00011108       ?SCR_ShowConsole@@YAX_N0@Z 00412108 f   cl_scrn.obj
 0001:000111b5       ?SCR_ToggleConsole@@YAXXZ  004121b5 f   cl_scrn.obj
 0001:00011371       ?sprintf@?$TString@$0BA@@@QAAHPBDZZ 00412371 f i cl_scrn.obj
 0001:00011392       ?SCR_EndLoadingPlaque@@YAX_N@Z 00412392 f   cl_scrn.obj
 0001:000123f1       ?SCR_TouchPics@@YAXXZ      004133f1 f   cl_scrn.obj
 0001:00012445       ?SCR_Init@@YAXXZ           00413445 f   cl_scrn.obj
 0001:0001250b       ?SCR_UpdateScreen@@YAXXZ   0041350b f   cl_scrn.obj
 0001:000126d9       ?SCR_BeginLoadingPlaque@@YAX_N@Z 004136d9 f   cl_scrn.obj
 0001:00012751       ?SCR_LoadingNotify@@YAXPBDM@Z 00413751 f   cl_scrn.obj
 0001:0001277a       ?SCR_SetLevelshot@@YAXPBD@Z 0041377a f   cl_scrn.obj
 0001:00012889       _acosf                     00413889 f i cl_tent.obj
 0001:000128a3       ?CL_RegisterTEntSounds@@YAXXZ 004138a3 f   cl_tent.obj
 0001:00012b4a       ?CL_RegisterTEntModels@@YAXXZ 00413b4a f   cl_tent.obj
 0001:00012c3c       ?CL_ClearTEnts@@YAXXZ      00413c3c f   cl_tent.obj
 0001:00012fc3       ?CL_SmokeAndFlash@@YAXABUCVec3@@@Z 00413fc3 f   cl_tent.obj
 0001:0001372d       ?CL_ParseTEnt@@YAXXZ       0041472d f   cl_tent.obj
 0001:00014c22       ?CL_AddTEnts@@YAXXZ        00415c22 f   cl_tent.obj
 0001:00014c65       _atanf                     00415c65 f i cl_view.obj
 0001:00014c7f       ?V_AddEntity@@YAXPAUentity_t@@@Z 00415c7f f   cl_view.obj
 0001:00014cbd       ?V_AddEntity2@@YAXPAUentity_t@@@Z 00415cbd f   cl_view.obj
 0001:00014cef       ?AddEntityWithEffects2@@YAXPAUentity_t@@I@Z 00415cef f   cl_view.obj
 0001:00014d9e       ?AddEntityWithEffects@@YAXPAUentity_t@@I@Z 00415d9e f   cl_view.obj
 0001:00014e27       ?V_AddLight@@YAXABUCVec3@@MMMM@Z 00415e27 f   cl_view.obj
 0001:00015115       ?V_InitRenderer@@YAXXZ     00416115 f   cl_view.obj
 0001:000155e0       ?CalcFov@@YAMMMM@Z         004165e0 f   cl_view.obj
 0001:00015a51       ?V_Init@@YAXXZ             00416a51 f   cl_view.obj
 0001:0001605e       ?V_RenderView@@YA_NXZ      0041705e f   cl_view.obj
 0001:000163df       ?Con_ClearNotify@@YAXXZ    004173df f   console.obj
 0001:000163ee       ?Con_CheckResize@@YAXXZ    004173ee f   console.obj
 0001:0001680e       ?Con_DrawNotify@@YAX_N@Z   0041780e f   console.obj
 0001:00016971       ?Con_ClearTyping@@YAXXZ    00417971 f   console.obj
 0001:00016b32       ?Write@COutputDeviceCon@@UAEXPBD@Z 00417b32 f   console.obj
 0001:00016b92       ?Con_DrawConsole@@YAXM@Z   00417b92 f   console.obj
 0001:00016def       ?Key_Console@@YAXHH@Z      00417def f   console.obj
 0001:00017202       ?Con_Init@@YAXXZ           00418202 f   console.obj
 0001:0001737f       ?Key_KeynumToString@@YAPBDH@Z 0041837f f   keys.obj
 0001:000174ba       ?Key_SetBinding@@YAXHPBD@Z 004184ba f   keys.obj
 0001:000174f5       ?Key_FindBinding@@YAHPBDPAHH@Z 004184f5 f   keys.obj
 0001:0001778a       ?Key_WriteBindings@@YAXPAVCOutputDevice@@@Z 0041878a f   keys.obj
 0001:000177cf       ?Key_Init@@YAXXZ           004187cf f   keys.obj
 0001:00017858       ?Key_Event@@YAXH_N@Z       00418858 f   keys.obj
 0001:00017b9d       ?Key_ClearStates@@YAXXZ    00418b9d f   keys.obj
 0001:0001810b       ?Draw@completeMenu_t@@UAEXXZ 0041910b f i keys.obj
 0001:0001813b       ?KeyDown@completeMenu_t@@UAEPBDH@Z 0041913b f i keys.obj
 0001:00018167       ?CompleteMenuCallback@completeMenu_t@@SAXPAX@Z 00419167 f i keys.obj
 0001:000181f8       ?Init@completeMenu_t@@UAE_NXZ 004191f8 f i keys.obj
 0001:00018317       ?CompleteCommand@@YAXXZ    00419317 f   keys.obj
 0001:000183d1       ?M_Menu_Main_f@@YAXXZ      004193d1 f   menu.obj
 0001:000183db       ?Init@multiplayerMenu_t@@UAE_NXZ 004193db f i menu.obj
 0001:00018557       ?KeyCursorDrawFunc@keysMenu_t@@SAXPAUmenuFramework_t@@@Z 00419557 f i menu.obj
 0001:00018599       ?UnbindCommand@keysMenu_t@@QAEXPAD@Z 00419599 f i menu.obj
 0001:000185f3       ?KeyBindingFunc@keysMenu_t@@QAEXPAX@Z 004195f3 f i menu.obj
 0001:00018645       ?KeyDown@keysMenu_t@@UAEPBDH@Z 00419645 f i menu.obj
 0001:00018846       ?CrosshairFunc@optionsMenu_t@@SAXPAX@Z 00419846 f i menu.obj
 0001:0001886e       ?JoystickFunc@optionsMenu_t@@SAXPAX@Z 0041986e f i menu.obj
 0001:00018883       ?AlwaysRunFunc@optionsMenu_t@@SAXPAX@Z 00419883 f i menu.obj
 0001:00018898       ?MouseSpeedFunc@optionsMenu_t@@SAXPAX@Z 00419898 f i menu.obj
 0001:000188c0       ?InvertMouseFunc@optionsMenu_t@@SAXPAX@Z 004198c0 f i menu.obj
 0001:000188f9       ?UpdateVolumeFunc@optionsMenu_t@@SAXPAX@Z 004198f9 f i menu.obj
 0001:00018921       ?UpdateCDVolumeFunc@optionsMenu_t@@SAXPAX@Z 00419921 f i menu.obj
 0001:0001893b       ?SetMenuItemValues@optionsMenu_t@@SAXXZ 0041993b f i menu.obj
 0001:00018a81       ?ResetDefaultsFunc@optionsMenu_t@@SAXPAX@Z 00419a81 f i menu.obj
 0001:00018a96       ?UpdateSoundFunc@optionsMenu_t@@SAXPAX@Z 00419a96 f i menu.obj
 0001:00018b58       ?ScanCrosshairs@optionsMenu_t@@SAXXZ 00419b58 f i menu.obj
 0001:00018bb0       ?Init@optionsMenu_t@@UAE_NXZ 00419bb0 f i menu.obj
 0001:00018f76       ?Draw@optionsMenu_t@@UAEXXZ 00419f76 f i menu.obj
 0001:00018fd5       ?Draw@creditsMenu_t@@UAEXXZ 00419fd5 f i menu.obj
 0001:0001907b       ?KeyDown@creditsMenu_t@@UAEPBDH@Z 0041a07b f i menu.obj
 0001:000190bb       ?Init@creditsMenu_t@@UAE_NXZ 0041a0bb f i menu.obj
 0001:00019138       ?StartGame@gameMenu_t@@SAXPBD@Z 0041a138 f i menu.obj
 0001:00019193       ?EasyGameFunc@gameMenu_t@@SAXPAX@Z 0041a193 f i menu.obj
 0001:0001919f       ?MediumGameFunc@gameMenu_t@@SAXPAX@Z 0041a19f f i menu.obj
 0001:000191ab       ?HardGameFunc@gameMenu_t@@SAXPAX@Z 0041a1ab f i menu.obj
 0001:000191b7       ?Init@gameMenu_t@@UAE_NXZ  0041a1b7 f i menu.obj
 0001:00019361       ?Create_Savestrings@savegameMenu_t@@QAEXXZ 0041a361 f i menu.obj
 0001:00019421       ?DrawSavegameShot@savegameMenu_t@@QAEXHH@Z 0041a421 f i menu.obj
 0001:000194f1       ?LoadGameCallback@savegameMenu_t@@SAXPAX@Z 0041a4f1 f i menu.obj
 0001:0001951d       ?SaveGameCallback@savegameMenu_t@@SAXPAX@Z 0041a51d f i menu.obj
 0001:0001953f       ?Init@savegameMenu_t@@UAE_NXZ 0041a53f f i menu.obj
 0001:00019649       ?Draw@savegameMenu_t@@UAEXXZ 0041a649 f i menu.obj
 0001:000196a6       ?JoinServerFunc@joinserverMenu_t@@SAXPAX@Z 0041a6a6 f i menu.obj
 0001:00019709       ?SearchLocalGames@joinserverMenu_t@@SAXXZ 0041a709 f i menu.obj
 0001:00019775       ?Init@joinserverMenu_t@@UAE_NXZ 0041a775 f i menu.obj
 0001:000198bf       ?M_AddToServerList@@YAXUnetadr_t@@PBD@Z 0041a8bf f   menu.obj
 0001:00019938       ?RulesChangeFunc@startserverMenu_t@@SAXPAX@Z 0041a938 f i menu.obj
 0001:000199b0       ?StartServerFunc@startserverMenu_t@@SAXPBD@Z 0041a9b0 f i menu.obj
 0001:00019b87       ?KeyDown@startserverMenu_t@@UAEPBDH@Z 0041ab87 f i menu.obj
 0001:00019bdd       ?DownloadCallback@downloadOptionsMenu_t@@SAXPAX@Z 0041abdd f i menu.obj
 0001:00019c3b       ?Init@downloadOptionsMenu_t@@UAE_NXZ 0041ac3b f i menu.obj
 0001:00019e25       ?Init@addressBookMenu_t@@UAE_NXZ 0041ae25 f i menu.obj
 0001:00019ecf       ?KeyDown@addressBookMenu_t@@UAEPBDH@Z 0041aecf f i menu.obj
 0001:00019f28       ?SetAnim@entityStateEx_t@@QAEXHHHM@Z 0041af28 f i menu.obj
 0001:00019f53       ?HandednessCallback@playerConfigMenu_t@@SAXPAX@Z 0041af53 f i menu.obj
 0001:00019f68       ?RTypeCallback@playerConfigMenu_t@@SAXPAX@Z 0041af68 f i menu.obj
 0001:00019f7d       ?RColorCallback@playerConfigMenu_t@@SAXPAX@Z 0041af7d f i menu.obj
 0001:00019f92       ?RateCallback@playerConfigMenu_t@@SAXPAX@Z 0041af92 f i menu.obj
 0001:00019fb3       ?SkinCallback@playerConfigMenu_t@@SAXPAX@Z 0041afb3 f i menu.obj
 0001:00019fc5       ?KeyDown@dmbrowseMenu_t@@UAEPBDH@Z 0041afc5 f i menu.obj
 0001:0001a19c       ?DrawThumbnail@dmbrowseMenu_t@@SAXHHHHPBD_N@Z 0041b19c f i menu.obj
 0001:0001a289       ?DrawScroller@dmbrowseMenu_t@@SAXHHH@Z 0041b289 f i menu.obj
 0001:0001a2b8       ?Draw@dmbrowseMenu_t@@UAEXXZ 0041b2b8 f i menu.obj
 0001:0001a3e2       ?ScreenSizeCallback@videoMenu_t@@SAXPAX@Z 0041b3e2 f i menu.obj
 0001:0001a409       ?BrightnessCallback@videoMenu_t@@SAXPAX@Z 0041b409 f i menu.obj
 0001:0001a430       ?ContrastCallback@videoMenu_t@@SAXPAX@Z 0041b430 f i menu.obj
 0001:0001a478       ?ApplyChanges@videoMenu_t@@SAXPAX@Z 0041b478 f i menu.obj
 0001:0001a646       ?CancelChanges@videoMenu_t@@SAXPAX@Z 0041b646 f i menu.obj
 0001:0001a693       ?Init@videoMenu_t@@UAE_NXZ 0041b693 f i menu.obj
 0001:0001acbd       ?KeyDown@videoMenu_t@@UAEPBDH@Z 0041bcbd f i menu.obj
 0001:0001ad0c       ?KeyDown@quitMenu_t@@UAEPBDH@Z 0041bd0c f i menu.obj
 0001:0001ad47       ?Draw@quitMenu_t@@UAEXXZ   0041bd47 f i menu.obj
 0001:0001adc4       ?M_Init@@YAXXZ             0041bdc4 f   menu.obj
 0001:0001aee2       ?M_ForceMenuOn@@YAXXZ      0041bee2 f   menu.obj
 0001:0001aef1       ?Draw@menuMain_t@@UAEXXZ   0041bef1 f i menu.obj
 0001:0001b020       ?KeyDown@menuMain_t@@UAEPBDH@Z 0041c020 f i menu.obj
 0001:0001b0d4       ?Init@menuMain_t@@UAE_NXZ  0041c0d4 f i menu.obj
 0001:0001b0dc       ?DrawKeyBindingFunc@keysMenu_t@@SAXPAX@Z 0041c0dc f i menu.obj
 0001:0001b1bc       ?Init@keysMenu_t@@UAE_NXZ  0041c1bc f i menu.obj
 0001:0001b363       ?DMOptionsFunc@startserverMenu_t@@SAXPAX@Z 0041c363 f i menu.obj
 0001:0001b373       ?StartServerActionFunc@startserverMenu_t@@SAXPAX@Z 0041c373 f i menu.obj
 0001:0001b39e       ?DMFlagCallback@dmoptionsMenu_t@@SAXPAX@Z 0041c39e f i menu.obj
 0001:0001b56a       ?Init@dmoptionsMenu_t@@UAE_NXZ 0041c56a f i menu.obj
 0001:0001bb50       ?ModelCallback@playerConfigMenu_t@@SAXPAX@Z 0041cb50 f i menu.obj
 0001:0001bb84       ?Init@playerConfigMenu_t@@UAE_NXZ 0041cb84 f i menu.obj
 0001:0001c118       ?Draw@playerConfigMenu_t@@UAEXXZ 0041d118 f i menu.obj
 0001:0001c476       ?KeyDown@playerConfigMenu_t@@UAEPBDH@Z 0041d476 f i menu.obj
 0001:0001c544       ?Init@dmbrowseMenu_t@@UAE_NXZ 0041d544 f i menu.obj
 0001:0001c764       ?Init@startserverMenu_t@@UAE_NXZ 0041d764 f i menu.obj
 0001:0001cc5b       ?ItemAtCursor@menuFramework_t@@QAEPAUmenuCommon_t@@XZ 0041dc5b f   qmenu.obj
 0001:0001d0af       ?AddItem@menuFramework_t@@QAEXPAUmenuCommon_t@@@Z 0041e0af f   qmenu.obj
 0001:0001d290       ?AdjustCursor@menuFramework_t@@QAEXH@Z 0041e290 f   qmenu.obj
 0001:0001d30a       ?Center@menuFramework_t@@QAEXXZ 0041e30a f   qmenu.obj
 0001:0001d386       ?SelectItem@menuFramework_t@@QAE_NXZ 0041e386 f   qmenu.obj
 0001:0001d3c5       ?SetStatusBar@menuFramework_t@@QAEXPBD@Z 0041e3c5 f   qmenu.obj
 0001:0001d8b2       ?Push@menuFramework_t@@QAEXXZ 0041e8b2 f   qmenu.obj
 0001:0001d92e       ?M_ForceMenuOff@@YAXXZ     0041e92e f   qmenu.obj
 0001:0001d95b       ?Pop@menuFramework_t@@QAEXXZ 0041e95b f   qmenu.obj
 0001:0001d995       ?Init@menuFramework_t@@UAE_NXZ 0041e995 f   qmenu.obj
 0001:0001d998       ?M_Draw@@YAXXZ             0041e998 f   qmenu.obj
 0001:0001d9d3       ?M_Keydown@@YAXH@Z         0041e9d3 f   qmenu.obj
 0001:0001d9f5       ?Draw@menuFramework_t@@UAEXXZ 0041e9f5 f   qmenu.obj
 0001:0001dbce       ?SlideItem@menuFramework_t@@QAEXH@Z 0041ebce f   qmenu.obj
 0001:0001dc33       ?KeyDown@menuFramework_t@@UAEPBDH@Z 0041ec33 f   qmenu.obj
 0001:0001dd39       ?InitRendererVars@@YAXXZ   0041ed39 f   ref_vars.obj
 0001:0001dd58       ?S_SoundInfo_f@@YAXXZ      0041ed58 f   snd_dma.obj
 0001:0001ddd2       ?S_BeginRegistration@@YAXXZ 0041edd2 f   snd_dma.obj
 0001:0001dde0       ?S_PickChannel@@YAPAUchannel_t@@HH@Z 0041ede0 f   snd_dma.obj
 0001:0001de74       ?S_AllocPlaysound@@YAPAUplaysound_t@@XZ 0041ee74 f   snd_dma.obj
 0001:0001de95       ?S_FreePlaysound@@YAXPAUplaysound_t@@@Z 0041ee95 f   snd_dma.obj
 0001:0001dec8       ?S_ClearBuffer@@YAXXZ      0041eec8 f   snd_dma.obj
 0001:0001df21       ?S_StopAllSounds_f@@YAXXZ  0041ef21 f   snd_dma.obj
 0001:0001df9b       ?S_RawSamples@@YAXHHHHPAE@Z 0041ef9b f   snd_dma.obj
 0001:0001e19a       ?GetSoundtime@@YAXXZ       0041f19a f   snd_dma.obj
 0001:0001e201       ?S_Shutdown@@YAXXZ         0041f201 f   snd_dma.obj
 0001:0001e476       ?S_RegisterSound@@YAPAUsfx_t@@PBD@Z 0041f476 f   snd_dma.obj
 0001:0001e4f4       ?S_EndRegistration@@YAXXZ  0041f4f4 f   snd_dma.obj
 0001:0001e6cc       ?S_Spatialize@@YAXPAUchannel_t@@@Z 0041f6cc f   snd_dma.obj
 0001:0001e788       ?S_IssuePlaysound@@YAXPAUplaysound_t@@@Z 0041f788 f   snd_dma.obj
 0001:0001e97e       ?S_StartSound@@YAXPBUCVec3@@HHPAUsfx_t@@MMM@Z 0041f97e f   snd_dma.obj
 0001:0001eb45       ?S_StartLocalSound@@YAXPBD@Z 0041fb45 f   snd_dma.obj
 0001:0001ede7       ?S_Update_@@YAXXZ          0041fde7 f   snd_dma.obj
 0001:0001f072       ?S_Init@@YAXXZ             00420072 f   snd_dma.obj
 0001:0001f144       ?S_Update@@YAXABUCVec3@@0@Z 00420144 f   snd_dma.obj
 0001:0001f58d       ?S_LoadSound@@YAPAUsfxcache_t@@PAUsfx_t@@@Z 0042058d f   snd_mem.obj
 0001:0001f729       ?S_WriteLinearBlastStereo16@@YAXXZ 00420729 f   snd_mix.obj
 0001:0001f792       ?S_TransferStereo16@@YAXPAKH@Z 00420792 f   snd_mix.obj
 0001:0001f7fa       ?S_TransferPaintBuffer@@YAXH@Z 004207fa f   snd_mix.obj
 0001:0001f95c       ?S_InitScaletable@@YAXXZ   0042095c f   snd_mix.obj
 0001:0001fa99       ?S_PaintChannels@@YAXH@Z   00420a99 f   snd_mix.obj
 0001:0001fceb       ?SV_ComputeAnimation@@YAXPAUplayer_state_t@@AAUentityStateEx_t@@PAU2@PAUedict_s@@@Z 00420ceb f   sv_anim.obj
 0001:000204ea       ?SV_AddressBanned@@YA_NPAUnetadr_t@@@Z 004214ea f   sv_ccmds.obj
 0001:0002074d       ?sprintf@?$TString@$0CI@@@QAAHPBDZZ 0042174d f i sv_ccmds.obj
 0001:00020864       ?SV_ReadLevelFile@@YAXXZ   00421864 f   sv_ccmds.obj
 0001:00021958       ?SV_InitCommands@@YAXXZ    00422958 f   sv_ccmds.obj
 0001:000220a3       ?SV_WriteFrameToClient@@YAXPAUclient_t@@PAVsizebuf_t@@@Z 004230a3 f   sv_ents.obj
 0001:00022187       ?SV_RecordDemoMessage@@YAXXZ 00423187 f   sv_ents.obj
 0001:0002236f       ?SV_MulticastOld@@YAXABUCVec3@@W4multicast_t@@@Z 0042336f f i sv_game.obj
 0001:00022384       ?SV_StartSoundOld@@YAXPBUCVec3@@PAUedict_s@@HHMMM@Z 00423384 f i sv_game.obj
 0001:00022da1       ?SV_ShutdownGameLibrary@@YAXXZ 00423da1 f   sv_game.obj
 0001:00022f4f       ?SV_InitGameLibrary@@YAX_N@Z 00423f4f f   sv_game.obj
 0001:00023168       ?SV_ModelIndex@@YAHPBD@Z   00424168 f   sv_init.obj
 0001:00023182       ?SV_SoundIndex@@YAHPBD@Z   00424182 f   sv_init.obj
 0001:0002319e       ?SV_ImageIndex@@YAHPBD@Z   0042419e f   sv_init.obj
 0001:000231ba       ?SV_CreateBaseline@@YAXXZ  004241ba f   sv_init.obj
 0001:00023302       ?SV_SpawnServer@@YAXPAD0W4server_state_t@@_N2@Z 00424302 f   sv_init.obj
 0001:00023623       ?SV_InitGame@@YAXXZ        00424623 f   sv_init.obj
 0001:00023837       ?SV_Map@@YAX_NPBD0@Z       00424837 f   sv_init.obj
 0001:00023a1d       ?SV_StartSoundNew@@YAXPBUCVec3@@PAUedict_s@@HHMMM@Z 00424a1d f i sv_main.obj
 0001:00023a4f       ??0COutputDeviceMem@@QAE@H@Z 00424a4f f i sv_main.obj
 0001:00023a7e       ??1COutputDeviceMem@@UAE@XZ 00424a7e f i sv_main.obj
 0001:00023a9d       ?Write@COutputDeviceMem@@UAEXPBD@Z 00424a9d f i sv_main.obj
 0001:00023b1d       ??_GCOutputDeviceMem@@UAEPAXI@Z 00424b1d f i sv_main.obj
 0001:00023b1d       ??_ECOutputDeviceMem@@UAEPAXI@Z 00424b1d f i sv_main.obj
 0001:00023cd1       ?SV_CalcPings@@YAXXZ       00424cd1 f   sv_main.obj
 0001:00023d56       ?SV_GiveMsec@@YAXXZ        00424d56 f   sv_main.obj
 0001:00023d95       ?SV_ReadPackets@@YAXXZ     00424d95 f   sv_main.obj
 0001:00023ebd       ?SV_PostprocessFrame@@YAXXZ 00424ebd f   sv_main.obj
 0001:000243b7       ?SV_TraceHook@@YAXAAUtrace0_t@@ABUCVec3@@PBU2@21PAUedict_s@@H@Z 004253b7 f   sv_main.obj
 0001:00024703       ?SV_InitVars@@YAXXZ        00425703 f   sv_main.obj
 0001:00024712       ?SV_Init@@YAXXZ            00425712 f   sv_main.obj
 0001:0002474d       ?SV_Shutdown@@YAXPBD_N@Z   0042574d f   sv_main.obj
 0001:000248c9       ?SV_DropClient@@YAXPAUclient_t@@PAD@Z 004258c9 f   sv_main.obj
 0001:00024d95       ?SV_CheckTimeouts@@YAXXZ   00425d95 f   sv_main.obj
 0001:00024e73       ?SV_MulticastHook@@YAPAVsizebuf_t@@PAV1@0@Z 00425e73 f   sv_main.obj
 0001:0002523d       ?SV_UserinfoChanged@@YAXPAUclient_t@@@Z 0042623d f   sv_main.obj
 0001:000258bf       ?SV_Frame@@YAXM@Z          004268bf f   sv_main.obj
 0001:00025aba       ?SV_ClientPrintf@@YAXPAUclient_t@@HPBDZZ 00426aba f   sv_send.obj
 0001:00025b29       ?SV_BroadcastPrintf@@YAXHPBDZZ 00426b29 f   sv_send.obj
 0001:00025c1c       ?SV_Multicast@@YAXABUCVec3@@W4multicast_t@@_N@Z 00426c1c f   sv_send.obj
 0001:00025def       ?SV_DemoCompleted@@YAXXZ   00426def f   sv_send.obj
 0001:00025e54       ?SV_BroadcastCommand@@YAXPBDZZ 00426e54 f   sv_send.obj
 0001:00025ec2       ?SV_StartSound@@YAXPBUCVec3@@PAUedict_s@@HHMMM_N@Z 00426ec2 f   sv_send.obj
 0001:00026116       ?SV_SendClientDatagram@@YA_NPAUclient_t@@@Z 00427116 f   sv_send.obj
 0001:00026208       ?SV_SendClientMessages@@YAXXZ 00427208 f   sv_send.obj
 0001:000263a5       ?SV_ClearTexts@@YAXXZ      004273a5 f   sv_text.obj
 0001:000263e2       ?SV_DrawText3D@@YAXABUCVec3@@PBDI@Z 004273e2 f   sv_text.obj
 0001:0002641a       ?SV_DrawTexts@@YAXXZ       0042741a f   sv_text.obj
 0001:00026435       ?SV_TokenizeString@@YAXPBD@Z 00427435 f   sv_tokenize.obj
 0001:0002650d       ?SV_Argc@@YAHXZ            0042750d f   sv_tokenize.obj
 0001:00026513       ?SV_Argv@@YAPADH@Z         00427513 f   sv_tokenize.obj
 0001:00026531       ?SV_Args@@YAPADXZ          00427531 f   sv_tokenize.obj
 0001:0002663c       ?SV_Nextserver@@YAXXZ      0042763c f   sv_user.obj
 0001:00026f8f       ?SV_ClientThink@@YAXPAUclient_t@@PAUusercmd_t@@@Z 00427f8f f   sv_user.obj
 0001:00027192       ?SV_ExecuteClientMessage@@YAXPAUclient_t@@@Z 00428192 f   sv_user.obj
 0001:00027443       ?SV_ClearWorld@@YAXXZ      00428443 f   sv_world.obj
 0001:00027483       ?SV_UnlinkEdict@@YAXPAUedict_s@@@Z 00428483 f   sv_world.obj
 0001:00027510       ?SV_LinkEdict@@YAXPAUedict_s@@@Z 00428510 f   sv_world.obj
 0001:00027cdd       ?SV_AreaEdicts@@YAHABUCVec3@@0PAPAUedict_s@@HH@Z 00428cdd f   sv_world.obj
 0001:00027d53       ?SV_PointContents@@YAHABUCVec3@@@Z 00428d53 f   sv_world.obj
 0001:000281aa       ?SV_Trace@@YAXAAUtrace_t@@ABUCVec3@@1ABUCBox@@PAUedict_s@@H@Z 004291aa f   sv_world.obj
 0001:00028256       ?InitByteDirs@@YAXXZ       00429256 f   anorms.obj
 0001:0002827b       ?Cbuf_AddText@@YAXPBD@Z    0042927b f   cmd.obj
 0001:0002836d       ?Cbuf_CopyToDefer@@YAXXZ   0042936d f   cmd.obj
 0001:000283ad       ?Cbuf_InsertFromDefer@@YAXXZ 004293ad f   cmd.obj
 0001:0002875a       ?ExecuteCommand@@YA_NPBDPBUCSimpleCommand@@H@Z 0042975a f   cmd.obj
 0001:00028810       ?InsertAfter@?$TList@VCCommand@@@@QAEXPAVCCommand@@0@Z 00429810 f i cmd.obj
 0001:00028810       ?InsertAfter@?$TList@VshaderScript_t@OpenGLDrv@@@@QAEXPAVshaderScript_t@OpenGLDrv@@0@Z 00429810 f i gl_shader.obj
 0001:00028810       ?InsertAfter@?$TList@VCFileItem@@@@QAEXPAVCFileItem@@0@Z 00429810 f i FileSystem.obj
 0001:00028810       ?InsertAfter@?$TList@VplayerModelInfo_t@@@@QAEXPAVplayerModelInfo_t@@0@Z 00429810 f i cl_playermodel.obj
 0001:00028810       ?InsertAfter@?$TList@VsurfMaterial_t@@@@QAEXPAVsurfMaterial_t@@0@Z 00429810 f i cmodel.obj
 0001:00028810       ?InsertAfter@?$TList@VCSymbol@@@@QAEXPAVCSymbol@@0@Z 00429810 f i DbgSymbols.obj
 0001:00028810       ?InsertAfter@?$TList@VFDirInfo@CFileContainerArc@@@@QAEXPAVFDirInfo@CFileContainerArc@@0@Z 00429810 f i FileContainerArc.obj
 0001:00028810       ?InsertAfter@?$TList@VCStringItem@@@@QAEXPAVCStringItem@@0@Z 00429810 f i cl_playermodel.obj
 0001:00028810       ?InsertAfter@?$TList@VCAlias@@@@QAEXPAVCAlias@@0@Z 00429810 f i cmd.obj
 0001:00028972       ?Cmd_Unalias_f@@YAX_NHPAPAD@Z 00429972 f   cmd.obj
 0001:000289ea       ?Cmd_WriteAliases@@YAXPAVCOutputDevice@@@Z 004299ea f   cmd.obj
 0001:00028a1d       ?RegisterCommand@@YA_NPBDP6AXXZI@Z 00429a1d f   cmd.obj
 0001:00028ac9       ?UnregisterCommand@@YA_NPBD@Z 00429ac9 f   cmd.obj
 0001:00028b3c       ?ExecuteCommand@@YA_NPBD@Z 00429b3c f   cmd.obj
 0001:00028d9f       ?Cbuf_Execute@@YAXXZ       00429d9f f   cmd.obj
 0001:00028f5a       ?DistanceTo@CPlane@@QBEMABUCVec3@@@Z 00429f5a f i cmodel.obj
 0001:00028faf       ?GetVertex@CBox@@QBEXHAAUCVec3@@@Z 00429faf f i cmodel.obj
 0001:00028ffd       ?BOX_ON_PLANE_SIDE@@YAHABUCBox@@ABUCPlane@@@Z 00429ffd f i cmodel.obj
 0001:00029f9c       ?CM_BuildBrush@@YAPAUCBrush@@HPAVCMemoryChain@@@Z 0042af9c f   cmodel.obj
 0001:0002a036       ?CM_InlineModel@@YAPAUCBspModel@@H@Z 0042b036 f   cmodel.obj
 0001:0002a114       ?CM_HeadnodeForBox@@YAHABUCBox@@@Z 0042b114 f   cmodel.obj
 0001:0002a15c       ?GetHeadnode@@YAPAUCBspNode@@H@Z 0042b15c f i cmodel.obj
 0001:0002a180       ?CM_FindLeaf@@YAPBUCBspLeaf@@ABUCVec3@@H@Z 0042b180 f   cmodel.obj
 0001:0002a203       ?GetContents@CBspLeaf@@QBEIABUCVec3@@@Z 0042b203 f   cmodel.obj
 0001:0002a282       ?CM_PointContents@@YAHABUCVec3@@H@Z 0042b282 f   cmodel.obj
 0001:0002a2ca       ?CM_TransformedPointContents@@YAHABUCVec3@@H00@Z 0042b2ca f   cmodel.obj
 0001:0002a375       ?CM_TransformedPointContents@@YAHABUCVec3@@H0ABUCAxis@@@Z 0042b375 f   cmodel.obj
 0001:0002a3e5       ?CM_BoxLeafs@@YAHABUCBox@@PAPAUCBspLeaf@@HPAHH@Z 0042b3e5 f   cmodel.obj
 0001:0002ac89       ?CM_CombineTrace@@YA_NAAUtrace_t@@ABU1@@Z 0042bc89 f   cmodel.obj
 0001:0002acdc       ?CM_PointModelContents@@YAHABUCVec3@@@Z 0042bcdc f   cmodel.obj
 0001:0002b102       ?CM_BrushTrace@@YAHABUCVec3@@0PAHH@Z 0042c102 f   cmodel.obj
 0001:0002b169       ?CM_RefineBrushTrace@@YAHABUCVec3@@0PAHH@Z 0042c169 f   cmodel.obj
 0001:0002b1ea       ?CM_ClusterPVS@@YAPBEH@Z   0042c1ea f   cmodel.obj
 0001:0002b30c       ?CM_SetZonePortalState@@YAXH_N@Z 0042c30c f   cmodel.obj
 0001:0002b333       ?CM_ZonesConnected@@YA_NHH@Z 0042c333 f   cmodel.obj
 0001:0002b379       ?CM_WriteZoneBits@@YAHPAEH@Z 0042c379 f   cmodel.obj
 0001:0002b409       ?CM_WritePortalState@@YAXPAU_iobuf@@@Z 0042c409 f   cmodel.obj
 0001:0002b426       ?CM_ReadPortalState@@YAXPAU_iobuf@@@Z 0042c426 f   cmodel.obj
 0001:0002b447       ?CM_HeadnodeVisible@@YA_NHPBE@Z 0042c447 f   cmodel.obj
 0001:0002b4de       ??E?$TStringSplitter@$0EA@$0DL@@@QAEXXZ 0042c4de f i cmodel.obj
 0001:0002bebc       ?CM_InlineModel@@YAPAUCBspModel@@PBD@Z 0042cebc f   cmodel.obj
 0001:0002c209       ?CM_BoxTrace@@YAXAAUtrace_t@@ABUCVec3@@1ABUCBox@@HI@Z 0042d209 f   cmodel.obj
 0001:0002c573       ?CM_TransformedBoxTrace@@YAXAAUtrace_t@@ABUCVec3@@1ABUCBox@@HI11@Z 0042d573 f   cmodel.obj
 0001:0002c6a6       ?CM_TransformedBoxTrace@@YAXAAUtrace_t@@ABUCVec3@@1ABUCBox@@HI1ABUCAxis@@@Z 0042d6a6 f   cmodel.obj
 0001:0002c74e       ?CM_ClipTraceToModels@@YAXAAUtrace_t@@ABUCVec3@@1ABUCBox@@I@Z 0042d74e f   cmodel.obj
 0001:0002cbf6       ?CM_LoadMap@@YAPAUCBspModel@@PBD_NPAI@Z 0042dbf6 f   cmodel.obj
 0001:0002cdcc       ?appCyclesToMsecf@@YAMI@Z  0042ddcc f i common.obj
 0001:0002cded       ?Com_ServerState@@YA?AW4server_state_t@@XZ 0042dded f   common.obj
 0001:0002cdf3       ?Com_SetServerState@@YAXW4server_state_t@@@Z 0042ddf3 f   common.obj
 0001:0002ce00       ?crand@@YAMXZ              0042de00 f   common.obj
 0001:0002ce24       ?Info_ValueForKey@@YAPBDPBD0@Z 0042de24 f   common.obj
 0001:0002cf45       ?Info_SetValueForKey@@YAXPADPBD1@Z 0042df45 f   common.obj
 0001:0002d036       ?Info_Print@@YAXPBD@Z      0042e036 f   common.obj
 0001:0002d0cf       ?ReduceAngle@@YAMM@Z       0042e0cf f   common.obj
 0001:0002d101       ?AngleSubtract@@YAMMM@Z    0042e101 f   common.obj
 0001:0002d162       ?AnglesSubtract@@YAXABUCVec3@@0AAU1@@Z 0042e162 f   common.obj
 0001:0002d1b3       ?COM_Parse@@YAPADAAPBD_N@Z 0042e1b3 f   common.obj
 0001:0002d2c9       ?COM_QuoteString@@YAPBDPBD_N@Z 0042e2c9 f   common.obj
 0001:0002d55f       ?Com_CheckCmdlineVar@@YA_NPBD@Z 0042e55f f   common.obj
 0001:0002d5b3       ?Com_Init@@YAXPBD@Z        0042e5b3 f   common.obj
 0001:0002d701       ?DebugPrintf@@YAXPBDZZ     0042e701 f   common.obj
 0001:0002d7c2       ?LerpAngle@@YAMMMM@Z       0042e7c2 f   common.obj
 0001:0002d81e       ?Com_Frame@@YAXM@Z         0042e81e f   common.obj
 0001:0002db53       ?Com_DPrintf@@YAXPBDZZ     0042eb53 f   common.obj
 0001:0002dbda       ?IPWildcard@@YA_NPAUnetadr_t@@PBD@Z 0042ebda f   common.obj
 0001:0002dca5       ?Com_BlockSequenceCRCByte@@YAEPAEHH@Z 0042eca5 f   crc.obj
 0001:0002dd4b       ?IsDefault@cvar_t@@QAE_NXZ 0042ed4b f i cvar.obj
 0001:0002ddf5       ?Cvar_VariableValue@@YAMPBD@Z 0042edf5 f   cvar.obj
 0001:0002de0e       ?Cvar_VariableInt@@YAHPBD@Z 0042ee0e f   cvar.obj
 0001:0002de25       ?Cvar_VariableString@@YAPBDPBD@Z 0042ee25 f   cvar.obj
 0001:0002de41       ?Cvar_WriteVariables@@YAXPAVCOutputDevice@@HHPBD@Z 0042ee41 f   cvar.obj
 0001:0002dff6       ?Cvar_BitInfo@@YAPBDI@Z    0042eff6 f   cvar.obj
 0001:0002e102       ?Cvar_Get@@YAPAUcvar_t@@PBD0H@Z 0042f102 f   cvar.obj
 0001:0002e2df       ?Cvar_GetVars@@YAXPBUcvarInfo_t@@H@Z 0042f2df f   cvar.obj
 0001:0002e507       ?Cvar_FullSet@@YAXPAUcvar_t@@PBDI@Z 0042f507 f   cvar.obj
 0001:0002e521       ?Cvar_FullSet@@YAPAUcvar_t@@PBD0I@Z 0042f521 f   cvar.obj
 0001:0002e55e       ?Cvar_SetValue@@YAPAUcvar_t@@PBDM@Z 0042f55e f   cvar.obj
 0001:0002e58a       ?Cvar_SetInteger@@YAPAUcvar_t@@PBDH@Z 0042f58a f   cvar.obj
 0001:0002e5b0       ?Cvar_Set@@YAPAUcvar_t@@PBD0@Z 0042f5b0 f   cvar.obj
 0001:0002e5c8       ?Cvar_ForceSet@@YAPAUcvar_t@@PBD0@Z 0042f5c8 f   cvar.obj
 0001:0002e5e0       ?Cvar_Clamp@@YAMPAUcvar_t@@MM@Z 0042f5e0 f   cvar.obj
 0001:0002e646       ?Cvar_Command@@YA_NHPAPAD@Z 0042f646 f   cvar.obj
 0001:0002ec9f       ?Cvar_Cheats@@YAX_N@Z      0042fc9f f   cvar.obj
 0001:0002f0db       ?MSG_WriteDeltaEntity@@YAXPAVsizebuf_t@@PBUentityStateEx_t@@PAU2@_N33@Z 004300db f   entdelta.obj
 0001:0002f237       ?MSG_WriteRemoveEntity@@YAXPAVsizebuf_t@@H@Z 00430237 f   entdelta.obj
 0001:0002f26a       ?MSG_ReadEntityBits@@YAHPAVsizebuf_t@@PAIPA_N@Z 0043026a f   entdelta.obj
 0001:0002f2e1       ?MSG_ReadDeltaEntity@@YAXPAVsizebuf_t@@PBUentityStateEx_t@@PAU2@I@Z 004302e1 f   entdelta.obj
 0001:0002f346       ?MSG_WriteDeltaUsercmd@@YAXPAVsizebuf_t@@PBUusercmd_t@@PAU2@@Z 00430346 f   entdelta.obj
 0001:0002f3b3       ?MSG_ReadDeltaUsercmd@@YAXPAVsizebuf_t@@PBUusercmd_t@@PAU2@@Z 004303b3 f   entdelta.obj
 0001:0002f414       ?MSG_WriteDeltaPlayerstate@@YAXPAVsizebuf_t@@PBUplayer_state_t@@PAU2@@Z 00430414 f   entdelta.obj
 0001:0002f553       ?MSG_ReadDeltaPlayerstate@@YAXPAVsizebuf_t@@PBUplayer_state_t@@PAU2@@Z 00430553 f   entdelta.obj
 0001:0002f5f5       ?Inflate@CBox@@QAEXM@Z     004305f5 f i EntityParser.obj
 0001:00031f3c       ?ProcessEntstring@@YAPBDPBD@Z 00432f3c f   EntityParser.obj
 0001:0003212b       ?LoadPCX@@YAPAEPBDAAH1AAPAE@Z 0043312b f   images.obj
 0001:00032252       ?LoadTGA@@YAPAEPBDAAH1@Z   00433252 f   images.obj
 0001:0003259b       ?LoadJPG@@YAPAEPBDAAH1@Z   0043359b f   images.obj
 0001:000327d5       ?WriteJPG@@YA_NPBDPAEHH_N@Z 004337d5 f   images.obj
 0001:0003292a       ?ImageExists@@YAHPBDH@Z    0043392a f   images.obj
 0001:00032a50       ?WriteTGA@@YA_NPBDPAEHH@Z  00433a50 f   images.obj
 0001:00032c68       ??0CBrush@@QAE@ABUCBox@@@Z 00433c68 f   MapBrush.obj
 0001:00032dc0       ?GetVec@CAllocVertexPool@@QAEPAUCVec3@@ABU2@@Z 00433dc0 f i MapBrush.obj
 0001:00033332       ?GetBounds@CBrush@@QAEXAAUCBox@@@Z 00434332 f   MapBrush.obj
 0001:00033392       ?AddBevels@CBrush@@QAEXP6APAUCPlane@@ABUCVec3@@M@Z@Z 00434392 f   MapBrush.obj
 0001:0003363c       ?Split@CBrush@@QAEPAU1@PAUCPlane@@@Z 0043463c f   MapBrush.obj
 0001:00033a70       ?MD4Init@@YAXPAUMD4_CTX@@@Z 00434a70 f   md4.obj
 0001:00033f5a       ?MD4Update@@YAXPAUMD4_CTX@@PAEI@Z 00434f5a f   md4.obj
 0001:00033ff9       ?MD4Final@@YAXQAEPAUMD4_CTX@@@Z 00434ff9 f   md4.obj
 0001:00034075       ?Com_BlockChecksum@@YAIPAXH@Z 00435075 f   md4.obj
 0001:000344ee       ?LoadQ2BspFile@@YAXXZ      004354ee f   model.obj
 0001:000346f7       ?LoadQ1BspFile@@YAXXZ      004356f7 f   model.obj
 0001:000348bd       ?LoadQ3BspFile@@YAXXZ      004358bd f   model.obj
 0001:00034a85       ?LoadBspFile@@YAPAUbspfile_t@@PBD_NPAI@Z 00435a85 f   model.obj
 0001:00034c4e       ?Init@sizebuf_t@@QAEXPAXH@Z 00435c4e f   msg.obj
 0001:00034c6b       ?Write@sizebuf_t@@QAEXPBXH@Z 00435c6b f   msg.obj
 0001:00034cd2       ?MSG_WriteByte@@YAXPAVsizebuf_t@@H@Z 00435cd2 f   msg.obj
 0001:00034cd2       ?MSG_WriteChar@@YAXPAVsizebuf_t@@H@Z 00435cd2 f   msg.obj
 0001:00034ce5       ?MSG_WriteShort@@YAXPAVsizebuf_t@@H@Z 00435ce5 f   msg.obj
 0001:00034cf8       ?MSG_WriteLong@@YAXPAVsizebuf_t@@H@Z 00435cf8 f   msg.obj
 0001:00034cf8       ?MSG_WriteFloat@@YAXPAVsizebuf_t@@M@Z 00435cf8 f   msg.obj
 0001:00034d0b       ?MSG_WriteString@@YAXPAVsizebuf_t@@PBD@Z 00435d0b f   msg.obj
 0001:00034d35       ?MSG_WritePos@@YAXPAVsizebuf_t@@ABUCVec3@@@Z 00435d35 f   msg.obj
 0001:00034d9c       ?MSG_WriteAngle@@YAXPAVsizebuf_t@@M@Z 00435d9c f   msg.obj
 0001:00034dcd       ?MSG_WriteAngle16@@YAXPAVsizebuf_t@@M@Z 00435dcd f   msg.obj
 0001:00034dfe       ?MSG_WriteDir@@YAXPAVsizebuf_t@@ABUCVec3@@@Z 00435dfe f   msg.obj
 0001:00034e69       ?MSG_ReadChar@@YAHPAVsizebuf_t@@@Z 00435e69 f   msg.obj
 0001:00034e8c       ?MSG_ReadByte@@YAHPAVsizebuf_t@@@Z 00435e8c f   msg.obj
 0001:00034eb4       ?MSG_ReadShort@@YAHPAVsizebuf_t@@@Z 00435eb4 f   msg.obj
 0001:00034edd       ?MSG_ReadLong@@YAHPAVsizebuf_t@@@Z 00435edd f   msg.obj
 0001:00034eff       ?MSG_ReadString@@YAPADPAVsizebuf_t@@@Z 00435eff f   msg.obj
 0001:00034f35       ?MSG_ReadPos@@YAXPAVsizebuf_t@@AAUCVec3@@@Z 00435f35 f   msg.obj
 0001:00034f81       ?MSG_ReadAngle@@YAMPAVsizebuf_t@@@Z 00435f81 f   msg.obj
 0001:00034fa2       ?MSG_ReadAngle16@@YAMPAVsizebuf_t@@@Z 00435fa2 f   msg.obj
 0001:00034fc3       ?MSG_ReadData@@YAXPAVsizebuf_t@@PAXH@Z 00435fc3 f   msg.obj
 0001:00034fe6       ?MSG_ReadDir@@YAXPAVsizebuf_t@@AAUCVec3@@@Z 00435fe6 f   msg.obj
 0001:0003501a       ?Netchan_Init@@YAXXZ       0043601a f   net_chan.obj
 0001:00035089       ?Netchan_OutOfBandPrint@@YAXW4netsrc_t@@Unetadr_t@@PBDZZ 00436089 f   net_chan.obj
 0001:00035131       ?Setup@netchan_t@@QAEXW4netsrc_t@@Unetadr_t@@H@Z 00436131 f   net_chan.obj
 0001:0003518c       ?NeedReliable@netchan_t@@QAE_NXZ 0043618c f   net_chan.obj
 0001:000351b1       ?Transmit@netchan_t@@QAEXPAXH@Z 004361b1 f   net_chan.obj
 0001:0003538e       ?Process@netchan_t@@QAE_NPAVsizebuf_t@@@Z 0043638e f   net_chan.obj
 0001:00036f55       ?Pmove@@YAXPAUpmove_t@@@Z  00437f55 f   pmove.obj
 0001:000371dd       ??1CFileContainerArc@@UAE@XZ 004381dd f i QuakeFileSystem.obj
 0001:000371f7       ??_ECFileSystem@@UAEPAXI@Z 004381f7 f i QuakeFileSystem.obj
 0001:000371f7       ??_GCFileSystem@@UAEPAXI@Z 004381f7 f i QuakeFileSystem.obj
 0001:000371f7       ??_ECQuakeFileSystem@@UAEPAXI@Z 004381f7 f i QuakeFileSystem.obj
 0001:000371f7       ??_GCQuakeFileSystem@@UAEPAXI@Z 004381f7 f i QuakeFileSystem.obj
 0001:00037217       ??0FZlibStream@CZResource@@QAE@PBXH@Z 00438217 f i QuakeFileSystem.obj
 0001:0003724b       ?ReadData@FZlibStream@CZResource@@QAEHPAXH@Z 0043824b f i QuakeFileSystem.obj
 0001:00037288       ?FS_CopyFile@@YAXPBD0@Z    00438288 f   QuakeFileSystem.obj
 0001:0003738f       ?MountGame@CQuakeFileSystem@@QAEXPBD@Z 0043838f f i QuakeFileSystem.obj
 0001:000373da       ?SetGameDir@CQuakeFileSystem@@QAE_NPBD@Z 004383da f i QuakeFileSystem.obj
 0001:0003751f       ?FS_Gamedir@@YAPBDXZ       0043851f f   QuakeFileSystem.obj
 0001:000375b3       ?FS_NextPath@@YAPBDPBD@Z   004385b3 f   QuakeFileSystem.obj
 0001:000375f7       ?FS_CopyFiles@@YAXPBD0@Z   004385f7 f   QuakeFileSystem.obj
 0001:00037741       ?FS_RemoveFiles@@YAXPBD@Z  00438741 f   QuakeFileSystem.obj
 0001:00037816       ?FS_Tick@@YAXXZ            00438816 f   QuakeFileSystem.obj
 0001:00037961       ??0CFileContainerArc@@QAE@XZ 00438961 f i QuakeFileSystem.obj
 0001:000379a0       ??1CFilePak@CFileContainerPak@@UAE@XZ 004389a0 f i QuakeFileSystem.obj
 0001:000379c0       ?Read@CFilePak@CFileContainerPak@@UAEHPAXH@Z 004389c0 f i QuakeFileSystem.obj
 0001:000379fa       ?GetSize@CFilePak@CFileContainerPak@@UAEHXZ 004389fa f i QuakeFileSystem.obj
 0001:00037a01       ?Eof@CFilePak@CFileContainerPak@@UAE_NXZ 00438a01 f i QuakeFileSystem.obj
 0001:00037a0e       ?GetType@CFileContainerPak@@MAEPBDXZ 00438a0e f i QuakeFileSystem.obj
 0001:00037a14       ?OpenLocalFile@CFileContainerPak@@MAEPAVCFile@@ABVCStringItem@@@Z 00438a14 f i QuakeFileSystem.obj
 0001:00037a64       ??_GCFilePak@CFileContainerPak@@UAEPAXI@Z 00438a64 f i QuakeFileSystem.obj
 0001:00037a64       ??_ECFilePak@CFileContainerPak@@UAEPAXI@Z 00438a64 f i QuakeFileSystem.obj
 0001:00037a83       ??0CFilePak@CFileContainerZip@@QAE@ABVCFileInfo@1@PAU_iobuf@@@Z 00438a83 f i QuakeFileSystem.obj
 0001:00037acf       ?GetSize@CFilePak@CFileContainerZip@@UAEHXZ 00438acf f i QuakeFileSystem.obj
 0001:00037ad9       ?Eof@CFilePak@CFileContainerZip@@UAE_NXZ 00438ad9 f i QuakeFileSystem.obj
 0001:00037aec       ?GetType@CFileContainerZip@@MAEPBDXZ 00438aec f i QuakeFileSystem.obj
 0001:00037af2       ?OpenLocalFile@CFileContainerZip@@MAEPAVCFile@@ABVCStringItem@@@Z 00438af2 f i QuakeFileSystem.obj
 0001:00037ba7       ??1CFilePak@CFileContainerZip@@UAE@XZ 00438ba7 f i QuakeFileSystem.obj
 0001:00037c16       ?Read@CFilePak@CFileContainerZip@@UAEHPAXH@Z 00438c16 f i QuakeFileSystem.obj
 0001:00037d5b       ??_ECFilePak@CFileContainerZip@@UAEPAXI@Z 00438d5b f i QuakeFileSystem.obj
 0001:00037d5b       ??_GCFilePak@CFileContainerZip@@UAEPAXI@Z 00438d5b f i QuakeFileSystem.obj
 0001:00037d7a       ??0CZResource@@QAE@XZ      00438d7a f i QuakeFileSystem.obj
 0001:00037d93       ??0CFileRes@CZResource@@QAE@ABVCFileInfo@1@PBXH@Z 00438d93 f i QuakeFileSystem.obj
 0001:00037e17       ?Read@CFileRes@CZResource@@UAEHPAXH@Z 00438e17 f i QuakeFileSystem.obj
 0001:00037e42       ?GetSize@CFileRes@CZResource@@UAEHXZ 00438e42 f i QuakeFileSystem.obj
 0001:00037e49       ?Eof@CFileRes@CZResource@@UAE_NXZ 00438e49 f i QuakeFileSystem.obj
 0001:00037e56       ?GetType@CZResource@@MAEPBDXZ 00438e56 f i QuakeFileSystem.obj
 0001:00037e5c       ?OpenLocalFile@CZResource@@MAEPAVCFile@@ABVCStringItem@@@Z 00438e5c f i QuakeFileSystem.obj
 0001:00037e8d       ??_ECFileRes@CZResource@@UAEPAXI@Z 00438e8d f i QuakeFileSystem.obj
 0001:00037e8d       ??_GCFileRes@CZResource@@UAEPAXI@Z 00438e8d f i QuakeFileSystem.obj
 0001:00037eb7       ??_GCFileContainerPak@@UAEPAXI@Z 00438eb7 f i QuakeFileSystem.obj
 0001:00037eb7       ??_GCZResource@@UAEPAXI@Z  00438eb7 f i QuakeFileSystem.obj
 0001:00037eb7       ??_GCFileContainerZip@@UAEPAXI@Z 00438eb7 f i QuakeFileSystem.obj
 0001:00037eb7       ??_ECFileContainerPak@@UAEPAXI@Z 00438eb7 f i QuakeFileSystem.obj
 0001:00037eb7       ??_ECFileContainerArc@@UAEPAXI@Z 00438eb7 f i QuakeFileSystem.obj
 0001:00037eb7       ??_GCFileContainerArc@@UAEPAXI@Z 00438eb7 f i QuakeFileSystem.obj
 0001:00037eb7       ??_ECZResource@@UAEPAXI@Z  00438eb7 f i QuakeFileSystem.obj
 0001:00037eb7       ??_ECFileContainerZip@@UAEPAXI@Z 00438eb7 f i QuakeFileSystem.obj
 0001:00037ed6       ?Mount@CZResource@@SAPAVCFileContainer@@PBDPBE0PAVCFileSystem@@@Z 00438ed6 f i QuakeFileSystem.obj
 0001:00038081       ?CheckFilename@CQuakeFileSystem@@AAEXPBD@Z 00439081 f i QuakeFileSystem.obj
 0001:00038131       ?FileExists@CQuakeFileSystem@@UAE_NPBDI@Z 00439131 f i QuakeFileSystem.obj
 0001:00038194       ?OpenFile@CQuakeFileSystem@@UAEPAVCFile@@PBDI@Z 00439194 f i QuakeFileSystem.obj
 0001:00038220       ?List@CQuakeFileSystem@@UAEPAVCFileList@@PBDIPAV2@@Z 00439220 f i QuakeFileSystem.obj
 0001:00038297       ?Create@CFileContainerPak@@SAPAVCFileContainer@@PBDPAU_iobuf@@@Z 00439297 f i QuakeFileSystem.obj
 0001:0003841b       ?Create@CFileContainerZip@@SAPAVCFileContainer@@PBDPAU_iobuf@@@Z 0043941b f i QuakeFileSystem.obj
 0001:000387a4       ?InitFileSystem@@YAXXZ     004397a4 f   QuakeFileSystem.obj
 0001:0003890c       ?CDAudio_Eject@@YAXXZ      0043990c f i cd_win.obj
 0001:00038924       ?CDAudio_CloseDoor@@YAXXZ  00439924 f i cd_win.obj
 0001:000389c8       ?CDAudio_Stop@@YAXXZ       004399c8 f   cd_win.obj
 0001:00038ad8       ?CDAudio_Update@@YAXXZ     00439ad8 f   cd_win.obj
 0001:00038b0c       ?CDAudio_Shutdown@@YAXXZ   00439b0c f   cd_win.obj
 0001:00038b2f       ?CDAudio_Activate@@YAX_N@Z 00439b2f f   cd_win.obj
 0001:00038c87       ?CDAudio_Play@@YAXH_N@Z    00439c87 f   cd_win.obj
 0001:00038fac       ?CDAudio_Init@@YA_NXZ      00439fac f   cd_win.obj
 0001:00039a53       ?IN_Init@@YAXXZ            0043aa53 f   in_win.obj
 0001:00039aa1       ?IN_Activate@@YAX_N@Z      0043aaa1 f   in_win.obj
 0001:00039aae       ?IN_Move@@YAXPAUusercmd_t@@@Z 0043aaae f   in_win.obj
 0001:00039dab       ?IN_Shutdown@@YAXXZ        0043adab f   in_win.obj
 0001:00039db8       ?IN_Frame@@YAXXZ           0043adb8 f   in_win.obj
 0001:00039e8d       ?NET_CompareAdr@@YA_NPAUnetadr_t@@0@Z 0043ae8d f   net_wins.obj
 0001:00039ec8       ?NET_CompareBaseAdr@@YA_NPAUnetadr_t@@0@Z 0043aec8 f   net_wins.obj
 0001:00039ef5       ?NET_AdrToString@@YAPBDPAUnetadr_t@@@Z 0043aef5 f   net_wins.obj
 0001:00039f3b       ?NET_IsLocalAddress@@YA_NPAUnetadr_t@@@Z 0043af3b f   net_wins.obj
 0001:00039f4a       ?NET_GetPacket@@YA_NW4netsrc_t@@PAUnetadr_t@@PAVsizebuf_t@@@Z 0043af4a f   net_wins.obj
 0001:0003a07c       ?NET_SendPacket@@YAXW4netsrc_t@@HPAXUnetadr_t@@@Z 0043b07c f   net_wins.obj
 0001:0003a174       ?NET_Init@@YAXXZ           0043b174 f   net_wins.obj
 0001:0003a2b8       ?NET_StringToAdr@@YA_NPBDPAUnetadr_t@@F@Z 0043b2b8 f   net_wins.obj
 0001:0003a499       ?NET_Config@@YAX_N@Z       0043b499 f   net_wins.obj
 0001:0003a657       ?SNDDMA_GetDMAPos@@YAHXZ   0043b657 f   snd_win.obj
 0001:0003a6b5       ?SNDDMA_BeginPainting@@YAXXZ 0043b6b5 f   snd_win.obj
 0001:0003a77d       ?SNDDMA_Submit@@YAXXZ      0043b77d f   snd_win.obj
 0001:0003a7a2       ?SNDDMA_Shutdown@@YAXXZ    0043b7a2 f   snd_win.obj
 0001:0003ac8c       ?SNDDMA_Init@@YA_NXZ       0043bc8c f   snd_win.obj
 0001:0003ad04       ?S_Activate@@YAX_N@Z       0043bd04 f   snd_win.obj
 0001:0003ad34       ??1COutputDeviceCon@@UAE@XZ 0043bd34 f i sys_win.obj
 0001:0003ad4a       ??_ECOutputDeviceCon@@UAEPAXI@Z 0043bd4a f i sys_win.obj
 0001:0003ad4a       ??_GCOutputDeviceCon@@UAEPAXI@Z 0043bd4a f i sys_win.obj
 0001:0003ad75       ?Init@COutputDeviceWin32Console@@QAEXXZ 0043bd75 f i sys_win.obj
 0001:0003ad9e       ?WriteChar@COutputDeviceWin32Console@@QAEXD@Z 0043bd9e f i sys_win.obj
 0001:0003adbb       ?EraseInput@COutputDeviceWin32Console@@QAEXXZ 0043bdbb f i sys_win.obj
 0001:0003ae38       ?Sys_ConsoleInput@@YAPADXZ 0043be38 f   sys_win.obj
 0001:0003b082       ?Sys_ProcessMessages@@YAXXZ 0043c082 f   sys_win.obj
 0001:0003b11c       ??0COutputDeviceCon@@QAE@XZ 0043c11c f i sys_win.obj
 0001:0003b1a8       ?Write@COutputDeviceWin32Console@@UAEXPBD@Z 0043c1a8 f i sys_win.obj
 0001:0003b20c       _WinMain@16                0043c20c f   sys_win.obj
 0001:0003b669       ?AddMsgHook@@YAXP6A_NIIJ@Z@Z 0043c669 f   vid_dll.obj
 0001:0003b6a8       ?RemoveMsgHook@@YAXP6A_NIIJ@Z@Z 0043c6a8 f   vid_dll.obj
 0001:0003ba2d       ?Vid_CreateWindow@@YAPAXHH_N@Z 0043ca2d f   vid_dll.obj
 0001:0003bbda       ?Vid_DestroyWindow@@YAX_N@Z 0043cbda f   vid_dll.obj
 0001:0003bc19       ?Vid_Restart@@YAXXZ        0043cc19 f   vid_dll.obj
 0001:0003bc25       ?Vid_GetModeInfo@@YA_NPAH0H@Z 0043cc25 f   vid_dll.obj
 0001:0003bd55       ?Vid_Tick@@YAXXZ           0043cd55 f   vid_dll.obj
 0001:0003bdfd       ?Vid_Init@@YAXXZ           0043cdfd f   vid_dll.obj
 0001:0003be82       ?Vid_Shutdown@@YAXXZ       0043ce82 f   vid_dll.obj
 0001:0003bea3       ?GL_DrawRangeElements@OpenGLDrv@@YAXIIIHIPBX@Z 0043cea3 f i gl_backend.obj
 0001:0003cfa5       ?PreLight@Comb@OpenGLDrv@@YA_NPBVshader_t@2@AAH@Z 0043dfa5 f   gl_backend.obj
 0001:0003d1c2       ?AddFogPass@Comb@OpenGLDrv@@YAXPBVshader_t@2@@Z 0043e1c2 f   gl_backend.obj
 0001:0003d2d0       ?AddStaticStages@Comb@OpenGLDrv@@YAXPBVshader_t@2@H@Z 0043e2d0 f   gl_backend.obj
 0001:0003d3e7       ?ComputeConstColor@Comb@OpenGLDrv@@YAXXZ 0043e3e7 f   gl_backend.obj
 0001:0003d70c       ?NoMultitexture@Comb@OpenGLDrv@@YAXXZ 0043e70c f   gl_backend.obj
 0001:0003d764       ?ShowFillrate@Comb@OpenGLDrv@@YAXPBVshader_t@2@@Z 0043e764 f   gl_backend.obj
 0001:0003d803       ?DebugLight@Comb@OpenGLDrv@@YAXPBVshader_t@2@@Z 0043e803 f   gl_backend.obj
 0001:0003de96       ?DrawBrush@OpenGLDrv@@YAXPBUCBrush@@PBDH@Z 0043ee96 f   gl_backend.obj
 0001:0003e0d8       ?Tesselate@surfaceEntity_t@OpenGLDrv@@UAEXAAUrefEntity_t@2@@Z 0043f0d8 f   gl_backend.obj
 0001:0003e1da       ?Tesselate@surfaceParticle_t@OpenGLDrv@@UAEXAAUrefEntity_t@2@@Z 0043f1da f   gl_backend.obj
 0001:0003e477       ?BK_BeginFrame@OpenGLDrv@@YAXXZ 0043f477 f   gl_backend.obj
 0001:0003e4dd       ?BK_Init@OpenGLDrv@@YAXXZ  0043f4dd f   gl_backend.obj
 0001:0003e50c       ?BK_Shutdown@OpenGLDrv@@YAXXZ 0043f50c f   gl_backend.obj
 0001:0003ee46       ?PostLight@Comb@OpenGLDrv@@YAXPBVshader_t@2@@Z 0043fe46 f   gl_backend.obj
 0001:0003f099       ?UseMultitexture@Comb@OpenGLDrv@@YAXXZ 00440099 f   gl_backend.obj
 0001:0003f6ad       ?ComputeCombiners@Comb@OpenGLDrv@@YAXPBVshader_t@2@@Z 004406ad f   gl_backend.obj
 0001:0003f7e6       ?BK_FlushShader@OpenGLDrv@@YAXXZ 004407e6 f   gl_backend.obj
 0001:0003fbd1       ?Tesselate@surfacePlanar_t@OpenGLDrv@@UAEXAAUrefEntity_t@2@@Z 00440bd1 f   gl_backend.obj
 0001:0003fcec       ?Tesselate@surfaceTrisurf_t@OpenGLDrv@@UAEXAAUrefEntity_t@2@@Z 00440cec f   gl_backend.obj
 0001:0003fdfa       ?Tesselate@surfacePoly_t@OpenGLDrv@@UAEXAAUrefEntity_t@2@@Z 00440dfa f   gl_backend.obj
 0001:0003fefb       ?Tesselate@surfaceMd3_t@OpenGLDrv@@UAEXAAUrefEntity_t@2@@Z 00440efb f   gl_backend.obj
 0001:000402bf       ?BK_DrawScene@OpenGLDrv@@YAXXZ 004412bf f   gl_backend.obj
 0001:0004064d       ?BK_DrawPic@OpenGLDrv@@YAXPAVshader_t@1@HHHHMMMMIE@Z 0044164d f   gl_backend.obj
 0001:00040863       ?BK_DrawText@OpenGLDrv@@YAXPBVCFont@1@PBDHHHI@Z 00441863 f   gl_backend.obj
 0001:00040ac6       ?BK_EndFrame@OpenGLDrv@@YAXXZ 00441ac6 f   gl_backend.obj
 0001:00040b1b       ?AllocDynamicMemory@OpenGLDrv@@YAPAXH@Z 00441b1b f   gl_buffers.obj
 0001:00040b8c       ?ResizeDynamicMemory@OpenGLDrv@@YAXPAXH@Z 00441b8c f   gl_buffers.obj
 0001:00040bcf       ?AddSurfaceToPortal@OpenGLDrv@@YAXPAVsurfaceBase_t@1@PAVshader_t@1@HH@Z 00441bcf f   gl_buffers.obj
 0001:00040c47       ?InsertShaderIndex@OpenGLDrv@@YAXH@Z 00441c47 f   gl_buffers.obj
 0001:00040c79       ?ClearPortal@OpenGLDrv@@YAXXZ 00441c79 f   gl_buffers.obj
 0001:00040c94       ?SortSurfaces@OpenGLDrv@@YAXPAUviewPortal_t@1@PAPAUsurfaceInfo_t@1@@Z 00441c94 f   gl_buffers.obj
 0001:00040e24       ?ClearBuffers@OpenGLDrv@@YAXXZ 00441e24 f   gl_buffers.obj
 0001:00040e3b       ?CreateBuffers@OpenGLDrv@@YAXXZ 00441e3b f   gl_buffers.obj
 0001:00040e61       ?FreeBuffers@OpenGLDrv@@YAXXZ 00441e61 f   gl_buffers.obj
 0001:00040e85       ?ShutdownFonts@OpenGLDrv@@YAXXZ 00441e85 f   gl_font.obj
 0001:00040f13       ?GetTextExtents@CFont@OpenGLDrv@@QAEXPBDAAH1@Z 00441f13 f   gl_font.obj
 0001:00040fa4       ?Load@CFont@OpenGLDrv@@QAE_NPBD@Z 00441fa4 f   gl_font.obj
 0001:00041087       ?FindFont@OpenGLDrv@@YAPAVCFont@1@PBD@Z 00442087 f   gl_font.obj
 0001:00041105       ?ResetFonts@OpenGLDrv@@YAXXZ 00442105 f   gl_font.obj
 0001:0004117e       ?InitFonts@OpenGLDrv@@YAXXZ 0044217e f   gl_font.obj
 0001:00041cf3       ?InitEntity@model_t@OpenGLDrv@@UAE_NPAUentity_t@@PAUrefEntity_t@2@@Z 00442cf3 f   gl_frontend.obj
 0001:00041cf8       ?GetLeaf@model_t@OpenGLDrv@@UAEPBUCBspLeaf@@PAUrefEntity_t@2@@Z 00442cf8 f   gl_frontend.obj
 0001:00041d0f       ?InitEntity@inlineModel_t@OpenGLDrv@@UAE_NPAUentity_t@@PAUrefEntity_t@2@@Z 00442d0f f   gl_frontend.obj
 0001:00041d90       ?GetLeaf@inlineModel_t@OpenGLDrv@@UAEPBUCBspLeaf@@PAUrefEntity_t@2@@Z 00442d90 f   gl_frontend.obj
 0001:00041de7       ?GetLeaf@md3Model_t@OpenGLDrv@@UAEPBUCBspLeaf@@PAUrefEntity_t@2@@Z 00442de7 f   gl_frontend.obj
 0001:00041e22       ?InitEntity@sprModel_t@OpenGLDrv@@UAE_NPAUentity_t@@PAUrefEntity_t@2@@Z 00442e22 f   gl_frontend.obj
 0001:00041e45       ?GetLeaf@sprModel_t@OpenGLDrv@@UAEPBUCBspLeaf@@PAUrefEntity_t@2@@Z 00442e45 f   gl_frontend.obj
 0001:00042456       ?AddDlight@OpenGLDrv@@YAXPAUdlight_t@@@Z 00443456 f   gl_frontend.obj
 0001:00042b58       ?AddSurfaces@model_t@OpenGLDrv@@UAEXPAUrefEntity_t@2@@Z 00443b58 f   gl_frontend.obj
 0001:00042b94       ?AddSurfaces@inlineModel_t@OpenGLDrv@@UAEXPAUrefEntity_t@2@@Z 00443b94 f   gl_frontend.obj
 0001:00042cae       ?DrawLabel@inlineModel_t@OpenGLDrv@@UAEXPAUrefEntity_t@2@@Z 00443cae f   gl_frontend.obj
 0001:00042cf6       ?InitEntity@md3Model_t@OpenGLDrv@@UAE_NPAUentity_t@@PAUrefEntity_t@2@@Z 00443cf6 f   gl_frontend.obj
 0001:00042f04       ?AddSurfaces@md3Model_t@OpenGLDrv@@UAEXPAUrefEntity_t@2@@Z 00443f04 f   gl_frontend.obj
 0001:00042feb       ?DrawLabel@md3Model_t@OpenGLDrv@@UAEXPAUrefEntity_t@2@@Z 00443feb f   gl_frontend.obj
 0001:00043053       ?AddSurfaces@sprModel_t@OpenGLDrv@@UAEXPAUrefEntity_t@2@@Z 00444053 f   gl_frontend.obj
 0001:0004461b       ?AddEntity@OpenGLDrv@@YAXPAUentity_t@@@Z 0044561b f   gl_frontend.obj
 0001:000447f3       ?DrawPortal@OpenGLDrv@@YAXXZ 004457f3 f   gl_frontend.obj
 0001:0004493c       _powf                      0044593c f i gl_image.obj
 0001:0004495f       ?pow@@YAMMM@Z              0044595f f i gl_image.obj
 0001:0004529d       ?DrawStretchRaw8@OpenGLDrv@@YAXHHHHHHPAEPAI@Z 0044629d f   gl_image.obj
 0001:00045598       ?SetupGamma@OpenGLDrv@@YAXXZ 00446598 f   gl_image.obj
 0001:00045871       ?GL_TextureMode@OpenGLDrv@@YAXPBD@Z 00446871 f   gl_image.obj
 0001:00045c81       ?CreateImage@OpenGLDrv@@YAPAVimage_t@1@PBDPAXHHI@Z 00446c81 f   gl_image.obj
 0001:00045f54       ?CreateImage8@OpenGLDrv@@YAPAVimage_t@1@PBDPAXHHIPAI@Z 00446f54 f   gl_image.obj
 0001:00045f92       ?LoadDelayedImages@OpenGLDrv@@YAXXZ 00446f92 f   gl_image.obj
 0001:0004623d       ?PerformScreenshot@OpenGLDrv@@YAXXZ 0044723d f   gl_image.obj
 0001:00046508       ?ShutdownImages@OpenGLDrv@@YAXXZ 00447508 f   gl_image.obj
 0001:00046570       ?ShowImages@OpenGLDrv@@YAXXZ 00447570 f   gl_image.obj
 0001:00046808       ?FindImage@OpenGLDrv@@YAPAVimage_t@1@PBDI@Z 00447808 f   gl_image.obj
 0001:00046a32       ?GetImageColor@OpenGLDrv@@YA_NPBDPATcolor_t@@@Z 00447a32 f   gl_image.obj
 0001:00046b97       ?InitImages@OpenGLDrv@@YAXXZ 00447b97 f   gl_image.obj
 0001:00047277       ?GL_Lock@OpenGLDrv@@YAXXZ  00448277 f   gl_interface.obj
 0001:000472f8       ?GL_TexEnv@OpenGLDrv@@YAXI@Z 004482f8 f   gl_interface.obj
 0001:00047469       ?GL_TexMipBias@OpenGLDrv@@YAXM@Z 00448469 f   gl_interface.obj
 0001:000474ce       ?GL_TexEnvColor@OpenGLDrv@@YAXPBTcolor_t@@@Z 004484ce f   gl_interface.obj
 0001:0004758d       ?GL_SelectTexture@OpenGLDrv@@YAXH@Z 0044858d f   gl_interface.obj
 0001:000475f0       ?GL_TexCoordPointer@OpenGLDrv@@YAXPAX@Z 004485f0 f   gl_interface.obj
 0001:00047623       ?GL_DisableTexCoordArrays@OpenGLDrv@@YAXXZ 00448623 f   gl_interface.obj
 0001:00047675       ?GL_CullFace@OpenGLDrv@@YAXW4gl_cullMode_t@1@@Z 00448675 f   gl_interface.obj
 0001:000476c9       ?GL_DepthRange@OpenGLDrv@@YAXW4gl_depthMode_t@1@@Z 004486c9 f   gl_interface.obj
 0001:000476ff       ?GL_State@OpenGLDrv@@YAXI@Z 004486ff f   gl_interface.obj
 0001:00047853       ?GL_EnableFog@OpenGLDrv@@YAX_N@Z 00448853 f   gl_interface.obj
 0001:00047931       ?GL_SetDefaultState@OpenGLDrv@@YAXXZ 00448931 f   gl_interface.obj
 0001:00047a8a       ?GL_Set2DMode@OpenGLDrv@@YAXXZ 00448a8a f   gl_interface.obj
 0001:00047b83       ?GL_Set3DMode@OpenGLDrv@@YAXPAUviewPortal_t@1@@Z 00448b83 f   gl_interface.obj
 0001:00047c6c       ?GL_Bind@OpenGLDrv@@YAXPBVimage_t@1@@Z 00448c6c f   gl_interface.obj
 0001:00047dff       ?GL_BindForce@OpenGLDrv@@YAXPBVimage_t@1@@Z 00448dff f   gl_interface.obj
 0001:00047e94       ?GL_SetMultitexture@OpenGLDrv@@YAXH@Z 00448e94 f   gl_interface.obj
 0001:00047f67       ?GL_Unlock@OpenGLDrv@@YAXXZ 00448f67 f   gl_interface.obj
 0001:00048393       ?Show@CPointLight@OpenGLDrv@@UBEXXZ 00449393 f   gl_light.obj
 0001:000485cf       ?Show@CSurfLight@OpenGLDrv@@UBEXXZ 004495cf f   gl_light.obj
 0001:0004875f       ?ShowLights@OpenGLDrv@@YAXXZ 0044975f f   gl_light.obj
 0001:000487e4       ?Init@CPointLight@OpenGLDrv@@UAEXXZ 004497e4 f   gl_light.obj
 0001:000487fc       ?Init@CLightLinear@OpenGLDrv@@EAEXXZ 004497fc f   gl_light.obj
 0001:0004883b       ?GetScale@CLightLinear@OpenGLDrv@@EBEMM@Z 0044983b f   gl_light.obj
 0001:00048853       ?Init@CLightInv@OpenGLDrv@@EAEXXZ 00449853 f   gl_light.obj
 0001:00048878       ?GetScale@CLightInv@OpenGLDrv@@EBEMM@Z 00449878 f   gl_light.obj
 0001:0004889e       ?GetScale@CLightInv2@OpenGLDrv@@EBEMM@Z 0044989e f   gl_light.obj
 0001:000488ca       ?Init@CLightNofade@OpenGLDrv@@EAEXXZ 004498ca f   gl_light.obj
 0001:000488dd       ?GetScale@CLightNofade@OpenGLDrv@@EBEMM@Z 004498dd f   gl_light.obj
 0001:000488e3       ?Add@CPointLight@OpenGLDrv@@UBEXABUCVec3@@ABUCAxis@@@Z 004498e3 f   gl_light.obj
 0001:00048aa8       ?Init@CSurfLight@OpenGLDrv@@UAEXXZ 00449aa8 f   gl_light.obj
 0001:00048b98       ?Add@CSurfLight@OpenGLDrv@@UBEXABUCVec3@@ABUCAxis@@@Z 00449b98 f   gl_light.obj
 0001:00049023       ?Init@CSunLight@OpenGLDrv@@UAEXXZ 0044a023 f   gl_light.obj
 0001:000490d3       ?Add@CSunLight@OpenGLDrv@@UBEXABUCVec3@@ABUCAxis@@@Z 0044a0d3 f   gl_light.obj
 0001:00049a87       ?DiffuseLight@OpenGLDrv@@YAXPATcolor_t@@M@Z 0044aa87 f   gl_light.obj
 0001:00049cf5       ?InitLightGrid@OpenGLDrv@@YAXXZ 0044acf5 f   gl_light.obj
 0001:00049ec3       ?PostLoadLights@OpenGLDrv@@YAXXZ 0044aec3 f   gl_light.obj
 0001:00049f3d       ?Init@CLightInv2@OpenGLDrv@@EAEXXZ 0044af3d f   gl_light.obj
 0001:00049fb4       ?LightForEntity@OpenGLDrv@@YAXPAUrefEntity_t@1@@Z 0044afb4 f   gl_light.obj
 0001:0004a0df       ?LM_Init@OpenGLDrv@@YAXXZ  0044b0df f   gl_lightmap.obj
 0001:0004a0f5       ?LM_Flush@OpenGLDrv@@YAXPAUlightmapBlock_t@1@@Z 0044b0f5 f   gl_lightmap.obj
 0001:0004a155       ?LM_Done@OpenGLDrv@@YAXXZ  0044b155 f   gl_lightmap.obj
 0001:0004a17c       ?LM_Save@OpenGLDrv@@YAXPAUlightmapBlock_t@1@@Z 0044b17c f   gl_lightmap.obj
 0001:0004a197       ?LM_Restore@OpenGLDrv@@YAXPAUlightmapBlock_t@1@@Z 0044b197 f   gl_lightmap.obj
 0001:0004a1b2       ?LM_NewBlock@OpenGLDrv@@YAPAUlightmapBlock_t@1@XZ 0044b1b2 f   gl_lightmap.obj
 0001:0004a209       ?LM_Rewind@OpenGLDrv@@YAXXZ 0044b209 f   gl_lightmap.obj
 0001:0004a211       ?LM_NextBlock@OpenGLDrv@@YAPAUlightmapBlock_t@1@XZ 0044b211 f   gl_lightmap.obj
 0001:0004a24b       ?LM_CheckMinlight@OpenGLDrv@@YAXPAUdynamicLightmap_t@1@@Z 0044b24b f   gl_lightmap.obj
 0001:0004a2e2       ?LM_AllocBlock@OpenGLDrv@@YA_NPAUlightmapBlock_t@1@PAUdynamicLightmap_t@1@@Z 0044b2e2 f   gl_lightmap.obj
 0001:0004a767       ?LM_Copy@OpenGLDrv@@YAXPAE0HH@Z 0044b767 f   gl_lightmap.obj
 0001:0004a785       ?LM_PutBlock@OpenGLDrv@@YAXPAUdynamicLightmap_t@1@@Z 0044b785 f   gl_lightmap.obj
 0001:0004a8a5       ?LM_PutBlock1@OpenGLDrv@@YAXPAUdynamicLightmap_t@1@@Z 0044b8a5 f   gl_lightmap.obj
 0001:0004a990       ?LM_IsMonotone@OpenGLDrv@@YA_NPAUdynamicLightmap_t@1@PATcolor_t@@@Z 0044b990 f   gl_lightmap.obj
 0001:0004aa99       ?LM_SortLightStyles@OpenGLDrv@@YAXPAUdynamicLightmap_t@1@@Z 0044ba99 f   gl_lightmap.obj
 0001:0004ab19       ?UpdateDynamicLightmap@OpenGLDrv@@YAXPAVsurfacePlanar_t@1@_NI@Z 0044bb19 f   gl_lightmap.obj
 0001:0004b3ac       ?Zero@FDrawStats@OpenGLDrv@@QAEXXZ 0044c3ac f i gl_main.obj
 0001:0004b4b1       ?Shutdown@OpenGLDrv@@YAX_N@Z 0044c4b1 f   gl_main.obj
 0001:0004b521       ?GL_EnableRendering@OpenGLDrv@@YAX_N@Z 0044c521 f   gl_main.obj
 0001:0004b540       ?BeginFrame@OpenGLDrv@@YAXN@Z 0044c540 f   gl_main.obj
[...]
 0001:0005e43a       _write_file_header         0045f43a f   libs-vc-win32:jcmarker.obj
 0001:0005e486       _emit_jfif_app0            0045f486 f   libs-vc-win32:jcmarker.obj
 0001:0005e559       _emit_adobe_app14          0045f559 f   libs-vc-win32:jcmarker.obj
 0001:0005e5ff       _write_frame_header        0045f5ff f   libs-vc-win32:jcmarker.obj
 0001:0005e6de       _emit_dqt                  0045f6de f   libs-vc-win32:jcmarker.obj
 0001:0005e7cd       _emit_sof                  0045f7cd f   libs-vc-win32:jcmarker.obj
 0001:0005e8a9       _write_scan_header         0045f8a9 f   libs-vc-win32:jcmarker.obj
 0001:0005e969       _emit_dht                  0045f969 f   libs-vc-win32:jcmarker.obj
 0001:0005ea42       _emit_dri                  0045fa42 f   libs-vc-win32:jcmarker.obj
 0001:0005ea91       _emit_sos                  0045fa91 f   libs-vc-win32:jcmarker.obj
 0001:0005eb7f       _write_file_trailer        0045fb7f f   libs-vc-win32:jcmarker.obj
 0001:0005eb9f       _write_tables_only         0045fb9f f   libs-vc-win32:jcmarker.obj
 0001:0005f677       _alloc_funny_pointers      00460677 f   libs-vc-win32:jdmainct.obj
 0001:0005f724       _start_pass_main           00460724 f   libs-vc-win32:jdmainct.obj
 0001:0005f78c       _make_funny_pointers       0046078c f   libs-vc-win32:jdmainct.obj
 0001:0005f8cc       _process_data_simple_main  004608cc f   libs-vc-win32:jdmainct.obj
 0001:0005f934       _process_data_context_main 00460934 f   libs-vc-win32:jdmainct.obj
 0001:0005fa46       _set_wraparound_pointers   00460a46 f   libs-vc-win32:jdmainct.obj
 0001:0005fb30       _set_bottom_pointers       00460b30 f   libs-vc-win32:jdmainct.obj
 0001:0005fbca       _process_data_crank_post   00460bca f   libs-vc-win32:jdmainct.obj
 0001:0005fc70       _start_pass_dpost          00460c70 f   libs-vc-win32:jdpostct.obj
 0001:0005fd16       _post_process_1pass        00460d16 f   libs-vc-win32:jdpostct.obj
 0001:0005fd7b       _post_process_prepass      00460d7b f   libs-vc-win32:jdpostct.obj
 0001:0005fe0c       _post_process_2pass        00460e0c f   libs-vc-win32:jdpostct.obj
 0001:00060067       _start_pass_upsample       00461067 f   libs-vc-win32:jdsample.obj
 0001:00060081       _sep_upsample              00461081 f   libs-vc-win32:jdsample.obj
 0001:0006014e       _fullsize_upsample         0046114e f   libs-vc-win32:jdsample.obj
 0001:00060159       _noop_upsample             00461159 f   libs-vc-win32:jdsample.obj
 0001:00060161       _int_upsample              00461161 f   libs-vc-win32:jdsample.obj
 0001:0006024b       _h2v1_upsample             0046124b f   libs-vc-win32:jdsample.obj
 0001:000602a2       _h2v2_upsample             004612a2 f   libs-vc-win32:jdsample.obj
 0001:00060314       _h2v1_fancy_upsample       00461314 f   libs-vc-win32:jdsample.obj
 0001:000603b7       _h2v2_fancy_upsample       004613b7 f   libs-vc-win32:jdsample.obj
 0001:00060606       _build_ycc_rgb_table       00461606 f   libs-vc-win32:jdcolor.obj
 0001:000606b6       _ycc_rgb_convert           004616b6 f   libs-vc-win32:jdcolor.obj
 0001:000607c4       _null_convert              004617c4 f   libs-vc-win32:jdcolor.obj
 0001:0006083c       _grayscale_convert         0046183c f   libs-vc-win32:jdcolor.obj
 0001:0006085f       _gray_rgb_convert          0046185f f   libs-vc-win32:jdcolor.obj
 0001:000608b8       _ycck_cmyk_convert         004618b8 f   libs-vc-win32:jdcolor.obj
 0001:00060a62       _build_ycc_rgb_table       00461a62 f   libs-vc-win32:jdmerge.obj
 0001:00060b12       _start_pass_merged_upsample 00461b12 f   libs-vc-win32:jdmerge.obj
 0001:00060b27       _merged_2v_upsample        00461b27 f   libs-vc-win32:jdmerge.obj
 0001:00060bce       _merged_1v_upsample        00461bce f   libs-vc-win32:jdmerge.obj
 0001:00060bff       _h2v1_merged_upsample      00461bff f   libs-vc-win32:jdmerge.obj
 0001:00060d55       _h2v2_merged_upsample      00461d55 f   libs-vc-win32:jdmerge.obj
 0001:0006104b       _init_error_limit          0046204b f   libs-vc-win32:jquant2.obj
 0001:000610ea       _start_pass_2_quant        004620ea f   libs-vc-win32:jquant2.obj
 0001:000611ec       _prescan_quantize          004621ec f   libs-vc-win32:jquant2.obj
 0001:0006125b       _pass2_no_dither           0046225b f   libs-vc-win32:jquant2.obj
 0001:00061308       _fill_inverse_cmap         00462308 f   libs-vc-win32:jquant2.obj
 0001:000613d3       _find_nearby_colors        004623d3 f   libs-vc-win32:jquant2.obj
 0001:00061577       _find_best_colors          00462577 f   libs-vc-win32:jquant2.obj
 0001:00061691       _pass2_fs_dither           00462691 f   libs-vc-win32:jquant2.obj
 0001:00061900       _finish_pass1              00462900 f   libs-vc-win32:jquant2.obj
 0001:00061922       _select_colors             00462922 f   libs-vc-win32:jquant2.obj
 0001:000619ae       _update_box                004629ae f   libs-vc-win32:jquant2.obj
 0001:00061d48       _median_cut                00462d48 f   libs-vc-win32:jquant2.obj
 0001:00061e5c       _find_biggest_color_pop    00462e5c f   libs-vc-win32:jquant2.obj
 0001:00061e8b       _find_biggest_volume       00462e8b f   libs-vc-win32:jquant2.obj
 0001:00061eb4       _compute_color             00462eb4 f   libs-vc-win32:jquant2.obj
 0001:00061ff0       _new_color_map_2_quant     00462ff0 f   libs-vc-win32:jquant2.obj
 0001:0006208a       _create_colormap           0046308a f   libs-vc-win32:jquant1.obj
 0001:000621bc       _select_ncolors            004631bc f   libs-vc-win32:jquant1.obj
 0001:00062293       _create_colorindex         00463293 f   libs-vc-win32:jquant1.obj
 0001:000623bf       _alloc_fs_workspace        004633bf f   libs-vc-win32:jquant1.obj
 0001:000623fb       _start_pass_1_quant        004633fb f   libs-vc-win32:jquant1.obj
 0001:000624c7       _create_odither_tables     004634c7 f   libs-vc-win32:jquant1.obj
 0001:00062526       _make_odither_array        00463526 f   libs-vc-win32:jquant1.obj
 0001:00062589       _color_quantize            00463589 f   libs-vc-win32:jquant1.obj
 0001:00062614       _color_quantize3           00463614 f   libs-vc-win32:jquant1.obj
 0001:000626a2       _quantize_ord_dither       004636a2 f   libs-vc-win32:jquant1.obj
 0001:0006278d       _quantize3_ord_dither      0046378d f   libs-vc-win32:jquant1.obj
 0001:0006288d       _quantize_fs_dither        0046388d f   libs-vc-win32:jquant1.obj
 0001:00062a11       _new_color_map_1_quant     00463a11 f   libs-vc-win32:jquant1.obj
 0001:00062ab4       _start_pass_main           00463ab4 f   libs-vc-win32:jcmainct.obj
 0001:00062af6       _process_data_simple_main  00463af6 f   libs-vc-win32:jcmainct.obj
 0001:00062c3c       _start_pass_prep           00463c3c f   libs-vc-win32:jcprepct.obj
 0001:00062c7a       _pre_process_data          00463c7a f   libs-vc-win32:jcprepct.obj
 0001:00062e28       _pre_process_context       00463e28 f   libs-vc-win32:jcprepct.obj
 0001:00062fe1       _create_context_buffer     00463fe1 f   libs-vc-win32:jcprepct.obj
 0001:00063240       _sep_downsample            00464240 f   libs-vc-win32:jcsample.obj
 0001:000632b5       _int_downsample            004642b5 f   libs-vc-win32:jcsample.obj
 0001:000633ad       _expand_right_edge         004643ad f   libs-vc-win32:jcsample.obj
 0001:00063402       _fullsize_downsample       00464402 f   libs-vc-win32:jcsample.obj
 0001:00063446       _h2v1_downsample           00464446 f   libs-vc-win32:jcsample.obj
 0001:000634da       _h2v2_downsample           004644da f   libs-vc-win32:jcsample.obj
 0001:00063587       _h2v2_smooth_downsample    00464587 f   libs-vc-win32:jcsample.obj
 0001:000637ff       _fullsize_smooth_downsample 004647ff f   libs-vc-win32:jcsample.obj
 0001:00063af4       _rgb_ycc_start             00464af4 f   libs-vc-win32:jccolor.obj
 0001:00063bb8       _rgb_ycc_convert           00464bb8 f   libs-vc-win32:jccolor.obj
 0001:00063cb7       _rgb_gray_convert          00464cb7 f   libs-vc-win32:jccolor.obj
 0001:00063d3c       _cmyk_ycck_convert         00464d3c f   libs-vc-win32:jccolor.obj
 0001:00063e74       _grayscale_convert         00464e74 f   libs-vc-win32:jccolor.obj
 0001:00063ece       _null_convert              00464ece f   libs-vc-win32:jccolor.obj
 0001:00064008       _initial_setup             00465008 f   libs-vc-win32:jcmaster.obj
 0001:000641bb       _validate_script           004651bb f   libs-vc-win32:jcmaster.obj
 0001:00064593       _prepare_for_pass          00465593 f   libs-vc-win32:jcmaster.obj
 0001:0006470b       _select_scan_parameters    0046570b f   libs-vc-win32:jcmaster.obj
 0001:0006480c       _per_scan_setup            0046580c f   libs-vc-win32:jcmaster.obj
 0001:000649b7       _pass_startup              004659b7 f   libs-vc-win32:jcmaster.obj
 0001:000649de       _finish_pass_master        004659de f   libs-vc-win32:jcmaster.obj
 0001:00064ab3       _start_pass                00465ab3 f   libs-vc-win32:jclossy.obj
 0001:00064b47       _start_pass                00465b47 f   libs-vc-win32:jclossls.obj
 0001:00064bf8       _calc_output_dimensions    00465bf8 f   libs-vc-win32:jdlossy.obj
 0001:00064d6b       _start_input_pass          00465d6b f   libs-vc-win32:jdlossy.obj
 0001:00064d8b       _latch_quant_tables        00465d8b f   libs-vc-win32:jdlossy.obj
 0001:00064e23       _start_output_pass         00465e23 f   libs-vc-win32:jdlossy.obj
 0001:00064eb9       _calc_output_dimensions    00465eb9 f   libs-vc-win32:jdlossls.obj
 0001:00064eca       _start_input_pass          00465eca f   libs-vc-win32:jdlossls.obj
 0001:00064fa1       _start_pass_coef           00465fa1 f   libs-vc-win32:jccoefct.obj
 0001:00065036       _start_iMCU_row            00466036 f   libs-vc-win32:jccoefct.obj
 0001:00065036       _start_iMCU_row            00466036 f   libs-vc-win32:jccoefct.obj
 0001:00065078       _compress_data             00466078 f   libs-vc-win32:jccoefct.obj
 0001:0006525f       _compress_first_pass       0046625f f   libs-vc-win32:jccoefct.obj
 0001:00065445       _compress_output           00466445 f   libs-vc-win32:jccoefct.obj
 0001:00065610       _start_pass_huff           00466610 f   libs-vc-win32:jcshuff.obj
 0001:00065785       _encode_mcu_huff           00466785 f   libs-vc-win32:jcshuff.obj
 0001:00065890       _encode_one_block          00466890 f   libs-vc-win32:jcshuff.obj
 0001:00065a07       _emit_bits                 00466a07 f   libs-vc-win32:jcshuff.obj
 0001:00065aaa       _dump_buffer               00466aaa f   libs-vc-win32:jcshuff.obj
 0001:00065ace       _emit_restart              00466ace f   libs-vc-win32:jcshuff.obj
 0001:00065b3b       _flush_bits                00466b3b f   libs-vc-win32:jcshuff.obj
 0001:00065b5f       _finish_pass_huff          00466b5f f   libs-vc-win32:jcshuff.obj
 0001:00065bce       _encode_mcu_gather         00466bce f   libs-vc-win32:jcshuff.obj
 0001:00065c84       _htest_one_block           00466c84 f   libs-vc-win32:jcshuff.obj
 0001:00065d4b       _finish_pass_gather        00466d4b f   libs-vc-win32:jcshuff.obj
 0001:00065e75       _start_pass_phuff          00466e75 f   libs-vc-win32:jcphuff.obj
 0001:00065fe2       _encode_mcu_DC_first       00466fe2 f   libs-vc-win32:jcphuff.obj
 0001:00066114       _emit_bits                 00467114 f   libs-vc-win32:jcphuff.obj
 0001:000661bf       _dump_buffer               004671bf f   libs-vc-win32:jcphuff.obj
 0001:000661f7       _emit_symbol               004671f7 f   libs-vc-win32:jcphuff.obj
 0001:00066237       _emit_restart              00467237 f   libs-vc-win32:jcphuff.obj
 0001:000662c0       _emit_eobrun               004672c0 f   libs-vc-win32:jcphuff.obj
 0001:00066346       _encode_mcu_AC_first       00467346 f   libs-vc-win32:jcphuff.obj
 0001:000664da       _encode_mcu_DC_refine      004674da f   libs-vc-win32:jcphuff.obj
 0001:00066594       _encode_mcu_AC_refine      00467594 f   libs-vc-win32:jcphuff.obj
 0001:000667ab       _finish_pass_phuff         004677ab f   libs-vc-win32:jcphuff.obj
 0001:000667fa       _finish_pass_gather_phuff  004677fa f   libs-vc-win32:jcphuff.obj
 0001:000668bd       _need_optimization_pass    004678bd f   libs-vc-win32:jcphuff.obj
 0001:00066940       _start_pass_fdctmgr        00467940 f   libs-vc-win32:jcdctmgr.obj
 0001:00066a42       _forward_DCT_float         00467a42 f   libs-vc-win32:jcdctmgr.obj
 0001:00066d2d       _start_pass_diff           00467d2d f   libs-vc-win32:jcdiffct.obj
 0001:00066dcb       _compress_data             00467dcb f   libs-vc-win32:jcdiffct.obj
 0001:00066f61       _compress_first_pass       00467f61 f   libs-vc-win32:jcdiffct.obj
 0001:00067056       _compress_output           00468056 f   libs-vc-win32:jcdiffct.obj
 0001:0006710d       _start_pass_huff           0046810d f   libs-vc-win32:jclhuff.obj
 0001:000672aa       _encode_mcus_huff          004682aa f   libs-vc-win32:jclhuff.obj
 0001:00067495       _emit_bits                 00468495 f   libs-vc-win32:jclhuff.obj
 0001:00067538       _dump_buffer               00468538 f   libs-vc-win32:jclhuff.obj
 0001:0006755c       _emit_restart              0046855c f   libs-vc-win32:jclhuff.obj
 0001:000675a7       _flush_bits                004685a7 f   libs-vc-win32:jclhuff.obj
 0001:000675cb       _finish_pass_huff          004685cb f   libs-vc-win32:jclhuff.obj
 0001:00067638       _encode_mcus_gather        00468638 f   libs-vc-win32:jclhuff.obj
 0001:00067761       _finish_pass_gather        00468761 f   libs-vc-win32:jclhuff.obj
 0001:0006781b       _start_pass                0046881b f   libs-vc-win32:jcpred.obj
 0001:00067873       _reset_predictor           00468873 f   libs-vc-win32:jcpred.obj
 0001:000678a0       _jpeg_difference_first_row 004688a0 f   libs-vc-win32:jcpred.obj
 0001:0006798a       _jpeg_difference1          0046898a f   libs-vc-win32:jcpred.obj
 0001:000679f8       _jpeg_difference2          004689f8 f   libs-vc-win32:jcpred.obj
 0001:00067a69       _jpeg_difference3          00468a69 f   libs-vc-win32:jcpred.obj
 0001:00067ae1       _jpeg_difference4          00468ae1 f   libs-vc-win32:jcpred.obj
 0001:00067b6c       _jpeg_difference5          00468b6c f   libs-vc-win32:jcpred.obj
 0001:00067bff       _jpeg_difference6          00468bff f   libs-vc-win32:jcpred.obj
 0001:00067c8e       _jpeg_difference7          00468c8e f   libs-vc-win32:jcpred.obj
 0001:00067d23       _scaler_start_pass         00468d23 f   libs-vc-win32:jcscale.obj
 0001:00067d46       _simple_downscale          00468d46 f   libs-vc-win32:jcscale.obj
 0001:00067d72       _noscale                   00468d72 f   libs-vc-win32:jcscale.obj
 0001:00067e8a       _start_input_pass          00468e8a f   libs-vc-win32:jdcoefct.obj
 0001:00067e9d       _start_iMCU_row            00468e9d f   libs-vc-win32:jdcoefct.obj
 0001:00067ee2       _start_output_pass         00468ee2 f   libs-vc-win32:jdcoefct.obj
 0001:00067f1f       _decompress_onepass        00468f1f f   libs-vc-win32:jdcoefct.obj
 0001:000680f8       _consume_data              004690f8 f   libs-vc-win32:jdcoefct.obj
 0001:000682b1       _decompress_data           004692b1 f   libs-vc-win32:jdcoefct.obj
 0001:0006841d       _smoothing_ok              0046941d f   libs-vc-win32:jdcoefct.obj
 0001:00068508       _decompress_smooth_data    00469508 f   libs-vc-win32:jdcoefct.obj
 0001:00068aa1       _start_pass_huff_decoder   00469aa1 f   libs-vc-win32:jdshuff.obj
 0001:00068bd9       _decode_mcu                00469bd9 f   libs-vc-win32:jdshuff.obj
 0001:00068f89       _process_restart           00469f89 f   libs-vc-win32:jdshuff.obj
 0001:0006905a       _start_pass_phuff_decoder  0046a05a f   libs-vc-win32:jdphuff.obj
 0001:000692a3       _decode_mcu_DC_first       0046a2a3 f   libs-vc-win32:jdphuff.obj
 0001:0006949b       _process_restart           0046a49b f   libs-vc-win32:jdphuff.obj
 0001:0006950a       _decode_mcu_AC_first       0046a50a f   libs-vc-win32:jdphuff.obj
 0001:0006972a       _decode_mcu_DC_refine      0046a72a f   libs-vc-win32:jdphuff.obj
 0001:000697ff       _decode_mcu_AC_refine      0046a7ff f   libs-vc-win32:jdphuff.obj
 0001:00069c08       _start_pass                0046ac08 f   libs-vc-win32:jddctmgr.obj
 0001:00069eac       _start_input_pass          0046aeac f   libs-vc-win32:jddiffct.obj
 0001:00069f14       _start_iMCU_row            0046af14 f   libs-vc-win32:jddiffct.obj
 0001:00069f59       _start_output_pass         0046af59 f   libs-vc-win32:jddiffct.obj
 0001:00069f65       _decompress_data           0046af65 f   libs-vc-win32:jddiffct.obj
 0001:0006a0d5       _process_restart           0046b0d5 f   libs-vc-win32:jddiffct.obj
 0001:0006a10a       _consume_data              0046b10a f   libs-vc-win32:jddiffct.obj
 0001:0006a181       _output_data               0046b181 f   libs-vc-win32:jddiffct.obj
 0001:0006a2c8       _scaler_start_pass         0046b2c8 f   libs-vc-win32:jdscale.obj
 0001:0006a315       _simple_upscale            0046b315 f   libs-vc-win32:jdscale.obj
 0001:0006a34b       _simple_downscale          0046b34b f   libs-vc-win32:jdscale.obj
 0001:0006a381       _noscale                   0046b381 f   libs-vc-win32:jdscale.obj
 0001:0006a3b9       _predict_start_pass        0046b3b9 f   libs-vc-win32:jdpred.obj
 0001:0006a447       _jpeg_undifference_first_row 0046b447 f   libs-vc-win32:jdpred.obj
 0001:0006a520       _jpeg_undifference1        0046b520 f   libs-vc-win32:jdpred.obj
 0001:0006a562       _jpeg_undifference2        0046b562 f   libs-vc-win32:jdpred.obj
 0001:0006a5ab       _jpeg_undifference3        0046b5ab f   libs-vc-win32:jdpred.obj
 0001:0006a5ff       _jpeg_undifference4        0046b5ff f   libs-vc-win32:jdpred.obj
 0001:0006a655       _jpeg_undifference5        0046b655 f   libs-vc-win32:jdpred.obj
 0001:0006a6ba       _jpeg_undifference6        0046b6ba f   libs-vc-win32:jdpred.obj
 0001:0006a712       _jpeg_undifference7        0046b712 f   libs-vc-win32:jdpred.obj
 0001:0006a79d       _start_pass_lhuff_decoder  0046b79d f   libs-vc-win32:jdlhuff.obj
 0001:0006a8ce       _process_restart           0046b8ce f   libs-vc-win32:jdlhuff.obj
 0001:0006a918       _decode_mcus               0046b918 f   libs-vc-win32:jdlhuff.obj
 0001:0006c110       _pre_cpp_init              0046d110 f   MSVCRT:crtexew.obj
 0001:0006c15b       ___tmainCRTStartup         0046d15b f   MSVCRT:crtexew.obj
 0001:0006c334       _pre_c_init                0046d334 f   MSVCRT:crtexew.obj
 0001:0006c810       _dummy_consume_data        0046d810 f   MSVCRT:merr.obj
 0001:0006c810       _dummy_consume_data        0046d810 f   MSVCRT:merr.obj
 0001:0006c980       ??__EGNullDevice@@YAXXZ    0046d980 f   OutputDevice.obj
 0001:0006c98c       ??__EGLogDevice@@YAXXZ     0046d98c f   OutputDevice.obj
 0001:0006c998       ??__ELogTail@@YAXXZ        0046d998 f   ErrorMgr.obj
 0001:0006c9b7       ??__EErrLog@@YAXXZ         0046d9b7 f   ErrorMgr.obj
 0001:0006c9c3       ??__EText@@YAXXZ           0046d9c3 f   sv_text.obj
 0001:0006c9f6       ??__EFS@@YAXXZ             0046d9f6 f   QuakeFileSystem.obj
 0001:0006ca02       ??__EWin32Log@@YAXXZ       0046da02 f   sys_win.obj
 0001:0006ca0e       ??__EText@OpenGLDrv@@YAXXZ 0046da0e f   gl_text.obj
 0001:0006ca41       ??__FGNullDevice@@YAXXZ    0046da41 f   OutputDevice.obj
 0001:0006ca4c       ??__FGLogDevice@@YAXXZ     0046da4c f   OutputDevice.obj
 0001:0006ca57       ??__FLogTail@@YAXXZ        0046da57 f   ErrorMgr.obj
 0001:0006ca61       ??__FErrLog@@YAXXZ         0046da61 f   ErrorMgr.obj
 0001:0006ca6b       ??__FText@@YAXXZ           0046da6b f   sv_text.obj
 0001:0006ca78       ??__FFS@@YAXXZ             0046da78 f   QuakeFileSystem.obj
 0001:0006ca83       ??__FWin32Log@@YAXXZ       0046da83 f   sys_win.obj
 0001:0006ca8e       ??__FText@OpenGLDrv@@YAXXZ 0046da8e f   gl_text.obj
