 quake2

 Timestamp is 421311f8 (Wed Feb 16 12:27:20 2005)

 Preferred load address is 00400000

 Start         Length     Name                   Class
 0001:00000000 0006ebe0H .text                   CODE
 0002:00000000 000002bcH .idata$5                DATA
 0002:000002c0 00003f8cH .rdata                  DATA
 0002:00004250 00000044H .rdata$r                DATA
 0002:00004298 00000038H .xdata$x                DATA
 0002:000042d0 00000078H .idata$2                DATA
 0002:00004348 00000014H .idata$3                DATA
 0002:0000435c 000002bcH .idata$4                DATA
 0002:00004618 0000090eH .idata$6                DATA
 0002:00004f26 00000000H .edata                  DATA
 0003:00000000 00000004H .CRT$XCA                DATA
 0003:00000004 00000004H .CRT$XCZ                DATA
 0003:00000008 00000004H .CRT$XIA                DATA
 0003:0000000c 00000004H .CRT$XIZ                DATA
 0003:00000010 00010a3cH .data                   DATA
 0003:00010a50 00b0eaa8H .bss                    DATA
 0004:00000000 00000130H .rsrc$01                DATA
 0004:00000130 00003f20H .rsrc$02                DATA

  Address         Publics by Value              Rva+Base     Lib:Object

 0001:00000000       ??3@YAXPAX@Z               00401000 f i cl_cin.obj
 0001:0000000b       ?SCR_StopCinematic@@YAXXZ  0040100b f   cl_cin.obj
 0001:000000a7       ?SCR_FinishCinematic@@YAXXZ 004010a7 f   cl_cin.obj
 0001:000000e6       ?SCR_RunCinematic@@YAXXZ   004010e6 f   cl_cin.obj
 0001:00000502       ?SCR_DrawCinematic@@YA_NXZ 00401502 f   cl_cin.obj
 0001:00000584       ?SCR_PlayCinematic@@YAXPAD@Z 00401584 f   cl_cin.obj
 0001:00000946       ?CL_Download_f@@YAX_NHPAPAD@Z 00401946 f   cl_download.obj
 0001:00000cf7       ?CL_ParseDownload@@YAXXZ   00401cf7 f   cl_download.obj
 0001:0000150e       ?CL_Precache_f@@YAXHPAPAD@Z 0040250e f   cl_download.obj
 0001:0000156c       ?CL_ParseEntityBits@@YAHPAI@Z 0040256c f   cl_ents.obj
 0001:000015ce       ?CL_ParseDelta@@YAXPAUentityState_t@@0HH_N@Z 004025ce f   cl_ents.obj
 0001:0000196a       ?CL_DeltaEntity@@YAXPAUframe_t@@HPAUentityState_t@@H@Z 0040296a f   cl_ents.obj
 0001:00001ac1       ?CL_ParsePacketEntities@@YAXPAUframe_t@@0@Z 00402ac1 f   cl_ents.obj
 0001:00001cc9       ?CL_ParsePlayerstate@@YAXPAUframe_t@@0@Z 00402cc9 f   cl_ents.obj
 0001:00001fd1       ?CL_FireEntityEvents@@YAXPAUframe_t@@@Z 00402fd1 f   cl_ents.obj
 0001:00002023       ?CL_ParseFrame@@YAXXZ      00403023 f   cl_ents.obj
 0001:000022f1       ?CL_AddEntityBox@@YAXPAUentityState_t@@I@Z 004032f1 f   cl_ents.obj
 0001:000023d8       ?CL_OffsetThirdPersonView@@YAXXZ 004033d8 f   cl_ents.obj
 0001:00002492       ?CL_CalcViewValues@@YAXXZ  00403492 f   cl_ents.obj
 0001:00002799       ?CL_AddEntities@@YAXXZ     00403799 f   cl_ents.obj
 0001:00003541       ?CL_GetEntitySoundOrigin@@YAXHQAM@Z 00404541 f   cl_ents.obj
 0001:00003573       ?CL_ClearLightStyles@@YAXXZ 00404573 f   cl_fx.obj
 0001:000035f5       ?CL_RunLightStyles@@YAXXZ  004045f5 f   cl_fx.obj
 0001:00003694       ?CL_SetLightstyle@@YAXHPBD@Z 00404694 f   cl_fx.obj
 0001:000036f5       ?CL_ClearDlights@@YAXXZ    004046f5 f   cl_fx.obj
 0001:00003706       ?CL_AllocDlight@@YAPAUcdlight_t@@HQAM@Z 00404706 f   cl_fx.obj
 0001:0000376f       ?CL_AddDLights@@YAXXZ      0040476f f   cl_fx.obj
 0001:000037cf       ?CL_ClearParticles@@YAXXZ  004047cf f   cl_fx.obj
 0001:00003836       ?CL_AllocParticleTrace@@YAPAUparticleTrace_t@@QAM0MM@Z 00404836 f   cl_fx.obj
 0001:000038d6       ?CL_AllocParticleBeam@@YAPAUbeam_s@@QAM0MM@Z 004048d6 f   cl_fx.obj
 0001:00003949       ?CL_AllocParticle@@YAPAUparticle_s@@XZ 00404949 f   cl_fx.obj
 0001:00003997       ?CL_UpdateParticles@@YAXXZ 00404997 f   cl_fx.obj
 0001:00003f89       ?CL_MetalSparks@@YAXQAM0H@Z 00404f89 f   cl_fx.obj
 0001:00004076       ?CL_ParseMuzzleFlash@@YAXXZ 00405076 f   cl_fx.obj
 0001:000048b5       ?CL_ParseMuzzleFlash2@@YAXXZ 004058b5 f   cl_fx.obj
 0001:00004fa1       ?CL_ParticleEffect@@YAXQAM0HH@Z 00405fa1 f   cl_fx.obj
 0001:00005070       ?CL_ParticleEffect2@@YAXQAM0HH@Z 00406070 f   cl_fx.obj
 0001:0000513b       ?CL_ParticleEffect3@@YAXQAM0HH@Z 0040613b f   cl_fx.obj
 0001:0000520b       ?CL_TeleporterParticles@@YAXPAUentityState_t@@@Z 0040620b f   cl_fx.obj
 0001:000052c2       ?CL_LogoutEffect@@YAXQAMH@Z 004062c2 f   cl_fx.obj
 0001:000053ad       ?CL_ItemRespawnParticles@@YAXQAM@Z 004063ad f   cl_fx.obj
 0001:0000545c       ?CL_ExplosionParticles@@YAXQAM@Z 0040645c f   cl_fx.obj
 0001:00005506       ?CL_BigTeleportParticles@@YAXQAM@Z 00406506 f   cl_fx.obj
 0001:0000565d       ?CL_BlasterParticles@@YAXQAM0@Z 0040665d f   cl_fx.obj
 0001:00005729       ?CL_BlasterTrail@@YAXQAM0@Z 00406729 f   cl_fx.obj
 0001:0000581c       ?CL_FlagTrail@@YAXQAM0M@Z  0040681c f   cl_fx.obj
 0001:0000591c       ?CL_DiminishingTrail@@YAXQAM0PAUcentity_t@@H@Z 0040691c f   cl_fx.obj
 0001:00005b80       ?CL_RocketTrail@@YAXQAM0PAUcentity_t@@@Z 00406b80 f   cl_fx.obj
 0001:00005cad       ?CL_RailTrail@@YAXQAM0@Z   00406cad f   cl_fx.obj
 0001:00005ed3       ?CL_RailTrailExt@@YAXQAM0EE@Z 00406ed3 f   cl_fx.obj
 0001:00005fd5       ?CL_IonripperTrail@@YAXQAM0@Z 00406fd5 f   cl_fx.obj
 0001:000060e8       ?CL_BubbleTrail@@YAXQAM0@Z 004070e8 f   cl_fx.obj
 0001:00006206       ?CL_FlyParticles@@YAXQAMH@Z 00407206 f   cl_fx.obj
 0001:000063a5       ?CL_FlyEffect@@YAXPAUcentity_t@@QAM@Z 004073a5 f   cl_fx.obj
 0001:00006428       ?CL_BfgParticles@@YAXPAUentity_t@@@Z 00407428 f   cl_fx.obj
 0001:00006602       ?CL_TrapParticles@@YAXPAUentity_t@@@Z 00407602 f   cl_fx.obj
 0001:00006885       ?CL_BFGExplosionParticles@@YAXQAM@Z 00407885 f   cl_fx.obj
 0001:0000692f       ?CL_TeleportParticles@@YAXQAM@Z 0040792f f   cl_fx.obj
 0001:00006a68       ?CL_EntityEvent@@YAXPAUentityState_t@@@Z 00407a68 f   cl_fx.obj
 0001:00006c43       ?CL_ClearEffects@@YAXXZ    00407c43 f   cl_fx.obj
 0001:00006c52       ?IN_CenterView@@YAXXZ      00407c52 f   cl_input.obj
 0001:00006c73       ?CL_InitInput@@YAXXZ       00407c73 f   cl_input.obj
 0001:0000720f       ?CL_SendCmd@@YAXXZ         0040820f f   cl_input.obj
 0001:00007909       ?CL_WriteDemoMessage@@YAXXZ 00408909 f   cl_main.obj
 0001:0000794b       ?Cmd_ForwardToServer@@YAXHPAPAD@Z 0040894b f   cl_main.obj
 0001:000079de       ?CL_ForwardToServer_f@@YAXHPAPAD@Z 004089de f   cl_main.obj
 0001:00007a26       ?CL_Pause@@YAX_N@Z         00408a26 f   cl_main.obj
 0001:00007a68       ?CL_Quit_f@@YAXXZ          00408a68 f   cl_main.obj
 0001:00007a72       ?CL_Drop@@YAX_N@Z          00408a72 f   cl_main.obj
 0001:00007a95       ?CL_SendConnectPacket@@YAXXZ 00408a95 f   cl_main.obj
 0001:00007b6c       ?CL_CheckForResend@@YAXXZ  00408b6c f   cl_main.obj
 0001:00007c71       ?CL_Connect_f@@YAX_NHPAPAD@Z 00408c71 f   cl_main.obj
 0001:00007cf4       ?CL_Rcon_f@@YAXHPAPAD@Z    00408cf4 f   cl_main.obj
 0001:00007dfc       ?CL_ClearState@@YAXXZ      00408dfc f   cl_main.obj
 0001:00007e33       ?CL_Disconnect@@YAXXZ      00408e33 f   cl_main.obj
 0001:00007ff0       ?CL_Disconnect_f@@YAXXZ    00408ff0 f   cl_main.obj
 0001:00007ffa       ?CL_Changing_f@@YAXXZ      00408ffa f   cl_main.obj
 0001:0000801e       ?CL_Reconnect_f@@YAXXZ     0040901e f   cl_main.obj
 0001:000080ba       ?CL_PingServers_f@@YAXXZ   004090ba f   cl_main.obj
 0001:00008225       ?CL_Skins_f@@YAXXZ         00409225 f   cl_main.obj
 0001:000084f8       ?CL_ConnectionlessPacket@@YAXXZ 004094f8 f   cl_main.obj
 0001:000085f7       ?CL_ReadPackets@@YAXXZ     004095f7 f   cl_main.obj
 0001:0000873c       ?CL_FixUpGender@@YAXXZ     0040973c f   cl_main.obj
 0001:000087ee       ?CL_Userinfo_f@@YAXXZ      004097ee f   cl_main.obj
 0001:00008806       ?CL_RegisterSounds@@YAXXZ  00409806 f   cl_main.obj
 0001:00008845       ?CL_Snd_Restart_f@@YAXXZ   00409845 f   cl_main.obj
 0001:00008854       ?CL_WriteConfiguration@@YAXPAD@Z 00409854 f   cl_main.obj
 0001:0000890f       ?CL_WriteConfig_f@@YAX_NHPAPAD@Z 0040990f f   cl_main.obj
 0001:0000896e       ?CL_FixCvarCheats@@YAXXZ   0040996e f   cl_main.obj
 0001:000089c8       ?CL_Frame@@YAXMH@Z         004099c8 f   cl_main.obj
 0001:00008bd1       ?CL_Init@@YAXXZ            00409bd1 f   cl_main.obj
 0001:00009092       ?CL_Shutdown@@YAX_N@Z      0040a092 f   cl_main.obj
 0001:000090db       ?CL_Flashlight@@YAXHQAM@Z  0040a0db f   cl_newfx.obj
 0001:00009115       ?CL_ColorFlash@@YAXQAMHHMMM@Z 0040a115 f   cl_newfx.obj
 0001:00009151       ?CL_DebugTrail@@YAXQAM0@Z  0040a151 f   cl_newfx.obj
 0001:00009231       ?CL_ForceWall@@YAXQAM0H@Z  0040a231 f   cl_newfx.obj
 0001:00009358       ?CL_BubbleTrail2@@YAXQAM0H@Z 0040a358 f   cl_newfx.obj
 0001:00009482       ?CL_Heatbeam@@YAXQAM0@Z    0040a482 f   cl_newfx.obj
 0001:00009733       ?CL_ParticleSteamEffect@@YAXQAM0HHH@Z 0040a733 f   cl_newfx.obj
 0001:0000985d       ?CL_ParticleSteamEffect2@@YAXPAUcl_sustain_s@@@Z 0040a85d f   cl_newfx.obj
 0001:00009994       ?CL_TrackerTrail@@YAXQAM0H@Z 0040a994 f   cl_newfx.obj
 0001:00009ae4       ?CL_Tracker_Shell@@YAXQAM@Z 0040aae4 f   cl_newfx.obj
 0001:00009b6d       ?CL_MonsterPlasma_Shell@@YAXQAM@Z 0040ab6d f   cl_newfx.obj
 0001:00009bf3       ?CL_Widowbeamout@@YAXPAUcl_sustain_s@@@Z 0040abf3 f   cl_newfx.obj
 0001:00009caf       ?CL_Nukeblast@@YAXPAUcl_sustain_s@@@Z 0040acaf f   cl_newfx.obj
 0001:00009d6b       ?CL_WidowSplash@@YAXQAM@Z  0040ad6b f   cl_newfx.obj
 0001:00009e33       ?CL_TagTrail@@YAXQAM0M@Z   0040ae33 f   cl_newfx.obj
 0001:00009f33       ?CL_ColorExplosionParticles@@YAXQAMHH@Z 0040af33 f   cl_newfx.obj
 0001:00009fe0       ?CL_ParticleSmokeEffect@@YAXQAM0HHH@Z 0040afe0 f   cl_newfx.obj
 0001:0000a108       ?CL_BlasterParticles2@@YAXQAM0I@Z 0040b108 f   cl_newfx.obj
 0001:0000a1d5       ?CL_BlasterTrail2@@YAXQAM0@Z 0040b1d5 f   cl_newfx.obj
 0001:0000a2c8       ?CL_LoadClientinfo@@YAXPAUclientinfo_t@@PAD@Z 0040b2c8 f   cl_parse.obj
 0001:0000a5af       ?CL_ParseClientinfo@@YAXH@Z 0040b5af f   cl_parse.obj
 0001:0000a5d3       ?CL_ParseServerMessage@@YAXXZ 0040b5d3 f   cl_parse.obj
 0001:0000ad93       ?CL_CheckPredictionError@@YAXXZ 0040bd93 f   cl_pred.obj
 0001:0000af33       ?CL_EntityTrace@@YAXPAUtrace_t@@QAM111H@Z 0040bf33 f   cl_pred.obj
 0001:0000b2ed       ?CL_Trace@@YAXPAUtrace_t@@QAM111H@Z 0040c2ed f   cl_pred.obj
 0001:0000b36f       ?CL_PMpointcontents@@YAHQAM@Z 0040c36f f   cl_pred.obj
 0001:0000b4f9       ?CL_PredictMovement@@YAXXZ 0040c4f9 f   cl_pred.obj
 0001:0000b89b       ?DrawString@@YAXHHPBD@Z    0040c89b f   cl_scrn.obj
 0001:0000b8e0       ?SCR_DebugGraph@@YAXMH@Z   0040c8e0 f   cl_scrn.obj
 0001:0000b908       ?SCR_CenterPrint@@YAXPAD@Z 0040c908 f   cl_scrn.obj
 0001:0000ba0c       ?Key_Message@@YAXH@Z       0040ca0c f   cl_scrn.obj
 0001:0000baa8       ?SCR_SetLevelshot@@YAXPAD@Z 0040caa8 f   cl_scrn.obj
 0001:0000bb8c       ?SCR_BeginLoadingPlaque@@YAXXZ 0040cb8c f   cl_scrn.obj
 0001:0000bc11       ?SCR_EndLoadingPlaque@@YAX_N@Z 0040cc11 f   cl_scrn.obj
 0001:0000bc96       ?SCR_ShowConsole@@YAX_N0@Z 0040cc96 f   cl_scrn.obj
 0001:0000bd6f       ?SCR_ToggleConsole@@YAXXZ  0040cd6f f   cl_scrn.obj
 0001:0000bd97       ?SCR_TouchPics@@YAXXZ      0040cd97 f   cl_scrn.obj
 0001:0000be07       ?SCR_UpdateScreen@@YAXXZ   0040ce07 f   cl_scrn.obj
 0001:0000d340       ?SCR_Init@@YAXXZ           0040e340 f   cl_scrn.obj
 0001:0000d620       ?CL_RegisterTEntSounds@@YAXXZ 0040e620 f   cl_tent.obj
 0001:0000d865       ?CL_RegisterTEntModels@@YAXXZ 0040e865 f   cl_tent.obj
 0001:0000d99d       ?CL_ClearTEnts@@YAXXZ      0040e99d f   cl_tent.obj
 0001:0000d9d1       ?CL_AllocExplosion@@YAPAUexplosion_t@@QAMW4exptype_t@@@Z 0040e9d1 f   cl_tent.obj
 0001:0000da6d       ?CL_AddExplosions@@YAXXZ   0040ea6d f   cl_tent.obj
 0001:0000dc07       ?CL_SmokeAndFlash@@YAXQAM@Z 0040ec07 f   cl_tent.obj
 0001:0000dc4f       ?CL_ParseBeam@@YAHPAUmodel_s@@@Z 0040ec4f f   cl_tent.obj
 0001:0000dd2e       ?CL_ParseBeam2@@YAHPAUmodel_s@@@Z 0040ed2e f   cl_tent.obj
 0001:0000de05       ?CL_ParsePlayerBeam@@YAHPAUmodel_s@@@Z 0040ee05 f   cl_tent.obj
 0001:0000df13       ?CL_ParseLightning@@YAHPAUmodel_s@@@Z 0040ef13 f   cl_tent.obj
 0001:0000dfdf       ?CL_ParseLaser@@YAXI@Z     0040efdf f   cl_tent.obj
 0001:0000e05b       ?CL_ParseSteam@@YAXXZ      0040f05b f   cl_tent.obj
 0001:0000e16c       ?CL_ParseWidow@@YAXXZ      0040f16c f   cl_tent.obj
 0001:0000e1d8       ?CL_ParseNuke@@YAXXZ       0040f1d8 f   cl_tent.obj
 0001:0000e242       ?CL_ParseTEnt@@YAXXZ       0040f242 f   cl_tent.obj
 0001:0000f05b       ?CL_AddBeams@@YAXXZ        0041005b f   cl_tent.obj
 0001:0000f397       ?CL_AddPlayerBeams@@YAXXZ  00410397 f   cl_tent.obj
 0001:0000fa87       ?CL_ProcessSustain@@YAXXZ  00410a87 f   cl_tent.obj
 0001:0000fac8       ?CL_AddTEnts@@YAXXZ        00410ac8 f   cl_tent.obj
 0001:0000fadc       ?V_AddEntity@@YAXPAUentity_t@@@Z 00410adc f   cl_view.obj
 0001:0000fb0b       ?V_AddLight@@YAXQAMMMMM@Z  00410b0b f   cl_view.obj
 0001:0000fb50       ?V_TestParticles@@YAXXZ    00410b50 f   cl_view.obj
 0001:0000fc0e       ?V_TestEntities@@YAXXZ     00410c0e f   cl_view.obj
 0001:0000fca4       ?V_TestLights@@YAXXZ       00410ca4 f   cl_view.obj
 0001:0000fd72       ?CL_PrepRefresh@@YAXXZ     00410d72 f   cl_view.obj
 0001:00010037       ?CalcFov@@YAMMMM@Z         00411037 f   cl_view.obj
 0001:000100ab       ?V_RenderView@@YA_NM@Z     004110ab f   cl_view.obj
 0001:00010c1a       ?V_Init@@YAXXZ             00411c1a f   cl_view.obj
 0001:00010cca       ?Con_ClearNotify@@YAXXZ    00411cca f   console.obj
 0001:00010cd9       ?Con_CheckResize@@YAXXZ    00411cd9 f   console.obj
 0001:00010e00       ?Con_Print@@YAXPBD@Z       00411e00 f   console.obj
 0001:000110f8       ?Con_DrawNotify@@YAX_N@Z   004120f8 f   console.obj
 0001:00011212       ?Con_DrawConsole@@YAXM@Z   00412212 f   console.obj
 0001:000115ec       ?Con_ClearTyping@@YAXXZ    004125ec f   console.obj
 0001:00011605       ?Key_Console@@YAXHH@Z      00412605 f   console.obj
 0001:00011a4d       ?Con_Init@@YAXXZ           00412a4d f   console.obj
 0001:00011bc9       ?Key_KeynumToString@@YAPBDH@Z 00412bc9 f   keys.obj
 0001:00011c79       ?CompleteCommand@@YAXXZ    00412c79 f   keys.obj
 0001:000125c6       ?Key_SetBinding@@YAXHPBD@Z 004135c6 f   keys.obj
 0001:00012604       ?Key_FindBinding@@YAHPBDPAHH@Z 00413604 f   keys.obj
 0001:00012652       ?Key_WriteBindings@@YAXPAU_iobuf@@@Z 00413652 f   keys.obj
 0001:0001269a       ?Key_Init@@YAXXZ           0041369a f   keys.obj
 0001:0001297e       ?Key_Event@@YAXH_NI@Z      0041397e f   keys.obj
 0001:00012ccb       ?Key_ClearStates@@YAXXZ    00413ccb f   keys.obj
 0001:00012d02       ?M_PushMenu@@YAXP6AXXZP6APBDH@Z@Z 00413d02 f   menu.obj
 0001:00012d91       ?M_ForceMenuOff@@YAXXZ     00413d91 f   menu.obj
 0001:00012dba       ?M_ForceMenuOn@@YAXXZ      00413dba f   menu.obj
 0001:00012dd3       ?M_PopMenu@@YAXXZ          00413dd3 f   menu.obj
 0001:00012e1f       ?Default_MenuKey@@YAPBDPAUmenuFramework_s@@H@Z 00413e1f f   menu.obj
 0001:00012f3f       ?M_DrawCharacter@@YAXHHH@Z 00413f3f f   menu.obj
 0001:00012f71       ?M_Print@@YAXHHPAD@Z       00413f71 f   menu.obj
 0001:00012fb7       ?M_DrawCursor@@YAXHHH@Z    00413fb7 f   menu.obj
 0001:00012fdc       ?M_DrawTextBox@@YAXHHHH@Z  00413fdc f   menu.obj
 0001:000130ae       ?M_Main_Draw@@YAXXZ        004140ae f   menu.obj
 0001:00013222       ?M_Main_Key@@YAPBDH@Z      00414222 f   menu.obj
 0001:00013300       ?M_Menu_Main_f@@YAXXZ      00414300 f   menu.obj
 0001:00013321       ?M_Menu_Multiplayer_f@@YAXXZ 00414321 f   menu.obj
 0001:000134f9       ?M_Menu_Keys_f@@YAXXZ      004144f9 f   menu.obj
 0001:00013955       ?M_Menu_Options_f@@YAXXZ   00414955 f   menu.obj
 0001:0001426a       ?M_Menu_Video_f@@YAXXZ     0041526a f   menu.obj
 0001:0001428b       ?M_Menu_Credits_f@@YAXXZ   0041528b f   menu.obj
 0001:00014438       ?M_Menu_Game_f@@YAXXZ      00415438 f   menu.obj
 0001:000146ab       ?M_Menu_LoadGame_f@@YAXXZ  004156ab f   menu.obj
 0001:00014979       ?M_Menu_SaveGame_f@@YAXXZ  00415979 f   menu.obj
 0001:00014ad9       ?M_AddToServerList@@YAXUnetadr_t@@PAD@Z 00415ad9 f   menu.obj
 0001:00014b4c       ?M_Menu_JoinServer_f@@YAXXZ 00415b4c f   menu.obj
 0001:00014db0       ?M_Menu_StartServer_f@@YAXXZ 00415db0 f   menu.obj
 0001:000155d8       ?M_Menu_DMOptions_f@@YAXXZ 004165d8 f   menu.obj
 0001:00015d7f       ?M_Menu_DownloadOptions_f@@YAXXZ 00416d7f f   menu.obj
 0001:00016001       ?M_Menu_AddressBook_f@@YAXXZ 00417001 f   menu.obj
 0001:000173df       ?M_Init@@YAXXZ             004183df f   menu.obj
 0001:000174fd       ?M_Draw@@YAXXZ             004184fd f   menu.obj
 0001:0001754e       ?M_Keydown@@YAXH@Z         0041854e f   menu.obj
 0001:0001756a       ?Menu_ItemAtCursor@@YAPAUmenuCommon_s@@PAUmenuFramework_s@@@Z 0041856a f   qmenu.obj
 0001:000175ba       ?Field_Key@@YA_NPAUmenuField_t@@H@Z 004185ba f   qmenu.obj
 0001:00017767       ?Menu_AddItem@@YAXPAUmenuFramework_s@@PAX@Z 00418767 f   qmenu.obj
 0001:00017822       ?Menu_AdjustCursor@@YAXPAUmenuFramework_s@@H@Z 00418822 f   qmenu.obj
 0001:0001796d       ?Menu_Center@@YAXPAUmenuFramework_s@@@Z 0041896d f   qmenu.obj
 0001:000179ad       ?Menu_Draw@@YAXPAUmenuFramework_s@@@Z 004189ad f   qmenu.obj
 0001:00017efc       ?Menu_SelectItem@@YA_NPAUmenuFramework_s@@@Z 00418efc f   qmenu.obj
 0001:00017f4f       ?Menu_SetStatusBar@@YAXPAUmenuFramework_s@@PBD@Z 00418f4f f   qmenu.obj
 0001:00017f5b       ?Menu_SlideItem@@YAXPAUmenuFramework_s@@H@Z 00418f5b f   qmenu.obj
 0001:00018456       ?InitRendererVars@@YAXXZ   00419456 f   ref_vars.obj
 0001:00018475       ?S_SoundInfo_f@@YAXXZ      00419475 f   snd_dma.obj
 0001:000184ff       ?S_ReadModelsSex@@YAXXZ    004194ff f   snd_dma.obj
 0001:000185e4       ?S_IsFemale@@YA_NPAD@Z     004195e4 f   snd_dma.obj
 0001:00018638       ?S_Init@@YAXXZ             00419638 f   snd_dma.obj
 0001:0001870e       ?S_Shutdown@@YAXXZ         0041970e f   snd_dma.obj
 0001:000187a1       ?S_AliasName@@YAPAUsfx_s@@PAD0@Z 004197a1 f   snd_dma.obj
 0001:00018867       ?S_BeginRegistration@@YAXXZ 00419867 f   snd_dma.obj
 0001:00018875       ?S_RegisterSound@@YAPAUsfx_s@@PBD@Z 00419875 f   snd_dma.obj
 0001:00018a0e       ?S_EndRegistration@@YAXXZ  00419a0e f   snd_dma.obj
 0001:00018aa6       ?S_PickChannel@@YAPAUchannel_t@@HH@Z 00419aa6 f   snd_dma.obj
 0001:00018b33       ?S_SpatializeOrigin@@YAXQAMMMPAH1@Z 00419b33 f   snd_dma.obj
 0001:00018c5a       ?S_Spatialize@@YAXPAUchannel_t@@@Z 00419c5a f   snd_dma.obj
 0001:00018ccb       ?S_AllocPlaysound@@YAPAUplaysound_s@@XZ 00419ccb f   snd_dma.obj
 0001:00018ced       ?S_FreePlaysound@@YAXPAUplaysound_s@@@Z 00419ced f   snd_dma.obj
 0001:00018d1d       ?S_IssuePlaysound@@YAXPAUplaysound_s@@@Z 00419d1d f   snd_dma.obj
 0001:00018dea       ?S_StartSound@@YAXQAMHHPAUsfx_s@@MMM@Z 00419dea f   snd_dma.obj
 0001:00019093       ?S_StartLocalSound@@YAXPBD@Z 0041a093 f   snd_dma.obj
 0001:000190e2       ?S_ClearBuffer@@YAXXZ      0041a0e2 f   snd_dma.obj
 0001:0001914b       ?S_StopAllSounds_f@@YAXXZ  0041a14b f   snd_dma.obj
 0001:000191bb       ?S_AddLoopSounds@@YAXXZ    0041a1bb f   snd_dma.obj
 0001:00019391       ?S_RawSamples@@YAXHHHHPAE@Z 0041a391 f   snd_dma.obj
 0001:00019595       ?S_Update@@YAXQAM000@Z     0041a595 f   snd_dma.obj
 0001:0001968f       ?GetSoundtime@@YAXXZ       0041a68f f   snd_dma.obj
 0001:000196f6       ?S_Update_@@YAXXZ          0041a6f6 f   snd_dma.obj
 0001:000199a9       ?ResampleSfx@@YAXPAUsfx_s@@HHPAE@Z 0041a9a9 f   snd_mem.obj
 0001:00019ac4       ?S_LoadSound@@YAPAUsfxcache_t@@PAUsfx_s@@@Z 0041aac4 f   snd_mem.obj
 0001:00019bf9       ?GetWavinfo@@YA?AUwavinfo_t@@PADPAEH@Z 0041abf9 f   snd_mem.obj
 0001:00019e3b       ?S_WriteLinearBlastStereo16@@YAXXZ 0041ae3b f   snd_mix.obj
 0001:00019eaf       ?S_TransferStereo16@@YAXPAKH@Z 0041aeaf f   snd_mix.obj
 0001:00019f18       ?S_TransferPaintBuffer@@YAXH@Z 0041af18 f   snd_mix.obj
 0001:0001a074       ?S_PaintChannels@@YAXH@Z   0041b074 f   snd_mix.obj
 0001:0001a310       ?S_InitScaletable@@YAXXZ   0041b310 f   snd_mix.obj
 0001:0001a4d1       ?SV_WipeSavegame@@YAXPAD@Z 0041b4d1 f   sv_ccmds.obj
 0001:0001a4ff       ?SV_CopySaveGame@@YAXPAD0@Z 0041b4ff f   sv_ccmds.obj
 0001:0001a554       ?SV_WriteLevelFile@@YAXXZ  0041b554 f   sv_ccmds.obj
 0001:0001a602       ?SV_ReadLevelFile@@YAXXZ   0041b602 f   sv_ccmds.obj
 0001:0001a6b0       ?SV_WriteServerFile@@YAX_NPAD@Z 0041b6b0 f   sv_ccmds.obj
 0001:0001a8ed       ?SV_ReadServerFile@@YAXXZ  0041b8ed f   sv_ccmds.obj
 0001:0001aa12       ?SV_AddressBanned@@YA_NPAUnetadr_t@@@Z 0041ba12 f   sv_ccmds.obj
 0001:0001aa53       ?SV_InitOperatorCommands@@YAXXZ 0041ba53 f   sv_ccmds.obj
 0001:0001ba72       ?SV_WritePlayerstateToClient@@YAXPAUclient_frame_t@@0PAUsizebuf_s@@@Z 0041ca72 f   sv_ents.obj
 0001:0001bf8e       ?SV_WriteFrameToClient@@YAXPAUclient_s@@PAUsizebuf_s@@@Z 0041cf8e f   sv_ents.obj
 0001:0001c1b6       ?SV_FatPVS@@YAXQAM@Z       0041d1b6 f   sv_ents.obj
 0001:0001c2d4       ?SV_BuildClientFrame@@YAXPAUclient_s@@@Z 0041d2d4 f   sv_ents.obj
 0001:0001c5e9       ?SV_RecordDemoMessage@@YAXXZ 0041d5e9 f   sv_ents.obj
 0001:0001d162       ?SV_InitGameLibrary@@YAX_N@Z 0041e162 f   sv_game.obj
 0001:0001d2a8       ?SV_ShutdownGameLibrary@@YAXXZ 0041e2a8 f   sv_game.obj
 0001:0001d405       ?SV_FindIndex@@YAHPADHH_N@Z 0041e405 f   sv_init.obj
 0001:0001d50a       ?SV_ModelIndex@@YAHPAD@Z   0041e50a f   sv_init.obj
 0001:0001d520       ?SV_SoundIndex@@YAHPAD@Z   0041e520 f   sv_init.obj
 0001:0001d539       ?SV_ImageIndex@@YAHPAD@Z   0041e539 f   sv_init.obj
 0001:0001d552       ?SV_CreateBaseline@@YAXXZ  0041e552 f   sv_init.obj
 0001:0001d5b0       ?SV_CheckForSavegame@@YAXXZ 0041e5b0 f   sv_init.obj
 0001:0001d638       ?SV_SpawnServer@@YAXPAD0W4server_state_t@@_N2@Z 0041e638 f   sv_init.obj
 0001:0001d907       ?SV_InitGame@@YAXXZ        0041e907 f   sv_init.obj
 0001:0001db42       ?SV_Map@@YAX_NPAD0@Z       0041eb42 f   sv_init.obj
 0001:0001dd0b       ?SV_DropClient@@YAXPAUclient_s@@PAD@Z 0041ed0b f   sv_main.obj
 0001:0001ddbc       ?SV_StatusString@@YAPADXZ  0041edbc f   sv_main.obj
 0001:0001e5f3       ?SV_ConnectionlessPacket@@YAXXZ 0041f5f3 f   sv_main.obj
 0001:0001e6be       ?SV_CalcPings@@YAXXZ       0041f6be f   sv_main.obj
 0001:0001e745       ?SV_GiveMsec@@YAXXZ        0041f745 f   sv_main.obj
 0001:0001e784       ?SV_ReadPackets@@YAXXZ     0041f784 f   sv_main.obj
 0001:0001e8ce       ?SV_CheckTimeouts@@YAXXZ   0041f8ce f   sv_main.obj
 0001:0001e9df       ?SV_PostprocessFrame@@YAXXZ 0041f9df f   sv_main.obj
 0001:0001eeb6       ?SV_MulticastHook@@YAPAUsizebuf_s@@PAU1@0@Z 0041feb6 f   sv_main.obj
 0001:0001f2aa       ?SV_TraceHook@@YA?AUtrace_t@@QAM000PAUedict_s@@H@Z 004202aa f   sv_main.obj
 0001:0001f425       ?SV_Frame@@YAXM@Z          00420425 f   sv_main.obj
 0001:0001f6df       ?SV_UserinfoChanged@@YAXPAUclient_s@@@Z 004206df f   sv_main.obj
 0001:0001f7a3       ?SV_Init@@YAXXZ            004207a3 f   sv_main.obj
 0001:0001f81a       ?SV_Shutdown@@YAXPAD_N@Z   0042081a f   sv_main.obj
 0001:0001fa17       ?SV_BeginRedirect@@YAXXZ   00420a17 f   sv_send.obj
 0001:0001fac1       ?SV_ClientPrintf@@YAXPAUclient_s@@HPADZZ 00420ac1 f   sv_send.obj
 0001:0001fb1c       ?SV_BroadcastPrintf@@YAXHPADZZ 00420b1c f   sv_send.obj
 0001:0001fbf2       ?SV_BroadcastCommand@@YAXPADZZ 00420bf2 f   sv_send.obj
 0001:0001fc47       ?SV_Multicast@@YAXQAMW4multicast_t@@_N@Z 00420c47 f   sv_send.obj
 0001:0001fe8a       ?SV_MulticastOld@@YAXQAMW4multicast_t@@@Z 00420e8a f   sv_send.obj
 0001:0001fe9d       ?SV_MulticastNew@@YAXQAMW4multicast_t@@@Z 00420e9d f   sv_send.obj
 0001:0001feb0       ?SV_StartSound@@YAXQAMPAUedict_s@@HHMMM_N@Z 00420eb0 f   sv_send.obj
 0001:00020178       ?SV_StartSoundOld@@YAXQAMPAUedict_s@@HHMMM@Z 00421178 f   sv_send.obj
 0001:000201a8       ?SV_StartSoundNew@@YAXQAMPAUedict_s@@HHMMM@Z 004211a8 f   sv_send.obj
 0001:000201d8       ?SV_SendClientDatagram@@YA_NPAUclient_s@@@Z 004211d8 f   sv_send.obj
 0001:000202ab       ?SV_DemoCompleted@@YAXXZ   004212ab f   sv_send.obj
 0001:000202c7       ?SV_RateDrop@@YA_NPAUclient_s@@@Z 004212c7 f   sv_send.obj
 0001:00020311       ?SV_SendClientMessages@@YAXXZ 00421311 f   sv_send.obj
 0001:0002045f       ?SV_TokenizeString@@YAXPBD@Z 0042145f f   sv_tokenize.obj
 0001:00020536       ?SV_Argc@@YAHXZ            00421536 f   sv_tokenize.obj
 0001:0002053c       ?SV_Argv@@YAPADH@Z         0042153c f   sv_tokenize.obj
 0001:00020556       ?SV_Args@@YAPADXZ          00421556 f   sv_tokenize.obj
 0001:00020da7       ?SV_Nextserver@@YAXXZ      00421da7 f   sv_user.obj
 0001:00020e36       ?SV_ExecuteUserCommand@@YAXPAD@Z 00421e36 f   sv_user.obj
 0001:00020ef8       ?SV_ClientThink@@YAXPAUclient_s@@PAUusercmd_t@@@Z 00421ef8 f   sv_user.obj
 0001:00020f3b       ?SV_ExecuteClientMessage@@YAXPAUclient_s@@@Z 00421f3b f   sv_user.obj
 0001:00021159       ?SV_ClearWorld@@YAXXZ      00422159 f   sv_world.obj
 0001:000212b1       ?SV_UnlinkEdict@@YAXPAUedict_s@@@Z 004222b1 f   sv_world.obj
 0001:00021374       ?SV_LinkEdict@@YAXPAUedict_s@@@Z 00422374 f   sv_world.obj
 0001:000219cc       ?SV_AreaEdicts@@YAHQAM0PAPAUedict_s@@HH@Z 004229cc f   sv_world.obj
 0001:00021b7d       ?SV_PointContents@@YAHQAM@Z 00422b7d f   sv_world.obj
 0001:00021ca3       ?SV_ClipMoveToEntities@@YAXPAUtrace_t@@QAM111PAUedict_s@@H@Z 00422ca3 f   sv_world.obj
 0001:00022082       ?SV_Trace@@YAXPAUtrace_t@@QAM111PAUedict_s@@H@Z 00423082 f   sv_world.obj
 0001:0002213c       ?Cbuf_Init@@YAXXZ          0042313c f   cmd.obj
 0001:00022154       ?Cbuf_AddText@@YAXPAD@Z    00423154 f   cmd.obj
 0001:000221b9       ?Cbuf_InsertText@@YAXPAD@Z 004231b9 f   cmd.obj
 0001:00022220       ?Cbuf_CopyToDefer@@YAXXZ   00423220 f   cmd.obj
 0001:00022268       ?Cbuf_InsertFromDefer@@YAXXZ 00423268 f   cmd.obj
 0001:00022291       ?Cbuf_Execute@@YAXXZ       00423291 f   cmd.obj
 0001:00022393       ?Cmd_Unalias_f@@YAX_NHPAPAD@Z 00423393 f   cmd.obj
 0001:0002241c       ?Cmd_WriteAliases@@YAXPAU_iobuf@@@Z 0042341c f   cmd.obj
 0001:0002244d       ?RegisterCommand@@YA_NPBDP6AXXZH@Z 0042344d f   cmd.obj
 0001:000224ae       ?UnregisterCommand@@YAXPBD@Z 004234ae f   cmd.obj
 0001:000224f0       ?Cmd_ExecuteString@@YA_NPBD@Z 004234f0 f   cmd.obj
 0001:00022976       ?ExecuteCommand@@YA_NPBDPBUCSimpleCommand@@H@Z 00423976 f   cmd.obj
 0001:00022a3d       ?Cmd_Init@@YAXXZ           00423a3d f   cmd.obj
 0001:00022d64       ?CMod_GetSurfMaterial@@YA?AW4material_t@@PAD@Z 00423d64 f   cmodel.obj
 0001:00022dc1       ?CM_LoadMap@@YAPAUcmodel_t@@PAD_NPAI@Z 00423dc1 f   cmodel.obj
 0001:00023419       ?PlaneTypeForNormal@@YAHQBM@Z 00424419 f i cmodel.obj
 0001:000235bd       ?CM_InlineModel@@YAPAUcmodel_t@@PAD@Z 004245bd f   cmodel.obj
 0001:000235fe       ?CM_NumClusters@@YAHXZ     004245fe f   cmodel.obj
 0001:00023604       ?CM_NumInlineModels@@YAHXZ 00424604 f   cmodel.obj
 0001:0002360a       ?CM_EntityString@@YAPADXZ  0042460a f   cmodel.obj
 0001:00023610       ?CM_LeafContents@@YAHH@Z   00424610 f   cmodel.obj
 0001:00023634       ?CM_LeafCluster@@YAHH@Z    00424634 f   cmodel.obj
 0001:000236a6       ?CM_LeafArea@@YAHH@Z       004246a6 f   cmodel.obj
 0001:000236cb       ?CM_InitBoxHull@@YAXXZ     004246cb f   cmodel.obj
 0001:0002385b       ?CM_HeadnodeForBox@@YAHQAM0@Z 0042485b f   cmodel.obj
 0001:00023910       ?CM_PointLeafnum@@YAHQAMH@Z 00424910 f   cmodel.obj
 0001:000239b0       ?DISTANCE_TO_PLANE@@YAMQBMPBUcplane_t@@@Z 004249b0 f i cmodel.obj
 0001:000239f8       ?CM_PointContents@@YAHQAMH@Z 004249f8 f   cmodel.obj
 0001:00023a6a       ?CM_TransformedPointContents@@YAHQAMH00@Z 00424a6a f   cmodel.obj
 0001:00023ba0       ?CM_TransformedPointContents2@@YAHQAMH0PAY02M@Z 00424ba0 f   cmodel.obj
 0001:00023c8e       ?CM_BoxLeafnums@@YAHQAM0PAHH1H@Z 00424c8e f   cmodel.obj
 0001:00023da0       ?BOX_ON_PLANE_SIDE@@YAHQBM0PBUcplane_t@@@Z 00424da0 f i cmodel.obj
 0001:00023e25       ?CM_BoxTrace@@YAXPAUtrace_t@@QBM111HH@Z 00424e25 f   cmodel.obj
 0001:0002483e       ?CM_TransformedBoxTrace@@YAXPAUtrace_t@@QBM111HH11@Z 0042583e f   cmodel.obj
 0001:00024b0e       ?CM_TransformedBoxTrace2@@YAXPAUtrace_t@@QBM111HH1PAY02$$CBM@Z 00425b0e f   cmodel.obj
 0001:00024d23       ?CM_BrushTrace@@YAHQBM0PAHH@Z 00425d23 f   cmodel.obj
 0001:00025141       ?CM_RefineBrushTrace@@YAHQBM0PAHH@Z 00426141 f   cmodel.obj
 0001:000251e6       ?CM_ClusterPVS@@YAPAEH@Z   004261e6 f   cmodel.obj
 0001:0002532a       ?CM_ClusterPHS@@YAPAEH@Z   0042632a f   cmodel.obj
 0001:000253cd       ?FloodAreaConnections@@YAXXZ 004263cd f   cmodel.obj
 0001:00025486       ?CM_SetAreaPortalState@@YAXH_N@Z 00426486 f   cmodel.obj
 0001:000254ab       ?CM_AreasConnected@@YA_NHH@Z 004264ab f   cmodel.obj
 0001:000254ef       ?CM_WriteAreaBits@@YAHPAEH@Z 004264ef f   cmodel.obj
 0001:00025589       ?CM_WritePortalState@@YAXPAU_iobuf@@@Z 00426589 f   cmodel.obj
 0001:000255a3       ?CM_ReadPortalState@@YAXPAU_iobuf@@@Z 004265a3 f   cmodel.obj
 0001:000255c1       ?CM_HeadnodeVisible@@YA_NHPAE@Z 004265c1 f   cmodel.obj
 0001:00025696       ?Com_BeginRedirect@@YAXPADHP6AX0@Z@Z 00426696 f   common.obj
 0001:000256c3       ?Com_EndRedirect@@YAXXZ    004266c3 f   common.obj
 0001:000256e2       ?Com_Printf@@YAXPBDZZ      004266e2 f   common.obj
 0001:0002588a       ?Com_DPrintf@@YAXPBDZZ     0042688a f   common.obj
 0001:00025907       ?DebugPrintf@@YAXPBDZZ     00426907 f   common.obj
 0001:000259b1       ?Com_WPrintf@@YAXPBDZZ     004269b1 f   common.obj
 0001:00025a0f       ?Com_FatalError@@YAXPBDZZ  00426a0f f   common.obj
 0001:00025ab3       ?Com_DropError@@YAXPBDZZ   00426ab3 f   common.obj
 0001:00025b51       ?appUnwindPrefix@@YAXPBD@Z 00426b51 f   common.obj
 0001:00025ba9       ?appUnwindThrow@@YAXPBDZZ  00426ba9 f   common.obj
 0001:00025c31       ?Com_ResetErrorState@@YAXXZ 00426c31 f   common.obj
 0001:00025c42       ?Com_Quit@@YAXXZ           00426c42 f   common.obj
 0001:00025c62       ?MatchWildcard@@YA_NPBD0_N@Z 00426c62 f   common.obj
 0001:00025df0       ?va@@YAPADPBDZZ            00426df0 f   common.obj
 0001:00025e3d       ?appSprintf@@YAHPADHPBDZZ  00426e3d f   common.obj
 0001:00025e83       ?IPWildcard@@YA_NPAUnetadr_t@@PAD@Z 00426e83 f   common.obj
 0001:00025f5d       ?Com_ServerState@@YA?AW4server_state_t@@XZ 00426f5d f   common.obj
 0001:00025f63       ?Com_SetServerState@@YAXW4server_state_t@@@Z 00426f63 f   common.obj
 0001:00025f6d       ?frand@@YAMXZ              00426f6d f   common.obj
 0001:00025f85       ?crand@@YAMXZ              00426f85 f   common.obj
 0001:00025fa3       ?MSG_WriteChar@@YAXPAUsizebuf_s@@H@Z 00426fa3 f   common.obj
 0001:00025fa3       ?MSG_WriteByte@@YAXPAUsizebuf_s@@H@Z 00426fa3 f   common.obj
 0001:00025fb7       ?MSG_WriteShort@@YAXPAUsizebuf_s@@H@Z 00426fb7 f   common.obj
 0001:00025fd1       ?MSG_WriteLong@@YAXPAUsizebuf_s@@H@Z 00426fd1 f   common.obj
 0001:00025ffb       ?MSG_WriteFloat@@YAXPAUsizebuf_s@@M@Z 00426ffb f   common.obj
 0001:00026017       ?MSG_WriteString@@YAXPAUsizebuf_s@@PAD@Z 00427017 f   common.obj
 0001:0002604e       ?MSG_WriteCoord@@YAXPAUsizebuf_s@@M@Z 0042704e f   common.obj
 0001:00026073       ?MSG_WritePos@@YAXPAUsizebuf_s@@QAM@Z 00427073 f   common.obj
 0001:000260d7       ?MSG_WriteAngle@@YAXPAUsizebuf_s@@M@Z 004270d7 f   common.obj
 0001:00026102       ?MSG_WriteAngle16@@YAXPAUsizebuf_s@@M@Z 00427102 f   common.obj
 0001:0002612d       ?MSG_WriteDeltaUsercmd@@YAXPAUsizebuf_s@@PAUusercmd_t@@1@Z 0042712d f   common.obj
 0001:00026257       ?MSG_WriteDir@@YAXPAUsizebuf_s@@QAM@Z 00427257 f   common.obj
 0001:000262be       ?MSG_ReadDir@@YAXPAUsizebuf_s@@QAM@Z 004272be f   common.obj
 0001:000262ef       ?MSG_WriteDeltaEntity@@YAXPAUentity_state_t@@0PAUsizebuf_s@@_N2@Z 004272ef f   common.obj
 0001:00026737       ?MSG_BeginReading@@YAXPAUsizebuf_s@@@Z 00427737 f   common.obj
 0001:00026740       ?MSG_ReadChar@@YAHPAUsizebuf_s@@@Z 00427740 f   common.obj
 0001:00026761       ?MSG_ReadByte@@YAHPAUsizebuf_s@@@Z 00427761 f   common.obj
 0001:00026782       ?MSG_ReadShort@@YAHPAUsizebuf_s@@@Z 00427782 f   common.obj
 0001:000267b2       ?MSG_ReadLong@@YAHPAUsizebuf_s@@@Z 004277b2 f   common.obj
 0001:000267f1       ?MSG_ReadString@@YAPADPAUsizebuf_s@@@Z 004277f1 f   common.obj
 0001:00026824       ?MSG_ReadCoord@@YAMPAUsizebuf_s@@@Z 00427824 f   common.obj
 0001:0002683e       ?MSG_ReadPos@@YAXPAUsizebuf_s@@QAM@Z 0042783e f   common.obj
 0001:00026890       ?MSG_ReadAngle@@YAMPAUsizebuf_s@@@Z 00427890 f   common.obj
 0001:000268aa       ?MSG_ReadAngle16@@YAMPAUsizebuf_s@@@Z 004278aa f   common.obj
 0001:000268c4       ?MSG_ReadDeltaUsercmd@@YAXPAUsizebuf_s@@PAUusercmd_t@@1@Z 004278c4 f   common.obj
 0001:0002697f       ?MSG_ReadData@@YAXPAUsizebuf_s@@PAXH@Z 0042797f f   common.obj
 0001:000269a2       ?SZ_Init@@YAXPAUsizebuf_s@@PAXH@Z 004279a2 f   common.obj
 0001:000269c0       ?SZ_Clear@@YAXPAUsizebuf_s@@@Z 004279c0 f   common.obj
 0001:000269cd       ?SZ_GetSpace@@YAPAXPAUsizebuf_s@@H@Z 004279cd f   common.obj
 0001:00026a2a       ?SZ_Write@@YAXPAUsizebuf_s@@PAXH@Z 00427a2a f   common.obj
 0001:00026a56       ?SZ_Insert@@YAXPAUsizebuf_s@@PAXHH@Z 00427a56 f   common.obj
 0001:00026aaf       ?SZ_Print@@YAXPAUsizebuf_s@@PAD@Z 00427aaf f   common.obj
 0001:00026b05       ?Info_Print@@YAXPAD@Z      00427b05 f   common.obj
 0001:00026bca       ?COM_BlockSequenceCRCByte@@YAEPAEHH@Z 00427bca f   common.obj
 0001:00026c5b       ?COM_CheckCmdlineVar@@YA_NPBD@Z 00427c5b f   common.obj
 0001:00026cb1       ?QCommon_Init@@YAXPAD@Z    00427cb1 f   common.obj
 0001:0002706b       ?QCommon_Frame@@YAXH@Z     0042806b f   common.obj
 0001:00027342       ?QCommon_Shutdown@@YAXXZ   00428342 f   common.obj
 0001:0002735b       ?CRC_Init@@YAXPAG@Z        0042835b f   crc.obj
 0001:00027365       ?CRC_Block@@YAGPAEH@Z      00428365 f   crc.obj
 0001:000273ae       ?Cvar_VariableValue@@YAMPBD@Z 004283ae f   cvar.obj
 0001:0002741c       ?Cvar_VariableInt@@YAHPBD@Z 0042841c f   cvar.obj
 0001:0002742f       ?Cvar_VariableString@@YAPADPBD@Z 0042842f f   cvar.obj
 0001:00027447       ?Cvar_Get@@YAPAUcvar_s@@PBD0H@Z 00428447 f   cvar.obj
 0001:000276fa       ?Cvar_GetVars@@YAXPBUcvarInfo_t@@H@Z 004286fa f   cvar.obj
 0001:000277a4       ?Cvar_FullSet@@YAPAUcvar_s@@PBD0H@Z 004287a4 f   cvar.obj
 0001:000277fe       ?Cvar_SetValue@@YAPAUcvar_s@@PBDM@Z 004287fe f   cvar.obj
 0001:00027a24       ?Cvar_SetInteger@@YAPAUcvar_s@@PBDH@Z 00428a24 f   cvar.obj
 0001:00027a46       ?Cvar_Set@@YAPAUcvar_s@@PBD0@Z 00428a46 f   cvar.obj
 0001:00027a5b       ?Cvar_ForceSet@@YAPAUcvar_s@@PBD0@Z 00428a5b f   cvar.obj
 0001:00027a70       ?Cvar_Clamp@@YAMPAUcvar_s@@MM@Z 00428a70 f   cvar.obj
 0001:00027ace       ?Cvar_ClampName@@YAMPBDMM@Z 00428ace f   cvar.obj
 0001:00027b0d       ?Cvar_GetLatchedVars@@YAXXZ 00428b0d f   cvar.obj
 0001:00027b3c       ?Cvar_Command@@YA_NHPAPAD@Z 00428b3c f   cvar.obj
 0001:00027bdd       ?Cvar_WriteVariables@@YAXPAU_iobuf@@HHPBD@Z 00428bdd f   cvar.obj
 0001:00027c70       ?Cvar_BitInfo@@YAPADH@Z    00428c70 f   cvar.obj
 0001:00027ca9       ?Cvar_Userinfo@@YAPADXZ    00428ca9 f   cvar.obj
 0001:00027cb2       ?Cvar_Serverinfo@@YAPADXZ  00428cb2 f   cvar.obj
 0001:00027cbb       ?Cvar_Cheats@@YAX_N@Z      00428cbb f   cvar.obj
 0001:00027d11       ?Cvar_Init@@YAXXZ          00428d11 f   cvar.obj
 0001:000283c9       ?FS_CreatePath@@YAXPAD@Z   004293c9 f   files.obj
 0001:00028413       ?FS_CopyFile@@YAXPAD0@Z    00429413 f   files.obj
 0001:00028516       ?FS_CopyFiles@@YAXPAD0@Z   00429516 f   files.obj
 0001:000285ef       ?FS_RemoveFiles@@YAXPAD@Z  004295ef f   files.obj
 0001:00028663       ?FS_FCloseFile@@YAXPAU_iobuf@@@Z 00429663 f   files.obj
 0001:000286f7       ?FS_FOpenFile@@YAHPBDPAPAU_iobuf@@@Z 004296f7 f   files.obj
 0001:00028c2d       ?FS_FileExists@@YA_NPAD@Z  00429c2d f   files.obj
 0001:00028e4a       ?FS_Read@@YAXPAXHPAU_iobuf@@@Z 00429e4a f   files.obj
 0001:000290e3       ?FS_LoadFile@@YAPAXPBDPAI@Z 0042a0e3 f   files.obj
 0001:00029138       ?FS_FreeFile@@YAXPAX@Z     0042a138 f   files.obj
 0001:00029143       ?FS_Gamedir@@YAPADXZ       0042a143 f   files.obj
 0001:00029157       ?FS_LoadGameConfig@@YAXXZ  0042a157 f   files.obj
 0001:0002921c       ?FS_SetGamedir@@YA_NPBD@Z  0042a21c f   files.obj
 0001:000298c3       ?FS_ListFiles@@YAPAUbasenamed_s@@PADPAHH@Z 0042a8c3 f   files.obj
 0001:00029bd6       ?FS_NextPath@@YAPADPBD@Z   0042abd6 f   files.obj
 0001:00029bfa       ?FS_InitFilesystem@@YAXXZ  0042abfa f   files.obj
 0001:0002a5a5       ?LoadPCX@@YAXPBDPAPAE1PAH2@Z 0042b5a5 f   images.obj
 0001:0002a6e9       ?LoadTGA@@YAXPBDPAPAEPAH2@Z 0042b6e9 f   images.obj
 0001:0002a8e1       ?LoadJPG@@YAXPBDPAPAEPAH2@Z 0042b8e1 f   images.obj
 0001:0002ab70       ?ImageExists@@YAHPBDH@Z    0042bb70 f   images.obj
 0001:0002ac6a       ?WriteTGA@@YA_NPBDPAEHH@Z  0042bc6a f   images.obj
 0001:0002ae51       ?WriteJPG@@YA_NPBDPAEHH_N@Z 0042be51 f   images.obj
 0001:0002af78       ?MD4Init@@YAXPAUMD4_CTX@@@Z 0042bf78 f   md4.obj
 0001:0002afa0       ?MD4Update@@YAXPAUMD4_CTX@@PAEI@Z 0042bfa0 f   md4.obj
 0001:0002b03e       ?MD4Final@@YAXQAEPAUMD4_CTX@@@Z 0042c03e f   md4.obj
 0001:0002b72f       ?Com_BlockChecksum@@YAIPAXH@Z 0042c72f f   md4.obj
 0001:0002b76b       ?appFree@@YAXPAX@Z         0042c76b f   memory.obj
 0001:0002b7bf       ?appMalloc@@YAPAXH@Z       0042c7bf f   memory.obj
 0001:0002b82d       ?CreateMemoryChain@@YAPAXXZ 0042c82d f   memory.obj
 0001:0002b897       ?FreeMemoryChain@@YAXPAX@Z 0042c897 f   memory.obj
 0001:0002b8c1       ?AllocChainBlock@@YAPAXPAXH@Z 0042c8c1 f   memory.obj
 0001:0002b90c       ?CopyString@@YAPADPBD@Z    0042c90c f   memory.obj
 0001:0002b93b       ?ChainCopyString@@YAPADPBDPAX@Z 0042c93b f   memory.obj
 0001:0002b96f       ?AllocNamedStruc@@YAPAUbasenamed_s@@HPAD@Z 0042c96f f   memory.obj
 0001:0002b9aa       ?ChainAllocNamedStruc@@YAPAUbasenamed_s@@HPADPAX@Z 0042c9aa f   memory.obj
 0001:0002b9e9       ?FindNamedStruc@@YAPAUbasenamed_s@@PADPAU1@PAPAU1@@Z 0042c9e9 f   memory.obj
 0001:0002ba2d       ?FindNamedStrucByIndex@@YAPAUbasenamed_s@@PAU1@H@Z 0042ca2d f   memory.obj
 0001:0002ba44       ?IndexOfNamedStruc@@YAHPADPAUbasenamed_s@@@Z 0042ca44 f   memory.obj
 0001:0002ba72       ?AddToNamedList@@YAPAUbasenamed_s@@PADPAU1@@Z 0042ca72 f   memory.obj
 0001:0002babc       ?ChainAddToNamedList@@YAPAUbasenamed_s@@PADPAU1@PAX@Z 0042cabc f   memory.obj
 0001:0002bb06       ?FreeNamedList@@YAXPAUbasenamed_s@@@Z 0042cb06 f   memory.obj
 0001:0002bb21       ?Mem_Init@@YAXXZ           0042cb21 f   memory.obj
 0001:0002bb50       ?LoadQ2BspFile@@YAXXZ      0042cb50 f   model.obj
 0001:0002bf29       ?LoadBspFile@@YAPAUbspfile_t@@PBD_NPAI@Z 0042cf29 f   model.obj
 0001:0002c0c8       ?ProcessEntstring@@YAPADPAD@Z 0042d0c8 f   model.obj
 0001:0002cf2a       ?Netchan_Init@@YAXXZ       0042df2a f   net_chan.obj
 0001:0002cf8a       ?Netchan_OutOfBand@@YAXW4netsrc_t@@Unetadr_t@@HPAX@Z 0042df8a f   net_chan.obj
 0001:0002cfea       ?Netchan_OutOfBandPrint@@YAXW4netsrc_t@@Unetadr_t@@PBDZZ 0042dfea f   net_chan.obj
 0001:0002d02f       ?Netchan_Setup@@YAXW4netsrc_t@@PAUnetchan_t@@Unetadr_t@@H@Z 0042e02f f   net_chan.obj
 0001:0002d088       ?Netchan_NeedReliable@@YA_NPAUnetchan_t@@@Z 0042e088 f   net_chan.obj
 0001:0002d0b2       ?Netchan_Transmit@@YAXPAUnetchan_t@@HPAX@Z 0042e0b2 f   net_chan.obj
 0001:0002d258       ?Netchan_Process@@YA_NPAUnetchan_t@@PAUsizebuf_s@@@Z 0042e258 f   net_chan.obj
 0001:0002d37e       ?Pmove@@YAXPAUpmove_t@@@Z  0042e37e f   pmove.obj
 0001:0002f118       ?NormalizeColor@@YAMQBMQAM@Z 00430118 f   q_shared2.obj
 0001:0002f179       ?NormalizeColor255@@YAMQBMQAM@Z 00430179 f   q_shared2.obj
 0001:0002f1de       ?Q_rsqrt@@YAMM@Z           004301de f   q_shared2.obj
 0001:0002f20e       ?RotatePointAroundVector@@YAXQAMQBM1M@Z 0043020e f   q_shared2.obj
 0001:0002f376       ?AngleVectors@@YAXQBMQAM11@Z 00430376 f   q_shared2.obj
 0001:0002f4d7       ?ProjectPointOnPlane@@YAXQAMQBM1@Z 004304d7 f   q_shared2.obj
 0001:0002f556       ?PerpendicularVector@@YAXQAMQBM@Z 00430556 f   q_shared2.obj
 0001:0002f5bf       ?MakeNormalVectors@@YAXQAM00@Z 004305bf f   q_shared2.obj
 0001:0002f626       ?MatrixMultiply@@YAXQAY02M00@Z 00430626 f   q_shared2.obj
 0001:0002f70d       ?SetPlaneSignbits@@YAXPAUcplane_t@@@Z 0043070d f   q_shared2.obj
 0001:0002f730       ?LerpAngle@@YAMMMM@Z       00430730 f   q_shared2.obj
 0001:0002f773       ?anglemod@@YAMM@Z          00430773 f   q_shared2.obj
 0001:0002f79f       ?BoxOnPlaneSide@@YAHQBM0PBUcplane_t@@@Z 0043079f f   q_shared2.obj
 0001:0002f8c2       ?ClearBounds@@YAXQAM0@Z    004308c2 f   q_shared2.obj
 0001:0002f8eb       ?AddPointToBounds@@YAXQBMQAM1@Z 004308eb f   q_shared2.obj
 0001:0002f924       ?VectorCompare@@YA_NQBM0@Z 00430924 f   q_shared2.obj
 0001:0002f951       ?VectorNormalize@@YAMQAM@Z 00430951 f   q_shared2.obj
 0001:0002f9aa       ?VectorNormalize2@@YAMQBMQAM@Z 004309aa f   q_shared2.obj
 0001:0002fa05       ?VectorNormalizeFast@@YAMQAM@Z 00430a05 f   q_shared2.obj
 0001:0002fa58       ?CrossProduct@@YAXQBM0QAM@Z 00430a58 f   q_shared2.obj
 0001:0002fa93       ?VectorLength@@YAMQBM@Z    00430a93 f   q_shared2.obj
 0001:0002fac2       ?VectorDistance@@YAMQBM0@Z 00430ac2 f   q_shared2.obj
 0001:0002faf3       ?VectorInverse@@YAXQAM@Z   00430af3 f   q_shared2.obj
 0001:0002fb0e       ?VectorScale@@YAXQBMMQAM@Z 00430b0e f   q_shared2.obj
 0001:0002fb32       ?AnglesToAxis@@YAXQBMQAY02M@Z 00430b32 f   q_shared2.obj
 0001:0002fb70       ?COM_FilePath@@YAXPAD0@Z   00430b70 f   q_shared2.obj
 0001:0002fba6       ?ShortSwap@@YAFF@Z         00430ba6 f   q_shared2.obj
 0001:0002fbbb       ?COM_Parse@@YAPADAAPBD_N@Z 00430bbb f   q_shared2.obj
 0001:0002fcdf       ?COM_QuoteString@@YAPBDPBD_N@Z 00430cdf f   q_shared2.obj
 0001:0002fd3a       ?Com_PageInMemory@@YAXPAXH@Z 00430d3a f   q_shared2.obj
 0001:0002fd59       ?appStrncpyz@@YAXPADPBDH@Z 00430d59 f   q_shared2.obj
 0001:0002fd7d       ?Q_strncpylower@@YAXPADPBDH@Z 00430d7d f   q_shared2.obj
 0001:0002fdb7       ?Q_CopyFilename@@YAXPADPBDH@Z 00430db7 f   q_shared2.obj
 0001:0002fe53       ?Info_ValueForKey@@YAPADPAD0@Z 00430e53 f   q_shared2.obj
 0001:0002fede       ?Info_RemoveKey@@YAXPAD0@Z 00430ede f   q_shared2.obj
 0001:0002ff64       ?Info_SetValueForKey@@YAXPAD00@Z 00430f64 f   q_shared2.obj
 0001:0003009c       ?Zip_OpenArchive@@YAPAU_iobuf@@PAD@Z 0043109c f   zip.obj
 0001:00030107       ?Zip_CloseArchive@@YAXPAU_iobuf@@@Z 00431107 f   zip.obj
 0001:00030113       ?Zip_EnumArchive@@YA_NPAU_iobuf@@P6A_NPAUzipFile_t@@@Z@Z 00431113 f   zip.obj
 0001:000302f0       ?Zip_OpenFile@@YAPAUZFILE@@PAU_iobuf@@PAUzipFile_t@@@Z 004312f0 f   zip.obj
 0001:000303cf       ?Zip_ReadFile@@YAHPAUZFILE@@PAXH@Z 004313cf f   zip.obj
 0001:000304c5       ?Zip_CloseFile@@YA_NPAUZFILE@@@Z 004314c5 f   zip.obj
 0001:00030509       ?Zip_OpenBuf@@YAPAUZBUF@@PAXH@Z 00431509 f   zip.obj
 0001:00030545       ?Zip_ReadBuf@@YAHPAUZBUF@@PAXH@Z 00431545 f   zip.obj
 0001:0003058d       ?Zip_CloseBuf@@YAXPAUZBUF@@@Z 0043158d f   zip.obj
 0001:000305a2       ?CDAudio_Play2@@YAXH_N@Z   004315a2 f   cd_win.obj
 0001:00030781       ?CDAudio_Play@@YAXH_N@Z    00431781 f   cd_win.obj
 0001:00030798       ?CDAudio_Stop@@YAXXZ       00431798 f   cd_win.obj
 0001:000307dd       ?CDAudio_Pause@@YAXXZ      004317dd f   cd_win.obj
 0001:00030836       ?CDAudio_Resume@@YAXXZ     00431836 f   cd_win.obj
 0001:000308a5       ?CDAudio_MessageHandler@@YAJPAUHWND__@@IIJ@Z 004318a5 f   cd_win.obj
 0001:0003093c       ?CDAudio_Update@@YAXXZ     0043193c f   cd_win.obj
 0001:00030970       ?CDAudio_Init@@YAHXZ       00431970 f   cd_win.obj
 0001:00030d22       ?CDAudio_Shutdown@@YAXXZ   00431d22 f   cd_win.obj
 0001:00030d55       ?CDAudio_Activate@@YAX_N@Z 00431d55 f   cd_win.obj
 0001:00030d66       ?IN_MouseEvent@@YAXH@Z     00431d66 f   in_win.obj
 0001:00030dd0       ?IN_Commands@@YAXXZ        00431dd0 f   in_win.obj
 0001:00030f01       ?IN_Init@@YAXXZ            00431f01 f   in_win.obj
 0001:00031247       ?IN_Shutdown@@YAXXZ        00432247 f   in_win.obj
 0001:0003132b       ?IN_Move@@YAXPAUusercmd_t@@@Z 0043232b f   in_win.obj
 0001:0003182d       ?IN_Activate@@YAX_N@Z      0043282d f   in_win.obj
 0001:00031837       ?IN_Frame@@YAXXZ           00432837 f   in_win.obj
 0001:00031c41       ?NetadrToSockadr@@YAXPAUnetadr_t@@PAUsockaddr@@@Z 00432c41 f   net_wins.obj
 0001:00031cc6       ?SockadrToNetadr@@YAXPAUsockaddr@@PAUnetadr_t@@@Z 00432cc6 f   net_wins.obj
 0001:00031d16       ?NET_CompareAdr@@YA_NPAUnetadr_t@@0@Z 00432d16 f   net_wins.obj
 0001:00031d76       ?NET_CompareBaseAdr@@YA_NPAUnetadr_t@@0@Z 00432d76 f   net_wins.obj
 0001:00031dcc       ?NET_AdrToString@@YAPADPAUnetadr_t@@@Z 00432dcc f   net_wins.obj
 0001:00031e85       ?NET_StringToAdr@@YA_NPBDPAUnetadr_t@@@Z 00432e85 f   net_wins.obj
 0001:0003210f       ?NET_IsLocalAddress@@YA_NPAUnetadr_t@@@Z 0043310f f   net_wins.obj
 0001:0003211b       ?NET_GetLoopPacket@@YA_NW4netsrc_t@@PAUnetadr_t@@PAUsizebuf_s@@@Z 0043311b f   net_wins.obj
 0001:000321a7       ?NET_SendLoopPacket@@YAXW4netsrc_t@@HPAXUnetadr_t@@@Z 004331a7 f   net_wins.obj
 0001:000321fc       ?NET_GetPacket@@YA_NW4netsrc_t@@PAUnetadr_t@@PAUsizebuf_s@@@Z 004331fc f   net_wins.obj
 0001:0003231a       ?NET_SendPacket@@YAXW4netsrc_t@@HPAXUnetadr_t@@@Z 0043331a f   net_wins.obj
 0001:000323eb       ?NET_IPSocket@@YAHPADH@Z   004333eb f   net_wins.obj
 0001:00032500       ?NET_OpenIP@@YAXXZ         00433500 f   net_wins.obj
 0001:0003257c       ?NET_OpenIPX@@YAXXZ        0043357c f   net_wins.obj
 0001:000326bc       ?NET_Config@@YAX_N@Z       004336bc f   net_wins.obj
 0001:00032760       ?NET_Init@@YAXXZ           00433760 f   net_wins.obj
 0001:000327cc       ?Hunk_Begin@@YAPAXH@Z      004337cc f   q_shwin.obj
 0001:00032800       ?Hunk_Alloc@@YAPAXH@Z      00433800 f   q_shwin.obj
 0001:0003285f       ?Hunk_End@@YAHXZ           0043385f f   q_shwin.obj
 0001:00032865       ?Hunk_Free@@YAXPAX@Z       00433865 f   q_shwin.obj
 0001:0003287e       ?Sys_Milliseconds@@YAHXZ   0043387e f   q_shwin.obj
 0001:000328af       ?Sys_Mkdir@@YAXPAD@Z       004338af f   q_shwin.obj
 0001:000328bb       ?Sys_FindFirst@@YAPADPADH@Z 004338bb f   q_shwin.obj
 0001:00032955       ?Sys_FindNext@@YAPADXZ     00433955 f   q_shwin.obj
 0001:000329bf       ?Sys_FindClose@@YAXXZ      004339bf f   q_shwin.obj
 0001:000329d9       ?SNDDMA_Init@@YA_NXZ       004339d9 f   snd_win.obj
 0001:00033018       ?SNDDMA_GetDMAPos@@YAHXZ   00434018 f   snd_win.obj
 0001:00033062       ?SNDDMA_BeginPainting@@YAXXZ 00434062 f   snd_win.obj
 0001:0003317a       ?SNDDMA_Submit@@YAXXZ      0043417a f   snd_win.obj
 0001:0003319f       ?SNDDMA_Shutdown@@YAXXZ    0043419f f   snd_win.obj
 0001:000331a4       ?S_Activate@@YAX_N@Z       004341a4 f   snd_win.obj
 0001:000331cf       ?Sys_Quit@@YAXXZ           004341cf f   sys_win.obj
 0001:0003328a       ?Sys_Error@@YAXPBDZZ       0043428a f   sys_win.obj
 0001:000332ea       ?osAddressInfo@@YA_NIPADHPAH@Z 004342ea f   sys_win.obj
 0001:0003337e       ?osModuleInfo@@YA_NIPADHPAH@Z 0043437e f   sys_win.obj
 0001:00033526       ?appSymbolName@@YA_NIPADH@Z 00434526 f   sys_win.obj
 0001:000335a6       ?appSymbolName@@YAPADI@Z   004345a6 f   sys_win.obj
 0001:000335d8       ?win32ExceptFilter@@YAHPAU_EXCEPTION_POINTERS@@@Z 004345d8 f   sys_win.obj
 0001:00033b90       ?win32ExceptFilter2@@YAHXZ 00434b90 f   sys_win.obj
 0001:00033b9c       ?Sys_Init@@YAXXZ           00434b9c f   sys_win.obj
 0001:00033ee5       ?Sys_ConsoleInput@@YAPADXZ 00434ee5 f   sys_win.obj
 0001:0003419c       ?Sys_ConsoleOutput@@YAXPAD@Z 0043519c f   sys_win.obj
 0001:0003422a       ?Sys_SendKeyEvents@@YAXXZ  0043522a f   sys_win.obj
 0001:00034316       ?Sys_UnloadGame@@YAXXZ     00435316 f   sys_win.obj
 0001:00034391       ?Sys_GetGameAPI@@YAPAXPAX@Z 00435391 f   sys_win.obj
 0001:000344e8       _WinMain@16                004354e8 f   sys_win.obj
 0001:0003475f       ?Vid_CreateWindow@@YAPAXHH_N@Z 0043575f f   vid_dll.obj
 0001:00034f88       ?Vid_DestroyWindow@@YAX_N@Z 00435f88 f   vid_dll.obj
 0001:00034fc3       ?Vid_GetModeInfo@@YA_NPAH0H@Z 00435fc3 f   vid_dll.obj
 0001:00034ff1       ?Vid_UpdateWindowPosAndSize@@YAXHH@Z 00435ff1 f   vid_dll.obj
 0001:00035058       ?Vid_FreeReflib@@YAXXZ     00436058 f   vid_dll.obj
 0001:00035092       ?Vid_CheckChanges@@YAXXZ   00436092 f   vid_dll.obj
 0001:00035480       ?Vid_Init@@YAXXZ           00436480 f   vid_dll.obj
 0001:00035571       ?Vid_Shutdown@@YAXXZ       00436571 f   vid_dll.obj
 0001:0003559f       ?Vid_MenuInit@@YAXXZ       0043659f f   vid_menu.obj
 0001:00035df5       ?Vid_MenuDraw@@YAXXZ       00436df5 f   vid_menu.obj
 0001:00035e78       ?Vid_MenuKey@@YAPBDH@Z     00436e78 f   vid_menu.obj
 0001:000361e3       ?GL_BackEnd@@YAXXZ         004371e3 f   gl_backend.obj
 0001:000397ec       ?GL_InitBackend@@YAXXZ     0043a7ec f   gl_backend.obj
 0001:0003982f       ?GL_ShutdownBackend@@YAXXZ 0043a82f f   gl_backend.obj
 0001:00039843       ?GL_AllocDynamicMemory@@YAPAXH@Z 0043a843 f   gl_buffers.obj
 0001:000398ac       ?GL_ResizeDynamicMemory@@YAXPAXH@Z 0043a8ac f   gl_buffers.obj
 0001:000398ee       ?GL_AddSurfaceToPortal@@YAXPAUsurfaceCommon_s@@PAUshader_s@@HH@Z 0043a8ee f   gl_buffers.obj
 0001:00039957       ?GL_AddDynamicSurface@@YAPAUsurfaceCommon_s@@PAUshader_s@@H@Z 0043a957 f   gl_buffers.obj
 0001:0003997f       ?GL_InsertShaderIndex@@YAXH@Z 0043a97f f   gl_buffers.obj
 0001:000399b2       ?GL_ClearPortal@@YAXXZ     0043a9b2 f   gl_buffers.obj
 0001:000399ce       ?GL_FinishPortal@@YAXXZ    0043a9ce f   gl_buffers.obj
 0001:00039a1f       ?GL_SortSurfaces@@YAXPAUviewPortal_s@@PAPAUsurfaceInfo_s@@@Z 0043aa1f f   gl_buffers.obj
 0001:00039bb1       ?GL_ClearBuffers@@YAXXZ    0043abb1 f   gl_buffers.obj
 0001:00039bc8       ?GL_AddEntity@@YAXPAUentity_t@@@Z 0043abc8 f   gl_frontend.obj
 0001:0003a03c       ?GL_AddDlight@@YAXPAUdlight_t@@@Z 0043b03c f   gl_frontend.obj
 0001:0003a1f4       ?GL_DrawPortal@@YAXXZ      0043b1f4 f   gl_frontend.obj
 0001:0003ccdd       ?GL_TextureMode@@YAXPAD@Z  0043dcdd f   gl_image.obj
 0001:0003cd85       ?GL_CreateImage@@YAPAUimage_s@@PBDPAXHHH@Z 0043dd85 f   gl_image.obj
 0001:0003db6a       ?GL_SetRawPalette@@YAXPBE@Z 0043eb6a f   gl_image.obj
 0001:0003db9b       ?GL_DrawStretchRaw8@@YAXHHHHHHPAE@Z 0043eb9b f   gl_image.obj
 0001:0003df52       ?GL_SetupGamma@@YAXXZ      0043ef52 f   gl_image.obj
 0001:0003e097       ?GL_PerformScreenshot@@YAXXZ 0043f097 f   gl_image.obj
 0001:0003e31f       ?GL_InitImages@@YAXXZ      0043f31f f   gl_image.obj
 0001:0003eaef       ?GL_ShutdownImages@@YAXXZ  0043faef f   gl_image.obj
 0001:0003eb56       ?GL_LoadDelayedImages@@YAXXZ 0043fb56 f   gl_image.obj
 0001:0003ebd3       ?GL_ShowImages@@YAXXZ      0043fbd3 f   gl_image.obj
 0001:0003ee5b       ?GL_FindImage@@YAPAUimage_s@@PBDH@Z 0043fe5b f   gl_image.obj
 0001:0003f1e8       ?GL_Lock@@YAXXZ            004401e8 f   gl_interface.obj
 0001:0003f260       ?GL_Unlock@@YAXXZ          00440260 f   gl_interface.obj
 0001:0003f422       ?GL_Bind@@YAXPAUimage_s@@@Z 00440422 f   gl_interface.obj
 0001:0003f54c       ?GL_BindForce@@YAXPAUimage_s@@@Z 0044054c f   gl_interface.obj
 0001:0003f5ca       ?GL_TexEnv@@YAXI@Z         004405ca f   gl_interface.obj
 0001:0003f749       ?GL_TexMipBias@@YAXM@Z     00440749 f   gl_interface.obj
 0001:0003f7a4       ?GL_TexEnvColor@@YAXPATcolor_t@@@Z 004407a4 f   gl_interface.obj
 0001:0003f854       ?GL_SelectTexture@@YAXH@Z  00440854 f   gl_interface.obj
 0001:0003f8b5       ?GL_TexCoordPointer@@YAXPAX@Z 004408b5 f   gl_interface.obj
 0001:0003f8e5       ?GL_SetMultitexture@@YAXH@Z 004408e5 f   gl_interface.obj
 0001:0003f9cb       ?GL_DisableTexCoordArrays@@YAXXZ 004409cb f   gl_interface.obj
 0001:0003fa1f       ?GL_CullFace@@YAXW4gl_cullMode_t@@@Z 00440a1f f   gl_interface.obj
 0001:0003fa70       ?GL_DepthRange@@YAXW4gl_depthMode_t@@@Z 00440a70 f   gl_interface.obj
 0001:0003faa3       ?GL_State@@YAXI@Z          00440aa3 f   gl_interface.obj
 0001:0003fbfc       ?GL_EnableFog@@YAX_N@Z     00440bfc f   gl_interface.obj
 0001:0003fcf4       ?GL_SetDefaultState@@YAXXZ 00440cf4 f   gl_interface.obj
 0001:0003fe42       ?GL_Set2DMode@@YAXXZ       00440e42 f   gl_interface.obj
 0001:0003ff3d       ?GL_Setup@@YAXPAUviewPortal_s@@@Z 00440f3d f   gl_interface.obj
 0001:00040025       ?GL_ShowLights@@YAXXZ      00441025 f   gl_light.obj
 0001:0004044a       ?GL_LightForEntity@@YAXPAUrefEntity_s@@@Z 0044144a f   gl_light.obj
 0001:000416b1       ?GL_DiffuseLight@@YAXPATcolor_t@@M@Z 004426b1 f   gl_light.obj
 0001:00041829       ?GL_InitLightGrid@@YAXXZ   00442829 f   gl_light.obj
 0001:000418c5       ?GL_PostLoadLights@@YAXXZ  004428c5 f   gl_light.obj
 0001:00041b63       ?LM_Init@@YAXXZ            00442b63 f   gl_lightmap.obj
 0001:00041b79       ?LM_Flush@@YAXPAUlightmapBlock_t@@@Z 00442b79 f   gl_lightmap.obj
 0001:00041bd6       ?LM_Done@@YAXXZ            00442bd6 f   gl_lightmap.obj
 0001:00041bfd       ?LM_Save@@YAXPAUlightmapBlock_t@@@Z 00442bfd f   gl_lightmap.obj
 0001:00041c15       ?LM_Restore@@YAXPAUlightmapBlock_t@@@Z 00442c15 f   gl_lightmap.obj
 0001:00041c2d       ?LM_NewBlock@@YAPAUlightmapBlock_t@@XZ 00442c2d f   gl_lightmap.obj
 0001:00041c99       ?LM_Rewind@@YAXXZ          00442c99 f   gl_lightmap.obj
 0001:00041ca1       ?LM_NextBlock@@YAPAUlightmapBlock_t@@XZ 00442ca1 f   gl_lightmap.obj
 0001:00041cce       ?LM_CheckMinlight@@YAXPAUdynamicLightmap_s@@@Z 00442cce f   gl_lightmap.obj
 0001:00041d64       ?LM_AllocBlock@@YA_NPAUlightmapBlock_t@@PAUdynamicLightmap_s@@@Z 00442d64 f   gl_lightmap.obj
 0001:00041e1b       ?LM_PutBlock@@YAXPAUdynamicLightmap_s@@@Z 00442e1b f   gl_lightmap.obj
 0001:00042248       ?LM_SortLightStyles@@YAXPAUdynamicLightmap_s@@@Z 00443248 f   gl_lightmap.obj
 0001:000422d9       ?GL_UpdateDynamicLightmap@@YAXPAUshader_s@@PAUsurfacePlanar_s@@_NI@Z 004432d9 f   gl_lightmap.obj
 0001:000427d5       ?LM_IsMonotone@@YA_NPAUdynamicLightmap_s@@PATcolor_t@@@Z 004437d5 f   gl_lightmap.obj
 0001:000428dc       ?GL_EnableRendering@@YAX_N@Z 004438dc f   gl_main.obj
 0001:000428f7       ?GL_DrawStretchPic@@YAXPAUshader_s@@HHHHMMMMIE@Z 004438f7 f   gl_main.obj
 0001:000429c3       ?DrawTextLeft@@YAXPBDI@Z   004439c3 f   gl_main.obj
 0001:00042b31       ?DrawTextRight@@YAXPBDI@Z  00443b31 f   gl_main.obj
 0001:00042b7b       ?DrawText3D@@YAXQAMPBDI@Z  00443b7b f   gl_main.obj
 0001:00042ba8       _GL_GetRefAPI              00443ba8 f   gl_main.obj
 0001:000444b4       ?GL_InitFuncTables@@YAXXZ  004454b4 f   gl_math.obj
 0001:00044665       ?ModelToWorldCoord@@YAXQAMPAUrefEntity_s@@0@Z 00445665 f   gl_math.obj
 0001:000446d6       ?WorldToModelCoord@@YAXQAMPAUrefEntity_s@@0@Z 004456d6 f   gl_math.obj
 0001:0004471d       ?BuildRotationMatrix@@YAXQAY02MQAMM@Z 0044571d f   gl_math.obj
 0001:00044817       ?GetBoxRect@@YA_NPAUrefEntity_s@@QAM11_N@Z 00445817 f   gl_math.obj
 0001:00044b88       ?ProjectToScreen@@YA_NQAMPAH@Z 00445b88 f   gl_math.obj
 0001:00044ccb       ?SaturateColor3f@@YAXQAM@Z 00445ccb f   gl_math.obj
 0001:00044dbb       ?SaturateColor4b@@YAXPATcolor_t@@@Z 00445dbb f   gl_math.obj
 0001:00044ec9       ?GL_FindModel@@YAPAUmodel_s@@PBD@Z 00445ec9 f   gl_model.obj
 0001:00045043       ?GL_LoadWorldMap@@YAXPBD@Z 00446043 f   gl_model.obj
 0001:00046bf5       ?GL_PointInLeaf@@YAPAUnode_s@@QAM@Z 00447bf5 f   gl_model.obj
 0001:00047877       ?ATAN2_FUNC@@YAMMM@Z       00448877 f i gl_model.obj
 0001:00047a22       ?GL_FindSkin@@YAPAUshader_s@@PBD@Z 00448a22 f   gl_model.obj
 0001:00047b81       ?GL_ResetModels@@YAXXZ     00448b81 f   gl_model.obj
 0001:00047c4a       ?GL_InitModels@@YAXXZ      00448c4a f   gl_model.obj
 0001:00047d32       ?GL_ShutdownModels@@YAXXZ  00448d32 f   gl_model.obj
 0001:00047d48       ?SubdividePlane@@YAHPAPAY02MHM@Z 00448d48 f   gl_poly.obj
 0001:00048192       ?FreeSubdividedPlane@@YAXXZ 00449192 f   gl_poly.obj
 0001:000481aa       ?GetSubdivideIndexes@@YAXPAH@Z 004491aa f   gl_poly.obj
 0001:000481fd       ?RemoveCollinearPoints@@YAHPAPAY02MH@Z 004491fd f   gl_poly.obj
 0001:000482f8       ?GetPolyArea@@YAMPAPAY02MH@Z 004492f8 f   gl_poly.obj
 0001:0004838c       ?GL_InitShaders@@YAXXZ     0044938c f   gl_shader.obj
 0001:000484dd       ?GL_ShutdownShaders@@YAXXZ 004494dd f   gl_shader.obj
 0001:00048507       ?GetLightmapImage@@YAPAUimage_s@@H@Z 00449507 f   gl_shader.obj
 0001:0004852f       ?GL_SetShaderLightmap@@YAPAUshader_s@@PAU1@H@Z 0044952f f   gl_shader.obj
 0001:00048904       ?GL_SetShaderLightstyles@@YAPAUshader_s@@PAU1@H@Z 00449904 f   gl_shader.obj
 0001:000489a0       ?GL_GetAlphaShader@@YAPAUshader_s@@PAU1@@Z 004499a0 f   gl_shader.obj
 0001:00048c66       ?GL_FindShader@@YAPAUshader_s@@PBDH@Z 00449c66 f   gl_shader.obj
 0001:00049284       ?GL_GetShaderByNum@@YAPAUshader_s@@H@Z 0044a284 f   gl_shader.obj
 0001:000492a2       ?GL_ResetShaders@@YAXXZ    0044a2a2 f   gl_shader.obj
 0001:00049768       ?GL_ClearSkyBox@@YAXXZ     0044a768 f   gl_sky.obj
 0001:0004977f       ?GL_SetSkyRotate@@YAXMQAM@Z 0044a77f f   gl_sky.obj
 0001:000497b7       ?GL_SkyVisible@@YA_NXZ     0044a7b7 f   gl_sky.obj
 0001:000497d0       ?GL_AddSkySurface@@YAXPAUsurfacePlanar_s@@QAME@Z 0044a7d0 f   gl_sky.obj
 0001:00049ddf       ?GL_TesselateSkySide@@YAHHPAUbufVertex_t@@PAUbufTexCoord_t@@M@Z 0044addf f   gl_sky.obj
 0001:0004b6fa       ?QGL_Shutdown@@YAXXZ       0044c6fa f   qgl_win.obj
 0001:0004b738       ?QGL_Init@@YA_NPBD@Z       0044c738 f   qgl_win.obj
 0001:0004b7bb       ?QGL_InitExtensions@@YAXXZ 0044c7bb f   qgl_win.obj
 0001:0004bca7       ?QGL_PrintExtensionsString@@YAXPBD00@Z 0044cca7 f   qgl_win.obj
 0001:0004bdf7       ?QGL_EnableLogging@@YAX_N@Z 0044cdf7 f   qgl_win.obj
 0001:0004beae       ?QGL_LogMessage@@YAXPBD@Z  0044ceae f   qgl_win.obj
 0001:0004bec5       ?GLimp_SetMode@@YA?AW4rserr_t@@PAI0H_N@Z 0044cec5 f   glw_imp.obj
 0001:0004c158       ?GLimp_HasGamma@@YA_NXZ    0044d158 f   glw_imp.obj
 0001:0004c16c       ?GLimp_SetGamma@@YAXM@Z    0044d16c f   glw_imp.obj
 0001:0004c314       ?GLimp_Init@@YAHXZ         0044d314 f   glw_imp.obj
 0001:0004c65c       ?GLimp_Shutdown@@YAXXZ     0044d65c f   glw_imp.obj
 0001:0004c704       ?GLimp_EndFrame@@YAXXZ     0044d704 f   glw_imp.obj
 0001:0004c785       ?GLimp_AppActivate@@YAX_N@Z 0044d785 f   glw_imp.obj
 0001:0004c7f5       ?R_Alias_clip_z@@YAXPAUfinalvert_s@@00@Z 0044d7f5 f   r_aclip.obj
 0001:0004c8b7       ?R_Alias_clip_left@@YAXPAUfinalvert_s@@00@Z 0044d8b7 f   r_aclip.obj
 0001:0004cac3       ?R_Alias_clip_right@@YAXPAUfinalvert_s@@00@Z 0044dac3 f   r_aclip.obj
 0001:0004cccf       ?R_Alias_clip_top@@YAXPAUfinalvert_s@@00@Z 0044dccf f   r_aclip.obj
 0001:0004cee3       ?R_Alias_clip_bottom@@YAXPAUfinalvert_s@@00@Z 0044dee3 f   r_aclip.obj
 0001:0004d0f7       ?R_AliasClip@@YAHPAUfinalvert_s@@0HHP6AX000@Z@Z 0044e0f7 f   r_aclip.obj
 0001:0004d1c7       ?R_AliasClipTriangle@@YAXPAUfinalvert_s@@00@Z 0044e1c7 f   r_aclip.obj
 0001:0004d3b9       ?R_AliasCheckFrameBBox@@YAKPAUdAliasFrame_t@@QAY03M@Z 0044e3b9 f   r_alias.obj
 0001:0004d4e8       ?R_AliasCheckBBox@@YAHXZ   0044e4e8 f   r_alias.obj
 0001:0004d54c       ?R_AliasTransformVector@@YAXQAM0QAY03M@Z 0044e54c f   r_alias.obj
 0001:0004d5a8       ?R_AliasPreparePoints@@YAXXZ 0044e5a8 f   r_alias.obj
 0001:0004d840       ?R_AliasSetUpTransform@@YAXXZ 0044e840 f   r_alias.obj
 0001:0004dafc       ?R_AliasTransformFinalVerts@@YAXHPAUfinalvert_s@@PAUdTriVertx_t@@1@Z 0044eafc f   r_alias.obj
 0001:0004dccb       ?R_AliasProjectAndClipTestFinalVert@@YAXPAUfinalvert_s@@@Z 0044eccb f   r_alias.obj
 0001:0004dd7a       ?R_AliasSetupLighting@@YAXXZ 0044ed7a f   r_alias.obj
 0001:0004dee4       ?R_AliasSetupFrames@@YAXPAUdmdl_t@@@Z 0044eee4 f   r_alias.obj
 0001:0004df58       ?R_AliasSetUpLerpData@@YAXPAUdmdl_t@@M@Z 0044ef58 f   r_alias.obj
 0001:0004e080       ?R_AliasDrawModel@@YAXXZ   0044f080 f   r_alias.obj
 0001:0004e315       ?R_EntityRotate@@YAXQAM@Z  0044f315 f   r_bsp.obj
 0001:0004e391       ?R_RotateBmodel@@YAXXZ     0044f391 f   r_bsp.obj
 0001:0004e4ec       ?R_RecursiveClipBPoly@@YAXPAUbedge_s@@PAUmnode_s@@PAUmsurface_s@@@Z 0044f4ec f   r_bsp.obj
 0001:0004e81c       ?R_DrawSolidClippedSubmodelPolygons@@YAXPAUmodel_s@@PAUmnode_s@@@Z 0044f81c f   r_bsp.obj
 0001:0004e9a3       ?R_DrawSubmodelPolygons@@YAXPAUmodel_s@@HPAUmnode_s@@@Z 0044f9a3 f   r_bsp.obj
 0001:0004ea33       ?R_RecursiveWorldNode@@YAXPAUmnode_s@@H@Z 0044fa33 f   r_bsp.obj
 0001:0004ec65       ?R_RenderWorld@@YAXXZ      0044fc65 f   r_bsp.obj
 0001:0004ecd5       ?Draw_FindPic@@YAPAUimage_s@@PBD@Z 0044fcd5 f   r_draw.obj
 0001:0004ed71       ?Draw_InitLocal@@YAXXZ     0044fd71 f   r_draw.obj
 0001:0004ed82       ?Draw_Char@@YAXHHH@Z       0044fd82 f   r_draw.obj
 0001:0004eecd       ?Draw_CharColor@@YAXHHHH@Z 0044fecd f   r_draw.obj
 0001:0004f044       ?DrawText@@YAXHHPADH@Z     00450044 f   r_draw.obj
 0001:0004f07a       ?R_DrawTexts@@YAXXZ        0045007a f   r_draw.obj
 0001:0004f10a       ?DrawText_Pos@@YAXHHPBDI@Z 0045010a f   r_draw.obj
 0001:0004f1e2       ?DrawText_Left@@YAXPBDI@Z  004501e2 f   r_draw.obj
 0001:0004f20a       ?DrawText_Right@@YAXPBDI@Z 0045020a f   r_draw.obj
 0001:0004f246       ?Draw_GetPicSize@@YAXPAH0PBD@Z 00450246 f   r_draw.obj
 0001:0004f286       ?Draw_StretchPicImplementation@@YAXHHHHPAUimage_s@@@Z 00450286 f   r_draw.obj
 0001:0004f3b1       ?Draw_StretchPic@@YAXHHHHPBD@Z 004503b1 f   r_draw.obj
 0001:0004f445       ?Draw_StretchRaw8@@YAXHHHHHHPAE@Z 00450445 f   r_draw.obj
 0001:0004f4bf       ?Draw_Pic@@YAXHHPBD@Z      004504bf f   r_draw.obj
 0001:0004f6f4       ?Draw_PicColor@@YAXHHPBDH@Z 004506f4 f   r_draw.obj
 0001:0004f8c1       ?Draw_TileClear@@YAXHHHHPBD@Z 004508c1 f   r_draw.obj
 0001:0004f9e0       ?Draw_Fill@@YAXHHHHH@Z     004509e0 f   r_draw.obj
 0001:0004fac6       ?Draw_Fade@@YAXHHHHH@Z     00450ac6 f   r_draw.obj
 0001:0004fb87       ?R_BeginEdgeFrame@@YAXXZ   00450b87 f   r_edge.obj
 0001:0004fc43       ?R_InsertNewEdges@@YAXPAUedge_s@@0@Z 00450c43 f   r_edge.obj
 0001:0004fc89       ?R_RemoveEdges@@YAXPAUedge_s@@@Z 00450c89 f   r_edge.obj
 0001:0004fca7       ?R_StepActiveU@@YAXPAUedge_s@@@Z 00450ca7 f   r_edge.obj
 0001:0004fd3b       ?R_CleanupSpan@@YAXXZ      00450d3b f   r_edge.obj
 0001:0004fd8b       ?R_LeadingEdgeBackwards@@YAXPAUedge_s@@@Z 00450d8b f   r_edge.obj
 0001:0004fe20       ?R_TrailingEdge@@YAXPAUsurf_s@@PAUedge_s@@@Z 00450e20 f   r_edge.obj
 0001:0004fe84       ?R_LeadingEdge@@YAXPAUedge_s@@@Z 00450e84 f   r_edge.obj
 0001:00050027       ?R_GenerateSpans@@YAXXZ    00451027 f   r_edge.obj
 0001:00050095       ?R_GenerateSpansBackward@@YAXXZ 00451095 f   r_edge.obj
 0001:00050103       ?R_ScanEdges@@YAXXZ        00451103 f   r_edge.obj
 0001:000502da       ?D_MipLevelForScale@@YAHM@Z 004512da f   r_edge.obj
 0001:00050323       ?D_FlatFillSurface@@YAXPAUsurf_s@@H@Z 00451323 f   r_edge.obj
 0001:0005037d       ?D_CalcGradients@@YAXPAUmsurface_s@@@Z 0045137d f   r_edge.obj
 0001:000505dd       ?D_BackgroundSurf@@YAXPAUsurf_s@@@Z 004515dd f   r_edge.obj
 0001:0005061d       ?D_TurbulentSurf@@YAXPAUsurf_s@@@Z 0045161d f   r_edge.obj
 0001:0005072c       ?D_SkySurf@@YAXPAUsurf_s@@@Z 0045172c f   r_edge.obj
 0001:000507ad       ?D_SolidSurf@@YAXPAUsurf_s@@@Z 004517ad f   r_edge.obj
 0001:000508d2       ?D_DrawflatSurfaces@@YAXXZ 004518d2 f   r_edge.obj
 0001:00050922       ?D_DrawSurfaces@@YAXXZ     00451922 f   r_edge.obj
 0001:00050a1b       ?R_ImageList_f@@YAXXZ      00451a1b f   r_image.obj
 0001:00050adc       ?R_FindFreeImage@@YAPAUimage_s@@XZ 00451adc f   r_image.obj
 0001:00050b20       ?R_LoadPic@@YAPAUimage_s@@PADPAEHHW4imagetype_t@@@Z 00451b20 f   r_image.obj
 0001:00050ba8       ?R_LoadTex@@YAPAUimage_s@@PADPAEHH@Z 00451ba8 f   r_image.obj
 0001:00050c3d       ?R_LoadWal@@YAPAUimage_s@@PAD@Z 00451c3d f   r_image.obj
 0001:00050c89       ?R_MipMap@@YAXPAE0HH@Z     00451c89 f   r_image.obj
 0001:00050db7       ?R_DownsampleImage@@YAXPAPAEHH_N@Z 00451db7 f   r_image.obj
 0001:00050eaf       ?R_FindImage@@YAPAUimage_s@@PBDW4imagetype_t@@@Z 00451eaf f   r_image.obj
 0001:0005125c       ?R_FreeUnusedImages@@YAXXZ 0045225c f   r_image.obj
 0001:000512b9       ?R_InitImages@@YAXXZ       004522b9 f   r_image.obj
 0001:0005131b       ?R_ShutdownImages@@YAXXZ   0045231b f   r_image.obj
 0001:00051355       ?R_MarkLights@@YAXPAUdlight_t@@HPAUmnode_s@@@Z 00452355 f   r_light.obj
 0001:0005140f       ?R_PushDlights@@YAXPAUmodel_s@@@Z 0045240f f   r_light.obj
 0001:0005146d       ?R_LightPoint@@YAXQAM0@Z   0045246d f   r_light.obj
 0001:00051838       ?R_AddDynamicLights@@YAXXZ 00452838 f   r_light.obj
 0001:00051ac8       ?R_BuildLightMap@@YAXXZ    00452ac8 f   r_light.obj
 0001:00051bbe       ?R_InitTextures@@YAXXZ     00452bbe f   r_main.obj
 0001:00051c7f       ?R_InitTurb@@YAXXZ         00452c7f f   r_main.obj
 0001:00051cfc       ?R_Register@@YAXXZ         00452cfc f   r_main.obj
 0001:00051d65       ?R_UnRegister@@YAXXZ       00452d65 f   r_main.obj
 0001:00051d7d       ?R_Init@@YAHXZ             00452d7d f   r_main.obj
 0001:00051e63       ?R_Shutdown@@YAXXZ         00452e63 f   r_main.obj
 0001:00051f12       ?R_NewMap@@YAXXZ           00452f12 f   r_main.obj
 0001:00051fb9       ?R_MarkLeaves@@YAXXZ       00452fb9 f   r_main.obj
 0001:000520e0       ?R_DrawEntitiesOnList@@YAXXZ 004530e0 f   r_main.obj
 0001:00052295       ?R_BmodelCheckBBox@@YAHPAM@Z 00453295 f   r_main.obj
 0001:00052347       ?R_FindTopnode@@YAPAUmnode_s@@QAM0@Z 00453347 f   r_main.obj
 0001:0005239c       ?RotatedBBox@@YAXQAM0000@Z 0045339c f   r_main.obj
 0001:000524fe       ?R_DrawBEntitiesOnList@@YAXXZ 004534fe f   r_main.obj
 0001:000526fc       ?R_EdgeDrawing@@YAXXZ      004536fc f   r_main.obj
 0001:000527db       ?R_CalcPalette@@YAXXZ      004537db f   r_main.obj
 0001:000528dd       ?R_SetLightLevel@@YAXXZ    004538dd f   r_main.obj
 0001:0005292d       ?R_RenderFrame@@YAXPAUrefdef_t@@@Z 0045392d f   r_main.obj
 0001:00052b54       ?R_InitGraphics@@YAXHH@Z   00453b54 f   r_main.obj
 0001:00052bca       ?R_BeginFrame@@YAXM@Z      00453bca f   r_main.obj
 0001:00052d64       ?R_GammaCorrectAndSetPalette@@YAXPBE@Z 00453d64 f   r_main.obj
 0001:00052dc3       ?R_CinematicSetPalette@@YAXPBE@Z 00453dc3 f   r_main.obj
 0001:00052e58       ?Draw_BuildGammaTable@@YAXXZ 00453e58 f   r_main.obj
 0001:00052f69       ?R_DrawBeam@@YAXPAUbeam_s@@@Z 00453f69 f   r_main.obj
 0001:000530be       ?Draw_GetPalette@@YAXXZ    004540be f   r_main.obj
 0001:000531ff       ?Draw_ConCharColor@@YAXHHHH@Z 004541ff f   r_main.obj
 0001:00053220       _GetRefAPI                 00454220 f   r_main.obj
 0001:000534f5       ?D_ViewChanged@@YAXXZ      004544f5 f   r_misc.obj
 0001:00053675       ?R_PrintTimes@@YAXXZ       00454675 f   r_misc.obj
 0001:000536dd       ?R_PrintDSpeeds@@YAXXZ     004546dd f   r_misc.obj
 0001:00053792       ?R_PrintAliasStats@@YAXXZ  00454792 f   r_misc.obj
 0001:000537a5       ?R_TransformFrustum@@YAXXZ 004547a5 f   r_misc.obj
 0001:00053863       ?TransformVector@@YAXQAM0@Z 00454863 f   r_misc.obj
 0001:000538ce       ?R_SetUpFrustumIndexes@@YAXXZ 004548ce f   r_misc.obj
 0001:00053933       ?R_ViewChanged@@YAXPAUvrect_s@@@Z 00454933 f   r_misc.obj
 0001:00053c7c       ?R_SetupFrame@@YAXXZ       00454c7c f   r_misc.obj
 0001:00053e57       ?WritePCXfile@@YAXPADPAEHHH1@Z 00454e57 f   r_misc.obj
 0001:00053f71       ?R_ScreenShot@@YAXXZ       00454f71 f   r_misc.obj
 0001:00054080       ?Mod_Modellist_f@@YAXXZ    00455080 f   r_model.obj
 0001:000540de       ?Mod_Init@@YAXXZ           004550de f   r_model.obj
 0001:000540f0       ?Mod_ForName@@YAPAUmodel_s@@PBD_N@Z 004550f0 f   r_model.obj
 0001:000542f0       ?Mod_PointInLeaf@@YAPAUmleaf_s@@PAMPAUmodel_s@@@Z 004552f0 f   r_model.obj
 0001:00054347       ?Mod_DecompressVis@@YAPAEPAEPAUmodel_s@@@Z 00455347 f   r_model.obj
 0001:000543c7       ?Mod_ClusterPVS@@YAPAEHPAUmodel_s@@@Z 004553c7 f   r_model.obj
 0001:000543f4       ?Mod_LoadLighting@@YAXPAEH@Z 004553f4 f   r_model.obj
 0001:00054473       ?R_NumberLeafs@@YAXPAUmnode_s@@@Z 00455473 f   r_model.obj
 0001:000544c1       ?Mod_LoadVisibility@@YAXPAUdvis_t@@H@Z 004554c1 f   r_model.obj
 0001:000544e6       ?Mod_LoadVertexes@@YAXPAUdvertex_t@@H@Z 004554e6 f   r_model.obj
 0001:00054530       ?Mod_LoadSubmodels@@YAXPAUcmodel_t@@H@Z 00455530 f   r_model.obj
 0001:00054550       ?Mod_LoadEdges@@YAXPAUdedge_t@@H@Z 00455550 f   r_model.obj
 0001:0005459e       ?Mod_LoadTexinfo@@YAXPAUtexinfo_s@@H@Z 0045559e f   r_model.obj
 0001:00054706       ?CalcSurfaceExtents@@YAXPAUmsurface_s@@@Z 00455706 f   r_model.obj
 0001:00054881       ?Mod_LoadFaces@@YAXPAUdface_t@@H@Z 00455881 f   r_model.obj
 0001:000549ee       ?Mod_SetParent@@YAXPAUmnode_s@@0@Z 004559ee f   r_model.obj
 0001:00054a13       ?Mod_LoadNodes@@YAXPAUdnode_t@@H@Z 00455a13 f   r_model.obj
 0001:00054b09       ?Mod_LoadLeafs@@YAXPAUdleaf_t@@H@Z 00455b09 f   r_model.obj
 0001:00054bb2       ?Mod_LoadMarksurfaces@@YAXPAGH@Z 00455bb2 f   r_model.obj
 0001:00054c23       ?Mod_LoadSurfedges@@YAXPAHH@Z 00455c23 f   r_model.obj
 0001:00054c5c       ?Mod_LoadPlanes@@YAXPAUdplane_t@@H@Z 00455c5c f   r_model.obj
 0001:00054ccb       ?Mod_LoadBrushModel@@YAXPAUmodel_s@@PAUbspfile_t@@@Z 00455ccb f   r_model.obj
 0001:00054e73       ?Mod_LoadAliasModel@@YAXPAUmodel_s@@PAX@Z 00455e73 f   r_model.obj
 0001:000550c0       ?Mod_LoadSpriteModel@@YAXPAUmodel_s@@PAX@Z 004560c0 f   r_model.obj
 0001:0005519d       ?R_BeginRegistration@@YAXPBD@Z 0045619d f   r_model.obj
 0001:00055217       ?R_RegisterModel@@YAPAUmodel_s@@PBD@Z 00456217 f   r_model.obj
 0001:0005530f       ?R_EndRegistration@@YAXXZ  0045630f f   r_model.obj
 0001:00055373       ?Mod_Free@@YAXPAUmodel_s@@@Z 00456373 f   r_model.obj
 0001:0005538d       ?Mod_FreeAll@@YAXXZ        0045638d f   r_model.obj
 0001:000553c0       ?R_DrawParticle@@YAXXZ     004563c0 f   r_part.obj
 0001:0005565a       ?R_DrawParticles@@YAXXZ    0045665a f   r_part.obj
 0001:00055702       ?R_DrawSpanletOpaque@@YAXXZ 00456702 f   r_poly.obj
 0001:00055792       ?R_DrawSpanletTurbulentStipple33@@YAXXZ 00456792 f   r_poly.obj
 0001:000558bd       ?R_DrawSpanletTurbulentStipple66@@YAXXZ 004568bd f   r_poly.obj
 0001:00055a9e       ?R_DrawSpanletTurbulentBlended66@@YAXXZ 00456a9e f   r_poly.obj
 0001:00055b53       ?R_DrawSpanletTurbulentBlended33@@YAXXZ 00456b53 f   r_poly.obj
 0001:00055c08       ?R_DrawSpanlet33@@YAXXZ    00456c08 f   r_poly.obj
 0001:00055ca2       ?R_DrawSpanletConstant33@@YAXXZ 00456ca2 f   r_poly.obj
 0001:00055cfb       ?R_DrawSpanlet66@@YAXXZ    00456cfb f   r_poly.obj
 0001:00055d99       ?R_DrawSpanlet33Stipple@@YAXXZ 00456d99 f   r_poly.obj
 0001:00055eb4       ?R_DrawSpanlet66Stipple@@YAXXZ 00456eb4 f   r_poly.obj
 0001:00056045       ?R_ClipPolyFace@@YAHHPAUclipplane_s@@@Z 00457045 f   r_poly.obj
 0001:000561b0       ?R_PolygonDrawSpans@@YAXPAUespan_s@@H@Z 004571b0 f   r_poly.obj
 0001:000565af       ?R_PolygonScanLeftEdge@@YAXXZ 004575af f   r_poly.obj
 0001:00056713       ?R_PolygonScanRightEdge@@YAXXZ 00457713 f   r_poly.obj
 0001:0005691d       ?R_ClipAndDrawPoly@@YAXMH_N@Z 0045791d f   r_poly.obj
 0001:00056b1b       ?R_BuildPolygonFromSurface@@YAXPAUmsurface_s@@@Z 00457b1b f   r_poly.obj
 0001:00056d11       ?R_PolygonCalculateGradients@@YAXXZ 00457d11 f   r_poly.obj
 0001:00056fdd       ?R_DrawAlphaSurfaces@@YAXXZ 00457fdd f   r_poly.obj
 0001:00057073       ?R_IMFlatShadedQuad@@YAXQAM000HM@Z 00458073 f   r_poly.obj
 0001:000571a1       ?R_InitAdivtab@@YAXXZ      004581a1 f   r_polyse.obj
 0001:0005720d       ?R_PolysetUpdateTables@@YAXXZ 0045820d f   r_polyse.obj
 0001:00057248       ?R_DrawTriangle@@YAXXZ     00458248 f   r_polyse.obj
 0001:00057359       ?R_PolysetScanLeftEdge_C@@YAXH@Z 00458359 f   r_polyse.obj
 0001:00057523       ?FloorDivMod@@YAXMMPAH0@Z  00458523 f   r_polyse.obj
 0001:000575bd       ?R_PolysetSetUpForLineScan@@YAXHHHH@Z 004585bd f   r_polyse.obj
 0001:0005764b       ?R_PolysetCalcGradients@@YAXH@Z 0045864b f   r_polyse.obj
 0001:000578be       ?R_PolysetDrawSpans8_33@@YAXPAUspanpackage_s@@@Z 004588be f   r_polyse.obj
 0001:000579ee       ?R_PolysetDrawSpansConstant8_33@@YAXPAUspanpackage_s@@@Z 004589ee f   r_polyse.obj
 0001:00057a88       ?R_PolysetDrawSpans8_66@@YAXPAUspanpackage_s@@@Z 00458a88 f   r_polyse.obj
 0001:00057bc4       ?R_PolysetDrawSpansConstant8_66@@YAXPAUspanpackage_s@@@Z 00458bc4 f   r_polyse.obj
 0001:00057c6c       ?R_PolysetDrawSpans8_Opaque@@YAXPAUspanpackage_s@@@Z 00458c6c f   r_polyse.obj
 0001:00057db7       ?R_RasterizeAliasPolySmooth@@YAXXZ 00458db7 f   r_polyse.obj
 0001:00058397       ?R_PolysetSetEdgeTable@@YAXXZ 00459397 f   r_polyse.obj
 0001:00058432       ?R_InitSkyBox@@YAXXZ       00459432 f   r_rast.obj
 0001:0005869c       ?R_EmitSkyBox@@YAXXZ       0045969c f   r_rast.obj
 0001:000587b1       ?R_EmitEdge@@YAXPAUmvertex_t@@0@Z 004597b1 f   r_rast.obj
 0001:00058b85       ?R_ClipEdge@@YAXPAUmvertex_t@@0PAUclipplane_s@@@Z 00459b85 f   r_rast.obj
 0001:00058d27       ?R_EmitCachedEdge@@YAXXZ   00459d27 f   r_rast.obj
 0001:00058d7e       ?R_RenderFace@@YAXPAUmsurface_s@@H@Z 00459d7e f   r_rast.obj
 0001:00059145       ?R_RenderBmodelFace@@YAXPAUbedge_s@@PAUmsurface_s@@@Z 0045a145 f   r_rast.obj
 0001:000593a2       ?D_WarpScreen@@YAXXZ       0045a3a2 f   r_scan.obj
 0001:00059564       ?D_DrawTurbulent8Span@@YAXXZ 0045a564 f   r_scan.obj
 0001:000595e8       ?Turbulent8@@YAXPAUespan_s@@@Z 0045a5e8 f   r_scan.obj
 0001:00059944       ?NonTurbulent8@@YAXPAUespan_s@@@Z 0045a944 f   r_scan.obj
 0001:00059c7e       ?D_DrawSpans16@@YAXPAUespan_s@@@Z 0045ac7e f   r_scan.obj
 0001:00059f9b       ?D_DrawZSpans@@YAXPAUespan_s@@@Z 0045af9b f   r_scan.obj
 0001:0005a06b       ?R_DrawSprite@@YAXXZ       0045b06b f   r_sprite.obj
 0001:0005a2f5       ?R_TextureAnimation@@YAPAUimage_s@@PAUmtexinfo_s@@@Z 0045b2f5 f   r_surf.obj
 0001:0005a319       ?R_DrawSurface@@YAXXZ      0045b319 f   r_surf.obj
 0001:0005a47e       ?R_DrawSurfaceBlock8_mip0@@YAXXZ 0045b47e f   r_surf.obj
 0001:0005a57d       ?R_DrawSurfaceBlock8_mip1@@YAXXZ 0045b57d f   r_surf.obj
 0001:0005a67c       ?R_DrawSurfaceBlock8_mip2@@YAXXZ 0045b67c f   r_surf.obj
 0001:0005a77b       ?R_DrawSurfaceBlock8_mip3@@YAXXZ 0045b77b f   r_surf.obj
 0001:0005a877       ?R_InitCaches@@YAXXZ       0045b877 f   r_surf.obj
 0001:0005a8f8       ?D_FlushCaches@@YAXXZ      0045b8f8 f   r_surf.obj
 0001:0005a93d       ?D_SCAlloc@@YAPAUsurfcache_s@@HH@Z 0045b93d f   r_surf.obj
 0001:0005aab7       ?D_CacheSurface@@YAPAUsurfcache_s@@PAUmsurface_s@@H@Z 0045bab7 f   r_surf.obj
 0001:0005ac29       ?DDRAW_Init@@YA_NPAPAEPAH@Z 0045bc29 f   rw_ddraw.obj
 0001:0005b048       ?DDRAW_SetPalette@@YAXPBE@Z 0045c048 f   rw_ddraw.obj
 0001:0005b0b1       ?DDRAW_Shutdown@@YAXXZ     0045c0b1 f   rw_ddraw.obj
 0001:0005b1f5       ?DIB_Init@@YA_NPAPAEPAH@Z  0045c1f5 f   rw_dib.obj
 0001:0005b3ed       ?DIB_SetPalette@@YAXPBE@Z  0045c3ed f   rw_dib.obj
 0001:0005b602       ?DIB_Shutdown@@YAXXZ       0045c602 f   rw_dib.obj
 0001:0005b6fb       ?SWimp_Init@@YAHXZ         0045c6fb f   rw_imp.obj
 0001:0005b6ff       ?SWimp_EndFrame@@YAXXZ     0045c6ff f   rw_imp.obj
 0001:0005b860       ?SWimp_SetMode@@YA?AW4rserr_t@@PAH0H_N@Z 0045c860 f   rw_imp.obj
 0001:0005b994       ?SWimp_SetPalette@@YAXPBE@Z 0045c994 f   rw_imp.obj
 0001:0005b9b9       ?SWimp_Shutdown@@YAXXZ     0045c9b9 f   rw_imp.obj
 0001:0005ba00       ?SWimp_AppActivate@@YAX_N@Z 0045ca00 f   rw_imp.obj
 0001:0005bab0       _jpeg_CreateDecompress     0045cab0 f   lib:jdapimin.obj
 0001:0005bb70       _jpeg_read_header          0045cb70 f   lib:jdapimin.obj
 0001:0005bbd2       _jpeg_consume_input        0045cbd2 f   lib:jdapimin.obj
 0001:0005be21       _jpeg_finish_decompress    0045ce21 f   lib:jdapimin.obj
 0001:0005beb8       _jpeg_start_decompress     0045ceb8 f   lib:jdapistd.obj
 0001:0005c025       _jpeg_read_scanlines       0045d025 f   lib:jdapistd.obj
 0001:0005c0a9       _jpeg_resync_to_restart    0045d0a9 f   lib:jdmarker.obj
 0001:0005c26e       _jinit_marker_reader       0045d26e f   lib:jdmarker.obj
 0001:0005d739       _jpeg_CreateCompress       0045e739 f   lib:jcapimin.obj
 0001:0005d7ed       _jpeg_destroy_compress     0045e7ed f   lib:jcapimin.obj
 0001:0005d7ed       _jpeg_destroy_decompress   0045e7ed f   lib:jcapimin.obj
 0001:0005d7f8       _jpeg_suppress_tables      0045e7f8 f   lib:jcapimin.obj
 0001:0005d842       _jpeg_finish_compress      0045e842 f   lib:jcapimin.obj
 0001:0005d92c       _jpeg_start_compress       0045e92c f   lib:jcapistd.obj
 0001:0005d998       _jpeg_write_scanlines      0045e998 f   lib:jcapistd.obj
 0001:0005da43       _jpeg_add_quant_table      0045ea43 f   lib:jcparam.obj
 0001:0005daf5       _jpeg_quality_scaling      0045eaf5 f   lib:jcparam.obj
 0001:0005db1c       _jpeg_set_quality          0045eb1c f   lib:jcparam.obj
 0001:0005db56       _jpeg_set_defaults         0045eb56 f   lib:jcparam.obj
 0001:0005dd1c       _jpeg_default_colorspace   0045ed1c f   lib:jcparam.obj
 0001:0005dd6c       _jpeg_set_colorspace       0045ed6c f   lib:jcparam.obj
 0001:0005e087       _jpeg_stdio_dest           0045f087 f   lib:jdatadst.obj
 0001:0005e286       _crc32                     0045f286 f   lib:crc32.obj
 0001:0005e520       _inflateReset              0045f520 f   lib:inflate.obj
 0001:0005e567       _inflateInit2_             0045f567 f   lib:inflate.obj
 0001:0005e620       _inflate                   0045f620 f   lib:inflate.obj
 0001:0005f8ef       _inflateEnd                004608ef f   lib:inflate.obj
 0001:0005f92d       _jinit_input_controller    0046092d f   lib:jdinput.obj
 0001:0005fe10       _jinit_memory_mgr          00460e10 f   lib:jmemmgr.obj
 0001:0006094c       _jpeg_abort                0046194c f   lib:jcomapi.obj
 0001:0006097f       _jpeg_destroy              0046197f f   lib:jcomapi.obj
 0001:0006099a       _jpeg_alloc_quant_table    0046199a f   lib:jcomapi.obj
 0001:000609b6       _jpeg_alloc_huff_table     004619b6 f   lib:jcomapi.obj
 0001:000609d2       _jpeg_calc_output_dimensions 004619d2 f   lib:jdmaster.obj
 0001:00060ad2       _jinit_master_decompress   00461ad2 f   lib:jdmaster.obj
 0001:00060e28       _jdiv_round_up             00461e28 f   lib:jutils.obj
 0001:00060e38       _jround_up                 00461e38 f   lib:jutils.obj
 0001:00060e50       _jcopy_sample_rows         00461e50 f   lib:jutils.obj
 0001:00060e8e       _jcopy_block_row           00461e8e f   lib:jutils.obj
 0001:00060ea7       _jzero_far                 00461ea7 f   lib:jutils.obj
 0001:00060eba       _jinit_marker_writer       00461eba f   lib:jcmarker.obj
 0001:00061796       _jinit_compress_master     00462796 f   lib:jcinit.obj
 0001:000617ef       _zcalloc                   004627ef f   lib:zutil.obj
 0001:00061801       _zcfree                    00462801 f   lib:zutil.obj
 0001:00061801       _jpeg_free_small           00462801 f   lib:zutil.obj
[...]
 0001:0006c9ce       _start_input_pass          0046d9ce f   lib:jddiffct.obj
 0001:0006ca36       _start_iMCU_row            0046da36 f   lib:jddiffct.obj
 0001:0006ca7b       _start_output_pass         0046da7b f   lib:jddiffct.obj
 0001:0006ca87       _decompress_data           0046da87 f   lib:jddiffct.obj
 0001:0006cbf7       _process_restart           0046dbf7 f   lib:jddiffct.obj
 0001:00035452       _dummy_consume_data        00436452 f   vid_dll.obj
 0001:0006cc2c       _consume_data              0046dc2c f   lib:jddiffct.obj
 0001:0006cca3       _output_data               0046dca3 f   lib:jddiffct.obj
 0001:0006c72a       _start_pass                0046d72a f   lib:jddctmgr.obj
 0001:0006bb7c       _start_pass_phuff_decoder  0046cb7c f   lib:jdphuff.obj
 0001:0006bdc5       _decode_mcu_DC_first       0046cdc5 f   lib:jdphuff.obj
 0001:0006bfbd       _process_restart           0046cfbd f   lib:jdphuff.obj
 0001:0006c02c       _decode_mcu_AC_first       0046d02c f   lib:jdphuff.obj
 0001:0006c24c       _decode_mcu_DC_refine      0046d24c f   lib:jdphuff.obj
 0001:0006c321       _decode_mcu_AC_refine      0046d321 f   lib:jdphuff.obj
 0001:0006b5c3       _start_pass_huff_decoder   0046c5c3 f   lib:jdshuff.obj
 0001:0006b6fb       _decode_mcu                0046c6fb f   lib:jdshuff.obj
 0001:0006baab       _process_restart           0046caab f   lib:jdshuff.obj
 0001:0006a9ac       _start_input_pass          0046b9ac f   lib:jdcoefct.obj
 0001:0006a9bf       _start_iMCU_row            0046b9bf f   lib:jdcoefct.obj
 0001:0006aa04       _start_output_pass         0046ba04 f   lib:jdcoefct.obj
 0001:0006aa41       _decompress_onepass        0046ba41 f   lib:jdcoefct.obj
 0001:00035452       _dummy_consume_data        00436452 f   vid_dll.obj
 0001:0006ac1a       _consume_data              0046bc1a f   lib:jdcoefct.obj
 0001:0006add3       _decompress_data           0046bdd3 f   lib:jdcoefct.obj
 0001:0006af3f       _smoothing_ok              0046bf3f f   lib:jdcoefct.obj
 0001:0006b02a       _decompress_smooth_data    0046c02a f   lib:jdcoefct.obj
 0001:0006a845       _scaler_start_pass         0046b845 f   lib:jcscale.obj
 0001:0006a868       _simple_downscale          0046b868 f   lib:jcscale.obj
 0001:0006a894       _noscale                   0046b894 f   lib:jcscale.obj
 0001:0006a33d       _start_pass                0046b33d f   lib:jcpred.obj
 0001:0006a395       _reset_predictor           0046b395 f   lib:jcpred.obj
 0001:0006a3c2       _jpeg_difference_first_row 0046b3c2 f   lib:jcpred.obj
 0001:0006a4ac       _jpeg_difference1          0046b4ac f   lib:jcpred.obj
 0001:0006a51a       _jpeg_difference2          0046b51a f   lib:jcpred.obj
 0001:0006a58b       _jpeg_difference3          0046b58b f   lib:jcpred.obj
 0001:0006a603       _jpeg_difference4          0046b603 f   lib:jcpred.obj
 0001:0006a68e       _jpeg_difference5          0046b68e f   lib:jcpred.obj
 0001:0006a721       _jpeg_difference6          0046b721 f   lib:jcpred.obj
 0001:0006a7b0       _jpeg_difference7          0046b7b0 f   lib:jcpred.obj
 0001:00069c2f       _start_pass_huff           0046ac2f f   lib:jclhuff.obj
 0001:00069dcc       _encode_mcus_huff          0046adcc f   lib:jclhuff.obj
 0001:00069fb7       _emit_bits                 0046afb7 f   lib:jclhuff.obj
 0001:0006a05a       _dump_buffer               0046b05a f   lib:jclhuff.obj
 0001:0006a07e       _emit_restart              0046b07e f   lib:jclhuff.obj
 0001:0006a0c9       _flush_bits                0046b0c9 f   lib:jclhuff.obj
 0001:0006a0ed       _finish_pass_huff          0046b0ed f   lib:jclhuff.obj
 0001:0006a15a       _encode_mcus_gather        0046b15a f   lib:jclhuff.obj
 0001:0006a283       _finish_pass_gather        0046b283 f   lib:jclhuff.obj
 0001:00068954       _need_optimization_pass    00469954 f   lib:jcshuff.obj
 0001:0006984f       _start_pass_diff           0046a84f f   lib:jcdiffct.obj
 0001:00067b55       _start_iMCU_row            00468b55 f   lib:jccoefct.obj
 0001:000698ed       _compress_data             0046a8ed f   lib:jcdiffct.obj
 0001:00069a83       _compress_first_pass       0046aa83 f   lib:jcdiffct.obj
 0001:00069b78       _compress_output           0046ab78 f   lib:jcdiffct.obj
 0001:00069462       _start_pass_fdctmgr        0046a462 f   lib:jcdctmgr.obj
 0001:00069564       _forward_DCT_float         0046a564 f   lib:jcdctmgr.obj
 0001:00068997       _start_pass_phuff          00469997 f   lib:jcphuff.obj
 0001:00068b04       _encode_mcu_DC_first       00469b04 f   lib:jcphuff.obj
 0001:00068c36       _emit_bits                 00469c36 f   lib:jcphuff.obj
 0001:00068ce1       _dump_buffer               00469ce1 f   lib:jcphuff.obj
 0001:00068d19       _emit_symbol               00469d19 f   lib:jcphuff.obj
 0001:00068d59       _emit_restart              00469d59 f   lib:jcphuff.obj
 0001:00068de2       _emit_eobrun               00469de2 f   lib:jcphuff.obj
 0001:00068e68       _encode_mcu_AC_first       00469e68 f   lib:jcphuff.obj
 0001:00068ffc       _encode_mcu_DC_refine      00469ffc f   lib:jcphuff.obj
 0001:000690b6       _encode_mcu_AC_refine      0046a0b6 f   lib:jcphuff.obj
 0001:000692cd       _finish_pass_phuff         0046a2cd f   lib:jcphuff.obj
 0001:0006931c       _finish_pass_gather_phuff  0046a31c f   lib:jcphuff.obj
 0001:000693df       _need_optimization_pass    0046a3df f   lib:jcphuff.obj
 0001:0006812f       _start_pass_huff           0046912f f   lib:jcshuff.obj
 0001:000682a4       _encode_mcu_huff           004692a4 f   lib:jcshuff.obj
 0001:000683af       _encode_one_block          004693af f   lib:jcshuff.obj
 0001:00068526       _emit_bits                 00469526 f   lib:jcshuff.obj
 0001:000685c9       _dump_buffer               004695c9 f   lib:jcshuff.obj
 0001:000685ed       _emit_restart              004695ed f   lib:jcshuff.obj
 0001:0006865a       _flush_bits                0046965a f   lib:jcshuff.obj
 0001:0006867e       _finish_pass_huff          0046967e f   lib:jcshuff.obj
 0001:000686ed       _encode_mcu_gather         004696ed f   lib:jcshuff.obj
 0001:000687a3       _htest_one_block           004697a3 f   lib:jcshuff.obj
 0001:0006886a       _finish_pass_gather        0046986a f   lib:jcshuff.obj
 0001:00068954       _need_optimization_pass    00469954 f   lib:jcshuff.obj
 0001:00067ac0       _start_pass_coef           00468ac0 f   lib:jccoefct.obj
 0001:00067b55       _start_iMCU_row            00468b55 f   lib:jccoefct.obj
 0001:00067b97       _compress_data             00468b97 f   lib:jccoefct.obj
 0001:00067d7e       _compress_first_pass       00468d7e f   lib:jccoefct.obj
 0001:00067f64       _compress_output           00468f64 f   lib:jccoefct.obj
 0001:000679d8       _calc_output_dimensions    004689d8 f   lib:jdlossls.obj
 0001:000679e9       _start_input_pass          004689e9 f   lib:jdlossls.obj
 0001:00067717       _calc_output_dimensions    00468717 f   lib:jdlossy.obj
 0001:0006788a       _start_input_pass          0046888a f   lib:jdlossy.obj
 0001:000678aa       _latch_quant_tables        004688aa f   lib:jdlossy.obj
 0001:00067942       _start_output_pass         00468942 f   lib:jdlossy.obj
 0001:00067666       _start_pass                00468666 f   lib:jclossls.obj
 0001:000675d2       _start_pass                004685d2 f   lib:jclossy.obj
 0001:00066b27       _initial_setup             00467b27 f   lib:jcmaster.obj
 0001:00066cda       _validate_script           00467cda f   lib:jcmaster.obj
 0001:000670b2       _prepare_for_pass          004680b2 f   lib:jcmaster.obj
 0001:0006722a       _select_scan_parameters    0046822a f   lib:jcmaster.obj
 0001:0006732b       _per_scan_setup            0046832b f   lib:jcmaster.obj
 0001:000674d6       _pass_startup              004684d6 f   lib:jcmaster.obj
 0001:000674fd       _finish_pass_master        004684fd f   lib:jcmaster.obj
 0001:00066613       _rgb_ycc_start             00467613 f   lib:jccolor.obj
 0001:000666d7       _rgb_ycc_convert           004676d7 f   lib:jccolor.obj
 0001:000667d6       _rgb_gray_convert          004677d6 f   lib:jccolor.obj
 0001:0006685b       _cmyk_ycck_convert         0046785b f   lib:jccolor.obj
 0001:00066993       _grayscale_convert         00467993 f   lib:jccolor.obj
 0001:000669ed       _null_convert              004679ed f   lib:jccolor.obj
 0001:00035455       _null_method               00436455 f   vid_dll.obj
 0001:00035455       _start_pass_downsample     00436455 f   vid_dll.obj
 0001:00065d5f       _sep_downsample            00466d5f f   lib:jcsample.obj
 0001:00065dd4       _int_downsample            00466dd4 f   lib:jcsample.obj
 0001:00065ecc       _expand_right_edge         00466ecc f   lib:jcsample.obj
 0001:00065f21       _fullsize_downsample       00466f21 f   lib:jcsample.obj
 0001:00065f65       _h2v1_downsample           00466f65 f   lib:jcsample.obj
 0001:00065ff9       _h2v2_downsample           00466ff9 f   lib:jcsample.obj
 0001:000660a6       _h2v2_smooth_downsample    004670a6 f   lib:jcsample.obj
 0001:0006631e       _fullsize_smooth_downsample 0046731e f   lib:jcsample.obj
 0001:0006575b       _start_pass_prep           0046675b f   lib:jcprepct.obj
 0001:00065799       _pre_process_data          00466799 f   lib:jcprepct.obj
 0001:00065947       _pre_process_context       00466947 f   lib:jcprepct.obj
 0001:00065b00       _create_context_buffer     00466b00 f   lib:jcprepct.obj
 0001:000655d3       _start_pass_main           004665d3 f   lib:jcmainct.obj
 0001:00065615       _process_data_simple_main  00466615 f   lib:jcmainct.obj
 0001:00064ba9       _create_colormap           00465ba9 f   lib:jquant1.obj
 0001:00064cdb       _select_ncolors            00465cdb f   lib:jquant1.obj
 0001:00064db2       _create_colorindex         00465db2 f   lib:jquant1.obj
 0001:00064ede       _alloc_fs_workspace        00465ede f   lib:jquant1.obj
 0001:00064f1a       _start_pass_1_quant        00465f1a f   lib:jquant1.obj
 0001:00064fe6       _create_odither_tables     00465fe6 f   lib:jquant1.obj
 0001:00065045       _make_odither_array        00466045 f   lib:jquant1.obj
 0001:000650a8       _color_quantize            004660a8 f   lib:jquant1.obj
 0001:00065133       _color_quantize3           00466133 f   lib:jquant1.obj
 0001:000651c1       _quantize_ord_dither       004661c1 f   lib:jquant1.obj
 0001:000652ac       _quantize3_ord_dither      004662ac f   lib:jquant1.obj
 0001:000653ac       _quantize_fs_dither        004663ac f   lib:jquant1.obj
 0001:00035455       _finish_pass_1_quant       00436455 f   vid_dll.obj
 0001:00065530       _new_color_map_1_quant     00466530 f   lib:jquant1.obj
 0001:00063b6a       _init_error_limit          00464b6a f   lib:jquant2.obj
 0001:00063c09       _start_pass_2_quant        00464c09 f   lib:jquant2.obj
 0001:00063d0b       _prescan_quantize          00464d0b f   lib:jquant2.obj
 0001:00063d7a       _pass2_no_dither           00464d7a f   lib:jquant2.obj
 0001:00063e27       _fill_inverse_cmap         00464e27 f   lib:jquant2.obj
 0001:00063ef2       _find_nearby_colors        00464ef2 f   lib:jquant2.obj
 0001:00064096       _find_best_colors          00465096 f   lib:jquant2.obj
 0001:000641b0       _pass2_fs_dither           004651b0 f   lib:jquant2.obj
 0001:0006441f       _finish_pass1              0046541f f   lib:jquant2.obj
 0001:00064441       _select_colors             00465441 f   lib:jquant2.obj
 0001:000644cd       _update_box                004654cd f   lib:jquant2.obj
 0001:00064867       _median_cut                00465867 f   lib:jquant2.obj
 0001:0006497b       _find_biggest_color_pop    0046597b f   lib:jquant2.obj
 0001:000649aa       _find_biggest_volume       004659aa f   lib:jquant2.obj
 0001:000649d3       _compute_color             004659d3 f   lib:jquant2.obj
 0001:00035455       _finish_pass2              00436455 f   vid_dll.obj
 0001:00064b0f       _new_color_map_2_quant     00465b0f f   lib:jquant2.obj
 0001:00063581       _build_ycc_rgb_table       00464581 f   lib:jdmerge.obj
 0001:00063631       _start_pass_merged_upsample 00464631 f   lib:jdmerge.obj
 0001:00063646       _merged_2v_upsample        00464646 f   lib:jdmerge.obj
 0001:000636ed       _merged_1v_upsample        004646ed f   lib:jdmerge.obj
 0001:0006371e       _h2v1_merged_upsample      0046471e f   lib:jdmerge.obj
 0001:00063874       _h2v2_merged_upsample      00464874 f   lib:jdmerge.obj
 0001:00063125       _build_ycc_rgb_table       00464125 f   lib:jdcolor.obj
 0001:000631d5       _ycc_rgb_convert           004641d5 f   lib:jdcolor.obj
 0001:000632e3       _null_convert              004642e3 f   lib:jdcolor.obj
 0001:0006335b       _grayscale_convert         0046435b f   lib:jdcolor.obj
 0001:0006337e       _gray_rgb_convert          0046437e f   lib:jdcolor.obj
 0001:000633d7       _ycck_cmyk_convert         004643d7 f   lib:jdcolor.obj
 0001:00035455       _start_pass_dcolor         00436455 f   vid_dll.obj
 0001:00062b86       _start_pass_upsample       00463b86 f   lib:jdsample.obj
 0001:00062ba0       _sep_upsample              00463ba0 f   lib:jdsample.obj
 0001:00062c6d       _fullsize_upsample         00463c6d f   lib:jdsample.obj
 0001:00062c78       _noop_upsample             00463c78 f   lib:jdsample.obj
 0001:00062c80       _int_upsample              00463c80 f   lib:jdsample.obj
 0001:00062d6a       _h2v1_upsample             00463d6a f   lib:jdsample.obj
 0001:00062dc1       _h2v2_upsample             00463dc1 f   lib:jdsample.obj
 0001:00062e33       _h2v1_fancy_upsample       00463e33 f   lib:jdsample.obj
 0001:00062ed6       _h2v2_fancy_upsample       00463ed6 f   lib:jdsample.obj
 0001:0006278f       _start_pass_dpost          0046378f f   lib:jdpostct.obj
 0001:00062835       _post_process_1pass        00463835 f   lib:jdpostct.obj
 0001:0006289a       _post_process_prepass      0046389a f   lib:jdpostct.obj
 0001:0006292b       _post_process_2pass        0046392b f   lib:jdpostct.obj
 0001:00062196       _alloc_funny_pointers      00463196 f   lib:jdmainct.obj
 0001:00062243       _start_pass_main           00463243 f   lib:jdmainct.obj
 0001:000622ab       _make_funny_pointers       004632ab f   lib:jdmainct.obj
 0001:000623eb       _process_data_simple_main  004633eb f   lib:jdmainct.obj
 0001:00062453       _process_data_context_main 00463453 f   lib:jdmainct.obj
 0001:00062565       _set_wraparound_pointers   00463565 f   lib:jdmainct.obj
 0001:0006264f       _set_bottom_pointers       0046364f f   lib:jdmainct.obj
 0001:000626e9       _process_data_crank_post   004636e9 f   lib:jdmainct.obj
 0001:00060f08       _write_marker_header       00461f08 f   lib:jcmarker.obj
 0001:00060f5e       _emit_byte                 00461f5e f   lib:jcmarker.obj
 0001:00060f8f       _write_marker_byte         00461f8f f   lib:jcmarker.obj
 0001:00060f9f       _write_file_header         00461f9f f   lib:jcmarker.obj
 0001:00060feb       _emit_jfif_app0            00461feb f   lib:jcmarker.obj
 0001:000610be       _emit_adobe_app14          004620be f   lib:jcmarker.obj
 0001:00061164       _write_frame_header        00462164 f   lib:jcmarker.obj
 0001:00061243       _emit_dqt                  00462243 f   lib:jcmarker.obj
 0001:00061332       _emit_sof                  00462332 f   lib:jcmarker.obj
 0001:0006140e       _write_scan_header         0046240e f   lib:jcmarker.obj
 0001:000614ce       _emit_dht                  004624ce f   lib:jcmarker.obj
 0001:000615a7       _emit_dri                  004625a7 f   lib:jcmarker.obj
 0001:000615f6       _emit_sos                  004625f6 f   lib:jcmarker.obj
 0001:000616e4       _write_file_trailer        004626e4 f   lib:jcmarker.obj
 0001:00061704       _write_tables_only         00462704 f   lib:jcmarker.obj
 0001:00060a5d       _use_merged_upsample       00461a5d f   lib:jdmaster.obj
 0001:00060b03       _master_selection          00461b03 f   lib:jdmaster.obj
 0001:00060c60       _prepare_range_limit_table 00461c60 f   lib:jdmaster.obj
 0001:00060ce6       _prepare_for_output_pass   00461ce6 f   lib:jdmaster.obj
 0001:00060e07       _finish_output_pass        00461e07 f   lib:jdmaster.obj
 0001:0005fed4       _alloc_small               00460ed4 f   lib:jmemmgr.obj
 0001:0005fff2       _alloc_large               00460ff2 f   lib:jmemmgr.obj
 0001:000600a3       _alloc_sarray              004610a3 f   lib:jmemmgr.obj
 0001:0006013b       _alloc_barray              0046113b f   lib:jmemmgr.obj
 0001:000601df       _alloc_darray              004611df f   lib:jmemmgr.obj
 0001:0006028a       _request_virt_sarray       0046128a f   lib:jmemmgr.obj
 0001:000602eb       _request_virt_barray       004612eb f   lib:jmemmgr.obj
 0001:0006034c       _realize_virt_arrays       0046134c f   lib:jmemmgr.obj
 0001:000604cf       _access_virt_sarray        004614cf f   lib:jmemmgr.obj
 0001:000605ef       _do_sarray_io              004615ef f   lib:jmemmgr.obj
 0001:0006067f       _access_virt_barray        0046167f f   lib:jmemmgr.obj
 0001:000607a4       _do_barray_io              004617a4 f   lib:jmemmgr.obj
 0001:00060835       _free_pool                 00461835 f   lib:jmemmgr.obj
 0001:0006091c       _self_destruct             0046191c f   lib:jmemmgr.obj
 0001:0005f96e       _start_input_pass          0046096e f   lib:jdinput.obj
 0001:0005f99c       _per_scan_setup            0046099c f   lib:jdinput.obj
 0001:0005fb22       _finish_input_pass         00460b22 f   lib:jdinput.obj
 0001:0005fb33       _consume_markers           00460b33 f   lib:jdinput.obj
 0001:0005fbcf       _initial_setup             00460bcf f   lib:jdinput.obj
 0001:0005fdd9       _reset_input_controller    00460dd9 f   lib:jdinput.obj
 0001:0005f727       _fixedtables               00460727 f   lib:inflate.obj
 0001:0005f811       _updatewindow              00460811 f   lib:inflate.obj
 0001:0005e187       _make_crc_table            0045f187 f   lib:crc32.obj
 0001:0005e2b3       _crc32_little              0045f2b3 f   lib:crc32.obj
 0001:0005e0c3       _init_destination          0045f0c3 f   lib:jdatadst.obj
 0001:0005e0e9       _empty_output_buffer       0045f0e9 f   lib:jdatadst.obj
 0001:0005e12b       _term_destination          0045f12b f   lib:jdatadst.obj
 0001:0005dc4a       _std_huff_tables           0045ec4a f   lib:jcparam.obj
 0001:0005dca4       _add_huff_table            0045eca4 f   lib:jcparam.obj
 0001:0005c197       _next_marker               0045d197 f   lib:jdmarker.obj
 0001:0005c2d1       _get_interesting_appn      0045d2d1 f   lib:jdmarker.obj
 0001:0005c3fc       _examine_app0              0045d3fc f   lib:jdmarker.obj
 0001:0005c60a       _examine_app14             0045d60a f   lib:jdmarker.obj
 0001:0005c6cb       _skip_variable             0045d6cb f   lib:jdmarker.obj
 0001:0005c76e       _read_markers              0045d76e f   lib:jdmarker.obj
 0001:0005c976       _get_soi                   0045d976 f   lib:jdmarker.obj
 0001:0005ca21       _get_sof                   0045da21 f   lib:jdmarker.obj
 0001:0005cd2a       _get_sos                   0045dd2a f   lib:jdmarker.obj
 0001:0005d018       _get_dht                   0045e018 f   lib:jdmarker.obj
 0001:0005d2b9       _get_dqt                   0045e2b9 f   lib:jdmarker.obj
 0001:0005d515       _get_dri                   0045e515 f   lib:jdmarker.obj
 0001:0005d5f4       _first_marker              0045e5f4 f   lib:jdmarker.obj
 0001:0005d690       _read_restart_marker       0045e690 f   lib:jdmarker.obj
 0001:0005d70e       _reset_marker_reader       0045e70e f   lib:jdmarker.obj
 0001:0005bf7b       _output_pass_setup         0045cf7b f   lib:jdapistd.obj
 0001:0005bc6e       _default_decompress_parms  0045cc6e f   lib:jdapimin.obj

 74 bytes saved through ICF

