 quake2

 Timestamp is 42ec94b1 (Sun Jul 31 13:06:57 2005)

 Preferred load address is 00400000

 Start         Length     Name                   Class
 0001:00000000 00060cc0H .text                   CODE
 0002:00000000 00000278H .idata$5                DATA
 0002:00000278 00006674H .rdata                  DATA
 0002:000068f0 00000044H .rdata$r                DATA
 0002:00006938 00000038H .xdata$x                DATA
 0002:00006970 00000078H .idata$2                DATA
 0002:000069e8 00000014H .idata$3                DATA
 0002:000069fc 00000278H .idata$4                DATA
 0002:00006c74 000007feH .idata$6                DATA
 0002:00007472 00000000H .edata                  DATA
 0003:00000000 00000004H .CRT$XCA                DATA
 0003:00000004 00000078H .CRT$XCU                DATA
 0003:0000007c 00000004H .CRT$XCZ                DATA
 0003:00000080 00000004H .CRT$XIA                DATA
 0003:00000084 00000004H .CRT$XIZ                DATA
 0003:00000090 0000d90cH .data                   DATA
 0003:0000d9a0 0047f654H .bss                    DATA
 0004:00000000 00000130H .rsrc$01                DATA
 0004:00000130 00003f20H .rsrc$02                DATA

  Address         Publics by Value              Rva+Base     Lib:Object

 0001:00000000       ??3@YAXPAX@Z               00401000 f i CoreMain.obj
 0001:0000000b       ?appInit@@YAXXZ            0040100b f   CoreMain.obj
 0001:0000006e       ?appExit@@YAXXZ            0040106e f   CoreMain.obj
 0001:00000073       ?appLoadDebugSymbols@@YAXXZ 00401073 f   DbgSymbols.obj
 0001:00000276       ?appSymbolName@@YA_NIPADH@Z 00401276 f   DbgSymbols.obj
 0001:00000362       ?appSymbolName@@YAPBDI@Z   00401362 f   DbgSymbols.obj
 0001:00000394       ?appMalloc@@YAPAXIH@Z      00401394 f   Memory.obj
 0001:00000442       ?appFree@@YAXPAX@Z         00401442 f   Memory.obj
 0001:00000470       ?Unlink@FMemHeader@@QAEXXZ 00401470 f i Memory.obj
 0001:0000049b       ?Link@CMemoryChain@@AAEXXZ 0040149b f   Memory.obj
 0001:000004ba       ?Unlink@CMemoryChain@@AAEXXZ 004014ba f   Memory.obj
 0001:000004e5       ??2CMemoryChain@@SAPAXIH@Z 004014e5 f   Memory.obj
 0001:00000557       ??3CMemoryChain@@SAXPAX@Z  00401557 f   Memory.obj
 0001:0000058a       ?Alloc@CMemoryChain@@QAEPAXIH@Z 0040158a f   Memory.obj
 0001:000005f4       ?appInitMemory@@YAXXZ      004015f4 f   Memory.obj
 0001:00000b3f       ?Write@COutputDeviceNull@@UAEXPBD@Z 00401b3f f i OutputDevice.obj
 0001:00000b42       ?appWPrintf@@YAXPBDZZ      00401b42 f   OutputDevice.obj
 0001:00000b93       ?appFatalError@@YAXPBDZZ   00401b93 f   ErrorMgr.obj
 0001:00000bcd       ?appNonFatalError@@YAXPBDZZ 00401bcd f   ErrorMgr.obj
 0001:00000c2b       ?appUnwindPrefix@@YAXPBD@Z 00401c2b f   ErrorMgr.obj
 0001:00000c82       ?appUnwindThrow@@YAXPBDZZ  00401c82 f   ErrorMgr.obj
 0001:00000d09       ?Reset@CErrorHandler@@QAEXXZ 00401d09 f   ErrorMgr.obj
 0001:00000d33       ?appInitError@@YAXXZ       00401d33 f   ErrorMgr.obj
 0001:00000df1       ?GetLine@CSimpleParser@@QAEPBDXZ 00401df1 f   ScriptParser.obj
 0001:00000f06       ?SkipBraces@CSimpleParser@@QAEPBDXZ 00401f06 f   ScriptParser.obj
 0001:00000f3c       ?appStricmp@@YAHPBD0@Z     00401f3c f   Strings.obj
 0001:00000f71       ?toLower@@YADD@Z           00401f71 f i Strings.obj
 0001:00000f88       ?appStrcpy@@YAXPADPBD@Z    00401f88 f   Strings.obj
 0001:00000f9b       ?appStrncpylwr@@YAXPADPBDH@Z 00401f9b f   Strings.obj
 0001:00000fd3       ?appStrncpyz@@YAXPADPBDH@Z 00401fd3 f   Strings.obj
 0001:00001000       ?appStrcatn@@YAXPADHPBD@Z  00402000 f   Strings.obj
 0001:0000102b       ?appCopyFilename@@YAXPADPBDH@Z 0040202b f   Strings.obj
 0001:000010c7       ?appCStrlen@@YAHPBD@Z      004020c7 f   Strings.obj
 0001:000010ec       ?appUncolorizeString@@YAXPADPBD@Z 004020ec f   Strings.obj
 0001:0000111c       ?va@@YAPBDPBDZZ            0040211c f   Strings.obj
 0001:000011b8       ?appSprintf@@YAHPADHPBDZZ  004021b8 f   Strings.obj
 0001:00001203       ?appMatchWildcard@@YA_NPBD0_N@Z 00402203 f   Strings.obj
 0001:00001383       ?appIsWildcard@@YA_NPBD@Z  00402383 f   Strings.obj
 0001:000013ad       ?CopyString@@YAPADPBD@Z    004023ad f   Strings.obj
 0001:000013ed       ?CopyString@@YAPADPBDPAVCMemoryChain@@@Z 004023ed f   Strings.obj
 0001:00001421       ??2CStringItem@@SAPAXIPBD@Z 00402421 f   Strings.obj
 0001:0000146a       ??2CStringItem@@SAPAXIPBDPAVCMemoryChain@@@Z 0040246a f   Strings.obj
 0001:000014a7       ?Find@CStringList@@IAEPAVCStringItem@@PBDPAPAV2@@Z 004024a7 f   Strings.obj
 0001:000014e3       ?Find@CStringList@@IAEPAVCStringItem@@H@Z 004024e3 f   Strings.obj
 0001:000014fc       ?IndexOf@CStringList@@QAEHPBD@Z 004024fc f   Strings.obj
 0001:00001529       ?Remove@CStringList@@QAE_NPAVCStringItem@@@Z 00402529 f   Strings.obj
 0001:00001555       ?Free@CStringList@@QAEXXZ  00402555 f   Strings.obj
 0001:0000156e       ?appMillisecondsf@@YANXZ   0040256e f   CoreWin32.obj
 0001:000015a7       ?appMilliseconds@@YAIXZ    004025a7 f   CoreWin32.obj
 0001:000015dc       ?cpuid@@YAXI@Z             004025dc f   CoreWin32.obj
 0001:000015ff       ?appInitPlatform@@YAXXZ    004025ff f   CoreWin32.obj
 0001:00001892       ?appShutdownPlatform@@YAXXZ 00402892 f   CoreWin32.obj
 0001:0000189b       ?osAddressInfo@@YA_NIPADHPAH@Z 0040289b f   DbgSymbolsWin32.obj
 0001:0000192f       ?osModuleInfo@@YA_NIPADHPAH@Z 0040292f f   DbgSymbolsWin32.obj
 0001:00001ad7       ?win32ExceptFilter@@YAHPAU_EXCEPTION_POINTERS@@@Z 00402ad7 f   ExceptFilterWin32.obj
 0001:0000200b       ?win32ExceptFilter2@@YAHXZ 0040300b f   ExceptFilterWin32.obj
 0001:00002017       ?SCR_StopCinematic@@YAXXZ  00403017 f   cl_cin.obj
 0001:000020ab       ?SCR_DrawCinematic@@YA_NXZ 004030ab f   cl_cin.obj
 0001:0000250c       ?SCR_PlayCinematic@@YAXPAD@Z 0040350c f   cl_cin.obj
 0001:0000287c       ?CL_Download_f@@YAX_NHPAPAD@Z 0040387c f   cl_download.obj
 0001:00002c2d       ?CL_ParseDownload@@YAXXZ   00403c2d f   cl_download.obj
 0001:0000343a       ?CL_Precache_f@@YAXHPAPAD@Z 0040443a f   cl_download.obj
 0001:00003498       ?CL_ParseDelta@@YAXPAUclEntityState_t@@0HI_N@Z 00404498 f   cl_ents.obj
 0001:00003618       ?CL_ParseFrame@@YAXXZ      00404618 f   cl_ents.obj
 0001:00003cc7       ?CL_AddEntityBox@@YAXPAUclEntityState_t@@I@Z 00404cc7 f   cl_ents.obj
 0001:00003dcb       ?Lerp@@YAXABUCVec3@@0MAAU1@@Z 00404dcb f i cl_ents.obj
 0001:00003e02       ?CL_OffsetThirdPersonView@@YAXXZ 00404e02 f   cl_ents.obj
 0001:00003eea       ?CL_AddEntities@@YAXXZ     00404eea f   cl_ents.obj
 0001:00004e1f       ?CL_ClearLightStyles@@YAXXZ 00405e1f f   cl_fx.obj
 0001:00004ea1       ?CL_SetLightstyle@@YAXHPBD@Z 00405ea1 f   cl_fx.obj
 0001:00004f02       ?CL_AllocDlight@@YAPAUcdlight_t@@HABUCVec3@@@Z 00405f02 f   cl_fx.obj
 0001:00004f6b       ?CL_AllocParticleTrace@@YAPAUparticleTrace_t@@ABUCVec3@@0MM@Z 00405f6b f   cl_fx.obj
 0001:00004ffa       ?CL_AllocParticleBeam@@YAPAUbeam_t@@ABUCVec3@@0MM@Z 00405ffa f   cl_fx.obj
 0001:0000506e       ?CL_AllocParticle@@YAPAUparticle_t@@XZ 0040606e f   cl_fx.obj
 0001:000050c1       ?CL_MetalSparks@@YAXABUCVec3@@0H@Z 004060c1 f   cl_fx.obj
 0001:000051ae       ?CL_AddEffects@@YAXXZ      004061ae f   cl_fx.obj
 0001:00005892       ?CL_ClearEffects@@YAXXZ    00406892 f   cl_fx.obj
 0001:00005914       ?CL_EntityEvent@@YAXPAUclEntityState_t@@@Z 00406914 f   cl_fx.obj
 0001:00005ad5       ?CL_ParseMuzzleFlash@@YAXXZ 00406ad5 f   cl_fx.obj
 0001:00005e52       ?CL_ParseMuzzleFlash2@@YAXXZ 00406e52 f   cl_fx.obj
 0001:000062d6       ?CL_ParticleEffect@@YAXABUCVec3@@0HH@Z 004072d6 f   cl_fx.obj
 0001:00006480       ?CL_ParticleEffect2@@YAXABUCVec3@@0HH@Z 00407480 f   cl_fx.obj
 0001:000064a8       ?CL_ParticleEffect3@@YAXABUCVec3@@0HH@Z 004074a8 f   cl_fx.obj
 0001:000064d0       ?CL_TeleporterParticles@@YAXPAUclEntityState_t@@@Z 004074d0 f   cl_fx.obj
 0001:000064ef       ?CL_LogoutEffect@@YAXABUCVec3@@H@Z 004074ef f   cl_fx.obj
 0001:00006525       ?CL_ItemRespawnParticles@@YAXABUCVec3@@@Z 00407525 f   cl_fx.obj
 0001:00006540       ?CL_ExplosionParticles@@YAXABUCVec3@@@Z 00407540 f   cl_fx.obj
 0001:0000655e       ?CL_BFGExplosionParticles@@YAXABUCVec3@@@Z 0040755e f   cl_fx.obj
 0001:0000657c       ?CL_TrackerExplosionParticles@@YAXABUCVec3@@@Z 0040757c f   cl_fx.obj
 0001:0000659a       ?CL_BlasterParticles@@YAXABUCVec3@@0I@Z 0040759a f   cl_fx.obj
 0001:000065c0       ?CL_BlasterTrail@@YAXAAUcentity_t@@@Z 004075c0 f   cl_fx.obj
 0001:000066c3       ?CL_BlasterTrail2@@YAXAAUcentity_t@@@Z 004076c3 f   cl_fx.obj
 0001:000066d6       ?CL_FlagTrail@@YAXAAUcentity_t@@H@Z 004076d6 f   cl_fx.obj
 0001:000066f2       ?CL_RocketTrail@@YAXAAUcentity_t@@@Z 004076f2 f   cl_fx.obj
 0001:00006731       ?CL_BubbleTrail@@YAXABUCVec3@@0@Z 00407731 f   cl_fx.obj
 0001:000067cb       ?CL_BubbleTrail2@@YAXABUCVec3@@0@Z 004077cb f   cl_fx.obj
 0001:000067e3       ?CL_TagTrail@@YAXAAUcentity_t@@@Z 004077e3 f   cl_fx.obj
 0001:000067f6       ?CL_DebugTrail@@YAXABUCVec3@@0@Z 004077f6 f   cl_fx.obj
 0001:0000680e       ?CL_ForceWall@@YAXABUCVec3@@0H@Z 0040780e f   cl_fx.obj
 0001:0000682f       ?CL_BigTeleportParticles@@YAXABUCVec3@@@Z 0040782f f   cl_fx.obj
 0001:00006961       ?CL_BfgParticles@@YAXABUCVec3@@@Z 00407961 f   cl_fx.obj
 0001:00006ac9       ?CL_FlyEffect@@YAXAAUcentity_t@@@Z 00407ac9 f   cl_fx.obj
 0001:00006c55       ?CL_DiminishingTrail@@YAXAAUcentity_t@@H@Z 00407c55 f   cl_fx.obj
 0001:00006daf       ?CL_RailTrail@@YAXABUCVec3@@0@Z 00407daf f   cl_fx.obj
 0001:00006f16       ?CL_RailTrailExt@@YAXABUCVec3@@0EE@Z 00407f16 f   cl_fx.obj
 0001:0000705b       ?CL_IonripperTrail@@YAXAAUcentity_t@@@Z 0040805b f   cl_fx.obj
 0001:000071aa       ?CL_TrapParticles@@YAXABUCVec3@@@Z 004081aa f   cl_fx.obj
 0001:0000733e       ?CL_TeleportParticles@@YAXABUCVec3@@@Z 0040833e f   cl_fx.obj
 0001:00007474       ?CL_Heatbeam@@YAXABUCVec3@@0@Z 00408474 f   cl_fx.obj
 0001:0000771c       ?CL_ParticleSteamEffect@@YAXABUCVec3@@0HHH@Z 0040871c f   cl_fx.obj
 0001:00007848       ?CL_ParticleSmokeEffect@@YAXABUCVec3@@0@Z 00408848 f   cl_fx.obj
 0001:00007953       ?CL_TrackerTrail@@YAXAAUcentity_t@@@Z 00408953 f   cl_fx.obj
 0001:00007ad1       ?CL_TrackerShell@@YAXABUCVec3@@@Z 00408ad1 f   cl_fx.obj
 0001:00007b5d       ?CL_MonsterPlasmaShell@@YAXABUCVec3@@@Z 00408b5d f   cl_fx.obj
 0001:00007be6       ?CL_WidowSplash@@YAXABUCVec3@@@Z 00408be6 f   cl_fx.obj
 0001:00007cb7       ?IN_CenterView@@YAXXZ      00408cb7 f   cl_input.obj
 0001:00007cd8       ?CL_InitInput@@YAXXZ       00408cd8 f   cl_input.obj
 0001:00008274       ?CL_SendCmd@@YAXXZ         00409274 f   cl_input.obj
 0001:000088f2       ?CL_WriteDemoMessage@@YAXXZ 004098f2 f   cl_main.obj
 0001:00008934       ?Cmd_ForwardToServer@@YAXHPAPAD@Z 00409934 f   cl_main.obj
 0001:000089f7       ?CL_ForwardToServer_f@@YAXHPAPAD@Z 004099f7 f   cl_main.obj
 0001:00008a3f       ?CL_Pause@@YAX_N@Z         00409a3f f   cl_main.obj
 0001:00008a81       ?CL_Quit_f@@YAXXZ          00409a81 f   cl_main.obj
 0001:00008a8b       ?CL_Drop@@YAX_N@Z          00409a8b f   cl_main.obj
 0001:00008ab2       ?CL_SendConnectPacket@@YAXXZ 00409ab2 f   cl_main.obj
 0001:00008b67       ?CL_CheckForResend@@YAXXZ  00409b67 f   cl_main.obj
 0001:00008c6c       ?CL_Connect_f@@YAX_NHPAPAD@Z 00409c6c f   cl_main.obj
 0001:00008cef       ?CL_Rcon_f@@YAXHPAPAD@Z    00409cef f   cl_main.obj
 0001:00008df7       ?CL_Disconnect@@YAXXZ      00409df7 f   cl_main.obj
 0001:00008f99       ?CL_Disconnect_f@@YAXXZ    00409f99 f   cl_main.obj
 0001:00008fa3       ?CL_Changing_f@@YAXXZ      00409fa3 f   cl_main.obj
 0001:00008fc7       ?CL_Reconnect_f@@YAXXZ     00409fc7 f   cl_main.obj
 0001:00009063       ?CL_PingServers_f@@YAXXZ   0040a063 f   cl_main.obj
 0001:000091ce       ?CL_Skins_f@@YAXXZ         0040a1ce f   cl_main.obj
 0001:000094e1       ?CL_ConnectionlessPacket@@YAXXZ 0040a4e1 f   cl_main.obj
 0001:000095e1       ?CL_ReadPackets@@YAXXZ     0040a5e1 f   cl_main.obj
 0001:00009724       ?CL_Userinfo_f@@YAXXZ      0040a724 f   cl_main.obj
 0001:0000973c       ?CL_RegisterSounds@@YAXXZ  0040a73c f   cl_main.obj
 0001:0000977b       ?CL_Snd_Restart_f@@YAXXZ   0040a77b f   cl_main.obj
 0001:0000978a       ?CL_WriteConfiguration@@YAXPBD@Z 0040a78a f   cl_main.obj
 0001:00009845       ?CL_WriteConfig_f@@YAX_NHPAPAD@Z 0040a845 f   cl_main.obj
 0001:000098a4       ?CL_FixCvarCheats@@YAXXZ   0040a8a4 f   cl_main.obj
 0001:000098fe       ?CL_Frame@@YAXMM@Z         0040a8fe f   cl_main.obj
 0001:00009afe       ?CL_ClearState@@YAXXZ      0040aafe f   cl_main.obj
 0001:00009b3c       ?CL_Init@@YAXXZ            0040ab3c f   cl_main.obj
 0001:0000a013       ?CL_Shutdown@@YAX_N@Z      0040b013 f   cl_main.obj
 0001:0000a068       ?CL_ParseClientinfo@@YAXH@Z 0040b068 f   cl_parse.obj
 0001:0000a11d       ?CL_UpdatePlayerClientInfo@@YAXXZ 0040b11d f   cl_parse.obj
 0001:0000a15e       ?CL_ParseServerMessage@@YAXXZ 0040b15e f   cl_parse.obj
 0001:0000a92a       ?FreePlayerModelsInfo@@YAXXZ 0040b92a f   cl_playermodel.obj
 0001:0000a950       ?ScanQuake3Models@@YAXPBD@Z 0040b950 f   cl_playermodel.obj
 0001:0000aacf       ?ScanPlayerModels@@YA_NXZ  0040bacf f   cl_playermodel.obj
 0001:0000ad8a       ?RunAnimation@@YAXAAUclientInfo_t@@AAUanimState_t@@H@Z 0040bd8a f   cl_playermodel.obj
 0001:0000af6b       ?CL_LoadClientinfo@@YAXAAUclientInfo_t@@PBD_N@Z 0040bf6b f   cl_playermodel.obj
 0001:0000bb1f       ?ParsePlayerEntity@@YAHAAUcentity_t@@AAUclientInfo_t@@PAUclEntityState_t@@ABUentity_t@@PAU4@HH@Z 0040cb1f f   cl_playermodel.obj
 0001:0000c675       ?Insert@?$TList@VplayerModelInfo_t@@@@QAE_NPAVplayerModelInfo_t@@@Z 0040d675 f i cl_playermodel.obj
 0001:0000c675       ?Insert@?$TList@VCStringItem@@@@QAE_NPAVCStringItem@@@Z 0040d675 f i cl_playermodel.obj
 0001:0000c675       ?Insert@?$TList@VshaderScript_t@OpenGLDrv@@@@QAE_NPAVshaderScript_t@OpenGLDrv@@@Z 0040d675 f i cl_playermodel.obj
 0001:0000c6ab       ?CL_CheckPredictionError@@YAXXZ 0040d6ab f   cl_pred.obj
 0001:0000c841       ?CL_EntityTrace@@YAXAAUtrace_t@@ABUCVec3@@1ABUCBox@@H@Z 0040d841 f   cl_pred.obj
 0001:0000cbda       ?CL_Trace@@YAXAAUtrace_t@@ABUCVec3@@1ABUCBox@@H@Z 0040dbda f   cl_pred.obj
 0001:0000cc56       ?CL_PMpointcontents@@YAHABUCVec3@@@Z 0040dc56 f   cl_pred.obj
 0001:0000cde2       ?CL_PredictMovement@@YAXXZ 0040dde2 f   cl_pred.obj
 0001:0000d192       ?DrawString@@YAXHHPBD@Z    0040e192 f   cl_scrn.obj
 0001:0000d1d7       ?SCR_DebugGraph@@YAXMH@Z   0040e1d7 f   cl_scrn.obj
 0001:0000d1ff       ?SCR_CenterPrint@@YAXPBD@Z 0040e1ff f   cl_scrn.obj
 0001:0000d305       ?Key_Message@@YAXH@Z       0040e305 f   cl_scrn.obj
 0001:0000d3a1       ?SCR_SetLevelshot@@YAXPBD@Z 0040e3a1 f   cl_scrn.obj
 0001:0000d494       ?SCR_BeginLoadingPlaque@@YAXXZ 0040e494 f   cl_scrn.obj
 0001:0000d519       ?SCR_EndLoadingPlaque@@YAX_N@Z 0040e519 f   cl_scrn.obj
 0001:0000d59e       ?SCR_ShowConsole@@YAX_N0@Z 0040e59e f   cl_scrn.obj
 0001:0000d674       ?SCR_ToggleConsole@@YAXXZ  0040e674 f   cl_scrn.obj
 0001:0000d69c       ?SCR_TouchPics@@YAXXZ      0040e69c f   cl_scrn.obj
 0001:0000d6fb       ?SCR_UpdateScreen@@YAXXZ   0040e6fb f   cl_scrn.obj
 0001:0000e952       ?SCR_Init@@YAXXZ           0040f952 f   cl_scrn.obj
 0001:0000eccc       ?CL_RegisterTEntSounds@@YAXXZ 0040fccc f   cl_tent.obj
 0001:0000ef11       ?CL_RegisterTEntModels@@YAXXZ 0040ff11 f   cl_tent.obj
 0001:0000f05e       ?CL_ClearTEnts@@YAXXZ      0041005e f   cl_tent.obj
 0001:0000f08f       ?CL_SmokeAndFlash@@YAXABUCVec3@@@Z 0041008f f   cl_tent.obj
 0001:0000f225       ?CL_ParsePlayerBeam@@YAHPAVCRenderModel@@@Z 00410225 f   cl_tent.obj
 0001:0000f330       ?CL_ParseLightning@@YAHPAVCRenderModel@@@Z 00410330 f   cl_tent.obj
 0001:0000f3f2       ?CL_ParseWidow@@YAXXZ      004103f2 f   cl_tent.obj
 0001:0000f528       ?CL_ParseNuke@@YAXXZ       00410528 f   cl_tent.obj
 0001:0000f63b       ?CL_ParseTEnt@@YAXXZ       0041063b f   cl_tent.obj
 0001:00010422       ?CL_AddBeams@@YAXXZ        00411422 f   cl_tent.obj
 0001:00010624       ?CL_AddPlayerBeams@@YAXXZ  00411624 f   cl_tent.obj
 0001:00010c2b       ?CL_AddTEnts@@YAXXZ        00411c2b f   cl_tent.obj
 0001:00010e2b       ?V_AddEntity@@YAXPAUentity_t@@@Z 00411e2b f   cl_view.obj
 0001:00010e66       ?V_AddEntity2@@YAXPAUentity_t@@@Z 00411e66 f   cl_view.obj
 0001:00010e95       ?AddEntityWithEffects2@@YAXPAUentity_t@@I@Z 00411e95 f   cl_view.obj
 0001:00010f51       ?AddEntityWithEffects@@YAXPAUentity_t@@I@Z 00411f51 f   cl_view.obj
 0001:00010f70       ?V_AddLight@@YAXABUCVec3@@MMMM@Z 00411f70 f   cl_view.obj
 0001:00010fb5       ?V_TestEntities@@YAXXZ     00411fb5 f   cl_view.obj
 0001:000110e2       ?V_TestLights@@YAXXZ       004120e2 f   cl_view.obj
 0001:000111b8       ?V_InitRenderer@@YAXXZ     004121b8 f   cl_view.obj
 0001:00011593       ?CalcFov@@YAMMMM@Z         00412593 f   cl_view.obj
 0001:00011601       ?V_RenderView@@YA_NXZ      00412601 f   cl_view.obj
 0001:0001224d       ?V_Init@@YAXXZ             0041324d f   cl_view.obj
 0001:000122fc       ?Con_ClearNotify@@YAXXZ    004132fc f   console.obj
 0001:0001230b       ?Con_CheckResize@@YAXXZ    0041330b f   console.obj
 0001:00012432       ?Con_Print@@YAXPBD@Z       00413432 f   console.obj
 0001:0001272a       ?Con_DrawNotify@@YAX_N@Z   0041372a f   console.obj
 0001:00012842       ?Con_DrawConsole@@YAXM@Z   00413842 f   console.obj
 0001:00012c19       ?Con_ClearTyping@@YAXXZ    00413c19 f   console.obj
 0001:00012c32       ?Key_Console@@YAXHH@Z      00413c32 f   console.obj
 0001:0001307a       ?Con_Init@@YAXXZ           0041407a f   console.obj
 0001:000131f1       ?Key_KeynumToString@@YAPBDH@Z 004141f1 f   keys.obj
 0001:000132b1       ?Draw@completeMenu_t@@UAEXXZ 004142b1 f i keys.obj
 0001:000132e2       ?KeyDown@completeMenu_t@@UAEPBDH@Z 004142e2 f i keys.obj
 0001:0001330b       ?Init@completeMenu_t@@UAE_NXZ 0041430b f i keys.obj
 0001:00013432       ?CompleteMenuCallback@completeMenu_t@@SAXPAX@Z 00414432 f i keys.obj
 0001:000134c0       ?CompleteCommand@@YAXXZ    004144c0 f   keys.obj
 0001:00013bf5       ?Key_SetBinding@@YAXHPBD@Z 00414bf5 f   keys.obj
 0001:00013c33       ?Key_FindBinding@@YAHPBDPAHH@Z 00414c33 f   keys.obj
 0001:00013c81       ?Key_WriteBindings@@YAXPAU_iobuf@@@Z 00414c81 f   keys.obj
 0001:00013cc9       ?Key_Init@@YAXXZ           00414cc9 f   keys.obj
 0001:00013fad       ?Key_Event@@YAXH_N@Z       00414fad f   keys.obj
 0001:00014306       ?Key_ClearStates@@YAXXZ    00415306 f   keys.obj
 0001:0001433b       ?M_ForceMenuOn@@YAXXZ      0041533b f   menu.obj
 0001:0001435a       ?Draw@menuMain_t@@UAEXXZ   0041535a f i menu.obj
 0001:00014488       ?KeyDown@menuMain_t@@UAEPBDH@Z 00415488 f i menu.obj
 0001:00014544       ?Init@menuMain_t@@UAE_NXZ  00415544 f i menu.obj
 0001:0001454c       ?M_Menu_Main_f@@YAXXZ      0041554c f   menu.obj
 0001:00014566       ?Init@multiplayerMenu_t@@UAE_NXZ 00415566 f i menu.obj
 0001:0001468a       ?Init@keysMenu_t@@UAE_NXZ  0041568a f i menu.obj
 0001:0001486f       ?KeyCursorDrawFunc@keysMenu_t@@SAXPAUmenuFramework_t@@@Z 0041586f f i menu.obj
 0001:000148af       ?DrawKeyBindingFunc@keysMenu_t@@SAXPAX@Z 004158af f i menu.obj
 0001:00014976       ?KeyDown@keysMenu_t@@UAEPBDH@Z 00415976 f i menu.obj
 0001:00014a23       ?UnbindCommand@keysMenu_t@@QAEXPAD@Z 00415a23 f i menu.obj
 0001:00014a68       ?KeyBindingFunc@keysMenu_t@@QAEXPAX@Z 00415a68 f i menu.obj
 0001:00014ac7       ?Init@optionsMenu_t@@UAE_NXZ 00415ac7 f i menu.obj
 0001:00014f25       ?CrosshairFunc@optionsMenu_t@@SAXPAX@Z 00415f25 f i menu.obj
 0001:00014f4d       ?JoystickFunc@optionsMenu_t@@SAXPAX@Z 00415f4d f i menu.obj
 0001:00014f62       ?AlwaysRunFunc@optionsMenu_t@@SAXPAX@Z 00415f62 f i menu.obj
 0001:00014f77       ?FreeLookFunc@optionsMenu_t@@SAXPAX@Z 00415f77 f i menu.obj
 0001:00014f8c       ?MouseSpeedFunc@optionsMenu_t@@SAXPAX@Z 00415f8c f i menu.obj
 0001:00014fa9       ?InvertMouseFunc@optionsMenu_t@@SAXPAX@Z 00415fa9 f i menu.obj
 0001:00014fc4       ?LookspringFunc@optionsMenu_t@@SAXPAX@Z 00415fc4 f i menu.obj
 0001:00014fe0       ?LookstrafeFunc@optionsMenu_t@@SAXPAX@Z 00415fe0 f i menu.obj
 0001:00014ffc       ?UpdateVolumeFunc@optionsMenu_t@@SAXPAX@Z 00415ffc f i menu.obj
 0001:00015019       ?UpdateCDVolumeFunc@optionsMenu_t@@SAXPAX@Z 00416019 f i menu.obj
 0001:00015033       ?SetMenuItemValues@optionsMenu_t@@SAXXZ 00416033 f i menu.obj
 0001:00015211       ?ResetDefaultsFunc@optionsMenu_t@@SAXPAX@Z 00416211 f i menu.obj
 0001:00015226       ?UpdateSoundFunc@optionsMenu_t@@SAXPAX@Z 00416226 f i menu.obj
 0001:00015429       ?ScanCrosshairs@optionsMenu_t@@SAXXZ 00416429 f i menu.obj
 0001:00015486       ?Draw@optionsMenu_t@@UAEXXZ 00416486 f i menu.obj
 0001:000154eb       ?Draw@creditsMenu_t@@UAEXXZ 004164eb f i menu.obj
 0001:00015592       ?KeyDown@creditsMenu_t@@UAEPBDH@Z 00416592 f i menu.obj
 0001:000155cd       ?Init@creditsMenu_t@@UAE_NXZ 004165cd f i menu.obj
 0001:00015695       ?Init@gameMenu_t@@UAE_NXZ  00416695 f i menu.obj
 0001:00015820       ?EasyGameFunc@gameMenu_t@@SAXPAX@Z 00416820 f i menu.obj
 0001:0001582c       ?StartGame@gameMenu_t@@SAXPBD@Z 0041682c f i menu.obj
 0001:00015884       ?MediumGameFunc@gameMenu_t@@SAXPAX@Z 00416884 f i menu.obj
 0001:00015890       ?HardGameFunc@gameMenu_t@@SAXPAX@Z 00416890 f i menu.obj
 0001:000158ac       ?Init@savegameMenu_t@@UAE_NXZ 004168ac f i menu.obj
 0001:000159bc       ?Create_Savestrings@savegameMenu_t@@QAEXXZ 004169bc f i menu.obj
 0001:00015a77       ?LoadGameCallback@savegameMenu_t@@SAXPAX@Z 00416a77 f i menu.obj
 0001:00015aa0       ?SaveGameCallback@savegameMenu_t@@SAXPAX@Z 00416aa0 f i menu.obj
 0001:00015abf       ?Draw@savegameMenu_t@@UAEXXZ 00416abf f i menu.obj
 0001:00015ada       ?DrawSavegameShot@savegameMenu_t@@QAEXHH@Z 00416ada f i menu.obj
 0001:00015bbf       ?Init@joinserverMenu_t@@UAE_NXZ 00416bbf f i menu.obj
 0001:00015ce8       ?JoinServerFunc@joinserverMenu_t@@SAXPAX@Z 00416ce8 f i menu.obj
 0001:00015d4a       ?SearchLocalGames@joinserverMenu_t@@SAXXZ 00416d4a f i menu.obj
 0001:00015db5       ?M_AddToServerList@@YAXUnetadr_t@@PAD@Z 00416db5 f   menu.obj
 0001:00015e38       ?Init@startserverMenu_t@@UAE_NXZ 00416e38 f i menu.obj
 0001:000162da       ?DMOptionsFunc@startserverMenu_t@@SAXPAX@Z 004172da f i menu.obj
 0001:000162ea       ?RulesChangeFunc@startserverMenu_t@@SAXPAX@Z 004172ea f i menu.obj
 0001:00016364       ?StartServerActionFunc@startserverMenu_t@@SAXPAX@Z 00417364 f i menu.obj
 0001:0001638f       ?StartServerFunc@startserverMenu_t@@SAXPAD@Z 0041738f f i menu.obj
 0001:000165c6       ?KeyDown@startserverMenu_t@@UAEPBDH@Z 004175c6 f i menu.obj
 0001:00016623       ?Init@dmoptionsMenu_t@@UAE_NXZ 00417623 f i menu.obj
 0001:00016c02       ?DMFlagCallback@dmoptionsMenu_t@@SAXPAX@Z 00417c02 f i menu.obj
 0001:00016ddd       ?Init@downloadOptionsMenu_t@@UAE_NXZ 00417ddd f i menu.obj
 0001:00016fa8       ?DownloadCallback@downloadOptionsMenu_t@@SAXPAX@Z 00417fa8 f i menu.obj
 0001:00017013       ?Init@addressBookMenu_t@@UAE_NXZ 00418013 f i menu.obj
 0001:000170bb       ?KeyDown@addressBookMenu_t@@UAEPBDH@Z 004180bb f i menu.obj
 0001:00017118       ?Init@playerConfigMenu_t@@UAE_NXZ 00418118 f i menu.obj
 0001:0001765f       ?HandednessCallback@playerConfigMenu_t@@SAXPAX@Z 0041865f f i menu.obj
 0001:00017674       ?RTypeCallback@playerConfigMenu_t@@SAXPAX@Z 00418674 f i menu.obj
 0001:00017689       ?RColorCallback@playerConfigMenu_t@@SAXPAX@Z 00418689 f i menu.obj
 0001:0001769e       ?RateCallback@playerConfigMenu_t@@SAXPAX@Z 0041869e f i menu.obj
 0001:000176c1       ?ModelCallback@playerConfigMenu_t@@SAXPAX@Z 004186c1 f i menu.obj
 0001:000176f5       ?SkinCallback@playerConfigMenu_t@@SAXPAX@Z 004186f5 f i menu.obj
 0001:000176fd       ?Draw@playerConfigMenu_t@@UAEXXZ 004186fd f i menu.obj
 0001:000179d5       ?KeyDown@playerConfigMenu_t@@UAEPBDH@Z 004189d5 f i menu.obj
 0001:00017ab4       ?Init@dmbrowseMenu_t@@UAE_NXZ 00418ab4 f i menu.obj
 0001:00017cba       ?KeyDown@dmbrowseMenu_t@@UAEPBDH@Z 00418cba f i menu.obj
 0001:00017e7e       ?Draw@dmbrowseMenu_t@@UAEXXZ 00418e7e f i menu.obj
 0001:00017fc3       ?DrawThumbnail@dmbrowseMenu_t@@SAXHHHHPAD_N@Z 00418fc3 f i menu.obj
 0001:000180aa       ?Init@videoMenu_t@@UAE_NXZ 004190aa f i menu.obj
 0001:00018663       ?ScreenSizeCallback@videoMenu_t@@SAXPAX@Z 00419663 f i menu.obj
 0001:00018681       ?BrightnessCallback@videoMenu_t@@SAXPAX@Z 00419681 f i menu.obj
 0001:0001869f       ?ContrastCallback@videoMenu_t@@SAXPAX@Z 0041969f f i menu.obj
 0001:000186d8       ?CancelChanges@videoMenu_t@@SAXPAX@Z 004196d8 f i menu.obj
 0001:000186f9       ?KeyDown@videoMenu_t@@UAEPBDH@Z 004196f9 f i menu.obj
 0001:00018740       ?ApplyChanges@videoMenu_t@@SAXPAX@Z 00419740 f i menu.obj
 0001:000188f7       ?KeyDown@quitMenu_t@@UAEPBDH@Z 004198f7 f i menu.obj
 0001:0001892f       ?Draw@quitMenu_t@@UAEXXZ   0041992f f i menu.obj
 0001:0001899f       ?M_Init@@YAXXZ             0041999f f   menu.obj
 0001:00018b81       ?ItemAtCursor@menuFramework_t@@QAEPAUmenuCommon_t@@XZ 00419b81 f   qmenu.obj
 0001:00018bd5       ?AddItem@menuFramework_t@@QAEXPAUmenuCommon_t@@@Z 00419bd5 f   qmenu.obj
 0001:00018c91       ?AdjustCursor@menuFramework_t@@QAEXH@Z 00419c91 f   qmenu.obj
 0001:00018e00       ?Center@menuFramework_t@@QAEXXZ 00419e00 f   qmenu.obj
 0001:00018e41       ?Draw@menuFramework_t@@UAEXXZ 00419e41 f   qmenu.obj
 0001:000193f9       ?SelectItem@menuFramework_t@@QAE_NXZ 0041a3f9 f   qmenu.obj
 0001:00019457       ?SetStatusBar@menuFramework_t@@QAEXPBD@Z 0041a457 f   qmenu.obj
 0001:00019461       ?SlideItem@menuFramework_t@@QAEXH@Z 0041a461 f   qmenu.obj
 0001:000199de       ?Push@menuFramework_t@@QAEXXZ 0041a9de f   qmenu.obj
 0001:00019a66       ?M_ForceMenuOff@@YAXXZ     0041aa66 f   qmenu.obj
 0001:00019a93       ?Pop@menuFramework_t@@QAEXXZ 0041aa93 f   qmenu.obj
 0001:00019acd       ?KeyDown@menuFramework_t@@UAEPBDH@Z 0041aacd f   qmenu.obj
 0001:00019d41       ?Init@menuFramework_t@@UAE_NXZ 0041ad41 f   qmenu.obj
 0001:00019d44       ?M_Draw@@YAXXZ             0041ad44 f   qmenu.obj
 0001:00019d7f       ?M_Keydown@@YAXH@Z         0041ad7f f   qmenu.obj
 0001:00019d9e       ?InitRendererVars@@YAXXZ   0041ad9e f   ref_vars.obj
 0001:00019dbd       ?S_SoundInfo_f@@YAXXZ      0041adbd f   snd_dma.obj
 0001:00019e47       ?S_Init@@YAXXZ             0041ae47 f   snd_dma.obj
 0001:00019f19       ?S_Shutdown@@YAXXZ         0041af19 f   snd_dma.obj
 0001:00019fac       ?S_BeginRegistration@@YAXXZ 0041afac f   snd_dma.obj
 0001:00019fba       ?S_RegisterSound@@YAPAUsfx_t@@PBD@Z 0041afba f   snd_dma.obj
 0001:0001a150       ?S_EndRegistration@@YAXXZ  0041b150 f   snd_dma.obj
 0001:0001a1e8       ?S_PickChannel@@YAPAUchannel_t@@HH@Z 0041b1e8 f   snd_dma.obj
 0001:0001a275       ?S_Spatialize@@YAXPAUchannel_t@@@Z 0041b275 f   snd_dma.obj
 0001:0001a455       ?S_AllocPlaysound@@YAPAUplaysound_t@@XZ 0041b455 f   snd_dma.obj
 0001:0001a477       ?S_FreePlaysound@@YAXPAUplaysound_t@@@Z 0041b477 f   snd_dma.obj
 0001:0001a4a7       ?S_IssuePlaysound@@YAXPAUplaysound_t@@@Z 0041b4a7 f   snd_dma.obj
 0001:0001a574       ?S_StartSound@@YAXPBUCVec3@@HHPAUsfx_t@@MMM@Z 0041b574 f   snd_dma.obj
 0001:0001a930       ?S_StartLocalSound@@YAXPBD@Z 0041b930 f   snd_dma.obj
 0001:0001a97f       ?S_ClearBuffer@@YAXXZ      0041b97f f   snd_dma.obj
 0001:0001a9e8       ?S_StopAllSounds_f@@YAXXZ  0041b9e8 f   snd_dma.obj
 0001:0001aa58       ?S_AddLoopSounds@@YAXXZ    0041ba58 f   snd_dma.obj
 0001:0001ac2e       ?S_RawSamples@@YAXHHHHPAE@Z 0041bc2e f   snd_dma.obj
 0001:0001ae32       ?S_Update@@YAXABUCVec3@@0@Z 0041be32 f   snd_dma.obj
 0001:0001af15       ?GetSoundtime@@YAXXZ       0041bf15 f   snd_dma.obj
 0001:0001af7c       ?S_Update_@@YAXXZ          0041bf7c f   snd_dma.obj
 0001:0001b22f       ?ResampleSfx@@YAXPAUsfx_t@@HHPAE@Z 0041c22f f   snd_mem.obj
 0001:0001b34a       ?S_LoadSound@@YAPAUsfxcache_t@@PAUsfx_t@@@Z 0041c34a f   snd_mem.obj
 0001:0001b482       ?GetWavinfo@@YA?AUwavinfo_t@@PADPAEH@Z 0041c482 f   snd_mem.obj
 0001:0001b6c4       ?S_WriteLinearBlastStereo16@@YAXXZ 0041c6c4 f   snd_mix.obj
 0001:0001b738       ?S_TransferStereo16@@YAXPAKH@Z 0041c738 f   snd_mix.obj
 0001:0001b7a1       ?S_TransferPaintBuffer@@YAXH@Z 0041c7a1 f   snd_mix.obj
 0001:0001b905       ?S_PaintChannels@@YAXH@Z   0041c905 f   snd_mix.obj
 0001:0001bb81       ?S_InitScaletable@@YAXXZ   0041cb81 f   snd_mix.obj
 0001:0001bd42       ?SV_ComputeAnimation@@YAXPAUplayer_state_t@@AAUentityStateEx_t@@PAU2@PAUedict_s@@@Z 0041cd42 f   sv_anim.obj
 0001:0001c13f       ?SV_WipeSavegame@@YAXPAD@Z 0041d13f f   sv_ccmds.obj
 0001:0001c16d       ?SV_CopySaveGame@@YAXPAD0@Z 0041d16d f   sv_ccmds.obj
 0001:0001c1c2       ?SV_WriteLevelFile@@YAXXZ  0041d1c2 f   sv_ccmds.obj
 0001:0001c270       ?SV_ReadLevelFile@@YAXXZ   0041d270 f   sv_ccmds.obj
 0001:0001c31e       ?SV_WriteServerFile@@YAX_NPAD@Z 0041d31e f   sv_ccmds.obj
 0001:0001c55a       ?SV_ReadServerFile@@YAXXZ  0041d55a f   sv_ccmds.obj
 0001:0001c67f       ?SV_AddressBanned@@YA_NPAUnetadr_t@@@Z 0041d67f f   sv_ccmds.obj
 0001:0001c6c0       ?SV_InitOperatorCommands@@YAXXZ 0041d6c0 f   sv_ccmds.obj
 0001:0001d6ae       ?SV_WriteFrameToClient@@YAXPAUclient_t@@PAVsizebuf_t@@@Z 0041e6ae f   sv_ents.obj
 0001:0001ddf9       ?SV_RecordDemoMessage@@YAXXZ 0041edf9 f   sv_ents.obj
 0001:0001e9e1       ?SV_InitGameLibrary@@YAX_N@Z 0041f9e1 f   sv_game.obj
 0001:0001eb27       ?SV_ShutdownGameLibrary@@YAXXZ 0041fb27 f   sv_game.obj
 0001:0001ec84       ?SV_FindIndex@@YAHPADHH_N@Z 0041fc84 f   sv_init.obj
 0001:0001ed91       ?SV_ModelIndex@@YAHPAD@Z   0041fd91 f   sv_init.obj
 0001:0001eda7       ?SV_SoundIndex@@YAHPAD@Z   0041fda7 f   sv_init.obj
 0001:0001edc0       ?SV_ImageIndex@@YAHPAD@Z   0041fdc0 f   sv_init.obj
 0001:0001edd9       ?SV_CreateBaseline@@YAXXZ  0041fdd9 f   sv_init.obj
 0001:0001ee56       ?SV_CheckForSavegame@@YAXXZ 0041fe56 f   sv_init.obj
 0001:0001eeda       ?SV_SpawnServer@@YAXPAD0W4server_state_t@@_N2@Z 0041feda f   sv_init.obj
 0001:0001f1a3       ?SV_InitGame@@YAXXZ        004201a3 f   sv_init.obj
 0001:0001f3d9       ?SV_Map@@YAX_NPBD0@Z       004203d9 f   sv_init.obj
 0001:0001f59b       ?SV_DropClient@@YAXPAUclient_t@@PAD@Z 0042059b f   sv_main.obj
 0001:0001feaa       ?SV_ConnectionlessPacket@@YAXXZ 00420eaa f   sv_main.obj
 0001:0001ff75       ?SV_CalcPings@@YAXXZ       00420f75 f   sv_main.obj
 0001:0001fffc       ?SV_GiveMsec@@YAXXZ        00420ffc f   sv_main.obj
 0001:0002003b       ?SV_ReadPackets@@YAXXZ     0042103b f   sv_main.obj
 0001:00020183       ?SV_CheckTimeouts@@YAXXZ   00421183 f   sv_main.obj
 0001:00020294       ?SV_PostprocessFrame@@YAXXZ 00421294 f   sv_main.obj
 0001:00020752       ?SV_MulticastHook@@YAPAVsizebuf_t@@PAV1@0@Z 00421752 f   sv_main.obj
 0001:00020b42       ?SV_TraceHook@@YA?AUtrace_t@@ABUCVec3@@PBU2@10PAUedict_s@@H@Z 00421b42 f   sv_main.obj
 0001:00020ce0       ?SV_Frame@@YAXM@Z          00421ce0 f   sv_main.obj
 0001:00020f93       ?SV_UserinfoChanged@@YAXPAUclient_t@@@Z 00421f93 f   sv_main.obj
 0001:00021057       ?SV_Init@@YAXXZ            00422057 f   sv_main.obj
 0001:000210b9       ?SV_Shutdown@@YAXPBD_N@Z   004220b9 f   sv_main.obj
 0001:000212c0       ?SV_BeginRedirect@@YAXXZ   004222c0 f   sv_send.obj
 0001:0002136a       ?SV_ClientPrintf@@YAXPAUclient_t@@HPBDZZ 0042236a f   sv_send.obj
 0001:000213c5       ?SV_BroadcastPrintf@@YAXHPBDZZ 004223c5 f   sv_send.obj
 0001:0002149b       ?SV_BroadcastCommand@@YAXPBDZZ 0042249b f   sv_send.obj
 0001:000214f3       ?SV_Multicast@@YAXABUCVec3@@W4multicast_t@@_N@Z 004224f3 f   sv_send.obj
 0001:00021719       ?SV_MulticastOld@@YAXABUCVec3@@W4multicast_t@@@Z 00422719 f   sv_send.obj
 0001:0002172c       ?SV_MulticastNew@@YAXABUCVec3@@W4multicast_t@@@Z 0042272c f   sv_send.obj
 0001:0002173f       ?SV_StartSound@@YAXPBUCVec3@@PAUedict_s@@HHMMM_N@Z 0042273f f   sv_send.obj
 0001:00021a0c       ?SV_StartSoundOld@@YAXPBUCVec3@@PAUedict_s@@HHMMM@Z 00422a0c f   sv_send.obj
 0001:00021a3c       ?SV_StartSoundNew@@YAXPBUCVec3@@PAUedict_s@@HHMMM@Z 00422a3c f   sv_send.obj
 0001:00021a6c       ?SV_SendClientDatagram@@YA_NPAUclient_t@@@Z 00422a6c f   sv_send.obj
 0001:00021b2e       ?SV_DemoCompleted@@YAXXZ   00422b2e f   sv_send.obj
 0001:00021b4a       ?SV_RateDrop@@YA_NPAUclient_t@@@Z 00422b4a f   sv_send.obj
 0001:00021b94       ?SV_SendClientMessages@@YAXXZ 00422b94 f   sv_send.obj
 0001:00021cd7       ?SV_ClearTexts@@YAXXZ      00422cd7 f   sv_text.obj
 0001:00021cdf       ?SV_DrawTexts@@YAXXZ       00422cdf f   sv_text.obj
 0001:00021e94       ?SV_DrawText3D@@YAXABUCVec3@@PBDI@Z 00422e94 f   sv_text.obj
 0001:00021eab       ?SV_TokenizeString@@YAXPBD@Z 00422eab f   sv_tokenize.obj
 0001:00021f82       ?SV_Argc@@YAHXZ            00422f82 f   sv_tokenize.obj
 0001:00021f88       ?SV_Argv@@YAPADH@Z         00422f88 f   sv_tokenize.obj
 0001:00021fa2       ?SV_Args@@YAPADXZ          00422fa2 f   sv_tokenize.obj
 0001:00022837       ?SV_Nextserver@@YAXXZ      00423837 f   sv_user.obj
 0001:000228c6       ?SV_ExecuteUserCommand@@YAXPAD@Z 004238c6 f   sv_user.obj
 0001:00022988       ?SV_ClientThink@@YAXPAUclient_t@@PAUusercmd_t@@@Z 00423988 f   sv_user.obj
 0001:000229cb       ?SV_ExecuteClientMessage@@YAXPAUclient_t@@@Z 004239cb f   sv_user.obj
 0001:00022be9       ?SV_ClearWorld@@YAXXZ      00423be9 f   sv_world.obj
 0001:00022d24       ?SV_UnlinkEdict@@YAXPAUedict_s@@@Z 00423d24 f   sv_world.obj
 0001:00022de7       ?SV_LinkEdict@@YAXPAUedict_s@@@Z 00423de7 f   sv_world.obj
 0001:000233d2       ?SV_AreaEdicts@@YAHABUCVec3@@0PAPAUedict_s@@HH@Z 004243d2 f   sv_world.obj
 0001:00023583       ?SV_PointContents@@YAHABUCVec3@@@Z 00424583 f   sv_world.obj
 0001:000236aa       ?SV_Trace@@YAXAAUtrace_t@@ABUCVec3@@1ABUCBox@@PAUedict_s@@H@Z 004246aa f   sv_world.obj
 0001:00023b29       ?InitByteDirs@@YAXXZ       00424b29 f   anorms.obj
 0001:00023b68       ?Cbuf_AddText@@YAXPBD@Z    00424b68 f   cmd.obj
 0001:00023bca       ?Cbuf_CopyToDefer@@YAXXZ   00424bca f   cmd.obj
 0001:00023c12       ?Cbuf_InsertFromDefer@@YAXXZ 00424c12 f   cmd.obj
 0001:00023ccb       ?Cbuf_Execute@@YAXXZ       00424ccb f   cmd.obj
 0001:00023dd1       ?Cmd_Unalias_f@@YAX_NHPAPAD@Z 00424dd1 f   cmd.obj
 0001:00023e47       ?Cmd_WriteAliases@@YAXPAU_iobuf@@@Z 00424e47 f   cmd.obj
 0001:00023e78       ?RegisterCommand@@YA_NPBDP6AXXZH@Z 00424e78 f   cmd.obj
 0001:00023f46       ?UnregisterCommand@@YA_NPBD@Z 00424f46 f   cmd.obj
 0001:00023fd7       ?Cmd_ExecuteString@@YA_NPBD@Z 00424fd7 f   cmd.obj
 0001:0002442a       ?ExecuteCommand@@YA_NPBDPBUCSimpleCommand@@H@Z 0042542a f   cmd.obj
 0001:00024854       ?CM_LoadMap@@YAPAUcmodel_t@@PBD_NPAI@Z 00425854 f   cmodel.obj
 0001:00024f85       ?SetSignbits@cplane_t@@QAEXXZ 00425f85 f i cmodel.obj
 0001:00024fb9       ?SetType@cplane_t@@QAEXXZ  00425fb9 f i cmodel.obj
 0001:00025175       ?CM_InlineModel@@YAPAUcmodel_t@@PBD@Z 00426175 f   cmodel.obj
 0001:000251b6       ?CM_NumClusters@@YAHXZ     004261b6 f   cmodel.obj
 0001:000251bc       ?CM_NumInlineModels@@YAHXZ 004261bc f   cmodel.obj
 0001:000251c2       ?CM_EntityString@@YAPBDXZ  004261c2 f   cmodel.obj
 0001:000251c8       ?CM_LeafContents@@YAHH@Z   004261c8 f   cmodel.obj
 0001:000251ef       ?CM_LeafCluster@@YAHH@Z    004261ef f   cmodel.obj
 0001:00025265       ?CM_LeafArea@@YAHH@Z       00426265 f   cmodel.obj
 0001:00025428       ?CM_HeadnodeForBox@@YAHABUCBox@@@Z 00426428 f   cmodel.obj
 0001:000254dd       ?CM_PointLeafnum@@YAHABUCVec3@@H@Z 004264dd f   cmodel.obj
 0001:00025580       ?DistanceTo@cplane_t@@QAEMABUCVec3@@@Z 00426580 f i cmodel.obj
 0001:000255c4       ?CM_PointContents@@YAHABUCVec3@@H@Z 004265c4 f   cmodel.obj
 0001:00025639       ?CM_TransformedPointContents@@YAHABUCVec3@@H00@Z 00426639 f   cmodel.obj
 0001:0002571a       ?CM_TransformedPointContents@@YAHABUCVec3@@H0ABUCAxis@@@Z 0042671a f   cmodel.obj
 0001:000257c5       ?CM_BoxLeafnums@@YAHABUCBox@@PAHH1H@Z 004267c5 f   cmodel.obj
 0001:000258ce       ?BOX_ON_PLANE_SIDE@@YAHABUCBox@@ABUcplane_t@@@Z 004268ce f i cmodel.obj
 0001:00025938       ?CM_BoxTrace@@YAXAAUtrace_t@@ABUCVec3@@1ABUCBox@@HH@Z 00426938 f   cmodel.obj
 0001:000262da       ?CM_TransformedBoxTrace@@YAXAAUtrace_t@@ABUCVec3@@1ABUCBox@@HH11@Z 004272da f   cmodel.obj
 0001:00026457       ?CM_TransformedBoxTrace@@YAXAAUtrace_t@@ABUCVec3@@1ABUCBox@@HH1ABUCAxis@@@Z 00427457 f   cmodel.obj
 0001:00026514       ?CM_BrushTrace@@YAHABUCVec3@@0PAHH@Z 00427514 f   cmodel.obj
 0001:00026926       ?CM_RefineBrushTrace@@YAHABUCVec3@@0PAHH@Z 00427926 f   cmodel.obj
 0001:000269cc       ?CM_ClusterPVS@@YAPAEH@Z   004279cc f   cmodel.obj
 0001:00026b10       ?CM_ClusterPHS@@YAPAEH@Z   00427b10 f   cmodel.obj
 0001:00026c73       ?CM_SetAreaPortalState@@YAXH_N@Z 00427c73 f   cmodel.obj
 0001:00026c98       ?CM_AreasConnected@@YA_NHH@Z 00427c98 f   cmodel.obj
 0001:00026cdc       ?CM_WriteAreaBits@@YAHPAEH@Z 00427cdc f   cmodel.obj
 0001:00026d7e       ?CM_WritePortalState@@YAXPAU_iobuf@@@Z 00427d7e f   cmodel.obj
 0001:00026d98       ?CM_ReadPortalState@@YAXPAU_iobuf@@@Z 00427d98 f   cmodel.obj
 0001:00026db6       ?CM_HeadnodeVisible@@YA_NHPBE@Z 00427db6 f   cmodel.obj
 0001:00026e91       ?Com_BeginRedirect@@YAXPADHP6AX0@Z@Z 00427e91 f   common.obj
 0001:00026ebe       ?Com_EndRedirect@@YAXXZ    00427ebe f   common.obj
 0001:00026edd       ?Com_Printf@@YAXPBDZZ      00427edd f   common.obj
 0001:000270d5       ?Com_DPrintf@@YAXPBDZZ     004280d5 f   common.obj
 0001:0002714e       ?DebugPrintf@@YAXPBDZZ     0042814e f   common.obj
 0001:000271f8       ?Com_WPrintf@@YAXPBDZZ     004281f8 f   common.obj
 0001:00027252       ?Com_Quit@@YAXXZ           00428252 f   common.obj
 0001:00027272       ?IPWildcard@@YA_NPAUnetadr_t@@PBD@Z 00428272 f   common.obj
 0001:0002734c       ?Com_ServerState@@YA?AW4server_state_t@@XZ 0042834c f   common.obj
 0001:00027352       ?Com_SetServerState@@YAXW4server_state_t@@@Z 00428352 f   common.obj
 0001:0002735c       ?frand@@YAMXZ              0042835c f   common.obj
 0001:00027374       ?crand@@YAMXZ              00428374 f   common.obj
 0001:00027392       ?Info_ValueForKey@@YAPBDPBD0@Z 00428392 f   common.obj
 0001:00027411       ?Info_SetValueForKey@@YAXPADPBD1@Z 00428411 f   common.obj
 0001:00027574       ?Info_Print@@YAXPBD@Z      00428574 f   common.obj
 0001:000275fa       ?Com_CheckCmdlineVar@@YA_NPBD@Z 004285fa f   common.obj
 0001:00027650       ?Com_Init@@YAXPBD@Z        00428650 f   common.obj
 0001:00027a0f       ?Com_Frame@@YAXM@Z         00428a0f f   common.obj
 0001:00027d3c       ?Com_Shutdown@@YAXXZ       00428d3c f   common.obj
 0001:00027d55       ?Com_BlockSequenceCRCByte@@YAEPAEHH@Z 00428d55 f   crc.obj
 0001:00027e0b       ?Cvar_VariableValue@@YAMPBD@Z 00428e0b f   cvar.obj
 0001:00027e79       ?Cvar_VariableInt@@YAHPBD@Z 00428e79 f   cvar.obj
 0001:00027e8c       ?Cvar_VariableString@@YAPBDPBD@Z 00428e8c f   cvar.obj
 0001:00027ea4       ?Cvar_Get@@YAPAUcvar_t@@PBD0H@Z 00428ea4 f   cvar.obj
 0001:00028170       ?Cvar_GetVars@@YAXPBUcvarInfo_t@@H@Z 00429170 f   cvar.obj
 0001:0002821a       ?Cvar_FullSet@@YAXPAUcvar_t@@PBDI@Z 0042921a f   cvar.obj
 0001:0002824c       ?Cvar_FullSet@@YAPAUcvar_t@@PBD0I@Z 0042924c f   cvar.obj
 0001:0002828c       ?Cvar_SetValue@@YAPAUcvar_t@@PBDM@Z 0042928c f   cvar.obj
 0001:000284b2       ?Cvar_SetInteger@@YAPAUcvar_t@@PBDH@Z 004294b2 f   cvar.obj
 0001:000284d4       ?Cvar_Set@@YAPAUcvar_t@@PBD0@Z 004294d4 f   cvar.obj
 0001:000284e9       ?Cvar_ForceSet@@YAPAUcvar_t@@PBD0@Z 004294e9 f   cvar.obj
 0001:000284fe       ?Cvar_Clamp@@YAMPAUcvar_t@@MM@Z 004294fe f   cvar.obj
 0001:0002855c       ?Cvar_GetLatchedVars@@YAXXZ 0042955c f   cvar.obj
 0001:0002858b       ?Cvar_Command@@YA_NHPAPAD@Z 0042958b f   cvar.obj
 0001:00028624       ?IsDefault@cvar_t@@QAE_NXZ 00429624 f i cvar.obj
 0001:00028641       ?Cvar_WriteVariables@@YAXPAU_iobuf@@HHPBD@Z 00429641 f   cvar.obj
 0001:000286c9       ?Cvar_Userinfo@@YAPBDXZ    004296c9 f   cvar.obj
 0001:00028724       ?Cvar_Serverinfo@@YAPBDXZ  00429724 f   cvar.obj
 0001:0002872d       ?Cvar_Cheats@@YAX_N@Z      0042972d f   cvar.obj
 0001:00028fa1       ?MSG_WriteDeltaEntity@@YAXPAVsizebuf_t@@PBUentityStateEx_t@@PAU2@_N33@Z 00429fa1 f   entdelta.obj
 0001:0002955d       ?MSG_WriteRemoveEntity@@YAXPAVsizebuf_t@@H@Z 0042a55d f   entdelta.obj
 0001:0002959d       ?MSG_ReadEntityBits@@YAHPAVsizebuf_t@@PAIPA_N@Z 0042a59d f   entdelta.obj
 0001:0002960e       ?MSG_ReadDeltaEntity@@YAXPAVsizebuf_t@@PBUentityStateEx_t@@PAU2@I@Z 0042a60e f   entdelta.obj
 0001:00029691       ?MSG_WriteDeltaUsercmd@@YAXPAVsizebuf_t@@PBUusercmd_t@@PAU2@@Z 0042a691 f   entdelta.obj
 0001:00029720       ?MSG_ReadDeltaUsercmd@@YAXPAVsizebuf_t@@PBUusercmd_t@@PAU2@@Z 0042a720 f   entdelta.obj
 0001:00029a23       ?MSG_WriteDeltaPlayerstate@@YAXPAVsizebuf_t@@PBUplayer_state_t@@PAU2@@Z 0042aa23 f   entdelta.obj
 0001:00029b2c       ?MSG_ReadDeltaPlayerstate@@YAXPAVsizebuf_t@@PBUplayer_state_t@@PAU2@@Z 0042ab2c f   entdelta.obj
 0001:00029c00       ?FS_CreatePath@@YAXPBD@Z   0042ac00 f   files.obj
 0001:00029c66       ?FS_CopyFile@@YAXPBD0@Z    0042ac66 f   files.obj
 0001:00029d69       ?FS_CopyFiles@@YAXPBD0@Z   0042ad69 f   files.obj
 0001:00029e42       ?FS_RemoveFiles@@YAXPBD@Z  0042ae42 f   files.obj
 0001:00029eb6       ?FS_FCloseFile@@YAXPAVQFILE@@@Z 0042aeb6 f   files.obj
 0001:00029f54       ?FS_FOpenFile@@YAPAVQFILE@@PBDPAH@Z 0042af54 f   files.obj
 0001:0002a477       ?FS_FileExists@@YA_NPBD@Z  0042b477 f   files.obj
 0001:0002a690       ?FS_Read@@YAXPAXHPAVQFILE@@@Z 0042b690 f   files.obj
 0001:0002a8f4       ?FS_LoadFile@@YAPAXPBDPAI@Z 0042b8f4 f   files.obj
 0001:0002a94a       ?FS_FreeFile@@YAXPAX@Z     0042b94a f   files.obj
 0001:0002a955       ?FS_Gamedir@@YAPBDXZ       0042b955 f   files.obj
 0001:0002a969       ?FS_LoadGameConfig@@YAXXZ  0042b969 f   files.obj
 0001:0002aa2e       ?FS_SetGamedir@@YA_NPBD@Z  0042ba2e f   files.obj
 0001:0002b119       ?FS_ListFiles@@YA?AV?$TList@VCStringItem@@@@PBDH@Z 0042c119 f   files.obj
 0001:0002b49b       ?FS_NextPath@@YAPADPBD@Z   0042c49b f   files.obj
 0001:0002b4bf       ?FS_InitFilesystem@@YAXXZ  0042c4bf f   files.obj
 0001:0002be6b       ?LoadPCX@@YAXPBDAAPAE1AAH2@Z 0042ce6b f   images.obj
 0001:0002bf9a       ?LoadTGA@@YAXPBDAAPAEAAH2@Z 0042cf9a f   images.obj
 0001:0002c189       ?LoadJPG@@YAXPBDAAPAEAAH2@Z 0042d189 f   images.obj
 0001:0002c416       ?ImageExists@@YAHPBDH@Z    0042d416 f   images.obj
 0001:0002c538       ?WriteTGA@@YA_NPBDPAEHH@Z  0042d538 f   images.obj
 0001:0002c72c       ?WriteJPG@@YA_NPBDPAEHH_N@Z 0042d72c f   images.obj
 0001:0002c85d       ?MD4Init@@YAXPAUMD4_CTX@@@Z 0042d85d f   md4.obj
 0001:0002c885       ?MD4Update@@YAXPAUMD4_CTX@@PAEI@Z 0042d885 f   md4.obj
 0001:0002c923       ?MD4Final@@YAXQAEPAUMD4_CTX@@@Z 0042d923 f   md4.obj
 0001:0002d014       ?Com_BlockChecksum@@YAIPAXH@Z 0042e014 f   md4.obj
 0001:0002d050       ?LoadQ2BspFile@@YAXXZ      0042e050 f   model.obj
 0001:0002d406       ?LoadBspFile@@YAPAUbspfile_t@@PBD_NPAI@Z 0042e406 f   model.obj
 0001:0002d5b4       ?ProcessEntstring@@YAPADPAD@Z 0042e5b4 f   model.obj
 0001:0002e45b       ?Init@sizebuf_t@@QAEXPAXH@Z 0042f45b f   msg.obj
 0001:0002e476       ?Write@sizebuf_t@@QAEXPBXH@Z 0042f476 f   msg.obj
 0001:0002e4e6       ?MSG_WriteByte@@YAXPAVsizebuf_t@@H@Z 0042f4e6 f   msg.obj
 0001:0002e4e6       ?MSG_WriteChar@@YAXPAVsizebuf_t@@H@Z 0042f4e6 f   msg.obj
 0001:0002e4f7       ?MSG_WriteShort@@YAXPAVsizebuf_t@@H@Z 0042f4f7 f   msg.obj
 0001:0002e508       ?MSG_WriteFloat@@YAXPAVsizebuf_t@@M@Z 0042f508 f   msg.obj
 0001:0002e508       ?MSG_WriteLong@@YAXPAVsizebuf_t@@H@Z 0042f508 f   msg.obj
 0001:0002e519       ?MSG_WriteString@@YAXPAVsizebuf_t@@PBD@Z 0042f519 f   msg.obj
 0001:0002e543       ?MSG_WritePos@@YAXPAVsizebuf_t@@ABUCVec3@@@Z 0042f543 f   msg.obj
 0001:0002e5a7       ?MSG_WriteAngle@@YAXPAVsizebuf_t@@M@Z 0042f5a7 f   msg.obj
 0001:0002e5d2       ?MSG_WriteAngle16@@YAXPAVsizebuf_t@@M@Z 0042f5d2 f   msg.obj
 0001:0002e5fd       ?MSG_WriteDir@@YAXPAVsizebuf_t@@ABUCVec3@@@Z 0042f5fd f   msg.obj
 0001:0002e665       ?MSG_ReadDir@@YAXPAVsizebuf_t@@AAUCVec3@@@Z 0042f665 f   msg.obj
 0001:0002e696       ?MSG_ReadChar@@YAHPAVsizebuf_t@@@Z 0042f696 f   msg.obj
 0001:0002e6b6       ?MSG_ReadByte@@YAHPAVsizebuf_t@@@Z 0042f6b6 f   msg.obj
 0001:0002e6d6       ?MSG_ReadShort@@YAHPAVsizebuf_t@@@Z 0042f6d6 f   msg.obj
 0001:0002e6f6       ?MSG_ReadLong@@YAHPAVsizebuf_t@@@Z 0042f6f6 f   msg.obj
 0001:0002e715       ?MSG_ReadString@@YAPADPAVsizebuf_t@@@Z 0042f715 f   msg.obj
 0001:0002e748       ?MSG_ReadPos@@YAXPAVsizebuf_t@@AAUCVec3@@@Z 0042f748 f   msg.obj
 0001:0002e79a       ?MSG_ReadAngle@@YAMPAVsizebuf_t@@@Z 0042f79a f   msg.obj
 0001:0002e7b4       ?MSG_ReadAngle16@@YAMPAVsizebuf_t@@@Z 0042f7b4 f   msg.obj
 0001:0002e7ce       ?MSG_ReadData@@YAXPAVsizebuf_t@@PAXH@Z 0042f7ce f   msg.obj
 0001:0002e7f1       ?Netchan_Init@@YAXXZ       0042f7f1 f   net_chan.obj
 0001:0002e865       ?Netchan_OutOfBandPrint@@YAXW4netsrc_t@@Unetadr_t@@PBDZZ 0042f865 f   net_chan.obj
 0001:0002e8ec       ?Setup@netchan_t@@QAEXW4netsrc_t@@Unetadr_t@@H@Z 0042f8ec f   net_chan.obj
 0001:0002e944       ?NeedReliable@netchan_t@@QAE_NXZ 0042f944 f   net_chan.obj
 0001:0002e969       ?Transmit@netchan_t@@QAEXPAXH@Z 0042f969 f   net_chan.obj
 0001:0002eb06       ?Process@netchan_t@@QAE_NPAVsizebuf_t@@@Z 0042fb06 f   net_chan.obj
 0001:0002ec34       ?Pmove@@YAXPAUpmove_t@@@Z  0042fc34 f   pmove.obj
 0001:000309d1       ?NormalizeColor@@YAMABUCVec3@@AAU1@@Z 004319d1 f   q_shared2.obj
 0001:00030a2d       ?NormalizeColor255@@YAMABUCVec3@@AAU1@@Z 00431a2d f   q_shared2.obj
 0001:00030a8d       ?appRsqrt@@YAMM@Z          00431a8d f   q_shared2.obj
 0001:00030ab9       ?AngleVectors@@YAXABUCVec3@@PAU1@11@Z 00431ab9 f   q_shared2.obj
 0001:00030c1a       ?MakeNormalVectors@@YAXABUCVec3@@AAU1@1@Z 00431c1a f   q_shared2.obj
 0001:00030c89       ?Vec2Angles@@YAXABUCVec3@@AAU1@@Z 00431c89 f   q_shared2.obj
 0001:00030d8c       ?Vec2Yaw@@YAMABUCVec3@@@Z  00431d8c f   q_shared2.obj
 0001:00030dff       ?VectorLength@@YAMABUCVec3@@@Z 00431dff f   q_shared2.obj
 0001:00030e2e       ?VectorDistance@@YAMABUCVec3@@0@Z 00431e2e f   q_shared2.obj
 0001:00030e5f       ?LerpAngle@@YAMMMM@Z       00431e5f f   q_shared2.obj
 0001:00030ea2       ?AngleMod@@YAMM@Z          00431ea2 f   q_shared2.obj
 0001:00030ece       ?AngleSubtract@@YAMMM@Z    00431ece f   q_shared2.obj
 0001:00030f05       ?AnglesSubtract@@YAXABUCVec3@@0AAU1@@Z 00431f05 f   q_shared2.obj
 0001:00030f5d       ?Normalize@CVec3@@QAEMXZ   00431f5d f   q_shared2.obj
 0001:00030faf       ?VectorNormalize@@YAMABUCVec3@@AAU1@@Z 00431faf f   q_shared2.obj
 0001:00031007       ?NormalizeFast@CVec3@@QAEMXZ 00432007 f   q_shared2.obj
 0001:00031058       ?cross@@YAXABUCVec3@@0AAU1@@Z 00432058 f   q_shared2.obj
 0001:00031093       ?Clear@CBox@@QAEXXZ        00432093 f   q_shared2.obj
 0001:000310b1       ?Expand@CBox@@QAEXABUCVec3@@@Z 004320b1 f   q_shared2.obj
 0001:000310e0       ?Expand@CBox@@QAEXABU1@@Z  004320e0 f   q_shared2.obj
 0001:0003111c       ?GetCenter@CBox@@QAEXAAUCVec3@@@Z 0043211c f   q_shared2.obj
 0001:0003113c       ?OnPlaneSide@CBox@@QBEHABUcplane_t@@@Z 0043213c f   q_shared2.obj
 0001:0003126b       ?FromAngles@CAxis@@QAEXABUCVec3@@@Z 0043226b f   q_shared2.obj
 0001:000312aa       ?TransformVector@CAxis@@QBEXABUCVec3@@AAU2@@Z 004322aa f   q_shared2.obj
 0001:000312fb       ?UnTransformVector@CAxis@@QBEXABUCVec3@@AAU2@@Z 004322fb f   q_shared2.obj
 0001:0003135f       ?TransformAxis@CAxis@@QBEXABU1@AAU1@@Z 0043235f f   q_shared2.obj
 0001:000313a5       ?UnTransformAxis@CAxis@@QBEXABU1@AAU1@@Z 004323a5 f   q_shared2.obj
 0001:000313eb       ?TransformPoint@CCoords@@QBEXABUCVec3@@AAU2@@Z 004323eb f   q_shared2.obj
 0001:00031449       ?UnTransformPoint@CCoords@@QBEXABUCVec3@@AAU2@@Z 00432449 f   q_shared2.obj
 0001:000314b6       ?UnTransformCoords@CCoords@@QBEXABU1@AAU1@@Z 004324b6 f   q_shared2.obj
 0001:000314e0       ?TransformPlane@CCoords@@QBEXABUcplane_t@@AAU2@@Z 004324e0 f   q_shared2.obj
 0001:00031518       ?TransformPoint@@YAXABUCVec3@@ABUCAxis@@0AAU1@@Z 00432518 f   q_shared2.obj
 0001:0003157b       ?UnTransformPoint@@YAXABUCVec3@@ABUCAxis@@0AAU1@@Z 0043257b f   q_shared2.obj
 0001:000315eb       ?ShortSwap@@YAFF@Z         004325eb f   q_shared2.obj
 0001:00031600       ?COM_Parse@@YAPADAAPBD_N@Z 00432600 f   q_shared2.obj
 0001:00031724       ?COM_QuoteString@@YAPBDPBD_N@Z 00432724 f   q_shared2.obj
 0001:0003177f       ?Com_PageInMemory@@YAXPAXH@Z 0043277f f   q_shared2.obj
 0001:0003179e       ?Zip_OpenArchive@@YAPAU_iobuf@@PBD@Z 0043279e f   zip.obj
 0001:00031809       ?Zip_CloseArchive@@YAXPAU_iobuf@@@Z 00432809 f   zip.obj
 0001:00031815       ?Zip_EnumArchive@@YA_NPAU_iobuf@@P6A_NPAUzipFile_t@@@Z@Z 00432815 f   zip.obj
 0001:000319f2       ?Zip_OpenFile@@YAPAUZFILE@@PAU_iobuf@@PAUzipFile_t@@@Z 004329f2 f   zip.obj
 0001:00031ad6       ?Zip_ReadFile@@YAHPAUZFILE@@PAXH@Z 00432ad6 f   zip.obj
 0001:00031bcc       ?Zip_CloseFile@@YA_NPAUZFILE@@@Z 00432bcc f   zip.obj
 0001:00031c10       ?Zip_OpenBuf@@YAPAUZBUF@@PAXH@Z 00432c10 f   zip.obj
 0001:00031c4e       ?Zip_ReadBuf@@YAHPAUZBUF@@PAXH@Z 00432c4e f   zip.obj
 0001:00031c96       ?Zip_CloseBuf@@YAXPAUZBUF@@@Z 00432c96 f   zip.obj
 0001:00031cab       _zcalloc                   00432cab f   zip.obj
 0001:00031cbf       _zcfree                    00432cbf f   zip.obj
 0001:00031cca       ?CDAudio_Play2@@YAXH_N@Z   00432cca f   cd_win.obj
 0001:00031ea9       ?CDAudio_Play@@YAXH_N@Z    00432ea9 f   cd_win.obj
 0001:00031ec0       ?CDAudio_Stop@@YAXXZ       00432ec0 f   cd_win.obj
 0001:00031f05       ?CDAudio_Pause@@YAXXZ      00432f05 f   cd_win.obj
 0001:00031f5e       ?CDAudio_Resume@@YAXXZ     00432f5e f   cd_win.obj
 0001:00031fcd       ?CDAudio_Update@@YAXXZ     00432fcd f   cd_win.obj
 0001:00032001       ?CDAudio_Init@@YAHXZ       00433001 f   cd_win.obj
 0001:00032463       ?CDAudio_Shutdown@@YAXXZ   00433463 f   cd_win.obj
 0001:00032496       ?CDAudio_Activate@@YAX_N@Z 00433496 f   cd_win.obj
 0001:000324a7       ?IN_Commands@@YAXXZ        004334a7 f   in_win.obj
 0001:000325cf       ?IN_Init@@YAXXZ            004335cf f   in_win.obj
 0001:00032a0e       ?IN_Shutdown@@YAXXZ        00433a0e f   in_win.obj
 0001:00032c5d       ?IN_Move@@YAXPAUusercmd_t@@@Z 00433c5d f   in_win.obj
 0001:0003323a       ?IN_Activate@@YAX_N@Z      0043423a f   in_win.obj
 0001:00033244       ?IN_Frame@@YAXXZ           00434244 f   in_win.obj
 0001:000335ac       ?NetadrToSockadr@@YAXPAUnetadr_t@@PAUsockaddr@@@Z 004345ac f   net_wins.obj
 0001:00033631       ?SockadrToNetadr@@YAXPAUsockaddr@@PAUnetadr_t@@@Z 00434631 f   net_wins.obj
 0001:00033681       ?NET_CompareAdr@@YA_NPAUnetadr_t@@0@Z 00434681 f   net_wins.obj
 0001:000336d7       ?NET_CompareBaseAdr@@YA_NPAUnetadr_t@@0@Z 004346d7 f   net_wins.obj
 0001:00033722       ?NET_AdrToString@@YAPADPAUnetadr_t@@@Z 00434722 f   net_wins.obj
 0001:000337db       ?NET_StringToAdr@@YA_NPBDPAUnetadr_t@@@Z 004347db f   net_wins.obj
 0001:00033a65       ?NET_IsLocalAddress@@YA_NPAUnetadr_t@@@Z 00434a65 f   net_wins.obj
 0001:00033a71       ?NET_GetLoopPacket@@YA_NW4netsrc_t@@PAUnetadr_t@@PAVsizebuf_t@@@Z 00434a71 f   net_wins.obj
 0001:00033afc       ?NET_SendLoopPacket@@YAXW4netsrc_t@@HPAXUnetadr_t@@@Z 00434afc f   net_wins.obj
 0001:00033b51       ?NET_GetPacket@@YA_NW4netsrc_t@@PAUnetadr_t@@PAVsizebuf_t@@@Z 00434b51 f   net_wins.obj
 0001:00033c6e       ?NET_SendPacket@@YAXW4netsrc_t@@HPAXUnetadr_t@@@Z 00434c6e f   net_wins.obj
 0001:00033d3f       ?NET_Config@@YAX_N@Z       00434d3f f   net_wins.obj
 0001:000340b4       ?NET_Init@@YAXXZ           004350b4 f   net_wins.obj
 0001:0003416e       ?Sys_Mkdir@@YAXPAD@Z       0043516e f   fs_win.obj
 0001:0003417a       ?Sys_FindFirst@@YAPBDPBDH@Z 0043517a f   fs_win.obj
 0001:00034234       ?Sys_FindNext@@YAPBDXZ     00435234 f   fs_win.obj
 0001:0003429e       ?Sys_FindClose@@YAXXZ      0043529e f   fs_win.obj
 0001:000342b8       ?Sys_FileExists@@YA_NPBDH@Z 004352b8 f   fs_win.obj
 0001:000342d6       ?SNDDMA_Init@@YA_NXZ       004352d6 f   snd_win.obj
 0001:00034915       ?SNDDMA_GetDMAPos@@YAHXZ   00435915 f   snd_win.obj
 0001:0003495f       ?SNDDMA_BeginPainting@@YAXXZ 0043595f f   snd_win.obj
 0001:00034a77       ?SNDDMA_Submit@@YAXXZ      00435a77 f   snd_win.obj
 0001:00034a9c       ?SNDDMA_Shutdown@@YAXXZ    00435a9c f   snd_win.obj
 0001:00034aa1       ?S_Activate@@YAX_N@Z       00435aa1 f   snd_win.obj
 0001:00034acc       ?Sys_Quit@@YAXXZ           00435acc f   sys_win.obj
 0001:00034b84       ?Sys_ConsoleInput@@YAPADXZ 00435b84 f   sys_win.obj
 0001:00034e3f       ?Sys_ConsoleOutput@@YAXPBD@Z 00435e3f f   sys_win.obj
 0001:00034f06       ?Sys_SendKeyEvents@@YAXXZ  00435f06 f   sys_win.obj
 0001:00034fbe       ?Sys_UnloadGame@@YAXXZ     00435fbe f   sys_win.obj
 0001:00035039       ?Sys_GetGameAPI@@YAPAXPAX@Z 00436039 f   sys_win.obj
 0001:00035190       _WinMain@16                00436190 f   sys_win.obj
 0001:00035416       ?AddMsgHook@@YAXP6A_NIIJ@Z@Z 00436416 f   vid_dll.obj
 0001:0003545a       ?RemoveMsgHook@@YAXP6A_NIIJ@Z@Z 0043645a f   vid_dll.obj
 0001:00035489       ?Vid_CreateWindow@@YAPAXHH_N@Z 00436489 f   vid_dll.obj
 0001:00035b8d       ?Vid_DestroyWindow@@YAX_N@Z 00436b8d f   vid_dll.obj
 0001:00035bc8       ?Vid_Restart@@YAXXZ        00436bc8 f   vid_dll.obj
 0001:00035bd4       ?Vid_GetModeInfo@@YA_NPAH0H@Z 00436bd4 f   vid_dll.obj
 0001:00035c04       ?Vid_Tick@@YAXXZ           00436c04 f   vid_dll.obj
 0001:00035db4       ?Vid_Init@@YAXXZ           00436db4 f   vid_dll.obj
 0001:00035e7a       ?Vid_Shutdown@@YAXXZ       00436e7a f   vid_dll.obj
 0001:00035e99       ?Tesselate@surfacePlanar_t@OpenGLDrv@@UAEXAAUrefEntity_t@2@@Z 00436e99 f   gl_backend.obj
 0001:00036875       ?Negate@CVec3@@QAEXXZ      00437875 f i gl_backend.obj
 0001:000381a4       ?Tesselate@surfacePoly_t@OpenGLDrv@@UAEXAAUrefEntity_t@2@@Z 004391a4 f   gl_backend.obj
 0001:000382ab       ?Tesselate@surfaceMd3_t@OpenGLDrv@@UAEXAAUrefEntity_t@2@@Z 004392ab f   gl_backend.obj
 0001:00038695       ?DrawTriangles@OpenGLDrv@@YA_NXZ 00439695 f   gl_backend.obj
 0001:000387aa       ?DrawNormals@OpenGLDrv@@YA_NXZ 004397aa f   gl_backend.obj
 0001:000388b4       ?Tesselate@surfaceEntity_t@OpenGLDrv@@UAEXAAUrefEntity_t@2@@Z 004398b4 f   gl_backend.obj
 0001:00038998       ?Tesselate@surfaceParticle_t@OpenGLDrv@@UAEXAAUrefEntity_t@2@@Z 00439998 f   gl_backend.obj
 0001:00038be8       ?BK_DrawScene@OpenGLDrv@@YAXXZ 00439be8 f   gl_backend.obj
 0001:0003920f       ?BK_DrawPic@OpenGLDrv@@YAXPAVshader_t@1@HHHHMMMMIE@Z 0043a20f f   gl_backend.obj
 0001:000393f0       ?BK_DrawText@OpenGLDrv@@YAXPBDHHHHHI@Z 0043a3f0 f   gl_backend.obj
 0001:000395db       ?BK_BeginFrame@OpenGLDrv@@YAXXZ 0043a5db f   gl_backend.obj
 0001:00039674       ?BK_EndFrame@OpenGLDrv@@YAXXZ 0043a674 f   gl_backend.obj
 0001:000396b3       ?BK_Init@OpenGLDrv@@YAXXZ  0043a6b3 f   gl_backend.obj
 0001:000396e2       ?BK_Shutdown@OpenGLDrv@@YAXXZ 0043a6e2 f   gl_backend.obj
 0001:000396fa       ?AllocDynamicMemory@OpenGLDrv@@YAPAXH@Z 0043a6fa f   gl_buffers.obj
 0001:00039765       ?ResizeDynamicMemory@OpenGLDrv@@YAXPAXH@Z 0043a765 f   gl_buffers.obj
 0001:000397a7       ?AddSurfaceToPortal@OpenGLDrv@@YAXPAVsurfaceBase_t@1@PAVshader_t@1@HH@Z 0043a7a7 f   gl_buffers.obj
 0001:00039818       ?InsertShaderIndex@OpenGLDrv@@YAXH@Z 0043a818 f   gl_buffers.obj
 0001:00039851       ?ClearPortal@OpenGLDrv@@YAXXZ 0043a851 f   gl_buffers.obj
 0001:0003986f       ?SortSurfaces@OpenGLDrv@@YAXPAUviewPortal_t@1@PAPAUsurfaceInfo_t@1@@Z 0043a86f f   gl_buffers.obj
 0001:00039a01       ?ClearBuffers@OpenGLDrv@@YAXXZ 0043aa01 f   gl_buffers.obj
 0001:00039a18       ?CreateBuffers@OpenGLDrv@@YAXXZ 0043aa18 f   gl_buffers.obj
 0001:00039a3e       ?FreeBuffers@OpenGLDrv@@YAXXZ 0043aa3e f   gl_buffers.obj
 0001:00039a62       ?InitEntity@model_t@OpenGLDrv@@UAEXPAUentity_t@@PAUrefEntity_t@2@@Z 0043aa62 f   gl_frontend.obj
 0001:00039a65       ?AddSurfaces@model_t@OpenGLDrv@@UAEXPAUrefEntity_t@2@@Z 0043aa65 f   gl_frontend.obj
 0001:00039a93       ?GetLeaf@model_t@OpenGLDrv@@UAEPAUnode_t@2@PAUrefEntity_t@2@@Z 0043aa93 f   gl_frontend.obj
 0001:00039aa4       ?DrawLabel@model_t@OpenGLDrv@@UAEXPAUrefEntity_t@2@@Z 0043aaa4 f   gl_frontend.obj
 0001:00039aa7       ?InitEntity@inlineModel_t@OpenGLDrv@@UAEXPAUentity_t@@PAUrefEntity_t@2@@Z 0043aaa7 f   gl_frontend.obj
 0001:00039af7       ?AddSurfaces@inlineModel_t@OpenGLDrv@@UAEXPAUrefEntity_t@2@@Z 0043aaf7 f   gl_frontend.obj
 0001:00039fd5       ?GetLeaf@inlineModel_t@OpenGLDrv@@UAEPAUnode_t@2@PAUrefEntity_t@2@@Z 0043afd5 f   gl_frontend.obj
 0001:0003a17a       ?DrawLabel@inlineModel_t@OpenGLDrv@@UAEXPAUrefEntity_t@2@@Z 0043b17a f   gl_frontend.obj
 0001:0003a1c0       ?InitEntity@md3Model_t@OpenGLDrv@@UAEXPAUentity_t@@PAUrefEntity_t@2@@Z 0043b1c0 f   gl_frontend.obj
 0001:0003a38f       ?AddSurfaces@md3Model_t@OpenGLDrv@@UAEXPAUrefEntity_t@2@@Z 0043b38f f   gl_frontend.obj
 0001:0003a4c9       ?GetLeaf@md3Model_t@OpenGLDrv@@UAEPAUnode_t@2@PAUrefEntity_t@2@@Z 0043b4c9 f   gl_frontend.obj
 0001:0003a501       ?DrawLabel@md3Model_t@OpenGLDrv@@UAEXPAUrefEntity_t@2@@Z 0043b501 f   gl_frontend.obj
 0001:0003a567       ?InitEntity@sprModel_t@OpenGLDrv@@UAEXPAUentity_t@@PAUrefEntity_t@2@@Z 0043b567 f   gl_frontend.obj
 0001:0003a585       ?AddSurfaces@sprModel_t@OpenGLDrv@@UAEXPAUrefEntity_t@2@@Z 0043b585 f   gl_frontend.obj
 0001:0003a708       ?GetLeaf@sprModel_t@OpenGLDrv@@UAEPAUnode_t@2@PAUrefEntity_t@2@@Z 0043b708 f   gl_frontend.obj
 0001:0003a7e9       ?AddEntity@OpenGLDrv@@YAXPAUentity_t@@@Z 0043b7e9 f   gl_frontend.obj
 0001:0003a975       ?AddDlight@OpenGLDrv@@YAXPAUdlight_t@@@Z 0043b975 f   gl_frontend.obj
 0001:0003ab2d       ?DrawPortal@OpenGLDrv@@YAXXZ 0043bb2d f   gl_frontend.obj
 0001:0003cad1       ?GL_TextureMode@OpenGLDrv@@YAXPBD@Z 0043dad1 f   gl_image.obj
 0001:0003cb79       ?CreateImage@OpenGLDrv@@YAPAVimage_t@1@PBDPAXHHI@Z 0043db79 f   gl_image.obj
 0001:0003d86a       ?LoadDelayedImages@OpenGLDrv@@YAXXZ 0043e86a f   gl_image.obj
 0001:0003d8fd       ?DrawStretchRaw8@OpenGLDrv@@YAXHHHHHHPAEPAI@Z 0043e8fd f   gl_image.obj
 0001:0003dccc       ?SetupGamma@OpenGLDrv@@YAXXZ 0043eccc f   gl_image.obj
 0001:0003de12       ?PerformScreenshot@OpenGLDrv@@YAXXZ 0043ee12 f   gl_image.obj
 0001:0003e09f       ?InitImages@OpenGLDrv@@YAXXZ 0043f09f f   gl_image.obj
 0001:0003e870       ?ShutdownImages@OpenGLDrv@@YAXXZ 0043f870 f   gl_image.obj
 0001:0003e8d7       ?ShowImages@OpenGLDrv@@YAXXZ 0043f8d7 f   gl_image.obj
 0001:0003eb5f       ?FindImage@OpenGLDrv@@YAPAVimage_t@1@PBDI@Z 0043fb5f f   gl_image.obj
 0001:0003eed0       ?GL_Lock@OpenGLDrv@@YAXXZ  0043fed0 f   gl_interface.obj
 0001:0003ef48       ?GL_Unlock@OpenGLDrv@@YAXXZ 0043ff48 f   gl_interface.obj
 0001:0003f10a       ?GL_Bind@OpenGLDrv@@YAXPBVimage_t@1@@Z 0044010a f   gl_interface.obj
 0001:0003f234       ?GL_BindForce@OpenGLDrv@@YAXPBVimage_t@1@@Z 00440234 f   gl_interface.obj
 0001:0003f2b2       ?GL_TexEnv@OpenGLDrv@@YAXI@Z 004402b2 f   gl_interface.obj
 0001:0003f431       ?GL_TexMipBias@OpenGLDrv@@YAXM@Z 00440431 f   gl_interface.obj
 0001:0003f48c       ?GL_TexEnvColor@OpenGLDrv@@YAXPBTcolor_t@@@Z 0044048c f   gl_interface.obj
 0001:0003f53c       ?GL_SelectTexture@OpenGLDrv@@YAXH@Z 0044053c f   gl_interface.obj
 0001:0003f59d       ?GL_TexCoordPointer@OpenGLDrv@@YAXPAX@Z 0044059d f   gl_interface.obj
 0001:0003f5cd       ?GL_SetMultitexture@OpenGLDrv@@YAXH@Z 004405cd f   gl_interface.obj
 0001:0003f6b3       ?GL_DisableTexCoordArrays@OpenGLDrv@@YAXXZ 004406b3 f   gl_interface.obj
 0001:0003f707       ?GL_CullFace@OpenGLDrv@@YAXW4gl_cullMode_t@1@@Z 00440707 f   gl_interface.obj
 0001:0003f758       ?GL_DepthRange@OpenGLDrv@@YAXW4gl_depthMode_t@1@@Z 00440758 f   gl_interface.obj
 0001:0003f78b       ?GL_State@OpenGLDrv@@YAXI@Z 0044078b f   gl_interface.obj
 0001:0003f8db       ?GL_EnableFog@OpenGLDrv@@YAX_N@Z 004408db f   gl_interface.obj
 0001:0003f9d3       ?GL_SetDefaultState@OpenGLDrv@@YAXXZ 004409d3 f   gl_interface.obj
 0001:0003fb2f       ?GL_Set2DMode@OpenGLDrv@@YAXXZ 00440b2f f   gl_interface.obj
 0001:0003fc2a       ?GL_Set3DMode@OpenGLDrv@@YAXPAUviewPortal_t@1@@Z 00440c2a f   gl_interface.obj
 0001:0003fd12       ?ShowLights@OpenGLDrv@@YAXXZ 00440d12 f   gl_light.obj
 0001:000400fb       ?LightForEntity@OpenGLDrv@@YAXPAUrefEntity_t@1@@Z 004410fb f   gl_light.obj
 0001:0004136f       ?DiffuseLight@OpenGLDrv@@YAXPATcolor_t@@M@Z 0044236f f   gl_light.obj
 0001:000415ab       ?InitLightGrid@OpenGLDrv@@YAXXZ 004425ab f   gl_light.obj
 0001:00041651       ?PostLoadLights@OpenGLDrv@@YAXXZ 00442651 f   gl_light.obj
 0001:000418e1       ?LM_Init@OpenGLDrv@@YAXXZ  004428e1 f   gl_lightmap.obj
 0001:000418f7       ?LM_Flush@OpenGLDrv@@YAXPAUlightmapBlock_t@1@@Z 004428f7 f   gl_lightmap.obj
 0001:00041954       ?LM_Done@OpenGLDrv@@YAXXZ  00442954 f   gl_lightmap.obj
 0001:0004197b       ?LM_Save@OpenGLDrv@@YAXPAUlightmapBlock_t@1@@Z 0044297b f   gl_lightmap.obj
 0001:00041993       ?LM_Restore@OpenGLDrv@@YAXPAUlightmapBlock_t@1@@Z 00442993 f   gl_lightmap.obj
 0001:000419ab       ?LM_NewBlock@OpenGLDrv@@YAPAUlightmapBlock_t@1@XZ 004429ab f   gl_lightmap.obj
 0001:00041a0a       ?LM_Rewind@OpenGLDrv@@YAXXZ 00442a0a f   gl_lightmap.obj
 0001:00041a12       ?LM_NextBlock@OpenGLDrv@@YAPAUlightmapBlock_t@1@XZ 00442a12 f   gl_lightmap.obj
 0001:00041a3f       ?LM_CheckMinlight@OpenGLDrv@@YAXPAUdynamicLightmap_t@1@@Z 00442a3f f   gl_lightmap.obj
 0001:00041ad5       ?LM_AllocBlock@OpenGLDrv@@YA_NPAUlightmapBlock_t@1@PAUdynamicLightmap_t@1@@Z 00442ad5 f   gl_lightmap.obj
 0001:00041b8c       ?LM_PutBlock@OpenGLDrv@@YAXPAUdynamicLightmap_t@1@@Z 00442b8c f   gl_lightmap.obj
 0001:00041fb9       ?LM_SortLightStyles@OpenGLDrv@@YAXPAUdynamicLightmap_t@1@@Z 00442fb9 f   gl_lightmap.obj
 0001:0004204a       ?UpdateDynamicLightmap@OpenGLDrv@@YAXPAVsurfacePlanar_t@1@_NI@Z 0044304a f   gl_lightmap.obj
 0001:0004254c       ?LM_IsMonotone@OpenGLDrv@@YA_NPAUdynamicLightmap_t@1@PATcolor_t@@@Z 0044354c f   gl_lightmap.obj
 0001:00042653       ?Init@OpenGLDrv@@YA_NXZ    00443653 f   gl_main.obj
 0001:00042cad       ?Shutdown@OpenGLDrv@@YAX_N@Z 00443cad f   gl_main.obj
 0001:00042d36       ?GL_EnableRendering@OpenGLDrv@@YAX_N@Z 00443d36 f   gl_main.obj
 0001:00042d51       ?BeginFrame@OpenGLDrv@@YAXN@Z 00443d51 f   gl_main.obj
 0001:00042e7b       ?EndFrame@OpenGLDrv@@YAXXZ 00443e7b f   gl_main.obj
 0001:00042e93       ?RenderFrame@OpenGLDrv@@YAXPAUrefdef_t@@@Z 00443e93 f   gl_main.obj
 0001:000436cc       ?Fill8@OpenGLDrv@@YAXHHHHH@Z 004446cc f   gl_main.obj
 0001:0004370f       ?Fill@OpenGLDrv@@YAXHHHHI@Z 0044470f f   gl_main.obj
 0001:0004374b       ?TileClear@OpenGLDrv@@YAXHHHHPBD@Z 0044474b f   gl_main.obj
 0001:00043802       ?DrawStretchPic@OpenGLDrv@@YAXHHHHPBD@Z 00444802 f   gl_main.obj
 0001:0004387f       ?DrawDetailedPic@OpenGLDrv@@YAXHHHHPBD@Z 0044487f f   gl_main.obj
 0001:00043926       ?DrawPic@OpenGLDrv@@YAXHHPBDHH@Z 00444926 f   gl_main.obj
 0001:000439ab       ?BeginRegistration@OpenGLDrv@@YAXPBD@Z 004449ab f   gl_main.obj
 0001:000439cf       ?RegisterPic@OpenGLDrv@@YAPAVCBasicImage@@PBD@Z 004449cf f   gl_main.obj
 0001:000439dd       ?RegisterSkin@OpenGLDrv@@YAPAVCBasicImage@@PBD_N@Z 004449dd f   gl_main.obj
 0001:000439fb       ?RegisterModel@OpenGLDrv@@YAPAVCRenderModel@@PBD@Z 004449fb f   gl_main.obj
 0001:00043a06       ?SetSky@OpenGLDrv@@YAXPBDMABUCVec3@@@Z 00444a06 f   gl_main.obj
 0001:00043aac       ?Screenshot@OpenGLDrv@@YAXHPBD@Z 00444aac f   gl_main.obj
 0001:00043acf       ?GetClientLight@OpenGLDrv@@YAMXZ 00444acf f   gl_main.obj
 0001:00043ad6       ?GetCaps@OpenGLDrv@@YAIXZ  00444ad6 f   gl_main.obj
 0001:00043adc       ?InitFuncTables@OpenGLDrv@@YAXXZ 00444adc f   gl_math.obj
 0001:00043c82       ?BuildRotationAxis@OpenGLDrv@@YAXAAUCAxis@@ABUCVec3@@M@Z 00444c82 f   gl_math.obj
 0001:00043d79       ?GetBoxRect@OpenGLDrv@@YA_NPBUrefEntity_t@1@ABUCVec3@@QAM2_N@Z 00444d79 f   gl_math.obj
 0001:00044083       ?ProjectToScreen@OpenGLDrv@@YA_NABUCVec3@@QAH@Z 00445083 f   gl_math.obj
 0001:000441c6       ?SaturateColor3f@OpenGLDrv@@YAXAAUCVec3@@@Z 004451c6 f   gl_math.obj
 0001:000442b6       ?SaturateColor4b@OpenGLDrv@@YAXPATcolor_t@@@Z 004452b6 f   gl_math.obj
 0001:000443c4       ?SubdividePlane@OpenGLDrv@@YAHPAPAUCVec3@@HM@Z 004453c4 f   gl_poly.obj
 0001:00044813       ?FreeSubdividedPlane@OpenGLDrv@@YAXXZ 00445813 f   gl_poly.obj
 0001:0004482b       ?GetSubdivideIndexes@OpenGLDrv@@YAXPAH@Z 0044582b f   gl_poly.obj
 0001:0004487e       ?RemoveCollinearPoints@OpenGLDrv@@YAHPAPAUCVec3@@H@Z 0044587e f   gl_poly.obj
 0001:00044974       ?GetPolyArea@OpenGLDrv@@YAMPAPAUCVec3@@H@Z 00445974 f   gl_poly.obj
 0001:00044a08       ?InitShaders@OpenGLDrv@@YAXXZ 00445a08 f   gl_shader.obj
 0001:00044b73       ?ShutdownShaders@OpenGLDrv@@YAXXZ 00445b73 f   gl_shader.obj
 0001:00044bb1       ?GetLightmapImage@OpenGLDrv@@YAPAVimage_t@1@H@Z 00445bb1 f   gl_shader.obj
 0001:00044bd9       ?SetShaderLightmap@OpenGLDrv@@YAPAVshader_t@1@PAV21@H@Z 00445bd9 f   gl_shader.obj
 0001:00044ef8       ??4shader_t@OpenGLDrv@@QAEAAV01@ABV01@@Z 00445ef8 f i gl_shader.obj
 0001:00045043       ??4CBasicImage@@QAEAAV0@ABV0@@Z 00446043 f i gl_shader.obj
 0001:0004514b       ?SetShaderLightstyles@OpenGLDrv@@YAPAVshader_t@1@PAV21@I@Z 0044614b f   gl_shader.obj
 0001:000451e9       ?GetAlphaShader@OpenGLDrv@@YAPAVshader_t@1@PAV21@@Z 004461e9 f   gl_shader.obj
 0001:000455c4       ?FindShader@OpenGLDrv@@YAPAVshader_t@1@PBDI@Z 004465c4 f   gl_shader.obj
 0001:00046eb1       ?GetShaderByNum@OpenGLDrv@@YAPAVshader_t@1@H@Z 00447eb1 f   gl_shader.obj
 0001:00046ecf       ?ResetShaders@OpenGLDrv@@YAXXZ 00447ecf f   gl_shader.obj
 0001:000470b7       ?Reload@shader_t@OpenGLDrv@@UAEXXZ 004480b7 f   gl_shader.obj
 0001:000470e6       ?ClearSky@OpenGLDrv@@YAXXZ 004480e6 f   gl_sky.obj
 0001:00047143       ?AddSkySurface@OpenGLDrv@@YAXPAVsurfacePlanar_t@1@E@Z 00448143 f   gl_sky.obj
 0001:000476e9       ?DrawSky@OpenGLDrv@@YAXXZ  004486e9 f   gl_sky.obj
 0001:00047d8d       ?DrawChar@OpenGLDrv@@YAXHHHH@Z 00448d8d f   gl_text.obj
 0001:00047dba       ?DrawConChar@OpenGLDrv@@YAXHHHH@Z 00448dba f   gl_text.obj
 0001:00047def       ?ClearTexts@OpenGLDrv@@YAXXZ 00448def f   gl_text.obj
 0001:00047e04       ?FlushTexts@OpenGLDrv@@YAXXZ 00448e04 f   gl_text.obj
 0001:00047e96       ?DrawTextPos@OpenGLDrv@@YAXHHPBDI@Z 00448e96 f   gl_text.obj
 0001:00047f7d       ?DrawTextLeft@OpenGLDrv@@YAXPBDI@Z 00448f7d f   gl_text.obj
 0001:00048004       ?DrawTextRight@OpenGLDrv@@YAXPBDI@Z 00449004 f   gl_text.obj
 0001:0004804e       ?DrawText3D@OpenGLDrv@@YAXABUCVec3@@PBDI@Z 0044904e f   gl_text.obj
 0001:0004807b       ?InitTexts@OpenGLDrv@@YAXXZ 0044907b f   gl_text.obj
 0001:00048095       ?FindModel@OpenGLDrv@@YAPAVmodel_t@1@PBD@Z 00449095 f   gl_model.obj
 0001:0004826f       ?FreeModels@OpenGLDrv@@YAXXZ 0044926f f   gl_model.obj
 0001:000482e1       ?InitModels@OpenGLDrv@@YAXXZ 004492e1 f   gl_model.obj
 0001:000483d7       ?ShutdownModels@OpenGLDrv@@YAXXZ 004493d7 f   gl_model.obj
 0001:000483e8       ?LoadWorldMap@OpenGLDrv@@YAXPBD@Z 004493e8 f   gl_bspmodel.obj
 0001:00049ef3       ?PointInLeaf@OpenGLDrv@@YAPAUnode_t@1@ABUCVec3@@@Z 0044aef3 f   gl_bspmodel.obj
 0001:00049f3e       ?CALL_CONSTRUCTOR@@YAXPAVinlineModel_t@OpenGLDrv@@@Z 0044af3e f i gl_bspmodel.obj
 0001:00049f54       ?LerpTag@model_t@OpenGLDrv@@UBE_NHHMPBDAAUCCoords@@@Z 0044af54 f   gl_trimodel.obj
 0001:00049f62       ?LerpTag@md3Model_t@OpenGLDrv@@UBE_NHHMPBDAAUCCoords@@@Z 0044af62 f   gl_trimodel.obj
 0001:0004a072       ?LoadMd2@OpenGLDrv@@YAPAVmd3Model_t@1@PBDPAEI@Z 0044b072 f   gl_trimodel.obj
 0001:0004ab8d       ?ATAN2_FUNC@OpenGLDrv@@YAMMM@Z 0044bb8d f i gl_trimodel.obj
 0001:0004ad31       ?LoadMd3@OpenGLDrv@@YAPAVmd3Model_t@1@PBDPAEI@Z 0044bd31 f   gl_trimodel.obj
 0001:0004b1dd       ?LoadSp2@OpenGLDrv@@YAPAVsprModel_t@1@PBDPAEI@Z 0044c1dd f   gl_trimodel.obj
 0001:0004b3f2       ?LoadSpr@OpenGLDrv@@YAPAVsprModel_t@1@PBDPAEI@Z 0044c3f2 f   gl_trimodel.obj
 0001:0004b4f8       ?CALL_CONSTRUCTOR@@YAXPAVmd3Model_t@OpenGLDrv@@@Z 0044c4f8 f i gl_trimodel.obj
 0001:0004b50e       ?CALL_CONSTRUCTOR@@YAXPAVsprModel_t@OpenGLDrv@@@Z 0044c50e f i gl_trimodel.obj
 0001:0004cb0f       ?QGL_Init@OpenGLDrv@@YA_NPBD@Z 0044db0f f   qgl_win.obj
 0001:0004cbf1       ?QGL_Shutdown@OpenGLDrv@@YAXXZ 0044dbf1 f   qgl_win.obj
 0001:0004cc2f       ?QGL_InitExtensions@OpenGLDrv@@YAXXZ 0044dc2f f   qgl_win.obj
 0001:0004d11b       ?QGL_PrintExtensionsString@OpenGLDrv@@YAXPBD00@Z 0044e11b f   qgl_win.obj
 0001:0004d268       ?QGL_EnableLogging@OpenGLDrv@@YAX_N@Z 0044e268 f   qgl_win.obj
 0001:0004d322       ?QGL_LogMessage@OpenGLDrv@@YAXPBD@Z 0044e322 f   qgl_win.obj
 0001:0004d339       ?QGL_SwapBuffers@OpenGLDrv@@YAXXZ 0044e339 f   qgl_win.obj
 0001:0004d3bb       ?GLimp_HasGamma@OpenGLDrv@@YA_NXZ 0044e3bb f   gl_win.obj
 0001:0004d3cf       ?GLimp_SetGamma@OpenGLDrv@@YAXM@Z 0044e3cf f   gl_win.obj
 0001:0004d577       ?GLimp_SetMode@OpenGLDrv@@YA_NPAI0H_N@Z 0044e577 f   gl_win.obj
 0001:0004d96d       ?GLimp_Shutdown@OpenGLDrv@@YAX_N@Z 0044e96d f   gl_win.obj
 0001:0004da1a       ?AppActivate@OpenGLDrv@@YAX_N@Z 0044ea1a f   gl_win.obj
 0001:0004da8a       _jpeg_CreateDecompress     0044ea8a f   lib:jdapimin.obj
 0001:0004db4a       _jpeg_destroy_compress     0044eb4a f   lib:jdapimin.obj
 0001:0004db4a       _jpeg_destroy_decompress   0044eb4a f   lib:jdapimin.obj
 0001:0004db55       _jpeg_read_header          0044eb55 f   lib:jdapimin.obj
 0001:0004dbb7       _jpeg_consume_input        0044ebb7 f   lib:jdapimin.obj
 0001:0004de06       _jpeg_finish_decompress    0044ee06 f   lib:jdapimin.obj
 0001:0004de9d       _jpeg_start_decompress     0044ee9d f   lib:jdapistd.obj
 0001:0004e00a       _jpeg_read_scanlines       0044f00a f   lib:jdapistd.obj
 0001:0004e08e       _jpeg_resync_to_restart    0044f08e f   lib:jdmarker.obj
 0001:0004e253       _jinit_marker_reader       0044f253 f   lib:jdmarker.obj
 0001:0004f71e       _jpeg_CreateCompress       0045071e f   lib:jcapimin.obj
 0001:0004f7d2       _jpeg_suppress_tables      004507d2 f   lib:jcapimin.obj
 0001:0004f81c       _jpeg_finish_compress      0045081c f   lib:jcapimin.obj
 0001:0004f906       _jpeg_start_compress       00450906 f   lib:jcapistd.obj
 0001:0004f972       _jpeg_write_scanlines      00450972 f   lib:jcapistd.obj
 0001:0004fa1d       _jpeg_add_quant_table      00450a1d f   lib:jcparam.obj
 0001:0004facf       _jpeg_quality_scaling      00450acf f   lib:jcparam.obj
 0001:0004faf6       _jpeg_set_quality          00450af6 f   lib:jcparam.obj
 0001:0004fb30       _jpeg_set_defaults         00450b30 f   lib:jcparam.obj
 0001:0004fcf6       _jpeg_default_colorspace   00450cf6 f   lib:jcparam.obj
 0001:0004fd46       _jpeg_set_colorspace       00450d46 f   lib:jcparam.obj
 0001:00050061       _jpeg_stdio_dest           00451061 f   lib:jdatadst.obj
 0001:00050281       _crc32                     00451281 f   lib:crc32.obj
 0001:0005051b       _inflateReset              0045151b f   lib:inflate.obj
 0001:00050569       _inflateInit2_             00451569 f   lib:inflate.obj
 0001:00050622       _inflate                   00451622 f   lib:inflate.obj
 0001:000518f7       _inflateEnd                004528f7 f   lib:inflate.obj
 0001:00051935       _jinit_input_controller    00452935 f   lib:jdinput.obj
 0001:00051e18       _jinit_memory_mgr          00452e18 f   lib:jmemmgr.obj
 0001:00052954       _jpeg_abort                00453954 f   lib:jcomapi.obj
 0001:00052987       _jpeg_destroy              00453987 f   lib:jcomapi.obj
 0001:000529a2       _jpeg_alloc_quant_table    004539a2 f   lib:jcomapi.obj
 0001:000529be       _jpeg_alloc_huff_table     004539be f   lib:jcomapi.obj
 0001:000529da       _jpeg_calc_output_dimensions 004539da f   lib:jdmaster.obj
 0001:00052ada       _jinit_master_decompress   00453ada f   lib:jdmaster.obj
 0001:00052e30       _jdiv_round_up             00453e30 f   lib:jutils.obj
 0001:00052e40       _jround_up                 00453e40 f   lib:jutils.obj
 0001:00052e58       _jcopy_sample_rows         00453e58 f   lib:jutils.obj
 0001:00052e96       _jcopy_block_row           00453e96 f   lib:jutils.obj
 0001:00052eaf       _jzero_far                 00453eaf f   lib:jutils.obj
 0001:00052ec2       _jinit_marker_writer       00453ec2 f   lib:jcmarker.obj
 0001:0005379e       _jinit_compress_master     0045479e f   lib:jcinit.obj
 0001:000537f7       _inflate_fast              004547f7 f   lib:inffast.obj
 0001:00053bac       _inflate_table             00454bac f   lib:inftrees.obj
 0001:00053f60       _adler32                   00454f60 f   lib:adler32.obj
 0001:00054079       _jinit_c_codec             00455079 f   lib:jcodec.obj
 0001:00054095       _jinit_d_codec             00455095 f   lib:jcodec.obj
 0001:000540b1       _jpeg_get_small            004550b1 f   lib:jmemnobs.obj
 0001:000540b1       _jpeg_get_large            004550b1 f   lib:jmemnobs.obj
 0001:000540bd       _jpeg_free_small           004550bd f   lib:jmemnobs.obj
 0001:000540bd       _jpeg_free_large           004550bd f   lib:jmemnobs.obj
 0001:000540c9       _jpeg_mem_available        004550c9 f   lib:jmemnobs.obj
 0001:000540ce       _jpeg_open_backing_store   004550ce f   lib:jmemnobs.obj
 0001:000540e2       _jpeg_mem_term             004550e2 f   lib:jmemnobs.obj
 0001:000540e2       __setargv                  004550e2 f   lib:jmemnobs.obj
 0001:000540e2       ?EndRegistration@OpenGLDrv@@YAXXZ 004550e2 f   lib:jmemnobs.obj
 0001:000540e3       _jinit_d_main_controller   004550e3 f   lib:jdmainct.obj
 0001:0005472e       _jinit_d_post_controller   0045572e f   lib:jdpostct.obj
 0001:000549d9       _jinit_upsampler           004559d9 f   lib:jdsample.obj
 0001:00055017       _jinit_color_deconverter   00456017 f   lib:jdcolor.obj
 0001:0005552d       _jinit_merged_upsampler    0045652d f   lib:jdmerge.obj
 0001:00055a7d       _jinit_2pass_quantizer     00456a7d f   lib:jquant2.obj
 0001:00056b40       _jinit_1pass_quantizer     00457b40 f   lib:jquant1.obj
 0001:00057566       _jinit_c_main_controller   00458566 f   lib:jcmainct.obj
 0001:000576d3       _jinit_c_prep_controller   004586d3 f   lib:jcprepct.obj
 0001:00057c1e       _jinit_downsampler         00458c1e f   lib:jcsample.obj
 0001:0005849e       _jinit_color_converter     0045949e f   lib:jccolor.obj
 0001:00058a88       _jinit_c_master_control    00459a88 f   lib:jcmaster.obj
 0001:00059577       _jinit_lossy_c_codec       0045a577 f   lib:jclossy.obj
 0001:00059612       _jinit_lossless_c_codec    0045a612 f   lib:jclossls.obj
 0001:000596aa       _jinit_lossy_d_codec       0045a6aa f   lib:jdlossy.obj
 0001:0005997d       _jinit_lossless_d_codec    0045a97d f   lib:jdlossls.obj
 0001:00059a2d       _jinit_c_coef_controller   0045aa2d f   lib:jccoefct.obj
 0001:0005a10e       _jinit_shuff_encoder       0045b10e f   lib:jcshuff.obj
 0001:0005a976       _jinit_phuff_encoder       0045b976 f   lib:jcphuff.obj
 0001:0005b41b       _jinit_forward_dct         0045c41b f   lib:jcdctmgr.obj
 0001:0005b6ea       _jinit_c_diff_controller   0045c6ea f   lib:jcdiffct.obj
 0001:0005bc0e       _jinit_lhuff_encoder       0045cc0e f   lib:jclhuff.obj
 0001:0005c33b       _jinit_differencer         0045d33b f   lib:jcpred.obj
 0001:0005c855       _jinit_c_scaler            0045d855 f   lib:jcscale.obj
 0001:0005c8cb       _jinit_d_coef_controller   0045d8cb f   lib:jdcoefct.obj
 0001:0005d5a7       _jinit_shuff_decoder       0045e5a7 f   lib:jdshuff.obj
 0001:0005db3c       _jinit_phuff_decoder       0045eb3c f   lib:jdphuff.obj
 0001:0005e6d9       _jinit_inverse_dct         0045f6d9 f   lib:jddctmgr.obj
 0001:0005e8bd       _jinit_d_diff_controller   0045f8bd f   lib:jddiffct.obj
 0001:0005edeb       _jinit_d_scaler            0045fdeb f   lib:jdscale.obj
 0001:0005eeea       _jinit_undifferencer       0045feea f   lib:jdpred.obj
 0001:0005f2a4       _jinit_lhuff_decoder       004602a4 f   lib:jdlhuff.obj
 0001:0005f699       _jpeg_make_c_derived_tbl   00460699 f   lib:jchuff.obj
 0001:0005f89b       _jpeg_gen_optimal_table    0046089b f   lib:jchuff.obj
 0001:0005fa5a       _jpeg_fdct_float           00460a5a f   lib:jfdctflt.obj
 0001:0005fc5f       _jpeg_make_d_derived_tbl   00460c5f f   lib:jdhuff.obj
 0001:0005fefc       _jpeg_fill_bit_buffer      00460efc f   lib:jdhuff.obj
 0001:0006000b       _jpeg_huff_decode          0046100b f   lib:jdhuff.obj
 0001:000600eb       _jpeg_idct_4x4             004610eb f   lib:jidctred.obj
 0001:000603d9       _jpeg_idct_2x2             004613d9 f   lib:jidctred.obj
 0001:0006059b       _jpeg_idct_1x1             0046159b f   lib:jidctred.obj
 0001:000605d7       _jpeg_idct_float           004615d7 f   lib:jidctflt.obj
 0001:000609b0       __except_handler3          004619b0 f   MSVCRT:MSVCRT.dll
 0001:000609c0       __chkstk                   004619c0 f   MSVCRT:chkstk.obj
 0001:000609c0       __alloca_probe             004619c0 f   MSVCRT:chkstk.obj
 0001:000609ef       ??_Etype_info@@UAEPAXI@Z   004619ef f i MSVCRT:ti_inst.obj
 0001:000609ef       ??_Gtype_info@@UAEPAXI@Z   004619ef f i MSVCRT:ti_inst.obj
 0001:00060a0c       __CxxThrowException@8      00461a0c f   MSVCRT:MSVCRT.dll
 0001:00060a12       _strcpy                    00461a12 f   MSVCRT:MSVCRT.dll
 0001:00060a18       _strlen                    00461a18 f   MSVCRT:MSVCRT.dll
 0001:00060a1e       _strcmp                    00461a1e f   MSVCRT:MSVCRT.dll
 0001:00060a24       _sin                       00461a24 f   MSVCRT:MSVCRT.dll
 0001:00060a2a       _tan                       00461a2a f   MSVCRT:MSVCRT.dll
 0001:00060a30       _cos                       00461a30 f   MSVCRT:MSVCRT.dll
 0001:00060a36       _fmod                      00461a36 f   MSVCRT:MSVCRT.dll
 0001:00060a3c       _strcat                    00461a3c f   MSVCRT:MSVCRT.dll
 0001:00060a42       _acos                      00461a42 f   MSVCRT:MSVCRT.dll
 0001:00060a48       _atan                      00461a48 f   MSVCRT:MSVCRT.dll
 0001:00060a4e       _memcpy                    00461a4e f   MSVCRT:MSVCRT.dll
 0001:00060a54       _memset                    00461a54 f   MSVCRT:MSVCRT.dll
 0001:00060a5a       _sqrt                      00461a5a f   MSVCRT:MSVCRT.dll
 0001:00060a60       _atan2                     00461a60 f   MSVCRT:MSVCRT.dll
 0001:00060a66       __purecall                 00461a66 f   MSVCRT:MSVCRT.dll
 0001:00060a6c       _pow                       00461a6c f   MSVCRT:MSVCRT.dll
 0001:00060a72       _asin                      00461a72 f   MSVCRT:MSVCRT.dll
 0001:00060a78       _WinMainCRTStartup         00461a78 f   MSVCRT:crtexew.obj
 0001:00060bd6       __ftol                     00461bd6 f   MSVCRT:MSVCRT.dll
 0001:00060bdc       ??1type_info@@UAE@XZ       00461bdc f   MSVCRT:MSVCRT.dll
[...]
 0001:0005ea5b       _start_iMCU_row            0045fa5b f   lib:jddiffct.obj
 0001:0005eaa0       _start_output_pass         0045faa0 f   lib:jddiffct.obj
 0001:0005eaac       _decompress_data           0045faac f   lib:jddiffct.obj
 0001:0005ec1c       _process_restart           0045fc1c f   lib:jddiffct.obj
 0001:0005cc3c       _dummy_consume_data        0045dc3c f   lib:jdcoefct.obj
 0001:0005ec51       _consume_data              0045fc51 f   lib:jddiffct.obj
 0001:0005ecc8       _output_data               0045fcc8 f   lib:jddiffct.obj
 0001:0005e74f       _start_pass                0045f74f f   lib:jddctmgr.obj
 0001:0005dba1       _start_pass_phuff_decoder  0045eba1 f   lib:jdphuff.obj
 0001:0005ddea       _decode_mcu_DC_first       0045edea f   lib:jdphuff.obj
 0001:0005dfe2       _process_restart           0045efe2 f   lib:jdphuff.obj
 0001:0005e051       _decode_mcu_AC_first       0045f051 f   lib:jdphuff.obj
 0001:0005e271       _decode_mcu_DC_refine      0045f271 f   lib:jdphuff.obj
 0001:0005e346       _decode_mcu_AC_refine      0045f346 f   lib:jdphuff.obj
 0001:0005d5e8       _start_pass_huff_decoder   0045e5e8 f   lib:jdshuff.obj
 0001:0005d720       _decode_mcu                0045e720 f   lib:jdshuff.obj
 0001:0005dad0       _process_restart           0045ead0 f   lib:jdshuff.obj
 0001:0005c9ce       _start_input_pass          0045d9ce f   lib:jdcoefct.obj
 0001:0005c9e1       _start_iMCU_row            0045d9e1 f   lib:jdcoefct.obj
 0001:0005ca26       _start_output_pass         0045da26 f   lib:jdcoefct.obj
 0001:0005ca63       _decompress_onepass        0045da63 f   lib:jdcoefct.obj
 0001:0005cc3c       _dummy_consume_data        0045dc3c f   lib:jdcoefct.obj
 0001:0005cc3f       _consume_data              0045dc3f f   lib:jdcoefct.obj
 0001:0005cdf8       _decompress_data           0045ddf8 f   lib:jdcoefct.obj
 0001:0005cf64       _smoothing_ok              0045df64 f   lib:jdcoefct.obj
 0001:0005d04f       _decompress_smooth_data    0045e04f f   lib:jdcoefct.obj
 0001:0005c867       _scaler_start_pass         0045d867 f   lib:jcscale.obj
 0001:0005c88a       _simple_downscale          0045d88a f   lib:jcscale.obj
 0001:0005c8b6       _noscale                   0045d8b6 f   lib:jcscale.obj
 0001:0005c35f       _start_pass                0045d35f f   lib:jcpred.obj
 0001:0005c3b7       _reset_predictor           0045d3b7 f   lib:jcpred.obj
 0001:0005c3e4       _jpeg_difference_first_row 0045d3e4 f   lib:jcpred.obj
 0001:0005c4ce       _jpeg_difference1          0045d4ce f   lib:jcpred.obj
 0001:0005c53c       _jpeg_difference2          0045d53c f   lib:jcpred.obj
 0001:0005c5ad       _jpeg_difference3          0045d5ad f   lib:jcpred.obj
 0001:0005c625       _jpeg_difference4          0045d625 f   lib:jcpred.obj
 0001:0005c6b0       _jpeg_difference5          0045d6b0 f   lib:jcpred.obj
 0001:0005c743       _jpeg_difference6          0045d743 f   lib:jcpred.obj
 0001:0005c7d2       _jpeg_difference7          0045d7d2 f   lib:jcpred.obj
 0001:0005bc4e       _start_pass_huff           0045cc4e f   lib:jclhuff.obj
 0001:0005bdeb       _encode_mcus_huff          0045cdeb f   lib:jclhuff.obj
 0001:0005bfd6       _emit_bits                 0045cfd6 f   lib:jclhuff.obj
 0001:0005c079       _dump_buffer               0045d079 f   lib:jclhuff.obj
 0001:0005c09d       _emit_restart              0045d09d f   lib:jclhuff.obj
 0001:0005c0e8       _flush_bits                0045d0e8 f   lib:jclhuff.obj
 0001:0005c10c       _finish_pass_huff          0045d10c f   lib:jclhuff.obj
 0001:0005c179       _encode_mcus_gather        0045d179 f   lib:jclhuff.obj
 0001:0005c2a2       _finish_pass_gather        0045d2a2 f   lib:jclhuff.obj
 0001:0005c338       _need_optimization_pass    0045d338 f   lib:jclhuff.obj
 0001:0005b86e       _start_pass_diff           0045c86e f   lib:jcdiffct.obj
 0001:00059b77       _start_iMCU_row            0045ab77 f   lib:jccoefct.obj
 0001:0005b90c       _compress_data             0045c90c f   lib:jcdiffct.obj
 0001:0005baa2       _compress_first_pass       0045caa2 f   lib:jcdiffct.obj
 0001:0005bb97       _compress_output           0045cb97 f   lib:jcdiffct.obj
 0001:0005b481       _start_pass_fdctmgr        0045c481 f   lib:jcdctmgr.obj
 0001:0005b583       _forward_DCT_float         0045c583 f   lib:jcdctmgr.obj
 0001:0005a9b6       _start_pass_phuff          0045b9b6 f   lib:jcphuff.obj
 0001:0005ab23       _encode_mcu_DC_first       0045bb23 f   lib:jcphuff.obj
 0001:0005ac55       _emit_bits                 0045bc55 f   lib:jcphuff.obj
 0001:0005ad00       _dump_buffer               0045bd00 f   lib:jcphuff.obj
 0001:0005ad38       _emit_symbol               0045bd38 f   lib:jcphuff.obj
 0001:0005ad78       _emit_restart              0045bd78 f   lib:jcphuff.obj
 0001:0005ae01       _emit_eobrun               0045be01 f   lib:jcphuff.obj
 0001:0005ae87       _encode_mcu_AC_first       0045be87 f   lib:jcphuff.obj
 0001:0005b01b       _encode_mcu_DC_refine      0045c01b f   lib:jcphuff.obj
 0001:0005b0d5       _encode_mcu_AC_refine      0045c0d5 f   lib:jcphuff.obj
 0001:0005b2ec       _finish_pass_phuff         0045c2ec f   lib:jcphuff.obj
 0001:0005b33b       _finish_pass_gather_phuff  0045c33b f   lib:jcphuff.obj
 0001:0005b3fe       _need_optimization_pass    0045c3fe f   lib:jcphuff.obj
 0001:0005a151       _start_pass_huff           0045b151 f   lib:jcshuff.obj
 0001:0005a2c6       _encode_mcu_huff           0045b2c6 f   lib:jcshuff.obj
 0001:0005a3d1       _encode_one_block          0045b3d1 f   lib:jcshuff.obj
 0001:0005a548       _emit_bits                 0045b548 f   lib:jcshuff.obj
 0001:0005a5eb       _dump_buffer               0045b5eb f   lib:jcshuff.obj
 0001:0005a60f       _emit_restart              0045b60f f   lib:jcshuff.obj
 0001:0005a67c       _flush_bits                0045b67c f   lib:jcshuff.obj
 0001:0005a6a0       _finish_pass_huff          0045b6a0 f   lib:jcshuff.obj
 0001:0005a70f       _encode_mcu_gather         0045b70f f   lib:jcshuff.obj
 0001:0005a7c5       _htest_one_block           0045b7c5 f   lib:jcshuff.obj
 0001:0005a88c       _finish_pass_gather        0045b88c f   lib:jcshuff.obj
 0001:0005c338       _need_optimization_pass    0045d338 f   lib:jclhuff.obj
 0001:00059ae2       _start_pass_coef           0045aae2 f   lib:jccoefct.obj
 0001:00059b77       _start_iMCU_row            0045ab77 f   lib:jccoefct.obj
 0001:00059bb9       _compress_data             0045abb9 f   lib:jccoefct.obj
 0001:00059da0       _compress_first_pass       0045ada0 f   lib:jccoefct.obj
 0001:00059f86       _compress_output           0045af86 f   lib:jccoefct.obj
 0001:000599fa       _calc_output_dimensions    0045a9fa f   lib:jdlossls.obj
 0001:00059a0b       _start_input_pass          0045aa0b f   lib:jdlossls.obj
 0001:00059739       _calc_output_dimensions    0045a739 f   lib:jdlossy.obj
 0001:000598ac       _start_input_pass          0045a8ac f   lib:jdlossy.obj
 0001:000598cc       _latch_quant_tables        0045a8cc f   lib:jdlossy.obj
 0001:00059964       _start_output_pass         0045a964 f   lib:jdlossy.obj
 0001:00059688       _start_pass                0045a688 f   lib:jclossls.obj
 0001:000595f4       _start_pass                0045a5f4 f   lib:jclossy.obj
 0001:00058b49       _initial_setup             00459b49 f   lib:jcmaster.obj
 0001:00058cfc       _validate_script           00459cfc f   lib:jcmaster.obj
 0001:000590d4       _prepare_for_pass          0045a0d4 f   lib:jcmaster.obj
 0001:0005924c       _select_scan_parameters    0045a24c f   lib:jcmaster.obj
 0001:0005934d       _per_scan_setup            0045a34d f   lib:jcmaster.obj
 0001:000594f8       _pass_startup              0045a4f8 f   lib:jcmaster.obj
 0001:0005951f       _finish_pass_master        0045a51f f   lib:jcmaster.obj
 0001:00058635       _rgb_ycc_start             00459635 f   lib:jccolor.obj
 0001:000586f9       _rgb_ycc_convert           004596f9 f   lib:jccolor.obj
 0001:000587f8       _rgb_gray_convert          004597f8 f   lib:jccolor.obj
 0001:0005887d       _cmyk_ycck_convert         0045987d f   lib:jccolor.obj
 0001:000589b5       _grayscale_convert         004599b5 f   lib:jccolor.obj
 0001:00058a0f       _null_convert              00459a0f f   lib:jccolor.obj
 0001:0002c3b3       _null_method               0042d3b3 f   images.obj
 0001:0002c3b3       _start_pass_downsample     0042d3b3 f   images.obj
 0001:00057d81       _sep_downsample            00458d81 f   lib:jcsample.obj
 0001:00057df6       _int_downsample            00458df6 f   lib:jcsample.obj
 0001:00057eee       _expand_right_edge         00458eee f   lib:jcsample.obj
 0001:00057f43       _fullsize_downsample       00458f43 f   lib:jcsample.obj
 0001:00057f87       _h2v1_downsample           00458f87 f   lib:jcsample.obj
 0001:0005801b       _h2v2_downsample           0045901b f   lib:jcsample.obj
 0001:000580c8       _h2v2_smooth_downsample    004590c8 f   lib:jcsample.obj
 0001:00058340       _fullsize_smooth_downsample 00459340 f   lib:jcsample.obj
 0001:0005777d       _start_pass_prep           0045877d f   lib:jcprepct.obj
 0001:000577bb       _pre_process_data          004587bb f   lib:jcprepct.obj
 0001:00057969       _pre_process_context       00458969 f   lib:jcprepct.obj
 0001:00057b22       _create_context_buffer     00458b22 f   lib:jcprepct.obj
 0001:000575f5       _start_pass_main           004585f5 f   lib:jcmainct.obj
 0001:00057637       _process_data_simple_main  00458637 f   lib:jcmainct.obj
 0001:00056bcb       _create_colormap           00457bcb f   lib:jquant1.obj
 0001:00056cfd       _select_ncolors            00457cfd f   lib:jquant1.obj
 0001:00056dd4       _create_colorindex         00457dd4 f   lib:jquant1.obj
 0001:00056f00       _alloc_fs_workspace        00457f00 f   lib:jquant1.obj
 0001:00056f3c       _start_pass_1_quant        00457f3c f   lib:jquant1.obj
 0001:00057008       _create_odither_tables     00458008 f   lib:jquant1.obj
 0001:00057067       _make_odither_array        00458067 f   lib:jquant1.obj
 0001:000570ca       _color_quantize            004580ca f   lib:jquant1.obj
 0001:00057155       _color_quantize3           00458155 f   lib:jquant1.obj
 0001:000571e3       _quantize_ord_dither       004581e3 f   lib:jquant1.obj
 0001:000572ce       _quantize3_ord_dither      004582ce f   lib:jquant1.obj
 0001:000573ce       _quantize_fs_dither        004583ce f   lib:jquant1.obj
 0001:0002c3b3       _finish_pass_1_quant       0042d3b3 f   images.obj
 0001:00057552       _new_color_map_1_quant     00458552 f   lib:jquant1.obj
 0001:00055b8c       _init_error_limit          00456b8c f   lib:jquant2.obj
 0001:00055c2b       _start_pass_2_quant        00456c2b f   lib:jquant2.obj
 0001:00055d2d       _prescan_quantize          00456d2d f   lib:jquant2.obj
 0001:00055d9c       _pass2_no_dither           00456d9c f   lib:jquant2.obj
 0001:00055e49       _fill_inverse_cmap         00456e49 f   lib:jquant2.obj
 0001:00055f14       _find_nearby_colors        00456f14 f   lib:jquant2.obj
 0001:000560b8       _find_best_colors          004570b8 f   lib:jquant2.obj
 0001:000561d2       _pass2_fs_dither           004571d2 f   lib:jquant2.obj
 0001:00056441       _finish_pass1              00457441 f   lib:jquant2.obj
 0001:00056463       _select_colors             00457463 f   lib:jquant2.obj
 0001:000564ef       _update_box                004574ef f   lib:jquant2.obj
 0001:00056889       _median_cut                00457889 f   lib:jquant2.obj
 0001:0005699d       _find_biggest_color_pop    0045799d f   lib:jquant2.obj
 0001:000569cc       _find_biggest_volume       004579cc f   lib:jquant2.obj
 0001:000569f5       _compute_color             004579f5 f   lib:jquant2.obj
 0001:0002c3b3       _finish_pass2              0042d3b3 f   images.obj
 0001:00056b31       _new_color_map_2_quant     00457b31 f   lib:jquant2.obj
 0001:000555a3       _build_ycc_rgb_table       004565a3 f   lib:jdmerge.obj
 0001:00055653       _start_pass_merged_upsample 00456653 f   lib:jdmerge.obj
 0001:00055668       _merged_2v_upsample        00456668 f   lib:jdmerge.obj
 0001:0005570f       _merged_1v_upsample        0045670f f   lib:jdmerge.obj
 0001:00055740       _h2v1_merged_upsample      00456740 f   lib:jdmerge.obj
 0001:00055896       _h2v2_merged_upsample      00456896 f   lib:jdmerge.obj
 0001:00055147       _build_ycc_rgb_table       00456147 f   lib:jdcolor.obj
 0001:000551f7       _ycc_rgb_convert           004561f7 f   lib:jdcolor.obj
 0001:00055305       _null_convert              00456305 f   lib:jdcolor.obj
 0001:0005537d       _grayscale_convert         0045637d f   lib:jdcolor.obj
 0001:000553a0       _gray_rgb_convert          004563a0 f   lib:jdcolor.obj
 0001:000553f9       _ycck_cmyk_convert         004563f9 f   lib:jdcolor.obj
 0001:0002c3b3       _start_pass_dcolor         0042d3b3 f   images.obj
 0001:00054ba8       _start_pass_upsample       00455ba8 f   lib:jdsample.obj
 0001:00054bc2       _sep_upsample              00455bc2 f   lib:jdsample.obj
 0001:00054c8f       _fullsize_upsample         00455c8f f   lib:jdsample.obj
 0001:00054c9a       _noop_upsample             00455c9a f   lib:jdsample.obj
 0001:00054ca2       _int_upsample              00455ca2 f   lib:jdsample.obj
 0001:00054d8c       _h2v1_upsample             00455d8c f   lib:jdsample.obj
 0001:00054de3       _h2v2_upsample             00455de3 f   lib:jdsample.obj
 0001:00054e55       _h2v1_fancy_upsample       00455e55 f   lib:jdsample.obj
 0001:00054ef8       _h2v2_fancy_upsample       00455ef8 f   lib:jdsample.obj
 0001:000547b1       _start_pass_dpost          004557b1 f   lib:jdpostct.obj
 0001:00054857       _post_process_1pass        00455857 f   lib:jdpostct.obj
 0001:000548bc       _post_process_prepass      004558bc f   lib:jdpostct.obj
 0001:0005494d       _post_process_2pass        0045594d f   lib:jdpostct.obj
 0001:000541b8       _alloc_funny_pointers      004551b8 f   lib:jdmainct.obj
 0001:00054265       _start_pass_main           00455265 f   lib:jdmainct.obj
 0001:000542cd       _make_funny_pointers       004552cd f   lib:jdmainct.obj
 0001:0005440d       _process_data_simple_main  0045540d f   lib:jdmainct.obj
 0001:00054475       _process_data_context_main 00455475 f   lib:jdmainct.obj
 0001:00054587       _set_wraparound_pointers   00455587 f   lib:jdmainct.obj
 0001:00054671       _set_bottom_pointers       00455671 f   lib:jdmainct.obj
 0001:0005470b       _process_data_crank_post   0045570b f   lib:jdmainct.obj
 0001:00052f10       _write_marker_header       00453f10 f   lib:jcmarker.obj
 0001:00052f66       _emit_byte                 00453f66 f   lib:jcmarker.obj
 0001:00052f97       _write_marker_byte         00453f97 f   lib:jcmarker.obj
 0001:00052fa7       _write_file_header         00453fa7 f   lib:jcmarker.obj
 0001:00052ff3       _emit_jfif_app0            00453ff3 f   lib:jcmarker.obj
 0001:000530c6       _emit_adobe_app14          004540c6 f   lib:jcmarker.obj
 0001:0005316c       _write_frame_header        0045416c f   lib:jcmarker.obj
 0001:0005324b       _emit_dqt                  0045424b f   lib:jcmarker.obj
 0001:0005333a       _emit_sof                  0045433a f   lib:jcmarker.obj
 0001:00053416       _write_scan_header         00454416 f   lib:jcmarker.obj
 0001:000534d6       _emit_dht                  004544d6 f   lib:jcmarker.obj
 0001:000535af       _emit_dri                  004545af f   lib:jcmarker.obj
 0001:000535fe       _emit_sos                  004545fe f   lib:jcmarker.obj
 0001:000536ec       _write_file_trailer        004546ec f   lib:jcmarker.obj
 0001:0005370c       _write_tables_only         0045470c f   lib:jcmarker.obj
 0001:00052a65       _use_merged_upsample       00453a65 f   lib:jdmaster.obj
 0001:00052b0b       _master_selection          00453b0b f   lib:jdmaster.obj
 0001:00052c68       _prepare_range_limit_table 00453c68 f   lib:jdmaster.obj
 0001:00052cee       _prepare_for_output_pass   00453cee f   lib:jdmaster.obj
 0001:00052e0f       _finish_output_pass        00453e0f f   lib:jdmaster.obj
 0001:00051edc       _alloc_small               00452edc f   lib:jmemmgr.obj
 0001:00051ffa       _alloc_large               00452ffa f   lib:jmemmgr.obj
 0001:000520ab       _alloc_sarray              004530ab f   lib:jmemmgr.obj
 0001:00052143       _alloc_barray              00453143 f   lib:jmemmgr.obj
 0001:000521e7       _alloc_darray              004531e7 f   lib:jmemmgr.obj
 0001:00052292       _request_virt_sarray       00453292 f   lib:jmemmgr.obj
 0001:000522f3       _request_virt_barray       004532f3 f   lib:jmemmgr.obj
 0001:00052354       _realize_virt_arrays       00453354 f   lib:jmemmgr.obj
 0001:000524d7       _access_virt_sarray        004534d7 f   lib:jmemmgr.obj
 0001:000525f7       _do_sarray_io              004535f7 f   lib:jmemmgr.obj
 0001:00052687       _access_virt_barray        00453687 f   lib:jmemmgr.obj
 0001:000527ac       _do_barray_io              004537ac f   lib:jmemmgr.obj
 0001:0005283d       _free_pool                 0045383d f   lib:jmemmgr.obj
 0001:00052924       _self_destruct             00453924 f   lib:jmemmgr.obj
 0001:00051976       _start_input_pass          00452976 f   lib:jdinput.obj
 0001:000519a4       _per_scan_setup            004529a4 f   lib:jdinput.obj
 0001:00051b2a       _finish_input_pass         00452b2a f   lib:jdinput.obj
 0001:00051b3b       _consume_markers           00452b3b f   lib:jdinput.obj
 0001:00051bd7       _initial_setup             00452bd7 f   lib:jdinput.obj
 0001:00051de1       _reset_input_controller    00452de1 f   lib:jdinput.obj
 0001:0005172f       _fixedtables               0045272f f   lib:inflate.obj
 0001:00051819       _updatewindow              00452819 f   lib:inflate.obj
 0001:00050161       _make_crc_table            00451161 f   lib:crc32.obj
 0001:000502ae       _crc32_little              004512ae f   lib:crc32.obj
 0001:0005009d       _init_destination          0045109d f   lib:jdatadst.obj
 0001:000500c3       _empty_output_buffer       004510c3 f   lib:jdatadst.obj
 0001:00050105       _term_destination          00451105 f   lib:jdatadst.obj
 0001:0004fc24       _std_huff_tables           00450c24 f   lib:jcparam.obj
 0001:0004fc7e       _add_huff_table            00450c7e f   lib:jcparam.obj
 0001:0004e17c       _next_marker               0044f17c f   lib:jdmarker.obj
 0001:0004e2b6       _get_interesting_appn      0044f2b6 f   lib:jdmarker.obj
 0001:0004e3e1       _examine_app0              0044f3e1 f   lib:jdmarker.obj
 0001:0004e5ef       _examine_app14             0044f5ef f   lib:jdmarker.obj
 0001:0004e6b0       _skip_variable             0044f6b0 f   lib:jdmarker.obj
 0001:0004e753       _read_markers              0044f753 f   lib:jdmarker.obj
 0001:0004e95b       _get_soi                   0044f95b f   lib:jdmarker.obj
 0001:0004ea06       _get_sof                   0044fa06 f   lib:jdmarker.obj
 0001:0004ed0f       _get_sos                   0044fd0f f   lib:jdmarker.obj
 0001:0004effd       _get_dht                   0044fffd f   lib:jdmarker.obj
 0001:0004f29e       _get_dqt                   0045029e f   lib:jdmarker.obj
 0001:0004f4fa       _get_dri                   004504fa f   lib:jdmarker.obj
 0001:0004f5d9       _first_marker              004505d9 f   lib:jdmarker.obj
 0001:0004f675       _read_restart_marker       00450675 f   lib:jdmarker.obj
 0001:0004f6f3       _reset_marker_reader       004506f3 f   lib:jdmarker.obj
 0001:0004df60       _output_pass_setup         0044ef60 f   lib:jdapistd.obj
 0001:0004dc53       _default_decompress_parms  0044ec53 f   lib:jdapimin.obj

 182 bytes saved through ICF

