 quake2

 Timestamp is 422f3e3d (Wed Mar 09 21:19:41 2005)

 Preferred load address is 00400000

 Start         Length     Name                   Class
 0001:00000000 0005eaf0H .text                   CODE
 0002:00000000 00000278H .idata$5                DATA
 0002:00000278 000052dcH .rdata                  DATA
 0002:00005558 00000044H .rdata$r                DATA
 0002:000055a0 00000038H .xdata$x                DATA
 0002:000055d8 00000078H .idata$2                DATA
 0002:00005650 00000014H .idata$3                DATA
 0002:00005664 00000278H .idata$4                DATA
 0002:000058dc 000007fcH .idata$6                DATA
 0002:000060d8 00000000H .edata                  DATA
 0003:00000000 00000004H .CRT$XCA                DATA
 0003:00000004 00000068H .CRT$XCU                DATA
 0003:0000006c 00000004H .CRT$XCZ                DATA
 0003:00000070 00000004H .CRT$XIA                DATA
 0003:00000074 00000004H .CRT$XIZ                DATA
 0003:00000080 0000d0bcH .data                   DATA
 0003:0000d140 0031b1f4H .bss                    DATA
 0004:00000000 00000130H .rsrc$01                DATA
 0004:00000130 00003f20H .rsrc$02                DATA

  Address         Publics by Value              Rva+Base     Lib:Object

 0001:00000000       ??3@YAXPAX@Z               00401000 f i CoreMain.obj
 0001:0000000b       ?appInit@@YAXXZ            0040100b f   CoreMain.obj
 0001:0000006e       ?appExit@@YAXXZ            0040106e f   CoreMain.obj
 0001:00000073       ?appLoadDebugSymbols@@YAXXZ 00401073 f   DbgSymbols.obj
 0001:00000276       ?appSymbolName@@YA_NIPADH@Z 00401276 f   DbgSymbols.obj
 0001:00000362       ?appSymbolName@@YAPBDI@Z   00401362 f   DbgSymbols.obj
 0001:00000394       ?appMalloc@@YAPAXIH@Z      00401394 f   Memory.obj
 0001:00000442       ?appFree@@YAXPAX@Z         00401442 f   Memory.obj
 0001:00000470       ?Unlink@FMemHeader@@QAEXXZ 00401470 f i Memory.obj
 0001:0000049b       ?Link@CMemoryChain@@AAEXXZ 0040149b f   Memory.obj
 0001:000004ba       ?Unlink@CMemoryChain@@AAEXXZ 004014ba f   Memory.obj
 0001:000004e5       ??2CMemoryChain@@SAPAXIH@Z 004014e5 f   Memory.obj
 0001:00000557       ??3CMemoryChain@@SAXPAX@Z  00401557 f   Memory.obj
 0001:0000058a       ?Alloc@CMemoryChain@@QAEPAXIH@Z 0040158a f   Memory.obj
 0001:000005f4       ?appInitMemory@@YAXXZ      004015f4 f   Memory.obj
 0001:00000b2d       ?Write@COutputDeviceNull@@UAEXPBD@Z 00401b2d f i OutputDevice.obj
 0001:00000b30       ?appWPrintf@@YAXPBDZZ      00401b30 f   OutputDevice.obj
 0001:00000b81       ?appFatalError@@YAXPBDZZ   00401b81 f   ErrorMgr.obj
 0001:00000bbb       ?appNonFatalError@@YAXPBDZZ 00401bbb f   ErrorMgr.obj
 0001:00000c19       ?appUnwindPrefix@@YAXPBD@Z 00401c19 f   ErrorMgr.obj
 0001:00000c70       ?appUnwindThrow@@YAXPBDZZ  00401c70 f   ErrorMgr.obj
 0001:00000cf7       ?Reset@CErrorHandler@@QAEXXZ 00401cf7 f   ErrorMgr.obj
 0001:00000d21       ?appInitError@@YAXXZ       00401d21 f   ErrorMgr.obj
 0001:00000ddf       ?appStricmp@@YAHPBD0@Z     00401ddf f   Strings.obj
 0001:00000e14       ?toLower@@YADD@Z           00401e14 f i Strings.obj
 0001:00000e2b       ?appStrcpy@@YAXPADPBD@Z    00401e2b f   Strings.obj
 0001:00000e3e       ?appStrncpylwr@@YAXPADPBDH@Z 00401e3e f   Strings.obj
 0001:00000e76       ?appStrncpyz@@YAXPADPBDH@Z 00401e76 f   Strings.obj
 0001:00000ea3       ?appStrcatn@@YAXPADHPBD@Z  00401ea3 f   Strings.obj
 0001:00000ece       ?appCopyFilename@@YAXPADPBDH@Z 00401ece f   Strings.obj
 0001:00000f6a       ?appCStrlen@@YAHPBD@Z      00401f6a f   Strings.obj
 0001:00000f8f       ?appUncolorizeString@@YAXPADPBD@Z 00401f8f f   Strings.obj
 0001:00000fbf       ?va@@YAPBDPBDZZ            00401fbf f   Strings.obj
 0001:0000105b       ?appSprintf@@YAHPADHPBDZZ  0040205b f   Strings.obj
 0001:000010a6       ?appMatchWildcard@@YA_NPBD0_N@Z 004020a6 f   Strings.obj
 0001:00001226       ?CopyString@@YAPADPBD@Z    00402226 f   Strings.obj
 0001:00001266       ?CopyString@@YAPADPBDPAVCMemoryChain@@@Z 00402266 f   Strings.obj
 0001:0000129a       ??2CStringItem@@SAPAXIPBD@Z 0040229a f   Strings.obj
 0001:000012e3       ??2CStringItem@@SAPAXIPBDPAVCMemoryChain@@@Z 004022e3 f   Strings.obj
 0001:00001320       ?Find@CStringList@@IAEPAVCStringItem@@PBDPAPAV2@@Z 00402320 f   Strings.obj
 0001:00001363       ?Find@CStringList@@IAEPAVCStringItem@@H@Z 00402363 f   Strings.obj
 0001:0000137c       ?IndexOf@CStringList@@QAEHPBD@Z 0040237c f   Strings.obj
 0001:000013a9       ?Remove@CStringList@@QAE_NPAVCStringItem@@@Z 004023a9 f   Strings.obj
 0001:000013d5       ?Free@CStringList@@QAEXXZ  004023d5 f   Strings.obj
 0001:000013ee       ?appMillisecondsf@@YANXZ   004023ee f   CoreWin32.obj
 0001:00001427       ?appMilliseconds@@YAIXZ    00402427 f   CoreWin32.obj
 0001:0000145c       ?appInitPlatform@@YAXXZ    0040245c f   CoreWin32.obj
 0001:0000175a       ?appShutdownPlatform@@YAXXZ 0040275a f   CoreWin32.obj
 0001:00001763       ?osAddressInfo@@YA_NIPADHPAH@Z 00402763 f   DbgSymbolsWin32.obj
 0001:000017f7       ?osModuleInfo@@YA_NIPADHPAH@Z 004027f7 f   DbgSymbolsWin32.obj
 0001:0000199f       ?win32ExceptFilter@@YAHPAU_EXCEPTION_POINTERS@@@Z 0040299f f   ExceptFilterWin32.obj
 0001:00001ed8       ?win32ExceptFilter2@@YAHXZ 00402ed8 f   ExceptFilterWin32.obj
 0001:00001ee4       ?SCR_StopCinematic@@YAXXZ  00402ee4 f   cl_cin.obj
 0001:00001f78       ?SCR_DrawCinematic@@YA_NXZ 00402f78 f   cl_cin.obj
 0001:000023db       ?SCR_PlayCinematic@@YAXPAD@Z 004033db f   cl_cin.obj
 0001:0000273c       ?CL_Download_f@@YAX_NHPAPAD@Z 0040373c f   cl_download.obj
 0001:00002aed       ?CL_ParseDownload@@YAXXZ   00403aed f   cl_download.obj
 0001:000032fa       ?CL_Precache_f@@YAXHPAPAD@Z 004042fa f   cl_download.obj
 0001:00003358       ?CL_ParseDelta@@YAXPAUentityState_t@@0HI_N@Z 00404358 f   cl_ents.obj
 0001:00003571       ?CL_ParsePacketEntities@@YAXPAUframe_t@@0@Z 00404571 f   cl_ents.obj
 0001:000038dc       ?CL_FireEntityEvents@@YAXPAUframe_t@@@Z 004048dc f   cl_ents.obj
 0001:0000392e       ?CL_ParseFrame@@YAXXZ      0040492e f   cl_ents.obj
 0001:00003c20       ?CL_AddEntityBox@@YAXPAUentityState_t@@I@Z 00404c20 f   cl_ents.obj
 0001:00003d05       ?CL_OffsetThirdPersonView@@YAXXZ 00404d05 f   cl_ents.obj
 0001:00003dbf       ?CL_CalcViewValues@@YAXXZ  00404dbf f   cl_ents.obj
 0001:000040c8       ?CL_AddEntities@@YAXXZ     004050c8 f   cl_ents.obj
 0001:00004e51       ?CL_GetEntitySoundOrigin@@YAXHQAM@Z 00405e51 f   cl_ents.obj
 0001:00004e89       ?CL_ClearLightStyles@@YAXXZ 00405e89 f   cl_fx.obj
 0001:00004f0b       ?CL_RunLightStyles@@YAXXZ  00405f0b f   cl_fx.obj
 0001:00004faa       ?CL_SetLightstyle@@YAXHPBD@Z 00405faa f   cl_fx.obj
 0001:0000500b       ?CL_ClearDlights@@YAXXZ    0040600b f   cl_fx.obj
 0001:0000501c       ?CL_AllocDlight@@YAPAUcdlight_t@@HQAM@Z 0040601c f   cl_fx.obj
 0001:00005085       ?CL_AddDLights@@YAXXZ      00406085 f   cl_fx.obj
 0001:000050e5       ?CL_ClearParticles@@YAXXZ  004060e5 f   cl_fx.obj
 0001:0000514c       ?CL_AllocParticleTrace@@YAPAUparticleTrace_t@@QAM0MM@Z 0040614c f   cl_fx.obj
 0001:000051ec       ?CL_AllocParticleBeam@@YAPAUbeam_s@@QAM0MM@Z 004061ec f   cl_fx.obj
 0001:0000525f       ?CL_AllocParticle@@YAPAUparticle_s@@XZ 0040625f f   cl_fx.obj
 0001:000052ad       ?CL_UpdateParticles@@YAXXZ 004062ad f   cl_fx.obj
 0001:0000589f       ?CL_MetalSparks@@YAXQAM0H@Z 0040689f f   cl_fx.obj
 0001:0000598c       ?CL_ParseMuzzleFlash@@YAXXZ 0040698c f   cl_fx.obj
 0001:00005d22       ?CL_ParseMuzzleFlash2@@YAXXZ 00406d22 f   cl_fx.obj
 0001:00006365       ?CL_ParticleEffect@@YAXQAM0HH@Z 00407365 f   cl_fx.obj
 0001:00006434       ?CL_ParticleEffect2@@YAXQAM0HH@Z 00407434 f   cl_fx.obj
 0001:000064ff       ?CL_ParticleEffect3@@YAXQAM0HH@Z 004074ff f   cl_fx.obj
 0001:000065cf       ?CL_TeleporterParticles@@YAXPAUentityState_t@@@Z 004075cf f   cl_fx.obj
 0001:00006686       ?CL_LogoutEffect@@YAXQAMH@Z 00407686 f   cl_fx.obj
 0001:00006771       ?CL_ItemRespawnParticles@@YAXQAM@Z 00407771 f   cl_fx.obj
 0001:00006820       ?CL_ExplosionParticles@@YAXQAM@Z 00407820 f   cl_fx.obj
 0001:000068ca       ?CL_BigTeleportParticles@@YAXQAM@Z 004078ca f   cl_fx.obj
 0001:00006a21       ?CL_BlasterParticles@@YAXQAM0@Z 00407a21 f   cl_fx.obj
 0001:00006aed       ?CL_BlasterTrail@@YAXQAM0@Z 00407aed f   cl_fx.obj
 0001:00006be0       ?CL_FlagTrail@@YAXQAM0H@Z  00407be0 f   cl_fx.obj
 0001:00006cdb       ?CL_DiminishingTrail@@YAXQAM0PAUcentity_t@@H@Z 00407cdb f   cl_fx.obj
 0001:00006f3f       ?CL_RocketTrail@@YAXQAM0PAUcentity_t@@@Z 00407f3f f   cl_fx.obj
 0001:0000706c       ?CL_RailTrail@@YAXQAM0@Z   0040806c f   cl_fx.obj
 0001:00007292       ?CL_RailTrailExt@@YAXQAM0EE@Z 00408292 f   cl_fx.obj
 0001:00007396       ?CL_IonripperTrail@@YAXQAM0@Z 00408396 f   cl_fx.obj
 0001:000074a9       ?CL_BubbleTrail@@YAXQAM0@Z 004084a9 f   cl_fx.obj
 0001:000075ba       ?CL_FlyParticles@@YAXQAMH@Z 004085ba f   cl_fx.obj
 0001:0000775a       ?CL_FlyEffect@@YAXPAUcentity_t@@QAM@Z 0040875a f   cl_fx.obj
 0001:000077c2       ?CL_BfgParticles@@YAXPAUentity_t@@@Z 004087c2 f   cl_fx.obj
 0001:0000799d       ?CL_TrapParticles@@YAXPAUentity_t@@@Z 0040899d f   cl_fx.obj
 0001:00007c20       ?CL_BFGExplosionParticles@@YAXQAM@Z 00408c20 f   cl_fx.obj
 0001:00007cca       ?CL_TeleportParticles@@YAXQAM@Z 00408cca f   cl_fx.obj
 0001:00007e03       ?CL_EntityEvent@@YAXPAUentityState_t@@@Z 00408e03 f   cl_fx.obj
 0001:00007fde       ?CL_ClearEffects@@YAXXZ    00408fde f   cl_fx.obj
 0001:00007fed       ?IN_CenterView@@YAXXZ      00408fed f   cl_input.obj
 0001:0000800e       ?CL_InitInput@@YAXXZ       0040900e f   cl_input.obj
 0001:000085aa       ?CL_SendCmd@@YAXXZ         004095aa f   cl_input.obj
 0001:00008ca5       ?CL_WriteDemoMessage@@YAXXZ 00409ca5 f   cl_main.obj
 0001:00008ce7       ?Cmd_ForwardToServer@@YAXHPAPAD@Z 00409ce7 f   cl_main.obj
 0001:00008daa       ?CL_ForwardToServer_f@@YAXHPAPAD@Z 00409daa f   cl_main.obj
 0001:00008df2       ?CL_Pause@@YAX_N@Z         00409df2 f   cl_main.obj
 0001:00008e34       ?CL_Quit_f@@YAXXZ          00409e34 f   cl_main.obj
 0001:00008e3e       ?CL_Drop@@YAX_N@Z          00409e3e f   cl_main.obj
 0001:00008e61       ?CL_SendConnectPacket@@YAXXZ 00409e61 f   cl_main.obj
 0001:00008f38       ?CL_CheckForResend@@YAXXZ  00409f38 f   cl_main.obj
 0001:0000903d       ?CL_Connect_f@@YAX_NHPAPAD@Z 0040a03d f   cl_main.obj
 0001:000090c0       ?CL_Rcon_f@@YAXHPAPAD@Z    0040a0c0 f   cl_main.obj
 0001:000091c8       ?CL_Disconnect@@YAXXZ      0040a1c8 f   cl_main.obj
 0001:00009378       ?CL_Disconnect_f@@YAXXZ    0040a378 f   cl_main.obj
 0001:00009382       ?CL_Changing_f@@YAXXZ      0040a382 f   cl_main.obj
 0001:000093a6       ?CL_Reconnect_f@@YAXXZ     0040a3a6 f   cl_main.obj
 0001:00009442       ?CL_PingServers_f@@YAXXZ   0040a442 f   cl_main.obj
 0001:000095ad       ?CL_Skins_f@@YAXXZ         0040a5ad f   cl_main.obj
 0001:00009880       ?CL_ConnectionlessPacket@@YAXXZ 0040a880 f   cl_main.obj
 0001:0000997f       ?CL_ReadPackets@@YAXXZ     0040a97f f   cl_main.obj
 0001:00009ac4       ?CL_FixUpGender@@YAXXZ     0040aac4 f   cl_main.obj
 0001:00009b76       ?CL_Userinfo_f@@YAXXZ      0040ab76 f   cl_main.obj
 0001:00009b8e       ?CL_RegisterSounds@@YAXXZ  0040ab8e f   cl_main.obj
 0001:00009bcd       ?CL_Snd_Restart_f@@YAXXZ   0040abcd f   cl_main.obj
 0001:00009bdc       ?CL_WriteConfiguration@@YAXPAD@Z 0040abdc f   cl_main.obj
 0001:00009c97       ?CL_WriteConfig_f@@YAX_NHPAPAD@Z 0040ac97 f   cl_main.obj
 0001:00009cf6       ?CL_FixCvarCheats@@YAXXZ   0040acf6 f   cl_main.obj
 0001:00009d50       ?CL_Frame@@YAXMM@Z         0040ad50 f   cl_main.obj
 0001:00009f38       ?CL_ClearState@@YAXXZ      0040af38 f   cl_main.obj
 0001:00009f70       ?CL_Init@@YAXXZ            0040af70 f   cl_main.obj
 0001:0000a45d       ?CL_Shutdown@@YAX_N@Z      0040b45d f   cl_main.obj
 0001:0000a4b2       ?CL_Flashlight@@YAXHQAM@Z  0040b4b2 f   cl_newfx.obj
 0001:0000a4ec       ?CL_ColorFlash@@YAXQAMHHMMM@Z 0040b4ec f   cl_newfx.obj
 0001:0000a528       ?CL_DebugTrail@@YAXQAM0@Z  0040b528 f   cl_newfx.obj
 0001:0000a608       ?CL_ForceWall@@YAXQAM0H@Z  0040b608 f   cl_newfx.obj
 0001:0000a72f       ?CL_BubbleTrail2@@YAXQAM0H@Z 0040b72f f   cl_newfx.obj
 0001:0000a857       ?CL_Heatbeam@@YAXQAM0@Z    0040b857 f   cl_newfx.obj
 0001:0000aaea       ?CL_ParticleSteamEffect@@YAXQAM0HHH@Z 0040baea f   cl_newfx.obj
 0001:0000ac14       ?CL_ParticleSteamEffect2@@YAXPAUcl_sustain_s@@@Z 0040bc14 f   cl_newfx.obj
 0001:0000ad4b       ?CL_TrackerTrail@@YAXQAM0H@Z 0040bd4b f   cl_newfx.obj
 0001:0000ae9b       ?CL_Tracker_Shell@@YAXQAM@Z 0040be9b f   cl_newfx.obj
 0001:0000af24       ?CL_MonsterPlasma_Shell@@YAXQAM@Z 0040bf24 f   cl_newfx.obj
 0001:0000afaa       ?CL_Widowbeamout@@YAXPAUcl_sustain_s@@@Z 0040bfaa f   cl_newfx.obj
 0001:0000b066       ?CL_Nukeblast@@YAXPAUcl_sustain_s@@@Z 0040c066 f   cl_newfx.obj
 0001:0000b122       ?CL_WidowSplash@@YAXQAM@Z  0040c122 f   cl_newfx.obj
 0001:0000b1ea       ?CL_TagTrail@@YAXQAM0H@Z   0040c1ea f   cl_newfx.obj
 0001:0000b2e5       ?CL_ColorExplosionParticles@@YAXQAMHH@Z 0040c2e5 f   cl_newfx.obj
 0001:0000b392       ?CL_ParticleSmokeEffect@@YAXQAM0HHH@Z 0040c392 f   cl_newfx.obj
 0001:0000b4ba       ?CL_BlasterParticles2@@YAXQAM0I@Z 0040c4ba f   cl_newfx.obj
 0001:0000b587       ?CL_BlasterTrail2@@YAXQAM0@Z 0040c587 f   cl_newfx.obj
 0001:0000b67a       ?CL_LoadClientinfo@@YAXPAUclientinfo_t@@PAD@Z 0040c67a f   cl_parse.obj
 0001:0000b961       ?CL_ParseClientinfo@@YAXH@Z 0040c961 f   cl_parse.obj
 0001:0000b985       ?CL_ParseServerMessage@@YAXXZ 0040c985 f   cl_parse.obj
 0001:0000c14c       ?CL_CheckPredictionError@@YAXXZ 0040d14c f   cl_pred.obj
 0001:0000c2ec       ?CL_EntityTrace@@YAXPAUtrace_t@@QAM111H@Z 0040d2ec f   cl_pred.obj
 0001:0000c6a7       ?CL_Trace@@YAXPAUtrace_t@@QAM111H@Z 0040d6a7 f   cl_pred.obj
 0001:0000c729       ?CL_PMpointcontents@@YAHQAM@Z 0040d729 f   cl_pred.obj
 0001:0000c8b4       ?CL_PredictMovement@@YAXXZ 0040d8b4 f   cl_pred.obj
 0001:0000cc56       ?DrawString@@YAXHHPBD@Z    0040dc56 f   cl_scrn.obj
 0001:0000cc9b       ?SCR_DebugGraph@@YAXMH@Z   0040dc9b f   cl_scrn.obj
 0001:0000ccc3       ?SCR_CenterPrint@@YAXPAD@Z 0040dcc3 f   cl_scrn.obj
 0001:0000cdc7       ?Key_Message@@YAXH@Z       0040ddc7 f   cl_scrn.obj
 0001:0000ce63       ?SCR_SetLevelshot@@YAXPBD@Z 0040de63 f   cl_scrn.obj
 0001:0000cf47       ?SCR_BeginLoadingPlaque@@YAXXZ 0040df47 f   cl_scrn.obj
 0001:0000cfcc       ?SCR_EndLoadingPlaque@@YAX_N@Z 0040dfcc f   cl_scrn.obj
 0001:0000d051       ?SCR_ShowConsole@@YAX_N0@Z 0040e051 f   cl_scrn.obj
 0001:0000d128       ?SCR_ToggleConsole@@YAXXZ  0040e128 f   cl_scrn.obj
 0001:0000d150       ?SCR_TouchPics@@YAXXZ      0040e150 f   cl_scrn.obj
 0001:0000d1c0       ?SCR_UpdateScreen@@YAXXZ   0040e1c0 f   cl_scrn.obj
 0001:0000e517       ?SCR_Init@@YAXXZ           0040f517 f   cl_scrn.obj
 0001:0000e7fb       ?CL_RegisterTEntSounds@@YAXXZ 0040f7fb f   cl_tent.obj
 0001:0000ea40       ?CL_RegisterTEntModels@@YAXXZ 0040fa40 f   cl_tent.obj
 0001:0000eb84       ?CL_ClearTEnts@@YAXXZ      0040fb84 f   cl_tent.obj
 0001:0000ebb8       ?CL_AllocExplosion@@YAPAUexplosion_t@@QAMW4exptype_t@@@Z 0040fbb8 f   cl_tent.obj
 0001:0000ec54       ?CL_AddExplosions@@YAXXZ   0040fc54 f   cl_tent.obj
 0001:0000edee       ?CL_SmokeAndFlash@@YAXQAM@Z 0040fdee f   cl_tent.obj
 0001:0000ee36       ?CL_ParseBeam@@YAHPAUmodel_t@@@Z 0040fe36 f   cl_tent.obj
 0001:0000ef15       ?CL_ParseBeam2@@YAHPAUmodel_t@@@Z 0040ff15 f   cl_tent.obj
 0001:0000efec       ?CL_ParsePlayerBeam@@YAHPAUmodel_t@@@Z 0040ffec f   cl_tent.obj
 0001:0000f0fa       ?CL_ParseLightning@@YAHPAUmodel_t@@@Z 004100fa f   cl_tent.obj
 0001:0000f1c6       ?CL_ParseLaser@@YAXI@Z     004101c6 f   cl_tent.obj
 0001:0000f242       ?CL_ParseSteam@@YAXXZ      00410242 f   cl_tent.obj
 0001:0000f353       ?CL_ParseWidow@@YAXXZ      00410353 f   cl_tent.obj
 0001:0000f3bf       ?CL_ParseNuke@@YAXXZ       004103bf f   cl_tent.obj
 0001:0000f429       ?CL_ParseTEnt@@YAXXZ       00410429 f   cl_tent.obj
 0001:00010244       ?CL_AddBeams@@YAXXZ        00411244 f   cl_tent.obj
 0001:00010580       ?CL_AddPlayerBeams@@YAXXZ  00411580 f   cl_tent.obj
 0001:00010c70       ?CL_ProcessSustain@@YAXXZ  00411c70 f   cl_tent.obj
 0001:00010cb1       ?CL_AddTEnts@@YAXXZ        00411cb1 f   cl_tent.obj
 0001:00010cc5       ?V_AddEntity@@YAXPAUentity_t@@@Z 00411cc5 f   cl_view.obj
 0001:00010cf4       ?V_AddLight@@YAXQAMMMMM@Z  00411cf4 f   cl_view.obj
 0001:00010d39       ?V_TestParticles@@YAXXZ    00411d39 f   cl_view.obj
 0001:00010df7       ?V_TestEntities@@YAXXZ     00411df7 f   cl_view.obj
 0001:00010e8d       ?V_TestLights@@YAXXZ       00411e8d f   cl_view.obj
 0001:00010f5b       ?CL_PrepRefresh@@YAXXZ     00411f5b f   cl_view.obj
 0001:00011220       ?CalcFov@@YAMMMM@Z         00412220 f   cl_view.obj
 0001:00011294       ?V_RenderView@@YA_NM@Z     00412294 f   cl_view.obj
 0001:00011f5a       ?V_Init@@YAXXZ             00412f5a f   cl_view.obj
 0001:0001200a       ?Con_ClearNotify@@YAXXZ    0041300a f   console.obj
 0001:00012019       ?Con_CheckResize@@YAXXZ    00413019 f   console.obj
 0001:00012140       ?Con_Print@@YAXPBD@Z       00413140 f   console.obj
 0001:00012438       ?Con_DrawNotify@@YAX_N@Z   00413438 f   console.obj
 0001:00012552       ?Con_DrawConsole@@YAXM@Z   00413552 f   console.obj
 0001:0001292c       ?Con_ClearTyping@@YAXXZ    0041392c f   console.obj
 0001:00012945       ?Key_Console@@YAXHH@Z      00413945 f   console.obj
 0001:00012d8d       ?Con_Init@@YAXXZ           00413d8d f   console.obj
 0001:00012f09       ?Key_KeynumToString@@YAPBDH@Z 00413f09 f   keys.obj
 0001:00012fc9       ?Draw@completeMenu_t@@UAEXXZ 00413fc9 f i keys.obj
 0001:00012ffb       ?KeyDown@completeMenu_t@@UAEPBDH@Z 00413ffb f i keys.obj
 0001:00013024       ?Init@completeMenu_t@@UAE_NXZ 00414024 f i keys.obj
 0001:00013148       ?CompleteMenuCallback@completeMenu_t@@SAXPAX@Z 00414148 f i keys.obj
 0001:000131d6       ?CompleteCommand@@YAXXZ    004141d6 f   keys.obj
 0001:0001390d       ?Key_SetBinding@@YAXHPBD@Z 0041490d f   keys.obj
 0001:0001394b       ?Key_FindBinding@@YAHPBDPAHH@Z 0041494b f   keys.obj
 0001:00013999       ?Key_WriteBindings@@YAXPAU_iobuf@@@Z 00414999 f   keys.obj
 0001:000139e1       ?Key_Init@@YAXXZ           004149e1 f   keys.obj
 0001:00013cc5       ?Key_Event@@YAXH_NI@Z      00414cc5 f   keys.obj
 0001:00014013       ?Key_ClearStates@@YAXXZ    00415013 f   keys.obj
 0001:0001404a       ?M_ForceMenuOn@@YAXXZ      0041504a f   menu.obj
 0001:00014069       ?Draw@menuMain_t@@UAEXXZ   00415069 f i menu.obj
 0001:000141f5       ?KeyDown@menuMain_t@@UAEPBDH@Z 004151f5 f i menu.obj
 0001:000142d8       ?Init@menuMain_t@@UAE_NXZ  004152d8 f i menu.obj
 0001:000142e0       ?M_Menu_Main_f@@YAXXZ      004152e0 f   menu.obj
 0001:000142fa       ?Init@multiplayerMenu_t@@UAE_NXZ 004152fa f i menu.obj
 0001:000143f6       ?Disconnect@multiplayerMenu_t@@SAXXZ 004153f6 f i menu.obj
 0001:0001440f       ?M_Menu_Multiplayer_f@@YAXXZ 0041540f f   menu.obj
 0001:00014429       ?Init@keysMenu_t@@UAE_NXZ  00415429 f i menu.obj
 0001:0001460e       ?KeyCursorDrawFunc@keysMenu_t@@SAXPAUmenuFramework_t@@@Z 0041560e f i menu.obj
 0001:0001464f       ?DrawKeyBindingFunc@keysMenu_t@@SAXPAX@Z 0041564f f i menu.obj
 0001:00014716       ?KeyDown@keysMenu_t@@UAEPBDH@Z 00415716 f i menu.obj
 0001:000147c3       ?UnbindCommand@keysMenu_t@@QAEXPAD@Z 004157c3 f i menu.obj
 0001:00014808       ?KeyBindingFunc@keysMenu_t@@QAEXPAX@Z 00415808 f i menu.obj
 0001:00014857       ?M_Menu_Keys_f@@YAXXZ      00415857 f   menu.obj
 0001:00014871       ?Init@optionsMenu_t@@UAE_NXZ 00415871 f i menu.obj
 0001:00014cc6       ?CrosshairFunc@optionsMenu_t@@SAXPAX@Z 00415cc6 f i menu.obj
 0001:00014cee       ?JoystickFunc@optionsMenu_t@@SAXPAX@Z 00415cee f i menu.obj
 0001:00014d03       ?CustomizeControlsFunc@optionsMenu_t@@SAXPAX@Z 00415d03 f i menu.obj
 0001:00014d08       ?AlwaysRunFunc@optionsMenu_t@@SAXPAX@Z 00415d08 f i menu.obj
 0001:00014d1d       ?FreeLookFunc@optionsMenu_t@@SAXPAX@Z 00415d1d f i menu.obj
 0001:00014d32       ?MouseSpeedFunc@optionsMenu_t@@SAXPAX@Z 00415d32 f i menu.obj
 0001:00014d4f       ?ControlsSetMenuItemValues@optionsMenu_t@@SAXXZ 00415d4f f i menu.obj
 0001:00014f2d       ?ControlsResetDefaultsFunc@optionsMenu_t@@SAXPAX@Z 00415f2d f i menu.obj
 0001:00014f42       ?InvertMouseFunc@optionsMenu_t@@SAXPAX@Z 00415f42 f i menu.obj
 0001:00014f5d       ?LookspringFunc@optionsMenu_t@@SAXPAX@Z 00415f5d f i menu.obj
 0001:00014f79       ?LookstrafeFunc@optionsMenu_t@@SAXPAX@Z 00415f79 f i menu.obj
 0001:00014f95       ?UpdateVolumeFunc@optionsMenu_t@@SAXPAX@Z 00415f95 f i menu.obj
 0001:00014fb2       ?UpdateCDVolumeFunc@optionsMenu_t@@SAXPAX@Z 00415fb2 f i menu.obj
 0001:00014fcc       ?UpdateSoundFunc@optionsMenu_t@@SAXPAX@Z 00415fcc f i menu.obj
 0001:000151d2       ?Options_ScanCrosshairs@optionsMenu_t@@SAXXZ 004161d2 f i menu.obj
 0001:0001522f       ?Draw@optionsMenu_t@@UAEXXZ 0041622f f i menu.obj
 0001:000152af       ?M_Menu_Options_f@@YAXXZ   004162af f   menu.obj
 0001:000152c9       ?Draw@creditsMenu_t@@UAEXXZ 004162c9 f i menu.obj
 0001:00015371       ?KeyDown@creditsMenu_t@@UAEPBDH@Z 00416371 f i menu.obj
 0001:000153ac       ?Init@creditsMenu_t@@UAE_NXZ 004163ac f i menu.obj
 0001:00015464       ?M_Menu_Credits_f@@YAXXZ   00416464 f   menu.obj
 0001:0001547e       ?Init@gameMenu_t@@UAE_NXZ  0041647e f i menu.obj
 0001:000155e5       ?EasyGameFunc@gameMenu_t@@SAXPAX@Z 004165e5 f i menu.obj
 0001:000155f1       ?StartGame@gameMenu_t@@SAXPBD@Z 004165f1 f i menu.obj
 0001:00015644       ?MediumGameFunc@gameMenu_t@@SAXPAX@Z 00416644 f i menu.obj
 0001:00015650       ?HardGameFunc@gameMenu_t@@SAXPAX@Z 00416650 f i menu.obj
 0001:0001565c       ?M_Menu_Game_f@@YAXXZ      0041665c f   menu.obj
 0001:00015676       ?Init@savegameMenu_t@@UAE_NXZ 00416676 f i menu.obj
 0001:00015758       ?Create_Savestrings@savegameMenu_t@@QAEXXZ 00416758 f i menu.obj
 0001:00015816       ?LoadGameCallback@savegameMenu_t@@SAXPAX@Z 00416816 f i menu.obj
 0001:0001583f       ?SaveGameCallback@savegameMenu_t@@SAXPAX@Z 0041683f f i menu.obj
 0001:0001585e       ?Draw@savegameMenu_t@@UAEXXZ 0041685e f i menu.obj
 0001:00015879       ?DrawSavegameShot@savegameMenu_t@@QAEXHH@Z 00416879 f i menu.obj
 0001:00015944       ?M_Menu_LoadGame_f@@YAXXZ  00416944 f   menu.obj
 0001:00015955       ?M_Menu_SaveGame_f@@YAXXZ  00416955 f   menu.obj
 0001:00015976       ?Init@joinserverMenu_t@@UAE_NXZ 00416976 f i menu.obj
 0001:00015a8f       ?JoinServerFunc@joinserverMenu_t@@SAXPAX@Z 00416a8f f i menu.obj
 0001:00015af1       ?SearchLocalGames@joinserverMenu_t@@SAXXZ 00416af1 f i menu.obj
 0001:00015b5d       ?M_Menu_JoinServer_f@@YAXXZ 00416b5d f   menu.obj
 0001:00015b67       ?M_AddToServerList@@YAXUnetadr_t@@PAD@Z 00416b67 f   menu.obj
 0001:00015bea       ?Init@startserverMenu_t@@UAE_NXZ 00416bea f i menu.obj
 0001:0001607d       ?DMOptionsFunc@startserverMenu_t@@SAXPAX@Z 0041707d f i menu.obj
 0001:0001608d       ?RulesChangeFunc@startserverMenu_t@@SAXPAX@Z 0041708d f i menu.obj
 0001:00016107       ?StartServerActionFunc@startserverMenu_t@@SAXPAX@Z 00417107 f i menu.obj
 0001:00016132       ?StartServerFunc@startserverMenu_t@@SAXPAD@Z 00417132 f i menu.obj
 0001:00016396       ?KeyDown@startserverMenu_t@@UAEPBDH@Z 00417396 f i menu.obj
 0001:000163e3       ?M_Menu_StartServer_f@@YAXXZ 004173e3 f   menu.obj
 0001:000163fd       ?Init@dmoptionsMenu_t@@UAE_NXZ 004173fd f i menu.obj
 0001:000169dc       ?DMFlagCallback@dmoptionsMenu_t@@SAXPAX@Z 004179dc f i menu.obj
 0001:00016b9d       ?M_Menu_DMOptions_f@@YAXXZ 00417b9d f   menu.obj
 0001:00016bb7       ?Init@downloadOptionsMenu_t@@UAE_NXZ 00417bb7 f i menu.obj
 0001:00016d82       ?DownloadCallback@downloadOptionsMenu_t@@SAXPAX@Z 00417d82 f i menu.obj
 0001:00016ddd       ?M_Menu_DownloadOptions_f@@YAXXZ 00417ddd f   menu.obj
 0001:00016df7       ?Init@addressBookMenu_t@@UAE_NXZ 00417df7 f i menu.obj
 0001:00016e9f       ?KeyDown@addressBookMenu_t@@UAEPBDH@Z 00417e9f f i menu.obj
 0001:00016eec       ?M_Menu_AddressBook_f@@YAXXZ 00417eec f   menu.obj
 0001:00016f06       ?Init@playerConfigMenu_t@@UAE_NXZ 00417f06 f i menu.obj
 0001:00017466       ?HandednessCallback@playerConfigMenu_t@@SAXPAX@Z 00418466 f i menu.obj
 0001:0001747b       ?RTypeCallback@playerConfigMenu_t@@SAXPAX@Z 0041847b f i menu.obj
 0001:00017490       ?RColorCallback@playerConfigMenu_t@@SAXPAX@Z 00418490 f i menu.obj
 0001:000174a5       ?RateCallback@playerConfigMenu_t@@SAXPAX@Z 004184a5 f i menu.obj
 0001:000174c8       ?ModelCallback@playerConfigMenu_t@@SAXPAX@Z 004184c8 f i menu.obj
 0001:000174f5       ?PlayerConfig_ScanDirectories@playerConfigMenu_t@@SA_NXZ 004184f5 f i menu.obj
 0001:00017674       ?IsValidSkin@playerConfigMenu_t@@SA_NPADPAVCStringItem@@@Z 00418674 f i menu.obj
 0001:00017732       ?Draw@playerConfigMenu_t@@UAEXXZ 00418732 f i menu.obj
 0001:000179e4       ?KeyDown@playerConfigMenu_t@@UAEPBDH@Z 004189e4 f i menu.obj
 0001:00017ae0       ?Init@dmbrowseMenu_t@@UAE_NXZ 00418ae0 f i menu.obj
 0001:00017ce8       ?KeyDown@dmbrowseMenu_t@@UAEPBDH@Z 00418ce8 f i menu.obj
 0001:00017ea7       ?Draw@dmbrowseMenu_t@@UAEXXZ 00418ea7 f i menu.obj
 0001:00017fee       ?DrawThumbnail@dmbrowseMenu_t@@SAXHHHHPAD_N@Z 00418fee f i menu.obj
 0001:000180e1       ?Init@videoMenu_t@@UAE_NXZ 004190e1 f i menu.obj
 0001:00018694       ?ScreenSizeCallback@videoMenu_t@@SAXPAX@Z 00419694 f i menu.obj
 0001:000186b2       ?BrightnessCallback@videoMenu_t@@SAXPAX@Z 004196b2 f i menu.obj
 0001:000186d0       ?ContrastCallback@videoMenu_t@@SAXPAX@Z 004196d0 f i menu.obj
 0001:00018709       ?CancelChanges@videoMenu_t@@SAXPAX@Z 00419709 f i menu.obj
 0001:0001872a       ?KeyDown@videoMenu_t@@UAEPBDH@Z 0041972a f i menu.obj
 0001:00018771       ?ApplyChanges@videoMenu_t@@SAXPAX@Z 00419771 f i menu.obj
 0001:00018956       ?KeyDown@quitMenu_t@@UAEPBDH@Z 00419956 f i menu.obj
 0001:0001898e       ?Draw@quitMenu_t@@UAEXXZ   0041998e f i menu.obj
 0001:00018a16       ?M_Init@@YAXXZ             00419a16 f   menu.obj
 0001:00018b34       ?Insert@?$TList@VplayerModelInfo_t@@@@QAE_NPAVplayerModelInfo_t@@@Z 00419b34 f i menu.obj
 0001:00018b34       ?Insert@?$TList@VCStringItem@@@@QAE_NPAVCStringItem@@@Z 00419b34 f i menu.obj
 0001:00018b6a       ?ItemAtCursor@menuFramework_t@@QAEPAUmenuCommon_t@@XZ 00419b6a f   qmenu.obj
 0001:00018bbe       ?AddItem@menuFramework_t@@QAEXPAX@Z 00419bbe f   qmenu.obj
 0001:00018c7a       ?AdjustCursor@menuFramework_t@@QAEXH@Z 00419c7a f   qmenu.obj
 0001:00018de9       ?Center@menuFramework_t@@QAEXXZ 00419de9 f   qmenu.obj
 0001:00018e2a       ?Draw@menuFramework_t@@UAEXXZ 00419e2a f   qmenu.obj
 0001:00019408       ?SelectItem@menuFramework_t@@QAE_NXZ 0041a408 f   qmenu.obj
 0001:00019456       ?SetStatusBar@menuFramework_t@@QAEXPBD@Z 0041a456 f   qmenu.obj
 0001:00019460       ?SlideItem@menuFramework_t@@QAEXH@Z 0041a460 f   qmenu.obj
 0001:000199e2       ?Push@menuFramework_t@@QAEXXZ 0041a9e2 f   qmenu.obj
 0001:00019a70       ?M_ForceMenuOff@@YAXXZ     0041aa70 f   qmenu.obj
 0001:00019a93       ?Pop@menuFramework_t@@QAEXXZ 0041aa93 f   qmenu.obj
 0001:00019acd       ?KeyDown@menuFramework_t@@UAEPBDH@Z 0041aacd f   qmenu.obj
 0001:00019d3c       ?Init@menuFramework_t@@UAE_NXZ 0041ad3c f   qmenu.obj
 0001:00019d3f       ?M_Draw@@YAXXZ             0041ad3f f   qmenu.obj
 0001:00019d7b       ?M_Keydown@@YAXH@Z         0041ad7b f   qmenu.obj
 0001:00019d9a       ?InitRendererVars@@YAXXZ   0041ad9a f   ref_vars.obj
 0001:00019db9       ?S_SoundInfo_f@@YAXXZ      0041adb9 f   snd_dma.obj
 0001:00019e43       ?S_ReadModelsSex@@YAXXZ    0041ae43 f   snd_dma.obj
 0001:00019f28       ?S_IsFemale@@YA_NPAD@Z     0041af28 f   snd_dma.obj
 0001:00019f7c       ?S_Init@@YAXXZ             0041af7c f   snd_dma.obj
 0001:0001a052       ?S_Shutdown@@YAXXZ         0041b052 f   snd_dma.obj
 0001:0001a0e5       ?S_BeginRegistration@@YAXXZ 0041b0e5 f   snd_dma.obj
 0001:0001a0f3       ?S_RegisterSound@@YAPAUsfx_s@@PBD@Z 0041b0f3 f   snd_dma.obj
 0001:0001a28c       ?S_EndRegistration@@YAXXZ  0041b28c f   snd_dma.obj
 0001:0001a324       ?S_PickChannel@@YAPAUchannel_t@@HH@Z 0041b324 f   snd_dma.obj
 0001:0001a3b1       ?S_SpatializeOrigin@@YAXQAMMMPAH1@Z 0041b3b1 f   snd_dma.obj
 0001:0001a4d8       ?S_Spatialize@@YAXPAUchannel_t@@@Z 0041b4d8 f   snd_dma.obj
 0001:0001a549       ?S_AllocPlaysound@@YAPAUplaysound_s@@XZ 0041b549 f   snd_dma.obj
 0001:0001a56b       ?S_FreePlaysound@@YAXPAUplaysound_s@@@Z 0041b56b f   snd_dma.obj
 0001:0001a59b       ?S_IssuePlaysound@@YAXPAUplaysound_s@@@Z 0041b59b f   snd_dma.obj
 0001:0001a668       ?S_StartSound@@YAXQAMHHPAUsfx_s@@MMM@Z 0041b668 f   snd_dma.obj
 0001:0001a9df       ?S_StartLocalSound@@YAXPBD@Z 0041b9df f   snd_dma.obj
 0001:0001aa2e       ?S_ClearBuffer@@YAXXZ      0041ba2e f   snd_dma.obj
 0001:0001aa97       ?S_StopAllSounds_f@@YAXXZ  0041ba97 f   snd_dma.obj
 0001:0001ab07       ?S_AddLoopSounds@@YAXXZ    0041bb07 f   snd_dma.obj
 0001:0001acdd       ?S_RawSamples@@YAXHHHHPAE@Z 0041bcdd f   snd_dma.obj
 0001:0001aee1       ?S_Update@@YAXQAM000@Z     0041bee1 f   snd_dma.obj
 0001:0001afdb       ?GetSoundtime@@YAXXZ       0041bfdb f   snd_dma.obj
 0001:0001b042       ?S_Update_@@YAXXZ          0041c042 f   snd_dma.obj
 0001:0001b2f5       ?ResampleSfx@@YAXPAUsfx_s@@HHPAE@Z 0041c2f5 f   snd_mem.obj
 0001:0001b410       ?S_LoadSound@@YAPAUsfxcache_t@@PAUsfx_s@@@Z 0041c410 f   snd_mem.obj
 0001:0001b548       ?GetWavinfo@@YA?AUwavinfo_t@@PADPAEH@Z 0041c548 f   snd_mem.obj
 0001:0001b78a       ?S_WriteLinearBlastStereo16@@YAXXZ 0041c78a f   snd_mix.obj
 0001:0001b7fe       ?S_TransferStereo16@@YAXPAKH@Z 0041c7fe f   snd_mix.obj
 0001:0001b867       ?S_TransferPaintBuffer@@YAXH@Z 0041c867 f   snd_mix.obj
 0001:0001b9cb       ?S_PaintChannels@@YAXH@Z   0041c9cb f   snd_mix.obj
 0001:0001bc67       ?S_InitScaletable@@YAXXZ   0041cc67 f   snd_mix.obj
 0001:0001be28       ?SV_WipeSavegame@@YAXPAD@Z 0041ce28 f   sv_ccmds.obj
 0001:0001be56       ?SV_CopySaveGame@@YAXPAD0@Z 0041ce56 f   sv_ccmds.obj
 0001:0001beab       ?SV_WriteLevelFile@@YAXXZ  0041ceab f   sv_ccmds.obj
 0001:0001bf59       ?SV_ReadLevelFile@@YAXXZ   0041cf59 f   sv_ccmds.obj
 0001:0001c007       ?SV_WriteServerFile@@YAX_NPAD@Z 0041d007 f   sv_ccmds.obj
 0001:0001c244       ?SV_ReadServerFile@@YAXXZ  0041d244 f   sv_ccmds.obj
 0001:0001c369       ?SV_AddressBanned@@YA_NPAUnetadr_t@@@Z 0041d369 f   sv_ccmds.obj
 0001:0001c3aa       ?SV_InitOperatorCommands@@YAXXZ 0041d3aa f   sv_ccmds.obj
 0001:0001d3ac       ?SV_WriteFrameToClient@@YAXPAUclient_s@@PAUsizebuf_t@@@Z 0041e3ac f   sv_ents.obj
 0001:0001d597       ?SV_FatPVS@@YAXQAM@Z       0041e597 f   sv_ents.obj
 0001:0001d6b5       ?SV_BuildClientFrame@@YAXPAUclient_s@@@Z 0041e6b5 f   sv_ents.obj
 0001:0001d9ca       ?SV_RecordDemoMessage@@YAXXZ 0041e9ca f   sv_ents.obj
 0001:0001e504       ?SV_InitGameLibrary@@YAX_N@Z 0041f504 f   sv_game.obj
 0001:0001e64a       ?SV_ShutdownGameLibrary@@YAXXZ 0041f64a f   sv_game.obj
 0001:0001e7a7       ?SV_FindIndex@@YAHPADHH_N@Z 0041f7a7 f   sv_init.obj
 0001:0001e8ac       ?SV_ModelIndex@@YAHPAD@Z   0041f8ac f   sv_init.obj
 0001:0001e8c2       ?SV_SoundIndex@@YAHPAD@Z   0041f8c2 f   sv_init.obj
 0001:0001e8db       ?SV_ImageIndex@@YAHPAD@Z   0041f8db f   sv_init.obj
 0001:0001e8f4       ?SV_CreateBaseline@@YAXXZ  0041f8f4 f   sv_init.obj
 0001:0001e952       ?SV_CheckForSavegame@@YAXXZ 0041f952 f   sv_init.obj
 0001:0001e9da       ?SV_SpawnServer@@YAXPAD0W4server_state_t@@_N2@Z 0041f9da f   sv_init.obj
 0001:0001eca9       ?SV_InitGame@@YAXXZ        0041fca9 f   sv_init.obj
 0001:0001eef3       ?SV_Map@@YAX_NPBD0@Z       0041fef3 f   sv_init.obj
 0001:0001f0bc       ?SV_DropClient@@YAXPAUclient_s@@PAD@Z 004200bc f   sv_main.obj
 0001:0001f16d       ?SV_StatusString@@YAPADXZ  0042016d f   sv_main.obj
 0001:0001f9a4       ?SV_ConnectionlessPacket@@YAXXZ 004209a4 f   sv_main.obj
 0001:0001fa6f       ?SV_CalcPings@@YAXXZ       00420a6f f   sv_main.obj
 0001:0001faf6       ?SV_GiveMsec@@YAXXZ        00420af6 f   sv_main.obj
 0001:0001fb35       ?SV_ReadPackets@@YAXXZ     00420b35 f   sv_main.obj
 0001:0001fc7f       ?SV_CheckTimeouts@@YAXXZ   00420c7f f   sv_main.obj
 0001:0001fd90       ?SV_PostprocessFrame@@YAXXZ 00420d90 f   sv_main.obj
 0001:00020267       ?SV_MulticastHook@@YAPAUsizebuf_t@@PAU1@0@Z 00421267 f   sv_main.obj
 0001:0002065b       ?SV_TraceHook@@YA?AUtrace_t@@QAM000PAUedict_s@@H@Z 0042165b f   sv_main.obj
 0001:000207d6       ?SV_Frame@@YAXM@Z          004217d6 f   sv_main.obj
 0001:00020a8a       ?SV_UserinfoChanged@@YAXPAUclient_s@@@Z 00421a8a f   sv_main.obj
 0001:00020b4e       ?SV_Init@@YAXXZ            00421b4e f   sv_main.obj
 0001:00020bc5       ?SV_Shutdown@@YAXPBD_N@Z   00421bc5 f   sv_main.obj
 0001:00020dc8       ?SV_BeginRedirect@@YAXXZ   00421dc8 f   sv_send.obj
 0001:00020e72       ?SV_ClientPrintf@@YAXPAUclient_s@@HPBDZZ 00421e72 f   sv_send.obj
 0001:00020ecd       ?SV_BroadcastPrintf@@YAXHPBDZZ 00421ecd f   sv_send.obj
 0001:00020fa3       ?SV_BroadcastCommand@@YAXPBDZZ 00421fa3 f   sv_send.obj
 0001:00020ff8       ?SV_Multicast@@YAXQAMW4multicast_t@@_N@Z 00421ff8 f   sv_send.obj
 0001:0002123b       ?SV_MulticastOld@@YAXQAMW4multicast_t@@@Z 0042223b f   sv_send.obj
 0001:0002124e       ?SV_MulticastNew@@YAXQAMW4multicast_t@@@Z 0042224e f   sv_send.obj
 0001:00021261       ?SV_StartSound@@YAXQAMPAUedict_s@@HHMMM_N@Z 00422261 f   sv_send.obj
 0001:00021529       ?SV_StartSoundOld@@YAXQAMPAUedict_s@@HHMMM@Z 00422529 f   sv_send.obj
 0001:00021559       ?SV_StartSoundNew@@YAXQAMPAUedict_s@@HHMMM@Z 00422559 f   sv_send.obj
 0001:00021589       ?SV_SendClientDatagram@@YA_NPAUclient_s@@@Z 00422589 f   sv_send.obj
 0001:0002165c       ?SV_DemoCompleted@@YAXXZ   0042265c f   sv_send.obj
 0001:00021678       ?SV_RateDrop@@YA_NPAUclient_s@@@Z 00422678 f   sv_send.obj
 0001:000216c2       ?SV_SendClientMessages@@YAXXZ 004226c2 f   sv_send.obj
 0001:00021815       ?SV_TokenizeString@@YAXPBD@Z 00422815 f   sv_tokenize.obj
 0001:000218ec       ?SV_Argc@@YAHXZ            004228ec f   sv_tokenize.obj
 0001:000218f2       ?SV_Argv@@YAPADH@Z         004228f2 f   sv_tokenize.obj
 0001:0002190c       ?SV_Args@@YAPADXZ          0042290c f   sv_tokenize.obj
 0001:0002215d       ?SV_Nextserver@@YAXXZ      0042315d f   sv_user.obj
 0001:000221ec       ?SV_ExecuteUserCommand@@YAXPAD@Z 004231ec f   sv_user.obj
 0001:000222ae       ?SV_ClientThink@@YAXPAUclient_s@@PAUusercmd_t@@@Z 004232ae f   sv_user.obj
 0001:000222f1       ?SV_ExecuteClientMessage@@YAXPAUclient_s@@@Z 004232f1 f   sv_user.obj
 0001:0002250f       ?SV_ClearWorld@@YAXXZ      0042350f f   sv_world.obj
 0001:00022667       ?SV_UnlinkEdict@@YAXPAUedict_s@@@Z 00423667 f   sv_world.obj
 0001:0002272a       ?SV_LinkEdict@@YAXPAUedict_s@@@Z 0042372a f   sv_world.obj
 0001:00022d82       ?SV_AreaEdicts@@YAHQAM0PAPAUedict_s@@HH@Z 00423d82 f   sv_world.obj
 0001:00022f33       ?SV_PointContents@@YAHQAM@Z 00423f33 f   sv_world.obj
 0001:00023059       ?SV_ClipMoveToEntities@@YAXPAUtrace_t@@QAM111PAUedict_s@@H@Z 00424059 f   sv_world.obj
 0001:00023438       ?SV_Trace@@YAXPAUtrace_t@@QAM111PAUedict_s@@H@Z 00424438 f   sv_world.obj
 0001:000234f2       ?InitByteDirs@@YAXXZ       004244f2 f   anorms.obj
 0001:00023531       ?Cbuf_Init@@YAXXZ          00424531 f   cmd.obj
 0001:00023549       ?Cbuf_AddText@@YAXPBD@Z    00424549 f   cmd.obj
 0001:000235ae       ?Cbuf_CopyToDefer@@YAXXZ   004245ae f   cmd.obj
 0001:000235f6       ?Cbuf_InsertFromDefer@@YAXXZ 004245f6 f   cmd.obj
 0001:000236af       ?Cbuf_Execute@@YAXXZ       004246af f   cmd.obj
 0001:000237b5       ?Cmd_Unalias_f@@YAX_NHPAPAD@Z 004247b5 f   cmd.obj
 0001:0002382b       ?Cmd_WriteAliases@@YAXPAU_iobuf@@@Z 0042482b f   cmd.obj
 0001:0002385c       ?RegisterCommand@@YA_NPBDP6AXXZH@Z 0042485c f   cmd.obj
 0001:00023915       ?UnregisterCommand@@YA_NPBD@Z 00424915 f   cmd.obj
 0001:000239a6       ?Cmd_ExecuteString@@YA_NPBD@Z 004249a6 f   cmd.obj
 0001:00023ddf       ?ExecuteCommand@@YA_NPBDPBUCSimpleCommand@@H@Z 00424ddf f   cmd.obj
 0001:00023ea6       ?Cmd_Init@@YAXXZ           00424ea6 f   cmd.obj
 0001:000241e4       ?CMod_GetSurfMaterial@@YA?AW4material_t@@PAD@Z 004251e4 f   cmodel.obj
 0001:00024241       ?CM_LoadMap@@YAPAUcmodel_t@@PAD_NPAI@Z 00425241 f   cmodel.obj
 0001:00024918       ?PlaneTypeForNormal@@YAHQBM@Z 00425918 f i cmodel.obj
 0001:00024ad0       ?CM_InlineModel@@YAPAUcmodel_t@@PAD@Z 00425ad0 f   cmodel.obj
 0001:00024b11       ?CM_NumClusters@@YAHXZ     00425b11 f   cmodel.obj
 0001:00024b17       ?CM_NumInlineModels@@YAHXZ 00425b17 f   cmodel.obj
 0001:00024b1d       ?CM_EntityString@@YAPADXZ  00425b1d f   cmodel.obj
 0001:00024b23       ?CM_LeafContents@@YAHH@Z   00425b23 f   cmodel.obj
 0001:00024b4a       ?CM_LeafCluster@@YAHH@Z    00425b4a f   cmodel.obj
 0001:00024bc0       ?CM_LeafArea@@YAHH@Z       00425bc0 f   cmodel.obj
 0001:00024d87       ?CM_HeadnodeForBox@@YAHQAM0@Z 00425d87 f   cmodel.obj
 0001:00024e3c       ?CM_PointLeafnum@@YAHQAMH@Z 00425e3c f   cmodel.obj
 0001:00024ede       ?DISTANCE_TO_PLANE@@YAMQBMPBUcplane_t@@@Z 00425ede f i cmodel.obj
 0001:00024f26       ?CM_PointContents@@YAHQAMH@Z 00425f26 f   cmodel.obj
 0001:00024f9b       ?CM_TransformedPointContents@@YAHQAMH00@Z 00425f9b f   cmodel.obj
 0001:000250d4       ?CM_TransformedPointContents2@@YAHQAMH0PAY02M@Z 004260d4 f   cmodel.obj
 0001:000251c5       ?CM_BoxLeafnums@@YAHQAM0PAHH1H@Z 004261c5 f   cmodel.obj
 0001:000252d9       ?BOX_ON_PLANE_SIDE@@YAHQBM0PBUcplane_t@@@Z 004262d9 f i cmodel.obj
 0001:0002535e       ?CM_BoxTrace@@YAXPAUtrace_t@@QBM111HH@Z 0042635e f   cmodel.obj
 0001:00025d83       ?CM_TransformedBoxTrace@@YAXPAUtrace_t@@QBM111HH11@Z 00426d83 f   cmodel.obj
 0001:00026053       ?CM_TransformedBoxTrace2@@YAXPAUtrace_t@@QBM111HH1PAY02$$CBM@Z 00427053 f   cmodel.obj
 0001:00026268       ?CM_BrushTrace@@YAHQBM0PAHH@Z 00427268 f   cmodel.obj
 0001:0002668e       ?CM_RefineBrushTrace@@YAHQBM0PAHH@Z 0042768e f   cmodel.obj
 0001:00026734       ?CM_ClusterPVS@@YAPAEH@Z   00427734 f   cmodel.obj
 0001:00026878       ?CM_ClusterPHS@@YAPAEH@Z   00427878 f   cmodel.obj
 0001:000269db       ?CM_SetAreaPortalState@@YAXH_N@Z 004279db f   cmodel.obj
 0001:00026a00       ?CM_AreasConnected@@YA_NHH@Z 00427a00 f   cmodel.obj
 0001:00026a44       ?CM_WriteAreaBits@@YAHPAEH@Z 00427a44 f   cmodel.obj
 0001:00026ae6       ?CM_WritePortalState@@YAXPAU_iobuf@@@Z 00427ae6 f   cmodel.obj
 0001:00026b00       ?CM_ReadPortalState@@YAXPAU_iobuf@@@Z 00427b00 f   cmodel.obj
 0001:00026b1e       ?CM_HeadnodeVisible@@YA_NHPAE@Z 00427b1e f   cmodel.obj
 0001:00026bf6       ?Com_BeginRedirect@@YAXPADHP6AX0@Z@Z 00427bf6 f   common.obj
 0001:00026c23       ?Com_EndRedirect@@YAXXZ    00427c23 f   common.obj
 0001:00026c42       ?Com_Printf@@YAXPBDZZ      00427c42 f   common.obj
 0001:00026e1f       ?Com_DPrintf@@YAXPBDZZ     00427e1f f   common.obj
 0001:00026e98       ?DebugPrintf@@YAXPBDZZ     00427e98 f   common.obj
 0001:00026f42       ?Com_WPrintf@@YAXPBDZZ     00427f42 f   common.obj
 0001:00026f9c       ?Com_Quit@@YAXXZ           00427f9c f   common.obj
 0001:00026fbc       ?IPWildcard@@YA_NPAUnetadr_t@@PAD@Z 00427fbc f   common.obj
 0001:00027096       ?Com_ServerState@@YA?AW4server_state_t@@XZ 00428096 f   common.obj
 0001:0002709c       ?Com_SetServerState@@YAXW4server_state_t@@@Z 0042809c f   common.obj
 0001:000270a6       ?frand@@YAMXZ              004280a6 f   common.obj
 0001:000270be       ?crand@@YAMXZ              004280be f   common.obj
 0001:000270dc       ?Info_ValueForKey@@YAPBDPBD0@Z 004280dc f   common.obj
 0001:0002715b       ?Info_SetValueForKey@@YAXPADPBD1@Z 0042815b f   common.obj
 0001:000272be       ?Info_Print@@YAXPBD@Z      004282be f   common.obj
 0001:00027344       ?COM_BlockSequenceCRCByte@@YAEPAEHH@Z 00428344 f   common.obj
 0001:000273d5       ?COM_CheckCmdlineVar@@YA_NPBD@Z 004283d5 f   common.obj
 0001:0002742b       ?Com_Init@@YAXPBD@Z        0042842b f   common.obj
 0001:000277fe       ?Com_Frame@@YAXM@Z         004287fe f   common.obj
 0001:00027b42       ?Com_Shutdown@@YAXXZ       00428b42 f   common.obj
 0001:00027b5b       ?CRC_Init@@YAXPAG@Z        00428b5b f   crc.obj
 0001:00027b65       ?CRC_Block@@YAGPAEH@Z      00428b65 f   crc.obj
 0001:00027bae       ?Cvar_VariableValue@@YAMPBD@Z 00428bae f   cvar.obj
 0001:00027c1c       ?Cvar_VariableInt@@YAHPBD@Z 00428c1c f   cvar.obj
 0001:00027c2f       ?Cvar_VariableString@@YAPADPBD@Z 00428c2f f   cvar.obj
 0001:00027c47       ?Cvar_Get@@YAPAUcvar_t@@PBD0H@Z 00428c47 f   cvar.obj
 0001:00027efe       ?Cvar_GetVars@@YAXPBUcvarInfo_t@@H@Z 00428efe f   cvar.obj
 0001:00027fa8       ?Cvar_FullSet@@YAPAUcvar_t@@PBD0I@Z 00428fa8 f   cvar.obj
 0001:00028002       ?Cvar_SetValue@@YAPAUcvar_t@@PBDM@Z 00429002 f   cvar.obj
 0001:00028228       ?Cvar_SetInteger@@YAPAUcvar_t@@PBDH@Z 00429228 f   cvar.obj
 0001:0002824a       ?Cvar_Set@@YAPAUcvar_t@@PBD0@Z 0042924a f   cvar.obj
 0001:0002825f       ?Cvar_ForceSet@@YAPAUcvar_t@@PBD0@Z 0042925f f   cvar.obj
 0001:00028274       ?Cvar_Clamp@@YAMPAUcvar_t@@MM@Z 00429274 f   cvar.obj
 0001:000282d2       ?Cvar_ClampName@@YAMPBDMM@Z 004292d2 f   cvar.obj
 0001:00028311       ?Cvar_GetLatchedVars@@YAXXZ 00429311 f   cvar.obj
 0001:00028340       ?Cvar_Command@@YA_NHPAPAD@Z 00429340 f   cvar.obj
 0001:000283d9       ?IsDefault@cvar_t@@QAE_NXZ 004293d9 f i cvar.obj
 0001:000283f6       ?Cvar_WriteVariables@@YAXPAU_iobuf@@HHPBD@Z 004293f6 f   cvar.obj
 0001:0002847e       ?Cvar_Userinfo@@YAPBDXZ    0042947e f   cvar.obj
 0001:000284d9       ?Cvar_Serverinfo@@YAPBDXZ  004294d9 f   cvar.obj
 0001:000284e2       ?Cvar_Cheats@@YAX_N@Z      004294e2 f   cvar.obj
 0001:00028533       ?Cvar_Init@@YAXXZ          00429533 f   cvar.obj
 0001:00028bf2       ?MSG_WriteDeltaEntity@@YAXPAUsizebuf_t@@PBUentity_state_t@@PAU2@_N3@Z 00429bf2 f   entdelta.obj
 0001:00029195       ?MSG_WriteRemoveEntity@@YAXPAUsizebuf_t@@H@Z 0042a195 f   entdelta.obj
 0001:000291d5       ?MSG_ReadEntityBits@@YAHPAUsizebuf_t@@PAIPA_N@Z 0042a1d5 f   entdelta.obj
 0001:00029246       ?MSG_ReadDeltaEntity@@YAXPAUsizebuf_t@@PBUentity_state_t@@PAU2@I@Z 0042a246 f   entdelta.obj
 0001:000292c9       ?MSG_WriteDeltaUsercmd@@YAXPAUsizebuf_t@@PBUusercmd_t@@PAU2@@Z 0042a2c9 f   entdelta.obj
 0001:00029358       ?MSG_ReadDeltaUsercmd@@YAXPAUsizebuf_t@@PBUusercmd_t@@PAU2@@Z 0042a358 f   entdelta.obj
 0001:000293db       ?MSG_WriteDeltaPlayerstate@@YAXPAUsizebuf_t@@PBUplayer_state_t@@PAU2@@Z 0042a3db f   entdelta.obj
 0001:000294e4       ?MSG_ReadDeltaPlayerstate@@YAXPAUsizebuf_t@@PBUplayer_state_t@@PAU2@@Z 0042a4e4 f   entdelta.obj
 0001:000295b8       ?FS_CreatePath@@YAXPBD@Z   0042a5b8 f   files.obj
 0001:0002961e       ?FS_CopyFile@@YAXPBD0@Z    0042a61e f   files.obj
 0001:00029721       ?FS_CopyFiles@@YAXPBD0@Z   0042a721 f   files.obj
 0001:000297fa       ?FS_RemoveFiles@@YAXPBD@Z  0042a7fa f   files.obj
 0001:0002986e       ?FS_FCloseFile@@YAXPAU_iobuf@@@Z 0042a86e f   files.obj
 0001:00029909       ?FS_FOpenFile@@YAHPBDPAPAU_iobuf@@@Z 0042a909 f   files.obj
 0001:00029e2e       ?FS_FileExists@@YA_NPBD@Z  0042ae2e f   files.obj
 0001:0002a04b       ?FS_Read@@YAXPAXHPAU_iobuf@@@Z 0042b04b f   files.obj
 0001:0002a2eb       ?FS_LoadFile@@YAPAXPBDPAI@Z 0042b2eb f   files.obj
 0001:0002a342       ?FS_FreeFile@@YAXPAX@Z     0042b342 f   files.obj
 0001:0002a34d       ?FS_Gamedir@@YAPADXZ       0042b34d f   files.obj
 0001:0002a361       ?FS_LoadGameConfig@@YAXXZ  0042b361 f   files.obj
 0001:0002a426       ?FS_SetGamedir@@YA_NPBD@Z  0042b426 f   files.obj
 0001:0002ab4a       ?FS_ListFiles@@YA?AV?$TList@VCStringItem@@@@PBDPAHH@Z 0042bb4a f   files.obj
 0001:0002ae6f       ?FS_NextPath@@YAPADPBD@Z   0042be6f f   files.obj
 0001:0002ae93       ?FS_InitFilesystem@@YAXXZ  0042be93 f   files.obj
 0001:0002b843       ?LoadPCX@@YAXPBDPAPAE1PAH2@Z 0042c843 f   images.obj
 0001:0002b98d       ?LoadTGA@@YAXPBDPAPAEPAH2@Z 0042c98d f   images.obj
 0001:0002bb88       ?LoadJPG@@YAXPBDPAPAEPAH2@Z 0042cb88 f   images.obj
 0001:0002be1a       ?ImageExists@@YAHPBDH@Z    0042ce1a f   images.obj
 0001:0002bf1b       ?WriteTGA@@YA_NPBDPAEHH@Z  0042cf1b f   images.obj
 0001:0002c105       ?WriteJPG@@YA_NPBDPAEHH_N@Z 0042d105 f   images.obj
 0001:0002c22c       ?MD4Init@@YAXPAUMD4_CTX@@@Z 0042d22c f   md4.obj
 0001:0002c254       ?MD4Update@@YAXPAUMD4_CTX@@PAEI@Z 0042d254 f   md4.obj
 0001:0002c2f2       ?MD4Final@@YAXQAEPAUMD4_CTX@@@Z 0042d2f2 f   md4.obj
 0001:0002c9e3       ?Com_BlockChecksum@@YAIPAXH@Z 0042d9e3 f   md4.obj
 0001:0002ca1f       ?LoadQ2BspFile@@YAXXZ      0042da1f f   model.obj
 0001:0002cdf7       ?LoadBspFile@@YAPAUbspfile_t@@PBD_NPAI@Z 0042ddf7 f   model.obj
 0001:0002cfa5       ?ProcessEntstring@@YAPADPAD@Z 0042dfa5 f   model.obj
 0001:0002de55       ?SZ_Init@@YAXPAUsizebuf_t@@PAXH@Z 0042ee55 f   msg.obj
 0001:0002de73       ?SZ_Clear@@YAXPAUsizebuf_t@@@Z 0042ee73 f   msg.obj
 0001:0002de80       ?SZ_Write@@YAXPAUsizebuf_t@@PBXH@Z 0042ee80 f   msg.obj
 0001:0002df09       ?MSG_WriteChar@@YAXPAUsizebuf_t@@H@Z 0042ef09 f   msg.obj
 0001:0002df1d       ?MSG_WriteByte@@YAXPAUsizebuf_t@@H@Z 0042ef1d f   msg.obj
 0001:0002df31       ?MSG_WriteShort@@YAXPAUsizebuf_t@@H@Z 0042ef31 f   msg.obj
 0001:0002df4b       ?MSG_WriteLong@@YAXPAUsizebuf_t@@H@Z 0042ef4b f   msg.obj
 0001:0002df75       ?MSG_WriteFloat@@YAXPAUsizebuf_t@@M@Z 0042ef75 f   msg.obj
 0001:0002df91       ?MSG_WriteString@@YAXPAUsizebuf_t@@PBD@Z 0042ef91 f   msg.obj
 0001:0002dfc8       ?MSG_WritePos@@YAXPAUsizebuf_t@@QAM@Z 0042efc8 f   msg.obj
 0001:0002e02c       ?MSG_WriteAngle@@YAXPAUsizebuf_t@@M@Z 0042f02c f   msg.obj
 0001:0002e057       ?MSG_WriteAngle16@@YAXPAUsizebuf_t@@M@Z 0042f057 f   msg.obj
 0001:0002e082       ?MSG_WriteDir@@YAXPAUsizebuf_t@@QAM@Z 0042f082 f   msg.obj
 0001:0002e0e9       ?MSG_ReadDir@@YAXPAUsizebuf_t@@QAM@Z 0042f0e9 f   msg.obj
 0001:0002e11a       ?MSG_BeginReading@@YAXPAUsizebuf_t@@@Z 0042f11a f   msg.obj
 0001:0002e123       ?MSG_ReadChar@@YAHPAUsizebuf_t@@@Z 0042f123 f   msg.obj
 0001:0002e144       ?MSG_ReadByte@@YAHPAUsizebuf_t@@@Z 0042f144 f   msg.obj
 0001:0002e165       ?MSG_ReadShort@@YAHPAUsizebuf_t@@@Z 0042f165 f   msg.obj
 0001:0002e195       ?MSG_ReadLong@@YAHPAUsizebuf_t@@@Z 0042f195 f   msg.obj
 0001:0002e1d4       ?MSG_ReadString@@YAPADPAUsizebuf_t@@@Z 0042f1d4 f   msg.obj
 0001:0002e207       ?MSG_ReadPos@@YAXPAUsizebuf_t@@QAM@Z 0042f207 f   msg.obj
 0001:0002e259       ?MSG_ReadAngle@@YAMPAUsizebuf_t@@@Z 0042f259 f   msg.obj
 0001:0002e273       ?MSG_ReadAngle16@@YAMPAUsizebuf_t@@@Z 0042f273 f   msg.obj
 0001:0002e28d       ?MSG_ReadData@@YAXPAUsizebuf_t@@PAXH@Z 0042f28d f   msg.obj
 0001:0002e2b0       ?Netchan_Init@@YAXXZ       0042f2b0 f   net_chan.obj
 0001:0002e310       ?Netchan_OutOfBand@@YAXW4netsrc_t@@Unetadr_t@@HPAX@Z 0042f310 f   net_chan.obj
 0001:0002e370       ?Netchan_OutOfBandPrint@@YAXW4netsrc_t@@Unetadr_t@@PBDZZ 0042f370 f   net_chan.obj
 0001:0002e3b5       ?Netchan_Setup@@YAXW4netsrc_t@@PAUnetchan_t@@Unetadr_t@@H@Z 0042f3b5 f   net_chan.obj
 0001:0002e410       ?Netchan_NeedReliable@@YA_NPAUnetchan_t@@@Z 0042f410 f   net_chan.obj
 0001:0002e43a       ?Netchan_Transmit@@YAXPAUnetchan_t@@HPAX@Z 0042f43a f   net_chan.obj
 0001:0002e5df       ?Netchan_Process@@YA_NPAUnetchan_t@@PAUsizebuf_t@@@Z 0042f5df f   net_chan.obj
 0001:0002e705       ?Pmove@@YAXPAUpmove_t@@@Z  0042f705 f   pmove.obj
 0001:0003049f       ?NormalizeColor@@YAMQBMQAM@Z 0043149f f   q_shared2.obj
 0001:00030500       ?NormalizeColor255@@YAMQBMQAM@Z 00431500 f   q_shared2.obj
 0001:00030565       ?Q_rsqrt@@YAMM@Z           00431565 f   q_shared2.obj
 0001:00030595       ?AngleVectors@@YAXQBMQAM11@Z 00431595 f   q_shared2.obj
 0001:000306f6       ?MakeNormalVectors@@YAXQAM00@Z 004316f6 f   q_shared2.obj
 0001:0003075d       ?SetPlaneSignbits@@YAXPAUcplane_t@@@Z 0043175d f   q_shared2.obj
 0001:00030780       ?LerpAngle@@YAMMMM@Z       00431780 f   q_shared2.obj
 0001:000307c3       ?anglemod@@YAMM@Z          004317c3 f   q_shared2.obj
 0001:000307ef       ?BoxOnPlaneSide@@YAHQBM0PBUcplane_t@@@Z 004317ef f   q_shared2.obj
 0001:00030912       ?ClearBounds@@YAXQAM0@Z    00431912 f   q_shared2.obj
 0001:0003093b       ?AddPointToBounds@@YAXQBMQAM1@Z 0043193b f   q_shared2.obj
 0001:00030974       ?VectorCompare@@YA_NQBM0@Z 00431974 f   q_shared2.obj
 0001:000309a1       ?VectorNormalize@@YAMQAM@Z 004319a1 f   q_shared2.obj
 0001:000309fa       ?VectorNormalize2@@YAMQBMQAM@Z 004319fa f   q_shared2.obj
 0001:00030a55       ?VectorNormalizeFast@@YAMQAM@Z 00431a55 f   q_shared2.obj
 0001:00030aa8       ?CrossProduct@@YAXQBM0QAM@Z 00431aa8 f   q_shared2.obj
 0001:00030ae3       ?VectorLength@@YAMQBM@Z    00431ae3 f   q_shared2.obj
 0001:00030b12       ?VectorDistance@@YAMQBM0@Z 00431b12 f   q_shared2.obj
 0001:00030b43       ?VectorScale@@YAXQBMMQAM@Z 00431b43 f   q_shared2.obj
 0001:00030b67       ?AnglesToAxis@@YAXQBMQAY02M@Z 00431b67 f   q_shared2.obj
 0001:00030ba5       ?ShortSwap@@YAFF@Z         00431ba5 f   q_shared2.obj
 0001:00030bba       ?COM_Parse@@YAPADAAPBD_N@Z 00431bba f   q_shared2.obj
 0001:00030cde       ?COM_QuoteString@@YAPBDPBD_N@Z 00431cde f   q_shared2.obj
 0001:00030d39       ?Com_PageInMemory@@YAXPAXH@Z 00431d39 f   q_shared2.obj
 0001:00030d58       ?Zip_OpenArchive@@YAPAU_iobuf@@PAD@Z 00431d58 f   zip.obj
 0001:00030dc3       ?Zip_CloseArchive@@YAXPAU_iobuf@@@Z 00431dc3 f   zip.obj
 0001:00030dcf       ?Zip_EnumArchive@@YA_NPAU_iobuf@@P6A_NPAUzipFile_t@@@Z@Z 00431dcf f   zip.obj
 0001:00030fac       ?Zip_OpenFile@@YAPAUZFILE@@PAU_iobuf@@PAUzipFile_t@@@Z 00431fac f   zip.obj
 0001:00031090       ?Zip_ReadFile@@YAHPAUZFILE@@PAXH@Z 00432090 f   zip.obj
 0001:00031186       ?Zip_CloseFile@@YA_NPAUZFILE@@@Z 00432186 f   zip.obj
 0001:000311ca       ?Zip_OpenBuf@@YAPAUZBUF@@PAXH@Z 004321ca f   zip.obj
 0001:00031208       ?Zip_ReadBuf@@YAHPAUZBUF@@PAXH@Z 00432208 f   zip.obj
 0001:00031250       ?Zip_CloseBuf@@YAXPAUZBUF@@@Z 00432250 f   zip.obj
 0001:00031265       _zcalloc                   00432265 f   zip.obj
 0001:00031279       _zcfree                    00432279 f   zip.obj
 0001:00031284       ?CDAudio_Play2@@YAXH_N@Z   00432284 f   cd_win.obj
 0001:00031463       ?CDAudio_Play@@YAXH_N@Z    00432463 f   cd_win.obj
 0001:0003147a       ?CDAudio_Stop@@YAXXZ       0043247a f   cd_win.obj
 0001:000314bf       ?CDAudio_Pause@@YAXXZ      004324bf f   cd_win.obj
 0001:00031518       ?CDAudio_Resume@@YAXXZ     00432518 f   cd_win.obj
 0001:00031587       ?CDAudio_MessageHandler@@YAJPAUHWND__@@IIJ@Z 00432587 f   cd_win.obj
 0001:0003161e       ?CDAudio_Update@@YAXXZ     0043261e f   cd_win.obj
 0001:00031652       ?CDAudio_Init@@YAHXZ       00432652 f   cd_win.obj
 0001:00031a04       ?CDAudio_Shutdown@@YAXXZ   00432a04 f   cd_win.obj
 0001:00031a37       ?CDAudio_Activate@@YAX_N@Z 00432a37 f   cd_win.obj
 0001:00031a48       ?IN_MouseEvent@@YAXH@Z     00432a48 f   in_win.obj
 0001:00031ab2       ?IN_Commands@@YAXXZ        00432ab2 f   in_win.obj
 0001:00031be3       ?IN_Init@@YAXXZ            00432be3 f   in_win.obj
 0001:00031f29       ?IN_Shutdown@@YAXXZ        00432f29 f   in_win.obj
 0001:0003200d       ?IN_Move@@YAXPAUusercmd_t@@@Z 0043300d f   in_win.obj
 0001:0003250f       ?IN_Activate@@YAX_N@Z      0043350f f   in_win.obj
 0001:00032519       ?IN_Frame@@YAXXZ           00433519 f   in_win.obj
 0001:00032923       ?NetadrToSockadr@@YAXPAUnetadr_t@@PAUsockaddr@@@Z 00433923 f   net_wins.obj
 0001:000329a8       ?SockadrToNetadr@@YAXPAUsockaddr@@PAUnetadr_t@@@Z 004339a8 f   net_wins.obj
 0001:000329f8       ?NET_CompareAdr@@YA_NPAUnetadr_t@@0@Z 004339f8 f   net_wins.obj
 0001:00032a58       ?NET_CompareBaseAdr@@YA_NPAUnetadr_t@@0@Z 00433a58 f   net_wins.obj
 0001:00032aae       ?NET_AdrToString@@YAPADPAUnetadr_t@@@Z 00433aae f   net_wins.obj
 0001:00032b67       ?NET_StringToAdr@@YA_NPBDPAUnetadr_t@@@Z 00433b67 f   net_wins.obj
 0001:00032df1       ?NET_IsLocalAddress@@YA_NPAUnetadr_t@@@Z 00433df1 f   net_wins.obj
 0001:00032dfd       ?NET_GetLoopPacket@@YA_NW4netsrc_t@@PAUnetadr_t@@PAUsizebuf_t@@@Z 00433dfd f   net_wins.obj
 0001:00032e89       ?NET_SendLoopPacket@@YAXW4netsrc_t@@HPAXUnetadr_t@@@Z 00433e89 f   net_wins.obj
 0001:00032ede       ?NET_GetPacket@@YA_NW4netsrc_t@@PAUnetadr_t@@PAUsizebuf_t@@@Z 00433ede f   net_wins.obj
 0001:00032ffc       ?NET_SendPacket@@YAXW4netsrc_t@@HPAXUnetadr_t@@@Z 00433ffc f   net_wins.obj
 0001:000330cd       ?NET_IPSocket@@YAHPADH@Z   004340cd f   net_wins.obj
 0001:000331e2       ?NET_OpenIP@@YAXXZ         004341e2 f   net_wins.obj
 0001:0003325e       ?NET_OpenIPX@@YAXXZ        0043425e f   net_wins.obj
 0001:0003339e       ?NET_Config@@YAX_N@Z       0043439e f   net_wins.obj
 0001:00033442       ?NET_Init@@YAXXZ           00434442 f   net_wins.obj
 0001:000334ae       ?Sys_Mkdir@@YAXPAD@Z       004344ae f   q_shwin.obj
 0001:000334ba       ?Sys_FindFirst@@YAPBDPBDH@Z 004344ba f   q_shwin.obj
 0001:00033574       ?Sys_FindNext@@YAPBDXZ     00434574 f   q_shwin.obj
 0001:000335de       ?Sys_FindClose@@YAXXZ      004345de f   q_shwin.obj
 0001:000335f8       ?SNDDMA_Init@@YA_NXZ       004345f8 f   snd_win.obj
 0001:00033c37       ?SNDDMA_GetDMAPos@@YAHXZ   00434c37 f   snd_win.obj
 0001:00033c81       ?SNDDMA_BeginPainting@@YAXXZ 00434c81 f   snd_win.obj
 0001:00033d99       ?SNDDMA_Submit@@YAXXZ      00434d99 f   snd_win.obj
 0001:00033dbe       ?SNDDMA_Shutdown@@YAXXZ    00434dbe f   snd_win.obj
 0001:00033dc3       ?S_Activate@@YAX_N@Z       00434dc3 f   snd_win.obj
 0001:00033dee       ?Sys_Quit@@YAXXZ           00434dee f   sys_win.obj
 0001:00033ea6       ?Sys_Init@@YAXXZ           00434ea6 f   sys_win.obj
 0001:00033f1e       ?Sys_ConsoleInput@@YAPADXZ 00434f1e f   sys_win.obj
 0001:000341d5       ?Sys_ConsoleOutput@@YAXPBD@Z 004351d5 f   sys_win.obj
 0001:00034263       ?Sys_SendKeyEvents@@YAXXZ  00435263 f   sys_win.obj
 0001:00034350       ?Sys_UnloadGame@@YAXXZ     00435350 f   sys_win.obj
 0001:000343cb       ?Sys_GetGameAPI@@YAPAXPAX@Z 004353cb f   sys_win.obj
 0001:00034522       _WinMain@16                00435522 f   sys_win.obj
 0001:00034828       ?Vid_CreateWindow@@YAPAXHH_N@Z 00435828 f   vid_dll.obj
 0001:00035051       ?Vid_DestroyWindow@@YAX_N@Z 00436051 f   vid_dll.obj
 0001:0003508c       ?Vid_GetModeInfo@@YA_NPAH0H@Z 0043608c f   vid_dll.obj
 0001:000350ba       ?Vid_UpdateWindowPosAndSize@@YAXHH@Z 004360ba f   vid_dll.obj
 0001:00035121       ?Vid_FreeReflib@@YAXXZ     00436121 f   vid_dll.obj
 0001:0003515b       ?Vid_CheckChanges@@YAXXZ   0043615b f   vid_dll.obj
 0001:000354f4       ?Vid_Init@@YAXXZ           004364f4 f   vid_dll.obj
 0001:000355e5       ?Vid_Shutdown@@YAXXZ       004365e5 f   vid_dll.obj
 0001:00035613       ?GL_BackEnd@@YAXXZ         00436613 f   gl_backend.obj
 0001:00038c13       ?GL_InitBackend@@YAXXZ     00439c13 f   gl_backend.obj
 0001:00038c47       ?GL_ShutdownBackend@@YAXXZ 00439c47 f   gl_backend.obj
 0001:00038c5b       ?GL_AllocDynamicMemory@@YAPAXH@Z 00439c5b f   gl_buffers.obj
 0001:00038cc6       ?GL_ResizeDynamicMemory@@YAXPAXH@Z 00439cc6 f   gl_buffers.obj
 0001:00038d08       ?GL_AddSurfaceToPortal@@YAXPAUsurfaceCommon_t@@PAUshader_t@@HH@Z 00439d08 f   gl_buffers.obj
 0001:00038d71       ?GL_AddDynamicSurface@@YAPAUsurfaceCommon_t@@PAUshader_t@@H@Z 00439d71 f   gl_buffers.obj
 0001:00038d99       ?GL_InsertShaderIndex@@YAXH@Z 00439d99 f   gl_buffers.obj
 0001:00038dd2       ?GL_ClearPortal@@YAXXZ     00439dd2 f   gl_buffers.obj
 0001:00038df0       ?GL_FinishPortal@@YAXXZ    00439df0 f   gl_buffers.obj
 0001:00038e41       ?GL_SortSurfaces@@YAXPAUviewPortal_t@@PAPAUsurfaceInfo_t@@@Z 00439e41 f   gl_buffers.obj
 0001:00038fd3       ?GL_ClearBuffers@@YAXXZ    00439fd3 f   gl_buffers.obj
 0001:00038fea       ?GL_CreateBuffers@@YAXXZ   00439fea f   gl_buffers.obj
 0001:00039010       ?GL_FreeBuffers@@YAXXZ     0043a010 f   gl_buffers.obj
 0001:00039034       ?GL_AddEntity@@YAXPAUentity_t@@@Z 0043a034 f   gl_frontend.obj
 0001:000394a8       ?GL_AddDlight@@YAXPAUdlight_t@@@Z 0043a4a8 f   gl_frontend.obj
 0001:00039660       ?GL_DrawPortal@@YAXXZ      0043a660 f   gl_frontend.obj
 0001:0003c149       ?GL_TextureMode@@YAXPAD@Z  0043d149 f   gl_image.obj
 0001:0003c1f1       ?GL_CreateImage@@YAPAUimage_t@@PBDPAXHHI@Z 0043d1f1 f   gl_image.obj
 0001:0003cf60       ?GL_LoadDelayedImages@@YAXXZ 0043df60 f   gl_image.obj
 0001:0003cff3       ?GL_DrawStretchRaw8@@YAXHHHHHHPAEPAI@Z 0043dff3 f   gl_image.obj
 0001:0003d3ad       ?GL_SetupGamma@@YAXXZ      0043e3ad f   gl_image.obj
 0001:0003d4f2       ?GL_PerformScreenshot@@YAXXZ 0043e4f2 f   gl_image.obj
 0001:0003d77f       ?GL_InitImages@@YAXXZ      0043e77f f   gl_image.obj
 0001:0003df53       ?GL_ShutdownImages@@YAXXZ  0043ef53 f   gl_image.obj
 0001:0003dfba       ?GL_ShowImages@@YAXXZ      0043efba f   gl_image.obj
 0001:0003e242       ?GL_FindImage@@YAPAUimage_t@@PBDI@Z 0043f242 f   gl_image.obj
 0001:0003e4e4       ?GL_Lock@@YAXXZ            0043f4e4 f   gl_interface.obj
 0001:0003e55c       ?GL_Unlock@@YAXXZ          0043f55c f   gl_interface.obj
 0001:0003e71e       ?GL_Bind@@YAXPAUimage_t@@@Z 0043f71e f   gl_interface.obj
 0001:0003e848       ?GL_BindForce@@YAXPAUimage_t@@@Z 0043f848 f   gl_interface.obj
 0001:0003e8c6       ?GL_TexEnv@@YAXI@Z         0043f8c6 f   gl_interface.obj
 0001:0003ea45       ?GL_TexMipBias@@YAXM@Z     0043fa45 f   gl_interface.obj
 0001:0003eaa0       ?GL_TexEnvColor@@YAXPATcolor_t@@@Z 0043faa0 f   gl_interface.obj
 0001:0003eb50       ?GL_SelectTexture@@YAXH@Z  0043fb50 f   gl_interface.obj
 0001:0003ebb1       ?GL_TexCoordPointer@@YAXPAX@Z 0043fbb1 f   gl_interface.obj
 0001:0003ebe1       ?GL_SetMultitexture@@YAXH@Z 0043fbe1 f   gl_interface.obj
 0001:0003ecc7       ?GL_DisableTexCoordArrays@@YAXXZ 0043fcc7 f   gl_interface.obj
 0001:0003ed1b       ?GL_CullFace@@YAXW4gl_cullMode_t@@@Z 0043fd1b f   gl_interface.obj
 0001:0003ed6c       ?GL_DepthRange@@YAXW4gl_depthMode_t@@@Z 0043fd6c f   gl_interface.obj
 0001:0003ed9f       ?GL_State@@YAXI@Z          0043fd9f f   gl_interface.obj
 0001:0003eef8       ?GL_EnableFog@@YAX_N@Z     0043fef8 f   gl_interface.obj
 0001:0003eff0       ?GL_SetDefaultState@@YAXXZ 0043fff0 f   gl_interface.obj
 0001:0003f13e       ?GL_Set2DMode@@YAXXZ       0044013e f   gl_interface.obj
 0001:0003f239       ?GL_Setup@@YAXPAUviewPortal_t@@@Z 00440239 f   gl_interface.obj
 0001:0003f321       ?GL_ShowLights@@YAXXZ      00440321 f   gl_light.obj
 0001:0003f746       ?GL_LightForEntity@@YAXPAUrefEntity_t@@@Z 00440746 f   gl_light.obj
 0001:000409ac       ?GL_DiffuseLight@@YAXPATcolor_t@@M@Z 004419ac f   gl_light.obj
 0001:00040b24       ?GL_InitLightGrid@@YAXXZ   00441b24 f   gl_light.obj
 0001:00040bca       ?GL_PostLoadLights@@YAXXZ  00441bca f   gl_light.obj
 0001:00040e68       ?LM_Init@@YAXXZ            00441e68 f   gl_lightmap.obj
 0001:00040e7e       ?LM_Flush@@YAXPAUlightmapBlock_t@@@Z 00441e7e f   gl_lightmap.obj
 0001:00040edb       ?LM_Done@@YAXXZ            00441edb f   gl_lightmap.obj
 0001:00040f02       ?LM_Save@@YAXPAUlightmapBlock_t@@@Z 00441f02 f   gl_lightmap.obj
 0001:00040f1a       ?LM_Restore@@YAXPAUlightmapBlock_t@@@Z 00441f1a f   gl_lightmap.obj
 0001:00040f32       ?LM_NewBlock@@YAPAUlightmapBlock_t@@XZ 00441f32 f   gl_lightmap.obj
 0001:00040fa2       ?LM_Rewind@@YAXXZ          00441fa2 f   gl_lightmap.obj
 0001:00040faa       ?LM_NextBlock@@YAPAUlightmapBlock_t@@XZ 00441faa f   gl_lightmap.obj
 0001:00040fd7       ?LM_CheckMinlight@@YAXPAUdynamicLightmap_t@@@Z 00441fd7 f   gl_lightmap.obj
 0001:0004106d       ?LM_AllocBlock@@YA_NPAUlightmapBlock_t@@PAUdynamicLightmap_t@@@Z 0044206d f   gl_lightmap.obj
 0001:00041124       ?LM_PutBlock@@YAXPAUdynamicLightmap_t@@@Z 00442124 f   gl_lightmap.obj
 0001:00041551       ?LM_SortLightStyles@@YAXPAUdynamicLightmap_t@@@Z 00442551 f   gl_lightmap.obj
 0001:000415e2       ?GL_UpdateDynamicLightmap@@YAXPAUshader_t@@PAUsurfacePlanar_t@@_NI@Z 004425e2 f   gl_lightmap.obj
 0001:00041ade       ?LM_IsMonotone@@YA_NPAUdynamicLightmap_t@@PATcolor_t@@@Z 00442ade f   gl_lightmap.obj
 0001:00041be5       ?GL_EnableRendering@@YAX_N@Z 00442be5 f   gl_main.obj
 0001:00041c00       ?GL_DrawStretchPic@@YAXPAUshader_t@@HHHHMMMMIE@Z 00442c00 f   gl_main.obj
 0001:00041ccc       ?DrawTextLeft@@YAXPBDI@Z   00442ccc f   gl_main.obj
 0001:00041e3a       ?DrawTextRight@@YAXPBDI@Z  00442e3a f   gl_main.obj
 0001:00041e84       ?DrawText3D@@YAXQAMPBDI@Z  00442e84 f   gl_main.obj
 0001:00041eb1       _GL_GetRefAPI              00442eb1 f   gl_main.obj
 0001:00043829       ?GL_InitFuncTables@@YAXXZ  00444829 f   gl_math.obj
 0001:000439da       ?ModelToWorldCoord@@YAXQAMPAUrefEntity_t@@0@Z 004449da f   gl_math.obj
 0001:00043a4b       ?WorldToModelCoord@@YAXQAMPAUrefEntity_t@@0@Z 00444a4b f   gl_math.obj
 0001:00043a92       ?BuildRotationMatrix@@YAXQAY02MQAMM@Z 00444a92 f   gl_math.obj
 0001:00043b8c       ?GetBoxRect@@YA_NPAUrefEntity_t@@QAM11_N@Z 00444b8c f   gl_math.obj
 0001:00043efd       ?ProjectToScreen@@YA_NQAMPAH@Z 00444efd f   gl_math.obj
 0001:00044040       ?SaturateColor3f@@YAXQAM@Z 00445040 f   gl_math.obj
 0001:00044130       ?SaturateColor4b@@YAXPATcolor_t@@@Z 00445130 f   gl_math.obj
 0001:0004423e       ?GL_FindModel@@YAPAUmodel_t@@PBD@Z 0044523e f   gl_model.obj
 0001:00044342       ?GL_LoadWorldMap@@YAXPBD@Z 00445342 f   gl_model.obj
 0001:00045e40       ?GL_PointInLeaf@@YAPAUnode_t@@QAM@Z 00446e40 f   gl_model.obj
 0001:0004697e       ?ATAN2_FUNC@@YAMMM@Z       0044797e f i gl_model.obj
 0001:00046b29       ?GL_FindSkin@@YAPAUshader_t@@PBD@Z 00447b29 f   gl_model.obj
 0001:00046c8b       ?GL_ResetModels@@YAXXZ     00447c8b f   gl_model.obj
 0001:00046d54       ?GL_InitModels@@YAXXZ      00447d54 f   gl_model.obj
 0001:00046e3c       ?GL_ShutdownModels@@YAXXZ  00447e3c f   gl_model.obj
 0001:00046e52       ?SubdividePlane@@YAHPAPAY02MHM@Z 00447e52 f   gl_poly.obj
 0001:000472a5       ?FreeSubdividedPlane@@YAXXZ 004482a5 f   gl_poly.obj
 0001:000472bd       ?GetSubdivideIndexes@@YAXPAH@Z 004482bd f   gl_poly.obj
 0001:00047310       ?RemoveCollinearPoints@@YAHPAPAY02MH@Z 00448310 f   gl_poly.obj
 0001:0004740b       ?GetPolyArea@@YAMPAPAY02MH@Z 0044840b f   gl_poly.obj
 0001:0004749f       ?GL_InitShaders@@YAXXZ     0044849f f   gl_shader.obj
 0001:000475f0       ?GL_ShutdownShaders@@YAXXZ 004485f0 f   gl_shader.obj
 0001:0004761a       ?GetLightmapImage@@YAPAUimage_t@@H@Z 0044861a f   gl_shader.obj
 0001:00047642       ?GL_SetShaderLightmap@@YAPAUshader_t@@PAU1@H@Z 00448642 f   gl_shader.obj
 0001:00047a17       ?GL_SetShaderLightstyles@@YAPAUshader_t@@PAU1@I@Z 00448a17 f   gl_shader.obj
 0001:00047ab3       ?GL_GetAlphaShader@@YAPAUshader_t@@PAU1@@Z 00448ab3 f   gl_shader.obj
 0001:00047d79       ?GL_FindShader@@YAPAUshader_t@@PBDI@Z 00448d79 f   gl_shader.obj
 0001:0004839a       ?GL_GetShaderByNum@@YAPAUshader_t@@H@Z 0044939a f   gl_shader.obj
 0001:000483b8       ?GL_ResetShaders@@YAXXZ    004493b8 f   gl_shader.obj
 0001:0004888a       ?GL_ClearSkyBox@@YAXXZ     0044988a f   gl_sky.obj
 0001:000488a1       ?GL_SetSkyRotate@@YAXMQAM@Z 004498a1 f   gl_sky.obj
 0001:000488d9       ?GL_SkyVisible@@YA_NXZ     004498d9 f   gl_sky.obj
 0001:000488f2       ?GL_AddSkySurface@@YAXPAUsurfacePlanar_t@@QAME@Z 004498f2 f   gl_sky.obj
 0001:00048f01       ?GL_TesselateSkySide@@YAHHPAUbufVertex_t@@PAUbufTexCoord_t@@M@Z 00449f01 f   gl_sky.obj
 0001:0004a859       ?QGL_Shutdown@@YAXXZ       0044b859 f   qgl_win.obj
 0001:0004a897       ?QGL_Init@@YA_NPBD@Z       0044b897 f   qgl_win.obj
 0001:0004a91a       ?QGL_InitExtensions@@YAXXZ 0044b91a f   qgl_win.obj
 0001:0004ae06       ?QGL_PrintExtensionsString@@YAXPBD00@Z 0044be06 f   qgl_win.obj
 0001:0004af56       ?QGL_EnableLogging@@YAX_N@Z 0044bf56 f   qgl_win.obj
 0001:0004b00d       ?QGL_LogMessage@@YAXPBD@Z  0044c00d f   qgl_win.obj
 0001:0004b024       ?GLimp_SetMode@@YA?AW4rserr_t@@PAI0H_N@Z 0044c024 f   glw_imp.obj
 0001:0004b2b7       ?GLimp_HasGamma@@YA_NXZ    0044c2b7 f   glw_imp.obj
 0001:0004b2cb       ?GLimp_SetGamma@@YAXM@Z    0044c2cb f   glw_imp.obj
 0001:0004b473       ?GLimp_Init@@YAHXZ         0044c473 f   glw_imp.obj
 0001:0004b7b4       ?GLimp_Shutdown@@YAXXZ     0044c7b4 f   glw_imp.obj
 0001:0004b85c       ?GLimp_EndFrame@@YAXXZ     0044c85c f   glw_imp.obj
 0001:0004b8dd       ?GLimp_AppActivate@@YAX_N@Z 0044c8dd f   glw_imp.obj
 0001:0004b9c0       _jpeg_CreateDecompress     0044c9c0 f   lib:jdapimin.obj
 0001:0004ba80       _jpeg_destroy_compress     0044ca80 f   lib:jdapimin.obj
 0001:0004ba80       _jpeg_destroy_decompress   0044ca80 f   lib:jdapimin.obj
 0001:0004ba8b       _jpeg_read_header          0044ca8b f   lib:jdapimin.obj
 0001:0004baed       _jpeg_consume_input        0044caed f   lib:jdapimin.obj
 0001:0004bd3c       _jpeg_finish_decompress    0044cd3c f   lib:jdapimin.obj
 0001:0004bdd3       _jpeg_start_decompress     0044cdd3 f   lib:jdapistd.obj
 0001:0004bf40       _jpeg_read_scanlines       0044cf40 f   lib:jdapistd.obj
 0001:0004bfc4       _jpeg_resync_to_restart    0044cfc4 f   lib:jdmarker.obj
 0001:0004c189       _jinit_marker_reader       0044d189 f   lib:jdmarker.obj
 0001:0004d654       _jpeg_CreateCompress       0044e654 f   lib:jcapimin.obj
 0001:0004d708       _jpeg_suppress_tables      0044e708 f   lib:jcapimin.obj
 0001:0004d752       _jpeg_finish_compress      0044e752 f   lib:jcapimin.obj
 0001:0004d83c       _jpeg_start_compress       0044e83c f   lib:jcapistd.obj
 0001:0004d8a8       _jpeg_write_scanlines      0044e8a8 f   lib:jcapistd.obj
 0001:0004d953       _jpeg_add_quant_table      0044e953 f   lib:jcparam.obj
 0001:0004da05       _jpeg_quality_scaling      0044ea05 f   lib:jcparam.obj
 0001:0004da2c       _jpeg_set_quality          0044ea2c f   lib:jcparam.obj
 0001:0004da66       _jpeg_set_defaults         0044ea66 f   lib:jcparam.obj
 0001:0004dc2c       _jpeg_default_colorspace   0044ec2c f   lib:jcparam.obj
 0001:0004dc7c       _jpeg_set_colorspace       0044ec7c f   lib:jcparam.obj
 0001:0004df97       _jpeg_stdio_dest           0044ef97 f   lib:jdatadst.obj
 0001:0004e196       _crc32                     0044f196 f   lib:crc32.obj
 0001:0004e430       _inflateReset              0044f430 f   lib:inflate.obj
 0001:0004e477       _inflateInit2_             0044f477 f   lib:inflate.obj
 0001:0004e530       _inflate                   0044f530 f   lib:inflate.obj
 0001:0004f7ff       _inflateEnd                004507ff f   lib:inflate.obj
 0001:0004f83d       _jinit_input_controller    0045083d f   lib:jdinput.obj
 0001:0004fd20       _jinit_memory_mgr          00450d20 f   lib:jmemmgr.obj
 0001:0005085c       _jpeg_abort                0045185c f   lib:jcomapi.obj
 0001:0005088f       _jpeg_destroy              0045188f f   lib:jcomapi.obj
 0001:000508aa       _jpeg_alloc_quant_table    004518aa f   lib:jcomapi.obj
 0001:000508c6       _jpeg_alloc_huff_table     004518c6 f   lib:jcomapi.obj
 0001:000508e2       _jpeg_calc_output_dimensions 004518e2 f   lib:jdmaster.obj
 0001:000509e2       _jinit_master_decompress   004519e2 f   lib:jdmaster.obj
 0001:00050d38       _jdiv_round_up             00451d38 f   lib:jutils.obj
 0001:00050d48       _jround_up                 00451d48 f   lib:jutils.obj
 0001:00050d60       _jcopy_sample_rows         00451d60 f   lib:jutils.obj
 0001:00050d9e       _jcopy_block_row           00451d9e f   lib:jutils.obj
 0001:00050db7       _jzero_far                 00451db7 f   lib:jutils.obj
 0001:00050dca       _jinit_marker_writer       00451dca f   lib:jcmarker.obj
 0001:000516a6       _jinit_compress_master     004526a6 f   lib:jcinit.obj
 0001:000516ff       _inflate_fast              004526ff f   lib:inffast.obj
 0001:00051ab4       _inflate_table             00452ab4 f   lib:inftrees.obj
 0001:00051e3d       _adler32                   00452e3d f   lib:adler32.obj
 0001:00051f56       _jinit_c_codec             00452f56 f   lib:jcodec.obj
 0001:00051f72       _jinit_d_codec             00452f72 f   lib:jcodec.obj
 0001:00051f8e       _jpeg_free_small           00452f8e f   lib:jmemnobs.obj
 0001:00051f8e       _jpeg_free_large           00452f8e f   lib:jmemnobs.obj
 0001:00051f9a       _jpeg_get_small            00452f9a f   lib:jmemnobs.obj
 0001:00051f9a       _jpeg_get_large            00452f9a f   lib:jmemnobs.obj
 0001:00051fa6       _jpeg_mem_available        00452fa6 f   lib:jmemnobs.obj
 0001:00051fab       _jpeg_open_backing_store   00452fab f   lib:jmemnobs.obj
 0001:00051fbf       _jinit_d_main_controller   00452fbf f   lib:jdmainct.obj
 0001:0005260a       _jinit_d_post_controller   0045360a f   lib:jdpostct.obj
 0001:000528b5       _jinit_upsampler           004538b5 f   lib:jdsample.obj
 0001:00052ef3       _jinit_color_deconverter   00453ef3 f   lib:jdcolor.obj
 0001:00053409       _jinit_merged_upsampler    00454409 f   lib:jdmerge.obj
 0001:00053959       _jinit_2pass_quantizer     00454959 f   lib:jquant2.obj
 0001:00054a1c       _jinit_1pass_quantizer     00455a1c f   lib:jquant1.obj
 0001:00055442       _jinit_c_main_controller   00456442 f   lib:jcmainct.obj
 0001:000555af       _jinit_c_prep_controller   004565af f   lib:jcprepct.obj
 0001:00055afa       _jinit_downsampler         00456afa f   lib:jcsample.obj
 0001:0005637a       _jinit_color_converter     0045737a f   lib:jccolor.obj
 0001:00056964       _jinit_c_master_control    00457964 f   lib:jcmaster.obj
 0001:00057453       _jinit_lossy_c_codec       00458453 f   lib:jclossy.obj
 0001:000574ee       _jinit_lossless_c_codec    004584ee f   lib:jclossls.obj
 0001:00057586       _jinit_lossy_d_codec       00458586 f   lib:jdlossy.obj
 0001:00057859       _jinit_lossless_d_codec    00458859 f   lib:jdlossls.obj
 0001:00057909       _jinit_c_coef_controller   00458909 f   lib:jccoefct.obj
 0001:00057fea       _jinit_shuff_encoder       00458fea f   lib:jcshuff.obj
 0001:00058852       _jinit_phuff_encoder       00459852 f   lib:jcphuff.obj
 0001:000592f7       _jinit_forward_dct         0045a2f7 f   lib:jcdctmgr.obj
 0001:000595c6       _jinit_c_diff_controller   0045a5c6 f   lib:jcdiffct.obj
 0001:00059aea       _jinit_lhuff_encoder       0045aaea f   lib:jclhuff.obj
 0001:0005a217       _jinit_differencer         0045b217 f   lib:jcpred.obj
 0001:0005a731       _jinit_c_scaler            0045b731 f   lib:jcscale.obj
 0001:0005a7a7       _jinit_d_coef_controller   0045b7a7 f   lib:jdcoefct.obj
 0001:0005b480       _jinit_shuff_decoder       0045c480 f   lib:jdshuff.obj
 0001:0005ba15       _jinit_phuff_decoder       0045ca15 f   lib:jdphuff.obj
 0001:0005c5b2       _jinit_inverse_dct         0045d5b2 f   lib:jddctmgr.obj
 0001:0005c796       _jinit_d_diff_controller   0045d796 f   lib:jddiffct.obj
 0001:0005ccc4       _jinit_d_scaler            0045dcc4 f   lib:jdscale.obj
 0001:0005cdc3       _jinit_undifferencer       0045ddc3 f   lib:jdpred.obj
 0001:0005d17d       _jinit_lhuff_decoder       0045e17d f   lib:jdlhuff.obj
 0001:0005d572       _jpeg_make_c_derived_tbl   0045e572 f   lib:jchuff.obj
 0001:0005d774       _jpeg_gen_optimal_table    0045e774 f   lib:jchuff.obj
 0001:0005d933       _jpeg_fdct_float           0045e933 f   lib:jfdctflt.obj
 0001:0005db38       _jpeg_make_d_derived_tbl   0045eb38 f   lib:jdhuff.obj
 0001:0005ddd5       _jpeg_fill_bit_buffer      0045edd5 f   lib:jdhuff.obj
 0001:0005dee4       _jpeg_huff_decode          0045eee4 f   lib:jdhuff.obj
 0001:0005dfc4       _jpeg_idct_4x4             0045efc4 f   lib:jidctred.obj
 0001:0005e2b2       _jpeg_idct_2x2             0045f2b2 f   lib:jidctred.obj
 0001:0005e474       _jpeg_idct_1x1             0045f474 f   lib:jidctred.obj
 0001:0005e4b0       _jpeg_idct_float           0045f4b0 f   lib:jidctflt.obj
 0001:0005e890       __except_handler3          0045f890 f   MSVCRT:MSVCRT.dll
 0001:0005e8a0       __alloca_probe             0045f8a0 f   MSVCRT:chkstk.obj
 0001:0005e8a0       __chkstk                   0045f8a0 f   MSVCRT:chkstk.obj
 0001:0005e8cf       ??_Etype_info@@UAEPAXI@Z   0045f8cf f i MSVCRT:ti_inst.obj
 0001:0005e8cf       ??_Gtype_info@@UAEPAXI@Z   0045f8cf f i MSVCRT:ti_inst.obj
 0001:0005e8ec       __CxxThrowException@8      0045f8ec f   MSVCRT:MSVCRT.dll
 0001:0005e8f2       _strcpy                    0045f8f2 f   MSVCRT:MSVCRT.dll
 0001:0005e8f8       _strlen                    0045f8f8 f   MSVCRT:MSVCRT.dll
 0001:0005e8fe       _strcmp                    0045f8fe f   MSVCRT:MSVCRT.dll
 0001:0005e904       _sin                       0045f904 f   MSVCRT:MSVCRT.dll
 0001:0005e90a       _tan                       0045f90a f   MSVCRT:MSVCRT.dll
 0001:0005e910       _cos                       0045f910 f   MSVCRT:MSVCRT.dll
 0001:0005e916       _strcat                    0045f916 f   MSVCRT:MSVCRT.dll
 0001:0005e91c       _fmod                      0045f91c f   MSVCRT:MSVCRT.dll
 0001:0005e922       _atan2                     0045f922 f   MSVCRT:MSVCRT.dll
 0001:0005e928       _acos                      0045f928 f   MSVCRT:MSVCRT.dll
 0001:0005e92e       _sqrt                      0045f92e f   MSVCRT:MSVCRT.dll
 0001:0005e934       _atan                      0045f934 f   MSVCRT:MSVCRT.dll
 0001:0005e93a       _memcpy                    0045f93a f   MSVCRT:MSVCRT.dll
 0001:0005e940       _memset                    0045f940 f   MSVCRT:MSVCRT.dll
 0001:0005e946       _pow                       0045f946 f   MSVCRT:MSVCRT.dll
 0001:0005e94c       _asin                      0045f94c f   MSVCRT:MSVCRT.dll
 0001:0005e952       _WinMainCRTStartup         0045f952 f   MSVCRT:crtexew.obj
 0001:0005eab0       __ftol                     0045fab0 f   MSVCRT:MSVCRT.dll
 0001:0005eab6       ??1type_info@@UAE@XZ       0045fab6 f   MSVCRT:MSVCRT.dll
 0001:0005eabc       __XcptFilter               0045fabc f   MSVCRT:MSVCRT.dll
 0001:0005eac2       __initterm                 0045fac2 f   MSVCRT:MSVCRT.dll
 0001:0005eac8       __setdefaultprecision      0045fac8 f   MSVCRT:fp8.obj
 0001:0005eada       _jpeg_mem_init             0045fada f   MSVCRT:merr.obj
 0001:0005eada       __matherr                  0045fada f   MSVCRT:merr.obj
 0001:0005eadd       _jpeg_mem_term             0045fadd f   MSVCRT:dllargv.obj
 0001:0005eadd       __setargv                  0045fadd f   MSVCRT:dllargv.obj
 0001:0005eade       __controlfp                0045fade f   MSVCRT:MSVCRT.dll
 0002:00000000       __imp__SetDeviceGammaRamp@8 00460000     gdi32:GDI32.dll
 0002:00000004       __imp__GetDeviceGammaRamp@8 00460004     gdi32:GDI32.dll
 0002:00000008       __imp__DescribePixelFormat@16 00460008     gdi32:GDI32.dll
 0002:0000000c       __imp__SetPixelFormat@12   0046000c     gdi32:GDI32.dll
 0002:00000010       __imp__ChoosePixelFormat@8 00460010     gdi32:GDI32.dll
 0002:00000014       __imp__SwapBuffers@4       00460014     gdi32:GDI32.dll
 0002:00000018       __imp__GetDeviceCaps@8     00460018     gdi32:GDI32.dll
 0002:0000001c       \177GDI32_NULL_THUNK_DATA  0046001c     gdi32:GDI32.dll
 0002:00000020       __imp__GetDriveTypeA@4     00460020     kernel32:KERNEL32.dll
 0002:00000024       __imp__SetErrorMode@4      00460024     kernel32:KERNEL32.dll
 0002:00000028       __imp__GetStdHandle@4      00460028     kernel32:KERNEL32.dll
 0002:0000002c       __imp__AllocConsole@0      0046002c     kernel32:KERNEL32.dll
 0002:00000030       __imp__ReadConsoleInputA@16 00460030     kernel32:KERNEL32.dll
 0002:00000034       __imp__GetNumberOfConsoleInputEvents@8 00460034     kernel32:KERNEL32.dll
 0002:00000038       __imp__FreeConsole@0       00460038     kernel32:KERNEL32.dll
 0002:0000003c       __imp__SetConsoleTextAttribute@8 0046003c     kernel32:KERNEL32.dll
 0002:00000040       __imp__SetPriorityClass@8  00460040     kernel32:KERNEL32.dll
 0002:00000044       __imp__GetCurrentProcess@0 00460044     kernel32:KERNEL32.dll
 0002:00000048       __imp__GetVersionExA@4     00460048     kernel32:KERNEL32.dll
 0002:0000004c       __imp__Sleep@4             0046004c     kernel32:KERNEL32.dll
 0002:00000050       __imp__LoadLibraryA@4      00460050     kernel32:KERNEL32.dll
 0002:00000054       __imp__GetStartupInfoA@4   00460054     kernel32:KERNEL32.dll
 0002:00000058       __imp__GetModuleHandleA@4  00460058     kernel32:KERNEL32.dll
 0002:0000005c       __imp__GetProcAddress@8    0046005c     kernel32:KERNEL32.dll
 0002:00000060       __imp__FreeLibrary@4       00460060     kernel32:KERNEL32.dll
 0002:00000064       __imp__IsBadReadPtr@8      00460064     kernel32:KERNEL32.dll
 0002:00000068       __imp__VirtualQuery@12     00460068     kernel32:KERNEL32.dll
 0002:0000006c       __imp__WriteFile@20        0046006c     kernel32:KERNEL32.dll
 0002:00000070       __imp__GetModuleFileNameA@12 00460070     kernel32:KERNEL32.dll
 0002:00000074       \177KERNEL32_NULL_THUNK_DATA 00460074     kernel32:KERNEL32.dll
 0002:00000078       __imp____p__commode        00460078     MSVCRT:MSVCRT.dll
 0002:0000007c       __imp___adjust_fdiv        0046007c     MSVCRT:MSVCRT.dll
 0002:00000080       __imp____setusermatherr    00460080     MSVCRT:MSVCRT.dll
 0002:00000084       __imp____p__fmode          00460084     MSVCRT:MSVCRT.dll
 0002:00000088       __imp____getmainargs       00460088     MSVCRT:MSVCRT.dll
 0002:0000008c       __imp___acmdln             0046008c     MSVCRT:MSVCRT.dll
 0002:00000090       __imp___XcptFilter         00460090     MSVCRT:MSVCRT.dll
 0002:00000094       __imp___exit               00460094     MSVCRT:MSVCRT.dll
 0002:00000098       __imp_??1type_info@@UAE@XZ 00460098     MSVCRT:MSVCRT.dll
 0002:0000009c       __imp___ftol               0046009c     MSVCRT:MSVCRT.dll
 0002:000000a0       __imp__fflush              004600a0     MSVCRT:MSVCRT.dll
 0002:000000a4       __imp___winmajor           004600a4     MSVCRT:MSVCRT.dll
 0002:000000a8       __imp__asin                004600a8     MSVCRT:MSVCRT.dll
 0002:000000ac       __imp__pow                 004600ac     MSVCRT:MSVCRT.dll
 0002:000000b0       __imp__exit                004600b0     MSVCRT:MSVCRT.dll
 0002:000000b4       __imp___findclose          004600b4     MSVCRT:MSVCRT.dll
 0002:000000b8       __imp___findnext           004600b8     MSVCRT:MSVCRT.dll
 0002:000000bc       __imp___findfirst          004600bc     MSVCRT:MSVCRT.dll
 0002:000000c0       __imp___mkdir              004600c0     MSVCRT:MSVCRT.dll
 0002:000000c4       __imp__memset              004600c4     MSVCRT:MSVCRT.dll
 0002:000000c8       __imp__memcpy              004600c8     MSVCRT:MSVCRT.dll
 0002:000000cc       __imp__remove              004600cc     MSVCRT:MSVCRT.dll
 0002:000000d0       __imp__srand               004600d0     MSVCRT:MSVCRT.dll
 0002:000000d4       __imp__memmove             004600d4     MSVCRT:MSVCRT.dll
 0002:000000d8       __imp__strstr              004600d8     MSVCRT:MSVCRT.dll
[...]
 0001:0005c8cc       _start_input_pass          0045d8cc f   lib:jddiffct.obj
 0001:0005c934       _start_iMCU_row            0045d934 f   lib:jddiffct.obj
 0001:0005c979       _start_output_pass         0045d979 f   lib:jddiffct.obj
 0001:0005c985       _decompress_data           0045d985 f   lib:jddiffct.obj
 0001:0005caf5       _process_restart           0045daf5 f   lib:jddiffct.obj
 0001:000354c6       _dummy_consume_data        004364c6 f   vid_dll.obj
 0001:0005cb2a       _consume_data              0045db2a f   lib:jddiffct.obj
 0001:0005cba1       _output_data               0045dba1 f   lib:jddiffct.obj
 0001:0005c628       _start_pass                0045d628 f   lib:jddctmgr.obj
 0001:0005ba7a       _start_pass_phuff_decoder  0045ca7a f   lib:jdphuff.obj
 0001:0005bcc3       _decode_mcu_DC_first       0045ccc3 f   lib:jdphuff.obj
 0001:0005bebb       _process_restart           0045cebb f   lib:jdphuff.obj
 0001:0005bf2a       _decode_mcu_AC_first       0045cf2a f   lib:jdphuff.obj
 0001:0005c14a       _decode_mcu_DC_refine      0045d14a f   lib:jdphuff.obj
 0001:0005c21f       _decode_mcu_AC_refine      0045d21f f   lib:jdphuff.obj
 0001:0005b4c1       _start_pass_huff_decoder   0045c4c1 f   lib:jdshuff.obj
 0001:0005b5f9       _decode_mcu                0045c5f9 f   lib:jdshuff.obj
 0001:0005b9a9       _process_restart           0045c9a9 f   lib:jdshuff.obj
 0001:0005a8aa       _start_input_pass          0045b8aa f   lib:jdcoefct.obj
 0001:0005a8bd       _start_iMCU_row            0045b8bd f   lib:jdcoefct.obj
 0001:0005a902       _start_output_pass         0045b902 f   lib:jdcoefct.obj
 0001:0005a93f       _decompress_onepass        0045b93f f   lib:jdcoefct.obj
 0001:000354c6       _dummy_consume_data        004364c6 f   vid_dll.obj
 0001:0005ab18       _consume_data              0045bb18 f   lib:jdcoefct.obj
 0001:0005acd1       _decompress_data           0045bcd1 f   lib:jdcoefct.obj
 0001:0005ae3d       _smoothing_ok              0045be3d f   lib:jdcoefct.obj
 0001:0005af28       _decompress_smooth_data    0045bf28 f   lib:jdcoefct.obj
 0001:0005a743       _scaler_start_pass         0045b743 f   lib:jcscale.obj
 0001:0005a766       _simple_downscale          0045b766 f   lib:jcscale.obj
 0001:0005a792       _noscale                   0045b792 f   lib:jcscale.obj
 0001:0005a23b       _start_pass                0045b23b f   lib:jcpred.obj
 0001:0005a293       _reset_predictor           0045b293 f   lib:jcpred.obj
 0001:0005a2c0       _jpeg_difference_first_row 0045b2c0 f   lib:jcpred.obj
 0001:0005a3aa       _jpeg_difference1          0045b3aa f   lib:jcpred.obj
 0001:0005a418       _jpeg_difference2          0045b418 f   lib:jcpred.obj
 0001:0005a489       _jpeg_difference3          0045b489 f   lib:jcpred.obj
 0001:0005a501       _jpeg_difference4          0045b501 f   lib:jcpred.obj
 0001:0005a58c       _jpeg_difference5          0045b58c f   lib:jcpred.obj
 0001:0005a61f       _jpeg_difference6          0045b61f f   lib:jcpred.obj
 0001:0005a6ae       _jpeg_difference7          0045b6ae f   lib:jcpred.obj
 0001:00059b2a       _start_pass_huff           0045ab2a f   lib:jclhuff.obj
 0001:00059cc7       _encode_mcus_huff          0045acc7 f   lib:jclhuff.obj
 0001:00059eb2       _emit_bits                 0045aeb2 f   lib:jclhuff.obj
 0001:00059f55       _dump_buffer               0045af55 f   lib:jclhuff.obj
 0001:00059f79       _emit_restart              0045af79 f   lib:jclhuff.obj
 0001:00059fc4       _flush_bits                0045afc4 f   lib:jclhuff.obj
 0001:00059fe8       _finish_pass_huff          0045afe8 f   lib:jclhuff.obj
 0001:0005a055       _encode_mcus_gather        0045b055 f   lib:jclhuff.obj
 0001:0005a17e       _finish_pass_gather        0045b17e f   lib:jclhuff.obj
 0001:0005a214       _need_optimization_pass    0045b214 f   lib:jclhuff.obj
 0001:0005974a       _start_pass_diff           0045a74a f   lib:jcdiffct.obj
 0001:00057a53       _start_iMCU_row            00458a53 f   lib:jccoefct.obj
 0001:000597e8       _compress_data             0045a7e8 f   lib:jcdiffct.obj
 0001:0005997e       _compress_first_pass       0045a97e f   lib:jcdiffct.obj
 0001:00059a73       _compress_output           0045aa73 f   lib:jcdiffct.obj
 0001:0005935d       _start_pass_fdctmgr        0045a35d f   lib:jcdctmgr.obj
 0001:0005945f       _forward_DCT_float         0045a45f f   lib:jcdctmgr.obj
 0001:00058892       _start_pass_phuff          00459892 f   lib:jcphuff.obj
 0001:000589ff       _encode_mcu_DC_first       004599ff f   lib:jcphuff.obj
 0001:00058b31       _emit_bits                 00459b31 f   lib:jcphuff.obj
 0001:00058bdc       _dump_buffer               00459bdc f   lib:jcphuff.obj
 0001:00058c14       _emit_symbol               00459c14 f   lib:jcphuff.obj
 0001:00058c54       _emit_restart              00459c54 f   lib:jcphuff.obj
 0001:00058cdd       _emit_eobrun               00459cdd f   lib:jcphuff.obj
 0001:00058d63       _encode_mcu_AC_first       00459d63 f   lib:jcphuff.obj
 0001:00058ef7       _encode_mcu_DC_refine      00459ef7 f   lib:jcphuff.obj
 0001:00058fb1       _encode_mcu_AC_refine      00459fb1 f   lib:jcphuff.obj
 0001:000591c8       _finish_pass_phuff         0045a1c8 f   lib:jcphuff.obj
 0001:00059217       _finish_pass_gather_phuff  0045a217 f   lib:jcphuff.obj
 0001:000592da       _need_optimization_pass    0045a2da f   lib:jcphuff.obj
 0001:0005802d       _start_pass_huff           0045902d f   lib:jcshuff.obj
 0001:000581a2       _encode_mcu_huff           004591a2 f   lib:jcshuff.obj
 0001:000582ad       _encode_one_block          004592ad f   lib:jcshuff.obj
 0001:00058424       _emit_bits                 00459424 f   lib:jcshuff.obj
 0001:000584c7       _dump_buffer               004594c7 f   lib:jcshuff.obj
 0001:000584eb       _emit_restart              004594eb f   lib:jcshuff.obj
 0001:00058558       _flush_bits                00459558 f   lib:jcshuff.obj
 0001:0005857c       _finish_pass_huff          0045957c f   lib:jcshuff.obj
 0001:000585eb       _encode_mcu_gather         004595eb f   lib:jcshuff.obj
 0001:000586a1       _htest_one_block           004596a1 f   lib:jcshuff.obj
 0001:00058768       _finish_pass_gather        00459768 f   lib:jcshuff.obj
 0001:0005a214       _need_optimization_pass    0045b214 f   lib:jclhuff.obj
 0001:000579be       _start_pass_coef           004589be f   lib:jccoefct.obj
 0001:00057a53       _start_iMCU_row            00458a53 f   lib:jccoefct.obj
 0001:00057a95       _compress_data             00458a95 f   lib:jccoefct.obj
 0001:00057c7c       _compress_first_pass       00458c7c f   lib:jccoefct.obj
 0001:00057e62       _compress_output           00458e62 f   lib:jccoefct.obj
 0001:000578d6       _calc_output_dimensions    004588d6 f   lib:jdlossls.obj
 0001:000578e7       _start_input_pass          004588e7 f   lib:jdlossls.obj
 0001:00057615       _calc_output_dimensions    00458615 f   lib:jdlossy.obj
 0001:00057788       _start_input_pass          00458788 f   lib:jdlossy.obj
 0001:000577a8       _latch_quant_tables        004587a8 f   lib:jdlossy.obj
 0001:00057840       _start_output_pass         00458840 f   lib:jdlossy.obj
 0001:00057564       _start_pass                00458564 f   lib:jclossls.obj
 0001:000574d0       _start_pass                004584d0 f   lib:jclossy.obj
 0001:00056a25       _initial_setup             00457a25 f   lib:jcmaster.obj
 0001:00056bd8       _validate_script           00457bd8 f   lib:jcmaster.obj
 0001:00056fb0       _prepare_for_pass          00457fb0 f   lib:jcmaster.obj
 0001:00057128       _select_scan_parameters    00458128 f   lib:jcmaster.obj
 0001:00057229       _per_scan_setup            00458229 f   lib:jcmaster.obj
 0001:000573d4       _pass_startup              004583d4 f   lib:jcmaster.obj
 0001:000573fb       _finish_pass_master        004583fb f   lib:jcmaster.obj
 0001:00056511       _rgb_ycc_start             00457511 f   lib:jccolor.obj
 0001:000565d5       _rgb_ycc_convert           004575d5 f   lib:jccolor.obj
 0001:000566d4       _rgb_gray_convert          004576d4 f   lib:jccolor.obj
 0001:00056759       _cmyk_ycck_convert         00457759 f   lib:jccolor.obj
 0001:00056891       _grayscale_convert         00457891 f   lib:jccolor.obj
 0001:000568eb       _null_convert              004578eb f   lib:jccolor.obj
 0001:000354ec       _null_method               004364ec f   vid_dll.obj
 0001:000354ec       _start_pass_downsample     004364ec f   vid_dll.obj
 0001:00055c5d       _sep_downsample            00456c5d f   lib:jcsample.obj
 0001:00055cd2       _int_downsample            00456cd2 f   lib:jcsample.obj
 0001:00055dca       _expand_right_edge         00456dca f   lib:jcsample.obj
 0001:00055e1f       _fullsize_downsample       00456e1f f   lib:jcsample.obj
 0001:00055e63       _h2v1_downsample           00456e63 f   lib:jcsample.obj
 0001:00055ef7       _h2v2_downsample           00456ef7 f   lib:jcsample.obj
 0001:00055fa4       _h2v2_smooth_downsample    00456fa4 f   lib:jcsample.obj
 0001:0005621c       _fullsize_smooth_downsample 0045721c f   lib:jcsample.obj
 0001:00055659       _start_pass_prep           00456659 f   lib:jcprepct.obj
 0001:00055697       _pre_process_data          00456697 f   lib:jcprepct.obj
 0001:00055845       _pre_process_context       00456845 f   lib:jcprepct.obj
 0001:000559fe       _create_context_buffer     004569fe f   lib:jcprepct.obj
 0001:000554d1       _start_pass_main           004564d1 f   lib:jcmainct.obj
 0001:00055513       _process_data_simple_main  00456513 f   lib:jcmainct.obj
 0001:00054aa7       _create_colormap           00455aa7 f   lib:jquant1.obj
 0001:00054bd9       _select_ncolors            00455bd9 f   lib:jquant1.obj
 0001:00054cb0       _create_colorindex         00455cb0 f   lib:jquant1.obj
 0001:00054ddc       _alloc_fs_workspace        00455ddc f   lib:jquant1.obj
 0001:00054e18       _start_pass_1_quant        00455e18 f   lib:jquant1.obj
 0001:00054ee4       _create_odither_tables     00455ee4 f   lib:jquant1.obj
 0001:00054f43       _make_odither_array        00455f43 f   lib:jquant1.obj
 0001:00054fa6       _color_quantize            00455fa6 f   lib:jquant1.obj
 0001:00055031       _color_quantize3           00456031 f   lib:jquant1.obj
 0001:000550bf       _quantize_ord_dither       004560bf f   lib:jquant1.obj
 0001:000551aa       _quantize3_ord_dither      004561aa f   lib:jquant1.obj
 0001:000552aa       _quantize_fs_dither        004562aa f   lib:jquant1.obj
 0001:000354ec       _finish_pass_1_quant       004364ec f   vid_dll.obj
 0001:0005542e       _new_color_map_1_quant     0045642e f   lib:jquant1.obj
 0001:00053a68       _init_error_limit          00454a68 f   lib:jquant2.obj
 0001:00053b07       _start_pass_2_quant        00454b07 f   lib:jquant2.obj
 0001:00053c09       _prescan_quantize          00454c09 f   lib:jquant2.obj
 0001:00053c78       _pass2_no_dither           00454c78 f   lib:jquant2.obj
 0001:00053d25       _fill_inverse_cmap         00454d25 f   lib:jquant2.obj
 0001:00053df0       _find_nearby_colors        00454df0 f   lib:jquant2.obj
 0001:00053f94       _find_best_colors          00454f94 f   lib:jquant2.obj
 0001:000540ae       _pass2_fs_dither           004550ae f   lib:jquant2.obj
 0001:0005431d       _finish_pass1              0045531d f   lib:jquant2.obj
 0001:0005433f       _select_colors             0045533f f   lib:jquant2.obj
 0001:000543cb       _update_box                004553cb f   lib:jquant2.obj
 0001:00054765       _median_cut                00455765 f   lib:jquant2.obj
 0001:00054879       _find_biggest_color_pop    00455879 f   lib:jquant2.obj
 0001:000548a8       _find_biggest_volume       004558a8 f   lib:jquant2.obj
 0001:000548d1       _compute_color             004558d1 f   lib:jquant2.obj
 0001:000354ec       _finish_pass2              004364ec f   vid_dll.obj
 0001:00054a0d       _new_color_map_2_quant     00455a0d f   lib:jquant2.obj
 0001:0005347f       _build_ycc_rgb_table       0045447f f   lib:jdmerge.obj
 0001:0005352f       _start_pass_merged_upsample 0045452f f   lib:jdmerge.obj
 0001:00053544       _merged_2v_upsample        00454544 f   lib:jdmerge.obj
 0001:000535eb       _merged_1v_upsample        004545eb f   lib:jdmerge.obj
 0001:0005361c       _h2v1_merged_upsample      0045461c f   lib:jdmerge.obj
 0001:00053772       _h2v2_merged_upsample      00454772 f   lib:jdmerge.obj
 0001:00053023       _build_ycc_rgb_table       00454023 f   lib:jdcolor.obj
 0001:000530d3       _ycc_rgb_convert           004540d3 f   lib:jdcolor.obj
 0001:000531e1       _null_convert              004541e1 f   lib:jdcolor.obj
 0001:00053259       _grayscale_convert         00454259 f   lib:jdcolor.obj
 0001:0005327c       _gray_rgb_convert          0045427c f   lib:jdcolor.obj
 0001:000532d5       _ycck_cmyk_convert         004542d5 f   lib:jdcolor.obj
 0001:000354ec       _start_pass_dcolor         004364ec f   vid_dll.obj
 0001:00052a84       _start_pass_upsample       00453a84 f   lib:jdsample.obj
 0001:00052a9e       _sep_upsample              00453a9e f   lib:jdsample.obj
 0001:00052b6b       _fullsize_upsample         00453b6b f   lib:jdsample.obj
 0001:00052b76       _noop_upsample             00453b76 f   lib:jdsample.obj
 0001:00052b7e       _int_upsample              00453b7e f   lib:jdsample.obj
 0001:00052c68       _h2v1_upsample             00453c68 f   lib:jdsample.obj
 0001:00052cbf       _h2v2_upsample             00453cbf f   lib:jdsample.obj
 0001:00052d31       _h2v1_fancy_upsample       00453d31 f   lib:jdsample.obj
 0001:00052dd4       _h2v2_fancy_upsample       00453dd4 f   lib:jdsample.obj
 0001:0005268d       _start_pass_dpost          0045368d f   lib:jdpostct.obj
 0001:00052733       _post_process_1pass        00453733 f   lib:jdpostct.obj
 0001:00052798       _post_process_prepass      00453798 f   lib:jdpostct.obj
 0001:00052829       _post_process_2pass        00453829 f   lib:jdpostct.obj
 0001:00052094       _alloc_funny_pointers      00453094 f   lib:jdmainct.obj
 0001:00052141       _start_pass_main           00453141 f   lib:jdmainct.obj
 0001:000521a9       _make_funny_pointers       004531a9 f   lib:jdmainct.obj
 0001:000522e9       _process_data_simple_main  004532e9 f   lib:jdmainct.obj
 0001:00052351       _process_data_context_main 00453351 f   lib:jdmainct.obj
 0001:00052463       _set_wraparound_pointers   00453463 f   lib:jdmainct.obj
 0001:0005254d       _set_bottom_pointers       0045354d f   lib:jdmainct.obj
 0001:000525e7       _process_data_crank_post   004535e7 f   lib:jdmainct.obj
 0001:00050e18       _write_marker_header       00451e18 f   lib:jcmarker.obj
 0001:00050e6e       _emit_byte                 00451e6e f   lib:jcmarker.obj
 0001:00050e9f       _write_marker_byte         00451e9f f   lib:jcmarker.obj
 0001:00050eaf       _write_file_header         00451eaf f   lib:jcmarker.obj
 0001:00050efb       _emit_jfif_app0            00451efb f   lib:jcmarker.obj
 0001:00050fce       _emit_adobe_app14          00451fce f   lib:jcmarker.obj
 0001:00051074       _write_frame_header        00452074 f   lib:jcmarker.obj
 0001:00051153       _emit_dqt                  00452153 f   lib:jcmarker.obj
 0001:00051242       _emit_sof                  00452242 f   lib:jcmarker.obj
 0001:0005131e       _write_scan_header         0045231e f   lib:jcmarker.obj
 0001:000513de       _emit_dht                  004523de f   lib:jcmarker.obj
 0001:000514b7       _emit_dri                  004524b7 f   lib:jcmarker.obj
 0001:00051506       _emit_sos                  00452506 f   lib:jcmarker.obj
 0001:000515f4       _write_file_trailer        004525f4 f   lib:jcmarker.obj
 0001:00051614       _write_tables_only         00452614 f   lib:jcmarker.obj
 0001:0005096d       _use_merged_upsample       0045196d f   lib:jdmaster.obj
 0001:00050a13       _master_selection          00451a13 f   lib:jdmaster.obj
 0001:00050b70       _prepare_range_limit_table 00451b70 f   lib:jdmaster.obj
 0001:00050bf6       _prepare_for_output_pass   00451bf6 f   lib:jdmaster.obj
 0001:00050d17       _finish_output_pass        00451d17 f   lib:jdmaster.obj
 0001:0004fde4       _alloc_small               00450de4 f   lib:jmemmgr.obj
 0001:0004ff02       _alloc_large               00450f02 f   lib:jmemmgr.obj
 0001:0004ffb3       _alloc_sarray              00450fb3 f   lib:jmemmgr.obj
 0001:0005004b       _alloc_barray              0045104b f   lib:jmemmgr.obj
 0001:000500ef       _alloc_darray              004510ef f   lib:jmemmgr.obj
 0001:0005019a       _request_virt_sarray       0045119a f   lib:jmemmgr.obj
 0001:000501fb       _request_virt_barray       004511fb f   lib:jmemmgr.obj
 0001:0005025c       _realize_virt_arrays       0045125c f   lib:jmemmgr.obj
 0001:000503df       _access_virt_sarray        004513df f   lib:jmemmgr.obj
 0001:000504ff       _do_sarray_io              004514ff f   lib:jmemmgr.obj
 0001:0005058f       _access_virt_barray        0045158f f   lib:jmemmgr.obj
 0001:000506b4       _do_barray_io              004516b4 f   lib:jmemmgr.obj
 0001:00050745       _free_pool                 00451745 f   lib:jmemmgr.obj
 0001:0005082c       _self_destruct             0045182c f   lib:jmemmgr.obj
 0001:0004f87e       _start_input_pass          0045087e f   lib:jdinput.obj
 0001:0004f8ac       _per_scan_setup            004508ac f   lib:jdinput.obj
 0001:0004fa32       _finish_input_pass         00450a32 f   lib:jdinput.obj
 0001:0004fa43       _consume_markers           00450a43 f   lib:jdinput.obj
 0001:0004fadf       _initial_setup             00450adf f   lib:jdinput.obj
 0001:0004fce9       _reset_input_controller    00450ce9 f   lib:jdinput.obj
 0001:0004f637       _fixedtables               00450637 f   lib:inflate.obj
 0001:0004f721       _updatewindow              00450721 f   lib:inflate.obj
 0001:0004e097       _make_crc_table            0044f097 f   lib:crc32.obj
 0001:0004e1c3       _crc32_little              0044f1c3 f   lib:crc32.obj
 0001:0004dfd3       _init_destination          0044efd3 f   lib:jdatadst.obj
 0001:0004dff9       _empty_output_buffer       0044eff9 f   lib:jdatadst.obj
 0001:0004e03b       _term_destination          0044f03b f   lib:jdatadst.obj
 0001:0004db5a       _std_huff_tables           0044eb5a f   lib:jcparam.obj
 0001:0004dbb4       _add_huff_table            0044ebb4 f   lib:jcparam.obj
 0001:0004c0b2       _next_marker               0044d0b2 f   lib:jdmarker.obj
 0001:0004c1ec       _get_interesting_appn      0044d1ec f   lib:jdmarker.obj
 0001:0004c317       _examine_app0              0044d317 f   lib:jdmarker.obj
 0001:0004c525       _examine_app14             0044d525 f   lib:jdmarker.obj
 0001:0004c5e6       _skip_variable             0044d5e6 f   lib:jdmarker.obj
 0001:0004c689       _read_markers              0044d689 f   lib:jdmarker.obj
 0001:0004c891       _get_soi                   0044d891 f   lib:jdmarker.obj
 0001:0004c93c       _get_sof                   0044d93c f   lib:jdmarker.obj
 0001:0004cc45       _get_sos                   0044dc45 f   lib:jdmarker.obj
 0001:0004cf33       _get_dht                   0044df33 f   lib:jdmarker.obj
 0001:0004d1d4       _get_dqt                   0044e1d4 f   lib:jdmarker.obj
 0001:0004d430       _get_dri                   0044e430 f   lib:jdmarker.obj
 0001:0004d50f       _first_marker              0044e50f f   lib:jdmarker.obj
 0001:0004d5ab       _read_restart_marker       0044e5ab f   lib:jdmarker.obj
 0001:0004d629       _reset_marker_reader       0044e629 f   lib:jdmarker.obj
 0001:0004be96       _output_pass_setup         0044ce96 f   lib:jdapistd.obj
 0001:0004bb89       _default_decompress_parms  0044cb89 f   lib:jdapimin.obj

 93 bytes saved through ICF

