 quake2

 Timestamp is 3ef55b5b (Sun Jun 22 11:31:39 2003)

 Preferred load address is 00400000

 Start         Length     Name                   Class
 0001:00000000 0006a540H .text                   CODE
 0002:00000000 00000364H .idata$5                DATA
 0002:00000368 0000196cH .rdata                  DATA
 0002:00001cd4 00000078H .idata$2                DATA
 0002:00001d4c 00000014H .idata$3                DATA
 0002:00001d60 00000364H .idata$4                DATA
 0002:000020c4 00000b66H .idata$6                DATA
 0002:00002c2a 00000000H .edata                  DATA
 0003:00000000 00000004H .CRT$XCA                DATA
 0003:00000004 00000004H .CRT$XCZ                DATA
 0003:00000008 00000004H .CRT$XIA                DATA
 0003:0000000c 00000004H .CRT$XIZ                DATA
 0003:00000010 00014e94H .data                   DATA
 0003:00014ea8 00a4deb4H .bss                    DATA
 0004:00000000 000000a0H .rsrc$01                DATA
 0004:000000a0 00000300H .rsrc$02                DATA

  Address         Publics by Value              Rva+Base     Lib:Object

 0001:00000000       _CDAudio_Play2             00401000 f   cd_win.obj
 0001:000001e5       _CDAudio_Play              004011e5 f   cd_win.obj
 0001:000001fc       _CDAudio_Stop              004011fc f   cd_win.obj
 0001:00000241       _CDAudio_Pause             00401241 f   cd_win.obj
 0001:0000029a       _CDAudio_Resume            0040129a f   cd_win.obj
 0001:0000030c       _CDAudio_MessageHandler    0040130c f   cd_win.obj
 0001:000003a3       _CDAudio_Update            004013a3 f   cd_win.obj
 0001:000003da       _CDAudio_Init              004013da f   cd_win.obj
 0001:000007d1       _CDAudio_Shutdown          004017d1 f   cd_win.obj
 0001:00000804       _CDAudio_Activate          00401804 f   cd_win.obj
 0001:00000815       _SCR_StopCinematic         00401815 f   cl_cin.obj
 0001:000008b1       _SCR_FinishCinematic       004018b1 f   cl_cin.obj
 0001:000008f3       _SCR_RunCinematic          004018f3 f   cl_cin.obj
 0001:00000d0f       _SCR_DrawCinematic         00401d0f f   cl_cin.obj
 0001:00000db3       _SCR_PlayCinematic         00401db3 f   cl_cin.obj
 0001:000010fd       _CL_ParseEntityBits        004020fd f   cl_ents.obj
 0001:0000115f       _CL_ParseDelta             0040215f f   cl_ents.obj
 0001:000014d9       _CL_DeltaEntity            004024d9 f   cl_ents.obj
 0001:00001646       _CL_ParsePacketEntities    00402646 f   cl_ents.obj
 0001:00001872       _CL_ParsePlayerstate       00402872 f   cl_ents.obj
 0001:00001b80       _CL_FireEntityEvents       00402b80 f   cl_ents.obj
 0001:00001bd2       _CL_ParseFrame             00402bd2 f   cl_ents.obj
 0001:00001e71       _CL_OffsetThirdPersonView  00402e71 f   cl_ents.obj
 0001:00001f54       _CL_CalcViewValues         00402f54 f   cl_ents.obj
 0001:0000220c       _CL_AddEntities            0040320c f   cl_ents.obj
 0001:00002f45       _CL_GetEntitySoundOrigin   00403f45 f   cl_ents.obj
 0001:00002f81       _CL_ClearLightStyles       00403f81 f   cl_fx.obj
 0001:00003005       _CL_RunLightStyles         00404005 f   cl_fx.obj
 0001:0000309f       _CL_SetLightstyle          0040409f f   cl_fx.obj
 0001:00003109       _CL_AllocDlight            00404109 f   cl_fx.obj
 0001:00003174       _CL_RunDLights             00404174 f   cl_fx.obj
 0001:000031c6       _CL_AddDLights             004041c6 f   cl_fx.obj
 0001:0000320f       _CL_ClearParticles         0040420f f   cl_fx.obj
 0001:0000324f       _CL_AllocParticleTrace     0040424f f   cl_fx.obj
 0001:000032f4       _CL_AllocParticle          004042f4 f   cl_fx.obj
 0001:00003343       _CL_UpdateParticles        00404343 f   cl_fx.obj
 0001:0000382a       _CL_MetalSparks            0040482a f   cl_fx.obj
 0001:00003909       _CL_ParseMuzzleFlash       00404909 f   cl_fx.obj
 0001:00004124       _CL_ParseMuzzleFlash2      00405124 f   cl_fx.obj
 0001:00004803       _CL_ParticleEffect         00405803 f   cl_fx.obj
 0001:000048d2       _CL_ParticleEffect2        004058d2 f   cl_fx.obj
 0001:0000499d       _CL_ParticleEffect3        0040599d f   cl_fx.obj
 0001:00004a6d       _CL_TeleporterParticles    00405a6d f   cl_fx.obj
 0001:00004b24       _CL_LogoutEffect           00405b24 f   cl_fx.obj
 0001:00004c0f       _CL_ItemRespawnParticles   00405c0f f   cl_fx.obj
 0001:00004cbe       _CL_ExplosionParticles     00405cbe f   cl_fx.obj
 0001:00004d68       _CL_BigTeleportParticles   00405d68 f   cl_fx.obj
 0001:00004ebf       _CL_BlasterParticles       00405ebf f   cl_fx.obj
 0001:00004f8b       _CL_BlasterTrail           00405f8b f   cl_fx.obj
 0001:00005084       _CL_FlagTrail              00406084 f   cl_fx.obj
 0001:0000518a       _CL_DiminishingTrail       0040618a f   cl_fx.obj
 0001:000053f4       _CL_RocketTrail            004063f4 f   cl_fx.obj
 0001:00005523       _CL_RailTrail              00406523 f   cl_fx.obj
 0001:00005753       _CL_IonripperTrail         00406753 f   cl_fx.obj
 0001:00005867       _CL_BubbleTrail            00406867 f   cl_fx.obj
 0001:0000598b       _CL_FlyParticles           0040698b f   cl_fx.obj
 0001:00005b30       _CL_FlyEffect              00406b30 f   cl_fx.obj
 0001:00005bb3       _CL_BfgParticles           00406bb3 f   cl_fx.obj
 0001:00005d90       _CL_TrapParticles          00406d90 f   cl_fx.obj
 0001:00006032       _CL_BFGExplosionParticles  00407032 f   cl_fx.obj
 0001:000060dc       _CL_TeleportParticles      004070dc f   cl_fx.obj
 0001:00006215       _CL_EntityEvent            00407215 f   cl_fx.obj
 0001:000063f3       _CL_ClearEffects           004073f3 f   cl_fx.obj
 0001:00006411       _IN_KLookDown              00407411 f   cl_input.obj
 0001:00006493       _IN_KLookUp                00407493 f   cl_input.obj
 0001:00006519       _IN_UpDown                 00407519 f   cl_input.obj
 0001:00006525       _IN_UpUp                   00407525 f   cl_input.obj
 0001:00006531       _IN_DownDown               00407531 f   cl_input.obj
 0001:0000653d       _IN_DownUp                 0040753d f   cl_input.obj
 0001:00006549       _IN_LeftDown               00407549 f   cl_input.obj
 0001:00006555       _IN_LeftUp                 00407555 f   cl_input.obj
 0001:00006561       _IN_RightDown              00407561 f   cl_input.obj
 0001:0000656d       _IN_RightUp                0040756d f   cl_input.obj
 0001:00006579       _IN_ForwardDown            00407579 f   cl_input.obj
 0001:00006585       _IN_ForwardUp              00407585 f   cl_input.obj
 0001:00006591       _IN_BackDown               00407591 f   cl_input.obj
 0001:0000659d       _IN_BackUp                 0040759d f   cl_input.obj
 0001:000065a9       _IN_LookupDown             004075a9 f   cl_input.obj
 0001:000065b5       _IN_LookupUp               004075b5 f   cl_input.obj
 0001:000065c1       _IN_LookdownDown           004075c1 f   cl_input.obj
 0001:000065cd       _IN_LookdownUp             004075cd f   cl_input.obj
 0001:000065d9       _IN_MoveleftDown           004075d9 f   cl_input.obj
 0001:000065e5       _IN_MoveleftUp             004075e5 f   cl_input.obj
 0001:000065f1       _IN_MoverightDown          004075f1 f   cl_input.obj
 0001:000065fd       _IN_MoverightUp            004075fd f   cl_input.obj
 0001:00006609       _IN_SpeedDown              00407609 f   cl_input.obj
 0001:00006615       _IN_SpeedUp                00407615 f   cl_input.obj
 0001:00006621       _IN_StrafeDown             00407621 f   cl_input.obj
 0001:0000662d       _IN_StrafeUp               0040762d f   cl_input.obj
 0001:00006639       _IN_AttackDown             00407639 f   cl_input.obj
 0001:00006645       _IN_AttackUp               00407645 f   cl_input.obj
 0001:00006651       _IN_UseDown                00407651 f   cl_input.obj
 0001:0000665d       _IN_UseUp                  0040765d f   cl_input.obj
 0001:00006669       _IN_Impulse                00407669 f   cl_input.obj
 0001:0000667f       _CL_KeyState               0040767f f   cl_input.obj
 0001:000066df       _CL_AdjustAngles           004076df f   cl_input.obj
 0001:000067ee       _CL_BaseMove               004077ee f   cl_input.obj
 0001:000069c8       _CL_ClampPitch             004079c8 f   cl_input.obj
 0001:00006a76       _CL_FinishMove             00407a76 f   cl_input.obj
 0001:00006b38       _CL_CreateCmd              00407b38 f   cl_input.obj
 0001:00006b9e       _IN_CenterView             00407b9e f   cl_input.obj
 0001:00006bbf       _CL_InitInput              00407bbf f   cl_input.obj
 0001:00006dc5       _CL_SendCmd                00407dc5 f   cl_input.obj
 0001:00006fae       _CL_ParseInventory         00407fae f   cl_inv.obj
 0001:00006fce       _CL_DrawInventory          00407fce f   cl_inv.obj
 0001:00007245       _CL_WriteDemoMessage       00408245 f   cl_main.obj
 0001:00007287       _CL_Stop_f                 00408287 f   cl_main.obj
 0001:000072e2       _CL_Record_f               004082e2 f   cl_main.obj
 0001:00007574       _Cmd_ForwardToServer       00408574 f   cl_main.obj
 0001:000075e0       _CL_Setenv_f               004085e0 f   cl_main.obj
 0001:000076a4       _CL_ForwardToServer_f      004086a4 f   cl_main.obj
 0001:000076f2       _CL_Pause_f                004086f2 f   cl_main.obj
 0001:0000772b       _CL_Quit_f                 0040872b f   cl_main.obj
 0001:00007735       _CL_Drop                   00408735 f   cl_main.obj
 0001:00007757       _CL_SendConnectPacket      00408757 f   cl_main.obj
 0001:0000782e       _CL_CheckForResend         0040882e f   cl_main.obj
 0001:00007932       _CL_Connect_f              00408932 f   cl_main.obj
 0001:000079b1       _CL_Rcon_f                 004089b1 f   cl_main.obj
 0001:00007abc       _CL_ClearState             00408abc f   cl_main.obj
 0001:00007afb       _CL_Disconnect             00408afb f   cl_main.obj
 0001:00007c38       _CL_Disconnect_f           00408c38 f   cl_main.obj
 0001:00007c47       _CL_Changing_f             00408c47 f   cl_main.obj
 0001:00007c6b       _CL_Reconnect_f            00408c6b f   cl_main.obj
 0001:00007d07       _CL_ParseStatusMessage     00408d07 f   cl_main.obj
 0001:00007d3e       _CL_PingServers_f          00408d3e f   cl_main.obj
 0001:00007e98       _CL_Skins_f                00408e98 f   cl_main.obj
 0001:00007ed4       _CL_ConnectionlessPacket   00408ed4 f   cl_main.obj
 0001:000081fd       _CL_ReadPackets            004091fd f   cl_main.obj
 0001:000082f7       _CL_FixUpGender            004092f7 f   cl_main.obj
 0001:000083a8       _CL_Userinfo_f             004093a8 f   cl_main.obj
 0001:000083c0       _CL_Snd_Restart_f          004093c0 f   cl_main.obj
 0001:000083cf       _CL_RequestNextDownload    004093cf f   cl_main.obj
 0001:00008a12       _CL_Precache_f             00409a12 f   cl_main.obj
 0001:00008ad8       _CL_WriteConfiguration     00409ad8 f   cl_main.obj
 0001:00008b69       _CL_WriteConfig_f          00409b69 f   cl_main.obj
 0001:00008bc8       _CL_InitLocal              00409bc8 f   cl_main.obj
 0001:00008de8       _CL_FixCvarCheats          00409de8 f   cl_main.obj
 0001:00008e39       _CL_SendCommand            00409e39 f   cl_main.obj
 0001:00008e57       _CL_Frame                  00409e57 f   cl_main.obj
 0001:00009033       _CL_Init                   0040a033 f   cl_main.obj
 0001:00009080       _CL_Shutdown               0040a080 f   cl_main.obj
 0001:000090c6       _vectoangles2              0040a0c6 f   cl_newfx.obj
 0001:000091c8       _CL_Flashlight             0040a1c8 f   cl_newfx.obj
 0001:00009218       _CL_ColorFlash             0040a218 f   cl_newfx.obj
 0001:0000926a       _CL_DebugTrail             0040a26a f   cl_newfx.obj
 0001:00009361       _CL_ForceWall              0040a361 f   cl_newfx.obj
 0001:0000949b       _CL_BubbleTrail2           0040a49b f   cl_newfx.obj
 0001:000095cb       _CL_Heatbeam               0040a5cb f   cl_newfx.obj
 0001:00009843       _CL_ParticleSteamEffect    0040a843 f   cl_newfx.obj
 0001:0000994f       _CL_ParticleSteamEffect2   0040a94f f   cl_newfx.obj
 0001:00009a6e       _CL_TrackerTrail           0040aa6e f   cl_newfx.obj
 0001:00009bb3       _CL_Tracker_Shell          0040abb3 f   cl_newfx.obj
 0001:00009c2a       _CL_MonsterPlasma_Shell    0040ac2a f   cl_newfx.obj
 0001:00009c9e       _CL_Widowbeamout           0040ac9e f   cl_newfx.obj
 0001:00009d45       _CL_Nukeblast              0040ad45 f   cl_newfx.obj
 0001:00009dec       _CL_WidowSplash            0040adec f   cl_newfx.obj
 0001:00009ea7       _CL_TagTrail               0040aea7 f   cl_newfx.obj
 0001:00009fad       _CL_ColorExplosionParticles 0040afad f   cl_newfx.obj
 0001:0000a05a       _CL_ParticleSmokeEffect    0040b05a f   cl_newfx.obj
 0001:0000a164       _CL_BlasterParticles2      0040b164 f   cl_newfx.obj
 0001:0000a231       _CL_BlasterTrail2          0040b231 f   cl_newfx.obj
 0001:0000a32a       _CL_DownloadFileName       0040b32a f   cl_parse.obj
 0001:0000a369       _CL_CheckOrDownloadFile    0040b369 f   cl_parse.obj
 0001:0000a5a4       _CL_Download_f             0040b5a4 f   cl_parse.obj
 0001:0000a66c       _CL_RegisterSounds         0040b66c f   cl_parse.obj
 0001:0000a6ab       _CL_ParseDownload          0040b6ab f   cl_parse.obj
 0001:0000a818       _CL_ParseServerData        0040b818 f   cl_parse.obj
 0001:0000a8eb       _CL_ParseBaseline          0040b8eb f   cl_parse.obj
 0001:0000a933       _CL_LoadClientinfo         0040b933 f   cl_parse.obj
 0001:0000abfb       _CL_ParseClientinfo        0040bbfb f   cl_parse.obj
 0001:0000ac1f       _CL_ParseConfigString      0040bc1f f   cl_parse.obj
 0001:0000adc1       _CL_ParseStartSoundPacket  0040bdc1 f   cl_parse.obj
 0001:0000aec3       _CL_ParseServerMessage     0040bec3 f   cl_parse.obj
 0001:0000b196       _CL_CheckPredictionError   0040c196 f   cl_pred.obj
 0001:0000b2b5       _CL_ClipMoveToEntities     0040c2b5 f   cl_pred.obj
 0001:0000b528       _CL_PMTrace                0040c528 f   cl_pred.obj
 0001:0000b597       _CL_PMpointcontents        0040c597 f   cl_pred.obj
 0001:0000b649       _CL_PredictMovement        0040c649 f   cl_pred.obj
 0001:0000b852       _CL_AddNetgraph            0040c852 f   cl_scrn.obj
 0001:0000b92c       _SCR_DebugGraph            0040c92c f   cl_scrn.obj
 0001:0000b954       _SCR_DrawDebugGraph        0040c954 f   cl_scrn.obj
 0001:0000ba33       _SCR_CenterPrint           0040ca33 f   cl_scrn.obj
 0001:0000bb44       _SCR_DrawCenterString      0040cb44 f   cl_scrn.obj
 0001:0000bc99       _SCR_SizeUp_f              0040cc99 f   cl_scrn.obj
 0001:0000bcb2       _SCR_SizeDown_f            0040ccb2 f   cl_scrn.obj
 0001:0000bcd3       _SCR_Sky_f                 0040ccd3 f   cl_scrn.obj
 0001:0000bd7e       _SCR_Init                  0040cd7e f   cl_scrn.obj
 0001:0000bde3       _SCR_DrawNet               0040cde3 f   cl_scrn.obj
 0001:0000be1e       _SCR_DrawPause             0040ce1e f   cl_scrn.obj
 0001:0000be87       _SCR_RunConsole            0040ce87 f   cl_scrn.obj
 0001:0000bf2f       _SCR_DrawConsole           0040cf2f f   cl_scrn.obj
 0001:0000bfc7       _SCR_SetLevelshot          0040cfc7 f   cl_scrn.obj
 0001:0000c032       _SCR_DrawLoading           0040d032 f   cl_scrn.obj
 0001:0000c0eb       _SCR_BeginLoadingPlaque    0040d0eb f   cl_scrn.obj
 0001:0000c14b       _SCR_EndLoadingPlaque      0040d14b f   cl_scrn.obj
 0001:0000c169       _SCR_Loading_f             0040d169 f   cl_scrn.obj
 0001:0000c16e       _SCR_TimeRefresh_f         0040d16e f   cl_scrn.obj
 0001:0000c245       _SCR_AddDirtyPoint         0040d245 f   cl_scrn.obj
 0001:0000c282       _SCR_DirtyScreen           0040d282 f   cl_scrn.obj
 0001:0000c2fd       _SCR_TileClear             0040d2fd f   cl_scrn.obj
 0001:0000c4d8       _DrawHUDString             0040d4d8 f   cl_scrn.obj
 0001:0000c58a       _SCR_DrawField             0040d58a f   cl_scrn.obj
 0001:0000c6ae       _SCR_TouchPics             0040d6ae f   cl_scrn.obj
 0001:0000c741       _SCR_ExecuteLayoutString   0040d741 f   cl_scrn.obj
 0001:0000d0f2       _SCR_UpdateScreen          0040e0f2 f   cl_scrn.obj
 0001:0000d3dd       _CL_RegisterTEntSounds     0040e3dd f   cl_tent.obj
 0001:0000d615       _CL_RegisterTEntModels     0040e615 f   cl_tent.obj
 0001:0000d79b       _CL_ClearTEnts             0040e79b f   cl_tent.obj
 0001:0000d7f2       _CL_AllocExplosion         0040e7f2 f   cl_tent.obj
 0001:0000d844       _CL_AddExplosions          0040e844 f   cl_tent.obj
 0001:0000da93       _CL_SmokeAndFlash          0040ea93 f   cl_tent.obj
 0001:0000dafa       _CL_ParseBeam              0040eafa f   cl_tent.obj
 0001:0000dbe9       _CL_ParseBeam2             0040ebe9 f   cl_tent.obj
 0001:0000dce9       _CL_ParsePlayerBeam        0040ece9 f   cl_tent.obj
 0001:0000de25       _CL_ParseLightning         0040ee25 f   cl_tent.obj
 0001:0000defb       _CL_ParseLaser             0040eefb f   cl_tent.obj
 0001:0000dfa0       _CL_ParseSteam             0040efa0 f   cl_tent.obj
 0001:0000e0b1       _CL_ParseWidow             0040f0b1 f   cl_tent.obj
 0001:0000e11d       _CL_ParseNuke              0040f11d f   cl_tent.obj
 0001:0000e187       _CL_ParseTEnt              0040f187 f   cl_tent.obj
 0001:0000ef9d       _CL_AddBeams               0040ff9d f   cl_tent.obj
 0001:0000f2c6       _CL_AddPlayerBeams         004102c6 f   cl_tent.obj
 0001:0000f9cd       _CL_AddLasers              004109cd f   cl_tent.obj
 0001:0000f9f2       _CL_ProcessSustain         004109f2 f   cl_tent.obj
 0001:0000fa33       _CL_AddTEnts               00410a33 f   cl_tent.obj
 0001:0000fa4c       _V_AddEntity               00410a4c f   cl_view.obj
 0001:0000fa76       _V_AddLight                00410a76 f   cl_view.obj
 0001:0000fac1       _V_TestParticles           00410ac1 f   cl_view.obj
 0001:0000fb7f       _V_TestEntities            00410b7f f   cl_view.obj
 0001:0000fc21       _V_TestLights              00410c21 f   cl_view.obj
 0001:0000fcf4       _CL_PrepRefresh            00410cf4 f   cl_view.obj
 0001:0000ffc7       _CalcFov                   00410fc7 f   cl_view.obj
 0001:00010040       _V_Gun_Next_f              00411040 f   cl_view.obj
 0001:00010059       _V_Gun_Prev_f              00411059 f   cl_view.obj
 0001:0001007b       _V_Gun_Model_f             0041107b f   cl_view.obj
 0001:000100af       _SCR_DrawCrosshair         004110af f   cl_view.obj
 0001:00010124       _V_RenderView              00411124 f   cl_view.obj
 0001:00010cf9       _V_Init                    00411cf9 f   cl_view.obj
 0001:00010ef3       _Cbuf_Init                 00411ef3 f   cmd.obj
 0001:00010f0b       _Cbuf_AddText              00411f0b f   cmd.obj
 0001:00010f67       _Cbuf_InsertText           00411f67 f   cmd.obj
 0001:00010fbf       _Cbuf_CopyToDefer          00411fbf f   cmd.obj
 0001:00010feb       _Cbuf_InsertFromDefer      00411feb f   cmd.obj
 0001:00010ffe       _Cbuf_ExecuteText          00411ffe f   cmd.obj
 0001:0001103d       _Cbuf_Execute              0041203d f   cmd.obj
 0001:00011123       _Cbuf_AddEarlyCommands     00412123 f   cmd.obj
 0001:000111a5       _Cbuf_AddLateCommands      004121a5 f   cmd.obj
 0001:000112c0       _Cmd_Exec_f                004122c0 f   cmd.obj
 0001:00011345       _Cmd_Echo_f                00412345 f   cmd.obj
 0001:00011387       _Cmd_Alias_f               00412387 f   cmd.obj
 0001:000114ae       _Cmd_Unalias_f             004124ae f   cmd.obj
 0001:0001153a       _Cmd_WriteAliases          0041253a f   cmd.obj
 0001:00011563       _Cmd_Argc                  00412563 f   cmd.obj
 0001:00011569       _Cmd_Argv                  00412569 f   cmd.obj
 0001:00011583       _Cmd_Args                  00412583 f   cmd.obj
 0001:00011589       _Cmd_TokenizeString        00412589 f   cmd.obj
 0001:000117bb       _Cmd_AddCommand            004127bb f   cmd.obj
 0001:00011823       _Cmd_RemoveCommand         00412823 f   cmd.obj
 0001:00011865       _Cmd_ExecuteString         00412865 f   cmd.obj
 0001:0001193d       _Cmd_Init                  0041293d f   cmd.obj
 0001:00011a40       _CMod_GetSurfMaterial      00412a40 f   cmodel.obj
 0001:00011a9d       _CM_LoadMap                00412a9d f   cmodel.obj
 0001:00012207       _CM_InlineModel            00413207 f   cmodel.obj
 0001:00012256       _CM_NumClusters            00413256 f   cmodel.obj
 0001:0001225c       _CM_NumInlineModels        0041325c f   cmodel.obj
 0001:00012262       _CM_EntityString           00413262 f   cmodel.obj
 0001:00012268       _CM_LeafContents           00413268 f   cmodel.obj
 0001:00012292       _CM_LeafCluster            00413292 f   cmodel.obj
 0001:000122bd       _CM_LeafArea               004132bd f   cmodel.obj
 0001:000122e8       _CM_InitBoxHull            004132e8 f   cmodel.obj
 0001:000124c7       _CM_HeadnodeForBox         004134c7 f   cmodel.obj
 0001:0001257c       _CM_PointLeafnum           0041357c f   cmodel.obj
 0001:000125ff       _CM_BoxLeafnums            004135ff f   cmodel.obj
 0001:0001270f       _CM_PointContents          0041370f f   cmodel.obj
 0001:00012734       _CM_TransformedPointContents 00413734 f   cmodel.obj
 0001:00012819       _CM_TransformedPointContents2 00413819 f   cmodel.obj
 0001:000128b4       _CM_BoxTrace               004138b4 f   cmodel.obj
 0001:000132d8       _CM_TransformedBoxTrace    004142d8 f   cmodel.obj
 0001:0001354b       _CM_TransformedBoxTrace2   0041454b f   cmodel.obj
 0001:00013702       _CM_DecompressVis          00414702 f   cmodel.obj
 0001:000137ab       _CM_ClusterPVS             004147ab f   cmodel.obj
 0001:000137f8       _CM_ClusterPHS             004147f8 f   cmodel.obj
 0001:00013845       _FloodAreaConnections      00414845 f   cmodel.obj
 0001:00013900       _CM_SetAreaPortalState     00414900 f   cmodel.obj
 0001:0001392d       _CM_AreasConnected         0041492d f   cmodel.obj
 0001:0001397b       _CM_WriteAreaBits          0041497b f   cmodel.obj
 0001:00013a0b       _CM_WritePortalState       00414a0b f   cmodel.obj
 0001:00013a25       _CM_ReadPortalState        00414a25 f   cmodel.obj
 0001:00013a43       _CM_HeadnodeVisible        00414a43 f   cmodel.obj
 0001:00013aab       _Com_BeginRedirect         00414aab f   common.obj
 0001:00013ae8       _Com_EndRedirect           00414ae8 f   common.obj
 0001:00013b13       _Com_Printf                00414b13 f   common.obj
 0001:00013c72       _Com_DPrintf               00414c72 f   common.obj
 0001:00013cd6       _DebugPrintf               00414cd6 f   common.obj
 0001:00013d7e       _Com_WPrintf               00414d7e f   common.obj
 0001:00013dd7       _Com_Error                 00414dd7 f   common.obj
 0001:00013eb5       _Com_Quit                  00414eb5 f   common.obj
 0001:00013ee5       _MatchWildcard             00414ee5 f   common.obj
 0001:00014025       _MatchWildcard2            00415025 f   common.obj
 0001:00014071       _IPWildcard                00415071 f   common.obj
 0001:0001414c       _Com_ServerState           0041514c f   common.obj
 0001:00014152       _Com_SetServerState        00415152 f   common.obj
 0001:0001415c       _MSG_WriteByte             0041515c f   common.obj
 0001:0001415c       _MSG_WriteChar             0041515c f   common.obj
 0001:00014170       _MSG_WriteShort            00415170 f   common.obj
 0001:0001418a       _MSG_WriteLong             0041518a f   common.obj
 0001:000141b4       _MSG_WriteFloat            004151b4 f   common.obj
 0001:000141da       _MSG_WriteString           004151da f   common.obj
 0001:00014212       _MSG_WriteCoord            00415212 f   common.obj
 0001:00014247       _MSG_WritePos              00415247 f   common.obj
 0001:000142d5       _MSG_WriteAngle            004152d5 f   common.obj
 0001:00014304       _MSG_WriteAngle16          00415304 f   common.obj
 0001:0001433f       _MSG_WriteDeltaUsercmd     0041533f f   common.obj
 0001:000144c7       _MSG_WriteDir              004154c7 f   common.obj
 0001:00014534       _MSG_ReadDir               00415534 f   common.obj
 0001:00014572       _MSG_WriteDeltaEntity      00415572 f   common.obj
 0001:00014a46       _MSG_BeginReading          00415a46 f   common.obj
 0001:00014a4f       _MSG_ReadChar              00415a4f f   common.obj
 0001:00014a70       _MSG_ReadByte              00415a70 f   common.obj
 0001:00014a91       _MSG_ReadShort             00415a91 f   common.obj
 0001:00014ac1       _MSG_ReadLong              00415ac1 f   common.obj
 0001:00014b00       _MSG_ReadString            00415b00 f   common.obj
 0001:00014b33       _MSG_ReadStringLine        00415b33 f   common.obj
 0001:00014b6b       _MSG_ReadCoord             00415b6b f   common.obj
 0001:00014b85       _MSG_ReadPos               00415b85 f   common.obj
 0001:00014bd7       _MSG_ReadAngle             00415bd7 f   common.obj
 0001:00014bf1       _MSG_ReadAngle16           00415bf1 f   common.obj
 0001:00014c0b       _MSG_ReadDeltaUsercmd      00415c0b f   common.obj
 0001:00014cc2       _MSG_ReadData              00415cc2 f   common.obj
 0001:00014ce5       _SZ_Init                   00415ce5 f   common.obj
 0001:00014d07       _SZ_Clear                  00415d07 f   common.obj
 0001:00014d14       _SZ_GetSpace               00415d14 f   common.obj
 0001:00014d7a       _SZ_Write                  00415d7a f   common.obj
 0001:00014d9b       _SZ_Print                  00415d9b f   common.obj
 0001:00014de4       _COM_Argc                  00415de4 f   common.obj
 0001:00014dea       _COM_Argv                  00415dea f   common.obj
 0001:00014e0b       _COM_ClearArgv             00415e0b f   common.obj
 0001:00014e33       _COM_InitArgv              00415e33 f   common.obj
 0001:00014e8e       _Info_Print                00415e8e f   common.obj
 0001:00014f4b       _COM_BlockSequenceCRCByte  00415f4b f   common.obj
 0001:00014fd7       _frand                     00415fd7 f   common.obj
 0001:00014ff4       _crand                     00415ff4 f   common.obj
 0001:00015017       _Qcommon_Init              00416017 f   common.obj
 0001:0001516b       _Qcommon_Frame             0041616b f   common.obj
 0001:00015487       _CCheckParm                00416487 f   conproc.obj
 0001:000154c0       _InitConProc               004164c0 f   conproc.obj
 0001:00015612       _DeinitConProc             00416612 f   conproc.obj
 0001:00015623       _RequestProc@4             00416623 f   conproc.obj
 0001:00015734       _WriteText                 00416734 f   conproc.obj
 0001:000157fb       _CharToCode                004167fb f   conproc.obj
 0001:00015883       _SetConsoleCXCY            00416883 f   conproc.obj
 0001:000159ba       _DrawStringCommon          004169ba f   console.obj
 0001:00015a17       _DrawString                00416a17 f   console.obj
 0001:00015a39       _DrawAltString             00416a39 f   console.obj
 0001:00015a5e       _Con_ToggleConsole_f       00416a5e f   console.obj
 0001:00015ae8       _Con_ClearNotify           00416ae8 f   console.obj
 0001:00015af6       _Con_CheckResize           00416af6 f   console.obj
 0001:00015c16       _Con_Init                  00416c16 f   console.obj
 0001:00015eb3       _Con_Print                 00416eb3 f   console.obj
 0001:00016183       _Con_DrawNotify            00417183 f   console.obj
 0001:000163dd       _Con_DrawConsole           004173dd f   console.obj
 0001:00016919       _CRC_Block                 00417919 f   crc.obj
 0001:00016955       _Cvar_VariableValue        00417955 f   cvar.obj
 0001:000169c3       _Cvar_VariableInt          004179c3 f   cvar.obj
 0001:000169d6       _Cvar_VariableString       004179d6 f   cvar.obj
 0001:000169ee       _Cvar_Get                  004179ee f   cvar.obj
 0001:00016c67       _Cvar_GetVars              00417c67 f   cvar.obj
 0001:00016cbb       _Cvar_FullSet              00417cbb f   cvar.obj
 0001:00016d18       _Cvar_SetValue             00417d18 f   cvar.obj
 0001:00016f3f       _Cvar_SetInteger           00417f3f f   cvar.obj
 0001:00016f61       _Cvar_Set                  00417f61 f   cvar.obj
 0001:00016f76       _Cvar_ForceSet             00417f76 f   cvar.obj
 0001:00016f8b       _Cvar_Clamp                00417f8b f   cvar.obj
 0001:00017015       _Cvar_ClampName            00418015 f   cvar.obj
 0001:00017066       _Cvar_GetLatchedVars       00418066 f   cvar.obj
 0001:00017095       _Cvar_Command              00418095 f   cvar.obj
 0001:00017129       _Cvar_WriteVariables       00418129 f   cvar.obj
 0001:0001718e       _Cvar_BitInfo              0041818e f   cvar.obj
 0001:000171c7       _Cvar_Userinfo             004181c7 f   cvar.obj
 0001:000171d0       _Cvar_Serverinfo           004181d0 f   cvar.obj
 0001:000171d9       _Cvar_Cheats               004181d9 f   cvar.obj
 0001:0001722f       _Cvar_Init                 0041822f f   cvar.obj
 0001:0001786c       _FS_CreatePath             0041886c f   files.obj
 0001:000178b6       _FS_CopyFile               004188b6 f   files.obj
 0001:000179b9       _FS_CopyFiles              004189b9 f   files.obj
 0001:00017a95       _FS_RemoveFiles            00418a95 f   files.obj
 0001:00017b0f       _Developer_searchpath      00418b0f f   files.obj
 0001:00017b54       _FS_FCloseFile             00418b54 f   files.obj
 0001:00017bea       _FS_FOpenFile              00418bea f   files.obj
 0001:00018112       _FS_FileExists             00419112 f   files.obj
 0001:0001834c       _FS_Read                   0041934c f   files.obj
 0001:00018594       _FS_LoadFile               00419594 f   files.obj
 0001:000185f6       _FS_FreeFile               004195f6 f   files.obj
 0001:00018601       _FS_LoadPackFile           00419601 f   files.obj
 0001:00018939       _FS_UnloadPackFile         00419939 f   files.obj
 0001:00018986       _FS_AddGameDirectory       00419986 f   files.obj
 0001:00018b1d       _FS_Gamedir                00419b1d f   files.obj
 0001:00018b31       _FS_LoadGameConfig         00419b31 f   files.obj
 0001:00018bf6       _FS_SetGamedir             00419bf6 f   files.obj
 0001:00018d8f       _FS_ListFiles              00419d8f f   files.obj
 0001:000190c0       _FS_NextPath               0041a0c0 f   files.obj
 0001:000190e4       _FS_InitFilesystem         0041a0e4 f   files.obj
 0001:00019aaa       _LoadPCX                   0041aaaa f   images.obj
 0001:00019c8e       _LoadTGA                   0041ac8e f   images.obj
 0001:0001a03c       _LoadJPG                   0041b03c f   images.obj
 0001:0001a2cd       _ImageExists               0041b2cd f   images.obj
 0001:0001a3d3       _WriteTGA                  0041b3d3 f   images.obj
 0001:0001a47f       _WriteJPG                  0041b47f f   images.obj
 0001:0001a5a7       _IN_MLookDown              0041b5a7 f   in_win.obj
 0001:0001a5b2       _IN_MLookUp                0041b5b2 f   in_win.obj
 0001:0001a5d5       _IN_StartupMouse           0041b5d5 f   in_win.obj
 0001:0001a62f       _IN_MouseEvent             0041b62f f   in_win.obj
 0001:0001a6ac       _IN_Init                   0041b6ac f   in_win.obj
 0001:0001a6f2       _IN_Shutdown               0041b6f2 f   in_win.obj
 0001:0001a7d7       _IN_Activate               0041b7d7 f   in_win.obj
 0001:0001a7ee       _IN_Frame                  0041b7ee f   in_win.obj
 0001:0001abd0       _IN_Move                   0041bbd0 f   in_win.obj
 0001:0001ad9b       _IN_StartupJoystick        0041bd9b f   in_win.obj
 0001:0001aebc       _Joy_AdvancedUpdate_f      0041bebc f   in_win.obj
 0001:0001b053       _IN_Commands               0041c053 f   in_win.obj
 0001:0001b182       _IN_ReadJoystick           0041c182 f   in_win.obj
 0001:0001b1bd       _IN_JoyMove                0041c1bd f   in_win.obj
 0001:0001b50d       _Key_StringToKeynum        0041c50d f   keys.obj
 0001:0001b557       _Key_KeynumToString        0041c557 f   keys.obj
 0001:0001b5aa       _Key_Console               0041c5aa f   keys.obj
 0001:0001c2f1       _Key_Message               0041d2f1 f   keys.obj
 0001:0001c382       _Key_SetBinding            0041d382 f   keys.obj
 0001:0001c3dc       _Key_Bindlist_f            0041d3dc f   keys.obj
 0001:0001c478       _Key_WriteBindings         0041d478 f   keys.obj
 0001:0001c4b6       _Key_Init                  0041d4b6 f   keys.obj
 0001:0001c78c       _Key_Event                 0041d78c f   keys.obj
 0001:0001ca6b       _Key_ClearStates           0041da6b f   keys.obj
 0001:0001cab0       _Key_ClearTyping           0041dab0 f   keys.obj
 0001:0001cac9       _MD4Init                   0041dac9 f   md4.obj
 0001:0001caf1       _MD4Update                 0041daf1 f   md4.obj
 0001:0001cb8f       _MD4Final                  0041db8f f   md4.obj
 0001:0001d280       _Com_BlockChecksum         0041e280 f   md4.obj
 0001:0001d2bc       _Z_Free                    0041e2bc f   memory.obj
 0001:0001d312       _Z_FreeTags                0041e312 f   memory.obj
 0001:0001d342       _Z_TagMalloc               0041e342 f   memory.obj
 0001:0001d3b3       _Z_Malloc                  0041e3b3 f   memory.obj
 0001:0001d3d5       _Z_BlockMalloc             0041e3d5 f   memory.obj
 0001:0001d3f0       _CreateMemoryChain         0041e3f0 f   memory.obj
 0001:0001d458       _FreeMemoryChain           0041e458 f   memory.obj
 0001:0001d482       _AllocChainBlock           0041e482 f   memory.obj
 0001:0001d4cd       _CopyString                0041e4cd f   memory.obj
 0001:0001d4f1       _ChainCopyString           0041e4f1 f   memory.obj
 0001:0001d519       _AllocNamedStruc           0041e519 f   memory.obj
 0001:0001d554       _ChainAllocNamedStruc      0041e554 f   memory.obj
 0001:0001d593       _FindNamedStruc            0041e593 f   memory.obj
 0001:0001d5d7       _FindNamedStrucByIndex     0041e5d7 f   memory.obj
 0001:0001d5ee       _IndexOfNamedStruc         0041e5ee f   memory.obj
 0001:0001d61c       _AddToNamedList            0041e61c f   memory.obj
 0001:0001d666       _ChainAddToNamedList       0041e666 f   memory.obj
 0001:0001d6b0       _FreeNamedList             0041e6b0 f   memory.obj
 0001:0001d6cb       _Z_Init                    0041e6cb f   memory.obj
 0001:0001d706       _M_PushMenu                0041e706 f   menu.obj
 0001:0001d7c3       _M_ForceMenuOff            0041e7c3 f   menu.obj
 0001:0001d7f0       _M_PopMenu                 0041e7f0 f   menu.obj
 0001:0001d844       _Default_MenuKey           0041e844 f   menu.obj
 0001:0001d96e       _M_Print                   0041e96e f   menu.obj
 0001:0001d9b9       _M_DrawTextBox             0041e9b9 f   menu.obj
 0001:0001dba5       _M_Main_Draw               0041eba5 f   menu.obj
 0001:0001dd2c       _M_Main_Key                0041ed2c f   menu.obj
 0001:0001de10       _M_Menu_Main_f             0041ee10 f   menu.obj
 0001:0001de2c       _M_Menu_Multiplayer_f      0041ee2c f   menu.obj
 0001:0001dfb1       _M_Menu_Keys_f             0041efb1 f   menu.obj
 0001:0001e48b       _M_Menu_Options_f          0041f48b f   menu.obj
 0001:0001edfa       _M_Menu_Video_f            0041fdfa f   menu.obj
 0001:0001ee1b       _M_Menu_Credits_f          0041fe1b f   menu.obj
 0001:0001efe9       _M_Menu_Game_f             0041ffe9 f   menu.obj
 0001:0001f27c       _M_Menu_LoadGame_f         0042027c f   menu.obj
 0001:0001f54f       _M_Menu_SaveGame_f         0042054f f   menu.obj
 0001:0001f6af       _M_AddToServerList         004206af f   menu.obj
 0001:0001f72d       _M_Menu_JoinServer_f       0042072d f   menu.obj
 0001:0001f991       _M_Menu_StartServer_f      00420991 f   menu.obj
 0001:000201bc       _M_Menu_DMOptions_f        004211bc f   menu.obj
 0001:00020975       _M_Menu_DownloadOptions_f  00421975 f   menu.obj
 0001:00020bf7       _M_Menu_AddressBook_f      00421bf7 f   menu.obj
 0001:00021e0b       _M_Init                    00422e0b f   menu.obj
 0001:00021f2f       _M_Draw                    00422f2f f   menu.obj
 0001:00021fc3       _M_Keydown                 00422fc3 f   menu.obj
 0001:00021fdf       _LoadQ2BspFile             00422fdf f   model.obj
 0001:000225a8       _LoadBspFile               004235a8 f   model.obj
 0001:000226c8       _ProcessEntstring          004236c8 f   model.obj
 0001:000234eb       _Netchan_Init              004244eb f   net_chan.obj
 0001:0002354b       _Netchan_OutOfBand         0042454b f   net_chan.obj
 0001:000235ab       _Netchan_OutOfBandPrint    004245ab f   net_chan.obj
 0001:000235eb       _Netchan_Setup             004245eb f   net_chan.obj
 0001:00023646       _Netchan_NeedReliable      00424646 f   net_chan.obj
 0001:00023672       _Netchan_Transmit          00424672 f   net_chan.obj
 0001:00023816       _Netchan_Process           00424816 f   net_chan.obj
 0001:0002393d       _NetadrToSockadr           0042493d f   net_wins.obj
 0001:000239df       _SockadrToNetadr           004249df f   net_wins.obj
 0001:00023a42       _NET_CompareAdr            00424a42 f   net_wins.obj
 0001:00023aa8       _NET_CompareBaseAdr        00424aa8 f   net_wins.obj
 0001:00023b01       _NET_AdrToString           00424b01 f   net_wins.obj
 0001:00023bba       _NET_StringToSockaddr      00424bba f   net_wins.obj
 0001:00023df3       _NET_StringToAdr           00424df3 f   net_wins.obj
 0001:00023e4c       _NET_IsLocalAddress        00424e4c f   net_wins.obj
 0001:00023e58       _NET_GetLoopPacket         00424e58 f   net_wins.obj
 0001:00023edf       _NET_SendLoopPacket        00424edf f   net_wins.obj
 0001:00023f2b       _NET_GetPacket             00424f2b f   net_wins.obj
 0001:0002404b       _NET_SendPacket            0042504b f   net_wins.obj
 0001:0002412d       _NET_IPSocket              0042512d f   net_wins.obj
 0001:00024243       _NET_OpenIP                00425243 f   net_wins.obj
 0001:00024364       _NET_IPXSocket             00425364 f   net_wins.obj
 0001:00024466       _NET_OpenIPX               00425466 f   net_wins.obj
 0001:0002454e       _NET_Config                0042554e f   net_wins.obj
 0001:000245c6       _NET_Sleep                 004255c6 f   net_wins.obj
 0001:00024693       _NET_Init                  00425693 f   net_wins.obj
 0001:000246cf       _Pmove                     004256cf f   pmove.obj
 0001:00026210       _NormalizeColor            00427210 f   q_shared2.obj
 0001:0002627c       _NormalizeColor255         0042727c f   q_shared2.obj
 0001:000262ec       _Q_rsqrt                   004272ec f   q_shared2.obj
 0001:0002631c       _RotatePointAroundVector   0042731c f   q_shared2.obj
 0001:0002648c       _AngleVectors              0042748c f   q_shared2.obj
 0001:000265ed       _ProjectPointOnPlane       004275ed f   q_shared2.obj
 0001:0002666c       _PerpendicularVector       0042766c f   q_shared2.obj
 0001:000266eb       _MakeNormalVectors         004276eb f   q_shared2.obj
 0001:00026752       _MatrixMultiply            00427752 f   q_shared2.obj
 0001:00026839       _R_ConcatTransforms        00427839 f   q_shared2.obj
 0001:00026973       _SetPlaneSignbits          00427973 f   q_shared2.obj
 0001:000269a3       _LerpAngle                 004279a3 f   q_shared2.obj
 0001:000269e6       _anglemod                  004279e6 f   q_shared2.obj
 0001:00026a16       _BoxOnPlaneSide            00427a16 f   q_shared2.obj
 0001:00026b32       _ClearBounds               00427b32 f   q_shared2.obj
 0001:00026b5b       _AddPointToBounds          00427b5b f   q_shared2.obj
 0001:00026b94       _VectorCompare             00427b94 f   q_shared2.obj
 0001:00026bc2       _VectorNormalize           00427bc2 f   q_shared2.obj
 0001:00026c16       _VectorNormalize2          00427c16 f   q_shared2.obj
 0001:00026c6e       _VectorNormalizeFast       00427c6e f   q_shared2.obj
 0001:00026cb1       _VectorMA                  00427cb1 f   q_shared2.obj
 0001:00026ce0       _CrossProduct              00427ce0 f   q_shared2.obj
 0001:00026d1b       _VectorLength              00427d1b f   q_shared2.obj
 0001:00026d4a       _VectorDistance            00427d4a f   q_shared2.obj
 0001:00026d7b       _VectorInverse             00427d7b f   q_shared2.obj
 0001:00026d96       _VectorScale               00427d96 f   q_shared2.obj
 0001:00026dba       _AnglesToAxis              00427dba f   q_shared2.obj
 0001:00026dff       _COM_StripExtension        00427dff f   q_shared2.obj
 0001:00026e20       _COM_FilePath              00427e20 f   q_shared2.obj
 0001:00026e56       _ShortSwap                 00427e56 f   q_shared2.obj
 0001:00026e6b       _va                        00427e6b f   q_shared2.obj
 0001:00026eb8       _COM_ParseExt              00427eb8 f   q_shared2.obj
 0001:00026fb3       _Com_PageInMemory          00427fb3 f   q_shared2.obj
 0001:00026fd2       _Q_stricmp                 00427fd2 f   q_shared2.obj
 0001:00026fe3       _Q_strncasecmp             00427fe3 f   q_shared2.obj
 0001:0002703b       _Q_strcasecmp              0042803b f   q_shared2.obj
 0001:00027051       _Q_strncpyz                00428051 f   q_shared2.obj
 0001:00027075       _Q_strncpylower            00428075 f   q_shared2.obj
 0001:000270af       _Q_CopyFilename            004280af f   q_shared2.obj
 0001:00027149       _Com_sprintf               00428149 f   q_shared2.obj
 0001:0002718e       _Info_ValueForKey          0042818e f   q_shared2.obj
 0001:00027219       _Info_RemoveKey            00428219 f   q_shared2.obj
 0001:0002729f       _Info_SetValueForKey       0042829f f   q_shared2.obj
 0001:000273dd       _Field_Draw                004283dd f   qmenu.obj
 0001:000275f1       _Field_Key                 004285f1 f   qmenu.obj
 0001:0002785a       _Menu_AddItem              0042885a f   qmenu.obj
 0001:0002788f       _Menu_AdjustCursor         0042888f f   qmenu.obj
 0001:000279ce       _Menu_Center               004289ce f   qmenu.obj
 0001:00027a06       _Menu_DrawDotsItem         00428a06 f   qmenu.obj
 0001:00027a6b       _Menu_Draw                 00428a6b f   qmenu.obj
 0001:00027d1c       _Menu_ItemAtCursor         00428d1c f   qmenu.obj
 0001:00027d34       _Menu_SelectItem           00428d34 f   qmenu.obj
 0001:00027d76       _Menu_SetStatusBar         00428d76 f   qmenu.obj
 0001:00027d85       _Menu_SlideItem            00428d85 f   qmenu.obj
 0001:00027dd5       _Menu_TallySlots           00428dd5 f   qmenu.obj
 0001:00028285       _S_SoundInfo_f             00429285 f   snd_dma.obj
 0001:0002830f       _S_ReadModelsSex           0042930f f   snd_dma.obj
 0001:000283f8       _S_IsFemale                004293f8 f   snd_dma.obj
 0001:00028486       _S_Init                    00429486 f   snd_dma.obj
 0001:00028559       _S_Shutdown                00429559 f   snd_dma.obj
 0001:000285e3       _S_FindName                004295e3 f   snd_dma.obj
 0001:000286cf       _S_AliasName               004296cf f   snd_dma.obj
 0001:0002875b       _S_BeginRegistration       0042975b f   snd_dma.obj
 0001:0002876c       _S_RegisterSound           0042976c f   snd_dma.obj
 0001:000287d2       _S_EndRegistration         004297d2 f   snd_dma.obj
 0001:00028865       _S_PickChannel             00429865 f   snd_dma.obj
 0001:000288fc       _S_SpatializeOrigin        004298fc f   snd_dma.obj
 0001:00028a1e       _S_Spatialize              00429a1e f   snd_dma.obj
 0001:00028a8c       _S_AllocPlaysound          00429a8c f   snd_dma.obj
 0001:00028aab       _S_FreePlaysound           00429aab f   snd_dma.obj
 0001:00028adb       _S_IssuePlaysound          00429adb f   snd_dma.obj
 0001:00028b99       _S_RegisterSexedSound      00429b99 f   snd_dma.obj
 0001:00028c7d       _S_StartSound              00429c7d f   snd_dma.obj
 0001:00028e13       _S_StartLocalSound         00429e13 f   snd_dma.obj
 0001:00028e62       _S_ClearBuffer             00429e62 f   snd_dma.obj
 0001:00028eba       _S_StopAllSounds           00429eba f   snd_dma.obj
 0001:00028f35       _S_AddLoopSounds           00429f35 f   snd_dma.obj
 0001:0002910a       _S_RawSamples              0042a10a f   snd_dma.obj
 0001:0002930e       _S_Update                  0042a30e f   snd_dma.obj
 0001:00029435       _GetSoundtime              0042a435 f   snd_dma.obj
 0001:0002949c       _S_Update_                 0042a49c f   snd_dma.obj
 0001:00029532       _S_Play                    0042a532 f   snd_dma.obj
 0001:000295e2       _S_SoundList               0042a5e2 f   snd_dma.obj
 0001:000296a3       _ResampleSfx               0042a6a3 f   snd_mem.obj
 0001:000297a7       _S_LoadSound               0042a7a7 f   snd_mem.obj
 0001:000298cd       _FindNextChunk             0042a8cd f   snd_mem.obj
 0001:00029957       _GetWavinfo                0042a957 f   snd_mem.obj
 0001:00029b47       _S_WriteLinearBlastStereo16 0042ab47 f   snd_mix.obj
 0001:00029bbb       _S_TransferStereo16        0042abbb f   snd_mix.obj
 0001:00029c24       _S_TransferPaintBuffer     0042ac24 f   snd_mix.obj
 0001:00029d80       _S_PaintChannels           0042ad80 f   snd_mix.obj
 0001:00029fa5       _S_InitScaletable          0042afa5 f   snd_mix.obj
 0001:00029ff8       _S_PaintChannelFrom8       0042aff8 f   snd_mix.obj
 0001:0002a0fa       _S_PaintChannelFrom16      0042b0fa f   snd_mix.obj
 0001:0002a165       _FreeSound                 0042b165 f   snd_win.obj
 0001:0002a275       _SNDDMA_InitDirect         0042b275 f   snd_win.obj
 0001:0002a744       _SNDDMA_Init               0042b744 f   snd_win.obj
 0001:0002a7c0       _SNDDMA_GetDMAPos          0042b7c0 f   snd_win.obj
 0001:0002a80a       _SNDDMA_BeginPainting      0042b80a f   snd_win.obj
 0001:0002a90c       _SNDDMA_Submit             0042b90c f   snd_win.obj
 0001:0002a931       _SNDDMA_Shutdown           0042b931 f   snd_win.obj
 0001:0002a936       _S_Activate                0042b936 f   snd_win.obj
 0001:0002a961       _SV_SetMaster_f            0042b961 f   sv_ccmds.obj
 0001:0002aa73       _SV_WipeSavegame           0042ba73 f   sv_ccmds.obj
 0001:0002aaa1       _SV_CopySaveGame           0042baa1 f   sv_ccmds.obj
 0001:0002aaf6       _SV_WriteLevelFile         0042baf6 f   sv_ccmds.obj
 0001:0002aba4       _SV_ReadLevelFile          0042bba4 f   sv_ccmds.obj
 0001:0002ac52       _SV_WriteServerFile        0042bc52 f   sv_ccmds.obj
 0001:0002aea3       _SV_ReadServerFile         0042bea3 f   sv_ccmds.obj
 0001:0002afbd       _SV_DemoMap_f              0042bfbd f   sv_ccmds.obj
 0001:0002aff5       _SV_GameMap_f              0042bff5 f   sv_ccmds.obj
 0001:0002b165       _SV_Map_f                  0042c165 f   sv_ccmds.obj
 0001:0002b1d2       _SV_Loadgame_f             0042c1d2 f   sv_ccmds.obj
 0001:0002b2d7       _SV_Savegame_f             0042c2d7 f   sv_ccmds.obj
 0001:0002b3dc       _SV_AddressBanned          0042c3dc f   sv_ccmds.obj
 0001:0002b41e       _SV_InitOperatorCommands   0042c41e f   sv_ccmds.obj
 0001:0002bdbd       _SV_EmitPacketEntities     0042cdbd f   sv_ents.obj
 0001:0002bf2b       _SV_WritePlayerstateToClient 0042cf2b f   sv_ents.obj
 0001:0002c3e9       _SV_WriteFrameToClient     0042d3e9 f   sv_ents.obj
 0001:0002c4a5       _SV_FatPVS                 0042d4a5 f   sv_ents.obj
 0001:0002c5d2       _SV_BuildClientFrame       0042d5d2 f   sv_ents.obj
 0001:0002c89d       _SV_RecordDemoMessage      0042d89d f   sv_ents.obj
 0001:0002c9bc       _SV_ShutdownGameProgs      0042d9bc f   sv_game.obj
 0001:0002c9d5       _SV_InitGameProgs          0042d9d5 f   sv_game.obj
 0001:0002d280       _SV_FindIndex              0042e280 f   sv_init.obj
 0001:0002d347       _SV_ModelIndex             0042e347 f   sv_init.obj
 0001:0002d35d       _SV_SoundIndex             0042e35d f   sv_init.obj
 0001:0002d376       _SV_ImageIndex             0042e376 f   sv_init.obj
 0001:0002d38f       _SV_CreateBaseline         0042e38f f   sv_init.obj
 0001:0002d3f2       _SV_CheckForSavegame       0042e3f2 f   sv_init.obj
 0001:0002d47a       _SV_SpawnServer            0042e47a f   sv_init.obj
 0001:0002d6f7       _SV_InitGame               0042e6f7 f   sv_init.obj
 0001:0002d8e2       _SV_Map                    0042e8e2 f   sv_init.obj
 0001:0002daa0       _SV_DropClient             0042eaa0 f   sv_main.obj
 0001:0002db15       _SV_StatusString           0042eb15 f   sv_main.obj
 0001:0002dbf4       _SVC_Status                0042ebf4 f   sv_main.obj
 0001:0002dc1d       _SVC_Ack                   0042ec1d f   sv_main.obj
 0001:0002dc36       _SVC_Info                  0042ec36 f   sv_main.obj
 0001:0002dcf7       _SVC_GetChallenge          0042ecf7 f   sv_main.obj
 0001:0002dd9f       _SVC_DirectConnect         0042ed9f f   sv_main.obj
 0001:0002e212       _Rcon_Validate             0042f212 f   sv_main.obj
 0001:0002e243       _SVC_RemoteCommand         0042f243 f   sv_main.obj
 0001:0002e315       _SV_ConnectionlessPacket   0042f315 f   sv_main.obj
 0001:0002e451       _SV_CalcPings              0042f451 f   sv_main.obj
 0001:0002e4d8       _SV_GiveMsec               0042f4d8 f   sv_main.obj
 0001:0002e517       _SV_ReadPackets            0042f517 f   sv_main.obj
 0001:0002e62d       _SV_CheckTimeouts          0042f62d f   sv_main.obj
 0001:0002e6d3       _SV_PostprocessFrame       0042f6d3 f   sv_main.obj
 0001:0002eafe       _SV_Frame                  0042fafe f   sv_main.obj
 0001:0002ec57       _Master_Heartbeat          0042fc57 f   sv_main.obj
 0001:0002ecfb       _Master_Shutdown           0042fcfb f   sv_main.obj
 0001:0002ed6e       _SV_UserinfoChanged        0042fd6e f   sv_main.obj
 0001:0002ee31       _SV_Init                   0042fe31 f   sv_main.obj
 0001:0002ee94       _SV_Shutdown               0042fe94 f   sv_main.obj
 0001:0002efef       _SV_FlushRedirect          0042ffef f   sv_send.obj
 0001:0002f061       _SV_ClientPrintf           00430061 f   sv_send.obj
 0001:0002f0b7       _SV_BroadcastPrintf        004300b7 f   sv_send.obj
 0001:0002f188       _SV_BroadcastCommand       00430188 f   sv_send.obj
 0001:0002f1da       _SV_Multicast              004301da f   sv_send.obj
 0001:0002f385       _SV_MulticastOld           00430385 f   sv_send.obj
 0001:0002f398       _SV_StartSound             00430398 f   sv_send.obj
 0001:0002f5f2       _SV_StartSoundOld          004305f2 f   sv_send.obj
 0001:0002f622       _SV_StartSoundNew          00430622 f   sv_send.obj
 0001:0002f652       _SV_SendClientDatagram     00430652 f   sv_send.obj
 0001:0002f729       _SV_DemoCompleted          00430729 f   sv_send.obj
 0001:0002f745       _SV_RateDrop               00430745 f   sv_send.obj
 0001:0002f790       _SV_SendClientMessages     00430790 f   sv_send.obj
 0001:0002f8e3       _SV_BeginDemoserver        004308e3 f   sv_user.obj
 0001:0002f933       _SV_New_f                  00430933 f   sv_user.obj
 0001:0002faa8       _SV_Configstrings_f        00430aa8 f   sv_user.obj
 0001:0002fc02       _SV_Baselines_f            00430c02 f   sv_user.obj
 0001:0002fd76       _SV_Begin_f                00430d76 f   sv_user.obj
 0001:0002fdd3       _SV_NextDownload_f         00430dd3 f   sv_user.obj
 0001:0002fea7       _SV_BeginDownload_f        00430ea7 f   sv_user.obj
 0001:000300bf       _SV_Disconnect_f           004310bf f   sv_user.obj
 0001:000300cf       _SV_ShowServerinfo_f       004310cf f   sv_user.obj
 0001:000300dc       _SV_Nextserver             004310dc f   sv_user.obj
 0001:0003013b       _SV_Nextserver_f           0043113b f   sv_user.obj
 0001:00030182       _SV_ExecuteUserCommand     00431182 f   sv_user.obj
 0001:000301ef       _SV_ClientThink            004311ef f   sv_user.obj
 0001:00030232       _SV_ExecuteClientMessage   00431232 f   sv_user.obj
 0001:00030463       _SV_ClearWorld             00431463 f   sv_world.obj
 0001:000305c7       _SV_UnlinkEdict            004315c7 f   sv_world.obj
 0001:0003062a       _SV_LinkEdict              0043162a f   sv_world.obj
 0001:00030be7       _SV_AreaEdicts             00431be7 f   sv_world.obj
 0001:00030d58       _SV_PointContents          00431d58 f   sv_world.obj
 0001:00030e43       _SV_ClipMoveToEntities     00431e43 f   sv_world.obj
 0001:000311a8       _SV_Trace                  004321a8 f   sv_world.obj
 0001:00031234       _Sys_Error                 00432234 f   sys_win.obj
 0001:00031294       _Sys_Quit                  00432294 f   sys_win.obj
 0001:000312d4       _Sys_ScanForCD             004322d4 f   sys_win.obj
 0001:00031370       _Sys_Init                  00432370 f   sys_win.obj
 0001:0003178f       _Sys_ConsoleInput          0043278f f   sys_win.obj
 0001:000318ef       _Sys_ConsoleOutput         004328ef f   sys_win.obj
 0001:000319a0       _Sys_SendKeyEvents         004329a0 f   sys_win.obj
 0001:00031a09       _Sys_GetClipboardData      00432a09 f   sys_win.obj
 0001:00031a62       _Sys_AppActivate           00432a62 f   sys_win.obj
 0001:00031a7d       _Sys_UnloadGame            00432a7d f   sys_win.obj
 0001:00031aa2       _Sys_GetGameAPI            00432aa2 f   sys_win.obj
 0001:00031b8f       _ParseCommandLine          00432b8f f   sys_win.obj
 0001:00031c04       _WinMain@16                00432c04 f   sys_win.obj
 0001:00031d41       _AppActivate               00432d41 f   vid_dll.obj
 0001:00031e76       _Vid_CreateWindow          00432e76 f   vid_dll.obj
 0001:0003245b       _Vid_DestroyWindow         0043345b f   vid_dll.obj
 0001:000324a4       _Vid_GetModeInfo           004334a4 f   vid_dll.obj
 0001:000324d3       _Vid_UpdateWindowPosAndSize 004334d3 f   vid_dll.obj
 0001:0003253a       _Vid_FreeReflib            0043353a f   vid_dll.obj
 0001:0003257b       _Vid_CheckChanges          0043357b f   vid_dll.obj
 0001:0003293e       _Vid_Init                  0043393e f   vid_dll.obj
 0001:000329af       _Vid_Shutdown              004339af f   vid_dll.obj
 0001:000329dd       _Vid_MenuInit              004339dd f   vid_menu.obj
 0001:00033118       _Vid_MenuDraw              00434118 f   vid_menu.obj
 0001:000331ac       _Vid_MenuKey               004341ac f   vid_menu.obj
 0001:000334e4       _TesselateText             004344e4 f   gl_backend.obj
 0001:00035015       _GL_BackEnd                00436015 f   gl_backend.obj
 0001:0003669c       _GL_InitBackend            0043769c f   gl_backend.obj
 0001:00036799       _GL_ShutdownBackend        00437799 f   gl_backend.obj
 0001:000367e6       _GL_TextureMode            004377e6 f   gl_image.obj
 0001:00036895       _GL_CreateImage            00437895 f   gl_image.obj
 0001:0003766c       _GL_SetRawPalette          0043866c f   gl_image.obj
 0001:0003769d       _GL_DrawStretchRaw         0043869d f   gl_image.obj
 0001:00037962       _GL_SetupGamma             00438962 f   gl_image.obj
 0001:00037b02       _GL_PerformScreenshot      00438b02 f   gl_image.obj
 0001:00037d21       _GL_InitImages             00438d21 f   gl_image.obj
 0001:00038205       _GL_ShutdownImages         00439205 f   gl_image.obj
 0001:00038274       _GL_ShowImages             00439274 f   gl_image.obj
 0001:000384aa       _GL_FindImage              004394aa f   gl_image.obj
 0001:0003888b       _GL_Lock                   0043988b f   gl_interface.obj
 0001:00038908       _GL_Unlock                 00439908 f   gl_interface.obj
 0001:00038a91       _GL_Bind                   00439a91 f   gl_interface.obj
 0001:00038b84       _GL_BindForce              00439b84 f   gl_interface.obj
 0001:00038bd0       _GL_TexEnv                 00439bd0 f   gl_interface.obj
 0001:00038d4d       _GL_TexEnvColor            00439d4d f   gl_interface.obj
 0001:00038df9       _GL_SelectTexture          00439df9 f   gl_interface.obj
 0001:00038e57       _GL_TexCoordPointer        00439e57 f   gl_interface.obj
 0001:00038e86       _GL_SetMultitexture        00439e86 f   gl_interface.obj
 0001:00038f5e       _GL_DisableTexCoordArrays  00439f5e f   gl_interface.obj
 0001:00038fb7       _GL_CullFace               00439fb7 f   gl_interface.obj
 0001:00039008       _GL_DepthRange             0043a008 f   gl_interface.obj
 0001:0003903b       _GL_State                  0043a03b f   gl_interface.obj
 0001:00039194       _GL_EnableFog              0043a194 f   gl_interface.obj
 0001:00039298       _GL_SetDefaultState        0043a298 f   gl_interface.obj
 0001:000393b7       _GL_Set2DMode              0043a3b7 f   gl_interface.obj
 0001:000394b5       _GL_Setup                  0043a4b5 f   gl_interface.obj
 0001:000395ee       _GL_ShowLights             0043a5ee f   gl_light.obj
 0001:000398ab       _GL_LightForEntity         0043a8ab f   gl_light.obj
 0001:0003aa79       _GL_ApplyEntitySpherelights 0043ba79 f   gl_light.obj
 0001:0003ac11       _LM_Init                   0043bc11 f   gl_lightmap.obj
 0001:0003ac27       _LM_Flush                  0043bc27 f   gl_lightmap.obj
 0001:0003ac85       _LM_Done                   0043bc85 f   gl_lightmap.obj
 0001:0003acac       _LM_Save                   0043bcac f   gl_lightmap.obj
 0001:0003acc6       _LM_Restore                0043bcc6 f   gl_lightmap.obj
 0001:0003ace0       _LM_NewBlock               0043bce0 f   gl_lightmap.obj
 0001:0003ad59       _LM_Rewind                 0043bd59 f   gl_lightmap.obj
 0001:0003ad61       _LM_NextBlock              0043bd61 f   gl_lightmap.obj
 0001:0003ad92       _LM_AllocBlock             0043bd92 f   gl_lightmap.obj
 0001:0003ae45       _LM_PutBlock               0043be45 f   gl_lightmap.obj
 0001:0003afda       _LM_SortLightStyles        0043bfda f   gl_lightmap.obj
 0001:0003b068       _GL_UpdateDynamicLightmap  0043c068 f   gl_lightmap.obj
 0001:0003b557       _GL_DrawStretchPic         0043c557 f   gl_main.obj
 0001:0003b613       _DrawTextLeft              0043c613 f   gl_main.obj
 0001:0003b71e       _DrawTextRight             0043c71e f   gl_main.obj
 0001:0003b76f       _GL_GetRefAPI              0043c76f f   gl_main.obj
 0001:0003cfb9       _GL_InitFuncTables         0043dfb9 f   gl_math.obj
 0001:0003d163       _ModelToWorldCoord         0043e163 f   gl_math.obj
 0001:0003d1b7       _WorldToModelCoord         0043e1b7 f   gl_math.obj
 0001:0003d1fe       _GL_FindModel              0043e1fe f   gl_model.obj
 0001:0003d379       _GL_LoadWorldMap           0043e379 f   gl_model.obj
 0001:0003f42d       _GL_PointInLeaf            0044042d f   gl_model.obj
 0001:0003fd52       _ATAN2_FUNC                00440d52 f i gl_model.obj
 0001:0003feeb       _GL_FindSkin               00440eeb f   gl_model.obj
 0001:00040041       _GL_ResetModels            00441041 f   gl_model.obj
 0001:0004010b       _GL_InitModels             0044110b f   gl_model.obj
 0001:00040178       _GL_ShutdownModels         00441178 f   gl_model.obj
 0001:0004018e       _SubdividePlane            0044118e f   gl_poly.obj
 0001:000405de       _FreeSubdividedPlane       004415de f   gl_poly.obj
 0001:000405f6       _GetSubdivideIndexes       004415f6 f   gl_poly.obj
 0001:00040649       _RemoveCollinearPoints     00441649 f   gl_poly.obj
 0001:0004075d       _GetPolyArea               0044175d f   gl_poly.obj
 0001:000407f1       _GL_InitShaders            004417f1 f   gl_shader.obj
 0001:0004091a       _GL_ShutdownShaders        0044191a f   gl_shader.obj
 0001:00040944       _GL_SetShaderLightmap      00441944 f   gl_shader.obj
 0001:00040d0b       _GL_SetShaderLightstyles   00441d0b f   gl_shader.obj
 0001:00040da7       _GL_GetAlphaShader         00441da7 f   gl_shader.obj
 0001:0004105e       _GL_FindShader             0044205e f   gl_shader.obj
 0001:0004159c       _GL_GetShaderByNum         0044259c f   gl_shader.obj
 0001:000415ba       _GL_ResetShaders           004425ba f   gl_shader.obj
 0001:00041804       _GL_ClearSkyBox            00442804 f   gl_sky.obj
 0001:00041827       _GL_ShowWholeSky           00442827 f   gl_sky.obj
 0001:0004184f       _GL_AddSkySurface          0044284f f   gl_sky.obj
 0001:00041e41       _GL_TesselateSkySide       00442e41 f   gl_sky.obj
 0001:00042104       _GL_AddEntity              00443104 f   gl_world.obj
 0001:00042539       _GL_AddDlight              00443539 f   gl_world.obj
 0001:00042710       _GL_DrawPortal             00443710 f   gl_world.obj
 0001:000445cb       _GLimp_SetMode             004455cb f   glw_imp.obj
 0001:0004486d       _GLimp_HasGamma            0044586d f   glw_imp.obj
 0001:00044882       _GLimp_SetGamma            00445882 f   glw_imp.obj
 0001:00044a28       _GLimp_Shutdown            00445a28 f   glw_imp.obj
 0001:00044b35       _GLimp_Init                00445b35 f   glw_imp.obj
 0001:00044e79       _GLimp_EndFrame            00445e79 f   glw_imp.obj
 0001:00044f15       _GLimp_AppActivate         00445f15 f   glw_imp.obj
 0001:00046910       _QGL_Shutdown              00447910 f   qgl_win.obj
 0001:00046942       _QGL_Init                  00447942 f   qgl_win.obj
 0001:000469c6       _QGL_InitExtensions        004479c6 f   qgl_win.obj
 0001:00046cf4       _QGL_EnableLogging         00447cf4 f   qgl_win.obj
 0001:00046dbf       _QGL_LogMessage            00447dbf f   qgl_win.obj
 0001:00046dd6       _GL_AllocDynamicMemory     00447dd6 f   gl_buffers.obj
 0001:00046e44       _GL_ResizeDynamicMemory    00447e44 f   gl_buffers.obj
 0001:00046e96       _GL_AddSurfaceToPortal     00447e96 f   gl_buffers.obj
 0001:00046ef9       _GL_AddDynamicSurface      00447ef9 f   gl_buffers.obj
 0001:00046f21       _GL_InsertShaderIndex      00447f21 f   gl_buffers.obj
 0001:00046f6d       _GL_ClearPortal            00447f6d f   gl_buffers.obj
 0001:00046f89       _GL_FinishPortal           00447f89 f   gl_buffers.obj
 0001:00046fdf       _GL_SortSurfaces           00447fdf f   gl_buffers.obj
 0001:0004717a       _GL_ClearBuffers           0044817a f   gl_buffers.obj
 0001:00047191       _Hunk_Begin                00448191 f   q_shwin.obj
 0001:000471cb       _Hunk_Alloc                004481cb f   q_shwin.obj
 0001:00047252       _Hunk_End                  00448252 f   q_shwin.obj
 0001:00047258       _Hunk_Free                 00448258 f   q_shwin.obj
 0001:00047271       _Sys_Milliseconds          00448271 f   q_shwin.obj
 0001:000472a5       _Sys_Mkdir                 004482a5 f   q_shwin.obj
 0001:000472b1       _Sys_FindFirst             004482b1 f   q_shwin.obj
 0001:000473cb       _Sys_FindNext              004483cb f   q_shwin.obj
 0001:0004743d       _Sys_FindClose             0044843d f   q_shwin.obj
 0001:00047457       _R_Alias_clip_z            00448457 f   r_aclip.obj
 0001:00047504       _R_Alias_clip_left         00448504 f   r_aclip.obj
 0001:000476d2       _R_Alias_clip_right        004486d2 f   r_aclip.obj
 0001:000478a0       _R_Alias_clip_top          004488a0 f   r_aclip.obj
 0001:00047a70       _R_Alias_clip_bottom       00448a70 f   r_aclip.obj
 0001:00047c40       _R_AliasClip               00448c40 f   r_aclip.obj
 0001:00047d10       _R_AliasClipTriangle       00448d10 f   r_aclip.obj
 0001:00047f02       _R_AliasCheckFrameBBox     00448f02 f   r_alias.obj
 0001:00048035       _R_AliasCheckBBox          00449035 f   r_alias.obj
 0001:00048099       _R_AliasTransformVector    00449099 f   r_alias.obj
 0001:000480f5       _R_AliasPreparePoints      004490f5 f   r_alias.obj
 0001:0004838d       _R_AliasSetUpTransform     0044938d f   r_alias.obj
 0001:0004851c       _R_AliasTransformFinalVerts 0044951c f   r_alias.obj
 0001:000486ed       _R_AliasProjectAndClipTestFinalVert 004496ed f   r_alias.obj
 0001:00048775       _R_AliasSetupLighting      00449775 f   r_alias.obj
 0001:000488df       _R_AliasSetupFrames        004498df f   r_alias.obj
 0001:00048953       _R_AliasSetUpLerpData      00449953 f   r_alias.obj
 0001:00048a7b       _R_AliasDrawModel          00449a7b f   r_alias.obj
 0001:00048d02       _R_EntityRotate            00449d02 f   r_bsp.obj
 0001:00048d83       _R_RotateBmodel            00449d83 f   r_bsp.obj
 0001:00048ede       _R_RecursiveClipBPoly      00449ede f   r_bsp.obj
 0001:0004920e       _R_DrawSolidClippedSubmodelPolygons 0044a20e f   r_bsp.obj
 0001:00049395       _R_DrawSubmodelPolygons    0044a395 f   r_bsp.obj
 0001:00049425       _R_RecursiveWorldNode      0044a425 f   r_bsp.obj
 0001:00049680       _R_RenderWorld             0044a680 f   r_bsp.obj
 0001:000496ef       _Draw_FindPic              0044a6ef f   r_draw.obj
 0001:00049732       _Draw_InitLocal            0044a732 f   r_draw.obj
 0001:00049743       _Draw_Char                 0044a743 f   r_draw.obj
 0001:00049824       _Draw_CharColor            0044a824 f   r_draw.obj
 0001:00049933       _R_DrawTexts               0044a933 f   r_draw.obj
 0001:000499a9       _DrawText_Pos              0044a9a9 f   r_draw.obj
 0001:00049ab5       _DrawText_Left             0044aab5 f   r_draw.obj
 0001:00049af1       _DrawText_Right            0044aaf1 f   r_draw.obj
 0001:00049b40       _Draw_GetPicSize           0044ab40 f   r_draw.obj
 0001:00049b80       _Draw_StretchPicImplementation 0044ab80 f   r_draw.obj
 0001:00049caa       _Draw_StretchPic           0044acaa f   r_draw.obj
 0001:00049ce2       _Draw_StretchRaw           0044ace2 f   r_draw.obj
 0001:00049d14       _Draw_Pic                  0044ad14 f   r_draw.obj
 0001:00049ecd       _Draw_PicColor             0044aecd f   r_draw.obj
 0001:0004a086       _Draw_TileClear            0044b086 f   r_draw.obj
 0001:0004a156       _Draw_Fill                 0044b156 f   r_draw.obj
 0001:0004a1f2       _Draw_Fade                 0044b1f2 f   r_draw.obj
 0001:0004a254       _R_BeginEdgeFrame          0044b254 f   r_edge.obj
 0001:0004a310       _R_InsertNewEdges          0044b310 f   r_edge.obj
 0001:0004a356       _R_RemoveEdges             0044b356 f   r_edge.obj
 0001:0004a374       _R_StepActiveU             0044b374 f   r_edge.obj
 0001:0004a408       _R_CleanupSpan             0044b408 f   r_edge.obj
 0001:0004a458       _R_LeadingEdgeBackwards    0044b458 f   r_edge.obj
 0001:0004a4ed       _R_TrailingEdge            0044b4ed f   r_edge.obj
 0001:0004a551       _R_LeadingEdge             0044b551 f   r_edge.obj
 0001:0004a6f4       _R_GenerateSpans           0044b6f4 f   r_edge.obj
 0001:0004a762       _R_GenerateSpansBackward   0044b762 f   r_edge.obj
 0001:0004a7d0       _R_ScanEdges               0044b7d0 f   r_edge.obj
 0001:0004a9a7       _D_FlatFillSurface         0044b9a7 f   r_edge.obj
 0001:0004aa01       _D_CalcGradients           0044ba01 f   r_edge.obj
 0001:0004ac18       _D_BackgroundSurf          0044bc18 f   r_edge.obj
 0001:0004ac58       _D_TurbulentSurf           0044bc58 f   r_edge.obj
 0001:0004ad7a       _D_SkySurf                 0044bd7a f   r_edge.obj
 0001:0004adfb       _D_SolidSurf               0044bdfb f   r_edge.obj
 0001:0004af66       _D_DrawflatSurfaces        0044bf66 f   r_edge.obj
 0001:0004afb6       _D_DrawSurfaces            0044bfb6 f   r_edge.obj
 0001:0004b0b4       _R_ImageList_f             0044c0b4 f   r_image.obj
 0001:0004b175       _R_FindFreeImage           0044c175 f   r_image.obj
 0001:0004b1c3       _R_LoadPic                 0044c1c3 f   r_image.obj
 0001:0004b253       _R_LoadTex                 0044c253 f   r_image.obj
 0001:0004b2df       _R_LoadWal                 0044c2df f   r_image.obj
 0001:0004b335       _R_MipMap                  0044c335 f   r_image.obj
 0001:0004b463       _R_DownsampleImage         0044c463 f   r_image.obj
 0001:0004b568       _R_FindImage               0044c568 f   r_image.obj
 0001:0004b90d       _R_RegisterSkin            0044c90d f   r_image.obj
 0001:0004b91b       _R_FreeUnusedImages        0044c91b f   r_image.obj
 0001:0004b97b       _R_InitImages              0044c97b f   r_image.obj
 0001:0004b9e1       _R_ShutdownImages          0044c9e1 f   r_image.obj
 0001:0004ba1e       _R_MarkLights              0044ca1e f   r_light.obj
 0001:0004baed       _R_PushDlights             0044caed f   r_light.obj
 0001:0004bb4b       _RecursiveLightPoint       0044cb4b f   r_light.obj
 0001:0004bdfa       _R_LightPoint              0044cdfa f   r_light.obj
 0001:0004bf11       _R_AddDynamicLights        0044cf11 f   r_light.obj
 0001:0004c1ab       _R_BuildLightMap           0044d1ab f   r_light.obj
 0001:0004c2a1       _R_InitTextures            0044d2a1 f   r_main.obj
 0001:0004c362       _R_InitTurb                0044d362 f   r_main.obj
 0001:0004c3df       _R_Register                0044d3df f   r_main.obj
 0001:0004c447       _R_Init                    0044d447 f   r_main.obj
 0001:0004c4d8       _R_Shutdown                0044d4d8 f   r_main.obj
 0001:0004c54d       _R_NewMap                  0044d54d f   r_main.obj
 0001:0004c5f7       _R_MarkLeaves              0044d5f7 f   r_main.obj
 0001:0004c71e       _R_DrawEntitiesOnList      0044d71e f   r_main.obj
 0001:0004c92d       _R_BmodelCheckBBox         0044d92d f   r_main.obj
 0001:0004c9df       _R_FindTopnode             0044d9df f   r_main.obj
 0001:0004ca67       _RotatedBBox               0044da67 f   r_main.obj
 0001:0004cbc6       _R_DrawBEntitiesOnList     0044dbc6 f   r_main.obj
 0001:0004cdde       _R_EdgeDrawing             0044ddde f   r_main.obj
 0001:0004ceb3       _R_CalcPalette             0044deb3 f   r_main.obj
 0001:0004cfb8       _R_SetLightLevel           0044dfb8 f   r_main.obj
 0001:0004d008       _R_RenderFrame             0044e008 f   r_main.obj
 0001:0004d1f9       _R_InitGraphics            0044e1f9 f   r_main.obj
 0001:0004d26f       _R_BeginFrame              0044e26f f   r_main.obj
 0001:0004d392       _R_GammaCorrectAndSetPalette 0044e392 f   r_main.obj
 0001:0004d3f1       _R_CinematicSetPalette     0044e3f1 f   r_main.obj
 0001:0004d488       _Draw_BuildGammaTable      0044e488 f   r_main.obj
 0001:0004d533       _R_DrawBeam                0044e533 f   r_main.obj
 0001:0004d699       _R_SetSky                  0044e699 f   r_main.obj
 0001:0004d714       _Draw_GetPalette           0044e714 f   r_main.obj
 0001:0004d85c       _Draw_ConCharColor         0044e85c f   r_main.obj
 0001:0004d87d       _GetRefAPI                 0044e87d f   r_main.obj
 0001:0004dacd       _D_ViewChanged             0044eacd f   r_misc.obj
 0001:0004dc29       _R_PrintTimes              0044ec29 f   r_misc.obj
 0001:0004dca3       _R_PrintDSpeeds            0044eca3 f   r_misc.obj
 0001:0004dd6a       _R_PrintAliasStats         0044ed6a f   r_misc.obj
 0001:0004dd7d       _R_TransformFrustum        0044ed7d f   r_misc.obj
 0001:0004de45       _TransformVector           0044ee45 f   r_misc.obj
 0001:0004deb0       _R_SetUpFrustumIndexes     0044eeb0 f   r_misc.obj
 0001:0004df15       _R_ViewChanged             0044ef15 f   r_misc.obj
 0001:0004e224       _R_SetupFrame              0044f224 f   r_misc.obj
 0001:0004e410       _WritePCXfile              0044f410 f   r_misc.obj
 0001:0004e532       _R_ScreenShot              0044f532 f   r_misc.obj
 0001:0004e641       _Mod_Modellist_f           0044f641 f   r_model.obj
 0001:0004e69f       _Mod_Init                  0044f69f f   r_model.obj
 0001:0004e6b7       _Mod_ForName               0044f6b7 f   r_model.obj
 0001:0004e8f3       _Mod_PointInLeaf           0044f8f3 f   r_model.obj
 0001:0004e955       _Mod_DecompressVis         0044f955 f   r_model.obj
 0001:0004e9d5       _Mod_ClusterPVS            0044f9d5 f   r_model.obj
 0001:0004ea02       _Mod_LoadLighting          0044fa02 f   r_model.obj
 0001:0004ea81       _R_NumberLeafs             0044fa81 f   r_model.obj
 0001:0004eacf       _Mod_LoadVertexes          0044facf f   r_model.obj
 0001:0004eb11       _Mod_LoadEdges             0044fb11 f   r_model.obj
 0001:0004eb5f       _Mod_LoadTexinfo           0044fb5f f   r_model.obj
 0001:0004ecc7       _CalcSurfaceExtents        0044fcc7 f   r_model.obj
 0001:0004ee5c       _Mod_LoadFaces             0044fe5c f   r_model.obj
 0001:0004efc3       _Mod_SetParent             0044ffc3 f   r_model.obj
 0001:0004efe8       _Mod_LoadNodes             0044ffe8 f   r_model.obj
 0001:0004f0de       _Mod_LoadLeafs             004500de f   r_model.obj
 0001:0004f187       _Mod_LoadMarksurfaces      00450187 f   r_model.obj
 0001:0004f203       _Mod_LoadSurfedges         00450203 f   r_model.obj
 0001:0004f242       _Mod_LoadPlanes            00450242 f   r_model.obj
 0001:0004f2a7       _Mod_LoadBrushModel        004502a7 f   r_model.obj
 0001:0004f499       _Mod_LoadAliasModel        00450499 f   r_model.obj
 0001:0004f719       _Mod_LoadSpriteModel       00450719 f   r_model.obj
 0001:0004f800       _R_BeginRegistration       00450800 f   r_model.obj
 0001:0004f890       _R_RegisterModel           00450890 f   r_model.obj
 0001:0004f988       _R_EndRegistration         00450988 f   r_model.obj
 0001:0004f9f3       _Mod_FreeAll               004509f3 f   r_model.obj
 0001:0004fa38       _R_DrawParticle            00450a38 f   r_part.obj
 0001:0004fcc1       _R_DrawParticles           00450cc1 f   r_part.obj
 0001:0004fd6b       _R_DrawSpanletOpaque       00450d6b f   r_poly.obj
 0001:0004fdfb       _R_DrawSpanletTurbulentStipple33 00450dfb f   r_poly.obj
 0001:0004ff26       _R_DrawSpanletTurbulentStipple66 00450f26 f   r_poly.obj
 0001:00050107       _R_DrawSpanletTurbulentBlended66 00451107 f   r_poly.obj
 0001:000501bc       _R_DrawSpanletTurbulentBlended33 004511bc f   r_poly.obj
 0001:00050271       _R_DrawSpanlet33           00451271 f   r_poly.obj
 0001:0005030b       _R_DrawSpanletConstant33   0045130b f   r_poly.obj
 0001:00050364       _R_DrawSpanlet66           00451364 f   r_poly.obj
 0001:00050402       _R_DrawSpanlet33Stipple    00451402 f   r_poly.obj
 0001:0005051d       _R_DrawSpanlet66Stipple    0045151d f   r_poly.obj
 0001:000506ae       _R_ClipPolyFace            004516ae f   r_poly.obj
 0001:0005081f       _R_PolygonDrawSpans        0045181f f   r_poly.obj
 0001:00050ba7       _R_PolygonScanLeftEdge     00451ba7 f   r_poly.obj
 0001:00050cdb       _R_PolygonScanRightEdge    00451cdb f   r_poly.obj
 0001:00050ecb       _R_ClipAndDrawPoly         00451ecb f   r_poly.obj
 0001:000510cd       _R_BuildPolygonFromSurface 004520cd f   r_poly.obj
 0001:000512d9       _R_PolygonCalculateGradients 004522d9 f   r_poly.obj
 0001:00051592       _R_DrawAlphaSurfaces       00452592 f   r_poly.obj
 0001:00051628       _R_IMFlatShadedQuad        00452628 f   r_poly.obj
 0001:0005176a       _R_InitAdivtab             0045276a f   r_polyse.obj
 0001:000517d5       _R_PolysetUpdateTables     004527d5 f   r_polyse.obj
 0001:00051810       _R_DrawTriangle            00452810 f   r_polyse.obj
 0001:00051921       _R_PolysetScanLeftEdge_C   00452921 f   r_polyse.obj
 0001:00051aeb       _FloorDivMod               00452aeb f   r_polyse.obj
 0001:00051b87       _R_PolysetSetUpForLineScan 00452b87 f   r_polyse.obj
 0001:00051c15       _R_PolysetCalcGradients    00452c15 f   r_polyse.obj
 0001:00051e20       _R_PolysetDrawSpans8_33    00452e20 f   r_polyse.obj
 0001:00051f50       _R_PolysetDrawSpansConstant8_33 00452f50 f   r_polyse.obj
 0001:00051fea       _R_PolysetDrawSpans8_66    00452fea f   r_polyse.obj
 0001:00052126       _R_PolysetDrawSpansConstant8_66 00453126 f   r_polyse.obj
 0001:000521ce       _R_PolysetDrawSpans8_Opaque 004531ce f   r_polyse.obj
 0001:00052319       _R_RasterizeAliasPolySmooth 00453319 f   r_polyse.obj
 0001:000528f9       _R_PolysetSetEdgeTable     004538f9 f   r_polyse.obj
 0001:00052994       _R_InitSkyBox              00453994 f   r_rast.obj
 0001:00052c0e       _R_EmitSkyBox              00453c0e f   r_rast.obj
 0001:00052d21       _R_EmitEdge                00453d21 f   r_rast.obj
 0001:000530f5       _R_ClipEdge                004540f5 f   r_rast.obj
 0001:000532a3       _R_EmitCachedEdge          004542a3 f   r_rast.obj
 0001:000532fa       _R_RenderFace              004542fa f   r_rast.obj
 0001:000536c1       _R_RenderBmodelFace        004546c1 f   r_rast.obj
 0001:0005392a       _D_WarpScreen              0045492a f   r_scan.obj
 0001:00053ad2       _D_DrawTurbulent8Span      00454ad2 f   r_scan.obj
 0001:00053b56       _Turbulent8                00454b56 f   r_scan.obj
 0001:00053e2a       _NonTurbulent8             00454e2a f   r_scan.obj
 0001:000540e8       _D_DrawSpans16             004550e8 f   r_scan.obj
 0001:00054382       _D_DrawZSpans              00455382 f   r_scan.obj
 0001:0005443f       _R_DrawSprite              0045543f f   r_sprite.obj
 0001:000546d4       _R_TextureAnimation        004556d4 f   r_surf.obj
 0001:000546f8       _R_DrawSurface             004556f8 f   r_surf.obj
 0001:0005485d       _R_DrawSurfaceBlock8_mip0  0045585d f   r_surf.obj
 0001:0005495c       _R_DrawSurfaceBlock8_mip1  0045595c f   r_surf.obj
 0001:00054a5b       _R_DrawSurfaceBlock8_mip2  00455a5b f   r_surf.obj
 0001:00054b5a       _R_DrawSurfaceBlock8_mip3  00455b5a f   r_surf.obj
 0001:00054c56       _R_InitCaches              00455c56 f   r_surf.obj
 0001:00054cd7       _D_FlushCaches             00455cd7 f   r_surf.obj
 0001:00054d1c       _D_SCAlloc                 00455d1c f   r_surf.obj
 0001:00054eb0       _D_CacheSurface            00455eb0 f   r_surf.obj
 0001:00055025       _DDRAW_Init                00456025 f   rw_ddraw.obj
 0001:00055435       _DDRAW_SetPalette          00456435 f   rw_ddraw.obj
 0001:0005549e       _DDRAW_Shutdown            0045649e f   rw_ddraw.obj
 0001:00055609       _DIB_Init                  00456609 f   rw_dib.obj
 0001:000557ee       _DIB_SetPalette            004567ee f   rw_dib.obj
 0001:000559b2       _DIB_Shutdown              004569b2 f   rw_dib.obj
 0001:00055aab       _SWimp_Init                00456aab f   rw_imp.obj
 0001:00055aaf       _SWimp_EndFrame            00456aaf f   rw_imp.obj
 0001:00055c1b       _SWimp_SetMode             00456c1b f   rw_imp.obj
 0001:00055d3d       _SWimp_SetPalette          00456d3d f   rw_imp.obj
 0001:00055d62       _SWimp_Shutdown            00456d62 f   rw_imp.obj
 0001:00055da9       _SWimp_AppActivate         00456da9 f   rw_imp.obj
 0001:00055de3       _adler32                   00456de3 f   adler32.obj
 0001:00055efc       _crc32                     00456efc f   crc32.obj
 0001:00056012       _inflate_blocks_reset      00457012 f   infblock.obj
 0001:0005607d       _inflate_blocks_new        0045707d f   infblock.obj
 0001:00056108       _inflate_blocks            00457108 f   infblock.obj
 0001:0005691f       _inflate_blocks_free       0045791f f   infblock.obj
 0001:00056953       _inflate_codes_new         00457953 f   infcodes.obj
 0001:00056987       _inflate_codes             00457987 f   infcodes.obj
 0001:00056f45       _inflate_codes_free        00457f45 f   infcodes.obj
 0001:00056f56       _inflate_fast              00457f56 f   inffast.obj
 0001:00057221       _inflateReset              00458221 f   inflate.obj
 0001:00057260       _inflateEnd                00458260 f   inflate.obj
 0001:0005729e       _inflateInit2_             0045829e f   inflate.obj
 0001:00057388       _inflate                   00458388 f   inflate.obj
 0001:000576eb       _inflate_trees_bits        004586eb f   inftrees.obj
 0001:00057af9       _inflate_trees_dynamic     00458af9 f   inftrees.obj
 0001:00057bfc       _inflate_trees_fixed       00458bfc f   inftrees.obj
 0001:00057c2b       _inflate_flush             00458c2b f   infutil.obj
 0001:00057d17       _Zip_OpenArchive           00458d17 f   zip.obj
[...]
 0001:0002b98c       _SV_DumpUser_f             0042c98c f   sv_ccmds.obj
 0001:0002b9dc       _SV_Status_f               0042c9dc f   sv_ccmds.obj
 0001:0002baec       _SV_ConSay_f               0042caec f   sv_ccmds.obj
 0001:0002bb7f       _SV_Heartbeat_f            0042cb7f f   sv_ccmds.obj
 0001:0002bb8a       _SV_Serverinfo_f           0042cb8a f   sv_ccmds.obj
 0001:0002bba2       _SV_ServerRecord_f         0042cba2 f   sv_ccmds.obj
 0001:0002bd59       _SV_ServerStop_f           0042cd59 f   sv_ccmds.obj
 0001:0002bd85       _SV_KillServer_f           0042cd85 f   sv_ccmds.obj
 0001:0002bda5       _SV_ServerCommand_f        0042cda5 f   sv_ccmds.obj
 0001:0002a1dd       _DS_DestroyBuffers         0042b1dd f   snd_win.obj
 0001:0002a3c6       _DS_CreateBuffers          0042b3c6 f   snd_win.obj
 0001:00029929       _GetLittleLong             0042a929 f   snd_mem.obj
 0001:00029b2a       _GetLittleShort            0042ab2a f   snd_mem.obj
 0001:00027913       _Menu_MakeVisible          00428913 f   qmenu.obj
 0001:0002799d       _Menu_CompletelyVisible    0042899d f   qmenu.obj
 0001:00027a45       _strlen_color              00428a45 f   qmenu.obj
 0001:00027bf3       _Action_Draw               00428bf3 f   qmenu.obj
 0001:00027c6e       _Menu_ItemVisible          00428c6e f   qmenu.obj
 0001:00027cb7       _Menu_DrawStatusBar        00428cb7 f   qmenu.obj
 0001:00027e0c       _MenuList_Draw             00428e0c f   qmenu.obj
 0001:00027e94       _DrawCaption               00428e94 f   qmenu.obj
 0001:00027ed3       _Separator_Draw            00428ed3 f   qmenu.obj
 0001:00027f24       _Slider_DoSlide            00428f24 f   qmenu.obj
 0001:00027f5b       _Slider_Draw               00428f5b f   qmenu.obj
 0001:0002804e       _SpinControl_DoSlide       0042904e f   qmenu.obj
 0001:0002807d       _SpinControl_Draw          0042907d f   qmenu.obj
 0001:00028158       _SpinControl2_DoSlide      00429158 f   qmenu.obj
 0001:00028199       _SpinControl2_Draw         00429199 f   qmenu.obj
 0001:00024972       _StepSlideMove             00425972 f   pmove.obj
 0001:00024b1b       _StepSlideMove_            00425b1b f   pmove.obj
 0001:00024d6e       _ClipVelocity              00425d6e f   pmove.obj
 0001:00024dd7       _Friction                  00425dd7 f   pmove.obj
 0001:00024ee6       _WaterMove                 00425ee6 f   pmove.obj
 0001:00024fcc       _Accelerate                00425fcc f   pmove.obj
 0001:00025038       _AddCurrents               00426038 f   pmove.obj
 0001:000252d7       _AirMove                   004262d7 f   pmove.obj
 0001:00025530       _AirAccelerate             00426530 f   pmove.obj
 0001:000255b6       _CatagorizePosition        004265b6 f   pmove.obj
 0001:0002580c       _CheckJump                 0042680c f   pmove.obj
 0001:000258d3       _CheckSpecialMovement      004268d3 f   pmove.obj
 0001:00025a36       _FlyMove                   00426a36 f   pmove.obj
 0001:00025c89       _CheckDuck                 00426c89 f   pmove.obj
 0001:00025dbe       _DeadMove                  00426dbe f   pmove.obj
 0001:00025e1c       _SnapPosition              00426e1c f   pmove.obj
 0001:00025f85       _GoodPosition              00426f85 f   pmove.obj
 0001:00025ffb       _InitialSnapPosition       00426ffb f   pmove.obj
 0001:00026114       _ClampAngles               00427114 f   pmove.obj
 0001:0002400d       _NET_ErrorString           0042500d f   net_wins.obj
 0001:000221a8       _SwapQ2BspFile             004231a8 f   model.obj
 0001:000223be       _ProcessQ2BspFile          004233be f   model.obj
 0001:00022491       _LoadQ2Submodels           00423491 f   model.obj
 0001:00022563       _CheckLump                 00423563 f   model.obj
 0001:0002283b       _ReadEntity                0042383b f   model.obj
 0001:000228ff       _WriteEntity               004238ff f   model.obj
 0001:0002296a       _ProcessEntityTarget       0042396a f   model.obj
 0001:000229e3       _FindField                 004239e3 f   model.obj
 0001:00022a1c       _GetVector                 00423a1c f   model.obj
 0001:00022a4d       _ProcessEntity             00423a4d f   model.obj
 0001:0002345d       _AddField                  0042445d f   model.obj
 0001:0002349a       _FindEntityTarget          0042449a f   model.obj
 0001:0001de4d       _Multiplayer_MenuDraw      0041ee4d f   menu.obj
 0001:0001de70       _M_Banner                  0041ee70 f   menu.obj
 0001:0001deb2       _Multiplayer_MenuInit      0041eeb2 f   menu.obj
 0001:0001dfa0       _Multiplayer_MenuKey       0041efa0 f   menu.obj
 0001:0001dfd2       _Keys_MenuInit             0041efd2 f   menu.obj
 0001:0001e165       _KeyCursorDrawFunc         0041f165 f   menu.obj
 0001:0001e1a6       _DrawKeyBindingFunc        0041f1a6 f   menu.obj
 0001:0001e27e       _M_FindKeysForCommand      0041f27e f   menu.obj
 0001:0001e2ce       _SeekLine                  0041f2ce f   menu.obj
 0001:0001e2f5       _AppendToken               0041f2f5 f   menu.obj
 0001:0001e31f       _Keys_MenuDraw             0041f31f f   menu.obj
 0001:0001e338       _Keys_MenuKey              0041f338 f   menu.obj
 0001:0001e3ed       _M_UnbindCommand           0041f3ed f   menu.obj
 0001:0001e439       _KeyBindingFunc            0041f439 f   menu.obj
 0001:0001e4ac       _Options_MenuInit          0041f4ac f   menu.obj
 0001:0001e937       _CrosshairFunc             0041f937 f   menu.obj
 0001:0001e95b       _JoystickFunc              0041f95b f   menu.obj
 0001:0001e96e       _CustomizeControlsFunc     0041f96e f   menu.obj
 0001:0001e973       _AlwaysRunFunc             0041f973 f   menu.obj
 0001:0001e986       _FreeLookFunc              0041f986 f   menu.obj
 0001:0001e999       _MouseSpeedFunc            0041f999 f   menu.obj
 0001:0001e9b6       _ControlsSetMenuItemValues 0041f9b6 f   menu.obj
 0001:0001eb82       _ControlsResetDefaultsFunc 0041fb82 f   menu.obj
 0001:0001eb97       _InvertMouseFunc           0041fb97 f   menu.obj
 0001:0001ebb2       _LookspringFunc            0041fbb2 f   menu.obj
 0001:0001ebce       _LookstrafeFunc            0041fbce f   menu.obj
 0001:0001ebea       _UpdateVolumeFunc          0041fbea f   menu.obj
 0001:0001ec07       _UpdateCDVolumeFunc        0041fc07 f   menu.obj
 0001:0001ec20       _ConsoleFunc               0041fc20 f   menu.obj
 0001:0001ec4f       _UpdateSoundFunc           0041fc4f f   menu.obj
 0001:0001ecf7       _Options_ScanCrosshairs    0041fcf7 f   menu.obj
 0001:0001ed4a       _Options_MenuDraw          0041fd4a f   menu.obj
 0001:0001ed72       _Options_CrosshairDraw     0041fd72 f   menu.obj
 0001:0001ede9       _Options_MenuKey           0041fde9 f   menu.obj
 0001:0001eecf       _M_Credits_MenuDraw        0041fecf f   menu.obj
 0001:0001efb7       _M_Credits_Key             0041ffb7 f   menu.obj
 0001:0001f014       _Game_MenuInit             00420014 f   menu.obj
 0001:0001f1c1       _EasyGameFunc              004201c1 f   menu.obj
 0001:0001f1d7       _StartGame                 004201d7 f   menu.obj
 0001:0001f21c       _MediumGameFunc            0042021c f   menu.obj
 0001:0001f232       _HardGameFunc              00420232 f   menu.obj
 0001:0001f248       _Game_MenuDraw             00420248 f   menu.obj
 0001:0001f26b       _Game_MenuKey              0042026b f   menu.obj
 0001:0001f29d       _LoadGame_MenuInit         0042029d f   menu.obj
 0001:0001f346       _Create_Savestrings        00420346 f   menu.obj
 0001:0001f40b       _LoadGameCallback          0042040b f   menu.obj
 0001:0001f435       _LoadGame_MenuDraw         00420435 f   menu.obj
 0001:0001f45e       _DrawSavegameShot          0042045e f   menu.obj
 0001:0001f51d       _LoadGame_MenuKey          0042051d f   menu.obj
 0001:0001f57e       _SaveGame_MenuDraw         0042057e f   menu.obj
 0001:0001f5b3       _SaveGame_MenuInit         004205b3 f   menu.obj
 0001:0001f64e       _SaveGameCallback          0042064e f   menu.obj
 0001:0001f66d       _SaveGame_MenuKey          0042066d f   menu.obj
 0001:0001f74e       _JoinServer_MenuInit       0042074e f   menu.obj
 0001:0001f89f       _JoinServerFunc            0042089f f   menu.obj
 0001:0001f8fc       _SearchLocalGames          004208fc f   menu.obj
 0001:0001f968       _JoinServer_MenuDraw       00420968 f   menu.obj
 0001:0001f980       _JoinServer_MenuKey        00420980 f   menu.obj
 0001:0001f9b2       _StartServer_MenuInit      004209b2 f   menu.obj
 0001:0001fe62       _DMOptionsFunc             00420e62 f   menu.obj
 0001:0001fe71       _RulesChangeFunc           00420e71 f   menu.obj
 0001:0001feda       _StartServerActionFunc     00420eda f   menu.obj
 0001:0001ff06       _StartServerFunc           00420f06 f   menu.obj
 0001:00020171       _StartServer_MenuDraw      00421171 f   menu.obj
 0001:0002017d       _StartServer_MenuKey       0042117d f   menu.obj
 0001:000201dd       _DMOptions_MenuInit        004211dd f   menu.obj
 0001:0002076d       _DMFlagCallback            0042176d f   menu.obj
 0001:00020958       _DMOptions_MenuDraw        00421958 f   menu.obj
 0001:00020964       _DMOptions_MenuKey         00421964 f   menu.obj
 0001:00020996       _DownloadOptions_MenuInit  00421996 f   menu.obj
 0001:00020b81       _DownloadCallback          00421b81 f   menu.obj
 0001:00020bda       _DownloadOptions_MenuDraw  00421bda f   menu.obj
 0001:00020be6       _DownloadOptions_MenuKey   00421be6 f   menu.obj
 0001:00020c18       _AddressBook_MenuInit      00421c18 f   menu.obj
 0001:00020cce       _AddressBook_MenuKey       00421cce f   menu.obj
 0001:00020d1f       _AddressBook_MenuDraw      00421d1f f   menu.obj
 0001:00020d37       _M_Menu_PlayerConfig_f     00421d37 f   menu.obj
 0001:00020d92       _PlayerConfig_MenuInit     00421d92 f   menu.obj
 0001:000211bb       _HandednessCallback        004221bb f   menu.obj
 0001:000211ce       _RateCallback              004221ce f   menu.obj
 0001:000211ec       _ModelCallback             004221ec f   menu.obj
 0001:00021223       _PlayerConfig_ScanDirectories 00422223 f   menu.obj
 0001:000213eb       _IsValidSkin               004223eb f   menu.obj
 0001:0002148d       _PlayerConfig_MenuDraw     0042248d f   menu.obj
 0001:000216f6       _PlayerConfig_MenuKey      004226f6 f   menu.obj
 0001:000217ca       _M_Menu_DMBrowse_f         004227ca f   menu.obj
 0001:0002180e       _DMBrowse_MenuInit         0042280e f   menu.obj
 0001:000219f7       _DMBrowse_MenuKey          004229f7 f   menu.obj
 0001:00021b9a       _DMBrowse_MenuDraw         00422b9a f   menu.obj
 0001:00021cbf       _DrawThumbnail             00422cbf f   menu.obj
 0001:00021d86       _M_Quit_Key                00422d86 f   menu.obj
 0001:00021dc6       _M_Quit_Draw               00422dc6 f   menu.obj
 0001:00021f13       _M_Menu_Quit_f             00422f13 f   menu.obj
 0001:0001d3fc       _AllocChain                0041e3fc f   memory.obj
 0001:0001d6ec       _Z_Stats_f                 0041e6ec f   memory.obj
 0001:0001cbf3       _MD4Transform              0041dbf3 f   md4.obj
 0001:0001d1f5       _Encode                    0041e1f5 f   md4.obj
 0001:0001d23a       _Decode                    0041e23a f   md4.obj
 0001:0001baea       _CompleteCommand           0041caea f   keys.obj
 0001:0001bb61       _Do_CompleteCommand        0041cb61 f   keys.obj
 0001:0001bfda       _TryComplete               0041cfda f   keys.obj
 0001:0001c06f       _CompleteMenu              0041d06f f   keys.obj
 0001:0001c1b1       _CompleteMenuDraw          0041d1b1 f   keys.obj
 0001:0001c210       _CompleteMenuKey           0041d210 f   keys.obj
 0001:0001c242       _CompleteMenuCallback      0041d242 f   keys.obj
 0001:0001c2ca       _iswordsym                 0041d2ca f   keys.obj
 0001:0001c59c       _Key_Unbind_f              0041d59c f   keys.obj
 0001:0001c682       _Key_Unbindall_f           0041d682 f   keys.obj
 0001:0001c6ac       _Key_Bind_f                0041d6ac f   keys.obj
 0001:0001a6f7       _IN_DeactivateMouse        0041b6f7 f   in_win.obj
 0001:0001a723       _IN_FreeDirect             0041b723 f   in_win.obj
 0001:0001a784       _IN_FreeWin32              0041b784 f   in_win.obj
 0001:0001a905       _IN_ActivateMouse          0041b905 f   in_win.obj
 0001:0001a97d       _IN_InitDirect             0041b97d f   in_win.obj
 0001:0001aac0       _IN_InitWin32              0041bac0 f   in_win.obj
 0001:0001abee       _IN_MouseMove              0041bbee f   in_win.obj
 0001:0004dacc       _J_InitSource              0044eacc f   r_main.obj
 0001:0001a21f       _J_FillInputBuffer         0041b21f f   images.obj
 0001:0001a247       _J_SkipInputData           0041b247 f   images.obj
 0001:0004dacc       _J_TermSource              0044eacc f   r_main.obj
 0001:0001a25f       _InitJpegError             0041b25f f   images.obj
 0001:0001a290       _J_ErrorExit               0041b290 f   images.obj
 0001:0001a29f       _J_EmitMessage             0041b29f f   images.obj
 0001:0001a2bc       _J_ResetErrorMgr           0041b2bc f   images.obj
 0001:00017fdc       _FindPakFile               00418fdc f   files.obj
 0001:0001804c       _FindPakDirectory          0041904c f   files.obj
 0001:000180dd       _FileLength                004190dd f   files.obj
 0001:0001852f       _FOpenCached               0041952f f   files.obj
 0001:0001876f       _AddPakFile                0041976f f   files.obj
 0001:0001880e       _AddPakDirectory           0041980e f   files.obj
 0001:000188ec       _EnumZippedPak             004198ec f   files.obj
 0001:0001895f       _ClearFileCache            0041995f f   files.obj
 0001:00018a50       _AddDirFilesToList         00419a50 f   files.obj
 0001:00019000       _ListPakDirectory          0041a000 f   files.obj
 0001:000191bb       _InitResFiles              0041a1bb f   files.obj
 0001:0001929e       _FS_LoadPak_f              0041a29e f   files.obj
 0001:0001936d       _TryLoadPak                0041a36d f   files.obj
 0001:000193db       _FindPakStruc              0041a3db f   files.obj
 0001:00019430       _FS_UnloadPak_f            0041a430 f   files.obj
 0001:000195d7       _FS_Link_f                 0041a5d7 f   files.obj
 0001:000196a3       _FS_Dir_f                  0041a6a3 f   files.obj
 0001:000198b4       _FS_Path_f                 0041a8b4 f   files.obj
 0001:0001994c       _FS_Cat_f                  0041a94c f   files.obj
 0001:00019a25       _FS_Type_f                 0041aa25 f   files.obj
 0001:0001696e       _Cvar_FindVar              0041796e f   cvar.obj
 0001:000169a3       _ComputeHash               004179a3 f   cvar.obj
 0001:00016b9a       _Cvar_SetString            00417b9a f   cvar.obj
 0001:00016c30       _Cvar_InfoValidate         00417c30 f   cvar.obj
 0001:00016d40       _Cvar_Set2                 00417d40 f   cvar.obj
 0001:00016ed8       _Cvar_SetHardcoded         00417ed8 f   cvar.obj
 0001:000172d6       _Cvar_Set_f                004182d6 f   cvar.obj
 0001:00017353       _Cvar_SetWithFlags         00418353 f   cvar.obj
 0001:00017398       _Cvar_Seta_f               00418398 f   cvar.obj
 0001:000173ba       _Cvar_Setu_f               004183ba f   cvar.obj
 0001:000173dc       _Cvar_Sets_f               004183dc f   cvar.obj
 0001:000173fe       _Cvar_Reset_f              004183fe f   cvar.obj
 0001:00017463       _Cvar_List_f               00418463 f   cvar.obj
 0001:00017573       _Cvar_Add_f                00418573 f   cvar.obj
 0001:000176ea       _Cvar_Scale_f              004186ea f   cvar.obj
 0001:0001775d       _Cvar_Toggle_f             0041875d f   cvar.obj
 0001:000177c0       _Cvar_Cycle_f              004187c0 f   cvar.obj
 0001:00015cf2       _Con_ToggleChat_f          00416cf2 f   console.obj
 0001:00015d23       _Con_Clear_f               00416d23 f   console.obj
 0001:00015d79       _Con_Dump_f                00416d79 f   console.obj
 0001:00015e8c       _Con_MessageMode_f         00416e8c f   console.obj
 0001:00015e9e       _Con_MessageMode2_f        00416e9e f   console.obj
 0001:00015f3e       _PlaceChar                 00416f3e f   console.obj
 0001:000160c8       _FindLine                  004170c8 f   console.obj
 0001:00016844       _Con_DrawInput             00417844 f   console.obj
 0001:00014126       _GetInt                    00415126 f   common.obj
 0001:00015153       _Com_Error_f               00416153 f   common.obj
 0001:00011ca3       _CMod_LoadSurfaces         00412ca3 f   cmodel.obj
 0001:00011dbd       _CMod_ReadSurfMaterials    00412dbd f   cmodel.obj
 0001:00011ef8       _CMod_LoadNodes            00412ef8 f   cmodel.obj
 0001:00011f5a       _CMod_LoadBrushes          00412f5a f   cmodel.obj
 0001:00011fa6       _CMod_LoadLeafs            00412fa6 f   cmodel.obj
 0001:00012075       _CMod_LoadPlanes           00413075 f   cmodel.obj
 0001:000120f8       _CMod_LoadLeafBrushes      004130f8 f   cmodel.obj
 0001:00012143       _CMod_LoadBrushSides       00413143 f   cmodel.obj
 0001:000121bc       _CMod_LoadAreas            004131bc f   cmodel.obj
 0001:00012596       _CM_PointLeafnum_r         00413596 f   cmodel.obj
 0001:00012659       _CM_BoxLeafnums_r          00413659 f   cmodel.obj
 0001:00012bc4       _CM_TestInLeaf             00413bc4 f   cmodel.obj
 0001:00012c4c       _CM_TestBoxInBrush         00413c4c f   cmodel.obj
 0001:00012d2d       _CM_RecursiveHullCheck     00413d2d f   cmodel.obj
 0001:00012fff       _CM_TraceToLeaf            00413fff f   cmodel.obj
 0001:000130dc       _CM_ClipBoxToBrush         004140dc f   cmodel.obj
 0001:00013884       _FloodArea_r               00414884 f   cmodel.obj
 0001:00011680       _Cmd_MacroExpandString     00412680 f   cmd.obj
 0001:0001199b       _Cmd_Wait_f                0041299b f   cmd.obj
 0001:000119d0       _Cmd_List_f                004129d0 f   cmd.obj
 0001:000104f8       _DrawSurfInfo              004114f8 f   cl_view.obj
 0001:0001081a       _DrawFlag                  0041181a f   cl_view.obj
 0001:00010875       _DecodeContents            00411875 f   cl_view.obj
 0001:00010917       _DrawOriginInfo            00411917 f   cl_view.obj
 0001:00010aa8       _DrawFpsInfo               00411aa8 f   cl_view.obj
 0001:00010bd1       _FixWaterVis               00411bd1 f   cl_view.obj
 0001:00010cdc       _entitycmpfnc              00411cdc f   cl_view.obj
 0001:00010d45       _Screenshot_f              00411d45 f   cl_view.obj
 0001:0000d359       _SCR_CalcVrect             0040e359 f   cl_scrn.obj
 0001:0000813c       _TryParseStatus            0040913c f   cl_main.obj
 0001:0000641d       _KeyDown                   0040741d f   cl_input.obj
 0001:0000649f       _KeyUp                     0040749f f   cl_input.obj
 0001:000034b8       _CL_AddParticleTraces      004044b8 f   cl_fx.obj
 0001:000022d3       _CL_AddPacketEntities      004032d3 f   cl_ents.obj
 0001:00002cb4       _GetEntityInfo             00403cb4 f   cl_ents.obj
 0001:00002dc3       _AddEntityWithEffects      00403dc3 f   cl_ents.obj
 0001:00002def       _AddViewWeapon             00403def f   cl_ents.obj
 0001:0000083e       _FreeCinematic             0040183e f   cl_cin.obj
 0001:000009f0       _ReadNextFrame             004019f0 f   cl_cin.obj
 0001:00000b0d       _Huff1Decompress           00401b0d f   cl_cin.obj
 0001:00000fb3       _Huff1TableInit            00401fb3 f   cl_cin.obj
 0001:000010ad       _SmallestNode1             004020ad f   cl_cin.obj
 0001:0000014c       _CDAudio_GetAudioDiskInfo  0040114c f   cd_win.obj
 0001:000004c4       _CD_f                      004014c4 f   cd_win.obj
 0001:0000077d       _CDAudio_Eject             0040177d f   cd_win.obj
 0001:000007a7       _CDAudio_CloseDoor         004017a7 f   cd_win.obj

 70 bytes saved through ICF

