 Quake2

 Timestamp is 5c824087 (Fri Mar 08 13:14:31 2019)

 Preferred load address is 00400000

 Start         Length     Name                   Class
 0001:00000000 0006c990H .text                   CODE
 0001:0006c990 000000c1H .text$yc                CODE
 0001:0006ca51 0000005aH .text$yd                CODE
 0002:00000000 000002f8H .idata$5                DATA
 0002:000002f8 00000004H .CRT$XCA                DATA
 0002:000002fc 00000004H .CRT$XCAA               DATA
 0002:00000300 00000020H .CRT$XCU                DATA
 0002:00000320 00000004H .CRT$XCZ                DATA
 0002:00000324 00000004H .CRT$XIA                DATA
 0002:00000328 00000004H .CRT$XIAA               DATA
 0002:0000032c 00000004H .CRT$XIY                DATA
 0002:00000330 00000004H .CRT$XIZ                DATA
 0002:00000340 00015f3cH .rdata                  DATA
 0002:0001627c 0000003eH .rdata$debug            DATA
 0002:000162bc 000013ccH .rdata$r                DATA
 0002:00017688 00000004H .rtc$IAA                DATA
 0002:0001768c 00000004H .rtc$IZZ                DATA
 0002:00017690 00000004H .rtc$TAA                DATA
 0002:00017694 00000004H .rtc$TZZ                DATA
 0002:00017698 00001d34H .xdata$x                DATA
 0002:000193cc 00000078H .idata$2                DATA
 0002:00019444 00000014H .idata$3                DATA
 0002:00019458 000002f8H .idata$4                DATA
 0002:00019750 00000a70H .idata$6                DATA
 0002:0001a1c0 00000000H .edata                  DATA
 0003:00000000 00008e80H .data                   DATA
 0003:00008e80 0045fc34H .bss                    DATA
 0004:00000000 00000130H .rsrc$01                DATA
 0004:00000130 00003f20H .rsrc$02                DATA

  Address         Publics by Value              Rva+Base       Lib:Object

 0000:00000000       ___safe_se_handler_count   00000000     <absolute>
 0000:00000000       ___safe_se_handler_table   00000000     <absolute>
 0000:00000000       __except_list              00000000     <absolute>
 0000:00009876       __fltused                  00009876     <absolute>
 0000:00009876       __ldused                   00009876     <absolute>
 0000:00000000       ___ImageBase               00400000     <linker-defined>
 0001:00000000       ??3@YAXPAX@Z               00401000 f i CoreMain.obj
 0001:00000009       ?appTimestamp@@YAPBDXZ     00401009 f   CoreMain.obj
 0001:00000047       ?appInit@@YAXXZ            00401047 f   CoreMain.obj
 0001:000000a0       ?appExit@@YAXXZ            004010a0 f   CoreMain.obj
 0001:000000aa       ?appMilliseconds@@YAIXZ    004010aa f   CoreWin32.obj
 0001:000000f6       ?appGetSystemErrorMessage@@YAPBDI@Z 004010f6 f   CoreWin32.obj
 0001:0000016e       ?appAllowFpuXcpt@@YAX_N@Z  0040116e f   CoreWin32.obj
 0001:000001a1       ?appShutdownPlatform@@YAXXZ 004011a1 f   CoreWin32.obj
 0001:000001aa       ?sprintf@?$TString@$0BAA@@@QAAHPBDZZ 004011aa f i CoreWin32.obj
 0001:00000345       ?appPackage@@YAPBDXZ       00401345 f   CoreWin32.obj
 0001:0000039c       ?appDisplayError@@YAXXZ    0040139c f   CoreWin32.obj
 0001:00000401       ?appInitPlatform@@YAXXZ    00401401 f   CoreWin32.obj
 0001:00000746       ?appDetectCPU@@YAXXZ       00401746 f   CoreCpuid.obj
 0001:00000750       ?appSymbolName@@YA_NIPADH@Z 00401750 f   DbgSymbols.obj
 0001:00000874       ?appSymbolName@@YAPBDI@Z   00401874 f   DbgSymbols.obj
 0001:000008ac       ?appLoadDebugSymbols@@YAXXZ 004018ac f   DbgSymbols.obj
 0001:000009ff       ?osGetAddressPackage@@YA_NIPADHAAH@Z 004019ff f   DbgSymbolsWin32.obj
 0001:00000a97       ?osGetAddressSymbol@@YA_NIPADHAAH@Z 00401a97 f   DbgSymbolsWin32.obj
 0001:00000bfe       ?Link@FMemHeader@@QAEXXZ   00401bfe f i Memory.obj
 0001:00000c1d       ?Unlink@FMemHeader@@QAEXXZ 00401c1d f i Memory.obj
 0001:00000c48       ?Link@CMemoryChain@@AAEXXZ 00401c48 f   Memory.obj
 0001:00000c67       ?Unlink@CMemoryChain@@AAEXXZ 00401c67 f   Memory.obj
 0001:00000c92       ??3CMemoryChain@@SAXPAX@Z  00401c92 f   Memory.obj
 0001:00000cee       ?GetSize@CMemoryChain@@QBEHXZ 00401cee f   Memory.obj
 0001:00000d36       ??$Sign@H@@YAHH@Z          00401d36 f i Memory.obj
 0001:00000d4e       ?appFree@@YAXPAX@Z         00401d4e f   Memory.obj
 0001:00000da8       ??2CMemoryChain@@SAPAXIH@Z 00401da8 f   Memory.obj
 0001:00000e47       ?Alloc@CMemoryChain@@QAEPAXIH@Z 00401e47 f   Memory.obj
 0001:00000ede       ?BuildAllocatorsTable@@YAHPAXH@Z 00401ede f   Memory.obj
 0001:00001368       ?appMalloc@@YAPAXIH@Z      00402368 f   Memory.obj
 0001:000014ba       ?appInitMemory@@YAXXZ      004024ba f   Memory.obj
 0001:00001502       ?Flush@COutputDevice@@UAEXXZ 00402502 f i OutputDevice.obj
 0001:00001502       ?Close@COutputDevice@@UAEXXZ 00402502 f i OutputDevice.obj
 0001:00001502       ?Show@CSunLight@OpenGLDrv@@UBEXXZ 00402502 f i gl_bspmodel.obj
 0001:00001502       _jpeg_mem_term             00402502 f i libs-vc-win32:jmemnobs.obj
 0001:00001503       ?Write@COutputDeviceNull@@UAEXPBD@Z 00402503 f i OutputDevice.obj
 0001:00001503       ?DrawLabel@model_t@OpenGLDrv@@UAEXPAUrefEntity_t@2@@Z 00402503 f i gl_frontend.obj
 0001:00001503       ?Tesselate@surfaceNull_t@OpenGLDrv@@UAEXAAUrefEntity_t@2@@Z 00402503 f i gl_bspmodel.obj
 0001:00001506       ??_ECOutputDeviceNull@@UAEPAXI@Z 00402506 f i OutputDevice.obj
 0001:00001506       ??_ECOutputDeviceWin32Console@@UAEPAXI@Z 00402506 f i sys_win.obj
 0001:00001506       ??_GCOutputDevice@@UAEPAXI@Z 00402506 f i OutputDevice.obj
 0001:00001506       ??_GCOutputDeviceWin32Console@@UAEPAXI@Z 00402506 f i sys_win.obj
 0001:00001506       ??_GCOutputDeviceNull@@UAEPAXI@Z 00402506 f i OutputDevice.obj
 0001:00001506       ??_ECOutputDeviceLog@@UAEPAXI@Z 00402506 f i OutputDevice.obj
 0001:00001506       ??_GCOutputDeviceLog@@UAEPAXI@Z 00402506 f i OutputDevice.obj
 0001:00001506       ??_ECOutputDevice@@UAEPAXI@Z 00402506 f i OutputDevice.obj
 0001:00001526       ?Printf@COutputDevice@@QAAXPBDZZ 00402526 f   OutputDevice.obj
 0001:000015a5       ?Register@COutputDevice@@QAEXXZ 004025a5 f   OutputDevice.obj
 0001:000015fe       ?Unregister@COutputDevice@@QAEXXZ 004025fe f   OutputDevice.obj
 0001:00001643       ?appPrintf@@YAXPBDZZ       00402643 f   OutputDevice.obj
 0001:0000177e       ?appWPrintf@@YAXPBDZZ      0040277e f   OutputDevice.obj
 0001:000017db       ?Write@COutputDeviceLog@@UAEXPBD@Z 004027db f i OutputDevice.obj
 0001:0000180f       ?Write@COutputDeviceFile@@UAEXPBD@Z 0040280f f i ErrorMgr.obj
 0001:00001866       ?Flush@COutputDeviceFile@@UAEXXZ 00402866 f i ErrorMgr.obj
 0001:00001876       ?Open@COutputDeviceFile@@QAEXPBD_N@Z 00402876 f i ErrorMgr.obj
 0001:000018bc       ?Close@COutputDeviceFile@@UAEXXZ 004028bc f i ErrorMgr.obj
 0001:000018d4       ??1COutputDeviceMemTail@@UAE@XZ 004028d4 f i ErrorMgr.obj
 0001:000018f3       ?GetTail@COutputDeviceMemTail@@QAEPBDH@Z 004028f3 f i ErrorMgr.obj
 0001:0000191d       ?Write@COutputDeviceMemTail@@UAEXPBD@Z 0040291d f i ErrorMgr.obj
 0001:00001a12       ??_ECOutputDeviceMemTail@@UAEPAXI@Z 00402a12 f i ErrorMgr.obj
 0001:00001a12       ??_GCOutputDeviceMemTail@@UAEPAXI@Z 00402a12 f i ErrorMgr.obj
 0001:00001a31       ?appGetErrorLog@@YAPAVCOutputDevice@@XZ 00402a31 f   ErrorMgr.obj
 0001:00001a95       ?sprintf@?$TString@$0CAA@@@QAAHPBDZZ 00402a95 f i ErrorMgr.obj
 0001:00001abc       ??1COutputDeviceFile@@UAE@XZ 00402abc f i ErrorMgr.obj
 0001:00001ad9       ??_ECOutputDeviceFile@@UAEPAXI@Z 00402ad9 f i ErrorMgr.obj
 0001:00001ad9       ??_GCOutputDeviceFile@@UAEPAXI@Z 00402ad9 f i ErrorMgr.obj
 0001:00001af8       ?appBeginError@@YAPAVCOutputDevice@@PBD@Z 00402af8 f   ErrorMgr.obj
 0001:00001c2d       ?appFatalError@@YAXPBDZZ   00402c2d f   ErrorMgr.obj
 0001:00001c84       ?appNonFatalError@@YAXPBDZZ 00402c84 f   ErrorMgr.obj
 0001:00001ce6       ?appUnwindPrefix@@YAXPBD@Z 00402ce6 f   ErrorMgr.obj
 0001:00001d3f       ?appUnwindThrow@@YAXPBDZZ  00402d3f f   ErrorMgr.obj
 0001:00001daf       ?Reset@CErrorHandler@@QAEXXZ 00402daf f   ErrorMgr.obj
 0001:00001e87       ?appInitError@@YAXXZ       00402e87 f   ErrorMgr.obj
 0001:00001eb7       ?appShutdownError@@YAXXZ   00402eb7 f   ErrorMgr.obj
 0001:00001f41       ?sprintf@?$TString@$0EAA@@@QAAHPBDZZ 00402f41 f i ExceptHandlerWin32.obj
 0001:00001f68       ?win32ExceptFilter@@YGJPAU_EXCEPTION_POINTERS@@@Z 00402f68 f   ExceptHandlerWin32.obj
 0001:00002106       ?win32ExceptFilter2@@YAIXZ 00403106 f   ExceptHandlerWin32.obj
 0001:0000219c       ?DumpRegs@@YAXPAVCOutputDevice@@PAU_CONTEXT@@@Z 0040319c f   ExceptDumpers.obj
 0001:000022a5       ?DumpMem@@YAXPAVCOutputDevice@@PBIPAU_CONTEXT@@@Z 004032a5 f   ExceptDumpers.obj
 0001:00002485       ?UnwindEbpFrame@@YAXPAVCOutputDevice@@PBI@Z 00403485 f   ExceptDumpers.obj
 0001:0000252e       ?GetLine@CSimpleParser@@QAEPBDXZ 0040352e f   ScriptParser.obj
 0001:00002644       ?SkipBraces@CSimpleParser@@QAEPBDXZ 00403644 f   ScriptParser.obj
 0001:00002678       ?appStricmp@@YAHPBD0@Z     00403678 f   Strings.obj
 0001:000026b3       ?appStrncpylwr@@YAXPADPBDH@Z 004036b3 f   Strings.obj
 0001:000026e6       ?appStrncpyz@@YAXPADPBDH@Z 004036e6 f   Strings.obj
 0001:0000270d       ?appStrcatn@@YAXPADHPBD@Z  0040370d f   Strings.obj
 0001:00002739       ?appCopyFilename@@YAXPADPBDH@Z 00403739 f   Strings.obj
 0001:00002847       ?appCStrlen@@YAHPBD@Z      00403847 f   Strings.obj
 0001:0000286d       ?appUncolorizeString@@YAXPADPBD@Z 0040386d f   Strings.obj
 0001:0000289d       ?va@@YAPBDPBDZZ            0040389d f   Strings.obj
 0001:00002968       ?appSprintf@@YAHPADHPBDZZ  00403968 f   Strings.obj
 0001:000029d6       ?appIsWildcard@@YA_NPBD@Z  004039d6 f   Strings.obj
 0001:00002a02       ?appStrdup@@YAPADPBD@Z     00403a02 f   Strings.obj
 0001:00002a37       ?appStrdup@@YAPADPBDPAVCMemoryChain@@@Z 00403a37 f   Strings.obj
 0001:00002a68       ??0CStringItem@@QAE@XZ     00403a68 f   Strings.obj
 0001:00002a73       ??2CStringItem@@SAPAXIPBDPAVCMemoryChain@@@Z 00403a73 f   Strings.obj
 0001:00002ac7       ?Find@CStringList@@IAEPAVCStringItem@@PBDPAPAV2@@Z 00403ac7 f   Strings.obj
 0001:00002b34       ?Find@CStringList@@IAEPAVCStringItem@@H@Z 00403b34 f   Strings.obj
 0001:00002b7b       ?IndexOf@CStringList@@QAEHPBD@Z 00403b7b f   Strings.obj
 0001:00002bdf       ?Remove@CStringList@@QAE_NPAVCStringItem@@@Z 00403bdf f   Strings.obj
 0001:00002c41       ?appMatchWildcard@@YA_NPBD0_N@Z 00403c41 f   Strings.obj
 0001:00002e5b       ??2CStringItem@@SAPAXIPBD@Z 00403e5b f   Strings.obj
 0001:00002ec6       ?Enumerate@CTextContainer@@QAEXP6AXPBUCTextRec@@@Z@Z 00403ec6 f   TextContainer.obj
 0001:00002f10       ?Add@CTextContainer@@QAEPAUCTextRec@@PBD@Z 00403f10 f   TextContainer.obj
 0001:00002f9a       ??_GCFile@@UAEPAXI@Z       00403f9a f i FileSystem.obj
 0001:00002f9a       ??_ECFile@@UAEPAXI@Z       00403f9a f i FileSystem.obj
 0001:00002fba       ??_GCFileContainerOS@@UAEPAXI@Z 00403fba f i FileSystem.obj
 0001:00002fba       ??_ECFileContainerOS@@UAEPAXI@Z 00403fba f i FileSystem.obj
 0001:00002fba       ??_GCFileContainer@@UAEPAXI@Z 00403fba f i FileSystem.obj
 0001:00002fba       ??_ECFileContainer@@UAEPAXI@Z 00403fba f i FileSystem.obj
 0001:00002fda       ??0CFileContainerOS@@QAE@XZ 00403fda f i FileSystem.obj
 0001:00002ff6       ?GetType@CFileContainerOS@@MAEPBDXZ 00403ff6 f i FileSystem.obj
 0001:00002ffc       ?FileExists@CFileContainerOS@@UAE_NPBD@Z 00403ffc f i FileSystem.obj
 0001:00003026       ?List@CFileContainerOS@@UAEXAAVCFileList@@PBDI@Z 00404026 f i FileSystem.obj
 0001:00003066       ?SubtractPath@@YAPBDPBD0@Z 00404066 f   FileSystem.obj
 0001:0000312a       ??1CFileOS@@UAE@XZ         0040412a f i FileSystem.obj
 0001:0000314a       ?Read@CFileOS@@UAEHPAXH@Z  0040414a f i FileSystem.obj
 0001:00003171       ?GetSize@CFileOS@@UAEHXZ   00404171 f i FileSystem.obj
 0001:000031bc       ?Eof@CFileOS@@UAE_NXZ      004041bc f i FileSystem.obj
 0001:000031d5       ??_GCFileOS@@UAEPAXI@Z     004041d5 f i FileSystem.obj
 0001:000031d5       ??_ECFileOS@@UAEPAXI@Z     004041d5 f i FileSystem.obj
 0001:000031f4       ?ReadByte@CFile@@QAEEXZ    004041f4 f   FileSystem.obj
 0001:0000320c       ?ReadInt@CFile@@QAEHXZ     0040420c f   FileSystem.obj
 0001:00003224       ?ReadString@CFile@@QAEXPADH@Z 00404224 f   FileSystem.obj
 0001:0000325f       ?GetType@CFileContainer@@MAEPBDXZ 0040425f f   FileSystem.obj
 0001:00003265       ?Umount@CFileSystem@@QAEXAAVCFileContainer@@@Z 00404265 f   FileSystem.obj
 0001:00003297       ?RegisterFormat@CFileSystem@@SAXP6APAVCFileContainer@@PBDPAU_iobuf@@@Z@Z 00404297 f   FileSystem.obj
 0001:000033e1       ?InsertFirst@?$TList@VCFileContainer@@@@QAEXPAVCFileContainer@@@Z 004043e1 f i FileSystem.obj
 0001:000033fd       ?appMakeDirectoryForFile@@YAXPBD@Z 004043fd f   FileSystem.obj
 0001:00003448       ?appOpenFile@@YAPAVCFile@@PBD@Z 00404448 f   FileSystem.obj
 0001:00003485       ?Mount@CFileSystem@@QAEXAAVCFileContainer@@PBD@Z 00404485 f   FileSystem.obj
 0001:000034d2       ?MountDirectory@CFileSystem@@QAEPAVCFileContainer@@PBD0@Z 004044d2 f   FileSystem.obj
 0001:00003509       ?MountArchive@CFileSystem@@QAEPAVCFileContainer@@PBD0@Z 00404509 f   FileSystem.obj
 0001:00003608       ?Umount@CFileSystem@@QAEXPBD@Z 00404608 f   FileSystem.obj
 0001:0000369e       ?List@CFileSystem@@UAEPAVCFileList@@PBDIPAV2@@Z 0040469e f   FileSystem.obj
 0001:00003872       ?FileExists@CFileSystem@@UAE_NPBDI@Z 00404872 f   FileSystem.obj
 0001:00003907       ?OpenFile@CFileSystem@@UAEPAVCFile@@PBDI@Z 00404907 f   FileSystem.obj
 0001:000039c1       ?LoadFile@CFileSystem@@QAEPAXPBDPAI@Z 004049c1 f   FileSystem.obj
 0001:00003a67       ?cUmount@@YAX_NHPAPAD@Z    00404a67 f   FileSystem.obj
 0001:00003d30       ?OpenFile@CFileContainerOS@@UAEPAVCFile@@PBD@Z 00404d30 f i FileSystem.obj
 0001:00003d50       ?Mount@CFileSystem@@QAEXPBD0@Z 00404d50 f   FileSystem.obj
 0001:00003fb8       ?cMount@@YAX_NHPAPAD@Z     00404fb8 f   FileSystem.obj
 0001:000040c2       ?appInitFileSystem@@YAXAAVCFileSystem@@@Z 004050c2 f   FileSystem.obj
 0001:00004138       ?appFileType@@YAIPBD@Z     00405138 f   FileSystemWin32.obj
 0001:00004195       ?appListDirectory@@YAXPBDAAVCFileList@@I@Z 00405195 f   FileSystemWin32.obj
 0001:0000437f       ?appMakeDirectory@@YAXPBD@Z 0040537f f   FileSystemWin32.obj
 0001:000043fd       ??E?$TStringSplitter@$0BAA@$0CP@@@QAEXXZ 004053fd f i FileContainerArc.obj
 0001:00004476       ?FindDir@CFileContainerArc@@IAEPAVFDirInfo@1@PBD_N@Z 00405476 f   FileContainerArc.obj
 0001:0000453b       ?FindFile@CFileContainerArc@@IAEPAVCStringItem@@PBD@Z 0040553b f   FileContainerArc.obj
 0001:000045bb       ?FileExists@CFileContainerArc@@UAE_NPBD@Z 004055bb f   FileContainerArc.obj
 0001:000045d0       ?OpenFile@CFileContainerArc@@UAEPAVCFile@@PBD@Z 004055d0 f   FileContainerArc.obj
 0001:000045ef       ?List@CFileContainerArc@@UAEXAAVCFileList@@PBDI@Z 004055ef f   FileContainerArc.obj
 0001:000047a4       _atan2f                    004057a4 f i Math3D.obj
 0001:000047c7       _cosf                      004057c7 f i Math3D.obj
 0001:000047e1       _sinf                      004057e1 f i Math3D.obj
 0001:000047fb       _sqrtf                     004057fb f i Math3D.obj
 0001:00004815       ?atan2@@YAMMM@Z            00405815 f i Math3D.obj
 0001:0000482e       ?dot@@YAMABUCVec3@@0@Z     0040582e f i Math3D.obj
 0001:00004853       ?VectorSubtract@@YAXABUCVec3@@0AAU1@@Z 00405853 f i Math3D.obj
 0001:00004879       ?VectorMA@@YAXABUCVec3@@M0AAU1@@Z 00405879 f i Math3D.obj
 0001:000048a8       ?VectorMA@@YAXAAUCVec3@@MABU1@@Z 004058a8 f i Math3D.obj
 0001:000048d4       ?GetLength@CVec3@@QBEMXZ   004058d4 f   Math3D.obj
 0001:000048f3       ?Normalize@CVec3@@QAEMXZ   004058f3 f   Math3D.obj
 0001:0000494e       ?VectorNormalize@@YAMABUCVec3@@AAU1@@Z 0040594e f   Math3D.obj
 0001:000049ba       ?NormalizeFast@CVec3@@QAEMXZ 004059ba f   Math3D.obj
 0001:00004a09       ?cross@@YAXABUCVec3@@0AAU1@@Z 00405a09 f   Math3D.obj
 0001:00004a45       ?VectorDistance@@YAMABUCVec3@@0@Z 00405a45 f   Math3D.obj
 0001:00004a74       ?Setup@CPlane@@QAEXXZ      00405a74 f   Math3D.obj
 0001:00004b3f       ?Clear@CBox@@QAEXXZ        00405b3f f   Math3D.obj
 0001:00004b5d       ?Expand@CBox@@QAEXABUCVec3@@@Z 00405b5d f   Math3D.obj
 0001:00004b9d       ?Expand@CBox@@QAEXABU1@@Z  00405b9d f   Math3D.obj
 0001:00004be7       ?GetCenter@CBox@@QBEXAAUCVec3@@@Z 00405be7 f   Math3D.obj
 0001:00004c0a       ?Contains@CBox@@QBE_NABUCVec3@@@Z 00405c0a f   Math3D.obj
 0001:00004c46       ?Intersects@CBox@@QBE_NABU1@@Z 00405c46 f   Math3D.obj
 0001:00004c8b       ?OnPlaneSide@CBox@@QBEHABUCPlane@@@Z 00405c8b f   Math3D.obj
 0001:00004dc7       ?TransformVector@CAxis@@QBEXABUCVec3@@AAU2@@Z 00405dc7 f   Math3D.obj
 0001:00004e03       ?UnTransformVector@CAxis@@QBEXABUCVec3@@AAU2@@Z 00405e03 f   Math3D.obj
 0001:00004e6a       ?UnTransformAxis@CAxis@@QBEXABU1@AAU1@@Z 00405e6a f   Math3D.obj
 0001:00004ec6       ?TransformPoint@CCoords@@QBEXABUCVec3@@AAU2@@Z 00405ec6 f   Math3D.obj
 0001:00004f39       ?UnTransformPoint@CCoords@@QBEXABUCVec3@@AAU2@@Z 00405f39 f   Math3D.obj
 0001:00004f98       ?UnTransformCoords@CCoords@@QBEXABU1@AAU1@@Z 00405f98 f   Math3D.obj
 0001:00004fc4       ?TransformPlane@CCoords@@QBEXABUCPlane@@AAU2@@Z 00405fc4 f   Math3D.obj
 0001:00005001       ?TransformPoint@@YAXABUCVec3@@ABUCAxis@@0AAU1@@Z 00406001 f   Math3D.obj
 0001:00005077       ?UnTransformPoint@@YAXABUCVec3@@ABUCAxis@@0AAU1@@Z 00406077 f   Math3D.obj
 0001:000050d4       ?Euler2Vecs@@YAXABUCVec3@@PAU1@11@Z 004060d4 f   Math3D.obj
 0001:00005268       ?Vec2Euler@@YAXABUCVec3@@AAU1@@Z 00406268 f   Math3D.obj
 0001:000053ad       ?Vec2Yaw@@YAMABUCVec3@@@Z  004063ad f   Math3D.obj
 0001:00005446       ?FindAxisVectors@CVec3@@QBEXAAU1@0@Z 00406446 f   Math3D.obj
 0001:000054a5       ?FromEuler@CAxis@@QAEXABUCVec3@@@Z 004064a5 f   Math3D.obj
 0001:000054e4       ?appRsqrt@@YAMM@Z          004064e4 f   MathMisc.obj
 0001:0000551d       ?NormalizeColor@@YAMABUCVec3@@AAU1@@Z 0040651d f   MathMisc.obj
 0001:00005596       ?NormalizeColor255@@YAMABUCVec3@@AAU1@@Z 00406596 f   MathMisc.obj
 0001:0000585a       ?SCR_StopCinematic@@YAXXZ  0040685a f   cl_cin.obj
 0001:00005b64       ?sprintf@?$TString@$0EA@@@QAAHPBDZZ 00406b64 f i cl_cin.obj
 0001:00005b85       ?SCR_DrawCinematic@@YA_NXZ 00406b85 f   cl_cin.obj
 0001:00005bfc       ?SCR_PlayCinematic@@YAXPBD@Z 00406bfc f   cl_cin.obj
 0001:00005e26       ?sprintf@?$TString@$0IA@@@QAAHPBDZZ 00406e26 f i cl_download.obj
 0001:000060e6       ?CL_Download_f@@YAX_NHPAPAD@Z 004070e6 f   cl_download.obj
 0001:00006780       ?CL_Precache_f@@YAXHPAPAD@Z 00407780 f   cl_download.obj
 0001:000067da       ?CL_ParseDownload@@YAXXZ   004077da f   cl_download.obj
 0001:00006970       _fabsf                     00407970 f i cl_ents.obj
 0001:0000698a       ?Lerp@@YAXABUCVec3@@0MAAU1@@Z 0040798a f i cl_ents.obj
 0001:000069c1       ?VectorAdd@@YAXABUCVec3@@0AAU1@@Z 004079c1 f i cl_ents.obj
 0001:000069e7       ?frand@@YAMXZ              004079e7 f i cl_ents.obj
 0001:00006a05       ?CL_ParseDelta@@YAXPAUclEntityState_t@@0HI_N@Z 00407a05 f   cl_ents.obj
 0001:00006f65       ?CL_ParseFrame@@YAXXZ      00407f65 f   cl_ents.obj
 0001:0000733f       ?CL_AddEntityBox@@YAXPAUclEntityState_t@@I@Z 0040833f f   cl_ents.obj
 0001:000074b8       ?OffsetThirdPersonView@@YAXXZ 004084b8 f   cl_ents.obj
 0001:000084ae       ?CL_AddEntities@@YAXXZ     004094ae f   cl_ents.obj
 0001:000085ba       _fmodf                     004095ba f i cl_fx.obj
 0001:000085dd       ?fmod@@YAMMM@Z             004095dd f i cl_fx.obj
 0001:000085f6       ?Add@CVec3@@QAEXABU1@@Z    004095f6 f i cl_fx.obj
 0001:00008618       ?CL_SetLightstyle@@YAXHPBD@Z 00409618 f   cl_fx.obj
 0001:0000867a       ?CL_AllocDlight@@YAPAUcdlight_t@@HABUCVec3@@@Z 0040967a f   cl_fx.obj
 0001:000087b4       ?CL_AllocParticleTrace@@YAPAUparticleTrace_t@@ABUCVec3@@0MM@Z 004097b4 f   cl_fx.obj
 0001:0000894f       ?CL_AllocParticleBeam@@YAPAUbeam_t@@ABUCVec3@@0MM@Z 0040994f f   cl_fx.obj
 0001:000089c3       ?CL_AllocParticle@@YAPAUparticle_t@@XZ 004099c3 f   cl_fx.obj
 0001:00008a14       ?CL_MetalSparks@@YAXABUCVec3@@0H@Z 00409a14 f   cl_fx.obj
 0001:00008af4       ?CL_ClearEffects@@YAXXZ    00409af4 f   cl_fx.obj
 0001:00008b0e       ?CL_BigTeleportParticles@@YAXABUCVec3@@@Z 00409b0e f   cl_fx.obj
 0001:00008c70       ?CL_BfgParticles@@YAXABUCVec3@@@Z 00409c70 f   cl_fx.obj
 0001:00008de4       ?CL_FlyEffect@@YAXAAUcentity_t@@@Z 00409de4 f   cl_fx.obj
 0001:00008f96       ?CL_IonripperTrail@@YAXAAUcentity_t@@@Z 00409f96 f   cl_fx.obj
 0001:000090e8       ?CL_TeleportParticles@@YAXABUCVec3@@@Z 0040a0e8 f   cl_fx.obj
 0001:0000923c       ?CL_Heatbeam@@YAXABUCVec3@@0@Z 0040a23c f   cl_fx.obj
 0001:000094fa       ?CL_ParticleSteamEffect@@YAXABUCVec3@@0HHH@Z 0040a4fa f   cl_fx.obj
 0001:0000962c       ?CL_ParticleSmokeEffect@@YAXABUCVec3@@0@Z 0040a62c f   cl_fx.obj
 0001:00009741       ?CL_TrackerTrail@@YAXAAUcentity_t@@@Z 0040a741 f   cl_fx.obj
 0001:000098b9       ?CL_TrackerShell@@YAXABUCVec3@@@Z 0040a8b9 f   cl_fx.obj
 0001:0000994f       ?CL_MonsterPlasmaShell@@YAXABUCVec3@@@Z 0040a94f f   cl_fx.obj
 0001:000099e2       ?CL_WidowSplash@@YAXABUCVec3@@@Z 0040a9e2 f   cl_fx.obj
 0001:00009ab9       ?CL_ClearLightStyles@@YAXXZ 0040aab9 f   cl_fx.obj
 0001:0000a0c5       ?CL_AddEffects@@YAXXZ      0040b0c5 f   cl_fx.obj
 0001:0000a408       ?CL_ParticleEffect@@YAXABUCVec3@@0HH@Z 0040b408 f   cl_fx.obj
 0001:0000a432       ?CL_ParticleEffect2@@YAXABUCVec3@@0HH@Z 0040b432 f   cl_fx.obj
 0001:0000a45c       ?CL_ParticleEffect3@@YAXABUCVec3@@0HH@Z 0040b45c f   cl_fx.obj
 0001:0000a486       ?CL_TeleporterParticles@@YAXPAUclEntityState_t@@@Z 0040b486 f   cl_fx.obj
 0001:0000a4a9       ?CL_LogoutEffect@@YAXABUCVec3@@H@Z 0040b4a9 f   cl_fx.obj
 0001:0000a4e3       ?CL_ItemRespawnParticles@@YAXABUCVec3@@@Z 0040b4e3 f   cl_fx.obj
 0001:0000a503       ?CL_ExplosionParticles@@YAXABUCVec3@@@Z 0040b503 f   cl_fx.obj
 0001:0000a526       ?CL_BFGExplosionParticles@@YAXABUCVec3@@@Z 0040b526 f   cl_fx.obj
 0001:0000a549       ?CL_TrackerExplosionParticles@@YAXABUCVec3@@@Z 0040b549 f   cl_fx.obj
 0001:0000a56c       ?CL_BlasterParticles@@YAXABUCVec3@@0I@Z 0040b56c f   cl_fx.obj
 0001:0000a595       ?CL_BlasterTrail@@YAXAAUcentity_t@@@Z 0040b595 f   cl_fx.obj
 0001:0000a5ab       ?CL_BlasterTrail2@@YAXAAUcentity_t@@@Z 0040b5ab f   cl_fx.obj
 0001:0000a5c1       ?CL_FlagTrail@@YAXAAUcentity_t@@H@Z 0040b5c1 f   cl_fx.obj
 0001:0000a5df       ?CL_BubbleTrail@@YAXABUCVec3@@0@Z 0040b5df f   cl_fx.obj
 0001:0000a5fb       ?CL_BubbleTrail2@@YAXABUCVec3@@0@Z 0040b5fb f   cl_fx.obj
 0001:0000a617       ?CL_TagTrail@@YAXAAUcentity_t@@@Z 0040b617 f   cl_fx.obj
 0001:0000a62d       ?CL_DebugTrail@@YAXABUCVec3@@0@Z 0040b62d f   cl_fx.obj
 0001:0000a649       ?CL_ForceWall@@YAXABUCVec3@@0H@Z 0040b649 f   cl_fx.obj
 0001:0000a66d       ?CL_DiminishingTrail@@YAXAAUcentity_t@@H@Z 0040b66d f   cl_fx.obj
 0001:0000a7eb       ?CL_RailTrail@@YAXABUCVec3@@0@Z 0040b7eb f   cl_fx.obj
 0001:0000a96b       ?CL_RailTrailExt@@YAXABUCVec3@@0EE@Z 0040b96b f   cl_fx.obj
 0001:0000aab3       ?CL_TrapParticles@@YAXABUCVec3@@@Z 0040bab3 f   cl_fx.obj
 0001:0000ac44       ?CL_EntityEvent@@YAXPAUclEntityState_t@@@Z 0040bc44 f   cl_fx.obj
 0001:0000adf1       ?CL_ParseMuzzleFlash@@YAXXZ 0040bdf1 f   cl_fx.obj
 0001:0000b140       ?CL_ParseMuzzleFlash2@@YAXXZ 0040c140 f   cl_fx.obj
 0001:0000b5de       ?CL_RocketTrail@@YAXAAUcentity_t@@@Z 0040c5de f   cl_fx.obj
 0001:0000bd70       ?CL_InitInput@@YAXXZ       0040cd70 f   cl_input.obj
 0001:0000bf7d       ?CL_SendCmd@@YAXXZ         0040cf7d f   cl_input.obj
 0001:0000c29f       ?CL_WriteDemoMessage@@YAXXZ 0040d29f f   cl_main.obj
 0001:0000c33d       ?CL_Pause@@YAX_N@Z         0040d33d f   cl_main.obj
 0001:0000c399       ?CL_SendConnectPacket@@YAXXZ 0040d399 f   cl_main.obj
 0001:0000c3ff       ?CL_Disconnect_f@@YAXXZ    0040d3ff f   cl_main.obj
 0001:0000c40a       ?CL_Changing_f@@YAXXZ      0040d40a f   cl_main.obj
 0001:0000c432       ?CL_PingServers_f@@YAXXZ   0040d432 f   cl_main.obj
 0001:0000c6fa       ?CL_ConnectionlessPacket@@YAXXZ 0040d6fa f   cl_main.obj
 0001:0000c7d5       ?CL_Userinfo_f@@YAXXZ      0040d7d5 f   cl_main.obj
 0001:0000c7f0       ?CL_RegisterSounds@@YAXXZ  0040d7f0 f   cl_main.obj
 0001:0000c82e       ?CL_Snd_Restart_f@@YAXXZ   0040d82e f   cl_main.obj
 0001:0000c83d       ?CL_FixCvarCheats@@YAXXZ   0040d83d f   cl_main.obj
 0001:0000c88e       ?CL_ClearState@@YAXXZ      0040d88e f   cl_main.obj
 0001:0000c8d7       ??0COutputDeviceFile@@QAE@PBD_N@Z 0040d8d7 f i cl_main.obj
 0001:0000cdbf       ?Cmd_ForwardToServer@@YAXHPAPAD@Z 0040ddbf f   cl_main.obj
 0001:0000ce08       ?CL_ForwardToServer_f@@YAXHPAPAD@Z 0040de08 f   cl_main.obj
 0001:0000cf77       ?CL_Rcon_f@@YAXHPAPAD@Z    0040df77 f   cl_main.obj
 0001:0000d074       ?CL_Disconnect@@YAXXZ      0040e074 f   cl_main.obj
 0001:0000d1a5       ?CL_Reconnect_f@@YAXXZ     0040e1a5 f   cl_main.obj
 0001:0000d385       ?CL_WriteConfiguration@@YAXPBD@Z 0040e385 f   cl_main.obj
 0001:0000d46a       ?CL_WriteConfig_f@@YAX_NHPAPAD@Z 0040e46a f   cl_main.obj
 0001:0000d4f4       ?CL_Frame@@YAXMM@Z         0040e4f4 f   cl_main.obj
 0001:0000d6ba       ?CL_Shutdown@@YAXXZ        0040e6ba f   cl_main.obj
 0001:0000d716       ?CL_Drop@@YAX_N@Z          0040e716 f   cl_main.obj
 0001:0000d740       ?CL_Connect_f@@YAX_NHPAPAD@Z 0040e740 f   cl_main.obj
 0001:0000d902       ?CL_Init@@YAXXZ            0040e902 f   cl_main.obj
 0001:0000dca4       ?CL_ParseClientinfo@@YAXH@Z 0040eca4 f   cl_parse.obj
 0001:0000dd5c       ?CL_UpdatePlayerClientInfo@@YAXXZ 0040ed5c f   cl_parse.obj
 0001:0000df17       ?CL_ParseServerMessage@@YAXXZ 0040ef17 f   cl_parse.obj
 0001:0000e253       ?GetAnim@entityStateEx_t@@QBEXAAH00AAM@Z 0040f253 f i cl_playermodel.obj
 0001:0000e29d       ?FreePlayerModelsInfo@@YAXXZ 0040f29d f   cl_playermodel.obj
 0001:0000e693       ?RunAnimation@@YAXAAUclientInfo_t@@AAUanimState_t@@H@Z 0040f693 f   cl_playermodel.obj
 0001:0000eb85       ?toLower@?$TString@$0CA@@@QAEXPBDH@Z 0040fb85 f i cl_playermodel.obj
 0001:0000f34b       ?ParsePlayerEntity@@YAHAAUcentity_t@@AAUclientInfo_t@@PAUclEntityState_t@@ABUentity_t@@PAU4@HH@Z 0041034b f   cl_playermodel.obj
 0001:0000fbe3       ?CL_LoadClientinfo@@YAXAAUclientInfo_t@@PBD_N@Z 00410be3 f   cl_playermodel.obj
 0001:0000fe94       ?CreateAndInsert@?$TList@VCStringItem@@@@QAEPAVCStringItem@@PBDPAVCMemoryChain@@@Z 00410e94 f i cl_playermodel.obj
 0001:0001020d       ?ScanPlayerModels@@YA_NXZ  0041120d f   cl_playermodel.obj
 0001:00010269       ?CL_CheckPredictionError@@YAXXZ 00411269 f   cl_pred.obj
 0001:000103de       ?CL_EntityTrace@@YAXAAUtrace_t@@ABUCVec3@@1ABUCBox@@H@Z 004113de f   cl_pred.obj
 0001:0001070c       ?CL_Trace@@YAXAAUtrace_t@@ABUCVec3@@1ABUCBox@@H@Z 0041170c f   cl_pred.obj
 0001:00010856       ?CL_PMpointcontents@@YAHABUCVec3@@@Z 00411856 f   cl_pred.obj
 0001:000109d2       ?CL_PredictMovement@@YAXXZ 004119d2 f   cl_pred.obj
 0001:00010c80       ?DrawString@@YAXHHPBD@Z    00411c80 f   cl_scrn.obj
 0001:00010cc4       ?SCR_DebugGraph@@YAXMH@Z   00411cc4 f   cl_scrn.obj
 0001:00010ddb       ?SCR_CenterPrint@@YAXPBD@Z 00411ddb f   cl_scrn.obj
 0001:00011049       ?Key_Message@@YAXH@Z       00412049 f   cl_scrn.obj
 0001:00011108       ?SCR_ShowConsole@@YAX_N0@Z 00412108 f   cl_scrn.obj
 0001:000111b5       ?SCR_ToggleConsole@@YAXXZ  004121b5 f   cl_scrn.obj
 0001:00011371       ?sprintf@?$TString@$0BA@@@QAAHPBDZZ 00412371 f i cl_scrn.obj
 0001:00011392       ?SCR_EndLoadingPlaque@@YAX_N@Z 00412392 f   cl_scrn.obj
 0001:000123fb       ?SCR_TouchPics@@YAXXZ      004133fb f   cl_scrn.obj
 0001:0001244f       ?SCR_Init@@YAXXZ           0041344f f   cl_scrn.obj
 0001:00012515       ?SCR_UpdateScreen@@YAXXZ   00413515 f   cl_scrn.obj
 0001:000126e3       ?SCR_BeginLoadingPlaque@@YAX_N@Z 004136e3 f   cl_scrn.obj
 0001:0001275b       ?SCR_LoadingNotify@@YAXPBDM@Z 0041375b f   cl_scrn.obj
 0001:00012784       ?SCR_SetLevelshot@@YAXPBD@Z 00413784 f   cl_scrn.obj
 0001:00012893       _acosf                     00413893 f i cl_tent.obj
 0001:000128ad       ?CL_RegisterTEntSounds@@YAXXZ 004138ad f   cl_tent.obj
 0001:00012b54       ?CL_RegisterTEntModels@@YAXXZ 00413b54 f   cl_tent.obj
 0001:00012c46       ?CL_ClearTEnts@@YAXXZ      00413c46 f   cl_tent.obj
 0001:00012fcd       ?CL_SmokeAndFlash@@YAXABUCVec3@@@Z 00413fcd f   cl_tent.obj
 0001:00013737       ?CL_ParseTEnt@@YAXXZ       00414737 f   cl_tent.obj
 0001:00014c2c       ?CL_AddTEnts@@YAXXZ        00415c2c f   cl_tent.obj
 0001:00014c6f       _atanf                     00415c6f f i cl_view.obj
 0001:00014c89       ?V_AddEntity@@YAXPAUentity_t@@@Z 00415c89 f   cl_view.obj
 0001:00014cc7       ?V_AddEntity2@@YAXPAUentity_t@@@Z 00415cc7 f   cl_view.obj
 0001:00014cf9       ?AddEntityWithEffects2@@YAXPAUentity_t@@I@Z 00415cf9 f   cl_view.obj
 0001:00014da8       ?AddEntityWithEffects@@YAXPAUentity_t@@I@Z 00415da8 f   cl_view.obj
 0001:00014e31       ?V_AddLight@@YAXABUCVec3@@MMMM@Z 00415e31 f   cl_view.obj
 0001:0001511f       ?V_InitRenderer@@YAXXZ     0041611f f   cl_view.obj
 0001:000155ea       ?CalcFov@@YAMMMM@Z         004165ea f   cl_view.obj
 0001:00015a5b       ?V_Init@@YAXXZ             00416a5b f   cl_view.obj
 0001:0001606a       ?V_RenderView@@YA_NXZ      0041706a f   cl_view.obj
 0001:000163eb       ?Con_ClearNotify@@YAXXZ    004173eb f   console.obj
 0001:000163fa       ?Con_CheckResize@@YAXXZ    004173fa f   console.obj
 0001:0001681a       ?Con_DrawNotify@@YAX_N@Z   0041781a f   console.obj
 0001:0001697d       ?Con_ClearTyping@@YAXXZ    0041797d f   console.obj
 0001:00016b3e       ?Write@COutputDeviceCon@@UAEXPBD@Z 00417b3e f   console.obj
 0001:00016b9e       ?Con_DrawConsole@@YAXM@Z   00417b9e f   console.obj
 0001:00016dfc       ?Key_Console@@YAXHH@Z      00417dfc f   console.obj
 0001:0001720f       ?Con_Init@@YAXXZ           0041820f f   console.obj
 0001:0001738c       ?Key_KeynumToString@@YAPBDH@Z 0041838c f   keys.obj
 0001:000174c7       ?Key_SetBinding@@YAXHPBD@Z 004184c7 f   keys.obj
 0001:00017502       ?Key_FindBinding@@YAHPBDPAHH@Z 00418502 f   keys.obj
 0001:00017797       ?Key_WriteBindings@@YAXPAVCOutputDevice@@@Z 00418797 f   keys.obj
 0001:000177dc       ?Key_Init@@YAXXZ           004187dc f   keys.obj
 0001:00017865       ?Key_Event@@YAXH_N@Z       00418865 f   keys.obj
 0001:00017baa       ?Key_ClearStates@@YAXXZ    00418baa f   keys.obj
 0001:00018118       ?Draw@completeMenu_t@@UAEXXZ 00419118 f i keys.obj
 0001:00018148       ?KeyDown@completeMenu_t@@UAEPBDH@Z 00419148 f i keys.obj
 0001:00018174       ?CompleteMenuCallback@completeMenu_t@@SAXPAX@Z 00419174 f i keys.obj
 0001:00018205       ?Init@completeMenu_t@@UAE_NXZ 00419205 f i keys.obj
 0001:00018324       ?CompleteCommand@@YAXXZ    00419324 f   keys.obj
 0001:000183de       ?M_Menu_Main_f@@YAXXZ      004193de f   menu.obj
 0001:000183e8       ?Init@multiplayerMenu_t@@UAE_NXZ 004193e8 f i menu.obj
 0001:00018564       ?KeyCursorDrawFunc@keysMenu_t@@SAXPAUmenuFramework_t@@@Z 00419564 f i menu.obj
 0001:000185a6       ?UnbindCommand@keysMenu_t@@QAEXPAD@Z 004195a6 f i menu.obj
 0001:00018600       ?KeyBindingFunc@keysMenu_t@@QAEXPAX@Z 00419600 f i menu.obj
 0001:00018652       ?KeyDown@keysMenu_t@@UAEPBDH@Z 00419652 f i menu.obj
 0001:00018853       ?CrosshairFunc@optionsMenu_t@@SAXPAX@Z 00419853 f i menu.obj
 0001:0001887b       ?JoystickFunc@optionsMenu_t@@SAXPAX@Z 0041987b f i menu.obj
 0001:00018890       ?AlwaysRunFunc@optionsMenu_t@@SAXPAX@Z 00419890 f i menu.obj
 0001:000188a5       ?MouseSpeedFunc@optionsMenu_t@@SAXPAX@Z 004198a5 f i menu.obj
 0001:000188cd       ?InvertMouseFunc@optionsMenu_t@@SAXPAX@Z 004198cd f i menu.obj
 0001:00018906       ?UpdateVolumeFunc@optionsMenu_t@@SAXPAX@Z 00419906 f i menu.obj
 0001:0001892e       ?UpdateCDVolumeFunc@optionsMenu_t@@SAXPAX@Z 0041992e f i menu.obj
 0001:00018948       ?SetMenuItemValues@optionsMenu_t@@SAXXZ 00419948 f i menu.obj
 0001:00018a8e       ?ResetDefaultsFunc@optionsMenu_t@@SAXPAX@Z 00419a8e f i menu.obj
 0001:00018aa3       ?UpdateSoundFunc@optionsMenu_t@@SAXPAX@Z 00419aa3 f i menu.obj
 0001:00018b65       ?ScanCrosshairs@optionsMenu_t@@SAXXZ 00419b65 f i menu.obj
 0001:00018bbd       ?Init@optionsMenu_t@@UAE_NXZ 00419bbd f i menu.obj
 0001:00018f83       ?Draw@optionsMenu_t@@UAEXXZ 00419f83 f i menu.obj
 0001:00018fe2       ?Draw@creditsMenu_t@@UAEXXZ 00419fe2 f i menu.obj
 0001:00019088       ?KeyDown@creditsMenu_t@@UAEPBDH@Z 0041a088 f i menu.obj
 0001:000190c8       ?Init@creditsMenu_t@@UAE_NXZ 0041a0c8 f i menu.obj
 0001:00019145       ?StartGame@gameMenu_t@@SAXPBD@Z 0041a145 f i menu.obj
 0001:000191a0       ?EasyGameFunc@gameMenu_t@@SAXPAX@Z 0041a1a0 f i menu.obj
 0001:000191ac       ?MediumGameFunc@gameMenu_t@@SAXPAX@Z 0041a1ac f i menu.obj
 0001:000191b8       ?HardGameFunc@gameMenu_t@@SAXPAX@Z 0041a1b8 f i menu.obj
 0001:000191c4       ?Init@gameMenu_t@@UAE_NXZ  0041a1c4 f i menu.obj
 0001:0001936e       ?Create_Savestrings@savegameMenu_t@@QAEXXZ 0041a36e f i menu.obj
 0001:0001942e       ?DrawSavegameShot@savegameMenu_t@@QAEXHH@Z 0041a42e f i menu.obj
 0001:000194fe       ?LoadGameCallback@savegameMenu_t@@SAXPAX@Z 0041a4fe f i menu.obj
 0001:0001952a       ?SaveGameCallback@savegameMenu_t@@SAXPAX@Z 0041a52a f i menu.obj
 0001:0001954c       ?Init@savegameMenu_t@@UAE_NXZ 0041a54c f i menu.obj
 0001:00019656       ?Draw@savegameMenu_t@@UAEXXZ 0041a656 f i menu.obj
 0001:000196b3       ?JoinServerFunc@joinserverMenu_t@@SAXPAX@Z 0041a6b3 f i menu.obj
 0001:00019716       ?SearchLocalGames@joinserverMenu_t@@SAXXZ 0041a716 f i menu.obj
 0001:00019782       ?Init@joinserverMenu_t@@UAE_NXZ 0041a782 f i menu.obj
 0001:000198cc       ?M_AddToServerList@@YAXUnetadr_t@@PBD@Z 0041a8cc f   menu.obj
 0001:00019945       ?RulesChangeFunc@startserverMenu_t@@SAXPAX@Z 0041a945 f i menu.obj
 0001:000199bd       ?StartServerFunc@startserverMenu_t@@SAXPBD@Z 0041a9bd f i menu.obj
 0001:00019b94       ?KeyDown@startserverMenu_t@@UAEPBDH@Z 0041ab94 f i menu.obj
 0001:00019bea       ?DownloadCallback@downloadOptionsMenu_t@@SAXPAX@Z 0041abea f i menu.obj
 0001:00019c48       ?Init@downloadOptionsMenu_t@@UAE_NXZ 0041ac48 f i menu.obj
 0001:00019e32       ?Init@addressBookMenu_t@@UAE_NXZ 0041ae32 f i menu.obj
 0001:00019edc       ?KeyDown@addressBookMenu_t@@UAEPBDH@Z 0041aedc f i menu.obj
 0001:00019f35       ?SetAnim@entityStateEx_t@@QAEXHHHM@Z 0041af35 f i menu.obj
 0001:00019f60       ?HandednessCallback@playerConfigMenu_t@@SAXPAX@Z 0041af60 f i menu.obj
 0001:00019f75       ?RTypeCallback@playerConfigMenu_t@@SAXPAX@Z 0041af75 f i menu.obj
 0001:00019f8a       ?RColorCallback@playerConfigMenu_t@@SAXPAX@Z 0041af8a f i menu.obj
 0001:00019f9f       ?RateCallback@playerConfigMenu_t@@SAXPAX@Z 0041af9f f i menu.obj
 0001:00019fc0       ?SkinCallback@playerConfigMenu_t@@SAXPAX@Z 0041afc0 f i menu.obj
 0001:00019fd2       ?KeyDown@dmbrowseMenu_t@@UAEPBDH@Z 0041afd2 f i menu.obj
 0001:0001a1a9       ?DrawThumbnail@dmbrowseMenu_t@@SAXHHHHPBD_N@Z 0041b1a9 f i menu.obj
 0001:0001a296       ?DrawScroller@dmbrowseMenu_t@@SAXHHH@Z 0041b296 f i menu.obj
 0001:0001a2c5       ?Draw@dmbrowseMenu_t@@UAEXXZ 0041b2c5 f i menu.obj
 0001:0001a3ef       ?ScreenSizeCallback@videoMenu_t@@SAXPAX@Z 0041b3ef f i menu.obj
 0001:0001a416       ?BrightnessCallback@videoMenu_t@@SAXPAX@Z 0041b416 f i menu.obj
 0001:0001a43d       ?ContrastCallback@videoMenu_t@@SAXPAX@Z 0041b43d f i menu.obj
 0001:0001a485       ?ApplyChanges@videoMenu_t@@SAXPAX@Z 0041b485 f i menu.obj
 0001:0001a653       ?CancelChanges@videoMenu_t@@SAXPAX@Z 0041b653 f i menu.obj
 0001:0001a6a0       ?Init@videoMenu_t@@UAE_NXZ 0041b6a0 f i menu.obj
 0001:0001acca       ?KeyDown@videoMenu_t@@UAEPBDH@Z 0041bcca f i menu.obj
 0001:0001ad19       ?KeyDown@quitMenu_t@@UAEPBDH@Z 0041bd19 f i menu.obj
 0001:0001ad54       ?Draw@quitMenu_t@@UAEXXZ   0041bd54 f i menu.obj
 0001:0001add1       ?M_Init@@YAXXZ             0041bdd1 f   menu.obj
 0001:0001aeef       ?M_ForceMenuOn@@YAXXZ      0041beef f   menu.obj
 0001:0001aefe       ?Draw@menuMain_t@@UAEXXZ   0041befe f i menu.obj
 0001:0001b02d       ?KeyDown@menuMain_t@@UAEPBDH@Z 0041c02d f i menu.obj
 0001:0001b0e1       ?Init@menuMain_t@@UAE_NXZ  0041c0e1 f i menu.obj
 0001:0001b0e9       ?DrawKeyBindingFunc@keysMenu_t@@SAXPAX@Z 0041c0e9 f i menu.obj
 0001:0001b1c9       ?Init@keysMenu_t@@UAE_NXZ  0041c1c9 f i menu.obj
 0001:0001b370       ?DMOptionsFunc@startserverMenu_t@@SAXPAX@Z 0041c370 f i menu.obj
 0001:0001b380       ?StartServerActionFunc@startserverMenu_t@@SAXPAX@Z 0041c380 f i menu.obj
 0001:0001b3ab       ?DMFlagCallback@dmoptionsMenu_t@@SAXPAX@Z 0041c3ab f i menu.obj
 0001:0001b577       ?Init@dmoptionsMenu_t@@UAE_NXZ 0041c577 f i menu.obj
 0001:0001bb5d       ?ModelCallback@playerConfigMenu_t@@SAXPAX@Z 0041cb5d f i menu.obj
 0001:0001bb91       ?Init@playerConfigMenu_t@@UAE_NXZ 0041cb91 f i menu.obj
 0001:0001c125       ?Draw@playerConfigMenu_t@@UAEXXZ 0041d125 f i menu.obj
 0001:0001c483       ?KeyDown@playerConfigMenu_t@@UAEPBDH@Z 0041d483 f i menu.obj
 0001:0001c551       ?Init@dmbrowseMenu_t@@UAE_NXZ 0041d551 f i menu.obj
 0001:0001c771       ?Init@startserverMenu_t@@UAE_NXZ 0041d771 f i menu.obj
 0001:0001cc68       ?ItemAtCursor@menuFramework_t@@QAEPAUmenuCommon_t@@XZ 0041dc68 f   qmenu.obj
 0001:0001d0bc       ?AddItem@menuFramework_t@@QAEXPAUmenuCommon_t@@@Z 0041e0bc f   qmenu.obj
 0001:0001d29d       ?AdjustCursor@menuFramework_t@@QAEXH@Z 0041e29d f   qmenu.obj
 0001:0001d317       ?Center@menuFramework_t@@QAEXXZ 0041e317 f   qmenu.obj
 0001:0001d393       ?SelectItem@menuFramework_t@@QAE_NXZ 0041e393 f   qmenu.obj
 0001:0001d3d2       ?SetStatusBar@menuFramework_t@@QAEXPBD@Z 0041e3d2 f   qmenu.obj
 0001:0001d8bf       ?Push@menuFramework_t@@QAEXXZ 0041e8bf f   qmenu.obj
 0001:0001d93b       ?M_ForceMenuOff@@YAXXZ     0041e93b f   qmenu.obj
 0001:0001d968       ?Pop@menuFramework_t@@QAEXXZ 0041e968 f   qmenu.obj
 0001:0001d9a2       ?Init@menuFramework_t@@UAE_NXZ 0041e9a2 f   qmenu.obj
 0001:0001d9a5       ?M_Draw@@YAXXZ             0041e9a5 f   qmenu.obj
 0001:0001d9e0       ?M_Keydown@@YAXH@Z         0041e9e0 f   qmenu.obj
 0001:0001da02       ?Draw@menuFramework_t@@UAEXXZ 0041ea02 f   qmenu.obj
 0001:0001dbdb       ?SlideItem@menuFramework_t@@QAEXH@Z 0041ebdb f   qmenu.obj
 0001:0001dc40       ?KeyDown@menuFramework_t@@UAEPBDH@Z 0041ec40 f   qmenu.obj
 0001:0001dd46       ?InitRendererVars@@YAXXZ   0041ed46 f   ref_vars.obj
 0001:0001dd65       ?S_SoundInfo_f@@YAXXZ      0041ed65 f   snd_dma.obj
 0001:0001dddf       ?S_BeginRegistration@@YAXXZ 0041eddf f   snd_dma.obj
 0001:0001dded       ?S_PickChannel@@YAPAUchannel_t@@HH@Z 0041eded f   snd_dma.obj
 0001:0001de81       ?S_AllocPlaysound@@YAPAUplaysound_t@@XZ 0041ee81 f   snd_dma.obj
 0001:0001dea2       ?S_FreePlaysound@@YAXPAUplaysound_t@@@Z 0041eea2 f   snd_dma.obj
 0001:0001ded5       ?S_ClearBuffer@@YAXXZ      0041eed5 f   snd_dma.obj
 0001:0001df2e       ?S_StopAllSounds_f@@YAXXZ  0041ef2e f   snd_dma.obj
 0001:0001dfa7       ?S_RawSamples@@YAXHHHHPAE@Z 0041efa7 f   snd_dma.obj
 0001:0001e1a6       ?GetSoundtime@@YAXXZ       0041f1a6 f   snd_dma.obj
 0001:0001e20d       ?S_Shutdown@@YAXXZ         0041f20d f   snd_dma.obj
 0001:0001e482       ?S_RegisterSound@@YAPAUsfx_t@@PBD@Z 0041f482 f   snd_dma.obj
 0001:0001e500       ?S_EndRegistration@@YAXXZ  0041f500 f   snd_dma.obj
 0001:0001e6d8       ?S_Spatialize@@YAXPAUchannel_t@@@Z 0041f6d8 f   snd_dma.obj
 0001:0001e794       ?S_IssuePlaysound@@YAXPAUplaysound_t@@@Z 0041f794 f   snd_dma.obj
 0001:0001e98a       ?S_StartSound@@YAXPBUCVec3@@HHPAUsfx_t@@MMM@Z 0041f98a f   snd_dma.obj
 0001:0001eb51       ?S_StartLocalSound@@YAXPBD@Z 0041fb51 f   snd_dma.obj
 0001:0001edf3       ?S_Update_@@YAXXZ          0041fdf3 f   snd_dma.obj
 0001:0001f07e       ?S_Init@@YAXXZ             0042007e f   snd_dma.obj
 0001:0001f150       ?S_Update@@YAXABUCVec3@@0@Z 00420150 f   snd_dma.obj
 0001:0001f599       ?S_LoadSound@@YAPAUsfxcache_t@@PAUsfx_t@@@Z 00420599 f   snd_mem.obj
 0001:0001f735       ?S_WriteLinearBlastStereo16@@YAXXZ 00420735 f   snd_mix.obj
 0001:0001f79e       ?S_TransferStereo16@@YAXPAKH@Z 0042079e f   snd_mix.obj
 0001:0001f806       ?S_TransferPaintBuffer@@YAXH@Z 00420806 f   snd_mix.obj
 0001:0001f968       ?S_InitScaletable@@YAXXZ   00420968 f   snd_mix.obj
 0001:0001faa5       ?S_PaintChannels@@YAXH@Z   00420aa5 f   snd_mix.obj
 0001:0001fcf7       ?SV_ComputeAnimation@@YAXPAUplayer_state_t@@AAUentityStateEx_t@@PAU2@PAUedict_s@@@Z 00420cf7 f   sv_anim.obj
 0001:000204f6       ?SV_AddressBanned@@YA_NPAUnetadr_t@@@Z 004214f6 f   sv_ccmds.obj
 0001:00020759       ?sprintf@?$TString@$0CI@@@QAAHPBDZZ 00421759 f i sv_ccmds.obj
 0001:00020870       ?SV_ReadLevelFile@@YAXXZ   00421870 f   sv_ccmds.obj
 0001:00021964       ?SV_InitCommands@@YAXXZ    00422964 f   sv_ccmds.obj
 0001:000220b0       ?SV_WriteFrameToClient@@YAXPAUclient_t@@PAVsizebuf_t@@@Z 004230b0 f   sv_ents.obj
 0001:00022194       ?SV_RecordDemoMessage@@YAXXZ 00423194 f   sv_ents.obj
 0001:0002237c       ?SV_MulticastOld@@YAXABUCVec3@@W4multicast_t@@@Z 0042337c f i sv_game.obj
 0001:00022391       ?SV_StartSoundOld@@YAXPBUCVec3@@PAUedict_s@@HHMMM@Z 00423391 f i sv_game.obj
 0001:00022dae       ?SV_ShutdownGameLibrary@@YAXXZ 00423dae f   sv_game.obj
 0001:00022f5c       ?SV_InitGameLibrary@@YAX_N@Z 00423f5c f   sv_game.obj
 0001:00023175       ?SV_ModelIndex@@YAHPBD@Z   00424175 f   sv_init.obj
 0001:0002318f       ?SV_SoundIndex@@YAHPBD@Z   0042418f f   sv_init.obj
 0001:000231ab       ?SV_ImageIndex@@YAHPBD@Z   004241ab f   sv_init.obj
 0001:000231c7       ?SV_CreateBaseline@@YAXXZ  004241c7 f   sv_init.obj
 0001:0002330f       ?SV_SpawnServer@@YAXPAD0W4server_state_t@@_N2@Z 0042430f f   sv_init.obj
 0001:00023630       ?SV_InitGame@@YAXXZ        00424630 f   sv_init.obj
 0001:00023844       ?SV_Map@@YAX_NPBD0@Z       00424844 f   sv_init.obj
 0001:00023a2a       ?SV_StartSoundNew@@YAXPBUCVec3@@PAUedict_s@@HHMMM@Z 00424a2a f i sv_main.obj
 0001:00023a5c       ??0COutputDeviceMem@@QAE@H@Z 00424a5c f i sv_main.obj
 0001:00023a8b       ??1COutputDeviceMem@@UAE@XZ 00424a8b f i sv_main.obj
 0001:00023aaa       ?Write@COutputDeviceMem@@UAEXPBD@Z 00424aaa f i sv_main.obj
 0001:00023b2a       ??_ECOutputDeviceMem@@UAEPAXI@Z 00424b2a f i sv_main.obj
 0001:00023b2a       ??_GCOutputDeviceMem@@UAEPAXI@Z 00424b2a f i sv_main.obj
 0001:00023cde       ?SV_CalcPings@@YAXXZ       00424cde f   sv_main.obj
 0001:00023d63       ?SV_GiveMsec@@YAXXZ        00424d63 f   sv_main.obj
 0001:00023da2       ?SV_ReadPackets@@YAXXZ     00424da2 f   sv_main.obj
 0001:00023eca       ?SV_PostprocessFrame@@YAXXZ 00424eca f   sv_main.obj
 0001:000243c4       ?SV_TraceHook@@YAXAAUtrace0_t@@ABUCVec3@@PBU2@21PAUedict_s@@H@Z 004253c4 f   sv_main.obj
 0001:00024710       ?SV_InitVars@@YAXXZ        00425710 f   sv_main.obj
 0001:0002471f       ?SV_Init@@YAXXZ            0042571f f   sv_main.obj
 0001:0002475a       ?SV_Shutdown@@YAXPBD_N@Z   0042575a f   sv_main.obj
 0001:000248d6       ?SV_DropClient@@YAXPAUclient_t@@PAD@Z 004258d6 f   sv_main.obj
 0001:00024da2       ?SV_CheckTimeouts@@YAXXZ   00425da2 f   sv_main.obj
 0001:00024e80       ?SV_MulticastHook@@YAPAVsizebuf_t@@PAV1@0@Z 00425e80 f   sv_main.obj
 0001:0002524a       ?SV_UserinfoChanged@@YAXPAUclient_t@@@Z 0042624a f   sv_main.obj
 0001:000258cc       ?SV_Frame@@YAXM@Z          004268cc f   sv_main.obj
 0001:00025ac7       ?SV_ClientPrintf@@YAXPAUclient_t@@HPBDZZ 00426ac7 f   sv_send.obj
 0001:00025b36       ?SV_BroadcastPrintf@@YAXHPBDZZ 00426b36 f   sv_send.obj
 0001:00025c29       ?SV_Multicast@@YAXABUCVec3@@W4multicast_t@@_N@Z 00426c29 f   sv_send.obj
 0001:00025dfc       ?SV_DemoCompleted@@YAXXZ   00426dfc f   sv_send.obj
 0001:00025e61       ?SV_BroadcastCommand@@YAXPBDZZ 00426e61 f   sv_send.obj
 0001:00025ed2       ?SV_StartSound@@YAXPBUCVec3@@PAUedict_s@@HHMMM_N@Z 00426ed2 f   sv_send.obj
 0001:00026126       ?SV_SendClientDatagram@@YA_NPAUclient_t@@@Z 00427126 f   sv_send.obj
 0001:00026218       ?SV_SendClientMessages@@YAXXZ 00427218 f   sv_send.obj
 0001:000263b5       ?SV_ClearTexts@@YAXXZ      004273b5 f   sv_text.obj
 0001:000263f2       ?SV_DrawText3D@@YAXABUCVec3@@PBDI@Z 004273f2 f   sv_text.obj
 0001:0002642a       ?SV_DrawTexts@@YAXXZ       0042742a f   sv_text.obj
 0001:00026445       ?SV_TokenizeString@@YAXPBD@Z 00427445 f   sv_tokenize.obj
 0001:0002651d       ?SV_Argc@@YAHXZ            0042751d f   sv_tokenize.obj
 0001:00026523       ?SV_Argv@@YAPADH@Z         00427523 f   sv_tokenize.obj
 0001:00026541       ?SV_Args@@YAPADXZ          00427541 f   sv_tokenize.obj
 0001:0002664c       ?SV_Nextserver@@YAXXZ      0042764c f   sv_user.obj
 0001:00026f9f       ?SV_ClientThink@@YAXPAUclient_t@@PAUusercmd_t@@@Z 00427f9f f   sv_user.obj
 0001:000271a2       ?SV_ExecuteClientMessage@@YAXPAUclient_t@@@Z 004281a2 f   sv_user.obj
 0001:00027453       ?SV_ClearWorld@@YAXXZ      00428453 f   sv_world.obj
 0001:00027493       ?SV_UnlinkEdict@@YAXPAUedict_s@@@Z 00428493 f   sv_world.obj
 0001:00027520       ?SV_LinkEdict@@YAXPAUedict_s@@@Z 00428520 f   sv_world.obj
 0001:00027ced       ?SV_AreaEdicts@@YAHABUCVec3@@0PAPAUedict_s@@HH@Z 00428ced f   sv_world.obj
 0001:00027d63       ?SV_PointContents@@YAHABUCVec3@@@Z 00428d63 f   sv_world.obj
 0001:000281ba       ?SV_Trace@@YAXAAUtrace_t@@ABUCVec3@@1ABUCBox@@PAUedict_s@@H@Z 004291ba f   sv_world.obj
 0001:00028266       ?InitByteDirs@@YAXXZ       00429266 f   anorms.obj
 0001:0002828b       ?Cbuf_AddText@@YAXPBD@Z    0042928b f   cmd.obj
 0001:0002837d       ?Cbuf_CopyToDefer@@YAXXZ   0042937d f   cmd.obj
 0001:000283bd       ?Cbuf_InsertFromDefer@@YAXXZ 004293bd f   cmd.obj
 0001:0002876a       ?ExecuteCommand@@YA_NPBDPBUCSimpleCommand@@H@Z 0042976a f   cmd.obj
 0001:00028820       ?InsertAfter@?$TList@VCAlias@@@@QAEXPAVCAlias@@0@Z 00429820 f i cmd.obj
 0001:00028820       ?InsertAfter@?$TList@VCSymbol@@@@QAEXPAVCSymbol@@0@Z 00429820 f i DbgSymbols.obj
 0001:00028820       ?InsertAfter@?$TList@VCCommand@@@@QAEXPAVCCommand@@0@Z 00429820 f i cmd.obj
 0001:00028820       ?InsertAfter@?$TList@VsurfMaterial_t@@@@QAEXPAVsurfMaterial_t@@0@Z 00429820 f i cmodel.obj
 0001:00028820       ?InsertAfter@?$TList@VshaderScript_t@OpenGLDrv@@@@QAEXPAVshaderScript_t@OpenGLDrv@@0@Z 00429820 f i gl_shader.obj
 0001:00028820       ?InsertAfter@?$TList@VFDirInfo@CFileContainerArc@@@@QAEXPAVFDirInfo@CFileContainerArc@@0@Z 00429820 f i FileContainerArc.obj
 0001:00028820       ?InsertAfter@?$TList@VplayerModelInfo_t@@@@QAEXPAVplayerModelInfo_t@@0@Z 00429820 f i cl_playermodel.obj
 0001:00028820       ?InsertAfter@?$TList@VCFileItem@@@@QAEXPAVCFileItem@@0@Z 00429820 f i FileSystem.obj
 0001:00028820       ?InsertAfter@?$TList@VCStringItem@@@@QAEXPAVCStringItem@@0@Z 00429820 f i cl_playermodel.obj
 0001:00028982       ?Cmd_Unalias_f@@YAX_NHPAPAD@Z 00429982 f   cmd.obj
 0001:000289fa       ?Cmd_WriteAliases@@YAXPAVCOutputDevice@@@Z 004299fa f   cmd.obj
 0001:00028a2d       ?RegisterCommand@@YA_NPBDP6AXXZI@Z 00429a2d f   cmd.obj
 0001:00028ad9       ?UnregisterCommand@@YA_NPBD@Z 00429ad9 f   cmd.obj
 0001:00028b4c       ?ExecuteCommand@@YA_NPBD@Z 00429b4c f   cmd.obj
 0001:00028daf       ?Cbuf_Execute@@YAXXZ       00429daf f   cmd.obj
 0001:00028f6a       ?DistanceTo@CPlane@@QBEMABUCVec3@@@Z 00429f6a f i cmodel.obj
 0001:00028fbf       ?GetVertex@CBox@@QBEXHAAUCVec3@@@Z 00429fbf f i cmodel.obj
 0001:0002900d       ?BOX_ON_PLANE_SIDE@@YAHABUCBox@@ABUCPlane@@@Z 0042a00d f i cmodel.obj
 0001:00029fab       ?CM_BuildBrush@@YAPAUCBrush@@HPAVCMemoryChain@@@Z 0042afab f   cmodel.obj
 0001:0002a045       ?CM_InlineModel@@YAPAUCBspModel@@H@Z 0042b045 f   cmodel.obj
 0001:0002a123       ?CM_HeadnodeForBox@@YAHABUCBox@@@Z 0042b123 f   cmodel.obj
 0001:0002a16b       ?GetHeadnode@@YAPAUCBspNode@@H@Z 0042b16b f i cmodel.obj
 0001:0002a18f       ?CM_FindLeaf@@YAPBUCBspLeaf@@ABUCVec3@@H@Z 0042b18f f   cmodel.obj
 0001:0002a212       ?GetContents@CBspLeaf@@QBEIABUCVec3@@@Z 0042b212 f   cmodel.obj
 0001:0002a291       ?CM_PointContents@@YAHABUCVec3@@H@Z 0042b291 f   cmodel.obj
 0001:0002a2d9       ?CM_TransformedPointContents@@YAHABUCVec3@@H00@Z 0042b2d9 f   cmodel.obj
 0001:0002a384       ?CM_TransformedPointContents@@YAHABUCVec3@@H0ABUCAxis@@@Z 0042b384 f   cmodel.obj
 0001:0002a3f4       ?CM_BoxLeafs@@YAHABUCBox@@PAPAUCBspLeaf@@HPAHH@Z 0042b3f4 f   cmodel.obj
 0001:0002ac98       ?CM_CombineTrace@@YA_NAAUtrace_t@@ABU1@@Z 0042bc98 f   cmodel.obj
 0001:0002ace9       ?CM_PointModelContents@@YAHABUCVec3@@@Z 0042bce9 f   cmodel.obj
 0001:0002b10f       ?CM_BrushTrace@@YAHABUCVec3@@0PAHH@Z 0042c10f f   cmodel.obj
 0001:0002b176       ?CM_RefineBrushTrace@@YAHABUCVec3@@0PAHH@Z 0042c176 f   cmodel.obj
 0001:0002b1f7       ?CM_ClusterPVS@@YAPBEH@Z   0042c1f7 f   cmodel.obj
 0001:0002b319       ?CM_SetZonePortalState@@YAXH_N@Z 0042c319 f   cmodel.obj
 0001:0002b340       ?CM_ZonesConnected@@YA_NHH@Z 0042c340 f   cmodel.obj
 0001:0002b386       ?CM_WriteZoneBits@@YAHPAEH@Z 0042c386 f   cmodel.obj
 0001:0002b416       ?CM_WritePortalState@@YAXPAU_iobuf@@@Z 0042c416 f   cmodel.obj
 0001:0002b433       ?CM_ReadPortalState@@YAXPAU_iobuf@@@Z 0042c433 f   cmodel.obj
 0001:0002b454       ?CM_HeadnodeVisible@@YA_NHPBE@Z 0042c454 f   cmodel.obj
 0001:0002b4eb       ??E?$TStringSplitter@$0EA@$0DL@@@QAEXXZ 0042c4eb f i cmodel.obj
 0001:0002bec9       ?CM_InlineModel@@YAPAUCBspModel@@PBD@Z 0042cec9 f   cmodel.obj
 0001:0002c216       ?CM_BoxTrace@@YAXAAUtrace_t@@ABUCVec3@@1ABUCBox@@HI@Z 0042d216 f   cmodel.obj
 0001:0002c580       ?CM_TransformedBoxTrace@@YAXAAUtrace_t@@ABUCVec3@@1ABUCBox@@HI11@Z 0042d580 f   cmodel.obj
 0001:0002c6b3       ?CM_TransformedBoxTrace@@YAXAAUtrace_t@@ABUCVec3@@1ABUCBox@@HI1ABUCAxis@@@Z 0042d6b3 f   cmodel.obj
 0001:0002c75b       ?CM_ClipTraceToModels@@YAXAAUtrace_t@@ABUCVec3@@1ABUCBox@@I@Z 0042d75b f   cmodel.obj
 0001:0002cc03       ?CM_LoadMap@@YAPAUCBspModel@@PBD_NPAI@Z 0042dc03 f   cmodel.obj
 0001:0002cdd9       ?appCyclesToMsecf@@YAMI@Z  0042ddd9 f i common.obj
 0001:0002cdfa       ?Com_ServerState@@YA?AW4server_state_t@@XZ 0042ddfa f   common.obj
 0001:0002ce00       ?Com_SetServerState@@YAXW4server_state_t@@@Z 0042de00 f   common.obj
 0001:0002ce0d       ?crand@@YAMXZ              0042de0d f   common.obj
 0001:0002ce31       ?Info_ValueForKey@@YAPBDPBD0@Z 0042de31 f   common.obj
 0001:0002cf52       ?Info_SetValueForKey@@YAXPADPBD1@Z 0042df52 f   common.obj
 0001:0002d043       ?Info_Print@@YAXPBD@Z      0042e043 f   common.obj
 0001:0002d0dc       ?ReduceAngle@@YAMM@Z       0042e0dc f   common.obj
 0001:0002d10e       ?AngleSubtract@@YAMMM@Z    0042e10e f   common.obj
 0001:0002d16f       ?AnglesSubtract@@YAXABUCVec3@@0AAU1@@Z 0042e16f f   common.obj
 0001:0002d1c0       ?COM_Parse@@YAPADAAPBD_N@Z 0042e1c0 f   common.obj
 0001:0002d2d6       ?COM_QuoteString@@YAPBDPBD_N@Z 0042e2d6 f   common.obj
 0001:0002d56c       ?Com_CheckCmdlineVar@@YA_NPBD@Z 0042e56c f   common.obj
 0001:0002d5c0       ?Com_Init@@YAXPBD@Z        0042e5c0 f   common.obj
 0001:0002d70e       ?DebugPrintf@@YAXPBDZZ     0042e70e f   common.obj
 0001:0002d7cf       ?LerpAngle@@YAMMMM@Z       0042e7cf f   common.obj
 0001:0002d82b       ?Com_Frame@@YAXM@Z         0042e82b f   common.obj
 0001:0002db60       ?Com_DPrintf@@YAXPBDZZ     0042eb60 f   common.obj
 0001:0002dbe7       ?IPWildcard@@YA_NPAUnetadr_t@@PBD@Z 0042ebe7 f   common.obj
 0001:0002dcb2       ?Com_BlockSequenceCRCByte@@YAEPAEHH@Z 0042ecb2 f   crc.obj
 0001:0002dd58       ?IsDefault@cvar_t@@QAE_NXZ 0042ed58 f i cvar.obj
 0001:0002de02       ?Cvar_VariableValue@@YAMPBD@Z 0042ee02 f   cvar.obj
 0001:0002de1b       ?Cvar_VariableInt@@YAHPBD@Z 0042ee1b f   cvar.obj
 0001:0002de32       ?Cvar_VariableString@@YAPBDPBD@Z 0042ee32 f   cvar.obj
 0001:0002de4e       ?Cvar_WriteVariables@@YAXPAVCOutputDevice@@HHPBD@Z 0042ee4e f   cvar.obj
 0001:0002e002       ?Cvar_BitInfo@@YAPBDI@Z    0042f002 f   cvar.obj
 0001:0002e10e       ?Cvar_Get@@YAPAUcvar_t@@PBD0H@Z 0042f10e f   cvar.obj
 0001:0002e2eb       ?Cvar_GetVars@@YAXPBUcvarInfo_t@@H@Z 0042f2eb f   cvar.obj
 0001:0002e513       ?Cvar_FullSet@@YAXPAUcvar_t@@PBDI@Z 0042f513 f   cvar.obj
 0001:0002e52d       ?Cvar_FullSet@@YAPAUcvar_t@@PBD0I@Z 0042f52d f   cvar.obj
 0001:0002e56a       ?Cvar_SetValue@@YAPAUcvar_t@@PBDM@Z 0042f56a f   cvar.obj
 0001:0002e596       ?Cvar_SetInteger@@YAPAUcvar_t@@PBDH@Z 0042f596 f   cvar.obj
 0001:0002e5bc       ?Cvar_Set@@YAPAUcvar_t@@PBD0@Z 0042f5bc f   cvar.obj
 0001:0002e5d4       ?Cvar_ForceSet@@YAPAUcvar_t@@PBD0@Z 0042f5d4 f   cvar.obj
 0001:0002e5ec       ?Cvar_Clamp@@YAMPAUcvar_t@@MM@Z 0042f5ec f   cvar.obj
 0001:0002e652       ?Cvar_Command@@YA_NHPAPAD@Z 0042f652 f   cvar.obj
 0001:0002ecab       ?Cvar_Cheats@@YAX_N@Z      0042fcab f   cvar.obj
 0001:0002f0e7       ?MSG_WriteDeltaEntity@@YAXPAVsizebuf_t@@PBUentityStateEx_t@@PAU2@_N33@Z 004300e7 f   entdelta.obj
 0001:0002f243       ?MSG_WriteRemoveEntity@@YAXPAVsizebuf_t@@H@Z 00430243 f   entdelta.obj
 0001:0002f276       ?MSG_ReadEntityBits@@YAHPAVsizebuf_t@@PAIPA_N@Z 00430276 f   entdelta.obj
 0001:0002f2ed       ?MSG_ReadDeltaEntity@@YAXPAVsizebuf_t@@PBUentityStateEx_t@@PAU2@I@Z 004302ed f   entdelta.obj
 0001:0002f352       ?MSG_WriteDeltaUsercmd@@YAXPAVsizebuf_t@@PBUusercmd_t@@PAU2@@Z 00430352 f   entdelta.obj
 0001:0002f3bf       ?MSG_ReadDeltaUsercmd@@YAXPAVsizebuf_t@@PBUusercmd_t@@PAU2@@Z 004303bf f   entdelta.obj
 0001:0002f420       ?MSG_WriteDeltaPlayerstate@@YAXPAVsizebuf_t@@PBUplayer_state_t@@PAU2@@Z 00430420 f   entdelta.obj
 0001:0002f55f       ?MSG_ReadDeltaPlayerstate@@YAXPAVsizebuf_t@@PBUplayer_state_t@@PAU2@@Z 0043055f f   entdelta.obj
 0001:0002f601       ?Inflate@CBox@@QAEXM@Z     00430601 f i EntityParser.obj
 0001:00031f4a       ?ProcessEntstring@@YAPBDPBD@Z 00432f4a f   EntityParser.obj
 0001:00032139       ?LoadPCX@@YAPAEPBDAAH1AAPAE@Z 00433139 f   images.obj
 0001:00032260       ?LoadTGA@@YAPAEPBDAAH1@Z   00433260 f   images.obj
 0001:000325a9       ?LoadJPG@@YAPAEPBDAAH1@Z   004335a9 f   images.obj
 0001:000327e3       ?WriteJPG@@YA_NPBDPAEHH_N@Z 004337e3 f   images.obj
 0001:00032938       ?ImageExists@@YAHPBDH@Z    00433938 f   images.obj
 0001:00032a5e       ?WriteTGA@@YA_NPBDPAEHH@Z  00433a5e f   images.obj
 0001:00032c76       ??0CBrush@@QAE@ABUCBox@@@Z 00433c76 f   MapBrush.obj
 0001:00032dce       ?GetVec@CAllocVertexPool@@QAEPAUCVec3@@ABU2@@Z 00433dce f i MapBrush.obj
 0001:00033340       ?GetBounds@CBrush@@QAEXAAUCBox@@@Z 00434340 f   MapBrush.obj
 0001:000333a0       ?AddBevels@CBrush@@QAEXP6APAUCPlane@@ABUCVec3@@M@Z@Z 004343a0 f   MapBrush.obj
 0001:0003364a       ?Split@CBrush@@QAEPAU1@PAUCPlane@@@Z 0043464a f   MapBrush.obj
 0001:00033a6e       ?MD4Init@@YAXPAUMD4_CTX@@@Z 00434a6e f   md4.obj
 0001:00033f58       ?MD4Update@@YAXPAUMD4_CTX@@PAEI@Z 00434f58 f   md4.obj
 0001:00033ff5       ?MD4Final@@YAXQAEPAUMD4_CTX@@@Z 00434ff5 f   md4.obj
 0001:00034071       ?Com_BlockChecksum@@YAIPAXH@Z 00435071 f   md4.obj
 0001:000344ea       ?LoadQ2BspFile@@YAXXZ      004354ea f   model.obj
 0001:000346f3       ?LoadQ1BspFile@@YAXXZ      004356f3 f   model.obj
 0001:000348b9       ?LoadQ3BspFile@@YAXXZ      004358b9 f   model.obj
 0001:00034a81       ?LoadBspFile@@YAPAUbspfile_t@@PBD_NPAI@Z 00435a81 f   model.obj
 0001:00034c4a       ?Init@sizebuf_t@@QAEXPAXH@Z 00435c4a f   msg.obj
 0001:00034c67       ?Write@sizebuf_t@@QAEXPBXH@Z 00435c67 f   msg.obj
 0001:00034cce       ?MSG_WriteChar@@YAXPAVsizebuf_t@@H@Z 00435cce f   msg.obj
 0001:00034cce       ?MSG_WriteByte@@YAXPAVsizebuf_t@@H@Z 00435cce f   msg.obj
 0001:00034ce1       ?MSG_WriteShort@@YAXPAVsizebuf_t@@H@Z 00435ce1 f   msg.obj
 0001:00034cf4       ?MSG_WriteLong@@YAXPAVsizebuf_t@@H@Z 00435cf4 f   msg.obj
 0001:00034cf4       ?MSG_WriteFloat@@YAXPAVsizebuf_t@@M@Z 00435cf4 f   msg.obj
 0001:00034d07       ?MSG_WriteString@@YAXPAVsizebuf_t@@PBD@Z 00435d07 f   msg.obj
 0001:00034d31       ?MSG_WritePos@@YAXPAVsizebuf_t@@ABUCVec3@@@Z 00435d31 f   msg.obj
 0001:00034d98       ?MSG_WriteAngle@@YAXPAVsizebuf_t@@M@Z 00435d98 f   msg.obj
 0001:00034dc9       ?MSG_WriteAngle16@@YAXPAVsizebuf_t@@M@Z 00435dc9 f   msg.obj
 0001:00034dfa       ?MSG_WriteDir@@YAXPAVsizebuf_t@@ABUCVec3@@@Z 00435dfa f   msg.obj
 0001:00034e65       ?MSG_ReadChar@@YAHPAVsizebuf_t@@@Z 00435e65 f   msg.obj
 0001:00034e88       ?MSG_ReadByte@@YAHPAVsizebuf_t@@@Z 00435e88 f   msg.obj
 0001:00034eb0       ?MSG_ReadShort@@YAHPAVsizebuf_t@@@Z 00435eb0 f   msg.obj
 0001:00034ed9       ?MSG_ReadLong@@YAHPAVsizebuf_t@@@Z 00435ed9 f   msg.obj
 0001:00034efb       ?MSG_ReadString@@YAPADPAVsizebuf_t@@@Z 00435efb f   msg.obj
 0001:00034f31       ?MSG_ReadPos@@YAXPAVsizebuf_t@@AAUCVec3@@@Z 00435f31 f   msg.obj
 0001:00034f7d       ?MSG_ReadAngle@@YAMPAVsizebuf_t@@@Z 00435f7d f   msg.obj
 0001:00034f9e       ?MSG_ReadAngle16@@YAMPAVsizebuf_t@@@Z 00435f9e f   msg.obj
 0001:00034fbf       ?MSG_ReadData@@YAXPAVsizebuf_t@@PAXH@Z 00435fbf f   msg.obj
 0001:00034fe2       ?MSG_ReadDir@@YAXPAVsizebuf_t@@AAUCVec3@@@Z 00435fe2 f   msg.obj
 0001:00035016       ?Netchan_Init@@YAXXZ       00436016 f   net_chan.obj
 0001:00035085       ?Netchan_OutOfBandPrint@@YAXW4netsrc_t@@Unetadr_t@@PBDZZ 00436085 f   net_chan.obj
 0001:0003512d       ?Setup@netchan_t@@QAEXW4netsrc_t@@Unetadr_t@@H@Z 0043612d f   net_chan.obj
 0001:00035188       ?NeedReliable@netchan_t@@QAE_NXZ 00436188 f   net_chan.obj
 0001:000351ad       ?Transmit@netchan_t@@QAEXPAXH@Z 004361ad f   net_chan.obj
 0001:0003538a       ?Process@netchan_t@@QAE_NPAVsizebuf_t@@@Z 0043638a f   net_chan.obj
 0001:00036f51       ?Pmove@@YAXPAUpmove_t@@@Z  00437f51 f   pmove.obj
 0001:000371d9       ??1CFileContainerArc@@UAE@XZ 004381d9 f i QuakeFileSystem.obj
 0001:000371f3       ??_GCFileSystem@@UAEPAXI@Z 004381f3 f i QuakeFileSystem.obj
 0001:000371f3       ??_ECFileSystem@@UAEPAXI@Z 004381f3 f i QuakeFileSystem.obj
 0001:000371f3       ??_GCQuakeFileSystem@@UAEPAXI@Z 004381f3 f i QuakeFileSystem.obj
 0001:000371f3       ??_ECQuakeFileSystem@@UAEPAXI@Z 004381f3 f i QuakeFileSystem.obj
 0001:00037213       ??0FZlibStream@CZResource@@QAE@PBXH@Z 00438213 f i QuakeFileSystem.obj
 0001:00037247       ?ReadData@FZlibStream@CZResource@@QAEHPAXH@Z 00438247 f i QuakeFileSystem.obj
 0001:00037284       ?FS_CopyFile@@YAXPBD0@Z    00438284 f   QuakeFileSystem.obj
 0001:0003738b       ?MountGame@CQuakeFileSystem@@QAEXPBD@Z 0043838b f i QuakeFileSystem.obj
 0001:000373d6       ?SetGameDir@CQuakeFileSystem@@QAE_NPBD@Z 004383d6 f i QuakeFileSystem.obj
 0001:0003751b       ?FS_Gamedir@@YAPBDXZ       0043851b f   QuakeFileSystem.obj
 0001:000375af       ?FS_NextPath@@YAPBDPBD@Z   004385af f   QuakeFileSystem.obj
 0001:000375f3       ?FS_CopyFiles@@YAXPBD0@Z   004385f3 f   QuakeFileSystem.obj
 0001:0003773d       ?FS_RemoveFiles@@YAXPBD@Z  0043873d f   QuakeFileSystem.obj
 0001:00037812       ?FS_Tick@@YAXXZ            00438812 f   QuakeFileSystem.obj
 0001:0003795d       ??0CFileContainerArc@@QAE@XZ 0043895d f i QuakeFileSystem.obj
 0001:0003799c       ??1CFilePak@CFileContainerPak@@UAE@XZ 0043899c f i QuakeFileSystem.obj
 0001:000379bc       ?Read@CFilePak@CFileContainerPak@@UAEHPAXH@Z 004389bc f i QuakeFileSystem.obj
 0001:000379f6       ?GetSize@CFilePak@CFileContainerPak@@UAEHXZ 004389f6 f i QuakeFileSystem.obj
 0001:000379fd       ?Eof@CFilePak@CFileContainerPak@@UAE_NXZ 004389fd f i QuakeFileSystem.obj
 0001:00037a0a       ?GetType@CFileContainerPak@@MAEPBDXZ 00438a0a f i QuakeFileSystem.obj
 0001:00037a10       ?OpenLocalFile@CFileContainerPak@@MAEPAVCFile@@ABVCStringItem@@@Z 00438a10 f i QuakeFileSystem.obj
 0001:00037a60       ??_ECFilePak@CFileContainerPak@@UAEPAXI@Z 00438a60 f i QuakeFileSystem.obj
 0001:00037a60       ??_GCFilePak@CFileContainerPak@@UAEPAXI@Z 00438a60 f i QuakeFileSystem.obj
 0001:00037a7f       ??0CFilePak@CFileContainerZip@@QAE@ABVCFileInfo@1@PAU_iobuf@@@Z 00438a7f f i QuakeFileSystem.obj
 0001:00037acb       ?GetSize@CFilePak@CFileContainerZip@@UAEHXZ 00438acb f i QuakeFileSystem.obj
 0001:00037ad5       ?Eof@CFilePak@CFileContainerZip@@UAE_NXZ 00438ad5 f i QuakeFileSystem.obj
 0001:00037ae8       ?GetType@CFileContainerZip@@MAEPBDXZ 00438ae8 f i QuakeFileSystem.obj
 0001:00037aee       ?OpenLocalFile@CFileContainerZip@@MAEPAVCFile@@ABVCStringItem@@@Z 00438aee f i QuakeFileSystem.obj
 0001:00037ba3       ??1CFilePak@CFileContainerZip@@UAE@XZ 00438ba3 f i QuakeFileSystem.obj
 0001:00037c12       ?Read@CFilePak@CFileContainerZip@@UAEHPAXH@Z 00438c12 f i QuakeFileSystem.obj
 0001:00037d57       ??_GCFilePak@CFileContainerZip@@UAEPAXI@Z 00438d57 f i QuakeFileSystem.obj
 0001:00037d57       ??_ECFilePak@CFileContainerZip@@UAEPAXI@Z 00438d57 f i QuakeFileSystem.obj
 0001:00037d76       ??0CZResource@@QAE@XZ      00438d76 f i QuakeFileSystem.obj
 0001:00037d8f       ??0CFileRes@CZResource@@QAE@ABVCFileInfo@1@PBXH@Z 00438d8f f i QuakeFileSystem.obj
 0001:00037e13       ?Read@CFileRes@CZResource@@UAEHPAXH@Z 00438e13 f i QuakeFileSystem.obj
 0001:00037e3e       ?GetSize@CFileRes@CZResource@@UAEHXZ 00438e3e f i QuakeFileSystem.obj
 0001:00037e45       ?Eof@CFileRes@CZResource@@UAE_NXZ 00438e45 f i QuakeFileSystem.obj
 0001:00037e52       ?GetType@CZResource@@MAEPBDXZ 00438e52 f i QuakeFileSystem.obj
 0001:00037e58       ?OpenLocalFile@CZResource@@MAEPAVCFile@@ABVCStringItem@@@Z 00438e58 f i QuakeFileSystem.obj
 0001:00037e89       ??_ECFileRes@CZResource@@UAEPAXI@Z 00438e89 f i QuakeFileSystem.obj
 0001:00037e89       ??_GCFileRes@CZResource@@UAEPAXI@Z 00438e89 f i QuakeFileSystem.obj
 0001:00037eb3       ??_ECFileContainerArc@@UAEPAXI@Z 00438eb3 f i QuakeFileSystem.obj
 0001:00037eb3       ??_ECFileContainerPak@@UAEPAXI@Z 00438eb3 f i QuakeFileSystem.obj
 0001:00037eb3       ??_GCZResource@@UAEPAXI@Z  00438eb3 f i QuakeFileSystem.obj
 0001:00037eb3       ??_GCFileContainerPak@@UAEPAXI@Z 00438eb3 f i QuakeFileSystem.obj
 0001:00037eb3       ??_ECFileContainerZip@@UAEPAXI@Z 00438eb3 f i QuakeFileSystem.obj
 0001:00037eb3       ??_GCFileContainerZip@@UAEPAXI@Z 00438eb3 f i QuakeFileSystem.obj
 0001:00037eb3       ??_ECZResource@@UAEPAXI@Z  00438eb3 f i QuakeFileSystem.obj
 0001:00037eb3       ??_GCFileContainerArc@@UAEPAXI@Z 00438eb3 f i QuakeFileSystem.obj
 0001:00037ed2       ?Mount@CZResource@@SAPAVCFileContainer@@PBDPBE0PAVCFileSystem@@@Z 00438ed2 f i QuakeFileSystem.obj
 0001:0003807d       ?CheckFilename@CQuakeFileSystem@@AAEXPBD@Z 0043907d f i QuakeFileSystem.obj
 0001:0003812d       ?FileExists@CQuakeFileSystem@@UAE_NPBDI@Z 0043912d f i QuakeFileSystem.obj
 0001:00038190       ?OpenFile@CQuakeFileSystem@@UAEPAVCFile@@PBDI@Z 00439190 f i QuakeFileSystem.obj
 0001:0003821c       ?List@CQuakeFileSystem@@UAEPAVCFileList@@PBDIPAV2@@Z 0043921c f i QuakeFileSystem.obj
 0001:00038293       ?Create@CFileContainerPak@@SAPAVCFileContainer@@PBDPAU_iobuf@@@Z 00439293 f i QuakeFileSystem.obj
 0001:00038417       ?Create@CFileContainerZip@@SAPAVCFileContainer@@PBDPAU_iobuf@@@Z 00439417 f i QuakeFileSystem.obj
 0001:000387a0       ?InitFileSystem@@YAXXZ     004397a0 f   QuakeFileSystem.obj
 0001:00038908       ?CDAudio_Eject@@YAXXZ      00439908 f i cd_win.obj
 0001:00038920       ?CDAudio_CloseDoor@@YAXXZ  00439920 f i cd_win.obj
 0001:000389c4       ?CDAudio_Stop@@YAXXZ       004399c4 f   cd_win.obj
 0001:00038ad4       ?CDAudio_Update@@YAXXZ     00439ad4 f   cd_win.obj
 0001:00038b08       ?CDAudio_Shutdown@@YAXXZ   00439b08 f   cd_win.obj
 0001:00038b2b       ?CDAudio_Activate@@YAX_N@Z 00439b2b f   cd_win.obj
 0001:00038c83       ?CDAudio_Play@@YAXH_N@Z    00439c83 f   cd_win.obj
 0001:00038faa       ?CDAudio_Init@@YA_NXZ      00439faa f   cd_win.obj
 0001:00039a51       ?IN_Init@@YAXXZ            0043aa51 f   in_win.obj
 0001:00039a9f       ?IN_Activate@@YAX_N@Z      0043aa9f f   in_win.obj
 0001:00039aac       ?IN_Move@@YAXPAUusercmd_t@@@Z 0043aaac f   in_win.obj
 0001:00039da9       ?IN_Shutdown@@YAXXZ        0043ada9 f   in_win.obj
 0001:00039db6       ?IN_Frame@@YAXXZ           0043adb6 f   in_win.obj
 0001:00039e8b       ?NET_CompareAdr@@YA_NPAUnetadr_t@@0@Z 0043ae8b f   net_wins.obj
 0001:00039ec6       ?NET_CompareBaseAdr@@YA_NPAUnetadr_t@@0@Z 0043aec6 f   net_wins.obj
 0001:00039ef3       ?NET_AdrToString@@YAPBDPAUnetadr_t@@@Z 0043aef3 f   net_wins.obj
 0001:00039f39       ?NET_IsLocalAddress@@YA_NPAUnetadr_t@@@Z 0043af39 f   net_wins.obj
 0001:00039f48       ?NET_GetPacket@@YA_NW4netsrc_t@@PAUnetadr_t@@PAVsizebuf_t@@@Z 0043af48 f   net_wins.obj
 0001:0003a07a       ?NET_SendPacket@@YAXW4netsrc_t@@HPAXUnetadr_t@@@Z 0043b07a f   net_wins.obj
 0001:0003a172       ?NET_Init@@YAXXZ           0043b172 f   net_wins.obj
 0001:0003a2b6       ?NET_StringToAdr@@YA_NPBDPAUnetadr_t@@F@Z 0043b2b6 f   net_wins.obj
 0001:0003a497       ?NET_Config@@YAX_N@Z       0043b497 f   net_wins.obj
 0001:0003a655       ?SNDDMA_GetDMAPos@@YAHXZ   0043b655 f   snd_win.obj
 0001:0003a6b3       ?SNDDMA_BeginPainting@@YAXXZ 0043b6b3 f   snd_win.obj
 0001:0003a77b       ?SNDDMA_Submit@@YAXXZ      0043b77b f   snd_win.obj
 0001:0003a7a0       ?SNDDMA_Shutdown@@YAXXZ    0043b7a0 f   snd_win.obj
 0001:0003ac8a       ?SNDDMA_Init@@YA_NXZ       0043bc8a f   snd_win.obj
 0001:0003ad02       ?S_Activate@@YAX_N@Z       0043bd02 f   snd_win.obj
 0001:0003ad32       ??1COutputDeviceCon@@UAE@XZ 0043bd32 f i sys_win.obj
 0001:0003ad48       ??_ECOutputDeviceCon@@UAEPAXI@Z 0043bd48 f i sys_win.obj
 0001:0003ad48       ??_GCOutputDeviceCon@@UAEPAXI@Z 0043bd48 f i sys_win.obj
 0001:0003ad73       ?Init@COutputDeviceWin32Console@@QAEXXZ 0043bd73 f i sys_win.obj
 0001:0003ad9c       ?WriteChar@COutputDeviceWin32Console@@QAEXD@Z 0043bd9c f i sys_win.obj
 0001:0003adb9       ?EraseInput@COutputDeviceWin32Console@@QAEXXZ 0043bdb9 f i sys_win.obj
 0001:0003ae36       ?Sys_ConsoleInput@@YAPADXZ 0043be36 f   sys_win.obj
 0001:0003b080       ?Sys_ProcessMessages@@YAXXZ 0043c080 f   sys_win.obj
 0001:0003b11a       ??0COutputDeviceCon@@QAE@XZ 0043c11a f i sys_win.obj
 0001:0003b1a6       ?Write@COutputDeviceWin32Console@@UAEXPBD@Z 0043c1a6 f i sys_win.obj
 0001:0003b20a       _WinMain@16                0043c20a f   sys_win.obj
 0001:0003b667       ?AddMsgHook@@YAXP6A_NIIJ@Z@Z 0043c667 f   vid_dll.obj
 0001:0003b6a6       ?RemoveMsgHook@@YAXP6A_NIIJ@Z@Z 0043c6a6 f   vid_dll.obj
 0001:0003ba2b       ?Vid_CreateWindow@@YAPAXHH_N@Z 0043ca2b f   vid_dll.obj
 0001:0003bbd8       ?Vid_DestroyWindow@@YAX_N@Z 0043cbd8 f   vid_dll.obj
 0001:0003bc17       ?Vid_Restart@@YAXXZ        0043cc17 f   vid_dll.obj
 0001:0003bc23       ?Vid_GetModeInfo@@YA_NPAH0H@Z 0043cc23 f   vid_dll.obj
 0001:0003bd53       ?Vid_Tick@@YAXXZ           0043cd53 f   vid_dll.obj
 0001:0003bdfb       ?Vid_Init@@YAXXZ           0043cdfb f   vid_dll.obj
 0001:0003be80       ?Vid_Shutdown@@YAXXZ       0043ce80 f   vid_dll.obj
 0001:0003bea1       ?GL_DrawRangeElements@OpenGLDrv@@YAXIIIHIPBX@Z 0043cea1 f i gl_backend.obj
 0001:0003cfa3       ?PreLight@Comb@OpenGLDrv@@YA_NPBVshader_t@2@AAH@Z 0043dfa3 f   gl_backend.obj
 0001:0003d1c0       ?AddFogPass@Comb@OpenGLDrv@@YAXPBVshader_t@2@@Z 0043e1c0 f   gl_backend.obj
 0001:0003d2ce       ?AddStaticStages@Comb@OpenGLDrv@@YAXPBVshader_t@2@H@Z 0043e2ce f   gl_backend.obj
 0001:0003d3e5       ?ComputeConstColor@Comb@OpenGLDrv@@YAXXZ 0043e3e5 f   gl_backend.obj
 0001:0003d70a       ?NoMultitexture@Comb@OpenGLDrv@@YAXXZ 0043e70a f   gl_backend.obj
 0001:0003d762       ?ShowFillrate@Comb@OpenGLDrv@@YAXPBVshader_t@2@@Z 0043e762 f   gl_backend.obj
 0001:0003d801       ?DebugLight@Comb@OpenGLDrv@@YAXPBVshader_t@2@@Z 0043e801 f   gl_backend.obj
 0001:0003de94       ?DrawBrush@OpenGLDrv@@YAXPBUCBrush@@PBDH@Z 0043ee94 f   gl_backend.obj
 0001:0003e0d8       ?Tesselate@surfaceEntity_t@OpenGLDrv@@UAEXAAUrefEntity_t@2@@Z 0043f0d8 f   gl_backend.obj
 0001:0003e1da       ?Tesselate@surfaceParticle_t@OpenGLDrv@@UAEXAAUrefEntity_t@2@@Z 0043f1da f   gl_backend.obj
 0001:0003e477       ?BK_BeginFrame@OpenGLDrv@@YAXXZ 0043f477 f   gl_backend.obj
 0001:0003e4dd       ?BK_Init@OpenGLDrv@@YAXXZ  0043f4dd f   gl_backend.obj
 0001:0003e50c       ?BK_Shutdown@OpenGLDrv@@YAXXZ 0043f50c f   gl_backend.obj
 0001:0003ee46       ?PostLight@Comb@OpenGLDrv@@YAXPBVshader_t@2@@Z 0043fe46 f   gl_backend.obj
 0001:0003f099       ?UseMultitexture@Comb@OpenGLDrv@@YAXXZ 00440099 f   gl_backend.obj
 0001:0003f6ad       ?ComputeCombiners@Comb@OpenGLDrv@@YAXPBVshader_t@2@@Z 004406ad f   gl_backend.obj
 0001:0003f7e6       ?BK_FlushShader@OpenGLDrv@@YAXXZ 004407e6 f   gl_backend.obj
 0001:0003fbd1       ?Tesselate@surfacePlanar_t@OpenGLDrv@@UAEXAAUrefEntity_t@2@@Z 00440bd1 f   gl_backend.obj
 0001:0003fcec       ?Tesselate@surfaceTrisurf_t@OpenGLDrv@@UAEXAAUrefEntity_t@2@@Z 00440cec f   gl_backend.obj
 0001:0003fdfa       ?Tesselate@surfacePoly_t@OpenGLDrv@@UAEXAAUrefEntity_t@2@@Z 00440dfa f   gl_backend.obj
 0001:0003fefb       ?Tesselate@surfaceMd3_t@OpenGLDrv@@UAEXAAUrefEntity_t@2@@Z 00440efb f   gl_backend.obj
 0001:000402bf       ?BK_DrawScene@OpenGLDrv@@YAXXZ 004412bf f   gl_backend.obj
 0001:0004064d       ?BK_DrawPic@OpenGLDrv@@YAXPAVshader_t@1@HHHHMMMMIE@Z 0044164d f   gl_backend.obj
 0001:00040863       ?BK_DrawText@OpenGLDrv@@YAXPBVCFont@1@PBDHHHI@Z 00441863 f   gl_backend.obj
 0001:00040ac6       ?BK_EndFrame@OpenGLDrv@@YAXXZ 00441ac6 f   gl_backend.obj
 0001:00040b1b       ?AllocDynamicMemory@OpenGLDrv@@YAPAXH@Z 00441b1b f   gl_buffers.obj
 0001:00040b8c       ?ResizeDynamicMemory@OpenGLDrv@@YAXPAXH@Z 00441b8c f   gl_buffers.obj
 0001:00040bcf       ?AddSurfaceToPortal@OpenGLDrv@@YAXPAVsurfaceBase_t@1@PAVshader_t@1@HH@Z 00441bcf f   gl_buffers.obj
 0001:00040c47       ?InsertShaderIndex@OpenGLDrv@@YAXH@Z 00441c47 f   gl_buffers.obj
 0001:00040c79       ?ClearPortal@OpenGLDrv@@YAXXZ 00441c79 f   gl_buffers.obj
 0001:00040c94       ?SortSurfaces@OpenGLDrv@@YAXPAUviewPortal_t@1@PAPAUsurfaceInfo_t@1@@Z 00441c94 f   gl_buffers.obj
 0001:00040e24       ?ClearBuffers@OpenGLDrv@@YAXXZ 00441e24 f   gl_buffers.obj
 0001:00040e3b       ?CreateBuffers@OpenGLDrv@@YAXXZ 00441e3b f   gl_buffers.obj
 0001:00040e61       ?FreeBuffers@OpenGLDrv@@YAXXZ 00441e61 f   gl_buffers.obj
 0001:00040e85       ?ShutdownFonts@OpenGLDrv@@YAXXZ 00441e85 f   gl_font.obj
 0001:00040f13       ?GetTextExtents@CFont@OpenGLDrv@@QAEXPBDAAH1@Z 00441f13 f   gl_font.obj
 0001:00040fa4       ?Load@CFont@OpenGLDrv@@QAE_NPBD@Z 00441fa4 f   gl_font.obj
 0001:00041087       ?FindFont@OpenGLDrv@@YAPAVCFont@1@PBD@Z 00442087 f   gl_font.obj
 0001:00041105       ?ResetFonts@OpenGLDrv@@YAXXZ 00442105 f   gl_font.obj
 0001:0004117e       ?InitFonts@OpenGLDrv@@YAXXZ 0044217e f   gl_font.obj
 0001:00041cf3       ?InitEntity@model_t@OpenGLDrv@@UAE_NPAUentity_t@@PAUrefEntity_t@2@@Z 00442cf3 f   gl_frontend.obj
 0001:00041cf8       ?GetLeaf@model_t@OpenGLDrv@@UAEPBUCBspLeaf@@PAUrefEntity_t@2@@Z 00442cf8 f   gl_frontend.obj
 0001:00041d0f       ?InitEntity@inlineModel_t@OpenGLDrv@@UAE_NPAUentity_t@@PAUrefEntity_t@2@@Z 00442d0f f   gl_frontend.obj
 0001:00041d90       ?GetLeaf@inlineModel_t@OpenGLDrv@@UAEPBUCBspLeaf@@PAUrefEntity_t@2@@Z 00442d90 f   gl_frontend.obj
 0001:00041de7       ?GetLeaf@md3Model_t@OpenGLDrv@@UAEPBUCBspLeaf@@PAUrefEntity_t@2@@Z 00442de7 f   gl_frontend.obj
 0001:00041e22       ?InitEntity@sprModel_t@OpenGLDrv@@UAE_NPAUentity_t@@PAUrefEntity_t@2@@Z 00442e22 f   gl_frontend.obj
 0001:00041e45       ?GetLeaf@sprModel_t@OpenGLDrv@@UAEPBUCBspLeaf@@PAUrefEntity_t@2@@Z 00442e45 f   gl_frontend.obj
 0001:00042456       ?AddDlight@OpenGLDrv@@YAXPAUdlight_t@@@Z 00443456 f   gl_frontend.obj
 0001:00042b58       ?AddSurfaces@model_t@OpenGLDrv@@UAEXPAUrefEntity_t@2@@Z 00443b58 f   gl_frontend.obj
 0001:00042b94       ?AddSurfaces@inlineModel_t@OpenGLDrv@@UAEXPAUrefEntity_t@2@@Z 00443b94 f   gl_frontend.obj
 0001:00042cae       ?DrawLabel@inlineModel_t@OpenGLDrv@@UAEXPAUrefEntity_t@2@@Z 00443cae f   gl_frontend.obj
 0001:00042cf6       ?InitEntity@md3Model_t@OpenGLDrv@@UAE_NPAUentity_t@@PAUrefEntity_t@2@@Z 00443cf6 f   gl_frontend.obj
 0001:00042f04       ?AddSurfaces@md3Model_t@OpenGLDrv@@UAEXPAUrefEntity_t@2@@Z 00443f04 f   gl_frontend.obj
 0001:00042feb       ?DrawLabel@md3Model_t@OpenGLDrv@@UAEXPAUrefEntity_t@2@@Z 00443feb f   gl_frontend.obj
 0001:00043053       ?AddSurfaces@sprModel_t@OpenGLDrv@@UAEXPAUrefEntity_t@2@@Z 00444053 f   gl_frontend.obj
 0001:0004461b       ?AddEntity@OpenGLDrv@@YAXPAUentity_t@@@Z 0044561b f   gl_frontend.obj
 0001:000447f3       ?DrawPortal@OpenGLDrv@@YAXXZ 004457f3 f   gl_frontend.obj
 0001:0004493c       _powf                      0044593c f i gl_image.obj
 0001:0004495f       ?pow@@YAMMM@Z              0044595f f i gl_image.obj
 0001:0004529d       ?DrawStretchRaw8@OpenGLDrv@@YAXHHHHHHPAEPAI@Z 0044629d f   gl_image.obj
 0001:00045598       ?SetupGamma@OpenGLDrv@@YAXXZ 00446598 f   gl_image.obj
 0001:00045871       ?GL_TextureMode@OpenGLDrv@@YAXPBD@Z 00446871 f   gl_image.obj
 0001:00045c81       ?CreateImage@OpenGLDrv@@YAPAVimage_t@1@PBDPAXHHI@Z 00446c81 f   gl_image.obj
 0001:00045f54       ?CreateImage8@OpenGLDrv@@YAPAVimage_t@1@PBDPAXHHIPAI@Z 00446f54 f   gl_image.obj
 0001:00045f92       ?LoadDelayedImages@OpenGLDrv@@YAXXZ 00446f92 f   gl_image.obj
 0001:0004623d       ?PerformScreenshot@OpenGLDrv@@YAXXZ 0044723d f   gl_image.obj
 0001:00046508       ?ShutdownImages@OpenGLDrv@@YAXXZ 00447508 f   gl_image.obj
 0001:00046570       ?ShowImages@OpenGLDrv@@YAXXZ 00447570 f   gl_image.obj
 0001:00046808       ?FindImage@OpenGLDrv@@YAPAVimage_t@1@PBDI@Z 00447808 f   gl_image.obj
 0001:00046a32       ?GetImageColor@OpenGLDrv@@YA_NPBDPATcolor_t@@@Z 00447a32 f   gl_image.obj
 0001:00046b97       ?InitImages@OpenGLDrv@@YAXXZ 00447b97 f   gl_image.obj
 0001:00047277       ?GL_Lock@OpenGLDrv@@YAXXZ  00448277 f   gl_interface.obj
 0001:000472f8       ?GL_TexEnv@OpenGLDrv@@YAXI@Z 004482f8 f   gl_interface.obj
 0001:00047469       ?GL_TexMipBias@OpenGLDrv@@YAXM@Z 00448469 f   gl_interface.obj
 0001:000474ce       ?GL_TexEnvColor@OpenGLDrv@@YAXPBTcolor_t@@@Z 004484ce f   gl_interface.obj
 0001:0004758d       ?GL_SelectTexture@OpenGLDrv@@YAXH@Z 0044858d f   gl_interface.obj
 0001:000475f0       ?GL_TexCoordPointer@OpenGLDrv@@YAXPAX@Z 004485f0 f   gl_interface.obj
 0001:00047623       ?GL_DisableTexCoordArrays@OpenGLDrv@@YAXXZ 00448623 f   gl_interface.obj
 0001:00047675       ?GL_CullFace@OpenGLDrv@@YAXW4gl_cullMode_t@1@@Z 00448675 f   gl_interface.obj
 0001:000476c9       ?GL_DepthRange@OpenGLDrv@@YAXW4gl_depthMode_t@1@@Z 004486c9 f   gl_interface.obj
 0001:000476ff       ?GL_State@OpenGLDrv@@YAXI@Z 004486ff f   gl_interface.obj
 0001:00047853       ?GL_EnableFog@OpenGLDrv@@YAX_N@Z 00448853 f   gl_interface.obj
 0001:00047931       ?GL_SetDefaultState@OpenGLDrv@@YAXXZ 00448931 f   gl_interface.obj
 0001:00047a8a       ?GL_Set2DMode@OpenGLDrv@@YAXXZ 00448a8a f   gl_interface.obj
 0001:00047b83       ?GL_Set3DMode@OpenGLDrv@@YAXPAUviewPortal_t@1@@Z 00448b83 f   gl_interface.obj
 0001:00047c6c       ?GL_Bind@OpenGLDrv@@YAXPBVimage_t@1@@Z 00448c6c f   gl_interface.obj
 0001:00047dff       ?GL_BindForce@OpenGLDrv@@YAXPBVimage_t@1@@Z 00448dff f   gl_interface.obj
 0001:00047e94       ?GL_SetMultitexture@OpenGLDrv@@YAXH@Z 00448e94 f   gl_interface.obj
 0001:00047f67       ?GL_Unlock@OpenGLDrv@@YAXXZ 00448f67 f   gl_interface.obj
 0001:00048393       ?Show@CPointLight@OpenGLDrv@@UBEXXZ 00449393 f   gl_light.obj
 0001:000485cf       ?Show@CSurfLight@OpenGLDrv@@UBEXXZ 004495cf f   gl_light.obj
 0001:0004875f       ?ShowLights@OpenGLDrv@@YAXXZ 0044975f f   gl_light.obj
 0001:000487e4       ?Init@CPointLight@OpenGLDrv@@UAEXXZ 004497e4 f   gl_light.obj
 0001:000487fc       ?Init@CLightLinear@OpenGLDrv@@EAEXXZ 004497fc f   gl_light.obj
 0001:0004883b       ?GetScale@CLightLinear@OpenGLDrv@@EBEMM@Z 0044983b f   gl_light.obj
 0001:00048853       ?Init@CLightInv@OpenGLDrv@@EAEXXZ 00449853 f   gl_light.obj
 0001:00048878       ?GetScale@CLightInv@OpenGLDrv@@EBEMM@Z 00449878 f   gl_light.obj
 0001:0004889e       ?GetScale@CLightInv2@OpenGLDrv@@EBEMM@Z 0044989e f   gl_light.obj
 0001:000488ca       ?Init@CLightNofade@OpenGLDrv@@EAEXXZ 004498ca f   gl_light.obj
 0001:000488dd       ?GetScale@CLightNofade@OpenGLDrv@@EBEMM@Z 004498dd f   gl_light.obj
 0001:000488e3       ?Add@CPointLight@OpenGLDrv@@UBEXABUCVec3@@ABUCAxis@@@Z 004498e3 f   gl_light.obj
 0001:00048aa8       ?Init@CSurfLight@OpenGLDrv@@UAEXXZ 00449aa8 f   gl_light.obj
 0001:00048b98       ?Add@CSurfLight@OpenGLDrv@@UBEXABUCVec3@@ABUCAxis@@@Z 00449b98 f   gl_light.obj
 0001:00049023       ?Init@CSunLight@OpenGLDrv@@UAEXXZ 0044a023 f   gl_light.obj
 0001:000490d3       ?Add@CSunLight@OpenGLDrv@@UBEXABUCVec3@@ABUCAxis@@@Z 0044a0d3 f   gl_light.obj
 0001:00049a87       ?DiffuseLight@OpenGLDrv@@YAXPATcolor_t@@M@Z 0044aa87 f   gl_light.obj
 0001:00049cf5       ?InitLightGrid@OpenGLDrv@@YAXXZ 0044acf5 f   gl_light.obj
 0001:00049ec3       ?PostLoadLights@OpenGLDrv@@YAXXZ 0044aec3 f   gl_light.obj
 0001:00049f3d       ?Init@CLightInv2@OpenGLDrv@@EAEXXZ 0044af3d f   gl_light.obj
 0001:00049fb4       ?LightForEntity@OpenGLDrv@@YAXPAUrefEntity_t@1@@Z 0044afb4 f   gl_light.obj
 0001:0004a0df       ?LM_Init@OpenGLDrv@@YAXXZ  0044b0df f   gl_lightmap.obj
 0001:0004a0f5       ?LM_Flush@OpenGLDrv@@YAXPAUlightmapBlock_t@1@@Z 0044b0f5 f   gl_lightmap.obj
 0001:0004a155       ?LM_Done@OpenGLDrv@@YAXXZ  0044b155 f   gl_lightmap.obj
 0001:0004a17c       ?LM_Save@OpenGLDrv@@YAXPAUlightmapBlock_t@1@@Z 0044b17c f   gl_lightmap.obj
 0001:0004a197       ?LM_Restore@OpenGLDrv@@YAXPAUlightmapBlock_t@1@@Z 0044b197 f   gl_lightmap.obj
 0001:0004a1b2       ?LM_NewBlock@OpenGLDrv@@YAPAUlightmapBlock_t@1@XZ 0044b1b2 f   gl_lightmap.obj
 0001:0004a209       ?LM_Rewind@OpenGLDrv@@YAXXZ 0044b209 f   gl_lightmap.obj
 0001:0004a211       ?LM_NextBlock@OpenGLDrv@@YAPAUlightmapBlock_t@1@XZ 0044b211 f   gl_lightmap.obj
 0001:0004a24b       ?LM_CheckMinlight@OpenGLDrv@@YAXPAUdynamicLightmap_t@1@@Z 0044b24b f   gl_lightmap.obj
 0001:0004a2ea       ?LM_AllocBlock@OpenGLDrv@@YA_NPAUlightmapBlock_t@1@PAUdynamicLightmap_t@1@@Z 0044b2ea f   gl_lightmap.obj
 0001:0004a76f       ?LM_Copy@OpenGLDrv@@YAXPAE0HH@Z 0044b76f f   gl_lightmap.obj
 0001:0004a78d       ?LM_PutBlock@OpenGLDrv@@YAXPAUdynamicLightmap_t@1@@Z 0044b78d f   gl_lightmap.obj
 0001:0004a8b9       ?LM_PutBlock1@OpenGLDrv@@YAXPAUdynamicLightmap_t@1@@Z 0044b8b9 f   gl_lightmap.obj
 0001:0004a9a4       ?LM_IsMonotone@OpenGLDrv@@YA_NPAUdynamicLightmap_t@1@PATcolor_t@@@Z 0044b9a4 f   gl_lightmap.obj
 0001:0004aaad       ?LM_SortLightStyles@OpenGLDrv@@YAXPAUdynamicLightmap_t@1@@Z 0044baad f   gl_lightmap.obj
 0001:0004ab2d       ?UpdateDynamicLightmap@OpenGLDrv@@YAXPAVsurfacePlanar_t@1@_NI@Z 0044bb2d f   gl_lightmap.obj
 0001:0004b3c0       ?Zero@FDrawStats@OpenGLDrv@@QAEXXZ 0044c3c0 f i gl_main.obj
 0001:0004b4c5       ?Shutdown@OpenGLDrv@@YAX_N@Z 0044c4c5 f   gl_main.obj
 0001:0004b535       ?GL_EnableRendering@OpenGLDrv@@YAX_N@Z 0044c535 f   gl_main.obj
 0001:0004b554       ?BeginFrame@OpenGLDrv@@YAXN@Z 0044c554 f   gl_main.obj
[...]
 0001:0005e44c       _write_file_header         0045f44c f   libs-vc-win32:jcmarker.obj
 0001:0005e498       _emit_jfif_app0            0045f498 f   libs-vc-win32:jcmarker.obj
 0001:0005e56b       _emit_adobe_app14          0045f56b f   libs-vc-win32:jcmarker.obj
 0001:0005e611       _write_frame_header        0045f611 f   libs-vc-win32:jcmarker.obj
 0001:0005e6f0       _emit_dqt                  0045f6f0 f   libs-vc-win32:jcmarker.obj
 0001:0005e7df       _emit_sof                  0045f7df f   libs-vc-win32:jcmarker.obj
 0001:0005e8bb       _write_scan_header         0045f8bb f   libs-vc-win32:jcmarker.obj
 0001:0005e97b       _emit_dht                  0045f97b f   libs-vc-win32:jcmarker.obj
 0001:0005ea54       _emit_dri                  0045fa54 f   libs-vc-win32:jcmarker.obj
 0001:0005eaa3       _emit_sos                  0045faa3 f   libs-vc-win32:jcmarker.obj
 0001:0005eb91       _write_file_trailer        0045fb91 f   libs-vc-win32:jcmarker.obj
 0001:0005ebb1       _write_tables_only         0045fbb1 f   libs-vc-win32:jcmarker.obj
 0001:0005f689       _alloc_funny_pointers      00460689 f   libs-vc-win32:jdmainct.obj
 0001:0005f736       _start_pass_main           00460736 f   libs-vc-win32:jdmainct.obj
 0001:0005f79e       _make_funny_pointers       0046079e f   libs-vc-win32:jdmainct.obj
 0001:0005f8de       _process_data_simple_main  004608de f   libs-vc-win32:jdmainct.obj
 0001:0005f946       _process_data_context_main 00460946 f   libs-vc-win32:jdmainct.obj
 0001:0005fa58       _set_wraparound_pointers   00460a58 f   libs-vc-win32:jdmainct.obj
 0001:0005fb42       _set_bottom_pointers       00460b42 f   libs-vc-win32:jdmainct.obj
 0001:0005fbdc       _process_data_crank_post   00460bdc f   libs-vc-win32:jdmainct.obj
 0001:0005fc82       _start_pass_dpost          00460c82 f   libs-vc-win32:jdpostct.obj
 0001:0005fd28       _post_process_1pass        00460d28 f   libs-vc-win32:jdpostct.obj
 0001:0005fd8d       _post_process_prepass      00460d8d f   libs-vc-win32:jdpostct.obj
 0001:0005fe1e       _post_process_2pass        00460e1e f   libs-vc-win32:jdpostct.obj
 0001:00060079       _start_pass_upsample       00461079 f   libs-vc-win32:jdsample.obj
 0001:00060093       _sep_upsample              00461093 f   libs-vc-win32:jdsample.obj
 0001:00060160       _fullsize_upsample         00461160 f   libs-vc-win32:jdsample.obj
 0001:0006016b       _noop_upsample             0046116b f   libs-vc-win32:jdsample.obj
 0001:00060173       _int_upsample              00461173 f   libs-vc-win32:jdsample.obj
 0001:0006025d       _h2v1_upsample             0046125d f   libs-vc-win32:jdsample.obj
 0001:000602b4       _h2v2_upsample             004612b4 f   libs-vc-win32:jdsample.obj
 0001:00060326       _h2v1_fancy_upsample       00461326 f   libs-vc-win32:jdsample.obj
 0001:000603c9       _h2v2_fancy_upsample       004613c9 f   libs-vc-win32:jdsample.obj
 0001:00060618       _build_ycc_rgb_table       00461618 f   libs-vc-win32:jdcolor.obj
 0001:000606c8       _ycc_rgb_convert           004616c8 f   libs-vc-win32:jdcolor.obj
 0001:000607d6       _null_convert              004617d6 f   libs-vc-win32:jdcolor.obj
 0001:0006084e       _grayscale_convert         0046184e f   libs-vc-win32:jdcolor.obj
 0001:00060871       _gray_rgb_convert          00461871 f   libs-vc-win32:jdcolor.obj
 0001:000608ca       _ycck_cmyk_convert         004618ca f   libs-vc-win32:jdcolor.obj
 0001:00060a74       _build_ycc_rgb_table       00461a74 f   libs-vc-win32:jdmerge.obj
 0001:00060b24       _start_pass_merged_upsample 00461b24 f   libs-vc-win32:jdmerge.obj
 0001:00060b39       _merged_2v_upsample        00461b39 f   libs-vc-win32:jdmerge.obj
 0001:00060be0       _merged_1v_upsample        00461be0 f   libs-vc-win32:jdmerge.obj
 0001:00060c11       _h2v1_merged_upsample      00461c11 f   libs-vc-win32:jdmerge.obj
 0001:00060d67       _h2v2_merged_upsample      00461d67 f   libs-vc-win32:jdmerge.obj
 0001:0006105d       _init_error_limit          0046205d f   libs-vc-win32:jquant2.obj
 0001:000610fc       _start_pass_2_quant        004620fc f   libs-vc-win32:jquant2.obj
 0001:000611fe       _prescan_quantize          004621fe f   libs-vc-win32:jquant2.obj
 0001:0006126d       _pass2_no_dither           0046226d f   libs-vc-win32:jquant2.obj
 0001:0006131a       _fill_inverse_cmap         0046231a f   libs-vc-win32:jquant2.obj
 0001:000613e5       _find_nearby_colors        004623e5 f   libs-vc-win32:jquant2.obj
 0001:00061589       _find_best_colors          00462589 f   libs-vc-win32:jquant2.obj
 0001:000616a3       _pass2_fs_dither           004626a3 f   libs-vc-win32:jquant2.obj
 0001:00061912       _finish_pass1              00462912 f   libs-vc-win32:jquant2.obj
 0001:00061934       _select_colors             00462934 f   libs-vc-win32:jquant2.obj
 0001:000619c0       _update_box                004629c0 f   libs-vc-win32:jquant2.obj
 0001:00061d5a       _median_cut                00462d5a f   libs-vc-win32:jquant2.obj
 0001:00061e6e       _find_biggest_color_pop    00462e6e f   libs-vc-win32:jquant2.obj
 0001:00061e9d       _find_biggest_volume       00462e9d f   libs-vc-win32:jquant2.obj
 0001:00061ec6       _compute_color             00462ec6 f   libs-vc-win32:jquant2.obj
 0001:00062002       _new_color_map_2_quant     00463002 f   libs-vc-win32:jquant2.obj
 0001:0006209c       _create_colormap           0046309c f   libs-vc-win32:jquant1.obj
 0001:000621ce       _select_ncolors            004631ce f   libs-vc-win32:jquant1.obj
 0001:000622a5       _create_colorindex         004632a5 f   libs-vc-win32:jquant1.obj
 0001:000623d1       _alloc_fs_workspace        004633d1 f   libs-vc-win32:jquant1.obj
 0001:0006240d       _start_pass_1_quant        0046340d f   libs-vc-win32:jquant1.obj
 0001:000624d9       _create_odither_tables     004634d9 f   libs-vc-win32:jquant1.obj
 0001:00062538       _make_odither_array        00463538 f   libs-vc-win32:jquant1.obj
 0001:0006259b       _color_quantize            0046359b f   libs-vc-win32:jquant1.obj
 0001:00062626       _color_quantize3           00463626 f   libs-vc-win32:jquant1.obj
 0001:000626b4       _quantize_ord_dither       004636b4 f   libs-vc-win32:jquant1.obj
 0001:0006279f       _quantize3_ord_dither      0046379f f   libs-vc-win32:jquant1.obj
 0001:0006289f       _quantize_fs_dither        0046389f f   libs-vc-win32:jquant1.obj
 0001:00062a23       _new_color_map_1_quant     00463a23 f   libs-vc-win32:jquant1.obj
 0001:00062ac6       _start_pass_main           00463ac6 f   libs-vc-win32:jcmainct.obj
 0001:00062b08       _process_data_simple_main  00463b08 f   libs-vc-win32:jcmainct.obj
 0001:00062c4e       _start_pass_prep           00463c4e f   libs-vc-win32:jcprepct.obj
 0001:00062c8c       _pre_process_data          00463c8c f   libs-vc-win32:jcprepct.obj
 0001:00062e3a       _pre_process_context       00463e3a f   libs-vc-win32:jcprepct.obj
 0001:00062ff3       _create_context_buffer     00463ff3 f   libs-vc-win32:jcprepct.obj
 0001:00063252       _sep_downsample            00464252 f   libs-vc-win32:jcsample.obj
 0001:000632c7       _int_downsample            004642c7 f   libs-vc-win32:jcsample.obj
 0001:000633bf       _expand_right_edge         004643bf f   libs-vc-win32:jcsample.obj
 0001:00063414       _fullsize_downsample       00464414 f   libs-vc-win32:jcsample.obj
 0001:00063458       _h2v1_downsample           00464458 f   libs-vc-win32:jcsample.obj
 0001:000634ec       _h2v2_downsample           004644ec f   libs-vc-win32:jcsample.obj
 0001:00063599       _h2v2_smooth_downsample    00464599 f   libs-vc-win32:jcsample.obj
 0001:00063811       _fullsize_smooth_downsample 00464811 f   libs-vc-win32:jcsample.obj
 0001:00063b06       _rgb_ycc_start             00464b06 f   libs-vc-win32:jccolor.obj
 0001:00063bca       _rgb_ycc_convert           00464bca f   libs-vc-win32:jccolor.obj
 0001:00063cc9       _rgb_gray_convert          00464cc9 f   libs-vc-win32:jccolor.obj
 0001:00063d4e       _cmyk_ycck_convert         00464d4e f   libs-vc-win32:jccolor.obj
 0001:00063e86       _grayscale_convert         00464e86 f   libs-vc-win32:jccolor.obj
 0001:00063ee0       _null_convert              00464ee0 f   libs-vc-win32:jccolor.obj
 0001:0006401a       _initial_setup             0046501a f   libs-vc-win32:jcmaster.obj
 0001:000641cd       _validate_script           004651cd f   libs-vc-win32:jcmaster.obj
 0001:000645a5       _prepare_for_pass          004655a5 f   libs-vc-win32:jcmaster.obj
 0001:0006471d       _select_scan_parameters    0046571d f   libs-vc-win32:jcmaster.obj
 0001:0006481e       _per_scan_setup            0046581e f   libs-vc-win32:jcmaster.obj
 0001:000649c9       _pass_startup              004659c9 f   libs-vc-win32:jcmaster.obj
 0001:000649f0       _finish_pass_master        004659f0 f   libs-vc-win32:jcmaster.obj
 0001:00064ac5       _start_pass                00465ac5 f   libs-vc-win32:jclossy.obj
 0001:00064b59       _start_pass                00465b59 f   libs-vc-win32:jclossls.obj
 0001:00064c0a       _calc_output_dimensions    00465c0a f   libs-vc-win32:jdlossy.obj
 0001:00064d7d       _start_input_pass          00465d7d f   libs-vc-win32:jdlossy.obj
 0001:00064d9d       _latch_quant_tables        00465d9d f   libs-vc-win32:jdlossy.obj
 0001:00064e35       _start_output_pass         00465e35 f   libs-vc-win32:jdlossy.obj
 0001:00064ecb       _calc_output_dimensions    00465ecb f   libs-vc-win32:jdlossls.obj
 0001:00064edc       _start_input_pass          00465edc f   libs-vc-win32:jdlossls.obj
 0001:00064fb3       _start_pass_coef           00465fb3 f   libs-vc-win32:jccoefct.obj
 0001:00065048       _start_iMCU_row            00466048 f   libs-vc-win32:jccoefct.obj
 0001:00065048       _start_iMCU_row            00466048 f   libs-vc-win32:jccoefct.obj
 0001:0006508a       _compress_data             0046608a f   libs-vc-win32:jccoefct.obj
 0001:00065271       _compress_first_pass       00466271 f   libs-vc-win32:jccoefct.obj
 0001:00065457       _compress_output           00466457 f   libs-vc-win32:jccoefct.obj
 0001:00065622       _start_pass_huff           00466622 f   libs-vc-win32:jcshuff.obj
 0001:00065797       _encode_mcu_huff           00466797 f   libs-vc-win32:jcshuff.obj
 0001:000658a2       _encode_one_block          004668a2 f   libs-vc-win32:jcshuff.obj
 0001:00065a19       _emit_bits                 00466a19 f   libs-vc-win32:jcshuff.obj
 0001:00065abc       _dump_buffer               00466abc f   libs-vc-win32:jcshuff.obj
 0001:00065ae0       _emit_restart              00466ae0 f   libs-vc-win32:jcshuff.obj
 0001:00065b4d       _flush_bits                00466b4d f   libs-vc-win32:jcshuff.obj
 0001:00065b71       _finish_pass_huff          00466b71 f   libs-vc-win32:jcshuff.obj
 0001:00065be0       _encode_mcu_gather         00466be0 f   libs-vc-win32:jcshuff.obj
 0001:00065c96       _htest_one_block           00466c96 f   libs-vc-win32:jcshuff.obj
 0001:00065d5d       _finish_pass_gather        00466d5d f   libs-vc-win32:jcshuff.obj
 0001:00065e87       _start_pass_phuff          00466e87 f   libs-vc-win32:jcphuff.obj
 0001:00065ff4       _encode_mcu_DC_first       00466ff4 f   libs-vc-win32:jcphuff.obj
 0001:00066126       _emit_bits                 00467126 f   libs-vc-win32:jcphuff.obj
 0001:000661d1       _dump_buffer               004671d1 f   libs-vc-win32:jcphuff.obj
 0001:00066209       _emit_symbol               00467209 f   libs-vc-win32:jcphuff.obj
 0001:00066249       _emit_restart              00467249 f   libs-vc-win32:jcphuff.obj
 0001:000662d2       _emit_eobrun               004672d2 f   libs-vc-win32:jcphuff.obj
 0001:00066358       _encode_mcu_AC_first       00467358 f   libs-vc-win32:jcphuff.obj
 0001:000664ec       _encode_mcu_DC_refine      004674ec f   libs-vc-win32:jcphuff.obj
 0001:000665a6       _encode_mcu_AC_refine      004675a6 f   libs-vc-win32:jcphuff.obj
 0001:000667bd       _finish_pass_phuff         004677bd f   libs-vc-win32:jcphuff.obj
 0001:0006680c       _finish_pass_gather_phuff  0046780c f   libs-vc-win32:jcphuff.obj
 0001:000668cf       _need_optimization_pass    004678cf f   libs-vc-win32:jcphuff.obj
 0001:00066952       _start_pass_fdctmgr        00467952 f   libs-vc-win32:jcdctmgr.obj
 0001:00066a54       _forward_DCT_float         00467a54 f   libs-vc-win32:jcdctmgr.obj
 0001:00066d3f       _start_pass_diff           00467d3f f   libs-vc-win32:jcdiffct.obj
 0001:00066ddd       _compress_data             00467ddd f   libs-vc-win32:jcdiffct.obj
 0001:00066f73       _compress_first_pass       00467f73 f   libs-vc-win32:jcdiffct.obj
 0001:00067068       _compress_output           00468068 f   libs-vc-win32:jcdiffct.obj
 0001:0006711f       _start_pass_huff           0046811f f   libs-vc-win32:jclhuff.obj
 0001:000672bc       _encode_mcus_huff          004682bc f   libs-vc-win32:jclhuff.obj
 0001:000674a7       _emit_bits                 004684a7 f   libs-vc-win32:jclhuff.obj
 0001:0006754a       _dump_buffer               0046854a f   libs-vc-win32:jclhuff.obj
 0001:0006756e       _emit_restart              0046856e f   libs-vc-win32:jclhuff.obj
 0001:000675b9       _flush_bits                004685b9 f   libs-vc-win32:jclhuff.obj
 0001:000675dd       _finish_pass_huff          004685dd f   libs-vc-win32:jclhuff.obj
 0001:0006764a       _encode_mcus_gather        0046864a f   libs-vc-win32:jclhuff.obj
 0001:00067773       _finish_pass_gather        00468773 f   libs-vc-win32:jclhuff.obj
 0001:0006782d       _start_pass                0046882d f   libs-vc-win32:jcpred.obj
 0001:00067885       _reset_predictor           00468885 f   libs-vc-win32:jcpred.obj
 0001:000678b2       _jpeg_difference_first_row 004688b2 f   libs-vc-win32:jcpred.obj
 0001:0006799c       _jpeg_difference1          0046899c f   libs-vc-win32:jcpred.obj
 0001:00067a0a       _jpeg_difference2          00468a0a f   libs-vc-win32:jcpred.obj
 0001:00067a7b       _jpeg_difference3          00468a7b f   libs-vc-win32:jcpred.obj
 0001:00067af3       _jpeg_difference4          00468af3 f   libs-vc-win32:jcpred.obj
 0001:00067b7e       _jpeg_difference5          00468b7e f   libs-vc-win32:jcpred.obj
 0001:00067c11       _jpeg_difference6          00468c11 f   libs-vc-win32:jcpred.obj
 0001:00067ca0       _jpeg_difference7          00468ca0 f   libs-vc-win32:jcpred.obj
 0001:00067d35       _scaler_start_pass         00468d35 f   libs-vc-win32:jcscale.obj
 0001:00067d58       _simple_downscale          00468d58 f   libs-vc-win32:jcscale.obj
 0001:00067d84       _noscale                   00468d84 f   libs-vc-win32:jcscale.obj
 0001:00067e9c       _start_input_pass          00468e9c f   libs-vc-win32:jdcoefct.obj
 0001:00067eaf       _start_iMCU_row            00468eaf f   libs-vc-win32:jdcoefct.obj
 0001:00067ef4       _start_output_pass         00468ef4 f   libs-vc-win32:jdcoefct.obj
 0001:00067f31       _decompress_onepass        00468f31 f   libs-vc-win32:jdcoefct.obj
 0001:0006810a       _consume_data              0046910a f   libs-vc-win32:jdcoefct.obj
 0001:000682c3       _decompress_data           004692c3 f   libs-vc-win32:jdcoefct.obj
 0001:0006842f       _smoothing_ok              0046942f f   libs-vc-win32:jdcoefct.obj
 0001:0006851a       _decompress_smooth_data    0046951a f   libs-vc-win32:jdcoefct.obj
 0001:00068ab3       _start_pass_huff_decoder   00469ab3 f   libs-vc-win32:jdshuff.obj
 0001:00068beb       _decode_mcu                00469beb f   libs-vc-win32:jdshuff.obj
 0001:00068f9b       _process_restart           00469f9b f   libs-vc-win32:jdshuff.obj
 0001:0006906c       _start_pass_phuff_decoder  0046a06c f   libs-vc-win32:jdphuff.obj
 0001:000692b5       _decode_mcu_DC_first       0046a2b5 f   libs-vc-win32:jdphuff.obj
 0001:000694ad       _process_restart           0046a4ad f   libs-vc-win32:jdphuff.obj
 0001:0006951c       _decode_mcu_AC_first       0046a51c f   libs-vc-win32:jdphuff.obj
 0001:0006973c       _decode_mcu_DC_refine      0046a73c f   libs-vc-win32:jdphuff.obj
 0001:00069811       _decode_mcu_AC_refine      0046a811 f   libs-vc-win32:jdphuff.obj
 0001:00069c1a       _start_pass                0046ac1a f   libs-vc-win32:jddctmgr.obj
 0001:00069ebe       _start_input_pass          0046aebe f   libs-vc-win32:jddiffct.obj
 0001:00069f26       _start_iMCU_row            0046af26 f   libs-vc-win32:jddiffct.obj
 0001:00069f6b       _start_output_pass         0046af6b f   libs-vc-win32:jddiffct.obj
 0001:00069f77       _decompress_data           0046af77 f   libs-vc-win32:jddiffct.obj
 0001:0006a0e7       _process_restart           0046b0e7 f   libs-vc-win32:jddiffct.obj
 0001:0006a11c       _consume_data              0046b11c f   libs-vc-win32:jddiffct.obj
 0001:0006a193       _output_data               0046b193 f   libs-vc-win32:jddiffct.obj
 0001:0006a2da       _scaler_start_pass         0046b2da f   libs-vc-win32:jdscale.obj
 0001:0006a327       _simple_upscale            0046b327 f   libs-vc-win32:jdscale.obj
 0001:0006a35d       _simple_downscale          0046b35d f   libs-vc-win32:jdscale.obj
 0001:0006a393       _noscale                   0046b393 f   libs-vc-win32:jdscale.obj
 0001:0006a3cb       _predict_start_pass        0046b3cb f   libs-vc-win32:jdpred.obj
 0001:0006a459       _jpeg_undifference_first_row 0046b459 f   libs-vc-win32:jdpred.obj
 0001:0006a532       _jpeg_undifference1        0046b532 f   libs-vc-win32:jdpred.obj
 0001:0006a574       _jpeg_undifference2        0046b574 f   libs-vc-win32:jdpred.obj
 0001:0006a5bd       _jpeg_undifference3        0046b5bd f   libs-vc-win32:jdpred.obj
 0001:0006a611       _jpeg_undifference4        0046b611 f   libs-vc-win32:jdpred.obj
 0001:0006a667       _jpeg_undifference5        0046b667 f   libs-vc-win32:jdpred.obj
 0001:0006a6cc       _jpeg_undifference6        0046b6cc f   libs-vc-win32:jdpred.obj
 0001:0006a724       _jpeg_undifference7        0046b724 f   libs-vc-win32:jdpred.obj
 0001:0006a7af       _start_pass_lhuff_decoder  0046b7af f   libs-vc-win32:jdlhuff.obj
 0001:0006a8e0       _process_restart           0046b8e0 f   libs-vc-win32:jdlhuff.obj
 0001:0006a92a       _decode_mcus               0046b92a f   libs-vc-win32:jdlhuff.obj
 0001:0006c11e       _pre_cpp_init              0046d11e f   MSVCRT:crtexew.obj
 0001:0006c169       ___tmainCRTStartup         0046d169 f   MSVCRT:crtexew.obj
 0001:0006c342       _pre_c_init                0046d342 f   MSVCRT:crtexew.obj
 0001:0006c820       _dummy_consume_data        0046d820 f   MSVCRT:merr.obj
 0001:0006c820       _dummy_consume_data        0046d820 f   MSVCRT:merr.obj
 0001:0006c990       ??__EGNullDevice@@YAXXZ    0046d990 f   OutputDevice.obj
 0001:0006c99c       ??__EGLogDevice@@YAXXZ     0046d99c f   OutputDevice.obj
 0001:0006c9a8       ??__ELogTail@@YAXXZ        0046d9a8 f   ErrorMgr.obj
 0001:0006c9c7       ??__EErrLog@@YAXXZ         0046d9c7 f   ErrorMgr.obj
 0001:0006c9d3       ??__EText@@YAXXZ           0046d9d3 f   sv_text.obj
 0001:0006ca06       ??__EFS@@YAXXZ             0046da06 f   QuakeFileSystem.obj
 0001:0006ca12       ??__EWin32Log@@YAXXZ       0046da12 f   sys_win.obj
 0001:0006ca1e       ??__EText@OpenGLDrv@@YAXXZ 0046da1e f   gl_text.obj
 0001:0006ca51       ??__FGNullDevice@@YAXXZ    0046da51 f   OutputDevice.obj
 0001:0006ca5c       ??__FGLogDevice@@YAXXZ     0046da5c f   OutputDevice.obj
 0001:0006ca67       ??__FLogTail@@YAXXZ        0046da67 f   ErrorMgr.obj
 0001:0006ca71       ??__FErrLog@@YAXXZ         0046da71 f   ErrorMgr.obj
 0001:0006ca7b       ??__FText@@YAXXZ           0046da7b f   sv_text.obj
 0001:0006ca88       ??__FFS@@YAXXZ             0046da88 f   QuakeFileSystem.obj
 0001:0006ca93       ??__FWin32Log@@YAXXZ       0046da93 f   sys_win.obj
 0001:0006ca9e       ??__FText@OpenGLDrv@@YAXXZ 0046da9e f   gl_text.obj
