 quake2

 Timestamp is 42a48a96 (Mon Jun 06 21:40:38 2005)

 Preferred load address is 00400000

 Start         Length     Name                   Class
 0001:00000000 0005fb10H .text                   CODE
 0002:00000000 0000027cH .idata$5                DATA
 0002:00000280 00005d94H .rdata                  DATA
 0002:00006018 00000044H .rdata$r                DATA
 0002:00006060 00000038H .xdata$x                DATA
 0002:00006098 00000078H .idata$2                DATA
 0002:00006110 00000014H .idata$3                DATA
 0002:00006124 0000027cH .idata$4                DATA
 0002:000063a0 00000808H .idata$6                DATA
 0002:00006ba8 00000000H .edata                  DATA
 0003:00000000 00000004H .CRT$XCA                DATA
 0003:00000004 00000074H .CRT$XCU                DATA
 0003:00000078 00000004H .CRT$XCZ                DATA
 0003:0000007c 00000004H .CRT$XIA                DATA
 0003:00000080 00000004H .CRT$XIZ                DATA
 0003:00000090 0000cddcH .data                   DATA
 0003:0000ce70 0034aca8H .bss                    DATA
 0004:00000000 00000130H .rsrc$01                DATA
 0004:00000130 00003f20H .rsrc$02                DATA

  Address         Publics by Value              Rva+Base     Lib:Object

 0001:00000000       ??3@YAXPAX@Z               00401000 f i CoreMain.obj
 0001:0000000b       ?appInit@@YAXXZ            0040100b f   CoreMain.obj
 0001:0000006e       ?appExit@@YAXXZ            0040106e f   CoreMain.obj
 0001:00000073       ?appLoadDebugSymbols@@YAXXZ 00401073 f   DbgSymbols.obj
 0001:00000276       ?appSymbolName@@YA_NIPADH@Z 00401276 f   DbgSymbols.obj
 0001:00000362       ?appSymbolName@@YAPBDI@Z   00401362 f   DbgSymbols.obj
 0001:00000394       ?appMalloc@@YAPAXIH@Z      00401394 f   Memory.obj
 0001:00000442       ?appFree@@YAXPAX@Z         00401442 f   Memory.obj
 0001:00000470       ?Unlink@FMemHeader@@QAEXXZ 00401470 f i Memory.obj
 0001:0000049b       ?Link@CMemoryChain@@AAEXXZ 0040149b f   Memory.obj
 0001:000004ba       ?Unlink@CMemoryChain@@AAEXXZ 004014ba f   Memory.obj
 0001:000004e5       ??2CMemoryChain@@SAPAXIH@Z 004014e5 f   Memory.obj
 0001:00000557       ??3CMemoryChain@@SAXPAX@Z  00401557 f   Memory.obj
 0001:0000058a       ?Alloc@CMemoryChain@@QAEPAXIH@Z 0040158a f   Memory.obj
 0001:000005f4       ?appInitMemory@@YAXXZ      004015f4 f   Memory.obj
 0001:00000b3f       ?Write@COutputDeviceNull@@UAEXPBD@Z 00401b3f f i OutputDevice.obj
 0001:00000b42       ?appWPrintf@@YAXPBDZZ      00401b42 f   OutputDevice.obj
 0001:00000b93       ?appFatalError@@YAXPBDZZ   00401b93 f   ErrorMgr.obj
 0001:00000bcd       ?appNonFatalError@@YAXPBDZZ 00401bcd f   ErrorMgr.obj
 0001:00000c2b       ?appUnwindPrefix@@YAXPBD@Z 00401c2b f   ErrorMgr.obj
 0001:00000c82       ?appUnwindThrow@@YAXPBDZZ  00401c82 f   ErrorMgr.obj
 0001:00000d09       ?Reset@CErrorHandler@@QAEXXZ 00401d09 f   ErrorMgr.obj
 0001:00000d33       ?appInitError@@YAXXZ       00401d33 f   ErrorMgr.obj
 0001:00000df1       ?appStricmp@@YAHPBD0@Z     00401df1 f   Strings.obj
 0001:00000e26       ?toLower@@YADD@Z           00401e26 f i Strings.obj
 0001:00000e3d       ?appStrcpy@@YAXPADPBD@Z    00401e3d f   Strings.obj
 0001:00000e50       ?appStrncpylwr@@YAXPADPBDH@Z 00401e50 f   Strings.obj
 0001:00000e88       ?appStrncpyz@@YAXPADPBDH@Z 00401e88 f   Strings.obj
 0001:00000eb5       ?appStrcatn@@YAXPADHPBD@Z  00401eb5 f   Strings.obj
 0001:00000ee0       ?appCopyFilename@@YAXPADPBDH@Z 00401ee0 f   Strings.obj
 0001:00000f7c       ?appCStrlen@@YAHPBD@Z      00401f7c f   Strings.obj
 0001:00000fa1       ?appUncolorizeString@@YAXPADPBD@Z 00401fa1 f   Strings.obj
 0001:00000fd1       ?va@@YAPBDPBDZZ            00401fd1 f   Strings.obj
 0001:0000106d       ?appSprintf@@YAHPADHPBDZZ  0040206d f   Strings.obj
 0001:000010b8       ?appMatchWildcard@@YA_NPBD0_N@Z 004020b8 f   Strings.obj
 0001:00001238       ?CopyString@@YAPADPBD@Z    00402238 f   Strings.obj
 0001:00001278       ?CopyString@@YAPADPBDPAVCMemoryChain@@@Z 00402278 f   Strings.obj
 0001:000012ac       ??2CStringItem@@SAPAXIPBD@Z 004022ac f   Strings.obj
 0001:000012f5       ??2CStringItem@@SAPAXIPBDPAVCMemoryChain@@@Z 004022f5 f   Strings.obj
 0001:00001332       ?Find@CStringList@@IAEPAVCStringItem@@PBDPAPAV2@@Z 00402332 f   Strings.obj
 0001:0000136e       ?Find@CStringList@@IAEPAVCStringItem@@H@Z 0040236e f   Strings.obj
 0001:00001387       ?IndexOf@CStringList@@QAEHPBD@Z 00402387 f   Strings.obj
 0001:000013b4       ?Remove@CStringList@@QAE_NPAVCStringItem@@@Z 004023b4 f   Strings.obj
 0001:000013e0       ?Free@CStringList@@QAEXXZ  004023e0 f   Strings.obj
 0001:000013f9       ?appMillisecondsf@@YANXZ   004023f9 f   CoreWin32.obj
 0001:00001432       ?appMilliseconds@@YAIXZ    00402432 f   CoreWin32.obj
 0001:00001467       ?cpuid@@YAXI@Z             00402467 f   CoreWin32.obj
 0001:0000148a       ?appInitPlatform@@YAXXZ    0040248a f   CoreWin32.obj
 0001:0000171d       ?appShutdownPlatform@@YAXXZ 0040271d f   CoreWin32.obj
 0001:00001726       ?osAddressInfo@@YA_NIPADHPAH@Z 00402726 f   DbgSymbolsWin32.obj
 0001:000017ba       ?osModuleInfo@@YA_NIPADHPAH@Z 004027ba f   DbgSymbolsWin32.obj
 0001:00001962       ?win32ExceptFilter@@YAHPAU_EXCEPTION_POINTERS@@@Z 00402962 f   ExceptFilterWin32.obj
 0001:00001e98       ?win32ExceptFilter2@@YAHXZ 00402e98 f   ExceptFilterWin32.obj
 0001:00001ea4       ?SCR_StopCinematic@@YAXXZ  00402ea4 f   cl_cin.obj
 0001:00001f38       ?SCR_DrawCinematic@@YA_NXZ 00402f38 f   cl_cin.obj
 0001:00002399       ?SCR_PlayCinematic@@YAXPAD@Z 00403399 f   cl_cin.obj
 0001:00002709       ?CL_Download_f@@YAX_NHPAPAD@Z 00403709 f   cl_download.obj
 0001:00002aba       ?CL_ParseDownload@@YAXXZ   00403aba f   cl_download.obj
 0001:000032c7       ?CL_Precache_f@@YAXHPAPAD@Z 004042c7 f   cl_download.obj
 0001:00003325       ?CL_ParseDelta@@YAXPAUclEntityState_t@@0HI_N@Z 00404325 f   cl_ents.obj
 0001:000034a5       ?CL_ParsePacketEntities@@YAXPAUframe_t@@0@Z 004044a5 f   cl_ents.obj
 0001:00003814       ?CL_FireEntityEvents@@YAXPAUframe_t@@@Z 00404814 f   cl_ents.obj
 0001:00003866       ?CL_ParseFrame@@YAXXZ      00404866 f   cl_ents.obj
 0001:00003b58       ?CL_AddEntityBox@@YAXPAUclEntityState_t@@I@Z 00404b58 f   cl_ents.obj
 0001:00003c59       ?Lerp@@YAXABUCVec3@@0MAAU1@@Z 00404c59 f i cl_ents.obj
 0001:00003c90       ?CL_OffsetThirdPersonView@@YAXXZ 00404c90 f   cl_ents.obj
 0001:00003d51       ?CL_CalcViewValues@@YAXXZ  00404d51 f   cl_ents.obj
 0001:00004054       ?CL_AddEntities@@YAXXZ     00405054 f   cl_ents.obj
 0001:00004d4a       ?CL_GetEntitySoundOrigin@@YAXHAAUCVec3@@@Z 00405d4a f   cl_ents.obj
 0001:00004d82       ?CL_ClearLightStyles@@YAXXZ 00405d82 f   cl_fx.obj
 0001:00004e04       ?CL_RunLightStyles@@YAXXZ  00405e04 f   cl_fx.obj
 0001:00004ea3       ?CL_SetLightstyle@@YAXHPBD@Z 00405ea3 f   cl_fx.obj
 0001:00004f04       ?CL_ClearDlights@@YAXXZ    00405f04 f   cl_fx.obj
 0001:00004f15       ?CL_AllocDlight@@YAPAUcdlight_t@@HABUCVec3@@@Z 00405f15 f   cl_fx.obj
 0001:00004f7e       ?CL_AddDLights@@YAXXZ      00405f7e f   cl_fx.obj
 0001:00004fde       ?CL_ClearParticles@@YAXXZ  00405fde f   cl_fx.obj
 0001:00005045       ?CL_AllocParticleTrace@@YAPAUparticleTrace_t@@ABUCVec3@@0MM@Z 00406045 f   cl_fx.obj
 0001:000050e5       ?CL_AllocParticleBeam@@YAPAUbeam_t@@ABUCVec3@@0MM@Z 004060e5 f   cl_fx.obj
 0001:00005158       ?CL_AllocParticle@@YAPAUparticle_t@@XZ 00406158 f   cl_fx.obj
 0001:000051a6       ?CL_UpdateParticles@@YAXXZ 004061a6 f   cl_fx.obj
 0001:00005797       ?CL_MetalSparks@@YAXABUCVec3@@0H@Z 00406797 f   cl_fx.obj
 0001:00005884       ?CL_ParseMuzzleFlash@@YAXXZ 00406884 f   cl_fx.obj
 0001:00005c01       ?CL_ParseMuzzleFlash2@@YAXXZ 00406c01 f   cl_fx.obj
 0001:0000623e       ?CL_ParticleEffect@@YAXABUCVec3@@0HH@Z 0040723e f   cl_fx.obj
 0001:0000630d       ?CL_ParticleEffect2@@YAXABUCVec3@@0HH@Z 0040730d f   cl_fx.obj
 0001:000063d8       ?CL_ParticleEffect3@@YAXABUCVec3@@0HH@Z 004073d8 f   cl_fx.obj
 0001:000064a8       ?CL_TeleporterParticles@@YAXPAUclEntityState_t@@@Z 004074a8 f   cl_fx.obj
 0001:0000655f       ?CL_LogoutEffect@@YAXABUCVec3@@H@Z 0040755f f   cl_fx.obj
 0001:0000664a       ?CL_ItemRespawnParticles@@YAXABUCVec3@@@Z 0040764a f   cl_fx.obj
 0001:000066f9       ?CL_ExplosionParticles@@YAXABUCVec3@@@Z 004076f9 f   cl_fx.obj
 0001:000067a3       ?CL_BigTeleportParticles@@YAXABUCVec3@@@Z 004077a3 f   cl_fx.obj
 0001:000068fa       ?CL_BlasterParticles@@YAXABUCVec3@@0@Z 004078fa f   cl_fx.obj
 0001:000069c6       ?CL_BlasterTrail@@YAXABUCVec3@@0@Z 004079c6 f   cl_fx.obj
 0001:00006ad2       ?CL_FlagTrail@@YAXABUCVec3@@0H@Z 00407ad2 f   cl_fx.obj
 0001:00006bea       ?CL_DiminishingTrail@@YAXABUCVec3@@0PAUcentity_t@@H@Z 00407bea f   cl_fx.obj
 0001:00006e5a       ?CL_RocketTrail@@YAXABUCVec3@@0PAUcentity_t@@@Z 00407e5a f   cl_fx.obj
 0001:00006f82       ?CL_RailTrail@@YAXABUCVec3@@0@Z 00407f82 f   cl_fx.obj
 0001:000071c4       ?CL_RailTrailExt@@YAXABUCVec3@@0EE@Z 004081c4 f   cl_fx.obj
 0001:000072c8       ?CL_IonripperTrail@@YAXABUCVec3@@0@Z 004082c8 f   cl_fx.obj
 0001:000073f4       ?CL_BubbleTrail@@YAXABUCVec3@@0@Z 004083f4 f   cl_fx.obj
 0001:00007509       ?CL_FlyParticles@@YAXABUCVec3@@H@Z 00408509 f   cl_fx.obj
 0001:000076a3       ?CL_FlyEffect@@YAXPAUcentity_t@@ABUCVec3@@@Z 004086a3 f   cl_fx.obj
 0001:0000770b       ?CL_BfgParticles@@YAXPAUentity_t@@@Z 0040870b f   cl_fx.obj
 0001:000078ea       ?CL_TrapParticles@@YAXPAUentity_t@@@Z 004088ea f   cl_fx.obj
 0001:00007b88       ?CL_BFGExplosionParticles@@YAXABUCVec3@@@Z 00408b88 f   cl_fx.obj
 0001:00007c32       ?CL_TeleportParticles@@YAXABUCVec3@@@Z 00408c32 f   cl_fx.obj
 0001:00007d6d       ?CL_EntityEvent@@YAXPAUclEntityState_t@@@Z 00408d6d f   cl_fx.obj
 0001:00007f47       ?CL_ClearEffects@@YAXXZ    00408f47 f   cl_fx.obj
 0001:00007f56       ?IN_CenterView@@YAXXZ      00408f56 f   cl_input.obj
 0001:00007f77       ?CL_InitInput@@YAXXZ       00408f77 f   cl_input.obj
 0001:00008513       ?CL_SendCmd@@YAXXZ         00409513 f   cl_input.obj
 0001:00008b91       ?CL_WriteDemoMessage@@YAXXZ 00409b91 f   cl_main.obj
 0001:00008bd3       ?Cmd_ForwardToServer@@YAXHPAPAD@Z 00409bd3 f   cl_main.obj
 0001:00008c96       ?CL_ForwardToServer_f@@YAXHPAPAD@Z 00409c96 f   cl_main.obj
 0001:00008cde       ?CL_Pause@@YAX_N@Z         00409cde f   cl_main.obj
 0001:00008d20       ?CL_Quit_f@@YAXXZ          00409d20 f   cl_main.obj
 0001:00008d2a       ?CL_Drop@@YAX_N@Z          00409d2a f   cl_main.obj
 0001:00008d51       ?CL_SendConnectPacket@@YAXXZ 00409d51 f   cl_main.obj
 0001:00008e06       ?CL_CheckForResend@@YAXXZ  00409e06 f   cl_main.obj
 0001:00008f0b       ?CL_Connect_f@@YAX_NHPAPAD@Z 00409f0b f   cl_main.obj
 0001:00008f8e       ?CL_Rcon_f@@YAXHPAPAD@Z    00409f8e f   cl_main.obj
 0001:00009096       ?CL_Disconnect@@YAXXZ      0040a096 f   cl_main.obj
 0001:00009238       ?CL_Disconnect_f@@YAXXZ    0040a238 f   cl_main.obj
 0001:00009242       ?CL_Changing_f@@YAXXZ      0040a242 f   cl_main.obj
 0001:00009266       ?CL_Reconnect_f@@YAXXZ     0040a266 f   cl_main.obj
 0001:00009302       ?CL_PingServers_f@@YAXXZ   0040a302 f   cl_main.obj
 0001:0000946d       ?CL_Skins_f@@YAXXZ         0040a46d f   cl_main.obj
 0001:00009780       ?CL_ConnectionlessPacket@@YAXXZ 0040a780 f   cl_main.obj
 0001:00009880       ?CL_ReadPackets@@YAXXZ     0040a880 f   cl_main.obj
 0001:000099c3       ?CL_FixUpGender@@YAXXZ     0040a9c3 f   cl_main.obj
 0001:00009a6f       ?CL_Userinfo_f@@YAXXZ      0040aa6f f   cl_main.obj
 0001:00009a87       ?CL_RegisterSounds@@YAXXZ  0040aa87 f   cl_main.obj
 0001:00009ac6       ?CL_Snd_Restart_f@@YAXXZ   0040aac6 f   cl_main.obj
 0001:00009ad5       ?CL_WriteConfiguration@@YAXPBD@Z 0040aad5 f   cl_main.obj
 0001:00009b90       ?CL_WriteConfig_f@@YAX_NHPAPAD@Z 0040ab90 f   cl_main.obj
 0001:00009bef       ?CL_FixCvarCheats@@YAXXZ   0040abef f   cl_main.obj
 0001:00009c49       ?CL_Frame@@YAXMM@Z         0040ac49 f   cl_main.obj
 0001:00009e49       ?CL_ClearState@@YAXXZ      0040ae49 f   cl_main.obj
 0001:00009e82       ?CL_Init@@YAXXZ            0040ae82 f   cl_main.obj
 0001:0000a359       ?CL_Shutdown@@YAX_N@Z      0040b359 f   cl_main.obj
 0001:0000a3ae       ?CL_Flashlight@@YAXHABUCVec3@@@Z 0040b3ae f   cl_newfx.obj
 0001:0000a3e8       ?CL_ColorFlash@@YAXABUCVec3@@HHMMM@Z 0040b3e8 f   cl_newfx.obj
 0001:0000a424       ?CL_DebugTrail@@YAXABUCVec3@@0@Z 0040b424 f   cl_newfx.obj
 0001:0000a51a       ?CL_ForceWall@@YAXABUCVec3@@0H@Z 0040b51a f   cl_newfx.obj
 0001:0000a65a       ?CL_BubbleTrail2@@YAXABUCVec3@@0H@Z 0040b65a f   cl_newfx.obj
 0001:0000a786       ?CL_Heatbeam@@YAXABUCVec3@@0@Z 0040b786 f   cl_newfx.obj
 0001:0000aa2e       ?CL_ParticleSteamEffect@@YAXABUCVec3@@0HHH@Z 0040ba2e f   cl_newfx.obj
 0001:0000ab62       ?CL_ParticleSteamEffect2@@YAXPAUcl_sustain_t@@@Z 0040bb62 f   cl_newfx.obj
 0001:0000aca3       ?CL_TrackerTrail@@YAXABUCVec3@@0H@Z 0040bca3 f   cl_newfx.obj
 0001:0000adf0       ?CL_Tracker_Shell@@YAXABUCVec3@@@Z 0040bdf0 f   cl_newfx.obj
 0001:0000ae75       ?CL_MonsterPlasma_Shell@@YAXABUCVec3@@@Z 0040be75 f   cl_newfx.obj
 0001:0000aef7       ?CL_Widowbeamout@@YAXPAUcl_sustain_t@@@Z 0040bef7 f   cl_newfx.obj
 0001:0000afab       ?CL_Nukeblast@@YAXPAUcl_sustain_t@@@Z 0040bfab f   cl_newfx.obj
 0001:0000b05f       ?CL_WidowSplash@@YAXABUCVec3@@@Z 0040c05f f   cl_newfx.obj
 0001:0000b129       ?CL_TagTrail@@YAXABUCVec3@@0H@Z 0040c129 f   cl_newfx.obj
 0001:0000b241       ?CL_ColorExplosionParticles@@YAXABUCVec3@@HH@Z 0040c241 f   cl_newfx.obj
 0001:0000b2ee       ?CL_ParticleSmokeEffect@@YAXABUCVec3@@0HHH@Z 0040c2ee f   cl_newfx.obj
 0001:0000b420       ?CL_BlasterParticles2@@YAXABUCVec3@@0I@Z 0040c420 f   cl_newfx.obj
 0001:0000b4ed       ?CL_BlasterTrail2@@YAXABUCVec3@@0@Z 0040c4ed f   cl_newfx.obj
 0001:0000b5f9       ?CL_ParseClientinfo@@YAXH@Z 0040c5f9 f   cl_parse.obj
 0001:0000b64b       ?CL_ParseServerMessage@@YAXXZ 0040c64b f   cl_parse.obj
 0001:0000be13       ?FreePlayerModelsInfo@@YAXXZ 0040ce13 f   cl_playermodel.obj
 0001:0000be39       ?ScanQuake3Models@@YAXXZ   0040ce39 f   cl_playermodel.obj
 0001:0000bf97       ?ScanPlayerModels@@YA_NXZ  0040cf97 f   cl_playermodel.obj
 0001:0000c207       ?RunAnimation@@YAXAAUclientInfo_t@@AAUanimState_t@@H@Z 0040d207 f   cl_playermodel.obj
 0001:0000c3c5       ?CL_LoadClientinfo@@YAXAAUclientInfo_t@@PBD_N@Z 0040d3c5 f   cl_playermodel.obj
 0001:0000cbdd       ?ParsePlayerEntity@@YAHPAUcentity_t@@PAUclientInfo_t@@PAUclEntityState_t@@ABUentity_t@@PAU4@HH@Z 0040dbdd f   cl_playermodel.obj
 0001:0000d2cf       ?Insert@?$TList@VCStringItem@@@@QAE_NPAVCStringItem@@@Z 0040e2cf f i cl_playermodel.obj
 0001:0000d2cf       ?Insert@?$TList@VplayerModelInfo_t@@@@QAE_NPAVplayerModelInfo_t@@@Z 0040e2cf f i cl_playermodel.obj
 0001:0000d305       ?CL_CheckPredictionError@@YAXXZ 0040e305 f   cl_pred.obj
 0001:0000d49b       ?CL_EntityTrace@@YAXAAUtrace_t@@ABUCVec3@@111H@Z 0040e49b f   cl_pred.obj
 0001:0000d836       ?CL_Trace@@YAXAAUtrace_t@@ABUCVec3@@111H@Z 0040e836 f   cl_pred.obj
 0001:0000d8b8       ?CL_PMpointcontents@@YAHABUCVec3@@@Z 0040e8b8 f   cl_pred.obj
 0001:0000da44       ?CL_PredictMovement@@YAXXZ 0040ea44 f   cl_pred.obj
 0001:0000dde6       ?DrawString@@YAXHHPBD@Z    0040ede6 f   cl_scrn.obj
 0001:0000de2a       ?SCR_DebugGraph@@YAXMH@Z   0040ee2a f   cl_scrn.obj
 0001:0000de52       ?SCR_CenterPrint@@YAXPAD@Z 0040ee52 f   cl_scrn.obj
 0001:0000df56       ?Key_Message@@YAXH@Z       0040ef56 f   cl_scrn.obj
 0001:0000dff2       ?SCR_SetLevelshot@@YAXPBD@Z 0040eff2 f   cl_scrn.obj
 0001:0000e0e5       ?SCR_BeginLoadingPlaque@@YAXXZ 0040f0e5 f   cl_scrn.obj
 0001:0000e16a       ?SCR_EndLoadingPlaque@@YAX_N@Z 0040f16a f   cl_scrn.obj
 0001:0000e1ef       ?SCR_ShowConsole@@YAX_N0@Z 0040f1ef f   cl_scrn.obj
 0001:0000e2c5       ?SCR_ToggleConsole@@YAXXZ  0040f2c5 f   cl_scrn.obj
 0001:0000e2ed       ?SCR_TouchPics@@YAXXZ      0040f2ed f   cl_scrn.obj
 0001:0000e34c       ?SCR_UpdateScreen@@YAXXZ   0040f34c f   cl_scrn.obj
 0001:0000f5d5       ?SCR_Init@@YAXXZ           004105d5 f   cl_scrn.obj
 0001:0000f91f       ?CL_RegisterTEntSounds@@YAXXZ 0041091f f   cl_tent.obj
 0001:0000fb64       ?CL_RegisterTEntModels@@YAXXZ 00410b64 f   cl_tent.obj
 0001:0000fca2       ?CL_ClearTEnts@@YAXXZ      00410ca2 f   cl_tent.obj
 0001:0000fcd6       ?CL_AllocExplosion@@YAPAUexplosion_t@@ABUCVec3@@W4exptype_t@@@Z 00410cd6 f   cl_tent.obj
 0001:0000fd81       ?CL_AddExplosions@@YAXXZ   00410d81 f   cl_tent.obj
 0001:0000ff0f       ?CL_SmokeAndFlash@@YAXABUCVec3@@@Z 00410f0f f   cl_tent.obj
 0001:0000ff57       ?CL_ParseBeam@@YAHPAVCRenderModel@@@Z 00410f57 f   cl_tent.obj
 0001:00010023       ?CL_ParseBeam2@@YAHPAVCRenderModel@@@Z 00411023 f   cl_tent.obj
 0001:000100fa       ?CL_ParsePlayerBeam@@YAHPAVCRenderModel@@@Z 004110fa f   cl_tent.obj
 0001:00010205       ?CL_ParseLightning@@YAHPAVCRenderModel@@@Z 00411205 f   cl_tent.obj
 0001:000102c7       ?CL_ParseLaser@@YAXI@Z     004112c7 f   cl_tent.obj
 0001:00010343       ?CL_ParseSteam@@YAXXZ      00411343 f   cl_tent.obj
 0001:00010454       ?CL_ParseWidow@@YAXXZ      00411454 f   cl_tent.obj
 0001:000104c0       ?CL_ParseNuke@@YAXXZ       004114c0 f   cl_tent.obj
 0001:0001052a       ?CL_ParseTEnt@@YAXXZ       0041152a f   cl_tent.obj
 0001:00011376       ?CL_AddBeams@@YAXXZ        00412376 f   cl_tent.obj
 0001:0001169f       ?CL_AddPlayerBeams@@YAXXZ  0041269f f   cl_tent.obj
 0001:00011d9e       ?CL_ProcessSustain@@YAXXZ  00412d9e f   cl_tent.obj
 0001:00011ddf       ?CL_AddTEnts@@YAXXZ        00412ddf f   cl_tent.obj
 0001:00011df3       ?V_AddEntity@@YAXPAUentity_t@@@Z 00412df3 f   cl_view.obj
 0001:00011e2e       ?V_AddEntity2@@YAXPAUentity_t@@@Z 00412e2e f   cl_view.obj
 0001:00011e5d       ?AddEntityWithEffects2@@YAXPAUentity_t@@I@Z 00412e5d f   cl_view.obj
 0001:00011e80       ?AddEntityWithEffects@@YAXPAUentity_t@@I@Z 00412e80 f   cl_view.obj
 0001:00011e9f       ?V_AddLight@@YAXABUCVec3@@MMMM@Z 00412e9f f   cl_view.obj
 0001:00011ee4       ?V_TestParticles@@YAXXZ    00412ee4 f   cl_view.obj
 0001:00011fad       ?V_TestEntities@@YAXXZ     00412fad f   cl_view.obj
 0001:000120e7       ?V_TestLights@@YAXXZ       004130e7 f   cl_view.obj
 0001:000121bd       ?CL_PrepRefresh@@YAXXZ     004131bd f   cl_view.obj
 0001:00012488       ?CalcFov@@YAMMMM@Z         00413488 f   cl_view.obj
 0001:000124f6       ?V_RenderView@@YA_NXZ      004134f6 f   cl_view.obj
 0001:00013154       ?V_Init@@YAXXZ             00414154 f   cl_view.obj
 0001:00013203       ?Con_ClearNotify@@YAXXZ    00414203 f   console.obj
 0001:00013212       ?Con_CheckResize@@YAXXZ    00414212 f   console.obj
 0001:00013339       ?Con_Print@@YAXPBD@Z       00414339 f   console.obj
 0001:00013631       ?Con_DrawNotify@@YAX_N@Z   00414631 f   console.obj
 0001:00013749       ?Con_DrawConsole@@YAXM@Z   00414749 f   console.obj
 0001:00013b1c       ?Con_ClearTyping@@YAXXZ    00414b1c f   console.obj
 0001:00013b35       ?Key_Console@@YAXHH@Z      00414b35 f   console.obj
 0001:00013f7d       ?Con_Init@@YAXXZ           00414f7d f   console.obj
 0001:000140f9       ?Key_KeynumToString@@YAPBDH@Z 004150f9 f   keys.obj
 0001:000141b9       ?Draw@completeMenu_t@@UAEXXZ 004151b9 f i keys.obj
 0001:000141ea       ?KeyDown@completeMenu_t@@UAEPBDH@Z 004151ea f i keys.obj
 0001:00014213       ?Init@completeMenu_t@@UAE_NXZ 00415213 f i keys.obj
 0001:0001433a       ?CompleteMenuCallback@completeMenu_t@@SAXPAX@Z 0041533a f i keys.obj
 0001:000143c8       ?CompleteCommand@@YAXXZ    004153c8 f   keys.obj
 0001:00014afd       ?Key_SetBinding@@YAXHPBD@Z 00415afd f   keys.obj
 0001:00014b3b       ?Key_FindBinding@@YAHPBDPAHH@Z 00415b3b f   keys.obj
 0001:00014b89       ?Key_WriteBindings@@YAXPAU_iobuf@@@Z 00415b89 f   keys.obj
 0001:00014bd1       ?Key_Init@@YAXXZ           00415bd1 f   keys.obj
 0001:00014eb5       ?Key_Event@@YAXH_N@Z       00415eb5 f   keys.obj
 0001:0001520e       ?Key_ClearStates@@YAXXZ    0041620e f   keys.obj
 0001:00015243       ?M_ForceMenuOn@@YAXXZ      00416243 f   menu.obj
 0001:00015262       ?Draw@menuMain_t@@UAEXXZ   00416262 f i menu.obj
 0001:000153c5       ?KeyDown@menuMain_t@@UAEPBDH@Z 004163c5 f i menu.obj
 0001:00015481       ?Init@menuMain_t@@UAE_NXZ  00416481 f i menu.obj
 0001:00015489       ?M_Menu_Main_f@@YAXXZ      00416489 f   menu.obj
 0001:000154a3       ?Init@multiplayerMenu_t@@UAE_NXZ 004164a3 f i menu.obj
 0001:000155c7       ?Init@keysMenu_t@@UAE_NXZ  004165c7 f i menu.obj
 0001:000157ac       ?KeyCursorDrawFunc@keysMenu_t@@SAXPAUmenuFramework_t@@@Z 004167ac f i menu.obj
 0001:000157ec       ?DrawKeyBindingFunc@keysMenu_t@@SAXPAX@Z 004167ec f i menu.obj
 0001:000158b3       ?KeyDown@keysMenu_t@@UAEPBDH@Z 004168b3 f i menu.obj
 0001:00015960       ?UnbindCommand@keysMenu_t@@QAEXPAD@Z 00416960 f i menu.obj
 0001:000159a5       ?KeyBindingFunc@keysMenu_t@@QAEXPAX@Z 004169a5 f i menu.obj
 0001:00015a04       ?Init@optionsMenu_t@@UAE_NXZ 00416a04 f i menu.obj
 0001:00015e62       ?CrosshairFunc@optionsMenu_t@@SAXPAX@Z 00416e62 f i menu.obj
 0001:00015e8a       ?JoystickFunc@optionsMenu_t@@SAXPAX@Z 00416e8a f i menu.obj
 0001:00015e9f       ?AlwaysRunFunc@optionsMenu_t@@SAXPAX@Z 00416e9f f i menu.obj
 0001:00015eb4       ?FreeLookFunc@optionsMenu_t@@SAXPAX@Z 00416eb4 f i menu.obj
 0001:00015ec9       ?MouseSpeedFunc@optionsMenu_t@@SAXPAX@Z 00416ec9 f i menu.obj
 0001:00015ee6       ?InvertMouseFunc@optionsMenu_t@@SAXPAX@Z 00416ee6 f i menu.obj
 0001:00015f01       ?LookspringFunc@optionsMenu_t@@SAXPAX@Z 00416f01 f i menu.obj
 0001:00015f1d       ?LookstrafeFunc@optionsMenu_t@@SAXPAX@Z 00416f1d f i menu.obj
 0001:00015f39       ?UpdateVolumeFunc@optionsMenu_t@@SAXPAX@Z 00416f39 f i menu.obj
 0001:00015f56       ?UpdateCDVolumeFunc@optionsMenu_t@@SAXPAX@Z 00416f56 f i menu.obj
 0001:00015f70       ?SetMenuItemValues@optionsMenu_t@@SAXXZ 00416f70 f i menu.obj
 0001:0001614e       ?ResetDefaultsFunc@optionsMenu_t@@SAXPAX@Z 0041714e f i menu.obj
 0001:00016163       ?UpdateSoundFunc@optionsMenu_t@@SAXPAX@Z 00417163 f i menu.obj
 0001:00016366       ?ScanCrosshairs@optionsMenu_t@@SAXXZ 00417366 f i menu.obj
 0001:000163c3       ?Draw@optionsMenu_t@@UAEXXZ 004173c3 f i menu.obj
 0001:00016428       ?Draw@creditsMenu_t@@UAEXXZ 00417428 f i menu.obj
 0001:000164cf       ?KeyDown@creditsMenu_t@@UAEPBDH@Z 004174cf f i menu.obj
 0001:0001650a       ?Init@creditsMenu_t@@UAE_NXZ 0041750a f i menu.obj
 0001:000165d2       ?Init@gameMenu_t@@UAE_NXZ  004175d2 f i menu.obj
 0001:0001675d       ?EasyGameFunc@gameMenu_t@@SAXPAX@Z 0041775d f i menu.obj
 0001:00016769       ?StartGame@gameMenu_t@@SAXPBD@Z 00417769 f i menu.obj
 0001:000167bc       ?MediumGameFunc@gameMenu_t@@SAXPAX@Z 004177bc f i menu.obj
 0001:000167c8       ?HardGameFunc@gameMenu_t@@SAXPAX@Z 004177c8 f i menu.obj
 0001:000167e4       ?Init@savegameMenu_t@@UAE_NXZ 004177e4 f i menu.obj
 0001:000168f4       ?Create_Savestrings@savegameMenu_t@@QAEXXZ 004178f4 f i menu.obj
 0001:000169af       ?LoadGameCallback@savegameMenu_t@@SAXPAX@Z 004179af f i menu.obj
 0001:000169d8       ?SaveGameCallback@savegameMenu_t@@SAXPAX@Z 004179d8 f i menu.obj
 0001:000169f7       ?Draw@savegameMenu_t@@UAEXXZ 004179f7 f i menu.obj
 0001:00016a12       ?DrawSavegameShot@savegameMenu_t@@QAEXHH@Z 00417a12 f i menu.obj
 0001:00016af7       ?Init@joinserverMenu_t@@UAE_NXZ 00417af7 f i menu.obj
 0001:00016c20       ?JoinServerFunc@joinserverMenu_t@@SAXPAX@Z 00417c20 f i menu.obj
 0001:00016c82       ?SearchLocalGames@joinserverMenu_t@@SAXXZ 00417c82 f i menu.obj
 0001:00016ced       ?M_AddToServerList@@YAXUnetadr_t@@PAD@Z 00417ced f   menu.obj
 0001:00016d70       ?Init@startserverMenu_t@@UAE_NXZ 00417d70 f i menu.obj
 0001:00017212       ?DMOptionsFunc@startserverMenu_t@@SAXPAX@Z 00418212 f i menu.obj
 0001:00017222       ?RulesChangeFunc@startserverMenu_t@@SAXPAX@Z 00418222 f i menu.obj
 0001:0001729c       ?StartServerActionFunc@startserverMenu_t@@SAXPAX@Z 0041829c f i menu.obj
 0001:000172c7       ?StartServerFunc@startserverMenu_t@@SAXPAD@Z 004182c7 f i menu.obj
 0001:000174fe       ?KeyDown@startserverMenu_t@@UAEPBDH@Z 004184fe f i menu.obj
 0001:0001755b       ?Init@dmoptionsMenu_t@@UAE_NXZ 0041855b f i menu.obj
 0001:00017b3a       ?DMFlagCallback@dmoptionsMenu_t@@SAXPAX@Z 00418b3a f i menu.obj
 0001:00017d15       ?Init@downloadOptionsMenu_t@@UAE_NXZ 00418d15 f i menu.obj
 0001:00017ee0       ?DownloadCallback@downloadOptionsMenu_t@@SAXPAX@Z 00418ee0 f i menu.obj
 0001:00017f4b       ?Init@addressBookMenu_t@@UAE_NXZ 00418f4b f i menu.obj
 0001:00017ff3       ?KeyDown@addressBookMenu_t@@UAEPBDH@Z 00418ff3 f i menu.obj
 0001:00018050       ?Init@playerConfigMenu_t@@UAE_NXZ 00419050 f i menu.obj
 0001:000185a8       ?HandednessCallback@playerConfigMenu_t@@SAXPAX@Z 004195a8 f i menu.obj
 0001:000185bd       ?RTypeCallback@playerConfigMenu_t@@SAXPAX@Z 004195bd f i menu.obj
 0001:000185d2       ?RColorCallback@playerConfigMenu_t@@SAXPAX@Z 004195d2 f i menu.obj
 0001:000185e7       ?RateCallback@playerConfigMenu_t@@SAXPAX@Z 004195e7 f i menu.obj
 0001:0001860a       ?ModelCallback@playerConfigMenu_t@@SAXPAX@Z 0041960a f i menu.obj
 0001:0001863e       ?SkinCallback@playerConfigMenu_t@@SAXPAX@Z 0041963e f i menu.obj
 0001:00018646       ?Draw@playerConfigMenu_t@@UAEXXZ 00419646 f i menu.obj
 0001:0001890a       ?KeyDown@playerConfigMenu_t@@UAEPBDH@Z 0041990a f i menu.obj
 0001:000189e9       ?Init@dmbrowseMenu_t@@UAE_NXZ 004199e9 f i menu.obj
 0001:00018bef       ?KeyDown@dmbrowseMenu_t@@UAEPBDH@Z 00419bef f i menu.obj
 0001:00018db3       ?Draw@dmbrowseMenu_t@@UAEXXZ 00419db3 f i menu.obj
 0001:00018ef8       ?DrawThumbnail@dmbrowseMenu_t@@SAXHHHHPAD_N@Z 00419ef8 f i menu.obj
 0001:00018fdf       ?Init@videoMenu_t@@UAE_NXZ 00419fdf f i menu.obj
 0001:00019598       ?ScreenSizeCallback@videoMenu_t@@SAXPAX@Z 0041a598 f i menu.obj
 0001:000195b6       ?BrightnessCallback@videoMenu_t@@SAXPAX@Z 0041a5b6 f i menu.obj
 0001:000195d4       ?ContrastCallback@videoMenu_t@@SAXPAX@Z 0041a5d4 f i menu.obj
 0001:0001960d       ?CancelChanges@videoMenu_t@@SAXPAX@Z 0041a60d f i menu.obj
 0001:0001962e       ?KeyDown@videoMenu_t@@UAEPBDH@Z 0041a62e f i menu.obj
 0001:00019675       ?ApplyChanges@videoMenu_t@@SAXPAX@Z 0041a675 f i menu.obj
 0001:0001982c       ?KeyDown@quitMenu_t@@UAEPBDH@Z 0041a82c f i menu.obj
 0001:00019864       ?Draw@quitMenu_t@@UAEXXZ   0041a864 f i menu.obj
 0001:000198d4       ?M_Init@@YAXXZ             0041a8d4 f   menu.obj
 0001:00019ab6       ?ItemAtCursor@menuFramework_t@@QAEPAUmenuCommon_t@@XZ 0041aab6 f   qmenu.obj
 0001:00019b0a       ?AddItem@menuFramework_t@@QAEXPAUmenuCommon_t@@@Z 0041ab0a f   qmenu.obj
 0001:00019bc6       ?AdjustCursor@menuFramework_t@@QAEXH@Z 0041abc6 f   qmenu.obj
 0001:00019d35       ?Center@menuFramework_t@@QAEXXZ 0041ad35 f   qmenu.obj
 0001:00019d76       ?Draw@menuFramework_t@@UAEXXZ 0041ad76 f   qmenu.obj
 0001:0001a32e       ?SelectItem@menuFramework_t@@QAE_NXZ 0041b32e f   qmenu.obj
 0001:0001a38c       ?SetStatusBar@menuFramework_t@@QAEXPBD@Z 0041b38c f   qmenu.obj
 0001:0001a396       ?SlideItem@menuFramework_t@@QAEXH@Z 0041b396 f   qmenu.obj
 0001:0001a913       ?Push@menuFramework_t@@QAEXXZ 0041b913 f   qmenu.obj
 0001:0001a99b       ?M_ForceMenuOff@@YAXXZ     0041b99b f   qmenu.obj
 0001:0001a9be       ?Pop@menuFramework_t@@QAEXXZ 0041b9be f   qmenu.obj
 0001:0001a9f8       ?KeyDown@menuFramework_t@@UAEPBDH@Z 0041b9f8 f   qmenu.obj
 0001:0001ac6c       ?Init@menuFramework_t@@UAE_NXZ 0041bc6c f   qmenu.obj
 0001:0001ac6f       ?M_Draw@@YAXXZ             0041bc6f f   qmenu.obj
 0001:0001acaa       ?M_Keydown@@YAXH@Z         0041bcaa f   qmenu.obj
 0001:0001acc9       ?InitRendererVars@@YAXXZ   0041bcc9 f   ref_vars.obj
 0001:0001ace8       ?S_SoundInfo_f@@YAXXZ      0041bce8 f   snd_dma.obj
 0001:0001ad72       ?S_ReadModelsSex@@YAXXZ    0041bd72 f   snd_dma.obj
 0001:0001ae57       ?S_IsFemale@@YA_NPBD@Z     0041be57 f   snd_dma.obj
 0001:0001aeab       ?S_Init@@YAXXZ             0041beab f   snd_dma.obj
 0001:0001af81       ?S_Shutdown@@YAXXZ         0041bf81 f   snd_dma.obj
 0001:0001b014       ?S_BeginRegistration@@YAXXZ 0041c014 f   snd_dma.obj
 0001:0001b022       ?S_RegisterSound@@YAPAUsfx_t@@PBD@Z 0041c022 f   snd_dma.obj
 0001:0001b1b8       ?S_EndRegistration@@YAXXZ  0041c1b8 f   snd_dma.obj
 0001:0001b250       ?S_PickChannel@@YAPAUchannel_t@@HH@Z 0041c250 f   snd_dma.obj
 0001:0001b2dd       ?S_Spatialize@@YAXPAUchannel_t@@@Z 0041c2dd f   snd_dma.obj
 0001:0001b474       ?S_AllocPlaysound@@YAPAUplaysound_t@@XZ 0041c474 f   snd_dma.obj
 0001:0001b496       ?S_FreePlaysound@@YAXPAUplaysound_t@@@Z 0041c496 f   snd_dma.obj
 0001:0001b4c6       ?S_IssuePlaysound@@YAXPAUplaysound_t@@@Z 0041c4c6 f   snd_dma.obj
 0001:0001b593       ?S_StartSound@@YAXPBUCVec3@@HHPAUsfx_t@@MMM@Z 0041c593 f   snd_dma.obj
 0001:0001b992       ?S_StartLocalSound@@YAXPBD@Z 0041c992 f   snd_dma.obj
 0001:0001b9e1       ?S_ClearBuffer@@YAXXZ      0041c9e1 f   snd_dma.obj
 0001:0001ba4a       ?S_StopAllSounds_f@@YAXXZ  0041ca4a f   snd_dma.obj
 0001:0001baba       ?S_AddLoopSounds@@YAXXZ    0041caba f   snd_dma.obj
 0001:0001bc90       ?S_RawSamples@@YAXHHHHPAE@Z 0041cc90 f   snd_dma.obj
 0001:0001be94       ?S_Update@@YAXABUCVec3@@0@Z 0041ce94 f   snd_dma.obj
 0001:0001bf77       ?GetSoundtime@@YAXXZ       0041cf77 f   snd_dma.obj
 0001:0001bfde       ?S_Update_@@YAXXZ          0041cfde f   snd_dma.obj
 0001:0001c291       ?ResampleSfx@@YAXPAUsfx_t@@HHPAE@Z 0041d291 f   snd_mem.obj
 0001:0001c3ac       ?S_LoadSound@@YAPAUsfxcache_t@@PAUsfx_t@@@Z 0041d3ac f   snd_mem.obj
 0001:0001c4e4       ?GetWavinfo@@YA?AUwavinfo_t@@PADPAEH@Z 0041d4e4 f   snd_mem.obj
 0001:0001c726       ?S_WriteLinearBlastStereo16@@YAXXZ 0041d726 f   snd_mix.obj
 0001:0001c79a       ?S_TransferStereo16@@YAXPAKH@Z 0041d79a f   snd_mix.obj
 0001:0001c803       ?S_TransferPaintBuffer@@YAXH@Z 0041d803 f   snd_mix.obj
 0001:0001c967       ?S_PaintChannels@@YAXH@Z   0041d967 f   snd_mix.obj
 0001:0001cc03       ?S_InitScaletable@@YAXXZ   0041dc03 f   snd_mix.obj
 0001:0001cdc4       ?SV_ClearTexts@@YAXXZ      0041ddc4 f   sv_text.obj
 0001:0001cdcc       ?SV_DrawTexts@@YAXXZ       0041ddcc f   sv_text.obj
 0001:0001cf69       ?SV_DrawText3D@@YAXABUCVec3@@PBDI@Z 0041df69 f   sv_text.obj
 0001:0001cf80       ?SV_WipeSavegame@@YAXPAD@Z 0041df80 f   sv_ccmds.obj
 0001:0001cfae       ?SV_CopySaveGame@@YAXPAD0@Z 0041dfae f   sv_ccmds.obj
 0001:0001d003       ?SV_WriteLevelFile@@YAXXZ  0041e003 f   sv_ccmds.obj
 0001:0001d0b1       ?SV_ReadLevelFile@@YAXXZ   0041e0b1 f   sv_ccmds.obj
 0001:0001d15f       ?SV_WriteServerFile@@YAX_NPAD@Z 0041e15f f   sv_ccmds.obj
 0001:0001d39b       ?SV_ReadServerFile@@YAXXZ  0041e39b f   sv_ccmds.obj
 0001:0001d4c0       ?SV_AddressBanned@@YA_NPAUnetadr_t@@@Z 0041e4c0 f   sv_ccmds.obj
 0001:0001d501       ?SV_InitOperatorCommands@@YAXXZ 0041e501 f   sv_ccmds.obj
 0001:0001e4ff       ?SV_WriteFrameToClient@@YAXPAUclient_t@@PAVsizebuf_t@@@Z 0041f4ff f   sv_ents.obj
 0001:0001e747       ?SV_BuildClientFrame@@YAXPAUclient_t@@@Z 0041f747 f   sv_ents.obj
 0001:0001ebcd       ?SV_RecordDemoMessage@@YAXXZ 0041fbcd f   sv_ents.obj
 0001:0001f7b5       ?SV_InitGameLibrary@@YAX_N@Z 004207b5 f   sv_game.obj
 0001:0001f8fb       ?SV_ShutdownGameLibrary@@YAXXZ 004208fb f   sv_game.obj
 0001:0001fa58       ?SV_FindIndex@@YAHPADHH_N@Z 00420a58 f   sv_init.obj
 0001:0001fb65       ?SV_ModelIndex@@YAHPAD@Z   00420b65 f   sv_init.obj
 0001:0001fb7b       ?SV_SoundIndex@@YAHPAD@Z   00420b7b f   sv_init.obj
 0001:0001fb94       ?SV_ImageIndex@@YAHPAD@Z   00420b94 f   sv_init.obj
 0001:0001fbad       ?SV_CreateBaseline@@YAXXZ  00420bad f   sv_init.obj
 0001:0001fc12       ?SV_CheckForSavegame@@YAXXZ 00420c12 f   sv_init.obj
 0001:0001fc9a       ?SV_SpawnServer@@YAXPAD0W4server_state_t@@_N2@Z 00420c9a f   sv_init.obj
 0001:0001ff68       ?SV_InitGame@@YAXXZ        00420f68 f   sv_init.obj
 0001:000201b2       ?SV_Map@@YAX_NPBD0@Z       004211b2 f   sv_init.obj
 0001:0002037b       ?SV_DropClient@@YAXPAUclient_t@@PAD@Z 0042137b f   sv_main.obj
 0001:00020c8a       ?SV_ConnectionlessPacket@@YAXXZ 00421c8a f   sv_main.obj
 0001:00020d55       ?SV_CalcPings@@YAXXZ       00421d55 f   sv_main.obj
 0001:00020ddc       ?SV_GiveMsec@@YAXXZ        00421ddc f   sv_main.obj
 0001:00020e1b       ?SV_ReadPackets@@YAXXZ     00421e1b f   sv_main.obj
 0001:00020f63       ?SV_CheckTimeouts@@YAXXZ   00421f63 f   sv_main.obj
 0001:00021074       ?SV_PostprocessFrame@@YAXXZ 00422074 f   sv_main.obj
 0001:00021540       ?SV_MulticastHook@@YAPAVsizebuf_t@@PAV1@0@Z 00422540 f   sv_main.obj
 0001:00021930       ?SV_TraceHook@@YA?AUtrace_t@@ABUCVec3@@PBU2@10PAUedict_s@@H@Z 00422930 f   sv_main.obj
 0001:00021abc       ?SV_Frame@@YAXM@Z          00422abc f   sv_main.obj
 0001:00021d6f       ?SV_UserinfoChanged@@YAXPAUclient_t@@@Z 00422d6f f   sv_main.obj
 0001:00021e33       ?SV_Init@@YAXXZ            00422e33 f   sv_main.obj
 0001:00021e95       ?SV_Shutdown@@YAXPBD_N@Z   00422e95 f   sv_main.obj
 0001:0002209c       ?SV_BeginRedirect@@YAXXZ   0042309c f   sv_send.obj
 0001:00022146       ?SV_ClientPrintf@@YAXPAUclient_t@@HPBDZZ 00423146 f   sv_send.obj
 0001:000221a1       ?SV_BroadcastPrintf@@YAXHPBDZZ 004231a1 f   sv_send.obj
 0001:00022277       ?SV_BroadcastCommand@@YAXPBDZZ 00423277 f   sv_send.obj
 0001:000222cf       ?SV_Multicast@@YAXABUCVec3@@W4multicast_t@@_N@Z 004232cf f   sv_send.obj
 0001:000224f5       ?SV_MulticastOld@@YAXABUCVec3@@W4multicast_t@@@Z 004234f5 f   sv_send.obj
 0001:00022508       ?SV_MulticastNew@@YAXABUCVec3@@W4multicast_t@@@Z 00423508 f   sv_send.obj
 0001:0002251b       ?SV_StartSound@@YAXPBUCVec3@@PAUedict_s@@HHMMM_N@Z 0042351b f   sv_send.obj
 0001:000227e8       ?SV_StartSoundOld@@YAXPBUCVec3@@PAUedict_s@@HHMMM@Z 004237e8 f   sv_send.obj
 0001:00022818       ?SV_StartSoundNew@@YAXPBUCVec3@@PAUedict_s@@HHMMM@Z 00423818 f   sv_send.obj
 0001:00022848       ?SV_SendClientDatagram@@YA_NPAUclient_t@@@Z 00423848 f   sv_send.obj
 0001:00022911       ?SV_DemoCompleted@@YAXXZ   00423911 f   sv_send.obj
 0001:0002292d       ?SV_RateDrop@@YA_NPAUclient_t@@@Z 0042392d f   sv_send.obj
 0001:00022977       ?SV_SendClientMessages@@YAXXZ 00423977 f   sv_send.obj
 0001:00022aba       ?SV_TokenizeString@@YAXPBD@Z 00423aba f   sv_tokenize.obj
 0001:00022b91       ?SV_Argc@@YAHXZ            00423b91 f   sv_tokenize.obj
 0001:00022b97       ?SV_Argv@@YAPADH@Z         00423b97 f   sv_tokenize.obj
 0001:00022bb1       ?SV_Args@@YAPADXZ          00423bb1 f   sv_tokenize.obj
 0001:00023446       ?SV_Nextserver@@YAXXZ      00424446 f   sv_user.obj
 0001:000234d5       ?SV_ExecuteUserCommand@@YAXPAD@Z 004244d5 f   sv_user.obj
 0001:00023597       ?SV_ClientThink@@YAXPAUclient_t@@PAUusercmd_t@@@Z 00424597 f   sv_user.obj
 0001:000235da       ?SV_ExecuteClientMessage@@YAXPAUclient_t@@@Z 004245da f   sv_user.obj
 0001:000237f8       ?SV_ClearWorld@@YAXXZ      004247f8 f   sv_world.obj
 0001:00023933       ?SV_UnlinkEdict@@YAXPAUedict_s@@@Z 00424933 f   sv_world.obj
 0001:000239f6       ?SV_LinkEdict@@YAXPAUedict_s@@@Z 004249f6 f   sv_world.obj
 0001:00023fe1       ?SV_AreaEdicts@@YAHABUCVec3@@0PAPAUedict_s@@HH@Z 00424fe1 f   sv_world.obj
 0001:00024192       ?SV_PointContents@@YAHABUCVec3@@@Z 00425192 f   sv_world.obj
 0001:000242b9       ?SV_Trace@@YAXAAUtrace_t@@ABUCVec3@@111PAUedict_s@@H@Z 004252b9 f   sv_world.obj
 0001:0002474b       ?InitByteDirs@@YAXXZ       0042574b f   anorms.obj
 0001:0002478a       ?Cbuf_AddText@@YAXPBD@Z    0042578a f   cmd.obj
 0001:000247ec       ?Cbuf_CopyToDefer@@YAXXZ   004257ec f   cmd.obj
 0001:00024834       ?Cbuf_InsertFromDefer@@YAXXZ 00425834 f   cmd.obj
 0001:000248ed       ?Cbuf_Execute@@YAXXZ       004258ed f   cmd.obj
 0001:000249f3       ?Cmd_Unalias_f@@YAX_NHPAPAD@Z 004259f3 f   cmd.obj
 0001:00024a69       ?Cmd_WriteAliases@@YAXPAU_iobuf@@@Z 00425a69 f   cmd.obj
 0001:00024a9a       ?RegisterCommand@@YA_NPBDP6AXXZH@Z 00425a9a f   cmd.obj
 0001:00024b53       ?UnregisterCommand@@YA_NPBD@Z 00425b53 f   cmd.obj
 0001:00024be4       ?Cmd_ExecuteString@@YA_NPBD@Z 00425be4 f   cmd.obj
 0001:00025037       ?ExecuteCommand@@YA_NPBDPBUCSimpleCommand@@H@Z 00426037 f   cmd.obj
 0001:0002510f       ?Cmd_Init@@YAXXZ           0042610f f   cmd.obj
 0001:00025461       ?CM_LoadMap@@YAPAUcmodel_t@@PBD_NPAI@Z 00426461 f   cmodel.obj
 0001:00025b92       ?SetSignbits@cplane_t@@QAEXXZ 00426b92 f i cmodel.obj
 0001:00025bc6       ?SetType@cplane_t@@QAEXXZ  00426bc6 f i cmodel.obj
 0001:00025d82       ?CM_InlineModel@@YAPAUcmodel_t@@PBD@Z 00426d82 f   cmodel.obj
 0001:00025dc3       ?CM_NumClusters@@YAHXZ     00426dc3 f   cmodel.obj
 0001:00025dc9       ?CM_NumInlineModels@@YAHXZ 00426dc9 f   cmodel.obj
 0001:00025dcf       ?CM_EntityString@@YAPBDXZ  00426dcf f   cmodel.obj
 0001:00025dd5       ?CM_LeafContents@@YAHH@Z   00426dd5 f   cmodel.obj
 0001:00025dfc       ?CM_LeafCluster@@YAHH@Z    00426dfc f   cmodel.obj
 0001:00025e72       ?CM_LeafArea@@YAHH@Z       00426e72 f   cmodel.obj
 0001:00026035       ?CM_HeadnodeForBox@@YAHABUCBox@@@Z 00427035 f   cmodel.obj
 0001:000260ea       ?CM_PointLeafnum@@YAHABUCVec3@@H@Z 004270ea f   cmodel.obj
 0001:0002618d       ?DistanceTo@cplane_t@@QAEMABUCVec3@@@Z 0042718d f i cmodel.obj
 0001:000261d1       ?CM_PointContents@@YAHABUCVec3@@H@Z 004271d1 f   cmodel.obj
 0001:00026246       ?CM_TransformedPointContents@@YAHABUCVec3@@H00@Z 00427246 f   cmodel.obj
 0001:00026327       ?CM_TransformedPointContents@@YAHABUCVec3@@H0ABUCAxis@@@Z 00427327 f   cmodel.obj
 0001:000263d2       ?CM_BoxLeafnums@@YAHABUCBox@@PAHH1H@Z 004273d2 f   cmodel.obj
 0001:000264db       ?BOX_ON_PLANE_SIDE@@YAHABUCBox@@ABUcplane_t@@@Z 004274db f i cmodel.obj
 0001:00026545       ?CM_BoxTrace@@YAXAAUtrace_t@@ABUCVec3@@1PBU2@2HH@Z 00427545 f   cmodel.obj
 0001:00026f07       ?CM_TransformedBoxTrace@@YAXAAUtrace_t@@ABUCVec3@@1PBU2@2HH11@Z 00427f07 f   cmodel.obj
 0001:00027087       ?CM_TransformedBoxTrace@@YAXAAUtrace_t@@ABUCVec3@@1PBU2@2HH1ABUCAxis@@@Z 00428087 f   cmodel.obj
 0001:00027147       ?CM_BrushTrace@@YAHABUCVec3@@0PAHH@Z 00428147 f   cmodel.obj
 0001:00027559       ?CM_RefineBrushTrace@@YAHABUCVec3@@0PAHH@Z 00428559 f   cmodel.obj
 0001:000275ff       ?CM_ClusterPVS@@YAPAEH@Z   004285ff f   cmodel.obj
 0001:00027743       ?CM_ClusterPHS@@YAPAEH@Z   00428743 f   cmodel.obj
 0001:000278a6       ?CM_SetAreaPortalState@@YAXH_N@Z 004288a6 f   cmodel.obj
 0001:000278cb       ?CM_AreasConnected@@YA_NHH@Z 004288cb f   cmodel.obj
 0001:0002790f       ?CM_WriteAreaBits@@YAHPAEH@Z 0042890f f   cmodel.obj
 0001:000279b1       ?CM_WritePortalState@@YAXPAU_iobuf@@@Z 004289b1 f   cmodel.obj
 0001:000279cb       ?CM_ReadPortalState@@YAXPAU_iobuf@@@Z 004289cb f   cmodel.obj
 0001:000279e9       ?CM_HeadnodeVisible@@YA_NHPBE@Z 004289e9 f   cmodel.obj
 0001:00027ac4       ?Com_BeginRedirect@@YAXPADHP6AX0@Z@Z 00428ac4 f   common.obj
 0001:00027af1       ?Com_EndRedirect@@YAXXZ    00428af1 f   common.obj
 0001:00027b10       ?Com_Printf@@YAXPBDZZ      00428b10 f   common.obj
 0001:00027d08       ?Com_DPrintf@@YAXPBDZZ     00428d08 f   common.obj
 0001:00027d81       ?DebugPrintf@@YAXPBDZZ     00428d81 f   common.obj
 0001:00027e2b       ?Com_WPrintf@@YAXPBDZZ     00428e2b f   common.obj
 0001:00027e85       ?Com_Quit@@YAXXZ           00428e85 f   common.obj
 0001:00027ea5       ?IPWildcard@@YA_NPAUnetadr_t@@PAD@Z 00428ea5 f   common.obj
 0001:00027f7f       ?Com_ServerState@@YA?AW4server_state_t@@XZ 00428f7f f   common.obj
 0001:00027f85       ?Com_SetServerState@@YAXW4server_state_t@@@Z 00428f85 f   common.obj
 0001:00027f8f       ?frand@@YAMXZ              00428f8f f   common.obj
 0001:00027fa7       ?crand@@YAMXZ              00428fa7 f   common.obj
 0001:00027fc5       ?Info_ValueForKey@@YAPBDPBD0@Z 00428fc5 f   common.obj
 0001:00028044       ?Info_SetValueForKey@@YAXPADPBD1@Z 00429044 f   common.obj
 0001:000281a7       ?Info_Print@@YAXPBD@Z      004291a7 f   common.obj
 0001:0002822d       ?Com_CheckCmdlineVar@@YA_NPBD@Z 0042922d f   common.obj
 0001:00028283       ?Com_Init@@YAXPBD@Z        00429283 f   common.obj
 0001:00028651       ?Com_Frame@@YAXM@Z         00429651 f   common.obj
 0001:0002898f       ?Com_Shutdown@@YAXXZ       0042998f f   common.obj
 0001:000289a8       ?Com_BlockSequenceCRCByte@@YAEPAEHH@Z 004299a8 f   crc.obj
 0001:00028a5e       ?Cvar_VariableValue@@YAMPBD@Z 00429a5e f   cvar.obj
 0001:00028acc       ?Cvar_VariableInt@@YAHPBD@Z 00429acc f   cvar.obj
 0001:00028adf       ?Cvar_VariableString@@YAPBDPBD@Z 00429adf f   cvar.obj
 0001:00028af7       ?Cvar_Get@@YAPAUcvar_t@@PBD0H@Z 00429af7 f   cvar.obj
 0001:00028dae       ?Cvar_GetVars@@YAXPBUcvarInfo_t@@H@Z 00429dae f   cvar.obj
 0001:00028e58       ?Cvar_FullSet@@YAPAUcvar_t@@PBD0I@Z 00429e58 f   cvar.obj
 0001:00028eb2       ?Cvar_SetValue@@YAPAUcvar_t@@PBDM@Z 00429eb2 f   cvar.obj
 0001:000290d8       ?Cvar_SetInteger@@YAPAUcvar_t@@PBDH@Z 0042a0d8 f   cvar.obj
 0001:000290fa       ?Cvar_Set@@YAPAUcvar_t@@PBD0@Z 0042a0fa f   cvar.obj
 0001:0002910f       ?Cvar_ForceSet@@YAPAUcvar_t@@PBD0@Z 0042a10f f   cvar.obj
 0001:00029124       ?Cvar_Clamp@@YAMPAUcvar_t@@MM@Z 0042a124 f   cvar.obj
 0001:00029182       ?Cvar_GetLatchedVars@@YAXXZ 0042a182 f   cvar.obj
 0001:000291b1       ?Cvar_Command@@YA_NHPAPAD@Z 0042a1b1 f   cvar.obj
 0001:0002924a       ?IsDefault@cvar_t@@QAE_NXZ 0042a24a f i cvar.obj
 0001:00029267       ?Cvar_WriteVariables@@YAXPAU_iobuf@@HHPBD@Z 0042a267 f   cvar.obj
 0001:000292ef       ?Cvar_Userinfo@@YAPBDXZ    0042a2ef f   cvar.obj
 0001:0002934a       ?Cvar_Serverinfo@@YAPBDXZ  0042a34a f   cvar.obj
 0001:00029353       ?Cvar_Cheats@@YAX_N@Z      0042a353 f   cvar.obj
 0001:000293a4       ?Cvar_Init@@YAXXZ          0042a3a4 f   cvar.obj
 0001:00029bc7       ?MSG_WriteDeltaEntity@@YAXPAVsizebuf_t@@PBUentityStateEx_t@@PAU2@_N33@Z 0042abc7 f   entdelta.obj
 0001:0002a183       ?MSG_WriteRemoveEntity@@YAXPAVsizebuf_t@@H@Z 0042b183 f   entdelta.obj
 0001:0002a1c3       ?MSG_ReadEntityBits@@YAHPAVsizebuf_t@@PAIPA_N@Z 0042b1c3 f   entdelta.obj
 0001:0002a234       ?MSG_ReadDeltaEntity@@YAXPAVsizebuf_t@@PBUentityStateEx_t@@PAU2@I@Z 0042b234 f   entdelta.obj
 0001:0002a2b7       ?MSG_WriteDeltaUsercmd@@YAXPAVsizebuf_t@@PBUusercmd_t@@PAU2@@Z 0042b2b7 f   entdelta.obj
 0001:0002a346       ?MSG_ReadDeltaUsercmd@@YAXPAVsizebuf_t@@PBUusercmd_t@@PAU2@@Z 0042b346 f   entdelta.obj
 0001:0002a649       ?MSG_WriteDeltaPlayerstate@@YAXPAVsizebuf_t@@PBUplayer_state_t@@PAU2@@Z 0042b649 f   entdelta.obj
 0001:0002a752       ?MSG_ReadDeltaPlayerstate@@YAXPAVsizebuf_t@@PBUplayer_state_t@@PAU2@@Z 0042b752 f   entdelta.obj
 0001:0002a826       ?FS_CreatePath@@YAXPBD@Z   0042b826 f   files.obj
 0001:0002a88c       ?FS_CopyFile@@YAXPBD0@Z    0042b88c f   files.obj
 0001:0002a98f       ?FS_CopyFiles@@YAXPBD0@Z   0042b98f f   files.obj
 0001:0002aa68       ?FS_RemoveFiles@@YAXPBD@Z  0042ba68 f   files.obj
 0001:0002aadc       ?FS_FCloseFile@@YAXPAVQFILE@@@Z 0042badc f   files.obj
 0001:0002ab77       ?FS_FOpenFile@@YAPAVQFILE@@PBDPAH@Z 0042bb77 f   files.obj
 0001:0002b083       ?FS_FileExists@@YA_NPBD@Z  0042c083 f   files.obj
 0001:0002b29c       ?FS_Read@@YAXPAXHPAVQFILE@@@Z 0042c29c f   files.obj
 0001:0002b4fe       ?FS_LoadFile@@YAPAXPBDPAI@Z 0042c4fe f   files.obj
 0001:0002b554       ?FS_FreeFile@@YAXPAX@Z     0042c554 f   files.obj
 0001:0002b55f       ?FS_Gamedir@@YAPADXZ       0042c55f f   files.obj
 0001:0002b573       ?FS_LoadGameConfig@@YAXXZ  0042c573 f   files.obj
 0001:0002b638       ?FS_SetGamedir@@YA_NPBD@Z  0042c638 f   files.obj
 0001:0002bd23       ?FS_ListFiles@@YA?AV?$TList@VCStringItem@@@@PBDH@Z 0042cd23 f   files.obj
 0001:0002c02b       ?FS_NextPath@@YAPADPBD@Z   0042d02b f   files.obj
 0001:0002c04f       ?FS_InitFilesystem@@YAXXZ  0042d04f f   files.obj
 0001:0002c9fb       ?LoadPCX@@YAXPBDPAPAE1PAH2@Z 0042d9fb f   images.obj
 0001:0002cb45       ?LoadTGA@@YAXPBDPAPAEPAH2@Z 0042db45 f   images.obj
 0001:0002cd40       ?LoadJPG@@YAXPBDPAPAEPAH2@Z 0042dd40 f   images.obj
 0001:0002cfcc       ?ImageExists@@YAHPBDH@Z    0042dfcc f   images.obj
 0001:0002d0ca       ?WriteTGA@@YA_NPBDPAEHH@Z  0042e0ca f   images.obj
 0001:0002d2b4       ?WriteJPG@@YA_NPBDPAEHH_N@Z 0042e2b4 f   images.obj
 0001:0002d3db       ?MD4Init@@YAXPAUMD4_CTX@@@Z 0042e3db f   md4.obj
 0001:0002d403       ?MD4Update@@YAXPAUMD4_CTX@@PAEI@Z 0042e403 f   md4.obj
 0001:0002d4a1       ?MD4Final@@YAXQAEPAUMD4_CTX@@@Z 0042e4a1 f   md4.obj
 0001:0002db92       ?Com_BlockChecksum@@YAIPAXH@Z 0042eb92 f   md4.obj
 0001:0002dbce       ?LoadQ2BspFile@@YAXXZ      0042ebce f   model.obj
 0001:0002df84       ?LoadBspFile@@YAPAUbspfile_t@@PBD_NPAI@Z 0042ef84 f   model.obj
 0001:0002e132       ?ProcessEntstring@@YAPADPAD@Z 0042f132 f   model.obj
 0001:0002efd9       ?Init@sizebuf_t@@QAEXPAXH@Z 0042ffd9 f   msg.obj
 0001:0002eff4       ?Write@sizebuf_t@@QAEXPBXH@Z 0042fff4 f   msg.obj
 0001:0002f064       ?MSG_WriteByte@@YAXPAVsizebuf_t@@H@Z 00430064 f   msg.obj
 0001:0002f064       ?MSG_WriteChar@@YAXPAVsizebuf_t@@H@Z 00430064 f   msg.obj
 0001:0002f075       ?MSG_WriteShort@@YAXPAVsizebuf_t@@H@Z 00430075 f   msg.obj
 0001:0002f086       ?MSG_WriteLong@@YAXPAVsizebuf_t@@H@Z 00430086 f   msg.obj
 0001:0002f086       ?MSG_WriteFloat@@YAXPAVsizebuf_t@@M@Z 00430086 f   msg.obj
 0001:0002f097       ?MSG_WriteString@@YAXPAVsizebuf_t@@PBD@Z 00430097 f   msg.obj
 0001:0002f0c1       ?MSG_WritePos@@YAXPAVsizebuf_t@@ABUCVec3@@@Z 004300c1 f   msg.obj
 0001:0002f125       ?MSG_WriteAngle@@YAXPAVsizebuf_t@@M@Z 00430125 f   msg.obj
 0001:0002f150       ?MSG_WriteAngle16@@YAXPAVsizebuf_t@@M@Z 00430150 f   msg.obj
 0001:0002f17b       ?MSG_WriteDir@@YAXPAVsizebuf_t@@ABUCVec3@@@Z 0043017b f   msg.obj
 0001:0002f1e3       ?MSG_ReadDir@@YAXPAVsizebuf_t@@AAUCVec3@@@Z 004301e3 f   msg.obj
 0001:0002f214       ?MSG_ReadChar@@YAHPAVsizebuf_t@@@Z 00430214 f   msg.obj
 0001:0002f234       ?MSG_ReadByte@@YAHPAVsizebuf_t@@@Z 00430234 f   msg.obj
 0001:0002f254       ?MSG_ReadShort@@YAHPAVsizebuf_t@@@Z 00430254 f   msg.obj
 0001:0002f274       ?MSG_ReadLong@@YAHPAVsizebuf_t@@@Z 00430274 f   msg.obj
 0001:0002f293       ?MSG_ReadString@@YAPADPAVsizebuf_t@@@Z 00430293 f   msg.obj
 0001:0002f2c6       ?MSG_ReadPos@@YAXPAVsizebuf_t@@AAUCVec3@@@Z 004302c6 f   msg.obj
 0001:0002f318       ?MSG_ReadAngle@@YAMPAVsizebuf_t@@@Z 00430318 f   msg.obj
 0001:0002f332       ?MSG_ReadAngle16@@YAMPAVsizebuf_t@@@Z 00430332 f   msg.obj
 0001:0002f34c       ?MSG_ReadData@@YAXPAVsizebuf_t@@PAXH@Z 0043034c f   msg.obj
 0001:0002f36f       ?Netchan_Init@@YAXXZ       0043036f f   net_chan.obj
 0001:0002f3e3       ?Netchan_OutOfBandPrint@@YAXW4netsrc_t@@Unetadr_t@@PBDZZ 004303e3 f   net_chan.obj
 0001:0002f46a       ?Setup@netchan_t@@QAEXW4netsrc_t@@Unetadr_t@@H@Z 0043046a f   net_chan.obj
 0001:0002f4c2       ?NeedReliable@netchan_t@@QAE_NXZ 004304c2 f   net_chan.obj
 0001:0002f4e7       ?Transmit@netchan_t@@QAEXPAXH@Z 004304e7 f   net_chan.obj
 0001:0002f684       ?Process@netchan_t@@QAE_NPAVsizebuf_t@@@Z 00430684 f   net_chan.obj
 0001:0002f7b2       ?Pmove@@YAXPAUpmove_t@@@Z  004307b2 f   pmove.obj
 0001:00031539       ?PM_ComputeAnimation@@YAXAAUplayer_state_t@@AAUentityStateEx_t@@@Z 00432539 f   pmove.obj
 0001:0003175b       ?NormalizeColor@@YAMABUCVec3@@AAU1@@Z 0043275b f   q_shared2.obj
 0001:000317b7       ?NormalizeColor255@@YAMABUCVec3@@AAU1@@Z 004327b7 f   q_shared2.obj
 0001:00031817       ?Q_rsqrt@@YAMM@Z           00432817 f   q_shared2.obj
 0001:00031847       ?AngleVectors@@YAXABUCVec3@@PAU1@11@Z 00432847 f   q_shared2.obj
 0001:000319a8       ?MakeNormalVectors@@YAXABUCVec3@@AAU1@1@Z 004329a8 f   q_shared2.obj
 0001:00031a17       ?VectorLength@@YAMABUCVec3@@@Z 00432a17 f   q_shared2.obj
 0001:00031a46       ?VectorDistance@@YAMABUCVec3@@0@Z 00432a46 f   q_shared2.obj
 0001:00031a77       ?LerpAngle@@YAMMMM@Z       00432a77 f   q_shared2.obj
 0001:00031aba       ?AngleMod@@YAMM@Z          00432aba f   q_shared2.obj
 0001:00031ae6       ?AngleSubtract@@YAMMM@Z    00432ae6 f   q_shared2.obj
 0001:00031b1d       ?AnglesSubtract@@YAXABUCVec3@@0AAU1@@Z 00432b1d f   q_shared2.obj
 0001:00031b75       ?Normalize@CVec3@@QAEMXZ   00432b75 f   q_shared2.obj
 0001:00031bc7       ?VectorNormalize@@YAMABUCVec3@@AAU1@@Z 00432bc7 f   q_shared2.obj
 0001:00031c1f       ?NormalizeFast@CVec3@@QAEMXZ 00432c1f f   q_shared2.obj
 0001:00031c70       ?cross@@YAXABUCVec3@@0AAU1@@Z 00432c70 f   q_shared2.obj
 0001:00031cab       ?Clear@CBox@@QAEXXZ        00432cab f   q_shared2.obj
 0001:00031cc9       ?Expand@CBox@@QAEXABUCVec3@@@Z 00432cc9 f   q_shared2.obj
 0001:00031cf8       ?Expand@CBox@@QAEXABU1@@Z  00432cf8 f   q_shared2.obj
 0001:00031d34       ?GetCenter@CBox@@QAEXAAUCVec3@@@Z 00432d34 f   q_shared2.obj
 0001:00031d54       ?OnPlaneSide@CBox@@QBEHABUcplane_t@@@Z 00432d54 f   q_shared2.obj
 0001:00031e83       ?FromAngles@CAxis@@QAEXABUCVec3@@@Z 00432e83 f   q_shared2.obj
 0001:00031ec2       ?TransformVector@CAxis@@QBEXABUCVec3@@AAU2@@Z 00432ec2 f   q_shared2.obj
 0001:00031f13       ?UnTransformVector@CAxis@@QBEXABUCVec3@@AAU2@@Z 00432f13 f   q_shared2.obj
 0001:00031f77       ?UnTransformAxis@CAxis@@QBEXABU1@AAU1@@Z 00432f77 f   q_shared2.obj
 0001:00031fbd       ?TransformPoint@CCoords@@QBEXABUCVec3@@AAU2@@Z 00432fbd f   q_shared2.obj
 0001:0003201b       ?UnTransformPoint@CCoords@@QBEXABUCVec3@@AAU2@@Z 0043301b f   q_shared2.obj
 0001:00032088       ?UnTransformCoords@CCoords@@QBEXABU1@AAU1@@Z 00433088 f   q_shared2.obj
 0001:000320b2       ?TransformPlane@CCoords@@QBEXABUcplane_t@@AAU2@@Z 004330b2 f   q_shared2.obj
 0001:000320ea       ?TransformPoint@@YAXABUCVec3@@ABUCAxis@@0AAU1@@Z 004330ea f   q_shared2.obj
 0001:0003214d       ?UnTransformPoint@@YAXABUCVec3@@ABUCAxis@@0AAU1@@Z 0043314d f   q_shared2.obj
 0001:000321bd       ?ShortSwap@@YAFF@Z         004331bd f   q_shared2.obj
 0001:000321d2       ?COM_Parse@@YAPADAAPBD_N@Z 004331d2 f   q_shared2.obj
 0001:000322f6       ?COM_QuoteString@@YAPBDPBD_N@Z 004332f6 f   q_shared2.obj
 0001:00032351       ?Com_PageInMemory@@YAXPAXH@Z 00433351 f   q_shared2.obj
 0001:00032370       ?Zip_OpenArchive@@YAPAU_iobuf@@PBD@Z 00433370 f   zip.obj
 0001:000323db       ?Zip_CloseArchive@@YAXPAU_iobuf@@@Z 004333db f   zip.obj
 0001:000323e7       ?Zip_EnumArchive@@YA_NPAU_iobuf@@P6A_NPAUzipFile_t@@@Z@Z 004333e7 f   zip.obj
 0001:000325c4       ?Zip_OpenFile@@YAPAUZFILE@@PAU_iobuf@@PAUzipFile_t@@@Z 004335c4 f   zip.obj
 0001:000326a8       ?Zip_ReadFile@@YAHPAUZFILE@@PAXH@Z 004336a8 f   zip.obj
 0001:0003279e       ?Zip_CloseFile@@YA_NPAUZFILE@@@Z 0043379e f   zip.obj
 0001:000327e2       ?Zip_OpenBuf@@YAPAUZBUF@@PAXH@Z 004337e2 f   zip.obj
 0001:00032820       ?Zip_ReadBuf@@YAHPAUZBUF@@PAXH@Z 00433820 f   zip.obj
 0001:00032868       ?Zip_CloseBuf@@YAXPAUZBUF@@@Z 00433868 f   zip.obj
 0001:0003287d       _zcalloc                   0043387d f   zip.obj
 0001:00032891       _zcfree                    00433891 f   zip.obj
 0001:0003289c       ?CDAudio_Play2@@YAXH_N@Z   0043389c f   cd_win.obj
 0001:00032a7b       ?CDAudio_Play@@YAXH_N@Z    00433a7b f   cd_win.obj
 0001:00032a92       ?CDAudio_Stop@@YAXXZ       00433a92 f   cd_win.obj
 0001:00032ad7       ?CDAudio_Pause@@YAXXZ      00433ad7 f   cd_win.obj
 0001:00032b30       ?CDAudio_Resume@@YAXXZ     00433b30 f   cd_win.obj
 0001:00032b9f       ?CDAudio_Update@@YAXXZ     00433b9f f   cd_win.obj
 0001:00032bd3       ?CDAudio_Init@@YAHXZ       00433bd3 f   cd_win.obj
 0001:00033035       ?CDAudio_Shutdown@@YAXXZ   00434035 f   cd_win.obj
 0001:00033068       ?CDAudio_Activate@@YAX_N@Z 00434068 f   cd_win.obj
 0001:00033079       ?IN_Commands@@YAXXZ        00434079 f   in_win.obj
 0001:000331a1       ?IN_Init@@YAXXZ            004341a1 f   in_win.obj
 0001:00033498       ?IN_Shutdown@@YAXXZ        00434498 f   in_win.obj
 0001:00033672       ?IN_Move@@YAXPAUusercmd_t@@@Z 00434672 f   in_win.obj
 0001:00033c4f       ?IN_Activate@@YAX_N@Z      00434c4f f   in_win.obj
 0001:00033c59       ?IN_Frame@@YAXXZ           00434c59 f   in_win.obj
 0001:00033fc1       ?NetadrToSockadr@@YAXPAUnetadr_t@@PAUsockaddr@@@Z 00434fc1 f   net_wins.obj
 0001:00034046       ?SockadrToNetadr@@YAXPAUsockaddr@@PAUnetadr_t@@@Z 00435046 f   net_wins.obj
 0001:00034096       ?NET_CompareAdr@@YA_NPAUnetadr_t@@0@Z 00435096 f   net_wins.obj
 0001:000340ec       ?NET_CompareBaseAdr@@YA_NPAUnetadr_t@@0@Z 004350ec f   net_wins.obj
 0001:00034137       ?NET_AdrToString@@YAPADPAUnetadr_t@@@Z 00435137 f   net_wins.obj
 0001:000341f0       ?NET_StringToAdr@@YA_NPBDPAUnetadr_t@@@Z 004351f0 f   net_wins.obj
 0001:0003447a       ?NET_IsLocalAddress@@YA_NPAUnetadr_t@@@Z 0043547a f   net_wins.obj
 0001:00034486       ?NET_GetLoopPacket@@YA_NW4netsrc_t@@PAUnetadr_t@@PAVsizebuf_t@@@Z 00435486 f   net_wins.obj
 0001:00034511       ?NET_SendLoopPacket@@YAXW4netsrc_t@@HPAXUnetadr_t@@@Z 00435511 f   net_wins.obj
 0001:00034566       ?NET_GetPacket@@YA_NW4netsrc_t@@PAUnetadr_t@@PAVsizebuf_t@@@Z 00435566 f   net_wins.obj
 0001:00034683       ?NET_SendPacket@@YAXW4netsrc_t@@HPAXUnetadr_t@@@Z 00435683 f   net_wins.obj
 0001:00034754       ?NET_Config@@YAX_N@Z       00435754 f   net_wins.obj
 0001:00034ac9       ?NET_Init@@YAXXZ           00435ac9 f   net_wins.obj
 0001:00034b83       ?Sys_Mkdir@@YAXPAD@Z       00435b83 f   fs_win.obj
 0001:00034b8f       ?Sys_FindFirst@@YAPBDPBDH@Z 00435b8f f   fs_win.obj
 0001:00034c49       ?Sys_FindNext@@YAPBDXZ     00435c49 f   fs_win.obj
 0001:00034cb3       ?Sys_FindClose@@YAXXZ      00435cb3 f   fs_win.obj
 0001:00034ccd       ?Sys_FileExists@@YA_NPBDH@Z 00435ccd f   fs_win.obj
 0001:00034ceb       ?SNDDMA_Init@@YA_NXZ       00435ceb f   snd_win.obj
 0001:0003532a       ?SNDDMA_GetDMAPos@@YAHXZ   0043632a f   snd_win.obj
 0001:00035374       ?SNDDMA_BeginPainting@@YAXXZ 00436374 f   snd_win.obj
 0001:0003548c       ?SNDDMA_Submit@@YAXXZ      0043648c f   snd_win.obj
 0001:000354b1       ?SNDDMA_Shutdown@@YAXXZ    004364b1 f   snd_win.obj
 0001:000354b6       ?S_Activate@@YAX_N@Z       004364b6 f   snd_win.obj
 0001:000354e1       ?Sys_Quit@@YAXXZ           004364e1 f   sys_win.obj
 0001:00035599       ?Sys_Init@@YAXXZ           00436599 f   sys_win.obj
 0001:00035611       ?Sys_ConsoleInput@@YAPADXZ 00436611 f   sys_win.obj
 0001:000358cc       ?Sys_ConsoleOutput@@YAXPBD@Z 004368cc f   sys_win.obj
 0001:00035959       ?Sys_SendKeyEvents@@YAXXZ  00436959 f   sys_win.obj
 0001:00035a11       ?Sys_UnloadGame@@YAXXZ     00436a11 f   sys_win.obj
 0001:00035a8c       ?Sys_GetGameAPI@@YAPAXPAX@Z 00436a8c f   sys_win.obj
 0001:00035be3       _WinMain@16                00436be3 f   sys_win.obj
 0001:00035e69       ?AddMsgHook@@YAXP6A_NIIJ@Z@Z 00436e69 f   vid_dll.obj
 0001:00035ead       ?RemoveMsgHook@@YAXP6A_NIIJ@Z@Z 00436ead f   vid_dll.obj
 0001:00035edc       ?Vid_CreateWindow@@YAPAXHH_N@Z 00436edc f   vid_dll.obj
 0001:000365e0       ?Vid_DestroyWindow@@YAX_N@Z 004375e0 f   vid_dll.obj
 0001:0003661b       ?Vid_Restart@@YAXXZ        0043761b f   vid_dll.obj
 0001:00036623       ?Vid_GetModeInfo@@YA_NPAH0H@Z 00437623 f   vid_dll.obj
 0001:00036653       ?Vid_Tick@@YAXXZ           00437653 f   vid_dll.obj
 0001:00036803       ?Vid_Init@@YAXXZ           00437803 f   vid_dll.obj
 0001:000368d4       ?Vid_Shutdown@@YAXXZ       004378d4 f   vid_dll.obj
 0001:000368f3       ?Tesselate@surfacePlanar_t@OpenGLDrv@@UAEXAAUrefEntity_t@2@@Z 004378f3 f   gl_backend.obj
 0001:00038502       ?Tesselate@surfacePoly_t@OpenGLDrv@@UAEXAAUrefEntity_t@2@@Z 00439502 f   gl_backend.obj
 0001:000385ff       ?Tesselate@surfaceMd3_t@OpenGLDrv@@UAEXAAUrefEntity_t@2@@Z 004395ff f   gl_backend.obj
 0001:00038bcb       ?Tesselate@surfaceEntity_t@OpenGLDrv@@UAEXAAUrefEntity_t@2@@Z 00439bcb f   gl_backend.obj
 0001:00038caf       ?Tesselate@surfaceParticle_t@OpenGLDrv@@UAEXAAUrefEntity_t@2@@Z 00439caf f   gl_backend.obj
 0001:00038eff       ?BK_DrawScene@OpenGLDrv@@YAXXZ 00439eff f   gl_backend.obj
 0001:00039999       ?BK_DrawPic@OpenGLDrv@@YAXPAVshader_t@1@HHHHMMMMIE@Z 0043a999 f   gl_backend.obj
 0001:00039b7a       ?BK_DrawText@OpenGLDrv@@YAXPBDHHHHHI@Z 0043ab7a f   gl_backend.obj
 0001:00039d65       ?BK_BeginFrame@OpenGLDrv@@YAXXZ 0043ad65 f   gl_backend.obj
 0001:00039dfe       ?BK_EndFrame@OpenGLDrv@@YAXXZ 0043adfe f   gl_backend.obj
 0001:00039e3d       ?BK_Init@OpenGLDrv@@YAXXZ  0043ae3d f   gl_backend.obj
 0001:00039e6c       ?BK_Shutdown@OpenGLDrv@@YAXXZ 0043ae6c f   gl_backend.obj
 0001:00039e84       ?AllocDynamicMemory@OpenGLDrv@@YAPAXH@Z 0043ae84 f   gl_buffers.obj
 0001:00039eef       ?ResizeDynamicMemory@OpenGLDrv@@YAXPAXH@Z 0043aeef f   gl_buffers.obj
 0001:00039f31       ?AddSurfaceToPortal@OpenGLDrv@@YAXPAVsurfaceBase_t@1@PAVshader_t@1@HH@Z 0043af31 f   gl_buffers.obj
 0001:00039f9a       ?InsertShaderIndex@OpenGLDrv@@YAXH@Z 0043af9a f   gl_buffers.obj
 0001:00039fd3       ?ClearPortal@OpenGLDrv@@YAXXZ 0043afd3 f   gl_buffers.obj
 0001:00039ff1       ?SortSurfaces@OpenGLDrv@@YAXPAUviewPortal_t@1@PAPAUsurfaceInfo_t@1@@Z 0043aff1 f   gl_buffers.obj
 0001:0003a183       ?ClearBuffers@OpenGLDrv@@YAXXZ 0043b183 f   gl_buffers.obj
 0001:0003a19a       ?CreateBuffers@OpenGLDrv@@YAXXZ 0043b19a f   gl_buffers.obj
 0001:0003a1c0       ?FreeBuffers@OpenGLDrv@@YAXXZ 0043b1c0 f   gl_buffers.obj
 0001:0003a1e4       ?InitEntity@model_t@OpenGLDrv@@UAEXPAUentity_t@@PAUrefEntity_t@2@@Z 0043b1e4 f   gl_frontend.obj
 0001:0003a1e7       ?AddSurfaces@model_t@OpenGLDrv@@UAEXPAUrefEntity_t@2@@Z 0043b1e7 f   gl_frontend.obj
 0001:0003a215       ?GetLeaf@model_t@OpenGLDrv@@UAEPAUnode_t@2@PAUrefEntity_t@2@@Z 0043b215 f   gl_frontend.obj
 0001:0003a226       ?DrawLabel@model_t@OpenGLDrv@@UAEXPAUrefEntity_t@2@@Z 0043b226 f   gl_frontend.obj
 0001:0003a229       ?InitEntity@inlineModel_t@OpenGLDrv@@UAEXPAUentity_t@@PAUrefEntity_t@2@@Z 0043b229 f   gl_frontend.obj
 0001:0003a279       ?AddSurfaces@inlineModel_t@OpenGLDrv@@UAEXPAUrefEntity_t@2@@Z 0043b279 f   gl_frontend.obj
 0001:0003a726       ?GetLeaf@inlineModel_t@OpenGLDrv@@UAEPAUnode_t@2@PAUrefEntity_t@2@@Z 0043b726 f   gl_frontend.obj
 0001:0003a8cb       ?DrawLabel@inlineModel_t@OpenGLDrv@@UAEXPAUrefEntity_t@2@@Z 0043b8cb f   gl_frontend.obj
 0001:0003a911       ?InitEntity@md3Model_t@OpenGLDrv@@UAEXPAUentity_t@@PAUrefEntity_t@2@@Z 0043b911 f   gl_frontend.obj
 0001:0003ab32       ?AddSurfaces@md3Model_t@OpenGLDrv@@UAEXPAUrefEntity_t@2@@Z 0043bb32 f   gl_frontend.obj
 0001:0003ab98       ?GetLeaf@md3Model_t@OpenGLDrv@@UAEPAUnode_t@2@PAUrefEntity_t@2@@Z 0043bb98 f   gl_frontend.obj
 0001:0003abd0       ?DrawLabel@md3Model_t@OpenGLDrv@@UAEXPAUrefEntity_t@2@@Z 0043bbd0 f   gl_frontend.obj
 0001:0003ac36       ?InitEntity@sp2Model_t@OpenGLDrv@@UAEXPAUentity_t@@PAUrefEntity_t@2@@Z 0043bc36 f   gl_frontend.obj
 0001:0003ac50       ?AddSurfaces@sp2Model_t@OpenGLDrv@@UAEXPAUrefEntity_t@2@@Z 0043bc50 f   gl_frontend.obj
 0001:0003add7       ?GetLeaf@sp2Model_t@OpenGLDrv@@UAEPAUnode_t@2@PAUrefEntity_t@2@@Z 0043bdd7 f   gl_frontend.obj
 0001:0003aeb8       ?AddEntity@OpenGLDrv@@YAXPAUentity_t@@@Z 0043beb8 f   gl_frontend.obj
 0001:0003b015       ?AddDlight@OpenGLDrv@@YAXPAUdlight_t@@@Z 0043c015 f   gl_frontend.obj
 0001:0003b1cd       ?DrawPortal@OpenGLDrv@@YAXXZ 0043c1cd f   gl_frontend.obj
 0001:0003d10e       ?GL_TextureMode@OpenGLDrv@@YAXPBD@Z 0043e10e f   gl_image.obj
 0001:0003d1b6       ?CreateImage@OpenGLDrv@@YAPAVimage_t@1@PBDPAXHHI@Z 0043e1b6 f   gl_image.obj
 0001:0003df27       ?LoadDelayedImages@OpenGLDrv@@YAXXZ 0043ef27 f   gl_image.obj
 0001:0003dfba       ?DrawStretchRaw8@OpenGLDrv@@YAXHHHHHHPAEPAI@Z 0043efba f   gl_image.obj
 0001:0003e37b       ?SetupGamma@OpenGLDrv@@YAXXZ 0043f37b f   gl_image.obj
 0001:0003e4c1       ?PerformScreenshot@OpenGLDrv@@YAXXZ 0043f4c1 f   gl_image.obj
 0001:0003e74e       ?InitImages@OpenGLDrv@@YAXXZ 0043f74e f   gl_image.obj
 0001:0003ef1f       ?ShutdownImages@OpenGLDrv@@YAXXZ 0043ff1f f   gl_image.obj
 0001:0003ef86       ?ShowImages@OpenGLDrv@@YAXXZ 0043ff86 f   gl_image.obj
 0001:0003f20e       ?FindImage@OpenGLDrv@@YAPAVimage_t@1@PBDI@Z 0044020e f   gl_image.obj
 0001:0003f4ae       ?GL_Lock@OpenGLDrv@@YAXXZ  004404ae f   gl_interface.obj
 0001:0003f526       ?GL_Unlock@OpenGLDrv@@YAXXZ 00440526 f   gl_interface.obj
 0001:0003f6e8       ?GL_Bind@OpenGLDrv@@YAXPBVimage_t@1@@Z 004406e8 f   gl_interface.obj
 0001:0003f812       ?GL_BindForce@OpenGLDrv@@YAXPBVimage_t@1@@Z 00440812 f   gl_interface.obj
 0001:0003f890       ?GL_TexEnv@OpenGLDrv@@YAXI@Z 00440890 f   gl_interface.obj
 0001:0003fa0f       ?GL_TexMipBias@OpenGLDrv@@YAXM@Z 00440a0f f   gl_interface.obj
 0001:0003fa6a       ?GL_TexEnvColor@OpenGLDrv@@YAXPBTcolor_t@@@Z 00440a6a f   gl_interface.obj
 0001:0003fb1a       ?GL_SelectTexture@OpenGLDrv@@YAXH@Z 00440b1a f   gl_interface.obj
 0001:0003fb7b       ?GL_TexCoordPointer@OpenGLDrv@@YAXPAX@Z 00440b7b f   gl_interface.obj
 0001:0003fbab       ?GL_SetMultitexture@OpenGLDrv@@YAXH@Z 00440bab f   gl_interface.obj
 0001:0003fc91       ?GL_DisableTexCoordArrays@OpenGLDrv@@YAXXZ 00440c91 f   gl_interface.obj
 0001:0003fce5       ?GL_CullFace@OpenGLDrv@@YAXW4gl_cullMode_t@1@@Z 00440ce5 f   gl_interface.obj
 0001:0003fd36       ?GL_DepthRange@OpenGLDrv@@YAXW4gl_depthMode_t@1@@Z 00440d36 f   gl_interface.obj
 0001:0003fd69       ?GL_State@OpenGLDrv@@YAXI@Z 00440d69 f   gl_interface.obj
 0001:0003febe       ?GL_EnableFog@OpenGLDrv@@YAX_N@Z 00440ebe f   gl_interface.obj
 0001:0003ffb6       ?GL_SetDefaultState@OpenGLDrv@@YAXXZ 00440fb6 f   gl_interface.obj
 0001:00040104       ?GL_Set2DMode@OpenGLDrv@@YAXXZ 00441104 f   gl_interface.obj
 0001:000401ff       ?GL_Set3DMode@OpenGLDrv@@YAXPAUviewPortal_t@1@@Z 004411ff f   gl_interface.obj
 0001:000402e7       ?ShowLights@OpenGLDrv@@YAXXZ 004412e7 f   gl_light.obj
 0001:000406d0       ?LightForEntity@OpenGLDrv@@YAXPAUrefEntity_t@1@@Z 004416d0 f   gl_light.obj
 0001:00041941       ?DiffuseLight@OpenGLDrv@@YAXPATcolor_t@@M@Z 00442941 f   gl_light.obj
 0001:00041aba       ?InitLightGrid@OpenGLDrv@@YAXXZ 00442aba f   gl_light.obj
 0001:00041b60       ?PostLoadLights@OpenGLDrv@@YAXXZ 00442b60 f   gl_light.obj
 0001:00041df0       ?LM_Init@OpenGLDrv@@YAXXZ  00442df0 f   gl_lightmap.obj
 0001:00041e06       ?LM_Flush@OpenGLDrv@@YAXPAUlightmapBlock_t@1@@Z 00442e06 f   gl_lightmap.obj
 0001:00041e63       ?LM_Done@OpenGLDrv@@YAXXZ  00442e63 f   gl_lightmap.obj
 0001:00041e8a       ?LM_Save@OpenGLDrv@@YAXPAUlightmapBlock_t@1@@Z 00442e8a f   gl_lightmap.obj
 0001:00041ea2       ?LM_Restore@OpenGLDrv@@YAXPAUlightmapBlock_t@1@@Z 00442ea2 f   gl_lightmap.obj
 0001:00041eba       ?LM_NewBlock@OpenGLDrv@@YAPAUlightmapBlock_t@1@XZ 00442eba f   gl_lightmap.obj
 0001:00041f2a       ?LM_Rewind@OpenGLDrv@@YAXXZ 00442f2a f   gl_lightmap.obj
 0001:00041f32       ?LM_NextBlock@OpenGLDrv@@YAPAUlightmapBlock_t@1@XZ 00442f32 f   gl_lightmap.obj
 0001:00041f5f       ?LM_CheckMinlight@OpenGLDrv@@YAXPAUdynamicLightmap_t@1@@Z 00442f5f f   gl_lightmap.obj
 0001:00041ff5       ?LM_AllocBlock@OpenGLDrv@@YA_NPAUlightmapBlock_t@1@PAUdynamicLightmap_t@1@@Z 00442ff5 f   gl_lightmap.obj
 0001:000420ac       ?LM_PutBlock@OpenGLDrv@@YAXPAUdynamicLightmap_t@1@@Z 004430ac f   gl_lightmap.obj
 0001:000424d9       ?LM_SortLightStyles@OpenGLDrv@@YAXPAUdynamicLightmap_t@1@@Z 004434d9 f   gl_lightmap.obj
 0001:0004256a       ?UpdateDynamicLightmap@OpenGLDrv@@YAXPAVsurfacePlanar_t@1@_NI@Z 0044356a f   gl_lightmap.obj
 0001:00042a6c       ?LM_IsMonotone@OpenGLDrv@@YA_NPAUdynamicLightmap_t@1@PATcolor_t@@@Z 00443a6c f   gl_lightmap.obj
 0001:00042b73       ?Init@OpenGLDrv@@YA_NXZ    00443b73 f   gl_main.obj
 0001:000431d9       ?Shutdown@OpenGLDrv@@YAX_N@Z 004441d9 f   gl_main.obj
 0001:00043262       ?GL_EnableRendering@OpenGLDrv@@YAX_N@Z 00444262 f   gl_main.obj
 0001:0004327d       ?BeginFrame@OpenGLDrv@@YAXXZ 0044427d f   gl_main.obj
 0001:00043397       ?EndFrame@OpenGLDrv@@YAXXZ 00444397 f   gl_main.obj
 0001:000433af       ?RenderFrame@OpenGLDrv@@YAXPAUrefdef_t@@@Z 004443af f   gl_main.obj
 0001:00043bd8       ?Fill8@OpenGLDrv@@YAXHHHHH@Z 00444bd8 f   gl_main.obj
 0001:00043c1b       ?Fill@OpenGLDrv@@YAXHHHHI@Z 00444c1b f   gl_main.obj
 0001:00043c57       ?TileClear@OpenGLDrv@@YAXHHHHPBD@Z 00444c57 f   gl_main.obj
 0001:00043d0e       ?DrawStretchPic@OpenGLDrv@@YAXHHHHPBD@Z 00444d0e f   gl_main.obj
 0001:00043d8b       ?DrawDetailedPic@OpenGLDrv@@YAXHHHHPBD@Z 00444d8b f   gl_main.obj
 0001:00043e32       ?DrawPic@OpenGLDrv@@YAXHHPBDHH@Z 00444e32 f   gl_main.obj
 0001:00043eb7       ?BeginRegistration@OpenGLDrv@@YAXPBD@Z 00444eb7 f   gl_main.obj
 0001:00043edb       ?RegisterPic@OpenGLDrv@@YAPAVCBasicImage@@PBD@Z 00444edb f   gl_main.obj
 0001:00043ee9       ?RegisterSkin@OpenGLDrv@@YAPAVCBasicImage@@PBD@Z 00444ee9 f   gl_main.obj
 0001:00043ef4       ?RegisterModel@OpenGLDrv@@YAPAVCRenderModel@@PBD@Z 00444ef4 f   gl_main.obj
 0001:00043eff       ?SetSky@OpenGLDrv@@YAXPBDMABUCVec3@@@Z 00444eff f   gl_main.obj
 0001:00043fa5       ?Screenshot@OpenGLDrv@@YAXHPBD@Z 00444fa5 f   gl_main.obj
 0001:00043fc8       ?GetClientLight@OpenGLDrv@@YAMXZ 00444fc8 f   gl_main.obj
 0001:00043fcf       ?GetCaps@OpenGLDrv@@YAIXZ  00444fcf f   gl_main.obj
 0001:00043fd5       ?InitFuncTables@OpenGLDrv@@YAXXZ 00444fd5 f   gl_math.obj
 0001:00044186       ?BuildRotationAxis@OpenGLDrv@@YAXAAUCAxis@@ABUCVec3@@M@Z 00445186 f   gl_math.obj
 0001:0004427d       ?GetBoxRect@OpenGLDrv@@YA_NPBUrefEntity_t@1@ABUCVec3@@QAM2_N@Z 0044527d f   gl_math.obj
 0001:00044587       ?ProjectToScreen@OpenGLDrv@@YA_NABUCVec3@@QAH@Z 00445587 f   gl_math.obj
 0001:000446ca       ?SaturateColor3f@OpenGLDrv@@YAXAAUCVec3@@@Z 004456ca f   gl_math.obj
 0001:000447ba       ?SaturateColor4b@OpenGLDrv@@YAXPATcolor_t@@@Z 004457ba f   gl_math.obj
 0001:000448c8       ?SubdividePlane@OpenGLDrv@@YAHPAPAUCVec3@@HM@Z 004458c8 f   gl_poly.obj
 0001:00044d17       ?FreeSubdividedPlane@OpenGLDrv@@YAXXZ 00445d17 f   gl_poly.obj
 0001:00044d2f       ?GetSubdivideIndexes@OpenGLDrv@@YAXPAH@Z 00445d2f f   gl_poly.obj
 0001:00044d82       ?RemoveCollinearPoints@OpenGLDrv@@YAHPAPAUCVec3@@H@Z 00445d82 f   gl_poly.obj
 0001:00044e78       ?GetPolyArea@OpenGLDrv@@YAMPAPAUCVec3@@H@Z 00445e78 f   gl_poly.obj
 0001:00044f0c       ?InitShaders@OpenGLDrv@@YAXXZ 00445f0c f   gl_shader.obj
 0001:00045063       ?ShutdownShaders@OpenGLDrv@@YAXXZ 00446063 f   gl_shader.obj
 0001:0004509d       ?GetLightmapImage@OpenGLDrv@@YAPAVimage_t@1@H@Z 0044609d f   gl_shader.obj
 0001:000450c5       ?SetShaderLightmap@OpenGLDrv@@YAPAVshader_t@1@PAV21@H@Z 004460c5 f   gl_shader.obj
 0001:000453ea       ??4shader_t@OpenGLDrv@@QAEAAV01@ABV01@@Z 004463ea f i gl_shader.obj
 0001:0004551c       ??4CBasicImage@@QAEAAV0@ABV0@@Z 0044651c f i gl_shader.obj
 0001:00045624       ?SetShaderLightstyles@OpenGLDrv@@YAPAVshader_t@1@PAV21@I@Z 00446624 f   gl_shader.obj
 0001:000456c2       ?GetAlphaShader@OpenGLDrv@@YAPAVshader_t@1@PAV21@@Z 004466c2 f   gl_shader.obj
 0001:00045985       ?FindShader@OpenGLDrv@@YAPAVshader_t@1@PBDI@Z 00446985 f   gl_shader.obj
 0001:00045f9e       ?GetShaderByNum@OpenGLDrv@@YAPAVshader_t@1@H@Z 00446f9e f   gl_shader.obj
 0001:00045fbc       ?ResetShaders@OpenGLDrv@@YAXXZ 00446fbc f   gl_shader.obj
 0001:0004648e       ?Reload@shader_t@OpenGLDrv@@UAEXXZ 0044748e f   gl_shader.obj
 0001:000464b9       ?ClearSkyBox@OpenGLDrv@@YAXXZ 004474b9 f   gl_sky.obj
 0001:000464d0       ?SetSkyRotate@OpenGLDrv@@YAXMABUCVec3@@@Z 004474d0 f   gl_sky.obj
 0001:00046508       ?SkyVisible@OpenGLDrv@@YA_NXZ 00447508 f   gl_sky.obj
 0001:00046521       ?AddSkySurface@OpenGLDrv@@YAXPAVsurfacePlanar_t@1@ABUCVec3@@E@Z 00447521 f   gl_sky.obj
 0001:00046abc       ?TesselateSkySide@OpenGLDrv@@YAHHPAUbufVertex_t@1@PAUbufTexCoord_t@1@M@Z 00447abc f   gl_sky.obj
 0001:00046d81       ?DrawChar@OpenGLDrv@@YAXHHHH@Z 00447d81 f   gl_text.obj
 0001:00046dae       ?DrawConChar@OpenGLDrv@@YAXHHHH@Z 00447dae f   gl_text.obj
 0001:00046de3       ?ClearTexts@OpenGLDrv@@YAXXZ 00447de3 f   gl_text.obj
 0001:00046df8       ?FlushTexts@OpenGLDrv@@YAXXZ 00447df8 f   gl_text.obj
 0001:00046e8a       ?DrawTextPos@OpenGLDrv@@YAXHHPBDI@Z 00447e8a f   gl_text.obj
 0001:00046f71       ?DrawTextLeft@OpenGLDrv@@YAXPBDI@Z 00447f71 f   gl_text.obj
 0001:00046ff8       ?DrawTextRight@OpenGLDrv@@YAXPBDI@Z 00447ff8 f   gl_text.obj
 0001:00047042       ?DrawText3D@OpenGLDrv@@YAXABUCVec3@@PBDI@Z 00448042 f   gl_text.obj
 0001:0004706f       ?InitTexts@OpenGLDrv@@YAXXZ 0044806f f   gl_text.obj
 0001:00047089       ?FindModel@OpenGLDrv@@YAPAVmodel_t@1@PBD@Z 00448089 f   gl_model.obj
 0001:0004724d       ?FreeModels@OpenGLDrv@@YAXXZ 0044824d f   gl_model.obj
 0001:000472bf       ?InitModels@OpenGLDrv@@YAXXZ 004482bf f   gl_model.obj
 0001:000473b5       ?ShutdownModels@OpenGLDrv@@YAXXZ 004483b5 f   gl_model.obj
 0001:000473c6       ?LoadWorldMap@OpenGLDrv@@YAXPBD@Z 004483c6 f   gl_bspmodel.obj
 0001:0004848c       ?Negate@CVec3@@QAEXXZ      0044948c f i gl_bspmodel.obj
 0001:00048ee4       ?PointInLeaf@OpenGLDrv@@YAPAUnode_t@1@ABUCVec3@@@Z 00449ee4 f   gl_bspmodel.obj
 0001:00048f2f       ?CALL_CONSTRUCTOR@@YAXPAVinlineModel_t@OpenGLDrv@@@Z 00449f2f f i gl_bspmodel.obj
 0001:00048f45       ?LerpTag@model_t@OpenGLDrv@@UBE_NHHMPBDAAUCCoords@@@Z 00449f45 f   gl_trimodel.obj
 0001:00048f53       ?LerpTag@md3Model_t@OpenGLDrv@@UBE_NHHMPBDAAUCCoords@@@Z 00449f53 f   gl_trimodel.obj
 0001:00049082       ?LoadMd2@OpenGLDrv@@YAPAVmd3Model_t@1@PBDPAEI@Z 0044a082 f   gl_trimodel.obj
 0001:00049bad       ?ATAN2_FUNC@OpenGLDrv@@YAMMM@Z 0044abad f i gl_trimodel.obj
 0001:00049d51       ?LoadMd3@OpenGLDrv@@YAPAVmd3Model_t@1@PBDPAEI@Z 0044ad51 f   gl_trimodel.obj
 0001:0004a1ff       ?FindSkin@OpenGLDrv@@YAPAVshader_t@1@PBD@Z 0044b1ff f   gl_trimodel.obj
 0001:0004a210       ?LoadSp2@OpenGLDrv@@YAPAVsp2Model_t@1@PBDPAEI@Z 0044b210 f   gl_trimodel.obj
 0001:0004a365       ?CALL_CONSTRUCTOR@@YAXPAVmd3Model_t@OpenGLDrv@@@Z 0044b365 f i gl_trimodel.obj
 0001:0004a37b       ?CALL_CONSTRUCTOR@@YAXPAVsp2Model_t@OpenGLDrv@@@Z 0044b37b f i gl_trimodel.obj
 0001:0004b986       ?QGL_Init@OpenGLDrv@@YA_NPBD@Z 0044c986 f   qgl_win.obj
 0001:0004ba68       ?QGL_Shutdown@OpenGLDrv@@YAXXZ 0044ca68 f   qgl_win.obj
 0001:0004baa6       ?QGL_InitExtensions@OpenGLDrv@@YAXXZ 0044caa6 f   qgl_win.obj
 0001:0004bf92       ?QGL_PrintExtensionsString@OpenGLDrv@@YAXPBD00@Z 0044cf92 f   qgl_win.obj
 0001:0004c0df       ?QGL_EnableLogging@OpenGLDrv@@YAX_N@Z 0044d0df f   qgl_win.obj
 0001:0004c199       ?QGL_LogMessage@OpenGLDrv@@YAXPBD@Z 0044d199 f   qgl_win.obj
 0001:0004c1b0       ?QGL_SwapBuffers@OpenGLDrv@@YAXXZ 0044d1b0 f   qgl_win.obj
 0001:0004c207       ?GLimp_HasGamma@OpenGLDrv@@YA_NXZ 0044d207 f   gl_win.obj
 0001:0004c21b       ?GLimp_SetGamma@OpenGLDrv@@YAXM@Z 0044d21b f   gl_win.obj
 0001:0004c3c3       ?GLimp_SetMode@OpenGLDrv@@YA_NPAI0H_N@Z 0044d3c3 f   gl_win.obj
 0001:0004c7b9       ?GLimp_Shutdown@OpenGLDrv@@YAX_N@Z 0044d7b9 f   gl_win.obj
 0001:0004c866       ?AppActivate@OpenGLDrv@@YAX_N@Z 0044d866 f   gl_win.obj
 0001:0004c8d6       _jpeg_CreateDecompress     0044d8d6 f   lib:jdapimin.obj
 0001:0004c996       _jpeg_read_header          0044d996 f   lib:jdapimin.obj
 0001:0004c9f8       _jpeg_consume_input        0044d9f8 f   lib:jdapimin.obj
 0001:0004cc47       _jpeg_finish_decompress    0044dc47 f   lib:jdapimin.obj
 0001:0004ccde       _jpeg_start_decompress     0044dcde f   lib:jdapistd.obj
 0001:0004ce4b       _jpeg_read_scanlines       0044de4b f   lib:jdapistd.obj
 0001:0004cecf       _jpeg_resync_to_restart    0044decf f   lib:jdmarker.obj
 0001:0004d094       _jinit_marker_reader       0044e094 f   lib:jdmarker.obj
 0001:0004e55f       _jpeg_CreateCompress       0044f55f f   lib:jcapimin.obj
 0001:0004e613       _jpeg_destroy_decompress   0044f613 f   lib:jcapimin.obj
 0001:0004e613       _jpeg_destroy_compress     0044f613 f   lib:jcapimin.obj
 0001:0004e61e       _jpeg_suppress_tables      0044f61e f   lib:jcapimin.obj
 0001:0004e668       _jpeg_finish_compress      0044f668 f   lib:jcapimin.obj
 0001:0004e752       _jpeg_start_compress       0044f752 f   lib:jcapistd.obj
 0001:0004e7be       _jpeg_write_scanlines      0044f7be f   lib:jcapistd.obj
 0001:0004e869       _jpeg_add_quant_table      0044f869 f   lib:jcparam.obj
 0001:0004e91b       _jpeg_quality_scaling      0044f91b f   lib:jcparam.obj
 0001:0004e942       _jpeg_set_quality          0044f942 f   lib:jcparam.obj
 0001:0004e97c       _jpeg_set_defaults         0044f97c f   lib:jcparam.obj
 0001:0004eb42       _jpeg_default_colorspace   0044fb42 f   lib:jcparam.obj
 0001:0004eb92       _jpeg_set_colorspace       0044fb92 f   lib:jcparam.obj
 0001:0004eead       _jpeg_stdio_dest           0044fead f   lib:jdatadst.obj
 0001:0004f0cd       _crc32                     004500cd f   lib:crc32.obj
 0001:0004f367       _inflateReset              00450367 f   lib:inflate.obj
 0001:0004f3b5       _inflateInit2_             004503b5 f   lib:inflate.obj
 0001:0004f46e       _inflate                   0045046e f   lib:inflate.obj
 0001:00050743       _inflateEnd                00451743 f   lib:inflate.obj
 0001:00050781       _jinit_input_controller    00451781 f   lib:jdinput.obj
 0001:00050c64       _jinit_memory_mgr          00451c64 f   lib:jmemmgr.obj
 0001:000517a0       _jpeg_abort                004527a0 f   lib:jcomapi.obj
 0001:000517d3       _jpeg_destroy              004527d3 f   lib:jcomapi.obj
 0001:000517ee       _jpeg_alloc_quant_table    004527ee f   lib:jcomapi.obj
 0001:0005180a       _jpeg_alloc_huff_table     0045280a f   lib:jcomapi.obj
 0001:00051826       _jpeg_calc_output_dimensions 00452826 f   lib:jdmaster.obj
 0001:00051926       _jinit_master_decompress   00452926 f   lib:jdmaster.obj
 0001:00051c7c       _jdiv_round_up             00452c7c f   lib:jutils.obj
 0001:00051c8c       _jround_up                 00452c8c f   lib:jutils.obj
 0001:00051ca4       _jcopy_sample_rows         00452ca4 f   lib:jutils.obj
 0001:00051ce2       _jcopy_block_row           00452ce2 f   lib:jutils.obj
 0001:00051cfb       _jzero_far                 00452cfb f   lib:jutils.obj
 0001:00051d0e       _jinit_marker_writer       00452d0e f   lib:jcmarker.obj
 0001:000525ea       _jinit_compress_master     004535ea f   lib:jcinit.obj
 0001:00052643       _inflate_fast              00453643 f   lib:inffast.obj
 0001:000529f8       _inflate_table             004539f8 f   lib:inftrees.obj
 0001:00052dac       _adler32                   00453dac f   lib:adler32.obj
 0001:00052ec5       _jinit_c_codec             00453ec5 f   lib:jcodec.obj
 0001:00052ee1       _jinit_d_codec             00453ee1 f   lib:jcodec.obj
 0001:00052efd       _jpeg_free_large           00453efd f   lib:jmemnobs.obj
 0001:00052efd       _jpeg_free_small           00453efd f   lib:jmemnobs.obj
 0001:00052f09       _jpeg_get_large            00453f09 f   lib:jmemnobs.obj
 0001:00052f09       _jpeg_get_small            00453f09 f   lib:jmemnobs.obj
 0001:00052f15       _jpeg_mem_available        00453f15 f   lib:jmemnobs.obj
 0001:00052f1a       _jpeg_open_backing_store   00453f1a f   lib:jmemnobs.obj
 0001:00052f2e       _jinit_d_main_controller   00453f2e f   lib:jdmainct.obj
 0001:00053579       _jinit_d_post_controller   00454579 f   lib:jdpostct.obj
 0001:00053824       _jinit_upsampler           00454824 f   lib:jdsample.obj
 0001:00053e62       _jinit_color_deconverter   00454e62 f   lib:jdcolor.obj
 0001:00054378       _jinit_merged_upsampler    00455378 f   lib:jdmerge.obj
 0001:000548c8       _jinit_2pass_quantizer     004558c8 f   lib:jquant2.obj
 0001:0005598c       _jinit_1pass_quantizer     0045698c f   lib:jquant1.obj
 0001:000563b2       _jinit_c_main_controller   004573b2 f   lib:jcmainct.obj
 0001:0005651f       _jinit_c_prep_controller   0045751f f   lib:jcprepct.obj
 0001:00056a6a       _jinit_downsampler         00457a6a f   lib:jcsample.obj
 0001:000572ea       _jinit_color_converter     004582ea f   lib:jccolor.obj
 0001:000578d4       _jinit_c_master_control    004588d4 f   lib:jcmaster.obj
 0001:000583c3       _jinit_lossy_c_codec       004593c3 f   lib:jclossy.obj
 0001:0005845e       _jinit_lossless_c_codec    0045945e f   lib:jclossls.obj
 0001:000584f6       _jinit_lossy_d_codec       004594f6 f   lib:jdlossy.obj
 0001:000587c9       _jinit_lossless_d_codec    004597c9 f   lib:jdlossls.obj
 0001:00058879       _jinit_c_coef_controller   00459879 f   lib:jccoefct.obj
 0001:00058f18       _jinit_shuff_encoder       00459f18 f   lib:jcshuff.obj
 0001:00059783       _jinit_phuff_encoder       0045a783 f   lib:jcphuff.obj
 0001:0005a228       _jinit_forward_dct         0045b228 f   lib:jcdctmgr.obj
 0001:0005a4f7       _jinit_c_diff_controller   0045b4f7 f   lib:jcdiffct.obj
 0001:0005aa5d       _jinit_lhuff_encoder       0045ba5d f   lib:jclhuff.obj
 0001:0005b187       _jinit_differencer         0045c187 f   lib:jcpred.obj
 0001:0005b6a1       _jinit_c_scaler            0045c6a1 f   lib:jcscale.obj
 0001:0005b717       _jinit_d_coef_controller   0045c717 f   lib:jdcoefct.obj
 0001:0005c3f3       _jinit_shuff_decoder       0045d3f3 f   lib:jdshuff.obj
 0001:0005c988       _jinit_phuff_decoder       0045d988 f   lib:jdphuff.obj
 0001:0005d525       _jinit_inverse_dct         0045e525 f   lib:jddctmgr.obj
 0001:0005d709       _jinit_d_diff_controller   0045e709 f   lib:jddiffct.obj
 0001:0005dc37       _jinit_d_scaler            0045ec37 f   lib:jdscale.obj
 0001:0005dd36       _jinit_undifferencer       0045ed36 f   lib:jdpred.obj
 0001:0005e0f0       _jinit_lhuff_decoder       0045f0f0 f   lib:jdlhuff.obj
 0001:0005e4e5       _jpeg_make_c_derived_tbl   0045f4e5 f   lib:jchuff.obj
 0001:0005e6e7       _jpeg_gen_optimal_table    0045f6e7 f   lib:jchuff.obj
 0001:0005e8a6       _jpeg_fdct_float           0045f8a6 f   lib:jfdctflt.obj
 0001:0005eaab       _jpeg_make_d_derived_tbl   0045faab f   lib:jdhuff.obj
 0001:0005ed48       _jpeg_fill_bit_buffer      0045fd48 f   lib:jdhuff.obj
 0001:0005ee57       _jpeg_huff_decode          0045fe57 f   lib:jdhuff.obj
 0001:0005ef37       _jpeg_idct_4x4             0045ff37 f   lib:jidctred.obj
 0001:0005f225       _jpeg_idct_2x2             00460225 f   lib:jidctred.obj
 0001:0005f3e7       _jpeg_idct_1x1             004603e7 f   lib:jidctred.obj
 0001:0005f423       _jpeg_idct_float           00460423 f   lib:jidctflt.obj
 0001:0005f800       __except_handler3          00460800 f   MSVCRT:MSVCRT.dll
 0001:0005f810       __chkstk                   00460810 f   MSVCRT:chkstk.obj
 0001:0005f810       __alloca_probe             00460810 f   MSVCRT:chkstk.obj
 0001:0005f83f       ??_Gtype_info@@UAEPAXI@Z   0046083f f i MSVCRT:ti_inst.obj
 0001:0005f83f       ??_Etype_info@@UAEPAXI@Z   0046083f f i MSVCRT:ti_inst.obj
 0001:0005f85c       __CxxThrowException@8      0046085c f   MSVCRT:MSVCRT.dll
 0001:0005f862       _strcpy                    00460862 f   MSVCRT:MSVCRT.dll
 0001:0005f868       _strlen                    00460868 f   MSVCRT:MSVCRT.dll
[...]
 0001:0005d8a7       _start_iMCU_row            0045e8a7 f   lib:jddiffct.obj
 0001:0005d8ec       _start_output_pass         0045e8ec f   lib:jddiffct.obj
 0001:0005d8f8       _decompress_data           0045e8f8 f   lib:jddiffct.obj
 0001:0005da68       _process_restart           0045ea68 f   lib:jddiffct.obj
 0001:0005ba88       _dummy_consume_data        0045ca88 f   lib:jdcoefct.obj
 0001:0005da9d       _consume_data              0045ea9d f   lib:jddiffct.obj
 0001:0005db14       _output_data               0045eb14 f   lib:jddiffct.obj
 0001:0005d59b       _start_pass                0045e59b f   lib:jddctmgr.obj
 0001:0005c9ed       _start_pass_phuff_decoder  0045d9ed f   lib:jdphuff.obj
 0001:0005cc36       _decode_mcu_DC_first       0045dc36 f   lib:jdphuff.obj
 0001:0005ce2e       _process_restart           0045de2e f   lib:jdphuff.obj
 0001:0005ce9d       _decode_mcu_AC_first       0045de9d f   lib:jdphuff.obj
 0001:0005d0bd       _decode_mcu_DC_refine      0045e0bd f   lib:jdphuff.obj
 0001:0005d192       _decode_mcu_AC_refine      0045e192 f   lib:jdphuff.obj
 0001:0005c434       _start_pass_huff_decoder   0045d434 f   lib:jdshuff.obj
 0001:0005c56c       _decode_mcu                0045d56c f   lib:jdshuff.obj
 0001:0005c91c       _process_restart           0045d91c f   lib:jdshuff.obj
 0001:0005b81a       _start_input_pass          0045c81a f   lib:jdcoefct.obj
 0001:0005b82d       _start_iMCU_row            0045c82d f   lib:jdcoefct.obj
 0001:0005b872       _start_output_pass         0045c872 f   lib:jdcoefct.obj
 0001:0005b8af       _decompress_onepass        0045c8af f   lib:jdcoefct.obj
 0001:0005ba88       _dummy_consume_data        0045ca88 f   lib:jdcoefct.obj
 0001:0005ba8b       _consume_data              0045ca8b f   lib:jdcoefct.obj
 0001:0005bc44       _decompress_data           0045cc44 f   lib:jdcoefct.obj
 0001:0005bdb0       _smoothing_ok              0045cdb0 f   lib:jdcoefct.obj
 0001:0005be9b       _decompress_smooth_data    0045ce9b f   lib:jdcoefct.obj
 0001:0005b6b3       _scaler_start_pass         0045c6b3 f   lib:jcscale.obj
 0001:0005b6d6       _simple_downscale          0045c6d6 f   lib:jcscale.obj
 0001:0005b702       _noscale                   0045c702 f   lib:jcscale.obj
 0001:0005b1ab       _start_pass                0045c1ab f   lib:jcpred.obj
 0001:0005b203       _reset_predictor           0045c203 f   lib:jcpred.obj
 0001:0005b230       _jpeg_difference_first_row 0045c230 f   lib:jcpred.obj
 0001:0005b31a       _jpeg_difference1          0045c31a f   lib:jcpred.obj
 0001:0005b388       _jpeg_difference2          0045c388 f   lib:jcpred.obj
 0001:0005b3f9       _jpeg_difference3          0045c3f9 f   lib:jcpred.obj
 0001:0005b471       _jpeg_difference4          0045c471 f   lib:jcpred.obj
 0001:0005b4fc       _jpeg_difference5          0045c4fc f   lib:jcpred.obj
 0001:0005b58f       _jpeg_difference6          0045c58f f   lib:jcpred.obj
 0001:0005b61e       _jpeg_difference7          0045c61e f   lib:jcpred.obj
 0001:0005aa9d       _start_pass_huff           0045ba9d f   lib:jclhuff.obj
 0001:0005ac3a       _encode_mcus_huff          0045bc3a f   lib:jclhuff.obj
 0001:0005ae25       _emit_bits                 0045be25 f   lib:jclhuff.obj
 0001:0005aec8       _dump_buffer               0045bec8 f   lib:jclhuff.obj
 0001:0005aeec       _emit_restart              0045beec f   lib:jclhuff.obj
 0001:0005af37       _flush_bits                0045bf37 f   lib:jclhuff.obj
 0001:0005af5b       _finish_pass_huff          0045bf5b f   lib:jclhuff.obj
 0001:0005afc8       _encode_mcus_gather        0045bfc8 f   lib:jclhuff.obj
 0001:0005b0f1       _finish_pass_gather        0045c0f1 f   lib:jclhuff.obj
 0001:00059780       _need_optimization_pass    0045a780 f   lib:jcshuff.obj
 0001:0005a67b       _start_pass_diff           0045b67b f   lib:jcdiffct.obj
 0001:0005a719       _start_iMCU_row            0045b719 f   lib:jcdiffct.obj
 0001:0005a75b       _compress_data             0045b75b f   lib:jcdiffct.obj
 0001:0005a8f1       _compress_first_pass       0045b8f1 f   lib:jcdiffct.obj
 0001:0005a9e6       _compress_output           0045b9e6 f   lib:jcdiffct.obj
 0001:0005a28e       _start_pass_fdctmgr        0045b28e f   lib:jcdctmgr.obj
 0001:0005a390       _forward_DCT_float         0045b390 f   lib:jcdctmgr.obj
 0001:000597c3       _start_pass_phuff          0045a7c3 f   lib:jcphuff.obj
 0001:00059930       _encode_mcu_DC_first       0045a930 f   lib:jcphuff.obj
 0001:00059a62       _emit_bits                 0045aa62 f   lib:jcphuff.obj
 0001:00059b0d       _dump_buffer               0045ab0d f   lib:jcphuff.obj
 0001:00059b45       _emit_symbol               0045ab45 f   lib:jcphuff.obj
 0001:00059b85       _emit_restart              0045ab85 f   lib:jcphuff.obj
 0001:00059c0e       _emit_eobrun               0045ac0e f   lib:jcphuff.obj
 0001:00059c94       _encode_mcu_AC_first       0045ac94 f   lib:jcphuff.obj
 0001:00059e28       _encode_mcu_DC_refine      0045ae28 f   lib:jcphuff.obj
 0001:00059ee2       _encode_mcu_AC_refine      0045aee2 f   lib:jcphuff.obj
 0001:0005a0f9       _finish_pass_phuff         0045b0f9 f   lib:jcphuff.obj
 0001:0005a148       _finish_pass_gather_phuff  0045b148 f   lib:jcphuff.obj
 0001:0005a20b       _need_optimization_pass    0045b20b f   lib:jcphuff.obj
 0001:00058f5b       _start_pass_huff           00459f5b f   lib:jcshuff.obj
 0001:000590d0       _encode_mcu_huff           0045a0d0 f   lib:jcshuff.obj
 0001:000591db       _encode_one_block          0045a1db f   lib:jcshuff.obj
 0001:00059352       _emit_bits                 0045a352 f   lib:jcshuff.obj
 0001:000593f5       _dump_buffer               0045a3f5 f   lib:jcshuff.obj
 0001:00059419       _emit_restart              0045a419 f   lib:jcshuff.obj
 0001:00059486       _flush_bits                0045a486 f   lib:jcshuff.obj
 0001:000594aa       _finish_pass_huff          0045a4aa f   lib:jcshuff.obj
 0001:00059519       _encode_mcu_gather         0045a519 f   lib:jcshuff.obj
 0001:000595cf       _htest_one_block           0045a5cf f   lib:jcshuff.obj
 0001:00059696       _finish_pass_gather        0045a696 f   lib:jcshuff.obj
 0001:00059780       _need_optimization_pass    0045a780 f   lib:jcshuff.obj
 0001:0005892e       _start_pass_coef           0045992e f   lib:jccoefct.obj
 0001:0005a719       _start_iMCU_row            0045b719 f   lib:jcdiffct.obj
 0001:000589c3       _compress_data             004599c3 f   lib:jccoefct.obj
 0001:00058baa       _compress_first_pass       00459baa f   lib:jccoefct.obj
 0001:00058d90       _compress_output           00459d90 f   lib:jccoefct.obj
 0001:00058846       _calc_output_dimensions    00459846 f   lib:jdlossls.obj
 0001:00058857       _start_input_pass          00459857 f   lib:jdlossls.obj
 0001:00058585       _calc_output_dimensions    00459585 f   lib:jdlossy.obj
 0001:000586f8       _start_input_pass          004596f8 f   lib:jdlossy.obj
 0001:00058718       _latch_quant_tables        00459718 f   lib:jdlossy.obj
 0001:000587b0       _start_output_pass         004597b0 f   lib:jdlossy.obj
 0001:000584d4       _start_pass                004594d4 f   lib:jclossls.obj
 0001:00058440       _start_pass                00459440 f   lib:jclossy.obj
 0001:00057995       _initial_setup             00458995 f   lib:jcmaster.obj
 0001:00057b48       _validate_script           00458b48 f   lib:jcmaster.obj
 0001:00057f20       _prepare_for_pass          00458f20 f   lib:jcmaster.obj
 0001:00058098       _select_scan_parameters    00459098 f   lib:jcmaster.obj
 0001:00058199       _per_scan_setup            00459199 f   lib:jcmaster.obj
 0001:00058344       _pass_startup              00459344 f   lib:jcmaster.obj
 0001:0005836b       _finish_pass_master        0045936b f   lib:jcmaster.obj
 0001:00057481       _rgb_ycc_start             00458481 f   lib:jccolor.obj
 0001:00057545       _rgb_ycc_convert           00458545 f   lib:jccolor.obj
 0001:00057644       _rgb_gray_convert          00458644 f   lib:jccolor.obj
 0001:000576c9       _cmyk_ycck_convert         004586c9 f   lib:jccolor.obj
 0001:00057801       _grayscale_convert         00458801 f   lib:jccolor.obj
 0001:0005785b       _null_convert              0045885b f   lib:jccolor.obj
 0001:0005597c       _null_method               0045697c f   lib:jquant2.obj
 0001:0005597c       _start_pass_downsample     0045697c f   lib:jquant2.obj
 0001:00056bcd       _sep_downsample            00457bcd f   lib:jcsample.obj
 0001:00056c42       _int_downsample            00457c42 f   lib:jcsample.obj
 0001:00056d3a       _expand_right_edge         00457d3a f   lib:jcsample.obj
 0001:00056d8f       _fullsize_downsample       00457d8f f   lib:jcsample.obj
 0001:00056dd3       _h2v1_downsample           00457dd3 f   lib:jcsample.obj
 0001:00056e67       _h2v2_downsample           00457e67 f   lib:jcsample.obj
 0001:00056f14       _h2v2_smooth_downsample    00457f14 f   lib:jcsample.obj
 0001:0005718c       _fullsize_smooth_downsample 0045818c f   lib:jcsample.obj
 0001:000565c9       _start_pass_prep           004575c9 f   lib:jcprepct.obj
 0001:00056607       _pre_process_data          00457607 f   lib:jcprepct.obj
 0001:000567b5       _pre_process_context       004577b5 f   lib:jcprepct.obj
 0001:0005696e       _create_context_buffer     0045796e f   lib:jcprepct.obj
 0001:00056441       _start_pass_main           00457441 f   lib:jcmainct.obj
 0001:00056483       _process_data_simple_main  00457483 f   lib:jcmainct.obj
 0001:00055a17       _create_colormap           00456a17 f   lib:jquant1.obj
 0001:00055b49       _select_ncolors            00456b49 f   lib:jquant1.obj
 0001:00055c20       _create_colorindex         00456c20 f   lib:jquant1.obj
 0001:00055d4c       _alloc_fs_workspace        00456d4c f   lib:jquant1.obj
 0001:00055d88       _start_pass_1_quant        00456d88 f   lib:jquant1.obj
 0001:00055e54       _create_odither_tables     00456e54 f   lib:jquant1.obj
 0001:00055eb3       _make_odither_array        00456eb3 f   lib:jquant1.obj
 0001:00055f16       _color_quantize            00456f16 f   lib:jquant1.obj
 0001:00055fa1       _color_quantize3           00456fa1 f   lib:jquant1.obj
 0001:0005602f       _quantize_ord_dither       0045702f f   lib:jquant1.obj
 0001:0005611a       _quantize3_ord_dither      0045711a f   lib:jquant1.obj
 0001:0005621a       _quantize_fs_dither        0045721a f   lib:jquant1.obj
 0001:0005597c       _finish_pass_1_quant       0045697c f   lib:jquant2.obj
 0001:0005639e       _new_color_map_1_quant     0045739e f   lib:jquant1.obj
 0001:000549d7       _init_error_limit          004559d7 f   lib:jquant2.obj
 0001:00054a76       _start_pass_2_quant        00455a76 f   lib:jquant2.obj
 0001:00054b78       _prescan_quantize          00455b78 f   lib:jquant2.obj
 0001:00054be7       _pass2_no_dither           00455be7 f   lib:jquant2.obj
 0001:00054c94       _fill_inverse_cmap         00455c94 f   lib:jquant2.obj
 0001:00054d5f       _find_nearby_colors        00455d5f f   lib:jquant2.obj
 0001:00054f03       _find_best_colors          00455f03 f   lib:jquant2.obj
 0001:0005501d       _pass2_fs_dither           0045601d f   lib:jquant2.obj
 0001:0005528c       _finish_pass1              0045628c f   lib:jquant2.obj
 0001:000552ae       _select_colors             004562ae f   lib:jquant2.obj
 0001:0005533a       _update_box                0045633a f   lib:jquant2.obj
 0001:000556d4       _median_cut                004566d4 f   lib:jquant2.obj
 0001:000557e8       _find_biggest_color_pop    004567e8 f   lib:jquant2.obj
 0001:00055817       _find_biggest_volume       00456817 f   lib:jquant2.obj
 0001:00055840       _compute_color             00456840 f   lib:jquant2.obj
 0001:0005597c       _finish_pass2              0045697c f   lib:jquant2.obj
 0001:0005597d       _new_color_map_2_quant     0045697d f   lib:jquant2.obj
 0001:000543ee       _build_ycc_rgb_table       004553ee f   lib:jdmerge.obj
 0001:0005449e       _start_pass_merged_upsample 0045549e f   lib:jdmerge.obj
 0001:000544b3       _merged_2v_upsample        004554b3 f   lib:jdmerge.obj
 0001:0005455a       _merged_1v_upsample        0045555a f   lib:jdmerge.obj
 0001:0005458b       _h2v1_merged_upsample      0045558b f   lib:jdmerge.obj
 0001:000546e1       _h2v2_merged_upsample      004556e1 f   lib:jdmerge.obj
 0001:00053f92       _build_ycc_rgb_table       00454f92 f   lib:jdcolor.obj
 0001:00054042       _ycc_rgb_convert           00455042 f   lib:jdcolor.obj
 0001:00054150       _null_convert              00455150 f   lib:jdcolor.obj
 0001:000541c8       _grayscale_convert         004551c8 f   lib:jdcolor.obj
 0001:000541eb       _gray_rgb_convert          004551eb f   lib:jdcolor.obj
 0001:00054244       _ycck_cmyk_convert         00455244 f   lib:jdcolor.obj
 0001:0005597c       _start_pass_dcolor         0045697c f   lib:jquant2.obj
 0001:000539f3       _start_pass_upsample       004549f3 f   lib:jdsample.obj
 0001:00053a0d       _sep_upsample              00454a0d f   lib:jdsample.obj
 0001:00053ada       _fullsize_upsample         00454ada f   lib:jdsample.obj
 0001:00053ae5       _noop_upsample             00454ae5 f   lib:jdsample.obj
 0001:00053aed       _int_upsample              00454aed f   lib:jdsample.obj
 0001:00053bd7       _h2v1_upsample             00454bd7 f   lib:jdsample.obj
 0001:00053c2e       _h2v2_upsample             00454c2e f   lib:jdsample.obj
 0001:00053ca0       _h2v1_fancy_upsample       00454ca0 f   lib:jdsample.obj
 0001:00053d43       _h2v2_fancy_upsample       00454d43 f   lib:jdsample.obj
 0001:000535fc       _start_pass_dpost          004545fc f   lib:jdpostct.obj
 0001:000536a2       _post_process_1pass        004546a2 f   lib:jdpostct.obj
 0001:00053707       _post_process_prepass      00454707 f   lib:jdpostct.obj
 0001:00053798       _post_process_2pass        00454798 f   lib:jdpostct.obj
 0001:00053003       _alloc_funny_pointers      00454003 f   lib:jdmainct.obj
 0001:000530b0       _start_pass_main           004540b0 f   lib:jdmainct.obj
 0001:00053118       _make_funny_pointers       00454118 f   lib:jdmainct.obj
 0001:00053258       _process_data_simple_main  00454258 f   lib:jdmainct.obj
 0001:000532c0       _process_data_context_main 004542c0 f   lib:jdmainct.obj
 0001:000533d2       _set_wraparound_pointers   004543d2 f   lib:jdmainct.obj
 0001:000534bc       _set_bottom_pointers       004544bc f   lib:jdmainct.obj
 0001:00053556       _process_data_crank_post   00454556 f   lib:jdmainct.obj
 0001:00051d5c       _write_marker_header       00452d5c f   lib:jcmarker.obj
 0001:00051db2       _emit_byte                 00452db2 f   lib:jcmarker.obj
 0001:00051de3       _write_marker_byte         00452de3 f   lib:jcmarker.obj
 0001:00051df3       _write_file_header         00452df3 f   lib:jcmarker.obj
 0001:00051e3f       _emit_jfif_app0            00452e3f f   lib:jcmarker.obj
 0001:00051f12       _emit_adobe_app14          00452f12 f   lib:jcmarker.obj
 0001:00051fb8       _write_frame_header        00452fb8 f   lib:jcmarker.obj
 0001:00052097       _emit_dqt                  00453097 f   lib:jcmarker.obj
 0001:00052186       _emit_sof                  00453186 f   lib:jcmarker.obj
 0001:00052262       _write_scan_header         00453262 f   lib:jcmarker.obj
 0001:00052322       _emit_dht                  00453322 f   lib:jcmarker.obj
 0001:000523fb       _emit_dri                  004533fb f   lib:jcmarker.obj
 0001:0005244a       _emit_sos                  0045344a f   lib:jcmarker.obj
 0001:00052538       _write_file_trailer        00453538 f   lib:jcmarker.obj
 0001:00052558       _write_tables_only         00453558 f   lib:jcmarker.obj
 0001:000518b1       _use_merged_upsample       004528b1 f   lib:jdmaster.obj
 0001:00051957       _master_selection          00452957 f   lib:jdmaster.obj
 0001:00051ab4       _prepare_range_limit_table 00452ab4 f   lib:jdmaster.obj
 0001:00051b3a       _prepare_for_output_pass   00452b3a f   lib:jdmaster.obj
 0001:00051c5b       _finish_output_pass        00452c5b f   lib:jdmaster.obj
 0001:00050d28       _alloc_small               00451d28 f   lib:jmemmgr.obj
 0001:00050e46       _alloc_large               00451e46 f   lib:jmemmgr.obj
 0001:00050ef7       _alloc_sarray              00451ef7 f   lib:jmemmgr.obj
 0001:00050f8f       _alloc_barray              00451f8f f   lib:jmemmgr.obj
 0001:00051033       _alloc_darray              00452033 f   lib:jmemmgr.obj
 0001:000510de       _request_virt_sarray       004520de f   lib:jmemmgr.obj
 0001:0005113f       _request_virt_barray       0045213f f   lib:jmemmgr.obj
 0001:000511a0       _realize_virt_arrays       004521a0 f   lib:jmemmgr.obj
 0001:00051323       _access_virt_sarray        00452323 f   lib:jmemmgr.obj
 0001:00051443       _do_sarray_io              00452443 f   lib:jmemmgr.obj
 0001:000514d3       _access_virt_barray        004524d3 f   lib:jmemmgr.obj
 0001:000515f8       _do_barray_io              004525f8 f   lib:jmemmgr.obj
 0001:00051689       _free_pool                 00452689 f   lib:jmemmgr.obj
 0001:00051770       _self_destruct             00452770 f   lib:jmemmgr.obj
 0001:000507c2       _start_input_pass          004517c2 f   lib:jdinput.obj
 0001:000507f0       _per_scan_setup            004517f0 f   lib:jdinput.obj
 0001:00050976       _finish_input_pass         00451976 f   lib:jdinput.obj
 0001:00050987       _consume_markers           00451987 f   lib:jdinput.obj
 0001:00050a23       _initial_setup             00451a23 f   lib:jdinput.obj
 0001:00050c2d       _reset_input_controller    00451c2d f   lib:jdinput.obj
 0001:0005057b       _fixedtables               0045157b f   lib:inflate.obj
 0001:00050665       _updatewindow              00451665 f   lib:inflate.obj
 0001:0004efad       _make_crc_table            0044ffad f   lib:crc32.obj
 0001:0004f0fa       _crc32_little              004500fa f   lib:crc32.obj
 0001:0004eee9       _init_destination          0044fee9 f   lib:jdatadst.obj
 0001:0004ef0f       _empty_output_buffer       0044ff0f f   lib:jdatadst.obj
 0001:0004ef51       _term_destination          0044ff51 f   lib:jdatadst.obj
 0001:0004ea70       _std_huff_tables           0044fa70 f   lib:jcparam.obj
 0001:0004eaca       _add_huff_table            0044faca f   lib:jcparam.obj
 0001:0004cfbd       _next_marker               0044dfbd f   lib:jdmarker.obj
 0001:0004d0f7       _get_interesting_appn      0044e0f7 f   lib:jdmarker.obj
 0001:0004d222       _examine_app0              0044e222 f   lib:jdmarker.obj
 0001:0004d430       _examine_app14             0044e430 f   lib:jdmarker.obj
 0001:0004d4f1       _skip_variable             0044e4f1 f   lib:jdmarker.obj
 0001:0004d594       _read_markers              0044e594 f   lib:jdmarker.obj
 0001:0004d79c       _get_soi                   0044e79c f   lib:jdmarker.obj
 0001:0004d847       _get_sof                   0044e847 f   lib:jdmarker.obj
 0001:0004db50       _get_sos                   0044eb50 f   lib:jdmarker.obj
 0001:0004de3e       _get_dht                   0044ee3e f   lib:jdmarker.obj
 0001:0004e0df       _get_dqt                   0044f0df f   lib:jdmarker.obj
 0001:0004e33b       _get_dri                   0044f33b f   lib:jdmarker.obj
 0001:0004e41a       _first_marker              0044f41a f   lib:jdmarker.obj
 0001:0004e4b6       _read_restart_marker       0044f4b6 f   lib:jdmarker.obj
 0001:0004e534       _reset_marker_reader       0044f534 f   lib:jdmarker.obj
 0001:0004cda1       _output_pass_setup         0044dda1 f   lib:jdapistd.obj
 0001:0004ca94       _default_decompress_parms  0044da94 f   lib:jdapimin.obj

 128 bytes saved through ICF

