 Quake2

 Timestamp is 44414fcc (Sat Apr 15 23:55:56 2006)

 Preferred load address is 00400000

 Start         Length     Name                   Class
 0001:00000000 000650b0H .text                   CODE
 0002:00000000 00000294H .idata$5                DATA
 0002:00000298 00006eb4H .rdata                  DATA
 0002:00007150 00000044H .rdata$r                DATA
 0002:00007198 00000038H .xdata$x                DATA
 0002:000071d0 00000078H .idata$2                DATA
 0002:00007248 00000014H .idata$3                DATA
 0002:0000725c 00000294H .idata$4                DATA
 0002:000074f0 0000086aH .idata$6                DATA
 0002:00007d5a 00000000H .edata                  DATA
 0003:00000000 00000004H .CRT$XCA                DATA
 0003:00000004 00000088H .CRT$XCU                DATA
 0003:0000008c 00000004H .CRT$XCZ                DATA
 0003:00000090 00000004H .CRT$XIA                DATA
 0003:00000094 00000004H .CRT$XIZ                DATA
 0003:000000a0 0000e00cH .data                   DATA
 0003:0000e0b0 00455b28H .bss                    DATA
 0004:00000000 00000130H .rsrc$01                DATA
 0004:00000130 00003f20H .rsrc$02                DATA

  Address         Publics by Value              Rva+Base     Lib:Object

 0001:00000000       ??3@YAXPAX@Z               00401000 f i CoreMain.obj
 0001:0000000e       ?appTimestamp@@YAPBDXZ     0040100e f   CoreMain.obj
 0001:00000043       ?appInit@@YAXXZ            00401043 f   CoreMain.obj
 0001:000000c2       ?appExit@@YAXXZ            004010c2 f   CoreMain.obj
 0001:000000cc       ?appMilliseconds@@YAIXZ    004010cc f   CoreWin32.obj
 0001:000000d2       ?appPackage@@YAPBDXZ       004010d2 f   CoreWin32.obj
 0001:0000012a       ?appGetSystemErrorMessage@@YAPBDI@Z 0040112a f   CoreWin32.obj
 0001:0000018e       ?appDisplayError@@YAXXZ    0040118e f   CoreWin32.obj
 0001:000001df       ?appInitPlatform@@YAXXZ    004011df f   CoreWin32.obj
 0001:00000372       ?appShutdownPlatform@@YAXXZ 00401372 f   CoreWin32.obj
 0001:0000037b       ?sprintf@?$TString@$0BAA@@@QAAHPBDZZ 0040137b f i CoreWin32.obj
 0001:00000398       ?appDetectCPU@@YAXXZ       00401398 f   CoreCpuid.obj
 0001:0000064c       ?appLoadDebugSymbols@@YAXXZ 0040164c f   DbgSymbols.obj
 0001:0000080a       ?appSymbolName@@YA_NIPADH@Z 0040180a f   DbgSymbols.obj
 0001:00000900       ?appSymbolName@@YAPBDI@Z   00401900 f   DbgSymbols.obj
 0001:00000938       ?osGetAddressPackage@@YA_NIPADHAAH@Z 00401938 f   DbgSymbolsWin32.obj
 0001:000009cc       ?osGetAddressSymbol@@YA_NIPADHAAH@Z 004019cc f   DbgSymbolsWin32.obj
 0001:00000b73       ?appMalloc@@YAPAXIH@Z      00401b73 f   Memory.obj
 0001:00000c78       ?appFree@@YAXPAX@Z         00401c78 f   Memory.obj
 0001:00000cf7       ?Unlink@FMemHeader@@QAEXXZ 00401cf7 f i Memory.obj
 0001:00000d22       ?Link@CMemoryChain@@AAEXXZ 00401d22 f   Memory.obj
 0001:00000d41       ?Unlink@CMemoryChain@@AAEXXZ 00401d41 f   Memory.obj
 0001:00000d6c       ??2CMemoryChain@@SAPAXIH@Z 00401d6c f   Memory.obj
 0001:00000e35       ??3CMemoryChain@@SAXPAX@Z  00401e35 f   Memory.obj
 0001:00000eb6       ?Alloc@CMemoryChain@@QAEPAXIH@Z 00401eb6 f   Memory.obj
 0001:00000f82       ?GetSize@CMemoryChain@@QAEHXZ 00401f82 f   Memory.obj
 0001:00000f90       ?BuildAllocatorsTable@@YAHPAXH@Z 00401f90 f   Memory.obj
 0001:00001101       ?appInitMemory@@YAXXZ      00402101 f   Memory.obj
 0001:000014e9       ?Close@COutputDevice@@UAEXXZ 004024e9 f i OutputDevice.obj
 0001:000014e9       ?Flush@COutputDevice@@UAEXXZ 004024e9 f i OutputDevice.obj
 0001:000014ea       ?Write@COutputDeviceNull@@UAEXPBD@Z 004024ea f i OutputDevice.obj
 0001:00001504       ??_GCOutputDevice@@UAEPAXI@Z 00402504 f i OutputDevice.obj
 0001:00001504       ??_GCOutputDeviceNull@@UAEPAXI@Z 00402504 f i OutputDevice.obj
 0001:00001504       ??_ECOutputDevice@@UAEPAXI@Z 00402504 f i OutputDevice.obj
 0001:00001504       ??_ECOutputDeviceNull@@UAEPAXI@Z 00402504 f i OutputDevice.obj
 0001:00001547       ?Write@COutputDeviceLog@@UAEXPBD@Z 00402547 f i OutputDevice.obj
 0001:00001592       ??_GCOutputDeviceLog@@UAEPAXI@Z 00402592 f i OutputDevice.obj
 0001:00001592       ??_ECOutputDeviceLog@@UAEPAXI@Z 00402592 f i OutputDevice.obj
 0001:000015b2       ?Printf@COutputDevice@@QAAXPBDZZ 004025b2 f   OutputDevice.obj
 0001:00001623       ?Register@COutputDevice@@QAEXXZ 00402623 f   OutputDevice.obj
 0001:0000167f       ?Unregister@COutputDevice@@QAEXXZ 0040267f f   OutputDevice.obj
 0001:000016d2       ?appPrintf@@YAXPBDZZ       004026d2 f   OutputDevice.obj
 0001:00001809       ?appWPrintf@@YAXPBDZZ      00402809 f   OutputDevice.obj
 0001:0000186c       ??0COutputDeviceMemTail@@QAE@H@Z 0040286c f i ErrorMgr.obj
 0001:0000189d       ?Write@COutputDeviceMemTail@@UAEXPBD@Z 0040289d f i ErrorMgr.obj
 0001:000019b9       ??_GCOutputDeviceMemTail@@UAEPAXI@Z 004029b9 f i ErrorMgr.obj
 0001:000019b9       ??_ECOutputDeviceMemTail@@UAEPAXI@Z 004029b9 f i ErrorMgr.obj
 0001:000019d8       ??1COutputDeviceMemTail@@UAE@XZ 004029d8 f i ErrorMgr.obj
 0001:00001a21       ??0COutputDeviceFile@@QAE@XZ 00402a21 f i ErrorMgr.obj
 0001:00001a36       ?Write@COutputDeviceFile@@UAEXPBD@Z 00402a36 f i ErrorMgr.obj
 0001:00001a8d       ?Flush@COutputDeviceFile@@UAEXXZ 00402a8d f i ErrorMgr.obj
 0001:00001a9d       ?Close@COutputDeviceFile@@UAEXXZ 00402a9d f i ErrorMgr.obj
 0001:00001ab5       ??_GCOutputDeviceFile@@UAEPAXI@Z 00402ab5 f i ErrorMgr.obj
 0001:00001ab5       ??_ECOutputDeviceFile@@UAEPAXI@Z 00402ab5 f i ErrorMgr.obj
 0001:00001ad4       ??1COutputDeviceFile@@UAE@XZ 00402ad4 f i ErrorMgr.obj
 0001:00001b13       ?appBeginError@@YAPAVCOutputDevice@@PBD@Z 00402b13 f   ErrorMgr.obj
 0001:00001bde       ?appGetErrorLog@@YAPAVCOutputDevice@@XZ 00402bde f   ErrorMgr.obj
 0001:00001c49       ?Open@COutputDeviceFile@@QAEXPBD_N@Z 00402c49 f i ErrorMgr.obj
 0001:00001c8f       ?appFatalError@@YAXPBDZZ   00402c8f f   ErrorMgr.obj
 0001:00001ce5       ?appNonFatalError@@YAXPBDZZ 00402ce5 f   ErrorMgr.obj
 0001:00001d47       ?appUnwindPrefix@@YAXPBD@Z 00402d47 f   ErrorMgr.obj
 0001:00001df9       ?appUnwindThrow@@YAXPBDZZ  00402df9 f   ErrorMgr.obj
 0001:00001e6f       ?Reset@CErrorHandler@@QAEXXZ 00402e6f f   ErrorMgr.obj
 0001:00001ea0       ?appInitError@@YAXXZ       00402ea0 f   ErrorMgr.obj
 0001:00001f95       ?appShutdownError@@YAXXZ   00402f95 f   ErrorMgr.obj
 0001:0000201f       ?GetTail@COutputDeviceMemTail@@QAEPBDH@Z 0040301f f i ErrorMgr.obj
 0001:00002045       ?sprintf@?$TString@$0CAA@@@QAAHPBDZZ 00403045 f i ErrorMgr.obj
 0001:00002062       ?win32ExceptFilter@@YGJPAU_EXCEPTION_POINTERS@@@Z 00403062 f   ExceptHandlerWin32.obj
 0001:00002205       ?win32ExceptFilter2@@YAIXZ 00403205 f   ExceptHandlerWin32.obj
 0001:0000220e       ?sprintf@?$TString@$0EAA@@@QAAHPBDZZ 0040320e f i ExceptHandlerWin32.obj
 0001:0000222b       ?DumpRegs@@YAXPAVCOutputDevice@@PAU_CONTEXT@@@Z 0040322b f   ExceptDumpers.obj
 0001:0000233c       ?DumpMem@@YAXPAVCOutputDevice@@PBIPAU_CONTEXT@@@Z 0040333c f   ExceptDumpers.obj
 0001:0000257b       ?UnwindEbpFrame@@YAXPAVCOutputDevice@@PBI@Z 0040357b f   ExceptDumpers.obj
 0001:0000260c       ?GetLine@CSimpleParser@@QAEPBDXZ 0040360c f   ScriptParser.obj
 0001:00002723       ?SkipBraces@CSimpleParser@@QAEPBDXZ 00403723 f   ScriptParser.obj
 0001:00002759       ?appStricmp@@YAHPBD0@Z     00403759 f   Strings.obj
 0001:00002790       ?toLower@@YADD@Z           00403790 f i Strings.obj
 0001:000027ab       ?appStrncpylwr@@YAXPADPBDH@Z 004037ab f   Strings.obj
 0001:000027e3       ?appStrncpyz@@YAXPADPBDH@Z 004037e3 f   Strings.obj
 0001:00002810       ?appStrcatn@@YAXPADHPBD@Z  00403810 f   Strings.obj
 0001:0000283c       ?appCopyFilename@@YAXPADPBDH@Z 0040383c f   Strings.obj
 0001:00002964       ?appCStrlen@@YAHPBD@Z      00403964 f   Strings.obj
 0001:0000298c       ?appUncolorizeString@@YAXPADPBD@Z 0040398c f   Strings.obj
 0001:000029be       ?va@@YAPBDPBDZZ            004039be f   Strings.obj
 0001:00002ab2       ?appSprintf@@YAHPADHPBDZZ  00403ab2 f   Strings.obj
 0001:00002b51       ?appMatchWildcard@@YA_NPBD0_N@Z 00403b51 f   Strings.obj
 0001:00002d96       ?appIsWildcard@@YA_NPBD@Z  00403d96 f   Strings.obj
 0001:00002dc2       ?appStrdup@@YAPADPBD@Z     00403dc2 f   Strings.obj
 0001:00002e03       ?appStrdup@@YAPADPBDPAVCMemoryChain@@@Z 00403e03 f   Strings.obj
 0001:00002e38       ??0CStringItem@@QAE@XZ     00403e38 f   Strings.obj
 0001:00002e43       ??2CStringItem@@SAPAXIPBD@Z 00403e43 f   Strings.obj
 0001:00002edd       ??2CStringItem@@SAPAXIPBDPAVCMemoryChain@@@Z 00403edd f   Strings.obj
 0001:00002f52       ?Find@CStringList@@IAEPAVCStringItem@@PBDPAPAV2@@Z 00403f52 f   Strings.obj
 0001:00002fdd       ?Find@CStringList@@IAEPAVCStringItem@@H@Z 00403fdd f   Strings.obj
 0001:00003049       ?IndexOf@CStringList@@QAEHPBD@Z 00404049 f   Strings.obj
 0001:000030cb       ?Remove@CStringList@@QAE_NPAVCStringItem@@@Z 004040cb f   Strings.obj
 0001:0000314f       ?Add@CTextContainer@@QAEPAUCTextRec@@PBD@Z 0040414f f   TextContainer.obj
 0001:000031fb       ?Enumerate@CTextContainer@@QAEXP6AXPBUCTextRec@@@Z@Z 004041fb f   TextContainer.obj
 0001:00003267       ?SubtractPath@@YAPBDPBD0@Z 00404267 f   FileSystem.obj
 0001:000032ff       ?appMakeDirectoryForFile@@YAXPBD@Z 004042ff f   FileSystem.obj
 0001:00003335       ?appOpenFile@@YAPAVCFile@@PBD@Z 00404335 f   FileSystem.obj
 0001:00003372       ?Read@CFileOS@@UAEHPAXH@Z  00404372 f i FileSystem.obj
 0001:00003399       ?GetSize@CFileOS@@UAEHXZ   00404399 f i FileSystem.obj
 0001:000033e4       ?Eof@CFileOS@@UAE_NXZ      004043e4 f i FileSystem.obj
 0001:000033f8       ??_GCFileOS@@UAEPAXI@Z     004043f8 f i FileSystem.obj
 0001:000033f8       ??_ECFileOS@@UAEPAXI@Z     004043f8 f i FileSystem.obj
 0001:0000342d       ??_ECFile@@UAEPAXI@Z       0040442d f i FileSystem.obj
 0001:0000342d       ??_GCFile@@UAEPAXI@Z       0040442d f i FileSystem.obj
 0001:0000344d       ?ReadByte@CFile@@QAEEXZ    0040444d f   FileSystem.obj
 0001:00003465       ?ReadInt@CFile@@QAEHXZ     00404465 f   FileSystem.obj
 0001:0000347d       ?ReadString@CFile@@QAEXPADH@Z 0040447d f   FileSystem.obj
 0001:000034bd       ?GetType@CFileContainer@@MAEPBDXZ 004044bd f   FileSystem.obj
 0001:000034c3       ?Mount@CFileSystem@@QAEXAAVCFileContainer@@PBD@Z 004044c3 f   FileSystem.obj
 0001:00003519       ?Umount@CFileSystem@@QAEXAAVCFileContainer@@@Z 00404519 f   FileSystem.obj
 0001:00003553       ?MountDirectory@CFileSystem@@QAEPAVCFileContainer@@PBD0@Z 00404553 f   FileSystem.obj
 0001:00003598       ?GetType@CFileContainerOS@@MAEPBDXZ 00404598 f i FileSystem.obj
 0001:0000359e       ?FileExists@CFileContainerOS@@UAE_NPBD@Z 0040459e f i FileSystem.obj
 0001:000035c8       ?OpenFile@CFileContainerOS@@UAEPAVCFile@@PBD@Z 004045c8 f i FileSystem.obj
 0001:000035e8       ?List@CFileContainerOS@@UAEXAAVCFileList@@PBDI@Z 004045e8 f i FileSystem.obj
 0001:00003611       ??_GCFileContainerOS@@UAEPAXI@Z 00404611 f i FileSystem.obj
 0001:00003611       ??_ECFileContainerOS@@UAEPAXI@Z 00404611 f i FileSystem.obj
 0001:00003631       ??_ECFileContainer@@UAEPAXI@Z 00404631 f i FileSystem.obj
 0001:00003631       ??_GCFileContainer@@UAEPAXI@Z 00404631 f i FileSystem.obj
 0001:00003651       ?MountArchive@CFileSystem@@QAEPAVCFileContainer@@PBD0@Z 00404651 f   FileSystem.obj
 0001:00003768       ?Mount@CFileSystem@@QAEXPBD0@Z 00404768 f   FileSystem.obj
 0001:0000399a       ?Umount@CFileSystem@@QAEXPBD@Z 0040499a f   FileSystem.obj
 0001:00003a36       ?List@CFileSystem@@UAEPAVCFileList@@PBDIPAV2@@Z 00404a36 f   FileSystem.obj
 0001:00003bf1       ?RegisterFormat@CFileSystem@@SAXP6APAVCFileContainer@@PBDPAU_iobuf@@@Z@Z 00404bf1 f   FileSystem.obj
 0001:00003c35       ?FileExists@CFileSystem@@UAE_NPBDI@Z 00404c35 f   FileSystem.obj
 0001:00003cb4       ?OpenFile@CFileSystem@@UAEPAVCFile@@PBDI@Z 00404cb4 f   FileSystem.obj
 0001:00003d59       ?LoadFile@CFileSystem@@QAEPAXPBDPAI@Z 00404d59 f   FileSystem.obj
 0001:00003e29       ?cMount@@YAX_NHPAPAD@Z     00404e29 f   FileSystem.obj
 0001:00003f67       ?cUmount@@YAX_NHPAPAD@Z    00404f67 f   FileSystem.obj
 0001:00003f96       ?appInitFileSystem@@YAXAAVCFileSystem@@@Z 00404f96 f   FileSystem.obj
 0001:0000438d       ?appListDirectory@@YAXPBDAAVCFileList@@I@Z 0040538d f   FileSystemWin32.obj
 0001:000045d4       ?appMakeDirectory@@YAXPBD@Z 004055d4 f   FileSystemWin32.obj
 0001:00004641       ?appFileType@@YAIPBD@Z     00405641 f   FileSystemWin32.obj
 0001:00004681       ?FindDir@CFileContainerArc@@IAEPAVCArcDir@1@PBD_N@Z 00405681 f   FileContainerArc.obj
 0001:0000476a       ?FindFile@CFileContainerArc@@IAEPAVCStringItem@@PBD@Z 0040576a f   FileContainerArc.obj
 0001:000047d5       ?FileExists@CFileContainerArc@@UAE_NPBD@Z 004057d5 f   FileContainerArc.obj
 0001:000047ea       ?OpenFile@CFileContainerArc@@UAEPAVCFile@@PBD@Z 004057ea f   FileContainerArc.obj
 0001:00004809       ?List@CFileContainerArc@@UAEXAAVCFileList@@PBDI@Z 00405809 f   FileContainerArc.obj
 0001:00004976       ?SCR_StopCinematic@@YAXXZ  00405976 f   cl_cin.obj
 0001:00004a0a       ?SCR_DrawCinematic@@YA_NXZ 00405a0a f   cl_cin.obj
 0001:00004e01       ?SCR_PlayCinematic@@YAXPBD@Z 00405e01 f   cl_cin.obj
 0001:00005158       ?sprintf@?$TString@$0EA@@@QAAHPBDZZ 00406158 f i cl_cin.obj
 0001:00005172       ?CL_Download_f@@YAX_NHPAPAD@Z 00406172 f   cl_download.obj
 0001:0000551f       ?CL_ParseDownload@@YAXXZ   0040651f f   cl_download.obj
 0001:00005d44       ?CL_Precache_f@@YAXHPAPAD@Z 00406d44 f   cl_download.obj
 0001:00005da2       ?sprintf@?$TString@$0IA@@@QAAHPBDZZ 00406da2 f i cl_download.obj
 0001:00005dbf       ?CL_ParseDelta@@YAXPAUclEntityState_t@@0HI_N@Z 00406dbf f   cl_ents.obj
 0001:00005f3f       ?CL_ParseFrame@@YAXXZ      00406f3f f   cl_ents.obj
 0001:000065f4       ?CL_AddEntityBox@@YAXPAUclEntityState_t@@I@Z 004075f4 f   cl_ents.obj
 0001:000066f8       ?Lerp@@YAXABUCVec3@@0MAAU1@@Z 004076f8 f i cl_ents.obj
 0001:0000672f       ?CL_OffsetThirdPersonView@@YAXXZ 0040772f f   cl_ents.obj
 0001:00006817       ?CL_AddEntities@@YAXXZ     00407817 f   cl_ents.obj
 0001:00007758       ?CL_ClearLightStyles@@YAXXZ 00408758 f   cl_fx.obj
 0001:000077da       ?CL_SetLightstyle@@YAXHPBD@Z 004087da f   cl_fx.obj
 0001:0000783b       ?CL_AllocDlight@@YAPAUcdlight_t@@HABUCVec3@@@Z 0040883b f   cl_fx.obj
 0001:000078a6       ?CL_AllocParticleTrace@@YAPAUparticleTrace_t@@ABUCVec3@@0MM@Z 004088a6 f   cl_fx.obj
 0001:00007935       ?CL_AllocParticleBeam@@YAPAUbeam_t@@ABUCVec3@@0MM@Z 00408935 f   cl_fx.obj
 0001:000079aa       ?CL_AllocParticle@@YAPAUparticle_t@@XZ 004089aa f   cl_fx.obj
 0001:000079fd       ?CL_MetalSparks@@YAXABUCVec3@@0H@Z 004089fd f   cl_fx.obj
 0001:00007afb       ?CL_AddEffects@@YAXXZ      00408afb f   cl_fx.obj
 0001:00008202       ?CL_ClearEffects@@YAXXZ    00409202 f   cl_fx.obj
 0001:00008284       ?CL_EntityEvent@@YAXPAUclEntityState_t@@@Z 00409284 f   cl_fx.obj
 0001:0000843b       ?CL_ParseMuzzleFlash@@YAXXZ 0040943b f   cl_fx.obj
 0001:000087ab       ?CL_ParseMuzzleFlash2@@YAXXZ 004097ab f   cl_fx.obj
 0001:00008c21       ?CL_ParticleEffect@@YAXABUCVec3@@0HH@Z 00409c21 f   cl_fx.obj
 0001:00008e0a       ?CL_ParticleEffect2@@YAXABUCVec3@@0HH@Z 00409e0a f   cl_fx.obj
 0001:00008e32       ?CL_ParticleEffect3@@YAXABUCVec3@@0HH@Z 00409e32 f   cl_fx.obj
 0001:00008e5a       ?CL_TeleporterParticles@@YAXPAUclEntityState_t@@@Z 00409e5a f   cl_fx.obj
 0001:00008e7c       ?CL_LogoutEffect@@YAXABUCVec3@@H@Z 00409e7c f   cl_fx.obj
 0001:00008eb4       ?CL_ItemRespawnParticles@@YAXABUCVec3@@@Z 00409eb4 f   cl_fx.obj
 0001:00008ed2       ?CL_ExplosionParticles@@YAXABUCVec3@@@Z 00409ed2 f   cl_fx.obj
 0001:00008ef3       ?CL_BFGExplosionParticles@@YAXABUCVec3@@@Z 00409ef3 f   cl_fx.obj
 0001:00008f14       ?CL_TrackerExplosionParticles@@YAXABUCVec3@@@Z 00409f14 f   cl_fx.obj
 0001:00008f35       ?CL_BlasterParticles@@YAXABUCVec3@@0I@Z 00409f35 f   cl_fx.obj
 0001:00008f5c       ?CL_BlasterTrail@@YAXAAUcentity_t@@@Z 00409f5c f   cl_fx.obj
 0001:00009063       ?CL_BlasterTrail2@@YAXAAUcentity_t@@@Z 0040a063 f   cl_fx.obj
 0001:0000907a       ?CL_FlagTrail@@YAXAAUcentity_t@@H@Z 0040a07a f   cl_fx.obj
 0001:00009099       ?CL_RocketTrail@@YAXAAUcentity_t@@@Z 0040a099 f   cl_fx.obj
 0001:000090d8       ?CL_BubbleTrail@@YAXABUCVec3@@0@Z 0040a0d8 f   cl_fx.obj
 0001:00009174       ?CL_BubbleTrail2@@YAXABUCVec3@@0@Z 0040a174 f   cl_fx.obj
 0001:0000918e       ?CL_TagTrail@@YAXAAUcentity_t@@@Z 0040a18e f   cl_fx.obj
 0001:000091a5       ?CL_DebugTrail@@YAXABUCVec3@@0@Z 0040a1a5 f   cl_fx.obj
 0001:000091bf       ?CL_ForceWall@@YAXABUCVec3@@0H@Z 0040a1bf f   cl_fx.obj
 0001:000091e1       ?CL_BigTeleportParticles@@YAXABUCVec3@@@Z 0040a1e1 f   cl_fx.obj
 0001:0000931c       ?CL_BfgParticles@@YAXABUCVec3@@@Z 0040a31c f   cl_fx.obj
 0001:00009496       ?CL_FlyEffect@@YAXAAUcentity_t@@@Z 0040a496 f   cl_fx.obj
 0001:00009622       ?CL_DiminishingTrail@@YAXAAUcentity_t@@H@Z 0040a622 f   cl_fx.obj
 0001:0000977c       ?CL_RailTrail@@YAXABUCVec3@@0@Z 0040a77c f   cl_fx.obj
 0001:000098f2       ?CL_RailTrailExt@@YAXABUCVec3@@0EE@Z 0040a8f2 f   cl_fx.obj
 0001:00009a37       ?CL_IonripperTrail@@YAXAAUcentity_t@@@Z 0040aa37 f   cl_fx.obj
 0001:00009b91       ?CL_TrapParticles@@YAXABUCVec3@@@Z 0040ab91 f   cl_fx.obj
 0001:00009d04       ?CL_TeleportParticles@@YAXABUCVec3@@@Z 0040ad04 f   cl_fx.obj
 0001:00009e3a       ?CL_Heatbeam@@YAXABUCVec3@@0@Z 0040ae3a f   cl_fx.obj
 0001:0000a0e0       ?CL_ParticleSteamEffect@@YAXABUCVec3@@0HHH@Z 0040b0e0 f   cl_fx.obj
 0001:0000a219       ?CL_ParticleSmokeEffect@@YAXABUCVec3@@0@Z 0040b219 f   cl_fx.obj
 0001:0000a335       ?CL_TrackerTrail@@YAXAAUcentity_t@@@Z 0040b335 f   cl_fx.obj
 0001:0000a4b3       ?CL_TrackerShell@@YAXABUCVec3@@@Z 0040b4b3 f   cl_fx.obj
 0001:0000a53f       ?CL_MonsterPlasmaShell@@YAXABUCVec3@@@Z 0040b53f f   cl_fx.obj
 0001:0000a5c8       ?CL_WidowSplash@@YAXABUCVec3@@@Z 0040b5c8 f   cl_fx.obj
 0001:0000a6a9       ?CL_InitInput@@YAXXZ       0040b6a9 f   cl_input.obj
 0001:0000ac57       ?CL_SendCmd@@YAXXZ         0040bc57 f   cl_input.obj
 0001:0000b23a       ?CL_WriteDemoMessage@@YAXXZ 0040c23a f   cl_main.obj
 0001:0000b27c       ?Cmd_ForwardToServer@@YAXHPAPAD@Z 0040c27c f   cl_main.obj
 0001:0000b341       ?CL_ForwardToServer_f@@YAXHPAPAD@Z 0040c341 f   cl_main.obj
 0001:0000b38a       ?CL_Pause@@YAX_N@Z         0040c38a f   cl_main.obj
 0001:0000b3cf       ?CL_Drop@@YAX_N@Z          0040c3cf f   cl_main.obj
 0001:0000b3fa       ?CL_SendConnectPacket@@YAXXZ 0040c3fa f   cl_main.obj
 0001:0000b460       ?CL_Connect_f@@YAX_NHPAPAD@Z 0040c460 f   cl_main.obj
 0001:0000b4cd       ?CL_Rcon_f@@YAXHPAPAD@Z    0040c4cd f   cl_main.obj
 0001:0000b5b9       ?CL_Disconnect@@YAXXZ      0040c5b9 f   cl_main.obj
 0001:0000b764       ?CL_Disconnect_f@@YAXXZ    0040c764 f   cl_main.obj
 0001:0000b76e       ?CL_Changing_f@@YAXXZ      0040c76e f   cl_main.obj
 0001:0000b792       ?CL_Reconnect_f@@YAXXZ     0040c792 f   cl_main.obj
 0001:0000b82e       ?CL_PingServers_f@@YAXXZ   0040c82e f   cl_main.obj
 0001:0000bbea       ?CL_ConnectionlessPacket@@YAXXZ 0040cbea f   cl_main.obj
 0001:0000bce7       ?CL_Userinfo_f@@YAXXZ      0040cce7 f   cl_main.obj
 0001:0000bd02       ?CL_RegisterSounds@@YAXXZ  0040cd02 f   cl_main.obj
 0001:0000bd41       ?CL_Snd_Restart_f@@YAXXZ   0040cd41 f   cl_main.obj
 0001:0000bd50       ?CL_WriteConfiguration@@YAXPBD@Z 0040cd50 f   cl_main.obj
 0001:0000be37       ?CL_WriteConfig_f@@YAX_NHPAPAD@Z 0040ce37 f   cl_main.obj
 0001:0000bea2       ?CL_FixCvarCheats@@YAXXZ   0040cea2 f   cl_main.obj
 0001:0000bef3       ?CL_Frame@@YAXMM@Z         0040cef3 f   cl_main.obj
 0001:0000c370       ?CL_ClearState@@YAXXZ      0040d370 f   cl_main.obj
 0001:0000c3ae       ?CL_Init@@YAXXZ            0040d3ae f   cl_main.obj
 0001:0000c85d       ?CL_Shutdown@@YAXXZ        0040d85d f   cl_main.obj
 0001:0000c8b9       ?CL_ParseClientinfo@@YAXH@Z 0040d8b9 f   cl_parse.obj
 0001:0000c971       ?CL_UpdatePlayerClientInfo@@YAXXZ 0040d971 f   cl_parse.obj
 0001:0000c9b2       ?CL_ParseServerMessage@@YAXXZ 0040d9b2 f   cl_parse.obj
 0001:0000d19d       ?FreePlayerModelsInfo@@YAXXZ 0040e19d f   cl_playermodel.obj
 0001:0000d1c3       ?ScanPlayerModels@@YA_NXZ  0040e1c3 f   cl_playermodel.obj
 0001:0000d5bd       ?RunAnimation@@YAXAAUclientInfo_t@@AAUanimState_t@@H@Z 0040e5bd f   cl_playermodel.obj
 0001:0000d7ab       ?CL_LoadClientinfo@@YAXAAUclientInfo_t@@PBD_N@Z 0040e7ab f   cl_playermodel.obj
 0001:0000e43c       ?ParsePlayerEntity@@YAHAAUcentity_t@@AAUclientInfo_t@@PAUclEntityState_t@@ABUentity_t@@PAU4@HH@Z 0040f43c f   cl_playermodel.obj
 0001:0000ef95       ?CreateAndInsert@?$TList@VCStringItem@@@@QAEPAVCStringItem@@PBDPAVCMemoryChain@@@Z 0040ff95 f i cl_playermodel.obj
 0001:0000efcd       ?CL_CheckPredictionError@@YAXXZ 0040ffcd f   cl_pred.obj
 0001:0000f160       ?CL_EntityTrace@@YAXAAUtrace_t@@ABUCVec3@@1ABUCBox@@H@Z 00410160 f   cl_pred.obj
 0001:0000f4fc       ?CL_Trace@@YAXAAUtrace_t@@ABUCVec3@@1ABUCBox@@H@Z 004104fc f   cl_pred.obj
 0001:0000f578       ?CL_PMpointcontents@@YAHABUCVec3@@@Z 00410578 f   cl_pred.obj
 0001:0000f704       ?CL_PredictMovement@@YAXXZ 00410704 f   cl_pred.obj
 0001:0000faa9       ?DrawString@@YAXHHPBD@Z    00410aa9 f   cl_scrn.obj
 0001:0000faee       ?SCR_DebugGraph@@YAXMH@Z   00410aee f   cl_scrn.obj
 0001:0000fb18       ?SCR_CenterPrint@@YAXPBD@Z 00410b18 f   cl_scrn.obj
 0001:0000fc1e       ?Key_Message@@YAXH@Z       00410c1e f   cl_scrn.obj
 0001:0000fcbe       ?SCR_SetLevelshot@@YAXPBD@Z 00410cbe f   cl_scrn.obj
 0001:0000fdb7       ?SCR_BeginLoadingPlaque@@YAXXZ 00410db7 f   cl_scrn.obj
 0001:0000fe42       ?SCR_EndLoadingPlaque@@YAX_N@Z 00410e42 f   cl_scrn.obj
 0001:0000fec7       ?SCR_LoadingNotify@@YAXPBDM@Z 00410ec7 f   cl_scrn.obj
 0001:0000fef1       ?SCR_ShowConsole@@YAX_N0@Z 00410ef1 f   cl_scrn.obj
 0001:0000ffb6       ?SCR_ToggleConsole@@YAXXZ  00410fb6 f   cl_scrn.obj
 0001:0000ffde       ?SCR_TouchPics@@YAXXZ      00410fde f   cl_scrn.obj
 0001:00010034       ?SCR_UpdateScreen@@YAXXZ   00411034 f   cl_scrn.obj
 0001:000113c2       ?SCR_Init@@YAXXZ           004123c2 f   cl_scrn.obj
 0001:000116f3       ?sprintf@?$TString@$0BA@@@QAAHPBDZZ 004126f3 f i cl_scrn.obj
 0001:0001170d       ?CL_RegisterTEntSounds@@YAXXZ 0041270d f   cl_tent.obj
 0001:00011962       ?CL_RegisterTEntModels@@YAXXZ 00412962 f   cl_tent.obj
 0001:00011ab3       ?CL_ClearTEnts@@YAXXZ      00412ab3 f   cl_tent.obj
 0001:00011ae4       ?CL_SmokeAndFlash@@YAXABUCVec3@@@Z 00412ae4 f   cl_tent.obj
 0001:00011c7c       ?CL_ParseTEnt@@YAXXZ       00412c7c f   cl_tent.obj
 0001:00012e63       ?CL_AddTEnts@@YAXXZ        00413e63 f   cl_tent.obj
 0001:0001386a       ?V_AddEntity@@YAXPAUentity_t@@@Z 0041486a f   cl_view.obj
 0001:000138a8       ?V_AddEntity2@@YAXPAUentity_t@@@Z 004148a8 f   cl_view.obj
 0001:000138da       ?AddEntityWithEffects2@@YAXPAUentity_t@@I@Z 004148da f   cl_view.obj
 0001:0001397b       ?AddEntityWithEffects@@YAXPAUentity_t@@I@Z 0041497b f   cl_view.obj
 0001:0001399c       ?V_AddLight@@YAXABUCVec3@@MMMM@Z 0041499c f   cl_view.obj
 0001:000139e1       ?V_TestEntities@@YAXXZ     004149e1 f   cl_view.obj
 0001:00013b0e       ?V_TestLights@@YAXXZ       00414b0e f   cl_view.obj
 0001:00013be4       ?V_InitRenderer@@YAXXZ     00414be4 f   cl_view.obj
 0001:0001401b       ?CalcFov@@YAMMMM@Z         0041501b f   cl_view.obj
 0001:00014089       ?V_RenderView@@YA_NXZ      00415089 f   cl_view.obj
 0001:00014d09       ?V_Init@@YAXXZ             00415d09 f   cl_view.obj
 0001:00014db8       ?Con_ClearNotify@@YAXXZ    00415db8 f   console.obj
 0001:00014dc7       ?Con_CheckResize@@YAXXZ    00415dc7 f   console.obj
 0001:00014eee       ?Write@COutputDeviceCon@@UAEXPBD@Z 00415eee f   console.obj
 0001:000150f4       ?Con_DrawNotify@@YAX_N@Z   004160f4 f   console.obj
 0001:000152ca       ?Con_DrawConsole@@YAXM@Z   004162ca f   console.obj
 0001:0001557e       ?Con_ClearTyping@@YAXXZ    0041657e f   console.obj
 0001:00015597       ?Key_Console@@YAXHH@Z      00416597 f   console.obj
 0001:000159e4       ?Con_Init@@YAXXZ           004169e4 f   console.obj
 0001:00015b52       ?Key_KeynumToString@@YAPBDH@Z 00416b52 f   keys.obj
 0001:00015c18       ?Draw@completeMenu_t@@UAEXXZ 00416c18 f i keys.obj
 0001:00015c49       ?KeyDown@completeMenu_t@@UAEPBDH@Z 00416c49 f i keys.obj
 0001:00015c75       ?Init@completeMenu_t@@UAE_NXZ 00416c75 f i keys.obj
 0001:00015d9c       ?CompleteMenuCallback@completeMenu_t@@SAXPAX@Z 00416d9c f i keys.obj
 0001:00015e2d       ?CompleteCommand@@YAXXZ    00416e2d f   keys.obj
 0001:0001653e       ?Key_SetBinding@@YAXHPBD@Z 0041753e f   keys.obj
 0001:0001657e       ?Key_FindBinding@@YAHPBDPAHH@Z 0041757e f   keys.obj
 0001:000165cc       ?Key_WriteBindings@@YAXPAVCOutputDevice@@@Z 004175cc f   keys.obj
 0001:00016616       ?Key_Init@@YAXXZ           00417616 f   keys.obj
 0001:000168fa       ?Key_Event@@YAXH_N@Z       004178fa f   keys.obj
 0001:00016c59       ?Key_ClearStates@@YAXXZ    00417c59 f   keys.obj
 0001:00016c8e       ?M_ForceMenuOn@@YAXXZ      00417c8e f   menu.obj
 0001:00016cad       ?Draw@menuMain_t@@UAEXXZ   00417cad f i menu.obj
 0001:00016de9       ?KeyDown@menuMain_t@@UAEPBDH@Z 00417de9 f i menu.obj
 0001:00016eaa       ?Init@menuMain_t@@UAE_NXZ  00417eaa f i menu.obj
 0001:00016eb2       ?M_Menu_Main_f@@YAXXZ      00417eb2 f   menu.obj
 0001:00016ecc       ?Init@multiplayerMenu_t@@UAE_NXZ 00417ecc f i menu.obj
 0001:00016ff0       ?Init@keysMenu_t@@UAE_NXZ  00417ff0 f i menu.obj
 0001:000171de       ?KeyCursorDrawFunc@keysMenu_t@@SAXPAUmenuFramework_t@@@Z 004181de f i menu.obj
 0001:00017221       ?DrawKeyBindingFunc@keysMenu_t@@SAXPAX@Z 00418221 f i menu.obj
 0001:000172e8       ?KeyDown@keysMenu_t@@UAEPBDH@Z 004182e8 f i menu.obj
 0001:00017395       ?UnbindCommand@keysMenu_t@@QAEXPAD@Z 00418395 f i menu.obj
 0001:000173da       ?KeyBindingFunc@keysMenu_t@@QAEXPAX@Z 004183da f i menu.obj
 0001:0001743c       ?Init@optionsMenu_t@@UAE_NXZ 0041843c f i menu.obj
 0001:000177ef       ?CrosshairFunc@optionsMenu_t@@SAXPAX@Z 004187ef f i menu.obj
 0001:00017817       ?JoystickFunc@optionsMenu_t@@SAXPAX@Z 00418817 f i menu.obj
 0001:0001782c       ?AlwaysRunFunc@optionsMenu_t@@SAXPAX@Z 0041882c f i menu.obj
 0001:00017841       ?MouseSpeedFunc@optionsMenu_t@@SAXPAX@Z 00418841 f i menu.obj
 0001:0001785e       ?InvertMouseFunc@optionsMenu_t@@SAXPAX@Z 0041885e f i menu.obj
 0001:00017897       ?UpdateVolumeFunc@optionsMenu_t@@SAXPAX@Z 00418897 f i menu.obj
 0001:000178b4       ?UpdateCDVolumeFunc@optionsMenu_t@@SAXPAX@Z 004188b4 f i menu.obj
 0001:000178ce       ?SetMenuItemValues@optionsMenu_t@@SAXXZ 004188ce f i menu.obj
 0001:00017a16       ?ResetDefaultsFunc@optionsMenu_t@@SAXPAX@Z 00418a16 f i menu.obj
 0001:00017a2b       ?UpdateSoundFunc@optionsMenu_t@@SAXPAX@Z 00418a2b f i menu.obj
 0001:00017c2f       ?ScanCrosshairs@optionsMenu_t@@SAXXZ 00418c2f f i menu.obj
 0001:00017c8c       ?Draw@optionsMenu_t@@UAEXXZ 00418c8c f i menu.obj
 0001:00017cf1       ?Draw@creditsMenu_t@@UAEXXZ 00418cf1 f i menu.obj
 0001:00017d98       ?KeyDown@creditsMenu_t@@UAEPBDH@Z 00418d98 f i menu.obj
 0001:00017dd8       ?Init@creditsMenu_t@@UAE_NXZ 00418dd8 f i menu.obj
 0001:00017e59       ?Init@gameMenu_t@@UAE_NXZ  00418e59 f i menu.obj
 0001:00017fe4       ?EasyGameFunc@gameMenu_t@@SAXPAX@Z 00418fe4 f i menu.obj
 0001:00017ff0       ?StartGame@gameMenu_t@@SAXPBD@Z 00418ff0 f i menu.obj
 0001:0001804b       ?MediumGameFunc@gameMenu_t@@SAXPAX@Z 0041904b f i menu.obj
 0001:00018057       ?HardGameFunc@gameMenu_t@@SAXPAX@Z 00419057 f i menu.obj
 0001:00018073       ?Init@savegameMenu_t@@UAE_NXZ 00419073 f i menu.obj
 0001:00018183       ?Create_Savestrings@savegameMenu_t@@QAEXXZ 00419183 f i menu.obj
 0001:00018243       ?LoadGameCallback@savegameMenu_t@@SAXPAX@Z 00419243 f i menu.obj
 0001:00018270       ?SaveGameCallback@savegameMenu_t@@SAXPAX@Z 00419270 f i menu.obj
 0001:00018293       ?Draw@savegameMenu_t@@UAEXXZ 00419293 f i menu.obj
 0001:000182ae       ?DrawSavegameShot@savegameMenu_t@@QAEXHH@Z 004192ae f i menu.obj
 0001:00018389       ?Init@joinserverMenu_t@@UAE_NXZ 00419389 f i menu.obj
 0001:000184c0       ?JoinServerFunc@joinserverMenu_t@@SAXPAX@Z 004194c0 f i menu.obj
 0001:00018525       ?SearchLocalGames@joinserverMenu_t@@SAXXZ 00419525 f i menu.obj
 0001:00018590       ?M_AddToServerList@@YAXUnetadr_t@@PAD@Z 00419590 f   menu.obj
 0001:0001861b       ?Init@startserverMenu_t@@UAE_NXZ 0041961b f i menu.obj
 0001:00018aa9       ?DMOptionsFunc@startserverMenu_t@@SAXPAX@Z 00419aa9 f i menu.obj
 0001:00018ab9       ?RulesChangeFunc@startserverMenu_t@@SAXPAX@Z 00419ab9 f i menu.obj
 0001:00018b31       ?StartServerActionFunc@startserverMenu_t@@SAXPAX@Z 00419b31 f i menu.obj
 0001:00018b5c       ?StartServerFunc@startserverMenu_t@@SAXPAD@Z 00419b5c f i menu.obj
 0001:00018d92       ?KeyDown@startserverMenu_t@@UAEPBDH@Z 00419d92 f i menu.obj
 0001:00018df1       ?Init@dmoptionsMenu_t@@UAE_NXZ 00419df1 f i menu.obj
 0001:000193ce       ?DMFlagCallback@dmoptionsMenu_t@@SAXPAX@Z 0041a3ce f i menu.obj
 0001:000195ac       ?Init@downloadOptionsMenu_t@@UAE_NXZ 0041a5ac f i menu.obj
 0001:00019786       ?DownloadCallback@downloadOptionsMenu_t@@SAXPAX@Z 0041a786 f i menu.obj
 0001:000197f4       ?Init@addressBookMenu_t@@UAE_NXZ 0041a7f4 f i menu.obj
 0001:0001989a       ?KeyDown@addressBookMenu_t@@UAEPBDH@Z 0041a89a f i menu.obj
 0001:000198f9       ?Init@playerConfigMenu_t@@UAE_NXZ 0041a8f9 f i menu.obj
 0001:00019e40       ?HandednessCallback@playerConfigMenu_t@@SAXPAX@Z 0041ae40 f i menu.obj
 0001:00019e55       ?RTypeCallback@playerConfigMenu_t@@SAXPAX@Z 0041ae55 f i menu.obj
 0001:00019e6a       ?RColorCallback@playerConfigMenu_t@@SAXPAX@Z 0041ae6a f i menu.obj
 0001:00019e7f       ?RateCallback@playerConfigMenu_t@@SAXPAX@Z 0041ae7f f i menu.obj
 0001:00019ea2       ?ModelCallback@playerConfigMenu_t@@SAXPAX@Z 0041aea2 f i menu.obj
 0001:00019ed6       ?SkinCallback@playerConfigMenu_t@@SAXPAX@Z 0041aed6 f i menu.obj
 0001:00019ede       ?Draw@playerConfigMenu_t@@UAEXXZ 0041aede f i menu.obj
 0001:0001a1c0       ?KeyDown@playerConfigMenu_t@@UAEPBDH@Z 0041b1c0 f i menu.obj
 0001:0001a2a0       ?Init@dmbrowseMenu_t@@UAE_NXZ 0041b2a0 f i menu.obj
 0001:0001a4a9       ?KeyDown@dmbrowseMenu_t@@UAEPBDH@Z 0041b4a9 f i menu.obj
 0001:0001a681       ?Draw@dmbrowseMenu_t@@UAEXXZ 0041b681 f i menu.obj
 0001:0001a7ce       ?DrawThumbnail@dmbrowseMenu_t@@SAXHHHHPAD_N@Z 0041b7ce f i menu.obj
 0001:0001a8a8       ?Init@videoMenu_t@@UAE_NXZ 0041b8a8 f i menu.obj
 0001:0001ae81       ?ScreenSizeCallback@videoMenu_t@@SAXPAX@Z 0041be81 f i menu.obj
 0001:0001aea2       ?BrightnessCallback@videoMenu_t@@SAXPAX@Z 0041bea2 f i menu.obj
 0001:0001aec3       ?ContrastCallback@videoMenu_t@@SAXPAX@Z 0041bec3 f i menu.obj
 0001:0001aeff       ?CancelChanges@videoMenu_t@@SAXPAX@Z 0041beff f i menu.obj
 0001:0001af4c       ?KeyDown@videoMenu_t@@UAEPBDH@Z 0041bf4c f i menu.obj
 0001:0001af95       ?ApplyChanges@videoMenu_t@@SAXPAX@Z 0041bf95 f i menu.obj
 0001:0001b14c       ?KeyDown@quitMenu_t@@UAEPBDH@Z 0041c14c f i menu.obj
 0001:0001b189       ?Draw@quitMenu_t@@UAEXXZ   0041c189 f i menu.obj
 0001:0001b1f9       ?M_Init@@YAXXZ             0041c1f9 f   menu.obj
 0001:0001b3db       ?ItemAtCursor@menuFramework_t@@QAEPAUmenuCommon_t@@XZ 0041c3db f   qmenu.obj
 0001:0001b42f       ?AddItem@menuFramework_t@@QAEXPAUmenuCommon_t@@@Z 0041c42f f   qmenu.obj
 0001:0001b4eb       ?AdjustCursor@menuFramework_t@@QAEXH@Z 0041c4eb f   qmenu.obj
 0001:0001b663       ?Center@menuFramework_t@@QAEXXZ 0041c663 f   qmenu.obj
 0001:0001b6a4       ?Draw@menuFramework_t@@UAEXXZ 0041c6a4 f   qmenu.obj
 0001:0001bc7c       ?SelectItem@menuFramework_t@@QAE_NXZ 0041cc7c f   qmenu.obj
 0001:0001bce1       ?SetStatusBar@menuFramework_t@@QAEXPBD@Z 0041cce1 f   qmenu.obj
 0001:0001bcee       ?SlideItem@menuFramework_t@@QAEXH@Z 0041ccee f   qmenu.obj
 0001:0001c28c       ?Push@menuFramework_t@@QAEXXZ 0041d28c f   qmenu.obj
 0001:0001c30b       ?M_ForceMenuOff@@YAXXZ     0041d30b f   qmenu.obj
 0001:0001c338       ?Pop@menuFramework_t@@QAEXXZ 0041d338 f   qmenu.obj
 0001:0001c372       ?KeyDown@menuFramework_t@@UAEPBDH@Z 0041d372 f   qmenu.obj
 0001:0001c5ea       ?Init@menuFramework_t@@UAE_NXZ 0041d5ea f   qmenu.obj
 0001:0001c5ed       ?M_Draw@@YAXXZ             0041d5ed f   qmenu.obj
 0001:0001c628       ?M_Keydown@@YAXH@Z         0041d628 f   qmenu.obj
 0001:0001c64a       ?InitRendererVars@@YAXXZ   0041d64a f   ref_vars.obj
 0001:0001c669       ?S_SoundInfo_f@@YAXXZ      0041d669 f   snd_dma.obj
 0001:0001c6e3       ?S_Init@@YAXXZ             0041d6e3 f   snd_dma.obj
 0001:0001c7b5       ?S_Shutdown@@YAXXZ         0041d7b5 f   snd_dma.obj
 0001:0001c848       ?S_BeginRegistration@@YAXXZ 0041d848 f   snd_dma.obj
 0001:0001c856       ?S_RegisterSound@@YAPAUsfx_t@@PBD@Z 0041d856 f   snd_dma.obj
 0001:0001ca01       ?S_EndRegistration@@YAXXZ  0041da01 f   snd_dma.obj
 0001:0001ca8a       ?S_PickChannel@@YAPAUchannel_t@@HH@Z 0041da8a f   snd_dma.obj
 0001:0001cb18       ?S_Spatialize@@YAXPAUchannel_t@@@Z 0041db18 f   snd_dma.obj
 0001:0001ccfa       ?S_AllocPlaysound@@YAPAUplaysound_t@@XZ 0041dcfa f   snd_dma.obj
 0001:0001cd1c       ?S_FreePlaysound@@YAXPAUplaysound_t@@@Z 0041dd1c f   snd_dma.obj
 0001:0001cd4f       ?S_IssuePlaysound@@YAXPAUplaysound_t@@@Z 0041dd4f f   snd_dma.obj
 0001:0001ce20       ?S_StartSound@@YAXPBUCVec3@@HHPAUsfx_t@@MMM@Z 0041de20 f   snd_dma.obj
 0001:0001d1e1       ?S_StartLocalSound@@YAXPBD@Z 0041e1e1 f   snd_dma.obj
 0001:0001d233       ?S_ClearBuffer@@YAXXZ      0041e233 f   snd_dma.obj
 0001:0001d29c       ?S_StopAllSounds_f@@YAXXZ  0041e29c f   snd_dma.obj
 0001:0001d30c       ?S_AddLoopSounds@@YAXXZ    0041e30c f   snd_dma.obj
 0001:0001d4e2       ?S_RawSamples@@YAXHHHHPAE@Z 0041e4e2 f   snd_dma.obj
 0001:0001d6e6       ?S_Update@@YAXABUCVec3@@0@Z 0041e6e6 f   snd_dma.obj
 0001:0001d7bc       ?GetSoundtime@@YAXXZ       0041e7bc f   snd_dma.obj
 0001:0001d823       ?S_Update_@@YAXXZ          0041e823 f   snd_dma.obj
 0001:0001dad6       ?S_LoadSound@@YAPAUsfxcache_t@@PAUsfx_t@@@Z 0041ead6 f   snd_mem.obj
 0001:0001e067       ?S_WriteLinearBlastStereo16@@YAXXZ 0041f067 f   snd_mix.obj
 0001:0001e0d1       ?S_TransferStereo16@@YAXPAKH@Z 0041f0d1 f   snd_mix.obj
 0001:0001e13c       ?S_TransferPaintBuffer@@YAXH@Z 0041f13c f   snd_mix.obj
 0001:0001e2a0       ?S_PaintChannels@@YAXH@Z   0041f2a0 f   snd_mix.obj
 0001:0001e51c       ?S_InitScaletable@@YAXXZ   0041f51c f   snd_mix.obj
 0001:0001e661       ?SV_ComputeAnimation@@YAXPAUplayer_state_t@@AAUentityStateEx_t@@PAU2@PAUedict_s@@@Z 0041f661 f   sv_anim.obj
 0001:0001eb0f       ?SV_ReadLevelFile@@YAXXZ   0041fb0f f   sv_ccmds.obj
 0001:0001ebbd       ?SV_AddressBanned@@YA_NPAUnetadr_t@@@Z 0041fbbd f   sv_ccmds.obj
 0001:0001ec01       ?SV_InitCommands@@YAXXZ    0041fc01 f   sv_ccmds.obj
 0001:00020074       ?sprintf@?$TString@$0CI@@@QAAHPBDZZ 00421074 f i sv_ccmds.obj
 0001:0002008e       ?SV_WriteFrameToClient@@YAXPAUclient_t@@PAVsizebuf_t@@@Z 0042108e f   sv_ents.obj
 0001:00020824       ?SV_RecordDemoMessage@@YAXXZ 00421824 f   sv_ents.obj
 0001:000209f2       ?SV_MulticastOld@@YAXABUCVec3@@W4multicast_t@@@Z 004219f2 f i sv_game.obj
 0001:00020a07       ?SV_StartSoundOld@@YAXPBUCVec3@@PAUedict_s@@HHMMM@Z 00421a07 f i sv_game.obj
 0001:000214b4       ?SV_InitGameLibrary@@YAX_N@Z 004224b4 f   sv_game.obj
 0001:000217a9       ?SV_ShutdownGameLibrary@@YAXXZ 004227a9 f   sv_game.obj
 0001:00021906       ?SV_FindIndex@@YAHPBDHH_N@Z 00422906 f   sv_init.obj
 0001:00021a1d       ?SV_ModelIndex@@YAHPBD@Z   00422a1d f   sv_init.obj
 0001:00021a36       ?SV_SoundIndex@@YAHPBD@Z   00422a36 f   sv_init.obj
 0001:00021a52       ?SV_ImageIndex@@YAHPBD@Z   00422a52 f   sv_init.obj
 0001:00021a6e       ?SV_CreateBaseline@@YAXXZ  00422a6e f   sv_init.obj
 0001:00021aeb       ?SV_SpawnServer@@YAXPAD0W4server_state_t@@_N2@Z 00422aeb f   sv_init.obj
 0001:00021e3c       ?SV_InitGame@@YAXXZ        00422e3c f   sv_init.obj
 0001:00022064       ?SV_Map@@YAX_NPBD0@Z       00423064 f   sv_init.obj
 0001:00022226       ?SV_DropClient@@YAXPAUclient_t@@PAD@Z 00423226 f   sv_main.obj
 0001:00022c5b       ??0COutputDeviceMem@@QAE@H@Z 00423c5b f i sv_main.obj
 0001:00022c8c       ?Write@COutputDeviceMem@@UAEXPBD@Z 00423c8c f i sv_main.obj
 0001:00022d13       ??_ECOutputDeviceMem@@UAEPAXI@Z 00423d13 f i sv_main.obj
 0001:00022d13       ??_GCOutputDeviceMem@@UAEPAXI@Z 00423d13 f i sv_main.obj
 0001:00022d32       ??1COutputDeviceMem@@UAE@XZ 00423d32 f i sv_main.obj
 0001:00022d51       ?SV_CalcPings@@YAXXZ       00423d51 f   sv_main.obj
 0001:00022dd8       ?SV_GiveMsec@@YAXXZ        00423dd8 f   sv_main.obj
 0001:00022e17       ?SV_ReadPackets@@YAXXZ     00423e17 f   sv_main.obj
 0001:0002302a       ?SV_CheckTimeouts@@YAXXZ   0042402a f   sv_main.obj
 0001:0002313b       ?SV_PostprocessFrame@@YAXXZ 0042413b f   sv_main.obj
 0001:0002360e       ?SV_MulticastHook@@YAPAVsizebuf_t@@PAV1@0@Z 0042460e f   sv_main.obj
 0001:000239fe       ?SV_TraceHook@@YAXAAUtrace_t@@ABUCVec3@@PBU2@21PAUedict_s@@H@Z 004249fe f   sv_main.obj
 0001:00023b7d       ?SV_Frame@@YAXM@Z          00424b7d f   sv_main.obj
 0001:00023e3a       ?SV_UserinfoChanged@@YAXPAUclient_t@@@Z 00424e3a f   sv_main.obj
 0001:00023efc       ?SV_InitVars@@YAXXZ        00424efc f   sv_main.obj
 0001:00023f0b       ?SV_Init@@YAXXZ            00424f0b f   sv_main.obj
 0001:00023f64       ?SV_Shutdown@@YAXPBD_N@Z   00424f64 f   sv_main.obj
 0001:00024171       ?SV_ClientPrintf@@YAXPAUclient_t@@HPBDZZ 00425171 f   sv_send.obj
 0001:000241cc       ?SV_BroadcastPrintf@@YAXHPBDZZ 004251cc f   sv_send.obj
 0001:000242a2       ?SV_BroadcastCommand@@YAXPBDZZ 004252a2 f   sv_send.obj
 0001:000242fc       ?SV_Multicast@@YAXABUCVec3@@W4multicast_t@@_N@Z 004252fc f   sv_send.obj
 0001:00024522       ?SV_StartSound@@YAXPBUCVec3@@PAUedict_s@@HHMMM_N@Z 00425522 f   sv_send.obj
 0001:000247f2       ?SV_SendClientDatagram@@YA_NPAUclient_t@@@Z 004257f2 f   sv_send.obj
 0001:000248b4       ?SV_DemoCompleted@@YAXXZ   004258b4 f   sv_send.obj
 0001:000248d0       ?SV_SendClientMessages@@YAXXZ 004258d0 f   sv_send.obj
 0001:00024a83       ?SV_DrawText3D@@YAXABUCVec3@@PBDI@Z 00425a83 f   sv_text.obj
 0001:00024abb       ?SV_ClearTexts@@YAXXZ      00425abb f   sv_text.obj
 0001:00024ac3       ?SV_DrawTexts@@YAXXZ       00425ac3 f   sv_text.obj
 0001:00024b18       ??0?$TTextContainer@UCSVText@@$0BAAAA@@@QAE@XZ 00425b18 f i sv_text.obj
 0001:00024b3d       ?SV_TokenizeString@@YAXPBD@Z 00425b3d f   sv_tokenize.obj
 0001:00024c14       ?SV_Argc@@YAHXZ            00425c14 f   sv_tokenize.obj
 0001:00024c1a       ?SV_Argv@@YAPADH@Z         00425c1a f   sv_tokenize.obj
 0001:00024c38       ?SV_Args@@YAPADXZ          00425c38 f   sv_tokenize.obj
 0001:00025508       ?SV_Nextserver@@YAXXZ      00426508 f   sv_user.obj
 0001:0002559c       ?SV_ClientThink@@YAXPAUclient_t@@PAUusercmd_t@@@Z 0042659c f   sv_user.obj
 0001:0002562d       ?SV_ExecuteClientMessage@@YAXPAUclient_t@@@Z 0042662d f   sv_user.obj
 0001:0002597d       ?SV_ClearWorld@@YAXXZ      0042697d f   sv_world.obj
 0001:00025abb       ?SV_UnlinkEdict@@YAXPAUedict_s@@@Z 00426abb f   sv_world.obj
 0001:00025b81       ?SV_LinkEdict@@YAXPAUedict_s@@@Z 00426b81 f   sv_world.obj
 0001:0002616d       ?SV_AreaEdicts@@YAHABUCVec3@@0PAPAUedict_s@@HH@Z 0042716d f   sv_world.obj
 0001:0002630b       ?SV_PointContents@@YAHABUCVec3@@@Z 0042730b f   sv_world.obj
 0001:00026432       ?SV_Trace@@YAXAAUtrace_t@@ABUCVec3@@1ABUCBox@@PAUedict_s@@H@Z 00427432 f   sv_world.obj
 0001:000268b1       ?InitByteDirs@@YAXXZ       004278b1 f   anorms.obj
 0001:000268f0       ?Cbuf_AddText@@YAXPBD@Z    004278f0 f   cmd.obj
 0001:00026956       ?Cbuf_CopyToDefer@@YAXXZ   00427956 f   cmd.obj
 0001:0002699e       ?Cbuf_InsertFromDefer@@YAXXZ 0042799e f   cmd.obj
 0001:00026a5a       ?Cbuf_Execute@@YAXXZ       00427a5a f   cmd.obj
 0001:00026b6a       ?Cmd_Unalias_f@@YAX_NHPAPAD@Z 00427b6a f   cmd.obj
 0001:00026be2       ?Cmd_WriteAliases@@YAXPAVCOutputDevice@@@Z 00427be2 f   cmd.obj
 0001:00026c15       ?RegisterCommand@@YA_NPBDP6AXXZI@Z 00427c15 f   cmd.obj
 0001:00026cf6       ?UnregisterCommand@@YA_NPBD@Z 00427cf6 f   cmd.obj
 0001:00026d87       ?ExecuteCommand@@YA_NPBD@Z 00427d87 f   cmd.obj
 0001:000271ca       ?ExecuteCommand@@YA_NPBDPBUCSimpleCommand@@H@Z 004281ca f   cmd.obj
 0001:0002760c       ?CM_LoadMap@@YAPAUcmodel_t@@PBD_NPAI@Z 0042860c f   cmodel.obj
 0001:00027d75       ?SetSignbits@cplane_t@@QAEXXZ 00428d75 f i cmodel.obj
 0001:00027da9       ?SetType@cplane_t@@QAEXXZ  00428da9 f i cmodel.obj
 0001:00027e1e       ?LoadLeafBrushes@@YAXPAGH@Z 00428e1e f i cmodel.obj
 0001:0002874f       ?Dump@CBrush@@QAEXXZ       0042974f f i cmodel.obj
 0001:000288e1       ?CM_InlineModel@@YAPAUcmodel_t@@PBD@Z 004298e1 f   cmodel.obj
 0001:00028925       ?CM_NumClusters@@YAHXZ     00429925 f   cmodel.obj
 0001:0002892b       ?CM_NumInlineModels@@YAHXZ 0042992b f   cmodel.obj
 0001:00028931       ?CM_EntityString@@YAPBDXZ  00429931 f   cmodel.obj
 0001:00028937       ?CM_LeafContents@@YAHH@Z   00429937 f   cmodel.obj
 0001:00028961       ?CM_LeafCluster@@YAHH@Z    00429961 f   cmodel.obj
 0001:000289d7       ?CM_LeafArea@@YAHH@Z       004299d7 f   cmodel.obj
 0001:00028b45       ?CM_HeadnodeForBox@@YAHABUCBox@@@Z 00429b45 f   cmodel.obj
 0001:00028bc8       ?CM_PointLeafnum@@YAHABUCVec3@@H@Z 00429bc8 f   cmodel.obj
 0001:00028c6b       ?DistanceTo@cplane_t@@QAEMABUCVec3@@@Z 00429c6b f i cmodel.obj
 0001:00028cb0       ?CM_PointContents@@YAHABUCVec3@@H@Z 00429cb0 f   cmodel.obj
 0001:00028d25       ?CM_TransformedPointContents@@YAHABUCVec3@@H00@Z 00429d25 f   cmodel.obj
 0001:00028e06       ?CM_TransformedPointContents@@YAHABUCVec3@@H0ABUCAxis@@@Z 00429e06 f   cmodel.obj
 0001:00028eb1       ?CM_BoxLeafnums@@YAHABUCBox@@PAHH1H@Z 00429eb1 f   cmodel.obj
 0001:00028fc4       ?BOX_ON_PLANE_SIDE@@YAHABUCBox@@ABUcplane_t@@@Z 00429fc4 f i cmodel.obj
 0001:0002902f       ?CM_BoxTrace@@YAXAAUtrace_t@@ABUCVec3@@1ABUCBox@@HH@Z 0042a02f f   cmodel.obj
 0001:00029b81       ?CM_TransformedBoxTrace@@YAXAAUtrace_t@@ABUCVec3@@1ABUCBox@@HH11@Z 0042ab81 f   cmodel.obj
 0001:00029cfe       ?CM_TransformedBoxTrace@@YAXAAUtrace_t@@ABUCVec3@@1ABUCBox@@HH1ABUCAxis@@@Z 0042acfe f   cmodel.obj
 0001:00029dbb       ?CM_BrushTrace@@YAHABUCVec3@@0PAHH@Z 0042adbb f   cmodel.obj
 0001:0002a1ab       ?CM_RefineBrushTrace@@YAHABUCVec3@@0PAHH@Z 0042b1ab f   cmodel.obj
 0001:0002a251       ?CM_ClusterPVS@@YAPAEH@Z   0042b251 f   cmodel.obj
 0001:0002a39e       ?CM_ClusterPHS@@YAPAEH@Z   0042b39e f   cmodel.obj
 0001:0002a50a       ?CM_SetAreaPortalState@@YAXH_N@Z 0042b50a f   cmodel.obj
 0001:0002a532       ?CM_AreasConnected@@YA_NHH@Z 0042b532 f   cmodel.obj
 0001:0002a579       ?CM_WriteAreaBits@@YAHPAEH@Z 0042b579 f   cmodel.obj
 0001:0002a61b       ?CM_WritePortalState@@YAXPAU_iobuf@@@Z 0042b61b f   cmodel.obj
 0001:0002a638       ?CM_ReadPortalState@@YAXPAU_iobuf@@@Z 0042b638 f   cmodel.obj
 0001:0002a65a       ?CM_HeadnodeVisible@@YA_NHPBE@Z 0042b65a f   cmodel.obj
 0001:0002a735       ?Com_DPrintf@@YAXPBDZZ     0042b735 f   common.obj
 0001:0002a7ae       ?DebugPrintf@@YAXPBDZZ     0042b7ae f   common.obj
 0001:0002a85d       ?IPWildcard@@YA_NPAUnetadr_t@@PBD@Z 0042b85d f   common.obj
 0001:0002a937       ?Com_ServerState@@YA?AW4server_state_t@@XZ 0042b937 f   common.obj
 0001:0002a93d       ?Com_SetServerState@@YAXW4server_state_t@@@Z 0042b93d f   common.obj
 0001:0002a94a       ?crand@@YAMXZ              0042b94a f   common.obj
 0001:0002a968       ?Info_ValueForKey@@YAPBDPBD0@Z 0042b968 f   common.obj
 0001:0002a9e7       ?Info_SetValueForKey@@YAXPADPBD1@Z 0042b9e7 f   common.obj
 0001:0002ab1e       ?Info_Print@@YAXPBD@Z      0042bb1e f   common.obj
 0001:0002aba4       ?Com_CheckCmdlineVar@@YA_NPBD@Z 0042bba4 f   common.obj
 0001:0002abfd       ?Com_Init@@YAXPBD@Z        0042bbfd f   common.obj
 0001:0002afa4       ?Com_Frame@@YAXM@Z         0042bfa4 f   common.obj
 0001:0002b39e       ?Com_BlockSequenceCRCByte@@YAEPAEHH@Z 0042c39e f   crc.obj
 0001:0002b456       ?Cvar_VariableValue@@YAMPBD@Z 0042c456 f   cvar.obj
 0001:0002b4cd       ?Cvar_VariableInt@@YAHPBD@Z 0042c4cd f   cvar.obj
 0001:0002b4e4       ?Cvar_VariableString@@YAPBDPBD@Z 0042c4e4 f   cvar.obj
 0001:0002b500       ?Cvar_Get@@YAPAUcvar_t@@PBD0H@Z 0042c500 f   cvar.obj
 0001:0002b7cd       ?Cvar_GetVars@@YAXPBUcvarInfo_t@@H@Z 0042c7cd f   cvar.obj
 0001:0002b877       ?Cvar_FullSet@@YAXPAUcvar_t@@PBDI@Z 0042c877 f   cvar.obj
 0001:0002b897       ?Cvar_FullSet@@YAPAUcvar_t@@PBD0I@Z 0042c897 f   cvar.obj
 0001:0002b8d7       ?Cvar_SetValue@@YAPAUcvar_t@@PBDM@Z 0042c8d7 f   cvar.obj
 0001:0002ba70       ?Cvar_SetInteger@@YAPAUcvar_t@@PBDH@Z 0042ca70 f   cvar.obj
 0001:0002ba94       ?Cvar_Set@@YAPAUcvar_t@@PBD0@Z 0042ca94 f   cvar.obj
 0001:0002baab       ?Cvar_ForceSet@@YAPAUcvar_t@@PBD0@Z 0042caab f   cvar.obj
 0001:0002bac2       ?Cvar_Clamp@@YAMPAUcvar_t@@MM@Z 0042cac2 f   cvar.obj
 0001:0002bb20       ?Cvar_Command@@YA_NHPAPAD@Z 0042cb20 f   cvar.obj
 0001:0002bbbb       ?IsDefault@cvar_t@@QAE_NXZ 0042cbbb f i cvar.obj
 0001:0002bbd8       ?Cvar_WriteVariables@@YAXPAVCOutputDevice@@HHPBD@Z 0042cbd8 f   cvar.obj
 0001:0002bc5e       ?Cvar_BitInfo@@YAPBDI@Z    0042cc5e f   cvar.obj
 0001:0002bcb0       ?Cvar_Cheats@@YAX_N@Z      0042ccb0 f   cvar.obj
 0001:0002c527       ?MSG_WriteDeltaEntity@@YAXPAVsizebuf_t@@PBUentityStateEx_t@@PAU2@_N33@Z 0042d527 f   entdelta.obj
 0001:0002cae3       ?MSG_WriteRemoveEntity@@YAXPAVsizebuf_t@@H@Z 0042dae3 f   entdelta.obj
 0001:0002cb23       ?MSG_ReadEntityBits@@YAHPAVsizebuf_t@@PAIPA_N@Z 0042db23 f   entdelta.obj
 0001:0002cb95       ?MSG_ReadDeltaEntity@@YAXPAVsizebuf_t@@PBUentityStateEx_t@@PAU2@I@Z 0042db95 f   entdelta.obj
 0001:0002cc18       ?MSG_WriteDeltaUsercmd@@YAXPAVsizebuf_t@@PBUusercmd_t@@PAU2@@Z 0042dc18 f   entdelta.obj
 0001:0002cca7       ?MSG_ReadDeltaUsercmd@@YAXPAVsizebuf_t@@PBUusercmd_t@@PAU2@@Z 0042dca7 f   entdelta.obj
 0001:0002cfaa       ?MSG_WriteDeltaPlayerstate@@YAXPAVsizebuf_t@@PBUplayer_state_t@@PAU2@@Z 0042dfaa f   entdelta.obj
 0001:0002d0b3       ?MSG_ReadDeltaPlayerstate@@YAXPAVsizebuf_t@@PBUplayer_state_t@@PAU2@@Z 0042e0b3 f   entdelta.obj
 0001:0002d16d       ?LoadPCX@@YAPAEPBDAAH1AAPAE@Z 0042e16d f   images.obj
 0001:0002d2a8       ?LoadTGA@@YAPAEPBDAAH1@Z   0042e2a8 f   images.obj
 0001:0002d492       ?LoadJPG@@YAPAEPBDAAH1@Z   0042e492 f   images.obj
 0001:0002d746       ?ImageExists@@YAHPBDH@Z    0042e746 f   images.obj
 0001:0002d86a       ?WriteTGA@@YA_NPBDPAEHH@Z  0042e86a f   images.obj
 0001:0002da5e       ?WriteJPG@@YA_NPBDPAEHH_N@Z 0042ea5e f   images.obj
 0001:0002db8f       ?MD4Init@@YAXPAUMD4_CTX@@@Z 0042eb8f f   md4.obj
 0001:0002dbb7       ?MD4Update@@YAXPAUMD4_CTX@@PAEI@Z 0042ebb7 f   md4.obj
 0001:0002dc55       ?MD4Final@@YAXQAEPAUMD4_CTX@@@Z 0042ec55 f   md4.obj
 0001:0002e346       ?Com_BlockChecksum@@YAIPAXH@Z 0042f346 f   md4.obj
 0001:0002e382       ?LoadQ2BspFile@@YAXXZ      0042f382 f   model.obj
 0001:0002e72a       ?LoadQ1BspFile@@YAXXZ      0042f72a f   model.obj
 0001:0002e9c9       ?LoadBspFile@@YAPAUbspfile_t@@PBD_NPAI@Z 0042f9c9 f   model.obj
 0001:0002fa6a       ?Init@sizebuf_t@@QAEXPAXH@Z 00430a6a f   msg.obj
 0001:0002fa87       ?Write@sizebuf_t@@QAEXPBXH@Z 00430a87 f   msg.obj
 0001:0002faf9       ?MSG_WriteChar@@YAXPAVsizebuf_t@@H@Z 00430af9 f   msg.obj
 0001:0002faf9       ?MSG_WriteByte@@YAXPAVsizebuf_t@@H@Z 00430af9 f   msg.obj
 0001:0002fb0c       ?MSG_WriteShort@@YAXPAVsizebuf_t@@H@Z 00430b0c f   msg.obj
 0001:0002fb1f       ?MSG_WriteLong@@YAXPAVsizebuf_t@@H@Z 00430b1f f   msg.obj
 0001:0002fb32       ?MSG_WriteFloat@@YAXPAVsizebuf_t@@M@Z 00430b32 f   msg.obj
 0001:0002fb45       ?MSG_WriteString@@YAXPAVsizebuf_t@@PBD@Z 00430b45 f   msg.obj
 0001:0002fb6f       ?MSG_WritePos@@YAXPAVsizebuf_t@@ABUCVec3@@@Z 00430b6f f   msg.obj
 0001:0002fbd3       ?MSG_WriteAngle@@YAXPAVsizebuf_t@@M@Z 00430bd3 f   msg.obj
 0001:0002fbfe       ?MSG_WriteAngle16@@YAXPAVsizebuf_t@@M@Z 00430bfe f   msg.obj
 0001:0002fc29       ?MSG_WriteDir@@YAXPAVsizebuf_t@@ABUCVec3@@@Z 00430c29 f   msg.obj
 0001:0002fc91       ?MSG_ReadDir@@YAXPAVsizebuf_t@@AAUCVec3@@@Z 00430c91 f   msg.obj
 0001:0002fcc4       ?MSG_ReadChar@@YAHPAVsizebuf_t@@@Z 00430cc4 f   msg.obj
 0001:0002fce7       ?MSG_ReadByte@@YAHPAVsizebuf_t@@@Z 00430ce7 f   msg.obj
 0001:0002fd0a       ?MSG_ReadShort@@YAHPAVsizebuf_t@@@Z 00430d0a f   msg.obj
 0001:0002fd2d       ?MSG_ReadLong@@YAHPAVsizebuf_t@@@Z 00430d2d f   msg.obj
 0001:0002fd4f       ?MSG_ReadString@@YAPADPAVsizebuf_t@@@Z 00430d4f f   msg.obj
 0001:0002fd85       ?MSG_ReadPos@@YAXPAVsizebuf_t@@AAUCVec3@@@Z 00430d85 f   msg.obj
 0001:0002fdd7       ?MSG_ReadAngle@@YAMPAVsizebuf_t@@@Z 00430dd7 f   msg.obj
 0001:0002fdf1       ?MSG_ReadAngle16@@YAMPAVsizebuf_t@@@Z 00430df1 f   msg.obj
 0001:0002fe0b       ?MSG_ReadData@@YAXPAVsizebuf_t@@PAXH@Z 00430e0b f   msg.obj
 0001:0002fe2e       ?Netchan_Init@@YAXXZ       00430e2e f   net_chan.obj
 0001:0002fe9d       ?Netchan_OutOfBandPrint@@YAXW4netsrc_t@@Unetadr_t@@PBDZZ 00430e9d f   net_chan.obj
 0001:0002ff22       ?Setup@netchan_t@@QAEXW4netsrc_t@@Unetadr_t@@H@Z 00430f22 f   net_chan.obj
 0001:0002ff78       ?NeedReliable@netchan_t@@QAE_NXZ 00430f78 f   net_chan.obj
 0001:0002ff9d       ?Transmit@netchan_t@@QAEXPAXH@Z 00430f9d f   net_chan.obj
 0001:00030133       ?Process@netchan_t@@QAE_NPAVsizebuf_t@@@Z 00431133 f   net_chan.obj
 0001:00030260       ?Pmove@@YAXPAUpmove_t@@@Z  00431260 f   pmove.obj
 0001:00031ec1       ?NormalizeColor@@YAMABUCVec3@@AAU1@@Z 00432ec1 f   q_shared2.obj
 0001:00031f1f       ?NormalizeColor255@@YAMABUCVec3@@AAU1@@Z 00432f1f f   q_shared2.obj
 0001:00031f81       ?appRsqrt@@YAMM@Z          00432f81 f   q_shared2.obj
 0001:00031fad       ?AngleVectors@@YAXABUCVec3@@PAU1@11@Z 00432fad f   q_shared2.obj
 0001:0003210e       ?MakeNormalVectors@@YAXABUCVec3@@AAU1@1@Z 0043310e f   q_shared2.obj
 0001:0003217d       ?Vec2Angles@@YAXABUCVec3@@AAU1@@Z 0043317d f   q_shared2.obj
 0001:00032280       ?Vec2Yaw@@YAMABUCVec3@@@Z  00433280 f   q_shared2.obj
 0001:000322f3       ?VectorLength@@YAMABUCVec3@@@Z 004332f3 f   q_shared2.obj
 0001:00032325       ?VectorDistance@@YAMABUCVec3@@0@Z 00433325 f   q_shared2.obj
 0001:00032356       ?LerpAngle@@YAMMMM@Z       00433356 f   q_shared2.obj
 0001:0003239a       ?AngleMod@@YAMM@Z          0043339a f   q_shared2.obj
 0001:000323c6       ?AngleSubtract@@YAMMM@Z    004333c6 f   q_shared2.obj
 0001:000323ff       ?AnglesSubtract@@YAXABUCVec3@@0AAU1@@Z 004333ff f   q_shared2.obj
 0001:00032458       ?Normalize@CVec3@@QAEMXZ   00433458 f   q_shared2.obj
 0001:000324aa       ?VectorNormalize@@YAMABUCVec3@@AAU1@@Z 004334aa f   q_shared2.obj
 0001:00032514       ?NormalizeFast@CVec3@@QAEMXZ 00433514 f   q_shared2.obj
 0001:00032565       ?cross@@YAXABUCVec3@@0AAU1@@Z 00433565 f   q_shared2.obj
 0001:000325a1       ?Clear@CBox@@QAEXXZ        004335a1 f   q_shared2.obj
 0001:000325bf       ?Expand@CBox@@QAEXABUCVec3@@@Z 004335bf f   q_shared2.obj
 0001:000325f1       ?Expand@CBox@@QAEXABU1@@Z  004335f1 f   q_shared2.obj
 0001:00032630       ?GetCenter@CBox@@QBEXAAUCVec3@@@Z 00433630 f   q_shared2.obj
 0001:00032653       ?OnPlaneSide@CBox@@QBEHABUcplane_t@@@Z 00433653 f   q_shared2.obj
 0001:00032782       ?FromAngles@CAxis@@QAEXABUCVec3@@@Z 00433782 f   q_shared2.obj
 0001:000327c1       ?TransformVector@CAxis@@QBEXABUCVec3@@AAU2@@Z 004337c1 f   q_shared2.obj
 0001:00032814       ?UnTransformVector@CAxis@@QBEXABUCVec3@@AAU2@@Z 00433814 f   q_shared2.obj
 0001:00032878       ?TransformAxis@CAxis@@QBEXABU1@AAU1@@Z 00433878 f   q_shared2.obj
 0001:000328be       ?UnTransformAxis@CAxis@@QBEXABU1@AAU1@@Z 004338be f   q_shared2.obj
 0001:00032904       ?TransformPoint@CCoords@@QBEXABUCVec3@@AAU2@@Z 00433904 f   q_shared2.obj
 0001:00032964       ?UnTransformPoint@CCoords@@QBEXABUCVec3@@AAU2@@Z 00433964 f   q_shared2.obj
 0001:000329d1       ?UnTransformCoords@CCoords@@QBEXABU1@AAU1@@Z 004339d1 f   q_shared2.obj
 0001:000329fd       ?TransformPlane@CCoords@@QBEXABUcplane_t@@AAU2@@Z 004339fd f   q_shared2.obj
 0001:00032a37       ?TransformPoint@@YAXABUCVec3@@ABUCAxis@@0AAU1@@Z 00433a37 f   q_shared2.obj
 0001:00032a9a       ?UnTransformPoint@@YAXABUCVec3@@ABUCAxis@@0AAU1@@Z 00433a9a f   q_shared2.obj
 0001:00032b0a       ?COM_Parse@@YAPADAAPBD_N@Z 00433b0a f   q_shared2.obj
 0001:00032c2c       ?COM_QuoteString@@YAPBDPBD_N@Z 00433c2c f   q_shared2.obj
 0001:00032ca5       ?FileExists@CQuakeFileSystem@@UAE_NPBDI@Z 00433ca5 f i QuakeFileSystem.obj
 0001:00032d0c       ?CheckFilename@CQuakeFileSystem@@AAEXPBD@Z 00433d0c f i QuakeFileSystem.obj
 0001:00032dab       ?OpenFile@CQuakeFileSystem@@UAEPAVCFile@@PBDI@Z 00433dab f i QuakeFileSystem.obj
 0001:00032e3b       ?List@CQuakeFileSystem@@UAEPAVCFileList@@PBDIPAV2@@Z 00433e3b f i QuakeFileSystem.obj
 0001:00032ecd       ??_GCQuakeFileSystem@@UAEPAXI@Z 00433ecd f i QuakeFileSystem.obj
 0001:00032ecd       ??_GCFileSystem@@UAEPAXI@Z 00433ecd f i QuakeFileSystem.obj
 0001:00032ecd       ??_ECQuakeFileSystem@@UAEPAXI@Z 00433ecd f i QuakeFileSystem.obj
 0001:00032ecd       ??_ECFileSystem@@UAEPAXI@Z 00433ecd f i QuakeFileSystem.obj
 0001:00032eed       ?FS_Gamedir@@YAPBDXZ       00433eed f   QuakeFileSystem.obj
 0001:00032ef3       ?FS_NextPath@@YAPBDPBD@Z   00433ef3 f   QuakeFileSystem.obj
 0001:00032f37       ?FS_CopyFile@@YAXPBD0@Z    00433f37 f   QuakeFileSystem.obj
 0001:0003300d       ?FS_CopyFiles@@YAXPBD0@Z   0043400d f   QuakeFileSystem.obj
 0001:00033127       ?FS_RemoveFiles@@YAXPBD@Z  00434127 f   QuakeFileSystem.obj
 0001:000331e2       ?InitFileSystem@@YAXXZ     004341e2 f   QuakeFileSystem.obj
 0001:00033316       ?Create@CFileContainerPak@@SAPAVCFileContainer@@PBDPAU_iobuf@@@Z 00434316 f i QuakeFileSystem.obj
 0001:0003347f       ??0CFileContainerArc@@QAE@XZ 0043447f f i QuakeFileSystem.obj
 0001:000334c6       ??_ECFileContainerArc@@UAEPAXI@Z 004344c6 f i QuakeFileSystem.obj
 0001:000334c6       ??_GCFileContainerArc@@UAEPAXI@Z 004344c6 f i QuakeFileSystem.obj
 0001:000334f5       ?GetType@CFileContainerPak@@MAEPBDXZ 004344f5 f i QuakeFileSystem.obj
 0001:000334fb       ?OpenLocalFile@CFileContainerPak@@MAEPAVCFile@@ABVCStringItem@@@Z 004344fb f i QuakeFileSystem.obj
 0001:0003354b       ?Read@CFilePak@CFileContainerPak@@UAEHPAXH@Z 0043454b f i QuakeFileSystem.obj
 0001:00033585       ?GetSize@CFilePak@CFileContainerPak@@UAEHXZ 00434585 f i QuakeFileSystem.obj
 0001:0003358c       ?Eof@CFilePak@CFileContainerPak@@UAE_NXZ 0043458c f i QuakeFileSystem.obj
 0001:00033599       ??_ECFilePak@CFileContainerPak@@UAEPAXI@Z 00434599 f i QuakeFileSystem.obj
 0001:00033599       ??_GCFilePak@CFileContainerPak@@UAEPAXI@Z 00434599 f i QuakeFileSystem.obj
 0001:000335ce       ??_GCFileContainerPak@@UAEPAXI@Z 004345ce f i QuakeFileSystem.obj
 0001:000335ce       ??_ECFileContainerPak@@UAEPAXI@Z 004345ce f i QuakeFileSystem.obj
 0001:000335fd       ?Create@CFileContainerZip@@SAPAVCFileContainer@@PBDPAU_iobuf@@@Z 004345fd f i QuakeFileSystem.obj
 0001:000338fc       ?GetType@CFileContainerZip@@MAEPBDXZ 004348fc f i QuakeFileSystem.obj
 0001:00033902       ?OpenLocalFile@CFileContainerZip@@MAEPAVCFile@@ABVCStringItem@@@Z 00434902 f i QuakeFileSystem.obj
 0001:0003399e       ??0CFilePak@CFileContainerZip@@QAE@ABVCFileInfo@1@PAU_iobuf@@@Z 0043499e f i QuakeFileSystem.obj
 0001:000339f0       ?Read@CFilePak@CFileContainerZip@@UAEHPAXH@Z 004349f0 f i QuakeFileSystem.obj
 0001:00033b39       ?GetSize@CFilePak@CFileContainerZip@@UAEHXZ 00434b39 f i QuakeFileSystem.obj
 0001:00033b43       ?Eof@CFilePak@CFileContainerZip@@UAE_NXZ 00434b43 f i QuakeFileSystem.obj
 0001:00033b56       ??_ECFilePak@CFileContainerZip@@UAEPAXI@Z 00434b56 f i QuakeFileSystem.obj
 0001:00033b56       ??_GCFilePak@CFileContainerZip@@UAEPAXI@Z 00434b56 f i QuakeFileSystem.obj
 0001:00033b75       ??1CFilePak@CFileContainerZip@@UAE@XZ 00434b75 f i QuakeFileSystem.obj
 0001:00033be4       ??_GCFileContainerZip@@UAEPAXI@Z 00434be4 f i QuakeFileSystem.obj
 0001:00033be4       ??_ECFileContainerZip@@UAEPAXI@Z 00434be4 f i QuakeFileSystem.obj
 0001:00033c13       ?Mount@CZResource@@SAPAVCFileContainer@@PBDPBE0PAVCFileSystem@@@Z 00434c13 f i QuakeFileSystem.obj
 0001:00033dbf       ?GetType@CZResource@@MAEPBDXZ 00434dbf f i QuakeFileSystem.obj
 0001:00033dc5       ?OpenLocalFile@CZResource@@MAEPAVCFile@@ABVCStringItem@@@Z 00434dc5 f i QuakeFileSystem.obj
 0001:00033df6       ??0CFileRes@CZResource@@QAE@ABVCFileInfo@1@PBXH@Z 00434df6 f i QuakeFileSystem.obj
 0001:00033ea9       ?Read@CFileRes@CZResource@@UAEHPAXH@Z 00434ea9 f i QuakeFileSystem.obj
 0001:00033efc       ?GetSize@CFileRes@CZResource@@UAEHXZ 00434efc f i QuakeFileSystem.obj
 0001:00033f03       ?Eof@CFileRes@CZResource@@UAE_NXZ 00434f03 f i QuakeFileSystem.obj
 0001:00033f10       ??_ECFileRes@CZResource@@UAEPAXI@Z 00434f10 f i QuakeFileSystem.obj
 0001:00033f10       ??_GCFileRes@CZResource@@UAEPAXI@Z 00434f10 f i QuakeFileSystem.obj
 0001:00033f42       ??_ECZResource@@UAEPAXI@Z  00434f42 f i QuakeFileSystem.obj
 0001:00033f42       ??_GCZResource@@UAEPAXI@Z  00434f42 f i QuakeFileSystem.obj
 0001:00033f71       ?MountGame@CQuakeFileSystem@@QAEXPBD@Z 00434f71 f i QuakeFileSystem.obj
 0001:00033fbc       ?SetGameDir@CQuakeFileSystem@@QAE_NPBD@Z 00434fbc f i QuakeFileSystem.obj
 0001:000341be       ?FS_Tick@@YAXXZ            004351be f   QuakeFileSystem.obj
 0001:0003430b       ??0CBrush@@QAE@ABUCBox@@@Z 0043530b f   MapBrush.obj
 0001:00034464       ?Split@CBrush@@QAEPAU1@PAUcplane_t@@@Z 00435464 f   MapBrush.obj
 0001:00034ded       ?GetVec@CAllocVertexPool@@QAEPAUCVec3@@ABU2@@Z 00435ded f i MapBrush.obj
 0001:00034e81       ?AddBevels@CBrush@@QAEXP6APAUcplane_t@@ABUCVec3@@M@Z@Z 00435e81 f   MapBrush.obj
 0001:00035020       ?Negate@CVec3@@QAEXXZ      00436020 f i MapBrush.obj
 0001:0003502e       ?CDAudio_Play@@YAXH_N@Z    0043602e f   cd_win.obj
 0001:00035221       ?CDAudio_Stop@@YAXXZ       00436221 f   cd_win.obj
 0001:000352e2       ?CDAudio_Update@@YAXXZ     004362e2 f   cd_win.obj
 0001:00035385       ?CDAudio_Init@@YA_NXZ      00436385 f   cd_win.obj
 0001:000357a6       ?CDAudio_Shutdown@@YAXXZ   004367a6 f   cd_win.obj
 0001:000357c9       ?CDAudio_Activate@@YAX_N@Z 004367c9 f   cd_win.obj
 0001:000357e0       ?IN_Init@@YAXXZ            004367e0 f   in_win.obj
 0001:00035a6d       ?IN_Shutdown@@YAXXZ        00436a6d f   in_win.obj
 0001:00035cce       ?IN_Activate@@YAX_N@Z      00436cce f   in_win.obj
 0001:00035cdb       ?IN_Frame@@YAXXZ           00436cdb f   in_win.obj
 0001:0003603d       ?IN_Move@@YAXPAUusercmd_t@@@Z 0043703d f   in_win.obj
 0001:000364e8       ?NET_CompareAdr@@YA_NPAUnetadr_t@@0@Z 004374e8 f   net_wins.obj
 0001:00036523       ?NET_CompareBaseAdr@@YA_NPAUnetadr_t@@0@Z 00437523 f   net_wins.obj
 0001:00036550       ?NET_AdrToString@@YAPBDPAUnetadr_t@@@Z 00437550 f   net_wins.obj
 0001:00036596       ?NET_StringToAdr@@YA_NPBDPAUnetadr_t@@F@Z 00437596 f   net_wins.obj
 0001:000366ac       ?NET_IsLocalAddress@@YA_NPAUnetadr_t@@@Z 004376ac f   net_wins.obj
 0001:000366bb       ?NET_GetPacket@@YA_NW4netsrc_t@@PAUnetadr_t@@PAVsizebuf_t@@@Z 004376bb f   net_wins.obj
 0001:0003683a       ?NET_SendPacket@@YAXW4netsrc_t@@HPAXUnetadr_t@@@Z 0043783a f   net_wins.obj
 0001:00036958       ?NET_Config@@YAX_N@Z       00437958 f   net_wins.obj
 0001:00036b33       ?NET_Init@@YAXXZ           00437b33 f   net_wins.obj
 0001:00036be6       ?SNDDMA_Init@@YA_NXZ       00437be6 f   snd_win.obj
 0001:00037231       ?SNDDMA_GetDMAPos@@YAHXZ   00438231 f   snd_win.obj
 0001:0003727b       ?SNDDMA_BeginPainting@@YAXXZ 0043827b f   snd_win.obj
 0001:0003739a       ?SNDDMA_Submit@@YAXXZ      0043839a f   snd_win.obj
 0001:000373bf       ?SNDDMA_Shutdown@@YAXXZ    004383bf f   snd_win.obj
 0001:000373c4       ?S_Activate@@YAX_N@Z       004383c4 f   snd_win.obj
 0001:00037417       ?Write@COutputDeviceWin32Console@@UAEXPBD@Z 00438417 f i sys_win.obj
 0001:0003748f       ?EraseInput@COutputDeviceWin32Console@@QAEXXZ 0043848f f i sys_win.obj
 0001:00037515       ??_GCOutputDeviceWin32Console@@UAEPAXI@Z 00438515 f i sys_win.obj
 0001:00037515       ??_ECOutputDeviceWin32Console@@UAEPAXI@Z 00438515 f i sys_win.obj
 0001:00037535       ?Sys_ConsoleInput@@YAPADXZ 00438535 f   sys_win.obj
 0001:000377be       ?Sys_ProcessMessages@@YAXXZ 004387be f   sys_win.obj
 0001:00037877       _WinMain@16                00438877 f   sys_win.obj
 0001:00037b74       ??_ECOutputDeviceCon@@UAEPAXI@Z 00438b74 f i sys_win.obj
 0001:00037b74       ??_GCOutputDeviceCon@@UAEPAXI@Z 00438b74 f i sys_win.obj
 0001:00037c1c       ?Init@COutputDeviceWin32Console@@QAEXXZ 00438c1c f i sys_win.obj
 0001:00037c46       ?AddMsgHook@@YAXP6A_NIIJ@Z@Z 00438c46 f   vid_dll.obj
 0001:00037c8d       ?RemoveMsgHook@@YAXP6A_NIIJ@Z@Z 00438c8d f   vid_dll.obj
 0001:00037cc0       ?Vid_CreateWindow@@YAPAXHH_N@Z 00438cc0 f   vid_dll.obj
 0001:000383e2       ?Vid_DestroyWindow@@YAX_N@Z 004393e2 f   vid_dll.obj
 0001:00038421       ?Vid_Restart@@YAXXZ        00439421 f   vid_dll.obj
 0001:0003842d       ?Vid_GetModeInfo@@YA_NPAH0H@Z 0043942d f   vid_dll.obj
 0001:0003845f       ?Vid_Tick@@YAXXZ           0043945f f   vid_dll.obj
 0001:00038610       ?Vid_Init@@YAXXZ           00439610 f   vid_dll.obj
 0001:000386b3       ?Vid_Shutdown@@YAXXZ       004396b3 f   vid_dll.obj
 0001:000386d2       ?Tesselate@surfacePlanar_t@OpenGLDrv@@UAEXAAUrefEntity_t@2@@Z 004396d2 f   gl_backend.obj
 0001:0003af58       ?Tesselate@surfacePoly_t@OpenGLDrv@@UAEXAAUrefEntity_t@2@@Z 0043bf58 f   gl_backend.obj
 0001:0003b05f       ?Tesselate@surfaceMd3_t@OpenGLDrv@@UAEXAAUrefEntity_t@2@@Z 0043c05f f   gl_backend.obj
 0001:0003b3ee       ?DrawTriangles@OpenGLDrv@@YA_NXZ 0043c3ee f   gl_backend.obj
 0001:0003b503       ?DrawNormals@OpenGLDrv@@YA_NXZ 0043c503 f   gl_backend.obj
 0001:0003b60d       ?Tesselate@surfaceEntity_t@OpenGLDrv@@UAEXAAUrefEntity_t@2@@Z 0043c60d f   gl_backend.obj
 0001:0003b6f1       ?Tesselate@surfaceParticle_t@OpenGLDrv@@UAEXAAUrefEntity_t@2@@Z 0043c6f1 f   gl_backend.obj
 0001:0003b941       ?BK_DrawScene@OpenGLDrv@@YAXXZ 0043c941 f   gl_backend.obj
 0001:0003c08d       ?BK_DrawPic@OpenGLDrv@@YAXPAVshader_t@1@HHHHMMMMIE@Z 0043d08d f   gl_backend.obj
 0001:0003c26e       ?BK_DrawText@OpenGLDrv@@YAXPBDHHHHHI@Z 0043d26e f   gl_backend.obj
 0001:0003c463       ?BK_BeginFrame@OpenGLDrv@@YAXXZ 0043d463 f   gl_backend.obj
 0001:0003c4c7       ?BK_EndFrame@OpenGLDrv@@YAXXZ 0043d4c7 f   gl_backend.obj
 0001:0003c506       ?BK_Init@OpenGLDrv@@YAXXZ  0043d506 f   gl_backend.obj
 0001:0003c535       ?BK_Shutdown@OpenGLDrv@@YAXXZ 0043d535 f   gl_backend.obj
 0001:0003c54d       ?AllocDynamicMemory@OpenGLDrv@@YAPAXH@Z 0043d54d f   gl_buffers.obj
 0001:0003c5bb       ?ResizeDynamicMemory@OpenGLDrv@@YAXPAXH@Z 0043d5bb f   gl_buffers.obj
 0001:0003c5ff       ?AddSurfaceToPortal@OpenGLDrv@@YAXPAVsurfaceBase_t@1@PAVshader_t@1@HH@Z 0043d5ff f   gl_buffers.obj
 0001:0003c670       ?InsertShaderIndex@OpenGLDrv@@YAXH@Z 0043d670 f   gl_buffers.obj
 0001:0003c6ac       ?ClearPortal@OpenGLDrv@@YAXXZ 0043d6ac f   gl_buffers.obj
 0001:0003c6ca       ?SortSurfaces@OpenGLDrv@@YAXPAUviewPortal_t@1@PAPAUsurfaceInfo_t@1@@Z 0043d6ca f   gl_buffers.obj
 0001:0003c85c       ?ClearBuffers@OpenGLDrv@@YAXXZ 0043d85c f   gl_buffers.obj
 0001:0003c873       ?CreateBuffers@OpenGLDrv@@YAXXZ 0043d873 f   gl_buffers.obj
 0001:0003c899       ?FreeBuffers@OpenGLDrv@@YAXXZ 0043d899 f   gl_buffers.obj
 0001:0003c8bd       ?InitEntity@model_t@OpenGLDrv@@UAE_NPAUentity_t@@PAUrefEntity_t@2@@Z 0043d8bd f   gl_frontend.obj
 0001:0003c8c2       ?AddSurfaces@model_t@OpenGLDrv@@UAEXPAUrefEntity_t@2@@Z 0043d8c2 f   gl_frontend.obj
 0001:0003c8f3       ?GetLeaf@model_t@OpenGLDrv@@UAEPAUnode_t@2@PAUrefEntity_t@2@@Z 0043d8f3 f   gl_frontend.obj
 0001:0003c907       ?DrawLabel@model_t@OpenGLDrv@@UAEXPAUrefEntity_t@2@@Z 0043d907 f   gl_frontend.obj
 0001:0003c90a       ?InitEntity@inlineModel_t@OpenGLDrv@@UAE_NPAUentity_t@@PAUrefEntity_t@2@@Z 0043d90a f   gl_frontend.obj
 0001:0003c95c       ?AddSurfaces@inlineModel_t@OpenGLDrv@@UAEXPAUrefEntity_t@2@@Z 0043d95c f   gl_frontend.obj
 0001:0003ce4b       ?GetLeaf@inlineModel_t@OpenGLDrv@@UAEPAUnode_t@2@PAUrefEntity_t@2@@Z 0043de4b f   gl_frontend.obj
 0001:0003cff3       ?DrawLabel@inlineModel_t@OpenGLDrv@@UAEXPAUrefEntity_t@2@@Z 0043dff3 f   gl_frontend.obj
 0001:0003d03c       ?InitEntity@md3Model_t@OpenGLDrv@@UAE_NPAUentity_t@@PAUrefEntity_t@2@@Z 0043e03c f   gl_frontend.obj
 0001:0003d21a       ?AddSurfaces@md3Model_t@OpenGLDrv@@UAEXPAUrefEntity_t@2@@Z 0043e21a f   gl_frontend.obj
 0001:0003d354       ?GetLeaf@md3Model_t@OpenGLDrv@@UAEPAUnode_t@2@PAUrefEntity_t@2@@Z 0043e354 f   gl_frontend.obj
 0001:0003d38f       ?DrawLabel@md3Model_t@OpenGLDrv@@UAEXPAUrefEntity_t@2@@Z 0043e38f f   gl_frontend.obj
 0001:0003d3f8       ?InitEntity@sprModel_t@OpenGLDrv@@UAE_NPAUentity_t@@PAUrefEntity_t@2@@Z 0043e3f8 f   gl_frontend.obj
 0001:0003d41b       ?AddSurfaces@sprModel_t@OpenGLDrv@@UAEXPAUrefEntity_t@2@@Z 0043e41b f   gl_frontend.obj
 0001:0003d59e       ?GetLeaf@sprModel_t@OpenGLDrv@@UAEPAUnode_t@2@PAUrefEntity_t@2@@Z 0043e59e f   gl_frontend.obj
 0001:0003d682       ?AddEntity@OpenGLDrv@@YAXPAUentity_t@@@Z 0043e682 f   gl_frontend.obj
 0001:0003d811       ?AddDlight@OpenGLDrv@@YAXPAUdlight_t@@@Z 0043e811 f   gl_frontend.obj
 0001:0003d9c9       ?DrawPortal@OpenGLDrv@@YAXXZ 0043e9c9 f   gl_frontend.obj
 0001:0003fa45       ?GL_TextureMode@OpenGLDrv@@YAXPBD@Z 00440a45 f   gl_image.obj
 0001:0003faf0       ?CreateImage@OpenGLDrv@@YAPAVimage_t@1@PBDPAXHHI@Z 00440af0 f   gl_image.obj
 0001:00040894       ?CreateImage8@OpenGLDrv@@YAPAVimage_t@1@PBDPAXHHIPAI@Z 00441894 f   gl_image.obj
 0001:00040973       ?LoadDelayedImages@OpenGLDrv@@YAXXZ 00441973 f   gl_image.obj
 0001:00040a06       ?DrawStretchRaw8@OpenGLDrv@@YAXHHHHHHPAEPAI@Z 00441a06 f   gl_image.obj
 0001:00040d39       ?SetupGamma@OpenGLDrv@@YAXXZ 00441d39 f   gl_image.obj
 0001:00040e7f       ?PerformScreenshot@OpenGLDrv@@YAXXZ 00441e7f f   gl_image.obj
 0001:000410f0       ?InitImages@OpenGLDrv@@YAXXZ 004420f0 f   gl_image.obj
 0001:000418c9       ?ShutdownImages@OpenGLDrv@@YAXXZ 004428c9 f   gl_image.obj
 0001:00041930       ?ShowImages@OpenGLDrv@@YAXXZ 00442930 f   gl_image.obj
 0001:00041bbc       ?FindImage@OpenGLDrv@@YAPAVimage_t@1@PBDI@Z 00442bbc f   gl_image.obj
 0001:00041f29       ?GL_Lock@OpenGLDrv@@YAXXZ  00442f29 f   gl_interface.obj
 0001:00041fa1       ?GL_Unlock@OpenGLDrv@@YAXXZ 00442fa1 f   gl_interface.obj
 0001:00042163       ?GL_Bind@OpenGLDrv@@YAXPBVimage_t@1@@Z 00443163 f   gl_interface.obj
 0001:000422f0       ?GL_BindForce@OpenGLDrv@@YAXPBVimage_t@1@@Z 004432f0 f   gl_interface.obj
 0001:00042388       ?GL_TexEnv@OpenGLDrv@@YAXI@Z 00443388 f   gl_interface.obj
 0001:00042507       ?GL_TexMipBias@OpenGLDrv@@YAXM@Z 00443507 f   gl_interface.obj
 0001:00042563       ?GL_TexEnvColor@OpenGLDrv@@YAXPBTcolor_t@@@Z 00443563 f   gl_interface.obj
 0001:00042613       ?GL_SelectTexture@OpenGLDrv@@YAXH@Z 00443613 f   gl_interface.obj
 0001:00042676       ?GL_TexCoordPointer@OpenGLDrv@@YAXPAX@Z 00443676 f   gl_interface.obj
 0001:000426a9       ?GL_SetMultitexture@OpenGLDrv@@YAXH@Z 004436a9 f   gl_interface.obj
 0001:0004279a       ?GL_DisableTexCoordArrays@OpenGLDrv@@YAXXZ 0044379a f   gl_interface.obj
 0001:000427ee       ?GL_CullFace@OpenGLDrv@@YAXW4gl_cullMode_t@1@@Z 004437ee f   gl_interface.obj
 0001:00042842       ?GL_DepthRange@OpenGLDrv@@YAXW4gl_depthMode_t@1@@Z 00443842 f   gl_interface.obj
 0001:00042878       ?GL_State@OpenGLDrv@@YAXI@Z 00443878 f   gl_interface.obj
 0001:000429c8       ?GL_EnableFog@OpenGLDrv@@YAX_N@Z 004439c8 f   gl_interface.obj
 0001:00042aa2       ?GL_SetDefaultState@OpenGLDrv@@YAXXZ 00443aa2 f   gl_interface.obj
 0001:00042bf9       ?GL_Set2DMode@OpenGLDrv@@YAXXZ 00443bf9 f   gl_interface.obj
 0001:00042cf4       ?GL_Set3DMode@OpenGLDrv@@YAXPAUviewPortal_t@1@@Z 00443cf4 f   gl_interface.obj
 0001:00042ddf       ?ShowLights@OpenGLDrv@@YAXXZ 00443ddf f   gl_light.obj
 0001:000431c8       ?LightForEntity@OpenGLDrv@@YAXPAUrefEntity_t@1@@Z 004441c8 f   gl_light.obj
 0001:00044463       ?DiffuseLight@OpenGLDrv@@YAXPATcolor_t@@M@Z 00445463 f   gl_light.obj
 0001:000446af       ?InitLightGrid@OpenGLDrv@@YAXXZ 004456af f   gl_light.obj
 0001:00044755       ?PostLoadLights@OpenGLDrv@@YAXXZ 00445755 f   gl_light.obj
 0001:000449ef       ?LM_Init@OpenGLDrv@@YAXXZ  004459ef f   gl_lightmap.obj
 0001:00044a05       ?LM_Flush@OpenGLDrv@@YAXPAUlightmapBlock_t@1@@Z 00445a05 f   gl_lightmap.obj
 0001:00044a65       ?LM_Done@OpenGLDrv@@YAXXZ  00445a65 f   gl_lightmap.obj
 0001:00044a8c       ?LM_Save@OpenGLDrv@@YAXPAUlightmapBlock_t@1@@Z 00445a8c f   gl_lightmap.obj
 0001:00044aa7       ?LM_Restore@OpenGLDrv@@YAXPAUlightmapBlock_t@1@@Z 00445aa7 f   gl_lightmap.obj
 0001:00044ac2       ?LM_NewBlock@OpenGLDrv@@YAPAUlightmapBlock_t@1@XZ 00445ac2 f   gl_lightmap.obj
 0001:00044b21       ?LM_Rewind@OpenGLDrv@@YAXXZ 00445b21 f   gl_lightmap.obj
 0001:00044b29       ?LM_NextBlock@OpenGLDrv@@YAPAUlightmapBlock_t@1@XZ 00445b29 f   gl_lightmap.obj
 0001:00044b56       ?LM_CheckMinlight@OpenGLDrv@@YAXPAUdynamicLightmap_t@1@@Z 00445b56 f   gl_lightmap.obj
 0001:00044bec       ?LM_AllocBlock@OpenGLDrv@@YA_NPAUlightmapBlock_t@1@PAUdynamicLightmap_t@1@@Z 00445bec f   gl_lightmap.obj
 0001:00044d12       ?LM_PutBlock@OpenGLDrv@@YAXPAUdynamicLightmap_t@1@@Z 00445d12 f   gl_lightmap.obj
 0001:00045186       ?LM_PutBlock1@OpenGLDrv@@YAXPAUdynamicLightmap_t@1@@Z 00446186 f   gl_lightmap.obj
 0001:000452d7       ?LM_SortLightStyles@OpenGLDrv@@YAXPAUdynamicLightmap_t@1@@Z 004462d7 f   gl_lightmap.obj
 0001:00045369       ?UpdateDynamicLightmap@OpenGLDrv@@YAXPAVsurfacePlanar_t@1@_NI@Z 00446369 f   gl_lightmap.obj
 0001:00045baf       ?LM_IsMonotone@OpenGLDrv@@YA_NPAUdynamicLightmap_t@1@PATcolor_t@@@Z 00446baf f   gl_lightmap.obj
 0001:00045cb6       ?Init@OpenGLDrv@@YA_NXZ    00446cb6 f   gl_main.obj
 0001:000463a9       ?Shutdown@OpenGLDrv@@YAX_N@Z 004473a9 f   gl_main.obj
 0001:00046432       ?GL_EnableRendering@OpenGLDrv@@YAX_N@Z 00447432 f   gl_main.obj
 0001:00046450       ?BeginFrame@OpenGLDrv@@YAXN@Z 00447450 f   gl_main.obj
 0001:0004657d       ?EndFrame@OpenGLDrv@@YAXXZ 0044757d f   gl_main.obj
 0001:00046595       ?RenderFrame@OpenGLDrv@@YAXPAUrefdef_t@@@Z 00447595 f   gl_main.obj
 0001:00046e5d       ?Fill8@OpenGLDrv@@YAXHHHHH@Z 00447e5d f   gl_main.obj
 0001:00046ea0       ?Fill@OpenGLDrv@@YAXHHHHI@Z 00447ea0 f   gl_main.obj
 0001:00046edc       ?TileClear@OpenGLDrv@@YAXHHHHPBD@Z 00447edc f   gl_main.obj
 0001:00046f7d       ?DrawStretchPic@OpenGLDrv@@YAXHHHHPBD@Z 00447f7d f   gl_main.obj
 0001:00046fc2       ?DrawDetailedPic@OpenGLDrv@@YAXHHHHPBD@Z 00447fc2 f   gl_main.obj
 0001:0004706c       ?DrawPic@OpenGLDrv@@YAXHHPBDHH@Z 0044806c f   gl_main.obj
 0001:000470f4       ?LoadNewWorld@OpenGLDrv@@YAXPBD@Z 004480f4 f   gl_main.obj
 0001:00047129       ?DumpLoadStats@OpenGLDrv@@YAXXZ 00448129 f   gl_main.obj
 0001:000471af       ?FinishLoadingWorld@OpenGLDrv@@YAXXZ 004481af f   gl_main.obj
 0001:000471b4       ?RegisterPic@OpenGLDrv@@YAPAVCBasicImage@@PBD@Z 004481b4 f   gl_main.obj
 0001:000471c8       ?RegisterSkin@OpenGLDrv@@YAPAVCBasicImage@@PBD_N@Z 004481c8 f   gl_main.obj
 0001:000471e8       ?RegisterModel@OpenGLDrv@@YAPAVCRenderModel@@PBD@Z 004481e8 f   gl_main.obj
 0001:000471f6       ?SetSky@OpenGLDrv@@YAXPBDMABUCVec3@@@Z 004481f6 f   gl_main.obj
 0001:00047294       ?Screenshot@OpenGLDrv@@YAXHPBD@Z 00448294 f   gl_main.obj
 0001:000472bd       ?GetClientLight@OpenGLDrv@@YAMXZ 004482bd f   gl_main.obj
 0001:000472c4       ?InitFuncTables@OpenGLDrv@@YAXXZ 004482c4 f   gl_math.obj
 0001:0004746a       ?BuildRotationAxis@OpenGLDrv@@YAXAAUCAxis@@ABUCVec3@@M@Z 0044846a f   gl_math.obj
 0001:00047561       ?GetBoxRect@OpenGLDrv@@YA_NPBUrefEntity_t@1@ABUCVec3@@QAM2_N@Z 00448561 f   gl_math.obj
 0001:0004786b       ?ProjectToScreen@OpenGLDrv@@YA_NABUCVec3@@QAH@Z 0044886b f   gl_math.obj
 0001:000479ae       ?SaturateColor3f@OpenGLDrv@@YAXAAUCVec3@@@Z 004489ae f   gl_math.obj
 0001:00047a9e       ?SaturateColor4b@OpenGLDrv@@YAXPATcolor_t@@@Z 00448a9e f   gl_math.obj
 0001:00047bac       ?SubdividePlane@OpenGLDrv@@YAHPAPAUCVec3@@HM@Z 00448bac f   gl_poly.obj
 0001:0004808b       ?FreeSubdividedPlane@OpenGLDrv@@YAXXZ 0044908b f   gl_poly.obj
 0001:000480a3       ?GetSubdivideIndexes@OpenGLDrv@@YAXPAH@Z 004490a3 f   gl_poly.obj
 0001:000480f9       ?RemoveCollinearPoints@OpenGLDrv@@YAHPAPAUCVec3@@H@Z 004490f9 f   gl_poly.obj
 0001:000481ef       ?GetPolyArea@OpenGLDrv@@YAMPAPAUCVec3@@H@Z 004491ef f   gl_poly.obj
 0001:00048283       ?InitShaders@OpenGLDrv@@YAXXZ 00449283 f   gl_shader.obj
 0001:0004841e       ?ShutdownShaders@OpenGLDrv@@YAXXZ 0044941e f   gl_shader.obj
 0001:0004845c       ?GetLightmapImage@OpenGLDrv@@YAPAVimage_t@1@H@Z 0044945c f   gl_shader.obj
 0001:00048487       ?SetShaderLightmap@OpenGLDrv@@YAPAVshader_t@1@PAV21@H@Z 00449487 f   gl_shader.obj
 0001:000487a1       ??4shader_t@OpenGLDrv@@QAEAAV01@ABV01@@Z 004497a1 f i gl_shader.obj
 0001:000489dd       ?SetShaderLightstyles@OpenGLDrv@@YAPAVshader_t@1@PAV21@I_N@Z 004499dd f   gl_shader.obj
 0001:00048a8f       ?GetAlphaShader@OpenGLDrv@@YAPAVshader_t@1@PAV21@@Z 00449a8f f   gl_shader.obj
 0001:00048e7c       ?SetShaderAnimFreq@OpenGLDrv@@YAXPAVshader_t@1@H@Z 00449e7c f   gl_shader.obj
 0001:00048ed2       ?FindShader@OpenGLDrv@@YAPAVshader_t@1@PBDI@Z 00449ed2 f   gl_shader.obj
 0001:0004a907       ?GetShaderByNum@OpenGLDrv@@YAPAVshader_t@1@H@Z 0044b907 f   gl_shader.obj
 0001:0004a929       ?ResetShaders@OpenGLDrv@@YAXXZ 0044b929 f   gl_shader.obj
 0001:0004ab14       ?Reload@shader_t@OpenGLDrv@@UAEXXZ 0044bb14 f   gl_shader.obj
 0001:0004ab43       ?Insert@?$TList@VshaderScript_t@OpenGLDrv@@@@QAE_NPAVshaderScript_t@OpenGLDrv@@@Z 0044bb43 f i gl_shader.obj
 0001:0004ab43       ?Insert@?$TList@VCStringItem@@@@QAE_NPAVCStringItem@@@Z 0044bb43 f i gl_shader.obj
 0001:0004ab43       ?Insert@?$TList@VplayerModelInfo_t@@@@QAE_NPAVplayerModelInfo_t@@@Z 0044bb43 f i gl_shader.obj
 0001:0004ab79       ?ClearSky@OpenGLDrv@@YAXXZ 0044bb79 f   gl_sky.obj
 0001:0004abd6       ?AddSkySurface@OpenGLDrv@@YAXPAVsurfacePlanar_t@1@E@Z 0044bbd6 f   gl_sky.obj
 0001:0004b19e       ?DrawSky@OpenGLDrv@@YAXXZ  0044c19e f   gl_sky.obj
 0001:0004b842       ?DrawChar@OpenGLDrv@@YAXHHHH@Z 0044c842 f   gl_text.obj
 0001:0004b89c       ?ClearTexts@OpenGLDrv@@YAXXZ 0044c89c f   gl_text.obj
 0001:0004b8b1       ?FlushTexts@OpenGLDrv@@YAXXZ 0044c8b1 f   gl_text.obj
 0001:0004b95d       ?DrawTextPos@OpenGLDrv@@YAXHHPBDI@Z 0044c95d f   gl_text.obj
 0001:0004b989       ?DrawTextLeft@OpenGLDrv@@YAXPBDI@Z 0044c989 f   gl_text.obj
 0001:0004ba11       ?DrawTextRight@OpenGLDrv@@YAXPBDI@Z 0044ca11 f   gl_text.obj
 0001:0004ba5b       ?DrawText3D@OpenGLDrv@@YAXABUCVec3@@PBDI@Z 0044ca5b f   gl_text.obj
 0001:0004ba88       ?InitTexts@OpenGLDrv@@YAXXZ 0044ca88 f   gl_text.obj
 0001:0004baa2       ??0?$TTextContainer@UCRText@OpenGLDrv@@$0BAAAA@@@QAE@XZ 0044caa2 f i gl_text.obj
 0001:0004bac7       ?FindModel@OpenGLDrv@@YAPAVmodel_t@1@PBD@Z 0044cac7 f   gl_model.obj
 0001:0004bca3       ?FreeModels@OpenGLDrv@@YAXXZ 0044cca3 f   gl_model.obj
 0001:0004bd15       ?InitModels@OpenGLDrv@@YAXXZ 0044cd15 f   gl_model.obj
 0001:0004be0b       ?ShutdownModels@OpenGLDrv@@YAXXZ 0044ce0b f   gl_model.obj
 0001:0004be1c       ?LoadWorldMap@OpenGLDrv@@YAXPBD@Z 0044ce1c f   gl_bspmodel.obj
 0001:0004e17f       ?PointInLeaf@OpenGLDrv@@YAPAUnode_t@1@ABUCVec3@@@Z 0044f17f f   gl_bspmodel.obj
 0001:0004e1ca       ?LerpTag@model_t@OpenGLDrv@@UBE_NHHMPBDAAUCCoords@@@Z 0044f1ca f   gl_trimodel.obj
 0001:0004e1d8       ?LerpTag@md3Model_t@OpenGLDrv@@UBE_NHHMPBDAAUCCoords@@@Z 0044f1d8 f   gl_trimodel.obj
 0001:0004e2e8       ?LoadMd2@OpenGLDrv@@YAPAVmd3Model_t@1@PBDPAEI@Z 0044f2e8 f   gl_trimodel.obj
 0001:0004ee7d       ?ATAN2_FUNC@OpenGLDrv@@YAMMM@Z 0044fe7d f i gl_trimodel.obj
 0001:0004f033       ?LoadMd3@OpenGLDrv@@YAPAVmd3Model_t@1@PBDPAEI@Z 00450033 f   gl_trimodel.obj
 0001:0004f514       ?LoadSp2@OpenGLDrv@@YAPAVsprModel_t@1@PBDPAEI@Z 00450514 f   gl_trimodel.obj
 0001:0004f73f       ?LoadSpr@OpenGLDrv@@YAPAVsprModel_t@1@PBDPAEI@Z 0045073f f   gl_trimodel.obj
 0001:00050eb8       ?QGL_Init@OpenGLDrv@@YA_NPBD@Z 00451eb8 f   GLBind.obj
 0001:00050fa4       ?QGL_Shutdown@OpenGLDrv@@YAXXZ 00451fa4 f   GLBind.obj
 0001:00050fe1       ?QGL_InitExtensions@OpenGLDrv@@YAXXZ 00451fe1 f   GLBind.obj
 0001:000514cb       ?QGL_PrintExtensionsString@OpenGLDrv@@YAXPBD00@Z 004524cb f   GLBind.obj
 0001:00051618       ?QGL_EnableLogging@OpenGLDrv@@YAX_N@Z 00452618 f   GLBind.obj
 0001:000516c1       ?QGL_LogMessage@OpenGLDrv@@YAXPBD@Z 004526c1 f   GLBind.obj
 0001:000516da       ?QGL_SwapBuffers@OpenGLDrv@@YAXXZ 004526da f   GLBind.obj
 0001:0005175c       ?GLimp_HasGamma@OpenGLDrv@@YA_NXZ 0045275c f   gl_win.obj
 0001:00051770       ?GLimp_SetGamma@OpenGLDrv@@YAXM@Z 00452770 f   gl_win.obj
 0001:00051916       ?GLimp_SetMode@OpenGLDrv@@YA_NPAI0H_N@Z 00452916 f   gl_win.obj
 0001:00051ced       ?GLimp_Shutdown@OpenGLDrv@@YAX_N@Z 00452ced f   gl_win.obj
 0001:00051d9d       ?AppActivate@OpenGLDrv@@YAX_N@Z 00452d9d f   gl_win.obj
 0001:00051e10       _jpeg_CreateDecompress     00452e10 f   libs:jdapimin.obj
 0001:00051ed0       _jpeg_read_header          00452ed0 f   libs:jdapimin.obj
 0001:00051f32       _jpeg_consume_input        00452f32 f   libs:jdapimin.obj
 0001:00052181       _jpeg_finish_decompress    00453181 f   libs:jdapimin.obj
 0001:00052218       _jpeg_start_decompress     00453218 f   libs:jdapistd.obj
 0001:00052385       _jpeg_read_scanlines       00453385 f   libs:jdapistd.obj
 0001:00052409       _jpeg_resync_to_restart    00453409 f   libs:jdmarker.obj
 0001:000525ce       _jinit_marker_reader       004535ce f   libs:jdmarker.obj
 0001:00053a99       _jpeg_CreateCompress       00454a99 f   libs:jcapimin.obj
 0001:00053b4d       _jpeg_destroy_decompress   00454b4d f   libs:jcapimin.obj
 0001:00053b4d       _jpeg_destroy_compress     00454b4d f   libs:jcapimin.obj
 0001:00053b58       _jpeg_suppress_tables      00454b58 f   libs:jcapimin.obj
 0001:00053ba2       _jpeg_finish_compress      00454ba2 f   libs:jcapimin.obj
 0001:00053c8c       _jpeg_start_compress       00454c8c f   libs:jcapistd.obj
 0001:00053cf8       _jpeg_write_scanlines      00454cf8 f   libs:jcapistd.obj
 0001:00053da3       _jpeg_add_quant_table      00454da3 f   libs:jcparam.obj
 0001:00053e55       _jpeg_quality_scaling      00454e55 f   libs:jcparam.obj
 0001:00053e7c       _jpeg_set_quality          00454e7c f   libs:jcparam.obj
 0001:00053eb6       _jpeg_set_defaults         00454eb6 f   libs:jcparam.obj
 0001:0005407c       _jpeg_default_colorspace   0045507c f   libs:jcparam.obj
[...]
 0001:00062fce       _process_restart           00463fce f   libs:jddiffct.obj
 0001:00060fee       _dummy_consume_data        00461fee f   libs:jdcoefct.obj
 0001:00063003       _consume_data              00464003 f   libs:jddiffct.obj
 0001:0006307a       _output_data               0046407a f   libs:jddiffct.obj
 0001:00062b01       _start_pass                00463b01 f   libs:jddctmgr.obj
 0001:00061f53       _start_pass_phuff_decoder  00462f53 f   libs:jdphuff.obj
 0001:0006219c       _decode_mcu_DC_first       0046319c f   libs:jdphuff.obj
 0001:00062394       _process_restart           00463394 f   libs:jdphuff.obj
 0001:00062403       _decode_mcu_AC_first       00463403 f   libs:jdphuff.obj
 0001:00062623       _decode_mcu_DC_refine      00463623 f   libs:jdphuff.obj
 0001:000626f8       _decode_mcu_AC_refine      004636f8 f   libs:jdphuff.obj
 0001:0006199a       _start_pass_huff_decoder   0046299a f   libs:jdshuff.obj
 0001:00061ad2       _decode_mcu                00462ad2 f   libs:jdshuff.obj
 0001:00061e82       _process_restart           00462e82 f   libs:jdshuff.obj
 0001:00060d80       _start_input_pass          00461d80 f   libs:jdcoefct.obj
 0001:00060d93       _start_iMCU_row            00461d93 f   libs:jdcoefct.obj
 0001:00060dd8       _start_output_pass         00461dd8 f   libs:jdcoefct.obj
 0001:00060e15       _decompress_onepass        00461e15 f   libs:jdcoefct.obj
 0001:00060fee       _dummy_consume_data        00461fee f   libs:jdcoefct.obj
 0001:00060ff1       _consume_data              00461ff1 f   libs:jdcoefct.obj
 0001:000611aa       _decompress_data           004621aa f   libs:jdcoefct.obj
 0001:00061316       _smoothing_ok              00462316 f   libs:jdcoefct.obj
 0001:00061401       _decompress_smooth_data    00462401 f   libs:jdcoefct.obj
 0001:00060c19       _scaler_start_pass         00461c19 f   libs:jcscale.obj
 0001:00060c3c       _simple_downscale          00461c3c f   libs:jcscale.obj
 0001:00060c68       _noscale                   00461c68 f   libs:jcscale.obj
 0001:00060711       _start_pass                00461711 f   libs:jcpred.obj
 0001:00060769       _reset_predictor           00461769 f   libs:jcpred.obj
 0001:00060796       _jpeg_difference_first_row 00461796 f   libs:jcpred.obj
 0001:00060880       _jpeg_difference1          00461880 f   libs:jcpred.obj
 0001:000608ee       _jpeg_difference2          004618ee f   libs:jcpred.obj
 0001:0006095f       _jpeg_difference3          0046195f f   libs:jcpred.obj
 0001:000609d7       _jpeg_difference4          004619d7 f   libs:jcpred.obj
 0001:00060a62       _jpeg_difference5          00461a62 f   libs:jcpred.obj
 0001:00060af5       _jpeg_difference6          00461af5 f   libs:jcpred.obj
 0001:00060b84       _jpeg_difference7          00461b84 f   libs:jcpred.obj
 0001:00060003       _start_pass_huff           00461003 f   libs:jclhuff.obj
 0001:000601a0       _encode_mcus_huff          004611a0 f   libs:jclhuff.obj
 0001:0006038b       _emit_bits                 0046138b f   libs:jclhuff.obj
 0001:0006042e       _dump_buffer               0046142e f   libs:jclhuff.obj
 0001:00060452       _emit_restart              00461452 f   libs:jclhuff.obj
 0001:0006049d       _flush_bits                0046149d f   libs:jclhuff.obj
 0001:000604c1       _finish_pass_huff          004614c1 f   libs:jclhuff.obj
 0001:0006052e       _encode_mcus_gather        0046152e f   libs:jclhuff.obj
 0001:00060657       _finish_pass_gather        00461657 f   libs:jclhuff.obj
 0001:0005ece6       _need_optimization_pass    0045fce6 f   libs:jcshuff.obj
 0001:0005fbe1       _start_pass_diff           00460be1 f   libs:jcdiffct.obj
 0001:0005fc7f       _start_iMCU_row            00460c7f f   libs:jcdiffct.obj
 0001:0005fcc1       _compress_data             00460cc1 f   libs:jcdiffct.obj
 0001:0005fe57       _compress_first_pass       00460e57 f   libs:jcdiffct.obj
 0001:0005ff4c       _compress_output           00460f4c f   libs:jcdiffct.obj
 0001:0005f7f4       _start_pass_fdctmgr        004607f4 f   libs:jcdctmgr.obj
 0001:0005f8f6       _forward_DCT_float         004608f6 f   libs:jcdctmgr.obj
 0001:0005ed29       _start_pass_phuff          0045fd29 f   libs:jcphuff.obj
 0001:0005ee96       _encode_mcu_DC_first       0045fe96 f   libs:jcphuff.obj
 0001:0005efc8       _emit_bits                 0045ffc8 f   libs:jcphuff.obj
 0001:0005f073       _dump_buffer               00460073 f   libs:jcphuff.obj
 0001:0005f0ab       _emit_symbol               004600ab f   libs:jcphuff.obj
 0001:0005f0eb       _emit_restart              004600eb f   libs:jcphuff.obj
 0001:0005f174       _emit_eobrun               00460174 f   libs:jcphuff.obj
 0001:0005f1fa       _encode_mcu_AC_first       004601fa f   libs:jcphuff.obj
 0001:0005f38e       _encode_mcu_DC_refine      0046038e f   libs:jcphuff.obj
 0001:0005f448       _encode_mcu_AC_refine      00460448 f   libs:jcphuff.obj
 0001:0005f65f       _finish_pass_phuff         0046065f f   libs:jcphuff.obj
 0001:0005f6ae       _finish_pass_gather_phuff  004606ae f   libs:jcphuff.obj
 0001:0005f771       _need_optimization_pass    00460771 f   libs:jcphuff.obj
 0001:0005e4c1       _start_pass_huff           0045f4c1 f   libs:jcshuff.obj
 0001:0005e636       _encode_mcu_huff           0045f636 f   libs:jcshuff.obj
 0001:0005e741       _encode_one_block          0045f741 f   libs:jcshuff.obj
 0001:0005e8b8       _emit_bits                 0045f8b8 f   libs:jcshuff.obj
 0001:0005e95b       _dump_buffer               0045f95b f   libs:jcshuff.obj
 0001:0005e97f       _emit_restart              0045f97f f   libs:jcshuff.obj
 0001:0005e9ec       _flush_bits                0045f9ec f   libs:jcshuff.obj
 0001:0005ea10       _finish_pass_huff          0045fa10 f   libs:jcshuff.obj
 0001:0005ea7f       _encode_mcu_gather         0045fa7f f   libs:jcshuff.obj
 0001:0005eb35       _htest_one_block           0045fb35 f   libs:jcshuff.obj
 0001:0005ebfc       _finish_pass_gather        0045fbfc f   libs:jcshuff.obj
 0001:0005ece6       _need_optimization_pass    0045fce6 f   libs:jcshuff.obj
 0001:0005de94       _start_pass_coef           0045ee94 f   libs:jccoefct.obj
 0001:0005fc7f       _start_iMCU_row            00460c7f f   libs:jcdiffct.obj
 0001:0005df29       _compress_data             0045ef29 f   libs:jccoefct.obj
 0001:0005e110       _compress_first_pass       0045f110 f   libs:jccoefct.obj
 0001:0005e2f6       _compress_output           0045f2f6 f   libs:jccoefct.obj
 0001:0005ddac       _calc_output_dimensions    0045edac f   libs:jdlossls.obj
 0001:0005ddbd       _start_input_pass          0045edbd f   libs:jdlossls.obj
 0001:0005daeb       _calc_output_dimensions    0045eaeb f   libs:jdlossy.obj
 0001:0005dc5e       _start_input_pass          0045ec5e f   libs:jdlossy.obj
 0001:0005dc7e       _latch_quant_tables        0045ec7e f   libs:jdlossy.obj
 0001:0005dd16       _start_output_pass         0045ed16 f   libs:jdlossy.obj
 0001:0005da3a       _start_pass                0045ea3a f   libs:jclossls.obj
 0001:0005d9a6       _start_pass                0045e9a6 f   libs:jclossy.obj
 0001:0005cefb       _initial_setup             0045defb f   libs:jcmaster.obj
 0001:0005d0ae       _validate_script           0045e0ae f   libs:jcmaster.obj
 0001:0005d486       _prepare_for_pass          0045e486 f   libs:jcmaster.obj
 0001:0005d5fe       _select_scan_parameters    0045e5fe f   libs:jcmaster.obj
 0001:0005d6ff       _per_scan_setup            0045e6ff f   libs:jcmaster.obj
 0001:0005d8aa       _pass_startup              0045e8aa f   libs:jcmaster.obj
 0001:0005d8d1       _finish_pass_master        0045e8d1 f   libs:jcmaster.obj
 0001:0005c9e7       _rgb_ycc_start             0045d9e7 f   libs:jccolor.obj
 0001:0005caab       _rgb_ycc_convert           0045daab f   libs:jccolor.obj
 0001:0005cbaa       _rgb_gray_convert          0045dbaa f   libs:jccolor.obj
 0001:0005cc2f       _cmyk_ycck_convert         0045dc2f f   libs:jccolor.obj
 0001:0005cd67       _grayscale_convert         0045dd67 f   libs:jccolor.obj
 0001:0005cdc1       _null_convert              0045ddc1 f   libs:jccolor.obj
 0001:0002d691       _null_method               0042e691 f   images.obj
 0001:0002d691       _start_pass_downsample     0042e691 f   images.obj
 0001:0005c133       _sep_downsample            0045d133 f   libs:jcsample.obj
 0001:0005c1a8       _int_downsample            0045d1a8 f   libs:jcsample.obj
 0001:0005c2a0       _expand_right_edge         0045d2a0 f   libs:jcsample.obj
 0001:0005c2f5       _fullsize_downsample       0045d2f5 f   libs:jcsample.obj
 0001:0005c339       _h2v1_downsample           0045d339 f   libs:jcsample.obj
 0001:0005c3cd       _h2v2_downsample           0045d3cd f   libs:jcsample.obj
 0001:0005c47a       _h2v2_smooth_downsample    0045d47a f   libs:jcsample.obj
 0001:0005c6f2       _fullsize_smooth_downsample 0045d6f2 f   libs:jcsample.obj
 0001:0005bb2f       _start_pass_prep           0045cb2f f   libs:jcprepct.obj
 0001:0005bb6d       _pre_process_data          0045cb6d f   libs:jcprepct.obj
 0001:0005bd1b       _pre_process_context       0045cd1b f   libs:jcprepct.obj
 0001:0005bed4       _create_context_buffer     0045ced4 f   libs:jcprepct.obj
 0001:0005b9a7       _start_pass_main           0045c9a7 f   libs:jcmainct.obj
 0001:0005b9e9       _process_data_simple_main  0045c9e9 f   libs:jcmainct.obj
 0001:0005af7d       _create_colormap           0045bf7d f   libs:jquant1.obj
 0001:0005b0af       _select_ncolors            0045c0af f   libs:jquant1.obj
 0001:0005b186       _create_colorindex         0045c186 f   libs:jquant1.obj
 0001:0005b2b2       _alloc_fs_workspace        0045c2b2 f   libs:jquant1.obj
 0001:0005b2ee       _start_pass_1_quant        0045c2ee f   libs:jquant1.obj
 0001:0005b3ba       _create_odither_tables     0045c3ba f   libs:jquant1.obj
 0001:0005b419       _make_odither_array        0045c419 f   libs:jquant1.obj
 0001:0005b47c       _color_quantize            0045c47c f   libs:jquant1.obj
 0001:0005b507       _color_quantize3           0045c507 f   libs:jquant1.obj
 0001:0005b595       _quantize_ord_dither       0045c595 f   libs:jquant1.obj
 0001:0005b680       _quantize3_ord_dither      0045c680 f   libs:jquant1.obj
 0001:0005b780       _quantize_fs_dither        0045c780 f   libs:jquant1.obj
 0001:0002d691       _finish_pass_1_quant       0042e691 f   images.obj
 0001:0005b904       _new_color_map_1_quant     0045c904 f   libs:jquant1.obj
 0001:00059f3e       _init_error_limit          0045af3e f   libs:jquant2.obj
 0001:00059fdd       _start_pass_2_quant        0045afdd f   libs:jquant2.obj
 0001:0005a0df       _prescan_quantize          0045b0df f   libs:jquant2.obj
 0001:0005a14e       _pass2_no_dither           0045b14e f   libs:jquant2.obj
 0001:0005a1fb       _fill_inverse_cmap         0045b1fb f   libs:jquant2.obj
 0001:0005a2c6       _find_nearby_colors        0045b2c6 f   libs:jquant2.obj
 0001:0005a46a       _find_best_colors          0045b46a f   libs:jquant2.obj
 0001:0005a584       _pass2_fs_dither           0045b584 f   libs:jquant2.obj
 0001:0005a7f3       _finish_pass1              0045b7f3 f   libs:jquant2.obj
 0001:0005a815       _select_colors             0045b815 f   libs:jquant2.obj
 0001:0005a8a1       _update_box                0045b8a1 f   libs:jquant2.obj
 0001:0005ac3b       _median_cut                0045bc3b f   libs:jquant2.obj
 0001:0005ad4f       _find_biggest_color_pop    0045bd4f f   libs:jquant2.obj
 0001:0005ad7e       _find_biggest_volume       0045bd7e f   libs:jquant2.obj
 0001:0005ada7       _compute_color             0045bda7 f   libs:jquant2.obj
 0001:0002d691       _finish_pass2              0042e691 f   images.obj
 0001:0005aee3       _new_color_map_2_quant     0045bee3 f   libs:jquant2.obj
 0001:00059955       _build_ycc_rgb_table       0045a955 f   libs:jdmerge.obj
 0001:00059a05       _start_pass_merged_upsample 0045aa05 f   libs:jdmerge.obj
 0001:00059a1a       _merged_2v_upsample        0045aa1a f   libs:jdmerge.obj
 0001:00059ac1       _merged_1v_upsample        0045aac1 f   libs:jdmerge.obj
 0001:00059af2       _h2v1_merged_upsample      0045aaf2 f   libs:jdmerge.obj
 0001:00059c48       _h2v2_merged_upsample      0045ac48 f   libs:jdmerge.obj
 0001:000594f9       _build_ycc_rgb_table       0045a4f9 f   libs:jdcolor.obj
 0001:000595a9       _ycc_rgb_convert           0045a5a9 f   libs:jdcolor.obj
 0001:000596b7       _null_convert              0045a6b7 f   libs:jdcolor.obj
 0001:0005972f       _grayscale_convert         0045a72f f   libs:jdcolor.obj
 0001:00059752       _gray_rgb_convert          0045a752 f   libs:jdcolor.obj
 0001:000597ab       _ycck_cmyk_convert         0045a7ab f   libs:jdcolor.obj
 0001:0002d691       _start_pass_dcolor         0042e691 f   images.obj
 0001:00058f5a       _start_pass_upsample       00459f5a f   libs:jdsample.obj
 0001:00058f74       _sep_upsample              00459f74 f   libs:jdsample.obj
 0001:00059041       _fullsize_upsample         0045a041 f   libs:jdsample.obj
 0001:0005904c       _noop_upsample             0045a04c f   libs:jdsample.obj
 0001:00059054       _int_upsample              0045a054 f   libs:jdsample.obj
 0001:0005913e       _h2v1_upsample             0045a13e f   libs:jdsample.obj
 0001:00059195       _h2v2_upsample             0045a195 f   libs:jdsample.obj
 0001:00059207       _h2v1_fancy_upsample       0045a207 f   libs:jdsample.obj
 0001:000592aa       _h2v2_fancy_upsample       0045a2aa f   libs:jdsample.obj
 0001:00058b63       _start_pass_dpost          00459b63 f   libs:jdpostct.obj
 0001:00058c09       _post_process_1pass        00459c09 f   libs:jdpostct.obj
 0001:00058c6e       _post_process_prepass      00459c6e f   libs:jdpostct.obj
 0001:00058cff       _post_process_2pass        00459cff f   libs:jdpostct.obj
 0001:0005856a       _alloc_funny_pointers      0045956a f   libs:jdmainct.obj
 0001:00058617       _start_pass_main           00459617 f   libs:jdmainct.obj
 0001:0005867f       _make_funny_pointers       0045967f f   libs:jdmainct.obj
 0001:000587bf       _process_data_simple_main  004597bf f   libs:jdmainct.obj
 0001:00058827       _process_data_context_main 00459827 f   libs:jdmainct.obj
 0001:00058939       _set_wraparound_pointers   00459939 f   libs:jdmainct.obj
 0001:00058a23       _set_bottom_pointers       00459a23 f   libs:jdmainct.obj
 0001:00058abd       _process_data_crank_post   00459abd f   libs:jdmainct.obj
 0001:00057296       _write_marker_header       00458296 f   libs:jcmarker.obj
 0001:000572ec       _emit_byte                 004582ec f   libs:jcmarker.obj
 0001:0005731d       _write_marker_byte         0045831d f   libs:jcmarker.obj
 0001:0005732d       _write_file_header         0045832d f   libs:jcmarker.obj
 0001:00057379       _emit_jfif_app0            00458379 f   libs:jcmarker.obj
 0001:0005744c       _emit_adobe_app14          0045844c f   libs:jcmarker.obj
 0001:000574f2       _write_frame_header        004584f2 f   libs:jcmarker.obj
 0001:000575d1       _emit_dqt                  004585d1 f   libs:jcmarker.obj
 0001:000576c0       _emit_sof                  004586c0 f   libs:jcmarker.obj
 0001:0005779c       _write_scan_header         0045879c f   libs:jcmarker.obj
 0001:0005785c       _emit_dht                  0045885c f   libs:jcmarker.obj
 0001:00057935       _emit_dri                  00458935 f   libs:jcmarker.obj
 0001:00057984       _emit_sos                  00458984 f   libs:jcmarker.obj
 0001:00057a72       _write_file_trailer        00458a72 f   libs:jcmarker.obj
 0001:00057a92       _write_tables_only         00458a92 f   libs:jcmarker.obj
 0001:00056deb       _use_merged_upsample       00457deb f   libs:jdmaster.obj
 0001:00056e91       _master_selection          00457e91 f   libs:jdmaster.obj
 0001:00056fee       _prepare_range_limit_table 00457fee f   libs:jdmaster.obj
 0001:00057074       _prepare_for_output_pass   00458074 f   libs:jdmaster.obj
 0001:00057195       _finish_output_pass        00458195 f   libs:jdmaster.obj
 0001:00056262       _alloc_small               00457262 f   libs:jmemmgr.obj
 0001:00056380       _alloc_large               00457380 f   libs:jmemmgr.obj
 0001:00056431       _alloc_sarray              00457431 f   libs:jmemmgr.obj
 0001:000564c9       _alloc_barray              004574c9 f   libs:jmemmgr.obj
 0001:0005656d       _alloc_darray              0045756d f   libs:jmemmgr.obj
 0001:00056618       _request_virt_sarray       00457618 f   libs:jmemmgr.obj
 0001:00056679       _request_virt_barray       00457679 f   libs:jmemmgr.obj
 0001:000566da       _realize_virt_arrays       004576da f   libs:jmemmgr.obj
 0001:0005685d       _access_virt_sarray        0045785d f   libs:jmemmgr.obj
 0001:0005697d       _do_sarray_io              0045797d f   libs:jmemmgr.obj
 0001:00056a0d       _access_virt_barray        00457a0d f   libs:jmemmgr.obj
 0001:00056b32       _do_barray_io              00457b32 f   libs:jmemmgr.obj
 0001:00056bc3       _free_pool                 00457bc3 f   libs:jmemmgr.obj
 0001:00056caa       _self_destruct             00457caa f   libs:jmemmgr.obj
 0001:00055cfc       _start_input_pass          00456cfc f   libs:jdinput.obj
 0001:00055d2a       _per_scan_setup            00456d2a f   libs:jdinput.obj
 0001:00055eb0       _finish_input_pass         00456eb0 f   libs:jdinput.obj
 0001:00055ec1       _consume_markers           00456ec1 f   libs:jdinput.obj
 0001:00055f5d       _initial_setup             00456f5d f   libs:jdinput.obj
 0001:00056167       _reset_input_controller    00457167 f   libs:jdinput.obj
 0001:00055901       _make_crc_table            00456901 f   libs:crc32.obj
 0001:00055a4e       _crc32_little              00456a4e f   libs:crc32.obj
 0001:000556fb       _fixedtables               004566fb f   libs:inflate.obj
 0001:000557e5       _updatewindow              004567e5 f   libs:inflate.obj
 0001:00054423       _init_destination          00455423 f   libs:jdatadst.obj
 0001:00054449       _empty_output_buffer       00455449 f   libs:jdatadst.obj
 0001:0005448b       _term_destination          0045548b f   libs:jdatadst.obj
 0001:00053faa       _std_huff_tables           00454faa f   libs:jcparam.obj
 0001:00054004       _add_huff_table            00455004 f   libs:jcparam.obj
 0001:000524f7       _next_marker               004534f7 f   libs:jdmarker.obj
 0001:00052631       _get_interesting_appn      00453631 f   libs:jdmarker.obj
 0001:0005275c       _examine_app0              0045375c f   libs:jdmarker.obj
 0001:0005296a       _examine_app14             0045396a f   libs:jdmarker.obj
 0001:00052a2b       _skip_variable             00453a2b f   libs:jdmarker.obj
 0001:00052ace       _read_markers              00453ace f   libs:jdmarker.obj
 0001:00052cd6       _get_soi                   00453cd6 f   libs:jdmarker.obj
 0001:00052d81       _get_sof                   00453d81 f   libs:jdmarker.obj
 0001:0005308a       _get_sos                   0045408a f   libs:jdmarker.obj
 0001:00053378       _get_dht                   00454378 f   libs:jdmarker.obj
 0001:00053619       _get_dqt                   00454619 f   libs:jdmarker.obj
 0001:00053875       _get_dri                   00454875 f   libs:jdmarker.obj
 0001:00053954       _first_marker              00454954 f   libs:jdmarker.obj
 0001:000539f0       _read_restart_marker       004549f0 f   libs:jdmarker.obj
 0001:00053a6e       _reset_marker_reader       00454a6e f   libs:jdmarker.obj
 0001:000522db       _output_pass_setup         004532db f   libs:jdapistd.obj
 0001:00051fce       _default_decompress_parms  00452fce f   libs:jdapimin.obj

 295 bytes saved through ICF

