 Quake2

 Timestamp is 44db2405 (Thu Aug 10 16:18:13 2006)

 Preferred load address is 00400000

 Start         Length     Name                   Class
 0001:00000000 00067740H .text                   CODE
 0002:00000000 00000294H .idata$5                DATA
 0002:00000298 000075a4H .rdata                  DATA
 0002:00007840 00000044H .rdata$r                DATA
 0002:00007888 00000038H .xdata$x                DATA
 0002:000078c0 00000078H .idata$2                DATA
 0002:00007938 00000014H .idata$3                DATA
 0002:0000794c 00000294H .idata$4                DATA
 0002:00007be0 0000086aH .idata$6                DATA
 0002:0000844a 00000000H .edata                  DATA
 0003:00000000 00000004H .CRT$XCA                DATA
 0003:00000004 00000088H .CRT$XCU                DATA
 0003:0000008c 00000004H .CRT$XCZ                DATA
 0003:00000090 00000004H .CRT$XIA                DATA
 0003:00000094 00000004H .CRT$XIZ                DATA
 0003:000000a0 0000e65cH .data                   DATA
 0003:0000e700 0045b908H .bss                    DATA
 0004:00000000 00000130H .rsrc$01                DATA
 0004:00000130 00003f20H .rsrc$02                DATA

  Address         Publics by Value              Rva+Base     Lib:Object

 0001:00000000       ??3@YAXPAX@Z               00401000 f i CoreMain.obj
 0001:0000000e       ?appTimestamp@@YAPBDXZ     0040100e f   CoreMain.obj
 0001:00000043       ?appInit@@YAXXZ            00401043 f   CoreMain.obj
 0001:000000c3       ?appExit@@YAXXZ            004010c3 f   CoreMain.obj
 0001:000000cd       ?appMilliseconds@@YAIXZ    004010cd f   CoreWin32.obj
 0001:000000d3       ?appPackage@@YAPBDXZ       004010d3 f   CoreWin32.obj
 0001:0000012b       ?appGetSystemErrorMessage@@YAPBDI@Z 0040112b f   CoreWin32.obj
 0001:0000018f       ?appDisplayError@@YAXXZ    0040118f f   CoreWin32.obj
 0001:000001e0       ?appInitPlatform@@YAXXZ    004011e0 f   CoreWin32.obj
 0001:00000373       ?appShutdownPlatform@@YAXXZ 00401373 f   CoreWin32.obj
 0001:0000037c       ?sprintf@?$TString@$0BAA@@@QAAHPBDZZ 0040137c f i CoreWin32.obj
 0001:00000399       ?appDetectCPU@@YAXXZ       00401399 f   CoreCpuid.obj
 0001:0000064d       ?appLoadDebugSymbols@@YAXXZ 0040164d f   DbgSymbols.obj
 0001:0000080b       ?appSymbolName@@YA_NIPADH@Z 0040180b f   DbgSymbols.obj
 0001:00000901       ?appSymbolName@@YAPBDI@Z   00401901 f   DbgSymbols.obj
 0001:00000939       ?osGetAddressPackage@@YA_NIPADHAAH@Z 00401939 f   DbgSymbolsWin32.obj
 0001:000009cd       ?osGetAddressSymbol@@YA_NIPADHAAH@Z 004019cd f   DbgSymbolsWin32.obj
 0001:00000b74       ?appMalloc@@YAPAXIH@Z      00401b74 f   Memory.obj
 0001:00000c79       ?appFree@@YAXPAX@Z         00401c79 f   Memory.obj
 0001:00000cf8       ?Unlink@FMemHeader@@QAEXXZ 00401cf8 f i Memory.obj
 0001:00000d23       ?Link@CMemoryChain@@AAEXXZ 00401d23 f   Memory.obj
 0001:00000d42       ?Unlink@CMemoryChain@@AAEXXZ 00401d42 f   Memory.obj
 0001:00000d6d       ??2CMemoryChain@@SAPAXIH@Z 00401d6d f   Memory.obj
 0001:00000e36       ??3CMemoryChain@@SAXPAX@Z  00401e36 f   Memory.obj
 0001:00000eb7       ?Alloc@CMemoryChain@@QAEPAXIH@Z 00401eb7 f   Memory.obj
 0001:00000f83       ?GetSize@CMemoryChain@@QAEHXZ 00401f83 f   Memory.obj
 0001:00000f91       ?BuildAllocatorsTable@@YAHPAXH@Z 00401f91 f   Memory.obj
 0001:00001102       ?appInitMemory@@YAXXZ      00402102 f   Memory.obj
 0001:000014ea       ?Write@COutputDeviceNull@@UAEXPBD@Z 004024ea f i OutputDevice.obj
 0001:00001504       ??_ECOutputDevice@@UAEPAXI@Z 00402504 f i OutputDevice.obj
 0001:00001504       ??_GCOutputDeviceNull@@UAEPAXI@Z 00402504 f i OutputDevice.obj
 0001:00001504       ??_GCOutputDevice@@UAEPAXI@Z 00402504 f i OutputDevice.obj
 0001:00001504       ??_ECOutputDeviceNull@@UAEPAXI@Z 00402504 f i OutputDevice.obj
 0001:00001547       ?Write@COutputDeviceLog@@UAEXPBD@Z 00402547 f i OutputDevice.obj
 0001:00001592       ??_GCOutputDeviceLog@@UAEPAXI@Z 00402592 f i OutputDevice.obj
 0001:00001592       ??_ECOutputDeviceLog@@UAEPAXI@Z 00402592 f i OutputDevice.obj
 0001:000015b2       ?Printf@COutputDevice@@QAAXPBDZZ 004025b2 f   OutputDevice.obj
 0001:00001623       ?Register@COutputDevice@@QAEXXZ 00402623 f   OutputDevice.obj
 0001:0000167f       ?Unregister@COutputDevice@@QAEXXZ 0040267f f   OutputDevice.obj
 0001:000016d2       ?appPrintf@@YAXPBDZZ       004026d2 f   OutputDevice.obj
 0001:00001809       ?appWPrintf@@YAXPBDZZ      00402809 f   OutputDevice.obj
 0001:0000186c       ??0COutputDeviceMemTail@@QAE@H@Z 0040286c f i ErrorMgr.obj
 0001:0000189d       ?Write@COutputDeviceMemTail@@UAEXPBD@Z 0040289d f i ErrorMgr.obj
 0001:000019b9       ??_GCOutputDeviceMemTail@@UAEPAXI@Z 004029b9 f i ErrorMgr.obj
 0001:000019b9       ??_ECOutputDeviceMemTail@@UAEPAXI@Z 004029b9 f i ErrorMgr.obj
 0001:000019d8       ??1COutputDeviceMemTail@@UAE@XZ 004029d8 f i ErrorMgr.obj
 0001:00001a21       ??0COutputDeviceFile@@QAE@XZ 00402a21 f i ErrorMgr.obj
 0001:00001a36       ?Write@COutputDeviceFile@@UAEXPBD@Z 00402a36 f i ErrorMgr.obj
 0001:00001a8d       ?Flush@COutputDeviceFile@@UAEXXZ 00402a8d f i ErrorMgr.obj
 0001:00001a9d       ?Close@COutputDeviceFile@@UAEXXZ 00402a9d f i ErrorMgr.obj
 0001:00001ab5       ??_GCOutputDeviceFile@@UAEPAXI@Z 00402ab5 f i ErrorMgr.obj
 0001:00001ab5       ??_ECOutputDeviceFile@@UAEPAXI@Z 00402ab5 f i ErrorMgr.obj
 0001:00001ad4       ??1COutputDeviceFile@@UAE@XZ 00402ad4 f i ErrorMgr.obj
 0001:00001b13       ?appBeginError@@YAPAVCOutputDevice@@PBD@Z 00402b13 f   ErrorMgr.obj
 0001:00001bde       ?appGetErrorLog@@YAPAVCOutputDevice@@XZ 00402bde f   ErrorMgr.obj
 0001:00001c49       ?Open@COutputDeviceFile@@QAEXPBD_N@Z 00402c49 f i ErrorMgr.obj
 0001:00001c8f       ?appFatalError@@YAXPBDZZ   00402c8f f   ErrorMgr.obj
 0001:00001ce5       ?appNonFatalError@@YAXPBDZZ 00402ce5 f   ErrorMgr.obj
 0001:00001d47       ?appUnwindPrefix@@YAXPBD@Z 00402d47 f   ErrorMgr.obj
 0001:00001df9       ?appUnwindThrow@@YAXPBDZZ  00402df9 f   ErrorMgr.obj
 0001:00001e6f       ?Reset@CErrorHandler@@QAEXXZ 00402e6f f   ErrorMgr.obj
 0001:00001ea0       ?appInitError@@YAXXZ       00402ea0 f   ErrorMgr.obj
 0001:00001f95       ?appShutdownError@@YAXXZ   00402f95 f   ErrorMgr.obj
 0001:0000201f       ?GetTail@COutputDeviceMemTail@@QAEPBDH@Z 0040301f f i ErrorMgr.obj
 0001:00002045       ?sprintf@?$TString@$0CAA@@@QAAHPBDZZ 00403045 f i ErrorMgr.obj
 0001:00002062       ?win32ExceptFilter@@YGJPAU_EXCEPTION_POINTERS@@@Z 00403062 f   ExceptHandlerWin32.obj
 0001:00002205       ?win32ExceptFilter2@@YAIXZ 00403205 f   ExceptHandlerWin32.obj
 0001:0000220e       ?sprintf@?$TString@$0EAA@@@QAAHPBDZZ 0040320e f i ExceptHandlerWin32.obj
 0001:0000222b       ?DumpRegs@@YAXPAVCOutputDevice@@PAU_CONTEXT@@@Z 0040322b f   ExceptDumpers.obj
 0001:0000233c       ?DumpMem@@YAXPAVCOutputDevice@@PBIPAU_CONTEXT@@@Z 0040333c f   ExceptDumpers.obj
 0001:0000257b       ?UnwindEbpFrame@@YAXPAVCOutputDevice@@PBI@Z 0040357b f   ExceptDumpers.obj
 0001:0000260c       ?GetLine@CSimpleParser@@QAEPBDXZ 0040360c f   ScriptParser.obj
 0001:00002723       ?SkipBraces@CSimpleParser@@QAEPBDXZ 00403723 f   ScriptParser.obj
 0001:00002759       ?appStricmp@@YAHPBD0@Z     00403759 f   Strings.obj
 0001:00002790       ?toLower@@YADD@Z           00403790 f i Strings.obj
 0001:000027ab       ?appStrncpylwr@@YAXPADPBDH@Z 004037ab f   Strings.obj
 0001:000027e3       ?appStrncpyz@@YAXPADPBDH@Z 004037e3 f   Strings.obj
 0001:00002810       ?appStrcatn@@YAXPADHPBD@Z  00403810 f   Strings.obj
 0001:0000283c       ?appCopyFilename@@YAXPADPBDH@Z 0040383c f   Strings.obj
 0001:00002964       ?appCStrlen@@YAHPBD@Z      00403964 f   Strings.obj
 0001:0000298c       ?appUncolorizeString@@YAXPADPBD@Z 0040398c f   Strings.obj
 0001:000029be       ?va@@YAPBDPBDZZ            004039be f   Strings.obj
 0001:00002ab2       ?appSprintf@@YAHPADHPBDZZ  00403ab2 f   Strings.obj
 0001:00002b51       ?appMatchWildcard@@YA_NPBD0_N@Z 00403b51 f   Strings.obj
 0001:00002d96       ?appIsWildcard@@YA_NPBD@Z  00403d96 f   Strings.obj
 0001:00002dc2       ?appStrdup@@YAPADPBD@Z     00403dc2 f   Strings.obj
 0001:00002e03       ?appStrdup@@YAPADPBDPAVCMemoryChain@@@Z 00403e03 f   Strings.obj
 0001:00002e38       ??0CStringItem@@QAE@XZ     00403e38 f   Strings.obj
 0001:00002e43       ??2CStringItem@@SAPAXIPBD@Z 00403e43 f   Strings.obj
 0001:00002edd       ??2CStringItem@@SAPAXIPBDPAVCMemoryChain@@@Z 00403edd f   Strings.obj
 0001:00002f52       ?Find@CStringList@@IAEPAVCStringItem@@PBDPAPAV2@@Z 00403f52 f   Strings.obj
 0001:00002fdd       ?Find@CStringList@@IAEPAVCStringItem@@H@Z 00403fdd f   Strings.obj
 0001:00003049       ?IndexOf@CStringList@@QAEHPBD@Z 00404049 f   Strings.obj
 0001:000030cb       ?Remove@CStringList@@QAE_NPAVCStringItem@@@Z 004040cb f   Strings.obj
 0001:0000314f       ?Add@CTextContainer@@QAEPAUCTextRec@@PBD@Z 0040414f f   TextContainer.obj
 0001:000031fb       ?Enumerate@CTextContainer@@QAEXP6AXPBUCTextRec@@@Z@Z 004041fb f   TextContainer.obj
 0001:00003267       ?SubtractPath@@YAPBDPBD0@Z 00404267 f   FileSystem.obj
 0001:000032ff       ?appMakeDirectoryForFile@@YAXPBD@Z 004042ff f   FileSystem.obj
 0001:00003335       ?appOpenFile@@YAPAVCFile@@PBD@Z 00404335 f   FileSystem.obj
 0001:00003372       ?Read@CFileOS@@UAEHPAXH@Z  00404372 f i FileSystem.obj
 0001:00003399       ?GetSize@CFileOS@@UAEHXZ   00404399 f i FileSystem.obj
 0001:000033e4       ?Eof@CFileOS@@UAE_NXZ      004043e4 f i FileSystem.obj
 0001:000033f8       ??_ECFileOS@@UAEPAXI@Z     004043f8 f i FileSystem.obj
 0001:000033f8       ??_GCFileOS@@UAEPAXI@Z     004043f8 f i FileSystem.obj
 0001:0000342d       ??_GCFile@@UAEPAXI@Z       0040442d f i FileSystem.obj
 0001:0000342d       ??_ECFile@@UAEPAXI@Z       0040442d f i FileSystem.obj
 0001:0000344d       ?ReadByte@CFile@@QAEEXZ    0040444d f   FileSystem.obj
 0001:00003465       ?ReadInt@CFile@@QAEHXZ     00404465 f   FileSystem.obj
 0001:0000347d       ?ReadString@CFile@@QAEXPADH@Z 0040447d f   FileSystem.obj
 0001:000034ba       ?GetType@CFileContainer@@MAEPBDXZ 004044ba f   FileSystem.obj
 0001:000034c0       ?Mount@CFileSystem@@QAEXAAVCFileContainer@@PBD@Z 004044c0 f   FileSystem.obj
 0001:00003516       ?Umount@CFileSystem@@QAEXAAVCFileContainer@@@Z 00404516 f   FileSystem.obj
 0001:00003550       ?MountDirectory@CFileSystem@@QAEPAVCFileContainer@@PBD0@Z 00404550 f   FileSystem.obj
 0001:00003595       ?GetType@CFileContainerOS@@MAEPBDXZ 00404595 f i FileSystem.obj
 0001:0000359b       ?FileExists@CFileContainerOS@@UAE_NPBD@Z 0040459b f i FileSystem.obj
 0001:000035c5       ?OpenFile@CFileContainerOS@@UAEPAVCFile@@PBD@Z 004045c5 f i FileSystem.obj
 0001:000035e5       ?List@CFileContainerOS@@UAEXAAVCFileList@@PBDI@Z 004045e5 f i FileSystem.obj
 0001:0000360e       ??_GCFileContainerOS@@UAEPAXI@Z 0040460e f i FileSystem.obj
 0001:0000360e       ??_ECFileContainerOS@@UAEPAXI@Z 0040460e f i FileSystem.obj
 0001:0000362e       ??_ECFileContainer@@UAEPAXI@Z 0040462e f i FileSystem.obj
 0001:0000362e       ??_GCFileContainer@@UAEPAXI@Z 0040462e f i FileSystem.obj
 0001:0000364e       ?MountArchive@CFileSystem@@QAEPAVCFileContainer@@PBD0@Z 0040464e f   FileSystem.obj
 0001:00003765       ?Mount@CFileSystem@@QAEXPBD0@Z 00404765 f   FileSystem.obj
 0001:00003997       ?Umount@CFileSystem@@QAEXPBD@Z 00404997 f   FileSystem.obj
 0001:00003a33       ?List@CFileSystem@@UAEPAVCFileList@@PBDIPAV2@@Z 00404a33 f   FileSystem.obj
 0001:00003bee       ?RegisterFormat@CFileSystem@@SAXP6APAVCFileContainer@@PBDPAU_iobuf@@@Z@Z 00404bee f   FileSystem.obj
 0001:00003c32       ?FileExists@CFileSystem@@UAE_NPBDI@Z 00404c32 f   FileSystem.obj
 0001:00003cb1       ?OpenFile@CFileSystem@@UAEPAVCFile@@PBDI@Z 00404cb1 f   FileSystem.obj
 0001:00003d56       ?LoadFile@CFileSystem@@QAEPAXPBDPAI@Z 00404d56 f   FileSystem.obj
 0001:00003e26       ?cMount@@YAX_NHPAPAD@Z     00404e26 f   FileSystem.obj
 0001:00003f64       ?cUmount@@YAX_NHPAPAD@Z    00404f64 f   FileSystem.obj
 0001:00003f93       ?appInitFileSystem@@YAXAAVCFileSystem@@@Z 00404f93 f   FileSystem.obj
 0001:0000438a       ?appListDirectory@@YAXPBDAAVCFileList@@I@Z 0040538a f   FileSystemWin32.obj
 0001:000045d1       ?appMakeDirectory@@YAXPBD@Z 004055d1 f   FileSystemWin32.obj
 0001:0000463b       ?appFileType@@YAIPBD@Z     0040563b f   FileSystemWin32.obj
 0001:0000467b       ?FindDir@CFileContainerArc@@IAEPAVFDirInfo@1@PBD_N@Z 0040567b f   FileContainerArc.obj
 0001:00004734       ?FindFile@CFileContainerArc@@IAEPAVCStringItem@@PBD@Z 00405734 f   FileContainerArc.obj
 0001:0000479f       ?FileExists@CFileContainerArc@@UAE_NPBD@Z 0040579f f   FileContainerArc.obj
 0001:000047b4       ?OpenFile@CFileContainerArc@@UAEPAVCFile@@PBD@Z 004057b4 f   FileContainerArc.obj
 0001:000047d3       ?List@CFileContainerArc@@UAEXAAVCFileList@@PBDI@Z 004057d3 f   FileContainerArc.obj
 0001:00004940       ??E?$TStringSplitter@$0BAA@$0CP@@@QAEXXZ 00405940 f i FileContainerArc.obj
 0001:000049c2       ?GetLength@CVec3@@QAEMXZ   004059c2 f   Math3D.obj
 0001:000049ed       ?Normalize@CVec3@@QAEMXZ   004059ed f   Math3D.obj
 0001:00004a3f       ?VectorNormalize@@YAMABUCVec3@@AAU1@@Z 00405a3f f   Math3D.obj
 0001:00004aa9       ?NormalizeFast@CVec3@@QAEMXZ 00405aa9 f   Math3D.obj
 0001:00004afa       ?FindAxisVectors@CVec3@@QBEXAAU1@0@Z 00405afa f   Math3D.obj
 0001:00004b6a       ?cross@@YAXABUCVec3@@0AAU1@@Z 00405b6a f   Math3D.obj
 0001:00004ba6       ?VectorDistance@@YAMABUCVec3@@0@Z 00405ba6 f   Math3D.obj
 0001:00004bd5       ?Setup@CPlane@@QAEXXZ      00405bd5 f   Math3D.obj
 0001:00004c83       ?Clear@CBox@@QAEXXZ        00405c83 f   Math3D.obj
 0001:00004ca1       ?Expand@CBox@@QAEXABUCVec3@@@Z 00405ca1 f   Math3D.obj
 0001:00004cd3       ?Expand@CBox@@QAEXABU1@@Z  00405cd3 f   Math3D.obj
 0001:00004d12       ?GetCenter@CBox@@QBEXAAUCVec3@@@Z 00405d12 f   Math3D.obj
 0001:00004d35       ?Contains@CBox@@QBE_NABUCVec3@@@Z 00405d35 f   Math3D.obj
 0001:00004d69       ?Intersects@CBox@@QBE_NABU1@@Z 00405d69 f   Math3D.obj
 0001:00004da8       ?OnPlaneSide@CBox@@QBEHABUCPlane@@@Z 00405da8 f   Math3D.obj
 0001:00004ed7       ?FromEuler@CAxis@@QAEXABUCVec3@@@Z 00405ed7 f   Math3D.obj
 0001:00004f16       ?TransformVector@CAxis@@QBEXABUCVec3@@AAU2@@Z 00405f16 f   Math3D.obj
 0001:00004f69       ?UnTransformVector@CAxis@@QBEXABUCVec3@@AAU2@@Z 00405f69 f   Math3D.obj
 0001:00004fcd       ?TransformAxis@CAxis@@QBEXABU1@AAU1@@Z 00405fcd f   Math3D.obj
 0001:00005013       ?UnTransformAxis@CAxis@@QBEXABU1@AAU1@@Z 00406013 f   Math3D.obj
 0001:00005059       ?TransformPoint@CCoords@@QBEXABUCVec3@@AAU2@@Z 00406059 f   Math3D.obj
 0001:000050b9       ?UnTransformPoint@CCoords@@QBEXABUCVec3@@AAU2@@Z 004060b9 f   Math3D.obj
 0001:00005126       ?UnTransformCoords@CCoords@@QBEXABU1@AAU1@@Z 00406126 f   Math3D.obj
 0001:00005152       ?TransformPlane@CCoords@@QBEXABUCPlane@@AAU2@@Z 00406152 f   Math3D.obj
 0001:0000518c       ?TransformPoint@@YAXABUCVec3@@ABUCAxis@@0AAU1@@Z 0040618c f   Math3D.obj
 0001:000051ef       ?UnTransformPoint@@YAXABUCVec3@@ABUCAxis@@0AAU1@@Z 004061ef f   Math3D.obj
 0001:0000525f       ?Euler2Vecs@@YAXABUCVec3@@PAU1@11@Z 0040625f f   Math3D.obj
 0001:000053bf       ?Vec2Euler@@YAXABUCVec3@@AAU1@@Z 004063bf f   Math3D.obj
 0001:000054c2       ?Vec2Yaw@@YAMABUCVec3@@@Z  004064c2 f   Math3D.obj
 0001:00005535       ?appRsqrt@@YAMM@Z          00406535 f   MathMisc.obj
 0001:00005561       ?NormalizeColor@@YAMABUCVec3@@AAU1@@Z 00406561 f   MathMisc.obj
 0001:000055bf       ?NormalizeColor255@@YAMABUCVec3@@AAU1@@Z 004065bf f   MathMisc.obj
 0001:00005621       ?SCR_StopCinematic@@YAXXZ  00406621 f   cl_cin.obj
 0001:000056b5       ?SCR_DrawCinematic@@YA_NXZ 004066b5 f   cl_cin.obj
 0001:00005aac       ?SCR_PlayCinematic@@YAXPBD@Z 00406aac f   cl_cin.obj
 0001:00005e03       ?sprintf@?$TString@$0EA@@@QAAHPBDZZ 00406e03 f i cl_cin.obj
 0001:00005e1d       ?CL_Download_f@@YAX_NHPAPAD@Z 00406e1d f   cl_download.obj
 0001:000061ca       ?CL_ParseDownload@@YAXXZ   004071ca f   cl_download.obj
 0001:000069ec       ?CL_Precache_f@@YAXHPAPAD@Z 004079ec f   cl_download.obj
 0001:00006a4a       ?sprintf@?$TString@$0IA@@@QAAHPBDZZ 00407a4a f i cl_download.obj
 0001:00006a67       ?CL_ParseDelta@@YAXPAUclEntityState_t@@0HI_N@Z 00407a67 f   cl_ents.obj
 0001:00006be7       ?CL_ParseFrame@@YAXXZ      00407be7 f   cl_ents.obj
 0001:0000729c       ?CL_AddEntityBox@@YAXPAUclEntityState_t@@I@Z 0040829c f   cl_ents.obj
 0001:000073a0       ?Lerp@@YAXABUCVec3@@0MAAU1@@Z 004083a0 f i cl_ents.obj
 0001:000073d7       ?CL_OffsetThirdPersonView@@YAXXZ 004083d7 f   cl_ents.obj
 0001:000074bf       ?CL_AddEntities@@YAXXZ     004084bf f   cl_ents.obj
 0001:00008400       ?CL_ClearLightStyles@@YAXXZ 00409400 f   cl_fx.obj
 0001:00008482       ?CL_SetLightstyle@@YAXHPBD@Z 00409482 f   cl_fx.obj
 0001:000084e3       ?CL_AllocDlight@@YAPAUcdlight_t@@HABUCVec3@@@Z 004094e3 f   cl_fx.obj
 0001:0000854e       ?CL_AllocParticleTrace@@YAPAUparticleTrace_t@@ABUCVec3@@0MM@Z 0040954e f   cl_fx.obj
 0001:000085dd       ?CL_AllocParticleBeam@@YAPAUbeam_t@@ABUCVec3@@0MM@Z 004095dd f   cl_fx.obj
 0001:00008652       ?CL_AllocParticle@@YAPAUparticle_t@@XZ 00409652 f   cl_fx.obj
 0001:000086a5       ?CL_MetalSparks@@YAXABUCVec3@@0H@Z 004096a5 f   cl_fx.obj
 0001:000087a3       ?CL_AddEffects@@YAXXZ      004097a3 f   cl_fx.obj
 0001:00008ea6       ?CL_ClearEffects@@YAXXZ    00409ea6 f   cl_fx.obj
 0001:00008f28       ?CL_EntityEvent@@YAXPAUclEntityState_t@@@Z 00409f28 f   cl_fx.obj
 0001:000090df       ?CL_ParseMuzzleFlash@@YAXXZ 0040a0df f   cl_fx.obj
 0001:0000944f       ?CL_ParseMuzzleFlash2@@YAXXZ 0040a44f f   cl_fx.obj
 0001:000098c5       ?CL_ParticleEffect@@YAXABUCVec3@@0HH@Z 0040a8c5 f   cl_fx.obj
 0001:00009aae       ?CL_ParticleEffect2@@YAXABUCVec3@@0HH@Z 0040aaae f   cl_fx.obj
 0001:00009ad6       ?CL_ParticleEffect3@@YAXABUCVec3@@0HH@Z 0040aad6 f   cl_fx.obj
 0001:00009afe       ?CL_TeleporterParticles@@YAXPAUclEntityState_t@@@Z 0040aafe f   cl_fx.obj
 0001:00009b20       ?CL_LogoutEffect@@YAXABUCVec3@@H@Z 0040ab20 f   cl_fx.obj
 0001:00009b58       ?CL_ItemRespawnParticles@@YAXABUCVec3@@@Z 0040ab58 f   cl_fx.obj
 0001:00009b76       ?CL_ExplosionParticles@@YAXABUCVec3@@@Z 0040ab76 f   cl_fx.obj
 0001:00009b97       ?CL_BFGExplosionParticles@@YAXABUCVec3@@@Z 0040ab97 f   cl_fx.obj
 0001:00009bb8       ?CL_TrackerExplosionParticles@@YAXABUCVec3@@@Z 0040abb8 f   cl_fx.obj
 0001:00009bd9       ?CL_BlasterParticles@@YAXABUCVec3@@0I@Z 0040abd9 f   cl_fx.obj
 0001:00009c00       ?CL_BlasterTrail@@YAXAAUcentity_t@@@Z 0040ac00 f   cl_fx.obj
 0001:00009d07       ?CL_BlasterTrail2@@YAXAAUcentity_t@@@Z 0040ad07 f   cl_fx.obj
 0001:00009d1e       ?CL_FlagTrail@@YAXAAUcentity_t@@H@Z 0040ad1e f   cl_fx.obj
 0001:00009d3d       ?CL_RocketTrail@@YAXAAUcentity_t@@@Z 0040ad3d f   cl_fx.obj
 0001:00009d7c       ?CL_BubbleTrail@@YAXABUCVec3@@0@Z 0040ad7c f   cl_fx.obj
 0001:00009e18       ?CL_BubbleTrail2@@YAXABUCVec3@@0@Z 0040ae18 f   cl_fx.obj
 0001:00009e32       ?CL_TagTrail@@YAXAAUcentity_t@@@Z 0040ae32 f   cl_fx.obj
 0001:00009e49       ?CL_DebugTrail@@YAXABUCVec3@@0@Z 0040ae49 f   cl_fx.obj
 0001:00009e63       ?CL_ForceWall@@YAXABUCVec3@@0H@Z 0040ae63 f   cl_fx.obj
 0001:00009e85       ?CL_BigTeleportParticles@@YAXABUCVec3@@@Z 0040ae85 f   cl_fx.obj
 0001:00009fc0       ?CL_BfgParticles@@YAXABUCVec3@@@Z 0040afc0 f   cl_fx.obj
 0001:0000a13a       ?CL_FlyEffect@@YAXAAUcentity_t@@@Z 0040b13a f   cl_fx.obj
 0001:0000a2c6       ?CL_DiminishingTrail@@YAXAAUcentity_t@@H@Z 0040b2c6 f   cl_fx.obj
 0001:0000a420       ?CL_RailTrail@@YAXABUCVec3@@0@Z 0040b420 f   cl_fx.obj
 0001:0000a592       ?CL_RailTrailExt@@YAXABUCVec3@@0EE@Z 0040b592 f   cl_fx.obj
 0001:0000a6d7       ?CL_IonripperTrail@@YAXAAUcentity_t@@@Z 0040b6d7 f   cl_fx.obj
 0001:0000a831       ?CL_TrapParticles@@YAXABUCVec3@@@Z 0040b831 f   cl_fx.obj
 0001:0000a9a4       ?CL_TeleportParticles@@YAXABUCVec3@@@Z 0040b9a4 f   cl_fx.obj
 0001:0000aada       ?CL_Heatbeam@@YAXABUCVec3@@0@Z 0040bada f   cl_fx.obj
 0001:0000ad80       ?CL_ParticleSteamEffect@@YAXABUCVec3@@0HHH@Z 0040bd80 f   cl_fx.obj
 0001:0000aeb6       ?CL_ParticleSmokeEffect@@YAXABUCVec3@@0@Z 0040beb6 f   cl_fx.obj
 0001:0000afcf       ?CL_TrackerTrail@@YAXAAUcentity_t@@@Z 0040bfcf f   cl_fx.obj
 0001:0000b149       ?CL_TrackerShell@@YAXABUCVec3@@@Z 0040c149 f   cl_fx.obj
 0001:0000b1d5       ?CL_MonsterPlasmaShell@@YAXABUCVec3@@@Z 0040c1d5 f   cl_fx.obj
 0001:0000b25e       ?CL_WidowSplash@@YAXABUCVec3@@@Z 0040c25e f   cl_fx.obj
 0001:0000b33f       ?CL_InitInput@@YAXXZ       0040c33f f   cl_input.obj
 0001:0000b8ed       ?CL_SendCmd@@YAXXZ         0040c8ed f   cl_input.obj
 0001:0000bed0       ?CL_WriteDemoMessage@@YAXXZ 0040ced0 f   cl_main.obj
 0001:0000bf12       ?Cmd_ForwardToServer@@YAXHPAPAD@Z 0040cf12 f   cl_main.obj
 0001:0000bfd7       ?CL_ForwardToServer_f@@YAXHPAPAD@Z 0040cfd7 f   cl_main.obj
 0001:0000c020       ?CL_Pause@@YAX_N@Z         0040d020 f   cl_main.obj
 0001:0000c065       ?CL_Drop@@YAX_N@Z          0040d065 f   cl_main.obj
 0001:0000c090       ?CL_SendConnectPacket@@YAXXZ 0040d090 f   cl_main.obj
 0001:0000c0f6       ?CL_Connect_f@@YAX_NHPAPAD@Z 0040d0f6 f   cl_main.obj
 0001:0000c163       ?CL_Rcon_f@@YAXHPAPAD@Z    0040d163 f   cl_main.obj
 0001:0000c24f       ?CL_Disconnect@@YAXXZ      0040d24f f   cl_main.obj
 0001:0000c3fa       ?CL_Disconnect_f@@YAXXZ    0040d3fa f   cl_main.obj
 0001:0000c404       ?CL_Changing_f@@YAXXZ      0040d404 f   cl_main.obj
 0001:0000c42c       ?CL_Reconnect_f@@YAXXZ     0040d42c f   cl_main.obj
 0001:0000c4c8       ?CL_PingServers_f@@YAXXZ   0040d4c8 f   cl_main.obj
 0001:0000c884       ?CL_ConnectionlessPacket@@YAXXZ 0040d884 f   cl_main.obj
 0001:0000c981       ?CL_Userinfo_f@@YAXXZ      0040d981 f   cl_main.obj
 0001:0000c99c       ?CL_RegisterSounds@@YAXXZ  0040d99c f   cl_main.obj
 0001:0000c9db       ?CL_Snd_Restart_f@@YAXXZ   0040d9db f   cl_main.obj
 0001:0000c9ea       ?CL_WriteConfiguration@@YAXPBD@Z 0040d9ea f   cl_main.obj
 0001:0000cad1       ?CL_WriteConfig_f@@YAX_NHPAPAD@Z 0040dad1 f   cl_main.obj
 0001:0000cb3c       ?CL_FixCvarCheats@@YAXXZ   0040db3c f   cl_main.obj
 0001:0000cb8d       ?CL_Frame@@YAXMM@Z         0040db8d f   cl_main.obj
 0001:0000d00a       ?CL_ClearState@@YAXXZ      0040e00a f   cl_main.obj
 0001:0000d048       ?CL_Init@@YAXXZ            0040e048 f   cl_main.obj
 0001:0000d4f7       ?CL_Shutdown@@YAXXZ        0040e4f7 f   cl_main.obj
 0001:0000d553       ?CL_ParseClientinfo@@YAXH@Z 0040e553 f   cl_parse.obj
 0001:0000d60b       ?CL_UpdatePlayerClientInfo@@YAXXZ 0040e60b f   cl_parse.obj
 0001:0000d64c       ?CL_ParseServerMessage@@YAXXZ 0040e64c f   cl_parse.obj
 0001:0000de32       ?FreePlayerModelsInfo@@YAXXZ 0040ee32 f   cl_playermodel.obj
 0001:0000de58       ?ScanPlayerModels@@YA_NXZ  0040ee58 f   cl_playermodel.obj
 0001:0000e252       ?RunAnimation@@YAXAAUclientInfo_t@@AAUanimState_t@@H@Z 0040f252 f   cl_playermodel.obj
 0001:0000e440       ?CL_LoadClientinfo@@YAXAAUclientInfo_t@@PBD_N@Z 0040f440 f   cl_playermodel.obj
 0001:0000f0d1       ?ParsePlayerEntity@@YAHAAUcentity_t@@AAUclientInfo_t@@PAUclEntityState_t@@ABUentity_t@@PAU4@HH@Z 004100d1 f   cl_playermodel.obj
 0001:0000fc2a       ?CreateAndInsert@?$TList@VCStringItem@@@@QAEPAVCStringItem@@PBDPAVCMemoryChain@@@Z 00410c2a f i cl_playermodel.obj
 0001:0000fc62       ?Insert@?$TList@VCStringItem@@@@QAE_NPAVCStringItem@@@Z 00410c62 f i cl_playermodel.obj
 0001:0000fc62       ?Insert@?$TList@VshaderScript_t@OpenGLDrv@@@@QAE_NPAVshaderScript_t@OpenGLDrv@@@Z 00410c62 f i cl_playermodel.obj
 0001:0000fc62       ?Insert@?$TList@VplayerModelInfo_t@@@@QAE_NPAVplayerModelInfo_t@@@Z 00410c62 f i cl_playermodel.obj
 0001:0000fc98       ?CL_CheckPredictionError@@YAXXZ 00410c98 f   cl_pred.obj
 0001:0000fe2b       ?CL_EntityTrace@@YAXAAUtrace_t@@ABUCVec3@@1ABUCBox@@H@Z 00410e2b f   cl_pred.obj
 0001:00010185       ?CL_Trace@@YAXAAUtrace_t@@ABUCVec3@@1ABUCBox@@H@Z 00411185 f   cl_pred.obj
 0001:00010236       ?CL_PMpointcontents@@YAHABUCVec3@@@Z 00411236 f   cl_pred.obj
 0001:000103cc       ?CL_PredictMovement@@YAXXZ 004113cc f   cl_pred.obj
 0001:00010793       ?DrawString@@YAXHHPBD@Z    00411793 f   cl_scrn.obj
 0001:000107d8       ?SCR_DebugGraph@@YAXMH@Z   004117d8 f   cl_scrn.obj
 0001:00010802       ?SCR_CenterPrint@@YAXPBD@Z 00411802 f   cl_scrn.obj
 0001:00010908       ?Key_Message@@YAXH@Z       00411908 f   cl_scrn.obj
 0001:000109a8       ?SCR_SetLevelshot@@YAXPBD@Z 004119a8 f   cl_scrn.obj
 0001:00010aa8       ?SCR_BeginLoadingPlaque@@YAX_N@Z 00411aa8 f   cl_scrn.obj
 0001:00010b3e       ?SCR_EndLoadingPlaque@@YAX_N@Z 00411b3e f   cl_scrn.obj
 0001:00010bc3       ?SCR_LoadingNotify@@YAXPBDM@Z 00411bc3 f   cl_scrn.obj
 0001:00010bed       ?SCR_ShowConsole@@YAX_N0@Z 00411bed f   cl_scrn.obj
 0001:00010cb2       ?SCR_ToggleConsole@@YAXXZ  00411cb2 f   cl_scrn.obj
 0001:00010cda       ?SCR_TouchPics@@YAXXZ      00411cda f   cl_scrn.obj
 0001:00010d30       ?SCR_UpdateScreen@@YAXXZ   00411d30 f   cl_scrn.obj
 0001:000120bf       ?SCR_Init@@YAXXZ           004130bf f   cl_scrn.obj
 0001:000123f0       ?sprintf@?$TString@$0BA@@@QAAHPBDZZ 004133f0 f i cl_scrn.obj
 0001:0001240a       ?CL_RegisterTEntSounds@@YAXXZ 0041340a f   cl_tent.obj
 0001:0001265f       ?CL_RegisterTEntModels@@YAXXZ 0041365f f   cl_tent.obj
 0001:000127b0       ?CL_ClearTEnts@@YAXXZ      004137b0 f   cl_tent.obj
 0001:000127e1       ?CL_SmokeAndFlash@@YAXABUCVec3@@@Z 004137e1 f   cl_tent.obj
 0001:00012979       ?CL_ParseTEnt@@YAXXZ       00413979 f   cl_tent.obj
 0001:00013c9f       ?CL_AddTEnts@@YAXXZ        00414c9f f   cl_tent.obj
 0001:000146a4       ?V_AddEntity@@YAXPAUentity_t@@@Z 004156a4 f   cl_view.obj
 0001:000146e2       ?V_AddEntity2@@YAXPAUentity_t@@@Z 004156e2 f   cl_view.obj
 0001:00014714       ?AddEntityWithEffects2@@YAXPAUentity_t@@I@Z 00415714 f   cl_view.obj
 0001:000147b5       ?AddEntityWithEffects@@YAXPAUentity_t@@I@Z 004157b5 f   cl_view.obj
 0001:000147d6       ?V_AddLight@@YAXABUCVec3@@MMMM@Z 004157d6 f   cl_view.obj
 0001:0001481b       ?V_TestEntities@@YAXXZ     0041581b f   cl_view.obj
 0001:00014948       ?V_TestLights@@YAXXZ       00415948 f   cl_view.obj
 0001:00014a1e       ?V_InitRenderer@@YAXXZ     00415a1e f   cl_view.obj
 0001:00014e55       ?CalcFov@@YAMMMM@Z         00415e55 f   cl_view.obj
 0001:00014ec3       ?V_RenderView@@YA_NXZ      00415ec3 f   cl_view.obj
 0001:00015c53       ?V_Init@@YAXXZ             00416c53 f   cl_view.obj
 0001:00015d02       ?Con_ClearNotify@@YAXXZ    00416d02 f   console.obj
 0001:00015d11       ?Con_CheckResize@@YAXXZ    00416d11 f   console.obj
 0001:00015e38       ?Write@COutputDeviceCon@@UAEXPBD@Z 00416e38 f   console.obj
 0001:0001603e       ?Con_DrawNotify@@YAX_N@Z   0041703e f   console.obj
 0001:00016214       ?Con_DrawConsole@@YAXM@Z   00417214 f   console.obj
 0001:000164c8       ?Con_ClearTyping@@YAXXZ    004174c8 f   console.obj
 0001:000164e1       ?Key_Console@@YAXHH@Z      004174e1 f   console.obj
 0001:0001692e       ?Con_Init@@YAXXZ           0041792e f   console.obj
 0001:00016a9c       ?Key_KeynumToString@@YAPBDH@Z 00417a9c f   keys.obj
 0001:00016b62       ?Draw@completeMenu_t@@UAEXXZ 00417b62 f i keys.obj
 0001:00016b93       ?KeyDown@completeMenu_t@@UAEPBDH@Z 00417b93 f i keys.obj
 0001:00016bbf       ?Init@completeMenu_t@@UAE_NXZ 00417bbf f i keys.obj
 0001:00016ce6       ?CompleteMenuCallback@completeMenu_t@@SAXPAX@Z 00417ce6 f i keys.obj
 0001:00016d77       ?CompleteCommand@@YAXXZ    00417d77 f   keys.obj
 0001:00017488       ?Key_SetBinding@@YAXHPBD@Z 00418488 f   keys.obj
 0001:000174c8       ?Key_FindBinding@@YAHPBDPAHH@Z 004184c8 f   keys.obj
 0001:00017516       ?Key_WriteBindings@@YAXPAVCOutputDevice@@@Z 00418516 f   keys.obj
 0001:00017560       ?Key_Init@@YAXXZ           00418560 f   keys.obj
 0001:00017844       ?Key_Event@@YAXH_N@Z       00418844 f   keys.obj
 0001:00017ba3       ?Key_ClearStates@@YAXXZ    00418ba3 f   keys.obj
 0001:00017bd8       ?M_ForceMenuOn@@YAXXZ      00418bd8 f   menu.obj
 0001:00017bf7       ?Draw@menuMain_t@@UAEXXZ   00418bf7 f i menu.obj
 0001:00017d33       ?KeyDown@menuMain_t@@UAEPBDH@Z 00418d33 f i menu.obj
 0001:00017df4       ?Init@menuMain_t@@UAE_NXZ  00418df4 f i menu.obj
 0001:00017dfc       ?M_Menu_Main_f@@YAXXZ      00418dfc f   menu.obj
 0001:00017e16       ?Init@multiplayerMenu_t@@UAE_NXZ 00418e16 f i menu.obj
 0001:00017f3a       ?Init@keysMenu_t@@UAE_NXZ  00418f3a f i menu.obj
 0001:00018128       ?KeyCursorDrawFunc@keysMenu_t@@SAXPAUmenuFramework_t@@@Z 00419128 f i menu.obj
 0001:0001816b       ?DrawKeyBindingFunc@keysMenu_t@@SAXPAX@Z 0041916b f i menu.obj
 0001:00018232       ?KeyDown@keysMenu_t@@UAEPBDH@Z 00419232 f i menu.obj
 0001:000182df       ?UnbindCommand@keysMenu_t@@QAEXPAD@Z 004192df f i menu.obj
 0001:00018324       ?KeyBindingFunc@keysMenu_t@@QAEXPAX@Z 00419324 f i menu.obj
 0001:00018386       ?Init@optionsMenu_t@@UAE_NXZ 00419386 f i menu.obj
 0001:00018739       ?CrosshairFunc@optionsMenu_t@@SAXPAX@Z 00419739 f i menu.obj
 0001:00018761       ?JoystickFunc@optionsMenu_t@@SAXPAX@Z 00419761 f i menu.obj
 0001:00018776       ?AlwaysRunFunc@optionsMenu_t@@SAXPAX@Z 00419776 f i menu.obj
 0001:0001878b       ?MouseSpeedFunc@optionsMenu_t@@SAXPAX@Z 0041978b f i menu.obj
 0001:000187a8       ?InvertMouseFunc@optionsMenu_t@@SAXPAX@Z 004197a8 f i menu.obj
 0001:000187e1       ?UpdateVolumeFunc@optionsMenu_t@@SAXPAX@Z 004197e1 f i menu.obj
 0001:000187fe       ?UpdateCDVolumeFunc@optionsMenu_t@@SAXPAX@Z 004197fe f i menu.obj
 0001:00018818       ?SetMenuItemValues@optionsMenu_t@@SAXXZ 00419818 f i menu.obj
 0001:00018960       ?ResetDefaultsFunc@optionsMenu_t@@SAXPAX@Z 00419960 f i menu.obj
 0001:00018975       ?UpdateSoundFunc@optionsMenu_t@@SAXPAX@Z 00419975 f i menu.obj
 0001:00018b79       ?ScanCrosshairs@optionsMenu_t@@SAXXZ 00419b79 f i menu.obj
 0001:00018bd6       ?Draw@optionsMenu_t@@UAEXXZ 00419bd6 f i menu.obj
 0001:00018c3b       ?Draw@creditsMenu_t@@UAEXXZ 00419c3b f i menu.obj
 0001:00018ce2       ?KeyDown@creditsMenu_t@@UAEPBDH@Z 00419ce2 f i menu.obj
 0001:00018d22       ?Init@creditsMenu_t@@UAE_NXZ 00419d22 f i menu.obj
 0001:00018da3       ?Init@gameMenu_t@@UAE_NXZ  00419da3 f i menu.obj
 0001:00018f2e       ?EasyGameFunc@gameMenu_t@@SAXPAX@Z 00419f2e f i menu.obj
 0001:00018f3a       ?StartGame@gameMenu_t@@SAXPBD@Z 00419f3a f i menu.obj
 0001:00018f95       ?MediumGameFunc@gameMenu_t@@SAXPAX@Z 00419f95 f i menu.obj
 0001:00018fa1       ?HardGameFunc@gameMenu_t@@SAXPAX@Z 00419fa1 f i menu.obj
 0001:00018fbd       ?Init@savegameMenu_t@@UAE_NXZ 00419fbd f i menu.obj
 0001:000190cd       ?Create_Savestrings@savegameMenu_t@@QAEXXZ 0041a0cd f i menu.obj
 0001:0001918d       ?LoadGameCallback@savegameMenu_t@@SAXPAX@Z 0041a18d f i menu.obj
 0001:000191ba       ?SaveGameCallback@savegameMenu_t@@SAXPAX@Z 0041a1ba f i menu.obj
 0001:000191dd       ?Draw@savegameMenu_t@@UAEXXZ 0041a1dd f i menu.obj
 0001:000191f8       ?DrawSavegameShot@savegameMenu_t@@QAEXHH@Z 0041a1f8 f i menu.obj
 0001:000192d3       ?Init@joinserverMenu_t@@UAE_NXZ 0041a2d3 f i menu.obj
 0001:0001940a       ?JoinServerFunc@joinserverMenu_t@@SAXPAX@Z 0041a40a f i menu.obj
 0001:0001946f       ?SearchLocalGames@joinserverMenu_t@@SAXXZ 0041a46f f i menu.obj
 0001:000194da       ?M_AddToServerList@@YAXUnetadr_t@@PAD@Z 0041a4da f   menu.obj
 0001:00019565       ?Init@startserverMenu_t@@UAE_NXZ 0041a565 f i menu.obj
 0001:000199f3       ?DMOptionsFunc@startserverMenu_t@@SAXPAX@Z 0041a9f3 f i menu.obj
 0001:00019a03       ?RulesChangeFunc@startserverMenu_t@@SAXPAX@Z 0041aa03 f i menu.obj
 0001:00019a7b       ?StartServerActionFunc@startserverMenu_t@@SAXPAX@Z 0041aa7b f i menu.obj
 0001:00019aa6       ?StartServerFunc@startserverMenu_t@@SAXPBD@Z 0041aaa6 f i menu.obj
 0001:00019c82       ?KeyDown@startserverMenu_t@@UAEPBDH@Z 0041ac82 f i menu.obj
 0001:00019ce1       ?Init@dmoptionsMenu_t@@UAE_NXZ 0041ace1 f i menu.obj
 0001:0001a2be       ?DMFlagCallback@dmoptionsMenu_t@@SAXPAX@Z 0041b2be f i menu.obj
 0001:0001a49c       ?Init@downloadOptionsMenu_t@@UAE_NXZ 0041b49c f i menu.obj
 0001:0001a676       ?DownloadCallback@downloadOptionsMenu_t@@SAXPAX@Z 0041b676 f i menu.obj
 0001:0001a6e4       ?Init@addressBookMenu_t@@UAE_NXZ 0041b6e4 f i menu.obj
 0001:0001a78a       ?KeyDown@addressBookMenu_t@@UAEPBDH@Z 0041b78a f i menu.obj
 0001:0001a7e9       ?Init@playerConfigMenu_t@@UAE_NXZ 0041b7e9 f i menu.obj
 0001:0001ad30       ?HandednessCallback@playerConfigMenu_t@@SAXPAX@Z 0041bd30 f i menu.obj
 0001:0001ad45       ?RTypeCallback@playerConfigMenu_t@@SAXPAX@Z 0041bd45 f i menu.obj
 0001:0001ad5a       ?RColorCallback@playerConfigMenu_t@@SAXPAX@Z 0041bd5a f i menu.obj
 0001:0001ad6f       ?RateCallback@playerConfigMenu_t@@SAXPAX@Z 0041bd6f f i menu.obj
 0001:0001ad92       ?ModelCallback@playerConfigMenu_t@@SAXPAX@Z 0041bd92 f i menu.obj
 0001:0001adc6       ?SkinCallback@playerConfigMenu_t@@SAXPAX@Z 0041bdc6 f i menu.obj
 0001:0001adce       ?Draw@playerConfigMenu_t@@UAEXXZ 0041bdce f i menu.obj
 0001:0001b0b0       ?KeyDown@playerConfigMenu_t@@UAEPBDH@Z 0041c0b0 f i menu.obj
 0001:0001b190       ?Init@dmbrowseMenu_t@@UAE_NXZ 0041c190 f i menu.obj
 0001:0001b399       ?KeyDown@dmbrowseMenu_t@@UAEPBDH@Z 0041c399 f i menu.obj
 0001:0001b571       ?Draw@dmbrowseMenu_t@@UAEXXZ 0041c571 f i menu.obj
 0001:0001b6be       ?DrawThumbnail@dmbrowseMenu_t@@SAXHHHHPAD_N@Z 0041c6be f i menu.obj
 0001:0001b798       ?Init@videoMenu_t@@UAE_NXZ 0041c798 f i menu.obj
 0001:0001bd71       ?ScreenSizeCallback@videoMenu_t@@SAXPAX@Z 0041cd71 f i menu.obj
 0001:0001bd92       ?BrightnessCallback@videoMenu_t@@SAXPAX@Z 0041cd92 f i menu.obj
 0001:0001bdb3       ?ContrastCallback@videoMenu_t@@SAXPAX@Z 0041cdb3 f i menu.obj
 0001:0001bdef       ?CancelChanges@videoMenu_t@@SAXPAX@Z 0041cdef f i menu.obj
 0001:0001be3c       ?KeyDown@videoMenu_t@@UAEPBDH@Z 0041ce3c f i menu.obj
 0001:0001be85       ?ApplyChanges@videoMenu_t@@SAXPAX@Z 0041ce85 f i menu.obj
 0001:0001c03c       ?KeyDown@quitMenu_t@@UAEPBDH@Z 0041d03c f i menu.obj
 0001:0001c079       ?Draw@quitMenu_t@@UAEXXZ   0041d079 f i menu.obj
 0001:0001c0e9       ?M_Init@@YAXXZ             0041d0e9 f   menu.obj
 0001:0001c2cb       ?ItemAtCursor@menuFramework_t@@QAEPAUmenuCommon_t@@XZ 0041d2cb f   qmenu.obj
 0001:0001c31f       ?AddItem@menuFramework_t@@QAEXPAUmenuCommon_t@@@Z 0041d31f f   qmenu.obj
 0001:0001c3db       ?AdjustCursor@menuFramework_t@@QAEXH@Z 0041d3db f   qmenu.obj
 0001:0001c553       ?Center@menuFramework_t@@QAEXXZ 0041d553 f   qmenu.obj
 0001:0001c594       ?Draw@menuFramework_t@@UAEXXZ 0041d594 f   qmenu.obj
 0001:0001cb4d       ?SelectItem@menuFramework_t@@QAE_NXZ 0041db4d f   qmenu.obj
 0001:0001cbb2       ?SetStatusBar@menuFramework_t@@QAEXPBD@Z 0041dbb2 f   qmenu.obj
 0001:0001cbbf       ?SlideItem@menuFramework_t@@QAEXH@Z 0041dbbf f   qmenu.obj
 0001:0001d15d       ?Push@menuFramework_t@@QAEXXZ 0041e15d f   qmenu.obj
 0001:0001d1dc       ?M_ForceMenuOff@@YAXXZ     0041e1dc f   qmenu.obj
 0001:0001d209       ?Pop@menuFramework_t@@QAEXXZ 0041e209 f   qmenu.obj
 0001:0001d243       ?KeyDown@menuFramework_t@@UAEPBDH@Z 0041e243 f   qmenu.obj
 0001:0001d4bb       ?Init@menuFramework_t@@UAE_NXZ 0041e4bb f   qmenu.obj
 0001:0001d4be       ?M_Draw@@YAXXZ             0041e4be f   qmenu.obj
 0001:0001d4f9       ?M_Keydown@@YAXH@Z         0041e4f9 f   qmenu.obj
 0001:0001d51b       ?InitRendererVars@@YAXXZ   0041e51b f   ref_vars.obj
 0001:0001d53a       ?S_SoundInfo_f@@YAXXZ      0041e53a f   snd_dma.obj
 0001:0001d5b4       ?S_Init@@YAXXZ             0041e5b4 f   snd_dma.obj
 0001:0001d686       ?S_Shutdown@@YAXXZ         0041e686 f   snd_dma.obj
 0001:0001d719       ?S_BeginRegistration@@YAXXZ 0041e719 f   snd_dma.obj
 0001:0001d727       ?S_RegisterSound@@YAPAUsfx_t@@PBD@Z 0041e727 f   snd_dma.obj
 0001:0001d8d2       ?S_EndRegistration@@YAXXZ  0041e8d2 f   snd_dma.obj
 0001:0001d95b       ?S_PickChannel@@YAPAUchannel_t@@HH@Z 0041e95b f   snd_dma.obj
 0001:0001d9e9       ?S_Spatialize@@YAXPAUchannel_t@@@Z 0041e9e9 f   snd_dma.obj
 0001:0001dbcb       ?S_AllocPlaysound@@YAPAUplaysound_t@@XZ 0041ebcb f   snd_dma.obj
 0001:0001dbed       ?S_FreePlaysound@@YAXPAUplaysound_t@@@Z 0041ebed f   snd_dma.obj
 0001:0001dc20       ?S_IssuePlaysound@@YAXPAUplaysound_t@@@Z 0041ec20 f   snd_dma.obj
 0001:0001dcf1       ?S_StartSound@@YAXPBUCVec3@@HHPAUsfx_t@@MMM@Z 0041ecf1 f   snd_dma.obj
 0001:0001e0b2       ?S_StartLocalSound@@YAXPBD@Z 0041f0b2 f   snd_dma.obj
 0001:0001e104       ?S_ClearBuffer@@YAXXZ      0041f104 f   snd_dma.obj
 0001:0001e16d       ?S_StopAllSounds_f@@YAXXZ  0041f16d f   snd_dma.obj
 0001:0001e1dd       ?S_AddLoopSounds@@YAXXZ    0041f1dd f   snd_dma.obj
 0001:0001e3b3       ?S_RawSamples@@YAXHHHHPAE@Z 0041f3b3 f   snd_dma.obj
 0001:0001e5b7       ?S_Update@@YAXABUCVec3@@0@Z 0041f5b7 f   snd_dma.obj
 0001:0001e68d       ?GetSoundtime@@YAXXZ       0041f68d f   snd_dma.obj
 0001:0001e6f4       ?S_Update_@@YAXXZ          0041f6f4 f   snd_dma.obj
 0001:0001e9a7       ?S_LoadSound@@YAPAUsfxcache_t@@PAUsfx_t@@@Z 0041f9a7 f   snd_mem.obj
 0001:0001ef38       ?S_WriteLinearBlastStereo16@@YAXXZ 0041ff38 f   snd_mix.obj
 0001:0001efa2       ?S_TransferStereo16@@YAXPAKH@Z 0041ffa2 f   snd_mix.obj
 0001:0001f00d       ?S_TransferPaintBuffer@@YAXH@Z 0042000d f   snd_mix.obj
 0001:0001f171       ?S_PaintChannels@@YAXH@Z   00420171 f   snd_mix.obj
 0001:0001f3ed       ?S_InitScaletable@@YAXXZ   004203ed f   snd_mix.obj
 0001:0001f532       ?SV_ComputeAnimation@@YAXPAUplayer_state_t@@AAUentityStateEx_t@@PAU2@PAUedict_s@@@Z 00420532 f   sv_anim.obj
 0001:0001f9ef       ?SV_ReadLevelFile@@YAXXZ   004209ef f   sv_ccmds.obj
 0001:0001fa94       ?SV_AddressBanned@@YA_NPAUnetadr_t@@@Z 00420a94 f   sv_ccmds.obj
 0001:0001fad8       ?SV_InitCommands@@YAXXZ    00420ad8 f   sv_ccmds.obj
 0001:00020f64       ?sprintf@?$TString@$0CI@@@QAAHPBDZZ 00421f64 f i sv_ccmds.obj
 0001:00020f7e       ?SV_WriteFrameToClient@@YAXPAUclient_t@@PAVsizebuf_t@@@Z 00421f7e f   sv_ents.obj
 0001:0002169f       ?SV_RecordDemoMessage@@YAXXZ 0042269f f   sv_ents.obj
 0001:0002186d       ?SV_MulticastOld@@YAXABUCVec3@@W4multicast_t@@@Z 0042286d f i sv_game.obj
 0001:00021882       ?SV_StartSoundOld@@YAXPBUCVec3@@PAUedict_s@@HHMMM@Z 00422882 f i sv_game.obj
 0001:000222da       ?SV_InitGameLibrary@@YAX_N@Z 004232da f   sv_game.obj
 0001:000225cf       ?SV_ShutdownGameLibrary@@YAXXZ 004235cf f   sv_game.obj
 0001:0002272c       ?SV_FindIndex@@YAHPBDHH_N@Z 0042372c f   sv_init.obj
 0001:00022843       ?SV_ModelIndex@@YAHPBD@Z   00423843 f   sv_init.obj
 0001:0002285c       ?SV_SoundIndex@@YAHPBD@Z   0042385c f   sv_init.obj
 0001:00022878       ?SV_ImageIndex@@YAHPBD@Z   00423878 f   sv_init.obj
 0001:00022894       ?SV_CreateBaseline@@YAXXZ  00423894 f   sv_init.obj
 0001:00022911       ?SV_SpawnServer@@YAXPAD0W4server_state_t@@_N2@Z 00423911 f   sv_init.obj
 0001:00022c7f       ?SV_InitGame@@YAXXZ        00423c7f f   sv_init.obj
 0001:00022ea8       ?SV_Map@@YAX_NPBD0@Z       00423ea8 f   sv_init.obj
 0001:0002306d       ?SV_DropClient@@YAXPAUclient_t@@PAD@Z 0042406d f   sv_main.obj
 0001:00023aa2       ??0COutputDeviceMem@@QAE@H@Z 00424aa2 f i sv_main.obj
 0001:00023ad3       ?Write@COutputDeviceMem@@UAEXPBD@Z 00424ad3 f i sv_main.obj
 0001:00023b5a       ??_GCOutputDeviceMem@@UAEPAXI@Z 00424b5a f i sv_main.obj
 0001:00023b5a       ??_ECOutputDeviceMem@@UAEPAXI@Z 00424b5a f i sv_main.obj
 0001:00023b79       ??1COutputDeviceMem@@UAE@XZ 00424b79 f i sv_main.obj
 0001:00023b98       ?SV_CalcPings@@YAXXZ       00424b98 f   sv_main.obj
 0001:00023c1f       ?SV_GiveMsec@@YAXXZ        00424c1f f   sv_main.obj
 0001:00023c5e       ?SV_ReadPackets@@YAXXZ     00424c5e f   sv_main.obj
 0001:00023e71       ?SV_CheckTimeouts@@YAXXZ   00424e71 f   sv_main.obj
 0001:00023f82       ?SV_PostprocessFrame@@YAXXZ 00424f82 f   sv_main.obj
 0001:00024447       ?SV_MulticastHook@@YAPAVsizebuf_t@@PAV1@0@Z 00425447 f   sv_main.obj
 0001:00024823       ?SV_TraceHook@@YAXAAUtrace0_t@@ABUCVec3@@PBU2@21PAUedict_s@@H@Z 00425823 f   sv_main.obj
 0001:000249b1       ?SV_Frame@@YAXM@Z          004259b1 f   sv_main.obj
 0001:00024c6e       ?SV_UserinfoChanged@@YAXPAUclient_t@@@Z 00425c6e f   sv_main.obj
 0001:00024d30       ?SV_InitVars@@YAXXZ        00425d30 f   sv_main.obj
 0001:00024d3f       ?SV_Init@@YAXXZ            00425d3f f   sv_main.obj
 0001:00024d98       ?SV_Shutdown@@YAXPBD_N@Z   00425d98 f   sv_main.obj
 0001:00024fa5       ?SV_ClientPrintf@@YAXPAUclient_t@@HPBDZZ 00425fa5 f   sv_send.obj
 0001:00025000       ?SV_BroadcastPrintf@@YAXHPBDZZ 00426000 f   sv_send.obj
 0001:000250d6       ?SV_BroadcastCommand@@YAXPBDZZ 004260d6 f   sv_send.obj
 0001:00025130       ?SV_Multicast@@YAXABUCVec3@@W4multicast_t@@_N@Z 00426130 f   sv_send.obj
 0001:00025331       ?SV_StartSound@@YAXPBUCVec3@@PAUedict_s@@HHMMM_N@Z 00426331 f   sv_send.obj
 0001:000255ca       ?SV_SendClientDatagram@@YA_NPAUclient_t@@@Z 004265ca f   sv_send.obj
 0001:0002568c       ?SV_DemoCompleted@@YAXXZ   0042668c f   sv_send.obj
 0001:000256a8       ?SV_SendClientMessages@@YAXXZ 004266a8 f   sv_send.obj
 0001:0002585b       ?SV_DrawText3D@@YAXABUCVec3@@PBDI@Z 0042685b f   sv_text.obj
 0001:00025893       ?SV_ClearTexts@@YAXXZ      00426893 f   sv_text.obj
 0001:0002589b       ?SV_DrawTexts@@YAXXZ       0042689b f   sv_text.obj
 0001:000258f0       ??0?$TTextContainer@UCSVText@@$0BAAAA@@@QAE@XZ 004268f0 f i sv_text.obj
 0001:00025915       ?SV_TokenizeString@@YAXPBD@Z 00426915 f   sv_tokenize.obj
 0001:000259ec       ?SV_Argc@@YAHXZ            004269ec f   sv_tokenize.obj
 0001:000259f2       ?SV_Argv@@YAPADH@Z         004269f2 f   sv_tokenize.obj
 0001:00025a10       ?SV_Args@@YAPADXZ          00426a10 f   sv_tokenize.obj
 0001:000262db       ?SV_Nextserver@@YAXXZ      004272db f   sv_user.obj
 0001:0002636f       ?SV_ClientThink@@YAXPAUclient_t@@PAUusercmd_t@@@Z 0042736f f   sv_user.obj
 0001:00026400       ?SV_ExecuteClientMessage@@YAXPAUclient_t@@@Z 00427400 f   sv_user.obj
 0001:00026750       ?SV_ClearWorld@@YAXXZ      00427750 f   sv_world.obj
 0001:0002688e       ?SV_UnlinkEdict@@YAXPAUedict_s@@@Z 0042788e f   sv_world.obj
 0001:00026954       ?SV_LinkEdict@@YAXPAUedict_s@@@Z 00427954 f   sv_world.obj
 0001:00026f6e       ?SV_AreaEdicts@@YAHABUCVec3@@0PAPAUedict_s@@HH@Z 00427f6e f   sv_world.obj
 0001:0002710c       ?SV_PointContents@@YAHABUCVec3@@@Z 0042810c f   sv_world.obj
 0001:00027232       ?SV_Trace@@YAXAAUtrace_t@@ABUCVec3@@1ABUCBox@@PAUedict_s@@H@Z 00428232 f   sv_world.obj
 0001:000276af       ?InitByteDirs@@YAXXZ       004286af f   anorms.obj
 0001:000276ee       ?Cbuf_AddText@@YAXPBD@Z    004286ee f   cmd.obj
 0001:00027754       ?Cbuf_CopyToDefer@@YAXXZ   00428754 f   cmd.obj
 0001:0002779c       ?Cbuf_InsertFromDefer@@YAXXZ 0042879c f   cmd.obj
 0001:00027858       ?Cbuf_Execute@@YAXXZ       00428858 f   cmd.obj
 0001:00027968       ?Cmd_Unalias_f@@YAX_NHPAPAD@Z 00428968 f   cmd.obj
 0001:000279e0       ?Cmd_WriteAliases@@YAXPAVCOutputDevice@@@Z 004289e0 f   cmd.obj
 0001:00027a13       ?RegisterCommand@@YA_NPBDP6AXXZI@Z 00428a13 f   cmd.obj
 0001:00027af4       ?UnregisterCommand@@YA_NPBD@Z 00428af4 f   cmd.obj
 0001:00027b85       ?ExecuteCommand@@YA_NPBD@Z 00428b85 f   cmd.obj
 0001:00027fc8       ?ExecuteCommand@@YA_NPBDPBUCSimpleCommand@@H@Z 00428fc8 f   cmd.obj
 0001:0002840a       ?CM_LoadMap@@YAPAUcmodel_t@@PBD_NPAI@Z 0042940a f   cmodel.obj
 0001:00028a8e       ?LoadLeafBrushes@@YAXPAGH@Z 00429a8e f i cmodel.obj
 0001:000298e0       ?CM_BuildBrush@@YAPAUCBrush@@HPAVCMemoryChain@@@Z 0042a8e0 f   cmodel.obj
 0001:000299b2       ?CM_InlineModel@@YAPAUcmodel_t@@PBD@Z 0042a9b2 f   cmodel.obj
 0001:000299dd       ?CM_InlineModel@@YAPAUcmodel_t@@H@Z 0042a9dd f   cmodel.obj
 0001:00029a05       ?CM_NumClusters@@YAHXZ     0042aa05 f   cmodel.obj
 0001:00029a15       ?CM_NumInlineModels@@YAHXZ 0042aa15 f   cmodel.obj
 0001:00029b3d       ?CM_HeadnodeForBox@@YAHABUCBox@@@Z 0042ab3d f   cmodel.obj
 0001:00029bc0       ?CM_FindLeaf@@YAPBUCBspLeaf@@ABUCVec3@@H@Z 0042abc0 f   cmodel.obj
 0001:00029c70       ?DistanceTo@CPlane@@QBEMABUCVec3@@@Z 0042ac70 f i cmodel.obj
 0001:00029cb5       ?CM_PointContents@@YAHABUCVec3@@H@Z 0042acb5 f   cmodel.obj
 0001:00029d1f       ?CM_TransformedPointContents@@YAHABUCVec3@@H00@Z 0042ad1f f   cmodel.obj
 0001:00029df7       ?CM_TransformedPointContents@@YAHABUCVec3@@H0ABUCAxis@@@Z 0042adf7 f   cmodel.obj
 0001:00029e99       ?CM_BoxLeafs@@YAHABUCBox@@PAPAUCBspLeaf@@HPAHH@Z 0042ae99 f   cmodel.obj
 0001:00029fac       ?BOX_ON_PLANE_SIDE@@YAHABUCBox@@ABUCPlane@@@Z 0042afac f i cmodel.obj
 0001:0002a017       ?CM_BoxTrace@@YAXAAUtrace_t@@ABUCVec3@@1ABUCBox@@HI@Z 0042b017 f   cmodel.obj
 0001:0002a77d       ?SplitTrace@@YAMABUCVec3@@0ABUCPlane@@AAM2_N@Z 0042b77d f i cmodel.obj
 0001:0002ac33       ?CM_TransformedBoxTrace@@YAXAAUtrace_t@@ABUCVec3@@1ABUCBox@@HI11@Z 0042bc33 f   cmodel.obj
 0001:0002ada6       ?CM_TransformedBoxTrace@@YAXAAUtrace_t@@ABUCVec3@@1ABUCBox@@HI1ABUCAxis@@@Z 0042bda6 f   cmodel.obj
 0001:0002ae63       ?CM_CombineTrace@@YA_NAAUtrace_t@@ABU1@@Z 0042be63 f   cmodel.obj
 0001:0002aeb0       ?CM_ClipTraceToModels@@YAXAAUtrace_t@@ABUCVec3@@1ABUCBox@@I@Z 0042beb0 f   cmodel.obj
 0001:0002afb2       ?CM_PointModelContents@@YAHABUCVec3@@@Z 0042bfb2 f   cmodel.obj
 0001:0002b001       ?CM_BrushTrace@@YAHABUCVec3@@0PAHH@Z 0042c001 f   cmodel.obj
 0001:0002b310       ?CM_RefineBrushTrace@@YAHABUCVec3@@0PAHH@Z 0042c310 f   cmodel.obj
 0001:0002b3b6       ?CM_ClusterPVS@@YAPBEH@Z   0042c3b6 f   cmodel.obj
 0001:0002b4ee       ?CM_SetAreaPortalState@@YAXH_N@Z 0042c4ee f   cmodel.obj
 0001:0002b516       ?CM_AreasConnected@@YA_NHH@Z 0042c516 f   cmodel.obj
 0001:0002b55d       ?CM_WriteAreaBits@@YAHPAEH@Z 0042c55d f   cmodel.obj
 0001:0002b5ff       ?CM_WritePortalState@@YAXPAU_iobuf@@@Z 0042c5ff f   cmodel.obj
 0001:0002b61c       ?CM_ReadPortalState@@YAXPAU_iobuf@@@Z 0042c61c f   cmodel.obj
 0001:0002b63e       ?CM_HeadnodeVisible@@YA_NHPBE@Z 0042c63e f   cmodel.obj
 0001:0002b71e       ??E?$TStringSplitter@$0EA@$0DL@@@QAEXXZ 0042c71e f i cmodel.obj
 0001:0002b780       ?LoadNodes@@YAXPAUdBsp2Node_t@@H@Z 0042c780 f i cmodel.obj
 0001:0002b8a5       ?LoadNodes@@YAXPAUdBsp1Node_t@@H@Z 0042c8a5 f i cmodel.obj
 0001:0002b973       ?Com_DPrintf@@YAXPBDZZ     0042c973 f   common.obj
 0001:0002b9ec       ?DebugPrintf@@YAXPBDZZ     0042c9ec f   common.obj
 0001:0002ba9b       ?IPWildcard@@YA_NPAUnetadr_t@@PBD@Z 0042ca9b f   common.obj
 0001:0002bb75       ?Com_ServerState@@YA?AW4server_state_t@@XZ 0042cb75 f   common.obj
 0001:0002bb7b       ?Com_SetServerState@@YAXW4server_state_t@@@Z 0042cb7b f   common.obj
 0001:0002bb88       ?crand@@YAMXZ              0042cb88 f   common.obj
 0001:0002bba6       ?Info_ValueForKey@@YAPBDPBD0@Z 0042cba6 f   common.obj
 0001:0002bc25       ?Info_SetValueForKey@@YAXPADPBD1@Z 0042cc25 f   common.obj
 0001:0002bd5c       ?Info_Print@@YAXPBD@Z      0042cd5c f   common.obj
 0001:0002bde2       ?LerpAngle@@YAMMMM@Z       0042cde2 f   common.obj
 0001:0002be26       ?ReduceAngle@@YAMM@Z       0042ce26 f   common.obj
 0001:0002be52       ?AngleSubtract@@YAMMM@Z    0042ce52 f   common.obj
 0001:0002be8b       ?AnglesSubtract@@YAXABUCVec3@@0AAU1@@Z 0042ce8b f   common.obj
 0001:0002bee4       ?COM_Parse@@YAPADAAPBD_N@Z 0042cee4 f   common.obj
 0001:0002c006       ?COM_QuoteString@@YAPBDPBD_N@Z 0042d006 f   common.obj
 0001:0002c063       ?Com_CheckCmdlineVar@@YA_NPBD@Z 0042d063 f   common.obj
 0001:0002c0bc       ?Com_Init@@YAXPBD@Z        0042d0bc f   common.obj
 0001:0002c463       ?Com_Frame@@YAXM@Z         0042d463 f   common.obj
 0001:0002c877       ?Com_BlockSequenceCRCByte@@YAEPAEHH@Z 0042d877 f   crc.obj
 0001:0002c92f       ?Cvar_VariableValue@@YAMPBD@Z 0042d92f f   cvar.obj
 0001:0002c9a6       ?Cvar_VariableInt@@YAHPBD@Z 0042d9a6 f   cvar.obj
 0001:0002c9bd       ?Cvar_VariableString@@YAPBDPBD@Z 0042d9bd f   cvar.obj
 0001:0002c9d9       ?Cvar_Get@@YAPAUcvar_t@@PBD0H@Z 0042d9d9 f   cvar.obj
 0001:0002cca6       ?Cvar_GetVars@@YAXPBUcvarInfo_t@@H@Z 0042dca6 f   cvar.obj
 0001:0002cd50       ?Cvar_FullSet@@YAXPAUcvar_t@@PBDI@Z 0042dd50 f   cvar.obj
 0001:0002cd70       ?Cvar_FullSet@@YAPAUcvar_t@@PBD0I@Z 0042dd70 f   cvar.obj
 0001:0002cdb0       ?Cvar_SetValue@@YAPAUcvar_t@@PBDM@Z 0042ddb0 f   cvar.obj
 0001:0002cf49       ?Cvar_SetInteger@@YAPAUcvar_t@@PBDH@Z 0042df49 f   cvar.obj
 0001:0002cf6d       ?Cvar_Set@@YAPAUcvar_t@@PBD0@Z 0042df6d f   cvar.obj
 0001:0002cf84       ?Cvar_ForceSet@@YAPAUcvar_t@@PBD0@Z 0042df84 f   cvar.obj
 0001:0002cf9b       ?Cvar_Clamp@@YAMPAUcvar_t@@MM@Z 0042df9b f   cvar.obj
 0001:0002cff9       ?Cvar_Command@@YA_NHPAPAD@Z 0042dff9 f   cvar.obj
 0001:0002d094       ?IsDefault@cvar_t@@QAE_NXZ 0042e094 f i cvar.obj
 0001:0002d0b1       ?Cvar_WriteVariables@@YAXPAVCOutputDevice@@HHPBD@Z 0042e0b1 f   cvar.obj
 0001:0002d137       ?Cvar_BitInfo@@YAPBDI@Z    0042e137 f   cvar.obj
 0001:0002d189       ?Cvar_Cheats@@YAX_N@Z      0042e189 f   cvar.obj
 0001:0002da00       ?MSG_WriteDeltaEntity@@YAXPAVsizebuf_t@@PBUentityStateEx_t@@PAU2@_N33@Z 0042ea00 f   entdelta.obj
 0001:0002dfbc       ?MSG_WriteRemoveEntity@@YAXPAVsizebuf_t@@H@Z 0042efbc f   entdelta.obj
 0001:0002dffc       ?MSG_ReadEntityBits@@YAHPAVsizebuf_t@@PAIPA_N@Z 0042effc f   entdelta.obj
 0001:0002e06e       ?MSG_ReadDeltaEntity@@YAXPAVsizebuf_t@@PBUentityStateEx_t@@PAU2@I@Z 0042f06e f   entdelta.obj
 0001:0002e0f1       ?MSG_WriteDeltaUsercmd@@YAXPAVsizebuf_t@@PBUusercmd_t@@PAU2@@Z 0042f0f1 f   entdelta.obj
 0001:0002e180       ?MSG_ReadDeltaUsercmd@@YAXPAVsizebuf_t@@PBUusercmd_t@@PAU2@@Z 0042f180 f   entdelta.obj
 0001:0002e483       ?MSG_WriteDeltaPlayerstate@@YAXPAVsizebuf_t@@PBUplayer_state_t@@PAU2@@Z 0042f483 f   entdelta.obj
 0001:0002e58c       ?MSG_ReadDeltaPlayerstate@@YAXPAVsizebuf_t@@PBUplayer_state_t@@PAU2@@Z 0042f58c f   entdelta.obj
 0001:0002e646       ?ProcessEntstring@@YAPBDPBD@Z 0042f646 f   EntityParser.obj
 0001:00030506       ?LoadPCX@@YAPAEPBDAAH1AAPAE@Z 00431506 f   images.obj
 0001:00030641       ?LoadTGA@@YAPAEPBDAAH1@Z   00431641 f   images.obj
 0001:000308d5       ?LoadJPG@@YAPAEPBDAAH1@Z   004318d5 f   images.obj
 0001:00030b89       ?ImageExists@@YAHPBDH@Z    00431b89 f   images.obj
 0001:00030cad       ?WriteTGA@@YA_NPBDPAEHH@Z  00431cad f   images.obj
 0001:00030ea1       ?WriteJPG@@YA_NPBDPAEHH_N@Z 00431ea1 f   images.obj
 0001:00030fd2       ??0CBrush@@QAE@ABUCBox@@@Z 00431fd2 f   MapBrush.obj
 0001:00031123       ?Split@CBrush@@QAEPAU1@PAUCPlane@@@Z 00432123 f   MapBrush.obj
 0001:00031b75       ?GetVec@CAllocVertexPool@@QAEPAUCVec3@@ABU2@@Z 00432b75 f i MapBrush.obj
 0001:00031c09       ?GetBounds@CBrush@@QAEXAAUCBox@@@Z 00432c09 f   MapBrush.obj
 0001:00031c8b       ?AddBevels@CBrush@@QAEXP6APAUCPlane@@ABUCVec3@@M@Z@Z 00432c8b f   MapBrush.obj
 0001:00031f7f       ?Negate@CVec3@@QAEXXZ      00432f7f f i MapBrush.obj
 0001:00031f8d       ?MD4Init@@YAXPAUMD4_CTX@@@Z 00432f8d f   md4.obj
 0001:00031fb5       ?MD4Update@@YAXPAUMD4_CTX@@PAEI@Z 00432fb5 f   md4.obj
 0001:00032053       ?MD4Final@@YAXQAEPAUMD4_CTX@@@Z 00433053 f   md4.obj
 0001:00032744       ?Com_BlockChecksum@@YAIPAXH@Z 00433744 f   md4.obj
 0001:00032780       ?LoadQ2BspFile@@YAXXZ      00433780 f   model.obj
 0001:00032cfe       ?LoadQ1BspFile@@YAXXZ      00433cfe f   model.obj
 0001:00033085       ?LoadQ3BspFile@@YAXXZ      00434085 f   model.obj
 0001:000332f6       ?LoadBspFile@@YAPAUbspfile_t@@PBD_NPAI@Z 004342f6 f   model.obj
 0001:000334f7       ?Init@sizebuf_t@@QAEXPAXH@Z 004344f7 f   msg.obj
 0001:00033514       ?Write@sizebuf_t@@QAEXPBXH@Z 00434514 f   msg.obj
 0001:00033586       ?MSG_WriteChar@@YAXPAVsizebuf_t@@H@Z 00434586 f   msg.obj
 0001:00033586       ?MSG_WriteByte@@YAXPAVsizebuf_t@@H@Z 00434586 f   msg.obj
 0001:00033599       ?MSG_WriteShort@@YAXPAVsizebuf_t@@H@Z 00434599 f   msg.obj
 0001:000335ac       ?MSG_WriteLong@@YAXPAVsizebuf_t@@H@Z 004345ac f   msg.obj
 0001:000335bf       ?MSG_WriteFloat@@YAXPAVsizebuf_t@@M@Z 004345bf f   msg.obj
 0001:000335d2       ?MSG_WriteString@@YAXPAVsizebuf_t@@PBD@Z 004345d2 f   msg.obj
 0001:000335fc       ?MSG_WritePos@@YAXPAVsizebuf_t@@ABUCVec3@@@Z 004345fc f   msg.obj
 0001:00033660       ?MSG_WriteAngle@@YAXPAVsizebuf_t@@M@Z 00434660 f   msg.obj
 0001:0003368b       ?MSG_WriteAngle16@@YAXPAVsizebuf_t@@M@Z 0043468b f   msg.obj
 0001:000336b6       ?MSG_WriteDir@@YAXPAVsizebuf_t@@ABUCVec3@@@Z 004346b6 f   msg.obj
 0001:0003371e       ?MSG_ReadDir@@YAXPAVsizebuf_t@@AAUCVec3@@@Z 0043471e f   msg.obj
 0001:00033751       ?MSG_ReadChar@@YAHPAVsizebuf_t@@@Z 00434751 f   msg.obj
 0001:00033774       ?MSG_ReadByte@@YAHPAVsizebuf_t@@@Z 00434774 f   msg.obj
 0001:0003379c       ?MSG_ReadShort@@YAHPAVsizebuf_t@@@Z 0043479c f   msg.obj
 0001:000337c5       ?MSG_ReadLong@@YAHPAVsizebuf_t@@@Z 004347c5 f   msg.obj
 0001:000337e7       ?MSG_ReadString@@YAPADPAVsizebuf_t@@@Z 004347e7 f   msg.obj
 0001:0003381d       ?MSG_ReadPos@@YAXPAVsizebuf_t@@AAUCVec3@@@Z 0043481d f   msg.obj
 0001:0003386f       ?MSG_ReadAngle@@YAMPAVsizebuf_t@@@Z 0043486f f   msg.obj
 0001:00033889       ?MSG_ReadAngle16@@YAMPAVsizebuf_t@@@Z 00434889 f   msg.obj
 0001:000338a3       ?MSG_ReadData@@YAXPAVsizebuf_t@@PAXH@Z 004348a3 f   msg.obj
 0001:000338c6       ?Netchan_Init@@YAXXZ       004348c6 f   net_chan.obj
 0001:00033935       ?Netchan_OutOfBandPrint@@YAXW4netsrc_t@@Unetadr_t@@PBDZZ 00434935 f   net_chan.obj
 0001:000339ba       ?Setup@netchan_t@@QAEXW4netsrc_t@@Unetadr_t@@H@Z 004349ba f   net_chan.obj
 0001:00033a10       ?NeedReliable@netchan_t@@QAE_NXZ 00434a10 f   net_chan.obj
 0001:00033a35       ?Transmit@netchan_t@@QAEXPAXH@Z 00434a35 f   net_chan.obj
 0001:00033bcb       ?Process@netchan_t@@QAE_NPAVsizebuf_t@@@Z 00434bcb f   net_chan.obj
 0001:00033cf8       ?Pmove@@YAXPAUpmove_t@@@Z  00434cf8 f   pmove.obj
 0001:0003596e       ?FileExists@CQuakeFileSystem@@UAE_NPBDI@Z 0043696e f i QuakeFileSystem.obj
 0001:000359d5       ?CheckFilename@CQuakeFileSystem@@AAEXPBD@Z 004369d5 f i QuakeFileSystem.obj
 0001:00035a74       ?OpenFile@CQuakeFileSystem@@UAEPAVCFile@@PBDI@Z 00436a74 f i QuakeFileSystem.obj
 0001:00035b04       ?List@CQuakeFileSystem@@UAEPAVCFileList@@PBDIPAV2@@Z 00436b04 f i QuakeFileSystem.obj
 0001:00035b96       ??_ECQuakeFileSystem@@UAEPAXI@Z 00436b96 f i QuakeFileSystem.obj
 0001:00035b96       ??_GCQuakeFileSystem@@UAEPAXI@Z 00436b96 f i QuakeFileSystem.obj
 0001:00035b96       ??_ECFileSystem@@UAEPAXI@Z 00436b96 f i QuakeFileSystem.obj
 0001:00035b96       ??_GCFileSystem@@UAEPAXI@Z 00436b96 f i QuakeFileSystem.obj
 0001:00035bb6       ?FS_Gamedir@@YAPBDXZ       00436bb6 f   QuakeFileSystem.obj
 0001:00035bbc       ?FS_NextPath@@YAPBDPBD@Z   00436bbc f   QuakeFileSystem.obj
 0001:00035c00       ?FS_CopyFile@@YAXPBD0@Z    00436c00 f   QuakeFileSystem.obj
 0001:00035cd6       ?FS_CopyFiles@@YAXPBD0@Z   00436cd6 f   QuakeFileSystem.obj
 0001:00035df0       ?FS_RemoveFiles@@YAXPBD@Z  00436df0 f   QuakeFileSystem.obj
 0001:00035eab       ?InitFileSystem@@YAXXZ     00436eab f   QuakeFileSystem.obj
 0001:00035fdf       ?Create@CFileContainerPak@@SAPAVCFileContainer@@PBDPAU_iobuf@@@Z 00436fdf f i QuakeFileSystem.obj
 0001:00036148       ??0CFileContainerArc@@QAE@XZ 00437148 f i QuakeFileSystem.obj
 0001:0003618f       ??_GCFileContainerArc@@UAEPAXI@Z 0043718f f i QuakeFileSystem.obj
 0001:0003618f       ??_ECFileContainerArc@@UAEPAXI@Z 0043718f f i QuakeFileSystem.obj
 0001:000361be       ?GetType@CFileContainerPak@@MAEPBDXZ 004371be f i QuakeFileSystem.obj
 0001:000361c4       ?OpenLocalFile@CFileContainerPak@@MAEPAVCFile@@ABVCStringItem@@@Z 004371c4 f i QuakeFileSystem.obj
 0001:00036214       ?Read@CFilePak@CFileContainerPak@@UAEHPAXH@Z 00437214 f i QuakeFileSystem.obj
 0001:0003624e       ?GetSize@CFilePak@CFileContainerPak@@UAEHXZ 0043724e f i QuakeFileSystem.obj
 0001:00036255       ?Eof@CFilePak@CFileContainerPak@@UAE_NXZ 00437255 f i QuakeFileSystem.obj
 0001:00036262       ??_GCFilePak@CFileContainerPak@@UAEPAXI@Z 00437262 f i QuakeFileSystem.obj
 0001:00036262       ??_ECFilePak@CFileContainerPak@@UAEPAXI@Z 00437262 f i QuakeFileSystem.obj
 0001:00036297       ??_GCFileContainerPak@@UAEPAXI@Z 00437297 f i QuakeFileSystem.obj
 0001:00036297       ??_ECFileContainerPak@@UAEPAXI@Z 00437297 f i QuakeFileSystem.obj
 0001:000362c6       ?Create@CFileContainerZip@@SAPAVCFileContainer@@PBDPAU_iobuf@@@Z 004372c6 f i QuakeFileSystem.obj
 0001:000365c5       ?GetType@CFileContainerZip@@MAEPBDXZ 004375c5 f i QuakeFileSystem.obj
 0001:000365cb       ?OpenLocalFile@CFileContainerZip@@MAEPAVCFile@@ABVCStringItem@@@Z 004375cb f i QuakeFileSystem.obj
 0001:00036667       ??0CFilePak@CFileContainerZip@@QAE@ABVCFileInfo@1@PAU_iobuf@@@Z 00437667 f i QuakeFileSystem.obj
 0001:000366b9       ?Read@CFilePak@CFileContainerZip@@UAEHPAXH@Z 004376b9 f i QuakeFileSystem.obj
 0001:00036802       ?GetSize@CFilePak@CFileContainerZip@@UAEHXZ 00437802 f i QuakeFileSystem.obj
 0001:0003680c       ?Eof@CFilePak@CFileContainerZip@@UAE_NXZ 0043780c f i QuakeFileSystem.obj
 0001:0003681f       ??_GCFilePak@CFileContainerZip@@UAEPAXI@Z 0043781f f i QuakeFileSystem.obj
 0001:0003681f       ??_ECFilePak@CFileContainerZip@@UAEPAXI@Z 0043781f f i QuakeFileSystem.obj
 0001:0003683e       ??1CFilePak@CFileContainerZip@@UAE@XZ 0043783e f i QuakeFileSystem.obj
 0001:000368ad       ??_ECFileContainerZip@@UAEPAXI@Z 004378ad f i QuakeFileSystem.obj
 0001:000368ad       ??_GCFileContainerZip@@UAEPAXI@Z 004378ad f i QuakeFileSystem.obj
 0001:000368dc       ?Mount@CZResource@@SAPAVCFileContainer@@PBDPBE0PAVCFileSystem@@@Z 004378dc f i QuakeFileSystem.obj
 0001:00036a88       ?GetType@CZResource@@MAEPBDXZ 00437a88 f i QuakeFileSystem.obj
 0001:00036a8e       ?OpenLocalFile@CZResource@@MAEPAVCFile@@ABVCStringItem@@@Z 00437a8e f i QuakeFileSystem.obj
 0001:00036abf       ??0CFileRes@CZResource@@QAE@ABVCFileInfo@1@PBXH@Z 00437abf f i QuakeFileSystem.obj
 0001:00036b72       ?Read@CFileRes@CZResource@@UAEHPAXH@Z 00437b72 f i QuakeFileSystem.obj
 0001:00036bc5       ?GetSize@CFileRes@CZResource@@UAEHXZ 00437bc5 f i QuakeFileSystem.obj
 0001:00036bcc       ?Eof@CFileRes@CZResource@@UAE_NXZ 00437bcc f i QuakeFileSystem.obj
 0001:00036bd9       ??_ECFileRes@CZResource@@UAEPAXI@Z 00437bd9 f i QuakeFileSystem.obj
 0001:00036bd9       ??_GCFileRes@CZResource@@UAEPAXI@Z 00437bd9 f i QuakeFileSystem.obj
 0001:00036c0b       ??_GCZResource@@UAEPAXI@Z  00437c0b f i QuakeFileSystem.obj
 0001:00036c0b       ??_ECZResource@@UAEPAXI@Z  00437c0b f i QuakeFileSystem.obj
 0001:00036c3a       ?MountGame@CQuakeFileSystem@@QAEXPBD@Z 00437c3a f i QuakeFileSystem.obj
 0001:00036c85       ?SetGameDir@CQuakeFileSystem@@QAE_NPBD@Z 00437c85 f i QuakeFileSystem.obj
 0001:00036e87       ?FS_Tick@@YAXXZ            00437e87 f   QuakeFileSystem.obj
 0001:00036fd4       ?CDAudio_Play@@YAXH_N@Z    00437fd4 f   cd_win.obj
 0001:000371c7       ?CDAudio_Stop@@YAXXZ       004381c7 f   cd_win.obj
 0001:00037288       ?CDAudio_Update@@YAXXZ     00438288 f   cd_win.obj
 0001:0003732b       ?CDAudio_Init@@YA_NXZ      0043832b f   cd_win.obj
 0001:0003774c       ?CDAudio_Shutdown@@YAXXZ   0043874c f   cd_win.obj
 0001:0003776f       ?CDAudio_Activate@@YAX_N@Z 0043876f f   cd_win.obj
 0001:00037786       ?IN_Init@@YAXXZ            00438786 f   in_win.obj
 0001:00037a13       ?IN_Shutdown@@YAXXZ        00438a13 f   in_win.obj
 0001:00037c74       ?IN_Activate@@YAX_N@Z      00438c74 f   in_win.obj
 0001:00037c81       ?IN_Frame@@YAXXZ           00438c81 f   in_win.obj
 0001:00037fe3       ?IN_Move@@YAXPAUusercmd_t@@@Z 00438fe3 f   in_win.obj
 0001:0003848e       ?NET_CompareAdr@@YA_NPAUnetadr_t@@0@Z 0043948e f   net_wins.obj
 0001:000384c9       ?NET_CompareBaseAdr@@YA_NPAUnetadr_t@@0@Z 004394c9 f   net_wins.obj
 0001:000384f6       ?NET_AdrToString@@YAPBDPAUnetadr_t@@@Z 004394f6 f   net_wins.obj
 0001:0003853c       ?NET_StringToAdr@@YA_NPBDPAUnetadr_t@@F@Z 0043953c f   net_wins.obj
 0001:00038652       ?NET_IsLocalAddress@@YA_NPAUnetadr_t@@@Z 00439652 f   net_wins.obj
 0001:00038661       ?NET_GetPacket@@YA_NW4netsrc_t@@PAUnetadr_t@@PAVsizebuf_t@@@Z 00439661 f   net_wins.obj
 0001:000387e0       ?NET_SendPacket@@YAXW4netsrc_t@@HPAXUnetadr_t@@@Z 004397e0 f   net_wins.obj
 0001:000388fe       ?NET_Config@@YAX_N@Z       004398fe f   net_wins.obj
 0001:00038ad9       ?NET_Init@@YAXXZ           00439ad9 f   net_wins.obj
 0001:00038b8c       ?SNDDMA_Init@@YA_NXZ       00439b8c f   snd_win.obj
 0001:000391d7       ?SNDDMA_GetDMAPos@@YAHXZ   0043a1d7 f   snd_win.obj
 0001:00039221       ?SNDDMA_BeginPainting@@YAXXZ 0043a221 f   snd_win.obj
 0001:00039340       ?SNDDMA_Submit@@YAXXZ      0043a340 f   snd_win.obj
 0001:00039365       ?SNDDMA_Shutdown@@YAXXZ    0043a365 f   snd_win.obj
 0001:0003936a       ?S_Activate@@YAX_N@Z       0043a36a f   snd_win.obj
 0001:000393bd       ?Write@COutputDeviceWin32Console@@UAEXPBD@Z 0043a3bd f i sys_win.obj
 0001:00039435       ?EraseInput@COutputDeviceWin32Console@@QAEXXZ 0043a435 f i sys_win.obj
 0001:000394bb       ??_ECOutputDeviceWin32Console@@UAEPAXI@Z 0043a4bb f i sys_win.obj
 0001:000394bb       ??_GCOutputDeviceWin32Console@@UAEPAXI@Z 0043a4bb f i sys_win.obj
 0001:000394db       ?Sys_ConsoleInput@@YAPADXZ 0043a4db f   sys_win.obj
 0001:00039764       ?Sys_ProcessMessages@@YAXXZ 0043a764 f   sys_win.obj
 0001:0003981d       _WinMain@16                0043a81d f   sys_win.obj
 0001:00039b1a       ??_ECOutputDeviceCon@@UAEPAXI@Z 0043ab1a f i sys_win.obj
 0001:00039b1a       ??_GCOutputDeviceCon@@UAEPAXI@Z 0043ab1a f i sys_win.obj
 0001:00039bc2       ?Init@COutputDeviceWin32Console@@QAEXXZ 0043abc2 f i sys_win.obj
 0001:00039bec       ?AddMsgHook@@YAXP6A_NIIJ@Z@Z 0043abec f   vid_dll.obj
 0001:00039c33       ?RemoveMsgHook@@YAXP6A_NIIJ@Z@Z 0043ac33 f   vid_dll.obj
 0001:00039c66       ?Vid_CreateWindow@@YAPAXHH_N@Z 0043ac66 f   vid_dll.obj
 0001:0003a388       ?Vid_DestroyWindow@@YAX_N@Z 0043b388 f   vid_dll.obj
 0001:0003a3c7       ?Vid_Restart@@YAXXZ        0043b3c7 f   vid_dll.obj
 0001:0003a3d3       ?Vid_GetModeInfo@@YA_NPAH0H@Z 0043b3d3 f   vid_dll.obj
 0001:0003a405       ?Vid_Tick@@YAXXZ           0043b405 f   vid_dll.obj
 0001:0003a5b6       ?Vid_Init@@YAXXZ           0043b5b6 f   vid_dll.obj
 0001:0003a659       ?Vid_Shutdown@@YAXXZ       0043b659 f   vid_dll.obj
 0001:0003a678       ?BK_FlushShader@OpenGLDrv@@YAXXZ 0043b678 f   gl_backend.obj
 0001:0003ce54       ?Tesselate@surfacePlanar_t@OpenGLDrv@@UAEXAAUrefEntity_t@2@@Z 0043de54 f   gl_backend.obj
 0001:0003cfba       ?Tesselate@surfacePoly_t@OpenGLDrv@@UAEXAAUrefEntity_t@2@@Z 0043dfba f   gl_backend.obj
 0001:0003d0c1       ?Tesselate@surfaceMd3_t@OpenGLDrv@@UAEXAAUrefEntity_t@2@@Z 0043e0c1 f   gl_backend.obj
 0001:0003d66f       ?DrawBrush@OpenGLDrv@@YAXPBUCBrush@@PBDH@Z 0043e66f f   gl_backend.obj
 0001:0003d6d2       ?Tesselate@surfaceEntity_t@OpenGLDrv@@UAEXAAUrefEntity_t@2@@Z 0043e6d2 f   gl_backend.obj
 0001:0003d7b6       ?Tesselate@surfaceParticle_t@OpenGLDrv@@UAEXAAUrefEntity_t@2@@Z 0043e7b6 f   gl_backend.obj
 0001:0003da06       ?BK_DrawScene@OpenGLDrv@@YAXXZ 0043ea06 f   gl_backend.obj
 0001:0003e213       ?BK_DrawPic@OpenGLDrv@@YAXPAVshader_t@1@HHHHMMMMIE@Z 0043f213 f   gl_backend.obj
 0001:0003e3f4       ?BK_DrawText@OpenGLDrv@@YAXPBDHHHHHI@Z 0043f3f4 f   gl_backend.obj
 0001:0003e5e9       ?BK_BeginFrame@OpenGLDrv@@YAXXZ 0043f5e9 f   gl_backend.obj
 0001:0003e64d       ?BK_EndFrame@OpenGLDrv@@YAXXZ 0043f64d f   gl_backend.obj
 0001:0003e68c       ?BK_Init@OpenGLDrv@@YAXXZ  0043f68c f   gl_backend.obj
 0001:0003e6bb       ?BK_Shutdown@OpenGLDrv@@YAXXZ 0043f6bb f   gl_backend.obj
 0001:0003e6d3       ?AllocDynamicMemory@OpenGLDrv@@YAPAXH@Z 0043f6d3 f   gl_buffers.obj
 0001:0003e741       ?ResizeDynamicMemory@OpenGLDrv@@YAXPAXH@Z 0043f741 f   gl_buffers.obj
 0001:0003e785       ?AddSurfaceToPortal@OpenGLDrv@@YAXPAVsurfaceBase_t@1@PAVshader_t@1@HH@Z 0043f785 f   gl_buffers.obj
 0001:0003e7f6       ?InsertShaderIndex@OpenGLDrv@@YAXH@Z 0043f7f6 f   gl_buffers.obj
 0001:0003e832       ?ClearPortal@OpenGLDrv@@YAXXZ 0043f832 f   gl_buffers.obj
 0001:0003e850       ?SortSurfaces@OpenGLDrv@@YAXPAUviewPortal_t@1@PAPAUsurfaceInfo_t@1@@Z 0043f850 f   gl_buffers.obj
 0001:0003e9e2       ?ClearBuffers@OpenGLDrv@@YAXXZ 0043f9e2 f   gl_buffers.obj
 0001:0003e9f9       ?CreateBuffers@OpenGLDrv@@YAXXZ 0043f9f9 f   gl_buffers.obj
 0001:0003ea1f       ?FreeBuffers@OpenGLDrv@@YAXXZ 0043fa1f f   gl_buffers.obj
 0001:0003ea43       ?InitEntity@model_t@OpenGLDrv@@UAE_NPAUentity_t@@PAUrefEntity_t@2@@Z 0043fa43 f   gl_frontend.obj
 0001:0003ea48       ?AddSurfaces@model_t@OpenGLDrv@@UAEXPAUrefEntity_t@2@@Z 0043fa48 f   gl_frontend.obj
 0001:0003ea79       ?GetLeaf@model_t@OpenGLDrv@@UAEPAUnode_t@2@PAUrefEntity_t@2@@Z 0043fa79 f   gl_frontend.obj
 0001:0003ea8d       ?DrawLabel@model_t@OpenGLDrv@@UAEXPAUrefEntity_t@2@@Z 0043fa8d f   gl_frontend.obj
 0001:0003ea90       ?InitEntity@inlineModel_t@OpenGLDrv@@UAE_NPAUentity_t@@PAUrefEntity_t@2@@Z 0043fa90 f   gl_frontend.obj
 0001:0003eafd       ?AddSurfaces@inlineModel_t@OpenGLDrv@@UAEXPAUrefEntity_t@2@@Z 0043fafd f   gl_frontend.obj
 0001:0003f006       ?GetLeaf@inlineModel_t@OpenGLDrv@@UAEPAUnode_t@2@PAUrefEntity_t@2@@Z 00440006 f   gl_frontend.obj
 0001:0003f1ae       ?DrawLabel@inlineModel_t@OpenGLDrv@@UAEXPAUrefEntity_t@2@@Z 004401ae f   gl_frontend.obj
 0001:0003f1f7       ?InitEntity@md3Model_t@OpenGLDrv@@UAE_NPAUentity_t@@PAUrefEntity_t@2@@Z 004401f7 f   gl_frontend.obj
 0001:0003f3d5       ?AddSurfaces@md3Model_t@OpenGLDrv@@UAEXPAUrefEntity_t@2@@Z 004403d5 f   gl_frontend.obj
 0001:0003f50f       ?GetLeaf@md3Model_t@OpenGLDrv@@UAEPAUnode_t@2@PAUrefEntity_t@2@@Z 0044050f f   gl_frontend.obj
 0001:0003f54a       ?DrawLabel@md3Model_t@OpenGLDrv@@UAEXPAUrefEntity_t@2@@Z 0044054a f   gl_frontend.obj
 0001:0003f5b3       ?InitEntity@sprModel_t@OpenGLDrv@@UAE_NPAUentity_t@@PAUrefEntity_t@2@@Z 004405b3 f   gl_frontend.obj
 0001:0003f5d6       ?AddSurfaces@sprModel_t@OpenGLDrv@@UAEXPAUrefEntity_t@2@@Z 004405d6 f   gl_frontend.obj
 0001:0003f759       ?GetLeaf@sprModel_t@OpenGLDrv@@UAEPAUnode_t@2@PAUrefEntity_t@2@@Z 00440759 f   gl_frontend.obj
 0001:0003f840       ?AddEntity@OpenGLDrv@@YAXPAUentity_t@@@Z 00440840 f   gl_frontend.obj
 0001:0003f9f9       ?AddDlight@OpenGLDrv@@YAXPAUdlight_t@@@Z 004409f9 f   gl_frontend.obj
 0001:0003fbb1       ?DrawPortal@OpenGLDrv@@YAXXZ 00440bb1 f   gl_frontend.obj
 0001:00041c8b       ?GL_TextureMode@OpenGLDrv@@YAXPBD@Z 00442c8b f   gl_image.obj
 0001:00041d36       ?CreateImage@OpenGLDrv@@YAPAVimage_t@1@PBDPAXHHI@Z 00442d36 f   gl_image.obj
 0001:00042ade       ?CreateImage8@OpenGLDrv@@YAPAVimage_t@1@PBDPAXHHIPAI@Z 00443ade f   gl_image.obj
 0001:00042bbd       ?LoadDelayedImages@OpenGLDrv@@YAXXZ 00443bbd f   gl_image.obj
 0001:00042c50       ?DrawStretchRaw8@OpenGLDrv@@YAXHHHHHHPAEPAI@Z 00443c50 f   gl_image.obj
 0001:00042f83       ?SetupGamma@OpenGLDrv@@YAXXZ 00443f83 f   gl_image.obj
 0001:000430c9       ?PerformScreenshot@OpenGLDrv@@YAXXZ 004440c9 f   gl_image.obj
 0001:0004333a       ?InitImages@OpenGLDrv@@YAXXZ 0044433a f   gl_image.obj
 0001:00043b13       ?ShutdownImages@OpenGLDrv@@YAXXZ 00444b13 f   gl_image.obj
 0001:00043b7a       ?ShowImages@OpenGLDrv@@YAXXZ 00444b7a f   gl_image.obj
 0001:00043e06       ?FindImage@OpenGLDrv@@YAPAVimage_t@1@PBDI@Z 00444e06 f   gl_image.obj
 0001:00044173       ?GL_Lock@OpenGLDrv@@YAXXZ  00445173 f   gl_interface.obj
 0001:000441eb       ?GL_Unlock@OpenGLDrv@@YAXXZ 004451eb f   gl_interface.obj
 0001:000443ad       ?GL_Bind@OpenGLDrv@@YAXPBVimage_t@1@@Z 004453ad f   gl_interface.obj
 0001:00044542       ?GL_BindForce@OpenGLDrv@@YAXPBVimage_t@1@@Z 00445542 f   gl_interface.obj
 0001:000445da       ?GL_TexEnv@OpenGLDrv@@YAXI@Z 004455da f   gl_interface.obj
 0001:00044759       ?GL_TexMipBias@OpenGLDrv@@YAXM@Z 00445759 f   gl_interface.obj
 0001:000447b5       ?GL_TexEnvColor@OpenGLDrv@@YAXPBTcolor_t@@@Z 004457b5 f   gl_interface.obj
 0001:00044865       ?GL_SelectTexture@OpenGLDrv@@YAXH@Z 00445865 f   gl_interface.obj
 0001:000448c8       ?GL_TexCoordPointer@OpenGLDrv@@YAXPAX@Z 004458c8 f   gl_interface.obj
 0001:000448fb       ?GL_SetMultitexture@OpenGLDrv@@YAXH@Z 004458fb f   gl_interface.obj
 0001:000449ec       ?GL_DisableTexCoordArrays@OpenGLDrv@@YAXXZ 004459ec f   gl_interface.obj
 0001:00044a40       ?GL_CullFace@OpenGLDrv@@YAXW4gl_cullMode_t@1@@Z 00445a40 f   gl_interface.obj
 0001:00044a94       ?GL_DepthRange@OpenGLDrv@@YAXW4gl_depthMode_t@1@@Z 00445a94 f   gl_interface.obj
 0001:00044aca       ?GL_State@OpenGLDrv@@YAXI@Z 00445aca f   gl_interface.obj
 0001:00044c1a       ?GL_EnableFog@OpenGLDrv@@YAX_N@Z 00445c1a f   gl_interface.obj
 0001:00044cf4       ?GL_SetDefaultState@OpenGLDrv@@YAXXZ 00445cf4 f   gl_interface.obj
 0001:00044e4b       ?GL_Set2DMode@OpenGLDrv@@YAXXZ 00445e4b f   gl_interface.obj
 0001:00044f46       ?GL_Set3DMode@OpenGLDrv@@YAXPAUviewPortal_t@1@@Z 00445f46 f   gl_interface.obj
 0001:00045031       ?Show@CPointLight@OpenGLDrv@@UBEXXZ 00446031 f   gl_light.obj
 0001:0004523a       ?Show@CSurfLight@OpenGLDrv@@UBEXXZ 0044623a f   gl_light.obj
 0001:00045394       ?ShowLights@OpenGLDrv@@YAXXZ 00446394 f   gl_light.obj
 0001:00045403       ?Init@CPointLight@OpenGLDrv@@UAEXXZ 00446403 f   gl_light.obj
 0001:00045418       ?Init@CLightLinear@OpenGLDrv@@EAEXXZ 00446418 f   gl_light.obj
 0001:0004544c       ?GetScale@CLightLinear@OpenGLDrv@@EBEMM@Z 0044644c f   gl_light.obj
 0001:0004545c       ?Init@CLightInv@OpenGLDrv@@EAEXXZ 0044645c f   gl_light.obj
 0001:00045478       ?GetScale@CLightInv@OpenGLDrv@@EBEMM@Z 00446478 f   gl_light.obj
 0001:00045494       ?Init@CLightInv2@OpenGLDrv@@EAEXXZ 00446494 f   gl_light.obj
 0001:000454fb       ?GetScale@CLightInv2@OpenGLDrv@@EBEMM@Z 004464fb f   gl_light.obj
 0001:0004551d       ?Init@CLightNofade@OpenGLDrv@@EAEXXZ 0044651d f   gl_light.obj
 0001:0004552e       ?GetScale@CLightNofade@OpenGLDrv@@EBEMM@Z 0044652e f   gl_light.obj
 0001:00045534       ?Add@CPointLight@OpenGLDrv@@UBEXABUCVec3@@ABUCAxis@@@Z 00446534 f   gl_light.obj
 0001:00045980       ?Init@CSurfLight@OpenGLDrv@@UAEXXZ 00446980 f   gl_light.obj
 0001:00045a59       ?Add@CSurfLight@OpenGLDrv@@UBEXABUCVec3@@ABUCAxis@@@Z 00446a59 f   gl_light.obj
 0001:00045e7a       ?Init@CSunLight@OpenGLDrv@@UAEXXZ 00446e7a f   gl_light.obj
 0001:00045f24       ?Add@CSunLight@OpenGLDrv@@UBEXABUCVec3@@ABUCAxis@@@Z 00446f24 f   gl_light.obj
 0001:00045fea       ?LightForEntity@OpenGLDrv@@YAXPAUrefEntity_t@1@@Z 00446fea f   gl_light.obj
 0001:000468c3       ?DiffuseLight@OpenGLDrv@@YAXPATcolor_t@@M@Z 004478c3 f   gl_light.obj
 0001:00046b0f       ?InitLightGrid@OpenGLDrv@@YAXXZ 00447b0f f   gl_light.obj
 0001:00046bb5       ?PostLoadLights@OpenGLDrv@@YAXXZ 00447bb5 f   gl_light.obj
 0001:00046cb0       ?LM_Init@OpenGLDrv@@YAXXZ  00447cb0 f   gl_lightmap.obj
 0001:00046cc6       ?LM_Flush@OpenGLDrv@@YAXPAUlightmapBlock_t@1@@Z 00447cc6 f   gl_lightmap.obj
 0001:00046d26       ?LM_Done@OpenGLDrv@@YAXXZ  00447d26 f   gl_lightmap.obj
 0001:00046d4d       ?LM_Save@OpenGLDrv@@YAXPAUlightmapBlock_t@1@@Z 00447d4d f   gl_lightmap.obj
 0001:00046d68       ?LM_Restore@OpenGLDrv@@YAXPAUlightmapBlock_t@1@@Z 00447d68 f   gl_lightmap.obj
 0001:00046d83       ?LM_NewBlock@OpenGLDrv@@YAPAUlightmapBlock_t@1@XZ 00447d83 f   gl_lightmap.obj
 0001:00046de2       ?LM_Rewind@OpenGLDrv@@YAXXZ 00447de2 f   gl_lightmap.obj
 0001:00046dea       ?LM_NextBlock@OpenGLDrv@@YAPAUlightmapBlock_t@1@XZ 00447dea f   gl_lightmap.obj
 0001:00046e17       ?LM_CheckMinlight@OpenGLDrv@@YAXPAUdynamicLightmap_t@1@@Z 00447e17 f   gl_lightmap.obj
 0001:00046ead       ?LM_AllocBlock@OpenGLDrv@@YA_NPAUlightmapBlock_t@1@PAUdynamicLightmap_t@1@@Z 00447ead f   gl_lightmap.obj
 0001:00046fd3       ?LM_PutBlock@OpenGLDrv@@YAXPAUdynamicLightmap_t@1@@Z 00447fd3 f   gl_lightmap.obj
 0001:00047447       ?LM_PutBlock1@OpenGLDrv@@YAXPAUdynamicLightmap_t@1@@Z 00448447 f   gl_lightmap.obj
 0001:00047598       ?LM_SortLightStyles@OpenGLDrv@@YAXPAUdynamicLightmap_t@1@@Z 00448598 f   gl_lightmap.obj
 0001:0004762a       ?UpdateDynamicLightmap@OpenGLDrv@@YAXPAVsurfacePlanar_t@1@_NI@Z 0044862a f   gl_lightmap.obj
 0001:00047e70       ?LM_IsMonotone@OpenGLDrv@@YA_NPAUdynamicLightmap_t@1@PATcolor_t@@@Z 00448e70 f   gl_lightmap.obj
 0001:00047f77       ?Init@OpenGLDrv@@YA_NXZ    00448f77 f   gl_main.obj
 0001:0004866a       ?Shutdown@OpenGLDrv@@YAX_N@Z 0044966a f   gl_main.obj
 0001:000486f3       ?GL_EnableRendering@OpenGLDrv@@YAX_N@Z 004496f3 f   gl_main.obj
 0001:00048711       ?BeginFrame@OpenGLDrv@@YAXN@Z 00449711 f   gl_main.obj
 0001:0004883e       ?EndFrame@OpenGLDrv@@YAXXZ 0044983e f   gl_main.obj
 0001:00048856       ?RenderFrame@OpenGLDrv@@YAXPAUrefdef_t@@@Z 00449856 f   gl_main.obj
 0001:000491aa       ?Fill8@OpenGLDrv@@YAXHHHHH@Z 0044a1aa f   gl_main.obj
 0001:000491ed       ?Fill@OpenGLDrv@@YAXHHHHI@Z 0044a1ed f   gl_main.obj
 0001:00049229       ?TileClear@OpenGLDrv@@YAXHHHHPBD@Z 0044a229 f   gl_main.obj
 0001:000492ca       ?DrawStretchPic@OpenGLDrv@@YAXHHHHPBD@Z 0044a2ca f   gl_main.obj
 0001:0004930f       ?DrawDetailedPic@OpenGLDrv@@YAXHHHHPBD@Z 0044a30f f   gl_main.obj
 0001:000493b9       ?DrawPic@OpenGLDrv@@YAXHHPBDHH@Z 0044a3b9 f   gl_main.obj
 0001:00049441       ?LoadNewWorld@OpenGLDrv@@YAXPBD@Z 0044a441 f   gl_main.obj
 0001:00049476       ?DumpLoadStats@OpenGLDrv@@YAXXZ 0044a476 f   gl_main.obj
 0001:000494fc       ?FinishLoadingWorld@OpenGLDrv@@YAXXZ 0044a4fc f   gl_main.obj
 0001:00049501       ?RegisterPic@OpenGLDrv@@YAPAVCBasicImage@@PBD@Z 0044a501 f   gl_main.obj
 0001:00049515       ?RegisterSkin@OpenGLDrv@@YAPAVCBasicImage@@PBD_N@Z 0044a515 f   gl_main.obj
 0001:00049535       ?RegisterModel@OpenGLDrv@@YAPAVCRenderModel@@PBD@Z 0044a535 f   gl_main.obj
 0001:00049543       ?SetSky@OpenGLDrv@@YAXPBDMABUCVec3@@@Z 0044a543 f   gl_main.obj
 0001:00049622       ?Screenshot@OpenGLDrv@@YAXHPBD@Z 0044a622 f   gl_main.obj
 0001:0004964b       ?GetClientLight@OpenGLDrv@@YAMXZ 0044a64b f   gl_main.obj
 0001:00049652       ?InitFuncTables@OpenGLDrv@@YAXXZ 0044a652 f   gl_math.obj
 0001:000497f8       ?BuildRotationAxis@OpenGLDrv@@YAXAAUCAxis@@ABUCVec3@@M@Z 0044a7f8 f   gl_math.obj
 0001:000498ef       ?GetBoxRect@OpenGLDrv@@YA_NPBUrefEntity_t@1@ABUCVec3@@QAM2_N@Z 0044a8ef f   gl_math.obj
 0001:00049bf9       ?ProjectToScreen@OpenGLDrv@@YA_NABUCVec3@@QAH@Z 0044abf9 f   gl_math.obj
 0001:00049d3c       ?SaturateColor3f@OpenGLDrv@@YAXAAUCVec3@@@Z 0044ad3c f   gl_math.obj
 0001:00049e2c       ?SaturateColor4b@OpenGLDrv@@YAXPATcolor_t@@@Z 0044ae2c f   gl_math.obj
 0001:00049f3a       ?SubdividePlane@OpenGLDrv@@YAHPAPAUCVec3@@HM@Z 0044af3a f   gl_poly.obj
 0001:0004a419       ?FreeSubdividedPlane@OpenGLDrv@@YAXXZ 0044b419 f   gl_poly.obj
 0001:0004a431       ?GetSubdivideIndexes@OpenGLDrv@@YAXPAH@Z 0044b431 f   gl_poly.obj
 0001:0004a487       ?RemoveCollinearPoints@OpenGLDrv@@YAHPAPAUCVec3@@H@Z 0044b487 f   gl_poly.obj
 0001:0004a57d       ?GetPolyArea@OpenGLDrv@@YAMPAPAUCVec3@@H@Z 0044b57d f   gl_poly.obj
 0001:0004a610       ?InitShaders@OpenGLDrv@@YAXXZ 0044b610 f   gl_shader.obj
 0001:0004a7ae       ?ShutdownShaders@OpenGLDrv@@YAXXZ 0044b7ae f   gl_shader.obj
 0001:0004a7ec       ?GetLightmapImage@OpenGLDrv@@YAPAVimage_t@1@H@Z 0044b7ec f   gl_shader.obj
 0001:0004a817       ?SetShaderLightmap@OpenGLDrv@@YAPAVshader_t@1@PAV21@H@Z 0044b817 f   gl_shader.obj
 0001:0004ab31       ??4shader_t@OpenGLDrv@@QAEAAV01@ABV01@@Z 0044bb31 f i gl_shader.obj
 0001:0004ad85       ?SetShaderLightstyles@OpenGLDrv@@YAPAVshader_t@1@PAV21@I_N@Z 0044bd85 f   gl_shader.obj
 0001:0004ae37       ?GetAlphaShader@OpenGLDrv@@YAPAVshader_t@1@PAV21@@Z 0044be37 f   gl_shader.obj
 0001:0004b298       ?SetShaderAnimFreq@OpenGLDrv@@YAXPAVshader_t@1@H@Z 0044c298 f   gl_shader.obj
 0001:0004b2ee       ?FindShader@OpenGLDrv@@YAPAVshader_t@1@PBDI@Z 0044c2ee f   gl_shader.obj
 0001:0004ce00       ?GetShaderByNum@OpenGLDrv@@YAPAVshader_t@1@H@Z 0044de00 f   gl_shader.obj
 0001:0004ce22       ?ResetShaders@OpenGLDrv@@YAXXZ 0044de22 f   gl_shader.obj
 0001:0004d05a       ?Reload@shader_t@OpenGLDrv@@UAEXXZ 0044e05a f   gl_shader.obj
 0001:0004d089       ?ClearSky@OpenGLDrv@@YAXXZ 0044e089 f   gl_sky.obj
 0001:0004d0e6       ?AddSkySurface@OpenGLDrv@@YAXPAVsurfacePlanar_t@1@E@Z 0044e0e6 f   gl_sky.obj
 0001:0004d6ae       ?DrawSky@OpenGLDrv@@YAXXZ  0044e6ae f   gl_sky.obj
 0001:0004deac       ?DrawChar@OpenGLDrv@@YAXHHHH@Z 0044eeac f   gl_text.obj
 0001:0004df06       ?ClearTexts@OpenGLDrv@@YAXXZ 0044ef06 f   gl_text.obj
 0001:0004df1b       ?FlushTexts@OpenGLDrv@@YAXXZ 0044ef1b f   gl_text.obj
 0001:0004dfc7       ?DrawTextPos@OpenGLDrv@@YAXHHPBDI@Z 0044efc7 f   gl_text.obj
 0001:0004dff3       ?DrawTextLeft@OpenGLDrv@@YAXPBDI@Z 0044eff3 f   gl_text.obj
 0001:0004e07b       ?DrawTextRight@OpenGLDrv@@YAXPBDI@Z 0044f07b f   gl_text.obj
 0001:0004e0c5       ?DrawText3D@OpenGLDrv@@YAXABUCVec3@@PBDI@Z 0044f0c5 f   gl_text.obj
 0001:0004e0f2       ?InitTexts@OpenGLDrv@@YAXXZ 0044f0f2 f   gl_text.obj
 0001:0004e10c       ??0?$TTextContainer@UCRText@OpenGLDrv@@$0BAAAA@@@QAE@XZ 0044f10c f i gl_text.obj
 0001:0004e131       ?FindModel@OpenGLDrv@@YAPAVmodel_t@1@PBD@Z 0044f131 f   gl_model.obj
 0001:0004e30d       ?FreeModels@OpenGLDrv@@YAXXZ 0044f30d f   gl_model.obj
 0001:0004e37f       ?InitModels@OpenGLDrv@@YAXXZ 0044f37f f   gl_model.obj
 0001:0004e475       ?ShutdownModels@OpenGLDrv@@YAXXZ 0044f475 f   gl_model.obj
 0001:0004e486       ?LoadWorldMap@OpenGLDrv@@YAXPBD@Z 0044f486 f   gl_bspmodel.obj
 0001:0004e90c       ?GetName@CLightLinear@OpenGLDrv@@EBEPBDXZ 0044f90c f i gl_bspmodel.obj
 0001:0004e912       ?GetName@CLightInv@OpenGLDrv@@EBEPBDXZ 0044f912 f i gl_bspmodel.obj
 0001:0004e918       ?GetName@CLightInv2@OpenGLDrv@@EBEPBDXZ 0044f918 f i gl_bspmodel.obj
 0001:0004e91e       ?GetName@CLightNofade@OpenGLDrv@@EBEPBDXZ 0044f91e f i gl_bspmodel.obj
 0001:0004e924       ?Close@COutputDevice@@UAEXXZ 0044f924 f i gl_bspmodel.obj
 0001:0004e924       ?Flush@COutputDevice@@UAEXXZ 0044f924 f i gl_bspmodel.obj
 0001:0004e924       ?Show@CSunLight@OpenGLDrv@@UBEXXZ 0044f924 f i gl_bspmodel.obj
 0001:0005080a       ?PointInLeaf@OpenGLDrv@@YAPAUnode_t@1@ABUCVec3@@@Z 0045180a f   gl_bspmodel.obj
 0001:00050855       ?LerpTag@model_t@OpenGLDrv@@UBE_NHHMPBDAAUCCoords@@@Z 00451855 f   gl_trimodel.obj
 0001:00050863       ?LerpTag@md3Model_t@OpenGLDrv@@UBE_NHHMPBDAAUCCoords@@@Z 00451863 f   gl_trimodel.obj
 0001:00050973       ?LoadMd2@OpenGLDrv@@YAPAVmd3Model_t@1@PBDPAEI@Z 00451973 f   gl_trimodel.obj
 0001:00051508       ?ATAN2_FUNC@OpenGLDrv@@YAMMM@Z 00452508 f i gl_trimodel.obj
 0001:000516be       ?LoadMd3@OpenGLDrv@@YAPAVmd3Model_t@1@PBDPAEI@Z 004526be f   gl_trimodel.obj
 0001:00051b9f       ?LoadSp2@OpenGLDrv@@YAPAVsprModel_t@1@PBDPAEI@Z 00452b9f f   gl_trimodel.obj
 0001:00051dca       ?LoadSpr@OpenGLDrv@@YAPAVsprModel_t@1@PBDPAEI@Z 00452dca f   gl_trimodel.obj
[...]
 0001:000632f3       _noscale                   004642f3 f   libs-vc-win32:jcscale.obj
 0001:00062d9c       _start_pass                00463d9c f   libs-vc-win32:jcpred.obj
 0001:00062df4       _reset_predictor           00463df4 f   libs-vc-win32:jcpred.obj
 0001:00062e21       _jpeg_difference_first_row 00463e21 f   libs-vc-win32:jcpred.obj
 0001:00062f0b       _jpeg_difference1          00463f0b f   libs-vc-win32:jcpred.obj
 0001:00062f79       _jpeg_difference2          00463f79 f   libs-vc-win32:jcpred.obj
 0001:00062fea       _jpeg_difference3          00463fea f   libs-vc-win32:jcpred.obj
 0001:00063062       _jpeg_difference4          00464062 f   libs-vc-win32:jcpred.obj
 0001:000630ed       _jpeg_difference5          004640ed f   libs-vc-win32:jcpred.obj
 0001:00063180       _jpeg_difference6          00464180 f   libs-vc-win32:jcpred.obj
 0001:0006320f       _jpeg_difference7          0046420f f   libs-vc-win32:jcpred.obj
 0001:0006268b       _start_pass_huff           0046368b f   libs-vc-win32:jclhuff.obj
 0001:00062828       _encode_mcus_huff          00463828 f   libs-vc-win32:jclhuff.obj
 0001:00062a13       _emit_bits                 00463a13 f   libs-vc-win32:jclhuff.obj
 0001:00062ab6       _dump_buffer               00463ab6 f   libs-vc-win32:jclhuff.obj
 0001:00062ada       _emit_restart              00463ada f   libs-vc-win32:jclhuff.obj
 0001:00062b25       _flush_bits                00463b25 f   libs-vc-win32:jclhuff.obj
 0001:00062b49       _finish_pass_huff          00463b49 f   libs-vc-win32:jclhuff.obj
 0001:00062bb6       _encode_mcus_gather        00463bb6 f   libs-vc-win32:jclhuff.obj
 0001:00062cdf       _finish_pass_gather        00463cdf f   libs-vc-win32:jclhuff.obj
 0001:00062d75       _need_optimization_pass    00463d75 f   libs-vc-win32:jclhuff.obj
 0001:00062269       _start_pass_diff           00463269 f   libs-vc-win32:jcdiffct.obj
 0001:00062307       _start_iMCU_row            00463307 f   libs-vc-win32:jcdiffct.obj
 0001:00062349       _compress_data             00463349 f   libs-vc-win32:jcdiffct.obj
 0001:000624df       _compress_first_pass       004634df f   libs-vc-win32:jcdiffct.obj
 0001:000625d4       _compress_output           004635d4 f   libs-vc-win32:jcdiffct.obj
 0001:00061e7c       _start_pass_fdctmgr        00462e7c f   libs-vc-win32:jcdctmgr.obj
 0001:00061f7e       _forward_DCT_float         00462f7e f   libs-vc-win32:jcdctmgr.obj
 0001:000613b1       _start_pass_phuff          004623b1 f   libs-vc-win32:jcphuff.obj
 0001:0006151e       _encode_mcu_DC_first       0046251e f   libs-vc-win32:jcphuff.obj
 0001:00061650       _emit_bits                 00462650 f   libs-vc-win32:jcphuff.obj
 0001:000616fb       _dump_buffer               004626fb f   libs-vc-win32:jcphuff.obj
 0001:00061733       _emit_symbol               00462733 f   libs-vc-win32:jcphuff.obj
 0001:00061773       _emit_restart              00462773 f   libs-vc-win32:jcphuff.obj
 0001:000617fc       _emit_eobrun               004627fc f   libs-vc-win32:jcphuff.obj
 0001:00061882       _encode_mcu_AC_first       00462882 f   libs-vc-win32:jcphuff.obj
 0001:00061a16       _encode_mcu_DC_refine      00462a16 f   libs-vc-win32:jcphuff.obj
 0001:00061ad0       _encode_mcu_AC_refine      00462ad0 f   libs-vc-win32:jcphuff.obj
 0001:00061ce7       _finish_pass_phuff         00462ce7 f   libs-vc-win32:jcphuff.obj
 0001:00061d36       _finish_pass_gather_phuff  00462d36 f   libs-vc-win32:jcphuff.obj
 0001:00061df9       _need_optimization_pass    00462df9 f   libs-vc-win32:jcphuff.obj
 0001:00060b4c       _start_pass_huff           00461b4c f   libs-vc-win32:jcshuff.obj
 0001:00060cc1       _encode_mcu_huff           00461cc1 f   libs-vc-win32:jcshuff.obj
 0001:00060dcc       _encode_one_block          00461dcc f   libs-vc-win32:jcshuff.obj
 0001:00060f43       _emit_bits                 00461f43 f   libs-vc-win32:jcshuff.obj
 0001:00060fe6       _dump_buffer               00461fe6 f   libs-vc-win32:jcshuff.obj
 0001:0006100a       _emit_restart              0046200a f   libs-vc-win32:jcshuff.obj
 0001:00061077       _flush_bits                00462077 f   libs-vc-win32:jcshuff.obj
 0001:0006109b       _finish_pass_huff          0046209b f   libs-vc-win32:jcshuff.obj
 0001:0006110a       _encode_mcu_gather         0046210a f   libs-vc-win32:jcshuff.obj
 0001:000611c0       _htest_one_block           004621c0 f   libs-vc-win32:jcshuff.obj
 0001:00061287       _finish_pass_gather        00462287 f   libs-vc-win32:jcshuff.obj
 0001:00062d75       _need_optimization_pass    00463d75 f   libs-vc-win32:jclhuff.obj
 0001:0006051f       _start_pass_coef           0046151f f   libs-vc-win32:jccoefct.obj
 0001:00062307       _start_iMCU_row            00463307 f   libs-vc-win32:jcdiffct.obj
 0001:000605b4       _compress_data             004615b4 f   libs-vc-win32:jccoefct.obj
 0001:0006079b       _compress_first_pass       0046179b f   libs-vc-win32:jccoefct.obj
 0001:00060981       _compress_output           00461981 f   libs-vc-win32:jccoefct.obj
 0001:00060437       _calc_output_dimensions    00461437 f   libs-vc-win32:jdlossls.obj
 0001:00060448       _start_input_pass          00461448 f   libs-vc-win32:jdlossls.obj
 0001:00060176       _calc_output_dimensions    00461176 f   libs-vc-win32:jdlossy.obj
 0001:000602e9       _start_input_pass          004612e9 f   libs-vc-win32:jdlossy.obj
 0001:00060309       _latch_quant_tables        00461309 f   libs-vc-win32:jdlossy.obj
 0001:000603a1       _start_output_pass         004613a1 f   libs-vc-win32:jdlossy.obj
 0001:000600c5       _start_pass                004610c5 f   libs-vc-win32:jclossls.obj
 0001:00060031       _start_pass                00461031 f   libs-vc-win32:jclossy.obj
 0001:0005f586       _initial_setup             00460586 f   libs-vc-win32:jcmaster.obj
 0001:0005f739       _validate_script           00460739 f   libs-vc-win32:jcmaster.obj
 0001:0005fb11       _prepare_for_pass          00460b11 f   libs-vc-win32:jcmaster.obj
 0001:0005fc89       _select_scan_parameters    00460c89 f   libs-vc-win32:jcmaster.obj
 0001:0005fd8a       _per_scan_setup            00460d8a f   libs-vc-win32:jcmaster.obj
 0001:0005ff35       _pass_startup              00460f35 f   libs-vc-win32:jcmaster.obj
 0001:0005ff5c       _finish_pass_master        00460f5c f   libs-vc-win32:jcmaster.obj
 0001:0005f072       _rgb_ycc_start             00460072 f   libs-vc-win32:jccolor.obj
 0001:0005f136       _rgb_ycc_convert           00460136 f   libs-vc-win32:jccolor.obj
 0001:0005f235       _rgb_gray_convert          00460235 f   libs-vc-win32:jccolor.obj
 0001:0005f2ba       _cmyk_ycck_convert         004602ba f   libs-vc-win32:jccolor.obj
 0001:0005f3f2       _grayscale_convert         004603f2 f   libs-vc-win32:jccolor.obj
 0001:0005f44c       _null_convert              0046044c f   libs-vc-win32:jccolor.obj
 0001:00030b13       _null_method               00431b13 f   images.obj
 0001:00030b13       _start_pass_downsample     00431b13 f   images.obj
 0001:0005e7be       _sep_downsample            0045f7be f   libs-vc-win32:jcsample.obj
 0001:0005e833       _int_downsample            0045f833 f   libs-vc-win32:jcsample.obj
 0001:0005e92b       _expand_right_edge         0045f92b f   libs-vc-win32:jcsample.obj
 0001:0005e980       _fullsize_downsample       0045f980 f   libs-vc-win32:jcsample.obj
 0001:0005e9c4       _h2v1_downsample           0045f9c4 f   libs-vc-win32:jcsample.obj
 0001:0005ea58       _h2v2_downsample           0045fa58 f   libs-vc-win32:jcsample.obj
 0001:0005eb05       _h2v2_smooth_downsample    0045fb05 f   libs-vc-win32:jcsample.obj
 0001:0005ed7d       _fullsize_smooth_downsample 0045fd7d f   libs-vc-win32:jcsample.obj
 0001:0005e1ba       _start_pass_prep           0045f1ba f   libs-vc-win32:jcprepct.obj
 0001:0005e1f8       _pre_process_data          0045f1f8 f   libs-vc-win32:jcprepct.obj
 0001:0005e3a6       _pre_process_context       0045f3a6 f   libs-vc-win32:jcprepct.obj
 0001:0005e55f       _create_context_buffer     0045f55f f   libs-vc-win32:jcprepct.obj
 0001:0005e032       _start_pass_main           0045f032 f   libs-vc-win32:jcmainct.obj
 0001:0005e074       _process_data_simple_main  0045f074 f   libs-vc-win32:jcmainct.obj
 0001:0005d608       _create_colormap           0045e608 f   libs-vc-win32:jquant1.obj
 0001:0005d73a       _select_ncolors            0045e73a f   libs-vc-win32:jquant1.obj
 0001:0005d811       _create_colorindex         0045e811 f   libs-vc-win32:jquant1.obj
 0001:0005d93d       _alloc_fs_workspace        0045e93d f   libs-vc-win32:jquant1.obj
 0001:0005d979       _start_pass_1_quant        0045e979 f   libs-vc-win32:jquant1.obj
 0001:0005da45       _create_odither_tables     0045ea45 f   libs-vc-win32:jquant1.obj
 0001:0005daa4       _make_odither_array        0045eaa4 f   libs-vc-win32:jquant1.obj
 0001:0005db07       _color_quantize            0045eb07 f   libs-vc-win32:jquant1.obj
 0001:0005db92       _color_quantize3           0045eb92 f   libs-vc-win32:jquant1.obj
 0001:0005dc20       _quantize_ord_dither       0045ec20 f   libs-vc-win32:jquant1.obj
 0001:0005dd0b       _quantize3_ord_dither      0045ed0b f   libs-vc-win32:jquant1.obj
 0001:0005de0b       _quantize_fs_dither        0045ee0b f   libs-vc-win32:jquant1.obj
 0001:00030b13       _finish_pass_1_quant       00431b13 f   images.obj
 0001:0005df8f       _new_color_map_1_quant     0045ef8f f   libs-vc-win32:jquant1.obj
 0001:0005c5c9       _init_error_limit          0045d5c9 f   libs-vc-win32:jquant2.obj
 0001:0005c668       _start_pass_2_quant        0045d668 f   libs-vc-win32:jquant2.obj
 0001:0005c76a       _prescan_quantize          0045d76a f   libs-vc-win32:jquant2.obj
 0001:0005c7d9       _pass2_no_dither           0045d7d9 f   libs-vc-win32:jquant2.obj
 0001:0005c886       _fill_inverse_cmap         0045d886 f   libs-vc-win32:jquant2.obj
 0001:0005c951       _find_nearby_colors        0045d951 f   libs-vc-win32:jquant2.obj
 0001:0005caf5       _find_best_colors          0045daf5 f   libs-vc-win32:jquant2.obj
 0001:0005cc0f       _pass2_fs_dither           0045dc0f f   libs-vc-win32:jquant2.obj
 0001:0005ce7e       _finish_pass1              0045de7e f   libs-vc-win32:jquant2.obj
 0001:0005cea0       _select_colors             0045dea0 f   libs-vc-win32:jquant2.obj
 0001:0005cf2c       _update_box                0045df2c f   libs-vc-win32:jquant2.obj
 0001:0005d2c6       _median_cut                0045e2c6 f   libs-vc-win32:jquant2.obj
 0001:0005d3da       _find_biggest_color_pop    0045e3da f   libs-vc-win32:jquant2.obj
 0001:0005d409       _find_biggest_volume       0045e409 f   libs-vc-win32:jquant2.obj
 0001:0005d432       _compute_color             0045e432 f   libs-vc-win32:jquant2.obj
 0001:00030b13       _finish_pass2              00431b13 f   images.obj
 0001:0005d56e       _new_color_map_2_quant     0045e56e f   libs-vc-win32:jquant2.obj
 0001:0005bfe0       _build_ycc_rgb_table       0045cfe0 f   libs-vc-win32:jdmerge.obj
 0001:0005c090       _start_pass_merged_upsample 0045d090 f   libs-vc-win32:jdmerge.obj
 0001:0005c0a5       _merged_2v_upsample        0045d0a5 f   libs-vc-win32:jdmerge.obj
 0001:0005c14c       _merged_1v_upsample        0045d14c f   libs-vc-win32:jdmerge.obj
 0001:0005c17d       _h2v1_merged_upsample      0045d17d f   libs-vc-win32:jdmerge.obj
 0001:0005c2d3       _h2v2_merged_upsample      0045d2d3 f   libs-vc-win32:jdmerge.obj
 0001:0005bb84       _build_ycc_rgb_table       0045cb84 f   libs-vc-win32:jdcolor.obj
 0001:0005bc34       _ycc_rgb_convert           0045cc34 f   libs-vc-win32:jdcolor.obj
 0001:0005bd42       _null_convert              0045cd42 f   libs-vc-win32:jdcolor.obj
 0001:0005bdba       _grayscale_convert         0045cdba f   libs-vc-win32:jdcolor.obj
 0001:0005bddd       _gray_rgb_convert          0045cddd f   libs-vc-win32:jdcolor.obj
 0001:0005be36       _ycck_cmyk_convert         0045ce36 f   libs-vc-win32:jdcolor.obj
 0001:00030b13       _start_pass_dcolor         00431b13 f   images.obj
 0001:0005b5e5       _start_pass_upsample       0045c5e5 f   libs-vc-win32:jdsample.obj
 0001:0005b5ff       _sep_upsample              0045c5ff f   libs-vc-win32:jdsample.obj
 0001:0005b6cc       _fullsize_upsample         0045c6cc f   libs-vc-win32:jdsample.obj
 0001:0005b6d7       _noop_upsample             0045c6d7 f   libs-vc-win32:jdsample.obj
 0001:0005b6df       _int_upsample              0045c6df f   libs-vc-win32:jdsample.obj
 0001:0005b7c9       _h2v1_upsample             0045c7c9 f   libs-vc-win32:jdsample.obj
 0001:0005b820       _h2v2_upsample             0045c820 f   libs-vc-win32:jdsample.obj
 0001:0005b892       _h2v1_fancy_upsample       0045c892 f   libs-vc-win32:jdsample.obj
 0001:0005b935       _h2v2_fancy_upsample       0045c935 f   libs-vc-win32:jdsample.obj
 0001:0005b1ee       _start_pass_dpost          0045c1ee f   libs-vc-win32:jdpostct.obj
 0001:0005b294       _post_process_1pass        0045c294 f   libs-vc-win32:jdpostct.obj
 0001:0005b2f9       _post_process_prepass      0045c2f9 f   libs-vc-win32:jdpostct.obj
 0001:0005b38a       _post_process_2pass        0045c38a f   libs-vc-win32:jdpostct.obj
 0001:0005abf5       _alloc_funny_pointers      0045bbf5 f   libs-vc-win32:jdmainct.obj
 0001:0005aca2       _start_pass_main           0045bca2 f   libs-vc-win32:jdmainct.obj
 0001:0005ad0a       _make_funny_pointers       0045bd0a f   libs-vc-win32:jdmainct.obj
 0001:0005ae4a       _process_data_simple_main  0045be4a f   libs-vc-win32:jdmainct.obj
 0001:0005aeb2       _process_data_context_main 0045beb2 f   libs-vc-win32:jdmainct.obj
 0001:0005afc4       _set_wraparound_pointers   0045bfc4 f   libs-vc-win32:jdmainct.obj
 0001:0005b0ae       _set_bottom_pointers       0045c0ae f   libs-vc-win32:jdmainct.obj
 0001:0005b148       _process_data_crank_post   0045c148 f   libs-vc-win32:jdmainct.obj
 0001:00059921       _write_marker_header       0045a921 f   libs-vc-win32:jcmarker.obj
 0001:00059977       _emit_byte                 0045a977 f   libs-vc-win32:jcmarker.obj
 0001:000599a8       _write_marker_byte         0045a9a8 f   libs-vc-win32:jcmarker.obj
 0001:000599b8       _write_file_header         0045a9b8 f   libs-vc-win32:jcmarker.obj
 0001:00059a04       _emit_jfif_app0            0045aa04 f   libs-vc-win32:jcmarker.obj
 0001:00059ad7       _emit_adobe_app14          0045aad7 f   libs-vc-win32:jcmarker.obj
 0001:00059b7d       _write_frame_header        0045ab7d f   libs-vc-win32:jcmarker.obj
 0001:00059c5c       _emit_dqt                  0045ac5c f   libs-vc-win32:jcmarker.obj
 0001:00059d4b       _emit_sof                  0045ad4b f   libs-vc-win32:jcmarker.obj
 0001:00059e27       _write_scan_header         0045ae27 f   libs-vc-win32:jcmarker.obj
 0001:00059ee7       _emit_dht                  0045aee7 f   libs-vc-win32:jcmarker.obj
 0001:00059fc0       _emit_dri                  0045afc0 f   libs-vc-win32:jcmarker.obj
 0001:0005a00f       _emit_sos                  0045b00f f   libs-vc-win32:jcmarker.obj
 0001:0005a0fd       _write_file_trailer        0045b0fd f   libs-vc-win32:jcmarker.obj
 0001:0005a11d       _write_tables_only         0045b11d f   libs-vc-win32:jcmarker.obj
 0001:00059476       _use_merged_upsample       0045a476 f   libs-vc-win32:jdmaster.obj
 0001:0005951c       _master_selection          0045a51c f   libs-vc-win32:jdmaster.obj
 0001:00059679       _prepare_range_limit_table 0045a679 f   libs-vc-win32:jdmaster.obj
 0001:000596ff       _prepare_for_output_pass   0045a6ff f   libs-vc-win32:jdmaster.obj
 0001:00059820       _finish_output_pass        0045a820 f   libs-vc-win32:jdmaster.obj
 0001:000588ed       _alloc_small               004598ed f   libs-vc-win32:jmemmgr.obj
 0001:00058a0b       _alloc_large               00459a0b f   libs-vc-win32:jmemmgr.obj
 0001:00058abc       _alloc_sarray              00459abc f   libs-vc-win32:jmemmgr.obj
 0001:00058b54       _alloc_barray              00459b54 f   libs-vc-win32:jmemmgr.obj
 0001:00058bf8       _alloc_darray              00459bf8 f   libs-vc-win32:jmemmgr.obj
 0001:00058ca3       _request_virt_sarray       00459ca3 f   libs-vc-win32:jmemmgr.obj
 0001:00058d04       _request_virt_barray       00459d04 f   libs-vc-win32:jmemmgr.obj
 0001:00058d65       _realize_virt_arrays       00459d65 f   libs-vc-win32:jmemmgr.obj
 0001:00058ee8       _access_virt_sarray        00459ee8 f   libs-vc-win32:jmemmgr.obj
 0001:00059008       _do_sarray_io              0045a008 f   libs-vc-win32:jmemmgr.obj
 0001:00059098       _access_virt_barray        0045a098 f   libs-vc-win32:jmemmgr.obj
 0001:000591bd       _do_barray_io              0045a1bd f   libs-vc-win32:jmemmgr.obj
 0001:0005924e       _free_pool                 0045a24e f   libs-vc-win32:jmemmgr.obj
 0001:00059335       _self_destruct             0045a335 f   libs-vc-win32:jmemmgr.obj
 0001:00058387       _start_input_pass          00459387 f   libs-vc-win32:jdinput.obj
 0001:000583b5       _per_scan_setup            004593b5 f   libs-vc-win32:jdinput.obj
 0001:0005853b       _finish_input_pass         0045953b f   libs-vc-win32:jdinput.obj
 0001:0005854c       _consume_markers           0045954c f   libs-vc-win32:jdinput.obj
 0001:000585e8       _initial_setup             004595e8 f   libs-vc-win32:jdinput.obj
 0001:000587f2       _reset_input_controller    004597f2 f   libs-vc-win32:jdinput.obj
 0001:00057f8c       _make_crc_table            00458f8c f   libs-vc-win32:crc32.obj
 0001:000580d9       _crc32_little              004590d9 f   libs-vc-win32:crc32.obj
 0001:00057d86       _fixedtables               00458d86 f   libs-vc-win32:inflate.obj
 0001:00057e70       _updatewindow              00458e70 f   libs-vc-win32:inflate.obj
 0001:00056aae       _init_destination          00457aae f   libs-vc-win32:jdatadst.obj
 0001:00056ad4       _empty_output_buffer       00457ad4 f   libs-vc-win32:jdatadst.obj
 0001:00056b16       _term_destination          00457b16 f   libs-vc-win32:jdatadst.obj
 0001:00056635       _std_huff_tables           00457635 f   libs-vc-win32:jcparam.obj
 0001:0005668f       _add_huff_table            0045768f f   libs-vc-win32:jcparam.obj
 0001:00054b8d       _next_marker               00455b8d f   libs-vc-win32:jdmarker.obj
 0001:00054cc7       _get_interesting_appn      00455cc7 f   libs-vc-win32:jdmarker.obj
 0001:00054df2       _examine_app0              00455df2 f   libs-vc-win32:jdmarker.obj
 0001:00055000       _examine_app14             00456000 f   libs-vc-win32:jdmarker.obj
 0001:000550c1       _skip_variable             004560c1 f   libs-vc-win32:jdmarker.obj
 0001:00055164       _read_markers              00456164 f   libs-vc-win32:jdmarker.obj
 0001:0005536c       _get_soi                   0045636c f   libs-vc-win32:jdmarker.obj
 0001:00055417       _get_sof                   00456417 f   libs-vc-win32:jdmarker.obj
 0001:00055720       _get_sos                   00456720 f   libs-vc-win32:jdmarker.obj
 0001:00055a0e       _get_dht                   00456a0e f   libs-vc-win32:jdmarker.obj
 0001:00055caf       _get_dqt                   00456caf f   libs-vc-win32:jdmarker.obj
 0001:00055f0b       _get_dri                   00456f0b f   libs-vc-win32:jdmarker.obj
 0001:00055fea       _first_marker              00456fea f   libs-vc-win32:jdmarker.obj
 0001:00056086       _read_restart_marker       00457086 f   libs-vc-win32:jdmarker.obj
 0001:00056104       _reset_marker_reader       00457104 f   libs-vc-win32:jdmarker.obj
 0001:00054971       _output_pass_setup         00455971 f   libs-vc-win32:jdapistd.obj
 0001:00054664       _default_decompress_parms  00455664 f   libs-vc-win32:jdapimin.obj

 296 bytes saved through ICF

