 quake2

 Timestamp is 3f4cc392 (Wed Aug 27 18:43:30 2003)

 Preferred load address is 00400000

 Start         Length     Name                   Class
 0001:00000000 0006c250H .text                   CODE
 0002:00000000 0000032cH .idata$5                DATA
 0002:00000330 00001954H .rdata                  DATA
 0002:00001c84 00000078H .idata$2                DATA
 0002:00001cfc 00000014H .idata$3                DATA
 0002:00001d10 0000032cH .idata$4                DATA
 0002:0000203c 00000a4cH .idata$6                DATA
 0002:00002a88 00000000H .edata                  DATA
 0003:00000000 00000004H .CRT$XCA                DATA
 0003:00000004 00000004H .CRT$XCZ                DATA
 0003:00000008 00000004H .CRT$XIA                DATA
 0003:0000000c 00000004H .CRT$XIZ                DATA
 0003:00000010 00015134H .data                   DATA
 0003:00015148 00a7af94H .bss                    DATA
 0004:00000000 00000130H .rsrc$01                DATA
 0004:00000130 00003f20H .rsrc$02                DATA

  Address         Publics by Value              Rva+Base     Lib:Object

 0001:00000000       _CDAudio_Play2             00401000 f   cd_win.obj
 0001:000001e5       _CDAudio_Play              004011e5 f   cd_win.obj
 0001:000001fc       _CDAudio_Stop              004011fc f   cd_win.obj
 0001:00000241       _CDAudio_Pause             00401241 f   cd_win.obj
 0001:0000029a       _CDAudio_Resume            0040129a f   cd_win.obj
 0001:0000030c       _CDAudio_MessageHandler    0040130c f   cd_win.obj
 0001:000003a3       _CDAudio_Update            004013a3 f   cd_win.obj
 0001:000003da       _CDAudio_Init              004013da f   cd_win.obj
 0001:000007d1       _CDAudio_Shutdown          004017d1 f   cd_win.obj
 0001:00000804       _CDAudio_Activate          00401804 f   cd_win.obj
 0001:00000815       _SCR_StopCinematic         00401815 f   cl_cin.obj
 0001:000008b1       _SCR_FinishCinematic       004018b1 f   cl_cin.obj
 0001:000008f3       _SCR_RunCinematic          004018f3 f   cl_cin.obj
 0001:00000d10       _SCR_DrawCinematic         00401d10 f   cl_cin.obj
 0001:00000db4       _SCR_PlayCinematic         00401db4 f   cl_cin.obj
 0001:00001101       _CL_ParseEntityBits        00402101 f   cl_ents.obj
 0001:00001163       _CL_ParseDelta             00402163 f   cl_ents.obj
 0001:000014fc       _CL_DeltaEntity            004024fc f   cl_ents.obj
 0001:00001679       _CL_ParsePacketEntities    00402679 f   cl_ents.obj
 0001:000018a5       _CL_ParsePlayerstate       004028a5 f   cl_ents.obj
 0001:00001bb3       _CL_FireEntityEvents       00402bb3 f   cl_ents.obj
 0001:00001c05       _CL_ParseFrame             00402c05 f   cl_ents.obj
 0001:00001ed3       _CL_AddEntityBox           00402ed3 f   cl_ents.obj
 0001:00001fc3       _CL_OffsetThirdPersonView  00402fc3 f   cl_ents.obj
 0001:0000207d       _CL_CalcViewValues         0040307d f   cl_ents.obj
 0001:00002348       _CL_AddEntities            00403348 f   cl_ents.obj
 0001:00003144       _CL_GetEntitySoundOrigin   00404144 f   cl_ents.obj
 0001:0000317a       _CL_ClearLightStyles       0040417a f   cl_fx.obj
 0001:000031fe       _CL_RunLightStyles         004041fe f   cl_fx.obj
 0001:0000329b       _CL_SetLightstyle          0040429b f   cl_fx.obj
 0001:00003305       _CL_AllocDlight            00404305 f   cl_fx.obj
 0001:00003372       _CL_AddDLights             00404372 f   cl_fx.obj
 0001:000033d2       _CL_ClearParticles         004043d2 f   cl_fx.obj
 0001:00003424       _CL_AllocParticleTrace     00404424 f   cl_fx.obj
 0001:000034c7       _CL_AllocParticleBeam      004044c7 f   cl_fx.obj
 0001:00003521       _CL_AllocParticle          00404521 f   cl_fx.obj
 0001:00003570       _CL_UpdateParticles        00404570 f   cl_fx.obj
 0001:00003b19       _CL_MetalSparks            00404b19 f   cl_fx.obj
 0001:00003c06       _CL_ParseMuzzleFlash       00404c06 f   cl_fx.obj
 0001:00004447       _CL_ParseMuzzleFlash2      00405447 f   cl_fx.obj
 0001:00004b2d       _CL_ParticleEffect         00405b2d f   cl_fx.obj
 0001:00004bfc       _CL_ParticleEffect2        00405bfc f   cl_fx.obj
 0001:00004cc7       _CL_ParticleEffect3        00405cc7 f   cl_fx.obj
 0001:00004d97       _CL_TeleporterParticles    00405d97 f   cl_fx.obj
 0001:00004e4e       _CL_LogoutEffect           00405e4e f   cl_fx.obj
 0001:00004f39       _CL_ItemRespawnParticles   00405f39 f   cl_fx.obj
 0001:00004fe8       _CL_ExplosionParticles     00405fe8 f   cl_fx.obj
 0001:00005092       _CL_BigTeleportParticles   00406092 f   cl_fx.obj
 0001:000051e9       _CL_BlasterParticles       004061e9 f   cl_fx.obj
 0001:000052b5       _CL_BlasterTrail           004062b5 f   cl_fx.obj
 0001:000053a8       _CL_FlagTrail              004063a8 f   cl_fx.obj
 0001:000054a8       _CL_DiminishingTrail       004064a8 f   cl_fx.obj
 0001:0000570c       _CL_RocketTrail            0040670c f   cl_fx.obj
 0001:00005839       _CL_RailTrail              00406839 f   cl_fx.obj
 0001:00005a5f       _CL_RailTrailExt           00406a5f f   cl_fx.obj
 0001:00005b5a       _CL_IonripperTrail         00406b5a f   cl_fx.obj
 0001:00005c6d       _CL_BubbleTrail            00406c6d f   cl_fx.obj
 0001:00005d8b       _CL_FlyParticles           00406d8b f   cl_fx.obj
 0001:00005f2a       _CL_FlyEffect              00406f2a f   cl_fx.obj
 0001:00005fad       _CL_BfgParticles           00406fad f   cl_fx.obj
 0001:00006187       _CL_TrapParticles          00407187 f   cl_fx.obj
 0001:0000640a       _CL_BFGExplosionParticles  0040740a f   cl_fx.obj
 0001:000064b4       _CL_TeleportParticles      004074b4 f   cl_fx.obj
 0001:000065ed       _CL_EntityEvent            004075ed f   cl_fx.obj
 0001:000067cb       _CL_ClearEffects           004077cb f   cl_fx.obj
 0001:000067e9       _IN_CenterView             004077e9 f   cl_input.obj
 0001:0000680a       _CL_InitInput              0040780a f   cl_input.obj
 0001:00006cea       _CL_SendCmd                00407cea f   cl_input.obj
 0001:000073e5       _CL_ParseInventory         004083e5 f   cl_inv.obj
 0001:00007405       _CL_DrawInventory          00408405 f   cl_inv.obj
 0001:0000767d       _CL_WriteDemoMessage       0040867d f   cl_main.obj
 0001:000076bf       _CL_Stop_f                 004086bf f   cl_main.obj
 0001:0000771a       _CL_Record_f               0040871a f   cl_main.obj
 0001:000079bd       _Cmd_ForwardToServer       004089bd f   cl_main.obj
 0001:00007a29       _CL_Setenv_f               00408a29 f   cl_main.obj
 0001:00007aed       _CL_ForwardToServer_f      00408aed f   cl_main.obj
 0001:00007b3b       _CL_Pause_f                00408b3b f   cl_main.obj
 0001:00007b7d       _CL_Quit_f                 00408b7d f   cl_main.obj
 0001:00007b87       _CL_Drop                   00408b87 f   cl_main.obj
 0001:00007ba9       _CL_SendConnectPacket      00408ba9 f   cl_main.obj
 0001:00007c80       _CL_CheckForResend         00408c80 f   cl_main.obj
 0001:00007d84       _CL_Connect_f              00408d84 f   cl_main.obj
 0001:00007e05       _CL_Rcon_f                 00408e05 f   cl_main.obj
 0001:00007f10       _CL_ClearState             00408f10 f   cl_main.obj
 0001:00007f4f       _CL_Disconnect             00408f4f f   cl_main.obj
 0001:00008091       _CL_Disconnect_f           00409091 f   cl_main.obj
 0001:000080a0       _CL_Changing_f             004090a0 f   cl_main.obj
 0001:000080c4       _CL_Reconnect_f            004090c4 f   cl_main.obj
 0001:00008160       _CL_PingServers_f          00409160 f   cl_main.obj
 0001:000082c8       _CL_Skins_f                004092c8 f   cl_main.obj
 0001:00008304       _CL_ConnectionlessPacket   00409304 f   cl_main.obj
 0001:00008662       _CL_ReadPackets            00409662 f   cl_main.obj
 0001:00008756       _CL_FixUpGender            00409756 f   cl_main.obj
 0001:00008806       _CL_Userinfo_f             00409806 f   cl_main.obj
 0001:0000881e       _CL_Snd_Restart_f          0040981e f   cl_main.obj
 0001:0000882d       _CL_RequestNextDownload    0040982d f   cl_main.obj
 0001:00008e70       _CL_Precache_f             00409e70 f   cl_main.obj
 0001:00008f36       _CL_WriteConfiguration     00409f36 f   cl_main.obj
 0001:00008fda       _CL_WriteConfig_f          00409fda f   cl_main.obj
 0001:00009039       _CL_InitLocal              0040a039 f   cl_main.obj
 0001:00009259       _CL_FixCvarCheats          0040a259 f   cl_main.obj
 0001:000092aa       _CL_Frame                  0040a2aa f   cl_main.obj
 0001:000094e7       _CL_Init                   0040a4e7 f   cl_main.obj
 0001:00009534       _CL_Shutdown               0040a534 f   cl_main.obj
 0001:0000957a       _vectoangles2              0040a57a f   cl_newfx.obj
 0001:0000967c       _CL_Flashlight             0040a67c f   cl_newfx.obj
 0001:000096b6       _CL_ColorFlash             0040a6b6 f   cl_newfx.obj
 0001:000096f2       _CL_DebugTrail             0040a6f2 f   cl_newfx.obj
 0001:000097d2       _CL_ForceWall              0040a7d2 f   cl_newfx.obj
 0001:00009906       _CL_BubbleTrail2           0040a906 f   cl_newfx.obj
 0001:00009a30       _CL_Heatbeam               0040aa30 f   cl_newfx.obj
 0001:00009ce1       _CL_ParticleSteamEffect    0040ace1 f   cl_newfx.obj
 0001:00009e0b       _CL_ParticleSteamEffect2   0040ae0b f   cl_newfx.obj
 0001:00009f42       _CL_TrackerTrail           0040af42 f   cl_newfx.obj
 0001:0000a0a3       _CL_Tracker_Shell          0040b0a3 f   cl_newfx.obj
 0001:0000a12c       _CL_MonsterPlasma_Shell    0040b12c f   cl_newfx.obj
 0001:0000a1b2       _CL_Widowbeamout           0040b1b2 f   cl_newfx.obj
 0001:0000a26e       _CL_Nukeblast              0040b26e f   cl_newfx.obj
 0001:0000a32a       _CL_WidowSplash            0040b32a f   cl_newfx.obj
 0001:0000a3f2       _CL_TagTrail               0040b3f2 f   cl_newfx.obj
 0001:0000a4f2       _CL_ColorExplosionParticles 0040b4f2 f   cl_newfx.obj
 0001:0000a59f       _CL_ParticleSmokeEffect    0040b59f f   cl_newfx.obj
 0001:0000a6c7       _CL_BlasterParticles2      0040b6c7 f   cl_newfx.obj
 0001:0000a794       _CL_BlasterTrail2          0040b794 f   cl_newfx.obj
 0001:0000a887       _CL_DownloadFileName       0040b887 f   cl_parse.obj
 0001:0000a8c6       _CL_CheckOrDownloadFile    0040b8c6 f   cl_parse.obj
 0001:0000ab01       _CL_Download_f             0040bb01 f   cl_parse.obj
 0001:0000abcc       _CL_RegisterSounds         0040bbcc f   cl_parse.obj
 0001:0000ac0b       _CL_ParseDownload          0040bc0b f   cl_parse.obj
 0001:0000ad78       _CL_ParseServerData        0040bd78 f   cl_parse.obj
 0001:0000ae7b       _CL_ParseBaseline          0040be7b f   cl_parse.obj
 0001:0000aec3       _CL_LoadClientinfo         0040bec3 f   cl_parse.obj
 0001:0000b1ad       _CL_ParseClientinfo        0040c1ad f   cl_parse.obj
 0001:0000b1d1       _CL_ParseConfigString      0040c1d1 f   cl_parse.obj
 0001:0000b36e       _CL_ParseStartSoundPacket  0040c36e f   cl_parse.obj
 0001:0000b470       _CL_ParseServerMessage     0040c470 f   cl_parse.obj
 0001:0000b765       _CL_CheckPredictionError   0040c765 f   cl_pred.obj
 0001:0000b8aa       _CL_EntityTrace            0040c8aa f   cl_pred.obj
 0001:0000bb8e       _CL_Trace                  0040cb8e f   cl_pred.obj
 0001:0000bbc6       _CL_PMpointcontents        0040cbc6 f   cl_pred.obj
 0001:0000bcf9       _CL_PredictMovement        0040ccf9 f   cl_pred.obj
 0001:0000bfb4       _CL_AddNetgraph            0040cfb4 f   cl_scrn.obj
 0001:0000c08e       _SCR_DebugGraph            0040d08e f   cl_scrn.obj
 0001:0000c0b6       _SCR_DrawDebugGraph        0040d0b6 f   cl_scrn.obj
 0001:0000c1b0       _SCR_CenterPrint           0040d1b0 f   cl_scrn.obj
 0001:0000c2b4       _SCR_DrawCenterString      0040d2b4 f   cl_scrn.obj
 0001:0000c382       _SCR_Sky_f                 0040d382 f   cl_scrn.obj
 0001:0000c42d       _SCR_Init                  0040d42d f   cl_scrn.obj
 0001:0000c474       _SCR_DrawPause             0040d474 f   cl_scrn.obj
 0001:0000c4d2       _SCR_RunConsole            0040d4d2 f   cl_scrn.obj
 0001:0000c5b4       _SCR_DrawConsole           0040d5b4 f   cl_scrn.obj
 0001:0000c63e       _SCR_SetLevelshot          0040d63e f   cl_scrn.obj
 0001:0000c6a9       _SCR_DrawLoading           0040d6a9 f   cl_scrn.obj
 0001:0000c762       _SCR_BeginLoadingPlaque    0040d762 f   cl_scrn.obj
 0001:0000c7c2       _SCR_EndLoadingPlaque      0040d7c2 f   cl_scrn.obj
 0001:0000c7e0       _SCR_Loading_f             0040d7e0 f   cl_scrn.obj
 0001:0000c7e5       _SCR_TimeRefresh_f         0040d7e5 f   cl_scrn.obj
 0001:0000c8bc       _SCR_TileClear             0040d8bc f   cl_scrn.obj
 0001:0000c965       _DrawHUDString             0040d965 f   cl_scrn.obj
 0001:0000ca17       _SCR_DrawField             0040da17 f   cl_scrn.obj
 0001:0000cabe       _SCR_TouchPics             0040dabe f   cl_scrn.obj
 0001:0000cb51       _SCR_ExecuteLayoutString   0040db51 f   cl_scrn.obj
 0001:0000d322       _SCR_UpdateScreen          0040e322 f   cl_scrn.obj
 0001:0000d657       _CL_RegisterTEntSounds     0040e657 f   cl_tent.obj
 0001:0000d88f       _CL_RegisterTEntModels     0040e88f f   cl_tent.obj
 0001:0000da15       _CL_ClearTEnts             0040ea15 f   cl_tent.obj
 0001:0000da6c       _CL_AllocExplosion         0040ea6c f   cl_tent.obj
 0001:0000db0a       _CL_AddExplosions          0040eb0a f   cl_tent.obj
 0001:0000dcd9       _CL_SmokeAndFlash          0040ecd9 f   cl_tent.obj
 0001:0000dd21       _CL_ParseBeam              0040ed21 f   cl_tent.obj
 0001:0000de00       _CL_ParseBeam2             0040ee00 f   cl_tent.obj
 0001:0000ded7       _CL_ParsePlayerBeam        0040eed7 f   cl_tent.obj
 0001:0000dfe5       _CL_ParseLightning         0040efe5 f   cl_tent.obj
 0001:0000e0b1       _CL_ParseLaser             0040f0b1 f   cl_tent.obj
 0001:0000e149       _CL_ParseSteam             0040f149 f   cl_tent.obj
 0001:0000e25a       _CL_ParseWidow             0040f25a f   cl_tent.obj
 0001:0000e2c6       _CL_ParseNuke              0040f2c6 f   cl_tent.obj
 0001:0000e330       _CL_ParseTEnt              0040f330 f   cl_tent.obj
 0001:0000f163       _CL_AddBeams               00410163 f   cl_tent.obj
 0001:0000f4b6       _CL_AddPlayerBeams         004104b6 f   cl_tent.obj
 0001:0000fbf4       _CL_AddLasers              00410bf4 f   cl_tent.obj
 0001:0000fc19       _CL_ProcessSustain         00410c19 f   cl_tent.obj
 0001:0000fc5a       _CL_AddTEnts               00410c5a f   cl_tent.obj
 0001:0000fc73       _V_AddEntity               00410c73 f   cl_view.obj
 0001:0000fca2       _V_AddLight                00410ca2 f   cl_view.obj
 0001:0000fce7       _V_TestParticles           00410ce7 f   cl_view.obj
 0001:0000fda5       _V_TestEntities            00410da5 f   cl_view.obj
 0001:0000fe47       _V_TestLights              00410e47 f   cl_view.obj
 0001:0000ff1a       _CL_PrepRefresh            00410f1a f   cl_view.obj
 0001:00010190       _CalcFov                   00411190 f   cl_view.obj
 0001:00010209       _V_Gun_Next_f              00411209 f   cl_view.obj
 0001:00010222       _V_Gun_Prev_f              00411222 f   cl_view.obj
 0001:00010244       _V_Gun_Model_f             00411244 f   cl_view.obj
 0001:00010278       _SCR_DrawCrosshair         00411278 f   cl_view.obj
 0001:000102ed       _V_RenderView              004112ed f   cl_view.obj
 0001:00010e3d       _V_Init                    00411e3d f   cl_view.obj
 0001:00011052       _Cbuf_Init                 00412052 f   cmd.obj
 0001:0001106a       _Cbuf_AddText              0041206a f   cmd.obj
 0001:000110d2       _Cbuf_InsertText           004120d2 f   cmd.obj
 0001:0001112a       _Cbuf_CopyToDefer          0041212a f   cmd.obj
 0001:00011156       _Cbuf_InsertFromDefer      00412156 f   cmd.obj
 0001:00011169       _Cbuf_Execute              00412169 f   cmd.obj
 0001:0001124f       _Cmd_Exec_f                0041224f f   cmd.obj
 0001:000112d4       _Cmd_Echo_f                004122d4 f   cmd.obj
 0001:00011316       _Cmd_Alias_f               00412316 f   cmd.obj
 0001:0001143d       _Cmd_Unalias_f             0041243d f   cmd.obj
 0001:000114c9       _Cmd_WriteAliases          004124c9 f   cmd.obj
 0001:000114f2       _Cmd_Argc                  004124f2 f   cmd.obj
 0001:000114f8       _Cmd_Argv                  004124f8 f   cmd.obj
 0001:00011512       _Cmd_Args                  00412512 f   cmd.obj
 0001:00011518       _Cmd_TokenizeString        00412518 f   cmd.obj
 0001:000117f2       _Cmd_AddCommand            004127f2 f   cmd.obj
 0001:0001185a       _Cmd_RemoveCommand         0041285a f   cmd.obj
 0001:0001189c       _Cmd_ExecuteString         0041289c f   cmd.obj
 0001:0001197f       _Cmd_Init                  0041297f f   cmd.obj
 0001:00011a98       _CMod_GetSurfMaterial      00412a98 f   cmodel.obj
 0001:00011af5       _CM_LoadMap                00412af5 f   cmodel.obj
 0001:00012152       _PlaneTypeForNormal        00413152 f i cmodel.obj
 0001:000122d2       _CM_InlineModel            004132d2 f   cmodel.obj
 0001:00012321       _CM_NumClusters            00413321 f   cmodel.obj
 0001:00012327       _CM_NumInlineModels        00413327 f   cmodel.obj
 0001:0001232d       _CM_EntityString           0041332d f   cmodel.obj
 0001:00012333       _CM_LeafContents           00413333 f   cmodel.obj
 0001:0001235d       _CM_LeafCluster            0041335d f   cmodel.obj
 0001:00012388       _CM_LeafArea               00413388 f   cmodel.obj
 0001:000123b3       _CM_InitBoxHull            004133b3 f   cmodel.obj
 0001:00012543       _CM_HeadnodeForBox         00413543 f   cmodel.obj
 0001:000125f8       _CM_PointLeafnum           004135f8 f   cmodel.obj
 0001:0001265b       _DISTANCE_TO_PLANE         0041365b f i cmodel.obj
 0001:000126a3       _CM_BoxLeafnums            004136a3 f   cmodel.obj
 0001:00012778       _BOX_ON_PLANE_SIDE         00413778 f i cmodel.obj
 0001:000127fd       _CM_PointContents          004137fd f   cmodel.obj
 0001:00012822       _CM_TransformedPointContents 00413822 f   cmodel.obj
 0001:00012907       _CM_TransformedPointContents2 00413907 f   cmodel.obj
 0001:000129a2       _CM_BoxTrace               004139a2 f   cmodel.obj
 0001:00013433       _CM_TransformedBoxTrace    00414433 f   cmodel.obj
 0001:000136a3       _CM_TransformedBoxTrace2   004146a3 f   cmodel.obj
 0001:00013860       _CM_BrushTrace             00414860 f   cmodel.obj
 0001:00013c53       _CM_RefineBrushTrace       00414c53 f   cmodel.obj
 0001:00013ca3       _CM_DecompressVis          00414ca3 f   cmodel.obj
 0001:00013d2c       _CM_ClusterPVS             00414d2c f   cmodel.obj
 0001:00013d79       _CM_ClusterPHS             00414d79 f   cmodel.obj
 0001:00013dc6       _FloodAreaConnections      00414dc6 f   cmodel.obj
 0001:00013e80       _CM_SetAreaPortalState     00414e80 f   cmodel.obj
 0001:00013eac       _CM_AreasConnected         00414eac f   cmodel.obj
 0001:00013efa       _CM_WriteAreaBits          00414efa f   cmodel.obj
 0001:00013f8a       _CM_WritePortalState       00414f8a f   cmodel.obj
 0001:00013fa4       _CM_ReadPortalState        00414fa4 f   cmodel.obj
 0001:00013fc2       _CM_HeadnodeVisible        00414fc2 f   cmodel.obj
 0001:0001402a       _Com_BeginRedirect         0041502a f   common.obj
 0001:00014067       _Com_EndRedirect           00415067 f   common.obj
 0001:00014092       _Com_Printf                00415092 f   common.obj
 0001:000141f1       _Com_DPrintf               004151f1 f   common.obj
 0001:00014255       _DebugPrintf               00415255 f   common.obj
 0001:000142fd       _Com_WPrintf               004152fd f   common.obj
 0001:00014356       _Com_Error                 00415356 f   common.obj
 0001:00014451       _Com_Quit                  00415451 f   common.obj
 0001:00014481       _MatchWildcard             00415481 f   common.obj
 0001:000145d8       _MatchWildcard2            004155d8 f   common.obj
 0001:00014624       _IPWildcard                00415624 f   common.obj
 0001:000146ff       _Com_ServerState           004156ff f   common.obj
 0001:00014705       _Com_SetServerState        00415705 f   common.obj
 0001:0001470f       _MSG_WriteChar             0041570f f   common.obj
 0001:0001470f       _MSG_WriteByte             0041570f f   common.obj
 0001:00014723       _MSG_WriteShort            00415723 f   common.obj
 0001:0001473d       _MSG_WriteLong             0041573d f   common.obj
 0001:00014767       _MSG_WriteFloat            00415767 f   common.obj
 0001:0001478d       _MSG_WriteString           0041578d f   common.obj
 0001:000147c5       _MSG_WriteCoord            004157c5 f   common.obj
 0001:000147f4       _MSG_WritePos              004157f4 f   common.obj
 0001:00014876       _MSG_WriteAngle            00415876 f   common.obj
 0001:0001489f       _MSG_WriteAngle16          0041589f f   common.obj
 0001:000148d6       _MSG_WriteDeltaUsercmd     004158d6 f   common.obj
 0001:00014a5e       _MSG_WriteDir              00415a5e f   common.obj
 0001:00014acb       _MSG_ReadDir               00415acb f   common.obj
 0001:00014b03       _MSG_WriteDeltaEntity      00415b03 f   common.obj
 0001:0001500d       _MSG_BeginReading          0041600d f   common.obj
 0001:00015016       _MSG_ReadChar              00416016 f   common.obj
 0001:00015037       _MSG_ReadByte              00416037 f   common.obj
 0001:00015058       _MSG_ReadShort             00416058 f   common.obj
 0001:00015088       _MSG_ReadLong              00416088 f   common.obj
 0001:000150c7       _MSG_ReadString            004160c7 f   common.obj
 0001:000150fa       _MSG_ReadCoord             004160fa f   common.obj
 0001:00015114       _MSG_ReadPos               00416114 f   common.obj
 0001:00015166       _MSG_ReadAngle             00416166 f   common.obj
 0001:00015180       _MSG_ReadAngle16           00416180 f   common.obj
 0001:0001519a       _MSG_ReadDeltaUsercmd      0041619a f   common.obj
 0001:00015251       _MSG_ReadData              00416251 f   common.obj
 0001:00015274       _SZ_Init                   00416274 f   common.obj
 0001:00015296       _SZ_Clear                  00416296 f   common.obj
 0001:000152a3       _SZ_GetSpace               004162a3 f   common.obj
 0001:00015309       _SZ_Write                  00416309 f   common.obj
 0001:0001532a       _SZ_Print                  0041632a f   common.obj
 0001:00015373       _Info_Print                00416373 f   common.obj
 0001:00015430       _COM_BlockSequenceCRCByte  00416430 f   common.obj
 0001:000154bc       _frand                     004164bc f   common.obj
 0001:000154d9       _crand                     004164d9 f   common.obj
 0001:000154fc       _COM_CheckCmdlineVar       004164fc f   common.obj
 0001:00015552       _QCommon_Init              00416552 f   common.obj
 0001:000158a5       _QCommon_Frame             004168a5 f   common.obj
 0001:00015b90       _DeinitConProc             00416b90 f   conproc.obj
 0001:00015ba1       _DrawStringCommon          00416ba1 f   console.obj
 0001:00015bfb       _DrawString                00416bfb f   console.obj
 0001:00015c1b       _Con_ToggleConsole_f       00416c1b f   console.obj
 0001:00015c97       _Con_ClearNotify           00416c97 f   console.obj
 0001:00015ca9       _Con_CheckResize           00416ca9 f   console.obj
 0001:00015dcf       _Con_Print                 00416dcf f   console.obj
 0001:000160d3       _Con_DrawNotify            004170d3 f   console.obj
 0001:0001630c       _Con_DrawConsole           0041730c f   console.obj
 0001:000168b4       _Key_Console               004178b4 f   console.obj
 0001:00016e00       _Key_Message               00417e00 f   console.obj
 0001:00016e91       _Con_Init                  00417e91 f   console.obj
 0001:00017092       _CRC_Block                 00418092 f   crc.obj
 0001:000170ce       _Cvar_VariableValue        004180ce f   cvar.obj
 0001:0001713c       _Cvar_VariableInt          0041813c f   cvar.obj
 0001:0001714f       _Cvar_VariableString       0041814f f   cvar.obj
 0001:00017167       _Cvar_Get                  00418167 f   cvar.obj
 0001:000173fa       _Cvar_GetVars              004183fa f   cvar.obj
 0001:0001744e       _Cvar_FullSet              0041844e f   cvar.obj
 0001:000174ab       _Cvar_SetValue             004184ab f   cvar.obj
 0001:0001770c       _Cvar_SetInteger           0041870c f   cvar.obj
 0001:0001772e       _Cvar_Set                  0041872e f   cvar.obj
 0001:00017743       _Cvar_ForceSet             00418743 f   cvar.obj
 0001:00017758       _Cvar_Clamp                00418758 f   cvar.obj
 0001:000177e2       _Cvar_ClampName            004187e2 f   cvar.obj
 0001:00017833       _Cvar_GetLatchedVars       00418833 f   cvar.obj
 0001:00017862       _Cvar_Command              00418862 f   cvar.obj
 0001:0001790e       _Cvar_WriteVariables       0041890e f   cvar.obj
 0001:00017988       _Cvar_BitInfo              00418988 f   cvar.obj
 0001:000179c1       _Cvar_Userinfo             004189c1 f   cvar.obj
 0001:000179ca       _Cvar_Serverinfo           004189ca f   cvar.obj
 0001:000179d3       _Cvar_Cheats               004189d3 f   cvar.obj
 0001:00017a2c       _Cvar_Init                 00418a2c f   cvar.obj
 0001:0001808c       _FS_CreatePath             0041908c f   files.obj
 0001:000180d6       _FS_CopyFile               004190d6 f   files.obj
 0001:000181d9       _FS_CopyFiles              004191d9 f   files.obj
 0001:000182b2       _FS_RemoveFiles            004192b2 f   files.obj
 0001:00018326       _Developer_searchpath      00419326 f   files.obj
 0001:0001836b       _FS_FCloseFile             0041936b f   files.obj
 0001:00018401       _FS_FOpenFile              00419401 f   files.obj
 0001:00018929       _FS_FileExists             00419929 f   files.obj
 0001:00018b65       _FS_Read                   00419b65 f   files.obj
 0001:00018dad       _FS_LoadFile               00419dad f   files.obj
 0001:00018e0f       _FS_FreeFile               00419e0f f   files.obj
 0001:00018e1a       _FS_Gamedir                00419e1a f   files.obj
 0001:00018e2e       _FS_LoadGameConfig         00419e2e f   files.obj
 0001:00018ef3       _FS_SetGamedir             00419ef3 f   files.obj
 0001:0001959e       _FS_ListFiles              0041a59e f   files.obj
 0001:000198ac       _FS_NextPath               0041a8ac f   files.obj
 0001:000198d0       _FS_InitFilesystem         0041a8d0 f   files.obj
 0001:0001a299       _LoadPCX                   0041b299 f   images.obj
 0001:0001a3d0       _LoadTGA                   0041b3d0 f   images.obj
 0001:0001a5c3       _LoadJPG                   0041b5c3 f   images.obj
 0001:0001a856       _ImageExists               0041b856 f   images.obj
 0001:0001a950       _WriteTGA                  0041b950 f   images.obj
 0001:0001ab41       _WriteJPG                  0041bb41 f   images.obj
 0001:0001ac69       _IN_MLookDown              0041bc69 f   in_win.obj
 0001:0001ac74       _IN_MLookUp                0041bc74 f   in_win.obj
 0001:0001ac97       _IN_StartupMouse           0041bc97 f   in_win.obj
 0001:0001acf1       _IN_MouseEvent             0041bcf1 f   in_win.obj
 0001:0001ad6e       _IN_Init                   0041bd6e f   in_win.obj
 0001:0001adb4       _IN_Shutdown               0041bdb4 f   in_win.obj
 0001:0001aea1       _IN_Activate               0041bea1 f   in_win.obj
 0001:0001aeb8       _IN_Frame                  0041beb8 f   in_win.obj
 0001:0001b2b9       _IN_Move                   0041c2b9 f   in_win.obj
 0001:0001b492       _IN_StartupJoystick        0041c492 f   in_win.obj
 0001:0001b5b3       _Joy_AdvancedUpdate_f      0041c5b3 f   in_win.obj
 0001:0001b72a       _IN_Commands               0041c72a f   in_win.obj
 0001:0001b859       _IN_ReadJoystick           0041c859 f   in_win.obj
 0001:0001b894       _IN_JoyMove                0041c894 f   in_win.obj
 0001:0001bbe6       _Key_StringToKeynum        0041cbe6 f   keys.obj
 0001:0001bc30       _Key_KeynumToString        0041cc30 f   keys.obj
 0001:0001bc83       _CompleteCommand           0041cc83 f   keys.obj
 0001:0001c4ae       _Key_SetBinding            0041d4ae f   keys.obj
 0001:0001c508       _Key_Bindlist_f            0041d508 f   keys.obj
 0001:0001c5a4       _Key_WriteBindings         0041d5a4 f   keys.obj
 0001:0001c5e2       _Key_Init                  0041d5e2 f   keys.obj
 0001:0001c8b8       _Key_Event                 0041d8b8 f   keys.obj
 0001:0001cbaf       _Key_ClearStates           0041dbaf f   keys.obj
 0001:0001cbf4       _Key_ClearTyping           0041dbf4 f   keys.obj
 0001:0001cc0d       _MD4Init                   0041dc0d f   md4.obj
 0001:0001cc35       _MD4Update                 0041dc35 f   md4.obj
 0001:0001ccd3       _MD4Final                  0041dcd3 f   md4.obj
 0001:0001d3c4       _Com_BlockChecksum         0041e3c4 f   md4.obj
 0001:0001d400       _Z_Free                    0041e400 f   memory.obj
 0001:0001d456       _Z_FreeTags                0041e456 f   memory.obj
 0001:0001d486       _Z_TagMalloc               0041e486 f   memory.obj
 0001:0001d4f7       _Z_Malloc                  0041e4f7 f   memory.obj
 0001:0001d519       _Z_BlockMalloc             0041e519 f   memory.obj
 0001:0001d534       _CreateMemoryChain         0041e534 f   memory.obj
 0001:0001d59c       _FreeMemoryChain           0041e59c f   memory.obj
 0001:0001d5c6       _AllocChainBlock           0041e5c6 f   memory.obj
 0001:0001d611       _CopyString                0041e611 f   memory.obj
 0001:0001d635       _ChainCopyString           0041e635 f   memory.obj
 0001:0001d65d       _AllocNamedStruc           0041e65d f   memory.obj
 0001:0001d698       _ChainAllocNamedStruc      0041e698 f   memory.obj
 0001:0001d6d7       _FindNamedStruc            0041e6d7 f   memory.obj
 0001:0001d71b       _FindNamedStrucByIndex     0041e71b f   memory.obj
 0001:0001d732       _IndexOfNamedStruc         0041e732 f   memory.obj
 0001:0001d760       _AddToNamedList            0041e760 f   memory.obj
 0001:0001d7aa       _ChainAddToNamedList       0041e7aa f   memory.obj
 0001:0001d7f4       _FreeNamedList             0041e7f4 f   memory.obj
 0001:0001d80f       _Z_Init                    0041e80f f   memory.obj
 0001:0001d84a       _M_PushMenu                0041e84a f   menu.obj
 0001:0001d907       _M_ForceMenuOff            0041e907 f   menu.obj
 0001:0001d934       _M_PopMenu                 0041e934 f   menu.obj
 0001:0001d988       _Default_MenuKey           0041e988 f   menu.obj
 0001:0001dab2       _M_Print                   0041eab2 f   menu.obj
 0001:0001dafd       _M_DrawTextBox             0041eafd f   menu.obj
 0001:0001dce9       _M_Main_Draw               0041ece9 f   menu.obj
 0001:0001de6d       _M_Main_Key                0041ee6d f   menu.obj
 0001:0001df51       _M_Menu_Main_f             0041ef51 f   menu.obj
 0001:0001df6d       _M_Menu_Multiplayer_f      0041ef6d f   menu.obj
 0001:0001e0f2       _M_Menu_Keys_f             0041f0f2 f   menu.obj
 0001:0001e5c0       _M_Menu_Options_f          0041f5c0 f   menu.obj
 0001:0001eecb       _M_Menu_Video_f            0041fecb f   menu.obj
 0001:0001eeec       _M_Menu_Credits_f          0041feec f   menu.obj
 0001:0001f0b1       _M_Menu_Game_f             004200b1 f   menu.obj
 0001:0001f344       _M_Menu_LoadGame_f         00420344 f   menu.obj
 0001:0001f614       _M_Menu_SaveGame_f         00420614 f   menu.obj
 0001:0001f774       _M_AddToServerList         00420774 f   menu.obj
 0001:0001f7e7       _M_Menu_JoinServer_f       004207e7 f   menu.obj
 0001:0001fa4b       _M_Menu_StartServer_f      00420a4b f   menu.obj
 0001:00020276       _M_Menu_DMOptions_f        00421276 f   menu.obj
 0001:000209f2       _M_Menu_DownloadOptions_f  004219f2 f   menu.obj
 0001:00020c74       _M_Menu_AddressBook_f      00421c74 f   menu.obj
 0001:00022021       _M_Init                    00423021 f   menu.obj
 0001:00022145       _M_Draw                    00423145 f   menu.obj
 0001:000221d6       _M_Keydown                 004231d6 f   menu.obj
 0001:000221f2       _LoadQ2BspFile             004231f2 f   model.obj
 0001:000227bc       _LoadBspFile               004237bc f   model.obj
 0001:000228dc       _ProcessEntstring          004238dc f   model.obj
 0001:000236ff       _Netchan_Init              004246ff f   net_chan.obj
 0001:0002375f       _Netchan_OutOfBand         0042475f f   net_chan.obj
 0001:000237bf       _Netchan_OutOfBandPrint    004247bf f   net_chan.obj
 0001:000237ff       _Netchan_Setup             004247ff f   net_chan.obj
 0001:0002385a       _Netchan_NeedReliable      0042485a f   net_chan.obj
 0001:00023886       _Netchan_Transmit          00424886 f   net_chan.obj
 0001:00023a2a       _Netchan_Process           00424a2a f   net_chan.obj
 0001:00023b51       _NetadrToSockadr           00424b51 f   net_wins.obj
 0001:00023bf3       _SockadrToNetadr           00424bf3 f   net_wins.obj
 0001:00023c56       _NET_CompareAdr            00424c56 f   net_wins.obj
 0001:00023cbc       _NET_CompareBaseAdr        00424cbc f   net_wins.obj
 0001:00023d15       _NET_AdrToString           00424d15 f   net_wins.obj
 0001:00023dce       _NET_StringToSockaddr      00424dce f   net_wins.obj
 0001:00024007       _NET_StringToAdr           00425007 f   net_wins.obj
 0001:00024060       _NET_IsLocalAddress        00425060 f   net_wins.obj
 0001:0002406c       _NET_GetLoopPacket         0042506c f   net_wins.obj
 0001:000240f3       _NET_SendLoopPacket        004250f3 f   net_wins.obj
 0001:0002413f       _NET_GetPacket             0042513f f   net_wins.obj
 0001:0002425d       _NET_SendPacket            0042525d f   net_wins.obj
 0001:00024337       _NET_IPSocket              00425337 f   net_wins.obj
 0001:0002444d       _NET_OpenIP                0042544d f   net_wins.obj
 0001:000244c9       _NET_OpenIPX               004254c9 f   net_wins.obj
 0001:00024621       _NET_Config                00425621 f   net_wins.obj
 0001:000246b4       _NET_Init                  004256b4 f   net_wins.obj
 0001:0002471e       _Pmove                     0042571e f   pmove.obj
 0001:00026476       _NormalizeColor            00427476 f   q_shared2.obj
 0001:000264d7       _NormalizeColor255         004274d7 f   q_shared2.obj
 0001:0002653c       _Q_rsqrt                   0042753c f   q_shared2.obj
 0001:0002656c       _RotatePointAroundVector   0042756c f   q_shared2.obj
 0001:000266dc       _AngleVectors              004276dc f   q_shared2.obj
 0001:0002683d       _ProjectPointOnPlane       0042783d f   q_shared2.obj
 0001:000268bc       _PerpendicularVector       004278bc f   q_shared2.obj
 0001:0002693b       _MakeNormalVectors         0042793b f   q_shared2.obj
 0001:000269a2       _MatrixMultiply            004279a2 f   q_shared2.obj
 0001:00026a89       _R_ConcatTransforms        00427a89 f   q_shared2.obj
 0001:00026bc3       _SetPlaneSignbits          00427bc3 f   q_shared2.obj
 0001:00026bf3       _LerpAngle                 00427bf3 f   q_shared2.obj
 0001:00026c36       _anglemod                  00427c36 f   q_shared2.obj
 0001:00026c62       _BoxOnPlaneSide            00427c62 f   q_shared2.obj
 0001:00026d7e       _ClearBounds               00427d7e f   q_shared2.obj
 0001:00026da7       _AddPointToBounds          00427da7 f   q_shared2.obj
 0001:00026de0       _VectorCompare             00427de0 f   q_shared2.obj
 0001:00026e0e       _VectorNormalize           00427e0e f   q_shared2.obj
 0001:00026e62       _VectorNormalize2          00427e62 f   q_shared2.obj
 0001:00026eba       _VectorNormalizeFast       00427eba f   q_shared2.obj
 0001:00026f0b       _CrossProduct              00427f0b f   q_shared2.obj
 0001:00026f46       _VectorLength              00427f46 f   q_shared2.obj
 0001:00026f75       _VectorDistance            00427f75 f   q_shared2.obj
 0001:00026fa6       _VectorInverse             00427fa6 f   q_shared2.obj
 0001:00026fc1       _VectorScale               00427fc1 f   q_shared2.obj
 0001:00026fe5       _AnglesToAxis              00427fe5 f   q_shared2.obj
 0001:00027023       _COM_FilePath              00428023 f   q_shared2.obj
 0001:00027059       _ShortSwap                 00428059 f   q_shared2.obj
 0001:0002706e       _va                        0042806e f   q_shared2.obj
 0001:000270bb       _COM_ParseExt              004280bb f   q_shared2.obj
 0001:000271b6       _Com_PageInMemory          004281b6 f   q_shared2.obj
 0001:000271d5       _Q_stricmp                 004281d5 f   q_shared2.obj
 0001:000271e6       _Q_strncasecmp             004281e6 f   q_shared2.obj
 0001:0002723e       _Q_strcasecmp              0042823e f   q_shared2.obj
 0001:00027254       _Q_strncpyz                00428254 f   q_shared2.obj
 0001:00027278       _Q_strncpylower            00428278 f   q_shared2.obj
 0001:000272b2       _Q_CopyFilename            004282b2 f   q_shared2.obj
 0001:0002734e       _Com_sprintf               0042834e f   q_shared2.obj
 0001:00027394       _Info_ValueForKey          00428394 f   q_shared2.obj
 0001:0002741f       _Info_RemoveKey            0042841f f   q_shared2.obj
 0001:000274a5       _Info_SetValueForKey       004284a5 f   q_shared2.obj
 0001:000275e3       _Field_Key                 004285e3 f   qmenu.obj
 0001:0002784c       _Menu_AddItem              0042884c f   qmenu.obj
 0001:00027881       _Menu_AdjustCursor         00428881 f   qmenu.obj
 0001:000279c0       _Menu_Center               004289c0 f   qmenu.obj
 0001:000279f8       _Menu_DrawDotsItem         004289f8 f   qmenu.obj
 0001:00027a37       _Menu_Draw                 00428a37 f   qmenu.obj
 0001:00027f6f       _Menu_ItemAtCursor         00428f6f f   qmenu.obj
 0001:00027f87       _Menu_SelectItem           00428f87 f   qmenu.obj
 0001:00027fc9       _Menu_SetStatusBar         00428fc9 f   qmenu.obj
 0001:00027fd8       _Menu_SlideItem            00428fd8 f   qmenu.obj
 0001:00028534       _S_SoundInfo_f             00429534 f   snd_dma.obj
 0001:000285be       _S_ReadModelsSex           004295be f   snd_dma.obj
 0001:000286a6       _S_IsFemale                004296a6 f   snd_dma.obj
 0001:00028734       _S_Init                    00429734 f   snd_dma.obj
 0001:00028807       _S_Shutdown                00429807 f   snd_dma.obj
 0001:00028891       _S_FindName                00429891 f   snd_dma.obj
 0001:0002897d       _S_AliasName               0042997d f   snd_dma.obj
 0001:00028a09       _S_BeginRegistration       00429a09 f   snd_dma.obj
 0001:00028a1a       _S_RegisterSound           00429a1a f   snd_dma.obj
 0001:00028a80       _S_EndRegistration         00429a80 f   snd_dma.obj
 0001:00028b13       _S_PickChannel             00429b13 f   snd_dma.obj
 0001:00028baa       _S_SpatializeOrigin        00429baa f   snd_dma.obj
 0001:00028cd1       _S_Spatialize              00429cd1 f   snd_dma.obj
 0001:00028d42       _S_AllocPlaysound          00429d42 f   snd_dma.obj
 0001:00028d61       _S_FreePlaysound           00429d61 f   snd_dma.obj
 0001:00028d91       _S_IssuePlaysound          00429d91 f   snd_dma.obj
 0001:00028e5b       _S_RegisterSexedSound      00429e5b f   snd_dma.obj
 0001:00028f3f       _S_StartSound              00429f3f f   snd_dma.obj
 0001:0002910e       _S_StartLocalSound         0042a10e f   snd_dma.obj
 0001:0002915d       _S_ClearBuffer             0042a15d f   snd_dma.obj
 0001:000291b5       _S_StopAllSounds           0042a1b5 f   snd_dma.obj
 0001:00029230       _S_AddLoopSounds           0042a230 f   snd_dma.obj
 0001:00029402       _S_RawSamples              0042a402 f   snd_dma.obj
 0001:00029606       _S_Update                  0042a606 f   snd_dma.obj
 0001:0002971c       _GetSoundtime              0042a71c f   snd_dma.obj
 0001:00029783       _S_Update_                 0042a783 f   snd_dma.obj
 0001:00029829       _S_Play                    0042a829 f   snd_dma.obj
 0001:000298d9       _S_SoundList               0042a8d9 f   snd_dma.obj
 0001:0002999a       _ResampleSfx               0042a99a f   snd_mem.obj
 0001:00029ab2       _S_LoadSound               0042aab2 f   snd_mem.obj
 0001:00029bdb       _FindNextChunk             0042abdb f   snd_mem.obj
 0001:00029c65       _GetWavinfo                0042ac65 f   snd_mem.obj
 0001:00029e55       _S_WriteLinearBlastStereo16 0042ae55 f   snd_mix.obj
 0001:00029ec9       _S_TransferStereo16        0042aec9 f   snd_mix.obj
 0001:00029f32       _S_TransferPaintBuffer     0042af32 f   snd_mix.obj
 0001:0002a08e       _S_PaintChannels           0042b08e f   snd_mix.obj
 0001:0002a2bb       _S_InitScaletable          0042b2bb f   snd_mix.obj
 0001:0002a30f       _S_PaintChannelFrom8       0042b30f f   snd_mix.obj
 0001:0002a411       _S_PaintChannelFrom16      0042b411 f   snd_mix.obj
 0001:0002a47c       _FreeSound                 0042b47c f   snd_win.obj
 0001:0002a58c       _SNDDMA_InitDirect         0042b58c f   snd_win.obj
 0001:0002aa5f       _SNDDMA_Init               0042ba5f f   snd_win.obj
 0001:0002aadb       _SNDDMA_GetDMAPos          0042badb f   snd_win.obj
 0001:0002ab25       _SNDDMA_BeginPainting      0042bb25 f   snd_win.obj
 0001:0002ac27       _SNDDMA_Submit             0042bc27 f   snd_win.obj
 0001:0002ac4c       _SNDDMA_Shutdown           0042bc4c f   snd_win.obj
 0001:0002ac51       _S_Activate                0042bc51 f   snd_win.obj
 0001:0002ac7c       _SV_SetMaster_f            0042bc7c f   sv_ccmds.obj
 0001:0002ad8e       _SV_WipeSavegame           0042bd8e f   sv_ccmds.obj
 0001:0002adbc       _SV_CopySaveGame           0042bdbc f   sv_ccmds.obj
 0001:0002ae11       _SV_WriteLevelFile         0042be11 f   sv_ccmds.obj
 0001:0002aebf       _SV_ReadLevelFile          0042bebf f   sv_ccmds.obj
 0001:0002af6d       _SV_WriteServerFile        0042bf6d f   sv_ccmds.obj
 0001:0002b1a9       _SV_ReadServerFile         0042c1a9 f   sv_ccmds.obj
 0001:0002b2c3       _SV_DemoMap_f              0042c2c3 f   sv_ccmds.obj
 0001:0002b34d       _SV_GameMap_f              0042c34d f   sv_ccmds.obj
 0001:0002b4bf       _SV_Map_f                  0042c4bf f   sv_ccmds.obj
 0001:0002b52c       _SV_Loadgame_f             0042c52c f   sv_ccmds.obj
 0001:0002b631       _SV_Savegame_f             0042c631 f   sv_ccmds.obj
 0001:0002b736       _SV_AddressBanned          0042c736 f   sv_ccmds.obj
 0001:0002b778       _SV_InitOperatorCommands   0042c778 f   sv_ccmds.obj
 0001:0002c117       _SV_EmitPacketEntities     0042d117 f   sv_ents.obj
 0001:0002c285       _SV_WritePlayerstateToClient 0042d285 f   sv_ents.obj
 0001:0002c7a9       _SV_WriteFrameToClient     0042d7a9 f   sv_ents.obj
 0001:0002c865       _SV_FatPVS                 0042d865 f   sv_ents.obj
 0001:0002c992       _SV_BuildClientFrame       0042d992 f   sv_ents.obj
 0001:0002cc5d       _SV_RecordDemoMessage      0042dc5d f   sv_ents.obj
 0001:0002cd7c       _SV_ShutdownGameProgs      0042dd7c f   sv_game.obj
 0001:0002cd95       _SV_InitGameProgs          0042dd95 f   sv_game.obj
 0001:0002d635       _SV_FindIndex              0042e635 f   sv_init.obj
 0001:0002d6fc       _SV_ModelIndex             0042e6fc f   sv_init.obj
 0001:0002d712       _SV_SoundIndex             0042e712 f   sv_init.obj
 0001:0002d72b       _SV_ImageIndex             0042e72b f   sv_init.obj
 0001:0002d744       _SV_CreateBaseline         0042e744 f   sv_init.obj
 0001:0002d7a2       _SV_CheckForSavegame       0042e7a2 f   sv_init.obj
 0001:0002d82a       _SV_SpawnServer            0042e82a f   sv_init.obj
 0001:0002dac8       _SV_InitGame               0042eac8 f   sv_init.obj
 0001:0002dcb3       _SV_Map                    0042ecb3 f   sv_init.obj
 0001:0002de71       _SV_DropClient             0042ee71 f   sv_main.obj
 0001:0002dee6       _SV_StatusString           0042eee6 f   sv_main.obj
 0001:0002dfc5       _SVC_Info                  0042efc5 f   sv_main.obj
 0001:0002e09b       _SVC_GetChallenge          0042f09b f   sv_main.obj
 0001:0002e143       _SVC_DirectConnect         0042f143 f   sv_main.obj
 0001:0002e5b0       _Rcon_Validate             0042f5b0 f   sv_main.obj
 0001:0002e5e1       _SVC_RemoteCommand         0042f5e1 f   sv_main.obj
 0001:0002e6b3       _SV_ConnectionlessPacket   0042f6b3 f   sv_main.obj
 0001:0002e815       _SV_CalcPings              0042f815 f   sv_main.obj
 0001:0002e89c       _SV_GiveMsec               0042f89c f   sv_main.obj
 0001:0002e8db       _SV_ReadPackets            0042f8db f   sv_main.obj
 0001:0002e9f1       _SV_CheckTimeouts          0042f9f1 f   sv_main.obj
 0001:0002eab1       _SV_PostprocessFrame       0042fab1 f   sv_main.obj
 0001:0002ee9d       _SV_MulticastHook          0042fe9d f   sv_main.obj
 0001:0002f146       _SV_TraceHook              00430146 f   sv_main.obj
 0001:0002f267       _SV_Frame                  00430267 f   sv_main.obj
 0001:0002f4a4       _SV_UserinfoChanged        004304a4 f   sv_main.obj
 0001:0002f568       _SV_Init                   00430568 f   sv_main.obj
 0001:0002f5cb       _SV_Shutdown               004305cb f   sv_main.obj
 0001:0002f7a8       _SV_FlushRedirect          004307a8 f   sv_send.obj
 0001:0002f81a       _SV_ClientPrintf           0043081a f   sv_send.obj
 0001:0002f870       _SV_BroadcastPrintf        00430870 f   sv_send.obj
 0001:0002f941       _SV_BroadcastCommand       00430941 f   sv_send.obj
 0001:0002f993       _SV_Multicast              00430993 f   sv_send.obj
 0001:0002fb83       _SV_MulticastOld           00430b83 f   sv_send.obj
 0001:0002fb96       _SV_StartSound             00430b96 f   sv_send.obj
 0001:0002fe05       _SV_StartSoundOld          00430e05 f   sv_send.obj
 0001:0002fe35       _SV_StartSoundNew          00430e35 f   sv_send.obj
 0001:0002fe65       _SV_SendClientDatagram     00430e65 f   sv_send.obj
 0001:0002ff3c       _SV_DemoCompleted          00430f3c f   sv_send.obj
 0001:0002ff58       _SV_RateDrop               00430f58 f   sv_send.obj
 0001:0002ffa3       _SV_SendClientMessages     00430fa3 f   sv_send.obj
 0001:000300f6       _SV_BeginDemoserver        004310f6 f   sv_user.obj
 0001:00030146       _SV_New_f                  00431146 f   sv_user.obj
 0001:000302bb       _SV_Configstrings_f        004312bb f   sv_user.obj
 0001:00030415       _SV_Baselines_f            00431415 f   sv_user.obj
 0001:00030589       _SV_Begin_f                00431589 f   sv_user.obj
 0001:000305e6       _SV_NextDownload_f         004315e6 f   sv_user.obj
 0001:000306ba       _SV_BeginDownload_f        004316ba f   sv_user.obj
 0001:000308d2       _SV_Disconnect_f           004318d2 f   sv_user.obj
 0001:000308e2       _SV_ShowServerinfo_f       004318e2 f   sv_user.obj
 0001:000308ef       _SV_Nextserver             004318ef f   sv_user.obj
 0001:0003094e       _SV_Nextserver_f           0043194e f   sv_user.obj
 0001:00030995       _SV_ExecuteUserCommand     00431995 f   sv_user.obj
 0001:00030a02       _SV_ClientThink            00431a02 f   sv_user.obj
 0001:00030a45       _SV_ExecuteClientMessage   00431a45 f   sv_user.obj
 0001:00030c72       _SV_ClearWorld             00431c72 f   sv_world.obj
 0001:00030dc6       _SV_UnlinkEdict            00431dc6 f   sv_world.obj
 0001:00030e29       _SV_LinkEdict              00431e29 f   sv_world.obj
 0001:000313fa       _SV_AreaEdicts             004323fa f   sv_world.obj
 0001:00031565       _SV_PointContents          00432565 f   sv_world.obj
 0001:0003164a       _SV_ClipMoveToEntities     0043264a f   sv_world.obj
 0001:00031985       _SV_Trace                  00432985 f   sv_world.obj
 0001:000319f0       _Sys_Error                 004329f0 f   sys_win.obj
 0001:00031a50       _Sys_Quit                  00432a50 f   sys_win.obj
 0001:00031b32       _Sys_Init                  00432b32 f   sys_win.obj
 0001:00031f3f       _Sys_ConsoleInput          00432f3f f   sys_win.obj
 0001:0003209f       _Sys_ConsoleOutput         0043309f f   sys_win.obj
 0001:00032150       _Sys_SendKeyEvents         00433150 f   sys_win.obj
 0001:000321b9       _Sys_GetClipboardData      004331b9 f   sys_win.obj
 0001:00032212       _Sys_AppActivate           00433212 f   sys_win.obj
 0001:0003222d       _Sys_UnloadGame            0043322d f   sys_win.obj
 0001:00032252       _Sys_GetGameAPI            00433252 f   sys_win.obj
 0001:0003233f       _WinMain@16                0043333f f   sys_win.obj
 0001:00032433       _Vid_CreateWindow          00433433 f   vid_dll.obj
 0001:00032b14       _Vid_DestroyWindow         00433b14 f   vid_dll.obj
 0001:00032b5d       _Vid_GetModeInfo           00433b5d f   vid_dll.obj
 0001:00032b8c       _Vid_UpdateWindowPosAndSize 00433b8c f   vid_dll.obj
 0001:00032bf3       _Vid_FreeReflib            00433bf3 f   vid_dll.obj
 0001:00032c34       _Vid_CheckChanges          00433c34 f   vid_dll.obj
 0001:00032ff5       _Vid_Init                  00433ff5 f   vid_dll.obj
 0001:00033066       _Vid_Shutdown              00434066 f   vid_dll.obj
 0001:00033094       _Vid_MenuInit              00434094 f   vid_menu.obj
 0001:000338db       _Vid_MenuDraw              004348db f   vid_menu.obj
 0001:0003396f       _Vid_MenuKey               0043496f f   vid_menu.obj
 0001:00033cda       _GL_BackEnd                00434cda f   gl_backend.obj
 0001:00036f78       _GL_InitBackend            00437f78 f   gl_backend.obj
 0001:00036faf       _GL_ShutdownBackend        00437faf f   gl_backend.obj
 0001:00036fc3       _GL_AllocDynamicMemory     00437fc3 f   gl_buffers.obj
 0001:00037023       _GL_ResizeDynamicMemory    00438023 f   gl_buffers.obj
 0001:00037075       _GL_AddSurfaceToPortal     00438075 f   gl_buffers.obj
 0001:000370d8       _GL_AddDynamicSurface      004380d8 f   gl_buffers.obj
 0001:00037100       _GL_InsertShaderIndex      00438100 f   gl_buffers.obj
 0001:0003714c       _GL_ClearPortal            0043814c f   gl_buffers.obj
 0001:00037168       _GL_FinishPortal           00438168 f   gl_buffers.obj
 0001:000371b9       _GL_SortSurfaces           004381b9 f   gl_buffers.obj
 0001:00037354       _GL_ClearBuffers           00438354 f   gl_buffers.obj
 0001:0003736b       _GL_AddEntity              0043836b f   gl_frontend.obj
 0001:00037876       _GL_AddDlight              00438876 f   gl_frontend.obj
 0001:00037a2e       _GL_DrawPortal             00438a2e f   gl_frontend.obj
 0001:0003a343       _GL_TextureMode            0043b343 f   gl_image.obj
 0001:0003a3e3       _GL_CreateImage            0043b3e3 f   gl_image.obj
 0001:0003b0d4       _GL_SetRawPalette          0043c0d4 f   gl_image.obj
 0001:0003b105       _GL_DrawStretchRaw         0043c105 f   gl_image.obj
 0001:0003b3b5       _GL_SetupGamma             0043c3b5 f   gl_image.obj
 0001:0003b57a       _GL_PerformScreenshot      0043c57a f   gl_image.obj
 0001:0003b803       _GL_InitImages             0043c803 f   gl_image.obj
 0001:0003bdbf       _GL_ShutdownImages         0043cdbf f   gl_image.obj
 0001:0003be3a       _GL_ShowImages             0043ce3a f   gl_image.obj
 0001:0003c070       _GL_FindImage              0043d070 f   gl_image.obj
 0001:0003c46d       _GL_Lock                   0043d46d f   gl_interface.obj
 0001:0003c4fe       _GL_Unlock                 0043d4fe f   gl_interface.obj
 0001:0003c6ad       _GL_Bind                   0043d6ad f   gl_interface.obj
 0001:0003c7cf       _GL_BindForce              0043d7cf f   gl_interface.obj
 0001:0003c81c       _GL_TexEnv                 0043d81c f   gl_interface.obj
 0001:0003c99b       _GL_TexMipBias             0043d99b f   gl_interface.obj
 0001:0003c9f6       _GL_TexEnvColor            0043d9f6 f   gl_interface.obj
 0001:0003caa6       _GL_SelectTexture          0043daa6 f   gl_interface.obj
 0001:0003cb07       _GL_TexCoordPointer        0043db07 f   gl_interface.obj
 0001:0003cb37       _GL_SetMultitexture        0043db37 f   gl_interface.obj
 0001:0003cc0f       _GL_DisableTexCoordArrays  0043dc0f f   gl_interface.obj
 0001:0003cc68       _GL_CullFace               0043dc68 f   gl_interface.obj
 0001:0003ccb9       _GL_DepthRange             0043dcb9 f   gl_interface.obj
 0001:0003ccec       _GL_State                  0043dcec f   gl_interface.obj
 0001:0003ce45       _GL_EnableFog              0043de45 f   gl_interface.obj
 0001:0003cf46       _GL_SetDefaultState        0043df46 f   gl_interface.obj
 0001:0003d065       _GL_Set2DMode              0043e065 f   gl_interface.obj
 0001:0003d160       _GL_Setup                  0043e160 f   gl_interface.obj
 0001:0003d26c       _GL_ShowLights             0043e26c f   gl_light.obj
 0001:0003d691       _GL_LightForEntity         0043e691 f   gl_light.obj
 0001:0003e90a       _GL_DiffuseLight           0043f90a f   gl_light.obj
 0001:0003ea82       _GL_InitLightGrid          0043fa82 f   gl_light.obj
 0001:0003eb1e       _GL_PostLoadLights         0043fb1e f   gl_light.obj
 0001:0003edbc       _LM_Init                   0043fdbc f   gl_lightmap.obj
 0001:0003edd2       _LM_Flush                  0043fdd2 f   gl_lightmap.obj
 0001:0003ee2f       _LM_Done                   0043fe2f f   gl_lightmap.obj
 0001:0003ee56       _LM_Save                   0043fe56 f   gl_lightmap.obj
 0001:0003ee70       _LM_Restore                0043fe70 f   gl_lightmap.obj
 0001:0003ee8a       _LM_NewBlock               0043fe8a f   gl_lightmap.obj
 0001:0003ef00       _LM_Rewind                 0043ff00 f   gl_lightmap.obj
 0001:0003ef08       _LM_NextBlock              0043ff08 f   gl_lightmap.obj
 0001:0003ef35       _LM_CheckMinlight          0043ff35 f   gl_lightmap.obj
 0001:0003efcb       _LM_AllocBlock             0043ffcb f   gl_lightmap.obj
 0001:0003f082       _LM_PutBlock               00440082 f   gl_lightmap.obj
 0001:0003f4bc       _LM_SortLightStyles        004404bc f   gl_lightmap.obj
 0001:0003f54d       _GL_UpdateDynamicLightmap  0044054d f   gl_lightmap.obj
 0001:0003fa3b       _LM_IsMonotone             00440a3b f   gl_lightmap.obj
 0001:0003fb42       _DrawTextLeft              00440b42 f   gl_main.obj
 0001:0003fc0c       _DrawTextRight             00440c0c f   gl_main.obj
 0001:0003fc4a       _DrawText3D                00440c4a f   gl_main.obj
 0001:0003fde8       _GL_GetRefAPI              00440de8 f   gl_main.obj
 0001:00041507       _GL_InitFuncTables         00442507 f   gl_math.obj
 0001:000416b8       _ModelToWorldCoord         004426b8 f   gl_math.obj
 0001:00041729       _WorldToModelCoord         00442729 f   gl_math.obj
 0001:00041770       _GetBoxRect                00442770 f   gl_math.obj
 0001:00041ae1       _GL_FindModel              00442ae1 f   gl_model.obj
 0001:00041c5c       _GL_LoadWorldMap           00442c5c f   gl_model.obj
 0001:00043785       _GL_PointInLeaf            00444785 f   gl_model.obj
 0001:000440bb       _ATAN2_FUNC                004450bb f i gl_model.obj
 0001:0004425a       _GL_FindSkin               0044525a f   gl_model.obj
 0001:000443b3       _GL_ResetModels            004453b3 f   gl_model.obj
 0001:0004447d       _GL_InitModels             0044547d f   gl_model.obj
 0001:000444ea       _GL_ShutdownModels         004454ea f   gl_model.obj
 0001:00044500       _SubdividePlane            00445500 f   gl_poly.obj
 0001:00044956       _FreeSubdividedPlane       00445956 f   gl_poly.obj
 0001:0004496e       _GetSubdivideIndexes       0044596e f   gl_poly.obj
 0001:000449c1       _RemoveCollinearPoints     004459c1 f   gl_poly.obj
 0001:00044ad5       _GetPolyArea               00445ad5 f   gl_poly.obj
 0001:00044b69       _GL_InitShaders            00445b69 f   gl_shader.obj
 0001:00044c9f       _GL_ShutdownShaders        00445c9f f   gl_shader.obj
 0001:00044cc9       _GL_SetShaderLightmap      00445cc9 f   gl_shader.obj
 0001:00045090       _GL_SetShaderLightstyles   00446090 f   gl_shader.obj
 0001:0004512c       _GL_GetAlphaShader         0044612c f   gl_shader.obj
 0001:00045469       _GL_FindShader             00446469 f   gl_shader.obj
 0001:000459cd       _GL_GetShaderByNum         004469cd f   gl_shader.obj
 0001:000459eb       _GL_ResetShaders           004469eb f   gl_shader.obj
 0001:00045de1       _GL_ClearSkyBox            00446de1 f   gl_sky.obj
 0001:00045e04       _GL_ShowWholeSky           00446e04 f   gl_sky.obj
 0001:00045e2c       _GL_AddSkySurface          00446e2c f   gl_sky.obj
 0001:000463bd       _GL_TesselateSkySide       004473bd f   gl_sky.obj
 0001:00046678       _GLimp_SetMode             00447678 f   glw_imp.obj
 0001:0004691a       _GLimp_HasGamma            0044791a f   glw_imp.obj
 0001:0004692e       _GLimp_SetGamma            0044792e f   glw_imp.obj
 0001:00046ab3       _GLimp_Shutdown            00447ab3 f   glw_imp.obj
 0001:00046bb5       _GLimp_Init                00447bb5 f   glw_imp.obj
 0001:00046ef8       _GLimp_EndFrame            00447ef8 f   glw_imp.obj
 0001:00046f94       _GLimp_AppActivate         00447f94 f   glw_imp.obj
 0001:00048671       _QGL_Shutdown              00449671 f   qgl_win.obj
 0001:000486a3       _QGL_Init                  004496a3 f   qgl_win.obj
 0001:00048726       _QGL_InitExtensions        00449726 f   qgl_win.obj
 0001:00048ab0       _QGL_EnableLogging         00449ab0 f   qgl_win.obj
 0001:00048b7b       _QGL_LogMessage            00449b7b f   qgl_win.obj
 0001:00048b92       _Hunk_Begin                00449b92 f   q_shwin.obj
 0001:00048bcc       _Hunk_Alloc                00449bcc f   q_shwin.obj
 0001:00048c53       _Hunk_End                  00449c53 f   q_shwin.obj
 0001:00048c59       _Hunk_Free                 00449c59 f   q_shwin.obj
 0001:00048c72       _Sys_Milliseconds          00449c72 f   q_shwin.obj
 0001:00048ca6       _Sys_Mkdir                 00449ca6 f   q_shwin.obj
 0001:00048cb2       _Sys_FindFirst             00449cb2 f   q_shwin.obj
 0001:00048d30       _Sys_FindNext              00449d30 f   q_shwin.obj
 0001:00048da5       _Sys_FindClose             00449da5 f   q_shwin.obj
 0001:00048dbf       _R_Alias_clip_z            00449dbf f   r_aclip.obj
 0001:00048e81       _R_Alias_clip_left         00449e81 f   r_aclip.obj
 0001:0004908d       _R_Alias_clip_right        0044a08d f   r_aclip.obj
 0001:00049299       _R_Alias_clip_top          0044a299 f   r_aclip.obj
 0001:000494ad       _R_Alias_clip_bottom       0044a4ad f   r_aclip.obj
 0001:000496c1       _R_AliasClip               0044a6c1 f   r_aclip.obj
 0001:00049791       _R_AliasClipTriangle       0044a791 f   r_aclip.obj
 0001:00049983       _R_AliasCheckFrameBBox     0044a983 f   r_alias.obj
 0001:00049ab6       _R_AliasCheckBBox          0044aab6 f   r_alias.obj
 0001:00049b1a       _R_AliasTransformVector    0044ab1a f   r_alias.obj
 0001:00049b76       _R_AliasPreparePoints      0044ab76 f   r_alias.obj
 0001:00049e0e       _R_AliasSetUpTransform     0044ae0e f   r_alias.obj
 0001:00049f97       _R_AliasTransformFinalVerts 0044af97 f   r_alias.obj
 0001:0004a166       _R_AliasProjectAndClipTestFinalVert 0044b166 f   r_alias.obj
 0001:0004a215       _R_AliasSetupLighting      0044b215 f   r_alias.obj
 0001:0004a37f       _R_AliasSetupFrames        0044b37f f   r_alias.obj
 0001:0004a3f3       _R_AliasSetUpLerpData      0044b3f3 f   r_alias.obj
 0001:0004a51b       _R_AliasDrawModel          0044b51b f   r_alias.obj
 0001:0004a7a2       _R_EntityRotate            0044b7a2 f   r_bsp.obj
 0001:0004a81e       _R_RotateBmodel            0044b81e f   r_bsp.obj
 0001:0004a979       _R_RecursiveClipBPoly      0044b979 f   r_bsp.obj
 0001:0004aca9       _R_DrawSolidClippedSubmodelPolygons 0044bca9 f   r_bsp.obj
 0001:0004ae30       _R_DrawSubmodelPolygons    0044be30 f   r_bsp.obj
 0001:0004aec0       _R_RecursiveWorldNode      0044bec0 f   r_bsp.obj
 0001:0004b0f2       _R_RenderWorld             0044c0f2 f   r_bsp.obj
 0001:0004b16d       _Draw_FindPic              0044c16d f   r_draw.obj
 0001:0004b1b0       _Draw_InitLocal            0044c1b0 f   r_draw.obj
 0001:0004b1c1       _Draw_Char                 0044c1c1 f   r_draw.obj
 0001:0004b2a2       _Draw_CharColor            0044c2a2 f   r_draw.obj
 0001:0004b3b1       _R_DrawTexts               0044c3b1 f   r_draw.obj
 0001:0004b427       _DrawText_Pos              0044c427 f   r_draw.obj
 0001:0004b4ff       _DrawText_Left             0044c4ff f   r_draw.obj
 0001:0004b527       _DrawText_Right            0044c527 f   r_draw.obj
 0001:0004b563       _Draw_GetPicSize           0044c563 f   r_draw.obj
 0001:0004b5a3       _Draw_StretchPicImplementation 0044c5a3 f   r_draw.obj
 0001:0004b6cd       _Draw_StretchPic           0044c6cd f   r_draw.obj
 0001:0004b705       _Draw_StretchRaw           0044c705 f   r_draw.obj
 0001:0004b737       _Draw_Pic                  0044c737 f   r_draw.obj
 0001:0004b8f0       _Draw_PicColor             0044c8f0 f   r_draw.obj
 0001:0004baa9       _Draw_TileClear            0044caa9 f   r_draw.obj
 0001:0004bb79       _Draw_Fill                 0044cb79 f   r_draw.obj
 0001:0004bc15       _Draw_Fade                 0044cc15 f   r_draw.obj
 0001:0004bc77       _R_BeginEdgeFrame          0044cc77 f   r_edge.obj
 0001:0004bd33       _R_InsertNewEdges          0044cd33 f   r_edge.obj
 0001:0004bd79       _R_RemoveEdges             0044cd79 f   r_edge.obj
 0001:0004bd97       _R_StepActiveU             0044cd97 f   r_edge.obj
 0001:0004be2b       _R_CleanupSpan             0044ce2b f   r_edge.obj
 0001:0004be7b       _R_LeadingEdgeBackwards    0044ce7b f   r_edge.obj
 0001:0004bf10       _R_TrailingEdge            0044cf10 f   r_edge.obj
 0001:0004bf74       _R_LeadingEdge             0044cf74 f   r_edge.obj
 0001:0004c117       _R_GenerateSpans           0044d117 f   r_edge.obj
 0001:0004c185       _R_GenerateSpansBackward   0044d185 f   r_edge.obj
 0001:0004c1f3       _R_ScanEdges               0044d1f3 f   r_edge.obj
 0001:0004c3ca       _D_FlatFillSurface         0044d3ca f   r_edge.obj
 0001:0004c424       _D_CalcGradients           0044d424 f   r_edge.obj
 0001:0004c684       _D_BackgroundSurf          0044d684 f   r_edge.obj
 0001:0004c6c4       _D_TurbulentSurf           0044d6c4 f   r_edge.obj
 0001:0004c7d3       _D_SkySurf                 0044d7d3 f   r_edge.obj
 0001:0004c854       _D_SolidSurf               0044d854 f   r_edge.obj
 0001:0004c9ac       _D_DrawflatSurfaces        0044d9ac f   r_edge.obj
 0001:0004c9fc       _D_DrawSurfaces            0044d9fc f   r_edge.obj
 0001:0004caf5       _R_ImageList_f             0044daf5 f   r_image.obj
 0001:0004cbb6       _R_FindFreeImage           0044dbb6 f   r_image.obj
 0001:0004cc04       _R_LoadPic                 0044dc04 f   r_image.obj
 0001:0004cc94       _R_LoadTex                 0044dc94 f   r_image.obj
 0001:0004cd20       _R_LoadWal                 0044dd20 f   r_image.obj
 0001:0004cd76       _R_MipMap                  0044dd76 f   r_image.obj
 0001:0004cea4       _R_DownsampleImage         0044dea4 f   r_image.obj
 0001:0004cfa9       _R_FindImage               0044dfa9 f   r_image.obj
 0001:0004d34e       _R_RegisterSkin            0044e34e f   r_image.obj
 0001:0004d35c       _R_FreeUnusedImages        0044e35c f   r_image.obj
 0001:0004d3bc       _R_InitImages              0044e3bc f   r_image.obj
 0001:0004d422       _R_ShutdownImages          0044e422 f   r_image.obj
 0001:0004d45f       _R_MarkLights              0044e45f f   r_light.obj
 0001:0004d525       _R_PushDlights             0044e525 f   r_light.obj
 0001:0004d583       _R_LightPoint              0044e583 f   r_light.obj
 0001:0004d94e       _R_AddDynamicLights        0044e94e f   r_light.obj
 0001:0004dbec       _R_BuildLightMap           0044ebec f   r_light.obj
 0001:0004dce2       _R_InitTextures            0044ece2 f   r_main.obj
 0001:0004dda3       _R_InitTurb                0044eda3 f   r_main.obj
 0001:0004de20       _R_Register                0044ee20 f   r_main.obj
 0001:0004de88       _R_Init                    0044ee88 f   r_main.obj
 0001:0004df19       _R_Shutdown                0044ef19 f   r_main.obj
 0001:0004df8e       _R_NewMap                  0044ef8e f   r_main.obj
 0001:0004e038       _R_MarkLeaves              0044f038 f   r_main.obj
 0001:0004e15f       _R_DrawEntitiesOnList      0044f15f f   r_main.obj
 0001:0004e357       _R_BmodelCheckBBox         0044f357 f   r_main.obj
 0001:0004e409       _R_FindTopnode             0044f409 f   r_main.obj
 0001:0004e45e       _RotatedBBox               0044f45e f   r_main.obj
 0001:0004e5c0       _R_DrawBEntitiesOnList     0044f5c0 f   r_main.obj
 0001:0004e7c1       _R_EdgeDrawing             0044f7c1 f   r_main.obj
 0001:0004e896       _R_CalcPalette             0044f896 f   r_main.obj
 0001:0004e99b       _R_SetLightLevel           0044f99b f   r_main.obj
 0001:0004e9eb       _R_RenderFrame             0044f9eb f   r_main.obj
 0001:0004ebd2       _R_InitGraphics            0044fbd2 f   r_main.obj
 0001:0004ec48       _R_BeginFrame              0044fc48 f   r_main.obj
 0001:0004ed8f       _R_GammaCorrectAndSetPalette 0044fd8f f   r_main.obj
 0001:0004edee       _R_CinematicSetPalette     0044fdee f   r_main.obj
 0001:0004ee85       _Draw_BuildGammaTable      0044fe85 f   r_main.obj
 0001:0004ef89       _R_DrawBeam                0044ff89 f   r_main.obj
 0001:0004f0ef       _R_SetSky                  004500ef f   r_main.obj
 0001:0004f166       _Draw_GetPalette           00450166 f   r_main.obj
 0001:0004f2ae       _Draw_ConCharColor         004502ae f   r_main.obj
 0001:0004f2cf       _GetRefAPI                 004502cf f   r_main.obj
 0001:0004f51f       _D_ViewChanged             0045051f f   r_misc.obj
 0001:0004f692       _R_PrintTimes              00450692 f   r_misc.obj
 0001:0004f6fa       _R_PrintDSpeeds            004506fa f   r_misc.obj
 0001:0004f7af       _R_PrintAliasStats         004507af f   r_misc.obj
 0001:0004f7c2       _R_TransformFrustum        004507c2 f   r_misc.obj
 0001:0004f880       _TransformVector           00450880 f   r_misc.obj
 0001:0004f8eb       _R_SetUpFrustumIndexes     004508eb f   r_misc.obj
 0001:0004f950       _R_ViewChanged             00450950 f   r_misc.obj
 0001:0004fc99       _R_SetupFrame              00450c99 f   r_misc.obj
 0001:0004fe74       _WritePCXfile              00450e74 f   r_misc.obj
 0001:0004ff96       _R_ScreenShot              00450f96 f   r_misc.obj
 0001:000500a5       _Mod_Modellist_f           004510a5 f   r_model.obj
 0001:00050103       _Mod_Init                  00451103 f   r_model.obj
 0001:0005011b       _Mod_ForName               0045111b f   r_model.obj
 0001:00050357       _Mod_PointInLeaf           00451357 f   r_model.obj
 0001:000503b9       _Mod_DecompressVis         004513b9 f   r_model.obj
 0001:00050439       _Mod_ClusterPVS            00451439 f   r_model.obj
 0001:00050466       _Mod_LoadLighting          00451466 f   r_model.obj
 0001:000504e5       _R_NumberLeafs             004514e5 f   r_model.obj
 0001:00050533       _Mod_LoadVertexes          00451533 f   r_model.obj
 0001:00050575       _Mod_LoadEdges             00451575 f   r_model.obj
 0001:000505c3       _Mod_LoadTexinfo           004515c3 f   r_model.obj
 0001:0005072b       _CalcSurfaceExtents        0045172b f   r_model.obj
 0001:000508ab       _Mod_LoadFaces             004518ab f   r_model.obj
 0001:00050a12       _Mod_SetParent             00451a12 f   r_model.obj
 0001:00050a37       _Mod_LoadNodes             00451a37 f   r_model.obj
 0001:00050b2d       _Mod_LoadLeafs             00451b2d f   r_model.obj
 0001:00050bd6       _Mod_LoadMarksurfaces      00451bd6 f   r_model.obj
 0001:00050c52       _Mod_LoadSurfedges         00451c52 f   r_model.obj
 0001:00050c91       _Mod_LoadPlanes            00451c91 f   r_model.obj
 0001:00050d00       _Mod_LoadBrushModel        00451d00 f   r_model.obj
 0001:00050ee4       _Mod_LoadAliasModel        00451ee4 f   r_model.obj
 0001:0005115f       _Mod_LoadSpriteModel       0045215f f   r_model.obj
 0001:00051246       _R_BeginRegistration       00452246 f   r_model.obj
 0001:000512d6       _R_RegisterModel           004522d6 f   r_model.obj
 0001:000513ce       _R_EndRegistration         004523ce f   r_model.obj
 0001:00051439       _Mod_FreeAll               00452439 f   r_model.obj
 0001:0005147e       _R_DrawParticle            0045247e f   r_part.obj
 0001:00051718       _R_DrawParticles           00452718 f   r_part.obj
 0001:000517c0       _R_DrawSpanletOpaque       004527c0 f   r_poly.obj
 0001:00051850       _R_DrawSpanletTurbulentStipple33 00452850 f   r_poly.obj
 0001:0005197b       _R_DrawSpanletTurbulentStipple66 0045297b f   r_poly.obj
 0001:00051b5c       _R_DrawSpanletTurbulentBlended66 00452b5c f   r_poly.obj
 0001:00051c11       _R_DrawSpanletTurbulentBlended33 00452c11 f   r_poly.obj
 0001:00051cc6       _R_DrawSpanlet33           00452cc6 f   r_poly.obj
 0001:00051d60       _R_DrawSpanletConstant33   00452d60 f   r_poly.obj
 0001:00051db9       _R_DrawSpanlet66           00452db9 f   r_poly.obj
 0001:00051e57       _R_DrawSpanlet33Stipple    00452e57 f   r_poly.obj
 0001:00051f72       _R_DrawSpanlet66Stipple    00452f72 f   r_poly.obj
 0001:00052103       _R_ClipPolyFace            00453103 f   r_poly.obj
 0001:00052274       _R_PolygonDrawSpans        00453274 f   r_poly.obj
 0001:00052673       _R_PolygonScanLeftEdge     00453673 f   r_poly.obj
 0001:000527d7       _R_PolygonScanRightEdge    004537d7 f   r_poly.obj
 0001:000529e1       _R_ClipAndDrawPoly         004539e1 f   r_poly.obj
 0001:00052be3       _R_BuildPolygonFromSurface 00453be3 f   r_poly.obj
 0001:00052dd9       _R_PolygonCalculateGradients 00453dd9 f   r_poly.obj
 0001:000530ac       _R_DrawAlphaSurfaces       004540ac f   r_poly.obj
 0001:00053142       _R_IMFlatShadedQuad        00454142 f   r_poly.obj
 0001:00053270       _R_InitAdivtab             00454270 f   r_polyse.obj
 0001:000532dc       _R_PolysetUpdateTables     004542dc f   r_polyse.obj
 0001:00053317       _R_DrawTriangle            00454317 f   r_polyse.obj
 0001:00053428       _R_PolysetScanLeftEdge_C   00454428 f   r_polyse.obj
 0001:000535f2       _FloorDivMod               004545f2 f   r_polyse.obj
 0001:0005368c       _R_PolysetSetUpForLineScan 0045468c f   r_polyse.obj
 0001:0005371a       _R_PolysetCalcGradients    0045471a f   r_polyse.obj
 0001:0005398d       _R_PolysetDrawSpans8_33    0045498d f   r_polyse.obj
 0001:00053abd       _R_PolysetDrawSpansConstant8_33 00454abd f   r_polyse.obj
 0001:00053b57       _R_PolysetDrawSpans8_66    00454b57 f   r_polyse.obj
 0001:00053c93       _R_PolysetDrawSpansConstant8_66 00454c93 f   r_polyse.obj
 0001:00053d3b       _R_PolysetDrawSpans8_Opaque 00454d3b f   r_polyse.obj
 0001:00053e86       _R_RasterizeAliasPolySmooth 00454e86 f   r_polyse.obj
 0001:00054466       _R_PolysetSetEdgeTable     00455466 f   r_polyse.obj
 0001:00054501       _R_InitSkyBox              00455501 f   r_rast.obj
 0001:0005476d       _R_EmitSkyBox              0045576d f   r_rast.obj
 0001:00054880       _R_EmitEdge                00455880 f   r_rast.obj
 0001:00054c52       _R_ClipEdge                00455c52 f   r_rast.obj
 0001:00054e00       _R_EmitCachedEdge          00455e00 f   r_rast.obj
 0001:00054e57       _R_RenderFace              00455e57 f   r_rast.obj
 0001:0005521e       _R_RenderBmodelFace        0045621e f   r_rast.obj
 0001:00055487       _D_WarpScreen              00456487 f   r_scan.obj
 0001:00055649       _D_DrawTurbulent8Span      00456649 f   r_scan.obj
 0001:000556cd       _Turbulent8                004566cd f   r_scan.obj
 0001:00055a29       _NonTurbulent8             00456a29 f   r_scan.obj
 0001:00055d63       _D_DrawSpans16             00456d63 f   r_scan.obj
 0001:00056080       _D_DrawZSpans              00457080 f   r_scan.obj
 0001:00056150       _R_DrawSprite              00457150 f   r_sprite.obj
 0001:000563da       _R_TextureAnimation        004573da f   r_surf.obj
 0001:000563fe       _R_DrawSurface             004573fe f   r_surf.obj
 0001:00056563       _R_DrawSurfaceBlock8_mip0  00457563 f   r_surf.obj
 0001:00056662       _R_DrawSurfaceBlock8_mip1  00457662 f   r_surf.obj
 0001:00056761       _R_DrawSurfaceBlock8_mip2  00457761 f   r_surf.obj
 0001:00056860       _R_DrawSurfaceBlock8_mip3  00457860 f   r_surf.obj
 0001:0005695c       _R_InitCaches              0045795c f   r_surf.obj
 0001:000569dd       _D_FlushCaches             004579dd f   r_surf.obj
 0001:00056a22       _D_SCAlloc                 00457a22 f   r_surf.obj
 0001:00056bb6       _D_CacheSurface            00457bb6 f   r_surf.obj
 0001:00056d2b       _DDRAW_Init                00457d2b f   rw_ddraw.obj
 0001:0005713b       _DDRAW_SetPalette          0045813b f   rw_ddraw.obj
 0001:000571a4       _DDRAW_Shutdown            004581a4 f   rw_ddraw.obj
 0001:0005730f       _DIB_Init                  0045830f f   rw_dib.obj
 0001:000574f4       _DIB_SetPalette            004584f4 f   rw_dib.obj
 0001:000576b8       _DIB_Shutdown              004586b8 f   rw_dib.obj
 0001:000577b1       _SWimp_Init                004587b1 f   rw_imp.obj
 0001:000577b5       _SWimp_EndFrame            004587b5 f   rw_imp.obj
 0001:00057921       _SWimp_SetMode             00458921 f   rw_imp.obj
 0001:00057a43       _SWimp_SetPalette          00458a43 f   rw_imp.obj
 0001:00057a68       _SWimp_Shutdown            00458a68 f   rw_imp.obj
 0001:00057aaf       _SWimp_AppActivate         00458aaf f   rw_imp.obj
 0001:00057ae9       _adler32                   00458ae9 f   adler32.obj
 0001:00057c02       _crc32                     00458c02 f   crc32.obj
 0001:00057d18       _inflate_blocks_reset      00458d18 f   infblock.obj
 0001:00057d83       _inflate_blocks_new        00458d83 f   infblock.obj
 0001:00057e0e       _inflate_blocks            00458e0e f   infblock.obj
 0001:00058625       _inflate_blocks_free       00459625 f   infblock.obj
 0001:00058659       _inflate_codes_new         00459659 f   infcodes.obj
 0001:0005868d       _inflate_codes             0045968d f   infcodes.obj
 0001:00058c4b       _inflate_codes_free        00459c4b f   infcodes.obj
 0001:00058c5c       _inflate_fast              00459c5c f   inffast.obj
 0001:00058f27       _inflateReset              00459f27 f   inflate.obj
 0001:00058f66       _inflateEnd                00459f66 f   inflate.obj
 0001:00058fa4       _inflateInit2_             00459fa4 f   inflate.obj
 0001:0005908e       _inflate                   0045a08e f   inflate.obj
 0001:000593f1       _inflate_trees_bits        0045a3f1 f   inftrees.obj
 0001:000597ff       _inflate_trees_dynamic     0045a7ff f   inftrees.obj
 0001:00059902       _inflate_trees_fixed       0045a902 f   inftrees.obj
 0001:00059931       _inflate_flush             0045a931 f   infutil.obj
 0001:00059a1d       _Zip_OpenArchive           0045aa1d f   zip.obj
 0001:00059a88       _Zip_CloseArchive          0045aa88 f   zip.obj
 0001:00059a94       _Zip_EnumArchive           0045aa94 f   zip.obj
 0001:00059c75       _Zip_OpenFile              0045ac75 f   zip.obj
 0001:00059d84       _Zip_ReadFile              0045ad84 f   zip.obj
 0001:00059e7b       _Zip_CloseFile             0045ae7b f   zip.obj
 0001:00059ec3       _Zip_OpenBuf               0045aec3 f   zip.obj
 0001:00059f16       _Zip_ReadBuf               0045af16 f   zip.obj
 0001:00059f5e       _Zip_CloseBuf              0045af5e f   zip.obj
 0001:00059f74       _zcalloc                   0045af74 f   zutil.obj
 0001:00059f85       _jpeg_free_small           0045af85 f   zutil.obj
 0001:00059f85       _zcfree                    0045af85 f   zutil.obj
 0001:00059f85       _jpeg_free_large           0045af85 f   zutil.obj
 0001:00059f91       _jpeg_CreateCompress       0045af91 f   jcapimin.obj
 0001:0005a045       _jpeg_suppress_tables      0045b045 f   jcapimin.obj
 0001:0005a08f       _jpeg_finish_compress      0045b08f f   jcapimin.obj
 0001:0005a179       _jpeg_start_compress       0045b179 f   jcapistd.obj
 0001:0005a1e5       _jpeg_write_scanlines      0045b1e5 f   jcapistd.obj
 0001:0005a290       _jinit_c_coef_controller   0045b290 f   jccoefct.obj
 0001:0005a971       _jinit_color_converter     0045b971 f   jccolor.obj
 0001:0005af5b       _jinit_forward_dct         0045bf5b f   jcdctmgr.obj
 0001:0005b437       _jinit_c_diff_controller   0045c437 f   jcdiffct.obj
 0001:0005b95b       _jpeg_make_c_derived_tbl   0045c95b f   jchuff.obj
 0001:0005bb5d       _jpeg_gen_optimal_table    0045cb5d f   jchuff.obj
 0001:0005bd1c       _jinit_compress_master     0045cd1c f   jcinit.obj
 0001:0005bd75       _jinit_lhuff_encoder       0045cd75 f   jclhuff.obj
 0001:0005c49f       _jinit_lossless_c_codec    0045d49f f   jclossls.obj
 0001:0005c537       _jinit_lossy_c_codec       0045d537 f   jclossy.obj
 0001:0005c5d2       _jinit_c_main_controller   0045d5d2 f   jcmainct.obj
 0001:0005c73f       _jinit_marker_writer       0045d73f f   jcmarker.obj
 0001:0005d01b       _jinit_c_master_control    0045e01b f   jcmaster.obj
 0001:0005db0a       _jinit_c_codec             0045eb0a f   jcodec.obj
 0001:0005db26       _jinit_d_codec             0045eb26 f   jcodec.obj
 0001:0005db42       _jpeg_abort                0045eb42 f   jcomapi.obj
 0001:0005db75       _jpeg_destroy              0045eb75 f   jcomapi.obj
 0001:0005db90       _jpeg_alloc_quant_table    0045eb90 f   jcomapi.obj
 0001:0005dbac       _jpeg_alloc_huff_table     0045ebac f   jcomapi.obj
 0001:0005dbc8       _jpeg_add_quant_table      0045ebc8 f   jcparam.obj
 0001:0005dc7a       _jpeg_quality_scaling      0045ec7a f   jcparam.obj
 0001:0005dca1       _jpeg_set_quality          0045eca1 f   jcparam.obj
 0001:0005dcdb       _jpeg_set_defaults         0045ecdb f   jcparam.obj
 0001:0005de9d       _jpeg_default_colorspace   0045ee9d f   jcparam.obj
 0001:0005deed       _jpeg_set_colorspace       0045eeed f   jcparam.obj
 0001:0005e208       _jinit_phuff_encoder       0045f208 f   jcphuff.obj
 0001:0005ecad       _jinit_differencer         0045fcad f   jcpred.obj
 0001:0005f1c7       _jinit_c_prep_controller   004601c7 f   jcprepct.obj
 0001:0005f712       _jinit_downsampler         00460712 f   jcsample.obj
 0001:0005ff92       _jinit_c_scaler            00460f92 f   jcscale.obj
 0001:00060008       _jinit_shuff_encoder       00461008 f   jcshuff.obj
 0001:00060873       _jpeg_CreateDecompress     00461873 f   jdapimin.obj
 0001:00060933       _jpeg_destroy_decompress   00461933 f   jdapimin.obj
 0001:00060933       _jpeg_destroy_compress     00461933 f   jdapimin.obj
 0001:0006093e       _jpeg_read_header          0046193e f   jdapimin.obj
 0001:000609a0       _jpeg_consume_input        004619a0 f   jdapimin.obj
 0001:00060bee       _jpeg_finish_decompress    00461bee f   jdapimin.obj
 0001:00060c85       _jpeg_start_decompress     00461c85 f   jdapistd.obj
 0001:00060df2       _jpeg_read_scanlines       00461df2 f   jdapistd.obj
 0001:00060e76       _jpeg_stdio_dest           00461e76 f   jdatadst.obj
 0001:00060f76       _jinit_d_coef_controller   00461f76 f   jdcoefct.obj
 0001:00061c4f       _jinit_color_deconverter   00462c4f f   jdcolor.obj
 0001:00062165       _jinit_inverse_dct         00463165 f   jddctmgr.obj
[...]
 0001:000223bb       _SwapQ2BspFile             004233bb f   model.obj
 0001:000225d1       _ProcessQ2BspFile          004235d1 f   model.obj
 0001:000226a4       _LoadQ2Submodels           004236a4 f   model.obj
 0001:00022777       _CheckLump                 00423777 f   model.obj
 0001:00022a4f       _ReadEntity                00423a4f f   model.obj
 0001:00022b13       _WriteEntity               00423b13 f   model.obj
 0001:00022b7e       _ProcessEntityTarget       00423b7e f   model.obj
 0001:00022bf7       _FindField                 00423bf7 f   model.obj
 0001:00022c30       _GetVector                 00423c30 f   model.obj
 0001:00022c61       _ProcessEntity             00423c61 f   model.obj
 0001:00023671       _AddField                  00424671 f   model.obj
 0001:000236ae       _FindEntityTarget          004246ae f   model.obj
 0001:0001df8e       _Multiplayer_MenuDraw      0041ef8e f   menu.obj
 0001:0001dfb1       _M_Banner                  0041efb1 f   menu.obj
 0001:0001dff3       _Multiplayer_MenuInit      0041eff3 f   menu.obj
 0001:0001e0e1       _Multiplayer_MenuKey       0041f0e1 f   menu.obj
 0001:0001e113       _Keys_MenuInit             0041f113 f   menu.obj
 0001:0001e2a6       _KeyCursorDrawFunc         0041f2a6 f   menu.obj
 0001:0001e2e7       _DrawKeyBindingFunc        0041f2e7 f   menu.obj
 0001:0001e3b0       _M_FindKeysForCommand      0041f3b0 f   menu.obj
 0001:0001e400       _SeekLine                  0041f400 f   menu.obj
 0001:0001e427       _AppendToken               0041f427 f   menu.obj
 0001:0001e451       _Keys_MenuDraw             0041f451 f   menu.obj
 0001:0001e46a       _Keys_MenuKey              0041f46a f   menu.obj
 0001:0001e522       _M_UnbindCommand           0041f522 f   menu.obj
 0001:0001e56e       _KeyBindingFunc            0041f56e f   menu.obj
 0001:0001e5e1       _Options_MenuInit          0041f5e1 f   menu.obj
 0001:0001ea37       _CrosshairFunc             0041fa37 f   menu.obj
 0001:0001ea5b       _JoystickFunc              0041fa5b f   menu.obj
 0001:0001ea6e       _CustomizeControlsFunc     0041fa6e f   menu.obj
 0001:0001ea73       _AlwaysRunFunc             0041fa73 f   menu.obj
 0001:0001ea86       _FreeLookFunc              0041fa86 f   menu.obj
 0001:0001ea99       _MouseSpeedFunc            0041fa99 f   menu.obj
 0001:0001eab6       _ControlsSetMenuItemValues 0041fab6 f   menu.obj
 0001:0001ec82       _ControlsResetDefaultsFunc 0041fc82 f   menu.obj
 0001:0001ec97       _InvertMouseFunc           0041fc97 f   menu.obj
 0001:0001ecb2       _LookspringFunc            0041fcb2 f   menu.obj
 0001:0001ecce       _LookstrafeFunc            0041fcce f   menu.obj
 0001:0001ecea       _UpdateVolumeFunc          0041fcea f   menu.obj
 0001:0001ed07       _UpdateCDVolumeFunc        0041fd07 f   menu.obj
 0001:0001ed20       _UpdateSoundFunc           0041fd20 f   menu.obj
 0001:0001edc8       _Options_ScanCrosshairs    0041fdc8 f   menu.obj
 0001:0001ee1b       _Options_MenuDraw          0041fe1b f   menu.obj
 0001:0001ee43       _Options_CrosshairDraw     0041fe43 f   menu.obj
 0001:0001eeba       _Options_MenuKey           0041feba f   menu.obj
 0001:0001efa0       _M_Credits_MenuDraw        0041ffa0 f   menu.obj
 0001:0001f07f       _M_Credits_Key             0042007f f   menu.obj
 0001:0001f0dc       _Game_MenuInit             004200dc f   menu.obj
 0001:0001f289       _EasyGameFunc              00420289 f   menu.obj
 0001:0001f29f       _StartGame                 0042029f f   menu.obj
 0001:0001f2e4       _MediumGameFunc            004202e4 f   menu.obj
 0001:0001f2fa       _HardGameFunc              004202fa f   menu.obj
 0001:0001f310       _Game_MenuDraw             00420310 f   menu.obj
 0001:0001f333       _Game_MenuKey              00420333 f   menu.obj
 0001:0001f365       _LoadGame_MenuInit         00420365 f   menu.obj
 0001:0001f40e       _Create_Savestrings        0042040e f   menu.obj
 0001:0001f4d2       _LoadGameCallback          004204d2 f   menu.obj
 0001:0001f4fb       _LoadGame_MenuDraw         004204fb f   menu.obj
 0001:0001f524       _DrawSavegameShot          00420524 f   menu.obj
 0001:0001f5e2       _LoadGame_MenuKey          004205e2 f   menu.obj
 0001:0001f643       _SaveGame_MenuDraw         00420643 f   menu.obj
 0001:0001f678       _SaveGame_MenuInit         00420678 f   menu.obj
 0001:0001f713       _SaveGameCallback          00420713 f   menu.obj
 0001:0001f732       _SaveGame_MenuKey          00420732 f   menu.obj
 0001:0001f808       _JoinServer_MenuInit       00420808 f   menu.obj
 0001:0001f959       _JoinServerFunc            00420959 f   menu.obj
 0001:0001f9b6       _SearchLocalGames          004209b6 f   menu.obj
 0001:0001fa22       _JoinServer_MenuDraw       00420a22 f   menu.obj
 0001:0001fa3a       _JoinServer_MenuKey        00420a3a f   menu.obj
 0001:0001fa6c       _StartServer_MenuInit      00420a6c f   menu.obj
 0001:0001ff1c       _DMOptionsFunc             00420f1c f   menu.obj
 0001:0001ff2b       _RulesChangeFunc           00420f2b f   menu.obj
 0001:0001ff94       _StartServerActionFunc     00420f94 f   menu.obj
 0001:0001ffc0       _StartServerFunc           00420fc0 f   menu.obj
 0001:0002022b       _StartServer_MenuDraw      0042122b f   menu.obj
 0001:00020237       _StartServer_MenuKey       00421237 f   menu.obj
 0001:00020297       _DMOptions_MenuInit        00421297 f   menu.obj
 0001:00020827       _DMFlagCallback            00421827 f   menu.obj
 0001:000209d5       _DMOptions_MenuDraw        004219d5 f   menu.obj
 0001:000209e1       _DMOptions_MenuKey         004219e1 f   menu.obj
 0001:00020a13       _DownloadOptions_MenuInit  00421a13 f   menu.obj
 0001:00020bfe       _DownloadCallback          00421bfe f   menu.obj
 0001:00020c57       _DownloadOptions_MenuDraw  00421c57 f   menu.obj
 0001:00020c63       _DownloadOptions_MenuKey   00421c63 f   menu.obj
 0001:00020c95       _AddressBook_MenuInit      00421c95 f   menu.obj
 0001:00020d4b       _AddressBook_MenuKey       00421d4b f   menu.obj
 0001:00020d9c       _AddressBook_MenuDraw      00421d9c f   menu.obj
 0001:00020db4       _M_Menu_PlayerConfig_f     00421db4 f   menu.obj
 0001:00020e0f       _PlayerConfig_MenuInit     00421e0f f   menu.obj
 0001:00021341       _HandednessCallback        00422341 f   menu.obj
 0001:00021354       _RTypeCallback             00422354 f   menu.obj
 0001:00021367       _RColorCallback            00422367 f   menu.obj
 0001:0002137a       _RateCallback              0042237a f   menu.obj
 0001:00021398       _ModelCallback             00422398 f   menu.obj
 0001:000213d9       _PlayerConfig_ScanDirectories 004223d9 f   menu.obj
 0001:000215a0       _IsValidSkin               004225a0 f   menu.obj
 0001:00021669       _PlayerConfig_MenuDraw     00422669 f   menu.obj
 0001:00021911       _PlayerConfig_MenuKey      00422911 f   menu.obj
 0001:000219e5       _M_Menu_DMBrowse_f         004229e5 f   menu.obj
 0001:00021a29       _DMBrowse_MenuInit         00422a29 f   menu.obj
 0001:00021c0f       _DMBrowse_MenuKey          00422c0f f   menu.obj
 0001:00021db2       _DMBrowse_MenuDraw         00422db2 f   menu.obj
 0001:00021ed7       _DrawThumbnail             00422ed7 f   menu.obj
 0001:00021f9c       _M_Quit_Key                00422f9c f   menu.obj
 0001:00021fdc       _M_Quit_Draw               00422fdc f   menu.obj
 0001:00022129       _M_Menu_Quit_f             00423129 f   menu.obj
 0001:0001d540       _AllocChain                0041e540 f   memory.obj
 0001:0001d830       _Z_Stats_f                 0041e830 f   memory.obj
 0001:0001cd37       _MD4Transform              0041dd37 f   md4.obj
 0001:0001d339       _Encode                    0041e339 f   md4.obj
 0001:0001d37e       _Decode                    0041e37e f   md4.obj
 0001:0001bcfa       _Do_CompleteCommand        0041ccfa f   keys.obj
 0001:0001c199       _TryComplete               0041d199 f   keys.obj
 0001:0001c22e       _CompleteMenu              0041d22e f   keys.obj
 0001:0001c395       _CompleteMenuDraw          0041d395 f   keys.obj
 0001:0001c3f4       _CompleteMenuKey           0041d3f4 f   keys.obj
 0001:0001c426       _CompleteMenuCallback      0041d426 f   keys.obj
 0001:0001c6c8       _Key_Unbind_f              0041d6c8 f   keys.obj
 0001:0001c7ae       _Key_Unbindall_f           0041d7ae f   keys.obj
 0001:0001c7d8       _Key_Bind_f                0041d7d8 f   keys.obj
 0001:0001adb9       _IN_DeactivateMouse        0041bdb9 f   in_win.obj
 0001:0001ade5       _IN_FreeDirect             0041bde5 f   in_win.obj
 0001:0001ae4e       _IN_FreeWin32              0041be4e f   in_win.obj
 0001:0001afe7       _IN_ActivateMouse          0041bfe7 f   in_win.obj
 0001:0001b05f       _IN_InitDirect             0041c05f f   in_win.obj
 0001:0001b1a9       _IN_InitWin32              0041c1a9 f   in_win.obj
 0001:0001b2d7       _IN_MouseMove              0041c2d7 f   in_win.obj
 0001:00032fed       _J_InitSource              00433fed f   vid_dll.obj
 0001:0001a7a8       _J_FillInputBuffer         0041b7a8 f   images.obj
 0001:0001a7d0       _J_SkipInputData           0041b7d0 f   images.obj
 0001:00032fed       _J_TermSource              00433fed f   vid_dll.obj
 0001:0001a7e8       _InitJpegError             0041b7e8 f   images.obj
 0001:0001a819       _J_ErrorExit               0041b819 f   images.obj
 0001:0001a828       _J_EmitMessage             0041b828 f   images.obj
 0001:0001a845       _J_ResetErrorMgr           0041b845 f   images.obj
 0001:000187f3       _FindPakFile               004197f3 f   files.obj
 0001:00018863       _FindPakDirectory          00419863 f   files.obj
 0001:000188f4       _FileLength                004198f4 f   files.obj
 0001:00018d48       _FOpenCached               00419d48 f   files.obj
 0001:00019091       _UnloadPackFile            0041a091 f   files.obj
 0001:000190b7       _ClearFileCache            0041a0b7 f   files.obj
 0001:000190de       _AddGameDirectory          0041a0de f   files.obj
 0001:000191a3       _AddDirFilesToList         0041a1a3 f   files.obj
 0001:00019266       _LoadPackFile              0041a266 f   files.obj
 0001:000193d5       _AddPakFile                0041a3d5 f   files.obj
 0001:00019474       _AddPakDirectory           0041a474 f   files.obj
 0001:00019552       _EnumZippedPak             0041a552 f   files.obj
 0001:000197ec       _ListPakDirectory          0041a7ec f   files.obj
 0001:000199ae       _InitResFiles              0041a9ae f   files.obj
 0001:00019a91       _FS_LoadPak_f              0041aa91 f   files.obj
 0001:00019b5e       _TryLoadPak                0041ab5e f   files.obj
 0001:00019bcb       _FindPakStruc              0041abcb f   files.obj
 0001:00019c20       _FS_UnloadPak_f            0041ac20 f   files.obj
 0001:00019dc5       _FS_Link_f                 0041adc5 f   files.obj
 0001:00019e91       _FS_Dir_f                  0041ae91 f   files.obj
 0001:0001a0a2       _FS_Path_f                 0041b0a2 f   files.obj
 0001:0001a13b       _FS_Cat_f                  0041b13b f   files.obj
 0001:0001a214       _FS_Type_f                 0041b214 f   files.obj
 0001:000170e7       _Cvar_FindVar              004180e7 f   cvar.obj
 0001:0001711c       _ComputeHash               0041811c f   cvar.obj
 0001:0001732e       _Cvar_SetString            0041832e f   cvar.obj
 0001:000173c4       _Cvar_InfoValidate         004183c4 f   cvar.obj
 0001:000174d3       _Cvar_Set2                 004184d3 f   cvar.obj
 0001:000176a5       _Cvar_SetHardcoded         004186a5 f   cvar.obj
 0001:00017ad3       _Cvar_Set_f                00418ad3 f   cvar.obj
 0001:00017b50       _Cvar_SetWithFlags         00418b50 f   cvar.obj
 0001:00017ba3       _Cvar_Seta_f               00418ba3 f   cvar.obj
 0001:00017bc5       _Cvar_Setu_f               00418bc5 f   cvar.obj
 0001:00017be7       _Cvar_Sets_f               00418be7 f   cvar.obj
 0001:00017c09       _Cvar_Reset_f              00418c09 f   cvar.obj
 0001:00017c6e       _Cvar_List_f               00418c6e f   cvar.obj
 0001:00017d7e       _Cvar_Add_f                00418d7e f   cvar.obj
 0001:00017f0a       _Cvar_Scale_f              00418f0a f   cvar.obj
 0001:00017f7d       _Cvar_Toggle_f             00418f7d f   cvar.obj
 0001:00017fe0       _Cvar_Cycle_f              00418fe0 f   cvar.obj
 0001:00015e34       _Con_Clear_f               00416e34 f   console.obj
 0001:00015e9d       _PlaceChar                 00416e9d f   console.obj
 0001:00016018       _FindLine                  00417018 f   console.obj
 0001:00016788       _Con_DrawInput             00417788 f   console.obj
 0001:00016dd9       _iswordsym                 00417dd9 f   console.obj
 0001:00016f5f       _Con_Dump_f                00417f5f f   console.obj
 0001:0001706e       _Con_MessageMode_f         0041806e f   console.obj
 0001:00017080       _Con_MessageMode2_f        00418080 f   console.obj
 0001:000146d9       _GetInt                    004156d9 f   common.obj
 0001:0001569b       _Com_Error_f               0041669b f   common.obj
 0001:000156b3       _ParseCmdline              004166b3 f   common.obj
 0001:00015868       _PushCmdline               00416868 f   common.obj
 0001:00011cfb       _CMod_LoadSurfaces         00412cfb f   cmodel.obj
 0001:00011dfd       _CMod_ReadSurfMaterials    00412dfd f   cmodel.obj
 0001:00011f38       _CMod_LoadNodes            00412f38 f   cmodel.obj
 0001:00011f9a       _CMod_LoadBrushes          00412f9a f   cmodel.obj
 0001:00011fe6       _CMod_LoadLeafs            00412fe6 f   cmodel.obj
 0001:000120b5       _CMod_LoadPlanes           004130b5 f   cmodel.obj
 0001:000121c3       _CMod_LoadLeafBrushes      004131c3 f   cmodel.obj
 0001:0001220e       _CMod_LoadBrushSides       0041320e f   cmodel.obj
 0001:00012287       _CMod_LoadAreas            00413287 f   cmodel.obj
 0001:00012612       _PointLeafnum_r            00413612 f   cmodel.obj
 0001:000126fd       _BoxLeafnums_r             004136fd f   cmodel.obj
 0001:00012c4a       _TestInLeaf                00413c4a f   cmodel.obj
 0001:00012caf       _TestBoxInBrush            00413caf f   cmodel.obj
 0001:00012e20       _RecursiveHullCheck        00413e20 f   cmodel.obj
 0001:000130f7       _TraceToLeaf               004140f7 f   cmodel.obj
 0001:000131b2       _ClipBoxToBrush            004141b2 f   cmodel.obj
 0001:00013897       _RecursiveBrushTest        00414897 f   cmodel.obj
 0001:00013b24       _TestBrush                 00414b24 f   cmodel.obj
 0001:00013e05       _FloodArea_r               00414e05 f   cmodel.obj
 0001:000116b7       _Cmd_MacroExpandString     004126b7 f   cmd.obj
 0001:000119f3       _Cmd_Wait_f                004129f3 f   cmd.obj
 0001:00011a28       _Cmd_List_f                00412a28 f   cmd.obj
 0001:00010678       _DrawSurfInfo              00411678 f   cl_view.obj
 0001:000109d3       _DrawFlag                  004119d3 f   cl_view.obj
 0001:00010ad4       _DecodeContents            00411ad4 f   cl_view.obj
 0001:00010b07       _DrawOriginInfo            00411b07 f   cl_view.obj
 0001:00010c0b       _DrawFpsInfo               00411c0b f   cl_view.obj
 0001:00010d22       _FixWaterVis               00411d22 f   cl_view.obj
 0001:00010e20       _entitycmpfnc              00411e20 f   cl_view.obj
 0001:00010e89       _Screenshot_f              00411e89 f   cl_view.obj
 0001:0000d5be       _SCR_CalcVrect             0040e5be f   cl_scrn.obj
 0001:0000bf4d       _CL_PMTrace                0040cf4d f   cl_pred.obj
 0001:000085a1       _TryParseStatus            004095a1 f   cl_main.obj
 0001:00006a1f       _IN_KLookUp                00407a1f f   cl_input.obj
 0001:00006a2b       _KeyUp                     00407a2b f   cl_input.obj
 0001:00006aa5       _IN_KLookDown              00407aa5 f   cl_input.obj
 0001:00006ab1       _KeyDown                   00407ab1 f   cl_input.obj
 0001:00006b27       _IN_UpUp                   00407b27 f   cl_input.obj
 0001:00006b33       _IN_UpDown                 00407b33 f   cl_input.obj
 0001:00006b3f       _IN_DownUp                 00407b3f f   cl_input.obj
 0001:00006b4b       _IN_DownDown               00407b4b f   cl_input.obj
 0001:00006b57       _IN_RightUp                00407b57 f   cl_input.obj
 0001:00006b63       _IN_RightDown              00407b63 f   cl_input.obj
 0001:00006b6f       _IN_LeftUp                 00407b6f f   cl_input.obj
 0001:00006b7b       _IN_LeftDown               00407b7b f   cl_input.obj
 0001:00006b87       _IN_ForwardUp              00407b87 f   cl_input.obj
 0001:00006b93       _IN_ForwardDown            00407b93 f   cl_input.obj
 0001:00006b9f       _IN_BackUp                 00407b9f f   cl_input.obj
 0001:00006bab       _IN_BackDown               00407bab f   cl_input.obj
 0001:00006bb7       _IN_LookupUp               00407bb7 f   cl_input.obj
 0001:00006bc3       _IN_LookupDown             00407bc3 f   cl_input.obj
 0001:00006bcf       _IN_LookdownUp             00407bcf f   cl_input.obj
 0001:00006bdb       _IN_LookdownDown           00407bdb f   cl_input.obj
 0001:00006be7       _IN_MoveleftUp             00407be7 f   cl_input.obj
 0001:00006bf3       _IN_MoveleftDown           00407bf3 f   cl_input.obj
 0001:00006bff       _IN_MoverightUp            00407bff f   cl_input.obj
 0001:00006c0b       _IN_MoverightDown          00407c0b f   cl_input.obj
 0001:00006c17       _IN_SpeedUp                00407c17 f   cl_input.obj
 0001:00006c23       _IN_SpeedDown              00407c23 f   cl_input.obj
 0001:00006c2f       _IN_StrafeUp               00407c2f f   cl_input.obj
 0001:00006c3b       _IN_StrafeDown             00407c3b f   cl_input.obj
 0001:00006c47       _IN_AttackUp               00407c47 f   cl_input.obj
 0001:00006c53       _IN_AttackDown             00407c53 f   cl_input.obj
 0001:00006c5f       _IN_UseUp                  00407c5f f   cl_input.obj
 0001:00006c6b       _IN_UseDown                00407c6b f   cl_input.obj
 0001:00006c77       _IN_Lookdown               00407c77 f   cl_input.obj
 0001:00006caa       _IN_Lookup                 00407caa f   cl_input.obj
 0001:00006f42       _CreateCmd                 00407f42 f   cl_input.obj
 0001:00006f8e       _BaseMove                  00407f8e f   cl_input.obj
 0001:0000714b       _CL_KeyState               0040814b f   cl_input.obj
 0001:000071ab       _AdjustAngles              004081ab f   cl_input.obj
 0001:000072ba       _FinishMove                004082ba f   cl_input.obj
 0001:00007373       _ClampPitch                00408373 f   cl_input.obj
 0001:000036ea       _CL_AddParticleTraces      004046ea f   cl_fx.obj
 0001:00003a43       _CL_AddParticleBeams       00404a43 f   cl_fx.obj
 0001:0000243a       _CL_AddDebugLines          0040343a f   cl_ents.obj
 0001:0000248e       _CL_AddPacketEntities      0040348e f   cl_ents.obj
 0001:00002eba       _GetEntityInfo             00403eba f   cl_ents.obj
 0001:00002fc9       _AddEntityWithEffects      00403fc9 f   cl_ents.obj
 0001:00002ff5       _AddViewWeapon             00403ff5 f   cl_ents.obj
 0001:0000083e       _FreeCinematic             0040183e f   cl_cin.obj
 0001:000009f1       _ReadNextFrame             004019f1 f   cl_cin.obj
 0001:00000b0e       _Huff1Decompress           00401b0e f   cl_cin.obj
 0001:00000fb7       _Huff1TableInit            00401fb7 f   cl_cin.obj
 0001:000010b1       _SmallestNode1             004020b1 f   cl_cin.obj
 0001:0000014c       _CDAudio_GetAudioDiskInfo  0040114c f   cd_win.obj
 0001:000004c4       _CD_f                      004014c4 f   cd_win.obj
 0001:0000077d       _CDAudio_Eject             0040177d f   cd_win.obj
 0001:000007a7       _CDAudio_CloseDoor         004017a7 f   cd_win.obj

 70 bytes saved through ICF

