 quake2

 Timestamp is 41f7e7c3 (Wed Jan 26 21:56:03 2005)

 Preferred load address is 00400000

 Start         Length     Name                   Class
 0001:00000000 0006f4d0H .text                   CODE
 0002:00000000 000002f0H .idata$5                DATA
 0002:000002f0 0000427cH .rdata                  DATA
 0002:00004570 00000044H .rdata$r                DATA
 0002:000045b8 00000038H .xdata$x                DATA
 0002:000045f0 00000078H .idata$2                DATA
 0002:00004668 00000014H .idata$3                DATA
 0002:0000467c 000002f0H .idata$4                DATA
 0002:0000496c 000009b6H .idata$6                DATA
 0002:00005322 00000000H .edata                  DATA
 0003:00000000 00000004H .CRT$XCA                DATA
 0003:00000004 00000004H .CRT$XCZ                DATA
 0003:00000008 00000004H .CRT$XIA                DATA
 0003:0000000c 00000004H .CRT$XIZ                DATA
 0003:00000010 00010d7cH .data                   DATA
 0003:00010d90 00b0f570H .bss                    DATA
 0004:00000000 00000130H .rsrc$01                DATA
 0004:00000130 00003f20H .rsrc$02                DATA

  Address         Publics by Value              Rva+Base     Lib:Object

 0001:00000000       ??3@YAXPAX@Z               00401000 f i cd_win.obj
 0001:0000000b       ?CDAudio_Play2@@YAXH_N@Z   0040100b f   cd_win.obj
 0001:000001ea       ?CDAudio_Play@@YAXH_N@Z    004011ea f   cd_win.obj
 0001:00000201       ?CDAudio_Stop@@YAXXZ       00401201 f   cd_win.obj
 0001:00000246       ?CDAudio_Pause@@YAXXZ      00401246 f   cd_win.obj
 0001:0000029f       ?CDAudio_Resume@@YAXXZ     0040129f f   cd_win.obj
 0001:0000030e       ?CDAudio_MessageHandler@@YAJPAUHWND__@@IIJ@Z 0040130e f   cd_win.obj
 0001:000003a5       ?CDAudio_Update@@YAXXZ     004013a5 f   cd_win.obj
 0001:000003d9       ?CDAudio_Init@@YAHXZ       004013d9 f   cd_win.obj
 0001:000007a5       ?CDAudio_Shutdown@@YAXXZ   004017a5 f   cd_win.obj
 0001:000007d8       ?CDAudio_Activate@@YAX_N@Z 004017d8 f   cd_win.obj
 0001:000007e9       ?SCR_StopCinematic@@YAXXZ  004017e9 f   cl_cin.obj
 0001:00000885       ?SCR_FinishCinematic@@YAXXZ 00401885 f   cl_cin.obj
 0001:000008c4       ?SCR_RunCinematic@@YAXXZ   004018c4 f   cl_cin.obj
 0001:00000cde       ?SCR_DrawCinematic@@YA_NXZ 00401cde f   cl_cin.obj
 0001:00000d60       ?SCR_PlayCinematic@@YAXPAD@Z 00401d60 f   cl_cin.obj
 0001:00001126       ?CL_ParseEntityBits@@YAHPAI@Z 00402126 f   cl_ents.obj
 0001:00001188       ?CL_ParseDelta@@YAXPAUentityState_t@@0HH_N@Z 00402188 f   cl_ents.obj
 0001:00001524       ?CL_DeltaEntity@@YAXPAUframe_t@@HPAUentityState_t@@H@Z 00402524 f   cl_ents.obj
 0001:000016a1       ?CL_ParsePacketEntities@@YAXPAUframe_t@@0@Z 004026a1 f   cl_ents.obj
 0001:000018a0       ?CL_ParsePlayerstate@@YAXPAUframe_t@@0@Z 004028a0 f   cl_ents.obj
 0001:00001baf       ?CL_FireEntityEvents@@YAXPAUframe_t@@@Z 00402baf f   cl_ents.obj
 0001:00001c01       ?CL_ParseFrame@@YAXXZ      00402c01 f   cl_ents.obj
 0001:00001ed7       ?CL_AddEntityBox@@YAXPAUentityState_t@@I@Z 00402ed7 f   cl_ents.obj
 0001:00001fc7       ?CL_OffsetThirdPersonView@@YAXXZ 00402fc7 f   cl_ents.obj
 0001:00002081       ?CL_CalcViewValues@@YAXXZ  00403081 f   cl_ents.obj
 0001:0000238e       ?CL_AddEntities@@YAXXZ     0040338e f   cl_ents.obj
 0001:0000314f       ?CL_GetEntitySoundOrigin@@YAXHQAM@Z 0040414f f   cl_ents.obj
 0001:00003182       ?CL_ClearLightStyles@@YAXXZ 00404182 f   cl_fx.obj
 0001:00003206       ?CL_RunLightStyles@@YAXXZ  00404206 f   cl_fx.obj
 0001:000032a3       ?CL_SetLightstyle@@YAXHPBD@Z 004042a3 f   cl_fx.obj
 0001:0000330a       ?CL_AllocDlight@@YAPAUcdlight_t@@HQAM@Z 0040430a f   cl_fx.obj
 0001:00003377       ?CL_AddDLights@@YAXXZ      00404377 f   cl_fx.obj
 0001:000033d7       ?CL_ClearParticles@@YAXXZ  004043d7 f   cl_fx.obj
 0001:00003441       ?CL_AllocParticleTrace@@YAPAUparticleTrace_t@@QAM0MM@Z 00404441 f   cl_fx.obj
 0001:000034e1       ?CL_AllocParticleBeam@@YAPAUbeam_s@@QAM0MM@Z 004044e1 f   cl_fx.obj
 0001:00003554       ?CL_AllocParticle@@YAPAUparticle_s@@XZ 00404554 f   cl_fx.obj
 0001:000035a2       ?CL_UpdateParticles@@YAXXZ 004045a2 f   cl_fx.obj
 0001:00003b90       ?CL_MetalSparks@@YAXQAM0H@Z 00404b90 f   cl_fx.obj
 0001:00003c7d       ?CL_ParseMuzzleFlash@@YAXXZ 00404c7d f   cl_fx.obj
 0001:000044b4       ?CL_ParseMuzzleFlash2@@YAXXZ 004054b4 f   cl_fx.obj
 0001:00004b98       ?CL_ParticleEffect@@YAXQAM0HH@Z 00405b98 f   cl_fx.obj
 0001:00004c67       ?CL_ParticleEffect2@@YAXQAM0HH@Z 00405c67 f   cl_fx.obj
 0001:00004d32       ?CL_ParticleEffect3@@YAXQAM0HH@Z 00405d32 f   cl_fx.obj
 0001:00004e02       ?CL_TeleporterParticles@@YAXPAUentityState_t@@@Z 00405e02 f   cl_fx.obj
 0001:00004eb9       ?CL_LogoutEffect@@YAXQAMH@Z 00405eb9 f   cl_fx.obj
 0001:00004fa4       ?CL_ItemRespawnParticles@@YAXQAM@Z 00405fa4 f   cl_fx.obj
 0001:00005053       ?CL_ExplosionParticles@@YAXQAM@Z 00406053 f   cl_fx.obj
 0001:000050fd       ?CL_BigTeleportParticles@@YAXQAM@Z 004060fd f   cl_fx.obj
 0001:00005254       ?CL_BlasterParticles@@YAXQAM0@Z 00406254 f   cl_fx.obj
 0001:00005320       ?CL_BlasterTrail@@YAXQAM0@Z 00406320 f   cl_fx.obj
 0001:00005413       ?CL_FlagTrail@@YAXQAM0M@Z  00406413 f   cl_fx.obj
 0001:00005513       ?CL_DiminishingTrail@@YAXQAM0PAUcentity_t@@H@Z 00406513 f   cl_fx.obj
 0001:00005777       ?CL_RocketTrail@@YAXQAM0PAUcentity_t@@@Z 00406777 f   cl_fx.obj
 0001:000058a4       ?CL_RailTrail@@YAXQAM0@Z   004068a4 f   cl_fx.obj
 0001:00005aca       ?CL_RailTrailExt@@YAXQAM0EE@Z 00406aca f   cl_fx.obj
 0001:00005bcc       ?CL_IonripperTrail@@YAXQAM0@Z 00406bcc f   cl_fx.obj
 0001:00005cdf       ?CL_BubbleTrail@@YAXQAM0@Z 00406cdf f   cl_fx.obj
 0001:00005dfd       ?CL_FlyParticles@@YAXQAMH@Z 00406dfd f   cl_fx.obj
 0001:00005f9c       ?CL_FlyEffect@@YAXPAUcentity_t@@QAM@Z 00406f9c f   cl_fx.obj
 0001:0000601f       ?CL_BfgParticles@@YAXPAUentity_s@@@Z 0040701f f   cl_fx.obj
 0001:000061f9       ?CL_TrapParticles@@YAXPAUentity_s@@@Z 004071f9 f   cl_fx.obj
 0001:0000647c       ?CL_BFGExplosionParticles@@YAXQAM@Z 0040747c f   cl_fx.obj
 0001:00006526       ?CL_TeleportParticles@@YAXQAM@Z 00407526 f   cl_fx.obj
 0001:0000665f       ?CL_EntityEvent@@YAXPAUentityState_t@@@Z 0040765f f   cl_fx.obj
 0001:0000683a       ?CL_ClearEffects@@YAXXZ    0040783a f   cl_fx.obj
 0001:00006858       ?IN_CenterView@@YAXXZ      00407858 f   cl_input.obj
 0001:00006879       ?CL_InitInput@@YAXXZ       00407879 f   cl_input.obj
 0001:00006e15       ?CL_SendCmd@@YAXXZ         00407e15 f   cl_input.obj
 0001:00007515       ?CL_ParseInventory@@YAXXZ  00408515 f   cl_inv.obj
 0001:00007535       ?CL_DrawInventory@@YAXXZ   00408535 f   cl_inv.obj
 0001:0000775e       ?CL_WriteDemoMessage@@YAXXZ 0040875e f   cl_main.obj
 0001:000077a0       ?Cmd_ForwardToServer@@YAXHPAPAD@Z 004087a0 f   cl_main.obj
 0001:00007805       ?CL_ForwardToServer_f@@YAXHPAPAD@Z 00408805 f   cl_main.obj
 0001:0000784d       ?CL_Pause@@YAX_N@Z         0040884d f   cl_main.obj
 0001:0000788f       ?CL_Quit_f@@YAXXZ          0040888f f   cl_main.obj
 0001:00007899       ?CL_Drop@@YAXXZ            00408899 f   cl_main.obj
 0001:000078b5       ?CL_SendConnectPacket@@YAXXZ 004088b5 f   cl_main.obj
 0001:0000798c       ?CL_CheckForResend@@YAXXZ  0040898c f   cl_main.obj
 0001:00007a91       ?CL_Connect_f@@YAX_NHPAPAD@Z 00408a91 f   cl_main.obj
 0001:00007b14       ?CL_Rcon_f@@YAXHPAPAD@Z    00408b14 f   cl_main.obj
 0001:00007c1c       ?CL_ClearState@@YAXXZ      00408c1c f   cl_main.obj
 0001:00007c5b       ?CL_Disconnect@@YAXXZ      00408c5b f   cl_main.obj
 0001:00007e18       ?CL_Disconnect_f@@YAXXZ    00408e18 f   cl_main.obj
 0001:00007e24       ?CL_Changing_f@@YAXXZ      00408e24 f   cl_main.obj
 0001:00007e48       ?CL_Reconnect_f@@YAXXZ     00408e48 f   cl_main.obj
 0001:00007ee4       ?CL_PingServers_f@@YAXXZ   00408ee4 f   cl_main.obj
 0001:0000804c       ?CL_Skins_f@@YAXXZ         0040904c f   cl_main.obj
 0001:0000831f       ?CL_ConnectionlessPacket@@YAXXZ 0040931f f   cl_main.obj
 0001:0000841e       ?CL_ReadPackets@@YAXXZ     0040941e f   cl_main.obj
 0001:00008563       ?CL_FixUpGender@@YAXXZ     00409563 f   cl_main.obj
 0001:00008615       ?CL_Userinfo_f@@YAXXZ      00409615 f   cl_main.obj
 0001:0000862d       ?CL_Snd_Restart_f@@YAXXZ   0040962d f   cl_main.obj
 0001:0000863c       ?CL_RequestNextDownload@@YAXXZ 0040963c f   cl_main.obj
 0001:00008cd1       ?CL_Precache_f@@YAXHPAPAD@Z 00409cd1 f   cl_main.obj
 0001:00008d32       ?CL_WriteConfiguration@@YAXPAD@Z 00409d32 f   cl_main.obj
 0001:00008ded       ?CL_WriteConfig_f@@YAX_NHPAPAD@Z 00409ded f   cl_main.obj
 0001:00008e4c       ?CL_InitLocal@@YAXXZ       00409e4c f   cl_main.obj
 0001:0000925b       ?CL_FixCvarCheats@@YAXXZ   0040a25b f   cl_main.obj
 0001:000092b5       ?CL_Frame@@YAXMH@Z         0040a2b5 f   cl_main.obj
 0001:000094be       ?CL_Init@@YAXXZ            0040a4be f   cl_main.obj
 0001:0000954e       ?CL_Shutdown@@YAX_N@Z      0040a54e f   cl_main.obj
 0001:00009597       ?CL_Flashlight@@YAXHQAM@Z  0040a597 f   cl_newfx.obj
 0001:000095d1       ?CL_ColorFlash@@YAXQAMHHMMM@Z 0040a5d1 f   cl_newfx.obj
 0001:0000960d       ?CL_DebugTrail@@YAXQAM0@Z  0040a60d f   cl_newfx.obj
 0001:000096ed       ?CL_ForceWall@@YAXQAM0H@Z  0040a6ed f   cl_newfx.obj
 0001:00009814       ?CL_BubbleTrail2@@YAXQAM0H@Z 0040a814 f   cl_newfx.obj
 0001:0000993e       ?CL_Heatbeam@@YAXQAM0@Z    0040a93e f   cl_newfx.obj
 0001:00009bef       ?CL_ParticleSteamEffect@@YAXQAM0HHH@Z 0040abef f   cl_newfx.obj
 0001:00009d19       ?CL_ParticleSteamEffect2@@YAXPAUcl_sustain_s@@@Z 0040ad19 f   cl_newfx.obj
 0001:00009e50       ?CL_TrackerTrail@@YAXQAM0H@Z 0040ae50 f   cl_newfx.obj
 0001:0000a0b3       ?CL_Tracker_Shell@@YAXQAM@Z 0040b0b3 f   cl_newfx.obj
 0001:0000a13c       ?CL_MonsterPlasma_Shell@@YAXQAM@Z 0040b13c f   cl_newfx.obj
 0001:0000a1c2       ?CL_Widowbeamout@@YAXPAUcl_sustain_s@@@Z 0040b1c2 f   cl_newfx.obj
 0001:0000a27e       ?CL_Nukeblast@@YAXPAUcl_sustain_s@@@Z 0040b27e f   cl_newfx.obj
 0001:0000a33a       ?CL_WidowSplash@@YAXQAM@Z  0040b33a f   cl_newfx.obj
 0001:0000a402       ?CL_TagTrail@@YAXQAM0M@Z   0040b402 f   cl_newfx.obj
 0001:0000a502       ?CL_ColorExplosionParticles@@YAXQAMHH@Z 0040b502 f   cl_newfx.obj
 0001:0000a5af       ?CL_ParticleSmokeEffect@@YAXQAM0HHH@Z 0040b5af f   cl_newfx.obj
 0001:0000a6d7       ?CL_BlasterParticles2@@YAXQAM0I@Z 0040b6d7 f   cl_newfx.obj
 0001:0000a7a4       ?CL_BlasterTrail2@@YAXQAM0@Z 0040b7a4 f   cl_newfx.obj
 0001:0000a897       ?CL_CheckOrDownloadFile@@YA_NPAD@Z 0040b897 f   cl_parse.obj
 0001:0000ab0f       ?CL_Download_f@@YAX_NHPAPAD@Z 0040bb0f f   cl_parse.obj
 0001:0000abe1       ?CL_RegisterSounds@@YAXXZ  0040bbe1 f   cl_parse.obj
 0001:0000ac20       ?CL_ParseDownload@@YAXXZ   0040bc20 f   cl_parse.obj
 0001:0000ad8d       ?CL_ParseServerData@@YAXXZ 0040bd8d f   cl_parse.obj
 0001:0000ae93       ?CL_ParseBaseline@@YAXXZ   0040be93 f   cl_parse.obj
 0001:0000aedb       ?CL_LoadClientinfo@@YAXPAUclientinfo_t@@PAD@Z 0040bedb f   cl_parse.obj
 0001:0000b1c5       ?CL_ParseClientinfo@@YAXH@Z 0040c1c5 f   cl_parse.obj
 0001:0000b1e9       ?CL_ParseConfigString@@YAXXZ 0040c1e9 f   cl_parse.obj
 0001:0000b383       ?CL_ParseStartSoundPacket@@YAXXZ 0040c383 f   cl_parse.obj
 0001:0000b482       ?CL_ParseServerMessage@@YAXXZ 0040c482 f   cl_parse.obj
 0001:0000b7d8       ?CL_CheckPredictionError@@YAXXZ 0040c7d8 f   cl_pred.obj
 0001:0000b97e       ?CL_EntityTrace@@YAXPAUtrace_t@@QAM111H@Z 0040c97e f   cl_pred.obj
 0001:0000bd38       ?CL_Trace@@YAXPAUtrace_t@@QAM111H@Z 0040cd38 f   cl_pred.obj
 0001:0000bdba       ?CL_PMpointcontents@@YAHQAM@Z 0040cdba f   cl_pred.obj
 0001:0000bf44       ?CL_PredictMovement@@YAXXZ 0040cf44 f   cl_pred.obj
 0001:0000c2ed       ?DrawString@@YAXHHPBD@Z    0040d2ed f   cl_scrn.obj
 0001:0000c332       ?CL_AddNetgraph@@YAXXZ     0040d332 f   cl_scrn.obj
 0001:0000c40c       ?SCR_DebugGraph@@YAXMH@Z   0040d40c f   cl_scrn.obj
 0001:0000c434       ?SCR_CenterPrint@@YAXPAD@Z 0040d434 f   cl_scrn.obj
 0001:0000c538       ?SCR_DrawCenterString@@YAXXZ 0040d538 f   cl_scrn.obj
 0001:0000c60a       ?SCR_Sky_f@@YAX_NHPAPAD@Z  0040d60a f   cl_scrn.obj
 0001:0000c699       ?SCR_Init@@YAXXZ           0040d699 f   cl_scrn.obj
 0001:0000c6e3       ?SCR_SetLevelshot@@YAXPAD@Z 0040d6e3 f   cl_scrn.obj
 0001:0000c7c7       ?SCR_BeginLoadingPlaque@@YAXXZ 0040d7c7 f   cl_scrn.obj
 0001:0000c856       ?SCR_EndLoadingPlaque@@YAX_N@Z 0040d856 f   cl_scrn.obj
 0001:0000c8e1       ?SCR_ShowConsole@@YAX_N0@Z 0040d8e1 f   cl_scrn.obj
 0001:0000c9c6       ?SCR_TimeRefresh_f@@YAXHPAPAD@Z 0040d9c6 f   cl_scrn.obj
 0001:0000ca98       ?SCR_TileClear@@YAXXZ      0040da98 f   cl_scrn.obj
 0001:0000cb3d       ?SCR_TouchPics@@YAXXZ      0040db3d f   cl_scrn.obj
 0001:0000cbad       ?SCR_ExecuteLayoutString@@YAXPAD@Z 0040dbad f   cl_scrn.obj
 0001:0000d4fd       ?SCR_UpdateScreen@@YAXXZ   0040e4fd f   cl_scrn.obj
 0001:0000dd78       ?CL_RegisterTEntSounds@@YAXXZ 0040ed78 f   cl_tent.obj
 0001:0000dfbd       ?CL_RegisterTEntModels@@YAXXZ 0040efbd f   cl_tent.obj
 0001:0000e0f5       ?CL_ClearTEnts@@YAXXZ      0040f0f5 f   cl_tent.obj
 0001:0000e13c       ?CL_AllocExplosion@@YAPAUexplosion_t@@QAMW4exptype_t@@@Z 0040f13c f   cl_tent.obj
 0001:0000e1da       ?CL_AddExplosions@@YAXXZ   0040f1da f   cl_tent.obj
 0001:0000e3af       ?CL_SmokeAndFlash@@YAXQAM@Z 0040f3af f   cl_tent.obj
 0001:0000e3f7       ?CL_ParseBeam@@YAHPAUmodel_s@@@Z 0040f3f7 f   cl_tent.obj
 0001:0000e4d6       ?CL_ParseBeam2@@YAHPAUmodel_s@@@Z 0040f4d6 f   cl_tent.obj
 0001:0000e5ad       ?CL_ParsePlayerBeam@@YAHPAUmodel_s@@@Z 0040f5ad f   cl_tent.obj
 0001:0000e6bb       ?CL_ParseLightning@@YAHPAUmodel_s@@@Z 0040f6bb f   cl_tent.obj
 0001:0000e787       ?CL_ParseLaser@@YAXI@Z     0040f787 f   cl_tent.obj
 0001:0000e803       ?CL_ParseSteam@@YAXXZ      0040f803 f   cl_tent.obj
 0001:0000e914       ?CL_ParseWidow@@YAXXZ      0040f914 f   cl_tent.obj
 0001:0000e980       ?CL_ParseNuke@@YAXXZ       0040f980 f   cl_tent.obj
 0001:0000e9ea       ?CL_ParseTEnt@@YAXXZ       0040f9ea f   cl_tent.obj
 0001:0000f80c       ?CL_AddBeams@@YAXXZ        0041080c f   cl_tent.obj
 0001:0000fb4d       ?CL_AddPlayerBeams@@YAXXZ  00410b4d f   cl_tent.obj
 0001:00010242       ?CL_ProcessSustain@@YAXXZ  00411242 f   cl_tent.obj
 0001:00010283       ?CL_AddTEnts@@YAXXZ        00411283 f   cl_tent.obj
 0001:00010297       ?V_AddEntity@@YAXPAUentity_s@@@Z 00411297 f   cl_view.obj
 0001:000102c6       ?V_AddLight@@YAXQAMMMMM@Z  004112c6 f   cl_view.obj
 0001:0001030b       ?V_TestParticles@@YAXXZ    0041130b f   cl_view.obj
 0001:000103c9       ?V_TestEntities@@YAXXZ     004113c9 f   cl_view.obj
 0001:0001046b       ?V_TestLights@@YAXXZ       0041146b f   cl_view.obj
 0001:0001053e       ?CL_PrepRefresh@@YAXXZ     0041153e f   cl_view.obj
 0001:00010803       ?CalcFov@@YAMMMM@Z         00411803 f   cl_view.obj
 0001:0001087a       ?SCR_DrawCrosshair@@YAXXZ  0041187a f   cl_view.obj
 0001:000108ef       ?V_RenderView@@YAXM@Z      004118ef f   cl_view.obj
 0001:000114a1       ?V_Init@@YAXXZ             004124a1 f   cl_view.obj
 0001:00011676       ?Cbuf_Init@@YAXXZ          00412676 f   cmd.obj
 0001:0001168e       ?Cbuf_AddText@@YAXPAD@Z    0041268e f   cmd.obj
 0001:000116f3       ?Cbuf_InsertText@@YAXPAD@Z 004126f3 f   cmd.obj
 0001:0001175a       ?Cbuf_CopyToDefer@@YAXXZ   0041275a f   cmd.obj
 0001:0001179c       ?Cbuf_InsertFromDefer@@YAXXZ 0041279c f   cmd.obj
 0001:000117c5       ?Cbuf_Execute@@YAXXZ       004127c5 f   cmd.obj
 0001:000118c5       ?Cmd_Unalias_f@@YAX_NHPAPAD@Z 004128c5 f   cmd.obj
 0001:0001194e       ?Cmd_WriteAliases@@YAXPAU_iobuf@@@Z 0041294e f   cmd.obj
 0001:0001197f       ?Cmd_Argc@@YAHXZ           0041297f f   cmd.obj
 0001:00011985       ?Cmd_Argv@@YAPADH@Z        00412985 f   cmd.obj
 0001:0001199f       ?Cmd_Args@@YAPADXZ         0041299f f   cmd.obj
 0001:000119a5       ?RegisterCommand@@YA_NPBDP6AXXZH@Z 004129a5 f   cmd.obj
 0001:00011a06       ?UnregisterCommand@@YAXPBD@Z 00412a06 f   cmd.obj
 0001:00011a48       ?Cmd_ExecuteString@@YA_NPBD@Z 00412a48 f   cmd.obj
 0001:00011ecd       ?ExecuteCommand@@YA_NPBDPBUCSimpleCommand@@H@Z 00412ecd f   cmd.obj
 0001:00011f94       ?Cmd_Init@@YAXXZ           00412f94 f   cmd.obj
 0001:000122bb       ?CMod_GetSurfMaterial@@YA?AW4material_t@@PAD@Z 004132bb f   cmodel.obj
 0001:00012318       ?CM_LoadMap@@YAPAUcmodel_t@@PAD_NPAI@Z 00413318 f   cmodel.obj
 0001:00012968       ?PlaneTypeForNormal@@YAHQBM@Z 00413968 f i cmodel.obj
 0001:00012ad9       ?CM_InlineModel@@YAPAUcmodel_t@@PAD@Z 00413ad9 f   cmodel.obj
 0001:00012b22       ?CM_NumClusters@@YAHXZ     00413b22 f   cmodel.obj
 0001:00012b28       ?CM_NumInlineModels@@YAHXZ 00413b28 f   cmodel.obj
 0001:00012b2e       ?CM_EntityString@@YAPADXZ  00413b2e f   cmodel.obj
 0001:00012b34       ?CM_LeafContents@@YAHH@Z   00413b34 f   cmodel.obj
 0001:00012b5b       ?CM_LeafCluster@@YAHH@Z    00413b5b f   cmodel.obj
 0001:00012bce       ?CM_LeafArea@@YAHH@Z       00413bce f   cmodel.obj
 0001:00012bf6       ?CM_InitBoxHull@@YAXXZ     00413bf6 f   cmodel.obj
 0001:00012d86       ?CM_HeadnodeForBox@@YAHQAM0@Z 00413d86 f   cmodel.obj
 0001:00012e3b       ?CM_PointLeafnum@@YAHQAM@Z 00413e3b f   cmodel.obj
 0001:00012ee6       ?DISTANCE_TO_PLANE@@YAMQBMPBUcplane_t@@@Z 00413ee6 f i cmodel.obj
 0001:00012f2e       ?CM_PointContents@@YAHQAMH@Z 00413f2e f   cmodel.obj
 0001:00012fa4       ?CM_TransformedPointContents@@YAHQAMH00@Z 00413fa4 f   cmodel.obj
 0001:000130dd       ?CM_TransformedPointContents2@@YAHQAMH0PAY02M@Z 004140dd f   cmodel.obj
 0001:000131ce       ?CM_BoxLeafnums@@YAHQAM0PAHH1@Z 004141ce f   cmodel.obj
 0001:000132ed       ?BOX_ON_PLANE_SIDE@@YAHQBM0PBUcplane_t@@@Z 004142ed f i cmodel.obj
 0001:00013372       ?CM_BoxTrace@@YAXPAUtrace_t@@QBM111HH@Z 00414372 f   cmodel.obj
 0001:00013dbb       ?CM_TransformedBoxTrace@@YAXPAUtrace_t@@QBM111HH11@Z 00414dbb f   cmodel.obj
 0001:0001408b       ?CM_TransformedBoxTrace2@@YAXPAUtrace_t@@QBM111HH1PAY02$$CBM@Z 0041508b f   cmodel.obj
 0001:000142a0       ?CM_BrushTrace@@YAHQBM0PAHH@Z 004152a0 f   cmodel.obj
 0001:000146be       ?CM_RefineBrushTrace@@YAHQBM0PAHH@Z 004156be f   cmodel.obj
 0001:00014763       ?CM_ClusterPVS@@YAPAEH@Z   00415763 f   cmodel.obj
 0001:00014888       ?CM_ClusterPHS@@YAPAEH@Z   00415888 f   cmodel.obj
 0001:00014924       ?FloodAreaConnections@@YAXXZ 00415924 f   cmodel.obj
 0001:000149db       ?CM_SetAreaPortalState@@YAXH_N@Z 004159db f   cmodel.obj
 0001:00014a04       ?CM_AreasConnected@@YA_NHH@Z 00415a04 f   cmodel.obj
 0001:00014a4c       ?CM_WriteAreaBits@@YAHPAEH@Z 00415a4c f   cmodel.obj
 0001:00014adc       ?CM_WritePortalState@@YAXPAU_iobuf@@@Z 00415adc f   cmodel.obj
 0001:00014af6       ?CM_ReadPortalState@@YAXPAU_iobuf@@@Z 00415af6 f   cmodel.obj
 0001:00014b14       ?CM_HeadnodeVisible@@YA_NHPAE@Z 00415b14 f   cmodel.obj
 0001:00014be9       ?Com_BeginRedirect@@YAXPADHP6AX0@Z@Z 00415be9 f   common.obj
 0001:00014c16       ?Com_EndRedirect@@YAXXZ    00415c16 f   common.obj
 0001:00014c35       ?Com_Printf@@YAXPBDZZ      00415c35 f   common.obj
 0001:00014dda       ?Com_DPrintf@@YAXPBDZZ     00415dda f   common.obj
 0001:00014e57       ?DebugPrintf@@YAXPBDZZ     00415e57 f   common.obj
 0001:00014f01       ?Com_WPrintf@@YAXPBDZZ     00415f01 f   common.obj
 0001:00014f5f       ?Com_FatalError@@YAXPBDZZ  00415f5f f   common.obj
 0001:00015004       ?Com_DropError@@YAXPBDZZ   00416004 f   common.obj
 0001:00015097       ?appUnwindPrefix@@YAXPBD@Z 00416097 f   common.obj
 0001:000150ef       ?appUnwindThrow@@YAXPBDZZ  004160ef f   common.obj
 0001:00015177       ?Com_ResetErrorState@@YAXXZ 00416177 f   common.obj
 0001:0001518c       ?Com_Quit@@YAXXZ           0041618c f   common.obj
 0001:000151bf       ?MatchWildcard@@YA_NPBD0_N@Z 004161bf f   common.obj
 0001:0001535b       ?IPWildcard@@YA_NPAUnetadr_t@@PAD@Z 0041635b f   common.obj
 0001:00015435       ?Com_ServerState@@YA?AW4server_state_t@@XZ 00416435 f   common.obj
 0001:0001543b       ?Com_SetServerState@@YAXW4server_state_t@@@Z 0041643b f   common.obj
 0001:00015445       ?MSG_WriteByte@@YAXPAUsizebuf_s@@H@Z 00416445 f   common.obj
 0001:00015445       ?MSG_WriteChar@@YAXPAUsizebuf_s@@H@Z 00416445 f   common.obj
 0001:00015459       ?MSG_WriteShort@@YAXPAUsizebuf_s@@H@Z 00416459 f   common.obj
 0001:00015473       ?MSG_WriteLong@@YAXPAUsizebuf_s@@H@Z 00416473 f   common.obj
 0001:0001549d       ?MSG_WriteFloat@@YAXPAUsizebuf_s@@M@Z 0041649d f   common.obj
 0001:000154c3       ?MSG_WriteString@@YAXPAUsizebuf_s@@PAD@Z 004164c3 f   common.obj
 0001:000154fb       ?MSG_WriteCoord@@YAXPAUsizebuf_s@@M@Z 004164fb f   common.obj
 0001:0001552a       ?MSG_WritePos@@YAXPAUsizebuf_s@@QAM@Z 0041652a f   common.obj
 0001:000155ac       ?MSG_WriteAngle@@YAXPAUsizebuf_s@@M@Z 004165ac f   common.obj
 0001:000155d5       ?MSG_WriteAngle16@@YAXPAUsizebuf_s@@M@Z 004165d5 f   common.obj
 0001:0001560c       ?MSG_WriteDeltaUsercmd@@YAXPAUsizebuf_s@@PAUusercmd_t@@1@Z 0041660c f   common.obj
 0001:00015794       ?MSG_WriteDir@@YAXPAUsizebuf_s@@QAM@Z 00416794 f   common.obj
 0001:00015801       ?MSG_ReadDir@@YAXPAUsizebuf_s@@QAM@Z 00416801 f   common.obj
 0001:00015836       ?MSG_WriteDeltaEntity@@YAXPAUentity_state_t@@0PAUsizebuf_s@@_N2@Z 00416836 f   common.obj
 0001:00015d3e       ?MSG_BeginReading@@YAXPAUsizebuf_s@@@Z 00416d3e f   common.obj
 0001:00015d47       ?MSG_ReadChar@@YAHPAUsizebuf_s@@@Z 00416d47 f   common.obj
 0001:00015d68       ?MSG_ReadByte@@YAHPAUsizebuf_s@@@Z 00416d68 f   common.obj
 0001:00015d89       ?MSG_ReadShort@@YAHPAUsizebuf_s@@@Z 00416d89 f   common.obj
 0001:00015db9       ?MSG_ReadLong@@YAHPAUsizebuf_s@@@Z 00416db9 f   common.obj
 0001:00015df8       ?MSG_ReadString@@YAPADPAUsizebuf_s@@@Z 00416df8 f   common.obj
 0001:00015e2b       ?MSG_ReadCoord@@YAMPAUsizebuf_s@@@Z 00416e2b f   common.obj
 0001:00015e45       ?MSG_ReadPos@@YAXPAUsizebuf_s@@QAM@Z 00416e45 f   common.obj
 0001:00015e97       ?MSG_ReadAngle@@YAMPAUsizebuf_s@@@Z 00416e97 f   common.obj
 0001:00015eb1       ?MSG_ReadAngle16@@YAMPAUsizebuf_s@@@Z 00416eb1 f   common.obj
 0001:00015ecb       ?MSG_ReadDeltaUsercmd@@YAXPAUsizebuf_s@@PAUusercmd_t@@1@Z 00416ecb f   common.obj
 0001:00015f82       ?MSG_ReadData@@YAXPAUsizebuf_s@@PAXH@Z 00416f82 f   common.obj
 0001:00015fa5       ?SZ_Init@@YAXPAUsizebuf_s@@PAXH@Z 00416fa5 f   common.obj
 0001:00015fc7       ?SZ_Clear@@YAXPAUsizebuf_s@@@Z 00416fc7 f   common.obj
 0001:00015fd4       ?SZ_GetSpace@@YAPAXPAUsizebuf_s@@H@Z 00416fd4 f   common.obj
 0001:00016035       ?SZ_Write@@YAXPAUsizebuf_s@@PAXH@Z 00417035 f   common.obj
 0001:00016056       ?SZ_Insert@@YAXPAUsizebuf_s@@PAXHH@Z 00417056 f   common.obj
 0001:000160a9       ?SZ_Print@@YAXPAUsizebuf_s@@PAD@Z 004170a9 f   common.obj
 0001:000160f2       ?Info_Print@@YAXPAD@Z      004170f2 f   common.obj
 0001:000161af       ?COM_BlockSequenceCRCByte@@YAEPAEHH@Z 004171af f   common.obj
 0001:0001623b       ?frand@@YAMXZ              0041723b f   common.obj
 0001:00016258       ?crand@@YAMXZ              00417258 f   common.obj
 0001:0001627b       ?COM_CheckCmdlineVar@@YA_NPBD@Z 0041727b f   common.obj
 0001:000162d1       ?QCommon_Init@@YAXPAD@Z    004172d1 f   common.obj
 0001:0001669e       ?QCommon_Frame@@YAXH@Z     0041769e f   common.obj
 0001:00016975       ?Con_ToggleConsole_f@@YAXXZ 00417975 f   console.obj
 0001:000169a7       ?Con_ClearNotify@@YAXXZ    004179a7 f   console.obj
 0001:000169b9       ?Con_CheckResize@@YAXXZ    004179b9 f   console.obj
 0001:00016ae0       ?Con_Print@@YAXPAD@Z       00417ae0 f   console.obj
 0001:00016de4       ?Con_DrawNotify@@YAX_N@Z   00417de4 f   console.obj
 0001:00016fd0       ?Con_DrawConsole@@YAXM@Z   00417fd0 f   console.obj
 0001:000173a6       ?Key_Console@@YAXHH@Z      004183a6 f   console.obj
 0001:00017933       ?Key_Message@@YAXH@Z       00418933 f   console.obj
 0001:000179cf       ?Con_Init@@YAXXZ           004189cf f   console.obj
 0001:00017b9f       ?CRC_Block@@YAGPAEH@Z      00418b9f f   crc.obj
 0001:00017bdb       ?Cvar_VariableValue@@YAMPBD@Z 00418bdb f   cvar.obj
 0001:00017c49       ?Cvar_VariableInt@@YAHPBD@Z 00418c49 f   cvar.obj
 0001:00017c5c       ?Cvar_VariableString@@YAPADPBD@Z 00418c5c f   cvar.obj
 0001:00017c74       ?Cvar_Get@@YAPAUcvar_s@@PBD0H@Z 00418c74 f   cvar.obj
 0001:00017f0a       ?Cvar_GetVars@@YAXPBUcvarInfo_t@@H@Z 00418f0a f   cvar.obj
 0001:00017f5b       ?Cvar_FullSet@@YAPAUcvar_s@@PBD0H@Z 00418f5b f   cvar.obj
 0001:00017fb5       ?Cvar_SetValue@@YAPAUcvar_s@@PBDM@Z 00418fb5 f   cvar.obj
 0001:000181fe       ?Cvar_SetInteger@@YAPAUcvar_s@@PBDH@Z 004191fe f   cvar.obj
 0001:00018220       ?Cvar_Set@@YAPAUcvar_s@@PBD0@Z 00419220 f   cvar.obj
 0001:00018235       ?Cvar_ForceSet@@YAPAUcvar_s@@PBD0@Z 00419235 f   cvar.obj
 0001:0001824a       ?Cvar_Clamp@@YAMPAUcvar_s@@MM@Z 0041924a f   cvar.obj
 0001:000182d4       ?Cvar_ClampName@@YAMPBDMM@Z 004192d4 f   cvar.obj
 0001:00018325       ?Cvar_GetLatchedVars@@YAXXZ 00419325 f   cvar.obj
 0001:00018354       ?Cvar_Command@@YA_NHPAPAD@Z 00419354 f   cvar.obj
 0001:000183f5       ?Cvar_WriteVariables@@YAXPAU_iobuf@@HHPBD@Z 004193f5 f   cvar.obj
 0001:00018488       ?Cvar_BitInfo@@YAPADH@Z    00419488 f   cvar.obj
 0001:000184c1       ?Cvar_Userinfo@@YAPADXZ    004194c1 f   cvar.obj
 0001:000184ca       ?Cvar_Serverinfo@@YAPADXZ  004194ca f   cvar.obj
 0001:000184d3       ?Cvar_Cheats@@YAX_N@Z      004194d3 f   cvar.obj
 0001:00018529       ?Cvar_Init@@YAXXZ          00419529 f   cvar.obj
 0001:00018be1       ?FS_CreatePath@@YAXPAD@Z   00419be1 f   files.obj
 0001:00018c2b       ?FS_CopyFile@@YAXPAD0@Z    00419c2b f   files.obj
 0001:00018d2e       ?FS_CopyFiles@@YAXPAD0@Z   00419d2e f   files.obj
 0001:00018e07       ?FS_RemoveFiles@@YAXPAD@Z  00419e07 f   files.obj
 0001:00018e7b       ?FS_FCloseFile@@YAXPAU_iobuf@@@Z 00419e7b f   files.obj
 0001:00018f0d       ?FS_FOpenFile@@YAHPBDPAPAU_iobuf@@@Z 00419f0d f   files.obj
 0001:00019432       ?FS_FileExists@@YA_NPAD@Z  0041a432 f   files.obj
 0001:0001966e       ?FS_Read@@YAXPAXHPAU_iobuf@@@Z 0041a66e f   files.obj
 0001:000198ab       ?FS_LoadFile@@YAPAXPBDPAI@Z 0041a8ab f   files.obj
 0001:00019900       ?FS_FreeFile@@YAXPAX@Z     0041a900 f   files.obj
 0001:0001990b       ?FS_Gamedir@@YAPADXZ       0041a90b f   files.obj
 0001:0001991f       ?FS_LoadGameConfig@@YAXXZ  0041a91f f   files.obj
 0001:000199e4       ?FS_SetGamedir@@YA_NPBD@Z  0041a9e4 f   files.obj
 0001:0001a08d       ?FS_ListFiles@@YAPAUbasenamed_s@@PADPAHH@Z 0041b08d f   files.obj
 0001:0001a3bd       ?FS_NextPath@@YAPADPAD@Z   0041b3bd f   files.obj
 0001:0001a3e1       ?FS_InitFilesystem@@YAXXZ  0041b3e1 f   files.obj
 0001:0001adb0       ?LoadPCX@@YAXPBDPAPAE1PAH2@Z 0041bdb0 f   images.obj
 0001:0001aef2       ?LoadTGA@@YAXPBDPAPAEPAH2@Z 0041bef2 f   images.obj
 0001:0001b0e1       ?LoadJPG@@YAXPBDPAPAEPAH2@Z 0041c0e1 f   images.obj
 0001:0001b379       ?ImageExists@@YAHPBDH@Z    0041c379 f   images.obj
 0001:0001b473       ?WriteTGA@@YA_NPBDPAEHH@Z  0041c473 f   images.obj
 0001:0001b65d       ?WriteJPG@@YA_NPBDPAEHH_N@Z 0041c65d f   images.obj
 0001:0001b784       ?IN_MouseEvent@@YAXH@Z     0041c784 f   in_win.obj
 0001:0001b7ee       ?IN_Commands@@YAXXZ        0041c7ee f   in_win.obj
 0001:0001b91f       ?IN_Init@@YAXXZ            0041c91f f   in_win.obj
 0001:0001bc65       ?IN_Shutdown@@YAXXZ        0041cc65 f   in_win.obj
 0001:0001bd49       ?IN_Move@@YAXPAUusercmd_t@@@Z 0041cd49 f   in_win.obj
 0001:0001c2a4       ?IN_Activate@@YAX_N@Z      0041d2a4 f   in_win.obj
 0001:0001c2ae       ?IN_Frame@@YAXXZ           0041d2ae f   in_win.obj
 0001:0001c6b8       ?Key_KeynumToString@@YAPBDH@Z 0041d6b8 f   keys.obj
 0001:0001c768       ?CompleteCommand@@YAXXZ    0041d768 f   keys.obj
 0001:0001d0c6       ?Key_SetBinding@@YAXHPBD@Z 0041e0c6 f   keys.obj
 0001:0001d104       ?Key_FindBinding@@YAHPBDPAHH@Z 0041e104 f   keys.obj
 0001:0001d152       ?Key_WriteBindings@@YAXPAU_iobuf@@@Z 0041e152 f   keys.obj
 0001:0001d19a       ?Key_Init@@YAXXZ           0041e19a f   keys.obj
 0001:0001d496       ?Key_Event@@YAXH_NI@Z      0041e496 f   keys.obj
 0001:0001d7e4       ?Key_ClearStates@@YAXXZ    0041e7e4 f   keys.obj
 0001:0001d81b       ?Key_ClearTyping@@YAXXZ    0041e81b f   keys.obj
 0001:0001d834       ?MD4Init@@YAXPAUMD4_CTX@@@Z 0041e834 f   md4.obj
 0001:0001d85c       ?MD4Update@@YAXPAUMD4_CTX@@PAEI@Z 0041e85c f   md4.obj
 0001:0001d8fa       ?MD4Final@@YAXQAEPAUMD4_CTX@@@Z 0041e8fa f   md4.obj
 0001:0001dfeb       ?Com_BlockChecksum@@YAIPAXH@Z 0041efeb f   md4.obj
 0001:0001e027       ?appFree@@YAXPAX@Z         0041f027 f   memory.obj
 0001:0001e07f       ?appMalloc@@YAPAXH@Z       0041f07f f   memory.obj
 0001:0001e0e5       ?CreateMemoryChain@@YAPAXXZ 0041f0e5 f   memory.obj
 0001:0001e14b       ?FreeMemoryChain@@YAXPAX@Z 0041f14b f   memory.obj
 0001:0001e175       ?AllocChainBlock@@YAPAXPAXH@Z 0041f175 f   memory.obj
 0001:0001e1c0       ?CopyString@@YAPADPBD@Z    0041f1c0 f   memory.obj
 0001:0001e1e9       ?ChainCopyString@@YAPADPBDPAX@Z 0041f1e9 f   memory.obj
 0001:0001e216       ?AllocNamedStruc@@YAPAUbasenamed_s@@HPAD@Z 0041f216 f   memory.obj
 0001:0001e251       ?ChainAllocNamedStruc@@YAPAUbasenamed_s@@HPADPAX@Z 0041f251 f   memory.obj
 0001:0001e290       ?FindNamedStruc@@YAPAUbasenamed_s@@PADPAU1@PAPAU1@@Z 0041f290 f   memory.obj
 0001:0001e2d4       ?FindNamedStrucByIndex@@YAPAUbasenamed_s@@PAU1@H@Z 0041f2d4 f   memory.obj
 0001:0001e2eb       ?IndexOfNamedStruc@@YAHPADPAUbasenamed_s@@@Z 0041f2eb f   memory.obj
 0001:0001e319       ?AddToNamedList@@YAPAUbasenamed_s@@PADPAU1@@Z 0041f319 f   memory.obj
 0001:0001e363       ?ChainAddToNamedList@@YAPAUbasenamed_s@@PADPAU1@PAX@Z 0041f363 f   memory.obj
 0001:0001e3ad       ?FreeNamedList@@YAXPAUbasenamed_s@@@Z 0041f3ad f   memory.obj
 0001:0001e3c8       ?Mem_Init@@YAXXZ           0041f3c8 f   memory.obj
 0001:0001e3f7       ?M_PushMenu@@YAXP6AXXZP6APBDH@Z@Z 0041f3f7 f   menu.obj
 0001:0001e48c       ?M_ForceMenuOff@@YAXXZ     0041f48c f   menu.obj
 0001:0001e4bf       ?M_ForceMenuOn@@YAXXZ      0041f4bf f   menu.obj
 0001:0001e4d8       ?M_PopMenu@@YAXXZ          0041f4d8 f   menu.obj
 0001:0001e529       ?Default_MenuKey@@YAPBDPAUmenuFramework_s@@H@Z 0041f529 f   menu.obj
 0001:0001e649       ?M_Print@@YAXHHPAD@Z       0041f649 f   menu.obj
 0001:0001e68f       ?M_DrawTextBox@@YAXHHHH@Z  0041f68f f   menu.obj
 0001:0001e87b       ?M_Main_Draw@@YAXXZ        0041f87b f   menu.obj
 0001:0001e9ff       ?M_Main_Key@@YAPBDH@Z      0041f9ff f   menu.obj
 0001:0001eaf9       ?M_Menu_Main_f@@YAXXZ      0041faf9 f   menu.obj
 0001:0001eb1a       ?M_Menu_Multiplayer_f@@YAXXZ 0041fb1a f   menu.obj
 0001:0001ecf2       ?M_Menu_Keys_f@@YAXXZ      0041fcf2 f   menu.obj
 0001:0001f14e       ?M_Menu_Options_f@@YAXXZ   0042014e f   menu.obj
 0001:0001fa63       ?M_Menu_Video_f@@YAXXZ     00420a63 f   menu.obj
 0001:0001fa84       ?M_Menu_Credits_f@@YAXXZ   00420a84 f   menu.obj
 0001:0001fc6d       ?M_Menu_Game_f@@YAXXZ      00420c6d f   menu.obj
 0001:0001fee0       ?M_Menu_LoadGame_f@@YAXXZ  00420ee0 f   menu.obj
 0001:000201b3       ?M_Menu_SaveGame_f@@YAXXZ  004211b3 f   menu.obj
 0001:00020313       ?M_AddToServerList@@YAXUnetadr_t@@PAD@Z 00421313 f   menu.obj
 0001:00020386       ?M_Menu_JoinServer_f@@YAXXZ 00421386 f   menu.obj
 0001:000205ea       ?M_Menu_StartServer_f@@YAXXZ 004215ea f   menu.obj
 0001:00020e12       ?M_Menu_DMOptions_f@@YAXXZ 00421e12 f   menu.obj
 0001:000215b3       ?M_Menu_DownloadOptions_f@@YAXXZ 004225b3 f   menu.obj
 0001:00021835       ?M_Menu_AddressBook_f@@YAXXZ 00422835 f   menu.obj
 0001:00022c2b       ?M_Init@@YAXXZ             00423c2b f   menu.obj
 0001:00022d65       ?M_Draw@@YAXXZ             00423d65 f   menu.obj
 0001:00022db6       ?M_Keydown@@YAXH@Z         00423db6 f   menu.obj
 0001:00022dd2       ?LoadQ2BspFile@@YAXXZ      00423dd2 f   model.obj
 0001:000231bd       ?LoadBspFile@@YAPAUbspfile_t@@PBD_NPAI@Z 004241bd f   model.obj
 0001:00023375       ?ProcessEntstring@@YAPADPAD@Z 00424375 f   model.obj
 0001:000241ea       ?Netchan_Init@@YAXXZ       004251ea f   net_chan.obj
 0001:0002424a       ?Netchan_OutOfBand@@YAXW4netsrc_t@@Unetadr_t@@HPAX@Z 0042524a f   net_chan.obj
 0001:000242aa       ?Netchan_OutOfBandPrint@@YAXW4netsrc_t@@Unetadr_t@@PADZZ 004252aa f   net_chan.obj
 0001:000242ef       ?Netchan_Setup@@YAXW4netsrc_t@@PAUnetchan_t@@Unetadr_t@@H@Z 004252ef f   net_chan.obj
 0001:0002434c       ?Netchan_NeedReliable@@YA_NPAUnetchan_t@@@Z 0042534c f   net_chan.obj
 0001:00024376       ?Netchan_Transmit@@YAXPAUnetchan_t@@HPAX@Z 00425376 f   net_chan.obj
 0001:00024519       ?Netchan_Process@@YA_NPAUnetchan_t@@PAUsizebuf_s@@@Z 00425519 f   net_chan.obj
 0001:0002463f       ?NetadrToSockadr@@YAXPAUnetadr_t@@PAUsockaddr@@@Z 0042563f f   net_wins.obj
 0001:000246e1       ?SockadrToNetadr@@YAXPAUsockaddr@@PAUnetadr_t@@@Z 004256e1 f   net_wins.obj
 0001:00024744       ?NET_CompareAdr@@YA_NPAUnetadr_t@@0@Z 00425744 f   net_wins.obj
 0001:000247a9       ?NET_CompareBaseAdr@@YA_NPAUnetadr_t@@0@Z 004257a9 f   net_wins.obj
 0001:00024801       ?NET_AdrToString@@YAPADPAUnetadr_t@@@Z 00425801 f   net_wins.obj
 0001:000248ba       ?NET_StringToSockaddr@@YA_NPADPAUsockaddr@@@Z 004258ba f   net_wins.obj
 0001:00024af2       ?NET_StringToAdr@@YA_NPADPAUnetadr_t@@@Z 00425af2 f   net_wins.obj
 0001:00024b49       ?NET_IsLocalAddress@@YA_NPAUnetadr_t@@@Z 00425b49 f   net_wins.obj
 0001:00024b55       ?NET_GetLoopPacket@@YA_NW4netsrc_t@@PAUnetadr_t@@PAUsizebuf_s@@@Z 00425b55 f   net_wins.obj
 0001:00024bdb       ?NET_SendLoopPacket@@YAXW4netsrc_t@@HPAXUnetadr_t@@@Z 00425bdb f   net_wins.obj
 0001:00024c27       ?NET_GetPacket@@YA_NW4netsrc_t@@PAUnetadr_t@@PAUsizebuf_s@@@Z 00425c27 f   net_wins.obj
 0001:00024d45       ?NET_SendPacket@@YAXW4netsrc_t@@HPAXUnetadr_t@@@Z 00425d45 f   net_wins.obj
 0001:00024e1d       ?NET_IPSocket@@YAHPADH@Z   00425e1d f   net_wins.obj
 0001:00024f32       ?NET_OpenIP@@YAXXZ         00425f32 f   net_wins.obj
 0001:00024fae       ?NET_OpenIPX@@YAXXZ        00425fae f   net_wins.obj
 0001:000250fc       ?NET_Config@@YAX_N@Z       004260fc f   net_wins.obj
 0001:000251a0       ?NET_Init@@YAXXZ           004261a0 f   net_wins.obj
 0001:0002520d       ?Pmove@@YAXPAUpmove_t@@@Z  0042620d f   pmove.obj
 0001:00026fab       ?NormalizeColor@@YAMQBMQAM@Z 00427fab f   q_shared2.obj
 0001:0002700c       ?NormalizeColor255@@YAMQBMQAM@Z 0042800c f   q_shared2.obj
 0001:00027071       ?Q_rsqrt@@YAMM@Z           00428071 f   q_shared2.obj
 0001:000270a1       ?RotatePointAroundVector@@YAXQAMQBM1M@Z 004280a1 f   q_shared2.obj
 0001:00027211       ?AngleVectors@@YAXQBMQAM11@Z 00428211 f   q_shared2.obj
 0001:00027372       ?ProjectPointOnPlane@@YAXQAMQBM1@Z 00428372 f   q_shared2.obj
 0001:000273f1       ?PerpendicularVector@@YAXQAMQBM@Z 004283f1 f   q_shared2.obj
 0001:00027470       ?MakeNormalVectors@@YAXQAM00@Z 00428470 f   q_shared2.obj
 0001:000274d7       ?MatrixMultiply@@YAXQAY02M00@Z 004284d7 f   q_shared2.obj
 0001:000275be       ?SetPlaneSignbits@@YAXPAUcplane_t@@@Z 004285be f   q_shared2.obj
 0001:000275e1       ?LerpAngle@@YAMMMM@Z       004285e1 f   q_shared2.obj
 0001:00027624       ?anglemod@@YAMM@Z          00428624 f   q_shared2.obj
 0001:00027650       ?BoxOnPlaneSide@@YAHQBM0PBUcplane_t@@@Z 00428650 f   q_shared2.obj
 0001:00027773       ?ClearBounds@@YAXQAM0@Z    00428773 f   q_shared2.obj
 0001:0002779c       ?AddPointToBounds@@YAXQBMQAM1@Z 0042879c f   q_shared2.obj
 0001:000277d5       ?VectorCompare@@YA_NQBM0@Z 004287d5 f   q_shared2.obj
 0001:00027802       ?VectorNormalize@@YAMQAM@Z 00428802 f   q_shared2.obj
 0001:00027856       ?VectorNormalize2@@YAMQBMQAM@Z 00428856 f   q_shared2.obj
 0001:000278ae       ?VectorNormalizeFast@@YAMQAM@Z 004288ae f   q_shared2.obj
 0001:000278ff       ?CrossProduct@@YAXQBM0QAM@Z 004288ff f   q_shared2.obj
 0001:0002793a       ?VectorLength@@YAMQBM@Z    0042893a f   q_shared2.obj
 0001:00027969       ?VectorDistance@@YAMQBM0@Z 00428969 f   q_shared2.obj
 0001:0002799a       ?VectorInverse@@YAXQAM@Z   0042899a f   q_shared2.obj
 0001:000279b5       ?VectorScale@@YAXQBMMQAM@Z 004289b5 f   q_shared2.obj
 0001:000279d9       ?AnglesToAxis@@YAXQBMQAY02M@Z 004289d9 f   q_shared2.obj
 0001:00027a17       ?COM_FilePath@@YAXPAD0@Z   00428a17 f   q_shared2.obj
 0001:00027a4d       ?ShortSwap@@YAFF@Z         00428a4d f   q_shared2.obj
 0001:00027a62       ?va@@YAPADPADZZ            00428a62 f   q_shared2.obj
 0001:00027aaf       ?COM_Parse@@YAPADAAPBD_N@Z 00428aaf f   q_shared2.obj
 0001:00027bb7       ?COM_QuoteString@@YAPBDPBD_N@Z 00428bb7 f   q_shared2.obj
 0001:00027c12       ?Com_PageInMemory@@YAXPAXH@Z 00428c12 f   q_shared2.obj
 0001:00027c31       ?Q_strncpyz@@YAXPADPBDH@Z  00428c31 f   q_shared2.obj
 0001:00027c55       ?Q_strncpylower@@YAXPADPBDH@Z 00428c55 f   q_shared2.obj
 0001:00027c8f       ?Q_CopyFilename@@YAXPADPBDH@Z 00428c8f f   q_shared2.obj
 0001:00027d2b       ?Com_sprintf@@YAHPADHPBDZZ 00428d2b f   q_shared2.obj
 0001:00027d71       ?Info_ValueForKey@@YAPADPAD0@Z 00428d71 f   q_shared2.obj
 0001:00027dfc       ?Info_RemoveKey@@YAXPAD0@Z 00428dfc f   q_shared2.obj
 0001:00027e82       ?Info_SetValueForKey@@YAXPAD00@Z 00428e82 f   q_shared2.obj
 0001:00027fba       ?Menu_ItemAtCursor@@YAPAUmenuCommon_s@@PAUmenuFramework_s@@@Z 00428fba f   qmenu.obj
 0001:00028011       ?Field_Key@@YA_NPAUmenuField_t@@H@Z 00429011 f   qmenu.obj
 0001:00028259       ?Menu_AddItem@@YAXPAUmenuFramework_s@@PAX@Z 00429259 f   qmenu.obj
 0001:000282d4       ?Menu_AdjustCursor@@YAXPAUmenuFramework_s@@H@Z 004292d4 f   qmenu.obj
 0001:0002841f       ?Menu_Center@@YAXPAUmenuFramework_s@@@Z 0042941f f   qmenu.obj
 0001:0002845f       ?Menu_Draw@@YAXPAUmenuFramework_s@@@Z 0042945f f   qmenu.obj
 0001:000289ad       ?Menu_SelectItem@@YA_NPAUmenuFramework_s@@@Z 004299ad f   qmenu.obj
 0001:000289e0       ?Menu_SetStatusBar@@YAXPAUmenuFramework_s@@PBD@Z 004299e0 f   qmenu.obj
 0001:000289ec       ?Menu_SlideItem@@YAXPAUmenuFramework_s@@H@Z 004299ec f   qmenu.obj
 0001:00028f03       ?InitRendererVars@@YAXXZ   00429f03 f   ref_vars.obj
 0001:00028f22       ?S_SoundInfo_f@@YAXXZ      00429f22 f   snd_dma.obj
 0001:00028fac       ?S_ReadModelsSex@@YAXXZ    00429fac f   snd_dma.obj
 0001:00029091       ?S_IsFemale@@YA_NPAD@Z     0042a091 f   snd_dma.obj
 0001:000290e5       ?S_Init@@YAXXZ             0042a0e5 f   snd_dma.obj
 0001:000291bb       ?S_Shutdown@@YAXXZ         0042a1bb f   snd_dma.obj
 0001:00029251       ?S_FindName@@YAPAUsfx_s@@PAD_N@Z 0042a251 f   snd_dma.obj
 0001:0002938b       ?S_AliasName@@YAPAUsfx_s@@PAD0@Z 0042a38b f   snd_dma.obj
 0001:00029452       ?S_BeginRegistration@@YAXXZ 0042a452 f   snd_dma.obj
 0001:00029460       ?S_RegisterSound@@YAPAUsfx_s@@PAD@Z 0042a460 f   snd_dma.obj
 0001:000294c9       ?S_EndRegistration@@YAXXZ  0042a4c9 f   snd_dma.obj
 0001:00029566       ?S_PickChannel@@YAPAUchannel_t@@HH@Z 0042a566 f   snd_dma.obj
 0001:000295fa       ?S_SpatializeOrigin@@YAXQAMMMPAH1@Z 0042a5fa f   snd_dma.obj
 0001:00029721       ?S_Spatialize@@YAXPAUchannel_t@@@Z 0042a721 f   snd_dma.obj
 0001:00029792       ?S_AllocPlaysound@@YAPAUplaysound_s@@XZ 0042a792 f   snd_dma.obj
 0001:000297b4       ?S_FreePlaysound@@YAXPAUplaysound_s@@@Z 0042a7b4 f   snd_dma.obj
 0001:000297e4       ?S_IssuePlaysound@@YAXPAUplaysound_s@@@Z 0042a7e4 f   snd_dma.obj
 0001:000298b1       ?S_StartSound@@YAXQAMHHPAUsfx_s@@MMM@Z 0042a8b1 f   snd_dma.obj
 0001:00029b5a       ?S_StartLocalSound@@YAXPAD@Z 0042ab5a f   snd_dma.obj
 0001:00029ba9       ?S_ClearBuffer@@YAXXZ      0042aba9 f   snd_dma.obj
 0001:00029c01       ?S_StopAllSounds_f@@YAXXZ  0042ac01 f   snd_dma.obj
 0001:00029c7c       ?S_AddLoopSounds@@YAXXZ    0042ac7c f   snd_dma.obj
 0001:00029e52       ?S_RawSamples@@YAXHHHHPAE@Z 0042ae52 f   snd_dma.obj
 0001:0002a056       ?S_Update@@YAXQAM000@Z     0042b056 f   snd_dma.obj
 0001:0002a151       ?GetSoundtime@@YAXXZ       0042b151 f   snd_dma.obj
 0001:0002a1b8       ?S_Update_@@YAXXZ          0042b1b8 f   snd_dma.obj
 0001:0002a414       ?ResampleSfx@@YAXPAUsfx_s@@HHPAE@Z 0042b414 f   snd_mem.obj
 0001:0002a52f       ?S_LoadSound@@YAPAUsfxcache_t@@PAUsfx_s@@@Z 0042b52f f   snd_mem.obj
 0001:0002a664       ?GetWavinfo@@YA?AUwavinfo_t@@PADPAEH@Z 0042b664 f   snd_mem.obj
 0001:0002a8d8       ?S_WriteLinearBlastStereo16@@YAXXZ 0042b8d8 f   snd_mix.obj
 0001:0002a94c       ?S_TransferStereo16@@YAXPAKH@Z 0042b94c f   snd_mix.obj
 0001:0002a9b5       ?S_TransferPaintBuffer@@YAXH@Z 0042b9b5 f   snd_mix.obj
 0001:0002ab11       ?S_PaintChannels@@YAXH@Z   0042bb11 f   snd_mix.obj
 0001:0002ad3e       ?S_InitScaletable@@YAXXZ   0042bd3e f   snd_mix.obj
 0001:0002ad92       ?S_PaintChannelFrom8@@YAXPAUchannel_t@@PAUsfxcache_t@@HH@Z 0042bd92 f   snd_mix.obj
 0001:0002ae94       ?S_PaintChannelFrom16@@YAXPAUchannel_t@@PAUsfxcache_t@@HH@Z 0042be94 f   snd_mix.obj
 0001:0002aeff       ?SNDDMA_Init@@YA_NXZ       0042beff f   snd_win.obj
 0001:0002b564       ?SNDDMA_GetDMAPos@@YAHXZ   0042c564 f   snd_win.obj
 0001:0002b5ae       ?SNDDMA_BeginPainting@@YAXXZ 0042c5ae f   snd_win.obj
 0001:0002b6b0       ?SNDDMA_Submit@@YAXXZ      0042c6b0 f   snd_win.obj
 0001:0002b6d5       ?SNDDMA_Shutdown@@YAXXZ    0042c6d5 f   snd_win.obj
 0001:0002b6da       ?S_Activate@@YAX_N@Z       0042c6da f   snd_win.obj
 0001:0002b705       ?SV_WipeSavegame@@YAXPAD@Z 0042c705 f   sv_ccmds.obj
 0001:0002b733       ?SV_CopySaveGame@@YAXPAD0@Z 0042c733 f   sv_ccmds.obj
 0001:0002b788       ?SV_WriteLevelFile@@YAXXZ  0042c788 f   sv_ccmds.obj
 0001:0002b836       ?SV_ReadLevelFile@@YAXXZ   0042c836 f   sv_ccmds.obj
 0001:0002b8e4       ?SV_WriteServerFile@@YAX_NPAD@Z 0042c8e4 f   sv_ccmds.obj
 0001:0002bb23       ?SV_ReadServerFile@@YAXXZ  0042cb23 f   sv_ccmds.obj
 0001:0002bc48       ?SV_AddressBanned@@YA_NPAUnetadr_t@@@Z 0042cc48 f   sv_ccmds.obj
 0001:0002bc89       ?SV_InitOperatorCommands@@YAXXZ 0042cc89 f   sv_ccmds.obj
 0001:0002cbf1       ?SV_WritePlayerstateToClient@@YAXPAUclient_frame_t@@0PAUsizebuf_s@@@Z 0042dbf1 f   sv_ents.obj
 0001:0002d115       ?SV_WriteFrameToClient@@YAXPAUclient_s@@PAUsizebuf_s@@@Z 0042e115 f   sv_ents.obj
 0001:0002d33d       ?SV_FatPVS@@YAXQAM@Z       0042e33d f   sv_ents.obj
 0001:0002d467       ?SV_BuildClientFrame@@YAXPAUclient_s@@@Z 0042e467 f   sv_ents.obj
 0001:0002d77b       ?SV_RecordDemoMessage@@YAXXZ 0042e77b f   sv_ents.obj
 0001:0002e2f4       ?SV_InitGameLibrary@@YAX_N@Z 0042f2f4 f   sv_game.obj
 0001:0002e439       ?SV_ShutdownGameLibrary@@YAXXZ 0042f439 f   sv_game.obj
 0001:0002e58c       ?SV_FindIndex@@YAHPADHH_N@Z 0042f58c f   sv_init.obj
 0001:0002e692       ?SV_ModelIndex@@YAHPAD@Z   0042f692 f   sv_init.obj
 0001:0002e6a8       ?SV_SoundIndex@@YAHPAD@Z   0042f6a8 f   sv_init.obj
 0001:0002e6c1       ?SV_ImageIndex@@YAHPAD@Z   0042f6c1 f   sv_init.obj
 0001:0002e6da       ?SV_CreateBaseline@@YAXXZ  0042f6da f   sv_init.obj
 0001:0002e738       ?SV_CheckForSavegame@@YAXXZ 0042f738 f   sv_init.obj
 0001:0002e7c0       ?SV_SpawnServer@@YAXPAD0W4server_state_t@@_N2@Z 0042f7c0 f   sv_init.obj
 0001:0002ea92       ?SV_InitGame@@YAXXZ        0042fa92 f   sv_init.obj
 0001:0002ecd0       ?SV_Map@@YAX_NPAD0@Z       0042fcd0 f   sv_init.obj
 0001:0002ee99       ?SV_DropClient@@YAXPAUclient_s@@PAD@Z 0042fe99 f   sv_main.obj
 0001:0002ef4a       ?SV_StatusString@@YAPADXZ  0042ff4a f   sv_main.obj
 0001:0002f788       ?SV_ConnectionlessPacket@@YAXXZ 00430788 f   sv_main.obj
 0001:0002f853       ?SV_CalcPings@@YAXXZ       00430853 f   sv_main.obj
 0001:0002f8da       ?SV_GiveMsec@@YAXXZ        004308da f   sv_main.obj
 0001:0002f919       ?SV_ReadPackets@@YAXXZ     00430919 f   sv_main.obj
 0001:0002fa63       ?SV_CheckTimeouts@@YAXXZ   00430a63 f   sv_main.obj
 0001:0002fb74       ?SV_PostprocessFrame@@YAXXZ 00430b74 f   sv_main.obj
 0001:00030048       ?SV_MulticastHook@@YAPAUsizebuf_s@@PAU1@0@Z 00431048 f   sv_main.obj
 0001:00030461       ?SV_TraceHook@@YA?AUtrace_t@@QAM000PAUedict_s@@H@Z 00431461 f   sv_main.obj
 0001:000305dc       ?SV_Frame@@YAXM@Z          004315dc f   sv_main.obj
 0001:00030896       ?SV_UserinfoChanged@@YAXPAUclient_s@@@Z 00431896 f   sv_main.obj
 0001:0003095a       ?SV_Init@@YAXXZ            0043195a f   sv_main.obj
 0001:000309d1       ?SV_Shutdown@@YAXPAD_N@Z   004319d1 f   sv_main.obj
 0001:00030bd5       ?SV_BeginRedirect@@YAXXZ   00431bd5 f   sv_send.obj
 0001:00030c7f       ?SV_ClientPrintf@@YAXPAUclient_s@@HPADZZ 00431c7f f   sv_send.obj
 0001:00030cda       ?SV_BroadcastPrintf@@YAXHPADZZ 00431cda f   sv_send.obj
 0001:00030db0       ?SV_BroadcastCommand@@YAXPADZZ 00431db0 f   sv_send.obj
 0001:00030e07       ?SV_Multicast@@YAXQAMW4multicast_t@@_N@Z 00431e07 f   sv_send.obj
 0001:00031049       ?SV_MulticastOld@@YAXQAMW4multicast_t@@@Z 00432049 f   sv_send.obj
 0001:0003105c       ?SV_StartSound@@YAXQAMPAUedict_s@@HHMMM_N@Z 0043205c f   sv_send.obj
 0001:00031321       ?SV_StartSoundOld@@YAXQAMPAUedict_s@@HHMMM@Z 00432321 f   sv_send.obj
 0001:00031351       ?SV_StartSoundNew@@YAXQAMPAUedict_s@@HHMMM@Z 00432351 f   sv_send.obj
 0001:00031381       ?SV_SendClientDatagram@@YA_NPAUclient_s@@@Z 00432381 f   sv_send.obj
 0001:00031454       ?SV_DemoCompleted@@YAXXZ   00432454 f   sv_send.obj
 0001:00031470       ?SV_RateDrop@@YA_NPAUclient_s@@@Z 00432470 f   sv_send.obj
 0001:000314ba       ?SV_SendClientMessages@@YAXXZ 004324ba f   sv_send.obj
 0001:00031e3d       ?SV_Nextserver@@YAXXZ      00432e3d f   sv_user.obj
 0001:00031ecc       ?SV_ExecuteUserCommand@@YAXPAD@Z 00432ecc f   sv_user.obj
 0001:00031f85       ?SV_ClientThink@@YAXPAUclient_s@@PAUusercmd_t@@@Z 00432f85 f   sv_user.obj
 0001:00031fc8       ?SV_ExecuteClientMessage@@YAXPAUclient_s@@@Z 00432fc8 f   sv_user.obj
 0001:000321e6       ?SV_ClearWorld@@YAXXZ      004331e6 f   sv_world.obj
 0001:0003233a       ?SV_UnlinkEdict@@YAXPAUedict_s@@@Z 0043333a f   sv_world.obj
 0001:000323f4       ?SV_LinkEdict@@YAXPAUedict_s@@@Z 004333f4 f   sv_world.obj
 0001:00032a55       ?SV_AreaEdicts@@YAHQAM0PAPAUedict_s@@HH@Z 00433a55 f   sv_world.obj
 0001:00032c06       ?SV_PointContents@@YAHQAM@Z 00433c06 f   sv_world.obj
 0001:00032d2c       ?SV_ClipMoveToEntities@@YAXPAUtrace_t@@QAM111PAUedict_s@@H@Z 00433d2c f   sv_world.obj
 0001:0003310b       ?SV_Trace@@YAXPAUtrace_t@@QAM111PAUedict_s@@H@Z 0043410b f   sv_world.obj
 0001:000331c5       ?Sys_Quit@@YAXXZ           004341c5 f   sys_win.obj
 0001:00033291       ?Sys_Error@@YAXPBDZZ       00434291 f   sys_win.obj
 0001:000332f1       ?osAddressInfo@@YA_NIPADHPAH@Z 004342f1 f   sys_win.obj
 0001:00033385       ?osModuleInfo@@YA_NIPADHPAH@Z 00434385 f   sys_win.obj
 0001:00033520       ?appSymbolName2@@YA_NIPADH@Z 00434520 f   sys_win.obj
 0001:000335a0       ?appSymbolName@@YAPADI@Z   004345a0 f   sys_win.obj
 0001:000335d2       ?win32ExceptFilter@@YAHPAU_EXCEPTION_POINTERS@@@Z 004345d2 f   sys_win.obj
 0001:00033ba0       ?win32ExceptFilter2@@YAHXZ 00434ba0 f   sys_win.obj
 0001:00033bac       ?Sys_Init@@YAXXZ           00434bac f   sys_win.obj
 0001:00033f34       ?Sys_ConsoleInput@@YAPADXZ 00434f34 f   sys_win.obj
 0001:000341e5       ?Sys_ConsoleOutput@@YAXPAD@Z 004351e5 f   sys_win.obj
 0001:00034273       ?Sys_SendKeyEvents@@YAXXZ  00435273 f   sys_win.obj
 0001:0003435f       ?Sys_GetClipboardData@@YAPADXZ 0043535f f   sys_win.obj
 0001:000343b8       ?Sys_UnloadGame@@YAXXZ     004353b8 f   sys_win.obj
 0001:00034434       ?Sys_GetGameAPI@@YAPAXPAX@Z 00435434 f   sys_win.obj
 0001:00034544       _WinMain@16                00435544 f   sys_win.obj
 0001:000347cf       ?Vid_CreateWindow@@YAPAXHH_N@Z 004357cf f   vid_dll.obj
 0001:0003500c       ?Vid_DestroyWindow@@YAX_N@Z 0043600c f   vid_dll.obj
 0001:00035047       ?Vid_GetModeInfo@@YA_NPAH0H@Z 00436047 f   vid_dll.obj
 0001:00035075       ?Vid_UpdateWindowPosAndSize@@YAXHH@Z 00436075 f   vid_dll.obj
 0001:000350dc       ?Vid_FreeReflib@@YAXXZ     004360dc f   vid_dll.obj
 0001:0003511b       ?Vid_CheckChanges@@YAXXZ   0043611b f   vid_dll.obj
 0001:0003552d       ?Vid_Init@@YAXXZ           0043652d f   vid_dll.obj
 0001:000355f0       ?Vid_Shutdown@@YAXXZ       004365f0 f   vid_dll.obj
 0001:0003561e       ?Vid_MenuInit@@YAXXZ       0043661e f   vid_menu.obj
 0001:00035e74       ?Vid_MenuDraw@@YAXXZ       00436e74 f   vid_menu.obj
 0001:00035f08       ?Vid_MenuKey@@YAPBDH@Z     00436f08 f   vid_menu.obj
 0001:00036273       ?Zip_OpenArchive@@YAPAU_iobuf@@PAD@Z 00437273 f   zip.obj
 0001:000362de       ?Zip_CloseArchive@@YAXPAU_iobuf@@@Z 004372de f   zip.obj
 0001:000362ea       ?Zip_EnumArchive@@YAHPAU_iobuf@@P6A_NPAUzip_file@@@Z@Z 004372ea f   zip.obj
 0001:000364cb       ?Zip_OpenFile@@YAPAUZFILE@@PAU_iobuf@@PAUzip_file@@@Z 004374cb f   zip.obj
 0001:000365da       ?Zip_ReadFile@@YAHPAUZFILE@@PAXH@Z 004375da f   zip.obj
 0001:000366d1       ?Zip_CloseFile@@YAHPAUZFILE@@@Z 004376d1 f   zip.obj
 0001:00036719       ?Zip_OpenBuf@@YAPAUZBUF@@PAXH@Z 00437719 f   zip.obj
 0001:0003676c       ?Zip_ReadBuf@@YAHPAUZBUF@@PAXH@Z 0043776c f   zip.obj
 0001:000367b4       ?Zip_CloseBuf@@YAXPAUZBUF@@@Z 004377b4 f   zip.obj
 0001:000367ca       ?GL_BackEnd@@YAXXZ         004377ca f   gl_backend.obj
 0001:00039e33       ?GL_InitBackend@@YAXXZ     0043ae33 f   gl_backend.obj
 0001:00039e76       ?GL_ShutdownBackend@@YAXXZ 0043ae76 f   gl_backend.obj
 0001:00039e8a       ?GL_AllocDynamicMemory@@YAPAXH@Z 0043ae8a f   gl_buffers.obj
 0001:00039eea       ?GL_ResizeDynamicMemory@@YAXPAXH@Z 0043aeea f   gl_buffers.obj
 0001:00039f35       ?GL_AddSurfaceToPortal@@YAXPAUsurfaceCommon_s@@PAUshader_s@@HH@Z 0043af35 f   gl_buffers.obj
 0001:00039f9e       ?GL_AddDynamicSurface@@YAPAUsurfaceCommon_s@@PAUshader_s@@H@Z 0043af9e f   gl_buffers.obj
 0001:00039fc6       ?GL_InsertShaderIndex@@YAXH@Z 0043afc6 f   gl_buffers.obj
 0001:00039ff9       ?GL_ClearPortal@@YAXXZ     0043aff9 f   gl_buffers.obj
 0001:0003a015       ?GL_FinishPortal@@YAXXZ    0043b015 f   gl_buffers.obj
 0001:0003a066       ?GL_SortSurfaces@@YAXPAUviewPortal_s@@PAPAUsurfaceInfo_s@@@Z 0043b066 f   gl_buffers.obj
 0001:0003a201       ?GL_ClearBuffers@@YAXXZ    0043b201 f   gl_buffers.obj
 0001:0003a218       ?GL_AddEntity@@YAXPAUentity_s@@@Z 0043b218 f   gl_frontend.obj
 0001:0003a68c       ?GL_AddDlight@@YAXPAUdlight_t@@@Z 0043b68c f   gl_frontend.obj
 0001:0003a844       ?GL_DrawPortal@@YAXXZ      0043b844 f   gl_frontend.obj
 0001:0003d365       ?GL_TextureMode@@YAXPAD@Z  0043e365 f   gl_image.obj
 0001:0003d40d       ?GL_CreateImage@@YAPAUimage_s@@PBDPAXHHH@Z 0043e40d f   gl_image.obj
 0001:0003e1df       ?GL_SetRawPalette@@YAXPBE@Z 0043f1df f   gl_image.obj
 0001:0003e210       ?GL_DrawStretchRaw8@@YAXHHHHHHPAE@Z 0043f210 f   gl_image.obj
 0001:0003e606       ?GL_SetupGamma@@YAXXZ      0043f606 f   gl_image.obj
 0001:0003e74b       ?GL_PerformScreenshot@@YAXXZ 0043f74b f   gl_image.obj
 0001:0003e9d3       ?GL_InitImages@@YAXXZ      0043f9d3 f   gl_image.obj
 0001:0003f09a       ?GL_ShutdownImages@@YAXXZ  0044009a f   gl_image.obj
 0001:0003f101       ?GL_LoadDelayedImages@@YAXXZ 00440101 f   gl_image.obj
 0001:0003f17e       ?GL_ShowImages@@YAXXZ      0044017e f   gl_image.obj
 0001:0003f406       ?GL_FindImage@@YAPAUimage_s@@PBDH@Z 00440406 f   gl_image.obj
 0001:0003f793       ?GL_Lock@@YAXXZ            00440793 f   gl_interface.obj
 0001:0003f823       ?GL_Unlock@@YAXXZ          00440823 f   gl_interface.obj
 0001:0003f9e5       ?GL_Bind@@YAXPAUimage_s@@@Z 004409e5 f   gl_interface.obj
 0001:0003fb0f       ?GL_BindForce@@YAXPAUimage_s@@@Z 00440b0f f   gl_interface.obj
 0001:0003fb8d       ?GL_TexEnv@@YAXI@Z         00440b8d f   gl_interface.obj
 0001:0003fd0c       ?GL_TexMipBias@@YAXM@Z     00440d0c f   gl_interface.obj
 0001:0003fd67       ?GL_TexEnvColor@@YAXPATcolor_t@@@Z 00440d67 f   gl_interface.obj
 0001:0003fe17       ?GL_SelectTexture@@YAXH@Z  00440e17 f   gl_interface.obj
 0001:0003fe78       ?GL_TexCoordPointer@@YAXPAX@Z 00440e78 f   gl_interface.obj
 0001:0003fea8       ?GL_SetMultitexture@@YAXH@Z 00440ea8 f   gl_interface.obj
 0001:0003ff9a       ?GL_DisableTexCoordArrays@@YAXXZ 00440f9a f   gl_interface.obj
 0001:0003fff3       ?GL_CullFace@@YAXW4gl_cullMode_t@@@Z 00440ff3 f   gl_interface.obj
 0001:00040044       ?GL_DepthRange@@YAXW4gl_depthMode_t@@@Z 00441044 f   gl_interface.obj
 0001:00040077       ?GL_State@@YAXI@Z          00441077 f   gl_interface.obj
 0001:000401d0       ?GL_EnableFog@@YAX_N@Z     004411d0 f   gl_interface.obj
 0001:000402c8       ?GL_SetDefaultState@@YAXXZ 004412c8 f   gl_interface.obj
 0001:00040416       ?GL_Set2DMode@@YAXXZ       00441416 f   gl_interface.obj
 0001:00040511       ?GL_Setup@@YAXPAUviewPortal_s@@@Z 00441511 f   gl_interface.obj
 0001:000405f9       ?GL_ShowLights@@YAXXZ      004415f9 f   gl_light.obj
 0001:00040a1e       ?GL_LightForEntity@@YAXPAUrefEntity_s@@@Z 00441a1e f   gl_light.obj
 0001:00041c98       ?GL_DiffuseLight@@YAXPATcolor_t@@M@Z 00442c98 f   gl_light.obj
 0001:00041e10       ?GL_InitLightGrid@@YAXXZ   00442e10 f   gl_light.obj
 0001:00041eac       ?GL_PostLoadLights@@YAXXZ  00442eac f   gl_light.obj
 0001:0004214a       ?LM_Init@@YAXXZ            0044314a f   gl_lightmap.obj
 0001:00042160       ?LM_Flush@@YAXPAUlightmapBlock_t@@@Z 00443160 f   gl_lightmap.obj
 0001:000421bd       ?LM_Done@@YAXXZ            004431bd f   gl_lightmap.obj
 0001:000421e4       ?LM_Save@@YAXPAUlightmapBlock_t@@@Z 004431e4 f   gl_lightmap.obj
 0001:000421fe       ?LM_Restore@@YAXPAUlightmapBlock_t@@@Z 004431fe f   gl_lightmap.obj
 0001:00042218       ?LM_NewBlock@@YAPAUlightmapBlock_t@@XZ 00443218 f   gl_lightmap.obj
 0001:00042292       ?LM_Rewind@@YAXXZ          00443292 f   gl_lightmap.obj
 0001:0004229a       ?LM_NextBlock@@YAPAUlightmapBlock_t@@XZ 0044329a f   gl_lightmap.obj
 0001:000422c7       ?LM_CheckMinlight@@YAXPAUdynamicLightmap_s@@@Z 004432c7 f   gl_lightmap.obj
 0001:0004235d       ?LM_AllocBlock@@YA_NPAUlightmapBlock_t@@PAUdynamicLightmap_s@@@Z 0044335d f   gl_lightmap.obj
 0001:00042414       ?LM_PutBlock@@YAXPAUdynamicLightmap_s@@@Z 00443414 f   gl_lightmap.obj
 0001:0004284e       ?LM_SortLightStyles@@YAXPAUdynamicLightmap_s@@@Z 0044384e f   gl_lightmap.obj
 0001:000428df       ?GL_UpdateDynamicLightmap@@YAXPAUshader_s@@PAUsurfacePlanar_s@@_NI@Z 004438df f   gl_lightmap.obj
 0001:00042dd7       ?LM_IsMonotone@@YA_NPAUdynamicLightmap_s@@PATcolor_t@@@Z 00443dd7 f   gl_lightmap.obj
 0001:00042ede       ?GL_EnableRendering@@YAX_N@Z 00443ede f   gl_main.obj
 0001:00042ef9       ?GL_DrawStretchPic@@YAXPAUshader_s@@HHHHMMMMI@Z 00443ef9 f   gl_main.obj
 0001:00042fbf       ?DrawTextLeft@@YAXPBDI@Z   00443fbf f   gl_main.obj
 0001:00043131       ?DrawTextRight@@YAXPBDI@Z  00444131 f   gl_main.obj
 0001:0004317b       ?DrawText3D@@YAXQAMPBDI@Z  0044417b f   gl_main.obj
 0001:000431a8       _GL_GetRefAPI              004441a8 f   gl_main.obj
 0001:00044a4d       ?GL_InitFuncTables@@YAXXZ  00445a4d f   gl_math.obj
 0001:00044bfe       ?ModelToWorldCoord@@YAXQAMPAUrefEntity_s@@0@Z 00445bfe f   gl_math.obj
 0001:00044c6f       ?WorldToModelCoord@@YAXQAMPAUrefEntity_s@@0@Z 00445c6f f   gl_math.obj
 0001:00044cb6       ?BuildRotationMatrix@@YAXQAY02MQAMM@Z 00445cb6 f   gl_math.obj
 0001:00044db0       ?GetBoxRect@@YA_NPAUrefEntity_s@@QAM11_N@Z 00445db0 f   gl_math.obj
 0001:00045121       ?ProjectToScreen@@YA_NQAMPAH@Z 00446121 f   gl_math.obj
 0001:00045264       ?SaturateColor3f@@YAXQAM@Z 00446264 f   gl_math.obj
 0001:00045354       ?SaturateColor4b@@YAXPATcolor_t@@@Z 00446354 f   gl_math.obj
 0001:00045462       ?GL_FindModel@@YAPAUmodel_s@@PBD@Z 00446462 f   gl_model.obj
 0001:000455dd       ?GL_LoadWorldMap@@YAXPBD@Z 004465dd f   gl_model.obj
 0001:00047187       ?GL_PointInLeaf@@YAPAUnode_s@@QAM@Z 00448187 f   gl_model.obj
 0001:00047e0f       ?ATAN2_FUNC@@YAMMM@Z       00448e0f f i gl_model.obj
 0001:00047fba       ?GL_FindSkin@@YAPAUshader_s@@PBD@Z 00448fba f   gl_model.obj
 0001:00048119       ?GL_ResetModels@@YAXXZ     00449119 f   gl_model.obj
 0001:000481ed       ?GL_InitModels@@YAXXZ      004491ed f   gl_model.obj
 0001:000482d8       ?GL_ShutdownModels@@YAXXZ  004492d8 f   gl_model.obj
 0001:000482ee       ?SubdividePlane@@YAHPAPAY02MHM@Z 004492ee f   gl_poly.obj
 0001:00048741       ?FreeSubdividedPlane@@YAXXZ 00449741 f   gl_poly.obj
 0001:00048759       ?GetSubdivideIndexes@@YAXPAH@Z 00449759 f   gl_poly.obj
 0001:000487ac       ?RemoveCollinearPoints@@YAHPAPAY02MH@Z 004497ac f   gl_poly.obj
 0001:000488c0       ?GetPolyArea@@YAMPAPAY02MH@Z 004498c0 f   gl_poly.obj
 0001:00048954       ?GL_InitShaders@@YAXXZ     00449954 f   gl_shader.obj
 0001:00048aa5       ?GL_ShutdownShaders@@YAXXZ 00449aa5 f   gl_shader.obj
 0001:00048acf       ?GL_SetShaderLightmap@@YAPAUshader_s@@PAU1@H@Z 00449acf f   gl_shader.obj
 0001:00048ed4       ?GL_SetShaderLightstyles@@YAPAUshader_s@@PAU1@H@Z 00449ed4 f   gl_shader.obj
 0001:00048f70       ?GL_GetAlphaShader@@YAPAUshader_s@@PAU1@@Z 00449f70 f   gl_shader.obj
 0001:0004922a       ?GL_FindShader@@YAPAUshader_s@@PBDH@Z 0044a22a f   gl_shader.obj
 0001:00049863       ?GL_GetShaderByNum@@YAPAUshader_s@@H@Z 0044a863 f   gl_shader.obj
 0001:00049881       ?GL_ResetShaders@@YAXXZ    0044a881 f   gl_shader.obj
 0001:00049d41       ?GL_ClearSkyBox@@YAXXZ     0044ad41 f   gl_sky.obj
 0001:00049d64       ?GL_SetSkyRotate@@YAXMQAM@Z 0044ad64 f   gl_sky.obj
 0001:00049d9c       ?GL_SkyVisible@@YA_NXZ     0044ad9c f   gl_sky.obj
 0001:00049db5       ?GL_AddSkySurface@@YAXPAUsurfacePlanar_s@@QAME@Z 0044adb5 f   gl_sky.obj
 0001:0004a3e1       ?GL_TesselateSkySide@@YAHHPAUbufVertex_t@@PAUbufTexCoord_t@@M@Z 0044b3e1 f   gl_sky.obj
 0001:0004a6b3       ?GLimp_SetMode@@YA?AW4rserr_t@@PAI0H_N@Z 0044b6b3 f   glw_imp.obj
 0001:0004a954       ?GLimp_HasGamma@@YA_NXZ    0044b954 f   glw_imp.obj
 0001:0004a968       ?GLimp_SetGamma@@YAXM@Z    0044b968 f   glw_imp.obj
 0001:0004ab01       ?GLimp_Init@@YAHXZ         0044bb01 f   glw_imp.obj
 0001:0004ae4c       ?GLimp_Shutdown@@YAXXZ     0044be4c f   glw_imp.obj
 0001:0004aef4       ?GLimp_EndFrame@@YAXXZ     0044bef4 f   glw_imp.obj
 0001:0004af78       ?GLimp_AppActivate@@YAX_N@Z 0044bf78 f   glw_imp.obj
 0001:0004c652       ?QGL_Shutdown@@YAXXZ       0044d652 f   qgl_win.obj
 0001:0004c696       ?QGL_Init@@YA_NPBD@Z       0044d696 f   qgl_win.obj
 0001:0004c719       ?QGL_InitExtensions@@YAXXZ 0044d719 f   qgl_win.obj
 0001:0004cbfb       ?QGL_PrintExtensionsString@@YAXPBD00@Z 0044dbfb f   qgl_win.obj
 0001:0004cd4b       ?QGL_EnableLogging@@YAX_N@Z 0044dd4b f   qgl_win.obj
 0001:0004ce02       ?QGL_LogMessage@@YAXPBD@Z  0044de02 f   qgl_win.obj
 0001:0004ce19       ?Hunk_Begin@@YAPAXH@Z      0044de19 f   q_shwin.obj
 0001:0004ce53       ?Hunk_Alloc@@YAPAXH@Z      0044de53 f   q_shwin.obj
 0001:0004ceda       ?Hunk_End@@YAHXZ           0044deda f   q_shwin.obj
 0001:0004cee0       ?Hunk_Free@@YAXPAX@Z       0044dee0 f   q_shwin.obj
 0001:0004cef9       ?Sys_Milliseconds@@YAHXZ   0044def9 f   q_shwin.obj
 0001:0004cf2a       ?Sys_Mkdir@@YAXPAD@Z       0044df2a f   q_shwin.obj
 0001:0004cf36       ?Sys_FindFirst@@YAPADPADH@Z 0044df36 f   q_shwin.obj
 0001:0004cfb4       ?Sys_FindNext@@YAPADXZ     0044dfb4 f   q_shwin.obj
 0001:0004d029       ?Sys_FindClose@@YAXXZ      0044e029 f   q_shwin.obj
 0001:0004d043       ?R_Alias_clip_z@@YAXPAUfinalvert_s@@00@Z 0044e043 f   r_aclip.obj
 0001:0004d105       ?R_Alias_clip_left@@YAXPAUfinalvert_s@@00@Z 0044e105 f   r_aclip.obj
 0001:0004d311       ?R_Alias_clip_right@@YAXPAUfinalvert_s@@00@Z 0044e311 f   r_aclip.obj
 0001:0004d51d       ?R_Alias_clip_top@@YAXPAUfinalvert_s@@00@Z 0044e51d f   r_aclip.obj
 0001:0004d731       ?R_Alias_clip_bottom@@YAXPAUfinalvert_s@@00@Z 0044e731 f   r_aclip.obj
 0001:0004d945       ?R_AliasClip@@YAHPAUfinalvert_s@@0HHP6AX000@Z@Z 0044e945 f   r_aclip.obj
 0001:0004da15       ?R_AliasClipTriangle@@YAXPAUfinalvert_s@@00@Z 0044ea15 f   r_aclip.obj
 0001:0004dc07       ?R_AliasCheckFrameBBox@@YAKPAUdAliasFrame_t@@QAY03M@Z 0044ec07 f   r_alias.obj
 0001:0004dd36       ?R_AliasCheckBBox@@YAHXZ   0044ed36 f   r_alias.obj
 0001:0004dd9a       ?R_AliasTransformVector@@YAXQAM0QAY03M@Z 0044ed9a f   r_alias.obj
 0001:0004ddf6       ?R_AliasPreparePoints@@YAXXZ 0044edf6 f   r_alias.obj
 0001:0004e08e       ?R_AliasSetUpTransform@@YAXXZ 0044f08e f   r_alias.obj
 0001:0004e351       ?R_AliasTransformFinalVerts@@YAXHPAUfinalvert_s@@PAUdTriVertx_t@@1@Z 0044f351 f   r_alias.obj
 0001:0004e520       ?R_AliasProjectAndClipTestFinalVert@@YAXPAUfinalvert_s@@@Z 0044f520 f   r_alias.obj
 0001:0004e5cf       ?R_AliasSetupLighting@@YAXXZ 0044f5cf f   r_alias.obj
 0001:0004e739       ?R_AliasSetupFrames@@YAXPAUdmdl_t@@@Z 0044f739 f   r_alias.obj
 0001:0004e7ad       ?R_AliasSetUpLerpData@@YAXPAUdmdl_t@@M@Z 0044f7ad f   r_alias.obj
 0001:0004e8d5       ?R_AliasDrawModel@@YAXXZ   0044f8d5 f   r_alias.obj
 0001:0004eb6a       ?R_EntityRotate@@YAXQAM@Z  0044fb6a f   r_bsp.obj
 0001:0004ebe6       ?R_RotateBmodel@@YAXXZ     0044fbe6 f   r_bsp.obj
 0001:0004ed41       ?R_RecursiveClipBPoly@@YAXPAUbedge_s@@PAUmnode_s@@PAUmsurface_s@@@Z 0044fd41 f   r_bsp.obj
 0001:0004f071       ?R_DrawSolidClippedSubmodelPolygons@@YAXPAUmodel_s@@PAUmnode_s@@@Z 00450071 f   r_bsp.obj
 0001:0004f1f8       ?R_DrawSubmodelPolygons@@YAXPAUmodel_s@@HPAUmnode_s@@@Z 004501f8 f   r_bsp.obj
 0001:0004f288       ?R_RecursiveWorldNode@@YAXPAUmnode_s@@H@Z 00450288 f   r_bsp.obj
 0001:0004f4ba       ?R_RenderWorld@@YAXXZ      004504ba f   r_bsp.obj
 0001:0004f52a       ?Draw_FindPic@@YAPAUimage_s@@PBD@Z 0045052a f   r_draw.obj
 0001:0004f5c6       ?Draw_InitLocal@@YAXXZ     004505c6 f   r_draw.obj
 0001:0004f5d7       ?Draw_Char@@YAXHHH@Z       004505d7 f   r_draw.obj
 0001:0004f722       ?Draw_CharColor@@YAXHHHH@Z 00450722 f   r_draw.obj
 0001:0004f899       ?R_DrawTexts@@YAXXZ        00450899 f   r_draw.obj
 0001:0004f95d       ?DrawText_Pos@@YAXHHPBDI@Z 0045095d f   r_draw.obj
 0001:0004fa35       ?DrawText_Left@@YAXPBDI@Z  00450a35 f   r_draw.obj
 0001:0004fa5d       ?DrawText_Right@@YAXPBDI@Z 00450a5d f   r_draw.obj
 0001:0004fa99       ?Draw_GetPicSize@@YAXPAH0PBD@Z 00450a99 f   r_draw.obj
 0001:0004fad9       ?Draw_StretchPicImplementation@@YAXHHHHPAUimage_s@@@Z 00450ad9 f   r_draw.obj
 0001:0004fc00       ?Draw_StretchPic@@YAXHHHHPBD@Z 00450c00 f   r_draw.obj
 0001:0004fc94       ?Draw_StretchRaw8@@YAXHHHHHHPAE@Z 00450c94 f   r_draw.obj
 0001:0004fd0e       ?Draw_Pic@@YAXHHPBD@Z      00450d0e f   r_draw.obj
 0001:0004ff22       ?Draw_PicColor@@YAXHHPBDH@Z 00450f22 f   r_draw.obj
 0001:000500db       ?Draw_TileClear@@YAXHHHHPBD@Z 004510db f   r_draw.obj
 0001:000501fa       ?Draw_Fill@@YAXHHHHH@Z     004511fa f   r_draw.obj
 0001:000502e0       ?Draw_Fade@@YAXHHHHH@Z     004512e0 f   r_draw.obj
 0001:000503a1       ?R_BeginEdgeFrame@@YAXXZ   004513a1 f   r_edge.obj
 0001:0005045d       ?R_InsertNewEdges@@YAXPAUedge_s@@0@Z 0045145d f   r_edge.obj
 0001:000504a3       ?R_RemoveEdges@@YAXPAUedge_s@@@Z 004514a3 f   r_edge.obj
 0001:000504c1       ?R_StepActiveU@@YAXPAUedge_s@@@Z 004514c1 f   r_edge.obj
 0001:00050555       ?R_CleanupSpan@@YAXXZ      00451555 f   r_edge.obj
 0001:000505a5       ?R_LeadingEdgeBackwards@@YAXPAUedge_s@@@Z 004515a5 f   r_edge.obj
 0001:0005063a       ?R_TrailingEdge@@YAXPAUsurf_s@@PAUedge_s@@@Z 0045163a f   r_edge.obj
 0001:0005069e       ?R_LeadingEdge@@YAXPAUedge_s@@@Z 0045169e f   r_edge.obj
 0001:00050841       ?R_GenerateSpans@@YAXXZ    00451841 f   r_edge.obj
 0001:000508af       ?R_GenerateSpansBackward@@YAXXZ 004518af f   r_edge.obj
 0001:0005091d       ?R_ScanEdges@@YAXXZ        0045191d f   r_edge.obj
 0001:00050af4       ?D_FlatFillSurface@@YAXPAUsurf_s@@H@Z 00451af4 f   r_edge.obj
 0001:00050b4e       ?D_CalcGradients@@YAXPAUmsurface_s@@@Z 00451b4e f   r_edge.obj
 0001:00050dae       ?D_BackgroundSurf@@YAXPAUsurf_s@@@Z 00451dae f   r_edge.obj
 0001:00050dee       ?D_TurbulentSurf@@YAXPAUsurf_s@@@Z 00451dee f   r_edge.obj
 0001:00050efd       ?D_SkySurf@@YAXPAUsurf_s@@@Z 00451efd f   r_edge.obj
 0001:00050f7e       ?D_SolidSurf@@YAXPAUsurf_s@@@Z 00451f7e f   r_edge.obj
 0001:000510d6       ?D_DrawflatSurfaces@@YAXXZ 004520d6 f   r_edge.obj
 0001:00051126       ?D_DrawSurfaces@@YAXXZ     00452126 f   r_edge.obj
 0001:0005121f       ?R_ImageList_f@@YAXXZ      0045221f f   r_image.obj
 0001:000512e0       ?R_FindFreeImage@@YAPAUimage_s@@XZ 004522e0 f   r_image.obj
 0001:0005132b       ?R_LoadPic@@YAPAUimage_s@@PADPAEHHW4imagetype_t@@@Z 0045232b f   r_image.obj
 0001:000513b5       ?R_LoadTex@@YAPAUimage_s@@PADPAEHH@Z 004523b5 f   r_image.obj
 0001:00051441       ?R_LoadWal@@YAPAUimage_s@@PAD@Z 00452441 f   r_image.obj
 0001:0005148d       ?R_MipMap@@YAXPAE0HH@Z     0045248d f   r_image.obj
 0001:000515bb       ?R_DownsampleImage@@YAXPAPAEHH_N@Z 004525bb f   r_image.obj
 0001:000516c0       ?R_FindImage@@YAPAUimage_s@@PBDW4imagetype_t@@@Z 004526c0 f   r_image.obj
 0001:00051a65       ?R_FreeUnusedImages@@YAXXZ 00452a65 f   r_image.obj
 0001:00051ac5       ?R_InitImages@@YAXXZ       00452ac5 f   r_image.obj
 0001:00051b29       ?R_ShutdownImages@@YAXXZ   00452b29 f   r_image.obj
 0001:00051b66       ?R_MarkLights@@YAXPAUdlight_t@@HPAUmnode_s@@@Z 00452b66 f   r_light.obj
 0001:00051c2c       ?R_PushDlights@@YAXPAUmodel_s@@@Z 00452c2c f   r_light.obj
 0001:00051c8a       ?R_LightPoint@@YAXQAM0@Z   00452c8a f   r_light.obj
 0001:00052055       ?R_AddDynamicLights@@YAXXZ 00453055 f   r_light.obj
 0001:000522f2       ?R_BuildLightMap@@YAXXZ    004532f2 f   r_light.obj
 0001:000523e8       ?R_InitTextures@@YAXXZ     004533e8 f   r_main.obj
 0001:000524a9       ?R_InitTurb@@YAXXZ         004534a9 f   r_main.obj
 0001:00052526       ?R_Register@@YAXXZ         00453526 f   r_main.obj
 0001:0005258f       ?R_Init@@YAHXZ             0045358f f   r_main.obj
 0001:00052676       ?R_Shutdown@@YAXXZ         00453676 f   r_main.obj
 0001:00052737       ?R_NewMap@@YAXXZ           00453737 f   r_main.obj
 0001:000527de       ?R_MarkLeaves@@YAXXZ       004537de f   r_main.obj
 0001:00052905       ?R_DrawEntitiesOnList@@YAXXZ 00453905 f   r_main.obj
 0001:00052aac       ?R_BmodelCheckBBox@@YAHPAM@Z 00453aac f   r_main.obj
 0001:00052b5e       ?R_FindTopnode@@YAPAUmnode_s@@QAM0@Z 00453b5e f   r_main.obj
 0001:00052bb3       ?RotatedBBox@@YAXQAM0000@Z 00453bb3 f   r_main.obj
 0001:00052d15       ?R_DrawBEntitiesOnList@@YAXXZ 00453d15 f   r_main.obj
 0001:00052f13       ?R_EdgeDrawing@@YAXXZ      00453f13 f   r_main.obj
 0001:00052ff2       ?R_CalcPalette@@YAXXZ      00453ff2 f   r_main.obj
 0001:000530f4       ?R_SetLightLevel@@YAXXZ    004540f4 f   r_main.obj
 0001:00053144       ?R_RenderFrame@@YAXPAUrefdef_t@@@Z 00454144 f   r_main.obj
 0001:0005336f       ?R_InitGraphics@@YAXHH@Z   0045436f f   r_main.obj
 0001:000533e5       ?R_BeginFrame@@YAXM@Z      004543e5 f   r_main.obj
 0001:00053585       ?R_GammaCorrectAndSetPalette@@YAXPBE@Z 00454585 f   r_main.obj
 0001:000535e4       ?R_CinematicSetPalette@@YAXPBE@Z 004545e4 f   r_main.obj
 0001:0005367b       ?Draw_BuildGammaTable@@YAXXZ 0045467b f   r_main.obj
 0001:0005378c       ?R_DrawBeam@@YAXPAUbeam_s@@@Z 0045478c f   r_main.obj
 0001:000538e1       ?Draw_GetPalette@@YAXXZ    004548e1 f   r_main.obj
 0001:00053a27       ?Draw_ConCharColor@@YAXHHHH@Z 00454a27 f   r_main.obj
 0001:00053a48       _GetRefAPI                 00454a48 f   r_main.obj
 0001:00053d19       ?D_ViewChanged@@YAXXZ      00454d19 f   r_misc.obj
 0001:00053e8c       ?R_PrintTimes@@YAXXZ       00454e8c f   r_misc.obj
 0001:00053ef4       ?R_PrintDSpeeds@@YAXXZ     00454ef4 f   r_misc.obj
 0001:00053fa9       ?R_PrintAliasStats@@YAXXZ  00454fa9 f   r_misc.obj
 0001:00053fbc       ?R_TransformFrustum@@YAXXZ 00454fbc f   r_misc.obj
 0001:0005407a       ?TransformVector@@YAXQAM0@Z 0045507a f   r_misc.obj
 0001:000540e5       ?R_SetUpFrustumIndexes@@YAXXZ 004550e5 f   r_misc.obj
 0001:0005414a       ?R_ViewChanged@@YAXPAUvrect_s@@@Z 0045514a f   r_misc.obj
 0001:00054493       ?R_SetupFrame@@YAXXZ       00455493 f   r_misc.obj
 0001:0005466e       ?WritePCXfile@@YAXPADPAEHHH1@Z 0045566e f   r_misc.obj
 0001:00054790       ?R_ScreenShot@@YAXXZ       00455790 f   r_misc.obj
 0001:0005489f       ?Mod_Modellist_f@@YAXXZ    0045589f f   r_model.obj
 0001:000548fd       ?Mod_Init@@YAXXZ           004558fd f   r_model.obj
 0001:00054915       ?Mod_ForName@@YAPAUmodel_s@@PBD_N@Z 00455915 f   r_model.obj
 0001:00054b34       ?Mod_PointInLeaf@@YAPAUmleaf_s@@PAMPAUmodel_s@@@Z 00455b34 f   r_model.obj
 0001:00054b93       ?Mod_DecompressVis@@YAPAEPAEPAUmodel_s@@@Z 00455b93 f   r_model.obj
 0001:00054c13       ?Mod_ClusterPVS@@YAPAEHPAUmodel_s@@@Z 00455c13 f   r_model.obj
 0001:00054c40       ?Mod_LoadLighting@@YAXPAEH@Z 00455c40 f   r_model.obj
 0001:00054cbf       ?R_NumberLeafs@@YAXPAUmnode_s@@@Z 00455cbf f   r_model.obj
 0001:00054d0d       ?Mod_LoadVertexes@@YAXPAUdvertex_t@@H@Z 00455d0d f   r_model.obj
 0001:00054d4f       ?Mod_LoadEdges@@YAXPAUdedge_t@@H@Z 00455d4f f   r_model.obj
 0001:00054d9d       ?Mod_LoadTexinfo@@YAXPAUtexinfo_s@@H@Z 00455d9d f   r_model.obj
 0001:00054f05       ?CalcSurfaceExtents@@YAXPAUmsurface_s@@@Z 00455f05 f   r_model.obj
 0001:00055083       ?Mod_LoadFaces@@YAXPAUdface_t@@H@Z 00456083 f   r_model.obj
 0001:000551e4       ?Mod_SetParent@@YAXPAUmnode_s@@0@Z 004561e4 f   r_model.obj
 0001:00055209       ?Mod_LoadNodes@@YAXPAUdnode_t@@H@Z 00456209 f   r_model.obj
 0001:000552ff       ?Mod_LoadLeafs@@YAXPAUdleaf_t@@H@Z 004562ff f   r_model.obj
 0001:000553a8       ?Mod_LoadMarksurfaces@@YAXPAGH@Z 004563a8 f   r_model.obj
 0001:00055421       ?Mod_LoadSurfedges@@YAXPAHH@Z 00456421 f   r_model.obj
 0001:00055460       ?Mod_LoadPlanes@@YAXPAUdplane_t@@H@Z 00456460 f   r_model.obj
 0001:000554cf       ?Mod_LoadBrushModel@@YAXPAUmodel_s@@PAUbspfile_t@@@Z 004564cf f   r_model.obj
 0001:000556ae       ?Mod_LoadAliasModel@@YAXPAUmodel_s@@PAX@Z 004566ae f   r_model.obj
 0001:00055916       ?Mod_LoadSpriteModel@@YAXPAUmodel_s@@PAX@Z 00456916 f   r_model.obj
 0001:000559f9       ?R_BeginRegistration@@YAXPBD@Z 004569f9 f   r_model.obj
 0001:00055a89       ?R_RegisterModel@@YAPAUmodel_s@@PBD@Z 00456a89 f   r_model.obj
 0001:00055b81       ?R_EndRegistration@@YAXXZ  00456b81 f   r_model.obj
 0001:00055bec       ?Mod_FreeAll@@YAXXZ        00456bec f   r_model.obj
 0001:00055c31       ?R_DrawParticle@@YAXXZ     00456c31 f   r_part.obj
 0001:00055ecb       ?R_DrawParticles@@YAXXZ    00456ecb f   r_part.obj
 0001:00055f73       ?R_DrawSpanletOpaque@@YAXXZ 00456f73 f   r_poly.obj
 0001:00056003       ?R_DrawSpanletTurbulentStipple33@@YAXXZ 00457003 f   r_poly.obj
 0001:0005612e       ?R_DrawSpanletTurbulentStipple66@@YAXXZ 0045712e f   r_poly.obj
 0001:0005630f       ?R_DrawSpanletTurbulentBlended66@@YAXXZ 0045730f f   r_poly.obj
 0001:000563c4       ?R_DrawSpanletTurbulentBlended33@@YAXXZ 004573c4 f   r_poly.obj
 0001:00056479       ?R_DrawSpanlet33@@YAXXZ    00457479 f   r_poly.obj
 0001:00056513       ?R_DrawSpanletConstant33@@YAXXZ 00457513 f   r_poly.obj
 0001:0005656c       ?R_DrawSpanlet66@@YAXXZ    0045756c f   r_poly.obj
 0001:0005660a       ?R_DrawSpanlet33Stipple@@YAXXZ 0045760a f   r_poly.obj
 0001:00056725       ?R_DrawSpanlet66Stipple@@YAXXZ 00457725 f   r_poly.obj
 0001:000568b6       ?R_ClipPolyFace@@YAHHPAUclipplane_s@@@Z 004578b6 f   r_poly.obj
 0001:00056a27       ?R_PolygonDrawSpans@@YAXPAUespan_s@@H@Z 00457a27 f   r_poly.obj
 0001:00056e26       ?R_PolygonScanLeftEdge@@YAXXZ 00457e26 f   r_poly.obj
 0001:00056f8a       ?R_PolygonScanRightEdge@@YAXXZ 00457f8a f   r_poly.obj
 0001:00057194       ?R_ClipAndDrawPoly@@YAXMH_N@Z 00458194 f   r_poly.obj
 0001:00057396       ?R_BuildPolygonFromSurface@@YAXPAUmsurface_s@@@Z 00458396 f   r_poly.obj
 0001:0005758c       ?R_PolygonCalculateGradients@@YAXXZ 0045858c f   r_poly.obj
 0001:0005785f       ?R_DrawAlphaSurfaces@@YAXXZ 0045885f f   r_poly.obj
 0001:000578f5       ?R_IMFlatShadedQuad@@YAXQAM000HM@Z 004588f5 f   r_poly.obj
 0001:00057a23       ?R_InitAdivtab@@YAXXZ      00458a23 f   r_polyse.obj
 0001:00057a8f       ?R_PolysetUpdateTables@@YAXXZ 00458a8f f   r_polyse.obj
 0001:00057aca       ?R_DrawTriangle@@YAXXZ     00458aca f   r_polyse.obj
 0001:00057bdb       ?R_PolysetScanLeftEdge_C@@YAXH@Z 00458bdb f   r_polyse.obj
 0001:00057da5       ?FloorDivMod@@YAXMMPAH0@Z  00458da5 f   r_polyse.obj
 0001:00057e3f       ?R_PolysetSetUpForLineScan@@YAXHHHH@Z 00458e3f f   r_polyse.obj
 0001:00057ecd       ?R_PolysetCalcGradients@@YAXH@Z 00458ecd f   r_polyse.obj
 0001:00058140       ?R_PolysetDrawSpans8_33@@YAXPAUspanpackage_s@@@Z 00459140 f   r_polyse.obj
 0001:00058270       ?R_PolysetDrawSpansConstant8_33@@YAXPAUspanpackage_s@@@Z 00459270 f   r_polyse.obj
 0001:0005830a       ?R_PolysetDrawSpans8_66@@YAXPAUspanpackage_s@@@Z 0045930a f   r_polyse.obj
 0001:00058446       ?R_PolysetDrawSpansConstant8_66@@YAXPAUspanpackage_s@@@Z 00459446 f   r_polyse.obj
 0001:000584ee       ?R_PolysetDrawSpans8_Opaque@@YAXPAUspanpackage_s@@@Z 004594ee f   r_polyse.obj
 0001:00058639       ?R_RasterizeAliasPolySmooth@@YAXXZ 00459639 f   r_polyse.obj
 0001:00058c19       ?R_PolysetSetEdgeTable@@YAXXZ 00459c19 f   r_polyse.obj
 0001:00058cb4       ?R_InitSkyBox@@YAXXZ       00459cb4 f   r_rast.obj
 0001:00058f1d       ?R_EmitSkyBox@@YAXXZ       00459f1d f   r_rast.obj
 0001:00059032       ?R_EmitEdge@@YAXPAUmvertex_t@@0@Z 0045a032 f   r_rast.obj
 0001:00059406       ?R_ClipEdge@@YAXPAUmvertex_t@@0PAUclipplane_s@@@Z 0045a406 f   r_rast.obj
 0001:000595a8       ?R_EmitCachedEdge@@YAXXZ   0045a5a8 f   r_rast.obj
 0001:000595ff       ?R_RenderFace@@YAXPAUmsurface_s@@H@Z 0045a5ff f   r_rast.obj
 0001:000599c6       ?R_RenderBmodelFace@@YAXPAUbedge_s@@PAUmsurface_s@@@Z 0045a9c6 f   r_rast.obj
 0001:00059c23       ?D_WarpScreen@@YAXXZ       0045ac23 f   r_scan.obj
 0001:00059de5       ?D_DrawTurbulent8Span@@YAXXZ 0045ade5 f   r_scan.obj
 0001:00059e69       ?Turbulent8@@YAXPAUespan_s@@@Z 0045ae69 f   r_scan.obj
 0001:0005a1c5       ?NonTurbulent8@@YAXPAUespan_s@@@Z 0045b1c5 f   r_scan.obj
 0001:0005a4ff       ?D_DrawSpans16@@YAXPAUespan_s@@@Z 0045b4ff f   r_scan.obj
 0001:0005a81c       ?D_DrawZSpans@@YAXPAUespan_s@@@Z 0045b81c f   r_scan.obj
 0001:0005a8ec       ?R_DrawSprite@@YAXXZ       0045b8ec f   r_sprite.obj
 0001:0005ab76       ?R_TextureAnimation@@YAPAUimage_s@@PAUmtexinfo_s@@@Z 0045bb76 f   r_surf.obj
 0001:0005ab9a       ?R_DrawSurface@@YAXXZ      0045bb9a f   r_surf.obj
 0001:0005acff       ?R_DrawSurfaceBlock8_mip0@@YAXXZ 0045bcff f   r_surf.obj
 0001:0005adfe       ?R_DrawSurfaceBlock8_mip1@@YAXXZ 0045bdfe f   r_surf.obj
 0001:0005aefd       ?R_DrawSurfaceBlock8_mip2@@YAXXZ 0045befd f   r_surf.obj
 0001:0005affc       ?R_DrawSurfaceBlock8_mip3@@YAXXZ 0045bffc f   r_surf.obj
 0001:0005b0f8       ?R_InitCaches@@YAXXZ       0045c0f8 f   r_surf.obj
 0001:0005b179       ?D_FlushCaches@@YAXXZ      0045c179 f   r_surf.obj
 0001:0005b1be       ?D_SCAlloc@@YAPAUsurfcache_s@@HH@Z 0045c1be f   r_surf.obj
 0001:0005b344       ?D_CacheSurface@@YAPAUsurfcache_s@@PAUmsurface_s@@H@Z 0045c344 f   r_surf.obj
 0001:0005b4b9       ?DDRAW_Init@@YA_NPAPAEPAH@Z 0045c4b9 f   rw_ddraw.obj
 0001:0005b8dd       ?DDRAW_SetPalette@@YAXPBE@Z 0045c8dd f   rw_ddraw.obj
 0001:0005b946       ?DDRAW_Shutdown@@YAXXZ     0045c946 f   rw_ddraw.obj
 0001:0005ba6c       ?DIB_Init@@YA_NPAPAEPAH@Z  0045ca6c f   rw_dib.obj
 0001:0005bc66       ?DIB_SetPalette@@YAXPBE@Z  0045cc66 f   rw_dib.obj
 0001:0005be8a       ?DIB_Shutdown@@YAXXZ       0045ce8a f   rw_dib.obj
 0001:0005bf83       ?SWimp_Init@@YAHXZ         0045cf83 f   rw_imp.obj
 0001:0005bf87       ?SWimp_EndFrame@@YAXXZ     0045cf87 f   rw_imp.obj
 0001:0005c0e9       ?SWimp_SetMode@@YA?AW4rserr_t@@PAH0H_N@Z 0045d0e9 f   rw_imp.obj
 0001:0005c219       ?SWimp_SetPalette@@YAXPBE@Z 0045d219 f   rw_imp.obj
 0001:0005c23e       ?SWimp_Shutdown@@YAXXZ     0045d23e f   rw_imp.obj
 0001:0005c285       ?SWimp_AppActivate@@YAX_N@Z 0045d285 f   rw_imp.obj
 0001:0005c330       _jpeg_CreateDecompress     0045d330 f   lib:jdapimin.obj
 0001:0005c3f0       _jpeg_destroy_decompress   0045d3f0 f   lib:jdapimin.obj
 0001:0005c3f0       _jpeg_destroy_compress     0045d3f0 f   lib:jdapimin.obj
 0001:0005c3fb       _jpeg_read_header          0045d3fb f   lib:jdapimin.obj
 0001:0005c45d       _jpeg_consume_input        0045d45d f   lib:jdapimin.obj
 0001:0005c6ac       _jpeg_finish_decompress    0045d6ac f   lib:jdapimin.obj
 0001:0005c743       _jpeg_start_decompress     0045d743 f   lib:jdapistd.obj
 0001:0005c8b0       _jpeg_read_scanlines       0045d8b0 f   lib:jdapistd.obj
 0001:0005c934       _jpeg_resync_to_restart    0045d934 f   lib:jdmarker.obj
 0001:0005caf9       _jinit_marker_reader       0045daf9 f   lib:jdmarker.obj
 0001:0005dfc4       _jpeg_CreateCompress       0045efc4 f   lib:jcapimin.obj
 0001:0005e078       _jpeg_suppress_tables      0045f078 f   lib:jcapimin.obj
 0001:0005e0c2       _jpeg_finish_compress      0045f0c2 f   lib:jcapimin.obj
 0001:0005e1ac       _jpeg_start_compress       0045f1ac f   lib:jcapistd.obj
 0001:0005e218       _jpeg_write_scanlines      0045f218 f   lib:jcapistd.obj
 0001:0005e2c3       _jpeg_add_quant_table      0045f2c3 f   lib:jcparam.obj
 0001:0005e375       _jpeg_quality_scaling      0045f375 f   lib:jcparam.obj
 0001:0005e39c       _jpeg_set_quality          0045f39c f   lib:jcparam.obj
 0001:0005e3d6       _jpeg_set_defaults         0045f3d6 f   lib:jcparam.obj
 0001:0005e59c       _jpeg_default_colorspace   0045f59c f   lib:jcparam.obj
 0001:0005e5ec       _jpeg_set_colorspace       0045f5ec f   lib:jcparam.obj
 0001:0005e907       _jpeg_stdio_dest           0045f907 f   lib:jdatadst.obj
 0001:0005eb06       _crc32                     0045fb06 f   lib:crc32.obj
 0001:0005eda0       _inflateReset              0045fda0 f   lib:inflate.obj
 0001:0005ede7       _inflateInit2_             0045fde7 f   lib:inflate.obj
 0001:0005eea0       _inflate                   0045fea0 f   lib:inflate.obj
 0001:0006016f       _inflateEnd                0046116f f   lib:inflate.obj
 0001:000601ad       _jinit_input_controller    004611ad f   lib:jdinput.obj
 0001:00060690       _jinit_memory_mgr          00461690 f   lib:jmemmgr.obj
 0001:00061224       _jpeg_abort                00462224 f   lib:jcomapi.obj
 0001:00061257       _jpeg_destroy              00462257 f   lib:jcomapi.obj
 0001:00061272       _jpeg_alloc_quant_table    00462272 f   lib:jcomapi.obj
 0001:0006128e       _jpeg_alloc_huff_table     0046228e f   lib:jcomapi.obj
 0001:000612aa       _jpeg_calc_output_dimensions 004622aa f   lib:jdmaster.obj
 0001:000613aa       _jinit_master_decompress   004623aa f   lib:jdmaster.obj
 0001:00061700       _jdiv_round_up             00462700 f   lib:jutils.obj
 0001:00061710       _jround_up                 00462710 f   lib:jutils.obj
 0001:00061728       _jcopy_sample_rows         00462728 f   lib:jutils.obj
[...]
 0001:0006d2a6       _start_input_pass          0046e2a6 f   lib:jddiffct.obj
 0001:0006d30e       _start_iMCU_row            0046e30e f   lib:jddiffct.obj
 0001:0006d353       _start_output_pass         0046e353 f   lib:jddiffct.obj
 0001:0006d35f       _decompress_data           0046e35f f   lib:jddiffct.obj
 0001:0006d4cf       _process_restart           0046e4cf f   lib:jddiffct.obj
 0001:00035500       _dummy_consume_data        00436500 f   vid_dll.obj
 0001:0006d504       _consume_data              0046e504 f   lib:jddiffct.obj
 0001:0006d57b       _output_data               0046e57b f   lib:jddiffct.obj
 0001:0006d002       _start_pass                0046e002 f   lib:jddctmgr.obj
 0001:0006c454       _start_pass_phuff_decoder  0046d454 f   lib:jdphuff.obj
 0001:0006c69d       _decode_mcu_DC_first       0046d69d f   lib:jdphuff.obj
 0001:0006c895       _process_restart           0046d895 f   lib:jdphuff.obj
 0001:0006c904       _decode_mcu_AC_first       0046d904 f   lib:jdphuff.obj
 0001:0006cb24       _decode_mcu_DC_refine      0046db24 f   lib:jdphuff.obj
 0001:0006cbf9       _decode_mcu_AC_refine      0046dbf9 f   lib:jdphuff.obj
 0001:0006be9b       _start_pass_huff_decoder   0046ce9b f   lib:jdshuff.obj
 0001:0006bfd3       _decode_mcu                0046cfd3 f   lib:jdshuff.obj
 0001:0006c383       _process_restart           0046d383 f   lib:jdshuff.obj
 0001:0006b284       _start_input_pass          0046c284 f   lib:jdcoefct.obj
 0001:0006b297       _start_iMCU_row            0046c297 f   lib:jdcoefct.obj
 0001:0006b2dc       _start_output_pass         0046c2dc f   lib:jdcoefct.obj
 0001:0006b319       _decompress_onepass        0046c319 f   lib:jdcoefct.obj
 0001:00035500       _dummy_consume_data        00436500 f   vid_dll.obj
 0001:0006b4f2       _consume_data              0046c4f2 f   lib:jdcoefct.obj
 0001:0006b6ab       _decompress_data           0046c6ab f   lib:jdcoefct.obj
 0001:0006b817       _smoothing_ok              0046c817 f   lib:jdcoefct.obj
 0001:0006b902       _decompress_smooth_data    0046c902 f   lib:jdcoefct.obj
 0001:0006b11d       _scaler_start_pass         0046c11d f   lib:jcscale.obj
 0001:0006b140       _simple_downscale          0046c140 f   lib:jcscale.obj
 0001:0006b16c       _noscale                   0046c16c f   lib:jcscale.obj
 0001:0006ac15       _start_pass                0046bc15 f   lib:jcpred.obj
 0001:0006ac6d       _reset_predictor           0046bc6d f   lib:jcpred.obj
 0001:0006ac9a       _jpeg_difference_first_row 0046bc9a f   lib:jcpred.obj
 0001:0006ad84       _jpeg_difference1          0046bd84 f   lib:jcpred.obj
 0001:0006adf2       _jpeg_difference2          0046bdf2 f   lib:jcpred.obj
 0001:0006ae63       _jpeg_difference3          0046be63 f   lib:jcpred.obj
 0001:0006aedb       _jpeg_difference4          0046bedb f   lib:jcpred.obj
 0001:0006af66       _jpeg_difference5          0046bf66 f   lib:jcpred.obj
 0001:0006aff9       _jpeg_difference6          0046bff9 f   lib:jcpred.obj
 0001:0006b088       _jpeg_difference7          0046c088 f   lib:jcpred.obj
 0001:0006a507       _start_pass_huff           0046b507 f   lib:jclhuff.obj
 0001:0006a6a4       _encode_mcus_huff          0046b6a4 f   lib:jclhuff.obj
 0001:0006a88f       _emit_bits                 0046b88f f   lib:jclhuff.obj
 0001:0006a932       _dump_buffer               0046b932 f   lib:jclhuff.obj
 0001:0006a956       _emit_restart              0046b956 f   lib:jclhuff.obj
 0001:0006a9a1       _flush_bits                0046b9a1 f   lib:jclhuff.obj
 0001:0006a9c5       _finish_pass_huff          0046b9c5 f   lib:jclhuff.obj
 0001:0006aa32       _encode_mcus_gather        0046ba32 f   lib:jclhuff.obj
 0001:0006ab5b       _finish_pass_gather        0046bb5b f   lib:jclhuff.obj
 0001:0006922c       _need_optimization_pass    0046a22c f   lib:jcshuff.obj
 0001:0006a127       _start_pass_diff           0046b127 f   lib:jcdiffct.obj
 0001:0006842d       _start_iMCU_row            0046942d f   lib:jccoefct.obj
 0001:0006a1c5       _compress_data             0046b1c5 f   lib:jcdiffct.obj
 0001:0006a35b       _compress_first_pass       0046b35b f   lib:jcdiffct.obj
 0001:0006a450       _compress_output           0046b450 f   lib:jcdiffct.obj
 0001:00069d3a       _start_pass_fdctmgr        0046ad3a f   lib:jcdctmgr.obj
 0001:00069e3c       _forward_DCT_float         0046ae3c f   lib:jcdctmgr.obj
 0001:0006926f       _start_pass_phuff          0046a26f f   lib:jcphuff.obj
 0001:000693dc       _encode_mcu_DC_first       0046a3dc f   lib:jcphuff.obj
 0001:0006950e       _emit_bits                 0046a50e f   lib:jcphuff.obj
 0001:000695b9       _dump_buffer               0046a5b9 f   lib:jcphuff.obj
 0001:000695f1       _emit_symbol               0046a5f1 f   lib:jcphuff.obj
 0001:00069631       _emit_restart              0046a631 f   lib:jcphuff.obj
 0001:000696ba       _emit_eobrun               0046a6ba f   lib:jcphuff.obj
 0001:00069740       _encode_mcu_AC_first       0046a740 f   lib:jcphuff.obj
 0001:000698d4       _encode_mcu_DC_refine      0046a8d4 f   lib:jcphuff.obj
 0001:0006998e       _encode_mcu_AC_refine      0046a98e f   lib:jcphuff.obj
 0001:00069ba5       _finish_pass_phuff         0046aba5 f   lib:jcphuff.obj
 0001:00069bf4       _finish_pass_gather_phuff  0046abf4 f   lib:jcphuff.obj
 0001:00069cb7       _need_optimization_pass    0046acb7 f   lib:jcphuff.obj
 0001:00068a07       _start_pass_huff           00469a07 f   lib:jcshuff.obj
 0001:00068b7c       _encode_mcu_huff           00469b7c f   lib:jcshuff.obj
 0001:00068c87       _encode_one_block          00469c87 f   lib:jcshuff.obj
 0001:00068dfe       _emit_bits                 00469dfe f   lib:jcshuff.obj
 0001:00068ea1       _dump_buffer               00469ea1 f   lib:jcshuff.obj
 0001:00068ec5       _emit_restart              00469ec5 f   lib:jcshuff.obj
 0001:00068f32       _flush_bits                00469f32 f   lib:jcshuff.obj
 0001:00068f56       _finish_pass_huff          00469f56 f   lib:jcshuff.obj
 0001:00068fc5       _encode_mcu_gather         00469fc5 f   lib:jcshuff.obj
 0001:0006907b       _htest_one_block           0046a07b f   lib:jcshuff.obj
 0001:00069142       _finish_pass_gather        0046a142 f   lib:jcshuff.obj
 0001:0006922c       _need_optimization_pass    0046a22c f   lib:jcshuff.obj
 0001:00068398       _start_pass_coef           00469398 f   lib:jccoefct.obj
 0001:0006842d       _start_iMCU_row            0046942d f   lib:jccoefct.obj
 0001:0006846f       _compress_data             0046946f f   lib:jccoefct.obj
 0001:00068656       _compress_first_pass       00469656 f   lib:jccoefct.obj
 0001:0006883c       _compress_output           0046983c f   lib:jccoefct.obj
 0001:000682b0       _calc_output_dimensions    004692b0 f   lib:jdlossls.obj
 0001:000682c1       _start_input_pass          004692c1 f   lib:jdlossls.obj
 0001:00067fef       _calc_output_dimensions    00468fef f   lib:jdlossy.obj
 0001:00068162       _start_input_pass          00469162 f   lib:jdlossy.obj
 0001:00068182       _latch_quant_tables        00469182 f   lib:jdlossy.obj
 0001:0006821a       _start_output_pass         0046921a f   lib:jdlossy.obj
 0001:00067f3e       _start_pass                00468f3e f   lib:jclossls.obj
 0001:00067eaa       _start_pass                00468eaa f   lib:jclossy.obj
 0001:000673ff       _initial_setup             004683ff f   lib:jcmaster.obj
 0001:000675b2       _validate_script           004685b2 f   lib:jcmaster.obj
 0001:0006798a       _prepare_for_pass          0046898a f   lib:jcmaster.obj
 0001:00067b02       _select_scan_parameters    00468b02 f   lib:jcmaster.obj
 0001:00067c03       _per_scan_setup            00468c03 f   lib:jcmaster.obj
 0001:00067dae       _pass_startup              00468dae f   lib:jcmaster.obj
 0001:00067dd5       _finish_pass_master        00468dd5 f   lib:jcmaster.obj
 0001:00066eeb       _rgb_ycc_start             00467eeb f   lib:jccolor.obj
 0001:00066faf       _rgb_ycc_convert           00467faf f   lib:jccolor.obj
 0001:000670ae       _rgb_gray_convert          004680ae f   lib:jccolor.obj
 0001:00067133       _cmyk_ycck_convert         00468133 f   lib:jccolor.obj
 0001:0006726b       _grayscale_convert         0046826b f   lib:jccolor.obj
 0001:000672c5       _null_convert              004682c5 f   lib:jccolor.obj
 0001:00044927       _null_method               00445927 f   gl_main.obj
 0001:00044927       _start_pass_downsample     00445927 f   gl_main.obj
 0001:00066637       _sep_downsample            00467637 f   lib:jcsample.obj
 0001:000666ac       _int_downsample            004676ac f   lib:jcsample.obj
 0001:000667a4       _expand_right_edge         004677a4 f   lib:jcsample.obj
 0001:000667f9       _fullsize_downsample       004677f9 f   lib:jcsample.obj
 0001:0006683d       _h2v1_downsample           0046783d f   lib:jcsample.obj
 0001:000668d1       _h2v2_downsample           004678d1 f   lib:jcsample.obj
 0001:0006697e       _h2v2_smooth_downsample    0046797e f   lib:jcsample.obj
 0001:00066bf6       _fullsize_smooth_downsample 00467bf6 f   lib:jcsample.obj
 0001:00066033       _start_pass_prep           00467033 f   lib:jcprepct.obj
 0001:00066071       _pre_process_data          00467071 f   lib:jcprepct.obj
 0001:0006621f       _pre_process_context       0046721f f   lib:jcprepct.obj
 0001:000663d8       _create_context_buffer     004673d8 f   lib:jcprepct.obj
 0001:00065eab       _start_pass_main           00466eab f   lib:jcmainct.obj
 0001:00065eed       _process_data_simple_main  00466eed f   lib:jcmainct.obj
 0001:00065481       _create_colormap           00466481 f   lib:jquant1.obj
 0001:000655b3       _select_ncolors            004665b3 f   lib:jquant1.obj
 0001:0006568a       _create_colorindex         0046668a f   lib:jquant1.obj
 0001:000657b6       _alloc_fs_workspace        004667b6 f   lib:jquant1.obj
 0001:000657f2       _start_pass_1_quant        004667f2 f   lib:jquant1.obj
 0001:000658be       _create_odither_tables     004668be f   lib:jquant1.obj
 0001:0006591d       _make_odither_array        0046691d f   lib:jquant1.obj
 0001:00065980       _color_quantize            00466980 f   lib:jquant1.obj
 0001:00065a0b       _color_quantize3           00466a0b f   lib:jquant1.obj
 0001:00065a99       _quantize_ord_dither       00466a99 f   lib:jquant1.obj
 0001:00065b84       _quantize3_ord_dither      00466b84 f   lib:jquant1.obj
 0001:00065c84       _quantize_fs_dither        00466c84 f   lib:jquant1.obj
 0001:00044927       _finish_pass_1_quant       00445927 f   gl_main.obj
 0001:00065e08       _new_color_map_1_quant     00466e08 f   lib:jquant1.obj
 0001:00064442       _init_error_limit          00465442 f   lib:jquant2.obj
 0001:000644e1       _start_pass_2_quant        004654e1 f   lib:jquant2.obj
 0001:000645e3       _prescan_quantize          004655e3 f   lib:jquant2.obj
 0001:00064652       _pass2_no_dither           00465652 f   lib:jquant2.obj
 0001:000646ff       _fill_inverse_cmap         004656ff f   lib:jquant2.obj
 0001:000647ca       _find_nearby_colors        004657ca f   lib:jquant2.obj
 0001:0006496e       _find_best_colors          0046596e f   lib:jquant2.obj
 0001:00064a88       _pass2_fs_dither           00465a88 f   lib:jquant2.obj
 0001:00064cf7       _finish_pass1              00465cf7 f   lib:jquant2.obj
 0001:00064d19       _select_colors             00465d19 f   lib:jquant2.obj
 0001:00064da5       _update_box                00465da5 f   lib:jquant2.obj
 0001:0006513f       _median_cut                0046613f f   lib:jquant2.obj
 0001:00065253       _find_biggest_color_pop    00466253 f   lib:jquant2.obj
 0001:00065282       _find_biggest_volume       00466282 f   lib:jquant2.obj
 0001:000652ab       _compute_color             004662ab f   lib:jquant2.obj
 0001:00044927       _finish_pass2              00445927 f   gl_main.obj
 0001:000653e7       _new_color_map_2_quant     004663e7 f   lib:jquant2.obj
 0001:00063e59       _build_ycc_rgb_table       00464e59 f   lib:jdmerge.obj
 0001:00063f09       _start_pass_merged_upsample 00464f09 f   lib:jdmerge.obj
 0001:00063f1e       _merged_2v_upsample        00464f1e f   lib:jdmerge.obj
 0001:00063fc5       _merged_1v_upsample        00464fc5 f   lib:jdmerge.obj
 0001:00063ff6       _h2v1_merged_upsample      00464ff6 f   lib:jdmerge.obj
 0001:0006414c       _h2v2_merged_upsample      0046514c f   lib:jdmerge.obj
 0001:000639fd       _build_ycc_rgb_table       004649fd f   lib:jdcolor.obj
 0001:00063aad       _ycc_rgb_convert           00464aad f   lib:jdcolor.obj
 0001:00063bbb       _null_convert              00464bbb f   lib:jdcolor.obj
 0001:00063c33       _grayscale_convert         00464c33 f   lib:jdcolor.obj
 0001:00063c56       _gray_rgb_convert          00464c56 f   lib:jdcolor.obj
 0001:00063caf       _ycck_cmyk_convert         00464caf f   lib:jdcolor.obj
 0001:00044927       _start_pass_dcolor         00445927 f   gl_main.obj
 0001:0006345e       _start_pass_upsample       0046445e f   lib:jdsample.obj
 0001:00063478       _sep_upsample              00464478 f   lib:jdsample.obj
 0001:00063545       _fullsize_upsample         00464545 f   lib:jdsample.obj
 0001:00063550       _noop_upsample             00464550 f   lib:jdsample.obj
 0001:00063558       _int_upsample              00464558 f   lib:jdsample.obj
 0001:00063642       _h2v1_upsample             00464642 f   lib:jdsample.obj
 0001:00063699       _h2v2_upsample             00464699 f   lib:jdsample.obj
 0001:0006370b       _h2v1_fancy_upsample       0046470b f   lib:jdsample.obj
 0001:000637ae       _h2v2_fancy_upsample       004647ae f   lib:jdsample.obj
 0001:00063067       _start_pass_dpost          00464067 f   lib:jdpostct.obj
 0001:0006310d       _post_process_1pass        0046410d f   lib:jdpostct.obj
 0001:00063172       _post_process_prepass      00464172 f   lib:jdpostct.obj
 0001:00063203       _post_process_2pass        00464203 f   lib:jdpostct.obj
 0001:00062a6e       _alloc_funny_pointers      00463a6e f   lib:jdmainct.obj
 0001:00062b1b       _start_pass_main           00463b1b f   lib:jdmainct.obj
 0001:00062b83       _make_funny_pointers       00463b83 f   lib:jdmainct.obj
 0001:00062cc3       _process_data_simple_main  00463cc3 f   lib:jdmainct.obj
 0001:00062d2b       _process_data_context_main 00463d2b f   lib:jdmainct.obj
 0001:00062e3d       _set_wraparound_pointers   00463e3d f   lib:jdmainct.obj
 0001:00062f27       _set_bottom_pointers       00463f27 f   lib:jdmainct.obj
 0001:00062fc1       _process_data_crank_post   00463fc1 f   lib:jdmainct.obj
 0001:000617e0       _write_marker_header       004627e0 f   lib:jcmarker.obj
 0001:00061836       _emit_byte                 00462836 f   lib:jcmarker.obj
 0001:00061867       _write_marker_byte         00462867 f   lib:jcmarker.obj
 0001:00061877       _write_file_header         00462877 f   lib:jcmarker.obj
 0001:000618c3       _emit_jfif_app0            004628c3 f   lib:jcmarker.obj
 0001:00061996       _emit_adobe_app14          00462996 f   lib:jcmarker.obj
 0001:00061a3c       _write_frame_header        00462a3c f   lib:jcmarker.obj
 0001:00061b1b       _emit_dqt                  00462b1b f   lib:jcmarker.obj
 0001:00061c0a       _emit_sof                  00462c0a f   lib:jcmarker.obj
 0001:00061ce6       _write_scan_header         00462ce6 f   lib:jcmarker.obj
 0001:00061da6       _emit_dht                  00462da6 f   lib:jcmarker.obj
 0001:00061e7f       _emit_dri                  00462e7f f   lib:jcmarker.obj
 0001:00061ece       _emit_sos                  00462ece f   lib:jcmarker.obj
 0001:00061fbc       _write_file_trailer        00462fbc f   lib:jcmarker.obj
 0001:00061fdc       _write_tables_only         00462fdc f   lib:jcmarker.obj
 0001:00061335       _use_merged_upsample       00462335 f   lib:jdmaster.obj
 0001:000613db       _master_selection          004623db f   lib:jdmaster.obj
 0001:00061538       _prepare_range_limit_table 00462538 f   lib:jdmaster.obj
 0001:000615be       _prepare_for_output_pass   004625be f   lib:jdmaster.obj
 0001:000616df       _finish_output_pass        004626df f   lib:jdmaster.obj
 0001:000607ac       _alloc_small               004617ac f   lib:jmemmgr.obj
 0001:000608ca       _alloc_large               004618ca f   lib:jmemmgr.obj
 0001:0006097b       _alloc_sarray              0046197b f   lib:jmemmgr.obj
 0001:00060a13       _alloc_barray              00461a13 f   lib:jmemmgr.obj
 0001:00060ab7       _alloc_darray              00461ab7 f   lib:jmemmgr.obj
 0001:00060b62       _request_virt_sarray       00461b62 f   lib:jmemmgr.obj
 0001:00060bc3       _request_virt_barray       00461bc3 f   lib:jmemmgr.obj
 0001:00060c24       _realize_virt_arrays       00461c24 f   lib:jmemmgr.obj
 0001:00060da7       _access_virt_sarray        00461da7 f   lib:jmemmgr.obj
 0001:00060ec7       _do_sarray_io              00461ec7 f   lib:jmemmgr.obj
 0001:00060f57       _access_virt_barray        00461f57 f   lib:jmemmgr.obj
 0001:0006107c       _do_barray_io              0046207c f   lib:jmemmgr.obj
 0001:0006110d       _free_pool                 0046210d f   lib:jmemmgr.obj
 0001:000611f4       _self_destruct             004621f4 f   lib:jmemmgr.obj
 0001:000601ee       _start_input_pass          004611ee f   lib:jdinput.obj
 0001:0006021c       _per_scan_setup            0046121c f   lib:jdinput.obj
 0001:000603a2       _finish_input_pass         004613a2 f   lib:jdinput.obj
 0001:000603b3       _consume_markers           004613b3 f   lib:jdinput.obj
 0001:0006044f       _initial_setup             0046144f f   lib:jdinput.obj
 0001:00060659       _reset_input_controller    00461659 f   lib:jdinput.obj
 0001:0005ffa7       _fixedtables               00460fa7 f   lib:inflate.obj
 0001:00060091       _updatewindow              00461091 f   lib:inflate.obj
 0001:0005ea07       _make_crc_table            0045fa07 f   lib:crc32.obj
 0001:0005eb33       _crc32_little              0045fb33 f   lib:crc32.obj
 0001:0005e943       _init_destination          0045f943 f   lib:jdatadst.obj
 0001:0005e969       _empty_output_buffer       0045f969 f   lib:jdatadst.obj
 0001:0005e9ab       _term_destination          0045f9ab f   lib:jdatadst.obj
 0001:0005e4ca       _std_huff_tables           0045f4ca f   lib:jcparam.obj
 0001:0005e524       _add_huff_table            0045f524 f   lib:jcparam.obj
 0001:0005ca22       _next_marker               0045da22 f   lib:jdmarker.obj
 0001:0005cb5c       _get_interesting_appn      0045db5c f   lib:jdmarker.obj
 0001:0005cc87       _examine_app0              0045dc87 f   lib:jdmarker.obj
 0001:0005ce95       _examine_app14             0045de95 f   lib:jdmarker.obj
 0001:0005cf56       _skip_variable             0045df56 f   lib:jdmarker.obj
 0001:0005cff9       _read_markers              0045dff9 f   lib:jdmarker.obj
 0001:0005d201       _get_soi                   0045e201 f   lib:jdmarker.obj
 0001:0005d2ac       _get_sof                   0045e2ac f   lib:jdmarker.obj
 0001:0005d5b5       _get_sos                   0045e5b5 f   lib:jdmarker.obj
 0001:0005d8a3       _get_dht                   0045e8a3 f   lib:jdmarker.obj
 0001:0005db44       _get_dqt                   0045eb44 f   lib:jdmarker.obj
 0001:0005dda0       _get_dri                   0045eda0 f   lib:jdmarker.obj
 0001:0005de7f       _first_marker              0045ee7f f   lib:jdmarker.obj
 0001:0005df1b       _read_restart_marker       0045ef1b f   lib:jdmarker.obj
 0001:0005df99       _reset_marker_reader       0045ef99 f   lib:jdmarker.obj
 0001:0005c806       _output_pass_setup         0045d806 f   lib:jdapistd.obj
 0001:0005c4f9       _default_decompress_parms  0045d4f9 f   lib:jdapimin.obj

 73 bytes saved through ICF

