 Quake2

 Timestamp is 433ff3fd (Sun Oct 02 18:51:41 2005)

 Preferred load address is 00400000

 Start         Length     Name                   Class
 0001:00000000 00061310H .text                   CODE
 0002:00000000 00000288H .idata$5                DATA
 0002:00000288 00006444H .rdata                  DATA
 0002:000066d0 00000044H .rdata$r                DATA
 0002:00006718 00000038H .xdata$x                DATA
 0002:00006750 00000078H .idata$2                DATA
 0002:000067c8 00000014H .idata$3                DATA
 0002:000067dc 00000288H .idata$4                DATA
 0002:00006a64 0000084cH .idata$6                DATA
 0002:000072b0 00000000H .edata                  DATA
 0003:00000000 00000004H .CRT$XCA                DATA
 0003:00000004 00000084H .CRT$XCU                DATA
 0003:00000088 00000004H .CRT$XCZ                DATA
 0003:0000008c 00000004H .CRT$XIA                DATA
 0003:00000090 00000004H .CRT$XIZ                DATA
 0003:000000a0 0000d64cH .data                   DATA
 0003:0000d6f0 004588bcH .bss                    DATA
 0004:00000000 00000130H .rsrc$01                DATA
 0004:00000130 00003f20H .rsrc$02                DATA

  Address         Publics by Value              Rva+Base     Lib:Object

 0001:00000000       ??3@YAXPAX@Z               00401000 f i CoreMain.obj
 0001:0000000b       ?appTimestamp@@YAPBDXZ     0040100b f   CoreMain.obj
 0001:00000043       ?appInit@@YAXXZ            00401043 f   CoreMain.obj
 0001:000000c2       ?appExit@@YAXXZ            004010c2 f   CoreMain.obj
 0001:000000fc       ?appLoadDebugSymbols@@YAXXZ 004010fc f   DbgSymbols.obj
 0001:000002ba       ?appSymbolName@@YA_NIPADH@Z 004012ba f   DbgSymbols.obj
 0001:000003b0       ?appSymbolName@@YAPBDI@Z   004013b0 f   DbgSymbols.obj
 0001:000003e6       ?appMalloc@@YAPAXIH@Z      004013e6 f   Memory.obj
 0001:00000494       ?appFree@@YAXPAX@Z         00401494 f   Memory.obj
 0001:000004c2       ?Unlink@FMemHeader@@QAEXXZ 004014c2 f i Memory.obj
 0001:000004ed       ?Link@CMemoryChain@@AAEXXZ 004014ed f   Memory.obj
 0001:0000050c       ?Unlink@CMemoryChain@@AAEXXZ 0040150c f   Memory.obj
 0001:00000537       ??2CMemoryChain@@SAPAXIH@Z 00401537 f   Memory.obj
 0001:000005a9       ??3CMemoryChain@@SAXPAX@Z  004015a9 f   Memory.obj
 0001:000005dc       ?Alloc@CMemoryChain@@QAEPAXIH@Z 004015dc f   Memory.obj
 0001:00000646       ?appInitMemory@@YAXXZ      00401646 f   Memory.obj
 0001:00000b7a       ?sprintf@?$TString@$0BAA@@@QAAHPBDZZ 00401b7a f i Memory.obj
 0001:00000bb4       ?Close@COutputDevice@@UAEXXZ 00401bb4 f i OutputDevice.obj
 0001:00000bb4       ?Flush@COutputDevice@@UAEXXZ 00401bb4 f i OutputDevice.obj
 0001:00000bb5       ?Write@COutputDeviceNull@@UAEXPBD@Z 00401bb5 f i OutputDevice.obj
 0001:00000bd6       ?Write@COutputDeviceLog@@UAEXPBD@Z 00401bd6 f i OutputDevice.obj
 0001:00000c07       ?Printf@COutputDevice@@QAAXPBDZZ 00401c07 f   OutputDevice.obj
 0001:00000c77       ?Register@COutputDevice@@QAEXXZ 00401c77 f   OutputDevice.obj
 0001:00000cd3       ?Unregister@COutputDevice@@QAEXXZ 00401cd3 f   OutputDevice.obj
 0001:00000d26       ?appPrintf@@YAXPBDZZ       00401d26 f   OutputDevice.obj
 0001:00000e5c       ?appWPrintf@@YAXPBDZZ      00401e5c f   OutputDevice.obj
 0001:00000eb9       ??0COutputDeviceFile@@QAE@XZ 00401eb9 f i ErrorMgr.obj
 0001:00000ece       ?Write@COutputDeviceFile@@UAEXPBD@Z 00401ece f i ErrorMgr.obj
 0001:00000f22       ?Flush@COutputDeviceFile@@UAEXXZ 00401f22 f i ErrorMgr.obj
 0001:00000f32       ?Close@COutputDeviceFile@@UAEXXZ 00401f32 f i ErrorMgr.obj
 0001:00000f60       ??1COutputDeviceFile@@QAE@XZ 00401f60 f i ErrorMgr.obj
 0001:00000f7f       ?appGetErrorLog@@YAPAVCOutputDevice@@XZ 00401f7f f   ErrorMgr.obj
 0001:0000101e       ?Open@COutputDeviceFile@@QAEXPBD_N@Z 0040201e f i ErrorMgr.obj
 0001:00001064       ?appFatalError@@YAXPBDZZ   00402064 f   ErrorMgr.obj
 0001:00001104       ?appNonFatalError@@YAXPBDZZ 00402104 f   ErrorMgr.obj
 0001:00001166       ?appUnwindPrefix@@YAXPBD@Z 00402166 f   ErrorMgr.obj
 0001:00001216       ?appUnwindThrow@@YAXPBDZZ  00402216 f   ErrorMgr.obj
 0001:000012ad       ?Reset@CErrorHandler@@QAEXXZ 004022ad f   ErrorMgr.obj
 0001:000012de       ?appInitError@@YAXXZ       004022de f   ErrorMgr.obj
 0001:0000139c       ?sprintf@?$TString@$0CAA@@@QAAHPBDZZ 0040239c f i ErrorMgr.obj
 0001:000013b8       ?GetLine@CSimpleParser@@QAEPBDXZ 004023b8 f   ScriptParser.obj
 0001:000014cd       ?SkipBraces@CSimpleParser@@QAEPBDXZ 004024cd f   ScriptParser.obj
 0001:00001503       ?appStricmp@@YAHPBD0@Z     00402503 f   Strings.obj
 0001:00001538       ?toLower@@YADD@Z           00402538 f i Strings.obj
 0001:0000154f       ?appStrcpy@@YAXPADPBD@Z    0040254f f   Strings.obj
 0001:00001562       ?appStrncpylwr@@YAXPADPBDH@Z 00402562 f   Strings.obj
 0001:0000159a       ?appStrncpyz@@YAXPADPBDH@Z 0040259a f   Strings.obj
 0001:000015c7       ?appStrcatn@@YAXPADHPBD@Z  004025c7 f   Strings.obj
 0001:000015f2       ?appCopyFilename@@YAXPADPBDH@Z 004025f2 f   Strings.obj
 0001:00001692       ?appCStrlen@@YAHPBD@Z      00402692 f   Strings.obj
 0001:000016b7       ?appUncolorizeString@@YAXPADPBD@Z 004026b7 f   Strings.obj
 0001:000016e7       ?va@@YAPBDPBDZZ            004026e7 f   Strings.obj
 0001:00001783       ?appSprintf@@YAHPADHPBDZZ  00402783 f   Strings.obj
 0001:000017ce       ?appMatchWildcard@@YA_NPBD0_N@Z 004027ce f   Strings.obj
 0001:0000195d       ?appIsWildcard@@YA_NPBD@Z  0040295d f   Strings.obj
 0001:00001987       ?CopyString@@YAPADPBD@Z    00402987 f   Strings.obj
 0001:000019c7       ?CopyString@@YAPADPBDPAVCMemoryChain@@@Z 004029c7 f   Strings.obj
 0001:000019fb       ??2CStringItem@@SAPAXIPBD@Z 004029fb f   Strings.obj
 0001:00001a48       ??2CStringItem@@SAPAXIPBDPAVCMemoryChain@@@Z 00402a48 f   Strings.obj
 0001:00001a72       ??0CStringItem@@QAE@XZ     00402a72 f   Strings.obj
 0001:00001a7d       ?Find@CStringList@@IAEPAVCStringItem@@PBDPAPAV2@@Z 00402a7d f   Strings.obj
 0001:00001ab9       ?Find@CStringList@@IAEPAVCStringItem@@H@Z 00402ab9 f   Strings.obj
 0001:00001ad2       ?IndexOf@CStringList@@QAEHPBD@Z 00402ad2 f   Strings.obj
 0001:00001aff       ?Remove@CStringList@@QAE_NPAVCStringItem@@@Z 00402aff f   Strings.obj
 0001:00001b2b       ?Add@CTextContainer@@QAEPAUCTextRec@@PBD@Z 00402b2b f   TextContainer.obj
 0001:00001bd7       ?Enumerate@CTextContainer@@QAEXP6AXPBUCTextRec@@@Z@Z 00402bd7 f   TextContainer.obj
 0001:00001c43       ?SubtractPath@@YAPBDPBD0@Z 00402c43 f   FileSystem.obj
 0001:00001cd7       ?appMakeDirectoryForFile@@YAXPBD@Z 00402cd7 f   FileSystem.obj
 0001:00001d0d       ?appOpenFile@@YAPAVCFile@@PBD@Z 00402d0d f   FileSystem.obj
 0001:00001d49       ?Read@CFileOS@@UAEHPAXH@Z  00402d49 f i FileSystem.obj
 0001:00001d6e       ?GetSize@CFileOS@@UAEHXZ   00402d6e f i FileSystem.obj
 0001:00001db3       ?Eof@CFileOS@@UAE_NXZ      00402db3 f i FileSystem.obj
 0001:00001dc7       ??_GCFileOS@@UAEPAXI@Z     00402dc7 f i FileSystem.obj
 0001:00001dc7       ??_ECFileOS@@UAEPAXI@Z     00402dc7 f i FileSystem.obj
 0001:00001df9       ??_GCFile@@UAEPAXI@Z       00402df9 f i FileSystem.obj
 0001:00001df9       ??_ECFile@@UAEPAXI@Z       00402df9 f i FileSystem.obj
 0001:00001e16       ?ReadByte@CFile@@QAEEXZ    00402e16 f   FileSystem.obj
 0001:00001e2e       ?ReadInt@CFile@@QAEHXZ     00402e2e f   FileSystem.obj
 0001:00001e46       ?ReadString@CFile@@QAEXPADH@Z 00402e46 f   FileSystem.obj
 0001:00001e86       ?GetType@CFileContainer@@MAEPBDXZ 00402e86 f   FileSystem.obj
 0001:00001e8c       ?Mount@CFileSystem@@QAEXAAVCFileContainer@@PBD@Z 00402e8c f   FileSystem.obj
 0001:00001edd       ?Umount@CFileSystem@@QAEXAAVCFileContainer@@@Z 00402edd f   FileSystem.obj
 0001:00001f0d       ?MountDirectory@CFileSystem@@QAEPAVCFileContainer@@PBD0@Z 00402f0d f   FileSystem.obj
 0001:00001f50       ?GetType@CFileContainerOS@@MAEPBDXZ 00402f50 f i FileSystem.obj
 0001:00001f56       ?FileExists@CFileContainerOS@@UAE_NPBD@Z 00402f56 f i FileSystem.obj
 0001:00001f8d       ?OpenFile@CFileContainerOS@@UAEPAVCFile@@PBD@Z 00402f8d f i FileSystem.obj
 0001:00001faa       ?List@CFileContainerOS@@UAEXAAVCFileList@@PBDI@Z 00402faa f i FileSystem.obj
 0001:00001fd2       ??_ECFileContainerOS@@UAEPAXI@Z 00402fd2 f i FileSystem.obj
 0001:00001fd2       ??_GCFileContainerOS@@UAEPAXI@Z 00402fd2 f i FileSystem.obj
 0001:00001fd2       ??_ECFileContainer@@UAEPAXI@Z 00402fd2 f i FileSystem.obj
 0001:00001fd2       ??_GCFileContainer@@UAEPAXI@Z 00402fd2 f i FileSystem.obj
 0001:00001fef       ?MountArchive@CFileSystem@@QAEPAVCFileContainer@@PBD0@Z 00402fef f   FileSystem.obj
 0001:00002106       ?Mount@CFileSystem@@QAEXPBD0@Z 00403106 f   FileSystem.obj
 0001:000022ec       ?Umount@CFileSystem@@QAEXPBD@Z 004032ec f   FileSystem.obj
 0001:00002388       ?List@CFileSystem@@UAEPAVCFileList@@PBDIPAV2@@Z 00403388 f   FileSystem.obj
 0001:00002540       ?RegisterFormat@CFileSystem@@SAXP6APAVCFileContainer@@PBDPAU_iobuf@@@Z@Z 00403540 f   FileSystem.obj
 0001:00002580       ?FileExists@CFileSystem@@UAE_NPBDI@Z 00403580 f   FileSystem.obj
 0001:000025ff       ?OpenFile@CFileSystem@@UAEPAVCFile@@PBDI@Z 004035ff f   FileSystem.obj
 0001:000026a4       ?LoadFile@CFileSystem@@QAEPAXPBDPAI@Z 004036a4 f   FileSystem.obj
 0001:00002774       ?appInitFileSystem@@YAXAAVCFileSystem@@@Z 00403774 f   FileSystem.obj
 0001:00002ccd       ?FindDir@CFileContainerArc@@IAEPAVCArcDir@1@PBD_N@Z 00403ccd f   FileContainerArc.obj
 0001:00002db6       ?FindFile@CFileContainerArc@@IAEPAVCStringItem@@PBD@Z 00403db6 f   FileContainerArc.obj
 0001:00002e21       ?FileExists@CFileContainerArc@@UAE_NPBD@Z 00403e21 f   FileContainerArc.obj
 0001:00002e33       ?OpenFile@CFileContainerArc@@UAEPAVCFile@@PBD@Z 00403e33 f   FileContainerArc.obj
 0001:00002e4f       ?List@CFileContainerArc@@UAEXAAVCFileList@@PBDI@Z 00403e4f f   FileContainerArc.obj
 0001:00002fbc       ?appMillisecondsf@@YANXZ   00403fbc f   CoreWin32.obj
 0001:00002ff5       ?appMilliseconds@@YAIXZ    00403ff5 f   CoreWin32.obj
 0001:0000302a       ?cpuid@@YAXI@Z             0040402a f   CoreWin32.obj
 0001:0000304d       ?appPackage@@YAPBDXZ       0040404d f   CoreWin32.obj
 0001:000030a5       ?appGetSystemErrorMessage@@YAPBDI@Z 004040a5 f   CoreWin32.obj
 0001:00003109       ?appDisplayError@@YAXXZ    00404109 f   CoreWin32.obj
 0001:0000315d       ?appInitPlatform@@YAXXZ    0040415d f   CoreWin32.obj
 0001:0000359e       ?appShutdownPlatform@@YAXXZ 0040459e f   CoreWin32.obj
 0001:000035a7       ?osAddressInfo@@YA_NIPADHPAH@Z 004045a7 f   DbgSymbolsWin32.obj
 0001:0000363b       ?osModuleInfo@@YA_NIPADHPAH@Z 0040463b f   DbgSymbolsWin32.obj
 0001:000037e2       ?win32ExceptFilter@@YAHPAU_EXCEPTION_POINTERS@@@Z 004047e2 f   ExceptFilterWin32.obj
 0001:00003d1b       ?win32ExceptFilter2@@YAHXZ 00404d1b f   ExceptFilterWin32.obj
 0001:00003d27       ?appListDirectoryOS@@YAXPBDAAVCFileList@@I@Z 00404d27 f   FileSystemWin32.obj
 0001:00003f6e       ?appMakeDirectory@@YAXPBD@Z 00404f6e f   FileSystemWin32.obj
 0001:00003fdb       ?SCR_StopCinematic@@YAXXZ  00404fdb f   cl_cin.obj
 0001:0000406f       ?SCR_DrawCinematic@@YA_NXZ 0040506f f   cl_cin.obj
 0001:0000448c       ?SCR_PlayCinematic@@YAXPBD@Z 0040548c f   cl_cin.obj
 0001:000047e3       ?sprintf@?$TString@$0EA@@@QAAHPBDZZ 004057e3 f i cl_cin.obj
 0001:000047fc       ?CL_Download_f@@YAX_NHPAPAD@Z 004057fc f   cl_download.obj
 0001:00004ba7       ?CL_ParseDownload@@YAXXZ   00405ba7 f   cl_download.obj
 0001:000053cf       ?CL_Precache_f@@YAXHPAPAD@Z 004063cf f   cl_download.obj
 0001:0000542d       ?sprintf@?$TString@$0IA@@@QAAHPBDZZ 0040642d f i cl_download.obj
 0001:00005449       ?CL_ParseDelta@@YAXPAUclEntityState_t@@0HI_N@Z 00406449 f   cl_ents.obj
 0001:000055c9       ?CL_ParseFrame@@YAXXZ      004065c9 f   cl_ents.obj
 0001:00005c78       ?CL_AddEntityBox@@YAXPAUclEntityState_t@@I@Z 00406c78 f   cl_ents.obj
 0001:00005d7c       ?Lerp@@YAXABUCVec3@@0MAAU1@@Z 00406d7c f i cl_ents.obj
 0001:00005db3       ?CL_OffsetThirdPersonView@@YAXXZ 00406db3 f   cl_ents.obj
 0001:00005e9b       ?CL_AddEntities@@YAXXZ     00406e9b f   cl_ents.obj
 0001:00006dd9       ?CL_ClearLightStyles@@YAXXZ 00407dd9 f   cl_fx.obj
 0001:00006e5b       ?CL_SetLightstyle@@YAXHPBD@Z 00407e5b f   cl_fx.obj
 0001:00006ebc       ?CL_AllocDlight@@YAPAUcdlight_t@@HABUCVec3@@@Z 00407ebc f   cl_fx.obj
 0001:00006f25       ?CL_AllocParticleTrace@@YAPAUparticleTrace_t@@ABUCVec3@@0MM@Z 00407f25 f   cl_fx.obj
 0001:00006fb4       ?CL_AllocParticleBeam@@YAPAUbeam_t@@ABUCVec3@@0MM@Z 00407fb4 f   cl_fx.obj
 0001:00007028       ?CL_AllocParticle@@YAPAUparticle_t@@XZ 00408028 f   cl_fx.obj
 0001:0000707b       ?CL_MetalSparks@@YAXABUCVec3@@0H@Z 0040807b f   cl_fx.obj
 0001:00007179       ?CL_AddEffects@@YAXXZ      00408179 f   cl_fx.obj
 0001:0000787e       ?CL_ClearEffects@@YAXXZ    0040887e f   cl_fx.obj
 0001:00007900       ?CL_EntityEvent@@YAXPAUclEntityState_t@@@Z 00408900 f   cl_fx.obj
 0001:00007ab4       ?CL_ParseMuzzleFlash@@YAXXZ 00408ab4 f   cl_fx.obj
 0001:00007e24       ?CL_ParseMuzzleFlash2@@YAXXZ 00408e24 f   cl_fx.obj
 0001:0000829a       ?CL_ParticleEffect@@YAXABUCVec3@@0HH@Z 0040929a f   cl_fx.obj
 0001:00008483       ?CL_ParticleEffect2@@YAXABUCVec3@@0HH@Z 00409483 f   cl_fx.obj
 0001:000084ab       ?CL_ParticleEffect3@@YAXABUCVec3@@0HH@Z 004094ab f   cl_fx.obj
 0001:000084d3       ?CL_TeleporterParticles@@YAXPAUclEntityState_t@@@Z 004094d3 f   cl_fx.obj
 0001:000084f2       ?CL_LogoutEffect@@YAXABUCVec3@@H@Z 004094f2 f   cl_fx.obj
 0001:00008528       ?CL_ItemRespawnParticles@@YAXABUCVec3@@@Z 00409528 f   cl_fx.obj
 0001:00008543       ?CL_ExplosionParticles@@YAXABUCVec3@@@Z 00409543 f   cl_fx.obj
 0001:00008561       ?CL_BFGExplosionParticles@@YAXABUCVec3@@@Z 00409561 f   cl_fx.obj
 0001:0000857f       ?CL_TrackerExplosionParticles@@YAXABUCVec3@@@Z 0040957f f   cl_fx.obj
 0001:0000859d       ?CL_BlasterParticles@@YAXABUCVec3@@0I@Z 0040959d f   cl_fx.obj
 0001:000085c3       ?CL_BlasterTrail@@YAXAAUcentity_t@@@Z 004095c3 f   cl_fx.obj
 0001:000086c6       ?CL_BlasterTrail2@@YAXAAUcentity_t@@@Z 004096c6 f   cl_fx.obj
 0001:000086d9       ?CL_FlagTrail@@YAXAAUcentity_t@@H@Z 004096d9 f   cl_fx.obj
 0001:000086f5       ?CL_RocketTrail@@YAXAAUcentity_t@@@Z 004096f5 f   cl_fx.obj
 0001:00008734       ?CL_BubbleTrail@@YAXABUCVec3@@0@Z 00409734 f   cl_fx.obj
 0001:000087ce       ?CL_BubbleTrail2@@YAXABUCVec3@@0@Z 004097ce f   cl_fx.obj
 0001:000087e6       ?CL_TagTrail@@YAXAAUcentity_t@@@Z 004097e6 f   cl_fx.obj
 0001:000087f9       ?CL_DebugTrail@@YAXABUCVec3@@0@Z 004097f9 f   cl_fx.obj
 0001:00008811       ?CL_ForceWall@@YAXABUCVec3@@0H@Z 00409811 f   cl_fx.obj
 0001:00008832       ?CL_BigTeleportParticles@@YAXABUCVec3@@@Z 00409832 f   cl_fx.obj
 0001:0000896d       ?CL_BfgParticles@@YAXABUCVec3@@@Z 0040996d f   cl_fx.obj
 0001:00008ae7       ?CL_FlyEffect@@YAXAAUcentity_t@@@Z 00409ae7 f   cl_fx.obj
 0001:00008c73       ?CL_DiminishingTrail@@YAXAAUcentity_t@@H@Z 00409c73 f   cl_fx.obj
 0001:00008dcd       ?CL_RailTrail@@YAXABUCVec3@@0@Z 00409dcd f   cl_fx.obj
 0001:00008f43       ?CL_RailTrailExt@@YAXABUCVec3@@0EE@Z 00409f43 f   cl_fx.obj
 0001:00009088       ?CL_IonripperTrail@@YAXAAUcentity_t@@@Z 0040a088 f   cl_fx.obj
 0001:000091e2       ?CL_TrapParticles@@YAXABUCVec3@@@Z 0040a1e2 f   cl_fx.obj
 0001:00009376       ?CL_TeleportParticles@@YAXABUCVec3@@@Z 0040a376 f   cl_fx.obj
 0001:000094ac       ?CL_Heatbeam@@YAXABUCVec3@@0@Z 0040a4ac f   cl_fx.obj
 0001:00009752       ?CL_ParticleSteamEffect@@YAXABUCVec3@@0HHH@Z 0040a752 f   cl_fx.obj
 0001:0000988b       ?CL_ParticleSmokeEffect@@YAXABUCVec3@@0@Z 0040a88b f   cl_fx.obj
 0001:000099a7       ?CL_TrackerTrail@@YAXAAUcentity_t@@@Z 0040a9a7 f   cl_fx.obj
 0001:00009b25       ?CL_TrackerShell@@YAXABUCVec3@@@Z 0040ab25 f   cl_fx.obj
 0001:00009bb1       ?CL_MonsterPlasmaShell@@YAXABUCVec3@@@Z 0040abb1 f   cl_fx.obj
 0001:00009c3a       ?CL_WidowSplash@@YAXABUCVec3@@@Z 0040ac3a f   cl_fx.obj
 0001:00009d1b       ?IN_CenterView@@YAXXZ      0040ad1b f   cl_input.obj
 0001:00009d3c       ?CL_InitInput@@YAXXZ       0040ad3c f   cl_input.obj
 0001:0000a2d8       ?CL_SendCmd@@YAXXZ         0040b2d8 f   cl_input.obj
 0001:0000a958       ?CL_WriteDemoMessage@@YAXXZ 0040b958 f   cl_main.obj
 0001:0000a99a       ?Cmd_ForwardToServer@@YAXHPAPAD@Z 0040b99a f   cl_main.obj
 0001:0000aa5d       ?CL_ForwardToServer_f@@YAXHPAPAD@Z 0040ba5d f   cl_main.obj
 0001:0000aaa5       ?CL_Pause@@YAX_N@Z         0040baa5 f   cl_main.obj
 0001:0000aae7       ?CL_Drop@@YAX_N@Z          0040bae7 f   cl_main.obj
 0001:0000ab0e       ?CL_SendConnectPacket@@YAXXZ 0040bb0e f   cl_main.obj
 0001:0000ab80       ?CL_Connect_f@@YAX_NHPAPAD@Z 0040bb80 f   cl_main.obj
 0001:0000abeb       ?CL_Rcon_f@@YAXHPAPAD@Z    0040bbeb f   cl_main.obj
 0001:0000acd7       ?CL_Disconnect@@YAXXZ      0040bcd7 f   cl_main.obj
 0001:0000ae82       ?CL_Disconnect_f@@YAXXZ    0040be82 f   cl_main.obj
 0001:0000ae8c       ?CL_Changing_f@@YAXXZ      0040be8c f   cl_main.obj
 0001:0000aeb0       ?CL_Reconnect_f@@YAXXZ     0040beb0 f   cl_main.obj
 0001:0000af4c       ?CL_PingServers_f@@YAXXZ   0040bf4c f   cl_main.obj
 0001:0000b04e       ?CL_Skins_f@@YAXXZ         0040c04e f   cl_main.obj
 0001:0000b336       ?CL_ConnectionlessPacket@@YAXXZ 0040c336 f   cl_main.obj
 0001:0000b433       ?CL_ReadPackets@@YAXXZ     0040c433 f   cl_main.obj
 0001:0000b576       ?CL_Userinfo_f@@YAXXZ      0040c576 f   cl_main.obj
 0001:0000b591       ?CL_RegisterSounds@@YAXXZ  0040c591 f   cl_main.obj
 0001:0000b5d0       ?CL_Snd_Restart_f@@YAXXZ   0040c5d0 f   cl_main.obj
 0001:0000b5df       ?CL_WriteConfiguration@@YAXPBD@Z 0040c5df f   cl_main.obj
 0001:0000b6c6       ?CL_WriteConfig_f@@YAX_NHPAPAD@Z 0040c6c6 f   cl_main.obj
 0001:0000b731       ?CL_FixCvarCheats@@YAXXZ   0040c731 f   cl_main.obj
 0001:0000b782       ?CL_Frame@@YAXMM@Z         0040c782 f   cl_main.obj
 0001:0000bac1       ?CL_ClearState@@YAXXZ      0040cac1 f   cl_main.obj
 0001:0000baff       ?CL_Init@@YAXXZ            0040caff f   cl_main.obj
 0001:0000bfbd       ?CL_Shutdown@@YAXXZ        0040cfbd f   cl_main.obj
 0001:0000c019       ?sprintf@?$TString@$0EAA@@@QAAHPBDZZ 0040d019 f i cl_main.obj
 0001:0000c035       ?CL_ParseClientinfo@@YAXH@Z 0040d035 f   cl_parse.obj
 0001:0000c0ea       ?CL_UpdatePlayerClientInfo@@YAXXZ 0040d0ea f   cl_parse.obj
 0001:0000c12b       ?CL_ParseServerMessage@@YAXXZ 0040d12b f   cl_parse.obj
 0001:0000c91d       ?FreePlayerModelsInfo@@YAXXZ 0040d91d f   cl_playermodel.obj
 0001:0000c943       ?ScanQuake3Models@@YAXPBD@Z 0040d943 f   cl_playermodel.obj
 0001:0000cae4       ?ScanPlayerModels@@YA_NXZ  0040dae4 f   cl_playermodel.obj
 0001:0000cd38       ?RunAnimation@@YAXAAUclientInfo_t@@AAUanimState_t@@H@Z 0040dd38 f   cl_playermodel.obj
 0001:0000cf19       ?CL_LoadClientinfo@@YAXAAUclientInfo_t@@PBD_N@Z 0040df19 f   cl_playermodel.obj
 0001:0000dba4       ?ParsePlayerEntity@@YAHAAUcentity_t@@AAUclientInfo_t@@PAUclEntityState_t@@ABUentity_t@@PAU4@HH@Z 0040eba4 f   cl_playermodel.obj
 0001:0000e6f9       ?CreateAndInsert@?$TList@VCStringItem@@@@QAEPAVCStringItem@@PBDPAVCMemoryChain@@@Z 0040f6f9 f i cl_playermodel.obj
 0001:0000e72f       ?Insert@?$TList@VshaderScript_t@OpenGLDrv@@@@QAE_NPAVshaderScript_t@OpenGLDrv@@@Z 0040f72f f i cl_playermodel.obj
 0001:0000e72f       ?Insert@?$TList@VplayerModelInfo_t@@@@QAE_NPAVplayerModelInfo_t@@@Z 0040f72f f i cl_playermodel.obj
 0001:0000e72f       ?Insert@?$TList@VCStringItem@@@@QAE_NPAVCStringItem@@@Z 0040f72f f i cl_playermodel.obj
 0001:0000e765       ?CL_CheckPredictionError@@YAXXZ 0040f765 f   cl_pred.obj
 0001:0000e8fb       ?CL_EntityTrace@@YAXAAUtrace_t@@ABUCVec3@@1ABUCBox@@H@Z 0040f8fb f   cl_pred.obj
 0001:0000ec94       ?CL_Trace@@YAXAAUtrace_t@@ABUCVec3@@1ABUCBox@@H@Z 0040fc94 f   cl_pred.obj
 0001:0000ed10       ?CL_PMpointcontents@@YAHABUCVec3@@@Z 0040fd10 f   cl_pred.obj
 0001:0000ee9c       ?CL_PredictMovement@@YAXXZ 0040fe9c f   cl_pred.obj
 0001:0000f24f       ?DrawString@@YAXHHPBD@Z    0041024f f   cl_scrn.obj
 0001:0000f294       ?SCR_DebugGraph@@YAXMH@Z   00410294 f   cl_scrn.obj
 0001:0000f2bc       ?SCR_CenterPrint@@YAXPBD@Z 004102bc f   cl_scrn.obj
 0001:0000f3c2       ?Key_Message@@YAXH@Z       004103c2 f   cl_scrn.obj
 0001:0000f45e       ?SCR_SetLevelshot@@YAXPBD@Z 0041045e f   cl_scrn.obj
 0001:0000f557       ?SCR_BeginLoadingPlaque@@YAXXZ 00410557 f   cl_scrn.obj
 0001:0000f5dc       ?SCR_EndLoadingPlaque@@YAX_N@Z 004105dc f   cl_scrn.obj
 0001:0000f661       ?SCR_ShowConsole@@YAX_N0@Z 00410661 f   cl_scrn.obj
 0001:0000f726       ?SCR_ToggleConsole@@YAXXZ  00410726 f   cl_scrn.obj
 0001:0000f74e       ?SCR_TouchPics@@YAXXZ      0041074e f   cl_scrn.obj
 0001:0000f7a4       ?SCR_UpdateScreen@@YAXXZ   004107a4 f   cl_scrn.obj
 0001:000109e8       ?SCR_Init@@YAXXZ           004119e8 f   cl_scrn.obj
 0001:00010d17       ?sprintf@?$TString@$0BA@@@QAAHPBDZZ 00411d17 f i cl_scrn.obj
 0001:00010d30       ?CL_RegisterTEntSounds@@YAXXZ 00411d30 f   cl_tent.obj
 0001:00010f75       ?CL_RegisterTEntModels@@YAXXZ 00411f75 f   cl_tent.obj
 0001:000110c2       ?CL_ClearTEnts@@YAXXZ      004120c2 f   cl_tent.obj
 0001:000110f3       ?CL_SmokeAndFlash@@YAXABUCVec3@@@Z 004120f3 f   cl_tent.obj
 0001:00011289       ?CL_ParsePlayerBeam@@YAHPAVCRenderModel@@@Z 00412289 f   cl_tent.obj
 0001:00011394       ?CL_ParseLightning@@YAHPAVCRenderModel@@@Z 00412394 f   cl_tent.obj
 0001:00011456       ?CL_ParseWidow@@YAXXZ      00412456 f   cl_tent.obj
 0001:0001158c       ?CL_ParseNuke@@YAXXZ       0041258c f   cl_tent.obj
 0001:0001169f       ?CL_ParseTEnt@@YAXXZ       0041269f f   cl_tent.obj
 0001:00012486       ?CL_AddBeams@@YAXXZ        00413486 f   cl_tent.obj
 0001:00012688       ?CL_AddPlayerBeams@@YAXXZ  00413688 f   cl_tent.obj
 0001:00012c8f       ?CL_AddTEnts@@YAXXZ        00413c8f f   cl_tent.obj
 0001:00012e8f       ?V_AddEntity@@YAXPAUentity_t@@@Z 00413e8f f   cl_view.obj
 0001:00012eca       ?V_AddEntity2@@YAXPAUentity_t@@@Z 00413eca f   cl_view.obj
 0001:00012ef9       ?AddEntityWithEffects2@@YAXPAUentity_t@@I@Z 00413ef9 f   cl_view.obj
 0001:00012f98       ?AddEntityWithEffects@@YAXPAUentity_t@@I@Z 00413f98 f   cl_view.obj
 0001:00012fb7       ?V_AddLight@@YAXABUCVec3@@MMMM@Z 00413fb7 f   cl_view.obj
 0001:00012ffc       ?V_TestEntities@@YAXXZ     00413ffc f   cl_view.obj
 0001:00013129       ?V_TestLights@@YAXXZ       00414129 f   cl_view.obj
 0001:000131ff       ?V_InitRenderer@@YAXXZ     004141ff f   cl_view.obj
 0001:000135e7       ?CalcFov@@YAMMMM@Z         004145e7 f   cl_view.obj
 0001:00013655       ?V_RenderView@@YA_NXZ      00414655 f   cl_view.obj
 0001:0001426f       ?V_Init@@YAXXZ             0041526f f   cl_view.obj
 0001:0001431e       ?Con_ClearNotify@@YAXXZ    0041531e f   console.obj
 0001:0001432d       ?Con_CheckResize@@YAXXZ    0041532d f   console.obj
 0001:00014454       ?Write@COutputDeviceCon@@UAEXPBD@Z 00415454 f   console.obj
 0001:0001474e       ?Con_DrawNotify@@YAX_N@Z   0041574e f   console.obj
 0001:00014866       ?Con_DrawConsole@@YAXM@Z   00415866 f   console.obj
 0001:00014b1a       ?Con_ClearTyping@@YAXXZ    00415b1a f   console.obj
 0001:00014b33       ?Key_Console@@YAXHH@Z      00415b33 f   console.obj
 0001:00014f7b       ?Con_Init@@YAXXZ           00415f7b f   console.obj
 0001:000150e9       ?Key_KeynumToString@@YAPBDH@Z 004160e9 f   keys.obj
 0001:000151a9       ?Draw@completeMenu_t@@UAEXXZ 004161a9 f i keys.obj
 0001:000151da       ?KeyDown@completeMenu_t@@UAEPBDH@Z 004161da f i keys.obj
 0001:00015203       ?Init@completeMenu_t@@UAE_NXZ 00416203 f i keys.obj
 0001:0001532a       ?CompleteMenuCallback@completeMenu_t@@SAXPAX@Z 0041632a f i keys.obj
 0001:000153b8       ?CompleteCommand@@YAXXZ    004163b8 f   keys.obj
 0001:00015ac3       ?Key_SetBinding@@YAXHPBD@Z 00416ac3 f   keys.obj
 0001:00015b01       ?Key_FindBinding@@YAHPBDPAHH@Z 00416b01 f   keys.obj
 0001:00015b4f       ?Key_WriteBindings@@YAXPAVCOutputDevice@@@Z 00416b4f f   keys.obj
 0001:00015b96       ?Key_Init@@YAXXZ           00416b96 f   keys.obj
 0001:00015e7a       ?Key_Event@@YAXH_N@Z       00416e7a f   keys.obj
 0001:000161d3       ?Key_ClearStates@@YAXXZ    004171d3 f   keys.obj
 0001:00016208       ?M_ForceMenuOn@@YAXXZ      00417208 f   menu.obj
 0001:00016227       ?Draw@menuMain_t@@UAEXXZ   00417227 f i menu.obj
 0001:00016363       ?KeyDown@menuMain_t@@UAEPBDH@Z 00417363 f i menu.obj
 0001:0001641f       ?Init@menuMain_t@@UAE_NXZ  0041741f f i menu.obj
 0001:00016427       ?M_Menu_Main_f@@YAXXZ      00417427 f   menu.obj
 0001:00016441       ?Init@multiplayerMenu_t@@UAE_NXZ 00417441 f i menu.obj
 0001:00016565       ?Init@keysMenu_t@@UAE_NXZ  00417565 f i menu.obj
 0001:0001674e       ?KeyCursorDrawFunc@keysMenu_t@@SAXPAUmenuFramework_t@@@Z 0041774e f i menu.obj
 0001:0001678e       ?DrawKeyBindingFunc@keysMenu_t@@SAXPAX@Z 0041778e f i menu.obj
 0001:00016855       ?KeyDown@keysMenu_t@@UAEPBDH@Z 00417855 f i menu.obj
 0001:00016902       ?UnbindCommand@keysMenu_t@@QAEXPAD@Z 00417902 f i menu.obj
 0001:00016947       ?KeyBindingFunc@keysMenu_t@@QAEXPAX@Z 00417947 f i menu.obj
 0001:000169a6       ?Init@optionsMenu_t@@UAE_NXZ 004179a6 f i menu.obj
 0001:00016e04       ?CrosshairFunc@optionsMenu_t@@SAXPAX@Z 00417e04 f i menu.obj
 0001:00016e2c       ?JoystickFunc@optionsMenu_t@@SAXPAX@Z 00417e2c f i menu.obj
 0001:00016e41       ?AlwaysRunFunc@optionsMenu_t@@SAXPAX@Z 00417e41 f i menu.obj
 0001:00016e56       ?FreeLookFunc@optionsMenu_t@@SAXPAX@Z 00417e56 f i menu.obj
 0001:00016e6b       ?MouseSpeedFunc@optionsMenu_t@@SAXPAX@Z 00417e6b f i menu.obj
 0001:00016e88       ?InvertMouseFunc@optionsMenu_t@@SAXPAX@Z 00417e88 f i menu.obj
 0001:00016ea3       ?LookspringFunc@optionsMenu_t@@SAXPAX@Z 00417ea3 f i menu.obj
 0001:00016ebf       ?LookstrafeFunc@optionsMenu_t@@SAXPAX@Z 00417ebf f i menu.obj
 0001:00016edb       ?UpdateVolumeFunc@optionsMenu_t@@SAXPAX@Z 00417edb f i menu.obj
 0001:00016ef8       ?UpdateCDVolumeFunc@optionsMenu_t@@SAXPAX@Z 00417ef8 f i menu.obj
 0001:00016f12       ?SetMenuItemValues@optionsMenu_t@@SAXXZ 00417f12 f i menu.obj
 0001:000170f0       ?ResetDefaultsFunc@optionsMenu_t@@SAXPAX@Z 004180f0 f i menu.obj
 0001:00017105       ?UpdateSoundFunc@optionsMenu_t@@SAXPAX@Z 00418105 f i menu.obj
 0001:00017308       ?ScanCrosshairs@optionsMenu_t@@SAXXZ 00418308 f i menu.obj
 0001:00017365       ?Draw@optionsMenu_t@@UAEXXZ 00418365 f i menu.obj
 0001:000173ca       ?Draw@creditsMenu_t@@UAEXXZ 004183ca f i menu.obj
 0001:00017471       ?KeyDown@creditsMenu_t@@UAEPBDH@Z 00418471 f i menu.obj
 0001:000174ac       ?Init@creditsMenu_t@@UAE_NXZ 004184ac f i menu.obj
 0001:0001752d       ?Init@gameMenu_t@@UAE_NXZ  0041852d f i menu.obj
 0001:000176b8       ?EasyGameFunc@gameMenu_t@@SAXPAX@Z 004186b8 f i menu.obj
 0001:000176c4       ?StartGame@gameMenu_t@@SAXPBD@Z 004186c4 f i menu.obj
 0001:0001771c       ?MediumGameFunc@gameMenu_t@@SAXPAX@Z 0041871c f i menu.obj
 0001:00017728       ?HardGameFunc@gameMenu_t@@SAXPAX@Z 00418728 f i menu.obj
 0001:00017744       ?Init@savegameMenu_t@@UAE_NXZ 00418744 f i menu.obj
 0001:00017854       ?Create_Savestrings@savegameMenu_t@@QAEXXZ 00418854 f i menu.obj
 0001:00017909       ?LoadGameCallback@savegameMenu_t@@SAXPAX@Z 00418909 f i menu.obj
 0001:00017932       ?SaveGameCallback@savegameMenu_t@@SAXPAX@Z 00418932 f i menu.obj
 0001:00017951       ?Draw@savegameMenu_t@@UAEXXZ 00418951 f i menu.obj
 0001:0001796c       ?DrawSavegameShot@savegameMenu_t@@QAEXHH@Z 0041896c f i menu.obj
 0001:00017a47       ?Init@joinserverMenu_t@@UAE_NXZ 00418a47 f i menu.obj
 0001:00017b70       ?JoinServerFunc@joinserverMenu_t@@SAXPAX@Z 00418b70 f i menu.obj
 0001:00017bd2       ?SearchLocalGames@joinserverMenu_t@@SAXXZ 00418bd2 f i menu.obj
 0001:00017c3d       ?M_AddToServerList@@YAXUnetadr_t@@PAD@Z 00418c3d f   menu.obj
 0001:00017cbe       ?Init@startserverMenu_t@@UAE_NXZ 00418cbe f i menu.obj
 0001:0001814c       ?DMOptionsFunc@startserverMenu_t@@SAXPAX@Z 0041914c f i menu.obj
 0001:0001815c       ?RulesChangeFunc@startserverMenu_t@@SAXPAX@Z 0041915c f i menu.obj
 0001:000181d4       ?StartServerActionFunc@startserverMenu_t@@SAXPAX@Z 004191d4 f i menu.obj
 0001:000181ff       ?StartServerFunc@startserverMenu_t@@SAXPAD@Z 004191ff f i menu.obj
 0001:00018435       ?KeyDown@startserverMenu_t@@UAEPBDH@Z 00419435 f i menu.obj
 0001:00018492       ?Init@dmoptionsMenu_t@@UAE_NXZ 00419492 f i menu.obj
 0001:00018a6f       ?DMFlagCallback@dmoptionsMenu_t@@SAXPAX@Z 00419a6f f i menu.obj
 0001:00018c45       ?Init@downloadOptionsMenu_t@@UAE_NXZ 00419c45 f i menu.obj
 0001:00018e10       ?DownloadCallback@downloadOptionsMenu_t@@SAXPAX@Z 00419e10 f i menu.obj
 0001:00018e7b       ?Init@addressBookMenu_t@@UAE_NXZ 00419e7b f i menu.obj
 0001:00018f23       ?KeyDown@addressBookMenu_t@@UAEPBDH@Z 00419f23 f i menu.obj
 0001:00018f80       ?Init@playerConfigMenu_t@@UAE_NXZ 00419f80 f i menu.obj
 0001:000194c7       ?HandednessCallback@playerConfigMenu_t@@SAXPAX@Z 0041a4c7 f i menu.obj
 0001:000194dc       ?RTypeCallback@playerConfigMenu_t@@SAXPAX@Z 0041a4dc f i menu.obj
 0001:000194f1       ?RColorCallback@playerConfigMenu_t@@SAXPAX@Z 0041a4f1 f i menu.obj
 0001:00019506       ?RateCallback@playerConfigMenu_t@@SAXPAX@Z 0041a506 f i menu.obj
 0001:00019529       ?ModelCallback@playerConfigMenu_t@@SAXPAX@Z 0041a529 f i menu.obj
 0001:0001955d       ?SkinCallback@playerConfigMenu_t@@SAXPAX@Z 0041a55d f i menu.obj
 0001:00019565       ?Draw@playerConfigMenu_t@@UAEXXZ 0041a565 f i menu.obj
 0001:00019847       ?KeyDown@playerConfigMenu_t@@UAEPBDH@Z 0041a847 f i menu.obj
 0001:00019926       ?Init@dmbrowseMenu_t@@UAE_NXZ 0041a926 f i menu.obj
 0001:00019b2c       ?KeyDown@dmbrowseMenu_t@@UAEPBDH@Z 0041ab2c f i menu.obj
 0001:00019cf0       ?Draw@dmbrowseMenu_t@@UAEXXZ 0041acf0 f i menu.obj
 0001:00019e35       ?DrawThumbnail@dmbrowseMenu_t@@SAXHHHHPAD_N@Z 0041ae35 f i menu.obj
 0001:00019f0f       ?Init@videoMenu_t@@UAE_NXZ 0041af0f f i menu.obj
 0001:0001a4c8       ?ScreenSizeCallback@videoMenu_t@@SAXPAX@Z 0041b4c8 f i menu.obj
 0001:0001a4e6       ?BrightnessCallback@videoMenu_t@@SAXPAX@Z 0041b4e6 f i menu.obj
 0001:0001a504       ?ContrastCallback@videoMenu_t@@SAXPAX@Z 0041b504 f i menu.obj
 0001:0001a53d       ?CancelChanges@videoMenu_t@@SAXPAX@Z 0041b53d f i menu.obj
 0001:0001a55e       ?KeyDown@videoMenu_t@@UAEPBDH@Z 0041b55e f i menu.obj
 0001:0001a5a5       ?ApplyChanges@videoMenu_t@@SAXPAX@Z 0041b5a5 f i menu.obj
 0001:0001a75c       ?KeyDown@quitMenu_t@@UAEPBDH@Z 0041b75c f i menu.obj
 0001:0001a796       ?Draw@quitMenu_t@@UAEXXZ   0041b796 f i menu.obj
 0001:0001a806       ?M_Init@@YAXXZ             0041b806 f   menu.obj
 0001:0001a9e8       ?ItemAtCursor@menuFramework_t@@QAEPAUmenuCommon_t@@XZ 0041b9e8 f   qmenu.obj
 0001:0001aa3c       ?AddItem@menuFramework_t@@QAEXPAUmenuCommon_t@@@Z 0041ba3c f   qmenu.obj
 0001:0001aaf8       ?AdjustCursor@menuFramework_t@@QAEXH@Z 0041baf8 f   qmenu.obj
 0001:0001ac67       ?Center@menuFramework_t@@QAEXXZ 0041bc67 f   qmenu.obj
 0001:0001aca8       ?Draw@menuFramework_t@@UAEXXZ 0041bca8 f   qmenu.obj
 0001:0001b26d       ?SelectItem@menuFramework_t@@QAE_NXZ 0041c26d f   qmenu.obj
 0001:0001b2cb       ?SetStatusBar@menuFramework_t@@QAEXPBD@Z 0041c2cb f   qmenu.obj
 0001:0001b2d5       ?SlideItem@menuFramework_t@@QAEXH@Z 0041c2d5 f   qmenu.obj
 0001:0001b852       ?Push@menuFramework_t@@QAEXXZ 0041c852 f   qmenu.obj
 0001:0001b8d1       ?M_ForceMenuOff@@YAXXZ     0041c8d1 f   qmenu.obj
 0001:0001b8fe       ?Pop@menuFramework_t@@QAEXXZ 0041c8fe f   qmenu.obj
 0001:0001b938       ?KeyDown@menuFramework_t@@UAEPBDH@Z 0041c938 f   qmenu.obj
 0001:0001bbac       ?Init@menuFramework_t@@UAE_NXZ 0041cbac f   qmenu.obj
 0001:0001bbaf       ?M_Draw@@YAXXZ             0041cbaf f   qmenu.obj
 0001:0001bbea       ?M_Keydown@@YAXH@Z         0041cbea f   qmenu.obj
 0001:0001bc09       ?InitRendererVars@@YAXXZ   0041cc09 f   ref_vars.obj
 0001:0001bc28       ?S_SoundInfo_f@@YAXXZ      0041cc28 f   snd_dma.obj
 0001:0001bcb2       ?S_Init@@YAXXZ             0041ccb2 f   snd_dma.obj
 0001:0001bd84       ?S_Shutdown@@YAXXZ         0041cd84 f   snd_dma.obj
 0001:0001be17       ?S_BeginRegistration@@YAXXZ 0041ce17 f   snd_dma.obj
 0001:0001be25       ?S_RegisterSound@@YAPAUsfx_t@@PBD@Z 0041ce25 f   snd_dma.obj
 0001:0001bfcb       ?S_EndRegistration@@YAXXZ  0041cfcb f   snd_dma.obj
 0001:0001c04e       ?S_PickChannel@@YAPAUchannel_t@@HH@Z 0041d04e f   snd_dma.obj
 0001:0001c0db       ?S_Spatialize@@YAXPAUchannel_t@@@Z 0041d0db f   snd_dma.obj
 0001:0001c2bb       ?S_AllocPlaysound@@YAPAUplaysound_t@@XZ 0041d2bb f   snd_dma.obj
 0001:0001c2dd       ?S_FreePlaysound@@YAXPAUplaysound_t@@@Z 0041d2dd f   snd_dma.obj
 0001:0001c30d       ?S_IssuePlaysound@@YAXPAUplaysound_t@@@Z 0041d30d f   snd_dma.obj
 0001:0001c3da       ?S_StartSound@@YAXPBUCVec3@@HHPAUsfx_t@@MMM@Z 0041d3da f   snd_dma.obj
 0001:0001c799       ?S_StartLocalSound@@YAXPBD@Z 0041d799 f   snd_dma.obj
 0001:0001c7e8       ?S_ClearBuffer@@YAXXZ      0041d7e8 f   snd_dma.obj
 0001:0001c851       ?S_StopAllSounds_f@@YAXXZ  0041d851 f   snd_dma.obj
 0001:0001c8c1       ?S_AddLoopSounds@@YAXXZ    0041d8c1 f   snd_dma.obj
 0001:0001ca97       ?S_RawSamples@@YAXHHHHPAE@Z 0041da97 f   snd_dma.obj
 0001:0001cc9b       ?S_Update@@YAXABUCVec3@@0@Z 0041dc9b f   snd_dma.obj
 0001:0001cd71       ?GetSoundtime@@YAXXZ       0041dd71 f   snd_dma.obj
 0001:0001cdd8       ?S_Update_@@YAXXZ          0041ddd8 f   snd_dma.obj
 0001:0001d08b       ?ResampleSfx@@YAXPAUsfx_t@@HHPAE@Z 0041e08b f   snd_mem.obj
 0001:0001d1a6       ?S_LoadSound@@YAPAUsfxcache_t@@PAUsfx_t@@@Z 0041e1a6 f   snd_mem.obj
 0001:0001d2e2       ?GetWavinfo@@YA?AUwavinfo_t@@PADPAEH@Z 0041e2e2 f   snd_mem.obj
 0001:0001d524       ?S_WriteLinearBlastStereo16@@YAXXZ 0041e524 f   snd_mix.obj
 0001:0001d5b5       ?S_TransferStereo16@@YAXPAKH@Z 0041e5b5 f   snd_mix.obj
 0001:0001d61e       ?S_TransferPaintBuffer@@YAXH@Z 0041e61e f   snd_mix.obj
 0001:0001d782       ?S_PaintChannels@@YAXH@Z   0041e782 f   snd_mix.obj
 0001:0001d9fe       ?S_InitScaletable@@YAXXZ   0041e9fe f   snd_mix.obj
 0001:0001db43       ?SV_ComputeAnimation@@YAXPAUplayer_state_t@@AAUentityStateEx_t@@PAU2@PAUedict_s@@@Z 0041eb43 f   sv_anim.obj
 0001:0001df40       ?SV_ReadLevelFile@@YAXXZ   0041ef40 f   sv_ccmds.obj
 0001:0001dfee       ?SV_AddressBanned@@YA_NPAUnetadr_t@@@Z 0041efee f   sv_ccmds.obj
 0001:0001e02f       ?SV_InitCommands@@YAXXZ    0041f02f f   sv_ccmds.obj
 0001:0001f448       ?sprintf@?$TString@$0CI@@@QAAHPBDZZ 00420448 f i sv_ccmds.obj
 0001:0001f461       ?SV_WriteFrameToClient@@YAXPAUclient_t@@PAVsizebuf_t@@@Z 00420461 f   sv_ents.obj
 0001:0001fba7       ?SV_RecordDemoMessage@@YAXXZ 00420ba7 f   sv_ents.obj
 0001:0001fd75       ?SV_MulticastOld@@YAXABUCVec3@@W4multicast_t@@@Z 00420d75 f i sv_game.obj
 0001:0001fd88       ?SV_StartSoundOld@@YAXPBUCVec3@@PAUedict_s@@HHMMM@Z 00420d88 f i sv_game.obj
 0001:0002080c       ?SV_InitGameLibrary@@YAX_N@Z 0042180c f   sv_game.obj
 0001:00020967       ?SV_ShutdownGameLibrary@@YAXXZ 00421967 f   sv_game.obj
 0001:00020ac4       ?SV_FindIndex@@YAHPBDHH_N@Z 00421ac4 f   sv_init.obj
 0001:00020bd3       ?SV_ModelIndex@@YAHPBD@Z   00421bd3 f   sv_init.obj
 0001:00020be9       ?SV_SoundIndex@@YAHPBD@Z   00421be9 f   sv_init.obj
 0001:00020c02       ?SV_ImageIndex@@YAHPBD@Z   00421c02 f   sv_init.obj
 0001:00020c1b       ?SV_CreateBaseline@@YAXXZ  00421c1b f   sv_init.obj
 0001:00020c98       ?SV_SpawnServer@@YAXPAD0W4server_state_t@@_N2@Z 00421c98 f   sv_init.obj
 0001:00020fc3       ?SV_InitGame@@YAXXZ        00421fc3 f   sv_init.obj
 0001:000211eb       ?SV_Map@@YAX_NPBD0@Z       004221eb f   sv_init.obj
 0001:000213ad       ?SV_DropClient@@YAXPAUclient_t@@PAD@Z 004223ad f   sv_main.obj
 0001:00021d8c       ??0COutputDeviceMem@@QAE@H@Z 00422d8c f i sv_main.obj
 0001:00021dbb       ?Write@COutputDeviceMem@@UAEXPBD@Z 00422dbb f i sv_main.obj
 0001:00021e40       ??_GCOutputDeviceMem@@QAEPAXI@Z 00422e40 f i sv_main.obj
 0001:00021e6b       ?SV_ConnectionlessPacket@@YAXXZ 00422e6b f   sv_main.obj
 0001:00021f36       ?SV_CalcPings@@YAXXZ       00422f36 f   sv_main.obj
 0001:00021fbd       ?SV_GiveMsec@@YAXXZ        00422fbd f   sv_main.obj
 0001:00021ffc       ?SV_ReadPackets@@YAXXZ     00422ffc f   sv_main.obj
 0001:00022144       ?SV_CheckTimeouts@@YAXXZ   00423144 f   sv_main.obj
 0001:00022255       ?SV_PostprocessFrame@@YAXXZ 00423255 f   sv_main.obj
 0001:00022728       ?SV_MulticastHook@@YAPAVsizebuf_t@@PAV1@0@Z 00423728 f   sv_main.obj
 0001:00022b18       ?SV_TraceHook@@YA?AUtrace_t@@ABUCVec3@@PBU2@10PAUedict_s@@H@Z 00423b18 f   sv_main.obj
 0001:00022cb6       ?SV_Frame@@YAXM@Z          00423cb6 f   sv_main.obj
 0001:00022f6f       ?SV_UserinfoChanged@@YAXPAUclient_t@@@Z 00423f6f f   sv_main.obj
 0001:00023030       ?SV_InitVars@@YAXXZ        00424030 f   sv_main.obj
 0001:0002303f       ?SV_Init@@YAXXZ            0042403f f   sv_main.obj
 0001:00023098       ?SV_Shutdown@@YAXPBD_N@Z   00424098 f   sv_main.obj
 0001:000232a5       ?SV_ClientPrintf@@YAXPAUclient_t@@HPBDZZ 004242a5 f   sv_send.obj
 0001:00023300       ?SV_BroadcastPrintf@@YAXHPBDZZ 00424300 f   sv_send.obj
 0001:000233d6       ?SV_BroadcastCommand@@YAXPBDZZ 004243d6 f   sv_send.obj
 0001:00023430       ?SV_Multicast@@YAXABUCVec3@@W4multicast_t@@_N@Z 00424430 f   sv_send.obj
 0001:00023656       ?SV_StartSound@@YAXPBUCVec3@@PAUedict_s@@HHMMM_N@Z 00424656 f   sv_send.obj
 0001:00023926       ?SV_SendClientDatagram@@YA_NPAUclient_t@@@Z 00424926 f   sv_send.obj
 0001:000239e8       ?SV_DemoCompleted@@YAXXZ   004249e8 f   sv_send.obj
 0001:00023a04       ?SV_RateDrop@@YA_NPAUclient_t@@@Z 00424a04 f   sv_send.obj
 0001:00023a4e       ?SV_SendClientMessages@@YAXXZ 00424a4e f   sv_send.obj
 0001:00023bb4       ?SV_DrawText3D@@YAXABUCVec3@@PBDI@Z 00424bb4 f   sv_text.obj
 0001:00023beb       ?SV_ClearTexts@@YAXXZ      00424beb f   sv_text.obj
 0001:00023bf3       ?SV_DrawTexts@@YAXXZ       00424bf3 f   sv_text.obj
 0001:00023c44       ??0?$TTextContainer@UCSVText@@$0BAAAA@@@QAE@XZ 00424c44 f i sv_text.obj
 0001:00023c69       ?SV_TokenizeString@@YAXPBD@Z 00424c69 f   sv_tokenize.obj
 0001:00023d40       ?SV_Argc@@YAHXZ            00424d40 f   sv_tokenize.obj
 0001:00023d46       ?SV_Argv@@YAPADH@Z         00424d46 f   sv_tokenize.obj
 0001:00023d60       ?SV_Args@@YAPADXZ          00424d60 f   sv_tokenize.obj
 0001:00024614       ?SV_Nextserver@@YAXXZ      00425614 f   sv_user.obj
 0001:000246a3       ?SV_ClientThink@@YAXPAUclient_t@@PAUusercmd_t@@@Z 004256a3 f   sv_user.obj
 0001:000246e6       ?SV_ExecuteClientMessage@@YAXPAUclient_t@@@Z 004256e6 f   sv_user.obj
 0001:000249af       ?SV_ClearWorld@@YAXXZ      004259af f   sv_world.obj
 0001:00024aea       ?SV_UnlinkEdict@@YAXPAUedict_s@@@Z 00425aea f   sv_world.obj
 0001:00024bad       ?SV_LinkEdict@@YAXPAUedict_s@@@Z 00425bad f   sv_world.obj
 0001:00025198       ?SV_AreaEdicts@@YAHABUCVec3@@0PAPAUedict_s@@HH@Z 00426198 f   sv_world.obj
 0001:00025333       ?SV_PointContents@@YAHABUCVec3@@@Z 00426333 f   sv_world.obj
 0001:0002545a       ?SV_Trace@@YAXAAUtrace_t@@ABUCVec3@@1ABUCBox@@PAUedict_s@@H@Z 0042645a f   sv_world.obj
 0001:000258d9       ?InitByteDirs@@YAXXZ       004268d9 f   anorms.obj
 0001:00025918       ?Cbuf_AddText@@YAXPBD@Z    00426918 f   cmd.obj
 0001:0002597a       ?Cbuf_CopyToDefer@@YAXXZ   0042697a f   cmd.obj
 0001:000259c2       ?Cbuf_InsertFromDefer@@YAXXZ 004269c2 f   cmd.obj
 0001:00025a7b       ?Cbuf_Execute@@YAXXZ       00426a7b f   cmd.obj
 0001:00025b81       ?Cmd_Unalias_f@@YAX_NHPAPAD@Z 00426b81 f   cmd.obj
 0001:00025bf7       ?Cmd_WriteAliases@@YAXPAVCOutputDevice@@@Z 00426bf7 f   cmd.obj
 0001:00025c27       ?RegisterCommand@@YA_NPBDP6AXXZI@Z 00426c27 f   cmd.obj
 0001:00025d08       ?UnregisterCommand@@YA_NPBD@Z 00426d08 f   cmd.obj
 0001:00025d99       ?ExecuteCommand@@YA_NPBD@Z 00426d99 f   cmd.obj
 0001:000261dc       ?ExecuteCommand@@YA_NPBDPBUCSimpleCommand@@H@Z 004271dc f   cmd.obj
 0001:00026619       ?CM_LoadMap@@YAPAUcmodel_t@@PBD_NPAI@Z 00427619 f   cmodel.obj
 0001:00026d83       ?SetSignbits@cplane_t@@QAEXXZ 00427d83 f i cmodel.obj
 0001:00026db7       ?SetType@cplane_t@@QAEXXZ  00427db7 f i cmodel.obj
 0001:00026e2c       ?CMod_LoadLeafBrushes@@YAXPAGH@Z 00427e2c f i cmodel.obj
 0001:00026f3a       ?CM_InlineModel@@YAPAUcmodel_t@@PBD@Z 00427f3a f   cmodel.obj
 0001:00026f7b       ?CM_NumClusters@@YAHXZ     00427f7b f   cmodel.obj
 0001:00026f81       ?CM_NumInlineModels@@YAHXZ 00427f81 f   cmodel.obj
 0001:00026f87       ?CM_EntityString@@YAPBDXZ  00427f87 f   cmodel.obj
 0001:00026f8d       ?CM_LeafContents@@YAHH@Z   00427f8d f   cmodel.obj
 0001:00026fb4       ?CM_LeafCluster@@YAHH@Z    00427fb4 f   cmodel.obj
 0001:0002702a       ?CM_LeafArea@@YAHH@Z       0042802a f   cmodel.obj
 0001:000271ed       ?CM_HeadnodeForBox@@YAHABUCBox@@@Z 004281ed f   cmodel.obj
 0001:000272a2       ?CM_PointLeafnum@@YAHABUCVec3@@H@Z 004282a2 f   cmodel.obj
 0001:00027345       ?DistanceTo@cplane_t@@QAEMABUCVec3@@@Z 00428345 f i cmodel.obj
 0001:00027389       ?CM_PointContents@@YAHABUCVec3@@H@Z 00428389 f   cmodel.obj
 0001:000273fe       ?CM_TransformedPointContents@@YAHABUCVec3@@H00@Z 004283fe f   cmodel.obj
 0001:000274df       ?CM_TransformedPointContents@@YAHABUCVec3@@H0ABUCAxis@@@Z 004284df f   cmodel.obj
 0001:0002758a       ?CM_BoxLeafnums@@YAHABUCBox@@PAHH1H@Z 0042858a f   cmodel.obj
 0001:0002769d       ?BOX_ON_PLANE_SIDE@@YAHABUCBox@@ABUcplane_t@@@Z 0042869d f i cmodel.obj
 0001:00027707       ?CM_BoxTrace@@YAXAAUtrace_t@@ABUCVec3@@1ABUCBox@@HH@Z 00428707 f   cmodel.obj
 0001:0002809f       ?CM_TransformedBoxTrace@@YAXAAUtrace_t@@ABUCVec3@@1ABUCBox@@HH11@Z 0042909f f   cmodel.obj
 0001:0002821c       ?CM_TransformedBoxTrace@@YAXAAUtrace_t@@ABUCVec3@@1ABUCBox@@HH1ABUCAxis@@@Z 0042921c f   cmodel.obj
 0001:000282d9       ?CM_BrushTrace@@YAHABUCVec3@@0PAHH@Z 004292d9 f   cmodel.obj
 0001:000286c9       ?CM_RefineBrushTrace@@YAHABUCVec3@@0PAHH@Z 004296c9 f   cmodel.obj
 0001:0002876f       ?CM_ClusterPVS@@YAPAEH@Z   0042976f f   cmodel.obj
 0001:000288b3       ?CM_ClusterPHS@@YAPAEH@Z   004298b3 f   cmodel.obj
 0001:00028a16       ?CM_SetAreaPortalState@@YAXH_N@Z 00429a16 f   cmodel.obj
 0001:00028a3b       ?CM_AreasConnected@@YA_NHH@Z 00429a3b f   cmodel.obj
 0001:00028a7f       ?CM_WriteAreaBits@@YAHPAEH@Z 00429a7f f   cmodel.obj
 0001:00028b21       ?CM_WritePortalState@@YAXPAU_iobuf@@@Z 00429b21 f   cmodel.obj
 0001:00028b3b       ?CM_ReadPortalState@@YAXPAU_iobuf@@@Z 00429b3b f   cmodel.obj
 0001:00028b59       ?CM_HeadnodeVisible@@YA_NHPBE@Z 00429b59 f   cmodel.obj
 0001:00028c34       ?Com_DPrintf@@YAXPBDZZ     00429c34 f   common.obj
 0001:00028cad       ?DebugPrintf@@YAXPBDZZ     00429cad f   common.obj
 0001:00028d5b       ?IPWildcard@@YA_NPAUnetadr_t@@PBD@Z 00429d5b f   common.obj
 0001:00028e32       ?Com_ServerState@@YA?AW4server_state_t@@XZ 00429e32 f   common.obj
 0001:00028e38       ?Com_SetServerState@@YAXW4server_state_t@@@Z 00429e38 f   common.obj
 0001:00028e42       ?crand@@YAMXZ              00429e42 f   common.obj
 0001:00028e60       ?Info_ValueForKey@@YAPBDPBD0@Z 00429e60 f   common.obj
 0001:00028edf       ?Info_SetValueForKey@@YAXPADPBD1@Z 00429edf f   common.obj
 0001:00029042       ?Info_Print@@YAXPBD@Z      0042a042 f   common.obj
 0001:000290c8       ?Com_CheckCmdlineVar@@YA_NPBD@Z 0042a0c8 f   common.obj
 0001:0002911e       ?Com_Init@@YAXPBD@Z        0042a11e f   common.obj
 0001:000294c5       ?Com_Frame@@YAXM@Z         0042a4c5 f   common.obj
 0001:000298c7       ?Com_BlockSequenceCRCByte@@YAEPAEHH@Z 0042a8c7 f   crc.obj
 0001:0002997d       ?Cvar_VariableValue@@YAMPBD@Z 0042a97d f   cvar.obj
 0001:000299eb       ?Cvar_VariableInt@@YAHPBD@Z 0042a9eb f   cvar.obj
 0001:000299fe       ?Cvar_VariableString@@YAPBDPBD@Z 0042a9fe f   cvar.obj
 0001:00029a16       ?Cvar_Get@@YAPAUcvar_t@@PBD0H@Z 0042aa16 f   cvar.obj
 0001:00029cdd       ?Cvar_GetVars@@YAXPBUcvarInfo_t@@H@Z 0042acdd f   cvar.obj
 0001:00029d87       ?Cvar_FullSet@@YAXPAUcvar_t@@PBDI@Z 0042ad87 f   cvar.obj
 0001:00029da6       ?Cvar_FullSet@@YAPAUcvar_t@@PBD0I@Z 0042ada6 f   cvar.obj
 0001:00029de6       ?Cvar_SetValue@@YAPAUcvar_t@@PBDM@Z 0042ade6 f   cvar.obj
 0001:00029f7d       ?Cvar_SetInteger@@YAPAUcvar_t@@PBDH@Z 0042af7d f   cvar.obj
 0001:00029f9f       ?Cvar_Set@@YAPAUcvar_t@@PBD0@Z 0042af9f f   cvar.obj
 0001:00029fb4       ?Cvar_ForceSet@@YAPAUcvar_t@@PBD0@Z 0042afb4 f   cvar.obj
 0001:00029fc9       ?Cvar_Clamp@@YAMPAUcvar_t@@MM@Z 0042afc9 f   cvar.obj
 0001:0002a027       ?Cvar_Command@@YA_NHPAPAD@Z 0042b027 f   cvar.obj
 0001:0002a0c0       ?IsDefault@cvar_t@@QAE_NXZ 0042b0c0 f i cvar.obj
 0001:0002a0dd       ?Cvar_WriteVariables@@YAXPAVCOutputDevice@@HHPBD@Z 0042b0dd f   cvar.obj
 0001:0002a163       ?Cvar_BitInfo@@YAPBDI@Z    0042b163 f   cvar.obj
 0001:0002a1b5       ?Cvar_Cheats@@YAX_N@Z      0042b1b5 f   cvar.obj
 0001:0002aa28       ?MSG_WriteDeltaEntity@@YAXPAVsizebuf_t@@PBUentityStateEx_t@@PAU2@_N33@Z 0042ba28 f   entdelta.obj
 0001:0002afe4       ?MSG_WriteRemoveEntity@@YAXPAVsizebuf_t@@H@Z 0042bfe4 f   entdelta.obj
 0001:0002b024       ?MSG_ReadEntityBits@@YAHPAVsizebuf_t@@PAIPA_N@Z 0042c024 f   entdelta.obj
 0001:0002b095       ?MSG_ReadDeltaEntity@@YAXPAVsizebuf_t@@PBUentityStateEx_t@@PAU2@I@Z 0042c095 f   entdelta.obj
 0001:0002b118       ?MSG_WriteDeltaUsercmd@@YAXPAVsizebuf_t@@PBUusercmd_t@@PAU2@@Z 0042c118 f   entdelta.obj
 0001:0002b1a7       ?MSG_ReadDeltaUsercmd@@YAXPAVsizebuf_t@@PBUusercmd_t@@PAU2@@Z 0042c1a7 f   entdelta.obj
 0001:0002b4aa       ?MSG_WriteDeltaPlayerstate@@YAXPAVsizebuf_t@@PBUplayer_state_t@@PAU2@@Z 0042c4aa f   entdelta.obj
 0001:0002b5b3       ?MSG_ReadDeltaPlayerstate@@YAXPAVsizebuf_t@@PBUplayer_state_t@@PAU2@@Z 0042c5b3 f   entdelta.obj
 0001:0002b66d       ?LoadPCX@@YAXPBDAAPAE1AAH2@Z 0042c66d f   images.obj
 0001:0002b7a8       ?LoadTGA@@YAXPBDAAPAEAAH2@Z 0042c7a8 f   images.obj
 0001:0002b982       ?LoadJPG@@YAXPBDAAPAEAAH2@Z 0042c982 f   images.obj
 0001:0002bc13       ?ImageExists@@YAHPBDH@Z    0042cc13 f   images.obj
 0001:0002bd37       ?WriteTGA@@YA_NPBDPAEHH@Z  0042cd37 f   images.obj
 0001:0002bf2b       ?WriteJPG@@YA_NPBDPAEHH_N@Z 0042cf2b f   images.obj
 0001:0002c05c       ?MD4Init@@YAXPAUMD4_CTX@@@Z 0042d05c f   md4.obj
 0001:0002c084       ?MD4Update@@YAXPAUMD4_CTX@@PAEI@Z 0042d084 f   md4.obj
 0001:0002c122       ?MD4Final@@YAXQAEPAUMD4_CTX@@@Z 0042d122 f   md4.obj
 0001:0002c813       ?Com_BlockChecksum@@YAIPAXH@Z 0042d813 f   md4.obj
 0001:0002c84f       ?LoadQ2BspFile@@YAXXZ      0042d84f f   model.obj
 0001:0002cc05       ?LoadBspFile@@YAPAUbspfile_t@@PBD_NPAI@Z 0042dc05 f   model.obj
 0001:0002cdbe       ?ProcessEntstring@@YAPADPAD@Z 0042ddbe f   model.obj
 0001:0002dc67       ?Init@sizebuf_t@@QAEXPAXH@Z 0042ec67 f   msg.obj
 0001:0002dc82       ?Write@sizebuf_t@@QAEXPBXH@Z 0042ec82 f   msg.obj
 0001:0002dcf2       ?MSG_WriteByte@@YAXPAVsizebuf_t@@H@Z 0042ecf2 f   msg.obj
 0001:0002dcf2       ?MSG_WriteChar@@YAXPAVsizebuf_t@@H@Z 0042ecf2 f   msg.obj
 0001:0002dd03       ?MSG_WriteShort@@YAXPAVsizebuf_t@@H@Z 0042ed03 f   msg.obj
 0001:0002dd14       ?MSG_WriteFloat@@YAXPAVsizebuf_t@@M@Z 0042ed14 f   msg.obj
 0001:0002dd14       ?MSG_WriteLong@@YAXPAVsizebuf_t@@H@Z 0042ed14 f   msg.obj
 0001:0002dd25       ?MSG_WriteString@@YAXPAVsizebuf_t@@PBD@Z 0042ed25 f   msg.obj
 0001:0002dd4f       ?MSG_WritePos@@YAXPAVsizebuf_t@@ABUCVec3@@@Z 0042ed4f f   msg.obj
 0001:0002ddb3       ?MSG_WriteAngle@@YAXPAVsizebuf_t@@M@Z 0042edb3 f   msg.obj
 0001:0002ddde       ?MSG_WriteAngle16@@YAXPAVsizebuf_t@@M@Z 0042edde f   msg.obj
 0001:0002de09       ?MSG_WriteDir@@YAXPAVsizebuf_t@@ABUCVec3@@@Z 0042ee09 f   msg.obj
 0001:0002de71       ?MSG_ReadDir@@YAXPAVsizebuf_t@@AAUCVec3@@@Z 0042ee71 f   msg.obj
 0001:0002dea2       ?MSG_ReadChar@@YAHPAVsizebuf_t@@@Z 0042eea2 f   msg.obj
 0001:0002dec2       ?MSG_ReadByte@@YAHPAVsizebuf_t@@@Z 0042eec2 f   msg.obj
 0001:0002dee2       ?MSG_ReadShort@@YAHPAVsizebuf_t@@@Z 0042eee2 f   msg.obj
 0001:0002df02       ?MSG_ReadLong@@YAHPAVsizebuf_t@@@Z 0042ef02 f   msg.obj
 0001:0002df21       ?MSG_ReadString@@YAPADPAVsizebuf_t@@@Z 0042ef21 f   msg.obj
 0001:0002df54       ?MSG_ReadPos@@YAXPAVsizebuf_t@@AAUCVec3@@@Z 0042ef54 f   msg.obj
 0001:0002dfa6       ?MSG_ReadAngle@@YAMPAVsizebuf_t@@@Z 0042efa6 f   msg.obj
 0001:0002dfc0       ?MSG_ReadAngle16@@YAMPAVsizebuf_t@@@Z 0042efc0 f   msg.obj
 0001:0002dfda       ?MSG_ReadData@@YAXPAVsizebuf_t@@PAXH@Z 0042efda f   msg.obj
 0001:0002dffd       ?Netchan_Init@@YAXXZ       0042effd f   net_chan.obj
 0001:0002e071       ?Netchan_OutOfBandPrint@@YAXW4netsrc_t@@Unetadr_t@@PBDZZ 0042f071 f   net_chan.obj
 0001:0002e0f6       ?Setup@netchan_t@@QAEXW4netsrc_t@@Unetadr_t@@H@Z 0042f0f6 f   net_chan.obj
 0001:0002e14c       ?NeedReliable@netchan_t@@QAE_NXZ 0042f14c f   net_chan.obj
 0001:0002e171       ?Transmit@netchan_t@@QAEXPAXH@Z 0042f171 f   net_chan.obj
 0001:0002e30c       ?Process@netchan_t@@QAE_NPAVsizebuf_t@@@Z 0042f30c f   net_chan.obj
 0001:0002e43a       ?Pmove@@YAXPAUpmove_t@@@Z  0042f43a f   pmove.obj
 0001:00030123       ?NormalizeColor@@YAMABUCVec3@@AAU1@@Z 00431123 f   q_shared2.obj
 0001:0003017f       ?NormalizeColor255@@YAMABUCVec3@@AAU1@@Z 0043117f f   q_shared2.obj
 0001:000301df       ?appRsqrt@@YAMM@Z          004311df f   q_shared2.obj
 0001:0003020b       ?AngleVectors@@YAXABUCVec3@@PAU1@11@Z 0043120b f   q_shared2.obj
 0001:0003036c       ?MakeNormalVectors@@YAXABUCVec3@@AAU1@1@Z 0043136c f   q_shared2.obj
 0001:000303db       ?Vec2Angles@@YAXABUCVec3@@AAU1@@Z 004313db f   q_shared2.obj
 0001:000304de       ?Vec2Yaw@@YAMABUCVec3@@@Z  004314de f   q_shared2.obj
 0001:00030551       ?VectorLength@@YAMABUCVec3@@@Z 00431551 f   q_shared2.obj
 0001:00030580       ?VectorDistance@@YAMABUCVec3@@0@Z 00431580 f   q_shared2.obj
 0001:000305b1       ?LerpAngle@@YAMMMM@Z       004315b1 f   q_shared2.obj
 0001:000305f4       ?AngleMod@@YAMM@Z          004315f4 f   q_shared2.obj
 0001:00030620       ?AngleSubtract@@YAMMM@Z    00431620 f   q_shared2.obj
 0001:00030657       ?AnglesSubtract@@YAXABUCVec3@@0AAU1@@Z 00431657 f   q_shared2.obj
 0001:000306af       ?Normalize@CVec3@@QAEMXZ   004316af f   q_shared2.obj
 0001:00030701       ?VectorNormalize@@YAMABUCVec3@@AAU1@@Z 00431701 f   q_shared2.obj
 0001:00030759       ?NormalizeFast@CVec3@@QAEMXZ 00431759 f   q_shared2.obj
 0001:000307aa       ?cross@@YAXABUCVec3@@0AAU1@@Z 004317aa f   q_shared2.obj
 0001:000307e5       ?Clear@CBox@@QAEXXZ        004317e5 f   q_shared2.obj
 0001:00030803       ?Expand@CBox@@QAEXABUCVec3@@@Z 00431803 f   q_shared2.obj
 0001:00030832       ?Expand@CBox@@QAEXABU1@@Z  00431832 f   q_shared2.obj
 0001:0003086e       ?GetCenter@CBox@@QAEXAAUCVec3@@@Z 0043186e f   q_shared2.obj
 0001:0003088e       ?OnPlaneSide@CBox@@QBEHABUcplane_t@@@Z 0043188e f   q_shared2.obj
 0001:000309bd       ?FromAngles@CAxis@@QAEXABUCVec3@@@Z 004319bd f   q_shared2.obj
 0001:000309fc       ?TransformVector@CAxis@@QBEXABUCVec3@@AAU2@@Z 004319fc f   q_shared2.obj
 0001:00030a4d       ?UnTransformVector@CAxis@@QBEXABUCVec3@@AAU2@@Z 00431a4d f   q_shared2.obj
 0001:00030ab1       ?TransformAxis@CAxis@@QBEXABU1@AAU1@@Z 00431ab1 f   q_shared2.obj
 0001:00030af7       ?UnTransformAxis@CAxis@@QBEXABU1@AAU1@@Z 00431af7 f   q_shared2.obj
 0001:00030b3d       ?TransformPoint@CCoords@@QBEXABUCVec3@@AAU2@@Z 00431b3d f   q_shared2.obj
 0001:00030b9b       ?UnTransformPoint@CCoords@@QBEXABUCVec3@@AAU2@@Z 00431b9b f   q_shared2.obj
 0001:00030c08       ?UnTransformCoords@CCoords@@QBEXABU1@AAU1@@Z 00431c08 f   q_shared2.obj
 0001:00030c32       ?TransformPlane@CCoords@@QBEXABUcplane_t@@AAU2@@Z 00431c32 f   q_shared2.obj
 0001:00030c6a       ?TransformPoint@@YAXABUCVec3@@ABUCAxis@@0AAU1@@Z 00431c6a f   q_shared2.obj
 0001:00030ccd       ?UnTransformPoint@@YAXABUCVec3@@ABUCAxis@@0AAU1@@Z 00431ccd f   q_shared2.obj
 0001:00030d3d       ?COM_Parse@@YAPADAAPBD_N@Z 00431d3d f   q_shared2.obj
 0001:00030e5d       ?COM_QuoteString@@YAPBDPBD_N@Z 00431e5d f   q_shared2.obj
 0001:00030ecf       ?FileExists@CQuakeFileSystem@@UAE_NPBDI@Z 00431ecf f i QuakeFileSystem.obj
 0001:00030f36       ?CheckFilename@CQuakeFileSystem@@AAEXPBD@Z 00431f36 f i QuakeFileSystem.obj
 0001:00030fd5       ?OpenFile@CQuakeFileSystem@@UAEPAVCFile@@PBDI@Z 00431fd5 f i QuakeFileSystem.obj
 0001:00031065       ?List@CQuakeFileSystem@@UAEPAVCFileList@@PBDIPAV2@@Z 00432065 f i QuakeFileSystem.obj
 0001:000310e0       ?FS_Gamedir@@YAPBDXZ       004320e0 f   QuakeFileSystem.obj
 0001:000310e6       ?FS_NextPath@@YAPBDPBD@Z   004320e6 f   QuakeFileSystem.obj
 0001:00031126       ?FS_CopyFile@@YAXPBD0@Z    00432126 f   QuakeFileSystem.obj
 0001:000311fc       ?FS_CopyFiles@@YAXPBD0@Z   004321fc f   QuakeFileSystem.obj
 0001:00031316       ?FS_RemoveFiles@@YAXPBD@Z  00432316 f   QuakeFileSystem.obj
 0001:000313d1       ?InitFileSystem@@YAXXZ     004323d1 f   QuakeFileSystem.obj
 0001:00031505       ?Create@CFileContainerPak@@SAPAVCFileContainer@@PBDPAU_iobuf@@@Z 00432505 f i QuakeFileSystem.obj
 0001:0003166e       ??0CFileContainerArc@@QAE@XZ 0043266e f i QuakeFileSystem.obj
 0001:000316b5       ?GetType@CFileContainerPak@@MAEPBDXZ 004326b5 f i QuakeFileSystem.obj
 0001:000316bb       ?OpenFile@CFileContainerPak@@MAEPAVCFile@@ABVCStringItem@@@Z 004326bb f i QuakeFileSystem.obj
 0001:00031708       ?Read@CFilePak@CFileContainerPak@@UAEHPAXH@Z 00432708 f i QuakeFileSystem.obj
 0001:00031741       ?GetSize@CFilePak@CFileContainerPak@@UAEHXZ 00432741 f i QuakeFileSystem.obj
 0001:00031748       ?Eof@CFilePak@CFileContainerPak@@UAE_NXZ 00432748 f i QuakeFileSystem.obj
 0001:00031755       ??_GCFilePak@CFileContainerPak@@UAEPAXI@Z 00432755 f i QuakeFileSystem.obj
 0001:00031755       ??_ECFilePak@CFileContainerPak@@UAEPAXI@Z 00432755 f i QuakeFileSystem.obj
 0001:00031787       ??_ECZResource@@UAEPAXI@Z  00432787 f i QuakeFileSystem.obj
 0001:00031787       ??_ECFileContainerArc@@UAEPAXI@Z 00432787 f i QuakeFileSystem.obj
 0001:00031787       ??_ECFileContainerPak@@UAEPAXI@Z 00432787 f i QuakeFileSystem.obj
 0001:00031787       ??_ECFileContainerZip@@UAEPAXI@Z 00432787 f i QuakeFileSystem.obj
 0001:00031787       ??_GCFileContainerZip@@UAEPAXI@Z 00432787 f i QuakeFileSystem.obj
 0001:00031787       ??_GCFileContainerPak@@UAEPAXI@Z 00432787 f i QuakeFileSystem.obj
 0001:00031787       ??_GCFileContainerArc@@UAEPAXI@Z 00432787 f i QuakeFileSystem.obj
 0001:00031787       ??_GCZResource@@UAEPAXI@Z  00432787 f i QuakeFileSystem.obj
 0001:000317b3       ?Create@CFileContainerZip@@SAPAVCFileContainer@@PBDPAU_iobuf@@@Z 004327b3 f i QuakeFileSystem.obj
 0001:00031abd       ?GetType@CFileContainerZip@@MAEPBDXZ 00432abd f i QuakeFileSystem.obj
 0001:00031ac3       ?OpenFile@CFileContainerZip@@MAEPAVCFile@@ABVCStringItem@@@Z 00432ac3 f i QuakeFileSystem.obj
 0001:00031b5f       ??0CFilePak@CFileContainerZip@@QAE@ABVCFileInfo@1@PAU_iobuf@@@Z 00432b5f f i QuakeFileSystem.obj
 0001:00031baf       ?Read@CFilePak@CFileContainerZip@@UAEHPAXH@Z 00432baf f i QuakeFileSystem.obj
 0001:00031cf8       ?GetSize@CFilePak@CFileContainerZip@@UAEHXZ 00432cf8 f i QuakeFileSystem.obj
 0001:00031d02       ?Eof@CFilePak@CFileContainerZip@@UAE_NXZ 00432d02 f i QuakeFileSystem.obj
 0001:00031d15       ??_ECFilePak@CFileContainerZip@@UAEPAXI@Z 00432d15 f i QuakeFileSystem.obj
 0001:00031d15       ??_GCFilePak@CFileContainerZip@@UAEPAXI@Z 00432d15 f i QuakeFileSystem.obj
 0001:00031d31       ??1CFilePak@CFileContainerZip@@UAE@XZ 00432d31 f i QuakeFileSystem.obj
 0001:00031da0       ?Mount@CZResource@@SAPAVCFileContainer@@PBDPBE0PAVCFileSystem@@@Z 00432da0 f i QuakeFileSystem.obj
 0001:00031f4c       ?GetType@CZResource@@MAEPBDXZ 00432f4c f i QuakeFileSystem.obj
 0001:00031f52       ?OpenFile@CZResource@@MAEPAVCFile@@ABVCStringItem@@@Z 00432f52 f i QuakeFileSystem.obj
 0001:00031f80       ??0CFileRes@CZResource@@QAE@ABVCFileInfo@1@PBXH@Z 00432f80 f i QuakeFileSystem.obj
 0001:00032033       ?Read@CFileRes@CZResource@@UAEHPAXH@Z 00433033 f i QuakeFileSystem.obj
 0001:00032085       ?GetSize@CFileRes@CZResource@@UAEHXZ 00433085 f i QuakeFileSystem.obj
 0001:0003208c       ?Eof@CFileRes@CZResource@@UAE_NXZ 0043308c f i QuakeFileSystem.obj
 0001:00032099       ??_GCFileRes@CZResource@@UAEPAXI@Z 00433099 f i QuakeFileSystem.obj
 0001:00032099       ??_ECFileRes@CZResource@@UAEPAXI@Z 00433099 f i QuakeFileSystem.obj
 0001:000320c8       ?MountGame@CQuakeFileSystem@@QAEXPBD@Z 004330c8 f i QuakeFileSystem.obj
 0001:00032113       ?SetGameDir@CQuakeFileSystem@@QAE_NPBD@Z 00433113 f i QuakeFileSystem.obj
 0001:00032313       ?FS_Tick@@YAXXZ            00433313 f   QuakeFileSystem.obj
 0001:00032458       ?CDAudio_Play2@@YAXH_N@Z   00433458 f   cd_win.obj
 0001:00032637       ?CDAudio_Play@@YAXH_N@Z    00433637 f   cd_win.obj
 0001:0003264e       ?CDAudio_Stop@@YAXXZ       0043364e f   cd_win.obj
 0001:00032693       ?CDAudio_Pause@@YAXXZ      00433693 f   cd_win.obj
 0001:000326ec       ?CDAudio_Resume@@YAXXZ     004336ec f   cd_win.obj
 0001:0003275b       ?CDAudio_Update@@YAXXZ     0043375b f   cd_win.obj
 0001:0003278f       ?CDAudio_Init@@YAHXZ       0043378f f   cd_win.obj
 0001:00032bf1       ?CDAudio_Shutdown@@YAXXZ   00433bf1 f   cd_win.obj
 0001:00032c24       ?CDAudio_Activate@@YAX_N@Z 00433c24 f   cd_win.obj
 0001:00032c35       ?IN_Commands@@YAXXZ        00433c35 f   in_win.obj
 0001:00032d5d       ?IN_Init@@YAXXZ            00433d5d f   in_win.obj
 0001:0003319c       ?IN_Shutdown@@YAXXZ        0043419c f   in_win.obj
 0001:000333eb       ?IN_Move@@YAXPAUusercmd_t@@@Z 004343eb f   in_win.obj
 0001:000339c8       ?IN_Activate@@YAX_N@Z      004349c8 f   in_win.obj
 0001:000339d2       ?IN_Frame@@YAXXZ           004349d2 f   in_win.obj
 0001:00033d3a       ?NET_CompareAdr@@YA_NPAUnetadr_t@@0@Z 00434d3a f   net_wins.obj
 0001:00033d76       ?NET_CompareBaseAdr@@YA_NPAUnetadr_t@@0@Z 00434d76 f   net_wins.obj
 0001:00033da5       ?NET_AdrToString@@YAPADPAUnetadr_t@@@Z 00434da5 f   net_wins.obj
 0001:00033e01       ?NET_StringToAdr@@YA_NPBDPAUnetadr_t@@F@Z 00434e01 f   net_wins.obj
 0001:00033f0d       ?NET_IsLocalAddress@@YA_NPAUnetadr_t@@@Z 00434f0d f   net_wins.obj
 0001:00033f19       ?NET_GetLoopPacket@@YA_NW4netsrc_t@@PAUnetadr_t@@PAVsizebuf_t@@@Z 00434f19 f   net_wins.obj
 0001:00033fa2       ?NET_SendLoopPacket@@YAXW4netsrc_t@@HPAXUnetadr_t@@@Z 00434fa2 f   net_wins.obj
 0001:00033ff7       ?NET_GetPacket@@YA_NW4netsrc_t@@PAUnetadr_t@@PAVsizebuf_t@@@Z 00434ff7 f   net_wins.obj
 0001:000340d0       ?NET_SendPacket@@YAXW4netsrc_t@@HPAXUnetadr_t@@@Z 004350d0 f   net_wins.obj
 0001:000341a4       ?NET_Config@@YAX_N@Z       004351a4 f   net_wins.obj
 0001:00034376       ?NET_Init@@YAXXZ           00435376 f   net_wins.obj
 0001:000343f4       ?SNDDMA_Init@@YA_NXZ       004353f4 f   snd_win.obj
 0001:00034a33       ?SNDDMA_GetDMAPos@@YAHXZ   00435a33 f   snd_win.obj
 0001:00034a7d       ?SNDDMA_BeginPainting@@YAXXZ 00435a7d f   snd_win.obj
 0001:00034b95       ?SNDDMA_Submit@@YAXXZ      00435b95 f   snd_win.obj
 0001:00034bba       ?SNDDMA_Shutdown@@YAXXZ    00435bba f   snd_win.obj
 0001:00034bbf       ?S_Activate@@YAX_N@Z       00435bbf f   snd_win.obj
 0001:00034c08       ?Write@COutputDeviceWin32Console@@UAEXPBD@Z 00435c08 f i sys_win.obj
 0001:00034c80       ?EraseInput@COutputDeviceWin32Console@@QAEXXZ 00435c80 f i sys_win.obj
 0001:00034cef       ?Sys_ConsoleInput@@YAPADXZ 00435cef f   sys_win.obj
 0001:00034f78       ?Sys_ProcessMessages@@YAXXZ 00435f78 f   sys_win.obj
 0001:00035031       ?Sys_UnloadGame@@YAXXZ     00436031 f   sys_win.obj
 0001:000350ac       ?Sys_GetGameAPI@@YAPAXPAX@Z 004360ac f   sys_win.obj
 0001:000351e9       _WinMain@16                004361e9 f   sys_win.obj
 0001:0003552b       ?Init@COutputDeviceWin32Console@@QAEXXZ 0043652b f i sys_win.obj
 0001:00035555       ?AddMsgHook@@YAXP6A_NIIJ@Z@Z 00436555 f   vid_dll.obj
 0001:00035599       ?RemoveMsgHook@@YAXP6A_NIIJ@Z@Z 00436599 f   vid_dll.obj
 0001:000355c8       ?Vid_CreateWindow@@YAPAXHH_N@Z 004365c8 f   vid_dll.obj
 0001:00035cd8       ?Vid_DestroyWindow@@YAX_N@Z 00436cd8 f   vid_dll.obj
 0001:00035d14       ?Vid_Restart@@YAXXZ        00436d14 f   vid_dll.obj
 0001:00035d20       ?Vid_GetModeInfo@@YA_NPAH0H@Z 00436d20 f   vid_dll.obj
 0001:00035d50       ?Vid_Tick@@YAXXZ           00436d50 f   vid_dll.obj
 0001:00035f00       ?Vid_Init@@YAXXZ           00436f00 f   vid_dll.obj
 0001:00035fa3       ?Vid_Shutdown@@YAXXZ       00436fa3 f   vid_dll.obj
 0001:00035fc2       ?Tesselate@surfacePlanar_t@OpenGLDrv@@UAEXAAUrefEntity_t@2@@Z 00436fc2 f   gl_backend.obj
 0001:0003699e       ?Negate@CVec3@@QAEXXZ      0043799e f i gl_backend.obj
 0001:000385c9       ?Tesselate@surfacePoly_t@OpenGLDrv@@UAEXAAUrefEntity_t@2@@Z 004395c9 f   gl_backend.obj
 0001:000386d0       ?Tesselate@surfaceMd3_t@OpenGLDrv@@UAEXAAUrefEntity_t@2@@Z 004396d0 f   gl_backend.obj
 0001:00038a5f       ?DrawTriangles@OpenGLDrv@@YA_NXZ 00439a5f f   gl_backend.obj
 0001:00038b74       ?DrawNormals@OpenGLDrv@@YA_NXZ 00439b74 f   gl_backend.obj
 0001:00038c7e       ?Tesselate@surfaceEntity_t@OpenGLDrv@@UAEXAAUrefEntity_t@2@@Z 00439c7e f   gl_backend.obj
 0001:00038d62       ?Tesselate@surfaceParticle_t@OpenGLDrv@@UAEXAAUrefEntity_t@2@@Z 00439d62 f   gl_backend.obj
 0001:00038fb2       ?BK_DrawScene@OpenGLDrv@@YAXXZ 00439fb2 f   gl_backend.obj
 0001:000395da       ?BK_DrawPic@OpenGLDrv@@YAXPAVshader_t@1@HHHHMMMMIE@Z 0043a5da f   gl_backend.obj
 0001:000397bb       ?BK_DrawText@OpenGLDrv@@YAXPBDHHHHHI@Z 0043a7bb f   gl_backend.obj
 0001:000399b0       ?BK_BeginFrame@OpenGLDrv@@YAXXZ 0043a9b0 f   gl_backend.obj
 0001:00039a14       ?BK_EndFrame@OpenGLDrv@@YAXXZ 0043aa14 f   gl_backend.obj
 0001:00039a53       ?BK_Init@OpenGLDrv@@YAXXZ  0043aa53 f   gl_backend.obj
 0001:00039a82       ?BK_Shutdown@OpenGLDrv@@YAXXZ 0043aa82 f   gl_backend.obj
 0001:00039a9a       ?AllocDynamicMemory@OpenGLDrv@@YAPAXH@Z 0043aa9a f   gl_buffers.obj
 0001:00039b05       ?ResizeDynamicMemory@OpenGLDrv@@YAXPAXH@Z 0043ab05 f   gl_buffers.obj
 0001:00039b47       ?AddSurfaceToPortal@OpenGLDrv@@YAXPAVsurfaceBase_t@1@PAVshader_t@1@HH@Z 0043ab47 f   gl_buffers.obj
 0001:00039bb8       ?InsertShaderIndex@OpenGLDrv@@YAXH@Z 0043abb8 f   gl_buffers.obj
 0001:00039bf1       ?ClearPortal@OpenGLDrv@@YAXXZ 0043abf1 f   gl_buffers.obj
 0001:00039c0f       ?SortSurfaces@OpenGLDrv@@YAXPAUviewPortal_t@1@PAPAUsurfaceInfo_t@1@@Z 0043ac0f f   gl_buffers.obj
 0001:00039da1       ?ClearBuffers@OpenGLDrv@@YAXXZ 0043ada1 f   gl_buffers.obj
 0001:00039db8       ?CreateBuffers@OpenGLDrv@@YAXXZ 0043adb8 f   gl_buffers.obj
 0001:00039dde       ?FreeBuffers@OpenGLDrv@@YAXXZ 0043adde f   gl_buffers.obj
 0001:00039e02       ?InitEntity@model_t@OpenGLDrv@@UAE_NPAUentity_t@@PAUrefEntity_t@2@@Z 0043ae02 f   gl_frontend.obj
 0001:00039e07       ?AddSurfaces@model_t@OpenGLDrv@@UAEXPAUrefEntity_t@2@@Z 0043ae07 f   gl_frontend.obj
 0001:00039e35       ?GetLeaf@model_t@OpenGLDrv@@UAEPAUnode_t@2@PAUrefEntity_t@2@@Z 0043ae35 f   gl_frontend.obj
 0001:00039e46       ?DrawLabel@model_t@OpenGLDrv@@UAEXPAUrefEntity_t@2@@Z 0043ae46 f   gl_frontend.obj
 0001:00039e49       ?InitEntity@inlineModel_t@OpenGLDrv@@UAE_NPAUentity_t@@PAUrefEntity_t@2@@Z 0043ae49 f   gl_frontend.obj
 0001:00039e9b       ?AddSurfaces@inlineModel_t@OpenGLDrv@@UAEXPAUrefEntity_t@2@@Z 0043ae9b f   gl_frontend.obj
 0001:0003a389       ?GetLeaf@inlineModel_t@OpenGLDrv@@UAEPAUnode_t@2@PAUrefEntity_t@2@@Z 0043b389 f   gl_frontend.obj
 0001:0003a52e       ?DrawLabel@inlineModel_t@OpenGLDrv@@UAEXPAUrefEntity_t@2@@Z 0043b52e f   gl_frontend.obj
 0001:0003a574       ?InitEntity@md3Model_t@OpenGLDrv@@UAE_NPAUentity_t@@PAUrefEntity_t@2@@Z 0043b574 f   gl_frontend.obj
 0001:0003a752       ?AddSurfaces@md3Model_t@OpenGLDrv@@UAEXPAUrefEntity_t@2@@Z 0043b752 f   gl_frontend.obj
 0001:0003a88c       ?GetLeaf@md3Model_t@OpenGLDrv@@UAEPAUnode_t@2@PAUrefEntity_t@2@@Z 0043b88c f   gl_frontend.obj
 0001:0003a8c4       ?DrawLabel@md3Model_t@OpenGLDrv@@UAEXPAUrefEntity_t@2@@Z 0043b8c4 f   gl_frontend.obj
 0001:0003a92a       ?InitEntity@sprModel_t@OpenGLDrv@@UAE_NPAUentity_t@@PAUrefEntity_t@2@@Z 0043b92a f   gl_frontend.obj
 0001:0003a94a       ?AddSurfaces@sprModel_t@OpenGLDrv@@UAEXPAUrefEntity_t@2@@Z 0043b94a f   gl_frontend.obj
 0001:0003aacd       ?GetLeaf@sprModel_t@OpenGLDrv@@UAEPAUnode_t@2@PAUrefEntity_t@2@@Z 0043bacd f   gl_frontend.obj
 0001:0003abae       ?AddEntity@OpenGLDrv@@YAXPAUentity_t@@@Z 0043bbae f   gl_frontend.obj
 0001:0003ad3d       ?AddDlight@OpenGLDrv@@YAXPAUdlight_t@@@Z 0043bd3d f   gl_frontend.obj
 0001:0003aef5       ?DrawPortal@OpenGLDrv@@YAXXZ 0043bef5 f   gl_frontend.obj
 0001:0003cebf       ?GL_TextureMode@OpenGLDrv@@YAXPBD@Z 0043debf f   gl_image.obj
 0001:0003cf67       ?CreateImage@OpenGLDrv@@YAPAVimage_t@1@PBDPAXHHI@Z 0043df67 f   gl_image.obj
 0001:0003dd08       ?LoadDelayedImages@OpenGLDrv@@YAXXZ 0043ed08 f   gl_image.obj
 0001:0003dd9b       ?DrawStretchRaw8@OpenGLDrv@@YAXHHHHHHPAEPAI@Z 0043ed9b f   gl_image.obj
 0001:0003e172       ?SetupGamma@OpenGLDrv@@YAXXZ 0043f172 f   gl_image.obj
 0001:0003e2b8       ?PerformScreenshot@OpenGLDrv@@YAXXZ 0043f2b8 f   gl_image.obj
 0001:0003e528       ?InitImages@OpenGLDrv@@YAXXZ 0043f528 f   gl_image.obj
 0001:0003ed05       ?ShutdownImages@OpenGLDrv@@YAXXZ 0043fd05 f   gl_image.obj
 0001:0003ed6c       ?ShowImages@OpenGLDrv@@YAXXZ 0043fd6c f   gl_image.obj
 0001:0003eff8       ?FindImage@OpenGLDrv@@YAPAVimage_t@1@PBDI@Z 0043fff8 f   gl_image.obj
 0001:0003f374       ?GL_Lock@OpenGLDrv@@YAXXZ  00440374 f   gl_interface.obj
 0001:0003f3ec       ?GL_Unlock@OpenGLDrv@@YAXXZ 004403ec f   gl_interface.obj
 0001:0003f5ae       ?GL_Bind@OpenGLDrv@@YAXPBVimage_t@1@@Z 004405ae f   gl_interface.obj
 0001:0003f6d8       ?GL_BindForce@OpenGLDrv@@YAXPBVimage_t@1@@Z 004406d8 f   gl_interface.obj
 0001:0003f756       ?GL_TexEnv@OpenGLDrv@@YAXI@Z 00440756 f   gl_interface.obj
 0001:0003f8d5       ?GL_TexMipBias@OpenGLDrv@@YAXM@Z 004408d5 f   gl_interface.obj
 0001:0003f930       ?GL_TexEnvColor@OpenGLDrv@@YAXPBTcolor_t@@@Z 00440930 f   gl_interface.obj
 0001:0003f9e0       ?GL_SelectTexture@OpenGLDrv@@YAXH@Z 004409e0 f   gl_interface.obj
 0001:0003fa41       ?GL_TexCoordPointer@OpenGLDrv@@YAXPAX@Z 00440a41 f   gl_interface.obj
 0001:0003fa71       ?GL_SetMultitexture@OpenGLDrv@@YAXH@Z 00440a71 f   gl_interface.obj
 0001:0003fb57       ?GL_DisableTexCoordArrays@OpenGLDrv@@YAXXZ 00440b57 f   gl_interface.obj
 0001:0003fbab       ?GL_CullFace@OpenGLDrv@@YAXW4gl_cullMode_t@1@@Z 00440bab f   gl_interface.obj
 0001:0003fbfc       ?GL_DepthRange@OpenGLDrv@@YAXW4gl_depthMode_t@1@@Z 00440bfc f   gl_interface.obj
 0001:0003fc2f       ?GL_State@OpenGLDrv@@YAXI@Z 00440c2f f   gl_interface.obj
 0001:0003fd7f       ?GL_EnableFog@OpenGLDrv@@YAX_N@Z 00440d7f f   gl_interface.obj
 0001:0003fe77       ?GL_SetDefaultState@OpenGLDrv@@YAXXZ 00440e77 f   gl_interface.obj
 0001:0003ffd3       ?GL_Set2DMode@OpenGLDrv@@YAXXZ 00440fd3 f   gl_interface.obj
 0001:000400ce       ?GL_Set3DMode@OpenGLDrv@@YAXPAUviewPortal_t@1@@Z 004410ce f   gl_interface.obj
 0001:000401b6       ?ShowLights@OpenGLDrv@@YAXXZ 004411b6 f   gl_light.obj
 0001:0004059f       ?LightForEntity@OpenGLDrv@@YAXPAUrefEntity_t@1@@Z 0044159f f   gl_light.obj
 0001:00041831       ?DiffuseLight@OpenGLDrv@@YAXPATcolor_t@@M@Z 00442831 f   gl_light.obj
 0001:00041a7d       ?InitLightGrid@OpenGLDrv@@YAXXZ 00442a7d f   gl_light.obj
 0001:00041b23       ?PostLoadLights@OpenGLDrv@@YAXXZ 00442b23 f   gl_light.obj
 0001:00041db3       ?LM_Init@OpenGLDrv@@YAXXZ  00442db3 f   gl_lightmap.obj
 0001:00041dc9       ?LM_Flush@OpenGLDrv@@YAXPAUlightmapBlock_t@1@@Z 00442dc9 f   gl_lightmap.obj
 0001:00041e26       ?LM_Done@OpenGLDrv@@YAXXZ  00442e26 f   gl_lightmap.obj
 0001:00041e4d       ?LM_Save@OpenGLDrv@@YAXPAUlightmapBlock_t@1@@Z 00442e4d f   gl_lightmap.obj
 0001:00041e65       ?LM_Restore@OpenGLDrv@@YAXPAUlightmapBlock_t@1@@Z 00442e65 f   gl_lightmap.obj
 0001:00041e7d       ?LM_NewBlock@OpenGLDrv@@YAPAUlightmapBlock_t@1@XZ 00442e7d f   gl_lightmap.obj
 0001:00041edc       ?LM_Rewind@OpenGLDrv@@YAXXZ 00442edc f   gl_lightmap.obj
 0001:00041ee4       ?LM_NextBlock@OpenGLDrv@@YAPAUlightmapBlock_t@1@XZ 00442ee4 f   gl_lightmap.obj
 0001:00041f11       ?LM_CheckMinlight@OpenGLDrv@@YAXPAUdynamicLightmap_t@1@@Z 00442f11 f   gl_lightmap.obj
 0001:00041fa7       ?LM_AllocBlock@OpenGLDrv@@YA_NPAUlightmapBlock_t@1@PAUdynamicLightmap_t@1@@Z 00442fa7 f   gl_lightmap.obj
 0001:0004205e       ?LM_PutBlock@OpenGLDrv@@YAXPAUdynamicLightmap_t@1@@Z 0044305e f   gl_lightmap.obj
 0001:0004248b       ?LM_SortLightStyles@OpenGLDrv@@YAXPAUdynamicLightmap_t@1@@Z 0044348b f   gl_lightmap.obj
 0001:0004251c       ?UpdateDynamicLightmap@OpenGLDrv@@YAXPAVsurfacePlanar_t@1@_NI@Z 0044351c f   gl_lightmap.obj
 0001:00042a2e       ?LM_IsMonotone@OpenGLDrv@@YA_NPAUdynamicLightmap_t@1@PATcolor_t@@@Z 00443a2e f   gl_lightmap.obj
 0001:00042b35       ?Init@OpenGLDrv@@YA_NXZ    00443b35 f   gl_main.obj
 0001:0004317a       ?Shutdown@OpenGLDrv@@YAX_N@Z 0044417a f   gl_main.obj
 0001:00043203       ?GL_EnableRendering@OpenGLDrv@@YAX_N@Z 00444203 f   gl_main.obj
 0001:0004321e       ?BeginFrame@OpenGLDrv@@YAXN@Z 0044421e f   gl_main.obj
 0001:00043348       ?EndFrame@OpenGLDrv@@YAXXZ 00444348 f   gl_main.obj
 0001:00043360       ?RenderFrame@OpenGLDrv@@YAXPAUrefdef_t@@@Z 00444360 f   gl_main.obj
 0001:00043c28       ?Fill8@OpenGLDrv@@YAXHHHHH@Z 00444c28 f   gl_main.obj
 0001:00043c6b       ?Fill@OpenGLDrv@@YAXHHHHI@Z 00444c6b f   gl_main.obj
 0001:00043ca7       ?TileClear@OpenGLDrv@@YAXHHHHPBD@Z 00444ca7 f   gl_main.obj
 0001:00043d48       ?DrawStretchPic@OpenGLDrv@@YAXHHHHPBD@Z 00444d48 f   gl_main.obj
 0001:00043d8d       ?DrawDetailedPic@OpenGLDrv@@YAXHHHHPBD@Z 00444d8d f   gl_main.obj
 0001:00043e37       ?DrawPic@OpenGLDrv@@YAXHHPBDHH@Z 00444e37 f   gl_main.obj
 0001:00043ebf       ?LoadNewWorld@OpenGLDrv@@YAXPBD@Z 00444ebf f   gl_main.obj
 0001:00043ef1       ?DumpLoadStats@OpenGLDrv@@YAXXZ 00444ef1 f   gl_main.obj
 0001:00043f77       ?FinishLoadingWorld@OpenGLDrv@@YAXXZ 00444f77 f   gl_main.obj
 0001:00043f7c       ?RegisterPic@OpenGLDrv@@YAPAVCBasicImage@@PBD@Z 00444f7c f   gl_main.obj
 0001:00043f8d       ?RegisterSkin@OpenGLDrv@@YAPAVCBasicImage@@PBD_N@Z 00444f8d f   gl_main.obj
 0001:00043fab       ?RegisterModel@OpenGLDrv@@YAPAVCRenderModel@@PBD@Z 00444fab f   gl_main.obj
 0001:00043fb6       ?SetSky@OpenGLDrv@@YAXPBDMABUCVec3@@@Z 00444fb6 f   gl_main.obj
 0001:00044054       ?Screenshot@OpenGLDrv@@YAXHPBD@Z 00445054 f   gl_main.obj
 0001:0004407b       ?GetClientLight@OpenGLDrv@@YAMXZ 0044507b f   gl_main.obj
 0001:00044082       ?InitFuncTables@OpenGLDrv@@YAXXZ 00445082 f   gl_math.obj
 0001:00044228       ?BuildRotationAxis@OpenGLDrv@@YAXAAUCAxis@@ABUCVec3@@M@Z 00445228 f   gl_math.obj
 0001:0004431f       ?GetBoxRect@OpenGLDrv@@YA_NPBUrefEntity_t@1@ABUCVec3@@QAM2_N@Z 0044531f f   gl_math.obj
 0001:00044629       ?ProjectToScreen@OpenGLDrv@@YA_NABUCVec3@@QAH@Z 00445629 f   gl_math.obj
 0001:0004476c       ?SaturateColor3f@OpenGLDrv@@YAXAAUCVec3@@@Z 0044576c f   gl_math.obj
 0001:0004485c       ?SaturateColor4b@OpenGLDrv@@YAXPATcolor_t@@@Z 0044585c f   gl_math.obj
 0001:0004496a       ?SubdividePlane@OpenGLDrv@@YAHPAPAUCVec3@@HM@Z 0044596a f   gl_poly.obj
 0001:00044deb       ?FreeSubdividedPlane@OpenGLDrv@@YAXXZ 00445deb f   gl_poly.obj
 0001:00044e03       ?GetSubdivideIndexes@OpenGLDrv@@YAXPAH@Z 00445e03 f   gl_poly.obj
 0001:00044e56       ?RemoveCollinearPoints@OpenGLDrv@@YAHPAPAUCVec3@@H@Z 00445e56 f   gl_poly.obj
 0001:00044f4c       ?GetPolyArea@OpenGLDrv@@YAMPAPAUCVec3@@H@Z 00445f4c f   gl_poly.obj
 0001:00044fe0       ?InitShaders@OpenGLDrv@@YAXXZ 00445fe0 f   gl_shader.obj
 0001:00045165       ?ShutdownShaders@OpenGLDrv@@YAXXZ 00446165 f   gl_shader.obj
 0001:000451a3       ?GetLightmapImage@OpenGLDrv@@YAPAVimage_t@1@H@Z 004461a3 f   gl_shader.obj
 0001:000451cb       ?SetShaderLightmap@OpenGLDrv@@YAPAVshader_t@1@PAV21@H@Z 004461cb f   gl_shader.obj
 0001:000454ea       ??4shader_t@OpenGLDrv@@QAEAAV01@ABV01@@Z 004464ea f i gl_shader.obj
 0001:00045720       ?SetShaderLightstyles@OpenGLDrv@@YAPAVshader_t@1@PAV21@I@Z 00446720 f   gl_shader.obj
 0001:000457bc       ?GetAlphaShader@OpenGLDrv@@YAPAVshader_t@1@PAV21@@Z 004467bc f   gl_shader.obj
 0001:00045bb2       ?FindShader@OpenGLDrv@@YAPAVshader_t@1@PBDI@Z 00446bb2 f   gl_shader.obj
 0001:000474f5       ?GetShaderByNum@OpenGLDrv@@YAPAVshader_t@1@H@Z 004484f5 f   gl_shader.obj
 0001:00047513       ?ResetShaders@OpenGLDrv@@YAXXZ 00448513 f   gl_shader.obj
 0001:000476fe       ?Reload@shader_t@OpenGLDrv@@UAEXXZ 004486fe f   gl_shader.obj
 0001:0004772d       ?ClearSky@OpenGLDrv@@YAXXZ 0044872d f   gl_sky.obj
 0001:0004778a       ?AddSkySurface@OpenGLDrv@@YAXPAVsurfacePlanar_t@1@E@Z 0044878a f   gl_sky.obj
 0001:00047d52       ?DrawSky@OpenGLDrv@@YAXXZ  00448d52 f   gl_sky.obj
 0001:000483f6       ?DrawChar@OpenGLDrv@@YAXHHHH@Z 004493f6 f   gl_text.obj
 0001:00048450       ?ClearTexts@OpenGLDrv@@YAXXZ 00449450 f   gl_text.obj
 0001:00048465       ?FlushTexts@OpenGLDrv@@YAXXZ 00449465 f   gl_text.obj
 0001:00048511       ?DrawTextPos@OpenGLDrv@@YAXHHPBDI@Z 00449511 f   gl_text.obj
 0001:0004853d       ?DrawTextLeft@OpenGLDrv@@YAXPBDI@Z 0044953d f   gl_text.obj
 0001:000485c4       ?DrawTextRight@OpenGLDrv@@YAXPBDI@Z 004495c4 f   gl_text.obj
 0001:0004860e       ?DrawText3D@OpenGLDrv@@YAXABUCVec3@@PBDI@Z 0044960e f   gl_text.obj
 0001:0004863b       ?InitTexts@OpenGLDrv@@YAXXZ 0044963b f   gl_text.obj
 0001:00048655       ??0?$TTextContainer@UCRText@OpenGLDrv@@$0BAAAA@@@QAE@XZ 00449655 f i gl_text.obj
 0001:0004867a       ?FindModel@OpenGLDrv@@YAPAVmodel_t@1@PBD@Z 0044967a f   gl_model.obj
 0001:00048856       ?FreeModels@OpenGLDrv@@YAXXZ 00449856 f   gl_model.obj
 0001:000488c8       ?InitModels@OpenGLDrv@@YAXXZ 004498c8 f   gl_model.obj
 0001:000489be       ?ShutdownModels@OpenGLDrv@@YAXXZ 004499be f   gl_model.obj
 0001:000489cf       ?LoadWorldMap@OpenGLDrv@@YAXPBD@Z 004499cf f   gl_bspmodel.obj
 0001:0004a4d7       ?PointInLeaf@OpenGLDrv@@YAPAUnode_t@1@ABUCVec3@@@Z 0044b4d7 f   gl_bspmodel.obj
 0001:0004a522       ?CALL_CONSTRUCTOR@@YAXPAVinlineModel_t@OpenGLDrv@@@Z 0044b522 f i gl_bspmodel.obj
 0001:0004a538       ?LerpTag@model_t@OpenGLDrv@@UBE_NHHMPBDAAUCCoords@@@Z 0044b538 f   gl_trimodel.obj
 0001:0004a546       ?LerpTag@md3Model_t@OpenGLDrv@@UBE_NHHMPBDAAUCCoords@@@Z 0044b546 f   gl_trimodel.obj
 0001:0004a656       ?LoadMd2@OpenGLDrv@@YAPAVmd3Model_t@1@PBDPAEI@Z 0044b656 f   gl_trimodel.obj
 0001:0004b1b8       ?ATAN2_FUNC@OpenGLDrv@@YAMMM@Z 0044c1b8 f i gl_trimodel.obj
 0001:0004b36e       ?LoadMd3@OpenGLDrv@@YAPAVmd3Model_t@1@PBDPAEI@Z 0044c36e f   gl_trimodel.obj
 0001:0004b823       ?LoadSp2@OpenGLDrv@@YAPAVsprModel_t@1@PBDPAEI@Z 0044c823 f   gl_trimodel.obj
 0001:0004ba3b       ?LoadSpr@OpenGLDrv@@YAPAVsprModel_t@1@PBDPAEI@Z 0044ca3b f   gl_trimodel.obj
 0001:0004bb44       ?CALL_CONSTRUCTOR@@YAXPAVmd3Model_t@OpenGLDrv@@@Z 0044cb44 f i gl_trimodel.obj
 0001:0004bb5a       ?CALL_CONSTRUCTOR@@YAXPAVsprModel_t@OpenGLDrv@@@Z 0044cb5a f i gl_trimodel.obj
 0001:0004d117       ?QGL_Init@OpenGLDrv@@YA_NPBD@Z 0044e117 f   qgl_win.obj
 0001:0004d1f9       ?QGL_Shutdown@OpenGLDrv@@YAXXZ 0044e1f9 f   qgl_win.obj
 0001:0004d240       ?QGL_InitExtensions@OpenGLDrv@@YAXXZ 0044e240 f   qgl_win.obj
 0001:0004d72c       ?QGL_PrintExtensionsString@OpenGLDrv@@YAXPBD00@Z 0044e72c f   qgl_win.obj
 0001:0004d879       ?QGL_EnableLogging@OpenGLDrv@@YAX_N@Z 0044e879 f   qgl_win.obj
 0001:0004d927       ?QGL_LogMessage@OpenGLDrv@@YAXPBD@Z 0044e927 f   qgl_win.obj
 0001:0004d93d       ?QGL_SwapBuffers@OpenGLDrv@@YAXXZ 0044e93d f   qgl_win.obj
 0001:0004d9bf       ?GLimp_HasGamma@OpenGLDrv@@YA_NXZ 0044e9bf f   gl_win.obj
 0001:0004d9d3       ?GLimp_SetGamma@OpenGLDrv@@YAXM@Z 0044e9d3 f   gl_win.obj
 0001:0004db79       ?GLimp_SetMode@OpenGLDrv@@YA_NPAI0H_N@Z 0044eb79 f   gl_win.obj
 0001:0004df4d       ?GLimp_Shutdown@OpenGLDrv@@YAX_N@Z 0044ef4d f   gl_win.obj
 0001:0004dffa       ?AppActivate@OpenGLDrv@@YAX_N@Z 0044effa f   gl_win.obj
 0001:0004e06a       _jpeg_CreateDecompress     0044f06a f   lib:jdapimin.obj
 0001:0004e12a       _jpeg_destroy_compress     0044f12a f   lib:jdapimin.obj
 0001:0004e12a       _jpeg_destroy_decompress   0044f12a f   lib:jdapimin.obj
 0001:0004e135       _jpeg_read_header          0044f135 f   lib:jdapimin.obj
 0001:0004e197       _jpeg_consume_input        0044f197 f   lib:jdapimin.obj
 0001:0004e3e6       _jpeg_finish_decompress    0044f3e6 f   lib:jdapimin.obj
 0001:0004e47d       _jpeg_start_decompress     0044f47d f   lib:jdapistd.obj
 0001:0004e5ea       _jpeg_read_scanlines       0044f5ea f   lib:jdapistd.obj
 0001:0004e66e       _jpeg_resync_to_restart    0044f66e f   lib:jdmarker.obj
 0001:0004e833       _jinit_marker_reader       0044f833 f   lib:jdmarker.obj
 0001:0004fcfe       _jpeg_CreateCompress       00450cfe f   lib:jcapimin.obj
 0001:0004fdb2       _jpeg_suppress_tables      00450db2 f   lib:jcapimin.obj
 0001:0004fdfc       _jpeg_finish_compress      00450dfc f   lib:jcapimin.obj
 0001:0004fee6       _jpeg_start_compress       00450ee6 f   lib:jcapistd.obj
 0001:0004ff52       _jpeg_write_scanlines      00450f52 f   lib:jcapistd.obj
 0001:0004fffd       _jpeg_add_quant_table      00450ffd f   lib:jcparam.obj
 0001:000500af       _jpeg_quality_scaling      004510af f   lib:jcparam.obj
 0001:000500d6       _jpeg_set_quality          004510d6 f   lib:jcparam.obj
 0001:00050110       _jpeg_set_defaults         00451110 f   lib:jcparam.obj
 0001:000502d6       _jpeg_default_colorspace   004512d6 f   lib:jcparam.obj
 0001:00050326       _jpeg_set_colorspace       00451326 f   lib:jcparam.obj
 0001:00050641       _jpeg_stdio_dest           00451641 f   lib:jdatadst.obj
 0001:00050741       _inflateReset              00451741 f   lib:inflate.obj
 0001:0005078f       _inflateInit2_             0045178f f   lib:inflate.obj
 0001:00050848       _inflate                   00451848 f   lib:inflate.obj
 0001:00051b1d       _inflateEnd                00452b1d f   lib:inflate.obj
 0001:00051c7b       _crc32                     00452c7b f   lib:crc32.obj
 0001:00051f15       _jinit_input_controller    00452f15 f   lib:jdinput.obj
 0001:000523f8       _jinit_memory_mgr          004533f8 f   lib:jmemmgr.obj
 0001:00052f34       _jpeg_abort                00453f34 f   lib:jcomapi.obj
 0001:00052f67       _jpeg_destroy              00453f67 f   lib:jcomapi.obj
 0001:00052f82       _jpeg_alloc_quant_table    00453f82 f   lib:jcomapi.obj
 0001:00052f9e       _jpeg_alloc_huff_table     00453f9e f   lib:jcomapi.obj
 0001:00052fba       _jpeg_calc_output_dimensions 00453fba f   lib:jdmaster.obj
 0001:000530ba       _jinit_master_decompress   004540ba f   lib:jdmaster.obj
 0001:00053410       _jdiv_round_up             00454410 f   lib:jutils.obj
[...]
 0001:0005f06a       _start_iMCU_row            0046006a f   lib:jddiffct.obj
 0001:0005f0af       _start_output_pass         004600af f   lib:jddiffct.obj
 0001:0005f0bb       _decompress_data           004600bb f   lib:jddiffct.obj
 0001:0005f22b       _process_restart           0046022b f   lib:jddiffct.obj
 0001:0005d24b       _dummy_consume_data        0045e24b f   lib:jdcoefct.obj
 0001:0005f260       _consume_data              00460260 f   lib:jddiffct.obj
 0001:0005f2d7       _output_data               004602d7 f   lib:jddiffct.obj
 0001:0005ed5e       _start_pass                0045fd5e f   lib:jddctmgr.obj
 0001:0005e1b0       _start_pass_phuff_decoder  0045f1b0 f   lib:jdphuff.obj
 0001:0005e3f9       _decode_mcu_DC_first       0045f3f9 f   lib:jdphuff.obj
 0001:0005e5f1       _process_restart           0045f5f1 f   lib:jdphuff.obj
 0001:0005e660       _decode_mcu_AC_first       0045f660 f   lib:jdphuff.obj
 0001:0005e880       _decode_mcu_DC_refine      0045f880 f   lib:jdphuff.obj
 0001:0005e955       _decode_mcu_AC_refine      0045f955 f   lib:jdphuff.obj
 0001:0005dbf7       _start_pass_huff_decoder   0045ebf7 f   lib:jdshuff.obj
 0001:0005dd2f       _decode_mcu                0045ed2f f   lib:jdshuff.obj
 0001:0005e0df       _process_restart           0045f0df f   lib:jdshuff.obj
 0001:0005cfdd       _start_input_pass          0045dfdd f   lib:jdcoefct.obj
 0001:0005cff0       _start_iMCU_row            0045dff0 f   lib:jdcoefct.obj
 0001:0005d035       _start_output_pass         0045e035 f   lib:jdcoefct.obj
 0001:0005d072       _decompress_onepass        0045e072 f   lib:jdcoefct.obj
 0001:0005d24b       _dummy_consume_data        0045e24b f   lib:jdcoefct.obj
 0001:0005d24e       _consume_data              0045e24e f   lib:jdcoefct.obj
 0001:0005d407       _decompress_data           0045e407 f   lib:jdcoefct.obj
 0001:0005d573       _smoothing_ok              0045e573 f   lib:jdcoefct.obj
 0001:0005d65e       _decompress_smooth_data    0045e65e f   lib:jdcoefct.obj
 0001:0005ce76       _scaler_start_pass         0045de76 f   lib:jcscale.obj
 0001:0005ce99       _simple_downscale          0045de99 f   lib:jcscale.obj
 0001:0005cec5       _noscale                   0045dec5 f   lib:jcscale.obj
 0001:0005c96e       _start_pass                0045d96e f   lib:jcpred.obj
 0001:0005c9c6       _reset_predictor           0045d9c6 f   lib:jcpred.obj
 0001:0005c9f3       _jpeg_difference_first_row 0045d9f3 f   lib:jcpred.obj
 0001:0005cadd       _jpeg_difference1          0045dadd f   lib:jcpred.obj
 0001:0005cb4b       _jpeg_difference2          0045db4b f   lib:jcpred.obj
 0001:0005cbbc       _jpeg_difference3          0045dbbc f   lib:jcpred.obj
 0001:0005cc34       _jpeg_difference4          0045dc34 f   lib:jcpred.obj
 0001:0005ccbf       _jpeg_difference5          0045dcbf f   lib:jcpred.obj
 0001:0005cd52       _jpeg_difference6          0045dd52 f   lib:jcpred.obj
 0001:0005cde1       _jpeg_difference7          0045dde1 f   lib:jcpred.obj
 0001:0005c260       _start_pass_huff           0045d260 f   lib:jclhuff.obj
 0001:0005c3fd       _encode_mcus_huff          0045d3fd f   lib:jclhuff.obj
 0001:0005c5e8       _emit_bits                 0045d5e8 f   lib:jclhuff.obj
 0001:0005c68b       _dump_buffer               0045d68b f   lib:jclhuff.obj
 0001:0005c6af       _emit_restart              0045d6af f   lib:jclhuff.obj
 0001:0005c6fa       _flush_bits                0045d6fa f   lib:jclhuff.obj
 0001:0005c71e       _finish_pass_huff          0045d71e f   lib:jclhuff.obj
 0001:0005c78b       _encode_mcus_gather        0045d78b f   lib:jclhuff.obj
 0001:0005c8b4       _finish_pass_gather        0045d8b4 f   lib:jclhuff.obj
 0001:0005af43       _need_optimization_pass    0045bf43 f   lib:jcshuff.obj
 0001:0005be3e       _start_pass_diff           0045ce3e f   lib:jcdiffct.obj
 0001:0005bedc       _start_iMCU_row            0045cedc f   lib:jcdiffct.obj
 0001:0005bf1e       _compress_data             0045cf1e f   lib:jcdiffct.obj
 0001:0005c0b4       _compress_first_pass       0045d0b4 f   lib:jcdiffct.obj
 0001:0005c1a9       _compress_output           0045d1a9 f   lib:jcdiffct.obj
 0001:0005ba51       _start_pass_fdctmgr        0045ca51 f   lib:jcdctmgr.obj
 0001:0005bb53       _forward_DCT_float         0045cb53 f   lib:jcdctmgr.obj
 0001:0005af86       _start_pass_phuff          0045bf86 f   lib:jcphuff.obj
 0001:0005b0f3       _encode_mcu_DC_first       0045c0f3 f   lib:jcphuff.obj
 0001:0005b225       _emit_bits                 0045c225 f   lib:jcphuff.obj
 0001:0005b2d0       _dump_buffer               0045c2d0 f   lib:jcphuff.obj
 0001:0005b308       _emit_symbol               0045c308 f   lib:jcphuff.obj
 0001:0005b348       _emit_restart              0045c348 f   lib:jcphuff.obj
 0001:0005b3d1       _emit_eobrun               0045c3d1 f   lib:jcphuff.obj
 0001:0005b457       _encode_mcu_AC_first       0045c457 f   lib:jcphuff.obj
 0001:0005b5eb       _encode_mcu_DC_refine      0045c5eb f   lib:jcphuff.obj
 0001:0005b6a5       _encode_mcu_AC_refine      0045c6a5 f   lib:jcphuff.obj
 0001:0005b8bc       _finish_pass_phuff         0045c8bc f   lib:jcphuff.obj
 0001:0005b90b       _finish_pass_gather_phuff  0045c90b f   lib:jcphuff.obj
 0001:0005b9ce       _need_optimization_pass    0045c9ce f   lib:jcphuff.obj
 0001:0005a71e       _start_pass_huff           0045b71e f   lib:jcshuff.obj
 0001:0005a893       _encode_mcu_huff           0045b893 f   lib:jcshuff.obj
 0001:0005a99e       _encode_one_block          0045b99e f   lib:jcshuff.obj
 0001:0005ab15       _emit_bits                 0045bb15 f   lib:jcshuff.obj
 0001:0005abb8       _dump_buffer               0045bbb8 f   lib:jcshuff.obj
 0001:0005abdc       _emit_restart              0045bbdc f   lib:jcshuff.obj
 0001:0005ac49       _flush_bits                0045bc49 f   lib:jcshuff.obj
 0001:0005ac6d       _finish_pass_huff          0045bc6d f   lib:jcshuff.obj
 0001:0005acdc       _encode_mcu_gather         0045bcdc f   lib:jcshuff.obj
 0001:0005ad92       _htest_one_block           0045bd92 f   lib:jcshuff.obj
 0001:0005ae59       _finish_pass_gather        0045be59 f   lib:jcshuff.obj
 0001:0005af43       _need_optimization_pass    0045bf43 f   lib:jcshuff.obj
 0001:0005a0f1       _start_pass_coef           0045b0f1 f   lib:jccoefct.obj
 0001:0005bedc       _start_iMCU_row            0045cedc f   lib:jcdiffct.obj
 0001:0005a186       _compress_data             0045b186 f   lib:jccoefct.obj
 0001:0005a36d       _compress_first_pass       0045b36d f   lib:jccoefct.obj
 0001:0005a553       _compress_output           0045b553 f   lib:jccoefct.obj
 0001:0005a009       _calc_output_dimensions    0045b009 f   lib:jdlossls.obj
 0001:0005a01a       _start_input_pass          0045b01a f   lib:jdlossls.obj
 0001:00059d48       _calc_output_dimensions    0045ad48 f   lib:jdlossy.obj
 0001:00059ebb       _start_input_pass          0045aebb f   lib:jdlossy.obj
 0001:00059edb       _latch_quant_tables        0045aedb f   lib:jdlossy.obj
 0001:00059f73       _start_output_pass         0045af73 f   lib:jdlossy.obj
 0001:00059c97       _start_pass                0045ac97 f   lib:jclossls.obj
 0001:00059c03       _start_pass                0045ac03 f   lib:jclossy.obj
 0001:00059158       _initial_setup             0045a158 f   lib:jcmaster.obj
 0001:0005930b       _validate_script           0045a30b f   lib:jcmaster.obj
 0001:000596e3       _prepare_for_pass          0045a6e3 f   lib:jcmaster.obj
 0001:0005985b       _select_scan_parameters    0045a85b f   lib:jcmaster.obj
 0001:0005995c       _per_scan_setup            0045a95c f   lib:jcmaster.obj
 0001:00059b07       _pass_startup              0045ab07 f   lib:jcmaster.obj
 0001:00059b2e       _finish_pass_master        0045ab2e f   lib:jcmaster.obj
 0001:00058c44       _rgb_ycc_start             00459c44 f   lib:jccolor.obj
 0001:00058d08       _rgb_ycc_convert           00459d08 f   lib:jccolor.obj
 0001:00058e07       _rgb_gray_convert          00459e07 f   lib:jccolor.obj
 0001:00058e8c       _cmyk_ycck_convert         00459e8c f   lib:jccolor.obj
 0001:00058fc4       _grayscale_convert         00459fc4 f   lib:jccolor.obj
 0001:0005901e       _null_convert              0045a01e f   lib:jccolor.obj
 0001:0002bbb0       _null_method               0042cbb0 f   images.obj
 0001:0002bbb0       _start_pass_downsample     0042cbb0 f   images.obj
 0001:00058390       _sep_downsample            00459390 f   lib:jcsample.obj
 0001:00058405       _int_downsample            00459405 f   lib:jcsample.obj
 0001:000584fd       _expand_right_edge         004594fd f   lib:jcsample.obj
 0001:00058552       _fullsize_downsample       00459552 f   lib:jcsample.obj
 0001:00058596       _h2v1_downsample           00459596 f   lib:jcsample.obj
 0001:0005862a       _h2v2_downsample           0045962a f   lib:jcsample.obj
 0001:000586d7       _h2v2_smooth_downsample    004596d7 f   lib:jcsample.obj
 0001:0005894f       _fullsize_smooth_downsample 0045994f f   lib:jcsample.obj
 0001:00057d8c       _start_pass_prep           00458d8c f   lib:jcprepct.obj
 0001:00057dca       _pre_process_data          00458dca f   lib:jcprepct.obj
 0001:00057f78       _pre_process_context       00458f78 f   lib:jcprepct.obj
 0001:00058131       _create_context_buffer     00459131 f   lib:jcprepct.obj
 0001:00057c04       _start_pass_main           00458c04 f   lib:jcmainct.obj
 0001:00057c46       _process_data_simple_main  00458c46 f   lib:jcmainct.obj
 0001:000571da       _create_colormap           004581da f   lib:jquant1.obj
 0001:0005730c       _select_ncolors            0045830c f   lib:jquant1.obj
 0001:000573e3       _create_colorindex         004583e3 f   lib:jquant1.obj
 0001:0005750f       _alloc_fs_workspace        0045850f f   lib:jquant1.obj
 0001:0005754b       _start_pass_1_quant        0045854b f   lib:jquant1.obj
 0001:00057617       _create_odither_tables     00458617 f   lib:jquant1.obj
 0001:00057676       _make_odither_array        00458676 f   lib:jquant1.obj
 0001:000576d9       _color_quantize            004586d9 f   lib:jquant1.obj
 0001:00057764       _color_quantize3           00458764 f   lib:jquant1.obj
 0001:000577f2       _quantize_ord_dither       004587f2 f   lib:jquant1.obj
 0001:000578dd       _quantize3_ord_dither      004588dd f   lib:jquant1.obj
 0001:000579dd       _quantize_fs_dither        004589dd f   lib:jquant1.obj
 0001:0002bbb0       _finish_pass_1_quant       0042cbb0 f   images.obj
 0001:00057b61       _new_color_map_1_quant     00458b61 f   lib:jquant1.obj
 0001:0005619b       _init_error_limit          0045719b f   lib:jquant2.obj
 0001:0005623a       _start_pass_2_quant        0045723a f   lib:jquant2.obj
 0001:0005633c       _prescan_quantize          0045733c f   lib:jquant2.obj
 0001:000563ab       _pass2_no_dither           004573ab f   lib:jquant2.obj
 0001:00056458       _fill_inverse_cmap         00457458 f   lib:jquant2.obj
 0001:00056523       _find_nearby_colors        00457523 f   lib:jquant2.obj
 0001:000566c7       _find_best_colors          004576c7 f   lib:jquant2.obj
 0001:000567e1       _pass2_fs_dither           004577e1 f   lib:jquant2.obj
 0001:00056a50       _finish_pass1              00457a50 f   lib:jquant2.obj
 0001:00056a72       _select_colors             00457a72 f   lib:jquant2.obj
 0001:00056afe       _update_box                00457afe f   lib:jquant2.obj
 0001:00056e98       _median_cut                00457e98 f   lib:jquant2.obj
 0001:00056fac       _find_biggest_color_pop    00457fac f   lib:jquant2.obj
 0001:00056fdb       _find_biggest_volume       00457fdb f   lib:jquant2.obj
 0001:00057004       _compute_color             00458004 f   lib:jquant2.obj
 0001:0002bbb0       _finish_pass2              0042cbb0 f   images.obj
 0001:00057140       _new_color_map_2_quant     00458140 f   lib:jquant2.obj
 0001:00055bb2       _build_ycc_rgb_table       00456bb2 f   lib:jdmerge.obj
 0001:00055c62       _start_pass_merged_upsample 00456c62 f   lib:jdmerge.obj
 0001:00055c77       _merged_2v_upsample        00456c77 f   lib:jdmerge.obj
 0001:00055d1e       _merged_1v_upsample        00456d1e f   lib:jdmerge.obj
 0001:00055d4f       _h2v1_merged_upsample      00456d4f f   lib:jdmerge.obj
 0001:00055ea5       _h2v2_merged_upsample      00456ea5 f   lib:jdmerge.obj
 0001:00055756       _build_ycc_rgb_table       00456756 f   lib:jdcolor.obj
 0001:00055806       _ycc_rgb_convert           00456806 f   lib:jdcolor.obj
 0001:00055914       _null_convert              00456914 f   lib:jdcolor.obj
 0001:0005598c       _grayscale_convert         0045698c f   lib:jdcolor.obj
 0001:000559af       _gray_rgb_convert          004569af f   lib:jdcolor.obj
 0001:00055a08       _ycck_cmyk_convert         00456a08 f   lib:jdcolor.obj
 0001:0002bbb0       _start_pass_dcolor         0042cbb0 f   images.obj
 0001:000551b7       _start_pass_upsample       004561b7 f   lib:jdsample.obj
 0001:000551d1       _sep_upsample              004561d1 f   lib:jdsample.obj
 0001:0005529e       _fullsize_upsample         0045629e f   lib:jdsample.obj
 0001:000552a9       _noop_upsample             004562a9 f   lib:jdsample.obj
 0001:000552b1       _int_upsample              004562b1 f   lib:jdsample.obj
 0001:0005539b       _h2v1_upsample             0045639b f   lib:jdsample.obj
 0001:000553f2       _h2v2_upsample             004563f2 f   lib:jdsample.obj
 0001:00055464       _h2v1_fancy_upsample       00456464 f   lib:jdsample.obj
 0001:00055507       _h2v2_fancy_upsample       00456507 f   lib:jdsample.obj
 0001:00054dc0       _start_pass_dpost          00455dc0 f   lib:jdpostct.obj
 0001:00054e66       _post_process_1pass        00455e66 f   lib:jdpostct.obj
 0001:00054ecb       _post_process_prepass      00455ecb f   lib:jdpostct.obj
 0001:00054f5c       _post_process_2pass        00455f5c f   lib:jdpostct.obj
 0001:000547c7       _alloc_funny_pointers      004557c7 f   lib:jdmainct.obj
 0001:00054874       _start_pass_main           00455874 f   lib:jdmainct.obj
 0001:000548dc       _make_funny_pointers       004558dc f   lib:jdmainct.obj
 0001:00054a1c       _process_data_simple_main  00455a1c f   lib:jdmainct.obj
 0001:00054a84       _process_data_context_main 00455a84 f   lib:jdmainct.obj
 0001:00054b96       _set_wraparound_pointers   00455b96 f   lib:jdmainct.obj
 0001:00054c80       _set_bottom_pointers       00455c80 f   lib:jdmainct.obj
 0001:00054d1a       _process_data_crank_post   00455d1a f   lib:jdmainct.obj
 0001:000534f0       _write_marker_header       004544f0 f   lib:jcmarker.obj
 0001:00053546       _emit_byte                 00454546 f   lib:jcmarker.obj
 0001:00053577       _write_marker_byte         00454577 f   lib:jcmarker.obj
 0001:00053587       _write_file_header         00454587 f   lib:jcmarker.obj
 0001:000535d3       _emit_jfif_app0            004545d3 f   lib:jcmarker.obj
 0001:000536a6       _emit_adobe_app14          004546a6 f   lib:jcmarker.obj
 0001:0005374c       _write_frame_header        0045474c f   lib:jcmarker.obj
 0001:0005382b       _emit_dqt                  0045482b f   lib:jcmarker.obj
 0001:0005391a       _emit_sof                  0045491a f   lib:jcmarker.obj
 0001:000539f6       _write_scan_header         004549f6 f   lib:jcmarker.obj
 0001:00053ab6       _emit_dht                  00454ab6 f   lib:jcmarker.obj
 0001:00053b8f       _emit_dri                  00454b8f f   lib:jcmarker.obj
 0001:00053bde       _emit_sos                  00454bde f   lib:jcmarker.obj
 0001:00053ccc       _write_file_trailer        00454ccc f   lib:jcmarker.obj
 0001:00053cec       _write_tables_only         00454cec f   lib:jcmarker.obj
 0001:00053045       _use_merged_upsample       00454045 f   lib:jdmaster.obj
 0001:000530eb       _master_selection          004540eb f   lib:jdmaster.obj
 0001:00053248       _prepare_range_limit_table 00454248 f   lib:jdmaster.obj
 0001:000532ce       _prepare_for_output_pass   004542ce f   lib:jdmaster.obj
 0001:000533ef       _finish_output_pass        004543ef f   lib:jdmaster.obj
 0001:000524bc       _alloc_small               004534bc f   lib:jmemmgr.obj
 0001:000525da       _alloc_large               004535da f   lib:jmemmgr.obj
 0001:0005268b       _alloc_sarray              0045368b f   lib:jmemmgr.obj
 0001:00052723       _alloc_barray              00453723 f   lib:jmemmgr.obj
 0001:000527c7       _alloc_darray              004537c7 f   lib:jmemmgr.obj
 0001:00052872       _request_virt_sarray       00453872 f   lib:jmemmgr.obj
 0001:000528d3       _request_virt_barray       004538d3 f   lib:jmemmgr.obj
 0001:00052934       _realize_virt_arrays       00453934 f   lib:jmemmgr.obj
 0001:00052ab7       _access_virt_sarray        00453ab7 f   lib:jmemmgr.obj
 0001:00052bd7       _do_sarray_io              00453bd7 f   lib:jmemmgr.obj
 0001:00052c67       _access_virt_barray        00453c67 f   lib:jmemmgr.obj
 0001:00052d8c       _do_barray_io              00453d8c f   lib:jmemmgr.obj
 0001:00052e1d       _free_pool                 00453e1d f   lib:jmemmgr.obj
 0001:00052f04       _self_destruct             00453f04 f   lib:jmemmgr.obj
 0001:00051f56       _start_input_pass          00452f56 f   lib:jdinput.obj
 0001:00051f84       _per_scan_setup            00452f84 f   lib:jdinput.obj
 0001:0005210a       _finish_input_pass         0045310a f   lib:jdinput.obj
 0001:0005211b       _consume_markers           0045311b f   lib:jdinput.obj
 0001:000521b7       _initial_setup             004531b7 f   lib:jdinput.obj
 0001:000523c1       _reset_input_controller    004533c1 f   lib:jdinput.obj
 0001:00051b5b       _make_crc_table            00452b5b f   lib:crc32.obj
 0001:00051ca8       _crc32_little              00452ca8 f   lib:crc32.obj
 0001:00051955       _fixedtables               00452955 f   lib:inflate.obj
 0001:00051a3f       _updatewindow              00452a3f f   lib:inflate.obj
 0001:0005067d       _init_destination          0045167d f   lib:jdatadst.obj
 0001:000506a3       _empty_output_buffer       004516a3 f   lib:jdatadst.obj
 0001:000506e5       _term_destination          004516e5 f   lib:jdatadst.obj
 0001:00050204       _std_huff_tables           00451204 f   lib:jcparam.obj
 0001:0005025e       _add_huff_table            0045125e f   lib:jcparam.obj
 0001:0004e75c       _next_marker               0044f75c f   lib:jdmarker.obj
 0001:0004e896       _get_interesting_appn      0044f896 f   lib:jdmarker.obj
 0001:0004e9c1       _examine_app0              0044f9c1 f   lib:jdmarker.obj
 0001:0004ebcf       _examine_app14             0044fbcf f   lib:jdmarker.obj
 0001:0004ec90       _skip_variable             0044fc90 f   lib:jdmarker.obj
 0001:0004ed33       _read_markers              0044fd33 f   lib:jdmarker.obj
 0001:0004ef3b       _get_soi                   0044ff3b f   lib:jdmarker.obj
 0001:0004efe6       _get_sof                   0044ffe6 f   lib:jdmarker.obj
 0001:0004f2ef       _get_sos                   004502ef f   lib:jdmarker.obj
 0001:0004f5dd       _get_dht                   004505dd f   lib:jdmarker.obj
 0001:0004f87e       _get_dqt                   0045087e f   lib:jdmarker.obj
 0001:0004fada       _get_dri                   00450ada f   lib:jdmarker.obj
 0001:0004fbb9       _first_marker              00450bb9 f   lib:jdmarker.obj
 0001:0004fc55       _read_restart_marker       00450c55 f   lib:jdmarker.obj
 0001:0004fcd3       _reset_marker_reader       00450cd3 f   lib:jdmarker.obj
 0001:0004e540       _output_pass_setup         0044f540 f   lib:jdapistd.obj
 0001:0004e233       _default_decompress_parms  0044f233 f   lib:jdapimin.obj

 504 bytes saved through ICF

