 quake2

 Timestamp is 42bbabef (Fri Jun 24 10:45:03 2005)

 Preferred load address is 00400000

 Start         Length     Name                   Class
 0001:00000000 00061550H .text                   CODE
 0002:00000000 0000027cH .idata$5                DATA
 0002:00000280 00006554H .rdata                  DATA
 0002:000067d8 00000044H .rdata$r                DATA
 0002:00006820 00000038H .xdata$x                DATA
 0002:00006858 00000078H .idata$2                DATA
 0002:000068d0 00000014H .idata$3                DATA
 0002:000068e4 0000027cH .idata$4                DATA
 0002:00006b60 00000808H .idata$6                DATA
 0002:00007368 00000000H .edata                  DATA
 0003:00000000 00000004H .CRT$XCA                DATA
 0003:00000004 00000078H .CRT$XCU                DATA
 0003:0000007c 00000004H .CRT$XCZ                DATA
 0003:00000080 00000004H .CRT$XIA                DATA
 0003:00000084 00000004H .CRT$XIZ                DATA
 0003:00000090 0000d9ecH .data                   DATA
 0003:0000da80 004736c4H .bss                    DATA
 0004:00000000 00000130H .rsrc$01                DATA
 0004:00000130 00003f20H .rsrc$02                DATA

  Address         Publics by Value              Rva+Base     Lib:Object

 0001:00000000       ??3@YAXPAX@Z               00401000 f i CoreMain.obj
 0001:0000000b       ?appInit@@YAXXZ            0040100b f   CoreMain.obj
 0001:0000006e       ?appExit@@YAXXZ            0040106e f   CoreMain.obj
 0001:00000073       ?appLoadDebugSymbols@@YAXXZ 00401073 f   DbgSymbols.obj
 0001:00000276       ?appSymbolName@@YA_NIPADH@Z 00401276 f   DbgSymbols.obj
 0001:00000362       ?appSymbolName@@YAPBDI@Z   00401362 f   DbgSymbols.obj
 0001:00000394       ?appMalloc@@YAPAXIH@Z      00401394 f   Memory.obj
 0001:00000442       ?appFree@@YAXPAX@Z         00401442 f   Memory.obj
 0001:00000470       ?Unlink@FMemHeader@@QAEXXZ 00401470 f i Memory.obj
 0001:0000049b       ?Link@CMemoryChain@@AAEXXZ 0040149b f   Memory.obj
 0001:000004ba       ?Unlink@CMemoryChain@@AAEXXZ 004014ba f   Memory.obj
 0001:000004e5       ??2CMemoryChain@@SAPAXIH@Z 004014e5 f   Memory.obj
 0001:00000557       ??3CMemoryChain@@SAXPAX@Z  00401557 f   Memory.obj
 0001:0000058a       ?Alloc@CMemoryChain@@QAEPAXIH@Z 0040158a f   Memory.obj
 0001:000005f4       ?appInitMemory@@YAXXZ      004015f4 f   Memory.obj
 0001:00000b3f       ?Write@COutputDeviceNull@@UAEXPBD@Z 00401b3f f i OutputDevice.obj
 0001:00000b42       ?appWPrintf@@YAXPBDZZ      00401b42 f   OutputDevice.obj
 0001:00000b93       ?appFatalError@@YAXPBDZZ   00401b93 f   ErrorMgr.obj
 0001:00000bcd       ?appNonFatalError@@YAXPBDZZ 00401bcd f   ErrorMgr.obj
 0001:00000c2b       ?appUnwindPrefix@@YAXPBD@Z 00401c2b f   ErrorMgr.obj
 0001:00000c82       ?appUnwindThrow@@YAXPBDZZ  00401c82 f   ErrorMgr.obj
 0001:00000d09       ?Reset@CErrorHandler@@QAEXXZ 00401d09 f   ErrorMgr.obj
 0001:00000d33       ?appInitError@@YAXXZ       00401d33 f   ErrorMgr.obj
 0001:00000df1       ?GetLine@CSimpleParser@@QAEPBDXZ 00401df1 f   ScriptParser.obj
 0001:00000f06       ?SkipBraces@CSimpleParser@@QAEPBDXZ 00401f06 f   ScriptParser.obj
 0001:00000f3c       ?appStricmp@@YAHPBD0@Z     00401f3c f   Strings.obj
 0001:00000f71       ?toLower@@YADD@Z           00401f71 f i Strings.obj
 0001:00000f88       ?appStrcpy@@YAXPADPBD@Z    00401f88 f   Strings.obj
 0001:00000f9b       ?appStrncpylwr@@YAXPADPBDH@Z 00401f9b f   Strings.obj
 0001:00000fd3       ?appStrncpyz@@YAXPADPBDH@Z 00401fd3 f   Strings.obj
 0001:00001000       ?appStrcatn@@YAXPADHPBD@Z  00402000 f   Strings.obj
 0001:0000102b       ?appCopyFilename@@YAXPADPBDH@Z 0040202b f   Strings.obj
 0001:000010c7       ?appCStrlen@@YAHPBD@Z      004020c7 f   Strings.obj
 0001:000010ec       ?appUncolorizeString@@YAXPADPBD@Z 004020ec f   Strings.obj
 0001:0000111c       ?va@@YAPBDPBDZZ            0040211c f   Strings.obj
 0001:000011b8       ?appSprintf@@YAHPADHPBDZZ  004021b8 f   Strings.obj
 0001:00001203       ?appMatchWildcard@@YA_NPBD0_N@Z 00402203 f   Strings.obj
 0001:00001383       ?appIsWildcard@@YA_NPBD@Z  00402383 f   Strings.obj
 0001:000013ad       ?CopyString@@YAPADPBD@Z    004023ad f   Strings.obj
 0001:000013ed       ?CopyString@@YAPADPBDPAVCMemoryChain@@@Z 004023ed f   Strings.obj
 0001:00001421       ??2CStringItem@@SAPAXIPBD@Z 00402421 f   Strings.obj
 0001:0000146a       ??2CStringItem@@SAPAXIPBDPAVCMemoryChain@@@Z 0040246a f   Strings.obj
 0001:000014a7       ?Find@CStringList@@IAEPAVCStringItem@@PBDPAPAV2@@Z 004024a7 f   Strings.obj
 0001:000014e3       ?Find@CStringList@@IAEPAVCStringItem@@H@Z 004024e3 f   Strings.obj
 0001:000014fc       ?IndexOf@CStringList@@QAEHPBD@Z 004024fc f   Strings.obj
 0001:00001529       ?Remove@CStringList@@QAE_NPAVCStringItem@@@Z 00402529 f   Strings.obj
 0001:00001555       ?Free@CStringList@@QAEXXZ  00402555 f   Strings.obj
 0001:0000156e       ?appMillisecondsf@@YANXZ   0040256e f   CoreWin32.obj
 0001:000015a7       ?appMilliseconds@@YAIXZ    004025a7 f   CoreWin32.obj
 0001:000015dc       ?cpuid@@YAXI@Z             004025dc f   CoreWin32.obj
 0001:000015ff       ?appInitPlatform@@YAXXZ    004025ff f   CoreWin32.obj
 0001:00001892       ?appShutdownPlatform@@YAXXZ 00402892 f   CoreWin32.obj
 0001:0000189b       ?osAddressInfo@@YA_NIPADHPAH@Z 0040289b f   DbgSymbolsWin32.obj
 0001:0000192f       ?osModuleInfo@@YA_NIPADHPAH@Z 0040292f f   DbgSymbolsWin32.obj
 0001:00001ad7       ?win32ExceptFilter@@YAHPAU_EXCEPTION_POINTERS@@@Z 00402ad7 f   ExceptFilterWin32.obj
 0001:0000200d       ?win32ExceptFilter2@@YAHXZ 0040300d f   ExceptFilterWin32.obj
 0001:00002019       ?SCR_StopCinematic@@YAXXZ  00403019 f   cl_cin.obj
 0001:000020ad       ?SCR_DrawCinematic@@YA_NXZ 004030ad f   cl_cin.obj
 0001:0000250e       ?SCR_PlayCinematic@@YAXPAD@Z 0040350e f   cl_cin.obj
 0001:0000287e       ?CL_Download_f@@YAX_NHPAPAD@Z 0040387e f   cl_download.obj
 0001:00002c2f       ?CL_ParseDownload@@YAXXZ   00403c2f f   cl_download.obj
 0001:0000343c       ?CL_Precache_f@@YAXHPAPAD@Z 0040443c f   cl_download.obj
 0001:0000349a       ?CL_ParseDelta@@YAXPAUclEntityState_t@@0HI_N@Z 0040449a f   cl_ents.obj
 0001:0000361a       ?CL_ParsePacketEntities@@YAXPAUframe_t@@0@Z 0040461a f   cl_ents.obj
 0001:00003989       ?CL_FireEntityEvents@@YAXPAUframe_t@@@Z 00404989 f   cl_ents.obj
 0001:000039db       ?CL_ParseFrame@@YAXXZ      004049db f   cl_ents.obj
 0001:00003ccd       ?CL_AddEntityBox@@YAXPAUclEntityState_t@@I@Z 00404ccd f   cl_ents.obj
 0001:00003dd1       ?Lerp@@YAXABUCVec3@@0MAAU1@@Z 00404dd1 f i cl_ents.obj
 0001:00003e08       ?CL_OffsetThirdPersonView@@YAXXZ 00404e08 f   cl_ents.obj
 0001:00003ef0       ?CL_CalcViewValues@@YAXXZ  00404ef0 f   cl_ents.obj
 0001:000041f3       ?CL_AddEntities@@YAXXZ     004051f3 f   cl_ents.obj
 0001:00004eef       ?CL_GetEntitySoundOrigin@@YAXHAAUCVec3@@@Z 00405eef f   cl_ents.obj
 0001:00004f27       ?CL_RunLightStyles@@YAXXZ  00405f27 f   cl_fx.obj
 0001:00004fc6       ?CL_SetLightstyle@@YAXHPBD@Z 00405fc6 f   cl_fx.obj
 0001:00005027       ?CL_ClearDlights@@YAXXZ    00406027 f   cl_fx.obj
 0001:00005038       ?CL_AllocDlight@@YAPAUcdlight_t@@HABUCVec3@@@Z 00406038 f   cl_fx.obj
 0001:000050a1       ?CL_AddDLights@@YAXXZ      004060a1 f   cl_fx.obj
 0001:00005101       ?CL_ClearParticles@@YAXXZ  00406101 f   cl_fx.obj
 0001:00005168       ?CL_AllocParticleTrace@@YAPAUparticleTrace_t@@ABUCVec3@@0MM@Z 00406168 f   cl_fx.obj
 0001:000051f7       ?CL_AllocParticleBeam@@YAPAUbeam_t@@ABUCVec3@@0MM@Z 004061f7 f   cl_fx.obj
 0001:0000526b       ?CL_AllocParticle@@YAPAUparticle_t@@XZ 0040626b f   cl_fx.obj
 0001:000052b9       ?CL_UpdateParticles@@YAXXZ 004062b9 f   cl_fx.obj
 0001:000058b2       ?CL_MetalSparks@@YAXABUCVec3@@0H@Z 004068b2 f   cl_fx.obj
 0001:0000599f       ?CL_ParseMuzzleFlash@@YAXXZ 0040699f f   cl_fx.obj
 0001:00005d1c       ?CL_ParseMuzzleFlash2@@YAXXZ 00406d1c f   cl_fx.obj
 0001:00006359       ?CL_ParticleEffect@@YAXABUCVec3@@0HH@Z 00407359 f   cl_fx.obj
 0001:00006508       ?CL_ParticleEffect2@@YAXABUCVec3@@0HH@Z 00407508 f   cl_fx.obj
 0001:00006527       ?CL_ParticleEffect3@@YAXABUCVec3@@0HH@Z 00407527 f   cl_fx.obj
 0001:0000654f       ?CL_TeleporterParticles@@YAXPAUclEntityState_t@@@Z 0040754f f   cl_fx.obj
 0001:0000656e       ?CL_LogoutEffect@@YAXABUCVec3@@H@Z 0040756e f   cl_fx.obj
 0001:000065a4       ?CL_ItemRespawnParticles@@YAXABUCVec3@@@Z 004075a4 f   cl_fx.obj
 0001:000065bf       ?CL_ExplosionParticles@@YAXABUCVec3@@@Z 004075bf f   cl_fx.obj
 0001:000065dd       ?CL_BFGExplosionParticles@@YAXABUCVec3@@@Z 004075dd f   cl_fx.obj
 0001:000065fb       ?CL_ColorExplosionParticles@@YAXABUCVec3@@HH@Z 004075fb f   cl_fx.obj
 0001:0000662b       ?CL_BlasterParticles@@YAXABUCVec3@@0I@Z 0040762b f   cl_fx.obj
 0001:00006651       ?CL_BlasterTrail@@YAXABUCVec3@@0@Z 00407651 f   cl_fx.obj
 0001:000066e0       ?CL_BlasterTrail2@@YAXABUCVec3@@0@Z 004076e0 f   cl_fx.obj
 0001:000066f6       ?CL_FlagTrail@@YAXABUCVec3@@0H@Z 004076f6 f   cl_fx.obj
 0001:00006715       ?CL_RocketTrail@@YAXABUCVec3@@0PAUcentity_t@@@Z 00407715 f   cl_fx.obj
 0001:0000673d       ?CL_BubbleTrail@@YAXABUCVec3@@0@Z 0040773d f   cl_fx.obj
 0001:00006753       ?CL_BubbleTrail2@@YAXABUCVec3@@0H@Z 00407753 f   cl_fx.obj
 0001:00006773       ?CL_TagTrail@@YAXABUCVec3@@0H@Z 00407773 f   cl_fx.obj
 0001:00006792       ?CL_DebugTrail@@YAXABUCVec3@@0@Z 00407792 f   cl_fx.obj
 0001:000067a8       ?CL_ForceWall@@YAXABUCVec3@@0H@Z 004077a8 f   cl_fx.obj
 0001:000067c7       ?CL_BigTeleportParticles@@YAXABUCVec3@@@Z 004077c7 f   cl_fx.obj
 0001:0000691e       ?CL_DiminishingTrail@@YAXABUCVec3@@0PAUcentity_t@@H@Z 0040791e f   cl_fx.obj
 0001:00006b8e       ?CL_RailTrail@@YAXABUCVec3@@0@Z 00407b8e f   cl_fx.obj
 0001:00006cfa       ?CL_RailTrailExt@@YAXABUCVec3@@0EE@Z 00407cfa f   cl_fx.obj
 0001:00006e3f       ?CL_IonripperTrail@@YAXABUCVec3@@0@Z 00407e3f f   cl_fx.obj
 0001:00006f6b       ?CL_FlyParticles@@YAXABUCVec3@@H@Z 00407f6b f   cl_fx.obj
 0001:00007112       ?CL_FlyEffect@@YAXPAUcentity_t@@ABUCVec3@@@Z 00408112 f   cl_fx.obj
 0001:0000717a       ?CL_BfgParticles@@YAXPAUentity_t@@@Z 0040817a f   cl_fx.obj
 0001:0000732a       ?CL_TrapParticles@@YAXPAUentity_t@@@Z 0040832a f   cl_fx.obj
 0001:000074c5       ?CL_TeleportParticles@@YAXABUCVec3@@@Z 004084c5 f   cl_fx.obj
 0001:00007600       ?CL_EntityEvent@@YAXPAUclEntityState_t@@@Z 00408600 f   cl_fx.obj
 0001:000077da       ?CL_ClearEffects@@YAXXZ    004087da f   cl_fx.obj
 0001:000077e4       ?IN_CenterView@@YAXXZ      004087e4 f   cl_input.obj
 0001:00007805       ?CL_InitInput@@YAXXZ       00408805 f   cl_input.obj
 0001:00007da1       ?CL_SendCmd@@YAXXZ         00408da1 f   cl_input.obj
 0001:00008483       ?CL_WriteDemoMessage@@YAXXZ 00409483 f   cl_main.obj
 0001:000084c5       ?Cmd_ForwardToServer@@YAXHPAPAD@Z 004094c5 f   cl_main.obj
 0001:00008588       ?CL_ForwardToServer_f@@YAXHPAPAD@Z 00409588 f   cl_main.obj
 0001:000085d0       ?CL_Pause@@YAX_N@Z         004095d0 f   cl_main.obj
 0001:00008612       ?CL_Quit_f@@YAXXZ          00409612 f   cl_main.obj
 0001:0000861c       ?CL_Drop@@YAX_N@Z          0040961c f   cl_main.obj
 0001:00008643       ?CL_SendConnectPacket@@YAXXZ 00409643 f   cl_main.obj
 0001:000086f8       ?CL_CheckForResend@@YAXXZ  004096f8 f   cl_main.obj
 0001:000087fd       ?CL_Connect_f@@YAX_NHPAPAD@Z 004097fd f   cl_main.obj
 0001:00008880       ?CL_Rcon_f@@YAXHPAPAD@Z    00409880 f   cl_main.obj
 0001:00008988       ?CL_Disconnect@@YAXXZ      00409988 f   cl_main.obj
 0001:00008b2a       ?CL_Disconnect_f@@YAXXZ    00409b2a f   cl_main.obj
 0001:00008b34       ?CL_Changing_f@@YAXXZ      00409b34 f   cl_main.obj
 0001:00008b58       ?CL_Reconnect_f@@YAXXZ     00409b58 f   cl_main.obj
 0001:00008bf4       ?CL_PingServers_f@@YAXXZ   00409bf4 f   cl_main.obj
 0001:00008d5f       ?CL_Skins_f@@YAXXZ         00409d5f f   cl_main.obj
 0001:00009072       ?CL_ConnectionlessPacket@@YAXXZ 0040a072 f   cl_main.obj
 0001:00009172       ?CL_ReadPackets@@YAXXZ     0040a172 f   cl_main.obj
 0001:000092b5       ?CL_Userinfo_f@@YAXXZ      0040a2b5 f   cl_main.obj
 0001:000092cd       ?CL_RegisterSounds@@YAXXZ  0040a2cd f   cl_main.obj
 0001:0000930c       ?CL_Snd_Restart_f@@YAXXZ   0040a30c f   cl_main.obj
 0001:0000931b       ?CL_WriteConfiguration@@YAXPBD@Z 0040a31b f   cl_main.obj
 0001:000093d6       ?CL_WriteConfig_f@@YAX_NHPAPAD@Z 0040a3d6 f   cl_main.obj
 0001:00009435       ?CL_FixCvarCheats@@YAXXZ   0040a435 f   cl_main.obj
 0001:0000948f       ?CL_Frame@@YAXMM@Z         0040a48f f   cl_main.obj
 0001:0000968f       ?CL_ClearState@@YAXXZ      0040a68f f   cl_main.obj
 0001:000096c8       ?CL_Init@@YAXXZ            0040a6c8 f   cl_main.obj
 0001:00009b9f       ?CL_Shutdown@@YAX_N@Z      0040ab9f f   cl_main.obj
 0001:00009bf4       ?CL_Flashlight@@YAXHABUCVec3@@@Z 0040abf4 f   cl_newfx.obj
 0001:00009c2e       ?CL_ColorFlash@@YAXABUCVec3@@HHMMM@Z 0040ac2e f   cl_newfx.obj
 0001:00009c6a       ?CL_Heatbeam@@YAXABUCVec3@@0@Z 0040ac6a f   cl_newfx.obj
 0001:00009f12       ?CL_ParticleSteamEffect@@YAXABUCVec3@@0HHH@Z 0040af12 f   cl_newfx.obj
 0001:0000a046       ?CL_ParticleSteamEffect2@@YAXPAUcl_sustain_t@@@Z 0040b046 f   cl_newfx.obj
 0001:0000a187       ?CL_TrackerTrail@@YAXABUCVec3@@0H@Z 0040b187 f   cl_newfx.obj
 0001:0000a2d4       ?CL_Tracker_Shell@@YAXABUCVec3@@@Z 0040b2d4 f   cl_newfx.obj
 0001:0000a359       ?CL_MonsterPlasma_Shell@@YAXABUCVec3@@@Z 0040b359 f   cl_newfx.obj
 0001:0000a3db       ?CL_Widowbeamout@@YAXPAUcl_sustain_t@@@Z 0040b3db f   cl_newfx.obj
 0001:0000a48f       ?CL_Nukeblast@@YAXPAUcl_sustain_t@@@Z 0040b48f f   cl_newfx.obj
 0001:0000a543       ?CL_WidowSplash@@YAXABUCVec3@@@Z 0040b543 f   cl_newfx.obj
 0001:0000a60d       ?CL_ParticleSmokeEffect@@YAXABUCVec3@@0HHH@Z 0040b60d f   cl_newfx.obj
 0001:0000a73f       ?CL_ParseClientinfo@@YAXH@Z 0040b73f f   cl_parse.obj
 0001:0000a7b6       ?CL_ParseServerMessage@@YAXXZ 0040b7b6 f   cl_parse.obj
 0001:0000af82       ?FreePlayerModelsInfo@@YAXXZ 0040bf82 f   cl_playermodel.obj
 0001:0000afa8       ?ScanQuake3Models@@YAXPBD@Z 0040bfa8 f   cl_playermodel.obj
 0001:0000b127       ?ScanPlayerModels@@YA_NXZ  0040c127 f   cl_playermodel.obj
 0001:0000b3a4       ?CL_IsFemaleModel@@YA_NPBD@Z 0040c3a4 f   cl_playermodel.obj
 0001:0000b537       ?RunAnimation@@YAXAAUclientInfo_t@@AAUanimState_t@@H@Z 0040c537 f   cl_playermodel.obj
 0001:0000b6fe       ?CL_LoadClientinfo@@YAXAAUclientInfo_t@@PBD_N@Z 0040c6fe f   cl_playermodel.obj
 0001:0000c142       ?ParsePlayerEntity@@YAHPAUcentity_t@@PAUclientInfo_t@@PAUclEntityState_t@@ABUentity_t@@PAU4@HH@Z 0040d142 f   cl_playermodel.obj
 0001:0000cc94       ?CL_CheckPredictionError@@YAXXZ 0040dc94 f   cl_pred.obj
 0001:0000ce2a       ?CL_EntityTrace@@YAXAAUtrace_t@@ABUCVec3@@1ABUCBox@@H@Z 0040de2a f   cl_pred.obj
 0001:0000d1c3       ?CL_Trace@@YAXAAUtrace_t@@ABUCVec3@@1ABUCBox@@H@Z 0040e1c3 f   cl_pred.obj
 0001:0000d23f       ?CL_PMpointcontents@@YAHABUCVec3@@@Z 0040e23f f   cl_pred.obj
 0001:0000d3cb       ?CL_PredictMovement@@YAXXZ 0040e3cb f   cl_pred.obj
 0001:0000d77b       ?DrawString@@YAXHHPBD@Z    0040e77b f   cl_scrn.obj
 0001:0000d7bf       ?SCR_DebugGraph@@YAXMH@Z   0040e7bf f   cl_scrn.obj
 0001:0000d7e7       ?SCR_CenterPrint@@YAXPAD@Z 0040e7e7 f   cl_scrn.obj
 0001:0000d8eb       ?Key_Message@@YAXH@Z       0040e8eb f   cl_scrn.obj
 0001:0000d987       ?SCR_SetLevelshot@@YAXPBD@Z 0040e987 f   cl_scrn.obj
 0001:0000da7a       ?SCR_BeginLoadingPlaque@@YAXXZ 0040ea7a f   cl_scrn.obj
 0001:0000daff       ?SCR_EndLoadingPlaque@@YAX_N@Z 0040eaff f   cl_scrn.obj
 0001:0000db84       ?SCR_ShowConsole@@YAX_N0@Z 0040eb84 f   cl_scrn.obj
 0001:0000dc5a       ?SCR_ToggleConsole@@YAXXZ  0040ec5a f   cl_scrn.obj
 0001:0000dc82       ?SCR_TouchPics@@YAXXZ      0040ec82 f   cl_scrn.obj
 0001:0000dce1       ?SCR_UpdateScreen@@YAXXZ   0040ece1 f   cl_scrn.obj
 0001:0000ef6a       ?SCR_Init@@YAXXZ           0040ff6a f   cl_scrn.obj
 0001:0000f2c7       ?CL_RegisterTEntSounds@@YAXXZ 004102c7 f   cl_tent.obj
 0001:0000f50c       ?CL_RegisterTEntModels@@YAXXZ 0041050c f   cl_tent.obj
 0001:0000f659       ?CL_ClearTEnts@@YAXXZ      00410659 f   cl_tent.obj
 0001:0000f68d       ?CL_AddExplosions@@YAXXZ   0041068d f   cl_tent.obj
 0001:0000f838       ?CL_SmokeAndFlash@@YAXABUCVec3@@@Z 00410838 f   cl_tent.obj
 0001:0000f9ce       ?CL_ParseBeam@@YAHPAVCRenderModel@@@Z 004109ce f   cl_tent.obj
 0001:0000fa9a       ?CL_ParseBeam2@@YAHPAVCRenderModel@@@Z 00410a9a f   cl_tent.obj
 0001:0000fb71       ?CL_ParsePlayerBeam@@YAHPAVCRenderModel@@@Z 00410b71 f   cl_tent.obj
 0001:0000fc7c       ?CL_ParseLightning@@YAHPAVCRenderModel@@@Z 00410c7c f   cl_tent.obj
 0001:0000fd3e       ?CL_ParseWidow@@YAXXZ      00410d3e f   cl_tent.obj
 0001:0000fdaa       ?CL_ParseNuke@@YAXXZ       00410daa f   cl_tent.obj
 0001:0000fe14       ?CL_ParseTEnt@@YAXXZ       00410e14 f   cl_tent.obj
 0001:00010e6b       ?CL_AddBeams@@YAXXZ        00411e6b f   cl_tent.obj
 0001:000111a6       ?CL_AddPlayerBeams@@YAXXZ  004121a6 f   cl_tent.obj
 0001:000118a5       ?CL_ProcessSustain@@YAXXZ  004128a5 f   cl_tent.obj
 0001:000118e6       ?CL_AddTEnts@@YAXXZ        004128e6 f   cl_tent.obj
 0001:000118fa       ?V_AddEntity@@YAXPAUentity_t@@@Z 004128fa f   cl_view.obj
 0001:00011935       ?V_AddEntity2@@YAXPAUentity_t@@@Z 00412935 f   cl_view.obj
 0001:00011964       ?AddEntityWithEffects2@@YAXPAUentity_t@@I@Z 00412964 f   cl_view.obj
 0001:00011a20       ?AddEntityWithEffects@@YAXPAUentity_t@@I@Z 00412a20 f   cl_view.obj
 0001:00011a3f       ?V_AddLight@@YAXABUCVec3@@MMMM@Z 00412a3f f   cl_view.obj
 0001:00011a84       ?V_TestParticles@@YAXXZ    00412a84 f   cl_view.obj
 0001:00011b4d       ?V_TestEntities@@YAXXZ     00412b4d f   cl_view.obj
 0001:00011c7a       ?V_TestLights@@YAXXZ       00412c7a f   cl_view.obj
 0001:00011d50       ?V_InitRenderer@@YAXXZ     00412d50 f   cl_view.obj
 0001:00012115       ?CalcFov@@YAMMMM@Z         00413115 f   cl_view.obj
 0001:00012183       ?V_RenderView@@YA_NXZ      00413183 f   cl_view.obj
 0001:00012de2       ?V_Init@@YAXXZ             00413de2 f   cl_view.obj
 0001:00012e91       ?Con_ClearNotify@@YAXXZ    00413e91 f   console.obj
 0001:00012ea0       ?Con_CheckResize@@YAXXZ    00413ea0 f   console.obj
 0001:00012fc7       ?Con_Print@@YAXPBD@Z       00413fc7 f   console.obj
 0001:000132bf       ?Con_DrawNotify@@YAX_N@Z   004142bf f   console.obj
 0001:000133d7       ?Con_DrawConsole@@YAXM@Z   004143d7 f   console.obj
 0001:000137aa       ?Con_ClearTyping@@YAXXZ    004147aa f   console.obj
 0001:000137c3       ?Key_Console@@YAXHH@Z      004147c3 f   console.obj
 0001:00013c0b       ?Con_Init@@YAXXZ           00414c0b f   console.obj
 0001:00013d87       ?Key_KeynumToString@@YAPBDH@Z 00414d87 f   keys.obj
 0001:00013e47       ?Draw@completeMenu_t@@UAEXXZ 00414e47 f i keys.obj
 0001:00013e78       ?KeyDown@completeMenu_t@@UAEPBDH@Z 00414e78 f i keys.obj
 0001:00013ea1       ?Init@completeMenu_t@@UAE_NXZ 00414ea1 f i keys.obj
 0001:00013fc8       ?CompleteMenuCallback@completeMenu_t@@SAXPAX@Z 00414fc8 f i keys.obj
 0001:00014056       ?CompleteCommand@@YAXXZ    00415056 f   keys.obj
 0001:0001478b       ?Key_SetBinding@@YAXHPBD@Z 0041578b f   keys.obj
 0001:000147c9       ?Key_FindBinding@@YAHPBDPAHH@Z 004157c9 f   keys.obj
 0001:00014817       ?Key_WriteBindings@@YAXPAU_iobuf@@@Z 00415817 f   keys.obj
 0001:0001485f       ?Key_Init@@YAXXZ           0041585f f   keys.obj
 0001:00014b43       ?Key_Event@@YAXH_N@Z       00415b43 f   keys.obj
 0001:00014e9c       ?Key_ClearStates@@YAXXZ    00415e9c f   keys.obj
 0001:00014ed1       ?M_ForceMenuOn@@YAXXZ      00415ed1 f   menu.obj
 0001:00014ef0       ?Draw@menuMain_t@@UAEXXZ   00415ef0 f i menu.obj
 0001:0001501e       ?KeyDown@menuMain_t@@UAEPBDH@Z 0041601e f i menu.obj
 0001:000150da       ?Init@menuMain_t@@UAE_NXZ  004160da f i menu.obj
 0001:000150e2       ?M_Menu_Main_f@@YAXXZ      004160e2 f   menu.obj
 0001:000150fc       ?Init@multiplayerMenu_t@@UAE_NXZ 004160fc f i menu.obj
 0001:00015220       ?Init@keysMenu_t@@UAE_NXZ  00416220 f i menu.obj
 0001:00015405       ?KeyCursorDrawFunc@keysMenu_t@@SAXPAUmenuFramework_t@@@Z 00416405 f i menu.obj
 0001:00015445       ?DrawKeyBindingFunc@keysMenu_t@@SAXPAX@Z 00416445 f i menu.obj
 0001:0001550c       ?KeyDown@keysMenu_t@@UAEPBDH@Z 0041650c f i menu.obj
 0001:000155b9       ?UnbindCommand@keysMenu_t@@QAEXPAD@Z 004165b9 f i menu.obj
 0001:000155fe       ?KeyBindingFunc@keysMenu_t@@QAEXPAX@Z 004165fe f i menu.obj
 0001:0001565d       ?Init@optionsMenu_t@@UAE_NXZ 0041665d f i menu.obj
 0001:00015abb       ?CrosshairFunc@optionsMenu_t@@SAXPAX@Z 00416abb f i menu.obj
 0001:00015ae3       ?JoystickFunc@optionsMenu_t@@SAXPAX@Z 00416ae3 f i menu.obj
 0001:00015af8       ?AlwaysRunFunc@optionsMenu_t@@SAXPAX@Z 00416af8 f i menu.obj
 0001:00015b0d       ?FreeLookFunc@optionsMenu_t@@SAXPAX@Z 00416b0d f i menu.obj
 0001:00015b22       ?MouseSpeedFunc@optionsMenu_t@@SAXPAX@Z 00416b22 f i menu.obj
 0001:00015b3f       ?InvertMouseFunc@optionsMenu_t@@SAXPAX@Z 00416b3f f i menu.obj
 0001:00015b5a       ?LookspringFunc@optionsMenu_t@@SAXPAX@Z 00416b5a f i menu.obj
 0001:00015b76       ?LookstrafeFunc@optionsMenu_t@@SAXPAX@Z 00416b76 f i menu.obj
 0001:00015b92       ?UpdateVolumeFunc@optionsMenu_t@@SAXPAX@Z 00416b92 f i menu.obj
 0001:00015baf       ?UpdateCDVolumeFunc@optionsMenu_t@@SAXPAX@Z 00416baf f i menu.obj
 0001:00015bc9       ?SetMenuItemValues@optionsMenu_t@@SAXXZ 00416bc9 f i menu.obj
 0001:00015da7       ?ResetDefaultsFunc@optionsMenu_t@@SAXPAX@Z 00416da7 f i menu.obj
 0001:00015dbc       ?UpdateSoundFunc@optionsMenu_t@@SAXPAX@Z 00416dbc f i menu.obj
 0001:00015fbf       ?ScanCrosshairs@optionsMenu_t@@SAXXZ 00416fbf f i menu.obj
 0001:0001601c       ?Draw@optionsMenu_t@@UAEXXZ 0041701c f i menu.obj
 0001:00016081       ?Draw@creditsMenu_t@@UAEXXZ 00417081 f i menu.obj
 0001:00016128       ?KeyDown@creditsMenu_t@@UAEPBDH@Z 00417128 f i menu.obj
 0001:00016163       ?Init@creditsMenu_t@@UAE_NXZ 00417163 f i menu.obj
 0001:0001622b       ?Init@gameMenu_t@@UAE_NXZ  0041722b f i menu.obj
 0001:000163b6       ?EasyGameFunc@gameMenu_t@@SAXPAX@Z 004173b6 f i menu.obj
 0001:000163c2       ?StartGame@gameMenu_t@@SAXPBD@Z 004173c2 f i menu.obj
 0001:00016415       ?MediumGameFunc@gameMenu_t@@SAXPAX@Z 00417415 f i menu.obj
 0001:00016421       ?HardGameFunc@gameMenu_t@@SAXPAX@Z 00417421 f i menu.obj
 0001:0001643d       ?Init@savegameMenu_t@@UAE_NXZ 0041743d f i menu.obj
 0001:0001654d       ?Create_Savestrings@savegameMenu_t@@QAEXXZ 0041754d f i menu.obj
 0001:00016608       ?LoadGameCallback@savegameMenu_t@@SAXPAX@Z 00417608 f i menu.obj
 0001:00016631       ?SaveGameCallback@savegameMenu_t@@SAXPAX@Z 00417631 f i menu.obj
 0001:00016650       ?Draw@savegameMenu_t@@UAEXXZ 00417650 f i menu.obj
 0001:0001666b       ?DrawSavegameShot@savegameMenu_t@@QAEXHH@Z 0041766b f i menu.obj
 0001:00016750       ?Init@joinserverMenu_t@@UAE_NXZ 00417750 f i menu.obj
 0001:00016879       ?JoinServerFunc@joinserverMenu_t@@SAXPAX@Z 00417879 f i menu.obj
 0001:000168db       ?SearchLocalGames@joinserverMenu_t@@SAXXZ 004178db f i menu.obj
 0001:00016946       ?M_AddToServerList@@YAXUnetadr_t@@PAD@Z 00417946 f   menu.obj
 0001:000169c9       ?Init@startserverMenu_t@@UAE_NXZ 004179c9 f i menu.obj
 0001:00016e6b       ?DMOptionsFunc@startserverMenu_t@@SAXPAX@Z 00417e6b f i menu.obj
 0001:00016e7b       ?RulesChangeFunc@startserverMenu_t@@SAXPAX@Z 00417e7b f i menu.obj
 0001:00016ef5       ?StartServerActionFunc@startserverMenu_t@@SAXPAX@Z 00417ef5 f i menu.obj
 0001:00016f20       ?StartServerFunc@startserverMenu_t@@SAXPAD@Z 00417f20 f i menu.obj
 0001:00017157       ?KeyDown@startserverMenu_t@@UAEPBDH@Z 00418157 f i menu.obj
 0001:000171b4       ?Init@dmoptionsMenu_t@@UAE_NXZ 004181b4 f i menu.obj
 0001:00017793       ?DMFlagCallback@dmoptionsMenu_t@@SAXPAX@Z 00418793 f i menu.obj
 0001:0001796e       ?Init@downloadOptionsMenu_t@@UAE_NXZ 0041896e f i menu.obj
 0001:00017b39       ?DownloadCallback@downloadOptionsMenu_t@@SAXPAX@Z 00418b39 f i menu.obj
 0001:00017ba4       ?Init@addressBookMenu_t@@UAE_NXZ 00418ba4 f i menu.obj
 0001:00017c4c       ?KeyDown@addressBookMenu_t@@UAEPBDH@Z 00418c4c f i menu.obj
 0001:00017ca9       ?Init@playerConfigMenu_t@@UAE_NXZ 00418ca9 f i menu.obj
 0001:000181f0       ?HandednessCallback@playerConfigMenu_t@@SAXPAX@Z 004191f0 f i menu.obj
 0001:00018205       ?RTypeCallback@playerConfigMenu_t@@SAXPAX@Z 00419205 f i menu.obj
 0001:0001821a       ?RColorCallback@playerConfigMenu_t@@SAXPAX@Z 0041921a f i menu.obj
 0001:0001822f       ?RateCallback@playerConfigMenu_t@@SAXPAX@Z 0041922f f i menu.obj
 0001:00018252       ?ModelCallback@playerConfigMenu_t@@SAXPAX@Z 00419252 f i menu.obj
 0001:00018286       ?SkinCallback@playerConfigMenu_t@@SAXPAX@Z 00419286 f i menu.obj
 0001:0001828e       ?Draw@playerConfigMenu_t@@UAEXXZ 0041928e f i menu.obj
 0001:00018566       ?KeyDown@playerConfigMenu_t@@UAEPBDH@Z 00419566 f i menu.obj
 0001:00018645       ?Init@dmbrowseMenu_t@@UAE_NXZ 00419645 f i menu.obj
 0001:0001884b       ?KeyDown@dmbrowseMenu_t@@UAEPBDH@Z 0041984b f i menu.obj
 0001:00018a0f       ?Draw@dmbrowseMenu_t@@UAEXXZ 00419a0f f i menu.obj
 0001:00018b54       ?DrawThumbnail@dmbrowseMenu_t@@SAXHHHHPAD_N@Z 00419b54 f i menu.obj
 0001:00018c3b       ?Init@videoMenu_t@@UAE_NXZ 00419c3b f i menu.obj
 0001:000191f4       ?ScreenSizeCallback@videoMenu_t@@SAXPAX@Z 0041a1f4 f i menu.obj
 0001:00019212       ?BrightnessCallback@videoMenu_t@@SAXPAX@Z 0041a212 f i menu.obj
 0001:00019230       ?ContrastCallback@videoMenu_t@@SAXPAX@Z 0041a230 f i menu.obj
 0001:00019269       ?CancelChanges@videoMenu_t@@SAXPAX@Z 0041a269 f i menu.obj
 0001:0001928a       ?KeyDown@videoMenu_t@@UAEPBDH@Z 0041a28a f i menu.obj
 0001:000192d1       ?ApplyChanges@videoMenu_t@@SAXPAX@Z 0041a2d1 f i menu.obj
 0001:00019488       ?KeyDown@quitMenu_t@@UAEPBDH@Z 0041a488 f i menu.obj
 0001:000194c0       ?Draw@quitMenu_t@@UAEXXZ   0041a4c0 f i menu.obj
 0001:00019530       ?M_Init@@YAXXZ             0041a530 f   menu.obj
 0001:00019712       ?ItemAtCursor@menuFramework_t@@QAEPAUmenuCommon_t@@XZ 0041a712 f   qmenu.obj
 0001:00019766       ?AddItem@menuFramework_t@@QAEXPAUmenuCommon_t@@@Z 0041a766 f   qmenu.obj
 0001:00019822       ?AdjustCursor@menuFramework_t@@QAEXH@Z 0041a822 f   qmenu.obj
 0001:00019991       ?Center@menuFramework_t@@QAEXXZ 0041a991 f   qmenu.obj
 0001:000199d2       ?Draw@menuFramework_t@@UAEXXZ 0041a9d2 f   qmenu.obj
 0001:00019f8a       ?SelectItem@menuFramework_t@@QAE_NXZ 0041af8a f   qmenu.obj
 0001:00019fe8       ?SetStatusBar@menuFramework_t@@QAEXPBD@Z 0041afe8 f   qmenu.obj
 0001:00019ff2       ?SlideItem@menuFramework_t@@QAEXH@Z 0041aff2 f   qmenu.obj
 0001:0001a56f       ?Push@menuFramework_t@@QAEXXZ 0041b56f f   qmenu.obj
 0001:0001a5f7       ?M_ForceMenuOff@@YAXXZ     0041b5f7 f   qmenu.obj
 0001:0001a624       ?Pop@menuFramework_t@@QAEXXZ 0041b624 f   qmenu.obj
 0001:0001a65e       ?KeyDown@menuFramework_t@@UAEPBDH@Z 0041b65e f   qmenu.obj
 0001:0001a8d2       ?Init@menuFramework_t@@UAE_NXZ 0041b8d2 f   qmenu.obj
 0001:0001a8d5       ?M_Draw@@YAXXZ             0041b8d5 f   qmenu.obj
 0001:0001a910       ?M_Keydown@@YAXH@Z         0041b910 f   qmenu.obj
 0001:0001a92f       ?InitRendererVars@@YAXXZ   0041b92f f   ref_vars.obj
 0001:0001a94e       ?S_SoundInfo_f@@YAXXZ      0041b94e f   snd_dma.obj
 0001:0001a9d8       ?S_Init@@YAXXZ             0041b9d8 f   snd_dma.obj
 0001:0001aaa6       ?S_Shutdown@@YAXXZ         0041baa6 f   snd_dma.obj
 0001:0001ab39       ?S_BeginRegistration@@YAXXZ 0041bb39 f   snd_dma.obj
 0001:0001ab47       ?S_RegisterSound@@YAPAUsfx_t@@PBD@Z 0041bb47 f   snd_dma.obj
 0001:0001acdd       ?S_EndRegistration@@YAXXZ  0041bcdd f   snd_dma.obj
 0001:0001ad75       ?S_PickChannel@@YAPAUchannel_t@@HH@Z 0041bd75 f   snd_dma.obj
 0001:0001ae02       ?S_Spatialize@@YAXPAUchannel_t@@@Z 0041be02 f   snd_dma.obj
 0001:0001af99       ?S_AllocPlaysound@@YAPAUplaysound_t@@XZ 0041bf99 f   snd_dma.obj
 0001:0001afbb       ?S_FreePlaysound@@YAXPAUplaysound_t@@@Z 0041bfbb f   snd_dma.obj
 0001:0001afeb       ?S_IssuePlaysound@@YAXPAUplaysound_t@@@Z 0041bfeb f   snd_dma.obj
 0001:0001b0b8       ?S_StartSound@@YAXPBUCVec3@@HHPAUsfx_t@@MMM@Z 0041c0b8 f   snd_dma.obj
 0001:0001b4de       ?S_StartLocalSound@@YAXPBD@Z 0041c4de f   snd_dma.obj
 0001:0001b52d       ?S_ClearBuffer@@YAXXZ      0041c52d f   snd_dma.obj
 0001:0001b596       ?S_StopAllSounds_f@@YAXXZ  0041c596 f   snd_dma.obj
 0001:0001b606       ?S_AddLoopSounds@@YAXXZ    0041c606 f   snd_dma.obj
 0001:0001b7dc       ?S_RawSamples@@YAXHHHHPAE@Z 0041c7dc f   snd_dma.obj
 0001:0001b9e0       ?S_Update@@YAXABUCVec3@@0@Z 0041c9e0 f   snd_dma.obj
 0001:0001bac3       ?GetSoundtime@@YAXXZ       0041cac3 f   snd_dma.obj
 0001:0001bb2a       ?S_Update_@@YAXXZ          0041cb2a f   snd_dma.obj
 0001:0001bddd       ?ResampleSfx@@YAXPAUsfx_t@@HHPAE@Z 0041cddd f   snd_mem.obj
 0001:0001bef8       ?S_LoadSound@@YAPAUsfxcache_t@@PAUsfx_t@@@Z 0041cef8 f   snd_mem.obj
 0001:0001c030       ?GetWavinfo@@YA?AUwavinfo_t@@PADPAEH@Z 0041d030 f   snd_mem.obj
 0001:0001c272       ?S_WriteLinearBlastStereo16@@YAXXZ 0041d272 f   snd_mix.obj
 0001:0001c2e6       ?S_TransferStereo16@@YAXPAKH@Z 0041d2e6 f   snd_mix.obj
 0001:0001c34f       ?S_TransferPaintBuffer@@YAXH@Z 0041d34f f   snd_mix.obj
 0001:0001c4b3       ?S_PaintChannels@@YAXH@Z   0041d4b3 f   snd_mix.obj
 0001:0001c72f       ?S_InitScaletable@@YAXXZ   0041d72f f   snd_mix.obj
 0001:0001c8f0       ?SV_ComputeAnimation@@YAXPAUplayer_state_t@@AAUentityStateEx_t@@PAU2@PAUedict_s@@@Z 0041d8f0 f   sv_anim.obj
 0001:0001cced       ?SV_WipeSavegame@@YAXPAD@Z 0041dced f   sv_ccmds.obj
 0001:0001cd1b       ?SV_CopySaveGame@@YAXPAD0@Z 0041dd1b f   sv_ccmds.obj
 0001:0001cd70       ?SV_WriteLevelFile@@YAXXZ  0041dd70 f   sv_ccmds.obj
 0001:0001ce1e       ?SV_ReadLevelFile@@YAXXZ   0041de1e f   sv_ccmds.obj
 0001:0001cecc       ?SV_WriteServerFile@@YAX_NPAD@Z 0041decc f   sv_ccmds.obj
 0001:0001d108       ?SV_ReadServerFile@@YAXXZ  0041e108 f   sv_ccmds.obj
 0001:0001d22d       ?SV_AddressBanned@@YA_NPAUnetadr_t@@@Z 0041e22d f   sv_ccmds.obj
 0001:0001d26e       ?SV_InitOperatorCommands@@YAXXZ 0041e26e f   sv_ccmds.obj
 0001:0001e273       ?SV_WriteFrameToClient@@YAXPAUclient_t@@PAVsizebuf_t@@@Z 0041f273 f   sv_ents.obj
 0001:0001e9be       ?SV_RecordDemoMessage@@YAXXZ 0041f9be f   sv_ents.obj
 0001:0001f5a6       ?SV_InitGameLibrary@@YAX_N@Z 004205a6 f   sv_game.obj
 0001:0001f6ec       ?SV_ShutdownGameLibrary@@YAXXZ 004206ec f   sv_game.obj
 0001:0001f849       ?SV_FindIndex@@YAHPADHH_N@Z 00420849 f   sv_init.obj
 0001:0001f956       ?SV_ModelIndex@@YAHPAD@Z   00420956 f   sv_init.obj
 0001:0001f96c       ?SV_SoundIndex@@YAHPAD@Z   0042096c f   sv_init.obj
 0001:0001f985       ?SV_ImageIndex@@YAHPAD@Z   00420985 f   sv_init.obj
 0001:0001f99e       ?SV_CreateBaseline@@YAXXZ  0042099e f   sv_init.obj
 0001:0001fa1b       ?SV_CheckForSavegame@@YAXXZ 00420a1b f   sv_init.obj
 0001:0001faa3       ?SV_SpawnServer@@YAXPAD0W4server_state_t@@_N2@Z 00420aa3 f   sv_init.obj
 0001:0001fd71       ?SV_InitGame@@YAXXZ        00420d71 f   sv_init.obj
 0001:0001ffbb       ?SV_Map@@YAX_NPBD0@Z       00420fbb f   sv_init.obj
 0001:00020184       ?SV_DropClient@@YAXPAUclient_t@@PAD@Z 00421184 f   sv_main.obj
 0001:00020a93       ?SV_ConnectionlessPacket@@YAXXZ 00421a93 f   sv_main.obj
 0001:00020b5e       ?SV_CalcPings@@YAXXZ       00421b5e f   sv_main.obj
 0001:00020be5       ?SV_GiveMsec@@YAXXZ        00421be5 f   sv_main.obj
 0001:00020c24       ?SV_ReadPackets@@YAXXZ     00421c24 f   sv_main.obj
 0001:00020d6c       ?SV_CheckTimeouts@@YAXXZ   00421d6c f   sv_main.obj
 0001:00020e7d       ?SV_PostprocessFrame@@YAXXZ 00421e7d f   sv_main.obj
 0001:0002133b       ?SV_MulticastHook@@YAPAVsizebuf_t@@PAV1@0@Z 0042233b f   sv_main.obj
 0001:0002172b       ?SV_TraceHook@@YA?AUtrace_t@@ABUCVec3@@PBU2@10PAUedict_s@@H@Z 0042272b f   sv_main.obj
 0001:000218c9       ?SV_Frame@@YAXM@Z          004228c9 f   sv_main.obj
 0001:00021b7c       ?SV_UserinfoChanged@@YAXPAUclient_t@@@Z 00422b7c f   sv_main.obj
 0001:00021c40       ?SV_Init@@YAXXZ            00422c40 f   sv_main.obj
 0001:00021ca2       ?SV_Shutdown@@YAXPBD_N@Z   00422ca2 f   sv_main.obj
 0001:00021ea9       ?SV_BeginRedirect@@YAXXZ   00422ea9 f   sv_send.obj
 0001:00021f53       ?SV_ClientPrintf@@YAXPAUclient_t@@HPBDZZ 00422f53 f   sv_send.obj
 0001:00021fae       ?SV_BroadcastPrintf@@YAXHPBDZZ 00422fae f   sv_send.obj
 0001:00022084       ?SV_BroadcastCommand@@YAXPBDZZ 00423084 f   sv_send.obj
 0001:000220dc       ?SV_Multicast@@YAXABUCVec3@@W4multicast_t@@_N@Z 004230dc f   sv_send.obj
 0001:00022302       ?SV_MulticastOld@@YAXABUCVec3@@W4multicast_t@@@Z 00423302 f   sv_send.obj
 0001:00022315       ?SV_MulticastNew@@YAXABUCVec3@@W4multicast_t@@@Z 00423315 f   sv_send.obj
 0001:00022328       ?SV_StartSound@@YAXPBUCVec3@@PAUedict_s@@HHMMM_N@Z 00423328 f   sv_send.obj
 0001:000225f5       ?SV_StartSoundOld@@YAXPBUCVec3@@PAUedict_s@@HHMMM@Z 004235f5 f   sv_send.obj
 0001:00022625       ?SV_StartSoundNew@@YAXPBUCVec3@@PAUedict_s@@HHMMM@Z 00423625 f   sv_send.obj
 0001:00022655       ?SV_SendClientDatagram@@YA_NPAUclient_t@@@Z 00423655 f   sv_send.obj
 0001:00022717       ?SV_DemoCompleted@@YAXXZ   00423717 f   sv_send.obj
 0001:00022733       ?SV_RateDrop@@YA_NPAUclient_t@@@Z 00423733 f   sv_send.obj
 0001:0002277d       ?SV_SendClientMessages@@YAXXZ 0042377d f   sv_send.obj
 0001:000228c0       ?SV_ClearTexts@@YAXXZ      004238c0 f   sv_text.obj
 0001:000228c8       ?SV_DrawTexts@@YAXXZ       004238c8 f   sv_text.obj
 0001:00022a7d       ?SV_DrawText3D@@YAXABUCVec3@@PBDI@Z 00423a7d f   sv_text.obj
 0001:00022a94       ?SV_TokenizeString@@YAXPBD@Z 00423a94 f   sv_tokenize.obj
 0001:00022b6b       ?SV_Argc@@YAHXZ            00423b6b f   sv_tokenize.obj
 0001:00022b71       ?SV_Argv@@YAPADH@Z         00423b71 f   sv_tokenize.obj
 0001:00022b8b       ?SV_Args@@YAPADXZ          00423b8b f   sv_tokenize.obj
 0001:00023420       ?SV_Nextserver@@YAXXZ      00424420 f   sv_user.obj
 0001:000234af       ?SV_ExecuteUserCommand@@YAXPAD@Z 004244af f   sv_user.obj
 0001:00023571       ?SV_ClientThink@@YAXPAUclient_t@@PAUusercmd_t@@@Z 00424571 f   sv_user.obj
 0001:000235b4       ?SV_ExecuteClientMessage@@YAXPAUclient_t@@@Z 004245b4 f   sv_user.obj
 0001:000237d2       ?SV_ClearWorld@@YAXXZ      004247d2 f   sv_world.obj
 0001:0002390d       ?SV_UnlinkEdict@@YAXPAUedict_s@@@Z 0042490d f   sv_world.obj
 0001:000239d0       ?SV_LinkEdict@@YAXPAUedict_s@@@Z 004249d0 f   sv_world.obj
 0001:00023fbb       ?SV_AreaEdicts@@YAHABUCVec3@@0PAPAUedict_s@@HH@Z 00424fbb f   sv_world.obj
 0001:0002416c       ?SV_PointContents@@YAHABUCVec3@@@Z 0042516c f   sv_world.obj
 0001:00024293       ?SV_Trace@@YAXAAUtrace_t@@ABUCVec3@@1ABUCBox@@PAUedict_s@@H@Z 00425293 f   sv_world.obj
 0001:00024712       ?InitByteDirs@@YAXXZ       00425712 f   anorms.obj
 0001:00024751       ?Cbuf_AddText@@YAXPBD@Z    00425751 f   cmd.obj
 0001:000247b3       ?Cbuf_CopyToDefer@@YAXXZ   004257b3 f   cmd.obj
 0001:000247fb       ?Cbuf_InsertFromDefer@@YAXXZ 004257fb f   cmd.obj
 0001:000248b4       ?Cbuf_Execute@@YAXXZ       004258b4 f   cmd.obj
 0001:000249ba       ?Cmd_Unalias_f@@YAX_NHPAPAD@Z 004259ba f   cmd.obj
 0001:00024a30       ?Cmd_WriteAliases@@YAXPAU_iobuf@@@Z 00425a30 f   cmd.obj
 0001:00024a61       ?RegisterCommand@@YA_NPBDP6AXXZH@Z 00425a61 f   cmd.obj
 0001:00024b1a       ?UnregisterCommand@@YA_NPBD@Z 00425b1a f   cmd.obj
 0001:00024bab       ?Cmd_ExecuteString@@YA_NPBD@Z 00425bab f   cmd.obj
 0001:00024ffe       ?ExecuteCommand@@YA_NPBDPBUCSimpleCommand@@H@Z 00425ffe f   cmd.obj
 0001:000250d6       ?Cmd_Init@@YAXXZ           004260d6 f   cmd.obj
 0001:00025428       ?CM_LoadMap@@YAPAUcmodel_t@@PBD_NPAI@Z 00426428 f   cmodel.obj
 0001:00025b59       ?SetSignbits@cplane_t@@QAEXXZ 00426b59 f i cmodel.obj
 0001:00025b8d       ?SetType@cplane_t@@QAEXXZ  00426b8d f i cmodel.obj
 0001:00025d49       ?CM_InlineModel@@YAPAUcmodel_t@@PBD@Z 00426d49 f   cmodel.obj
 0001:00025d8a       ?CM_NumClusters@@YAHXZ     00426d8a f   cmodel.obj
 0001:00025d90       ?CM_NumInlineModels@@YAHXZ 00426d90 f   cmodel.obj
 0001:00025d96       ?CM_EntityString@@YAPBDXZ  00426d96 f   cmodel.obj
 0001:00025d9c       ?CM_LeafContents@@YAHH@Z   00426d9c f   cmodel.obj
 0001:00025dc3       ?CM_LeafCluster@@YAHH@Z    00426dc3 f   cmodel.obj
 0001:00025e39       ?CM_LeafArea@@YAHH@Z       00426e39 f   cmodel.obj
 0001:00025ffc       ?CM_HeadnodeForBox@@YAHABUCBox@@@Z 00426ffc f   cmodel.obj
 0001:000260b1       ?CM_PointLeafnum@@YAHABUCVec3@@H@Z 004270b1 f   cmodel.obj
 0001:00026154       ?DistanceTo@cplane_t@@QAEMABUCVec3@@@Z 00427154 f i cmodel.obj
 0001:00026198       ?CM_PointContents@@YAHABUCVec3@@H@Z 00427198 f   cmodel.obj
 0001:0002620d       ?CM_TransformedPointContents@@YAHABUCVec3@@H00@Z 0042720d f   cmodel.obj
 0001:000262ee       ?CM_TransformedPointContents@@YAHABUCVec3@@H0ABUCAxis@@@Z 004272ee f   cmodel.obj
 0001:00026399       ?CM_BoxLeafnums@@YAHABUCBox@@PAHH1H@Z 00427399 f   cmodel.obj
 0001:000264a2       ?BOX_ON_PLANE_SIDE@@YAHABUCBox@@ABUcplane_t@@@Z 004274a2 f i cmodel.obj
 0001:0002650c       ?CM_BoxTrace@@YAXAAUtrace_t@@ABUCVec3@@1ABUCBox@@HH@Z 0042750c f   cmodel.obj
 0001:00026eae       ?CM_TransformedBoxTrace@@YAXAAUtrace_t@@ABUCVec3@@1ABUCBox@@HH11@Z 00427eae f   cmodel.obj
 0001:0002702b       ?CM_TransformedBoxTrace@@YAXAAUtrace_t@@ABUCVec3@@1ABUCBox@@HH1ABUCAxis@@@Z 0042802b f   cmodel.obj
 0001:000270e8       ?CM_BrushTrace@@YAHABUCVec3@@0PAHH@Z 004280e8 f   cmodel.obj
 0001:000274fa       ?CM_RefineBrushTrace@@YAHABUCVec3@@0PAHH@Z 004284fa f   cmodel.obj
 0001:000275a0       ?CM_ClusterPVS@@YAPAEH@Z   004285a0 f   cmodel.obj
 0001:000276e4       ?CM_ClusterPHS@@YAPAEH@Z   004286e4 f   cmodel.obj
 0001:00027847       ?CM_SetAreaPortalState@@YAXH_N@Z 00428847 f   cmodel.obj
 0001:0002786c       ?CM_AreasConnected@@YA_NHH@Z 0042886c f   cmodel.obj
 0001:000278b0       ?CM_WriteAreaBits@@YAHPAEH@Z 004288b0 f   cmodel.obj
 0001:00027952       ?CM_WritePortalState@@YAXPAU_iobuf@@@Z 00428952 f   cmodel.obj
 0001:0002796c       ?CM_ReadPortalState@@YAXPAU_iobuf@@@Z 0042896c f   cmodel.obj
 0001:0002798a       ?CM_HeadnodeVisible@@YA_NHPBE@Z 0042898a f   cmodel.obj
 0001:00027a65       ?Com_BeginRedirect@@YAXPADHP6AX0@Z@Z 00428a65 f   common.obj
 0001:00027a92       ?Com_EndRedirect@@YAXXZ    00428a92 f   common.obj
 0001:00027ab1       ?Com_Printf@@YAXPBDZZ      00428ab1 f   common.obj
 0001:00027ca9       ?Com_DPrintf@@YAXPBDZZ     00428ca9 f   common.obj
 0001:00027d22       ?DebugPrintf@@YAXPBDZZ     00428d22 f   common.obj
 0001:00027dcc       ?Com_WPrintf@@YAXPBDZZ     00428dcc f   common.obj
 0001:00027e26       ?Com_Quit@@YAXXZ           00428e26 f   common.obj
 0001:00027e46       ?IPWildcard@@YA_NPAUnetadr_t@@PAD@Z 00428e46 f   common.obj
 0001:00027f20       ?Com_ServerState@@YA?AW4server_state_t@@XZ 00428f20 f   common.obj
 0001:00027f26       ?Com_SetServerState@@YAXW4server_state_t@@@Z 00428f26 f   common.obj
 0001:00027f30       ?frand@@YAMXZ              00428f30 f   common.obj
 0001:00027f48       ?crand@@YAMXZ              00428f48 f   common.obj
 0001:00027f66       ?Info_ValueForKey@@YAPBDPBD0@Z 00428f66 f   common.obj
 0001:00027fe5       ?Info_SetValueForKey@@YAXPADPBD1@Z 00428fe5 f   common.obj
 0001:00028148       ?Info_Print@@YAXPBD@Z      00429148 f   common.obj
 0001:000281ce       ?Com_CheckCmdlineVar@@YA_NPBD@Z 004291ce f   common.obj
 0001:00028224       ?Com_Init@@YAXPBD@Z        00429224 f   common.obj
 0001:000285f2       ?Com_Frame@@YAXM@Z         004295f2 f   common.obj
 0001:00028930       ?Com_Shutdown@@YAXXZ       00429930 f   common.obj
 0001:00028949       ?Com_BlockSequenceCRCByte@@YAEPAEHH@Z 00429949 f   crc.obj
 0001:000289ff       ?Cvar_VariableValue@@YAMPBD@Z 004299ff f   cvar.obj
 0001:00028a6d       ?Cvar_VariableInt@@YAHPBD@Z 00429a6d f   cvar.obj
 0001:00028a80       ?Cvar_VariableString@@YAPBDPBD@Z 00429a80 f   cvar.obj
 0001:00028a98       ?Cvar_Get@@YAPAUcvar_t@@PBD0H@Z 00429a98 f   cvar.obj
 0001:00028d4f       ?Cvar_GetVars@@YAXPBUcvarInfo_t@@H@Z 00429d4f f   cvar.obj
 0001:00028df9       ?Cvar_FullSet@@YAPAUcvar_t@@PBD0I@Z 00429df9 f   cvar.obj
 0001:00028e53       ?Cvar_SetValue@@YAPAUcvar_t@@PBDM@Z 00429e53 f   cvar.obj
 0001:00029079       ?Cvar_SetInteger@@YAPAUcvar_t@@PBDH@Z 0042a079 f   cvar.obj
 0001:0002909b       ?Cvar_Set@@YAPAUcvar_t@@PBD0@Z 0042a09b f   cvar.obj
 0001:000290b0       ?Cvar_ForceSet@@YAPAUcvar_t@@PBD0@Z 0042a0b0 f   cvar.obj
 0001:000290c5       ?Cvar_Clamp@@YAMPAUcvar_t@@MM@Z 0042a0c5 f   cvar.obj
 0001:00029123       ?Cvar_GetLatchedVars@@YAXXZ 0042a123 f   cvar.obj
 0001:00029152       ?Cvar_Command@@YA_NHPAPAD@Z 0042a152 f   cvar.obj
 0001:000291eb       ?IsDefault@cvar_t@@QAE_NXZ 0042a1eb f i cvar.obj
 0001:00029208       ?Cvar_WriteVariables@@YAXPAU_iobuf@@HHPBD@Z 0042a208 f   cvar.obj
 0001:00029290       ?Cvar_Userinfo@@YAPBDXZ    0042a290 f   cvar.obj
 0001:000292eb       ?Cvar_Serverinfo@@YAPBDXZ  0042a2eb f   cvar.obj
 0001:000292f4       ?Cvar_Cheats@@YAX_N@Z      0042a2f4 f   cvar.obj
 0001:00029345       ?Cvar_Init@@YAXXZ          0042a345 f   cvar.obj
 0001:00029b68       ?MSG_WriteDeltaEntity@@YAXPAVsizebuf_t@@PBUentityStateEx_t@@PAU2@_N33@Z 0042ab68 f   entdelta.obj
 0001:0002a124       ?MSG_WriteRemoveEntity@@YAXPAVsizebuf_t@@H@Z 0042b124 f   entdelta.obj
 0001:0002a164       ?MSG_ReadEntityBits@@YAHPAVsizebuf_t@@PAIPA_N@Z 0042b164 f   entdelta.obj
 0001:0002a1d5       ?MSG_ReadDeltaEntity@@YAXPAVsizebuf_t@@PBUentityStateEx_t@@PAU2@I@Z 0042b1d5 f   entdelta.obj
 0001:0002a258       ?MSG_WriteDeltaUsercmd@@YAXPAVsizebuf_t@@PBUusercmd_t@@PAU2@@Z 0042b258 f   entdelta.obj
 0001:0002a2e7       ?MSG_ReadDeltaUsercmd@@YAXPAVsizebuf_t@@PBUusercmd_t@@PAU2@@Z 0042b2e7 f   entdelta.obj
 0001:0002a5ea       ?MSG_WriteDeltaPlayerstate@@YAXPAVsizebuf_t@@PBUplayer_state_t@@PAU2@@Z 0042b5ea f   entdelta.obj
 0001:0002a6f3       ?MSG_ReadDeltaPlayerstate@@YAXPAVsizebuf_t@@PBUplayer_state_t@@PAU2@@Z 0042b6f3 f   entdelta.obj
 0001:0002a7c7       ?FS_CreatePath@@YAXPBD@Z   0042b7c7 f   files.obj
 0001:0002a82d       ?FS_CopyFile@@YAXPBD0@Z    0042b82d f   files.obj
 0001:0002a930       ?FS_CopyFiles@@YAXPBD0@Z   0042b930 f   files.obj
 0001:0002aa09       ?FS_RemoveFiles@@YAXPBD@Z  0042ba09 f   files.obj
 0001:0002aa7d       ?FS_FCloseFile@@YAXPAVQFILE@@@Z 0042ba7d f   files.obj
 0001:0002ab1b       ?FS_FOpenFile@@YAPAVQFILE@@PBDPAH@Z 0042bb1b f   files.obj
 0001:0002b03e       ?FS_FileExists@@YA_NPBD@Z  0042c03e f   files.obj
 0001:0002b257       ?FS_Read@@YAXPAXHPAVQFILE@@@Z 0042c257 f   files.obj
 0001:0002b4bb       ?FS_LoadFile@@YAPAXPBDPAI@Z 0042c4bb f   files.obj
 0001:0002b511       ?FS_FreeFile@@YAXPAX@Z     0042c511 f   files.obj
 0001:0002b51c       ?FS_Gamedir@@YAPBDXZ       0042c51c f   files.obj
 0001:0002b530       ?FS_LoadGameConfig@@YAXXZ  0042c530 f   files.obj
 0001:0002b5f5       ?FS_SetGamedir@@YA_NPBD@Z  0042c5f5 f   files.obj
 0001:0002bce0       ?FS_ListFiles@@YA?AV?$TList@VCStringItem@@@@PBDH@Z 0042cce0 f   files.obj
 0001:0002c062       ?FS_NextPath@@YAPADPBD@Z   0042d062 f   files.obj
 0001:0002c086       ?FS_InitFilesystem@@YAXXZ  0042d086 f   files.obj
 0001:0002ca32       ?LoadPCX@@YAXPBDAAPAE1AAH2@Z 0042da32 f   images.obj
 0001:0002cb61       ?LoadTGA@@YAXPBDAAPAEAAH2@Z 0042db61 f   images.obj
 0001:0002cd50       ?LoadJPG@@YAXPBDAAPAEAAH2@Z 0042dd50 f   images.obj
 0001:0002cfdd       ?ImageExists@@YAHPBDH@Z    0042dfdd f   images.obj
 0001:0002d0e4       ?WriteTGA@@YA_NPBDPAEHH@Z  0042e0e4 f   images.obj
 0001:0002d2ce       ?WriteJPG@@YA_NPBDPAEHH_N@Z 0042e2ce f   images.obj
 0001:0002d3f5       ?MD4Init@@YAXPAUMD4_CTX@@@Z 0042e3f5 f   md4.obj
 0001:0002d41d       ?MD4Update@@YAXPAUMD4_CTX@@PAEI@Z 0042e41d f   md4.obj
 0001:0002d4bb       ?MD4Final@@YAXQAEPAUMD4_CTX@@@Z 0042e4bb f   md4.obj
 0001:0002dbac       ?Com_BlockChecksum@@YAIPAXH@Z 0042ebac f   md4.obj
 0001:0002dbe8       ?LoadQ2BspFile@@YAXXZ      0042ebe8 f   model.obj
 0001:0002df9e       ?LoadBspFile@@YAPAUbspfile_t@@PBD_NPAI@Z 0042ef9e f   model.obj
 0001:0002e14c       ?ProcessEntstring@@YAPADPAD@Z 0042f14c f   model.obj
 0001:0002eff3       ?Init@sizebuf_t@@QAEXPAXH@Z 0042fff3 f   msg.obj
 0001:0002f00e       ?Write@sizebuf_t@@QAEXPBXH@Z 0043000e f   msg.obj
 0001:0002f07e       ?MSG_WriteChar@@YAXPAVsizebuf_t@@H@Z 0043007e f   msg.obj
 0001:0002f07e       ?MSG_WriteByte@@YAXPAVsizebuf_t@@H@Z 0043007e f   msg.obj
 0001:0002f08f       ?MSG_WriteShort@@YAXPAVsizebuf_t@@H@Z 0043008f f   msg.obj
 0001:0002f0a0       ?MSG_WriteFloat@@YAXPAVsizebuf_t@@M@Z 004300a0 f   msg.obj
 0001:0002f0a0       ?MSG_WriteLong@@YAXPAVsizebuf_t@@H@Z 004300a0 f   msg.obj
 0001:0002f0b1       ?MSG_WriteString@@YAXPAVsizebuf_t@@PBD@Z 004300b1 f   msg.obj
 0001:0002f0db       ?MSG_WritePos@@YAXPAVsizebuf_t@@ABUCVec3@@@Z 004300db f   msg.obj
 0001:0002f13f       ?MSG_WriteAngle@@YAXPAVsizebuf_t@@M@Z 0043013f f   msg.obj
 0001:0002f16a       ?MSG_WriteAngle16@@YAXPAVsizebuf_t@@M@Z 0043016a f   msg.obj
 0001:0002f195       ?MSG_WriteDir@@YAXPAVsizebuf_t@@ABUCVec3@@@Z 00430195 f   msg.obj
 0001:0002f1fd       ?MSG_ReadDir@@YAXPAVsizebuf_t@@AAUCVec3@@@Z 004301fd f   msg.obj
 0001:0002f22e       ?MSG_ReadChar@@YAHPAVsizebuf_t@@@Z 0043022e f   msg.obj
 0001:0002f24e       ?MSG_ReadByte@@YAHPAVsizebuf_t@@@Z 0043024e f   msg.obj
 0001:0002f26e       ?MSG_ReadShort@@YAHPAVsizebuf_t@@@Z 0043026e f   msg.obj
 0001:0002f28e       ?MSG_ReadLong@@YAHPAVsizebuf_t@@@Z 0043028e f   msg.obj
 0001:0002f2ad       ?MSG_ReadString@@YAPADPAVsizebuf_t@@@Z 004302ad f   msg.obj
 0001:0002f2e0       ?MSG_ReadPos@@YAXPAVsizebuf_t@@AAUCVec3@@@Z 004302e0 f   msg.obj
 0001:0002f332       ?MSG_ReadAngle@@YAMPAVsizebuf_t@@@Z 00430332 f   msg.obj
 0001:0002f34c       ?MSG_ReadAngle16@@YAMPAVsizebuf_t@@@Z 0043034c f   msg.obj
 0001:0002f366       ?MSG_ReadData@@YAXPAVsizebuf_t@@PAXH@Z 00430366 f   msg.obj
 0001:0002f389       ?Netchan_Init@@YAXXZ       00430389 f   net_chan.obj
 0001:0002f3fd       ?Netchan_OutOfBandPrint@@YAXW4netsrc_t@@Unetadr_t@@PBDZZ 004303fd f   net_chan.obj
 0001:0002f484       ?Setup@netchan_t@@QAEXW4netsrc_t@@Unetadr_t@@H@Z 00430484 f   net_chan.obj
 0001:0002f4dc       ?NeedReliable@netchan_t@@QAE_NXZ 004304dc f   net_chan.obj
 0001:0002f501       ?Transmit@netchan_t@@QAEXPAXH@Z 00430501 f   net_chan.obj
 0001:0002f69e       ?Process@netchan_t@@QAE_NPAVsizebuf_t@@@Z 0043069e f   net_chan.obj
 0001:0002f7cc       ?Pmove@@YAXPAUpmove_t@@@Z  004307cc f   pmove.obj
 0001:00031569       ?NormalizeColor@@YAMABUCVec3@@AAU1@@Z 00432569 f   q_shared2.obj
 0001:000315c5       ?NormalizeColor255@@YAMABUCVec3@@AAU1@@Z 004325c5 f   q_shared2.obj
 0001:00031625       ?Q_rsqrt@@YAMM@Z           00432625 f   q_shared2.obj
 0001:00031655       ?AngleVectors@@YAXABUCVec3@@PAU1@11@Z 00432655 f   q_shared2.obj
 0001:000317b6       ?MakeNormalVectors@@YAXABUCVec3@@AAU1@1@Z 004327b6 f   q_shared2.obj
 0001:00031825       ?VectorLength@@YAMABUCVec3@@@Z 00432825 f   q_shared2.obj
 0001:00031854       ?VectorDistance@@YAMABUCVec3@@0@Z 00432854 f   q_shared2.obj
 0001:00031885       ?LerpAngle@@YAMMMM@Z       00432885 f   q_shared2.obj
 0001:000318c8       ?AngleMod@@YAMM@Z          004328c8 f   q_shared2.obj
 0001:000318f4       ?AngleSubtract@@YAMMM@Z    004328f4 f   q_shared2.obj
 0001:0003192b       ?AnglesSubtract@@YAXABUCVec3@@0AAU1@@Z 0043292b f   q_shared2.obj
 0001:00031983       ?Normalize@CVec3@@QAEMXZ   00432983 f   q_shared2.obj
 0001:000319d5       ?VectorNormalize@@YAMABUCVec3@@AAU1@@Z 004329d5 f   q_shared2.obj
 0001:00031a2d       ?NormalizeFast@CVec3@@QAEMXZ 00432a2d f   q_shared2.obj
 0001:00031a7e       ?cross@@YAXABUCVec3@@0AAU1@@Z 00432a7e f   q_shared2.obj
 0001:00031ab9       ?Clear@CBox@@QAEXXZ        00432ab9 f   q_shared2.obj
 0001:00031ad7       ?Expand@CBox@@QAEXABUCVec3@@@Z 00432ad7 f   q_shared2.obj
 0001:00031b06       ?Expand@CBox@@QAEXABU1@@Z  00432b06 f   q_shared2.obj
 0001:00031b42       ?GetCenter@CBox@@QAEXAAUCVec3@@@Z 00432b42 f   q_shared2.obj
 0001:00031b62       ?OnPlaneSide@CBox@@QBEHABUcplane_t@@@Z 00432b62 f   q_shared2.obj
 0001:00031c91       ?FromAngles@CAxis@@QAEXABUCVec3@@@Z 00432c91 f   q_shared2.obj
 0001:00031cd0       ?TransformVector@CAxis@@QBEXABUCVec3@@AAU2@@Z 00432cd0 f   q_shared2.obj
 0001:00031d21       ?UnTransformVector@CAxis@@QBEXABUCVec3@@AAU2@@Z 00432d21 f   q_shared2.obj
 0001:00031d85       ?TransformAxis@CAxis@@QBEXABU1@AAU1@@Z 00432d85 f   q_shared2.obj
 0001:00031dcb       ?UnTransformAxis@CAxis@@QBEXABU1@AAU1@@Z 00432dcb f   q_shared2.obj
 0001:00031e11       ?TransformPoint@CCoords@@QBEXABUCVec3@@AAU2@@Z 00432e11 f   q_shared2.obj
 0001:00031e6f       ?UnTransformPoint@CCoords@@QBEXABUCVec3@@AAU2@@Z 00432e6f f   q_shared2.obj
 0001:00031edc       ?UnTransformCoords@CCoords@@QBEXABU1@AAU1@@Z 00432edc f   q_shared2.obj
 0001:00031f06       ?TransformPlane@CCoords@@QBEXABUcplane_t@@AAU2@@Z 00432f06 f   q_shared2.obj
 0001:00031f3e       ?TransformPoint@@YAXABUCVec3@@ABUCAxis@@0AAU1@@Z 00432f3e f   q_shared2.obj
 0001:00031fa1       ?UnTransformPoint@@YAXABUCVec3@@ABUCAxis@@0AAU1@@Z 00432fa1 f   q_shared2.obj
 0001:00032011       ?ShortSwap@@YAFF@Z         00433011 f   q_shared2.obj
 0001:00032026       ?COM_Parse@@YAPADAAPBD_N@Z 00433026 f   q_shared2.obj
 0001:0003214a       ?COM_QuoteString@@YAPBDPBD_N@Z 0043314a f   q_shared2.obj
 0001:000321a5       ?Com_PageInMemory@@YAXPAXH@Z 004331a5 f   q_shared2.obj
 0001:000321c4       ?Zip_OpenArchive@@YAPAU_iobuf@@PBD@Z 004331c4 f   zip.obj
 0001:0003222f       ?Zip_CloseArchive@@YAXPAU_iobuf@@@Z 0043322f f   zip.obj
 0001:0003223b       ?Zip_EnumArchive@@YA_NPAU_iobuf@@P6A_NPAUzipFile_t@@@Z@Z 0043323b f   zip.obj
 0001:00032418       ?Zip_OpenFile@@YAPAUZFILE@@PAU_iobuf@@PAUzipFile_t@@@Z 00433418 f   zip.obj
 0001:000324fc       ?Zip_ReadFile@@YAHPAUZFILE@@PAXH@Z 004334fc f   zip.obj
 0001:000325f2       ?Zip_CloseFile@@YA_NPAUZFILE@@@Z 004335f2 f   zip.obj
 0001:00032636       ?Zip_OpenBuf@@YAPAUZBUF@@PAXH@Z 00433636 f   zip.obj
 0001:00032674       ?Zip_ReadBuf@@YAHPAUZBUF@@PAXH@Z 00433674 f   zip.obj
 0001:000326bc       ?Zip_CloseBuf@@YAXPAUZBUF@@@Z 004336bc f   zip.obj
 0001:000326d1       _zcalloc                   004336d1 f   zip.obj
 0001:000326e5       _zcfree                    004336e5 f   zip.obj
 0001:000326f0       ?CDAudio_Play2@@YAXH_N@Z   004336f0 f   cd_win.obj
 0001:000328cf       ?CDAudio_Play@@YAXH_N@Z    004338cf f   cd_win.obj
 0001:000328e6       ?CDAudio_Stop@@YAXXZ       004338e6 f   cd_win.obj
 0001:0003292b       ?CDAudio_Pause@@YAXXZ      0043392b f   cd_win.obj
 0001:00032984       ?CDAudio_Resume@@YAXXZ     00433984 f   cd_win.obj
 0001:000329f3       ?CDAudio_Update@@YAXXZ     004339f3 f   cd_win.obj
 0001:00032a27       ?CDAudio_Init@@YAHXZ       00433a27 f   cd_win.obj
 0001:00032e89       ?CDAudio_Shutdown@@YAXXZ   00433e89 f   cd_win.obj
 0001:00032ebc       ?CDAudio_Activate@@YAX_N@Z 00433ebc f   cd_win.obj
 0001:00032ecd       ?IN_Commands@@YAXXZ        00433ecd f   in_win.obj
 0001:00032ff5       ?IN_Init@@YAXXZ            00433ff5 f   in_win.obj
 0001:000332ec       ?IN_Shutdown@@YAXXZ        004342ec f   in_win.obj
 0001:000334c6       ?IN_Move@@YAXPAUusercmd_t@@@Z 004344c6 f   in_win.obj
 0001:00033aa3       ?IN_Activate@@YAX_N@Z      00434aa3 f   in_win.obj
 0001:00033aad       ?IN_Frame@@YAXXZ           00434aad f   in_win.obj
 0001:00033e15       ?NetadrToSockadr@@YAXPAUnetadr_t@@PAUsockaddr@@@Z 00434e15 f   net_wins.obj
 0001:00033e9a       ?SockadrToNetadr@@YAXPAUsockaddr@@PAUnetadr_t@@@Z 00434e9a f   net_wins.obj
 0001:00033eea       ?NET_CompareAdr@@YA_NPAUnetadr_t@@0@Z 00434eea f   net_wins.obj
 0001:00033f40       ?NET_CompareBaseAdr@@YA_NPAUnetadr_t@@0@Z 00434f40 f   net_wins.obj
 0001:00033f8b       ?NET_AdrToString@@YAPADPAUnetadr_t@@@Z 00434f8b f   net_wins.obj
 0001:00034044       ?NET_StringToAdr@@YA_NPBDPAUnetadr_t@@@Z 00435044 f   net_wins.obj
 0001:000342ce       ?NET_IsLocalAddress@@YA_NPAUnetadr_t@@@Z 004352ce f   net_wins.obj
 0001:000342da       ?NET_GetLoopPacket@@YA_NW4netsrc_t@@PAUnetadr_t@@PAVsizebuf_t@@@Z 004352da f   net_wins.obj
 0001:00034365       ?NET_SendLoopPacket@@YAXW4netsrc_t@@HPAXUnetadr_t@@@Z 00435365 f   net_wins.obj
 0001:000343ba       ?NET_GetPacket@@YA_NW4netsrc_t@@PAUnetadr_t@@PAVsizebuf_t@@@Z 004353ba f   net_wins.obj
 0001:000344d7       ?NET_SendPacket@@YAXW4netsrc_t@@HPAXUnetadr_t@@@Z 004354d7 f   net_wins.obj
 0001:000345a8       ?NET_Config@@YAX_N@Z       004355a8 f   net_wins.obj
 0001:0003491d       ?NET_Init@@YAXXZ           0043591d f   net_wins.obj
 0001:000349d7       ?Sys_Mkdir@@YAXPAD@Z       004359d7 f   fs_win.obj
 0001:000349e3       ?Sys_FindFirst@@YAPBDPBDH@Z 004359e3 f   fs_win.obj
 0001:00034a9d       ?Sys_FindNext@@YAPBDXZ     00435a9d f   fs_win.obj
 0001:00034b07       ?Sys_FindClose@@YAXXZ      00435b07 f   fs_win.obj
 0001:00034b21       ?Sys_FileExists@@YA_NPBDH@Z 00435b21 f   fs_win.obj
 0001:00034b3f       ?SNDDMA_Init@@YA_NXZ       00435b3f f   snd_win.obj
 0001:0003517e       ?SNDDMA_GetDMAPos@@YAHXZ   0043617e f   snd_win.obj
 0001:000351c8       ?SNDDMA_BeginPainting@@YAXXZ 004361c8 f   snd_win.obj
 0001:000352e0       ?SNDDMA_Submit@@YAXXZ      004362e0 f   snd_win.obj
 0001:00035305       ?SNDDMA_Shutdown@@YAXXZ    00436305 f   snd_win.obj
 0001:0003530a       ?S_Activate@@YAX_N@Z       0043630a f   snd_win.obj
 0001:00035335       ?Sys_Quit@@YAXXZ           00436335 f   sys_win.obj
 0001:000353ed       ?Sys_Init@@YAXXZ           004363ed f   sys_win.obj
 0001:00035465       ?Sys_ConsoleInput@@YAPADXZ 00436465 f   sys_win.obj
 0001:00035720       ?Sys_ConsoleOutput@@YAXPBD@Z 00436720 f   sys_win.obj
 0001:000357ad       ?Sys_SendKeyEvents@@YAXXZ  004367ad f   sys_win.obj
 0001:00035865       ?Sys_UnloadGame@@YAXXZ     00436865 f   sys_win.obj
 0001:000358e0       ?Sys_GetGameAPI@@YAPAXPAX@Z 004368e0 f   sys_win.obj
 0001:00035a37       _WinMain@16                00436a37 f   sys_win.obj
 0001:00035cbd       ?AddMsgHook@@YAXP6A_NIIJ@Z@Z 00436cbd f   vid_dll.obj
 0001:00035d01       ?RemoveMsgHook@@YAXP6A_NIIJ@Z@Z 00436d01 f   vid_dll.obj
 0001:00035d30       ?Vid_CreateWindow@@YAPAXHH_N@Z 00436d30 f   vid_dll.obj
 0001:00036434       ?Vid_DestroyWindow@@YAX_N@Z 00437434 f   vid_dll.obj
 0001:0003646f       ?Vid_Restart@@YAXXZ        0043746f f   vid_dll.obj
 0001:0003647b       ?Vid_GetModeInfo@@YA_NPAH0H@Z 0043747b f   vid_dll.obj
 0001:000364ab       ?Vid_Tick@@YAXXZ           004374ab f   vid_dll.obj
 0001:0003665b       ?Vid_Init@@YAXXZ           0043765b f   vid_dll.obj
 0001:0003672c       ?Vid_Shutdown@@YAXXZ       0043772c f   vid_dll.obj
 0001:0003674b       ?Tesselate@surfacePlanar_t@OpenGLDrv@@UAEXAAUrefEntity_t@2@@Z 0043774b f   gl_backend.obj
 0001:00037127       ?Negate@CVec3@@QAEXXZ      00438127 f i gl_backend.obj
 0001:00038a56       ?Tesselate@surfacePoly_t@OpenGLDrv@@UAEXAAUrefEntity_t@2@@Z 00439a56 f   gl_backend.obj
 0001:00038b5d       ?Tesselate@surfaceMd3_t@OpenGLDrv@@UAEXAAUrefEntity_t@2@@Z 00439b5d f   gl_backend.obj
 0001:00038f47       ?DrawTriangles@OpenGLDrv@@YA_NXZ 00439f47 f   gl_backend.obj
 0001:0003905c       ?DrawNormals@OpenGLDrv@@YA_NXZ 0043a05c f   gl_backend.obj
 0001:00039166       ?Tesselate@surfaceEntity_t@OpenGLDrv@@UAEXAAUrefEntity_t@2@@Z 0043a166 f   gl_backend.obj
 0001:0003924a       ?Tesselate@surfaceParticle_t@OpenGLDrv@@UAEXAAUrefEntity_t@2@@Z 0043a24a f   gl_backend.obj
 0001:0003949a       ?BK_DrawScene@OpenGLDrv@@YAXXZ 0043a49a f   gl_backend.obj
 0001:00039ac1       ?BK_DrawPic@OpenGLDrv@@YAXPAVshader_t@1@HHHHMMMMIE@Z 0043aac1 f   gl_backend.obj
 0001:00039ca2       ?BK_DrawText@OpenGLDrv@@YAXPBDHHHHHI@Z 0043aca2 f   gl_backend.obj
 0001:00039e8d       ?BK_BeginFrame@OpenGLDrv@@YAXXZ 0043ae8d f   gl_backend.obj
 0001:00039f26       ?BK_EndFrame@OpenGLDrv@@YAXXZ 0043af26 f   gl_backend.obj
 0001:00039f65       ?BK_Init@OpenGLDrv@@YAXXZ  0043af65 f   gl_backend.obj
 0001:00039f94       ?BK_Shutdown@OpenGLDrv@@YAXXZ 0043af94 f   gl_backend.obj
 0001:00039fac       ?AllocDynamicMemory@OpenGLDrv@@YAPAXH@Z 0043afac f   gl_buffers.obj
 0001:0003a017       ?ResizeDynamicMemory@OpenGLDrv@@YAXPAXH@Z 0043b017 f   gl_buffers.obj
 0001:0003a059       ?AddSurfaceToPortal@OpenGLDrv@@YAXPAVsurfaceBase_t@1@PAVshader_t@1@HH@Z 0043b059 f   gl_buffers.obj
 0001:0003a0ca       ?InsertShaderIndex@OpenGLDrv@@YAXH@Z 0043b0ca f   gl_buffers.obj
 0001:0003a103       ?ClearPortal@OpenGLDrv@@YAXXZ 0043b103 f   gl_buffers.obj
 0001:0003a121       ?SortSurfaces@OpenGLDrv@@YAXPAUviewPortal_t@1@PAPAUsurfaceInfo_t@1@@Z 0043b121 f   gl_buffers.obj
 0001:0003a2b3       ?ClearBuffers@OpenGLDrv@@YAXXZ 0043b2b3 f   gl_buffers.obj
 0001:0003a2ca       ?CreateBuffers@OpenGLDrv@@YAXXZ 0043b2ca f   gl_buffers.obj
 0001:0003a2f0       ?FreeBuffers@OpenGLDrv@@YAXXZ 0043b2f0 f   gl_buffers.obj
 0001:0003a314       ?InitEntity@model_t@OpenGLDrv@@UAEXPAUentity_t@@PAUrefEntity_t@2@@Z 0043b314 f   gl_frontend.obj
 0001:0003a317       ?AddSurfaces@model_t@OpenGLDrv@@UAEXPAUrefEntity_t@2@@Z 0043b317 f   gl_frontend.obj
 0001:0003a345       ?GetLeaf@model_t@OpenGLDrv@@UAEPAUnode_t@2@PAUrefEntity_t@2@@Z 0043b345 f   gl_frontend.obj
 0001:0003a356       ?DrawLabel@model_t@OpenGLDrv@@UAEXPAUrefEntity_t@2@@Z 0043b356 f   gl_frontend.obj
 0001:0003a359       ?InitEntity@inlineModel_t@OpenGLDrv@@UAEXPAUentity_t@@PAUrefEntity_t@2@@Z 0043b359 f   gl_frontend.obj
 0001:0003a3a9       ?AddSurfaces@inlineModel_t@OpenGLDrv@@UAEXPAUrefEntity_t@2@@Z 0043b3a9 f   gl_frontend.obj
 0001:0003a887       ?GetLeaf@inlineModel_t@OpenGLDrv@@UAEPAUnode_t@2@PAUrefEntity_t@2@@Z 0043b887 f   gl_frontend.obj
 0001:0003aa2c       ?DrawLabel@inlineModel_t@OpenGLDrv@@UAEXPAUrefEntity_t@2@@Z 0043ba2c f   gl_frontend.obj
 0001:0003aa72       ?InitEntity@md3Model_t@OpenGLDrv@@UAEXPAUentity_t@@PAUrefEntity_t@2@@Z 0043ba72 f   gl_frontend.obj
 0001:0003ac41       ?AddSurfaces@md3Model_t@OpenGLDrv@@UAEXPAUrefEntity_t@2@@Z 0043bc41 f   gl_frontend.obj
 0001:0003ad7b       ?GetLeaf@md3Model_t@OpenGLDrv@@UAEPAUnode_t@2@PAUrefEntity_t@2@@Z 0043bd7b f   gl_frontend.obj
 0001:0003adb3       ?DrawLabel@md3Model_t@OpenGLDrv@@UAEXPAUrefEntity_t@2@@Z 0043bdb3 f   gl_frontend.obj
 0001:0003ae19       ?InitEntity@sprModel_t@OpenGLDrv@@UAEXPAUentity_t@@PAUrefEntity_t@2@@Z 0043be19 f   gl_frontend.obj
 0001:0003ae37       ?AddSurfaces@sprModel_t@OpenGLDrv@@UAEXPAUrefEntity_t@2@@Z 0043be37 f   gl_frontend.obj
 0001:0003afba       ?GetLeaf@sprModel_t@OpenGLDrv@@UAEPAUnode_t@2@PAUrefEntity_t@2@@Z 0043bfba f   gl_frontend.obj
 0001:0003b09b       ?AddEntity@OpenGLDrv@@YAXPAUentity_t@@@Z 0043c09b f   gl_frontend.obj
 0001:0003b227       ?AddDlight@OpenGLDrv@@YAXPAUdlight_t@@@Z 0043c227 f   gl_frontend.obj
 0001:0003b3df       ?DrawPortal@OpenGLDrv@@YAXXZ 0043c3df f   gl_frontend.obj
 0001:0003d383       ?GL_TextureMode@OpenGLDrv@@YAXPBD@Z 0043e383 f   gl_image.obj
 0001:0003d42b       ?CreateImage@OpenGLDrv@@YAPAVimage_t@1@PBDPAXHHI@Z 0043e42b f   gl_image.obj
 0001:0003e11c       ?LoadDelayedImages@OpenGLDrv@@YAXXZ 0043f11c f   gl_image.obj
 0001:0003e1af       ?DrawStretchRaw8@OpenGLDrv@@YAXHHHHHHPAEPAI@Z 0043f1af f   gl_image.obj
 0001:0003e57e       ?SetupGamma@OpenGLDrv@@YAXXZ 0043f57e f   gl_image.obj
 0001:0003e6c4       ?PerformScreenshot@OpenGLDrv@@YAXXZ 0043f6c4 f   gl_image.obj
 0001:0003e951       ?InitImages@OpenGLDrv@@YAXXZ 0043f951 f   gl_image.obj
 0001:0003f122       ?ShutdownImages@OpenGLDrv@@YAXXZ 00440122 f   gl_image.obj
 0001:0003f189       ?ShowImages@OpenGLDrv@@YAXXZ 00440189 f   gl_image.obj
 0001:0003f411       ?FindImage@OpenGLDrv@@YAPAVimage_t@1@PBDI@Z 00440411 f   gl_image.obj
 0001:0003f703       ?GL_Lock@OpenGLDrv@@YAXXZ  00440703 f   gl_interface.obj
 0001:0003f77b       ?GL_Unlock@OpenGLDrv@@YAXXZ 0044077b f   gl_interface.obj
 0001:0003f93d       ?GL_Bind@OpenGLDrv@@YAXPBVimage_t@1@@Z 0044093d f   gl_interface.obj
 0001:0003fa67       ?GL_BindForce@OpenGLDrv@@YAXPBVimage_t@1@@Z 00440a67 f   gl_interface.obj
 0001:0003fae5       ?GL_TexEnv@OpenGLDrv@@YAXI@Z 00440ae5 f   gl_interface.obj
 0001:0003fc64       ?GL_TexMipBias@OpenGLDrv@@YAXM@Z 00440c64 f   gl_interface.obj
 0001:0003fcbf       ?GL_TexEnvColor@OpenGLDrv@@YAXPBTcolor_t@@@Z 00440cbf f   gl_interface.obj
 0001:0003fd6f       ?GL_SelectTexture@OpenGLDrv@@YAXH@Z 00440d6f f   gl_interface.obj
 0001:0003fdd0       ?GL_TexCoordPointer@OpenGLDrv@@YAXPAX@Z 00440dd0 f   gl_interface.obj
 0001:0003fe00       ?GL_SetMultitexture@OpenGLDrv@@YAXH@Z 00440e00 f   gl_interface.obj
 0001:0003fee6       ?GL_DisableTexCoordArrays@OpenGLDrv@@YAXXZ 00440ee6 f   gl_interface.obj
 0001:0003ff3a       ?GL_CullFace@OpenGLDrv@@YAXW4gl_cullMode_t@1@@Z 00440f3a f   gl_interface.obj
 0001:0003ff8b       ?GL_DepthRange@OpenGLDrv@@YAXW4gl_depthMode_t@1@@Z 00440f8b f   gl_interface.obj
 0001:0003ffbe       ?GL_State@OpenGLDrv@@YAXI@Z 00440fbe f   gl_interface.obj
 0001:0004010e       ?GL_EnableFog@OpenGLDrv@@YAX_N@Z 0044110e f   gl_interface.obj
 0001:00040206       ?GL_SetDefaultState@OpenGLDrv@@YAXXZ 00441206 f   gl_interface.obj
 0001:00040362       ?GL_Set2DMode@OpenGLDrv@@YAXXZ 00441362 f   gl_interface.obj
 0001:0004045d       ?GL_Set3DMode@OpenGLDrv@@YAXPAUviewPortal_t@1@@Z 0044145d f   gl_interface.obj
 0001:00040545       ?ShowLights@OpenGLDrv@@YAXXZ 00441545 f   gl_light.obj
 0001:0004092e       ?LightForEntity@OpenGLDrv@@YAXPAUrefEntity_t@1@@Z 0044192e f   gl_light.obj
 0001:00041ba2       ?DiffuseLight@OpenGLDrv@@YAXPATcolor_t@@M@Z 00442ba2 f   gl_light.obj
 0001:00041dde       ?InitLightGrid@OpenGLDrv@@YAXXZ 00442dde f   gl_light.obj
 0001:00041e84       ?PostLoadLights@OpenGLDrv@@YAXXZ 00442e84 f   gl_light.obj
 0001:00042114       ?LM_Init@OpenGLDrv@@YAXXZ  00443114 f   gl_lightmap.obj
 0001:0004212a       ?LM_Flush@OpenGLDrv@@YAXPAUlightmapBlock_t@1@@Z 0044312a f   gl_lightmap.obj
 0001:00042187       ?LM_Done@OpenGLDrv@@YAXXZ  00443187 f   gl_lightmap.obj
 0001:000421ae       ?LM_Save@OpenGLDrv@@YAXPAUlightmapBlock_t@1@@Z 004431ae f   gl_lightmap.obj
 0001:000421c6       ?LM_Restore@OpenGLDrv@@YAXPAUlightmapBlock_t@1@@Z 004431c6 f   gl_lightmap.obj
 0001:000421de       ?LM_NewBlock@OpenGLDrv@@YAPAUlightmapBlock_t@1@XZ 004431de f   gl_lightmap.obj
 0001:0004223d       ?LM_Rewind@OpenGLDrv@@YAXXZ 0044323d f   gl_lightmap.obj
 0001:00042245       ?LM_NextBlock@OpenGLDrv@@YAPAUlightmapBlock_t@1@XZ 00443245 f   gl_lightmap.obj
 0001:00042272       ?LM_CheckMinlight@OpenGLDrv@@YAXPAUdynamicLightmap_t@1@@Z 00443272 f   gl_lightmap.obj
 0001:00042308       ?LM_AllocBlock@OpenGLDrv@@YA_NPAUlightmapBlock_t@1@PAUdynamicLightmap_t@1@@Z 00443308 f   gl_lightmap.obj
 0001:000423bf       ?LM_PutBlock@OpenGLDrv@@YAXPAUdynamicLightmap_t@1@@Z 004433bf f   gl_lightmap.obj
 0001:000427ec       ?LM_SortLightStyles@OpenGLDrv@@YAXPAUdynamicLightmap_t@1@@Z 004437ec f   gl_lightmap.obj
 0001:0004287d       ?UpdateDynamicLightmap@OpenGLDrv@@YAXPAVsurfacePlanar_t@1@_NI@Z 0044387d f   gl_lightmap.obj
 0001:00042d7f       ?LM_IsMonotone@OpenGLDrv@@YA_NPAUdynamicLightmap_t@1@PATcolor_t@@@Z 00443d7f f   gl_lightmap.obj
 0001:00042e86       ?Init@OpenGLDrv@@YA_NXZ    00443e86 f   gl_main.obj
 0001:000434e0       ?Shutdown@OpenGLDrv@@YAX_N@Z 004444e0 f   gl_main.obj
 0001:00043569       ?GL_EnableRendering@OpenGLDrv@@YAX_N@Z 00444569 f   gl_main.obj
 0001:00043584       ?BeginFrame@OpenGLDrv@@YAXN@Z 00444584 f   gl_main.obj
 0001:000436ae       ?EndFrame@OpenGLDrv@@YAXXZ 004446ae f   gl_main.obj
 0001:000436c6       ?RenderFrame@OpenGLDrv@@YAXPAUrefdef_t@@@Z 004446c6 f   gl_main.obj
 0001:00043eff       ?Fill8@OpenGLDrv@@YAXHHHHH@Z 00444eff f   gl_main.obj
 0001:00043f42       ?Fill@OpenGLDrv@@YAXHHHHI@Z 00444f42 f   gl_main.obj
 0001:00043f7e       ?TileClear@OpenGLDrv@@YAXHHHHPBD@Z 00444f7e f   gl_main.obj
 0001:00044035       ?DrawStretchPic@OpenGLDrv@@YAXHHHHPBD@Z 00445035 f   gl_main.obj
 0001:000440b2       ?DrawDetailedPic@OpenGLDrv@@YAXHHHHPBD@Z 004450b2 f   gl_main.obj
 0001:00044159       ?DrawPic@OpenGLDrv@@YAXHHPBDHH@Z 00445159 f   gl_main.obj
 0001:000441de       ?BeginRegistration@OpenGLDrv@@YAXPBD@Z 004451de f   gl_main.obj
 0001:00044202       ?RegisterPic@OpenGLDrv@@YAPAVCBasicImage@@PBD@Z 00445202 f   gl_main.obj
 0001:00044210       ?RegisterSkin@OpenGLDrv@@YAPAVCBasicImage@@PBD_N@Z 00445210 f   gl_main.obj
 0001:0004422e       ?RegisterModel@OpenGLDrv@@YAPAVCRenderModel@@PBD@Z 0044522e f   gl_main.obj
 0001:00044239       ?SetSky@OpenGLDrv@@YAXPBDMABUCVec3@@@Z 00445239 f   gl_main.obj
 0001:000442df       ?Screenshot@OpenGLDrv@@YAXHPBD@Z 004452df f   gl_main.obj
 0001:00044302       ?GetClientLight@OpenGLDrv@@YAMXZ 00445302 f   gl_main.obj
 0001:00044309       ?GetCaps@OpenGLDrv@@YAIXZ  00445309 f   gl_main.obj
 0001:0004430f       ?InitFuncTables@OpenGLDrv@@YAXXZ 0044530f f   gl_math.obj
 0001:000444b5       ?BuildRotationAxis@OpenGLDrv@@YAXAAUCAxis@@ABUCVec3@@M@Z 004454b5 f   gl_math.obj
 0001:000445ac       ?GetBoxRect@OpenGLDrv@@YA_NPBUrefEntity_t@1@ABUCVec3@@QAM2_N@Z 004455ac f   gl_math.obj
 0001:000448b6       ?ProjectToScreen@OpenGLDrv@@YA_NABUCVec3@@QAH@Z 004458b6 f   gl_math.obj
 0001:000449f9       ?SaturateColor3f@OpenGLDrv@@YAXAAUCVec3@@@Z 004459f9 f   gl_math.obj
 0001:00044ae9       ?SaturateColor4b@OpenGLDrv@@YAXPATcolor_t@@@Z 00445ae9 f   gl_math.obj
 0001:00044bf7       ?SubdividePlane@OpenGLDrv@@YAHPAPAUCVec3@@HM@Z 00445bf7 f   gl_poly.obj
 0001:00045046       ?FreeSubdividedPlane@OpenGLDrv@@YAXXZ 00446046 f   gl_poly.obj
 0001:0004505e       ?GetSubdivideIndexes@OpenGLDrv@@YAXPAH@Z 0044605e f   gl_poly.obj
 0001:000450b1       ?RemoveCollinearPoints@OpenGLDrv@@YAHPAPAUCVec3@@H@Z 004460b1 f   gl_poly.obj
 0001:000451a7       ?GetPolyArea@OpenGLDrv@@YAMPAPAUCVec3@@H@Z 004461a7 f   gl_poly.obj
 0001:0004523b       ?InitShaders@OpenGLDrv@@YAXXZ 0044623b f   gl_shader.obj
 0001:000453a6       ?ShutdownShaders@OpenGLDrv@@YAXXZ 004463a6 f   gl_shader.obj
 0001:000453e4       ?GetLightmapImage@OpenGLDrv@@YAPAVimage_t@1@H@Z 004463e4 f   gl_shader.obj
 0001:0004540c       ?SetShaderLightmap@OpenGLDrv@@YAPAVshader_t@1@PAV21@H@Z 0044640c f   gl_shader.obj
 0001:0004572b       ??4shader_t@OpenGLDrv@@QAEAAV01@ABV01@@Z 0044672b f i gl_shader.obj
 0001:00045876       ??4CBasicImage@@QAEAAV0@ABV0@@Z 00446876 f i gl_shader.obj
 0001:0004597e       ?SetShaderLightstyles@OpenGLDrv@@YAPAVshader_t@1@PAV21@I@Z 0044697e f   gl_shader.obj
 0001:00045a1c       ?GetAlphaShader@OpenGLDrv@@YAPAVshader_t@1@PAV21@@Z 00446a1c f   gl_shader.obj
 0001:00045df7       ?FindShader@OpenGLDrv@@YAPAVshader_t@1@PBDI@Z 00446df7 f   gl_shader.obj
 0001:000476da       ?GetShaderByNum@OpenGLDrv@@YAPAVshader_t@1@H@Z 004486da f   gl_shader.obj
 0001:000476f8       ?ResetShaders@OpenGLDrv@@YAXXZ 004486f8 f   gl_shader.obj
 0001:000478e0       ?Reload@shader_t@OpenGLDrv@@UAEXXZ 004488e0 f   gl_shader.obj
 0001:0004790f       ?Insert@?$TList@VshaderScript_t@OpenGLDrv@@@@QAE_NPAVshaderScript_t@OpenGLDrv@@@Z 0044890f f i gl_shader.obj
 0001:0004790f       ?Insert@?$TList@VCStringItem@@@@QAE_NPAVCStringItem@@@Z 0044890f f i gl_shader.obj
 0001:0004790f       ?Insert@?$TList@VplayerModelInfo_t@@@@QAE_NPAVplayerModelInfo_t@@@Z 0044890f f i gl_shader.obj
 0001:00047945       ?ClearSky@OpenGLDrv@@YAXXZ 00448945 f   gl_sky.obj
 0001:000479a2       ?AddSkySurface@OpenGLDrv@@YAXPAVsurfacePlanar_t@1@E@Z 004489a2 f   gl_sky.obj
 0001:00047f46       ?DrawSky@OpenGLDrv@@YAXXZ  00448f46 f   gl_sky.obj
 0001:000485ea       ?DrawChar@OpenGLDrv@@YAXHHHH@Z 004495ea f   gl_text.obj
 0001:00048617       ?DrawConChar@OpenGLDrv@@YAXHHHH@Z 00449617 f   gl_text.obj
 0001:0004864c       ?ClearTexts@OpenGLDrv@@YAXXZ 0044964c f   gl_text.obj
 0001:00048661       ?FlushTexts@OpenGLDrv@@YAXXZ 00449661 f   gl_text.obj
 0001:000486f3       ?DrawTextPos@OpenGLDrv@@YAXHHPBDI@Z 004496f3 f   gl_text.obj
 0001:000487da       ?DrawTextLeft@OpenGLDrv@@YAXPBDI@Z 004497da f   gl_text.obj
 0001:00048861       ?DrawTextRight@OpenGLDrv@@YAXPBDI@Z 00449861 f   gl_text.obj
 0001:000488ab       ?DrawText3D@OpenGLDrv@@YAXABUCVec3@@PBDI@Z 004498ab f   gl_text.obj
 0001:000488d8       ?InitTexts@OpenGLDrv@@YAXXZ 004498d8 f   gl_text.obj
 0001:000488f2       ?FindModel@OpenGLDrv@@YAPAVmodel_t@1@PBD@Z 004498f2 f   gl_model.obj
 0001:00048acc       ?FreeModels@OpenGLDrv@@YAXXZ 00449acc f   gl_model.obj
 0001:00048b3e       ?InitModels@OpenGLDrv@@YAXXZ 00449b3e f   gl_model.obj
 0001:00048c34       ?ShutdownModels@OpenGLDrv@@YAXXZ 00449c34 f   gl_model.obj
 0001:00048c45       ?LoadWorldMap@OpenGLDrv@@YAXPBD@Z 00449c45 f   gl_bspmodel.obj
 0001:0004a750       ?PointInLeaf@OpenGLDrv@@YAPAUnode_t@1@ABUCVec3@@@Z 0044b750 f   gl_bspmodel.obj
 0001:0004a79b       ?CALL_CONSTRUCTOR@@YAXPAVinlineModel_t@OpenGLDrv@@@Z 0044b79b f i gl_bspmodel.obj
 0001:0004a7b1       ?LerpTag@model_t@OpenGLDrv@@UBE_NHHMPBDAAUCCoords@@@Z 0044b7b1 f   gl_trimodel.obj
 0001:0004a7bf       ?LerpTag@md3Model_t@OpenGLDrv@@UBE_NHHMPBDAAUCCoords@@@Z 0044b7bf f   gl_trimodel.obj
 0001:0004a8cf       ?LoadMd2@OpenGLDrv@@YAPAVmd3Model_t@1@PBDPAEI@Z 0044b8cf f   gl_trimodel.obj
 0001:0004b407       ?ATAN2_FUNC@OpenGLDrv@@YAMMM@Z 0044c407 f i gl_trimodel.obj
 0001:0004b5ab       ?LoadMd3@OpenGLDrv@@YAPAVmd3Model_t@1@PBDPAEI@Z 0044c5ab f   gl_trimodel.obj
 0001:0004ba6f       ?LoadSp2@OpenGLDrv@@YAPAVsprModel_t@1@PBDPAEI@Z 0044ca6f f   gl_trimodel.obj
 0001:0004bc84       ?LoadSpr@OpenGLDrv@@YAPAVsprModel_t@1@PBDPAEI@Z 0044cc84 f   gl_trimodel.obj
 0001:0004bd8a       ?CALL_CONSTRUCTOR@@YAXPAVmd3Model_t@OpenGLDrv@@@Z 0044cd8a f i gl_trimodel.obj
 0001:0004bda0       ?CALL_CONSTRUCTOR@@YAXPAVsprModel_t@OpenGLDrv@@@Z 0044cda0 f i gl_trimodel.obj
 0001:0004d3a1       ?QGL_Init@OpenGLDrv@@YA_NPBD@Z 0044e3a1 f   qgl_win.obj
 0001:0004d483       ?QGL_Shutdown@OpenGLDrv@@YAXXZ 0044e483 f   qgl_win.obj
 0001:0004d4c1       ?QGL_InitExtensions@OpenGLDrv@@YAXXZ 0044e4c1 f   qgl_win.obj
 0001:0004d9ad       ?QGL_PrintExtensionsString@OpenGLDrv@@YAXPBD00@Z 0044e9ad f   qgl_win.obj
 0001:0004dafa       ?QGL_EnableLogging@OpenGLDrv@@YAX_N@Z 0044eafa f   qgl_win.obj
 0001:0004dbb4       ?QGL_LogMessage@OpenGLDrv@@YAXPBD@Z 0044ebb4 f   qgl_win.obj
 0001:0004dbcb       ?QGL_SwapBuffers@OpenGLDrv@@YAXXZ 0044ebcb f   qgl_win.obj
 0001:0004dc4d       ?GLimp_HasGamma@OpenGLDrv@@YA_NXZ 0044ec4d f   gl_win.obj
 0001:0004dc61       ?GLimp_SetGamma@OpenGLDrv@@YAXM@Z 0044ec61 f   gl_win.obj
 0001:0004de09       ?GLimp_SetMode@OpenGLDrv@@YA_NPAI0H_N@Z 0044ee09 f   gl_win.obj
 0001:0004e1ff       ?GLimp_Shutdown@OpenGLDrv@@YAX_N@Z 0044f1ff f   gl_win.obj
 0001:0004e2ac       ?AppActivate@OpenGLDrv@@YAX_N@Z 0044f2ac f   gl_win.obj
 0001:0004e31c       _jpeg_CreateDecompress     0044f31c f   lib:jdapimin.obj
 0001:0004e3dc       _jpeg_destroy_decompress   0044f3dc f   lib:jdapimin.obj
 0001:0004e3dc       _jpeg_destroy_compress     0044f3dc f   lib:jdapimin.obj
 0001:0004e3e7       _jpeg_read_header          0044f3e7 f   lib:jdapimin.obj
 0001:0004e449       _jpeg_consume_input        0044f449 f   lib:jdapimin.obj
 0001:0004e698       _jpeg_finish_decompress    0044f698 f   lib:jdapimin.obj
 0001:0004e72f       _jpeg_start_decompress     0044f72f f   lib:jdapistd.obj
 0001:0004e89c       _jpeg_read_scanlines       0044f89c f   lib:jdapistd.obj
 0001:0004e920       _jpeg_resync_to_restart    0044f920 f   lib:jdmarker.obj
 0001:0004eae5       _jinit_marker_reader       0044fae5 f   lib:jdmarker.obj
 0001:0004ffb0       _jpeg_CreateCompress       00450fb0 f   lib:jcapimin.obj
 0001:00050064       _jpeg_suppress_tables      00451064 f   lib:jcapimin.obj
 0001:000500ae       _jpeg_finish_compress      004510ae f   lib:jcapimin.obj
 0001:00050198       _jpeg_start_compress       00451198 f   lib:jcapistd.obj
 0001:00050204       _jpeg_write_scanlines      00451204 f   lib:jcapistd.obj
 0001:000502af       _jpeg_add_quant_table      004512af f   lib:jcparam.obj
 0001:00050361       _jpeg_quality_scaling      00451361 f   lib:jcparam.obj
 0001:00050388       _jpeg_set_quality          00451388 f   lib:jcparam.obj
 0001:000503c2       _jpeg_set_defaults         004513c2 f   lib:jcparam.obj
 0001:00050588       _jpeg_default_colorspace   00451588 f   lib:jcparam.obj
 0001:000505d8       _jpeg_set_colorspace       004515d8 f   lib:jcparam.obj
 0001:000508f3       _jpeg_stdio_dest           004518f3 f   lib:jdatadst.obj
 0001:00050b13       _crc32                     00451b13 f   lib:crc32.obj
 0001:00050dad       _inflateReset              00451dad f   lib:inflate.obj
 0001:00050dfb       _inflateInit2_             00451dfb f   lib:inflate.obj
 0001:00050eb4       _inflate                   00451eb4 f   lib:inflate.obj
 0001:00052189       _inflateEnd                00453189 f   lib:inflate.obj
 0001:000521c7       _jinit_input_controller    004531c7 f   lib:jdinput.obj
 0001:000526aa       _jinit_memory_mgr          004536aa f   lib:jmemmgr.obj
 0001:000531e6       _jpeg_abort                004541e6 f   lib:jcomapi.obj
 0001:00053219       _jpeg_destroy              00454219 f   lib:jcomapi.obj
 0001:00053234       _jpeg_alloc_quant_table    00454234 f   lib:jcomapi.obj
 0001:00053250       _jpeg_alloc_huff_table     00454250 f   lib:jcomapi.obj
 0001:0005326c       _jpeg_calc_output_dimensions 0045426c f   lib:jdmaster.obj
 0001:0005336c       _jinit_master_decompress   0045436c f   lib:jdmaster.obj
 0001:000536c2       _jdiv_round_up             004546c2 f   lib:jutils.obj
 0001:000536d2       _jround_up                 004546d2 f   lib:jutils.obj
 0001:000536ea       _jcopy_sample_rows         004546ea f   lib:jutils.obj
 0001:00053728       _jcopy_block_row           00454728 f   lib:jutils.obj
 0001:00053741       _jzero_far                 00454741 f   lib:jutils.obj
 0001:00053754       _jinit_marker_writer       00454754 f   lib:jcmarker.obj
 0001:00054030       _jinit_compress_master     00455030 f   lib:jcinit.obj
 0001:00054089       _inflate_fast              00455089 f   lib:inffast.obj
 0001:0005443e       _inflate_table             0045543e f   lib:inftrees.obj
 0001:000547f2       _adler32                   004557f2 f   lib:adler32.obj
 0001:0005490b       _jinit_c_codec             0045590b f   lib:jcodec.obj
 0001:00054927       _jinit_d_codec             00455927 f   lib:jcodec.obj
 0001:00054943       _jpeg_get_small            00455943 f   lib:jmemnobs.obj
 0001:00054943       _jpeg_get_large            00455943 f   lib:jmemnobs.obj
 0001:0005494f       _jpeg_free_large           0045594f f   lib:jmemnobs.obj
 0001:0005494f       _jpeg_free_small           0045594f f   lib:jmemnobs.obj
 0001:0005495b       _jpeg_mem_available        0045595b f   lib:jmemnobs.obj
 0001:00054960       _jpeg_open_backing_store   00455960 f   lib:jmemnobs.obj
 0001:00054974       __setargv                  00455974 f   lib:jmemnobs.obj
 0001:00054974       _jpeg_mem_term             00455974 f   lib:jmemnobs.obj
 0001:00054974       ?EndRegistration@OpenGLDrv@@YAXXZ 00455974 f   lib:jmemnobs.obj
 0001:00054975       _jinit_d_main_controller   00455975 f   lib:jdmainct.obj
 0001:00054fc0       _jinit_d_post_controller   00455fc0 f   lib:jdpostct.obj
 0001:0005526b       _jinit_upsampler           0045626b f   lib:jdsample.obj
 0001:000558a9       _jinit_color_deconverter   004568a9 f   lib:jdcolor.obj
 0001:00055dbf       _jinit_merged_upsampler    00456dbf f   lib:jdmerge.obj
 0001:0005630f       _jinit_2pass_quantizer     0045730f f   lib:jquant2.obj
 0001:000573d2       _jinit_1pass_quantizer     004583d2 f   lib:jquant1.obj
 0001:00057df8       _jinit_c_main_controller   00458df8 f   lib:jcmainct.obj
 0001:00057f65       _jinit_c_prep_controller   00458f65 f   lib:jcprepct.obj
 0001:000584b0       _jinit_downsampler         004594b0 f   lib:jcsample.obj
 0001:00058d30       _jinit_color_converter     00459d30 f   lib:jccolor.obj
 0001:0005931a       _jinit_c_master_control    0045a31a f   lib:jcmaster.obj
 0001:00059e09       _jinit_lossy_c_codec       0045ae09 f   lib:jclossy.obj
 0001:00059ea4       _jinit_lossless_c_codec    0045aea4 f   lib:jclossls.obj
 0001:00059f3c       _jinit_lossy_d_codec       0045af3c f   lib:jdlossy.obj
 0001:0005a20f       _jinit_lossless_d_codec    0045b20f f   lib:jdlossls.obj
 0001:0005a2bf       _jinit_c_coef_controller   0045b2bf f   lib:jccoefct.obj
 0001:0005a9a0       _jinit_shuff_encoder       0045b9a0 f   lib:jcshuff.obj
 0001:0005b208       _jinit_phuff_encoder       0045c208 f   lib:jcphuff.obj
 0001:0005bcad       _jinit_forward_dct         0045ccad f   lib:jcdctmgr.obj
 0001:0005bf7c       _jinit_c_diff_controller   0045cf7c f   lib:jcdiffct.obj
 0001:0005c4a0       _jinit_lhuff_encoder       0045d4a0 f   lib:jclhuff.obj
 0001:0005cbcd       _jinit_differencer         0045dbcd f   lib:jcpred.obj
 0001:0005d0e7       _jinit_c_scaler            0045e0e7 f   lib:jcscale.obj
 0001:0005d15d       _jinit_d_coef_controller   0045e15d f   lib:jdcoefct.obj
 0001:0005de39       _jinit_shuff_decoder       0045ee39 f   lib:jdshuff.obj
 0001:0005e3ce       _jinit_phuff_decoder       0045f3ce f   lib:jdphuff.obj
 0001:0005ef6b       _jinit_inverse_dct         0045ff6b f   lib:jddctmgr.obj
 0001:0005f14f       _jinit_d_diff_controller   0046014f f   lib:jddiffct.obj
 0001:0005f67d       _jinit_d_scaler            0046067d f   lib:jdscale.obj
 0001:0005f77c       _jinit_undifferencer       0046077c f   lib:jdpred.obj
 0001:0005fb36       _jinit_lhuff_decoder       00460b36 f   lib:jdlhuff.obj
 0001:0005ff2b       _jpeg_make_c_derived_tbl   00460f2b f   lib:jchuff.obj
 0001:0006012d       _jpeg_gen_optimal_table    0046112d f   lib:jchuff.obj
 0001:000602ec       _jpeg_fdct_float           004612ec f   lib:jfdctflt.obj
 0001:000604f1       _jpeg_make_d_derived_tbl   004614f1 f   lib:jdhuff.obj
 0001:0006078e       _jpeg_fill_bit_buffer      0046178e f   lib:jdhuff.obj
 0001:0006089d       _jpeg_huff_decode          0046189d f   lib:jdhuff.obj
 0001:0006097d       _jpeg_idct_4x4             0046197d f   lib:jidctred.obj
 0001:00060c6b       _jpeg_idct_2x2             00461c6b f   lib:jidctred.obj
 0001:00060e2d       _jpeg_idct_1x1             00461e2d f   lib:jidctred.obj
 0001:00060e69       _jpeg_idct_float           00461e69 f   lib:jidctflt.obj
 0001:00061240       __except_handler3          00462240 f   MSVCRT:MSVCRT.dll
 0001:00061250       __chkstk                   00462250 f   MSVCRT:chkstk.obj
 0001:00061250       __alloca_probe             00462250 f   MSVCRT:chkstk.obj
 0001:0006127f       ??_Etype_info@@UAEPAXI@Z   0046227f f i MSVCRT:ti_inst.obj
 0001:0006127f       ??_Gtype_info@@UAEPAXI@Z   0046227f f i MSVCRT:ti_inst.obj
 0001:0006129c       __CxxThrowException@8      0046229c f   MSVCRT:MSVCRT.dll
 0001:000612a2       _strcpy                    004622a2 f   MSVCRT:MSVCRT.dll
 0001:000612a8       _strlen                    004622a8 f   MSVCRT:MSVCRT.dll
[...]
 0001:0005f2ed       _start_iMCU_row            004602ed f   lib:jddiffct.obj
 0001:0005f332       _start_output_pass         00460332 f   lib:jddiffct.obj
 0001:0005f33e       _decompress_data           0046033e f   lib:jddiffct.obj
 0001:0005f4ae       _process_restart           004604ae f   lib:jddiffct.obj
 0001:0005d4ce       _dummy_consume_data        0045e4ce f   lib:jdcoefct.obj
 0001:0005f4e3       _consume_data              004604e3 f   lib:jddiffct.obj
 0001:0005f55a       _output_data               0046055a f   lib:jddiffct.obj
 0001:0005efe1       _start_pass                0045ffe1 f   lib:jddctmgr.obj
 0001:0005e433       _start_pass_phuff_decoder  0045f433 f   lib:jdphuff.obj
 0001:0005e67c       _decode_mcu_DC_first       0045f67c f   lib:jdphuff.obj
 0001:0005e874       _process_restart           0045f874 f   lib:jdphuff.obj
 0001:0005e8e3       _decode_mcu_AC_first       0045f8e3 f   lib:jdphuff.obj
 0001:0005eb03       _decode_mcu_DC_refine      0045fb03 f   lib:jdphuff.obj
 0001:0005ebd8       _decode_mcu_AC_refine      0045fbd8 f   lib:jdphuff.obj
 0001:0005de7a       _start_pass_huff_decoder   0045ee7a f   lib:jdshuff.obj
 0001:0005dfb2       _decode_mcu                0045efb2 f   lib:jdshuff.obj
 0001:0005e362       _process_restart           0045f362 f   lib:jdshuff.obj
 0001:0005d260       _start_input_pass          0045e260 f   lib:jdcoefct.obj
 0001:0005d273       _start_iMCU_row            0045e273 f   lib:jdcoefct.obj
 0001:0005d2b8       _start_output_pass         0045e2b8 f   lib:jdcoefct.obj
 0001:0005d2f5       _decompress_onepass        0045e2f5 f   lib:jdcoefct.obj
 0001:0005d4ce       _dummy_consume_data        0045e4ce f   lib:jdcoefct.obj
 0001:0005d4d1       _consume_data              0045e4d1 f   lib:jdcoefct.obj
 0001:0005d68a       _decompress_data           0045e68a f   lib:jdcoefct.obj
 0001:0005d7f6       _smoothing_ok              0045e7f6 f   lib:jdcoefct.obj
 0001:0005d8e1       _decompress_smooth_data    0045e8e1 f   lib:jdcoefct.obj
 0001:0005d0f9       _scaler_start_pass         0045e0f9 f   lib:jcscale.obj
 0001:0005d11c       _simple_downscale          0045e11c f   lib:jcscale.obj
 0001:0005d148       _noscale                   0045e148 f   lib:jcscale.obj
 0001:0005cbf1       _start_pass                0045dbf1 f   lib:jcpred.obj
 0001:0005cc49       _reset_predictor           0045dc49 f   lib:jcpred.obj
 0001:0005cc76       _jpeg_difference_first_row 0045dc76 f   lib:jcpred.obj
 0001:0005cd60       _jpeg_difference1          0045dd60 f   lib:jcpred.obj
 0001:0005cdce       _jpeg_difference2          0045ddce f   lib:jcpred.obj
 0001:0005ce3f       _jpeg_difference3          0045de3f f   lib:jcpred.obj
 0001:0005ceb7       _jpeg_difference4          0045deb7 f   lib:jcpred.obj
 0001:0005cf42       _jpeg_difference5          0045df42 f   lib:jcpred.obj
 0001:0005cfd5       _jpeg_difference6          0045dfd5 f   lib:jcpred.obj
 0001:0005d064       _jpeg_difference7          0045e064 f   lib:jcpred.obj
 0001:0005c4e0       _start_pass_huff           0045d4e0 f   lib:jclhuff.obj
 0001:0005c67d       _encode_mcus_huff          0045d67d f   lib:jclhuff.obj
 0001:0005c868       _emit_bits                 0045d868 f   lib:jclhuff.obj
 0001:0005c90b       _dump_buffer               0045d90b f   lib:jclhuff.obj
 0001:0005c92f       _emit_restart              0045d92f f   lib:jclhuff.obj
 0001:0005c97a       _flush_bits                0045d97a f   lib:jclhuff.obj
 0001:0005c99e       _finish_pass_huff          0045d99e f   lib:jclhuff.obj
 0001:0005ca0b       _encode_mcus_gather        0045da0b f   lib:jclhuff.obj
 0001:0005cb34       _finish_pass_gather        0045db34 f   lib:jclhuff.obj
 0001:0005cbca       _need_optimization_pass    0045dbca f   lib:jclhuff.obj
 0001:0005c100       _start_pass_diff           0045d100 f   lib:jcdiffct.obj
 0001:0005a409       _start_iMCU_row            0045b409 f   lib:jccoefct.obj
 0001:0005c19e       _compress_data             0045d19e f   lib:jcdiffct.obj
 0001:0005c334       _compress_first_pass       0045d334 f   lib:jcdiffct.obj
 0001:0005c429       _compress_output           0045d429 f   lib:jcdiffct.obj
 0001:0005bd13       _start_pass_fdctmgr        0045cd13 f   lib:jcdctmgr.obj
 0001:0005be15       _forward_DCT_float         0045ce15 f   lib:jcdctmgr.obj
 0001:0005b248       _start_pass_phuff          0045c248 f   lib:jcphuff.obj
 0001:0005b3b5       _encode_mcu_DC_first       0045c3b5 f   lib:jcphuff.obj
 0001:0005b4e7       _emit_bits                 0045c4e7 f   lib:jcphuff.obj
 0001:0005b592       _dump_buffer               0045c592 f   lib:jcphuff.obj
 0001:0005b5ca       _emit_symbol               0045c5ca f   lib:jcphuff.obj
 0001:0005b60a       _emit_restart              0045c60a f   lib:jcphuff.obj
 0001:0005b693       _emit_eobrun               0045c693 f   lib:jcphuff.obj
 0001:0005b719       _encode_mcu_AC_first       0045c719 f   lib:jcphuff.obj
 0001:0005b8ad       _encode_mcu_DC_refine      0045c8ad f   lib:jcphuff.obj
 0001:0005b967       _encode_mcu_AC_refine      0045c967 f   lib:jcphuff.obj
 0001:0005bb7e       _finish_pass_phuff         0045cb7e f   lib:jcphuff.obj
 0001:0005bbcd       _finish_pass_gather_phuff  0045cbcd f   lib:jcphuff.obj
 0001:0005bc90       _need_optimization_pass    0045cc90 f   lib:jcphuff.obj
 0001:0005a9e3       _start_pass_huff           0045b9e3 f   lib:jcshuff.obj
 0001:0005ab58       _encode_mcu_huff           0045bb58 f   lib:jcshuff.obj
 0001:0005ac63       _encode_one_block          0045bc63 f   lib:jcshuff.obj
 0001:0005adda       _emit_bits                 0045bdda f   lib:jcshuff.obj
 0001:0005ae7d       _dump_buffer               0045be7d f   lib:jcshuff.obj
 0001:0005aea1       _emit_restart              0045bea1 f   lib:jcshuff.obj
 0001:0005af0e       _flush_bits                0045bf0e f   lib:jcshuff.obj
 0001:0005af32       _finish_pass_huff          0045bf32 f   lib:jcshuff.obj
 0001:0005afa1       _encode_mcu_gather         0045bfa1 f   lib:jcshuff.obj
 0001:0005b057       _htest_one_block           0045c057 f   lib:jcshuff.obj
 0001:0005b11e       _finish_pass_gather        0045c11e f   lib:jcshuff.obj
 0001:0005cbca       _need_optimization_pass    0045dbca f   lib:jclhuff.obj
 0001:0005a374       _start_pass_coef           0045b374 f   lib:jccoefct.obj
 0001:0005a409       _start_iMCU_row            0045b409 f   lib:jccoefct.obj
 0001:0005a44b       _compress_data             0045b44b f   lib:jccoefct.obj
 0001:0005a632       _compress_first_pass       0045b632 f   lib:jccoefct.obj
 0001:0005a818       _compress_output           0045b818 f   lib:jccoefct.obj
 0001:0005a28c       _calc_output_dimensions    0045b28c f   lib:jdlossls.obj
 0001:0005a29d       _start_input_pass          0045b29d f   lib:jdlossls.obj
 0001:00059fcb       _calc_output_dimensions    0045afcb f   lib:jdlossy.obj
 0001:0005a13e       _start_input_pass          0045b13e f   lib:jdlossy.obj
 0001:0005a15e       _latch_quant_tables        0045b15e f   lib:jdlossy.obj
 0001:0005a1f6       _start_output_pass         0045b1f6 f   lib:jdlossy.obj
 0001:00059f1a       _start_pass                0045af1a f   lib:jclossls.obj
 0001:00059e86       _start_pass                0045ae86 f   lib:jclossy.obj
 0001:000593db       _initial_setup             0045a3db f   lib:jcmaster.obj
 0001:0005958e       _validate_script           0045a58e f   lib:jcmaster.obj
 0001:00059966       _prepare_for_pass          0045a966 f   lib:jcmaster.obj
 0001:00059ade       _select_scan_parameters    0045aade f   lib:jcmaster.obj
 0001:00059bdf       _per_scan_setup            0045abdf f   lib:jcmaster.obj
 0001:00059d8a       _pass_startup              0045ad8a f   lib:jcmaster.obj
 0001:00059db1       _finish_pass_master        0045adb1 f   lib:jcmaster.obj
 0001:00058ec7       _rgb_ycc_start             00459ec7 f   lib:jccolor.obj
 0001:00058f8b       _rgb_ycc_convert           00459f8b f   lib:jccolor.obj
 0001:0005908a       _rgb_gray_convert          0045a08a f   lib:jccolor.obj
 0001:0005910f       _cmyk_ycck_convert         0045a10f f   lib:jccolor.obj
 0001:00059247       _grayscale_convert         0045a247 f   lib:jccolor.obj
 0001:000592a1       _null_convert              0045a2a1 f   lib:jccolor.obj
 0001:0002cf7a       _null_method               0042df7a f   images.obj
 0001:0002cf7a       _start_pass_downsample     0042df7a f   images.obj
 0001:00058613       _sep_downsample            00459613 f   lib:jcsample.obj
 0001:00058688       _int_downsample            00459688 f   lib:jcsample.obj
 0001:00058780       _expand_right_edge         00459780 f   lib:jcsample.obj
 0001:000587d5       _fullsize_downsample       004597d5 f   lib:jcsample.obj
 0001:00058819       _h2v1_downsample           00459819 f   lib:jcsample.obj
 0001:000588ad       _h2v2_downsample           004598ad f   lib:jcsample.obj
 0001:0005895a       _h2v2_smooth_downsample    0045995a f   lib:jcsample.obj
 0001:00058bd2       _fullsize_smooth_downsample 00459bd2 f   lib:jcsample.obj
 0001:0005800f       _start_pass_prep           0045900f f   lib:jcprepct.obj
 0001:0005804d       _pre_process_data          0045904d f   lib:jcprepct.obj
 0001:000581fb       _pre_process_context       004591fb f   lib:jcprepct.obj
 0001:000583b4       _create_context_buffer     004593b4 f   lib:jcprepct.obj
 0001:00057e87       _start_pass_main           00458e87 f   lib:jcmainct.obj
 0001:00057ec9       _process_data_simple_main  00458ec9 f   lib:jcmainct.obj
 0001:0005745d       _create_colormap           0045845d f   lib:jquant1.obj
 0001:0005758f       _select_ncolors            0045858f f   lib:jquant1.obj
 0001:00057666       _create_colorindex         00458666 f   lib:jquant1.obj
 0001:00057792       _alloc_fs_workspace        00458792 f   lib:jquant1.obj
 0001:000577ce       _start_pass_1_quant        004587ce f   lib:jquant1.obj
 0001:0005789a       _create_odither_tables     0045889a f   lib:jquant1.obj
 0001:000578f9       _make_odither_array        004588f9 f   lib:jquant1.obj
 0001:0005795c       _color_quantize            0045895c f   lib:jquant1.obj
 0001:000579e7       _color_quantize3           004589e7 f   lib:jquant1.obj
 0001:00057a75       _quantize_ord_dither       00458a75 f   lib:jquant1.obj
 0001:00057b60       _quantize3_ord_dither      00458b60 f   lib:jquant1.obj
 0001:00057c60       _quantize_fs_dither        00458c60 f   lib:jquant1.obj
 0001:0002cf7a       _finish_pass_1_quant       0042df7a f   images.obj
 0001:00057de4       _new_color_map_1_quant     00458de4 f   lib:jquant1.obj
 0001:0005641e       _init_error_limit          0045741e f   lib:jquant2.obj
 0001:000564bd       _start_pass_2_quant        004574bd f   lib:jquant2.obj
 0001:000565bf       _prescan_quantize          004575bf f   lib:jquant2.obj
 0001:0005662e       _pass2_no_dither           0045762e f   lib:jquant2.obj
 0001:000566db       _fill_inverse_cmap         004576db f   lib:jquant2.obj
 0001:000567a6       _find_nearby_colors        004577a6 f   lib:jquant2.obj
 0001:0005694a       _find_best_colors          0045794a f   lib:jquant2.obj
 0001:00056a64       _pass2_fs_dither           00457a64 f   lib:jquant2.obj
 0001:00056cd3       _finish_pass1              00457cd3 f   lib:jquant2.obj
 0001:00056cf5       _select_colors             00457cf5 f   lib:jquant2.obj
 0001:00056d81       _update_box                00457d81 f   lib:jquant2.obj
 0001:0005711b       _median_cut                0045811b f   lib:jquant2.obj
 0001:0005722f       _find_biggest_color_pop    0045822f f   lib:jquant2.obj
 0001:0005725e       _find_biggest_volume       0045825e f   lib:jquant2.obj
 0001:00057287       _compute_color             00458287 f   lib:jquant2.obj
 0001:0002cf7a       _finish_pass2              0042df7a f   images.obj
 0001:000573c3       _new_color_map_2_quant     004583c3 f   lib:jquant2.obj
 0001:00055e35       _build_ycc_rgb_table       00456e35 f   lib:jdmerge.obj
 0001:00055ee5       _start_pass_merged_upsample 00456ee5 f   lib:jdmerge.obj
 0001:00055efa       _merged_2v_upsample        00456efa f   lib:jdmerge.obj
 0001:00055fa1       _merged_1v_upsample        00456fa1 f   lib:jdmerge.obj
 0001:00055fd2       _h2v1_merged_upsample      00456fd2 f   lib:jdmerge.obj
 0001:00056128       _h2v2_merged_upsample      00457128 f   lib:jdmerge.obj
 0001:000559d9       _build_ycc_rgb_table       004569d9 f   lib:jdcolor.obj
 0001:00055a89       _ycc_rgb_convert           00456a89 f   lib:jdcolor.obj
 0001:00055b97       _null_convert              00456b97 f   lib:jdcolor.obj
 0001:00055c0f       _grayscale_convert         00456c0f f   lib:jdcolor.obj
 0001:00055c32       _gray_rgb_convert          00456c32 f   lib:jdcolor.obj
 0001:00055c8b       _ycck_cmyk_convert         00456c8b f   lib:jdcolor.obj
 0001:0002cf7a       _start_pass_dcolor         0042df7a f   images.obj
 0001:0005543a       _start_pass_upsample       0045643a f   lib:jdsample.obj
 0001:00055454       _sep_upsample              00456454 f   lib:jdsample.obj
 0001:00055521       _fullsize_upsample         00456521 f   lib:jdsample.obj
 0001:0005552c       _noop_upsample             0045652c f   lib:jdsample.obj
 0001:00055534       _int_upsample              00456534 f   lib:jdsample.obj
 0001:0005561e       _h2v1_upsample             0045661e f   lib:jdsample.obj
 0001:00055675       _h2v2_upsample             00456675 f   lib:jdsample.obj
 0001:000556e7       _h2v1_fancy_upsample       004566e7 f   lib:jdsample.obj
 0001:0005578a       _h2v2_fancy_upsample       0045678a f   lib:jdsample.obj
 0001:00055043       _start_pass_dpost          00456043 f   lib:jdpostct.obj
 0001:000550e9       _post_process_1pass        004560e9 f   lib:jdpostct.obj
 0001:0005514e       _post_process_prepass      0045614e f   lib:jdpostct.obj
 0001:000551df       _post_process_2pass        004561df f   lib:jdpostct.obj
 0001:00054a4a       _alloc_funny_pointers      00455a4a f   lib:jdmainct.obj
 0001:00054af7       _start_pass_main           00455af7 f   lib:jdmainct.obj
 0001:00054b5f       _make_funny_pointers       00455b5f f   lib:jdmainct.obj
 0001:00054c9f       _process_data_simple_main  00455c9f f   lib:jdmainct.obj
 0001:00054d07       _process_data_context_main 00455d07 f   lib:jdmainct.obj
 0001:00054e19       _set_wraparound_pointers   00455e19 f   lib:jdmainct.obj
 0001:00054f03       _set_bottom_pointers       00455f03 f   lib:jdmainct.obj
 0001:00054f9d       _process_data_crank_post   00455f9d f   lib:jdmainct.obj
 0001:000537a2       _write_marker_header       004547a2 f   lib:jcmarker.obj
 0001:000537f8       _emit_byte                 004547f8 f   lib:jcmarker.obj
 0001:00053829       _write_marker_byte         00454829 f   lib:jcmarker.obj
 0001:00053839       _write_file_header         00454839 f   lib:jcmarker.obj
 0001:00053885       _emit_jfif_app0            00454885 f   lib:jcmarker.obj
 0001:00053958       _emit_adobe_app14          00454958 f   lib:jcmarker.obj
 0001:000539fe       _write_frame_header        004549fe f   lib:jcmarker.obj
 0001:00053add       _emit_dqt                  00454add f   lib:jcmarker.obj
 0001:00053bcc       _emit_sof                  00454bcc f   lib:jcmarker.obj
 0001:00053ca8       _write_scan_header         00454ca8 f   lib:jcmarker.obj
 0001:00053d68       _emit_dht                  00454d68 f   lib:jcmarker.obj
 0001:00053e41       _emit_dri                  00454e41 f   lib:jcmarker.obj
 0001:00053e90       _emit_sos                  00454e90 f   lib:jcmarker.obj
 0001:00053f7e       _write_file_trailer        00454f7e f   lib:jcmarker.obj
 0001:00053f9e       _write_tables_only         00454f9e f   lib:jcmarker.obj
 0001:000532f7       _use_merged_upsample       004542f7 f   lib:jdmaster.obj
 0001:0005339d       _master_selection          0045439d f   lib:jdmaster.obj
 0001:000534fa       _prepare_range_limit_table 004544fa f   lib:jdmaster.obj
 0001:00053580       _prepare_for_output_pass   00454580 f   lib:jdmaster.obj
 0001:000536a1       _finish_output_pass        004546a1 f   lib:jdmaster.obj
 0001:0005276e       _alloc_small               0045376e f   lib:jmemmgr.obj
 0001:0005288c       _alloc_large               0045388c f   lib:jmemmgr.obj
 0001:0005293d       _alloc_sarray              0045393d f   lib:jmemmgr.obj
 0001:000529d5       _alloc_barray              004539d5 f   lib:jmemmgr.obj
 0001:00052a79       _alloc_darray              00453a79 f   lib:jmemmgr.obj
 0001:00052b24       _request_virt_sarray       00453b24 f   lib:jmemmgr.obj
 0001:00052b85       _request_virt_barray       00453b85 f   lib:jmemmgr.obj
 0001:00052be6       _realize_virt_arrays       00453be6 f   lib:jmemmgr.obj
 0001:00052d69       _access_virt_sarray        00453d69 f   lib:jmemmgr.obj
 0001:00052e89       _do_sarray_io              00453e89 f   lib:jmemmgr.obj
 0001:00052f19       _access_virt_barray        00453f19 f   lib:jmemmgr.obj
 0001:0005303e       _do_barray_io              0045403e f   lib:jmemmgr.obj
 0001:000530cf       _free_pool                 004540cf f   lib:jmemmgr.obj
 0001:000531b6       _self_destruct             004541b6 f   lib:jmemmgr.obj
 0001:00052208       _start_input_pass          00453208 f   lib:jdinput.obj
 0001:00052236       _per_scan_setup            00453236 f   lib:jdinput.obj
 0001:000523bc       _finish_input_pass         004533bc f   lib:jdinput.obj
 0001:000523cd       _consume_markers           004533cd f   lib:jdinput.obj
 0001:00052469       _initial_setup             00453469 f   lib:jdinput.obj
 0001:00052673       _reset_input_controller    00453673 f   lib:jdinput.obj
 0001:00051fc1       _fixedtables               00452fc1 f   lib:inflate.obj
 0001:000520ab       _updatewindow              004530ab f   lib:inflate.obj
 0001:000509f3       _make_crc_table            004519f3 f   lib:crc32.obj
 0001:00050b40       _crc32_little              00451b40 f   lib:crc32.obj
 0001:0005092f       _init_destination          0045192f f   lib:jdatadst.obj
 0001:00050955       _empty_output_buffer       00451955 f   lib:jdatadst.obj
 0001:00050997       _term_destination          00451997 f   lib:jdatadst.obj
 0001:000504b6       _std_huff_tables           004514b6 f   lib:jcparam.obj
 0001:00050510       _add_huff_table            00451510 f   lib:jcparam.obj
 0001:0004ea0e       _next_marker               0044fa0e f   lib:jdmarker.obj
 0001:0004eb48       _get_interesting_appn      0044fb48 f   lib:jdmarker.obj
 0001:0004ec73       _examine_app0              0044fc73 f   lib:jdmarker.obj
 0001:0004ee81       _examine_app14             0044fe81 f   lib:jdmarker.obj
 0001:0004ef42       _skip_variable             0044ff42 f   lib:jdmarker.obj
 0001:0004efe5       _read_markers              0044ffe5 f   lib:jdmarker.obj
 0001:0004f1ed       _get_soi                   004501ed f   lib:jdmarker.obj
 0001:0004f298       _get_sof                   00450298 f   lib:jdmarker.obj
 0001:0004f5a1       _get_sos                   004505a1 f   lib:jdmarker.obj
 0001:0004f88f       _get_dht                   0045088f f   lib:jdmarker.obj
 0001:0004fb30       _get_dqt                   00450b30 f   lib:jdmarker.obj
 0001:0004fd8c       _get_dri                   00450d8c f   lib:jdmarker.obj
 0001:0004fe6b       _first_marker              00450e6b f   lib:jdmarker.obj
 0001:0004ff07       _read_restart_marker       00450f07 f   lib:jdmarker.obj
 0001:0004ff85       _reset_marker_reader       00450f85 f   lib:jdmarker.obj
 0001:0004e7f2       _output_pass_setup         0044f7f2 f   lib:jdapistd.obj
 0001:0004e4e5       _default_decompress_parms  0044f4e5 f   lib:jdapimin.obj

 182 bytes saved through ICF

