 Quake2

 Timestamp is 44623a40 (Wed May 10 23:08:48 2006)

 Preferred load address is 00400000

 Start         Length     Name                   Class
 0001:00000000 00066da0H .text                   CODE
 0002:00000000 00000294H .idata$5                DATA
 0002:00000298 0000729cH .rdata                  DATA
 0002:00007538 00000044H .rdata$r                DATA
 0002:00007580 00000038H .xdata$x                DATA
 0002:000075b8 00000078H .idata$2                DATA
 0002:00007630 00000014H .idata$3                DATA
 0002:00007644 00000294H .idata$4                DATA
 0002:000078d8 0000086aH .idata$6                DATA
 0002:00008142 00000000H .edata                  DATA
 0003:00000000 00000004H .CRT$XCA                DATA
 0003:00000004 00000088H .CRT$XCU                DATA
 0003:0000008c 00000004H .CRT$XCZ                DATA
 0003:00000090 00000004H .CRT$XIA                DATA
 0003:00000094 00000004H .CRT$XIZ                DATA
 0003:000000a0 0000e44cH .data                   DATA
 0003:0000e4f0 00456f30H .bss                    DATA
 0004:00000000 00000130H .rsrc$01                DATA
 0004:00000130 00003f20H .rsrc$02                DATA

  Address         Publics by Value              Rva+Base     Lib:Object

 0001:00000000       ??3@YAXPAX@Z               00401000 f i CoreMain.obj
 0001:0000000e       ?appTimestamp@@YAPBDXZ     0040100e f   CoreMain.obj
 0001:00000043       ?appInit@@YAXXZ            00401043 f   CoreMain.obj
 0001:000000c2       ?appExit@@YAXXZ            004010c2 f   CoreMain.obj
 0001:000000cc       ?appMilliseconds@@YAIXZ    004010cc f   CoreWin32.obj
 0001:000000d2       ?appPackage@@YAPBDXZ       004010d2 f   CoreWin32.obj
 0001:0000012a       ?appGetSystemErrorMessage@@YAPBDI@Z 0040112a f   CoreWin32.obj
 0001:0000018e       ?appDisplayError@@YAXXZ    0040118e f   CoreWin32.obj
 0001:000001df       ?appInitPlatform@@YAXXZ    004011df f   CoreWin32.obj
 0001:00000372       ?appShutdownPlatform@@YAXXZ 00401372 f   CoreWin32.obj
 0001:0000037b       ?sprintf@?$TString@$0BAA@@@QAAHPBDZZ 0040137b f i CoreWin32.obj
 0001:00000398       ?appDetectCPU@@YAXXZ       00401398 f   CoreCpuid.obj
 0001:0000064c       ?appLoadDebugSymbols@@YAXXZ 0040164c f   DbgSymbols.obj
 0001:0000080a       ?appSymbolName@@YA_NIPADH@Z 0040180a f   DbgSymbols.obj
 0001:00000900       ?appSymbolName@@YAPBDI@Z   00401900 f   DbgSymbols.obj
 0001:00000938       ?osGetAddressPackage@@YA_NIPADHAAH@Z 00401938 f   DbgSymbolsWin32.obj
 0001:000009cc       ?osGetAddressSymbol@@YA_NIPADHAAH@Z 004019cc f   DbgSymbolsWin32.obj
 0001:00000b73       ?appMalloc@@YAPAXIH@Z      00401b73 f   Memory.obj
 0001:00000c78       ?appFree@@YAXPAX@Z         00401c78 f   Memory.obj
 0001:00000cf7       ?Unlink@FMemHeader@@QAEXXZ 00401cf7 f i Memory.obj
 0001:00000d22       ?Link@CMemoryChain@@AAEXXZ 00401d22 f   Memory.obj
 0001:00000d41       ?Unlink@CMemoryChain@@AAEXXZ 00401d41 f   Memory.obj
 0001:00000d6c       ??2CMemoryChain@@SAPAXIH@Z 00401d6c f   Memory.obj
 0001:00000e35       ??3CMemoryChain@@SAXPAX@Z  00401e35 f   Memory.obj
 0001:00000eb6       ?Alloc@CMemoryChain@@QAEPAXIH@Z 00401eb6 f   Memory.obj
 0001:00000f82       ?GetSize@CMemoryChain@@QAEHXZ 00401f82 f   Memory.obj
 0001:00000f90       ?BuildAllocatorsTable@@YAHPAXH@Z 00401f90 f   Memory.obj
 0001:00001101       ?appInitMemory@@YAXXZ      00402101 f   Memory.obj
 0001:000014e9       ?Flush@COutputDevice@@UAEXXZ 004024e9 f i OutputDevice.obj
 0001:000014e9       ?Close@COutputDevice@@UAEXXZ 004024e9 f i OutputDevice.obj
 0001:000014ea       ?Write@COutputDeviceNull@@UAEXPBD@Z 004024ea f i OutputDevice.obj
 0001:00001504       ??_ECOutputDeviceNull@@UAEPAXI@Z 00402504 f i OutputDevice.obj
 0001:00001504       ??_GCOutputDeviceNull@@UAEPAXI@Z 00402504 f i OutputDevice.obj
 0001:00001504       ??_GCOutputDevice@@UAEPAXI@Z 00402504 f i OutputDevice.obj
 0001:00001504       ??_ECOutputDevice@@UAEPAXI@Z 00402504 f i OutputDevice.obj
 0001:00001547       ?Write@COutputDeviceLog@@UAEXPBD@Z 00402547 f i OutputDevice.obj
 0001:00001592       ??_ECOutputDeviceLog@@UAEPAXI@Z 00402592 f i OutputDevice.obj
 0001:00001592       ??_GCOutputDeviceLog@@UAEPAXI@Z 00402592 f i OutputDevice.obj
 0001:000015b2       ?Printf@COutputDevice@@QAAXPBDZZ 004025b2 f   OutputDevice.obj
 0001:00001623       ?Register@COutputDevice@@QAEXXZ 00402623 f   OutputDevice.obj
 0001:0000167f       ?Unregister@COutputDevice@@QAEXXZ 0040267f f   OutputDevice.obj
 0001:000016d2       ?appPrintf@@YAXPBDZZ       004026d2 f   OutputDevice.obj
 0001:00001809       ?appWPrintf@@YAXPBDZZ      00402809 f   OutputDevice.obj
 0001:0000186c       ??0COutputDeviceMemTail@@QAE@H@Z 0040286c f i ErrorMgr.obj
 0001:0000189d       ?Write@COutputDeviceMemTail@@UAEXPBD@Z 0040289d f i ErrorMgr.obj
 0001:000019b9       ??_GCOutputDeviceMemTail@@UAEPAXI@Z 004029b9 f i ErrorMgr.obj
 0001:000019b9       ??_ECOutputDeviceMemTail@@UAEPAXI@Z 004029b9 f i ErrorMgr.obj
 0001:000019d8       ??1COutputDeviceMemTail@@UAE@XZ 004029d8 f i ErrorMgr.obj
 0001:00001a21       ??0COutputDeviceFile@@QAE@XZ 00402a21 f i ErrorMgr.obj
 0001:00001a36       ?Write@COutputDeviceFile@@UAEXPBD@Z 00402a36 f i ErrorMgr.obj
 0001:00001a8d       ?Flush@COutputDeviceFile@@UAEXXZ 00402a8d f i ErrorMgr.obj
 0001:00001a9d       ?Close@COutputDeviceFile@@UAEXXZ 00402a9d f i ErrorMgr.obj
 0001:00001ab5       ??_GCOutputDeviceFile@@UAEPAXI@Z 00402ab5 f i ErrorMgr.obj
 0001:00001ab5       ??_ECOutputDeviceFile@@UAEPAXI@Z 00402ab5 f i ErrorMgr.obj
 0001:00001ad4       ??1COutputDeviceFile@@UAE@XZ 00402ad4 f i ErrorMgr.obj
 0001:00001b13       ?appBeginError@@YAPAVCOutputDevice@@PBD@Z 00402b13 f   ErrorMgr.obj
 0001:00001bde       ?appGetErrorLog@@YAPAVCOutputDevice@@XZ 00402bde f   ErrorMgr.obj
 0001:00001c49       ?Open@COutputDeviceFile@@QAEXPBD_N@Z 00402c49 f i ErrorMgr.obj
 0001:00001c8f       ?appFatalError@@YAXPBDZZ   00402c8f f   ErrorMgr.obj
 0001:00001ce5       ?appNonFatalError@@YAXPBDZZ 00402ce5 f   ErrorMgr.obj
 0001:00001d47       ?appUnwindPrefix@@YAXPBD@Z 00402d47 f   ErrorMgr.obj
 0001:00001df9       ?appUnwindThrow@@YAXPBDZZ  00402df9 f   ErrorMgr.obj
 0001:00001e6f       ?Reset@CErrorHandler@@QAEXXZ 00402e6f f   ErrorMgr.obj
 0001:00001ea0       ?appInitError@@YAXXZ       00402ea0 f   ErrorMgr.obj
 0001:00001f95       ?appShutdownError@@YAXXZ   00402f95 f   ErrorMgr.obj
 0001:0000201f       ?GetTail@COutputDeviceMemTail@@QAEPBDH@Z 0040301f f i ErrorMgr.obj
 0001:00002045       ?sprintf@?$TString@$0CAA@@@QAAHPBDZZ 00403045 f i ErrorMgr.obj
 0001:00002062       ?win32ExceptFilter@@YGJPAU_EXCEPTION_POINTERS@@@Z 00403062 f   ExceptHandlerWin32.obj
 0001:00002205       ?win32ExceptFilter2@@YAIXZ 00403205 f   ExceptHandlerWin32.obj
 0001:0000220e       ?sprintf@?$TString@$0EAA@@@QAAHPBDZZ 0040320e f i ExceptHandlerWin32.obj
 0001:0000222b       ?DumpRegs@@YAXPAVCOutputDevice@@PAU_CONTEXT@@@Z 0040322b f   ExceptDumpers.obj
 0001:0000233c       ?DumpMem@@YAXPAVCOutputDevice@@PBIPAU_CONTEXT@@@Z 0040333c f   ExceptDumpers.obj
 0001:0000257b       ?UnwindEbpFrame@@YAXPAVCOutputDevice@@PBI@Z 0040357b f   ExceptDumpers.obj
 0001:0000260c       ?GetLine@CSimpleParser@@QAEPBDXZ 0040360c f   ScriptParser.obj
 0001:00002723       ?SkipBraces@CSimpleParser@@QAEPBDXZ 00403723 f   ScriptParser.obj
 0001:00002759       ?appStricmp@@YAHPBD0@Z     00403759 f   Strings.obj
 0001:00002790       ?toLower@@YADD@Z           00403790 f i Strings.obj
 0001:000027ab       ?appStrncpylwr@@YAXPADPBDH@Z 004037ab f   Strings.obj
 0001:000027e3       ?appStrncpyz@@YAXPADPBDH@Z 004037e3 f   Strings.obj
 0001:00002810       ?appStrcatn@@YAXPADHPBD@Z  00403810 f   Strings.obj
 0001:0000283c       ?appCopyFilename@@YAXPADPBDH@Z 0040383c f   Strings.obj
 0001:00002964       ?appCStrlen@@YAHPBD@Z      00403964 f   Strings.obj
 0001:0000298c       ?appUncolorizeString@@YAXPADPBD@Z 0040398c f   Strings.obj
 0001:000029be       ?va@@YAPBDPBDZZ            004039be f   Strings.obj
 0001:00002ab2       ?appSprintf@@YAHPADHPBDZZ  00403ab2 f   Strings.obj
 0001:00002b51       ?appMatchWildcard@@YA_NPBD0_N@Z 00403b51 f   Strings.obj
 0001:00002d96       ?appIsWildcard@@YA_NPBD@Z  00403d96 f   Strings.obj
 0001:00002dc2       ?appStrdup@@YAPADPBD@Z     00403dc2 f   Strings.obj
 0001:00002e03       ?appStrdup@@YAPADPBDPAVCMemoryChain@@@Z 00403e03 f   Strings.obj
 0001:00002e38       ??0CStringItem@@QAE@XZ     00403e38 f   Strings.obj
 0001:00002e43       ??2CStringItem@@SAPAXIPBD@Z 00403e43 f   Strings.obj
 0001:00002edd       ??2CStringItem@@SAPAXIPBDPAVCMemoryChain@@@Z 00403edd f   Strings.obj
 0001:00002f52       ?Find@CStringList@@IAEPAVCStringItem@@PBDPAPAV2@@Z 00403f52 f   Strings.obj
 0001:00002fdd       ?Find@CStringList@@IAEPAVCStringItem@@H@Z 00403fdd f   Strings.obj
 0001:00003049       ?IndexOf@CStringList@@QAEHPBD@Z 00404049 f   Strings.obj
 0001:000030cb       ?Remove@CStringList@@QAE_NPAVCStringItem@@@Z 004040cb f   Strings.obj
 0001:0000314f       ?Add@CTextContainer@@QAEPAUCTextRec@@PBD@Z 0040414f f   TextContainer.obj
 0001:000031fb       ?Enumerate@CTextContainer@@QAEXP6AXPBUCTextRec@@@Z@Z 004041fb f   TextContainer.obj
 0001:00003267       ?SubtractPath@@YAPBDPBD0@Z 00404267 f   FileSystem.obj
 0001:000032ff       ?appMakeDirectoryForFile@@YAXPBD@Z 004042ff f   FileSystem.obj
 0001:00003335       ?appOpenFile@@YAPAVCFile@@PBD@Z 00404335 f   FileSystem.obj
 0001:00003372       ?Read@CFileOS@@UAEHPAXH@Z  00404372 f i FileSystem.obj
 0001:00003399       ?GetSize@CFileOS@@UAEHXZ   00404399 f i FileSystem.obj
 0001:000033e4       ?Eof@CFileOS@@UAE_NXZ      004043e4 f i FileSystem.obj
 0001:000033f8       ??_ECFileOS@@UAEPAXI@Z     004043f8 f i FileSystem.obj
 0001:000033f8       ??_GCFileOS@@UAEPAXI@Z     004043f8 f i FileSystem.obj
 0001:0000342d       ??_GCFile@@UAEPAXI@Z       0040442d f i FileSystem.obj
 0001:0000342d       ??_ECFile@@UAEPAXI@Z       0040442d f i FileSystem.obj
 0001:0000344d       ?ReadByte@CFile@@QAEEXZ    0040444d f   FileSystem.obj
 0001:00003465       ?ReadInt@CFile@@QAEHXZ     00404465 f   FileSystem.obj
 0001:0000347d       ?ReadString@CFile@@QAEXPADH@Z 0040447d f   FileSystem.obj
 0001:000034ba       ?GetType@CFileContainer@@MAEPBDXZ 004044ba f   FileSystem.obj
 0001:000034c0       ?Mount@CFileSystem@@QAEXAAVCFileContainer@@PBD@Z 004044c0 f   FileSystem.obj
 0001:00003516       ?Umount@CFileSystem@@QAEXAAVCFileContainer@@@Z 00404516 f   FileSystem.obj
 0001:00003550       ?MountDirectory@CFileSystem@@QAEPAVCFileContainer@@PBD0@Z 00404550 f   FileSystem.obj
 0001:00003595       ?GetType@CFileContainerOS@@MAEPBDXZ 00404595 f i FileSystem.obj
 0001:0000359b       ?FileExists@CFileContainerOS@@UAE_NPBD@Z 0040459b f i FileSystem.obj
 0001:000035c5       ?OpenFile@CFileContainerOS@@UAEPAVCFile@@PBD@Z 004045c5 f i FileSystem.obj
 0001:000035e5       ?List@CFileContainerOS@@UAEXAAVCFileList@@PBDI@Z 004045e5 f i FileSystem.obj
 0001:0000360e       ??_ECFileContainerOS@@UAEPAXI@Z 0040460e f i FileSystem.obj
 0001:0000360e       ??_GCFileContainerOS@@UAEPAXI@Z 0040460e f i FileSystem.obj
 0001:0000362e       ??_GCFileContainer@@UAEPAXI@Z 0040462e f i FileSystem.obj
 0001:0000362e       ??_ECFileContainer@@UAEPAXI@Z 0040462e f i FileSystem.obj
 0001:0000364e       ?MountArchive@CFileSystem@@QAEPAVCFileContainer@@PBD0@Z 0040464e f   FileSystem.obj
 0001:00003765       ?Mount@CFileSystem@@QAEXPBD0@Z 00404765 f   FileSystem.obj
 0001:00003997       ?Umount@CFileSystem@@QAEXPBD@Z 00404997 f   FileSystem.obj
 0001:00003a33       ?List@CFileSystem@@UAEPAVCFileList@@PBDIPAV2@@Z 00404a33 f   FileSystem.obj
 0001:00003bee       ?RegisterFormat@CFileSystem@@SAXP6APAVCFileContainer@@PBDPAU_iobuf@@@Z@Z 00404bee f   FileSystem.obj
 0001:00003c32       ?FileExists@CFileSystem@@UAE_NPBDI@Z 00404c32 f   FileSystem.obj
 0001:00003cb1       ?OpenFile@CFileSystem@@UAEPAVCFile@@PBDI@Z 00404cb1 f   FileSystem.obj
 0001:00003d56       ?LoadFile@CFileSystem@@QAEPAXPBDPAI@Z 00404d56 f   FileSystem.obj
 0001:00003e26       ?cMount@@YAX_NHPAPAD@Z     00404e26 f   FileSystem.obj
 0001:00003f64       ?cUmount@@YAX_NHPAPAD@Z    00404f64 f   FileSystem.obj
 0001:00003f93       ?appInitFileSystem@@YAXAAVCFileSystem@@@Z 00404f93 f   FileSystem.obj
 0001:0000438a       ?appListDirectory@@YAXPBDAAVCFileList@@I@Z 0040538a f   FileSystemWin32.obj
 0001:000045d1       ?appMakeDirectory@@YAXPBD@Z 004055d1 f   FileSystemWin32.obj
 0001:0000463e       ?appFileType@@YAIPBD@Z     0040563e f   FileSystemWin32.obj
 0001:0000467e       ?FindDir@CFileContainerArc@@IAEPAVCArcDir@1@PBD_N@Z 0040567e f   FileContainerArc.obj
 0001:00004767       ?FindFile@CFileContainerArc@@IAEPAVCStringItem@@PBD@Z 00405767 f   FileContainerArc.obj
 0001:000047d2       ?FileExists@CFileContainerArc@@UAE_NPBD@Z 004057d2 f   FileContainerArc.obj
 0001:000047e7       ?OpenFile@CFileContainerArc@@UAEPAVCFile@@PBD@Z 004057e7 f   FileContainerArc.obj
 0001:00004806       ?List@CFileContainerArc@@UAEXAAVCFileList@@PBDI@Z 00405806 f   FileContainerArc.obj
 0001:00004973       ?SCR_StopCinematic@@YAXXZ  00405973 f   cl_cin.obj
 0001:00004a07       ?SCR_DrawCinematic@@YA_NXZ 00405a07 f   cl_cin.obj
 0001:00004dfe       ?SCR_PlayCinematic@@YAXPBD@Z 00405dfe f   cl_cin.obj
 0001:00005155       ?sprintf@?$TString@$0EA@@@QAAHPBDZZ 00406155 f i cl_cin.obj
 0001:0000516f       ?CL_Download_f@@YAX_NHPAPAD@Z 0040616f f   cl_download.obj
 0001:0000551c       ?CL_ParseDownload@@YAXXZ   0040651c f   cl_download.obj
 0001:00005d41       ?CL_Precache_f@@YAXHPAPAD@Z 00406d41 f   cl_download.obj
 0001:00005d9f       ?sprintf@?$TString@$0IA@@@QAAHPBDZZ 00406d9f f i cl_download.obj
 0001:00005dbc       ?CL_ParseDelta@@YAXPAUclEntityState_t@@0HI_N@Z 00406dbc f   cl_ents.obj
 0001:00005f3c       ?CL_ParseFrame@@YAXXZ      00406f3c f   cl_ents.obj
 0001:000065f1       ?CL_AddEntityBox@@YAXPAUclEntityState_t@@I@Z 004075f1 f   cl_ents.obj
 0001:000066f5       ?Lerp@@YAXABUCVec3@@0MAAU1@@Z 004076f5 f i cl_ents.obj
 0001:0000672c       ?CL_OffsetThirdPersonView@@YAXXZ 0040772c f   cl_ents.obj
 0001:00006814       ?CL_AddEntities@@YAXXZ     00407814 f   cl_ents.obj
 0001:00007755       ?CL_ClearLightStyles@@YAXXZ 00408755 f   cl_fx.obj
 0001:000077d7       ?CL_SetLightstyle@@YAXHPBD@Z 004087d7 f   cl_fx.obj
 0001:00007838       ?CL_AllocDlight@@YAPAUcdlight_t@@HABUCVec3@@@Z 00408838 f   cl_fx.obj
 0001:000078a3       ?CL_AllocParticleTrace@@YAPAUparticleTrace_t@@ABUCVec3@@0MM@Z 004088a3 f   cl_fx.obj
 0001:00007932       ?CL_AllocParticleBeam@@YAPAUbeam_t@@ABUCVec3@@0MM@Z 00408932 f   cl_fx.obj
 0001:000079a7       ?CL_AllocParticle@@YAPAUparticle_t@@XZ 004089a7 f   cl_fx.obj
 0001:000079fa       ?CL_MetalSparks@@YAXABUCVec3@@0H@Z 004089fa f   cl_fx.obj
 0001:00007af8       ?CL_AddEffects@@YAXXZ      00408af8 f   cl_fx.obj
 0001:000081ff       ?CL_ClearEffects@@YAXXZ    004091ff f   cl_fx.obj
 0001:00008281       ?CL_EntityEvent@@YAXPAUclEntityState_t@@@Z 00409281 f   cl_fx.obj
 0001:00008438       ?CL_ParseMuzzleFlash@@YAXXZ 00409438 f   cl_fx.obj
 0001:000087a8       ?CL_ParseMuzzleFlash2@@YAXXZ 004097a8 f   cl_fx.obj
 0001:00008c1e       ?CL_ParticleEffect@@YAXABUCVec3@@0HH@Z 00409c1e f   cl_fx.obj
 0001:00008e07       ?CL_ParticleEffect2@@YAXABUCVec3@@0HH@Z 00409e07 f   cl_fx.obj
 0001:00008e2f       ?CL_ParticleEffect3@@YAXABUCVec3@@0HH@Z 00409e2f f   cl_fx.obj
 0001:00008e57       ?CL_TeleporterParticles@@YAXPAUclEntityState_t@@@Z 00409e57 f   cl_fx.obj
 0001:00008e79       ?CL_LogoutEffect@@YAXABUCVec3@@H@Z 00409e79 f   cl_fx.obj
 0001:00008eb1       ?CL_ItemRespawnParticles@@YAXABUCVec3@@@Z 00409eb1 f   cl_fx.obj
 0001:00008ecf       ?CL_ExplosionParticles@@YAXABUCVec3@@@Z 00409ecf f   cl_fx.obj
 0001:00008ef0       ?CL_BFGExplosionParticles@@YAXABUCVec3@@@Z 00409ef0 f   cl_fx.obj
 0001:00008f11       ?CL_TrackerExplosionParticles@@YAXABUCVec3@@@Z 00409f11 f   cl_fx.obj
 0001:00008f32       ?CL_BlasterParticles@@YAXABUCVec3@@0I@Z 00409f32 f   cl_fx.obj
 0001:00008f59       ?CL_BlasterTrail@@YAXAAUcentity_t@@@Z 00409f59 f   cl_fx.obj
 0001:00009060       ?CL_BlasterTrail2@@YAXAAUcentity_t@@@Z 0040a060 f   cl_fx.obj
 0001:00009077       ?CL_FlagTrail@@YAXAAUcentity_t@@H@Z 0040a077 f   cl_fx.obj
 0001:00009096       ?CL_RocketTrail@@YAXAAUcentity_t@@@Z 0040a096 f   cl_fx.obj
 0001:000090d5       ?CL_BubbleTrail@@YAXABUCVec3@@0@Z 0040a0d5 f   cl_fx.obj
 0001:00009171       ?CL_BubbleTrail2@@YAXABUCVec3@@0@Z 0040a171 f   cl_fx.obj
 0001:0000918b       ?CL_TagTrail@@YAXAAUcentity_t@@@Z 0040a18b f   cl_fx.obj
 0001:000091a2       ?CL_DebugTrail@@YAXABUCVec3@@0@Z 0040a1a2 f   cl_fx.obj
 0001:000091bc       ?CL_ForceWall@@YAXABUCVec3@@0H@Z 0040a1bc f   cl_fx.obj
 0001:000091de       ?CL_BigTeleportParticles@@YAXABUCVec3@@@Z 0040a1de f   cl_fx.obj
 0001:00009319       ?CL_BfgParticles@@YAXABUCVec3@@@Z 0040a319 f   cl_fx.obj
 0001:00009493       ?CL_FlyEffect@@YAXAAUcentity_t@@@Z 0040a493 f   cl_fx.obj
 0001:0000961f       ?CL_DiminishingTrail@@YAXAAUcentity_t@@H@Z 0040a61f f   cl_fx.obj
 0001:00009779       ?CL_RailTrail@@YAXABUCVec3@@0@Z 0040a779 f   cl_fx.obj
 0001:000098ef       ?CL_RailTrailExt@@YAXABUCVec3@@0EE@Z 0040a8ef f   cl_fx.obj
 0001:00009a34       ?CL_IonripperTrail@@YAXAAUcentity_t@@@Z 0040aa34 f   cl_fx.obj
 0001:00009b8e       ?CL_TrapParticles@@YAXABUCVec3@@@Z 0040ab8e f   cl_fx.obj
 0001:00009d01       ?CL_TeleportParticles@@YAXABUCVec3@@@Z 0040ad01 f   cl_fx.obj
 0001:00009e37       ?CL_Heatbeam@@YAXABUCVec3@@0@Z 0040ae37 f   cl_fx.obj
 0001:0000a0dd       ?CL_ParticleSteamEffect@@YAXABUCVec3@@0HHH@Z 0040b0dd f   cl_fx.obj
 0001:0000a216       ?CL_ParticleSmokeEffect@@YAXABUCVec3@@0@Z 0040b216 f   cl_fx.obj
 0001:0000a332       ?CL_TrackerTrail@@YAXAAUcentity_t@@@Z 0040b332 f   cl_fx.obj
 0001:0000a4b0       ?CL_TrackerShell@@YAXABUCVec3@@@Z 0040b4b0 f   cl_fx.obj
 0001:0000a53c       ?CL_MonsterPlasmaShell@@YAXABUCVec3@@@Z 0040b53c f   cl_fx.obj
 0001:0000a5c5       ?CL_WidowSplash@@YAXABUCVec3@@@Z 0040b5c5 f   cl_fx.obj
 0001:0000a6a6       ?CL_InitInput@@YAXXZ       0040b6a6 f   cl_input.obj
 0001:0000ac54       ?CL_SendCmd@@YAXXZ         0040bc54 f   cl_input.obj
 0001:0000b237       ?CL_WriteDemoMessage@@YAXXZ 0040c237 f   cl_main.obj
 0001:0000b279       ?Cmd_ForwardToServer@@YAXHPAPAD@Z 0040c279 f   cl_main.obj
 0001:0000b33e       ?CL_ForwardToServer_f@@YAXHPAPAD@Z 0040c33e f   cl_main.obj
 0001:0000b387       ?CL_Pause@@YAX_N@Z         0040c387 f   cl_main.obj
 0001:0000b3cc       ?CL_Drop@@YAX_N@Z          0040c3cc f   cl_main.obj
 0001:0000b3f7       ?CL_SendConnectPacket@@YAXXZ 0040c3f7 f   cl_main.obj
 0001:0000b45d       ?CL_Connect_f@@YAX_NHPAPAD@Z 0040c45d f   cl_main.obj
 0001:0000b4ca       ?CL_Rcon_f@@YAXHPAPAD@Z    0040c4ca f   cl_main.obj
 0001:0000b5b6       ?CL_Disconnect@@YAXXZ      0040c5b6 f   cl_main.obj
 0001:0000b761       ?CL_Disconnect_f@@YAXXZ    0040c761 f   cl_main.obj
 0001:0000b76b       ?CL_Changing_f@@YAXXZ      0040c76b f   cl_main.obj
 0001:0000b793       ?CL_Reconnect_f@@YAXXZ     0040c793 f   cl_main.obj
 0001:0000b82f       ?CL_PingServers_f@@YAXXZ   0040c82f f   cl_main.obj
 0001:0000bbeb       ?CL_ConnectionlessPacket@@YAXXZ 0040cbeb f   cl_main.obj
 0001:0000bce8       ?CL_Userinfo_f@@YAXXZ      0040cce8 f   cl_main.obj
 0001:0000bd03       ?CL_RegisterSounds@@YAXXZ  0040cd03 f   cl_main.obj
 0001:0000bd42       ?CL_Snd_Restart_f@@YAXXZ   0040cd42 f   cl_main.obj
 0001:0000bd51       ?CL_WriteConfiguration@@YAXPBD@Z 0040cd51 f   cl_main.obj
 0001:0000be38       ?CL_WriteConfig_f@@YAX_NHPAPAD@Z 0040ce38 f   cl_main.obj
 0001:0000bea3       ?CL_FixCvarCheats@@YAXXZ   0040cea3 f   cl_main.obj
 0001:0000bef4       ?CL_Frame@@YAXMM@Z         0040cef4 f   cl_main.obj
 0001:0000c371       ?CL_ClearState@@YAXXZ      0040d371 f   cl_main.obj
 0001:0000c3af       ?CL_Init@@YAXXZ            0040d3af f   cl_main.obj
 0001:0000c85e       ?CL_Shutdown@@YAXXZ        0040d85e f   cl_main.obj
 0001:0000c8ba       ?CL_ParseClientinfo@@YAXH@Z 0040d8ba f   cl_parse.obj
 0001:0000c972       ?CL_UpdatePlayerClientInfo@@YAXXZ 0040d972 f   cl_parse.obj
 0001:0000c9b3       ?CL_ParseServerMessage@@YAXXZ 0040d9b3 f   cl_parse.obj
 0001:0000d199       ?FreePlayerModelsInfo@@YAXXZ 0040e199 f   cl_playermodel.obj
 0001:0000d1bf       ?ScanPlayerModels@@YA_NXZ  0040e1bf f   cl_playermodel.obj
 0001:0000d5b9       ?RunAnimation@@YAXAAUclientInfo_t@@AAUanimState_t@@H@Z 0040e5b9 f   cl_playermodel.obj
 0001:0000d7a7       ?CL_LoadClientinfo@@YAXAAUclientInfo_t@@PBD_N@Z 0040e7a7 f   cl_playermodel.obj
 0001:0000e438       ?ParsePlayerEntity@@YAHAAUcentity_t@@AAUclientInfo_t@@PAUclEntityState_t@@ABUentity_t@@PAU4@HH@Z 0040f438 f   cl_playermodel.obj
 0001:0000ef91       ?CreateAndInsert@?$TList@VCStringItem@@@@QAEPAVCStringItem@@PBDPAVCMemoryChain@@@Z 0040ff91 f i cl_playermodel.obj
 0001:0000efc9       ?Insert@?$TList@VCStringItem@@@@QAE_NPAVCStringItem@@@Z 0040ffc9 f i cl_playermodel.obj
 0001:0000efc9       ?Insert@?$TList@VshaderScript_t@OpenGLDrv@@@@QAE_NPAVshaderScript_t@OpenGLDrv@@@Z 0040ffc9 f i cl_playermodel.obj
 0001:0000efc9       ?Insert@?$TList@VplayerModelInfo_t@@@@QAE_NPAVplayerModelInfo_t@@@Z 0040ffc9 f i cl_playermodel.obj
 0001:0000efff       ?CL_CheckPredictionError@@YAXXZ 0040ffff f   cl_pred.obj
 0001:0000f192       ?CL_EntityTrace@@YAXAAUtrace_t@@ABUCVec3@@1ABUCBox@@H@Z 00410192 f   cl_pred.obj
 0001:0000f4ec       ?CL_Trace@@YAXAAUtrace_t@@ABUCVec3@@1ABUCBox@@H@Z 004104ec f   cl_pred.obj
 0001:0000f59d       ?CL_PMpointcontents@@YAHABUCVec3@@@Z 0041059d f   cl_pred.obj
 0001:0000f733       ?CL_PredictMovement@@YAXXZ 00410733 f   cl_pred.obj
 0001:0000fafa       ?DrawString@@YAXHHPBD@Z    00410afa f   cl_scrn.obj
 0001:0000fb3f       ?SCR_DebugGraph@@YAXMH@Z   00410b3f f   cl_scrn.obj
 0001:0000fb69       ?SCR_CenterPrint@@YAXPBD@Z 00410b69 f   cl_scrn.obj
 0001:0000fc6f       ?Key_Message@@YAXH@Z       00410c6f f   cl_scrn.obj
 0001:0000fd0f       ?SCR_SetLevelshot@@YAXPBD@Z 00410d0f f   cl_scrn.obj
 0001:0000fe0f       ?SCR_BeginLoadingPlaque@@YAX_N@Z 00410e0f f   cl_scrn.obj
 0001:0000fea5       ?SCR_EndLoadingPlaque@@YAX_N@Z 00410ea5 f   cl_scrn.obj
 0001:0000ff2a       ?SCR_LoadingNotify@@YAXPBDM@Z 00410f2a f   cl_scrn.obj
 0001:0000ff54       ?SCR_ShowConsole@@YAX_N0@Z 00410f54 f   cl_scrn.obj
 0001:00010019       ?SCR_ToggleConsole@@YAXXZ  00411019 f   cl_scrn.obj
 0001:00010041       ?SCR_TouchPics@@YAXXZ      00411041 f   cl_scrn.obj
 0001:00010097       ?SCR_UpdateScreen@@YAXXZ   00411097 f   cl_scrn.obj
 0001:00011426       ?SCR_Init@@YAXXZ           00412426 f   cl_scrn.obj
 0001:00011757       ?sprintf@?$TString@$0BA@@@QAAHPBDZZ 00412757 f i cl_scrn.obj
 0001:00011771       ?CL_RegisterTEntSounds@@YAXXZ 00412771 f   cl_tent.obj
 0001:000119c6       ?CL_RegisterTEntModels@@YAXXZ 004129c6 f   cl_tent.obj
 0001:00011b17       ?CL_ClearTEnts@@YAXXZ      00412b17 f   cl_tent.obj
 0001:00011b48       ?CL_SmokeAndFlash@@YAXABUCVec3@@@Z 00412b48 f   cl_tent.obj
 0001:00011ce0       ?CL_ParseTEnt@@YAXXZ       00412ce0 f   cl_tent.obj
 0001:00012eca       ?CL_AddTEnts@@YAXXZ        00413eca f   cl_tent.obj
 0001:000138d1       ?V_AddEntity@@YAXPAUentity_t@@@Z 004148d1 f   cl_view.obj
 0001:0001390f       ?V_AddEntity2@@YAXPAUentity_t@@@Z 0041490f f   cl_view.obj
 0001:00013941       ?AddEntityWithEffects2@@YAXPAUentity_t@@I@Z 00414941 f   cl_view.obj
 0001:000139e2       ?AddEntityWithEffects@@YAXPAUentity_t@@I@Z 004149e2 f   cl_view.obj
 0001:00013a03       ?V_AddLight@@YAXABUCVec3@@MMMM@Z 00414a03 f   cl_view.obj
 0001:00013a48       ?V_TestEntities@@YAXXZ     00414a48 f   cl_view.obj
 0001:00013b75       ?V_TestLights@@YAXXZ       00414b75 f   cl_view.obj
 0001:00013c4b       ?V_InitRenderer@@YAXXZ     00414c4b f   cl_view.obj
 0001:00014082       ?CalcFov@@YAMMMM@Z         00415082 f   cl_view.obj
 0001:000140f0       ?V_RenderView@@YA_NXZ      004150f0 f   cl_view.obj
 0001:00014e8a       ?V_Init@@YAXXZ             00415e8a f   cl_view.obj
 0001:00014f39       ?Con_ClearNotify@@YAXXZ    00415f39 f   console.obj
 0001:00014f48       ?Con_CheckResize@@YAXXZ    00415f48 f   console.obj
 0001:0001506f       ?Write@COutputDeviceCon@@UAEXPBD@Z 0041606f f   console.obj
 0001:00015275       ?Con_DrawNotify@@YAX_N@Z   00416275 f   console.obj
 0001:0001544b       ?Con_DrawConsole@@YAXM@Z   0041644b f   console.obj
 0001:000156ff       ?Con_ClearTyping@@YAXXZ    004166ff f   console.obj
 0001:00015718       ?Key_Console@@YAXHH@Z      00416718 f   console.obj
 0001:00015b65       ?Con_Init@@YAXXZ           00416b65 f   console.obj
 0001:00015cd3       ?Key_KeynumToString@@YAPBDH@Z 00416cd3 f   keys.obj
 0001:00015d99       ?Draw@completeMenu_t@@UAEXXZ 00416d99 f i keys.obj
 0001:00015dca       ?KeyDown@completeMenu_t@@UAEPBDH@Z 00416dca f i keys.obj
 0001:00015df6       ?Init@completeMenu_t@@UAE_NXZ 00416df6 f i keys.obj
 0001:00015f1d       ?CompleteMenuCallback@completeMenu_t@@SAXPAX@Z 00416f1d f i keys.obj
 0001:00015fae       ?CompleteCommand@@YAXXZ    00416fae f   keys.obj
 0001:000166bf       ?Key_SetBinding@@YAXHPBD@Z 004176bf f   keys.obj
 0001:000166ff       ?Key_FindBinding@@YAHPBDPAHH@Z 004176ff f   keys.obj
 0001:0001674d       ?Key_WriteBindings@@YAXPAVCOutputDevice@@@Z 0041774d f   keys.obj
 0001:00016797       ?Key_Init@@YAXXZ           00417797 f   keys.obj
 0001:00016a7b       ?Key_Event@@YAXH_N@Z       00417a7b f   keys.obj
 0001:00016dda       ?Key_ClearStates@@YAXXZ    00417dda f   keys.obj
 0001:00016e0f       ?M_ForceMenuOn@@YAXXZ      00417e0f f   menu.obj
 0001:00016e2e       ?Draw@menuMain_t@@UAEXXZ   00417e2e f i menu.obj
 0001:00016f6a       ?KeyDown@menuMain_t@@UAEPBDH@Z 00417f6a f i menu.obj
 0001:0001702b       ?Init@menuMain_t@@UAE_NXZ  0041802b f i menu.obj
 0001:00017033       ?M_Menu_Main_f@@YAXXZ      00418033 f   menu.obj
 0001:0001704d       ?Init@multiplayerMenu_t@@UAE_NXZ 0041804d f i menu.obj
 0001:00017171       ?Init@keysMenu_t@@UAE_NXZ  00418171 f i menu.obj
 0001:0001735f       ?KeyCursorDrawFunc@keysMenu_t@@SAXPAUmenuFramework_t@@@Z 0041835f f i menu.obj
 0001:000173a2       ?DrawKeyBindingFunc@keysMenu_t@@SAXPAX@Z 004183a2 f i menu.obj
 0001:00017469       ?KeyDown@keysMenu_t@@UAEPBDH@Z 00418469 f i menu.obj
 0001:00017516       ?UnbindCommand@keysMenu_t@@QAEXPAD@Z 00418516 f i menu.obj
 0001:0001755b       ?KeyBindingFunc@keysMenu_t@@QAEXPAX@Z 0041855b f i menu.obj
 0001:000175bd       ?Init@optionsMenu_t@@UAE_NXZ 004185bd f i menu.obj
 0001:00017970       ?CrosshairFunc@optionsMenu_t@@SAXPAX@Z 00418970 f i menu.obj
 0001:00017998       ?JoystickFunc@optionsMenu_t@@SAXPAX@Z 00418998 f i menu.obj
 0001:000179ad       ?AlwaysRunFunc@optionsMenu_t@@SAXPAX@Z 004189ad f i menu.obj
 0001:000179c2       ?MouseSpeedFunc@optionsMenu_t@@SAXPAX@Z 004189c2 f i menu.obj
 0001:000179df       ?InvertMouseFunc@optionsMenu_t@@SAXPAX@Z 004189df f i menu.obj
 0001:00017a18       ?UpdateVolumeFunc@optionsMenu_t@@SAXPAX@Z 00418a18 f i menu.obj
 0001:00017a35       ?UpdateCDVolumeFunc@optionsMenu_t@@SAXPAX@Z 00418a35 f i menu.obj
 0001:00017a4f       ?SetMenuItemValues@optionsMenu_t@@SAXXZ 00418a4f f i menu.obj
 0001:00017b97       ?ResetDefaultsFunc@optionsMenu_t@@SAXPAX@Z 00418b97 f i menu.obj
 0001:00017bac       ?UpdateSoundFunc@optionsMenu_t@@SAXPAX@Z 00418bac f i menu.obj
 0001:00017db0       ?ScanCrosshairs@optionsMenu_t@@SAXXZ 00418db0 f i menu.obj
 0001:00017e0d       ?Draw@optionsMenu_t@@UAEXXZ 00418e0d f i menu.obj
 0001:00017e72       ?Draw@creditsMenu_t@@UAEXXZ 00418e72 f i menu.obj
 0001:00017f19       ?KeyDown@creditsMenu_t@@UAEPBDH@Z 00418f19 f i menu.obj
 0001:00017f59       ?Init@creditsMenu_t@@UAE_NXZ 00418f59 f i menu.obj
 0001:00017fda       ?Init@gameMenu_t@@UAE_NXZ  00418fda f i menu.obj
 0001:00018165       ?EasyGameFunc@gameMenu_t@@SAXPAX@Z 00419165 f i menu.obj
 0001:00018171       ?StartGame@gameMenu_t@@SAXPBD@Z 00419171 f i menu.obj
 0001:000181cc       ?MediumGameFunc@gameMenu_t@@SAXPAX@Z 004191cc f i menu.obj
 0001:000181d8       ?HardGameFunc@gameMenu_t@@SAXPAX@Z 004191d8 f i menu.obj
 0001:000181f4       ?Init@savegameMenu_t@@UAE_NXZ 004191f4 f i menu.obj
 0001:00018304       ?Create_Savestrings@savegameMenu_t@@QAEXXZ 00419304 f i menu.obj
 0001:000183c4       ?LoadGameCallback@savegameMenu_t@@SAXPAX@Z 004193c4 f i menu.obj
 0001:000183f1       ?SaveGameCallback@savegameMenu_t@@SAXPAX@Z 004193f1 f i menu.obj
 0001:00018414       ?Draw@savegameMenu_t@@UAEXXZ 00419414 f i menu.obj
 0001:0001842f       ?DrawSavegameShot@savegameMenu_t@@QAEXHH@Z 0041942f f i menu.obj
 0001:0001850a       ?Init@joinserverMenu_t@@UAE_NXZ 0041950a f i menu.obj
 0001:00018641       ?JoinServerFunc@joinserverMenu_t@@SAXPAX@Z 00419641 f i menu.obj
 0001:000186a6       ?SearchLocalGames@joinserverMenu_t@@SAXXZ 004196a6 f i menu.obj
 0001:00018711       ?M_AddToServerList@@YAXUnetadr_t@@PAD@Z 00419711 f   menu.obj
 0001:0001879c       ?Init@startserverMenu_t@@UAE_NXZ 0041979c f i menu.obj
 0001:00018c2a       ?DMOptionsFunc@startserverMenu_t@@SAXPAX@Z 00419c2a f i menu.obj
 0001:00018c3a       ?RulesChangeFunc@startserverMenu_t@@SAXPAX@Z 00419c3a f i menu.obj
 0001:00018cb2       ?StartServerActionFunc@startserverMenu_t@@SAXPAX@Z 00419cb2 f i menu.obj
 0001:00018cdd       ?StartServerFunc@startserverMenu_t@@SAXPAD@Z 00419cdd f i menu.obj
 0001:00018f13       ?KeyDown@startserverMenu_t@@UAEPBDH@Z 00419f13 f i menu.obj
 0001:00018f72       ?Init@dmoptionsMenu_t@@UAE_NXZ 00419f72 f i menu.obj
 0001:0001954f       ?DMFlagCallback@dmoptionsMenu_t@@SAXPAX@Z 0041a54f f i menu.obj
 0001:0001972d       ?Init@downloadOptionsMenu_t@@UAE_NXZ 0041a72d f i menu.obj
 0001:00019907       ?DownloadCallback@downloadOptionsMenu_t@@SAXPAX@Z 0041a907 f i menu.obj
 0001:00019975       ?Init@addressBookMenu_t@@UAE_NXZ 0041a975 f i menu.obj
 0001:00019a1b       ?KeyDown@addressBookMenu_t@@UAEPBDH@Z 0041aa1b f i menu.obj
 0001:00019a7a       ?Init@playerConfigMenu_t@@UAE_NXZ 0041aa7a f i menu.obj
 0001:00019fc1       ?HandednessCallback@playerConfigMenu_t@@SAXPAX@Z 0041afc1 f i menu.obj
 0001:00019fd6       ?RTypeCallback@playerConfigMenu_t@@SAXPAX@Z 0041afd6 f i menu.obj
 0001:00019feb       ?RColorCallback@playerConfigMenu_t@@SAXPAX@Z 0041afeb f i menu.obj
 0001:0001a000       ?RateCallback@playerConfigMenu_t@@SAXPAX@Z 0041b000 f i menu.obj
 0001:0001a023       ?ModelCallback@playerConfigMenu_t@@SAXPAX@Z 0041b023 f i menu.obj
 0001:0001a057       ?SkinCallback@playerConfigMenu_t@@SAXPAX@Z 0041b057 f i menu.obj
 0001:0001a05f       ?Draw@playerConfigMenu_t@@UAEXXZ 0041b05f f i menu.obj
 0001:0001a341       ?KeyDown@playerConfigMenu_t@@UAEPBDH@Z 0041b341 f i menu.obj
 0001:0001a421       ?Init@dmbrowseMenu_t@@UAE_NXZ 0041b421 f i menu.obj
 0001:0001a62a       ?KeyDown@dmbrowseMenu_t@@UAEPBDH@Z 0041b62a f i menu.obj
 0001:0001a802       ?Draw@dmbrowseMenu_t@@UAEXXZ 0041b802 f i menu.obj
 0001:0001a94f       ?DrawThumbnail@dmbrowseMenu_t@@SAXHHHHPAD_N@Z 0041b94f f i menu.obj
 0001:0001aa29       ?Init@videoMenu_t@@UAE_NXZ 0041ba29 f i menu.obj
 0001:0001b002       ?ScreenSizeCallback@videoMenu_t@@SAXPAX@Z 0041c002 f i menu.obj
 0001:0001b023       ?BrightnessCallback@videoMenu_t@@SAXPAX@Z 0041c023 f i menu.obj
 0001:0001b044       ?ContrastCallback@videoMenu_t@@SAXPAX@Z 0041c044 f i menu.obj
 0001:0001b080       ?CancelChanges@videoMenu_t@@SAXPAX@Z 0041c080 f i menu.obj
 0001:0001b0cd       ?KeyDown@videoMenu_t@@UAEPBDH@Z 0041c0cd f i menu.obj
 0001:0001b116       ?ApplyChanges@videoMenu_t@@SAXPAX@Z 0041c116 f i menu.obj
 0001:0001b2cd       ?KeyDown@quitMenu_t@@UAEPBDH@Z 0041c2cd f i menu.obj
 0001:0001b30a       ?Draw@quitMenu_t@@UAEXXZ   0041c30a f i menu.obj
 0001:0001b37a       ?M_Init@@YAXXZ             0041c37a f   menu.obj
 0001:0001b55c       ?ItemAtCursor@menuFramework_t@@QAEPAUmenuCommon_t@@XZ 0041c55c f   qmenu.obj
 0001:0001b5b0       ?AddItem@menuFramework_t@@QAEXPAUmenuCommon_t@@@Z 0041c5b0 f   qmenu.obj
 0001:0001b66c       ?AdjustCursor@menuFramework_t@@QAEXH@Z 0041c66c f   qmenu.obj
 0001:0001b7e4       ?Center@menuFramework_t@@QAEXXZ 0041c7e4 f   qmenu.obj
 0001:0001b825       ?Draw@menuFramework_t@@UAEXXZ 0041c825 f   qmenu.obj
 0001:0001bdfd       ?SelectItem@menuFramework_t@@QAE_NXZ 0041cdfd f   qmenu.obj
 0001:0001be62       ?SetStatusBar@menuFramework_t@@QAEXPBD@Z 0041ce62 f   qmenu.obj
 0001:0001be6f       ?SlideItem@menuFramework_t@@QAEXH@Z 0041ce6f f   qmenu.obj
 0001:0001c40d       ?Push@menuFramework_t@@QAEXXZ 0041d40d f   qmenu.obj
 0001:0001c48c       ?M_ForceMenuOff@@YAXXZ     0041d48c f   qmenu.obj
 0001:0001c4b9       ?Pop@menuFramework_t@@QAEXXZ 0041d4b9 f   qmenu.obj
 0001:0001c4f3       ?KeyDown@menuFramework_t@@UAEPBDH@Z 0041d4f3 f   qmenu.obj
 0001:0001c76b       ?Init@menuFramework_t@@UAE_NXZ 0041d76b f   qmenu.obj
 0001:0001c76e       ?M_Draw@@YAXXZ             0041d76e f   qmenu.obj
 0001:0001c7a9       ?M_Keydown@@YAXH@Z         0041d7a9 f   qmenu.obj
 0001:0001c7cb       ?InitRendererVars@@YAXXZ   0041d7cb f   ref_vars.obj
 0001:0001c7ea       ?S_SoundInfo_f@@YAXXZ      0041d7ea f   snd_dma.obj
 0001:0001c864       ?S_Init@@YAXXZ             0041d864 f   snd_dma.obj
 0001:0001c936       ?S_Shutdown@@YAXXZ         0041d936 f   snd_dma.obj
 0001:0001c9c9       ?S_BeginRegistration@@YAXXZ 0041d9c9 f   snd_dma.obj
 0001:0001c9d7       ?S_RegisterSound@@YAPAUsfx_t@@PBD@Z 0041d9d7 f   snd_dma.obj
 0001:0001cb82       ?S_EndRegistration@@YAXXZ  0041db82 f   snd_dma.obj
 0001:0001cc0b       ?S_PickChannel@@YAPAUchannel_t@@HH@Z 0041dc0b f   snd_dma.obj
 0001:0001cc99       ?S_Spatialize@@YAXPAUchannel_t@@@Z 0041dc99 f   snd_dma.obj
 0001:0001ce7b       ?S_AllocPlaysound@@YAPAUplaysound_t@@XZ 0041de7b f   snd_dma.obj
 0001:0001ce9d       ?S_FreePlaysound@@YAXPAUplaysound_t@@@Z 0041de9d f   snd_dma.obj
 0001:0001ced0       ?S_IssuePlaysound@@YAXPAUplaysound_t@@@Z 0041ded0 f   snd_dma.obj
 0001:0001cfa1       ?S_StartSound@@YAXPBUCVec3@@HHPAUsfx_t@@MMM@Z 0041dfa1 f   snd_dma.obj
 0001:0001d362       ?S_StartLocalSound@@YAXPBD@Z 0041e362 f   snd_dma.obj
 0001:0001d3b4       ?S_ClearBuffer@@YAXXZ      0041e3b4 f   snd_dma.obj
 0001:0001d41d       ?S_StopAllSounds_f@@YAXXZ  0041e41d f   snd_dma.obj
 0001:0001d48d       ?S_AddLoopSounds@@YAXXZ    0041e48d f   snd_dma.obj
 0001:0001d663       ?S_RawSamples@@YAXHHHHPAE@Z 0041e663 f   snd_dma.obj
 0001:0001d867       ?S_Update@@YAXABUCVec3@@0@Z 0041e867 f   snd_dma.obj
 0001:0001d93d       ?GetSoundtime@@YAXXZ       0041e93d f   snd_dma.obj
 0001:0001d9a4       ?S_Update_@@YAXXZ          0041e9a4 f   snd_dma.obj
 0001:0001dc57       ?S_LoadSound@@YAPAUsfxcache_t@@PAUsfx_t@@@Z 0041ec57 f   snd_mem.obj
 0001:0001e1e8       ?S_WriteLinearBlastStereo16@@YAXXZ 0041f1e8 f   snd_mix.obj
 0001:0001e252       ?S_TransferStereo16@@YAXPAKH@Z 0041f252 f   snd_mix.obj
 0001:0001e2bd       ?S_TransferPaintBuffer@@YAXH@Z 0041f2bd f   snd_mix.obj
 0001:0001e421       ?S_PaintChannels@@YAXH@Z   0041f421 f   snd_mix.obj
 0001:0001e69d       ?S_InitScaletable@@YAXXZ   0041f69d f   snd_mix.obj
 0001:0001e7e2       ?SV_ComputeAnimation@@YAXPAUplayer_state_t@@AAUentityStateEx_t@@PAU2@PAUedict_s@@@Z 0041f7e2 f   sv_anim.obj
 0001:0001ec9f       ?SV_ReadLevelFile@@YAXXZ   0041fc9f f   sv_ccmds.obj
 0001:0001ed4d       ?SV_AddressBanned@@YA_NPAUnetadr_t@@@Z 0041fd4d f   sv_ccmds.obj
 0001:0001ed91       ?SV_InitCommands@@YAXXZ    0041fd91 f   sv_ccmds.obj
 0001:00020217       ?sprintf@?$TString@$0CI@@@QAAHPBDZZ 00421217 f i sv_ccmds.obj
 0001:00020231       ?SV_WriteFrameToClient@@YAXPAUclient_t@@PAVsizebuf_t@@@Z 00421231 f   sv_ents.obj
 0001:00020984       ?SV_RecordDemoMessage@@YAXXZ 00421984 f   sv_ents.obj
 0001:00020b52       ?SV_MulticastOld@@YAXABUCVec3@@W4multicast_t@@@Z 00421b52 f i sv_game.obj
 0001:00020b67       ?SV_StartSoundOld@@YAXPBUCVec3@@PAUedict_s@@HHMMM@Z 00421b67 f i sv_game.obj
 0001:000215de       ?SV_InitGameLibrary@@YAX_N@Z 004225de f   sv_game.obj
 0001:000218d3       ?SV_ShutdownGameLibrary@@YAXXZ 004228d3 f   sv_game.obj
 0001:00021a30       ?SV_FindIndex@@YAHPBDHH_N@Z 00422a30 f   sv_init.obj
 0001:00021b47       ?SV_ModelIndex@@YAHPBD@Z   00422b47 f   sv_init.obj
 0001:00021b60       ?SV_SoundIndex@@YAHPBD@Z   00422b60 f   sv_init.obj
 0001:00021b7c       ?SV_ImageIndex@@YAHPBD@Z   00422b7c f   sv_init.obj
 0001:00021b98       ?SV_CreateBaseline@@YAXXZ  00422b98 f   sv_init.obj
 0001:00021c15       ?SV_SpawnServer@@YAXPAD0W4server_state_t@@_N2@Z 00422c15 f   sv_init.obj
 0001:00021f85       ?SV_InitGame@@YAXXZ        00422f85 f   sv_init.obj
 0001:000221ae       ?SV_Map@@YAX_NPBD0@Z       004231ae f   sv_init.obj
 0001:00022373       ?SV_DropClient@@YAXPAUclient_t@@PAD@Z 00423373 f   sv_main.obj
 0001:00022da8       ??0COutputDeviceMem@@QAE@H@Z 00423da8 f i sv_main.obj
 0001:00022dd9       ?Write@COutputDeviceMem@@UAEXPBD@Z 00423dd9 f i sv_main.obj
 0001:00022e60       ??_ECOutputDeviceMem@@UAEPAXI@Z 00423e60 f i sv_main.obj
 0001:00022e60       ??_GCOutputDeviceMem@@UAEPAXI@Z 00423e60 f i sv_main.obj
 0001:00022e7f       ??1COutputDeviceMem@@UAE@XZ 00423e7f f i sv_main.obj
 0001:00022e9e       ?SV_CalcPings@@YAXXZ       00423e9e f   sv_main.obj
 0001:00022f25       ?SV_GiveMsec@@YAXXZ        00423f25 f   sv_main.obj
 0001:00022f64       ?SV_ReadPackets@@YAXXZ     00423f64 f   sv_main.obj
 0001:00023177       ?SV_CheckTimeouts@@YAXXZ   00424177 f   sv_main.obj
 0001:00023288       ?SV_PostprocessFrame@@YAXXZ 00424288 f   sv_main.obj
 0001:00023764       ?SV_MulticastHook@@YAPAVsizebuf_t@@PAV1@0@Z 00424764 f   sv_main.obj
 0001:00023b54       ?SV_TraceHook@@YAXAAUtrace0_t@@ABUCVec3@@PBU2@21PAUedict_s@@H@Z 00424b54 f   sv_main.obj
 0001:00023ce2       ?SV_Frame@@YAXM@Z          00424ce2 f   sv_main.obj
 0001:00023f9f       ?SV_UserinfoChanged@@YAXPAUclient_t@@@Z 00424f9f f   sv_main.obj
 0001:00024061       ?SV_InitVars@@YAXXZ        00425061 f   sv_main.obj
 0001:00024070       ?SV_Init@@YAXXZ            00425070 f   sv_main.obj
 0001:000240c9       ?SV_Shutdown@@YAXPBD_N@Z   004250c9 f   sv_main.obj
 0001:000242d6       ?SV_ClientPrintf@@YAXPAUclient_t@@HPBDZZ 004252d6 f   sv_send.obj
 0001:00024331       ?SV_BroadcastPrintf@@YAXHPBDZZ 00425331 f   sv_send.obj
 0001:00024407       ?SV_BroadcastCommand@@YAXPBDZZ 00425407 f   sv_send.obj
 0001:00024461       ?SV_Multicast@@YAXABUCVec3@@W4multicast_t@@_N@Z 00425461 f   sv_send.obj
 0001:00024674       ?SV_StartSound@@YAXPBUCVec3@@PAUedict_s@@HHMMM_N@Z 00425674 f   sv_send.obj
 0001:0002490d       ?SV_SendClientDatagram@@YA_NPAUclient_t@@@Z 0042590d f   sv_send.obj
 0001:000249cf       ?SV_DemoCompleted@@YAXXZ   004259cf f   sv_send.obj
 0001:000249eb       ?SV_SendClientMessages@@YAXXZ 004259eb f   sv_send.obj
 0001:00024b9e       ?SV_DrawText3D@@YAXABUCVec3@@PBDI@Z 00425b9e f   sv_text.obj
 0001:00024bd6       ?SV_ClearTexts@@YAXXZ      00425bd6 f   sv_text.obj
 0001:00024bde       ?SV_DrawTexts@@YAXXZ       00425bde f   sv_text.obj
 0001:00024c33       ??0?$TTextContainer@UCSVText@@$0BAAAA@@@QAE@XZ 00425c33 f i sv_text.obj
 0001:00024c58       ?SV_TokenizeString@@YAXPBD@Z 00425c58 f   sv_tokenize.obj
 0001:00024d2f       ?SV_Argc@@YAHXZ            00425d2f f   sv_tokenize.obj
 0001:00024d35       ?SV_Argv@@YAPADH@Z         00425d35 f   sv_tokenize.obj
 0001:00024d53       ?SV_Args@@YAPADXZ          00425d53 f   sv_tokenize.obj
 0001:00025623       ?SV_Nextserver@@YAXXZ      00426623 f   sv_user.obj
 0001:000256b7       ?SV_ClientThink@@YAXPAUclient_t@@PAUusercmd_t@@@Z 004266b7 f   sv_user.obj
 0001:00025748       ?SV_ExecuteClientMessage@@YAXPAUclient_t@@@Z 00426748 f   sv_user.obj
 0001:00025a98       ?SV_ClearWorld@@YAXXZ      00426a98 f   sv_world.obj
 0001:00025bd6       ?SV_UnlinkEdict@@YAXPAUedict_s@@@Z 00426bd6 f   sv_world.obj
 0001:00025c9c       ?SV_LinkEdict@@YAXPAUedict_s@@@Z 00426c9c f   sv_world.obj
 0001:000262bc       ?SV_AreaEdicts@@YAHABUCVec3@@0PAPAUedict_s@@HH@Z 004272bc f   sv_world.obj
 0001:0002645a       ?SV_PointContents@@YAHABUCVec3@@@Z 0042745a f   sv_world.obj
 0001:00026580       ?SV_Trace@@YAXAAUtrace_t@@ABUCVec3@@1ABUCBox@@PAUedict_s@@H@Z 00427580 f   sv_world.obj
 0001:000269fd       ?InitByteDirs@@YAXXZ       004279fd f   anorms.obj
 0001:00026a3c       ?Cbuf_AddText@@YAXPBD@Z    00427a3c f   cmd.obj
 0001:00026aa2       ?Cbuf_CopyToDefer@@YAXXZ   00427aa2 f   cmd.obj
 0001:00026aea       ?Cbuf_InsertFromDefer@@YAXXZ 00427aea f   cmd.obj
 0001:00026ba6       ?Cbuf_Execute@@YAXXZ       00427ba6 f   cmd.obj
 0001:00026cb6       ?Cmd_Unalias_f@@YAX_NHPAPAD@Z 00427cb6 f   cmd.obj
 0001:00026d2e       ?Cmd_WriteAliases@@YAXPAVCOutputDevice@@@Z 00427d2e f   cmd.obj
 0001:00026d61       ?RegisterCommand@@YA_NPBDP6AXXZI@Z 00427d61 f   cmd.obj
 0001:00026e42       ?UnregisterCommand@@YA_NPBD@Z 00427e42 f   cmd.obj
 0001:00026ed3       ?ExecuteCommand@@YA_NPBD@Z 00427ed3 f   cmd.obj
 0001:00027316       ?ExecuteCommand@@YA_NPBDPBUCSimpleCommand@@H@Z 00428316 f   cmd.obj
 0001:00027758       ?CM_LoadMap@@YAPAUcmodel_t@@PBD_NPAI@Z 00428758 f   cmodel.obj
 0001:00027e7a       ?SetSignbits@cplane_t@@QAEXXZ 00428e7a f i cmodel.obj
 0001:00027eae       ?SetType@cplane_t@@QAEXXZ  00428eae f i cmodel.obj
 0001:00027f23       ?LoadLeafBrushes@@YAXPAGH@Z 00428f23 f i cmodel.obj
 0001:00028bab       ?CM_BuildBrush@@YAPAUCBrush@@HPAVCMemoryChain@@@Z 00429bab f   cmodel.obj
 0001:00028c7d       ?CM_InlineModel@@YAPAUcmodel_t@@PBD@Z 00429c7d f   cmodel.obj
 0001:00028ca8       ?CM_InlineModel@@YAPAUcmodel_t@@H@Z 00429ca8 f   cmodel.obj
 0001:00028cd0       ?CM_NumClusters@@YAHXZ     00429cd0 f   cmodel.obj
 0001:00028ce1       ?CM_NumInlineModels@@YAHXZ 00429ce1 f   cmodel.obj
 0001:00028ce7       ?CM_EntityString@@YAPBDXZ  00429ce7 f   cmodel.obj
 0001:00028ced       ?CM_LeafContents@@YAHH@Z   00429ced f   cmodel.obj
 0001:00028d17       ?CM_LeafCluster@@YAHH@Z    00429d17 f   cmodel.obj
 0001:00028d8d       ?CM_LeafArea@@YAHH@Z       00429d8d f   cmodel.obj
 0001:00028efb       ?CM_HeadnodeForBox@@YAHABUCBox@@@Z 00429efb f   cmodel.obj
 0001:00028f7e       ?CM_PointLeafnum@@YAHABUCVec3@@H@Z 00429f7e f   cmodel.obj
 0001:00029021       ?DistanceTo@cplane_t@@QBEMABUCVec3@@@Z 0042a021 f i cmodel.obj
 0001:00029066       ?CM_PointContents@@YAHABUCVec3@@H@Z 0042a066 f   cmodel.obj
 0001:000290d9       ?CM_TransformedPointContents@@YAHABUCVec3@@H00@Z 0042a0d9 f   cmodel.obj
 0001:000291ba       ?CM_TransformedPointContents@@YAHABUCVec3@@H0ABUCAxis@@@Z 0042a1ba f   cmodel.obj
 0001:00029265       ?CM_BoxLeafnums@@YAHABUCBox@@PAHH1H@Z 0042a265 f   cmodel.obj
 0001:00029378       ?BOX_ON_PLANE_SIDE@@YAHABUCBox@@ABUcplane_t@@@Z 0042a378 f i cmodel.obj
 0001:000293e3       ?CM_BoxTrace@@YAXAAUtrace_t@@ABUCVec3@@1ABUCBox@@HI@Z 0042a3e3 f   cmodel.obj
 0001:0002a150       ?CM_TransformedBoxTrace@@YAXAAUtrace_t@@ABUCVec3@@1ABUCBox@@HI11@Z 0042b150 f   cmodel.obj
 0001:0002a2c3       ?CM_TransformedBoxTrace@@YAXAAUtrace_t@@ABUCVec3@@1ABUCBox@@HI1ABUCAxis@@@Z 0042b2c3 f   cmodel.obj
 0001:0002a380       ?CM_CombineTrace@@YA_NAAUtrace_t@@ABU1@@Z 0042b380 f   cmodel.obj
 0001:0002a3cd       ?CM_ClipTraceToModels@@YAXAAUtrace_t@@ABUCVec3@@1ABUCBox@@I@Z 0042b3cd f   cmodel.obj
 0001:0002a4cf       ?CM_PointModelContents@@YAHABUCVec3@@@Z 0042b4cf f   cmodel.obj
 0001:0002a529       ?CM_BrushTrace@@YAHABUCVec3@@0PAHH@Z 0042b529 f   cmodel.obj
 0001:0002a919       ?CM_RefineBrushTrace@@YAHABUCVec3@@0PAHH@Z 0042b919 f   cmodel.obj
 0001:0002a9bf       ?CM_ClusterPVS@@YAPBEH@Z   0042b9bf f   cmodel.obj
 0001:0002aafd       ?CM_SetAreaPortalState@@YAXH_N@Z 0042bafd f   cmodel.obj
 0001:0002ab25       ?CM_AreasConnected@@YA_NHH@Z 0042bb25 f   cmodel.obj
 0001:0002ab6c       ?CM_WriteAreaBits@@YAHPAEH@Z 0042bb6c f   cmodel.obj
 0001:0002ac0e       ?CM_WritePortalState@@YAXPAU_iobuf@@@Z 0042bc0e f   cmodel.obj
 0001:0002ac2b       ?CM_ReadPortalState@@YAXPAU_iobuf@@@Z 0042bc2b f   cmodel.obj
 0001:0002ac4d       ?CM_HeadnodeVisible@@YA_NHPBE@Z 0042bc4d f   cmodel.obj
 0001:0002ad28       ?Com_DPrintf@@YAXPBDZZ     0042bd28 f   common.obj
 0001:0002ada1       ?DebugPrintf@@YAXPBDZZ     0042bda1 f   common.obj
 0001:0002ae50       ?IPWildcard@@YA_NPAUnetadr_t@@PBD@Z 0042be50 f   common.obj
 0001:0002af2a       ?Com_ServerState@@YA?AW4server_state_t@@XZ 0042bf2a f   common.obj
 0001:0002af30       ?Com_SetServerState@@YAXW4server_state_t@@@Z 0042bf30 f   common.obj
 0001:0002af3d       ?crand@@YAMXZ              0042bf3d f   common.obj
 0001:0002af5b       ?Info_ValueForKey@@YAPBDPBD0@Z 0042bf5b f   common.obj
 0001:0002afda       ?Info_SetValueForKey@@YAXPADPBD1@Z 0042bfda f   common.obj
 0001:0002b111       ?Info_Print@@YAXPBD@Z      0042c111 f   common.obj
 0001:0002b197       ?Com_CheckCmdlineVar@@YA_NPBD@Z 0042c197 f   common.obj
 0001:0002b1f0       ?Com_Init@@YAXPBD@Z        0042c1f0 f   common.obj
 0001:0002b597       ?Com_Frame@@YAXM@Z         0042c597 f   common.obj
 0001:0002b9ab       ?Com_BlockSequenceCRCByte@@YAEPAEHH@Z 0042c9ab f   crc.obj
 0001:0002ba63       ?Cvar_VariableValue@@YAMPBD@Z 0042ca63 f   cvar.obj
 0001:0002bada       ?Cvar_VariableInt@@YAHPBD@Z 0042cada f   cvar.obj
 0001:0002baf1       ?Cvar_VariableString@@YAPBDPBD@Z 0042caf1 f   cvar.obj
 0001:0002bb0d       ?Cvar_Get@@YAPAUcvar_t@@PBD0H@Z 0042cb0d f   cvar.obj
 0001:0002bdda       ?Cvar_GetVars@@YAXPBUcvarInfo_t@@H@Z 0042cdda f   cvar.obj
 0001:0002be84       ?Cvar_FullSet@@YAXPAUcvar_t@@PBDI@Z 0042ce84 f   cvar.obj
 0001:0002bea4       ?Cvar_FullSet@@YAPAUcvar_t@@PBD0I@Z 0042cea4 f   cvar.obj
 0001:0002bee4       ?Cvar_SetValue@@YAPAUcvar_t@@PBDM@Z 0042cee4 f   cvar.obj
 0001:0002c07d       ?Cvar_SetInteger@@YAPAUcvar_t@@PBDH@Z 0042d07d f   cvar.obj
 0001:0002c0a1       ?Cvar_Set@@YAPAUcvar_t@@PBD0@Z 0042d0a1 f   cvar.obj
 0001:0002c0b8       ?Cvar_ForceSet@@YAPAUcvar_t@@PBD0@Z 0042d0b8 f   cvar.obj
 0001:0002c0cf       ?Cvar_Clamp@@YAMPAUcvar_t@@MM@Z 0042d0cf f   cvar.obj
 0001:0002c12d       ?Cvar_Command@@YA_NHPAPAD@Z 0042d12d f   cvar.obj
 0001:0002c1c8       ?IsDefault@cvar_t@@QAE_NXZ 0042d1c8 f i cvar.obj
 0001:0002c1e5       ?Cvar_WriteVariables@@YAXPAVCOutputDevice@@HHPBD@Z 0042d1e5 f   cvar.obj
 0001:0002c26b       ?Cvar_BitInfo@@YAPBDI@Z    0042d26b f   cvar.obj
 0001:0002c2bd       ?Cvar_Cheats@@YAX_N@Z      0042d2bd f   cvar.obj
 0001:0002cb34       ?MSG_WriteDeltaEntity@@YAXPAVsizebuf_t@@PBUentityStateEx_t@@PAU2@_N33@Z 0042db34 f   entdelta.obj
 0001:0002d0f0       ?MSG_WriteRemoveEntity@@YAXPAVsizebuf_t@@H@Z 0042e0f0 f   entdelta.obj
 0001:0002d130       ?MSG_ReadEntityBits@@YAHPAVsizebuf_t@@PAIPA_N@Z 0042e130 f   entdelta.obj
 0001:0002d1a2       ?MSG_ReadDeltaEntity@@YAXPAVsizebuf_t@@PBUentityStateEx_t@@PAU2@I@Z 0042e1a2 f   entdelta.obj
 0001:0002d225       ?MSG_WriteDeltaUsercmd@@YAXPAVsizebuf_t@@PBUusercmd_t@@PAU2@@Z 0042e225 f   entdelta.obj
 0001:0002d2b4       ?MSG_ReadDeltaUsercmd@@YAXPAVsizebuf_t@@PBUusercmd_t@@PAU2@@Z 0042e2b4 f   entdelta.obj
 0001:0002d5b7       ?MSG_WriteDeltaPlayerstate@@YAXPAVsizebuf_t@@PBUplayer_state_t@@PAU2@@Z 0042e5b7 f   entdelta.obj
 0001:0002d6c0       ?MSG_ReadDeltaPlayerstate@@YAXPAVsizebuf_t@@PBUplayer_state_t@@PAU2@@Z 0042e6c0 f   entdelta.obj
 0001:0002d77a       ?LoadPCX@@YAPAEPBDAAH1AAPAE@Z 0042e77a f   images.obj
 0001:0002d8b5       ?LoadTGA@@YAPAEPBDAAH1@Z   0042e8b5 f   images.obj
 0001:0002db82       ?LoadJPG@@YAPAEPBDAAH1@Z   0042eb82 f   images.obj
 0001:0002de35       ?ImageExists@@YAHPBDH@Z    0042ee35 f   images.obj
 0001:0002df59       ?WriteTGA@@YA_NPBDPAEHH@Z  0042ef59 f   images.obj
 0001:0002e14d       ?WriteJPG@@YA_NPBDPAEHH_N@Z 0042f14d f   images.obj
 0001:0002e27e       ?MD4Init@@YAXPAUMD4_CTX@@@Z 0042f27e f   md4.obj
 0001:0002e2a6       ?MD4Update@@YAXPAUMD4_CTX@@PAEI@Z 0042f2a6 f   md4.obj
 0001:0002e344       ?MD4Final@@YAXQAEPAUMD4_CTX@@@Z 0042f344 f   md4.obj
 0001:0002ea35       ?Com_BlockChecksum@@YAIPAXH@Z 0042fa35 f   md4.obj
 0001:0002ea71       ?LoadQ2BspFile@@YAXXZ      0042fa71 f   model.obj
 0001:0002efb6       ?LoadQ1BspFile@@YAXXZ      0042ffb6 f   model.obj
 0001:0002f37b       ?LoadBspFile@@YAPAUbspfile_t@@PBD_NPAI@Z 0043037b f   model.obj
 0001:00030cf5       ?Init@sizebuf_t@@QAEXPAXH@Z 00431cf5 f   msg.obj
 0001:00030d12       ?Write@sizebuf_t@@QAEXPBXH@Z 00431d12 f   msg.obj
 0001:00030d84       ?MSG_WriteByte@@YAXPAVsizebuf_t@@H@Z 00431d84 f   msg.obj
 0001:00030d84       ?MSG_WriteChar@@YAXPAVsizebuf_t@@H@Z 00431d84 f   msg.obj
 0001:00030d97       ?MSG_WriteShort@@YAXPAVsizebuf_t@@H@Z 00431d97 f   msg.obj
 0001:00030daa       ?MSG_WriteLong@@YAXPAVsizebuf_t@@H@Z 00431daa f   msg.obj
 0001:00030dbd       ?MSG_WriteFloat@@YAXPAVsizebuf_t@@M@Z 00431dbd f   msg.obj
 0001:00030dd0       ?MSG_WriteString@@YAXPAVsizebuf_t@@PBD@Z 00431dd0 f   msg.obj
 0001:00030dfa       ?MSG_WritePos@@YAXPAVsizebuf_t@@ABUCVec3@@@Z 00431dfa f   msg.obj
 0001:00030e5e       ?MSG_WriteAngle@@YAXPAVsizebuf_t@@M@Z 00431e5e f   msg.obj
 0001:00030e89       ?MSG_WriteAngle16@@YAXPAVsizebuf_t@@M@Z 00431e89 f   msg.obj
 0001:00030eb4       ?MSG_WriteDir@@YAXPAVsizebuf_t@@ABUCVec3@@@Z 00431eb4 f   msg.obj
 0001:00030f1c       ?MSG_ReadDir@@YAXPAVsizebuf_t@@AAUCVec3@@@Z 00431f1c f   msg.obj
 0001:00030f4f       ?MSG_ReadChar@@YAHPAVsizebuf_t@@@Z 00431f4f f   msg.obj
 0001:00030f72       ?MSG_ReadByte@@YAHPAVsizebuf_t@@@Z 00431f72 f   msg.obj
 0001:00030f95       ?MSG_ReadShort@@YAHPAVsizebuf_t@@@Z 00431f95 f   msg.obj
 0001:00030fb8       ?MSG_ReadLong@@YAHPAVsizebuf_t@@@Z 00431fb8 f   msg.obj
 0001:00030fda       ?MSG_ReadString@@YAPADPAVsizebuf_t@@@Z 00431fda f   msg.obj
 0001:00031010       ?MSG_ReadPos@@YAXPAVsizebuf_t@@AAUCVec3@@@Z 00432010 f   msg.obj
 0001:00031062       ?MSG_ReadAngle@@YAMPAVsizebuf_t@@@Z 00432062 f   msg.obj
 0001:0003107c       ?MSG_ReadAngle16@@YAMPAVsizebuf_t@@@Z 0043207c f   msg.obj
 0001:00031096       ?MSG_ReadData@@YAXPAVsizebuf_t@@PAXH@Z 00432096 f   msg.obj
 0001:000310b9       ?Netchan_Init@@YAXXZ       004320b9 f   net_chan.obj
 0001:00031128       ?Netchan_OutOfBandPrint@@YAXW4netsrc_t@@Unetadr_t@@PBDZZ 00432128 f   net_chan.obj
 0001:000311ad       ?Setup@netchan_t@@QAEXW4netsrc_t@@Unetadr_t@@H@Z 004321ad f   net_chan.obj
 0001:00031203       ?NeedReliable@netchan_t@@QAE_NXZ 00432203 f   net_chan.obj
 0001:00031228       ?Transmit@netchan_t@@QAEXPAXH@Z 00432228 f   net_chan.obj
 0001:000313be       ?Process@netchan_t@@QAE_NPAVsizebuf_t@@@Z 004323be f   net_chan.obj
 0001:000314eb       ?Pmove@@YAXPAUpmove_t@@@Z  004324eb f   pmove.obj
 0001:0003314c       ?NormalizeColor@@YAMABUCVec3@@AAU1@@Z 0043414c f   q_shared2.obj
 0001:000331aa       ?NormalizeColor255@@YAMABUCVec3@@AAU1@@Z 004341aa f   q_shared2.obj
 0001:0003320c       ?appRsqrt@@YAMM@Z          0043420c f   q_shared2.obj
 0001:00033238       ?AngleVectors@@YAXABUCVec3@@PAU1@11@Z 00434238 f   q_shared2.obj
 0001:00033399       ?MakeNormalVectors@@YAXABUCVec3@@AAU1@1@Z 00434399 f   q_shared2.obj
 0001:00033408       ?Vec2Angles@@YAXABUCVec3@@AAU1@@Z 00434408 f   q_shared2.obj
 0001:0003350b       ?Vec2Yaw@@YAMABUCVec3@@@Z  0043450b f   q_shared2.obj
 0001:0003357e       ?VectorLength@@YAMABUCVec3@@@Z 0043457e f   q_shared2.obj
 0001:000335b0       ?VectorDistance@@YAMABUCVec3@@0@Z 004345b0 f   q_shared2.obj
 0001:000335e1       ?LerpAngle@@YAMMMM@Z       004345e1 f   q_shared2.obj
 0001:00033625       ?AngleMod@@YAMM@Z          00434625 f   q_shared2.obj
 0001:00033651       ?AngleSubtract@@YAMMM@Z    00434651 f   q_shared2.obj
 0001:0003368a       ?AnglesSubtract@@YAXABUCVec3@@0AAU1@@Z 0043468a f   q_shared2.obj
 0001:000336e3       ?Normalize@CVec3@@QAEMXZ   004346e3 f   q_shared2.obj
 0001:00033735       ?VectorNormalize@@YAMABUCVec3@@AAU1@@Z 00434735 f   q_shared2.obj
 0001:0003379f       ?NormalizeFast@CVec3@@QAEMXZ 0043479f f   q_shared2.obj
 0001:000337f0       ?cross@@YAXABUCVec3@@0AAU1@@Z 004347f0 f   q_shared2.obj
 0001:0003382c       ?Clear@CBox@@QAEXXZ        0043482c f   q_shared2.obj
 0001:0003384a       ?Expand@CBox@@QAEXABUCVec3@@@Z 0043484a f   q_shared2.obj
 0001:0003387c       ?Expand@CBox@@QAEXABU1@@Z  0043487c f   q_shared2.obj
 0001:000338bb       ?GetCenter@CBox@@QBEXAAUCVec3@@@Z 004348bb f   q_shared2.obj
 0001:000338de       ?Contains@CBox@@QBE_NABUCVec3@@@Z 004348de f   q_shared2.obj
 0001:00033912       ?Intersects@CBox@@QBE_NABU1@@Z 00434912 f   q_shared2.obj
 0001:00033951       ?OnPlaneSide@CBox@@QBEHABUcplane_t@@@Z 00434951 f   q_shared2.obj
 0001:00033a80       ?FromAngles@CAxis@@QAEXABUCVec3@@@Z 00434a80 f   q_shared2.obj
 0001:00033abf       ?TransformVector@CAxis@@QBEXABUCVec3@@AAU2@@Z 00434abf f   q_shared2.obj
 0001:00033b12       ?UnTransformVector@CAxis@@QBEXABUCVec3@@AAU2@@Z 00434b12 f   q_shared2.obj
 0001:00033b76       ?TransformAxis@CAxis@@QBEXABU1@AAU1@@Z 00434b76 f   q_shared2.obj
 0001:00033bbc       ?UnTransformAxis@CAxis@@QBEXABU1@AAU1@@Z 00434bbc f   q_shared2.obj
 0001:00033c02       ?TransformPoint@CCoords@@QBEXABUCVec3@@AAU2@@Z 00434c02 f   q_shared2.obj
 0001:00033c62       ?UnTransformPoint@CCoords@@QBEXABUCVec3@@AAU2@@Z 00434c62 f   q_shared2.obj
 0001:00033ccf       ?UnTransformCoords@CCoords@@QBEXABU1@AAU1@@Z 00434ccf f   q_shared2.obj
 0001:00033cfb       ?TransformPlane@CCoords@@QBEXABUcplane_t@@AAU2@@Z 00434cfb f   q_shared2.obj
 0001:00033d35       ?TransformPoint@@YAXABUCVec3@@ABUCAxis@@0AAU1@@Z 00434d35 f   q_shared2.obj
 0001:00033d98       ?UnTransformPoint@@YAXABUCVec3@@ABUCAxis@@0AAU1@@Z 00434d98 f   q_shared2.obj
 0001:00033e08       ?COM_Parse@@YAPADAAPBD_N@Z 00434e08 f   q_shared2.obj
 0001:00033f2a       ?COM_QuoteString@@YAPBDPBD_N@Z 00434f2a f   q_shared2.obj
 0001:00033fa3       ?FileExists@CQuakeFileSystem@@UAE_NPBDI@Z 00434fa3 f i QuakeFileSystem.obj
 0001:0003400a       ?CheckFilename@CQuakeFileSystem@@AAEXPBD@Z 0043500a f i QuakeFileSystem.obj
 0001:000340a9       ?OpenFile@CQuakeFileSystem@@UAEPAVCFile@@PBDI@Z 004350a9 f i QuakeFileSystem.obj
 0001:00034139       ?List@CQuakeFileSystem@@UAEPAVCFileList@@PBDIPAV2@@Z 00435139 f i QuakeFileSystem.obj
 0001:000341cb       ??_GCQuakeFileSystem@@UAEPAXI@Z 004351cb f i QuakeFileSystem.obj
 0001:000341cb       ??_GCFileSystem@@UAEPAXI@Z 004351cb f i QuakeFileSystem.obj
 0001:000341cb       ??_ECQuakeFileSystem@@UAEPAXI@Z 004351cb f i QuakeFileSystem.obj
 0001:000341cb       ??_ECFileSystem@@UAEPAXI@Z 004351cb f i QuakeFileSystem.obj
 0001:000341eb       ?FS_Gamedir@@YAPBDXZ       004351eb f   QuakeFileSystem.obj
 0001:000341f1       ?FS_NextPath@@YAPBDPBD@Z   004351f1 f   QuakeFileSystem.obj
 0001:00034235       ?FS_CopyFile@@YAXPBD0@Z    00435235 f   QuakeFileSystem.obj
 0001:0003430b       ?FS_CopyFiles@@YAXPBD0@Z   0043530b f   QuakeFileSystem.obj
 0001:00034425       ?FS_RemoveFiles@@YAXPBD@Z  00435425 f   QuakeFileSystem.obj
 0001:000344e0       ?InitFileSystem@@YAXXZ     004354e0 f   QuakeFileSystem.obj
 0001:00034614       ?Create@CFileContainerPak@@SAPAVCFileContainer@@PBDPAU_iobuf@@@Z 00435614 f i QuakeFileSystem.obj
 0001:0003477d       ??0CFileContainerArc@@QAE@XZ 0043577d f i QuakeFileSystem.obj
 0001:000347c4       ??_ECFileContainerArc@@UAEPAXI@Z 004357c4 f i QuakeFileSystem.obj
 0001:000347c4       ??_GCFileContainerArc@@UAEPAXI@Z 004357c4 f i QuakeFileSystem.obj
 0001:000347f3       ?GetType@CFileContainerPak@@MAEPBDXZ 004357f3 f i QuakeFileSystem.obj
 0001:000347f9       ?OpenLocalFile@CFileContainerPak@@MAEPAVCFile@@ABVCStringItem@@@Z 004357f9 f i QuakeFileSystem.obj
 0001:00034849       ?Read@CFilePak@CFileContainerPak@@UAEHPAXH@Z 00435849 f i QuakeFileSystem.obj
 0001:00034883       ?GetSize@CFilePak@CFileContainerPak@@UAEHXZ 00435883 f i QuakeFileSystem.obj
 0001:0003488a       ?Eof@CFilePak@CFileContainerPak@@UAE_NXZ 0043588a f i QuakeFileSystem.obj
 0001:00034897       ??_GCFilePak@CFileContainerPak@@UAEPAXI@Z 00435897 f i QuakeFileSystem.obj
 0001:00034897       ??_ECFilePak@CFileContainerPak@@UAEPAXI@Z 00435897 f i QuakeFileSystem.obj
 0001:000348cc       ??_ECFileContainerPak@@UAEPAXI@Z 004358cc f i QuakeFileSystem.obj
 0001:000348cc       ??_GCFileContainerPak@@UAEPAXI@Z 004358cc f i QuakeFileSystem.obj
 0001:000348fb       ?Create@CFileContainerZip@@SAPAVCFileContainer@@PBDPAU_iobuf@@@Z 004358fb f i QuakeFileSystem.obj
 0001:00034bfa       ?GetType@CFileContainerZip@@MAEPBDXZ 00435bfa f i QuakeFileSystem.obj
 0001:00034c00       ?OpenLocalFile@CFileContainerZip@@MAEPAVCFile@@ABVCStringItem@@@Z 00435c00 f i QuakeFileSystem.obj
 0001:00034c9c       ??0CFilePak@CFileContainerZip@@QAE@ABVCFileInfo@1@PAU_iobuf@@@Z 00435c9c f i QuakeFileSystem.obj
 0001:00034cee       ?Read@CFilePak@CFileContainerZip@@UAEHPAXH@Z 00435cee f i QuakeFileSystem.obj
 0001:00034e37       ?GetSize@CFilePak@CFileContainerZip@@UAEHXZ 00435e37 f i QuakeFileSystem.obj
 0001:00034e41       ?Eof@CFilePak@CFileContainerZip@@UAE_NXZ 00435e41 f i QuakeFileSystem.obj
 0001:00034e54       ??_ECFilePak@CFileContainerZip@@UAEPAXI@Z 00435e54 f i QuakeFileSystem.obj
 0001:00034e54       ??_GCFilePak@CFileContainerZip@@UAEPAXI@Z 00435e54 f i QuakeFileSystem.obj
 0001:00034e73       ??1CFilePak@CFileContainerZip@@UAE@XZ 00435e73 f i QuakeFileSystem.obj
 0001:00034ee2       ??_ECFileContainerZip@@UAEPAXI@Z 00435ee2 f i QuakeFileSystem.obj
 0001:00034ee2       ??_GCFileContainerZip@@UAEPAXI@Z 00435ee2 f i QuakeFileSystem.obj
 0001:00034f11       ?Mount@CZResource@@SAPAVCFileContainer@@PBDPBE0PAVCFileSystem@@@Z 00435f11 f i QuakeFileSystem.obj
 0001:000350bd       ?GetType@CZResource@@MAEPBDXZ 004360bd f i QuakeFileSystem.obj
 0001:000350c3       ?OpenLocalFile@CZResource@@MAEPAVCFile@@ABVCStringItem@@@Z 004360c3 f i QuakeFileSystem.obj
 0001:000350f4       ??0CFileRes@CZResource@@QAE@ABVCFileInfo@1@PBXH@Z 004360f4 f i QuakeFileSystem.obj
 0001:000351a7       ?Read@CFileRes@CZResource@@UAEHPAXH@Z 004361a7 f i QuakeFileSystem.obj
 0001:000351fa       ?GetSize@CFileRes@CZResource@@UAEHXZ 004361fa f i QuakeFileSystem.obj
 0001:00035201       ?Eof@CFileRes@CZResource@@UAE_NXZ 00436201 f i QuakeFileSystem.obj
 0001:0003520e       ??_ECFileRes@CZResource@@UAEPAXI@Z 0043620e f i QuakeFileSystem.obj
 0001:0003520e       ??_GCFileRes@CZResource@@UAEPAXI@Z 0043620e f i QuakeFileSystem.obj
 0001:00035240       ??_GCZResource@@UAEPAXI@Z  00436240 f i QuakeFileSystem.obj
 0001:00035240       ??_ECZResource@@UAEPAXI@Z  00436240 f i QuakeFileSystem.obj
 0001:0003526f       ?MountGame@CQuakeFileSystem@@QAEXPBD@Z 0043626f f i QuakeFileSystem.obj
 0001:000352ba       ?SetGameDir@CQuakeFileSystem@@QAE_NPBD@Z 004362ba f i QuakeFileSystem.obj
 0001:000354bc       ?FS_Tick@@YAXXZ            004364bc f   QuakeFileSystem.obj
 0001:00035609       ??0CBrush@@QAE@ABUCBox@@@Z 00436609 f   MapBrush.obj
 0001:00035762       ?Split@CBrush@@QAEPAU1@PAUcplane_t@@@Z 00436762 f   MapBrush.obj
 0001:000361b4       ?GetVec@CAllocVertexPool@@QAEPAUCVec3@@ABU2@@Z 004371b4 f i MapBrush.obj
 0001:00036248       ?GetBounds@CBrush@@QAEXAAUCBox@@@Z 00437248 f   MapBrush.obj
 0001:000362ca       ?AddBevels@CBrush@@QAEXP6APAUcplane_t@@ABUCVec3@@M@Z@Z 004372ca f   MapBrush.obj
 0001:000365be       ?Negate@CVec3@@QAEXXZ      004375be f i MapBrush.obj
 0001:000365cc       ?CDAudio_Play@@YAXH_N@Z    004375cc f   cd_win.obj
 0001:000367bf       ?CDAudio_Stop@@YAXXZ       004377bf f   cd_win.obj
 0001:00036880       ?CDAudio_Update@@YAXXZ     00437880 f   cd_win.obj
 0001:00036923       ?CDAudio_Init@@YA_NXZ      00437923 f   cd_win.obj
 0001:00036d44       ?CDAudio_Shutdown@@YAXXZ   00437d44 f   cd_win.obj
 0001:00036d67       ?CDAudio_Activate@@YAX_N@Z 00437d67 f   cd_win.obj
 0001:00036d7e       ?IN_Init@@YAXXZ            00437d7e f   in_win.obj
 0001:0003700b       ?IN_Shutdown@@YAXXZ        0043800b f   in_win.obj
 0001:0003726c       ?IN_Activate@@YAX_N@Z      0043826c f   in_win.obj
 0001:00037279       ?IN_Frame@@YAXXZ           00438279 f   in_win.obj
 0001:000375db       ?IN_Move@@YAXPAUusercmd_t@@@Z 004385db f   in_win.obj
 0001:00037a86       ?NET_CompareAdr@@YA_NPAUnetadr_t@@0@Z 00438a86 f   net_wins.obj
 0001:00037ac1       ?NET_CompareBaseAdr@@YA_NPAUnetadr_t@@0@Z 00438ac1 f   net_wins.obj
 0001:00037aee       ?NET_AdrToString@@YAPBDPAUnetadr_t@@@Z 00438aee f   net_wins.obj
 0001:00037b34       ?NET_StringToAdr@@YA_NPBDPAUnetadr_t@@F@Z 00438b34 f   net_wins.obj
 0001:00037c4a       ?NET_IsLocalAddress@@YA_NPAUnetadr_t@@@Z 00438c4a f   net_wins.obj
 0001:00037c59       ?NET_GetPacket@@YA_NW4netsrc_t@@PAUnetadr_t@@PAVsizebuf_t@@@Z 00438c59 f   net_wins.obj
 0001:00037dd8       ?NET_SendPacket@@YAXW4netsrc_t@@HPAXUnetadr_t@@@Z 00438dd8 f   net_wins.obj
 0001:00037ef6       ?NET_Config@@YAX_N@Z       00438ef6 f   net_wins.obj
 0001:000380d1       ?NET_Init@@YAXXZ           004390d1 f   net_wins.obj
 0001:00038184       ?SNDDMA_Init@@YA_NXZ       00439184 f   snd_win.obj
 0001:000387cf       ?SNDDMA_GetDMAPos@@YAHXZ   004397cf f   snd_win.obj
 0001:00038819       ?SNDDMA_BeginPainting@@YAXXZ 00439819 f   snd_win.obj
 0001:00038938       ?SNDDMA_Submit@@YAXXZ      00439938 f   snd_win.obj
 0001:0003895d       ?SNDDMA_Shutdown@@YAXXZ    0043995d f   snd_win.obj
 0001:00038962       ?S_Activate@@YAX_N@Z       00439962 f   snd_win.obj
 0001:000389b5       ?Write@COutputDeviceWin32Console@@UAEXPBD@Z 004399b5 f i sys_win.obj
 0001:00038a2d       ?EraseInput@COutputDeviceWin32Console@@QAEXXZ 00439a2d f i sys_win.obj
 0001:00038ab3       ??_ECOutputDeviceWin32Console@@UAEPAXI@Z 00439ab3 f i sys_win.obj
 0001:00038ab3       ??_GCOutputDeviceWin32Console@@UAEPAXI@Z 00439ab3 f i sys_win.obj
 0001:00038ad3       ?Sys_ConsoleInput@@YAPADXZ 00439ad3 f   sys_win.obj
 0001:00038d5c       ?Sys_ProcessMessages@@YAXXZ 00439d5c f   sys_win.obj
 0001:00038e15       _WinMain@16                00439e15 f   sys_win.obj
 0001:00039112       ??_GCOutputDeviceCon@@UAEPAXI@Z 0043a112 f i sys_win.obj
 0001:00039112       ??_ECOutputDeviceCon@@UAEPAXI@Z 0043a112 f i sys_win.obj
 0001:000391ba       ?Init@COutputDeviceWin32Console@@QAEXXZ 0043a1ba f i sys_win.obj
 0001:000391e4       ?AddMsgHook@@YAXP6A_NIIJ@Z@Z 0043a1e4 f   vid_dll.obj
 0001:0003922b       ?RemoveMsgHook@@YAXP6A_NIIJ@Z@Z 0043a22b f   vid_dll.obj
 0001:0003925e       ?Vid_CreateWindow@@YAPAXHH_N@Z 0043a25e f   vid_dll.obj
 0001:00039980       ?Vid_DestroyWindow@@YAX_N@Z 0043a980 f   vid_dll.obj
 0001:000399bf       ?Vid_Restart@@YAXXZ        0043a9bf f   vid_dll.obj
 0001:000399cb       ?Vid_GetModeInfo@@YA_NPAH0H@Z 0043a9cb f   vid_dll.obj
 0001:000399fd       ?Vid_Tick@@YAXXZ           0043a9fd f   vid_dll.obj
 0001:00039bae       ?Vid_Init@@YAXXZ           0043abae f   vid_dll.obj
 0001:00039c51       ?Vid_Shutdown@@YAXXZ       0043ac51 f   vid_dll.obj
 0001:00039c70       ?BK_FlushShader@OpenGLDrv@@YAXXZ 0043ac70 f   gl_backend.obj
 0001:0003c44c       ?Tesselate@surfacePlanar_t@OpenGLDrv@@UAEXAAUrefEntity_t@2@@Z 0043d44c f   gl_backend.obj
 0001:0003c5b2       ?Tesselate@surfacePoly_t@OpenGLDrv@@UAEXAAUrefEntity_t@2@@Z 0043d5b2 f   gl_backend.obj
 0001:0003c6b9       ?Tesselate@surfaceMd3_t@OpenGLDrv@@UAEXAAUrefEntity_t@2@@Z 0043d6b9 f   gl_backend.obj
 0001:0003cc67       ?DrawBrush@OpenGLDrv@@YAXPBUCBrush@@PBDH@Z 0043dc67 f   gl_backend.obj
 0001:0003ccca       ?Tesselate@surfaceEntity_t@OpenGLDrv@@UAEXAAUrefEntity_t@2@@Z 0043dcca f   gl_backend.obj
 0001:0003cdae       ?Tesselate@surfaceParticle_t@OpenGLDrv@@UAEXAAUrefEntity_t@2@@Z 0043ddae f   gl_backend.obj
 0001:0003cffe       ?BK_DrawScene@OpenGLDrv@@YAXXZ 0043dffe f   gl_backend.obj
 0001:0003d80b       ?BK_DrawPic@OpenGLDrv@@YAXPAVshader_t@1@HHHHMMMMIE@Z 0043e80b f   gl_backend.obj
 0001:0003d9ec       ?BK_DrawText@OpenGLDrv@@YAXPBDHHHHHI@Z 0043e9ec f   gl_backend.obj
 0001:0003dbe1       ?BK_BeginFrame@OpenGLDrv@@YAXXZ 0043ebe1 f   gl_backend.obj
 0001:0003dc45       ?BK_EndFrame@OpenGLDrv@@YAXXZ 0043ec45 f   gl_backend.obj
 0001:0003dc84       ?BK_Init@OpenGLDrv@@YAXXZ  0043ec84 f   gl_backend.obj
 0001:0003dcb3       ?BK_Shutdown@OpenGLDrv@@YAXXZ 0043ecb3 f   gl_backend.obj
 0001:0003dccb       ?AllocDynamicMemory@OpenGLDrv@@YAPAXH@Z 0043eccb f   gl_buffers.obj
 0001:0003dd39       ?ResizeDynamicMemory@OpenGLDrv@@YAXPAXH@Z 0043ed39 f   gl_buffers.obj
 0001:0003dd7d       ?AddSurfaceToPortal@OpenGLDrv@@YAXPAVsurfaceBase_t@1@PAVshader_t@1@HH@Z 0043ed7d f   gl_buffers.obj
 0001:0003ddee       ?InsertShaderIndex@OpenGLDrv@@YAXH@Z 0043edee f   gl_buffers.obj
 0001:0003de2a       ?ClearPortal@OpenGLDrv@@YAXXZ 0043ee2a f   gl_buffers.obj
 0001:0003de48       ?SortSurfaces@OpenGLDrv@@YAXPAUviewPortal_t@1@PAPAUsurfaceInfo_t@1@@Z 0043ee48 f   gl_buffers.obj
 0001:0003dfda       ?ClearBuffers@OpenGLDrv@@YAXXZ 0043efda f   gl_buffers.obj
 0001:0003dff1       ?CreateBuffers@OpenGLDrv@@YAXXZ 0043eff1 f   gl_buffers.obj
 0001:0003e017       ?FreeBuffers@OpenGLDrv@@YAXXZ 0043f017 f   gl_buffers.obj
 0001:0003e03b       ?InitEntity@model_t@OpenGLDrv@@UAE_NPAUentity_t@@PAUrefEntity_t@2@@Z 0043f03b f   gl_frontend.obj
 0001:0003e040       ?AddSurfaces@model_t@OpenGLDrv@@UAEXPAUrefEntity_t@2@@Z 0043f040 f   gl_frontend.obj
 0001:0003e071       ?GetLeaf@model_t@OpenGLDrv@@UAEPAUnode_t@2@PAUrefEntity_t@2@@Z 0043f071 f   gl_frontend.obj
 0001:0003e085       ?DrawLabel@model_t@OpenGLDrv@@UAEXPAUrefEntity_t@2@@Z 0043f085 f   gl_frontend.obj
 0001:0003e088       ?InitEntity@inlineModel_t@OpenGLDrv@@UAE_NPAUentity_t@@PAUrefEntity_t@2@@Z 0043f088 f   gl_frontend.obj
 0001:0003e0f5       ?AddSurfaces@inlineModel_t@OpenGLDrv@@UAEXPAUrefEntity_t@2@@Z 0043f0f5 f   gl_frontend.obj
 0001:0003e5fe       ?GetLeaf@inlineModel_t@OpenGLDrv@@UAEPAUnode_t@2@PAUrefEntity_t@2@@Z 0043f5fe f   gl_frontend.obj
 0001:0003e7a6       ?DrawLabel@inlineModel_t@OpenGLDrv@@UAEXPAUrefEntity_t@2@@Z 0043f7a6 f   gl_frontend.obj
 0001:0003e7ef       ?InitEntity@md3Model_t@OpenGLDrv@@UAE_NPAUentity_t@@PAUrefEntity_t@2@@Z 0043f7ef f   gl_frontend.obj
 0001:0003e9cd       ?AddSurfaces@md3Model_t@OpenGLDrv@@UAEXPAUrefEntity_t@2@@Z 0043f9cd f   gl_frontend.obj
 0001:0003eb07       ?GetLeaf@md3Model_t@OpenGLDrv@@UAEPAUnode_t@2@PAUrefEntity_t@2@@Z 0043fb07 f   gl_frontend.obj
 0001:0003eb42       ?DrawLabel@md3Model_t@OpenGLDrv@@UAEXPAUrefEntity_t@2@@Z 0043fb42 f   gl_frontend.obj
 0001:0003ebab       ?InitEntity@sprModel_t@OpenGLDrv@@UAE_NPAUentity_t@@PAUrefEntity_t@2@@Z 0043fbab f   gl_frontend.obj
 0001:0003ebce       ?AddSurfaces@sprModel_t@OpenGLDrv@@UAEXPAUrefEntity_t@2@@Z 0043fbce f   gl_frontend.obj
 0001:0003ed51       ?GetLeaf@sprModel_t@OpenGLDrv@@UAEPAUnode_t@2@PAUrefEntity_t@2@@Z 0043fd51 f   gl_frontend.obj
 0001:0003ee35       ?AddEntity@OpenGLDrv@@YAXPAUentity_t@@@Z 0043fe35 f   gl_frontend.obj
 0001:0003efee       ?AddDlight@OpenGLDrv@@YAXPAUdlight_t@@@Z 0043ffee f   gl_frontend.obj
 0001:0003f1a6       ?DrawPortal@OpenGLDrv@@YAXXZ 004401a6 f   gl_frontend.obj
 0001:0004123c       ?GL_TextureMode@OpenGLDrv@@YAXPBD@Z 0044223c f   gl_image.obj
 0001:000412e7       ?CreateImage@OpenGLDrv@@YAPAVimage_t@1@PBDPAXHHI@Z 004422e7 f   gl_image.obj
 0001:0004208b       ?CreateImage8@OpenGLDrv@@YAPAVimage_t@1@PBDPAXHHIPAI@Z 0044308b f   gl_image.obj
 0001:0004216a       ?LoadDelayedImages@OpenGLDrv@@YAXXZ 0044316a f   gl_image.obj
 0001:000421fd       ?DrawStretchRaw8@OpenGLDrv@@YAXHHHHHHPAEPAI@Z 004431fd f   gl_image.obj
 0001:00042530       ?SetupGamma@OpenGLDrv@@YAXXZ 00443530 f   gl_image.obj
 0001:00042676       ?PerformScreenshot@OpenGLDrv@@YAXXZ 00443676 f   gl_image.obj
 0001:000428e7       ?InitImages@OpenGLDrv@@YAXXZ 004438e7 f   gl_image.obj
 0001:000430c0       ?ShutdownImages@OpenGLDrv@@YAXXZ 004440c0 f   gl_image.obj
 0001:00043127       ?ShowImages@OpenGLDrv@@YAXXZ 00444127 f   gl_image.obj
 0001:000433b3       ?FindImage@OpenGLDrv@@YAPAVimage_t@1@PBDI@Z 004443b3 f   gl_image.obj
 0001:00043720       ?GL_Lock@OpenGLDrv@@YAXXZ  00444720 f   gl_interface.obj
 0001:00043798       ?GL_Unlock@OpenGLDrv@@YAXXZ 00444798 f   gl_interface.obj
 0001:0004395a       ?GL_Bind@OpenGLDrv@@YAXPBVimage_t@1@@Z 0044495a f   gl_interface.obj
 0001:00043aef       ?GL_BindForce@OpenGLDrv@@YAXPBVimage_t@1@@Z 00444aef f   gl_interface.obj
 0001:00043b87       ?GL_TexEnv@OpenGLDrv@@YAXI@Z 00444b87 f   gl_interface.obj
 0001:00043d06       ?GL_TexMipBias@OpenGLDrv@@YAXM@Z 00444d06 f   gl_interface.obj
 0001:00043d62       ?GL_TexEnvColor@OpenGLDrv@@YAXPBTcolor_t@@@Z 00444d62 f   gl_interface.obj
 0001:00043e12       ?GL_SelectTexture@OpenGLDrv@@YAXH@Z 00444e12 f   gl_interface.obj
 0001:00043e75       ?GL_TexCoordPointer@OpenGLDrv@@YAXPAX@Z 00444e75 f   gl_interface.obj
 0001:00043ea8       ?GL_SetMultitexture@OpenGLDrv@@YAXH@Z 00444ea8 f   gl_interface.obj
 0001:00043f99       ?GL_DisableTexCoordArrays@OpenGLDrv@@YAXXZ 00444f99 f   gl_interface.obj
 0001:00043fed       ?GL_CullFace@OpenGLDrv@@YAXW4gl_cullMode_t@1@@Z 00444fed f   gl_interface.obj
 0001:00044041       ?GL_DepthRange@OpenGLDrv@@YAXW4gl_depthMode_t@1@@Z 00445041 f   gl_interface.obj
 0001:00044077       ?GL_State@OpenGLDrv@@YAXI@Z 00445077 f   gl_interface.obj
 0001:000441c7       ?GL_EnableFog@OpenGLDrv@@YAX_N@Z 004451c7 f   gl_interface.obj
 0001:000442a1       ?GL_SetDefaultState@OpenGLDrv@@YAXXZ 004452a1 f   gl_interface.obj
 0001:000443f8       ?GL_Set2DMode@OpenGLDrv@@YAXXZ 004453f8 f   gl_interface.obj
 0001:000444f3       ?GL_Set3DMode@OpenGLDrv@@YAXPAUviewPortal_t@1@@Z 004454f3 f   gl_interface.obj
 0001:000445de       ?Show@CPointLight@OpenGLDrv@@UBEXXZ 004455de f   gl_light.obj
 0001:000447e8       ?Show@CSurfLight@OpenGLDrv@@UBEXXZ 004457e8 f   gl_light.obj
 0001:00044942       ?ShowLights@OpenGLDrv@@YAXXZ 00445942 f   gl_light.obj
 0001:000449b1       ?Init@CPointLight@OpenGLDrv@@UAEXXZ 004459b1 f   gl_light.obj
 0001:000449c6       ?Init@CLightLinear@OpenGLDrv@@EAEXXZ 004459c6 f   gl_light.obj
 0001:000449fa       ?GetScale@CLightLinear@OpenGLDrv@@EBEMM@Z 004459fa f   gl_light.obj
 0001:00044a0a       ?Init@CLightInv@OpenGLDrv@@EAEXXZ 00445a0a f   gl_light.obj
 0001:00044a26       ?GetScale@CLightInv@OpenGLDrv@@EBEMM@Z 00445a26 f   gl_light.obj
 0001:00044a42       ?Init@CLightInv2@OpenGLDrv@@EAEXXZ 00445a42 f   gl_light.obj
 0001:00044aac       ?GetScale@CLightInv2@OpenGLDrv@@EBEMM@Z 00445aac f   gl_light.obj
 0001:00044ace       ?Init@CLightNofade@OpenGLDrv@@EAEXXZ 00445ace f   gl_light.obj
 0001:00044adf       ?GetScale@CLightNofade@OpenGLDrv@@EBEMM@Z 00445adf f   gl_light.obj
 0001:00044ae5       ?Add@CPointLight@OpenGLDrv@@UBEXABUCVec3@@ABUCAxis@@@Z 00445ae5 f   gl_light.obj
 0001:00044f31       ?Init@CSurfLight@OpenGLDrv@@UAEXXZ 00445f31 f   gl_light.obj
 0001:0004500a       ?Add@CSurfLight@OpenGLDrv@@UBEXABUCVec3@@ABUCAxis@@@Z 0044600a f   gl_light.obj
 0001:0004541d       ?LightForEntity@OpenGLDrv@@YAXPAUrefEntity_t@1@@Z 0044641d f   gl_light.obj
 0001:00045dc6       ?DiffuseLight@OpenGLDrv@@YAXPATcolor_t@@M@Z 00446dc6 f   gl_light.obj
 0001:00046012       ?InitLightGrid@OpenGLDrv@@YAXXZ 00447012 f   gl_light.obj
 0001:000460b8       ?PostLoadLights@OpenGLDrv@@YAXXZ 004470b8 f   gl_light.obj
 0001:00046172       ?LM_Init@OpenGLDrv@@YAXXZ  00447172 f   gl_lightmap.obj
 0001:00046188       ?LM_Flush@OpenGLDrv@@YAXPAUlightmapBlock_t@1@@Z 00447188 f   gl_lightmap.obj
 0001:000461e8       ?LM_Done@OpenGLDrv@@YAXXZ  004471e8 f   gl_lightmap.obj
 0001:0004620f       ?LM_Save@OpenGLDrv@@YAXPAUlightmapBlock_t@1@@Z 0044720f f   gl_lightmap.obj
 0001:0004622a       ?LM_Restore@OpenGLDrv@@YAXPAUlightmapBlock_t@1@@Z 0044722a f   gl_lightmap.obj
 0001:00046245       ?LM_NewBlock@OpenGLDrv@@YAPAUlightmapBlock_t@1@XZ 00447245 f   gl_lightmap.obj
 0001:000462a4       ?LM_Rewind@OpenGLDrv@@YAXXZ 004472a4 f   gl_lightmap.obj
 0001:000462ac       ?LM_NextBlock@OpenGLDrv@@YAPAUlightmapBlock_t@1@XZ 004472ac f   gl_lightmap.obj
 0001:000462d9       ?LM_CheckMinlight@OpenGLDrv@@YAXPAUdynamicLightmap_t@1@@Z 004472d9 f   gl_lightmap.obj
 0001:0004636f       ?LM_AllocBlock@OpenGLDrv@@YA_NPAUlightmapBlock_t@1@PAUdynamicLightmap_t@1@@Z 0044736f f   gl_lightmap.obj
 0001:00046495       ?LM_PutBlock@OpenGLDrv@@YAXPAUdynamicLightmap_t@1@@Z 00447495 f   gl_lightmap.obj
 0001:00046909       ?LM_PutBlock1@OpenGLDrv@@YAXPAUdynamicLightmap_t@1@@Z 00447909 f   gl_lightmap.obj
 0001:00046a5a       ?LM_SortLightStyles@OpenGLDrv@@YAXPAUdynamicLightmap_t@1@@Z 00447a5a f   gl_lightmap.obj
 0001:00046aec       ?UpdateDynamicLightmap@OpenGLDrv@@YAXPAVsurfacePlanar_t@1@_NI@Z 00447aec f   gl_lightmap.obj
 0001:00047332       ?LM_IsMonotone@OpenGLDrv@@YA_NPAUdynamicLightmap_t@1@PATcolor_t@@@Z 00448332 f   gl_lightmap.obj
 0001:00047439       ?Init@OpenGLDrv@@YA_NXZ    00448439 f   gl_main.obj
 0001:00047b2c       ?Shutdown@OpenGLDrv@@YAX_N@Z 00448b2c f   gl_main.obj
 0001:00047bb5       ?GL_EnableRendering@OpenGLDrv@@YAX_N@Z 00448bb5 f   gl_main.obj
 0001:00047bd3       ?BeginFrame@OpenGLDrv@@YAXN@Z 00448bd3 f   gl_main.obj
 0001:00047d00       ?EndFrame@OpenGLDrv@@YAXXZ 00448d00 f   gl_main.obj
 0001:00047d18       ?RenderFrame@OpenGLDrv@@YAXPAUrefdef_t@@@Z 00448d18 f   gl_main.obj
 0001:0004866c       ?Fill8@OpenGLDrv@@YAXHHHHH@Z 0044966c f   gl_main.obj
 0001:000486af       ?Fill@OpenGLDrv@@YAXHHHHI@Z 004496af f   gl_main.obj
 0001:000486eb       ?TileClear@OpenGLDrv@@YAXHHHHPBD@Z 004496eb f   gl_main.obj
 0001:0004878c       ?DrawStretchPic@OpenGLDrv@@YAXHHHHPBD@Z 0044978c f   gl_main.obj
 0001:000487d1       ?DrawDetailedPic@OpenGLDrv@@YAXHHHHPBD@Z 004497d1 f   gl_main.obj
 0001:0004887b       ?DrawPic@OpenGLDrv@@YAXHHPBDHH@Z 0044987b f   gl_main.obj
 0001:00048903       ?LoadNewWorld@OpenGLDrv@@YAXPBD@Z 00449903 f   gl_main.obj
 0001:00048938       ?DumpLoadStats@OpenGLDrv@@YAXXZ 00449938 f   gl_main.obj
 0001:000489be       ?FinishLoadingWorld@OpenGLDrv@@YAXXZ 004499be f   gl_main.obj
 0001:000489c3       ?RegisterPic@OpenGLDrv@@YAPAVCBasicImage@@PBD@Z 004499c3 f   gl_main.obj
 0001:000489d7       ?RegisterSkin@OpenGLDrv@@YAPAVCBasicImage@@PBD_N@Z 004499d7 f   gl_main.obj
 0001:000489f7       ?RegisterModel@OpenGLDrv@@YAPAVCRenderModel@@PBD@Z 004499f7 f   gl_main.obj
 0001:00048a05       ?SetSky@OpenGLDrv@@YAXPBDMABUCVec3@@@Z 00449a05 f   gl_main.obj
 0001:00048adf       ?Screenshot@OpenGLDrv@@YAXHPBD@Z 00449adf f   gl_main.obj
 0001:00048b08       ?GetClientLight@OpenGLDrv@@YAMXZ 00449b08 f   gl_main.obj
 0001:00048b0f       ?InitFuncTables@OpenGLDrv@@YAXXZ 00449b0f f   gl_math.obj
 0001:00048cb5       ?BuildRotationAxis@OpenGLDrv@@YAXAAUCAxis@@ABUCVec3@@M@Z 00449cb5 f   gl_math.obj
 0001:00048dac       ?GetBoxRect@OpenGLDrv@@YA_NPBUrefEntity_t@1@ABUCVec3@@QAM2_N@Z 00449dac f   gl_math.obj
 0001:000490b6       ?ProjectToScreen@OpenGLDrv@@YA_NABUCVec3@@QAH@Z 0044a0b6 f   gl_math.obj
 0001:000491f9       ?SaturateColor3f@OpenGLDrv@@YAXAAUCVec3@@@Z 0044a1f9 f   gl_math.obj
 0001:000492e9       ?SaturateColor4b@OpenGLDrv@@YAXPATcolor_t@@@Z 0044a2e9 f   gl_math.obj
 0001:000493f7       ?SubdividePlane@OpenGLDrv@@YAHPAPAUCVec3@@HM@Z 0044a3f7 f   gl_poly.obj
 0001:000498d6       ?FreeSubdividedPlane@OpenGLDrv@@YAXXZ 0044a8d6 f   gl_poly.obj
 0001:000498ee       ?GetSubdivideIndexes@OpenGLDrv@@YAXPAH@Z 0044a8ee f   gl_poly.obj
 0001:00049944       ?RemoveCollinearPoints@OpenGLDrv@@YAHPAPAUCVec3@@H@Z 0044a944 f   gl_poly.obj
 0001:00049a3a       ?GetPolyArea@OpenGLDrv@@YAMPAPAUCVec3@@H@Z 0044aa3a f   gl_poly.obj
 0001:00049ace       ?InitShaders@OpenGLDrv@@YAXXZ 0044aace f   gl_shader.obj
 0001:00049c6c       ?ShutdownShaders@OpenGLDrv@@YAXXZ 0044ac6c f   gl_shader.obj
 0001:00049caa       ?GetLightmapImage@OpenGLDrv@@YAPAVimage_t@1@H@Z 0044acaa f   gl_shader.obj
 0001:00049cd5       ?SetShaderLightmap@OpenGLDrv@@YAPAVshader_t@1@PAV21@H@Z 0044acd5 f   gl_shader.obj
 0001:00049fef       ??4shader_t@OpenGLDrv@@QAEAAV01@ABV01@@Z 0044afef f i gl_shader.obj
 0001:0004a243       ?SetShaderLightstyles@OpenGLDrv@@YAPAVshader_t@1@PAV21@I_N@Z 0044b243 f   gl_shader.obj
 0001:0004a2f5       ?GetAlphaShader@OpenGLDrv@@YAPAVshader_t@1@PAV21@@Z 0044b2f5 f   gl_shader.obj
 0001:0004a756       ?SetShaderAnimFreq@OpenGLDrv@@YAXPAVshader_t@1@H@Z 0044b756 f   gl_shader.obj
 0001:0004a7ac       ?FindShader@OpenGLDrv@@YAPAVshader_t@1@PBDI@Z 0044b7ac f   gl_shader.obj
 0001:0004c2be       ?GetShaderByNum@OpenGLDrv@@YAPAVshader_t@1@H@Z 0044d2be f   gl_shader.obj
 0001:0004c2e0       ?ResetShaders@OpenGLDrv@@YAXXZ 0044d2e0 f   gl_shader.obj
 0001:0004c518       ?Reload@shader_t@OpenGLDrv@@UAEXXZ 0044d518 f   gl_shader.obj
 0001:0004c547       ?ClearSky@OpenGLDrv@@YAXXZ 0044d547 f   gl_sky.obj
 0001:0004c5a4       ?AddSkySurface@OpenGLDrv@@YAXPAVsurfacePlanar_t@1@E@Z 0044d5a4 f   gl_sky.obj
 0001:0004cb6c       ?DrawSky@OpenGLDrv@@YAXXZ  0044db6c f   gl_sky.obj
 0001:0004d36a       ?DrawChar@OpenGLDrv@@YAXHHHH@Z 0044e36a f   gl_text.obj
 0001:0004d3c4       ?ClearTexts@OpenGLDrv@@YAXXZ 0044e3c4 f   gl_text.obj
 0001:0004d3d9       ?FlushTexts@OpenGLDrv@@YAXXZ 0044e3d9 f   gl_text.obj
 0001:0004d485       ?DrawTextPos@OpenGLDrv@@YAXHHPBDI@Z 0044e485 f   gl_text.obj
 0001:0004d4b1       ?DrawTextLeft@OpenGLDrv@@YAXPBDI@Z 0044e4b1 f   gl_text.obj
 0001:0004d539       ?DrawTextRight@OpenGLDrv@@YAXPBDI@Z 0044e539 f   gl_text.obj
 0001:0004d583       ?DrawText3D@OpenGLDrv@@YAXABUCVec3@@PBDI@Z 0044e583 f   gl_text.obj
 0001:0004d5b0       ?InitTexts@OpenGLDrv@@YAXXZ 0044e5b0 f   gl_text.obj
 0001:0004d5ca       ??0?$TTextContainer@UCRText@OpenGLDrv@@$0BAAAA@@@QAE@XZ 0044e5ca f i gl_text.obj
 0001:0004d5ef       ?FindModel@OpenGLDrv@@YAPAVmodel_t@1@PBD@Z 0044e5ef f   gl_model.obj
 0001:0004d7cb       ?FreeModels@OpenGLDrv@@YAXXZ 0044e7cb f   gl_model.obj
 0001:0004d83d       ?InitModels@OpenGLDrv@@YAXXZ 0044e83d f   gl_model.obj
 0001:0004d933       ?ShutdownModels@OpenGLDrv@@YAXXZ 0044e933 f   gl_model.obj
 0001:0004d944       ?LoadWorldMap@OpenGLDrv@@YAXPBD@Z 0044e944 f   gl_bspmodel.obj
 0001:0004ddc2       ?GetName@CLightLinear@OpenGLDrv@@EBEPBDXZ 0044edc2 f i gl_bspmodel.obj
 0001:0004ddc8       ?GetName@CLightInv@OpenGLDrv@@EBEPBDXZ 0044edc8 f i gl_bspmodel.obj
 0001:0004ddce       ?GetName@CLightInv2@OpenGLDrv@@EBEPBDXZ 0044edce f i gl_bspmodel.obj
 0001:0004ddd4       ?GetName@CLightNofade@OpenGLDrv@@EBEPBDXZ 0044edd4 f i gl_bspmodel.obj
 0001:0004fe65       ?PointInLeaf@OpenGLDrv@@YAPAUnode_t@1@ABUCVec3@@@Z 00450e65 f   gl_bspmodel.obj
 0001:0004feb0       ?LerpTag@model_t@OpenGLDrv@@UBE_NHHMPBDAAUCCoords@@@Z 00450eb0 f   gl_trimodel.obj
 0001:0004febe       ?LerpTag@md3Model_t@OpenGLDrv@@UBE_NHHMPBDAAUCCoords@@@Z 00450ebe f   gl_trimodel.obj
 0001:0004ffce       ?LoadMd2@OpenGLDrv@@YAPAVmd3Model_t@1@PBDPAEI@Z 00450fce f   gl_trimodel.obj
 0001:00050b63       ?ATAN2_FUNC@OpenGLDrv@@YAMMM@Z 00451b63 f i gl_trimodel.obj
 0001:00050d19       ?LoadMd3@OpenGLDrv@@YAPAVmd3Model_t@1@PBDPAEI@Z 00451d19 f   gl_trimodel.obj
 0001:000511fa       ?LoadSp2@OpenGLDrv@@YAPAVsprModel_t@1@PBDPAEI@Z 004521fa f   gl_trimodel.obj
 0001:00051425       ?LoadSpr@OpenGLDrv@@YAPAVsprModel_t@1@PBDPAEI@Z 00452425 f   gl_trimodel.obj
 0001:00052b9e       ?QGL_Init@OpenGLDrv@@YA_NPBD@Z 00453b9e f   GLBind.obj
 0001:00052c8a       ?QGL_Shutdown@OpenGLDrv@@YAXXZ 00453c8a f   GLBind.obj
 0001:00052cc7       ?QGL_InitExtensions@OpenGLDrv@@YAXXZ 00453cc7 f   GLBind.obj
 0001:000531b1       ?QGL_PrintExtensionsString@OpenGLDrv@@YAXPBD00@Z 004541b1 f   GLBind.obj
 0001:000532fe       ?QGL_EnableLogging@OpenGLDrv@@YAX_N@Z 004542fe f   GLBind.obj
[...]
 0001:00064cb4       _process_restart           00465cb4 f   libs:jddiffct.obj
 0001:00062cd4       _dummy_consume_data        00463cd4 f   libs:jdcoefct.obj
 0001:00064ce9       _consume_data              00465ce9 f   libs:jddiffct.obj
 0001:00064d60       _output_data               00465d60 f   libs:jddiffct.obj
 0001:000647e7       _start_pass                004657e7 f   libs:jddctmgr.obj
 0001:00063c39       _start_pass_phuff_decoder  00464c39 f   libs:jdphuff.obj
 0001:00063e82       _decode_mcu_DC_first       00464e82 f   libs:jdphuff.obj
 0001:0006407a       _process_restart           0046507a f   libs:jdphuff.obj
 0001:000640e9       _decode_mcu_AC_first       004650e9 f   libs:jdphuff.obj
 0001:00064309       _decode_mcu_DC_refine      00465309 f   libs:jdphuff.obj
 0001:000643de       _decode_mcu_AC_refine      004653de f   libs:jdphuff.obj
 0001:00063680       _start_pass_huff_decoder   00464680 f   libs:jdshuff.obj
 0001:000637b8       _decode_mcu                004647b8 f   libs:jdshuff.obj
 0001:00063b68       _process_restart           00464b68 f   libs:jdshuff.obj
 0001:00062a66       _start_input_pass          00463a66 f   libs:jdcoefct.obj
 0001:00062a79       _start_iMCU_row            00463a79 f   libs:jdcoefct.obj
 0001:00062abe       _start_output_pass         00463abe f   libs:jdcoefct.obj
 0001:00062afb       _decompress_onepass        00463afb f   libs:jdcoefct.obj
 0001:00062cd4       _dummy_consume_data        00463cd4 f   libs:jdcoefct.obj
 0001:00062cd7       _consume_data              00463cd7 f   libs:jdcoefct.obj
 0001:00062e90       _decompress_data           00463e90 f   libs:jdcoefct.obj
 0001:00062ffc       _smoothing_ok              00463ffc f   libs:jdcoefct.obj
 0001:000630e7       _decompress_smooth_data    004640e7 f   libs:jdcoefct.obj
 0001:000628ff       _scaler_start_pass         004638ff f   libs:jcscale.obj
 0001:00062922       _simple_downscale          00463922 f   libs:jcscale.obj
 0001:0006294e       _noscale                   0046394e f   libs:jcscale.obj
 0001:000623f7       _start_pass                004633f7 f   libs:jcpred.obj
 0001:0006244f       _reset_predictor           0046344f f   libs:jcpred.obj
 0001:0006247c       _jpeg_difference_first_row 0046347c f   libs:jcpred.obj
 0001:00062566       _jpeg_difference1          00463566 f   libs:jcpred.obj
 0001:000625d4       _jpeg_difference2          004635d4 f   libs:jcpred.obj
 0001:00062645       _jpeg_difference3          00463645 f   libs:jcpred.obj
 0001:000626bd       _jpeg_difference4          004636bd f   libs:jcpred.obj
 0001:00062748       _jpeg_difference5          00463748 f   libs:jcpred.obj
 0001:000627db       _jpeg_difference6          004637db f   libs:jcpred.obj
 0001:0006286a       _jpeg_difference7          0046386a f   libs:jcpred.obj
 0001:00061ce6       _start_pass_huff           00462ce6 f   libs:jclhuff.obj
 0001:00061e83       _encode_mcus_huff          00462e83 f   libs:jclhuff.obj
 0001:0006206e       _emit_bits                 0046306e f   libs:jclhuff.obj
 0001:00062111       _dump_buffer               00463111 f   libs:jclhuff.obj
 0001:00062135       _emit_restart              00463135 f   libs:jclhuff.obj
 0001:00062180       _flush_bits                00463180 f   libs:jclhuff.obj
 0001:000621a4       _finish_pass_huff          004631a4 f   libs:jclhuff.obj
 0001:00062211       _encode_mcus_gather        00463211 f   libs:jclhuff.obj
 0001:0006233a       _finish_pass_gather        0046333a f   libs:jclhuff.obj
 0001:000623d0       _need_optimization_pass    004633d0 f   libs:jclhuff.obj
 0001:00061906       _start_pass_diff           00462906 f   libs:jcdiffct.obj
 0001:0005fc0f       _start_iMCU_row            00460c0f f   libs:jccoefct.obj
 0001:000619a4       _compress_data             004629a4 f   libs:jcdiffct.obj
 0001:00061b3a       _compress_first_pass       00462b3a f   libs:jcdiffct.obj
 0001:00061c2f       _compress_output           00462c2f f   libs:jcdiffct.obj
 0001:00061519       _start_pass_fdctmgr        00462519 f   libs:jcdctmgr.obj
 0001:0006161b       _forward_DCT_float         0046261b f   libs:jcdctmgr.obj
 0001:00060a4e       _start_pass_phuff          00461a4e f   libs:jcphuff.obj
 0001:00060bbb       _encode_mcu_DC_first       00461bbb f   libs:jcphuff.obj
 0001:00060ced       _emit_bits                 00461ced f   libs:jcphuff.obj
 0001:00060d98       _dump_buffer               00461d98 f   libs:jcphuff.obj
 0001:00060dd0       _emit_symbol               00461dd0 f   libs:jcphuff.obj
 0001:00060e10       _emit_restart              00461e10 f   libs:jcphuff.obj
 0001:00060e99       _emit_eobrun               00461e99 f   libs:jcphuff.obj
 0001:00060f1f       _encode_mcu_AC_first       00461f1f f   libs:jcphuff.obj
 0001:000610b3       _encode_mcu_DC_refine      004620b3 f   libs:jcphuff.obj
 0001:0006116d       _encode_mcu_AC_refine      0046216d f   libs:jcphuff.obj
 0001:00061384       _finish_pass_phuff         00462384 f   libs:jcphuff.obj
 0001:000613d3       _finish_pass_gather_phuff  004623d3 f   libs:jcphuff.obj
 0001:00061496       _need_optimization_pass    00462496 f   libs:jcphuff.obj
 0001:000601e9       _start_pass_huff           004611e9 f   libs:jcshuff.obj
 0001:0006035e       _encode_mcu_huff           0046135e f   libs:jcshuff.obj
 0001:00060469       _encode_one_block          00461469 f   libs:jcshuff.obj
 0001:000605e0       _emit_bits                 004615e0 f   libs:jcshuff.obj
 0001:00060683       _dump_buffer               00461683 f   libs:jcshuff.obj
 0001:000606a7       _emit_restart              004616a7 f   libs:jcshuff.obj
 0001:00060714       _flush_bits                00461714 f   libs:jcshuff.obj
 0001:00060738       _finish_pass_huff          00461738 f   libs:jcshuff.obj
 0001:000607a7       _encode_mcu_gather         004617a7 f   libs:jcshuff.obj
 0001:0006085d       _htest_one_block           0046185d f   libs:jcshuff.obj
 0001:00060924       _finish_pass_gather        00461924 f   libs:jcshuff.obj
 0001:000623d0       _need_optimization_pass    004633d0 f   libs:jclhuff.obj
 0001:0005fb7a       _start_pass_coef           00460b7a f   libs:jccoefct.obj
 0001:0005fc0f       _start_iMCU_row            00460c0f f   libs:jccoefct.obj
 0001:0005fc51       _compress_data             00460c51 f   libs:jccoefct.obj
 0001:0005fe38       _compress_first_pass       00460e38 f   libs:jccoefct.obj
 0001:0006001e       _compress_output           0046101e f   libs:jccoefct.obj
 0001:0005fa92       _calc_output_dimensions    00460a92 f   libs:jdlossls.obj
 0001:0005faa3       _start_input_pass          00460aa3 f   libs:jdlossls.obj
 0001:0005f7d1       _calc_output_dimensions    004607d1 f   libs:jdlossy.obj
 0001:0005f944       _start_input_pass          00460944 f   libs:jdlossy.obj
 0001:0005f964       _latch_quant_tables        00460964 f   libs:jdlossy.obj
 0001:0005f9fc       _start_output_pass         004609fc f   libs:jdlossy.obj
 0001:0005f720       _start_pass                00460720 f   libs:jclossls.obj
 0001:0005f68c       _start_pass                0046068c f   libs:jclossy.obj
 0001:0005ebe1       _initial_setup             0045fbe1 f   libs:jcmaster.obj
 0001:0005ed94       _validate_script           0045fd94 f   libs:jcmaster.obj
 0001:0005f16c       _prepare_for_pass          0046016c f   libs:jcmaster.obj
 0001:0005f2e4       _select_scan_parameters    004602e4 f   libs:jcmaster.obj
 0001:0005f3e5       _per_scan_setup            004603e5 f   libs:jcmaster.obj
 0001:0005f590       _pass_startup              00460590 f   libs:jcmaster.obj
 0001:0005f5b7       _finish_pass_master        004605b7 f   libs:jcmaster.obj
 0001:0005e6cd       _rgb_ycc_start             0045f6cd f   libs:jccolor.obj
 0001:0005e791       _rgb_ycc_convert           0045f791 f   libs:jccolor.obj
 0001:0005e890       _rgb_gray_convert          0045f890 f   libs:jccolor.obj
 0001:0005e915       _cmyk_ycck_convert         0045f915 f   libs:jccolor.obj
 0001:0005ea4d       _grayscale_convert         0045fa4d f   libs:jccolor.obj
 0001:0005eaa7       _null_convert              0045faa7 f   libs:jccolor.obj
 0001:000215d9       _null_method               004225d9 f   sv_game.obj
 0001:000215d9       _start_pass_downsample     004225d9 f   sv_game.obj
 0001:0005de19       _sep_downsample            0045ee19 f   libs:jcsample.obj
 0001:0005de8e       _int_downsample            0045ee8e f   libs:jcsample.obj
 0001:0005df86       _expand_right_edge         0045ef86 f   libs:jcsample.obj
 0001:0005dfdb       _fullsize_downsample       0045efdb f   libs:jcsample.obj
 0001:0005e01f       _h2v1_downsample           0045f01f f   libs:jcsample.obj
 0001:0005e0b3       _h2v2_downsample           0045f0b3 f   libs:jcsample.obj
 0001:0005e160       _h2v2_smooth_downsample    0045f160 f   libs:jcsample.obj
 0001:0005e3d8       _fullsize_smooth_downsample 0045f3d8 f   libs:jcsample.obj
 0001:0005d815       _start_pass_prep           0045e815 f   libs:jcprepct.obj
 0001:0005d853       _pre_process_data          0045e853 f   libs:jcprepct.obj
 0001:0005da01       _pre_process_context       0045ea01 f   libs:jcprepct.obj
 0001:0005dbba       _create_context_buffer     0045ebba f   libs:jcprepct.obj
 0001:0005d68d       _start_pass_main           0045e68d f   libs:jcmainct.obj
 0001:0005d6cf       _process_data_simple_main  0045e6cf f   libs:jcmainct.obj
 0001:0005cc63       _create_colormap           0045dc63 f   libs:jquant1.obj
 0001:0005cd95       _select_ncolors            0045dd95 f   libs:jquant1.obj
 0001:0005ce6c       _create_colorindex         0045de6c f   libs:jquant1.obj
 0001:0005cf98       _alloc_fs_workspace        0045df98 f   libs:jquant1.obj
 0001:0005cfd4       _start_pass_1_quant        0045dfd4 f   libs:jquant1.obj
 0001:0005d0a0       _create_odither_tables     0045e0a0 f   libs:jquant1.obj
 0001:0005d0ff       _make_odither_array        0045e0ff f   libs:jquant1.obj
 0001:0005d162       _color_quantize            0045e162 f   libs:jquant1.obj
 0001:0005d1ed       _color_quantize3           0045e1ed f   libs:jquant1.obj
 0001:0005d27b       _quantize_ord_dither       0045e27b f   libs:jquant1.obj
 0001:0005d366       _quantize3_ord_dither      0045e366 f   libs:jquant1.obj
 0001:0005d466       _quantize_fs_dither        0045e466 f   libs:jquant1.obj
 0001:000215d9       _finish_pass_1_quant       004225d9 f   sv_game.obj
 0001:0005d5ea       _new_color_map_1_quant     0045e5ea f   libs:jquant1.obj
 0001:0005bc24       _init_error_limit          0045cc24 f   libs:jquant2.obj
 0001:0005bcc3       _start_pass_2_quant        0045ccc3 f   libs:jquant2.obj
 0001:0005bdc5       _prescan_quantize          0045cdc5 f   libs:jquant2.obj
 0001:0005be34       _pass2_no_dither           0045ce34 f   libs:jquant2.obj
 0001:0005bee1       _fill_inverse_cmap         0045cee1 f   libs:jquant2.obj
 0001:0005bfac       _find_nearby_colors        0045cfac f   libs:jquant2.obj
 0001:0005c150       _find_best_colors          0045d150 f   libs:jquant2.obj
 0001:0005c26a       _pass2_fs_dither           0045d26a f   libs:jquant2.obj
 0001:0005c4d9       _finish_pass1              0045d4d9 f   libs:jquant2.obj
 0001:0005c4fb       _select_colors             0045d4fb f   libs:jquant2.obj
 0001:0005c587       _update_box                0045d587 f   libs:jquant2.obj
 0001:0005c921       _median_cut                0045d921 f   libs:jquant2.obj
 0001:0005ca35       _find_biggest_color_pop    0045da35 f   libs:jquant2.obj
 0001:0005ca64       _find_biggest_volume       0045da64 f   libs:jquant2.obj
 0001:0005ca8d       _compute_color             0045da8d f   libs:jquant2.obj
 0001:000215d9       _finish_pass2              004225d9 f   sv_game.obj
 0001:0005cbc9       _new_color_map_2_quant     0045dbc9 f   libs:jquant2.obj
 0001:0005b63b       _build_ycc_rgb_table       0045c63b f   libs:jdmerge.obj
 0001:0005b6eb       _start_pass_merged_upsample 0045c6eb f   libs:jdmerge.obj
 0001:0005b700       _merged_2v_upsample        0045c700 f   libs:jdmerge.obj
 0001:0005b7a7       _merged_1v_upsample        0045c7a7 f   libs:jdmerge.obj
 0001:0005b7d8       _h2v1_merged_upsample      0045c7d8 f   libs:jdmerge.obj
 0001:0005b92e       _h2v2_merged_upsample      0045c92e f   libs:jdmerge.obj
 0001:0005b1df       _build_ycc_rgb_table       0045c1df f   libs:jdcolor.obj
 0001:0005b28f       _ycc_rgb_convert           0045c28f f   libs:jdcolor.obj
 0001:0005b39d       _null_convert              0045c39d f   libs:jdcolor.obj
 0001:0005b415       _grayscale_convert         0045c415 f   libs:jdcolor.obj
 0001:0005b438       _gray_rgb_convert          0045c438 f   libs:jdcolor.obj
 0001:0005b491       _ycck_cmyk_convert         0045c491 f   libs:jdcolor.obj
 0001:000215d9       _start_pass_dcolor         004225d9 f   sv_game.obj
 0001:0005ac40       _start_pass_upsample       0045bc40 f   libs:jdsample.obj
 0001:0005ac5a       _sep_upsample              0045bc5a f   libs:jdsample.obj
 0001:0005ad27       _fullsize_upsample         0045bd27 f   libs:jdsample.obj
 0001:0005ad32       _noop_upsample             0045bd32 f   libs:jdsample.obj
 0001:0005ad3a       _int_upsample              0045bd3a f   libs:jdsample.obj
 0001:0005ae24       _h2v1_upsample             0045be24 f   libs:jdsample.obj
 0001:0005ae7b       _h2v2_upsample             0045be7b f   libs:jdsample.obj
 0001:0005aeed       _h2v1_fancy_upsample       0045beed f   libs:jdsample.obj
 0001:0005af90       _h2v2_fancy_upsample       0045bf90 f   libs:jdsample.obj
 0001:0005a849       _start_pass_dpost          0045b849 f   libs:jdpostct.obj
 0001:0005a8ef       _post_process_1pass        0045b8ef f   libs:jdpostct.obj
 0001:0005a954       _post_process_prepass      0045b954 f   libs:jdpostct.obj
 0001:0005a9e5       _post_process_2pass        0045b9e5 f   libs:jdpostct.obj
 0001:0005a250       _alloc_funny_pointers      0045b250 f   libs:jdmainct.obj
 0001:0005a2fd       _start_pass_main           0045b2fd f   libs:jdmainct.obj
 0001:0005a365       _make_funny_pointers       0045b365 f   libs:jdmainct.obj
 0001:0005a4a5       _process_data_simple_main  0045b4a5 f   libs:jdmainct.obj
 0001:0005a50d       _process_data_context_main 0045b50d f   libs:jdmainct.obj
 0001:0005a61f       _set_wraparound_pointers   0045b61f f   libs:jdmainct.obj
 0001:0005a709       _set_bottom_pointers       0045b709 f   libs:jdmainct.obj
 0001:0005a7a3       _process_data_crank_post   0045b7a3 f   libs:jdmainct.obj
 0001:00058f7c       _write_marker_header       00459f7c f   libs:jcmarker.obj
 0001:00058fd2       _emit_byte                 00459fd2 f   libs:jcmarker.obj
 0001:00059003       _write_marker_byte         0045a003 f   libs:jcmarker.obj
 0001:00059013       _write_file_header         0045a013 f   libs:jcmarker.obj
 0001:0005905f       _emit_jfif_app0            0045a05f f   libs:jcmarker.obj
 0001:00059132       _emit_adobe_app14          0045a132 f   libs:jcmarker.obj
 0001:000591d8       _write_frame_header        0045a1d8 f   libs:jcmarker.obj
 0001:000592b7       _emit_dqt                  0045a2b7 f   libs:jcmarker.obj
 0001:000593a6       _emit_sof                  0045a3a6 f   libs:jcmarker.obj
 0001:00059482       _write_scan_header         0045a482 f   libs:jcmarker.obj
 0001:00059542       _emit_dht                  0045a542 f   libs:jcmarker.obj
 0001:0005961b       _emit_dri                  0045a61b f   libs:jcmarker.obj
 0001:0005966a       _emit_sos                  0045a66a f   libs:jcmarker.obj
 0001:00059758       _write_file_trailer        0045a758 f   libs:jcmarker.obj
 0001:00059778       _write_tables_only         0045a778 f   libs:jcmarker.obj
 0001:00058ad1       _use_merged_upsample       00459ad1 f   libs:jdmaster.obj
 0001:00058b77       _master_selection          00459b77 f   libs:jdmaster.obj
 0001:00058cd4       _prepare_range_limit_table 00459cd4 f   libs:jdmaster.obj
 0001:00058d5a       _prepare_for_output_pass   00459d5a f   libs:jdmaster.obj
 0001:00058e7b       _finish_output_pass        00459e7b f   libs:jdmaster.obj
 0001:00057f48       _alloc_small               00458f48 f   libs:jmemmgr.obj
 0001:00058066       _alloc_large               00459066 f   libs:jmemmgr.obj
 0001:00058117       _alloc_sarray              00459117 f   libs:jmemmgr.obj
 0001:000581af       _alloc_barray              004591af f   libs:jmemmgr.obj
 0001:00058253       _alloc_darray              00459253 f   libs:jmemmgr.obj
 0001:000582fe       _request_virt_sarray       004592fe f   libs:jmemmgr.obj
 0001:0005835f       _request_virt_barray       0045935f f   libs:jmemmgr.obj
 0001:000583c0       _realize_virt_arrays       004593c0 f   libs:jmemmgr.obj
 0001:00058543       _access_virt_sarray        00459543 f   libs:jmemmgr.obj
 0001:00058663       _do_sarray_io              00459663 f   libs:jmemmgr.obj
 0001:000586f3       _access_virt_barray        004596f3 f   libs:jmemmgr.obj
 0001:00058818       _do_barray_io              00459818 f   libs:jmemmgr.obj
 0001:000588a9       _free_pool                 004598a9 f   libs:jmemmgr.obj
 0001:00058990       _self_destruct             00459990 f   libs:jmemmgr.obj
 0001:000579e2       _start_input_pass          004589e2 f   libs:jdinput.obj
 0001:00057a10       _per_scan_setup            00458a10 f   libs:jdinput.obj
 0001:00057b96       _finish_input_pass         00458b96 f   libs:jdinput.obj
 0001:00057ba7       _consume_markers           00458ba7 f   libs:jdinput.obj
 0001:00057c43       _initial_setup             00458c43 f   libs:jdinput.obj
 0001:00057e4d       _reset_input_controller    00458e4d f   libs:jdinput.obj
 0001:000575e7       _make_crc_table            004585e7 f   libs:crc32.obj
 0001:00057734       _crc32_little              00458734 f   libs:crc32.obj
 0001:000573e1       _fixedtables               004583e1 f   libs:inflate.obj
 0001:000574cb       _updatewindow              004584cb f   libs:inflate.obj
 0001:00056109       _init_destination          00457109 f   libs:jdatadst.obj
 0001:0005612f       _empty_output_buffer       0045712f f   libs:jdatadst.obj
 0001:00056171       _term_destination          00457171 f   libs:jdatadst.obj
 0001:00055c90       _std_huff_tables           00456c90 f   libs:jcparam.obj
 0001:00055cea       _add_huff_table            00456cea f   libs:jcparam.obj
 0001:000541dd       _next_marker               004551dd f   libs:jdmarker.obj
 0001:00054317       _get_interesting_appn      00455317 f   libs:jdmarker.obj
 0001:00054442       _examine_app0              00455442 f   libs:jdmarker.obj
 0001:00054650       _examine_app14             00455650 f   libs:jdmarker.obj
 0001:00054711       _skip_variable             00455711 f   libs:jdmarker.obj
 0001:000547b4       _read_markers              004557b4 f   libs:jdmarker.obj
 0001:000549bc       _get_soi                   004559bc f   libs:jdmarker.obj
 0001:00054a67       _get_sof                   00455a67 f   libs:jdmarker.obj
 0001:00054d70       _get_sos                   00455d70 f   libs:jdmarker.obj
 0001:0005505e       _get_dht                   0045605e f   libs:jdmarker.obj
 0001:000552ff       _get_dqt                   004562ff f   libs:jdmarker.obj
 0001:0005555b       _get_dri                   0045655b f   libs:jdmarker.obj
 0001:0005563a       _first_marker              0045663a f   libs:jdmarker.obj
 0001:000556d6       _read_restart_marker       004566d6 f   libs:jdmarker.obj
 0001:00055754       _reset_marker_reader       00456754 f   libs:jdmarker.obj
 0001:00053fc1       _output_pass_setup         00454fc1 f   libs:jdapistd.obj
 0001:00053cb4       _default_decompress_parms  00454cb4 f   libs:jdapimin.obj

 295 bytes saved through ICF

