 quake2

 Timestamp is 3e47b813 (Mon Feb 10 17:32:51 2003)

 Preferred load address is 00400000

 Start         Length     Name                   Class
 0001:00000000 00066620H .text                   CODE
 0002:00000000 00000358H .idata$5                DATA
 0002:00000358 00001964H .rdata                  DATA
 0002:00001cbc 00000078H .idata$2                DATA
 0002:00001d34 00000014H .idata$3                DATA
 0002:00001d48 00000358H .idata$4                DATA
 0002:000020a0 00000b44H .idata$6                DATA
 0002:00002be4 00000000H .edata                  DATA
 0003:00000000 00000004H .CRT$XCA                DATA
 0003:00000004 00000004H .CRT$XCZ                DATA
 0003:00000008 00000004H .CRT$XIA                DATA
 0003:0000000c 00000004H .CRT$XIZ                DATA
 0003:00000010 00014884H .data                   DATA
 0003:00014898 0099cedcH .bss                    DATA
 0004:00000000 000000a0H .rsrc$01                DATA
 0004:000000a0 00000300H .rsrc$02                DATA

  Address         Publics by Value              Rva+Base     Lib:Object

 0001:00000000       _CDAudio_Play2             00401000 f   cd_win.obj
 0001:000001e5       _CDAudio_Play              004011e5 f   cd_win.obj
 0001:000001fc       _CDAudio_Stop              004011fc f   cd_win.obj
 0001:00000241       _CDAudio_Pause             00401241 f   cd_win.obj
 0001:0000029a       _CDAudio_Resume            0040129a f   cd_win.obj
 0001:0000030c       _CDAudio_MessageHandler    0040130c f   cd_win.obj
 0001:000003a3       _CDAudio_Update            004013a3 f   cd_win.obj
 0001:000003da       _CDAudio_Init              004013da f   cd_win.obj
 0001:000007d1       _CDAudio_Shutdown          004017d1 f   cd_win.obj
 0001:00000804       _CDAudio_Activate          00401804 f   cd_win.obj
 0001:00000815       _SCR_StopCinematic         00401815 f   cl_cin.obj
 0001:000008a1       _SCR_FinishCinematic       004018a1 f   cl_cin.obj
 0001:000008cb       _SCR_ReadNextFrame         004018cb f   cl_cin.obj
 0001:00000bec       _SCR_RunCinematic          00401bec f   cl_cin.obj
 0001:00000ce5       _SCR_DrawCinematic         00401ce5 f   cl_cin.obj
 0001:00000d84       _SCR_PlayCinematic         00401d84 f   cl_cin.obj
 0001:000010bc       _CL_ParseEntityBits        004020bc f   cl_ents.obj
 0001:0000113b       _CL_ParseDelta             0040213b f   cl_ents.obj
 0001:00001319       _CL_DeltaEntity            00402319 f   cl_ents.obj
 0001:0000146f       _CL_ParsePacketEntities    0040246f f   cl_ents.obj
 0001:00001692       _CL_ParsePlayerstate       00402692 f   cl_ents.obj
 0001:000019a0       _CL_FireEntityEvents       004029a0 f   cl_ents.obj
 0001:000019ef       _CL_ParseFrame             004029ef f   cl_ents.obj
 0001:00001c58       _CL_OffsetThirdPersonView  00402c58 f   cl_ents.obj
 0001:00001d3b       _CL_CalcViewValues         00402d3b f   cl_ents.obj
 0001:00001ff3       _CL_AddEntities            00402ff3 f   cl_ents.obj
 0001:00002d17       _CL_GetEntitySoundOrigin   00403d17 f   cl_ents.obj
 0001:00002d53       _CL_ClearLightStyles       00403d53 f   cl_fx.obj
 0001:00002dd7       _CL_RunLightStyles         00403dd7 f   cl_fx.obj
 0001:00002e71       _CL_SetLightstyle          00403e71 f   cl_fx.obj
 0001:00002edb       _CL_AllocDlight            00403edb f   cl_fx.obj
 0001:00002f46       _CL_RunDLights             00403f46 f   cl_fx.obj
 0001:00002f98       _CL_AddDLights             00403f98 f   cl_fx.obj
 0001:00002fe1       _CL_ClearParticles         00403fe1 f   cl_fx.obj
 0001:00003021       _CL_AllocParticleTrace     00404021 f   cl_fx.obj
 0001:000030c6       _CL_AllocParticle          004040c6 f   cl_fx.obj
 0001:00003115       _CL_UpdateParticles        00404115 f   cl_fx.obj
 0001:000035f8       _CL_MetalSparks            004045f8 f   cl_fx.obj
 0001:000036d7       _CL_ParseMuzzleFlash       004046d7 f   cl_fx.obj
 0001:00003eec       _CL_ParseMuzzleFlash2      00404eec f   cl_fx.obj
 0001:000045f4       _CL_ParticleEffect         004055f4 f   cl_fx.obj
 0001:000046c3       _CL_ParticleEffect2        004056c3 f   cl_fx.obj
 0001:0000478e       _CL_ParticleEffect3        0040578e f   cl_fx.obj
 0001:0000485e       _CL_TeleporterParticles    0040585e f   cl_fx.obj
 0001:00004915       _CL_LogoutEffect           00405915 f   cl_fx.obj
 0001:00004a00       _CL_ItemRespawnParticles   00405a00 f   cl_fx.obj
 0001:00004aaf       _CL_ExplosionParticles     00405aaf f   cl_fx.obj
 0001:00004b59       _CL_BigTeleportParticles   00405b59 f   cl_fx.obj
 0001:00004cb0       _CL_BlasterParticles       00405cb0 f   cl_fx.obj
 0001:00004d7c       _CL_BlasterTrail           00405d7c f   cl_fx.obj
 0001:00004e75       _CL_FlagTrail              00405e75 f   cl_fx.obj
 0001:00004f7b       _CL_DiminishingTrail       00405f7b f   cl_fx.obj
 0001:000051e5       _CL_RocketTrail            004061e5 f   cl_fx.obj
 0001:00005314       _CL_RailTrail              00406314 f   cl_fx.obj
 0001:00005544       _CL_IonripperTrail         00406544 f   cl_fx.obj
 0001:00005658       _CL_BubbleTrail            00406658 f   cl_fx.obj
 0001:0000577c       _CL_FlyParticles           0040677c f   cl_fx.obj
 0001:00005921       _CL_FlyEffect              00406921 f   cl_fx.obj
 0001:000059a4       _CL_BfgParticles           004069a4 f   cl_fx.obj
 0001:00005b81       _CL_TrapParticles          00406b81 f   cl_fx.obj
 0001:00005e23       _CL_BFGExplosionParticles  00406e23 f   cl_fx.obj
 0001:00005ecd       _CL_TeleportParticles      00406ecd f   cl_fx.obj
 0001:00006006       _CL_EntityEvent            00407006 f   cl_fx.obj
 0001:000061e4       _CL_ClearEffects           004071e4 f   cl_fx.obj
 0001:00006202       _KeyDown                   00407202 f   cl_input.obj
 0001:00006278       _KeyUp                     00407278 f   cl_input.obj
 0001:000062f2       _IN_KLookDown              004072f2 f   cl_input.obj
 0001:000062fe       _IN_KLookUp                004072fe f   cl_input.obj
 0001:0000630a       _IN_UpDown                 0040730a f   cl_input.obj
 0001:00006316       _IN_UpUp                   00407316 f   cl_input.obj
 0001:00006322       _IN_DownDown               00407322 f   cl_input.obj
 0001:0000632e       _IN_DownUp                 0040732e f   cl_input.obj
 0001:0000633a       _IN_LeftDown               0040733a f   cl_input.obj
 0001:00006346       _IN_LeftUp                 00407346 f   cl_input.obj
 0001:00006352       _IN_RightDown              00407352 f   cl_input.obj
 0001:0000635e       _IN_RightUp                0040735e f   cl_input.obj
 0001:0000636a       _IN_ForwardDown            0040736a f   cl_input.obj
 0001:00006376       _IN_ForwardUp              00407376 f   cl_input.obj
 0001:00006382       _IN_BackDown               00407382 f   cl_input.obj
 0001:0000638e       _IN_BackUp                 0040738e f   cl_input.obj
 0001:0000639a       _IN_LookupDown             0040739a f   cl_input.obj
 0001:000063a6       _IN_LookupUp               004073a6 f   cl_input.obj
 0001:000063b2       _IN_LookdownDown           004073b2 f   cl_input.obj
 0001:000063be       _IN_LookdownUp             004073be f   cl_input.obj
 0001:000063ca       _IN_MoveleftDown           004073ca f   cl_input.obj
 0001:000063d6       _IN_MoveleftUp             004073d6 f   cl_input.obj
 0001:000063e2       _IN_MoverightDown          004073e2 f   cl_input.obj
 0001:000063ee       _IN_MoverightUp            004073ee f   cl_input.obj
 0001:000063fa       _IN_SpeedDown              004073fa f   cl_input.obj
 0001:00006406       _IN_SpeedUp                00407406 f   cl_input.obj
 0001:00006412       _IN_StrafeDown             00407412 f   cl_input.obj
 0001:0000641e       _IN_StrafeUp               0040741e f   cl_input.obj
 0001:0000642a       _IN_AttackDown             0040742a f   cl_input.obj
 0001:00006436       _IN_AttackUp               00407436 f   cl_input.obj
 0001:00006442       _IN_UseDown                00407442 f   cl_input.obj
 0001:0000644e       _IN_UseUp                  0040744e f   cl_input.obj
 0001:0000645a       _IN_Impulse                0040745a f   cl_input.obj
 0001:00006470       _CL_KeyState               00407470 f   cl_input.obj
 0001:000064ce       _CL_AdjustAngles           004074ce f   cl_input.obj
 0001:000065dd       _CL_BaseMove               004075dd f   cl_input.obj
 0001:000067b7       _CL_ClampPitch             004077b7 f   cl_input.obj
 0001:00006865       _CL_FinishMove             00407865 f   cl_input.obj
 0001:00006921       _CL_CreateCmd              00407921 f   cl_input.obj
 0001:0000698d       _IN_CenterView             0040798d f   cl_input.obj
 0001:000069ae       _CL_InitInput              004079ae f   cl_input.obj
 0001:00006bb4       _CL_SendCmd                00407bb4 f   cl_input.obj
 0001:00006dae       _CL_ParseInventory         00407dae f   cl_inv.obj
 0001:00006dce       _CL_DrawInventory          00407dce f   cl_inv.obj
 0001:0000702f       _CL_WriteDemoMessage       0040802f f   cl_main.obj
 0001:00007071       _CL_Stop_f                 00408071 f   cl_main.obj
 0001:000070cc       _CL_Record_f               004080cc f   cl_main.obj
 0001:00007345       _Cmd_ForwardToServer       00408345 f   cl_main.obj
 0001:000073b1       _CL_Setenv_f               004083b1 f   cl_main.obj
 0001:00007475       _CL_ForwardToServer_f      00408475 f   cl_main.obj
 0001:000074c3       _CL_Pause_f                004084c3 f   cl_main.obj
 0001:000074fc       _CL_Quit_f                 004084fc f   cl_main.obj
 0001:00007506       _CL_Drop                   00408506 f   cl_main.obj
 0001:00007528       _CL_SendConnectPacket      00408528 f   cl_main.obj
 0001:000075fc       _CL_CheckForResend         004085fc f   cl_main.obj
 0001:000076dc       _CL_Connect_f              004086dc f   cl_main.obj
 0001:0000775b       _CL_Rcon_f                 0040875b f   cl_main.obj
 0001:000078a8       _CL_ClearState             004088a8 f   cl_main.obj
 0001:000078e7       _CL_Disconnect             004088e7 f   cl_main.obj
 0001:00007a24       _CL_Disconnect_f           00408a24 f   cl_main.obj
 0001:00007a33       _CL_Changing_f             00408a33 f   cl_main.obj
 0001:00007a57       _CL_Reconnect_f            00408a57 f   cl_main.obj
 0001:00007af3       _CL_ParseStatusMessage     00408af3 f   cl_main.obj
 0001:00007b2a       _CL_PingServers_f          00408b2a f   cl_main.obj
 0001:00007c84       _CL_Skins_f                00408c84 f   cl_main.obj
 0001:00007cc0       _CL_ConnectionlessPacket   00408cc0 f   cl_main.obj
 0001:00007f02       _CL_ReadPackets            00408f02 f   cl_main.obj
 0001:00008040       _CL_FixUpGender            00409040 f   cl_main.obj
 0001:000080f1       _CL_Userinfo_f             004090f1 f   cl_main.obj
 0001:00008109       _CL_Snd_Restart_f          00409109 f   cl_main.obj
 0001:00008118       _CL_RequestNextDownload    00409118 f   cl_main.obj
 0001:00008748       _CL_Precache_f             00409748 f   cl_main.obj
 0001:0000880e       _CL_WriteConfiguration     0040980e f   cl_main.obj
 0001:0000889f       _CL_WriteConfig_f          0040989f f   cl_main.obj
 0001:000088fe       _CL_InitLocal              004098fe f   cl_main.obj
 0001:00008b1e       _CL_FixCvarCheats          00409b1e f   cl_main.obj
 0001:00008bdb       _CL_SendCommand            00409bdb f   cl_main.obj
 0001:00008bf9       _CL_Frame                  00409bf9 f   cl_main.obj
 0001:00008dcd       _CL_Init                   00409dcd f   cl_main.obj
 0001:00008e1a       _CL_Shutdown               00409e1a f   cl_main.obj
 0001:00008e60       _vectoangles2              00409e60 f   cl_newfx.obj
 0001:00008f62       _CL_Flashlight             00409f62 f   cl_newfx.obj
 0001:00008fb2       _CL_ColorFlash             00409fb2 f   cl_newfx.obj
 0001:00009004       _CL_DebugTrail             0040a004 f   cl_newfx.obj
 0001:000090fb       _CL_ForceWall              0040a0fb f   cl_newfx.obj
 0001:00009235       _CL_BubbleTrail2           0040a235 f   cl_newfx.obj
 0001:00009365       _CL_Heatbeam               0040a365 f   cl_newfx.obj
 0001:000095dd       _CL_ParticleSteamEffect    0040a5dd f   cl_newfx.obj
 0001:000096e9       _CL_ParticleSteamEffect2   0040a6e9 f   cl_newfx.obj
 0001:00009808       _CL_TrackerTrail           0040a808 f   cl_newfx.obj
 0001:0000994d       _CL_Tracker_Shell          0040a94d f   cl_newfx.obj
 0001:000099c4       _CL_MonsterPlasma_Shell    0040a9c4 f   cl_newfx.obj
 0001:00009a38       _CL_Widowbeamout           0040aa38 f   cl_newfx.obj
 0001:00009adf       _CL_Nukeblast              0040aadf f   cl_newfx.obj
 0001:00009b86       _CL_WidowSplash            0040ab86 f   cl_newfx.obj
 0001:00009c41       _CL_TagTrail               0040ac41 f   cl_newfx.obj
 0001:00009d47       _CL_ColorExplosionParticles 0040ad47 f   cl_newfx.obj
 0001:00009df4       _CL_ParticleSmokeEffect    0040adf4 f   cl_newfx.obj
 0001:00009efe       _CL_BlasterParticles2      0040aefe f   cl_newfx.obj
 0001:00009fcb       _CL_BlasterTrail2          0040afcb f   cl_newfx.obj
 0001:0000a0c4       _CL_DownloadFileName       0040b0c4 f   cl_parse.obj
 0001:0000a103       _CL_CheckOrDownloadFile    0040b103 f   cl_parse.obj
 0001:0000a33b       _CL_Download_f             0040b33b f   cl_parse.obj
 0001:0000a403       _CL_RegisterSounds         0040b403 f   cl_parse.obj
 0001:0000a442       _CL_ParseDownload          0040b442 f   cl_parse.obj
 0001:0000a5af       _CL_ParseServerData        0040b5af f   cl_parse.obj
 0001:0000a6be       _CL_ParseBaseline          0040b6be f   cl_parse.obj
 0001:0000a6f8       _CL_LoadClientinfo         0040b6f8 f   cl_parse.obj
 0001:0000a9c3       _CL_ParseClientinfo        0040b9c3 f   cl_parse.obj
 0001:0000a9e7       _CL_ParseConfigString      0040b9e7 f   cl_parse.obj
 0001:0000ab6b       _CL_ParseStartSoundPacket  0040bb6b f   cl_parse.obj
 0001:0000ac6d       _SHOWNET                   0040bc6d f   cl_parse.obj
 0001:0000ac91       _CL_ParseServerMessage     0040bc91 f   cl_parse.obj
 0001:0000af31       _CL_CheckPredictionError   0040bf31 f   cl_pred.obj
 0001:0000b050       _CL_ClipMoveToEntities     0040c050 f   cl_pred.obj
 0001:0000b354       _CL_PMTrace                0040c354 f   cl_pred.obj
 0001:0000b3c3       _CL_PMpointcontents        0040c3c3 f   cl_pred.obj
 0001:0000b42d       _CL_PredictMovement        0040c42d f   cl_pred.obj
 0001:0000b636       _CL_AddNetgraph            0040c636 f   cl_scrn.obj
 0001:0000b710       _SCR_DebugGraph            0040c710 f   cl_scrn.obj
 0001:0000b738       _SCR_DrawDebugGraph        0040c738 f   cl_scrn.obj
 0001:0000b817       _SCR_CenterPrint           0040c817 f   cl_scrn.obj
 0001:0000b928       _SCR_DrawCenterString      0040c928 f   cl_scrn.obj
 0001:0000ba7d       _SCR_SizeUp_f              0040ca7d f   cl_scrn.obj
 0001:0000ba96       _SCR_SizeDown_f            0040ca96 f   cl_scrn.obj
 0001:0000bab7       _SCR_Sky_f                 0040cab7 f   cl_scrn.obj
 0001:0000bb62       _SCR_Init                  0040cb62 f   cl_scrn.obj
 0001:0000bbc7       _SCR_DrawNet               0040cbc7 f   cl_scrn.obj
 0001:0000bc02       _SCR_DrawPause             0040cc02 f   cl_scrn.obj
 0001:0000bc6b       _SCR_RunConsole            0040cc6b f   cl_scrn.obj
 0001:0000bd13       _SCR_DrawConsole           0040cd13 f   cl_scrn.obj
 0001:0000bdab       _SCR_SetLevelshot          0040cdab f   cl_scrn.obj
 0001:0000be0f       _SCR_DrawLoading           0040ce0f f   cl_scrn.obj
 0001:0000bec8       _SCR_BeginLoadingPlaque    0040cec8 f   cl_scrn.obj
 0001:0000bf28       _SCR_EndLoadingPlaque      0040cf28 f   cl_scrn.obj
 0001:0000bf46       _SCR_Loading_f             0040cf46 f   cl_scrn.obj
 0001:0000bf4b       _SCR_TimeRefresh_f         0040cf4b f   cl_scrn.obj
 0001:0000c022       _SCR_AddDirtyPoint         0040d022 f   cl_scrn.obj
 0001:0000c05f       _SCR_DirtyScreen           0040d05f f   cl_scrn.obj
 0001:0000c0da       _SCR_TileClear             0040d0da f   cl_scrn.obj
 0001:0000c2b5       _DrawHUDString             0040d2b5 f   cl_scrn.obj
 0001:0000c367       _SCR_DrawField             0040d367 f   cl_scrn.obj
 0001:0000c48b       _SCR_TouchPics             0040d48b f   cl_scrn.obj
 0001:0000c51e       _SCR_ExecuteLayoutString   0040d51e f   cl_scrn.obj
 0001:0000ced0       _SCR_UpdateScreen          0040ded0 f   cl_scrn.obj
 0001:0000d1bb       _CL_RegisterTEntSounds     0040e1bb f   cl_tent.obj
 0001:0000d3f3       _CL_RegisterTEntModels     0040e3f3 f   cl_tent.obj
 0001:0000d579       _CL_ClearTEnts             0040e579 f   cl_tent.obj
 0001:0000d5d0       _CL_AllocExplosion         0040e5d0 f   cl_tent.obj
 0001:0000d622       _CL_AddExplosions          0040e622 f   cl_tent.obj
 0001:0000d871       _CL_SmokeAndFlash          0040e871 f   cl_tent.obj
 0001:0000d8d8       _CL_ParseBeam              0040e8d8 f   cl_tent.obj
 0001:0000d9c7       _CL_ParseBeam2             0040e9c7 f   cl_tent.obj
 0001:0000dac7       _CL_ParsePlayerBeam        0040eac7 f   cl_tent.obj
 0001:0000dc03       _CL_ParseLightning         0040ec03 f   cl_tent.obj
 0001:0000dcd9       _CL_ParseLaser             0040ecd9 f   cl_tent.obj
 0001:0000dd7e       _CL_ParseSteam             0040ed7e f   cl_tent.obj
 0001:0000de8f       _CL_ParseWidow             0040ee8f f   cl_tent.obj
 0001:0000defb       _CL_ParseNuke              0040eefb f   cl_tent.obj
 0001:0000df65       _CL_ParseTEnt              0040ef65 f   cl_tent.obj
 0001:0000ed7b       _CL_AddBeams               0040fd7b f   cl_tent.obj
 0001:0000f0a4       _CL_AddPlayerBeams         004100a4 f   cl_tent.obj
 0001:0000f7ab       _CL_AddLasers              004107ab f   cl_tent.obj
 0001:0000f7d0       _CL_ProcessSustain         004107d0 f   cl_tent.obj
 0001:0000f811       _CL_AddTEnts               00410811 f   cl_tent.obj
 0001:0000f82a       _V_AddEntity               0041082a f   cl_view.obj
 0001:0000f854       _V_AddLight                00410854 f   cl_view.obj
 0001:0000f89f       _V_TestParticles           0041089f f   cl_view.obj
 0001:0000f95d       _V_TestEntities            0041095d f   cl_view.obj
 0001:0000f9ff       _V_TestLights              004109ff f   cl_view.obj
 0001:0000fad2       _CL_PrepRefresh            00410ad2 f   cl_view.obj
 0001:0000fda5       _CalcFov                   00410da5 f   cl_view.obj
 0001:0000fe1e       _V_Gun_Next_f              00410e1e f   cl_view.obj
 0001:0000fe37       _V_Gun_Prev_f              00410e37 f   cl_view.obj
 0001:0000fe59       _V_Gun_Model_f             00410e59 f   cl_view.obj
 0001:0000fe8d       _SCR_DrawCrosshair         00410e8d f   cl_view.obj
 0001:0000ff02       _V_RenderView              00410f02 f   cl_view.obj
 0001:00010ac4       _V_Viewpos_f               00411ac4 f   cl_view.obj
 0001:00010b02       _V_Init                    00411b02 f   cl_view.obj
 0001:00010d0b       _Cbuf_Init                 00411d0b f   cmd.obj
 0001:00010d23       _Cbuf_AddText              00411d23 f   cmd.obj
 0001:00010d7f       _Cbuf_InsertText           00411d7f f   cmd.obj
 0001:00010dd7       _Cbuf_CopyToDefer          00411dd7 f   cmd.obj
 0001:00010e03       _Cbuf_InsertFromDefer      00411e03 f   cmd.obj
 0001:00010e16       _Cbuf_ExecuteText          00411e16 f   cmd.obj
 0001:00010e55       _Cbuf_Execute              00411e55 f   cmd.obj
 0001:00010f37       _Cbuf_AddEarlyCommands     00411f37 f   cmd.obj
 0001:00010fb9       _Cbuf_AddLateCommands      00411fb9 f   cmd.obj
 0001:000110ce       _Cmd_Exec_f                004120ce f   cmd.obj
 0001:00011153       _Cmd_Echo_f                00412153 f   cmd.obj
 0001:00011195       _Cmd_Alias_f               00412195 f   cmd.obj
 0001:000112bc       _Cmd_Unalias_f             004122bc f   cmd.obj
 0001:00011345       _Cmd_WriteAliases          00412345 f   cmd.obj
 0001:0001136e       _Cmd_Argc                  0041236e f   cmd.obj
 0001:00011374       _Cmd_Argv                  00412374 f   cmd.obj
 0001:0001138e       _Cmd_Args                  0041238e f   cmd.obj
 0001:00011394       _Cmd_TokenizeString        00412394 f   cmd.obj
 0001:000115c6       _Cmd_AddCommand            004125c6 f   cmd.obj
 0001:0001162e       _Cmd_RemoveCommand         0041262e f   cmd.obj
 0001:00011670       _Cmd_ExecuteString         00412670 f   cmd.obj
 0001:00011748       _Cmd_Init                  00412748 f   cmd.obj
 0001:0001181e       _CMod_GetSurfMaterial      0041281e f   cmodel.obj
 0001:00011878       _CM_LoadMap                00412878 f   cmodel.obj
 0001:00011fe2       _CM_InlineModel            00412fe2 f   cmodel.obj
 0001:00012031       _CM_NumClusters            00413031 f   cmodel.obj
 0001:00012037       _CM_NumInlineModels        00413037 f   cmodel.obj
 0001:0001203d       _CM_EntityString           0041303d f   cmodel.obj
 0001:00012043       _CM_LeafContents           00413043 f   cmodel.obj
 0001:0001206d       _CM_LeafCluster            0041306d f   cmodel.obj
 0001:00012098       _CM_LeafArea               00413098 f   cmodel.obj
 0001:000120c3       _CM_InitBoxHull            004130c3 f   cmodel.obj
 0001:000122a2       _CM_HeadnodeForBox         004132a2 f   cmodel.obj
 0001:00012357       _CM_PointLeafnum           00413357 f   cmodel.obj
 0001:000123da       _CM_BoxLeafnums            004133da f   cmodel.obj
 0001:000124ea       _CM_PointContents          004134ea f   cmodel.obj
 0001:0001250f       _CM_TransformedPointContents 0041350f f   cmodel.obj
 0001:000125f9       _CM_BoxTrace               004135f9 f   cmodel.obj
 0001:0001301d       _CM_TransformedBoxTrace    0041401d f   cmodel.obj
 0001:000132a6       _CM_DecompressVis          004142a6 f   cmodel.obj
 0001:0001334f       _CM_ClusterPVS             0041434f f   cmodel.obj
 0001:0001339c       _CM_ClusterPHS             0041439c f   cmodel.obj
 0001:000133e9       _FloodAreaConnections      004143e9 f   cmodel.obj
 0001:000134a4       _CM_SetAreaPortalState     004144a4 f   cmodel.obj
 0001:000134d1       _CM_AreasConnected         004144d1 f   cmodel.obj
 0001:0001351f       _CM_WriteAreaBits          0041451f f   cmodel.obj
 0001:000135af       _CM_WritePortalState       004145af f   cmodel.obj
 0001:000135c9       _CM_ReadPortalState        004145c9 f   cmodel.obj
 0001:000135e7       _CM_HeadnodeVisible        004145e7 f   cmodel.obj
 0001:0001364f       _Com_BeginRedirect         0041464f f   common.obj
 0001:0001368c       _Com_EndRedirect           0041468c f   common.obj
 0001:000136b7       _Com_Printf                004146b7 f   common.obj
 0001:00013816       _Com_DPrintf               00414816 f   common.obj
 0001:00013890       _DebugPrintf               00414890 f   common.obj
 0001:00013938       _Com_WPrintf               00414938 f   common.obj
 0001:00013991       _Com_Error                 00414991 f   common.obj
 0001:00013a6f       _Com_Quit                  00414a6f f   common.obj
 0001:00013a9f       _MatchWildcard             00414a9f f   common.obj
 0001:00013bdc       _Com_ServerState           00414bdc f   common.obj
 0001:00013be2       _Com_SetServerState        00414be2 f   common.obj
 0001:00013bec       _MSG_WriteByte             00414bec f   common.obj
 0001:00013bec       _MSG_WriteChar             00414bec f   common.obj
 0001:00013c00       _MSG_WriteShort            00414c00 f   common.obj
 0001:00013c1a       _MSG_WriteLong             00414c1a f   common.obj
 0001:00013c44       _MSG_WriteFloat            00414c44 f   common.obj
 0001:00013c6a       _MSG_WriteString           00414c6a f   common.obj
 0001:00013ca2       _MSG_WriteCoord            00414ca2 f   common.obj
 0001:00013ccb       _MSG_WritePos              00414ccb f   common.obj
 0001:00013d3f       _MSG_WriteAngle            00414d3f f   common.obj
 0001:00013d62       _MSG_WriteAngle16          00414d62 f   common.obj
 0001:00013d91       _MSG_WriteDeltaUsercmd     00414d91 f   common.obj
 0001:00013f19       _MSG_WriteDir              00414f19 f   common.obj
 0001:00013f86       _MSG_ReadDir               00414f86 f   common.obj
 0001:00013fc4       _MSG_WriteDeltaEntity      00414fc4 f   common.obj
 0001:000144bd       _MSG_BeginReading          004154bd f   common.obj
 0001:000144c6       _MSG_ReadChar              004154c6 f   common.obj
 0001:000144e7       _MSG_ReadByte              004154e7 f   common.obj
 0001:00014508       _MSG_ReadShort             00415508 f   common.obj
 0001:00014538       _MSG_ReadLong              00415538 f   common.obj
 0001:00014577       _MSG_ReadString            00415577 f   common.obj
 0001:000145aa       _MSG_ReadStringLine        004155aa f   common.obj
 0001:000145e2       _MSG_ReadCoord             004155e2 f   common.obj
 0001:000145fc       _MSG_ReadPos               004155fc f   common.obj
 0001:0001464e       _MSG_ReadAngle             0041564e f   common.obj
 0001:00014668       _MSG_ReadAngle16           00415668 f   common.obj
 0001:00014682       _MSG_ReadDeltaUsercmd      00415682 f   common.obj
 0001:00014739       _MSG_ReadData              00415739 f   common.obj
 0001:0001475c       _SZ_Init                   0041575c f   common.obj
 0001:0001477e       _SZ_Clear                  0041577e f   common.obj
 0001:0001478b       _SZ_GetSpace               0041578b f   common.obj
 0001:000147ed       _SZ_Write                  004157ed f   common.obj
 0001:0001480e       _SZ_Print                  0041580e f   common.obj
 0001:00014857       _COM_Argc                  00415857 f   common.obj
 0001:0001485d       _COM_Argv                  0041585d f   common.obj
 0001:0001487e       _COM_ClearArgv             0041587e f   common.obj
 0001:000148a6       _COM_InitArgv              004158a6 f   common.obj
 0001:00014901       _Info_Print                00415901 f   common.obj
 0001:000149be       _COM_BlockSequenceCRCByte  004159be f   common.obj
 0001:00014a4a       _frand                     00415a4a f   common.obj
 0001:00014a67       _crand                     00415a67 f   common.obj
 0001:00014a8a       _Qcommon_Init              00415a8a f   common.obj
 0001:00014bde       _Qcommon_Frame             00415bde f   common.obj
 0001:00014efa       _CCheckParm                00415efa f   conproc.obj
 0001:00014f33       _InitConProc               00415f33 f   conproc.obj
 0001:00015085       _DeinitConProc             00416085 f   conproc.obj
 0001:00015096       _RequestProc@4             00416096 f   conproc.obj
 0001:000151a7       _WriteText                 004161a7 f   conproc.obj
 0001:0001526e       _CharToCode                0041626e f   conproc.obj
 0001:000152f6       _SetConsoleCXCY            004162f6 f   conproc.obj
 0001:0001542d       _DrawStringCommon          0041642d f   console.obj
 0001:0001548a       _DrawString                0041648a f   console.obj
 0001:000154ac       _DrawAltString             004164ac f   console.obj
 0001:000154d1       _Con_ToggleConsole_f       004164d1 f   console.obj
 0001:0001555b       _Con_ClearNotify           0041655b f   console.obj
 0001:00015569       _Con_CheckResize           00416569 f   console.obj
 0001:00015689       _Con_Init                  00416689 f   console.obj
 0001:00015926       _Con_Print                 00416926 f   console.obj
 0001:00015bf6       _Con_DrawNotify            00416bf6 f   console.obj
 0001:00015e50       _Con_DrawConsole           00416e50 f   console.obj
 0001:0001638c       _CRC_Block                 0041738c f   crc.obj
 0001:000163c8       _Cvar_VariableValue        004173c8 f   cvar.obj
 0001:00016436       _Cvar_VariableInt          00417436 f   cvar.obj
 0001:00016449       _Cvar_VariableString       00417449 f   cvar.obj
 0001:00016461       _Cvar_Get                  00417461 f   cvar.obj
 0001:000166bd       _Cvar_GetVars              004176bd f   cvar.obj
 0001:00016711       _Cvar_FullSet              00417711 f   cvar.obj
 0001:0001676e       _Cvar_SetValue             0041776e f   cvar.obj
 0001:00016959       _Cvar_SetInteger           00417959 f   cvar.obj
 0001:0001697b       _Cvar_Set                  0041797b f   cvar.obj
 0001:00016990       _Cvar_ForceSet             00417990 f   cvar.obj
 0001:000169a5       _Cvar_Clamp                004179a5 f   cvar.obj
 0001:00016a2f       _Cvar_ClampName            00417a2f f   cvar.obj
 0001:00016a80       _Cvar_GetLatchedVars       00417a80 f   cvar.obj
 0001:00016aaf       _Cvar_Command              00417aaf f   cvar.obj
 0001:00016b1d       _Cvar_WriteVariables       00417b1d f   cvar.obj
 0001:00016b82       _Cvar_BitInfo              00417b82 f   cvar.obj
 0001:00016bbb       _Cvar_Userinfo             00417bbb f   cvar.obj
 0001:00016bc4       _Cvar_Serverinfo           00417bc4 f   cvar.obj
 0001:00016bcd       _Cvar_Init                 00417bcd f   cvar.obj
 0001:000171fb       _FS_CreatePath             004181fb f   files.obj
 0001:00017221       _Developer_searchpath      00418221 f   files.obj
 0001:00017266       _FS_FCloseFile             00418266 f   files.obj
 0001:000172fc       _FS_FOpenFile              004182fc f   files.obj
 0001:00017796       _FS_FileExists             00418796 f   files.obj
 0001:000179b4       _FS_Read                   004189b4 f   files.obj
 0001:00017c61       _FS_LoadFile               00418c61 f   files.obj
 0001:00017cc3       _FS_FreeFile               00418cc3 f   files.obj
 0001:00017cce       _FS_LoadPackFile           00418cce f   files.obj
 0001:00018006       _FS_UnloadPackFile         00419006 f   files.obj
 0001:00018053       _FS_AddGameDirectory       00419053 f   files.obj
 0001:000181e7       _FS_Gamedir                004191e7 f   files.obj
 0001:000181fb       _FS_LoadGameConfig         004191fb f   files.obj
 0001:000182c0       _FS_SetGamedir             004192c0 f   files.obj
 0001:00018459       _FS_ListFiles              00419459 f   files.obj
 0001:0001875e       _FS_NextPath               0041975e f   files.obj
 0001:00018782       _FS_InitFilesystem         00419782 f   files.obj
 0001:0001914a       _LoadPCX                   0041a14a f   images.obj
 0001:0001932e       _LoadTGA                   0041a32e f   images.obj
 0001:000196c4       _LoadJPG                   0041a6c4 f   images.obj
 0001:00019957       _ImageExists               0041a957 f   images.obj
 0001:00019a5d       _WriteTGA                  0041aa5d f   images.obj
 0001:00019b09       _WriteJPG                  0041ab09 f   images.obj
 0001:00019c31       _IN_MLookDown              0041ac31 f   in_win.obj
 0001:00019c3c       _IN_MLookUp                0041ac3c f   in_win.obj
 0001:00019c5f       _IN_StartupMouse           0041ac5f f   in_win.obj
 0001:00019cb9       _IN_MouseEvent             0041acb9 f   in_win.obj
 0001:00019d36       _IN_Init                   0041ad36 f   in_win.obj
 0001:00019d7c       _IN_Shutdown               0041ad7c f   in_win.obj
 0001:00019e61       _IN_Activate               0041ae61 f   in_win.obj
 0001:00019e78       _IN_Frame                  0041ae78 f   in_win.obj
 0001:0001a24c       _IN_Move                   0041b24c f   in_win.obj
 0001:0001a417       _IN_StartupJoystick        0041b417 f   in_win.obj
 0001:0001a538       _Joy_AdvancedUpdate_f      0041b538 f   in_win.obj
 0001:0001a6cf       _IN_Commands               0041b6cf f   in_win.obj
 0001:0001a7fe       _IN_ReadJoystick           0041b7fe f   in_win.obj
 0001:0001a839       _IN_JoyMove                0041b839 f   in_win.obj
 0001:0001ab89       _Key_StringToKeynum        0041bb89 f   keys.obj
 0001:0001abd3       _Key_KeynumToString        0041bbd3 f   keys.obj
 0001:0001ac26       _Key_Console               0041bc26 f   keys.obj
 0001:0001b96d       _Key_Message               0041c96d f   keys.obj
 0001:0001b9fe       _Key_SetBinding            0041c9fe f   keys.obj
 0001:0001ba58       _Key_Bindlist_f            0041ca58 f   keys.obj
 0001:0001bae9       _Key_WriteBindings         0041cae9 f   keys.obj
 0001:0001bb27       _Key_Init                  0041cb27 f   keys.obj
 0001:0001bdfa       _Key_Event                 0041cdfa f   keys.obj
 0001:0001c0d9       _Key_ClearStates           0041d0d9 f   keys.obj
 0001:0001c11e       _Key_ClearTyping           0041d11e f   keys.obj
 0001:0001c137       _MD4Init                   0041d137 f   md4.obj
 0001:0001c15f       _MD4Update                 0041d15f f   md4.obj
 0001:0001c1fd       _MD4Final                  0041d1fd f   md4.obj
 0001:0001c8ee       _Com_BlockChecksum         0041d8ee f   md4.obj
 0001:0001c92a       _Z_Free                    0041d92a f   memory.obj
 0001:0001c980       _Z_FreeTags                0041d980 f   memory.obj
 0001:0001c9b0       _Z_TagMalloc               0041d9b0 f   memory.obj
 0001:0001ca21       _Z_Malloc                  0041da21 f   memory.obj
 0001:0001ca43       _Z_BlockMalloc             0041da43 f   memory.obj
 0001:0001ca5e       _CreateMemoryChain         0041da5e f   memory.obj
 0001:0001cac7       _FreeMemoryChain           0041dac7 f   memory.obj
 0001:0001caf1       _AllocChainBlock           0041daf1 f   memory.obj
 0001:0001cb3c       _CopyString                0041db3c f   memory.obj
 0001:0001cb60       _ChainCopyString           0041db60 f   memory.obj
 0001:0001cb88       _AllocNamedStruc           0041db88 f   memory.obj
 0001:0001cbc3       _ChainAllocNamedStruc      0041dbc3 f   memory.obj
 0001:0001cc02       _FindNamedStruc            0041dc02 f   memory.obj
 0001:0001cc46       _FindNamedStrucByIndex     0041dc46 f   memory.obj
 0001:0001cc5d       _IndexOfNamedStruc         0041dc5d f   memory.obj
 0001:0001cc8b       _AddToNamedList            0041dc8b f   memory.obj
 0001:0001ccd5       _ChainAddToNamedList       0041dcd5 f   memory.obj
 0001:0001cd1f       _FreeNamedList             0041dd1f f   memory.obj
 0001:0001cd3a       _Z_Init                    0041dd3a f   memory.obj
 0001:0001cd75       _M_PushMenu                0041dd75 f   menu.obj
 0001:0001ce32       _M_ForceMenuOff            0041de32 f   menu.obj
 0001:0001ce5f       _M_PopMenu                 0041de5f f   menu.obj
 0001:0001ceb3       _Default_MenuKey           0041deb3 f   menu.obj
 0001:0001cfdd       _M_Print                   0041dfdd f   menu.obj
 0001:0001d028       _M_DrawTextBox             0041e028 f   menu.obj
 0001:0001d214       _M_Main_Draw               0041e214 f   menu.obj
 0001:0001d385       _M_Main_Key                0041e385 f   menu.obj
 0001:0001d469       _M_Menu_Main_f             0041e469 f   menu.obj
 0001:0001d485       _M_Menu_Multiplayer_f      0041e485 f   menu.obj
 0001:0001d60a       _M_Menu_Keys_f             0041e60a f   menu.obj
 0001:0001dae4       _M_Menu_Options_f          0041eae4 f   menu.obj
 0001:0001e3d5       _M_Menu_Video_f            0041f3d5 f   menu.obj
 0001:0001e3f6       _M_Menu_Credits_f          0041f3f6 f   menu.obj
 0001:0001e5c4       _M_Menu_Game_f             0041f5c4 f   menu.obj
 0001:0001e857       _M_Menu_LoadGame_f         0041f857 f   menu.obj
 0001:0001ea04       _M_Menu_SaveGame_f         0041fa04 f   menu.obj
 0001:0001eb3f       _M_AddToServerList         0041fb3f f   menu.obj
 0001:0001ebbd       _M_Menu_JoinServer_f       0041fbbd f   menu.obj
 0001:0001ee2c       _M_Menu_StartServer_f      0041fe2c f   menu.obj
 0001:0001f657       _M_Menu_DMOptions_f        00420657 f   menu.obj
 0001:0001fe10       _M_Menu_DownloadOptions_f  00420e10 f   menu.obj
 0001:00020092       _M_Menu_AddressBook_f      00421092 f   menu.obj
 0001:00021270       _M_Init                    00422270 f   menu.obj
 0001:00021394       _M_Draw                    00422394 f   menu.obj
 0001:00021428       _M_Keydown                 00422428 f   menu.obj
 0001:00021444       _LoadQ2BspFile             00422444 f   model.obj
 0001:00021a0d       _LoadBspFile               00422a0d f   model.obj
 0001:00021b2d       _ProcessEntstring          00422b2d f   model.obj
 0001:000222fc       _Netchan_Init              004232fc f   net_chan.obj
 0001:0002235c       _Netchan_OutOfBand         0042335c f   net_chan.obj
 0001:000223b8       _Netchan_OutOfBandPrint    004233b8 f   net_chan.obj
 0001:000223f8       _Netchan_Setup             004233f8 f   net_chan.obj
 0001:00022453       _Netchan_NeedReliable      00423453 f   net_chan.obj
 0001:0002247f       _Netchan_Transmit          0042347f f   net_chan.obj
 0001:00022628       _Netchan_Process           00423628 f   net_chan.obj
 0001:00022773       _NetadrToSockadr           00423773 f   net_wins.obj
 0001:0002281a       _SockadrToNetadr           0042381a f   net_wins.obj
 0001:0002287d       _NET_CompareAdr            0042387d f   net_wins.obj
 0001:000228df       _NET_CompareBaseAdr        004238df f   net_wins.obj
 0001:00022937       _NET_AdrToString           00423937 f   net_wins.obj
 0001:000229eb       _NET_StringToSockaddr      004239eb f   net_wins.obj
 0001:00022c20       _NET_StringToAdr           00423c20 f   net_wins.obj
 0001:00022c79       _NET_IsLocalAddress        00423c79 f   net_wins.obj
 0001:00022c83       _NET_GetLoopPacket         00423c83 f   net_wins.obj
 0001:00022d0a       _NET_SendLoopPacket        00423d0a f   net_wins.obj
 0001:00022d56       _NET_GetPacket             00423d56 f   net_wins.obj
 0001:00022e8b       _NET_SendPacket            00423e8b f   net_wins.obj
 0001:00022fec       _NET_IPSocket              00423fec f   net_wins.obj
 0001:000230fb       _NET_OpenIP                004240fb f   net_wins.obj
 0001:0002321c       _NET_IPXSocket             0042421c f   net_wins.obj
 0001:00023317       _NET_OpenIPX               00424317 f   net_wins.obj
 0001:000233ff       _NET_Config                004243ff f   net_wins.obj
 0001:00023475       _NET_Sleep                 00424475 f   net_wins.obj
 0001:0002351f       _NET_Init                  0042451f f   net_wins.obj
 0001:00023796       _Pmove                     00424796 f   pmove.obj
 0001:000252d7       _Q_rsqrt                   004262d7 f   q_shared2.obj
 0001:00025307       _RotatePointAroundVector   00426307 f   q_shared2.obj
 0001:00025477       _AngleVectors              00426477 f   q_shared2.obj
 0001:0002557b       _ProjectPointOnPlane       0042657b f   q_shared2.obj
 0001:000255fa       _PerpendicularVector       004265fa f   q_shared2.obj
 0001:00025679       _MakeNormalVectors         00426679 f   q_shared2.obj
 0001:000256e0       _MatrixMultiply            004266e0 f   q_shared2.obj
 0001:000257c7       _R_ConcatTransforms        004267c7 f   q_shared2.obj
 0001:00025901       _SetPlaneSignbits          00426901 f   q_shared2.obj
 0001:00025931       _LerpAngle                 00426931 f   q_shared2.obj
 0001:00025974       _anglemod                  00426974 f   q_shared2.obj
 0001:00025998       _BoxOnPlaneSide            00426998 f   q_shared2.obj
 0001:00025ab4       _ClearBounds               00426ab4 f   q_shared2.obj
 0001:00025add       _AddPointToBounds          00426add f   q_shared2.obj
 0001:00025b16       _VectorCompare             00426b16 f   q_shared2.obj
 0001:00025b44       _VectorNormalize           00426b44 f   q_shared2.obj
 0001:00025b98       _VectorNormalize2          00426b98 f   q_shared2.obj
 0001:00025bf0       _VectorNormalizeFast       00426bf0 f   q_shared2.obj
 0001:00025c33       _VectorMA                  00426c33 f   q_shared2.obj
 0001:00025c62       _CrossProduct              00426c62 f   q_shared2.obj
 0001:00025c9d       _VectorLength              00426c9d f   q_shared2.obj
 0001:00025ccc       _VectorDistance            00426ccc f   q_shared2.obj
 0001:00025cfd       _VectorInverse             00426cfd f   q_shared2.obj
 0001:00025d18       _VectorScale               00426d18 f   q_shared2.obj
 0001:00025d3c       _AnglesToAxis              00426d3c f   q_shared2.obj
 0001:00025d81       _COM_StripExtension        00426d81 f   q_shared2.obj
 0001:00025da2       _COM_FilePath              00426da2 f   q_shared2.obj
 0001:00025dd8       _ShortSwap                 00426dd8 f   q_shared2.obj
 0001:00025ded       _va                        00426ded f   q_shared2.obj
 0001:00025e3a       _COM_ParseExt              00426e3a f   q_shared2.obj
 0001:00025f35       _Com_PageInMemory          00426f35 f   q_shared2.obj
 0001:00025f54       _Q_stricmp                 00426f54 f   q_shared2.obj
 0001:00025f65       _Q_strncasecmp             00426f65 f   q_shared2.obj
 0001:00025fbd       _Q_strcasecmp              00426fbd f   q_shared2.obj
 0001:00025fd3       _Q_strncpyz                00426fd3 f   q_shared2.obj
 0001:00025ff7       _Q_strncpylower            00426ff7 f   q_shared2.obj
 0001:00026031       _Q_CopyFilename            00427031 f   q_shared2.obj
 0001:000260cb       _Com_sprintf               004270cb f   q_shared2.obj
 0001:00026110       _Info_ValueForKey          00427110 f   q_shared2.obj
 0001:0002619b       _Info_RemoveKey            0042719b f   q_shared2.obj
 0001:00026221       _Info_SetValueForKey       00427221 f   q_shared2.obj
 0001:0002635f       _Field_Draw                0042735f f   qmenu.obj
 0001:00026573       _Field_Key                 00427573 f   qmenu.obj
 0001:000267dc       _Menu_AddItem              004277dc f   qmenu.obj
 0001:00026811       _Menu_AdjustCursor         00427811 f   qmenu.obj
 0001:00026950       _Menu_Center               00427950 f   qmenu.obj
 0001:00026988       _Menu_DrawDotsItem         00427988 f   qmenu.obj
 0001:000269ed       _Menu_Draw                 004279ed f   qmenu.obj
 0001:00026c9e       _Menu_ItemAtCursor         00427c9e f   qmenu.obj
 0001:00026cb6       _Menu_SelectItem           00427cb6 f   qmenu.obj
 0001:00026cf8       _Menu_SetStatusBar         00427cf8 f   qmenu.obj
 0001:00026d07       _Menu_SlideItem            00427d07 f   qmenu.obj
 0001:00026d57       _Menu_TallySlots           00427d57 f   qmenu.obj
 0001:00027207       _S_SoundInfo_f             00428207 f   snd_dma.obj
 0001:00027291       _S_ReadModelsSex           00428291 f   snd_dma.obj
 0001:0002737a       _S_IsFemale                0042837a f   snd_dma.obj
 0001:00027408       _S_Init                    00428408 f   snd_dma.obj
 0001:000274db       _S_Shutdown                004284db f   snd_dma.obj
 0001:00027565       _S_FindName                00428565 f   snd_dma.obj
 0001:00027651       _S_AliasName               00428651 f   snd_dma.obj
 0001:000276dd       _S_BeginRegistration       004286dd f   snd_dma.obj
 0001:000276ee       _S_RegisterSound           004286ee f   snd_dma.obj
 0001:00027754       _S_EndRegistration         00428754 f   snd_dma.obj
 0001:000277e7       _S_PickChannel             004287e7 f   snd_dma.obj
 0001:0002787e       _S_SpatializeOrigin        0042887e f   snd_dma.obj
 0001:00027986       _S_Spatialize              00428986 f   snd_dma.obj
 0001:000279f4       _S_AllocPlaysound          004289f4 f   snd_dma.obj
 0001:00027a13       _S_FreePlaysound           00428a13 f   snd_dma.obj
 0001:00027a43       _S_IssuePlaysound          00428a43 f   snd_dma.obj
 0001:00027b01       _S_RegisterSexedSound      00428b01 f   snd_dma.obj
 0001:00027be5       _S_StartSound              00428be5 f   snd_dma.obj
 0001:00027d7b       _S_StartLocalSound         00428d7b f   snd_dma.obj
 0001:00027dca       _S_ClearBuffer             00428dca f   snd_dma.obj
 0001:00027e22       _S_StopAllSounds           00428e22 f   snd_dma.obj
 0001:00027e9d       _S_AddLoopSounds           00428e9d f   snd_dma.obj
 0001:00028069       _S_RawSamples              00429069 f   snd_dma.obj
 0001:0002826d       _S_Update                  0042926d f   snd_dma.obj
 0001:00028394       _GetSoundtime              00429394 f   snd_dma.obj
 0001:000283fb       _S_Update_                 004293fb f   snd_dma.obj
 0001:00028491       _S_Play                    00429491 f   snd_dma.obj
 0001:00028541       _S_SoundList               00429541 f   snd_dma.obj
 0001:00028602       _ResampleSfx               00429602 f   snd_mem.obj
 0001:00028706       _S_LoadSound               00429706 f   snd_mem.obj
 0001:0002882c       _GetLittleShort            0042982c f   snd_mem.obj
 0001:00028849       _GetLittleLong             00429849 f   snd_mem.obj
 0001:00028877       _FindNextChunk             00429877 f   snd_mem.obj
 0001:000288d3       _GetWavinfo                004298d3 f   snd_mem.obj
 0001:00028aa6       _S_WriteLinearBlastStereo16 00429aa6 f   snd_mix.obj
 0001:00028b1a       _S_TransferStereo16        00429b1a f   snd_mix.obj
 0001:00028b83       _S_TransferPaintBuffer     00429b83 f   snd_mix.obj
 0001:00028cdf       _S_PaintChannels           00429cdf f   snd_mix.obj
 0001:00028f04       _S_InitScaletable          00429f04 f   snd_mix.obj
 0001:00028f57       _S_PaintChannelFrom8       00429f57 f   snd_mix.obj
 0001:00029059       _S_PaintChannelFrom16      0042a059 f   snd_mix.obj
 0001:000290c4       _FreeSound                 0042a0c4 f   snd_win.obj
 0001:000291d4       _SNDDMA_InitDirect         0042a1d4 f   snd_win.obj
 0001:000296a3       _SNDDMA_Init               0042a6a3 f   snd_win.obj
 0001:0002971f       _SNDDMA_GetDMAPos          0042a71f f   snd_win.obj
 0001:00029769       _SNDDMA_BeginPainting      0042a769 f   snd_win.obj
 0001:0002986b       _SNDDMA_Submit             0042a86b f   snd_win.obj
 0001:00029890       _SNDDMA_Shutdown           0042a890 f   snd_win.obj
 0001:00029895       _S_Activate                0042a895 f   snd_win.obj
 0001:000298c0       _SV_SetMaster_f            0042a8c0 f   sv_ccmds.obj
 0001:000299dd       _SV_SetPlayer              0042a9dd f   sv_ccmds.obj
 0001:00029ac9       _SV_WipeSavegame           0042aac9 f   sv_ccmds.obj
 0001:00029b18       _SV_CopySaveGame           0042ab18 f   sv_ccmds.obj
 0001:00029c97       _SV_WriteLevelFile         0042ac97 f   sv_ccmds.obj
 0001:00029d45       _SV_ReadLevelFile          0042ad45 f   sv_ccmds.obj
 0001:00029df3       _SV_WriteServerFile        0042adf3 f   sv_ccmds.obj
 0001:0002a044       _SV_ReadServerFile         0042b044 f   sv_ccmds.obj
 0001:0002a15e       _SV_DemoMap_f              0042b15e f   sv_ccmds.obj
 0001:0002a196       _SV_GameMap_f              0042b196 f   sv_ccmds.obj
 0001:0002a306       _SV_Map_f                  0042b306 f   sv_ccmds.obj
 0001:0002a373       _SV_Loadgame_f             0042b373 f   sv_ccmds.obj
 0001:0002a46b       _SV_Savegame_f             0042b46b f   sv_ccmds.obj
 0001:0002a56b       _SV_Kick_f                 0042b56b f   sv_ccmds.obj
 0001:0002a5e8       _SV_Status_f               0042b5e8 f   sv_ccmds.obj
 0001:0002a78a       _SV_ConSay_f               0042b78a f   sv_ccmds.obj
 0001:0002a81d       _SV_Heartbeat_f            0042b81d f   sv_ccmds.obj
 0001:0002a828       _SV_Serverinfo_f           0042b828 f   sv_ccmds.obj
 0001:0002a840       _SV_DumpUser_f             0042b840 f   sv_ccmds.obj
 0001:0002a886       _SV_ServerRecord_f         0042b886 f   sv_ccmds.obj
 0001:0002aa3d       _SV_ServerStop_f           0042ba3d f   sv_ccmds.obj
 0001:0002aa69       _SV_KillServer_f           0042ba69 f   sv_ccmds.obj
 0001:0002aa89       _SV_ServerCommand_f        0042ba89 f   sv_ccmds.obj
 0001:0002aaa1       _SV_InitOperatorCommands   0042baa1 f   sv_ccmds.obj
 0001:0002aba7       _SV_EmitPacketEntities     0042bba7 f   sv_ents.obj
 0001:0002ad15       _SV_WritePlayerstateToClient 0042bd15 f   sv_ents.obj
 0001:0002b1d3       _SV_WriteFrameToClient     0042c1d3 f   sv_ents.obj
 0001:0002b28f       _SV_FatPVS                 0042c28f f   sv_ents.obj
 0001:0002b3bc       _SV_BuildClientFrame       0042c3bc f   sv_ents.obj
 0001:0002b687       _SV_RecordDemoMessage      0042c687 f   sv_ents.obj
 0001:0002b7ac       _SV_ShutdownGameProgs      0042c7ac f   sv_game.obj
 0001:0002b7c5       _SV_InitGameProgs          0042c7c5 f   sv_game.obj
 0001:0002c070       _SV_FindIndex              0042d070 f   sv_init.obj
 0001:0002c137       _SV_ModelIndex             0042d137 f   sv_init.obj
 0001:0002c14d       _SV_SoundIndex             0042d14d f   sv_init.obj
 0001:0002c166       _SV_ImageIndex             0042d166 f   sv_init.obj
 0001:0002c17f       _SV_CreateBaseline         0042d17f f   sv_init.obj
 0001:0002c1e2       _SV_CheckForSavegame       0042d1e2 f   sv_init.obj
 0001:0002c26a       _SV_SpawnServer            0042d26a f   sv_init.obj
 0001:0002c4e7       _SV_InitGame               0042d4e7 f   sv_init.obj
 0001:0002c6d2       _SV_Map                    0042d6d2 f   sv_init.obj
 0001:0002c8c9       _SV_DropClient             0042d8c9 f   sv_main.obj
 0001:0002c91d       _SV_StatusString           0042d91d f   sv_main.obj
 0001:0002ca04       _SVC_Status                0042da04 f   sv_main.obj
 0001:0002ca2d       _SVC_Info                  0042da2d f   sv_main.obj
 0001:0002cae3       _SVC_GetChallenge          0042dae3 f   sv_main.obj
 0001:0002cbae       _SVC_DirectConnect         0042dbae f   sv_main.obj
 0001:0002d08b       _Rcon_Validate             0042e08b f   sv_main.obj
 0001:0002d0bc       _SVC_RemoteCommand         0042e0bc f   sv_main.obj
 0001:0002d1a8       _SV_ConnectionlessPacket   0042e1a8 f   sv_main.obj
 0001:0002d304       _SV_CalcPings              0042e304 f   sv_main.obj
 0001:0002d38b       _SV_GiveMsec               0042e38b f   sv_main.obj
 0001:0002d3ca       _SV_ReadPackets            0042e3ca f   sv_main.obj
 0001:0002d4fb       _SV_CheckTimeouts          0042e4fb f   sv_main.obj
 0001:0002d5b7       _SV_PrepWorldFrame         0042e5b7 f   sv_main.obj
 0001:0002d5dd       _SV_PostprocessFrame       0042e5dd f   sv_main.obj
 0001:0002da08       _SV_Frame                  0042ea08 f   sv_main.obj
 0001:0002db3b       _Master_Heartbeat          0042eb3b f   sv_main.obj
 0001:0002dbf2       _Master_Shutdown           0042ebf2 f   sv_main.obj
 0001:0002dc70       _SV_UserinfoChanged        0042ec70 f   sv_main.obj
 0001:0002dd38       _SV_Init                   0042ed38 f   sv_main.obj
 0001:0002dd9b       _SV_FinalMessage           0042ed9b f   sv_main.obj
 0001:0002de62       _SV_Shutdown               0042ee62 f   sv_main.obj
 0001:0002def9       _SV_FlushRedirect          0042eef9 f   sv_send.obj
 0001:0002df6b       _SV_ClientPrintf           0042ef6b f   sv_send.obj
 0001:0002dfc1       _SV_BroadcastPrintf        0042efc1 f   sv_send.obj
 0001:0002e092       _SV_BroadcastCommand       0042f092 f   sv_send.obj
 0001:0002e0e4       _SV_Multicast              0042f0e4 f   sv_send.obj
 0001:0002e28f       _SV_MulticastOld           0042f28f f   sv_send.obj
 0001:0002e2a2       _SV_StartSound             0042f2a2 f   sv_send.obj
 0001:0002e4fc       _SV_StartSoundOld          0042f4fc f   sv_send.obj
 0001:0002e52c       _SV_StartSoundNew          0042f52c f   sv_send.obj
 0001:0002e55c       _SV_SendClientDatagram     0042f55c f   sv_send.obj
 0001:0002e630       _SV_DemoCompleted          0042f630 f   sv_send.obj
 0001:0002e64c       _SV_RateDrop               0042f64c f   sv_send.obj
 0001:0002e697       _SV_SendClientMessages     0042f697 f   sv_send.obj
 0001:0002e7f4       _SV_BeginDemoserver        0042f7f4 f   sv_user.obj
 0001:0002e844       _SV_New_f                  0042f844 f   sv_user.obj
 0001:0002e9b9       _SV_Configstrings_f        0042f9b9 f   sv_user.obj
 0001:0002eb06       _SV_Baselines_f            0042fb06 f   sv_user.obj
 0001:0002ec6e       _SV_Begin_f                0042fc6e f   sv_user.obj
 0001:0002eccb       _SV_NextDownload_f         0042fccb f   sv_user.obj
 0001:0002ed9f       _SV_BeginDownload_f        0042fd9f f   sv_user.obj
 0001:0002efd6       _SV_Disconnect_f           0042ffd6 f   sv_user.obj
 0001:0002efe3       _SV_ShowServerinfo_f       0042ffe3 f   sv_user.obj
 0001:0002eff0       _SV_Nextserver             0042fff0 f   sv_user.obj
 0001:0002f04f       _SV_Nextserver_f           0043004f f   sv_user.obj
 0001:0002f096       _SV_ExecuteUserCommand     00430096 f   sv_user.obj
 0001:0002f103       _SV_ClientThink            00430103 f   sv_user.obj
 0001:0002f146       _SV_ExecuteClientMessage   00430146 f   sv_user.obj
 0001:0002f374       _SV_ClearWorld             00430374 f   sv_world.obj
 0001:0002f49c       _SV_UnlinkEdict            0043049c f   sv_world.obj
 0001:0002f4c1       _SV_LinkEdict              004304c1 f   sv_world.obj
 0001:0002f912       _SV_AreaEdicts             00430912 f   sv_world.obj
 0001:0002fa63       _SV_PointContents          00430a63 f   sv_world.obj
 0001:0002fb49       _SV_ClipMoveToEntities     00430b49 f   sv_world.obj
 0001:0002fdbb       _SV_Trace                  00430dbb f   sv_world.obj
 0001:0002fe47       _Sys_Error                 00430e47 f   sys_win.obj
 0001:0002fea7       _Sys_Quit                  00430ea7 f   sys_win.obj
 0001:0002fee7       _Sys_ScanForCD             00430ee7 f   sys_win.obj
 0001:0002ff83       _Sys_Init                  00430f83 f   sys_win.obj
 0001:000303a2       _Sys_ConsoleInput          004313a2 f   sys_win.obj
 0001:00030502       _Sys_ConsoleOutput         00431502 f   sys_win.obj
 0001:000305b3       _Sys_SendKeyEvents         004315b3 f   sys_win.obj
 0001:0003061c       _Sys_GetClipboardData      0043161c f   sys_win.obj
 0001:00030675       _Sys_AppActivate           00431675 f   sys_win.obj
 0001:00030690       _Sys_UnloadGame            00431690 f   sys_win.obj
 0001:000306b5       _Sys_GetGameAPI            004316b5 f   sys_win.obj
 0001:000307a2       _ParseCommandLine          004317a2 f   sys_win.obj
 0001:00030817       _WinMain@16                00431817 f   sys_win.obj
 0001:00030954       _AppActivate               00431954 f   vid_dll.obj
 0001:00030a89       _Vid_CreateWindow          00431a89 f   vid_dll.obj
 0001:0003107d       _Vid_DestroyWindow         0043207d f   vid_dll.obj
 0001:000310c6       _Vid_GetModeInfo           004320c6 f   vid_dll.obj
 0001:000310f5       _Vid_UpdateWindowPosAndSize 004320f5 f   vid_dll.obj
 0001:0003115c       _Vid_FreeReflib            0043215c f   vid_dll.obj
 0001:0003119d       _Vid_CheckChanges          0043219d f   vid_dll.obj
 0001:00031556       _Vid_Init                  00432556 f   vid_dll.obj
 0001:000315c7       _Vid_Shutdown              004325c7 f   vid_dll.obj
 0001:000315f5       _Vid_MenuInit              004325f5 f   vid_menu.obj
 0001:00031d30       _Vid_MenuDraw              00432d30 f   vid_menu.obj
 0001:00031dc4       _Vid_MenuKey               00432dc4 f   vid_menu.obj
 0001:000320fc       _TesselateText             004330fc f   gl_backend.obj
 0001:00033b90       _GL_BackEnd                00434b90 f   gl_backend.obj
 0001:0003592f       _GL_InitBackend            0043692f f   gl_backend.obj
 0001:00035b63       _GL_ShutdownBackend        00436b63 f   gl_backend.obj
 0001:00035bb0       _GL_TextureMode            00436bb0 f   gl_image.obj
 0001:00035c5f       _GL_CreateImage            00436c5f f   gl_image.obj
 0001:000367fc       _GL_SetRawPalette          004377fc f   gl_image.obj
 0001:0003682d       _GL_DrawStretchRaw         0043782d f   gl_image.obj
 0001:00036ae8       _GL_SetupGamma             00437ae8 f   gl_image.obj
 0001:00036c88       _GL_PerformScreenshot      00437c88 f   gl_image.obj
 0001:00036ea7       _GL_InitImages             00437ea7 f   gl_image.obj
 0001:00037388       _GL_ShutdownImages         00438388 f   gl_image.obj
 0001:000373f7       _GL_ShowImages             004383f7 f   gl_image.obj
 0001:00037627       _GL_FindImage              00438627 f   gl_image.obj
 0001:000378ee       _GL_Lock                   004388ee f   gl_interface.obj
 0001:0003796b       _GL_Unlock                 0043896b f   gl_interface.obj
 0001:00037af4       _GL_Bind                   00438af4 f   gl_interface.obj
 0001:00037be7       _GL_BindForce              00438be7 f   gl_interface.obj
 0001:00037c33       _GL_TexEnv                 00438c33 f   gl_interface.obj
 0001:00037db0       _GL_TexEnvColor            00438db0 f   gl_interface.obj
 0001:00037e5c       _GL_SelectTexture          00438e5c f   gl_interface.obj
 0001:00037eba       _GL_TexCoordPointer        00438eba f   gl_interface.obj
 0001:00037ee9       _GL_SetMultitexture        00438ee9 f   gl_interface.obj
 0001:00037fc1       _GL_DisableTexCoordArrays  00438fc1 f   gl_interface.obj
 0001:0003801a       _GL_CullFace               0043901a f   gl_interface.obj
 0001:00038073       _GL_State                  00439073 f   gl_interface.obj
 0001:000381cc       _GL_EnableFog              004391cc f   gl_interface.obj
 0001:000382d0       _GL_SetDefaultState        004392d0 f   gl_interface.obj
 0001:000383d1       _GL_Set2DMode              004393d1 f   gl_interface.obj
 0001:000384cf       _GL_Setup                  004394cf f   gl_interface.obj
 0001:00038608       _GL_DrawStretchPic         00439608 f   gl_main.obj
 0001:000386c4       _DrawTextLeft              004396c4 f   gl_main.obj
 0001:000387cf       _DrawTextRight             004397cf f   gl_main.obj
 0001:00038820       _GL_GetRefAPI              00439820 f   gl_main.obj
 0001:00039e9f       _GL_FindModel              0043ae9f f   gl_model.obj
 0001:00039fab       _GL_UpdateDynamicLightmap  0043afab f   gl_model.obj
 0001:0003a48c       _GL_LoadWorldMap           0043b48c f   gl_model.obj
 0001:0003c404       _GL_PointInLeaf            0043d404 f   gl_model.obj
 0001:0003cd54       _GL_FindSkin               0043dd54 f   gl_model.obj
 0001:0003ceaa       _GL_ResetModels            0043deaa f   gl_model.obj
 0001:0003cf68       _GL_InitModels             0043df68 f   gl_model.obj
 0001:0003cfd5       _GL_ShutdownModels         0043dfd5 f   gl_model.obj
 0001:0003cff1       _GL_InitShaders            0043dff1 f   gl_shader.obj
 0001:0003d111       _GL_ShutdownShaders        0043e111 f   gl_shader.obj
 0001:0003d13b       _GL_SetShaderLightmap      0043e13b f   gl_shader.obj
 0001:0003d502       _GL_SetShaderLightstyles   0043e502 f   gl_shader.obj
 0001:0003d59e       _GL_GetAlphaShader         0043e59e f   gl_shader.obj
 0001:0003d832       _GL_FindShader             0043e832 f   gl_shader.obj
 0001:0003dd5e       _GL_GetShaderByNum         0043ed5e f   gl_shader.obj
 0001:0003dd7c       _GL_ResetShaders           0043ed7c f   gl_shader.obj
 0001:0003dfce       _GL_AddEntity              0043efce f   gl_world.obj
 0001:0003e2e7       _GL_AddDlight              0043f2e7 f   gl_world.obj
 0001:0003e4be       _GL_DrawPortal             0043f4be f   gl_world.obj
 0001:000402ed       _GLimp_SetMode             004412ed f   glw_imp.obj
 0001:0004058f       _GLimp_HasGamma            0044158f f   glw_imp.obj
 0001:000405a4       _GLimp_SetGamma            004415a4 f   glw_imp.obj
 0001:00040693       _GLimp_Shutdown            00441693 f   glw_imp.obj
 0001:000407a0       _GLimp_Init                004417a0 f   glw_imp.obj
 0001:00040ae4       _GLimp_EndFrame            00441ae4 f   glw_imp.obj
 0001:00040b80       _GLimp_AppActivate         00441b80 f   glw_imp.obj
 0001:00042560       _QGL_Shutdown              00443560 f   qgl_win.obj
 0001:00042586       _QGL_Init                  00443586 f   qgl_win.obj
 0001:0004260a       _QGL_InitExtensions        0044360a f   qgl_win.obj
 0001:000428f4       _QGL_EnableLogging         004438f4 f   qgl_win.obj
 0001:000429bf       _QGL_LogMessage            004439bf f   qgl_win.obj
 0001:000429d6       _Hunk_Begin                004439d6 f   q_shwin.obj
 0001:00042a10       _Hunk_Alloc                00443a10 f   q_shwin.obj
 0001:00042a97       _Hunk_End                  00443a97 f   q_shwin.obj
 0001:00042a9d       _Hunk_Free                 00443a9d f   q_shwin.obj
 0001:00042ab6       _Sys_Milliseconds          00443ab6 f   q_shwin.obj
 0001:00042aea       _Sys_Mkdir                 00443aea f   q_shwin.obj
 0001:00042af6       _Sys_FindFirst             00443af6 f   q_shwin.obj
 0001:00042c17       _Sys_FindNext              00443c17 f   q_shwin.obj
 0001:00042c89       _Sys_FindClose             00443c89 f   q_shwin.obj
 0001:00042ca3       _R_Alias_clip_z            00443ca3 f   r_aclip.obj
 0001:00042d50       _R_Alias_clip_left         00443d50 f   r_aclip.obj
 0001:00042f1e       _R_Alias_clip_right        00443f1e f   r_aclip.obj
 0001:000430ec       _R_Alias_clip_top          004440ec f   r_aclip.obj
 0001:000432bc       _R_Alias_clip_bottom       004442bc f   r_aclip.obj
 0001:0004348c       _R_AliasClip               0044448c f   r_aclip.obj
 0001:0004355c       _R_AliasClipTriangle       0044455c f   r_aclip.obj
 0001:0004374e       _R_AliasCheckFrameBBox     0044474e f   r_alias.obj
 0001:00043881       _R_AliasCheckBBox          00444881 f   r_alias.obj
 0001:000438e5       _R_AliasTransformVector    004448e5 f   r_alias.obj
 0001:00043941       _R_AliasPreparePoints      00444941 f   r_alias.obj
 0001:00043bd9       _R_AliasSetUpTransform     00444bd9 f   r_alias.obj
 0001:00043d68       _R_AliasTransformFinalVerts 00444d68 f   r_alias.obj
 0001:00043f39       _R_AliasProjectAndClipTestFinalVert 00444f39 f   r_alias.obj
 0001:00043fc1       _R_AliasSetupLighting      00444fc1 f   r_alias.obj
 0001:0004412b       _R_AliasSetupFrames        0044512b f   r_alias.obj
 0001:0004419f       _R_AliasSetUpLerpData      0044519f f   r_alias.obj
 0001:000442c7       _R_AliasDrawModel          004452c7 f   r_alias.obj
 0001:0004454e       _R_EntityRotate            0044554e f   r_bsp.obj
 0001:000445cf       _R_RotateBmodel            004455cf f   r_bsp.obj
 0001:0004472a       _R_RecursiveClipBPoly      0044572a f   r_bsp.obj
 0001:00044a5a       _R_DrawSolidClippedSubmodelPolygons 00445a5a f   r_bsp.obj
 0001:00044be1       _R_DrawSubmodelPolygons    00445be1 f   r_bsp.obj
 0001:00044c71       _R_RecursiveWorldNode      00445c71 f   r_bsp.obj
 0001:00044ecc       _R_RenderWorld             00445ecc f   r_bsp.obj
 0001:00044f3b       _Draw_FindPic              00445f3b f   r_draw.obj
 0001:00044f7e       _Draw_InitLocal            00445f7e f   r_draw.obj
 0001:00044f8f       _Draw_Char                 00445f8f f   r_draw.obj
 0001:00045070       _Draw_CharColor            00446070 f   r_draw.obj
 0001:0004517f       _R_DrawTexts               0044617f f   r_draw.obj
 0001:000451f5       _DrawText_Pos              004461f5 f   r_draw.obj
 0001:00045301       _DrawText_Left             00446301 f   r_draw.obj
 0001:0004533d       _DrawText_Right            0044633d f   r_draw.obj
 0001:0004538c       _Draw_GetPicSize           0044638c f   r_draw.obj
 0001:000453cc       _Draw_StretchPicImplementation 004463cc f   r_draw.obj
 0001:000454f6       _Draw_StretchPic           004464f6 f   r_draw.obj
 0001:0004552e       _Draw_StretchRaw           0044652e f   r_draw.obj
 0001:00045560       _Draw_Pic                  00446560 f   r_draw.obj
 0001:00045719       _Draw_PicColor             00446719 f   r_draw.obj
 0001:000458d2       _Draw_TileClear            004468d2 f   r_draw.obj
 0001:000459a2       _Draw_Fill                 004469a2 f   r_draw.obj
 0001:00045a3e       _Draw_Fade                 00446a3e f   r_draw.obj
 0001:00045aa0       _R_BeginEdgeFrame          00446aa0 f   r_edge.obj
 0001:00045b5c       _R_InsertNewEdges          00446b5c f   r_edge.obj
 0001:00045ba2       _R_RemoveEdges             00446ba2 f   r_edge.obj
 0001:00045bc0       _R_StepActiveU             00446bc0 f   r_edge.obj
 0001:00045c54       _R_CleanupSpan             00446c54 f   r_edge.obj
 0001:00045ca4       _R_LeadingEdgeBackwards    00446ca4 f   r_edge.obj
 0001:00045d39       _R_TrailingEdge            00446d39 f   r_edge.obj
 0001:00045d9d       _R_LeadingEdge             00446d9d f   r_edge.obj
 0001:00045f40       _R_GenerateSpans           00446f40 f   r_edge.obj
 0001:00045fae       _R_GenerateSpansBackward   00446fae f   r_edge.obj
 0001:0004601c       _R_ScanEdges               0044701c f   r_edge.obj
 0001:000461f3       _D_FlatFillSurface         004471f3 f   r_edge.obj
 0001:0004624d       _D_CalcGradients           0044724d f   r_edge.obj
 0001:00046464       _D_BackgroundSurf          00447464 f   r_edge.obj
 0001:000464a4       _D_TurbulentSurf           004474a4 f   r_edge.obj
 0001:000465c6       _D_SkySurf                 004475c6 f   r_edge.obj
 0001:00046647       _D_SolidSurf               00447647 f   r_edge.obj
 0001:000467b2       _D_DrawflatSurfaces        004477b2 f   r_edge.obj
 0001:00046802       _D_DrawSurfaces            00447802 f   r_edge.obj
 0001:00046900       _R_ImageList_f             00447900 f   r_image.obj
 0001:000469c1       _R_FindFreeImage           004479c1 f   r_image.obj
 0001:00046a0f       _R_LoadPic                 00447a0f f   r_image.obj
 0001:00046a9f       _R_LoadTex                 00447a9f f   r_image.obj
 0001:00046b2b       _R_LoadWal                 00447b2b f   r_image.obj
 0001:00046b81       _R_MipMap                  00447b81 f   r_image.obj
 0001:00046caf       _R_DownsampleImage         00447caf f   r_image.obj
 0001:00046db4       _R_FindImage               00447db4 f   r_image.obj
 0001:00047159       _R_RegisterSkin            00448159 f   r_image.obj
 0001:00047167       _R_FreeUnusedImages        00448167 f   r_image.obj
 0001:000471c7       _R_InitImages              004481c7 f   r_image.obj
 0001:0004722d       _R_ShutdownImages          0044822d f   r_image.obj
 0001:0004726a       _R_MarkLights              0044826a f   r_light.obj
 0001:00047339       _R_PushDlights             00448339 f   r_light.obj
 0001:0004738e       _RecursiveLightPoint       0044838e f   r_light.obj
 0001:0004763d       _R_LightPoint              0044863d f   r_light.obj
 0001:00047754       _R_AddDynamicLights        00448754 f   r_light.obj
 0001:000479ee       _R_BuildLightMap           004489ee f   r_light.obj
 0001:00047ae4       _R_InitTextures            00448ae4 f   r_main.obj
 0001:00047ba5       _R_InitTurb                00448ba5 f   r_main.obj
 0001:00047c22       _R_Register                00448c22 f   r_main.obj
 0001:00047c8a       _R_Init                    00448c8a f   r_main.obj
 0001:00047d1b       _R_Shutdown                00448d1b f   r_main.obj
 0001:00047d90       _R_NewMap                  00448d90 f   r_main.obj
 0001:00047e3a       _R_MarkLeaves              00448e3a f   r_main.obj
 0001:00047f61       _R_DrawEntitiesOnList      00448f61 f   r_main.obj
 0001:00048170       _R_BmodelCheckBBox         00449170 f   r_main.obj
 0001:00048222       _R_FindTopnode             00449222 f   r_main.obj
 0001:000482aa       _RotatedBBox               004492aa f   r_main.obj
 0001:00048409       _R_DrawBEntitiesOnList     00449409 f   r_main.obj
 0001:00048621       _R_EdgeDrawing             00449621 f   r_main.obj
 0001:000486f6       _R_CalcPalette             004496f6 f   r_main.obj
 0001:000487fb       _R_SetLightLevel           004497fb f   r_main.obj
 0001:0004884b       _R_RenderFrame             0044984b f   r_main.obj
 0001:00048a3c       _R_InitGraphics            00449a3c f   r_main.obj
 0001:00048ab2       _R_BeginFrame              00449ab2 f   r_main.obj
 0001:00048bd5       _R_GammaCorrectAndSetPalette 00449bd5 f   r_main.obj
 0001:00048c34       _R_CinematicSetPalette     00449c34 f   r_main.obj
 0001:00048ccb       _Draw_BuildGammaTable      00449ccb f   r_main.obj
 0001:00048d76       _R_DrawBeam                00449d76 f   r_main.obj
 0001:00048edc       _R_SetSky                  00449edc f   r_main.obj
 0001:00048f57       _Draw_GetPalette           00449f57 f   r_main.obj
 0001:0004909f       _Draw_ConCharColor         0044a09f f   r_main.obj
 0001:000490c0       _GetRefAPI                 0044a0c0 f   r_main.obj
 0001:000492e9       _D_ViewChanged             0044a2e9 f   r_misc.obj
 0001:00049445       _R_PrintTimes              0044a445 f   r_misc.obj
 0001:000494bf       _R_PrintDSpeeds            0044a4bf f   r_misc.obj
 0001:00049586       _R_PrintAliasStats         0044a586 f   r_misc.obj
 0001:00049599       _R_TransformFrustum        0044a599 f   r_misc.obj
 0001:00049661       _TransformVector           0044a661 f   r_misc.obj
 0001:000496cc       _R_SetUpFrustumIndexes     0044a6cc f   r_misc.obj
 0001:00049731       _R_ViewChanged             0044a731 f   r_misc.obj
 0001:00049a40       _R_SetupFrame              0044aa40 f   r_misc.obj
 0001:00049c2c       __setargv                  0044ac2c f   r_misc.obj
 0001:00049c2c       _R_SurfacePatch            0044ac2c f   r_misc.obj
 0001:00049c2c       _Qcommon_Shutdown          0044ac2c f   r_misc.obj
 0001:00049c2c       _jpeg_mem_term             0044ac2c f   r_misc.obj
 0001:00049c2d       _WritePCXfile              0044ac2d f   r_misc.obj
 0001:00049d4f       _R_ScreenShot              0044ad4f f   r_misc.obj
 0001:00049e5e       _Mod_Modellist_f           0044ae5e f   r_model.obj
 0001:00049ebc       _Mod_Init                  0044aebc f   r_model.obj
 0001:00049ed4       _Mod_ForName               0044aed4 f   r_model.obj
 0001:0004a110       _Mod_PointInLeaf           0044b110 f   r_model.obj
 0001:0004a172       _Mod_DecompressVis         0044b172 f   r_model.obj
 0001:0004a1f2       _Mod_ClusterPVS            0044b1f2 f   r_model.obj
 0001:0004a21f       _Mod_LoadLighting          0044b21f f   r_model.obj
 0001:0004a29e       _R_NumberLeafs             0044b29e f   r_model.obj
 0001:0004a2ec       _Mod_LoadVertexes          0044b2ec f   r_model.obj
 0001:0004a32e       _Mod_LoadEdges             0044b32e f   r_model.obj
 0001:0004a37c       _Mod_LoadTexinfo           0044b37c f   r_model.obj
 0001:0004a4e4       _CalcSurfaceExtents        0044b4e4 f   r_model.obj
 0001:0004a64f       _Mod_LoadFaces             0044b64f f   r_model.obj
 0001:0004a7b6       _Mod_SetParent             0044b7b6 f   r_model.obj
 0001:0004a7db       _Mod_LoadNodes             0044b7db f   r_model.obj
 0001:0004a8d1       _Mod_LoadLeafs             0044b8d1 f   r_model.obj
 0001:0004a97a       _Mod_LoadMarksurfaces      0044b97a f   r_model.obj
 0001:0004a9f6       _Mod_LoadSurfedges         0044b9f6 f   r_model.obj
 0001:0004aa35       _Mod_LoadPlanes            0044ba35 f   r_model.obj
 0001:0004aa9a       _Mod_LoadBrushModel        0044ba9a f   r_model.obj
 0001:0004ac8c       _Mod_LoadAliasModel        0044bc8c f   r_model.obj
 0001:0004af07       _Mod_LoadSpriteModel       0044bf07 f   r_model.obj
 0001:0004afee       _R_BeginRegistration       0044bfee f   r_model.obj
 0001:0004b07e       _R_RegisterModel           0044c07e f   r_model.obj
 0001:0004b176       _R_EndRegistration         0044c176 f   r_model.obj
 0001:0004b1e1       _Mod_FreeAll               0044c1e1 f   r_model.obj
 0001:0004b226       _R_DrawParticle            0044c226 f   r_part.obj
 0001:0004b4af       _R_DrawParticles           0044c4af f   r_part.obj
 0001:0004b559       _R_DrawSpanletOpaque       0044c559 f   r_poly.obj
 0001:0004b5e9       _R_DrawSpanletTurbulentStipple33 0044c5e9 f   r_poly.obj
 0001:0004b714       _R_DrawSpanletTurbulentStipple66 0044c714 f   r_poly.obj
 0001:0004b8f5       _R_DrawSpanletTurbulentBlended66 0044c8f5 f   r_poly.obj
 0001:0004b9aa       _R_DrawSpanletTurbulentBlended33 0044c9aa f   r_poly.obj
 0001:0004ba5f       _R_DrawSpanlet33           0044ca5f f   r_poly.obj
 0001:0004baf9       _R_DrawSpanletConstant33   0044caf9 f   r_poly.obj
 0001:0004bb52       _R_DrawSpanlet66           0044cb52 f   r_poly.obj
 0001:0004bbf0       _R_DrawSpanlet33Stipple    0044cbf0 f   r_poly.obj
 0001:0004bd0b       _R_DrawSpanlet66Stipple    0044cd0b f   r_poly.obj
 0001:0004be9c       _R_ClipPolyFace            0044ce9c f   r_poly.obj
 0001:0004c00d       _R_PolygonDrawSpans        0044d00d f   r_poly.obj
 0001:0004c395       _R_PolygonScanLeftEdge     0044d395 f   r_poly.obj
 0001:0004c4c9       _R_PolygonScanRightEdge    0044d4c9 f   r_poly.obj
 0001:0004c6b9       _R_ClipAndDrawPoly         0044d6b9 f   r_poly.obj
 0001:0004c8bb       _R_BuildPolygonFromSurface 0044d8bb f   r_poly.obj
 0001:0004cac7       _R_PolygonCalculateGradients 0044dac7 f   r_poly.obj
 0001:0004cd80       _R_DrawAlphaSurfaces       0044dd80 f   r_poly.obj
 0001:0004ce16       _R_IMFlatShadedQuad        0044de16 f   r_poly.obj
 0001:0004cf58       _R_InitAdivtab             0044df58 f   r_polyse.obj
 0001:0004cfc3       _R_PolysetUpdateTables     0044dfc3 f   r_polyse.obj
 0001:0004cffe       _R_DrawTriangle            0044dffe f   r_polyse.obj
 0001:0004d10f       _R_PolysetScanLeftEdge_C   0044e10f f   r_polyse.obj
 0001:0004d2d9       _FloorDivMod               0044e2d9 f   r_polyse.obj
 0001:0004d375       _R_PolysetSetUpForLineScan 0044e375 f   r_polyse.obj
 0001:0004d403       _R_PolysetCalcGradients    0044e403 f   r_polyse.obj
 0001:0004d60e       _R_PolysetDrawSpans8_33    0044e60e f   r_polyse.obj
 0001:0004d73e       _R_PolysetDrawSpansConstant8_33 0044e73e f   r_polyse.obj
 0001:0004d7d8       _R_PolysetDrawSpans8_66    0044e7d8 f   r_polyse.obj
 0001:0004d914       _R_PolysetDrawSpansConstant8_66 0044e914 f   r_polyse.obj
 0001:0004d9bc       _R_PolysetDrawSpans8_Opaque 0044e9bc f   r_polyse.obj
 0001:0004db07       _R_RasterizeAliasPolySmooth 0044eb07 f   r_polyse.obj
 0001:0004e0e7       _R_PolysetSetEdgeTable     0044f0e7 f   r_polyse.obj
 0001:0004e182       _R_InitSkyBox              0044f182 f   r_rast.obj
 0001:0004e3fc       _R_EmitSkyBox              0044f3fc f   r_rast.obj
 0001:0004e50f       _R_EmitEdge                0044f50f f   r_rast.obj
 0001:0004e8e3       _R_ClipEdge                0044f8e3 f   r_rast.obj
 0001:0004ea91       _R_EmitCachedEdge          0044fa91 f   r_rast.obj
 0001:0004eae8       _R_RenderFace              0044fae8 f   r_rast.obj
 0001:0004eeaf       _R_RenderBmodelFace        0044feaf f   r_rast.obj
 0001:0004f118       _D_WarpScreen              00450118 f   r_scan.obj
 0001:0004f2c0       _D_DrawTurbulent8Span      004502c0 f   r_scan.obj
 0001:0004f344       _Turbulent8                00450344 f   r_scan.obj
 0001:0004f618       _NonTurbulent8             00450618 f   r_scan.obj
 0001:0004f8d6       _D_DrawSpans16             004508d6 f   r_scan.obj
 0001:0004fb70       _D_DrawZSpans              00450b70 f   r_scan.obj
 0001:0004fc2d       _R_DrawSprite              00450c2d f   r_sprite.obj
 0001:0004fec2       _R_TextureAnimation        00450ec2 f   r_surf.obj
 0001:0004fee6       _R_DrawSurface             00450ee6 f   r_surf.obj
 0001:0005004b       _R_DrawSurfaceBlock8_mip0  0045104b f   r_surf.obj
 0001:0005014a       _R_DrawSurfaceBlock8_mip1  0045114a f   r_surf.obj
 0001:00050249       _R_DrawSurfaceBlock8_mip2  00451249 f   r_surf.obj
 0001:00050348       _R_DrawSurfaceBlock8_mip3  00451348 f   r_surf.obj
 0001:00050444       _R_InitCaches              00451444 f   r_surf.obj
 0001:000504c5       _D_FlushCaches             004514c5 f   r_surf.obj
 0001:0005050a       _D_SCAlloc                 0045150a f   r_surf.obj
 0001:0005069e       _D_CacheSurface            0045169e f   r_surf.obj
 0001:00050813       _DDRAW_Init                00451813 f   rw_ddraw.obj
 0001:00050c23       _DDRAW_SetPalette          00451c23 f   rw_ddraw.obj
 0001:00050c8c       _DDRAW_Shutdown            00451c8c f   rw_ddraw.obj
 0001:000512d7       _DIB_Init                  004522d7 f   rw_dib.obj
 0001:000514bc       _DIB_SetPalette            004524bc f   rw_dib.obj
 0001:00051680       _DIB_Shutdown              00452680 f   rw_dib.obj
 0001:00051779       _SWimp_Init                00452779 f   rw_imp.obj
 0001:0005177d       _SWimp_EndFrame            0045277d f   rw_imp.obj
 0001:000518e9       _SWimp_SetMode             004528e9 f   rw_imp.obj
 0001:00051a0b       _SWimp_SetPalette          00452a0b f   rw_imp.obj
 0001:00051a30       _SWimp_Shutdown            00452a30 f   rw_imp.obj
 0001:00051a77       _SWimp_AppActivate         00452a77 f   rw_imp.obj
 0001:00051ab1       _adler32                   00452ab1 f   adler32.obj
 0001:00051bca       _crc32                     00452bca f   crc32.obj
 0001:00051ce0       _inflate_blocks_reset      00452ce0 f   infblock.obj
 0001:00051d4b       _inflate_blocks_new        00452d4b f   infblock.obj
 0001:00051dd6       _inflate_blocks            00452dd6 f   infblock.obj
 0001:000525ed       _inflate_blocks_free       004535ed f   infblock.obj
 0001:00052621       _inflate_codes_new         00453621 f   infcodes.obj
 0001:00052655       _inflate_codes             00453655 f   infcodes.obj
 0001:00052c13       _inflate_codes_free        00453c13 f   infcodes.obj
 0001:00052c24       _inflate_fast              00453c24 f   inffast.obj
 0001:00052eef       _inflateReset              00453eef f   inflate.obj
 0001:00052f2e       _inflateEnd                00453f2e f   inflate.obj
 0001:00052f6c       _inflateInit2_             00453f6c f   inflate.obj
 0001:00053056       _inflate                   00454056 f   inflate.obj
 0001:000533b9       _inflate_trees_bits        004543b9 f   inftrees.obj
 0001:000537c7       _inflate_trees_dynamic     004547c7 f   inftrees.obj
 0001:000538ca       _inflate_trees_fixed       004548ca f   inftrees.obj
 0001:000538f9       _inflate_flush             004548f9 f   infutil.obj
 0001:000539e5       _ZipOpen                   004549e5 f   zip.obj
 0001:00053a50       _ZipClose                  00454a50 f   zip.obj
 0001:00053a5c       _ZipEnum                   00454a5c f   zip.obj
 0001:00053c3d       _ZipOpenFile               00454c3d f   zip.obj
 0001:00053d4c       _ZipReadFile               00454d4c f   zip.obj
 0001:00053e43       _ZipCloseFile              00454e43 f   zip.obj
 0001:00053e8b       _ZipOpenBuf                00454e8b f   zip.obj
 0001:00053ede       _ZipReadBuf                00454ede f   zip.obj
 0001:00053f26       _ZipCloseBuf               00454f26 f   zip.obj
 0001:00053f3c       _zcalloc                   00454f3c f   zutil.obj
 0001:00053f4d       _jpeg_CreateCompress       00454f4d f   jcapimin.obj
 0001:00054001       _jpeg_suppress_tables      00455001 f   jcapimin.obj
 0001:0005404b       _jpeg_finish_compress      0045504b f   jcapimin.obj
 0001:00054135       _jpeg_start_compress       00455135 f   jcapistd.obj
 0001:000541a1       _jpeg_write_scanlines      004551a1 f   jcapistd.obj
 0001:0005424c       _jinit_c_coef_controller   0045524c f   jccoefct.obj
 0001:000548eb       _jinit_color_converter     004558eb f   jccolor.obj
 0001:00054ed5       _jinit_forward_dct         00455ed5 f   jcdctmgr.obj
 0001:000553b1       _jinit_c_diff_controller   004563b1 f   jcdiffct.obj
 0001:00055917       _jpeg_make_c_derived_tbl   00456917 f   jchuff.obj
 0001:00055b19       _jpeg_gen_optimal_table    00456b19 f   jchuff.obj
 0001:00055cd8       _jinit_compress_master     00456cd8 f   jcinit.obj
 0001:00055d31       _jinit_lhuff_encoder       00456d31 f   jclhuff.obj
 0001:0005645e       _jinit_lossless_c_codec    0045745e f   jclossls.obj
 0001:000564f6       _jinit_lossy_c_codec       004574f6 f   jclossy.obj
 0001:00056591       _jinit_c_main_controller   00457591 f   jcmainct.obj
 0001:000566fe       _jinit_marker_writer       004576fe f   jcmarker.obj
[...]
 0001:0002bc66       _PF_WriteFloat             0042cc66 f   sv_game.obj
 0001:0002bc7b       _PF_WriteString            0042cc7b f   sv_game.obj
 0001:0002bc8c       _PF_WritePos               0042cc8c f   sv_game.obj
 0001:0002bc9d       _PF_WriteDir               0042cc9d f   sv_game.obj
 0001:0002bcae       _PF_WriteAngle             0042ccae f   sv_game.obj
 0001:0002bcc3       _PF_inPVS                  0042ccc3 f   sv_game.obj
 0001:0002bd3b       _PF_inPHS                  0042cd3b f   sv_game.obj
 0001:0002bdb3       _PF_StartSound             0042cdb3 f   sv_game.obj
 0001:0002bde6       _PF_Cvar_Get               0042cde6 f   sv_game.obj
 0001:0002be01       _PSV_LinkEdict             0042ce01 f   sv_game.obj
 0001:0002be2d       _PSV_UnlinkEdict           0042ce2d f   sv_game.obj
 0001:0002be59       _PSV_AreaEdicts            0042ce59 f   sv_game.obj
 0001:0002be97       _PSV_Trace                 0042ce97 f   sv_game.obj
 0001:0002bef6       _PSV_PointContents         0042cef6 f   sv_game.obj
 0001:0002bf26       _PPmove                    0042cf26 f   sv_game.obj
 0001:0002bf52       _PSV_ModelIndex            0042cf52 f   sv_game.obj
 0001:0002bf82       _PSV_ImageIndex            0042cf82 f   sv_game.obj
 0001:0002bfb2       _PSV_SoundIndex            0042cfb2 f   sv_game.obj
 0001:0002bfe2       _PPF_TagMalloc             0042cfe2 f   sv_game.obj
 0001:0002c018       _PZ_Free                   0042d018 f   sv_game.obj
 0001:0002c044       _PZ_FreeTags               0042d044 f   sv_game.obj
 0001:00029bfe       _CopyFile                  0042abfe f   sv_ccmds.obj
 0001:0002913c       _DS_DestroyBuffers         0042a13c f   snd_win.obj
 0001:00029325       _DS_CreateBuffers          0042a325 f   snd_win.obj
 0001:00026895       _Menu_MakeVisible          00427895 f   qmenu.obj
 0001:0002691f       _Menu_CompletelyVisible    0042791f f   qmenu.obj
 0001:000269c7       _strlen_color              004279c7 f   qmenu.obj
 0001:00026b75       _Action_Draw               00427b75 f   qmenu.obj
 0001:00026bf0       _Menu_ItemVisible          00427bf0 f   qmenu.obj
 0001:00026c39       _Menu_DrawStatusBar        00427c39 f   qmenu.obj
 0001:00026d8e       _MenuList_Draw             00427d8e f   qmenu.obj
 0001:00026e16       _DrawCaption               00427e16 f   qmenu.obj
 0001:00026e55       _Separator_Draw            00427e55 f   qmenu.obj
 0001:00026ea6       _Slider_DoSlide            00427ea6 f   qmenu.obj
 0001:00026edd       _Slider_Draw               00427edd f   qmenu.obj
 0001:00026fd0       _SpinControl_DoSlide       00427fd0 f   qmenu.obj
 0001:00026fff       _SpinControl_Draw          00427fff f   qmenu.obj
 0001:000270da       _SpinControl2_DoSlide      004280da f   qmenu.obj
 0001:0002711b       _SpinControl2_Draw         0042811b f   qmenu.obj
 0001:00023a39       _StepSlideMove             00424a39 f   pmove.obj
 0001:00023be2       _StepSlideMove_            00424be2 f   pmove.obj
 0001:00023e35       _ClipVelocity              00424e35 f   pmove.obj
 0001:00023e9e       _Friction                  00424e9e f   pmove.obj
 0001:00023fad       _WaterMove                 00424fad f   pmove.obj
 0001:00024093       _Accelerate                00425093 f   pmove.obj
 0001:000240ff       _AddCurrents               004250ff f   pmove.obj
 0001:0002439e       _AirMove                   0042539e f   pmove.obj
 0001:000245f7       _AirAccelerate             004255f7 f   pmove.obj
 0001:0002467d       _CatagorizePosition        0042567d f   pmove.obj
 0001:000248d3       _CheckJump                 004258d3 f   pmove.obj
 0001:0002499a       _CheckSpecialMovement      0042599a f   pmove.obj
 0001:00024afd       _FlyMove                   00425afd f   pmove.obj
 0001:00024d50       _CheckDuck                 00425d50 f   pmove.obj
 0001:00024e85       _DeadMove                  00425e85 f   pmove.obj
 0001:00024ee3       _SnapPosition              00425ee3 f   pmove.obj
 0001:0002504c       _GoodPosition              0042604c f   pmove.obj
 0001:000250c2       _InitialSnapPosition       004260c2 f   pmove.obj
 0001:000251db       _ClampAngles               004261db f   pmove.obj
 0001:0002355a       _NET_ErrorString           0042455a f   net_wins.obj
 0001:0002160d       _SwapQ2BspFile             0042260d f   model.obj
 0001:00021823       _ProcessQ2BspFile          00422823 f   model.obj
 0001:000218f6       _LoadQ2Submodels           004228f6 f   model.obj
 0001:000219c8       _CheckLump                 004229c8 f   model.obj
 0001:00021c6d       _ReadEntity                00422c6d f   model.obj
 0001:00021d31       _WriteEntity               00422d31 f   model.obj
 0001:00021d9c       _ProcessEntity             00422d9c f   model.obj
 0001:00022285       _FindField                 00423285 f   model.obj
 0001:000222bf       _AddField                  004232bf f   model.obj
 0001:0001d4a6       _Multiplayer_MenuDraw      0041e4a6 f   menu.obj
 0001:0001d4c9       _M_Banner                  0041e4c9 f   menu.obj
 0001:0001d50b       _Multiplayer_MenuInit      0041e50b f   menu.obj
 0001:0001d5f9       _Multiplayer_MenuKey       0041e5f9 f   menu.obj
 0001:0001d62b       _Keys_MenuInit             0041e62b f   menu.obj
 0001:0001d7be       _KeyCursorDrawFunc         0041e7be f   menu.obj
 0001:0001d7ff       _DrawKeyBindingFunc        0041e7ff f   menu.obj
 0001:0001d8d7       _M_FindKeysForCommand      0041e8d7 f   menu.obj
 0001:0001d927       _SeekLine                  0041e927 f   menu.obj
 0001:0001d94e       _AppendToken               0041e94e f   menu.obj
 0001:0001d978       _Keys_MenuDraw             0041e978 f   menu.obj
 0001:0001d991       _Keys_MenuKey              0041e991 f   menu.obj
 0001:0001da46       _M_UnbindCommand           0041ea46 f   menu.obj
 0001:0001da92       _KeyBindingFunc            0041ea92 f   menu.obj
 0001:0001db05       _Options_MenuInit          0041eb05 f   menu.obj
 0001:0001df63       _CrosshairFunc             0041ef63 f   menu.obj
 0001:0001df87       _JoystickFunc              0041ef87 f   menu.obj
 0001:0001df9a       _CustomizeControlsFunc     0041ef9a f   menu.obj
 0001:0001df9f       _AlwaysRunFunc             0041ef9f f   menu.obj
 0001:0001dfb2       _FreeLookFunc              0041efb2 f   menu.obj
 0001:0001dfc5       _MouseSpeedFunc            0041efc5 f   menu.obj
 0001:0001dfe2       _ControlsSetMenuItemValues 0041efe2 f   menu.obj
 0001:0001e17c       _ControlsResetDefaultsFunc 0041f17c f   menu.obj
 0001:0001e191       _InvertMouseFunc           0041f191 f   menu.obj
 0001:0001e1ac       _LookspringFunc            0041f1ac f   menu.obj
 0001:0001e1c8       _LookstrafeFunc            0041f1c8 f   menu.obj
 0001:0001e1e4       _UpdateVolumeFunc          0041f1e4 f   menu.obj
 0001:0001e201       _UpdateCDVolumeFunc        0041f201 f   menu.obj
 0001:0001e21a       _ConsoleFunc               0041f21a f   menu.obj
 0001:0001e249       _UpdateSoundQualityFunc    0041f249 f   menu.obj
 0001:0001e2d2       _Options_ScanCrosshairs    0041f2d2 f   menu.obj
 0001:0001e325       _Options_MenuDraw          0041f325 f   menu.obj
 0001:0001e34d       _Options_CrosshairDraw     0041f34d f   menu.obj
 0001:0001e3c4       _Options_MenuKey           0041f3c4 f   menu.obj
 0001:0001e4aa       _M_Credits_MenuDraw        0041f4aa f   menu.obj
 0001:0001e592       _M_Credits_Key             0041f592 f   menu.obj
 0001:0001e5ef       _Game_MenuInit             0041f5ef f   menu.obj
 0001:0001e79c       _EasyGameFunc              0041f79c f   menu.obj
 0001:0001e7b2       _StartGame                 0041f7b2 f   menu.obj
 0001:0001e7f7       _MediumGameFunc            0041f7f7 f   menu.obj
 0001:0001e80d       _HardGameFunc              0041f80d f   menu.obj
 0001:0001e823       _Game_MenuDraw             0041f823 f   menu.obj
 0001:0001e846       _Game_MenuKey              0041f846 f   menu.obj
 0001:0001e878       _LoadGame_MenuInit         0041f878 f   menu.obj
 0001:0001e90e       _Create_Savestrings        0041f90e f   menu.obj
 0001:0001e990       _LoadGameCallback          0041f990 f   menu.obj
 0001:0001e9ba       _LoadGame_MenuDraw         0041f9ba f   menu.obj
 0001:0001e9d2       _LoadGame_MenuKey          0041f9d2 f   menu.obj
 0001:0001ea33       _SaveGame_MenuDraw         0041fa33 f   menu.obj
 0001:0001ea56       _SaveGame_MenuInit         0041fa56 f   menu.obj
 0001:0001eade       _SaveGameCallback          0041fade f   menu.obj
 0001:0001eafd       _SaveGame_MenuKey          0041fafd f   menu.obj
 0001:0001ebde       _JoinServer_MenuInit       0041fbde f   menu.obj
 0001:0001ed2f       _JoinServerFunc            0041fd2f f   menu.obj
 0001:0001ed97       _SearchLocalGames          0041fd97 f   menu.obj
 0001:0001ee03       _JoinServer_MenuDraw       0041fe03 f   menu.obj
 0001:0001ee1b       _JoinServer_MenuKey        0041fe1b f   menu.obj
 0001:0001ee4d       _StartServer_MenuInit      0041fe4d f   menu.obj
 0001:0001f2fd       _DMOptionsFunc             004202fd f   menu.obj
 0001:0001f30c       _RulesChangeFunc           0042030c f   menu.obj
 0001:0001f375       _StartServerActionFunc     00420375 f   menu.obj
 0001:0001f3a1       _StartServerFunc           004203a1 f   menu.obj
 0001:0001f60c       _StartServer_MenuDraw      0042060c f   menu.obj
 0001:0001f618       _StartServer_MenuKey       00420618 f   menu.obj
 0001:0001f678       _DMOptions_MenuInit        00420678 f   menu.obj
 0001:0001fc08       _DMFlagCallback            00420c08 f   menu.obj
 0001:0001fdf3       _DMOptions_MenuDraw        00420df3 f   menu.obj
 0001:0001fdff       _DMOptions_MenuKey         00420dff f   menu.obj
 0001:0001fe31       _DownloadOptions_MenuInit  00420e31 f   menu.obj
 0001:0002001c       _DownloadCallback          0042101c f   menu.obj
 0001:00020075       _DownloadOptions_MenuDraw  00421075 f   menu.obj
 0001:00020081       _DownloadOptions_MenuKey   00421081 f   menu.obj
 0001:000200b3       _AddressBook_MenuInit      004210b3 f   menu.obj
 0001:00020169       _AddressBook_MenuKey       00421169 f   menu.obj
 0001:000201ba       _AddressBook_MenuDraw      004211ba f   menu.obj
 0001:000201d2       _M_Menu_PlayerConfig_f     004211d2 f   menu.obj
 0001:0002022d       _PlayerConfig_MenuInit     0042122d f   menu.obj
 0001:00020656       _HandednessCallback        00421656 f   menu.obj
 0001:00020669       _RateCallback              00421669 f   menu.obj
 0001:00020687       _ModelCallback             00421687 f   menu.obj
 0001:000206be       _PlayerConfig_ScanDirectories 004216be f   menu.obj
 0001:00020886       _IconOfSkinExists          00421886 f   menu.obj
 0001:00020928       _PlayerConfig_MenuDraw     00421928 f   menu.obj
 0001:00020b9a       _PlayerConfig_MenuKey      00421b9a f   menu.obj
 0001:00020c6e       _M_Menu_DMBrowse_f         00421c6e f   menu.obj
 0001:00020cb2       _DMBrowse_MenuInit         00421cb2 f   menu.obj
 0001:00020e5c       _DMBrowse_MenuKey          00421e5c f   menu.obj
 0001:00020fff       _DMBrowse_MenuDraw         00421fff f   menu.obj
 0001:00021124       _DrawThumbnail             00422124 f   menu.obj
 0001:000211eb       _M_Quit_Key                004221eb f   menu.obj
 0001:0002122b       _M_Quit_Draw               0042222b f   menu.obj
 0001:00021378       _M_Menu_Quit_f             00422378 f   menu.obj
 0001:0001ca6a       _AllocChain                0041da6a f   memory.obj
 0001:0001cd5b       _Z_Stats_f                 0041dd5b f   memory.obj
 0001:0001c261       _MD4Transform              0041d261 f   md4.obj
 0001:0001c863       _Encode                    0041d863 f   md4.obj
 0001:0001c8a8       _Decode                    0041d8a8 f   md4.obj
 0001:0001b166       _CompleteCommand           0041c166 f   keys.obj
 0001:0001b1dd       _Do_CompleteCommand        0041c1dd f   keys.obj
 0001:0001b656       _TryComplete               0041c656 f   keys.obj
 0001:0001b6eb       _CompleteMenu              0041c6eb f   keys.obj
 0001:0001b82d       _CompleteMenuDraw          0041c82d f   keys.obj
 0001:0001b88c       _CompleteMenuKey           0041c88c f   keys.obj
 0001:0001b8be       _CompleteMenuCallback      0041c8be f   keys.obj
 0001:0001b946       _iswordsym                 0041c946 f   keys.obj
 0001:0001bc0d       _Key_Unbind_f              0041cc0d f   keys.obj
 0001:0001bcf0       _Key_Unbindall_f           0041ccf0 f   keys.obj
 0001:0001bd1a       _Key_Bind_f                0041cd1a f   keys.obj
 0001:00019d81       _IN_DeactivateMouse        0041ad81 f   in_win.obj
 0001:00019dad       _IN_FreeDirect             0041adad f   in_win.obj
 0001:00019e0e       _IN_FreeWin32              0041ae0e f   in_win.obj
 0001:00019f8f       _IN_ActivateMouse          0041af8f f   in_win.obj
 0001:0001a007       _IN_InitDirect             0041b007 f   in_win.obj
 0001:0001a14a       _IN_InitWin32              0041b14a f   in_win.obj
 0001:0001a26a       _IN_MouseMove              0041b26a f   in_win.obj
 0001:00065ebb       _J_InitSource              00466ebb f   jquant2.obj
 0001:0001989d       _J_FillInputBuffer         0041a89d f   images.obj
 0001:000198c5       _J_SkipInputData           0041a8c5 f   images.obj
 0001:00065ebb       _J_TermSource              00466ebb f   jquant2.obj
 0001:000198dd       _InitJpegError             0041a8dd f   images.obj
 0001:0001991a       _J_ErrorExit               0041a91a f   images.obj
 0001:00019929       _J_EmitMessage             0041a929 f   images.obj
 0001:00019946       _J_ResetErrorMgr           0041a946 f   images.obj
 0001:00017660       _FindPakFile               00418660 f   files.obj
 0001:000176d0       _FindPakDirectory          004186d0 f   files.obj
 0001:00017761       _FileLength                00418761 f   files.obj
 0001:00017bfc       _FOpenCached               00418bfc f   files.obj
 0001:00017e3c       _AddPakFile                00418e3c f   files.obj
 0001:00017edb       _AddPakDirectory           00418edb f   files.obj
 0001:00017fb9       _EnumZippedPak             00418fb9 f   files.obj
 0001:0001802c       _ClearFileCache            0041902c f   files.obj
 0001:0001811d       _AddDirFilesToList         0041911d f   files.obj
 0001:000186a4       _ListPakDirectory          004196a4 f   files.obj
 0001:00018859       _InitResFiles              00419859 f   files.obj
 0001:0001893c       _FS_LoadPak_f              0041993c f   files.obj
 0001:00018a0b       _TryLoadPak                00419a0b f   files.obj
 0001:00018a79       _FindPakStruc              00419a79 f   files.obj
 0001:00018ace       _FS_UnloadPak_f            00419ace f   files.obj
 0001:00018c72       _FS_Link_f                 00419c72 f   files.obj
 0001:00018d3e       _FS_Dir_f                  00419d3e f   files.obj
 0001:00018f4f       _FS_Path_f                 00419f4f f   files.obj
 0001:00018fe7       _FS_Cat_f                  00419fe7 f   files.obj
 0001:000190c0       _FS_Type_f                 0041a0c0 f   files.obj
 0001:000163e1       _Cvar_FindVar              004173e1 f   cvar.obj
 0001:00016416       _ComputeHash               00417416 f   cvar.obj
 0001:000165f0       _Cvar_SetString            004175f0 f   cvar.obj
 0001:00016686       _Cvar_InfoValidate         00417686 f   cvar.obj
 0001:00016796       _Cvar_Set2                 00417796 f   cvar.obj
 0001:000168f2       _Cvar_SetHardcoded         004178f2 f   cvar.obj
 0001:00016c74       _Cvar_Set_f                00417c74 f   cvar.obj
 0001:00016cf1       _Cvar_SetWithFlags         00417cf1 f   cvar.obj
 0001:00016d36       _Cvar_Seta_f               00417d36 f   cvar.obj
 0001:00016d58       _Cvar_Setu_f               00417d58 f   cvar.obj
 0001:00016d7a       _Cvar_Sets_f               00417d7a f   cvar.obj
 0001:00016d9c       _Cvar_Reset_f              00417d9c f   cvar.obj
 0001:00016dfe       _Cvar_List_f               00417dfe f   cvar.obj
 0001:00016f02       _Cvar_Add_f                00417f02 f   cvar.obj
 0001:00017079       _Cvar_Scale_f              00418079 f   cvar.obj
 0001:000170ec       _Cvar_Toggle_f             004180ec f   cvar.obj
 0001:0001714f       _Cvar_Cycle_f              0041814f f   cvar.obj
 0001:00015765       _Con_ToggleChat_f          00416765 f   console.obj
 0001:00015796       _Con_Clear_f               00416796 f   console.obj
 0001:000157ec       _Con_Dump_f                004167ec f   console.obj
 0001:000158ff       _Con_MessageMode_f         004168ff f   console.obj
 0001:00015911       _Con_MessageMode2_f        00416911 f   console.obj
 0001:000159b1       _PlaceChar                 004169b1 f   console.obj
 0001:00015b3b       _FindLine                  00416b3b f   console.obj
 0001:000162b7       _Con_DrawInput             004172b7 f   console.obj
 0001:00014bc6       _Com_Error_f               00415bc6 f   common.obj
 0001:00011a7e       _CMod_LoadSurfaces         00412a7e f   cmodel.obj
 0001:00011b98       _CMod_ReadSurfMaterials    00412b98 f   cmodel.obj
 0001:00011cd3       _CMod_LoadNodes            00412cd3 f   cmodel.obj
 0001:00011d35       _CMod_LoadBrushes          00412d35 f   cmodel.obj
 0001:00011d81       _CMod_LoadLeafs            00412d81 f   cmodel.obj
 0001:00011e50       _CMod_LoadPlanes           00412e50 f   cmodel.obj
 0001:00011ed3       _CMod_LoadLeafBrushes      00412ed3 f   cmodel.obj
 0001:00011f1e       _CMod_LoadBrushSides       00412f1e f   cmodel.obj
 0001:00011f97       _CMod_LoadAreas            00412f97 f   cmodel.obj
 0001:00012371       _CM_PointLeafnum_r         00413371 f   cmodel.obj
 0001:00012434       _CM_BoxLeafnums_r          00413434 f   cmodel.obj
 0001:00012909       _CM_TestInLeaf             00413909 f   cmodel.obj
 0001:00012991       _CM_TestBoxInBrush         00413991 f   cmodel.obj
 0001:00012a72       _CM_RecursiveHullCheck     00413a72 f   cmodel.obj
 0001:00012d44       _CM_TraceToLeaf            00413d44 f   cmodel.obj
 0001:00012e21       _CM_ClipBoxToBrush         00413e21 f   cmodel.obj
 0001:00013428       _FloodArea_r               00414428 f   cmodel.obj
 0001:0001148b       _Cmd_MacroExpandString     0041248b f   cmd.obj
 0001:000117a6       _Cmd_Wait_f                004127a6 f   cmd.obj
 0001:000117b1       _Cmd_List_f                004127b1 f   cmd.obj
 0001:000102d6       _DrawSurfInfo              004112d6 f   cl_view.obj
 0001:00010612       _DecodeContents            00411612 f   cl_view.obj
 0001:000106e2       _DrawOriginInfo            004116e2 f   cl_view.obj
 0001:00010873       _DrawFpsInfo               00411873 f   cl_view.obj
 0001:0001099c       _FixWaterVis               0041199c f   cl_view.obj
 0001:00010aa7       _entitycmpfnc              00411aa7 f   cl_view.obj
 0001:00010b5d       _Screenshot_f              00411b5d f   cl_view.obj
 0001:0000d137       _SCR_CalcVrect             0040e137 f   cl_scrn.obj
 0001:0000328a       _CL_AddParticleTraces      0040428a f   cl_fx.obj
 0001:000020ba       _CL_AddPacketEntities      004030ba f   cl_ents.obj
 0001:00002a89       _GetEntityInfo             00403a89 f   cl_ents.obj
 0001:00002b95       _AddEntityWithEffects      00403b95 f   cl_ents.obj
 0001:00002bc1       _AddViewWeapon             00403bc1 f   cl_ents.obj
 0001:000009ea       _Huff1Decompress           004019ea f   cl_cin.obj
 0001:00000f72       _Huff1TableInit            00401f72 f   cl_cin.obj
 0001:0000106c       _SmallestNode1             0040206c f   cl_cin.obj
 0001:0000014c       _CDAudio_GetAudioDiskInfo  0040114c f   cd_win.obj
 0001:000004c4       _CD_f                      004014c4 f   cd_win.obj
 0001:0000077d       _CDAudio_Eject             0040177d f   cd_win.obj
 0001:000007a7       _CDAudio_CloseDoor         004017a7 f   cd_win.obj

 70 bytes saved through ICF

