 quake2

 Timestamp is 42091107 (Tue Feb 08 22:20:39 2005)

 Preferred load address is 00400000

 Start         Length     Name                   Class
 0001:00000000 0006ee10H .text                   CODE
 0002:00000000 000002dcH .idata$5                DATA
 0002:000002e0 00003ebcH .rdata                  DATA
 0002:000041a0 00000044H .rdata$r                DATA
 0002:000041e8 00000038H .xdata$x                DATA
 0002:00004220 00000078H .idata$2                DATA
 0002:00004298 00000014H .idata$3                DATA
 0002:000042ac 000002dcH .idata$4                DATA
 0002:00004588 0000098cH .idata$6                DATA
 0002:00004f14 00000000H .edata                  DATA
 0003:00000000 00000004H .CRT$XCA                DATA
 0003:00000004 00000004H .CRT$XCZ                DATA
 0003:00000008 00000004H .CRT$XIA                DATA
 0003:0000000c 00000004H .CRT$XIZ                DATA
 0003:00000010 00010adcH .data                   DATA
 0003:00010af0 00b0f578H .bss                    DATA
 0004:00000000 00000130H .rsrc$01                DATA
 0004:00000130 00003f20H .rsrc$02                DATA

  Address         Publics by Value              Rva+Base     Lib:Object

 0001:00000000       ??3@YAXPAX@Z               00401000 f i cl_cin.obj
 0001:0000000b       ?SCR_StopCinematic@@YAXXZ  0040100b f   cl_cin.obj
 0001:000000a7       ?SCR_FinishCinematic@@YAXXZ 004010a7 f   cl_cin.obj
 0001:000000e6       ?SCR_RunCinematic@@YAXXZ   004010e6 f   cl_cin.obj
 0001:00000500       ?SCR_DrawCinematic@@YA_NXZ 00401500 f   cl_cin.obj
 0001:00000582       ?SCR_PlayCinematic@@YAXPAD@Z 00401582 f   cl_cin.obj
 0001:00000944       ?CL_ParseEntityBits@@YAHPAI@Z 00401944 f   cl_ents.obj
 0001:000009a6       ?CL_ParseDelta@@YAXPAUentityState_t@@0HH_N@Z 004019a6 f   cl_ents.obj
 0001:00000d42       ?CL_DeltaEntity@@YAXPAUframe_t@@HPAUentityState_t@@H@Z 00401d42 f   cl_ents.obj
 0001:00000e99       ?CL_ParsePacketEntities@@YAXPAUframe_t@@0@Z 00401e99 f   cl_ents.obj
 0001:00001098       ?CL_ParsePlayerstate@@YAXPAUframe_t@@0@Z 00402098 f   cl_ents.obj
 0001:000013a0       ?CL_FireEntityEvents@@YAXPAUframe_t@@@Z 004023a0 f   cl_ents.obj
 0001:000013f2       ?CL_ParseFrame@@YAXXZ      004023f2 f   cl_ents.obj
 0001:000016c2       ?CL_AddEntityBox@@YAXPAUentityState_t@@I@Z 004026c2 f   cl_ents.obj
 0001:000017a9       ?CL_OffsetThirdPersonView@@YAXXZ 004027a9 f   cl_ents.obj
 0001:00001863       ?CL_CalcViewValues@@YAXXZ  00402863 f   cl_ents.obj
 0001:00001b6a       ?CL_AddEntities@@YAXXZ     00402b6a f   cl_ents.obj
 0001:00002912       ?CL_GetEntitySoundOrigin@@YAXHQAM@Z 00403912 f   cl_ents.obj
 0001:00002945       ?CL_ClearLightStyles@@YAXXZ 00403945 f   cl_fx.obj
 0001:000029c7       ?CL_RunLightStyles@@YAXXZ  004039c7 f   cl_fx.obj
 0001:00002a64       ?CL_SetLightstyle@@YAXHPBD@Z 00403a64 f   cl_fx.obj
 0001:00002acb       ?CL_ClearDlights@@YAXXZ    00403acb f   cl_fx.obj
 0001:00002adc       ?CL_AllocDlight@@YAPAUcdlight_t@@HQAM@Z 00403adc f   cl_fx.obj
 0001:00002b45       ?CL_AddDLights@@YAXXZ      00403b45 f   cl_fx.obj
 0001:00002ba5       ?CL_ClearParticles@@YAXXZ  00403ba5 f   cl_fx.obj
 0001:00002c0c       ?CL_AllocParticleTrace@@YAPAUparticleTrace_t@@QAM0MM@Z 00403c0c f   cl_fx.obj
 0001:00002cac       ?CL_AllocParticleBeam@@YAPAUbeam_s@@QAM0MM@Z 00403cac f   cl_fx.obj
 0001:00002d1f       ?CL_AllocParticle@@YAPAUparticle_s@@XZ 00403d1f f   cl_fx.obj
 0001:00002d6d       ?CL_UpdateParticles@@YAXXZ 00403d6d f   cl_fx.obj
 0001:0000335b       ?CL_MetalSparks@@YAXQAM0H@Z 0040435b f   cl_fx.obj
 0001:00003448       ?CL_ParseMuzzleFlash@@YAXXZ 00404448 f   cl_fx.obj
 0001:00003c7f       ?CL_ParseMuzzleFlash2@@YAXXZ 00404c7f f   cl_fx.obj
 0001:00004363       ?CL_ParticleEffect@@YAXQAM0HH@Z 00405363 f   cl_fx.obj
 0001:00004432       ?CL_ParticleEffect2@@YAXQAM0HH@Z 00405432 f   cl_fx.obj
 0001:000044fd       ?CL_ParticleEffect3@@YAXQAM0HH@Z 004054fd f   cl_fx.obj
 0001:000045cd       ?CL_TeleporterParticles@@YAXPAUentityState_t@@@Z 004055cd f   cl_fx.obj
 0001:00004684       ?CL_LogoutEffect@@YAXQAMH@Z 00405684 f   cl_fx.obj
 0001:0000476f       ?CL_ItemRespawnParticles@@YAXQAM@Z 0040576f f   cl_fx.obj
 0001:0000481e       ?CL_ExplosionParticles@@YAXQAM@Z 0040581e f   cl_fx.obj
 0001:000048c8       ?CL_BigTeleportParticles@@YAXQAM@Z 004058c8 f   cl_fx.obj
 0001:00004a1f       ?CL_BlasterParticles@@YAXQAM0@Z 00405a1f f   cl_fx.obj
 0001:00004aeb       ?CL_BlasterTrail@@YAXQAM0@Z 00405aeb f   cl_fx.obj
 0001:00004bde       ?CL_FlagTrail@@YAXQAM0M@Z  00405bde f   cl_fx.obj
 0001:00004cde       ?CL_DiminishingTrail@@YAXQAM0PAUcentity_t@@H@Z 00405cde f   cl_fx.obj
 0001:00004f42       ?CL_RocketTrail@@YAXQAM0PAUcentity_t@@@Z 00405f42 f   cl_fx.obj
 0001:0000506f       ?CL_RailTrail@@YAXQAM0@Z   0040606f f   cl_fx.obj
 0001:00005295       ?CL_RailTrailExt@@YAXQAM0EE@Z 00406295 f   cl_fx.obj
 0001:00005397       ?CL_IonripperTrail@@YAXQAM0@Z 00406397 f   cl_fx.obj
 0001:000054aa       ?CL_BubbleTrail@@YAXQAM0@Z 004064aa f   cl_fx.obj
 0001:000055c8       ?CL_FlyParticles@@YAXQAMH@Z 004065c8 f   cl_fx.obj
 0001:00005767       ?CL_FlyEffect@@YAXPAUcentity_t@@QAM@Z 00406767 f   cl_fx.obj
 0001:000057ea       ?CL_BfgParticles@@YAXPAUentity_s@@@Z 004067ea f   cl_fx.obj
 0001:000059c4       ?CL_TrapParticles@@YAXPAUentity_s@@@Z 004069c4 f   cl_fx.obj
 0001:00005c47       ?CL_BFGExplosionParticles@@YAXQAM@Z 00406c47 f   cl_fx.obj
 0001:00005cf1       ?CL_TeleportParticles@@YAXQAM@Z 00406cf1 f   cl_fx.obj
 0001:00005e2a       ?CL_EntityEvent@@YAXPAUentityState_t@@@Z 00406e2a f   cl_fx.obj
 0001:00006005       ?CL_ClearEffects@@YAXXZ    00407005 f   cl_fx.obj
 0001:00006014       ?IN_CenterView@@YAXXZ      00407014 f   cl_input.obj
 0001:00006035       ?CL_InitInput@@YAXXZ       00407035 f   cl_input.obj
 0001:000065d1       ?CL_SendCmd@@YAXXZ         004075d1 f   cl_input.obj
 0001:00006ccb       ?CL_ParseInventory@@YAXXZ  00407ccb f   cl_inv.obj
 0001:00006ceb       ?CL_DrawInventory@@YAXXZ   00407ceb f   cl_inv.obj
 0001:00006edb       ?CL_WriteDemoMessage@@YAXXZ 00407edb f   cl_main.obj
 0001:00006f1d       ?Cmd_ForwardToServer@@YAXHPAPAD@Z 00407f1d f   cl_main.obj
 0001:00006f82       ?CL_ForwardToServer_f@@YAXHPAPAD@Z 00407f82 f   cl_main.obj
 0001:00006fca       ?CL_Pause@@YAX_N@Z         00407fca f   cl_main.obj
 0001:0000700c       ?CL_Quit_f@@YAXXZ          0040800c f   cl_main.obj
 0001:00007016       ?CL_Drop@@YAXXZ            00408016 f   cl_main.obj
 0001:00007032       ?CL_SendConnectPacket@@YAXXZ 00408032 f   cl_main.obj
 0001:00007109       ?CL_CheckForResend@@YAXXZ  00408109 f   cl_main.obj
 0001:0000720e       ?CL_Connect_f@@YAX_NHPAPAD@Z 0040820e f   cl_main.obj
 0001:00007291       ?CL_Rcon_f@@YAXHPAPAD@Z    00408291 f   cl_main.obj
 0001:00007399       ?CL_ClearState@@YAXXZ      00408399 f   cl_main.obj
 0001:000073d0       ?CL_Disconnect@@YAXXZ      004083d0 f   cl_main.obj
 0001:0000758d       ?CL_Disconnect_f@@YAXXZ    0040858d f   cl_main.obj
 0001:00007599       ?CL_Changing_f@@YAXXZ      00408599 f   cl_main.obj
 0001:000075bd       ?CL_Reconnect_f@@YAXXZ     004085bd f   cl_main.obj
 0001:00007659       ?CL_PingServers_f@@YAXXZ   00408659 f   cl_main.obj
 0001:000077c1       ?CL_Skins_f@@YAXXZ         004087c1 f   cl_main.obj
 0001:00007a94       ?CL_ConnectionlessPacket@@YAXXZ 00408a94 f   cl_main.obj
 0001:00007b93       ?CL_ReadPackets@@YAXXZ     00408b93 f   cl_main.obj
 0001:00007cd8       ?CL_FixUpGender@@YAXXZ     00408cd8 f   cl_main.obj
 0001:00007d8a       ?CL_Userinfo_f@@YAXXZ      00408d8a f   cl_main.obj
 0001:00007da2       ?CL_Snd_Restart_f@@YAXXZ   00408da2 f   cl_main.obj
 0001:00007db1       ?CL_RequestNextDownload@@YAXXZ 00408db1 f   cl_main.obj
 0001:00008446       ?CL_Precache_f@@YAXHPAPAD@Z 00409446 f   cl_main.obj
 0001:000084a7       ?CL_WriteConfiguration@@YAXPAD@Z 004094a7 f   cl_main.obj
 0001:00008562       ?CL_WriteConfig_f@@YAX_NHPAPAD@Z 00409562 f   cl_main.obj
 0001:000085c1       ?CL_FixCvarCheats@@YAXXZ   004095c1 f   cl_main.obj
 0001:0000861b       ?CL_Frame@@YAXMH@Z         0040961b f   cl_main.obj
 0001:00008824       ?CL_Init@@YAXXZ            00409824 f   cl_main.obj
 0001:00008cc8       ?CL_Shutdown@@YAX_N@Z      00409cc8 f   cl_main.obj
 0001:00008d11       ?CL_Flashlight@@YAXHQAM@Z  00409d11 f   cl_newfx.obj
 0001:00008d4b       ?CL_ColorFlash@@YAXQAMHHMMM@Z 00409d4b f   cl_newfx.obj
 0001:00008d87       ?CL_DebugTrail@@YAXQAM0@Z  00409d87 f   cl_newfx.obj
 0001:00008e67       ?CL_ForceWall@@YAXQAM0H@Z  00409e67 f   cl_newfx.obj
 0001:00008f8e       ?CL_BubbleTrail2@@YAXQAM0H@Z 00409f8e f   cl_newfx.obj
 0001:000090b8       ?CL_Heatbeam@@YAXQAM0@Z    0040a0b8 f   cl_newfx.obj
 0001:00009369       ?CL_ParticleSteamEffect@@YAXQAM0HHH@Z 0040a369 f   cl_newfx.obj
 0001:00009493       ?CL_ParticleSteamEffect2@@YAXPAUcl_sustain_s@@@Z 0040a493 f   cl_newfx.obj
 0001:000095ca       ?CL_TrackerTrail@@YAXQAM0H@Z 0040a5ca f   cl_newfx.obj
 0001:0000982d       ?CL_Tracker_Shell@@YAXQAM@Z 0040a82d f   cl_newfx.obj
 0001:000098b6       ?CL_MonsterPlasma_Shell@@YAXQAM@Z 0040a8b6 f   cl_newfx.obj
 0001:0000993c       ?CL_Widowbeamout@@YAXPAUcl_sustain_s@@@Z 0040a93c f   cl_newfx.obj
 0001:000099f8       ?CL_Nukeblast@@YAXPAUcl_sustain_s@@@Z 0040a9f8 f   cl_newfx.obj
 0001:00009ab4       ?CL_WidowSplash@@YAXQAM@Z  0040aab4 f   cl_newfx.obj
 0001:00009b7c       ?CL_TagTrail@@YAXQAM0M@Z   0040ab7c f   cl_newfx.obj
 0001:00009c7c       ?CL_ColorExplosionParticles@@YAXQAMHH@Z 0040ac7c f   cl_newfx.obj
 0001:00009d29       ?CL_ParticleSmokeEffect@@YAXQAM0HHH@Z 0040ad29 f   cl_newfx.obj
 0001:00009e51       ?CL_BlasterParticles2@@YAXQAM0I@Z 0040ae51 f   cl_newfx.obj
 0001:00009f1e       ?CL_BlasterTrail2@@YAXQAM0@Z 0040af1e f   cl_newfx.obj
 0001:0000a011       ?CL_CheckOrDownloadFile@@YA_NPAD@Z 0040b011 f   cl_parse.obj
 0001:0000a288       ?CL_Download_f@@YAX_NHPAPAD@Z 0040b288 f   cl_parse.obj
 0001:0000a35a       ?CL_RegisterSounds@@YAXXZ  0040b35a f   cl_parse.obj
 0001:0000a399       ?CL_ParseDownload@@YAXXZ   0040b399 f   cl_parse.obj
 0001:0000a506       ?CL_ParseServerData@@YAXXZ 0040b506 f   cl_parse.obj
 0001:0000a60c       ?CL_ParseBaseline@@YAXXZ   0040b60c f   cl_parse.obj
 0001:0000a650       ?CL_LoadClientinfo@@YAXPAUclientinfo_t@@PAD@Z 0040b650 f   cl_parse.obj
 0001:0000a937       ?CL_ParseClientinfo@@YAXH@Z 0040b937 f   cl_parse.obj
 0001:0000a95b       ?CL_ParseConfigString@@YAXXZ 0040b95b f   cl_parse.obj
 0001:0000aad7       ?CL_ParseStartSoundPacket@@YAXXZ 0040bad7 f   cl_parse.obj
 0001:0000abd6       ?CL_ParseServerMessage@@YAXXZ 0040bbd6 f   cl_parse.obj
 0001:0000af1d       ?CL_CheckPredictionError@@YAXXZ 0040bf1d f   cl_pred.obj
 0001:0000b0bd       ?CL_EntityTrace@@YAXPAUtrace_t@@QAM111H@Z 0040c0bd f   cl_pred.obj
 0001:0000b477       ?CL_Trace@@YAXPAUtrace_t@@QAM111H@Z 0040c477 f   cl_pred.obj
 0001:0000b4f9       ?CL_PMpointcontents@@YAHQAM@Z 0040c4f9 f   cl_pred.obj
 0001:0000b683       ?CL_PredictMovement@@YAXXZ 0040c683 f   cl_pred.obj
 0001:0000ba25       ?DrawString@@YAXHHPBD@Z    0040ca25 f   cl_scrn.obj
 0001:0000ba6a       ?CL_AddNetgraph@@YAXXZ     0040ca6a f   cl_scrn.obj
 0001:0000bb19       ?SCR_DebugGraph@@YAXMH@Z   0040cb19 f   cl_scrn.obj
 0001:0000bb41       ?SCR_CenterPrint@@YAXPAD@Z 0040cb41 f   cl_scrn.obj
 0001:0000bc45       ?SCR_DrawCenterString@@YAXXZ 0040cc45 f   cl_scrn.obj
 0001:0000bd17       ?SCR_CheckDrawCenterString@@YAXXZ 0040cd17 f   cl_scrn.obj
 0001:0000bd3a       ?SCR_Sky_f@@YAX_NHPAPAD@Z  0040cd3a f   cl_scrn.obj
 0001:0000bdc9       ?SCR_Init@@YAXXZ           0040cdc9 f   cl_scrn.obj
 0001:0000be13       ?SCR_SetLevelshot@@YAXPAD@Z 0040ce13 f   cl_scrn.obj
 0001:0000bef7       ?SCR_BeginLoadingPlaque@@YAXXZ 0040cef7 f   cl_scrn.obj
 0001:0000bf86       ?SCR_EndLoadingPlaque@@YAX_N@Z 0040cf86 f   cl_scrn.obj
 0001:0000c011       ?SCR_ShowConsole@@YAX_N0@Z 0040d011 f   cl_scrn.obj
 0001:0000c0f6       ?SCR_TimeRefresh_f@@YAXHPAPAD@Z 0040d0f6 f   cl_scrn.obj
 0001:0000c1c8       ?SCR_TileClear@@YAXXZ      0040d1c8 f   cl_scrn.obj
 0001:0000c26d       ?SCR_TouchPics@@YAXXZ      0040d26d f   cl_scrn.obj
 0001:0000c2dd       ?SCR_ExecuteLayoutString@@YAXPAD@Z 0040d2dd f   cl_scrn.obj
 0001:0000cc2d       ?SCR_DrawStats@@YAXXZ      0040dc2d f   cl_scrn.obj
 0001:0000cc39       ?SCR_DrawLayout@@YAXXZ     0040dc39 f   cl_scrn.obj
 0001:0000cc4f       ?SCR_UpdateScreen@@YAXXZ   0040dc4f f   cl_scrn.obj
 0001:0000d486       ?CL_RegisterTEntSounds@@YAXXZ 0040e486 f   cl_tent.obj
 0001:0000d6cb       ?CL_RegisterTEntModels@@YAXXZ 0040e6cb f   cl_tent.obj
 0001:0000d803       ?CL_ClearTEnts@@YAXXZ      0040e803 f   cl_tent.obj
 0001:0000d837       ?CL_AllocExplosion@@YAPAUexplosion_t@@QAMW4exptype_t@@@Z 0040e837 f   cl_tent.obj
 0001:0000d8d3       ?CL_AddExplosions@@YAXXZ   0040e8d3 f   cl_tent.obj
 0001:0000da6d       ?CL_SmokeAndFlash@@YAXQAM@Z 0040ea6d f   cl_tent.obj
 0001:0000dab5       ?CL_ParseBeam@@YAHPAUmodel_s@@@Z 0040eab5 f   cl_tent.obj
 0001:0000db94       ?CL_ParseBeam2@@YAHPAUmodel_s@@@Z 0040eb94 f   cl_tent.obj
 0001:0000dc6b       ?CL_ParsePlayerBeam@@YAHPAUmodel_s@@@Z 0040ec6b f   cl_tent.obj
 0001:0000dd79       ?CL_ParseLightning@@YAHPAUmodel_s@@@Z 0040ed79 f   cl_tent.obj
 0001:0000de45       ?CL_ParseLaser@@YAXI@Z     0040ee45 f   cl_tent.obj
 0001:0000dec1       ?CL_ParseSteam@@YAXXZ      0040eec1 f   cl_tent.obj
 0001:0000dfd2       ?CL_ParseWidow@@YAXXZ      0040efd2 f   cl_tent.obj
 0001:0000e03e       ?CL_ParseNuke@@YAXXZ       0040f03e f   cl_tent.obj
 0001:0000e0a8       ?CL_ParseTEnt@@YAXXZ       0040f0a8 f   cl_tent.obj
 0001:0000eeca       ?CL_AddBeams@@YAXXZ        0040feca f   cl_tent.obj
 0001:0000f206       ?CL_AddPlayerBeams@@YAXXZ  00410206 f   cl_tent.obj
 0001:0000f8f6       ?CL_ProcessSustain@@YAXXZ  004108f6 f   cl_tent.obj
 0001:0000f937       ?CL_AddTEnts@@YAXXZ        00410937 f   cl_tent.obj
 0001:0000f94b       ?V_AddEntity@@YAXPAUentity_s@@@Z 0041094b f   cl_view.obj
 0001:0000f97a       ?V_AddLight@@YAXQAMMMMM@Z  0041097a f   cl_view.obj
 0001:0000f9bf       ?V_TestParticles@@YAXXZ    004109bf f   cl_view.obj
 0001:0000fa7d       ?V_TestEntities@@YAXXZ     00410a7d f   cl_view.obj
 0001:0000fb13       ?V_TestLights@@YAXXZ       00410b13 f   cl_view.obj
 0001:0000fbe1       ?CL_PrepRefresh@@YAXXZ     00410be1 f   cl_view.obj
 0001:0000fea6       ?CalcFov@@YAMMMM@Z         00410ea6 f   cl_view.obj
 0001:0000ff1d       ?SCR_DrawCrosshair@@YAXXZ  00410f1d f   cl_view.obj
 0001:0000ff92       ?V_RenderView@@YAXM@Z      00410f92 f   cl_view.obj
 0001:00010b19       ?V_Init@@YAXXZ             00411b19 f   cl_view.obj
 0001:00010cee       ?Con_ToggleConsole_f@@YAXXZ 00411cee f   console.obj
 0001:00010d16       ?Con_ClearNotify@@YAXXZ    00411d16 f   console.obj
 0001:00010d25       ?Con_CheckResize@@YAXXZ    00411d25 f   console.obj
 0001:00010e4c       ?Con_Print@@YAXPAD@Z       00411e4c f   console.obj
 0001:00011144       ?Con_DrawNotify@@YAX_N@Z   00412144 f   console.obj
 0001:00011330       ?Con_DrawConsole@@YAXM@Z   00412330 f   console.obj
 0001:00011706       ?Key_Console@@YAXHH@Z      00412706 f   console.obj
 0001:00011c74       ?Key_Message@@YAXH@Z       00412c74 f   console.obj
 0001:00011d10       ?Con_Init@@YAXXZ           00412d10 f   console.obj
 0001:00011ee0       ?Key_KeynumToString@@YAPBDH@Z 00412ee0 f   keys.obj
 0001:00011f90       ?CompleteCommand@@YAXXZ    00412f90 f   keys.obj
 0001:000128e2       ?Key_SetBinding@@YAXHPBD@Z 004138e2 f   keys.obj
 0001:00012920       ?Key_FindBinding@@YAHPBDPAHH@Z 00413920 f   keys.obj
 0001:0001296e       ?Key_WriteBindings@@YAXPAU_iobuf@@@Z 0041396e f   keys.obj
 0001:000129b6       ?Key_Init@@YAXXZ           004139b6 f   keys.obj
 0001:00012c9f       ?Key_Event@@YAXH_NI@Z      00413c9f f   keys.obj
 0001:00012fed       ?Key_ClearStates@@YAXXZ    00413fed f   keys.obj
 0001:00013024       ?Key_ClearTyping@@YAXXZ    00414024 f   keys.obj
 0001:0001303d       ?M_PushMenu@@YAXP6AXXZP6APBDH@Z@Z 0041403d f   menu.obj
 0001:000130d2       ?M_ForceMenuOff@@YAXXZ     004140d2 f   menu.obj
 0001:00013105       ?M_ForceMenuOn@@YAXXZ      00414105 f   menu.obj
 0001:0001311e       ?M_PopMenu@@YAXXZ          0041411e f   menu.obj
 0001:0001316f       ?Default_MenuKey@@YAPBDPAUmenuFramework_s@@H@Z 0041416f f   menu.obj
 0001:0001328f       ?M_DrawCharacter@@YAXHHH@Z 0041428f f   menu.obj
 0001:000132c1       ?M_Print@@YAXHHPAD@Z       004142c1 f   menu.obj
 0001:00013307       ?M_DrawCursor@@YAXHHH@Z    00414307 f   menu.obj
 0001:0001332c       ?M_DrawTextBox@@YAXHHHH@Z  0041432c f   menu.obj
 0001:000133fe       ?M_Main_Draw@@YAXXZ        004143fe f   menu.obj
 0001:00013572       ?M_Main_Key@@YAPBDH@Z      00414572 f   menu.obj
 0001:0001364e       ?M_Menu_Main_f@@YAXXZ      0041464e f   menu.obj
 0001:0001366f       ?M_Menu_Multiplayer_f@@YAXXZ 0041466f f   menu.obj
 0001:00013847       ?M_Menu_Keys_f@@YAXXZ      00414847 f   menu.obj
 0001:00013ca3       ?M_Menu_Options_f@@YAXXZ   00414ca3 f   menu.obj
 0001:000145b8       ?M_Menu_Video_f@@YAXXZ     004155b8 f   menu.obj
 0001:000145d9       ?M_Menu_Credits_f@@YAXXZ   004155d9 f   menu.obj
 0001:000147c2       ?M_Menu_Game_f@@YAXXZ      004157c2 f   menu.obj
 0001:00014a35       ?M_Menu_LoadGame_f@@YAXXZ  00415a35 f   menu.obj
 0001:00014d03       ?M_Menu_SaveGame_f@@YAXXZ  00415d03 f   menu.obj
 0001:00014e63       ?M_AddToServerList@@YAXUnetadr_t@@PAD@Z 00415e63 f   menu.obj
 0001:00014ed6       ?M_Menu_JoinServer_f@@YAXXZ 00415ed6 f   menu.obj
 0001:0001513a       ?M_Menu_StartServer_f@@YAXXZ 0041613a f   menu.obj
 0001:00015962       ?M_Menu_DMOptions_f@@YAXXZ 00416962 f   menu.obj
 0001:00016103       ?M_Menu_DownloadOptions_f@@YAXXZ 00417103 f   menu.obj
 0001:00016385       ?M_Menu_AddressBook_f@@YAXXZ 00417385 f   menu.obj
 0001:00017772       ?M_Init@@YAXXZ             00418772 f   menu.obj
 0001:00017890       ?M_Draw@@YAXXZ             00418890 f   menu.obj
 0001:000178e1       ?M_Keydown@@YAXH@Z         004188e1 f   menu.obj
 0001:000178fd       ?Menu_ItemAtCursor@@YAPAUmenuCommon_s@@PAUmenuFramework_s@@@Z 004188fd f   qmenu.obj
 0001:00017954       ?Field_Key@@YA_NPAUmenuField_t@@H@Z 00418954 f   qmenu.obj
 0001:00017b9c       ?Menu_AddItem@@YAXPAUmenuFramework_s@@PAX@Z 00418b9c f   qmenu.obj
 0001:00017c17       ?Menu_AdjustCursor@@YAXPAUmenuFramework_s@@H@Z 00418c17 f   qmenu.obj
 0001:00017d62       ?Menu_Center@@YAXPAUmenuFramework_s@@@Z 00418d62 f   qmenu.obj
 0001:00017da2       ?Menu_Draw@@YAXPAUmenuFramework_s@@@Z 00418da2 f   qmenu.obj
 0001:000182d2       ?Menu_DrawStringCommon@@YAXHHPBDH@Z 004192d2 f   qmenu.obj
 0001:00018306       ?Menu_SelectItem@@YA_NPAUmenuFramework_s@@@Z 00419306 f   qmenu.obj
 0001:00018359       ?Menu_SetStatusBar@@YAXPAUmenuFramework_s@@PBD@Z 00419359 f   qmenu.obj
 0001:00018365       ?Menu_SlideItem@@YAXPAUmenuFramework_s@@H@Z 00419365 f   qmenu.obj
 0001:0001887c       ?InitRendererVars@@YAXXZ   0041987c f   ref_vars.obj
 0001:0001889b       ?S_SoundInfo_f@@YAXXZ      0041989b f   snd_dma.obj
 0001:00018925       ?S_ReadModelsSex@@YAXXZ    00419925 f   snd_dma.obj
 0001:00018a0a       ?S_IsFemale@@YA_NPAD@Z     00419a0a f   snd_dma.obj
 0001:00018a5e       ?S_Init@@YAXXZ             00419a5e f   snd_dma.obj
 0001:00018b34       ?S_Shutdown@@YAXXZ         00419b34 f   snd_dma.obj
 0001:00018bc7       ?S_FindName@@YAPAUsfx_s@@PAD_N@Z 00419bc7 f   snd_dma.obj
 0001:00018d01       ?S_AliasName@@YAPAUsfx_s@@PAD0@Z 00419d01 f   snd_dma.obj
 0001:00018dc5       ?S_BeginRegistration@@YAXXZ 00419dc5 f   snd_dma.obj
 0001:00018dd3       ?S_RegisterSound@@YAPAUsfx_s@@PAD@Z 00419dd3 f   snd_dma.obj
 0001:00018e3c       ?S_EndRegistration@@YAXXZ  00419e3c f   snd_dma.obj
 0001:00018ed4       ?S_PickChannel@@YAPAUchannel_t@@HH@Z 00419ed4 f   snd_dma.obj
 0001:00018f62       ?S_SpatializeOrigin@@YAXQAMMMPAH1@Z 00419f62 f   snd_dma.obj
 0001:00019089       ?S_Spatialize@@YAXPAUchannel_t@@@Z 0041a089 f   snd_dma.obj
 0001:000190fa       ?S_AllocPlaysound@@YAPAUplaysound_s@@XZ 0041a0fa f   snd_dma.obj
 0001:0001911c       ?S_FreePlaysound@@YAXPAUplaysound_s@@@Z 0041a11c f   snd_dma.obj
 0001:0001914c       ?S_IssuePlaysound@@YAXPAUplaysound_s@@@Z 0041a14c f   snd_dma.obj
 0001:00019219       ?S_StartSound@@YAXQAMHHPAUsfx_s@@MMM@Z 0041a219 f   snd_dma.obj
 0001:000194c2       ?S_StartLocalSound@@YAXPAD@Z 0041a4c2 f   snd_dma.obj
 0001:00019511       ?S_ClearBuffer@@YAXXZ      0041a511 f   snd_dma.obj
 0001:0001957a       ?S_StopAllSounds_f@@YAXXZ  0041a57a f   snd_dma.obj
 0001:000195ea       ?S_AddLoopSounds@@YAXXZ    0041a5ea f   snd_dma.obj
 0001:000197c0       ?S_RawSamples@@YAXHHHHPAE@Z 0041a7c0 f   snd_dma.obj
 0001:000199c4       ?S_Update@@YAXQAM000@Z     0041a9c4 f   snd_dma.obj
 0001:00019abe       ?GetSoundtime@@YAXXZ       0041aabe f   snd_dma.obj
 0001:00019b25       ?S_Update_@@YAXXZ          0041ab25 f   snd_dma.obj
 0001:00019d81       ?ResampleSfx@@YAXPAUsfx_s@@HHPAE@Z 0041ad81 f   snd_mem.obj
 0001:00019e9c       ?S_LoadSound@@YAPAUsfxcache_t@@PAUsfx_s@@@Z 0041ae9c f   snd_mem.obj
 0001:00019fd1       ?GetWavinfo@@YA?AUwavinfo_t@@PADPAEH@Z 0041afd1 f   snd_mem.obj
 0001:0001a217       ?S_WriteLinearBlastStereo16@@YAXXZ 0041b217 f   snd_mix.obj
 0001:0001a28b       ?S_TransferStereo16@@YAXPAKH@Z 0041b28b f   snd_mix.obj
 0001:0001a2f4       ?S_TransferPaintBuffer@@YAXH@Z 0041b2f4 f   snd_mix.obj
 0001:0001a450       ?S_PaintChannels@@YAXH@Z   0041b450 f   snd_mix.obj
 0001:0001a677       ?S_InitScaletable@@YAXXZ   0041b677 f   snd_mix.obj
 0001:0001a6cb       ?S_PaintChannelFrom8@@YAXPAUchannel_t@@PAUsfxcache_t@@HH@Z 0041b6cb f   snd_mix.obj
 0001:0001a7cd       ?S_PaintChannelFrom16@@YAXPAUchannel_t@@PAUsfxcache_t@@HH@Z 0041b7cd f   snd_mix.obj
 0001:0001a838       ?SV_WipeSavegame@@YAXPAD@Z 0041b838 f   sv_ccmds.obj
 0001:0001a866       ?SV_CopySaveGame@@YAXPAD0@Z 0041b866 f   sv_ccmds.obj
 0001:0001a8bb       ?SV_WriteLevelFile@@YAXXZ  0041b8bb f   sv_ccmds.obj
 0001:0001a969       ?SV_ReadLevelFile@@YAXXZ   0041b969 f   sv_ccmds.obj
 0001:0001aa17       ?SV_WriteServerFile@@YAX_NPAD@Z 0041ba17 f   sv_ccmds.obj
 0001:0001ac52       ?SV_ReadServerFile@@YAXXZ  0041bc52 f   sv_ccmds.obj
 0001:0001ad77       ?SV_AddressBanned@@YA_NPAUnetadr_t@@@Z 0041bd77 f   sv_ccmds.obj
 0001:0001adb8       ?SV_InitOperatorCommands@@YAXXZ 0041bdb8 f   sv_ccmds.obj
 0001:0001bd10       ?SV_WritePlayerstateToClient@@YAXPAUclient_frame_t@@0PAUsizebuf_s@@@Z 0041cd10 f   sv_ents.obj
 0001:0001c22c       ?SV_WriteFrameToClient@@YAXPAUclient_s@@PAUsizebuf_s@@@Z 0041d22c f   sv_ents.obj
 0001:0001c454       ?SV_FatPVS@@YAXQAM@Z       0041d454 f   sv_ents.obj
 0001:0001c571       ?SV_BuildClientFrame@@YAXPAUclient_s@@@Z 0041d571 f   sv_ents.obj
 0001:0001c885       ?SV_RecordDemoMessage@@YAXXZ 0041d885 f   sv_ents.obj
 0001:0001d3fd       ?SV_InitGameLibrary@@YAX_N@Z 0041e3fd f   sv_game.obj
 0001:0001d550       ?SV_ShutdownGameLibrary@@YAXXZ 0041e550 f   sv_game.obj
 0001:0001d6ad       ?SV_FindIndex@@YAHPADHH_N@Z 0041e6ad f   sv_init.obj
 0001:0001d7b3       ?SV_ModelIndex@@YAHPAD@Z   0041e7b3 f   sv_init.obj
 0001:0001d7c9       ?SV_SoundIndex@@YAHPAD@Z   0041e7c9 f   sv_init.obj
 0001:0001d7e2       ?SV_ImageIndex@@YAHPAD@Z   0041e7e2 f   sv_init.obj
 0001:0001d7fb       ?SV_CreateBaseline@@YAXXZ  0041e7fb f   sv_init.obj
 0001:0001d859       ?SV_CheckForSavegame@@YAXXZ 0041e859 f   sv_init.obj
 0001:0001d8e1       ?SV_SpawnServer@@YAXPAD0W4server_state_t@@_N2@Z 0041e8e1 f   sv_init.obj
 0001:0001dbb0       ?SV_InitGame@@YAXXZ        0041ebb0 f   sv_init.obj
 0001:0001dde9       ?SV_Map@@YAX_NPAD0@Z       0041ede9 f   sv_init.obj
 0001:0001dfb2       ?SV_DropClient@@YAXPAUclient_s@@PAD@Z 0041efb2 f   sv_main.obj
 0001:0001e063       ?SV_StatusString@@YAPADXZ  0041f063 f   sv_main.obj
 0001:0001e89a       ?SV_ConnectionlessPacket@@YAXXZ 0041f89a f   sv_main.obj
 0001:0001e965       ?SV_CalcPings@@YAXXZ       0041f965 f   sv_main.obj
 0001:0001e9ec       ?SV_GiveMsec@@YAXXZ        0041f9ec f   sv_main.obj
 0001:0001ea2b       ?SV_ReadPackets@@YAXXZ     0041fa2b f   sv_main.obj
 0001:0001eb75       ?SV_CheckTimeouts@@YAXXZ   0041fb75 f   sv_main.obj
 0001:0001ec86       ?SV_PostprocessFrame@@YAXXZ 0041fc86 f   sv_main.obj
 0001:0001f15a       ?SV_MulticastHook@@YAPAUsizebuf_s@@PAU1@0@Z 0042015a f   sv_main.obj
 0001:0001f54e       ?SV_TraceHook@@YA?AUtrace_t@@QAM000PAUedict_s@@H@Z 0042054e f   sv_main.obj
 0001:0001f6c9       ?SV_Frame@@YAXM@Z          004206c9 f   sv_main.obj
 0001:0001f983       ?SV_UserinfoChanged@@YAXPAUclient_s@@@Z 00420983 f   sv_main.obj
 0001:0001fa47       ?SV_Init@@YAXXZ            00420a47 f   sv_main.obj
 0001:0001fabe       ?SV_Shutdown@@YAXPAD_N@Z   00420abe f   sv_main.obj
 0001:0001fcbb       ?SV_BeginRedirect@@YAXXZ   00420cbb f   sv_send.obj
 0001:0001fd65       ?SV_ClientPrintf@@YAXPAUclient_s@@HPADZZ 00420d65 f   sv_send.obj
 0001:0001fdc0       ?SV_BroadcastPrintf@@YAXHPADZZ 00420dc0 f   sv_send.obj
 0001:0001fe96       ?SV_BroadcastCommand@@YAXPADZZ 00420e96 f   sv_send.obj
 0001:0001feeb       ?SV_Multicast@@YAXQAMW4multicast_t@@_N@Z 00420eeb f   sv_send.obj
 0001:0002012d       ?SV_MulticastOld@@YAXQAMW4multicast_t@@@Z 0042112d f   sv_send.obj
 0001:00020140       ?SV_MulticastNew@@YAXQAMW4multicast_t@@@Z 00421140 f   sv_send.obj
 0001:00020153       ?SV_StartSound@@YAXQAMPAUedict_s@@HHMMM_N@Z 00421153 f   sv_send.obj
 0001:00020415       ?SV_StartSoundOld@@YAXQAMPAUedict_s@@HHMMM@Z 00421415 f   sv_send.obj
 0001:00020445       ?SV_StartSoundNew@@YAXQAMPAUedict_s@@HHMMM@Z 00421445 f   sv_send.obj
 0001:00020475       ?SV_SendClientDatagram@@YA_NPAUclient_s@@@Z 00421475 f   sv_send.obj
 0001:00020548       ?SV_DemoCompleted@@YAXXZ   00421548 f   sv_send.obj
 0001:00020564       ?SV_RateDrop@@YA_NPAUclient_s@@@Z 00421564 f   sv_send.obj
 0001:000205ae       ?SV_SendClientMessages@@YAXXZ 004215ae f   sv_send.obj
 0001:00020f4b       ?SV_Nextserver@@YAXXZ      00421f4b f   sv_user.obj
 0001:00020fda       ?SV_ExecuteUserCommand@@YAXPAD@Z 00421fda f   sv_user.obj
 0001:00021093       ?SV_ClientThink@@YAXPAUclient_s@@PAUusercmd_t@@@Z 00422093 f   sv_user.obj
 0001:000210d6       ?SV_ExecuteClientMessage@@YAXPAUclient_s@@@Z 004220d6 f   sv_user.obj
 0001:000212f4       ?SV_ClearWorld@@YAXXZ      004222f4 f   sv_world.obj
 0001:0002144c       ?SV_UnlinkEdict@@YAXPAUedict_s@@@Z 0042244c f   sv_world.obj
 0001:0002150f       ?SV_LinkEdict@@YAXPAUedict_s@@@Z 0042250f f   sv_world.obj
 0001:00021b68       ?SV_AreaEdicts@@YAHQAM0PAPAUedict_s@@HH@Z 00422b68 f   sv_world.obj
 0001:00021d19       ?SV_PointContents@@YAHQAM@Z 00422d19 f   sv_world.obj
 0001:00021e3f       ?SV_ClipMoveToEntities@@YAXPAUtrace_t@@QAM111PAUedict_s@@H@Z 00422e3f f   sv_world.obj
 0001:0002221e       ?SV_Trace@@YAXPAUtrace_t@@QAM111PAUedict_s@@H@Z 0042321e f   sv_world.obj
 0001:000222d8       ?Cbuf_Init@@YAXXZ          004232d8 f   cmd.obj
 0001:000222f0       ?Cbuf_AddText@@YAXPAD@Z    004232f0 f   cmd.obj
 0001:00022355       ?Cbuf_InsertText@@YAXPAD@Z 00423355 f   cmd.obj
 0001:000223bc       ?Cbuf_CopyToDefer@@YAXXZ   004233bc f   cmd.obj
 0001:00022404       ?Cbuf_InsertFromDefer@@YAXXZ 00423404 f   cmd.obj
 0001:0002242d       ?Cbuf_Execute@@YAXXZ       0042342d f   cmd.obj
 0001:0002252f       ?Cmd_Unalias_f@@YAX_NHPAPAD@Z 0042352f f   cmd.obj
 0001:000225b8       ?Cmd_WriteAliases@@YAXPAU_iobuf@@@Z 004235b8 f   cmd.obj
 0001:000225e9       ?Cmd_Argc@@YAHXZ           004235e9 f   cmd.obj
 0001:000225ef       ?Cmd_Argv@@YAPADH@Z        004235ef f   cmd.obj
 0001:00022609       ?Cmd_Args@@YAPADXZ         00423609 f   cmd.obj
 0001:0002260f       ?RegisterCommand@@YA_NPBDP6AXXZH@Z 0042360f f   cmd.obj
 0001:00022670       ?UnregisterCommand@@YAXPBD@Z 00423670 f   cmd.obj
 0001:000226b2       ?Cmd_ExecuteString@@YA_NPBD@Z 004236b2 f   cmd.obj
 0001:00022b62       ?ExecuteCommand@@YA_NPBDPBUCSimpleCommand@@H@Z 00423b62 f   cmd.obj
 0001:00022c29       ?Cmd_Init@@YAXXZ           00423c29 f   cmd.obj
 0001:00022f50       ?CMod_GetSurfMaterial@@YA?AW4material_t@@PAD@Z 00423f50 f   cmodel.obj
 0001:00022fad       ?CM_LoadMap@@YAPAUcmodel_t@@PAD_NPAI@Z 00423fad f   cmodel.obj
 0001:000235fc       ?PlaneTypeForNormal@@YAHQBM@Z 004245fc f i cmodel.obj
 0001:000237ad       ?CM_InlineModel@@YAPAUcmodel_t@@PAD@Z 004247ad f   cmodel.obj
 0001:000237f6       ?CM_NumClusters@@YAHXZ     004247f6 f   cmodel.obj
 0001:000237fc       ?CM_NumInlineModels@@YAHXZ 004247fc f   cmodel.obj
 0001:00023802       ?CM_EntityString@@YAPADXZ  00424802 f   cmodel.obj
 0001:00023808       ?CM_LeafContents@@YAHH@Z   00424808 f   cmodel.obj
 0001:0002382f       ?CM_LeafCluster@@YAHH@Z    0042482f f   cmodel.obj
 0001:000238a2       ?CM_LeafArea@@YAHH@Z       004248a2 f   cmodel.obj
 0001:000238ca       ?CM_InitBoxHull@@YAXXZ     004248ca f   cmodel.obj
 0001:00023a5a       ?CM_HeadnodeForBox@@YAHQAM0@Z 00424a5a f   cmodel.obj
 0001:00023b0f       ?CM_PointLeafnum@@YAHQAM@Z 00424b0f f   cmodel.obj
 0001:00023bb9       ?DISTANCE_TO_PLANE@@YAMQBMPBUcplane_t@@@Z 00424bb9 f i cmodel.obj
 0001:00023c01       ?CM_PointContents@@YAHQAMH@Z 00424c01 f   cmodel.obj
 0001:00023c77       ?CM_TransformedPointContents@@YAHQAMH00@Z 00424c77 f   cmodel.obj
 0001:00023db0       ?CM_TransformedPointContents2@@YAHQAMH0PAY02M@Z 00424db0 f   cmodel.obj
 0001:00023ea1       ?CM_BoxLeafnums@@YAHQAM0PAHH1@Z 00424ea1 f   cmodel.obj
 0001:00023fc0       ?BOX_ON_PLANE_SIDE@@YAHQBM0PBUcplane_t@@@Z 00424fc0 f i cmodel.obj
 0001:00024045       ?CM_BoxTrace@@YAXPAUtrace_t@@QBM111HH@Z 00425045 f   cmodel.obj
 0001:00024a5e       ?CM_TransformedBoxTrace@@YAXPAUtrace_t@@QBM111HH11@Z 00425a5e f   cmodel.obj
 0001:00024d2e       ?CM_TransformedBoxTrace2@@YAXPAUtrace_t@@QBM111HH1PAY02$$CBM@Z 00425d2e f   cmodel.obj
 0001:00024f43       ?CM_BrushTrace@@YAHQBM0PAHH@Z 00425f43 f   cmodel.obj
 0001:00025361       ?CM_RefineBrushTrace@@YAHQBM0PAHH@Z 00426361 f   cmodel.obj
 0001:00025406       ?CM_ClusterPVS@@YAPAEH@Z   00426406 f   cmodel.obj
 0001:0002554a       ?CM_ClusterPHS@@YAPAEH@Z   0042654a f   cmodel.obj
 0001:000255ed       ?FloodAreaConnections@@YAXXZ 004265ed f   cmodel.obj
 0001:000256a4       ?CM_SetAreaPortalState@@YAXH_N@Z 004266a4 f   cmodel.obj
 0001:000256cd       ?CM_AreasConnected@@YA_NHH@Z 004266cd f   cmodel.obj
 0001:00025715       ?CM_WriteAreaBits@@YAHPAEH@Z 00426715 f   cmodel.obj
 0001:000257af       ?CM_WritePortalState@@YAXPAU_iobuf@@@Z 004267af f   cmodel.obj
 0001:000257c9       ?CM_ReadPortalState@@YAXPAU_iobuf@@@Z 004267c9 f   cmodel.obj
 0001:000257e7       ?CM_HeadnodeVisible@@YA_NHPAE@Z 004267e7 f   cmodel.obj
 0001:000258bc       ?Com_BeginRedirect@@YAXPADHP6AX0@Z@Z 004268bc f   common.obj
 0001:000258e9       ?Com_EndRedirect@@YAXXZ    004268e9 f   common.obj
 0001:00025908       ?Com_Printf@@YAXPBDZZ      00426908 f   common.obj
 0001:00025aad       ?Com_DPrintf@@YAXPBDZZ     00426aad f   common.obj
 0001:00025b2a       ?DebugPrintf@@YAXPBDZZ     00426b2a f   common.obj
 0001:00025bd4       ?Com_WPrintf@@YAXPBDZZ     00426bd4 f   common.obj
 0001:00025c32       ?Com_FatalError@@YAXPBDZZ  00426c32 f   common.obj
 0001:00025cd7       ?Com_DropError@@YAXPBDZZ   00426cd7 f   common.obj
 0001:00025d6a       ?appUnwindPrefix@@YAXPBD@Z 00426d6a f   common.obj
 0001:00025dc2       ?appUnwindThrow@@YAXPBDZZ  00426dc2 f   common.obj
 0001:00025e4a       ?Com_ResetErrorState@@YAXXZ 00426e4a f   common.obj
 0001:00025e5b       ?Com_Quit@@YAXXZ           00426e5b f   common.obj
 0001:00025e8e       ?MatchWildcard@@YA_NPBD0_N@Z 00426e8e f   common.obj
 0001:0002601c       ?IPWildcard@@YA_NPAUnetadr_t@@PAD@Z 0042701c f   common.obj
 0001:000260f6       ?Com_ServerState@@YA?AW4server_state_t@@XZ 004270f6 f   common.obj
 0001:000260fc       ?Com_SetServerState@@YAXW4server_state_t@@@Z 004270fc f   common.obj
 0001:00026106       ?MSG_WriteByte@@YAXPAUsizebuf_s@@H@Z 00427106 f   common.obj
 0001:00026106       ?MSG_WriteChar@@YAXPAUsizebuf_s@@H@Z 00427106 f   common.obj
 0001:0002611a       ?MSG_WriteShort@@YAXPAUsizebuf_s@@H@Z 0042711a f   common.obj
 0001:00026134       ?MSG_WriteLong@@YAXPAUsizebuf_s@@H@Z 00427134 f   common.obj
 0001:0002615e       ?MSG_WriteFloat@@YAXPAUsizebuf_s@@M@Z 0042715e f   common.obj
 0001:0002617a       ?MSG_WriteString@@YAXPAUsizebuf_s@@PAD@Z 0042717a f   common.obj
 0001:000261b1       ?MSG_WriteCoord@@YAXPAUsizebuf_s@@M@Z 004271b1 f   common.obj
 0001:000261d6       ?MSG_WritePos@@YAXPAUsizebuf_s@@QAM@Z 004271d6 f   common.obj
 0001:0002623a       ?MSG_WriteAngle@@YAXPAUsizebuf_s@@M@Z 0042723a f   common.obj
 0001:00026265       ?MSG_WriteAngle16@@YAXPAUsizebuf_s@@M@Z 00427265 f   common.obj
 0001:00026290       ?MSG_WriteDeltaUsercmd@@YAXPAUsizebuf_s@@PAUusercmd_t@@1@Z 00427290 f   common.obj
 0001:000263ba       ?MSG_WriteDir@@YAXPAUsizebuf_s@@QAM@Z 004273ba f   common.obj
 0001:00026421       ?MSG_ReadDir@@YAXPAUsizebuf_s@@QAM@Z 00427421 f   common.obj
 0001:00026456       ?MSG_WriteDeltaEntity@@YAXPAUentity_state_t@@0PAUsizebuf_s@@_N2@Z 00427456 f   common.obj
 0001:000268a0       ?MSG_BeginReading@@YAXPAUsizebuf_s@@@Z 004278a0 f   common.obj
 0001:000268a9       ?MSG_ReadChar@@YAHPAUsizebuf_s@@@Z 004278a9 f   common.obj
 0001:000268ca       ?MSG_ReadByte@@YAHPAUsizebuf_s@@@Z 004278ca f   common.obj
 0001:000268eb       ?MSG_ReadShort@@YAHPAUsizebuf_s@@@Z 004278eb f   common.obj
 0001:0002691b       ?MSG_ReadLong@@YAHPAUsizebuf_s@@@Z 0042791b f   common.obj
 0001:0002695a       ?MSG_ReadString@@YAPADPAUsizebuf_s@@@Z 0042795a f   common.obj
 0001:0002698d       ?MSG_ReadCoord@@YAMPAUsizebuf_s@@@Z 0042798d f   common.obj
 0001:000269a7       ?MSG_ReadPos@@YAXPAUsizebuf_s@@QAM@Z 004279a7 f   common.obj
 0001:000269f9       ?MSG_ReadAngle@@YAMPAUsizebuf_s@@@Z 004279f9 f   common.obj
 0001:00026a13       ?MSG_ReadAngle16@@YAMPAUsizebuf_s@@@Z 00427a13 f   common.obj
 0001:00026a2d       ?MSG_ReadDeltaUsercmd@@YAXPAUsizebuf_s@@PAUusercmd_t@@1@Z 00427a2d f   common.obj
 0001:00026ae8       ?MSG_ReadData@@YAXPAUsizebuf_s@@PAXH@Z 00427ae8 f   common.obj
 0001:00026b0b       ?SZ_Init@@YAXPAUsizebuf_s@@PAXH@Z 00427b0b f   common.obj
 0001:00026b29       ?SZ_Clear@@YAXPAUsizebuf_s@@@Z 00427b29 f   common.obj
 0001:00026b36       ?SZ_GetSpace@@YAPAXPAUsizebuf_s@@H@Z 00427b36 f   common.obj
 0001:00026b99       ?SZ_Write@@YAXPAUsizebuf_s@@PAXH@Z 00427b99 f   common.obj
 0001:00026bc5       ?SZ_Insert@@YAXPAUsizebuf_s@@PAXHH@Z 00427bc5 f   common.obj
 0001:00026c1e       ?SZ_Print@@YAXPAUsizebuf_s@@PAD@Z 00427c1e f   common.obj
 0001:00026c74       ?Info_Print@@YAXPAD@Z      00427c74 f   common.obj
 0001:00026d39       ?COM_BlockSequenceCRCByte@@YAEPAEHH@Z 00427d39 f   common.obj
 0001:00026dcd       ?frand@@YAMXZ              00427dcd f   common.obj
 0001:00026dea       ?crand@@YAMXZ              00427dea f   common.obj
 0001:00026e0d       ?COM_CheckCmdlineVar@@YA_NPBD@Z 00427e0d f   common.obj
 0001:00026e63       ?QCommon_Init@@YAXPAD@Z    00427e63 f   common.obj
 0001:00027225       ?QCommon_Frame@@YAXH@Z     00428225 f   common.obj
 0001:000274fc       ?CRC_Init@@YAXPAG@Z        004284fc f   crc.obj
 0001:00027506       ?CRC_Block@@YAGPAEH@Z      00428506 f   crc.obj
 0001:0002754f       ?Cvar_VariableValue@@YAMPBD@Z 0042854f f   cvar.obj
 0001:000275bd       ?Cvar_VariableInt@@YAHPBD@Z 004285bd f   cvar.obj
 0001:000275d0       ?Cvar_VariableString@@YAPADPBD@Z 004285d0 f   cvar.obj
 0001:000275e8       ?Cvar_Get@@YAPAUcvar_s@@PBD0H@Z 004285e8 f   cvar.obj
 0001:0002789b       ?Cvar_GetVars@@YAXPBUcvarInfo_t@@H@Z 0042889b f   cvar.obj
 0001:00027945       ?Cvar_FullSet@@YAPAUcvar_s@@PBD0H@Z 00428945 f   cvar.obj
 0001:0002799f       ?Cvar_SetValue@@YAPAUcvar_s@@PBDM@Z 0042899f f   cvar.obj
 0001:00027bc5       ?Cvar_SetInteger@@YAPAUcvar_s@@PBDH@Z 00428bc5 f   cvar.obj
 0001:00027be7       ?Cvar_Set@@YAPAUcvar_s@@PBD0@Z 00428be7 f   cvar.obj
 0001:00027bfc       ?Cvar_ForceSet@@YAPAUcvar_s@@PBD0@Z 00428bfc f   cvar.obj
 0001:00027c11       ?Cvar_Clamp@@YAMPAUcvar_s@@MM@Z 00428c11 f   cvar.obj
 0001:00027c6f       ?Cvar_ClampName@@YAMPBDMM@Z 00428c6f f   cvar.obj
 0001:00027cae       ?Cvar_GetLatchedVars@@YAXXZ 00428cae f   cvar.obj
 0001:00027cdd       ?Cvar_Command@@YA_NHPAPAD@Z 00428cdd f   cvar.obj
 0001:00027d7e       ?Cvar_WriteVariables@@YAXPAU_iobuf@@HHPBD@Z 00428d7e f   cvar.obj
 0001:00027e11       ?Cvar_BitInfo@@YAPADH@Z    00428e11 f   cvar.obj
 0001:00027e4a       ?Cvar_Userinfo@@YAPADXZ    00428e4a f   cvar.obj
 0001:00027e53       ?Cvar_Serverinfo@@YAPADXZ  00428e53 f   cvar.obj
 0001:00027e5c       ?Cvar_Cheats@@YAX_N@Z      00428e5c f   cvar.obj
 0001:00027eb2       ?Cvar_Init@@YAXXZ          00428eb2 f   cvar.obj
 0001:0002856a       ?FS_CreatePath@@YAXPAD@Z   0042956a f   files.obj
 0001:000285b4       ?FS_CopyFile@@YAXPAD0@Z    004295b4 f   files.obj
 0001:000286b7       ?FS_CopyFiles@@YAXPAD0@Z   004296b7 f   files.obj
 0001:00028790       ?FS_RemoveFiles@@YAXPAD@Z  00429790 f   files.obj
 0001:00028804       ?FS_FCloseFile@@YAXPAU_iobuf@@@Z 00429804 f   files.obj
 0001:0002889d       ?FS_FOpenFile@@YAHPBDPAPAU_iobuf@@@Z 0042989d f   files.obj
 0001:00028dd3       ?FS_FileExists@@YA_NPAD@Z  00429dd3 f   files.obj
 0001:00028ff0       ?FS_Read@@YAXPAXHPAU_iobuf@@@Z 00429ff0 f   files.obj
 0001:00029293       ?FS_LoadFile@@YAPAXPBDPAI@Z 0042a293 f   files.obj
 0001:000292e8       ?FS_FreeFile@@YAXPAX@Z     0042a2e8 f   files.obj
 0001:000292f3       ?FS_Gamedir@@YAPADXZ       0042a2f3 f   files.obj
 0001:00029307       ?FS_LoadGameConfig@@YAXXZ  0042a307 f   files.obj
 0001:000293cc       ?FS_SetGamedir@@YA_NPBD@Z  0042a3cc f   files.obj
 0001:00029a75       ?FS_ListFiles@@YAPAUbasenamed_s@@PADPAHH@Z 0042aa75 f   files.obj
 0001:00029d88       ?FS_NextPath@@YAPADPAD@Z   0042ad88 f   files.obj
 0001:00029dac       ?FS_InitFilesystem@@YAXXZ  0042adac f   files.obj
 0001:0002a757       ?LoadPCX@@YAXPBDPAPAE1PAH2@Z 0042b757 f   images.obj
 0001:0002a89d       ?LoadTGA@@YAXPBDPAPAEPAH2@Z 0042b89d f   images.obj
 0001:0002aa8c       ?LoadJPG@@YAXPBDPAPAEPAH2@Z 0042ba8c f   images.obj
 0001:0002ad1d       ?ImageExists@@YAHPBDH@Z    0042bd1d f   images.obj
 0001:0002ae17       ?WriteTGA@@YA_NPBDPAEHH@Z  0042be17 f   images.obj
 0001:0002affe       ?WriteJPG@@YA_NPBDPAEHH_N@Z 0042bffe f   images.obj
 0001:0002b125       ?MD4Init@@YAXPAUMD4_CTX@@@Z 0042c125 f   md4.obj
 0001:0002b14d       ?MD4Update@@YAXPAUMD4_CTX@@PAEI@Z 0042c14d f   md4.obj
 0001:0002b1eb       ?MD4Final@@YAXQAEPAUMD4_CTX@@@Z 0042c1eb f   md4.obj
 0001:0002b8dc       ?Com_BlockChecksum@@YAIPAXH@Z 0042c8dc f   md4.obj
 0001:0002b918       ?appFree@@YAXPAX@Z         0042c918 f   memory.obj
 0001:0002b970       ?appMalloc@@YAPAXH@Z       0042c970 f   memory.obj
 0001:0002b9e0       ?CreateMemoryChain@@YAPAXXZ 0042c9e0 f   memory.obj
 0001:0002ba4c       ?FreeMemoryChain@@YAXPAX@Z 0042ca4c f   memory.obj
 0001:0002ba76       ?AllocChainBlock@@YAPAXPAXH@Z 0042ca76 f   memory.obj
 0001:0002bac1       ?CopyString@@YAPADPBD@Z    0042cac1 f   memory.obj
 0001:0002baf0       ?ChainCopyString@@YAPADPBDPAX@Z 0042caf0 f   memory.obj
 0001:0002bb24       ?AllocNamedStruc@@YAPAUbasenamed_s@@HPAD@Z 0042cb24 f   memory.obj
 0001:0002bb5f       ?ChainAllocNamedStruc@@YAPAUbasenamed_s@@HPADPAX@Z 0042cb5f f   memory.obj
 0001:0002bb9e       ?FindNamedStruc@@YAPAUbasenamed_s@@PADPAU1@PAPAU1@@Z 0042cb9e f   memory.obj
 0001:0002bbe2       ?FindNamedStrucByIndex@@YAPAUbasenamed_s@@PAU1@H@Z 0042cbe2 f   memory.obj
 0001:0002bbf9       ?IndexOfNamedStruc@@YAHPADPAUbasenamed_s@@@Z 0042cbf9 f   memory.obj
 0001:0002bc27       ?AddToNamedList@@YAPAUbasenamed_s@@PADPAU1@@Z 0042cc27 f   memory.obj
 0001:0002bc71       ?ChainAddToNamedList@@YAPAUbasenamed_s@@PADPAU1@PAX@Z 0042cc71 f   memory.obj
 0001:0002bcbb       ?FreeNamedList@@YAXPAUbasenamed_s@@@Z 0042ccbb f   memory.obj
 0001:0002bcd6       ?Mem_Init@@YAXXZ           0042ccd6 f   memory.obj
 0001:0002bd05       ?LoadQ2BspFile@@YAXXZ      0042cd05 f   model.obj
 0001:0002c0f0       ?LoadBspFile@@YAPAUbspfile_t@@PBD_NPAI@Z 0042d0f0 f   model.obj
 0001:0002c2a4       ?ProcessEntstring@@YAPADPAD@Z 0042d2a4 f   model.obj
 0001:0002d106       ?Netchan_Init@@YAXXZ       0042e106 f   net_chan.obj
 0001:0002d166       ?Netchan_OutOfBand@@YAXW4netsrc_t@@Unetadr_t@@HPAX@Z 0042e166 f   net_chan.obj
 0001:0002d1c6       ?Netchan_OutOfBandPrint@@YAXW4netsrc_t@@Unetadr_t@@PADZZ 0042e1c6 f   net_chan.obj
 0001:0002d20b       ?Netchan_Setup@@YAXW4netsrc_t@@PAUnetchan_t@@Unetadr_t@@H@Z 0042e20b f   net_chan.obj
 0001:0002d264       ?Netchan_NeedReliable@@YA_NPAUnetchan_t@@@Z 0042e264 f   net_chan.obj
 0001:0002d28e       ?Netchan_Transmit@@YAXPAUnetchan_t@@HPAX@Z 0042e28e f   net_chan.obj
 0001:0002d434       ?Netchan_Process@@YA_NPAUnetchan_t@@PAUsizebuf_s@@@Z 0042e434 f   net_chan.obj
 0001:0002d55a       ?Pmove@@YAXPAUpmove_t@@@Z  0042e55a f   pmove.obj
 0001:0002f2f4       ?NormalizeColor@@YAMQBMQAM@Z 004302f4 f   q_shared2.obj
 0001:0002f355       ?NormalizeColor255@@YAMQBMQAM@Z 00430355 f   q_shared2.obj
 0001:0002f3ba       ?Q_rsqrt@@YAMM@Z           004303ba f   q_shared2.obj
 0001:0002f3ea       ?RotatePointAroundVector@@YAXQAMQBM1M@Z 004303ea f   q_shared2.obj
 0001:0002f552       ?AngleVectors@@YAXQBMQAM11@Z 00430552 f   q_shared2.obj
 0001:0002f6b3       ?ProjectPointOnPlane@@YAXQAMQBM1@Z 004306b3 f   q_shared2.obj
 0001:0002f732       ?PerpendicularVector@@YAXQAMQBM@Z 00430732 f   q_shared2.obj
 0001:0002f79b       ?MakeNormalVectors@@YAXQAM00@Z 0043079b f   q_shared2.obj
 0001:0002f802       ?MatrixMultiply@@YAXQAY02M00@Z 00430802 f   q_shared2.obj
 0001:0002f8e9       ?SetPlaneSignbits@@YAXPAUcplane_t@@@Z 004308e9 f   q_shared2.obj
 0001:0002f90c       ?LerpAngle@@YAMMMM@Z       0043090c f   q_shared2.obj
 0001:0002f94f       ?anglemod@@YAMM@Z          0043094f f   q_shared2.obj
 0001:0002f97b       ?BoxOnPlaneSide@@YAHQBM0PBUcplane_t@@@Z 0043097b f   q_shared2.obj
 0001:0002fa9e       ?ClearBounds@@YAXQAM0@Z    00430a9e f   q_shared2.obj
 0001:0002fac7       ?AddPointToBounds@@YAXQBMQAM1@Z 00430ac7 f   q_shared2.obj
 0001:0002fb00       ?VectorCompare@@YA_NQBM0@Z 00430b00 f   q_shared2.obj
 0001:0002fb2d       ?VectorNormalize@@YAMQAM@Z 00430b2d f   q_shared2.obj
 0001:0002fb86       ?VectorNormalize2@@YAMQBMQAM@Z 00430b86 f   q_shared2.obj
 0001:0002fbe1       ?VectorNormalizeFast@@YAMQAM@Z 00430be1 f   q_shared2.obj
 0001:0002fc34       ?CrossProduct@@YAXQBM0QAM@Z 00430c34 f   q_shared2.obj
 0001:0002fc6f       ?VectorLength@@YAMQBM@Z    00430c6f f   q_shared2.obj
 0001:0002fc9e       ?VectorDistance@@YAMQBM0@Z 00430c9e f   q_shared2.obj
 0001:0002fccf       ?VectorInverse@@YAXQAM@Z   00430ccf f   q_shared2.obj
 0001:0002fcea       ?VectorScale@@YAXQBMMQAM@Z 00430cea f   q_shared2.obj
 0001:0002fd0e       ?AnglesToAxis@@YAXQBMQAY02M@Z 00430d0e f   q_shared2.obj
 0001:0002fd4c       ?COM_FilePath@@YAXPAD0@Z   00430d4c f   q_shared2.obj
 0001:0002fd82       ?ShortSwap@@YAFF@Z         00430d82 f   q_shared2.obj
 0001:0002fd97       ?va@@YAPADPADZZ            00430d97 f   q_shared2.obj
 0001:0002fde4       ?COM_Parse@@YAPADAAPBD_N@Z 00430de4 f   q_shared2.obj
 0001:0002ff08       ?COM_QuoteString@@YAPBDPBD_N@Z 00430f08 f   q_shared2.obj
 0001:0002ff63       ?Com_PageInMemory@@YAXPAXH@Z 00430f63 f   q_shared2.obj
 0001:0002ff82       ?Q_strncpyz@@YAXPADPBDH@Z  00430f82 f   q_shared2.obj
 0001:0002ffa6       ?Q_strncpylower@@YAXPADPBDH@Z 00430fa6 f   q_shared2.obj
 0001:0002ffe0       ?Q_CopyFilename@@YAXPADPBDH@Z 00430fe0 f   q_shared2.obj
 0001:0003007c       ?Com_sprintf@@YAHPADHPBDZZ 0043107c f   q_shared2.obj
 0001:000300c2       ?Info_ValueForKey@@YAPADPAD0@Z 004310c2 f   q_shared2.obj
 0001:0003014d       ?Info_RemoveKey@@YAXPAD0@Z 0043114d f   q_shared2.obj
 0001:000301d3       ?Info_SetValueForKey@@YAXPAD00@Z 004311d3 f   q_shared2.obj
 0001:0003030b       ?Zip_OpenArchive@@YAPAU_iobuf@@PAD@Z 0043130b f   zip.obj
 0001:00030376       ?Zip_CloseArchive@@YAXPAU_iobuf@@@Z 00431376 f   zip.obj
 0001:00030382       ?Zip_EnumArchive@@YA_NPAU_iobuf@@P6A_NPAUzipFile_t@@@Z@Z 00431382 f   zip.obj
 0001:0003055f       ?Zip_OpenFile@@YAPAUZFILE@@PAU_iobuf@@PAUzipFile_t@@@Z 0043155f f   zip.obj
 0001:0003063e       ?Zip_ReadFile@@YAHPAUZFILE@@PAXH@Z 0043163e f   zip.obj
 0001:00030734       ?Zip_CloseFile@@YA_NPAUZFILE@@@Z 00431734 f   zip.obj
 0001:00030778       ?Zip_OpenBuf@@YAPAUZBUF@@PAXH@Z 00431778 f   zip.obj
 0001:000307b4       ?Zip_ReadBuf@@YAHPAUZBUF@@PAXH@Z 004317b4 f   zip.obj
 0001:000307fc       ?Zip_CloseBuf@@YAXPAUZBUF@@@Z 004317fc f   zip.obj
 0001:00030811       ?CDAudio_Play2@@YAXH_N@Z   00431811 f   cd_win.obj
 0001:000309f0       ?CDAudio_Play@@YAXH_N@Z    004319f0 f   cd_win.obj
 0001:00030a07       ?CDAudio_Stop@@YAXXZ       00431a07 f   cd_win.obj
 0001:00030a4c       ?CDAudio_Pause@@YAXXZ      00431a4c f   cd_win.obj
 0001:00030aa5       ?CDAudio_Resume@@YAXXZ     00431aa5 f   cd_win.obj
 0001:00030b14       ?CDAudio_MessageHandler@@YAJPAUHWND__@@IIJ@Z 00431b14 f   cd_win.obj
 0001:00030bab       ?CDAudio_Update@@YAXXZ     00431bab f   cd_win.obj
 0001:00030bdf       ?CDAudio_Init@@YAHXZ       00431bdf f   cd_win.obj
 0001:00030f91       ?CDAudio_Shutdown@@YAXXZ   00431f91 f   cd_win.obj
 0001:00030fc4       ?CDAudio_Activate@@YAX_N@Z 00431fc4 f   cd_win.obj
 0001:00030fd5       ?IN_MouseEvent@@YAXH@Z     00431fd5 f   in_win.obj
 0001:0003103f       ?IN_Commands@@YAXXZ        0043203f f   in_win.obj
 0001:00031170       ?IN_Init@@YAXXZ            00432170 f   in_win.obj
 0001:000314b6       ?IN_Shutdown@@YAXXZ        004324b6 f   in_win.obj
 0001:0003159a       ?IN_Move@@YAXPAUusercmd_t@@@Z 0043259a f   in_win.obj
 0001:00031a9c       ?IN_Activate@@YAX_N@Z      00432a9c f   in_win.obj
 0001:00031aa6       ?IN_Frame@@YAXXZ           00432aa6 f   in_win.obj
 0001:00031eb0       ?NetadrToSockadr@@YAXPAUnetadr_t@@PAUsockaddr@@@Z 00432eb0 f   net_wins.obj
 0001:00031f35       ?SockadrToNetadr@@YAXPAUsockaddr@@PAUnetadr_t@@@Z 00432f35 f   net_wins.obj
 0001:00031f85       ?NET_CompareAdr@@YA_NPAUnetadr_t@@0@Z 00432f85 f   net_wins.obj
 0001:00031fe5       ?NET_CompareBaseAdr@@YA_NPAUnetadr_t@@0@Z 00432fe5 f   net_wins.obj
 0001:0003203b       ?NET_AdrToString@@YAPADPAUnetadr_t@@@Z 0043303b f   net_wins.obj
 0001:000320f4       ?NET_StringToSockaddr@@YA_NPADPAUsockaddr@@@Z 004330f4 f   net_wins.obj
 0001:0003232c       ?NET_StringToAdr@@YA_NPADPAUnetadr_t@@@Z 0043332c f   net_wins.obj
 0001:0003237e       ?NET_IsLocalAddress@@YA_NPAUnetadr_t@@@Z 0043337e f   net_wins.obj
 0001:0003238a       ?NET_GetLoopPacket@@YA_NW4netsrc_t@@PAUnetadr_t@@PAUsizebuf_s@@@Z 0043338a f   net_wins.obj
 0001:00032416       ?NET_SendLoopPacket@@YAXW4netsrc_t@@HPAXUnetadr_t@@@Z 00433416 f   net_wins.obj
 0001:0003246b       ?NET_GetPacket@@YA_NW4netsrc_t@@PAUnetadr_t@@PAUsizebuf_s@@@Z 0043346b f   net_wins.obj
 0001:00032589       ?NET_SendPacket@@YAXW4netsrc_t@@HPAXUnetadr_t@@@Z 00433589 f   net_wins.obj
 0001:00032661       ?NET_IPSocket@@YAHPADH@Z   00433661 f   net_wins.obj
 0001:00032776       ?NET_OpenIP@@YAXXZ         00433776 f   net_wins.obj
 0001:000327f2       ?NET_OpenIPX@@YAXXZ        004337f2 f   net_wins.obj
 0001:00032932       ?NET_Config@@YAX_N@Z       00433932 f   net_wins.obj
 0001:000329d6       ?NET_Init@@YAXXZ           004339d6 f   net_wins.obj
 0001:00032a43       ?Hunk_Begin@@YAPAXH@Z      00433a43 f   q_shwin.obj
 0001:00032a7d       ?Hunk_Alloc@@YAPAXH@Z      00433a7d f   q_shwin.obj
 0001:00032b04       ?Hunk_End@@YAHXZ           00433b04 f   q_shwin.obj
 0001:00032b0a       ?Hunk_Free@@YAXPAX@Z       00433b0a f   q_shwin.obj
 0001:00032b23       ?Sys_Milliseconds@@YAHXZ   00433b23 f   q_shwin.obj
 0001:00032b54       ?Sys_Mkdir@@YAXPAD@Z       00433b54 f   q_shwin.obj
 0001:00032b60       ?Sys_FindFirst@@YAPADPADH@Z 00433b60 f   q_shwin.obj
 0001:00032bfa       ?Sys_FindNext@@YAPADXZ     00433bfa f   q_shwin.obj
 0001:00032c64       ?Sys_FindClose@@YAXXZ      00433c64 f   q_shwin.obj
 0001:00032c7e       ?SNDDMA_Init@@YA_NXZ       00433c7e f   snd_win.obj
 0001:000332bd       ?SNDDMA_GetDMAPos@@YAHXZ   004342bd f   snd_win.obj
 0001:00033307       ?SNDDMA_BeginPainting@@YAXXZ 00434307 f   snd_win.obj
 0001:0003341f       ?SNDDMA_Submit@@YAXXZ      0043441f f   snd_win.obj
 0001:00033444       ?SNDDMA_Shutdown@@YAXXZ    00434444 f   snd_win.obj
 0001:00033449       ?S_Activate@@YAX_N@Z       00434449 f   snd_win.obj
 0001:00033474       ?Sys_Quit@@YAXXZ           00434474 f   sys_win.obj
 0001:00033540       ?Sys_Error@@YAXPBDZZ       00434540 f   sys_win.obj
 0001:000335a0       ?osAddressInfo@@YA_NIPADHPAH@Z 004345a0 f   sys_win.obj
 0001:00033634       ?osModuleInfo@@YA_NIPADHPAH@Z 00434634 f   sys_win.obj
 0001:000337cf       ?appSymbolName2@@YA_NIPADH@Z 004347cf f   sys_win.obj
 0001:0003384f       ?appSymbolName@@YAPADI@Z   0043484f f   sys_win.obj
 0001:00033881       ?win32ExceptFilter@@YAHPAU_EXCEPTION_POINTERS@@@Z 00434881 f   sys_win.obj
 0001:00033e39       ?win32ExceptFilter2@@YAHXZ 00434e39 f   sys_win.obj
 0001:00033e45       ?Sys_Init@@YAXXZ           00434e45 f   sys_win.obj
 0001:000341cd       ?Sys_ConsoleInput@@YAPADXZ 004351cd f   sys_win.obj
 0001:00034484       ?Sys_ConsoleOutput@@YAXPAD@Z 00435484 f   sys_win.obj
 0001:00034512       ?Sys_SendKeyEvents@@YAXXZ  00435512 f   sys_win.obj
 0001:000345fe       ?Sys_GetClipboardData@@YAPADXZ 004355fe f   sys_win.obj
 0001:00034657       ?Sys_UnloadGame@@YAXXZ     00435657 f   sys_win.obj
 0001:000346d3       ?Sys_GetGameAPI@@YAPAXPAX@Z 004356d3 f   sys_win.obj
 0001:0003482b       _WinMain@16                0043582b f   sys_win.obj
 0001:00034ab6       ?Vid_CreateWindow@@YAPAXHH_N@Z 00435ab6 f   vid_dll.obj
 0001:000352e9       ?Vid_DestroyWindow@@YAX_N@Z 004362e9 f   vid_dll.obj
 0001:00035324       ?Vid_GetModeInfo@@YA_NPAH0H@Z 00436324 f   vid_dll.obj
 0001:00035352       ?Vid_UpdateWindowPosAndSize@@YAXHH@Z 00436352 f   vid_dll.obj
 0001:000353b9       ?Vid_FreeReflib@@YAXXZ     004363b9 f   vid_dll.obj
 0001:000353f4       ?Vid_CheckChanges@@YAXXZ   004363f4 f   vid_dll.obj
 0001:000357e9       ?Vid_Init@@YAXXZ           004367e9 f   vid_dll.obj
 0001:000358ac       ?Vid_Shutdown@@YAXXZ       004368ac f   vid_dll.obj
 0001:000358da       ?Vid_MenuInit@@YAXXZ       004368da f   vid_menu.obj
 0001:00036130       ?Vid_MenuDraw@@YAXXZ       00437130 f   vid_menu.obj
 0001:000361c4       ?Vid_MenuKey@@YAPBDH@Z     004371c4 f   vid_menu.obj
 0001:0003652f       ?GL_BackEnd@@YAXXZ         0043752f f   gl_backend.obj
 0001:00039aee       ?GL_InitBackend@@YAXXZ     0043aaee f   gl_backend.obj
 0001:00039b31       ?GL_ShutdownBackend@@YAXXZ 0043ab31 f   gl_backend.obj
 0001:00039b45       ?GL_AllocDynamicMemory@@YAPAXH@Z 0043ab45 f   gl_buffers.obj
 0001:00039bae       ?GL_ResizeDynamicMemory@@YAXPAXH@Z 0043abae f   gl_buffers.obj
 0001:00039bf9       ?GL_AddSurfaceToPortal@@YAXPAUsurfaceCommon_s@@PAUshader_s@@HH@Z 0043abf9 f   gl_buffers.obj
 0001:00039c62       ?GL_AddDynamicSurface@@YAPAUsurfaceCommon_s@@PAUshader_s@@H@Z 0043ac62 f   gl_buffers.obj
 0001:00039c8a       ?GL_InsertShaderIndex@@YAXH@Z 0043ac8a f   gl_buffers.obj
 0001:00039cbd       ?GL_ClearPortal@@YAXXZ     0043acbd f   gl_buffers.obj
 0001:00039cd9       ?GL_FinishPortal@@YAXXZ    0043acd9 f   gl_buffers.obj
 0001:00039d2a       ?GL_SortSurfaces@@YAXPAUviewPortal_s@@PAPAUsurfaceInfo_s@@@Z 0043ad2a f   gl_buffers.obj
 0001:00039ebc       ?GL_ClearBuffers@@YAXXZ    0043aebc f   gl_buffers.obj
 0001:00039ed3       ?GL_AddEntity@@YAXPAUentity_s@@@Z 0043aed3 f   gl_frontend.obj
 0001:0003a347       ?GL_AddDlight@@YAXPAUdlight_t@@@Z 0043b347 f   gl_frontend.obj
 0001:0003a4ff       ?GL_DrawPortal@@YAXXZ      0043b4ff f   gl_frontend.obj
 0001:0003cfe8       ?GL_TextureMode@@YAXPAD@Z  0043dfe8 f   gl_image.obj
 0001:0003d090       ?GL_CreateImage@@YAPAUimage_s@@PBDPAXHHH@Z 0043e090 f   gl_image.obj
 0001:0003de76       ?GL_SetRawPalette@@YAXPBE@Z 0043ee76 f   gl_image.obj
 0001:0003dea7       ?GL_DrawStretchRaw8@@YAXHHHHHHPAE@Z 0043eea7 f   gl_image.obj
 0001:0003e29d       ?GL_SetupGamma@@YAXXZ      0043f29d f   gl_image.obj
 0001:0003e3e2       ?GL_PerformScreenshot@@YAXXZ 0043f3e2 f   gl_image.obj
 0001:0003e66a       ?GL_InitImages@@YAXXZ      0043f66a f   gl_image.obj
 0001:0003ed3d       ?GL_ShutdownImages@@YAXXZ  0043fd3d f   gl_image.obj
 0001:0003eda4       ?GL_LoadDelayedImages@@YAXXZ 0043fda4 f   gl_image.obj
 0001:0003ee21       ?GL_ShowImages@@YAXXZ      0043fe21 f   gl_image.obj
 0001:0003f0a9       ?GL_FindImage@@YAPAUimage_s@@PBDH@Z 004400a9 f   gl_image.obj
 0001:0003f436       ?GL_Lock@@YAXXZ            00440436 f   gl_interface.obj
 0001:0003f4ae       ?GL_Unlock@@YAXXZ          004404ae f   gl_interface.obj
 0001:0003f670       ?GL_Bind@@YAXPAUimage_s@@@Z 00440670 f   gl_interface.obj
 0001:0003f79a       ?GL_BindForce@@YAXPAUimage_s@@@Z 0044079a f   gl_interface.obj
 0001:0003f818       ?GL_TexEnv@@YAXI@Z         00440818 f   gl_interface.obj
 0001:0003f997       ?GL_TexMipBias@@YAXM@Z     00440997 f   gl_interface.obj
 0001:0003f9f2       ?GL_TexEnvColor@@YAXPATcolor_t@@@Z 004409f2 f   gl_interface.obj
 0001:0003faa2       ?GL_SelectTexture@@YAXH@Z  00440aa2 f   gl_interface.obj
 0001:0003fb03       ?GL_TexCoordPointer@@YAXPAX@Z 00440b03 f   gl_interface.obj
 0001:0003fb33       ?GL_SetMultitexture@@YAXH@Z 00440b33 f   gl_interface.obj
 0001:0003fc25       ?GL_DisableTexCoordArrays@@YAXXZ 00440c25 f   gl_interface.obj
 0001:0003fc79       ?GL_CullFace@@YAXW4gl_cullMode_t@@@Z 00440c79 f   gl_interface.obj
 0001:0003fcca       ?GL_DepthRange@@YAXW4gl_depthMode_t@@@Z 00440cca f   gl_interface.obj
 0001:0003fcfd       ?GL_State@@YAXI@Z          00440cfd f   gl_interface.obj
 0001:0003fe56       ?GL_EnableFog@@YAX_N@Z     00440e56 f   gl_interface.obj
 0001:0003ff4e       ?GL_SetDefaultState@@YAXXZ 00440f4e f   gl_interface.obj
 0001:0004009c       ?GL_Set2DMode@@YAXXZ       0044109c f   gl_interface.obj
 0001:00040197       ?GL_Setup@@YAXPAUviewPortal_s@@@Z 00441197 f   gl_interface.obj
 0001:0004027f       ?GL_ShowLights@@YAXXZ      0044127f f   gl_light.obj
 0001:000406a4       ?GL_LightForEntity@@YAXPAUrefEntity_s@@@Z 004416a4 f   gl_light.obj
 0001:0004190b       ?GL_DiffuseLight@@YAXPATcolor_t@@M@Z 0044290b f   gl_light.obj
 0001:00041a83       ?GL_InitLightGrid@@YAXXZ   00442a83 f   gl_light.obj
 0001:00041b1f       ?GL_PostLoadLights@@YAXXZ  00442b1f f   gl_light.obj
 0001:00041dbd       ?LM_Init@@YAXXZ            00442dbd f   gl_lightmap.obj
 0001:00041dd3       ?LM_Flush@@YAXPAUlightmapBlock_t@@@Z 00442dd3 f   gl_lightmap.obj
 0001:00041e30       ?LM_Done@@YAXXZ            00442e30 f   gl_lightmap.obj
 0001:00041e57       ?LM_Save@@YAXPAUlightmapBlock_t@@@Z 00442e57 f   gl_lightmap.obj
 0001:00041e6f       ?LM_Restore@@YAXPAUlightmapBlock_t@@@Z 00442e6f f   gl_lightmap.obj
 0001:00041e87       ?LM_NewBlock@@YAPAUlightmapBlock_t@@XZ 00442e87 f   gl_lightmap.obj
 0001:00041ef8       ?LM_Rewind@@YAXXZ          00442ef8 f   gl_lightmap.obj
 0001:00041f00       ?LM_NextBlock@@YAPAUlightmapBlock_t@@XZ 00442f00 f   gl_lightmap.obj
 0001:00041f2d       ?LM_CheckMinlight@@YAXPAUdynamicLightmap_s@@@Z 00442f2d f   gl_lightmap.obj
 0001:00041fc3       ?LM_AllocBlock@@YA_NPAUlightmapBlock_t@@PAUdynamicLightmap_s@@@Z 00442fc3 f   gl_lightmap.obj
 0001:0004207a       ?LM_PutBlock@@YAXPAUdynamicLightmap_s@@@Z 0044307a f   gl_lightmap.obj
 0001:000424b4       ?LM_SortLightStyles@@YAXPAUdynamicLightmap_s@@@Z 004434b4 f   gl_lightmap.obj
 0001:00042545       ?GL_UpdateDynamicLightmap@@YAXPAUshader_s@@PAUsurfacePlanar_s@@_NI@Z 00443545 f   gl_lightmap.obj
 0001:00042a41       ?LM_IsMonotone@@YA_NPAUdynamicLightmap_s@@PATcolor_t@@@Z 00443a41 f   gl_lightmap.obj
 0001:00042b48       ?GL_EnableRendering@@YAX_N@Z 00443b48 f   gl_main.obj
 0001:00042b63       ?GL_DrawStretchPic@@YAXPAUshader_s@@HHHHMMMMI@Z 00443b63 f   gl_main.obj
 0001:00042c29       ?DrawTextLeft@@YAXPBDI@Z   00443c29 f   gl_main.obj
 0001:00042d97       ?DrawTextRight@@YAXPBDI@Z  00443d97 f   gl_main.obj
 0001:00042de1       ?DrawText3D@@YAXQAMPBDI@Z  00443de1 f   gl_main.obj
 0001:00042e0e       _GL_GetRefAPI              00443e0e f   gl_main.obj
 0001:0004466a       ?GL_InitFuncTables@@YAXXZ  0044566a f   gl_math.obj
 0001:0004481b       ?ModelToWorldCoord@@YAXQAMPAUrefEntity_s@@0@Z 0044581b f   gl_math.obj
 0001:0004488c       ?WorldToModelCoord@@YAXQAMPAUrefEntity_s@@0@Z 0044588c f   gl_math.obj
 0001:000448d3       ?BuildRotationMatrix@@YAXQAY02MQAMM@Z 004458d3 f   gl_math.obj
 0001:000449cd       ?GetBoxRect@@YA_NPAUrefEntity_s@@QAM11_N@Z 004459cd f   gl_math.obj
 0001:00044d3e       ?ProjectToScreen@@YA_NQAMPAH@Z 00445d3e f   gl_math.obj
 0001:00044e81       ?SaturateColor3f@@YAXQAM@Z 00445e81 f   gl_math.obj
 0001:00044f71       ?SaturateColor4b@@YAXPATcolor_t@@@Z 00445f71 f   gl_math.obj
 0001:0004507f       ?GL_FindModel@@YAPAUmodel_s@@PBD@Z 0044607f f   gl_model.obj
 0001:000451fa       ?GL_LoadWorldMap@@YAXPBD@Z 004461fa f   gl_model.obj
 0001:00046daa       ?GL_PointInLeaf@@YAPAUnode_s@@QAM@Z 00447daa f   gl_model.obj
 0001:00047a2d       ?ATAN2_FUNC@@YAMMM@Z       00448a2d f i gl_model.obj
 0001:00047bd8       ?GL_FindSkin@@YAPAUshader_s@@PBD@Z 00448bd8 f   gl_model.obj
 0001:00047d37       ?GL_ResetModels@@YAXXZ     00448d37 f   gl_model.obj
 0001:00047e03       ?GL_InitModels@@YAXXZ      00448e03 f   gl_model.obj
 0001:00047eeb       ?GL_ShutdownModels@@YAXXZ  00448eeb f   gl_model.obj
 0001:00047f01       ?SubdividePlane@@YAHPAPAY02MHM@Z 00448f01 f   gl_poly.obj
 0001:0004834c       ?FreeSubdividedPlane@@YAXXZ 0044934c f   gl_poly.obj
 0001:00048364       ?GetSubdivideIndexes@@YAXPAH@Z 00449364 f   gl_poly.obj
 0001:000483b7       ?RemoveCollinearPoints@@YAHPAPAY02MH@Z 004493b7 f   gl_poly.obj
 0001:000484b2       ?GetPolyArea@@YAMPAPAY02MH@Z 004494b2 f   gl_poly.obj
 0001:00048546       ?GL_InitShaders@@YAXXZ     00449546 f   gl_shader.obj
 0001:00048697       ?GL_ShutdownShaders@@YAXXZ 00449697 f   gl_shader.obj
 0001:000486c1       ?GetLightmapImage@@YAPAUimage_s@@H@Z 004496c1 f   gl_shader.obj
 0001:000486e9       ?GL_SetShaderLightmap@@YAPAUshader_s@@PAU1@H@Z 004496e9 f   gl_shader.obj
 0001:00048ac5       ?GL_SetShaderLightstyles@@YAPAUshader_s@@PAU1@H@Z 00449ac5 f   gl_shader.obj
 0001:00048b61       ?GL_GetAlphaShader@@YAPAUshader_s@@PAU1@@Z 00449b61 f   gl_shader.obj
 0001:00048e27       ?GL_FindShader@@YAPAUshader_s@@PBDH@Z 00449e27 f   gl_shader.obj
 0001:00049449       ?GL_GetShaderByNum@@YAPAUshader_s@@H@Z 0044a449 f   gl_shader.obj
 0001:00049467       ?GL_ResetShaders@@YAXXZ    0044a467 f   gl_shader.obj
 0001:00049921       ?GL_ClearSkyBox@@YAXXZ     0044a921 f   gl_sky.obj
 0001:00049938       ?GL_SetSkyRotate@@YAXMQAM@Z 0044a938 f   gl_sky.obj
 0001:00049970       ?GL_SkyVisible@@YA_NXZ     0044a970 f   gl_sky.obj
 0001:00049989       ?GL_AddSkySurface@@YAXPAUsurfacePlanar_s@@QAME@Z 0044a989 f   gl_sky.obj
 0001:00049f9b       ?GL_TesselateSkySide@@YAHHPAUbufVertex_t@@PAUbufTexCoord_t@@M@Z 0044af9b f   gl_sky.obj
 0001:0004b8b6       ?QGL_Shutdown@@YAXXZ       0044c8b6 f   qgl_win.obj
 0001:0004b8f4       ?QGL_Init@@YA_NPBD@Z       0044c8f4 f   qgl_win.obj
 0001:0004b977       ?QGL_InitExtensions@@YAXXZ 0044c977 f   qgl_win.obj
 0001:0004be63       ?QGL_PrintExtensionsString@@YAXPBD00@Z 0044ce63 f   qgl_win.obj
 0001:0004bfb3       ?QGL_EnableLogging@@YAX_N@Z 0044cfb3 f   qgl_win.obj
 0001:0004c06a       ?QGL_LogMessage@@YAXPBD@Z  0044d06a f   qgl_win.obj
 0001:0004c081       ?GLimp_SetMode@@YA?AW4rserr_t@@PAI0H_N@Z 0044d081 f   glw_imp.obj
 0001:0004c314       ?GLimp_HasGamma@@YA_NXZ    0044d314 f   glw_imp.obj
 0001:0004c328       ?GLimp_SetGamma@@YAXM@Z    0044d328 f   glw_imp.obj
 0001:0004c4d0       ?GLimp_Init@@YAHXZ         0044d4d0 f   glw_imp.obj
 0001:0004c81b       ?GLimp_Shutdown@@YAXXZ     0044d81b f   glw_imp.obj
 0001:0004c8c3       ?GLimp_EndFrame@@YAXXZ     0044d8c3 f   glw_imp.obj
 0001:0004c947       ?GLimp_AppActivate@@YAX_N@Z 0044d947 f   glw_imp.obj
 0001:0004c9b7       ?R_Alias_clip_z@@YAXPAUfinalvert_s@@00@Z 0044d9b7 f   r_aclip.obj
 0001:0004ca79       ?R_Alias_clip_left@@YAXPAUfinalvert_s@@00@Z 0044da79 f   r_aclip.obj
 0001:0004cc85       ?R_Alias_clip_right@@YAXPAUfinalvert_s@@00@Z 0044dc85 f   r_aclip.obj
 0001:0004ce91       ?R_Alias_clip_top@@YAXPAUfinalvert_s@@00@Z 0044de91 f   r_aclip.obj
 0001:0004d0a5       ?R_Alias_clip_bottom@@YAXPAUfinalvert_s@@00@Z 0044e0a5 f   r_aclip.obj
 0001:0004d2b9       ?R_AliasClip@@YAHPAUfinalvert_s@@0HHP6AX000@Z@Z 0044e2b9 f   r_aclip.obj
 0001:0004d389       ?R_AliasClipTriangle@@YAXPAUfinalvert_s@@00@Z 0044e389 f   r_aclip.obj
 0001:0004d57b       ?R_AliasCheckFrameBBox@@YAKPAUdAliasFrame_t@@QAY03M@Z 0044e57b f   r_alias.obj
 0001:0004d6aa       ?R_AliasCheckBBox@@YAHXZ   0044e6aa f   r_alias.obj
 0001:0004d70e       ?R_AliasTransformVector@@YAXQAM0QAY03M@Z 0044e70e f   r_alias.obj
 0001:0004d76a       ?R_AliasPreparePoints@@YAXXZ 0044e76a f   r_alias.obj
 0001:0004da02       ?R_AliasSetUpTransform@@YAXXZ 0044ea02 f   r_alias.obj
 0001:0004dcbe       ?R_AliasTransformFinalVerts@@YAXHPAUfinalvert_s@@PAUdTriVertx_t@@1@Z 0044ecbe f   r_alias.obj
 0001:0004de8d       ?R_AliasProjectAndClipTestFinalVert@@YAXPAUfinalvert_s@@@Z 0044ee8d f   r_alias.obj
 0001:0004df3c       ?R_AliasSetupLighting@@YAXXZ 0044ef3c f   r_alias.obj
 0001:0004e0a6       ?R_AliasSetupFrames@@YAXPAUdmdl_t@@@Z 0044f0a6 f   r_alias.obj
 0001:0004e11a       ?R_AliasSetUpLerpData@@YAXPAUdmdl_t@@M@Z 0044f11a f   r_alias.obj
 0001:0004e242       ?R_AliasDrawModel@@YAXXZ   0044f242 f   r_alias.obj
 0001:0004e4d7       ?R_EntityRotate@@YAXQAM@Z  0044f4d7 f   r_bsp.obj
 0001:0004e553       ?R_RotateBmodel@@YAXXZ     0044f553 f   r_bsp.obj
 0001:0004e6ae       ?R_RecursiveClipBPoly@@YAXPAUbedge_s@@PAUmnode_s@@PAUmsurface_s@@@Z 0044f6ae f   r_bsp.obj
 0001:0004e9de       ?R_DrawSolidClippedSubmodelPolygons@@YAXPAUmodel_s@@PAUmnode_s@@@Z 0044f9de f   r_bsp.obj
 0001:0004eb65       ?R_DrawSubmodelPolygons@@YAXPAUmodel_s@@HPAUmnode_s@@@Z 0044fb65 f   r_bsp.obj
 0001:0004ebf5       ?R_RecursiveWorldNode@@YAXPAUmnode_s@@H@Z 0044fbf5 f   r_bsp.obj
 0001:0004ee27       ?R_RenderWorld@@YAXXZ      0044fe27 f   r_bsp.obj
 0001:0004ee97       ?Draw_FindPic@@YAPAUimage_s@@PBD@Z 0044fe97 f   r_draw.obj
 0001:0004ef33       ?Draw_InitLocal@@YAXXZ     0044ff33 f   r_draw.obj
 0001:0004ef44       ?Draw_Char@@YAXHHH@Z       0044ff44 f   r_draw.obj
 0001:0004f08f       ?Draw_CharColor@@YAXHHHH@Z 0045008f f   r_draw.obj
 0001:0004f206       ?DrawText@@YAXHHPADH@Z     00450206 f   r_draw.obj
 0001:0004f23c       ?R_DrawTexts@@YAXXZ        0045023c f   r_draw.obj
 0001:0004f2cc       ?DrawText_Pos@@YAXHHPBDI@Z 004502cc f   r_draw.obj
 0001:0004f3a4       ?DrawText_Left@@YAXPBDI@Z  004503a4 f   r_draw.obj
 0001:0004f3cc       ?DrawText_Right@@YAXPBDI@Z 004503cc f   r_draw.obj
 0001:0004f408       ?Draw_GetPicSize@@YAXPAH0PBD@Z 00450408 f   r_draw.obj
 0001:0004f448       ?Draw_StretchPicImplementation@@YAXHHHHPAUimage_s@@@Z 00450448 f   r_draw.obj
 0001:0004f574       ?Draw_StretchPic@@YAXHHHHPBD@Z 00450574 f   r_draw.obj
 0001:0004f608       ?Draw_StretchRaw8@@YAXHHHHHHPAE@Z 00450608 f   r_draw.obj
 0001:0004f682       ?Draw_Pic@@YAXHHPBD@Z      00450682 f   r_draw.obj
 0001:0004f8b7       ?Draw_PicColor@@YAXHHPBDH@Z 004508b7 f   r_draw.obj
 0001:0004fa84       ?Draw_TileClear@@YAXHHHHPBD@Z 00450a84 f   r_draw.obj
 0001:0004fba3       ?Draw_Fill@@YAXHHHHH@Z     00450ba3 f   r_draw.obj
 0001:0004fc89       ?Draw_Fade@@YAXHHHHH@Z     00450c89 f   r_draw.obj
 0001:0004fd4a       ?R_BeginEdgeFrame@@YAXXZ   00450d4a f   r_edge.obj
 0001:0004fe06       ?R_InsertNewEdges@@YAXPAUedge_s@@0@Z 00450e06 f   r_edge.obj
 0001:0004fe4c       ?R_RemoveEdges@@YAXPAUedge_s@@@Z 00450e4c f   r_edge.obj
 0001:0004fe6a       ?R_StepActiveU@@YAXPAUedge_s@@@Z 00450e6a f   r_edge.obj
 0001:0004fefe       ?R_CleanupSpan@@YAXXZ      00450efe f   r_edge.obj
 0001:0004ff4e       ?R_LeadingEdgeBackwards@@YAXPAUedge_s@@@Z 00450f4e f   r_edge.obj
 0001:0004ffe3       ?R_TrailingEdge@@YAXPAUsurf_s@@PAUedge_s@@@Z 00450fe3 f   r_edge.obj
 0001:00050047       ?R_LeadingEdge@@YAXPAUedge_s@@@Z 00451047 f   r_edge.obj
 0001:000501ea       ?R_GenerateSpans@@YAXXZ    004511ea f   r_edge.obj
 0001:00050258       ?R_GenerateSpansBackward@@YAXXZ 00451258 f   r_edge.obj
 0001:000502c6       ?R_ScanEdges@@YAXXZ        004512c6 f   r_edge.obj
 0001:0005049d       ?D_MipLevelForScale@@YAHM@Z 0045149d f   r_edge.obj
 0001:000504e6       ?D_FlatFillSurface@@YAXPAUsurf_s@@H@Z 004514e6 f   r_edge.obj
 0001:00050540       ?D_CalcGradients@@YAXPAUmsurface_s@@@Z 00451540 f   r_edge.obj
 0001:000507a0       ?D_BackgroundSurf@@YAXPAUsurf_s@@@Z 004517a0 f   r_edge.obj
 0001:000507e0       ?D_TurbulentSurf@@YAXPAUsurf_s@@@Z 004517e0 f   r_edge.obj
 0001:000508ef       ?D_SkySurf@@YAXPAUsurf_s@@@Z 004518ef f   r_edge.obj
 0001:00050970       ?D_SolidSurf@@YAXPAUsurf_s@@@Z 00451970 f   r_edge.obj
 0001:00050a95       ?D_DrawflatSurfaces@@YAXXZ 00451a95 f   r_edge.obj
 0001:00050ae5       ?D_DrawSurfaces@@YAXXZ     00451ae5 f   r_edge.obj
 0001:00050bde       ?R_ImageList_f@@YAXXZ      00451bde f   r_image.obj
 0001:00050c9f       ?R_FindFreeImage@@YAPAUimage_s@@XZ 00451c9f f   r_image.obj
 0001:00050cea       ?R_LoadPic@@YAPAUimage_s@@PADPAEHHW4imagetype_t@@@Z 00451cea f   r_image.obj
 0001:00050d74       ?R_LoadTex@@YAPAUimage_s@@PADPAEHH@Z 00451d74 f   r_image.obj
 0001:00050e09       ?R_LoadWal@@YAPAUimage_s@@PAD@Z 00451e09 f   r_image.obj
 0001:00050e55       ?R_MipMap@@YAXPAE0HH@Z     00451e55 f   r_image.obj
 0001:00050f83       ?R_DownsampleImage@@YAXPAPAEHH_N@Z 00451f83 f   r_image.obj
 0001:0005107b       ?R_FindImage@@YAPAUimage_s@@PBDW4imagetype_t@@@Z 0045207b f   r_image.obj
 0001:00051428       ?R_FreeUnusedImages@@YAXXZ 00452428 f   r_image.obj
 0001:00051485       ?R_InitImages@@YAXXZ       00452485 f   r_image.obj
 0001:000514e8       ?R_ShutdownImages@@YAXXZ   004524e8 f   r_image.obj
 0001:00051522       ?R_MarkLights@@YAXPAUdlight_t@@HPAUmnode_s@@@Z 00452522 f   r_light.obj
 0001:000515dc       ?R_PushDlights@@YAXPAUmodel_s@@@Z 004525dc f   r_light.obj
 0001:0005163a       ?R_LightPoint@@YAXQAM0@Z   0045263a f   r_light.obj
 0001:00051a05       ?R_AddDynamicLights@@YAXXZ 00452a05 f   r_light.obj
 0001:00051c95       ?R_BuildLightMap@@YAXXZ    00452c95 f   r_light.obj
 0001:00051d8b       ?R_InitTextures@@YAXXZ     00452d8b f   r_main.obj
 0001:00051e4c       ?R_InitTurb@@YAXXZ         00452e4c f   r_main.obj
 0001:00051ec9       ?R_Register@@YAXXZ         00452ec9 f   r_main.obj
 0001:00051f32       ?R_UnRegister@@YAXXZ       00452f32 f   r_main.obj
 0001:00051f4a       ?R_Init@@YAHXZ             00452f4a f   r_main.obj
 0001:00052030       ?R_Shutdown@@YAXXZ         00453030 f   r_main.obj
 0001:000520df       ?R_NewMap@@YAXXZ           004530df f   r_main.obj
 0001:00052186       ?R_MarkLeaves@@YAXXZ       00453186 f   r_main.obj
 0001:000522ad       ?R_DrawEntitiesOnList@@YAXXZ 004532ad f   r_main.obj
 0001:00052462       ?R_BmodelCheckBBox@@YAHPAM@Z 00453462 f   r_main.obj
 0001:00052514       ?R_FindTopnode@@YAPAUmnode_s@@QAM0@Z 00453514 f   r_main.obj
 0001:00052569       ?RotatedBBox@@YAXQAM0000@Z 00453569 f   r_main.obj
 0001:000526cb       ?R_DrawBEntitiesOnList@@YAXXZ 004536cb f   r_main.obj
 0001:000528c9       ?R_EdgeDrawing@@YAXXZ      004538c9 f   r_main.obj
 0001:000529a8       ?R_CalcPalette@@YAXXZ      004539a8 f   r_main.obj
 0001:00052aaa       ?R_SetLightLevel@@YAXXZ    00453aaa f   r_main.obj
 0001:00052afa       ?R_RenderFrame@@YAXPAUrefdef_t@@@Z 00453afa f   r_main.obj
 0001:00052d25       ?R_InitGraphics@@YAXHH@Z   00453d25 f   r_main.obj
 0001:00052d9b       ?R_BeginFrame@@YAXM@Z      00453d9b f   r_main.obj
 0001:00052f3b       ?R_GammaCorrectAndSetPalette@@YAXPBE@Z 00453f3b f   r_main.obj
 0001:00052f9a       ?R_CinematicSetPalette@@YAXPBE@Z 00453f9a f   r_main.obj
 0001:0005302f       ?Draw_BuildGammaTable@@YAXXZ 0045402f f   r_main.obj
 0001:00053140       ?R_DrawBeam@@YAXPAUbeam_s@@@Z 00454140 f   r_main.obj
 0001:00053295       ?Draw_GetPalette@@YAXXZ    00454295 f   r_main.obj
 0001:000533db       ?Draw_ConCharColor@@YAXHHHH@Z 004543db f   r_main.obj
 0001:000533fc       _GetRefAPI                 004543fc f   r_main.obj
 0001:000536cd       ?D_ViewChanged@@YAXXZ      004546cd f   r_misc.obj
 0001:0005384d       ?R_PrintTimes@@YAXXZ       0045484d f   r_misc.obj
 0001:000538b5       ?R_PrintDSpeeds@@YAXXZ     004548b5 f   r_misc.obj
 0001:0005396a       ?R_PrintAliasStats@@YAXXZ  0045496a f   r_misc.obj
 0001:0005397d       ?R_TransformFrustum@@YAXXZ 0045497d f   r_misc.obj
 0001:00053a3b       ?TransformVector@@YAXQAM0@Z 00454a3b f   r_misc.obj
 0001:00053aa6       ?R_SetUpFrustumIndexes@@YAXXZ 00454aa6 f   r_misc.obj
 0001:00053b0b       ?R_ViewChanged@@YAXPAUvrect_s@@@Z 00454b0b f   r_misc.obj
 0001:00053e54       ?R_SetupFrame@@YAXXZ       00454e54 f   r_misc.obj
 0001:0005402f       ?WritePCXfile@@YAXPADPAEHHH1@Z 0045502f f   r_misc.obj
 0001:00054149       ?R_ScreenShot@@YAXXZ       00455149 f   r_misc.obj
 0001:00054258       ?Mod_Modellist_f@@YAXXZ    00455258 f   r_model.obj
 0001:000542b6       ?Mod_Init@@YAXXZ           004552b6 f   r_model.obj
 0001:000542c8       ?Mod_ForName@@YAPAUmodel_s@@PBD_N@Z 004552c8 f   r_model.obj
 0001:000544df       ?Mod_PointInLeaf@@YAPAUmleaf_s@@PAMPAUmodel_s@@@Z 004554df f   r_model.obj
 0001:0005453e       ?Mod_DecompressVis@@YAPAEPAEPAUmodel_s@@@Z 0045553e f   r_model.obj
 0001:000545be       ?Mod_ClusterPVS@@YAPAEHPAUmodel_s@@@Z 004555be f   r_model.obj
 0001:000545eb       ?Mod_LoadLighting@@YAXPAEH@Z 004555eb f   r_model.obj
 0001:0005466a       ?R_NumberLeafs@@YAXPAUmnode_s@@@Z 0045566a f   r_model.obj
 0001:000546b8       ?Mod_LoadVisibility@@YAXPAUdvis_t@@H@Z 004556b8 f   r_model.obj
 0001:000546dd       ?Mod_LoadVertexes@@YAXPAUdvertex_t@@H@Z 004556dd f   r_model.obj
 0001:00054727       ?Mod_LoadSubmodels@@YAXPAUcmodel_t@@H@Z 00455727 f   r_model.obj
 0001:00054747       ?Mod_LoadEdges@@YAXPAUdedge_t@@H@Z 00455747 f   r_model.obj
 0001:00054795       ?Mod_LoadTexinfo@@YAXPAUtexinfo_s@@H@Z 00455795 f   r_model.obj
 0001:000548fd       ?CalcSurfaceExtents@@YAXPAUmsurface_s@@@Z 004558fd f   r_model.obj
 0001:00054a7b       ?Mod_LoadFaces@@YAXPAUdface_t@@H@Z 00455a7b f   r_model.obj
 0001:00054bdc       ?Mod_SetParent@@YAXPAUmnode_s@@0@Z 00455bdc f   r_model.obj
 0001:00054c01       ?Mod_LoadNodes@@YAXPAUdnode_t@@H@Z 00455c01 f   r_model.obj
 0001:00054cf7       ?Mod_LoadLeafs@@YAXPAUdleaf_t@@H@Z 00455cf7 f   r_model.obj
 0001:00054da0       ?Mod_LoadMarksurfaces@@YAXPAGH@Z 00455da0 f   r_model.obj
 0001:00054e19       ?Mod_LoadSurfedges@@YAXPAHH@Z 00455e19 f   r_model.obj
 0001:00054e52       ?Mod_LoadPlanes@@YAXPAUdplane_t@@H@Z 00455e52 f   r_model.obj
 0001:00054ec1       ?Mod_LoadBrushModel@@YAXPAUmodel_s@@PAUbspfile_t@@@Z 00455ec1 f   r_model.obj
 0001:00055077       ?Mod_LoadAliasModel@@YAXPAUmodel_s@@PAX@Z 00456077 f   r_model.obj
 0001:000552ce       ?Mod_LoadSpriteModel@@YAXPAUmodel_s@@PAX@Z 004562ce f   r_model.obj
 0001:000553b7       ?R_BeginRegistration@@YAXPBD@Z 004563b7 f   r_model.obj
 0001:00055431       ?R_RegisterModel@@YAPAUmodel_s@@PBD@Z 00456431 f   r_model.obj
 0001:00055529       ?R_EndRegistration@@YAXXZ  00456529 f   r_model.obj
 0001:0005558d       ?Mod_Free@@YAXPAUmodel_s@@@Z 0045658d f   r_model.obj
 0001:000555a7       ?Mod_FreeAll@@YAXXZ        004565a7 f   r_model.obj
 0001:000555da       ?R_DrawParticle@@YAXXZ     004565da f   r_part.obj
 0001:00055874       ?R_DrawParticles@@YAXXZ    00456874 f   r_part.obj
 0001:0005591c       ?R_DrawSpanletOpaque@@YAXXZ 0045691c f   r_poly.obj
 0001:000559ac       ?R_DrawSpanletTurbulentStipple33@@YAXXZ 004569ac f   r_poly.obj
 0001:00055ad7       ?R_DrawSpanletTurbulentStipple66@@YAXXZ 00456ad7 f   r_poly.obj
 0001:00055cb8       ?R_DrawSpanletTurbulentBlended66@@YAXXZ 00456cb8 f   r_poly.obj
 0001:00055d6d       ?R_DrawSpanletTurbulentBlended33@@YAXXZ 00456d6d f   r_poly.obj
 0001:00055e22       ?R_DrawSpanlet33@@YAXXZ    00456e22 f   r_poly.obj
 0001:00055ebc       ?R_DrawSpanletConstant33@@YAXXZ 00456ebc f   r_poly.obj
 0001:00055f15       ?R_DrawSpanlet66@@YAXXZ    00456f15 f   r_poly.obj
 0001:00055fb3       ?R_DrawSpanlet33Stipple@@YAXXZ 00456fb3 f   r_poly.obj
 0001:000560ce       ?R_DrawSpanlet66Stipple@@YAXXZ 004570ce f   r_poly.obj
 0001:0005625f       ?R_ClipPolyFace@@YAHHPAUclipplane_s@@@Z 0045725f f   r_poly.obj
 0001:000563ca       ?R_PolygonDrawSpans@@YAXPAUespan_s@@H@Z 004573ca f   r_poly.obj
 0001:000567c9       ?R_PolygonScanLeftEdge@@YAXXZ 004577c9 f   r_poly.obj
 0001:0005692d       ?R_PolygonScanRightEdge@@YAXXZ 0045792d f   r_poly.obj
 0001:00056b37       ?R_ClipAndDrawPoly@@YAXMH_N@Z 00457b37 f   r_poly.obj
 0001:00056d33       ?R_BuildPolygonFromSurface@@YAXPAUmsurface_s@@@Z 00457d33 f   r_poly.obj
 0001:00056f29       ?R_PolygonCalculateGradients@@YAXXZ 00457f29 f   r_poly.obj
 0001:000571f5       ?R_DrawAlphaSurfaces@@YAXXZ 004581f5 f   r_poly.obj
 0001:0005728b       ?R_IMFlatShadedQuad@@YAXQAM000HM@Z 0045828b f   r_poly.obj
 0001:000573b9       ?R_InitAdivtab@@YAXXZ      004583b9 f   r_polyse.obj
 0001:00057425       ?R_PolysetUpdateTables@@YAXXZ 00458425 f   r_polyse.obj
 0001:00057460       ?R_DrawTriangle@@YAXXZ     00458460 f   r_polyse.obj
 0001:00057571       ?R_PolysetScanLeftEdge_C@@YAXH@Z 00458571 f   r_polyse.obj
 0001:0005773b       ?FloorDivMod@@YAXMMPAH0@Z  0045873b f   r_polyse.obj
 0001:000577d5       ?R_PolysetSetUpForLineScan@@YAXHHHH@Z 004587d5 f   r_polyse.obj
 0001:00057863       ?R_PolysetCalcGradients@@YAXH@Z 00458863 f   r_polyse.obj
 0001:00057ad6       ?R_PolysetDrawSpans8_33@@YAXPAUspanpackage_s@@@Z 00458ad6 f   r_polyse.obj
 0001:00057c06       ?R_PolysetDrawSpansConstant8_33@@YAXPAUspanpackage_s@@@Z 00458c06 f   r_polyse.obj
 0001:00057ca0       ?R_PolysetDrawSpans8_66@@YAXPAUspanpackage_s@@@Z 00458ca0 f   r_polyse.obj
 0001:00057ddc       ?R_PolysetDrawSpansConstant8_66@@YAXPAUspanpackage_s@@@Z 00458ddc f   r_polyse.obj
 0001:00057e84       ?R_PolysetDrawSpans8_Opaque@@YAXPAUspanpackage_s@@@Z 00458e84 f   r_polyse.obj
 0001:00057fcf       ?R_RasterizeAliasPolySmooth@@YAXXZ 00458fcf f   r_polyse.obj
 0001:000585af       ?R_PolysetSetEdgeTable@@YAXXZ 004595af f   r_polyse.obj
 0001:0005864a       ?R_InitSkyBox@@YAXXZ       0045964a f   r_rast.obj
 0001:000588a9       ?R_EmitSkyBox@@YAXXZ       004598a9 f   r_rast.obj
 0001:000589be       ?R_EmitEdge@@YAXPAUmvertex_t@@0@Z 004599be f   r_rast.obj
 0001:00058d92       ?R_ClipEdge@@YAXPAUmvertex_t@@0PAUclipplane_s@@@Z 00459d92 f   r_rast.obj
 0001:00058f34       ?R_EmitCachedEdge@@YAXXZ   00459f34 f   r_rast.obj
 0001:00058f8b       ?R_RenderFace@@YAXPAUmsurface_s@@H@Z 00459f8b f   r_rast.obj
 0001:00059352       ?R_RenderBmodelFace@@YAXPAUbedge_s@@PAUmsurface_s@@@Z 0045a352 f   r_rast.obj
 0001:000595af       ?D_WarpScreen@@YAXXZ       0045a5af f   r_scan.obj
 0001:00059771       ?D_DrawTurbulent8Span@@YAXXZ 0045a771 f   r_scan.obj
 0001:000597f5       ?Turbulent8@@YAXPAUespan_s@@@Z 0045a7f5 f   r_scan.obj
 0001:00059b51       ?NonTurbulent8@@YAXPAUespan_s@@@Z 0045ab51 f   r_scan.obj
 0001:00059e8b       ?D_DrawSpans16@@YAXPAUespan_s@@@Z 0045ae8b f   r_scan.obj
 0001:0005a1a8       ?D_DrawZSpans@@YAXPAUespan_s@@@Z 0045b1a8 f   r_scan.obj
 0001:0005a278       ?R_DrawSprite@@YAXXZ       0045b278 f   r_sprite.obj
 0001:0005a502       ?R_TextureAnimation@@YAPAUimage_s@@PAUmtexinfo_s@@@Z 0045b502 f   r_surf.obj
 0001:0005a526       ?R_DrawSurface@@YAXXZ      0045b526 f   r_surf.obj
 0001:0005a68b       ?R_DrawSurfaceBlock8_mip0@@YAXXZ 0045b68b f   r_surf.obj
 0001:0005a78a       ?R_DrawSurfaceBlock8_mip1@@YAXXZ 0045b78a f   r_surf.obj
 0001:0005a889       ?R_DrawSurfaceBlock8_mip2@@YAXXZ 0045b889 f   r_surf.obj
 0001:0005a988       ?R_DrawSurfaceBlock8_mip3@@YAXXZ 0045b988 f   r_surf.obj
 0001:0005aa84       ?R_InitCaches@@YAXXZ       0045ba84 f   r_surf.obj
 0001:0005ab05       ?D_FlushCaches@@YAXXZ      0045bb05 f   r_surf.obj
 0001:0005ab4a       ?D_SCAlloc@@YAPAUsurfcache_s@@HH@Z 0045bb4a f   r_surf.obj
 0001:0005acd0       ?D_CacheSurface@@YAPAUsurfcache_s@@PAUmsurface_s@@H@Z 0045bcd0 f   r_surf.obj
 0001:0005ae45       ?DDRAW_Init@@YA_NPAPAEPAH@Z 0045be45 f   rw_ddraw.obj
 0001:0005b264       ?DDRAW_SetPalette@@YAXPBE@Z 0045c264 f   rw_ddraw.obj
 0001:0005b2cd       ?DDRAW_Shutdown@@YAXXZ     0045c2cd f   rw_ddraw.obj
 0001:0005b411       ?DIB_Init@@YA_NPAPAEPAH@Z  0045c411 f   rw_dib.obj
 0001:0005b609       ?DIB_SetPalette@@YAXPBE@Z  0045c609 f   rw_dib.obj
 0001:0005b82d       ?DIB_Shutdown@@YAXXZ       0045c82d f   rw_dib.obj
 0001:0005b926       ?SWimp_Init@@YAHXZ         0045c926 f   rw_imp.obj
 0001:0005b92a       ?SWimp_EndFrame@@YAXXZ     0045c92a f   rw_imp.obj
 0001:0005ba8b       ?SWimp_SetMode@@YA?AW4rserr_t@@PAH0H_N@Z 0045ca8b f   rw_imp.obj
 0001:0005bbbb       ?SWimp_SetPalette@@YAXPBE@Z 0045cbbb f   rw_imp.obj
 0001:0005bbe0       ?SWimp_Shutdown@@YAXXZ     0045cbe0 f   rw_imp.obj
 0001:0005bc27       ?SWimp_AppActivate@@YAX_N@Z 0045cc27 f   rw_imp.obj
 0001:0005bce0       _jpeg_CreateDecompress     0045cce0 f   lib:jdapimin.obj
 0001:0005bda0       _jpeg_read_header          0045cda0 f   lib:jdapimin.obj
 0001:0005be02       _jpeg_consume_input        0045ce02 f   lib:jdapimin.obj
 0001:0005c051       _jpeg_finish_decompress    0045d051 f   lib:jdapimin.obj
 0001:0005c0e8       _jpeg_start_decompress     0045d0e8 f   lib:jdapistd.obj
 0001:0005c255       _jpeg_read_scanlines       0045d255 f   lib:jdapistd.obj
 0001:0005c2d9       _jpeg_resync_to_restart    0045d2d9 f   lib:jdmarker.obj
 0001:0005c49e       _jinit_marker_reader       0045d49e f   lib:jdmarker.obj
 0001:0005d969       _jpeg_CreateCompress       0045e969 f   lib:jcapimin.obj
 0001:0005da1d       _jpeg_destroy_compress     0045ea1d f   lib:jcapimin.obj
 0001:0005da1d       _jpeg_destroy_decompress   0045ea1d f   lib:jcapimin.obj
 0001:0005da28       _jpeg_suppress_tables      0045ea28 f   lib:jcapimin.obj
 0001:0005da72       _jpeg_finish_compress      0045ea72 f   lib:jcapimin.obj
 0001:0005db5c       _jpeg_start_compress       0045eb5c f   lib:jcapistd.obj
 0001:0005dbc8       _jpeg_write_scanlines      0045ebc8 f   lib:jcapistd.obj
 0001:0005dc73       _jpeg_add_quant_table      0045ec73 f   lib:jcparam.obj
 0001:0005dd25       _jpeg_quality_scaling      0045ed25 f   lib:jcparam.obj
 0001:0005dd4c       _jpeg_set_quality          0045ed4c f   lib:jcparam.obj
 0001:0005dd86       _jpeg_set_defaults         0045ed86 f   lib:jcparam.obj
 0001:0005df4c       _jpeg_default_colorspace   0045ef4c f   lib:jcparam.obj
 0001:0005df9c       _jpeg_set_colorspace       0045ef9c f   lib:jcparam.obj
 0001:0005e2b7       _jpeg_stdio_dest           0045f2b7 f   lib:jdatadst.obj
 0001:0005e4b6       _crc32                     0045f4b6 f   lib:crc32.obj
[...]
 0001:0006cbfe       _start_input_pass          0046dbfe f   lib:jddiffct.obj
 0001:0006cc66       _start_iMCU_row            0046dc66 f   lib:jddiffct.obj
 0001:0006ccab       _start_output_pass         0046dcab f   lib:jddiffct.obj
 0001:0006ccb7       _decompress_data           0046dcb7 f   lib:jddiffct.obj
 0001:0006ce27       _process_restart           0046de27 f   lib:jddiffct.obj
 0001:000357bc       _dummy_consume_data        004367bc f   vid_dll.obj
 0001:0006ce5c       _consume_data              0046de5c f   lib:jddiffct.obj
 0001:0006ced3       _output_data               0046ded3 f   lib:jddiffct.obj
 0001:0006c95a       _start_pass                0046d95a f   lib:jddctmgr.obj
 0001:0006bdac       _start_pass_phuff_decoder  0046cdac f   lib:jdphuff.obj
 0001:0006bff5       _decode_mcu_DC_first       0046cff5 f   lib:jdphuff.obj
 0001:0006c1ed       _process_restart           0046d1ed f   lib:jdphuff.obj
 0001:0006c25c       _decode_mcu_AC_first       0046d25c f   lib:jdphuff.obj
 0001:0006c47c       _decode_mcu_DC_refine      0046d47c f   lib:jdphuff.obj
 0001:0006c551       _decode_mcu_AC_refine      0046d551 f   lib:jdphuff.obj
 0001:0006b7f3       _start_pass_huff_decoder   0046c7f3 f   lib:jdshuff.obj
 0001:0006b92b       _decode_mcu                0046c92b f   lib:jdshuff.obj
 0001:0006bcdb       _process_restart           0046ccdb f   lib:jdshuff.obj
 0001:0006abdc       _start_input_pass          0046bbdc f   lib:jdcoefct.obj
 0001:0006abef       _start_iMCU_row            0046bbef f   lib:jdcoefct.obj
 0001:0006ac34       _start_output_pass         0046bc34 f   lib:jdcoefct.obj
 0001:0006ac71       _decompress_onepass        0046bc71 f   lib:jdcoefct.obj
 0001:000357bc       _dummy_consume_data        004367bc f   vid_dll.obj
 0001:0006ae4a       _consume_data              0046be4a f   lib:jdcoefct.obj
 0001:0006b003       _decompress_data           0046c003 f   lib:jdcoefct.obj
 0001:0006b16f       _smoothing_ok              0046c16f f   lib:jdcoefct.obj
 0001:0006b25a       _decompress_smooth_data    0046c25a f   lib:jdcoefct.obj
 0001:0006aa75       _scaler_start_pass         0046ba75 f   lib:jcscale.obj
 0001:0006aa98       _simple_downscale          0046ba98 f   lib:jcscale.obj
 0001:0006aac4       _noscale                   0046bac4 f   lib:jcscale.obj
 0001:0006a56d       _start_pass                0046b56d f   lib:jcpred.obj
 0001:0006a5c5       _reset_predictor           0046b5c5 f   lib:jcpred.obj
 0001:0006a5f2       _jpeg_difference_first_row 0046b5f2 f   lib:jcpred.obj
 0001:0006a6dc       _jpeg_difference1          0046b6dc f   lib:jcpred.obj
 0001:0006a74a       _jpeg_difference2          0046b74a f   lib:jcpred.obj
 0001:0006a7bb       _jpeg_difference3          0046b7bb f   lib:jcpred.obj
 0001:0006a833       _jpeg_difference4          0046b833 f   lib:jcpred.obj
 0001:0006a8be       _jpeg_difference5          0046b8be f   lib:jcpred.obj
 0001:0006a951       _jpeg_difference6          0046b951 f   lib:jcpred.obj
 0001:0006a9e0       _jpeg_difference7          0046b9e0 f   lib:jcpred.obj
 0001:00069e5f       _start_pass_huff           0046ae5f f   lib:jclhuff.obj
 0001:00069ffc       _encode_mcus_huff          0046affc f   lib:jclhuff.obj
 0001:0006a1e7       _emit_bits                 0046b1e7 f   lib:jclhuff.obj
 0001:0006a28a       _dump_buffer               0046b28a f   lib:jclhuff.obj
 0001:0006a2ae       _emit_restart              0046b2ae f   lib:jclhuff.obj
 0001:0006a2f9       _flush_bits                0046b2f9 f   lib:jclhuff.obj
 0001:0006a31d       _finish_pass_huff          0046b31d f   lib:jclhuff.obj
 0001:0006a38a       _encode_mcus_gather        0046b38a f   lib:jclhuff.obj
 0001:0006a4b3       _finish_pass_gather        0046b4b3 f   lib:jclhuff.obj
 0001:00068b42       _need_optimization_pass    00469b42 f   lib:jcshuff.obj
 0001:00069a3d       _start_pass_diff           0046aa3d f   lib:jcdiffct.obj
 0001:00069adb       _start_iMCU_row            0046aadb f   lib:jcdiffct.obj
 0001:00069b1d       _compress_data             0046ab1d f   lib:jcdiffct.obj
 0001:00069cb3       _compress_first_pass       0046acb3 f   lib:jcdiffct.obj
 0001:00069da8       _compress_output           0046ada8 f   lib:jcdiffct.obj
 0001:00069650       _start_pass_fdctmgr        0046a650 f   lib:jcdctmgr.obj
 0001:00069752       _forward_DCT_float         0046a752 f   lib:jcdctmgr.obj
 0001:00068b85       _start_pass_phuff          00469b85 f   lib:jcphuff.obj
 0001:00068cf2       _encode_mcu_DC_first       00469cf2 f   lib:jcphuff.obj
 0001:00068e24       _emit_bits                 00469e24 f   lib:jcphuff.obj
 0001:00068ecf       _dump_buffer               00469ecf f   lib:jcphuff.obj
 0001:00068f07       _emit_symbol               00469f07 f   lib:jcphuff.obj
 0001:00068f47       _emit_restart              00469f47 f   lib:jcphuff.obj
 0001:00068fd0       _emit_eobrun               00469fd0 f   lib:jcphuff.obj
 0001:00069056       _encode_mcu_AC_first       0046a056 f   lib:jcphuff.obj
 0001:000691ea       _encode_mcu_DC_refine      0046a1ea f   lib:jcphuff.obj
 0001:000692a4       _encode_mcu_AC_refine      0046a2a4 f   lib:jcphuff.obj
 0001:000694bb       _finish_pass_phuff         0046a4bb f   lib:jcphuff.obj
 0001:0006950a       _finish_pass_gather_phuff  0046a50a f   lib:jcphuff.obj
 0001:000695cd       _need_optimization_pass    0046a5cd f   lib:jcphuff.obj
 0001:0006831d       _start_pass_huff           0046931d f   lib:jcshuff.obj
 0001:00068492       _encode_mcu_huff           00469492 f   lib:jcshuff.obj
 0001:0006859d       _encode_one_block          0046959d f   lib:jcshuff.obj
 0001:00068714       _emit_bits                 00469714 f   lib:jcshuff.obj
 0001:000687b7       _dump_buffer               004697b7 f   lib:jcshuff.obj
 0001:000687db       _emit_restart              004697db f   lib:jcshuff.obj
 0001:00068848       _flush_bits                00469848 f   lib:jcshuff.obj
 0001:0006886c       _finish_pass_huff          0046986c f   lib:jcshuff.obj
 0001:000688db       _encode_mcu_gather         004698db f   lib:jcshuff.obj
 0001:00068991       _htest_one_block           00469991 f   lib:jcshuff.obj
 0001:00068a58       _finish_pass_gather        00469a58 f   lib:jcshuff.obj
 0001:00068b42       _need_optimization_pass    00469b42 f   lib:jcshuff.obj
 0001:00067cf0       _start_pass_coef           00468cf0 f   lib:jccoefct.obj
 0001:00069adb       _start_iMCU_row            0046aadb f   lib:jcdiffct.obj
 0001:00067d85       _compress_data             00468d85 f   lib:jccoefct.obj
 0001:00067f6c       _compress_first_pass       00468f6c f   lib:jccoefct.obj
 0001:00068152       _compress_output           00469152 f   lib:jccoefct.obj
 0001:00067c08       _calc_output_dimensions    00468c08 f   lib:jdlossls.obj
 0001:00067c19       _start_input_pass          00468c19 f   lib:jdlossls.obj
 0001:00067947       _calc_output_dimensions    00468947 f   lib:jdlossy.obj
 0001:00067aba       _start_input_pass          00468aba f   lib:jdlossy.obj
 0001:00067ada       _latch_quant_tables        00468ada f   lib:jdlossy.obj
 0001:00067b72       _start_output_pass         00468b72 f   lib:jdlossy.obj
 0001:00067896       _start_pass                00468896 f   lib:jclossls.obj
 0001:00067802       _start_pass                00468802 f   lib:jclossy.obj
 0001:00066d57       _initial_setup             00467d57 f   lib:jcmaster.obj
 0001:00066f0a       _validate_script           00467f0a f   lib:jcmaster.obj
 0001:000672e2       _prepare_for_pass          004682e2 f   lib:jcmaster.obj
 0001:0006745a       _select_scan_parameters    0046845a f   lib:jcmaster.obj
 0001:0006755b       _per_scan_setup            0046855b f   lib:jcmaster.obj
 0001:00067706       _pass_startup              00468706 f   lib:jcmaster.obj
 0001:0006772d       _finish_pass_master        0046872d f   lib:jcmaster.obj
 0001:00066843       _rgb_ycc_start             00467843 f   lib:jccolor.obj
 0001:00066907       _rgb_ycc_convert           00467907 f   lib:jccolor.obj
 0001:00066a06       _rgb_gray_convert          00467a06 f   lib:jccolor.obj
 0001:00066a8b       _cmyk_ycck_convert         00467a8b f   lib:jccolor.obj
 0001:00066bc3       _grayscale_convert         00467bc3 f   lib:jccolor.obj
 0001:00066c1d       _null_convert              00467c1d f   lib:jccolor.obj
 0001:0001d3f8       _null_method               0041e3f8 f   sv_game.obj
 0001:0001d3f8       _start_pass_downsample     0041e3f8 f   sv_game.obj
 0001:00065f8f       _sep_downsample            00466f8f f   lib:jcsample.obj
 0001:00066004       _int_downsample            00467004 f   lib:jcsample.obj
 0001:000660fc       _expand_right_edge         004670fc f   lib:jcsample.obj
 0001:00066151       _fullsize_downsample       00467151 f   lib:jcsample.obj
 0001:00066195       _h2v1_downsample           00467195 f   lib:jcsample.obj
 0001:00066229       _h2v2_downsample           00467229 f   lib:jcsample.obj
 0001:000662d6       _h2v2_smooth_downsample    004672d6 f   lib:jcsample.obj
 0001:0006654e       _fullsize_smooth_downsample 0046754e f   lib:jcsample.obj
 0001:0006598b       _start_pass_prep           0046698b f   lib:jcprepct.obj
 0001:000659c9       _pre_process_data          004669c9 f   lib:jcprepct.obj
 0001:00065b77       _pre_process_context       00466b77 f   lib:jcprepct.obj
 0001:00065d30       _create_context_buffer     00466d30 f   lib:jcprepct.obj
 0001:00065803       _start_pass_main           00466803 f   lib:jcmainct.obj
 0001:00065845       _process_data_simple_main  00466845 f   lib:jcmainct.obj
 0001:00064dd9       _create_colormap           00465dd9 f   lib:jquant1.obj
 0001:00064f0b       _select_ncolors            00465f0b f   lib:jquant1.obj
 0001:00064fe2       _create_colorindex         00465fe2 f   lib:jquant1.obj
 0001:0006510e       _alloc_fs_workspace        0046610e f   lib:jquant1.obj
 0001:0006514a       _start_pass_1_quant        0046614a f   lib:jquant1.obj
 0001:00065216       _create_odither_tables     00466216 f   lib:jquant1.obj
 0001:00065275       _make_odither_array        00466275 f   lib:jquant1.obj
 0001:000652d8       _color_quantize            004662d8 f   lib:jquant1.obj
 0001:00065363       _color_quantize3           00466363 f   lib:jquant1.obj
 0001:000653f1       _quantize_ord_dither       004663f1 f   lib:jquant1.obj
 0001:000654dc       _quantize3_ord_dither      004664dc f   lib:jquant1.obj
 0001:000655dc       _quantize_fs_dither        004665dc f   lib:jquant1.obj
 0001:0001d3f8       _finish_pass_1_quant       0041e3f8 f   sv_game.obj
 0001:00065760       _new_color_map_1_quant     00466760 f   lib:jquant1.obj
 0001:00063d9a       _init_error_limit          00464d9a f   lib:jquant2.obj
 0001:00063e39       _start_pass_2_quant        00464e39 f   lib:jquant2.obj
 0001:00063f3b       _prescan_quantize          00464f3b f   lib:jquant2.obj
 0001:00063faa       _pass2_no_dither           00464faa f   lib:jquant2.obj
 0001:00064057       _fill_inverse_cmap         00465057 f   lib:jquant2.obj
 0001:00064122       _find_nearby_colors        00465122 f   lib:jquant2.obj
 0001:000642c6       _find_best_colors          004652c6 f   lib:jquant2.obj
 0001:000643e0       _pass2_fs_dither           004653e0 f   lib:jquant2.obj
 0001:0006464f       _finish_pass1              0046564f f   lib:jquant2.obj
 0001:00064671       _select_colors             00465671 f   lib:jquant2.obj
 0001:000646fd       _update_box                004656fd f   lib:jquant2.obj
 0001:00064a97       _median_cut                00465a97 f   lib:jquant2.obj
 0001:00064bab       _find_biggest_color_pop    00465bab f   lib:jquant2.obj
 0001:00064bda       _find_biggest_volume       00465bda f   lib:jquant2.obj
 0001:00064c03       _compute_color             00465c03 f   lib:jquant2.obj
 0001:0001d3f8       _finish_pass2              0041e3f8 f   sv_game.obj
 0001:00064d3f       _new_color_map_2_quant     00465d3f f   lib:jquant2.obj
 0001:000637b1       _build_ycc_rgb_table       004647b1 f   lib:jdmerge.obj
 0001:00063861       _start_pass_merged_upsample 00464861 f   lib:jdmerge.obj
 0001:00063876       _merged_2v_upsample        00464876 f   lib:jdmerge.obj
 0001:0006391d       _merged_1v_upsample        0046491d f   lib:jdmerge.obj
 0001:0006394e       _h2v1_merged_upsample      0046494e f   lib:jdmerge.obj
 0001:00063aa4       _h2v2_merged_upsample      00464aa4 f   lib:jdmerge.obj
 0001:00063355       _build_ycc_rgb_table       00464355 f   lib:jdcolor.obj
 0001:00063405       _ycc_rgb_convert           00464405 f   lib:jdcolor.obj
 0001:00063513       _null_convert              00464513 f   lib:jdcolor.obj
 0001:0006358b       _grayscale_convert         0046458b f   lib:jdcolor.obj
 0001:000635ae       _gray_rgb_convert          004645ae f   lib:jdcolor.obj
 0001:00063607       _ycck_cmyk_convert         00464607 f   lib:jdcolor.obj
 0001:0001d3f8       _start_pass_dcolor         0041e3f8 f   sv_game.obj
 0001:00062db6       _start_pass_upsample       00463db6 f   lib:jdsample.obj
 0001:00062dd0       _sep_upsample              00463dd0 f   lib:jdsample.obj
 0001:00062e9d       _fullsize_upsample         00463e9d f   lib:jdsample.obj
 0001:00062ea8       _noop_upsample             00463ea8 f   lib:jdsample.obj
 0001:00062eb0       _int_upsample              00463eb0 f   lib:jdsample.obj
 0001:00062f9a       _h2v1_upsample             00463f9a f   lib:jdsample.obj
 0001:00062ff1       _h2v2_upsample             00463ff1 f   lib:jdsample.obj
 0001:00063063       _h2v1_fancy_upsample       00464063 f   lib:jdsample.obj
 0001:00063106       _h2v2_fancy_upsample       00464106 f   lib:jdsample.obj
 0001:000629bf       _start_pass_dpost          004639bf f   lib:jdpostct.obj
 0001:00062a65       _post_process_1pass        00463a65 f   lib:jdpostct.obj
 0001:00062aca       _post_process_prepass      00463aca f   lib:jdpostct.obj
 0001:00062b5b       _post_process_2pass        00463b5b f   lib:jdpostct.obj
 0001:000623c6       _alloc_funny_pointers      004633c6 f   lib:jdmainct.obj
 0001:00062473       _start_pass_main           00463473 f   lib:jdmainct.obj
 0001:000624db       _make_funny_pointers       004634db f   lib:jdmainct.obj
 0001:0006261b       _process_data_simple_main  0046361b f   lib:jdmainct.obj
 0001:00062683       _process_data_context_main 00463683 f   lib:jdmainct.obj
 0001:00062795       _set_wraparound_pointers   00463795 f   lib:jdmainct.obj
 0001:0006287f       _set_bottom_pointers       0046387f f   lib:jdmainct.obj
 0001:00062919       _process_data_crank_post   00463919 f   lib:jdmainct.obj
 0001:00061138       _write_marker_header       00462138 f   lib:jcmarker.obj
 0001:0006118e       _emit_byte                 0046218e f   lib:jcmarker.obj
 0001:000611bf       _write_marker_byte         004621bf f   lib:jcmarker.obj
 0001:000611cf       _write_file_header         004621cf f   lib:jcmarker.obj
 0001:0006121b       _emit_jfif_app0            0046221b f   lib:jcmarker.obj
 0001:000612ee       _emit_adobe_app14          004622ee f   lib:jcmarker.obj
 0001:00061394       _write_frame_header        00462394 f   lib:jcmarker.obj
 0001:00061473       _emit_dqt                  00462473 f   lib:jcmarker.obj
 0001:00061562       _emit_sof                  00462562 f   lib:jcmarker.obj
 0001:0006163e       _write_scan_header         0046263e f   lib:jcmarker.obj
 0001:000616fe       _emit_dht                  004626fe f   lib:jcmarker.obj
 0001:000617d7       _emit_dri                  004627d7 f   lib:jcmarker.obj
 0001:00061826       _emit_sos                  00462826 f   lib:jcmarker.obj
 0001:00061914       _write_file_trailer        00462914 f   lib:jcmarker.obj
 0001:00061934       _write_tables_only         00462934 f   lib:jcmarker.obj
 0001:00060c8d       _use_merged_upsample       00461c8d f   lib:jdmaster.obj
 0001:00060d33       _master_selection          00461d33 f   lib:jdmaster.obj
 0001:00060e90       _prepare_range_limit_table 00461e90 f   lib:jdmaster.obj
 0001:00060f16       _prepare_for_output_pass   00461f16 f   lib:jdmaster.obj
 0001:00061037       _finish_output_pass        00462037 f   lib:jdmaster.obj
 0001:00060104       _alloc_small               00461104 f   lib:jmemmgr.obj
 0001:00060222       _alloc_large               00461222 f   lib:jmemmgr.obj
 0001:000602d3       _alloc_sarray              004612d3 f   lib:jmemmgr.obj
 0001:0006036b       _alloc_barray              0046136b f   lib:jmemmgr.obj
 0001:0006040f       _alloc_darray              0046140f f   lib:jmemmgr.obj
 0001:000604ba       _request_virt_sarray       004614ba f   lib:jmemmgr.obj
 0001:0006051b       _request_virt_barray       0046151b f   lib:jmemmgr.obj
 0001:0006057c       _realize_virt_arrays       0046157c f   lib:jmemmgr.obj
 0001:000606ff       _access_virt_sarray        004616ff f   lib:jmemmgr.obj
 0001:0006081f       _do_sarray_io              0046181f f   lib:jmemmgr.obj
 0001:000608af       _access_virt_barray        004618af f   lib:jmemmgr.obj
 0001:000609d4       _do_barray_io              004619d4 f   lib:jmemmgr.obj
 0001:00060a65       _free_pool                 00461a65 f   lib:jmemmgr.obj
 0001:00060b4c       _self_destruct             00461b4c f   lib:jmemmgr.obj
 0001:0005fb9e       _start_input_pass          00460b9e f   lib:jdinput.obj
 0001:0005fbcc       _per_scan_setup            00460bcc f   lib:jdinput.obj
 0001:0005fd52       _finish_input_pass         00460d52 f   lib:jdinput.obj
 0001:0005fd63       _consume_markers           00460d63 f   lib:jdinput.obj
 0001:0005fdff       _initial_setup             00460dff f   lib:jdinput.obj
 0001:00060009       _reset_input_controller    00461009 f   lib:jdinput.obj
 0001:0005f957       _fixedtables               00460957 f   lib:inflate.obj
 0001:0005fa41       _updatewindow              00460a41 f   lib:inflate.obj
 0001:0005e3b7       _make_crc_table            0045f3b7 f   lib:crc32.obj
 0001:0005e4e3       _crc32_little              0045f4e3 f   lib:crc32.obj
 0001:0005e2f3       _init_destination          0045f2f3 f   lib:jdatadst.obj
 0001:0005e319       _empty_output_buffer       0045f319 f   lib:jdatadst.obj
 0001:0005e35b       _term_destination          0045f35b f   lib:jdatadst.obj
 0001:0005de7a       _std_huff_tables           0045ee7a f   lib:jcparam.obj
 0001:0005ded4       _add_huff_table            0045eed4 f   lib:jcparam.obj
 0001:0005c3c7       _next_marker               0045d3c7 f   lib:jdmarker.obj
 0001:0005c501       _get_interesting_appn      0045d501 f   lib:jdmarker.obj
 0001:0005c62c       _examine_app0              0045d62c f   lib:jdmarker.obj
 0001:0005c83a       _examine_app14             0045d83a f   lib:jdmarker.obj
 0001:0005c8fb       _skip_variable             0045d8fb f   lib:jdmarker.obj
 0001:0005c99e       _read_markers              0045d99e f   lib:jdmarker.obj
 0001:0005cba6       _get_soi                   0045dba6 f   lib:jdmarker.obj
 0001:0005cc51       _get_sof                   0045dc51 f   lib:jdmarker.obj
 0001:0005cf5a       _get_sos                   0045df5a f   lib:jdmarker.obj
 0001:0005d248       _get_dht                   0045e248 f   lib:jdmarker.obj
 0001:0005d4e9       _get_dqt                   0045e4e9 f   lib:jdmarker.obj
 0001:0005d745       _get_dri                   0045e745 f   lib:jdmarker.obj
 0001:0005d824       _first_marker              0045e824 f   lib:jdmarker.obj
 0001:0005d8c0       _read_restart_marker       0045e8c0 f   lib:jdmarker.obj
 0001:0005d93e       _reset_marker_reader       0045e93e f   lib:jdmarker.obj
 0001:0005c1ab       _output_pass_setup         0045d1ab f   lib:jdapistd.obj
 0001:0005be9e       _default_decompress_parms  0045ce9e f   lib:jdapimin.obj

 75 bytes saved through ICF

