 quake2

 Timestamp is 420d115b (Fri Feb 11 23:11:07 2005)

 Preferred load address is 00400000

 Start         Length     Name                   Class
 0001:00000000 0006ec20H .text                   CODE
 0002:00000000 000002bcH .idata$5                DATA
 0002:000002c0 00003f4cH .rdata                  DATA
 0002:00004210 00000044H .rdata$r                DATA
 0002:00004258 00000038H .xdata$x                DATA
 0002:00004290 00000078H .idata$2                DATA
 0002:00004308 00000014H .idata$3                DATA
 0002:0000431c 000002bcH .idata$4                DATA
 0002:000045d8 0000090eH .idata$6                DATA
 0002:00004ee6 00000000H .edata                  DATA
 0003:00000000 00000004H .CRT$XCA                DATA
 0003:00000004 00000004H .CRT$XCZ                DATA
 0003:00000008 00000004H .CRT$XIA                DATA
 0003:0000000c 00000004H .CRT$XIZ                DATA
 0003:00000010 00010adcH .data                   DATA
 0003:00010af0 00b0f6c8H .bss                    DATA
 0004:00000000 00000130H .rsrc$01                DATA
 0004:00000130 00003f20H .rsrc$02                DATA

  Address         Publics by Value              Rva+Base     Lib:Object

 0001:00000000       ??3@YAXPAX@Z               00401000 f i cl_cin.obj
 0001:0000000b       ?SCR_StopCinematic@@YAXXZ  0040100b f   cl_cin.obj
 0001:000000a7       ?SCR_FinishCinematic@@YAXXZ 004010a7 f   cl_cin.obj
 0001:000000e6       ?SCR_RunCinematic@@YAXXZ   004010e6 f   cl_cin.obj
 0001:00000502       ?SCR_DrawCinematic@@YA_NXZ 00401502 f   cl_cin.obj
 0001:00000584       ?SCR_PlayCinematic@@YAXPAD@Z 00401584 f   cl_cin.obj
 0001:00000946       ?CL_CheckOrDownloadFile@@YA_NPAD@Z 00401946 f   cl_download.obj
 0001:00000c52       ?CL_Download_f@@YAX_NHPAPAD@Z 00401c52 f   cl_download.obj
 0001:00000cc5       ?CL_ParseDownload@@YAXXZ   00401cc5 f   cl_download.obj
 0001:00000e32       ?CL_RequestNextDownload@@YAXXZ 00401e32 f   cl_download.obj
 0001:0000151a       ?CL_Precache_f@@YAXHPAPAD@Z 0040251a f   cl_download.obj
 0001:00001578       ?CL_ParseEntityBits@@YAHPAI@Z 00402578 f   cl_ents.obj
 0001:000015da       ?CL_ParseDelta@@YAXPAUentityState_t@@0HH_N@Z 004025da f   cl_ents.obj
 0001:00001976       ?CL_DeltaEntity@@YAXPAUframe_t@@HPAUentityState_t@@H@Z 00402976 f   cl_ents.obj
 0001:00001acd       ?CL_ParsePacketEntities@@YAXPAUframe_t@@0@Z 00402acd f   cl_ents.obj
 0001:00001cd5       ?CL_ParsePlayerstate@@YAXPAUframe_t@@0@Z 00402cd5 f   cl_ents.obj
 0001:00001fdd       ?CL_FireEntityEvents@@YAXPAUframe_t@@@Z 00402fdd f   cl_ents.obj
 0001:0000202f       ?CL_ParseFrame@@YAXXZ      0040302f f   cl_ents.obj
 0001:000022fd       ?CL_AddEntityBox@@YAXPAUentityState_t@@I@Z 004032fd f   cl_ents.obj
 0001:000023e4       ?CL_OffsetThirdPersonView@@YAXXZ 004033e4 f   cl_ents.obj
 0001:0000249e       ?CL_CalcViewValues@@YAXXZ  0040349e f   cl_ents.obj
 0001:000027a5       ?CL_AddEntities@@YAXXZ     004037a5 f   cl_ents.obj
 0001:0000354d       ?CL_GetEntitySoundOrigin@@YAXHQAM@Z 0040454d f   cl_ents.obj
 0001:0000357f       ?CL_ClearLightStyles@@YAXXZ 0040457f f   cl_fx.obj
 0001:00003601       ?CL_RunLightStyles@@YAXXZ  00404601 f   cl_fx.obj
 0001:0000369e       ?CL_SetLightstyle@@YAXHPBD@Z 0040469e f   cl_fx.obj
 0001:00003701       ?CL_ClearDlights@@YAXXZ    00404701 f   cl_fx.obj
 0001:00003712       ?CL_AllocDlight@@YAPAUcdlight_t@@HQAM@Z 00404712 f   cl_fx.obj
 0001:0000377b       ?CL_AddDLights@@YAXXZ      0040477b f   cl_fx.obj
 0001:000037db       ?CL_ClearParticles@@YAXXZ  004047db f   cl_fx.obj
 0001:00003842       ?CL_AllocParticleTrace@@YAPAUparticleTrace_t@@QAM0MM@Z 00404842 f   cl_fx.obj
 0001:000038e2       ?CL_AllocParticleBeam@@YAPAUbeam_s@@QAM0MM@Z 004048e2 f   cl_fx.obj
 0001:00003955       ?CL_AllocParticle@@YAPAUparticle_s@@XZ 00404955 f   cl_fx.obj
 0001:000039a3       ?CL_UpdateParticles@@YAXXZ 004049a3 f   cl_fx.obj
 0001:00003f95       ?CL_MetalSparks@@YAXQAM0H@Z 00404f95 f   cl_fx.obj
 0001:00004082       ?CL_ParseMuzzleFlash@@YAXXZ 00405082 f   cl_fx.obj
 0001:000048c1       ?CL_ParseMuzzleFlash2@@YAXXZ 004058c1 f   cl_fx.obj
 0001:00004fad       ?CL_ParticleEffect@@YAXQAM0HH@Z 00405fad f   cl_fx.obj
 0001:0000507c       ?CL_ParticleEffect2@@YAXQAM0HH@Z 0040607c f   cl_fx.obj
 0001:00005147       ?CL_ParticleEffect3@@YAXQAM0HH@Z 00406147 f   cl_fx.obj
 0001:00005217       ?CL_TeleporterParticles@@YAXPAUentityState_t@@@Z 00406217 f   cl_fx.obj
 0001:000052ce       ?CL_LogoutEffect@@YAXQAMH@Z 004062ce f   cl_fx.obj
 0001:000053b9       ?CL_ItemRespawnParticles@@YAXQAM@Z 004063b9 f   cl_fx.obj
 0001:00005468       ?CL_ExplosionParticles@@YAXQAM@Z 00406468 f   cl_fx.obj
 0001:00005512       ?CL_BigTeleportParticles@@YAXQAM@Z 00406512 f   cl_fx.obj
 0001:00005669       ?CL_BlasterParticles@@YAXQAM0@Z 00406669 f   cl_fx.obj
 0001:00005735       ?CL_BlasterTrail@@YAXQAM0@Z 00406735 f   cl_fx.obj
 0001:00005828       ?CL_FlagTrail@@YAXQAM0M@Z  00406828 f   cl_fx.obj
 0001:00005928       ?CL_DiminishingTrail@@YAXQAM0PAUcentity_t@@H@Z 00406928 f   cl_fx.obj
 0001:00005b8c       ?CL_RocketTrail@@YAXQAM0PAUcentity_t@@@Z 00406b8c f   cl_fx.obj
 0001:00005cb9       ?CL_RailTrail@@YAXQAM0@Z   00406cb9 f   cl_fx.obj
 0001:00005edf       ?CL_RailTrailExt@@YAXQAM0EE@Z 00406edf f   cl_fx.obj
 0001:00005fe1       ?CL_IonripperTrail@@YAXQAM0@Z 00406fe1 f   cl_fx.obj
 0001:000060f4       ?CL_BubbleTrail@@YAXQAM0@Z 004070f4 f   cl_fx.obj
 0001:00006212       ?CL_FlyParticles@@YAXQAMH@Z 00407212 f   cl_fx.obj
 0001:000063b1       ?CL_FlyEffect@@YAXPAUcentity_t@@QAM@Z 004073b1 f   cl_fx.obj
 0001:00006434       ?CL_BfgParticles@@YAXPAUentity_s@@@Z 00407434 f   cl_fx.obj
 0001:0000660e       ?CL_TrapParticles@@YAXPAUentity_s@@@Z 0040760e f   cl_fx.obj
 0001:00006891       ?CL_BFGExplosionParticles@@YAXQAM@Z 00407891 f   cl_fx.obj
 0001:0000693b       ?CL_TeleportParticles@@YAXQAM@Z 0040793b f   cl_fx.obj
 0001:00006a74       ?CL_EntityEvent@@YAXPAUentityState_t@@@Z 00407a74 f   cl_fx.obj
 0001:00006c4f       ?CL_ClearEffects@@YAXXZ    00407c4f f   cl_fx.obj
 0001:00006c5e       ?IN_CenterView@@YAXXZ      00407c5e f   cl_input.obj
 0001:00006c7f       ?CL_InitInput@@YAXXZ       00407c7f f   cl_input.obj
 0001:0000721b       ?CL_SendCmd@@YAXXZ         0040821b f   cl_input.obj
 0001:00007915       ?CL_ParseInventory@@YAXXZ  00408915 f   cl_inv.obj
 0001:00007935       ?CL_DrawInventory@@YAXXZ   00408935 f   cl_inv.obj
 0001:00007af7       ?CL_WriteDemoMessage@@YAXXZ 00408af7 f   cl_main.obj
 0001:00007b39       ?Cmd_ForwardToServer@@YAXHPAPAD@Z 00408b39 f   cl_main.obj
 0001:00007bcc       ?CL_ForwardToServer_f@@YAXHPAPAD@Z 00408bcc f   cl_main.obj
 0001:00007c14       ?CL_Pause@@YAX_N@Z         00408c14 f   cl_main.obj
 0001:00007c56       ?CL_Quit_f@@YAXXZ          00408c56 f   cl_main.obj
 0001:00007c60       ?CL_Drop@@YAX_N@Z          00408c60 f   cl_main.obj
 0001:00007c83       ?CL_SendConnectPacket@@YAXXZ 00408c83 f   cl_main.obj
 0001:00007d5a       ?CL_CheckForResend@@YAXXZ  00408d5a f   cl_main.obj
 0001:00007e5f       ?CL_Connect_f@@YAX_NHPAPAD@Z 00408e5f f   cl_main.obj
 0001:00007ee2       ?CL_Rcon_f@@YAXHPAPAD@Z    00408ee2 f   cl_main.obj
 0001:00007fea       ?CL_ClearState@@YAXXZ      00408fea f   cl_main.obj
 0001:00008021       ?CL_Disconnect@@YAXXZ      00409021 f   cl_main.obj
 0001:000081de       ?CL_Disconnect_f@@YAXXZ    004091de f   cl_main.obj
 0001:000081e8       ?CL_Changing_f@@YAXXZ      004091e8 f   cl_main.obj
 0001:0000820c       ?CL_Reconnect_f@@YAXXZ     0040920c f   cl_main.obj
 0001:000082a8       ?CL_PingServers_f@@YAXXZ   004092a8 f   cl_main.obj
 0001:00008410       ?CL_Skins_f@@YAXXZ         00409410 f   cl_main.obj
 0001:000086e3       ?CL_ConnectionlessPacket@@YAXXZ 004096e3 f   cl_main.obj
 0001:000087e2       ?CL_ReadPackets@@YAXXZ     004097e2 f   cl_main.obj
 0001:00008927       ?CL_FixUpGender@@YAXXZ     00409927 f   cl_main.obj
 0001:000089d9       ?CL_Userinfo_f@@YAXXZ      004099d9 f   cl_main.obj
 0001:000089f1       ?CL_Snd_Restart_f@@YAXXZ   004099f1 f   cl_main.obj
 0001:00008a00       ?CL_WriteConfiguration@@YAXPAD@Z 00409a00 f   cl_main.obj
 0001:00008abb       ?CL_WriteConfig_f@@YAX_NHPAPAD@Z 00409abb f   cl_main.obj
 0001:00008b1a       ?CL_FixCvarCheats@@YAXXZ   00409b1a f   cl_main.obj
 0001:00008b74       ?CL_Frame@@YAXMH@Z         00409b74 f   cl_main.obj
 0001:00008d7d       ?CL_Init@@YAXXZ            00409d7d f   cl_main.obj
 0001:00009221       ?CL_Shutdown@@YAX_N@Z      0040a221 f   cl_main.obj
 0001:0000926a       ?CL_Flashlight@@YAXHQAM@Z  0040a26a f   cl_newfx.obj
 0001:000092a4       ?CL_ColorFlash@@YAXQAMHHMMM@Z 0040a2a4 f   cl_newfx.obj
 0001:000092e0       ?CL_DebugTrail@@YAXQAM0@Z  0040a2e0 f   cl_newfx.obj
 0001:000093c0       ?CL_ForceWall@@YAXQAM0H@Z  0040a3c0 f   cl_newfx.obj
 0001:000094e7       ?CL_BubbleTrail2@@YAXQAM0H@Z 0040a4e7 f   cl_newfx.obj
 0001:00009611       ?CL_Heatbeam@@YAXQAM0@Z    0040a611 f   cl_newfx.obj
 0001:000098c2       ?CL_ParticleSteamEffect@@YAXQAM0HHH@Z 0040a8c2 f   cl_newfx.obj
 0001:000099ec       ?CL_ParticleSteamEffect2@@YAXPAUcl_sustain_s@@@Z 0040a9ec f   cl_newfx.obj
 0001:00009b23       ?CL_TrackerTrail@@YAXQAM0H@Z 0040ab23 f   cl_newfx.obj
 0001:00009d86       ?CL_Tracker_Shell@@YAXQAM@Z 0040ad86 f   cl_newfx.obj
 0001:00009e0f       ?CL_MonsterPlasma_Shell@@YAXQAM@Z 0040ae0f f   cl_newfx.obj
 0001:00009e95       ?CL_Widowbeamout@@YAXPAUcl_sustain_s@@@Z 0040ae95 f   cl_newfx.obj
 0001:00009f51       ?CL_Nukeblast@@YAXPAUcl_sustain_s@@@Z 0040af51 f   cl_newfx.obj
 0001:0000a00d       ?CL_WidowSplash@@YAXQAM@Z  0040b00d f   cl_newfx.obj
 0001:0000a0d5       ?CL_TagTrail@@YAXQAM0M@Z   0040b0d5 f   cl_newfx.obj
 0001:0000a1d5       ?CL_ColorExplosionParticles@@YAXQAMHH@Z 0040b1d5 f   cl_newfx.obj
 0001:0000a282       ?CL_ParticleSmokeEffect@@YAXQAM0HHH@Z 0040b282 f   cl_newfx.obj
 0001:0000a3aa       ?CL_BlasterParticles2@@YAXQAM0I@Z 0040b3aa f   cl_newfx.obj
 0001:0000a477       ?CL_BlasterTrail2@@YAXQAM0@Z 0040b477 f   cl_newfx.obj
 0001:0000a56a       ?CL_RegisterSounds@@YAXXZ  0040b56a f   cl_parse.obj
 0001:0000a5a9       ?CL_ParseServerData@@YAXXZ 0040b5a9 f   cl_parse.obj
 0001:0000a6ae       ?CL_ParseBaseline@@YAXXZ   0040b6ae f   cl_parse.obj
 0001:0000a6f2       ?CL_LoadClientinfo@@YAXPAUclientinfo_t@@PAD@Z 0040b6f2 f   cl_parse.obj
 0001:0000a9d9       ?CL_ParseClientinfo@@YAXH@Z 0040b9d9 f   cl_parse.obj
 0001:0000a9fd       ?CL_ParseConfigString@@YAXXZ 0040b9fd f   cl_parse.obj
 0001:0000ab89       ?CL_ParseStartSoundPacket@@YAXXZ 0040bb89 f   cl_parse.obj
 0001:0000ac86       ?CL_ParseServerMessage@@YAXXZ 0040bc86 f   cl_parse.obj
 0001:0000afc5       ?CL_CheckPredictionError@@YAXXZ 0040bfc5 f   cl_pred.obj
 0001:0000b165       ?CL_EntityTrace@@YAXPAUtrace_t@@QAM111H@Z 0040c165 f   cl_pred.obj
 0001:0000b51f       ?CL_Trace@@YAXPAUtrace_t@@QAM111H@Z 0040c51f f   cl_pred.obj
 0001:0000b5a1       ?CL_PMpointcontents@@YAHQAM@Z 0040c5a1 f   cl_pred.obj
 0001:0000b72b       ?CL_PredictMovement@@YAXXZ 0040c72b f   cl_pred.obj
 0001:0000bacd       ?DrawString@@YAXHHPBD@Z    0040cacd f   cl_scrn.obj
 0001:0000bb12       ?CL_AddNetgraph@@YAXXZ     0040cb12 f   cl_scrn.obj
 0001:0000bbc1       ?SCR_DebugGraph@@YAXMH@Z   0040cbc1 f   cl_scrn.obj
 0001:0000bbe9       ?SCR_CenterPrint@@YAXPAD@Z 0040cbe9 f   cl_scrn.obj
 0001:0000bced       ?SCR_DrawCenterString@@YAXXZ 0040cced f   cl_scrn.obj
 0001:0000bdbf       ?SCR_CheckDrawCenterString@@YAXXZ 0040cdbf f   cl_scrn.obj
 0001:0000bde2       ?SCR_Sky_f@@YAX_NHPAPAD@Z  0040cde2 f   cl_scrn.obj
 0001:0000be71       ?Key_Message@@YAXH@Z       0040ce71 f   cl_scrn.obj
 0001:0000bf0d       ?SCR_SetLevelshot@@YAXPAD@Z 0040cf0d f   cl_scrn.obj
 0001:0000bff1       ?SCR_BeginLoadingPlaque@@YAXXZ 0040cff1 f   cl_scrn.obj
 0001:0000c076       ?SCR_EndLoadingPlaque@@YAX_N@Z 0040d076 f   cl_scrn.obj
 0001:0000c0fb       ?SCR_ShowConsole@@YAX_N0@Z 0040d0fb f   cl_scrn.obj
 0001:0000c1e0       ?SCR_ToggleConsole@@YAXXZ  0040d1e0 f   cl_scrn.obj
 0001:0000c208       ?SCR_TimeRefresh_f@@YAXHPAPAD@Z 0040d208 f   cl_scrn.obj
 0001:0000c2da       ?SCR_TileClear@@YAXXZ      0040d2da f   cl_scrn.obj
 0001:0000c37f       ?SCR_DrawCrosshair@@YAXXZ  0040d37f f   cl_scrn.obj
 0001:0000c3f4       ?SCR_TouchPics@@YAXXZ      0040d3f4 f   cl_scrn.obj
 0001:0000c464       ?SCR_ExecuteLayoutString@@YAXPAD@Z 0040d464 f   cl_scrn.obj
 0001:0000cd98       ?SCR_UpdateScreen@@YAXXZ   0040dd98 f   cl_scrn.obj
 0001:0000d634       ?SCR_Init@@YAXXZ           0040e634 f   cl_scrn.obj
 0001:0000d6d8       ?CL_RegisterTEntSounds@@YAXXZ 0040e6d8 f   cl_tent.obj
 0001:0000d91d       ?CL_RegisterTEntModels@@YAXXZ 0040e91d f   cl_tent.obj
 0001:0000da55       ?CL_ClearTEnts@@YAXXZ      0040ea55 f   cl_tent.obj
 0001:0000da89       ?CL_AllocExplosion@@YAPAUexplosion_t@@QAMW4exptype_t@@@Z 0040ea89 f   cl_tent.obj
 0001:0000db25       ?CL_AddExplosions@@YAXXZ   0040eb25 f   cl_tent.obj
 0001:0000dcbf       ?CL_SmokeAndFlash@@YAXQAM@Z 0040ecbf f   cl_tent.obj
 0001:0000dd07       ?CL_ParseBeam@@YAHPAUmodel_s@@@Z 0040ed07 f   cl_tent.obj
 0001:0000dde6       ?CL_ParseBeam2@@YAHPAUmodel_s@@@Z 0040ede6 f   cl_tent.obj
 0001:0000debd       ?CL_ParsePlayerBeam@@YAHPAUmodel_s@@@Z 0040eebd f   cl_tent.obj
 0001:0000dfcb       ?CL_ParseLightning@@YAHPAUmodel_s@@@Z 0040efcb f   cl_tent.obj
 0001:0000e097       ?CL_ParseLaser@@YAXI@Z     0040f097 f   cl_tent.obj
 0001:0000e113       ?CL_ParseSteam@@YAXXZ      0040f113 f   cl_tent.obj
 0001:0000e224       ?CL_ParseWidow@@YAXXZ      0040f224 f   cl_tent.obj
 0001:0000e290       ?CL_ParseNuke@@YAXXZ       0040f290 f   cl_tent.obj
 0001:0000e2fa       ?CL_ParseTEnt@@YAXXZ       0040f2fa f   cl_tent.obj
 0001:0000f113       ?CL_AddBeams@@YAXXZ        00410113 f   cl_tent.obj
 0001:0000f44f       ?CL_AddPlayerBeams@@YAXXZ  0041044f f   cl_tent.obj
 0001:0000fb3f       ?CL_ProcessSustain@@YAXXZ  00410b3f f   cl_tent.obj
 0001:0000fb80       ?CL_AddTEnts@@YAXXZ        00410b80 f   cl_tent.obj
 0001:0000fb94       ?V_AddEntity@@YAXPAUentity_s@@@Z 00410b94 f   cl_view.obj
 0001:0000fbc3       ?V_AddLight@@YAXQAMMMMM@Z  00410bc3 f   cl_view.obj
 0001:0000fc08       ?V_TestParticles@@YAXXZ    00410c08 f   cl_view.obj
 0001:0000fcc6       ?V_TestEntities@@YAXXZ     00410cc6 f   cl_view.obj
 0001:0000fd5c       ?V_TestLights@@YAXXZ       00410d5c f   cl_view.obj
 0001:0000fe2a       ?CL_PrepRefresh@@YAXXZ     00410e2a f   cl_view.obj
 0001:000100ef       ?CalcFov@@YAMMMM@Z         004110ef f   cl_view.obj
 0001:00010163       ?V_RenderView@@YAXM@Z      00411163 f   cl_view.obj
 0001:00010cec       ?V_Init@@YAXXZ             00411cec f   cl_view.obj
 0001:00010ec1       ?Con_ClearNotify@@YAXXZ    00411ec1 f   console.obj
 0001:00010ed0       ?Con_CheckResize@@YAXXZ    00411ed0 f   console.obj
 0001:00010ff7       ?Con_Print@@YAXPBD@Z       00411ff7 f   console.obj
 0001:000112ef       ?Con_DrawNotify@@YAX_N@Z   004122ef f   console.obj
 0001:00011426       ?Con_DrawConsole@@YAXM@Z   00412426 f   console.obj
 0001:000117fa       ?Key_Console@@YAXHH@Z      004127fa f   console.obj
 0001:00011cfb       ?Con_Init@@YAXXZ           00412cfb f   console.obj
 0001:00011e72       ?Key_KeynumToString@@YAPBDH@Z 00412e72 f   keys.obj
 0001:00011f22       ?CompleteCommand@@YAXXZ    00412f22 f   keys.obj
 0001:00012874       ?Key_SetBinding@@YAXHPBD@Z 00413874 f   keys.obj
 0001:000128b2       ?Key_FindBinding@@YAHPBDPAHH@Z 004138b2 f   keys.obj
 0001:00012900       ?Key_WriteBindings@@YAXPAU_iobuf@@@Z 00413900 f   keys.obj
 0001:00012948       ?Key_Init@@YAXXZ           00413948 f   keys.obj
 0001:00012c31       ?Key_Event@@YAXH_NI@Z      00413c31 f   keys.obj
 0001:00012f7e       ?Key_ClearStates@@YAXXZ    00413f7e f   keys.obj
 0001:00012fb5       ?Key_ClearTyping@@YAXXZ    00413fb5 f   keys.obj
 0001:00012fce       ?M_PushMenu@@YAXP6AXXZP6APBDH@Z@Z 00413fce f   menu.obj
 0001:0001305d       ?M_ForceMenuOff@@YAXXZ     0041405d f   menu.obj
 0001:00013090       ?M_ForceMenuOn@@YAXXZ      00414090 f   menu.obj
 0001:000130a9       ?M_PopMenu@@YAXXZ          004140a9 f   menu.obj
 0001:000130f5       ?Default_MenuKey@@YAPBDPAUmenuFramework_s@@H@Z 004140f5 f   menu.obj
 0001:00013215       ?M_DrawCharacter@@YAXHHH@Z 00414215 f   menu.obj
 0001:00013247       ?M_Print@@YAXHHPAD@Z       00414247 f   menu.obj
 0001:0001328d       ?M_DrawCursor@@YAXHHH@Z    0041428d f   menu.obj
 0001:000132b2       ?M_DrawTextBox@@YAXHHHH@Z  004142b2 f   menu.obj
 0001:00013384       ?M_Main_Draw@@YAXXZ        00414384 f   menu.obj
 0001:000134f8       ?M_Main_Key@@YAPBDH@Z      004144f8 f   menu.obj
 0001:000135d4       ?M_Menu_Main_f@@YAXXZ      004145d4 f   menu.obj
 0001:000135f5       ?M_Menu_Multiplayer_f@@YAXXZ 004145f5 f   menu.obj
 0001:000137cd       ?M_Menu_Keys_f@@YAXXZ      004147cd f   menu.obj
 0001:00013c29       ?M_Menu_Options_f@@YAXXZ   00414c29 f   menu.obj
 0001:0001453e       ?M_Menu_Video_f@@YAXXZ     0041553e f   menu.obj
 0001:0001455f       ?M_Menu_Credits_f@@YAXXZ   0041555f f   menu.obj
 0001:0001470c       ?M_Menu_Game_f@@YAXXZ      0041570c f   menu.obj
 0001:0001497f       ?M_Menu_LoadGame_f@@YAXXZ  0041597f f   menu.obj
 0001:00014c4d       ?M_Menu_SaveGame_f@@YAXXZ  00415c4d f   menu.obj
 0001:00014dad       ?M_AddToServerList@@YAXUnetadr_t@@PAD@Z 00415dad f   menu.obj
 0001:00014e20       ?M_Menu_JoinServer_f@@YAXXZ 00415e20 f   menu.obj
 0001:00015084       ?M_Menu_StartServer_f@@YAXXZ 00416084 f   menu.obj
 0001:000158ac       ?M_Menu_DMOptions_f@@YAXXZ 004168ac f   menu.obj
 0001:0001604d       ?M_Menu_DownloadOptions_f@@YAXXZ 0041704d f   menu.obj
 0001:000162cf       ?M_Menu_AddressBook_f@@YAXXZ 004172cf f   menu.obj
 0001:000176b9       ?M_Init@@YAXXZ             004186b9 f   menu.obj
 0001:000177d7       ?M_Draw@@YAXXZ             004187d7 f   menu.obj
 0001:00017828       ?M_Keydown@@YAXH@Z         00418828 f   menu.obj
 0001:00017844       ?Menu_ItemAtCursor@@YAPAUmenuCommon_s@@PAUmenuFramework_s@@@Z 00418844 f   qmenu.obj
 0001:00017894       ?Field_Key@@YA_NPAUmenuField_t@@H@Z 00418894 f   qmenu.obj
 0001:00017a3a       ?Menu_AddItem@@YAXPAUmenuFramework_s@@PAX@Z 00418a3a f   qmenu.obj
 0001:00017af5       ?Menu_AdjustCursor@@YAXPAUmenuFramework_s@@H@Z 00418af5 f   qmenu.obj
 0001:00017c40       ?Menu_Center@@YAXPAUmenuFramework_s@@@Z 00418c40 f   qmenu.obj
 0001:00017c80       ?Menu_Draw@@YAXPAUmenuFramework_s@@@Z 00418c80 f   qmenu.obj
 0001:000181cf       ?Menu_SelectItem@@YA_NPAUmenuFramework_s@@@Z 004191cf f   qmenu.obj
 0001:00018222       ?Menu_SetStatusBar@@YAXPAUmenuFramework_s@@PBD@Z 00419222 f   qmenu.obj
 0001:0001822e       ?Menu_SlideItem@@YAXPAUmenuFramework_s@@H@Z 0041922e f   qmenu.obj
 0001:0001871f       ?InitRendererVars@@YAXXZ   0041971f f   ref_vars.obj
 0001:0001873e       ?S_SoundInfo_f@@YAXXZ      0041973e f   snd_dma.obj
 0001:000187c8       ?S_ReadModelsSex@@YAXXZ    004197c8 f   snd_dma.obj
 0001:000188ad       ?S_IsFemale@@YA_NPAD@Z     004198ad f   snd_dma.obj
 0001:00018901       ?S_Init@@YAXXZ             00419901 f   snd_dma.obj
 0001:000189d7       ?S_Shutdown@@YAXXZ         004199d7 f   snd_dma.obj
 0001:00018a6a       ?S_AliasName@@YAPAUsfx_s@@PAD0@Z 00419a6a f   snd_dma.obj
 0001:00018b30       ?S_BeginRegistration@@YAXXZ 00419b30 f   snd_dma.obj
 0001:00018b3e       ?S_RegisterSound@@YAPAUsfx_s@@PBD@Z 00419b3e f   snd_dma.obj
 0001:00018cd7       ?S_EndRegistration@@YAXXZ  00419cd7 f   snd_dma.obj
 0001:00018d6f       ?S_PickChannel@@YAPAUchannel_t@@HH@Z 00419d6f f   snd_dma.obj
 0001:00018dfc       ?S_SpatializeOrigin@@YAXQAMMMPAH1@Z 00419dfc f   snd_dma.obj
 0001:00018f23       ?S_Spatialize@@YAXPAUchannel_t@@@Z 00419f23 f   snd_dma.obj
 0001:00018f94       ?S_AllocPlaysound@@YAPAUplaysound_s@@XZ 00419f94 f   snd_dma.obj
 0001:00018fb6       ?S_FreePlaysound@@YAXPAUplaysound_s@@@Z 00419fb6 f   snd_dma.obj
 0001:00018fe6       ?S_IssuePlaysound@@YAXPAUplaysound_s@@@Z 00419fe6 f   snd_dma.obj
 0001:000190b3       ?S_StartSound@@YAXQAMHHPAUsfx_s@@MMM@Z 0041a0b3 f   snd_dma.obj
 0001:0001935c       ?S_StartLocalSound@@YAXPBD@Z 0041a35c f   snd_dma.obj
 0001:000193ab       ?S_ClearBuffer@@YAXXZ      0041a3ab f   snd_dma.obj
 0001:00019414       ?S_StopAllSounds_f@@YAXXZ  0041a414 f   snd_dma.obj
 0001:00019484       ?S_AddLoopSounds@@YAXXZ    0041a484 f   snd_dma.obj
 0001:0001965a       ?S_RawSamples@@YAXHHHHPAE@Z 0041a65a f   snd_dma.obj
 0001:0001985e       ?S_Update@@YAXQAM000@Z     0041a85e f   snd_dma.obj
 0001:00019958       ?GetSoundtime@@YAXXZ       0041a958 f   snd_dma.obj
 0001:000199bf       ?S_Update_@@YAXXZ          0041a9bf f   snd_dma.obj
 0001:00019c1b       ?ResampleSfx@@YAXPAUsfx_s@@HHPAE@Z 0041ac1b f   snd_mem.obj
 0001:00019d36       ?S_LoadSound@@YAPAUsfxcache_t@@PAUsfx_s@@@Z 0041ad36 f   snd_mem.obj
 0001:00019e6b       ?GetWavinfo@@YA?AUwavinfo_t@@PADPAEH@Z 0041ae6b f   snd_mem.obj
 0001:0001a0ad       ?S_WriteLinearBlastStereo16@@YAXXZ 0041b0ad f   snd_mix.obj
 0001:0001a121       ?S_TransferStereo16@@YAXPAKH@Z 0041b121 f   snd_mix.obj
 0001:0001a18a       ?S_TransferPaintBuffer@@YAXH@Z 0041b18a f   snd_mix.obj
 0001:0001a2e6       ?S_PaintChannels@@YAXH@Z   0041b2e6 f   snd_mix.obj
 0001:0001a50d       ?S_InitScaletable@@YAXXZ   0041b50d f   snd_mix.obj
 0001:0001a561       ?S_PaintChannelFrom8@@YAXPAUchannel_t@@PAUsfxcache_t@@HH@Z 0041b561 f   snd_mix.obj
 0001:0001a663       ?S_PaintChannelFrom16@@YAXPAUchannel_t@@PAUsfxcache_t@@HH@Z 0041b663 f   snd_mix.obj
 0001:0001a6ce       ?SV_WipeSavegame@@YAXPAD@Z 0041b6ce f   sv_ccmds.obj
 0001:0001a6fc       ?SV_CopySaveGame@@YAXPAD0@Z 0041b6fc f   sv_ccmds.obj
 0001:0001a751       ?SV_WriteLevelFile@@YAXXZ  0041b751 f   sv_ccmds.obj
 0001:0001a7ff       ?SV_ReadLevelFile@@YAXXZ   0041b7ff f   sv_ccmds.obj
 0001:0001a8ad       ?SV_WriteServerFile@@YAX_NPAD@Z 0041b8ad f   sv_ccmds.obj
 0001:0001aae8       ?SV_ReadServerFile@@YAXXZ  0041bae8 f   sv_ccmds.obj
 0001:0001ac0d       ?SV_AddressBanned@@YA_NPAUnetadr_t@@@Z 0041bc0d f   sv_ccmds.obj
 0001:0001ac4e       ?SV_InitOperatorCommands@@YAXXZ 0041bc4e f   sv_ccmds.obj
 0001:0001bc6d       ?SV_WritePlayerstateToClient@@YAXPAUclient_frame_t@@0PAUsizebuf_s@@@Z 0041cc6d f   sv_ents.obj
 0001:0001c189       ?SV_WriteFrameToClient@@YAXPAUclient_s@@PAUsizebuf_s@@@Z 0041d189 f   sv_ents.obj
 0001:0001c3b1       ?SV_FatPVS@@YAXQAM@Z       0041d3b1 f   sv_ents.obj
 0001:0001c4cf       ?SV_BuildClientFrame@@YAXPAUclient_s@@@Z 0041d4cf f   sv_ents.obj
 0001:0001c7e4       ?SV_RecordDemoMessage@@YAXXZ 0041d7e4 f   sv_ents.obj
 0001:0001d35d       ?SV_InitGameLibrary@@YAX_N@Z 0041e35d f   sv_game.obj
 0001:0001d4a3       ?SV_ShutdownGameLibrary@@YAXXZ 0041e4a3 f   sv_game.obj
 0001:0001d600       ?SV_FindIndex@@YAHPADHH_N@Z 0041e600 f   sv_init.obj
 0001:0001d705       ?SV_ModelIndex@@YAHPAD@Z   0041e705 f   sv_init.obj
 0001:0001d71b       ?SV_SoundIndex@@YAHPAD@Z   0041e71b f   sv_init.obj
 0001:0001d734       ?SV_ImageIndex@@YAHPAD@Z   0041e734 f   sv_init.obj
 0001:0001d74d       ?SV_CreateBaseline@@YAXXZ  0041e74d f   sv_init.obj
 0001:0001d7ab       ?SV_CheckForSavegame@@YAXXZ 0041e7ab f   sv_init.obj
 0001:0001d833       ?SV_SpawnServer@@YAXPAD0W4server_state_t@@_N2@Z 0041e833 f   sv_init.obj
 0001:0001db02       ?SV_InitGame@@YAXXZ        0041eb02 f   sv_init.obj
 0001:0001dd3d       ?SV_Map@@YAX_NPAD0@Z       0041ed3d f   sv_init.obj
 0001:0001df06       ?SV_DropClient@@YAXPAUclient_s@@PAD@Z 0041ef06 f   sv_main.obj
 0001:0001dfb7       ?SV_StatusString@@YAPADXZ  0041efb7 f   sv_main.obj
 0001:0001e7ee       ?SV_ConnectionlessPacket@@YAXXZ 0041f7ee f   sv_main.obj
 0001:0001e8b9       ?SV_CalcPings@@YAXXZ       0041f8b9 f   sv_main.obj
 0001:0001e940       ?SV_GiveMsec@@YAXXZ        0041f940 f   sv_main.obj
 0001:0001e97f       ?SV_ReadPackets@@YAXXZ     0041f97f f   sv_main.obj
 0001:0001eac9       ?SV_CheckTimeouts@@YAXXZ   0041fac9 f   sv_main.obj
 0001:0001ebda       ?SV_PostprocessFrame@@YAXXZ 0041fbda f   sv_main.obj
 0001:0001f0b1       ?SV_MulticastHook@@YAPAUsizebuf_s@@PAU1@0@Z 004200b1 f   sv_main.obj
 0001:0001f4a5       ?SV_TraceHook@@YA?AUtrace_t@@QAM000PAUedict_s@@H@Z 004204a5 f   sv_main.obj
 0001:0001f620       ?SV_Frame@@YAXM@Z          00420620 f   sv_main.obj
 0001:0001f8da       ?SV_UserinfoChanged@@YAXPAUclient_s@@@Z 004208da f   sv_main.obj
 0001:0001f99e       ?SV_Init@@YAXXZ            0042099e f   sv_main.obj
 0001:0001fa15       ?SV_Shutdown@@YAXPAD_N@Z   00420a15 f   sv_main.obj
 0001:0001fc12       ?SV_BeginRedirect@@YAXXZ   00420c12 f   sv_send.obj
 0001:0001fcbc       ?SV_ClientPrintf@@YAXPAUclient_s@@HPADZZ 00420cbc f   sv_send.obj
 0001:0001fd17       ?SV_BroadcastPrintf@@YAXHPADZZ 00420d17 f   sv_send.obj
 0001:0001fded       ?SV_BroadcastCommand@@YAXPADZZ 00420ded f   sv_send.obj
 0001:0001fe42       ?SV_Multicast@@YAXQAMW4multicast_t@@_N@Z 00420e42 f   sv_send.obj
 0001:00020085       ?SV_MulticastOld@@YAXQAMW4multicast_t@@@Z 00421085 f   sv_send.obj
 0001:00020098       ?SV_MulticastNew@@YAXQAMW4multicast_t@@@Z 00421098 f   sv_send.obj
 0001:000200ab       ?SV_StartSound@@YAXQAMPAUedict_s@@HHMMM_N@Z 004210ab f   sv_send.obj
 0001:00020373       ?SV_StartSoundOld@@YAXQAMPAUedict_s@@HHMMM@Z 00421373 f   sv_send.obj
 0001:000203a3       ?SV_StartSoundNew@@YAXQAMPAUedict_s@@HHMMM@Z 004213a3 f   sv_send.obj
 0001:000203d3       ?SV_SendClientDatagram@@YA_NPAUclient_s@@@Z 004213d3 f   sv_send.obj
 0001:000204a6       ?SV_DemoCompleted@@YAXXZ   004214a6 f   sv_send.obj
 0001:000204c2       ?SV_RateDrop@@YA_NPAUclient_s@@@Z 004214c2 f   sv_send.obj
 0001:0002050c       ?SV_SendClientMessages@@YAXXZ 0042150c f   sv_send.obj
 0001:0002065a       ?SV_TokenizeString@@YAXPBD@Z 0042165a f   sv_tokenize.obj
 0001:00020731       ?SV_Argc@@YAHXZ            00421731 f   sv_tokenize.obj
 0001:00020737       ?SV_Argv@@YAPADH@Z         00421737 f   sv_tokenize.obj
 0001:00020751       ?SV_Args@@YAPADXZ          00421751 f   sv_tokenize.obj
 0001:00020fa2       ?SV_Nextserver@@YAXXZ      00421fa2 f   sv_user.obj
 0001:00021031       ?SV_ExecuteUserCommand@@YAXPAD@Z 00422031 f   sv_user.obj
 0001:000210f3       ?SV_ClientThink@@YAXPAUclient_s@@PAUusercmd_t@@@Z 004220f3 f   sv_user.obj
 0001:00021136       ?SV_ExecuteClientMessage@@YAXPAUclient_s@@@Z 00422136 f   sv_user.obj
 0001:00021354       ?SV_ClearWorld@@YAXXZ      00422354 f   sv_world.obj
 0001:000214ac       ?SV_UnlinkEdict@@YAXPAUedict_s@@@Z 004224ac f   sv_world.obj
 0001:0002156f       ?SV_LinkEdict@@YAXPAUedict_s@@@Z 0042256f f   sv_world.obj
 0001:00021bc7       ?SV_AreaEdicts@@YAHQAM0PAPAUedict_s@@HH@Z 00422bc7 f   sv_world.obj
 0001:00021d78       ?SV_PointContents@@YAHQAM@Z 00422d78 f   sv_world.obj
 0001:00021e9e       ?SV_ClipMoveToEntities@@YAXPAUtrace_t@@QAM111PAUedict_s@@H@Z 00422e9e f   sv_world.obj
 0001:0002227d       ?SV_Trace@@YAXPAUtrace_t@@QAM111PAUedict_s@@H@Z 0042327d f   sv_world.obj
 0001:00022337       ?Cbuf_Init@@YAXXZ          00423337 f   cmd.obj
 0001:0002234f       ?Cbuf_AddText@@YAXPAD@Z    0042334f f   cmd.obj
 0001:000223b4       ?Cbuf_InsertText@@YAXPAD@Z 004233b4 f   cmd.obj
 0001:0002241b       ?Cbuf_CopyToDefer@@YAXXZ   0042341b f   cmd.obj
 0001:00022463       ?Cbuf_InsertFromDefer@@YAXXZ 00423463 f   cmd.obj
 0001:0002248c       ?Cbuf_Execute@@YAXXZ       0042348c f   cmd.obj
 0001:0002258e       ?Cmd_Unalias_f@@YAX_NHPAPAD@Z 0042358e f   cmd.obj
 0001:00022617       ?Cmd_WriteAliases@@YAXPAU_iobuf@@@Z 00423617 f   cmd.obj
 0001:00022648       ?RegisterCommand@@YA_NPBDP6AXXZH@Z 00423648 f   cmd.obj
 0001:000226a9       ?UnregisterCommand@@YAXPBD@Z 004236a9 f   cmd.obj
 0001:000226eb       ?Cmd_ExecuteString@@YA_NPBD@Z 004236eb f   cmd.obj
 0001:00022b71       ?ExecuteCommand@@YA_NPBDPBUCSimpleCommand@@H@Z 00423b71 f   cmd.obj
 0001:00022c38       ?Cmd_Init@@YAXXZ           00423c38 f   cmd.obj
 0001:00022f5f       ?CMod_GetSurfMaterial@@YA?AW4material_t@@PAD@Z 00423f5f f   cmodel.obj
 0001:00022fbc       ?CM_LoadMap@@YAPAUcmodel_t@@PAD_NPAI@Z 00423fbc f   cmodel.obj
 0001:00023614       ?PlaneTypeForNormal@@YAHQBM@Z 00424614 f i cmodel.obj
 0001:000237b8       ?CM_InlineModel@@YAPAUcmodel_t@@PAD@Z 004247b8 f   cmodel.obj
 0001:000237f9       ?CM_NumClusters@@YAHXZ     004247f9 f   cmodel.obj
 0001:000237ff       ?CM_NumInlineModels@@YAHXZ 004247ff f   cmodel.obj
 0001:00023805       ?CM_EntityString@@YAPADXZ  00424805 f   cmodel.obj
 0001:0002380b       ?CM_LeafContents@@YAHH@Z   0042480b f   cmodel.obj
 0001:0002382f       ?CM_LeafCluster@@YAHH@Z    0042482f f   cmodel.obj
 0001:000238a1       ?CM_LeafArea@@YAHH@Z       004248a1 f   cmodel.obj
 0001:000238c6       ?CM_InitBoxHull@@YAXXZ     004248c6 f   cmodel.obj
 0001:00023a56       ?CM_HeadnodeForBox@@YAHQAM0@Z 00424a56 f   cmodel.obj
 0001:00023b0b       ?CM_PointLeafnum@@YAHQAMH@Z 00424b0b f   cmodel.obj
 0001:00023bab       ?DISTANCE_TO_PLANE@@YAMQBMPBUcplane_t@@@Z 00424bab f i cmodel.obj
 0001:00023bf3       ?CM_PointContents@@YAHQAMH@Z 00424bf3 f   cmodel.obj
 0001:00023c65       ?CM_TransformedPointContents@@YAHQAMH00@Z 00424c65 f   cmodel.obj
 0001:00023d9b       ?CM_TransformedPointContents2@@YAHQAMH0PAY02M@Z 00424d9b f   cmodel.obj
 0001:00023e89       ?CM_BoxLeafnums@@YAHQAM0PAHH1H@Z 00424e89 f   cmodel.obj
 0001:00023f9b       ?BOX_ON_PLANE_SIDE@@YAHQBM0PBUcplane_t@@@Z 00424f9b f i cmodel.obj
 0001:00024020       ?CM_BoxTrace@@YAXPAUtrace_t@@QBM111HH@Z 00425020 f   cmodel.obj
 0001:00024a39       ?CM_TransformedBoxTrace@@YAXPAUtrace_t@@QBM111HH11@Z 00425a39 f   cmodel.obj
 0001:00024d09       ?CM_TransformedBoxTrace2@@YAXPAUtrace_t@@QBM111HH1PAY02$$CBM@Z 00425d09 f   cmodel.obj
 0001:00024f1e       ?CM_BrushTrace@@YAHQBM0PAHH@Z 00425f1e f   cmodel.obj
 0001:0002533c       ?CM_RefineBrushTrace@@YAHQBM0PAHH@Z 0042633c f   cmodel.obj
 0001:000253e1       ?CM_ClusterPVS@@YAPAEH@Z   004263e1 f   cmodel.obj
 0001:00025525       ?CM_ClusterPHS@@YAPAEH@Z   00426525 f   cmodel.obj
 0001:000255c8       ?FloodAreaConnections@@YAXXZ 004265c8 f   cmodel.obj
 0001:00025681       ?CM_SetAreaPortalState@@YAXH_N@Z 00426681 f   cmodel.obj
 0001:000256a6       ?CM_AreasConnected@@YA_NHH@Z 004266a6 f   cmodel.obj
 0001:000256ea       ?CM_WriteAreaBits@@YAHPAEH@Z 004266ea f   cmodel.obj
 0001:00025784       ?CM_WritePortalState@@YAXPAU_iobuf@@@Z 00426784 f   cmodel.obj
 0001:0002579e       ?CM_ReadPortalState@@YAXPAU_iobuf@@@Z 0042679e f   cmodel.obj
 0001:000257bc       ?CM_HeadnodeVisible@@YA_NHPAE@Z 004267bc f   cmodel.obj
 0001:00025891       ?Com_BeginRedirect@@YAXPADHP6AX0@Z@Z 00426891 f   common.obj
 0001:000258be       ?Com_EndRedirect@@YAXXZ    004268be f   common.obj
 0001:000258dd       ?Com_Printf@@YAXPBDZZ      004268dd f   common.obj
 0001:00025a85       ?Com_DPrintf@@YAXPBDZZ     00426a85 f   common.obj
 0001:00025b02       ?DebugPrintf@@YAXPBDZZ     00426b02 f   common.obj
 0001:00025bac       ?Com_WPrintf@@YAXPBDZZ     00426bac f   common.obj
 0001:00025c0a       ?Com_FatalError@@YAXPBDZZ  00426c0a f   common.obj
 0001:00025cae       ?Com_DropError@@YAXPBDZZ   00426cae f   common.obj
 0001:00025d4c       ?appUnwindPrefix@@YAXPBD@Z 00426d4c f   common.obj
 0001:00025da4       ?appUnwindThrow@@YAXPBDZZ  00426da4 f   common.obj
 0001:00025e2c       ?Com_ResetErrorState@@YAXXZ 00426e2c f   common.obj
 0001:00025e3d       ?Com_Quit@@YAXXZ           00426e3d f   common.obj
 0001:00025e5d       ?MatchWildcard@@YA_NPBD0_N@Z 00426e5d f   common.obj
 0001:00025feb       ?va@@YAPADPBDZZ            00426feb f   common.obj
 0001:00026038       ?appSprintf@@YAHPADHPBDZZ  00427038 f   common.obj
 0001:0002607e       ?IPWildcard@@YA_NPAUnetadr_t@@PAD@Z 0042707e f   common.obj
 0001:00026158       ?Com_ServerState@@YA?AW4server_state_t@@XZ 00427158 f   common.obj
 0001:0002615e       ?Com_SetServerState@@YAXW4server_state_t@@@Z 0042715e f   common.obj
 0001:00026168       ?MSG_WriteByte@@YAXPAUsizebuf_s@@H@Z 00427168 f   common.obj
 0001:00026168       ?MSG_WriteChar@@YAXPAUsizebuf_s@@H@Z 00427168 f   common.obj
 0001:0002617c       ?MSG_WriteShort@@YAXPAUsizebuf_s@@H@Z 0042717c f   common.obj
 0001:00026196       ?MSG_WriteLong@@YAXPAUsizebuf_s@@H@Z 00427196 f   common.obj
 0001:000261c0       ?MSG_WriteFloat@@YAXPAUsizebuf_s@@M@Z 004271c0 f   common.obj
 0001:000261dc       ?MSG_WriteString@@YAXPAUsizebuf_s@@PAD@Z 004271dc f   common.obj
 0001:00026213       ?MSG_WriteCoord@@YAXPAUsizebuf_s@@M@Z 00427213 f   common.obj
 0001:00026238       ?MSG_WritePos@@YAXPAUsizebuf_s@@QAM@Z 00427238 f   common.obj
 0001:0002629c       ?MSG_WriteAngle@@YAXPAUsizebuf_s@@M@Z 0042729c f   common.obj
 0001:000262c7       ?MSG_WriteAngle16@@YAXPAUsizebuf_s@@M@Z 004272c7 f   common.obj
 0001:000262f2       ?MSG_WriteDeltaUsercmd@@YAXPAUsizebuf_s@@PAUusercmd_t@@1@Z 004272f2 f   common.obj
 0001:0002641c       ?MSG_WriteDir@@YAXPAUsizebuf_s@@QAM@Z 0042741c f   common.obj
 0001:00026483       ?MSG_ReadDir@@YAXPAUsizebuf_s@@QAM@Z 00427483 f   common.obj
 0001:000264b4       ?MSG_WriteDeltaEntity@@YAXPAUentity_state_t@@0PAUsizebuf_s@@_N2@Z 004274b4 f   common.obj
 0001:000268fc       ?MSG_BeginReading@@YAXPAUsizebuf_s@@@Z 004278fc f   common.obj
 0001:00026905       ?MSG_ReadChar@@YAHPAUsizebuf_s@@@Z 00427905 f   common.obj
 0001:00026926       ?MSG_ReadByte@@YAHPAUsizebuf_s@@@Z 00427926 f   common.obj
 0001:00026947       ?MSG_ReadShort@@YAHPAUsizebuf_s@@@Z 00427947 f   common.obj
 0001:00026977       ?MSG_ReadLong@@YAHPAUsizebuf_s@@@Z 00427977 f   common.obj
 0001:000269b6       ?MSG_ReadString@@YAPADPAUsizebuf_s@@@Z 004279b6 f   common.obj
 0001:000269e9       ?MSG_ReadCoord@@YAMPAUsizebuf_s@@@Z 004279e9 f   common.obj
 0001:00026a03       ?MSG_ReadPos@@YAXPAUsizebuf_s@@QAM@Z 00427a03 f   common.obj
 0001:00026a55       ?MSG_ReadAngle@@YAMPAUsizebuf_s@@@Z 00427a55 f   common.obj
 0001:00026a6f       ?MSG_ReadAngle16@@YAMPAUsizebuf_s@@@Z 00427a6f f   common.obj
 0001:00026a89       ?MSG_ReadDeltaUsercmd@@YAXPAUsizebuf_s@@PAUusercmd_t@@1@Z 00427a89 f   common.obj
 0001:00026b44       ?MSG_ReadData@@YAXPAUsizebuf_s@@PAXH@Z 00427b44 f   common.obj
 0001:00026b67       ?SZ_Init@@YAXPAUsizebuf_s@@PAXH@Z 00427b67 f   common.obj
 0001:00026b85       ?SZ_Clear@@YAXPAUsizebuf_s@@@Z 00427b85 f   common.obj
 0001:00026b92       ?SZ_GetSpace@@YAPAXPAUsizebuf_s@@H@Z 00427b92 f   common.obj
 0001:00026bef       ?SZ_Write@@YAXPAUsizebuf_s@@PAXH@Z 00427bef f   common.obj
 0001:00026c1b       ?SZ_Insert@@YAXPAUsizebuf_s@@PAXHH@Z 00427c1b f   common.obj
 0001:00026c74       ?SZ_Print@@YAXPAUsizebuf_s@@PAD@Z 00427c74 f   common.obj
 0001:00026cca       ?Info_Print@@YAXPAD@Z      00427cca f   common.obj
 0001:00026d8f       ?COM_BlockSequenceCRCByte@@YAEPAEHH@Z 00427d8f f   common.obj
 0001:00026e20       ?frand@@YAMXZ              00427e20 f   common.obj
 0001:00026e3d       ?crand@@YAMXZ              00427e3d f   common.obj
 0001:00026e60       ?COM_CheckCmdlineVar@@YA_NPBD@Z 00427e60 f   common.obj
 0001:00026eb6       ?QCommon_Init@@YAXPAD@Z    00427eb6 f   common.obj
 0001:00027270       ?QCommon_Frame@@YAXH@Z     00428270 f   common.obj
 0001:00027547       ?QCommon_Shutdown@@YAXXZ   00428547 f   common.obj
 0001:00027560       ?CRC_Init@@YAXPAG@Z        00428560 f   crc.obj
 0001:0002756a       ?CRC_Block@@YAGPAEH@Z      0042856a f   crc.obj
 0001:000275b3       ?Cvar_VariableValue@@YAMPBD@Z 004285b3 f   cvar.obj
 0001:00027621       ?Cvar_VariableInt@@YAHPBD@Z 00428621 f   cvar.obj
 0001:00027634       ?Cvar_VariableString@@YAPADPBD@Z 00428634 f   cvar.obj
 0001:0002764c       ?Cvar_Get@@YAPAUcvar_s@@PBD0H@Z 0042864c f   cvar.obj
 0001:000278ff       ?Cvar_GetVars@@YAXPBUcvarInfo_t@@H@Z 004288ff f   cvar.obj
 0001:000279a9       ?Cvar_FullSet@@YAPAUcvar_s@@PBD0H@Z 004289a9 f   cvar.obj
 0001:00027a03       ?Cvar_SetValue@@YAPAUcvar_s@@PBDM@Z 00428a03 f   cvar.obj
 0001:00027c29       ?Cvar_SetInteger@@YAPAUcvar_s@@PBDH@Z 00428c29 f   cvar.obj
 0001:00027c4b       ?Cvar_Set@@YAPAUcvar_s@@PBD0@Z 00428c4b f   cvar.obj
 0001:00027c60       ?Cvar_ForceSet@@YAPAUcvar_s@@PBD0@Z 00428c60 f   cvar.obj
 0001:00027c75       ?Cvar_Clamp@@YAMPAUcvar_s@@MM@Z 00428c75 f   cvar.obj
 0001:00027cd3       ?Cvar_ClampName@@YAMPBDMM@Z 00428cd3 f   cvar.obj
 0001:00027d12       ?Cvar_GetLatchedVars@@YAXXZ 00428d12 f   cvar.obj
 0001:00027d41       ?Cvar_Command@@YA_NHPAPAD@Z 00428d41 f   cvar.obj
 0001:00027de2       ?Cvar_WriteVariables@@YAXPAU_iobuf@@HHPBD@Z 00428de2 f   cvar.obj
 0001:00027e75       ?Cvar_BitInfo@@YAPADH@Z    00428e75 f   cvar.obj
 0001:00027eae       ?Cvar_Userinfo@@YAPADXZ    00428eae f   cvar.obj
 0001:00027eb7       ?Cvar_Serverinfo@@YAPADXZ  00428eb7 f   cvar.obj
 0001:00027ec0       ?Cvar_Cheats@@YAX_N@Z      00428ec0 f   cvar.obj
 0001:00027f16       ?Cvar_Init@@YAXXZ          00428f16 f   cvar.obj
 0001:000285ce       ?FS_CreatePath@@YAXPAD@Z   004295ce f   files.obj
 0001:00028618       ?FS_CopyFile@@YAXPAD0@Z    00429618 f   files.obj
 0001:0002871b       ?FS_CopyFiles@@YAXPAD0@Z   0042971b f   files.obj
 0001:000287f4       ?FS_RemoveFiles@@YAXPAD@Z  004297f4 f   files.obj
 0001:00028868       ?FS_FCloseFile@@YAXPAU_iobuf@@@Z 00429868 f   files.obj
 0001:000288fc       ?FS_FOpenFile@@YAHPBDPAPAU_iobuf@@@Z 004298fc f   files.obj
 0001:00028e32       ?FS_FileExists@@YA_NPAD@Z  00429e32 f   files.obj
 0001:0002904f       ?FS_Read@@YAXPAXHPAU_iobuf@@@Z 0042a04f f   files.obj
 0001:000292e8       ?FS_LoadFile@@YAPAXPBDPAI@Z 0042a2e8 f   files.obj
 0001:0002933d       ?FS_FreeFile@@YAXPAX@Z     0042a33d f   files.obj
 0001:00029348       ?FS_Gamedir@@YAPADXZ       0042a348 f   files.obj
 0001:0002935c       ?FS_LoadGameConfig@@YAXXZ  0042a35c f   files.obj
 0001:00029421       ?FS_SetGamedir@@YA_NPBD@Z  0042a421 f   files.obj
 0001:00029ac8       ?FS_ListFiles@@YAPAUbasenamed_s@@PADPAHH@Z 0042aac8 f   files.obj
 0001:00029ddb       ?FS_NextPath@@YAPADPBD@Z   0042addb f   files.obj
 0001:00029dff       ?FS_InitFilesystem@@YAXXZ  0042adff f   files.obj
 0001:0002a7aa       ?LoadPCX@@YAXPBDPAPAE1PAH2@Z 0042b7aa f   images.obj
 0001:0002a8ee       ?LoadTGA@@YAXPBDPAPAEPAH2@Z 0042b8ee f   images.obj
 0001:0002aae6       ?LoadJPG@@YAXPBDPAPAEPAH2@Z 0042bae6 f   images.obj
 0001:0002ad75       ?ImageExists@@YAHPBDH@Z    0042bd75 f   images.obj
 0001:0002ae6f       ?WriteTGA@@YA_NPBDPAEHH@Z  0042be6f f   images.obj
 0001:0002b056       ?WriteJPG@@YA_NPBDPAEHH_N@Z 0042c056 f   images.obj
 0001:0002b17d       ?MD4Init@@YAXPAUMD4_CTX@@@Z 0042c17d f   md4.obj
 0001:0002b1a5       ?MD4Update@@YAXPAUMD4_CTX@@PAEI@Z 0042c1a5 f   md4.obj
 0001:0002b243       ?MD4Final@@YAXQAEPAUMD4_CTX@@@Z 0042c243 f   md4.obj
 0001:0002b934       ?Com_BlockChecksum@@YAIPAXH@Z 0042c934 f   md4.obj
 0001:0002b970       ?appFree@@YAXPAX@Z         0042c970 f   memory.obj
 0001:0002b9c4       ?appMalloc@@YAPAXH@Z       0042c9c4 f   memory.obj
 0001:0002ba32       ?CreateMemoryChain@@YAPAXXZ 0042ca32 f   memory.obj
 0001:0002ba9c       ?FreeMemoryChain@@YAXPAX@Z 0042ca9c f   memory.obj
 0001:0002bac6       ?AllocChainBlock@@YAPAXPAXH@Z 0042cac6 f   memory.obj
 0001:0002bb11       ?CopyString@@YAPADPBD@Z    0042cb11 f   memory.obj
 0001:0002bb40       ?ChainCopyString@@YAPADPBDPAX@Z 0042cb40 f   memory.obj
 0001:0002bb74       ?AllocNamedStruc@@YAPAUbasenamed_s@@HPAD@Z 0042cb74 f   memory.obj
 0001:0002bbaf       ?ChainAllocNamedStruc@@YAPAUbasenamed_s@@HPADPAX@Z 0042cbaf f   memory.obj
 0001:0002bbee       ?FindNamedStruc@@YAPAUbasenamed_s@@PADPAU1@PAPAU1@@Z 0042cbee f   memory.obj
 0001:0002bc32       ?FindNamedStrucByIndex@@YAPAUbasenamed_s@@PAU1@H@Z 0042cc32 f   memory.obj
 0001:0002bc49       ?IndexOfNamedStruc@@YAHPADPAUbasenamed_s@@@Z 0042cc49 f   memory.obj
 0001:0002bc77       ?AddToNamedList@@YAPAUbasenamed_s@@PADPAU1@@Z 0042cc77 f   memory.obj
 0001:0002bcc1       ?ChainAddToNamedList@@YAPAUbasenamed_s@@PADPAU1@PAX@Z 0042ccc1 f   memory.obj
 0001:0002bd0b       ?FreeNamedList@@YAXPAUbasenamed_s@@@Z 0042cd0b f   memory.obj
 0001:0002bd26       ?Mem_Init@@YAXXZ           0042cd26 f   memory.obj
 0001:0002bd55       ?LoadQ2BspFile@@YAXXZ      0042cd55 f   model.obj
 0001:0002c12e       ?LoadBspFile@@YAPAUbspfile_t@@PBD_NPAI@Z 0042d12e f   model.obj
 0001:0002c2cd       ?ProcessEntstring@@YAPADPAD@Z 0042d2cd f   model.obj
 0001:0002d12f       ?Netchan_Init@@YAXXZ       0042e12f f   net_chan.obj
 0001:0002d18f       ?Netchan_OutOfBand@@YAXW4netsrc_t@@Unetadr_t@@HPAX@Z 0042e18f f   net_chan.obj
 0001:0002d1ef       ?Netchan_OutOfBandPrint@@YAXW4netsrc_t@@Unetadr_t@@PADZZ 0042e1ef f   net_chan.obj
 0001:0002d234       ?Netchan_Setup@@YAXW4netsrc_t@@PAUnetchan_t@@Unetadr_t@@H@Z 0042e234 f   net_chan.obj
 0001:0002d28d       ?Netchan_NeedReliable@@YA_NPAUnetchan_t@@@Z 0042e28d f   net_chan.obj
 0001:0002d2b7       ?Netchan_Transmit@@YAXPAUnetchan_t@@HPAX@Z 0042e2b7 f   net_chan.obj
 0001:0002d45d       ?Netchan_Process@@YA_NPAUnetchan_t@@PAUsizebuf_s@@@Z 0042e45d f   net_chan.obj
 0001:0002d583       ?Pmove@@YAXPAUpmove_t@@@Z  0042e583 f   pmove.obj
 0001:0002f31d       ?NormalizeColor@@YAMQBMQAM@Z 0043031d f   q_shared2.obj
 0001:0002f37e       ?NormalizeColor255@@YAMQBMQAM@Z 0043037e f   q_shared2.obj
 0001:0002f3e3       ?Q_rsqrt@@YAMM@Z           004303e3 f   q_shared2.obj
 0001:0002f413       ?RotatePointAroundVector@@YAXQAMQBM1M@Z 00430413 f   q_shared2.obj
 0001:0002f57b       ?AngleVectors@@YAXQBMQAM11@Z 0043057b f   q_shared2.obj
 0001:0002f6dc       ?ProjectPointOnPlane@@YAXQAMQBM1@Z 004306dc f   q_shared2.obj
 0001:0002f75b       ?PerpendicularVector@@YAXQAMQBM@Z 0043075b f   q_shared2.obj
 0001:0002f7c4       ?MakeNormalVectors@@YAXQAM00@Z 004307c4 f   q_shared2.obj
 0001:0002f82b       ?MatrixMultiply@@YAXQAY02M00@Z 0043082b f   q_shared2.obj
 0001:0002f912       ?SetPlaneSignbits@@YAXPAUcplane_t@@@Z 00430912 f   q_shared2.obj
 0001:0002f935       ?LerpAngle@@YAMMMM@Z       00430935 f   q_shared2.obj
 0001:0002f978       ?anglemod@@YAMM@Z          00430978 f   q_shared2.obj
 0001:0002f9a4       ?BoxOnPlaneSide@@YAHQBM0PBUcplane_t@@@Z 004309a4 f   q_shared2.obj
 0001:0002fac7       ?ClearBounds@@YAXQAM0@Z    00430ac7 f   q_shared2.obj
 0001:0002faf0       ?AddPointToBounds@@YAXQBMQAM1@Z 00430af0 f   q_shared2.obj
 0001:0002fb29       ?VectorCompare@@YA_NQBM0@Z 00430b29 f   q_shared2.obj
 0001:0002fb56       ?VectorNormalize@@YAMQAM@Z 00430b56 f   q_shared2.obj
 0001:0002fbaf       ?VectorNormalize2@@YAMQBMQAM@Z 00430baf f   q_shared2.obj
 0001:0002fc0a       ?VectorNormalizeFast@@YAMQAM@Z 00430c0a f   q_shared2.obj
 0001:0002fc5d       ?CrossProduct@@YAXQBM0QAM@Z 00430c5d f   q_shared2.obj
 0001:0002fc98       ?VectorLength@@YAMQBM@Z    00430c98 f   q_shared2.obj
 0001:0002fcc7       ?VectorDistance@@YAMQBM0@Z 00430cc7 f   q_shared2.obj
 0001:0002fcf8       ?VectorInverse@@YAXQAM@Z   00430cf8 f   q_shared2.obj
 0001:0002fd13       ?VectorScale@@YAXQBMMQAM@Z 00430d13 f   q_shared2.obj
 0001:0002fd37       ?AnglesToAxis@@YAXQBMQAY02M@Z 00430d37 f   q_shared2.obj
 0001:0002fd75       ?COM_FilePath@@YAXPAD0@Z   00430d75 f   q_shared2.obj
 0001:0002fdab       ?ShortSwap@@YAFF@Z         00430dab f   q_shared2.obj
 0001:0002fdc0       ?COM_Parse@@YAPADAAPBD_N@Z 00430dc0 f   q_shared2.obj
 0001:0002fee4       ?COM_QuoteString@@YAPBDPBD_N@Z 00430ee4 f   q_shared2.obj
 0001:0002ff3f       ?Com_PageInMemory@@YAXPAXH@Z 00430f3f f   q_shared2.obj
 0001:0002ff5e       ?appStrncpyz@@YAXPADPBDH@Z 00430f5e f   q_shared2.obj
 0001:0002ff82       ?Q_strncpylower@@YAXPADPBDH@Z 00430f82 f   q_shared2.obj
 0001:0002ffbc       ?Q_CopyFilename@@YAXPADPBDH@Z 00430fbc f   q_shared2.obj
 0001:00030058       ?Info_ValueForKey@@YAPADPAD0@Z 00431058 f   q_shared2.obj
 0001:000300e3       ?Info_RemoveKey@@YAXPAD0@Z 004310e3 f   q_shared2.obj
 0001:00030169       ?Info_SetValueForKey@@YAXPAD00@Z 00431169 f   q_shared2.obj
 0001:000302a1       ?Zip_OpenArchive@@YAPAU_iobuf@@PAD@Z 004312a1 f   zip.obj
 0001:0003030c       ?Zip_CloseArchive@@YAXPAU_iobuf@@@Z 0043130c f   zip.obj
 0001:00030318       ?Zip_EnumArchive@@YA_NPAU_iobuf@@P6A_NPAUzipFile_t@@@Z@Z 00431318 f   zip.obj
 0001:000304f5       ?Zip_OpenFile@@YAPAUZFILE@@PAU_iobuf@@PAUzipFile_t@@@Z 004314f5 f   zip.obj
 0001:000305d4       ?Zip_ReadFile@@YAHPAUZFILE@@PAXH@Z 004315d4 f   zip.obj
 0001:000306ca       ?Zip_CloseFile@@YA_NPAUZFILE@@@Z 004316ca f   zip.obj
 0001:0003070e       ?Zip_OpenBuf@@YAPAUZBUF@@PAXH@Z 0043170e f   zip.obj
 0001:0003074a       ?Zip_ReadBuf@@YAHPAUZBUF@@PAXH@Z 0043174a f   zip.obj
 0001:00030792       ?Zip_CloseBuf@@YAXPAUZBUF@@@Z 00431792 f   zip.obj
 0001:000307a7       ?CDAudio_Play2@@YAXH_N@Z   004317a7 f   cd_win.obj
 0001:00030986       ?CDAudio_Play@@YAXH_N@Z    00431986 f   cd_win.obj
 0001:0003099d       ?CDAudio_Stop@@YAXXZ       0043199d f   cd_win.obj
 0001:000309e2       ?CDAudio_Pause@@YAXXZ      004319e2 f   cd_win.obj
 0001:00030a3b       ?CDAudio_Resume@@YAXXZ     00431a3b f   cd_win.obj
 0001:00030aaa       ?CDAudio_MessageHandler@@YAJPAUHWND__@@IIJ@Z 00431aaa f   cd_win.obj
 0001:00030b41       ?CDAudio_Update@@YAXXZ     00431b41 f   cd_win.obj
 0001:00030b75       ?CDAudio_Init@@YAHXZ       00431b75 f   cd_win.obj
 0001:00030f27       ?CDAudio_Shutdown@@YAXXZ   00431f27 f   cd_win.obj
 0001:00030f5a       ?CDAudio_Activate@@YAX_N@Z 00431f5a f   cd_win.obj
 0001:00030f6b       ?IN_MouseEvent@@YAXH@Z     00431f6b f   in_win.obj
 0001:00030fd5       ?IN_Commands@@YAXXZ        00431fd5 f   in_win.obj
 0001:00031106       ?IN_Init@@YAXXZ            00432106 f   in_win.obj
 0001:0003144c       ?IN_Shutdown@@YAXXZ        0043244c f   in_win.obj
 0001:00031530       ?IN_Move@@YAXPAUusercmd_t@@@Z 00432530 f   in_win.obj
 0001:00031a32       ?IN_Activate@@YAX_N@Z      00432a32 f   in_win.obj
 0001:00031a3c       ?IN_Frame@@YAXXZ           00432a3c f   in_win.obj
 0001:00031e46       ?NetadrToSockadr@@YAXPAUnetadr_t@@PAUsockaddr@@@Z 00432e46 f   net_wins.obj
 0001:00031ecb       ?SockadrToNetadr@@YAXPAUsockaddr@@PAUnetadr_t@@@Z 00432ecb f   net_wins.obj
 0001:00031f1b       ?NET_CompareAdr@@YA_NPAUnetadr_t@@0@Z 00432f1b f   net_wins.obj
 0001:00031f7b       ?NET_CompareBaseAdr@@YA_NPAUnetadr_t@@0@Z 00432f7b f   net_wins.obj
 0001:00031fd1       ?NET_AdrToString@@YAPADPAUnetadr_t@@@Z 00432fd1 f   net_wins.obj
 0001:0003208a       ?NET_StringToSockaddr@@YA_NPADPAUsockaddr@@@Z 0043308a f   net_wins.obj
 0001:000322c2       ?NET_StringToAdr@@YA_NPADPAUnetadr_t@@@Z 004332c2 f   net_wins.obj
 0001:00032314       ?NET_IsLocalAddress@@YA_NPAUnetadr_t@@@Z 00433314 f   net_wins.obj
 0001:00032320       ?NET_GetLoopPacket@@YA_NW4netsrc_t@@PAUnetadr_t@@PAUsizebuf_s@@@Z 00433320 f   net_wins.obj
 0001:000323ac       ?NET_SendLoopPacket@@YAXW4netsrc_t@@HPAXUnetadr_t@@@Z 004333ac f   net_wins.obj
 0001:00032401       ?NET_GetPacket@@YA_NW4netsrc_t@@PAUnetadr_t@@PAUsizebuf_s@@@Z 00433401 f   net_wins.obj
 0001:0003251f       ?NET_SendPacket@@YAXW4netsrc_t@@HPAXUnetadr_t@@@Z 0043351f f   net_wins.obj
 0001:000325f0       ?NET_IPSocket@@YAHPADH@Z   004335f0 f   net_wins.obj
 0001:00032705       ?NET_OpenIP@@YAXXZ         00433705 f   net_wins.obj
 0001:00032781       ?NET_OpenIPX@@YAXXZ        00433781 f   net_wins.obj
 0001:000328c1       ?NET_Config@@YAX_N@Z       004338c1 f   net_wins.obj
 0001:00032965       ?NET_Init@@YAXXZ           00433965 f   net_wins.obj
 0001:000329d1       ?Hunk_Begin@@YAPAXH@Z      004339d1 f   q_shwin.obj
 0001:00032a05       ?Hunk_Alloc@@YAPAXH@Z      00433a05 f   q_shwin.obj
 0001:00032a64       ?Hunk_End@@YAHXZ           00433a64 f   q_shwin.obj
 0001:00032a6a       ?Hunk_Free@@YAXPAX@Z       00433a6a f   q_shwin.obj
 0001:00032a83       ?Sys_Milliseconds@@YAHXZ   00433a83 f   q_shwin.obj
 0001:00032ab4       ?Sys_Mkdir@@YAXPAD@Z       00433ab4 f   q_shwin.obj
 0001:00032ac0       ?Sys_FindFirst@@YAPADPADH@Z 00433ac0 f   q_shwin.obj
 0001:00032b5a       ?Sys_FindNext@@YAPADXZ     00433b5a f   q_shwin.obj
 0001:00032bc4       ?Sys_FindClose@@YAXXZ      00433bc4 f   q_shwin.obj
 0001:00032bde       ?SNDDMA_Init@@YA_NXZ       00433bde f   snd_win.obj
 0001:0003321d       ?SNDDMA_GetDMAPos@@YAHXZ   0043421d f   snd_win.obj
 0001:00033267       ?SNDDMA_BeginPainting@@YAXXZ 00434267 f   snd_win.obj
 0001:0003337f       ?SNDDMA_Submit@@YAXXZ      0043437f f   snd_win.obj
 0001:000333a4       ?SNDDMA_Shutdown@@YAXXZ    004343a4 f   snd_win.obj
 0001:000333a9       ?S_Activate@@YAX_N@Z       004343a9 f   snd_win.obj
 0001:000333d4       ?Sys_Quit@@YAXXZ           004343d4 f   sys_win.obj
 0001:0003348f       ?Sys_Error@@YAXPBDZZ       0043448f f   sys_win.obj
 0001:000334ef       ?osAddressInfo@@YA_NIPADHPAH@Z 004344ef f   sys_win.obj
 0001:00033583       ?osModuleInfo@@YA_NIPADHPAH@Z 00434583 f   sys_win.obj
 0001:0003372b       ?appSymbolName@@YA_NIPADH@Z 0043472b f   sys_win.obj
 0001:000337ab       ?appSymbolName@@YAPADI@Z   004347ab f   sys_win.obj
 0001:000337dd       ?win32ExceptFilter@@YAHPAU_EXCEPTION_POINTERS@@@Z 004347dd f   sys_win.obj
 0001:00033d95       ?win32ExceptFilter2@@YAHXZ 00434d95 f   sys_win.obj
 0001:00033da1       ?Sys_Init@@YAXXZ           00434da1 f   sys_win.obj
 0001:000340ea       ?Sys_ConsoleInput@@YAPADXZ 004350ea f   sys_win.obj
 0001:000343a1       ?Sys_ConsoleOutput@@YAXPAD@Z 004353a1 f   sys_win.obj
 0001:0003442f       ?Sys_SendKeyEvents@@YAXXZ  0043542f f   sys_win.obj
 0001:0003451b       ?Sys_UnloadGame@@YAXXZ     0043551b f   sys_win.obj
 0001:00034596       ?Sys_GetGameAPI@@YAPAXPAX@Z 00435596 f   sys_win.obj
 0001:000346ed       _WinMain@16                004356ed f   sys_win.obj
 0001:00034964       ?Vid_CreateWindow@@YAPAXHH_N@Z 00435964 f   vid_dll.obj
 0001:0003518d       ?Vid_DestroyWindow@@YAX_N@Z 0043618d f   vid_dll.obj
 0001:000351c8       ?Vid_GetModeInfo@@YA_NPAH0H@Z 004361c8 f   vid_dll.obj
 0001:000351f6       ?Vid_UpdateWindowPosAndSize@@YAXHH@Z 004361f6 f   vid_dll.obj
 0001:0003525d       ?Vid_FreeReflib@@YAXXZ     0043625d f   vid_dll.obj
 0001:00035297       ?Vid_CheckChanges@@YAXXZ   00436297 f   vid_dll.obj
 0001:00035680       ?Vid_Init@@YAXXZ           00436680 f   vid_dll.obj
 0001:00035771       ?Vid_Shutdown@@YAXXZ       00436771 f   vid_dll.obj
 0001:0003579f       ?Vid_MenuInit@@YAXXZ       0043679f f   vid_menu.obj
 0001:00035ff5       ?Vid_MenuDraw@@YAXXZ       00436ff5 f   vid_menu.obj
 0001:00036089       ?Vid_MenuKey@@YAPBDH@Z     00437089 f   vid_menu.obj
 0001:000363f4       ?GL_BackEnd@@YAXXZ         004373f4 f   gl_backend.obj
 0001:0003999d       ?GL_InitBackend@@YAXXZ     0043a99d f   gl_backend.obj
 0001:000399e0       ?GL_ShutdownBackend@@YAXXZ 0043a9e0 f   gl_backend.obj
 0001:000399f4       ?GL_AllocDynamicMemory@@YAPAXH@Z 0043a9f4 f   gl_buffers.obj
 0001:00039a5d       ?GL_ResizeDynamicMemory@@YAXPAXH@Z 0043aa5d f   gl_buffers.obj
 0001:00039a9f       ?GL_AddSurfaceToPortal@@YAXPAUsurfaceCommon_s@@PAUshader_s@@HH@Z 0043aa9f f   gl_buffers.obj
 0001:00039b08       ?GL_AddDynamicSurface@@YAPAUsurfaceCommon_s@@PAUshader_s@@H@Z 0043ab08 f   gl_buffers.obj
 0001:00039b30       ?GL_InsertShaderIndex@@YAXH@Z 0043ab30 f   gl_buffers.obj
 0001:00039b63       ?GL_ClearPortal@@YAXXZ     0043ab63 f   gl_buffers.obj
 0001:00039b7f       ?GL_FinishPortal@@YAXXZ    0043ab7f f   gl_buffers.obj
 0001:00039bd0       ?GL_SortSurfaces@@YAXPAUviewPortal_s@@PAPAUsurfaceInfo_s@@@Z 0043abd0 f   gl_buffers.obj
 0001:00039d62       ?GL_ClearBuffers@@YAXXZ    0043ad62 f   gl_buffers.obj
 0001:00039d79       ?GL_AddEntity@@YAXPAUentity_s@@@Z 0043ad79 f   gl_frontend.obj
 0001:0003a1ed       ?GL_AddDlight@@YAXPAUdlight_t@@@Z 0043b1ed f   gl_frontend.obj
 0001:0003a3a5       ?GL_DrawPortal@@YAXXZ      0043b3a5 f   gl_frontend.obj
 0001:0003ce8e       ?GL_TextureMode@@YAXPAD@Z  0043de8e f   gl_image.obj
 0001:0003cf36       ?GL_CreateImage@@YAPAUimage_s@@PBDPAXHHH@Z 0043df36 f   gl_image.obj
 0001:0003dd1b       ?GL_SetRawPalette@@YAXPBE@Z 0043ed1b f   gl_image.obj
 0001:0003dd4c       ?GL_DrawStretchRaw8@@YAXHHHHHHPAE@Z 0043ed4c f   gl_image.obj
 0001:0003e141       ?GL_SetupGamma@@YAXXZ      0043f141 f   gl_image.obj
 0001:0003e286       ?GL_PerformScreenshot@@YAXXZ 0043f286 f   gl_image.obj
 0001:0003e50e       ?GL_InitImages@@YAXXZ      0043f50e f   gl_image.obj
 0001:0003ebf1       ?GL_ShutdownImages@@YAXXZ  0043fbf1 f   gl_image.obj
 0001:0003ec58       ?GL_LoadDelayedImages@@YAXXZ 0043fc58 f   gl_image.obj
 0001:0003ecd5       ?GL_ShowImages@@YAXXZ      0043fcd5 f   gl_image.obj
 0001:0003ef5d       ?GL_FindImage@@YAPAUimage_s@@PBDH@Z 0043ff5d f   gl_image.obj
 0001:0003f2ea       ?GL_Lock@@YAXXZ            004402ea f   gl_interface.obj
 0001:0003f362       ?GL_Unlock@@YAXXZ          00440362 f   gl_interface.obj
 0001:0003f524       ?GL_Bind@@YAXPAUimage_s@@@Z 00440524 f   gl_interface.obj
 0001:0003f64e       ?GL_BindForce@@YAXPAUimage_s@@@Z 0044064e f   gl_interface.obj
 0001:0003f6cc       ?GL_TexEnv@@YAXI@Z         004406cc f   gl_interface.obj
 0001:0003f84b       ?GL_TexMipBias@@YAXM@Z     0044084b f   gl_interface.obj
 0001:0003f8a6       ?GL_TexEnvColor@@YAXPATcolor_t@@@Z 004408a6 f   gl_interface.obj
 0001:0003f956       ?GL_SelectTexture@@YAXH@Z  00440956 f   gl_interface.obj
 0001:0003f9b7       ?GL_TexCoordPointer@@YAXPAX@Z 004409b7 f   gl_interface.obj
 0001:0003f9e7       ?GL_SetMultitexture@@YAXH@Z 004409e7 f   gl_interface.obj
 0001:0003facd       ?GL_DisableTexCoordArrays@@YAXXZ 00440acd f   gl_interface.obj
 0001:0003fb21       ?GL_CullFace@@YAXW4gl_cullMode_t@@@Z 00440b21 f   gl_interface.obj
 0001:0003fb72       ?GL_DepthRange@@YAXW4gl_depthMode_t@@@Z 00440b72 f   gl_interface.obj
 0001:0003fba5       ?GL_State@@YAXI@Z          00440ba5 f   gl_interface.obj
 0001:0003fcfe       ?GL_EnableFog@@YAX_N@Z     00440cfe f   gl_interface.obj
 0001:0003fdf6       ?GL_SetDefaultState@@YAXXZ 00440df6 f   gl_interface.obj
 0001:0003ff44       ?GL_Set2DMode@@YAXXZ       00440f44 f   gl_interface.obj
 0001:0004003f       ?GL_Setup@@YAXPAUviewPortal_s@@@Z 0044103f f   gl_interface.obj
 0001:00040127       ?GL_ShowLights@@YAXXZ      00441127 f   gl_light.obj
 0001:0004054c       ?GL_LightForEntity@@YAXPAUrefEntity_s@@@Z 0044154c f   gl_light.obj
 0001:000417b3       ?GL_DiffuseLight@@YAXPATcolor_t@@M@Z 004427b3 f   gl_light.obj
 0001:0004192b       ?GL_InitLightGrid@@YAXXZ   0044292b f   gl_light.obj
 0001:000419c7       ?GL_PostLoadLights@@YAXXZ  004429c7 f   gl_light.obj
 0001:00041c65       ?LM_Init@@YAXXZ            00442c65 f   gl_lightmap.obj
 0001:00041c7b       ?LM_Flush@@YAXPAUlightmapBlock_t@@@Z 00442c7b f   gl_lightmap.obj
 0001:00041cd8       ?LM_Done@@YAXXZ            00442cd8 f   gl_lightmap.obj
 0001:00041cff       ?LM_Save@@YAXPAUlightmapBlock_t@@@Z 00442cff f   gl_lightmap.obj
 0001:00041d17       ?LM_Restore@@YAXPAUlightmapBlock_t@@@Z 00442d17 f   gl_lightmap.obj
 0001:00041d2f       ?LM_NewBlock@@YAPAUlightmapBlock_t@@XZ 00442d2f f   gl_lightmap.obj
 0001:00041d9b       ?LM_Rewind@@YAXXZ          00442d9b f   gl_lightmap.obj
 0001:00041da3       ?LM_NextBlock@@YAPAUlightmapBlock_t@@XZ 00442da3 f   gl_lightmap.obj
 0001:00041dd0       ?LM_CheckMinlight@@YAXPAUdynamicLightmap_s@@@Z 00442dd0 f   gl_lightmap.obj
 0001:00041e66       ?LM_AllocBlock@@YA_NPAUlightmapBlock_t@@PAUdynamicLightmap_s@@@Z 00442e66 f   gl_lightmap.obj
 0001:00041f1d       ?LM_PutBlock@@YAXPAUdynamicLightmap_s@@@Z 00442f1d f   gl_lightmap.obj
 0001:0004234a       ?LM_SortLightStyles@@YAXPAUdynamicLightmap_s@@@Z 0044334a f   gl_lightmap.obj
 0001:000423db       ?GL_UpdateDynamicLightmap@@YAXPAUshader_s@@PAUsurfacePlanar_s@@_NI@Z 004433db f   gl_lightmap.obj
 0001:000428d7       ?LM_IsMonotone@@YA_NPAUdynamicLightmap_s@@PATcolor_t@@@Z 004438d7 f   gl_lightmap.obj
 0001:000429de       ?GL_EnableRendering@@YAX_N@Z 004439de f   gl_main.obj
 0001:000429f9       ?GL_DrawStretchPic@@YAXPAUshader_s@@HHHHMMMMI@Z 004439f9 f   gl_main.obj
 0001:00042abf       ?DrawTextLeft@@YAXPBDI@Z   00443abf f   gl_main.obj
 0001:00042c2d       ?DrawTextRight@@YAXPBDI@Z  00443c2d f   gl_main.obj
 0001:00042c77       ?DrawText3D@@YAXQAMPBDI@Z  00443c77 f   gl_main.obj
 0001:00042ca4       _GL_GetRefAPI              00443ca4 f   gl_main.obj
 0001:000444ff       ?GL_InitFuncTables@@YAXXZ  004454ff f   gl_math.obj
 0001:000446b0       ?ModelToWorldCoord@@YAXQAMPAUrefEntity_s@@0@Z 004456b0 f   gl_math.obj
 0001:00044721       ?WorldToModelCoord@@YAXQAMPAUrefEntity_s@@0@Z 00445721 f   gl_math.obj
 0001:00044768       ?BuildRotationMatrix@@YAXQAY02MQAMM@Z 00445768 f   gl_math.obj
 0001:00044862       ?GetBoxRect@@YA_NPAUrefEntity_s@@QAM11_N@Z 00445862 f   gl_math.obj
 0001:00044bd3       ?ProjectToScreen@@YA_NQAMPAH@Z 00445bd3 f   gl_math.obj
 0001:00044d16       ?SaturateColor3f@@YAXQAM@Z 00445d16 f   gl_math.obj
 0001:00044e06       ?SaturateColor4b@@YAXPATcolor_t@@@Z 00445e06 f   gl_math.obj
 0001:00044f14       ?GL_FindModel@@YAPAUmodel_s@@PBD@Z 00445f14 f   gl_model.obj
 0001:0004508e       ?GL_LoadWorldMap@@YAXPBD@Z 0044608e f   gl_model.obj
 0001:00046c40       ?GL_PointInLeaf@@YAPAUnode_s@@QAM@Z 00447c40 f   gl_model.obj
 0001:000478c2       ?ATAN2_FUNC@@YAMMM@Z       004488c2 f i gl_model.obj
 0001:00047a6d       ?GL_FindSkin@@YAPAUshader_s@@PBD@Z 00448a6d f   gl_model.obj
 0001:00047bcc       ?GL_ResetModels@@YAXXZ     00448bcc f   gl_model.obj
 0001:00047c95       ?GL_InitModels@@YAXXZ      00448c95 f   gl_model.obj
 0001:00047d7d       ?GL_ShutdownModels@@YAXXZ  00448d7d f   gl_model.obj
 0001:00047d93       ?SubdividePlane@@YAHPAPAY02MHM@Z 00448d93 f   gl_poly.obj
 0001:000481dd       ?FreeSubdividedPlane@@YAXXZ 004491dd f   gl_poly.obj
 0001:000481f5       ?GetSubdivideIndexes@@YAXPAH@Z 004491f5 f   gl_poly.obj
 0001:00048248       ?RemoveCollinearPoints@@YAHPAPAY02MH@Z 00449248 f   gl_poly.obj
 0001:00048343       ?GetPolyArea@@YAMPAPAY02MH@Z 00449343 f   gl_poly.obj
 0001:000483d7       ?GL_InitShaders@@YAXXZ     004493d7 f   gl_shader.obj
 0001:00048528       ?GL_ShutdownShaders@@YAXXZ 00449528 f   gl_shader.obj
 0001:00048552       ?GetLightmapImage@@YAPAUimage_s@@H@Z 00449552 f   gl_shader.obj
 0001:0004857a       ?GL_SetShaderLightmap@@YAPAUshader_s@@PAU1@H@Z 0044957a f   gl_shader.obj
 0001:0004894f       ?GL_SetShaderLightstyles@@YAPAUshader_s@@PAU1@H@Z 0044994f f   gl_shader.obj
 0001:000489eb       ?GL_GetAlphaShader@@YAPAUshader_s@@PAU1@@Z 004499eb f   gl_shader.obj
 0001:00048cb1       ?GL_FindShader@@YAPAUshader_s@@PBDH@Z 00449cb1 f   gl_shader.obj
 0001:000492cf       ?GL_GetShaderByNum@@YAPAUshader_s@@H@Z 0044a2cf f   gl_shader.obj
 0001:000492ed       ?GL_ResetShaders@@YAXXZ    0044a2ed f   gl_shader.obj
 0001:000497a7       ?GL_ClearSkyBox@@YAXXZ     0044a7a7 f   gl_sky.obj
 0001:000497be       ?GL_SetSkyRotate@@YAXMQAM@Z 0044a7be f   gl_sky.obj
 0001:000497f6       ?GL_SkyVisible@@YA_NXZ     0044a7f6 f   gl_sky.obj
 0001:0004980f       ?GL_AddSkySurface@@YAXPAUsurfacePlanar_s@@QAME@Z 0044a80f f   gl_sky.obj
 0001:00049e1e       ?GL_TesselateSkySide@@YAHHPAUbufVertex_t@@PAUbufTexCoord_t@@M@Z 0044ae1e f   gl_sky.obj
 0001:0004b739       ?QGL_Shutdown@@YAXXZ       0044c739 f   qgl_win.obj
 0001:0004b777       ?QGL_Init@@YA_NPBD@Z       0044c777 f   qgl_win.obj
 0001:0004b7fa       ?QGL_InitExtensions@@YAXXZ 0044c7fa f   qgl_win.obj
 0001:0004bce6       ?QGL_PrintExtensionsString@@YAXPBD00@Z 0044cce6 f   qgl_win.obj
 0001:0004be36       ?QGL_EnableLogging@@YAX_N@Z 0044ce36 f   qgl_win.obj
 0001:0004beed       ?QGL_LogMessage@@YAXPBD@Z  0044ceed f   qgl_win.obj
 0001:0004bf04       ?GLimp_SetMode@@YA?AW4rserr_t@@PAI0H_N@Z 0044cf04 f   glw_imp.obj
 0001:0004c197       ?GLimp_HasGamma@@YA_NXZ    0044d197 f   glw_imp.obj
 0001:0004c1ab       ?GLimp_SetGamma@@YAXM@Z    0044d1ab f   glw_imp.obj
 0001:0004c353       ?GLimp_Init@@YAHXZ         0044d353 f   glw_imp.obj
 0001:0004c69b       ?GLimp_Shutdown@@YAXXZ     0044d69b f   glw_imp.obj
 0001:0004c743       ?GLimp_EndFrame@@YAXXZ     0044d743 f   glw_imp.obj
 0001:0004c7c4       ?GLimp_AppActivate@@YAX_N@Z 0044d7c4 f   glw_imp.obj
 0001:0004c834       ?R_Alias_clip_z@@YAXPAUfinalvert_s@@00@Z 0044d834 f   r_aclip.obj
 0001:0004c8f6       ?R_Alias_clip_left@@YAXPAUfinalvert_s@@00@Z 0044d8f6 f   r_aclip.obj
 0001:0004cb02       ?R_Alias_clip_right@@YAXPAUfinalvert_s@@00@Z 0044db02 f   r_aclip.obj
 0001:0004cd0e       ?R_Alias_clip_top@@YAXPAUfinalvert_s@@00@Z 0044dd0e f   r_aclip.obj
 0001:0004cf22       ?R_Alias_clip_bottom@@YAXPAUfinalvert_s@@00@Z 0044df22 f   r_aclip.obj
 0001:0004d136       ?R_AliasClip@@YAHPAUfinalvert_s@@0HHP6AX000@Z@Z 0044e136 f   r_aclip.obj
 0001:0004d206       ?R_AliasClipTriangle@@YAXPAUfinalvert_s@@00@Z 0044e206 f   r_aclip.obj
 0001:0004d3f8       ?R_AliasCheckFrameBBox@@YAKPAUdAliasFrame_t@@QAY03M@Z 0044e3f8 f   r_alias.obj
 0001:0004d527       ?R_AliasCheckBBox@@YAHXZ   0044e527 f   r_alias.obj
 0001:0004d58b       ?R_AliasTransformVector@@YAXQAM0QAY03M@Z 0044e58b f   r_alias.obj
 0001:0004d5e7       ?R_AliasPreparePoints@@YAXXZ 0044e5e7 f   r_alias.obj
 0001:0004d87f       ?R_AliasSetUpTransform@@YAXXZ 0044e87f f   r_alias.obj
 0001:0004db3b       ?R_AliasTransformFinalVerts@@YAXHPAUfinalvert_s@@PAUdTriVertx_t@@1@Z 0044eb3b f   r_alias.obj
 0001:0004dd0a       ?R_AliasProjectAndClipTestFinalVert@@YAXPAUfinalvert_s@@@Z 0044ed0a f   r_alias.obj
 0001:0004ddb9       ?R_AliasSetupLighting@@YAXXZ 0044edb9 f   r_alias.obj
 0001:0004df23       ?R_AliasSetupFrames@@YAXPAUdmdl_t@@@Z 0044ef23 f   r_alias.obj
 0001:0004df97       ?R_AliasSetUpLerpData@@YAXPAUdmdl_t@@M@Z 0044ef97 f   r_alias.obj
 0001:0004e0bf       ?R_AliasDrawModel@@YAXXZ   0044f0bf f   r_alias.obj
 0001:0004e354       ?R_EntityRotate@@YAXQAM@Z  0044f354 f   r_bsp.obj
 0001:0004e3d0       ?R_RotateBmodel@@YAXXZ     0044f3d0 f   r_bsp.obj
 0001:0004e52b       ?R_RecursiveClipBPoly@@YAXPAUbedge_s@@PAUmnode_s@@PAUmsurface_s@@@Z 0044f52b f   r_bsp.obj
 0001:0004e85b       ?R_DrawSolidClippedSubmodelPolygons@@YAXPAUmodel_s@@PAUmnode_s@@@Z 0044f85b f   r_bsp.obj
 0001:0004e9e2       ?R_DrawSubmodelPolygons@@YAXPAUmodel_s@@HPAUmnode_s@@@Z 0044f9e2 f   r_bsp.obj
 0001:0004ea72       ?R_RecursiveWorldNode@@YAXPAUmnode_s@@H@Z 0044fa72 f   r_bsp.obj
 0001:0004eca4       ?R_RenderWorld@@YAXXZ      0044fca4 f   r_bsp.obj
 0001:0004ed14       ?Draw_FindPic@@YAPAUimage_s@@PBD@Z 0044fd14 f   r_draw.obj
 0001:0004edb0       ?Draw_InitLocal@@YAXXZ     0044fdb0 f   r_draw.obj
 0001:0004edc1       ?Draw_Char@@YAXHHH@Z       0044fdc1 f   r_draw.obj
 0001:0004ef0c       ?Draw_CharColor@@YAXHHHH@Z 0044ff0c f   r_draw.obj
 0001:0004f083       ?DrawText@@YAXHHPADH@Z     00450083 f   r_draw.obj
 0001:0004f0b9       ?R_DrawTexts@@YAXXZ        004500b9 f   r_draw.obj
 0001:0004f149       ?DrawText_Pos@@YAXHHPBDI@Z 00450149 f   r_draw.obj
 0001:0004f221       ?DrawText_Left@@YAXPBDI@Z  00450221 f   r_draw.obj
 0001:0004f249       ?DrawText_Right@@YAXPBDI@Z 00450249 f   r_draw.obj
 0001:0004f285       ?Draw_GetPicSize@@YAXPAH0PBD@Z 00450285 f   r_draw.obj
 0001:0004f2c5       ?Draw_StretchPicImplementation@@YAXHHHHPAUimage_s@@@Z 004502c5 f   r_draw.obj
 0001:0004f3f0       ?Draw_StretchPic@@YAXHHHHPBD@Z 004503f0 f   r_draw.obj
 0001:0004f484       ?Draw_StretchRaw8@@YAXHHHHHHPAE@Z 00450484 f   r_draw.obj
 0001:0004f4fe       ?Draw_Pic@@YAXHHPBD@Z      004504fe f   r_draw.obj
 0001:0004f733       ?Draw_PicColor@@YAXHHPBDH@Z 00450733 f   r_draw.obj
 0001:0004f900       ?Draw_TileClear@@YAXHHHHPBD@Z 00450900 f   r_draw.obj
 0001:0004fa1f       ?Draw_Fill@@YAXHHHHH@Z     00450a1f f   r_draw.obj
 0001:0004fb05       ?Draw_Fade@@YAXHHHHH@Z     00450b05 f   r_draw.obj
 0001:0004fbc6       ?R_BeginEdgeFrame@@YAXXZ   00450bc6 f   r_edge.obj
 0001:0004fc82       ?R_InsertNewEdges@@YAXPAUedge_s@@0@Z 00450c82 f   r_edge.obj
 0001:0004fcc8       ?R_RemoveEdges@@YAXPAUedge_s@@@Z 00450cc8 f   r_edge.obj
 0001:0004fce6       ?R_StepActiveU@@YAXPAUedge_s@@@Z 00450ce6 f   r_edge.obj
 0001:0004fd7a       ?R_CleanupSpan@@YAXXZ      00450d7a f   r_edge.obj
 0001:0004fdca       ?R_LeadingEdgeBackwards@@YAXPAUedge_s@@@Z 00450dca f   r_edge.obj
 0001:0004fe5f       ?R_TrailingEdge@@YAXPAUsurf_s@@PAUedge_s@@@Z 00450e5f f   r_edge.obj
 0001:0004fec3       ?R_LeadingEdge@@YAXPAUedge_s@@@Z 00450ec3 f   r_edge.obj
 0001:00050066       ?R_GenerateSpans@@YAXXZ    00451066 f   r_edge.obj
 0001:000500d4       ?R_GenerateSpansBackward@@YAXXZ 004510d4 f   r_edge.obj
 0001:00050142       ?R_ScanEdges@@YAXXZ        00451142 f   r_edge.obj
 0001:00050319       ?D_MipLevelForScale@@YAHM@Z 00451319 f   r_edge.obj
 0001:00050362       ?D_FlatFillSurface@@YAXPAUsurf_s@@H@Z 00451362 f   r_edge.obj
 0001:000503bc       ?D_CalcGradients@@YAXPAUmsurface_s@@@Z 004513bc f   r_edge.obj
 0001:0005061c       ?D_BackgroundSurf@@YAXPAUsurf_s@@@Z 0045161c f   r_edge.obj
 0001:0005065c       ?D_TurbulentSurf@@YAXPAUsurf_s@@@Z 0045165c f   r_edge.obj
 0001:0005076b       ?D_SkySurf@@YAXPAUsurf_s@@@Z 0045176b f   r_edge.obj
 0001:000507ec       ?D_SolidSurf@@YAXPAUsurf_s@@@Z 004517ec f   r_edge.obj
 0001:00050911       ?D_DrawflatSurfaces@@YAXXZ 00451911 f   r_edge.obj
 0001:00050961       ?D_DrawSurfaces@@YAXXZ     00451961 f   r_edge.obj
 0001:00050a5a       ?R_ImageList_f@@YAXXZ      00451a5a f   r_image.obj
 0001:00050b1b       ?R_FindFreeImage@@YAPAUimage_s@@XZ 00451b1b f   r_image.obj
 0001:00050b5f       ?R_LoadPic@@YAPAUimage_s@@PADPAEHHW4imagetype_t@@@Z 00451b5f f   r_image.obj
 0001:00050be7       ?R_LoadTex@@YAPAUimage_s@@PADPAEHH@Z 00451be7 f   r_image.obj
 0001:00050c7c       ?R_LoadWal@@YAPAUimage_s@@PAD@Z 00451c7c f   r_image.obj
 0001:00050cc8       ?R_MipMap@@YAXPAE0HH@Z     00451cc8 f   r_image.obj
 0001:00050df6       ?R_DownsampleImage@@YAXPAPAEHH_N@Z 00451df6 f   r_image.obj
 0001:00050eee       ?R_FindImage@@YAPAUimage_s@@PBDW4imagetype_t@@@Z 00451eee f   r_image.obj
 0001:0005129b       ?R_FreeUnusedImages@@YAXXZ 0045229b f   r_image.obj
 0001:000512f8       ?R_InitImages@@YAXXZ       004522f8 f   r_image.obj
 0001:0005135a       ?R_ShutdownImages@@YAXXZ   0045235a f   r_image.obj
 0001:00051394       ?R_MarkLights@@YAXPAUdlight_t@@HPAUmnode_s@@@Z 00452394 f   r_light.obj
 0001:0005144e       ?R_PushDlights@@YAXPAUmodel_s@@@Z 0045244e f   r_light.obj
 0001:000514ac       ?R_LightPoint@@YAXQAM0@Z   004524ac f   r_light.obj
 0001:00051877       ?R_AddDynamicLights@@YAXXZ 00452877 f   r_light.obj
 0001:00051b07       ?R_BuildLightMap@@YAXXZ    00452b07 f   r_light.obj
 0001:00051bfd       ?R_InitTextures@@YAXXZ     00452bfd f   r_main.obj
 0001:00051cbe       ?R_InitTurb@@YAXXZ         00452cbe f   r_main.obj
 0001:00051d3b       ?R_Register@@YAXXZ         00452d3b f   r_main.obj
 0001:00051da4       ?R_UnRegister@@YAXXZ       00452da4 f   r_main.obj
 0001:00051dbc       ?R_Init@@YAHXZ             00452dbc f   r_main.obj
 0001:00051ea2       ?R_Shutdown@@YAXXZ         00452ea2 f   r_main.obj
 0001:00051f51       ?R_NewMap@@YAXXZ           00452f51 f   r_main.obj
 0001:00051ff8       ?R_MarkLeaves@@YAXXZ       00452ff8 f   r_main.obj
 0001:0005211f       __setargv                  0045311f f   r_main.obj
 0001:0005211f       ?R_DrawNullModel@@YAXXZ    0045311f f   r_main.obj
 0001:0005211f       ?R_SurfacePatch@@YAXXZ     0045311f f   r_main.obj
 0001:0005211f       _jpeg_mem_term             0045311f f   r_main.obj
 0001:0005211f       ?D_Patch@@YAXXZ            0045311f f   r_main.obj
 0001:00052120       ?R_DrawEntitiesOnList@@YAXXZ 00453120 f   r_main.obj
 0001:000522d5       ?R_BmodelCheckBBox@@YAHPAM@Z 004532d5 f   r_main.obj
 0001:00052387       ?R_FindTopnode@@YAPAUmnode_s@@QAM0@Z 00453387 f   r_main.obj
 0001:000523dc       ?RotatedBBox@@YAXQAM0000@Z 004533dc f   r_main.obj
 0001:0005253e       ?R_DrawBEntitiesOnList@@YAXXZ 0045353e f   r_main.obj
 0001:0005273c       ?R_EdgeDrawing@@YAXXZ      0045373c f   r_main.obj
 0001:0005281b       ?R_CalcPalette@@YAXXZ      0045381b f   r_main.obj
 0001:0005291d       ?R_SetLightLevel@@YAXXZ    0045391d f   r_main.obj
 0001:0005296d       ?R_RenderFrame@@YAXPAUrefdef_t@@@Z 0045396d f   r_main.obj
 0001:00052b94       ?R_InitGraphics@@YAXHH@Z   00453b94 f   r_main.obj
 0001:00052c0a       ?R_BeginFrame@@YAXM@Z      00453c0a f   r_main.obj
 0001:00052da4       ?R_GammaCorrectAndSetPalette@@YAXPBE@Z 00453da4 f   r_main.obj
 0001:00052e03       ?R_CinematicSetPalette@@YAXPBE@Z 00453e03 f   r_main.obj
 0001:00052e98       ?Draw_BuildGammaTable@@YAXXZ 00453e98 f   r_main.obj
 0001:00052fa9       ?R_DrawBeam@@YAXPAUbeam_s@@@Z 00453fa9 f   r_main.obj
 0001:000530fe       ?Draw_GetPalette@@YAXXZ    004540fe f   r_main.obj
 0001:0005323f       ?Draw_ConCharColor@@YAXHHHH@Z 0045423f f   r_main.obj
 0001:00053260       _GetRefAPI                 00454260 f   r_main.obj
 0001:00053531       ?D_ViewChanged@@YAXXZ      00454531 f   r_misc.obj
 0001:000536b1       ?R_PrintTimes@@YAXXZ       004546b1 f   r_misc.obj
 0001:00053719       ?R_PrintDSpeeds@@YAXXZ     00454719 f   r_misc.obj
 0001:000537ce       ?R_PrintAliasStats@@YAXXZ  004547ce f   r_misc.obj
 0001:000537e1       ?R_TransformFrustum@@YAXXZ 004547e1 f   r_misc.obj
 0001:0005389f       ?TransformVector@@YAXQAM0@Z 0045489f f   r_misc.obj
 0001:0005390a       ?R_SetUpFrustumIndexes@@YAXXZ 0045490a f   r_misc.obj
 0001:0005396f       ?R_ViewChanged@@YAXPAUvrect_s@@@Z 0045496f f   r_misc.obj
 0001:00053cb8       ?R_SetupFrame@@YAXXZ       00454cb8 f   r_misc.obj
 0001:00053e93       ?WritePCXfile@@YAXPADPAEHHH1@Z 00454e93 f   r_misc.obj
 0001:00053fad       ?R_ScreenShot@@YAXXZ       00454fad f   r_misc.obj
 0001:000540bc       ?Mod_Modellist_f@@YAXXZ    004550bc f   r_model.obj
 0001:0005411a       ?Mod_Init@@YAXXZ           0045511a f   r_model.obj
 0001:0005412c       ?Mod_ForName@@YAPAUmodel_s@@PBD_N@Z 0045512c f   r_model.obj
 0001:0005432c       ?Mod_PointInLeaf@@YAPAUmleaf_s@@PAMPAUmodel_s@@@Z 0045532c f   r_model.obj
 0001:00054383       ?Mod_DecompressVis@@YAPAEPAEPAUmodel_s@@@Z 00455383 f   r_model.obj
 0001:00054403       ?Mod_ClusterPVS@@YAPAEHPAUmodel_s@@@Z 00455403 f   r_model.obj
 0001:00054430       ?Mod_LoadLighting@@YAXPAEH@Z 00455430 f   r_model.obj
 0001:000544af       ?R_NumberLeafs@@YAXPAUmnode_s@@@Z 004554af f   r_model.obj
 0001:000544fd       ?Mod_LoadVisibility@@YAXPAUdvis_t@@H@Z 004554fd f   r_model.obj
 0001:00054522       ?Mod_LoadVertexes@@YAXPAUdvertex_t@@H@Z 00455522 f   r_model.obj
 0001:0005456c       ?Mod_LoadSubmodels@@YAXPAUcmodel_t@@H@Z 0045556c f   r_model.obj
 0001:0005458c       ?Mod_LoadEdges@@YAXPAUdedge_t@@H@Z 0045558c f   r_model.obj
 0001:000545da       ?Mod_LoadTexinfo@@YAXPAUtexinfo_s@@H@Z 004555da f   r_model.obj
 0001:00054742       ?CalcSurfaceExtents@@YAXPAUmsurface_s@@@Z 00455742 f   r_model.obj
 0001:000548bd       ?Mod_LoadFaces@@YAXPAUdface_t@@H@Z 004558bd f   r_model.obj
 0001:00054a2a       ?Mod_SetParent@@YAXPAUmnode_s@@0@Z 00455a2a f   r_model.obj
 0001:00054a4f       ?Mod_LoadNodes@@YAXPAUdnode_t@@H@Z 00455a4f f   r_model.obj
 0001:00054b45       ?Mod_LoadLeafs@@YAXPAUdleaf_t@@H@Z 00455b45 f   r_model.obj
 0001:00054bee       ?Mod_LoadMarksurfaces@@YAXPAGH@Z 00455bee f   r_model.obj
 0001:00054c5f       ?Mod_LoadSurfedges@@YAXPAHH@Z 00455c5f f   r_model.obj
 0001:00054c98       ?Mod_LoadPlanes@@YAXPAUdplane_t@@H@Z 00455c98 f   r_model.obj
 0001:00054d07       ?Mod_LoadBrushModel@@YAXPAUmodel_s@@PAUbspfile_t@@@Z 00455d07 f   r_model.obj
 0001:00054eaf       ?Mod_LoadAliasModel@@YAXPAUmodel_s@@PAX@Z 00455eaf f   r_model.obj
 0001:000550fc       ?Mod_LoadSpriteModel@@YAXPAUmodel_s@@PAX@Z 004560fc f   r_model.obj
 0001:000551d9       ?R_BeginRegistration@@YAXPBD@Z 004561d9 f   r_model.obj
 0001:00055253       ?R_RegisterModel@@YAPAUmodel_s@@PBD@Z 00456253 f   r_model.obj
 0001:0005534b       ?R_EndRegistration@@YAXXZ  0045634b f   r_model.obj
 0001:000553af       ?Mod_Free@@YAXPAUmodel_s@@@Z 004563af f   r_model.obj
 0001:000553c9       ?Mod_FreeAll@@YAXXZ        004563c9 f   r_model.obj
 0001:000553fc       ?R_DrawParticle@@YAXXZ     004563fc f   r_part.obj
 0001:00055696       ?R_DrawParticles@@YAXXZ    00456696 f   r_part.obj
 0001:0005573e       ?R_DrawSpanletOpaque@@YAXXZ 0045673e f   r_poly.obj
 0001:000557ce       ?R_DrawSpanletTurbulentStipple33@@YAXXZ 004567ce f   r_poly.obj
 0001:000558f9       ?R_DrawSpanletTurbulentStipple66@@YAXXZ 004568f9 f   r_poly.obj
 0001:00055ada       ?R_DrawSpanletTurbulentBlended66@@YAXXZ 00456ada f   r_poly.obj
 0001:00055b8f       ?R_DrawSpanletTurbulentBlended33@@YAXXZ 00456b8f f   r_poly.obj
 0001:00055c44       ?R_DrawSpanlet33@@YAXXZ    00456c44 f   r_poly.obj
 0001:00055cde       ?R_DrawSpanletConstant33@@YAXXZ 00456cde f   r_poly.obj
 0001:00055d37       ?R_DrawSpanlet66@@YAXXZ    00456d37 f   r_poly.obj
 0001:00055dd5       ?R_DrawSpanlet33Stipple@@YAXXZ 00456dd5 f   r_poly.obj
 0001:00055ef0       ?R_DrawSpanlet66Stipple@@YAXXZ 00456ef0 f   r_poly.obj
 0001:00056081       ?R_ClipPolyFace@@YAHHPAUclipplane_s@@@Z 00457081 f   r_poly.obj
 0001:000561ec       ?R_PolygonDrawSpans@@YAXPAUespan_s@@H@Z 004571ec f   r_poly.obj
 0001:000565eb       ?R_PolygonScanLeftEdge@@YAXXZ 004575eb f   r_poly.obj
 0001:0005674f       ?R_PolygonScanRightEdge@@YAXXZ 0045774f f   r_poly.obj
 0001:00056959       ?R_ClipAndDrawPoly@@YAXMH_N@Z 00457959 f   r_poly.obj
 0001:00056b57       ?R_BuildPolygonFromSurface@@YAXPAUmsurface_s@@@Z 00457b57 f   r_poly.obj
 0001:00056d4d       ?R_PolygonCalculateGradients@@YAXXZ 00457d4d f   r_poly.obj
 0001:00057019       ?R_DrawAlphaSurfaces@@YAXXZ 00458019 f   r_poly.obj
 0001:000570af       ?R_IMFlatShadedQuad@@YAXQAM000HM@Z 004580af f   r_poly.obj
 0001:000571dd       ?R_InitAdivtab@@YAXXZ      004581dd f   r_polyse.obj
 0001:00057249       ?R_PolysetUpdateTables@@YAXXZ 00458249 f   r_polyse.obj
 0001:00057284       ?R_DrawTriangle@@YAXXZ     00458284 f   r_polyse.obj
 0001:00057395       ?R_PolysetScanLeftEdge_C@@YAXH@Z 00458395 f   r_polyse.obj
 0001:0005755f       ?FloorDivMod@@YAXMMPAH0@Z  0045855f f   r_polyse.obj
 0001:000575f9       ?R_PolysetSetUpForLineScan@@YAXHHHH@Z 004585f9 f   r_polyse.obj
 0001:00057687       ?R_PolysetCalcGradients@@YAXH@Z 00458687 f   r_polyse.obj
 0001:000578fa       ?R_PolysetDrawSpans8_33@@YAXPAUspanpackage_s@@@Z 004588fa f   r_polyse.obj
 0001:00057a2a       ?R_PolysetDrawSpansConstant8_33@@YAXPAUspanpackage_s@@@Z 00458a2a f   r_polyse.obj
 0001:00057ac4       ?R_PolysetDrawSpans8_66@@YAXPAUspanpackage_s@@@Z 00458ac4 f   r_polyse.obj
 0001:00057c00       ?R_PolysetDrawSpansConstant8_66@@YAXPAUspanpackage_s@@@Z 00458c00 f   r_polyse.obj
 0001:00057ca8       ?R_PolysetDrawSpans8_Opaque@@YAXPAUspanpackage_s@@@Z 00458ca8 f   r_polyse.obj
 0001:00057df3       ?R_RasterizeAliasPolySmooth@@YAXXZ 00458df3 f   r_polyse.obj
 0001:000583d3       ?R_PolysetSetEdgeTable@@YAXXZ 004593d3 f   r_polyse.obj
 0001:0005846e       ?R_InitSkyBox@@YAXXZ       0045946e f   r_rast.obj
 0001:000586d8       ?R_EmitSkyBox@@YAXXZ       004596d8 f   r_rast.obj
 0001:000587ed       ?R_EmitEdge@@YAXPAUmvertex_t@@0@Z 004597ed f   r_rast.obj
 0001:00058bc1       ?R_ClipEdge@@YAXPAUmvertex_t@@0PAUclipplane_s@@@Z 00459bc1 f   r_rast.obj
 0001:00058d63       ?R_EmitCachedEdge@@YAXXZ   00459d63 f   r_rast.obj
 0001:00058dba       ?R_RenderFace@@YAXPAUmsurface_s@@H@Z 00459dba f   r_rast.obj
 0001:00059181       ?R_RenderBmodelFace@@YAXPAUbedge_s@@PAUmsurface_s@@@Z 0045a181 f   r_rast.obj
 0001:000593de       ?D_WarpScreen@@YAXXZ       0045a3de f   r_scan.obj
 0001:000595a0       ?D_DrawTurbulent8Span@@YAXXZ 0045a5a0 f   r_scan.obj
 0001:00059624       ?Turbulent8@@YAXPAUespan_s@@@Z 0045a624 f   r_scan.obj
 0001:00059980       ?NonTurbulent8@@YAXPAUespan_s@@@Z 0045a980 f   r_scan.obj
 0001:00059cba       ?D_DrawSpans16@@YAXPAUespan_s@@@Z 0045acba f   r_scan.obj
 0001:00059fd7       ?D_DrawZSpans@@YAXPAUespan_s@@@Z 0045afd7 f   r_scan.obj
 0001:0005a0a7       ?R_DrawSprite@@YAXXZ       0045b0a7 f   r_sprite.obj
 0001:0005a331       ?R_TextureAnimation@@YAPAUimage_s@@PAUmtexinfo_s@@@Z 0045b331 f   r_surf.obj
 0001:0005a355       ?R_DrawSurface@@YAXXZ      0045b355 f   r_surf.obj
 0001:0005a4ba       ?R_DrawSurfaceBlock8_mip0@@YAXXZ 0045b4ba f   r_surf.obj
 0001:0005a5b9       ?R_DrawSurfaceBlock8_mip1@@YAXXZ 0045b5b9 f   r_surf.obj
 0001:0005a6b8       ?R_DrawSurfaceBlock8_mip2@@YAXXZ 0045b6b8 f   r_surf.obj
 0001:0005a7b7       ?R_DrawSurfaceBlock8_mip3@@YAXXZ 0045b7b7 f   r_surf.obj
 0001:0005a8b3       ?R_InitCaches@@YAXXZ       0045b8b3 f   r_surf.obj
 0001:0005a934       ?D_FlushCaches@@YAXXZ      0045b934 f   r_surf.obj
 0001:0005a979       ?D_SCAlloc@@YAPAUsurfcache_s@@HH@Z 0045b979 f   r_surf.obj
 0001:0005aaf3       ?D_CacheSurface@@YAPAUsurfcache_s@@PAUmsurface_s@@H@Z 0045baf3 f   r_surf.obj
 0001:0005ac68       ?DDRAW_Init@@YA_NPAPAEPAH@Z 0045bc68 f   rw_ddraw.obj
 0001:0005b087       ?DDRAW_SetPalette@@YAXPBE@Z 0045c087 f   rw_ddraw.obj
 0001:0005b0f0       ?DDRAW_Shutdown@@YAXXZ     0045c0f0 f   rw_ddraw.obj
 0001:0005b234       ?DIB_Init@@YA_NPAPAEPAH@Z  0045c234 f   rw_dib.obj
 0001:0005b42c       ?DIB_SetPalette@@YAXPBE@Z  0045c42c f   rw_dib.obj
 0001:0005b641       ?DIB_Shutdown@@YAXXZ       0045c641 f   rw_dib.obj
 0001:0005b73a       ?SWimp_Init@@YAHXZ         0045c73a f   rw_imp.obj
 0001:0005b73e       ?SWimp_EndFrame@@YAXXZ     0045c73e f   rw_imp.obj
 0001:0005b89f       ?SWimp_SetMode@@YA?AW4rserr_t@@PAH0H_N@Z 0045c89f f   rw_imp.obj
 0001:0005b9d3       ?SWimp_SetPalette@@YAXPBE@Z 0045c9d3 f   rw_imp.obj
 0001:0005b9f8       ?SWimp_Shutdown@@YAXXZ     0045c9f8 f   rw_imp.obj
 0001:0005ba3f       ?SWimp_AppActivate@@YAX_N@Z 0045ca3f f   rw_imp.obj
 0001:0005baf0       _jpeg_CreateDecompress     0045caf0 f   lib:jdapimin.obj
 0001:0005bbb0       _jpeg_read_header          0045cbb0 f   lib:jdapimin.obj
 0001:0005bc12       _jpeg_consume_input        0045cc12 f   lib:jdapimin.obj
 0001:0005be61       _jpeg_finish_decompress    0045ce61 f   lib:jdapimin.obj
 0001:0005bef8       _jpeg_start_decompress     0045cef8 f   lib:jdapistd.obj
 0001:0005c065       _jpeg_read_scanlines       0045d065 f   lib:jdapistd.obj
 0001:0005c0e9       _jpeg_resync_to_restart    0045d0e9 f   lib:jdmarker.obj
 0001:0005c2ae       _jinit_marker_reader       0045d2ae f   lib:jdmarker.obj
 0001:0005d779       _jpeg_CreateCompress       0045e779 f   lib:jcapimin.obj
 0001:0005d82d       _jpeg_destroy_compress     0045e82d f   lib:jcapimin.obj
 0001:0005d82d       _jpeg_destroy_decompress   0045e82d f   lib:jcapimin.obj
 0001:0005d838       _jpeg_suppress_tables      0045e838 f   lib:jcapimin.obj
 0001:0005d882       _jpeg_finish_compress      0045e882 f   lib:jcapimin.obj
 0001:0005d96c       _jpeg_start_compress       0045e96c f   lib:jcapistd.obj
 0001:0005d9d8       _jpeg_write_scanlines      0045e9d8 f   lib:jcapistd.obj
 0001:0005da83       _jpeg_add_quant_table      0045ea83 f   lib:jcparam.obj
 0001:0005db35       _jpeg_quality_scaling      0045eb35 f   lib:jcparam.obj
 0001:0005db5c       _jpeg_set_quality          0045eb5c f   lib:jcparam.obj
 0001:0005db96       _jpeg_set_defaults         0045eb96 f   lib:jcparam.obj
 0001:0005dd5c       _jpeg_default_colorspace   0045ed5c f   lib:jcparam.obj
 0001:0005ddac       _jpeg_set_colorspace       0045edac f   lib:jcparam.obj
[...]
 0001:0006ca0e       _start_input_pass          0046da0e f   lib:jddiffct.obj
 0001:0006ca76       _start_iMCU_row            0046da76 f   lib:jddiffct.obj
 0001:0006cabb       _start_output_pass         0046dabb f   lib:jddiffct.obj
 0001:0006cac7       _decompress_data           0046dac7 f   lib:jddiffct.obj
 0001:0006cc37       _process_restart           0046dc37 f   lib:jddiffct.obj
 0001:00035652       _dummy_consume_data        00436652 f   vid_dll.obj
 0001:0006cc6c       _consume_data              0046dc6c f   lib:jddiffct.obj
 0001:0006cce3       _output_data               0046dce3 f   lib:jddiffct.obj
 0001:0006c76a       _start_pass                0046d76a f   lib:jddctmgr.obj
 0001:0006bbbc       _start_pass_phuff_decoder  0046cbbc f   lib:jdphuff.obj
 0001:0006be05       _decode_mcu_DC_first       0046ce05 f   lib:jdphuff.obj
 0001:0006bffd       _process_restart           0046cffd f   lib:jdphuff.obj
 0001:0006c06c       _decode_mcu_AC_first       0046d06c f   lib:jdphuff.obj
 0001:0006c28c       _decode_mcu_DC_refine      0046d28c f   lib:jdphuff.obj
 0001:0006c361       _decode_mcu_AC_refine      0046d361 f   lib:jdphuff.obj
 0001:0006b603       _start_pass_huff_decoder   0046c603 f   lib:jdshuff.obj
 0001:0006b73b       _decode_mcu                0046c73b f   lib:jdshuff.obj
 0001:0006baeb       _process_restart           0046caeb f   lib:jdshuff.obj
 0001:0006a9ec       _start_input_pass          0046b9ec f   lib:jdcoefct.obj
 0001:0006a9ff       _start_iMCU_row            0046b9ff f   lib:jdcoefct.obj
 0001:0006aa44       _start_output_pass         0046ba44 f   lib:jdcoefct.obj
 0001:0006aa81       _decompress_onepass        0046ba81 f   lib:jdcoefct.obj
 0001:00035652       _dummy_consume_data        00436652 f   vid_dll.obj
 0001:0006ac5a       _consume_data              0046bc5a f   lib:jdcoefct.obj
 0001:0006ae13       _decompress_data           0046be13 f   lib:jdcoefct.obj
 0001:0006af7f       _smoothing_ok              0046bf7f f   lib:jdcoefct.obj
 0001:0006b06a       _decompress_smooth_data    0046c06a f   lib:jdcoefct.obj
 0001:0006a885       _scaler_start_pass         0046b885 f   lib:jcscale.obj
 0001:0006a8a8       _simple_downscale          0046b8a8 f   lib:jcscale.obj
 0001:0006a8d4       _noscale                   0046b8d4 f   lib:jcscale.obj
 0001:0006a37d       _start_pass                0046b37d f   lib:jcpred.obj
 0001:0006a3d5       _reset_predictor           0046b3d5 f   lib:jcpred.obj
 0001:0006a402       _jpeg_difference_first_row 0046b402 f   lib:jcpred.obj
 0001:0006a4ec       _jpeg_difference1          0046b4ec f   lib:jcpred.obj
 0001:0006a55a       _jpeg_difference2          0046b55a f   lib:jcpred.obj
 0001:0006a5cb       _jpeg_difference3          0046b5cb f   lib:jcpred.obj
 0001:0006a643       _jpeg_difference4          0046b643 f   lib:jcpred.obj
 0001:0006a6ce       _jpeg_difference5          0046b6ce f   lib:jcpred.obj
 0001:0006a761       _jpeg_difference6          0046b761 f   lib:jcpred.obj
 0001:0006a7f0       _jpeg_difference7          0046b7f0 f   lib:jcpred.obj
 0001:00069c6c       _start_pass_huff           0046ac6c f   lib:jclhuff.obj
 0001:00069e09       _encode_mcus_huff          0046ae09 f   lib:jclhuff.obj
 0001:00069ff4       _emit_bits                 0046aff4 f   lib:jclhuff.obj
 0001:0006a097       _dump_buffer               0046b097 f   lib:jclhuff.obj
 0001:0006a0bb       _emit_restart              0046b0bb f   lib:jclhuff.obj
 0001:0006a106       _flush_bits                0046b106 f   lib:jclhuff.obj
 0001:0006a12a       _finish_pass_huff          0046b12a f   lib:jclhuff.obj
 0001:0006a197       _encode_mcus_gather        0046b197 f   lib:jclhuff.obj
 0001:0006a2c0       _finish_pass_gather        0046b2c0 f   lib:jclhuff.obj
 0001:0006a356       _need_optimization_pass    0046b356 f   lib:jclhuff.obj
 0001:0006988c       _start_pass_diff           0046a88c f   lib:jcdiffct.obj
 0001:00067b95       _start_iMCU_row            00468b95 f   lib:jccoefct.obj
 0001:0006992a       _compress_data             0046a92a f   lib:jcdiffct.obj
 0001:00069ac0       _compress_first_pass       0046aac0 f   lib:jcdiffct.obj
 0001:00069bb5       _compress_output           0046abb5 f   lib:jcdiffct.obj
 0001:0006949f       _start_pass_fdctmgr        0046a49f f   lib:jcdctmgr.obj
 0001:000695a1       _forward_DCT_float         0046a5a1 f   lib:jcdctmgr.obj
 0001:000689d4       _start_pass_phuff          004699d4 f   lib:jcphuff.obj
 0001:00068b41       _encode_mcu_DC_first       00469b41 f   lib:jcphuff.obj
 0001:00068c73       _emit_bits                 00469c73 f   lib:jcphuff.obj
 0001:00068d1e       _dump_buffer               00469d1e f   lib:jcphuff.obj
 0001:00068d56       _emit_symbol               00469d56 f   lib:jcphuff.obj
 0001:00068d96       _emit_restart              00469d96 f   lib:jcphuff.obj
 0001:00068e1f       _emit_eobrun               00469e1f f   lib:jcphuff.obj
 0001:00068ea5       _encode_mcu_AC_first       00469ea5 f   lib:jcphuff.obj
 0001:00069039       _encode_mcu_DC_refine      0046a039 f   lib:jcphuff.obj
 0001:000690f3       _encode_mcu_AC_refine      0046a0f3 f   lib:jcphuff.obj
 0001:0006930a       _finish_pass_phuff         0046a30a f   lib:jcphuff.obj
 0001:00069359       _finish_pass_gather_phuff  0046a359 f   lib:jcphuff.obj
 0001:0006941c       _need_optimization_pass    0046a41c f   lib:jcphuff.obj
 0001:0006816f       _start_pass_huff           0046916f f   lib:jcshuff.obj
 0001:000682e4       _encode_mcu_huff           004692e4 f   lib:jcshuff.obj
 0001:000683ef       _encode_one_block          004693ef f   lib:jcshuff.obj
 0001:00068566       _emit_bits                 00469566 f   lib:jcshuff.obj
 0001:00068609       _dump_buffer               00469609 f   lib:jcshuff.obj
 0001:0006862d       _emit_restart              0046962d f   lib:jcshuff.obj
 0001:0006869a       _flush_bits                0046969a f   lib:jcshuff.obj
 0001:000686be       _finish_pass_huff          004696be f   lib:jcshuff.obj
 0001:0006872d       _encode_mcu_gather         0046972d f   lib:jcshuff.obj
 0001:000687e3       _htest_one_block           004697e3 f   lib:jcshuff.obj
 0001:000688aa       _finish_pass_gather        004698aa f   lib:jcshuff.obj
 0001:0006a356       _need_optimization_pass    0046b356 f   lib:jclhuff.obj
 0001:00067b00       _start_pass_coef           00468b00 f   lib:jccoefct.obj
 0001:00067b95       _start_iMCU_row            00468b95 f   lib:jccoefct.obj
 0001:00067bd7       _compress_data             00468bd7 f   lib:jccoefct.obj
 0001:00067dbe       _compress_first_pass       00468dbe f   lib:jccoefct.obj
 0001:00067fa4       _compress_output           00468fa4 f   lib:jccoefct.obj
 0001:00067a18       _calc_output_dimensions    00468a18 f   lib:jdlossls.obj
 0001:00067a29       _start_input_pass          00468a29 f   lib:jdlossls.obj
 0001:00067757       _calc_output_dimensions    00468757 f   lib:jdlossy.obj
 0001:000678ca       _start_input_pass          004688ca f   lib:jdlossy.obj
 0001:000678ea       _latch_quant_tables        004688ea f   lib:jdlossy.obj
 0001:00067982       _start_output_pass         00468982 f   lib:jdlossy.obj
 0001:000676a6       _start_pass                004686a6 f   lib:jclossls.obj
 0001:00067612       _start_pass                00468612 f   lib:jclossy.obj
 0001:00066b67       _initial_setup             00467b67 f   lib:jcmaster.obj
 0001:00066d1a       _validate_script           00467d1a f   lib:jcmaster.obj
 0001:000670f2       _prepare_for_pass          004680f2 f   lib:jcmaster.obj
 0001:0006726a       _select_scan_parameters    0046826a f   lib:jcmaster.obj
 0001:0006736b       _per_scan_setup            0046836b f   lib:jcmaster.obj
 0001:00067516       _pass_startup              00468516 f   lib:jcmaster.obj
 0001:0006753d       _finish_pass_master        0046853d f   lib:jcmaster.obj
 0001:00066653       _rgb_ycc_start             00467653 f   lib:jccolor.obj
 0001:00066717       _rgb_ycc_convert           00467717 f   lib:jccolor.obj
 0001:00066816       _rgb_gray_convert          00467816 f   lib:jccolor.obj
 0001:0006689b       _cmyk_ycck_convert         0046789b f   lib:jccolor.obj
 0001:000669d3       _grayscale_convert         004679d3 f   lib:jccolor.obj
 0001:00066a2d       _null_convert              00467a2d f   lib:jccolor.obj
 0001:00035678       _null_method               00436678 f   vid_dll.obj
 0001:00035678       _start_pass_downsample     00436678 f   vid_dll.obj
 0001:00065d9f       _sep_downsample            00466d9f f   lib:jcsample.obj
 0001:00065e14       _int_downsample            00466e14 f   lib:jcsample.obj
 0001:00065f0c       _expand_right_edge         00466f0c f   lib:jcsample.obj
 0001:00065f61       _fullsize_downsample       00466f61 f   lib:jcsample.obj
 0001:00065fa5       _h2v1_downsample           00466fa5 f   lib:jcsample.obj
 0001:00066039       _h2v2_downsample           00467039 f   lib:jcsample.obj
 0001:000660e6       _h2v2_smooth_downsample    004670e6 f   lib:jcsample.obj
 0001:0006635e       _fullsize_smooth_downsample 0046735e f   lib:jcsample.obj
 0001:0006579b       _start_pass_prep           0046679b f   lib:jcprepct.obj
 0001:000657d9       _pre_process_data          004667d9 f   lib:jcprepct.obj
 0001:00065987       _pre_process_context       00466987 f   lib:jcprepct.obj
 0001:00065b40       _create_context_buffer     00466b40 f   lib:jcprepct.obj
 0001:00065613       _start_pass_main           00466613 f   lib:jcmainct.obj
 0001:00065655       _process_data_simple_main  00466655 f   lib:jcmainct.obj
 0001:00064be9       _create_colormap           00465be9 f   lib:jquant1.obj
 0001:00064d1b       _select_ncolors            00465d1b f   lib:jquant1.obj
 0001:00064df2       _create_colorindex         00465df2 f   lib:jquant1.obj
 0001:00064f1e       _alloc_fs_workspace        00465f1e f   lib:jquant1.obj
 0001:00064f5a       _start_pass_1_quant        00465f5a f   lib:jquant1.obj
 0001:00065026       _create_odither_tables     00466026 f   lib:jquant1.obj
 0001:00065085       _make_odither_array        00466085 f   lib:jquant1.obj
 0001:000650e8       _color_quantize            004660e8 f   lib:jquant1.obj
 0001:00065173       _color_quantize3           00466173 f   lib:jquant1.obj
 0001:00065201       _quantize_ord_dither       00466201 f   lib:jquant1.obj
 0001:000652ec       _quantize3_ord_dither      004662ec f   lib:jquant1.obj
 0001:000653ec       _quantize_fs_dither        004663ec f   lib:jquant1.obj
 0001:00035678       _finish_pass_1_quant       00436678 f   vid_dll.obj
 0001:00065570       _new_color_map_1_quant     00466570 f   lib:jquant1.obj
 0001:00063baa       _init_error_limit          00464baa f   lib:jquant2.obj
 0001:00063c49       _start_pass_2_quant        00464c49 f   lib:jquant2.obj
 0001:00063d4b       _prescan_quantize          00464d4b f   lib:jquant2.obj
 0001:00063dba       _pass2_no_dither           00464dba f   lib:jquant2.obj
 0001:00063e67       _fill_inverse_cmap         00464e67 f   lib:jquant2.obj
 0001:00063f32       _find_nearby_colors        00464f32 f   lib:jquant2.obj
 0001:000640d6       _find_best_colors          004650d6 f   lib:jquant2.obj
 0001:000641f0       _pass2_fs_dither           004651f0 f   lib:jquant2.obj
 0001:0006445f       _finish_pass1              0046545f f   lib:jquant2.obj
 0001:00064481       _select_colors             00465481 f   lib:jquant2.obj
 0001:0006450d       _update_box                0046550d f   lib:jquant2.obj
 0001:000648a7       _median_cut                004658a7 f   lib:jquant2.obj
 0001:000649bb       _find_biggest_color_pop    004659bb f   lib:jquant2.obj
 0001:000649ea       _find_biggest_volume       004659ea f   lib:jquant2.obj
 0001:00064a13       _compute_color             00465a13 f   lib:jquant2.obj
 0001:00035678       _finish_pass2              00436678 f   vid_dll.obj
 0001:00064b4f       _new_color_map_2_quant     00465b4f f   lib:jquant2.obj
 0001:000635c1       _build_ycc_rgb_table       004645c1 f   lib:jdmerge.obj
 0001:00063671       _start_pass_merged_upsample 00464671 f   lib:jdmerge.obj
 0001:00063686       _merged_2v_upsample        00464686 f   lib:jdmerge.obj
 0001:0006372d       _merged_1v_upsample        0046472d f   lib:jdmerge.obj
 0001:0006375e       _h2v1_merged_upsample      0046475e f   lib:jdmerge.obj
 0001:000638b4       _h2v2_merged_upsample      004648b4 f   lib:jdmerge.obj
 0001:00063165       _build_ycc_rgb_table       00464165 f   lib:jdcolor.obj
 0001:00063215       _ycc_rgb_convert           00464215 f   lib:jdcolor.obj
 0001:00063323       _null_convert              00464323 f   lib:jdcolor.obj
 0001:0006339b       _grayscale_convert         0046439b f   lib:jdcolor.obj
 0001:000633be       _gray_rgb_convert          004643be f   lib:jdcolor.obj
 0001:00063417       _ycck_cmyk_convert         00464417 f   lib:jdcolor.obj
 0001:00035678       _start_pass_dcolor         00436678 f   vid_dll.obj
 0001:00062bc6       _start_pass_upsample       00463bc6 f   lib:jdsample.obj
 0001:00062be0       _sep_upsample              00463be0 f   lib:jdsample.obj
 0001:00062cad       _fullsize_upsample         00463cad f   lib:jdsample.obj
 0001:00062cb8       _noop_upsample             00463cb8 f   lib:jdsample.obj
 0001:00062cc0       _int_upsample              00463cc0 f   lib:jdsample.obj
 0001:00062daa       _h2v1_upsample             00463daa f   lib:jdsample.obj
 0001:00062e01       _h2v2_upsample             00463e01 f   lib:jdsample.obj
 0001:00062e73       _h2v1_fancy_upsample       00463e73 f   lib:jdsample.obj
 0001:00062f16       _h2v2_fancy_upsample       00463f16 f   lib:jdsample.obj
 0001:000627cf       _start_pass_dpost          004637cf f   lib:jdpostct.obj
 0001:00062875       _post_process_1pass        00463875 f   lib:jdpostct.obj
 0001:000628da       _post_process_prepass      004638da f   lib:jdpostct.obj
 0001:0006296b       _post_process_2pass        0046396b f   lib:jdpostct.obj
 0001:000621d6       _alloc_funny_pointers      004631d6 f   lib:jdmainct.obj
 0001:00062283       _start_pass_main           00463283 f   lib:jdmainct.obj
 0001:000622eb       _make_funny_pointers       004632eb f   lib:jdmainct.obj
 0001:0006242b       _process_data_simple_main  0046342b f   lib:jdmainct.obj
 0001:00062493       _process_data_context_main 00463493 f   lib:jdmainct.obj
 0001:000625a5       _set_wraparound_pointers   004635a5 f   lib:jdmainct.obj
 0001:0006268f       _set_bottom_pointers       0046368f f   lib:jdmainct.obj
 0001:00062729       _process_data_crank_post   00463729 f   lib:jdmainct.obj
 0001:00060f48       _write_marker_header       00461f48 f   lib:jcmarker.obj
 0001:00060f9e       _emit_byte                 00461f9e f   lib:jcmarker.obj
 0001:00060fcf       _write_marker_byte         00461fcf f   lib:jcmarker.obj
 0001:00060fdf       _write_file_header         00461fdf f   lib:jcmarker.obj
 0001:0006102b       _emit_jfif_app0            0046202b f   lib:jcmarker.obj
 0001:000610fe       _emit_adobe_app14          004620fe f   lib:jcmarker.obj
 0001:000611a4       _write_frame_header        004621a4 f   lib:jcmarker.obj
 0001:00061283       _emit_dqt                  00462283 f   lib:jcmarker.obj
 0001:00061372       _emit_sof                  00462372 f   lib:jcmarker.obj
 0001:0006144e       _write_scan_header         0046244e f   lib:jcmarker.obj
 0001:0006150e       _emit_dht                  0046250e f   lib:jcmarker.obj
 0001:000615e7       _emit_dri                  004625e7 f   lib:jcmarker.obj
 0001:00061636       _emit_sos                  00462636 f   lib:jcmarker.obj
 0001:00061724       _write_file_trailer        00462724 f   lib:jcmarker.obj
 0001:00061744       _write_tables_only         00462744 f   lib:jcmarker.obj
 0001:00060a9d       _use_merged_upsample       00461a9d f   lib:jdmaster.obj
 0001:00060b43       _master_selection          00461b43 f   lib:jdmaster.obj
 0001:00060ca0       _prepare_range_limit_table 00461ca0 f   lib:jdmaster.obj
 0001:00060d26       _prepare_for_output_pass   00461d26 f   lib:jdmaster.obj
 0001:00060e47       _finish_output_pass        00461e47 f   lib:jdmaster.obj
 0001:0005ff14       _alloc_small               00460f14 f   lib:jmemmgr.obj
 0001:00060032       _alloc_large               00461032 f   lib:jmemmgr.obj
 0001:000600e3       _alloc_sarray              004610e3 f   lib:jmemmgr.obj
 0001:0006017b       _alloc_barray              0046117b f   lib:jmemmgr.obj
 0001:0006021f       _alloc_darray              0046121f f   lib:jmemmgr.obj
 0001:000602ca       _request_virt_sarray       004612ca f   lib:jmemmgr.obj
 0001:0006032b       _request_virt_barray       0046132b f   lib:jmemmgr.obj
 0001:0006038c       _realize_virt_arrays       0046138c f   lib:jmemmgr.obj
 0001:0006050f       _access_virt_sarray        0046150f f   lib:jmemmgr.obj
 0001:0006062f       _do_sarray_io              0046162f f   lib:jmemmgr.obj
 0001:000606bf       _access_virt_barray        004616bf f   lib:jmemmgr.obj
 0001:000607e4       _do_barray_io              004617e4 f   lib:jmemmgr.obj
 0001:00060875       _free_pool                 00461875 f   lib:jmemmgr.obj
 0001:0006095c       _self_destruct             0046195c f   lib:jmemmgr.obj
 0001:0005f9ae       _start_input_pass          004609ae f   lib:jdinput.obj
 0001:0005f9dc       _per_scan_setup            004609dc f   lib:jdinput.obj
 0001:0005fb62       _finish_input_pass         00460b62 f   lib:jdinput.obj
 0001:0005fb73       _consume_markers           00460b73 f   lib:jdinput.obj
 0001:0005fc0f       _initial_setup             00460c0f f   lib:jdinput.obj
 0001:0005fe19       _reset_input_controller    00460e19 f   lib:jdinput.obj
 0001:0005f767       _fixedtables               00460767 f   lib:inflate.obj
 0001:0005f851       _updatewindow              00460851 f   lib:inflate.obj
 0001:0005e1c7       _make_crc_table            0045f1c7 f   lib:crc32.obj
 0001:0005e2f3       _crc32_little              0045f2f3 f   lib:crc32.obj
 0001:0005e103       _init_destination          0045f103 f   lib:jdatadst.obj
 0001:0005e129       _empty_output_buffer       0045f129 f   lib:jdatadst.obj
 0001:0005e16b       _term_destination          0045f16b f   lib:jdatadst.obj
 0001:0005dc8a       _std_huff_tables           0045ec8a f   lib:jcparam.obj
 0001:0005dce4       _add_huff_table            0045ece4 f   lib:jcparam.obj
 0001:0005c1d7       _next_marker               0045d1d7 f   lib:jdmarker.obj
 0001:0005c311       _get_interesting_appn      0045d311 f   lib:jdmarker.obj
 0001:0005c43c       _examine_app0              0045d43c f   lib:jdmarker.obj
 0001:0005c64a       _examine_app14             0045d64a f   lib:jdmarker.obj
 0001:0005c70b       _skip_variable             0045d70b f   lib:jdmarker.obj
 0001:0005c7ae       _read_markers              0045d7ae f   lib:jdmarker.obj
 0001:0005c9b6       _get_soi                   0045d9b6 f   lib:jdmarker.obj
 0001:0005ca61       _get_sof                   0045da61 f   lib:jdmarker.obj
 0001:0005cd6a       _get_sos                   0045dd6a f   lib:jdmarker.obj
 0001:0005d058       _get_dht                   0045e058 f   lib:jdmarker.obj
 0001:0005d2f9       _get_dqt                   0045e2f9 f   lib:jdmarker.obj
 0001:0005d555       _get_dri                   0045e555 f   lib:jdmarker.obj
 0001:0005d634       _first_marker              0045e634 f   lib:jdmarker.obj
 0001:0005d6d0       _read_restart_marker       0045e6d0 f   lib:jdmarker.obj
 0001:0005d74e       _reset_marker_reader       0045e74e f   lib:jdmarker.obj
 0001:0005bfbb       _output_pass_setup         0045cfbb f   lib:jdapistd.obj
 0001:0005bcae       _default_decompress_parms  0045ccae f   lib:jdapimin.obj

 74 bytes saved through ICF

