 Quake2

 Timestamp is 431482ef (Tue Aug 30 20:01:51 2005)

 Preferred load address is 00400000

 Start         Length     Name                   Class
 0001:00000000 00060a70H .text                   CODE
 0002:00000000 00000284H .idata$5                DATA
 0002:00000288 000061c4H .rdata                  DATA
 0002:00006450 00000044H .rdata$r                DATA
 0002:00006498 00000038H .xdata$x                DATA
 0002:000064d0 00000078H .idata$2                DATA
 0002:00006548 00000014H .idata$3                DATA
 0002:0000655c 00000284H .idata$4                DATA
 0002:000067e0 00000828H .idata$6                DATA
 0002:00007008 00000000H .edata                  DATA
 0003:00000000 00000004H .CRT$XCA                DATA
 0003:00000004 00000084H .CRT$XCU                DATA
 0003:00000088 00000004H .CRT$XCZ                DATA
 0003:0000008c 00000004H .CRT$XIA                DATA
 0003:00000090 00000004H .CRT$XIZ                DATA
 0003:000000a0 0000d43cH .data                   DATA
 0003:0000d4e0 004784f4H .bss                    DATA
 0004:00000000 00000130H .rsrc$01                DATA
 0004:00000130 00003f20H .rsrc$02                DATA

  Address         Publics by Value              Rva+Base     Lib:Object

 0001:00000000       ??3@YAXPAX@Z               00401000 f i CoreMain.obj
 0001:0000000b       ?appInit@@YAXXZ            0040100b f   CoreMain.obj
 0001:0000006e       ?appExit@@YAXXZ            0040106e f   CoreMain.obj
 0001:00000073       ?appLoadDebugSymbols@@YAXXZ 00401073 f   DbgSymbols.obj
 0001:00000276       ?appSymbolName@@YA_NIPADH@Z 00401276 f   DbgSymbols.obj
 0001:00000362       ?appSymbolName@@YAPBDI@Z   00401362 f   DbgSymbols.obj
 0001:00000394       ?appMalloc@@YAPAXIH@Z      00401394 f   Memory.obj
 0001:00000442       ?appFree@@YAXPAX@Z         00401442 f   Memory.obj
 0001:00000470       ?Unlink@FMemHeader@@QAEXXZ 00401470 f i Memory.obj
 0001:0000049b       ?Link@CMemoryChain@@AAEXXZ 0040149b f   Memory.obj
 0001:000004ba       ?Unlink@CMemoryChain@@AAEXXZ 004014ba f   Memory.obj
 0001:000004e5       ??2CMemoryChain@@SAPAXIH@Z 004014e5 f   Memory.obj
 0001:00000557       ??3CMemoryChain@@SAXPAX@Z  00401557 f   Memory.obj
 0001:0000058a       ?Alloc@CMemoryChain@@QAEPAXIH@Z 0040158a f   Memory.obj
 0001:000005f4       ?appInitMemory@@YAXXZ      004015f4 f   Memory.obj
 0001:00000b28       ?sprintf@?$TString@$0BAA@@@QAAHPBDZZ 00401b28 f i Memory.obj
 0001:00000b44       ?Printf@COutputDevice@@QAAXPBDZZ 00401b44 f   OutputDevice.obj
 0001:00000bb4       ?Register@COutputDevice@@QAEXXZ 00401bb4 f   OutputDevice.obj
 0001:00000c10       ?Unregister@COutputDevice@@QAEXXZ 00401c10 f   OutputDevice.obj
 0001:00000c63       ?appPrintf@@YAXPBDZZ       00401c63 f   OutputDevice.obj
 0001:00000d76       ?appWPrintf@@YAXPBDZZ      00401d76 f   OutputDevice.obj
 0001:00000dd3       ??0COutputDeviceFile@@QAE@XZ 00401dd3 f i ErrorMgr.obj
 0001:00000deb       ?Write@COutputDeviceFile@@UAEXPBD@Z 00401deb f i ErrorMgr.obj
 0001:00000e3f       ?Flush@COutputDeviceFile@@UAEXXZ 00401e3f f i ErrorMgr.obj
 0001:00000e4f       ?Close@COutputDeviceFile@@UAEXXZ 00401e4f f i ErrorMgr.obj
 0001:00000e8f       ?appGetErrorLog@@YAPAVCOutputDevice@@XZ 00401e8f f   ErrorMgr.obj
 0001:00000f50       ?Open@COutputDeviceFile@@QAEXPBD_N@Z 00401f50 f i ErrorMgr.obj
 0001:00000f8c       ?appFatalError@@YAXPBDZZ   00401f8c f   ErrorMgr.obj
 0001:00001025       ?appNonFatalError@@YAXPBDZZ 00402025 f   ErrorMgr.obj
 0001:00001083       ?appUnwindPrefix@@YAXPBD@Z 00402083 f   ErrorMgr.obj
 0001:00001133       ?appUnwindThrow@@YAXPBDZZ  00402133 f   ErrorMgr.obj
 0001:000011be       ?Reset@CErrorHandler@@QAEXXZ 004021be f   ErrorMgr.obj
 0001:000011ef       ?appInitError@@YAXXZ       004021ef f   ErrorMgr.obj
 0001:000012ad       ?sprintf@?$TString@$0CAA@@@QAAHPBDZZ 004022ad f i ErrorMgr.obj
 0001:000012c9       ?GetLine@CSimpleParser@@QAEPBDXZ 004022c9 f   ScriptParser.obj
 0001:000013de       ?SkipBraces@CSimpleParser@@QAEPBDXZ 004023de f   ScriptParser.obj
 0001:00001414       ?appStricmp@@YAHPBD0@Z     00402414 f   Strings.obj
 0001:00001449       ?toLower@@YADD@Z           00402449 f i Strings.obj
 0001:00001460       ?appStrcpy@@YAXPADPBD@Z    00402460 f   Strings.obj
 0001:00001473       ?appStrncpylwr@@YAXPADPBDH@Z 00402473 f   Strings.obj
 0001:000014ab       ?appStrncpyz@@YAXPADPBDH@Z 004024ab f   Strings.obj
 0001:000014d8       ?appStrcatn@@YAXPADHPBD@Z  004024d8 f   Strings.obj
 0001:00001503       ?appCopyFilename@@YAXPADPBDH@Z 00402503 f   Strings.obj
 0001:000015a3       ?appCStrlen@@YAHPBD@Z      004025a3 f   Strings.obj
 0001:000015c8       ?appUncolorizeString@@YAXPADPBD@Z 004025c8 f   Strings.obj
 0001:000015f8       ?va@@YAPBDPBDZZ            004025f8 f   Strings.obj
 0001:00001694       ?appSprintf@@YAHPADHPBDZZ  00402694 f   Strings.obj
 0001:000016df       ?appMatchWildcard@@YA_NPBD0_N@Z 004026df f   Strings.obj
 0001:00001860       ?appIsWildcard@@YA_NPBD@Z  00402860 f   Strings.obj
 0001:0000188a       ?CopyString@@YAPADPBD@Z    0040288a f   Strings.obj
 0001:000018ca       ?CopyString@@YAPADPBDPAVCMemoryChain@@@Z 004028ca f   Strings.obj
 0001:000018fe       ??2CStringItem@@SAPAXIPBD@Z 004028fe f   Strings.obj
 0001:00001947       ??2CStringItem@@SAPAXIPBDPAVCMemoryChain@@@Z 00402947 f   Strings.obj
 0001:00001984       ?Find@CStringList@@IAEPAVCStringItem@@PBDPAPAV2@@Z 00402984 f   Strings.obj
 0001:000019c0       ?Find@CStringList@@IAEPAVCStringItem@@H@Z 004029c0 f   Strings.obj
 0001:000019d9       ?IndexOf@CStringList@@QAEHPBD@Z 004029d9 f   Strings.obj
 0001:00001a06       ?Remove@CStringList@@QAE_NPAVCStringItem@@@Z 00402a06 f   Strings.obj
 0001:00001a32       ?Free@CStringList@@QAEXXZ  00402a32 f   Strings.obj
 0001:00001a4b       ?Add@CTextContainer@@QAEPAUCTextRec@@PBD@Z 00402a4b f   TextContainer.obj
 0001:00001af7       ?Enumerate@CTextContainer@@QAEXP6AXPBUCTextRec@@@Z@Z 00402af7 f   TextContainer.obj
 0001:00001b63       ?appMillisecondsf@@YANXZ   00402b63 f   CoreWin32.obj
 0001:00001b9c       ?appMilliseconds@@YAIXZ    00402b9c f   CoreWin32.obj
 0001:00001bd1       ?cpuid@@YAXI@Z             00402bd1 f   CoreWin32.obj
 0001:00001bf4       ?appPackage@@YAPBDXZ       00402bf4 f   CoreWin32.obj
 0001:00001c59       ?appGetSystemErrorMessage@@YAPBDI@Z 00402c59 f   CoreWin32.obj
 0001:00001cbd       ?appDisplayError@@YAXXZ    00402cbd f   CoreWin32.obj
 0001:00001d11       ?appInitPlatform@@YAXXZ    00402d11 f   CoreWin32.obj
 0001:00001fa4       ?appShutdownPlatform@@YAXXZ 00402fa4 f   CoreWin32.obj
 0001:00001fad       ?osAddressInfo@@YA_NIPADHPAH@Z 00402fad f   DbgSymbolsWin32.obj
 0001:00002041       ?osModuleInfo@@YA_NIPADHPAH@Z 00403041 f   DbgSymbolsWin32.obj
 0001:000021e8       ?win32ExceptFilter@@YAHPAU_EXCEPTION_POINTERS@@@Z 004031e8 f   ExceptFilterWin32.obj
 0001:00002679       ?win32ExceptFilter2@@YAHXZ 00403679 f   ExceptFilterWin32.obj
 0001:00002685       ?SCR_StopCinematic@@YAXXZ  00403685 f   cl_cin.obj
 0001:00002719       ?SCR_DrawCinematic@@YA_NXZ 00403719 f   cl_cin.obj
 0001:00002b71       ?SCR_PlayCinematic@@YAXPBD@Z 00403b71 f   cl_cin.obj
 0001:00002ec7       ?sprintf@?$TString@$0EA@@@QAAHPBDZZ 00403ec7 f i cl_cin.obj
 0001:00002ee0       ?CL_Download_f@@YAX_NHPAPAD@Z 00403ee0 f   cl_download.obj
 0001:00003278       ?CL_ParseDownload@@YAXXZ   00404278 f   cl_download.obj
 0001:00003a8e       ?CL_Precache_f@@YAXHPAPAD@Z 00404a8e f   cl_download.obj
 0001:00003aec       ?sprintf@?$TString@$0IA@@@QAAHPBDZZ 00404aec f i cl_download.obj
 0001:00003b08       ?CL_ParseDelta@@YAXPAUclEntityState_t@@0HI_N@Z 00404b08 f   cl_ents.obj
 0001:00003c88       ?CL_ParseFrame@@YAXXZ      00404c88 f   cl_ents.obj
 0001:00004337       ?CL_AddEntityBox@@YAXPAUclEntityState_t@@I@Z 00405337 f   cl_ents.obj
 0001:0000443b       ?Lerp@@YAXABUCVec3@@0MAAU1@@Z 0040543b f i cl_ents.obj
 0001:00004472       ?CL_OffsetThirdPersonView@@YAXXZ 00405472 f   cl_ents.obj
 0001:0000455a       ?CL_AddEntities@@YAXXZ     0040555a f   cl_ents.obj
 0001:0000548f       ?CL_ClearLightStyles@@YAXXZ 0040648f f   cl_fx.obj
 0001:00005511       ?CL_SetLightstyle@@YAXHPBD@Z 00406511 f   cl_fx.obj
 0001:00005572       ?CL_AllocDlight@@YAPAUcdlight_t@@HABUCVec3@@@Z 00406572 f   cl_fx.obj
 0001:000055db       ?CL_AllocParticleTrace@@YAPAUparticleTrace_t@@ABUCVec3@@0MM@Z 004065db f   cl_fx.obj
 0001:0000566a       ?CL_AllocParticleBeam@@YAPAUbeam_t@@ABUCVec3@@0MM@Z 0040666a f   cl_fx.obj
 0001:000056de       ?CL_AllocParticle@@YAPAUparticle_t@@XZ 004066de f   cl_fx.obj
 0001:00005731       ?CL_MetalSparks@@YAXABUCVec3@@0H@Z 00406731 f   cl_fx.obj
 0001:0000581e       ?CL_AddEffects@@YAXXZ      0040681e f   cl_fx.obj
 0001:00005f23       ?CL_ClearEffects@@YAXXZ    00406f23 f   cl_fx.obj
 0001:00005fa5       ?CL_EntityEvent@@YAXPAUclEntityState_t@@@Z 00406fa5 f   cl_fx.obj
 0001:00006159       ?CL_ParseMuzzleFlash@@YAXXZ 00407159 f   cl_fx.obj
 0001:000064c9       ?CL_ParseMuzzleFlash2@@YAXXZ 004074c9 f   cl_fx.obj
 0001:0000693f       ?CL_ParticleEffect@@YAXABUCVec3@@0HH@Z 0040793f f   cl_fx.obj
 0001:00006ae9       ?CL_ParticleEffect2@@YAXABUCVec3@@0HH@Z 00407ae9 f   cl_fx.obj
 0001:00006b11       ?CL_ParticleEffect3@@YAXABUCVec3@@0HH@Z 00407b11 f   cl_fx.obj
 0001:00006b39       ?CL_TeleporterParticles@@YAXPAUclEntityState_t@@@Z 00407b39 f   cl_fx.obj
 0001:00006b58       ?CL_LogoutEffect@@YAXABUCVec3@@H@Z 00407b58 f   cl_fx.obj
 0001:00006b8e       ?CL_ItemRespawnParticles@@YAXABUCVec3@@@Z 00407b8e f   cl_fx.obj
 0001:00006ba9       ?CL_ExplosionParticles@@YAXABUCVec3@@@Z 00407ba9 f   cl_fx.obj
 0001:00006bc7       ?CL_BFGExplosionParticles@@YAXABUCVec3@@@Z 00407bc7 f   cl_fx.obj
 0001:00006be5       ?CL_TrackerExplosionParticles@@YAXABUCVec3@@@Z 00407be5 f   cl_fx.obj
 0001:00006c03       ?CL_BlasterParticles@@YAXABUCVec3@@0I@Z 00407c03 f   cl_fx.obj
 0001:00006c29       ?CL_BlasterTrail@@YAXAAUcentity_t@@@Z 00407c29 f   cl_fx.obj
 0001:00006d2c       ?CL_BlasterTrail2@@YAXAAUcentity_t@@@Z 00407d2c f   cl_fx.obj
 0001:00006d3f       ?CL_FlagTrail@@YAXAAUcentity_t@@H@Z 00407d3f f   cl_fx.obj
 0001:00006d5b       ?CL_RocketTrail@@YAXAAUcentity_t@@@Z 00407d5b f   cl_fx.obj
 0001:00006d9a       ?CL_BubbleTrail@@YAXABUCVec3@@0@Z 00407d9a f   cl_fx.obj
 0001:00006e34       ?CL_BubbleTrail2@@YAXABUCVec3@@0@Z 00407e34 f   cl_fx.obj
 0001:00006e4c       ?CL_TagTrail@@YAXAAUcentity_t@@@Z 00407e4c f   cl_fx.obj
 0001:00006e5f       ?CL_DebugTrail@@YAXABUCVec3@@0@Z 00407e5f f   cl_fx.obj
 0001:00006e77       ?CL_ForceWall@@YAXABUCVec3@@0H@Z 00407e77 f   cl_fx.obj
 0001:00006e98       ?CL_BigTeleportParticles@@YAXABUCVec3@@@Z 00407e98 f   cl_fx.obj
 0001:00006fca       ?CL_BfgParticles@@YAXABUCVec3@@@Z 00407fca f   cl_fx.obj
 0001:00007132       ?CL_FlyEffect@@YAXAAUcentity_t@@@Z 00408132 f   cl_fx.obj
 0001:000072be       ?CL_DiminishingTrail@@YAXAAUcentity_t@@H@Z 004082be f   cl_fx.obj
 0001:00007418       ?CL_RailTrail@@YAXABUCVec3@@0@Z 00408418 f   cl_fx.obj
 0001:0000757f       ?CL_RailTrailExt@@YAXABUCVec3@@0EE@Z 0040857f f   cl_fx.obj
 0001:000076c4       ?CL_IonripperTrail@@YAXAAUcentity_t@@@Z 004086c4 f   cl_fx.obj
 0001:00007813       ?CL_TrapParticles@@YAXABUCVec3@@@Z 00408813 f   cl_fx.obj
 0001:000079a7       ?CL_TeleportParticles@@YAXABUCVec3@@@Z 004089a7 f   cl_fx.obj
 0001:00007add       ?CL_Heatbeam@@YAXABUCVec3@@0@Z 00408add f   cl_fx.obj
 0001:00007d83       ?CL_ParticleSteamEffect@@YAXABUCVec3@@0HHH@Z 00408d83 f   cl_fx.obj
 0001:00007eaf       ?CL_ParticleSmokeEffect@@YAXABUCVec3@@0@Z 00408eaf f   cl_fx.obj
 0001:00007fba       ?CL_TrackerTrail@@YAXAAUcentity_t@@@Z 00408fba f   cl_fx.obj
 0001:00008138       ?CL_TrackerShell@@YAXABUCVec3@@@Z 00409138 f   cl_fx.obj
 0001:000081c4       ?CL_MonsterPlasmaShell@@YAXABUCVec3@@@Z 004091c4 f   cl_fx.obj
 0001:0000824d       ?CL_WidowSplash@@YAXABUCVec3@@@Z 0040924d f   cl_fx.obj
 0001:0000831e       ?IN_CenterView@@YAXXZ      0040931e f   cl_input.obj
 0001:0000833f       ?CL_InitInput@@YAXXZ       0040933f f   cl_input.obj
 0001:000088db       ?CL_SendCmd@@YAXXZ         004098db f   cl_input.obj
 0001:00008f59       ?CL_WriteDemoMessage@@YAXXZ 00409f59 f   cl_main.obj
 0001:00008f9b       ?Cmd_ForwardToServer@@YAXHPAPAD@Z 00409f9b f   cl_main.obj
 0001:0000905e       ?CL_ForwardToServer_f@@YAXHPAPAD@Z 0040a05e f   cl_main.obj
 0001:000090a6       ?CL_Pause@@YAX_N@Z         0040a0a6 f   cl_main.obj
 0001:000090e8       ?CL_Quit_f@@YAXXZ          0040a0e8 f   cl_main.obj
 0001:000090f2       ?CL_Drop@@YAX_N@Z          0040a0f2 f   cl_main.obj
 0001:00009119       ?CL_SendConnectPacket@@YAXXZ 0040a119 f   cl_main.obj
 0001:00009185       ?CL_Connect_f@@YAX_NHPAPAD@Z 0040a185 f   cl_main.obj
 0001:000091f7       ?CL_Rcon_f@@YAXHPAPAD@Z    0040a1f7 f   cl_main.obj
 0001:000092f3       ?CL_Disconnect@@YAXXZ      0040a2f3 f   cl_main.obj
 0001:00009495       ?CL_Disconnect_f@@YAXXZ    0040a495 f   cl_main.obj
 0001:0000949f       ?CL_Changing_f@@YAXXZ      0040a49f f   cl_main.obj
 0001:000094c3       ?CL_Reconnect_f@@YAXXZ     0040a4c3 f   cl_main.obj
 0001:0000955f       ?CL_PingServers_f@@YAXXZ   0040a55f f   cl_main.obj
 0001:00009678       ?CL_Skins_f@@YAXXZ         0040a678 f   cl_main.obj
 0001:00009960       ?CL_ConnectionlessPacket@@YAXXZ 0040a960 f   cl_main.obj
 0001:00009a5d       ?CL_ReadPackets@@YAXXZ     0040aa5d f   cl_main.obj
 0001:00009ba0       ?CL_Userinfo_f@@YAXXZ      0040aba0 f   cl_main.obj
 0001:00009bb8       ?CL_RegisterSounds@@YAXXZ  0040abb8 f   cl_main.obj
 0001:00009bf7       ?CL_Snd_Restart_f@@YAXXZ   0040abf7 f   cl_main.obj
 0001:00009c06       ?CL_WriteConfiguration@@YAXPBD@Z 0040ac06 f   cl_main.obj
 0001:00009cfd       ?CL_WriteConfig_f@@YAX_NHPAPAD@Z 0040acfd f   cl_main.obj
 0001:00009d68       ?CL_FixCvarCheats@@YAXXZ   0040ad68 f   cl_main.obj
 0001:00009db9       ?CL_Frame@@YAXMM@Z         0040adb9 f   cl_main.obj
 0001:0000a0f2       ?CL_ClearState@@YAXXZ      0040b0f2 f   cl_main.obj
 0001:0000a130       ?CL_Init@@YAXXZ            0040b130 f   cl_main.obj
 0001:0000a5fe       ?CL_Shutdown@@YAXXZ        0040b5fe f   cl_main.obj
 0001:0000a655       ?sprintf@?$TString@$0EAA@@@QAAHPBDZZ 0040b655 f i cl_main.obj
 0001:0000a671       ?CL_ParseClientinfo@@YAXH@Z 0040b671 f   cl_parse.obj
 0001:0000a726       ?CL_UpdatePlayerClientInfo@@YAXXZ 0040b726 f   cl_parse.obj
 0001:0000a767       ?CL_ParseServerMessage@@YAXXZ 0040b767 f   cl_parse.obj
 0001:0000af41       ?FreePlayerModelsInfo@@YAXXZ 0040bf41 f   cl_playermodel.obj
 0001:0000af67       ?ScanQuake3Models@@YAXPBD@Z 0040bf67 f   cl_playermodel.obj
 0001:0000b0e6       ?ScanPlayerModels@@YA_NXZ  0040c0e6 f   cl_playermodel.obj
 0001:0000b3a4       ?RunAnimation@@YAXAAUclientInfo_t@@AAUanimState_t@@H@Z 0040c3a4 f   cl_playermodel.obj
 0001:0000b585       ?CL_LoadClientinfo@@YAXAAUclientInfo_t@@PBD_N@Z 0040c585 f   cl_playermodel.obj
 0001:0000c161       ?ParsePlayerEntity@@YAHAAUcentity_t@@AAUclientInfo_t@@PAUclEntityState_t@@ABUentity_t@@PAU4@HH@Z 0040d161 f   cl_playermodel.obj
 0001:0000ccb7       ?Insert@?$TList@VplayerModelInfo_t@@@@QAE_NPAVplayerModelInfo_t@@@Z 0040dcb7 f i cl_playermodel.obj
 0001:0000ccb7       ?Insert@?$TList@VCStringItem@@@@QAE_NPAVCStringItem@@@Z 0040dcb7 f i cl_playermodel.obj
 0001:0000ccb7       ?Insert@?$TList@VshaderScript_t@OpenGLDrv@@@@QAE_NPAVshaderScript_t@OpenGLDrv@@@Z 0040dcb7 f i cl_playermodel.obj
 0001:0000cced       ?CL_CheckPredictionError@@YAXXZ 0040dced f   cl_pred.obj
 0001:0000ce83       ?CL_EntityTrace@@YAXAAUtrace_t@@ABUCVec3@@1ABUCBox@@H@Z 0040de83 f   cl_pred.obj
 0001:0000d21c       ?CL_Trace@@YAXAAUtrace_t@@ABUCVec3@@1ABUCBox@@H@Z 0040e21c f   cl_pred.obj
 0001:0000d298       ?CL_PMpointcontents@@YAHABUCVec3@@@Z 0040e298 f   cl_pred.obj
 0001:0000d424       ?CL_PredictMovement@@YAXXZ 0040e424 f   cl_pred.obj
 0001:0000d7d7       ?DrawString@@YAXHHPBD@Z    0040e7d7 f   cl_scrn.obj
 0001:0000d81c       ?SCR_DebugGraph@@YAXMH@Z   0040e81c f   cl_scrn.obj
 0001:0000d844       ?SCR_CenterPrint@@YAXPBD@Z 0040e844 f   cl_scrn.obj
 0001:0000d94a       ?Key_Message@@YAXH@Z       0040e94a f   cl_scrn.obj
 0001:0000d9e6       ?SCR_SetLevelshot@@YAXPBD@Z 0040e9e6 f   cl_scrn.obj
 0001:0000dadf       ?SCR_BeginLoadingPlaque@@YAXXZ 0040eadf f   cl_scrn.obj
 0001:0000db64       ?SCR_EndLoadingPlaque@@YAX_N@Z 0040eb64 f   cl_scrn.obj
 0001:0000dbe9       ?SCR_ShowConsole@@YAX_N0@Z 0040ebe9 f   cl_scrn.obj
 0001:0000dcae       ?SCR_ToggleConsole@@YAXXZ  0040ecae f   cl_scrn.obj
 0001:0000dcd6       ?SCR_TouchPics@@YAXXZ      0040ecd6 f   cl_scrn.obj
 0001:0000dd2c       ?SCR_UpdateScreen@@YAXXZ   0040ed2c f   cl_scrn.obj
 0001:0000ef70       ?SCR_Init@@YAXXZ           0040ff70 f   cl_scrn.obj
 0001:0000f29f       ?sprintf@?$TString@$0BA@@@QAAHPBDZZ 0041029f f i cl_scrn.obj
 0001:0000f2b8       ?CL_RegisterTEntSounds@@YAXXZ 004102b8 f   cl_tent.obj
 0001:0000f4fd       ?CL_RegisterTEntModels@@YAXXZ 004104fd f   cl_tent.obj
 0001:0000f64a       ?CL_ClearTEnts@@YAXXZ      0041064a f   cl_tent.obj
 0001:0000f67b       ?CL_SmokeAndFlash@@YAXABUCVec3@@@Z 0041067b f   cl_tent.obj
 0001:0000f811       ?CL_ParsePlayerBeam@@YAHPAVCRenderModel@@@Z 00410811 f   cl_tent.obj
 0001:0000f91c       ?CL_ParseLightning@@YAHPAVCRenderModel@@@Z 0041091c f   cl_tent.obj
 0001:0000f9de       ?CL_ParseWidow@@YAXXZ      004109de f   cl_tent.obj
 0001:0000fb14       ?CL_ParseNuke@@YAXXZ       00410b14 f   cl_tent.obj
 0001:0000fc27       ?CL_ParseTEnt@@YAXXZ       00410c27 f   cl_tent.obj
 0001:00010a0e       ?CL_AddBeams@@YAXXZ        00411a0e f   cl_tent.obj
 0001:00010c10       ?CL_AddPlayerBeams@@YAXXZ  00411c10 f   cl_tent.obj
 0001:00011217       ?CL_AddTEnts@@YAXXZ        00412217 f   cl_tent.obj
 0001:00011417       ?V_AddEntity@@YAXPAUentity_t@@@Z 00412417 f   cl_view.obj
 0001:00011452       ?V_AddEntity2@@YAXPAUentity_t@@@Z 00412452 f   cl_view.obj
 0001:00011481       ?AddEntityWithEffects2@@YAXPAUentity_t@@I@Z 00412481 f   cl_view.obj
 0001:0001153d       ?AddEntityWithEffects@@YAXPAUentity_t@@I@Z 0041253d f   cl_view.obj
 0001:0001155c       ?V_AddLight@@YAXABUCVec3@@MMMM@Z 0041255c f   cl_view.obj
 0001:000115a1       ?V_TestEntities@@YAXXZ     004125a1 f   cl_view.obj
 0001:000116ce       ?V_TestLights@@YAXXZ       004126ce f   cl_view.obj
 0001:000117a4       ?V_InitRenderer@@YAXXZ     004127a4 f   cl_view.obj
 0001:00011b8c       ?CalcFov@@YAMMMM@Z         00412b8c f   cl_view.obj
 0001:00011bfa       ?V_RenderView@@YA_NXZ      00412bfa f   cl_view.obj
 0001:0001282e       ?V_Init@@YAXXZ             0041382e f   cl_view.obj
 0001:000128dd       ?Con_ClearNotify@@YAXXZ    004138dd f   console.obj
 0001:000128ec       ?Con_CheckResize@@YAXXZ    004138ec f   console.obj
 0001:00012a13       ?Write@COutputDeviceCon@@UAEXPBD@Z 00413a13 f   console.obj
 0001:00012d0d       ?Con_DrawNotify@@YAX_N@Z   00413d0d f   console.obj
 0001:00012e25       ?Con_DrawConsole@@YAXM@Z   00413e25 f   console.obj
 0001:000130d9       ?Con_ClearTyping@@YAXXZ    004140d9 f   console.obj
 0001:000130f2       ?Key_Console@@YAXHH@Z      004140f2 f   console.obj
 0001:0001353a       ?Con_Init@@YAXXZ           0041453a f   console.obj
 0001:000136ac       ?Key_KeynumToString@@YAPBDH@Z 004146ac f   keys.obj
 0001:0001376c       ?Draw@completeMenu_t@@UAEXXZ 0041476c f i keys.obj
 0001:0001379d       ?KeyDown@completeMenu_t@@UAEPBDH@Z 0041479d f i keys.obj
 0001:000137c6       ?Init@completeMenu_t@@UAE_NXZ 004147c6 f i keys.obj
 0001:000138ed       ?CompleteMenuCallback@completeMenu_t@@SAXPAX@Z 004148ed f i keys.obj
 0001:0001397b       ?CompleteCommand@@YAXXZ    0041497b f   keys.obj
 0001:000140b0       ?Key_SetBinding@@YAXHPBD@Z 004150b0 f   keys.obj
 0001:000140ee       ?Key_FindBinding@@YAHPBDPAHH@Z 004150ee f   keys.obj
 0001:0001413c       ?Key_WriteBindings@@YAXPAVCOutputDevice@@@Z 0041513c f   keys.obj
 0001:00014183       ?Key_Init@@YAXXZ           00415183 f   keys.obj
 0001:00014467       ?Key_Event@@YAXH_N@Z       00415467 f   keys.obj
 0001:000147c0       ?Key_ClearStates@@YAXXZ    004157c0 f   keys.obj
 0001:000147f5       ?M_ForceMenuOn@@YAXXZ      004157f5 f   menu.obj
 0001:00014814       ?Draw@menuMain_t@@UAEXXZ   00415814 f i menu.obj
 0001:00014950       ?KeyDown@menuMain_t@@UAEPBDH@Z 00415950 f i menu.obj
 0001:00014a0c       ?Init@menuMain_t@@UAE_NXZ  00415a0c f i menu.obj
 0001:00014a14       ?M_Menu_Main_f@@YAXXZ      00415a14 f   menu.obj
 0001:00014a2e       ?Init@multiplayerMenu_t@@UAE_NXZ 00415a2e f i menu.obj
 0001:00014b52       ?Init@keysMenu_t@@UAE_NXZ  00415b52 f i menu.obj
 0001:00014d37       ?KeyCursorDrawFunc@keysMenu_t@@SAXPAUmenuFramework_t@@@Z 00415d37 f i menu.obj
 0001:00014d77       ?DrawKeyBindingFunc@keysMenu_t@@SAXPAX@Z 00415d77 f i menu.obj
 0001:00014e3e       ?KeyDown@keysMenu_t@@UAEPBDH@Z 00415e3e f i menu.obj
 0001:00014eeb       ?UnbindCommand@keysMenu_t@@QAEXPAD@Z 00415eeb f i menu.obj
 0001:00014f30       ?KeyBindingFunc@keysMenu_t@@QAEXPAX@Z 00415f30 f i menu.obj
 0001:00014f8f       ?Init@optionsMenu_t@@UAE_NXZ 00415f8f f i menu.obj
 0001:000153ed       ?CrosshairFunc@optionsMenu_t@@SAXPAX@Z 004163ed f i menu.obj
 0001:00015415       ?JoystickFunc@optionsMenu_t@@SAXPAX@Z 00416415 f i menu.obj
 0001:0001542a       ?AlwaysRunFunc@optionsMenu_t@@SAXPAX@Z 0041642a f i menu.obj
 0001:0001543f       ?FreeLookFunc@optionsMenu_t@@SAXPAX@Z 0041643f f i menu.obj
 0001:00015454       ?MouseSpeedFunc@optionsMenu_t@@SAXPAX@Z 00416454 f i menu.obj
 0001:00015471       ?InvertMouseFunc@optionsMenu_t@@SAXPAX@Z 00416471 f i menu.obj
 0001:0001548c       ?LookspringFunc@optionsMenu_t@@SAXPAX@Z 0041648c f i menu.obj
 0001:000154a8       ?LookstrafeFunc@optionsMenu_t@@SAXPAX@Z 004164a8 f i menu.obj
 0001:000154c4       ?UpdateVolumeFunc@optionsMenu_t@@SAXPAX@Z 004164c4 f i menu.obj
 0001:000154e1       ?UpdateCDVolumeFunc@optionsMenu_t@@SAXPAX@Z 004164e1 f i menu.obj
 0001:000154fb       ?SetMenuItemValues@optionsMenu_t@@SAXXZ 004164fb f i menu.obj
 0001:000156d9       ?ResetDefaultsFunc@optionsMenu_t@@SAXPAX@Z 004166d9 f i menu.obj
 0001:000156ee       ?UpdateSoundFunc@optionsMenu_t@@SAXPAX@Z 004166ee f i menu.obj
 0001:000158f1       ?ScanCrosshairs@optionsMenu_t@@SAXXZ 004168f1 f i menu.obj
 0001:0001594e       ?Draw@optionsMenu_t@@UAEXXZ 0041694e f i menu.obj
 0001:000159b3       ?Draw@creditsMenu_t@@UAEXXZ 004169b3 f i menu.obj
 0001:00015a5a       ?KeyDown@creditsMenu_t@@UAEPBDH@Z 00416a5a f i menu.obj
 0001:00015a95       ?Init@creditsMenu_t@@UAE_NXZ 00416a95 f i menu.obj
 0001:00015b5d       ?Init@gameMenu_t@@UAE_NXZ  00416b5d f i menu.obj
 0001:00015ce8       ?EasyGameFunc@gameMenu_t@@SAXPAX@Z 00416ce8 f i menu.obj
 0001:00015cf4       ?StartGame@gameMenu_t@@SAXPBD@Z 00416cf4 f i menu.obj
 0001:00015d4c       ?MediumGameFunc@gameMenu_t@@SAXPAX@Z 00416d4c f i menu.obj
 0001:00015d58       ?HardGameFunc@gameMenu_t@@SAXPAX@Z 00416d58 f i menu.obj
 0001:00015d74       ?Init@savegameMenu_t@@UAE_NXZ 00416d74 f i menu.obj
 0001:00015e84       ?Create_Savestrings@savegameMenu_t@@QAEXXZ 00416e84 f i menu.obj
 0001:00015f2e       ?LoadGameCallback@savegameMenu_t@@SAXPAX@Z 00416f2e f i menu.obj
 0001:00015f57       ?SaveGameCallback@savegameMenu_t@@SAXPAX@Z 00416f57 f i menu.obj
 0001:00015f76       ?Draw@savegameMenu_t@@UAEXXZ 00416f76 f i menu.obj
 0001:00015f91       ?DrawSavegameShot@savegameMenu_t@@QAEXHH@Z 00416f91 f i menu.obj
 0001:0001606c       ?Init@joinserverMenu_t@@UAE_NXZ 0041706c f i menu.obj
 0001:00016195       ?JoinServerFunc@joinserverMenu_t@@SAXPAX@Z 00417195 f i menu.obj
 0001:000161f7       ?SearchLocalGames@joinserverMenu_t@@SAXXZ 004171f7 f i menu.obj
 0001:00016262       ?M_AddToServerList@@YAXUnetadr_t@@PAD@Z 00417262 f   menu.obj
 0001:000162e3       ?Init@startserverMenu_t@@UAE_NXZ 004172e3 f i menu.obj
 0001:00016785       ?DMOptionsFunc@startserverMenu_t@@SAXPAX@Z 00417785 f i menu.obj
 0001:00016795       ?RulesChangeFunc@startserverMenu_t@@SAXPAX@Z 00417795 f i menu.obj
 0001:0001680f       ?StartServerActionFunc@startserverMenu_t@@SAXPAX@Z 0041780f f i menu.obj
 0001:0001683a       ?StartServerFunc@startserverMenu_t@@SAXPAD@Z 0041783a f i menu.obj
 0001:00016a71       ?KeyDown@startserverMenu_t@@UAEPBDH@Z 00417a71 f i menu.obj
 0001:00016ace       ?Init@dmoptionsMenu_t@@UAE_NXZ 00417ace f i menu.obj
 0001:000170ad       ?DMFlagCallback@dmoptionsMenu_t@@SAXPAX@Z 004180ad f i menu.obj
 0001:00017288       ?Init@downloadOptionsMenu_t@@UAE_NXZ 00418288 f i menu.obj
 0001:00017453       ?DownloadCallback@downloadOptionsMenu_t@@SAXPAX@Z 00418453 f i menu.obj
 0001:000174be       ?Init@addressBookMenu_t@@UAE_NXZ 004184be f i menu.obj
 0001:00017566       ?KeyDown@addressBookMenu_t@@UAEPBDH@Z 00418566 f i menu.obj
 0001:000175c3       ?Init@playerConfigMenu_t@@UAE_NXZ 004185c3 f i menu.obj
 0001:00017b0a       ?HandednessCallback@playerConfigMenu_t@@SAXPAX@Z 00418b0a f i menu.obj
 0001:00017b1f       ?RTypeCallback@playerConfigMenu_t@@SAXPAX@Z 00418b1f f i menu.obj
 0001:00017b34       ?RColorCallback@playerConfigMenu_t@@SAXPAX@Z 00418b34 f i menu.obj
 0001:00017b49       ?RateCallback@playerConfigMenu_t@@SAXPAX@Z 00418b49 f i menu.obj
 0001:00017b6c       ?ModelCallback@playerConfigMenu_t@@SAXPAX@Z 00418b6c f i menu.obj
 0001:00017ba0       ?SkinCallback@playerConfigMenu_t@@SAXPAX@Z 00418ba0 f i menu.obj
 0001:00017ba8       ?Draw@playerConfigMenu_t@@UAEXXZ 00418ba8 f i menu.obj
 0001:00017e80       ?KeyDown@playerConfigMenu_t@@UAEPBDH@Z 00418e80 f i menu.obj
 0001:00017f5f       ?Init@dmbrowseMenu_t@@UAE_NXZ 00418f5f f i menu.obj
 0001:00018165       ?KeyDown@dmbrowseMenu_t@@UAEPBDH@Z 00419165 f i menu.obj
 0001:00018329       ?Draw@dmbrowseMenu_t@@UAEXXZ 00419329 f i menu.obj
 0001:0001846e       ?DrawThumbnail@dmbrowseMenu_t@@SAXHHHHPAD_N@Z 0041946e f i menu.obj
 0001:00018555       ?Init@videoMenu_t@@UAE_NXZ 00419555 f i menu.obj
 0001:00018b0e       ?ScreenSizeCallback@videoMenu_t@@SAXPAX@Z 00419b0e f i menu.obj
 0001:00018b2c       ?BrightnessCallback@videoMenu_t@@SAXPAX@Z 00419b2c f i menu.obj
 0001:00018b4a       ?ContrastCallback@videoMenu_t@@SAXPAX@Z 00419b4a f i menu.obj
 0001:00018b83       ?CancelChanges@videoMenu_t@@SAXPAX@Z 00419b83 f i menu.obj
 0001:00018ba4       ?KeyDown@videoMenu_t@@UAEPBDH@Z 00419ba4 f i menu.obj
 0001:00018beb       ?ApplyChanges@videoMenu_t@@SAXPAX@Z 00419beb f i menu.obj
 0001:00018da2       ?KeyDown@quitMenu_t@@UAEPBDH@Z 00419da2 f i menu.obj
 0001:00018dda       ?Draw@quitMenu_t@@UAEXXZ   00419dda f i menu.obj
 0001:00018e4a       ?M_Init@@YAXXZ             00419e4a f   menu.obj
 0001:0001902c       ?ItemAtCursor@menuFramework_t@@QAEPAUmenuCommon_t@@XZ 0041a02c f   qmenu.obj
 0001:00019080       ?AddItem@menuFramework_t@@QAEXPAUmenuCommon_t@@@Z 0041a080 f   qmenu.obj
 0001:0001913c       ?AdjustCursor@menuFramework_t@@QAEXH@Z 0041a13c f   qmenu.obj
 0001:000192ab       ?Center@menuFramework_t@@QAEXXZ 0041a2ab f   qmenu.obj
 0001:000192ec       ?Draw@menuFramework_t@@UAEXXZ 0041a2ec f   qmenu.obj
 0001:000198b1       ?SelectItem@menuFramework_t@@QAE_NXZ 0041a8b1 f   qmenu.obj
 0001:0001990f       ?SetStatusBar@menuFramework_t@@QAEXPBD@Z 0041a90f f   qmenu.obj
 0001:00019919       ?SlideItem@menuFramework_t@@QAEXH@Z 0041a919 f   qmenu.obj
 0001:00019e96       ?Push@menuFramework_t@@QAEXXZ 0041ae96 f   qmenu.obj
 0001:00019f15       ?M_ForceMenuOff@@YAXXZ     0041af15 f   qmenu.obj
 0001:00019f42       ?Pop@menuFramework_t@@QAEXXZ 0041af42 f   qmenu.obj
 0001:00019f7c       ?KeyDown@menuFramework_t@@UAEPBDH@Z 0041af7c f   qmenu.obj
 0001:0001a1f0       ?Init@menuFramework_t@@UAE_NXZ 0041b1f0 f   qmenu.obj
 0001:0001a1f3       ?M_Draw@@YAXXZ             0041b1f3 f   qmenu.obj
 0001:0001a22e       ?M_Keydown@@YAXH@Z         0041b22e f   qmenu.obj
 0001:0001a24d       ?InitRendererVars@@YAXXZ   0041b24d f   ref_vars.obj
 0001:0001a26c       ?S_SoundInfo_f@@YAXXZ      0041b26c f   snd_dma.obj
 0001:0001a2f6       ?S_Init@@YAXXZ             0041b2f6 f   snd_dma.obj
 0001:0001a3c8       ?S_Shutdown@@YAXXZ         0041b3c8 f   snd_dma.obj
 0001:0001a45b       ?S_BeginRegistration@@YAXXZ 0041b45b f   snd_dma.obj
 0001:0001a469       ?S_RegisterSound@@YAPAUsfx_t@@PBD@Z 0041b469 f   snd_dma.obj
 0001:0001a5ff       ?S_EndRegistration@@YAXXZ  0041b5ff f   snd_dma.obj
 0001:0001a682       ?S_PickChannel@@YAPAUchannel_t@@HH@Z 0041b682 f   snd_dma.obj
 0001:0001a70f       ?S_Spatialize@@YAXPAUchannel_t@@@Z 0041b70f f   snd_dma.obj
 0001:0001a8ef       ?S_AllocPlaysound@@YAPAUplaysound_t@@XZ 0041b8ef f   snd_dma.obj
 0001:0001a911       ?S_FreePlaysound@@YAXPAUplaysound_t@@@Z 0041b911 f   snd_dma.obj
 0001:0001a941       ?S_IssuePlaysound@@YAXPAUplaysound_t@@@Z 0041b941 f   snd_dma.obj
 0001:0001aa0e       ?S_StartSound@@YAXPBUCVec3@@HHPAUsfx_t@@MMM@Z 0041ba0e f   snd_dma.obj
 0001:0001adbd       ?S_StartLocalSound@@YAXPBD@Z 0041bdbd f   snd_dma.obj
 0001:0001ae0c       ?S_ClearBuffer@@YAXXZ      0041be0c f   snd_dma.obj
 0001:0001ae75       ?S_StopAllSounds_f@@YAXXZ  0041be75 f   snd_dma.obj
 0001:0001aee5       ?S_AddLoopSounds@@YAXXZ    0041bee5 f   snd_dma.obj
 0001:0001b0bb       ?S_RawSamples@@YAXHHHHPAE@Z 0041c0bb f   snd_dma.obj
 0001:0001b2bf       ?S_Update@@YAXABUCVec3@@0@Z 0041c2bf f   snd_dma.obj
 0001:0001b395       ?GetSoundtime@@YAXXZ       0041c395 f   snd_dma.obj
 0001:0001b3fc       ?S_Update_@@YAXXZ          0041c3fc f   snd_dma.obj
 0001:0001b6af       ?ResampleSfx@@YAXPAUsfx_t@@HHPAE@Z 0041c6af f   snd_mem.obj
 0001:0001b7ca       ?S_LoadSound@@YAPAUsfxcache_t@@PAUsfx_t@@@Z 0041c7ca f   snd_mem.obj
 0001:0001b902       ?GetWavinfo@@YA?AUwavinfo_t@@PADPAEH@Z 0041c902 f   snd_mem.obj
 0001:0001bb44       ?S_WriteLinearBlastStereo16@@YAXXZ 0041cb44 f   snd_mix.obj
 0001:0001bbb8       ?S_TransferStereo16@@YAXPAKH@Z 0041cbb8 f   snd_mix.obj
 0001:0001bc21       ?S_TransferPaintBuffer@@YAXH@Z 0041cc21 f   snd_mix.obj
 0001:0001bd85       ?S_PaintChannels@@YAXH@Z   0041cd85 f   snd_mix.obj
 0001:0001c001       ?S_InitScaletable@@YAXXZ   0041d001 f   snd_mix.obj
 0001:0001c1c2       ?SV_ComputeAnimation@@YAXPAUplayer_state_t@@AAUentityStateEx_t@@PAU2@PAUedict_s@@@Z 0041d1c2 f   sv_anim.obj
 0001:0001c5bf       ?SV_ReadLevelFile@@YAXXZ   0041d5bf f   sv_ccmds.obj
 0001:0001c66d       ?SV_AddressBanned@@YA_NPAUnetadr_t@@@Z 0041d66d f   sv_ccmds.obj
 0001:0001c6ae       ?SV_InitCommands@@YAXXZ    0041d6ae f   sv_ccmds.obj
 0001:0001db08       ?sprintf@?$TString@$0CI@@@QAAHPBDZZ 0041eb08 f i sv_ccmds.obj
 0001:0001db21       ?SV_WriteFrameToClient@@YAXPAUclient_t@@PAVsizebuf_t@@@Z 0041eb21 f   sv_ents.obj
 0001:0001e267       ?SV_RecordDemoMessage@@YAXXZ 0041f267 f   sv_ents.obj
 0001:0001ee3a       ?SV_InitGameLibrary@@YAX_N@Z 0041fe3a f   sv_game.obj
 0001:0001ef80       ?SV_ShutdownGameLibrary@@YAXXZ 0041ff80 f   sv_game.obj
 0001:0001f0dd       ?SV_FindIndex@@YAHPBDHH_N@Z 004200dd f   sv_init.obj
 0001:0001f1ea       ?SV_ModelIndex@@YAHPBD@Z   004201ea f   sv_init.obj
 0001:0001f200       ?SV_SoundIndex@@YAHPBD@Z   00420200 f   sv_init.obj
 0001:0001f219       ?SV_ImageIndex@@YAHPBD@Z   00420219 f   sv_init.obj
 0001:0001f232       ?SV_CreateBaseline@@YAXXZ  00420232 f   sv_init.obj
 0001:0001f2af       ?SV_SpawnServer@@YAXPAD0W4server_state_t@@_N2@Z 004202af f   sv_init.obj
 0001:0001f5d7       ?SV_InitGame@@YAXXZ        004205d7 f   sv_init.obj
 0001:0001f80d       ?SV_Map@@YAX_NPBD0@Z       0042080d f   sv_init.obj
 0001:0001f9cf       ?SV_DropClient@@YAXPAUclient_t@@PAD@Z 004209cf f   sv_main.obj
 0001:0002034b       ??0COutputDeviceMem@@QAE@H@Z 0042134b f i sv_main.obj
 0001:0002037e       ?Close@COutputDevice@@UAEXXZ 0042137e f i sv_main.obj
 0001:0002037e       ?Flush@COutputDevice@@UAEXXZ 0042137e f i sv_main.obj
 0001:0002037f       ?Write@COutputDeviceMem@@UAEXPBD@Z 0042137f f i sv_main.obj
 0001:000203f0       ??_GCOutputDeviceMem@@QAEPAXI@Z 004213f0 f i sv_main.obj
 0001:0002041b       ?SV_ConnectionlessPacket@@YAXXZ 0042141b f   sv_main.obj
 0001:000204e6       ?SV_CalcPings@@YAXXZ       004214e6 f   sv_main.obj
 0001:0002056d       ?SV_GiveMsec@@YAXXZ        0042156d f   sv_main.obj
 0001:000205ac       ?SV_ReadPackets@@YAXXZ     004215ac f   sv_main.obj
 0001:000206f4       ?SV_CheckTimeouts@@YAXXZ   004216f4 f   sv_main.obj
 0001:00020805       ?SV_PostprocessFrame@@YAXXZ 00421805 f   sv_main.obj
 0001:00020cc2       ?SV_MulticastHook@@YAPAVsizebuf_t@@PAV1@0@Z 00421cc2 f   sv_main.obj
 0001:000210b2       ?SV_TraceHook@@YA?AUtrace_t@@ABUCVec3@@PBU2@10PAUedict_s@@H@Z 004220b2 f   sv_main.obj
 0001:00021250       ?SV_Frame@@YAXM@Z          00422250 f   sv_main.obj
 0001:00021509       ?SV_UserinfoChanged@@YAXPAUclient_t@@@Z 00422509 f   sv_main.obj
 0001:000215cd       ?SV_InitVars@@YAXXZ        004225cd f   sv_main.obj
 0001:000215dc       ?SV_Init@@YAXXZ            004225dc f   sv_main.obj
 0001:00021635       ?SV_Shutdown@@YAXPBD_N@Z   00422635 f   sv_main.obj
 0001:0002183b       ?SV_ClientPrintf@@YAXPAUclient_t@@HPBDZZ 0042283b f   sv_send.obj
 0001:00021896       ?SV_BroadcastPrintf@@YAXHPBDZZ 00422896 f   sv_send.obj
 0001:0002196c       ?SV_BroadcastCommand@@YAXPBDZZ 0042296c f   sv_send.obj
 0001:000219c4       ?SV_Multicast@@YAXABUCVec3@@W4multicast_t@@_N@Z 004229c4 f   sv_send.obj
 0001:00021bea       ?SV_MulticastOld@@YAXABUCVec3@@W4multicast_t@@@Z 00422bea f   sv_send.obj
 0001:00021bfd       ?SV_MulticastNew@@YAXABUCVec3@@W4multicast_t@@@Z 00422bfd f   sv_send.obj
 0001:00021c10       ?SV_StartSound@@YAXPBUCVec3@@PAUedict_s@@HHMMM_N@Z 00422c10 f   sv_send.obj
 0001:00021edd       ?SV_StartSoundOld@@YAXPBUCVec3@@PAUedict_s@@HHMMM@Z 00422edd f   sv_send.obj
 0001:00021f0d       ?SV_StartSoundNew@@YAXPBUCVec3@@PAUedict_s@@HHMMM@Z 00422f0d f   sv_send.obj
 0001:00021f3d       ?SV_SendClientDatagram@@YA_NPAUclient_t@@@Z 00422f3d f   sv_send.obj
 0001:00021fff       ?SV_DemoCompleted@@YAXXZ   00422fff f   sv_send.obj
 0001:0002201b       ?SV_RateDrop@@YA_NPAUclient_t@@@Z 0042301b f   sv_send.obj
 0001:00022065       ?SV_SendClientMessages@@YAXXZ 00423065 f   sv_send.obj
 0001:000221cc       ?SV_DrawText3D@@YAXABUCVec3@@PBDI@Z 004231cc f   sv_text.obj
 0001:00022203       ?SV_ClearTexts@@YAXXZ      00423203 f   sv_text.obj
 0001:0002220b       ?SV_DrawTexts@@YAXXZ       0042320b f   sv_text.obj
 0001:0002225c       ?SV_TokenizeString@@YAXPBD@Z 0042325c f   sv_tokenize.obj
 0001:00022333       ?SV_Argc@@YAHXZ            00423333 f   sv_tokenize.obj
 0001:00022339       ?SV_Argv@@YAPADH@Z         00423339 f   sv_tokenize.obj
 0001:00022353       ?SV_Args@@YAPADXZ          00423353 f   sv_tokenize.obj
 0001:00022c03       ?SV_Nextserver@@YAXXZ      00423c03 f   sv_user.obj
 0001:00022c92       ?SV_ClientThink@@YAXPAUclient_t@@PAUusercmd_t@@@Z 00423c92 f   sv_user.obj
 0001:00022cd5       ?SV_ExecuteClientMessage@@YAXPAUclient_t@@@Z 00423cd5 f   sv_user.obj
 0001:00022f9c       ?SV_ClearWorld@@YAXXZ      00423f9c f   sv_world.obj
 0001:000230d7       ?SV_UnlinkEdict@@YAXPAUedict_s@@@Z 004240d7 f   sv_world.obj
 0001:0002319a       ?SV_LinkEdict@@YAXPAUedict_s@@@Z 0042419a f   sv_world.obj
 0001:00023785       ?SV_AreaEdicts@@YAHABUCVec3@@0PAPAUedict_s@@HH@Z 00424785 f   sv_world.obj
 0001:00023936       ?SV_PointContents@@YAHABUCVec3@@@Z 00424936 f   sv_world.obj
 0001:00023a5d       ?SV_Trace@@YAXAAUtrace_t@@ABUCVec3@@1ABUCBox@@PAUedict_s@@H@Z 00424a5d f   sv_world.obj
 0001:00023edc       ?InitByteDirs@@YAXXZ       00424edc f   anorms.obj
 0001:00023f1b       ?Cbuf_AddText@@YAXPBD@Z    00424f1b f   cmd.obj
 0001:00023f7d       ?Cbuf_CopyToDefer@@YAXXZ   00424f7d f   cmd.obj
 0001:00023fc5       ?Cbuf_InsertFromDefer@@YAXXZ 00424fc5 f   cmd.obj
 0001:0002407e       ?Cbuf_Execute@@YAXXZ       0042507e f   cmd.obj
 0001:00024184       ?Cmd_Unalias_f@@YAX_NHPAPAD@Z 00425184 f   cmd.obj
 0001:000241fa       ?Cmd_WriteAliases@@YAXPAVCOutputDevice@@@Z 004251fa f   cmd.obj
 0001:0002422a       ?RegisterCommand@@YA_NPBDP6AXXZH@Z 0042522a f   cmd.obj
 0001:000242f8       ?UnregisterCommand@@YA_NPBD@Z 004252f8 f   cmd.obj
 0001:00024389       ?Cmd_ExecuteString@@YA_NPBD@Z 00425389 f   cmd.obj
 0001:000247dc       ?ExecuteCommand@@YA_NPBDPBUCSimpleCommand@@H@Z 004257dc f   cmd.obj
 0001:00024c06       ?CM_LoadMap@@YAPAUcmodel_t@@PBD_NPAI@Z 00425c06 f   cmodel.obj
 0001:00025337       ?SetSignbits@cplane_t@@QAEXXZ 00426337 f i cmodel.obj
 0001:0002536b       ?SetType@cplane_t@@QAEXXZ  0042636b f i cmodel.obj
 0001:00025527       ?CM_InlineModel@@YAPAUcmodel_t@@PBD@Z 00426527 f   cmodel.obj
 0001:00025568       ?CM_NumClusters@@YAHXZ     00426568 f   cmodel.obj
 0001:0002556e       ?CM_NumInlineModels@@YAHXZ 0042656e f   cmodel.obj
 0001:00025574       ?CM_EntityString@@YAPBDXZ  00426574 f   cmodel.obj
 0001:0002557a       ?CM_LeafContents@@YAHH@Z   0042657a f   cmodel.obj
 0001:000255a1       ?CM_LeafCluster@@YAHH@Z    004265a1 f   cmodel.obj
 0001:00025617       ?CM_LeafArea@@YAHH@Z       00426617 f   cmodel.obj
 0001:000257da       ?CM_HeadnodeForBox@@YAHABUCBox@@@Z 004267da f   cmodel.obj
 0001:0002588f       ?CM_PointLeafnum@@YAHABUCVec3@@H@Z 0042688f f   cmodel.obj
 0001:00025932       ?DistanceTo@cplane_t@@QAEMABUCVec3@@@Z 00426932 f i cmodel.obj
 0001:00025976       ?CM_PointContents@@YAHABUCVec3@@H@Z 00426976 f   cmodel.obj
 0001:000259eb       ?CM_TransformedPointContents@@YAHABUCVec3@@H00@Z 004269eb f   cmodel.obj
 0001:00025acc       ?CM_TransformedPointContents@@YAHABUCVec3@@H0ABUCAxis@@@Z 00426acc f   cmodel.obj
 0001:00025b77       ?CM_BoxLeafnums@@YAHABUCBox@@PAHH1H@Z 00426b77 f   cmodel.obj
 0001:00025c80       ?BOX_ON_PLANE_SIDE@@YAHABUCBox@@ABUcplane_t@@@Z 00426c80 f i cmodel.obj
 0001:00025cea       ?CM_BoxTrace@@YAXAAUtrace_t@@ABUCVec3@@1ABUCBox@@HH@Z 00426cea f   cmodel.obj
 0001:0002668c       ?CM_TransformedBoxTrace@@YAXAAUtrace_t@@ABUCVec3@@1ABUCBox@@HH11@Z 0042768c f   cmodel.obj
 0001:00026809       ?CM_TransformedBoxTrace@@YAXAAUtrace_t@@ABUCVec3@@1ABUCBox@@HH1ABUCAxis@@@Z 00427809 f   cmodel.obj
 0001:000268c6       ?CM_BrushTrace@@YAHABUCVec3@@0PAHH@Z 004278c6 f   cmodel.obj
 0001:00026cd8       ?CM_RefineBrushTrace@@YAHABUCVec3@@0PAHH@Z 00427cd8 f   cmodel.obj
 0001:00026d7e       ?CM_ClusterPVS@@YAPAEH@Z   00427d7e f   cmodel.obj
 0001:00026ec2       ?CM_ClusterPHS@@YAPAEH@Z   00427ec2 f   cmodel.obj
 0001:00027025       ?CM_SetAreaPortalState@@YAXH_N@Z 00428025 f   cmodel.obj
 0001:0002704a       ?CM_AreasConnected@@YA_NHH@Z 0042804a f   cmodel.obj
 0001:0002708e       ?CM_WriteAreaBits@@YAHPAEH@Z 0042808e f   cmodel.obj
 0001:00027130       ?CM_WritePortalState@@YAXPAU_iobuf@@@Z 00428130 f   cmodel.obj
 0001:0002714a       ?CM_ReadPortalState@@YAXPAU_iobuf@@@Z 0042814a f   cmodel.obj
 0001:00027168       ?CM_HeadnodeVisible@@YA_NHPBE@Z 00428168 f   cmodel.obj
 0001:00027243       ?Com_DPrintf@@YAXPBDZZ     00428243 f   common.obj
 0001:000272bc       ?DebugPrintf@@YAXPBDZZ     004282bc f   common.obj
 0001:00027366       ?Com_Quit@@YAXXZ           00428366 f   common.obj
 0001:0002737e       ?IPWildcard@@YA_NPAUnetadr_t@@PBD@Z 0042837e f   common.obj
 0001:00027458       ?Com_ServerState@@YA?AW4server_state_t@@XZ 00428458 f   common.obj
 0001:0002745e       ?Com_SetServerState@@YAXW4server_state_t@@@Z 0042845e f   common.obj
 0001:00027468       ?frand@@YAMXZ              00428468 f   common.obj
 0001:00027480       ?crand@@YAMXZ              00428480 f   common.obj
 0001:0002749e       ?Info_ValueForKey@@YAPBDPBD0@Z 0042849e f   common.obj
 0001:0002751d       ?Info_SetValueForKey@@YAXPADPBD1@Z 0042851d f   common.obj
 0001:00027680       ?Info_Print@@YAXPBD@Z      00428680 f   common.obj
 0001:00027706       ?Com_CheckCmdlineVar@@YA_NPBD@Z 00428706 f   common.obj
 0001:0002775c       ?Com_Init@@YAXPBD@Z        0042875c f   common.obj
 0001:00027b1b       ?Com_Frame@@YAXM@Z         00428b1b f   common.obj
 0001:00027f2a       ?Com_BlockSequenceCRCByte@@YAEPAEHH@Z 00428f2a f   crc.obj
 0001:00027fe0       ?Cvar_VariableValue@@YAMPBD@Z 00428fe0 f   cvar.obj
 0001:0002804e       ?Cvar_VariableInt@@YAHPBD@Z 0042904e f   cvar.obj
 0001:00028061       ?Cvar_VariableString@@YAPBDPBD@Z 00429061 f   cvar.obj
 0001:00028079       ?Cvar_Get@@YAPAUcvar_t@@PBD0H@Z 00429079 f   cvar.obj
 0001:000283d5       ?Cvar_GetVars@@YAXPBUcvarInfo_t@@H@Z 004293d5 f   cvar.obj
 0001:0002847f       ?Cvar_FullSet@@YAXPAUcvar_t@@PBDI@Z 0042947f f   cvar.obj
 0001:000284b1       ?Cvar_FullSet@@YAPAUcvar_t@@PBD0I@Z 004294b1 f   cvar.obj
 0001:000284f1       ?Cvar_SetValue@@YAPAUcvar_t@@PBDM@Z 004294f1 f   cvar.obj
 0001:000286be       ?Cvar_SetInteger@@YAPAUcvar_t@@PBDH@Z 004296be f   cvar.obj
 0001:000286e0       ?Cvar_Set@@YAPAUcvar_t@@PBD0@Z 004296e0 f   cvar.obj
 0001:000286f5       ?Cvar_ForceSet@@YAPAUcvar_t@@PBD0@Z 004296f5 f   cvar.obj
 0001:0002870a       ?Cvar_Clamp@@YAMPAUcvar_t@@MM@Z 0042970a f   cvar.obj
 0001:00028768       ?Cvar_Command@@YA_NHPAPAD@Z 00429768 f   cvar.obj
 0001:00028801       ?IsDefault@cvar_t@@QAE_NXZ 00429801 f i cvar.obj
 0001:0002881e       ?Cvar_WriteVariables@@YAXPAVCOutputDevice@@HHPBD@Z 0042981e f   cvar.obj
 0001:000288a4       ?Cvar_Userinfo@@YAPBDXZ    004298a4 f   cvar.obj
 0001:000288ff       ?Cvar_Serverinfo@@YAPBDXZ  004298ff f   cvar.obj
 0001:00028908       ?Cvar_Cheats@@YAX_N@Z      00429908 f   cvar.obj
 0001:0002917c       ?MSG_WriteDeltaEntity@@YAXPAVsizebuf_t@@PBUentityStateEx_t@@PAU2@_N33@Z 0042a17c f   entdelta.obj
 0001:00029738       ?MSG_WriteRemoveEntity@@YAXPAVsizebuf_t@@H@Z 0042a738 f   entdelta.obj
 0001:00029778       ?MSG_ReadEntityBits@@YAHPAVsizebuf_t@@PAIPA_N@Z 0042a778 f   entdelta.obj
 0001:000297e9       ?MSG_ReadDeltaEntity@@YAXPAVsizebuf_t@@PBUentityStateEx_t@@PAU2@I@Z 0042a7e9 f   entdelta.obj
 0001:0002986c       ?MSG_WriteDeltaUsercmd@@YAXPAVsizebuf_t@@PBUusercmd_t@@PAU2@@Z 0042a86c f   entdelta.obj
 0001:000298fb       ?MSG_ReadDeltaUsercmd@@YAXPAVsizebuf_t@@PBUusercmd_t@@PAU2@@Z 0042a8fb f   entdelta.obj
 0001:00029bfe       ?MSG_WriteDeltaPlayerstate@@YAXPAVsizebuf_t@@PBUplayer_state_t@@PAU2@@Z 0042abfe f   entdelta.obj
 0001:00029d07       ?MSG_ReadDeltaPlayerstate@@YAXPAVsizebuf_t@@PBUplayer_state_t@@PAU2@@Z 0042ad07 f   entdelta.obj
 0001:00029ddb       ?FS_CreatePath@@YAXPBD@Z   0042addb f   files.obj
 0001:00029e47       ?FS_CopyFile@@YAXPBD0@Z    0042ae47 f   files.obj
 0001:00029f4a       ?FS_CopyFiles@@YAXPBD0@Z   0042af4a f   files.obj
 0001:0002a023       ?FS_RemoveFiles@@YAXPBD@Z  0042b023 f   files.obj
 0001:0002a097       ?FS_FCloseFile@@YAXPAVQFILE@@@Z 0042b097 f   files.obj
 0001:0002a135       ?FS_FOpenFile@@YAPAVQFILE@@PBDPAH@Z 0042b135 f   files.obj
 0001:0002a63a       ?FS_FileExists@@YA_NPBD@Z  0042b63a f   files.obj
 0001:0002a843       ?FS_Read@@YAXPAXHPAVQFILE@@@Z 0042b843 f   files.obj
 0001:0002aaa7       ?FS_LoadFile@@YAPAXPBDPAI@Z 0042baa7 f   files.obj
 0001:0002ab4a       ?FS_FreeFile@@YAXPAX@Z     0042bb4a f   files.obj
 0001:0002ab55       ?FS_Gamedir@@YAPBDXZ       0042bb55 f   files.obj
 0001:0002ab69       ?FS_LoadGameConfig@@YAXXZ  0042bb69 f   files.obj
 0001:0002ac29       ?FS_SetGamedir@@YA_NPBD@Z  0042bc29 f   files.obj
 0001:0002b2ff       ?FS_ListFiles@@YA?AV?$TList@VCStringItem@@@@PBDH@Z 0042c2ff f   files.obj
 0001:0002b69c       ?FS_NextPath@@YAPADPBD@Z   0042c69c f   files.obj
 0001:0002b6c0       ?FS_InitFilesystem@@YAXXZ  0042c6c0 f   files.obj
 0001:0002c039       ?CreateAndInsert@?$TList@VCStringItem@@@@QAEPAVCStringItem@@PBD@Z 0042d039 f i files.obj
 0001:0002c05b       ?LoadPCX@@YAXPBDAAPAE1AAH2@Z 0042d05b f   images.obj
 0001:0002c192       ?LoadTGA@@YAXPBDAAPAEAAH2@Z 0042d192 f   images.obj
 0001:0002c368       ?LoadJPG@@YAXPBDAAPAEAAH2@Z 0042d368 f   images.obj
 0001:0002c5f4       ?ImageExists@@YAHPBDH@Z    0042d5f4 f   images.obj
 0001:0002c716       ?WriteTGA@@YA_NPBDPAEHH@Z  0042d716 f   images.obj
 0001:0002c90a       ?WriteJPG@@YA_NPBDPAEHH_N@Z 0042d90a f   images.obj
 0001:0002ca3b       ?MD4Init@@YAXPAUMD4_CTX@@@Z 0042da3b f   md4.obj
 0001:0002ca63       ?MD4Update@@YAXPAUMD4_CTX@@PAEI@Z 0042da63 f   md4.obj
 0001:0002cb01       ?MD4Final@@YAXQAEPAUMD4_CTX@@@Z 0042db01 f   md4.obj
 0001:0002d1f2       ?Com_BlockChecksum@@YAIPAXH@Z 0042e1f2 f   md4.obj
 0001:0002d22e       ?LoadQ2BspFile@@YAXXZ      0042e22e f   model.obj
 0001:0002d5e4       ?LoadBspFile@@YAPAUbspfile_t@@PBD_NPAI@Z 0042e5e4 f   model.obj
 0001:0002d792       ?ProcessEntstring@@YAPADPAD@Z 0042e792 f   model.obj
 0001:0002e639       ?Init@sizebuf_t@@QAEXPAXH@Z 0042f639 f   msg.obj
 0001:0002e654       ?Write@sizebuf_t@@QAEXPBXH@Z 0042f654 f   msg.obj
 0001:0002e6c4       ?MSG_WriteByte@@YAXPAVsizebuf_t@@H@Z 0042f6c4 f   msg.obj
 0001:0002e6c4       ?MSG_WriteChar@@YAXPAVsizebuf_t@@H@Z 0042f6c4 f   msg.obj
 0001:0002e6d5       ?MSG_WriteShort@@YAXPAVsizebuf_t@@H@Z 0042f6d5 f   msg.obj
 0001:0002e6e6       ?MSG_WriteLong@@YAXPAVsizebuf_t@@H@Z 0042f6e6 f   msg.obj
 0001:0002e6e6       ?MSG_WriteFloat@@YAXPAVsizebuf_t@@M@Z 0042f6e6 f   msg.obj
 0001:0002e6f7       ?MSG_WriteString@@YAXPAVsizebuf_t@@PBD@Z 0042f6f7 f   msg.obj
 0001:0002e721       ?MSG_WritePos@@YAXPAVsizebuf_t@@ABUCVec3@@@Z 0042f721 f   msg.obj
 0001:0002e785       ?MSG_WriteAngle@@YAXPAVsizebuf_t@@M@Z 0042f785 f   msg.obj
 0001:0002e7b0       ?MSG_WriteAngle16@@YAXPAVsizebuf_t@@M@Z 0042f7b0 f   msg.obj
 0001:0002e7db       ?MSG_WriteDir@@YAXPAVsizebuf_t@@ABUCVec3@@@Z 0042f7db f   msg.obj
 0001:0002e843       ?MSG_ReadDir@@YAXPAVsizebuf_t@@AAUCVec3@@@Z 0042f843 f   msg.obj
 0001:0002e874       ?MSG_ReadChar@@YAHPAVsizebuf_t@@@Z 0042f874 f   msg.obj
 0001:0002e894       ?MSG_ReadByte@@YAHPAVsizebuf_t@@@Z 0042f894 f   msg.obj
 0001:0002e8b4       ?MSG_ReadShort@@YAHPAVsizebuf_t@@@Z 0042f8b4 f   msg.obj
 0001:0002e8d4       ?MSG_ReadLong@@YAHPAVsizebuf_t@@@Z 0042f8d4 f   msg.obj
 0001:0002e8f3       ?MSG_ReadString@@YAPADPAVsizebuf_t@@@Z 0042f8f3 f   msg.obj
 0001:0002e926       ?MSG_ReadPos@@YAXPAVsizebuf_t@@AAUCVec3@@@Z 0042f926 f   msg.obj
 0001:0002e978       ?MSG_ReadAngle@@YAMPAVsizebuf_t@@@Z 0042f978 f   msg.obj
 0001:0002e992       ?MSG_ReadAngle16@@YAMPAVsizebuf_t@@@Z 0042f992 f   msg.obj
 0001:0002e9ac       ?MSG_ReadData@@YAXPAVsizebuf_t@@PAXH@Z 0042f9ac f   msg.obj
 0001:0002e9cf       ?Netchan_Init@@YAXXZ       0042f9cf f   net_chan.obj
 0001:0002ea43       ?Netchan_OutOfBandPrint@@YAXW4netsrc_t@@Unetadr_t@@PBDZZ 0042fa43 f   net_chan.obj
 0001:0002eac8       ?Setup@netchan_t@@QAEXW4netsrc_t@@Unetadr_t@@H@Z 0042fac8 f   net_chan.obj
 0001:0002eb1e       ?NeedReliable@netchan_t@@QAE_NXZ 0042fb1e f   net_chan.obj
 0001:0002eb43       ?Transmit@netchan_t@@QAEXPAXH@Z 0042fb43 f   net_chan.obj
 0001:0002ecde       ?Process@netchan_t@@QAE_NPAVsizebuf_t@@@Z 0042fcde f   net_chan.obj
 0001:0002ee0c       ?Pmove@@YAXPAUpmove_t@@@Z  0042fe0c f   pmove.obj
 0001:00030af5       ?NormalizeColor@@YAMABUCVec3@@AAU1@@Z 00431af5 f   q_shared2.obj
 0001:00030b51       ?NormalizeColor255@@YAMABUCVec3@@AAU1@@Z 00431b51 f   q_shared2.obj
 0001:00030bb1       ?appRsqrt@@YAMM@Z          00431bb1 f   q_shared2.obj
 0001:00030bdd       ?AngleVectors@@YAXABUCVec3@@PAU1@11@Z 00431bdd f   q_shared2.obj
 0001:00030d3e       ?MakeNormalVectors@@YAXABUCVec3@@AAU1@1@Z 00431d3e f   q_shared2.obj
 0001:00030dad       ?Vec2Angles@@YAXABUCVec3@@AAU1@@Z 00431dad f   q_shared2.obj
 0001:00030eb0       ?Vec2Yaw@@YAMABUCVec3@@@Z  00431eb0 f   q_shared2.obj
 0001:00030f23       ?VectorLength@@YAMABUCVec3@@@Z 00431f23 f   q_shared2.obj
 0001:00030f52       ?VectorDistance@@YAMABUCVec3@@0@Z 00431f52 f   q_shared2.obj
 0001:00030f83       ?LerpAngle@@YAMMMM@Z       00431f83 f   q_shared2.obj
 0001:00030fc6       ?AngleMod@@YAMM@Z          00431fc6 f   q_shared2.obj
 0001:00030ff2       ?AngleSubtract@@YAMMM@Z    00431ff2 f   q_shared2.obj
 0001:00031029       ?AnglesSubtract@@YAXABUCVec3@@0AAU1@@Z 00432029 f   q_shared2.obj
 0001:00031081       ?Normalize@CVec3@@QAEMXZ   00432081 f   q_shared2.obj
 0001:000310d3       ?VectorNormalize@@YAMABUCVec3@@AAU1@@Z 004320d3 f   q_shared2.obj
 0001:0003112b       ?NormalizeFast@CVec3@@QAEMXZ 0043212b f   q_shared2.obj
 0001:0003117c       ?cross@@YAXABUCVec3@@0AAU1@@Z 0043217c f   q_shared2.obj
 0001:000311b7       ?Clear@CBox@@QAEXXZ        004321b7 f   q_shared2.obj
 0001:000311d5       ?Expand@CBox@@QAEXABUCVec3@@@Z 004321d5 f   q_shared2.obj
 0001:00031204       ?Expand@CBox@@QAEXABU1@@Z  00432204 f   q_shared2.obj
 0001:00031240       ?GetCenter@CBox@@QAEXAAUCVec3@@@Z 00432240 f   q_shared2.obj
 0001:00031260       ?OnPlaneSide@CBox@@QBEHABUcplane_t@@@Z 00432260 f   q_shared2.obj
 0001:0003138f       ?FromAngles@CAxis@@QAEXABUCVec3@@@Z 0043238f f   q_shared2.obj
 0001:000313ce       ?TransformVector@CAxis@@QBEXABUCVec3@@AAU2@@Z 004323ce f   q_shared2.obj
 0001:0003141f       ?UnTransformVector@CAxis@@QBEXABUCVec3@@AAU2@@Z 0043241f f   q_shared2.obj
 0001:00031483       ?TransformAxis@CAxis@@QBEXABU1@AAU1@@Z 00432483 f   q_shared2.obj
 0001:000314c9       ?UnTransformAxis@CAxis@@QBEXABU1@AAU1@@Z 004324c9 f   q_shared2.obj
 0001:0003150f       ?TransformPoint@CCoords@@QBEXABUCVec3@@AAU2@@Z 0043250f f   q_shared2.obj
 0001:0003156d       ?UnTransformPoint@CCoords@@QBEXABUCVec3@@AAU2@@Z 0043256d f   q_shared2.obj
 0001:000315da       ?UnTransformCoords@CCoords@@QBEXABU1@AAU1@@Z 004325da f   q_shared2.obj
 0001:00031604       ?TransformPlane@CCoords@@QBEXABUcplane_t@@AAU2@@Z 00432604 f   q_shared2.obj
 0001:0003163c       ?TransformPoint@@YAXABUCVec3@@ABUCAxis@@0AAU1@@Z 0043263c f   q_shared2.obj
 0001:0003169f       ?UnTransformPoint@@YAXABUCVec3@@ABUCAxis@@0AAU1@@Z 0043269f f   q_shared2.obj
 0001:0003170f       ?ShortSwap@@YAFF@Z         0043270f f   q_shared2.obj
 0001:00031724       ?COM_Parse@@YAPADAAPBD_N@Z 00432724 f   q_shared2.obj
 0001:00031844       ?COM_QuoteString@@YAPBDPBD_N@Z 00432844 f   q_shared2.obj
 0001:0003189f       ?Zip_OpenArchive@@YAPAU_iobuf@@PBD@Z 0043289f f   zip.obj
 0001:0003190a       ?Zip_CloseArchive@@YAXPAU_iobuf@@@Z 0043290a f   zip.obj
 0001:00031916       ?Zip_EnumArchive@@YA_NPAU_iobuf@@P6A_NPAUzipFile_t@@@Z@Z 00432916 f   zip.obj
 0001:00031af3       ?Zip_OpenFile@@YAPAUZFILE@@PAU_iobuf@@PAUzipFile_t@@@Z 00432af3 f   zip.obj
 0001:00031bd7       ?Zip_ReadFile@@YAHPAUZFILE@@PAXH@Z 00432bd7 f   zip.obj
 0001:00031ccd       ?Zip_CloseFile@@YA_NPAUZFILE@@@Z 00432ccd f   zip.obj
 0001:00031d11       ?Zip_OpenBuf@@YAPAUZBUF@@PAXH@Z 00432d11 f   zip.obj
 0001:00031d4f       ?Zip_ReadBuf@@YAHPAUZBUF@@PAXH@Z 00432d4f f   zip.obj
 0001:00031d97       ?Zip_CloseBuf@@YAXPAUZBUF@@@Z 00432d97 f   zip.obj
 0001:00031dac       _zcalloc                   00432dac f   zip.obj
 0001:00031dc0       _zcfree                    00432dc0 f   zip.obj
 0001:00031dcb       ?CDAudio_Play2@@YAXH_N@Z   00432dcb f   cd_win.obj
 0001:00031faa       ?CDAudio_Play@@YAXH_N@Z    00432faa f   cd_win.obj
 0001:00031fc1       ?CDAudio_Stop@@YAXXZ       00432fc1 f   cd_win.obj
 0001:00032006       ?CDAudio_Pause@@YAXXZ      00433006 f   cd_win.obj
 0001:0003205f       ?CDAudio_Resume@@YAXXZ     0043305f f   cd_win.obj
 0001:000320ce       ?CDAudio_Update@@YAXXZ     004330ce f   cd_win.obj
 0001:00032102       ?CDAudio_Init@@YAHXZ       00433102 f   cd_win.obj
 0001:00032564       ?CDAudio_Shutdown@@YAXXZ   00433564 f   cd_win.obj
 0001:00032597       ?CDAudio_Activate@@YAX_N@Z 00433597 f   cd_win.obj
 0001:000325a8       ?IN_Commands@@YAXXZ        004335a8 f   in_win.obj
 0001:000326d0       ?IN_Init@@YAXXZ            004336d0 f   in_win.obj
 0001:00032b0f       ?IN_Shutdown@@YAXXZ        00433b0f f   in_win.obj
 0001:00032d5e       ?IN_Move@@YAXPAUusercmd_t@@@Z 00433d5e f   in_win.obj
 0001:0003333b       ?IN_Activate@@YAX_N@Z      0043433b f   in_win.obj
 0001:00033345       ?IN_Frame@@YAXXZ           00434345 f   in_win.obj
 0001:000336ad       ?NET_CompareAdr@@YA_NPAUnetadr_t@@0@Z 004346ad f   net_wins.obj
 0001:000336e9       ?NET_CompareBaseAdr@@YA_NPAUnetadr_t@@0@Z 004346e9 f   net_wins.obj
 0001:00033718       ?NET_AdrToString@@YAPADPAUnetadr_t@@@Z 00434718 f   net_wins.obj
 0001:00033774       ?NET_StringToAdr@@YA_NPBDPAUnetadr_t@@@Z 00434774 f   net_wins.obj
 0001:00033879       ?NET_IsLocalAddress@@YA_NPAUnetadr_t@@@Z 00434879 f   net_wins.obj
 0001:00033885       ?NET_GetLoopPacket@@YA_NW4netsrc_t@@PAUnetadr_t@@PAVsizebuf_t@@@Z 00434885 f   net_wins.obj
 0001:0003390e       ?NET_SendLoopPacket@@YAXW4netsrc_t@@HPAXUnetadr_t@@@Z 0043490e f   net_wins.obj
 0001:00033963       ?NET_GetPacket@@YA_NW4netsrc_t@@PAUnetadr_t@@PAVsizebuf_t@@@Z 00434963 f   net_wins.obj
 0001:00033a3c       ?NET_SendPacket@@YAXW4netsrc_t@@HPAXUnetadr_t@@@Z 00434a3c f   net_wins.obj
 0001:00033b1d       ?NET_Config@@YAX_N@Z       00434b1d f   net_wins.obj
 0001:00033cec       ?NET_Init@@YAXXZ           00434cec f   net_wins.obj
 0001:00033d6a       ?Sys_Mkdir@@YAXPAD@Z       00434d6a f   fs_win.obj
 0001:00033d76       ?Sys_FindFirst@@YAPBDPBDH@Z 00434d76 f   fs_win.obj
 0001:00033e30       ?Sys_FindNext@@YAPBDXZ     00434e30 f   fs_win.obj
 0001:00033e9a       ?Sys_FindClose@@YAXXZ      00434e9a f   fs_win.obj
 0001:00033eb4       ?Sys_FileExists@@YA_NPBDH@Z 00434eb4 f   fs_win.obj
 0001:00033ed2       ?SNDDMA_Init@@YA_NXZ       00434ed2 f   snd_win.obj
 0001:00034511       ?SNDDMA_GetDMAPos@@YAHXZ   00435511 f   snd_win.obj
 0001:0003455b       ?SNDDMA_BeginPainting@@YAXXZ 0043555b f   snd_win.obj
 0001:00034673       ?SNDDMA_Submit@@YAXXZ      00435673 f   snd_win.obj
 0001:00034698       ?SNDDMA_Shutdown@@YAXXZ    00435698 f   snd_win.obj
 0001:0003469d       ?S_Activate@@YAX_N@Z       0043569d f   snd_win.obj
 0001:000346c8       ?Sys_Quit@@YAXXZ           004356c8 f   sys_win.obj
 0001:00034707       ?Write@COutputDeviceWin32Console@@UAEXPBD@Z 00435707 f i sys_win.obj
 0001:0003477f       ?EraseInput@COutputDeviceWin32Console@@QAEXXZ 0043577f f i sys_win.obj
 0001:000347ee       ?Sys_ConsoleInput@@YAPADXZ 004357ee f   sys_win.obj
 0001:00034a77       ?Sys_ProcessMessages@@YAXXZ 00435a77 f   sys_win.obj
 0001:00034b2f       ?Sys_UnloadGame@@YAXXZ     00435b2f f   sys_win.obj
 0001:00034baa       ?Sys_GetGameAPI@@YAPAXPAX@Z 00435baa f   sys_win.obj
 0001:00034cf6       _WinMain@16                00435cf6 f   sys_win.obj
 0001:00034fd4       ?Init@COutputDeviceWin32Console@@QAEXXZ 00435fd4 f i sys_win.obj
 0001:00034ffe       ?AddMsgHook@@YAXP6A_NIIJ@Z@Z 00435ffe f   vid_dll.obj
 0001:00035042       ?RemoveMsgHook@@YAXP6A_NIIJ@Z@Z 00436042 f   vid_dll.obj
 0001:00035071       ?Vid_CreateWindow@@YAPAXHH_N@Z 00436071 f   vid_dll.obj
 0001:0003577a       ?Vid_DestroyWindow@@YAX_N@Z 0043677a f   vid_dll.obj
 0001:000357b6       ?Vid_Restart@@YAXXZ        004367b6 f   vid_dll.obj
 0001:000357c2       ?Vid_GetModeInfo@@YA_NPAH0H@Z 004367c2 f   vid_dll.obj
 0001:000357f2       ?Vid_Tick@@YAXXZ           004367f2 f   vid_dll.obj
 0001:000359a2       ?Vid_Init@@YAXXZ           004369a2 f   vid_dll.obj
 0001:00035a68       ?Vid_Shutdown@@YAXXZ       00436a68 f   vid_dll.obj
 0001:00035a87       ?Tesselate@surfacePlanar_t@OpenGLDrv@@UAEXAAUrefEntity_t@2@@Z 00436a87 f   gl_backend.obj
 0001:00036463       ?Negate@CVec3@@QAEXXZ      00437463 f i gl_backend.obj
 0001:00037fc4       ?Tesselate@surfacePoly_t@OpenGLDrv@@UAEXAAUrefEntity_t@2@@Z 00438fc4 f   gl_backend.obj
 0001:000380cb       ?Tesselate@surfaceMd3_t@OpenGLDrv@@UAEXAAUrefEntity_t@2@@Z 004390cb f   gl_backend.obj
 0001:000384b5       ?DrawTriangles@OpenGLDrv@@YA_NXZ 004394b5 f   gl_backend.obj
 0001:000385ca       ?DrawNormals@OpenGLDrv@@YA_NXZ 004395ca f   gl_backend.obj
 0001:000386d4       ?Tesselate@surfaceEntity_t@OpenGLDrv@@UAEXAAUrefEntity_t@2@@Z 004396d4 f   gl_backend.obj
 0001:000387b8       ?Tesselate@surfaceParticle_t@OpenGLDrv@@UAEXAAUrefEntity_t@2@@Z 004397b8 f   gl_backend.obj
 0001:00038a08       ?BK_DrawScene@OpenGLDrv@@YAXXZ 00439a08 f   gl_backend.obj
 0001:0003902f       ?BK_DrawPic@OpenGLDrv@@YAXPAVshader_t@1@HHHHMMMMIE@Z 0043a02f f   gl_backend.obj
 0001:00039210       ?BK_DrawText@OpenGLDrv@@YAXPBDHHHHHI@Z 0043a210 f   gl_backend.obj
 0001:00039405       ?BK_BeginFrame@OpenGLDrv@@YAXXZ 0043a405 f   gl_backend.obj
 0001:00039469       ?BK_EndFrame@OpenGLDrv@@YAXXZ 0043a469 f   gl_backend.obj
 0001:000394a8       ?BK_Init@OpenGLDrv@@YAXXZ  0043a4a8 f   gl_backend.obj
 0001:000394d7       ?BK_Shutdown@OpenGLDrv@@YAXXZ 0043a4d7 f   gl_backend.obj
 0001:000394ef       ?AllocDynamicMemory@OpenGLDrv@@YAPAXH@Z 0043a4ef f   gl_buffers.obj
 0001:0003955a       ?ResizeDynamicMemory@OpenGLDrv@@YAXPAXH@Z 0043a55a f   gl_buffers.obj
 0001:0003959c       ?AddSurfaceToPortal@OpenGLDrv@@YAXPAVsurfaceBase_t@1@PAVshader_t@1@HH@Z 0043a59c f   gl_buffers.obj
 0001:0003960d       ?InsertShaderIndex@OpenGLDrv@@YAXH@Z 0043a60d f   gl_buffers.obj
 0001:00039646       ?ClearPortal@OpenGLDrv@@YAXXZ 0043a646 f   gl_buffers.obj
 0001:00039664       ?SortSurfaces@OpenGLDrv@@YAXPAUviewPortal_t@1@PAPAUsurfaceInfo_t@1@@Z 0043a664 f   gl_buffers.obj
 0001:000397f6       ?ClearBuffers@OpenGLDrv@@YAXXZ 0043a7f6 f   gl_buffers.obj
 0001:0003980d       ?CreateBuffers@OpenGLDrv@@YAXXZ 0043a80d f   gl_buffers.obj
 0001:00039833       ?FreeBuffers@OpenGLDrv@@YAXXZ 0043a833 f   gl_buffers.obj
 0001:00039857       ?InitEntity@model_t@OpenGLDrv@@UAEXPAUentity_t@@PAUrefEntity_t@2@@Z 0043a857 f   gl_frontend.obj
 0001:0003985a       ?AddSurfaces@model_t@OpenGLDrv@@UAEXPAUrefEntity_t@2@@Z 0043a85a f   gl_frontend.obj
 0001:00039888       ?GetLeaf@model_t@OpenGLDrv@@UAEPAUnode_t@2@PAUrefEntity_t@2@@Z 0043a888 f   gl_frontend.obj
 0001:00039899       ?DrawLabel@model_t@OpenGLDrv@@UAEXPAUrefEntity_t@2@@Z 0043a899 f   gl_frontend.obj
 0001:0003989c       ?InitEntity@inlineModel_t@OpenGLDrv@@UAEXPAUentity_t@@PAUrefEntity_t@2@@Z 0043a89c f   gl_frontend.obj
 0001:000398ec       ?AddSurfaces@inlineModel_t@OpenGLDrv@@UAEXPAUrefEntity_t@2@@Z 0043a8ec f   gl_frontend.obj
 0001:00039dca       ?GetLeaf@inlineModel_t@OpenGLDrv@@UAEPAUnode_t@2@PAUrefEntity_t@2@@Z 0043adca f   gl_frontend.obj
 0001:00039f6f       ?DrawLabel@inlineModel_t@OpenGLDrv@@UAEXPAUrefEntity_t@2@@Z 0043af6f f   gl_frontend.obj
 0001:00039fb5       ?InitEntity@md3Model_t@OpenGLDrv@@UAEXPAUentity_t@@PAUrefEntity_t@2@@Z 0043afb5 f   gl_frontend.obj
 0001:0003a184       ?AddSurfaces@md3Model_t@OpenGLDrv@@UAEXPAUrefEntity_t@2@@Z 0043b184 f   gl_frontend.obj
 0001:0003a2be       ?GetLeaf@md3Model_t@OpenGLDrv@@UAEPAUnode_t@2@PAUrefEntity_t@2@@Z 0043b2be f   gl_frontend.obj
 0001:0003a2f6       ?DrawLabel@md3Model_t@OpenGLDrv@@UAEXPAUrefEntity_t@2@@Z 0043b2f6 f   gl_frontend.obj
 0001:0003a35c       ?InitEntity@sprModel_t@OpenGLDrv@@UAEXPAUentity_t@@PAUrefEntity_t@2@@Z 0043b35c f   gl_frontend.obj
 0001:0003a37a       ?AddSurfaces@sprModel_t@OpenGLDrv@@UAEXPAUrefEntity_t@2@@Z 0043b37a f   gl_frontend.obj
 0001:0003a4fd       ?GetLeaf@sprModel_t@OpenGLDrv@@UAEPAUnode_t@2@PAUrefEntity_t@2@@Z 0043b4fd f   gl_frontend.obj
 0001:0003a5de       ?AddEntity@OpenGLDrv@@YAXPAUentity_t@@@Z 0043b5de f   gl_frontend.obj
 0001:0003a76a       ?AddDlight@OpenGLDrv@@YAXPAUdlight_t@@@Z 0043b76a f   gl_frontend.obj
 0001:0003a922       ?DrawPortal@OpenGLDrv@@YAXXZ 0043b922 f   gl_frontend.obj
 0001:0003c8c6       ?GL_TextureMode@OpenGLDrv@@YAXPBD@Z 0043d8c6 f   gl_image.obj
 0001:0003c96e       ?CreateImage@OpenGLDrv@@YAPAVimage_t@1@PBDPAXHHI@Z 0043d96e f   gl_image.obj
 0001:0003d664       ?LoadDelayedImages@OpenGLDrv@@YAXXZ 0043e664 f   gl_image.obj
 0001:0003d6f7       ?DrawStretchRaw8@OpenGLDrv@@YAXHHHHHHPAEPAI@Z 0043e6f7 f   gl_image.obj
 0001:0003dac6       ?SetupGamma@OpenGLDrv@@YAXXZ 0043eac6 f   gl_image.obj
 0001:0003dc0c       ?PerformScreenshot@OpenGLDrv@@YAXXZ 0043ec0c f   gl_image.obj
 0001:0003de8d       ?InitImages@OpenGLDrv@@YAXXZ 0043ee8d f   gl_image.obj
 0001:0003e642       ?ShutdownImages@OpenGLDrv@@YAXXZ 0043f642 f   gl_image.obj
 0001:0003e6a9       ?ShowImages@OpenGLDrv@@YAXXZ 0043f6a9 f   gl_image.obj
 0001:0003e935       ?FindImage@OpenGLDrv@@YAPAVimage_t@1@PBDI@Z 0043f935 f   gl_image.obj
 0001:0003eca6       ?GL_Lock@OpenGLDrv@@YAXXZ  0043fca6 f   gl_interface.obj
 0001:0003ed1e       ?GL_Unlock@OpenGLDrv@@YAXXZ 0043fd1e f   gl_interface.obj
 0001:0003eee0       ?GL_Bind@OpenGLDrv@@YAXPBVimage_t@1@@Z 0043fee0 f   gl_interface.obj
 0001:0003f00a       ?GL_BindForce@OpenGLDrv@@YAXPBVimage_t@1@@Z 0044000a f   gl_interface.obj
 0001:0003f088       ?GL_TexEnv@OpenGLDrv@@YAXI@Z 00440088 f   gl_interface.obj
 0001:0003f207       ?GL_TexMipBias@OpenGLDrv@@YAXM@Z 00440207 f   gl_interface.obj
 0001:0003f262       ?GL_TexEnvColor@OpenGLDrv@@YAXPBTcolor_t@@@Z 00440262 f   gl_interface.obj
 0001:0003f312       ?GL_SelectTexture@OpenGLDrv@@YAXH@Z 00440312 f   gl_interface.obj
 0001:0003f373       ?GL_TexCoordPointer@OpenGLDrv@@YAXPAX@Z 00440373 f   gl_interface.obj
 0001:0003f3a3       ?GL_SetMultitexture@OpenGLDrv@@YAXH@Z 004403a3 f   gl_interface.obj
 0001:0003f489       ?GL_DisableTexCoordArrays@OpenGLDrv@@YAXXZ 00440489 f   gl_interface.obj
 0001:0003f4dd       ?GL_CullFace@OpenGLDrv@@YAXW4gl_cullMode_t@1@@Z 004404dd f   gl_interface.obj
 0001:0003f52e       ?GL_DepthRange@OpenGLDrv@@YAXW4gl_depthMode_t@1@@Z 0044052e f   gl_interface.obj
 0001:0003f561       ?GL_State@OpenGLDrv@@YAXI@Z 00440561 f   gl_interface.obj
 0001:0003f6b1       ?GL_EnableFog@OpenGLDrv@@YAX_N@Z 004406b1 f   gl_interface.obj
 0001:0003f7a9       ?GL_SetDefaultState@OpenGLDrv@@YAXXZ 004407a9 f   gl_interface.obj
 0001:0003f905       ?GL_Set2DMode@OpenGLDrv@@YAXXZ 00440905 f   gl_interface.obj
 0001:0003fa00       ?GL_Set3DMode@OpenGLDrv@@YAXPAUviewPortal_t@1@@Z 00440a00 f   gl_interface.obj
 0001:0003fae8       ?ShowLights@OpenGLDrv@@YAXXZ 00440ae8 f   gl_light.obj
 0001:0003fed1       ?LightForEntity@OpenGLDrv@@YAXPAUrefEntity_t@1@@Z 00440ed1 f   gl_light.obj
 0001:00041145       ?DiffuseLight@OpenGLDrv@@YAXPATcolor_t@@M@Z 00442145 f   gl_light.obj
 0001:00041381       ?InitLightGrid@OpenGLDrv@@YAXXZ 00442381 f   gl_light.obj
 0001:00041427       ?PostLoadLights@OpenGLDrv@@YAXXZ 00442427 f   gl_light.obj
 0001:000416b7       ?LM_Init@OpenGLDrv@@YAXXZ  004426b7 f   gl_lightmap.obj
 0001:000416cd       ?LM_Flush@OpenGLDrv@@YAXPAUlightmapBlock_t@1@@Z 004426cd f   gl_lightmap.obj
 0001:0004172a       ?LM_Done@OpenGLDrv@@YAXXZ  0044272a f   gl_lightmap.obj
 0001:00041751       ?LM_Save@OpenGLDrv@@YAXPAUlightmapBlock_t@1@@Z 00442751 f   gl_lightmap.obj
 0001:00041769       ?LM_Restore@OpenGLDrv@@YAXPAUlightmapBlock_t@1@@Z 00442769 f   gl_lightmap.obj
 0001:00041781       ?LM_NewBlock@OpenGLDrv@@YAPAUlightmapBlock_t@1@XZ 00442781 f   gl_lightmap.obj
 0001:000417e0       ?LM_Rewind@OpenGLDrv@@YAXXZ 004427e0 f   gl_lightmap.obj
 0001:000417e8       ?LM_NextBlock@OpenGLDrv@@YAPAUlightmapBlock_t@1@XZ 004427e8 f   gl_lightmap.obj
 0001:00041815       ?LM_CheckMinlight@OpenGLDrv@@YAXPAUdynamicLightmap_t@1@@Z 00442815 f   gl_lightmap.obj
 0001:000418ab       ?LM_AllocBlock@OpenGLDrv@@YA_NPAUlightmapBlock_t@1@PAUdynamicLightmap_t@1@@Z 004428ab f   gl_lightmap.obj
 0001:00041962       ?LM_PutBlock@OpenGLDrv@@YAXPAUdynamicLightmap_t@1@@Z 00442962 f   gl_lightmap.obj
 0001:00041d8f       ?LM_SortLightStyles@OpenGLDrv@@YAXPAUdynamicLightmap_t@1@@Z 00442d8f f   gl_lightmap.obj
 0001:00041e20       ?UpdateDynamicLightmap@OpenGLDrv@@YAXPAVsurfacePlanar_t@1@_NI@Z 00442e20 f   gl_lightmap.obj
 0001:00042322       ?LM_IsMonotone@OpenGLDrv@@YA_NPAUdynamicLightmap_t@1@PATcolor_t@@@Z 00443322 f   gl_lightmap.obj
 0001:00042429       ?Init@OpenGLDrv@@YA_NXZ    00443429 f   gl_main.obj
 0001:00042a62       ?Shutdown@OpenGLDrv@@YAX_N@Z 00443a62 f   gl_main.obj
 0001:00042aeb       ?GL_EnableRendering@OpenGLDrv@@YAX_N@Z 00443aeb f   gl_main.obj
 0001:00042b06       ?BeginFrame@OpenGLDrv@@YAXN@Z 00443b06 f   gl_main.obj
 0001:00042c30       ?EndFrame@OpenGLDrv@@YAXXZ 00443c30 f   gl_main.obj
 0001:00042c48       ?RenderFrame@OpenGLDrv@@YAXPAUrefdef_t@@@Z 00443c48 f   gl_main.obj
 0001:00043479       ?Fill8@OpenGLDrv@@YAXHHHHH@Z 00444479 f   gl_main.obj
 0001:000434bc       ?Fill@OpenGLDrv@@YAXHHHHI@Z 004444bc f   gl_main.obj
 0001:000434f8       ?TileClear@OpenGLDrv@@YAXHHHHPBD@Z 004444f8 f   gl_main.obj
 0001:00043599       ?DrawStretchPic@OpenGLDrv@@YAXHHHHPBD@Z 00444599 f   gl_main.obj
 0001:000435f9       ?DrawDetailedPic@OpenGLDrv@@YAXHHHHPBD@Z 004445f9 f   gl_main.obj
 0001:000436a0       ?DrawPic@OpenGLDrv@@YAXHHPBDHH@Z 004446a0 f   gl_main.obj
 0001:00043725       ?BeginRegistration@OpenGLDrv@@YAXPBD@Z 00444725 f   gl_main.obj
 0001:00043749       ?RegisterPic@OpenGLDrv@@YAPAVCBasicImage@@PBD@Z 00444749 f   gl_main.obj
 0001:00043757       ?RegisterSkin@OpenGLDrv@@YAPAVCBasicImage@@PBD_N@Z 00444757 f   gl_main.obj
 0001:00043775       ?RegisterModel@OpenGLDrv@@YAPAVCRenderModel@@PBD@Z 00444775 f   gl_main.obj
 0001:00043780       ?SetSky@OpenGLDrv@@YAXPBDMABUCVec3@@@Z 00444780 f   gl_main.obj
 0001:0004381e       ?Screenshot@OpenGLDrv@@YAXHPBD@Z 0044481e f   gl_main.obj
 0001:00043845       ?GetClientLight@OpenGLDrv@@YAMXZ 00444845 f   gl_main.obj
 0001:0004384c       ?InitFuncTables@OpenGLDrv@@YAXXZ 0044484c f   gl_math.obj
 0001:000439f2       ?BuildRotationAxis@OpenGLDrv@@YAXAAUCAxis@@ABUCVec3@@M@Z 004449f2 f   gl_math.obj
 0001:00043ae9       ?GetBoxRect@OpenGLDrv@@YA_NPBUrefEntity_t@1@ABUCVec3@@QAM2_N@Z 00444ae9 f   gl_math.obj
 0001:00043df3       ?ProjectToScreen@OpenGLDrv@@YA_NABUCVec3@@QAH@Z 00444df3 f   gl_math.obj
 0001:00043f36       ?SaturateColor3f@OpenGLDrv@@YAXAAUCVec3@@@Z 00444f36 f   gl_math.obj
 0001:00044026       ?SaturateColor4b@OpenGLDrv@@YAXPATcolor_t@@@Z 00445026 f   gl_math.obj
 0001:00044134       ?SubdividePlane@OpenGLDrv@@YAHPAPAUCVec3@@HM@Z 00445134 f   gl_poly.obj
 0001:000445b5       ?FreeSubdividedPlane@OpenGLDrv@@YAXXZ 004455b5 f   gl_poly.obj
 0001:000445cd       ?GetSubdivideIndexes@OpenGLDrv@@YAXPAH@Z 004455cd f   gl_poly.obj
 0001:00044620       ?RemoveCollinearPoints@OpenGLDrv@@YAHPAPAUCVec3@@H@Z 00445620 f   gl_poly.obj
 0001:00044716       ?GetPolyArea@OpenGLDrv@@YAMPAPAUCVec3@@H@Z 00445716 f   gl_poly.obj
 0001:000447aa       ?InitShaders@OpenGLDrv@@YAXXZ 004457aa f   gl_shader.obj
 0001:00044915       ?ShutdownShaders@OpenGLDrv@@YAXXZ 00445915 f   gl_shader.obj
 0001:00044953       ?GetLightmapImage@OpenGLDrv@@YAPAVimage_t@1@H@Z 00445953 f   gl_shader.obj
 0001:0004497b       ?SetShaderLightmap@OpenGLDrv@@YAPAVshader_t@1@PAV21@H@Z 0044597b f   gl_shader.obj
 0001:00044c9a       ??4shader_t@OpenGLDrv@@QAEAAV01@ABV01@@Z 00445c9a f i gl_shader.obj
 0001:00044ed0       ?SetShaderLightstyles@OpenGLDrv@@YAPAVshader_t@1@PAV21@I@Z 00445ed0 f   gl_shader.obj
 0001:00044f6c       ?GetAlphaShader@OpenGLDrv@@YAPAVshader_t@1@PAV21@@Z 00445f6c f   gl_shader.obj
 0001:0004534a       ?FindShader@OpenGLDrv@@YAPAVshader_t@1@PBDI@Z 0044634a f   gl_shader.obj
 0001:00046c47       ?GetShaderByNum@OpenGLDrv@@YAPAVshader_t@1@H@Z 00447c47 f   gl_shader.obj
 0001:00046c65       ?ResetShaders@OpenGLDrv@@YAXXZ 00447c65 f   gl_shader.obj
 0001:00046e50       ?Reload@shader_t@OpenGLDrv@@UAEXXZ 00447e50 f   gl_shader.obj
 0001:00046e7f       ?ClearSky@OpenGLDrv@@YAXXZ 00447e7f f   gl_sky.obj
 0001:00046edc       ?AddSkySurface@OpenGLDrv@@YAXPAVsurfacePlanar_t@1@E@Z 00447edc f   gl_sky.obj
 0001:000474a4       ?DrawSky@OpenGLDrv@@YAXXZ  004484a4 f   gl_sky.obj
 0001:00047b48       ?DrawChar@OpenGLDrv@@YAXHHHH@Z 00448b48 f   gl_text.obj
 0001:00047b99       ?ClearTexts@OpenGLDrv@@YAXXZ 00448b99 f   gl_text.obj
 0001:00047bae       ?FlushTexts@OpenGLDrv@@YAXXZ 00448bae f   gl_text.obj
 0001:00047c5a       ?DrawTextPos@OpenGLDrv@@YAXHHPBDI@Z 00448c5a f   gl_text.obj
 0001:00047c86       ?DrawTextLeft@OpenGLDrv@@YAXPBDI@Z 00448c86 f   gl_text.obj
 0001:00047d0d       ?DrawTextRight@OpenGLDrv@@YAXPBDI@Z 00448d0d f   gl_text.obj
 0001:00047d57       ?DrawText3D@OpenGLDrv@@YAXABUCVec3@@PBDI@Z 00448d57 f   gl_text.obj
 0001:00047d84       ?InitTexts@OpenGLDrv@@YAXXZ 00448d84 f   gl_text.obj
 0001:00047d9e       ?FindModel@OpenGLDrv@@YAPAVmodel_t@1@PBD@Z 00448d9e f   gl_model.obj
 0001:00047f73       ?FreeModels@OpenGLDrv@@YAXXZ 00448f73 f   gl_model.obj
 0001:00047fe5       ?InitModels@OpenGLDrv@@YAXXZ 00448fe5 f   gl_model.obj
 0001:000480db       ?ShutdownModels@OpenGLDrv@@YAXXZ 004490db f   gl_model.obj
 0001:000480ec       ?LoadWorldMap@OpenGLDrv@@YAXPBD@Z 004490ec f   gl_bspmodel.obj
 0001:00049bf4       ?PointInLeaf@OpenGLDrv@@YAPAUnode_t@1@ABUCVec3@@@Z 0044abf4 f   gl_bspmodel.obj
 0001:00049c3f       ?CALL_CONSTRUCTOR@@YAXPAVinlineModel_t@OpenGLDrv@@@Z 0044ac3f f i gl_bspmodel.obj
 0001:00049c55       ?LerpTag@model_t@OpenGLDrv@@UBE_NHHMPBDAAUCCoords@@@Z 0044ac55 f   gl_trimodel.obj
 0001:00049c63       ?LerpTag@md3Model_t@OpenGLDrv@@UBE_NHHMPBDAAUCCoords@@@Z 0044ac63 f   gl_trimodel.obj
 0001:00049d73       ?LoadMd2@OpenGLDrv@@YAPAVmd3Model_t@1@PBDPAEI@Z 0044ad73 f   gl_trimodel.obj
 0001:0004a8a1       ?ATAN2_FUNC@OpenGLDrv@@YAMMM@Z 0044b8a1 f i gl_trimodel.obj
 0001:0004aa57       ?LoadMd3@OpenGLDrv@@YAPAVmd3Model_t@1@PBDPAEI@Z 0044ba57 f   gl_trimodel.obj
 0001:0004af0c       ?LoadSp2@OpenGLDrv@@YAPAVsprModel_t@1@PBDPAEI@Z 0044bf0c f   gl_trimodel.obj
 0001:0004b124       ?LoadSpr@OpenGLDrv@@YAPAVsprModel_t@1@PBDPAEI@Z 0044c124 f   gl_trimodel.obj
 0001:0004b22d       ?CALL_CONSTRUCTOR@@YAXPAVmd3Model_t@OpenGLDrv@@@Z 0044c22d f i gl_trimodel.obj
 0001:0004b243       ?CALL_CONSTRUCTOR@@YAXPAVsprModel_t@OpenGLDrv@@@Z 0044c243 f i gl_trimodel.obj
 0001:0004c800       ?QGL_Init@OpenGLDrv@@YA_NPBD@Z 0044d800 f   qgl_win.obj
 0001:0004c8e2       ?QGL_Shutdown@OpenGLDrv@@YAXXZ 0044d8e2 f   qgl_win.obj
 0001:0004c938       ?QGL_InitExtensions@OpenGLDrv@@YAXXZ 0044d938 f   qgl_win.obj
 0001:0004ce24       ?QGL_PrintExtensionsString@OpenGLDrv@@YAXPBD00@Z 0044de24 f   qgl_win.obj
 0001:0004cf71       ?QGL_EnableLogging@OpenGLDrv@@YAX_N@Z 0044df71 f   qgl_win.obj
 0001:0004d091       ?QGL_LogMessage@OpenGLDrv@@YAXPBD@Z 0044e091 f   qgl_win.obj
 0001:0004d0a7       ?QGL_SwapBuffers@OpenGLDrv@@YAXXZ 0044e0a7 f   qgl_win.obj
 0001:0004d129       ?GLimp_HasGamma@OpenGLDrv@@YA_NXZ 0044e129 f   gl_win.obj
 0001:0004d13d       ?GLimp_SetGamma@OpenGLDrv@@YAXM@Z 0044e13d f   gl_win.obj
 0001:0004d2e5       ?GLimp_SetMode@OpenGLDrv@@YA_NPAI0H_N@Z 0044e2e5 f   gl_win.obj
 0001:0004d6db       ?GLimp_Shutdown@OpenGLDrv@@YAX_N@Z 0044e6db f   gl_win.obj
 0001:0004d788       ?AppActivate@OpenGLDrv@@YAX_N@Z 0044e788 f   gl_win.obj
 0001:0004d7f8       _jpeg_CreateDecompress     0044e7f8 f   lib:jdapimin.obj
 0001:0004d8b8       _jpeg_destroy_compress     0044e8b8 f   lib:jdapimin.obj
 0001:0004d8b8       _jpeg_destroy_decompress   0044e8b8 f   lib:jdapimin.obj
 0001:0004d8c3       _jpeg_read_header          0044e8c3 f   lib:jdapimin.obj
 0001:0004d925       _jpeg_consume_input        0044e925 f   lib:jdapimin.obj
 0001:0004db74       _jpeg_finish_decompress    0044eb74 f   lib:jdapimin.obj
 0001:0004dc0b       _jpeg_start_decompress     0044ec0b f   lib:jdapistd.obj
 0001:0004dd78       _jpeg_read_scanlines       0044ed78 f   lib:jdapistd.obj
 0001:0004ddfc       _jpeg_resync_to_restart    0044edfc f   lib:jdmarker.obj
 0001:0004dfc1       _jinit_marker_reader       0044efc1 f   lib:jdmarker.obj
 0001:0004f48c       _jpeg_CreateCompress       0045048c f   lib:jcapimin.obj
 0001:0004f540       _jpeg_suppress_tables      00450540 f   lib:jcapimin.obj
 0001:0004f58a       _jpeg_finish_compress      0045058a f   lib:jcapimin.obj
 0001:0004f674       _jpeg_start_compress       00450674 f   lib:jcapistd.obj
 0001:0004f6e0       _jpeg_write_scanlines      004506e0 f   lib:jcapistd.obj
 0001:0004f78b       _jpeg_add_quant_table      0045078b f   lib:jcparam.obj
 0001:0004f83d       _jpeg_quality_scaling      0045083d f   lib:jcparam.obj
 0001:0004f864       _jpeg_set_quality          00450864 f   lib:jcparam.obj
 0001:0004f89e       _jpeg_set_defaults         0045089e f   lib:jcparam.obj
 0001:0004fa64       _jpeg_default_colorspace   00450a64 f   lib:jcparam.obj
 0001:0004fab4       _jpeg_set_colorspace       00450ab4 f   lib:jcparam.obj
 0001:0004fdcf       _jpeg_stdio_dest           00450dcf f   lib:jdatadst.obj
 0001:0004ffef       _crc32                     00450fef f   lib:crc32.obj
 0001:00050289       _inflateReset              00451289 f   lib:inflate.obj
 0001:000502d7       _inflateInit2_             004512d7 f   lib:inflate.obj
 0001:00050390       _inflate                   00451390 f   lib:inflate.obj
 0001:00051665       _inflateEnd                00452665 f   lib:inflate.obj
 0001:000516a3       _jinit_input_controller    004526a3 f   lib:jdinput.obj
 0001:00051b86       _jinit_memory_mgr          00452b86 f   lib:jmemmgr.obj
 0001:000526c2       _jpeg_abort                004536c2 f   lib:jcomapi.obj
 0001:000526f5       _jpeg_destroy              004536f5 f   lib:jcomapi.obj
 0001:00052710       _jpeg_alloc_quant_table    00453710 f   lib:jcomapi.obj
 0001:0005272c       _jpeg_alloc_huff_table     0045372c f   lib:jcomapi.obj
 0001:00052748       _jpeg_calc_output_dimensions 00453748 f   lib:jdmaster.obj
 0001:00052848       _jinit_master_decompress   00453848 f   lib:jdmaster.obj
 0001:00052b9e       _jdiv_round_up             00453b9e f   lib:jutils.obj
 0001:00052bae       _jround_up                 00453bae f   lib:jutils.obj
 0001:00052bc6       _jcopy_sample_rows         00453bc6 f   lib:jutils.obj
 0001:00052c04       _jcopy_block_row           00453c04 f   lib:jutils.obj
 0001:00052c1d       _jzero_far                 00453c1d f   lib:jutils.obj
 0001:00052c30       _jinit_marker_writer       00453c30 f   lib:jcmarker.obj
 0001:0005350c       _jinit_compress_master     0045450c f   lib:jcinit.obj
 0001:00053565       _inflate_fast              00454565 f   lib:inffast.obj
 0001:0005391a       _inflate_table             0045491a f   lib:inftrees.obj
 0001:00053cce       _adler32                   00454cce f   lib:adler32.obj
 0001:00053de7       _jinit_c_codec             00454de7 f   lib:jcodec.obj
 0001:00053e03       _jinit_d_codec             00454e03 f   lib:jcodec.obj
 0001:00053e1f       _jpeg_get_large            00454e1f f   lib:jmemnobs.obj
 0001:00053e1f       _jpeg_get_small            00454e1f f   lib:jmemnobs.obj
 0001:00053e2b       _jpeg_free_small           00454e2b f   lib:jmemnobs.obj
 0001:00053e2b       _jpeg_free_large           00454e2b f   lib:jmemnobs.obj
 0001:00053e37       _jpeg_mem_available        00454e37 f   lib:jmemnobs.obj
 0001:00053e3c       _jpeg_open_backing_store   00454e3c f   lib:jmemnobs.obj
 0001:00053e50       _jpeg_mem_init             00454e50 f   lib:jmemnobs.obj
 0001:00053e50       __matherr                  00454e50 f   lib:jmemnobs.obj
 0001:00053e53       _jinit_d_main_controller   00454e53 f   lib:jdmainct.obj
 0001:0005449e       _jinit_d_post_controller   0045549e f   lib:jdpostct.obj
 0001:00054749       _jinit_upsampler           00455749 f   lib:jdsample.obj
 0001:00054d87       _jinit_color_deconverter   00455d87 f   lib:jdcolor.obj
 0001:0005529d       _jinit_merged_upsampler    0045629d f   lib:jdmerge.obj
 0001:000557ed       _jinit_2pass_quantizer     004567ed f   lib:jquant2.obj
 0001:000568b0       _jinit_1pass_quantizer     004578b0 f   lib:jquant1.obj
 0001:000572d6       _jinit_c_main_controller   004582d6 f   lib:jcmainct.obj
 0001:00057443       _jinit_c_prep_controller   00458443 f   lib:jcprepct.obj
 0001:0005798e       _jinit_downsampler         0045898e f   lib:jcsample.obj
 0001:0005820e       _jinit_color_converter     0045920e f   lib:jccolor.obj
 0001:000587f8       _jinit_c_master_control    004597f8 f   lib:jcmaster.obj
 0001:000592e7       _jinit_lossy_c_codec       0045a2e7 f   lib:jclossy.obj
 0001:00059382       _jinit_lossless_c_codec    0045a382 f   lib:jclossls.obj
 0001:0005941a       _jinit_lossy_d_codec       0045a41a f   lib:jdlossy.obj
 0001:000596ed       _jinit_lossless_d_codec    0045a6ed f   lib:jdlossls.obj
 0001:0005979d       _jinit_c_coef_controller   0045a79d f   lib:jccoefct.obj
 0001:00059e3c       _jinit_shuff_encoder       0045ae3c f   lib:jcshuff.obj
 0001:0005a6a7       _jinit_phuff_encoder       0045b6a7 f   lib:jcphuff.obj
 0001:0005b14c       _jinit_forward_dct         0045c14c f   lib:jcdctmgr.obj
 0001:0005b41b       _jinit_c_diff_controller   0045c41b f   lib:jcdiffct.obj
 0001:0005b981       _jinit_lhuff_encoder       0045c981 f   lib:jclhuff.obj
 0001:0005c0ab       _jinit_differencer         0045d0ab f   lib:jcpred.obj
 0001:0005c5c5       _jinit_c_scaler            0045d5c5 f   lib:jcscale.obj
 0001:0005c63b       _jinit_d_coef_controller   0045d63b f   lib:jdcoefct.obj
 0001:0005d317       _jinit_shuff_decoder       0045e317 f   lib:jdshuff.obj
 0001:0005d8ac       _jinit_phuff_decoder       0045e8ac f   lib:jdphuff.obj
 0001:0005e449       _jinit_inverse_dct         0045f449 f   lib:jddctmgr.obj
 0001:0005e62d       _jinit_d_diff_controller   0045f62d f   lib:jddiffct.obj
 0001:0005eb5b       _jinit_d_scaler            0045fb5b f   lib:jdscale.obj
 0001:0005ec5a       _jinit_undifferencer       0045fc5a f   lib:jdpred.obj
 0001:0005f014       _jinit_lhuff_decoder       00460014 f   lib:jdlhuff.obj
 0001:0005f409       _jpeg_make_c_derived_tbl   00460409 f   lib:jchuff.obj
 0001:0005f60b       _jpeg_gen_optimal_table    0046060b f   lib:jchuff.obj
 0001:0005f7ca       _jpeg_fdct_float           004607ca f   lib:jfdctflt.obj
 0001:0005f9cf       _jpeg_make_d_derived_tbl   004609cf f   lib:jdhuff.obj
 0001:0005fc6c       _jpeg_fill_bit_buffer      00460c6c f   lib:jdhuff.obj
 0001:0005fd7b       _jpeg_huff_decode          00460d7b f   lib:jdhuff.obj
 0001:0005fe5b       _jpeg_idct_4x4             00460e5b f   lib:jidctred.obj
 0001:00060149       _jpeg_idct_2x2             00461149 f   lib:jidctred.obj
 0001:0006030b       _jpeg_idct_1x1             0046130b f   lib:jidctred.obj
 0001:00060347       _jpeg_idct_float           00461347 f   lib:jidctflt.obj
 0001:00060720       __except_handler3          00461720 f   MSVCRT:MSVCRT.dll
 0001:00060730       __chkstk                   00461730 f   MSVCRT:chkstk.obj
 0001:00060730       __alloca_probe             00461730 f   MSVCRT:chkstk.obj
 0001:00060760       _strlen                    00461760 f   MSVCRT:MSVCRT.dll
 0001:00060766       __onexit                   00461766 f   MSVCRT:atonexit.obj
 0001:00060792       _atexit                    00461792 f   MSVCRT:atonexit.obj
 0001:000607a4       ??_Gtype_info@@UAEPAXI@Z   004617a4 f i MSVCRT:ti_inst.obj
 0001:000607a4       ??_Etype_info@@UAEPAXI@Z   004617a4 f i MSVCRT:ti_inst.obj
 0001:000607c0       __CxxThrowException@8      004617c0 f   MSVCRT:MSVCRT.dll
 0001:000607c6       _strcmp                    004617c6 f   MSVCRT:MSVCRT.dll
 0001:000607cc       _strcpy                    004617cc f   MSVCRT:MSVCRT.dll
 0001:000607d2       _sin                       004617d2 f   MSVCRT:MSVCRT.dll
 0001:000607d8       _tan                       004617d8 f   MSVCRT:MSVCRT.dll
 0001:000607de       _cos                       004617de f   MSVCRT:MSVCRT.dll
 0001:000607e4       _fmod                      004617e4 f   MSVCRT:MSVCRT.dll
 0001:000607ea       _acos                      004617ea f   MSVCRT:MSVCRT.dll
[...]
 0001:0005e7cb       _start_iMCU_row            0045f7cb f   lib:jddiffct.obj
 0001:0005e810       _start_output_pass         0045f810 f   lib:jddiffct.obj
 0001:0005e81c       _decompress_data           0045f81c f   lib:jddiffct.obj
 0001:0005e98c       _process_restart           0045f98c f   lib:jddiffct.obj
 0001:0005c9ac       _dummy_consume_data        0045d9ac f   lib:jdcoefct.obj
 0001:0005e9c1       _consume_data              0045f9c1 f   lib:jddiffct.obj
 0001:0005ea38       _output_data               0045fa38 f   lib:jddiffct.obj
 0001:0005e4bf       _start_pass                0045f4bf f   lib:jddctmgr.obj
 0001:0005d911       _start_pass_phuff_decoder  0045e911 f   lib:jdphuff.obj
 0001:0005db5a       _decode_mcu_DC_first       0045eb5a f   lib:jdphuff.obj
 0001:0005dd52       _process_restart           0045ed52 f   lib:jdphuff.obj
 0001:0005ddc1       _decode_mcu_AC_first       0045edc1 f   lib:jdphuff.obj
 0001:0005dfe1       _decode_mcu_DC_refine      0045efe1 f   lib:jdphuff.obj
 0001:0005e0b6       _decode_mcu_AC_refine      0045f0b6 f   lib:jdphuff.obj
 0001:0005d358       _start_pass_huff_decoder   0045e358 f   lib:jdshuff.obj
 0001:0005d490       _decode_mcu                0045e490 f   lib:jdshuff.obj
 0001:0005d840       _process_restart           0045e840 f   lib:jdshuff.obj
 0001:0005c73e       _start_input_pass          0045d73e f   lib:jdcoefct.obj
 0001:0005c751       _start_iMCU_row            0045d751 f   lib:jdcoefct.obj
 0001:0005c796       _start_output_pass         0045d796 f   lib:jdcoefct.obj
 0001:0005c7d3       _decompress_onepass        0045d7d3 f   lib:jdcoefct.obj
 0001:0005c9ac       _dummy_consume_data        0045d9ac f   lib:jdcoefct.obj
 0001:0005c9af       _consume_data              0045d9af f   lib:jdcoefct.obj
 0001:0005cb68       _decompress_data           0045db68 f   lib:jdcoefct.obj
 0001:0005ccd4       _smoothing_ok              0045dcd4 f   lib:jdcoefct.obj
 0001:0005cdbf       _decompress_smooth_data    0045ddbf f   lib:jdcoefct.obj
 0001:0005c5d7       _scaler_start_pass         0045d5d7 f   lib:jcscale.obj
 0001:0005c5fa       _simple_downscale          0045d5fa f   lib:jcscale.obj
 0001:0005c626       _noscale                   0045d626 f   lib:jcscale.obj
 0001:0005c0cf       _start_pass                0045d0cf f   lib:jcpred.obj
 0001:0005c127       _reset_predictor           0045d127 f   lib:jcpred.obj
 0001:0005c154       _jpeg_difference_first_row 0045d154 f   lib:jcpred.obj
 0001:0005c23e       _jpeg_difference1          0045d23e f   lib:jcpred.obj
 0001:0005c2ac       _jpeg_difference2          0045d2ac f   lib:jcpred.obj
 0001:0005c31d       _jpeg_difference3          0045d31d f   lib:jcpred.obj
 0001:0005c395       _jpeg_difference4          0045d395 f   lib:jcpred.obj
 0001:0005c420       _jpeg_difference5          0045d420 f   lib:jcpred.obj
 0001:0005c4b3       _jpeg_difference6          0045d4b3 f   lib:jcpred.obj
 0001:0005c542       _jpeg_difference7          0045d542 f   lib:jcpred.obj
 0001:0005b9c1       _start_pass_huff           0045c9c1 f   lib:jclhuff.obj
 0001:0005bb5e       _encode_mcus_huff          0045cb5e f   lib:jclhuff.obj
 0001:0005bd49       _emit_bits                 0045cd49 f   lib:jclhuff.obj
 0001:0005bdec       _dump_buffer               0045cdec f   lib:jclhuff.obj
 0001:0005be10       _emit_restart              0045ce10 f   lib:jclhuff.obj
 0001:0005be5b       _flush_bits                0045ce5b f   lib:jclhuff.obj
 0001:0005be7f       _finish_pass_huff          0045ce7f f   lib:jclhuff.obj
 0001:0005beec       _encode_mcus_gather        0045ceec f   lib:jclhuff.obj
 0001:0005c015       _finish_pass_gather        0045d015 f   lib:jclhuff.obj
 0001:0005a6a4       _need_optimization_pass    0045b6a4 f   lib:jcshuff.obj
 0001:0005b59f       _start_pass_diff           0045c59f f   lib:jcdiffct.obj
 0001:0005b63d       _start_iMCU_row            0045c63d f   lib:jcdiffct.obj
 0001:0005b67f       _compress_data             0045c67f f   lib:jcdiffct.obj
 0001:0005b815       _compress_first_pass       0045c815 f   lib:jcdiffct.obj
 0001:0005b90a       _compress_output           0045c90a f   lib:jcdiffct.obj
 0001:0005b1b2       _start_pass_fdctmgr        0045c1b2 f   lib:jcdctmgr.obj
 0001:0005b2b4       _forward_DCT_float         0045c2b4 f   lib:jcdctmgr.obj
 0001:0005a6e7       _start_pass_phuff          0045b6e7 f   lib:jcphuff.obj
 0001:0005a854       _encode_mcu_DC_first       0045b854 f   lib:jcphuff.obj
 0001:0005a986       _emit_bits                 0045b986 f   lib:jcphuff.obj
 0001:0005aa31       _dump_buffer               0045ba31 f   lib:jcphuff.obj
 0001:0005aa69       _emit_symbol               0045ba69 f   lib:jcphuff.obj
 0001:0005aaa9       _emit_restart              0045baa9 f   lib:jcphuff.obj
 0001:0005ab32       _emit_eobrun               0045bb32 f   lib:jcphuff.obj
 0001:0005abb8       _encode_mcu_AC_first       0045bbb8 f   lib:jcphuff.obj
 0001:0005ad4c       _encode_mcu_DC_refine      0045bd4c f   lib:jcphuff.obj
 0001:0005ae06       _encode_mcu_AC_refine      0045be06 f   lib:jcphuff.obj
 0001:0005b01d       _finish_pass_phuff         0045c01d f   lib:jcphuff.obj
 0001:0005b06c       _finish_pass_gather_phuff  0045c06c f   lib:jcphuff.obj
 0001:0005b12f       _need_optimization_pass    0045c12f f   lib:jcphuff.obj
 0001:00059e7f       _start_pass_huff           0045ae7f f   lib:jcshuff.obj
 0001:00059ff4       _encode_mcu_huff           0045aff4 f   lib:jcshuff.obj
 0001:0005a0ff       _encode_one_block          0045b0ff f   lib:jcshuff.obj
 0001:0005a276       _emit_bits                 0045b276 f   lib:jcshuff.obj
 0001:0005a319       _dump_buffer               0045b319 f   lib:jcshuff.obj
 0001:0005a33d       _emit_restart              0045b33d f   lib:jcshuff.obj
 0001:0005a3aa       _flush_bits                0045b3aa f   lib:jcshuff.obj
 0001:0005a3ce       _finish_pass_huff          0045b3ce f   lib:jcshuff.obj
 0001:0005a43d       _encode_mcu_gather         0045b43d f   lib:jcshuff.obj
 0001:0005a4f3       _htest_one_block           0045b4f3 f   lib:jcshuff.obj
 0001:0005a5ba       _finish_pass_gather        0045b5ba f   lib:jcshuff.obj
 0001:0005a6a4       _need_optimization_pass    0045b6a4 f   lib:jcshuff.obj
 0001:00059852       _start_pass_coef           0045a852 f   lib:jccoefct.obj
 0001:0005b63d       _start_iMCU_row            0045c63d f   lib:jcdiffct.obj
 0001:000598e7       _compress_data             0045a8e7 f   lib:jccoefct.obj
 0001:00059ace       _compress_first_pass       0045aace f   lib:jccoefct.obj
 0001:00059cb4       _compress_output           0045acb4 f   lib:jccoefct.obj
 0001:0005976a       _calc_output_dimensions    0045a76a f   lib:jdlossls.obj
 0001:0005977b       _start_input_pass          0045a77b f   lib:jdlossls.obj
 0001:000594a9       _calc_output_dimensions    0045a4a9 f   lib:jdlossy.obj
 0001:0005961c       _start_input_pass          0045a61c f   lib:jdlossy.obj
 0001:0005963c       _latch_quant_tables        0045a63c f   lib:jdlossy.obj
 0001:000596d4       _start_output_pass         0045a6d4 f   lib:jdlossy.obj
 0001:000593f8       _start_pass                0045a3f8 f   lib:jclossls.obj
 0001:00059364       _start_pass                0045a364 f   lib:jclossy.obj
 0001:000588b9       _initial_setup             004598b9 f   lib:jcmaster.obj
 0001:00058a6c       _validate_script           00459a6c f   lib:jcmaster.obj
 0001:00058e44       _prepare_for_pass          00459e44 f   lib:jcmaster.obj
 0001:00058fbc       _select_scan_parameters    00459fbc f   lib:jcmaster.obj
 0001:000590bd       _per_scan_setup            0045a0bd f   lib:jcmaster.obj
 0001:00059268       _pass_startup              0045a268 f   lib:jcmaster.obj
 0001:0005928f       _finish_pass_master        0045a28f f   lib:jcmaster.obj
 0001:000583a5       _rgb_ycc_start             004593a5 f   lib:jccolor.obj
 0001:00058469       _rgb_ycc_convert           00459469 f   lib:jccolor.obj
 0001:00058568       _rgb_gray_convert          00459568 f   lib:jccolor.obj
 0001:000585ed       _cmyk_ycck_convert         004595ed f   lib:jccolor.obj
 0001:00058725       _grayscale_convert         00459725 f   lib:jccolor.obj
 0001:0005877f       _null_convert              0045977f f   lib:jccolor.obj
 0001:0001ee35       _null_method               0041fe35 f   sv_game.obj
 0001:0001ee35       _start_pass_downsample     0041fe35 f   sv_game.obj
 0001:00057af1       _sep_downsample            00458af1 f   lib:jcsample.obj
 0001:00057b66       _int_downsample            00458b66 f   lib:jcsample.obj
 0001:00057c5e       _expand_right_edge         00458c5e f   lib:jcsample.obj
 0001:00057cb3       _fullsize_downsample       00458cb3 f   lib:jcsample.obj
 0001:00057cf7       _h2v1_downsample           00458cf7 f   lib:jcsample.obj
 0001:00057d8b       _h2v2_downsample           00458d8b f   lib:jcsample.obj
 0001:00057e38       _h2v2_smooth_downsample    00458e38 f   lib:jcsample.obj
 0001:000580b0       _fullsize_smooth_downsample 004590b0 f   lib:jcsample.obj
 0001:000574ed       _start_pass_prep           004584ed f   lib:jcprepct.obj
 0001:0005752b       _pre_process_data          0045852b f   lib:jcprepct.obj
 0001:000576d9       _pre_process_context       004586d9 f   lib:jcprepct.obj
 0001:00057892       _create_context_buffer     00458892 f   lib:jcprepct.obj
 0001:00057365       _start_pass_main           00458365 f   lib:jcmainct.obj
 0001:000573a7       _process_data_simple_main  004583a7 f   lib:jcmainct.obj
 0001:0005693b       _create_colormap           0045793b f   lib:jquant1.obj
 0001:00056a6d       _select_ncolors            00457a6d f   lib:jquant1.obj
 0001:00056b44       _create_colorindex         00457b44 f   lib:jquant1.obj
 0001:00056c70       _alloc_fs_workspace        00457c70 f   lib:jquant1.obj
 0001:00056cac       _start_pass_1_quant        00457cac f   lib:jquant1.obj
 0001:00056d78       _create_odither_tables     00457d78 f   lib:jquant1.obj
 0001:00056dd7       _make_odither_array        00457dd7 f   lib:jquant1.obj
 0001:00056e3a       _color_quantize            00457e3a f   lib:jquant1.obj
 0001:00056ec5       _color_quantize3           00457ec5 f   lib:jquant1.obj
 0001:00056f53       _quantize_ord_dither       00457f53 f   lib:jquant1.obj
 0001:0005703e       _quantize3_ord_dither      0045803e f   lib:jquant1.obj
 0001:0005713e       _quantize_fs_dither        0045813e f   lib:jquant1.obj
 0001:0001ee35       _finish_pass_1_quant       0041fe35 f   sv_game.obj
 0001:000572c2       _new_color_map_1_quant     004582c2 f   lib:jquant1.obj
 0001:000558fc       _init_error_limit          004568fc f   lib:jquant2.obj
 0001:0005599b       _start_pass_2_quant        0045699b f   lib:jquant2.obj
 0001:00055a9d       _prescan_quantize          00456a9d f   lib:jquant2.obj
 0001:00055b0c       _pass2_no_dither           00456b0c f   lib:jquant2.obj
 0001:00055bb9       _fill_inverse_cmap         00456bb9 f   lib:jquant2.obj
 0001:00055c84       _find_nearby_colors        00456c84 f   lib:jquant2.obj
 0001:00055e28       _find_best_colors          00456e28 f   lib:jquant2.obj
 0001:00055f42       _pass2_fs_dither           00456f42 f   lib:jquant2.obj
 0001:000561b1       _finish_pass1              004571b1 f   lib:jquant2.obj
 0001:000561d3       _select_colors             004571d3 f   lib:jquant2.obj
 0001:0005625f       _update_box                0045725f f   lib:jquant2.obj
 0001:000565f9       _median_cut                004575f9 f   lib:jquant2.obj
 0001:0005670d       _find_biggest_color_pop    0045770d f   lib:jquant2.obj
 0001:0005673c       _find_biggest_volume       0045773c f   lib:jquant2.obj
 0001:00056765       _compute_color             00457765 f   lib:jquant2.obj
 0001:0001ee35       _finish_pass2              0041fe35 f   sv_game.obj
 0001:000568a1       _new_color_map_2_quant     004578a1 f   lib:jquant2.obj
 0001:00055313       _build_ycc_rgb_table       00456313 f   lib:jdmerge.obj
 0001:000553c3       _start_pass_merged_upsample 004563c3 f   lib:jdmerge.obj
 0001:000553d8       _merged_2v_upsample        004563d8 f   lib:jdmerge.obj
 0001:0005547f       _merged_1v_upsample        0045647f f   lib:jdmerge.obj
 0001:000554b0       _h2v1_merged_upsample      004564b0 f   lib:jdmerge.obj
 0001:00055606       _h2v2_merged_upsample      00456606 f   lib:jdmerge.obj
 0001:00054eb7       _build_ycc_rgb_table       00455eb7 f   lib:jdcolor.obj
 0001:00054f67       _ycc_rgb_convert           00455f67 f   lib:jdcolor.obj
 0001:00055075       _null_convert              00456075 f   lib:jdcolor.obj
 0001:000550ed       _grayscale_convert         004560ed f   lib:jdcolor.obj
 0001:00055110       _gray_rgb_convert          00456110 f   lib:jdcolor.obj
 0001:00055169       _ycck_cmyk_convert         00456169 f   lib:jdcolor.obj
 0001:0001ee35       _start_pass_dcolor         0041fe35 f   sv_game.obj
 0001:00054918       _start_pass_upsample       00455918 f   lib:jdsample.obj
 0001:00054932       _sep_upsample              00455932 f   lib:jdsample.obj
 0001:000549ff       _fullsize_upsample         004559ff f   lib:jdsample.obj
 0001:00054a0a       _noop_upsample             00455a0a f   lib:jdsample.obj
 0001:00054a12       _int_upsample              00455a12 f   lib:jdsample.obj
 0001:00054afc       _h2v1_upsample             00455afc f   lib:jdsample.obj
 0001:00054b53       _h2v2_upsample             00455b53 f   lib:jdsample.obj
 0001:00054bc5       _h2v1_fancy_upsample       00455bc5 f   lib:jdsample.obj
 0001:00054c68       _h2v2_fancy_upsample       00455c68 f   lib:jdsample.obj
 0001:00054521       _start_pass_dpost          00455521 f   lib:jdpostct.obj
 0001:000545c7       _post_process_1pass        004555c7 f   lib:jdpostct.obj
 0001:0005462c       _post_process_prepass      0045562c f   lib:jdpostct.obj
 0001:000546bd       _post_process_2pass        004556bd f   lib:jdpostct.obj
 0001:00053f28       _alloc_funny_pointers      00454f28 f   lib:jdmainct.obj
 0001:00053fd5       _start_pass_main           00454fd5 f   lib:jdmainct.obj
 0001:0005403d       _make_funny_pointers       0045503d f   lib:jdmainct.obj
 0001:0005417d       _process_data_simple_main  0045517d f   lib:jdmainct.obj
 0001:000541e5       _process_data_context_main 004551e5 f   lib:jdmainct.obj
 0001:000542f7       _set_wraparound_pointers   004552f7 f   lib:jdmainct.obj
 0001:000543e1       _set_bottom_pointers       004553e1 f   lib:jdmainct.obj
 0001:0005447b       _process_data_crank_post   0045547b f   lib:jdmainct.obj
 0001:00052c7e       _write_marker_header       00453c7e f   lib:jcmarker.obj
 0001:00052cd4       _emit_byte                 00453cd4 f   lib:jcmarker.obj
 0001:00052d05       _write_marker_byte         00453d05 f   lib:jcmarker.obj
 0001:00052d15       _write_file_header         00453d15 f   lib:jcmarker.obj
 0001:00052d61       _emit_jfif_app0            00453d61 f   lib:jcmarker.obj
 0001:00052e34       _emit_adobe_app14          00453e34 f   lib:jcmarker.obj
 0001:00052eda       _write_frame_header        00453eda f   lib:jcmarker.obj
 0001:00052fb9       _emit_dqt                  00453fb9 f   lib:jcmarker.obj
 0001:000530a8       _emit_sof                  004540a8 f   lib:jcmarker.obj
 0001:00053184       _write_scan_header         00454184 f   lib:jcmarker.obj
 0001:00053244       _emit_dht                  00454244 f   lib:jcmarker.obj
 0001:0005331d       _emit_dri                  0045431d f   lib:jcmarker.obj
 0001:0005336c       _emit_sos                  0045436c f   lib:jcmarker.obj
 0001:0005345a       _write_file_trailer        0045445a f   lib:jcmarker.obj
 0001:0005347a       _write_tables_only         0045447a f   lib:jcmarker.obj
 0001:000527d3       _use_merged_upsample       004537d3 f   lib:jdmaster.obj
 0001:00052879       _master_selection          00453879 f   lib:jdmaster.obj
 0001:000529d6       _prepare_range_limit_table 004539d6 f   lib:jdmaster.obj
 0001:00052a5c       _prepare_for_output_pass   00453a5c f   lib:jdmaster.obj
 0001:00052b7d       _finish_output_pass        00453b7d f   lib:jdmaster.obj
 0001:00051c4a       _alloc_small               00452c4a f   lib:jmemmgr.obj
 0001:00051d68       _alloc_large               00452d68 f   lib:jmemmgr.obj
 0001:00051e19       _alloc_sarray              00452e19 f   lib:jmemmgr.obj
 0001:00051eb1       _alloc_barray              00452eb1 f   lib:jmemmgr.obj
 0001:00051f55       _alloc_darray              00452f55 f   lib:jmemmgr.obj
 0001:00052000       _request_virt_sarray       00453000 f   lib:jmemmgr.obj
 0001:00052061       _request_virt_barray       00453061 f   lib:jmemmgr.obj
 0001:000520c2       _realize_virt_arrays       004530c2 f   lib:jmemmgr.obj
 0001:00052245       _access_virt_sarray        00453245 f   lib:jmemmgr.obj
 0001:00052365       _do_sarray_io              00453365 f   lib:jmemmgr.obj
 0001:000523f5       _access_virt_barray        004533f5 f   lib:jmemmgr.obj
 0001:0005251a       _do_barray_io              0045351a f   lib:jmemmgr.obj
 0001:000525ab       _free_pool                 004535ab f   lib:jmemmgr.obj
 0001:00052692       _self_destruct             00453692 f   lib:jmemmgr.obj
 0001:000516e4       _start_input_pass          004526e4 f   lib:jdinput.obj
 0001:00051712       _per_scan_setup            00452712 f   lib:jdinput.obj
 0001:00051898       _finish_input_pass         00452898 f   lib:jdinput.obj
 0001:000518a9       _consume_markers           004528a9 f   lib:jdinput.obj
 0001:00051945       _initial_setup             00452945 f   lib:jdinput.obj
 0001:00051b4f       _reset_input_controller    00452b4f f   lib:jdinput.obj
 0001:0005149d       _fixedtables               0045249d f   lib:inflate.obj
 0001:00051587       _updatewindow              00452587 f   lib:inflate.obj
 0001:0004fecf       _make_crc_table            00450ecf f   lib:crc32.obj
 0001:0005001c       _crc32_little              0045101c f   lib:crc32.obj
 0001:0004fe0b       _init_destination          00450e0b f   lib:jdatadst.obj
 0001:0004fe31       _empty_output_buffer       00450e31 f   lib:jdatadst.obj
 0001:0004fe73       _term_destination          00450e73 f   lib:jdatadst.obj
 0001:0004f992       _std_huff_tables           00450992 f   lib:jcparam.obj
 0001:0004f9ec       _add_huff_table            004509ec f   lib:jcparam.obj
 0001:0004deea       _next_marker               0044eeea f   lib:jdmarker.obj
 0001:0004e024       _get_interesting_appn      0044f024 f   lib:jdmarker.obj
 0001:0004e14f       _examine_app0              0044f14f f   lib:jdmarker.obj
 0001:0004e35d       _examine_app14             0044f35d f   lib:jdmarker.obj
 0001:0004e41e       _skip_variable             0044f41e f   lib:jdmarker.obj
 0001:0004e4c1       _read_markers              0044f4c1 f   lib:jdmarker.obj
 0001:0004e6c9       _get_soi                   0044f6c9 f   lib:jdmarker.obj
 0001:0004e774       _get_sof                   0044f774 f   lib:jdmarker.obj
 0001:0004ea7d       _get_sos                   0044fa7d f   lib:jdmarker.obj
 0001:0004ed6b       _get_dht                   0044fd6b f   lib:jdmarker.obj
 0001:0004f00c       _get_dqt                   0045000c f   lib:jdmarker.obj
 0001:0004f268       _get_dri                   00450268 f   lib:jdmarker.obj
 0001:0004f347       _first_marker              00450347 f   lib:jdmarker.obj
 0001:0004f3e3       _read_restart_marker       004503e3 f   lib:jdmarker.obj
 0001:0004f461       _reset_marker_reader       00450461 f   lib:jdmarker.obj
 0001:0004dcce       _output_pass_setup         0044ecce f   lib:jdapistd.obj
 0001:0004d9c1       _default_decompress_parms  0044e9c1 f   lib:jdapimin.obj

 183 bytes saved through ICF

