 quake2

 Timestamp is 42a1e128 (Sat Jun 04 21:13:12 2005)

 Preferred load address is 00400000

 Start         Length     Name                   Class
 0001:00000000 0005f720H .text                   CODE
 0002:00000000 0000027cH .idata$5                DATA
 0002:00000280 00005d24H .rdata                  DATA
 0002:00005fa8 00000044H .rdata$r                DATA
 0002:00005ff0 00000038H .xdata$x                DATA
 0002:00006028 00000078H .idata$2                DATA
 0002:000060a0 00000014H .idata$3                DATA
 0002:000060b4 0000027cH .idata$4                DATA
 0002:00006330 00000808H .idata$6                DATA
 0002:00006b38 00000000H .edata                  DATA
 0003:00000000 00000004H .CRT$XCA                DATA
 0003:00000004 00000074H .CRT$XCU                DATA
 0003:00000078 00000004H .CRT$XCZ                DATA
 0003:0000007c 00000004H .CRT$XIA                DATA
 0003:00000080 00000004H .CRT$XIZ                DATA
 0003:00000090 0000cc9cH .data                   DATA
 0003:0000cd30 00328010H .bss                    DATA
 0004:00000000 00000130H .rsrc$01                DATA
 0004:00000130 00003f20H .rsrc$02                DATA

  Address         Publics by Value              Rva+Base     Lib:Object

 0001:00000000       ??3@YAXPAX@Z               00401000 f i CoreMain.obj
 0001:0000000b       ?appInit@@YAXXZ            0040100b f   CoreMain.obj
 0001:0000006e       ?appExit@@YAXXZ            0040106e f   CoreMain.obj
 0001:00000073       ?appLoadDebugSymbols@@YAXXZ 00401073 f   DbgSymbols.obj
 0001:00000276       ?appSymbolName@@YA_NIPADH@Z 00401276 f   DbgSymbols.obj
 0001:00000362       ?appSymbolName@@YAPBDI@Z   00401362 f   DbgSymbols.obj
 0001:00000394       ?appMalloc@@YAPAXIH@Z      00401394 f   Memory.obj
 0001:00000442       ?appFree@@YAXPAX@Z         00401442 f   Memory.obj
 0001:00000470       ?Unlink@FMemHeader@@QAEXXZ 00401470 f i Memory.obj
 0001:0000049b       ?Link@CMemoryChain@@AAEXXZ 0040149b f   Memory.obj
 0001:000004ba       ?Unlink@CMemoryChain@@AAEXXZ 004014ba f   Memory.obj
 0001:000004e5       ??2CMemoryChain@@SAPAXIH@Z 004014e5 f   Memory.obj
 0001:00000557       ??3CMemoryChain@@SAXPAX@Z  00401557 f   Memory.obj
 0001:0000058a       ?Alloc@CMemoryChain@@QAEPAXIH@Z 0040158a f   Memory.obj
 0001:000005f4       ?appInitMemory@@YAXXZ      004015f4 f   Memory.obj
 0001:00000b3f       ?Write@COutputDeviceNull@@UAEXPBD@Z 00401b3f f i OutputDevice.obj
 0001:00000b42       ?appWPrintf@@YAXPBDZZ      00401b42 f   OutputDevice.obj
 0001:00000b93       ?appFatalError@@YAXPBDZZ   00401b93 f   ErrorMgr.obj
 0001:00000bcd       ?appNonFatalError@@YAXPBDZZ 00401bcd f   ErrorMgr.obj
 0001:00000c2b       ?appUnwindPrefix@@YAXPBD@Z 00401c2b f   ErrorMgr.obj
 0001:00000c82       ?appUnwindThrow@@YAXPBDZZ  00401c82 f   ErrorMgr.obj
 0001:00000d09       ?Reset@CErrorHandler@@QAEXXZ 00401d09 f   ErrorMgr.obj
 0001:00000d33       ?appInitError@@YAXXZ       00401d33 f   ErrorMgr.obj
 0001:00000df1       ?appStricmp@@YAHPBD0@Z     00401df1 f   Strings.obj
 0001:00000e26       ?toLower@@YADD@Z           00401e26 f i Strings.obj
 0001:00000e3d       ?appStrcpy@@YAXPADPBD@Z    00401e3d f   Strings.obj
 0001:00000e50       ?appStrncpylwr@@YAXPADPBDH@Z 00401e50 f   Strings.obj
 0001:00000e88       ?appStrncpyz@@YAXPADPBDH@Z 00401e88 f   Strings.obj
 0001:00000eb5       ?appStrcatn@@YAXPADHPBD@Z  00401eb5 f   Strings.obj
 0001:00000ee0       ?appCopyFilename@@YAXPADPBDH@Z 00401ee0 f   Strings.obj
 0001:00000f7c       ?appCStrlen@@YAHPBD@Z      00401f7c f   Strings.obj
 0001:00000fa1       ?appUncolorizeString@@YAXPADPBD@Z 00401fa1 f   Strings.obj
 0001:00000fd1       ?va@@YAPBDPBDZZ            00401fd1 f   Strings.obj
 0001:0000106d       ?appSprintf@@YAHPADHPBDZZ  0040206d f   Strings.obj
 0001:000010b8       ?appMatchWildcard@@YA_NPBD0_N@Z 004020b8 f   Strings.obj
 0001:00001238       ?CopyString@@YAPADPBD@Z    00402238 f   Strings.obj
 0001:00001278       ?CopyString@@YAPADPBDPAVCMemoryChain@@@Z 00402278 f   Strings.obj
 0001:000012ac       ??2CStringItem@@SAPAXIPBD@Z 004022ac f   Strings.obj
 0001:000012f5       ??2CStringItem@@SAPAXIPBDPAVCMemoryChain@@@Z 004022f5 f   Strings.obj
 0001:00001332       ?Find@CStringList@@IAEPAVCStringItem@@PBDPAPAV2@@Z 00402332 f   Strings.obj
 0001:00001375       ?Find@CStringList@@IAEPAVCStringItem@@H@Z 00402375 f   Strings.obj
 0001:0000138e       ?IndexOf@CStringList@@QAEHPBD@Z 0040238e f   Strings.obj
 0001:000013bb       ?Remove@CStringList@@QAE_NPAVCStringItem@@@Z 004023bb f   Strings.obj
 0001:000013e7       ?Free@CStringList@@QAEXXZ  004023e7 f   Strings.obj
 0001:00001400       ?appMillisecondsf@@YANXZ   00402400 f   CoreWin32.obj
 0001:00001439       ?appMilliseconds@@YAIXZ    00402439 f   CoreWin32.obj
 0001:0000146e       ?cpuid@@YAXI@Z             0040246e f   CoreWin32.obj
 0001:00001491       ?appInitPlatform@@YAXXZ    00402491 f   CoreWin32.obj
 0001:00001724       ?appShutdownPlatform@@YAXXZ 00402724 f   CoreWin32.obj
 0001:0000172d       ?osAddressInfo@@YA_NIPADHPAH@Z 0040272d f   DbgSymbolsWin32.obj
 0001:000017c1       ?osModuleInfo@@YA_NIPADHPAH@Z 004027c1 f   DbgSymbolsWin32.obj
 0001:00001969       ?win32ExceptFilter@@YAHPAU_EXCEPTION_POINTERS@@@Z 00402969 f   ExceptFilterWin32.obj
 0001:00001e9f       ?win32ExceptFilter2@@YAHXZ 00402e9f f   ExceptFilterWin32.obj
 0001:00001eab       ?SCR_StopCinematic@@YAXXZ  00402eab f   cl_cin.obj
 0001:00001f3f       ?SCR_DrawCinematic@@YA_NXZ 00402f3f f   cl_cin.obj
 0001:000023a0       ?SCR_PlayCinematic@@YAXPAD@Z 004033a0 f   cl_cin.obj
 0001:00002710       ?CL_Download_f@@YAX_NHPAPAD@Z 00403710 f   cl_download.obj
 0001:00002ac1       ?CL_ParseDownload@@YAXXZ   00403ac1 f   cl_download.obj
 0001:000032ce       ?CL_Precache_f@@YAXHPAPAD@Z 004042ce f   cl_download.obj
 0001:0000332c       ?CL_ParseDelta@@YAXPAUclEntityState_t@@0HI_N@Z 0040432c f   cl_ents.obj
 0001:000034ac       ?CL_ParsePacketEntities@@YAXPAUframe_t@@0@Z 004044ac f   cl_ents.obj
 0001:00003817       ?CL_FireEntityEvents@@YAXPAUframe_t@@@Z 00404817 f   cl_ents.obj
 0001:00003869       ?CL_ParseFrame@@YAXXZ      00404869 f   cl_ents.obj
 0001:00003b5b       ?CL_AddEntityBox@@YAXPAUclEntityState_t@@I@Z 00404b5b f   cl_ents.obj
 0001:00003c5c       ?Lerp@@YAXABUCVec3@@0MAAU1@@Z 00404c5c f i cl_ents.obj
 0001:00003c93       ?CL_OffsetThirdPersonView@@YAXXZ 00404c93 f   cl_ents.obj
 0001:00003d54       ?CL_CalcViewValues@@YAXXZ  00404d54 f   cl_ents.obj
 0001:00004056       ?CL_AddEntities@@YAXXZ     00405056 f   cl_ents.obj
 0001:00004d40       ?CL_GetEntitySoundOrigin@@YAXHAAUCVec3@@@Z 00405d40 f   cl_ents.obj
 0001:00004d78       ?CL_ClearLightStyles@@YAXXZ 00405d78 f   cl_fx.obj
 0001:00004dfa       ?CL_RunLightStyles@@YAXXZ  00405dfa f   cl_fx.obj
 0001:00004e99       ?CL_SetLightstyle@@YAXHPBD@Z 00405e99 f   cl_fx.obj
 0001:00004efa       ?CL_ClearDlights@@YAXXZ    00405efa f   cl_fx.obj
 0001:00004f0b       ?CL_AllocDlight@@YAPAUcdlight_t@@HABUCVec3@@@Z 00405f0b f   cl_fx.obj
 0001:00004f74       ?CL_AddDLights@@YAXXZ      00405f74 f   cl_fx.obj
 0001:00004fd4       ?CL_ClearParticles@@YAXXZ  00405fd4 f   cl_fx.obj
 0001:0000503b       ?CL_AllocParticleTrace@@YAPAUparticleTrace_t@@ABUCVec3@@0MM@Z 0040603b f   cl_fx.obj
 0001:000050db       ?CL_AllocParticleBeam@@YAPAUbeam_t@@ABUCVec3@@0MM@Z 004060db f   cl_fx.obj
 0001:0000514e       ?CL_AllocParticle@@YAPAUparticle_t@@XZ 0040614e f   cl_fx.obj
 0001:0000519c       ?CL_UpdateParticles@@YAXXZ 0040619c f   cl_fx.obj
 0001:0000578d       ?CL_MetalSparks@@YAXABUCVec3@@0H@Z 0040678d f   cl_fx.obj
 0001:0000587a       ?CL_ParseMuzzleFlash@@YAXXZ 0040687a f   cl_fx.obj
 0001:00005bf7       ?CL_ParseMuzzleFlash2@@YAXXZ 00406bf7 f   cl_fx.obj
 0001:00006234       ?CL_ParticleEffect@@YAXABUCVec3@@0HH@Z 00407234 f   cl_fx.obj
 0001:00006303       ?CL_ParticleEffect2@@YAXABUCVec3@@0HH@Z 00407303 f   cl_fx.obj
 0001:000063ce       ?CL_ParticleEffect3@@YAXABUCVec3@@0HH@Z 004073ce f   cl_fx.obj
 0001:0000649e       ?CL_TeleporterParticles@@YAXPAUclEntityState_t@@@Z 0040749e f   cl_fx.obj
 0001:00006555       ?CL_LogoutEffect@@YAXABUCVec3@@H@Z 00407555 f   cl_fx.obj
 0001:00006640       ?CL_ItemRespawnParticles@@YAXABUCVec3@@@Z 00407640 f   cl_fx.obj
 0001:000066ef       ?CL_ExplosionParticles@@YAXABUCVec3@@@Z 004076ef f   cl_fx.obj
 0001:00006799       ?CL_BigTeleportParticles@@YAXABUCVec3@@@Z 00407799 f   cl_fx.obj
 0001:000068f0       ?CL_BlasterParticles@@YAXABUCVec3@@0@Z 004078f0 f   cl_fx.obj
 0001:000069bc       ?CL_BlasterTrail@@YAXABUCVec3@@0@Z 004079bc f   cl_fx.obj
 0001:00006ac8       ?CL_FlagTrail@@YAXABUCVec3@@0H@Z 00407ac8 f   cl_fx.obj
 0001:00006be0       ?CL_DiminishingTrail@@YAXABUCVec3@@0PAUcentity_t@@H@Z 00407be0 f   cl_fx.obj
 0001:00006e50       ?CL_RocketTrail@@YAXABUCVec3@@0PAUcentity_t@@@Z 00407e50 f   cl_fx.obj
 0001:00006f78       ?CL_RailTrail@@YAXABUCVec3@@0@Z 00407f78 f   cl_fx.obj
 0001:000071ba       ?CL_RailTrailExt@@YAXABUCVec3@@0EE@Z 004081ba f   cl_fx.obj
 0001:000072be       ?CL_IonripperTrail@@YAXABUCVec3@@0@Z 004082be f   cl_fx.obj
 0001:000073ea       ?CL_BubbleTrail@@YAXABUCVec3@@0@Z 004083ea f   cl_fx.obj
 0001:000074ff       ?CL_FlyParticles@@YAXABUCVec3@@H@Z 004084ff f   cl_fx.obj
 0001:00007699       ?CL_FlyEffect@@YAXPAUcentity_t@@ABUCVec3@@@Z 00408699 f   cl_fx.obj
 0001:00007701       ?CL_BfgParticles@@YAXPAUentity_t@@@Z 00408701 f   cl_fx.obj
 0001:000078e0       ?CL_TrapParticles@@YAXPAUentity_t@@@Z 004088e0 f   cl_fx.obj
 0001:00007b7e       ?CL_BFGExplosionParticles@@YAXABUCVec3@@@Z 00408b7e f   cl_fx.obj
 0001:00007c28       ?CL_TeleportParticles@@YAXABUCVec3@@@Z 00408c28 f   cl_fx.obj
 0001:00007d63       ?CL_EntityEvent@@YAXPAUclEntityState_t@@@Z 00408d63 f   cl_fx.obj
 0001:00007f3d       ?CL_ClearEffects@@YAXXZ    00408f3d f   cl_fx.obj
 0001:00007f4c       ?IN_CenterView@@YAXXZ      00408f4c f   cl_input.obj
 0001:00007f6d       ?CL_InitInput@@YAXXZ       00408f6d f   cl_input.obj
 0001:00008509       ?CL_SendCmd@@YAXXZ         00409509 f   cl_input.obj
 0001:00008c09       ?CL_WriteDemoMessage@@YAXXZ 00409c09 f   cl_main.obj
 0001:00008c4b       ?Cmd_ForwardToServer@@YAXHPAPAD@Z 00409c4b f   cl_main.obj
 0001:00008d0e       ?CL_ForwardToServer_f@@YAXHPAPAD@Z 00409d0e f   cl_main.obj
 0001:00008d56       ?CL_Pause@@YAX_N@Z         00409d56 f   cl_main.obj
 0001:00008d98       ?CL_Quit_f@@YAXXZ          00409d98 f   cl_main.obj
 0001:00008da2       ?CL_Drop@@YAX_N@Z          00409da2 f   cl_main.obj
 0001:00008dc9       ?CL_SendConnectPacket@@YAXXZ 00409dc9 f   cl_main.obj
 0001:00008e7e       ?CL_CheckForResend@@YAXXZ  00409e7e f   cl_main.obj
 0001:00008f83       ?CL_Connect_f@@YAX_NHPAPAD@Z 00409f83 f   cl_main.obj
 0001:00009006       ?CL_Rcon_f@@YAXHPAPAD@Z    0040a006 f   cl_main.obj
 0001:0000910e       ?CL_Disconnect@@YAXXZ      0040a10e f   cl_main.obj
 0001:000092b5       ?CL_Disconnect_f@@YAXXZ    0040a2b5 f   cl_main.obj
 0001:000092bf       ?CL_Changing_f@@YAXXZ      0040a2bf f   cl_main.obj
 0001:000092e3       ?CL_Reconnect_f@@YAXXZ     0040a2e3 f   cl_main.obj
 0001:0000937f       ?CL_PingServers_f@@YAXXZ   0040a37f f   cl_main.obj
 0001:000094ea       ?CL_Skins_f@@YAXXZ         0040a4ea f   cl_main.obj
 0001:000097fd       ?CL_ConnectionlessPacket@@YAXXZ 0040a7fd f   cl_main.obj
 0001:000098fd       ?CL_ReadPackets@@YAXXZ     0040a8fd f   cl_main.obj
 0001:00009a40       ?CL_FixUpGender@@YAXXZ     0040aa40 f   cl_main.obj
 0001:00009af2       ?CL_Userinfo_f@@YAXXZ      0040aaf2 f   cl_main.obj
 0001:00009b0a       ?CL_RegisterSounds@@YAXXZ  0040ab0a f   cl_main.obj
 0001:00009b49       ?CL_Snd_Restart_f@@YAXXZ   0040ab49 f   cl_main.obj
 0001:00009b58       ?CL_WriteConfiguration@@YAXPBD@Z 0040ab58 f   cl_main.obj
 0001:00009c13       ?CL_WriteConfig_f@@YAX_NHPAPAD@Z 0040ac13 f   cl_main.obj
 0001:00009c72       ?CL_FixCvarCheats@@YAXXZ   0040ac72 f   cl_main.obj
 0001:00009ccc       ?CL_Frame@@YAXMM@Z         0040accc f   cl_main.obj
 0001:00009ecc       ?CL_ClearState@@YAXXZ      0040aecc f   cl_main.obj
 0001:00009f05       ?CL_Init@@YAXXZ            0040af05 f   cl_main.obj
 0001:0000a3e2       ?CL_Shutdown@@YAX_N@Z      0040b3e2 f   cl_main.obj
 0001:0000a437       ?CL_Flashlight@@YAXHABUCVec3@@@Z 0040b437 f   cl_newfx.obj
 0001:0000a471       ?CL_ColorFlash@@YAXABUCVec3@@HHMMM@Z 0040b471 f   cl_newfx.obj
 0001:0000a4ad       ?CL_DebugTrail@@YAXABUCVec3@@0@Z 0040b4ad f   cl_newfx.obj
 0001:0000a5a3       ?CL_ForceWall@@YAXABUCVec3@@0H@Z 0040b5a3 f   cl_newfx.obj
 0001:0000a6e3       ?CL_BubbleTrail2@@YAXABUCVec3@@0H@Z 0040b6e3 f   cl_newfx.obj
 0001:0000a80f       ?CL_Heatbeam@@YAXABUCVec3@@0@Z 0040b80f f   cl_newfx.obj
 0001:0000aab7       ?CL_ParticleSteamEffect@@YAXABUCVec3@@0HHH@Z 0040bab7 f   cl_newfx.obj
 0001:0000abeb       ?CL_ParticleSteamEffect2@@YAXPAUcl_sustain_t@@@Z 0040bbeb f   cl_newfx.obj
 0001:0000ad2c       ?CL_TrackerTrail@@YAXABUCVec3@@0H@Z 0040bd2c f   cl_newfx.obj
 0001:0000ae79       ?CL_Tracker_Shell@@YAXABUCVec3@@@Z 0040be79 f   cl_newfx.obj
 0001:0000aefe       ?CL_MonsterPlasma_Shell@@YAXABUCVec3@@@Z 0040befe f   cl_newfx.obj
 0001:0000af80       ?CL_Widowbeamout@@YAXPAUcl_sustain_t@@@Z 0040bf80 f   cl_newfx.obj
 0001:0000b034       ?CL_Nukeblast@@YAXPAUcl_sustain_t@@@Z 0040c034 f   cl_newfx.obj
 0001:0000b0e8       ?CL_WidowSplash@@YAXABUCVec3@@@Z 0040c0e8 f   cl_newfx.obj
 0001:0000b1b2       ?CL_TagTrail@@YAXABUCVec3@@0H@Z 0040c1b2 f   cl_newfx.obj
 0001:0000b2ca       ?CL_ColorExplosionParticles@@YAXABUCVec3@@HH@Z 0040c2ca f   cl_newfx.obj
 0001:0000b377       ?CL_ParticleSmokeEffect@@YAXABUCVec3@@0HHH@Z 0040c377 f   cl_newfx.obj
 0001:0000b4a9       ?CL_BlasterParticles2@@YAXABUCVec3@@0I@Z 0040c4a9 f   cl_newfx.obj
 0001:0000b576       ?CL_BlasterTrail2@@YAXABUCVec3@@0@Z 0040c576 f   cl_newfx.obj
 0001:0000b682       ?CL_ParseClientinfo@@YAXH@Z 0040c682 f   cl_parse.obj
 0001:0000b6d1       ?CL_ParseServerMessage@@YAXXZ 0040c6d1 f   cl_parse.obj
 0001:0000be95       ?FreePlayerModelsInfo@@YAXXZ 0040ce95 f   cl_playermodel.obj
 0001:0000bebb       ?ScanQuake3Models@@YAXXZ   0040cebb f   cl_playermodel.obj
 0001:0000c019       ?ScanPlayerModels@@YA_NXZ  0040d019 f   cl_playermodel.obj
 0001:0000c289       ?RunAnimation@@YAXAAUclientInfo_t@@AAUanimState_t@@H@Z 0040d289 f   cl_playermodel.obj
 0001:0000c3f8       ?CL_LoadClientinfo@@YAXAAUclientInfo_t@@PBD_N@Z 0040d3f8 f   cl_playermodel.obj
 0001:0000cb4e       ?ParsePlayerEntity@@YAHPAUcentity_t@@PAUclientInfo_t@@PAUclEntityState_t@@ABUentity_t@@PAU4@HH@Z 0040db4e f   cl_playermodel.obj
 0001:0000d0f3       ?Insert@?$TList@VplayerModelInfo_t@@@@QAE_NPAVplayerModelInfo_t@@@Z 0040e0f3 f i cl_playermodel.obj
 0001:0000d0f3       ?Insert@?$TList@VCStringItem@@@@QAE_NPAVCStringItem@@@Z 0040e0f3 f i cl_playermodel.obj
 0001:0000d129       ?CL_CheckPredictionError@@YAXXZ 0040e129 f   cl_pred.obj
 0001:0000d2bf       ?CL_EntityTrace@@YAXAAUtrace_t@@ABUCVec3@@111H@Z 0040e2bf f   cl_pred.obj
 0001:0000d65a       ?CL_Trace@@YAXAAUtrace_t@@ABUCVec3@@111H@Z 0040e65a f   cl_pred.obj
 0001:0000d6dc       ?CL_PMpointcontents@@YAHABUCVec3@@@Z 0040e6dc f   cl_pred.obj
 0001:0000d868       ?CL_PredictMovement@@YAXXZ 0040e868 f   cl_pred.obj
 0001:0000dc0a       ?DrawString@@YAXHHPBD@Z    0040ec0a f   cl_scrn.obj
 0001:0000dc4e       ?SCR_DebugGraph@@YAXMH@Z   0040ec4e f   cl_scrn.obj
 0001:0000dc76       ?SCR_CenterPrint@@YAXPAD@Z 0040ec76 f   cl_scrn.obj
 0001:0000dd7a       ?Key_Message@@YAXH@Z       0040ed7a f   cl_scrn.obj
 0001:0000de16       ?SCR_SetLevelshot@@YAXPBD@Z 0040ee16 f   cl_scrn.obj
 0001:0000df09       ?SCR_BeginLoadingPlaque@@YAXXZ 0040ef09 f   cl_scrn.obj
 0001:0000df8e       ?SCR_EndLoadingPlaque@@YAX_N@Z 0040ef8e f   cl_scrn.obj
 0001:0000e013       ?SCR_ShowConsole@@YAX_N0@Z 0040f013 f   cl_scrn.obj
 0001:0000e0e9       ?SCR_ToggleConsole@@YAXXZ  0040f0e9 f   cl_scrn.obj
 0001:0000e111       ?SCR_TouchPics@@YAXXZ      0040f111 f   cl_scrn.obj
 0001:0000e170       ?SCR_UpdateScreen@@YAXXZ   0040f170 f   cl_scrn.obj
 0001:0000f3f1       ?SCR_Init@@YAXXZ           004103f1 f   cl_scrn.obj
 0001:0000f73b       ?CL_RegisterTEntSounds@@YAXXZ 0041073b f   cl_tent.obj
 0001:0000f980       ?CL_RegisterTEntModels@@YAXXZ 00410980 f   cl_tent.obj
 0001:0000fabe       ?CL_ClearTEnts@@YAXXZ      00410abe f   cl_tent.obj
 0001:0000faf2       ?CL_AllocExplosion@@YAPAUexplosion_t@@ABUCVec3@@W4exptype_t@@@Z 00410af2 f   cl_tent.obj
 0001:0000fb9d       ?CL_AddExplosions@@YAXXZ   00410b9d f   cl_tent.obj
 0001:0000fd2b       ?CL_SmokeAndFlash@@YAXABUCVec3@@@Z 00410d2b f   cl_tent.obj
 0001:0000fd73       ?CL_ParseBeam@@YAHPAVCRenderModel@@@Z 00410d73 f   cl_tent.obj
 0001:0000fe3f       ?CL_ParseBeam2@@YAHPAVCRenderModel@@@Z 00410e3f f   cl_tent.obj
 0001:0000ff16       ?CL_ParsePlayerBeam@@YAHPAVCRenderModel@@@Z 00410f16 f   cl_tent.obj
 0001:00010021       ?CL_ParseLightning@@YAHPAVCRenderModel@@@Z 00411021 f   cl_tent.obj
 0001:000100e3       ?CL_ParseLaser@@YAXI@Z     004110e3 f   cl_tent.obj
 0001:0001015f       ?CL_ParseSteam@@YAXXZ      0041115f f   cl_tent.obj
 0001:00010270       ?CL_ParseWidow@@YAXXZ      00411270 f   cl_tent.obj
 0001:000102dc       ?CL_ParseNuke@@YAXXZ       004112dc f   cl_tent.obj
 0001:00010346       ?CL_ParseTEnt@@YAXXZ       00411346 f   cl_tent.obj
 0001:0001117a       ?CL_AddBeams@@YAXXZ        0041217a f   cl_tent.obj
 0001:000114a3       ?CL_AddPlayerBeams@@YAXXZ  004124a3 f   cl_tent.obj
 0001:00011ba2       ?CL_ProcessSustain@@YAXXZ  00412ba2 f   cl_tent.obj
 0001:00011be3       ?CL_AddTEnts@@YAXXZ        00412be3 f   cl_tent.obj
 0001:00011bf7       ?V_AddEntity@@YAXPAUentity_t@@@Z 00412bf7 f   cl_view.obj
 0001:00011c32       ?V_AddEntity2@@YAXPAUentity_t@@@Z 00412c32 f   cl_view.obj
 0001:00011c61       ?AddEntityWithEffects2@@YAXPAUentity_t@@I@Z 00412c61 f   cl_view.obj
 0001:00011c84       ?AddEntityWithEffects@@YAXPAUentity_t@@I@Z 00412c84 f   cl_view.obj
 0001:00011ca3       ?V_AddLight@@YAXABUCVec3@@MMMM@Z 00412ca3 f   cl_view.obj
 0001:00011ce8       ?V_TestParticles@@YAXXZ    00412ce8 f   cl_view.obj
 0001:00011db1       ?V_TestEntities@@YAXXZ     00412db1 f   cl_view.obj
 0001:00011eeb       ?V_TestLights@@YAXXZ       00412eeb f   cl_view.obj
 0001:00011fc1       ?CL_PrepRefresh@@YAXXZ     00412fc1 f   cl_view.obj
 0001:0001228c       ?CalcFov@@YAMMMM@Z         0041328c f   cl_view.obj
 0001:000122fa       ?V_RenderView@@YA_NXZ      004132fa f   cl_view.obj
 0001:00012f5b       ?V_Init@@YAXXZ             00413f5b f   cl_view.obj
 0001:0001300a       ?Con_ClearNotify@@YAXXZ    0041400a f   console.obj
 0001:00013019       ?Con_CheckResize@@YAXXZ    00414019 f   console.obj
 0001:00013140       ?Con_Print@@YAXPBD@Z       00414140 f   console.obj
 0001:00013438       ?Con_DrawNotify@@YAX_N@Z   00414438 f   console.obj
 0001:00013550       ?Con_DrawConsole@@YAXM@Z   00414550 f   console.obj
 0001:00013923       ?Con_ClearTyping@@YAXXZ    00414923 f   console.obj
 0001:0001393c       ?Key_Console@@YAXHH@Z      0041493c f   console.obj
 0001:00013d84       ?Con_Init@@YAXXZ           00414d84 f   console.obj
 0001:00013f00       ?Key_KeynumToString@@YAPBDH@Z 00414f00 f   keys.obj
 0001:00013fc0       ?Draw@completeMenu_t@@UAEXXZ 00414fc0 f i keys.obj
 0001:00013ff1       ?KeyDown@completeMenu_t@@UAEPBDH@Z 00414ff1 f i keys.obj
 0001:0001401a       ?Init@completeMenu_t@@UAE_NXZ 0041501a f i keys.obj
 0001:00014141       ?CompleteMenuCallback@completeMenu_t@@SAXPAX@Z 00415141 f i keys.obj
 0001:000141cf       ?CompleteCommand@@YAXXZ    004151cf f   keys.obj
 0001:00014904       ?Key_SetBinding@@YAXHPBD@Z 00415904 f   keys.obj
 0001:00014942       ?Key_FindBinding@@YAHPBDPAHH@Z 00415942 f   keys.obj
 0001:00014990       ?Key_WriteBindings@@YAXPAU_iobuf@@@Z 00415990 f   keys.obj
 0001:000149d8       ?Key_Init@@YAXXZ           004159d8 f   keys.obj
 0001:00014cbc       ?Key_Event@@YAXH_N@Z       00415cbc f   keys.obj
 0001:00015015       ?Key_ClearStates@@YAXXZ    00416015 f   keys.obj
 0001:0001504a       ?M_ForceMenuOn@@YAXXZ      0041604a f   menu.obj
 0001:00015069       ?Draw@menuMain_t@@UAEXXZ   00416069 f i menu.obj
 0001:000151cc       ?KeyDown@menuMain_t@@UAEPBDH@Z 004161cc f i menu.obj
 0001:00015288       ?Init@menuMain_t@@UAE_NXZ  00416288 f i menu.obj
 0001:00015290       ?M_Menu_Main_f@@YAXXZ      00416290 f   menu.obj
 0001:000152aa       ?Init@multiplayerMenu_t@@UAE_NXZ 004162aa f i menu.obj
 0001:000153ce       ?Init@keysMenu_t@@UAE_NXZ  004163ce f i menu.obj
 0001:000155b3       ?KeyCursorDrawFunc@keysMenu_t@@SAXPAUmenuFramework_t@@@Z 004165b3 f i menu.obj
 0001:000155f3       ?DrawKeyBindingFunc@keysMenu_t@@SAXPAX@Z 004165f3 f i menu.obj
 0001:000156ba       ?KeyDown@keysMenu_t@@UAEPBDH@Z 004166ba f i menu.obj
 0001:00015767       ?UnbindCommand@keysMenu_t@@QAEXPAD@Z 00416767 f i menu.obj
 0001:000157ac       ?KeyBindingFunc@keysMenu_t@@QAEXPAX@Z 004167ac f i menu.obj
 0001:0001580b       ?Init@optionsMenu_t@@UAE_NXZ 0041680b f i menu.obj
 0001:00015c69       ?CrosshairFunc@optionsMenu_t@@SAXPAX@Z 00416c69 f i menu.obj
 0001:00015c91       ?JoystickFunc@optionsMenu_t@@SAXPAX@Z 00416c91 f i menu.obj
 0001:00015ca6       ?AlwaysRunFunc@optionsMenu_t@@SAXPAX@Z 00416ca6 f i menu.obj
 0001:00015cbb       ?FreeLookFunc@optionsMenu_t@@SAXPAX@Z 00416cbb f i menu.obj
 0001:00015cd0       ?MouseSpeedFunc@optionsMenu_t@@SAXPAX@Z 00416cd0 f i menu.obj
 0001:00015ced       ?InvertMouseFunc@optionsMenu_t@@SAXPAX@Z 00416ced f i menu.obj
 0001:00015d08       ?LookspringFunc@optionsMenu_t@@SAXPAX@Z 00416d08 f i menu.obj
 0001:00015d24       ?LookstrafeFunc@optionsMenu_t@@SAXPAX@Z 00416d24 f i menu.obj
 0001:00015d40       ?UpdateVolumeFunc@optionsMenu_t@@SAXPAX@Z 00416d40 f i menu.obj
 0001:00015d5d       ?UpdateCDVolumeFunc@optionsMenu_t@@SAXPAX@Z 00416d5d f i menu.obj
 0001:00015d77       ?SetMenuItemValues@optionsMenu_t@@SAXXZ 00416d77 f i menu.obj
 0001:00015f55       ?ResetDefaultsFunc@optionsMenu_t@@SAXPAX@Z 00416f55 f i menu.obj
 0001:00015f6a       ?UpdateSoundFunc@optionsMenu_t@@SAXPAX@Z 00416f6a f i menu.obj
 0001:0001616d       ?ScanCrosshairs@optionsMenu_t@@SAXXZ 0041716d f i menu.obj
 0001:000161ca       ?Draw@optionsMenu_t@@UAEXXZ 004171ca f i menu.obj
 0001:0001622f       ?Draw@creditsMenu_t@@UAEXXZ 0041722f f i menu.obj
 0001:000162d6       ?KeyDown@creditsMenu_t@@UAEPBDH@Z 004172d6 f i menu.obj
 0001:00016311       ?Init@creditsMenu_t@@UAE_NXZ 00417311 f i menu.obj
 0001:000163d9       ?Init@gameMenu_t@@UAE_NXZ  004173d9 f i menu.obj
 0001:00016564       ?EasyGameFunc@gameMenu_t@@SAXPAX@Z 00417564 f i menu.obj
 0001:00016570       ?StartGame@gameMenu_t@@SAXPBD@Z 00417570 f i menu.obj
 0001:000165c3       ?MediumGameFunc@gameMenu_t@@SAXPAX@Z 004175c3 f i menu.obj
 0001:000165cf       ?HardGameFunc@gameMenu_t@@SAXPAX@Z 004175cf f i menu.obj
 0001:000165eb       ?Init@savegameMenu_t@@UAE_NXZ 004175eb f i menu.obj
 0001:000166fb       ?Create_Savestrings@savegameMenu_t@@QAEXXZ 004176fb f i menu.obj
 0001:000167b6       ?LoadGameCallback@savegameMenu_t@@SAXPAX@Z 004177b6 f i menu.obj
 0001:000167df       ?SaveGameCallback@savegameMenu_t@@SAXPAX@Z 004177df f i menu.obj
 0001:000167fe       ?Draw@savegameMenu_t@@UAEXXZ 004177fe f i menu.obj
 0001:00016819       ?DrawSavegameShot@savegameMenu_t@@QAEXHH@Z 00417819 f i menu.obj
 0001:000168fe       ?Init@joinserverMenu_t@@UAE_NXZ 004178fe f i menu.obj
 0001:00016a27       ?JoinServerFunc@joinserverMenu_t@@SAXPAX@Z 00417a27 f i menu.obj
 0001:00016a89       ?SearchLocalGames@joinserverMenu_t@@SAXXZ 00417a89 f i menu.obj
 0001:00016af4       ?M_AddToServerList@@YAXUnetadr_t@@PAD@Z 00417af4 f   menu.obj
 0001:00016b77       ?Init@startserverMenu_t@@UAE_NXZ 00417b77 f i menu.obj
 0001:00017019       ?DMOptionsFunc@startserverMenu_t@@SAXPAX@Z 00418019 f i menu.obj
 0001:00017029       ?RulesChangeFunc@startserverMenu_t@@SAXPAX@Z 00418029 f i menu.obj
 0001:000170a3       ?StartServerActionFunc@startserverMenu_t@@SAXPAX@Z 004180a3 f i menu.obj
 0001:000170ce       ?StartServerFunc@startserverMenu_t@@SAXPAD@Z 004180ce f i menu.obj
 0001:00017305       ?KeyDown@startserverMenu_t@@UAEPBDH@Z 00418305 f i menu.obj
 0001:00017362       ?Init@dmoptionsMenu_t@@UAE_NXZ 00418362 f i menu.obj
 0001:00017941       ?DMFlagCallback@dmoptionsMenu_t@@SAXPAX@Z 00418941 f i menu.obj
 0001:00017b1c       ?Init@downloadOptionsMenu_t@@UAE_NXZ 00418b1c f i menu.obj
 0001:00017ce7       ?DownloadCallback@downloadOptionsMenu_t@@SAXPAX@Z 00418ce7 f i menu.obj
 0001:00017d52       ?Init@addressBookMenu_t@@UAE_NXZ 00418d52 f i menu.obj
 0001:00017dfa       ?KeyDown@addressBookMenu_t@@UAEPBDH@Z 00418dfa f i menu.obj
 0001:00017e57       ?Init@playerConfigMenu_t@@UAE_NXZ 00418e57 f i menu.obj
 0001:000183af       ?HandednessCallback@playerConfigMenu_t@@SAXPAX@Z 004193af f i menu.obj
 0001:000183c4       ?RTypeCallback@playerConfigMenu_t@@SAXPAX@Z 004193c4 f i menu.obj
 0001:000183d9       ?RColorCallback@playerConfigMenu_t@@SAXPAX@Z 004193d9 f i menu.obj
 0001:000183ee       ?RateCallback@playerConfigMenu_t@@SAXPAX@Z 004193ee f i menu.obj
 0001:00018411       ?ModelCallback@playerConfigMenu_t@@SAXPAX@Z 00419411 f i menu.obj
 0001:00018445       ?SkinCallback@playerConfigMenu_t@@SAXPAX@Z 00419445 f i menu.obj
 0001:0001844d       ?Draw@playerConfigMenu_t@@UAEXXZ 0041944d f i menu.obj
 0001:00018711       ?KeyDown@playerConfigMenu_t@@UAEPBDH@Z 00419711 f i menu.obj
 0001:000187f0       ?Init@dmbrowseMenu_t@@UAE_NXZ 004197f0 f i menu.obj
 0001:000189f6       ?KeyDown@dmbrowseMenu_t@@UAEPBDH@Z 004199f6 f i menu.obj
 0001:00018bba       ?Draw@dmbrowseMenu_t@@UAEXXZ 00419bba f i menu.obj
 0001:00018cff       ?DrawThumbnail@dmbrowseMenu_t@@SAXHHHHPAD_N@Z 00419cff f i menu.obj
 0001:00018de6       ?Init@videoMenu_t@@UAE_NXZ 00419de6 f i menu.obj
 0001:0001939f       ?ScreenSizeCallback@videoMenu_t@@SAXPAX@Z 0041a39f f i menu.obj
 0001:000193bd       ?BrightnessCallback@videoMenu_t@@SAXPAX@Z 0041a3bd f i menu.obj
 0001:000193db       ?ContrastCallback@videoMenu_t@@SAXPAX@Z 0041a3db f i menu.obj
 0001:00019414       ?CancelChanges@videoMenu_t@@SAXPAX@Z 0041a414 f i menu.obj
 0001:00019435       ?KeyDown@videoMenu_t@@UAEPBDH@Z 0041a435 f i menu.obj
 0001:0001947c       ?ApplyChanges@videoMenu_t@@SAXPAX@Z 0041a47c f i menu.obj
 0001:00019633       ?KeyDown@quitMenu_t@@UAEPBDH@Z 0041a633 f i menu.obj
 0001:0001966b       ?Draw@quitMenu_t@@UAEXXZ   0041a66b f i menu.obj
 0001:000196db       ?M_Init@@YAXXZ             0041a6db f   menu.obj
 0001:000198bd       ?ItemAtCursor@menuFramework_t@@QAEPAUmenuCommon_t@@XZ 0041a8bd f   qmenu.obj
 0001:00019911       ?AddItem@menuFramework_t@@QAEXPAUmenuCommon_t@@@Z 0041a911 f   qmenu.obj
 0001:000199cd       ?AdjustCursor@menuFramework_t@@QAEXH@Z 0041a9cd f   qmenu.obj
 0001:00019b3c       ?Center@menuFramework_t@@QAEXXZ 0041ab3c f   qmenu.obj
 0001:00019b7d       ?Draw@menuFramework_t@@UAEXXZ 0041ab7d f   qmenu.obj
 0001:0001a135       ?SelectItem@menuFramework_t@@QAE_NXZ 0041b135 f   qmenu.obj
 0001:0001a193       ?SetStatusBar@menuFramework_t@@QAEXPBD@Z 0041b193 f   qmenu.obj
 0001:0001a19d       ?SlideItem@menuFramework_t@@QAEXH@Z 0041b19d f   qmenu.obj
 0001:0001a71a       ?Push@menuFramework_t@@QAEXXZ 0041b71a f   qmenu.obj
 0001:0001a7a2       ?M_ForceMenuOff@@YAXXZ     0041b7a2 f   qmenu.obj
 0001:0001a7c5       ?Pop@menuFramework_t@@QAEXXZ 0041b7c5 f   qmenu.obj
 0001:0001a7ff       ?KeyDown@menuFramework_t@@UAEPBDH@Z 0041b7ff f   qmenu.obj
 0001:0001aa73       ?Init@menuFramework_t@@UAE_NXZ 0041ba73 f   qmenu.obj
 0001:0001aa76       ?M_Draw@@YAXXZ             0041ba76 f   qmenu.obj
 0001:0001aab1       ?M_Keydown@@YAXH@Z         0041bab1 f   qmenu.obj
 0001:0001aad0       ?InitRendererVars@@YAXXZ   0041bad0 f   ref_vars.obj
 0001:0001aaef       ?S_SoundInfo_f@@YAXXZ      0041baef f   snd_dma.obj
 0001:0001ab79       ?S_ReadModelsSex@@YAXXZ    0041bb79 f   snd_dma.obj
 0001:0001ac5e       ?S_IsFemale@@YA_NPBD@Z     0041bc5e f   snd_dma.obj
 0001:0001acb2       ?S_Init@@YAXXZ             0041bcb2 f   snd_dma.obj
 0001:0001ad88       ?S_Shutdown@@YAXXZ         0041bd88 f   snd_dma.obj
 0001:0001ae1b       ?S_BeginRegistration@@YAXXZ 0041be1b f   snd_dma.obj
 0001:0001ae29       ?S_RegisterSound@@YAPAUsfx_t@@PBD@Z 0041be29 f   snd_dma.obj
 0001:0001afc2       ?S_EndRegistration@@YAXXZ  0041bfc2 f   snd_dma.obj
 0001:0001b05a       ?S_PickChannel@@YAPAUchannel_t@@HH@Z 0041c05a f   snd_dma.obj
 0001:0001b0e7       ?S_Spatialize@@YAXPAUchannel_t@@@Z 0041c0e7 f   snd_dma.obj
 0001:0001b27e       ?S_AllocPlaysound@@YAPAUplaysound_t@@XZ 0041c27e f   snd_dma.obj
 0001:0001b2a0       ?S_FreePlaysound@@YAXPAUplaysound_t@@@Z 0041c2a0 f   snd_dma.obj
 0001:0001b2d0       ?S_IssuePlaysound@@YAXPAUplaysound_t@@@Z 0041c2d0 f   snd_dma.obj
 0001:0001b39d       ?S_StartSound@@YAXPBUCVec3@@HHPAUsfx_t@@MMM@Z 0041c39d f   snd_dma.obj
 0001:0001b713       ?S_StartLocalSound@@YAXPBD@Z 0041c713 f   snd_dma.obj
 0001:0001b762       ?S_ClearBuffer@@YAXXZ      0041c762 f   snd_dma.obj
 0001:0001b7cb       ?S_StopAllSounds_f@@YAXXZ  0041c7cb f   snd_dma.obj
 0001:0001b83b       ?S_AddLoopSounds@@YAXXZ    0041c83b f   snd_dma.obj
 0001:0001ba11       ?S_RawSamples@@YAXHHHHPAE@Z 0041ca11 f   snd_dma.obj
 0001:0001bc15       ?S_Update@@YAXABUCVec3@@0@Z 0041cc15 f   snd_dma.obj
 0001:0001bcf8       ?GetSoundtime@@YAXXZ       0041ccf8 f   snd_dma.obj
 0001:0001bd5f       ?S_Update_@@YAXXZ          0041cd5f f   snd_dma.obj
 0001:0001c012       ?ResampleSfx@@YAXPAUsfx_t@@HHPAE@Z 0041d012 f   snd_mem.obj
 0001:0001c12d       ?S_LoadSound@@YAPAUsfxcache_t@@PAUsfx_t@@@Z 0041d12d f   snd_mem.obj
 0001:0001c265       ?GetWavinfo@@YA?AUwavinfo_t@@PADPAEH@Z 0041d265 f   snd_mem.obj
 0001:0001c4a7       ?S_WriteLinearBlastStereo16@@YAXXZ 0041d4a7 f   snd_mix.obj
 0001:0001c51b       ?S_TransferStereo16@@YAXPAKH@Z 0041d51b f   snd_mix.obj
 0001:0001c584       ?S_TransferPaintBuffer@@YAXH@Z 0041d584 f   snd_mix.obj
 0001:0001c6e8       ?S_PaintChannels@@YAXH@Z   0041d6e8 f   snd_mix.obj
 0001:0001c984       ?S_InitScaletable@@YAXXZ   0041d984 f   snd_mix.obj
 0001:0001cb45       ?SV_ClearTexts@@YAXXZ      0041db45 f   sv_text.obj
 0001:0001cb4d       ?SV_DrawTexts@@YAXXZ       0041db4d f   sv_text.obj
 0001:0001ccea       ?SV_DrawText3D@@YAXABUCVec3@@PBDI@Z 0041dcea f   sv_text.obj
 0001:0001cd01       ?SV_WipeSavegame@@YAXPAD@Z 0041dd01 f   sv_ccmds.obj
 0001:0001cd2f       ?SV_CopySaveGame@@YAXPAD0@Z 0041dd2f f   sv_ccmds.obj
 0001:0001cd84       ?SV_WriteLevelFile@@YAXXZ  0041dd84 f   sv_ccmds.obj
 0001:0001ce32       ?SV_ReadLevelFile@@YAXXZ   0041de32 f   sv_ccmds.obj
 0001:0001cee0       ?SV_WriteServerFile@@YAX_NPAD@Z 0041dee0 f   sv_ccmds.obj
 0001:0001d11c       ?SV_ReadServerFile@@YAXXZ  0041e11c f   sv_ccmds.obj
 0001:0001d241       ?SV_AddressBanned@@YA_NPAUnetadr_t@@@Z 0041e241 f   sv_ccmds.obj
 0001:0001d282       ?SV_InitOperatorCommands@@YAXXZ 0041e282 f   sv_ccmds.obj
 0001:0001e280       ?SV_WriteFrameToClient@@YAXPAUclient_t@@PAVsizebuf_t@@@Z 0041f280 f   sv_ents.obj
 0001:0001e4c8       ?SV_BuildClientFrame@@YAXPAUclient_t@@@Z 0041f4c8 f   sv_ents.obj
 0001:0001e94e       ?SV_RecordDemoMessage@@YAXXZ 0041f94e f   sv_ents.obj
 0001:0001f537       ?SV_InitGameLibrary@@YAX_N@Z 00420537 f   sv_game.obj
 0001:0001f67d       ?SV_ShutdownGameLibrary@@YAXXZ 0042067d f   sv_game.obj
 0001:0001f7da       ?SV_FindIndex@@YAHPADHH_N@Z 004207da f   sv_init.obj
 0001:0001f8e7       ?SV_ModelIndex@@YAHPAD@Z   004208e7 f   sv_init.obj
 0001:0001f8fd       ?SV_SoundIndex@@YAHPAD@Z   004208fd f   sv_init.obj
 0001:0001f916       ?SV_ImageIndex@@YAHPAD@Z   00420916 f   sv_init.obj
 0001:0001f92f       ?SV_CreateBaseline@@YAXXZ  0042092f f   sv_init.obj
 0001:0001f994       ?SV_CheckForSavegame@@YAXXZ 00420994 f   sv_init.obj
 0001:0001fa1c       ?SV_SpawnServer@@YAXPAD0W4server_state_t@@_N2@Z 00420a1c f   sv_init.obj
 0001:0001fcea       ?SV_InitGame@@YAXXZ        00420cea f   sv_init.obj
 0001:0001ff34       ?SV_Map@@YAX_NPBD0@Z       00420f34 f   sv_init.obj
 0001:000200fd       ?SV_DropClient@@YAXPAUclient_t@@PAD@Z 004210fd f   sv_main.obj
 0001:00020a0c       ?SV_ConnectionlessPacket@@YAXXZ 00421a0c f   sv_main.obj
 0001:00020ad7       ?SV_CalcPings@@YAXXZ       00421ad7 f   sv_main.obj
 0001:00020b5e       ?SV_GiveMsec@@YAXXZ        00421b5e f   sv_main.obj
 0001:00020b9d       ?SV_ReadPackets@@YAXXZ     00421b9d f   sv_main.obj
 0001:00020ce5       ?SV_CheckTimeouts@@YAXXZ   00421ce5 f   sv_main.obj
 0001:00020df6       ?SV_PostprocessFrame@@YAXXZ 00421df6 f   sv_main.obj
 0001:000212c2       ?SV_MulticastHook@@YAPAVsizebuf_t@@PAV1@0@Z 004222c2 f   sv_main.obj
 0001:000216b2       ?SV_TraceHook@@YA?AUtrace_t@@ABUCVec3@@PBU2@10PAUedict_s@@H@Z 004226b2 f   sv_main.obj
 0001:0002183e       ?SV_Frame@@YAXM@Z          0042283e f   sv_main.obj
 0001:00021af1       ?SV_UserinfoChanged@@YAXPAUclient_t@@@Z 00422af1 f   sv_main.obj
 0001:00021bb5       ?SV_Init@@YAXXZ            00422bb5 f   sv_main.obj
 0001:00021c17       ?SV_Shutdown@@YAXPBD_N@Z   00422c17 f   sv_main.obj
 0001:00021e1e       ?SV_BeginRedirect@@YAXXZ   00422e1e f   sv_send.obj
 0001:00021ec8       ?SV_ClientPrintf@@YAXPAUclient_t@@HPBDZZ 00422ec8 f   sv_send.obj
 0001:00021f23       ?SV_BroadcastPrintf@@YAXHPBDZZ 00422f23 f   sv_send.obj
 0001:00021ff9       ?SV_BroadcastCommand@@YAXPBDZZ 00422ff9 f   sv_send.obj
 0001:00022051       ?SV_Multicast@@YAXABUCVec3@@W4multicast_t@@_N@Z 00423051 f   sv_send.obj
 0001:00022277       ?SV_MulticastOld@@YAXABUCVec3@@W4multicast_t@@@Z 00423277 f   sv_send.obj
 0001:0002228a       ?SV_MulticastNew@@YAXABUCVec3@@W4multicast_t@@@Z 0042328a f   sv_send.obj
 0001:0002229d       ?SV_StartSound@@YAXPBUCVec3@@PAUedict_s@@HHMMM_N@Z 0042329d f   sv_send.obj
 0001:0002256a       ?SV_StartSoundOld@@YAXPBUCVec3@@PAUedict_s@@HHMMM@Z 0042356a f   sv_send.obj
 0001:0002259a       ?SV_StartSoundNew@@YAXPBUCVec3@@PAUedict_s@@HHMMM@Z 0042359a f   sv_send.obj
 0001:000225ca       ?SV_SendClientDatagram@@YA_NPAUclient_t@@@Z 004235ca f   sv_send.obj
 0001:00022693       ?SV_DemoCompleted@@YAXXZ   00423693 f   sv_send.obj
 0001:000226af       ?SV_RateDrop@@YA_NPAUclient_t@@@Z 004236af f   sv_send.obj
 0001:000226f9       ?SV_SendClientMessages@@YAXXZ 004236f9 f   sv_send.obj
 0001:0002283c       ?SV_TokenizeString@@YAXPBD@Z 0042383c f   sv_tokenize.obj
 0001:00022913       ?SV_Argc@@YAHXZ            00423913 f   sv_tokenize.obj
 0001:00022919       ?SV_Argv@@YAPADH@Z         00423919 f   sv_tokenize.obj
 0001:00022933       ?SV_Args@@YAPADXZ          00423933 f   sv_tokenize.obj
 0001:000231c8       ?SV_Nextserver@@YAXXZ      004241c8 f   sv_user.obj
 0001:00023257       ?SV_ExecuteUserCommand@@YAXPAD@Z 00424257 f   sv_user.obj
 0001:00023319       ?SV_ClientThink@@YAXPAUclient_t@@PAUusercmd_t@@@Z 00424319 f   sv_user.obj
 0001:0002335c       ?SV_ExecuteClientMessage@@YAXPAUclient_t@@@Z 0042435c f   sv_user.obj
 0001:0002357a       ?SV_ClearWorld@@YAXXZ      0042457a f   sv_world.obj
 0001:000236b5       ?SV_UnlinkEdict@@YAXPAUedict_s@@@Z 004246b5 f   sv_world.obj
 0001:00023778       ?SV_LinkEdict@@YAXPAUedict_s@@@Z 00424778 f   sv_world.obj
 0001:00023d63       ?SV_AreaEdicts@@YAHABUCVec3@@0PAPAUedict_s@@HH@Z 00424d63 f   sv_world.obj
 0001:00023f14       ?SV_PointContents@@YAHABUCVec3@@@Z 00424f14 f   sv_world.obj
 0001:0002403b       ?SV_Trace@@YAXAAUtrace_t@@ABUCVec3@@111PAUedict_s@@H@Z 0042503b f   sv_world.obj
 0001:000244cd       ?InitByteDirs@@YAXXZ       004254cd f   anorms.obj
 0001:0002450c       ?Cbuf_AddText@@YAXPBD@Z    0042550c f   cmd.obj
 0001:0002456e       ?Cbuf_CopyToDefer@@YAXXZ   0042556e f   cmd.obj
 0001:000245b6       ?Cbuf_InsertFromDefer@@YAXXZ 004255b6 f   cmd.obj
 0001:0002466f       ?Cbuf_Execute@@YAXXZ       0042566f f   cmd.obj
 0001:00024775       ?Cmd_Unalias_f@@YAX_NHPAPAD@Z 00425775 f   cmd.obj
 0001:000247eb       ?Cmd_WriteAliases@@YAXPAU_iobuf@@@Z 004257eb f   cmd.obj
 0001:0002481c       ?RegisterCommand@@YA_NPBDP6AXXZH@Z 0042581c f   cmd.obj
 0001:000248d5       ?UnregisterCommand@@YA_NPBD@Z 004258d5 f   cmd.obj
 0001:00024966       ?Cmd_ExecuteString@@YA_NPBD@Z 00425966 f   cmd.obj
 0001:00024db9       ?ExecuteCommand@@YA_NPBDPBUCSimpleCommand@@H@Z 00425db9 f   cmd.obj
 0001:00024e91       ?Cmd_Init@@YAXXZ           00425e91 f   cmd.obj
 0001:000251e3       ?CM_LoadMap@@YAPAUcmodel_t@@PBD_NPAI@Z 004261e3 f   cmodel.obj
 0001:00025914       ?SetSignbits@cplane_t@@QAEXXZ 00426914 f i cmodel.obj
 0001:00025948       ?SetType@cplane_t@@QAEXXZ  00426948 f i cmodel.obj
 0001:00025b04       ?CM_InlineModel@@YAPAUcmodel_t@@PBD@Z 00426b04 f   cmodel.obj
 0001:00025b45       ?CM_NumClusters@@YAHXZ     00426b45 f   cmodel.obj
 0001:00025b4b       ?CM_NumInlineModels@@YAHXZ 00426b4b f   cmodel.obj
 0001:00025b51       ?CM_EntityString@@YAPBDXZ  00426b51 f   cmodel.obj
 0001:00025b57       ?CM_LeafContents@@YAHH@Z   00426b57 f   cmodel.obj
 0001:00025b7e       ?CM_LeafCluster@@YAHH@Z    00426b7e f   cmodel.obj
 0001:00025bf4       ?CM_LeafArea@@YAHH@Z       00426bf4 f   cmodel.obj
 0001:00025db7       ?CM_HeadnodeForBox@@YAHABUCBox@@@Z 00426db7 f   cmodel.obj
 0001:00025e6c       ?CM_PointLeafnum@@YAHABUCVec3@@H@Z 00426e6c f   cmodel.obj
 0001:00025f0f       ?DistanceTo@cplane_t@@QAEMABUCVec3@@@Z 00426f0f f i cmodel.obj
 0001:00025f53       ?CM_PointContents@@YAHABUCVec3@@H@Z 00426f53 f   cmodel.obj
 0001:00025fc8       ?CM_TransformedPointContents@@YAHABUCVec3@@H00@Z 00426fc8 f   cmodel.obj
 0001:000260a9       ?CM_TransformedPointContents@@YAHABUCVec3@@H0ABUCAxis@@@Z 004270a9 f   cmodel.obj
 0001:00026154       ?CM_BoxLeafnums@@YAHABUCBox@@PAHH1H@Z 00427154 f   cmodel.obj
 0001:0002625d       ?BOX_ON_PLANE_SIDE@@YAHABUCBox@@ABUcplane_t@@@Z 0042725d f i cmodel.obj
 0001:000262c7       ?CM_BoxTrace@@YAXAAUtrace_t@@ABUCVec3@@1PBU2@2HH@Z 004272c7 f   cmodel.obj
 0001:00026c89       ?CM_TransformedBoxTrace@@YAXAAUtrace_t@@ABUCVec3@@1PBU2@2HH11@Z 00427c89 f   cmodel.obj
 0001:00026e09       ?CM_TransformedBoxTrace@@YAXAAUtrace_t@@ABUCVec3@@1PBU2@2HH1ABUCAxis@@@Z 00427e09 f   cmodel.obj
 0001:00026ec9       ?CM_BrushTrace@@YAHABUCVec3@@0PAHH@Z 00427ec9 f   cmodel.obj
 0001:000272db       ?CM_RefineBrushTrace@@YAHABUCVec3@@0PAHH@Z 004282db f   cmodel.obj
 0001:00027381       ?CM_ClusterPVS@@YAPAEH@Z   00428381 f   cmodel.obj
 0001:000274c5       ?CM_ClusterPHS@@YAPAEH@Z   004284c5 f   cmodel.obj
 0001:00027628       ?CM_SetAreaPortalState@@YAXH_N@Z 00428628 f   cmodel.obj
 0001:0002764d       ?CM_AreasConnected@@YA_NHH@Z 0042864d f   cmodel.obj
 0001:00027691       ?CM_WriteAreaBits@@YAHPAEH@Z 00428691 f   cmodel.obj
 0001:00027733       ?CM_WritePortalState@@YAXPAU_iobuf@@@Z 00428733 f   cmodel.obj
 0001:0002774d       ?CM_ReadPortalState@@YAXPAU_iobuf@@@Z 0042874d f   cmodel.obj
 0001:0002776b       ?CM_HeadnodeVisible@@YA_NHPBE@Z 0042876b f   cmodel.obj
 0001:00027846       ?Com_BeginRedirect@@YAXPADHP6AX0@Z@Z 00428846 f   common.obj
 0001:00027873       ?Com_EndRedirect@@YAXXZ    00428873 f   common.obj
 0001:00027892       ?Com_Printf@@YAXPBDZZ      00428892 f   common.obj
 0001:00027a8a       ?Com_DPrintf@@YAXPBDZZ     00428a8a f   common.obj
 0001:00027b03       ?DebugPrintf@@YAXPBDZZ     00428b03 f   common.obj
 0001:00027bad       ?Com_WPrintf@@YAXPBDZZ     00428bad f   common.obj
 0001:00027c07       ?Com_Quit@@YAXXZ           00428c07 f   common.obj
 0001:00027c27       ?IPWildcard@@YA_NPAUnetadr_t@@PAD@Z 00428c27 f   common.obj
 0001:00027d01       ?Com_ServerState@@YA?AW4server_state_t@@XZ 00428d01 f   common.obj
 0001:00027d07       ?Com_SetServerState@@YAXW4server_state_t@@@Z 00428d07 f   common.obj
 0001:00027d11       ?frand@@YAMXZ              00428d11 f   common.obj
 0001:00027d29       ?crand@@YAMXZ              00428d29 f   common.obj
 0001:00027d47       ?Info_ValueForKey@@YAPBDPBD0@Z 00428d47 f   common.obj
 0001:00027dc6       ?Info_SetValueForKey@@YAXPADPBD1@Z 00428dc6 f   common.obj
 0001:00027f29       ?Info_Print@@YAXPBD@Z      00428f29 f   common.obj
 0001:00027faf       ?Com_CheckCmdlineVar@@YA_NPBD@Z 00428faf f   common.obj
 0001:00028005       ?Com_Init@@YAXPBD@Z        00429005 f   common.obj
 0001:000283d3       ?Com_Frame@@YAXM@Z         004293d3 f   common.obj
 0001:00028711       ?Com_Shutdown@@YAXXZ       00429711 f   common.obj
 0001:0002872a       ?Com_BlockSequenceCRCByte@@YAEPAEHH@Z 0042972a f   crc.obj
 0001:000287e0       ?Cvar_VariableValue@@YAMPBD@Z 004297e0 f   cvar.obj
 0001:0002884e       ?Cvar_VariableInt@@YAHPBD@Z 0042984e f   cvar.obj
 0001:00028861       ?Cvar_VariableString@@YAPBDPBD@Z 00429861 f   cvar.obj
 0001:00028879       ?Cvar_Get@@YAPAUcvar_t@@PBD0H@Z 00429879 f   cvar.obj
 0001:00028b30       ?Cvar_GetVars@@YAXPBUcvarInfo_t@@H@Z 00429b30 f   cvar.obj
 0001:00028bda       ?Cvar_FullSet@@YAPAUcvar_t@@PBD0I@Z 00429bda f   cvar.obj
 0001:00028c34       ?Cvar_SetValue@@YAPAUcvar_t@@PBDM@Z 00429c34 f   cvar.obj
 0001:00028e5a       ?Cvar_SetInteger@@YAPAUcvar_t@@PBDH@Z 00429e5a f   cvar.obj
 0001:00028e7c       ?Cvar_Set@@YAPAUcvar_t@@PBD0@Z 00429e7c f   cvar.obj
 0001:00028e91       ?Cvar_ForceSet@@YAPAUcvar_t@@PBD0@Z 00429e91 f   cvar.obj
 0001:00028ea6       ?Cvar_Clamp@@YAMPAUcvar_t@@MM@Z 00429ea6 f   cvar.obj
 0001:00028f04       ?Cvar_GetLatchedVars@@YAXXZ 00429f04 f   cvar.obj
 0001:00028f33       ?Cvar_Command@@YA_NHPAPAD@Z 00429f33 f   cvar.obj
 0001:00028fcc       ?IsDefault@cvar_t@@QAE_NXZ 00429fcc f i cvar.obj
 0001:00028fe9       ?Cvar_WriteVariables@@YAXPAU_iobuf@@HHPBD@Z 00429fe9 f   cvar.obj
 0001:00029071       ?Cvar_Userinfo@@YAPBDXZ    0042a071 f   cvar.obj
 0001:000290cc       ?Cvar_Serverinfo@@YAPBDXZ  0042a0cc f   cvar.obj
 0001:000290d5       ?Cvar_Cheats@@YAX_N@Z      0042a0d5 f   cvar.obj
 0001:00029126       ?Cvar_Init@@YAXXZ          0042a126 f   cvar.obj
 0001:00029949       ?MSG_WriteDeltaEntity@@YAXPAVsizebuf_t@@PBUentityStateEx_t@@PAU2@_N33@Z 0042a949 f   entdelta.obj
 0001:00029f05       ?MSG_WriteRemoveEntity@@YAXPAVsizebuf_t@@H@Z 0042af05 f   entdelta.obj
 0001:00029f45       ?MSG_ReadEntityBits@@YAHPAVsizebuf_t@@PAIPA_N@Z 0042af45 f   entdelta.obj
 0001:00029fb6       ?MSG_ReadDeltaEntity@@YAXPAVsizebuf_t@@PBUentityStateEx_t@@PAU2@I@Z 0042afb6 f   entdelta.obj
 0001:0002a039       ?MSG_WriteDeltaUsercmd@@YAXPAVsizebuf_t@@PBUusercmd_t@@PAU2@@Z 0042b039 f   entdelta.obj
 0001:0002a0c8       ?MSG_ReadDeltaUsercmd@@YAXPAVsizebuf_t@@PBUusercmd_t@@PAU2@@Z 0042b0c8 f   entdelta.obj
 0001:0002a3cb       ?MSG_WriteDeltaPlayerstate@@YAXPAVsizebuf_t@@PBUplayer_state_t@@PAU2@@Z 0042b3cb f   entdelta.obj
 0001:0002a4d4       ?MSG_ReadDeltaPlayerstate@@YAXPAVsizebuf_t@@PBUplayer_state_t@@PAU2@@Z 0042b4d4 f   entdelta.obj
 0001:0002a5a8       ?FS_CreatePath@@YAXPBD@Z   0042b5a8 f   files.obj
 0001:0002a60e       ?FS_CopyFile@@YAXPBD0@Z    0042b60e f   files.obj
 0001:0002a711       ?FS_CopyFiles@@YAXPBD0@Z   0042b711 f   files.obj
 0001:0002a7ea       ?FS_RemoveFiles@@YAXPBD@Z  0042b7ea f   files.obj
 0001:0002a85e       ?FS_FCloseFile@@YAXPAVQFILE@@@Z 0042b85e f   files.obj
 0001:0002a8f9       ?FS_FOpenFile@@YAPAVQFILE@@PBDPAH@Z 0042b8f9 f   files.obj
 0001:0002ae05       ?FS_FileExists@@YA_NPBD@Z  0042be05 f   files.obj
 0001:0002b01e       ?FS_Read@@YAXPAXHPAVQFILE@@@Z 0042c01e f   files.obj
 0001:0002b280       ?FS_LoadFile@@YAPAXPBDPAI@Z 0042c280 f   files.obj
 0001:0002b2d6       ?FS_FreeFile@@YAXPAX@Z     0042c2d6 f   files.obj
 0001:0002b2e1       ?FS_Gamedir@@YAPADXZ       0042c2e1 f   files.obj
 0001:0002b2f5       ?FS_LoadGameConfig@@YAXXZ  0042c2f5 f   files.obj
 0001:0002b3ba       ?FS_SetGamedir@@YA_NPBD@Z  0042c3ba f   files.obj
 0001:0002baa5       ?FS_ListFiles@@YA?AV?$TList@VCStringItem@@@@PBDH@Z 0042caa5 f   files.obj
 0001:0002bdad       ?FS_NextPath@@YAPADPBD@Z   0042cdad f   files.obj
 0001:0002bdd1       ?FS_InitFilesystem@@YAXXZ  0042cdd1 f   files.obj
 0001:0002c77d       ?LoadPCX@@YAXPBDPAPAE1PAH2@Z 0042d77d f   images.obj
 0001:0002c8c7       ?LoadTGA@@YAXPBDPAPAEPAH2@Z 0042d8c7 f   images.obj
 0001:0002cac2       ?LoadJPG@@YAXPBDPAPAEPAH2@Z 0042dac2 f   images.obj
 0001:0002cd4e       ?ImageExists@@YAHPBDH@Z    0042dd4e f   images.obj
 0001:0002ce4c       ?WriteTGA@@YA_NPBDPAEHH@Z  0042de4c f   images.obj
 0001:0002d036       ?WriteJPG@@YA_NPBDPAEHH_N@Z 0042e036 f   images.obj
 0001:0002d15d       ?MD4Init@@YAXPAUMD4_CTX@@@Z 0042e15d f   md4.obj
 0001:0002d185       ?MD4Update@@YAXPAUMD4_CTX@@PAEI@Z 0042e185 f   md4.obj
 0001:0002d223       ?MD4Final@@YAXQAEPAUMD4_CTX@@@Z 0042e223 f   md4.obj
 0001:0002d914       ?Com_BlockChecksum@@YAIPAXH@Z 0042e914 f   md4.obj
 0001:0002d950       ?LoadQ2BspFile@@YAXXZ      0042e950 f   model.obj
 0001:0002dd06       ?LoadBspFile@@YAPAUbspfile_t@@PBD_NPAI@Z 0042ed06 f   model.obj
 0001:0002deb4       ?ProcessEntstring@@YAPADPAD@Z 0042eeb4 f   model.obj
 0001:0002ed5b       ?Init@sizebuf_t@@QAEXPAXH@Z 0042fd5b f   msg.obj
 0001:0002ed76       ?Write@sizebuf_t@@QAEXPBXH@Z 0042fd76 f   msg.obj
 0001:0002ede6       ?MSG_WriteChar@@YAXPAVsizebuf_t@@H@Z 0042fde6 f   msg.obj
 0001:0002ede6       ?MSG_WriteByte@@YAXPAVsizebuf_t@@H@Z 0042fde6 f   msg.obj
 0001:0002edf7       ?MSG_WriteShort@@YAXPAVsizebuf_t@@H@Z 0042fdf7 f   msg.obj
 0001:0002ee08       ?MSG_WriteLong@@YAXPAVsizebuf_t@@H@Z 0042fe08 f   msg.obj
 0001:0002ee08       ?MSG_WriteFloat@@YAXPAVsizebuf_t@@M@Z 0042fe08 f   msg.obj
 0001:0002ee19       ?MSG_WriteString@@YAXPAVsizebuf_t@@PBD@Z 0042fe19 f   msg.obj
 0001:0002ee43       ?MSG_WritePos@@YAXPAVsizebuf_t@@ABUCVec3@@@Z 0042fe43 f   msg.obj
 0001:0002eea7       ?MSG_WriteAngle@@YAXPAVsizebuf_t@@M@Z 0042fea7 f   msg.obj
 0001:0002eed2       ?MSG_WriteAngle16@@YAXPAVsizebuf_t@@M@Z 0042fed2 f   msg.obj
 0001:0002eefd       ?MSG_WriteDir@@YAXPAVsizebuf_t@@ABUCVec3@@@Z 0042fefd f   msg.obj
 0001:0002ef65       ?MSG_ReadDir@@YAXPAVsizebuf_t@@AAUCVec3@@@Z 0042ff65 f   msg.obj
 0001:0002ef96       ?MSG_ReadChar@@YAHPAVsizebuf_t@@@Z 0042ff96 f   msg.obj
 0001:0002efb6       ?MSG_ReadByte@@YAHPAVsizebuf_t@@@Z 0042ffb6 f   msg.obj
 0001:0002efd6       ?MSG_ReadShort@@YAHPAVsizebuf_t@@@Z 0042ffd6 f   msg.obj
 0001:0002eff6       ?MSG_ReadLong@@YAHPAVsizebuf_t@@@Z 0042fff6 f   msg.obj
 0001:0002f015       ?MSG_ReadString@@YAPADPAVsizebuf_t@@@Z 00430015 f   msg.obj
 0001:0002f048       ?MSG_ReadPos@@YAXPAVsizebuf_t@@AAUCVec3@@@Z 00430048 f   msg.obj
 0001:0002f09a       ?MSG_ReadAngle@@YAMPAVsizebuf_t@@@Z 0043009a f   msg.obj
 0001:0002f0b4       ?MSG_ReadAngle16@@YAMPAVsizebuf_t@@@Z 004300b4 f   msg.obj
 0001:0002f0ce       ?MSG_ReadData@@YAXPAVsizebuf_t@@PAXH@Z 004300ce f   msg.obj
 0001:0002f0f1       ?Netchan_Init@@YAXXZ       004300f1 f   net_chan.obj
 0001:0002f165       ?Netchan_OutOfBandPrint@@YAXW4netsrc_t@@Unetadr_t@@PBDZZ 00430165 f   net_chan.obj
 0001:0002f1ec       ?Setup@netchan_t@@QAEXW4netsrc_t@@Unetadr_t@@H@Z 004301ec f   net_chan.obj
 0001:0002f244       ?NeedReliable@netchan_t@@QAE_NXZ 00430244 f   net_chan.obj
 0001:0002f269       ?Transmit@netchan_t@@QAEXPAXH@Z 00430269 f   net_chan.obj
 0001:0002f406       ?Process@netchan_t@@QAE_NPAVsizebuf_t@@@Z 00430406 f   net_chan.obj
 0001:0002f534       ?Pmove@@YAXPAUpmove_t@@@Z  00430534 f   pmove.obj
 0001:000312bb       ?PM_ComputeAnimation@@YAXAAUplayer_state_t@@AAUentityStateEx_t@@@Z 004322bb f   pmove.obj
 0001:000314dd       ?NormalizeColor@@YAMABUCVec3@@AAU1@@Z 004324dd f   q_shared2.obj
 0001:00031539       ?NormalizeColor255@@YAMABUCVec3@@AAU1@@Z 00432539 f   q_shared2.obj
 0001:00031599       ?Q_rsqrt@@YAMM@Z           00432599 f   q_shared2.obj
 0001:000315c9       ?AngleVectors@@YAXABUCVec3@@PAU1@11@Z 004325c9 f   q_shared2.obj
 0001:0003172a       ?MakeNormalVectors@@YAXABUCVec3@@AAU1@1@Z 0043272a f   q_shared2.obj
 0001:00031799       ?VectorLength@@YAMABUCVec3@@@Z 00432799 f   q_shared2.obj
 0001:000317c8       ?VectorDistance@@YAMABUCVec3@@0@Z 004327c8 f   q_shared2.obj
 0001:000317f9       ?LerpAngle@@YAMMMM@Z       004327f9 f   q_shared2.obj
 0001:0003183c       ?AngleMod@@YAMM@Z          0043283c f   q_shared2.obj
 0001:00031868       ?AngleSubtract@@YAMMM@Z    00432868 f   q_shared2.obj
 0001:0003189f       ?AnglesSubtract@@YAXABUCVec3@@0AAU1@@Z 0043289f f   q_shared2.obj
 0001:000318f7       ?Normalize@CVec3@@QAEMXZ   004328f7 f   q_shared2.obj
 0001:00031949       ?VectorNormalize@@YAMABUCVec3@@AAU1@@Z 00432949 f   q_shared2.obj
 0001:000319a1       ?NormalizeFast@CVec3@@QAEMXZ 004329a1 f   q_shared2.obj
 0001:000319f2       ?cross@@YAXABUCVec3@@0AAU1@@Z 004329f2 f   q_shared2.obj
 0001:00031a2d       ?Clear@CBox@@QAEXXZ        00432a2d f   q_shared2.obj
 0001:00031a4b       ?Expand@CBox@@QAEXABUCVec3@@@Z 00432a4b f   q_shared2.obj
 0001:00031a7a       ?Expand@CBox@@QAEXABU1@@Z  00432a7a f   q_shared2.obj
 0001:00031ab6       ?GetCenter@CBox@@QAEXAAUCVec3@@@Z 00432ab6 f   q_shared2.obj
 0001:00031ad6       ?OnPlaneSide@CBox@@QBEHABUcplane_t@@@Z 00432ad6 f   q_shared2.obj
 0001:00031c05       ?FromAngles@CAxis@@QAEXABUCVec3@@@Z 00432c05 f   q_shared2.obj
 0001:00031c44       ?TransformVector@CAxis@@QBEXABUCVec3@@AAU2@@Z 00432c44 f   q_shared2.obj
 0001:00031c95       ?UnTransformVector@CAxis@@QBEXABUCVec3@@AAU2@@Z 00432c95 f   q_shared2.obj
 0001:00031cf9       ?UnTransformAxis@CAxis@@QBEXABU1@AAU1@@Z 00432cf9 f   q_shared2.obj
 0001:00031d3f       ?TransformPoint@CCoords@@QBEXABUCVec3@@AAU2@@Z 00432d3f f   q_shared2.obj
 0001:00031d9d       ?UnTransformPoint@CCoords@@QBEXABUCVec3@@AAU2@@Z 00432d9d f   q_shared2.obj
 0001:00031e0a       ?UnTransformCoords@CCoords@@QBEXABU1@AAU1@@Z 00432e0a f   q_shared2.obj
 0001:00031e34       ?TransformPlane@CCoords@@QBEXABUcplane_t@@AAU2@@Z 00432e34 f   q_shared2.obj
 0001:00031e6c       ?TransformPoint@@YAXABUCVec3@@ABUCAxis@@0AAU1@@Z 00432e6c f   q_shared2.obj
 0001:00031ecf       ?UnTransformPoint@@YAXABUCVec3@@ABUCAxis@@0AAU1@@Z 00432ecf f   q_shared2.obj
 0001:00031f3f       ?ShortSwap@@YAFF@Z         00432f3f f   q_shared2.obj
 0001:00031f54       ?COM_Parse@@YAPADAAPBD_N@Z 00432f54 f   q_shared2.obj
 0001:00032078       ?COM_QuoteString@@YAPBDPBD_N@Z 00433078 f   q_shared2.obj
 0001:000320d3       ?Com_PageInMemory@@YAXPAXH@Z 004330d3 f   q_shared2.obj
 0001:000320f2       ?Zip_OpenArchive@@YAPAU_iobuf@@PBD@Z 004330f2 f   zip.obj
 0001:0003215d       ?Zip_CloseArchive@@YAXPAU_iobuf@@@Z 0043315d f   zip.obj
 0001:00032169       ?Zip_EnumArchive@@YA_NPAU_iobuf@@P6A_NPAUzipFile_t@@@Z@Z 00433169 f   zip.obj
 0001:00032346       ?Zip_OpenFile@@YAPAUZFILE@@PAU_iobuf@@PAUzipFile_t@@@Z 00433346 f   zip.obj
 0001:0003242a       ?Zip_ReadFile@@YAHPAUZFILE@@PAXH@Z 0043342a f   zip.obj
 0001:00032520       ?Zip_CloseFile@@YA_NPAUZFILE@@@Z 00433520 f   zip.obj
 0001:00032564       ?Zip_OpenBuf@@YAPAUZBUF@@PAXH@Z 00433564 f   zip.obj
 0001:000325a2       ?Zip_ReadBuf@@YAHPAUZBUF@@PAXH@Z 004335a2 f   zip.obj
 0001:000325ea       ?Zip_CloseBuf@@YAXPAUZBUF@@@Z 004335ea f   zip.obj
 0001:000325ff       _zcalloc                   004335ff f   zip.obj
 0001:00032613       _zcfree                    00433613 f   zip.obj
 0001:0003261e       ?CDAudio_Play2@@YAXH_N@Z   0043361e f   cd_win.obj
 0001:000327fd       ?CDAudio_Play@@YAXH_N@Z    004337fd f   cd_win.obj
 0001:00032814       ?CDAudio_Stop@@YAXXZ       00433814 f   cd_win.obj
 0001:00032859       ?CDAudio_Pause@@YAXXZ      00433859 f   cd_win.obj
 0001:000328b2       ?CDAudio_Resume@@YAXXZ     004338b2 f   cd_win.obj
 0001:00032921       ?CDAudio_Update@@YAXXZ     00433921 f   cd_win.obj
 0001:00032955       ?CDAudio_Init@@YAHXZ       00433955 f   cd_win.obj
 0001:00032db7       ?CDAudio_Shutdown@@YAXXZ   00433db7 f   cd_win.obj
 0001:00032dea       ?CDAudio_Activate@@YAX_N@Z 00433dea f   cd_win.obj
 0001:00032dfb       ?IN_Commands@@YAXXZ        00433dfb f   in_win.obj
 0001:00032f23       ?IN_Init@@YAXXZ            00433f23 f   in_win.obj
 0001:0003321a       ?IN_Shutdown@@YAXXZ        0043421a f   in_win.obj
 0001:000333f4       ?IN_Move@@YAXPAUusercmd_t@@@Z 004343f4 f   in_win.obj
 0001:000339d1       ?IN_Activate@@YAX_N@Z      004349d1 f   in_win.obj
 0001:000339db       ?IN_Frame@@YAXXZ           004349db f   in_win.obj
 0001:00033d43       ?NetadrToSockadr@@YAXPAUnetadr_t@@PAUsockaddr@@@Z 00434d43 f   net_wins.obj
 0001:00033dc8       ?SockadrToNetadr@@YAXPAUsockaddr@@PAUnetadr_t@@@Z 00434dc8 f   net_wins.obj
 0001:00033e18       ?NET_CompareAdr@@YA_NPAUnetadr_t@@0@Z 00434e18 f   net_wins.obj
 0001:00033e6e       ?NET_CompareBaseAdr@@YA_NPAUnetadr_t@@0@Z 00434e6e f   net_wins.obj
 0001:00033eb9       ?NET_AdrToString@@YAPADPAUnetadr_t@@@Z 00434eb9 f   net_wins.obj
 0001:00033f72       ?NET_StringToAdr@@YA_NPBDPAUnetadr_t@@@Z 00434f72 f   net_wins.obj
 0001:000341fc       ?NET_IsLocalAddress@@YA_NPAUnetadr_t@@@Z 004351fc f   net_wins.obj
 0001:00034208       ?NET_GetLoopPacket@@YA_NW4netsrc_t@@PAUnetadr_t@@PAVsizebuf_t@@@Z 00435208 f   net_wins.obj
 0001:00034293       ?NET_SendLoopPacket@@YAXW4netsrc_t@@HPAXUnetadr_t@@@Z 00435293 f   net_wins.obj
 0001:000342e8       ?NET_GetPacket@@YA_NW4netsrc_t@@PAUnetadr_t@@PAVsizebuf_t@@@Z 004352e8 f   net_wins.obj
 0001:00034405       ?NET_SendPacket@@YAXW4netsrc_t@@HPAXUnetadr_t@@@Z 00435405 f   net_wins.obj
 0001:000344d6       ?NET_Config@@YAX_N@Z       004354d6 f   net_wins.obj
 0001:0003484b       ?NET_Init@@YAXXZ           0043584b f   net_wins.obj
 0001:00034905       ?Sys_Mkdir@@YAXPAD@Z       00435905 f   fs_win.obj
 0001:00034911       ?Sys_FindFirst@@YAPBDPBDH@Z 00435911 f   fs_win.obj
 0001:000349cb       ?Sys_FindNext@@YAPBDXZ     004359cb f   fs_win.obj
 0001:00034a35       ?Sys_FindClose@@YAXXZ      00435a35 f   fs_win.obj
 0001:00034a4f       ?Sys_FileExists@@YA_NPBDH@Z 00435a4f f   fs_win.obj
 0001:00034a6d       ?SNDDMA_Init@@YA_NXZ       00435a6d f   snd_win.obj
 0001:000350ac       ?SNDDMA_GetDMAPos@@YAHXZ   004360ac f   snd_win.obj
 0001:000350f6       ?SNDDMA_BeginPainting@@YAXXZ 004360f6 f   snd_win.obj
 0001:0003520e       ?SNDDMA_Submit@@YAXXZ      0043620e f   snd_win.obj
 0001:00035233       ?SNDDMA_Shutdown@@YAXXZ    00436233 f   snd_win.obj
 0001:00035238       ?S_Activate@@YAX_N@Z       00436238 f   snd_win.obj
 0001:00035263       ?Sys_Quit@@YAXXZ           00436263 f   sys_win.obj
 0001:0003531b       ?Sys_Init@@YAXXZ           0043631b f   sys_win.obj
 0001:00035393       ?Sys_ConsoleInput@@YAPADXZ 00436393 f   sys_win.obj
 0001:0003564e       ?Sys_ConsoleOutput@@YAXPBD@Z 0043664e f   sys_win.obj
 0001:000356db       ?Sys_SendKeyEvents@@YAXXZ  004366db f   sys_win.obj
 0001:00035793       ?Sys_UnloadGame@@YAXXZ     00436793 f   sys_win.obj
 0001:0003580e       ?Sys_GetGameAPI@@YAPAXPAX@Z 0043680e f   sys_win.obj
 0001:00035965       _WinMain@16                00436965 f   sys_win.obj
 0001:00035beb       ?AddMsgHook@@YAXP6A_NIIJ@Z@Z 00436beb f   vid_dll.obj
 0001:00035c2f       ?RemoveMsgHook@@YAXP6A_NIIJ@Z@Z 00436c2f f   vid_dll.obj
 0001:00035c5e       ?Vid_CreateWindow@@YAPAXHH_N@Z 00436c5e f   vid_dll.obj
 0001:00036362       ?Vid_DestroyWindow@@YAX_N@Z 00437362 f   vid_dll.obj
 0001:0003639d       ?Vid_Restart@@YAXXZ        0043739d f   vid_dll.obj
 0001:000363a5       ?Vid_GetModeInfo@@YA_NPAH0H@Z 004373a5 f   vid_dll.obj
 0001:000363d5       ?Vid_Tick@@YAXXZ           004373d5 f   vid_dll.obj
 0001:00036585       ?Vid_Init@@YAXXZ           00437585 f   vid_dll.obj
 0001:00036656       ?Vid_Shutdown@@YAXXZ       00437656 f   vid_dll.obj
 0001:00036675       ?Tesselate@surfacePlanar_t@OpenGLDrv@@UAEXXZ 00437675 f   gl_backend.obj
 0001:00038282       ?Tesselate@surfacePoly_t@OpenGLDrv@@UAEXXZ 00439282 f   gl_backend.obj
 0001:0003837d       ?Tesselate@surfaceMd3_t@OpenGLDrv@@UAEXXZ 0043937d f   gl_backend.obj
 0001:00038932       ?Tesselate@surfaceEntity_t@OpenGLDrv@@UAEXXZ 00439932 f   gl_backend.obj
 0001:00038a14       ?Tesselate@surfaceParticle_t@OpenGLDrv@@UAEXXZ 00439a14 f   gl_backend.obj
 0001:00038c62       ?BK_DrawScene@OpenGLDrv@@YAXXZ 00439c62 f   gl_backend.obj
 0001:000396f6       ?BK_DrawPic@OpenGLDrv@@YAXPAVshader_t@1@HHHHMMMMIE@Z 0043a6f6 f   gl_backend.obj
 0001:000398d7       ?BK_DrawText@OpenGLDrv@@YAXPBDHHHHHI@Z 0043a8d7 f   gl_backend.obj
 0001:00039ac2       ?BK_BeginFrame@OpenGLDrv@@YAXXZ 0043aac2 f   gl_backend.obj
 0001:00039b5b       ?BK_EndFrame@OpenGLDrv@@YAXXZ 0043ab5b f   gl_backend.obj
 0001:00039b9a       ?BK_Init@OpenGLDrv@@YAXXZ  0043ab9a f   gl_backend.obj
 0001:00039bc9       ?BK_Shutdown@OpenGLDrv@@YAXXZ 0043abc9 f   gl_backend.obj
 0001:00039be1       ?AllocDynamicMemory@OpenGLDrv@@YAPAXH@Z 0043abe1 f   gl_buffers.obj
 0001:00039c4c       ?ResizeDynamicMemory@OpenGLDrv@@YAXPAXH@Z 0043ac4c f   gl_buffers.obj
 0001:00039c8e       ?AddSurfaceToPortal@OpenGLDrv@@YAXPAVsurfaceBase_t@1@PAVshader_t@1@HH@Z 0043ac8e f   gl_buffers.obj
 0001:00039cf7       ?InsertShaderIndex@OpenGLDrv@@YAXH@Z 0043acf7 f   gl_buffers.obj
 0001:00039d30       ?ClearPortal@OpenGLDrv@@YAXXZ 0043ad30 f   gl_buffers.obj
 0001:00039d4e       ?SortSurfaces@OpenGLDrv@@YAXPAUviewPortal_t@1@PAPAUsurfaceInfo_t@1@@Z 0043ad4e f   gl_buffers.obj
 0001:00039ee0       ?ClearBuffers@OpenGLDrv@@YAXXZ 0043aee0 f   gl_buffers.obj
 0001:00039ef7       ?CreateBuffers@OpenGLDrv@@YAXXZ 0043aef7 f   gl_buffers.obj
 0001:00039f1d       ?FreeBuffers@OpenGLDrv@@YAXXZ 0043af1d f   gl_buffers.obj
 0001:00039f41       ?InitEntity@model_t@OpenGLDrv@@UAEXPAUentity_t@@PAUrefEntity_t@2@@Z 0043af41 f   gl_frontend.obj
 0001:00039f44       ?AddSurfaces@model_t@OpenGLDrv@@UAEXPAUrefEntity_t@2@@Z 0043af44 f   gl_frontend.obj
 0001:00039f72       ?GetLeaf@model_t@OpenGLDrv@@UAEPAUnode_t@2@PAUrefEntity_t@2@@Z 0043af72 f   gl_frontend.obj
 0001:00039f83       ?DrawLabel@model_t@OpenGLDrv@@UAEXPAUrefEntity_t@2@@Z 0043af83 f   gl_frontend.obj
 0001:00039f86       ?InitEntity@inlineModel_t@OpenGLDrv@@UAEXPAUentity_t@@PAUrefEntity_t@2@@Z 0043af86 f   gl_frontend.obj
 0001:00039fd6       ?AddSurfaces@inlineModel_t@OpenGLDrv@@UAEXPAUrefEntity_t@2@@Z 0043afd6 f   gl_frontend.obj
 0001:0003a483       ?GetLeaf@inlineModel_t@OpenGLDrv@@UAEPAUnode_t@2@PAUrefEntity_t@2@@Z 0043b483 f   gl_frontend.obj
 0001:0003a628       ?DrawLabel@inlineModel_t@OpenGLDrv@@UAEXPAUrefEntity_t@2@@Z 0043b628 f   gl_frontend.obj
 0001:0003a66e       ?InitEntity@md3Model_t@OpenGLDrv@@UAEXPAUentity_t@@PAUrefEntity_t@2@@Z 0043b66e f   gl_frontend.obj
 0001:0003a7f6       ?AddSurfaces@md3Model_t@OpenGLDrv@@UAEXPAUrefEntity_t@2@@Z 0043b7f6 f   gl_frontend.obj
 0001:0003a85c       ?GetLeaf@md3Model_t@OpenGLDrv@@UAEPAUnode_t@2@PAUrefEntity_t@2@@Z 0043b85c f   gl_frontend.obj
 0001:0003a894       ?DrawLabel@md3Model_t@OpenGLDrv@@UAEXPAUrefEntity_t@2@@Z 0043b894 f   gl_frontend.obj
 0001:0003a8ef       ?InitEntity@sp2Model_t@OpenGLDrv@@UAEXPAUentity_t@@PAUrefEntity_t@2@@Z 0043b8ef f   gl_frontend.obj
 0001:0003a909       ?AddSurfaces@sp2Model_t@OpenGLDrv@@UAEXPAUrefEntity_t@2@@Z 0043b909 f   gl_frontend.obj
 0001:0003aa90       ?GetLeaf@sp2Model_t@OpenGLDrv@@UAEPAUnode_t@2@PAUrefEntity_t@2@@Z 0043ba90 f   gl_frontend.obj
 0001:0003ab71       ?AddEntity@OpenGLDrv@@YAXPAUentity_t@@@Z 0043bb71 f   gl_frontend.obj
 0001:0003acb3       ?AddDlight@OpenGLDrv@@YAXPAUdlight_t@@@Z 0043bcb3 f   gl_frontend.obj
 0001:0003ae6b       ?DrawPortal@OpenGLDrv@@YAXXZ 0043be6b f   gl_frontend.obj
 0001:0003cdac       ?GL_TextureMode@OpenGLDrv@@YAXPBD@Z 0043ddac f   gl_image.obj
 0001:0003ce54       ?CreateImage@OpenGLDrv@@YAPAVimage_t@1@PBDPAXHHI@Z 0043de54 f   gl_image.obj
 0001:0003dbc5       ?LoadDelayedImages@OpenGLDrv@@YAXXZ 0043ebc5 f   gl_image.obj
 0001:0003dc58       ?DrawStretchRaw8@OpenGLDrv@@YAXHHHHHHPAEPAI@Z 0043ec58 f   gl_image.obj
 0001:0003e019       ?SetupGamma@OpenGLDrv@@YAXXZ 0043f019 f   gl_image.obj
 0001:0003e15f       ?PerformScreenshot@OpenGLDrv@@YAXXZ 0043f15f f   gl_image.obj
 0001:0003e3ec       ?InitImages@OpenGLDrv@@YAXXZ 0043f3ec f   gl_image.obj
 0001:0003ebbd       ?ShutdownImages@OpenGLDrv@@YAXXZ 0043fbbd f   gl_image.obj
 0001:0003ec24       ?ShowImages@OpenGLDrv@@YAXXZ 0043fc24 f   gl_image.obj
 0001:0003eeac       ?FindImage@OpenGLDrv@@YAPAVimage_t@1@PBDI@Z 0043feac f   gl_image.obj
 0001:0003f14c       ?GL_Lock@OpenGLDrv@@YAXXZ  0044014c f   gl_interface.obj
 0001:0003f1c4       ?GL_Unlock@OpenGLDrv@@YAXXZ 004401c4 f   gl_interface.obj
 0001:0003f386       ?GL_Bind@OpenGLDrv@@YAXPBVimage_t@1@@Z 00440386 f   gl_interface.obj
 0001:0003f4b0       ?GL_BindForce@OpenGLDrv@@YAXPBVimage_t@1@@Z 004404b0 f   gl_interface.obj
 0001:0003f52e       ?GL_TexEnv@OpenGLDrv@@YAXI@Z 0044052e f   gl_interface.obj
 0001:0003f6ad       ?GL_TexMipBias@OpenGLDrv@@YAXM@Z 004406ad f   gl_interface.obj
 0001:0003f708       ?GL_TexEnvColor@OpenGLDrv@@YAXPBTcolor_t@@@Z 00440708 f   gl_interface.obj
 0001:0003f7b8       ?GL_SelectTexture@OpenGLDrv@@YAXH@Z 004407b8 f   gl_interface.obj
 0001:0003f819       ?GL_TexCoordPointer@OpenGLDrv@@YAXPAX@Z 00440819 f   gl_interface.obj
 0001:0003f849       ?GL_SetMultitexture@OpenGLDrv@@YAXH@Z 00440849 f   gl_interface.obj
 0001:0003f92f       ?GL_DisableTexCoordArrays@OpenGLDrv@@YAXXZ 0044092f f   gl_interface.obj
 0001:0003f983       ?GL_CullFace@OpenGLDrv@@YAXW4gl_cullMode_t@1@@Z 00440983 f   gl_interface.obj
 0001:0003f9d4       ?GL_DepthRange@OpenGLDrv@@YAXW4gl_depthMode_t@1@@Z 004409d4 f   gl_interface.obj
 0001:0003fa07       ?GL_State@OpenGLDrv@@YAXI@Z 00440a07 f   gl_interface.obj
 0001:0003fb5c       ?GL_EnableFog@OpenGLDrv@@YAX_N@Z 00440b5c f   gl_interface.obj
 0001:0003fc54       ?GL_SetDefaultState@OpenGLDrv@@YAXXZ 00440c54 f   gl_interface.obj
 0001:0003fda2       ?GL_Set2DMode@OpenGLDrv@@YAXXZ 00440da2 f   gl_interface.obj
 0001:0003fe9d       ?GL_Set3DMode@OpenGLDrv@@YAXPAUviewPortal_t@1@@Z 00440e9d f   gl_interface.obj
 0001:0003ff85       ?ShowLights@OpenGLDrv@@YAXXZ 00440f85 f   gl_light.obj
 0001:0004036e       ?LightForEntity@OpenGLDrv@@YAXPAUrefEntity_t@1@@Z 0044136e f   gl_light.obj
 0001:000415df       ?DiffuseLight@OpenGLDrv@@YAXPATcolor_t@@M@Z 004425df f   gl_light.obj
 0001:00041758       ?InitLightGrid@OpenGLDrv@@YAXXZ 00442758 f   gl_light.obj
 0001:000417fe       ?PostLoadLights@OpenGLDrv@@YAXXZ 004427fe f   gl_light.obj
 0001:00041a8e       ?LM_Init@OpenGLDrv@@YAXXZ  00442a8e f   gl_lightmap.obj
 0001:00041aa4       ?LM_Flush@OpenGLDrv@@YAXPAUlightmapBlock_t@1@@Z 00442aa4 f   gl_lightmap.obj
 0001:00041b01       ?LM_Done@OpenGLDrv@@YAXXZ  00442b01 f   gl_lightmap.obj
 0001:00041b28       ?LM_Save@OpenGLDrv@@YAXPAUlightmapBlock_t@1@@Z 00442b28 f   gl_lightmap.obj
 0001:00041b40       ?LM_Restore@OpenGLDrv@@YAXPAUlightmapBlock_t@1@@Z 00442b40 f   gl_lightmap.obj
 0001:00041b58       ?LM_NewBlock@OpenGLDrv@@YAPAUlightmapBlock_t@1@XZ 00442b58 f   gl_lightmap.obj
 0001:00041bc8       ?LM_Rewind@OpenGLDrv@@YAXXZ 00442bc8 f   gl_lightmap.obj
 0001:00041bd0       ?LM_NextBlock@OpenGLDrv@@YAPAUlightmapBlock_t@1@XZ 00442bd0 f   gl_lightmap.obj
 0001:00041bfd       ?LM_CheckMinlight@OpenGLDrv@@YAXPAUdynamicLightmap_t@1@@Z 00442bfd f   gl_lightmap.obj
 0001:00041c93       ?LM_AllocBlock@OpenGLDrv@@YA_NPAUlightmapBlock_t@1@PAUdynamicLightmap_t@1@@Z 00442c93 f   gl_lightmap.obj
 0001:00041d4a       ?LM_PutBlock@OpenGLDrv@@YAXPAUdynamicLightmap_t@1@@Z 00442d4a f   gl_lightmap.obj
 0001:00042177       ?LM_SortLightStyles@OpenGLDrv@@YAXPAUdynamicLightmap_t@1@@Z 00443177 f   gl_lightmap.obj
 0001:00042208       ?UpdateDynamicLightmap@OpenGLDrv@@YAXPAVsurfacePlanar_t@1@_NI@Z 00443208 f   gl_lightmap.obj
 0001:0004270a       ?LM_IsMonotone@OpenGLDrv@@YA_NPAUdynamicLightmap_t@1@PATcolor_t@@@Z 0044370a f   gl_lightmap.obj
 0001:00042811       ?Init@OpenGLDrv@@YA_NXZ    00443811 f   gl_main.obj
 0001:00042e77       ?Shutdown@OpenGLDrv@@YAX_N@Z 00443e77 f   gl_main.obj
 0001:00042f00       ?GL_EnableRendering@OpenGLDrv@@YAX_N@Z 00443f00 f   gl_main.obj
 0001:00042f1b       ?BeginFrame@OpenGLDrv@@YAXXZ 00443f1b f   gl_main.obj
 0001:00043035       ?EndFrame@OpenGLDrv@@YAXXZ 00444035 f   gl_main.obj
 0001:0004304d       ?RenderFrame@OpenGLDrv@@YAXPAUrefdef_t@@@Z 0044404d f   gl_main.obj
 0001:00043876       ?Fill8@OpenGLDrv@@YAXHHHHH@Z 00444876 f   gl_main.obj
 0001:000438b9       ?Fill@OpenGLDrv@@YAXHHHHI@Z 004448b9 f   gl_main.obj
 0001:000438f5       ?TileClear@OpenGLDrv@@YAXHHHHPBD@Z 004448f5 f   gl_main.obj
 0001:000439ac       ?DrawStretchPic@OpenGLDrv@@YAXHHHHPBD@Z 004449ac f   gl_main.obj
 0001:00043a29       ?DrawDetailedPic@OpenGLDrv@@YAXHHHHPBD@Z 00444a29 f   gl_main.obj
 0001:00043ad0       ?DrawPic@OpenGLDrv@@YAXHHPBDHH@Z 00444ad0 f   gl_main.obj
 0001:00043b55       ?BeginRegistration@OpenGLDrv@@YAXPBD@Z 00444b55 f   gl_main.obj
 0001:00043b79       ?RegisterPic@OpenGLDrv@@YAPAVCBasicImage@@PBD@Z 00444b79 f   gl_main.obj
 0001:00043b87       ?RegisterSkin@OpenGLDrv@@YAPAVCBasicImage@@PBD@Z 00444b87 f   gl_main.obj
 0001:00043b92       ?RegisterModel@OpenGLDrv@@YAPAVCRenderModel@@PBD@Z 00444b92 f   gl_main.obj
 0001:00043b9d       ?SetSky@OpenGLDrv@@YAXPBDMABUCVec3@@@Z 00444b9d f   gl_main.obj
 0001:00043c43       ?Screenshot@OpenGLDrv@@YAXHPBD@Z 00444c43 f   gl_main.obj
 0001:00043c66       ?GetClientLight@OpenGLDrv@@YAMXZ 00444c66 f   gl_main.obj
 0001:00043c6d       ?GetCaps@OpenGLDrv@@YAIXZ  00444c6d f   gl_main.obj
 0001:00043c73       ?InitFuncTables@OpenGLDrv@@YAXXZ 00444c73 f   gl_math.obj
 0001:00043e24       ?BuildRotationAxis@OpenGLDrv@@YAXAAUCAxis@@ABUCVec3@@M@Z 00444e24 f   gl_math.obj
 0001:00043f1b       ?GetBoxRect@OpenGLDrv@@YA_NPBUrefEntity_t@1@ABUCVec3@@QAM2_N@Z 00444f1b f   gl_math.obj
 0001:00044225       ?ProjectToScreen@OpenGLDrv@@YA_NABUCVec3@@QAH@Z 00445225 f   gl_math.obj
 0001:00044368       ?SaturateColor3f@OpenGLDrv@@YAXAAUCVec3@@@Z 00445368 f   gl_math.obj
 0001:00044458       ?SaturateColor4b@OpenGLDrv@@YAXPATcolor_t@@@Z 00445458 f   gl_math.obj
 0001:00044566       ?SubdividePlane@OpenGLDrv@@YAHPAPAUCVec3@@HM@Z 00445566 f   gl_poly.obj
 0001:000449b5       ?FreeSubdividedPlane@OpenGLDrv@@YAXXZ 004459b5 f   gl_poly.obj
 0001:000449cd       ?GetSubdivideIndexes@OpenGLDrv@@YAXPAH@Z 004459cd f   gl_poly.obj
 0001:00044a20       ?RemoveCollinearPoints@OpenGLDrv@@YAHPAPAUCVec3@@H@Z 00445a20 f   gl_poly.obj
 0001:00044b16       ?GetPolyArea@OpenGLDrv@@YAMPAPAUCVec3@@H@Z 00445b16 f   gl_poly.obj
 0001:00044baa       ?InitShaders@OpenGLDrv@@YAXXZ 00445baa f   gl_shader.obj
 0001:00044d01       ?ShutdownShaders@OpenGLDrv@@YAXXZ 00445d01 f   gl_shader.obj
 0001:00044d3b       ?GetLightmapImage@OpenGLDrv@@YAPAVimage_t@1@H@Z 00445d3b f   gl_shader.obj
 0001:00044d63       ?SetShaderLightmap@OpenGLDrv@@YAPAVshader_t@1@PAV21@H@Z 00445d63 f   gl_shader.obj
 0001:00045088       ??4shader_t@OpenGLDrv@@QAEAAV01@ABV01@@Z 00446088 f i gl_shader.obj
 0001:000451ba       ??4CBasicImage@@QAEAAV0@ABV0@@Z 004461ba f i gl_shader.obj
 0001:000452c2       ?SetShaderLightstyles@OpenGLDrv@@YAPAVshader_t@1@PAV21@I@Z 004462c2 f   gl_shader.obj
 0001:00045360       ?GetAlphaShader@OpenGLDrv@@YAPAVshader_t@1@PAV21@@Z 00446360 f   gl_shader.obj
 0001:00045623       ?FindShader@OpenGLDrv@@YAPAVshader_t@1@PBDI@Z 00446623 f   gl_shader.obj
 0001:00045c3c       ?GetShaderByNum@OpenGLDrv@@YAPAVshader_t@1@H@Z 00446c3c f   gl_shader.obj
 0001:00045c5a       ?ResetShaders@OpenGLDrv@@YAXXZ 00446c5a f   gl_shader.obj
 0001:0004612c       ?Reload@shader_t@OpenGLDrv@@UAEXXZ 0044712c f   gl_shader.obj
 0001:00046157       ?ClearSkyBox@OpenGLDrv@@YAXXZ 00447157 f   gl_sky.obj
 0001:0004616e       ?SetSkyRotate@OpenGLDrv@@YAXMABUCVec3@@@Z 0044716e f   gl_sky.obj
 0001:000461a6       ?SkyVisible@OpenGLDrv@@YA_NXZ 004471a6 f   gl_sky.obj
 0001:000461bf       ?AddSkySurface@OpenGLDrv@@YAXPAVsurfacePlanar_t@1@ABUCVec3@@E@Z 004471bf f   gl_sky.obj
 0001:0004675a       ?TesselateSkySide@OpenGLDrv@@YAHHPAUbufVertex_t@1@PAUbufTexCoord_t@1@M@Z 0044775a f   gl_sky.obj
 0001:00046a1f       ?DrawChar@OpenGLDrv@@YAXHHHH@Z 00447a1f f   gl_text.obj
 0001:00046a4c       ?DrawConChar@OpenGLDrv@@YAXHHHH@Z 00447a4c f   gl_text.obj
 0001:00046a81       ?ClearTexts@OpenGLDrv@@YAXXZ 00447a81 f   gl_text.obj
 0001:00046a96       ?FlushTexts@OpenGLDrv@@YAXXZ 00447a96 f   gl_text.obj
 0001:00046b28       ?DrawTextPos@OpenGLDrv@@YAXHHPBDI@Z 00447b28 f   gl_text.obj
 0001:00046c0f       ?DrawTextLeft@OpenGLDrv@@YAXPBDI@Z 00447c0f f   gl_text.obj
 0001:00046c96       ?DrawTextRight@OpenGLDrv@@YAXPBDI@Z 00447c96 f   gl_text.obj
 0001:00046ce0       ?DrawText3D@OpenGLDrv@@YAXABUCVec3@@PBDI@Z 00447ce0 f   gl_text.obj
 0001:00046d0d       ?InitTexts@OpenGLDrv@@YAXXZ 00447d0d f   gl_text.obj
 0001:00046d27       ?FindModel@OpenGLDrv@@YAPAVmodel_t@1@PBD@Z 00447d27 f   gl_model.obj
 0001:00046e75       ?FreeModels@OpenGLDrv@@YAXXZ 00447e75 f   gl_model.obj
 0001:00046ee7       ?InitModels@OpenGLDrv@@YAXXZ 00447ee7 f   gl_model.obj
 0001:00046fdd       ?ShutdownModels@OpenGLDrv@@YAXXZ 00447fdd f   gl_model.obj
 0001:00046fee       ?LoadWorldMap@OpenGLDrv@@YAXPBD@Z 00447fee f   gl_bspmodel.obj
 0001:000480b4       ?Negate@CVec3@@QAEXXZ      004490b4 f i gl_bspmodel.obj
 0001:00048b0c       ?PointInLeaf@OpenGLDrv@@YAPAUnode_t@1@ABUCVec3@@@Z 00449b0c f   gl_bspmodel.obj
 0001:00048b57       ?CALL_CONSTRUCTOR@@YAXPAVinlineModel_t@OpenGLDrv@@@Z 00449b57 f i gl_bspmodel.obj
 0001:00048b6d       ?LerpTag@model_t@OpenGLDrv@@UBE_NHHMPBDAAUCCoords@@@Z 00449b6d f   gl_trimodel.obj
 0001:00048b7b       ?LerpTag@md3Model_t@OpenGLDrv@@UBE_NHHMPBDAAUCCoords@@@Z 00449b7b f   gl_trimodel.obj
 0001:00048caa       ?LoadMd2@OpenGLDrv@@YAPAVmd3Model_t@1@PBDPAEI@Z 00449caa f   gl_trimodel.obj
 0001:000497e3       ?ATAN2_FUNC@OpenGLDrv@@YAMMM@Z 0044a7e3 f i gl_trimodel.obj
 0001:00049987       ?LoadMd3@OpenGLDrv@@YAPAVmd3Model_t@1@PBDPAEI@Z 0044a987 f   gl_trimodel.obj
 0001:00049e19       ?FindSkin@OpenGLDrv@@YAPAVshader_t@1@PBD@Z 0044ae19 f   gl_trimodel.obj
 0001:00049e2a       ?LoadSp2@OpenGLDrv@@YAPAVsp2Model_t@1@PBDPAEI@Z 0044ae2a f   gl_trimodel.obj
 0001:00049f7f       ?CALL_CONSTRUCTOR@@YAXPAVmd3Model_t@OpenGLDrv@@@Z 0044af7f f i gl_trimodel.obj
 0001:00049f95       ?CALL_CONSTRUCTOR@@YAXPAVsp2Model_t@OpenGLDrv@@@Z 0044af95 f i gl_trimodel.obj
 0001:0004b5a0       ?QGL_Init@OpenGLDrv@@YA_NPBD@Z 0044c5a0 f   qgl_win.obj
 0001:0004b682       ?QGL_Shutdown@OpenGLDrv@@YAXXZ 0044c682 f   qgl_win.obj
 0001:0004b6c0       ?QGL_InitExtensions@OpenGLDrv@@YAXXZ 0044c6c0 f   qgl_win.obj
 0001:0004bbac       ?QGL_PrintExtensionsString@OpenGLDrv@@YAXPBD00@Z 0044cbac f   qgl_win.obj
 0001:0004bcf9       ?QGL_EnableLogging@OpenGLDrv@@YAX_N@Z 0044ccf9 f   qgl_win.obj
 0001:0004bdb3       ?QGL_LogMessage@OpenGLDrv@@YAXPBD@Z 0044cdb3 f   qgl_win.obj
 0001:0004bdca       ?QGL_SwapBuffers@OpenGLDrv@@YAXXZ 0044cdca f   qgl_win.obj
 0001:0004be21       ?GLimp_HasGamma@OpenGLDrv@@YA_NXZ 0044ce21 f   gl_win.obj
 0001:0004be35       ?GLimp_SetGamma@OpenGLDrv@@YAXM@Z 0044ce35 f   gl_win.obj
 0001:0004bfdd       ?GLimp_SetMode@OpenGLDrv@@YA_NPAI0H_N@Z 0044cfdd f   gl_win.obj
 0001:0004c3d3       ?GLimp_Shutdown@OpenGLDrv@@YAX_N@Z 0044d3d3 f   gl_win.obj
 0001:0004c480       ?AppActivate@OpenGLDrv@@YAX_N@Z 0044d480 f   gl_win.obj
 0001:0004c4f0       _jpeg_CreateDecompress     0044d4f0 f   lib:jdapimin.obj
 0001:0004c5b0       _jpeg_destroy_compress     0044d5b0 f   lib:jdapimin.obj
 0001:0004c5b0       _jpeg_destroy_decompress   0044d5b0 f   lib:jdapimin.obj
 0001:0004c5bb       _jpeg_read_header          0044d5bb f   lib:jdapimin.obj
 0001:0004c61d       _jpeg_consume_input        0044d61d f   lib:jdapimin.obj
 0001:0004c86c       _jpeg_finish_decompress    0044d86c f   lib:jdapimin.obj
 0001:0004c903       _jpeg_start_decompress     0044d903 f   lib:jdapistd.obj
 0001:0004ca70       _jpeg_read_scanlines       0044da70 f   lib:jdapistd.obj
 0001:0004caf4       _jpeg_resync_to_restart    0044daf4 f   lib:jdmarker.obj
 0001:0004ccb9       _jinit_marker_reader       0044dcb9 f   lib:jdmarker.obj
 0001:0004e184       _jpeg_CreateCompress       0044f184 f   lib:jcapimin.obj
 0001:0004e238       _jpeg_suppress_tables      0044f238 f   lib:jcapimin.obj
 0001:0004e282       _jpeg_finish_compress      0044f282 f   lib:jcapimin.obj
 0001:0004e36c       _jpeg_start_compress       0044f36c f   lib:jcapistd.obj
 0001:0004e3d8       _jpeg_write_scanlines      0044f3d8 f   lib:jcapistd.obj
 0001:0004e483       _jpeg_add_quant_table      0044f483 f   lib:jcparam.obj
 0001:0004e535       _jpeg_quality_scaling      0044f535 f   lib:jcparam.obj
 0001:0004e55c       _jpeg_set_quality          0044f55c f   lib:jcparam.obj
 0001:0004e596       _jpeg_set_defaults         0044f596 f   lib:jcparam.obj
 0001:0004e75c       _jpeg_default_colorspace   0044f75c f   lib:jcparam.obj
 0001:0004e7ac       _jpeg_set_colorspace       0044f7ac f   lib:jcparam.obj
 0001:0004eac7       _jpeg_stdio_dest           0044fac7 f   lib:jdatadst.obj
 0001:0004ece7       _crc32                     0044fce7 f   lib:crc32.obj
 0001:0004ef81       _inflateReset              0044ff81 f   lib:inflate.obj
 0001:0004efcf       _inflateInit2_             0044ffcf f   lib:inflate.obj
 0001:0004f088       _inflate                   00450088 f   lib:inflate.obj
 0001:0005035d       _inflateEnd                0045135d f   lib:inflate.obj
 0001:0005039b       _jinit_input_controller    0045139b f   lib:jdinput.obj
 0001:0005087e       _jinit_memory_mgr          0045187e f   lib:jmemmgr.obj
 0001:000513ba       _jpeg_abort                004523ba f   lib:jcomapi.obj
 0001:000513ed       _jpeg_destroy              004523ed f   lib:jcomapi.obj
 0001:00051408       _jpeg_alloc_quant_table    00452408 f   lib:jcomapi.obj
 0001:00051424       _jpeg_alloc_huff_table     00452424 f   lib:jcomapi.obj
 0001:00051440       _jpeg_calc_output_dimensions 00452440 f   lib:jdmaster.obj
 0001:00051540       _jinit_master_decompress   00452540 f   lib:jdmaster.obj
 0001:00051896       _jdiv_round_up             00452896 f   lib:jutils.obj
 0001:000518a6       _jround_up                 004528a6 f   lib:jutils.obj
 0001:000518be       _jcopy_sample_rows         004528be f   lib:jutils.obj
 0001:000518fc       _jcopy_block_row           004528fc f   lib:jutils.obj
 0001:00051915       _jzero_far                 00452915 f   lib:jutils.obj
 0001:00051928       _jinit_marker_writer       00452928 f   lib:jcmarker.obj
 0001:00052204       _jinit_compress_master     00453204 f   lib:jcinit.obj
 0001:0005225d       _inflate_fast              0045325d f   lib:inffast.obj
 0001:00052612       _inflate_table             00453612 f   lib:inftrees.obj
 0001:000529c6       _adler32                   004539c6 f   lib:adler32.obj
 0001:00052adf       _jinit_c_codec             00453adf f   lib:jcodec.obj
 0001:00052afb       _jinit_d_codec             00453afb f   lib:jcodec.obj
 0001:00052b17       _jpeg_free_large           00453b17 f   lib:jmemnobs.obj
 0001:00052b17       _jpeg_free_small           00453b17 f   lib:jmemnobs.obj
 0001:00052b23       _jpeg_get_small            00453b23 f   lib:jmemnobs.obj
 0001:00052b23       _jpeg_get_large            00453b23 f   lib:jmemnobs.obj
 0001:00052b2f       _jpeg_mem_available        00453b2f f   lib:jmemnobs.obj
 0001:00052b34       _jpeg_open_backing_store   00453b34 f   lib:jmemnobs.obj
 0001:00052b48       ?EndRegistration@OpenGLDrv@@YAXXZ 00453b48 f   lib:jmemnobs.obj
 0001:00052b48       __setargv                  00453b48 f   lib:jmemnobs.obj
 0001:00052b48       _jpeg_mem_term             00453b48 f   lib:jmemnobs.obj
 0001:00052b49       _jinit_d_main_controller   00453b49 f   lib:jdmainct.obj
 0001:00053194       _jinit_d_post_controller   00454194 f   lib:jdpostct.obj
 0001:0005343f       _jinit_upsampler           0045443f f   lib:jdsample.obj
 0001:00053a7d       _jinit_color_deconverter   00454a7d f   lib:jdcolor.obj
 0001:00053f93       _jinit_merged_upsampler    00454f93 f   lib:jdmerge.obj
 0001:000544e3       _jinit_2pass_quantizer     004554e3 f   lib:jquant2.obj
 0001:000555a6       _jinit_1pass_quantizer     004565a6 f   lib:jquant1.obj
 0001:00055fcc       _jinit_c_main_controller   00456fcc f   lib:jcmainct.obj
 0001:00056139       _jinit_c_prep_controller   00457139 f   lib:jcprepct.obj
 0001:00056684       _jinit_downsampler         00457684 f   lib:jcsample.obj
 0001:00056f04       _jinit_color_converter     00457f04 f   lib:jccolor.obj
 0001:000574ee       _jinit_c_master_control    004584ee f   lib:jcmaster.obj
 0001:00057fdd       _jinit_lossy_c_codec       00458fdd f   lib:jclossy.obj
 0001:00058078       _jinit_lossless_c_codec    00459078 f   lib:jclossls.obj
 0001:00058110       _jinit_lossy_d_codec       00459110 f   lib:jdlossy.obj
 0001:000583e3       _jinit_lossless_d_codec    004593e3 f   lib:jdlossls.obj
 0001:00058493       _jinit_c_coef_controller   00459493 f   lib:jccoefct.obj
 0001:00058b74       _jinit_shuff_encoder       00459b74 f   lib:jcshuff.obj
 0001:000593dc       _jinit_phuff_encoder       0045a3dc f   lib:jcphuff.obj
 0001:00059e81       _jinit_forward_dct         0045ae81 f   lib:jcdctmgr.obj
 0001:0005a150       _jinit_c_diff_controller   0045b150 f   lib:jcdiffct.obj
 0001:0005a674       _jinit_lhuff_encoder       0045b674 f   lib:jclhuff.obj
 0001:0005ada1       _jinit_differencer         0045bda1 f   lib:jcpred.obj
 0001:0005b2bb       _jinit_c_scaler            0045c2bb f   lib:jcscale.obj
 0001:0005b331       _jinit_d_coef_controller   0045c331 f   lib:jdcoefct.obj
 0001:0005c00d       _jinit_shuff_decoder       0045d00d f   lib:jdshuff.obj
 0001:0005c5a2       _jinit_phuff_decoder       0045d5a2 f   lib:jdphuff.obj
 0001:0005d13f       _jinit_inverse_dct         0045e13f f   lib:jddctmgr.obj
 0001:0005d323       _jinit_d_diff_controller   0045e323 f   lib:jddiffct.obj
 0001:0005d851       _jinit_d_scaler            0045e851 f   lib:jdscale.obj
 0001:0005d950       _jinit_undifferencer       0045e950 f   lib:jdpred.obj
 0001:0005dd0a       _jinit_lhuff_decoder       0045ed0a f   lib:jdlhuff.obj
 0001:0005e0ff       _jpeg_make_c_derived_tbl   0045f0ff f   lib:jchuff.obj
 0001:0005e301       _jpeg_gen_optimal_table    0045f301 f   lib:jchuff.obj
 0001:0005e4c0       _jpeg_fdct_float           0045f4c0 f   lib:jfdctflt.obj
 0001:0005e6c5       _jpeg_make_d_derived_tbl   0045f6c5 f   lib:jdhuff.obj
 0001:0005e962       _jpeg_fill_bit_buffer      0045f962 f   lib:jdhuff.obj
 0001:0005ea71       _jpeg_huff_decode          0045fa71 f   lib:jdhuff.obj
 0001:0005eb51       _jpeg_idct_4x4             0045fb51 f   lib:jidctred.obj
 0001:0005ee3f       _jpeg_idct_2x2             0045fe3f f   lib:jidctred.obj
 0001:0005f001       _jpeg_idct_1x1             00460001 f   lib:jidctred.obj
 0001:0005f03d       _jpeg_idct_float           0046003d f   lib:jidctflt.obj
 0001:0005f410       __except_handler3          00460410 f   MSVCRT:MSVCRT.dll
 0001:0005f420       __alloca_probe             00460420 f   MSVCRT:chkstk.obj
 0001:0005f420       __chkstk                   00460420 f   MSVCRT:chkstk.obj
 0001:0005f44f       ??_Gtype_info@@UAEPAXI@Z   0046044f f i MSVCRT:ti_inst.obj
 0001:0005f44f       ??_Etype_info@@UAEPAXI@Z   0046044f f i MSVCRT:ti_inst.obj
 0001:0005f46c       __CxxThrowException@8      0046046c f   MSVCRT:MSVCRT.dll
[...]
 0001:0005d4c1       _start_iMCU_row            0045e4c1 f   lib:jddiffct.obj
 0001:0005d506       _start_output_pass         0045e506 f   lib:jddiffct.obj
 0001:0005d512       _decompress_data           0045e512 f   lib:jddiffct.obj
 0001:0005d682       _process_restart           0045e682 f   lib:jddiffct.obj
 0001:0005b6a2       _dummy_consume_data        0045c6a2 f   lib:jdcoefct.obj
 0001:0005d6b7       _consume_data              0045e6b7 f   lib:jddiffct.obj
 0001:0005d72e       _output_data               0045e72e f   lib:jddiffct.obj
 0001:0005d1b5       _start_pass                0045e1b5 f   lib:jddctmgr.obj
 0001:0005c607       _start_pass_phuff_decoder  0045d607 f   lib:jdphuff.obj
 0001:0005c850       _decode_mcu_DC_first       0045d850 f   lib:jdphuff.obj
 0001:0005ca48       _process_restart           0045da48 f   lib:jdphuff.obj
 0001:0005cab7       _decode_mcu_AC_first       0045dab7 f   lib:jdphuff.obj
 0001:0005ccd7       _decode_mcu_DC_refine      0045dcd7 f   lib:jdphuff.obj
 0001:0005cdac       _decode_mcu_AC_refine      0045ddac f   lib:jdphuff.obj
 0001:0005c04e       _start_pass_huff_decoder   0045d04e f   lib:jdshuff.obj
 0001:0005c186       _decode_mcu                0045d186 f   lib:jdshuff.obj
 0001:0005c536       _process_restart           0045d536 f   lib:jdshuff.obj
 0001:0005b434       _start_input_pass          0045c434 f   lib:jdcoefct.obj
 0001:0005b447       _start_iMCU_row            0045c447 f   lib:jdcoefct.obj
 0001:0005b48c       _start_output_pass         0045c48c f   lib:jdcoefct.obj
 0001:0005b4c9       _decompress_onepass        0045c4c9 f   lib:jdcoefct.obj
 0001:0005b6a2       _dummy_consume_data        0045c6a2 f   lib:jdcoefct.obj
 0001:0005b6a5       _consume_data              0045c6a5 f   lib:jdcoefct.obj
 0001:0005b85e       _decompress_data           0045c85e f   lib:jdcoefct.obj
 0001:0005b9ca       _smoothing_ok              0045c9ca f   lib:jdcoefct.obj
 0001:0005bab5       _decompress_smooth_data    0045cab5 f   lib:jdcoefct.obj
 0001:0005b2cd       _scaler_start_pass         0045c2cd f   lib:jcscale.obj
 0001:0005b2f0       _simple_downscale          0045c2f0 f   lib:jcscale.obj
 0001:0005b31c       _noscale                   0045c31c f   lib:jcscale.obj
 0001:0005adc5       _start_pass                0045bdc5 f   lib:jcpred.obj
 0001:0005ae1d       _reset_predictor           0045be1d f   lib:jcpred.obj
 0001:0005ae4a       _jpeg_difference_first_row 0045be4a f   lib:jcpred.obj
 0001:0005af34       _jpeg_difference1          0045bf34 f   lib:jcpred.obj
 0001:0005afa2       _jpeg_difference2          0045bfa2 f   lib:jcpred.obj
 0001:0005b013       _jpeg_difference3          0045c013 f   lib:jcpred.obj
 0001:0005b08b       _jpeg_difference4          0045c08b f   lib:jcpred.obj
 0001:0005b116       _jpeg_difference5          0045c116 f   lib:jcpred.obj
 0001:0005b1a9       _jpeg_difference6          0045c1a9 f   lib:jcpred.obj
 0001:0005b238       _jpeg_difference7          0045c238 f   lib:jcpred.obj
 0001:0005a6b4       _start_pass_huff           0045b6b4 f   lib:jclhuff.obj
 0001:0005a851       _encode_mcus_huff          0045b851 f   lib:jclhuff.obj
 0001:0005aa3c       _emit_bits                 0045ba3c f   lib:jclhuff.obj
 0001:0005aadf       _dump_buffer               0045badf f   lib:jclhuff.obj
 0001:0005ab03       _emit_restart              0045bb03 f   lib:jclhuff.obj
 0001:0005ab4e       _flush_bits                0045bb4e f   lib:jclhuff.obj
 0001:0005ab72       _finish_pass_huff          0045bb72 f   lib:jclhuff.obj
 0001:0005abdf       _encode_mcus_gather        0045bbdf f   lib:jclhuff.obj
 0001:0005ad08       _finish_pass_gather        0045bd08 f   lib:jclhuff.obj
 0001:0005ad9e       _need_optimization_pass    0045bd9e f   lib:jclhuff.obj
 0001:0005a2d4       _start_pass_diff           0045b2d4 f   lib:jcdiffct.obj
 0001:000585dd       _start_iMCU_row            004595dd f   lib:jccoefct.obj
 0001:0005a372       _compress_data             0045b372 f   lib:jcdiffct.obj
 0001:0005a508       _compress_first_pass       0045b508 f   lib:jcdiffct.obj
 0001:0005a5fd       _compress_output           0045b5fd f   lib:jcdiffct.obj
 0001:00059ee7       _start_pass_fdctmgr        0045aee7 f   lib:jcdctmgr.obj
 0001:00059fe9       _forward_DCT_float         0045afe9 f   lib:jcdctmgr.obj
 0001:0005941c       _start_pass_phuff          0045a41c f   lib:jcphuff.obj
 0001:00059589       _encode_mcu_DC_first       0045a589 f   lib:jcphuff.obj
 0001:000596bb       _emit_bits                 0045a6bb f   lib:jcphuff.obj
 0001:00059766       _dump_buffer               0045a766 f   lib:jcphuff.obj
 0001:0005979e       _emit_symbol               0045a79e f   lib:jcphuff.obj
 0001:000597de       _emit_restart              0045a7de f   lib:jcphuff.obj
 0001:00059867       _emit_eobrun               0045a867 f   lib:jcphuff.obj
 0001:000598ed       _encode_mcu_AC_first       0045a8ed f   lib:jcphuff.obj
 0001:00059a81       _encode_mcu_DC_refine      0045aa81 f   lib:jcphuff.obj
 0001:00059b3b       _encode_mcu_AC_refine      0045ab3b f   lib:jcphuff.obj
 0001:00059d52       _finish_pass_phuff         0045ad52 f   lib:jcphuff.obj
 0001:00059da1       _finish_pass_gather_phuff  0045ada1 f   lib:jcphuff.obj
 0001:00059e64       _need_optimization_pass    0045ae64 f   lib:jcphuff.obj
 0001:00058bb7       _start_pass_huff           00459bb7 f   lib:jcshuff.obj
 0001:00058d2c       _encode_mcu_huff           00459d2c f   lib:jcshuff.obj
 0001:00058e37       _encode_one_block          00459e37 f   lib:jcshuff.obj
 0001:00058fae       _emit_bits                 00459fae f   lib:jcshuff.obj
 0001:00059051       _dump_buffer               0045a051 f   lib:jcshuff.obj
 0001:00059075       _emit_restart              0045a075 f   lib:jcshuff.obj
 0001:000590e2       _flush_bits                0045a0e2 f   lib:jcshuff.obj
 0001:00059106       _finish_pass_huff          0045a106 f   lib:jcshuff.obj
 0001:00059175       _encode_mcu_gather         0045a175 f   lib:jcshuff.obj
 0001:0005922b       _htest_one_block           0045a22b f   lib:jcshuff.obj
 0001:000592f2       _finish_pass_gather        0045a2f2 f   lib:jcshuff.obj
 0001:0005ad9e       _need_optimization_pass    0045bd9e f   lib:jclhuff.obj
 0001:00058548       _start_pass_coef           00459548 f   lib:jccoefct.obj
 0001:000585dd       _start_iMCU_row            004595dd f   lib:jccoefct.obj
 0001:0005861f       _compress_data             0045961f f   lib:jccoefct.obj
 0001:00058806       _compress_first_pass       00459806 f   lib:jccoefct.obj
 0001:000589ec       _compress_output           004599ec f   lib:jccoefct.obj
 0001:00058460       _calc_output_dimensions    00459460 f   lib:jdlossls.obj
 0001:00058471       _start_input_pass          00459471 f   lib:jdlossls.obj
 0001:0005819f       _calc_output_dimensions    0045919f f   lib:jdlossy.obj
 0001:00058312       _start_input_pass          00459312 f   lib:jdlossy.obj
 0001:00058332       _latch_quant_tables        00459332 f   lib:jdlossy.obj
 0001:000583ca       _start_output_pass         004593ca f   lib:jdlossy.obj
 0001:000580ee       _start_pass                004590ee f   lib:jclossls.obj
 0001:0005805a       _start_pass                0045905a f   lib:jclossy.obj
 0001:000575af       _initial_setup             004585af f   lib:jcmaster.obj
 0001:00057762       _validate_script           00458762 f   lib:jcmaster.obj
 0001:00057b3a       _prepare_for_pass          00458b3a f   lib:jcmaster.obj
 0001:00057cb2       _select_scan_parameters    00458cb2 f   lib:jcmaster.obj
 0001:00057db3       _per_scan_setup            00458db3 f   lib:jcmaster.obj
 0001:00057f5e       _pass_startup              00458f5e f   lib:jcmaster.obj
 0001:00057f85       _finish_pass_master        00458f85 f   lib:jcmaster.obj
 0001:0005709b       _rgb_ycc_start             0045809b f   lib:jccolor.obj
 0001:0005715f       _rgb_ycc_convert           0045815f f   lib:jccolor.obj
 0001:0005725e       _rgb_gray_convert          0045825e f   lib:jccolor.obj
 0001:000572e3       _cmyk_ycck_convert         004582e3 f   lib:jccolor.obj
 0001:0005741b       _grayscale_convert         0045841b f   lib:jccolor.obj
 0001:00057475       _null_convert              00458475 f   lib:jccolor.obj
 0001:0001f536       _null_method               00420536 f   sv_game.obj
 0001:0001f536       _start_pass_downsample     00420536 f   sv_game.obj
 0001:000567e7       _sep_downsample            004577e7 f   lib:jcsample.obj
 0001:0005685c       _int_downsample            0045785c f   lib:jcsample.obj
 0001:00056954       _expand_right_edge         00457954 f   lib:jcsample.obj
 0001:000569a9       _fullsize_downsample       004579a9 f   lib:jcsample.obj
 0001:000569ed       _h2v1_downsample           004579ed f   lib:jcsample.obj
 0001:00056a81       _h2v2_downsample           00457a81 f   lib:jcsample.obj
 0001:00056b2e       _h2v2_smooth_downsample    00457b2e f   lib:jcsample.obj
 0001:00056da6       _fullsize_smooth_downsample 00457da6 f   lib:jcsample.obj
 0001:000561e3       _start_pass_prep           004571e3 f   lib:jcprepct.obj
 0001:00056221       _pre_process_data          00457221 f   lib:jcprepct.obj
 0001:000563cf       _pre_process_context       004573cf f   lib:jcprepct.obj
 0001:00056588       _create_context_buffer     00457588 f   lib:jcprepct.obj
 0001:0005605b       _start_pass_main           0045705b f   lib:jcmainct.obj
 0001:0005609d       _process_data_simple_main  0045709d f   lib:jcmainct.obj
 0001:00055631       _create_colormap           00456631 f   lib:jquant1.obj
 0001:00055763       _select_ncolors            00456763 f   lib:jquant1.obj
 0001:0005583a       _create_colorindex         0045683a f   lib:jquant1.obj
 0001:00055966       _alloc_fs_workspace        00456966 f   lib:jquant1.obj
 0001:000559a2       _start_pass_1_quant        004569a2 f   lib:jquant1.obj
 0001:00055a6e       _create_odither_tables     00456a6e f   lib:jquant1.obj
 0001:00055acd       _make_odither_array        00456acd f   lib:jquant1.obj
 0001:00055b30       _color_quantize            00456b30 f   lib:jquant1.obj
 0001:00055bbb       _color_quantize3           00456bbb f   lib:jquant1.obj
 0001:00055c49       _quantize_ord_dither       00456c49 f   lib:jquant1.obj
 0001:00055d34       _quantize3_ord_dither      00456d34 f   lib:jquant1.obj
 0001:00055e34       _quantize_fs_dither        00456e34 f   lib:jquant1.obj
 0001:0001f536       _finish_pass_1_quant       00420536 f   sv_game.obj
 0001:00055fb8       _new_color_map_1_quant     00456fb8 f   lib:jquant1.obj
 0001:000545f2       _init_error_limit          004555f2 f   lib:jquant2.obj
 0001:00054691       _start_pass_2_quant        00455691 f   lib:jquant2.obj
 0001:00054793       _prescan_quantize          00455793 f   lib:jquant2.obj
 0001:00054802       _pass2_no_dither           00455802 f   lib:jquant2.obj
 0001:000548af       _fill_inverse_cmap         004558af f   lib:jquant2.obj
 0001:0005497a       _find_nearby_colors        0045597a f   lib:jquant2.obj
 0001:00054b1e       _find_best_colors          00455b1e f   lib:jquant2.obj
 0001:00054c38       _pass2_fs_dither           00455c38 f   lib:jquant2.obj
 0001:00054ea7       _finish_pass1              00455ea7 f   lib:jquant2.obj
 0001:00054ec9       _select_colors             00455ec9 f   lib:jquant2.obj
 0001:00054f55       _update_box                00455f55 f   lib:jquant2.obj
 0001:000552ef       _median_cut                004562ef f   lib:jquant2.obj
 0001:00055403       _find_biggest_color_pop    00456403 f   lib:jquant2.obj
 0001:00055432       _find_biggest_volume       00456432 f   lib:jquant2.obj
 0001:0005545b       _compute_color             0045645b f   lib:jquant2.obj
 0001:0001f536       _finish_pass2              00420536 f   sv_game.obj
 0001:00055597       _new_color_map_2_quant     00456597 f   lib:jquant2.obj
 0001:00054009       _build_ycc_rgb_table       00455009 f   lib:jdmerge.obj
 0001:000540b9       _start_pass_merged_upsample 004550b9 f   lib:jdmerge.obj
 0001:000540ce       _merged_2v_upsample        004550ce f   lib:jdmerge.obj
 0001:00054175       _merged_1v_upsample        00455175 f   lib:jdmerge.obj
 0001:000541a6       _h2v1_merged_upsample      004551a6 f   lib:jdmerge.obj
 0001:000542fc       _h2v2_merged_upsample      004552fc f   lib:jdmerge.obj
 0001:00053bad       _build_ycc_rgb_table       00454bad f   lib:jdcolor.obj
 0001:00053c5d       _ycc_rgb_convert           00454c5d f   lib:jdcolor.obj
 0001:00053d6b       _null_convert              00454d6b f   lib:jdcolor.obj
 0001:00053de3       _grayscale_convert         00454de3 f   lib:jdcolor.obj
 0001:00053e06       _gray_rgb_convert          00454e06 f   lib:jdcolor.obj
 0001:00053e5f       _ycck_cmyk_convert         00454e5f f   lib:jdcolor.obj
 0001:0001f536       _start_pass_dcolor         00420536 f   sv_game.obj
 0001:0005360e       _start_pass_upsample       0045460e f   lib:jdsample.obj
 0001:00053628       _sep_upsample              00454628 f   lib:jdsample.obj
 0001:000536f5       _fullsize_upsample         004546f5 f   lib:jdsample.obj
 0001:00053700       _noop_upsample             00454700 f   lib:jdsample.obj
 0001:00053708       _int_upsample              00454708 f   lib:jdsample.obj
 0001:000537f2       _h2v1_upsample             004547f2 f   lib:jdsample.obj
 0001:00053849       _h2v2_upsample             00454849 f   lib:jdsample.obj
 0001:000538bb       _h2v1_fancy_upsample       004548bb f   lib:jdsample.obj
 0001:0005395e       _h2v2_fancy_upsample       0045495e f   lib:jdsample.obj
 0001:00053217       _start_pass_dpost          00454217 f   lib:jdpostct.obj
 0001:000532bd       _post_process_1pass        004542bd f   lib:jdpostct.obj
 0001:00053322       _post_process_prepass      00454322 f   lib:jdpostct.obj
 0001:000533b3       _post_process_2pass        004543b3 f   lib:jdpostct.obj
 0001:00052c1e       _alloc_funny_pointers      00453c1e f   lib:jdmainct.obj
 0001:00052ccb       _start_pass_main           00453ccb f   lib:jdmainct.obj
 0001:00052d33       _make_funny_pointers       00453d33 f   lib:jdmainct.obj
 0001:00052e73       _process_data_simple_main  00453e73 f   lib:jdmainct.obj
 0001:00052edb       _process_data_context_main 00453edb f   lib:jdmainct.obj
 0001:00052fed       _set_wraparound_pointers   00453fed f   lib:jdmainct.obj
 0001:000530d7       _set_bottom_pointers       004540d7 f   lib:jdmainct.obj
 0001:00053171       _process_data_crank_post   00454171 f   lib:jdmainct.obj
 0001:00051976       _write_marker_header       00452976 f   lib:jcmarker.obj
 0001:000519cc       _emit_byte                 004529cc f   lib:jcmarker.obj
 0001:000519fd       _write_marker_byte         004529fd f   lib:jcmarker.obj
 0001:00051a0d       _write_file_header         00452a0d f   lib:jcmarker.obj
 0001:00051a59       _emit_jfif_app0            00452a59 f   lib:jcmarker.obj
 0001:00051b2c       _emit_adobe_app14          00452b2c f   lib:jcmarker.obj
 0001:00051bd2       _write_frame_header        00452bd2 f   lib:jcmarker.obj
 0001:00051cb1       _emit_dqt                  00452cb1 f   lib:jcmarker.obj
 0001:00051da0       _emit_sof                  00452da0 f   lib:jcmarker.obj
 0001:00051e7c       _write_scan_header         00452e7c f   lib:jcmarker.obj
 0001:00051f3c       _emit_dht                  00452f3c f   lib:jcmarker.obj
 0001:00052015       _emit_dri                  00453015 f   lib:jcmarker.obj
 0001:00052064       _emit_sos                  00453064 f   lib:jcmarker.obj
 0001:00052152       _write_file_trailer        00453152 f   lib:jcmarker.obj
 0001:00052172       _write_tables_only         00453172 f   lib:jcmarker.obj
 0001:000514cb       _use_merged_upsample       004524cb f   lib:jdmaster.obj
 0001:00051571       _master_selection          00452571 f   lib:jdmaster.obj
 0001:000516ce       _prepare_range_limit_table 004526ce f   lib:jdmaster.obj
 0001:00051754       _prepare_for_output_pass   00452754 f   lib:jdmaster.obj
 0001:00051875       _finish_output_pass        00452875 f   lib:jdmaster.obj
 0001:00050942       _alloc_small               00451942 f   lib:jmemmgr.obj
 0001:00050a60       _alloc_large               00451a60 f   lib:jmemmgr.obj
 0001:00050b11       _alloc_sarray              00451b11 f   lib:jmemmgr.obj
 0001:00050ba9       _alloc_barray              00451ba9 f   lib:jmemmgr.obj
 0001:00050c4d       _alloc_darray              00451c4d f   lib:jmemmgr.obj
 0001:00050cf8       _request_virt_sarray       00451cf8 f   lib:jmemmgr.obj
 0001:00050d59       _request_virt_barray       00451d59 f   lib:jmemmgr.obj
 0001:00050dba       _realize_virt_arrays       00451dba f   lib:jmemmgr.obj
 0001:00050f3d       _access_virt_sarray        00451f3d f   lib:jmemmgr.obj
 0001:0005105d       _do_sarray_io              0045205d f   lib:jmemmgr.obj
 0001:000510ed       _access_virt_barray        004520ed f   lib:jmemmgr.obj
 0001:00051212       _do_barray_io              00452212 f   lib:jmemmgr.obj
 0001:000512a3       _free_pool                 004522a3 f   lib:jmemmgr.obj
 0001:0005138a       _self_destruct             0045238a f   lib:jmemmgr.obj
 0001:000503dc       _start_input_pass          004513dc f   lib:jdinput.obj
 0001:0005040a       _per_scan_setup            0045140a f   lib:jdinput.obj
 0001:00050590       _finish_input_pass         00451590 f   lib:jdinput.obj
 0001:000505a1       _consume_markers           004515a1 f   lib:jdinput.obj
 0001:0005063d       _initial_setup             0045163d f   lib:jdinput.obj
 0001:00050847       _reset_input_controller    00451847 f   lib:jdinput.obj
 0001:00050195       _fixedtables               00451195 f   lib:inflate.obj
 0001:0005027f       _updatewindow              0045127f f   lib:inflate.obj
 0001:0004ebc7       _make_crc_table            0044fbc7 f   lib:crc32.obj
 0001:0004ed14       _crc32_little              0044fd14 f   lib:crc32.obj
 0001:0004eb03       _init_destination          0044fb03 f   lib:jdatadst.obj
 0001:0004eb29       _empty_output_buffer       0044fb29 f   lib:jdatadst.obj
 0001:0004eb6b       _term_destination          0044fb6b f   lib:jdatadst.obj
 0001:0004e68a       _std_huff_tables           0044f68a f   lib:jcparam.obj
 0001:0004e6e4       _add_huff_table            0044f6e4 f   lib:jcparam.obj
 0001:0004cbe2       _next_marker               0044dbe2 f   lib:jdmarker.obj
 0001:0004cd1c       _get_interesting_appn      0044dd1c f   lib:jdmarker.obj
 0001:0004ce47       _examine_app0              0044de47 f   lib:jdmarker.obj
 0001:0004d055       _examine_app14             0044e055 f   lib:jdmarker.obj
 0001:0004d116       _skip_variable             0044e116 f   lib:jdmarker.obj
 0001:0004d1b9       _read_markers              0044e1b9 f   lib:jdmarker.obj
 0001:0004d3c1       _get_soi                   0044e3c1 f   lib:jdmarker.obj
 0001:0004d46c       _get_sof                   0044e46c f   lib:jdmarker.obj
 0001:0004d775       _get_sos                   0044e775 f   lib:jdmarker.obj
 0001:0004da63       _get_dht                   0044ea63 f   lib:jdmarker.obj
 0001:0004dd04       _get_dqt                   0044ed04 f   lib:jdmarker.obj
 0001:0004df60       _get_dri                   0044ef60 f   lib:jdmarker.obj
 0001:0004e03f       _first_marker              0044f03f f   lib:jdmarker.obj
 0001:0004e0db       _read_restart_marker       0044f0db f   lib:jdmarker.obj
 0001:0004e159       _reset_marker_reader       0044f159 f   lib:jdmarker.obj
 0001:0004c9c6       _output_pass_setup         0044d9c6 f   lib:jdapistd.obj
 0001:0004c6b9       _default_decompress_parms  0044d6b9 f   lib:jdapimin.obj

 128 bytes saved through ICF

