 quake2

 Timestamp is 41835c41 (Sat Oct 30 13:17:53 2004)

 Preferred load address is 00400000

 Start         Length     Name                   Class
 0001:00000000 00070120H .text                   CODE
 0002:00000000 00000304H .idata$5                DATA
 0002:00000308 00005c24H .rdata                  DATA
 0002:00005f2c 00000078H .idata$2                DATA
 0002:00005fa4 00000014H .idata$3                DATA
 0002:00005fb8 00000304H .idata$4                DATA
 0002:000062bc 000009d8H .idata$6                DATA
 0002:00006c94 00000000H .edata                  DATA
 0003:00000000 00000004H .CRT$XCA                DATA
 0003:00000004 00000004H .CRT$XCZ                DATA
 0003:00000008 00000004H .CRT$XIA                DATA
 0003:0000000c 00000004H .CRT$XIZ                DATA
 0003:00000010 000133e4H .data                   DATA
 0003:000133f8 00b02ba0H .bss                    DATA
 0004:00000000 00000130H .rsrc$01                DATA
 0004:00000130 00003f20H .rsrc$02                DATA

  Address         Publics by Value              Rva+Base     Lib:Object

 0001:00000000       _CDAudio_Play2             00401000 f   cd_win.obj
 0001:000001e2       _CDAudio_Play              004011e2 f   cd_win.obj
 0001:000001f9       _CDAudio_Stop              004011f9 f   cd_win.obj
 0001:0000023e       _CDAudio_Pause             0040123e f   cd_win.obj
 0001:00000297       _CDAudio_Resume            00401297 f   cd_win.obj
 0001:00000306       _CDAudio_MessageHandler    00401306 f   cd_win.obj
 0001:0000039d       _CDAudio_Update            0040139d f   cd_win.obj
 0001:000003d1       _CDAudio_Init              004013d1 f   cd_win.obj
 0001:000007cf       _CDAudio_Shutdown          004017cf f   cd_win.obj
 0001:00000802       _CDAudio_Activate          00401802 f   cd_win.obj
 0001:00000813       _SCR_StopCinematic         00401813 f   cl_cin.obj
 0001:000008af       _SCR_FinishCinematic       004018af f   cl_cin.obj
 0001:000008f1       _SCR_RunCinematic          004018f1 f   cl_cin.obj
 0001:00000d0b       _SCR_DrawCinematic         00401d0b f   cl_cin.obj
 0001:00000d91       _SCR_PlayCinematic         00401d91 f   cl_cin.obj
 0001:000010e1       _CL_ParseEntityBits        004020e1 f   cl_ents.obj
 0001:00001143       _CL_ParseDelta             00402143 f   cl_ents.obj
 0001:000014e2       _CL_DeltaEntity            004024e2 f   cl_ents.obj
 0001:0000165f       _CL_ParsePacketEntities    0040265f f   cl_ents.obj
 0001:0000185e       _CL_ParsePlayerstate       0040285e f   cl_ents.obj
 0001:00001b6c       _CL_FireEntityEvents       00402b6c f   cl_ents.obj
 0001:00001bbe       _CL_ParseFrame             00402bbe f   cl_ents.obj
 0001:00001e9d       _CL_AddEntityBox           00402e9d f   cl_ents.obj
 0001:00001f8d       _CL_OffsetThirdPersonView  00402f8d f   cl_ents.obj
 0001:00002047       _CL_CalcViewValues         00403047 f   cl_ents.obj
 0001:00002354       _CL_AddEntities            00403354 f   cl_ents.obj
 0001:0000313c       _CL_GetEntitySoundOrigin   0040413c f   cl_ents.obj
 0001:0000316f       _CL_ClearLightStyles       0040416f f   cl_fx.obj
 0001:000031f3       _CL_RunLightStyles         004041f3 f   cl_fx.obj
 0001:00003290       _CL_SetLightstyle          00404290 f   cl_fx.obj
 0001:000032f7       _CL_AllocDlight            004042f7 f   cl_fx.obj
 0001:00003364       _CL_AddDLights             00404364 f   cl_fx.obj
 0001:000033c4       _CL_ClearParticles         004043c4 f   cl_fx.obj
 0001:0000342e       _CL_AllocParticleTrace     0040442e f   cl_fx.obj
 0001:000034d1       _CL_AllocParticleBeam      004044d1 f   cl_fx.obj
 0001:00003544       _CL_AllocParticle          00404544 f   cl_fx.obj
 0001:00003592       _CL_UpdateParticles        00404592 f   cl_fx.obj
 0001:00003b85       _CL_MetalSparks            00404b85 f   cl_fx.obj
 0001:00003c72       _CL_ParseMuzzleFlash       00404c72 f   cl_fx.obj
 0001:000044a9       _CL_ParseMuzzleFlash2      004054a9 f   cl_fx.obj
 0001:00004b8d       _CL_ParticleEffect         00405b8d f   cl_fx.obj
 0001:00004c5c       _CL_ParticleEffect2        00405c5c f   cl_fx.obj
 0001:00004d27       _CL_ParticleEffect3        00405d27 f   cl_fx.obj
 0001:00004df7       _CL_TeleporterParticles    00405df7 f   cl_fx.obj
 0001:00004eae       _CL_LogoutEffect           00405eae f   cl_fx.obj
 0001:00004f99       _CL_ItemRespawnParticles   00405f99 f   cl_fx.obj
 0001:00005048       _CL_ExplosionParticles     00406048 f   cl_fx.obj
 0001:000050f2       _CL_BigTeleportParticles   004060f2 f   cl_fx.obj
 0001:00005249       _CL_BlasterParticles       00406249 f   cl_fx.obj
 0001:00005315       _CL_BlasterTrail           00406315 f   cl_fx.obj
 0001:00005408       _CL_FlagTrail              00406408 f   cl_fx.obj
 0001:00005508       _CL_DiminishingTrail       00406508 f   cl_fx.obj
 0001:0000576c       _CL_RocketTrail            0040676c f   cl_fx.obj
 0001:00005899       _CL_RailTrail              00406899 f   cl_fx.obj
 0001:00005abf       _CL_RailTrailExt           00406abf f   cl_fx.obj
 0001:00005bc1       _CL_IonripperTrail         00406bc1 f   cl_fx.obj
 0001:00005cd4       _CL_BubbleTrail            00406cd4 f   cl_fx.obj
 0001:00005df2       _CL_FlyParticles           00406df2 f   cl_fx.obj
 0001:00005f91       _CL_FlyEffect              00406f91 f   cl_fx.obj
 0001:00006014       _CL_BfgParticles           00407014 f   cl_fx.obj
 0001:000061ee       _CL_TrapParticles          004071ee f   cl_fx.obj
 0001:00006471       _CL_BFGExplosionParticles  00407471 f   cl_fx.obj
 0001:0000651b       _CL_TeleportParticles      0040751b f   cl_fx.obj
 0001:00006654       _CL_EntityEvent            00407654 f   cl_fx.obj
 0001:00006832       _CL_ClearEffects           00407832 f   cl_fx.obj
 0001:00006850       _IN_CenterView             00407850 f   cl_input.obj
 0001:00006871       _CL_InitInput              00407871 f   cl_input.obj
 0001:00006d51       _CL_SendCmd                00407d51 f   cl_input.obj
 0001:0000744c       _CL_ParseInventory         0040844c f   cl_inv.obj
 0001:0000746c       _CL_DrawInventory          0040846c f   cl_inv.obj
 0001:000076c2       _CL_WriteDemoMessage       004086c2 f   cl_main.obj
 0001:00007704       _CL_Stop_f                 00408704 f   cl_main.obj
 0001:0000775f       _CL_Record_f               0040875f f   cl_main.obj
 0001:00007a02       _Cmd_ForwardToServer       00408a02 f   cl_main.obj
 0001:00007a6e       _CL_Setenv_f               00408a6e f   cl_main.obj
 0001:00007b32       _CL_ForwardToServer_f      00408b32 f   cl_main.obj
 0001:00007b80       _CL_Pause                  00408b80 f   cl_main.obj
 0001:00007bc0       _CL_Quit_f                 00408bc0 f   cl_main.obj
 0001:00007bca       _CL_Drop                   00408bca f   cl_main.obj
 0001:00007be6       _CL_SendConnectPacket      00408be6 f   cl_main.obj
 0001:00007cbd       _CL_CheckForResend         00408cbd f   cl_main.obj
 0001:00007dc2       _CL_Connect_f              00408dc2 f   cl_main.obj
 0001:00007e43       _CL_Rcon_f                 00408e43 f   cl_main.obj
 0001:00007f4e       _CL_ClearState             00408f4e f   cl_main.obj
 0001:00007f8d       _CL_Disconnect             00408f8d f   cl_main.obj
 0001:00008113       _CL_Disconnect_f           00409113 f   cl_main.obj
 0001:0000811f       _CL_Changing_f             0040911f f   cl_main.obj
 0001:00008143       _CL_Reconnect_f            00409143 f   cl_main.obj
 0001:000081df       _CL_PingServers_f          004091df f   cl_main.obj
 0001:00008347       _CL_Skins_f                00409347 f   cl_main.obj
 0001:00008383       _CL_ConnectionlessPacket   00409383 f   cl_main.obj
 0001:000086e2       _CL_ReadPackets            004096e2 f   cl_main.obj
 0001:00008827       _CL_FixUpGender            00409827 f   cl_main.obj
 0001:000088d7       _CL_Userinfo_f             004098d7 f   cl_main.obj
 0001:000088ef       _CL_Snd_Restart_f          004098ef f   cl_main.obj
 0001:000088fe       _CL_RequestNextDownload    004098fe f   cl_main.obj
 0001:00008f3f       _CL_Precache_f             00409f3f f   cl_main.obj
 0001:00008fa3       _CL_WriteConfiguration     00409fa3 f   cl_main.obj
 0001:0000905e       _CL_WriteConfig_f          0040a05e f   cl_main.obj
 0001:000090bd       _CL_InitLocal              0040a0bd f   cl_main.obj
 0001:000092f3       _CL_FixCvarCheats          0040a2f3 f   cl_main.obj
 0001:00009344       _CL_Frame                  0040a344 f   cl_main.obj
 0001:000095c8       _CL_Init                   0040a5c8 f   cl_main.obj
 0001:00009658       _CL_Shutdown               0040a658 f   cl_main.obj
 0001:000096a1       _CL_Flashlight             0040a6a1 f   cl_newfx.obj
 0001:000096db       _CL_ColorFlash             0040a6db f   cl_newfx.obj
 0001:00009717       _CL_DebugTrail             0040a717 f   cl_newfx.obj
 0001:000097f7       _CL_ForceWall              0040a7f7 f   cl_newfx.obj
 0001:0000991e       _CL_BubbleTrail2           0040a91e f   cl_newfx.obj
 0001:00009a48       _CL_Heatbeam               0040aa48 f   cl_newfx.obj
 0001:00009cf9       _CL_ParticleSteamEffect    0040acf9 f   cl_newfx.obj
 0001:00009e23       _CL_ParticleSteamEffect2   0040ae23 f   cl_newfx.obj
 0001:00009f5a       _CL_TrackerTrail           0040af5a f   cl_newfx.obj
 0001:0000a1bd       _CL_Tracker_Shell          0040b1bd f   cl_newfx.obj
 0001:0000a246       _CL_MonsterPlasma_Shell    0040b246 f   cl_newfx.obj
 0001:0000a2cc       _CL_Widowbeamout           0040b2cc f   cl_newfx.obj
 0001:0000a388       _CL_Nukeblast              0040b388 f   cl_newfx.obj
 0001:0000a444       _CL_WidowSplash            0040b444 f   cl_newfx.obj
 0001:0000a50c       _CL_TagTrail               0040b50c f   cl_newfx.obj
 0001:0000a60c       _CL_ColorExplosionParticles 0040b60c f   cl_newfx.obj
 0001:0000a6b9       _CL_ParticleSmokeEffect    0040b6b9 f   cl_newfx.obj
 0001:0000a7e1       _CL_BlasterParticles2      0040b7e1 f   cl_newfx.obj
 0001:0000a8ae       _CL_BlasterTrail2          0040b8ae f   cl_newfx.obj
 0001:0000a9a1       _CL_DownloadFileName       0040b9a1 f   cl_parse.obj
 0001:0000a9e0       _CL_CheckOrDownloadFile    0040b9e0 f   cl_parse.obj
 0001:0000ac1b       _CL_Download_f             0040bc1b f   cl_parse.obj
 0001:0000ace6       _CL_RegisterSounds         0040bce6 f   cl_parse.obj
 0001:0000ad25       _CL_ParseDownload          0040bd25 f   cl_parse.obj
 0001:0000ae92       _CL_ParseServerData        0040be92 f   cl_parse.obj
 0001:0000af93       _CL_ParseBaseline          0040bf93 f   cl_parse.obj
 0001:0000afdb       _CL_LoadClientinfo         0040bfdb f   cl_parse.obj
 0001:0000b2c5       _CL_ParseClientinfo        0040c2c5 f   cl_parse.obj
 0001:0000b2e9       _CL_ParseConfigString      0040c2e9 f   cl_parse.obj
 0001:0000b483       _CL_ParseStartSoundPacket  0040c483 f   cl_parse.obj
 0001:0000b582       _CL_ParseServerMessage     0040c582 f   cl_parse.obj
 0001:0000b8d8       _CL_CheckPredictionError   0040c8d8 f   cl_pred.obj
 0001:0000ba7e       _CL_EntityTrace            0040ca7e f   cl_pred.obj
 0001:0000be3a       _CL_Trace                  0040ce3a f   cl_pred.obj
 0001:0000bebc       _CL_PMpointcontents        0040cebc f   cl_pred.obj
 0001:0000c046       _CL_PredictMovement        0040d046 f   cl_pred.obj
 0001:0000c3ea       _CL_AddNetgraph            0040d3ea f   cl_scrn.obj
 0001:0000c4c4       _SCR_DebugGraph            0040d4c4 f   cl_scrn.obj
 0001:0000c4ec       _SCR_CenterPrint           0040d4ec f   cl_scrn.obj
 0001:0000c5f0       _SCR_DrawCenterString      0040d5f0 f   cl_scrn.obj
 0001:0000c6be       _SCR_Sky_f                 0040d6be f   cl_scrn.obj
 0001:0000c769       _SCR_Init                  0040d769 f   cl_scrn.obj
 0001:0000c7b0       _SCR_SetLevelshot          0040d7b0 f   cl_scrn.obj
 0001:0000c839       _SCR_SetLevelshot2         0040d839 f   cl_scrn.obj
 0001:0000c893       _SCR_ShowConsole           0040d893 f   cl_scrn.obj
 0001:0000c970       _SCR_BeginLoadingPlaque    0040d970 f   cl_scrn.obj
 0001:0000c9ff       _SCR_EndLoadingPlaque      0040d9ff f   cl_scrn.obj
 0001:0000ca8a       _SCR_Loading_f             0040da8a f   cl_scrn.obj
 0001:0000ca8f       _SCR_TimeRefresh_f         0040da8f f   cl_scrn.obj
 0001:0000cb66       _SCR_TileClear             0040db66 f   cl_scrn.obj
 0001:0000cc0b       _DrawHUDString             0040dc0b f   cl_scrn.obj
 0001:0000ccbd       _SCR_DrawField             0040dcbd f   cl_scrn.obj
 0001:0000cd64       _SCR_TouchPics             0040dd64 f   cl_scrn.obj
 0001:0000cdf7       _SCR_ExecuteLayoutString   0040ddf7 f   cl_scrn.obj
 0001:0000d5b9       _SCR_UpdateScreen          0040e5b9 f   cl_scrn.obj
 0001:0000dd62       _CL_RegisterTEntSounds     0040ed62 f   cl_tent.obj
 0001:0000df9a       _CL_RegisterTEntModels     0040ef9a f   cl_tent.obj
 0001:0000e120       _CL_ClearTEnts             0040f120 f   cl_tent.obj
 0001:0000e167       _CL_AllocExplosion         0040f167 f   cl_tent.obj
 0001:0000e205       _CL_AddExplosions          0040f205 f   cl_tent.obj
 0001:0000e3da       _CL_SmokeAndFlash          0040f3da f   cl_tent.obj
 0001:0000e422       _CL_ParseBeam              0040f422 f   cl_tent.obj
 0001:0000e501       _CL_ParseBeam2             0040f501 f   cl_tent.obj
 0001:0000e5d8       _CL_ParsePlayerBeam        0040f5d8 f   cl_tent.obj
 0001:0000e6e6       _CL_ParseLightning         0040f6e6 f   cl_tent.obj
 0001:0000e7b2       _CL_ParseLaser             0040f7b2 f   cl_tent.obj
 0001:0000e82e       _CL_ParseSteam             0040f82e f   cl_tent.obj
 0001:0000e93f       _CL_ParseWidow             0040f93f f   cl_tent.obj
 0001:0000e9ab       _CL_ParseNuke              0040f9ab f   cl_tent.obj
 0001:0000ea15       _CL_ParseTEnt              0040fa15 f   cl_tent.obj
 0001:0000f837       _CL_AddBeams               00410837 f   cl_tent.obj
 0001:0000fb78       _CL_AddPlayerBeams         00410b78 f   cl_tent.obj
 0001:0001026d       _CL_ProcessSustain         0041126d f   cl_tent.obj
 0001:000102ae       _CL_AddTEnts               004112ae f   cl_tent.obj
 0001:000102c2       _V_AddEntity               004112c2 f   cl_view.obj
 0001:000102f1       _V_AddLight                004112f1 f   cl_view.obj
 0001:00010336       _V_TestParticles           00411336 f   cl_view.obj
 0001:000103f4       _V_TestEntities            004113f4 f   cl_view.obj
 0001:00010496       _V_TestLights              00411496 f   cl_view.obj
 0001:00010569       _CL_PrepRefresh            00411569 f   cl_view.obj
 0001:0001082a       _CalcFov                   0041182a f   cl_view.obj
 0001:000108a1       _V_Gun_Next_f              004118a1 f   cl_view.obj
 0001:000108ba       _V_Gun_Prev_f              004118ba f   cl_view.obj
 0001:000108dc       _V_Gun_Model_f             004118dc f   cl_view.obj
 0001:00010910       _SCR_DrawCrosshair         00411910 f   cl_view.obj
 0001:00010985       _V_RenderView              00411985 f   cl_view.obj
 0001:00011562       _V_Init                    00412562 f   cl_view.obj
 0001:00011777       _Cbuf_Init                 00412777 f   cmd.obj
 0001:0001178f       _Cbuf_AddText              0041278f f   cmd.obj
 0001:000117f4       _Cbuf_InsertText           004127f4 f   cmd.obj
 0001:0001185b       _Cbuf_CopyToDefer          0041285b f   cmd.obj
 0001:00011887       _Cbuf_InsertFromDefer      00412887 f   cmd.obj
 0001:0001189a       _Cbuf_Execute              0041289a f   cmd.obj
 0001:00011980       _Cmd_Exec_f                00412980 f   cmd.obj
 0001:00011a05       _Cmd_Echo_f                00412a05 f   cmd.obj
 0001:00011a47       _Cmd_Alias_f               00412a47 f   cmd.obj
 0001:00011b6e       _Cmd_Unalias_f             00412b6e f   cmd.obj
 0001:00011bfa       _Cmd_WriteAliases          00412bfa f   cmd.obj
 0001:00011c2b       _Cmd_Argc                  00412c2b f   cmd.obj
 0001:00011c31       _Cmd_Argv                  00412c31 f   cmd.obj
 0001:00011c4b       _Cmd_Args                  00412c4b f   cmd.obj
 0001:00011c51       _Cmd_TokenizeString        00412c51 f   cmd.obj
 0001:00011f2e       _Cmd_AddCommand            00412f2e f   cmd.obj
 0001:00011f96       _Cmd_RemoveCommand         00412f96 f   cmd.obj
 0001:00011fd8       _Cmd_ExecuteString         00412fd8 f   cmd.obj
 0001:00012140       _Cmd_Init                  00413140 f   cmd.obj
 0001:00012260       _CMod_GetSurfMaterial      00413260 f   cmodel.obj
 0001:000122bd       _CM_LoadMap                004132bd f   cmodel.obj
 0001:0001290f       _PlaneTypeForNormal        0041390f f i cmodel.obj
 0001:00012a80       _CM_InlineModel            00413a80 f   cmodel.obj
 0001:00012ac9       _CM_NumClusters            00413ac9 f   cmodel.obj
 0001:00012acf       _CM_NumInlineModels        00413acf f   cmodel.obj
 0001:00012ad5       _CM_EntityString           00413ad5 f   cmodel.obj
 0001:00012adb       _CM_LeafContents           00413adb f   cmodel.obj
 0001:00012b02       _CM_LeafCluster            00413b02 f   cmodel.obj
 0001:00012b75       _CM_LeafArea               00413b75 f   cmodel.obj
 0001:00012b9d       _CM_InitBoxHull            00413b9d f   cmodel.obj
 0001:00012d2d       _CM_HeadnodeForBox         00413d2d f   cmodel.obj
 0001:00012de2       _CM_PointLeafnum           00413de2 f   cmodel.obj
 0001:00012e8d       _DISTANCE_TO_PLANE         00413e8d f i cmodel.obj
 0001:00012ed5       _CM_PointContents          00413ed5 f   cmodel.obj
 0001:00012f4b       _CM_TransformedPointContents 00413f4b f   cmodel.obj
 0001:00013084       _CM_TransformedPointContents2 00414084 f   cmodel.obj
 0001:00013175       _CM_BoxLeafnums            00414175 f   cmodel.obj
 0001:00013294       _BOX_ON_PLANE_SIDE         00414294 f i cmodel.obj
 0001:00013319       _CM_BoxTrace               00414319 f   cmodel.obj
 0001:00013d69       _CM_TransformedBoxTrace    00414d69 f   cmodel.obj
 0001:0001403c       _CM_TransformedBoxTrace2   0041503c f   cmodel.obj
 0001:00014251       _CM_BrushTrace             00415251 f   cmodel.obj
 0001:00014670       _CM_RefineBrushTrace       00415670 f   cmodel.obj
 0001:00014715       _CM_DecompressVis          00415715 f   cmodel.obj
 0001:0001479e       _CM_ClusterPVS             0041579e f   cmodel.obj
 0001:0001483a       _CM_ClusterPHS             0041583a f   cmodel.obj
 0001:000148d6       _FloodAreaConnections      004158d6 f   cmodel.obj
 0001:0001498d       _CM_SetAreaPortalState     0041598d f   cmodel.obj
 0001:000149b6       _CM_AreasConnected         004159b6 f   cmodel.obj
 0001:00014a01       _CM_WriteAreaBits          00415a01 f   cmodel.obj
 0001:00014a91       _CM_WritePortalState       00415a91 f   cmodel.obj
 0001:00014aab       _CM_ReadPortalState        00415aab f   cmodel.obj
 0001:00014ac9       _CM_HeadnodeVisible        00415ac9 f   cmodel.obj
 0001:00014b9e       _Com_BeginRedirect         00415b9e f   common.obj
 0001:00014bdb       _Com_EndRedirect           00415bdb f   common.obj
 0001:00014c06       _Com_Printf                00415c06 f   common.obj
 0001:00014d74       _Com_DPrintf               00415d74 f   common.obj
 0001:00014ddd       _DebugPrintf               00415ddd f   common.obj
 0001:00014e8a       _Com_WPrintf               00415e8a f   common.obj
 0001:00014ee8       _Com_FatalError            00415ee8 f   common.obj
 0001:00014f8d       _Com_DropError             00415f8d f   common.obj
 0001:00015011       _appUnwindPrefix           00416011 f   common.obj
 0001:00015069       _appUnwindThrow            00416069 f   common.obj
 0001:000150f1       _Com_ResetErrorState       004160f1 f   common.obj
 0001:00015106       _Com_Quit                  00416106 f   common.obj
 0001:00015139       _MatchWildcard             00416139 f   common.obj
 0001:0001528f       _MatchWildcard2            0041628f f   common.obj
 0001:000152e4       _IPWildcard                004162e4 f   common.obj
 0001:000153bf       _Com_ServerState           004163bf f   common.obj
 0001:000153c5       _Com_SetServerState        004163c5 f   common.obj
 0001:000153cf       _MSG_WriteByte             004163cf f   common.obj
 0001:000153cf       _MSG_WriteChar             004163cf f   common.obj
 0001:000153e3       _MSG_WriteShort            004163e3 f   common.obj
 0001:000153fd       _MSG_WriteLong             004163fd f   common.obj
 0001:00015427       _MSG_WriteFloat            00416427 f   common.obj
 0001:0001544d       _MSG_WriteString           0041644d f   common.obj
 0001:00015485       _MSG_WriteCoord            00416485 f   common.obj
 0001:000154b4       _MSG_WritePos              004164b4 f   common.obj
 0001:00015536       _MSG_WriteAngle            00416536 f   common.obj
 0001:0001555f       _MSG_WriteAngle16          0041655f f   common.obj
 0001:00015596       _MSG_WriteDeltaUsercmd     00416596 f   common.obj
 0001:0001571e       _MSG_WriteDir              0041671e f   common.obj
 0001:0001578b       _MSG_ReadDir               0041678b f   common.obj
 0001:000157c0       _MSG_WriteDeltaEntity      004167c0 f   common.obj
 0001:00015cc6       _MSG_BeginReading          00416cc6 f   common.obj
 0001:00015ccf       _MSG_ReadChar              00416ccf f   common.obj
 0001:00015cf0       _MSG_ReadByte              00416cf0 f   common.obj
 0001:00015d11       _MSG_ReadShort             00416d11 f   common.obj
 0001:00015d41       _MSG_ReadLong              00416d41 f   common.obj
 0001:00015d80       _MSG_ReadString            00416d80 f   common.obj
 0001:00015db3       _MSG_ReadCoord             00416db3 f   common.obj
 0001:00015dcd       _MSG_ReadPos               00416dcd f   common.obj
 0001:00015e1f       _MSG_ReadAngle             00416e1f f   common.obj
 0001:00015e39       _MSG_ReadAngle16           00416e39 f   common.obj
 0001:00015e53       _MSG_ReadDeltaUsercmd      00416e53 f   common.obj
 0001:00015f0a       _MSG_ReadData              00416f0a f   common.obj
 0001:00015f2d       _SZ_Init                   00416f2d f   common.obj
 0001:00015f4f       _SZ_Clear                  00416f4f f   common.obj
 0001:00015f5c       _SZ_GetSpace               00416f5c f   common.obj
 0001:00015fb9       _SZ_Write                  00416fb9 f   common.obj
 0001:00015fda       _SZ_Insert                 00416fda f   common.obj
 0001:0001602d       _SZ_Print                  0041702d f   common.obj
 0001:00016076       _Info_Print                00417076 f   common.obj
 0001:00016133       _COM_BlockSequenceCRCByte  00417133 f   common.obj
 0001:000161bf       _frand                     004171bf f   common.obj
 0001:000161dc       _crand                     004171dc f   common.obj
 0001:000161ff       _COM_CheckCmdlineVar       004171ff f   common.obj
 0001:00016255       _QCommon_Init              00417255 f   common.obj
 0001:0001662c       _QCommon_Frame             0041762c f   common.obj
 0001:00016968       _DrawStringCommon          00417968 f   console.obj
 0001:000169c2       _DrawString                004179c2 f   console.obj
 0001:000169e2       _Con_ToggleConsole_f       004179e2 f   console.obj
 0001:00016a14       _Con_ClearNotify           00417a14 f   console.obj
 0001:00016a26       _Con_CheckResize           00417a26 f   console.obj
 0001:00016b4c       _Con_Print                 00417b4c f   console.obj
 0001:00016e50       _Con_DrawNotify            00417e50 f   console.obj
 0001:00017089       _Con_DrawConsole           00418089 f   console.obj
 0001:0001764c       _Key_Console               0041864c f   console.obj
 0001:00017bd6       _Key_Message               00418bd6 f   console.obj
 0001:00017c72       _Con_Init                  00418c72 f   console.obj
 0001:00017e3b       _CRC_Block                 00418e3b f   crc.obj
 0001:00017e77       _Cvar_VariableValue        00418e77 f   cvar.obj
 0001:00017ee5       _Cvar_VariableInt          00418ee5 f   cvar.obj
 0001:00017ef8       _Cvar_VariableString       00418ef8 f   cvar.obj
 0001:00017f10       _Cvar_Get                  00418f10 f   cvar.obj
 0001:000181ac       _Cvar_GetVars              004191ac f   cvar.obj
 0001:00018200       _Cvar_FullSet              00419200 f   cvar.obj
 0001:0001825d       _Cvar_SetValue             0041925d f   cvar.obj
 0001:000184be       _Cvar_SetInteger           004194be f   cvar.obj
 0001:000184e0       _Cvar_Set                  004194e0 f   cvar.obj
 0001:000184f5       _Cvar_ForceSet             004194f5 f   cvar.obj
 0001:0001850a       _Cvar_Clamp                0041950a f   cvar.obj
 0001:00018594       _Cvar_ClampName            00419594 f   cvar.obj
 0001:000185e5       _Cvar_GetLatchedVars       004195e5 f   cvar.obj
 0001:00018614       _Cvar_Command              00419614 f   cvar.obj
 0001:000186c0       _Cvar_WriteVariables       004196c0 f   cvar.obj
 0001:00018753       _Cvar_BitInfo              00419753 f   cvar.obj
 0001:0001878c       _Cvar_Userinfo             0041978c f   cvar.obj
 0001:00018795       _Cvar_Serverinfo           00419795 f   cvar.obj
 0001:0001879e       _Cvar_Cheats               0041979e f   cvar.obj
 0001:000187f7       _Cvar_Init                 004197f7 f   cvar.obj
 0001:00018e9e       _FS_CreatePath             00419e9e f   files.obj
 0001:00018ee8       _FS_CopyFile               00419ee8 f   files.obj
 0001:00018feb       _FS_CopyFiles              00419feb f   files.obj
 0001:000190c4       _FS_RemoveFiles            0041a0c4 f   files.obj
 0001:00019138       _Developer_searchpath      0041a138 f   files.obj
 0001:0001917d       _FS_FCloseFile             0041a17d f   files.obj
 0001:0001920f       _FS_FOpenFile              0041a20f f   files.obj
 0001:00019737       _FS_FileExists             0041a737 f   files.obj
 0001:00019973       _FS_Read                   0041a973 f   files.obj
 0001:00019bb0       _FS_LoadFile               0041abb0 f   files.obj
 0001:00019c12       _FS_FreeFile               0041ac12 f   files.obj
 0001:00019c1d       _FS_Gamedir                0041ac1d f   files.obj
 0001:00019c31       _FS_LoadGameConfig         0041ac31 f   files.obj
 0001:00019cf6       _FS_SetGamedir             0041acf6 f   files.obj
 0001:0001a39b       _FS_ListFiles              0041b39b f   files.obj
 0001:0001a6a9       _FS_NextPath               0041b6a9 f   files.obj
 0001:0001a6cd       _FS_InitFilesystem         0041b6cd f   files.obj
 0001:0001b096       _LoadPCX                   0041c096 f   images.obj
 0001:0001b1cb       _LoadTGA                   0041c1cb f   images.obj
 0001:0001b3ba       _LoadJPG                   0041c3ba f   images.obj
 0001:0001b648       _ImageExists               0041c648 f   images.obj
 0001:0001b742       _WriteTGA                  0041c742 f   images.obj
 0001:0001b933       _WriteJPG                  0041c933 f   images.obj
 0001:0001ba5b       _IN_MLookDown              0041ca5b f   in_win.obj
 0001:0001ba66       _IN_MLookUp                0041ca66 f   in_win.obj
 0001:0001ba89       _IN_MouseEvent             0041ca89 f   in_win.obj
 0001:0001baf3       _IN_Commands               0041caf3 f   in_win.obj
 0001:0001bc22       _IN_Init                   0041cc22 f   in_win.obj
 0001:0001bf16       _IN_Shutdown               0041cf16 f   in_win.obj
 0001:0001bffa       _IN_Move                   0041cffa f   in_win.obj
 0001:0001c554       _IN_Activate               0041d554 f   in_win.obj
 0001:0001c56b       _IN_Frame                  0041d56b f   in_win.obj
 0001:0001c958       _Key_KeynumToString        0041d958 f   keys.obj
 0001:0001c9f2       _CompleteCommand           0041d9f2 f   keys.obj
 0001:0001d378       _Key_SetBinding            0041e378 f   keys.obj
 0001:0001d3b6       _Key_FindBinding           0041e3b6 f   keys.obj
 0001:0001d404       _Key_WriteBindings         0041e404 f   keys.obj
 0001:0001d44c       _Key_Init                  0041e44c f   keys.obj
 0001:0001d778       _Key_Event                 0041e778 f   keys.obj
 0001:0001dac9       _Key_ClearStates           0041eac9 f   keys.obj
 0001:0001db00       _Key_ClearTyping           0041eb00 f   keys.obj
 0001:0001db19       _MD4Init                   0041eb19 f   md4.obj
 0001:0001db41       _MD4Update                 0041eb41 f   md4.obj
 0001:0001dbdf       _MD4Final                  0041ebdf f   md4.obj
 0001:0001e2d0       _Com_BlockChecksum         0041f2d0 f   md4.obj
 0001:0001e30c       _Z_Free                    0041f30c f   memory.obj
 0001:0001e364       _Z_FreeTags                0041f364 f   memory.obj
 0001:0001e394       _Z_TagMalloc               0041f394 f   memory.obj
 0001:0001e403       _Z_Malloc                  0041f403 f   memory.obj
 0001:0001e425       _Z_BlockMalloc             0041f425 f   memory.obj
 0001:0001e440       _CreateMemoryChain         0041f440 f   memory.obj
 0001:0001e4a6       _FreeMemoryChain           0041f4a6 f   memory.obj
 0001:0001e4d0       _AllocChainBlock           0041f4d0 f   memory.obj
 0001:0001e51b       _CopyString                0041f51b f   memory.obj
 0001:0001e542       _ChainCopyString           0041f542 f   memory.obj
 0001:0001e56a       _AllocNamedStruc           0041f56a f   memory.obj
 0001:0001e5a8       _ChainAllocNamedStruc      0041f5a8 f   memory.obj
 0001:0001e5e7       _FindNamedStruc            0041f5e7 f   memory.obj
 0001:0001e62b       _FindNamedStrucByIndex     0041f62b f   memory.obj
 0001:0001e642       _IndexOfNamedStruc         0041f642 f   memory.obj
 0001:0001e670       _AddToNamedList            0041f670 f   memory.obj
 0001:0001e6ba       _ChainAddToNamedList       0041f6ba f   memory.obj
 0001:0001e704       _FreeNamedList             0041f704 f   memory.obj
 0001:0001e71f       _Z_Init                    0041f71f f   memory.obj
 0001:0001e75a       _M_PushMenu                0041f75a f   menu.obj
 0001:0001e7ef       _M_ForceMenuOff            0041f7ef f   menu.obj
 0001:0001e822       _M_ForceMenuOn             0041f822 f   menu.obj
 0001:0001e83b       _M_PopMenu                 0041f83b f   menu.obj
 0001:0001e88c       _Default_MenuKey           0041f88c f   menu.obj
 0001:0001e9ac       _M_Print                   0041f9ac f   menu.obj
 0001:0001e9f7       _M_DrawTextBox             0041f9f7 f   menu.obj
 0001:0001ebe3       _M_Main_Draw               0041fbe3 f   menu.obj
 0001:0001ed67       _M_Main_Key                0041fd67 f   menu.obj
 0001:0001ee61       _M_Menu_Main_f             0041fe61 f   menu.obj
 0001:0001ee82       _M_Menu_Multiplayer_f      0041fe82 f   menu.obj
 0001:0001f05a       _M_Menu_Keys_f             0042005a f   menu.obj
 0001:0001f4d9       _M_Menu_Options_f          004204d9 f   menu.obj
 0001:0001fde4       _M_Menu_Video_f            00420de4 f   menu.obj
 0001:0001fe05       _M_Menu_Credits_f          00420e05 f   menu.obj
 0001:0001ffca       _M_Menu_Game_f             00420fca f   menu.obj
 0001:0002023d       _M_Menu_LoadGame_f         0042123d f   menu.obj
 0001:0002050d       _M_Menu_SaveGame_f         0042150d f   menu.obj
 0001:0002066d       _M_AddToServerList         0042166d f   menu.obj
 0001:000206e0       _M_Menu_JoinServer_f       004216e0 f   menu.obj
 0001:00020948       _M_Menu_StartServer_f      00421948 f   menu.obj
 0001:00021173       _M_Menu_DMOptions_f        00422173 f   menu.obj
 0001:000218f3       _M_Menu_DownloadOptions_f  004228f3 f   menu.obj
 0001:00021b75       _M_Menu_AddressBook_f      00422b75 f   menu.obj
 0001:00022f66       _M_Init                    00423f66 f   menu.obj
 0001:0002308a       _M_Draw                    0042408a f   menu.obj
 0001:00023114       _M_Keydown                 00424114 f   menu.obj
 0001:00023130       _LoadQ2BspFile             00424130 f   model.obj
 0001:000236f8       _LoadBspFile               004246f8 f   model.obj
 0001:000238b0       _ProcessEntstring          004248b0 f   model.obj
 0001:00024720       _Netchan_Init              00425720 f   net_chan.obj
 0001:00024780       _Netchan_OutOfBand         00425780 f   net_chan.obj
 0001:000247e0       _Netchan_OutOfBandPrint    004257e0 f   net_chan.obj
 0001:00024825       _Netchan_Setup             00425825 f   net_chan.obj
 0001:00024882       _Netchan_NeedReliable      00425882 f   net_chan.obj
 0001:000248ae       _Netchan_Transmit          004258ae f   net_chan.obj
 0001:00024a53       _Netchan_Process           00425a53 f   net_chan.obj
 0001:00024b7a       _NetadrToSockadr           00425b7a f   net_wins.obj
 0001:00024c1c       _SockadrToNetadr           00425c1c f   net_wins.obj
 0001:00024c7f       _NET_CompareAdr            00425c7f f   net_wins.obj
 0001:00024ce5       _NET_CompareBaseAdr        00425ce5 f   net_wins.obj
 0001:00024d3e       _NET_AdrToString           00425d3e f   net_wins.obj
 0001:00024df7       _NET_StringToSockaddr      00425df7 f   net_wins.obj
 0001:00025030       _NET_StringToAdr           00426030 f   net_wins.obj
 0001:00025089       _NET_IsLocalAddress        00426089 f   net_wins.obj
 0001:00025095       _NET_GetLoopPacket         00426095 f   net_wins.obj
 0001:0002511c       _NET_SendLoopPacket        0042611c f   net_wins.obj
 0001:00025168       _NET_GetPacket             00426168 f   net_wins.obj
 0001:00025286       _NET_SendPacket            00426286 f   net_wins.obj
 0001:0002535e       _NET_IPSocket              0042635e f   net_wins.obj
 0001:00025474       _NET_OpenIP                00426474 f   net_wins.obj
 0001:000254f0       _NET_OpenIPX               004264f0 f   net_wins.obj
 0001:00025648       _NET_Config                00426648 f   net_wins.obj
 0001:000256db       _NET_Init                  004266db f   net_wins.obj
 0001:00025742       _Pmove                     00426742 f   pmove.obj
 0001:000274d8       _NormalizeColor            004284d8 f   q_shared2.obj
 0001:00027539       _NormalizeColor255         00428539 f   q_shared2.obj
 0001:0002759e       _Q_rsqrt                   0042859e f   q_shared2.obj
 0001:000275ce       _RotatePointAroundVector   004285ce f   q_shared2.obj
 0001:0002773e       _AngleVectors              0042873e f   q_shared2.obj
 0001:0002789f       _ProjectPointOnPlane       0042889f f   q_shared2.obj
 0001:0002791e       _PerpendicularVector       0042891e f   q_shared2.obj
 0001:0002799d       _MakeNormalVectors         0042899d f   q_shared2.obj
 0001:00027a04       _MatrixMultiply            00428a04 f   q_shared2.obj
 0001:00027aeb       _SetPlaneSignbits          00428aeb f   q_shared2.obj
 0001:00027b0e       _LerpAngle                 00428b0e f   q_shared2.obj
 0001:00027b51       _anglemod                  00428b51 f   q_shared2.obj
 0001:00027b7d       _BoxOnPlaneSide            00428b7d f   q_shared2.obj
 0001:00027ca0       _ClearBounds               00428ca0 f   q_shared2.obj
 0001:00027cc9       _AddPointToBounds          00428cc9 f   q_shared2.obj
 0001:00027d02       _VectorCompare             00428d02 f   q_shared2.obj
 0001:00027d30       _VectorNormalize           00428d30 f   q_shared2.obj
 0001:00027d84       _VectorNormalize2          00428d84 f   q_shared2.obj
 0001:00027ddc       _VectorNormalizeFast       00428ddc f   q_shared2.obj
 0001:00027e2d       _CrossProduct              00428e2d f   q_shared2.obj
 0001:00027e68       _VectorLength              00428e68 f   q_shared2.obj
 0001:00027e97       _VectorDistance            00428e97 f   q_shared2.obj
 0001:00027ec8       _VectorInverse             00428ec8 f   q_shared2.obj
 0001:00027ee3       _VectorScale               00428ee3 f   q_shared2.obj
 0001:00027f07       _AnglesToAxis              00428f07 f   q_shared2.obj
 0001:00027f45       _COM_FilePath              00428f45 f   q_shared2.obj
 0001:00027f7b       _ShortSwap                 00428f7b f   q_shared2.obj
 0001:00027f90       _va                        00428f90 f   q_shared2.obj
 0001:00027fdd       _COM_ParseExt              00428fdd f   q_shared2.obj
 0001:000280e6       _COM_QuoteString           004290e6 f   q_shared2.obj
 0001:00028141       _Com_PageInMemory          00429141 f   q_shared2.obj
 0001:00028160       _Q_stricmp                 00429160 f   q_shared2.obj
 0001:00028171       _Q_strncasecmp             00429171 f   q_shared2.obj
 0001:000281c9       _Q_strcasecmp              004291c9 f   q_shared2.obj
 0001:000281df       _Q_strncpyz                004291df f   q_shared2.obj
 0001:00028203       _Q_strncpylower            00429203 f   q_shared2.obj
 0001:0002823d       _Q_CopyFilename            0042923d f   q_shared2.obj
 0001:000282d9       _Com_sprintf               004292d9 f   q_shared2.obj
 0001:0002831f       _Info_ValueForKey          0042931f f   q_shared2.obj
 0001:000283aa       _Info_RemoveKey            004293aa f   q_shared2.obj
 0001:00028430       _Info_SetValueForKey       00429430 f   q_shared2.obj
 0001:0002856e       _Menu_ItemAtCursor         0042956e f   qmenu.obj
 0001:000285c5       _Field_Key                 004295c5 f   qmenu.obj
 0001:00028835       _Menu_AddItem              00429835 f   qmenu.obj
 0001:000288b0       _Menu_AdjustCursor         004298b0 f   qmenu.obj
 0001:000289fb       _Menu_Center               004299fb f   qmenu.obj
 0001:00028a3b       _Menu_DrawDotsItem         00429a3b f   qmenu.obj
 0001:00028a7a       _Menu_Draw                 00429a7a f   qmenu.obj
 0001:00028f95       _Menu_SelectItem           00429f95 f   qmenu.obj
 0001:00028fc9       _Menu_SetStatusBar         00429fc9 f   qmenu.obj
 0001:00028fd5       _Menu_SlideItem            00429fd5 f   qmenu.obj
 0001:000294ec       _S_SoundInfo_f             0042a4ec f   snd_dma.obj
 0001:00029576       _S_ReadModelsSex           0042a576 f   snd_dma.obj
 0001:0002965e       _S_IsFemale                0042a65e f   snd_dma.obj
 0001:000296ec       _S_Init                    0042a6ec f   snd_dma.obj
 0001:000297bf       _S_Shutdown                0042a7bf f   snd_dma.obj
 0001:00029849       _S_FindName                0042a849 f   snd_dma.obj
 0001:0002992b       _S_AliasName               0042a92b f   snd_dma.obj
 0001:000299b4       _S_BeginRegistration       0042a9b4 f   snd_dma.obj
 0001:000299c5       _S_RegisterSound           0042a9c5 f   snd_dma.obj
 0001:00029a2b       _S_EndRegistration         0042aa2b f   snd_dma.obj
 0001:00029abe       _S_PickChannel             0042aabe f   snd_dma.obj
 0001:00029b52       _S_SpatializeOrigin        0042ab52 f   snd_dma.obj
 0001:00029c79       _S_Spatialize              0042ac79 f   snd_dma.obj
 0001:00029cea       _S_AllocPlaysound          0042acea f   snd_dma.obj
 0001:00029d09       _S_FreePlaysound           0042ad09 f   snd_dma.obj
 0001:00029d39       _S_IssuePlaysound          0042ad39 f   snd_dma.obj
 0001:00029e06       _S_RegisterSexedSound      0042ae06 f   snd_dma.obj
 0001:00029eea       _S_StartSound              0042aeea f   snd_dma.obj
 0001:0002a0b9       _S_StartLocalSound         0042b0b9 f   snd_dma.obj
 0001:0002a108       _S_ClearBuffer             0042b108 f   snd_dma.obj
 0001:0002a160       _S_StopAllSounds           0042b160 f   snd_dma.obj
 0001:0002a1db       _S_AddLoopSounds           0042b1db f   snd_dma.obj
 0001:0002a3ad       _S_RawSamples              0042b3ad f   snd_dma.obj
 0001:0002a5b1       _S_Update                  0042b5b1 f   snd_dma.obj
 0001:0002a6ac       _GetSoundtime              0042b6ac f   snd_dma.obj
 0001:0002a713       _S_Update_                 0042b713 f   snd_dma.obj
 0001:0002a7b9       _S_Play                    0042b7b9 f   snd_dma.obj
 0001:0002a92a       _ResampleSfx               0042b92a f   snd_mem.obj
 0001:0002aa42       _S_LoadSound               0042ba42 f   snd_mem.obj
 0001:0002ab6b       _FindNextChunk             0042bb6b f   snd_mem.obj
 0001:0002abf5       _GetWavinfo                0042bbf5 f   snd_mem.obj
 0001:0002ade2       _S_WriteLinearBlastStereo16 0042bde2 f   snd_mix.obj
 0001:0002ae56       _S_TransferStereo16        0042be56 f   snd_mix.obj
 0001:0002aebf       _S_TransferPaintBuffer     0042bebf f   snd_mix.obj
 0001:0002b01b       _S_PaintChannels           0042c01b f   snd_mix.obj
 0001:0002b248       _S_InitScaletable          0042c248 f   snd_mix.obj
 0001:0002b29c       _S_PaintChannelFrom8       0042c29c f   snd_mix.obj
 0001:0002b39e       _S_PaintChannelFrom16      0042c39e f   snd_mix.obj
 0001:0002b409       _FreeSound                 0042c409 f   snd_win.obj
 0001:0002b519       _SNDDMA_InitDirect         0042c519 f   snd_win.obj
 0001:0002b9e6       _SNDDMA_Init               0042c9e6 f   snd_win.obj
 0001:0002ba62       _SNDDMA_GetDMAPos          0042ca62 f   snd_win.obj
 0001:0002baac       _SNDDMA_BeginPainting      0042caac f   snd_win.obj
 0001:0002bbae       _SNDDMA_Submit             0042cbae f   snd_win.obj
 0001:0002bbd3       _SNDDMA_Shutdown           0042cbd3 f   snd_win.obj
 0001:0002bbd8       _S_Activate                0042cbd8 f   snd_win.obj
 0001:0002bc03       _SV_SetMaster_f            0042cc03 f   sv_ccmds.obj
 0001:0002bd15       _SV_WipeSavegame           0042cd15 f   sv_ccmds.obj
 0001:0002bd43       _SV_CopySaveGame           0042cd43 f   sv_ccmds.obj
 0001:0002bd98       _SV_WriteLevelFile         0042cd98 f   sv_ccmds.obj
 0001:0002be46       _SV_ReadLevelFile          0042ce46 f   sv_ccmds.obj
 0001:0002bef4       _SV_WriteServerFile        0042cef4 f   sv_ccmds.obj
 0001:0002c130       _SV_ReadServerFile         0042d130 f   sv_ccmds.obj
 0001:0002c255       _SV_DemoMap_f              0042d255 f   sv_ccmds.obj
 0001:0002c2df       _SV_GameMap_f              0042d2df f   sv_ccmds.obj
 0001:0002c451       _SV_Map_f                  0042d451 f   sv_ccmds.obj
 0001:0002c4be       _SV_Loadgame_f             0042d4be f   sv_ccmds.obj
 0001:0002c5c3       _SV_Savegame_f             0042d5c3 f   sv_ccmds.obj
 0001:0002c6c8       _SV_AddressBanned          0042d6c8 f   sv_ccmds.obj
 0001:0002c70a       _SV_InitOperatorCommands   0042d70a f   sv_ccmds.obj
 0001:0002d0a9       _SV_WritePlayerstateToClient 0042e0a9 f   sv_ents.obj
 0001:0002d5cd       _SV_WriteFrameToClient     0042e5cd f   sv_ents.obj
 0001:0002d7f7       _SV_FatPVS                 0042e7f7 f   sv_ents.obj
 0001:0002d921       _SV_BuildClientFrame       0042e921 f   sv_ents.obj
 0001:0002dc31       _SV_RecordDemoMessage      0042ec31 f   sv_ents.obj
 0001:0002dd50       _SV_InitGameProgs          0042ed50 f   sv_game.obj
 0001:0002e7d7       _SV_ShutdownGameProgs      0042f7d7 f   sv_game.obj
 0001:0002e840       _SV_FindIndex              0042f840 f   sv_init.obj
 0001:0002e943       _SV_ModelIndex             0042f943 f   sv_init.obj
 0001:0002e959       _SV_SoundIndex             0042f959 f   sv_init.obj
 0001:0002e972       _SV_ImageIndex             0042f972 f   sv_init.obj
 0001:0002e98b       _SV_CreateBaseline         0042f98b f   sv_init.obj
 0001:0002e9e9       _SV_CheckForSavegame       0042f9e9 f   sv_init.obj
 0001:0002ea71       _SV_SpawnServer            0042fa71 f   sv_init.obj
 0001:0002ed43       _SV_InitGame               0042fd43 f   sv_init.obj
 0001:0002ef80       _SV_Map                    0042ff80 f   sv_init.obj
 0001:0002f148       _SV_DropClient             00430148 f   sv_main.obj
 0001:0002f1bd       _SV_StatusString           004301bd f   sv_main.obj
 0001:0002f29c       _SVC_Info                  0043029c f   sv_main.obj
 0001:0002f372       _SVC_GetChallenge          00430372 f   sv_main.obj
 0001:0002f41a       _SVC_DirectConnect         0043041a f   sv_main.obj
 0001:0002f886       _Rcon_Validate             00430886 f   sv_main.obj
 0001:0002f8b7       _SVC_RemoteCommand         004308b7 f   sv_main.obj
 0001:0002f989       _SV_ConnectionlessPacket   00430989 f   sv_main.obj
 0001:0002faeb       _SV_CalcPings              00430aeb f   sv_main.obj
 0001:0002fb72       _SV_GiveMsec               00430b72 f   sv_main.obj
 0001:0002fbb1       _SV_ReadPackets            00430bb1 f   sv_main.obj
 0001:0002fcfb       _SV_CheckTimeouts          00430cfb f   sv_main.obj
 0001:0002fdbb       _SV_PostprocessFrame       00430dbb f   sv_main.obj
 0001:00030291       _SV_MulticastHook          00431291 f   sv_main.obj
 0001:000306aa       _SV_TraceHook              004316aa f   sv_main.obj
 0001:00030825       _SV_Frame                  00431825 f   sv_main.obj
 0001:00030abe       _SV_UserinfoChanged        00431abe f   sv_main.obj
 0001:00030b82       _SV_Init                   00431b82 f   sv_main.obj
 0001:00030bf9       _SV_Shutdown               00431bf9 f   sv_main.obj
 0001:00030dfd       _SV_FlushRedirect          00431dfd f   sv_send.obj
 0001:00030e6f       _SV_ClientPrintf           00431e6f f   sv_send.obj
 0001:00030eca       _SV_BroadcastPrintf        00431eca f   sv_send.obj
 0001:00030fa0       _SV_BroadcastCommand       00431fa0 f   sv_send.obj
 0001:00030ff7       _SV_Multicast              00431ff7 f   sv_send.obj
 0001:0003123c       _SV_MulticastOld           0043223c f   sv_send.obj
 0001:0003124f       _SV_StartSound             0043224f f   sv_send.obj
 0001:00031514       _SV_StartSoundOld          00432514 f   sv_send.obj
 0001:00031544       _SV_StartSoundNew          00432544 f   sv_send.obj
 0001:00031574       _SV_SendClientDatagram     00432574 f   sv_send.obj
 0001:00031648       _SV_DemoCompleted          00432648 f   sv_send.obj
 0001:00031664       _SV_RateDrop               00432664 f   sv_send.obj
 0001:000316af       _SV_SendClientMessages     004326af f   sv_send.obj
 0001:000317fe       _SV_BeginDemoserver        004327fe f   sv_user.obj
 0001:0003184b       _SV_New_f                  0043284b f   sv_user.obj
 0001:000319c0       _SV_Configstrings_f        004329c0 f   sv_user.obj
 0001:00031b1a       _SV_Baselines_f            00432b1a f   sv_user.obj
 0001:00031c8e       _SV_Begin_f                00432c8e f   sv_user.obj
 0001:00031ceb       _SV_NextDownload_f         00432ceb f   sv_user.obj
 0001:00031dbf       _SV_BeginDownload_f        00432dbf f   sv_user.obj
 0001:00031fd7       _SV_Disconnect_f           00432fd7 f   sv_user.obj
 0001:00031fe7       _SV_ShowServerinfo_f       00432fe7 f   sv_user.obj
 0001:00031ff4       _SV_Nextserver             00432ff4 f   sv_user.obj
 0001:0003203e       _SV_Nextserver_f           0043303e f   sv_user.obj
 0001:00032085       _SV_ExecuteUserCommand     00433085 f   sv_user.obj
 0001:00032173       _SV_ClientThink            00433173 f   sv_user.obj
 0001:000321b6       _SV_ExecuteClientMessage   004331b6 f   sv_user.obj
 0001:000323d7       _SV_ClearWorld             004333d7 f   sv_world.obj
 0001:0003252b       _SV_UnlinkEdict            0043352b f   sv_world.obj
 0001:000325e7       _SV_LinkEdict              004335e7 f   sv_world.obj
 0001:00032c45       _SV_AreaEdicts             00433c45 f   sv_world.obj
 0001:00032df6       _SV_PointContents          00433df6 f   sv_world.obj
 0001:00032f1c       _SV_ClipMoveToEntities     00433f1c f   sv_world.obj
 0001:000332fc       _SV_Trace                  004342fc f   sv_world.obj
 0001:000333b8       _Sys_Quit                  004343b8 f   sys_win.obj
 0001:00033488       _Sys_Error                 00434488 f   sys_win.obj
 0001:000334dc       _osAddressInfo             004344dc f   sys_win.obj
 0001:00033570       _osModuleInfo              00434570 f   sys_win.obj
 0001:0003370b       _appSymbolName2            0043470b f   sys_win.obj
 0001:0003378b       _appSymbolName             0043478b f   sys_win.obj
 0001:000337bd       _win32ExceptFilter         004347bd f   sys_win.obj
 0001:00033d8b       _win32ExceptFilter2        00434d8b f   sys_win.obj
 0001:00033d97       _Sys_Init                  00434d97 f   sys_win.obj
 0001:0003411f       _Sys_ConsoleInput          0043511f f   sys_win.obj
 0001:000343d0       _Sys_ConsoleOutput         004353d0 f   sys_win.obj
 0001:0003445e       _Sys_SendKeyEvents         0043545e f   sys_win.obj
 0001:000344c7       _Sys_GetClipboardData      004354c7 f   sys_win.obj
 0001:00034520       _Sys_AppActivate           00435520 f   sys_win.obj
 0001:0003453b       _Sys_UnloadGame            0043553b f   sys_win.obj
 0001:0003455e       _Sys_GetGameAPI            0043555e f   sys_win.obj
 0001:00034648       _WinMain@16                00435648 f   sys_win.obj
 0001:0003487f       _Vid_CreateWindow          0043587f f   vid_dll.obj
 0001:00035063       _Vid_DestroyWindow         00436063 f   vid_dll.obj
 0001:0003509e       _Vid_GetModeInfo           0043609e f   vid_dll.obj
 0001:000350cd       _Vid_UpdateWindowPosAndSize 004360cd f   vid_dll.obj
 0001:00035134       _Vid_FreeReflib            00436134 f   vid_dll.obj
 0001:00035173       _Vid_CheckChanges          00436173 f   vid_dll.obj
 0001:0003558c       _Vid_Init                  0043658c f   vid_dll.obj
 0001:0003564b       _Vid_Shutdown              0043664b f   vid_dll.obj
 0001:00035679       _Vid_MenuInit              00436679 f   vid_menu.obj
 0001:00035ed9       _Vid_MenuDraw              00436ed9 f   vid_menu.obj
 0001:00035f6d       _Vid_MenuKey               00436f6d f   vid_menu.obj
 0001:000362c7       _Zip_OpenArchive           004372c7 f   zip.obj
 0001:00036332       _Zip_CloseArchive          00437332 f   zip.obj
 0001:0003633e       _Zip_EnumArchive           0043733e f   zip.obj
 0001:0003651f       _Zip_OpenFile              0043751f f   zip.obj
 0001:0003662e       _Zip_ReadFile              0043762e f   zip.obj
 0001:00036725       _Zip_CloseFile             00437725 f   zip.obj
 0001:0003676d       _Zip_OpenBuf               0043776d f   zip.obj
 0001:000367c0       _Zip_ReadBuf               004377c0 f   zip.obj
 0001:00036808       _Zip_CloseBuf              00437808 f   zip.obj
 0001:0003681e       _GL_BackEnd                0043781e f   gl_backend.obj
 0001:00039efc       _GL_InitBackend            0043aefc f   gl_backend.obj
 0001:00039f3f       _GL_ShutdownBackend        0043af3f f   gl_backend.obj
 0001:00039f53       _GL_AllocDynamicMemory     0043af53 f   gl_buffers.obj
 0001:00039fb3       _GL_ResizeDynamicMemory    0043afb3 f   gl_buffers.obj
 0001:00039ffe       _GL_AddSurfaceToPortal     0043affe f   gl_buffers.obj
 0001:0003a061       _GL_AddDynamicSurface      0043b061 f   gl_buffers.obj
 0001:0003a089       _GL_InsertShaderIndex      0043b089 f   gl_buffers.obj
 0001:0003a0bc       _GL_ClearPortal            0043b0bc f   gl_buffers.obj
 0001:0003a0d8       _GL_FinishPortal           0043b0d8 f   gl_buffers.obj
 0001:0003a129       _GL_SortSurfaces           0043b129 f   gl_buffers.obj
 0001:0003a2c4       _GL_ClearBuffers           0043b2c4 f   gl_buffers.obj
 0001:0003a2db       _GL_AddEntity              0043b2db f   gl_frontend.obj
 0001:0003a74f       _GL_AddDlight              0043b74f f   gl_frontend.obj
 0001:0003a907       _GL_DrawPortal             0043b907 f   gl_frontend.obj
 0001:0003d42c       _GL_TextureMode            0043e42c f   gl_image.obj
 0001:0003d4d3       _GL_CreateImage            0043e4d3 f   gl_image.obj
 0001:0003e2a3       _GL_SetRawPalette          0043f2a3 f   gl_image.obj
 0001:0003e2d4       _GL_DrawStretchRaw8        0043f2d4 f   gl_image.obj
 0001:0003e900       _GL_SetupGamma             0043f900 f   gl_image.obj
 0001:0003ea43       _GL_PerformScreenshot      0043fa43 f   gl_image.obj
 0001:0003eccc       _GL_InitImages             0043fccc f   gl_image.obj
 0001:0003f2ba       _GL_ShutdownImages         004402ba f   gl_image.obj
 0001:0003f321       _GL_LoadDelayedImages      00440321 f   gl_image.obj
 0001:0003f39e       _GL_ShowImages             0044039e f   gl_image.obj
 0001:0003f626       _GL_FindImage              00440626 f   gl_image.obj
 0001:0003f9e1       _GL_Lock                   004409e1 f   gl_interface.obj
 0001:0003fa71       _GL_Unlock                 00440a71 f   gl_interface.obj
 0001:0003fc33       _GL_Bind                   00440c33 f   gl_interface.obj
 0001:0003fd5d       _GL_BindForce              00440d5d f   gl_interface.obj
 0001:0003fddb       _GL_TexEnv                 00440ddb f   gl_interface.obj
 0001:0003ff5a       _GL_TexMipBias             00440f5a f   gl_interface.obj
 0001:0003ffb5       _GL_TexEnvColor            00440fb5 f   gl_interface.obj
 0001:00040065       _GL_SelectTexture          00441065 f   gl_interface.obj
 0001:000400c6       _GL_TexCoordPointer        004410c6 f   gl_interface.obj
 0001:000400f6       _GL_SetMultitexture        004410f6 f   gl_interface.obj
 0001:000401e8       _GL_DisableTexCoordArrays  004411e8 f   gl_interface.obj
 0001:00040241       _GL_CullFace               00441241 f   gl_interface.obj
 0001:00040292       _GL_DepthRange             00441292 f   gl_interface.obj
 0001:000402c5       _GL_State                  004412c5 f   gl_interface.obj
 0001:0004041e       _GL_EnableFog              0044141e f   gl_interface.obj
 0001:0004051e       _GL_SetDefaultState        0044151e f   gl_interface.obj
 0001:0004066c       _GL_Set2DMode              0044166c f   gl_interface.obj
 0001:00040767       _GL_Setup                  00441767 f   gl_interface.obj
 0001:00040873       _GL_ShowLights             00441873 f   gl_light.obj
 0001:00040c98       _GL_LightForEntity         00441c98 f   gl_light.obj
 0001:00041f11       _GL_DiffuseLight           00442f11 f   gl_light.obj
 0001:00042089       _GL_InitLightGrid          00443089 f   gl_light.obj
 0001:00042125       _GL_PostLoadLights         00443125 f   gl_light.obj
 0001:000423c3       _LM_Init                   004433c3 f   gl_lightmap.obj
 0001:000423d9       _LM_Flush                  004433d9 f   gl_lightmap.obj
 0001:00042436       _LM_Done                   00443436 f   gl_lightmap.obj
 0001:0004245d       _LM_Save                   0044345d f   gl_lightmap.obj
 0001:00042477       _LM_Restore                00443477 f   gl_lightmap.obj
 0001:00042491       _LM_NewBlock               00443491 f   gl_lightmap.obj
 0001:0004250b       _LM_Rewind                 0044350b f   gl_lightmap.obj
 0001:00042513       _LM_NextBlock              00443513 f   gl_lightmap.obj
 0001:00042540       _LM_CheckMinlight          00443540 f   gl_lightmap.obj
 0001:000425d6       _LM_AllocBlock             004435d6 f   gl_lightmap.obj
 0001:0004268d       _LM_PutBlock               0044368d f   gl_lightmap.obj
 0001:00042ac7       _LM_SortLightStyles        00443ac7 f   gl_lightmap.obj
 0001:00042b58       _GL_UpdateDynamicLightmap  00443b58 f   gl_lightmap.obj
 0001:0004304f       _LM_IsMonotone             0044404f f   gl_lightmap.obj
 0001:00043156       _GL_EnableRendering        00444156 f   gl_main.obj
 0001:00043171       _DrawTextLeft              00444171 f   gl_main.obj
 0001:0004323b       _DrawTextRight             0044423b f   gl_main.obj
 0001:00043279       _DrawText3D                00444279 f   gl_main.obj
 0001:000432f1       _GL_GetRefAPI              004442f1 f   gl_main.obj
 0001:00044cd9       _GL_InitFuncTables         00445cd9 f   gl_math.obj
 0001:00044e8a       _ModelToWorldCoord         00445e8a f   gl_math.obj
 0001:00044efb       _WorldToModelCoord         00445efb f   gl_math.obj
 0001:00044f42       _BuildRotationMatrix       00445f42 f   gl_math.obj
 0001:0004503c       _GetBoxRect                0044603c f   gl_math.obj
 0001:000453ad       _ProjectToScreen           004463ad f   gl_math.obj
 0001:000454f0       _SaturateColor3f           004464f0 f   gl_math.obj
 0001:000455e0       _SaturateColor4b           004465e0 f   gl_math.obj
 0001:000456ee       _GL_FindModel              004466ee f   gl_model.obj
 0001:0004586c       _GL_LoadWorldMap           0044686c f   gl_model.obj
 0001:0004740f       _GL_PointInLeaf            0044840f f   gl_model.obj
 0001:00047e1c       _ATAN2_FUNC                00448e1c f i gl_model.obj
 0001:00047fc7       _GL_FindSkin               00448fc7 f   gl_model.obj
 0001:00048126       _GL_ResetModels            00449126 f   gl_model.obj
 0001:000481fa       _GL_InitModels             004491fa f   gl_model.obj
 0001:0004828e       _GL_ShutdownModels         0044928e f   gl_model.obj
 0001:000482a4       _SubdividePlane            004492a4 f   gl_poly.obj
 0001:000486f7       _FreeSubdividedPlane       004496f7 f   gl_poly.obj
 0001:0004870f       _GetSubdivideIndexes       0044970f f   gl_poly.obj
 0001:00048762       _RemoveCollinearPoints     00449762 f   gl_poly.obj
 0001:00048876       _GetPolyArea               00449876 f   gl_poly.obj
 0001:0004890a       _GL_InitShaders            0044990a f   gl_shader.obj
 0001:00048a6c       _GL_ShutdownShaders        00449a6c f   gl_shader.obj
 0001:00048a96       _GL_SetShaderLightmap      00449a96 f   gl_shader.obj
 0001:00048e98       _GL_SetShaderLightstyles   00449e98 f   gl_shader.obj
 0001:00048f34       _GL_GetAlphaShader         00449f34 f   gl_shader.obj
 0001:00049244       _GL_FindShader             0044a244 f   gl_shader.obj
 0001:0004987d       _GL_GetShaderByNum         0044a87d f   gl_shader.obj
 0001:0004989b       _GL_ResetShaders           0044a89b f   gl_shader.obj
 0001:00049d29       _GL_ClearSkyBox            0044ad29 f   gl_sky.obj
 0001:00049d4c       _GL_SetSkyRotate           0044ad4c f   gl_sky.obj
 0001:00049d84       _GL_SkyVisible             0044ad84 f   gl_sky.obj
 0001:00049d9d       _GL_AddSkySurface          0044ad9d f   gl_sky.obj
 0001:0004a3ca       _GL_TesselateSkySide       0044b3ca f   gl_sky.obj
 0001:0004a69c       _GLimp_SetMode             0044b69c f   glw_imp.obj
 0001:0004a93e       _GLimp_HasGamma            0044b93e f   glw_imp.obj
 0001:0004a952       _GLimp_SetGamma            0044b952 f   glw_imp.obj
 0001:0004aaeb       _GLimp_Init                0044baeb f   glw_imp.obj
 0001:0004ae2e       _GLimp_Shutdown            0044be2e f   glw_imp.obj
 0001:0004aedc       _GLimp_EndFrame            0044bedc f   glw_imp.obj
 0001:0004af79       _GLimp_AppActivate         0044bf79 f   glw_imp.obj
 0001:0004c657       _QGL_Shutdown              0044d657 f   qgl_win.obj
 0001:0004c69b       _QGL_Init                  0044d69b f   qgl_win.obj
 0001:0004c71e       _QGL_InitExtensions        0044d71e f   qgl_win.obj
 0001:0004cafa       _QGL_EnableLogging         0044dafa f   qgl_win.obj
 0001:0004cb95       _QGL_LogMessage            0044db95 f   qgl_win.obj
 0001:0004cbac       _Hunk_Begin                0044dbac f   q_shwin.obj
 0001:0004cbe6       _Hunk_Alloc                0044dbe6 f   q_shwin.obj
 0001:0004cc6d       _Hunk_End                  0044dc6d f   q_shwin.obj
 0001:0004cc73       _Hunk_Free                 0044dc73 f   q_shwin.obj
 0001:0004cc8c       _Sys_Milliseconds          0044dc8c f   q_shwin.obj
 0001:0004ccc0       _Sys_Mkdir                 0044dcc0 f   q_shwin.obj
 0001:0004cccc       _Sys_FindFirst             0044dccc f   q_shwin.obj
 0001:0004cd4a       _Sys_FindNext              0044dd4a f   q_shwin.obj
 0001:0004cdbf       _Sys_FindClose             0044ddbf f   q_shwin.obj
 0001:0004cdd9       _R_Alias_clip_z            0044ddd9 f   r_aclip.obj
 0001:0004ce9b       _R_Alias_clip_left         0044de9b f   r_aclip.obj
 0001:0004d0a7       _R_Alias_clip_right        0044e0a7 f   r_aclip.obj
 0001:0004d2b3       _R_Alias_clip_top          0044e2b3 f   r_aclip.obj
 0001:0004d4c7       _R_Alias_clip_bottom       0044e4c7 f   r_aclip.obj
 0001:0004d6db       _R_AliasClip               0044e6db f   r_aclip.obj
 0001:0004d7ab       _R_AliasClipTriangle       0044e7ab f   r_aclip.obj
 0001:0004d99d       _R_AliasCheckFrameBBox     0044e99d f   r_alias.obj
 0001:0004dad0       _R_AliasCheckBBox          0044ead0 f   r_alias.obj
 0001:0004db34       _R_AliasTransformVector    0044eb34 f   r_alias.obj
 0001:0004db90       _R_AliasPreparePoints      0044eb90 f   r_alias.obj
 0001:0004de28       _R_AliasSetUpTransform     0044ee28 f   r_alias.obj
 0001:0004e0eb       _R_AliasTransformFinalVerts 0044f0eb f   r_alias.obj
 0001:0004e2ba       _R_AliasProjectAndClipTestFinalVert 0044f2ba f   r_alias.obj
 0001:0004e369       _R_AliasSetupLighting      0044f369 f   r_alias.obj
 0001:0004e4d3       _R_AliasSetupFrames        0044f4d3 f   r_alias.obj
 0001:0004e547       _R_AliasSetUpLerpData      0044f547 f   r_alias.obj
 0001:0004e66f       _R_AliasDrawModel          0044f66f f   r_alias.obj
 0001:0004e903       _R_EntityRotate            0044f903 f   r_bsp.obj
 0001:0004e97f       _R_RotateBmodel            0044f97f f   r_bsp.obj
 0001:0004eada       _R_RecursiveClipBPoly      0044fada f   r_bsp.obj
 0001:0004ee0a       _R_DrawSolidClippedSubmodelPolygons 0044fe0a f   r_bsp.obj
 0001:0004ef91       _R_DrawSubmodelPolygons    0044ff91 f   r_bsp.obj
 0001:0004f021       _R_RecursiveWorldNode      00450021 f   r_bsp.obj
 0001:0004f253       _R_RenderWorld             00450253 f   r_bsp.obj
 0001:0004f2ce       _Draw_FindPic              004502ce f   r_draw.obj
 0001:0004f36a       _Draw_InitLocal            0045036a f   r_draw.obj
 0001:0004f37b       _Draw_Char                 0045037b f   r_draw.obj
 0001:0004f4c6       _Draw_CharColor            004504c6 f   r_draw.obj
 0001:0004f63b       _R_DrawTexts               0045063b f   r_draw.obj
 0001:0004f701       _DrawText_Pos              00450701 f   r_draw.obj
 0001:0004f7d9       _DrawText_Left             004507d9 f   r_draw.obj
 0001:0004f801       _DrawText_Right            00450801 f   r_draw.obj
 0001:0004f83d       _Draw_GetPicSize           0045083d f   r_draw.obj
 0001:0004f87d       _Draw_StretchPicImplementation 0045087d f   r_draw.obj
 0001:0004f9a4       _Draw_StretchPic           004509a4 f   r_draw.obj
 0001:0004fa38       _Draw_StretchRaw8          00450a38 f   r_draw.obj
 0001:0004fab2       _Draw_Pic                  00450ab2 f   r_draw.obj
 0001:0004fcbc       _Draw_PicColor             00450cbc f   r_draw.obj
 0001:0004fe75       _Draw_TileClear            00450e75 f   r_draw.obj
 0001:0004ff94       _Draw_Fill                 00450f94 f   r_draw.obj
 0001:0005007a       _Draw_Fade                 0045107a f   r_draw.obj
 0001:00050128       _R_BeginEdgeFrame          00451128 f   r_edge.obj
 0001:000501e4       _R_InsertNewEdges          004511e4 f   r_edge.obj
 0001:0005022a       _R_RemoveEdges             0045122a f   r_edge.obj
 0001:00050248       _R_StepActiveU             00451248 f   r_edge.obj
 0001:000502dc       _R_CleanupSpan             004512dc f   r_edge.obj
 0001:0005032c       _R_LeadingEdgeBackwards    0045132c f   r_edge.obj
 0001:000503c1       _R_TrailingEdge            004513c1 f   r_edge.obj
 0001:00050425       _R_LeadingEdge             00451425 f   r_edge.obj
 0001:000505c8       _R_GenerateSpans           004515c8 f   r_edge.obj
 0001:00050636       _R_GenerateSpansBackward   00451636 f   r_edge.obj
 0001:000506a4       _R_ScanEdges               004516a4 f   r_edge.obj
 0001:0005087b       _D_FlatFillSurface         0045187b f   r_edge.obj
 0001:000508d5       _D_CalcGradients           004518d5 f   r_edge.obj
 0001:00050b35       _D_BackgroundSurf          00451b35 f   r_edge.obj
 0001:00050b75       _D_TurbulentSurf           00451b75 f   r_edge.obj
 0001:00050c84       _D_SkySurf                 00451c84 f   r_edge.obj
 0001:00050d05       _D_SolidSurf               00451d05 f   r_edge.obj
 0001:00050e5d       _D_DrawflatSurfaces        00451e5d f   r_edge.obj
 0001:00050ead       _D_DrawSurfaces            00451ead f   r_edge.obj
 0001:00050fa6       _R_ImageList_f             00451fa6 f   r_image.obj
 0001:00051067       _R_FindFreeImage           00452067 f   r_image.obj
 0001:000510b2       _R_LoadPic                 004520b2 f   r_image.obj
 0001:0005113f       _R_LoadTex                 0045213f f   r_image.obj
 0001:000511cb       _R_LoadWal                 004521cb f   r_image.obj
 0001:00051221       _R_MipMap                  00452221 f   r_image.obj
 0001:0005134f       _R_DownsampleImage         0045234f f   r_image.obj
 0001:00051454       _R_FindImage               00452454 f   r_image.obj
 0001:000517f9       _R_RegisterSkin            004527f9 f   r_image.obj
 0001:00051807       _R_FreeUnusedImages        00452807 f   r_image.obj
 0001:00051867       _R_InitImages              00452867 f   r_image.obj
 0001:000518ca       _R_ShutdownImages          004528ca f   r_image.obj
 0001:00051907       _R_MarkLights              00452907 f   r_light.obj
 0001:000519cd       _R_PushDlights             004529cd f   r_light.obj
 0001:00051a2b       _R_LightPoint              00452a2b f   r_light.obj
 0001:00051df6       _R_AddDynamicLights        00452df6 f   r_light.obj
 0001:00052094       _R_BuildLightMap           00453094 f   r_light.obj
 0001:0005218a       _R_InitTextures            0045318a f   r_main.obj
 0001:0005224b       _R_InitTurb                0045324b f   r_main.obj
 0001:000522c8       _R_Register                004532c8 f   r_main.obj
 0001:00052330       _R_Init                    00453330 f   r_main.obj
 0001:00052417       _R_Shutdown                00453417 f   r_main.obj
 0001:000524d8       _R_NewMap                  004534d8 f   r_main.obj
 0001:00052582       _R_MarkLeaves              00453582 f   r_main.obj
 0001:000526a9       _R_DrawEntitiesOnList      004536a9 f   r_main.obj
 0001:00052851       _R_BmodelCheckBBox         00453851 f   r_main.obj
 0001:00052903       _R_FindTopnode             00453903 f   r_main.obj
 0001:00052958       _RotatedBBox               00453958 f   r_main.obj
 0001:00052aba       _R_DrawBEntitiesOnList     00453aba f   r_main.obj
 0001:00052cbb       _R_EdgeDrawing             00453cbb f   r_main.obj
 0001:00052d90       _R_CalcPalette             00453d90 f   r_main.obj
 0001:00052e95       _R_SetLightLevel           00453e95 f   r_main.obj
 0001:00052ee5       _R_RenderFrame             00453ee5 f   r_main.obj
 0001:00053110       _R_InitGraphics            00454110 f   r_main.obj
 0001:00053186       _R_BeginFrame              00454186 f   r_main.obj
 0001:0005331f       _R_GammaCorrectAndSetPalette 0045431f f   r_main.obj
 0001:0005337e       _R_CinematicSetPalette     0045437e f   r_main.obj
 0001:00053415       _Draw_BuildGammaTable      00454415 f   r_main.obj
 0001:00053526       _R_DrawBeam                00454526 f   r_main.obj
 0001:0005367b       _R_SetSky                  0045467b f   r_main.obj
 0001:000536f2       _Draw_GetPalette           004546f2 f   r_main.obj
 0001:00053838       _Draw_ConCharColor         00454838 f   r_main.obj
 0001:00053859       _GetRefAPI                 00454859 f   r_main.obj
 0001:00053aff       _D_ViewChanged             00454aff f   r_misc.obj
 0001:00053c72       _R_PrintTimes              00454c72 f   r_misc.obj
 0001:00053cda       _R_PrintDSpeeds            00454cda f   r_misc.obj
 0001:00053d8f       _R_PrintAliasStats         00454d8f f   r_misc.obj
 0001:00053da2       _R_TransformFrustum        00454da2 f   r_misc.obj
 0001:00053e60       _TransformVector           00454e60 f   r_misc.obj
 0001:00053ecb       _R_SetUpFrustumIndexes     00454ecb f   r_misc.obj
 0001:00053f30       _R_ViewChanged             00454f30 f   r_misc.obj
 0001:00054279       _R_SetupFrame              00455279 f   r_misc.obj
 0001:00054454       _WritePCXfile              00455454 f   r_misc.obj
 0001:00054576       _R_ScreenShot              00455576 f   r_misc.obj
 0001:00054685       _Mod_Modellist_f           00455685 f   r_model.obj
 0001:000546e3       _Mod_Init                  004556e3 f   r_model.obj
 0001:000546fb       _Mod_ForName               004556fb f   r_model.obj
 0001:00054929       _Mod_PointInLeaf           00455929 f   r_model.obj
 0001:00054988       _Mod_DecompressVis         00455988 f   r_model.obj
 0001:00054a08       _Mod_ClusterPVS            00455a08 f   r_model.obj
 0001:00054a35       _Mod_LoadLighting          00455a35 f   r_model.obj
 0001:00054ab4       _R_NumberLeafs             00455ab4 f   r_model.obj
 0001:00054b02       _Mod_LoadVertexes          00455b02 f   r_model.obj
 0001:00054b44       _Mod_LoadEdges             00455b44 f   r_model.obj
 0001:00054b92       _Mod_LoadTexinfo           00455b92 f   r_model.obj
 0001:00054cfa       _CalcSurfaceExtents        00455cfa f   r_model.obj
 0001:00054e78       _Mod_LoadFaces             00455e78 f   r_model.obj
 0001:00054fd9       _Mod_SetParent             00455fd9 f   r_model.obj
 0001:00054ffe       _Mod_LoadNodes             00455ffe f   r_model.obj
 0001:000550f4       _Mod_LoadLeafs             004560f4 f   r_model.obj
 0001:0005519d       _Mod_LoadMarksurfaces      0045619d f   r_model.obj
 0001:00055216       _Mod_LoadSurfedges         00456216 f   r_model.obj
 0001:00055255       _Mod_LoadPlanes            00456255 f   r_model.obj
 0001:000552c4       _Mod_LoadBrushModel        004562c4 f   r_model.obj
 0001:000554a3       _Mod_LoadAliasModel        004564a3 f   r_model.obj
 0001:00055710       _Mod_LoadSpriteModel       00456710 f   r_model.obj
 0001:000557f3       _R_BeginRegistration       004567f3 f   r_model.obj
 0001:00055883       _R_RegisterModel           00456883 f   r_model.obj
 0001:0005597b       _R_EndRegistration         0045697b f   r_model.obj
 0001:000559e6       _Mod_FreeAll               004569e6 f   r_model.obj
 0001:00055a2b       _R_DrawParticle            00456a2b f   r_part.obj
 0001:00055cc5       _R_DrawParticles           00456cc5 f   r_part.obj
 0001:00055d6d       _R_DrawSpanletOpaque       00456d6d f   r_poly.obj
 0001:00055dfd       _R_DrawSpanletTurbulentStipple33 00456dfd f   r_poly.obj
 0001:00055f28       _R_DrawSpanletTurbulentStipple66 00456f28 f   r_poly.obj
 0001:00056109       _R_DrawSpanletTurbulentBlended66 00457109 f   r_poly.obj
 0001:000561be       _R_DrawSpanletTurbulentBlended33 004571be f   r_poly.obj
 0001:00056273       _R_DrawSpanlet33           00457273 f   r_poly.obj
 0001:0005630d       _R_DrawSpanletConstant33   0045730d f   r_poly.obj
 0001:00056366       _R_DrawSpanlet66           00457366 f   r_poly.obj
 0001:00056404       _R_DrawSpanlet33Stipple    00457404 f   r_poly.obj
 0001:0005651f       _R_DrawSpanlet66Stipple    0045751f f   r_poly.obj
 0001:000566b0       _R_ClipPolyFace            004576b0 f   r_poly.obj
 0001:00056821       _R_PolygonDrawSpans        00457821 f   r_poly.obj
 0001:00056c20       _R_PolygonScanLeftEdge     00457c20 f   r_poly.obj
 0001:00056d84       _R_PolygonScanRightEdge    00457d84 f   r_poly.obj
 0001:00056f8e       _R_ClipAndDrawPoly         00457f8e f   r_poly.obj
 0001:0005718d       _R_BuildPolygonFromSurface 0045818d f   r_poly.obj
 0001:00057383       _R_PolygonCalculateGradients 00458383 f   r_poly.obj
 0001:00057656       _R_DrawAlphaSurfaces       00458656 f   r_poly.obj
 0001:000576ec       _R_IMFlatShadedQuad        004586ec f   r_poly.obj
 0001:0005781a       _R_InitAdivtab             0045881a f   r_polyse.obj
 0001:00057886       _R_PolysetUpdateTables     00458886 f   r_polyse.obj
 0001:000578c1       _R_DrawTriangle            004588c1 f   r_polyse.obj
 0001:000579d2       _R_PolysetScanLeftEdge_C   004589d2 f   r_polyse.obj
 0001:00057b9c       _FloorDivMod               00458b9c f   r_polyse.obj
 0001:00057c36       _R_PolysetSetUpForLineScan 00458c36 f   r_polyse.obj
 0001:00057cc4       _R_PolysetCalcGradients    00458cc4 f   r_polyse.obj
 0001:00057f37       _R_PolysetDrawSpans8_33    00458f37 f   r_polyse.obj
 0001:00058067       _R_PolysetDrawSpansConstant8_33 00459067 f   r_polyse.obj
 0001:00058101       _R_PolysetDrawSpans8_66    00459101 f   r_polyse.obj
 0001:0005823d       _R_PolysetDrawSpansConstant8_66 0045923d f   r_polyse.obj
 0001:000582e5       _R_PolysetDrawSpans8_Opaque 004592e5 f   r_polyse.obj
 0001:00058430       _R_RasterizeAliasPolySmooth 00459430 f   r_polyse.obj
 0001:00058a10       _R_PolysetSetEdgeTable     00459a10 f   r_polyse.obj
 0001:00058aab       _R_InitSkyBox              00459aab f   r_rast.obj
 0001:00058d14       _R_EmitSkyBox              00459d14 f   r_rast.obj
 0001:00058e27       _R_EmitEdge                00459e27 f   r_rast.obj
 0001:000591f9       _R_ClipEdge                0045a1f9 f   r_rast.obj
 0001:000593a7       _R_EmitCachedEdge          0045a3a7 f   r_rast.obj
 0001:000593fe       _R_RenderFace              0045a3fe f   r_rast.obj
 0001:000597c5       _R_RenderBmodelFace        0045a7c5 f   r_rast.obj
 0001:00059a2e       _D_WarpScreen              0045aa2e f   r_scan.obj
 0001:00059bf0       _D_DrawTurbulent8Span      0045abf0 f   r_scan.obj
 0001:00059c74       _Turbulent8                0045ac74 f   r_scan.obj
 0001:00059fd0       _NonTurbulent8             0045afd0 f   r_scan.obj
 0001:0005a30a       _D_DrawSpans16             0045b30a f   r_scan.obj
 0001:0005a627       _D_DrawZSpans              0045b627 f   r_scan.obj
 0001:0005a6f7       _R_DrawSprite              0045b6f7 f   r_sprite.obj
 0001:0005a981       _R_TextureAnimation        0045b981 f   r_surf.obj
 0001:0005a9a5       _R_DrawSurface             0045b9a5 f   r_surf.obj
 0001:0005ab0a       _R_DrawSurfaceBlock8_mip0  0045bb0a f   r_surf.obj
 0001:0005ac09       _R_DrawSurfaceBlock8_mip1  0045bc09 f   r_surf.obj
 0001:0005ad08       _R_DrawSurfaceBlock8_mip2  0045bd08 f   r_surf.obj
 0001:0005ae07       _R_DrawSurfaceBlock8_mip3  0045be07 f   r_surf.obj
 0001:0005af03       _R_InitCaches              0045bf03 f   r_surf.obj
 0001:0005af84       _D_FlushCaches             0045bf84 f   r_surf.obj
 0001:0005afc9       _D_SCAlloc                 0045bfc9 f   r_surf.obj
 0001:0005b156       _D_CacheSurface            0045c156 f   r_surf.obj
 0001:0005b2cb       _DDRAW_Init                0045c2cb f   rw_ddraw.obj
 0001:0005b6db       _DDRAW_SetPalette          0045c6db f   rw_ddraw.obj
 0001:0005b744       _DDRAW_Shutdown            0045c744 f   rw_ddraw.obj
 0001:0005b8af       _DIB_Init                  0045c8af f   rw_dib.obj
 0001:0005ba94       _DIB_SetPalette            0045ca94 f   rw_dib.obj
 0001:0005bc50       _DIB_Shutdown              0045cc50 f   rw_dib.obj
 0001:0005bd49       _SWimp_Init                0045cd49 f   rw_imp.obj
 0001:0005bd4d       _SWimp_EndFrame            0045cd4d f   rw_imp.obj
 0001:0005beb9       _SWimp_SetMode             0045ceb9 f   rw_imp.obj
 0001:0005bfdb       _SWimp_SetPalette          0045cfdb f   rw_imp.obj
 0001:0005c000       _SWimp_Shutdown            0045d000 f   rw_imp.obj
 0001:0005c047       _SWimp_AppActivate         0045d047 f   rw_imp.obj
 0001:0005c100       _jpeg_CreateDecompress     0045d100 f   lib:jdapimin.obj
 0001:0005c1c0       _jpeg_destroy_decompress   0045d1c0 f   lib:jdapimin.obj
 0001:0005c1c0       _jpeg_destroy_compress     0045d1c0 f   lib:jdapimin.obj
 0001:0005c1cb       _jpeg_read_header          0045d1cb f   lib:jdapimin.obj
 0001:0005c22d       _jpeg_consume_input        0045d22d f   lib:jdapimin.obj
 0001:0005c47b       _jpeg_finish_decompress    0045d47b f   lib:jdapimin.obj
 0001:0005c512       _jpeg_start_decompress     0045d512 f   lib:jdapistd.obj
 0001:0005c67f       _jpeg_read_scanlines       0045d67f f   lib:jdapistd.obj
 0001:0005c703       _jpeg_resync_to_restart    0045d703 f   lib:jdmarker.obj
 0001:0005c8c8       _jinit_marker_reader       0045d8c8 f   lib:jdmarker.obj
 0001:0005dd93       _jpeg_CreateCompress       0045ed93 f   lib:jcapimin.obj
 0001:0005de47       _jpeg_suppress_tables      0045ee47 f   lib:jcapimin.obj
 0001:0005de91       _jpeg_finish_compress      0045ee91 f   lib:jcapimin.obj
 0001:0005df7b       _jpeg_start_compress       0045ef7b f   lib:jcapistd.obj
 0001:0005dfe7       _jpeg_write_scanlines      0045efe7 f   lib:jcapistd.obj
 0001:0005e092       _jpeg_add_quant_table      0045f092 f   lib:jcparam.obj
 0001:0005e144       _jpeg_quality_scaling      0045f144 f   lib:jcparam.obj
 0001:0005e16b       _jpeg_set_quality          0045f16b f   lib:jcparam.obj
 0001:0005e1a5       _jpeg_set_defaults         0045f1a5 f   lib:jcparam.obj
 0001:0005e367       _jpeg_default_colorspace   0045f367 f   lib:jcparam.obj
 0001:0005e3b7       _jpeg_set_colorspace       0045f3b7 f   lib:jcparam.obj
 0001:0005e6d2       _jpeg_stdio_dest           0045f6d2 f   lib:jdatadst.obj
 0001:0005e7d2       _crc32                     0045f7d2 f   lib:crc32.obj
 0001:0005ea5e       _inflateReset              0045fa5e f   lib:inflate.obj
 0001:0005eaa5       _inflateInit2_             0045faa5 f   lib:inflate.obj
 0001:0005eb5e       _inflate                   0045fb5e f   lib:inflate.obj
 0001:0005fcec       _inflateEnd                00460cec f   lib:inflate.obj
 0001:0005fd2a       _jinit_input_controller    00460d2a f   lib:jdinput.obj
 0001:0006020d       _jinit_memory_mgr          0046120d f   lib:jmemmgr.obj
 0001:00060da1       _jpeg_abort                00461da1 f   lib:jcomapi.obj
 0001:00060dd4       _jpeg_destroy              00461dd4 f   lib:jcomapi.obj
 0001:00060def       _jpeg_alloc_quant_table    00461def f   lib:jcomapi.obj
 0001:00060e0b       _jpeg_alloc_huff_table     00461e0b f   lib:jcomapi.obj
 0001:00060e27       _jpeg_calc_output_dimensions 00461e27 f   lib:jdmaster.obj
 0001:00060f27       _jinit_master_decompress   00461f27 f   lib:jdmaster.obj
 0001:0006127d       _jdiv_round_up             0046227d f   lib:jutils.obj
 0001:0006128d       _jround_up                 0046228d f   lib:jutils.obj
 0001:000612a5       _jcopy_sample_rows         004622a5 f   lib:jutils.obj
 0001:000612e3       _jcopy_block_row           004622e3 f   lib:jutils.obj
 0001:000612fc       _jzero_far                 004622fc f   lib:jutils.obj
 0001:0006130f       _jinit_marker_writer       0046230f f   lib:jcmarker.obj
 0001:00061beb       _jinit_compress_master     00462beb f   lib:jcinit.obj
 0001:00061c44       _zcalloc                   00462c44 f   lib:zutil.obj
 0001:00061c56       _zcfree                    00462c56 f   lib:zutil.obj
 0001:00061c56       _jpeg_free_large           00462c56 f   lib:zutil.obj
 0001:00061c56       _jpeg_free_small           00462c56 f   lib:zutil.obj
 0001:00061c62       _inflate_fast              00462c62 f   lib:inffast.obj
 0001:00062017       _inflate_table             00463017 f   lib:inftrees.obj
 0001:000623a0       _adler32                   004633a0 f   lib:adler32.obj
 0001:000624b9       _jinit_c_codec             004634b9 f   lib:jcodec.obj
 0001:000624d5       _jinit_d_codec             004634d5 f   lib:jcodec.obj
 0001:000624f1       _jpeg_get_large            004634f1 f   lib:jmemansi.obj
 0001:000624f1       _jpeg_get_small            004634f1 f   lib:jmemansi.obj
 0001:000624fd       _jpeg_mem_available        004634fd f   lib:jmemansi.obj
 0001:0006250c       _jpeg_open_backing_store   0046350c f   lib:jmemansi.obj
 0001:00062623       _jpeg_mem_init             00463623 f   lib:jmemansi.obj
 0001:00062629       _jpeg_mem_term             00463629 f   lib:jmemansi.obj
 0001:00062629       _R_SurfacePatch            00463629 f   lib:jmemansi.obj
 0001:00062629       __setargv                  00463629 f   lib:jmemansi.obj
 0001:00062629       _QCommon_Shutdown          00463629 f   lib:jmemansi.obj
 0001:0006262a       _jinit_d_main_controller   0046362a f   lib:jdmainct.obj
 0001:00062c75       _jinit_d_post_controller   00463c75 f   lib:jdpostct.obj
[...]
 0001:0006d259       _decompress_data           0046e259 f   lib:jddiffct.obj
 0001:0006d3c9       _process_restart           0046e3c9 f   lib:jddiffct.obj
 0001:0003555f       _dummy_consume_data        0043655f f   vid_dll.obj
 0001:0006d3fe       _consume_data              0046e3fe f   lib:jddiffct.obj
 0001:0006d475       _output_data               0046e475 f   lib:jddiffct.obj
 0001:0006cea1       _start_pass                0046dea1 f   lib:jddctmgr.obj
 0001:0006c2f3       _start_pass_phuff_decoder  0046d2f3 f   lib:jdphuff.obj
 0001:0006c53c       _decode_mcu_DC_first       0046d53c f   lib:jdphuff.obj
 0001:0006c734       _process_restart           0046d734 f   lib:jdphuff.obj
 0001:0006c7a3       _decode_mcu_AC_first       0046d7a3 f   lib:jdphuff.obj
 0001:0006c9c3       _decode_mcu_DC_refine      0046d9c3 f   lib:jdphuff.obj
 0001:0006ca98       _decode_mcu_AC_refine      0046da98 f   lib:jdphuff.obj
 0001:0006bd3a       _start_pass_huff_decoder   0046cd3a f   lib:jdshuff.obj
 0001:0006be72       _decode_mcu                0046ce72 f   lib:jdshuff.obj
 0001:0006c222       _process_restart           0046d222 f   lib:jdshuff.obj
 0001:0006b123       _start_input_pass          0046c123 f   lib:jdcoefct.obj
 0001:0006b136       _start_iMCU_row            0046c136 f   lib:jdcoefct.obj
 0001:0006b17b       _start_output_pass         0046c17b f   lib:jdcoefct.obj
 0001:0006b1b8       _decompress_onepass        0046c1b8 f   lib:jdcoefct.obj
 0001:0003555f       _dummy_consume_data        0043655f f   vid_dll.obj
 0001:0006b391       _consume_data              0046c391 f   lib:jdcoefct.obj
 0001:0006b54a       _decompress_data           0046c54a f   lib:jdcoefct.obj
 0001:0006b6b6       _smoothing_ok              0046c6b6 f   lib:jdcoefct.obj
 0001:0006b7a1       _decompress_smooth_data    0046c7a1 f   lib:jdcoefct.obj
 0001:0006afbc       _scaler_start_pass         0046bfbc f   lib:jcscale.obj
 0001:0006afdf       _simple_downscale          0046bfdf f   lib:jcscale.obj
 0001:0006b00b       _noscale                   0046c00b f   lib:jcscale.obj
 0001:0006aab4       _start_pass                0046bab4 f   lib:jcpred.obj
 0001:0006ab0c       _reset_predictor           0046bb0c f   lib:jcpred.obj
 0001:0006ab39       _jpeg_difference_first_row 0046bb39 f   lib:jcpred.obj
 0001:0006ac23       _jpeg_difference1          0046bc23 f   lib:jcpred.obj
 0001:0006ac91       _jpeg_difference2          0046bc91 f   lib:jcpred.obj
 0001:0006ad02       _jpeg_difference3          0046bd02 f   lib:jcpred.obj
 0001:0006ad7a       _jpeg_difference4          0046bd7a f   lib:jcpred.obj
 0001:0006ae05       _jpeg_difference5          0046be05 f   lib:jcpred.obj
 0001:0006ae98       _jpeg_difference6          0046be98 f   lib:jcpred.obj
 0001:0006af27       _jpeg_difference7          0046bf27 f   lib:jcpred.obj
 0001:0006a3a3       _start_pass_huff           0046b3a3 f   lib:jclhuff.obj
 0001:0006a540       _encode_mcus_huff          0046b540 f   lib:jclhuff.obj
 0001:0006a72b       _emit_bits                 0046b72b f   lib:jclhuff.obj
 0001:0006a7ce       _dump_buffer               0046b7ce f   lib:jclhuff.obj
 0001:0006a7f2       _emit_restart              0046b7f2 f   lib:jclhuff.obj
 0001:0006a83d       _flush_bits                0046b83d f   lib:jclhuff.obj
 0001:0006a861       _finish_pass_huff          0046b861 f   lib:jclhuff.obj
 0001:0006a8ce       _encode_mcus_gather        0046b8ce f   lib:jclhuff.obj
 0001:0006a9f7       _finish_pass_gather        0046b9f7 f   lib:jclhuff.obj
 0001:0006aa8d       _need_optimization_pass    0046ba8d f   lib:jclhuff.obj
 0001:00069f81       _start_pass_diff           0046af81 f   lib:jcdiffct.obj
 0001:0006a01f       _start_iMCU_row            0046b01f f   lib:jcdiffct.obj
 0001:0006a061       _compress_data             0046b061 f   lib:jcdiffct.obj
 0001:0006a1f7       _compress_first_pass       0046b1f7 f   lib:jcdiffct.obj
 0001:0006a2ec       _compress_output           0046b2ec f   lib:jcdiffct.obj
 0001:000699ac       _start_pass_fdctmgr        0046a9ac f   lib:jcdctmgr.obj
 0001:00069b4a       _forward_DCT               0046ab4a f   lib:jcdctmgr.obj
 0001:00069c96       _forward_DCT_float         0046ac96 f   lib:jcdctmgr.obj
 0001:00068ebc       _start_pass_phuff          00469ebc f   lib:jcphuff.obj
 0001:00069029       _encode_mcu_DC_first       0046a029 f   lib:jcphuff.obj
 0001:0006915b       _emit_bits                 0046a15b f   lib:jcphuff.obj
 0001:00069206       _dump_buffer               0046a206 f   lib:jcphuff.obj
 0001:0006923e       _emit_symbol               0046a23e f   lib:jcphuff.obj
 0001:0006927e       _emit_restart              0046a27e f   lib:jcphuff.obj
 0001:00069307       _emit_eobrun               0046a307 f   lib:jcphuff.obj
 0001:0006938d       _encode_mcu_AC_first       0046a38d f   lib:jcphuff.obj
 0001:00069521       _encode_mcu_DC_refine      0046a521 f   lib:jcphuff.obj
 0001:000695db       _encode_mcu_AC_refine      0046a5db f   lib:jcphuff.obj
 0001:000697f2       _finish_pass_phuff         0046a7f2 f   lib:jcphuff.obj
 0001:00069841       _finish_pass_gather_phuff  0046a841 f   lib:jcphuff.obj
 0001:00069904       _need_optimization_pass    0046a904 f   lib:jcphuff.obj
 0001:00068657       _start_pass_huff           00469657 f   lib:jcshuff.obj
 0001:000687cc       _encode_mcu_huff           004697cc f   lib:jcshuff.obj
 0001:000688d7       _encode_one_block          004698d7 f   lib:jcshuff.obj
 0001:00068a4e       _emit_bits                 00469a4e f   lib:jcshuff.obj
 0001:00068af1       _dump_buffer               00469af1 f   lib:jcshuff.obj
 0001:00068b15       _emit_restart              00469b15 f   lib:jcshuff.obj
 0001:00068b82       _flush_bits                00469b82 f   lib:jcshuff.obj
 0001:00068ba6       _finish_pass_huff          00469ba6 f   lib:jcshuff.obj
 0001:00068c15       _encode_mcu_gather         00469c15 f   lib:jcshuff.obj
 0001:00068ccb       _htest_one_block           00469ccb f   lib:jcshuff.obj
 0001:00068d92       _finish_pass_gather        00469d92 f   lib:jcshuff.obj
 0001:0006aa8d       _need_optimization_pass    0046ba8d f   lib:jclhuff.obj
 0001:0006802a       _start_pass_coef           0046902a f   lib:jccoefct.obj
 0001:0006a01f       _start_iMCU_row            0046b01f f   lib:jcdiffct.obj
 0001:000680bf       _compress_data             004690bf f   lib:jccoefct.obj
 0001:000682a6       _compress_first_pass       004692a6 f   lib:jccoefct.obj
 0001:0006848c       _compress_output           0046948c f   lib:jccoefct.obj
 0001:00067f42       _calc_output_dimensions    00468f42 f   lib:jdlossls.obj
 0001:00067f53       _start_input_pass          00468f53 f   lib:jdlossls.obj
 0001:00067c81       _calc_output_dimensions    00468c81 f   lib:jdlossy.obj
 0001:00067df4       _start_input_pass          00468df4 f   lib:jdlossy.obj
 0001:00067e14       _latch_quant_tables        00468e14 f   lib:jdlossy.obj
 0001:00067eac       _start_output_pass         00468eac f   lib:jdlossy.obj
 0001:00067bd0       _start_pass                00468bd0 f   lib:jclossls.obj
 0001:00067b3c       _start_pass                00468b3c f   lib:jclossy.obj
 0001:00067091       _initial_setup             00468091 f   lib:jcmaster.obj
 0001:00067244       _validate_script           00468244 f   lib:jcmaster.obj
 0001:0006761c       _prepare_for_pass          0046861c f   lib:jcmaster.obj
 0001:00067794       _select_scan_parameters    00468794 f   lib:jcmaster.obj
 0001:00067895       _per_scan_setup            00468895 f   lib:jcmaster.obj
 0001:00067a40       _pass_startup              00468a40 f   lib:jcmaster.obj
 0001:00067a67       _finish_pass_master        00468a67 f   lib:jcmaster.obj
 0001:00066b7c       _rgb_ycc_start             00467b7c f   lib:jccolor.obj
 0001:00066c40       _rgb_ycc_convert           00467c40 f   lib:jccolor.obj
 0001:00066d3f       _rgb_gray_convert          00467d3f f   lib:jccolor.obj
 0001:00066dc4       _cmyk_ycck_convert         00467dc4 f   lib:jccolor.obj
 0001:00066efc       _grayscale_convert         00467efc f   lib:jccolor.obj
 0001:00066f56       _null_convert              00467f56 f   lib:jccolor.obj
 0001:00066fcf       _null_method               00467fcf f   lib:jccolor.obj
 0001:00066fcf       _start_pass_downsample     00467fcf f   lib:jccolor.obj
 0001:000662c8       _sep_downsample            004672c8 f   lib:jcsample.obj
 0001:0006633d       _int_downsample            0046733d f   lib:jcsample.obj
 0001:00066435       _expand_right_edge         00467435 f   lib:jcsample.obj
 0001:0006648a       _fullsize_downsample       0046748a f   lib:jcsample.obj
 0001:000664ce       _h2v1_downsample           004674ce f   lib:jcsample.obj
 0001:00066562       _h2v2_downsample           00467562 f   lib:jcsample.obj
 0001:0006660f       _h2v2_smooth_downsample    0046760f f   lib:jcsample.obj
 0001:00066887       _fullsize_smooth_downsample 00467887 f   lib:jcsample.obj
 0001:00065cc4       _start_pass_prep           00466cc4 f   lib:jcprepct.obj
 0001:00065d02       _pre_process_data          00466d02 f   lib:jcprepct.obj
 0001:00065eb0       _pre_process_context       00466eb0 f   lib:jcprepct.obj
 0001:00066069       _create_context_buffer     00467069 f   lib:jcprepct.obj
 0001:00065b3c       _start_pass_main           00466b3c f   lib:jcmainct.obj
 0001:00065b7e       _process_data_simple_main  00466b7e f   lib:jcmainct.obj
 0001:00065112       _create_colormap           00466112 f   lib:jquant1.obj
 0001:00065244       _select_ncolors            00466244 f   lib:jquant1.obj
 0001:0006531b       _create_colorindex         0046631b f   lib:jquant1.obj
 0001:00065447       _alloc_fs_workspace        00466447 f   lib:jquant1.obj
 0001:00065483       _start_pass_1_quant        00466483 f   lib:jquant1.obj
 0001:0006554f       _create_odither_tables     0046654f f   lib:jquant1.obj
 0001:000655ae       _make_odither_array        004665ae f   lib:jquant1.obj
 0001:00065611       _color_quantize            00466611 f   lib:jquant1.obj
 0001:0006569c       _color_quantize3           0046669c f   lib:jquant1.obj
 0001:0006572a       _quantize_ord_dither       0046672a f   lib:jquant1.obj
 0001:00065815       _quantize3_ord_dither      00466815 f   lib:jquant1.obj
 0001:00065915       _quantize_fs_dither        00466915 f   lib:jquant1.obj
 0001:00066fcf       _finish_pass_1_quant       00467fcf f   lib:jccolor.obj
 0001:00065a99       _new_color_map_1_quant     00466a99 f   lib:jquant1.obj
 0001:000640d3       _init_error_limit          004650d3 f   lib:jquant2.obj
 0001:00064172       _start_pass_2_quant        00465172 f   lib:jquant2.obj
 0001:00064274       _prescan_quantize          00465274 f   lib:jquant2.obj
 0001:000642e3       _pass2_no_dither           004652e3 f   lib:jquant2.obj
 0001:00064390       _fill_inverse_cmap         00465390 f   lib:jquant2.obj
 0001:0006445b       _find_nearby_colors        0046545b f   lib:jquant2.obj
 0001:000645ff       _find_best_colors          004655ff f   lib:jquant2.obj
 0001:00064719       _pass2_fs_dither           00465719 f   lib:jquant2.obj
 0001:00064988       _finish_pass1              00465988 f   lib:jquant2.obj
 0001:000649aa       _select_colors             004659aa f   lib:jquant2.obj
 0001:00064a36       _update_box                00465a36 f   lib:jquant2.obj
 0001:00064dd0       _median_cut                00465dd0 f   lib:jquant2.obj
 0001:00064ee4       _find_biggest_color_pop    00465ee4 f   lib:jquant2.obj
 0001:00064f13       _find_biggest_volume       00465f13 f   lib:jquant2.obj
 0001:00064f3c       _compute_color             00465f3c f   lib:jquant2.obj
 0001:00066fcf       _finish_pass2              00467fcf f   lib:jccolor.obj
 0001:00065078       _new_color_map_2_quant     00466078 f   lib:jquant2.obj
 0001:00063aea       _build_ycc_rgb_table       00464aea f   lib:jdmerge.obj
 0001:00063b9a       _start_pass_merged_upsample 00464b9a f   lib:jdmerge.obj
 0001:00063baf       _merged_2v_upsample        00464baf f   lib:jdmerge.obj
 0001:00063c56       _merged_1v_upsample        00464c56 f   lib:jdmerge.obj
 0001:00063c87       _h2v1_merged_upsample      00464c87 f   lib:jdmerge.obj
 0001:00063ddd       _h2v2_merged_upsample      00464ddd f   lib:jdmerge.obj
 0001:0006368e       _build_ycc_rgb_table       0046468e f   lib:jdcolor.obj
 0001:0006373e       _ycc_rgb_convert           0046473e f   lib:jdcolor.obj
 0001:0006384c       _null_convert              0046484c f   lib:jdcolor.obj
 0001:000638c4       _grayscale_convert         004648c4 f   lib:jdcolor.obj
 0001:000638e7       _gray_rgb_convert          004648e7 f   lib:jdcolor.obj
 0001:00063940       _ycck_cmyk_convert         00464940 f   lib:jdcolor.obj
 0001:00066fcf       _start_pass_dcolor         00467fcf f   lib:jccolor.obj
 0001:000630ef       _start_pass_upsample       004640ef f   lib:jdsample.obj
 0001:00063109       _sep_upsample              00464109 f   lib:jdsample.obj
 0001:000631d6       _fullsize_upsample         004641d6 f   lib:jdsample.obj
 0001:000631e1       _noop_upsample             004641e1 f   lib:jdsample.obj
 0001:000631e9       _int_upsample              004641e9 f   lib:jdsample.obj
 0001:000632d3       _h2v1_upsample             004642d3 f   lib:jdsample.obj
 0001:0006332a       _h2v2_upsample             0046432a f   lib:jdsample.obj
 0001:0006339c       _h2v1_fancy_upsample       0046439c f   lib:jdsample.obj
 0001:0006343f       _h2v2_fancy_upsample       0046443f f   lib:jdsample.obj
 0001:00062cf8       _start_pass_dpost          00463cf8 f   lib:jdpostct.obj
 0001:00062d9e       _post_process_1pass        00463d9e f   lib:jdpostct.obj
 0001:00062e03       _post_process_prepass      00463e03 f   lib:jdpostct.obj
 0001:00062e94       _post_process_2pass        00463e94 f   lib:jdpostct.obj
 0001:000626ff       _alloc_funny_pointers      004636ff f   lib:jdmainct.obj
 0001:000627ac       _start_pass_main           004637ac f   lib:jdmainct.obj
 0001:00062814       _make_funny_pointers       00463814 f   lib:jdmainct.obj
 0001:00062954       _process_data_simple_main  00463954 f   lib:jdmainct.obj
 0001:000629bc       _process_data_context_main 004639bc f   lib:jdmainct.obj
 0001:00062ace       _set_wraparound_pointers   00463ace f   lib:jdmainct.obj
 0001:00062bb8       _set_bottom_pointers       00463bb8 f   lib:jdmainct.obj
 0001:00062c52       _process_data_crank_post   00463c52 f   lib:jdmainct.obj
 0001:0006255e       _read_backing_store        0046355e f   lib:jmemansi.obj
 0001:000625b9       _write_backing_store       004635b9 f   lib:jmemansi.obj
 0001:00062614       _close_backing_store       00463614 f   lib:jmemansi.obj
 0001:0006135d       _write_marker_header       0046235d f   lib:jcmarker.obj
 0001:000613b3       _emit_byte                 004623b3 f   lib:jcmarker.obj
 0001:000613e4       _write_marker_byte         004623e4 f   lib:jcmarker.obj
 0001:000613f4       _write_file_header         004623f4 f   lib:jcmarker.obj
 0001:00061440       _emit_jfif_app0            00462440 f   lib:jcmarker.obj
 0001:00061513       _emit_adobe_app14          00462513 f   lib:jcmarker.obj
 0001:000615b9       _write_frame_header        004625b9 f   lib:jcmarker.obj
 0001:00061698       _emit_dqt                  00462698 f   lib:jcmarker.obj
 0001:00061787       _emit_sof                  00462787 f   lib:jcmarker.obj
 0001:00061863       _write_scan_header         00462863 f   lib:jcmarker.obj
 0001:00061923       _emit_dht                  00462923 f   lib:jcmarker.obj
 0001:000619fc       _emit_dri                  004629fc f   lib:jcmarker.obj
 0001:00061a4b       _emit_sos                  00462a4b f   lib:jcmarker.obj
 0001:00061b39       _write_file_trailer        00462b39 f   lib:jcmarker.obj
 0001:00061b59       _write_tables_only         00462b59 f   lib:jcmarker.obj
 0001:00060eb2       _use_merged_upsample       00461eb2 f   lib:jdmaster.obj
 0001:00060f58       _master_selection          00461f58 f   lib:jdmaster.obj
 0001:000610b5       _prepare_range_limit_table 004620b5 f   lib:jdmaster.obj
 0001:0006113b       _prepare_for_output_pass   0046213b f   lib:jdmaster.obj
 0001:0006125c       _finish_output_pass        0046225c f   lib:jdmaster.obj
 0001:00060329       _alloc_small               00461329 f   lib:jmemmgr.obj
 0001:00060447       _alloc_large               00461447 f   lib:jmemmgr.obj
 0001:000604f8       _alloc_sarray              004614f8 f   lib:jmemmgr.obj
 0001:00060590       _alloc_barray              00461590 f   lib:jmemmgr.obj
 0001:00060634       _alloc_darray              00461634 f   lib:jmemmgr.obj
 0001:000606df       _request_virt_sarray       004616df f   lib:jmemmgr.obj
 0001:00060740       _request_virt_barray       00461740 f   lib:jmemmgr.obj
 0001:000607a1       _realize_virt_arrays       004617a1 f   lib:jmemmgr.obj
 0001:00060924       _access_virt_sarray        00461924 f   lib:jmemmgr.obj
 0001:00060a44       _do_sarray_io              00461a44 f   lib:jmemmgr.obj
 0001:00060ad4       _access_virt_barray        00461ad4 f   lib:jmemmgr.obj
 0001:00060bf9       _do_barray_io              00461bf9 f   lib:jmemmgr.obj
 0001:00060c8a       _free_pool                 00461c8a f   lib:jmemmgr.obj
 0001:00060d71       _self_destruct             00461d71 f   lib:jmemmgr.obj
 0001:0005fd6b       _start_input_pass          00460d6b f   lib:jdinput.obj
 0001:0005fd99       _per_scan_setup            00460d99 f   lib:jdinput.obj
 0001:0005ff1f       _finish_input_pass         00460f1f f   lib:jdinput.obj
 0001:0005ff30       _consume_markers           00460f30 f   lib:jdinput.obj
 0001:0005ffcc       _initial_setup             00460fcc f   lib:jdinput.obj
 0001:000601d6       _reset_input_controller    004611d6 f   lib:jdinput.obj
 0001:0005fc0e       _updatewindow              00460c0e f   lib:inflate.obj
 0001:0005e7f1       _crc32_little              0045f7f1 f   lib:crc32.obj
 0001:0005e70e       _init_destination          0045f70e f   lib:jdatadst.obj
 0001:0005e734       _empty_output_buffer       0045f734 f   lib:jdatadst.obj
 0001:0005e776       _term_destination          0045f776 f   lib:jdatadst.obj
 0001:0005e295       _std_huff_tables           0045f295 f   lib:jcparam.obj
 0001:0005e2ef       _add_huff_table            0045f2ef f   lib:jcparam.obj
 0001:0005c7f1       _next_marker               0045d7f1 f   lib:jdmarker.obj
 0001:0005c92b       _get_interesting_appn      0045d92b f   lib:jdmarker.obj
 0001:0005ca56       _examine_app0              0045da56 f   lib:jdmarker.obj
 0001:0005cc64       _examine_app14             0045dc64 f   lib:jdmarker.obj
 0001:0005cd25       _skip_variable             0045dd25 f   lib:jdmarker.obj
 0001:0005cdc8       _read_markers              0045ddc8 f   lib:jdmarker.obj
 0001:0005cfd0       _get_soi                   0045dfd0 f   lib:jdmarker.obj
 0001:0005d07b       _get_sof                   0045e07b f   lib:jdmarker.obj
 0001:0005d384       _get_sos                   0045e384 f   lib:jdmarker.obj
 0001:0005d672       _get_dht                   0045e672 f   lib:jdmarker.obj
 0001:0005d913       _get_dqt                   0045e913 f   lib:jdmarker.obj
 0001:0005db6f       _get_dri                   0045eb6f f   lib:jdmarker.obj
 0001:0005dc4e       _first_marker              0045ec4e f   lib:jdmarker.obj
 0001:0005dcea       _read_restart_marker       0045ecea f   lib:jdmarker.obj
 0001:0005dd68       _reset_marker_reader       0045ed68 f   lib:jdmarker.obj
 0001:0005c5d5       _output_pass_setup         0045d5d5 f   lib:jdapistd.obj
 0001:0005c2c9       _default_decompress_parms  0045d2c9 f   lib:jdapimin.obj

 70 bytes saved through ICF

