 Quake2

 Timestamp is 43e0dcc5 (Wed Feb 01 19:07:33 2006)

 Preferred load address is 00400000

 Start         Length     Name                   Class
 0001:00000000 00061570H .text                   CODE
 0002:00000000 00000290H .idata$5                DATA
 0002:00000290 0000651cH .rdata                  DATA
 0002:000067b0 00000044H .rdata$r                DATA
 0002:000067f8 00000038H .xdata$x                DATA
 0002:00006830 00000078H .idata$2                DATA
 0002:000068a8 00000014H .idata$3                DATA
 0002:000068bc 00000290H .idata$4                DATA
 0002:00006b4c 00000860H .idata$6                DATA
 0002:000073ac 00000000H .edata                  DATA
 0003:00000000 00000004H .CRT$XCA                DATA
 0003:00000004 00000088H .CRT$XCU                DATA
 0003:0000008c 00000004H .CRT$XCZ                DATA
 0003:00000090 00000004H .CRT$XIA                DATA
 0003:00000094 00000004H .CRT$XIZ                DATA
 0003:000000a0 0000d4bcH .data                   DATA
 0003:0000d560 00458624H .bss                    DATA
 0004:00000000 00000130H .rsrc$01                DATA
 0004:00000130 00003f20H .rsrc$02                DATA

  Address         Publics by Value              Rva+Base     Lib:Object

 0001:00000000       ??3@YAXPAX@Z               00401000 f i CoreMain.obj
 0001:0000000b       ?appTimestamp@@YAPBDXZ     0040100b f   CoreMain.obj
 0001:00000040       ?appInit@@YAXXZ            00401040 f   CoreMain.obj
 0001:000000bf       ?appExit@@YAXXZ            004010bf f   CoreMain.obj
 0001:000000c9       ?appMilliseconds@@YAIXZ    004010c9 f   CoreWin32.obj
 0001:000000cf       ?appPackage@@YAPBDXZ       004010cf f   CoreWin32.obj
 0001:00000127       ?appGetSystemErrorMessage@@YAPBDI@Z 00401127 f   CoreWin32.obj
 0001:0000018b       ?appDisplayError@@YAXXZ    0040118b f   CoreWin32.obj
 0001:000001dc       ?appInitPlatform@@YAXXZ    004011dc f   CoreWin32.obj
 0001:0000036f       ?appShutdownPlatform@@YAXXZ 0040136f f   CoreWin32.obj
 0001:00000378       ?sprintf@?$TString@$0BAA@@@QAAHPBDZZ 00401378 f i CoreWin32.obj
 0001:00000394       ?appDetectCPU@@YAXXZ       00401394 f   CoreCpuid.obj
 0001:00000648       ?appLoadDebugSymbols@@YAXXZ 00401648 f   DbgSymbols.obj
 0001:00000806       ?appSymbolName@@YA_NIPADH@Z 00401806 f   DbgSymbols.obj
 0001:000008fc       ?appSymbolName@@YAPBDI@Z   004018fc f   DbgSymbols.obj
 0001:00000932       ?osGetAddressPackage@@YA_NIPADHAAH@Z 00401932 f   DbgSymbolsWin32.obj
 0001:000009c6       ?osGetAddressSymbol@@YA_NIPADHAAH@Z 004019c6 f   DbgSymbolsWin32.obj
 0001:00000b6d       ?appMalloc@@YAPAXIH@Z      00401b6d f   Memory.obj
 0001:00000c1b       ?appFree@@YAXPAX@Z         00401c1b f   Memory.obj
 0001:00000c49       ?Unlink@FMemHeader@@QAEXXZ 00401c49 f i Memory.obj
 0001:00000c74       ?Link@CMemoryChain@@AAEXXZ 00401c74 f   Memory.obj
 0001:00000c93       ?Unlink@CMemoryChain@@AAEXXZ 00401c93 f   Memory.obj
 0001:00000cbe       ??2CMemoryChain@@SAPAXIH@Z 00401cbe f   Memory.obj
 0001:00000d30       ??3CMemoryChain@@SAXPAX@Z  00401d30 f   Memory.obj
 0001:00000d63       ?Alloc@CMemoryChain@@QAEPAXIH@Z 00401d63 f   Memory.obj
 0001:00000dcd       ?BuildAllocatorsTable@@YAHPAXH@Z 00401dcd f   Memory.obj
 0001:00000f3c       ?appInitMemory@@YAXXZ      00401f3c f   Memory.obj
 0001:00001324       ?Close@COutputDevice@@UAEXXZ 00402324 f i OutputDevice.obj
 0001:00001324       ?Flush@COutputDevice@@UAEXXZ 00402324 f i OutputDevice.obj
 0001:00001325       ?Write@COutputDeviceNull@@UAEXPBD@Z 00402325 f i OutputDevice.obj
 0001:0000133f       ??_ECOutputDevice@@UAEPAXI@Z 0040233f f i OutputDevice.obj
 0001:0000133f       ??_ECOutputDeviceNull@@UAEPAXI@Z 0040233f f i OutputDevice.obj
 0001:0000133f       ??_ECOutputDeviceWin32Console@@UAEPAXI@Z 0040233f f i OutputDevice.obj
 0001:0000133f       ??_GCOutputDeviceWin32Console@@UAEPAXI@Z 0040233f f i OutputDevice.obj
 0001:0000133f       ??_ECOutputDeviceLog@@UAEPAXI@Z 0040233f f i OutputDevice.obj
 0001:0000133f       ??_GCOutputDevice@@UAEPAXI@Z 0040233f f i OutputDevice.obj
 0001:0000133f       ??_GCOutputDeviceNull@@UAEPAXI@Z 0040233f f i OutputDevice.obj
 0001:0000133f       ??_GCOutputDeviceLog@@UAEPAXI@Z 0040233f f i OutputDevice.obj
 0001:0000137f       ?Write@COutputDeviceLog@@UAEXPBD@Z 0040237f f i OutputDevice.obj
 0001:000013c7       ?Printf@COutputDevice@@QAAXPBDZZ 004023c7 f   OutputDevice.obj
 0001:00001438       ?Register@COutputDevice@@QAEXXZ 00402438 f   OutputDevice.obj
 0001:00001494       ?Unregister@COutputDevice@@QAEXXZ 00402494 f   OutputDevice.obj
 0001:000014e7       ?appPrintf@@YAXPBDZZ       004024e7 f   OutputDevice.obj
 0001:0000161e       ?appWPrintf@@YAXPBDZZ      0040261e f   OutputDevice.obj
 0001:00001681       ??0COutputDeviceMemTail@@QAE@H@Z 00402681 f i ErrorMgr.obj
 0001:000016af       ?Write@COutputDeviceMemTail@@UAEXPBD@Z 004026af f i ErrorMgr.obj
 0001:000017cb       ??_GCOutputDeviceMemTail@@UAEPAXI@Z 004027cb f i ErrorMgr.obj
 0001:000017cb       ??_ECOutputDeviceMemTail@@UAEPAXI@Z 004027cb f i ErrorMgr.obj
 0001:000017e7       ??1COutputDeviceMemTail@@UAE@XZ 004027e7 f i ErrorMgr.obj
 0001:00001830       ??0COutputDeviceFile@@QAE@XZ 00402830 f i ErrorMgr.obj
 0001:00001845       ?Write@COutputDeviceFile@@UAEXPBD@Z 00402845 f i ErrorMgr.obj
 0001:00001899       ?Flush@COutputDeviceFile@@UAEXXZ 00402899 f i ErrorMgr.obj
 0001:000018a9       ?Close@COutputDeviceFile@@UAEXXZ 004028a9 f i ErrorMgr.obj
 0001:000018c1       ??_GCOutputDeviceFile@@UAEPAXI@Z 004028c1 f i ErrorMgr.obj
 0001:000018c1       ??_ECOutputDeviceFile@@UAEPAXI@Z 004028c1 f i ErrorMgr.obj
 0001:000018dd       ??1COutputDeviceFile@@UAE@XZ 004028dd f i ErrorMgr.obj
 0001:0000191c       ?appBeginError@@YAPAVCOutputDevice@@PBD@Z 0040291c f   ErrorMgr.obj
 0001:000019e5       ?appGetErrorLog@@YAPAVCOutputDevice@@XZ 004029e5 f   ErrorMgr.obj
 0001:00001a50       ?Open@COutputDeviceFile@@QAEXPBD_N@Z 00402a50 f i ErrorMgr.obj
 0001:00001a96       ?appFatalError@@YAXPBDZZ   00402a96 f   ErrorMgr.obj
 0001:00001aec       ?appNonFatalError@@YAXPBDZZ 00402aec f   ErrorMgr.obj
 0001:00001b4e       ?appUnwindPrefix@@YAXPBD@Z 00402b4e f   ErrorMgr.obj
 0001:00001bfe       ?appUnwindThrow@@YAXPBDZZ  00402bfe f   ErrorMgr.obj
 0001:00001c74       ?Reset@CErrorHandler@@QAEXXZ 00402c74 f   ErrorMgr.obj
 0001:00001ca5       ?appInitError@@YAXXZ       00402ca5 f   ErrorMgr.obj
 0001:00001d9a       ?appShutdownError@@YAXXZ   00402d9a f   ErrorMgr.obj
 0001:00001e24       ?GetTail@COutputDeviceMemTail@@QAEPBDH@Z 00402e24 f i ErrorMgr.obj
 0001:00001e48       ?sprintf@?$TString@$0CAA@@@QAAHPBDZZ 00402e48 f i ErrorMgr.obj
 0001:00001e64       ?win32ExceptFilter@@YGJPAU_EXCEPTION_POINTERS@@@Z 00402e64 f   ExceptHandlerWin32.obj
 0001:00002007       ?win32ExceptFilter2@@YAIXZ 00403007 f   ExceptHandlerWin32.obj
 0001:00002010       ?sprintf@?$TString@$0EAA@@@QAAHPBDZZ 00403010 f i ExceptHandlerWin32.obj
 0001:0000202c       ?DumpRegs@@YAXPAVCOutputDevice@@PAU_CONTEXT@@@Z 0040302c f   ExceptDumpers.obj
 0001:00002139       ?DumpMem@@YAXPAVCOutputDevice@@PBIPAU_CONTEXT@@@Z 00403139 f   ExceptDumpers.obj
 0001:00002373       ?UnwindEbpFrame@@YAXPAVCOutputDevice@@PBI@Z 00403373 f   ExceptDumpers.obj
 0001:00002404       ?GetLine@CSimpleParser@@QAEPBDXZ 00403404 f   ScriptParser.obj
 0001:00002519       ?SkipBraces@CSimpleParser@@QAEPBDXZ 00403519 f   ScriptParser.obj
 0001:0000254f       ?appStricmp@@YAHPBD0@Z     0040354f f   Strings.obj
 0001:00002584       ?toLower@@YADD@Z           00403584 f i Strings.obj
 0001:0000259b       ?appStrncpylwr@@YAXPADPBDH@Z 0040359b f   Strings.obj
 0001:000025d3       ?appStrncpyz@@YAXPADPBDH@Z 004035d3 f   Strings.obj
 0001:00002600       ?appStrcatn@@YAXPADHPBD@Z  00403600 f   Strings.obj
 0001:0000262b       ?appCopyFilename@@YAXPADPBDH@Z 0040362b f   Strings.obj
 0001:000026cb       ?appCStrlen@@YAHPBD@Z      004036cb f   Strings.obj
 0001:000026f0       ?appUncolorizeString@@YAXPADPBD@Z 004036f0 f   Strings.obj
 0001:00002720       ?va@@YAPBDPBDZZ            00403720 f   Strings.obj
 0001:000027bc       ?appSprintf@@YAHPADHPBDZZ  004037bc f   Strings.obj
 0001:00002807       ?appMatchWildcard@@YA_NPBD0_N@Z 00403807 f   Strings.obj
 0001:00002996       ?appIsWildcard@@YA_NPBD@Z  00403996 f   Strings.obj
 0001:000029c0       ?CopyString@@YAPADPBD@Z    004039c0 f   Strings.obj
 0001:00002a00       ?CopyString@@YAPADPBDPAVCMemoryChain@@@Z 00403a00 f   Strings.obj
 0001:00002a34       ??0CStringItem@@QAE@XZ     00403a34 f   Strings.obj
 0001:00002a3f       ??2CStringItem@@SAPAXIPBD@Z 00403a3f f   Strings.obj
 0001:00002a8c       ??2CStringItem@@SAPAXIPBDPAVCMemoryChain@@@Z 00403a8c f   Strings.obj
 0001:00002ab6       ?Find@CStringList@@IAEPAVCStringItem@@PBDPAPAV2@@Z 00403ab6 f   Strings.obj
 0001:00002af2       ?Find@CStringList@@IAEPAVCStringItem@@H@Z 00403af2 f   Strings.obj
 0001:00002b0b       ?IndexOf@CStringList@@QAEHPBD@Z 00403b0b f   Strings.obj
 0001:00002b38       ?Remove@CStringList@@QAE_NPAVCStringItem@@@Z 00403b38 f   Strings.obj
 0001:00002b64       ?Add@CTextContainer@@QAEPAUCTextRec@@PBD@Z 00403b64 f   TextContainer.obj
 0001:00002c10       ?Enumerate@CTextContainer@@QAEXP6AXPBUCTextRec@@@Z@Z 00403c10 f   TextContainer.obj
 0001:00002c7c       ?SubtractPath@@YAPBDPBD0@Z 00403c7c f   FileSystem.obj
 0001:00002d10       ?appMakeDirectoryForFile@@YAXPBD@Z 00403d10 f   FileSystem.obj
 0001:00002d46       ?appOpenFile@@YAPAVCFile@@PBD@Z 00403d46 f   FileSystem.obj
 0001:00002d82       ?Read@CFileOS@@UAEHPAXH@Z  00403d82 f i FileSystem.obj
 0001:00002da7       ?GetSize@CFileOS@@UAEHXZ   00403da7 f i FileSystem.obj
 0001:00002dec       ?Eof@CFileOS@@UAE_NXZ      00403dec f i FileSystem.obj
 0001:00002e00       ??_ECFileOS@@UAEPAXI@Z     00403e00 f i FileSystem.obj
 0001:00002e00       ??_GCFileOS@@UAEPAXI@Z     00403e00 f i FileSystem.obj
 0001:00002e32       ??_ECFile@@UAEPAXI@Z       00403e32 f i FileSystem.obj
 0001:00002e32       ??_GCFile@@UAEPAXI@Z       00403e32 f i FileSystem.obj
 0001:00002e4f       ?ReadByte@CFile@@QAEEXZ    00403e4f f   FileSystem.obj
 0001:00002e67       ?ReadInt@CFile@@QAEHXZ     00403e67 f   FileSystem.obj
 0001:00002e7f       ?ReadString@CFile@@QAEXPADH@Z 00403e7f f   FileSystem.obj
 0001:00002ebf       ?GetType@CFileContainer@@MAEPBDXZ 00403ebf f   FileSystem.obj
 0001:00002ec5       ?Mount@CFileSystem@@QAEXAAVCFileContainer@@PBD@Z 00403ec5 f   FileSystem.obj
 0001:00002f1b       ?Umount@CFileSystem@@QAEXAAVCFileContainer@@@Z 00403f1b f   FileSystem.obj
 0001:00002f52       ?MountDirectory@CFileSystem@@QAEPAVCFileContainer@@PBD0@Z 00403f52 f   FileSystem.obj
 0001:00002f95       ?GetType@CFileContainerOS@@MAEPBDXZ 00403f95 f i FileSystem.obj
 0001:00002f9b       ?FileExists@CFileContainerOS@@UAE_NPBD@Z 00403f9b f i FileSystem.obj
 0001:00002fc2       ?OpenFile@CFileContainerOS@@UAEPAVCFile@@PBD@Z 00403fc2 f i FileSystem.obj
 0001:00002fdf       ?List@CFileContainerOS@@UAEXAAVCFileList@@PBDI@Z 00403fdf f i FileSystem.obj
 0001:00003007       ??_ECFileContainerOS@@UAEPAXI@Z 00404007 f i FileSystem.obj
 0001:00003007       ??_GCFileContainerOS@@UAEPAXI@Z 00404007 f i FileSystem.obj
 0001:00003007       ??_ECFileContainer@@UAEPAXI@Z 00404007 f i FileSystem.obj
 0001:00003007       ??_GCFileContainer@@UAEPAXI@Z 00404007 f i FileSystem.obj
 0001:00003024       ?MountArchive@CFileSystem@@QAEPAVCFileContainer@@PBD0@Z 00404024 f   FileSystem.obj
 0001:0000313b       ?Mount@CFileSystem@@QAEXPBD0@Z 0040413b f   FileSystem.obj
 0001:0000336d       ?Umount@CFileSystem@@QAEXPBD@Z 0040436d f   FileSystem.obj
 0001:00003409       ?List@CFileSystem@@UAEPAVCFileList@@PBDIPAV2@@Z 00404409 f   FileSystem.obj
 0001:000035c1       ?RegisterFormat@CFileSystem@@SAXP6APAVCFileContainer@@PBDPAU_iobuf@@@Z@Z 004045c1 f   FileSystem.obj
 0001:00003601       ?FileExists@CFileSystem@@UAE_NPBDI@Z 00404601 f   FileSystem.obj
 0001:00003680       ?OpenFile@CFileSystem@@UAEPAVCFile@@PBDI@Z 00404680 f   FileSystem.obj
 0001:00003725       ?LoadFile@CFileSystem@@QAEPAXPBDPAI@Z 00404725 f   FileSystem.obj
 0001:000037f5       ?cMount@@YAX_NHPAPAD@Z     004047f5 f   FileSystem.obj
 0001:0000392e       ?cUmount@@YAX_NHPAPAD@Z    0040492e f   FileSystem.obj
 0001:0000395b       ?appInitFileSystem@@YAXAAVCFileSystem@@@Z 0040495b f   FileSystem.obj
 0001:00003d4e       ?appListDirectory@@YAXPBDAAVCFileList@@I@Z 00404d4e f   FileSystemWin32.obj
 0001:00003f95       ?appMakeDirectory@@YAXPBD@Z 00404f95 f   FileSystemWin32.obj
 0001:00004002       ?appFileType@@YAIPBD@Z     00405002 f   FileSystemWin32.obj
 0001:00004042       ?FindDir@CFileContainerArc@@IAEPAVCArcDir@1@PBD_N@Z 00405042 f   FileContainerArc.obj
 0001:0000412b       ?FindFile@CFileContainerArc@@IAEPAVCStringItem@@PBD@Z 0040512b f   FileContainerArc.obj
 0001:00004196       ?FileExists@CFileContainerArc@@UAE_NPBD@Z 00405196 f   FileContainerArc.obj
 0001:000041a8       ?OpenFile@CFileContainerArc@@UAEPAVCFile@@PBD@Z 004051a8 f   FileContainerArc.obj
 0001:000041c4       ?List@CFileContainerArc@@UAEXAAVCFileList@@PBDI@Z 004051c4 f   FileContainerArc.obj
 0001:00004331       ?SCR_StopCinematic@@YAXXZ  00405331 f   cl_cin.obj
 0001:000043c5       ?SCR_DrawCinematic@@YA_NXZ 004053c5 f   cl_cin.obj
 0001:000047e2       ?SCR_PlayCinematic@@YAXPBD@Z 004057e2 f   cl_cin.obj
 0001:00004b39       ?sprintf@?$TString@$0EA@@@QAAHPBDZZ 00405b39 f i cl_cin.obj
 0001:00004b52       ?CL_Download_f@@YAX_NHPAPAD@Z 00405b52 f   cl_download.obj
 0001:00004eff       ?CL_ParseDownload@@YAXXZ   00405eff f   cl_download.obj
 0001:00005712       ?CL_Precache_f@@YAXHPAPAD@Z 00406712 f   cl_download.obj
 0001:00005770       ?sprintf@?$TString@$0IA@@@QAAHPBDZZ 00406770 f i cl_download.obj
 0001:0000578c       ?CL_ParseDelta@@YAXPAUclEntityState_t@@0HI_N@Z 0040678c f   cl_ents.obj
 0001:0000590c       ?CL_ParseFrame@@YAXXZ      0040690c f   cl_ents.obj
 0001:00005fbb       ?CL_AddEntityBox@@YAXPAUclEntityState_t@@I@Z 00406fbb f   cl_ents.obj
 0001:000060bf       ?Lerp@@YAXABUCVec3@@0MAAU1@@Z 004070bf f i cl_ents.obj
 0001:000060f6       ?CL_OffsetThirdPersonView@@YAXXZ 004070f6 f   cl_ents.obj
 0001:000061de       ?CL_AddEntities@@YAXXZ     004071de f   cl_ents.obj
 0001:0000711c       ?CL_ClearLightStyles@@YAXXZ 0040811c f   cl_fx.obj
 0001:0000719e       ?CL_SetLightstyle@@YAXHPBD@Z 0040819e f   cl_fx.obj
 0001:000071ff       ?CL_AllocDlight@@YAPAUcdlight_t@@HABUCVec3@@@Z 004081ff f   cl_fx.obj
 0001:00007268       ?CL_AllocParticleTrace@@YAPAUparticleTrace_t@@ABUCVec3@@0MM@Z 00408268 f   cl_fx.obj
 0001:000072f7       ?CL_AllocParticleBeam@@YAPAUbeam_t@@ABUCVec3@@0MM@Z 004082f7 f   cl_fx.obj
 0001:0000736b       ?CL_AllocParticle@@YAPAUparticle_t@@XZ 0040836b f   cl_fx.obj
 0001:000073be       ?CL_MetalSparks@@YAXABUCVec3@@0H@Z 004083be f   cl_fx.obj
 0001:000074bc       ?CL_AddEffects@@YAXXZ      004084bc f   cl_fx.obj
 0001:00007bc1       ?CL_ClearEffects@@YAXXZ    00408bc1 f   cl_fx.obj
 0001:00007c43       ?CL_EntityEvent@@YAXPAUclEntityState_t@@@Z 00408c43 f   cl_fx.obj
 0001:00007df7       ?CL_ParseMuzzleFlash@@YAXXZ 00408df7 f   cl_fx.obj
 0001:00008167       ?CL_ParseMuzzleFlash2@@YAXXZ 00409167 f   cl_fx.obj
 0001:000085dd       ?CL_ParticleEffect@@YAXABUCVec3@@0HH@Z 004095dd f   cl_fx.obj
 0001:000087c6       ?CL_ParticleEffect2@@YAXABUCVec3@@0HH@Z 004097c6 f   cl_fx.obj
 0001:000087ee       ?CL_ParticleEffect3@@YAXABUCVec3@@0HH@Z 004097ee f   cl_fx.obj
 0001:00008816       ?CL_TeleporterParticles@@YAXPAUclEntityState_t@@@Z 00409816 f   cl_fx.obj
 0001:00008835       ?CL_LogoutEffect@@YAXABUCVec3@@H@Z 00409835 f   cl_fx.obj
 0001:0000886b       ?CL_ItemRespawnParticles@@YAXABUCVec3@@@Z 0040986b f   cl_fx.obj
 0001:00008886       ?CL_ExplosionParticles@@YAXABUCVec3@@@Z 00409886 f   cl_fx.obj
 0001:000088a4       ?CL_BFGExplosionParticles@@YAXABUCVec3@@@Z 004098a4 f   cl_fx.obj
 0001:000088c2       ?CL_TrackerExplosionParticles@@YAXABUCVec3@@@Z 004098c2 f   cl_fx.obj
 0001:000088e0       ?CL_BlasterParticles@@YAXABUCVec3@@0I@Z 004098e0 f   cl_fx.obj
 0001:00008906       ?CL_BlasterTrail@@YAXAAUcentity_t@@@Z 00409906 f   cl_fx.obj
 0001:00008a09       ?CL_BlasterTrail2@@YAXAAUcentity_t@@@Z 00409a09 f   cl_fx.obj
 0001:00008a1c       ?CL_FlagTrail@@YAXAAUcentity_t@@H@Z 00409a1c f   cl_fx.obj
 0001:00008a38       ?CL_RocketTrail@@YAXAAUcentity_t@@@Z 00409a38 f   cl_fx.obj
 0001:00008a77       ?CL_BubbleTrail@@YAXABUCVec3@@0@Z 00409a77 f   cl_fx.obj
 0001:00008b11       ?CL_BubbleTrail2@@YAXABUCVec3@@0@Z 00409b11 f   cl_fx.obj
 0001:00008b29       ?CL_TagTrail@@YAXAAUcentity_t@@@Z 00409b29 f   cl_fx.obj
 0001:00008b3c       ?CL_DebugTrail@@YAXABUCVec3@@0@Z 00409b3c f   cl_fx.obj
 0001:00008b54       ?CL_ForceWall@@YAXABUCVec3@@0H@Z 00409b54 f   cl_fx.obj
 0001:00008b75       ?CL_BigTeleportParticles@@YAXABUCVec3@@@Z 00409b75 f   cl_fx.obj
 0001:00008cb0       ?CL_BfgParticles@@YAXABUCVec3@@@Z 00409cb0 f   cl_fx.obj
 0001:00008e2a       ?CL_FlyEffect@@YAXAAUcentity_t@@@Z 00409e2a f   cl_fx.obj
 0001:00008fb6       ?CL_DiminishingTrail@@YAXAAUcentity_t@@H@Z 00409fb6 f   cl_fx.obj
 0001:00009110       ?CL_RailTrail@@YAXABUCVec3@@0@Z 0040a110 f   cl_fx.obj
 0001:00009286       ?CL_RailTrailExt@@YAXABUCVec3@@0EE@Z 0040a286 f   cl_fx.obj
 0001:000093cb       ?CL_IonripperTrail@@YAXAAUcentity_t@@@Z 0040a3cb f   cl_fx.obj
 0001:00009525       ?CL_TrapParticles@@YAXABUCVec3@@@Z 0040a525 f   cl_fx.obj
 0001:00009698       ?CL_TeleportParticles@@YAXABUCVec3@@@Z 0040a698 f   cl_fx.obj
 0001:000097ce       ?CL_Heatbeam@@YAXABUCVec3@@0@Z 0040a7ce f   cl_fx.obj
 0001:00009a74       ?CL_ParticleSteamEffect@@YAXABUCVec3@@0HHH@Z 0040aa74 f   cl_fx.obj
 0001:00009bad       ?CL_ParticleSmokeEffect@@YAXABUCVec3@@0@Z 0040abad f   cl_fx.obj
 0001:00009cc9       ?CL_TrackerTrail@@YAXAAUcentity_t@@@Z 0040acc9 f   cl_fx.obj
 0001:00009e47       ?CL_TrackerShell@@YAXABUCVec3@@@Z 0040ae47 f   cl_fx.obj
 0001:00009ed3       ?CL_MonsterPlasmaShell@@YAXABUCVec3@@@Z 0040aed3 f   cl_fx.obj
 0001:00009f5c       ?CL_WidowSplash@@YAXABUCVec3@@@Z 0040af5c f   cl_fx.obj
 0001:0000a03d       ?CL_InitInput@@YAXXZ       0040b03d f   cl_input.obj
 0001:0000a59a       ?CL_SendCmd@@YAXXZ         0040b59a f   cl_input.obj
 0001:0000ab7d       ?CL_WriteDemoMessage@@YAXXZ 0040bb7d f   cl_main.obj
 0001:0000abbf       ?Cmd_ForwardToServer@@YAXHPAPAD@Z 0040bbbf f   cl_main.obj
 0001:0000ac82       ?CL_ForwardToServer_f@@YAXHPAPAD@Z 0040bc82 f   cl_main.obj
 0001:0000acca       ?CL_Pause@@YAX_N@Z         0040bcca f   cl_main.obj
 0001:0000ad0c       ?CL_Drop@@YAX_N@Z          0040bd0c f   cl_main.obj
 0001:0000ad33       ?CL_SendConnectPacket@@YAXXZ 0040bd33 f   cl_main.obj
 0001:0000ad99       ?CL_Connect_f@@YAX_NHPAPAD@Z 0040bd99 f   cl_main.obj
 0001:0000ae04       ?CL_Rcon_f@@YAXHPAPAD@Z    0040be04 f   cl_main.obj
 0001:0000aef0       ?CL_Disconnect@@YAXXZ      0040bef0 f   cl_main.obj
 0001:0000b09b       ?CL_Disconnect_f@@YAXXZ    0040c09b f   cl_main.obj
 0001:0000b0a5       ?CL_Changing_f@@YAXXZ      0040c0a5 f   cl_main.obj
 0001:0000b0c9       ?CL_Reconnect_f@@YAXXZ     0040c0c9 f   cl_main.obj
 0001:0000b165       ?CL_PingServers_f@@YAXXZ   0040c165 f   cl_main.obj
 0001:0000b267       ?CL_Skins_f@@YAXXZ         0040c267 f   cl_main.obj
 0001:0000b550       ?CL_ConnectionlessPacket@@YAXXZ 0040c550 f   cl_main.obj
 0001:0000b64d       ?CL_Userinfo_f@@YAXXZ      0040c64d f   cl_main.obj
 0001:0000b668       ?CL_RegisterSounds@@YAXXZ  0040c668 f   cl_main.obj
 0001:0000b6a7       ?CL_Snd_Restart_f@@YAXXZ   0040c6a7 f   cl_main.obj
 0001:0000b6b6       ?CL_WriteConfiguration@@YAXPBD@Z 0040c6b6 f   cl_main.obj
 0001:0000b79d       ?CL_WriteConfig_f@@YAX_NHPAPAD@Z 0040c79d f   cl_main.obj
 0001:0000b808       ?CL_FixCvarCheats@@YAXXZ   0040c808 f   cl_main.obj
 0001:0000b859       ?CL_Frame@@YAXMM@Z         0040c859 f   cl_main.obj
 0001:0000bcd6       ?CL_ClearState@@YAXXZ      0040ccd6 f   cl_main.obj
 0001:0000bd14       ?CL_Init@@YAXXZ            0040cd14 f   cl_main.obj
 0001:0000c1d2       ?CL_Shutdown@@YAXXZ        0040d1d2 f   cl_main.obj
 0001:0000c22e       ?CL_ParseClientinfo@@YAXH@Z 0040d22e f   cl_parse.obj
 0001:0000c2e3       ?CL_UpdatePlayerClientInfo@@YAXXZ 0040d2e3 f   cl_parse.obj
 0001:0000c324       ?CL_ParseServerMessage@@YAXXZ 0040d324 f   cl_parse.obj
 0001:0000cb16       ?FreePlayerModelsInfo@@YAXXZ 0040db16 f   cl_playermodel.obj
 0001:0000cb3c       ?ScanPlayerModels@@YA_NXZ  0040db3c f   cl_playermodel.obj
 0001:0000cf34       ?RunAnimation@@YAXAAUclientInfo_t@@AAUanimState_t@@H@Z 0040df34 f   cl_playermodel.obj
 0001:0000d115       ?CL_LoadClientinfo@@YAXAAUclientInfo_t@@PBD_N@Z 0040e115 f   cl_playermodel.obj
 0001:0000dda1       ?ParsePlayerEntity@@YAHAAUcentity_t@@AAUclientInfo_t@@PAUclEntityState_t@@ABUentity_t@@PAU4@HH@Z 0040eda1 f   cl_playermodel.obj
 0001:0000e8f6       ?CreateAndInsert@?$TList@VCStringItem@@@@QAEPAVCStringItem@@PBDPAVCMemoryChain@@@Z 0040f8f6 f i cl_playermodel.obj
 0001:0000e92c       ?Insert@?$TList@VCStringItem@@@@QAE_NPAVCStringItem@@@Z 0040f92c f i cl_playermodel.obj
 0001:0000e92c       ?Insert@?$TList@VshaderScript_t@OpenGLDrv@@@@QAE_NPAVshaderScript_t@OpenGLDrv@@@Z 0040f92c f i cl_playermodel.obj
 0001:0000e92c       ?Insert@?$TList@VplayerModelInfo_t@@@@QAE_NPAVplayerModelInfo_t@@@Z 0040f92c f i cl_playermodel.obj
 0001:0000e962       ?CL_CheckPredictionError@@YAXXZ 0040f962 f   cl_pred.obj
 0001:0000eaf5       ?CL_EntityTrace@@YAXAAUtrace_t@@ABUCVec3@@1ABUCBox@@H@Z 0040faf5 f   cl_pred.obj
 0001:0000ee91       ?CL_Trace@@YAXAAUtrace_t@@ABUCVec3@@1ABUCBox@@H@Z 0040fe91 f   cl_pred.obj
 0001:0000ef0d       ?CL_PMpointcontents@@YAHABUCVec3@@@Z 0040ff0d f   cl_pred.obj
 0001:0000f099       ?CL_PredictMovement@@YAXXZ 00410099 f   cl_pred.obj
 0001:0000f43e       ?DrawString@@YAXHHPBD@Z    0041043e f   cl_scrn.obj
 0001:0000f483       ?SCR_DebugGraph@@YAXMH@Z   00410483 f   cl_scrn.obj
 0001:0000f4ab       ?SCR_CenterPrint@@YAXPBD@Z 004104ab f   cl_scrn.obj
 0001:0000f5b1       ?Key_Message@@YAXH@Z       004105b1 f   cl_scrn.obj
 0001:0000f64d       ?SCR_SetLevelshot@@YAXPBD@Z 0041064d f   cl_scrn.obj
 0001:0000f746       ?SCR_BeginLoadingPlaque@@YAXXZ 00410746 f   cl_scrn.obj
 0001:0000f7d1       ?SCR_EndLoadingPlaque@@YAX_N@Z 004107d1 f   cl_scrn.obj
 0001:0000f856       ?SCR_LoadingNotify@@YAXPBDM@Z 00410856 f   cl_scrn.obj
 0001:0000f87d       ?SCR_ShowConsole@@YAX_N0@Z 0041087d f   cl_scrn.obj
 0001:0000f942       ?SCR_ToggleConsole@@YAXXZ  00410942 f   cl_scrn.obj
 0001:0000f96a       ?SCR_TouchPics@@YAXXZ      0041096a f   cl_scrn.obj
 0001:0000f9c0       ?SCR_UpdateScreen@@YAXXZ   004109c0 f   cl_scrn.obj
 0001:00010d4e       ?SCR_Init@@YAXXZ           00411d4e f   cl_scrn.obj
 0001:0001108c       ?sprintf@?$TString@$0BA@@@QAAHPBDZZ 0041208c f i cl_scrn.obj
 0001:000110a5       ?CL_RegisterTEntSounds@@YAXXZ 004120a5 f   cl_tent.obj
 0001:000112ea       ?CL_RegisterTEntModels@@YAXXZ 004122ea f   cl_tent.obj
 0001:00011437       ?CL_ClearTEnts@@YAXXZ      00412437 f   cl_tent.obj
 0001:00011468       ?CL_SmokeAndFlash@@YAXABUCVec3@@@Z 00412468 f   cl_tent.obj
 0001:000115fe       ?CL_ParseTEnt@@YAXXZ       004125fe f   cl_tent.obj
 0001:000127e2       ?CL_AddTEnts@@YAXXZ        004137e2 f   cl_tent.obj
 0001:000131eb       ?V_AddEntity@@YAXPAUentity_t@@@Z 004141eb f   cl_view.obj
 0001:00013226       ?V_AddEntity2@@YAXPAUentity_t@@@Z 00414226 f   cl_view.obj
 0001:00013255       ?AddEntityWithEffects2@@YAXPAUentity_t@@I@Z 00414255 f   cl_view.obj
 0001:000132f4       ?AddEntityWithEffects@@YAXPAUentity_t@@I@Z 004142f4 f   cl_view.obj
 0001:00013313       ?V_AddLight@@YAXABUCVec3@@MMMM@Z 00414313 f   cl_view.obj
 0001:00013358       ?V_TestEntities@@YAXXZ     00414358 f   cl_view.obj
 0001:00013485       ?V_TestLights@@YAXXZ       00414485 f   cl_view.obj
 0001:0001355b       ?V_InitRenderer@@YAXXZ     0041455b f   cl_view.obj
 0001:00013997       ?CalcFov@@YAMMMM@Z         00414997 f   cl_view.obj
 0001:00013a05       ?V_RenderView@@YA_NXZ      00414a05 f   cl_view.obj
 0001:00014645       ?V_Init@@YAXXZ             00415645 f   cl_view.obj
 0001:000146f4       ?Con_ClearNotify@@YAXXZ    004156f4 f   console.obj
 0001:00014703       ?Con_CheckResize@@YAXXZ    00415703 f   console.obj
 0001:0001482a       ?Write@COutputDeviceCon@@UAEXPBD@Z 0041582a f   console.obj
 0001:00014a2f       ?Con_DrawNotify@@YAX_N@Z   00415a2f f   console.obj
 0001:00014c02       ?Con_DrawConsole@@YAXM@Z   00415c02 f   console.obj
 0001:00014eb6       ?Con_ClearTyping@@YAXXZ    00415eb6 f   console.obj
 0001:00014ecf       ?Key_Console@@YAXHH@Z      00415ecf f   console.obj
 0001:00015317       ?Con_Init@@YAXXZ           00416317 f   console.obj
 0001:00015485       ?Key_KeynumToString@@YAPBDH@Z 00416485 f   keys.obj
 0001:00015545       ?Draw@completeMenu_t@@UAEXXZ 00416545 f i keys.obj
 0001:00015576       ?KeyDown@completeMenu_t@@UAEPBDH@Z 00416576 f i keys.obj
 0001:0001559f       ?Init@completeMenu_t@@UAE_NXZ 0041659f f i keys.obj
 0001:000156c6       ?CompleteMenuCallback@completeMenu_t@@SAXPAX@Z 004166c6 f i keys.obj
 0001:00015754       ?CompleteCommand@@YAXXZ    00416754 f   keys.obj
 0001:00015e5f       ?Key_SetBinding@@YAXHPBD@Z 00416e5f f   keys.obj
 0001:00015e9d       ?Key_FindBinding@@YAHPBDPAHH@Z 00416e9d f   keys.obj
 0001:00015eeb       ?Key_WriteBindings@@YAXPAVCOutputDevice@@@Z 00416eeb f   keys.obj
 0001:00015f32       ?Key_Init@@YAXXZ           00416f32 f   keys.obj
 0001:00016216       ?Key_Event@@YAXH_N@Z       00417216 f   keys.obj
 0001:0001656f       ?Key_ClearStates@@YAXXZ    0041756f f   keys.obj
 0001:000165a4       ?M_ForceMenuOn@@YAXXZ      004175a4 f   menu.obj
 0001:000165c3       ?Draw@menuMain_t@@UAEXXZ   004175c3 f i menu.obj
 0001:000166ff       ?KeyDown@menuMain_t@@UAEPBDH@Z 004176ff f i menu.obj
 0001:000167bb       ?Init@menuMain_t@@UAE_NXZ  004177bb f i menu.obj
 0001:000167c3       ?M_Menu_Main_f@@YAXXZ      004177c3 f   menu.obj
 0001:000167dd       ?Init@multiplayerMenu_t@@UAE_NXZ 004177dd f i menu.obj
 0001:00016901       ?Init@keysMenu_t@@UAE_NXZ  00417901 f i menu.obj
 0001:00016aea       ?KeyCursorDrawFunc@keysMenu_t@@SAXPAUmenuFramework_t@@@Z 00417aea f i menu.obj
 0001:00016b2a       ?DrawKeyBindingFunc@keysMenu_t@@SAXPAX@Z 00417b2a f i menu.obj
 0001:00016bf1       ?KeyDown@keysMenu_t@@UAEPBDH@Z 00417bf1 f i menu.obj
 0001:00016c9e       ?UnbindCommand@keysMenu_t@@QAEXPAD@Z 00417c9e f i menu.obj
 0001:00016ce3       ?KeyBindingFunc@keysMenu_t@@QAEXPAX@Z 00417ce3 f i menu.obj
 0001:00016d42       ?Init@optionsMenu_t@@UAE_NXZ 00417d42 f i menu.obj
 0001:000170ec       ?CrosshairFunc@optionsMenu_t@@SAXPAX@Z 004180ec f i menu.obj
 0001:00017114       ?JoystickFunc@optionsMenu_t@@SAXPAX@Z 00418114 f i menu.obj
 0001:00017129       ?AlwaysRunFunc@optionsMenu_t@@SAXPAX@Z 00418129 f i menu.obj
 0001:0001713e       ?MouseSpeedFunc@optionsMenu_t@@SAXPAX@Z 0041813e f i menu.obj
 0001:0001715b       ?InvertMouseFunc@optionsMenu_t@@SAXPAX@Z 0041815b f i menu.obj
 0001:00017194       ?UpdateVolumeFunc@optionsMenu_t@@SAXPAX@Z 00418194 f i menu.obj
 0001:000171b1       ?UpdateCDVolumeFunc@optionsMenu_t@@SAXPAX@Z 004181b1 f i menu.obj
 0001:000171cb       ?SetMenuItemValues@optionsMenu_t@@SAXXZ 004181cb f i menu.obj
 0001:00017313       ?ResetDefaultsFunc@optionsMenu_t@@SAXPAX@Z 00418313 f i menu.obj
 0001:00017328       ?UpdateSoundFunc@optionsMenu_t@@SAXPAX@Z 00418328 f i menu.obj
 0001:0001752b       ?ScanCrosshairs@optionsMenu_t@@SAXXZ 0041852b f i menu.obj
 0001:00017588       ?Draw@optionsMenu_t@@UAEXXZ 00418588 f i menu.obj
 0001:000175ed       ?Draw@creditsMenu_t@@UAEXXZ 004185ed f i menu.obj
 0001:00017694       ?KeyDown@creditsMenu_t@@UAEPBDH@Z 00418694 f i menu.obj
 0001:000176cf       ?Init@creditsMenu_t@@UAE_NXZ 004186cf f i menu.obj
 0001:00017750       ?Init@gameMenu_t@@UAE_NXZ  00418750 f i menu.obj
 0001:000178db       ?EasyGameFunc@gameMenu_t@@SAXPAX@Z 004188db f i menu.obj
 0001:000178e7       ?StartGame@gameMenu_t@@SAXPBD@Z 004188e7 f i menu.obj
 0001:0001793f       ?MediumGameFunc@gameMenu_t@@SAXPAX@Z 0041893f f i menu.obj
 0001:0001794b       ?HardGameFunc@gameMenu_t@@SAXPAX@Z 0041894b f i menu.obj
 0001:00017967       ?Init@savegameMenu_t@@UAE_NXZ 00418967 f i menu.obj
 0001:00017a77       ?Create_Savestrings@savegameMenu_t@@QAEXXZ 00418a77 f i menu.obj
 0001:00017b2c       ?LoadGameCallback@savegameMenu_t@@SAXPAX@Z 00418b2c f i menu.obj
 0001:00017b55       ?SaveGameCallback@savegameMenu_t@@SAXPAX@Z 00418b55 f i menu.obj
 0001:00017b74       ?Draw@savegameMenu_t@@UAEXXZ 00418b74 f i menu.obj
 0001:00017b8f       ?DrawSavegameShot@savegameMenu_t@@QAEXHH@Z 00418b8f f i menu.obj
 0001:00017c6a       ?Init@joinserverMenu_t@@UAE_NXZ 00418c6a f i menu.obj
 0001:00017d93       ?JoinServerFunc@joinserverMenu_t@@SAXPAX@Z 00418d93 f i menu.obj
 0001:00017df5       ?SearchLocalGames@joinserverMenu_t@@SAXXZ 00418df5 f i menu.obj
 0001:00017e60       ?M_AddToServerList@@YAXUnetadr_t@@PAD@Z 00418e60 f   menu.obj
 0001:00017ee1       ?Init@startserverMenu_t@@UAE_NXZ 00418ee1 f i menu.obj
 0001:0001836f       ?DMOptionsFunc@startserverMenu_t@@SAXPAX@Z 0041936f f i menu.obj
 0001:0001837f       ?RulesChangeFunc@startserverMenu_t@@SAXPAX@Z 0041937f f i menu.obj
 0001:000183f7       ?StartServerActionFunc@startserverMenu_t@@SAXPAX@Z 004193f7 f i menu.obj
 0001:00018422       ?StartServerFunc@startserverMenu_t@@SAXPAD@Z 00419422 f i menu.obj
 0001:00018658       ?KeyDown@startserverMenu_t@@UAEPBDH@Z 00419658 f i menu.obj
 0001:000186b5       ?Init@dmoptionsMenu_t@@UAE_NXZ 004196b5 f i menu.obj
 0001:00018c92       ?DMFlagCallback@dmoptionsMenu_t@@SAXPAX@Z 00419c92 f i menu.obj
 0001:00018e68       ?Init@downloadOptionsMenu_t@@UAE_NXZ 00419e68 f i menu.obj
 0001:00019033       ?DownloadCallback@downloadOptionsMenu_t@@SAXPAX@Z 0041a033 f i menu.obj
 0001:0001909e       ?Init@addressBookMenu_t@@UAE_NXZ 0041a09e f i menu.obj
 0001:00019146       ?KeyDown@addressBookMenu_t@@UAEPBDH@Z 0041a146 f i menu.obj
 0001:000191a3       ?Init@playerConfigMenu_t@@UAE_NXZ 0041a1a3 f i menu.obj
 0001:000196ea       ?HandednessCallback@playerConfigMenu_t@@SAXPAX@Z 0041a6ea f i menu.obj
 0001:000196ff       ?RTypeCallback@playerConfigMenu_t@@SAXPAX@Z 0041a6ff f i menu.obj
 0001:00019714       ?RColorCallback@playerConfigMenu_t@@SAXPAX@Z 0041a714 f i menu.obj
 0001:00019729       ?RateCallback@playerConfigMenu_t@@SAXPAX@Z 0041a729 f i menu.obj
 0001:0001974c       ?ModelCallback@playerConfigMenu_t@@SAXPAX@Z 0041a74c f i menu.obj
 0001:00019780       ?SkinCallback@playerConfigMenu_t@@SAXPAX@Z 0041a780 f i menu.obj
 0001:00019788       ?Draw@playerConfigMenu_t@@UAEXXZ 0041a788 f i menu.obj
 0001:00019a6a       ?KeyDown@playerConfigMenu_t@@UAEPBDH@Z 0041aa6a f i menu.obj
 0001:00019b49       ?Init@dmbrowseMenu_t@@UAE_NXZ 0041ab49 f i menu.obj
 0001:00019d50       ?KeyDown@dmbrowseMenu_t@@UAEPBDH@Z 0041ad50 f i menu.obj
 0001:00019f14       ?Draw@dmbrowseMenu_t@@UAEXXZ 0041af14 f i menu.obj
 0001:0001a059       ?DrawThumbnail@dmbrowseMenu_t@@SAXHHHHPAD_N@Z 0041b059 f i menu.obj
 0001:0001a133       ?Init@videoMenu_t@@UAE_NXZ 0041b133 f i menu.obj
 0001:0001a6ec       ?ScreenSizeCallback@videoMenu_t@@SAXPAX@Z 0041b6ec f i menu.obj
 0001:0001a70a       ?BrightnessCallback@videoMenu_t@@SAXPAX@Z 0041b70a f i menu.obj
 0001:0001a728       ?ContrastCallback@videoMenu_t@@SAXPAX@Z 0041b728 f i menu.obj
 0001:0001a761       ?CancelChanges@videoMenu_t@@SAXPAX@Z 0041b761 f i menu.obj
 0001:0001a782       ?KeyDown@videoMenu_t@@UAEPBDH@Z 0041b782 f i menu.obj
 0001:0001a7c9       ?ApplyChanges@videoMenu_t@@SAXPAX@Z 0041b7c9 f i menu.obj
 0001:0001a980       ?KeyDown@quitMenu_t@@UAEPBDH@Z 0041b980 f i menu.obj
 0001:0001a9ba       ?Draw@quitMenu_t@@UAEXXZ   0041b9ba f i menu.obj
 0001:0001aa2a       ?M_Init@@YAXXZ             0041ba2a f   menu.obj
 0001:0001ac0c       ?ItemAtCursor@menuFramework_t@@QAEPAUmenuCommon_t@@XZ 0041bc0c f   qmenu.obj
 0001:0001ac60       ?AddItem@menuFramework_t@@QAEXPAUmenuCommon_t@@@Z 0041bc60 f   qmenu.obj
 0001:0001ad1c       ?AdjustCursor@menuFramework_t@@QAEXH@Z 0041bd1c f   qmenu.obj
 0001:0001ae8b       ?Center@menuFramework_t@@QAEXXZ 0041be8b f   qmenu.obj
 0001:0001aecc       ?Draw@menuFramework_t@@UAEXXZ 0041becc f   qmenu.obj
 0001:0001b491       ?SelectItem@menuFramework_t@@QAE_NXZ 0041c491 f   qmenu.obj
 0001:0001b4ef       ?SetStatusBar@menuFramework_t@@QAEXPBD@Z 0041c4ef f   qmenu.obj
 0001:0001b4f9       ?SlideItem@menuFramework_t@@QAEXH@Z 0041c4f9 f   qmenu.obj
 0001:0001ba76       ?Push@menuFramework_t@@QAEXXZ 0041ca76 f   qmenu.obj
 0001:0001baf5       ?M_ForceMenuOff@@YAXXZ     0041caf5 f   qmenu.obj
 0001:0001bb22       ?Pop@menuFramework_t@@QAEXXZ 0041cb22 f   qmenu.obj
 0001:0001bb5c       ?KeyDown@menuFramework_t@@UAEPBDH@Z 0041cb5c f   qmenu.obj
 0001:0001bdd0       ?Init@menuFramework_t@@UAE_NXZ 0041cdd0 f   qmenu.obj
 0001:0001bdd3       ?M_Draw@@YAXXZ             0041cdd3 f   qmenu.obj
 0001:0001be0e       ?M_Keydown@@YAXH@Z         0041ce0e f   qmenu.obj
 0001:0001be2d       ?InitRendererVars@@YAXXZ   0041ce2d f   ref_vars.obj
 0001:0001be4c       ?S_SoundInfo_f@@YAXXZ      0041ce4c f   snd_dma.obj
 0001:0001bec6       ?S_Init@@YAXXZ             0041cec6 f   snd_dma.obj
 0001:0001bf98       ?S_Shutdown@@YAXXZ         0041cf98 f   snd_dma.obj
 0001:0001c02b       ?S_BeginRegistration@@YAXXZ 0041d02b f   snd_dma.obj
 0001:0001c039       ?S_RegisterSound@@YAPAUsfx_t@@PBD@Z 0041d039 f   snd_dma.obj
 0001:0001c1e0       ?S_EndRegistration@@YAXXZ  0041d1e0 f   snd_dma.obj
 0001:0001c263       ?S_PickChannel@@YAPAUchannel_t@@HH@Z 0041d263 f   snd_dma.obj
 0001:0001c2f0       ?S_Spatialize@@YAXPAUchannel_t@@@Z 0041d2f0 f   snd_dma.obj
 0001:0001c4d0       ?S_AllocPlaysound@@YAPAUplaysound_t@@XZ 0041d4d0 f   snd_dma.obj
 0001:0001c4f2       ?S_FreePlaysound@@YAXPAUplaysound_t@@@Z 0041d4f2 f   snd_dma.obj
 0001:0001c522       ?S_IssuePlaysound@@YAXPAUplaysound_t@@@Z 0041d522 f   snd_dma.obj
 0001:0001c5ef       ?S_StartSound@@YAXPBUCVec3@@HHPAUsfx_t@@MMM@Z 0041d5ef f   snd_dma.obj
 0001:0001c9b0       ?S_StartLocalSound@@YAXPBD@Z 0041d9b0 f   snd_dma.obj
 0001:0001c9ff       ?S_ClearBuffer@@YAXXZ      0041d9ff f   snd_dma.obj
 0001:0001ca68       ?S_StopAllSounds_f@@YAXXZ  0041da68 f   snd_dma.obj
 0001:0001cad8       ?S_AddLoopSounds@@YAXXZ    0041dad8 f   snd_dma.obj
 0001:0001ccae       ?S_RawSamples@@YAXHHHHPAE@Z 0041dcae f   snd_dma.obj
 0001:0001ceb2       ?S_Update@@YAXABUCVec3@@0@Z 0041deb2 f   snd_dma.obj
 0001:0001cf88       ?GetSoundtime@@YAXXZ       0041df88 f   snd_dma.obj
 0001:0001cfef       ?S_Update_@@YAXXZ          0041dfef f   snd_dma.obj
 0001:0001d2a2       ?S_LoadSound@@YAPAUsfxcache_t@@PAUsfx_t@@@Z 0041e2a2 f   snd_mem.obj
 0001:0001d82d       ?S_WriteLinearBlastStereo16@@YAXXZ 0041e82d f   snd_mix.obj
 0001:0001d897       ?S_TransferStereo16@@YAXPAKH@Z 0041e897 f   snd_mix.obj
 0001:0001d900       ?S_TransferPaintBuffer@@YAXH@Z 0041e900 f   snd_mix.obj
 0001:0001da64       ?S_PaintChannels@@YAXH@Z   0041ea64 f   snd_mix.obj
 0001:0001dce0       ?S_InitScaletable@@YAXXZ   0041ece0 f   snd_mix.obj
 0001:0001de25       ?SV_ComputeAnimation@@YAXPAUplayer_state_t@@AAUentityStateEx_t@@PAU2@PAUedict_s@@@Z 0041ee25 f   sv_anim.obj
 0001:0001e2d3       ?SV_ReadLevelFile@@YAXXZ   0041f2d3 f   sv_ccmds.obj
 0001:0001e381       ?SV_AddressBanned@@YA_NPAUnetadr_t@@@Z 0041f381 f   sv_ccmds.obj
 0001:0001e3c2       ?SV_InitCommands@@YAXXZ    0041f3c2 f   sv_ccmds.obj
 0001:0001f820       ?sprintf@?$TString@$0CI@@@QAAHPBDZZ 00420820 f i sv_ccmds.obj
 0001:0001f839       ?SV_WriteFrameToClient@@YAXPAUclient_t@@PAVsizebuf_t@@@Z 00420839 f   sv_ents.obj
 0001:0001ff7f       ?SV_RecordDemoMessage@@YAXXZ 00420f7f f   sv_ents.obj
 0001:0002014d       ?SV_MulticastOld@@YAXABUCVec3@@W4multicast_t@@@Z 0042114d f i sv_game.obj
 0001:00020160       ?SV_StartSoundOld@@YAXPBUCVec3@@PAUedict_s@@HHMMM@Z 00421160 f i sv_game.obj
 0001:00020bee       ?SV_InitGameLibrary@@YAX_N@Z 00421bee f   sv_game.obj
 0001:00020ee0       ?SV_ShutdownGameLibrary@@YAXXZ 00421ee0 f   sv_game.obj
 0001:0002103d       ?SV_FindIndex@@YAHPBDHH_N@Z 0042203d f   sv_init.obj
 0001:0002114c       ?SV_ModelIndex@@YAHPBD@Z   0042214c f   sv_init.obj
 0001:00021162       ?SV_SoundIndex@@YAHPBD@Z   00422162 f   sv_init.obj
 0001:0002117b       ?SV_ImageIndex@@YAHPBD@Z   0042217b f   sv_init.obj
 0001:00021194       ?SV_CreateBaseline@@YAXXZ  00422194 f   sv_init.obj
 0001:00021211       ?SV_SpawnServer@@YAXPAD0W4server_state_t@@_N2@Z 00422211 f   sv_init.obj
 0001:00021562       ?SV_InitGame@@YAXXZ        00422562 f   sv_init.obj
 0001:0002178a       ?SV_Map@@YAX_NPBD0@Z       0042278a f   sv_init.obj
 0001:0002194c       ?SV_DropClient@@YAXPAUclient_t@@PAD@Z 0042294c f   sv_main.obj
 0001:00022370       ??0COutputDeviceMem@@QAE@H@Z 00423370 f i sv_main.obj
 0001:0002239e       ?Write@COutputDeviceMem@@UAEXPBD@Z 0042339e f i sv_main.obj
 0001:00022423       ??_GCOutputDeviceMem@@UAEPAXI@Z 00423423 f i sv_main.obj
 0001:00022423       ??_ECOutputDeviceMem@@UAEPAXI@Z 00423423 f i sv_main.obj
 0001:0002243f       ??1COutputDeviceMem@@UAE@XZ 0042343f f i sv_main.obj
 0001:0002245e       ?SV_CalcPings@@YAXXZ       0042345e f   sv_main.obj
 0001:000224e5       ?SV_GiveMsec@@YAXXZ        004234e5 f   sv_main.obj
 0001:00022524       ?SV_ReadPackets@@YAXXZ     00423524 f   sv_main.obj
 0001:00022737       ?SV_CheckTimeouts@@YAXXZ   00423737 f   sv_main.obj
 0001:00022848       ?SV_PostprocessFrame@@YAXXZ 00423848 f   sv_main.obj
 0001:00022d1b       ?SV_MulticastHook@@YAPAVsizebuf_t@@PAV1@0@Z 00423d1b f   sv_main.obj
 0001:0002310b       ?SV_TraceHook@@YAXAAUtrace_t@@ABUCVec3@@PBU2@21PAUedict_s@@H@Z 0042410b f   sv_main.obj
 0001:0002328a       ?SV_Frame@@YAXM@Z          0042428a f   sv_main.obj
 0001:0002353d       ?SV_UserinfoChanged@@YAXPAUclient_t@@@Z 0042453d f   sv_main.obj
 0001:000235fe       ?SV_InitVars@@YAXXZ        004245fe f   sv_main.obj
 0001:0002360d       ?SV_Init@@YAXXZ            0042460d f   sv_main.obj
 0001:00023666       ?SV_Shutdown@@YAXPBD_N@Z   00424666 f   sv_main.obj
 0001:00023873       ?SV_ClientPrintf@@YAXPAUclient_t@@HPBDZZ 00424873 f   sv_send.obj
 0001:000238ce       ?SV_BroadcastPrintf@@YAXHPBDZZ 004248ce f   sv_send.obj
 0001:000239a4       ?SV_BroadcastCommand@@YAXPBDZZ 004249a4 f   sv_send.obj
 0001:000239fe       ?SV_Multicast@@YAXABUCVec3@@W4multicast_t@@_N@Z 004249fe f   sv_send.obj
 0001:00023c24       ?SV_StartSound@@YAXPBUCVec3@@PAUedict_s@@HHMMM_N@Z 00424c24 f   sv_send.obj
 0001:00023ef4       ?SV_SendClientDatagram@@YA_NPAUclient_t@@@Z 00424ef4 f   sv_send.obj
 0001:00023fb6       ?SV_DemoCompleted@@YAXXZ   00424fb6 f   sv_send.obj
 0001:00023fd2       ?SV_SendClientMessages@@YAXXZ 00424fd2 f   sv_send.obj
 0001:00024182       ?SV_DrawText3D@@YAXABUCVec3@@PBDI@Z 00425182 f   sv_text.obj
 0001:000241b9       ?SV_ClearTexts@@YAXXZ      004251b9 f   sv_text.obj
 0001:000241c1       ?SV_DrawTexts@@YAXXZ       004251c1 f   sv_text.obj
 0001:00024212       ??0?$TTextContainer@UCSVText@@$0BAAAA@@@QAE@XZ 00425212 f i sv_text.obj
 0001:00024237       ?SV_TokenizeString@@YAXPBD@Z 00425237 f   sv_tokenize.obj
 0001:0002430e       ?SV_Argc@@YAHXZ            0042530e f   sv_tokenize.obj
 0001:00024314       ?SV_Argv@@YAPADH@Z         00425314 f   sv_tokenize.obj
 0001:0002432e       ?SV_Args@@YAPADXZ          0042532e f   sv_tokenize.obj
 0001:00024bfc       ?SV_Nextserver@@YAXXZ      00425bfc f   sv_user.obj
 0001:00024c8b       ?SV_ClientThink@@YAXPAUclient_t@@PAUusercmd_t@@@Z 00425c8b f   sv_user.obj
 0001:00024d1c       ?SV_ExecuteClientMessage@@YAXPAUclient_t@@@Z 00425d1c f   sv_user.obj
 0001:0002506c       ?SV_ClearWorld@@YAXXZ      0042606c f   sv_world.obj
 0001:000251a7       ?SV_UnlinkEdict@@YAXPAUedict_s@@@Z 004261a7 f   sv_world.obj
 0001:0002526a       ?SV_LinkEdict@@YAXPAUedict_s@@@Z 0042626a f   sv_world.obj
 0001:00025854       ?SV_AreaEdicts@@YAHABUCVec3@@0PAPAUedict_s@@HH@Z 00426854 f   sv_world.obj
 0001:000259ef       ?SV_PointContents@@YAHABUCVec3@@@Z 004269ef f   sv_world.obj
 0001:00025b16       ?SV_Trace@@YAXAAUtrace_t@@ABUCVec3@@1ABUCBox@@PAUedict_s@@H@Z 00426b16 f   sv_world.obj
 0001:00025f95       ?InitByteDirs@@YAXXZ       00426f95 f   anorms.obj
 0001:00025fd4       ?Cbuf_AddText@@YAXPBD@Z    00426fd4 f   cmd.obj
 0001:00026036       ?Cbuf_CopyToDefer@@YAXXZ   00427036 f   cmd.obj
 0001:0002607e       ?Cbuf_InsertFromDefer@@YAXXZ 0042707e f   cmd.obj
 0001:00026137       ?Cbuf_Execute@@YAXXZ       00427137 f   cmd.obj
 0001:0002623d       ?Cmd_Unalias_f@@YAX_NHPAPAD@Z 0042723d f   cmd.obj
 0001:000262b3       ?Cmd_WriteAliases@@YAXPAVCOutputDevice@@@Z 004272b3 f   cmd.obj
 0001:000262e3       ?RegisterCommand@@YA_NPBDP6AXXZI@Z 004272e3 f   cmd.obj
 0001:000263c4       ?UnregisterCommand@@YA_NPBD@Z 004273c4 f   cmd.obj
 0001:00026455       ?ExecuteCommand@@YA_NPBD@Z 00427455 f   cmd.obj
 0001:00026898       ?ExecuteCommand@@YA_NPBDPBUCSimpleCommand@@H@Z 00427898 f   cmd.obj
 0001:00026cd5       ?CM_LoadMap@@YAPAUcmodel_t@@PBD_NPAI@Z 00427cd5 f   cmodel.obj
 0001:00027452       ?SetSignbits@cplane_t@@QAEXXZ 00428452 f i cmodel.obj
 0001:00027486       ?SetType@cplane_t@@QAEXXZ  00428486 f i cmodel.obj
 0001:000274fb       ?CMod_LoadLeafBrushes@@YAXPAGH@Z 004284fb f i cmodel.obj
 0001:00027609       ?CM_InlineModel@@YAPAUcmodel_t@@PBD@Z 00428609 f   cmodel.obj
 0001:0002764a       ?CM_NumClusters@@YAHXZ     0042864a f   cmodel.obj
 0001:00027650       ?CM_NumInlineModels@@YAHXZ 00428650 f   cmodel.obj
 0001:00027656       ?CM_EntityString@@YAPBDXZ  00428656 f   cmodel.obj
 0001:0002765c       ?CM_LeafContents@@YAHH@Z   0042865c f   cmodel.obj
 0001:00027683       ?CM_LeafCluster@@YAHH@Z    00428683 f   cmodel.obj
 0001:000276f9       ?CM_LeafArea@@YAHH@Z       004286f9 f   cmodel.obj
 0001:000278bc       ?CM_HeadnodeForBox@@YAHABUCBox@@@Z 004288bc f   cmodel.obj
 0001:00027971       ?CM_PointLeafnum@@YAHABUCVec3@@H@Z 00428971 f   cmodel.obj
 0001:00027a14       ?DistanceTo@cplane_t@@QAEMABUCVec3@@@Z 00428a14 f i cmodel.obj
 0001:00027a58       ?CM_PointContents@@YAHABUCVec3@@H@Z 00428a58 f   cmodel.obj
 0001:00027acd       ?CM_TransformedPointContents@@YAHABUCVec3@@H00@Z 00428acd f   cmodel.obj
 0001:00027bae       ?CM_TransformedPointContents@@YAHABUCVec3@@H0ABUCAxis@@@Z 00428bae f   cmodel.obj
 0001:00027c59       ?CM_BoxLeafnums@@YAHABUCBox@@PAHH1H@Z 00428c59 f   cmodel.obj
 0001:00027d6c       ?BOX_ON_PLANE_SIDE@@YAHABUCBox@@ABUcplane_t@@@Z 00428d6c f i cmodel.obj
 0001:00027dd6       ?CM_BoxTrace@@YAXAAUtrace_t@@ABUCVec3@@1ABUCBox@@HH@Z 00428dd6 f   cmodel.obj
 0001:0002876e       ?CM_TransformedBoxTrace@@YAXAAUtrace_t@@ABUCVec3@@1ABUCBox@@HH11@Z 0042976e f   cmodel.obj
 0001:000288eb       ?CM_TransformedBoxTrace@@YAXAAUtrace_t@@ABUCVec3@@1ABUCBox@@HH1ABUCAxis@@@Z 004298eb f   cmodel.obj
 0001:000289a8       ?CM_BrushTrace@@YAHABUCVec3@@0PAHH@Z 004299a8 f   cmodel.obj
 0001:00028d98       ?CM_RefineBrushTrace@@YAHABUCVec3@@0PAHH@Z 00429d98 f   cmodel.obj
 0001:00028e3e       ?CM_ClusterPVS@@YAPAEH@Z   00429e3e f   cmodel.obj
 0001:00028f8b       ?CM_ClusterPHS@@YAPAEH@Z   00429f8b f   cmodel.obj
 0001:000290f7       ?CM_SetAreaPortalState@@YAXH_N@Z 0042a0f7 f   cmodel.obj
 0001:0002911c       ?CM_AreasConnected@@YA_NHH@Z 0042a11c f   cmodel.obj
 0001:00029160       ?CM_WriteAreaBits@@YAHPAEH@Z 0042a160 f   cmodel.obj
 0001:00029202       ?CM_WritePortalState@@YAXPAU_iobuf@@@Z 0042a202 f   cmodel.obj
 0001:0002921c       ?CM_ReadPortalState@@YAXPAU_iobuf@@@Z 0042a21c f   cmodel.obj
 0001:0002923a       ?CM_HeadnodeVisible@@YA_NHPBE@Z 0042a23a f   cmodel.obj
 0001:00029315       ?Com_DPrintf@@YAXPBDZZ     0042a315 f   common.obj
 0001:0002938e       ?DebugPrintf@@YAXPBDZZ     0042a38e f   common.obj
 0001:0002943d       ?IPWildcard@@YA_NPAUnetadr_t@@PBD@Z 0042a43d f   common.obj
 0001:00029514       ?Com_ServerState@@YA?AW4server_state_t@@XZ 0042a514 f   common.obj
 0001:0002951a       ?Com_SetServerState@@YAXW4server_state_t@@@Z 0042a51a f   common.obj
 0001:00029524       ?crand@@YAMXZ              0042a524 f   common.obj
 0001:00029542       ?Info_ValueForKey@@YAPBDPBD0@Z 0042a542 f   common.obj
 0001:000295c1       ?Info_SetValueForKey@@YAXPADPBD1@Z 0042a5c1 f   common.obj
 0001:000296f8       ?Info_Print@@YAXPBD@Z      0042a6f8 f   common.obj
 0001:0002977e       ?Com_CheckCmdlineVar@@YA_NPBD@Z 0042a77e f   common.obj
 0001:000297d4       ?Com_Init@@YAXPBD@Z        0042a7d4 f   common.obj
 0001:00029b7b       ?Com_Frame@@YAXM@Z         0042ab7b f   common.obj
 0001:00029f75       ?Com_BlockSequenceCRCByte@@YAEPAEHH@Z 0042af75 f   crc.obj
 0001:0002a02b       ?Cvar_VariableValue@@YAMPBD@Z 0042b02b f   cvar.obj
 0001:0002a099       ?Cvar_VariableInt@@YAHPBD@Z 0042b099 f   cvar.obj
 0001:0002a0ac       ?Cvar_VariableString@@YAPBDPBD@Z 0042b0ac f   cvar.obj
 0001:0002a0c4       ?Cvar_Get@@YAPAUcvar_t@@PBD0H@Z 0042b0c4 f   cvar.obj
 0001:0002a38b       ?Cvar_GetVars@@YAXPBUcvarInfo_t@@H@Z 0042b38b f   cvar.obj
 0001:0002a435       ?Cvar_FullSet@@YAXPAUcvar_t@@PBDI@Z 0042b435 f   cvar.obj
 0001:0002a454       ?Cvar_FullSet@@YAPAUcvar_t@@PBD0I@Z 0042b454 f   cvar.obj
 0001:0002a494       ?Cvar_SetValue@@YAPAUcvar_t@@PBDM@Z 0042b494 f   cvar.obj
 0001:0002a62b       ?Cvar_SetInteger@@YAPAUcvar_t@@PBDH@Z 0042b62b f   cvar.obj
 0001:0002a64d       ?Cvar_Set@@YAPAUcvar_t@@PBD0@Z 0042b64d f   cvar.obj
 0001:0002a662       ?Cvar_ForceSet@@YAPAUcvar_t@@PBD0@Z 0042b662 f   cvar.obj
 0001:0002a677       ?Cvar_Clamp@@YAMPAUcvar_t@@MM@Z 0042b677 f   cvar.obj
 0001:0002a6d5       ?Cvar_Command@@YA_NHPAPAD@Z 0042b6d5 f   cvar.obj
 0001:0002a76e       ?IsDefault@cvar_t@@QAE_NXZ 0042b76e f i cvar.obj
 0001:0002a78b       ?Cvar_WriteVariables@@YAXPAVCOutputDevice@@HHPBD@Z 0042b78b f   cvar.obj
 0001:0002a811       ?Cvar_BitInfo@@YAPBDI@Z    0042b811 f   cvar.obj
 0001:0002a863       ?Cvar_Cheats@@YAX_N@Z      0042b863 f   cvar.obj
 0001:0002b0d6       ?MSG_WriteDeltaEntity@@YAXPAVsizebuf_t@@PBUentityStateEx_t@@PAU2@_N33@Z 0042c0d6 f   entdelta.obj
 0001:0002b692       ?MSG_WriteRemoveEntity@@YAXPAVsizebuf_t@@H@Z 0042c692 f   entdelta.obj
 0001:0002b6d2       ?MSG_ReadEntityBits@@YAHPAVsizebuf_t@@PAIPA_N@Z 0042c6d2 f   entdelta.obj
 0001:0002b743       ?MSG_ReadDeltaEntity@@YAXPAVsizebuf_t@@PBUentityStateEx_t@@PAU2@I@Z 0042c743 f   entdelta.obj
 0001:0002b7c6       ?MSG_WriteDeltaUsercmd@@YAXPAVsizebuf_t@@PBUusercmd_t@@PAU2@@Z 0042c7c6 f   entdelta.obj
 0001:0002b855       ?MSG_ReadDeltaUsercmd@@YAXPAVsizebuf_t@@PBUusercmd_t@@PAU2@@Z 0042c855 f   entdelta.obj
 0001:0002bb58       ?MSG_WriteDeltaPlayerstate@@YAXPAVsizebuf_t@@PBUplayer_state_t@@PAU2@@Z 0042cb58 f   entdelta.obj
 0001:0002bc61       ?MSG_ReadDeltaPlayerstate@@YAXPAVsizebuf_t@@PBUplayer_state_t@@PAU2@@Z 0042cc61 f   entdelta.obj
 0001:0002bd1b       ?LoadPCX@@YAXPBDAAPAE1AAH2@Z 0042cd1b f   images.obj
 0001:0002be56       ?LoadTGA@@YAXPBDAAPAEAAH2@Z 0042ce56 f   images.obj
 0001:0002c030       ?LoadJPG@@YAXPBDAAPAEAAH2@Z 0042d030 f   images.obj
 0001:0002c2ca       ?ImageExists@@YAHPBDH@Z    0042d2ca f   images.obj
 0001:0002c3ee       ?WriteTGA@@YA_NPBDPAEHH@Z  0042d3ee f   images.obj
 0001:0002c5e2       ?WriteJPG@@YA_NPBDPAEHH_N@Z 0042d5e2 f   images.obj
 0001:0002c713       ?MD4Init@@YAXPAUMD4_CTX@@@Z 0042d713 f   md4.obj
 0001:0002c73b       ?MD4Update@@YAXPAUMD4_CTX@@PAEI@Z 0042d73b f   md4.obj
 0001:0002c7d9       ?MD4Final@@YAXQAEPAUMD4_CTX@@@Z 0042d7d9 f   md4.obj
 0001:0002ceca       ?Com_BlockChecksum@@YAIPAXH@Z 0042deca f   md4.obj
 0001:0002cf06       ?LoadQ2BspFile@@YAXXZ      0042df06 f   model.obj
 0001:0002d2bc       ?LoadBspFile@@YAPAUbspfile_t@@PBD_NPAI@Z 0042e2bc f   model.obj
 0001:0002d475       ?ProcessEntstring@@YAPADPAD@Z 0042e475 f   model.obj
 0001:0002e31e       ?Init@sizebuf_t@@QAEXPAXH@Z 0042f31e f   msg.obj
 0001:0002e339       ?Write@sizebuf_t@@QAEXPBXH@Z 0042f339 f   msg.obj
 0001:0002e3a9       ?MSG_WriteByte@@YAXPAVsizebuf_t@@H@Z 0042f3a9 f   msg.obj
 0001:0002e3a9       ?MSG_WriteChar@@YAXPAVsizebuf_t@@H@Z 0042f3a9 f   msg.obj
 0001:0002e3ba       ?MSG_WriteShort@@YAXPAVsizebuf_t@@H@Z 0042f3ba f   msg.obj
 0001:0002e3cb       ?MSG_WriteLong@@YAXPAVsizebuf_t@@H@Z 0042f3cb f   msg.obj
 0001:0002e3cb       ?MSG_WriteFloat@@YAXPAVsizebuf_t@@M@Z 0042f3cb f   msg.obj
 0001:0002e3dc       ?MSG_WriteString@@YAXPAVsizebuf_t@@PBD@Z 0042f3dc f   msg.obj
 0001:0002e406       ?MSG_WritePos@@YAXPAVsizebuf_t@@ABUCVec3@@@Z 0042f406 f   msg.obj
 0001:0002e46a       ?MSG_WriteAngle@@YAXPAVsizebuf_t@@M@Z 0042f46a f   msg.obj
 0001:0002e495       ?MSG_WriteAngle16@@YAXPAVsizebuf_t@@M@Z 0042f495 f   msg.obj
 0001:0002e4c0       ?MSG_WriteDir@@YAXPAVsizebuf_t@@ABUCVec3@@@Z 0042f4c0 f   msg.obj
 0001:0002e528       ?MSG_ReadDir@@YAXPAVsizebuf_t@@AAUCVec3@@@Z 0042f528 f   msg.obj
 0001:0002e559       ?MSG_ReadChar@@YAHPAVsizebuf_t@@@Z 0042f559 f   msg.obj
 0001:0002e579       ?MSG_ReadByte@@YAHPAVsizebuf_t@@@Z 0042f579 f   msg.obj
 0001:0002e599       ?MSG_ReadShort@@YAHPAVsizebuf_t@@@Z 0042f599 f   msg.obj
 0001:0002e5b9       ?MSG_ReadLong@@YAHPAVsizebuf_t@@@Z 0042f5b9 f   msg.obj
 0001:0002e5d8       ?MSG_ReadString@@YAPADPAVsizebuf_t@@@Z 0042f5d8 f   msg.obj
 0001:0002e60b       ?MSG_ReadPos@@YAXPAVsizebuf_t@@AAUCVec3@@@Z 0042f60b f   msg.obj
 0001:0002e65d       ?MSG_ReadAngle@@YAMPAVsizebuf_t@@@Z 0042f65d f   msg.obj
 0001:0002e677       ?MSG_ReadAngle16@@YAMPAVsizebuf_t@@@Z 0042f677 f   msg.obj
 0001:0002e691       ?MSG_ReadData@@YAXPAVsizebuf_t@@PAXH@Z 0042f691 f   msg.obj
 0001:0002e6b4       ?Netchan_Init@@YAXXZ       0042f6b4 f   net_chan.obj
 0001:0002e723       ?Netchan_OutOfBandPrint@@YAXW4netsrc_t@@Unetadr_t@@PBDZZ 0042f723 f   net_chan.obj
 0001:0002e7a8       ?Setup@netchan_t@@QAEXW4netsrc_t@@Unetadr_t@@H@Z 0042f7a8 f   net_chan.obj
 0001:0002e7fd       ?NeedReliable@netchan_t@@QAE_NXZ 0042f7fd f   net_chan.obj
 0001:0002e822       ?Transmit@netchan_t@@QAEXPAXH@Z 0042f822 f   net_chan.obj
 0001:0002e9b8       ?Process@netchan_t@@QAE_NPAVsizebuf_t@@@Z 0042f9b8 f   net_chan.obj
 0001:0002eae5       ?Pmove@@YAXPAUpmove_t@@@Z  0042fae5 f   pmove.obj
 0001:00030746       ?NormalizeColor@@YAMABUCVec3@@AAU1@@Z 00431746 f   q_shared2.obj
 0001:000307a2       ?NormalizeColor255@@YAMABUCVec3@@AAU1@@Z 004317a2 f   q_shared2.obj
 0001:00030802       ?appRsqrt@@YAMM@Z          00431802 f   q_shared2.obj
 0001:0003082e       ?AngleVectors@@YAXABUCVec3@@PAU1@11@Z 0043182e f   q_shared2.obj
 0001:0003098f       ?MakeNormalVectors@@YAXABUCVec3@@AAU1@1@Z 0043198f f   q_shared2.obj
 0001:000309fe       ?Vec2Angles@@YAXABUCVec3@@AAU1@@Z 004319fe f   q_shared2.obj
 0001:00030b01       ?Vec2Yaw@@YAMABUCVec3@@@Z  00431b01 f   q_shared2.obj
 0001:00030b74       ?VectorLength@@YAMABUCVec3@@@Z 00431b74 f   q_shared2.obj
 0001:00030ba3       ?VectorDistance@@YAMABUCVec3@@0@Z 00431ba3 f   q_shared2.obj
 0001:00030bd4       ?LerpAngle@@YAMMMM@Z       00431bd4 f   q_shared2.obj
 0001:00030c17       ?AngleMod@@YAMM@Z          00431c17 f   q_shared2.obj
 0001:00030c43       ?AngleSubtract@@YAMMM@Z    00431c43 f   q_shared2.obj
 0001:00030c7a       ?AnglesSubtract@@YAXABUCVec3@@0AAU1@@Z 00431c7a f   q_shared2.obj
 0001:00030cd2       ?Normalize@CVec3@@QAEMXZ   00431cd2 f   q_shared2.obj
 0001:00030d24       ?VectorNormalize@@YAMABUCVec3@@AAU1@@Z 00431d24 f   q_shared2.obj
 0001:00030d8d       ?NormalizeFast@CVec3@@QAEMXZ 00431d8d f   q_shared2.obj
 0001:00030dde       ?cross@@YAXABUCVec3@@0AAU1@@Z 00431dde f   q_shared2.obj
 0001:00030e19       ?Clear@CBox@@QAEXXZ        00431e19 f   q_shared2.obj
 0001:00030e37       ?Expand@CBox@@QAEXABUCVec3@@@Z 00431e37 f   q_shared2.obj
 0001:00030e66       ?Expand@CBox@@QAEXABU1@@Z  00431e66 f   q_shared2.obj
 0001:00030ea2       ?GetCenter@CBox@@QAEXAAUCVec3@@@Z 00431ea2 f   q_shared2.obj
 0001:00030ec2       ?OnPlaneSide@CBox@@QBEHABUcplane_t@@@Z 00431ec2 f   q_shared2.obj
 0001:00030ff1       ?FromAngles@CAxis@@QAEXABUCVec3@@@Z 00431ff1 f   q_shared2.obj
 0001:00031030       ?TransformVector@CAxis@@QBEXABUCVec3@@AAU2@@Z 00432030 f   q_shared2.obj
 0001:00031081       ?UnTransformVector@CAxis@@QBEXABUCVec3@@AAU2@@Z 00432081 f   q_shared2.obj
 0001:000310e5       ?TransformAxis@CAxis@@QBEXABU1@AAU1@@Z 004320e5 f   q_shared2.obj
 0001:0003112b       ?UnTransformAxis@CAxis@@QBEXABU1@AAU1@@Z 0043212b f   q_shared2.obj
 0001:00031171       ?TransformPoint@CCoords@@QBEXABUCVec3@@AAU2@@Z 00432171 f   q_shared2.obj
 0001:000311cf       ?UnTransformPoint@CCoords@@QBEXABUCVec3@@AAU2@@Z 004321cf f   q_shared2.obj
 0001:0003123c       ?UnTransformCoords@CCoords@@QBEXABU1@AAU1@@Z 0043223c f   q_shared2.obj
 0001:00031266       ?TransformPlane@CCoords@@QBEXABUcplane_t@@AAU2@@Z 00432266 f   q_shared2.obj
 0001:0003129e       ?TransformPoint@@YAXABUCVec3@@ABUCAxis@@0AAU1@@Z 0043229e f   q_shared2.obj
 0001:00031301       ?UnTransformPoint@@YAXABUCVec3@@ABUCAxis@@0AAU1@@Z 00432301 f   q_shared2.obj
 0001:00031371       ?COM_Parse@@YAPADAAPBD_N@Z 00432371 f   q_shared2.obj
 0001:00031491       ?COM_QuoteString@@YAPBDPBD_N@Z 00432491 f   q_shared2.obj
 0001:00031508       ?FileExists@CQuakeFileSystem@@UAE_NPBDI@Z 00432508 f i QuakeFileSystem.obj
 0001:0003156f       ?CheckFilename@CQuakeFileSystem@@AAEXPBD@Z 0043256f f i QuakeFileSystem.obj
 0001:0003160e       ?OpenFile@CQuakeFileSystem@@UAEPAVCFile@@PBDI@Z 0043260e f i QuakeFileSystem.obj
 0001:0003169e       ?List@CQuakeFileSystem@@UAEPAVCFileList@@PBDIPAV2@@Z 0043269e f i QuakeFileSystem.obj
 0001:00031730       ??_GCQuakeFileSystem@@UAEPAXI@Z 00432730 f i QuakeFileSystem.obj
 0001:00031730       ??_GCFileSystem@@UAEPAXI@Z 00432730 f i QuakeFileSystem.obj
 0001:00031730       ??_ECFileSystem@@UAEPAXI@Z 00432730 f i QuakeFileSystem.obj
 0001:00031730       ??_ECQuakeFileSystem@@UAEPAXI@Z 00432730 f i QuakeFileSystem.obj
 0001:0003174d       ?FS_Gamedir@@YAPBDXZ       0043274d f   QuakeFileSystem.obj
 0001:00031753       ?FS_NextPath@@YAPBDPBD@Z   00432753 f   QuakeFileSystem.obj
 0001:00031793       ?FS_CopyFile@@YAXPBD0@Z    00432793 f   QuakeFileSystem.obj
 0001:00031869       ?FS_CopyFiles@@YAXPBD0@Z   00432869 f   QuakeFileSystem.obj
 0001:00031983       ?FS_RemoveFiles@@YAXPBD@Z  00432983 f   QuakeFileSystem.obj
 0001:00031a3e       ?InitFileSystem@@YAXXZ     00432a3e f   QuakeFileSystem.obj
 0001:00031b72       ?Create@CFileContainerPak@@SAPAVCFileContainer@@PBDPAU_iobuf@@@Z 00432b72 f i QuakeFileSystem.obj
 0001:00031cdb       ??0CFileContainerArc@@QAE@XZ 00432cdb f i QuakeFileSystem.obj
 0001:00031d22       ??_GCFileContainerZip@@UAEPAXI@Z 00432d22 f i QuakeFileSystem.obj
 0001:00031d22       ??_GCFileContainerArc@@UAEPAXI@Z 00432d22 f i QuakeFileSystem.obj
 0001:00031d22       ??_GCZResource@@UAEPAXI@Z  00432d22 f i QuakeFileSystem.obj
 0001:00031d22       ??_GCFileContainerPak@@UAEPAXI@Z 00432d22 f i QuakeFileSystem.obj
 0001:00031d22       ??_ECZResource@@UAEPAXI@Z  00432d22 f i QuakeFileSystem.obj
 0001:00031d22       ??_ECFileContainerArc@@UAEPAXI@Z 00432d22 f i QuakeFileSystem.obj
 0001:00031d22       ??_ECFileContainerZip@@UAEPAXI@Z 00432d22 f i QuakeFileSystem.obj
 0001:00031d22       ??_ECFileContainerPak@@UAEPAXI@Z 00432d22 f i QuakeFileSystem.obj
 0001:00031d4e       ?GetType@CFileContainerPak@@MAEPBDXZ 00432d4e f i QuakeFileSystem.obj
 0001:00031d54       ?OpenLocalFile@CFileContainerPak@@MAEPAVCFile@@ABVCStringItem@@@Z 00432d54 f i QuakeFileSystem.obj
 0001:00031da1       ?Read@CFilePak@CFileContainerPak@@UAEHPAXH@Z 00432da1 f i QuakeFileSystem.obj
 0001:00031dda       ?GetSize@CFilePak@CFileContainerPak@@UAEHXZ 00432dda f i QuakeFileSystem.obj
 0001:00031de1       ?Eof@CFilePak@CFileContainerPak@@UAE_NXZ 00432de1 f i QuakeFileSystem.obj
 0001:00031dee       ??_GCFilePak@CFileContainerPak@@UAEPAXI@Z 00432dee f i QuakeFileSystem.obj
 0001:00031dee       ??_ECFilePak@CFileContainerPak@@UAEPAXI@Z 00432dee f i QuakeFileSystem.obj
 0001:00031e20       ?Create@CFileContainerZip@@SAPAVCFileContainer@@PBDPAU_iobuf@@@Z 00432e20 f i QuakeFileSystem.obj
 0001:0003212a       ?GetType@CFileContainerZip@@MAEPBDXZ 0043312a f i QuakeFileSystem.obj
 0001:00032130       ?OpenLocalFile@CFileContainerZip@@MAEPAVCFile@@ABVCStringItem@@@Z 00433130 f i QuakeFileSystem.obj
 0001:000321cc       ??0CFilePak@CFileContainerZip@@QAE@ABVCFileInfo@1@PAU_iobuf@@@Z 004331cc f i QuakeFileSystem.obj
 0001:0003221c       ?Read@CFilePak@CFileContainerZip@@UAEHPAXH@Z 0043321c f i QuakeFileSystem.obj
 0001:00032365       ?GetSize@CFilePak@CFileContainerZip@@UAEHXZ 00433365 f i QuakeFileSystem.obj
 0001:0003236f       ?Eof@CFilePak@CFileContainerZip@@UAE_NXZ 0043336f f i QuakeFileSystem.obj
 0001:00032382       ??_GCFilePak@CFileContainerZip@@UAEPAXI@Z 00433382 f i QuakeFileSystem.obj
 0001:00032382       ??_ECFilePak@CFileContainerZip@@UAEPAXI@Z 00433382 f i QuakeFileSystem.obj
 0001:0003239e       ??1CFilePak@CFileContainerZip@@UAE@XZ 0043339e f i QuakeFileSystem.obj
 0001:0003240d       ?Mount@CZResource@@SAPAVCFileContainer@@PBDPBE0PAVCFileSystem@@@Z 0043340d f i QuakeFileSystem.obj
 0001:000325b9       ?GetType@CZResource@@MAEPBDXZ 004335b9 f i QuakeFileSystem.obj
 0001:000325bf       ?OpenLocalFile@CZResource@@MAEPAVCFile@@ABVCStringItem@@@Z 004335bf f i QuakeFileSystem.obj
 0001:000325ed       ??0CFileRes@CZResource@@QAE@ABVCFileInfo@1@PBXH@Z 004335ed f i QuakeFileSystem.obj
 0001:000326a0       ?Read@CFileRes@CZResource@@UAEHPAXH@Z 004336a0 f i QuakeFileSystem.obj
 0001:000326f2       ?GetSize@CFileRes@CZResource@@UAEHXZ 004336f2 f i QuakeFileSystem.obj
 0001:000326f9       ?Eof@CFileRes@CZResource@@UAE_NXZ 004336f9 f i QuakeFileSystem.obj
 0001:00032706       ??_GCFileRes@CZResource@@UAEPAXI@Z 00433706 f i QuakeFileSystem.obj
 0001:00032706       ??_ECFileRes@CZResource@@UAEPAXI@Z 00433706 f i QuakeFileSystem.obj
 0001:00032735       ?MountGame@CQuakeFileSystem@@QAEXPBD@Z 00433735 f i QuakeFileSystem.obj
 0001:00032780       ?SetGameDir@CQuakeFileSystem@@QAE_NPBD@Z 00433780 f i QuakeFileSystem.obj
 0001:00032982       ?FS_Tick@@YAXXZ            00433982 f   QuakeFileSystem.obj
 0001:00032acb       ?CDAudio_Play@@YAXH_N@Z    00433acb f   cd_win.obj
 0001:00032cb9       ?CDAudio_Stop@@YAXXZ       00433cb9 f   cd_win.obj
 0001:00032d7a       ?CDAudio_Update@@YAXXZ     00433d7a f   cd_win.obj
 0001:00032e1d       ?CDAudio_Init@@YA_NXZ      00433e1d f   cd_win.obj
 0001:0003323e       ?CDAudio_Shutdown@@YAXXZ   0043423e f   cd_win.obj
 0001:00033261       ?CDAudio_Activate@@YAX_N@Z 00434261 f   cd_win.obj
 0001:00033272       ?IN_Init@@YAXXZ            00434272 f   in_win.obj
 0001:000334ff       ?IN_Shutdown@@YAXXZ        004344ff f   in_win.obj
 0001:0003375b       ?IN_Activate@@YAX_N@Z      0043475b f   in_win.obj
 0001:00033765       ?IN_Frame@@YAXXZ           00434765 f   in_win.obj
 0001:00033ac7       ?IN_Move@@YAXPAUusercmd_t@@@Z 00434ac7 f   in_win.obj
 0001:00033f70       ?NET_CompareAdr@@YA_NPAUnetadr_t@@0@Z 00434f70 f   net_wins.obj
 0001:00033fa6       ?NET_CompareBaseAdr@@YA_NPAUnetadr_t@@0@Z 00434fa6 f   net_wins.obj
 0001:00033fcf       ?NET_AdrToString@@YAPBDPAUnetadr_t@@@Z 00434fcf f   net_wins.obj
 0001:00034012       ?NET_StringToAdr@@YA_NPBDPAUnetadr_t@@F@Z 00435012 f   net_wins.obj
 0001:00034126       ?NET_IsLocalAddress@@YA_NPAUnetadr_t@@@Z 00435126 f   net_wins.obj
 0001:00034132       ?NET_GetPacket@@YA_NW4netsrc_t@@PAUnetadr_t@@PAVsizebuf_t@@@Z 00435132 f   net_wins.obj
 0001:0003428d       ?NET_SendPacket@@YAXW4netsrc_t@@HPAXUnetadr_t@@@Z 0043528d f   net_wins.obj
 0001:000343a8       ?NET_Config@@YAX_N@Z       004353a8 f   net_wins.obj
 0001:00034580       ?NET_Init@@YAXXZ           00435580 f   net_wins.obj
 0001:00034633       ?SNDDMA_Init@@YA_NXZ       00435633 f   snd_win.obj
 0001:00034c7a       ?SNDDMA_GetDMAPos@@YAHXZ   00435c7a f   snd_win.obj
 0001:00034cc4       ?SNDDMA_BeginPainting@@YAXXZ 00435cc4 f   snd_win.obj
 0001:00034ddc       ?SNDDMA_Submit@@YAXXZ      00435ddc f   snd_win.obj
 0001:00034e01       ?SNDDMA_Shutdown@@YAXXZ    00435e01 f   snd_win.obj
 0001:00034e06       ?S_Activate@@YAX_N@Z       00435e06 f   snd_win.obj
 0001:00034e54       ?Write@COutputDeviceWin32Console@@UAEXPBD@Z 00435e54 f i sys_win.obj
 0001:00034ecc       ?EraseInput@COutputDeviceWin32Console@@QAEXXZ 00435ecc f i sys_win.obj
 0001:00034f52       ?Sys_ConsoleInput@@YAPADXZ 00435f52 f   sys_win.obj
 0001:000351db       ?Sys_ProcessMessages@@YAXXZ 004361db f   sys_win.obj
 0001:00035294       _WinMain@16                00436294 f   sys_win.obj
 0001:00035591       ??_ECOutputDeviceCon@@UAEPAXI@Z 00436591 f i sys_win.obj
 0001:00035591       ??_GCOutputDeviceCon@@UAEPAXI@Z 00436591 f i sys_win.obj
 0001:00035636       ?Init@COutputDeviceWin32Console@@QAEXXZ 00436636 f i sys_win.obj
 0001:00035660       ?AddMsgHook@@YAXP6A_NIIJ@Z@Z 00436660 f   vid_dll.obj
 0001:000356a4       ?RemoveMsgHook@@YAXP6A_NIIJ@Z@Z 004366a4 f   vid_dll.obj
 0001:000356d3       ?Vid_CreateWindow@@YAPAXHH_N@Z 004366d3 f   vid_dll.obj
 0001:00035de3       ?Vid_DestroyWindow@@YAX_N@Z 00436de3 f   vid_dll.obj
 0001:00035e1f       ?Vid_Restart@@YAXXZ        00436e1f f   vid_dll.obj
 0001:00035e2b       ?Vid_GetModeInfo@@YA_NPAH0H@Z 00436e2b f   vid_dll.obj
 0001:00035e5b       ?Vid_Tick@@YAXXZ           00436e5b f   vid_dll.obj
 0001:0003600b       ?Vid_Init@@YAXXZ           0043700b f   vid_dll.obj
 0001:000360ae       ?Vid_Shutdown@@YAXXZ       004370ae f   vid_dll.obj
 0001:000360cd       ?Tesselate@surfacePlanar_t@OpenGLDrv@@UAEXAAUrefEntity_t@2@@Z 004370cd f   gl_backend.obj
 0001:00036aa9       ?Negate@CVec3@@QAEXXZ      00437aa9 f i gl_backend.obj
 0001:000386e1       ?Tesselate@surfacePoly_t@OpenGLDrv@@UAEXAAUrefEntity_t@2@@Z 004396e1 f   gl_backend.obj
 0001:000387e8       ?Tesselate@surfaceMd3_t@OpenGLDrv@@UAEXAAUrefEntity_t@2@@Z 004397e8 f   gl_backend.obj
 0001:00038b77       ?DrawTriangles@OpenGLDrv@@YA_NXZ 00439b77 f   gl_backend.obj
 0001:00038c8c       ?DrawNormals@OpenGLDrv@@YA_NXZ 00439c8c f   gl_backend.obj
 0001:00038d96       ?Tesselate@surfaceEntity_t@OpenGLDrv@@UAEXAAUrefEntity_t@2@@Z 00439d96 f   gl_backend.obj
 0001:00038e7a       ?Tesselate@surfaceParticle_t@OpenGLDrv@@UAEXAAUrefEntity_t@2@@Z 00439e7a f   gl_backend.obj
 0001:000390ca       ?BK_DrawScene@OpenGLDrv@@YAXXZ 0043a0ca f   gl_backend.obj
 0001:000396f2       ?BK_DrawPic@OpenGLDrv@@YAXPAVshader_t@1@HHHHMMMMIE@Z 0043a6f2 f   gl_backend.obj
 0001:000398d3       ?BK_DrawText@OpenGLDrv@@YAXPBDHHHHHI@Z 0043a8d3 f   gl_backend.obj
 0001:00039ac8       ?BK_BeginFrame@OpenGLDrv@@YAXXZ 0043aac8 f   gl_backend.obj
 0001:00039b2c       ?BK_EndFrame@OpenGLDrv@@YAXXZ 0043ab2c f   gl_backend.obj
 0001:00039b6b       ?BK_Init@OpenGLDrv@@YAXXZ  0043ab6b f   gl_backend.obj
 0001:00039b9a       ?BK_Shutdown@OpenGLDrv@@YAXXZ 0043ab9a f   gl_backend.obj
 0001:00039bb2       ?AllocDynamicMemory@OpenGLDrv@@YAPAXH@Z 0043abb2 f   gl_buffers.obj
 0001:00039c1d       ?ResizeDynamicMemory@OpenGLDrv@@YAXPAXH@Z 0043ac1d f   gl_buffers.obj
 0001:00039c5f       ?AddSurfaceToPortal@OpenGLDrv@@YAXPAVsurfaceBase_t@1@PAVshader_t@1@HH@Z 0043ac5f f   gl_buffers.obj
 0001:00039cd0       ?InsertShaderIndex@OpenGLDrv@@YAXH@Z 0043acd0 f   gl_buffers.obj
 0001:00039d09       ?ClearPortal@OpenGLDrv@@YAXXZ 0043ad09 f   gl_buffers.obj
 0001:00039d27       ?SortSurfaces@OpenGLDrv@@YAXPAUviewPortal_t@1@PAPAUsurfaceInfo_t@1@@Z 0043ad27 f   gl_buffers.obj
 0001:00039eb9       ?ClearBuffers@OpenGLDrv@@YAXXZ 0043aeb9 f   gl_buffers.obj
 0001:00039ed0       ?CreateBuffers@OpenGLDrv@@YAXXZ 0043aed0 f   gl_buffers.obj
 0001:00039ef6       ?FreeBuffers@OpenGLDrv@@YAXXZ 0043aef6 f   gl_buffers.obj
 0001:00039f1a       ?InitEntity@model_t@OpenGLDrv@@UAE_NPAUentity_t@@PAUrefEntity_t@2@@Z 0043af1a f   gl_frontend.obj
 0001:00039f1f       ?AddSurfaces@model_t@OpenGLDrv@@UAEXPAUrefEntity_t@2@@Z 0043af1f f   gl_frontend.obj
 0001:00039f4d       ?GetLeaf@model_t@OpenGLDrv@@UAEPAUnode_t@2@PAUrefEntity_t@2@@Z 0043af4d f   gl_frontend.obj
 0001:00039f5e       ?DrawLabel@model_t@OpenGLDrv@@UAEXPAUrefEntity_t@2@@Z 0043af5e f   gl_frontend.obj
 0001:00039f61       ?InitEntity@inlineModel_t@OpenGLDrv@@UAE_NPAUentity_t@@PAUrefEntity_t@2@@Z 0043af61 f   gl_frontend.obj
 0001:00039fb3       ?AddSurfaces@inlineModel_t@OpenGLDrv@@UAEXPAUrefEntity_t@2@@Z 0043afb3 f   gl_frontend.obj
 0001:0003a4a1       ?GetLeaf@inlineModel_t@OpenGLDrv@@UAEPAUnode_t@2@PAUrefEntity_t@2@@Z 0043b4a1 f   gl_frontend.obj
 0001:0003a646       ?DrawLabel@inlineModel_t@OpenGLDrv@@UAEXPAUrefEntity_t@2@@Z 0043b646 f   gl_frontend.obj
 0001:0003a68c       ?InitEntity@md3Model_t@OpenGLDrv@@UAE_NPAUentity_t@@PAUrefEntity_t@2@@Z 0043b68c f   gl_frontend.obj
 0001:0003a86a       ?AddSurfaces@md3Model_t@OpenGLDrv@@UAEXPAUrefEntity_t@2@@Z 0043b86a f   gl_frontend.obj
 0001:0003a9a4       ?GetLeaf@md3Model_t@OpenGLDrv@@UAEPAUnode_t@2@PAUrefEntity_t@2@@Z 0043b9a4 f   gl_frontend.obj
 0001:0003a9dc       ?DrawLabel@md3Model_t@OpenGLDrv@@UAEXPAUrefEntity_t@2@@Z 0043b9dc f   gl_frontend.obj
 0001:0003aa42       ?InitEntity@sprModel_t@OpenGLDrv@@UAE_NPAUentity_t@@PAUrefEntity_t@2@@Z 0043ba42 f   gl_frontend.obj
 0001:0003aa62       ?AddSurfaces@sprModel_t@OpenGLDrv@@UAEXPAUrefEntity_t@2@@Z 0043ba62 f   gl_frontend.obj
 0001:0003abe5       ?GetLeaf@sprModel_t@OpenGLDrv@@UAEPAUnode_t@2@PAUrefEntity_t@2@@Z 0043bbe5 f   gl_frontend.obj
 0001:0003acc6       ?AddEntity@OpenGLDrv@@YAXPAUentity_t@@@Z 0043bcc6 f   gl_frontend.obj
 0001:0003ae55       ?AddDlight@OpenGLDrv@@YAXPAUdlight_t@@@Z 0043be55 f   gl_frontend.obj
 0001:0003b00d       ?DrawPortal@OpenGLDrv@@YAXXZ 0043c00d f   gl_frontend.obj
 0001:0003d03f       ?GL_TextureMode@OpenGLDrv@@YAXPBD@Z 0043e03f f   gl_image.obj
 0001:0003d0e7       ?CreateImage@OpenGLDrv@@YAPAVimage_t@1@PBDPAXHHI@Z 0043e0e7 f   gl_image.obj
 0001:0003de88       ?LoadDelayedImages@OpenGLDrv@@YAXXZ 0043ee88 f   gl_image.obj
 0001:0003df1b       ?DrawStretchRaw8@OpenGLDrv@@YAXHHHHHHPAEPAI@Z 0043ef1b f   gl_image.obj
 0001:0003e2f2       ?SetupGamma@OpenGLDrv@@YAXXZ 0043f2f2 f   gl_image.obj
 0001:0003e438       ?PerformScreenshot@OpenGLDrv@@YAXXZ 0043f438 f   gl_image.obj
 0001:0003e6a9       ?InitImages@OpenGLDrv@@YAXXZ 0043f6a9 f   gl_image.obj
 0001:0003ee86       ?ShutdownImages@OpenGLDrv@@YAXXZ 0043fe86 f   gl_image.obj
 0001:0003eeed       ?ShowImages@OpenGLDrv@@YAXXZ 0043feed f   gl_image.obj
 0001:0003f179       ?FindImage@OpenGLDrv@@YAPAVimage_t@1@PBDI@Z 00440179 f   gl_image.obj
 0001:0003f4f5       ?GL_Lock@OpenGLDrv@@YAXXZ  004404f5 f   gl_interface.obj
 0001:0003f56d       ?GL_Unlock@OpenGLDrv@@YAXXZ 0044056d f   gl_interface.obj
 0001:0003f72f       ?GL_Bind@OpenGLDrv@@YAXPBVimage_t@1@@Z 0044072f f   gl_interface.obj
 0001:0003f859       ?GL_BindForce@OpenGLDrv@@YAXPBVimage_t@1@@Z 00440859 f   gl_interface.obj
 0001:0003f8d7       ?GL_TexEnv@OpenGLDrv@@YAXI@Z 004408d7 f   gl_interface.obj
 0001:0003fa56       ?GL_TexMipBias@OpenGLDrv@@YAXM@Z 00440a56 f   gl_interface.obj
 0001:0003fab1       ?GL_TexEnvColor@OpenGLDrv@@YAXPBTcolor_t@@@Z 00440ab1 f   gl_interface.obj
 0001:0003fb61       ?GL_SelectTexture@OpenGLDrv@@YAXH@Z 00440b61 f   gl_interface.obj
 0001:0003fbc2       ?GL_TexCoordPointer@OpenGLDrv@@YAXPAX@Z 00440bc2 f   gl_interface.obj
 0001:0003fbf2       ?GL_SetMultitexture@OpenGLDrv@@YAXH@Z 00440bf2 f   gl_interface.obj
 0001:0003fcd8       ?GL_DisableTexCoordArrays@OpenGLDrv@@YAXXZ 00440cd8 f   gl_interface.obj
 0001:0003fd2c       ?GL_CullFace@OpenGLDrv@@YAXW4gl_cullMode_t@1@@Z 00440d2c f   gl_interface.obj
 0001:0003fd7d       ?GL_DepthRange@OpenGLDrv@@YAXW4gl_depthMode_t@1@@Z 00440d7d f   gl_interface.obj
 0001:0003fdb0       ?GL_State@OpenGLDrv@@YAXI@Z 00440db0 f   gl_interface.obj
 0001:0003ff00       ?GL_EnableFog@OpenGLDrv@@YAX_N@Z 00440f00 f   gl_interface.obj
 0001:0003fff8       ?GL_SetDefaultState@OpenGLDrv@@YAXXZ 00440ff8 f   gl_interface.obj
 0001:00040154       ?GL_Set2DMode@OpenGLDrv@@YAXXZ 00441154 f   gl_interface.obj
 0001:0004024f       ?GL_Set3DMode@OpenGLDrv@@YAXPAUviewPortal_t@1@@Z 0044124f f   gl_interface.obj
 0001:00040337       ?ShowLights@OpenGLDrv@@YAXXZ 00441337 f   gl_light.obj
 0001:00040720       ?LightForEntity@OpenGLDrv@@YAXPAUrefEntity_t@1@@Z 00441720 f   gl_light.obj
 0001:000419bb       ?DiffuseLight@OpenGLDrv@@YAXPATcolor_t@@M@Z 004429bb f   gl_light.obj
 0001:00041c07       ?InitLightGrid@OpenGLDrv@@YAXXZ 00442c07 f   gl_light.obj
 0001:00041cad       ?PostLoadLights@OpenGLDrv@@YAXXZ 00442cad f   gl_light.obj
 0001:00041f47       ?LM_Init@OpenGLDrv@@YAXXZ  00442f47 f   gl_lightmap.obj
 0001:00041f5d       ?LM_Flush@OpenGLDrv@@YAXPAUlightmapBlock_t@1@@Z 00442f5d f   gl_lightmap.obj
 0001:00041fba       ?LM_Done@OpenGLDrv@@YAXXZ  00442fba f   gl_lightmap.obj
 0001:00041fe1       ?LM_Save@OpenGLDrv@@YAXPAUlightmapBlock_t@1@@Z 00442fe1 f   gl_lightmap.obj
 0001:00041ff9       ?LM_Restore@OpenGLDrv@@YAXPAUlightmapBlock_t@1@@Z 00442ff9 f   gl_lightmap.obj
 0001:00042011       ?LM_NewBlock@OpenGLDrv@@YAPAUlightmapBlock_t@1@XZ 00443011 f   gl_lightmap.obj
 0001:00042070       ?LM_Rewind@OpenGLDrv@@YAXXZ 00443070 f   gl_lightmap.obj
 0001:00042078       ?LM_NextBlock@OpenGLDrv@@YAPAUlightmapBlock_t@1@XZ 00443078 f   gl_lightmap.obj
 0001:000420a5       ?LM_CheckMinlight@OpenGLDrv@@YAXPAUdynamicLightmap_t@1@@Z 004430a5 f   gl_lightmap.obj
 0001:0004213b       ?LM_AllocBlock@OpenGLDrv@@YA_NPAUlightmapBlock_t@1@PAUdynamicLightmap_t@1@@Z 0044313b f   gl_lightmap.obj
 0001:000421f2       ?LM_PutBlock@OpenGLDrv@@YAXPAUdynamicLightmap_t@1@@Z 004431f2 f   gl_lightmap.obj
 0001:0004261f       ?LM_SortLightStyles@OpenGLDrv@@YAXPAUdynamicLightmap_t@1@@Z 0044361f f   gl_lightmap.obj
 0001:000426b0       ?UpdateDynamicLightmap@OpenGLDrv@@YAXPAVsurfacePlanar_t@1@_NI@Z 004436b0 f   gl_lightmap.obj
 0001:00042bc2       ?LM_IsMonotone@OpenGLDrv@@YA_NPAUdynamicLightmap_t@1@PATcolor_t@@@Z 00443bc2 f   gl_lightmap.obj
 0001:00042cc9       ?Init@OpenGLDrv@@YA_NXZ    00443cc9 f   gl_main.obj
 0001:0004330e       ?Shutdown@OpenGLDrv@@YAX_N@Z 0044430e f   gl_main.obj
 0001:00043397       ?GL_EnableRendering@OpenGLDrv@@YAX_N@Z 00444397 f   gl_main.obj
 0001:000433b2       ?BeginFrame@OpenGLDrv@@YAXN@Z 004443b2 f   gl_main.obj
 0001:000434dc       ?EndFrame@OpenGLDrv@@YAXXZ 004444dc f   gl_main.obj
 0001:000434f4       ?RenderFrame@OpenGLDrv@@YAXPAUrefdef_t@@@Z 004444f4 f   gl_main.obj
 0001:00043dbc       ?Fill8@OpenGLDrv@@YAXHHHHH@Z 00444dbc f   gl_main.obj
 0001:00043dff       ?Fill@OpenGLDrv@@YAXHHHHI@Z 00444dff f   gl_main.obj
 0001:00043e3b       ?TileClear@OpenGLDrv@@YAXHHHHPBD@Z 00444e3b f   gl_main.obj
 0001:00043edc       ?DrawStretchPic@OpenGLDrv@@YAXHHHHPBD@Z 00444edc f   gl_main.obj
 0001:00043f21       ?DrawDetailedPic@OpenGLDrv@@YAXHHHHPBD@Z 00444f21 f   gl_main.obj
 0001:00043fcb       ?DrawPic@OpenGLDrv@@YAXHHPBDHH@Z 00444fcb f   gl_main.obj
 0001:00044053       ?LoadNewWorld@OpenGLDrv@@YAXPBD@Z 00445053 f   gl_main.obj
 0001:00044085       ?DumpLoadStats@OpenGLDrv@@YAXXZ 00445085 f   gl_main.obj
 0001:0004410b       ?FinishLoadingWorld@OpenGLDrv@@YAXXZ 0044510b f   gl_main.obj
 0001:00044110       ?RegisterPic@OpenGLDrv@@YAPAVCBasicImage@@PBD@Z 00445110 f   gl_main.obj
 0001:00044121       ?RegisterSkin@OpenGLDrv@@YAPAVCBasicImage@@PBD_N@Z 00445121 f   gl_main.obj
 0001:0004413f       ?RegisterModel@OpenGLDrv@@YAPAVCRenderModel@@PBD@Z 0044513f f   gl_main.obj
 0001:0004414a       ?SetSky@OpenGLDrv@@YAXPBDMABUCVec3@@@Z 0044514a f   gl_main.obj
 0001:000441e8       ?Screenshot@OpenGLDrv@@YAXHPBD@Z 004451e8 f   gl_main.obj
 0001:0004420f       ?GetClientLight@OpenGLDrv@@YAMXZ 0044520f f   gl_main.obj
 0001:00044216       ?InitFuncTables@OpenGLDrv@@YAXXZ 00445216 f   gl_math.obj
 0001:000443bc       ?BuildRotationAxis@OpenGLDrv@@YAXAAUCAxis@@ABUCVec3@@M@Z 004453bc f   gl_math.obj
 0001:000444b3       ?GetBoxRect@OpenGLDrv@@YA_NPBUrefEntity_t@1@ABUCVec3@@QAM2_N@Z 004454b3 f   gl_math.obj
 0001:000447bd       ?ProjectToScreen@OpenGLDrv@@YA_NABUCVec3@@QAH@Z 004457bd f   gl_math.obj
 0001:00044900       ?SaturateColor3f@OpenGLDrv@@YAXAAUCVec3@@@Z 00445900 f   gl_math.obj
 0001:000449f0       ?SaturateColor4b@OpenGLDrv@@YAXPATcolor_t@@@Z 004459f0 f   gl_math.obj
 0001:00044afe       ?SubdividePlane@OpenGLDrv@@YAHPAPAUCVec3@@HM@Z 00445afe f   gl_poly.obj
 0001:00044f7f       ?FreeSubdividedPlane@OpenGLDrv@@YAXXZ 00445f7f f   gl_poly.obj
 0001:00044f97       ?GetSubdivideIndexes@OpenGLDrv@@YAXPAH@Z 00445f97 f   gl_poly.obj
 0001:00044fea       ?RemoveCollinearPoints@OpenGLDrv@@YAHPAPAUCVec3@@H@Z 00445fea f   gl_poly.obj
 0001:000450e0       ?GetPolyArea@OpenGLDrv@@YAMPAPAUCVec3@@H@Z 004460e0 f   gl_poly.obj
 0001:00045174       ?InitShaders@OpenGLDrv@@YAXXZ 00446174 f   gl_shader.obj
 0001:000452f9       ?ShutdownShaders@OpenGLDrv@@YAXXZ 004462f9 f   gl_shader.obj
 0001:00045337       ?GetLightmapImage@OpenGLDrv@@YAPAVimage_t@1@H@Z 00446337 f   gl_shader.obj
 0001:0004535f       ?SetShaderLightmap@OpenGLDrv@@YAPAVshader_t@1@PAV21@H@Z 0044635f f   gl_shader.obj
 0001:0004567e       ??4shader_t@OpenGLDrv@@QAEAAV01@ABV01@@Z 0044667e f i gl_shader.obj
 0001:000458b4       ?SetShaderLightstyles@OpenGLDrv@@YAPAVshader_t@1@PAV21@I@Z 004468b4 f   gl_shader.obj
 0001:00045950       ?GetAlphaShader@OpenGLDrv@@YAPAVshader_t@1@PAV21@@Z 00446950 f   gl_shader.obj
 0001:00045d46       ?FindShader@OpenGLDrv@@YAPAVshader_t@1@PBDI@Z 00446d46 f   gl_shader.obj
 0001:000476b6       ?GetShaderByNum@OpenGLDrv@@YAPAVshader_t@1@H@Z 004486b6 f   gl_shader.obj
 0001:000476d4       ?ResetShaders@OpenGLDrv@@YAXXZ 004486d4 f   gl_shader.obj
 0001:000478bf       ?Reload@shader_t@OpenGLDrv@@UAEXXZ 004488bf f   gl_shader.obj
 0001:000478ee       ?ClearSky@OpenGLDrv@@YAXXZ 004488ee f   gl_sky.obj
 0001:0004794b       ?AddSkySurface@OpenGLDrv@@YAXPAVsurfacePlanar_t@1@E@Z 0044894b f   gl_sky.obj
 0001:00047f13       ?DrawSky@OpenGLDrv@@YAXXZ  00448f13 f   gl_sky.obj
 0001:000485b7       ?DrawChar@OpenGLDrv@@YAXHHHH@Z 004495b7 f   gl_text.obj
 0001:00048611       ?ClearTexts@OpenGLDrv@@YAXXZ 00449611 f   gl_text.obj
 0001:00048626       ?FlushTexts@OpenGLDrv@@YAXXZ 00449626 f   gl_text.obj
 0001:000486d2       ?DrawTextPos@OpenGLDrv@@YAXHHPBDI@Z 004496d2 f   gl_text.obj
 0001:000486fe       ?DrawTextLeft@OpenGLDrv@@YAXPBDI@Z 004496fe f   gl_text.obj
 0001:00048785       ?DrawTextRight@OpenGLDrv@@YAXPBDI@Z 00449785 f   gl_text.obj
 0001:000487cf       ?DrawText3D@OpenGLDrv@@YAXABUCVec3@@PBDI@Z 004497cf f   gl_text.obj
 0001:000487fc       ?InitTexts@OpenGLDrv@@YAXXZ 004497fc f   gl_text.obj
 0001:00048816       ??0?$TTextContainer@UCRText@OpenGLDrv@@$0BAAAA@@@QAE@XZ 00449816 f i gl_text.obj
 0001:0004883b       ?FindModel@OpenGLDrv@@YAPAVmodel_t@1@PBD@Z 0044983b f   gl_model.obj
 0001:00048a17       ?FreeModels@OpenGLDrv@@YAXXZ 00449a17 f   gl_model.obj
 0001:00048a89       ?InitModels@OpenGLDrv@@YAXXZ 00449a89 f   gl_model.obj
 0001:00048b7f       ?ShutdownModels@OpenGLDrv@@YAXXZ 00449b7f f   gl_model.obj
 0001:00048b90       ?LoadWorldMap@OpenGLDrv@@YAXPBD@Z 00449b90 f   gl_bspmodel.obj
 0001:0004a70c       ?PointInLeaf@OpenGLDrv@@YAPAUnode_t@1@ABUCVec3@@@Z 0044b70c f   gl_bspmodel.obj
 0001:0004a757       ?LerpTag@model_t@OpenGLDrv@@UBE_NHHMPBDAAUCCoords@@@Z 0044b757 f   gl_trimodel.obj
 0001:0004a765       ?LerpTag@md3Model_t@OpenGLDrv@@UBE_NHHMPBDAAUCCoords@@@Z 0044b765 f   gl_trimodel.obj
 0001:0004a875       ?LoadMd2@OpenGLDrv@@YAPAVmd3Model_t@1@PBDPAEI@Z 0044b875 f   gl_trimodel.obj
 0001:0004b40a       ?ATAN2_FUNC@OpenGLDrv@@YAMMM@Z 0044c40a f i gl_trimodel.obj
 0001:0004b5c0       ?LoadMd3@OpenGLDrv@@YAPAVmd3Model_t@1@PBDPAEI@Z 0044c5c0 f   gl_trimodel.obj
 0001:0004baa1       ?LoadSp2@OpenGLDrv@@YAPAVsprModel_t@1@PBDPAEI@Z 0044caa1 f   gl_trimodel.obj
 0001:0004bcc6       ?LoadSpr@OpenGLDrv@@YAPAVsprModel_t@1@PBDPAEI@Z 0044ccc6 f   gl_trimodel.obj
 0001:0004d383       ?QGL_Init@OpenGLDrv@@YA_NPBD@Z 0044e383 f   GLBind.obj
 0001:0004d469       ?QGL_Shutdown@OpenGLDrv@@YAXXZ 0044e469 f   GLBind.obj
 0001:0004d4a6       ?QGL_InitExtensions@OpenGLDrv@@YAXXZ 0044e4a6 f   GLBind.obj
 0001:0004d990       ?QGL_PrintExtensionsString@OpenGLDrv@@YAXPBD00@Z 0044e990 f   GLBind.obj
 0001:0004dadd       ?QGL_EnableLogging@OpenGLDrv@@YAX_N@Z 0044eadd f   GLBind.obj
 0001:0004db83       ?QGL_LogMessage@OpenGLDrv@@YAXPBD@Z 0044eb83 f   GLBind.obj
 0001:0004db99       ?QGL_SwapBuffers@OpenGLDrv@@YAXXZ 0044eb99 f   GLBind.obj
 0001:0004dc1b       ?GLimp_HasGamma@OpenGLDrv@@YA_NXZ 0044ec1b f   gl_win.obj
 0001:0004dc2f       ?GLimp_SetGamma@OpenGLDrv@@YAXM@Z 0044ec2f f   gl_win.obj
 0001:0004ddd5       ?GLimp_SetMode@OpenGLDrv@@YA_NPAI0H_N@Z 0044edd5 f   gl_win.obj
 0001:0004e1a9       ?GLimp_Shutdown@OpenGLDrv@@YAX_N@Z 0044f1a9 f   gl_win.obj
 0001:0004e256       ?AppActivate@OpenGLDrv@@YAX_N@Z 0044f256 f   gl_win.obj
 0001:0004e2c6       _jpeg_CreateDecompress     0044f2c6 f   libs:jdapimin.obj
 0001:0004e386       _jpeg_destroy_decompress   0044f386 f   libs:jdapimin.obj
 0001:0004e386       _jpeg_destroy_compress     0044f386 f   libs:jdapimin.obj
 0001:0004e391       _jpeg_read_header          0044f391 f   libs:jdapimin.obj
 0001:0004e3f3       _jpeg_consume_input        0044f3f3 f   libs:jdapimin.obj
 0001:0004e642       _jpeg_finish_decompress    0044f642 f   libs:jdapimin.obj
 0001:0004e6d9       _jpeg_start_decompress     0044f6d9 f   libs:jdapistd.obj
 0001:0004e846       _jpeg_read_scanlines       0044f846 f   libs:jdapistd.obj
 0001:0004e8ca       _jpeg_resync_to_restart    0044f8ca f   libs:jdmarker.obj
 0001:0004ea8f       _jinit_marker_reader       0044fa8f f   libs:jdmarker.obj
 0001:0004ff5a       _jpeg_CreateCompress       00450f5a f   libs:jcapimin.obj
 0001:0005000e       _jpeg_suppress_tables      0045100e f   libs:jcapimin.obj
 0001:00050058       _jpeg_finish_compress      00451058 f   libs:jcapimin.obj
 0001:00050142       _jpeg_start_compress       00451142 f   libs:jcapistd.obj
 0001:000501ae       _jpeg_write_scanlines      004511ae f   libs:jcapistd.obj
 0001:00050259       _jpeg_add_quant_table      00451259 f   libs:jcparam.obj
 0001:0005030b       _jpeg_quality_scaling      0045130b f   libs:jcparam.obj
 0001:00050332       _jpeg_set_quality          00451332 f   libs:jcparam.obj
 0001:0005036c       _jpeg_set_defaults         0045136c f   libs:jcparam.obj
 0001:00050532       _jpeg_default_colorspace   00451532 f   libs:jcparam.obj
 0001:00050582       _jpeg_set_colorspace       00451582 f   libs:jcparam.obj
 0001:0005089d       _jpeg_stdio_dest           0045189d f   libs:jdatadst.obj
 0001:0005099d       _inflateReset              0045199d f   libs:inflate.obj
 0001:000509eb       _inflateInit2_             004519eb f   libs:inflate.obj
 0001:00050aa4       _inflate                   00451aa4 f   libs:inflate.obj
 0001:00051d79       _inflateEnd                00452d79 f   libs:inflate.obj
 0001:00051ed7       _crc32                     00452ed7 f   libs:crc32.obj
 0001:00052171       _jinit_input_controller    00453171 f   libs:jdinput.obj
 0001:00052654       _jinit_memory_mgr          00453654 f   libs:jmemmgr.obj
[...]
 0001:0005f487       _process_restart           00460487 f   libs:jddiffct.obj
 0001:0005d4a7       _dummy_consume_data        0045e4a7 f   libs:jdcoefct.obj
 0001:0005f4bc       _consume_data              004604bc f   libs:jddiffct.obj
 0001:0005f533       _output_data               00460533 f   libs:jddiffct.obj
 0001:0005efba       _start_pass                0045ffba f   libs:jddctmgr.obj
 0001:0005e40c       _start_pass_phuff_decoder  0045f40c f   libs:jdphuff.obj
 0001:0005e655       _decode_mcu_DC_first       0045f655 f   libs:jdphuff.obj
 0001:0005e84d       _process_restart           0045f84d f   libs:jdphuff.obj
 0001:0005e8bc       _decode_mcu_AC_first       0045f8bc f   libs:jdphuff.obj
 0001:0005eadc       _decode_mcu_DC_refine      0045fadc f   libs:jdphuff.obj
 0001:0005ebb1       _decode_mcu_AC_refine      0045fbb1 f   libs:jdphuff.obj
 0001:0005de53       _start_pass_huff_decoder   0045ee53 f   libs:jdshuff.obj
 0001:0005df8b       _decode_mcu                0045ef8b f   libs:jdshuff.obj
 0001:0005e33b       _process_restart           0045f33b f   libs:jdshuff.obj
 0001:0005d239       _start_input_pass          0045e239 f   libs:jdcoefct.obj
 0001:0005d24c       _start_iMCU_row            0045e24c f   libs:jdcoefct.obj
 0001:0005d291       _start_output_pass         0045e291 f   libs:jdcoefct.obj
 0001:0005d2ce       _decompress_onepass        0045e2ce f   libs:jdcoefct.obj
 0001:0005d4a7       _dummy_consume_data        0045e4a7 f   libs:jdcoefct.obj
 0001:0005d4aa       _consume_data              0045e4aa f   libs:jdcoefct.obj
 0001:0005d663       _decompress_data           0045e663 f   libs:jdcoefct.obj
 0001:0005d7cf       _smoothing_ok              0045e7cf f   libs:jdcoefct.obj
 0001:0005d8ba       _decompress_smooth_data    0045e8ba f   libs:jdcoefct.obj
 0001:0005d0d2       _scaler_start_pass         0045e0d2 f   libs:jcscale.obj
 0001:0005d0f5       _simple_downscale          0045e0f5 f   libs:jcscale.obj
 0001:0005d121       _noscale                   0045e121 f   libs:jcscale.obj
 0001:0005cbca       _start_pass                0045dbca f   libs:jcpred.obj
 0001:0005cc22       _reset_predictor           0045dc22 f   libs:jcpred.obj
 0001:0005cc4f       _jpeg_difference_first_row 0045dc4f f   libs:jcpred.obj
 0001:0005cd39       _jpeg_difference1          0045dd39 f   libs:jcpred.obj
 0001:0005cda7       _jpeg_difference2          0045dda7 f   libs:jcpred.obj
 0001:0005ce18       _jpeg_difference3          0045de18 f   libs:jcpred.obj
 0001:0005ce90       _jpeg_difference4          0045de90 f   libs:jcpred.obj
 0001:0005cf1b       _jpeg_difference5          0045df1b f   libs:jcpred.obj
 0001:0005cfae       _jpeg_difference6          0045dfae f   libs:jcpred.obj
 0001:0005d03d       _jpeg_difference7          0045e03d f   libs:jcpred.obj
 0001:0005c4bc       _start_pass_huff           0045d4bc f   libs:jclhuff.obj
 0001:0005c659       _encode_mcus_huff          0045d659 f   libs:jclhuff.obj
 0001:0005c844       _emit_bits                 0045d844 f   libs:jclhuff.obj
 0001:0005c8e7       _dump_buffer               0045d8e7 f   libs:jclhuff.obj
 0001:0005c90b       _emit_restart              0045d90b f   libs:jclhuff.obj
 0001:0005c956       _flush_bits                0045d956 f   libs:jclhuff.obj
 0001:0005c97a       _finish_pass_huff          0045d97a f   libs:jclhuff.obj
 0001:0005c9e7       _encode_mcus_gather        0045d9e7 f   libs:jclhuff.obj
 0001:0005cb10       _finish_pass_gather        0045db10 f   libs:jclhuff.obj
 0001:0005b19f       _need_optimization_pass    0045c19f f   libs:jcshuff.obj
 0001:0005c09a       _start_pass_diff           0045d09a f   libs:jcdiffct.obj
 0001:0005c138       _start_iMCU_row            0045d138 f   libs:jcdiffct.obj
 0001:0005c17a       _compress_data             0045d17a f   libs:jcdiffct.obj
 0001:0005c310       _compress_first_pass       0045d310 f   libs:jcdiffct.obj
 0001:0005c405       _compress_output           0045d405 f   libs:jcdiffct.obj
 0001:0005bcad       _start_pass_fdctmgr        0045ccad f   libs:jcdctmgr.obj
 0001:0005bdaf       _forward_DCT_float         0045cdaf f   libs:jcdctmgr.obj
 0001:0005b1e2       _start_pass_phuff          0045c1e2 f   libs:jcphuff.obj
 0001:0005b34f       _encode_mcu_DC_first       0045c34f f   libs:jcphuff.obj
 0001:0005b481       _emit_bits                 0045c481 f   libs:jcphuff.obj
 0001:0005b52c       _dump_buffer               0045c52c f   libs:jcphuff.obj
 0001:0005b564       _emit_symbol               0045c564 f   libs:jcphuff.obj
 0001:0005b5a4       _emit_restart              0045c5a4 f   libs:jcphuff.obj
 0001:0005b62d       _emit_eobrun               0045c62d f   libs:jcphuff.obj
 0001:0005b6b3       _encode_mcu_AC_first       0045c6b3 f   libs:jcphuff.obj
 0001:0005b847       _encode_mcu_DC_refine      0045c847 f   libs:jcphuff.obj
 0001:0005b901       _encode_mcu_AC_refine      0045c901 f   libs:jcphuff.obj
 0001:0005bb18       _finish_pass_phuff         0045cb18 f   libs:jcphuff.obj
 0001:0005bb67       _finish_pass_gather_phuff  0045cb67 f   libs:jcphuff.obj
 0001:0005bc2a       _need_optimization_pass    0045cc2a f   libs:jcphuff.obj
 0001:0005a97a       _start_pass_huff           0045b97a f   libs:jcshuff.obj
 0001:0005aaef       _encode_mcu_huff           0045baef f   libs:jcshuff.obj
 0001:0005abfa       _encode_one_block          0045bbfa f   libs:jcshuff.obj
 0001:0005ad71       _emit_bits                 0045bd71 f   libs:jcshuff.obj
 0001:0005ae14       _dump_buffer               0045be14 f   libs:jcshuff.obj
 0001:0005ae38       _emit_restart              0045be38 f   libs:jcshuff.obj
 0001:0005aea5       _flush_bits                0045bea5 f   libs:jcshuff.obj
 0001:0005aec9       _finish_pass_huff          0045bec9 f   libs:jcshuff.obj
 0001:0005af38       _encode_mcu_gather         0045bf38 f   libs:jcshuff.obj
 0001:0005afee       _htest_one_block           0045bfee f   libs:jcshuff.obj
 0001:0005b0b5       _finish_pass_gather        0045c0b5 f   libs:jcshuff.obj
 0001:0005b19f       _need_optimization_pass    0045c19f f   libs:jcshuff.obj
 0001:0005a34d       _start_pass_coef           0045b34d f   libs:jccoefct.obj
 0001:0005c138       _start_iMCU_row            0045d138 f   libs:jcdiffct.obj
 0001:0005a3e2       _compress_data             0045b3e2 f   libs:jccoefct.obj
 0001:0005a5c9       _compress_first_pass       0045b5c9 f   libs:jccoefct.obj
 0001:0005a7af       _compress_output           0045b7af f   libs:jccoefct.obj
 0001:0005a265       _calc_output_dimensions    0045b265 f   libs:jdlossls.obj
 0001:0005a276       _start_input_pass          0045b276 f   libs:jdlossls.obj
 0001:00059fa4       _calc_output_dimensions    0045afa4 f   libs:jdlossy.obj
 0001:0005a117       _start_input_pass          0045b117 f   libs:jdlossy.obj
 0001:0005a137       _latch_quant_tables        0045b137 f   libs:jdlossy.obj
 0001:0005a1cf       _start_output_pass         0045b1cf f   libs:jdlossy.obj
 0001:00059ef3       _start_pass                0045aef3 f   libs:jclossls.obj
 0001:00059e5f       _start_pass                0045ae5f f   libs:jclossy.obj
 0001:000593b4       _initial_setup             0045a3b4 f   libs:jcmaster.obj
 0001:00059567       _validate_script           0045a567 f   libs:jcmaster.obj
 0001:0005993f       _prepare_for_pass          0045a93f f   libs:jcmaster.obj
 0001:00059ab7       _select_scan_parameters    0045aab7 f   libs:jcmaster.obj
 0001:00059bb8       _per_scan_setup            0045abb8 f   libs:jcmaster.obj
 0001:00059d63       _pass_startup              0045ad63 f   libs:jcmaster.obj
 0001:00059d8a       _finish_pass_master        0045ad8a f   libs:jcmaster.obj
 0001:00058ea0       _rgb_ycc_start             00459ea0 f   libs:jccolor.obj
 0001:00058f64       _rgb_ycc_convert           00459f64 f   libs:jccolor.obj
 0001:00059063       _rgb_gray_convert          0045a063 f   libs:jccolor.obj
 0001:000590e8       _cmyk_ycck_convert         0045a0e8 f   libs:jccolor.obj
 0001:00059220       _grayscale_convert         0045a220 f   libs:jccolor.obj
 0001:0005927a       _null_convert              0045a27a f   libs:jccolor.obj
 0001:0002c25e       _null_method               0042d25e f   images.obj
 0001:0002c25e       _start_pass_downsample     0042d25e f   images.obj
 0001:000585ec       _sep_downsample            004595ec f   libs:jcsample.obj
 0001:00058661       _int_downsample            00459661 f   libs:jcsample.obj
 0001:00058759       _expand_right_edge         00459759 f   libs:jcsample.obj
 0001:000587ae       _fullsize_downsample       004597ae f   libs:jcsample.obj
 0001:000587f2       _h2v1_downsample           004597f2 f   libs:jcsample.obj
 0001:00058886       _h2v2_downsample           00459886 f   libs:jcsample.obj
 0001:00058933       _h2v2_smooth_downsample    00459933 f   libs:jcsample.obj
 0001:00058bab       _fullsize_smooth_downsample 00459bab f   libs:jcsample.obj
 0001:00057fe8       _start_pass_prep           00458fe8 f   libs:jcprepct.obj
 0001:00058026       _pre_process_data          00459026 f   libs:jcprepct.obj
 0001:000581d4       _pre_process_context       004591d4 f   libs:jcprepct.obj
 0001:0005838d       _create_context_buffer     0045938d f   libs:jcprepct.obj
 0001:00057e60       _start_pass_main           00458e60 f   libs:jcmainct.obj
 0001:00057ea2       _process_data_simple_main  00458ea2 f   libs:jcmainct.obj
 0001:00057436       _create_colormap           00458436 f   libs:jquant1.obj
 0001:00057568       _select_ncolors            00458568 f   libs:jquant1.obj
 0001:0005763f       _create_colorindex         0045863f f   libs:jquant1.obj
 0001:0005776b       _alloc_fs_workspace        0045876b f   libs:jquant1.obj
 0001:000577a7       _start_pass_1_quant        004587a7 f   libs:jquant1.obj
 0001:00057873       _create_odither_tables     00458873 f   libs:jquant1.obj
 0001:000578d2       _make_odither_array        004588d2 f   libs:jquant1.obj
 0001:00057935       _color_quantize            00458935 f   libs:jquant1.obj
 0001:000579c0       _color_quantize3           004589c0 f   libs:jquant1.obj
 0001:00057a4e       _quantize_ord_dither       00458a4e f   libs:jquant1.obj
 0001:00057b39       _quantize3_ord_dither      00458b39 f   libs:jquant1.obj
 0001:00057c39       _quantize_fs_dither        00458c39 f   libs:jquant1.obj
 0001:0002c25e       _finish_pass_1_quant       0042d25e f   images.obj
 0001:00057dbd       _new_color_map_1_quant     00458dbd f   libs:jquant1.obj
 0001:000563f7       _init_error_limit          004573f7 f   libs:jquant2.obj
 0001:00056496       _start_pass_2_quant        00457496 f   libs:jquant2.obj
 0001:00056598       _prescan_quantize          00457598 f   libs:jquant2.obj
 0001:00056607       _pass2_no_dither           00457607 f   libs:jquant2.obj
 0001:000566b4       _fill_inverse_cmap         004576b4 f   libs:jquant2.obj
 0001:0005677f       _find_nearby_colors        0045777f f   libs:jquant2.obj
 0001:00056923       _find_best_colors          00457923 f   libs:jquant2.obj
 0001:00056a3d       _pass2_fs_dither           00457a3d f   libs:jquant2.obj
 0001:00056cac       _finish_pass1              00457cac f   libs:jquant2.obj
 0001:00056cce       _select_colors             00457cce f   libs:jquant2.obj
 0001:00056d5a       _update_box                00457d5a f   libs:jquant2.obj
 0001:000570f4       _median_cut                004580f4 f   libs:jquant2.obj
 0001:00057208       _find_biggest_color_pop    00458208 f   libs:jquant2.obj
 0001:00057237       _find_biggest_volume       00458237 f   libs:jquant2.obj
 0001:00057260       _compute_color             00458260 f   libs:jquant2.obj
 0001:0002c25e       _finish_pass2              0042d25e f   images.obj
 0001:0005739c       _new_color_map_2_quant     0045839c f   libs:jquant2.obj
 0001:00055e0e       _build_ycc_rgb_table       00456e0e f   libs:jdmerge.obj
 0001:00055ebe       _start_pass_merged_upsample 00456ebe f   libs:jdmerge.obj
 0001:00055ed3       _merged_2v_upsample        00456ed3 f   libs:jdmerge.obj
 0001:00055f7a       _merged_1v_upsample        00456f7a f   libs:jdmerge.obj
 0001:00055fab       _h2v1_merged_upsample      00456fab f   libs:jdmerge.obj
 0001:00056101       _h2v2_merged_upsample      00457101 f   libs:jdmerge.obj
 0001:000559b2       _build_ycc_rgb_table       004569b2 f   libs:jdcolor.obj
 0001:00055a62       _ycc_rgb_convert           00456a62 f   libs:jdcolor.obj
 0001:00055b70       _null_convert              00456b70 f   libs:jdcolor.obj
 0001:00055be8       _grayscale_convert         00456be8 f   libs:jdcolor.obj
 0001:00055c0b       _gray_rgb_convert          00456c0b f   libs:jdcolor.obj
 0001:00055c64       _ycck_cmyk_convert         00456c64 f   libs:jdcolor.obj
 0001:0002c25e       _start_pass_dcolor         0042d25e f   images.obj
 0001:00055413       _start_pass_upsample       00456413 f   libs:jdsample.obj
 0001:0005542d       _sep_upsample              0045642d f   libs:jdsample.obj
 0001:000554fa       _fullsize_upsample         004564fa f   libs:jdsample.obj
 0001:00055505       _noop_upsample             00456505 f   libs:jdsample.obj
 0001:0005550d       _int_upsample              0045650d f   libs:jdsample.obj
 0001:000555f7       _h2v1_upsample             004565f7 f   libs:jdsample.obj
 0001:0005564e       _h2v2_upsample             0045664e f   libs:jdsample.obj
 0001:000556c0       _h2v1_fancy_upsample       004566c0 f   libs:jdsample.obj
 0001:00055763       _h2v2_fancy_upsample       00456763 f   libs:jdsample.obj
 0001:0005501c       _start_pass_dpost          0045601c f   libs:jdpostct.obj
 0001:000550c2       _post_process_1pass        004560c2 f   libs:jdpostct.obj
 0001:00055127       _post_process_prepass      00456127 f   libs:jdpostct.obj
 0001:000551b8       _post_process_2pass        004561b8 f   libs:jdpostct.obj
 0001:00054a23       _alloc_funny_pointers      00455a23 f   libs:jdmainct.obj
 0001:00054ad0       _start_pass_main           00455ad0 f   libs:jdmainct.obj
 0001:00054b38       _make_funny_pointers       00455b38 f   libs:jdmainct.obj
 0001:00054c78       _process_data_simple_main  00455c78 f   libs:jdmainct.obj
 0001:00054ce0       _process_data_context_main 00455ce0 f   libs:jdmainct.obj
 0001:00054df2       _set_wraparound_pointers   00455df2 f   libs:jdmainct.obj
 0001:00054edc       _set_bottom_pointers       00455edc f   libs:jdmainct.obj
 0001:00054f76       _process_data_crank_post   00455f76 f   libs:jdmainct.obj
 0001:0005374c       _write_marker_header       0045474c f   libs:jcmarker.obj
 0001:000537a2       _emit_byte                 004547a2 f   libs:jcmarker.obj
 0001:000537d3       _write_marker_byte         004547d3 f   libs:jcmarker.obj
 0001:000537e3       _write_file_header         004547e3 f   libs:jcmarker.obj
 0001:0005382f       _emit_jfif_app0            0045482f f   libs:jcmarker.obj
 0001:00053902       _emit_adobe_app14          00454902 f   libs:jcmarker.obj
 0001:000539a8       _write_frame_header        004549a8 f   libs:jcmarker.obj
 0001:00053a87       _emit_dqt                  00454a87 f   libs:jcmarker.obj
 0001:00053b76       _emit_sof                  00454b76 f   libs:jcmarker.obj
 0001:00053c52       _write_scan_header         00454c52 f   libs:jcmarker.obj
 0001:00053d12       _emit_dht                  00454d12 f   libs:jcmarker.obj
 0001:00053deb       _emit_dri                  00454deb f   libs:jcmarker.obj
 0001:00053e3a       _emit_sos                  00454e3a f   libs:jcmarker.obj
 0001:00053f28       _write_file_trailer        00454f28 f   libs:jcmarker.obj
 0001:00053f48       _write_tables_only         00454f48 f   libs:jcmarker.obj
 0001:000532a1       _use_merged_upsample       004542a1 f   libs:jdmaster.obj
 0001:00053347       _master_selection          00454347 f   libs:jdmaster.obj
 0001:000534a4       _prepare_range_limit_table 004544a4 f   libs:jdmaster.obj
 0001:0005352a       _prepare_for_output_pass   0045452a f   libs:jdmaster.obj
 0001:0005364b       _finish_output_pass        0045464b f   libs:jdmaster.obj
 0001:00052718       _alloc_small               00453718 f   libs:jmemmgr.obj
 0001:00052836       _alloc_large               00453836 f   libs:jmemmgr.obj
 0001:000528e7       _alloc_sarray              004538e7 f   libs:jmemmgr.obj
 0001:0005297f       _alloc_barray              0045397f f   libs:jmemmgr.obj
 0001:00052a23       _alloc_darray              00453a23 f   libs:jmemmgr.obj
 0001:00052ace       _request_virt_sarray       00453ace f   libs:jmemmgr.obj
 0001:00052b2f       _request_virt_barray       00453b2f f   libs:jmemmgr.obj
 0001:00052b90       _realize_virt_arrays       00453b90 f   libs:jmemmgr.obj
 0001:00052d13       _access_virt_sarray        00453d13 f   libs:jmemmgr.obj
 0001:00052e33       _do_sarray_io              00453e33 f   libs:jmemmgr.obj
 0001:00052ec3       _access_virt_barray        00453ec3 f   libs:jmemmgr.obj
 0001:00052fe8       _do_barray_io              00453fe8 f   libs:jmemmgr.obj
 0001:00053079       _free_pool                 00454079 f   libs:jmemmgr.obj
 0001:00053160       _self_destruct             00454160 f   libs:jmemmgr.obj
 0001:000521b2       _start_input_pass          004531b2 f   libs:jdinput.obj
 0001:000521e0       _per_scan_setup            004531e0 f   libs:jdinput.obj
 0001:00052366       _finish_input_pass         00453366 f   libs:jdinput.obj
 0001:00052377       _consume_markers           00453377 f   libs:jdinput.obj
 0001:00052413       _initial_setup             00453413 f   libs:jdinput.obj
 0001:0005261d       _reset_input_controller    0045361d f   libs:jdinput.obj
 0001:00051db7       _make_crc_table            00452db7 f   libs:crc32.obj
 0001:00051f04       _crc32_little              00452f04 f   libs:crc32.obj
 0001:00051bb1       _fixedtables               00452bb1 f   libs:inflate.obj
 0001:00051c9b       _updatewindow              00452c9b f   libs:inflate.obj
 0001:000508d9       _init_destination          004518d9 f   libs:jdatadst.obj
 0001:000508ff       _empty_output_buffer       004518ff f   libs:jdatadst.obj
 0001:00050941       _term_destination          00451941 f   libs:jdatadst.obj
 0001:00050460       _std_huff_tables           00451460 f   libs:jcparam.obj
 0001:000504ba       _add_huff_table            004514ba f   libs:jcparam.obj
 0001:0004e9b8       _next_marker               0044f9b8 f   libs:jdmarker.obj
 0001:0004eaf2       _get_interesting_appn      0044faf2 f   libs:jdmarker.obj
 0001:0004ec1d       _examine_app0              0044fc1d f   libs:jdmarker.obj
 0001:0004ee2b       _examine_app14             0044fe2b f   libs:jdmarker.obj
 0001:0004eeec       _skip_variable             0044feec f   libs:jdmarker.obj
 0001:0004ef8f       _read_markers              0044ff8f f   libs:jdmarker.obj
 0001:0004f197       _get_soi                   00450197 f   libs:jdmarker.obj
 0001:0004f242       _get_sof                   00450242 f   libs:jdmarker.obj
 0001:0004f54b       _get_sos                   0045054b f   libs:jdmarker.obj
 0001:0004f839       _get_dht                   00450839 f   libs:jdmarker.obj
 0001:0004fada       _get_dqt                   00450ada f   libs:jdmarker.obj
 0001:0004fd36       _get_dri                   00450d36 f   libs:jdmarker.obj
 0001:0004fe15       _first_marker              00450e15 f   libs:jdmarker.obj
 0001:0004feb1       _read_restart_marker       00450eb1 f   libs:jdmarker.obj
 0001:0004ff2f       _reset_marker_reader       00450f2f f   libs:jdmarker.obj
 0001:0004e79c       _output_pass_setup         0044f79c f   libs:jdapistd.obj
 0001:0004e48f       _default_decompress_parms  0044f48f f   libs:jdapimin.obj

 736 bytes saved through ICF

