 Quake2

 Timestamp is 43455f8a (Thu Oct 06 21:31:54 2005)

 Preferred load address is 00400000

 Start         Length     Name                   Class
 0001:00000000 00061310H .text                   CODE
 0002:00000000 00000288H .idata$5                DATA
 0002:00000288 0000644cH .rdata                  DATA
 0002:000066d8 00000044H .rdata$r                DATA
 0002:00006720 00000038H .xdata$x                DATA
 0002:00006758 00000078H .idata$2                DATA
 0002:000067d0 00000014H .idata$3                DATA
 0002:000067e4 00000288H .idata$4                DATA
 0002:00006a6c 0000084cH .idata$6                DATA
 0002:000072b8 00000000H .edata                  DATA
 0003:00000000 00000004H .CRT$XCA                DATA
 0003:00000004 00000084H .CRT$XCU                DATA
 0003:00000088 00000004H .CRT$XCZ                DATA
 0003:0000008c 00000004H .CRT$XIA                DATA
 0003:00000090 00000004H .CRT$XIZ                DATA
 0003:000000a0 0000d59cH .data                   DATA
 0003:0000d640 00458764H .bss                    DATA
 0004:00000000 00000130H .rsrc$01                DATA
 0004:00000130 00003f20H .rsrc$02                DATA

  Address         Publics by Value              Rva+Base     Lib:Object

 0001:00000000       ??3@YAXPAX@Z               00401000 f i CoreMain.obj
 0001:0000000b       ?appTimestamp@@YAPBDXZ     0040100b f   CoreMain.obj
 0001:00000040       ?appInit@@YAXXZ            00401040 f   CoreMain.obj
 0001:000000bf       ?appExit@@YAXXZ            004010bf f   CoreMain.obj
 0001:000000f9       ?appLoadDebugSymbols@@YAXXZ 004010f9 f   DbgSymbols.obj
 0001:000002b7       ?appSymbolName@@YA_NIPADH@Z 004012b7 f   DbgSymbols.obj
 0001:000003ad       ?appSymbolName@@YAPBDI@Z   004013ad f   DbgSymbols.obj
 0001:000003e3       ?appMalloc@@YAPAXIH@Z      004013e3 f   Memory.obj
 0001:00000491       ?appFree@@YAXPAX@Z         00401491 f   Memory.obj
 0001:000004bf       ?Unlink@FMemHeader@@QAEXXZ 004014bf f i Memory.obj
 0001:000004ea       ?Link@CMemoryChain@@AAEXXZ 004014ea f   Memory.obj
 0001:00000509       ?Unlink@CMemoryChain@@AAEXXZ 00401509 f   Memory.obj
 0001:00000534       ??2CMemoryChain@@SAPAXIH@Z 00401534 f   Memory.obj
 0001:000005a6       ??3CMemoryChain@@SAXPAX@Z  004015a6 f   Memory.obj
 0001:000005d9       ?Alloc@CMemoryChain@@QAEPAXIH@Z 004015d9 f   Memory.obj
 0001:00000643       ?appInitMemory@@YAXXZ      00401643 f   Memory.obj
 0001:00000b77       ?sprintf@?$TString@$0BAA@@@QAAHPBDZZ 00401b77 f i Memory.obj
 0001:00000bb1       ?Close@COutputDevice@@UAEXXZ 00401bb1 f i OutputDevice.obj
 0001:00000bb1       ?Flush@COutputDevice@@UAEXXZ 00401bb1 f i OutputDevice.obj
 0001:00000bb2       ?Write@COutputDeviceNull@@UAEXPBD@Z 00401bb2 f i OutputDevice.obj
 0001:00000bd3       ?Write@COutputDeviceLog@@UAEXPBD@Z 00401bd3 f i OutputDevice.obj
 0001:00000c04       ?Printf@COutputDevice@@QAAXPBDZZ 00401c04 f   OutputDevice.obj
 0001:00000c74       ?Register@COutputDevice@@QAEXXZ 00401c74 f   OutputDevice.obj
 0001:00000cd0       ?Unregister@COutputDevice@@QAEXXZ 00401cd0 f   OutputDevice.obj
 0001:00000d23       ?appPrintf@@YAXPBDZZ       00401d23 f   OutputDevice.obj
 0001:00000e59       ?appWPrintf@@YAXPBDZZ      00401e59 f   OutputDevice.obj
 0001:00000eb6       ??0COutputDeviceFile@@QAE@XZ 00401eb6 f i ErrorMgr.obj
 0001:00000ecb       ?Write@COutputDeviceFile@@UAEXPBD@Z 00401ecb f i ErrorMgr.obj
 0001:00000f1f       ?Flush@COutputDeviceFile@@UAEXXZ 00401f1f f i ErrorMgr.obj
 0001:00000f2f       ?Close@COutputDeviceFile@@UAEXXZ 00401f2f f i ErrorMgr.obj
 0001:00000f5d       ??1COutputDeviceFile@@QAE@XZ 00401f5d f i ErrorMgr.obj
 0001:00000f7c       ?appGetErrorLog@@YAPAVCOutputDevice@@XZ 00401f7c f   ErrorMgr.obj
 0001:0000101b       ?Open@COutputDeviceFile@@QAEXPBD_N@Z 0040201b f i ErrorMgr.obj
 0001:00001061       ?appFatalError@@YAXPBDZZ   00402061 f   ErrorMgr.obj
 0001:00001101       ?appNonFatalError@@YAXPBDZZ 00402101 f   ErrorMgr.obj
 0001:00001163       ?appUnwindPrefix@@YAXPBD@Z 00402163 f   ErrorMgr.obj
 0001:00001213       ?appUnwindThrow@@YAXPBDZZ  00402213 f   ErrorMgr.obj
 0001:00001298       ?Reset@CErrorHandler@@QAEXXZ 00402298 f   ErrorMgr.obj
 0001:000012c9       ?appInitError@@YAXXZ       004022c9 f   ErrorMgr.obj
 0001:000013ad       ?sprintf@?$TString@$0CAA@@@QAAHPBDZZ 004023ad f i ErrorMgr.obj
 0001:000013c9       ?GetLine@CSimpleParser@@QAEPBDXZ 004023c9 f   ScriptParser.obj
 0001:000014de       ?SkipBraces@CSimpleParser@@QAEPBDXZ 004024de f   ScriptParser.obj
 0001:00001514       ?appStricmp@@YAHPBD0@Z     00402514 f   Strings.obj
 0001:00001549       ?toLower@@YADD@Z           00402549 f i Strings.obj
 0001:00001560       ?appStrcpy@@YAXPADPBD@Z    00402560 f   Strings.obj
 0001:00001573       ?appStrncpylwr@@YAXPADPBDH@Z 00402573 f   Strings.obj
 0001:000015ab       ?appStrncpyz@@YAXPADPBDH@Z 004025ab f   Strings.obj
 0001:000015d8       ?appStrcatn@@YAXPADHPBD@Z  004025d8 f   Strings.obj
 0001:00001603       ?appCopyFilename@@YAXPADPBDH@Z 00402603 f   Strings.obj
 0001:000016a3       ?appCStrlen@@YAHPBD@Z      004026a3 f   Strings.obj
 0001:000016c8       ?appUncolorizeString@@YAXPADPBD@Z 004026c8 f   Strings.obj
 0001:000016f8       ?va@@YAPBDPBDZZ            004026f8 f   Strings.obj
 0001:00001794       ?appSprintf@@YAHPADHPBDZZ  00402794 f   Strings.obj
 0001:000017df       ?appMatchWildcard@@YA_NPBD0_N@Z 004027df f   Strings.obj
 0001:0000196e       ?appIsWildcard@@YA_NPBD@Z  0040296e f   Strings.obj
 0001:00001998       ?CopyString@@YAPADPBD@Z    00402998 f   Strings.obj
 0001:000019d8       ?CopyString@@YAPADPBDPAVCMemoryChain@@@Z 004029d8 f   Strings.obj
 0001:00001a0c       ??2CStringItem@@SAPAXIPBD@Z 00402a0c f   Strings.obj
 0001:00001a59       ??2CStringItem@@SAPAXIPBDPAVCMemoryChain@@@Z 00402a59 f   Strings.obj
 0001:00001a83       ??0CStringItem@@QAE@XZ     00402a83 f   Strings.obj
 0001:00001a8e       ?Find@CStringList@@IAEPAVCStringItem@@PBDPAPAV2@@Z 00402a8e f   Strings.obj
 0001:00001aca       ?Find@CStringList@@IAEPAVCStringItem@@H@Z 00402aca f   Strings.obj
 0001:00001ae3       ?IndexOf@CStringList@@QAEHPBD@Z 00402ae3 f   Strings.obj
 0001:00001b10       ?Remove@CStringList@@QAE_NPAVCStringItem@@@Z 00402b10 f   Strings.obj
 0001:00001b3c       ?Add@CTextContainer@@QAEPAUCTextRec@@PBD@Z 00402b3c f   TextContainer.obj
 0001:00001be8       ?Enumerate@CTextContainer@@QAEXP6AXPBUCTextRec@@@Z@Z 00402be8 f   TextContainer.obj
 0001:00001c54       ?SubtractPath@@YAPBDPBD0@Z 00402c54 f   FileSystem.obj
 0001:00001ce8       ?appMakeDirectoryForFile@@YAXPBD@Z 00402ce8 f   FileSystem.obj
 0001:00001d1e       ?appOpenFile@@YAPAVCFile@@PBD@Z 00402d1e f   FileSystem.obj
 0001:00001d5a       ?Read@CFileOS@@UAEHPAXH@Z  00402d5a f i FileSystem.obj
 0001:00001d7f       ?GetSize@CFileOS@@UAEHXZ   00402d7f f i FileSystem.obj
 0001:00001dc4       ?Eof@CFileOS@@UAE_NXZ      00402dc4 f i FileSystem.obj
 0001:00001dd8       ??_ECFileOS@@UAEPAXI@Z     00402dd8 f i FileSystem.obj
 0001:00001dd8       ??_GCFileOS@@UAEPAXI@Z     00402dd8 f i FileSystem.obj
 0001:00001e0a       ??_ECFile@@UAEPAXI@Z       00402e0a f i FileSystem.obj
 0001:00001e0a       ??_GCFile@@UAEPAXI@Z       00402e0a f i FileSystem.obj
 0001:00001e27       ?ReadByte@CFile@@QAEEXZ    00402e27 f   FileSystem.obj
 0001:00001e3f       ?ReadInt@CFile@@QAEHXZ     00402e3f f   FileSystem.obj
 0001:00001e57       ?ReadString@CFile@@QAEXPADH@Z 00402e57 f   FileSystem.obj
 0001:00001e97       ?GetType@CFileContainer@@MAEPBDXZ 00402e97 f   FileSystem.obj
 0001:00001e9d       ?Mount@CFileSystem@@QAEXAAVCFileContainer@@PBD@Z 00402e9d f   FileSystem.obj
 0001:00001ef3       ?Umount@CFileSystem@@QAEXAAVCFileContainer@@@Z 00402ef3 f   FileSystem.obj
 0001:00001f2a       ?MountDirectory@CFileSystem@@QAEPAVCFileContainer@@PBD0@Z 00402f2a f   FileSystem.obj
 0001:00001f6d       ?GetType@CFileContainerOS@@MAEPBDXZ 00402f6d f i FileSystem.obj
 0001:00001f73       ?FileExists@CFileContainerOS@@UAE_NPBD@Z 00402f73 f i FileSystem.obj
 0001:00001faa       ?OpenFile@CFileContainerOS@@UAEPAVCFile@@PBD@Z 00402faa f i FileSystem.obj
 0001:00001fc7       ?List@CFileContainerOS@@UAEXAAVCFileList@@PBDI@Z 00402fc7 f i FileSystem.obj
 0001:00001fef       ??_ECFileContainerOS@@UAEPAXI@Z 00402fef f i FileSystem.obj
 0001:00001fef       ??_GCFileContainerOS@@UAEPAXI@Z 00402fef f i FileSystem.obj
 0001:00001fef       ??_GCFileContainer@@UAEPAXI@Z 00402fef f i FileSystem.obj
 0001:00001fef       ??_ECFileContainer@@UAEPAXI@Z 00402fef f i FileSystem.obj
 0001:0000200c       ?MountArchive@CFileSystem@@QAEPAVCFileContainer@@PBD0@Z 0040300c f   FileSystem.obj
 0001:00002123       ?Mount@CFileSystem@@QAEXPBD0@Z 00403123 f   FileSystem.obj
 0001:00002309       ?Umount@CFileSystem@@QAEXPBD@Z 00403309 f   FileSystem.obj
 0001:000023a5       ?List@CFileSystem@@UAEPAVCFileList@@PBDIPAV2@@Z 004033a5 f   FileSystem.obj
 0001:0000255d       ?RegisterFormat@CFileSystem@@SAXP6APAVCFileContainer@@PBDPAU_iobuf@@@Z@Z 0040355d f   FileSystem.obj
 0001:0000259d       ?FileExists@CFileSystem@@UAE_NPBDI@Z 0040359d f   FileSystem.obj
 0001:0000261c       ?OpenFile@CFileSystem@@UAEPAVCFile@@PBDI@Z 0040361c f   FileSystem.obj
 0001:000026c1       ?LoadFile@CFileSystem@@QAEPAXPBDPAI@Z 004036c1 f   FileSystem.obj
 0001:00002791       ?appInitFileSystem@@YAXAAVCFileSystem@@@Z 00403791 f   FileSystem.obj
 0001:00002cea       ?FindDir@CFileContainerArc@@IAEPAVCArcDir@1@PBD_N@Z 00403cea f   FileContainerArc.obj
 0001:00002dd3       ?FindFile@CFileContainerArc@@IAEPAVCStringItem@@PBD@Z 00403dd3 f   FileContainerArc.obj
 0001:00002e3e       ?FileExists@CFileContainerArc@@UAE_NPBD@Z 00403e3e f   FileContainerArc.obj
 0001:00002e50       ?OpenFile@CFileContainerArc@@UAEPAVCFile@@PBD@Z 00403e50 f   FileContainerArc.obj
 0001:00002e6c       ?List@CFileContainerArc@@UAEXAAVCFileList@@PBDI@Z 00403e6c f   FileContainerArc.obj
 0001:00002fd9       ?appMillisecondsf@@YANXZ   00403fd9 f   CoreWin32.obj
 0001:00003012       ?appMilliseconds@@YAIXZ    00404012 f   CoreWin32.obj
 0001:00003047       ?cpuid@@YAXI@Z             00404047 f   CoreWin32.obj
 0001:0000306a       ?appPackage@@YAPBDXZ       0040406a f   CoreWin32.obj
 0001:000030c2       ?appGetSystemErrorMessage@@YAPBDI@Z 004040c2 f   CoreWin32.obj
 0001:00003126       ?appDisplayError@@YAXXZ    00404126 f   CoreWin32.obj
 0001:0000317a       ?appInitPlatform@@YAXXZ    0040417a f   CoreWin32.obj
 0001:000035bb       ?appShutdownPlatform@@YAXXZ 004045bb f   CoreWin32.obj
 0001:000035c4       ?osAddressInfo@@YA_NIPADHPAH@Z 004045c4 f   DbgSymbolsWin32.obj
 0001:00003658       ?osModuleInfo@@YA_NIPADHPAH@Z 00404658 f   DbgSymbolsWin32.obj
 0001:000037ff       ?win32ExceptFilter@@YAHPAU_EXCEPTION_POINTERS@@@Z 004047ff f   ExceptFilterWin32.obj
 0001:00003d38       ?win32ExceptFilter2@@YAHXZ 00404d38 f   ExceptFilterWin32.obj
 0001:00003d44       ?appListDirectoryOS@@YAXPBDAAVCFileList@@I@Z 00404d44 f   FileSystemWin32.obj
 0001:00003f8b       ?appMakeDirectory@@YAXPBD@Z 00404f8b f   FileSystemWin32.obj
 0001:00003ff8       ?SCR_StopCinematic@@YAXXZ  00404ff8 f   cl_cin.obj
 0001:0000408c       ?SCR_DrawCinematic@@YA_NXZ 0040508c f   cl_cin.obj
 0001:000044a9       ?SCR_PlayCinematic@@YAXPBD@Z 004054a9 f   cl_cin.obj
 0001:00004800       ?sprintf@?$TString@$0EA@@@QAAHPBDZZ 00405800 f i cl_cin.obj
 0001:00004819       ?CL_Download_f@@YAX_NHPAPAD@Z 00405819 f   cl_download.obj
 0001:00004bc4       ?CL_ParseDownload@@YAXXZ   00405bc4 f   cl_download.obj
 0001:000053ec       ?CL_Precache_f@@YAXHPAPAD@Z 004063ec f   cl_download.obj
 0001:0000544a       ?sprintf@?$TString@$0IA@@@QAAHPBDZZ 0040644a f i cl_download.obj
 0001:00005466       ?CL_ParseDelta@@YAXPAUclEntityState_t@@0HI_N@Z 00406466 f   cl_ents.obj
 0001:000055e6       ?CL_ParseFrame@@YAXXZ      004065e6 f   cl_ents.obj
 0001:00005c95       ?CL_AddEntityBox@@YAXPAUclEntityState_t@@I@Z 00406c95 f   cl_ents.obj
 0001:00005d99       ?Lerp@@YAXABUCVec3@@0MAAU1@@Z 00406d99 f i cl_ents.obj
 0001:00005dd0       ?CL_OffsetThirdPersonView@@YAXXZ 00406dd0 f   cl_ents.obj
 0001:00005eb8       ?CL_AddEntities@@YAXXZ     00406eb8 f   cl_ents.obj
 0001:00006df6       ?CL_ClearLightStyles@@YAXXZ 00407df6 f   cl_fx.obj
 0001:00006e78       ?CL_SetLightstyle@@YAXHPBD@Z 00407e78 f   cl_fx.obj
 0001:00006ed9       ?CL_AllocDlight@@YAPAUcdlight_t@@HABUCVec3@@@Z 00407ed9 f   cl_fx.obj
 0001:00006f42       ?CL_AllocParticleTrace@@YAPAUparticleTrace_t@@ABUCVec3@@0MM@Z 00407f42 f   cl_fx.obj
 0001:00006fd1       ?CL_AllocParticleBeam@@YAPAUbeam_t@@ABUCVec3@@0MM@Z 00407fd1 f   cl_fx.obj
 0001:00007045       ?CL_AllocParticle@@YAPAUparticle_t@@XZ 00408045 f   cl_fx.obj
 0001:00007098       ?CL_MetalSparks@@YAXABUCVec3@@0H@Z 00408098 f   cl_fx.obj
 0001:00007196       ?CL_AddEffects@@YAXXZ      00408196 f   cl_fx.obj
 0001:0000789b       ?CL_ClearEffects@@YAXXZ    0040889b f   cl_fx.obj
 0001:0000791d       ?CL_EntityEvent@@YAXPAUclEntityState_t@@@Z 0040891d f   cl_fx.obj
 0001:00007ad1       ?CL_ParseMuzzleFlash@@YAXXZ 00408ad1 f   cl_fx.obj
 0001:00007e41       ?CL_ParseMuzzleFlash2@@YAXXZ 00408e41 f   cl_fx.obj
 0001:000082b7       ?CL_ParticleEffect@@YAXABUCVec3@@0HH@Z 004092b7 f   cl_fx.obj
 0001:000084a0       ?CL_ParticleEffect2@@YAXABUCVec3@@0HH@Z 004094a0 f   cl_fx.obj
 0001:000084c8       ?CL_ParticleEffect3@@YAXABUCVec3@@0HH@Z 004094c8 f   cl_fx.obj
 0001:000084f0       ?CL_TeleporterParticles@@YAXPAUclEntityState_t@@@Z 004094f0 f   cl_fx.obj
 0001:0000850f       ?CL_LogoutEffect@@YAXABUCVec3@@H@Z 0040950f f   cl_fx.obj
 0001:00008545       ?CL_ItemRespawnParticles@@YAXABUCVec3@@@Z 00409545 f   cl_fx.obj
 0001:00008560       ?CL_ExplosionParticles@@YAXABUCVec3@@@Z 00409560 f   cl_fx.obj
 0001:0000857e       ?CL_BFGExplosionParticles@@YAXABUCVec3@@@Z 0040957e f   cl_fx.obj
 0001:0000859c       ?CL_TrackerExplosionParticles@@YAXABUCVec3@@@Z 0040959c f   cl_fx.obj
 0001:000085ba       ?CL_BlasterParticles@@YAXABUCVec3@@0I@Z 004095ba f   cl_fx.obj
 0001:000085e0       ?CL_BlasterTrail@@YAXAAUcentity_t@@@Z 004095e0 f   cl_fx.obj
 0001:000086e3       ?CL_BlasterTrail2@@YAXAAUcentity_t@@@Z 004096e3 f   cl_fx.obj
 0001:000086f6       ?CL_FlagTrail@@YAXAAUcentity_t@@H@Z 004096f6 f   cl_fx.obj
 0001:00008712       ?CL_RocketTrail@@YAXAAUcentity_t@@@Z 00409712 f   cl_fx.obj
 0001:00008751       ?CL_BubbleTrail@@YAXABUCVec3@@0@Z 00409751 f   cl_fx.obj
 0001:000087eb       ?CL_BubbleTrail2@@YAXABUCVec3@@0@Z 004097eb f   cl_fx.obj
 0001:00008803       ?CL_TagTrail@@YAXAAUcentity_t@@@Z 00409803 f   cl_fx.obj
 0001:00008816       ?CL_DebugTrail@@YAXABUCVec3@@0@Z 00409816 f   cl_fx.obj
 0001:0000882e       ?CL_ForceWall@@YAXABUCVec3@@0H@Z 0040982e f   cl_fx.obj
 0001:0000884f       ?CL_BigTeleportParticles@@YAXABUCVec3@@@Z 0040984f f   cl_fx.obj
 0001:0000898a       ?CL_BfgParticles@@YAXABUCVec3@@@Z 0040998a f   cl_fx.obj
 0001:00008b04       ?CL_FlyEffect@@YAXAAUcentity_t@@@Z 00409b04 f   cl_fx.obj
 0001:00008c90       ?CL_DiminishingTrail@@YAXAAUcentity_t@@H@Z 00409c90 f   cl_fx.obj
 0001:00008dea       ?CL_RailTrail@@YAXABUCVec3@@0@Z 00409dea f   cl_fx.obj
 0001:00008f60       ?CL_RailTrailExt@@YAXABUCVec3@@0EE@Z 00409f60 f   cl_fx.obj
 0001:000090a5       ?CL_IonripperTrail@@YAXAAUcentity_t@@@Z 0040a0a5 f   cl_fx.obj
 0001:000091ff       ?CL_TrapParticles@@YAXABUCVec3@@@Z 0040a1ff f   cl_fx.obj
 0001:00009393       ?CL_TeleportParticles@@YAXABUCVec3@@@Z 0040a393 f   cl_fx.obj
 0001:000094c9       ?CL_Heatbeam@@YAXABUCVec3@@0@Z 0040a4c9 f   cl_fx.obj
 0001:0000976f       ?CL_ParticleSteamEffect@@YAXABUCVec3@@0HHH@Z 0040a76f f   cl_fx.obj
 0001:000098a8       ?CL_ParticleSmokeEffect@@YAXABUCVec3@@0@Z 0040a8a8 f   cl_fx.obj
 0001:000099c4       ?CL_TrackerTrail@@YAXAAUcentity_t@@@Z 0040a9c4 f   cl_fx.obj
 0001:00009b42       ?CL_TrackerShell@@YAXABUCVec3@@@Z 0040ab42 f   cl_fx.obj
 0001:00009bce       ?CL_MonsterPlasmaShell@@YAXABUCVec3@@@Z 0040abce f   cl_fx.obj
 0001:00009c57       ?CL_WidowSplash@@YAXABUCVec3@@@Z 0040ac57 f   cl_fx.obj
 0001:00009d38       ?IN_CenterView@@YAXXZ      0040ad38 f   cl_input.obj
 0001:00009d59       ?CL_InitInput@@YAXXZ       0040ad59 f   cl_input.obj
 0001:0000a319       ?CL_SendCmd@@YAXXZ         0040b319 f   cl_input.obj
 0001:0000a9a5       ?CL_WriteDemoMessage@@YAXXZ 0040b9a5 f   cl_main.obj
 0001:0000a9e7       ?Cmd_ForwardToServer@@YAXHPAPAD@Z 0040b9e7 f   cl_main.obj
 0001:0000aaaa       ?CL_ForwardToServer_f@@YAXHPAPAD@Z 0040baaa f   cl_main.obj
 0001:0000aaf2       ?CL_Pause@@YAX_N@Z         0040baf2 f   cl_main.obj
 0001:0000ab34       ?CL_Drop@@YAX_N@Z          0040bb34 f   cl_main.obj
 0001:0000ab5b       ?CL_SendConnectPacket@@YAXXZ 0040bb5b f   cl_main.obj
 0001:0000abc1       ?CL_Connect_f@@YAX_NHPAPAD@Z 0040bbc1 f   cl_main.obj
 0001:0000ac2c       ?CL_Rcon_f@@YAXHPAPAD@Z    0040bc2c f   cl_main.obj
 0001:0000ad18       ?CL_Disconnect@@YAXXZ      0040bd18 f   cl_main.obj
 0001:0000aec3       ?CL_Disconnect_f@@YAXXZ    0040bec3 f   cl_main.obj
 0001:0000aecd       ?CL_Changing_f@@YAXXZ      0040becd f   cl_main.obj
 0001:0000aef1       ?CL_Reconnect_f@@YAXXZ     0040bef1 f   cl_main.obj
 0001:0000af8d       ?CL_PingServers_f@@YAXXZ   0040bf8d f   cl_main.obj
 0001:0000b08f       ?CL_Skins_f@@YAXXZ         0040c08f f   cl_main.obj
 0001:0000b378       ?CL_ConnectionlessPacket@@YAXXZ 0040c378 f   cl_main.obj
 0001:0000b475       ?CL_ReadPackets@@YAXXZ     0040c475 f   cl_main.obj
 0001:0000b5b8       ?CL_Userinfo_f@@YAXXZ      0040c5b8 f   cl_main.obj
 0001:0000b5d3       ?CL_RegisterSounds@@YAXXZ  0040c5d3 f   cl_main.obj
 0001:0000b612       ?CL_Snd_Restart_f@@YAXXZ   0040c612 f   cl_main.obj
 0001:0000b621       ?CL_WriteConfiguration@@YAXPBD@Z 0040c621 f   cl_main.obj
 0001:0000b708       ?CL_WriteConfig_f@@YAX_NHPAPAD@Z 0040c708 f   cl_main.obj
 0001:0000b773       ?CL_FixCvarCheats@@YAXXZ   0040c773 f   cl_main.obj
 0001:0000b7c4       ?CL_Frame@@YAXMM@Z         0040c7c4 f   cl_main.obj
 0001:0000bb03       ?CL_ClearState@@YAXXZ      0040cb03 f   cl_main.obj
 0001:0000bb41       ?CL_Init@@YAXXZ            0040cb41 f   cl_main.obj
 0001:0000bfff       ?CL_Shutdown@@YAXXZ        0040cfff f   cl_main.obj
 0001:0000c05b       ?sprintf@?$TString@$0EAA@@@QAAHPBDZZ 0040d05b f i cl_main.obj
 0001:0000c077       ?CL_ParseClientinfo@@YAXH@Z 0040d077 f   cl_parse.obj
 0001:0000c12c       ?CL_UpdatePlayerClientInfo@@YAXXZ 0040d12c f   cl_parse.obj
 0001:0000c16d       ?CL_ParseServerMessage@@YAXXZ 0040d16d f   cl_parse.obj
 0001:0000c95f       ?FreePlayerModelsInfo@@YAXXZ 0040d95f f   cl_playermodel.obj
 0001:0000c985       ?ScanQuake3Models@@YAXPBD@Z 0040d985 f   cl_playermodel.obj
 0001:0000cb26       ?ScanPlayerModels@@YA_NXZ  0040db26 f   cl_playermodel.obj
 0001:0000cd7a       ?RunAnimation@@YAXAAUclientInfo_t@@AAUanimState_t@@H@Z 0040dd7a f   cl_playermodel.obj
 0001:0000cf5b       ?CL_LoadClientinfo@@YAXAAUclientInfo_t@@PBD_N@Z 0040df5b f   cl_playermodel.obj
 0001:0000dbe6       ?ParsePlayerEntity@@YAHAAUcentity_t@@AAUclientInfo_t@@PAUclEntityState_t@@ABUentity_t@@PAU4@HH@Z 0040ebe6 f   cl_playermodel.obj
 0001:0000e73b       ?CreateAndInsert@?$TList@VCStringItem@@@@QAEPAVCStringItem@@PBDPAVCMemoryChain@@@Z 0040f73b f i cl_playermodel.obj
 0001:0000e771       ?CL_CheckPredictionError@@YAXXZ 0040f771 f   cl_pred.obj
 0001:0000e904       ?CL_EntityTrace@@YAXAAUtrace_t@@ABUCVec3@@1ABUCBox@@H@Z 0040f904 f   cl_pred.obj
 0001:0000eca0       ?CL_Trace@@YAXAAUtrace_t@@ABUCVec3@@1ABUCBox@@H@Z 0040fca0 f   cl_pred.obj
 0001:0000ed1c       ?CL_PMpointcontents@@YAHABUCVec3@@@Z 0040fd1c f   cl_pred.obj
 0001:0000eea8       ?CL_PredictMovement@@YAXXZ 0040fea8 f   cl_pred.obj
 0001:0000f25b       ?DrawString@@YAXHHPBD@Z    0041025b f   cl_scrn.obj
 0001:0000f2a0       ?SCR_DebugGraph@@YAXMH@Z   004102a0 f   cl_scrn.obj
 0001:0000f2c8       ?SCR_CenterPrint@@YAXPBD@Z 004102c8 f   cl_scrn.obj
 0001:0000f3ce       ?Key_Message@@YAXH@Z       004103ce f   cl_scrn.obj
 0001:0000f46a       ?SCR_SetLevelshot@@YAXPBD@Z 0041046a f   cl_scrn.obj
 0001:0000f563       ?SCR_BeginLoadingPlaque@@YAXXZ 00410563 f   cl_scrn.obj
 0001:0000f5e8       ?SCR_EndLoadingPlaque@@YAX_N@Z 004105e8 f   cl_scrn.obj
 0001:0000f66d       ?SCR_ShowConsole@@YAX_N0@Z 0041066d f   cl_scrn.obj
 0001:0000f732       ?SCR_ToggleConsole@@YAXXZ  00410732 f   cl_scrn.obj
 0001:0000f75a       ?SCR_TouchPics@@YAXXZ      0041075a f   cl_scrn.obj
 0001:0000f7b0       ?SCR_UpdateScreen@@YAXXZ   004107b0 f   cl_scrn.obj
 0001:000109f4       ?SCR_Init@@YAXXZ           004119f4 f   cl_scrn.obj
 0001:00010d23       ?sprintf@?$TString@$0BA@@@QAAHPBDZZ 00411d23 f i cl_scrn.obj
 0001:00010d3c       ?CL_RegisterTEntSounds@@YAXXZ 00411d3c f   cl_tent.obj
 0001:00010f81       ?CL_RegisterTEntModels@@YAXXZ 00411f81 f   cl_tent.obj
 0001:000110ce       ?CL_ClearTEnts@@YAXXZ      004120ce f   cl_tent.obj
 0001:000110ff       ?CL_SmokeAndFlash@@YAXABUCVec3@@@Z 004120ff f   cl_tent.obj
 0001:00011295       ?CL_ParsePlayerBeam@@YAHPAVCRenderModel@@@Z 00412295 f   cl_tent.obj
 0001:000113a0       ?CL_ParseLightning@@YAHPAVCRenderModel@@@Z 004123a0 f   cl_tent.obj
 0001:00011462       ?CL_ParseWidow@@YAXXZ      00412462 f   cl_tent.obj
 0001:00011598       ?CL_ParseNuke@@YAXXZ       00412598 f   cl_tent.obj
 0001:000116ab       ?CL_ParseTEnt@@YAXXZ       004126ab f   cl_tent.obj
 0001:00012492       ?CL_AddBeams@@YAXXZ        00413492 f   cl_tent.obj
 0001:00012694       ?CL_AddPlayerBeams@@YAXXZ  00413694 f   cl_tent.obj
 0001:00012c9b       ?CL_AddTEnts@@YAXXZ        00413c9b f   cl_tent.obj
 0001:00012e9b       ?V_AddEntity@@YAXPAUentity_t@@@Z 00413e9b f   cl_view.obj
 0001:00012ed6       ?V_AddEntity2@@YAXPAUentity_t@@@Z 00413ed6 f   cl_view.obj
 0001:00012f05       ?AddEntityWithEffects2@@YAXPAUentity_t@@I@Z 00413f05 f   cl_view.obj
 0001:00012fa4       ?AddEntityWithEffects@@YAXPAUentity_t@@I@Z 00413fa4 f   cl_view.obj
 0001:00012fc3       ?V_AddLight@@YAXABUCVec3@@MMMM@Z 00413fc3 f   cl_view.obj
 0001:00013008       ?V_TestEntities@@YAXXZ     00414008 f   cl_view.obj
 0001:00013135       ?V_TestLights@@YAXXZ       00414135 f   cl_view.obj
 0001:0001320b       ?V_InitRenderer@@YAXXZ     0041420b f   cl_view.obj
 0001:000135f3       ?CalcFov@@YAMMMM@Z         004145f3 f   cl_view.obj
 0001:00013661       ?V_RenderView@@YA_NXZ      00414661 f   cl_view.obj
 0001:0001427b       ?V_Init@@YAXXZ             0041527b f   cl_view.obj
 0001:0001432a       ?Con_ClearNotify@@YAXXZ    0041532a f   console.obj
 0001:00014339       ?Con_CheckResize@@YAXXZ    00415339 f   console.obj
 0001:00014460       ?Write@COutputDeviceCon@@UAEXPBD@Z 00415460 f   console.obj
 0001:0001475a       ?Con_DrawNotify@@YAX_N@Z   0041575a f   console.obj
 0001:00014872       ?Con_DrawConsole@@YAXM@Z   00415872 f   console.obj
 0001:00014b26       ?Con_ClearTyping@@YAXXZ    00415b26 f   console.obj
 0001:00014b3f       ?Key_Console@@YAXHH@Z      00415b3f f   console.obj
 0001:00014f87       ?Con_Init@@YAXXZ           00415f87 f   console.obj
 0001:000150f5       ?Key_KeynumToString@@YAPBDH@Z 004160f5 f   keys.obj
 0001:000151b5       ?Draw@completeMenu_t@@UAEXXZ 004161b5 f i keys.obj
 0001:000151e6       ?KeyDown@completeMenu_t@@UAEPBDH@Z 004161e6 f i keys.obj
 0001:0001520f       ?Init@completeMenu_t@@UAE_NXZ 0041620f f i keys.obj
 0001:00015336       ?CompleteMenuCallback@completeMenu_t@@SAXPAX@Z 00416336 f i keys.obj
 0001:000153c4       ?CompleteCommand@@YAXXZ    004163c4 f   keys.obj
 0001:00015acf       ?Key_SetBinding@@YAXHPBD@Z 00416acf f   keys.obj
 0001:00015b0d       ?Key_FindBinding@@YAHPBDPAHH@Z 00416b0d f   keys.obj
 0001:00015b5b       ?Key_WriteBindings@@YAXPAVCOutputDevice@@@Z 00416b5b f   keys.obj
 0001:00015ba2       ?Key_Init@@YAXXZ           00416ba2 f   keys.obj
 0001:00015e86       ?Key_Event@@YAXH_N@Z       00416e86 f   keys.obj
 0001:000161df       ?Key_ClearStates@@YAXXZ    004171df f   keys.obj
 0001:00016214       ?M_ForceMenuOn@@YAXXZ      00417214 f   menu.obj
 0001:00016233       ?Draw@menuMain_t@@UAEXXZ   00417233 f i menu.obj
 0001:0001636f       ?KeyDown@menuMain_t@@UAEPBDH@Z 0041736f f i menu.obj
 0001:0001642b       ?Init@menuMain_t@@UAE_NXZ  0041742b f i menu.obj
 0001:00016433       ?M_Menu_Main_f@@YAXXZ      00417433 f   menu.obj
 0001:0001644d       ?Init@multiplayerMenu_t@@UAE_NXZ 0041744d f i menu.obj
 0001:00016571       ?Init@keysMenu_t@@UAE_NXZ  00417571 f i menu.obj
 0001:0001675a       ?KeyCursorDrawFunc@keysMenu_t@@SAXPAUmenuFramework_t@@@Z 0041775a f i menu.obj
 0001:0001679a       ?DrawKeyBindingFunc@keysMenu_t@@SAXPAX@Z 0041779a f i menu.obj
 0001:00016861       ?KeyDown@keysMenu_t@@UAEPBDH@Z 00417861 f i menu.obj
 0001:0001690e       ?UnbindCommand@keysMenu_t@@QAEXPAD@Z 0041790e f i menu.obj
 0001:00016953       ?KeyBindingFunc@keysMenu_t@@QAEXPAX@Z 00417953 f i menu.obj
 0001:000169b2       ?Init@optionsMenu_t@@UAE_NXZ 004179b2 f i menu.obj
 0001:00016e10       ?CrosshairFunc@optionsMenu_t@@SAXPAX@Z 00417e10 f i menu.obj
 0001:00016e38       ?JoystickFunc@optionsMenu_t@@SAXPAX@Z 00417e38 f i menu.obj
 0001:00016e4d       ?AlwaysRunFunc@optionsMenu_t@@SAXPAX@Z 00417e4d f i menu.obj
 0001:00016e62       ?FreeLookFunc@optionsMenu_t@@SAXPAX@Z 00417e62 f i menu.obj
 0001:00016e77       ?MouseSpeedFunc@optionsMenu_t@@SAXPAX@Z 00417e77 f i menu.obj
 0001:00016e94       ?InvertMouseFunc@optionsMenu_t@@SAXPAX@Z 00417e94 f i menu.obj
 0001:00016eaf       ?LookspringFunc@optionsMenu_t@@SAXPAX@Z 00417eaf f i menu.obj
 0001:00016ecb       ?LookstrafeFunc@optionsMenu_t@@SAXPAX@Z 00417ecb f i menu.obj
 0001:00016ee7       ?UpdateVolumeFunc@optionsMenu_t@@SAXPAX@Z 00417ee7 f i menu.obj
 0001:00016f04       ?UpdateCDVolumeFunc@optionsMenu_t@@SAXPAX@Z 00417f04 f i menu.obj
 0001:00016f1e       ?SetMenuItemValues@optionsMenu_t@@SAXXZ 00417f1e f i menu.obj
 0001:000170fc       ?ResetDefaultsFunc@optionsMenu_t@@SAXPAX@Z 004180fc f i menu.obj
 0001:00017111       ?UpdateSoundFunc@optionsMenu_t@@SAXPAX@Z 00418111 f i menu.obj
 0001:00017314       ?ScanCrosshairs@optionsMenu_t@@SAXXZ 00418314 f i menu.obj
 0001:00017371       ?Draw@optionsMenu_t@@UAEXXZ 00418371 f i menu.obj
 0001:000173d6       ?Draw@creditsMenu_t@@UAEXXZ 004183d6 f i menu.obj
 0001:0001747d       ?KeyDown@creditsMenu_t@@UAEPBDH@Z 0041847d f i menu.obj
 0001:000174b8       ?Init@creditsMenu_t@@UAE_NXZ 004184b8 f i menu.obj
 0001:00017539       ?Init@gameMenu_t@@UAE_NXZ  00418539 f i menu.obj
 0001:000176c4       ?EasyGameFunc@gameMenu_t@@SAXPAX@Z 004186c4 f i menu.obj
 0001:000176d0       ?StartGame@gameMenu_t@@SAXPBD@Z 004186d0 f i menu.obj
 0001:00017728       ?MediumGameFunc@gameMenu_t@@SAXPAX@Z 00418728 f i menu.obj
 0001:00017734       ?HardGameFunc@gameMenu_t@@SAXPAX@Z 00418734 f i menu.obj
 0001:00017750       ?Init@savegameMenu_t@@UAE_NXZ 00418750 f i menu.obj
 0001:00017860       ?Create_Savestrings@savegameMenu_t@@QAEXXZ 00418860 f i menu.obj
 0001:00017915       ?LoadGameCallback@savegameMenu_t@@SAXPAX@Z 00418915 f i menu.obj
 0001:0001793e       ?SaveGameCallback@savegameMenu_t@@SAXPAX@Z 0041893e f i menu.obj
 0001:0001795d       ?Draw@savegameMenu_t@@UAEXXZ 0041895d f i menu.obj
 0001:00017978       ?DrawSavegameShot@savegameMenu_t@@QAEXHH@Z 00418978 f i menu.obj
 0001:00017a53       ?Init@joinserverMenu_t@@UAE_NXZ 00418a53 f i menu.obj
 0001:00017b7c       ?JoinServerFunc@joinserverMenu_t@@SAXPAX@Z 00418b7c f i menu.obj
 0001:00017bde       ?SearchLocalGames@joinserverMenu_t@@SAXXZ 00418bde f i menu.obj
 0001:00017c49       ?M_AddToServerList@@YAXUnetadr_t@@PAD@Z 00418c49 f   menu.obj
 0001:00017cca       ?Init@startserverMenu_t@@UAE_NXZ 00418cca f i menu.obj
 0001:00018158       ?DMOptionsFunc@startserverMenu_t@@SAXPAX@Z 00419158 f i menu.obj
 0001:00018168       ?RulesChangeFunc@startserverMenu_t@@SAXPAX@Z 00419168 f i menu.obj
 0001:000181e0       ?StartServerActionFunc@startserverMenu_t@@SAXPAX@Z 004191e0 f i menu.obj
 0001:0001820b       ?StartServerFunc@startserverMenu_t@@SAXPAD@Z 0041920b f i menu.obj
 0001:00018441       ?KeyDown@startserverMenu_t@@UAEPBDH@Z 00419441 f i menu.obj
 0001:0001849e       ?Init@dmoptionsMenu_t@@UAE_NXZ 0041949e f i menu.obj
 0001:00018a7b       ?DMFlagCallback@dmoptionsMenu_t@@SAXPAX@Z 00419a7b f i menu.obj
 0001:00018c51       ?Init@downloadOptionsMenu_t@@UAE_NXZ 00419c51 f i menu.obj
 0001:00018e1c       ?DownloadCallback@downloadOptionsMenu_t@@SAXPAX@Z 00419e1c f i menu.obj
 0001:00018e87       ?Init@addressBookMenu_t@@UAE_NXZ 00419e87 f i menu.obj
 0001:00018f2f       ?KeyDown@addressBookMenu_t@@UAEPBDH@Z 00419f2f f i menu.obj
 0001:00018f8c       ?Init@playerConfigMenu_t@@UAE_NXZ 00419f8c f i menu.obj
 0001:000194d3       ?HandednessCallback@playerConfigMenu_t@@SAXPAX@Z 0041a4d3 f i menu.obj
 0001:000194e8       ?RTypeCallback@playerConfigMenu_t@@SAXPAX@Z 0041a4e8 f i menu.obj
 0001:000194fd       ?RColorCallback@playerConfigMenu_t@@SAXPAX@Z 0041a4fd f i menu.obj
 0001:00019512       ?RateCallback@playerConfigMenu_t@@SAXPAX@Z 0041a512 f i menu.obj
 0001:00019535       ?ModelCallback@playerConfigMenu_t@@SAXPAX@Z 0041a535 f i menu.obj
 0001:00019569       ?SkinCallback@playerConfigMenu_t@@SAXPAX@Z 0041a569 f i menu.obj
 0001:00019571       ?Draw@playerConfigMenu_t@@UAEXXZ 0041a571 f i menu.obj
 0001:00019853       ?KeyDown@playerConfigMenu_t@@UAEPBDH@Z 0041a853 f i menu.obj
 0001:00019932       ?Init@dmbrowseMenu_t@@UAE_NXZ 0041a932 f i menu.obj
 0001:00019b38       ?KeyDown@dmbrowseMenu_t@@UAEPBDH@Z 0041ab38 f i menu.obj
 0001:00019cfc       ?Draw@dmbrowseMenu_t@@UAEXXZ 0041acfc f i menu.obj
 0001:00019e41       ?DrawThumbnail@dmbrowseMenu_t@@SAXHHHHPAD_N@Z 0041ae41 f i menu.obj
 0001:00019f1b       ?Init@videoMenu_t@@UAE_NXZ 0041af1b f i menu.obj
 0001:0001a4d4       ?ScreenSizeCallback@videoMenu_t@@SAXPAX@Z 0041b4d4 f i menu.obj
 0001:0001a4f2       ?BrightnessCallback@videoMenu_t@@SAXPAX@Z 0041b4f2 f i menu.obj
 0001:0001a510       ?ContrastCallback@videoMenu_t@@SAXPAX@Z 0041b510 f i menu.obj
 0001:0001a549       ?CancelChanges@videoMenu_t@@SAXPAX@Z 0041b549 f i menu.obj
 0001:0001a56a       ?KeyDown@videoMenu_t@@UAEPBDH@Z 0041b56a f i menu.obj
 0001:0001a5b1       ?ApplyChanges@videoMenu_t@@SAXPAX@Z 0041b5b1 f i menu.obj
 0001:0001a768       ?KeyDown@quitMenu_t@@UAEPBDH@Z 0041b768 f i menu.obj
 0001:0001a7a2       ?Draw@quitMenu_t@@UAEXXZ   0041b7a2 f i menu.obj
 0001:0001a812       ?M_Init@@YAXXZ             0041b812 f   menu.obj
 0001:0001a9f4       ?ItemAtCursor@menuFramework_t@@QAEPAUmenuCommon_t@@XZ 0041b9f4 f   qmenu.obj
 0001:0001aa48       ?AddItem@menuFramework_t@@QAEXPAUmenuCommon_t@@@Z 0041ba48 f   qmenu.obj
 0001:0001ab04       ?AdjustCursor@menuFramework_t@@QAEXH@Z 0041bb04 f   qmenu.obj
 0001:0001ac73       ?Center@menuFramework_t@@QAEXXZ 0041bc73 f   qmenu.obj
 0001:0001acb4       ?Draw@menuFramework_t@@UAEXXZ 0041bcb4 f   qmenu.obj
 0001:0001b279       ?SelectItem@menuFramework_t@@QAE_NXZ 0041c279 f   qmenu.obj
 0001:0001b2d7       ?SetStatusBar@menuFramework_t@@QAEXPBD@Z 0041c2d7 f   qmenu.obj
 0001:0001b2e1       ?SlideItem@menuFramework_t@@QAEXH@Z 0041c2e1 f   qmenu.obj
 0001:0001b85e       ?Push@menuFramework_t@@QAEXXZ 0041c85e f   qmenu.obj
 0001:0001b8dd       ?M_ForceMenuOff@@YAXXZ     0041c8dd f   qmenu.obj
 0001:0001b90a       ?Pop@menuFramework_t@@QAEXXZ 0041c90a f   qmenu.obj
 0001:0001b944       ?KeyDown@menuFramework_t@@UAEPBDH@Z 0041c944 f   qmenu.obj
 0001:0001bbb8       ?Init@menuFramework_t@@UAE_NXZ 0041cbb8 f   qmenu.obj
 0001:0001bbbb       ?M_Draw@@YAXXZ             0041cbbb f   qmenu.obj
 0001:0001bbf6       ?M_Keydown@@YAXH@Z         0041cbf6 f   qmenu.obj
 0001:0001bc15       ?InitRendererVars@@YAXXZ   0041cc15 f   ref_vars.obj
 0001:0001bc34       ?S_SoundInfo_f@@YAXXZ      0041cc34 f   snd_dma.obj
 0001:0001bcbe       ?S_Init@@YAXXZ             0041ccbe f   snd_dma.obj
 0001:0001bd90       ?S_Shutdown@@YAXXZ         0041cd90 f   snd_dma.obj
 0001:0001be23       ?S_BeginRegistration@@YAXXZ 0041ce23 f   snd_dma.obj
 0001:0001be31       ?S_RegisterSound@@YAPAUsfx_t@@PBD@Z 0041ce31 f   snd_dma.obj
 0001:0001bfd7       ?S_EndRegistration@@YAXXZ  0041cfd7 f   snd_dma.obj
 0001:0001c05a       ?S_PickChannel@@YAPAUchannel_t@@HH@Z 0041d05a f   snd_dma.obj
 0001:0001c0e7       ?S_Spatialize@@YAXPAUchannel_t@@@Z 0041d0e7 f   snd_dma.obj
 0001:0001c2c7       ?S_AllocPlaysound@@YAPAUplaysound_t@@XZ 0041d2c7 f   snd_dma.obj
 0001:0001c2e9       ?S_FreePlaysound@@YAXPAUplaysound_t@@@Z 0041d2e9 f   snd_dma.obj
 0001:0001c319       ?S_IssuePlaysound@@YAXPAUplaysound_t@@@Z 0041d319 f   snd_dma.obj
 0001:0001c3e6       ?S_StartSound@@YAXPBUCVec3@@HHPAUsfx_t@@MMM@Z 0041d3e6 f   snd_dma.obj
 0001:0001c7a5       ?S_StartLocalSound@@YAXPBD@Z 0041d7a5 f   snd_dma.obj
 0001:0001c7f4       ?S_ClearBuffer@@YAXXZ      0041d7f4 f   snd_dma.obj
 0001:0001c85d       ?S_StopAllSounds_f@@YAXXZ  0041d85d f   snd_dma.obj
 0001:0001c8cd       ?S_AddLoopSounds@@YAXXZ    0041d8cd f   snd_dma.obj
 0001:0001caa3       ?S_RawSamples@@YAXHHHHPAE@Z 0041daa3 f   snd_dma.obj
 0001:0001cca7       ?S_Update@@YAXABUCVec3@@0@Z 0041dca7 f   snd_dma.obj
 0001:0001cd7d       ?GetSoundtime@@YAXXZ       0041dd7d f   snd_dma.obj
 0001:0001cde4       ?S_Update_@@YAXXZ          0041dde4 f   snd_dma.obj
 0001:0001d097       ?ResampleSfx@@YAXPAUsfx_t@@HHPAE@Z 0041e097 f   snd_mem.obj
 0001:0001d1b2       ?S_LoadSound@@YAPAUsfxcache_t@@PAUsfx_t@@@Z 0041e1b2 f   snd_mem.obj
 0001:0001d2ee       ?GetWavinfo@@YA?AUwavinfo_t@@PADPAEH@Z 0041e2ee f   snd_mem.obj
 0001:0001d530       ?S_WriteLinearBlastStereo16@@YAXXZ 0041e530 f   snd_mix.obj
 0001:0001d59a       ?S_TransferStereo16@@YAXPAKH@Z 0041e59a f   snd_mix.obj
 0001:0001d603       ?S_TransferPaintBuffer@@YAXH@Z 0041e603 f   snd_mix.obj
 0001:0001d767       ?S_PaintChannels@@YAXH@Z   0041e767 f   snd_mix.obj
 0001:0001d9e3       ?S_InitScaletable@@YAXXZ   0041e9e3 f   snd_mix.obj
 0001:0001db28       ?SV_ComputeAnimation@@YAXPAUplayer_state_t@@AAUentityStateEx_t@@PAU2@PAUedict_s@@@Z 0041eb28 f   sv_anim.obj
 0001:0001df25       ?SV_ReadLevelFile@@YAXXZ   0041ef25 f   sv_ccmds.obj
 0001:0001dfd3       ?SV_AddressBanned@@YA_NPAUnetadr_t@@@Z 0041efd3 f   sv_ccmds.obj
 0001:0001e014       ?SV_InitCommands@@YAXXZ    0041f014 f   sv_ccmds.obj
 0001:0001f42d       ?sprintf@?$TString@$0CI@@@QAAHPBDZZ 0042042d f i sv_ccmds.obj
 0001:0001f446       ?SV_WriteFrameToClient@@YAXPAUclient_t@@PAVsizebuf_t@@@Z 00420446 f   sv_ents.obj
 0001:0001fb8c       ?SV_RecordDemoMessage@@YAXXZ 00420b8c f   sv_ents.obj
 0001:0001fd5a       ?SV_MulticastOld@@YAXABUCVec3@@W4multicast_t@@@Z 00420d5a f i sv_game.obj
 0001:0001fd6d       ?SV_StartSoundOld@@YAXPBUCVec3@@PAUedict_s@@HHMMM@Z 00420d6d f i sv_game.obj
 0001:000207f1       ?SV_InitGameLibrary@@YAX_N@Z 004217f1 f   sv_game.obj
 0001:00020ae3       ?SV_ShutdownGameLibrary@@YAXXZ 00421ae3 f   sv_game.obj
 0001:00020c40       ?SV_FindIndex@@YAHPBDHH_N@Z 00421c40 f   sv_init.obj
 0001:00020d4f       ?SV_ModelIndex@@YAHPBD@Z   00421d4f f   sv_init.obj
 0001:00020d65       ?SV_SoundIndex@@YAHPBD@Z   00421d65 f   sv_init.obj
 0001:00020d7e       ?SV_ImageIndex@@YAHPBD@Z   00421d7e f   sv_init.obj
 0001:00020d97       ?SV_CreateBaseline@@YAXXZ  00421d97 f   sv_init.obj
 0001:00020e14       ?SV_SpawnServer@@YAXPAD0W4server_state_t@@_N2@Z 00421e14 f   sv_init.obj
 0001:0002113f       ?SV_InitGame@@YAXXZ        0042213f f   sv_init.obj
 0001:00021367       ?SV_Map@@YAX_NPBD0@Z       00422367 f   sv_init.obj
 0001:00021529       ?SV_DropClient@@YAXPAUclient_t@@PAD@Z 00422529 f   sv_main.obj
 0001:00021f08       ??0COutputDeviceMem@@QAE@H@Z 00422f08 f i sv_main.obj
 0001:00021f36       ?Write@COutputDeviceMem@@UAEXPBD@Z 00422f36 f i sv_main.obj
 0001:00021fbb       ??_GCOutputDeviceMem@@QAEPAXI@Z 00422fbb f i sv_main.obj
 0001:00021fe6       ?SV_ConnectionlessPacket@@YAXXZ 00422fe6 f   sv_main.obj
 0001:000220b1       ?SV_CalcPings@@YAXXZ       004230b1 f   sv_main.obj
 0001:00022138       ?SV_GiveMsec@@YAXXZ        00423138 f   sv_main.obj
 0001:00022177       ?SV_ReadPackets@@YAXXZ     00423177 f   sv_main.obj
 0001:000222bf       ?SV_CheckTimeouts@@YAXXZ   004232bf f   sv_main.obj
 0001:000223d0       ?SV_PostprocessFrame@@YAXXZ 004233d0 f   sv_main.obj
 0001:000228a3       ?SV_MulticastHook@@YAPAVsizebuf_t@@PAV1@0@Z 004238a3 f   sv_main.obj
 0001:00022c93       ?SV_TraceHook@@YA?AUtrace_t@@ABUCVec3@@PBU2@10PAUedict_s@@H@Z 00423c93 f   sv_main.obj
 0001:00022e31       ?SV_Frame@@YAXM@Z          00423e31 f   sv_main.obj
 0001:000230ea       ?SV_UserinfoChanged@@YAXPAUclient_t@@@Z 004240ea f   sv_main.obj
 0001:000231ab       ?SV_InitVars@@YAXXZ        004241ab f   sv_main.obj
 0001:000231ba       ?SV_Init@@YAXXZ            004241ba f   sv_main.obj
 0001:00023213       ?SV_Shutdown@@YAXPBD_N@Z   00424213 f   sv_main.obj
 0001:00023420       ?SV_ClientPrintf@@YAXPAUclient_t@@HPBDZZ 00424420 f   sv_send.obj
 0001:0002347b       ?SV_BroadcastPrintf@@YAXHPBDZZ 0042447b f   sv_send.obj
 0001:00023551       ?SV_BroadcastCommand@@YAXPBDZZ 00424551 f   sv_send.obj
 0001:000235ab       ?SV_Multicast@@YAXABUCVec3@@W4multicast_t@@_N@Z 004245ab f   sv_send.obj
 0001:000237d1       ?SV_StartSound@@YAXPBUCVec3@@PAUedict_s@@HHMMM_N@Z 004247d1 f   sv_send.obj
 0001:00023aa1       ?SV_SendClientDatagram@@YA_NPAUclient_t@@@Z 00424aa1 f   sv_send.obj
 0001:00023b63       ?SV_DemoCompleted@@YAXXZ   00424b63 f   sv_send.obj
 0001:00023b7f       ?SV_SendClientMessages@@YAXXZ 00424b7f f   sv_send.obj
 0001:00023d2f       ?SV_DrawText3D@@YAXABUCVec3@@PBDI@Z 00424d2f f   sv_text.obj
 0001:00023d66       ?SV_ClearTexts@@YAXXZ      00424d66 f   sv_text.obj
 0001:00023d6e       ?SV_DrawTexts@@YAXXZ       00424d6e f   sv_text.obj
 0001:00023dbf       ??0?$TTextContainer@UCSVText@@$0BAAAA@@@QAE@XZ 00424dbf f i sv_text.obj
 0001:00023de4       ?SV_TokenizeString@@YAXPBD@Z 00424de4 f   sv_tokenize.obj
 0001:00023ebb       ?SV_Argc@@YAHXZ            00424ebb f   sv_tokenize.obj
 0001:00023ec1       ?SV_Argv@@YAPADH@Z         00424ec1 f   sv_tokenize.obj
 0001:00023edb       ?SV_Args@@YAPADXZ          00424edb f   sv_tokenize.obj
 0001:0002478f       ?SV_Nextserver@@YAXXZ      0042578f f   sv_user.obj
 0001:0002481e       ?SV_ClientThink@@YAXPAUclient_t@@PAUusercmd_t@@@Z 0042581e f   sv_user.obj
 0001:00024861       ?SV_ExecuteClientMessage@@YAXPAUclient_t@@@Z 00425861 f   sv_user.obj
 0001:00024b39       ?SV_ClearWorld@@YAXXZ      00425b39 f   sv_world.obj
 0001:00024c74       ?SV_UnlinkEdict@@YAXPAUedict_s@@@Z 00425c74 f   sv_world.obj
 0001:00024d37       ?SV_LinkEdict@@YAXPAUedict_s@@@Z 00425d37 f   sv_world.obj
 0001:00025322       ?SV_AreaEdicts@@YAHABUCVec3@@0PAPAUedict_s@@HH@Z 00426322 f   sv_world.obj
 0001:000254bd       ?SV_PointContents@@YAHABUCVec3@@@Z 004264bd f   sv_world.obj
 0001:000255e4       ?SV_Trace@@YAXAAUtrace_t@@ABUCVec3@@1ABUCBox@@PAUedict_s@@H@Z 004265e4 f   sv_world.obj
 0001:00025a63       ?InitByteDirs@@YAXXZ       00426a63 f   anorms.obj
 0001:00025aa2       ?Cbuf_AddText@@YAXPBD@Z    00426aa2 f   cmd.obj
 0001:00025b04       ?Cbuf_CopyToDefer@@YAXXZ   00426b04 f   cmd.obj
 0001:00025b4c       ?Cbuf_InsertFromDefer@@YAXXZ 00426b4c f   cmd.obj
 0001:00025c05       ?Cbuf_Execute@@YAXXZ       00426c05 f   cmd.obj
 0001:00025d0b       ?Cmd_Unalias_f@@YAX_NHPAPAD@Z 00426d0b f   cmd.obj
 0001:00025d81       ?Cmd_WriteAliases@@YAXPAVCOutputDevice@@@Z 00426d81 f   cmd.obj
 0001:00025db1       ?RegisterCommand@@YA_NPBDP6AXXZI@Z 00426db1 f   cmd.obj
 0001:00025e92       ?UnregisterCommand@@YA_NPBD@Z 00426e92 f   cmd.obj
 0001:00025f23       ?ExecuteCommand@@YA_NPBD@Z 00426f23 f   cmd.obj
 0001:00026366       ?ExecuteCommand@@YA_NPBDPBUCSimpleCommand@@H@Z 00427366 f   cmd.obj
 0001:000267a3       ?CM_LoadMap@@YAPAUcmodel_t@@PBD_NPAI@Z 004277a3 f   cmodel.obj
 0001:00026f0d       ?SetSignbits@cplane_t@@QAEXXZ 00427f0d f i cmodel.obj
 0001:00026f41       ?SetType@cplane_t@@QAEXXZ  00427f41 f i cmodel.obj
 0001:00026fb6       ?CMod_LoadLeafBrushes@@YAXPAGH@Z 00427fb6 f i cmodel.obj
 0001:000270c4       ?CM_InlineModel@@YAPAUcmodel_t@@PBD@Z 004280c4 f   cmodel.obj
 0001:00027105       ?CM_NumClusters@@YAHXZ     00428105 f   cmodel.obj
 0001:0002710b       ?CM_NumInlineModels@@YAHXZ 0042810b f   cmodel.obj
 0001:00027111       ?CM_EntityString@@YAPBDXZ  00428111 f   cmodel.obj
 0001:00027117       ?CM_LeafContents@@YAHH@Z   00428117 f   cmodel.obj
 0001:0002713e       ?CM_LeafCluster@@YAHH@Z    0042813e f   cmodel.obj
 0001:000271b4       ?CM_LeafArea@@YAHH@Z       004281b4 f   cmodel.obj
 0001:00027377       ?CM_HeadnodeForBox@@YAHABUCBox@@@Z 00428377 f   cmodel.obj
 0001:0002742c       ?CM_PointLeafnum@@YAHABUCVec3@@H@Z 0042842c f   cmodel.obj
 0001:000274cf       ?DistanceTo@cplane_t@@QAEMABUCVec3@@@Z 004284cf f i cmodel.obj
 0001:00027513       ?CM_PointContents@@YAHABUCVec3@@H@Z 00428513 f   cmodel.obj
 0001:00027588       ?CM_TransformedPointContents@@YAHABUCVec3@@H00@Z 00428588 f   cmodel.obj
 0001:00027669       ?CM_TransformedPointContents@@YAHABUCVec3@@H0ABUCAxis@@@Z 00428669 f   cmodel.obj
 0001:00027714       ?CM_BoxLeafnums@@YAHABUCBox@@PAHH1H@Z 00428714 f   cmodel.obj
 0001:00027827       ?BOX_ON_PLANE_SIDE@@YAHABUCBox@@ABUcplane_t@@@Z 00428827 f i cmodel.obj
 0001:00027891       ?CM_BoxTrace@@YAXAAUtrace_t@@ABUCVec3@@1ABUCBox@@HH@Z 00428891 f   cmodel.obj
 0001:00028229       ?CM_TransformedBoxTrace@@YAXAAUtrace_t@@ABUCVec3@@1ABUCBox@@HH11@Z 00429229 f   cmodel.obj
 0001:000283a6       ?CM_TransformedBoxTrace@@YAXAAUtrace_t@@ABUCVec3@@1ABUCBox@@HH1ABUCAxis@@@Z 004293a6 f   cmodel.obj
 0001:00028463       ?CM_BrushTrace@@YAHABUCVec3@@0PAHH@Z 00429463 f   cmodel.obj
 0001:00028853       ?CM_RefineBrushTrace@@YAHABUCVec3@@0PAHH@Z 00429853 f   cmodel.obj
 0001:000288f9       ?CM_ClusterPVS@@YAPAEH@Z   004298f9 f   cmodel.obj
 0001:00028a3d       ?CM_ClusterPHS@@YAPAEH@Z   00429a3d f   cmodel.obj
 0001:00028ba0       ?CM_SetAreaPortalState@@YAXH_N@Z 00429ba0 f   cmodel.obj
 0001:00028bc5       ?CM_AreasConnected@@YA_NHH@Z 00429bc5 f   cmodel.obj
 0001:00028c09       ?CM_WriteAreaBits@@YAHPAEH@Z 00429c09 f   cmodel.obj
 0001:00028cab       ?CM_WritePortalState@@YAXPAU_iobuf@@@Z 00429cab f   cmodel.obj
 0001:00028cc5       ?CM_ReadPortalState@@YAXPAU_iobuf@@@Z 00429cc5 f   cmodel.obj
 0001:00028ce3       ?CM_HeadnodeVisible@@YA_NHPBE@Z 00429ce3 f   cmodel.obj
 0001:00028dbe       ?Com_DPrintf@@YAXPBDZZ     00429dbe f   common.obj
 0001:00028e37       ?DebugPrintf@@YAXPBDZZ     00429e37 f   common.obj
 0001:00028ee5       ?IPWildcard@@YA_NPAUnetadr_t@@PBD@Z 00429ee5 f   common.obj
 0001:00028fbc       ?Com_ServerState@@YA?AW4server_state_t@@XZ 00429fbc f   common.obj
 0001:00028fc2       ?Com_SetServerState@@YAXW4server_state_t@@@Z 00429fc2 f   common.obj
 0001:00028fcc       ?crand@@YAMXZ              00429fcc f   common.obj
 0001:00028fea       ?Info_ValueForKey@@YAPBDPBD0@Z 00429fea f   common.obj
 0001:00029069       ?Info_SetValueForKey@@YAXPADPBD1@Z 0042a069 f   common.obj
 0001:000291cc       ?Info_Print@@YAXPBD@Z      0042a1cc f   common.obj
 0001:00029252       ?Com_CheckCmdlineVar@@YA_NPBD@Z 0042a252 f   common.obj
 0001:000292a8       ?Com_Init@@YAXPBD@Z        0042a2a8 f   common.obj
 0001:0002964f       ?Com_Frame@@YAXM@Z         0042a64f f   common.obj
 0001:00029a51       ?Com_BlockSequenceCRCByte@@YAEPAEHH@Z 0042aa51 f   crc.obj
 0001:00029b07       ?Cvar_VariableValue@@YAMPBD@Z 0042ab07 f   cvar.obj
 0001:00029b75       ?Cvar_VariableInt@@YAHPBD@Z 0042ab75 f   cvar.obj
 0001:00029b88       ?Cvar_VariableString@@YAPBDPBD@Z 0042ab88 f   cvar.obj
 0001:00029ba0       ?Cvar_Get@@YAPAUcvar_t@@PBD0H@Z 0042aba0 f   cvar.obj
 0001:00029e67       ?Cvar_GetVars@@YAXPBUcvarInfo_t@@H@Z 0042ae67 f   cvar.obj
 0001:00029f11       ?Cvar_FullSet@@YAXPAUcvar_t@@PBDI@Z 0042af11 f   cvar.obj
 0001:00029f30       ?Cvar_FullSet@@YAPAUcvar_t@@PBD0I@Z 0042af30 f   cvar.obj
 0001:00029f70       ?Cvar_SetValue@@YAPAUcvar_t@@PBDM@Z 0042af70 f   cvar.obj
 0001:0002a107       ?Cvar_SetInteger@@YAPAUcvar_t@@PBDH@Z 0042b107 f   cvar.obj
 0001:0002a129       ?Cvar_Set@@YAPAUcvar_t@@PBD0@Z 0042b129 f   cvar.obj
 0001:0002a13e       ?Cvar_ForceSet@@YAPAUcvar_t@@PBD0@Z 0042b13e f   cvar.obj
 0001:0002a153       ?Cvar_Clamp@@YAMPAUcvar_t@@MM@Z 0042b153 f   cvar.obj
 0001:0002a1b1       ?Cvar_Command@@YA_NHPAPAD@Z 0042b1b1 f   cvar.obj
 0001:0002a24a       ?IsDefault@cvar_t@@QAE_NXZ 0042b24a f i cvar.obj
 0001:0002a267       ?Cvar_WriteVariables@@YAXPAVCOutputDevice@@HHPBD@Z 0042b267 f   cvar.obj
 0001:0002a2ed       ?Cvar_BitInfo@@YAPBDI@Z    0042b2ed f   cvar.obj
 0001:0002a33f       ?Cvar_Cheats@@YAX_N@Z      0042b33f f   cvar.obj
 0001:0002abb2       ?MSG_WriteDeltaEntity@@YAXPAVsizebuf_t@@PBUentityStateEx_t@@PAU2@_N33@Z 0042bbb2 f   entdelta.obj
 0001:0002b16e       ?MSG_WriteRemoveEntity@@YAXPAVsizebuf_t@@H@Z 0042c16e f   entdelta.obj
 0001:0002b1ae       ?MSG_ReadEntityBits@@YAHPAVsizebuf_t@@PAIPA_N@Z 0042c1ae f   entdelta.obj
 0001:0002b21f       ?MSG_ReadDeltaEntity@@YAXPAVsizebuf_t@@PBUentityStateEx_t@@PAU2@I@Z 0042c21f f   entdelta.obj
 0001:0002b2a2       ?MSG_WriteDeltaUsercmd@@YAXPAVsizebuf_t@@PBUusercmd_t@@PAU2@@Z 0042c2a2 f   entdelta.obj
 0001:0002b331       ?MSG_ReadDeltaUsercmd@@YAXPAVsizebuf_t@@PBUusercmd_t@@PAU2@@Z 0042c331 f   entdelta.obj
 0001:0002b634       ?MSG_WriteDeltaPlayerstate@@YAXPAVsizebuf_t@@PBUplayer_state_t@@PAU2@@Z 0042c634 f   entdelta.obj
 0001:0002b73d       ?MSG_ReadDeltaPlayerstate@@YAXPAVsizebuf_t@@PBUplayer_state_t@@PAU2@@Z 0042c73d f   entdelta.obj
 0001:0002b7f7       ?LoadPCX@@YAXPBDAAPAE1AAH2@Z 0042c7f7 f   images.obj
 0001:0002b932       ?LoadTGA@@YAXPBDAAPAEAAH2@Z 0042c932 f   images.obj
 0001:0002bb0c       ?LoadJPG@@YAXPBDAAPAEAAH2@Z 0042cb0c f   images.obj
 0001:0002bd9d       ?ImageExists@@YAHPBDH@Z    0042cd9d f   images.obj
 0001:0002bec1       ?WriteTGA@@YA_NPBDPAEHH@Z  0042cec1 f   images.obj
 0001:0002c0b5       ?WriteJPG@@YA_NPBDPAEHH_N@Z 0042d0b5 f   images.obj
 0001:0002c1e6       ?MD4Init@@YAXPAUMD4_CTX@@@Z 0042d1e6 f   md4.obj
 0001:0002c20e       ?MD4Update@@YAXPAUMD4_CTX@@PAEI@Z 0042d20e f   md4.obj
 0001:0002c2ac       ?MD4Final@@YAXQAEPAUMD4_CTX@@@Z 0042d2ac f   md4.obj
 0001:0002c99d       ?Com_BlockChecksum@@YAIPAXH@Z 0042d99d f   md4.obj
 0001:0002c9d9       ?LoadQ2BspFile@@YAXXZ      0042d9d9 f   model.obj
 0001:0002cd8f       ?LoadBspFile@@YAPAUbspfile_t@@PBD_NPAI@Z 0042dd8f f   model.obj
 0001:0002cf48       ?ProcessEntstring@@YAPADPAD@Z 0042df48 f   model.obj
 0001:0002ddf1       ?Init@sizebuf_t@@QAEXPAXH@Z 0042edf1 f   msg.obj
 0001:0002de0c       ?Write@sizebuf_t@@QAEXPBXH@Z 0042ee0c f   msg.obj
 0001:0002de7c       ?MSG_WriteChar@@YAXPAVsizebuf_t@@H@Z 0042ee7c f   msg.obj
 0001:0002de7c       ?MSG_WriteByte@@YAXPAVsizebuf_t@@H@Z 0042ee7c f   msg.obj
 0001:0002de8d       ?MSG_WriteShort@@YAXPAVsizebuf_t@@H@Z 0042ee8d f   msg.obj
 0001:0002de9e       ?MSG_WriteFloat@@YAXPAVsizebuf_t@@M@Z 0042ee9e f   msg.obj
 0001:0002de9e       ?MSG_WriteLong@@YAXPAVsizebuf_t@@H@Z 0042ee9e f   msg.obj
 0001:0002deaf       ?MSG_WriteString@@YAXPAVsizebuf_t@@PBD@Z 0042eeaf f   msg.obj
 0001:0002ded9       ?MSG_WritePos@@YAXPAVsizebuf_t@@ABUCVec3@@@Z 0042eed9 f   msg.obj
 0001:0002df3d       ?MSG_WriteAngle@@YAXPAVsizebuf_t@@M@Z 0042ef3d f   msg.obj
 0001:0002df68       ?MSG_WriteAngle16@@YAXPAVsizebuf_t@@M@Z 0042ef68 f   msg.obj
 0001:0002df93       ?MSG_WriteDir@@YAXPAVsizebuf_t@@ABUCVec3@@@Z 0042ef93 f   msg.obj
 0001:0002dffb       ?MSG_ReadDir@@YAXPAVsizebuf_t@@AAUCVec3@@@Z 0042effb f   msg.obj
 0001:0002e02c       ?MSG_ReadChar@@YAHPAVsizebuf_t@@@Z 0042f02c f   msg.obj
 0001:0002e04c       ?MSG_ReadByte@@YAHPAVsizebuf_t@@@Z 0042f04c f   msg.obj
 0001:0002e06c       ?MSG_ReadShort@@YAHPAVsizebuf_t@@@Z 0042f06c f   msg.obj
 0001:0002e08c       ?MSG_ReadLong@@YAHPAVsizebuf_t@@@Z 0042f08c f   msg.obj
 0001:0002e0ab       ?MSG_ReadString@@YAPADPAVsizebuf_t@@@Z 0042f0ab f   msg.obj
 0001:0002e0de       ?MSG_ReadPos@@YAXPAVsizebuf_t@@AAUCVec3@@@Z 0042f0de f   msg.obj
 0001:0002e130       ?MSG_ReadAngle@@YAMPAVsizebuf_t@@@Z 0042f130 f   msg.obj
 0001:0002e14a       ?MSG_ReadAngle16@@YAMPAVsizebuf_t@@@Z 0042f14a f   msg.obj
 0001:0002e164       ?MSG_ReadData@@YAXPAVsizebuf_t@@PAXH@Z 0042f164 f   msg.obj
 0001:0002e187       ?Netchan_Init@@YAXXZ       0042f187 f   net_chan.obj
 0001:0002e1f6       ?Netchan_OutOfBandPrint@@YAXW4netsrc_t@@Unetadr_t@@PBDZZ 0042f1f6 f   net_chan.obj
 0001:0002e27b       ?Setup@netchan_t@@QAEXW4netsrc_t@@Unetadr_t@@H@Z 0042f27b f   net_chan.obj
 0001:0002e2d0       ?NeedReliable@netchan_t@@QAE_NXZ 0042f2d0 f   net_chan.obj
 0001:0002e2f5       ?Transmit@netchan_t@@QAEXPAXH@Z 0042f2f5 f   net_chan.obj
 0001:0002e48b       ?Process@netchan_t@@QAE_NPAVsizebuf_t@@@Z 0042f48b f   net_chan.obj
 0001:0002e5b8       ?Pmove@@YAXPAUpmove_t@@@Z  0042f5b8 f   pmove.obj
 0001:000302a1       ?NormalizeColor@@YAMABUCVec3@@AAU1@@Z 004312a1 f   q_shared2.obj
 0001:000302fd       ?NormalizeColor255@@YAMABUCVec3@@AAU1@@Z 004312fd f   q_shared2.obj
 0001:0003035d       ?appRsqrt@@YAMM@Z          0043135d f   q_shared2.obj
 0001:00030389       ?AngleVectors@@YAXABUCVec3@@PAU1@11@Z 00431389 f   q_shared2.obj
 0001:000304ea       ?MakeNormalVectors@@YAXABUCVec3@@AAU1@1@Z 004314ea f   q_shared2.obj
 0001:00030559       ?Vec2Angles@@YAXABUCVec3@@AAU1@@Z 00431559 f   q_shared2.obj
 0001:0003065c       ?Vec2Yaw@@YAMABUCVec3@@@Z  0043165c f   q_shared2.obj
 0001:000306cf       ?VectorLength@@YAMABUCVec3@@@Z 004316cf f   q_shared2.obj
 0001:000306fe       ?VectorDistance@@YAMABUCVec3@@0@Z 004316fe f   q_shared2.obj
 0001:0003072f       ?LerpAngle@@YAMMMM@Z       0043172f f   q_shared2.obj
 0001:00030772       ?AngleMod@@YAMM@Z          00431772 f   q_shared2.obj
 0001:0003079e       ?AngleSubtract@@YAMMM@Z    0043179e f   q_shared2.obj
 0001:000307d5       ?AnglesSubtract@@YAXABUCVec3@@0AAU1@@Z 004317d5 f   q_shared2.obj
 0001:0003082d       ?Normalize@CVec3@@QAEMXZ   0043182d f   q_shared2.obj
 0001:0003087f       ?VectorNormalize@@YAMABUCVec3@@AAU1@@Z 0043187f f   q_shared2.obj
 0001:000308d7       ?NormalizeFast@CVec3@@QAEMXZ 004318d7 f   q_shared2.obj
 0001:00030928       ?cross@@YAXABUCVec3@@0AAU1@@Z 00431928 f   q_shared2.obj
 0001:00030963       ?Clear@CBox@@QAEXXZ        00431963 f   q_shared2.obj
 0001:00030981       ?Expand@CBox@@QAEXABUCVec3@@@Z 00431981 f   q_shared2.obj
 0001:000309b0       ?Expand@CBox@@QAEXABU1@@Z  004319b0 f   q_shared2.obj
 0001:000309ec       ?GetCenter@CBox@@QAEXAAUCVec3@@@Z 004319ec f   q_shared2.obj
 0001:00030a0c       ?OnPlaneSide@CBox@@QBEHABUcplane_t@@@Z 00431a0c f   q_shared2.obj
 0001:00030b3b       ?FromAngles@CAxis@@QAEXABUCVec3@@@Z 00431b3b f   q_shared2.obj
 0001:00030b7a       ?TransformVector@CAxis@@QBEXABUCVec3@@AAU2@@Z 00431b7a f   q_shared2.obj
 0001:00030bcb       ?UnTransformVector@CAxis@@QBEXABUCVec3@@AAU2@@Z 00431bcb f   q_shared2.obj
 0001:00030c2f       ?TransformAxis@CAxis@@QBEXABU1@AAU1@@Z 00431c2f f   q_shared2.obj
 0001:00030c75       ?UnTransformAxis@CAxis@@QBEXABU1@AAU1@@Z 00431c75 f   q_shared2.obj
 0001:00030cbb       ?TransformPoint@CCoords@@QBEXABUCVec3@@AAU2@@Z 00431cbb f   q_shared2.obj
 0001:00030d19       ?UnTransformPoint@CCoords@@QBEXABUCVec3@@AAU2@@Z 00431d19 f   q_shared2.obj
 0001:00030d86       ?UnTransformCoords@CCoords@@QBEXABU1@AAU1@@Z 00431d86 f   q_shared2.obj
 0001:00030db0       ?TransformPlane@CCoords@@QBEXABUcplane_t@@AAU2@@Z 00431db0 f   q_shared2.obj
 0001:00030de8       ?TransformPoint@@YAXABUCVec3@@ABUCAxis@@0AAU1@@Z 00431de8 f   q_shared2.obj
 0001:00030e4b       ?UnTransformPoint@@YAXABUCVec3@@ABUCAxis@@0AAU1@@Z 00431e4b f   q_shared2.obj
 0001:00030ebb       ?COM_Parse@@YAPADAAPBD_N@Z 00431ebb f   q_shared2.obj
 0001:00030fdb       ?COM_QuoteString@@YAPBDPBD_N@Z 00431fdb f   q_shared2.obj
 0001:0003104d       ?FileExists@CQuakeFileSystem@@UAE_NPBDI@Z 0043204d f i QuakeFileSystem.obj
 0001:000310b4       ?CheckFilename@CQuakeFileSystem@@AAEXPBD@Z 004320b4 f i QuakeFileSystem.obj
 0001:00031153       ?OpenFile@CQuakeFileSystem@@UAEPAVCFile@@PBDI@Z 00432153 f i QuakeFileSystem.obj
 0001:000311e3       ?List@CQuakeFileSystem@@UAEPAVCFileList@@PBDIPAV2@@Z 004321e3 f i QuakeFileSystem.obj
 0001:0003125e       ?FS_Gamedir@@YAPBDXZ       0043225e f   QuakeFileSystem.obj
 0001:00031264       ?FS_NextPath@@YAPBDPBD@Z   00432264 f   QuakeFileSystem.obj
 0001:000312a4       ?FS_CopyFile@@YAXPBD0@Z    004322a4 f   QuakeFileSystem.obj
 0001:0003137a       ?FS_CopyFiles@@YAXPBD0@Z   0043237a f   QuakeFileSystem.obj
 0001:00031494       ?FS_RemoveFiles@@YAXPBD@Z  00432494 f   QuakeFileSystem.obj
 0001:0003154f       ?InitFileSystem@@YAXXZ     0043254f f   QuakeFileSystem.obj
 0001:00031683       ?Create@CFileContainerPak@@SAPAVCFileContainer@@PBDPAU_iobuf@@@Z 00432683 f i QuakeFileSystem.obj
 0001:000317ec       ??0CFileContainerArc@@QAE@XZ 004327ec f i QuakeFileSystem.obj
 0001:00031833       ?GetType@CFileContainerPak@@MAEPBDXZ 00432833 f i QuakeFileSystem.obj
 0001:00031839       ?OpenFile@CFileContainerPak@@MAEPAVCFile@@ABVCStringItem@@@Z 00432839 f i QuakeFileSystem.obj
 0001:00031886       ?Read@CFilePak@CFileContainerPak@@UAEHPAXH@Z 00432886 f i QuakeFileSystem.obj
 0001:000318bf       ?GetSize@CFilePak@CFileContainerPak@@UAEHXZ 004328bf f i QuakeFileSystem.obj
 0001:000318c6       ?Eof@CFilePak@CFileContainerPak@@UAE_NXZ 004328c6 f i QuakeFileSystem.obj
 0001:000318d3       ??_GCFilePak@CFileContainerPak@@UAEPAXI@Z 004328d3 f i QuakeFileSystem.obj
 0001:000318d3       ??_ECFilePak@CFileContainerPak@@UAEPAXI@Z 004328d3 f i QuakeFileSystem.obj
 0001:00031905       ??_ECFileContainerPak@@UAEPAXI@Z 00432905 f i QuakeFileSystem.obj
 0001:00031905       ??_GCFileContainerArc@@UAEPAXI@Z 00432905 f i QuakeFileSystem.obj
 0001:00031905       ??_ECFileContainerArc@@UAEPAXI@Z 00432905 f i QuakeFileSystem.obj
 0001:00031905       ??_GCFileContainerPak@@UAEPAXI@Z 00432905 f i QuakeFileSystem.obj
 0001:00031905       ??_ECZResource@@UAEPAXI@Z  00432905 f i QuakeFileSystem.obj
 0001:00031905       ??_GCFileContainerZip@@UAEPAXI@Z 00432905 f i QuakeFileSystem.obj
 0001:00031905       ??_GCZResource@@UAEPAXI@Z  00432905 f i QuakeFileSystem.obj
 0001:00031905       ??_ECFileContainerZip@@UAEPAXI@Z 00432905 f i QuakeFileSystem.obj
 0001:00031931       ?Create@CFileContainerZip@@SAPAVCFileContainer@@PBDPAU_iobuf@@@Z 00432931 f i QuakeFileSystem.obj
 0001:00031c3b       ?GetType@CFileContainerZip@@MAEPBDXZ 00432c3b f i QuakeFileSystem.obj
 0001:00031c41       ?OpenFile@CFileContainerZip@@MAEPAVCFile@@ABVCStringItem@@@Z 00432c41 f i QuakeFileSystem.obj
 0001:00031cdd       ??0CFilePak@CFileContainerZip@@QAE@ABVCFileInfo@1@PAU_iobuf@@@Z 00432cdd f i QuakeFileSystem.obj
 0001:00031d2d       ?Read@CFilePak@CFileContainerZip@@UAEHPAXH@Z 00432d2d f i QuakeFileSystem.obj
 0001:00031e76       ?GetSize@CFilePak@CFileContainerZip@@UAEHXZ 00432e76 f i QuakeFileSystem.obj
 0001:00031e80       ?Eof@CFilePak@CFileContainerZip@@UAE_NXZ 00432e80 f i QuakeFileSystem.obj
 0001:00031e93       ??_GCFilePak@CFileContainerZip@@UAEPAXI@Z 00432e93 f i QuakeFileSystem.obj
 0001:00031e93       ??_ECFilePak@CFileContainerZip@@UAEPAXI@Z 00432e93 f i QuakeFileSystem.obj
 0001:00031eaf       ??1CFilePak@CFileContainerZip@@UAE@XZ 00432eaf f i QuakeFileSystem.obj
 0001:00031f1e       ?Mount@CZResource@@SAPAVCFileContainer@@PBDPBE0PAVCFileSystem@@@Z 00432f1e f i QuakeFileSystem.obj
 0001:000320ca       ?GetType@CZResource@@MAEPBDXZ 004330ca f i QuakeFileSystem.obj
 0001:000320d0       ?OpenFile@CZResource@@MAEPAVCFile@@ABVCStringItem@@@Z 004330d0 f i QuakeFileSystem.obj
 0001:000320fe       ??0CFileRes@CZResource@@QAE@ABVCFileInfo@1@PBXH@Z 004330fe f i QuakeFileSystem.obj
 0001:000321b1       ?Read@CFileRes@CZResource@@UAEHPAXH@Z 004331b1 f i QuakeFileSystem.obj
 0001:00032203       ?GetSize@CFileRes@CZResource@@UAEHXZ 00433203 f i QuakeFileSystem.obj
 0001:0003220a       ?Eof@CFileRes@CZResource@@UAE_NXZ 0043320a f i QuakeFileSystem.obj
 0001:00032217       ??_GCFileRes@CZResource@@UAEPAXI@Z 00433217 f i QuakeFileSystem.obj
 0001:00032217       ??_ECFileRes@CZResource@@UAEPAXI@Z 00433217 f i QuakeFileSystem.obj
 0001:00032246       ?MountGame@CQuakeFileSystem@@QAEXPBD@Z 00433246 f i QuakeFileSystem.obj
 0001:00032291       ?SetGameDir@CQuakeFileSystem@@QAE_NPBD@Z 00433291 f i QuakeFileSystem.obj
 0001:00032491       ?FS_Tick@@YAXXZ            00433491 f   QuakeFileSystem.obj
 0001:000325d6       ?CDAudio_Play@@YAXH_N@Z    004335d6 f   cd_win.obj
 0001:000327c4       ?CDAudio_Stop@@YAXXZ       004337c4 f   cd_win.obj
 0001:00032885       ?CDAudio_Update@@YAXXZ     00433885 f   cd_win.obj
 0001:00032928       ?CDAudio_Init@@YA_NXZ      00433928 f   cd_win.obj
 0001:00032d49       ?CDAudio_Shutdown@@YAXXZ   00433d49 f   cd_win.obj
 0001:00032d6c       ?CDAudio_Activate@@YAX_N@Z 00433d6c f   cd_win.obj
 0001:00032d7d       ?IN_Commands@@YAXXZ        00433d7d f   in_win.obj
 0001:00032ea5       ?IN_Init@@YAXXZ            00433ea5 f   in_win.obj
 0001:000332e4       ?IN_Shutdown@@YAXXZ        004342e4 f   in_win.obj
 0001:00033540       ?IN_Move@@YAXPAUusercmd_t@@@Z 00434540 f   in_win.obj
 0001:00033b22       ?IN_Activate@@YAX_N@Z      00434b22 f   in_win.obj
 0001:00033b2c       ?IN_Frame@@YAXXZ           00434b2c f   in_win.obj
 0001:00033e94       ?NET_CompareAdr@@YA_NPAUnetadr_t@@0@Z 00434e94 f   net_wins.obj
 0001:00033eca       ?NET_CompareBaseAdr@@YA_NPAUnetadr_t@@0@Z 00434eca f   net_wins.obj
 0001:00033ef3       ?NET_AdrToString@@YAPBDPAUnetadr_t@@@Z 00434ef3 f   net_wins.obj
 0001:00033f36       ?NET_StringToAdr@@YA_NPBDPAUnetadr_t@@F@Z 00434f36 f   net_wins.obj
 0001:0003404a       ?NET_IsLocalAddress@@YA_NPAUnetadr_t@@@Z 0043504a f   net_wins.obj
 0001:00034056       ?NET_GetPacket@@YA_NW4netsrc_t@@PAUnetadr_t@@PAVsizebuf_t@@@Z 00435056 f   net_wins.obj
 0001:000341b8       ?NET_SendPacket@@YAXW4netsrc_t@@HPAXUnetadr_t@@@Z 004351b8 f   net_wins.obj
 0001:000342d1       ?NET_Config@@YAX_N@Z       004352d1 f   net_wins.obj
 0001:00034491       ?NET_Init@@YAXXZ           00435491 f   net_wins.obj
 0001:00034544       ?SNDDMA_Init@@YA_NXZ       00435544 f   snd_win.obj
 0001:00034b83       ?SNDDMA_GetDMAPos@@YAHXZ   00435b83 f   snd_win.obj
 0001:00034bcd       ?SNDDMA_BeginPainting@@YAXXZ 00435bcd f   snd_win.obj
 0001:00034ce5       ?SNDDMA_Submit@@YAXXZ      00435ce5 f   snd_win.obj
 0001:00034d0a       ?SNDDMA_Shutdown@@YAXXZ    00435d0a f   snd_win.obj
 0001:00034d0f       ?S_Activate@@YAX_N@Z       00435d0f f   snd_win.obj
 0001:00034d58       ?Write@COutputDeviceWin32Console@@UAEXPBD@Z 00435d58 f i sys_win.obj
 0001:00034dd0       ?EraseInput@COutputDeviceWin32Console@@QAEXXZ 00435dd0 f i sys_win.obj
 0001:00034e3f       ?Sys_ConsoleInput@@YAPADXZ 00435e3f f   sys_win.obj
 0001:000350c8       ?Sys_ProcessMessages@@YAXXZ 004360c8 f   sys_win.obj
 0001:00035181       _WinMain@16                00436181 f   sys_win.obj
 0001:000354c1       ?Init@COutputDeviceWin32Console@@QAEXXZ 004364c1 f i sys_win.obj
 0001:000354eb       ?AddMsgHook@@YAXP6A_NIIJ@Z@Z 004364eb f   vid_dll.obj
 0001:0003552f       ?RemoveMsgHook@@YAXP6A_NIIJ@Z@Z 0043652f f   vid_dll.obj
 0001:0003555e       ?Vid_CreateWindow@@YAPAXHH_N@Z 0043655e f   vid_dll.obj
 0001:00035c6e       ?Vid_DestroyWindow@@YAX_N@Z 00436c6e f   vid_dll.obj
 0001:00035caa       ?Vid_Restart@@YAXXZ        00436caa f   vid_dll.obj
 0001:00035cb6       ?Vid_GetModeInfo@@YA_NPAH0H@Z 00436cb6 f   vid_dll.obj
 0001:00035ce6       ?Vid_Tick@@YAXXZ           00436ce6 f   vid_dll.obj
 0001:00035e96       ?Vid_Init@@YAXXZ           00436e96 f   vid_dll.obj
 0001:00035f39       ?Vid_Shutdown@@YAXXZ       00436f39 f   vid_dll.obj
 0001:00035f58       ?Tesselate@surfacePlanar_t@OpenGLDrv@@UAEXAAUrefEntity_t@2@@Z 00436f58 f   gl_backend.obj
 0001:00036934       ?Negate@CVec3@@QAEXXZ      00437934 f i gl_backend.obj
 0001:0003856c       ?Tesselate@surfacePoly_t@OpenGLDrv@@UAEXAAUrefEntity_t@2@@Z 0043956c f   gl_backend.obj
 0001:00038673       ?Tesselate@surfaceMd3_t@OpenGLDrv@@UAEXAAUrefEntity_t@2@@Z 00439673 f   gl_backend.obj
 0001:00038a02       ?DrawTriangles@OpenGLDrv@@YA_NXZ 00439a02 f   gl_backend.obj
 0001:00038b17       ?DrawNormals@OpenGLDrv@@YA_NXZ 00439b17 f   gl_backend.obj
 0001:00038c21       ?Tesselate@surfaceEntity_t@OpenGLDrv@@UAEXAAUrefEntity_t@2@@Z 00439c21 f   gl_backend.obj
 0001:00038d05       ?Tesselate@surfaceParticle_t@OpenGLDrv@@UAEXAAUrefEntity_t@2@@Z 00439d05 f   gl_backend.obj
 0001:00038f55       ?BK_DrawScene@OpenGLDrv@@YAXXZ 00439f55 f   gl_backend.obj
 0001:0003957d       ?BK_DrawPic@OpenGLDrv@@YAXPAVshader_t@1@HHHHMMMMIE@Z 0043a57d f   gl_backend.obj
 0001:0003975e       ?BK_DrawText@OpenGLDrv@@YAXPBDHHHHHI@Z 0043a75e f   gl_backend.obj
 0001:00039953       ?BK_BeginFrame@OpenGLDrv@@YAXXZ 0043a953 f   gl_backend.obj
 0001:000399b7       ?BK_EndFrame@OpenGLDrv@@YAXXZ 0043a9b7 f   gl_backend.obj
 0001:000399f6       ?BK_Init@OpenGLDrv@@YAXXZ  0043a9f6 f   gl_backend.obj
 0001:00039a25       ?BK_Shutdown@OpenGLDrv@@YAXXZ 0043aa25 f   gl_backend.obj
 0001:00039a3d       ?AllocDynamicMemory@OpenGLDrv@@YAPAXH@Z 0043aa3d f   gl_buffers.obj
 0001:00039aa8       ?ResizeDynamicMemory@OpenGLDrv@@YAXPAXH@Z 0043aaa8 f   gl_buffers.obj
 0001:00039aea       ?AddSurfaceToPortal@OpenGLDrv@@YAXPAVsurfaceBase_t@1@PAVshader_t@1@HH@Z 0043aaea f   gl_buffers.obj
 0001:00039b5b       ?InsertShaderIndex@OpenGLDrv@@YAXH@Z 0043ab5b f   gl_buffers.obj
 0001:00039b94       ?ClearPortal@OpenGLDrv@@YAXXZ 0043ab94 f   gl_buffers.obj
 0001:00039bb2       ?SortSurfaces@OpenGLDrv@@YAXPAUviewPortal_t@1@PAPAUsurfaceInfo_t@1@@Z 0043abb2 f   gl_buffers.obj
 0001:00039d44       ?ClearBuffers@OpenGLDrv@@YAXXZ 0043ad44 f   gl_buffers.obj
 0001:00039d5b       ?CreateBuffers@OpenGLDrv@@YAXXZ 0043ad5b f   gl_buffers.obj
 0001:00039d81       ?FreeBuffers@OpenGLDrv@@YAXXZ 0043ad81 f   gl_buffers.obj
 0001:00039da5       ?InitEntity@model_t@OpenGLDrv@@UAE_NPAUentity_t@@PAUrefEntity_t@2@@Z 0043ada5 f   gl_frontend.obj
 0001:00039daa       ?AddSurfaces@model_t@OpenGLDrv@@UAEXPAUrefEntity_t@2@@Z 0043adaa f   gl_frontend.obj
 0001:00039dd8       ?GetLeaf@model_t@OpenGLDrv@@UAEPAUnode_t@2@PAUrefEntity_t@2@@Z 0043add8 f   gl_frontend.obj
 0001:00039de9       ?DrawLabel@model_t@OpenGLDrv@@UAEXPAUrefEntity_t@2@@Z 0043ade9 f   gl_frontend.obj
 0001:00039dec       ?InitEntity@inlineModel_t@OpenGLDrv@@UAE_NPAUentity_t@@PAUrefEntity_t@2@@Z 0043adec f   gl_frontend.obj
 0001:00039e3e       ?AddSurfaces@inlineModel_t@OpenGLDrv@@UAEXPAUrefEntity_t@2@@Z 0043ae3e f   gl_frontend.obj
 0001:0003a32c       ?GetLeaf@inlineModel_t@OpenGLDrv@@UAEPAUnode_t@2@PAUrefEntity_t@2@@Z 0043b32c f   gl_frontend.obj
 0001:0003a4d1       ?DrawLabel@inlineModel_t@OpenGLDrv@@UAEXPAUrefEntity_t@2@@Z 0043b4d1 f   gl_frontend.obj
 0001:0003a517       ?InitEntity@md3Model_t@OpenGLDrv@@UAE_NPAUentity_t@@PAUrefEntity_t@2@@Z 0043b517 f   gl_frontend.obj
 0001:0003a6f5       ?AddSurfaces@md3Model_t@OpenGLDrv@@UAEXPAUrefEntity_t@2@@Z 0043b6f5 f   gl_frontend.obj
 0001:0003a82f       ?GetLeaf@md3Model_t@OpenGLDrv@@UAEPAUnode_t@2@PAUrefEntity_t@2@@Z 0043b82f f   gl_frontend.obj
 0001:0003a867       ?DrawLabel@md3Model_t@OpenGLDrv@@UAEXPAUrefEntity_t@2@@Z 0043b867 f   gl_frontend.obj
 0001:0003a8cd       ?InitEntity@sprModel_t@OpenGLDrv@@UAE_NPAUentity_t@@PAUrefEntity_t@2@@Z 0043b8cd f   gl_frontend.obj
 0001:0003a8ed       ?AddSurfaces@sprModel_t@OpenGLDrv@@UAEXPAUrefEntity_t@2@@Z 0043b8ed f   gl_frontend.obj
 0001:0003aa70       ?GetLeaf@sprModel_t@OpenGLDrv@@UAEPAUnode_t@2@PAUrefEntity_t@2@@Z 0043ba70 f   gl_frontend.obj
 0001:0003ab51       ?AddEntity@OpenGLDrv@@YAXPAUentity_t@@@Z 0043bb51 f   gl_frontend.obj
 0001:0003ace0       ?AddDlight@OpenGLDrv@@YAXPAUdlight_t@@@Z 0043bce0 f   gl_frontend.obj
 0001:0003ae98       ?DrawPortal@OpenGLDrv@@YAXXZ 0043be98 f   gl_frontend.obj
 0001:0003ce62       ?GL_TextureMode@OpenGLDrv@@YAXPBD@Z 0043de62 f   gl_image.obj
 0001:0003cf0a       ?CreateImage@OpenGLDrv@@YAPAVimage_t@1@PBDPAXHHI@Z 0043df0a f   gl_image.obj
 0001:0003dcab       ?LoadDelayedImages@OpenGLDrv@@YAXXZ 0043ecab f   gl_image.obj
 0001:0003dd3e       ?DrawStretchRaw8@OpenGLDrv@@YAXHHHHHHPAEPAI@Z 0043ed3e f   gl_image.obj
 0001:0003e115       ?SetupGamma@OpenGLDrv@@YAXXZ 0043f115 f   gl_image.obj
 0001:0003e25b       ?PerformScreenshot@OpenGLDrv@@YAXXZ 0043f25b f   gl_image.obj
 0001:0003e4cb       ?InitImages@OpenGLDrv@@YAXXZ 0043f4cb f   gl_image.obj
 0001:0003eca8       ?ShutdownImages@OpenGLDrv@@YAXXZ 0043fca8 f   gl_image.obj
 0001:0003ed0f       ?ShowImages@OpenGLDrv@@YAXXZ 0043fd0f f   gl_image.obj
 0001:0003ef9b       ?FindImage@OpenGLDrv@@YAPAVimage_t@1@PBDI@Z 0043ff9b f   gl_image.obj
 0001:0003f317       ?GL_Lock@OpenGLDrv@@YAXXZ  00440317 f   gl_interface.obj
 0001:0003f38f       ?GL_Unlock@OpenGLDrv@@YAXXZ 0044038f f   gl_interface.obj
 0001:0003f551       ?GL_Bind@OpenGLDrv@@YAXPBVimage_t@1@@Z 00440551 f   gl_interface.obj
 0001:0003f67b       ?GL_BindForce@OpenGLDrv@@YAXPBVimage_t@1@@Z 0044067b f   gl_interface.obj
 0001:0003f6f9       ?GL_TexEnv@OpenGLDrv@@YAXI@Z 004406f9 f   gl_interface.obj
 0001:0003f878       ?GL_TexMipBias@OpenGLDrv@@YAXM@Z 00440878 f   gl_interface.obj
 0001:0003f8d3       ?GL_TexEnvColor@OpenGLDrv@@YAXPBTcolor_t@@@Z 004408d3 f   gl_interface.obj
 0001:0003f983       ?GL_SelectTexture@OpenGLDrv@@YAXH@Z 00440983 f   gl_interface.obj
 0001:0003f9e4       ?GL_TexCoordPointer@OpenGLDrv@@YAXPAX@Z 004409e4 f   gl_interface.obj
 0001:0003fa14       ?GL_SetMultitexture@OpenGLDrv@@YAXH@Z 00440a14 f   gl_interface.obj
 0001:0003fafa       ?GL_DisableTexCoordArrays@OpenGLDrv@@YAXXZ 00440afa f   gl_interface.obj
 0001:0003fb4e       ?GL_CullFace@OpenGLDrv@@YAXW4gl_cullMode_t@1@@Z 00440b4e f   gl_interface.obj
 0001:0003fb9f       ?GL_DepthRange@OpenGLDrv@@YAXW4gl_depthMode_t@1@@Z 00440b9f f   gl_interface.obj
 0001:0003fbd2       ?GL_State@OpenGLDrv@@YAXI@Z 00440bd2 f   gl_interface.obj
 0001:0003fd22       ?GL_EnableFog@OpenGLDrv@@YAX_N@Z 00440d22 f   gl_interface.obj
 0001:0003fe1a       ?GL_SetDefaultState@OpenGLDrv@@YAXXZ 00440e1a f   gl_interface.obj
 0001:0003ff76       ?GL_Set2DMode@OpenGLDrv@@YAXXZ 00440f76 f   gl_interface.obj
 0001:00040071       ?GL_Set3DMode@OpenGLDrv@@YAXPAUviewPortal_t@1@@Z 00441071 f   gl_interface.obj
 0001:00040159       ?ShowLights@OpenGLDrv@@YAXXZ 00441159 f   gl_light.obj
 0001:00040542       ?LightForEntity@OpenGLDrv@@YAXPAUrefEntity_t@1@@Z 00441542 f   gl_light.obj
 0001:000417d4       ?DiffuseLight@OpenGLDrv@@YAXPATcolor_t@@M@Z 004427d4 f   gl_light.obj
 0001:00041a20       ?InitLightGrid@OpenGLDrv@@YAXXZ 00442a20 f   gl_light.obj
 0001:00041ac6       ?PostLoadLights@OpenGLDrv@@YAXXZ 00442ac6 f   gl_light.obj
 0001:00041d56       ?LM_Init@OpenGLDrv@@YAXXZ  00442d56 f   gl_lightmap.obj
 0001:00041d6c       ?LM_Flush@OpenGLDrv@@YAXPAUlightmapBlock_t@1@@Z 00442d6c f   gl_lightmap.obj
 0001:00041dc9       ?LM_Done@OpenGLDrv@@YAXXZ  00442dc9 f   gl_lightmap.obj
 0001:00041df0       ?LM_Save@OpenGLDrv@@YAXPAUlightmapBlock_t@1@@Z 00442df0 f   gl_lightmap.obj
 0001:00041e08       ?LM_Restore@OpenGLDrv@@YAXPAUlightmapBlock_t@1@@Z 00442e08 f   gl_lightmap.obj
 0001:00041e20       ?LM_NewBlock@OpenGLDrv@@YAPAUlightmapBlock_t@1@XZ 00442e20 f   gl_lightmap.obj
 0001:00041e7f       ?LM_Rewind@OpenGLDrv@@YAXXZ 00442e7f f   gl_lightmap.obj
 0001:00041e87       ?LM_NextBlock@OpenGLDrv@@YAPAUlightmapBlock_t@1@XZ 00442e87 f   gl_lightmap.obj
 0001:00041eb4       ?LM_CheckMinlight@OpenGLDrv@@YAXPAUdynamicLightmap_t@1@@Z 00442eb4 f   gl_lightmap.obj
 0001:00041f4a       ?LM_AllocBlock@OpenGLDrv@@YA_NPAUlightmapBlock_t@1@PAUdynamicLightmap_t@1@@Z 00442f4a f   gl_lightmap.obj
 0001:00042001       ?LM_PutBlock@OpenGLDrv@@YAXPAUdynamicLightmap_t@1@@Z 00443001 f   gl_lightmap.obj
 0001:0004242e       ?LM_SortLightStyles@OpenGLDrv@@YAXPAUdynamicLightmap_t@1@@Z 0044342e f   gl_lightmap.obj
 0001:000424bf       ?UpdateDynamicLightmap@OpenGLDrv@@YAXPAVsurfacePlanar_t@1@_NI@Z 004434bf f   gl_lightmap.obj
 0001:000429d1       ?LM_IsMonotone@OpenGLDrv@@YA_NPAUdynamicLightmap_t@1@PATcolor_t@@@Z 004439d1 f   gl_lightmap.obj
 0001:00042ad8       ?Init@OpenGLDrv@@YA_NXZ    00443ad8 f   gl_main.obj
 0001:0004311d       ?Shutdown@OpenGLDrv@@YAX_N@Z 0044411d f   gl_main.obj
 0001:000431a6       ?GL_EnableRendering@OpenGLDrv@@YAX_N@Z 004441a6 f   gl_main.obj
 0001:000431c1       ?BeginFrame@OpenGLDrv@@YAXN@Z 004441c1 f   gl_main.obj
 0001:000432eb       ?EndFrame@OpenGLDrv@@YAXXZ 004442eb f   gl_main.obj
 0001:00043303       ?RenderFrame@OpenGLDrv@@YAXPAUrefdef_t@@@Z 00444303 f   gl_main.obj
 0001:00043bcb       ?Fill8@OpenGLDrv@@YAXHHHHH@Z 00444bcb f   gl_main.obj
 0001:00043c0e       ?Fill@OpenGLDrv@@YAXHHHHI@Z 00444c0e f   gl_main.obj
 0001:00043c4a       ?TileClear@OpenGLDrv@@YAXHHHHPBD@Z 00444c4a f   gl_main.obj
 0001:00043ceb       ?DrawStretchPic@OpenGLDrv@@YAXHHHHPBD@Z 00444ceb f   gl_main.obj
 0001:00043d30       ?DrawDetailedPic@OpenGLDrv@@YAXHHHHPBD@Z 00444d30 f   gl_main.obj
 0001:00043dda       ?DrawPic@OpenGLDrv@@YAXHHPBDHH@Z 00444dda f   gl_main.obj
 0001:00043e62       ?LoadNewWorld@OpenGLDrv@@YAXPBD@Z 00444e62 f   gl_main.obj
 0001:00043e94       ?DumpLoadStats@OpenGLDrv@@YAXXZ 00444e94 f   gl_main.obj
 0001:00043f1a       ?FinishLoadingWorld@OpenGLDrv@@YAXXZ 00444f1a f   gl_main.obj
 0001:00043f1f       ?RegisterPic@OpenGLDrv@@YAPAVCBasicImage@@PBD@Z 00444f1f f   gl_main.obj
 0001:00043f30       ?RegisterSkin@OpenGLDrv@@YAPAVCBasicImage@@PBD_N@Z 00444f30 f   gl_main.obj
 0001:00043f4e       ?RegisterModel@OpenGLDrv@@YAPAVCRenderModel@@PBD@Z 00444f4e f   gl_main.obj
 0001:00043f59       ?SetSky@OpenGLDrv@@YAXPBDMABUCVec3@@@Z 00444f59 f   gl_main.obj
 0001:00043ff7       ?Screenshot@OpenGLDrv@@YAXHPBD@Z 00444ff7 f   gl_main.obj
 0001:0004401e       ?GetClientLight@OpenGLDrv@@YAMXZ 0044501e f   gl_main.obj
 0001:00044025       ?InitFuncTables@OpenGLDrv@@YAXXZ 00445025 f   gl_math.obj
 0001:000441cb       ?BuildRotationAxis@OpenGLDrv@@YAXAAUCAxis@@ABUCVec3@@M@Z 004451cb f   gl_math.obj
 0001:000442c2       ?GetBoxRect@OpenGLDrv@@YA_NPBUrefEntity_t@1@ABUCVec3@@QAM2_N@Z 004452c2 f   gl_math.obj
 0001:000445cc       ?ProjectToScreen@OpenGLDrv@@YA_NABUCVec3@@QAH@Z 004455cc f   gl_math.obj
 0001:0004470f       ?SaturateColor3f@OpenGLDrv@@YAXAAUCVec3@@@Z 0044570f f   gl_math.obj
 0001:000447ff       ?SaturateColor4b@OpenGLDrv@@YAXPATcolor_t@@@Z 004457ff f   gl_math.obj
 0001:0004490d       ?SubdividePlane@OpenGLDrv@@YAHPAPAUCVec3@@HM@Z 0044590d f   gl_poly.obj
 0001:00044d8e       ?FreeSubdividedPlane@OpenGLDrv@@YAXXZ 00445d8e f   gl_poly.obj
 0001:00044da6       ?GetSubdivideIndexes@OpenGLDrv@@YAXPAH@Z 00445da6 f   gl_poly.obj
 0001:00044df9       ?RemoveCollinearPoints@OpenGLDrv@@YAHPAPAUCVec3@@H@Z 00445df9 f   gl_poly.obj
 0001:00044eef       ?GetPolyArea@OpenGLDrv@@YAMPAPAUCVec3@@H@Z 00445eef f   gl_poly.obj
 0001:00044f83       ?InitShaders@OpenGLDrv@@YAXXZ 00445f83 f   gl_shader.obj
 0001:00045108       ?ShutdownShaders@OpenGLDrv@@YAXXZ 00446108 f   gl_shader.obj
 0001:00045146       ?GetLightmapImage@OpenGLDrv@@YAPAVimage_t@1@H@Z 00446146 f   gl_shader.obj
 0001:0004516e       ?SetShaderLightmap@OpenGLDrv@@YAPAVshader_t@1@PAV21@H@Z 0044616e f   gl_shader.obj
 0001:0004548d       ??4shader_t@OpenGLDrv@@QAEAAV01@ABV01@@Z 0044648d f i gl_shader.obj
 0001:000456c3       ?SetShaderLightstyles@OpenGLDrv@@YAPAVshader_t@1@PAV21@I@Z 004466c3 f   gl_shader.obj
 0001:0004575f       ?GetAlphaShader@OpenGLDrv@@YAPAVshader_t@1@PAV21@@Z 0044675f f   gl_shader.obj
 0001:00045b55       ?FindShader@OpenGLDrv@@YAPAVshader_t@1@PBDI@Z 00446b55 f   gl_shader.obj
 0001:000474c5       ?GetShaderByNum@OpenGLDrv@@YAPAVshader_t@1@H@Z 004484c5 f   gl_shader.obj
 0001:000474e3       ?ResetShaders@OpenGLDrv@@YAXXZ 004484e3 f   gl_shader.obj
 0001:000476ce       ?Reload@shader_t@OpenGLDrv@@UAEXXZ 004486ce f   gl_shader.obj
 0001:000476fd       ?Insert@?$TList@VshaderScript_t@OpenGLDrv@@@@QAE_NPAVshaderScript_t@OpenGLDrv@@@Z 004486fd f i gl_shader.obj
 0001:000476fd       ?Insert@?$TList@VCStringItem@@@@QAE_NPAVCStringItem@@@Z 004486fd f i gl_shader.obj
 0001:000476fd       ?Insert@?$TList@VplayerModelInfo_t@@@@QAE_NPAVplayerModelInfo_t@@@Z 004486fd f i gl_shader.obj
 0001:00047733       ?ClearSky@OpenGLDrv@@YAXXZ 00448733 f   gl_sky.obj
 0001:00047790       ?AddSkySurface@OpenGLDrv@@YAXPAVsurfacePlanar_t@1@E@Z 00448790 f   gl_sky.obj
 0001:00047d58       ?DrawSky@OpenGLDrv@@YAXXZ  00448d58 f   gl_sky.obj
 0001:000483fc       ?DrawChar@OpenGLDrv@@YAXHHHH@Z 004493fc f   gl_text.obj
 0001:00048456       ?ClearTexts@OpenGLDrv@@YAXXZ 00449456 f   gl_text.obj
 0001:0004846b       ?FlushTexts@OpenGLDrv@@YAXXZ 0044946b f   gl_text.obj
 0001:00048517       ?DrawTextPos@OpenGLDrv@@YAXHHPBDI@Z 00449517 f   gl_text.obj
 0001:00048543       ?DrawTextLeft@OpenGLDrv@@YAXPBDI@Z 00449543 f   gl_text.obj
 0001:000485ca       ?DrawTextRight@OpenGLDrv@@YAXPBDI@Z 004495ca f   gl_text.obj
 0001:00048614       ?DrawText3D@OpenGLDrv@@YAXABUCVec3@@PBDI@Z 00449614 f   gl_text.obj
 0001:00048641       ?InitTexts@OpenGLDrv@@YAXXZ 00449641 f   gl_text.obj
 0001:0004865b       ??0?$TTextContainer@UCRText@OpenGLDrv@@$0BAAAA@@@QAE@XZ 0044965b f i gl_text.obj
 0001:00048680       ?FindModel@OpenGLDrv@@YAPAVmodel_t@1@PBD@Z 00449680 f   gl_model.obj
 0001:0004885c       ?FreeModels@OpenGLDrv@@YAXXZ 0044985c f   gl_model.obj
 0001:000488ce       ?InitModels@OpenGLDrv@@YAXXZ 004498ce f   gl_model.obj
 0001:000489c4       ?ShutdownModels@OpenGLDrv@@YAXXZ 004499c4 f   gl_model.obj
 0001:000489d5       ?LoadWorldMap@OpenGLDrv@@YAXPBD@Z 004499d5 f   gl_bspmodel.obj
 0001:0004a4dd       ?PointInLeaf@OpenGLDrv@@YAPAUnode_t@1@ABUCVec3@@@Z 0044b4dd f   gl_bspmodel.obj
 0001:0004a528       ?CALL_CONSTRUCTOR@@YAXPAVinlineModel_t@OpenGLDrv@@@Z 0044b528 f i gl_bspmodel.obj
 0001:0004a53e       ?LerpTag@model_t@OpenGLDrv@@UBE_NHHMPBDAAUCCoords@@@Z 0044b53e f   gl_trimodel.obj
 0001:0004a54c       ?LerpTag@md3Model_t@OpenGLDrv@@UBE_NHHMPBDAAUCCoords@@@Z 0044b54c f   gl_trimodel.obj
 0001:0004a65c       ?LoadMd2@OpenGLDrv@@YAPAVmd3Model_t@1@PBDPAEI@Z 0044b65c f   gl_trimodel.obj
 0001:0004b1be       ?ATAN2_FUNC@OpenGLDrv@@YAMMM@Z 0044c1be f i gl_trimodel.obj
 0001:0004b374       ?LoadMd3@OpenGLDrv@@YAPAVmd3Model_t@1@PBDPAEI@Z 0044c374 f   gl_trimodel.obj
 0001:0004b829       ?LoadSp2@OpenGLDrv@@YAPAVsprModel_t@1@PBDPAEI@Z 0044c829 f   gl_trimodel.obj
 0001:0004ba41       ?LoadSpr@OpenGLDrv@@YAPAVsprModel_t@1@PBDPAEI@Z 0044ca41 f   gl_trimodel.obj
 0001:0004bb4a       ?CALL_CONSTRUCTOR@@YAXPAVmd3Model_t@OpenGLDrv@@@Z 0044cb4a f i gl_trimodel.obj
 0001:0004bb60       ?CALL_CONSTRUCTOR@@YAXPAVsprModel_t@OpenGLDrv@@@Z 0044cb60 f i gl_trimodel.obj
 0001:0004d11d       ?QGL_Init@OpenGLDrv@@YA_NPBD@Z 0044e11d f   GLBind.obj
 0001:0004d203       ?QGL_Shutdown@OpenGLDrv@@YAXXZ 0044e203 f   GLBind.obj
 0001:0004d24a       ?QGL_InitExtensions@OpenGLDrv@@YAXXZ 0044e24a f   GLBind.obj
 0001:0004d734       ?QGL_PrintExtensionsString@OpenGLDrv@@YAXPBD00@Z 0044e734 f   GLBind.obj
 0001:0004d881       ?QGL_EnableLogging@OpenGLDrv@@YAX_N@Z 0044e881 f   GLBind.obj
 0001:0004d92f       ?QGL_LogMessage@OpenGLDrv@@YAXPBD@Z 0044e92f f   GLBind.obj
 0001:0004d945       ?QGL_SwapBuffers@OpenGLDrv@@YAXXZ 0044e945 f   GLBind.obj
 0001:0004d9c7       ?GLimp_HasGamma@OpenGLDrv@@YA_NXZ 0044e9c7 f   gl_win.obj
 0001:0004d9db       ?GLimp_SetGamma@OpenGLDrv@@YAXM@Z 0044e9db f   gl_win.obj
 0001:0004db81       ?GLimp_SetMode@OpenGLDrv@@YA_NPAI0H_N@Z 0044eb81 f   gl_win.obj
 0001:0004df55       ?GLimp_Shutdown@OpenGLDrv@@YAX_N@Z 0044ef55 f   gl_win.obj
 0001:0004e002       ?AppActivate@OpenGLDrv@@YAX_N@Z 0044f002 f   gl_win.obj
 0001:0004e072       _jpeg_CreateDecompress     0044f072 f   lib:jdapimin.obj
 0001:0004e132       _jpeg_destroy_compress     0044f132 f   lib:jdapimin.obj
 0001:0004e132       _jpeg_destroy_decompress   0044f132 f   lib:jdapimin.obj
 0001:0004e13d       _jpeg_read_header          0044f13d f   lib:jdapimin.obj
 0001:0004e19f       _jpeg_consume_input        0044f19f f   lib:jdapimin.obj
 0001:0004e3ee       _jpeg_finish_decompress    0044f3ee f   lib:jdapimin.obj
 0001:0004e485       _jpeg_start_decompress     0044f485 f   lib:jdapistd.obj
 0001:0004e5f2       _jpeg_read_scanlines       0044f5f2 f   lib:jdapistd.obj
 0001:0004e676       _jpeg_resync_to_restart    0044f676 f   lib:jdmarker.obj
 0001:0004e83b       _jinit_marker_reader       0044f83b f   lib:jdmarker.obj
 0001:0004fd06       _jpeg_CreateCompress       00450d06 f   lib:jcapimin.obj
 0001:0004fdba       _jpeg_suppress_tables      00450dba f   lib:jcapimin.obj
 0001:0004fe04       _jpeg_finish_compress      00450e04 f   lib:jcapimin.obj
 0001:0004feee       _jpeg_start_compress       00450eee f   lib:jcapistd.obj
 0001:0004ff5a       _jpeg_write_scanlines      00450f5a f   lib:jcapistd.obj
 0001:00050005       _jpeg_add_quant_table      00451005 f   lib:jcparam.obj
 0001:000500b7       _jpeg_quality_scaling      004510b7 f   lib:jcparam.obj
 0001:000500de       _jpeg_set_quality          004510de f   lib:jcparam.obj
 0001:00050118       _jpeg_set_defaults         00451118 f   lib:jcparam.obj
 0001:000502de       _jpeg_default_colorspace   004512de f   lib:jcparam.obj
 0001:0005032e       _jpeg_set_colorspace       0045132e f   lib:jcparam.obj
 0001:00050649       _jpeg_stdio_dest           00451649 f   lib:jdatadst.obj
 0001:00050749       _inflateReset              00451749 f   lib:inflate.obj
 0001:00050797       _inflateInit2_             00451797 f   lib:inflate.obj
 0001:00050850       _inflate                   00451850 f   lib:inflate.obj
 0001:00051b25       _inflateEnd                00452b25 f   lib:inflate.obj
 0001:00051c83       _crc32                     00452c83 f   lib:crc32.obj
 0001:00051f1d       _jinit_input_controller    00452f1d f   lib:jdinput.obj
 0001:00052400       _jinit_memory_mgr          00453400 f   lib:jmemmgr.obj
 0001:00052f3c       _jpeg_abort                00453f3c f   lib:jcomapi.obj
 0001:00052f6f       _jpeg_destroy              00453f6f f   lib:jcomapi.obj
 0001:00052f8a       _jpeg_alloc_quant_table    00453f8a f   lib:jcomapi.obj
 0001:00052fa6       _jpeg_alloc_huff_table     00453fa6 f   lib:jcomapi.obj
 0001:00052fc2       _jpeg_calc_output_dimensions 00453fc2 f   lib:jdmaster.obj
 0001:000530c2       _jinit_master_decompress   004540c2 f   lib:jdmaster.obj
 0001:00053418       _jdiv_round_up             00454418 f   lib:jutils.obj
 0001:00053428       _jround_up                 00454428 f   lib:jutils.obj
 0001:00053440       _jcopy_sample_rows         00454440 f   lib:jutils.obj
 0001:0005347e       _jcopy_block_row           0045447e f   lib:jutils.obj
 0001:00053497       _jzero_far                 00454497 f   lib:jutils.obj
 0001:000534aa       _jinit_marker_writer       004544aa f   lib:jcmarker.obj
 0001:00053d86       _jinit_compress_master     00454d86 f   lib:jcinit.obj
 0001:00053ddf       _zcalloc                   00454ddf f   lib:zlib.obj
 0001:00053e01       _zcfree                    00454e01 f   lib:zlib.obj
 0001:00053e0c       _inflate_fast              00454e0c f   lib:inffast.obj
[...]
 0001:0005f072       _start_iMCU_row            00460072 f   lib:jddiffct.obj
 0001:0005f0b7       _start_output_pass         004600b7 f   lib:jddiffct.obj
 0001:0005f0c3       _decompress_data           004600c3 f   lib:jddiffct.obj
 0001:0005f233       _process_restart           00460233 f   lib:jddiffct.obj
 0001:0005d253       _dummy_consume_data        0045e253 f   lib:jdcoefct.obj
 0001:0005f268       _consume_data              00460268 f   lib:jddiffct.obj
 0001:0005f2df       _output_data               004602df f   lib:jddiffct.obj
 0001:0005ed66       _start_pass                0045fd66 f   lib:jddctmgr.obj
 0001:0005e1b8       _start_pass_phuff_decoder  0045f1b8 f   lib:jdphuff.obj
 0001:0005e401       _decode_mcu_DC_first       0045f401 f   lib:jdphuff.obj
 0001:0005e5f9       _process_restart           0045f5f9 f   lib:jdphuff.obj
 0001:0005e668       _decode_mcu_AC_first       0045f668 f   lib:jdphuff.obj
 0001:0005e888       _decode_mcu_DC_refine      0045f888 f   lib:jdphuff.obj
 0001:0005e95d       _decode_mcu_AC_refine      0045f95d f   lib:jdphuff.obj
 0001:0005dbff       _start_pass_huff_decoder   0045ebff f   lib:jdshuff.obj
 0001:0005dd37       _decode_mcu                0045ed37 f   lib:jdshuff.obj
 0001:0005e0e7       _process_restart           0045f0e7 f   lib:jdshuff.obj
 0001:0005cfe5       _start_input_pass          0045dfe5 f   lib:jdcoefct.obj
 0001:0005cff8       _start_iMCU_row            0045dff8 f   lib:jdcoefct.obj
 0001:0005d03d       _start_output_pass         0045e03d f   lib:jdcoefct.obj
 0001:0005d07a       _decompress_onepass        0045e07a f   lib:jdcoefct.obj
 0001:0005d253       _dummy_consume_data        0045e253 f   lib:jdcoefct.obj
 0001:0005d256       _consume_data              0045e256 f   lib:jdcoefct.obj
 0001:0005d40f       _decompress_data           0045e40f f   lib:jdcoefct.obj
 0001:0005d57b       _smoothing_ok              0045e57b f   lib:jdcoefct.obj
 0001:0005d666       _decompress_smooth_data    0045e666 f   lib:jdcoefct.obj
 0001:0005ce7e       _scaler_start_pass         0045de7e f   lib:jcscale.obj
 0001:0005cea1       _simple_downscale          0045dea1 f   lib:jcscale.obj
 0001:0005cecd       _noscale                   0045decd f   lib:jcscale.obj
 0001:0005c976       _start_pass                0045d976 f   lib:jcpred.obj
 0001:0005c9ce       _reset_predictor           0045d9ce f   lib:jcpred.obj
 0001:0005c9fb       _jpeg_difference_first_row 0045d9fb f   lib:jcpred.obj
 0001:0005cae5       _jpeg_difference1          0045dae5 f   lib:jcpred.obj
 0001:0005cb53       _jpeg_difference2          0045db53 f   lib:jcpred.obj
 0001:0005cbc4       _jpeg_difference3          0045dbc4 f   lib:jcpred.obj
 0001:0005cc3c       _jpeg_difference4          0045dc3c f   lib:jcpred.obj
 0001:0005ccc7       _jpeg_difference5          0045dcc7 f   lib:jcpred.obj
 0001:0005cd5a       _jpeg_difference6          0045dd5a f   lib:jcpred.obj
 0001:0005cde9       _jpeg_difference7          0045dde9 f   lib:jcpred.obj
 0001:0005c268       _start_pass_huff           0045d268 f   lib:jclhuff.obj
 0001:0005c405       _encode_mcus_huff          0045d405 f   lib:jclhuff.obj
 0001:0005c5f0       _emit_bits                 0045d5f0 f   lib:jclhuff.obj
 0001:0005c693       _dump_buffer               0045d693 f   lib:jclhuff.obj
 0001:0005c6b7       _emit_restart              0045d6b7 f   lib:jclhuff.obj
 0001:0005c702       _flush_bits                0045d702 f   lib:jclhuff.obj
 0001:0005c726       _finish_pass_huff          0045d726 f   lib:jclhuff.obj
 0001:0005c793       _encode_mcus_gather        0045d793 f   lib:jclhuff.obj
 0001:0005c8bc       _finish_pass_gather        0045d8bc f   lib:jclhuff.obj
 0001:0005af8d       _need_optimization_pass    0045bf8d f   lib:jcshuff.obj
 0001:0005be88       _start_pass_diff           0045ce88 f   lib:jcdiffct.obj
 0001:0005a18e       _start_iMCU_row            0045b18e f   lib:jccoefct.obj
 0001:0005bf26       _compress_data             0045cf26 f   lib:jcdiffct.obj
 0001:0005c0bc       _compress_first_pass       0045d0bc f   lib:jcdiffct.obj
 0001:0005c1b1       _compress_output           0045d1b1 f   lib:jcdiffct.obj
 0001:0005ba9b       _start_pass_fdctmgr        0045ca9b f   lib:jcdctmgr.obj
 0001:0005bb9d       _forward_DCT_float         0045cb9d f   lib:jcdctmgr.obj
 0001:0005afd0       _start_pass_phuff          0045bfd0 f   lib:jcphuff.obj
 0001:0005b13d       _encode_mcu_DC_first       0045c13d f   lib:jcphuff.obj
 0001:0005b26f       _emit_bits                 0045c26f f   lib:jcphuff.obj
 0001:0005b31a       _dump_buffer               0045c31a f   lib:jcphuff.obj
 0001:0005b352       _emit_symbol               0045c352 f   lib:jcphuff.obj
 0001:0005b392       _emit_restart              0045c392 f   lib:jcphuff.obj
 0001:0005b41b       _emit_eobrun               0045c41b f   lib:jcphuff.obj
 0001:0005b4a1       _encode_mcu_AC_first       0045c4a1 f   lib:jcphuff.obj
 0001:0005b635       _encode_mcu_DC_refine      0045c635 f   lib:jcphuff.obj
 0001:0005b6ef       _encode_mcu_AC_refine      0045c6ef f   lib:jcphuff.obj
 0001:0005b906       _finish_pass_phuff         0045c906 f   lib:jcphuff.obj
 0001:0005b955       _finish_pass_gather_phuff  0045c955 f   lib:jcphuff.obj
 0001:0005ba18       _need_optimization_pass    0045ca18 f   lib:jcphuff.obj
 0001:0005a768       _start_pass_huff           0045b768 f   lib:jcshuff.obj
 0001:0005a8dd       _encode_mcu_huff           0045b8dd f   lib:jcshuff.obj
 0001:0005a9e8       _encode_one_block          0045b9e8 f   lib:jcshuff.obj
 0001:0005ab5f       _emit_bits                 0045bb5f f   lib:jcshuff.obj
 0001:0005ac02       _dump_buffer               0045bc02 f   lib:jcshuff.obj
 0001:0005ac26       _emit_restart              0045bc26 f   lib:jcshuff.obj
 0001:0005ac93       _flush_bits                0045bc93 f   lib:jcshuff.obj
 0001:0005acb7       _finish_pass_huff          0045bcb7 f   lib:jcshuff.obj
 0001:0005ad26       _encode_mcu_gather         0045bd26 f   lib:jcshuff.obj
 0001:0005addc       _htest_one_block           0045bddc f   lib:jcshuff.obj
 0001:0005aea3       _finish_pass_gather        0045bea3 f   lib:jcshuff.obj
 0001:0005af8d       _need_optimization_pass    0045bf8d f   lib:jcshuff.obj
 0001:0005a0f9       _start_pass_coef           0045b0f9 f   lib:jccoefct.obj
 0001:0005a18e       _start_iMCU_row            0045b18e f   lib:jccoefct.obj
 0001:0005a1d0       _compress_data             0045b1d0 f   lib:jccoefct.obj
 0001:0005a3b7       _compress_first_pass       0045b3b7 f   lib:jccoefct.obj
 0001:0005a59d       _compress_output           0045b59d f   lib:jccoefct.obj
 0001:0005a011       _calc_output_dimensions    0045b011 f   lib:jdlossls.obj
 0001:0005a022       _start_input_pass          0045b022 f   lib:jdlossls.obj
 0001:00059d50       _calc_output_dimensions    0045ad50 f   lib:jdlossy.obj
 0001:00059ec3       _start_input_pass          0045aec3 f   lib:jdlossy.obj
 0001:00059ee3       _latch_quant_tables        0045aee3 f   lib:jdlossy.obj
 0001:00059f7b       _start_output_pass         0045af7b f   lib:jdlossy.obj
 0001:00059c9f       _start_pass                0045ac9f f   lib:jclossls.obj
 0001:00059c0b       _start_pass                0045ac0b f   lib:jclossy.obj
 0001:00059160       _initial_setup             0045a160 f   lib:jcmaster.obj
 0001:00059313       _validate_script           0045a313 f   lib:jcmaster.obj
 0001:000596eb       _prepare_for_pass          0045a6eb f   lib:jcmaster.obj
 0001:00059863       _select_scan_parameters    0045a863 f   lib:jcmaster.obj
 0001:00059964       _per_scan_setup            0045a964 f   lib:jcmaster.obj
 0001:00059b0f       _pass_startup              0045ab0f f   lib:jcmaster.obj
 0001:00059b36       _finish_pass_master        0045ab36 f   lib:jcmaster.obj
 0001:00058c4c       _rgb_ycc_start             00459c4c f   lib:jccolor.obj
 0001:00058d10       _rgb_ycc_convert           00459d10 f   lib:jccolor.obj
 0001:00058e0f       _rgb_gray_convert          00459e0f f   lib:jccolor.obj
 0001:00058e94       _cmyk_ycck_convert         00459e94 f   lib:jccolor.obj
 0001:00058fcc       _grayscale_convert         00459fcc f   lib:jccolor.obj
 0001:00059026       _null_convert              0045a026 f   lib:jccolor.obj
 0001:0002bd3a       _null_method               0042cd3a f   images.obj
 0001:0002bd3a       _start_pass_downsample     0042cd3a f   images.obj
 0001:00058398       _sep_downsample            00459398 f   lib:jcsample.obj
 0001:0005840d       _int_downsample            0045940d f   lib:jcsample.obj
 0001:00058505       _expand_right_edge         00459505 f   lib:jcsample.obj
 0001:0005855a       _fullsize_downsample       0045955a f   lib:jcsample.obj
 0001:0005859e       _h2v1_downsample           0045959e f   lib:jcsample.obj
 0001:00058632       _h2v2_downsample           00459632 f   lib:jcsample.obj
 0001:000586df       _h2v2_smooth_downsample    004596df f   lib:jcsample.obj
 0001:00058957       _fullsize_smooth_downsample 00459957 f   lib:jcsample.obj
 0001:00057d94       _start_pass_prep           00458d94 f   lib:jcprepct.obj
 0001:00057dd2       _pre_process_data          00458dd2 f   lib:jcprepct.obj
 0001:00057f80       _pre_process_context       00458f80 f   lib:jcprepct.obj
 0001:00058139       _create_context_buffer     00459139 f   lib:jcprepct.obj
 0001:00057c0c       _start_pass_main           00458c0c f   lib:jcmainct.obj
 0001:00057c4e       _process_data_simple_main  00458c4e f   lib:jcmainct.obj
 0001:000571e2       _create_colormap           004581e2 f   lib:jquant1.obj
 0001:00057314       _select_ncolors            00458314 f   lib:jquant1.obj
 0001:000573eb       _create_colorindex         004583eb f   lib:jquant1.obj
 0001:00057517       _alloc_fs_workspace        00458517 f   lib:jquant1.obj
 0001:00057553       _start_pass_1_quant        00458553 f   lib:jquant1.obj
 0001:0005761f       _create_odither_tables     0045861f f   lib:jquant1.obj
 0001:0005767e       _make_odither_array        0045867e f   lib:jquant1.obj
 0001:000576e1       _color_quantize            004586e1 f   lib:jquant1.obj
 0001:0005776c       _color_quantize3           0045876c f   lib:jquant1.obj
 0001:000577fa       _quantize_ord_dither       004587fa f   lib:jquant1.obj
 0001:000578e5       _quantize3_ord_dither      004588e5 f   lib:jquant1.obj
 0001:000579e5       _quantize_fs_dither        004589e5 f   lib:jquant1.obj
 0001:0002bd3a       _finish_pass_1_quant       0042cd3a f   images.obj
 0001:00057b69       _new_color_map_1_quant     00458b69 f   lib:jquant1.obj
 0001:000561a3       _init_error_limit          004571a3 f   lib:jquant2.obj
 0001:00056242       _start_pass_2_quant        00457242 f   lib:jquant2.obj
 0001:00056344       _prescan_quantize          00457344 f   lib:jquant2.obj
 0001:000563b3       _pass2_no_dither           004573b3 f   lib:jquant2.obj
 0001:00056460       _fill_inverse_cmap         00457460 f   lib:jquant2.obj
 0001:0005652b       _find_nearby_colors        0045752b f   lib:jquant2.obj
 0001:000566cf       _find_best_colors          004576cf f   lib:jquant2.obj
 0001:000567e9       _pass2_fs_dither           004577e9 f   lib:jquant2.obj
 0001:00056a58       _finish_pass1              00457a58 f   lib:jquant2.obj
 0001:00056a7a       _select_colors             00457a7a f   lib:jquant2.obj
 0001:00056b06       _update_box                00457b06 f   lib:jquant2.obj
 0001:00056ea0       _median_cut                00457ea0 f   lib:jquant2.obj
 0001:00056fb4       _find_biggest_color_pop    00457fb4 f   lib:jquant2.obj
 0001:00056fe3       _find_biggest_volume       00457fe3 f   lib:jquant2.obj
 0001:0005700c       _compute_color             0045800c f   lib:jquant2.obj
 0001:0002bd3a       _finish_pass2              0042cd3a f   images.obj
 0001:00057148       _new_color_map_2_quant     00458148 f   lib:jquant2.obj
 0001:00055bba       _build_ycc_rgb_table       00456bba f   lib:jdmerge.obj
 0001:00055c6a       _start_pass_merged_upsample 00456c6a f   lib:jdmerge.obj
 0001:00055c7f       _merged_2v_upsample        00456c7f f   lib:jdmerge.obj
 0001:00055d26       _merged_1v_upsample        00456d26 f   lib:jdmerge.obj
 0001:00055d57       _h2v1_merged_upsample      00456d57 f   lib:jdmerge.obj
 0001:00055ead       _h2v2_merged_upsample      00456ead f   lib:jdmerge.obj
 0001:0005575e       _build_ycc_rgb_table       0045675e f   lib:jdcolor.obj
 0001:0005580e       _ycc_rgb_convert           0045680e f   lib:jdcolor.obj
 0001:0005591c       _null_convert              0045691c f   lib:jdcolor.obj
 0001:00055994       _grayscale_convert         00456994 f   lib:jdcolor.obj
 0001:000559b7       _gray_rgb_convert          004569b7 f   lib:jdcolor.obj
 0001:00055a10       _ycck_cmyk_convert         00456a10 f   lib:jdcolor.obj
 0001:0002bd3a       _start_pass_dcolor         0042cd3a f   images.obj
 0001:000551bf       _start_pass_upsample       004561bf f   lib:jdsample.obj
 0001:000551d9       _sep_upsample              004561d9 f   lib:jdsample.obj
 0001:000552a6       _fullsize_upsample         004562a6 f   lib:jdsample.obj
 0001:000552b1       _noop_upsample             004562b1 f   lib:jdsample.obj
 0001:000552b9       _int_upsample              004562b9 f   lib:jdsample.obj
 0001:000553a3       _h2v1_upsample             004563a3 f   lib:jdsample.obj
 0001:000553fa       _h2v2_upsample             004563fa f   lib:jdsample.obj
 0001:0005546c       _h2v1_fancy_upsample       0045646c f   lib:jdsample.obj
 0001:0005550f       _h2v2_fancy_upsample       0045650f f   lib:jdsample.obj
 0001:00054dc8       _start_pass_dpost          00455dc8 f   lib:jdpostct.obj
 0001:00054e6e       _post_process_1pass        00455e6e f   lib:jdpostct.obj
 0001:00054ed3       _post_process_prepass      00455ed3 f   lib:jdpostct.obj
 0001:00054f64       _post_process_2pass        00455f64 f   lib:jdpostct.obj
 0001:000547cf       _alloc_funny_pointers      004557cf f   lib:jdmainct.obj
 0001:0005487c       _start_pass_main           0045587c f   lib:jdmainct.obj
 0001:000548e4       _make_funny_pointers       004558e4 f   lib:jdmainct.obj
 0001:00054a24       _process_data_simple_main  00455a24 f   lib:jdmainct.obj
 0001:00054a8c       _process_data_context_main 00455a8c f   lib:jdmainct.obj
 0001:00054b9e       _set_wraparound_pointers   00455b9e f   lib:jdmainct.obj
 0001:00054c88       _set_bottom_pointers       00455c88 f   lib:jdmainct.obj
 0001:00054d22       _process_data_crank_post   00455d22 f   lib:jdmainct.obj
 0001:000534f8       _write_marker_header       004544f8 f   lib:jcmarker.obj
 0001:0005354e       _emit_byte                 0045454e f   lib:jcmarker.obj
 0001:0005357f       _write_marker_byte         0045457f f   lib:jcmarker.obj
 0001:0005358f       _write_file_header         0045458f f   lib:jcmarker.obj
 0001:000535db       _emit_jfif_app0            004545db f   lib:jcmarker.obj
 0001:000536ae       _emit_adobe_app14          004546ae f   lib:jcmarker.obj
 0001:00053754       _write_frame_header        00454754 f   lib:jcmarker.obj
 0001:00053833       _emit_dqt                  00454833 f   lib:jcmarker.obj
 0001:00053922       _emit_sof                  00454922 f   lib:jcmarker.obj
 0001:000539fe       _write_scan_header         004549fe f   lib:jcmarker.obj
 0001:00053abe       _emit_dht                  00454abe f   lib:jcmarker.obj
 0001:00053b97       _emit_dri                  00454b97 f   lib:jcmarker.obj
 0001:00053be6       _emit_sos                  00454be6 f   lib:jcmarker.obj
 0001:00053cd4       _write_file_trailer        00454cd4 f   lib:jcmarker.obj
 0001:00053cf4       _write_tables_only         00454cf4 f   lib:jcmarker.obj
 0001:0005304d       _use_merged_upsample       0045404d f   lib:jdmaster.obj
 0001:000530f3       _master_selection          004540f3 f   lib:jdmaster.obj
 0001:00053250       _prepare_range_limit_table 00454250 f   lib:jdmaster.obj
 0001:000532d6       _prepare_for_output_pass   004542d6 f   lib:jdmaster.obj
 0001:000533f7       _finish_output_pass        004543f7 f   lib:jdmaster.obj
 0001:000524c4       _alloc_small               004534c4 f   lib:jmemmgr.obj
 0001:000525e2       _alloc_large               004535e2 f   lib:jmemmgr.obj
 0001:00052693       _alloc_sarray              00453693 f   lib:jmemmgr.obj
 0001:0005272b       _alloc_barray              0045372b f   lib:jmemmgr.obj
 0001:000527cf       _alloc_darray              004537cf f   lib:jmemmgr.obj
 0001:0005287a       _request_virt_sarray       0045387a f   lib:jmemmgr.obj
 0001:000528db       _request_virt_barray       004538db f   lib:jmemmgr.obj
 0001:0005293c       _realize_virt_arrays       0045393c f   lib:jmemmgr.obj
 0001:00052abf       _access_virt_sarray        00453abf f   lib:jmemmgr.obj
 0001:00052bdf       _do_sarray_io              00453bdf f   lib:jmemmgr.obj
 0001:00052c6f       _access_virt_barray        00453c6f f   lib:jmemmgr.obj
 0001:00052d94       _do_barray_io              00453d94 f   lib:jmemmgr.obj
 0001:00052e25       _free_pool                 00453e25 f   lib:jmemmgr.obj
 0001:00052f0c       _self_destruct             00453f0c f   lib:jmemmgr.obj
 0001:00051f5e       _start_input_pass          00452f5e f   lib:jdinput.obj
 0001:00051f8c       _per_scan_setup            00452f8c f   lib:jdinput.obj
 0001:00052112       _finish_input_pass         00453112 f   lib:jdinput.obj
 0001:00052123       _consume_markers           00453123 f   lib:jdinput.obj
 0001:000521bf       _initial_setup             004531bf f   lib:jdinput.obj
 0001:000523c9       _reset_input_controller    004533c9 f   lib:jdinput.obj
 0001:00051b63       _make_crc_table            00452b63 f   lib:crc32.obj
 0001:00051cb0       _crc32_little              00452cb0 f   lib:crc32.obj
 0001:0005195d       _fixedtables               0045295d f   lib:inflate.obj
 0001:00051a47       _updatewindow              00452a47 f   lib:inflate.obj
 0001:00050685       _init_destination          00451685 f   lib:jdatadst.obj
 0001:000506ab       _empty_output_buffer       004516ab f   lib:jdatadst.obj
 0001:000506ed       _term_destination          004516ed f   lib:jdatadst.obj
 0001:0005020c       _std_huff_tables           0045120c f   lib:jcparam.obj
 0001:00050266       _add_huff_table            00451266 f   lib:jcparam.obj
 0001:0004e764       _next_marker               0044f764 f   lib:jdmarker.obj
 0001:0004e89e       _get_interesting_appn      0044f89e f   lib:jdmarker.obj
 0001:0004e9c9       _examine_app0              0044f9c9 f   lib:jdmarker.obj
 0001:0004ebd7       _examine_app14             0044fbd7 f   lib:jdmarker.obj
 0001:0004ec98       _skip_variable             0044fc98 f   lib:jdmarker.obj
 0001:0004ed3b       _read_markers              0044fd3b f   lib:jdmarker.obj
 0001:0004ef43       _get_soi                   0044ff43 f   lib:jdmarker.obj
 0001:0004efee       _get_sof                   0044ffee f   lib:jdmarker.obj
 0001:0004f2f7       _get_sos                   004502f7 f   lib:jdmarker.obj
 0001:0004f5e5       _get_dht                   004505e5 f   lib:jdmarker.obj
 0001:0004f886       _get_dqt                   00450886 f   lib:jdmarker.obj
 0001:0004fae2       _get_dri                   00450ae2 f   lib:jdmarker.obj
 0001:0004fbc1       _first_marker              00450bc1 f   lib:jdmarker.obj
 0001:0004fc5d       _read_restart_marker       00450c5d f   lib:jdmarker.obj
 0001:0004fcdb       _reset_marker_reader       00450cdb f   lib:jdmarker.obj
 0001:0004e548       _output_pass_setup         0044f548 f   lib:jdapistd.obj
 0001:0004e23b       _default_decompress_parms  0044f23b f   lib:jdapimin.obj

 504 bytes saved through ICF

