 quake2

 Timestamp is 4298c7b7 (Sat May 28 23:34:15 2005)

 Preferred load address is 00400000

 Start         Length     Name                   Class
 0001:00000000 0005e6a0H .text                   CODE
 0002:00000000 0000027cH .idata$5                DATA
 0002:00000280 00005ab4H .rdata                  DATA
 0002:00005d38 00000044H .rdata$r                DATA
 0002:00005d80 00000038H .xdata$x                DATA
 0002:00005db8 00000078H .idata$2                DATA
 0002:00005e30 00000014H .idata$3                DATA
 0002:00005e44 0000027cH .idata$4                DATA
 0002:000060c0 00000808H .idata$6                DATA
 0002:000068c8 00000000H .edata                  DATA
 0003:00000000 00000004H .CRT$XCA                DATA
 0003:00000004 00000078H .CRT$XCU                DATA
 0003:0000007c 00000004H .CRT$XCZ                DATA
 0003:00000080 00000004H .CRT$XIA                DATA
 0003:00000084 00000004H .CRT$XIZ                DATA
 0003:00000090 0000cbccH .data                   DATA
 0003:0000cc60 002f5368H .bss                    DATA
 0004:00000000 00000130H .rsrc$01                DATA
 0004:00000130 00003f20H .rsrc$02                DATA

  Address         Publics by Value              Rva+Base     Lib:Object

 0001:00000000       ??3@YAXPAX@Z               00401000 f i CoreMain.obj
 0001:0000000b       ?appInit@@YAXXZ            0040100b f   CoreMain.obj
 0001:0000006e       ?appExit@@YAXXZ            0040106e f   CoreMain.obj
 0001:00000073       ?appLoadDebugSymbols@@YAXXZ 00401073 f   DbgSymbols.obj
 0001:00000276       ?appSymbolName@@YA_NIPADH@Z 00401276 f   DbgSymbols.obj
 0001:00000362       ?appSymbolName@@YAPBDI@Z   00401362 f   DbgSymbols.obj
 0001:00000394       ?appMalloc@@YAPAXIH@Z      00401394 f   Memory.obj
 0001:00000442       ?appFree@@YAXPAX@Z         00401442 f   Memory.obj
 0001:00000470       ?Unlink@FMemHeader@@QAEXXZ 00401470 f i Memory.obj
 0001:0000049b       ?Link@CMemoryChain@@AAEXXZ 0040149b f   Memory.obj
 0001:000004ba       ?Unlink@CMemoryChain@@AAEXXZ 004014ba f   Memory.obj
 0001:000004e5       ??2CMemoryChain@@SAPAXIH@Z 004014e5 f   Memory.obj
 0001:00000557       ??3CMemoryChain@@SAXPAX@Z  00401557 f   Memory.obj
 0001:0000058a       ?Alloc@CMemoryChain@@QAEPAXIH@Z 0040158a f   Memory.obj
 0001:000005f4       ?appInitMemory@@YAXXZ      004015f4 f   Memory.obj
 0001:00000b2d       ?Write@COutputDeviceNull@@UAEXPBD@Z 00401b2d f i OutputDevice.obj
 0001:00000b30       ?appWPrintf@@YAXPBDZZ      00401b30 f   OutputDevice.obj
 0001:00000b81       ?appFatalError@@YAXPBDZZ   00401b81 f   ErrorMgr.obj
 0001:00000bbb       ?appNonFatalError@@YAXPBDZZ 00401bbb f   ErrorMgr.obj
 0001:00000c19       ?appUnwindPrefix@@YAXPBD@Z 00401c19 f   ErrorMgr.obj
 0001:00000c70       ?appUnwindThrow@@YAXPBDZZ  00401c70 f   ErrorMgr.obj
 0001:00000cf7       ?Reset@CErrorHandler@@QAEXXZ 00401cf7 f   ErrorMgr.obj
 0001:00000d21       ?appInitError@@YAXXZ       00401d21 f   ErrorMgr.obj
 0001:00000ddf       ?appStricmp@@YAHPBD0@Z     00401ddf f   Strings.obj
 0001:00000e14       ?toLower@@YADD@Z           00401e14 f i Strings.obj
 0001:00000e2b       ?appStrcpy@@YAXPADPBD@Z    00401e2b f   Strings.obj
 0001:00000e3e       ?appStrncpylwr@@YAXPADPBDH@Z 00401e3e f   Strings.obj
 0001:00000e76       ?appStrncpyz@@YAXPADPBDH@Z 00401e76 f   Strings.obj
 0001:00000ea3       ?appStrcatn@@YAXPADHPBD@Z  00401ea3 f   Strings.obj
 0001:00000ece       ?appCopyFilename@@YAXPADPBDH@Z 00401ece f   Strings.obj
 0001:00000f6a       ?appCStrlen@@YAHPBD@Z      00401f6a f   Strings.obj
 0001:00000f8f       ?appUncolorizeString@@YAXPADPBD@Z 00401f8f f   Strings.obj
 0001:00000fbf       ?va@@YAPBDPBDZZ            00401fbf f   Strings.obj
 0001:0000105b       ?appSprintf@@YAHPADHPBDZZ  0040205b f   Strings.obj
 0001:000010a6       ?appMatchWildcard@@YA_NPBD0_N@Z 004020a6 f   Strings.obj
 0001:00001226       ?CopyString@@YAPADPBD@Z    00402226 f   Strings.obj
 0001:00001266       ?CopyString@@YAPADPBDPAVCMemoryChain@@@Z 00402266 f   Strings.obj
 0001:0000129a       ??2CStringItem@@SAPAXIPBD@Z 0040229a f   Strings.obj
 0001:000012e3       ??2CStringItem@@SAPAXIPBDPAVCMemoryChain@@@Z 004022e3 f   Strings.obj
 0001:00001320       ?Find@CStringList@@IAEPAVCStringItem@@PBDPAPAV2@@Z 00402320 f   Strings.obj
 0001:00001363       ?Find@CStringList@@IAEPAVCStringItem@@H@Z 00402363 f   Strings.obj
 0001:0000137c       ?IndexOf@CStringList@@QAEHPBD@Z 0040237c f   Strings.obj
 0001:000013a9       ?Remove@CStringList@@QAE_NPAVCStringItem@@@Z 004023a9 f   Strings.obj
 0001:000013d5       ?Free@CStringList@@QAEXXZ  004023d5 f   Strings.obj
 0001:000013ee       ?appMillisecondsf@@YANXZ   004023ee f   CoreWin32.obj
 0001:00001427       ?appMilliseconds@@YAIXZ    00402427 f   CoreWin32.obj
 0001:0000145c       ?cpuid@@YAXI@Z             0040245c f   CoreWin32.obj
 0001:0000147f       ?appInitPlatform@@YAXXZ    0040247f f   CoreWin32.obj
 0001:00001712       ?appShutdownPlatform@@YAXXZ 00402712 f   CoreWin32.obj
 0001:0000171b       ?osAddressInfo@@YA_NIPADHPAH@Z 0040271b f   DbgSymbolsWin32.obj
 0001:000017af       ?osModuleInfo@@YA_NIPADHPAH@Z 004027af f   DbgSymbolsWin32.obj
 0001:00001957       ?win32ExceptFilter@@YAHPAU_EXCEPTION_POINTERS@@@Z 00402957 f   ExceptFilterWin32.obj
 0001:00001e8d       ?win32ExceptFilter2@@YAHXZ 00402e8d f   ExceptFilterWin32.obj
 0001:00001e99       ?SCR_StopCinematic@@YAXXZ  00402e99 f   cl_cin.obj
 0001:00001f2d       ?SCR_DrawCinematic@@YA_NXZ 00402f2d f   cl_cin.obj
 0001:0000238e       ?SCR_PlayCinematic@@YAXPAD@Z 0040338e f   cl_cin.obj
 0001:000026fe       ?CL_Download_f@@YAX_NHPAPAD@Z 004036fe f   cl_download.obj
 0001:00002aaf       ?CL_ParseDownload@@YAXXZ   00403aaf f   cl_download.obj
 0001:000032bc       ?CL_Precache_f@@YAXHPAPAD@Z 004042bc f   cl_download.obj
 0001:0000331a       ?CL_ParseDelta@@YAXPAUentityState_t@@0HI_N@Z 0040431a f   cl_ents.obj
 0001:00003497       ?CL_ParsePacketEntities@@YAXPAUframe_t@@0@Z 00404497 f   cl_ents.obj
 0001:00003802       ?CL_FireEntityEvents@@YAXPAUframe_t@@@Z 00404802 f   cl_ents.obj
 0001:00003854       ?CL_ParseFrame@@YAXXZ      00404854 f   cl_ents.obj
 0001:00003b46       ?CL_AddEntityBox@@YAXPAUentityState_t@@I@Z 00404b46 f   cl_ents.obj
 0001:00003c7c       ?CL_OffsetThirdPersonView@@YAXXZ 00404c7c f   cl_ents.obj
 0001:00003d3d       ?CL_CalcViewValues@@YAXXZ  00404d3d f   cl_ents.obj
 0001:00004043       ?Lerp@@YAXABUCVec3@@0MAAU1@@Z 00405043 f i cl_ents.obj
 0001:0000407a       ?CL_AddEntities@@YAXXZ     0040507a f   cl_ents.obj
 0001:00004df7       ?CL_GetEntitySoundOrigin@@YAXHAAUCVec3@@@Z 00405df7 f   cl_ents.obj
 0001:00004e2f       ?CL_ClearLightStyles@@YAXXZ 00405e2f f   cl_fx.obj
 0001:00004eb1       ?CL_RunLightStyles@@YAXXZ  00405eb1 f   cl_fx.obj
 0001:00004f50       ?CL_SetLightstyle@@YAXHPBD@Z 00405f50 f   cl_fx.obj
 0001:00004fb1       ?CL_ClearDlights@@YAXXZ    00405fb1 f   cl_fx.obj
 0001:00004fc2       ?CL_AllocDlight@@YAPAUcdlight_t@@HABUCVec3@@@Z 00405fc2 f   cl_fx.obj
 0001:0000502b       ?CL_AddDLights@@YAXXZ      0040602b f   cl_fx.obj
 0001:0000508b       ?CL_ClearParticles@@YAXXZ  0040608b f   cl_fx.obj
 0001:000050f2       ?CL_AllocParticleTrace@@YAPAUparticleTrace_t@@ABUCVec3@@0MM@Z 004060f2 f   cl_fx.obj
 0001:00005192       ?CL_AllocParticleBeam@@YAPAUbeam_t@@ABUCVec3@@0MM@Z 00406192 f   cl_fx.obj
 0001:00005205       ?CL_AllocParticle@@YAPAUparticle_t@@XZ 00406205 f   cl_fx.obj
 0001:00005253       ?CL_UpdateParticles@@YAXXZ 00406253 f   cl_fx.obj
 0001:00005844       ?CL_MetalSparks@@YAXABUCVec3@@0H@Z 00406844 f   cl_fx.obj
 0001:00005931       ?CL_ParseMuzzleFlash@@YAXXZ 00406931 f   cl_fx.obj
 0001:00005cc5       ?CL_ParseMuzzleFlash2@@YAXXZ 00406cc5 f   cl_fx.obj
 0001:00006302       ?CL_ParticleEffect@@YAXABUCVec3@@0HH@Z 00407302 f   cl_fx.obj
 0001:000063d1       ?CL_ParticleEffect2@@YAXABUCVec3@@0HH@Z 004073d1 f   cl_fx.obj
 0001:0000649c       ?CL_ParticleEffect3@@YAXABUCVec3@@0HH@Z 0040749c f   cl_fx.obj
 0001:0000656c       ?CL_TeleporterParticles@@YAXPAUentityState_t@@@Z 0040756c f   cl_fx.obj
 0001:00006623       ?CL_LogoutEffect@@YAXABUCVec3@@H@Z 00407623 f   cl_fx.obj
 0001:0000670e       ?CL_ItemRespawnParticles@@YAXABUCVec3@@@Z 0040770e f   cl_fx.obj
 0001:000067bd       ?CL_ExplosionParticles@@YAXABUCVec3@@@Z 004077bd f   cl_fx.obj
 0001:00006867       ?CL_BigTeleportParticles@@YAXABUCVec3@@@Z 00407867 f   cl_fx.obj
 0001:000069be       ?CL_BlasterParticles@@YAXABUCVec3@@0@Z 004079be f   cl_fx.obj
 0001:00006a8a       ?CL_BlasterTrail@@YAXABUCVec3@@0@Z 00407a8a f   cl_fx.obj
 0001:00006b96       ?CL_FlagTrail@@YAXABUCVec3@@0H@Z 00407b96 f   cl_fx.obj
 0001:00006cae       ?CL_DiminishingTrail@@YAXABUCVec3@@0PAUcentity_t@@H@Z 00407cae f   cl_fx.obj
 0001:00006f1e       ?CL_RocketTrail@@YAXABUCVec3@@0PAUcentity_t@@@Z 00407f1e f   cl_fx.obj
 0001:00007046       ?CL_RailTrail@@YAXABUCVec3@@0@Z 00408046 f   cl_fx.obj
 0001:00007288       ?CL_RailTrailExt@@YAXABUCVec3@@0EE@Z 00408288 f   cl_fx.obj
 0001:0000738c       ?CL_IonripperTrail@@YAXABUCVec3@@0@Z 0040838c f   cl_fx.obj
 0001:000074b8       ?CL_BubbleTrail@@YAXABUCVec3@@0@Z 004084b8 f   cl_fx.obj
 0001:000075cd       ?CL_FlyParticles@@YAXABUCVec3@@H@Z 004085cd f   cl_fx.obj
 0001:00007767       ?CL_FlyEffect@@YAXPAUcentity_t@@ABUCVec3@@@Z 00408767 f   cl_fx.obj
 0001:000077cf       ?CL_BfgParticles@@YAXPAUentity_t@@@Z 004087cf f   cl_fx.obj
 0001:000079ae       ?CL_TrapParticles@@YAXPAUentity_t@@@Z 004089ae f   cl_fx.obj
 0001:00007c4c       ?CL_BFGExplosionParticles@@YAXABUCVec3@@@Z 00408c4c f   cl_fx.obj
 0001:00007cf6       ?CL_TeleportParticles@@YAXABUCVec3@@@Z 00408cf6 f   cl_fx.obj
 0001:00007e31       ?CL_EntityEvent@@YAXPAUentityState_t@@@Z 00408e31 f   cl_fx.obj
 0001:0000800b       ?CL_ClearEffects@@YAXXZ    0040900b f   cl_fx.obj
 0001:0000801a       ?IN_CenterView@@YAXXZ      0040901a f   cl_input.obj
 0001:0000803b       ?CL_InitInput@@YAXXZ       0040903b f   cl_input.obj
 0001:000085d7       ?CL_SendCmd@@YAXXZ         004095d7 f   cl_input.obj
 0001:00008cd7       ?CL_WriteDemoMessage@@YAXXZ 00409cd7 f   cl_main.obj
 0001:00008d19       ?Cmd_ForwardToServer@@YAXHPAPAD@Z 00409d19 f   cl_main.obj
 0001:00008ddc       ?CL_ForwardToServer_f@@YAXHPAPAD@Z 00409ddc f   cl_main.obj
 0001:00008e24       ?CL_Pause@@YAX_N@Z         00409e24 f   cl_main.obj
 0001:00008e66       ?CL_Quit_f@@YAXXZ          00409e66 f   cl_main.obj
 0001:00008e70       ?CL_Drop@@YAX_N@Z          00409e70 f   cl_main.obj
 0001:00008e97       ?CL_SendConnectPacket@@YAXXZ 00409e97 f   cl_main.obj
 0001:00008f6e       ?CL_CheckForResend@@YAXXZ  00409f6e f   cl_main.obj
 0001:00009073       ?CL_Connect_f@@YAX_NHPAPAD@Z 0040a073 f   cl_main.obj
 0001:000090f6       ?CL_Rcon_f@@YAXHPAPAD@Z    0040a0f6 f   cl_main.obj
 0001:000091fe       ?CL_Disconnect@@YAXXZ      0040a1fe f   cl_main.obj
 0001:000093a5       ?CL_Disconnect_f@@YAXXZ    0040a3a5 f   cl_main.obj
 0001:000093af       ?CL_Changing_f@@YAXXZ      0040a3af f   cl_main.obj
 0001:000093d3       ?CL_Reconnect_f@@YAXXZ     0040a3d3 f   cl_main.obj
 0001:0000946f       ?CL_PingServers_f@@YAXXZ   0040a46f f   cl_main.obj
 0001:000095da       ?CL_Skins_f@@YAXXZ         0040a5da f   cl_main.obj
 0001:000098c5       ?CL_ConnectionlessPacket@@YAXXZ 0040a8c5 f   cl_main.obj
 0001:000099c5       ?CL_ReadPackets@@YAXXZ     0040a9c5 f   cl_main.obj
 0001:00009b08       ?CL_FixUpGender@@YAXXZ     0040ab08 f   cl_main.obj
 0001:00009bba       ?CL_Userinfo_f@@YAXXZ      0040abba f   cl_main.obj
 0001:00009bd2       ?CL_RegisterSounds@@YAXXZ  0040abd2 f   cl_main.obj
 0001:00009c11       ?CL_Snd_Restart_f@@YAXXZ   0040ac11 f   cl_main.obj
 0001:00009c20       ?CL_WriteConfiguration@@YAXPBD@Z 0040ac20 f   cl_main.obj
 0001:00009cdb       ?CL_WriteConfig_f@@YAX_NHPAPAD@Z 0040acdb f   cl_main.obj
 0001:00009d3a       ?CL_FixCvarCheats@@YAXXZ   0040ad3a f   cl_main.obj
 0001:00009d94       ?CL_Frame@@YAXMM@Z         0040ad94 f   cl_main.obj
 0001:00009f9a       ?CL_ClearState@@YAXXZ      0040af9a f   cl_main.obj
 0001:00009fd3       ?CL_Init@@YAXXZ            0040afd3 f   cl_main.obj
 0001:0000a4aa       ?CL_Shutdown@@YAX_N@Z      0040b4aa f   cl_main.obj
 0001:0000a4ff       ?CL_Flashlight@@YAXHABUCVec3@@@Z 0040b4ff f   cl_newfx.obj
 0001:0000a539       ?CL_ColorFlash@@YAXABUCVec3@@HHMMM@Z 0040b539 f   cl_newfx.obj
 0001:0000a575       ?CL_DebugTrail@@YAXABUCVec3@@0@Z 0040b575 f   cl_newfx.obj
 0001:0000a66b       ?CL_ForceWall@@YAXABUCVec3@@0H@Z 0040b66b f   cl_newfx.obj
 0001:0000a7ab       ?CL_BubbleTrail2@@YAXABUCVec3@@0H@Z 0040b7ab f   cl_newfx.obj
 0001:0000a8d7       ?CL_Heatbeam@@YAXABUCVec3@@0@Z 0040b8d7 f   cl_newfx.obj
 0001:0000ab65       ?CL_ParticleSteamEffect@@YAXABUCVec3@@0HHH@Z 0040bb65 f   cl_newfx.obj
 0001:0000ac99       ?CL_ParticleSteamEffect2@@YAXPAUcl_sustain_t@@@Z 0040bc99 f   cl_newfx.obj
 0001:0000adda       ?CL_TrackerTrail@@YAXABUCVec3@@0H@Z 0040bdda f   cl_newfx.obj
 0001:0000af27       ?CL_Tracker_Shell@@YAXABUCVec3@@@Z 0040bf27 f   cl_newfx.obj
 0001:0000afac       ?CL_MonsterPlasma_Shell@@YAXABUCVec3@@@Z 0040bfac f   cl_newfx.obj
 0001:0000b02e       ?CL_Widowbeamout@@YAXPAUcl_sustain_t@@@Z 0040c02e f   cl_newfx.obj
 0001:0000b0e2       ?CL_Nukeblast@@YAXPAUcl_sustain_t@@@Z 0040c0e2 f   cl_newfx.obj
 0001:0000b196       ?CL_WidowSplash@@YAXABUCVec3@@@Z 0040c196 f   cl_newfx.obj
 0001:0000b260       ?CL_TagTrail@@YAXABUCVec3@@0H@Z 0040c260 f   cl_newfx.obj
 0001:0000b378       ?CL_ColorExplosionParticles@@YAXABUCVec3@@HH@Z 0040c378 f   cl_newfx.obj
 0001:0000b425       ?CL_ParticleSmokeEffect@@YAXABUCVec3@@0HHH@Z 0040c425 f   cl_newfx.obj
 0001:0000b557       ?CL_BlasterParticles2@@YAXABUCVec3@@0I@Z 0040c557 f   cl_newfx.obj
 0001:0000b624       ?CL_BlasterTrail2@@YAXABUCVec3@@0@Z 0040c624 f   cl_newfx.obj
 0001:0000b730       ?CL_LoadClientinfo@@YAXPAUclientinfo_t@@PAD@Z 0040c730 f   cl_parse.obj
 0001:0000ba0a       ?CL_ParseClientinfo@@YAXH@Z 0040ca0a f   cl_parse.obj
 0001:0000ba2e       ?CL_ParseServerMessage@@YAXXZ 0040ca2e f   cl_parse.obj
 0001:0000c1e5       ?CL_CheckPredictionError@@YAXXZ 0040d1e5 f   cl_pred.obj
 0001:0000c37b       ?CL_EntityTrace@@YAXAAUtrace_t@@ABUCVec3@@111H@Z 0040d37b f   cl_pred.obj
 0001:0000c713       ?CL_Trace@@YAXAAUtrace_t@@ABUCVec3@@111H@Z 0040d713 f   cl_pred.obj
 0001:0000c795       ?CL_PMpointcontents@@YAHABUCVec3@@@Z 0040d795 f   cl_pred.obj
 0001:0000c921       ?CL_PredictMovement@@YAXXZ 0040d921 f   cl_pred.obj
 0001:0000ccc3       ?DrawString@@YAXHHPBD@Z    0040dcc3 f   cl_scrn.obj
 0001:0000cd07       ?SCR_DebugGraph@@YAXMH@Z   0040dd07 f   cl_scrn.obj
 0001:0000cd2f       ?SCR_CenterPrint@@YAXPAD@Z 0040dd2f f   cl_scrn.obj
 0001:0000ce33       ?Key_Message@@YAXH@Z       0040de33 f   cl_scrn.obj
 0001:0000cecf       ?SCR_SetLevelshot@@YAXPBD@Z 0040decf f   cl_scrn.obj
 0001:0000cfc2       ?SCR_BeginLoadingPlaque@@YAXXZ 0040dfc2 f   cl_scrn.obj
 0001:0000d047       ?SCR_EndLoadingPlaque@@YAX_N@Z 0040e047 f   cl_scrn.obj
 0001:0000d0cc       ?SCR_ShowConsole@@YAX_N0@Z 0040e0cc f   cl_scrn.obj
 0001:0000d1a3       ?SCR_ToggleConsole@@YAXXZ  0040e1a3 f   cl_scrn.obj
 0001:0000d1cb       ?SCR_TouchPics@@YAXXZ      0040e1cb f   cl_scrn.obj
 0001:0000d22a       ?SCR_UpdateScreen@@YAXXZ   0040e22a f   cl_scrn.obj
 0001:0000e4a5       ?SCR_Init@@YAXXZ           0040f4a5 f   cl_scrn.obj
 0001:0000e7ef       ?CL_RegisterTEntSounds@@YAXXZ 0040f7ef f   cl_tent.obj
 0001:0000ea34       ?CL_RegisterTEntModels@@YAXXZ 0040fa34 f   cl_tent.obj
 0001:0000eb72       ?CL_ClearTEnts@@YAXXZ      0040fb72 f   cl_tent.obj
 0001:0000eba6       ?CL_AllocExplosion@@YAPAUexplosion_t@@ABUCVec3@@W4exptype_t@@@Z 0040fba6 f   cl_tent.obj
 0001:0000ec43       ?CL_AddExplosions@@YAXXZ   0040fc43 f   cl_tent.obj
 0001:0000eddd       ?CL_SmokeAndFlash@@YAXABUCVec3@@@Z 0040fddd f   cl_tent.obj
 0001:0000ee25       ?CL_ParseBeam@@YAHPAVCRenderModel@@@Z 0040fe25 f   cl_tent.obj
 0001:0000eef1       ?CL_ParseBeam2@@YAHPAVCRenderModel@@@Z 0040fef1 f   cl_tent.obj
 0001:0000efc8       ?CL_ParsePlayerBeam@@YAHPAVCRenderModel@@@Z 0040ffc8 f   cl_tent.obj
 0001:0000f0d3       ?CL_ParseLightning@@YAHPAVCRenderModel@@@Z 004100d3 f   cl_tent.obj
 0001:0000f195       ?CL_ParseLaser@@YAXI@Z     00410195 f   cl_tent.obj
 0001:0000f211       ?CL_ParseSteam@@YAXXZ      00410211 f   cl_tent.obj
 0001:0000f322       ?CL_ParseWidow@@YAXXZ      00410322 f   cl_tent.obj
 0001:0000f38e       ?CL_ParseNuke@@YAXXZ       0041038e f   cl_tent.obj
 0001:0000f3f8       ?CL_ParseTEnt@@YAXXZ       004103f8 f   cl_tent.obj
 0001:0001020b       ?CL_AddBeams@@YAXXZ        0041120b f   cl_tent.obj
 0001:00010546       ?CL_AddPlayerBeams@@YAXXZ  00411546 f   cl_tent.obj
 0001:00010c66       ?CL_ProcessSustain@@YAXXZ  00411c66 f   cl_tent.obj
 0001:00010ca7       ?CL_AddTEnts@@YAXXZ        00411ca7 f   cl_tent.obj
 0001:00010cbb       ?V_AddEntity@@YAXPAUentity_t@@@Z 00411cbb f   cl_view.obj
 0001:00010cea       ?V_AddLight@@YAXABUCVec3@@MMMM@Z 00411cea f   cl_view.obj
 0001:00010d2f       ?V_TestParticles@@YAXXZ    00411d2f f   cl_view.obj
 0001:00010df8       ?V_TestEntities@@YAXXZ     00411df8 f   cl_view.obj
 0001:00010f28       ?V_TestLights@@YAXXZ       00411f28 f   cl_view.obj
 0001:00010ffe       ?CL_PrepRefresh@@YAXXZ     00411ffe f   cl_view.obj
 0001:000112be       ?CalcFov@@YAMMMM@Z         004122be f   cl_view.obj
 0001:0001132c       ?V_RenderView@@YA_NXZ      0041232c f   cl_view.obj
 0001:00011f8d       ?V_Init@@YAXXZ             00412f8d f   cl_view.obj
 0001:0001203c       ?Con_ClearNotify@@YAXXZ    0041303c f   console.obj
 0001:0001204b       ?Con_CheckResize@@YAXXZ    0041304b f   console.obj
 0001:00012172       ?Con_Print@@YAXPBD@Z       00413172 f   console.obj
 0001:0001246a       ?Con_DrawNotify@@YAX_N@Z   0041346a f   console.obj
 0001:00012582       ?Con_DrawConsole@@YAXM@Z   00413582 f   console.obj
 0001:00012955       ?Con_ClearTyping@@YAXXZ    00413955 f   console.obj
 0001:0001296e       ?Key_Console@@YAXHH@Z      0041396e f   console.obj
 0001:00012db6       ?Con_Init@@YAXXZ           00413db6 f   console.obj
 0001:00012f32       ?Key_KeynumToString@@YAPBDH@Z 00413f32 f   keys.obj
 0001:00012ff2       ?Draw@completeMenu_t@@UAEXXZ 00413ff2 f i keys.obj
 0001:00013023       ?KeyDown@completeMenu_t@@UAEPBDH@Z 00414023 f i keys.obj
 0001:0001304c       ?Init@completeMenu_t@@UAE_NXZ 0041404c f i keys.obj
 0001:00013173       ?CompleteMenuCallback@completeMenu_t@@SAXPAX@Z 00414173 f i keys.obj
 0001:00013201       ?CompleteCommand@@YAXXZ    00414201 f   keys.obj
 0001:00013936       ?Key_SetBinding@@YAXHPBD@Z 00414936 f   keys.obj
 0001:00013974       ?Key_FindBinding@@YAHPBDPAHH@Z 00414974 f   keys.obj
 0001:000139c2       ?Key_WriteBindings@@YAXPAU_iobuf@@@Z 004149c2 f   keys.obj
 0001:00013a0a       ?Key_Init@@YAXXZ           00414a0a f   keys.obj
 0001:00013cee       ?Key_Event@@YAXH_N@Z       00414cee f   keys.obj
 0001:00014047       ?Key_ClearStates@@YAXXZ    00415047 f   keys.obj
 0001:0001407c       ?M_ForceMenuOn@@YAXXZ      0041507c f   menu.obj
 0001:0001409b       ?Draw@menuMain_t@@UAEXXZ   0041509b f i menu.obj
 0001:000141fe       ?KeyDown@menuMain_t@@UAEPBDH@Z 004151fe f i menu.obj
 0001:000142ba       ?Init@menuMain_t@@UAE_NXZ  004152ba f i menu.obj
 0001:000142c2       ?M_Menu_Main_f@@YAXXZ      004152c2 f   menu.obj
 0001:000142dc       ?Init@multiplayerMenu_t@@UAE_NXZ 004152dc f i menu.obj
 0001:00014400       ?Init@keysMenu_t@@UAE_NXZ  00415400 f i menu.obj
 0001:000145e5       ?KeyCursorDrawFunc@keysMenu_t@@SAXPAUmenuFramework_t@@@Z 004155e5 f i menu.obj
 0001:00014625       ?DrawKeyBindingFunc@keysMenu_t@@SAXPAX@Z 00415625 f i menu.obj
 0001:000146ec       ?KeyDown@keysMenu_t@@UAEPBDH@Z 004156ec f i menu.obj
 0001:00014799       ?UnbindCommand@keysMenu_t@@QAEXPAD@Z 00415799 f i menu.obj
 0001:000147de       ?KeyBindingFunc@keysMenu_t@@QAEXPAX@Z 004157de f i menu.obj
 0001:0001483d       ?Init@optionsMenu_t@@UAE_NXZ 0041583d f i menu.obj
 0001:00014c9b       ?CrosshairFunc@optionsMenu_t@@SAXPAX@Z 00415c9b f i menu.obj
 0001:00014cc3       ?JoystickFunc@optionsMenu_t@@SAXPAX@Z 00415cc3 f i menu.obj
 0001:00014cd8       ?AlwaysRunFunc@optionsMenu_t@@SAXPAX@Z 00415cd8 f i menu.obj
 0001:00014ced       ?FreeLookFunc@optionsMenu_t@@SAXPAX@Z 00415ced f i menu.obj
 0001:00014d02       ?MouseSpeedFunc@optionsMenu_t@@SAXPAX@Z 00415d02 f i menu.obj
 0001:00014d1f       ?InvertMouseFunc@optionsMenu_t@@SAXPAX@Z 00415d1f f i menu.obj
 0001:00014d3a       ?LookspringFunc@optionsMenu_t@@SAXPAX@Z 00415d3a f i menu.obj
 0001:00014d56       ?LookstrafeFunc@optionsMenu_t@@SAXPAX@Z 00415d56 f i menu.obj
 0001:00014d72       ?UpdateVolumeFunc@optionsMenu_t@@SAXPAX@Z 00415d72 f i menu.obj
 0001:00014d8f       ?UpdateCDVolumeFunc@optionsMenu_t@@SAXPAX@Z 00415d8f f i menu.obj
 0001:00014da9       ?SetMenuItemValues@optionsMenu_t@@SAXXZ 00415da9 f i menu.obj
 0001:00014f87       ?ResetDefaultsFunc@optionsMenu_t@@SAXPAX@Z 00415f87 f i menu.obj
 0001:00014f9c       ?UpdateSoundFunc@optionsMenu_t@@SAXPAX@Z 00415f9c f i menu.obj
 0001:0001519f       ?ScanCrosshairs@optionsMenu_t@@SAXXZ 0041619f f i menu.obj
 0001:000151fc       ?Draw@optionsMenu_t@@UAEXXZ 004161fc f i menu.obj
 0001:00015261       ?Draw@creditsMenu_t@@UAEXXZ 00416261 f i menu.obj
 0001:00015308       ?KeyDown@creditsMenu_t@@UAEPBDH@Z 00416308 f i menu.obj
 0001:00015343       ?Init@creditsMenu_t@@UAE_NXZ 00416343 f i menu.obj
 0001:0001540b       ?Init@gameMenu_t@@UAE_NXZ  0041640b f i menu.obj
 0001:00015596       ?EasyGameFunc@gameMenu_t@@SAXPAX@Z 00416596 f i menu.obj
 0001:000155a2       ?StartGame@gameMenu_t@@SAXPBD@Z 004165a2 f i menu.obj
 0001:000155f5       ?MediumGameFunc@gameMenu_t@@SAXPAX@Z 004165f5 f i menu.obj
 0001:00015601       ?HardGameFunc@gameMenu_t@@SAXPAX@Z 00416601 f i menu.obj
 0001:0001561d       ?Init@savegameMenu_t@@UAE_NXZ 0041661d f i menu.obj
 0001:0001572d       ?Create_Savestrings@savegameMenu_t@@QAEXXZ 0041672d f i menu.obj
 0001:000157e8       ?LoadGameCallback@savegameMenu_t@@SAXPAX@Z 004167e8 f i menu.obj
 0001:00015811       ?SaveGameCallback@savegameMenu_t@@SAXPAX@Z 00416811 f i menu.obj
 0001:00015830       ?Draw@savegameMenu_t@@UAEXXZ 00416830 f i menu.obj
 0001:0001584b       ?DrawSavegameShot@savegameMenu_t@@QAEXHH@Z 0041684b f i menu.obj
 0001:00015930       ?Init@joinserverMenu_t@@UAE_NXZ 00416930 f i menu.obj
 0001:00015a59       ?JoinServerFunc@joinserverMenu_t@@SAXPAX@Z 00416a59 f i menu.obj
 0001:00015abb       ?SearchLocalGames@joinserverMenu_t@@SAXXZ 00416abb f i menu.obj
 0001:00015b26       ?M_AddToServerList@@YAXUnetadr_t@@PAD@Z 00416b26 f   menu.obj
 0001:00015ba9       ?Init@startserverMenu_t@@UAE_NXZ 00416ba9 f i menu.obj
 0001:0001604b       ?DMOptionsFunc@startserverMenu_t@@SAXPAX@Z 0041704b f i menu.obj
 0001:0001605b       ?RulesChangeFunc@startserverMenu_t@@SAXPAX@Z 0041705b f i menu.obj
 0001:000160d5       ?StartServerActionFunc@startserverMenu_t@@SAXPAX@Z 004170d5 f i menu.obj
 0001:00016100       ?StartServerFunc@startserverMenu_t@@SAXPAD@Z 00417100 f i menu.obj
 0001:00016337       ?KeyDown@startserverMenu_t@@UAEPBDH@Z 00417337 f i menu.obj
 0001:00016394       ?Init@dmoptionsMenu_t@@UAE_NXZ 00417394 f i menu.obj
 0001:00016973       ?DMFlagCallback@dmoptionsMenu_t@@SAXPAX@Z 00417973 f i menu.obj
 0001:00016b4e       ?Init@downloadOptionsMenu_t@@UAE_NXZ 00417b4e f i menu.obj
 0001:00016d19       ?DownloadCallback@downloadOptionsMenu_t@@SAXPAX@Z 00417d19 f i menu.obj
 0001:00016d84       ?Init@addressBookMenu_t@@UAE_NXZ 00417d84 f i menu.obj
 0001:00016e2c       ?KeyDown@addressBookMenu_t@@UAEPBDH@Z 00417e2c f i menu.obj
 0001:00016e89       ?Init@playerConfigMenu_t@@UAE_NXZ 00417e89 f i menu.obj
 0001:000173e0       ?HandednessCallback@playerConfigMenu_t@@SAXPAX@Z 004183e0 f i menu.obj
 0001:000173f5       ?RTypeCallback@playerConfigMenu_t@@SAXPAX@Z 004183f5 f i menu.obj
 0001:0001740a       ?RColorCallback@playerConfigMenu_t@@SAXPAX@Z 0041840a f i menu.obj
 0001:0001741f       ?RateCallback@playerConfigMenu_t@@SAXPAX@Z 0041841f f i menu.obj
 0001:00017442       ?ModelCallback@playerConfigMenu_t@@SAXPAX@Z 00418442 f i menu.obj
 0001:0001746f       ?ScanDirectories@playerConfigMenu_t@@SA_NXZ 0041846f f i menu.obj
 0001:000175e9       ?IsValidSkin@playerConfigMenu_t@@SA_NPADPAVCStringItem@@@Z 004185e9 f i menu.obj
 0001:000176a4       ?Draw@playerConfigMenu_t@@UAEXXZ 004186a4 f i menu.obj
 0001:00017950       ?KeyDown@playerConfigMenu_t@@UAEPBDH@Z 00418950 f i menu.obj
 0001:00017a42       ?Init@dmbrowseMenu_t@@UAE_NXZ 00418a42 f i menu.obj
 0001:00017c48       ?KeyDown@dmbrowseMenu_t@@UAEPBDH@Z 00418c48 f i menu.obj
 0001:00017e0c       ?Draw@dmbrowseMenu_t@@UAEXXZ 00418e0c f i menu.obj
 0001:00017f51       ?DrawThumbnail@dmbrowseMenu_t@@SAXHHHHPAD_N@Z 00418f51 f i menu.obj
 0001:00018038       ?Init@videoMenu_t@@UAE_NXZ 00419038 f i menu.obj
 0001:000185f1       ?ScreenSizeCallback@videoMenu_t@@SAXPAX@Z 004195f1 f i menu.obj
 0001:0001860f       ?BrightnessCallback@videoMenu_t@@SAXPAX@Z 0041960f f i menu.obj
 0001:0001862d       ?ContrastCallback@videoMenu_t@@SAXPAX@Z 0041962d f i menu.obj
 0001:00018666       ?CancelChanges@videoMenu_t@@SAXPAX@Z 00419666 f i menu.obj
 0001:00018687       ?KeyDown@videoMenu_t@@UAEPBDH@Z 00419687 f i menu.obj
 0001:000186ce       ?ApplyChanges@videoMenu_t@@SAXPAX@Z 004196ce f i menu.obj
 0001:00018885       ?KeyDown@quitMenu_t@@UAEPBDH@Z 00419885 f i menu.obj
 0001:000188bd       ?Draw@quitMenu_t@@UAEXXZ   004198bd f i menu.obj
 0001:0001892d       ?attach@@YAXABUentity_t@@AAU1@PBD@Z 0041992d f   menu.obj
 0001:00018995       ?KeyDown@testMenu_t@@UAEPBDH@Z 00419995 f i menu.obj
 0001:000189a6       ?Draw@testMenu_t@@UAEXXZ   004199a6 f i menu.obj
 0001:00018c46       ?M_Init@@YAXXZ             00419c46 f   menu.obj
 0001:00018e42       ?Insert@?$TList@VplayerModelInfo_t@@@@QAE_NPAVplayerModelInfo_t@@@Z 00419e42 f i menu.obj
 0001:00018e42       ?Insert@?$TList@VCStringItem@@@@QAE_NPAVCStringItem@@@Z 00419e42 f i menu.obj
 0001:00018e78       ?ItemAtCursor@menuFramework_t@@QAEPAUmenuCommon_t@@XZ 00419e78 f   qmenu.obj
 0001:00018ecc       ?AddItem@menuFramework_t@@QAEXPAUmenuCommon_t@@@Z 00419ecc f   qmenu.obj
 0001:00018f88       ?AdjustCursor@menuFramework_t@@QAEXH@Z 00419f88 f   qmenu.obj
 0001:000190f7       ?Center@menuFramework_t@@QAEXXZ 0041a0f7 f   qmenu.obj
 0001:00019138       ?Draw@menuFramework_t@@UAEXXZ 0041a138 f   qmenu.obj
 0001:000196f0       ?SelectItem@menuFramework_t@@QAE_NXZ 0041a6f0 f   qmenu.obj
 0001:0001974e       ?SetStatusBar@menuFramework_t@@QAEXPBD@Z 0041a74e f   qmenu.obj
 0001:00019758       ?SlideItem@menuFramework_t@@QAEXH@Z 0041a758 f   qmenu.obj
 0001:00019cd5       ?Push@menuFramework_t@@QAEXXZ 0041acd5 f   qmenu.obj
 0001:00019d5d       ?M_ForceMenuOff@@YAXXZ     0041ad5d f   qmenu.obj
 0001:00019d80       ?Pop@menuFramework_t@@QAEXXZ 0041ad80 f   qmenu.obj
 0001:00019dba       ?KeyDown@menuFramework_t@@UAEPBDH@Z 0041adba f   qmenu.obj
 0001:0001a02e       ?Init@menuFramework_t@@UAE_NXZ 0041b02e f   qmenu.obj
 0001:0001a031       ?M_Draw@@YAXXZ             0041b031 f   qmenu.obj
 0001:0001a06c       ?M_Keydown@@YAXH@Z         0041b06c f   qmenu.obj
 0001:0001a08b       ?InitRendererVars@@YAXXZ   0041b08b f   ref_vars.obj
 0001:0001a0aa       ?S_SoundInfo_f@@YAXXZ      0041b0aa f   snd_dma.obj
 0001:0001a134       ?S_ReadModelsSex@@YAXXZ    0041b134 f   snd_dma.obj
 0001:0001a219       ?S_IsFemale@@YA_NPBD@Z     0041b219 f   snd_dma.obj
 0001:0001a26d       ?S_Init@@YAXXZ             0041b26d f   snd_dma.obj
 0001:0001a343       ?S_Shutdown@@YAXXZ         0041b343 f   snd_dma.obj
 0001:0001a3d6       ?S_BeginRegistration@@YAXXZ 0041b3d6 f   snd_dma.obj
 0001:0001a3e4       ?S_RegisterSound@@YAPAUsfx_t@@PBD@Z 0041b3e4 f   snd_dma.obj
 0001:0001a57d       ?S_EndRegistration@@YAXXZ  0041b57d f   snd_dma.obj
 0001:0001a615       ?S_PickChannel@@YAPAUchannel_t@@HH@Z 0041b615 f   snd_dma.obj
 0001:0001a6a2       ?S_Spatialize@@YAXPAUchannel_t@@@Z 0041b6a2 f   snd_dma.obj
 0001:0001a839       ?S_AllocPlaysound@@YAPAUplaysound_t@@XZ 0041b839 f   snd_dma.obj
 0001:0001a85b       ?S_FreePlaysound@@YAXPAUplaysound_t@@@Z 0041b85b f   snd_dma.obj
 0001:0001a88b       ?S_IssuePlaysound@@YAXPAUplaysound_t@@@Z 0041b88b f   snd_dma.obj
 0001:0001a958       ?S_StartSound@@YAXPBUCVec3@@HHPAUsfx_t@@MMM@Z 0041b958 f   snd_dma.obj
 0001:0001acce       ?S_StartLocalSound@@YAXPBD@Z 0041bcce f   snd_dma.obj
 0001:0001ad1d       ?S_ClearBuffer@@YAXXZ      0041bd1d f   snd_dma.obj
 0001:0001ad86       ?S_StopAllSounds_f@@YAXXZ  0041bd86 f   snd_dma.obj
 0001:0001adf6       ?S_AddLoopSounds@@YAXXZ    0041bdf6 f   snd_dma.obj
 0001:0001afcc       ?S_RawSamples@@YAXHHHHPAE@Z 0041bfcc f   snd_dma.obj
 0001:0001b1d0       ?S_Update@@YAXABUCVec3@@000@Z 0041c1d0 f   snd_dma.obj
 0001:0001b2c9       ?GetSoundtime@@YAXXZ       0041c2c9 f   snd_dma.obj
 0001:0001b330       ?S_Update_@@YAXXZ          0041c330 f   snd_dma.obj
 0001:0001b5e3       ?ResampleSfx@@YAXPAUsfx_t@@HHPAE@Z 0041c5e3 f   snd_mem.obj
 0001:0001b6fe       ?S_LoadSound@@YAPAUsfxcache_t@@PAUsfx_t@@@Z 0041c6fe f   snd_mem.obj
 0001:0001b836       ?GetWavinfo@@YA?AUwavinfo_t@@PADPAEH@Z 0041c836 f   snd_mem.obj
 0001:0001ba78       ?S_WriteLinearBlastStereo16@@YAXXZ 0041ca78 f   snd_mix.obj
 0001:0001baec       ?S_TransferStereo16@@YAXPAKH@Z 0041caec f   snd_mix.obj
 0001:0001bb55       ?S_TransferPaintBuffer@@YAXH@Z 0041cb55 f   snd_mix.obj
 0001:0001bcb9       ?S_PaintChannels@@YAXH@Z   0041ccb9 f   snd_mix.obj
 0001:0001bf55       ?S_InitScaletable@@YAXXZ   0041cf55 f   snd_mix.obj
 0001:0001c116       ?SV_WipeSavegame@@YAXPAD@Z 0041d116 f   sv_ccmds.obj
 0001:0001c144       ?SV_CopySaveGame@@YAXPAD0@Z 0041d144 f   sv_ccmds.obj
 0001:0001c199       ?SV_WriteLevelFile@@YAXXZ  0041d199 f   sv_ccmds.obj
 0001:0001c247       ?SV_ReadLevelFile@@YAXXZ   0041d247 f   sv_ccmds.obj
 0001:0001c2f5       ?SV_WriteServerFile@@YAX_NPAD@Z 0041d2f5 f   sv_ccmds.obj
 0001:0001c531       ?SV_ReadServerFile@@YAXXZ  0041d531 f   sv_ccmds.obj
 0001:0001c656       ?SV_AddressBanned@@YA_NPAUnetadr_t@@@Z 0041d656 f   sv_ccmds.obj
 0001:0001c697       ?SV_InitOperatorCommands@@YAXXZ 0041d697 f   sv_ccmds.obj
 0001:0001d695       ?SV_WriteFrameToClient@@YAXPAUclient_t@@PAVsizebuf_t@@@Z 0041e695 f   sv_ents.obj
 0001:0001d881       ?SV_BuildClientFrame@@YAXPAUclient_t@@@Z 0041e881 f   sv_ents.obj
 0001:0001dc79       ?SV_RecordDemoMessage@@YAXXZ 0041ec79 f   sv_ents.obj
 0001:0001e79f       ?SV_InitGameLibrary@@YAX_N@Z 0041f79f f   sv_game.obj
 0001:0001e8e5       ?SV_ShutdownGameLibrary@@YAXXZ 0041f8e5 f   sv_game.obj
 0001:0001ea42       ?SV_FindIndex@@YAHPADHH_N@Z 0041fa42 f   sv_init.obj
 0001:0001eb4f       ?SV_ModelIndex@@YAHPAD@Z   0041fb4f f   sv_init.obj
 0001:0001eb65       ?SV_SoundIndex@@YAHPAD@Z   0041fb65 f   sv_init.obj
 0001:0001eb7e       ?SV_ImageIndex@@YAHPAD@Z   0041fb7e f   sv_init.obj
 0001:0001eb97       ?SV_CreateBaseline@@YAXXZ  0041fb97 f   sv_init.obj
 0001:0001ebf5       ?SV_CheckForSavegame@@YAXXZ 0041fbf5 f   sv_init.obj
 0001:0001ec7d       ?SV_SpawnServer@@YAXPAD0W4server_state_t@@_N2@Z 0041fc7d f   sv_init.obj
 0001:0001ef4b       ?SV_InitGame@@YAXXZ        0041ff4b f   sv_init.obj
 0001:0001f195       ?SV_Map@@YAX_NPBD0@Z       00420195 f   sv_init.obj
 0001:0001f35e       ?SV_DropClient@@YAXPAUclient_t@@PAD@Z 0042035e f   sv_main.obj
 0001:0001f40f       ?SV_StatusString@@YAPADXZ  0042040f f   sv_main.obj
 0001:0001fc42       ?SV_ConnectionlessPacket@@YAXXZ 00420c42 f   sv_main.obj
 0001:0001fd0d       ?SV_CalcPings@@YAXXZ       00420d0d f   sv_main.obj
 0001:0001fd94       ?SV_GiveMsec@@YAXXZ        00420d94 f   sv_main.obj
 0001:0001fdd3       ?SV_ReadPackets@@YAXXZ     00420dd3 f   sv_main.obj
 0001:0001ff1b       ?SV_CheckTimeouts@@YAXXZ   00420f1b f   sv_main.obj
 0001:0002002c       ?SV_PostprocessFrame@@YAXXZ 0042102c f   sv_main.obj
 0001:000204f8       ?SV_MulticastHook@@YAPAVsizebuf_t@@PAV1@0@Z 004214f8 f   sv_main.obj
 0001:000208e8       ?SV_TraceHook@@YA?AUtrace_t@@ABUCVec3@@PBU2@10PAUedict_s@@H@Z 004218e8 f   sv_main.obj
 0001:00020a74       ?SV_Frame@@YAXM@Z          00421a74 f   sv_main.obj
 0001:00020d28       ?SV_UserinfoChanged@@YAXPAUclient_t@@@Z 00421d28 f   sv_main.obj
 0001:00020dec       ?SV_Init@@YAXXZ            00421dec f   sv_main.obj
 0001:00020e4e       ?SV_Shutdown@@YAXPBD_N@Z   00421e4e f   sv_main.obj
 0001:00021055       ?SV_BeginRedirect@@YAXXZ   00422055 f   sv_send.obj
 0001:000210ff       ?SV_ClientPrintf@@YAXPAUclient_t@@HPBDZZ 004220ff f   sv_send.obj
 0001:0002115a       ?SV_BroadcastPrintf@@YAXHPBDZZ 0042215a f   sv_send.obj
 0001:00021230       ?SV_BroadcastCommand@@YAXPBDZZ 00422230 f   sv_send.obj
 0001:00021288       ?SV_Multicast@@YAXABUCVec3@@W4multicast_t@@_N@Z 00422288 f   sv_send.obj
 0001:000214ae       ?SV_MulticastOld@@YAXABUCVec3@@W4multicast_t@@@Z 004224ae f   sv_send.obj
 0001:000214c1       ?SV_MulticastNew@@YAXABUCVec3@@W4multicast_t@@@Z 004224c1 f   sv_send.obj
 0001:000214d4       ?SV_StartSound@@YAXPBUCVec3@@PAUedict_s@@HHMMM_N@Z 004224d4 f   sv_send.obj
 0001:000217a1       ?SV_StartSoundOld@@YAXPBUCVec3@@PAUedict_s@@HHMMM@Z 004227a1 f   sv_send.obj
 0001:000217d1       ?SV_StartSoundNew@@YAXPBUCVec3@@PAUedict_s@@HHMMM@Z 004227d1 f   sv_send.obj
 0001:00021801       ?SV_SendClientDatagram@@YA_NPAUclient_t@@@Z 00422801 f   sv_send.obj
 0001:000218ca       ?SV_DemoCompleted@@YAXXZ   004228ca f   sv_send.obj
 0001:000218e6       ?SV_RateDrop@@YA_NPAUclient_t@@@Z 004228e6 f   sv_send.obj
 0001:00021930       ?SV_SendClientMessages@@YAXXZ 00422930 f   sv_send.obj
 0001:00021a73       ?SV_TokenizeString@@YAXPBD@Z 00422a73 f   sv_tokenize.obj
 0001:00021b4a       ?SV_Argc@@YAHXZ            00422b4a f   sv_tokenize.obj
 0001:00021b50       ?SV_Argv@@YAPADH@Z         00422b50 f   sv_tokenize.obj
 0001:00021b6a       ?SV_Args@@YAPADXZ          00422b6a f   sv_tokenize.obj
 0001:000223b7       ?SV_Nextserver@@YAXXZ      004233b7 f   sv_user.obj
 0001:00022446       ?SV_ExecuteUserCommand@@YAXPAD@Z 00423446 f   sv_user.obj
 0001:00022508       ?SV_ClientThink@@YAXPAUclient_t@@PAUusercmd_t@@@Z 00423508 f   sv_user.obj
 0001:0002254b       ?SV_ExecuteClientMessage@@YAXPAUclient_t@@@Z 0042354b f   sv_user.obj
 0001:00022769       ?SV_ClearWorld@@YAXXZ      00423769 f   sv_world.obj
 0001:000228a4       ?SV_UnlinkEdict@@YAXPAUedict_s@@@Z 004238a4 f   sv_world.obj
 0001:00022967       ?SV_LinkEdict@@YAXPAUedict_s@@@Z 00423967 f   sv_world.obj
 0001:00022f52       ?SV_AreaEdicts@@YAHABUCVec3@@0PAPAUedict_s@@HH@Z 00423f52 f   sv_world.obj
 0001:00023103       ?SV_PointContents@@YAHABUCVec3@@@Z 00424103 f   sv_world.obj
 0001:0002322a       ?SV_Trace@@YAXAAUtrace_t@@ABUCVec3@@111PAUedict_s@@H@Z 0042422a f   sv_world.obj
 0001:000236bc       ?InitByteDirs@@YAXXZ       004246bc f   anorms.obj
 0001:000236fb       ?Cbuf_AddText@@YAXPBD@Z    004246fb f   cmd.obj
 0001:0002375d       ?Cbuf_CopyToDefer@@YAXXZ   0042475d f   cmd.obj
 0001:000237a5       ?Cbuf_InsertFromDefer@@YAXXZ 004247a5 f   cmd.obj
 0001:0002385e       ?Cbuf_Execute@@YAXXZ       0042485e f   cmd.obj
 0001:00023964       ?Cmd_Unalias_f@@YAX_NHPAPAD@Z 00424964 f   cmd.obj
 0001:000239da       ?Cmd_WriteAliases@@YAXPAU_iobuf@@@Z 004249da f   cmd.obj
 0001:00023a0b       ?RegisterCommand@@YA_NPBDP6AXXZH@Z 00424a0b f   cmd.obj
 0001:00023ac4       ?UnregisterCommand@@YA_NPBD@Z 00424ac4 f   cmd.obj
 0001:00023b55       ?Cmd_ExecuteString@@YA_NPBD@Z 00424b55 f   cmd.obj
 0001:00023fa8       ?ExecuteCommand@@YA_NPBDPBUCSimpleCommand@@H@Z 00424fa8 f   cmd.obj
 0001:0002406f       ?Cmd_Init@@YAXXZ           0042506f f   cmd.obj
 0001:000243c1       ?CM_LoadMap@@YAPAUcmodel_t@@PBD_NPAI@Z 004253c1 f   cmodel.obj
 0001:00024af2       ?SetSignbits@cplane_t@@QAEXXZ 00425af2 f i cmodel.obj
 0001:00024b26       ?SetType@cplane_t@@QAEXXZ  00425b26 f i cmodel.obj
 0001:00024ce2       ?CM_InlineModel@@YAPAUcmodel_t@@PBD@Z 00425ce2 f   cmodel.obj
 0001:00024d23       ?CM_NumClusters@@YAHXZ     00425d23 f   cmodel.obj
 0001:00024d29       ?CM_NumInlineModels@@YAHXZ 00425d29 f   cmodel.obj
 0001:00024d2f       ?CM_EntityString@@YAPBDXZ  00425d2f f   cmodel.obj
 0001:00024d35       ?CM_LeafContents@@YAHH@Z   00425d35 f   cmodel.obj
 0001:00024d5c       ?CM_LeafCluster@@YAHH@Z    00425d5c f   cmodel.obj
 0001:00024dd2       ?CM_LeafArea@@YAHH@Z       00425dd2 f   cmodel.obj
 0001:00024f95       ?CM_HeadnodeForBox@@YAHABUCBox@@@Z 00425f95 f   cmodel.obj
 0001:0002504a       ?CM_PointLeafnum@@YAHABUCVec3@@H@Z 0042604a f   cmodel.obj
 0001:000250ed       ?DistanceTo@cplane_t@@QAEMABUCVec3@@@Z 004260ed f i cmodel.obj
 0001:00025131       ?CM_PointContents@@YAHABUCVec3@@H@Z 00426131 f   cmodel.obj
 0001:000251a6       ?CM_TransformedPointContents@@YAHABUCVec3@@H00@Z 004261a6 f   cmodel.obj
 0001:00025287       ?CM_TransformedPointContents@@YAHABUCVec3@@H0ABUCAxis@@@Z 00426287 f   cmodel.obj
 0001:00025332       ?CM_BoxLeafnums@@YAHABUCBox@@PAHH1H@Z 00426332 f   cmodel.obj
 0001:0002543b       ?BOX_ON_PLANE_SIDE@@YAHABUCBox@@ABUcplane_t@@@Z 0042643b f i cmodel.obj
 0001:000254a5       ?CM_BoxTrace@@YAXAAUtrace_t@@ABUCVec3@@1PBU2@2HH@Z 004264a5 f   cmodel.obj
 0001:00025e67       ?CM_TransformedBoxTrace@@YAXAAUtrace_t@@ABUCVec3@@1PBU2@2HH11@Z 00426e67 f   cmodel.obj
 0001:00025fe7       ?CM_TransformedBoxTrace@@YAXAAUtrace_t@@ABUCVec3@@1PBU2@2HH1ABUCAxis@@@Z 00426fe7 f   cmodel.obj
 0001:000260a7       ?CM_BrushTrace@@YAHABUCVec3@@0PAHH@Z 004270a7 f   cmodel.obj
 0001:000264b9       ?CM_RefineBrushTrace@@YAHABUCVec3@@0PAHH@Z 004274b9 f   cmodel.obj
 0001:0002655f       ?CM_ClusterPVS@@YAPAEH@Z   0042755f f   cmodel.obj
 0001:000266a3       ?CM_ClusterPHS@@YAPAEH@Z   004276a3 f   cmodel.obj
 0001:00026806       ?CM_SetAreaPortalState@@YAXH_N@Z 00427806 f   cmodel.obj
 0001:0002682b       ?CM_AreasConnected@@YA_NHH@Z 0042782b f   cmodel.obj
 0001:0002686f       ?CM_WriteAreaBits@@YAHPAEH@Z 0042786f f   cmodel.obj
 0001:00026911       ?CM_WritePortalState@@YAXPAU_iobuf@@@Z 00427911 f   cmodel.obj
 0001:0002692b       ?CM_ReadPortalState@@YAXPAU_iobuf@@@Z 0042792b f   cmodel.obj
 0001:00026949       ?CM_HeadnodeVisible@@YA_NHPBE@Z 00427949 f   cmodel.obj
 0001:00026a24       ?Com_BeginRedirect@@YAXPADHP6AX0@Z@Z 00427a24 f   common.obj
 0001:00026a51       ?Com_EndRedirect@@YAXXZ    00427a51 f   common.obj
 0001:00026a70       ?Com_Printf@@YAXPBDZZ      00427a70 f   common.obj
 0001:00026c68       ?Com_DPrintf@@YAXPBDZZ     00427c68 f   common.obj
 0001:00026ce1       ?DebugPrintf@@YAXPBDZZ     00427ce1 f   common.obj
 0001:00026d8b       ?Com_WPrintf@@YAXPBDZZ     00427d8b f   common.obj
 0001:00026de5       ?Com_Quit@@YAXXZ           00427de5 f   common.obj
 0001:00026e05       ?IPWildcard@@YA_NPAUnetadr_t@@PAD@Z 00427e05 f   common.obj
 0001:00026edf       ?Com_ServerState@@YA?AW4server_state_t@@XZ 00427edf f   common.obj
 0001:00026ee5       ?Com_SetServerState@@YAXW4server_state_t@@@Z 00427ee5 f   common.obj
 0001:00026eef       ?frand@@YAMXZ              00427eef f   common.obj
 0001:00026f07       ?crand@@YAMXZ              00427f07 f   common.obj
 0001:00026f25       ?Info_ValueForKey@@YAPBDPBD0@Z 00427f25 f   common.obj
 0001:00026fa4       ?Info_SetValueForKey@@YAXPADPBD1@Z 00427fa4 f   common.obj
 0001:00027107       ?Info_Print@@YAXPBD@Z      00428107 f   common.obj
 0001:0002718d       ?Com_CheckCmdlineVar@@YA_NPBD@Z 0042818d f   common.obj
 0001:000271e3       ?Com_Init@@YAXPBD@Z        004281e3 f   common.obj
 0001:000275b1       ?Com_Frame@@YAXM@Z         004285b1 f   common.obj
 0001:000278ef       ?Com_Shutdown@@YAXXZ       004288ef f   common.obj
 0001:00027908       ?Com_BlockSequenceCRCByte@@YAEPAEHH@Z 00428908 f   crc.obj
 0001:000279be       ?Cvar_VariableValue@@YAMPBD@Z 004289be f   cvar.obj
 0001:00027a2c       ?Cvar_VariableInt@@YAHPBD@Z 00428a2c f   cvar.obj
 0001:00027a3f       ?Cvar_VariableString@@YAPBDPBD@Z 00428a3f f   cvar.obj
 0001:00027a57       ?Cvar_Get@@YAPAUcvar_t@@PBD0H@Z 00428a57 f   cvar.obj
 0001:00027d0e       ?Cvar_GetVars@@YAXPBUcvarInfo_t@@H@Z 00428d0e f   cvar.obj
 0001:00027db8       ?Cvar_FullSet@@YAPAUcvar_t@@PBD0I@Z 00428db8 f   cvar.obj
 0001:00027e12       ?Cvar_SetValue@@YAPAUcvar_t@@PBDM@Z 00428e12 f   cvar.obj
 0001:00028038       ?Cvar_SetInteger@@YAPAUcvar_t@@PBDH@Z 00429038 f   cvar.obj
 0001:0002805a       ?Cvar_Set@@YAPAUcvar_t@@PBD0@Z 0042905a f   cvar.obj
 0001:0002806f       ?Cvar_ForceSet@@YAPAUcvar_t@@PBD0@Z 0042906f f   cvar.obj
 0001:00028084       ?Cvar_Clamp@@YAMPAUcvar_t@@MM@Z 00429084 f   cvar.obj
 0001:000280e2       ?Cvar_GetLatchedVars@@YAXXZ 004290e2 f   cvar.obj
 0001:00028111       ?Cvar_Command@@YA_NHPAPAD@Z 00429111 f   cvar.obj
 0001:000281aa       ?IsDefault@cvar_t@@QAE_NXZ 004291aa f i cvar.obj
 0001:000281c7       ?Cvar_WriteVariables@@YAXPAU_iobuf@@HHPBD@Z 004291c7 f   cvar.obj
 0001:0002824f       ?Cvar_Userinfo@@YAPBDXZ    0042924f f   cvar.obj
 0001:000282aa       ?Cvar_Serverinfo@@YAPBDXZ  004292aa f   cvar.obj
 0001:000282b3       ?Cvar_Cheats@@YAX_N@Z      004292b3 f   cvar.obj
 0001:00028304       ?Cvar_Init@@YAXXZ          00429304 f   cvar.obj
 0001:00028b0d       ?MSG_WriteDeltaEntity@@YAXPAVsizebuf_t@@PBUentity_state_t@@PAU2@_N3@Z 00429b0d f   entdelta.obj
 0001:000290b0       ?MSG_WriteRemoveEntity@@YAXPAVsizebuf_t@@H@Z 0042a0b0 f   entdelta.obj
 0001:000290f0       ?MSG_ReadEntityBits@@YAHPAVsizebuf_t@@PAIPA_N@Z 0042a0f0 f   entdelta.obj
 0001:00029161       ?MSG_ReadDeltaEntity@@YAXPAVsizebuf_t@@PBUentity_state_t@@PAU2@I@Z 0042a161 f   entdelta.obj
 0001:000291e4       ?MSG_WriteDeltaUsercmd@@YAXPAVsizebuf_t@@PBUusercmd_t@@PAU2@@Z 0042a1e4 f   entdelta.obj
 0001:00029273       ?MSG_ReadDeltaUsercmd@@YAXPAVsizebuf_t@@PBUusercmd_t@@PAU2@@Z 0042a273 f   entdelta.obj
 0001:00029576       ?MSG_WriteDeltaPlayerstate@@YAXPAVsizebuf_t@@PBUplayer_state_t@@PAU2@@Z 0042a576 f   entdelta.obj
 0001:0002967f       ?MSG_ReadDeltaPlayerstate@@YAXPAVsizebuf_t@@PBUplayer_state_t@@PAU2@@Z 0042a67f f   entdelta.obj
 0001:00029753       ?FS_CreatePath@@YAXPBD@Z   0042a753 f   files.obj
 0001:000297b9       ?FS_CopyFile@@YAXPBD0@Z    0042a7b9 f   files.obj
 0001:000298bc       ?FS_CopyFiles@@YAXPBD0@Z   0042a8bc f   files.obj
 0001:00029995       ?FS_RemoveFiles@@YAXPBD@Z  0042a995 f   files.obj
 0001:00029a09       ?FS_FCloseFile@@YAXPAVQFILE@@@Z 0042aa09 f   files.obj
 0001:00029aa4       ?FS_FOpenFile@@YAPAVQFILE@@PBDPAH@Z 0042aaa4 f   files.obj
 0001:00029fb0       ?FS_FileExists@@YA_NPBD@Z  0042afb0 f   files.obj
 0001:0002a1c9       ?FS_Read@@YAXPAXHPAVQFILE@@@Z 0042b1c9 f   files.obj
 0001:0002a42b       ?FS_LoadFile@@YAPAXPBDPAI@Z 0042b42b f   files.obj
 0001:0002a481       ?FS_FreeFile@@YAXPAX@Z     0042b481 f   files.obj
 0001:0002a48c       ?FS_Gamedir@@YAPADXZ       0042b48c f   files.obj
 0001:0002a4a0       ?FS_LoadGameConfig@@YAXXZ  0042b4a0 f   files.obj
 0001:0002a565       ?FS_SetGamedir@@YA_NPBD@Z  0042b565 f   files.obj
 0001:0002ac50       ?FS_ListFiles@@YA?AV?$TList@VCStringItem@@@@PBDH@Z 0042bc50 f   files.obj
 0001:0002af58       ?FS_NextPath@@YAPADPBD@Z   0042bf58 f   files.obj
 0001:0002af7c       ?FS_InitFilesystem@@YAXXZ  0042bf7c f   files.obj
 0001:0002b928       ?LoadPCX@@YAXPBDPAPAE1PAH2@Z 0042c928 f   images.obj
 0001:0002ba72       ?LoadTGA@@YAXPBDPAPAEPAH2@Z 0042ca72 f   images.obj
 0001:0002bc6d       ?LoadJPG@@YAXPBDPAPAEPAH2@Z 0042cc6d f   images.obj
 0001:0002bef9       ?ImageExists@@YAHPBDH@Z    0042cef9 f   images.obj
 0001:0002bff7       ?WriteTGA@@YA_NPBDPAEHH@Z  0042cff7 f   images.obj
 0001:0002c1e1       ?WriteJPG@@YA_NPBDPAEHH_N@Z 0042d1e1 f   images.obj
 0001:0002c308       ?MD4Init@@YAXPAUMD4_CTX@@@Z 0042d308 f   md4.obj
 0001:0002c330       ?MD4Update@@YAXPAUMD4_CTX@@PAEI@Z 0042d330 f   md4.obj
 0001:0002c3ce       ?MD4Final@@YAXQAEPAUMD4_CTX@@@Z 0042d3ce f   md4.obj
 0001:0002cabf       ?Com_BlockChecksum@@YAIPAXH@Z 0042dabf f   md4.obj
 0001:0002cafb       ?LoadQ2BspFile@@YAXXZ      0042dafb f   model.obj
 0001:0002ceb1       ?LoadBspFile@@YAPAUbspfile_t@@PBD_NPAI@Z 0042deb1 f   model.obj
 0001:0002d05f       ?ProcessEntstring@@YAPADPAD@Z 0042e05f f   model.obj
 0001:0002df00       ?Init@sizebuf_t@@QAEXPAXH@Z 0042ef00 f   msg.obj
 0001:0002df1b       ?Write@sizebuf_t@@QAEXPBXH@Z 0042ef1b f   msg.obj
 0001:0002df8b       ?MSG_WriteChar@@YAXPAVsizebuf_t@@H@Z 0042ef8b f   msg.obj
 0001:0002df8b       ?MSG_WriteByte@@YAXPAVsizebuf_t@@H@Z 0042ef8b f   msg.obj
 0001:0002df9c       ?MSG_WriteShort@@YAXPAVsizebuf_t@@H@Z 0042ef9c f   msg.obj
 0001:0002dfad       ?MSG_WriteFloat@@YAXPAVsizebuf_t@@M@Z 0042efad f   msg.obj
 0001:0002dfad       ?MSG_WriteLong@@YAXPAVsizebuf_t@@H@Z 0042efad f   msg.obj
 0001:0002dfbe       ?MSG_WriteString@@YAXPAVsizebuf_t@@PBD@Z 0042efbe f   msg.obj
 0001:0002dfe8       ?MSG_WritePos@@YAXPAVsizebuf_t@@ABUCVec3@@@Z 0042efe8 f   msg.obj
 0001:0002e04c       ?MSG_WriteAngle@@YAXPAVsizebuf_t@@M@Z 0042f04c f   msg.obj
 0001:0002e077       ?MSG_WriteAngle16@@YAXPAVsizebuf_t@@M@Z 0042f077 f   msg.obj
 0001:0002e0a2       ?MSG_WriteDir@@YAXPAVsizebuf_t@@ABUCVec3@@@Z 0042f0a2 f   msg.obj
 0001:0002e10a       ?MSG_ReadDir@@YAXPAVsizebuf_t@@AAUCVec3@@@Z 0042f10a f   msg.obj
 0001:0002e13b       ?MSG_ReadChar@@YAHPAVsizebuf_t@@@Z 0042f13b f   msg.obj
 0001:0002e15b       ?MSG_ReadByte@@YAHPAVsizebuf_t@@@Z 0042f15b f   msg.obj
 0001:0002e17b       ?MSG_ReadShort@@YAHPAVsizebuf_t@@@Z 0042f17b f   msg.obj
 0001:0002e19b       ?MSG_ReadLong@@YAHPAVsizebuf_t@@@Z 0042f19b f   msg.obj
 0001:0002e1ba       ?MSG_ReadString@@YAPADPAVsizebuf_t@@@Z 0042f1ba f   msg.obj
 0001:0002e1ed       ?MSG_ReadPos@@YAXPAVsizebuf_t@@AAUCVec3@@@Z 0042f1ed f   msg.obj
 0001:0002e23f       ?MSG_ReadAngle@@YAMPAVsizebuf_t@@@Z 0042f23f f   msg.obj
 0001:0002e259       ?MSG_ReadAngle16@@YAMPAVsizebuf_t@@@Z 0042f259 f   msg.obj
 0001:0002e273       ?MSG_ReadData@@YAXPAVsizebuf_t@@PAXH@Z 0042f273 f   msg.obj
 0001:0002e296       ?Netchan_Init@@YAXXZ       0042f296 f   net_chan.obj
 0001:0002e30a       ?Netchan_OutOfBandPrint@@YAXW4netsrc_t@@Unetadr_t@@PBDZZ 0042f30a f   net_chan.obj
 0001:0002e391       ?Setup@netchan_t@@QAEXW4netsrc_t@@Unetadr_t@@H@Z 0042f391 f   net_chan.obj
 0001:0002e3e9       ?NeedReliable@netchan_t@@QAE_NXZ 0042f3e9 f   net_chan.obj
 0001:0002e40e       ?Transmit@netchan_t@@QAEXPAXH@Z 0042f40e f   net_chan.obj
 0001:0002e5ab       ?Process@netchan_t@@QAE_NPAVsizebuf_t@@@Z 0042f5ab f   net_chan.obj
 0001:0002e6d9       ?Pmove@@YAXPAUpmove_t@@@Z  0042f6d9 f   pmove.obj
 0001:0003046d       ?NormalizeColor@@YAMABUCVec3@@AAU1@@Z 0043146d f   q_shared2.obj
 0001:000304c9       ?NormalizeColor255@@YAMABUCVec3@@AAU1@@Z 004314c9 f   q_shared2.obj
 0001:00030529       ?Q_rsqrt@@YAMM@Z           00431529 f   q_shared2.obj
 0001:00030559       ?AngleVectors@@YAXABUCVec3@@PAU1@11@Z 00431559 f   q_shared2.obj
 0001:000306ba       ?MakeNormalVectors@@YAXABUCVec3@@AAU1@1@Z 004316ba f   q_shared2.obj
 0001:00030729       ?VectorLength@@YAMABUCVec3@@@Z 00431729 f   q_shared2.obj
 0001:00030758       ?VectorDistance@@YAMABUCVec3@@0@Z 00431758 f   q_shared2.obj
 0001:00030789       ?LerpAngle@@YAMMMM@Z       00431789 f   q_shared2.obj
 0001:000307cc       ?anglemod@@YAMM@Z          004317cc f   q_shared2.obj
 0001:000307f8       ?Normalize@CVec3@@QAEMXZ   004317f8 f   q_shared2.obj
 0001:0003084a       ?VectorNormalize@@YAMABUCVec3@@AAU1@@Z 0043184a f   q_shared2.obj
 0001:000308a2       ?NormalizeFast@CVec3@@QAEMXZ 004318a2 f   q_shared2.obj
 0001:000308f3       ?cross@@YAXABUCVec3@@0AAU1@@Z 004318f3 f   q_shared2.obj
 0001:0003092e       ?Clear@CBox@@QAEXXZ        0043192e f   q_shared2.obj
 0001:0003094c       ?Expand@CBox@@QAEXABUCVec3@@@Z 0043194c f   q_shared2.obj
 0001:0003097b       ?Expand@CBox@@QAEXABU1@@Z  0043197b f   q_shared2.obj
 0001:000309b7       ?GetCenter@CBox@@QAEXAAUCVec3@@@Z 004319b7 f   q_shared2.obj
 0001:000309d7       ?OnPlaneSide@CBox@@QBEHABUcplane_t@@@Z 004319d7 f   q_shared2.obj
 0001:00030b06       ?FromAngles@CAxis@@QAEXABUCVec3@@@Z 00431b06 f   q_shared2.obj
 0001:00030b45       ?TransformVector@CAxis@@QBEXABUCVec3@@AAU2@@Z 00431b45 f   q_shared2.obj
 0001:00030b96       ?UnTransformVector@CAxis@@QBEXABUCVec3@@AAU2@@Z 00431b96 f   q_shared2.obj
 0001:00030bfa       ?TransformPoint@CCoords@@QBEXABUCVec3@@AAU2@@Z 00431bfa f   q_shared2.obj
 0001:00030c58       ?UnTransformPoint@CCoords@@QBEXABUCVec3@@AAU2@@Z 00431c58 f   q_shared2.obj
 0001:00030cc5       ?UnTransformCoords@CCoords@@QBEXABU1@AAU1@@Z 00431cc5 f   q_shared2.obj
 0001:00030d0f       ?TransformPlane@CCoords@@QBEXABUcplane_t@@AAU2@@Z 00431d0f f   q_shared2.obj
 0001:00030d47       ?TransformPoint@@YAXABUCVec3@@ABUCAxis@@0AAU1@@Z 00431d47 f   q_shared2.obj
 0001:00030daa       ?UnTransformPoint@@YAXABUCVec3@@ABUCAxis@@0AAU1@@Z 00431daa f   q_shared2.obj
 0001:00030e1a       ?ShortSwap@@YAFF@Z         00431e1a f   q_shared2.obj
 0001:00030e2f       ?COM_Parse@@YAPADAAPBD_N@Z 00431e2f f   q_shared2.obj
 0001:00030f53       ?COM_QuoteString@@YAPBDPBD_N@Z 00431f53 f   q_shared2.obj
 0001:00030fae       ?Com_PageInMemory@@YAXPAXH@Z 00431fae f   q_shared2.obj
 0001:00030fcd       ?Zip_OpenArchive@@YAPAU_iobuf@@PBD@Z 00431fcd f   zip.obj
 0001:00031038       ?Zip_CloseArchive@@YAXPAU_iobuf@@@Z 00432038 f   zip.obj
 0001:00031044       ?Zip_EnumArchive@@YA_NPAU_iobuf@@P6A_NPAUzipFile_t@@@Z@Z 00432044 f   zip.obj
 0001:00031221       ?Zip_OpenFile@@YAPAUZFILE@@PAU_iobuf@@PAUzipFile_t@@@Z 00432221 f   zip.obj
 0001:00031305       ?Zip_ReadFile@@YAHPAUZFILE@@PAXH@Z 00432305 f   zip.obj
 0001:000313fb       ?Zip_CloseFile@@YA_NPAUZFILE@@@Z 004323fb f   zip.obj
 0001:0003143f       ?Zip_OpenBuf@@YAPAUZBUF@@PAXH@Z 0043243f f   zip.obj
 0001:0003147d       ?Zip_ReadBuf@@YAHPAUZBUF@@PAXH@Z 0043247d f   zip.obj
 0001:000314c5       ?Zip_CloseBuf@@YAXPAUZBUF@@@Z 004324c5 f   zip.obj
 0001:000314da       _zcalloc                   004324da f   zip.obj
 0001:000314ee       _zcfree                    004324ee f   zip.obj
 0001:000314f9       ?CDAudio_Play2@@YAXH_N@Z   004324f9 f   cd_win.obj
 0001:000316d8       ?CDAudio_Play@@YAXH_N@Z    004326d8 f   cd_win.obj
 0001:000316ef       ?CDAudio_Stop@@YAXXZ       004326ef f   cd_win.obj
 0001:00031734       ?CDAudio_Pause@@YAXXZ      00432734 f   cd_win.obj
 0001:0003178d       ?CDAudio_Resume@@YAXXZ     0043278d f   cd_win.obj
 0001:000317fc       ?CDAudio_Update@@YAXXZ     004327fc f   cd_win.obj
 0001:00031830       ?CDAudio_Init@@YAHXZ       00432830 f   cd_win.obj
 0001:00031c92       ?CDAudio_Shutdown@@YAXXZ   00432c92 f   cd_win.obj
 0001:00031cc5       ?CDAudio_Activate@@YAX_N@Z 00432cc5 f   cd_win.obj
 0001:00031cd6       ?IN_Commands@@YAXXZ        00432cd6 f   in_win.obj
 0001:00031dfe       ?IN_Init@@YAXXZ            00432dfe f   in_win.obj
 0001:000320f5       ?IN_Shutdown@@YAXXZ        004330f5 f   in_win.obj
 0001:000322cf       ?IN_Move@@YAXPAUusercmd_t@@@Z 004332cf f   in_win.obj
 0001:000328ac       ?IN_Activate@@YAX_N@Z      004338ac f   in_win.obj
 0001:000328b6       ?IN_Frame@@YAXXZ           004338b6 f   in_win.obj
 0001:00032c1e       ?NetadrToSockadr@@YAXPAUnetadr_t@@PAUsockaddr@@@Z 00433c1e f   net_wins.obj
 0001:00032ca3       ?SockadrToNetadr@@YAXPAUsockaddr@@PAUnetadr_t@@@Z 00433ca3 f   net_wins.obj
 0001:00032cf3       ?NET_CompareAdr@@YA_NPAUnetadr_t@@0@Z 00433cf3 f   net_wins.obj
 0001:00032d49       ?NET_CompareBaseAdr@@YA_NPAUnetadr_t@@0@Z 00433d49 f   net_wins.obj
 0001:00032d94       ?NET_AdrToString@@YAPADPAUnetadr_t@@@Z 00433d94 f   net_wins.obj
 0001:00032e4d       ?NET_StringToAdr@@YA_NPBDPAUnetadr_t@@@Z 00433e4d f   net_wins.obj
 0001:000330d7       ?NET_IsLocalAddress@@YA_NPAUnetadr_t@@@Z 004340d7 f   net_wins.obj
 0001:000330e3       ?NET_GetLoopPacket@@YA_NW4netsrc_t@@PAUnetadr_t@@PAVsizebuf_t@@@Z 004340e3 f   net_wins.obj
 0001:0003316e       ?NET_SendLoopPacket@@YAXW4netsrc_t@@HPAXUnetadr_t@@@Z 0043416e f   net_wins.obj
 0001:000331c3       ?NET_GetPacket@@YA_NW4netsrc_t@@PAUnetadr_t@@PAVsizebuf_t@@@Z 004341c3 f   net_wins.obj
 0001:000332e0       ?NET_SendPacket@@YAXW4netsrc_t@@HPAXUnetadr_t@@@Z 004342e0 f   net_wins.obj
 0001:000333b1       ?NET_Config@@YAX_N@Z       004343b1 f   net_wins.obj
 0001:00033726       ?NET_Init@@YAXXZ           00434726 f   net_wins.obj
 0001:000337e0       ?Sys_Mkdir@@YAXPAD@Z       004347e0 f   fs_win.obj
 0001:000337ec       ?Sys_FindFirst@@YAPBDPBDH@Z 004347ec f   fs_win.obj
 0001:000338a6       ?Sys_FindNext@@YAPBDXZ     004348a6 f   fs_win.obj
 0001:00033910       ?Sys_FindClose@@YAXXZ      00434910 f   fs_win.obj
 0001:0003392a       ?Sys_FileExists@@YA_NPBDH@Z 0043492a f   fs_win.obj
 0001:00033948       ?SNDDMA_Init@@YA_NXZ       00434948 f   snd_win.obj
 0001:00033f87       ?SNDDMA_GetDMAPos@@YAHXZ   00434f87 f   snd_win.obj
 0001:00033fd1       ?SNDDMA_BeginPainting@@YAXXZ 00434fd1 f   snd_win.obj
 0001:000340e9       ?SNDDMA_Submit@@YAXXZ      004350e9 f   snd_win.obj
 0001:0003410e       ?SNDDMA_Shutdown@@YAXXZ    0043510e f   snd_win.obj
 0001:00034113       ?S_Activate@@YAX_N@Z       00435113 f   snd_win.obj
 0001:0003413e       ?Sys_Quit@@YAXXZ           0043513e f   sys_win.obj
 0001:000341f6       ?Sys_Init@@YAXXZ           004351f6 f   sys_win.obj
 0001:0003426e       ?Sys_ConsoleInput@@YAPADXZ 0043526e f   sys_win.obj
 0001:00034529       ?Sys_ConsoleOutput@@YAXPBD@Z 00435529 f   sys_win.obj
 0001:000345b6       ?Sys_SendKeyEvents@@YAXXZ  004355b6 f   sys_win.obj
 0001:0003466e       ?Sys_UnloadGame@@YAXXZ     0043566e f   sys_win.obj
 0001:000346e9       ?Sys_GetGameAPI@@YAPAXPAX@Z 004356e9 f   sys_win.obj
 0001:00034840       _WinMain@16                00435840 f   sys_win.obj
 0001:00034ac6       ?AddMsgHook@@YAXP6A_NIIJ@Z@Z 00435ac6 f   vid_dll.obj
 0001:00034b0a       ?RemoveMsgHook@@YAXP6A_NIIJ@Z@Z 00435b0a f   vid_dll.obj
 0001:00034b39       ?Vid_CreateWindow@@YAPAXHH_N@Z 00435b39 f   vid_dll.obj
 0001:0003523d       ?Vid_DestroyWindow@@YAX_N@Z 0043623d f   vid_dll.obj
 0001:00035278       ?Vid_Restart@@YAXXZ        00436278 f   vid_dll.obj
 0001:00035280       ?Vid_GetModeInfo@@YA_NPAH0H@Z 00436280 f   vid_dll.obj
 0001:000352b0       ?Vid_Tick@@YAXXZ           004362b0 f   vid_dll.obj
 0001:00035460       ?Vid_Init@@YAXXZ           00436460 f   vid_dll.obj
 0001:00035531       ?Vid_Shutdown@@YAXXZ       00436531 f   vid_dll.obj
 0001:00035550       ?Tesselate@surfacePlanar_t@OpenGLDrv@@UAEXXZ 00436550 f   gl_backend.obj
 0001:0003715d       ?Tesselate@surfacePoly_t@OpenGLDrv@@UAEXXZ 0043815d f   gl_backend.obj
 0001:00037258       ?Tesselate@surfaceMd3_t@OpenGLDrv@@UAEXXZ 00438258 f   gl_backend.obj
 0001:0003780d       ?Tesselate@surfaceEntity_t@OpenGLDrv@@UAEXXZ 0043880d f   gl_backend.obj
 0001:000378f7       ?Tesselate@surfaceParticle_t@OpenGLDrv@@UAEXXZ 004388f7 f   gl_backend.obj
 0001:00037b45       ?BK_DrawScene@OpenGLDrv@@YAXXZ 00438b45 f   gl_backend.obj
 0001:000385d9       ?BK_DrawPic@OpenGLDrv@@YAXPAVshader_t@1@HHHHMMMMIE@Z 004395d9 f   gl_backend.obj
 0001:000387ba       ?BK_DrawText@OpenGLDrv@@YAXPBDHHHHHI@Z 004397ba f   gl_backend.obj
 0001:000389a5       ?BK_BeginFrame@OpenGLDrv@@YAXXZ 004399a5 f   gl_backend.obj
 0001:00038a3e       ?BK_EndFrame@OpenGLDrv@@YAXXZ 00439a3e f   gl_backend.obj
 0001:00038a7d       ?BK_Init@OpenGLDrv@@YAXXZ  00439a7d f   gl_backend.obj
 0001:00038aac       ?BK_Shutdown@OpenGLDrv@@YAXXZ 00439aac f   gl_backend.obj
 0001:00038ac4       ?FindModel@OpenGLDrv@@YAPAVmodel_t@1@PBD@Z 00439ac4 f   gl_bspmodel.obj
 0001:00038c12       ?LoadWorldMap@OpenGLDrv@@YAXPBD@Z 00439c12 f   gl_bspmodel.obj
 0001:00039cd8       ?Negate@CVec3@@QAEXXZ      0043acd8 f i gl_bspmodel.obj
 0001:0003a730       ?PointInLeaf@OpenGLDrv@@YAPAUnode_t@1@ABUCVec3@@@Z 0043b730 f   gl_bspmodel.obj
 0001:0003a7ed       ?InitModels@OpenGLDrv@@YAXXZ 0043b7ed f   gl_bspmodel.obj
 0001:0003a8e3       ?ShutdownModels@OpenGLDrv@@YAXXZ 0043b8e3 f   gl_bspmodel.obj
 0001:0003a8f4       ?CALL_CONSTRUCTOR@@YAXPAVinlineModel_t@OpenGLDrv@@@Z 0043b8f4 f i gl_bspmodel.obj
 0001:0003a90a       ?AllocDynamicMemory@OpenGLDrv@@YAPAXH@Z 0043b90a f   gl_buffers.obj
 0001:0003a975       ?ResizeDynamicMemory@OpenGLDrv@@YAXPAXH@Z 0043b975 f   gl_buffers.obj
 0001:0003a9b7       ?AddSurfaceToPortal@OpenGLDrv@@YAXPAVsurfaceBase_t@1@PAVshader_t@1@HH@Z 0043b9b7 f   gl_buffers.obj
 0001:0003aa20       ?InsertShaderIndex@OpenGLDrv@@YAXH@Z 0043ba20 f   gl_buffers.obj
 0001:0003aa59       ?ClearPortal@OpenGLDrv@@YAXXZ 0043ba59 f   gl_buffers.obj
 0001:0003aa77       ?SortSurfaces@OpenGLDrv@@YAXPAUviewPortal_t@1@PAPAUsurfaceInfo_t@1@@Z 0043ba77 f   gl_buffers.obj
 0001:0003ac09       ?ClearBuffers@OpenGLDrv@@YAXXZ 0043bc09 f   gl_buffers.obj
 0001:0003ac20       ?CreateBuffers@OpenGLDrv@@YAXXZ 0043bc20 f   gl_buffers.obj
 0001:0003ac46       ?FreeBuffers@OpenGLDrv@@YAXXZ 0043bc46 f   gl_buffers.obj
 0001:0003ac6a       ?InitEntity@model_t@OpenGLDrv@@UAEXPAUentity_t@@PAUrefEntity_t@2@@Z 0043bc6a f   gl_frontend.obj
 0001:0003ac82       ?AddSurfaces@model_t@OpenGLDrv@@UAEXPAUrefEntity_t@2@@Z 0043bc82 f   gl_frontend.obj
 0001:0003acb0       ?GetLeaf@model_t@OpenGLDrv@@UAEPAUnode_t@2@PAUrefEntity_t@2@@Z 0043bcb0 f   gl_frontend.obj
 0001:0003acc1       ?DrawLabel@model_t@OpenGLDrv@@UAEXPAUrefEntity_t@2@@Z 0043bcc1 f   gl_frontend.obj
 0001:0003acc4       ?InitEntity@inlineModel_t@OpenGLDrv@@UAEXPAUentity_t@@PAUrefEntity_t@2@@Z 0043bcc4 f   gl_frontend.obj
 0001:0003ad14       ?AddSurfaces@inlineModel_t@OpenGLDrv@@UAEXPAUrefEntity_t@2@@Z 0043bd14 f   gl_frontend.obj
 0001:0003b1c1       ?GetLeaf@inlineModel_t@OpenGLDrv@@UAEPAUnode_t@2@PAUrefEntity_t@2@@Z 0043c1c1 f   gl_frontend.obj
 0001:0003b366       ?DrawLabel@inlineModel_t@OpenGLDrv@@UAEXPAUrefEntity_t@2@@Z 0043c366 f   gl_frontend.obj
 0001:0003b3ac       ?InitEntity@md3Model_t@OpenGLDrv@@UAEXPAUentity_t@@PAUrefEntity_t@2@@Z 0043c3ac f   gl_frontend.obj
 0001:0003b555       ?AddSurfaces@md3Model_t@OpenGLDrv@@UAEXPAUrefEntity_t@2@@Z 0043c555 f   gl_frontend.obj
 0001:0003b5bb       ?GetLeaf@md3Model_t@OpenGLDrv@@UAEPAUnode_t@2@PAUrefEntity_t@2@@Z 0043c5bb f   gl_frontend.obj
 0001:0003b5f3       ?DrawLabel@md3Model_t@OpenGLDrv@@UAEXPAUrefEntity_t@2@@Z 0043c5f3 f   gl_frontend.obj
 0001:0003b64e       ?InitEntity@sp2Model_t@OpenGLDrv@@UAEXPAUentity_t@@PAUrefEntity_t@2@@Z 0043c64e f   gl_frontend.obj
 0001:0003b668       ?AddSurfaces@sp2Model_t@OpenGLDrv@@UAEXPAUrefEntity_t@2@@Z 0043c668 f   gl_frontend.obj
 0001:0003b7ef       ?GetLeaf@sp2Model_t@OpenGLDrv@@UAEPAUnode_t@2@PAUrefEntity_t@2@@Z 0043c7ef f   gl_frontend.obj
 0001:0003b8d0       ?AddEntity@OpenGLDrv@@YAXPAUentity_t@@@Z 0043c8d0 f   gl_frontend.obj
 0001:0003ba75       ?AddDlight@OpenGLDrv@@YAXPAUdlight_t@@@Z 0043ca75 f   gl_frontend.obj
 0001:0003bc2d       ?DrawPortal@OpenGLDrv@@YAXXZ 0043cc2d f   gl_frontend.obj
 0001:0003db6e       ?GL_TextureMode@OpenGLDrv@@YAXPBD@Z 0043eb6e f   gl_image.obj
 0001:0003dc16       ?CreateImage@OpenGLDrv@@YAPAVimage_t@1@PBDPAXHHI@Z 0043ec16 f   gl_image.obj
 0001:0003e987       ?LoadDelayedImages@OpenGLDrv@@YAXXZ 0043f987 f   gl_image.obj
 0001:0003ea1a       ?DrawStretchRaw8@OpenGLDrv@@YAXHHHHHHPAEPAI@Z 0043fa1a f   gl_image.obj
 0001:0003eddb       ?SetupGamma@OpenGLDrv@@YAXXZ 0043fddb f   gl_image.obj
 0001:0003ef21       ?PerformScreenshot@OpenGLDrv@@YAXXZ 0043ff21 f   gl_image.obj
 0001:0003f1ae       ?InitImages@OpenGLDrv@@YAXXZ 004401ae f   gl_image.obj
 0001:0003f97f       ?ShutdownImages@OpenGLDrv@@YAXXZ 0044097f f   gl_image.obj
 0001:0003f9e6       ?ShowImages@OpenGLDrv@@YAXXZ 004409e6 f   gl_image.obj
 0001:0003fc6e       ?FindImage@OpenGLDrv@@YAPAVimage_t@1@PBDI@Z 00440c6e f   gl_image.obj
 0001:0003ff0e       ?GL_Lock@OpenGLDrv@@YAXXZ  00440f0e f   gl_interface.obj
 0001:0003ff86       ?GL_Unlock@OpenGLDrv@@YAXXZ 00440f86 f   gl_interface.obj
 0001:00040148       ?GL_Bind@OpenGLDrv@@YAXPAVimage_t@1@@Z 00441148 f   gl_interface.obj
 0001:00040272       ?GL_BindForce@OpenGLDrv@@YAXPAVimage_t@1@@Z 00441272 f   gl_interface.obj
 0001:000402f0       ?GL_TexEnv@OpenGLDrv@@YAXI@Z 004412f0 f   gl_interface.obj
 0001:0004046f       ?GL_TexMipBias@OpenGLDrv@@YAXM@Z 0044146f f   gl_interface.obj
 0001:000404ca       ?GL_TexEnvColor@OpenGLDrv@@YAXPATcolor_t@@@Z 004414ca f   gl_interface.obj
 0001:0004057a       ?GL_SelectTexture@OpenGLDrv@@YAXH@Z 0044157a f   gl_interface.obj
 0001:000405db       ?GL_TexCoordPointer@OpenGLDrv@@YAXPAX@Z 004415db f   gl_interface.obj
 0001:0004060b       ?GL_SetMultitexture@OpenGLDrv@@YAXH@Z 0044160b f   gl_interface.obj
 0001:000406f1       ?GL_DisableTexCoordArrays@OpenGLDrv@@YAXXZ 004416f1 f   gl_interface.obj
 0001:00040745       ?GL_CullFace@OpenGLDrv@@YAXW4gl_cullMode_t@1@@Z 00441745 f   gl_interface.obj
 0001:00040796       ?GL_DepthRange@OpenGLDrv@@YAXW4gl_depthMode_t@1@@Z 00441796 f   gl_interface.obj
 0001:000407c9       ?GL_State@OpenGLDrv@@YAXI@Z 004417c9 f   gl_interface.obj
 0001:0004091e       ?GL_EnableFog@OpenGLDrv@@YAX_N@Z 0044191e f   gl_interface.obj
 0001:00040a16       ?GL_SetDefaultState@OpenGLDrv@@YAXXZ 00441a16 f   gl_interface.obj
 0001:00040b64       ?GL_Set2DMode@OpenGLDrv@@YAXXZ 00441b64 f   gl_interface.obj
 0001:00040c5f       ?GL_Set3DMode@OpenGLDrv@@YAXPAUviewPortal_t@1@@Z 00441c5f f   gl_interface.obj
 0001:00040d47       ?ShowLights@OpenGLDrv@@YAXXZ 00441d47 f   gl_light.obj
 0001:00041130       ?LightForEntity@OpenGLDrv@@YAXPAUrefEntity_t@1@@Z 00442130 f   gl_light.obj
 0001:000423a1       ?DiffuseLight@OpenGLDrv@@YAXPATcolor_t@@M@Z 004433a1 f   gl_light.obj
 0001:0004251a       ?InitLightGrid@OpenGLDrv@@YAXXZ 0044351a f   gl_light.obj
 0001:000425c0       ?PostLoadLights@OpenGLDrv@@YAXXZ 004435c0 f   gl_light.obj
 0001:00042850       ?LM_Init@OpenGLDrv@@YAXXZ  00443850 f   gl_lightmap.obj
 0001:00042866       ?LM_Flush@OpenGLDrv@@YAXPAUlightmapBlock_t@1@@Z 00443866 f   gl_lightmap.obj
 0001:000428c3       ?LM_Done@OpenGLDrv@@YAXXZ  004438c3 f   gl_lightmap.obj
 0001:000428ea       ?LM_Save@OpenGLDrv@@YAXPAUlightmapBlock_t@1@@Z 004438ea f   gl_lightmap.obj
 0001:00042902       ?LM_Restore@OpenGLDrv@@YAXPAUlightmapBlock_t@1@@Z 00443902 f   gl_lightmap.obj
 0001:0004291a       ?LM_NewBlock@OpenGLDrv@@YAPAUlightmapBlock_t@1@XZ 0044391a f   gl_lightmap.obj
 0001:0004298a       ?LM_Rewind@OpenGLDrv@@YAXXZ 0044398a f   gl_lightmap.obj
 0001:00042992       ?LM_NextBlock@OpenGLDrv@@YAPAUlightmapBlock_t@1@XZ 00443992 f   gl_lightmap.obj
 0001:000429bf       ?LM_CheckMinlight@OpenGLDrv@@YAXPAUdynamicLightmap_t@1@@Z 004439bf f   gl_lightmap.obj
 0001:00042a55       ?LM_AllocBlock@OpenGLDrv@@YA_NPAUlightmapBlock_t@1@PAUdynamicLightmap_t@1@@Z 00443a55 f   gl_lightmap.obj
 0001:00042b0c       ?LM_PutBlock@OpenGLDrv@@YAXPAUdynamicLightmap_t@1@@Z 00443b0c f   gl_lightmap.obj
 0001:00042f39       ?LM_SortLightStyles@OpenGLDrv@@YAXPAUdynamicLightmap_t@1@@Z 00443f39 f   gl_lightmap.obj
 0001:00042fca       ?UpdateDynamicLightmap@OpenGLDrv@@YAXPAVsurfacePlanar_t@1@_NI@Z 00443fca f   gl_lightmap.obj
 0001:000434cc       ?LM_IsMonotone@OpenGLDrv@@YA_NPAUdynamicLightmap_t@1@PATcolor_t@@@Z 004444cc f   gl_lightmap.obj
 0001:000435d3       ?Init@OpenGLDrv@@YA_NXZ    004445d3 f   gl_main.obj
 0001:00043c39       ?Shutdown@OpenGLDrv@@YAX_N@Z 00444c39 f   gl_main.obj
 0001:00043cc2       ?GL_EnableRendering@OpenGLDrv@@YAX_N@Z 00444cc2 f   gl_main.obj
 0001:00043cdd       ?BeginFrame@OpenGLDrv@@YAXXZ 00444cdd f   gl_main.obj
 0001:00043df7       ?EndFrame@OpenGLDrv@@YAXXZ 00444df7 f   gl_main.obj
 0001:00043e0f       ?RenderFrame@OpenGLDrv@@YAXPAUrefdef_t@@@Z 00444e0f f   gl_main.obj
 0001:00044638       ?Fill8@OpenGLDrv@@YAXHHHHH@Z 00445638 f   gl_main.obj
 0001:0004467b       ?Fill@OpenGLDrv@@YAXHHHHI@Z 0044567b f   gl_main.obj
 0001:000446b7       ?TileClear@OpenGLDrv@@YAXHHHHPBD@Z 004456b7 f   gl_main.obj
 0001:0004476e       ?DrawStretchPic@OpenGLDrv@@YAXHHHHPBD@Z 0044576e f   gl_main.obj
 0001:000447eb       ?DrawDetailedPic@OpenGLDrv@@YAXHHHHPBD@Z 004457eb f   gl_main.obj
 0001:00044892       ?DrawPic@OpenGLDrv@@YAXHHPBDHH@Z 00445892 f   gl_main.obj
 0001:00044917       ?BeginRegistration@OpenGLDrv@@YAXPBD@Z 00445917 f   gl_main.obj
 0001:0004493b       _jpeg_mem_term             0044593b f   gl_main.obj
 0001:0004493b       ?EndRegistration@OpenGLDrv@@YAXXZ 0044593b f   gl_main.obj
 0001:0004493b       __setargv                  0044593b f   gl_main.obj
 0001:0004493c       ?RegisterPic@OpenGLDrv@@YAPAVCBasicImage@@PBD@Z 0044593c f   gl_main.obj
 0001:0004494a       ?RegisterSkin@OpenGLDrv@@YAPAVCBasicImage@@PBD@Z 0044594a f   gl_main.obj
 0001:00044955       ?RegisterModel@OpenGLDrv@@YAPAVCRenderModel@@PBD@Z 00445955 f   gl_main.obj
 0001:00044960       ?SetSky@OpenGLDrv@@YAXPBDMABUCVec3@@@Z 00445960 f   gl_main.obj
 0001:00044a06       ?Screenshot@OpenGLDrv@@YAXHPBD@Z 00445a06 f   gl_main.obj
 0001:00044a29       ?GetClientLight@OpenGLDrv@@YAMXZ 00445a29 f   gl_main.obj
 0001:00044a30       ?GetCaps@OpenGLDrv@@YAIXZ  00445a30 f   gl_main.obj
 0001:00044a36       ?InitFuncTables@OpenGLDrv@@YAXXZ 00445a36 f   gl_math.obj
 0001:00044be7       ?BuildRotationAxis@OpenGLDrv@@YAXAAUCAxis@@ABUCVec3@@M@Z 00445be7 f   gl_math.obj
 0001:00044cde       ?GetBoxRect@OpenGLDrv@@YA_NPBUrefEntity_t@1@ABUCVec3@@QAM2_N@Z 00445cde f   gl_math.obj
 0001:00044fe8       ?ProjectToScreen@OpenGLDrv@@YA_NABUCVec3@@QAH@Z 00445fe8 f   gl_math.obj
 0001:0004512b       ?SaturateColor3f@OpenGLDrv@@YAXAAUCVec3@@@Z 0044612b f   gl_math.obj
 0001:0004521b       ?SaturateColor4b@OpenGLDrv@@YAXPATcolor_t@@@Z 0044621b f   gl_math.obj
 0001:00045329       ?SubdividePlane@OpenGLDrv@@YAHPAPAUCVec3@@HM@Z 00446329 f   gl_poly.obj
 0001:00045778       ?FreeSubdividedPlane@OpenGLDrv@@YAXXZ 00446778 f   gl_poly.obj
 0001:00045790       ?GetSubdivideIndexes@OpenGLDrv@@YAXPAH@Z 00446790 f   gl_poly.obj
 0001:000457e3       ?RemoveCollinearPoints@OpenGLDrv@@YAHPAPAUCVec3@@H@Z 004467e3 f   gl_poly.obj
 0001:000458d9       ?GetPolyArea@OpenGLDrv@@YAMPAPAUCVec3@@H@Z 004468d9 f   gl_poly.obj
 0001:0004596d       ?InitShaders@OpenGLDrv@@YAXXZ 0044696d f   gl_shader.obj
 0001:00045ac4       ?ShutdownShaders@OpenGLDrv@@YAXXZ 00446ac4 f   gl_shader.obj
 0001:00045afe       ?GetLightmapImage@OpenGLDrv@@YAPAVimage_t@1@H@Z 00446afe f   gl_shader.obj
 0001:00045b26       ?SetShaderLightmap@OpenGLDrv@@YAPAVshader_t@1@PAV21@H@Z 00446b26 f   gl_shader.obj
 0001:00045e4b       ??4shader_t@OpenGLDrv@@QAEAAV01@ABV01@@Z 00446e4b f i gl_shader.obj
 0001:00045f7d       ??4CBasicImage@@QAEAAV0@ABV0@@Z 00446f7d f i gl_shader.obj
 0001:00046085       ?SetShaderLightstyles@OpenGLDrv@@YAPAVshader_t@1@PAV21@I@Z 00447085 f   gl_shader.obj
 0001:00046123       ?GetAlphaShader@OpenGLDrv@@YAPAVshader_t@1@PAV21@@Z 00447123 f   gl_shader.obj
 0001:000463e6       ?FindShader@OpenGLDrv@@YAPAVshader_t@1@PBDI@Z 004473e6 f   gl_shader.obj
 0001:000469ff       ?GetShaderByNum@OpenGLDrv@@YAPAVshader_t@1@H@Z 004479ff f   gl_shader.obj
 0001:00046a1d       ?ResetShaders@OpenGLDrv@@YAXXZ 00447a1d f   gl_shader.obj
 0001:00046eef       ?Reload@shader_t@OpenGLDrv@@UAEXXZ 00447eef f   gl_shader.obj
 0001:00046f1a       ?ClearSkyBox@OpenGLDrv@@YAXXZ 00447f1a f   gl_sky.obj
 0001:00046f31       ?SetSkyRotate@OpenGLDrv@@YAXMABUCVec3@@@Z 00447f31 f   gl_sky.obj
 0001:00046f69       ?SkyVisible@OpenGLDrv@@YA_NXZ 00447f69 f   gl_sky.obj
 0001:00046f82       ?AddSkySurface@OpenGLDrv@@YAXPAVsurfacePlanar_t@1@ABUCVec3@@E@Z 00447f82 f   gl_sky.obj
 0001:0004751d       ?TesselateSkySide@OpenGLDrv@@YAHHPAUbufVertex_t@1@PAUbufTexCoord_t@1@M@Z 0044851d f   gl_sky.obj
 0001:000477e2       ?DrawChar@OpenGLDrv@@YAXHHHH@Z 004487e2 f   gl_text.obj
 0001:0004780f       ?DrawConChar@OpenGLDrv@@YAXHHHH@Z 0044880f f   gl_text.obj
 0001:00047844       ?ClearTexts@OpenGLDrv@@YAXXZ 00448844 f   gl_text.obj
 0001:00047859       ?FlushTexts@OpenGLDrv@@YAXXZ 00448859 f   gl_text.obj
 0001:000478eb       ?DrawTextPos@OpenGLDrv@@YAXHHPBDI@Z 004488eb f   gl_text.obj
 0001:000479d2       ?DrawTextLeft@OpenGLDrv@@YAXPBDI@Z 004489d2 f   gl_text.obj
 0001:00047a59       ?DrawTextRight@OpenGLDrv@@YAXPBDI@Z 00448a59 f   gl_text.obj
 0001:00047aa3       ?DrawText3D@OpenGLDrv@@YAXABUCVec3@@PBDI@Z 00448aa3 f   gl_text.obj
 0001:00047ad0       ?InitTexts@OpenGLDrv@@YAXXZ 00448ad0 f   gl_text.obj
 0001:00047aea       ?LerpTag@model_t@OpenGLDrv@@UBEXHHMPBDAAUCCoords@@@Z 00448aea f   gl_trimodel.obj
 0001:00047af8       ?LerpTag@md3Model_t@OpenGLDrv@@UBEXHHMPBDAAUCCoords@@@Z 00448af8 f   gl_trimodel.obj
 0001:00047c1b       ?LoadMd2@OpenGLDrv@@YAPAVmd3Model_t@1@PBDPAEI@Z 00448c1b f   gl_trimodel.obj
 0001:00048754       ?ATAN2_FUNC@OpenGLDrv@@YAMMM@Z 00449754 f i gl_trimodel.obj
 0001:00048902       ?LoadMd3@OpenGLDrv@@YAPAVmd3Model_t@1@PBDPAEI@Z 00449902 f   gl_trimodel.obj
 0001:00048d94       ?FindSkin@OpenGLDrv@@YAPAVshader_t@1@PBD@Z 00449d94 f   gl_trimodel.obj
 0001:00048da5       ?LoadSp2@OpenGLDrv@@YAPAVsp2Model_t@1@PBDPAEI@Z 00449da5 f   gl_trimodel.obj
 0001:00048efa       ?CALL_CONSTRUCTOR@@YAXPAVmd3Model_t@OpenGLDrv@@@Z 00449efa f i gl_trimodel.obj
 0001:00048f10       ?CALL_CONSTRUCTOR@@YAXPAVsp2Model_t@OpenGLDrv@@@Z 00449f10 f i gl_trimodel.obj
 0001:0004a51b       ?QGL_Init@OpenGLDrv@@YA_NPBD@Z 0044b51b f   qgl_win.obj
 0001:0004a5fd       ?QGL_Shutdown@OpenGLDrv@@YAXXZ 0044b5fd f   qgl_win.obj
 0001:0004a63b       ?QGL_InitExtensions@OpenGLDrv@@YAXXZ 0044b63b f   qgl_win.obj
 0001:0004ab27       ?QGL_PrintExtensionsString@OpenGLDrv@@YAXPBD00@Z 0044bb27 f   qgl_win.obj
 0001:0004ac74       ?QGL_EnableLogging@OpenGLDrv@@YAX_N@Z 0044bc74 f   qgl_win.obj
 0001:0004ad2e       ?QGL_LogMessage@OpenGLDrv@@YAXPBD@Z 0044bd2e f   qgl_win.obj
 0001:0004ad45       ?QGL_SwapBuffers@OpenGLDrv@@YAXXZ 0044bd45 f   qgl_win.obj
 0001:0004ad9c       ?GLimp_HasGamma@OpenGLDrv@@YA_NXZ 0044bd9c f   gl_win.obj
 0001:0004adb0       ?GLimp_SetGamma@OpenGLDrv@@YAXM@Z 0044bdb0 f   gl_win.obj
 0001:0004af58       ?GLimp_SetMode@OpenGLDrv@@YA_NPAI0H_N@Z 0044bf58 f   gl_win.obj
 0001:0004b34e       ?GLimp_Shutdown@OpenGLDrv@@YAX_N@Z 0044c34e f   gl_win.obj
 0001:0004b3fb       ?AppActivate@OpenGLDrv@@YAX_N@Z 0044c3fb f   gl_win.obj
 0001:0004b46b       _jpeg_CreateDecompress     0044c46b f   lib:jdapimin.obj
 0001:0004b52b       _jpeg_read_header          0044c52b f   lib:jdapimin.obj
 0001:0004b58d       _jpeg_consume_input        0044c58d f   lib:jdapimin.obj
 0001:0004b7dc       _jpeg_finish_decompress    0044c7dc f   lib:jdapimin.obj
 0001:0004b873       _jpeg_start_decompress     0044c873 f   lib:jdapistd.obj
 0001:0004b9e0       _jpeg_read_scanlines       0044c9e0 f   lib:jdapistd.obj
 0001:0004ba64       _jpeg_resync_to_restart    0044ca64 f   lib:jdmarker.obj
 0001:0004bc29       _jinit_marker_reader       0044cc29 f   lib:jdmarker.obj
 0001:0004d0f4       _jpeg_CreateCompress       0044e0f4 f   lib:jcapimin.obj
 0001:0004d1a8       _jpeg_destroy_compress     0044e1a8 f   lib:jcapimin.obj
 0001:0004d1a8       _jpeg_destroy_decompress   0044e1a8 f   lib:jcapimin.obj
 0001:0004d1b3       _jpeg_suppress_tables      0044e1b3 f   lib:jcapimin.obj
 0001:0004d1fd       _jpeg_finish_compress      0044e1fd f   lib:jcapimin.obj
 0001:0004d2e7       _jpeg_start_compress       0044e2e7 f   lib:jcapistd.obj
 0001:0004d353       _jpeg_write_scanlines      0044e353 f   lib:jcapistd.obj
 0001:0004d3fe       _jpeg_add_quant_table      0044e3fe f   lib:jcparam.obj
 0001:0004d4b0       _jpeg_quality_scaling      0044e4b0 f   lib:jcparam.obj
 0001:0004d4d7       _jpeg_set_quality          0044e4d7 f   lib:jcparam.obj
 0001:0004d511       _jpeg_set_defaults         0044e511 f   lib:jcparam.obj
 0001:0004d6d7       _jpeg_default_colorspace   0044e6d7 f   lib:jcparam.obj
 0001:0004d727       _jpeg_set_colorspace       0044e727 f   lib:jcparam.obj
 0001:0004da42       _jpeg_stdio_dest           0044ea42 f   lib:jdatadst.obj
 0001:0004dc62       _crc32                     0044ec62 f   lib:crc32.obj
 0001:0004defc       _inflateReset              0044eefc f   lib:inflate.obj
 0001:0004df4a       _inflateInit2_             0044ef4a f   lib:inflate.obj
 0001:0004e003       _inflate                   0044f003 f   lib:inflate.obj
 0001:0004f2d8       _inflateEnd                004502d8 f   lib:inflate.obj
 0001:0004f316       _jinit_input_controller    00450316 f   lib:jdinput.obj
 0001:0004f7f9       _jinit_memory_mgr          004507f9 f   lib:jmemmgr.obj
 0001:00050335       _jpeg_abort                00451335 f   lib:jcomapi.obj
 0001:00050368       _jpeg_destroy              00451368 f   lib:jcomapi.obj
 0001:00050383       _jpeg_alloc_quant_table    00451383 f   lib:jcomapi.obj
 0001:0005039f       _jpeg_alloc_huff_table     0045139f f   lib:jcomapi.obj
 0001:000503bb       _jpeg_calc_output_dimensions 004513bb f   lib:jdmaster.obj
 0001:000504bb       _jinit_master_decompress   004514bb f   lib:jdmaster.obj
 0001:00050811       _jdiv_round_up             00451811 f   lib:jutils.obj
 0001:00050821       _jround_up                 00451821 f   lib:jutils.obj
 0001:00050839       _jcopy_sample_rows         00451839 f   lib:jutils.obj
 0001:00050877       _jcopy_block_row           00451877 f   lib:jutils.obj
 0001:00050890       _jzero_far                 00451890 f   lib:jutils.obj
 0001:000508a3       _jinit_marker_writer       004518a3 f   lib:jcmarker.obj
 0001:0005117f       _jinit_compress_master     0045217f f   lib:jcinit.obj
 0001:000511d8       _inflate_fast              004521d8 f   lib:inffast.obj
 0001:0005158d       _inflate_table             0045258d f   lib:inftrees.obj
 0001:00051941       _adler32                   00452941 f   lib:adler32.obj
 0001:00051a5a       _jinit_c_codec             00452a5a f   lib:jcodec.obj
 0001:00051a76       _jinit_d_codec             00452a76 f   lib:jcodec.obj
 0001:00051a92       _jpeg_get_small            00452a92 f   lib:jmemnobs.obj
 0001:00051a92       _jpeg_get_large            00452a92 f   lib:jmemnobs.obj
 0001:00051a9e       _jpeg_free_large           00452a9e f   lib:jmemnobs.obj
 0001:00051a9e       _jpeg_free_small           00452a9e f   lib:jmemnobs.obj
 0001:00051aaa       _jpeg_mem_available        00452aaa f   lib:jmemnobs.obj
 0001:00051aaf       _jpeg_open_backing_store   00452aaf f   lib:jmemnobs.obj
 0001:00051ac3       _jpeg_mem_init             00452ac3 f   lib:jmemnobs.obj
 0001:00051ac3       __matherr                  00452ac3 f   lib:jmemnobs.obj
 0001:00051ac6       _jinit_d_main_controller   00452ac6 f   lib:jdmainct.obj
 0001:00052111       _jinit_d_post_controller   00453111 f   lib:jdpostct.obj
 0001:000523bc       _jinit_upsampler           004533bc f   lib:jdsample.obj
 0001:000529fa       _jinit_color_deconverter   004539fa f   lib:jdcolor.obj
 0001:00052f10       _jinit_merged_upsampler    00453f10 f   lib:jdmerge.obj
 0001:00053460       _jinit_2pass_quantizer     00454460 f   lib:jquant2.obj
 0001:00054523       _jinit_1pass_quantizer     00455523 f   lib:jquant1.obj
 0001:00054f49       _jinit_c_main_controller   00455f49 f   lib:jcmainct.obj
 0001:000550b6       _jinit_c_prep_controller   004560b6 f   lib:jcprepct.obj
 0001:00055601       _jinit_downsampler         00456601 f   lib:jcsample.obj
 0001:00055e81       _jinit_color_converter     00456e81 f   lib:jccolor.obj
 0001:0005646b       _jinit_c_master_control    0045746b f   lib:jcmaster.obj
 0001:00056f5a       _jinit_lossy_c_codec       00457f5a f   lib:jclossy.obj
 0001:00056ff5       _jinit_lossless_c_codec    00457ff5 f   lib:jclossls.obj
 0001:0005708d       _jinit_lossy_d_codec       0045808d f   lib:jdlossy.obj
 0001:00057360       _jinit_lossless_d_codec    00458360 f   lib:jdlossls.obj
 0001:00057410       _jinit_c_coef_controller   00458410 f   lib:jccoefct.obj
 0001:00057af1       _jinit_shuff_encoder       00458af1 f   lib:jcshuff.obj
 0001:0005835c       _jinit_phuff_encoder       0045935c f   lib:jcphuff.obj
 0001:00058e01       _jinit_forward_dct         00459e01 f   lib:jcdctmgr.obj
 0001:000590d0       _jinit_c_diff_controller   0045a0d0 f   lib:jcdiffct.obj
 0001:000595f4       _jinit_lhuff_encoder       0045a5f4 f   lib:jclhuff.obj
 0001:00059d1e       _jinit_differencer         0045ad1e f   lib:jcpred.obj
 0001:0005a238       _jinit_c_scaler            0045b238 f   lib:jcscale.obj
 0001:0005a2ae       _jinit_d_coef_controller   0045b2ae f   lib:jdcoefct.obj
 0001:0005af8a       _jinit_shuff_decoder       0045bf8a f   lib:jdshuff.obj
 0001:0005b51f       _jinit_phuff_decoder       0045c51f f   lib:jdphuff.obj
 0001:0005c0bc       _jinit_inverse_dct         0045d0bc f   lib:jddctmgr.obj
 0001:0005c2a0       _jinit_d_diff_controller   0045d2a0 f   lib:jddiffct.obj
 0001:0005c7ce       _jinit_d_scaler            0045d7ce f   lib:jdscale.obj
 0001:0005c8cd       _jinit_undifferencer       0045d8cd f   lib:jdpred.obj
 0001:0005cc87       _jinit_lhuff_decoder       0045dc87 f   lib:jdlhuff.obj
 0001:0005d07c       _jpeg_make_c_derived_tbl   0045e07c f   lib:jchuff.obj
 0001:0005d27e       _jpeg_gen_optimal_table    0045e27e f   lib:jchuff.obj
 0001:0005d43d       _jpeg_fdct_float           0045e43d f   lib:jfdctflt.obj
 0001:0005d642       _jpeg_make_d_derived_tbl   0045e642 f   lib:jdhuff.obj
 0001:0005d8df       _jpeg_fill_bit_buffer      0045e8df f   lib:jdhuff.obj
 0001:0005d9ee       _jpeg_huff_decode          0045e9ee f   lib:jdhuff.obj
 0001:0005dace       _jpeg_idct_4x4             0045eace f   lib:jidctred.obj
 0001:0005ddbc       _jpeg_idct_2x2             0045edbc f   lib:jidctred.obj
 0001:0005df7e       _jpeg_idct_1x1             0045ef7e f   lib:jidctred.obj
 0001:0005dfba       _jpeg_idct_float           0045efba f   lib:jidctflt.obj
 0001:0005e390       __except_handler3          0045f390 f   MSVCRT:MSVCRT.dll
 0001:0005e3a0       __chkstk                   0045f3a0 f   MSVCRT:chkstk.obj
 0001:0005e3a0       __alloca_probe             0045f3a0 f   MSVCRT:chkstk.obj
 0001:0005e3cf       ??_Etype_info@@UAEPAXI@Z   0045f3cf f i MSVCRT:ti_inst.obj
 0001:0005e3cf       ??_Gtype_info@@UAEPAXI@Z   0045f3cf f i MSVCRT:ti_inst.obj
 0001:0005e3ec       __CxxThrowException@8      0045f3ec f   MSVCRT:MSVCRT.dll
 0001:0005e3f2       _strcpy                    0045f3f2 f   MSVCRT:MSVCRT.dll
 0001:0005e3f8       _strlen                    0045f3f8 f   MSVCRT:MSVCRT.dll
 0001:0005e3fe       _strcmp                    0045f3fe f   MSVCRT:MSVCRT.dll
 0001:0005e404       _sin                       0045f404 f   MSVCRT:MSVCRT.dll
 0001:0005e40a       _tan                       0045f40a f   MSVCRT:MSVCRT.dll
 0001:0005e410       _cos                       0045f410 f   MSVCRT:MSVCRT.dll
 0001:0005e416       _strcat                    0045f416 f   MSVCRT:MSVCRT.dll
 0001:0005e41c       _fmod                      0045f41c f   MSVCRT:MSVCRT.dll
 0001:0005e422       _atan2                     0045f422 f   MSVCRT:MSVCRT.dll
 0001:0005e428       _acos                      0045f428 f   MSVCRT:MSVCRT.dll
 0001:0005e42e       _sqrt                      0045f42e f   MSVCRT:MSVCRT.dll
 0001:0005e434       _atan                      0045f434 f   MSVCRT:MSVCRT.dll
[...]
 0001:0005c43e       _start_iMCU_row            0045d43e f   lib:jddiffct.obj
 0001:0005c483       _start_output_pass         0045d483 f   lib:jddiffct.obj
 0001:0005c48f       _decompress_data           0045d48f f   lib:jddiffct.obj
 0001:0005c5ff       _process_restart           0045d5ff f   lib:jddiffct.obj
 0001:0005a61f       _dummy_consume_data        0045b61f f   lib:jdcoefct.obj
 0001:0005c634       _consume_data              0045d634 f   lib:jddiffct.obj
 0001:0005c6ab       _output_data               0045d6ab f   lib:jddiffct.obj
 0001:0005c132       _start_pass                0045d132 f   lib:jddctmgr.obj
 0001:0005b584       _start_pass_phuff_decoder  0045c584 f   lib:jdphuff.obj
 0001:0005b7cd       _decode_mcu_DC_first       0045c7cd f   lib:jdphuff.obj
 0001:0005b9c5       _process_restart           0045c9c5 f   lib:jdphuff.obj
 0001:0005ba34       _decode_mcu_AC_first       0045ca34 f   lib:jdphuff.obj
 0001:0005bc54       _decode_mcu_DC_refine      0045cc54 f   lib:jdphuff.obj
 0001:0005bd29       _decode_mcu_AC_refine      0045cd29 f   lib:jdphuff.obj
 0001:0005afcb       _start_pass_huff_decoder   0045bfcb f   lib:jdshuff.obj
 0001:0005b103       _decode_mcu                0045c103 f   lib:jdshuff.obj
 0001:0005b4b3       _process_restart           0045c4b3 f   lib:jdshuff.obj
 0001:0005a3b1       _start_input_pass          0045b3b1 f   lib:jdcoefct.obj
 0001:0005a3c4       _start_iMCU_row            0045b3c4 f   lib:jdcoefct.obj
 0001:0005a409       _start_output_pass         0045b409 f   lib:jdcoefct.obj
 0001:0005a446       _decompress_onepass        0045b446 f   lib:jdcoefct.obj
 0001:0005a61f       _dummy_consume_data        0045b61f f   lib:jdcoefct.obj
 0001:0005a622       _consume_data              0045b622 f   lib:jdcoefct.obj
 0001:0005a7db       _decompress_data           0045b7db f   lib:jdcoefct.obj
 0001:0005a947       _smoothing_ok              0045b947 f   lib:jdcoefct.obj
 0001:0005aa32       _decompress_smooth_data    0045ba32 f   lib:jdcoefct.obj
 0001:0005a24a       _scaler_start_pass         0045b24a f   lib:jcscale.obj
 0001:0005a26d       _simple_downscale          0045b26d f   lib:jcscale.obj
 0001:0005a299       _noscale                   0045b299 f   lib:jcscale.obj
 0001:00059d42       _start_pass                0045ad42 f   lib:jcpred.obj
 0001:00059d9a       _reset_predictor           0045ad9a f   lib:jcpred.obj
 0001:00059dc7       _jpeg_difference_first_row 0045adc7 f   lib:jcpred.obj
 0001:00059eb1       _jpeg_difference1          0045aeb1 f   lib:jcpred.obj
 0001:00059f1f       _jpeg_difference2          0045af1f f   lib:jcpred.obj
 0001:00059f90       _jpeg_difference3          0045af90 f   lib:jcpred.obj
 0001:0005a008       _jpeg_difference4          0045b008 f   lib:jcpred.obj
 0001:0005a093       _jpeg_difference5          0045b093 f   lib:jcpred.obj
 0001:0005a126       _jpeg_difference6          0045b126 f   lib:jcpred.obj
 0001:0005a1b5       _jpeg_difference7          0045b1b5 f   lib:jcpred.obj
 0001:00059634       _start_pass_huff           0045a634 f   lib:jclhuff.obj
 0001:000597d1       _encode_mcus_huff          0045a7d1 f   lib:jclhuff.obj
 0001:000599bc       _emit_bits                 0045a9bc f   lib:jclhuff.obj
 0001:00059a5f       _dump_buffer               0045aa5f f   lib:jclhuff.obj
 0001:00059a83       _emit_restart              0045aa83 f   lib:jclhuff.obj
 0001:00059ace       _flush_bits                0045aace f   lib:jclhuff.obj
 0001:00059af2       _finish_pass_huff          0045aaf2 f   lib:jclhuff.obj
 0001:00059b5f       _encode_mcus_gather        0045ab5f f   lib:jclhuff.obj
 0001:00059c88       _finish_pass_gather        0045ac88 f   lib:jclhuff.obj
 0001:00058359       _need_optimization_pass    00459359 f   lib:jcshuff.obj
 0001:00059254       _start_pass_diff           0045a254 f   lib:jcdiffct.obj
 0001:0005755a       _start_iMCU_row            0045855a f   lib:jccoefct.obj
 0001:000592f2       _compress_data             0045a2f2 f   lib:jcdiffct.obj
 0001:00059488       _compress_first_pass       0045a488 f   lib:jcdiffct.obj
 0001:0005957d       _compress_output           0045a57d f   lib:jcdiffct.obj
 0001:00058e67       _start_pass_fdctmgr        00459e67 f   lib:jcdctmgr.obj
 0001:00058f69       _forward_DCT_float         00459f69 f   lib:jcdctmgr.obj
 0001:0005839c       _start_pass_phuff          0045939c f   lib:jcphuff.obj
 0001:00058509       _encode_mcu_DC_first       00459509 f   lib:jcphuff.obj
 0001:0005863b       _emit_bits                 0045963b f   lib:jcphuff.obj
 0001:000586e6       _dump_buffer               004596e6 f   lib:jcphuff.obj
 0001:0005871e       _emit_symbol               0045971e f   lib:jcphuff.obj
 0001:0005875e       _emit_restart              0045975e f   lib:jcphuff.obj
 0001:000587e7       _emit_eobrun               004597e7 f   lib:jcphuff.obj
 0001:0005886d       _encode_mcu_AC_first       0045986d f   lib:jcphuff.obj
 0001:00058a01       _encode_mcu_DC_refine      00459a01 f   lib:jcphuff.obj
 0001:00058abb       _encode_mcu_AC_refine      00459abb f   lib:jcphuff.obj
 0001:00058cd2       _finish_pass_phuff         00459cd2 f   lib:jcphuff.obj
 0001:00058d21       _finish_pass_gather_phuff  00459d21 f   lib:jcphuff.obj
 0001:00058de4       _need_optimization_pass    00459de4 f   lib:jcphuff.obj
 0001:00057b34       _start_pass_huff           00458b34 f   lib:jcshuff.obj
 0001:00057ca9       _encode_mcu_huff           00458ca9 f   lib:jcshuff.obj
 0001:00057db4       _encode_one_block          00458db4 f   lib:jcshuff.obj
 0001:00057f2b       _emit_bits                 00458f2b f   lib:jcshuff.obj
 0001:00057fce       _dump_buffer               00458fce f   lib:jcshuff.obj
 0001:00057ff2       _emit_restart              00458ff2 f   lib:jcshuff.obj
 0001:0005805f       _flush_bits                0045905f f   lib:jcshuff.obj
 0001:00058083       _finish_pass_huff          00459083 f   lib:jcshuff.obj
 0001:000580f2       _encode_mcu_gather         004590f2 f   lib:jcshuff.obj
 0001:000581a8       _htest_one_block           004591a8 f   lib:jcshuff.obj
 0001:0005826f       _finish_pass_gather        0045926f f   lib:jcshuff.obj
 0001:00058359       _need_optimization_pass    00459359 f   lib:jcshuff.obj
 0001:000574c5       _start_pass_coef           004584c5 f   lib:jccoefct.obj
 0001:0005755a       _start_iMCU_row            0045855a f   lib:jccoefct.obj
 0001:0005759c       _compress_data             0045859c f   lib:jccoefct.obj
 0001:00057783       _compress_first_pass       00458783 f   lib:jccoefct.obj
 0001:00057969       _compress_output           00458969 f   lib:jccoefct.obj
 0001:000573dd       _calc_output_dimensions    004583dd f   lib:jdlossls.obj
 0001:000573ee       _start_input_pass          004583ee f   lib:jdlossls.obj
 0001:0005711c       _calc_output_dimensions    0045811c f   lib:jdlossy.obj
 0001:0005728f       _start_input_pass          0045828f f   lib:jdlossy.obj
 0001:000572af       _latch_quant_tables        004582af f   lib:jdlossy.obj
 0001:00057347       _start_output_pass         00458347 f   lib:jdlossy.obj
 0001:0005706b       _start_pass                0045806b f   lib:jclossls.obj
 0001:00056fd7       _start_pass                00457fd7 f   lib:jclossy.obj
 0001:0005652c       _initial_setup             0045752c f   lib:jcmaster.obj
 0001:000566df       _validate_script           004576df f   lib:jcmaster.obj
 0001:00056ab7       _prepare_for_pass          00457ab7 f   lib:jcmaster.obj
 0001:00056c2f       _select_scan_parameters    00457c2f f   lib:jcmaster.obj
 0001:00056d30       _per_scan_setup            00457d30 f   lib:jcmaster.obj
 0001:00056edb       _pass_startup              00457edb f   lib:jcmaster.obj
 0001:00056f02       _finish_pass_master        00457f02 f   lib:jcmaster.obj
 0001:00056018       _rgb_ycc_start             00457018 f   lib:jccolor.obj
 0001:000560dc       _rgb_ycc_convert           004570dc f   lib:jccolor.obj
 0001:000561db       _rgb_gray_convert          004571db f   lib:jccolor.obj
 0001:00056260       _cmyk_ycck_convert         00457260 f   lib:jccolor.obj
 0001:00056398       _grayscale_convert         00457398 f   lib:jccolor.obj
 0001:000563f2       _null_convert              004573f2 f   lib:jccolor.obj
 0001:0001e79e       _null_method               0041f79e f   sv_game.obj
 0001:0001e79e       _start_pass_downsample     0041f79e f   sv_game.obj
 0001:00055764       _sep_downsample            00456764 f   lib:jcsample.obj
 0001:000557d9       _int_downsample            004567d9 f   lib:jcsample.obj
 0001:000558d1       _expand_right_edge         004568d1 f   lib:jcsample.obj
 0001:00055926       _fullsize_downsample       00456926 f   lib:jcsample.obj
 0001:0005596a       _h2v1_downsample           0045696a f   lib:jcsample.obj
 0001:000559fe       _h2v2_downsample           004569fe f   lib:jcsample.obj
 0001:00055aab       _h2v2_smooth_downsample    00456aab f   lib:jcsample.obj
 0001:00055d23       _fullsize_smooth_downsample 00456d23 f   lib:jcsample.obj
 0001:00055160       _start_pass_prep           00456160 f   lib:jcprepct.obj
 0001:0005519e       _pre_process_data          0045619e f   lib:jcprepct.obj
 0001:0005534c       _pre_process_context       0045634c f   lib:jcprepct.obj
 0001:00055505       _create_context_buffer     00456505 f   lib:jcprepct.obj
 0001:00054fd8       _start_pass_main           00455fd8 f   lib:jcmainct.obj
 0001:0005501a       _process_data_simple_main  0045601a f   lib:jcmainct.obj
 0001:000545ae       _create_colormap           004555ae f   lib:jquant1.obj
 0001:000546e0       _select_ncolors            004556e0 f   lib:jquant1.obj
 0001:000547b7       _create_colorindex         004557b7 f   lib:jquant1.obj
 0001:000548e3       _alloc_fs_workspace        004558e3 f   lib:jquant1.obj
 0001:0005491f       _start_pass_1_quant        0045591f f   lib:jquant1.obj
 0001:000549eb       _create_odither_tables     004559eb f   lib:jquant1.obj
 0001:00054a4a       _make_odither_array        00455a4a f   lib:jquant1.obj
 0001:00054aad       _color_quantize            00455aad f   lib:jquant1.obj
 0001:00054b38       _color_quantize3           00455b38 f   lib:jquant1.obj
 0001:00054bc6       _quantize_ord_dither       00455bc6 f   lib:jquant1.obj
 0001:00054cb1       _quantize3_ord_dither      00455cb1 f   lib:jquant1.obj
 0001:00054db1       _quantize_fs_dither        00455db1 f   lib:jquant1.obj
 0001:0001e79e       _finish_pass_1_quant       0041f79e f   sv_game.obj
 0001:00054f35       _new_color_map_1_quant     00455f35 f   lib:jquant1.obj
 0001:0005356f       _init_error_limit          0045456f f   lib:jquant2.obj
 0001:0005360e       _start_pass_2_quant        0045460e f   lib:jquant2.obj
 0001:00053710       _prescan_quantize          00454710 f   lib:jquant2.obj
 0001:0005377f       _pass2_no_dither           0045477f f   lib:jquant2.obj
 0001:0005382c       _fill_inverse_cmap         0045482c f   lib:jquant2.obj
 0001:000538f7       _find_nearby_colors        004548f7 f   lib:jquant2.obj
 0001:00053a9b       _find_best_colors          00454a9b f   lib:jquant2.obj
 0001:00053bb5       _pass2_fs_dither           00454bb5 f   lib:jquant2.obj
 0001:00053e24       _finish_pass1              00454e24 f   lib:jquant2.obj
 0001:00053e46       _select_colors             00454e46 f   lib:jquant2.obj
 0001:00053ed2       _update_box                00454ed2 f   lib:jquant2.obj
 0001:0005426c       _median_cut                0045526c f   lib:jquant2.obj
 0001:00054380       _find_biggest_color_pop    00455380 f   lib:jquant2.obj
 0001:000543af       _find_biggest_volume       004553af f   lib:jquant2.obj
 0001:000543d8       _compute_color             004553d8 f   lib:jquant2.obj
 0001:0001e79e       _finish_pass2              0041f79e f   sv_game.obj
 0001:00054514       _new_color_map_2_quant     00455514 f   lib:jquant2.obj
 0001:00052f86       _build_ycc_rgb_table       00453f86 f   lib:jdmerge.obj
 0001:00053036       _start_pass_merged_upsample 00454036 f   lib:jdmerge.obj
 0001:0005304b       _merged_2v_upsample        0045404b f   lib:jdmerge.obj
 0001:000530f2       _merged_1v_upsample        004540f2 f   lib:jdmerge.obj
 0001:00053123       _h2v1_merged_upsample      00454123 f   lib:jdmerge.obj
 0001:00053279       _h2v2_merged_upsample      00454279 f   lib:jdmerge.obj
 0001:00052b2a       _build_ycc_rgb_table       00453b2a f   lib:jdcolor.obj
 0001:00052bda       _ycc_rgb_convert           00453bda f   lib:jdcolor.obj
 0001:00052ce8       _null_convert              00453ce8 f   lib:jdcolor.obj
 0001:00052d60       _grayscale_convert         00453d60 f   lib:jdcolor.obj
 0001:00052d83       _gray_rgb_convert          00453d83 f   lib:jdcolor.obj
 0001:00052ddc       _ycck_cmyk_convert         00453ddc f   lib:jdcolor.obj
 0001:0001e79e       _start_pass_dcolor         0041f79e f   sv_game.obj
 0001:0005258b       _start_pass_upsample       0045358b f   lib:jdsample.obj
 0001:000525a5       _sep_upsample              004535a5 f   lib:jdsample.obj
 0001:00052672       _fullsize_upsample         00453672 f   lib:jdsample.obj
 0001:0005267d       _noop_upsample             0045367d f   lib:jdsample.obj
 0001:00052685       _int_upsample              00453685 f   lib:jdsample.obj
 0001:0005276f       _h2v1_upsample             0045376f f   lib:jdsample.obj
 0001:000527c6       _h2v2_upsample             004537c6 f   lib:jdsample.obj
 0001:00052838       _h2v1_fancy_upsample       00453838 f   lib:jdsample.obj
 0001:000528db       _h2v2_fancy_upsample       004538db f   lib:jdsample.obj
 0001:00052194       _start_pass_dpost          00453194 f   lib:jdpostct.obj
 0001:0005223a       _post_process_1pass        0045323a f   lib:jdpostct.obj
 0001:0005229f       _post_process_prepass      0045329f f   lib:jdpostct.obj
 0001:00052330       _post_process_2pass        00453330 f   lib:jdpostct.obj
 0001:00051b9b       _alloc_funny_pointers      00452b9b f   lib:jdmainct.obj
 0001:00051c48       _start_pass_main           00452c48 f   lib:jdmainct.obj
 0001:00051cb0       _make_funny_pointers       00452cb0 f   lib:jdmainct.obj
 0001:00051df0       _process_data_simple_main  00452df0 f   lib:jdmainct.obj
 0001:00051e58       _process_data_context_main 00452e58 f   lib:jdmainct.obj
 0001:00051f6a       _set_wraparound_pointers   00452f6a f   lib:jdmainct.obj
 0001:00052054       _set_bottom_pointers       00453054 f   lib:jdmainct.obj
 0001:000520ee       _process_data_crank_post   004530ee f   lib:jdmainct.obj
 0001:000508f1       _write_marker_header       004518f1 f   lib:jcmarker.obj
 0001:00050947       _emit_byte                 00451947 f   lib:jcmarker.obj
 0001:00050978       _write_marker_byte         00451978 f   lib:jcmarker.obj
 0001:00050988       _write_file_header         00451988 f   lib:jcmarker.obj
 0001:000509d4       _emit_jfif_app0            004519d4 f   lib:jcmarker.obj
 0001:00050aa7       _emit_adobe_app14          00451aa7 f   lib:jcmarker.obj
 0001:00050b4d       _write_frame_header        00451b4d f   lib:jcmarker.obj
 0001:00050c2c       _emit_dqt                  00451c2c f   lib:jcmarker.obj
 0001:00050d1b       _emit_sof                  00451d1b f   lib:jcmarker.obj
 0001:00050df7       _write_scan_header         00451df7 f   lib:jcmarker.obj
 0001:00050eb7       _emit_dht                  00451eb7 f   lib:jcmarker.obj
 0001:00050f90       _emit_dri                  00451f90 f   lib:jcmarker.obj
 0001:00050fdf       _emit_sos                  00451fdf f   lib:jcmarker.obj
 0001:000510cd       _write_file_trailer        004520cd f   lib:jcmarker.obj
 0001:000510ed       _write_tables_only         004520ed f   lib:jcmarker.obj
 0001:00050446       _use_merged_upsample       00451446 f   lib:jdmaster.obj
 0001:000504ec       _master_selection          004514ec f   lib:jdmaster.obj
 0001:00050649       _prepare_range_limit_table 00451649 f   lib:jdmaster.obj
 0001:000506cf       _prepare_for_output_pass   004516cf f   lib:jdmaster.obj
 0001:000507f0       _finish_output_pass        004517f0 f   lib:jdmaster.obj
 0001:0004f8bd       _alloc_small               004508bd f   lib:jmemmgr.obj
 0001:0004f9db       _alloc_large               004509db f   lib:jmemmgr.obj
 0001:0004fa8c       _alloc_sarray              00450a8c f   lib:jmemmgr.obj
 0001:0004fb24       _alloc_barray              00450b24 f   lib:jmemmgr.obj
 0001:0004fbc8       _alloc_darray              00450bc8 f   lib:jmemmgr.obj
 0001:0004fc73       _request_virt_sarray       00450c73 f   lib:jmemmgr.obj
 0001:0004fcd4       _request_virt_barray       00450cd4 f   lib:jmemmgr.obj
 0001:0004fd35       _realize_virt_arrays       00450d35 f   lib:jmemmgr.obj
 0001:0004feb8       _access_virt_sarray        00450eb8 f   lib:jmemmgr.obj
 0001:0004ffd8       _do_sarray_io              00450fd8 f   lib:jmemmgr.obj
 0001:00050068       _access_virt_barray        00451068 f   lib:jmemmgr.obj
 0001:0005018d       _do_barray_io              0045118d f   lib:jmemmgr.obj
 0001:0005021e       _free_pool                 0045121e f   lib:jmemmgr.obj
 0001:00050305       _self_destruct             00451305 f   lib:jmemmgr.obj
 0001:0004f357       _start_input_pass          00450357 f   lib:jdinput.obj
 0001:0004f385       _per_scan_setup            00450385 f   lib:jdinput.obj
 0001:0004f50b       _finish_input_pass         0045050b f   lib:jdinput.obj
 0001:0004f51c       _consume_markers           0045051c f   lib:jdinput.obj
 0001:0004f5b8       _initial_setup             004505b8 f   lib:jdinput.obj
 0001:0004f7c2       _reset_input_controller    004507c2 f   lib:jdinput.obj
 0001:0004f110       _fixedtables               00450110 f   lib:inflate.obj
 0001:0004f1fa       _updatewindow              004501fa f   lib:inflate.obj
 0001:0004db42       _make_crc_table            0044eb42 f   lib:crc32.obj
 0001:0004dc8f       _crc32_little              0044ec8f f   lib:crc32.obj
 0001:0004da7e       _init_destination          0044ea7e f   lib:jdatadst.obj
 0001:0004daa4       _empty_output_buffer       0044eaa4 f   lib:jdatadst.obj
 0001:0004dae6       _term_destination          0044eae6 f   lib:jdatadst.obj
 0001:0004d605       _std_huff_tables           0044e605 f   lib:jcparam.obj
 0001:0004d65f       _add_huff_table            0044e65f f   lib:jcparam.obj
 0001:0004bb52       _next_marker               0044cb52 f   lib:jdmarker.obj
 0001:0004bc8c       _get_interesting_appn      0044cc8c f   lib:jdmarker.obj
 0001:0004bdb7       _examine_app0              0044cdb7 f   lib:jdmarker.obj
 0001:0004bfc5       _examine_app14             0044cfc5 f   lib:jdmarker.obj
 0001:0004c086       _skip_variable             0044d086 f   lib:jdmarker.obj
 0001:0004c129       _read_markers              0044d129 f   lib:jdmarker.obj
 0001:0004c331       _get_soi                   0044d331 f   lib:jdmarker.obj
 0001:0004c3dc       _get_sof                   0044d3dc f   lib:jdmarker.obj
 0001:0004c6e5       _get_sos                   0044d6e5 f   lib:jdmarker.obj
 0001:0004c9d3       _get_dht                   0044d9d3 f   lib:jdmarker.obj
 0001:0004cc74       _get_dqt                   0044dc74 f   lib:jdmarker.obj
 0001:0004ced0       _get_dri                   0044ded0 f   lib:jdmarker.obj
 0001:0004cfaf       _first_marker              0044dfaf f   lib:jdmarker.obj
 0001:0004d04b       _read_restart_marker       0044e04b f   lib:jdmarker.obj
 0001:0004d0c9       _reset_marker_reader       0044e0c9 f   lib:jdmarker.obj
 0001:0004b936       _output_pass_setup         0044c936 f   lib:jdapistd.obj
 0001:0004b629       _default_decompress_parms  0044c629 f   lib:jdapimin.obj

 128 bytes saved through ICF

