 quake2

 Timestamp is 3f13f57f (Tue Jul 15 16:37:19 2003)

 Preferred load address is 00400000

 Start         Length     Name                   Class
 0001:00000000 0006b500H .text                   CODE
 0002:00000000 00000364H .idata$5                DATA
 0002:00000368 00001974H .rdata                  DATA
 0002:00001cdc 00000078H .idata$2                DATA
 0002:00001d54 00000014H .idata$3                DATA
 0002:00001d68 00000364H .idata$4                DATA
 0002:000020cc 00000b66H .idata$6                DATA
 0002:00002c32 00000000H .edata                  DATA
 0003:00000000 00000004H .CRT$XCA                DATA
 0003:00000004 00000004H .CRT$XCZ                DATA
 0003:00000008 00000004H .CRT$XIA                DATA
 0003:0000000c 00000004H .CRT$XIZ                DATA
 0003:00000010 00014f24H .data                   DATA
 0003:00014f38 00a55fc4H .bss                    DATA
 0004:00000000 00000130H .rsrc$01                DATA
 0004:00000130 00003f20H .rsrc$02                DATA

  Address         Publics by Value              Rva+Base     Lib:Object

 0001:00000000       _CDAudio_Play2             00401000 f   cd_win.obj
 0001:000001e5       _CDAudio_Play              004011e5 f   cd_win.obj
 0001:000001fc       _CDAudio_Stop              004011fc f   cd_win.obj
 0001:00000241       _CDAudio_Pause             00401241 f   cd_win.obj
 0001:0000029a       _CDAudio_Resume            0040129a f   cd_win.obj
 0001:0000030c       _CDAudio_MessageHandler    0040130c f   cd_win.obj
 0001:000003a3       _CDAudio_Update            004013a3 f   cd_win.obj
 0001:000003da       _CDAudio_Init              004013da f   cd_win.obj
 0001:000007d1       _CDAudio_Shutdown          004017d1 f   cd_win.obj
 0001:00000804       _CDAudio_Activate          00401804 f   cd_win.obj
 0001:00000815       _SCR_StopCinematic         00401815 f   cl_cin.obj
 0001:000008b1       _SCR_FinishCinematic       004018b1 f   cl_cin.obj
 0001:000008f3       _SCR_RunCinematic          004018f3 f   cl_cin.obj
 0001:00000d0f       _SCR_DrawCinematic         00401d0f f   cl_cin.obj
 0001:00000db3       _SCR_PlayCinematic         00401db3 f   cl_cin.obj
 0001:000010fd       _CL_ParseEntityBits        004020fd f   cl_ents.obj
 0001:0000115f       _CL_ParseDelta             0040215f f   cl_ents.obj
 0001:000014d9       _CL_DeltaEntity            004024d9 f   cl_ents.obj
 0001:00001646       _CL_ParsePacketEntities    00402646 f   cl_ents.obj
 0001:00001872       _CL_ParsePlayerstate       00402872 f   cl_ents.obj
 0001:00001b80       _CL_FireEntityEvents       00402b80 f   cl_ents.obj
 0001:00001bd2       _CL_ParseFrame             00402bd2 f   cl_ents.obj
 0001:00001e71       _CL_OffsetThirdPersonView  00402e71 f   cl_ents.obj
 0001:00001f54       _CL_CalcViewValues         00402f54 f   cl_ents.obj
 0001:0000220c       _CL_AddEntities            0040320c f   cl_ents.obj
 0001:00002f45       _CL_GetEntitySoundOrigin   00403f45 f   cl_ents.obj
 0001:00002f81       _CL_ClearLightStyles       00403f81 f   cl_fx.obj
 0001:00003005       _CL_RunLightStyles         00404005 f   cl_fx.obj
 0001:0000309f       _CL_SetLightstyle          0040409f f   cl_fx.obj
 0001:00003109       _CL_AllocDlight            00404109 f   cl_fx.obj
 0001:00003174       _CL_RunDLights             00404174 f   cl_fx.obj
 0001:000031c6       _CL_AddDLights             004041c6 f   cl_fx.obj
 0001:0000320f       _CL_ClearParticles         0040420f f   cl_fx.obj
 0001:00003261       _CL_AllocParticleTrace     00404261 f   cl_fx.obj
 0001:00003306       _CL_AllocParticleBeam      00404306 f   cl_fx.obj
 0001:0000336b       _CL_AllocParticle          0040436b f   cl_fx.obj
 0001:000033ba       _CL_UpdateParticles        004043ba f   cl_fx.obj
 0001:00003981       _CL_MetalSparks            00404981 f   cl_fx.obj
 0001:00003a60       _CL_ParseMuzzleFlash       00404a60 f   cl_fx.obj
 0001:0000427b       _CL_ParseMuzzleFlash2      0040527b f   cl_fx.obj
 0001:0000495a       _CL_ParticleEffect         0040595a f   cl_fx.obj
 0001:00004a29       _CL_ParticleEffect2        00405a29 f   cl_fx.obj
 0001:00004af4       _CL_ParticleEffect3        00405af4 f   cl_fx.obj
 0001:00004bc4       _CL_TeleporterParticles    00405bc4 f   cl_fx.obj
 0001:00004c7b       _CL_LogoutEffect           00405c7b f   cl_fx.obj
 0001:00004d66       _CL_ItemRespawnParticles   00405d66 f   cl_fx.obj
 0001:00004e15       _CL_ExplosionParticles     00405e15 f   cl_fx.obj
 0001:00004ebf       _CL_BigTeleportParticles   00405ebf f   cl_fx.obj
 0001:00005016       _CL_BlasterParticles       00406016 f   cl_fx.obj
 0001:000050e2       _CL_BlasterTrail           004060e2 f   cl_fx.obj
 0001:000051db       _CL_FlagTrail              004061db f   cl_fx.obj
 0001:000052e1       _CL_DiminishingTrail       004062e1 f   cl_fx.obj
 0001:0000554b       _CL_RocketTrail            0040654b f   cl_fx.obj
 0001:0000567a       _CL_RailTrail              0040667a f   cl_fx.obj
 0001:000058aa       _CL_RailTrailExt           004068aa f   cl_fx.obj
 0001:0000599c       _CL_IonripperTrail         0040699c f   cl_fx.obj
 0001:00005ab0       _CL_BubbleTrail            00406ab0 f   cl_fx.obj
 0001:00005bd4       _CL_FlyParticles           00406bd4 f   cl_fx.obj
 0001:00005d79       _CL_FlyEffect              00406d79 f   cl_fx.obj
 0001:00005dfc       _CL_BfgParticles           00406dfc f   cl_fx.obj
 0001:00005fd9       _CL_TrapParticles          00406fd9 f   cl_fx.obj
 0001:0000627b       _CL_BFGExplosionParticles  0040727b f   cl_fx.obj
 0001:00006325       _CL_TeleportParticles      00407325 f   cl_fx.obj
 0001:0000645e       _CL_EntityEvent            0040745e f   cl_fx.obj
 0001:0000663c       _CL_ClearEffects           0040763c f   cl_fx.obj
 0001:0000665a       _IN_KLookDown              0040765a f   cl_input.obj
 0001:000066dc       _IN_KLookUp                004076dc f   cl_input.obj
 0001:00006762       _IN_UpDown                 00407762 f   cl_input.obj
 0001:0000676e       _IN_UpUp                   0040776e f   cl_input.obj
 0001:0000677a       _IN_DownDown               0040777a f   cl_input.obj
 0001:00006786       _IN_DownUp                 00407786 f   cl_input.obj
 0001:00006792       _IN_LeftDown               00407792 f   cl_input.obj
 0001:0000679e       _IN_LeftUp                 0040779e f   cl_input.obj
 0001:000067aa       _IN_RightDown              004077aa f   cl_input.obj
 0001:000067b6       _IN_RightUp                004077b6 f   cl_input.obj
 0001:000067c2       _IN_ForwardDown            004077c2 f   cl_input.obj
 0001:000067ce       _IN_ForwardUp              004077ce f   cl_input.obj
 0001:000067da       _IN_BackDown               004077da f   cl_input.obj
 0001:000067e6       _IN_BackUp                 004077e6 f   cl_input.obj
 0001:000067f2       _IN_LookupDown             004077f2 f   cl_input.obj
 0001:000067fe       _IN_LookupUp               004077fe f   cl_input.obj
 0001:0000680a       _IN_LookdownDown           0040780a f   cl_input.obj
 0001:00006816       _IN_LookdownUp             00407816 f   cl_input.obj
 0001:00006822       _IN_MoveleftDown           00407822 f   cl_input.obj
 0001:0000682e       _IN_MoveleftUp             0040782e f   cl_input.obj
 0001:0000683a       _IN_MoverightDown          0040783a f   cl_input.obj
 0001:00006846       _IN_MoverightUp            00407846 f   cl_input.obj
 0001:00006852       _IN_SpeedDown              00407852 f   cl_input.obj
 0001:0000685e       _IN_SpeedUp                0040785e f   cl_input.obj
 0001:0000686a       _IN_StrafeDown             0040786a f   cl_input.obj
 0001:00006876       _IN_StrafeUp               00407876 f   cl_input.obj
 0001:00006882       _IN_AttackDown             00407882 f   cl_input.obj
 0001:0000688e       _IN_AttackUp               0040788e f   cl_input.obj
 0001:0000689a       _IN_UseDown                0040789a f   cl_input.obj
 0001:000068a6       _IN_UseUp                  004078a6 f   cl_input.obj
 0001:000068b2       _IN_Impulse                004078b2 f   cl_input.obj
 0001:000068c8       _CL_KeyState               004078c8 f   cl_input.obj
 0001:00006928       _CL_AdjustAngles           00407928 f   cl_input.obj
 0001:00006a37       _CL_BaseMove               00407a37 f   cl_input.obj
 0001:00006c11       _CL_ClampPitch             00407c11 f   cl_input.obj
 0001:00006cbf       _CL_FinishMove             00407cbf f   cl_input.obj
 0001:00006d81       _CL_CreateCmd              00407d81 f   cl_input.obj
 0001:00006de7       _IN_CenterView             00407de7 f   cl_input.obj
 0001:00006e08       _CL_InitInput              00407e08 f   cl_input.obj
 0001:0000700e       _CL_SendCmd                0040800e f   cl_input.obj
 0001:000071f7       _CL_ParseInventory         004081f7 f   cl_inv.obj
 0001:00007217       _CL_DrawInventory          00408217 f   cl_inv.obj
 0001:0000748e       _CL_WriteDemoMessage       0040848e f   cl_main.obj
 0001:000074d0       _CL_Stop_f                 004084d0 f   cl_main.obj
 0001:0000752b       _CL_Record_f               0040852b f   cl_main.obj
 0001:000077ce       _Cmd_ForwardToServer       004087ce f   cl_main.obj
 0001:0000783a       _CL_Setenv_f               0040883a f   cl_main.obj
 0001:000078fe       _CL_ForwardToServer_f      004088fe f   cl_main.obj
 0001:0000794c       _CL_Pause_f                0040894c f   cl_main.obj
 0001:00007985       _CL_Quit_f                 00408985 f   cl_main.obj
 0001:0000798f       _CL_Drop                   0040898f f   cl_main.obj
 0001:000079b1       _CL_SendConnectPacket      004089b1 f   cl_main.obj
 0001:00007a88       _CL_CheckForResend         00408a88 f   cl_main.obj
 0001:00007b8c       _CL_Connect_f              00408b8c f   cl_main.obj
 0001:00007c0b       _CL_Rcon_f                 00408c0b f   cl_main.obj
 0001:00007d16       _CL_ClearState             00408d16 f   cl_main.obj
 0001:00007d55       _CL_Disconnect             00408d55 f   cl_main.obj
 0001:00007e92       _CL_Disconnect_f           00408e92 f   cl_main.obj
 0001:00007ea1       _CL_Changing_f             00408ea1 f   cl_main.obj
 0001:00007ec5       _CL_Reconnect_f            00408ec5 f   cl_main.obj
 0001:00007f61       _CL_ParseStatusMessage     00408f61 f   cl_main.obj
 0001:00007f98       _CL_PingServers_f          00408f98 f   cl_main.obj
 0001:00008100       _CL_Skins_f                00409100 f   cl_main.obj
 0001:0000813c       _CL_ConnectionlessPacket   0040913c f   cl_main.obj
 0001:00008465       _CL_ReadPackets            00409465 f   cl_main.obj
 0001:0000855f       _CL_FixUpGender            0040955f f   cl_main.obj
 0001:00008610       _CL_Userinfo_f             00409610 f   cl_main.obj
 0001:00008628       _CL_Snd_Restart_f          00409628 f   cl_main.obj
 0001:00008637       _CL_RequestNextDownload    00409637 f   cl_main.obj
 0001:00008c7a       _CL_Precache_f             00409c7a f   cl_main.obj
 0001:00008d40       _CL_WriteConfiguration     00409d40 f   cl_main.obj
 0001:00008dd1       _CL_WriteConfig_f          00409dd1 f   cl_main.obj
 0001:00008e30       _CL_InitLocal              00409e30 f   cl_main.obj
 0001:00009050       _CL_FixCvarCheats          0040a050 f   cl_main.obj
 0001:000090a1       _CL_SendCommand            0040a0a1 f   cl_main.obj
 0001:000090bf       _CL_Frame                  0040a0bf f   cl_main.obj
 0001:0000929b       _CL_Init                   0040a29b f   cl_main.obj
 0001:000092e8       _CL_Shutdown               0040a2e8 f   cl_main.obj
 0001:0000932e       _vectoangles2              0040a32e f   cl_newfx.obj
 0001:00009430       _CL_Flashlight             0040a430 f   cl_newfx.obj
 0001:00009480       _CL_ColorFlash             0040a480 f   cl_newfx.obj
 0001:000094d2       _CL_DebugTrail             0040a4d2 f   cl_newfx.obj
 0001:000095c9       _CL_ForceWall              0040a5c9 f   cl_newfx.obj
 0001:00009703       _CL_BubbleTrail2           0040a703 f   cl_newfx.obj
 0001:00009833       _CL_Heatbeam               0040a833 f   cl_newfx.obj
 0001:00009aab       _CL_ParticleSteamEffect    0040aaab f   cl_newfx.obj
 0001:00009bb7       _CL_ParticleSteamEffect2   0040abb7 f   cl_newfx.obj
 0001:00009cd6       _CL_TrackerTrail           0040acd6 f   cl_newfx.obj
 0001:00009e1b       _CL_Tracker_Shell          0040ae1b f   cl_newfx.obj
 0001:00009e92       _CL_MonsterPlasma_Shell    0040ae92 f   cl_newfx.obj
 0001:00009f06       _CL_Widowbeamout           0040af06 f   cl_newfx.obj
 0001:00009fad       _CL_Nukeblast              0040afad f   cl_newfx.obj
 0001:0000a054       _CL_WidowSplash            0040b054 f   cl_newfx.obj
 0001:0000a10f       _CL_TagTrail               0040b10f f   cl_newfx.obj
 0001:0000a215       _CL_ColorExplosionParticles 0040b215 f   cl_newfx.obj
 0001:0000a2c2       _CL_ParticleSmokeEffect    0040b2c2 f   cl_newfx.obj
 0001:0000a3cc       _CL_BlasterParticles2      0040b3cc f   cl_newfx.obj
 0001:0000a499       _CL_BlasterTrail2          0040b499 f   cl_newfx.obj
 0001:0000a592       _CL_DownloadFileName       0040b592 f   cl_parse.obj
 0001:0000a5d1       _CL_CheckOrDownloadFile    0040b5d1 f   cl_parse.obj
 0001:0000a80c       _CL_Download_f             0040b80c f   cl_parse.obj
 0001:0000a8d7       _CL_RegisterSounds         0040b8d7 f   cl_parse.obj
 0001:0000a916       _CL_ParseDownload          0040b916 f   cl_parse.obj
 0001:0000aa83       _CL_ParseServerData        0040ba83 f   cl_parse.obj
 0001:0000ab89       _CL_ParseBaseline          0040bb89 f   cl_parse.obj
 0001:0000abd1       _CL_LoadClientinfo         0040bbd1 f   cl_parse.obj
 0001:0000aec0       _CL_ParseClientinfo        0040bec0 f   cl_parse.obj
 0001:0000aee4       _CL_ParseConfigString      0040bee4 f   cl_parse.obj
 0001:0000b086       _CL_ParseStartSoundPacket  0040c086 f   cl_parse.obj
 0001:0000b188       _CL_ParseServerMessage     0040c188 f   cl_parse.obj
 0001:0000b45b       _CL_CheckPredictionError   0040c45b f   cl_pred.obj
 0001:0000b57a       _CL_ClipMoveToEntities     0040c57a f   cl_pred.obj
 0001:0000b7ed       _CL_PMTrace                0040c7ed f   cl_pred.obj
 0001:0000b85c       _CL_PMpointcontents        0040c85c f   cl_pred.obj
 0001:0000b90e       _CL_PredictMovement        0040c90e f   cl_pred.obj
 0001:0000bb17       _CL_AddNetgraph            0040cb17 f   cl_scrn.obj
 0001:0000bbf1       _SCR_DebugGraph            0040cbf1 f   cl_scrn.obj
 0001:0000bc19       _SCR_DrawDebugGraph        0040cc19 f   cl_scrn.obj
 0001:0000bcf8       _SCR_CenterPrint           0040ccf8 f   cl_scrn.obj
 0001:0000be09       _SCR_DrawCenterString      0040ce09 f   cl_scrn.obj
 0001:0000bf5e       _SCR_SizeUp_f              0040cf5e f   cl_scrn.obj
 0001:0000bf77       _SCR_SizeDown_f            0040cf77 f   cl_scrn.obj
 0001:0000bf98       _SCR_Sky_f                 0040cf98 f   cl_scrn.obj
 0001:0000c043       _SCR_Init                  0040d043 f   cl_scrn.obj
 0001:0000c0a8       _SCR_DrawNet               0040d0a8 f   cl_scrn.obj
 0001:0000c0e3       _SCR_DrawPause             0040d0e3 f   cl_scrn.obj
 0001:0000c14c       _SCR_RunConsole            0040d14c f   cl_scrn.obj
 0001:0000c22e       _SCR_DrawConsole           0040d22e f   cl_scrn.obj
 0001:0000c2c6       _SCR_SetLevelshot          0040d2c6 f   cl_scrn.obj
 0001:0000c331       _SCR_DrawLoading           0040d331 f   cl_scrn.obj
 0001:0000c3ea       _SCR_BeginLoadingPlaque    0040d3ea f   cl_scrn.obj
 0001:0000c44a       _SCR_EndLoadingPlaque      0040d44a f   cl_scrn.obj
 0001:0000c468       _SCR_Loading_f             0040d468 f   cl_scrn.obj
 0001:0000c46d       _SCR_TimeRefresh_f         0040d46d f   cl_scrn.obj
 0001:0000c544       _SCR_AddDirtyPoint         0040d544 f   cl_scrn.obj
 0001:0000c581       _SCR_DirtyScreen           0040d581 f   cl_scrn.obj
 0001:0000c5fc       _SCR_TileClear             0040d5fc f   cl_scrn.obj
 0001:0000c7d7       _DrawHUDString             0040d7d7 f   cl_scrn.obj
 0001:0000c889       _SCR_DrawField             0040d889 f   cl_scrn.obj
 0001:0000c9ad       _SCR_TouchPics             0040d9ad f   cl_scrn.obj
 0001:0000ca40       _SCR_ExecuteLayoutString   0040da40 f   cl_scrn.obj
 0001:0000d3f1       _SCR_UpdateScreen          0040e3f1 f   cl_scrn.obj
 0001:0000d6e1       _CL_RegisterTEntSounds     0040e6e1 f   cl_tent.obj
 0001:0000d919       _CL_RegisterTEntModels     0040e919 f   cl_tent.obj
 0001:0000da9f       _CL_ClearTEnts             0040ea9f f   cl_tent.obj
 0001:0000daf6       _CL_AllocExplosion         0040eaf6 f   cl_tent.obj
 0001:0000db48       _CL_AddExplosions          0040eb48 f   cl_tent.obj
 0001:0000dd97       _CL_SmokeAndFlash          0040ed97 f   cl_tent.obj
 0001:0000ddfe       _CL_ParseBeam              0040edfe f   cl_tent.obj
 0001:0000deed       _CL_ParseBeam2             0040eeed f   cl_tent.obj
 0001:0000dfed       _CL_ParsePlayerBeam        0040efed f   cl_tent.obj
 0001:0000e129       _CL_ParseLightning         0040f129 f   cl_tent.obj
 0001:0000e1ff       _CL_ParseLaser             0040f1ff f   cl_tent.obj
 0001:0000e2a4       _CL_ParseSteam             0040f2a4 f   cl_tent.obj
 0001:0000e3b5       _CL_ParseWidow             0040f3b5 f   cl_tent.obj
 0001:0000e421       _CL_ParseNuke              0040f421 f   cl_tent.obj
 0001:0000e48b       _CL_ParseTEnt              0040f48b f   cl_tent.obj
 0001:0000f357       _CL_AddBeams               00410357 f   cl_tent.obj
 0001:0000f683       _CL_AddPlayerBeams         00410683 f   cl_tent.obj
 0001:0000fd90       _CL_AddLasers              00410d90 f   cl_tent.obj
 0001:0000fdb5       _CL_ProcessSustain         00410db5 f   cl_tent.obj
 0001:0000fdf6       _CL_AddTEnts               00410df6 f   cl_tent.obj
 0001:0000fe0f       _V_AddEntity               00410e0f f   cl_view.obj
 0001:0000fe3e       _V_AddLight                00410e3e f   cl_view.obj
 0001:0000fe89       _V_TestParticles           00410e89 f   cl_view.obj
 0001:0000ff47       _V_TestEntities            00410f47 f   cl_view.obj
 0001:0000ffe9       _V_TestLights              00410fe9 f   cl_view.obj
 0001:000100bc       _CL_PrepRefresh            004110bc f   cl_view.obj
 0001:0001038f       _CalcFov                   0041138f f   cl_view.obj
 0001:00010408       _V_Gun_Next_f              00411408 f   cl_view.obj
 0001:00010421       _V_Gun_Prev_f              00411421 f   cl_view.obj
 0001:00010443       _V_Gun_Model_f             00411443 f   cl_view.obj
 0001:00010477       _SCR_DrawCrosshair         00411477 f   cl_view.obj
 0001:000104ec       _V_RenderView              004114ec f   cl_view.obj
 0001:000110ca       _V_Init                    004120ca f   cl_view.obj
 0001:000112c4       _Cbuf_Init                 004122c4 f   cmd.obj
 0001:000112dc       _Cbuf_AddText              004122dc f   cmd.obj
 0001:00011338       _Cbuf_InsertText           00412338 f   cmd.obj
 0001:00011390       _Cbuf_CopyToDefer          00412390 f   cmd.obj
 0001:000113bc       _Cbuf_InsertFromDefer      004123bc f   cmd.obj
 0001:000113cf       _Cbuf_Execute              004123cf f   cmd.obj
 0001:000114b5       _Cbuf_AddEarlyCommands     004124b5 f   cmd.obj
 0001:00011537       _Cbuf_AddLateCommands      00412537 f   cmd.obj
 0001:00011652       _Cmd_Exec_f                00412652 f   cmd.obj
 0001:000116d7       _Cmd_Echo_f                004126d7 f   cmd.obj
 0001:00011719       _Cmd_Alias_f               00412719 f   cmd.obj
 0001:00011840       _Cmd_Unalias_f             00412840 f   cmd.obj
 0001:000118cc       _Cmd_WriteAliases          004128cc f   cmd.obj
 0001:000118f5       _Cmd_Argc                  004128f5 f   cmd.obj
 0001:000118fb       _Cmd_Argv                  004128fb f   cmd.obj
 0001:00011915       _Cmd_Args                  00412915 f   cmd.obj
 0001:0001191b       _Cmd_TokenizeString        0041291b f   cmd.obj
 0001:00011b4d       _Cmd_AddCommand            00412b4d f   cmd.obj
 0001:00011bb5       _Cmd_RemoveCommand         00412bb5 f   cmd.obj
 0001:00011bf7       _Cmd_ExecuteString         00412bf7 f   cmd.obj
 0001:00011ccf       _Cmd_Init                  00412ccf f   cmd.obj
 0001:00011dd2       _CMod_GetSurfMaterial      00412dd2 f   cmodel.obj
 0001:00011e2f       _CM_LoadMap                00412e2f f   cmodel.obj
 0001:00012599       _CM_InlineModel            00413599 f   cmodel.obj
 0001:000125e8       _CM_NumClusters            004135e8 f   cmodel.obj
 0001:000125ee       _CM_NumInlineModels        004135ee f   cmodel.obj
 0001:000125f4       _CM_EntityString           004135f4 f   cmodel.obj
 0001:000125fa       _CM_LeafContents           004135fa f   cmodel.obj
 0001:00012624       _CM_LeafCluster            00413624 f   cmodel.obj
 0001:0001264f       _CM_LeafArea               0041364f f   cmodel.obj
 0001:0001267a       _CM_InitBoxHull            0041367a f   cmodel.obj
 0001:00012859       _CM_HeadnodeForBox         00413859 f   cmodel.obj
 0001:0001290e       _CM_PointLeafnum           0041390e f   cmodel.obj
 0001:00012991       _CM_BoxLeafnums            00413991 f   cmodel.obj
 0001:00012aa1       _CM_PointContents          00413aa1 f   cmodel.obj
 0001:00012ac6       _CM_TransformedPointContents 00413ac6 f   cmodel.obj
 0001:00012bab       _CM_TransformedPointContents2 00413bab f   cmodel.obj
 0001:00012c46       _CM_BoxTrace               00413c46 f   cmodel.obj
 0001:0001366a       _CM_TransformedBoxTrace    0041466a f   cmodel.obj
 0001:000138dd       _CM_TransformedBoxTrace2   004148dd f   cmodel.obj
 0001:00013a94       _CM_DecompressVis          00414a94 f   cmodel.obj
 0001:00013b3d       _CM_ClusterPVS             00414b3d f   cmodel.obj
 0001:00013b8a       _CM_ClusterPHS             00414b8a f   cmodel.obj
 0001:00013bd7       _FloodAreaConnections      00414bd7 f   cmodel.obj
 0001:00013c92       _CM_SetAreaPortalState     00414c92 f   cmodel.obj
 0001:00013cbf       _CM_AreasConnected         00414cbf f   cmodel.obj
 0001:00013d0d       _CM_WriteAreaBits          00414d0d f   cmodel.obj
 0001:00013d9d       _CM_WritePortalState       00414d9d f   cmodel.obj
 0001:00013db7       _CM_ReadPortalState        00414db7 f   cmodel.obj
 0001:00013dd5       _CM_HeadnodeVisible        00414dd5 f   cmodel.obj
 0001:00013e3d       _Com_BeginRedirect         00414e3d f   common.obj
 0001:00013e7a       _Com_EndRedirect           00414e7a f   common.obj
 0001:00013ea5       _Com_Printf                00414ea5 f   common.obj
 0001:00014004       _Com_DPrintf               00415004 f   common.obj
 0001:00014068       _DebugPrintf               00415068 f   common.obj
 0001:00014110       _Com_WPrintf               00415110 f   common.obj
 0001:00014169       _Com_Error                 00415169 f   common.obj
 0001:00014247       _Com_Quit                  00415247 f   common.obj
 0001:00014277       _MatchWildcard             00415277 f   common.obj
 0001:000143b7       _MatchWildcard2            004153b7 f   common.obj
 0001:00014403       _IPWildcard                00415403 f   common.obj
 0001:000144de       _Com_ServerState           004154de f   common.obj
 0001:000144e4       _Com_SetServerState        004154e4 f   common.obj
 0001:000144ee       _MSG_WriteByte             004154ee f   common.obj
 0001:000144ee       _MSG_WriteChar             004154ee f   common.obj
 0001:00014502       _MSG_WriteShort            00415502 f   common.obj
 0001:0001451c       _MSG_WriteLong             0041551c f   common.obj
 0001:00014546       _MSG_WriteFloat            00415546 f   common.obj
 0001:0001456c       _MSG_WriteString           0041556c f   common.obj
 0001:000145a4       _MSG_WriteCoord            004155a4 f   common.obj
 0001:000145d9       _MSG_WritePos              004155d9 f   common.obj
 0001:00014667       _MSG_WriteAngle            00415667 f   common.obj
 0001:00014696       _MSG_WriteAngle16          00415696 f   common.obj
 0001:000146d1       _MSG_WriteDeltaUsercmd     004156d1 f   common.obj
 0001:00014859       _MSG_WriteDir              00415859 f   common.obj
 0001:000148c6       _MSG_ReadDir               004158c6 f   common.obj
 0001:00014904       _MSG_WriteDeltaEntity      00415904 f   common.obj
 0001:00014dd8       _MSG_BeginReading          00415dd8 f   common.obj
 0001:00014de1       _MSG_ReadChar              00415de1 f   common.obj
 0001:00014e02       _MSG_ReadByte              00415e02 f   common.obj
 0001:00014e23       _MSG_ReadShort             00415e23 f   common.obj
 0001:00014e53       _MSG_ReadLong              00415e53 f   common.obj
 0001:00014e92       _MSG_ReadString            00415e92 f   common.obj
 0001:00014ec5       _MSG_ReadStringLine        00415ec5 f   common.obj
 0001:00014efd       _MSG_ReadCoord             00415efd f   common.obj
 0001:00014f17       _MSG_ReadPos               00415f17 f   common.obj
 0001:00014f69       _MSG_ReadAngle             00415f69 f   common.obj
 0001:00014f83       _MSG_ReadAngle16           00415f83 f   common.obj
 0001:00014f9d       _MSG_ReadDeltaUsercmd      00415f9d f   common.obj
 0001:00015054       _MSG_ReadData              00416054 f   common.obj
 0001:00015077       _SZ_Init                   00416077 f   common.obj
 0001:00015099       _SZ_Clear                  00416099 f   common.obj
 0001:000150a6       _SZ_GetSpace               004160a6 f   common.obj
 0001:0001510c       _SZ_Write                  0041610c f   common.obj
 0001:0001512d       _SZ_Print                  0041612d f   common.obj
 0001:00015176       _COM_Argc                  00416176 f   common.obj
 0001:0001517c       _COM_Argv                  0041617c f   common.obj
 0001:0001519d       _COM_ClearArgv             0041619d f   common.obj
 0001:000151c5       _COM_InitArgv              004161c5 f   common.obj
 0001:00015220       _Info_Print                00416220 f   common.obj
 0001:000152dd       _COM_BlockSequenceCRCByte  004162dd f   common.obj
 0001:00015369       _frand                     00416369 f   common.obj
 0001:00015386       _crand                     00416386 f   common.obj
 0001:000153a9       _Qcommon_Init              004163a9 f   common.obj
 0001:000154fd       _Qcommon_Frame             004164fd f   common.obj
 0001:00015819       __setargv                  00416819 f   common.obj
 0001:00015819       _R_SurfacePatch            00416819 f   common.obj
 0001:00015819       _jpeg_mem_term             00416819 f   common.obj
 0001:00015819       _Qcommon_Shutdown          00416819 f   common.obj
 0001:0001581a       _CCheckParm                0041681a f   conproc.obj
 0001:00015853       _InitConProc               00416853 f   conproc.obj
 0001:000159a5       _DeinitConProc             004169a5 f   conproc.obj
 0001:000159b6       _RequestProc@4             004169b6 f   conproc.obj
 0001:00015ac7       _WriteText                 00416ac7 f   conproc.obj
 0001:00015b8e       _CharToCode                00416b8e f   conproc.obj
 0001:00015c16       _SetConsoleCXCY            00416c16 f   conproc.obj
 0001:00015d4d       _DrawStringCommon          00416d4d f   console.obj
 0001:00015daa       _DrawString                00416daa f   console.obj
 0001:00015dcc       _DrawAltString             00416dcc f   console.obj
 0001:00015df1       _Con_ToggleConsole_f       00416df1 f   console.obj
 0001:00015e58       _Con_ClearNotify           00416e58 f   console.obj
 0001:00015e66       _Con_CheckResize           00416e66 f   console.obj
 0001:00015f86       _Con_Init                  00416f86 f   console.obj
 0001:00016223       _Con_Print                 00417223 f   console.obj
 0001:000164f3       _Con_DrawNotify            004174f3 f   console.obj
 0001:0001674d       _Con_DrawConsole           0041774d f   console.obj
 0001:00016c89       _CRC_Block                 00417c89 f   crc.obj
 0001:00016cc5       _Cvar_VariableValue        00417cc5 f   cvar.obj
 0001:00016d33       _Cvar_VariableInt          00417d33 f   cvar.obj
 0001:00016d46       _Cvar_VariableString       00417d46 f   cvar.obj
 0001:00016d5e       _Cvar_Get                  00417d5e f   cvar.obj
 0001:00016fd7       _Cvar_GetVars              00417fd7 f   cvar.obj
 0001:0001702b       _Cvar_FullSet              0041802b f   cvar.obj
 0001:00017088       _Cvar_SetValue             00418088 f   cvar.obj
 0001:000172bf       _Cvar_SetInteger           004182bf f   cvar.obj
 0001:000172e1       _Cvar_Set                  004182e1 f   cvar.obj
 0001:000172f6       _Cvar_ForceSet             004182f6 f   cvar.obj
 0001:0001730b       _Cvar_Clamp                0041830b f   cvar.obj
 0001:00017395       _Cvar_ClampName            00418395 f   cvar.obj
 0001:000173e6       _Cvar_GetLatchedVars       004183e6 f   cvar.obj
 0001:00017415       _Cvar_Command              00418415 f   cvar.obj
 0001:000174a9       _Cvar_WriteVariables       004184a9 f   cvar.obj
 0001:0001750e       _Cvar_BitInfo              0041850e f   cvar.obj
 0001:00017547       _Cvar_Userinfo             00418547 f   cvar.obj
 0001:00017550       _Cvar_Serverinfo           00418550 f   cvar.obj
 0001:00017559       _Cvar_Cheats               00418559 f   cvar.obj
 0001:000175af       _Cvar_Init                 004185af f   cvar.obj
 0001:00017bec       _FS_CreatePath             00418bec f   files.obj
 0001:00017c36       _FS_CopyFile               00418c36 f   files.obj
 0001:00017d39       _FS_CopyFiles              00418d39 f   files.obj
 0001:00017e15       _FS_RemoveFiles            00418e15 f   files.obj
 0001:00017e8f       _Developer_searchpath      00418e8f f   files.obj
 0001:00017ed4       _FS_FCloseFile             00418ed4 f   files.obj
 0001:00017f6a       _FS_FOpenFile              00418f6a f   files.obj
 0001:00018492       _FS_FileExists             00419492 f   files.obj
 0001:000186cc       _FS_Read                   004196cc f   files.obj
 0001:00018914       _FS_LoadFile               00419914 f   files.obj
 0001:00018976       _FS_FreeFile               00419976 f   files.obj
 0001:00018981       _FS_LoadPackFile           00419981 f   files.obj
 0001:00018cb9       _FS_UnloadPackFile         00419cb9 f   files.obj
 0001:00018d06       _FS_AddGameDirectory       00419d06 f   files.obj
 0001:00018e9d       _FS_Gamedir                00419e9d f   files.obj
 0001:00018eb1       _FS_LoadGameConfig         00419eb1 f   files.obj
 0001:00018f76       _FS_SetGamedir             00419f76 f   files.obj
 0001:0001910f       _FS_ListFiles              0041a10f f   files.obj
 0001:00019440       _FS_NextPath               0041a440 f   files.obj
 0001:00019464       _FS_InitFilesystem         0041a464 f   files.obj
 0001:00019e2a       _LoadPCX                   0041ae2a f   images.obj
 0001:0001a00e       _LoadTGA                   0041b00e f   images.obj
 0001:0001a3bc       _LoadJPG                   0041b3bc f   images.obj
 0001:0001a64d       _ImageExists               0041b64d f   images.obj
 0001:0001a753       _WriteTGA                  0041b753 f   images.obj
 0001:0001a7ff       _WriteJPG                  0041b7ff f   images.obj
 0001:0001a927       _IN_MLookDown              0041b927 f   in_win.obj
 0001:0001a932       _IN_MLookUp                0041b932 f   in_win.obj
 0001:0001a955       _IN_StartupMouse           0041b955 f   in_win.obj
 0001:0001a9af       _IN_MouseEvent             0041b9af f   in_win.obj
 0001:0001aa2c       _IN_Init                   0041ba2c f   in_win.obj
 0001:0001aa72       _IN_Shutdown               0041ba72 f   in_win.obj
 0001:0001ab5f       _IN_Activate               0041bb5f f   in_win.obj
 0001:0001ab76       _IN_Frame                  0041bb76 f   in_win.obj
 0001:0001af77       _IN_Move                   0041bf77 f   in_win.obj
 0001:0001b142       _IN_StartupJoystick        0041c142 f   in_win.obj
 0001:0001b263       _Joy_AdvancedUpdate_f      0041c263 f   in_win.obj
 0001:0001b3fa       _IN_Commands               0041c3fa f   in_win.obj
 0001:0001b529       _IN_ReadJoystick           0041c529 f   in_win.obj
 0001:0001b564       _IN_JoyMove                0041c564 f   in_win.obj
 0001:0001b8b4       _Key_StringToKeynum        0041c8b4 f   keys.obj
 0001:0001b8fe       _Key_KeynumToString        0041c8fe f   keys.obj
 0001:0001b951       _Key_Console               0041c951 f   keys.obj
 0001:0001c698       _Key_Message               0041d698 f   keys.obj
 0001:0001c729       _Key_SetBinding            0041d729 f   keys.obj
 0001:0001c783       _Key_Bindlist_f            0041d783 f   keys.obj
 0001:0001c81f       _Key_WriteBindings         0041d81f f   keys.obj
 0001:0001c85d       _Key_Init                  0041d85d f   keys.obj
 0001:0001cb33       _Key_Event                 0041db33 f   keys.obj
 0001:0001ce22       _Key_ClearStates           0041de22 f   keys.obj
 0001:0001ce67       _Key_ClearTyping           0041de67 f   keys.obj
 0001:0001ce80       _MD4Init                   0041de80 f   md4.obj
 0001:0001cea8       _MD4Update                 0041dea8 f   md4.obj
 0001:0001cf46       _MD4Final                  0041df46 f   md4.obj
 0001:0001d637       _Com_BlockChecksum         0041e637 f   md4.obj
 0001:0001d673       _Z_Free                    0041e673 f   memory.obj
 0001:0001d6c9       _Z_FreeTags                0041e6c9 f   memory.obj
 0001:0001d6f9       _Z_TagMalloc               0041e6f9 f   memory.obj
 0001:0001d76a       _Z_Malloc                  0041e76a f   memory.obj
 0001:0001d78c       _Z_BlockMalloc             0041e78c f   memory.obj
 0001:0001d7a7       _CreateMemoryChain         0041e7a7 f   memory.obj
 0001:0001d80f       _FreeMemoryChain           0041e80f f   memory.obj
 0001:0001d839       _AllocChainBlock           0041e839 f   memory.obj
 0001:0001d884       _CopyString                0041e884 f   memory.obj
 0001:0001d8a8       _ChainCopyString           0041e8a8 f   memory.obj
 0001:0001d8d0       _AllocNamedStruc           0041e8d0 f   memory.obj
 0001:0001d90b       _ChainAllocNamedStruc      0041e90b f   memory.obj
 0001:0001d94a       _FindNamedStruc            0041e94a f   memory.obj
 0001:0001d98e       _FindNamedStrucByIndex     0041e98e f   memory.obj
 0001:0001d9a5       _IndexOfNamedStruc         0041e9a5 f   memory.obj
 0001:0001d9d3       _AddToNamedList            0041e9d3 f   memory.obj
 0001:0001da1d       _ChainAddToNamedList       0041ea1d f   memory.obj
 0001:0001da67       _FreeNamedList             0041ea67 f   memory.obj
 0001:0001da82       _Z_Init                    0041ea82 f   memory.obj
 0001:0001dabd       _M_PushMenu                0041eabd f   menu.obj
 0001:0001db7a       _M_ForceMenuOff            0041eb7a f   menu.obj
 0001:0001dba7       _M_PopMenu                 0041eba7 f   menu.obj
 0001:0001dbfb       _Default_MenuKey           0041ebfb f   menu.obj
 0001:0001dd25       _M_Print                   0041ed25 f   menu.obj
 0001:0001dd70       _M_DrawTextBox             0041ed70 f   menu.obj
 0001:0001df5c       _M_Main_Draw               0041ef5c f   menu.obj
 0001:0001e0e3       _M_Main_Key                0041f0e3 f   menu.obj
 0001:0001e1c7       _M_Menu_Main_f             0041f1c7 f   menu.obj
 0001:0001e1e3       _M_Menu_Multiplayer_f      0041f1e3 f   menu.obj
 0001:0001e368       _M_Menu_Keys_f             0041f368 f   menu.obj
 0001:0001e845       _M_Menu_Options_f          0041f845 f   menu.obj
 0001:0001f1b4       _M_Menu_Video_f            004201b4 f   menu.obj
 0001:0001f1d5       _M_Menu_Credits_f          004201d5 f   menu.obj
 0001:0001f3a3       _M_Menu_Game_f             004203a3 f   menu.obj
 0001:0001f636       _M_Menu_LoadGame_f         00420636 f   menu.obj
 0001:0001f909       _M_Menu_SaveGame_f         00420909 f   menu.obj
 0001:0001fa69       _M_AddToServerList         00420a69 f   menu.obj
 0001:0001fae7       _M_Menu_JoinServer_f       00420ae7 f   menu.obj
 0001:0001fd4b       _M_Menu_StartServer_f      00420d4b f   menu.obj
 0001:00020576       _M_Menu_DMOptions_f        00421576 f   menu.obj
 0001:00020d33       _M_Menu_DownloadOptions_f  00421d33 f   menu.obj
 0001:00020fb5       _M_Menu_AddressBook_f      00421fb5 f   menu.obj
 0001:00022374       _M_Init                    00423374 f   menu.obj
 0001:00022498       _M_Draw                    00423498 f   menu.obj
 0001:00022532       _M_Keydown                 00423532 f   menu.obj
 0001:0002254e       _LoadQ2BspFile             0042354e f   model.obj
 0001:00022b17       _LoadBspFile               00423b17 f   model.obj
 0001:00022c37       _ProcessEntstring          00423c37 f   model.obj
 0001:00023a5a       _Netchan_Init              00424a5a f   net_chan.obj
 0001:00023aba       _Netchan_OutOfBand         00424aba f   net_chan.obj
 0001:00023b1a       _Netchan_OutOfBandPrint    00424b1a f   net_chan.obj
 0001:00023b5a       _Netchan_Setup             00424b5a f   net_chan.obj
 0001:00023bb5       _Netchan_NeedReliable      00424bb5 f   net_chan.obj
 0001:00023be1       _Netchan_Transmit          00424be1 f   net_chan.obj
 0001:00023d85       _Netchan_Process           00424d85 f   net_chan.obj
 0001:00023eac       _NetadrToSockadr           00424eac f   net_wins.obj
 0001:00023f4e       _SockadrToNetadr           00424f4e f   net_wins.obj
 0001:00023fb1       _NET_CompareAdr            00424fb1 f   net_wins.obj
 0001:00024017       _NET_CompareBaseAdr        00425017 f   net_wins.obj
 0001:00024070       _NET_AdrToString           00425070 f   net_wins.obj
 0001:00024129       _NET_StringToSockaddr      00425129 f   net_wins.obj
 0001:00024362       _NET_StringToAdr           00425362 f   net_wins.obj
 0001:000243bb       _NET_IsLocalAddress        004253bb f   net_wins.obj
 0001:000243c7       _NET_GetLoopPacket         004253c7 f   net_wins.obj
 0001:0002444e       _NET_SendLoopPacket        0042544e f   net_wins.obj
 0001:0002449a       _NET_GetPacket             0042549a f   net_wins.obj
 0001:000245ba       _NET_SendPacket            004255ba f   net_wins.obj
 0001:0002469c       _NET_IPSocket              0042569c f   net_wins.obj
 0001:000247b2       _NET_OpenIP                004257b2 f   net_wins.obj
 0001:000248d3       _NET_IPXSocket             004258d3 f   net_wins.obj
 0001:000249d5       _NET_OpenIPX               004259d5 f   net_wins.obj
 0001:00024abd       _NET_Config                00425abd f   net_wins.obj
 0001:00024b35       _NET_Sleep                 00425b35 f   net_wins.obj
 0001:00024c02       _NET_Init                  00425c02 f   net_wins.obj
 0001:00024c3e       _Pmove                     00425c3e f   pmove.obj
 0001:0002677f       _NormalizeColor            0042777f f   q_shared2.obj
 0001:000267eb       _NormalizeColor255         004277eb f   q_shared2.obj
 0001:0002685b       _Q_rsqrt                   0042785b f   q_shared2.obj
 0001:0002688b       _RotatePointAroundVector   0042788b f   q_shared2.obj
 0001:000269fb       _AngleVectors              004279fb f   q_shared2.obj
 0001:00026b5c       _ProjectPointOnPlane       00427b5c f   q_shared2.obj
 0001:00026bdb       _PerpendicularVector       00427bdb f   q_shared2.obj
 0001:00026c5a       _MakeNormalVectors         00427c5a f   q_shared2.obj
 0001:00026cc1       _MatrixMultiply            00427cc1 f   q_shared2.obj
 0001:00026da8       _R_ConcatTransforms        00427da8 f   q_shared2.obj
 0001:00026ee2       _SetPlaneSignbits          00427ee2 f   q_shared2.obj
 0001:00026f12       _LerpAngle                 00427f12 f   q_shared2.obj
 0001:00026f55       _anglemod                  00427f55 f   q_shared2.obj
 0001:00026f85       _BoxOnPlaneSide            00427f85 f   q_shared2.obj
 0001:000270a1       _ClearBounds               004280a1 f   q_shared2.obj
 0001:000270ca       _AddPointToBounds          004280ca f   q_shared2.obj
 0001:00027103       _VectorCompare             00428103 f   q_shared2.obj
 0001:00027131       _VectorNormalize           00428131 f   q_shared2.obj
 0001:00027185       _VectorNormalize2          00428185 f   q_shared2.obj
 0001:000271dd       _VectorNormalizeFast       004281dd f   q_shared2.obj
 0001:00027220       _VectorMA                  00428220 f   q_shared2.obj
 0001:0002724f       _CrossProduct              0042824f f   q_shared2.obj
 0001:0002728a       _VectorLength              0042828a f   q_shared2.obj
 0001:000272b9       _VectorDistance            004282b9 f   q_shared2.obj
 0001:000272ea       _VectorInverse             004282ea f   q_shared2.obj
 0001:00027305       _VectorScale               00428305 f   q_shared2.obj
 0001:00027329       _AnglesToAxis              00428329 f   q_shared2.obj
 0001:0002736e       _COM_FilePath              0042836e f   q_shared2.obj
 0001:000273a4       _ShortSwap                 004283a4 f   q_shared2.obj
 0001:000273b9       _va                        004283b9 f   q_shared2.obj
 0001:00027406       _COM_ParseExt              00428406 f   q_shared2.obj
 0001:00027501       _Com_PageInMemory          00428501 f   q_shared2.obj
 0001:00027520       _Q_stricmp                 00428520 f   q_shared2.obj
 0001:00027531       _Q_strncasecmp             00428531 f   q_shared2.obj
 0001:00027589       _Q_strcasecmp              00428589 f   q_shared2.obj
 0001:0002759f       _Q_strncpyz                0042859f f   q_shared2.obj
 0001:000275c3       _Q_strncpylower            004285c3 f   q_shared2.obj
 0001:000275fd       _Q_CopyFilename            004285fd f   q_shared2.obj
 0001:00027697       _Com_sprintf               00428697 f   q_shared2.obj
 0001:000276dc       _Info_ValueForKey          004286dc f   q_shared2.obj
 0001:00027767       _Info_RemoveKey            00428767 f   q_shared2.obj
 0001:000277ed       _Info_SetValueForKey       004287ed f   q_shared2.obj
 0001:0002792b       _Field_Draw                0042892b f   qmenu.obj
 0001:00027b3f       _Field_Key                 00428b3f f   qmenu.obj
 0001:00027da8       _Menu_AddItem              00428da8 f   qmenu.obj
 0001:00027ddd       _Menu_AdjustCursor         00428ddd f   qmenu.obj
 0001:00027f1c       _Menu_Center               00428f1c f   qmenu.obj
 0001:00027f54       _Menu_DrawDotsItem         00428f54 f   qmenu.obj
 0001:00027fb9       _Menu_Draw                 00428fb9 f   qmenu.obj
 0001:0002826a       _Menu_ItemAtCursor         0042926a f   qmenu.obj
 0001:00028282       _Menu_SelectItem           00429282 f   qmenu.obj
 0001:000282c4       _Menu_SetStatusBar         004292c4 f   qmenu.obj
 0001:000282d3       _Menu_SlideItem            004292d3 f   qmenu.obj
 0001:00028323       _Menu_TallySlots           00429323 f   qmenu.obj
 0001:000287d3       _S_SoundInfo_f             004297d3 f   snd_dma.obj
 0001:0002885d       _S_ReadModelsSex           0042985d f   snd_dma.obj
 0001:00028946       _S_IsFemale                00429946 f   snd_dma.obj
 0001:000289d4       _S_Init                    004299d4 f   snd_dma.obj
 0001:00028aa7       _S_Shutdown                00429aa7 f   snd_dma.obj
 0001:00028b31       _S_FindName                00429b31 f   snd_dma.obj
 0001:00028c1d       _S_AliasName               00429c1d f   snd_dma.obj
 0001:00028ca9       _S_BeginRegistration       00429ca9 f   snd_dma.obj
 0001:00028cba       _S_RegisterSound           00429cba f   snd_dma.obj
 0001:00028d20       _S_EndRegistration         00429d20 f   snd_dma.obj
 0001:00028db3       _S_PickChannel             00429db3 f   snd_dma.obj
 0001:00028e4a       _S_SpatializeOrigin        00429e4a f   snd_dma.obj
 0001:00028f6c       _S_Spatialize              00429f6c f   snd_dma.obj
 0001:00028fda       _S_AllocPlaysound          00429fda f   snd_dma.obj
 0001:00028ff9       _S_FreePlaysound           00429ff9 f   snd_dma.obj
 0001:00029029       _S_IssuePlaysound          0042a029 f   snd_dma.obj
 0001:000290e7       _S_RegisterSexedSound      0042a0e7 f   snd_dma.obj
 0001:000291cb       _S_StartSound              0042a1cb f   snd_dma.obj
 0001:00029361       _S_StartLocalSound         0042a361 f   snd_dma.obj
 0001:000293b0       _S_ClearBuffer             0042a3b0 f   snd_dma.obj
 0001:00029408       _S_StopAllSounds           0042a408 f   snd_dma.obj
 0001:00029483       _S_AddLoopSounds           0042a483 f   snd_dma.obj
 0001:00029658       _S_RawSamples              0042a658 f   snd_dma.obj
 0001:0002985c       _S_Update                  0042a85c f   snd_dma.obj
 0001:00029983       _GetSoundtime              0042a983 f   snd_dma.obj
 0001:000299ea       _S_Update_                 0042a9ea f   snd_dma.obj
 0001:00029a80       _S_Play                    0042aa80 f   snd_dma.obj
 0001:00029b30       _S_SoundList               0042ab30 f   snd_dma.obj
 0001:00029bf1       _ResampleSfx               0042abf1 f   snd_mem.obj
 0001:00029cf5       _S_LoadSound               0042acf5 f   snd_mem.obj
 0001:00029e1b       _FindNextChunk             0042ae1b f   snd_mem.obj
 0001:00029ea5       _GetWavinfo                0042aea5 f   snd_mem.obj
 0001:0002a095       _S_WriteLinearBlastStereo16 0042b095 f   snd_mix.obj
 0001:0002a109       _S_TransferStereo16        0042b109 f   snd_mix.obj
 0001:0002a172       _S_TransferPaintBuffer     0042b172 f   snd_mix.obj
 0001:0002a2ce       _S_PaintChannels           0042b2ce f   snd_mix.obj
 0001:0002a4f3       _S_InitScaletable          0042b4f3 f   snd_mix.obj
 0001:0002a546       _S_PaintChannelFrom8       0042b546 f   snd_mix.obj
 0001:0002a648       _S_PaintChannelFrom16      0042b648 f   snd_mix.obj
 0001:0002a6b3       _FreeSound                 0042b6b3 f   snd_win.obj
 0001:0002a7c3       _SNDDMA_InitDirect         0042b7c3 f   snd_win.obj
 0001:0002ac92       _SNDDMA_Init               0042bc92 f   snd_win.obj
 0001:0002ad0e       _SNDDMA_GetDMAPos          0042bd0e f   snd_win.obj
 0001:0002ad58       _SNDDMA_BeginPainting      0042bd58 f   snd_win.obj
 0001:0002ae5a       _SNDDMA_Submit             0042be5a f   snd_win.obj
 0001:0002ae7f       _SNDDMA_Shutdown           0042be7f f   snd_win.obj
 0001:0002ae84       _S_Activate                0042be84 f   snd_win.obj
 0001:0002aeaf       _SV_SetMaster_f            0042beaf f   sv_ccmds.obj
 0001:0002afc1       _SV_WipeSavegame           0042bfc1 f   sv_ccmds.obj
 0001:0002afef       _SV_CopySaveGame           0042bfef f   sv_ccmds.obj
 0001:0002b044       _SV_WriteLevelFile         0042c044 f   sv_ccmds.obj
 0001:0002b0f2       _SV_ReadLevelFile          0042c0f2 f   sv_ccmds.obj
 0001:0002b1a0       _SV_WriteServerFile        0042c1a0 f   sv_ccmds.obj
 0001:0002b400       _SV_ReadServerFile         0042c400 f   sv_ccmds.obj
 0001:0002b51a       _SV_DemoMap_f              0042c51a f   sv_ccmds.obj
 0001:0002b552       _SV_GameMap_f              0042c552 f   sv_ccmds.obj
 0001:0002b6c2       _SV_Map_f                  0042c6c2 f   sv_ccmds.obj
 0001:0002b72f       _SV_Loadgame_f             0042c72f f   sv_ccmds.obj
 0001:0002b834       _SV_Savegame_f             0042c834 f   sv_ccmds.obj
 0001:0002b939       _SV_AddressBanned          0042c939 f   sv_ccmds.obj
 0001:0002b97b       _SV_InitOperatorCommands   0042c97b f   sv_ccmds.obj
 0001:0002c31a       _SV_EmitPacketEntities     0042d31a f   sv_ents.obj
 0001:0002c488       _SV_WritePlayerstateToClient 0042d488 f   sv_ents.obj
 0001:0002c946       _SV_WriteFrameToClient     0042d946 f   sv_ents.obj
 0001:0002ca02       _SV_FatPVS                 0042da02 f   sv_ents.obj
 0001:0002cb2f       _SV_BuildClientFrame       0042db2f f   sv_ents.obj
 0001:0002cdfa       _SV_RecordDemoMessage      0042ddfa f   sv_ents.obj
 0001:0002cf19       _SV_ShutdownGameProgs      0042df19 f   sv_game.obj
 0001:0002cf32       _SV_InitGameProgs          0042df32 f   sv_game.obj
 0001:0002d7dd       _SV_FindIndex              0042e7dd f   sv_init.obj
 0001:0002d8a4       _SV_ModelIndex             0042e8a4 f   sv_init.obj
 0001:0002d8ba       _SV_SoundIndex             0042e8ba f   sv_init.obj
 0001:0002d8d3       _SV_ImageIndex             0042e8d3 f   sv_init.obj
 0001:0002d8ec       _SV_CreateBaseline         0042e8ec f   sv_init.obj
 0001:0002d94f       _SV_CheckForSavegame       0042e94f f   sv_init.obj
 0001:0002d9d7       _SV_SpawnServer            0042e9d7 f   sv_init.obj
 0001:0002dc65       _SV_InitGame               0042ec65 f   sv_init.obj
 0001:0002de50       _SV_Map                    0042ee50 f   sv_init.obj
 0001:0002e00e       _SV_DropClient             0042f00e f   sv_main.obj
 0001:0002e083       _SV_StatusString           0042f083 f   sv_main.obj
 0001:0002e162       _SVC_Status                0042f162 f   sv_main.obj
 0001:0002e18b       _SVC_Ack                   0042f18b f   sv_main.obj
 0001:0002e1a4       _SVC_Info                  0042f1a4 f   sv_main.obj
 0001:0002e265       _SVC_GetChallenge          0042f265 f   sv_main.obj
 0001:0002e30d       _SVC_DirectConnect         0042f30d f   sv_main.obj
 0001:0002e77b       _Rcon_Validate             0042f77b f   sv_main.obj
 0001:0002e7ac       _SVC_RemoteCommand         0042f7ac f   sv_main.obj
 0001:0002e87e       _SV_ConnectionlessPacket   0042f87e f   sv_main.obj
 0001:0002e9ba       _SV_CalcPings              0042f9ba f   sv_main.obj
 0001:0002ea41       _SV_GiveMsec               0042fa41 f   sv_main.obj
 0001:0002ea80       _SV_ReadPackets            0042fa80 f   sv_main.obj
 0001:0002eb96       _SV_CheckTimeouts          0042fb96 f   sv_main.obj
 0001:0002ec3c       _SV_PostprocessFrame       0042fc3c f   sv_main.obj
 0001:0002f067       _SV_MulticastHook          00430067 f   sv_main.obj
 0001:0002f230       _SV_Frame                  00430230 f   sv_main.obj
 0001:0002f389       _Master_Heartbeat          00430389 f   sv_main.obj
 0001:0002f42d       _Master_Shutdown           0043042d f   sv_main.obj
 0001:0002f4a0       _SV_UserinfoChanged        004304a0 f   sv_main.obj
 0001:0002f563       _SV_Init                   00430563 f   sv_main.obj
 0001:0002f5c6       _SV_Shutdown               004305c6 f   sv_main.obj
 0001:0002f721       _SV_FlushRedirect          00430721 f   sv_send.obj
 0001:0002f793       _SV_ClientPrintf           00430793 f   sv_send.obj
 0001:0002f7e9       _SV_BroadcastPrintf        004307e9 f   sv_send.obj
 0001:0002f8ba       _SV_BroadcastCommand       004308ba f   sv_send.obj
 0001:0002f90c       _SV_Multicast              0043090c f   sv_send.obj
 0001:0002fafc       _SV_MulticastOld           00430afc f   sv_send.obj
 0001:0002fb0f       _SV_StartSound             00430b0f f   sv_send.obj
 0001:0002fd69       _SV_StartSoundOld          00430d69 f   sv_send.obj
 0001:0002fd99       _SV_StartSoundNew          00430d99 f   sv_send.obj
 0001:0002fdc9       _SV_SendClientDatagram     00430dc9 f   sv_send.obj
 0001:0002fea0       _SV_DemoCompleted          00430ea0 f   sv_send.obj
 0001:0002febc       _SV_RateDrop               00430ebc f   sv_send.obj
 0001:0002ff07       _SV_SendClientMessages     00430f07 f   sv_send.obj
 0001:0003005a       _SV_BeginDemoserver        0043105a f   sv_user.obj
 0001:000300aa       _SV_New_f                  004310aa f   sv_user.obj
 0001:0003021f       _SV_Configstrings_f        0043121f f   sv_user.obj
 0001:00030379       _SV_Baselines_f            00431379 f   sv_user.obj
 0001:000304ed       _SV_Begin_f                004314ed f   sv_user.obj
 0001:0003054a       _SV_NextDownload_f         0043154a f   sv_user.obj
 0001:0003061e       _SV_BeginDownload_f        0043161e f   sv_user.obj
 0001:00030836       _SV_Disconnect_f           00431836 f   sv_user.obj
 0001:00030846       _SV_ShowServerinfo_f       00431846 f   sv_user.obj
 0001:00030853       _SV_Nextserver             00431853 f   sv_user.obj
 0001:000308b2       _SV_Nextserver_f           004318b2 f   sv_user.obj
 0001:000308f9       _SV_ExecuteUserCommand     004318f9 f   sv_user.obj
 0001:00030966       _SV_ClientThink            00431966 f   sv_user.obj
 0001:000309a9       _SV_ExecuteClientMessage   004319a9 f   sv_user.obj
 0001:00030bda       _SV_ClearWorld             00431bda f   sv_world.obj
 0001:00030d3e       _SV_UnlinkEdict            00431d3e f   sv_world.obj
 0001:00030da1       _SV_LinkEdict              00431da1 f   sv_world.obj
 0001:0003135e       _SV_AreaEdicts             0043235e f   sv_world.obj
 0001:000314cf       _SV_PointContents          004324cf f   sv_world.obj
 0001:000315ba       _SV_ClipMoveToEntities     004325ba f   sv_world.obj
 0001:0003191f       _SV_Trace                  0043291f f   sv_world.obj
 0001:000319ab       _Sys_Error                 004329ab f   sys_win.obj
 0001:00031a0b       _Sys_Quit                  00432a0b f   sys_win.obj
 0001:00031a4b       _Sys_ScanForCD             00432a4b f   sys_win.obj
 0001:00031ae7       _Sys_Init                  00432ae7 f   sys_win.obj
 0001:00031f06       _Sys_ConsoleInput          00432f06 f   sys_win.obj
 0001:00032066       _Sys_ConsoleOutput         00433066 f   sys_win.obj
 0001:00032117       _Sys_SendKeyEvents         00433117 f   sys_win.obj
 0001:00032180       _Sys_GetClipboardData      00433180 f   sys_win.obj
 0001:000321d9       _Sys_AppActivate           004331d9 f   sys_win.obj
 0001:000321f4       _Sys_UnloadGame            004331f4 f   sys_win.obj
 0001:00032219       _Sys_GetGameAPI            00433219 f   sys_win.obj
 0001:00032306       _ParseCommandLine          00433306 f   sys_win.obj
 0001:0003237b       _WinMain@16                0043337b f   sys_win.obj
 0001:000324b8       _AppActivate               004334b8 f   vid_dll.obj
 0001:000325ed       _Vid_CreateWindow          004335ed f   vid_dll.obj
 0001:00032bd5       _Vid_DestroyWindow         00433bd5 f   vid_dll.obj
 0001:00032c1e       _Vid_GetModeInfo           00433c1e f   vid_dll.obj
 0001:00032c4d       _Vid_UpdateWindowPosAndSize 00433c4d f   vid_dll.obj
 0001:00032cb4       _Vid_FreeReflib            00433cb4 f   vid_dll.obj
 0001:00032cf5       _Vid_CheckChanges          00433cf5 f   vid_dll.obj
 0001:000330b6       _Vid_Init                  004340b6 f   vid_dll.obj
 0001:00033127       _Vid_Shutdown              00434127 f   vid_dll.obj
 0001:00033155       _Vid_MenuInit              00434155 f   vid_menu.obj
 0001:00033890       _Vid_MenuDraw              00434890 f   vid_menu.obj
 0001:00033924       _Vid_MenuKey               00434924 f   vid_menu.obj
 0001:00033c5c       _TesselateText             00434c5c f   gl_backend.obj
 0001:00035731       _GL_BackEnd                00436731 f   gl_backend.obj
 0001:00036e53       _GL_InitBackend            00437e53 f   gl_backend.obj
 0001:00036e8a       _GL_ShutdownBackend        00437e8a f   gl_backend.obj
 0001:00036e9e       _GL_TextureMode            00437e9e f   gl_image.obj
 0001:00036f4d       _GL_CreateImage            00437f4d f   gl_image.obj
 0001:00037c68       _GL_SetRawPalette          00438c68 f   gl_image.obj
 0001:00037c99       _GL_DrawStretchRaw         00438c99 f   gl_image.obj
 0001:00037f5e       _GL_SetupGamma             00438f5e f   gl_image.obj
 0001:000380fe       _GL_PerformScreenshot      004390fe f   gl_image.obj
 0001:0003831d       _GL_InitImages             0043931d f   gl_image.obj
 0001:00038892       _GL_ShutdownImages         00439892 f   gl_image.obj
 0001:0003890d       _GL_ShowImages             0043990d f   gl_image.obj
 0001:00038b43       _GL_FindImage              00439b43 f   gl_image.obj
 0001:00038f40       _GL_Lock                   00439f40 f   gl_interface.obj
 0001:00038fbd       _GL_Unlock                 00439fbd f   gl_interface.obj
 0001:00039146       _GL_Bind                   0043a146 f   gl_interface.obj
 0001:00039239       _GL_BindForce              0043a239 f   gl_interface.obj
 0001:00039285       _GL_TexEnv                 0043a285 f   gl_interface.obj
 0001:00039402       _GL_TexEnvColor            0043a402 f   gl_interface.obj
 0001:000394ae       _GL_SelectTexture          0043a4ae f   gl_interface.obj
 0001:0003950c       _GL_TexCoordPointer        0043a50c f   gl_interface.obj
 0001:0003953b       _GL_SetMultitexture        0043a53b f   gl_interface.obj
 0001:00039613       _GL_DisableTexCoordArrays  0043a613 f   gl_interface.obj
 0001:0003966c       _GL_CullFace               0043a66c f   gl_interface.obj
 0001:000396bd       _GL_DepthRange             0043a6bd f   gl_interface.obj
 0001:000396f0       _GL_State                  0043a6f0 f   gl_interface.obj
 0001:00039849       _GL_EnableFog              0043a849 f   gl_interface.obj
 0001:0003994d       _GL_SetDefaultState        0043a94d f   gl_interface.obj
 0001:00039a6c       _GL_Set2DMode              0043aa6c f   gl_interface.obj
 0001:00039b6a       _GL_Setup                  0043ab6a f   gl_interface.obj
 0001:00039ca3       _GL_ShowLights             0043aca3 f   gl_light.obj
 0001:00039f60       _GL_LightForEntity         0043af60 f   gl_light.obj
 0001:0003b12e       _GL_ApplyEntitySpherelights 0043c12e f   gl_light.obj
 0001:0003b2c6       _LM_Init                   0043c2c6 f   gl_lightmap.obj
 0001:0003b2dc       _LM_Flush                  0043c2dc f   gl_lightmap.obj
 0001:0003b33a       _LM_Done                   0043c33a f   gl_lightmap.obj
 0001:0003b361       _LM_Save                   0043c361 f   gl_lightmap.obj
 0001:0003b37b       _LM_Restore                0043c37b f   gl_lightmap.obj
 0001:0003b395       _LM_NewBlock               0043c395 f   gl_lightmap.obj
 0001:0003b40e       _LM_Rewind                 0043c40e f   gl_lightmap.obj
 0001:0003b416       _LM_NextBlock              0043c416 f   gl_lightmap.obj
 0001:0003b447       _LM_AllocBlock             0043c447 f   gl_lightmap.obj
 0001:0003b4fa       _LM_PutBlock               0043c4fa f   gl_lightmap.obj
 0001:0003b68f       _LM_SortLightStyles        0043c68f f   gl_lightmap.obj
 0001:0003b71d       _GL_UpdateDynamicLightmap  0043c71d f   gl_lightmap.obj
 0001:0003bc0c       _GL_DrawStretchPic         0043cc0c f   gl_main.obj
 0001:0003bcc8       _DrawTextLeft              0043ccc8 f   gl_main.obj
 0001:0003bdd3       _DrawTextRight             0043cdd3 f   gl_main.obj
 0001:0003be24       _GL_GetRefAPI              0043ce24 f   gl_main.obj
 0001:0003d66b       _GL_InitFuncTables         0043e66b f   gl_math.obj
 0001:0003d815       _ModelToWorldCoord         0043e815 f   gl_math.obj
 0001:0003d869       _WorldToModelCoord         0043e869 f   gl_math.obj
 0001:0003d8b0       _GL_FindModel              0043e8b0 f   gl_model.obj
 0001:0003da2b       _GL_LoadWorldMap           0043ea2b f   gl_model.obj
 0001:0003fadf       _GL_PointInLeaf            00440adf f   gl_model.obj
 0001:00040404       _ATAN2_FUNC                00441404 f i gl_model.obj
 0001:0004059d       _GL_FindSkin               0044159d f   gl_model.obj
 0001:000406f3       _GL_ResetModels            004416f3 f   gl_model.obj
 0001:000407bd       _GL_InitModels             004417bd f   gl_model.obj
 0001:0004082a       _GL_ShutdownModels         0044182a f   gl_model.obj
 0001:00040840       _SubdividePlane            00441840 f   gl_poly.obj
 0001:00040c90       _FreeSubdividedPlane       00441c90 f   gl_poly.obj
 0001:00040ca8       _GetSubdivideIndexes       00441ca8 f   gl_poly.obj
 0001:00040cfb       _RemoveCollinearPoints     00441cfb f   gl_poly.obj
 0001:00040e0f       _GetPolyArea               00441e0f f   gl_poly.obj
 0001:00040ea3       _GL_InitShaders            00441ea3 f   gl_shader.obj
 0001:00040fcc       _GL_ShutdownShaders        00441fcc f   gl_shader.obj
 0001:00040ff6       _GL_SetShaderLightmap      00441ff6 f   gl_shader.obj
 0001:000413bd       _GL_SetShaderLightstyles   004423bd f   gl_shader.obj
 0001:00041459       _GL_GetAlphaShader         00442459 f   gl_shader.obj
 0001:00041789       _GL_FindShader             00442789 f   gl_shader.obj
 0001:00041cda       _GL_GetShaderByNum         00442cda f   gl_shader.obj
 0001:00041cf8       _GL_ResetShaders           00442cf8 f   gl_shader.obj
 0001:000420d7       _GL_ClearSkyBox            004430d7 f   gl_sky.obj
 0001:000420fa       _GL_ShowWholeSky           004430fa f   gl_sky.obj
 0001:00042122       _GL_AddSkySurface          00443122 f   gl_sky.obj
 0001:00042714       _GL_TesselateSkySide       00443714 f   gl_sky.obj
 0001:000429d7       _GL_AddEntity              004439d7 f   gl_world.obj
 0001:00042e7c       _GL_AddDlight              00443e7c f   gl_world.obj
 0001:00043053       _GL_DrawPortal             00444053 f   gl_world.obj
 0001:000456cf       _GLimp_SetMode             004466cf f   glw_imp.obj
 0001:00045971       _GLimp_HasGamma            00446971 f   glw_imp.obj
 0001:00045986       _GLimp_SetGamma            00446986 f   glw_imp.obj
 0001:00045b2c       _GLimp_Shutdown            00446b2c f   glw_imp.obj
 0001:00045c39       _GLimp_Init                00446c39 f   glw_imp.obj
 0001:00045f7d       _GLimp_EndFrame            00446f7d f   glw_imp.obj
 0001:00046019       _GLimp_AppActivate         00447019 f   glw_imp.obj
 0001:000478c4       _QGL_Shutdown              004488c4 f   qgl_win.obj
 0001:000478f6       _QGL_Init                  004488f6 f   qgl_win.obj
 0001:0004797a       _QGL_InitExtensions        0044897a f   qgl_win.obj
 0001:00047ca8       _QGL_EnableLogging         00448ca8 f   qgl_win.obj
 0001:00047d73       _QGL_LogMessage            00448d73 f   qgl_win.obj
 0001:00047d8a       _GL_AllocDynamicMemory     00448d8a f   gl_buffers.obj
 0001:00047df8       _GL_ResizeDynamicMemory    00448df8 f   gl_buffers.obj
 0001:00047e4a       _GL_AddSurfaceToPortal     00448e4a f   gl_buffers.obj
 0001:00047ead       _GL_AddDynamicSurface      00448ead f   gl_buffers.obj
 0001:00047ed5       _GL_InsertShaderIndex      00448ed5 f   gl_buffers.obj
 0001:00047f21       _GL_ClearPortal            00448f21 f   gl_buffers.obj
 0001:00047f3d       _GL_FinishPortal           00448f3d f   gl_buffers.obj
 0001:00047f93       _GL_SortSurfaces           00448f93 f   gl_buffers.obj
 0001:0004812e       _GL_ClearBuffers           0044912e f   gl_buffers.obj
 0001:00048145       _Hunk_Begin                00449145 f   q_shwin.obj
 0001:0004817f       _Hunk_Alloc                0044917f f   q_shwin.obj
 0001:00048206       _Hunk_End                  00449206 f   q_shwin.obj
 0001:0004820c       _Hunk_Free                 0044920c f   q_shwin.obj
 0001:00048225       _Sys_Milliseconds          00449225 f   q_shwin.obj
 0001:00048259       _Sys_Mkdir                 00449259 f   q_shwin.obj
 0001:00048265       _Sys_FindFirst             00449265 f   q_shwin.obj
 0001:0004837f       _Sys_FindNext              0044937f f   q_shwin.obj
 0001:000483f1       _Sys_FindClose             004493f1 f   q_shwin.obj
 0001:0004840b       _R_Alias_clip_z            0044940b f   r_aclip.obj
 0001:000484b8       _R_Alias_clip_left         004494b8 f   r_aclip.obj
 0001:00048686       _R_Alias_clip_right        00449686 f   r_aclip.obj
 0001:00048854       _R_Alias_clip_top          00449854 f   r_aclip.obj
 0001:00048a24       _R_Alias_clip_bottom       00449a24 f   r_aclip.obj
 0001:00048bf4       _R_AliasClip               00449bf4 f   r_aclip.obj
 0001:00048cc4       _R_AliasClipTriangle       00449cc4 f   r_aclip.obj
 0001:00048eb6       _R_AliasCheckFrameBBox     00449eb6 f   r_alias.obj
 0001:00048fe9       _R_AliasCheckBBox          00449fe9 f   r_alias.obj
 0001:0004904d       _R_AliasTransformVector    0044a04d f   r_alias.obj
 0001:000490a9       _R_AliasPreparePoints      0044a0a9 f   r_alias.obj
 0001:00049341       _R_AliasSetUpTransform     0044a341 f   r_alias.obj
 0001:000494d0       _R_AliasTransformFinalVerts 0044a4d0 f   r_alias.obj
 0001:000496a1       _R_AliasProjectAndClipTestFinalVert 0044a6a1 f   r_alias.obj
 0001:00049729       _R_AliasSetupLighting      0044a729 f   r_alias.obj
 0001:00049893       _R_AliasSetupFrames        0044a893 f   r_alias.obj
 0001:00049907       _R_AliasSetUpLerpData      0044a907 f   r_alias.obj
 0001:00049a2f       _R_AliasDrawModel          0044aa2f f   r_alias.obj
 0001:00049cb6       _R_EntityRotate            0044acb6 f   r_bsp.obj
 0001:00049d37       _R_RotateBmodel            0044ad37 f   r_bsp.obj
 0001:00049e92       _R_RecursiveClipBPoly      0044ae92 f   r_bsp.obj
 0001:0004a1c2       _R_DrawSolidClippedSubmodelPolygons 0044b1c2 f   r_bsp.obj
 0001:0004a349       _R_DrawSubmodelPolygons    0044b349 f   r_bsp.obj
 0001:0004a3d9       _R_RecursiveWorldNode      0044b3d9 f   r_bsp.obj
 0001:0004a634       _R_RenderWorld             0044b634 f   r_bsp.obj
 0001:0004a6a3       _Draw_FindPic              0044b6a3 f   r_draw.obj
 0001:0004a6e6       _Draw_InitLocal            0044b6e6 f   r_draw.obj
 0001:0004a6f7       _Draw_Char                 0044b6f7 f   r_draw.obj
 0001:0004a7d8       _Draw_CharColor            0044b7d8 f   r_draw.obj
 0001:0004a8e7       _R_DrawTexts               0044b8e7 f   r_draw.obj
 0001:0004a95d       _DrawText_Pos              0044b95d f   r_draw.obj
 0001:0004aa69       _DrawText_Left             0044ba69 f   r_draw.obj
 0001:0004aaa5       _DrawText_Right            0044baa5 f   r_draw.obj
 0001:0004aaf4       _Draw_GetPicSize           0044baf4 f   r_draw.obj
 0001:0004ab34       _Draw_StretchPicImplementation 0044bb34 f   r_draw.obj
 0001:0004ac5e       _Draw_StretchPic           0044bc5e f   r_draw.obj
 0001:0004ac96       _Draw_StretchRaw           0044bc96 f   r_draw.obj
 0001:0004acc8       _Draw_Pic                  0044bcc8 f   r_draw.obj
 0001:0004ae81       _Draw_PicColor             0044be81 f   r_draw.obj
 0001:0004b03a       _Draw_TileClear            0044c03a f   r_draw.obj
 0001:0004b10a       _Draw_Fill                 0044c10a f   r_draw.obj
 0001:0004b1a6       _Draw_Fade                 0044c1a6 f   r_draw.obj
 0001:0004b208       _R_BeginEdgeFrame          0044c208 f   r_edge.obj
 0001:0004b2c4       _R_InsertNewEdges          0044c2c4 f   r_edge.obj
 0001:0004b30a       _R_RemoveEdges             0044c30a f   r_edge.obj
 0001:0004b328       _R_StepActiveU             0044c328 f   r_edge.obj
 0001:0004b3bc       _R_CleanupSpan             0044c3bc f   r_edge.obj
 0001:0004b40c       _R_LeadingEdgeBackwards    0044c40c f   r_edge.obj
 0001:0004b4a1       _R_TrailingEdge            0044c4a1 f   r_edge.obj
 0001:0004b505       _R_LeadingEdge             0044c505 f   r_edge.obj
 0001:0004b6a8       _R_GenerateSpans           0044c6a8 f   r_edge.obj
 0001:0004b716       _R_GenerateSpansBackward   0044c716 f   r_edge.obj
 0001:0004b784       _R_ScanEdges               0044c784 f   r_edge.obj
 0001:0004b95b       _D_FlatFillSurface         0044c95b f   r_edge.obj
 0001:0004b9b5       _D_CalcGradients           0044c9b5 f   r_edge.obj
 0001:0004bbcc       _D_BackgroundSurf          0044cbcc f   r_edge.obj
 0001:0004bc0c       _D_TurbulentSurf           0044cc0c f   r_edge.obj
 0001:0004bd2e       _D_SkySurf                 0044cd2e f   r_edge.obj
 0001:0004bdaf       _D_SolidSurf               0044cdaf f   r_edge.obj
 0001:0004bf1a       _D_DrawflatSurfaces        0044cf1a f   r_edge.obj
 0001:0004bf6a       _D_DrawSurfaces            0044cf6a f   r_edge.obj
 0001:0004c068       _R_ImageList_f             0044d068 f   r_image.obj
 0001:0004c129       _R_FindFreeImage           0044d129 f   r_image.obj
 0001:0004c177       _R_LoadPic                 0044d177 f   r_image.obj
 0001:0004c207       _R_LoadTex                 0044d207 f   r_image.obj
 0001:0004c293       _R_LoadWal                 0044d293 f   r_image.obj
 0001:0004c2e9       _R_MipMap                  0044d2e9 f   r_image.obj
 0001:0004c417       _R_DownsampleImage         0044d417 f   r_image.obj
 0001:0004c51c       _R_FindImage               0044d51c f   r_image.obj
 0001:0004c8c1       _R_RegisterSkin            0044d8c1 f   r_image.obj
 0001:0004c8cf       _R_FreeUnusedImages        0044d8cf f   r_image.obj
 0001:0004c92f       _R_InitImages              0044d92f f   r_image.obj
 0001:0004c995       _R_ShutdownImages          0044d995 f   r_image.obj
 0001:0004c9d2       _R_MarkLights              0044d9d2 f   r_light.obj
 0001:0004caa1       _R_PushDlights             0044daa1 f   r_light.obj
 0001:0004caff       _RecursiveLightPoint       0044daff f   r_light.obj
 0001:0004cdae       _R_LightPoint              0044ddae f   r_light.obj
 0001:0004cec5       _R_AddDynamicLights        0044dec5 f   r_light.obj
 0001:0004d15f       _R_BuildLightMap           0044e15f f   r_light.obj
 0001:0004d255       _R_InitTextures            0044e255 f   r_main.obj
 0001:0004d316       _R_InitTurb                0044e316 f   r_main.obj
 0001:0004d393       _R_Register                0044e393 f   r_main.obj
 0001:0004d3fb       _R_Init                    0044e3fb f   r_main.obj
 0001:0004d48c       _R_Shutdown                0044e48c f   r_main.obj
 0001:0004d501       _R_NewMap                  0044e501 f   r_main.obj
 0001:0004d5ab       _R_MarkLeaves              0044e5ab f   r_main.obj
 0001:0004d6d2       _R_DrawEntitiesOnList      0044e6d2 f   r_main.obj
 0001:0004d8e1       _R_BmodelCheckBBox         0044e8e1 f   r_main.obj
 0001:0004d993       _R_FindTopnode             0044e993 f   r_main.obj
 0001:0004da1b       _RotatedBBox               0044ea1b f   r_main.obj
 0001:0004db7a       _R_DrawBEntitiesOnList     0044eb7a f   r_main.obj
 0001:0004dd92       _R_EdgeDrawing             0044ed92 f   r_main.obj
 0001:0004de67       _R_CalcPalette             0044ee67 f   r_main.obj
 0001:0004df6c       _R_SetLightLevel           0044ef6c f   r_main.obj
 0001:0004dfbc       _R_RenderFrame             0044efbc f   r_main.obj
 0001:0004e1ad       _R_InitGraphics            0044f1ad f   r_main.obj
 0001:0004e223       _R_BeginFrame              0044f223 f   r_main.obj
 0001:0004e346       _R_GammaCorrectAndSetPalette 0044f346 f   r_main.obj
 0001:0004e3a5       _R_CinematicSetPalette     0044f3a5 f   r_main.obj
 0001:0004e43c       _Draw_BuildGammaTable      0044f43c f   r_main.obj
 0001:0004e4e7       _R_DrawBeam                0044f4e7 f   r_main.obj
 0001:0004e64d       _R_SetSky                  0044f64d f   r_main.obj
 0001:0004e6c8       _Draw_GetPalette           0044f6c8 f   r_main.obj
 0001:0004e810       _Draw_ConCharColor         0044f810 f   r_main.obj
 0001:0004e831       _GetRefAPI                 0044f831 f   r_main.obj
 0001:0004ea7d       _D_ViewChanged             0044fa7d f   r_misc.obj
 0001:0004ebd9       _R_PrintTimes              0044fbd9 f   r_misc.obj
 0001:0004ec53       _R_PrintDSpeeds            0044fc53 f   r_misc.obj
 0001:0004ed1a       _R_PrintAliasStats         0044fd1a f   r_misc.obj
 0001:0004ed2d       _R_TransformFrustum        0044fd2d f   r_misc.obj
 0001:0004edf5       _TransformVector           0044fdf5 f   r_misc.obj
 0001:0004ee60       _R_SetUpFrustumIndexes     0044fe60 f   r_misc.obj
 0001:0004eec5       _R_ViewChanged             0044fec5 f   r_misc.obj
 0001:0004f1d4       _R_SetupFrame              004501d4 f   r_misc.obj
 0001:0004f3c0       _WritePCXfile              004503c0 f   r_misc.obj
 0001:0004f4e2       _R_ScreenShot              004504e2 f   r_misc.obj
 0001:0004f5f1       _Mod_Modellist_f           004505f1 f   r_model.obj
 0001:0004f64f       _Mod_Init                  0045064f f   r_model.obj
 0001:0004f667       _Mod_ForName               00450667 f   r_model.obj
 0001:0004f8a3       _Mod_PointInLeaf           004508a3 f   r_model.obj
 0001:0004f905       _Mod_DecompressVis         00450905 f   r_model.obj
 0001:0004f985       _Mod_ClusterPVS            00450985 f   r_model.obj
 0001:0004f9b2       _Mod_LoadLighting          004509b2 f   r_model.obj
 0001:0004fa31       _R_NumberLeafs             00450a31 f   r_model.obj
 0001:0004fa7f       _Mod_LoadVertexes          00450a7f f   r_model.obj
 0001:0004fac1       _Mod_LoadEdges             00450ac1 f   r_model.obj
 0001:0004fb0f       _Mod_LoadTexinfo           00450b0f f   r_model.obj
 0001:0004fc77       _CalcSurfaceExtents        00450c77 f   r_model.obj
 0001:0004fe0c       _Mod_LoadFaces             00450e0c f   r_model.obj
 0001:0004ff73       _Mod_SetParent             00450f73 f   r_model.obj
 0001:0004ff98       _Mod_LoadNodes             00450f98 f   r_model.obj
 0001:0005008e       _Mod_LoadLeafs             0045108e f   r_model.obj
 0001:00050137       _Mod_LoadMarksurfaces      00451137 f   r_model.obj
 0001:000501b3       _Mod_LoadSurfedges         004511b3 f   r_model.obj
 0001:000501f2       _Mod_LoadPlanes            004511f2 f   r_model.obj
 0001:00050257       _Mod_LoadBrushModel        00451257 f   r_model.obj
 0001:00050449       _Mod_LoadAliasModel        00451449 f   r_model.obj
 0001:000506c9       _Mod_LoadSpriteModel       004516c9 f   r_model.obj
 0001:000507b0       _R_BeginRegistration       004517b0 f   r_model.obj
 0001:00050840       _R_RegisterModel           00451840 f   r_model.obj
 0001:00050938       _R_EndRegistration         00451938 f   r_model.obj
 0001:000509a3       _Mod_FreeAll               004519a3 f   r_model.obj
 0001:000509e8       _R_DrawParticle            004519e8 f   r_part.obj
 0001:00050c71       _R_DrawParticles           00451c71 f   r_part.obj
 0001:00050d1b       _R_DrawSpanletOpaque       00451d1b f   r_poly.obj
 0001:00050dab       _R_DrawSpanletTurbulentStipple33 00451dab f   r_poly.obj
 0001:00050ed6       _R_DrawSpanletTurbulentStipple66 00451ed6 f   r_poly.obj
 0001:000510b7       _R_DrawSpanletTurbulentBlended66 004520b7 f   r_poly.obj
 0001:0005116c       _R_DrawSpanletTurbulentBlended33 0045216c f   r_poly.obj
 0001:00051221       _R_DrawSpanlet33           00452221 f   r_poly.obj
 0001:000512bb       _R_DrawSpanletConstant33   004522bb f   r_poly.obj
 0001:00051314       _R_DrawSpanlet66           00452314 f   r_poly.obj
 0001:000513b2       _R_DrawSpanlet33Stipple    004523b2 f   r_poly.obj
 0001:000514cd       _R_DrawSpanlet66Stipple    004524cd f   r_poly.obj
 0001:0005165e       _R_ClipPolyFace            0045265e f   r_poly.obj
 0001:000517cf       _R_PolygonDrawSpans        004527cf f   r_poly.obj
 0001:00051b57       _R_PolygonScanLeftEdge     00452b57 f   r_poly.obj
 0001:00051c8b       _R_PolygonScanRightEdge    00452c8b f   r_poly.obj
 0001:00051e7b       _R_ClipAndDrawPoly         00452e7b f   r_poly.obj
 0001:0005207d       _R_BuildPolygonFromSurface 0045307d f   r_poly.obj
 0001:00052289       _R_PolygonCalculateGradients 00453289 f   r_poly.obj
 0001:00052542       _R_DrawAlphaSurfaces       00453542 f   r_poly.obj
 0001:000525d8       _R_IMFlatShadedQuad        004535d8 f   r_poly.obj
 0001:0005271a       _R_InitAdivtab             0045371a f   r_polyse.obj
 0001:00052785       _R_PolysetUpdateTables     00453785 f   r_polyse.obj
 0001:000527c0       _R_DrawTriangle            004537c0 f   r_polyse.obj
 0001:000528d1       _R_PolysetScanLeftEdge_C   004538d1 f   r_polyse.obj
 0001:00052a9b       _FloorDivMod               00453a9b f   r_polyse.obj
 0001:00052b37       _R_PolysetSetUpForLineScan 00453b37 f   r_polyse.obj
 0001:00052bc5       _R_PolysetCalcGradients    00453bc5 f   r_polyse.obj
 0001:00052dd0       _R_PolysetDrawSpans8_33    00453dd0 f   r_polyse.obj
 0001:00052f00       _R_PolysetDrawSpansConstant8_33 00453f00 f   r_polyse.obj
 0001:00052f9a       _R_PolysetDrawSpans8_66    00453f9a f   r_polyse.obj
 0001:000530d6       _R_PolysetDrawSpansConstant8_66 004540d6 f   r_polyse.obj
 0001:0005317e       _R_PolysetDrawSpans8_Opaque 0045417e f   r_polyse.obj
 0001:000532c9       _R_RasterizeAliasPolySmooth 004542c9 f   r_polyse.obj
 0001:000538a9       _R_PolysetSetEdgeTable     004548a9 f   r_polyse.obj
 0001:00053944       _R_InitSkyBox              00454944 f   r_rast.obj
 0001:00053bbe       _R_EmitSkyBox              00454bbe f   r_rast.obj
 0001:00053cd1       _R_EmitEdge                00454cd1 f   r_rast.obj
 0001:000540a5       _R_ClipEdge                004550a5 f   r_rast.obj
 0001:00054253       _R_EmitCachedEdge          00455253 f   r_rast.obj
 0001:000542aa       _R_RenderFace              004552aa f   r_rast.obj
 0001:00054671       _R_RenderBmodelFace        00455671 f   r_rast.obj
 0001:000548da       _D_WarpScreen              004558da f   r_scan.obj
 0001:00054a82       _D_DrawTurbulent8Span      00455a82 f   r_scan.obj
 0001:00054b06       _Turbulent8                00455b06 f   r_scan.obj
 0001:00054dda       _NonTurbulent8             00455dda f   r_scan.obj
 0001:00055098       _D_DrawSpans16             00456098 f   r_scan.obj
 0001:00055332       _D_DrawZSpans              00456332 f   r_scan.obj
 0001:000553ef       _R_DrawSprite              004563ef f   r_sprite.obj
 0001:00055684       _R_TextureAnimation        00456684 f   r_surf.obj
 0001:000556a8       _R_DrawSurface             004566a8 f   r_surf.obj
 0001:0005580d       _R_DrawSurfaceBlock8_mip0  0045680d f   r_surf.obj
 0001:0005590c       _R_DrawSurfaceBlock8_mip1  0045690c f   r_surf.obj
 0001:00055a0b       _R_DrawSurfaceBlock8_mip2  00456a0b f   r_surf.obj
 0001:00055b0a       _R_DrawSurfaceBlock8_mip3  00456b0a f   r_surf.obj
 0001:00055c06       _R_InitCaches              00456c06 f   r_surf.obj
 0001:00055c87       _D_FlushCaches             00456c87 f   r_surf.obj
 0001:00055ccc       _D_SCAlloc                 00456ccc f   r_surf.obj
 0001:00055e60       _D_CacheSurface            00456e60 f   r_surf.obj
 0001:00055fd5       _DDRAW_Init                00456fd5 f   rw_ddraw.obj
 0001:000563e5       _DDRAW_SetPalette          004573e5 f   rw_ddraw.obj
 0001:0005644e       _DDRAW_Shutdown            0045744e f   rw_ddraw.obj
 0001:000565b9       _DIB_Init                  004575b9 f   rw_dib.obj
 0001:0005679e       _DIB_SetPalette            0045779e f   rw_dib.obj
 0001:00056962       _DIB_Shutdown              00457962 f   rw_dib.obj
 0001:00056a5b       _SWimp_Init                00457a5b f   rw_imp.obj
 0001:00056a5f       _SWimp_EndFrame            00457a5f f   rw_imp.obj
 0001:00056bcb       _SWimp_SetMode             00457bcb f   rw_imp.obj
 0001:00056ced       _SWimp_SetPalette          00457ced f   rw_imp.obj
 0001:00056d12       _SWimp_Shutdown            00457d12 f   rw_imp.obj
 0001:00056d59       _SWimp_AppActivate         00457d59 f   rw_imp.obj
 0001:00056d93       _adler32                   00457d93 f   adler32.obj
 0001:00056eac       _crc32                     00457eac f   crc32.obj
 0001:00056fc2       _inflate_blocks_reset      00457fc2 f   infblock.obj
 0001:0005702d       _inflate_blocks_new        0045802d f   infblock.obj
 0001:000570b8       _inflate_blocks            004580b8 f   infblock.obj
 0001:000578cf       _inflate_blocks_free       004588cf f   infblock.obj
 0001:00057903       _inflate_codes_new         00458903 f   infcodes.obj
 0001:00057937       _inflate_codes             00458937 f   infcodes.obj
 0001:00057ef5       _inflate_codes_free        00458ef5 f   infcodes.obj
 0001:00057f06       _inflate_fast              00458f06 f   inffast.obj
 0001:000581d1       _inflateReset              004591d1 f   inflate.obj
 0001:00058210       _inflateEnd                00459210 f   inflate.obj
 0001:0005824e       _inflateInit2_             0045924e f   inflate.obj
 0001:00058338       _inflate                   00459338 f   inflate.obj
[...]
 0001:0002c0dc       _SV_Heartbeat_f            0042d0dc f   sv_ccmds.obj
 0001:0002c0e7       _SV_Serverinfo_f           0042d0e7 f   sv_ccmds.obj
 0001:0002c0ff       _SV_ServerRecord_f         0042d0ff f   sv_ccmds.obj
 0001:0002c2b6       _SV_ServerStop_f           0042d2b6 f   sv_ccmds.obj
 0001:0002c2e2       _SV_KillServer_f           0042d2e2 f   sv_ccmds.obj
 0001:0002c302       _SV_ServerCommand_f        0042d302 f   sv_ccmds.obj
 0001:0002a72b       _DS_DestroyBuffers         0042b72b f   snd_win.obj
 0001:0002a914       _DS_CreateBuffers          0042b914 f   snd_win.obj
 0001:00029e77       _GetLittleLong             0042ae77 f   snd_mem.obj
 0001:0002a078       _GetLittleShort            0042b078 f   snd_mem.obj
 0001:00027e61       _Menu_MakeVisible          00428e61 f   qmenu.obj
 0001:00027eeb       _Menu_CompletelyVisible    00428eeb f   qmenu.obj
 0001:00027f93       _strlen_color              00428f93 f   qmenu.obj
 0001:00028141       _Action_Draw               00429141 f   qmenu.obj
 0001:000281bc       _Menu_ItemVisible          004291bc f   qmenu.obj
 0001:00028205       _Menu_DrawStatusBar        00429205 f   qmenu.obj
 0001:0002835a       _MenuList_Draw             0042935a f   qmenu.obj
 0001:000283e2       _DrawCaption               004293e2 f   qmenu.obj
 0001:00028421       _Separator_Draw            00429421 f   qmenu.obj
 0001:00028472       _Slider_DoSlide            00429472 f   qmenu.obj
 0001:000284a9       _Slider_Draw               004294a9 f   qmenu.obj
 0001:0002859c       _SpinControl_DoSlide       0042959c f   qmenu.obj
 0001:000285cb       _SpinControl_Draw          004295cb f   qmenu.obj
 0001:000286a6       _SpinControl2_DoSlide      004296a6 f   qmenu.obj
 0001:000286e7       _SpinControl2_Draw         004296e7 f   qmenu.obj
 0001:00024ee1       _StepSlideMove             00425ee1 f   pmove.obj
 0001:0002508a       _StepSlideMove_            0042608a f   pmove.obj
 0001:000252dd       _ClipVelocity              004262dd f   pmove.obj
 0001:00025346       _Friction                  00426346 f   pmove.obj
 0001:00025455       _WaterMove                 00426455 f   pmove.obj
 0001:0002553b       _Accelerate                0042653b f   pmove.obj
 0001:000255a7       _AddCurrents               004265a7 f   pmove.obj
 0001:00025846       _AirMove                   00426846 f   pmove.obj
 0001:00025a9f       _AirAccelerate             00426a9f f   pmove.obj
 0001:00025b25       _CatagorizePosition        00426b25 f   pmove.obj
 0001:00025d7b       _CheckJump                 00426d7b f   pmove.obj
 0001:00025e42       _CheckSpecialMovement      00426e42 f   pmove.obj
 0001:00025fa5       _FlyMove                   00426fa5 f   pmove.obj
 0001:000261f8       _CheckDuck                 004271f8 f   pmove.obj
 0001:0002632d       _DeadMove                  0042732d f   pmove.obj
 0001:0002638b       _SnapPosition              0042738b f   pmove.obj
 0001:000264f4       _GoodPosition              004274f4 f   pmove.obj
 0001:0002656a       _InitialSnapPosition       0042756a f   pmove.obj
 0001:00026683       _ClampAngles               00427683 f   pmove.obj
 0001:0002457c       _NET_ErrorString           0042557c f   net_wins.obj
 0001:00022717       _SwapQ2BspFile             00423717 f   model.obj
 0001:0002292d       _ProcessQ2BspFile          0042392d f   model.obj
 0001:00022a00       _LoadQ2Submodels           00423a00 f   model.obj
 0001:00022ad2       _CheckLump                 00423ad2 f   model.obj
 0001:00022daa       _ReadEntity                00423daa f   model.obj
 0001:00022e6e       _WriteEntity               00423e6e f   model.obj
 0001:00022ed9       _ProcessEntityTarget       00423ed9 f   model.obj
 0001:00022f52       _FindField                 00423f52 f   model.obj
 0001:00022f8b       _GetVector                 00423f8b f   model.obj
 0001:00022fbc       _ProcessEntity             00423fbc f   model.obj
 0001:000239cc       _AddField                  004249cc f   model.obj
 0001:00023a09       _FindEntityTarget          00424a09 f   model.obj
 0001:0001e204       _Multiplayer_MenuDraw      0041f204 f   menu.obj
 0001:0001e227       _M_Banner                  0041f227 f   menu.obj
 0001:0001e269       _Multiplayer_MenuInit      0041f269 f   menu.obj
 0001:0001e357       _Multiplayer_MenuKey       0041f357 f   menu.obj
 0001:0001e389       _Keys_MenuInit             0041f389 f   menu.obj
 0001:0001e51c       _KeyCursorDrawFunc         0041f51c f   menu.obj
 0001:0001e55d       _DrawKeyBindingFunc        0041f55d f   menu.obj
 0001:0001e635       _M_FindKeysForCommand      0041f635 f   menu.obj
 0001:0001e685       _SeekLine                  0041f685 f   menu.obj
 0001:0001e6ac       _AppendToken               0041f6ac f   menu.obj
 0001:0001e6d6       _Keys_MenuDraw             0041f6d6 f   menu.obj
 0001:0001e6ef       _Keys_MenuKey              0041f6ef f   menu.obj
 0001:0001e7a7       _M_UnbindCommand           0041f7a7 f   menu.obj
 0001:0001e7f3       _KeyBindingFunc            0041f7f3 f   menu.obj
 0001:0001e866       _Options_MenuInit          0041f866 f   menu.obj
 0001:0001ecf1       _CrosshairFunc             0041fcf1 f   menu.obj
 0001:0001ed15       _JoystickFunc              0041fd15 f   menu.obj
 0001:0001ed28       _CustomizeControlsFunc     0041fd28 f   menu.obj
 0001:0001ed2d       _AlwaysRunFunc             0041fd2d f   menu.obj
 0001:0001ed40       _FreeLookFunc              0041fd40 f   menu.obj
 0001:0001ed53       _MouseSpeedFunc            0041fd53 f   menu.obj
 0001:0001ed70       _ControlsSetMenuItemValues 0041fd70 f   menu.obj
 0001:0001ef3c       _ControlsResetDefaultsFunc 0041ff3c f   menu.obj
 0001:0001ef51       _InvertMouseFunc           0041ff51 f   menu.obj
 0001:0001ef6c       _LookspringFunc            0041ff6c f   menu.obj
 0001:0001ef88       _LookstrafeFunc            0041ff88 f   menu.obj
 0001:0001efa4       _UpdateVolumeFunc          0041ffa4 f   menu.obj
 0001:0001efc1       _UpdateCDVolumeFunc        0041ffc1 f   menu.obj
 0001:0001efda       _ConsoleFunc               0041ffda f   menu.obj
 0001:0001f009       _UpdateSoundFunc           00420009 f   menu.obj
 0001:0001f0b1       _Options_ScanCrosshairs    004200b1 f   menu.obj
 0001:0001f104       _Options_MenuDraw          00420104 f   menu.obj
 0001:0001f12c       _Options_CrosshairDraw     0042012c f   menu.obj
 0001:0001f1a3       _Options_MenuKey           004201a3 f   menu.obj
 0001:0001f289       _M_Credits_MenuDraw        00420289 f   menu.obj
 0001:0001f371       _M_Credits_Key             00420371 f   menu.obj
 0001:0001f3ce       _Game_MenuInit             004203ce f   menu.obj
 0001:0001f57b       _EasyGameFunc              0042057b f   menu.obj
 0001:0001f591       _StartGame                 00420591 f   menu.obj
 0001:0001f5d6       _MediumGameFunc            004205d6 f   menu.obj
 0001:0001f5ec       _HardGameFunc              004205ec f   menu.obj
 0001:0001f602       _Game_MenuDraw             00420602 f   menu.obj
 0001:0001f625       _Game_MenuKey              00420625 f   menu.obj
 0001:0001f657       _LoadGame_MenuInit         00420657 f   menu.obj
 0001:0001f700       _Create_Savestrings        00420700 f   menu.obj
 0001:0001f7c5       _LoadGameCallback          004207c5 f   menu.obj
 0001:0001f7ef       _LoadGame_MenuDraw         004207ef f   menu.obj
 0001:0001f818       _DrawSavegameShot          00420818 f   menu.obj
 0001:0001f8d7       _LoadGame_MenuKey          004208d7 f   menu.obj
 0001:0001f938       _SaveGame_MenuDraw         00420938 f   menu.obj
 0001:0001f96d       _SaveGame_MenuInit         0042096d f   menu.obj
 0001:0001fa08       _SaveGameCallback          00420a08 f   menu.obj
 0001:0001fa27       _SaveGame_MenuKey          00420a27 f   menu.obj
 0001:0001fb08       _JoinServer_MenuInit       00420b08 f   menu.obj
 0001:0001fc59       _JoinServerFunc            00420c59 f   menu.obj
 0001:0001fcb6       _SearchLocalGames          00420cb6 f   menu.obj
 0001:0001fd22       _JoinServer_MenuDraw       00420d22 f   menu.obj
 0001:0001fd3a       _JoinServer_MenuKey        00420d3a f   menu.obj
 0001:0001fd6c       _StartServer_MenuInit      00420d6c f   menu.obj
 0001:0002021c       _DMOptionsFunc             0042121c f   menu.obj
 0001:0002022b       _RulesChangeFunc           0042122b f   menu.obj
 0001:00020294       _StartServerActionFunc     00421294 f   menu.obj
 0001:000202c0       _StartServerFunc           004212c0 f   menu.obj
 0001:0002052b       _StartServer_MenuDraw      0042152b f   menu.obj
 0001:00020537       _StartServer_MenuKey       00421537 f   menu.obj
 0001:00020597       _DMOptions_MenuInit        00421597 f   menu.obj
 0001:00020b2b       _DMFlagCallback            00421b2b f   menu.obj
 0001:00020d16       _DMOptions_MenuDraw        00421d16 f   menu.obj
 0001:00020d22       _DMOptions_MenuKey         00421d22 f   menu.obj
 0001:00020d54       _DownloadOptions_MenuInit  00421d54 f   menu.obj
 0001:00020f3f       _DownloadCallback          00421f3f f   menu.obj
 0001:00020f98       _DownloadOptions_MenuDraw  00421f98 f   menu.obj
 0001:00020fa4       _DownloadOptions_MenuKey   00421fa4 f   menu.obj
 0001:00020fd6       _AddressBook_MenuInit      00421fd6 f   menu.obj
 0001:0002108c       _AddressBook_MenuKey       0042208c f   menu.obj
 0001:000210dd       _AddressBook_MenuDraw      004220dd f   menu.obj
 0001:000210f5       _M_Menu_PlayerConfig_f     004220f5 f   menu.obj
 0001:00021150       _PlayerConfig_MenuInit     00422150 f   menu.obj
 0001:00021682       _HandednessCallback        00422682 f   menu.obj
 0001:00021695       _RTypeCallback             00422695 f   menu.obj
 0001:000216a8       _RColorCallback            004226a8 f   menu.obj
 0001:000216bb       _RateCallback              004226bb f   menu.obj
 0001:000216d9       _ModelCallback             004226d9 f   menu.obj
 0001:0002171a       _PlayerConfig_ScanDirectories 0042271a f   menu.obj
 0001:000218e2       _IsValidSkin               004228e2 f   menu.obj
 0001:000219ab       _PlayerConfig_MenuDraw     004229ab f   menu.obj
 0001:00021c5f       _PlayerConfig_MenuKey      00422c5f f   menu.obj
 0001:00021d33       _M_Menu_DMBrowse_f         00422d33 f   menu.obj
 0001:00021d77       _DMBrowse_MenuInit         00422d77 f   menu.obj
 0001:00021f60       _DMBrowse_MenuKey          00422f60 f   menu.obj
 0001:00022103       _DMBrowse_MenuDraw         00423103 f   menu.obj
 0001:00022228       _DrawThumbnail             00423228 f   menu.obj
 0001:000222ef       _M_Quit_Key                004232ef f   menu.obj
 0001:0002232f       _M_Quit_Draw               0042332f f   menu.obj
 0001:0002247c       _M_Menu_Quit_f             0042347c f   menu.obj
 0001:0001d7b3       _AllocChain                0041e7b3 f   memory.obj
 0001:0001daa3       _Z_Stats_f                 0041eaa3 f   memory.obj
 0001:0001cfaa       _MD4Transform              0041dfaa f   md4.obj
 0001:0001d5ac       _Encode                    0041e5ac f   md4.obj
 0001:0001d5f1       _Decode                    0041e5f1 f   md4.obj
 0001:0001be91       _CompleteCommand           0041ce91 f   keys.obj
 0001:0001bf08       _Do_CompleteCommand        0041cf08 f   keys.obj
 0001:0001c381       _TryComplete               0041d381 f   keys.obj
 0001:0001c416       _CompleteMenu              0041d416 f   keys.obj
 0001:0001c558       _CompleteMenuDraw          0041d558 f   keys.obj
 0001:0001c5b7       _CompleteMenuKey           0041d5b7 f   keys.obj
 0001:0001c5e9       _CompleteMenuCallback      0041d5e9 f   keys.obj
 0001:0001c671       _iswordsym                 0041d671 f   keys.obj
 0001:0001c943       _Key_Unbind_f              0041d943 f   keys.obj
 0001:0001ca29       _Key_Unbindall_f           0041da29 f   keys.obj
 0001:0001ca53       _Key_Bind_f                0041da53 f   keys.obj
 0001:0001aa77       _IN_DeactivateMouse        0041ba77 f   in_win.obj
 0001:0001aaa3       _IN_FreeDirect             0041baa3 f   in_win.obj
 0001:0001ab0c       _IN_FreeWin32              0041bb0c f   in_win.obj
 0001:0001aca5       _IN_ActivateMouse          0041bca5 f   in_win.obj
 0001:0001ad1d       _IN_InitDirect             0041bd1d f   in_win.obj
 0001:0001ae67       _IN_InitWin32              0041be67 f   in_win.obj
 0001:0001af95       _IN_MouseMove              0041bf95 f   in_win.obj
 0001:000330ae       _J_InitSource              004340ae f   vid_dll.obj
 0001:0001a59f       _J_FillInputBuffer         0041b59f f   images.obj
 0001:0001a5c7       _J_SkipInputData           0041b5c7 f   images.obj
 0001:000330ae       _J_TermSource              004340ae f   vid_dll.obj
 0001:0001a5df       _InitJpegError             0041b5df f   images.obj
 0001:0001a610       _J_ErrorExit               0041b610 f   images.obj
 0001:0001a61f       _J_EmitMessage             0041b61f f   images.obj
 0001:0001a63c       _J_ResetErrorMgr           0041b63c f   images.obj
 0001:0001835c       _FindPakFile               0041935c f   files.obj
 0001:000183cc       _FindPakDirectory          004193cc f   files.obj
 0001:0001845d       _FileLength                0041945d f   files.obj
 0001:000188af       _FOpenCached               004198af f   files.obj
 0001:00018aef       _AddPakFile                00419aef f   files.obj
 0001:00018b8e       _AddPakDirectory           00419b8e f   files.obj
 0001:00018c6c       _EnumZippedPak             00419c6c f   files.obj
 0001:00018cdf       _ClearFileCache            00419cdf f   files.obj
 0001:00018dd0       _AddDirFilesToList         00419dd0 f   files.obj
 0001:00019380       _ListPakDirectory          0041a380 f   files.obj
 0001:0001953b       _InitResFiles              0041a53b f   files.obj
 0001:0001961e       _FS_LoadPak_f              0041a61e f   files.obj
 0001:000196ed       _TryLoadPak                0041a6ed f   files.obj
 0001:0001975b       _FindPakStruc              0041a75b f   files.obj
 0001:000197b0       _FS_UnloadPak_f            0041a7b0 f   files.obj
 0001:00019957       _FS_Link_f                 0041a957 f   files.obj
 0001:00019a23       _FS_Dir_f                  0041aa23 f   files.obj
 0001:00019c34       _FS_Path_f                 0041ac34 f   files.obj
 0001:00019ccc       _FS_Cat_f                  0041accc f   files.obj
 0001:00019da5       _FS_Type_f                 0041ada5 f   files.obj
 0001:00016cde       _Cvar_FindVar              00417cde f   cvar.obj
 0001:00016d13       _ComputeHash               00417d13 f   cvar.obj
 0001:00016f0a       _Cvar_SetString            00417f0a f   cvar.obj
 0001:00016fa0       _Cvar_InfoValidate         00417fa0 f   cvar.obj
 0001:000170b0       _Cvar_Set2                 004180b0 f   cvar.obj
 0001:00017258       _Cvar_SetHardcoded         00418258 f   cvar.obj
 0001:00017656       _Cvar_Set_f                00418656 f   cvar.obj
 0001:000176d3       _Cvar_SetWithFlags         004186d3 f   cvar.obj
 0001:00017718       _Cvar_Seta_f               00418718 f   cvar.obj
 0001:0001773a       _Cvar_Setu_f               0041873a f   cvar.obj
 0001:0001775c       _Cvar_Sets_f               0041875c f   cvar.obj
 0001:0001777e       _Cvar_Reset_f              0041877e f   cvar.obj
 0001:000177e3       _Cvar_List_f               004187e3 f   cvar.obj
 0001:000178f3       _Cvar_Add_f                004188f3 f   cvar.obj
 0001:00017a6a       _Cvar_Scale_f              00418a6a f   cvar.obj
 0001:00017add       _Cvar_Toggle_f             00418add f   cvar.obj
 0001:00017b40       _Cvar_Cycle_f              00418b40 f   cvar.obj
 0001:00016062       _Con_ToggleChat_f          00417062 f   console.obj
 0001:00016093       _Con_Clear_f               00417093 f   console.obj
 0001:000160e9       _Con_Dump_f                004170e9 f   console.obj
 0001:000161fc       _Con_MessageMode_f         004171fc f   console.obj
 0001:0001620e       _Con_MessageMode2_f        0041720e f   console.obj
 0001:000162ae       _PlaceChar                 004172ae f   console.obj
 0001:00016438       _FindLine                  00417438 f   console.obj
 0001:00016bb4       _Con_DrawInput             00417bb4 f   console.obj
 0001:000144b8       _GetInt                    004154b8 f   common.obj
 0001:000154e5       _Com_Error_f               004164e5 f   common.obj
 0001:00012035       _CMod_LoadSurfaces         00413035 f   cmodel.obj
 0001:0001214f       _CMod_ReadSurfMaterials    0041314f f   cmodel.obj
 0001:0001228a       _CMod_LoadNodes            0041328a f   cmodel.obj
 0001:000122ec       _CMod_LoadBrushes          004132ec f   cmodel.obj
 0001:00012338       _CMod_LoadLeafs            00413338 f   cmodel.obj
 0001:00012407       _CMod_LoadPlanes           00413407 f   cmodel.obj
 0001:0001248a       _CMod_LoadLeafBrushes      0041348a f   cmodel.obj
 0001:000124d5       _CMod_LoadBrushSides       004134d5 f   cmodel.obj
 0001:0001254e       _CMod_LoadAreas            0041354e f   cmodel.obj
 0001:00012928       _CM_PointLeafnum_r         00413928 f   cmodel.obj
 0001:000129eb       _CM_BoxLeafnums_r          004139eb f   cmodel.obj
 0001:00012f56       _CM_TestInLeaf             00413f56 f   cmodel.obj
 0001:00012fde       _CM_TestBoxInBrush         00413fde f   cmodel.obj
 0001:000130bf       _CM_RecursiveHullCheck     004140bf f   cmodel.obj
 0001:00013391       _CM_TraceToLeaf            00414391 f   cmodel.obj
 0001:0001346e       _CM_ClipBoxToBrush         0041446e f   cmodel.obj
 0001:00013c16       _FloodArea_r               00414c16 f   cmodel.obj
 0001:00011a12       _Cmd_MacroExpandString     00412a12 f   cmd.obj
 0001:00011d2d       _Cmd_Wait_f                00412d2d f   cmd.obj
 0001:00011d62       _Cmd_List_f                00412d62 f   cmd.obj
 0001:000108c9       _DrawSurfInfo              004118c9 f   cl_view.obj
 0001:00010beb       _DrawFlag                  00411beb f   cl_view.obj
 0001:00010c46       _DecodeContents            00411c46 f   cl_view.obj
 0001:00010ce8       _DrawOriginInfo            00411ce8 f   cl_view.obj
 0001:00010e79       _DrawFpsInfo               00411e79 f   cl_view.obj
 0001:00010fa2       _FixWaterVis               00411fa2 f   cl_view.obj
 0001:000110ad       _entitycmpfnc              004120ad f   cl_view.obj
 0001:00011116       _Screenshot_f              00412116 f   cl_view.obj
 0001:0000d65d       _SCR_CalcVrect             0040e65d f   cl_scrn.obj
 0001:000083a4       _TryParseStatus            004093a4 f   cl_main.obj
 0001:00006666       _KeyDown                   00407666 f   cl_input.obj
 0001:000066e8       _KeyUp                     004076e8 f   cl_input.obj
 0001:0000353a       _CL_AddParticleTraces      0040453a f   cl_fx.obj
 0001:000038ac       _CL_AddParticleBeams       004048ac f   cl_fx.obj
 0001:000022d3       _CL_AddPacketEntities      004032d3 f   cl_ents.obj
 0001:00002cb4       _GetEntityInfo             00403cb4 f   cl_ents.obj
 0001:00002dc3       _AddEntityWithEffects      00403dc3 f   cl_ents.obj
 0001:00002def       _AddViewWeapon             00403def f   cl_ents.obj
 0001:0000083e       _FreeCinematic             0040183e f   cl_cin.obj
 0001:000009f0       _ReadNextFrame             004019f0 f   cl_cin.obj
 0001:00000b0d       _Huff1Decompress           00401b0d f   cl_cin.obj
 0001:00000fb3       _Huff1TableInit            00401fb3 f   cl_cin.obj
 0001:000010ad       _SmallestNode1             004020ad f   cl_cin.obj
 0001:0000014c       _CDAudio_GetAudioDiskInfo  0040114c f   cd_win.obj
 0001:000004c4       _CD_f                      004014c4 f   cd_win.obj
 0001:0000077d       _CDAudio_Eject             0040177d f   cd_win.obj
 0001:000007a7       _CDAudio_CloseDoor         004017a7 f   cd_win.obj

 70 bytes saved through ICF

