 quake2

 Timestamp is 42d14d3d (Sun Jul 10 20:30:53 2005)

 Preferred load address is 00400000

 Start         Length     Name                   Class
 0001:00000000 00060af0H .text                   CODE
 0002:00000000 00000278H .idata$5                DATA
 0002:00000278 00006664H .rdata                  DATA
 0002:000068e0 00000044H .rdata$r                DATA
 0002:00006928 00000038H .xdata$x                DATA
 0002:00006960 00000078H .idata$2                DATA
 0002:000069d8 00000014H .idata$3                DATA
 0002:000069ec 00000278H .idata$4                DATA
 0002:00006c64 000007feH .idata$6                DATA
 0002:00007462 00000000H .edata                  DATA
 0003:00000000 00000004H .CRT$XCA                DATA
 0003:00000004 00000078H .CRT$XCU                DATA
 0003:0000007c 00000004H .CRT$XCZ                DATA
 0003:00000080 00000004H .CRT$XIA                DATA
 0003:00000084 00000004H .CRT$XIZ                DATA
 0003:00000090 0000d9ecH .data                   DATA
 0003:0000da80 004735acH .bss                    DATA
 0004:00000000 00000130H .rsrc$01                DATA
 0004:00000130 00003f20H .rsrc$02                DATA

  Address         Publics by Value              Rva+Base     Lib:Object

 0001:00000000       ??3@YAXPAX@Z               00401000 f i CoreMain.obj
 0001:0000000b       ?appInit@@YAXXZ            0040100b f   CoreMain.obj
 0001:0000006e       ?appExit@@YAXXZ            0040106e f   CoreMain.obj
 0001:00000073       ?appLoadDebugSymbols@@YAXXZ 00401073 f   DbgSymbols.obj
 0001:00000276       ?appSymbolName@@YA_NIPADH@Z 00401276 f   DbgSymbols.obj
 0001:00000362       ?appSymbolName@@YAPBDI@Z   00401362 f   DbgSymbols.obj
 0001:00000394       ?appMalloc@@YAPAXIH@Z      00401394 f   Memory.obj
 0001:00000442       ?appFree@@YAXPAX@Z         00401442 f   Memory.obj
 0001:00000470       ?Unlink@FMemHeader@@QAEXXZ 00401470 f i Memory.obj
 0001:0000049b       ?Link@CMemoryChain@@AAEXXZ 0040149b f   Memory.obj
 0001:000004ba       ?Unlink@CMemoryChain@@AAEXXZ 004014ba f   Memory.obj
 0001:000004e5       ??2CMemoryChain@@SAPAXIH@Z 004014e5 f   Memory.obj
 0001:00000557       ??3CMemoryChain@@SAXPAX@Z  00401557 f   Memory.obj
 0001:0000058a       ?Alloc@CMemoryChain@@QAEPAXIH@Z 0040158a f   Memory.obj
 0001:000005f4       ?appInitMemory@@YAXXZ      004015f4 f   Memory.obj
 0001:00000b3f       ?Write@COutputDeviceNull@@UAEXPBD@Z 00401b3f f i OutputDevice.obj
 0001:00000b42       ?appWPrintf@@YAXPBDZZ      00401b42 f   OutputDevice.obj
 0001:00000b93       ?appFatalError@@YAXPBDZZ   00401b93 f   ErrorMgr.obj
 0001:00000bcd       ?appNonFatalError@@YAXPBDZZ 00401bcd f   ErrorMgr.obj
 0001:00000c2b       ?appUnwindPrefix@@YAXPBD@Z 00401c2b f   ErrorMgr.obj
 0001:00000c82       ?appUnwindThrow@@YAXPBDZZ  00401c82 f   ErrorMgr.obj
 0001:00000d09       ?Reset@CErrorHandler@@QAEXXZ 00401d09 f   ErrorMgr.obj
 0001:00000d33       ?appInitError@@YAXXZ       00401d33 f   ErrorMgr.obj
 0001:00000df1       ?GetLine@CSimpleParser@@QAEPBDXZ 00401df1 f   ScriptParser.obj
 0001:00000f06       ?SkipBraces@CSimpleParser@@QAEPBDXZ 00401f06 f   ScriptParser.obj
 0001:00000f3c       ?appStricmp@@YAHPBD0@Z     00401f3c f   Strings.obj
 0001:00000f71       ?toLower@@YADD@Z           00401f71 f i Strings.obj
 0001:00000f88       ?appStrcpy@@YAXPADPBD@Z    00401f88 f   Strings.obj
 0001:00000f9b       ?appStrncpylwr@@YAXPADPBDH@Z 00401f9b f   Strings.obj
 0001:00000fd3       ?appStrncpyz@@YAXPADPBDH@Z 00401fd3 f   Strings.obj
 0001:00001000       ?appStrcatn@@YAXPADHPBD@Z  00402000 f   Strings.obj
 0001:0000102b       ?appCopyFilename@@YAXPADPBDH@Z 0040202b f   Strings.obj
 0001:000010c7       ?appCStrlen@@YAHPBD@Z      004020c7 f   Strings.obj
 0001:000010ec       ?appUncolorizeString@@YAXPADPBD@Z 004020ec f   Strings.obj
 0001:0000111c       ?va@@YAPBDPBDZZ            0040211c f   Strings.obj
 0001:000011b8       ?appSprintf@@YAHPADHPBDZZ  004021b8 f   Strings.obj
 0001:00001203       ?appMatchWildcard@@YA_NPBD0_N@Z 00402203 f   Strings.obj
 0001:00001383       ?appIsWildcard@@YA_NPBD@Z  00402383 f   Strings.obj
 0001:000013ad       ?CopyString@@YAPADPBD@Z    004023ad f   Strings.obj
 0001:000013ed       ?CopyString@@YAPADPBDPAVCMemoryChain@@@Z 004023ed f   Strings.obj
 0001:00001421       ??2CStringItem@@SAPAXIPBD@Z 00402421 f   Strings.obj
 0001:0000146a       ??2CStringItem@@SAPAXIPBDPAVCMemoryChain@@@Z 0040246a f   Strings.obj
 0001:000014a7       ?Find@CStringList@@IAEPAVCStringItem@@PBDPAPAV2@@Z 004024a7 f   Strings.obj
 0001:000014e3       ?Find@CStringList@@IAEPAVCStringItem@@H@Z 004024e3 f   Strings.obj
 0001:000014fc       ?IndexOf@CStringList@@QAEHPBD@Z 004024fc f   Strings.obj
 0001:00001529       ?Remove@CStringList@@QAE_NPAVCStringItem@@@Z 00402529 f   Strings.obj
 0001:00001555       ?Free@CStringList@@QAEXXZ  00402555 f   Strings.obj
 0001:0000156e       ?appMillisecondsf@@YANXZ   0040256e f   CoreWin32.obj
 0001:000015a7       ?appMilliseconds@@YAIXZ    004025a7 f   CoreWin32.obj
 0001:000015dc       ?cpuid@@YAXI@Z             004025dc f   CoreWin32.obj
 0001:000015ff       ?appInitPlatform@@YAXXZ    004025ff f   CoreWin32.obj
 0001:00001892       ?appShutdownPlatform@@YAXXZ 00402892 f   CoreWin32.obj
 0001:0000189b       ?osAddressInfo@@YA_NIPADHPAH@Z 0040289b f   DbgSymbolsWin32.obj
 0001:0000192f       ?osModuleInfo@@YA_NIPADHPAH@Z 0040292f f   DbgSymbolsWin32.obj
 0001:00001ad7       ?win32ExceptFilter@@YAHPAU_EXCEPTION_POINTERS@@@Z 00402ad7 f   ExceptFilterWin32.obj
 0001:0000200d       ?win32ExceptFilter2@@YAHXZ 0040300d f   ExceptFilterWin32.obj
 0001:00002019       ?SCR_StopCinematic@@YAXXZ  00403019 f   cl_cin.obj
 0001:000020ad       ?SCR_DrawCinematic@@YA_NXZ 004030ad f   cl_cin.obj
 0001:0000250e       ?SCR_PlayCinematic@@YAXPAD@Z 0040350e f   cl_cin.obj
 0001:0000287e       ?CL_Download_f@@YAX_NHPAPAD@Z 0040387e f   cl_download.obj
 0001:00002c2f       ?CL_ParseDownload@@YAXXZ   00403c2f f   cl_download.obj
 0001:0000343c       ?CL_Precache_f@@YAXHPAPAD@Z 0040443c f   cl_download.obj
 0001:0000349a       ?CL_ParseDelta@@YAXPAUclEntityState_t@@0HI_N@Z 0040449a f   cl_ents.obj
 0001:0000361a       ?CL_ParseFrame@@YAXXZ      0040461a f   cl_ents.obj
 0001:00003cc9       ?CL_AddEntityBox@@YAXPAUclEntityState_t@@I@Z 00404cc9 f   cl_ents.obj
 0001:00003dcd       ?Lerp@@YAXABUCVec3@@0MAAU1@@Z 00404dcd f i cl_ents.obj
 0001:00003e04       ?CL_OffsetThirdPersonView@@YAXXZ 00404e04 f   cl_ents.obj
 0001:00003eec       ?CL_AddEntities@@YAXXZ     00404eec f   cl_ents.obj
 0001:00004e21       ?CL_ClearLightStyles@@YAXXZ 00405e21 f   cl_fx.obj
 0001:00004ea3       ?CL_SetLightstyle@@YAXHPBD@Z 00405ea3 f   cl_fx.obj
 0001:00004f04       ?CL_AllocDlight@@YAPAUcdlight_t@@HABUCVec3@@@Z 00405f04 f   cl_fx.obj
 0001:00004f6d       ?CL_AllocParticleTrace@@YAPAUparticleTrace_t@@ABUCVec3@@0MM@Z 00405f6d f   cl_fx.obj
 0001:00004ffc       ?CL_AllocParticleBeam@@YAPAUbeam_t@@ABUCVec3@@0MM@Z 00405ffc f   cl_fx.obj
 0001:00005070       ?CL_AllocParticle@@YAPAUparticle_t@@XZ 00406070 f   cl_fx.obj
 0001:000050c3       ?CL_MetalSparks@@YAXABUCVec3@@0H@Z 004060c3 f   cl_fx.obj
 0001:000051b0       ?CL_AddEffects@@YAXXZ      004061b0 f   cl_fx.obj
 0001:00005894       ?CL_ClearEffects@@YAXXZ    00406894 f   cl_fx.obj
 0001:00005916       ?CL_EntityEvent@@YAXPAUclEntityState_t@@@Z 00406916 f   cl_fx.obj
 0001:00005af1       ?CL_ParseMuzzleFlash@@YAXXZ 00406af1 f   cl_fx.obj
 0001:00005e6e       ?CL_ParseMuzzleFlash2@@YAXXZ 00406e6e f   cl_fx.obj
 0001:000062f2       ?CL_ParticleEffect@@YAXABUCVec3@@0HH@Z 004072f2 f   cl_fx.obj
 0001:0000649c       ?CL_ParticleEffect2@@YAXABUCVec3@@0HH@Z 0040749c f   cl_fx.obj
 0001:000064c4       ?CL_ParticleEffect3@@YAXABUCVec3@@0HH@Z 004074c4 f   cl_fx.obj
 0001:000064ec       ?CL_TeleporterParticles@@YAXPAUclEntityState_t@@@Z 004074ec f   cl_fx.obj
 0001:0000650b       ?CL_LogoutEffect@@YAXABUCVec3@@H@Z 0040750b f   cl_fx.obj
 0001:00006541       ?CL_ItemRespawnParticles@@YAXABUCVec3@@@Z 00407541 f   cl_fx.obj
 0001:0000655c       ?CL_ExplosionParticles@@YAXABUCVec3@@@Z 0040755c f   cl_fx.obj
 0001:0000657a       ?CL_BFGExplosionParticles@@YAXABUCVec3@@@Z 0040757a f   cl_fx.obj
 0001:00006598       ?CL_TrackerExplosionParticles@@YAXABUCVec3@@@Z 00407598 f   cl_fx.obj
 0001:000065b6       ?CL_BlasterParticles@@YAXABUCVec3@@0I@Z 004075b6 f   cl_fx.obj
 0001:000065dc       ?CL_BlasterTrail@@YAXAAUcentity_t@@@Z 004075dc f   cl_fx.obj
 0001:000066df       ?CL_BlasterTrail2@@YAXAAUcentity_t@@@Z 004076df f   cl_fx.obj
 0001:000066f2       ?CL_FlagTrail@@YAXAAUcentity_t@@H@Z 004076f2 f   cl_fx.obj
 0001:0000670e       ?CL_RocketTrail@@YAXAAUcentity_t@@@Z 0040770e f   cl_fx.obj
 0001:0000674d       ?CL_BubbleTrail@@YAXABUCVec3@@0@Z 0040774d f   cl_fx.obj
 0001:000067e7       ?CL_BubbleTrail2@@YAXABUCVec3@@0@Z 004077e7 f   cl_fx.obj
 0001:000067ff       ?CL_TagTrail@@YAXAAUcentity_t@@@Z 004077ff f   cl_fx.obj
 0001:00006812       ?CL_DebugTrail@@YAXABUCVec3@@0@Z 00407812 f   cl_fx.obj
 0001:0000682a       ?CL_ForceWall@@YAXABUCVec3@@0H@Z 0040782a f   cl_fx.obj
 0001:0000684b       ?CL_BigTeleportParticles@@YAXABUCVec3@@@Z 0040784b f   cl_fx.obj
 0001:0000697d       ?CL_BfgParticles@@YAXABUCVec3@@@Z 0040797d f   cl_fx.obj
 0001:00006ae5       ?CL_FlyEffect@@YAXAAUcentity_t@@@Z 00407ae5 f   cl_fx.obj
 0001:00006c71       ?CL_DiminishingTrail@@YAXAAUcentity_t@@H@Z 00407c71 f   cl_fx.obj
 0001:00006dcb       ?CL_RailTrail@@YAXABUCVec3@@0@Z 00407dcb f   cl_fx.obj
 0001:00006f32       ?CL_RailTrailExt@@YAXABUCVec3@@0EE@Z 00407f32 f   cl_fx.obj
 0001:00007077       ?CL_IonripperTrail@@YAXAAUcentity_t@@@Z 00408077 f   cl_fx.obj
 0001:000071c6       ?CL_TrapParticles@@YAXABUCVec3@@@Z 004081c6 f   cl_fx.obj
 0001:0000735a       ?CL_TeleportParticles@@YAXABUCVec3@@@Z 0040835a f   cl_fx.obj
 0001:00007490       ?CL_Heatbeam@@YAXABUCVec3@@0@Z 00408490 f   cl_fx.obj
 0001:00007738       ?CL_ParticleSteamEffect@@YAXABUCVec3@@0HHH@Z 00408738 f   cl_fx.obj
 0001:00007864       ?CL_ParticleSmokeEffect@@YAXABUCVec3@@0@Z 00408864 f   cl_fx.obj
 0001:0000796f       ?CL_TrackerTrail@@YAXAAUcentity_t@@@Z 0040896f f   cl_fx.obj
 0001:00007aed       ?CL_TrackerShell@@YAXABUCVec3@@@Z 00408aed f   cl_fx.obj
 0001:00007b79       ?CL_MonsterPlasmaShell@@YAXABUCVec3@@@Z 00408b79 f   cl_fx.obj
 0001:00007c02       ?CL_WidowSplash@@YAXABUCVec3@@@Z 00408c02 f   cl_fx.obj
 0001:00007cd3       ?IN_CenterView@@YAXXZ      00408cd3 f   cl_input.obj
 0001:00007cf4       ?CL_InitInput@@YAXXZ       00408cf4 f   cl_input.obj
 0001:00008290       ?CL_SendCmd@@YAXXZ         00409290 f   cl_input.obj
 0001:00008972       ?CL_WriteDemoMessage@@YAXXZ 00409972 f   cl_main.obj
 0001:000089b4       ?Cmd_ForwardToServer@@YAXHPAPAD@Z 004099b4 f   cl_main.obj
 0001:00008a77       ?CL_ForwardToServer_f@@YAXHPAPAD@Z 00409a77 f   cl_main.obj
 0001:00008abf       ?CL_Pause@@YAX_N@Z         00409abf f   cl_main.obj
 0001:00008b01       ?CL_Quit_f@@YAXXZ          00409b01 f   cl_main.obj
 0001:00008b0b       ?CL_Drop@@YAX_N@Z          00409b0b f   cl_main.obj
 0001:00008b32       ?CL_SendConnectPacket@@YAXXZ 00409b32 f   cl_main.obj
 0001:00008be7       ?CL_CheckForResend@@YAXXZ  00409be7 f   cl_main.obj
 0001:00008cec       ?CL_Connect_f@@YAX_NHPAPAD@Z 00409cec f   cl_main.obj
 0001:00008d6f       ?CL_Rcon_f@@YAXHPAPAD@Z    00409d6f f   cl_main.obj
 0001:00008e77       ?CL_Disconnect@@YAXXZ      00409e77 f   cl_main.obj
 0001:00009019       ?CL_Disconnect_f@@YAXXZ    0040a019 f   cl_main.obj
 0001:00009023       ?CL_Changing_f@@YAXXZ      0040a023 f   cl_main.obj
 0001:00009047       ?CL_Reconnect_f@@YAXXZ     0040a047 f   cl_main.obj
 0001:000090e3       ?CL_PingServers_f@@YAXXZ   0040a0e3 f   cl_main.obj
 0001:0000924e       ?CL_Skins_f@@YAXXZ         0040a24e f   cl_main.obj
 0001:00009561       ?CL_ConnectionlessPacket@@YAXXZ 0040a561 f   cl_main.obj
 0001:00009661       ?CL_ReadPackets@@YAXXZ     0040a661 f   cl_main.obj
 0001:000097a4       ?CL_Userinfo_f@@YAXXZ      0040a7a4 f   cl_main.obj
 0001:000097bc       ?CL_RegisterSounds@@YAXXZ  0040a7bc f   cl_main.obj
 0001:000097fb       ?CL_Snd_Restart_f@@YAXXZ   0040a7fb f   cl_main.obj
 0001:0000980a       ?CL_WriteConfiguration@@YAXPBD@Z 0040a80a f   cl_main.obj
 0001:000098c5       ?CL_WriteConfig_f@@YAX_NHPAPAD@Z 0040a8c5 f   cl_main.obj
 0001:00009924       ?CL_FixCvarCheats@@YAXXZ   0040a924 f   cl_main.obj
 0001:0000997e       ?CL_Frame@@YAXMM@Z         0040a97e f   cl_main.obj
 0001:00009b7e       ?CL_ClearState@@YAXXZ      0040ab7e f   cl_main.obj
 0001:00009bbc       ?CL_Init@@YAXXZ            0040abbc f   cl_main.obj
 0001:0000a093       ?CL_Shutdown@@YAX_N@Z      0040b093 f   cl_main.obj
 0001:0000a0e8       ?CL_ParseClientinfo@@YAXH@Z 0040b0e8 f   cl_parse.obj
 0001:0000a15f       ?CL_ParseServerMessage@@YAXXZ 0040b15f f   cl_parse.obj
 0001:0000a92b       ?FreePlayerModelsInfo@@YAXXZ 0040b92b f   cl_playermodel.obj
 0001:0000a951       ?ScanQuake3Models@@YAXPBD@Z 0040b951 f   cl_playermodel.obj
 0001:0000aad0       ?ScanPlayerModels@@YA_NXZ  0040bad0 f   cl_playermodel.obj
 0001:0000ad4d       ?CL_IsFemaleModel@@YA_NPBD@Z 0040bd4d f   cl_playermodel.obj
 0001:0000aee0       ?RunAnimation@@YAXAAUclientInfo_t@@AAUanimState_t@@H@Z 0040bee0 f   cl_playermodel.obj
 0001:0000b0a7       ?CL_LoadClientinfo@@YAXAAUclientInfo_t@@PBD_N@Z 0040c0a7 f   cl_playermodel.obj
 0001:0000baeb       ?ParsePlayerEntity@@YAHAAUcentity_t@@AAUclientInfo_t@@PAUclEntityState_t@@ABUentity_t@@PAU4@HH@Z 0040caeb f   cl_playermodel.obj
 0001:0000c638       ?Insert@?$TList@VCStringItem@@@@QAE_NPAVCStringItem@@@Z 0040d638 f i cl_playermodel.obj
 0001:0000c638       ?Insert@?$TList@VplayerModelInfo_t@@@@QAE_NPAVplayerModelInfo_t@@@Z 0040d638 f i cl_playermodel.obj
 0001:0000c638       ?Insert@?$TList@VshaderScript_t@OpenGLDrv@@@@QAE_NPAVshaderScript_t@OpenGLDrv@@@Z 0040d638 f i cl_playermodel.obj
 0001:0000c66e       ?CL_CheckPredictionError@@YAXXZ 0040d66e f   cl_pred.obj
 0001:0000c804       ?CL_EntityTrace@@YAXAAUtrace_t@@ABUCVec3@@1ABUCBox@@H@Z 0040d804 f   cl_pred.obj
 0001:0000cb9d       ?CL_Trace@@YAXAAUtrace_t@@ABUCVec3@@1ABUCBox@@H@Z 0040db9d f   cl_pred.obj
 0001:0000cc19       ?CL_PMpointcontents@@YAHABUCVec3@@@Z 0040dc19 f   cl_pred.obj
 0001:0000cda5       ?CL_PredictMovement@@YAXXZ 0040dda5 f   cl_pred.obj
 0001:0000d155       ?DrawString@@YAXHHPBD@Z    0040e155 f   cl_scrn.obj
 0001:0000d199       ?SCR_DebugGraph@@YAXMH@Z   0040e199 f   cl_scrn.obj
 0001:0000d1c1       ?SCR_CenterPrint@@YAXPAD@Z 0040e1c1 f   cl_scrn.obj
 0001:0000d2c5       ?Key_Message@@YAXH@Z       0040e2c5 f   cl_scrn.obj
 0001:0000d361       ?SCR_SetLevelshot@@YAXPBD@Z 0040e361 f   cl_scrn.obj
 0001:0000d454       ?SCR_BeginLoadingPlaque@@YAXXZ 0040e454 f   cl_scrn.obj
 0001:0000d4d9       ?SCR_EndLoadingPlaque@@YAX_N@Z 0040e4d9 f   cl_scrn.obj
 0001:0000d55e       ?SCR_ShowConsole@@YAX_N0@Z 0040e55e f   cl_scrn.obj
 0001:0000d634       ?SCR_ToggleConsole@@YAXXZ  0040e634 f   cl_scrn.obj
 0001:0000d65c       ?SCR_TouchPics@@YAXXZ      0040e65c f   cl_scrn.obj
 0001:0000d6bb       ?SCR_UpdateScreen@@YAXXZ   0040e6bb f   cl_scrn.obj
 0001:0000e944       ?SCR_Init@@YAXXZ           0040f944 f   cl_scrn.obj
 0001:0000eca1       ?CL_RegisterTEntSounds@@YAXXZ 0040fca1 f   cl_tent.obj
 0001:0000eee6       ?CL_RegisterTEntModels@@YAXXZ 0040fee6 f   cl_tent.obj
 0001:0000f033       ?CL_ClearTEnts@@YAXXZ      00410033 f   cl_tent.obj
 0001:0000f064       ?CL_SmokeAndFlash@@YAXABUCVec3@@@Z 00410064 f   cl_tent.obj
 0001:0000f1fa       ?CL_ParsePlayerBeam@@YAHPAVCRenderModel@@@Z 004101fa f   cl_tent.obj
 0001:0000f305       ?CL_ParseLightning@@YAHPAVCRenderModel@@@Z 00410305 f   cl_tent.obj
 0001:0000f3c7       ?CL_ParseWidow@@YAXXZ      004103c7 f   cl_tent.obj
 0001:0000f4fd       ?CL_ParseNuke@@YAXXZ       004104fd f   cl_tent.obj
 0001:0000f610       ?CL_ParseTEnt@@YAXXZ       00410610 f   cl_tent.obj
 0001:000103cf       ?CL_AddBeams@@YAXXZ        004113cf f   cl_tent.obj
 0001:000105d1       ?CL_AddPlayerBeams@@YAXXZ  004115d1 f   cl_tent.obj
 0001:00010bd8       ?CL_AddTEnts@@YAXXZ        00411bd8 f   cl_tent.obj
 0001:00010dd8       ?V_AddEntity@@YAXPAUentity_t@@@Z 00411dd8 f   cl_view.obj
 0001:00010e13       ?V_AddEntity2@@YAXPAUentity_t@@@Z 00411e13 f   cl_view.obj
 0001:00010e42       ?AddEntityWithEffects2@@YAXPAUentity_t@@I@Z 00411e42 f   cl_view.obj
 0001:00010efe       ?AddEntityWithEffects@@YAXPAUentity_t@@I@Z 00411efe f   cl_view.obj
 0001:00010f1d       ?V_AddLight@@YAXABUCVec3@@MMMM@Z 00411f1d f   cl_view.obj
 0001:00010f62       ?V_TestEntities@@YAXXZ     00411f62 f   cl_view.obj
 0001:0001108f       ?V_TestLights@@YAXXZ       0041208f f   cl_view.obj
 0001:00011165       ?V_InitRenderer@@YAXXZ     00412165 f   cl_view.obj
 0001:0001152a       ?CalcFov@@YAMMMM@Z         0041252a f   cl_view.obj
 0001:00011598       ?V_RenderView@@YA_NXZ      00412598 f   cl_view.obj
 0001:000121e4       ?V_Init@@YAXXZ             004131e4 f   cl_view.obj
 0001:00012293       ?Con_ClearNotify@@YAXXZ    00413293 f   console.obj
 0001:000122a2       ?Con_CheckResize@@YAXXZ    004132a2 f   console.obj
 0001:000123c9       ?Con_Print@@YAXPBD@Z       004133c9 f   console.obj
 0001:000126c1       ?Con_DrawNotify@@YAX_N@Z   004136c1 f   console.obj
 0001:000127d9       ?Con_DrawConsole@@YAXM@Z   004137d9 f   console.obj
 0001:00012bb0       ?Con_ClearTyping@@YAXXZ    00413bb0 f   console.obj
 0001:00012bc9       ?Key_Console@@YAXHH@Z      00413bc9 f   console.obj
 0001:00013011       ?Con_Init@@YAXXZ           00414011 f   console.obj
 0001:0001318d       ?Key_KeynumToString@@YAPBDH@Z 0041418d f   keys.obj
 0001:0001324d       ?Draw@completeMenu_t@@UAEXXZ 0041424d f i keys.obj
 0001:0001327e       ?KeyDown@completeMenu_t@@UAEPBDH@Z 0041427e f i keys.obj
 0001:000132a7       ?Init@completeMenu_t@@UAE_NXZ 004142a7 f i keys.obj
 0001:000133ce       ?CompleteMenuCallback@completeMenu_t@@SAXPAX@Z 004143ce f i keys.obj
 0001:0001345c       ?CompleteCommand@@YAXXZ    0041445c f   keys.obj
 0001:00013b91       ?Key_SetBinding@@YAXHPBD@Z 00414b91 f   keys.obj
 0001:00013bcf       ?Key_FindBinding@@YAHPBDPAHH@Z 00414bcf f   keys.obj
 0001:00013c1d       ?Key_WriteBindings@@YAXPAU_iobuf@@@Z 00414c1d f   keys.obj
 0001:00013c65       ?Key_Init@@YAXXZ           00414c65 f   keys.obj
 0001:00013f49       ?Key_Event@@YAXH_N@Z       00414f49 f   keys.obj
 0001:000142a2       ?Key_ClearStates@@YAXXZ    004152a2 f   keys.obj
 0001:000142d7       ?M_ForceMenuOn@@YAXXZ      004152d7 f   menu.obj
 0001:000142f6       ?Draw@menuMain_t@@UAEXXZ   004152f6 f i menu.obj
 0001:00014424       ?KeyDown@menuMain_t@@UAEPBDH@Z 00415424 f i menu.obj
 0001:000144e0       ?Init@menuMain_t@@UAE_NXZ  004154e0 f i menu.obj
 0001:000144e8       ?M_Menu_Main_f@@YAXXZ      004154e8 f   menu.obj
 0001:00014502       ?Init@multiplayerMenu_t@@UAE_NXZ 00415502 f i menu.obj
 0001:00014626       ?Init@keysMenu_t@@UAE_NXZ  00415626 f i menu.obj
 0001:0001480b       ?KeyCursorDrawFunc@keysMenu_t@@SAXPAUmenuFramework_t@@@Z 0041580b f i menu.obj
 0001:0001484b       ?DrawKeyBindingFunc@keysMenu_t@@SAXPAX@Z 0041584b f i menu.obj
 0001:00014912       ?KeyDown@keysMenu_t@@UAEPBDH@Z 00415912 f i menu.obj
 0001:000149bf       ?UnbindCommand@keysMenu_t@@QAEXPAD@Z 004159bf f i menu.obj
 0001:00014a04       ?KeyBindingFunc@keysMenu_t@@QAEXPAX@Z 00415a04 f i menu.obj
 0001:00014a63       ?Init@optionsMenu_t@@UAE_NXZ 00415a63 f i menu.obj
 0001:00014ec1       ?CrosshairFunc@optionsMenu_t@@SAXPAX@Z 00415ec1 f i menu.obj
 0001:00014ee9       ?JoystickFunc@optionsMenu_t@@SAXPAX@Z 00415ee9 f i menu.obj
 0001:00014efe       ?AlwaysRunFunc@optionsMenu_t@@SAXPAX@Z 00415efe f i menu.obj
 0001:00014f13       ?FreeLookFunc@optionsMenu_t@@SAXPAX@Z 00415f13 f i menu.obj
 0001:00014f28       ?MouseSpeedFunc@optionsMenu_t@@SAXPAX@Z 00415f28 f i menu.obj
 0001:00014f45       ?InvertMouseFunc@optionsMenu_t@@SAXPAX@Z 00415f45 f i menu.obj
 0001:00014f60       ?LookspringFunc@optionsMenu_t@@SAXPAX@Z 00415f60 f i menu.obj
 0001:00014f7c       ?LookstrafeFunc@optionsMenu_t@@SAXPAX@Z 00415f7c f i menu.obj
 0001:00014f98       ?UpdateVolumeFunc@optionsMenu_t@@SAXPAX@Z 00415f98 f i menu.obj
 0001:00014fb5       ?UpdateCDVolumeFunc@optionsMenu_t@@SAXPAX@Z 00415fb5 f i menu.obj
 0001:00014fcf       ?SetMenuItemValues@optionsMenu_t@@SAXXZ 00415fcf f i menu.obj
 0001:000151ad       ?ResetDefaultsFunc@optionsMenu_t@@SAXPAX@Z 004161ad f i menu.obj
 0001:000151c2       ?UpdateSoundFunc@optionsMenu_t@@SAXPAX@Z 004161c2 f i menu.obj
 0001:000153c5       ?ScanCrosshairs@optionsMenu_t@@SAXXZ 004163c5 f i menu.obj
 0001:00015422       ?Draw@optionsMenu_t@@UAEXXZ 00416422 f i menu.obj
 0001:00015487       ?Draw@creditsMenu_t@@UAEXXZ 00416487 f i menu.obj
 0001:0001552e       ?KeyDown@creditsMenu_t@@UAEPBDH@Z 0041652e f i menu.obj
 0001:00015569       ?Init@creditsMenu_t@@UAE_NXZ 00416569 f i menu.obj
 0001:00015631       ?Init@gameMenu_t@@UAE_NXZ  00416631 f i menu.obj
 0001:000157bc       ?EasyGameFunc@gameMenu_t@@SAXPAX@Z 004167bc f i menu.obj
 0001:000157c8       ?StartGame@gameMenu_t@@SAXPBD@Z 004167c8 f i menu.obj
 0001:0001581b       ?MediumGameFunc@gameMenu_t@@SAXPAX@Z 0041681b f i menu.obj
 0001:00015827       ?HardGameFunc@gameMenu_t@@SAXPAX@Z 00416827 f i menu.obj
 0001:00015843       ?Init@savegameMenu_t@@UAE_NXZ 00416843 f i menu.obj
 0001:00015953       ?Create_Savestrings@savegameMenu_t@@QAEXXZ 00416953 f i menu.obj
 0001:00015a0e       ?LoadGameCallback@savegameMenu_t@@SAXPAX@Z 00416a0e f i menu.obj
 0001:00015a37       ?SaveGameCallback@savegameMenu_t@@SAXPAX@Z 00416a37 f i menu.obj
 0001:00015a56       ?Draw@savegameMenu_t@@UAEXXZ 00416a56 f i menu.obj
 0001:00015a71       ?DrawSavegameShot@savegameMenu_t@@QAEXHH@Z 00416a71 f i menu.obj
 0001:00015b56       ?Init@joinserverMenu_t@@UAE_NXZ 00416b56 f i menu.obj
 0001:00015c7f       ?JoinServerFunc@joinserverMenu_t@@SAXPAX@Z 00416c7f f i menu.obj
 0001:00015ce1       ?SearchLocalGames@joinserverMenu_t@@SAXXZ 00416ce1 f i menu.obj
 0001:00015d4c       ?M_AddToServerList@@YAXUnetadr_t@@PAD@Z 00416d4c f   menu.obj
 0001:00015dcf       ?Init@startserverMenu_t@@UAE_NXZ 00416dcf f i menu.obj
 0001:00016271       ?DMOptionsFunc@startserverMenu_t@@SAXPAX@Z 00417271 f i menu.obj
 0001:00016281       ?RulesChangeFunc@startserverMenu_t@@SAXPAX@Z 00417281 f i menu.obj
 0001:000162fb       ?StartServerActionFunc@startserverMenu_t@@SAXPAX@Z 004172fb f i menu.obj
 0001:00016326       ?StartServerFunc@startserverMenu_t@@SAXPAD@Z 00417326 f i menu.obj
 0001:0001655d       ?KeyDown@startserverMenu_t@@UAEPBDH@Z 0041755d f i menu.obj
 0001:000165ba       ?Init@dmoptionsMenu_t@@UAE_NXZ 004175ba f i menu.obj
 0001:00016b99       ?DMFlagCallback@dmoptionsMenu_t@@SAXPAX@Z 00417b99 f i menu.obj
 0001:00016d74       ?Init@downloadOptionsMenu_t@@UAE_NXZ 00417d74 f i menu.obj
 0001:00016f3f       ?DownloadCallback@downloadOptionsMenu_t@@SAXPAX@Z 00417f3f f i menu.obj
 0001:00016faa       ?Init@addressBookMenu_t@@UAE_NXZ 00417faa f i menu.obj
 0001:00017052       ?KeyDown@addressBookMenu_t@@UAEPBDH@Z 00418052 f i menu.obj
 0001:000170af       ?Init@playerConfigMenu_t@@UAE_NXZ 004180af f i menu.obj
 0001:000175f6       ?HandednessCallback@playerConfigMenu_t@@SAXPAX@Z 004185f6 f i menu.obj
 0001:0001760b       ?RTypeCallback@playerConfigMenu_t@@SAXPAX@Z 0041860b f i menu.obj
 0001:00017620       ?RColorCallback@playerConfigMenu_t@@SAXPAX@Z 00418620 f i menu.obj
 0001:00017635       ?RateCallback@playerConfigMenu_t@@SAXPAX@Z 00418635 f i menu.obj
 0001:00017658       ?ModelCallback@playerConfigMenu_t@@SAXPAX@Z 00418658 f i menu.obj
 0001:0001768c       ?SkinCallback@playerConfigMenu_t@@SAXPAX@Z 0041868c f i menu.obj
 0001:00017694       ?Draw@playerConfigMenu_t@@UAEXXZ 00418694 f i menu.obj
 0001:0001796c       ?KeyDown@playerConfigMenu_t@@UAEPBDH@Z 0041896c f i menu.obj
 0001:00017a4b       ?Init@dmbrowseMenu_t@@UAE_NXZ 00418a4b f i menu.obj
 0001:00017c51       ?KeyDown@dmbrowseMenu_t@@UAEPBDH@Z 00418c51 f i menu.obj
 0001:00017e15       ?Draw@dmbrowseMenu_t@@UAEXXZ 00418e15 f i menu.obj
 0001:00017f5a       ?DrawThumbnail@dmbrowseMenu_t@@SAXHHHHPAD_N@Z 00418f5a f i menu.obj
 0001:00018041       ?Init@videoMenu_t@@UAE_NXZ 00419041 f i menu.obj
 0001:000185fa       ?ScreenSizeCallback@videoMenu_t@@SAXPAX@Z 004195fa f i menu.obj
 0001:00018618       ?BrightnessCallback@videoMenu_t@@SAXPAX@Z 00419618 f i menu.obj
 0001:00018636       ?ContrastCallback@videoMenu_t@@SAXPAX@Z 00419636 f i menu.obj
 0001:0001866f       ?CancelChanges@videoMenu_t@@SAXPAX@Z 0041966f f i menu.obj
 0001:00018690       ?KeyDown@videoMenu_t@@UAEPBDH@Z 00419690 f i menu.obj
 0001:000186d7       ?ApplyChanges@videoMenu_t@@SAXPAX@Z 004196d7 f i menu.obj
 0001:0001888e       ?KeyDown@quitMenu_t@@UAEPBDH@Z 0041988e f i menu.obj
 0001:000188c6       ?Draw@quitMenu_t@@UAEXXZ   004198c6 f i menu.obj
 0001:00018936       ?M_Init@@YAXXZ             00419936 f   menu.obj
 0001:00018b18       ?ItemAtCursor@menuFramework_t@@QAEPAUmenuCommon_t@@XZ 00419b18 f   qmenu.obj
 0001:00018b6c       ?AddItem@menuFramework_t@@QAEXPAUmenuCommon_t@@@Z 00419b6c f   qmenu.obj
 0001:00018c28       ?AdjustCursor@menuFramework_t@@QAEXH@Z 00419c28 f   qmenu.obj
 0001:00018d97       ?Center@menuFramework_t@@QAEXXZ 00419d97 f   qmenu.obj
 0001:00018dd8       ?Draw@menuFramework_t@@UAEXXZ 00419dd8 f   qmenu.obj
 0001:00019390       ?SelectItem@menuFramework_t@@QAE_NXZ 0041a390 f   qmenu.obj
 0001:000193ee       ?SetStatusBar@menuFramework_t@@QAEXPBD@Z 0041a3ee f   qmenu.obj
 0001:000193f8       ?SlideItem@menuFramework_t@@QAEXH@Z 0041a3f8 f   qmenu.obj
 0001:00019975       ?Push@menuFramework_t@@QAEXXZ 0041a975 f   qmenu.obj
 0001:000199fd       ?M_ForceMenuOff@@YAXXZ     0041a9fd f   qmenu.obj
 0001:00019a2a       ?Pop@menuFramework_t@@QAEXXZ 0041aa2a f   qmenu.obj
 0001:00019a64       ?KeyDown@menuFramework_t@@UAEPBDH@Z 0041aa64 f   qmenu.obj
 0001:00019cd8       ?Init@menuFramework_t@@UAE_NXZ 0041acd8 f   qmenu.obj
 0001:00019cdb       ?M_Draw@@YAXXZ             0041acdb f   qmenu.obj
 0001:00019d16       ?M_Keydown@@YAXH@Z         0041ad16 f   qmenu.obj
 0001:00019d35       ?InitRendererVars@@YAXXZ   0041ad35 f   ref_vars.obj
 0001:00019d54       ?S_SoundInfo_f@@YAXXZ      0041ad54 f   snd_dma.obj
 0001:00019dde       ?S_Init@@YAXXZ             0041adde f   snd_dma.obj
 0001:00019eac       ?S_Shutdown@@YAXXZ         0041aeac f   snd_dma.obj
 0001:00019f3f       ?S_BeginRegistration@@YAXXZ 0041af3f f   snd_dma.obj
 0001:00019f4d       ?S_RegisterSound@@YAPAUsfx_t@@PBD@Z 0041af4d f   snd_dma.obj
 0001:0001a0e3       ?S_EndRegistration@@YAXXZ  0041b0e3 f   snd_dma.obj
 0001:0001a17b       ?S_PickChannel@@YAPAUchannel_t@@HH@Z 0041b17b f   snd_dma.obj
 0001:0001a208       ?S_Spatialize@@YAXPAUchannel_t@@@Z 0041b208 f   snd_dma.obj
 0001:0001a3e8       ?S_AllocPlaysound@@YAPAUplaysound_t@@XZ 0041b3e8 f   snd_dma.obj
 0001:0001a40a       ?S_FreePlaysound@@YAXPAUplaysound_t@@@Z 0041b40a f   snd_dma.obj
 0001:0001a43a       ?S_IssuePlaysound@@YAXPAUplaysound_t@@@Z 0041b43a f   snd_dma.obj
 0001:0001a507       ?S_StartSound@@YAXPBUCVec3@@HHPAUsfx_t@@MMM@Z 0041b507 f   snd_dma.obj
 0001:0001a92d       ?S_StartLocalSound@@YAXPBD@Z 0041b92d f   snd_dma.obj
 0001:0001a97c       ?S_ClearBuffer@@YAXXZ      0041b97c f   snd_dma.obj
 0001:0001a9e5       ?S_StopAllSounds_f@@YAXXZ  0041b9e5 f   snd_dma.obj
 0001:0001aa55       ?S_AddLoopSounds@@YAXXZ    0041ba55 f   snd_dma.obj
 0001:0001ac2b       ?S_RawSamples@@YAXHHHHPAE@Z 0041bc2b f   snd_dma.obj
 0001:0001ae2f       ?S_Update@@YAXABUCVec3@@0@Z 0041be2f f   snd_dma.obj
 0001:0001af12       ?GetSoundtime@@YAXXZ       0041bf12 f   snd_dma.obj
 0001:0001af79       ?S_Update_@@YAXXZ          0041bf79 f   snd_dma.obj
 0001:0001b22c       ?ResampleSfx@@YAXPAUsfx_t@@HHPAE@Z 0041c22c f   snd_mem.obj
 0001:0001b347       ?S_LoadSound@@YAPAUsfxcache_t@@PAUsfx_t@@@Z 0041c347 f   snd_mem.obj
 0001:0001b47f       ?GetWavinfo@@YA?AUwavinfo_t@@PADPAEH@Z 0041c47f f   snd_mem.obj
 0001:0001b6c1       ?S_WriteLinearBlastStereo16@@YAXXZ 0041c6c1 f   snd_mix.obj
 0001:0001b735       ?S_TransferStereo16@@YAXPAKH@Z 0041c735 f   snd_mix.obj
 0001:0001b79e       ?S_TransferPaintBuffer@@YAXH@Z 0041c79e f   snd_mix.obj
 0001:0001b902       ?S_PaintChannels@@YAXH@Z   0041c902 f   snd_mix.obj
 0001:0001bb7e       ?S_InitScaletable@@YAXXZ   0041cb7e f   snd_mix.obj
 0001:0001bd3f       ?SV_ComputeAnimation@@YAXPAUplayer_state_t@@AAUentityStateEx_t@@PAU2@PAUedict_s@@@Z 0041cd3f f   sv_anim.obj
 0001:0001c13c       ?SV_WipeSavegame@@YAXPAD@Z 0041d13c f   sv_ccmds.obj
 0001:0001c16a       ?SV_CopySaveGame@@YAXPAD0@Z 0041d16a f   sv_ccmds.obj
 0001:0001c1bf       ?SV_WriteLevelFile@@YAXXZ  0041d1bf f   sv_ccmds.obj
 0001:0001c26d       ?SV_ReadLevelFile@@YAXXZ   0041d26d f   sv_ccmds.obj
 0001:0001c31b       ?SV_WriteServerFile@@YAX_NPAD@Z 0041d31b f   sv_ccmds.obj
 0001:0001c557       ?SV_ReadServerFile@@YAXXZ  0041d557 f   sv_ccmds.obj
 0001:0001c67c       ?SV_AddressBanned@@YA_NPAUnetadr_t@@@Z 0041d67c f   sv_ccmds.obj
 0001:0001c6bd       ?SV_InitOperatorCommands@@YAXXZ 0041d6bd f   sv_ccmds.obj
 0001:0001d6c2       ?SV_WriteFrameToClient@@YAXPAUclient_t@@PAVsizebuf_t@@@Z 0041e6c2 f   sv_ents.obj
 0001:0001de0d       ?SV_RecordDemoMessage@@YAXXZ 0041ee0d f   sv_ents.obj
 0001:0001e9f5       ?SV_InitGameLibrary@@YAX_N@Z 0041f9f5 f   sv_game.obj
 0001:0001eb3b       ?SV_ShutdownGameLibrary@@YAXXZ 0041fb3b f   sv_game.obj
 0001:0001ec98       ?SV_FindIndex@@YAHPADHH_N@Z 0041fc98 f   sv_init.obj
 0001:0001eda5       ?SV_ModelIndex@@YAHPAD@Z   0041fda5 f   sv_init.obj
 0001:0001edbb       ?SV_SoundIndex@@YAHPAD@Z   0041fdbb f   sv_init.obj
 0001:0001edd4       ?SV_ImageIndex@@YAHPAD@Z   0041fdd4 f   sv_init.obj
 0001:0001eded       ?SV_CreateBaseline@@YAXXZ  0041fded f   sv_init.obj
 0001:0001ee6a       ?SV_CheckForSavegame@@YAXXZ 0041fe6a f   sv_init.obj
 0001:0001eef2       ?SV_SpawnServer@@YAXPAD0W4server_state_t@@_N2@Z 0041fef2 f   sv_init.obj
 0001:0001f1c0       ?SV_InitGame@@YAXXZ        004201c0 f   sv_init.obj
 0001:0001f40a       ?SV_Map@@YAX_NPBD0@Z       0042040a f   sv_init.obj
 0001:0001f5d3       ?SV_DropClient@@YAXPAUclient_t@@PAD@Z 004205d3 f   sv_main.obj
 0001:0001fee2       ?SV_ConnectionlessPacket@@YAXXZ 00420ee2 f   sv_main.obj
 0001:0001ffad       ?SV_CalcPings@@YAXXZ       00420fad f   sv_main.obj
 0001:00020034       ?SV_GiveMsec@@YAXXZ        00421034 f   sv_main.obj
 0001:00020073       ?SV_ReadPackets@@YAXXZ     00421073 f   sv_main.obj
 0001:000201bb       ?SV_CheckTimeouts@@YAXXZ   004211bb f   sv_main.obj
 0001:000202cc       ?SV_PostprocessFrame@@YAXXZ 004212cc f   sv_main.obj
 0001:0002078a       ?SV_MulticastHook@@YAPAVsizebuf_t@@PAV1@0@Z 0042178a f   sv_main.obj
 0001:00020b7a       ?SV_TraceHook@@YA?AUtrace_t@@ABUCVec3@@PBU2@10PAUedict_s@@H@Z 00421b7a f   sv_main.obj
 0001:00020d18       ?SV_Frame@@YAXM@Z          00421d18 f   sv_main.obj
 0001:00020fcb       ?SV_UserinfoChanged@@YAXPAUclient_t@@@Z 00421fcb f   sv_main.obj
 0001:0002108f       ?SV_Init@@YAXXZ            0042208f f   sv_main.obj
 0001:000210f1       ?SV_Shutdown@@YAXPBD_N@Z   004220f1 f   sv_main.obj
 0001:000212f8       ?SV_BeginRedirect@@YAXXZ   004222f8 f   sv_send.obj
 0001:000213a2       ?SV_ClientPrintf@@YAXPAUclient_t@@HPBDZZ 004223a2 f   sv_send.obj
 0001:000213fd       ?SV_BroadcastPrintf@@YAXHPBDZZ 004223fd f   sv_send.obj
 0001:000214d3       ?SV_BroadcastCommand@@YAXPBDZZ 004224d3 f   sv_send.obj
 0001:0002152b       ?SV_Multicast@@YAXABUCVec3@@W4multicast_t@@_N@Z 0042252b f   sv_send.obj
 0001:00021751       ?SV_MulticastOld@@YAXABUCVec3@@W4multicast_t@@@Z 00422751 f   sv_send.obj
 0001:00021764       ?SV_MulticastNew@@YAXABUCVec3@@W4multicast_t@@@Z 00422764 f   sv_send.obj
 0001:00021777       ?SV_StartSound@@YAXPBUCVec3@@PAUedict_s@@HHMMM_N@Z 00422777 f   sv_send.obj
 0001:00021a44       ?SV_StartSoundOld@@YAXPBUCVec3@@PAUedict_s@@HHMMM@Z 00422a44 f   sv_send.obj
 0001:00021a74       ?SV_StartSoundNew@@YAXPBUCVec3@@PAUedict_s@@HHMMM@Z 00422a74 f   sv_send.obj
 0001:00021aa4       ?SV_SendClientDatagram@@YA_NPAUclient_t@@@Z 00422aa4 f   sv_send.obj
 0001:00021b66       ?SV_DemoCompleted@@YAXXZ   00422b66 f   sv_send.obj
 0001:00021b82       ?SV_RateDrop@@YA_NPAUclient_t@@@Z 00422b82 f   sv_send.obj
 0001:00021bcc       ?SV_SendClientMessages@@YAXXZ 00422bcc f   sv_send.obj
 0001:00021d0f       ?SV_ClearTexts@@YAXXZ      00422d0f f   sv_text.obj
 0001:00021d17       ?SV_DrawTexts@@YAXXZ       00422d17 f   sv_text.obj
 0001:00021ecc       ?SV_DrawText3D@@YAXABUCVec3@@PBDI@Z 00422ecc f   sv_text.obj
 0001:00021ee3       ?SV_TokenizeString@@YAXPBD@Z 00422ee3 f   sv_tokenize.obj
 0001:00021fba       ?SV_Argc@@YAHXZ            00422fba f   sv_tokenize.obj
 0001:00021fc0       ?SV_Argv@@YAPADH@Z         00422fc0 f   sv_tokenize.obj
 0001:00021fda       ?SV_Args@@YAPADXZ          00422fda f   sv_tokenize.obj
 0001:0002286f       ?SV_Nextserver@@YAXXZ      0042386f f   sv_user.obj
 0001:000228fe       ?SV_ExecuteUserCommand@@YAXPAD@Z 004238fe f   sv_user.obj
 0001:000229c0       ?SV_ClientThink@@YAXPAUclient_t@@PAUusercmd_t@@@Z 004239c0 f   sv_user.obj
 0001:00022a03       ?SV_ExecuteClientMessage@@YAXPAUclient_t@@@Z 00423a03 f   sv_user.obj
 0001:00022c21       ?SV_ClearWorld@@YAXXZ      00423c21 f   sv_world.obj
 0001:00022d5c       ?SV_UnlinkEdict@@YAXPAUedict_s@@@Z 00423d5c f   sv_world.obj
 0001:00022e1f       ?SV_LinkEdict@@YAXPAUedict_s@@@Z 00423e1f f   sv_world.obj
 0001:0002340a       ?SV_AreaEdicts@@YAHABUCVec3@@0PAPAUedict_s@@HH@Z 0042440a f   sv_world.obj
 0001:000235bb       ?SV_PointContents@@YAHABUCVec3@@@Z 004245bb f   sv_world.obj
 0001:000236e2       ?SV_Trace@@YAXAAUtrace_t@@ABUCVec3@@1ABUCBox@@PAUedict_s@@H@Z 004246e2 f   sv_world.obj
 0001:00023b61       ?InitByteDirs@@YAXXZ       00424b61 f   anorms.obj
 0001:00023ba0       ?Cbuf_AddText@@YAXPBD@Z    00424ba0 f   cmd.obj
 0001:00023c02       ?Cbuf_CopyToDefer@@YAXXZ   00424c02 f   cmd.obj
 0001:00023c4a       ?Cbuf_InsertFromDefer@@YAXXZ 00424c4a f   cmd.obj
 0001:00023d03       ?Cbuf_Execute@@YAXXZ       00424d03 f   cmd.obj
 0001:00023e09       ?Cmd_Unalias_f@@YAX_NHPAPAD@Z 00424e09 f   cmd.obj
 0001:00023e7f       ?Cmd_WriteAliases@@YAXPAU_iobuf@@@Z 00424e7f f   cmd.obj
 0001:00023eb0       ?RegisterCommand@@YA_NPBDP6AXXZH@Z 00424eb0 f   cmd.obj
 0001:00023f69       ?UnregisterCommand@@YA_NPBD@Z 00424f69 f   cmd.obj
 0001:00023ffa       ?Cmd_ExecuteString@@YA_NPBD@Z 00424ffa f   cmd.obj
 0001:0002444d       ?ExecuteCommand@@YA_NPBDPBUCSimpleCommand@@H@Z 0042544d f   cmd.obj
 0001:00024525       ?Cmd_Init@@YAXXZ           00425525 f   cmd.obj
 0001:00024877       ?CM_LoadMap@@YAPAUcmodel_t@@PBD_NPAI@Z 00425877 f   cmodel.obj
 0001:00024fa8       ?SetSignbits@cplane_t@@QAEXXZ 00425fa8 f i cmodel.obj
 0001:00024fdc       ?SetType@cplane_t@@QAEXXZ  00425fdc f i cmodel.obj
 0001:00025198       ?CM_InlineModel@@YAPAUcmodel_t@@PBD@Z 00426198 f   cmodel.obj
 0001:000251d9       ?CM_NumClusters@@YAHXZ     004261d9 f   cmodel.obj
 0001:000251df       ?CM_NumInlineModels@@YAHXZ 004261df f   cmodel.obj
 0001:000251e5       ?CM_EntityString@@YAPBDXZ  004261e5 f   cmodel.obj
 0001:000251eb       ?CM_LeafContents@@YAHH@Z   004261eb f   cmodel.obj
 0001:00025212       ?CM_LeafCluster@@YAHH@Z    00426212 f   cmodel.obj
 0001:00025288       ?CM_LeafArea@@YAHH@Z       00426288 f   cmodel.obj
 0001:0002544b       ?CM_HeadnodeForBox@@YAHABUCBox@@@Z 0042644b f   cmodel.obj
 0001:00025500       ?CM_PointLeafnum@@YAHABUCVec3@@H@Z 00426500 f   cmodel.obj
 0001:000255a3       ?DistanceTo@cplane_t@@QAEMABUCVec3@@@Z 004265a3 f i cmodel.obj
 0001:000255e7       ?CM_PointContents@@YAHABUCVec3@@H@Z 004265e7 f   cmodel.obj
 0001:0002565c       ?CM_TransformedPointContents@@YAHABUCVec3@@H00@Z 0042665c f   cmodel.obj
 0001:0002573d       ?CM_TransformedPointContents@@YAHABUCVec3@@H0ABUCAxis@@@Z 0042673d f   cmodel.obj
 0001:000257e8       ?CM_BoxLeafnums@@YAHABUCBox@@PAHH1H@Z 004267e8 f   cmodel.obj
 0001:000258f1       ?BOX_ON_PLANE_SIDE@@YAHABUCBox@@ABUcplane_t@@@Z 004268f1 f i cmodel.obj
 0001:0002595b       ?CM_BoxTrace@@YAXAAUtrace_t@@ABUCVec3@@1ABUCBox@@HH@Z 0042695b f   cmodel.obj
 0001:000262fd       ?CM_TransformedBoxTrace@@YAXAAUtrace_t@@ABUCVec3@@1ABUCBox@@HH11@Z 004272fd f   cmodel.obj
 0001:0002647a       ?CM_TransformedBoxTrace@@YAXAAUtrace_t@@ABUCVec3@@1ABUCBox@@HH1ABUCAxis@@@Z 0042747a f   cmodel.obj
 0001:00026537       ?CM_BrushTrace@@YAHABUCVec3@@0PAHH@Z 00427537 f   cmodel.obj
 0001:00026949       ?CM_RefineBrushTrace@@YAHABUCVec3@@0PAHH@Z 00427949 f   cmodel.obj
 0001:000269ef       ?CM_ClusterPVS@@YAPAEH@Z   004279ef f   cmodel.obj
 0001:00026b33       ?CM_ClusterPHS@@YAPAEH@Z   00427b33 f   cmodel.obj
 0001:00026c96       ?CM_SetAreaPortalState@@YAXH_N@Z 00427c96 f   cmodel.obj
 0001:00026cbb       ?CM_AreasConnected@@YA_NHH@Z 00427cbb f   cmodel.obj
 0001:00026cff       ?CM_WriteAreaBits@@YAHPAEH@Z 00427cff f   cmodel.obj
 0001:00026da1       ?CM_WritePortalState@@YAXPAU_iobuf@@@Z 00427da1 f   cmodel.obj
 0001:00026dbb       ?CM_ReadPortalState@@YAXPAU_iobuf@@@Z 00427dbb f   cmodel.obj
 0001:00026dd9       ?CM_HeadnodeVisible@@YA_NHPBE@Z 00427dd9 f   cmodel.obj
 0001:00026eb4       ?Com_BeginRedirect@@YAXPADHP6AX0@Z@Z 00427eb4 f   common.obj
 0001:00026ee1       ?Com_EndRedirect@@YAXXZ    00427ee1 f   common.obj
 0001:00026f00       ?Com_Printf@@YAXPBDZZ      00427f00 f   common.obj
 0001:000270f8       ?Com_DPrintf@@YAXPBDZZ     004280f8 f   common.obj
 0001:00027171       ?DebugPrintf@@YAXPBDZZ     00428171 f   common.obj
 0001:0002721b       ?Com_WPrintf@@YAXPBDZZ     0042821b f   common.obj
 0001:00027275       ?Com_Quit@@YAXXZ           00428275 f   common.obj
 0001:00027295       ?IPWildcard@@YA_NPAUnetadr_t@@PAD@Z 00428295 f   common.obj
 0001:0002736f       ?Com_ServerState@@YA?AW4server_state_t@@XZ 0042836f f   common.obj
 0001:00027375       ?Com_SetServerState@@YAXW4server_state_t@@@Z 00428375 f   common.obj
 0001:0002737f       ?frand@@YAMXZ              0042837f f   common.obj
 0001:00027397       ?crand@@YAMXZ              00428397 f   common.obj
 0001:000273b5       ?Info_ValueForKey@@YAPBDPBD0@Z 004283b5 f   common.obj
 0001:00027434       ?Info_SetValueForKey@@YAXPADPBD1@Z 00428434 f   common.obj
 0001:00027597       ?Info_Print@@YAXPBD@Z      00428597 f   common.obj
 0001:0002761d       ?Com_CheckCmdlineVar@@YA_NPBD@Z 0042861d f   common.obj
 0001:00027673       ?Com_Init@@YAXPBD@Z        00428673 f   common.obj
 0001:00027a41       ?Com_Frame@@YAXM@Z         00428a41 f   common.obj
 0001:00027d7f       ?Com_Shutdown@@YAXXZ       00428d7f f   common.obj
 0001:00027d98       ?Com_BlockSequenceCRCByte@@YAEPAEHH@Z 00428d98 f   crc.obj
 0001:00027e4e       ?Cvar_VariableValue@@YAMPBD@Z 00428e4e f   cvar.obj
 0001:00027ebc       ?Cvar_VariableInt@@YAHPBD@Z 00428ebc f   cvar.obj
 0001:00027ecf       ?Cvar_VariableString@@YAPBDPBD@Z 00428ecf f   cvar.obj
 0001:00027ee7       ?Cvar_Get@@YAPAUcvar_t@@PBD0H@Z 00428ee7 f   cvar.obj
 0001:0002819e       ?Cvar_GetVars@@YAXPBUcvarInfo_t@@H@Z 0042919e f   cvar.obj
 0001:00028248       ?Cvar_FullSet@@YAPAUcvar_t@@PBD0I@Z 00429248 f   cvar.obj
 0001:000282a2       ?Cvar_SetValue@@YAPAUcvar_t@@PBDM@Z 004292a2 f   cvar.obj
 0001:000284c8       ?Cvar_SetInteger@@YAPAUcvar_t@@PBDH@Z 004294c8 f   cvar.obj
 0001:000284ea       ?Cvar_Set@@YAPAUcvar_t@@PBD0@Z 004294ea f   cvar.obj
 0001:000284ff       ?Cvar_ForceSet@@YAPAUcvar_t@@PBD0@Z 004294ff f   cvar.obj
 0001:00028514       ?Cvar_Clamp@@YAMPAUcvar_t@@MM@Z 00429514 f   cvar.obj
 0001:00028572       ?Cvar_GetLatchedVars@@YAXXZ 00429572 f   cvar.obj
 0001:000285a1       ?Cvar_Command@@YA_NHPAPAD@Z 004295a1 f   cvar.obj
 0001:0002863a       ?IsDefault@cvar_t@@QAE_NXZ 0042963a f i cvar.obj
 0001:00028657       ?Cvar_WriteVariables@@YAXPAU_iobuf@@HHPBD@Z 00429657 f   cvar.obj
 0001:000286df       ?Cvar_Userinfo@@YAPBDXZ    004296df f   cvar.obj
 0001:0002873a       ?Cvar_Serverinfo@@YAPBDXZ  0042973a f   cvar.obj
 0001:00028743       ?Cvar_Cheats@@YAX_N@Z      00429743 f   cvar.obj
 0001:00028794       ?Cvar_Init@@YAXXZ          00429794 f   cvar.obj
 0001:00028fb7       ?MSG_WriteDeltaEntity@@YAXPAVsizebuf_t@@PBUentityStateEx_t@@PAU2@_N33@Z 00429fb7 f   entdelta.obj
 0001:00029573       ?MSG_WriteRemoveEntity@@YAXPAVsizebuf_t@@H@Z 0042a573 f   entdelta.obj
 0001:000295b3       ?MSG_ReadEntityBits@@YAHPAVsizebuf_t@@PAIPA_N@Z 0042a5b3 f   entdelta.obj
 0001:00029624       ?MSG_ReadDeltaEntity@@YAXPAVsizebuf_t@@PBUentityStateEx_t@@PAU2@I@Z 0042a624 f   entdelta.obj
 0001:000296a7       ?MSG_WriteDeltaUsercmd@@YAXPAVsizebuf_t@@PBUusercmd_t@@PAU2@@Z 0042a6a7 f   entdelta.obj
 0001:00029736       ?MSG_ReadDeltaUsercmd@@YAXPAVsizebuf_t@@PBUusercmd_t@@PAU2@@Z 0042a736 f   entdelta.obj
 0001:00029a39       ?MSG_WriteDeltaPlayerstate@@YAXPAVsizebuf_t@@PBUplayer_state_t@@PAU2@@Z 0042aa39 f   entdelta.obj
 0001:00029b42       ?MSG_ReadDeltaPlayerstate@@YAXPAVsizebuf_t@@PBUplayer_state_t@@PAU2@@Z 0042ab42 f   entdelta.obj
 0001:00029c16       ?FS_CreatePath@@YAXPBD@Z   0042ac16 f   files.obj
 0001:00029c7c       ?FS_CopyFile@@YAXPBD0@Z    0042ac7c f   files.obj
 0001:00029d7f       ?FS_CopyFiles@@YAXPBD0@Z   0042ad7f f   files.obj
 0001:00029e58       ?FS_RemoveFiles@@YAXPBD@Z  0042ae58 f   files.obj
 0001:00029ecc       ?FS_FCloseFile@@YAXPAVQFILE@@@Z 0042aecc f   files.obj
 0001:00029f6a       ?FS_FOpenFile@@YAPAVQFILE@@PBDPAH@Z 0042af6a f   files.obj
 0001:0002a48d       ?FS_FileExists@@YA_NPBD@Z  0042b48d f   files.obj
 0001:0002a6a6       ?FS_Read@@YAXPAXHPAVQFILE@@@Z 0042b6a6 f   files.obj
 0001:0002a90a       ?FS_LoadFile@@YAPAXPBDPAI@Z 0042b90a f   files.obj
 0001:0002a960       ?FS_FreeFile@@YAXPAX@Z     0042b960 f   files.obj
 0001:0002a96b       ?FS_Gamedir@@YAPBDXZ       0042b96b f   files.obj
 0001:0002a97f       ?FS_LoadGameConfig@@YAXXZ  0042b97f f   files.obj
 0001:0002aa44       ?FS_SetGamedir@@YA_NPBD@Z  0042ba44 f   files.obj
 0001:0002b12f       ?FS_ListFiles@@YA?AV?$TList@VCStringItem@@@@PBDH@Z 0042c12f f   files.obj
 0001:0002b4b1       ?FS_NextPath@@YAPADPBD@Z   0042c4b1 f   files.obj
 0001:0002b4d5       ?FS_InitFilesystem@@YAXXZ  0042c4d5 f   files.obj
 0001:0002be81       ?LoadPCX@@YAXPBDAAPAE1AAH2@Z 0042ce81 f   images.obj
 0001:0002bfb0       ?LoadTGA@@YAXPBDAAPAEAAH2@Z 0042cfb0 f   images.obj
 0001:0002c19f       ?LoadJPG@@YAXPBDAAPAEAAH2@Z 0042d19f f   images.obj
 0001:0002c42c       ?ImageExists@@YAHPBDH@Z    0042d42c f   images.obj
 0001:0002c533       ?WriteTGA@@YA_NPBDPAEHH@Z  0042d533 f   images.obj
 0001:0002c727       ?WriteJPG@@YA_NPBDPAEHH_N@Z 0042d727 f   images.obj
 0001:0002c858       ?MD4Init@@YAXPAUMD4_CTX@@@Z 0042d858 f   md4.obj
 0001:0002c880       ?MD4Update@@YAXPAUMD4_CTX@@PAEI@Z 0042d880 f   md4.obj
 0001:0002c91e       ?MD4Final@@YAXQAEPAUMD4_CTX@@@Z 0042d91e f   md4.obj
 0001:0002d00f       ?Com_BlockChecksum@@YAIPAXH@Z 0042e00f f   md4.obj
 0001:0002d04b       ?LoadQ2BspFile@@YAXXZ      0042e04b f   model.obj
 0001:0002d401       ?LoadBspFile@@YAPAUbspfile_t@@PBD_NPAI@Z 0042e401 f   model.obj
 0001:0002d5af       ?ProcessEntstring@@YAPADPAD@Z 0042e5af f   model.obj
 0001:0002e456       ?Init@sizebuf_t@@QAEXPAXH@Z 0042f456 f   msg.obj
 0001:0002e471       ?Write@sizebuf_t@@QAEXPBXH@Z 0042f471 f   msg.obj
 0001:0002e4e1       ?MSG_WriteByte@@YAXPAVsizebuf_t@@H@Z 0042f4e1 f   msg.obj
 0001:0002e4e1       ?MSG_WriteChar@@YAXPAVsizebuf_t@@H@Z 0042f4e1 f   msg.obj
 0001:0002e4f2       ?MSG_WriteShort@@YAXPAVsizebuf_t@@H@Z 0042f4f2 f   msg.obj
 0001:0002e503       ?MSG_WriteLong@@YAXPAVsizebuf_t@@H@Z 0042f503 f   msg.obj
 0001:0002e503       ?MSG_WriteFloat@@YAXPAVsizebuf_t@@M@Z 0042f503 f   msg.obj
 0001:0002e514       ?MSG_WriteString@@YAXPAVsizebuf_t@@PBD@Z 0042f514 f   msg.obj
 0001:0002e53e       ?MSG_WritePos@@YAXPAVsizebuf_t@@ABUCVec3@@@Z 0042f53e f   msg.obj
 0001:0002e5a2       ?MSG_WriteAngle@@YAXPAVsizebuf_t@@M@Z 0042f5a2 f   msg.obj
 0001:0002e5cd       ?MSG_WriteAngle16@@YAXPAVsizebuf_t@@M@Z 0042f5cd f   msg.obj
 0001:0002e5f8       ?MSG_WriteDir@@YAXPAVsizebuf_t@@ABUCVec3@@@Z 0042f5f8 f   msg.obj
 0001:0002e660       ?MSG_ReadDir@@YAXPAVsizebuf_t@@AAUCVec3@@@Z 0042f660 f   msg.obj
 0001:0002e691       ?MSG_ReadChar@@YAHPAVsizebuf_t@@@Z 0042f691 f   msg.obj
 0001:0002e6b1       ?MSG_ReadByte@@YAHPAVsizebuf_t@@@Z 0042f6b1 f   msg.obj
 0001:0002e6d1       ?MSG_ReadShort@@YAHPAVsizebuf_t@@@Z 0042f6d1 f   msg.obj
 0001:0002e6f1       ?MSG_ReadLong@@YAHPAVsizebuf_t@@@Z 0042f6f1 f   msg.obj
 0001:0002e710       ?MSG_ReadString@@YAPADPAVsizebuf_t@@@Z 0042f710 f   msg.obj
 0001:0002e743       ?MSG_ReadPos@@YAXPAVsizebuf_t@@AAUCVec3@@@Z 0042f743 f   msg.obj
 0001:0002e795       ?MSG_ReadAngle@@YAMPAVsizebuf_t@@@Z 0042f795 f   msg.obj
 0001:0002e7af       ?MSG_ReadAngle16@@YAMPAVsizebuf_t@@@Z 0042f7af f   msg.obj
 0001:0002e7c9       ?MSG_ReadData@@YAXPAVsizebuf_t@@PAXH@Z 0042f7c9 f   msg.obj
 0001:0002e7ec       ?Netchan_Init@@YAXXZ       0042f7ec f   net_chan.obj
 0001:0002e860       ?Netchan_OutOfBandPrint@@YAXW4netsrc_t@@Unetadr_t@@PBDZZ 0042f860 f   net_chan.obj
 0001:0002e8e7       ?Setup@netchan_t@@QAEXW4netsrc_t@@Unetadr_t@@H@Z 0042f8e7 f   net_chan.obj
 0001:0002e93f       ?NeedReliable@netchan_t@@QAE_NXZ 0042f93f f   net_chan.obj
 0001:0002e964       ?Transmit@netchan_t@@QAEXPAXH@Z 0042f964 f   net_chan.obj
 0001:0002eb01       ?Process@netchan_t@@QAE_NPAVsizebuf_t@@@Z 0042fb01 f   net_chan.obj
 0001:0002ec2f       ?Pmove@@YAXPAUpmove_t@@@Z  0042fc2f f   pmove.obj
 0001:000309cc       ?NormalizeColor@@YAMABUCVec3@@AAU1@@Z 004319cc f   q_shared2.obj
 0001:00030a28       ?NormalizeColor255@@YAMABUCVec3@@AAU1@@Z 00431a28 f   q_shared2.obj
 0001:00030a88       ?Q_rsqrt@@YAMM@Z           00431a88 f   q_shared2.obj
 0001:00030ab8       ?AngleVectors@@YAXABUCVec3@@PAU1@11@Z 00431ab8 f   q_shared2.obj
 0001:00030c19       ?MakeNormalVectors@@YAXABUCVec3@@AAU1@1@Z 00431c19 f   q_shared2.obj
 0001:00030c88       ?Vec2Angles@@YAXABUCVec3@@AAU1@@Z 00431c88 f   q_shared2.obj
 0001:00030d8b       ?Vec2Yaw@@YAMABUCVec3@@@Z  00431d8b f   q_shared2.obj
 0001:00030dfe       ?VectorLength@@YAMABUCVec3@@@Z 00431dfe f   q_shared2.obj
 0001:00030e2d       ?VectorDistance@@YAMABUCVec3@@0@Z 00431e2d f   q_shared2.obj
 0001:00030e5e       ?LerpAngle@@YAMMMM@Z       00431e5e f   q_shared2.obj
 0001:00030ea1       ?AngleMod@@YAMM@Z          00431ea1 f   q_shared2.obj
 0001:00030ecd       ?AngleSubtract@@YAMMM@Z    00431ecd f   q_shared2.obj
 0001:00030f04       ?AnglesSubtract@@YAXABUCVec3@@0AAU1@@Z 00431f04 f   q_shared2.obj
 0001:00030f5c       ?Normalize@CVec3@@QAEMXZ   00431f5c f   q_shared2.obj
 0001:00030fae       ?VectorNormalize@@YAMABUCVec3@@AAU1@@Z 00431fae f   q_shared2.obj
 0001:00031006       ?NormalizeFast@CVec3@@QAEMXZ 00432006 f   q_shared2.obj
 0001:00031057       ?cross@@YAXABUCVec3@@0AAU1@@Z 00432057 f   q_shared2.obj
 0001:00031092       ?Clear@CBox@@QAEXXZ        00432092 f   q_shared2.obj
 0001:000310b0       ?Expand@CBox@@QAEXABUCVec3@@@Z 004320b0 f   q_shared2.obj
 0001:000310df       ?Expand@CBox@@QAEXABU1@@Z  004320df f   q_shared2.obj
 0001:0003111b       ?GetCenter@CBox@@QAEXAAUCVec3@@@Z 0043211b f   q_shared2.obj
 0001:0003113b       ?OnPlaneSide@CBox@@QBEHABUcplane_t@@@Z 0043213b f   q_shared2.obj
 0001:0003126a       ?FromAngles@CAxis@@QAEXABUCVec3@@@Z 0043226a f   q_shared2.obj
 0001:000312a9       ?TransformVector@CAxis@@QBEXABUCVec3@@AAU2@@Z 004322a9 f   q_shared2.obj
 0001:000312fa       ?UnTransformVector@CAxis@@QBEXABUCVec3@@AAU2@@Z 004322fa f   q_shared2.obj
 0001:0003135e       ?TransformAxis@CAxis@@QBEXABU1@AAU1@@Z 0043235e f   q_shared2.obj
 0001:000313a4       ?UnTransformAxis@CAxis@@QBEXABU1@AAU1@@Z 004323a4 f   q_shared2.obj
 0001:000313ea       ?TransformPoint@CCoords@@QBEXABUCVec3@@AAU2@@Z 004323ea f   q_shared2.obj
 0001:00031448       ?UnTransformPoint@CCoords@@QBEXABUCVec3@@AAU2@@Z 00432448 f   q_shared2.obj
 0001:000314b5       ?UnTransformCoords@CCoords@@QBEXABU1@AAU1@@Z 004324b5 f   q_shared2.obj
 0001:000314df       ?TransformPlane@CCoords@@QBEXABUcplane_t@@AAU2@@Z 004324df f   q_shared2.obj
 0001:00031517       ?TransformPoint@@YAXABUCVec3@@ABUCAxis@@0AAU1@@Z 00432517 f   q_shared2.obj
 0001:0003157a       ?UnTransformPoint@@YAXABUCVec3@@ABUCAxis@@0AAU1@@Z 0043257a f   q_shared2.obj
 0001:000315ea       ?ShortSwap@@YAFF@Z         004325ea f   q_shared2.obj
 0001:000315ff       ?COM_Parse@@YAPADAAPBD_N@Z 004325ff f   q_shared2.obj
 0001:00031723       ?COM_QuoteString@@YAPBDPBD_N@Z 00432723 f   q_shared2.obj
 0001:0003177e       ?Com_PageInMemory@@YAXPAXH@Z 0043277e f   q_shared2.obj
 0001:0003179d       ?Zip_OpenArchive@@YAPAU_iobuf@@PBD@Z 0043279d f   zip.obj
 0001:00031808       ?Zip_CloseArchive@@YAXPAU_iobuf@@@Z 00432808 f   zip.obj
 0001:00031814       ?Zip_EnumArchive@@YA_NPAU_iobuf@@P6A_NPAUzipFile_t@@@Z@Z 00432814 f   zip.obj
 0001:000319f1       ?Zip_OpenFile@@YAPAUZFILE@@PAU_iobuf@@PAUzipFile_t@@@Z 004329f1 f   zip.obj
 0001:00031ad5       ?Zip_ReadFile@@YAHPAUZFILE@@PAXH@Z 00432ad5 f   zip.obj
 0001:00031bcb       ?Zip_CloseFile@@YA_NPAUZFILE@@@Z 00432bcb f   zip.obj
 0001:00031c0f       ?Zip_OpenBuf@@YAPAUZBUF@@PAXH@Z 00432c0f f   zip.obj
 0001:00031c4d       ?Zip_ReadBuf@@YAHPAUZBUF@@PAXH@Z 00432c4d f   zip.obj
 0001:00031c95       ?Zip_CloseBuf@@YAXPAUZBUF@@@Z 00432c95 f   zip.obj
 0001:00031caa       _zcalloc                   00432caa f   zip.obj
 0001:00031cbe       _zcfree                    00432cbe f   zip.obj
 0001:00031cc9       ?CDAudio_Play2@@YAXH_N@Z   00432cc9 f   cd_win.obj
 0001:00031ea8       ?CDAudio_Play@@YAXH_N@Z    00432ea8 f   cd_win.obj
 0001:00031ebf       ?CDAudio_Stop@@YAXXZ       00432ebf f   cd_win.obj
 0001:00031f04       ?CDAudio_Pause@@YAXXZ      00432f04 f   cd_win.obj
 0001:00031f5d       ?CDAudio_Resume@@YAXXZ     00432f5d f   cd_win.obj
 0001:00031fcc       ?CDAudio_Update@@YAXXZ     00432fcc f   cd_win.obj
 0001:00032000       ?CDAudio_Init@@YAHXZ       00433000 f   cd_win.obj
 0001:00032462       ?CDAudio_Shutdown@@YAXXZ   00433462 f   cd_win.obj
 0001:00032495       ?CDAudio_Activate@@YAX_N@Z 00433495 f   cd_win.obj
 0001:000324a6       ?IN_Commands@@YAXXZ        004334a6 f   in_win.obj
 0001:000325ce       ?IN_Init@@YAXXZ            004335ce f   in_win.obj
 0001:000328c5       ?IN_Shutdown@@YAXXZ        004338c5 f   in_win.obj
 0001:00032a9f       ?IN_Move@@YAXPAUusercmd_t@@@Z 00433a9f f   in_win.obj
 0001:0003307c       ?IN_Activate@@YAX_N@Z      0043407c f   in_win.obj
 0001:00033086       ?IN_Frame@@YAXXZ           00434086 f   in_win.obj
 0001:000333ee       ?NetadrToSockadr@@YAXPAUnetadr_t@@PAUsockaddr@@@Z 004343ee f   net_wins.obj
 0001:00033473       ?SockadrToNetadr@@YAXPAUsockaddr@@PAUnetadr_t@@@Z 00434473 f   net_wins.obj
 0001:000334c3       ?NET_CompareAdr@@YA_NPAUnetadr_t@@0@Z 004344c3 f   net_wins.obj
 0001:00033519       ?NET_CompareBaseAdr@@YA_NPAUnetadr_t@@0@Z 00434519 f   net_wins.obj
 0001:00033564       ?NET_AdrToString@@YAPADPAUnetadr_t@@@Z 00434564 f   net_wins.obj
 0001:0003361d       ?NET_StringToAdr@@YA_NPBDPAUnetadr_t@@@Z 0043461d f   net_wins.obj
 0001:000338a7       ?NET_IsLocalAddress@@YA_NPAUnetadr_t@@@Z 004348a7 f   net_wins.obj
 0001:000338b3       ?NET_GetLoopPacket@@YA_NW4netsrc_t@@PAUnetadr_t@@PAVsizebuf_t@@@Z 004348b3 f   net_wins.obj
 0001:0003393e       ?NET_SendLoopPacket@@YAXW4netsrc_t@@HPAXUnetadr_t@@@Z 0043493e f   net_wins.obj
 0001:00033993       ?NET_GetPacket@@YA_NW4netsrc_t@@PAUnetadr_t@@PAVsizebuf_t@@@Z 00434993 f   net_wins.obj
 0001:00033ab0       ?NET_SendPacket@@YAXW4netsrc_t@@HPAXUnetadr_t@@@Z 00434ab0 f   net_wins.obj
 0001:00033b81       ?NET_Config@@YAX_N@Z       00434b81 f   net_wins.obj
 0001:00033ef6       ?NET_Init@@YAXXZ           00434ef6 f   net_wins.obj
 0001:00033fb0       ?Sys_Mkdir@@YAXPAD@Z       00434fb0 f   fs_win.obj
 0001:00033fbc       ?Sys_FindFirst@@YAPBDPBDH@Z 00434fbc f   fs_win.obj
 0001:00034076       ?Sys_FindNext@@YAPBDXZ     00435076 f   fs_win.obj
 0001:000340e0       ?Sys_FindClose@@YAXXZ      004350e0 f   fs_win.obj
 0001:000340fa       ?Sys_FileExists@@YA_NPBDH@Z 004350fa f   fs_win.obj
 0001:00034118       ?SNDDMA_Init@@YA_NXZ       00435118 f   snd_win.obj
 0001:00034757       ?SNDDMA_GetDMAPos@@YAHXZ   00435757 f   snd_win.obj
 0001:000347a1       ?SNDDMA_BeginPainting@@YAXXZ 004357a1 f   snd_win.obj
 0001:000348b9       ?SNDDMA_Submit@@YAXXZ      004358b9 f   snd_win.obj
 0001:000348de       ?SNDDMA_Shutdown@@YAXXZ    004358de f   snd_win.obj
 0001:000348e3       ?S_Activate@@YAX_N@Z       004358e3 f   snd_win.obj
 0001:0003490e       ?Sys_Quit@@YAXXZ           0043590e f   sys_win.obj
 0001:000349c6       ?Sys_Init@@YAXXZ           004359c6 f   sys_win.obj
 0001:00034a3e       ?Sys_ConsoleInput@@YAPADXZ 00435a3e f   sys_win.obj
 0001:00034cf9       ?Sys_ConsoleOutput@@YAXPBD@Z 00435cf9 f   sys_win.obj
 0001:00034d86       ?Sys_SendKeyEvents@@YAXXZ  00435d86 f   sys_win.obj
 0001:00034e3e       ?Sys_UnloadGame@@YAXXZ     00435e3e f   sys_win.obj
 0001:00034eb9       ?Sys_GetGameAPI@@YAPAXPAX@Z 00435eb9 f   sys_win.obj
 0001:00035010       _WinMain@16                00436010 f   sys_win.obj
 0001:00035296       ?AddMsgHook@@YAXP6A_NIIJ@Z@Z 00436296 f   vid_dll.obj
 0001:000352da       ?RemoveMsgHook@@YAXP6A_NIIJ@Z@Z 004362da f   vid_dll.obj
 0001:00035309       ?Vid_CreateWindow@@YAPAXHH_N@Z 00436309 f   vid_dll.obj
 0001:00035a0d       ?Vid_DestroyWindow@@YAX_N@Z 00436a0d f   vid_dll.obj
 0001:00035a48       ?Vid_Restart@@YAXXZ        00436a48 f   vid_dll.obj
 0001:00035a54       ?Vid_GetModeInfo@@YA_NPAH0H@Z 00436a54 f   vid_dll.obj
 0001:00035a84       ?Vid_Tick@@YAXXZ           00436a84 f   vid_dll.obj
 0001:00035c34       ?Vid_Init@@YAXXZ           00436c34 f   vid_dll.obj
 0001:00035cfa       ?Vid_Shutdown@@YAXXZ       00436cfa f   vid_dll.obj
 0001:00035d19       ?Tesselate@surfacePlanar_t@OpenGLDrv@@UAEXAAUrefEntity_t@2@@Z 00436d19 f   gl_backend.obj
 0001:000366f5       ?Negate@CVec3@@QAEXXZ      004376f5 f i gl_backend.obj
 0001:00038024       ?Tesselate@surfacePoly_t@OpenGLDrv@@UAEXAAUrefEntity_t@2@@Z 00439024 f   gl_backend.obj
 0001:0003812b       ?Tesselate@surfaceMd3_t@OpenGLDrv@@UAEXAAUrefEntity_t@2@@Z 0043912b f   gl_backend.obj
 0001:00038515       ?DrawTriangles@OpenGLDrv@@YA_NXZ 00439515 f   gl_backend.obj
 0001:0003862a       ?DrawNormals@OpenGLDrv@@YA_NXZ 0043962a f   gl_backend.obj
 0001:00038734       ?Tesselate@surfaceEntity_t@OpenGLDrv@@UAEXAAUrefEntity_t@2@@Z 00439734 f   gl_backend.obj
 0001:00038818       ?Tesselate@surfaceParticle_t@OpenGLDrv@@UAEXAAUrefEntity_t@2@@Z 00439818 f   gl_backend.obj
 0001:00038a68       ?BK_DrawScene@OpenGLDrv@@YAXXZ 00439a68 f   gl_backend.obj
 0001:0003908f       ?BK_DrawPic@OpenGLDrv@@YAXPAVshader_t@1@HHHHMMMMIE@Z 0043a08f f   gl_backend.obj
 0001:00039270       ?BK_DrawText@OpenGLDrv@@YAXPBDHHHHHI@Z 0043a270 f   gl_backend.obj
 0001:0003945b       ?BK_BeginFrame@OpenGLDrv@@YAXXZ 0043a45b f   gl_backend.obj
 0001:000394f4       ?BK_EndFrame@OpenGLDrv@@YAXXZ 0043a4f4 f   gl_backend.obj
 0001:00039533       ?BK_Init@OpenGLDrv@@YAXXZ  0043a533 f   gl_backend.obj
 0001:00039562       ?BK_Shutdown@OpenGLDrv@@YAXXZ 0043a562 f   gl_backend.obj
 0001:0003957a       ?AllocDynamicMemory@OpenGLDrv@@YAPAXH@Z 0043a57a f   gl_buffers.obj
 0001:000395e5       ?ResizeDynamicMemory@OpenGLDrv@@YAXPAXH@Z 0043a5e5 f   gl_buffers.obj
 0001:00039627       ?AddSurfaceToPortal@OpenGLDrv@@YAXPAVsurfaceBase_t@1@PAVshader_t@1@HH@Z 0043a627 f   gl_buffers.obj
 0001:00039698       ?InsertShaderIndex@OpenGLDrv@@YAXH@Z 0043a698 f   gl_buffers.obj
 0001:000396d1       ?ClearPortal@OpenGLDrv@@YAXXZ 0043a6d1 f   gl_buffers.obj
 0001:000396ef       ?SortSurfaces@OpenGLDrv@@YAXPAUviewPortal_t@1@PAPAUsurfaceInfo_t@1@@Z 0043a6ef f   gl_buffers.obj
 0001:00039881       ?ClearBuffers@OpenGLDrv@@YAXXZ 0043a881 f   gl_buffers.obj
 0001:00039898       ?CreateBuffers@OpenGLDrv@@YAXXZ 0043a898 f   gl_buffers.obj
 0001:000398be       ?FreeBuffers@OpenGLDrv@@YAXXZ 0043a8be f   gl_buffers.obj
 0001:000398e2       ?InitEntity@model_t@OpenGLDrv@@UAEXPAUentity_t@@PAUrefEntity_t@2@@Z 0043a8e2 f   gl_frontend.obj
 0001:000398e5       ?AddSurfaces@model_t@OpenGLDrv@@UAEXPAUrefEntity_t@2@@Z 0043a8e5 f   gl_frontend.obj
 0001:00039913       ?GetLeaf@model_t@OpenGLDrv@@UAEPAUnode_t@2@PAUrefEntity_t@2@@Z 0043a913 f   gl_frontend.obj
 0001:00039924       ?DrawLabel@model_t@OpenGLDrv@@UAEXPAUrefEntity_t@2@@Z 0043a924 f   gl_frontend.obj
 0001:00039927       ?InitEntity@inlineModel_t@OpenGLDrv@@UAEXPAUentity_t@@PAUrefEntity_t@2@@Z 0043a927 f   gl_frontend.obj
 0001:00039977       ?AddSurfaces@inlineModel_t@OpenGLDrv@@UAEXPAUrefEntity_t@2@@Z 0043a977 f   gl_frontend.obj
 0001:00039e55       ?GetLeaf@inlineModel_t@OpenGLDrv@@UAEPAUnode_t@2@PAUrefEntity_t@2@@Z 0043ae55 f   gl_frontend.obj
 0001:00039ffa       ?DrawLabel@inlineModel_t@OpenGLDrv@@UAEXPAUrefEntity_t@2@@Z 0043affa f   gl_frontend.obj
 0001:0003a040       ?InitEntity@md3Model_t@OpenGLDrv@@UAEXPAUentity_t@@PAUrefEntity_t@2@@Z 0043b040 f   gl_frontend.obj
 0001:0003a20f       ?AddSurfaces@md3Model_t@OpenGLDrv@@UAEXPAUrefEntity_t@2@@Z 0043b20f f   gl_frontend.obj
 0001:0003a349       ?GetLeaf@md3Model_t@OpenGLDrv@@UAEPAUnode_t@2@PAUrefEntity_t@2@@Z 0043b349 f   gl_frontend.obj
 0001:0003a381       ?DrawLabel@md3Model_t@OpenGLDrv@@UAEXPAUrefEntity_t@2@@Z 0043b381 f   gl_frontend.obj
 0001:0003a3e7       ?InitEntity@sprModel_t@OpenGLDrv@@UAEXPAUentity_t@@PAUrefEntity_t@2@@Z 0043b3e7 f   gl_frontend.obj
 0001:0003a405       ?AddSurfaces@sprModel_t@OpenGLDrv@@UAEXPAUrefEntity_t@2@@Z 0043b405 f   gl_frontend.obj
 0001:0003a588       ?GetLeaf@sprModel_t@OpenGLDrv@@UAEPAUnode_t@2@PAUrefEntity_t@2@@Z 0043b588 f   gl_frontend.obj
 0001:0003a669       ?AddEntity@OpenGLDrv@@YAXPAUentity_t@@@Z 0043b669 f   gl_frontend.obj
 0001:0003a7f5       ?AddDlight@OpenGLDrv@@YAXPAUdlight_t@@@Z 0043b7f5 f   gl_frontend.obj
 0001:0003a9ad       ?DrawPortal@OpenGLDrv@@YAXXZ 0043b9ad f   gl_frontend.obj
 0001:0003c951       ?GL_TextureMode@OpenGLDrv@@YAXPBD@Z 0043d951 f   gl_image.obj
 0001:0003c9f9       ?CreateImage@OpenGLDrv@@YAPAVimage_t@1@PBDPAXHHI@Z 0043d9f9 f   gl_image.obj
 0001:0003d6ea       ?LoadDelayedImages@OpenGLDrv@@YAXXZ 0043e6ea f   gl_image.obj
 0001:0003d77d       ?DrawStretchRaw8@OpenGLDrv@@YAXHHHHHHPAEPAI@Z 0043e77d f   gl_image.obj
 0001:0003db4c       ?SetupGamma@OpenGLDrv@@YAXXZ 0043eb4c f   gl_image.obj
 0001:0003dc92       ?PerformScreenshot@OpenGLDrv@@YAXXZ 0043ec92 f   gl_image.obj
 0001:0003df1f       ?InitImages@OpenGLDrv@@YAXXZ 0043ef1f f   gl_image.obj
 0001:0003e6f0       ?ShutdownImages@OpenGLDrv@@YAXXZ 0043f6f0 f   gl_image.obj
 0001:0003e757       ?ShowImages@OpenGLDrv@@YAXXZ 0043f757 f   gl_image.obj
 0001:0003e9df       ?FindImage@OpenGLDrv@@YAPAVimage_t@1@PBDI@Z 0043f9df f   gl_image.obj
 0001:0003ecd1       ?GL_Lock@OpenGLDrv@@YAXXZ  0043fcd1 f   gl_interface.obj
 0001:0003ed49       ?GL_Unlock@OpenGLDrv@@YAXXZ 0043fd49 f   gl_interface.obj
 0001:0003ef0b       ?GL_Bind@OpenGLDrv@@YAXPBVimage_t@1@@Z 0043ff0b f   gl_interface.obj
 0001:0003f035       ?GL_BindForce@OpenGLDrv@@YAXPBVimage_t@1@@Z 00440035 f   gl_interface.obj
 0001:0003f0b3       ?GL_TexEnv@OpenGLDrv@@YAXI@Z 004400b3 f   gl_interface.obj
 0001:0003f232       ?GL_TexMipBias@OpenGLDrv@@YAXM@Z 00440232 f   gl_interface.obj
 0001:0003f28d       ?GL_TexEnvColor@OpenGLDrv@@YAXPBTcolor_t@@@Z 0044028d f   gl_interface.obj
 0001:0003f33d       ?GL_SelectTexture@OpenGLDrv@@YAXH@Z 0044033d f   gl_interface.obj
 0001:0003f39e       ?GL_TexCoordPointer@OpenGLDrv@@YAXPAX@Z 0044039e f   gl_interface.obj
 0001:0003f3ce       ?GL_SetMultitexture@OpenGLDrv@@YAXH@Z 004403ce f   gl_interface.obj
 0001:0003f4b4       ?GL_DisableTexCoordArrays@OpenGLDrv@@YAXXZ 004404b4 f   gl_interface.obj
 0001:0003f508       ?GL_CullFace@OpenGLDrv@@YAXW4gl_cullMode_t@1@@Z 00440508 f   gl_interface.obj
 0001:0003f559       ?GL_DepthRange@OpenGLDrv@@YAXW4gl_depthMode_t@1@@Z 00440559 f   gl_interface.obj
 0001:0003f58c       ?GL_State@OpenGLDrv@@YAXI@Z 0044058c f   gl_interface.obj
 0001:0003f6dc       ?GL_EnableFog@OpenGLDrv@@YAX_N@Z 004406dc f   gl_interface.obj
 0001:0003f7d4       ?GL_SetDefaultState@OpenGLDrv@@YAXXZ 004407d4 f   gl_interface.obj
 0001:0003f930       ?GL_Set2DMode@OpenGLDrv@@YAXXZ 00440930 f   gl_interface.obj
 0001:0003fa2b       ?GL_Set3DMode@OpenGLDrv@@YAXPAUviewPortal_t@1@@Z 00440a2b f   gl_interface.obj
 0001:0003fb13       ?ShowLights@OpenGLDrv@@YAXXZ 00440b13 f   gl_light.obj
 0001:0003fefc       ?LightForEntity@OpenGLDrv@@YAXPAUrefEntity_t@1@@Z 00440efc f   gl_light.obj
 0001:00041170       ?DiffuseLight@OpenGLDrv@@YAXPATcolor_t@@M@Z 00442170 f   gl_light.obj
 0001:000413ac       ?InitLightGrid@OpenGLDrv@@YAXXZ 004423ac f   gl_light.obj
 0001:00041452       ?PostLoadLights@OpenGLDrv@@YAXXZ 00442452 f   gl_light.obj
 0001:000416e2       ?LM_Init@OpenGLDrv@@YAXXZ  004426e2 f   gl_lightmap.obj
 0001:000416f8       ?LM_Flush@OpenGLDrv@@YAXPAUlightmapBlock_t@1@@Z 004426f8 f   gl_lightmap.obj
 0001:00041755       ?LM_Done@OpenGLDrv@@YAXXZ  00442755 f   gl_lightmap.obj
 0001:0004177c       ?LM_Save@OpenGLDrv@@YAXPAUlightmapBlock_t@1@@Z 0044277c f   gl_lightmap.obj
 0001:00041794       ?LM_Restore@OpenGLDrv@@YAXPAUlightmapBlock_t@1@@Z 00442794 f   gl_lightmap.obj
 0001:000417ac       ?LM_NewBlock@OpenGLDrv@@YAPAUlightmapBlock_t@1@XZ 004427ac f   gl_lightmap.obj
 0001:0004180b       ?LM_Rewind@OpenGLDrv@@YAXXZ 0044280b f   gl_lightmap.obj
 0001:00041813       ?LM_NextBlock@OpenGLDrv@@YAPAUlightmapBlock_t@1@XZ 00442813 f   gl_lightmap.obj
 0001:00041840       ?LM_CheckMinlight@OpenGLDrv@@YAXPAUdynamicLightmap_t@1@@Z 00442840 f   gl_lightmap.obj
 0001:000418d6       ?LM_AllocBlock@OpenGLDrv@@YA_NPAUlightmapBlock_t@1@PAUdynamicLightmap_t@1@@Z 004428d6 f   gl_lightmap.obj
 0001:0004198d       ?LM_PutBlock@OpenGLDrv@@YAXPAUdynamicLightmap_t@1@@Z 0044298d f   gl_lightmap.obj
 0001:00041dba       ?LM_SortLightStyles@OpenGLDrv@@YAXPAUdynamicLightmap_t@1@@Z 00442dba f   gl_lightmap.obj
 0001:00041e4b       ?UpdateDynamicLightmap@OpenGLDrv@@YAXPAVsurfacePlanar_t@1@_NI@Z 00442e4b f   gl_lightmap.obj
 0001:0004234d       ?LM_IsMonotone@OpenGLDrv@@YA_NPAUdynamicLightmap_t@1@PATcolor_t@@@Z 0044334d f   gl_lightmap.obj
 0001:00042454       ?Init@OpenGLDrv@@YA_NXZ    00443454 f   gl_main.obj
 0001:00042aae       ?Shutdown@OpenGLDrv@@YAX_N@Z 00443aae f   gl_main.obj
 0001:00042b37       ?GL_EnableRendering@OpenGLDrv@@YAX_N@Z 00443b37 f   gl_main.obj
 0001:00042b52       ?BeginFrame@OpenGLDrv@@YAXN@Z 00443b52 f   gl_main.obj
 0001:00042c7c       ?EndFrame@OpenGLDrv@@YAXXZ 00443c7c f   gl_main.obj
 0001:00042c94       ?RenderFrame@OpenGLDrv@@YAXPAUrefdef_t@@@Z 00443c94 f   gl_main.obj
 0001:000434cd       ?Fill8@OpenGLDrv@@YAXHHHHH@Z 004444cd f   gl_main.obj
 0001:00043510       ?Fill@OpenGLDrv@@YAXHHHHI@Z 00444510 f   gl_main.obj
 0001:0004354c       ?TileClear@OpenGLDrv@@YAXHHHHPBD@Z 0044454c f   gl_main.obj
 0001:00043603       ?DrawStretchPic@OpenGLDrv@@YAXHHHHPBD@Z 00444603 f   gl_main.obj
 0001:00043680       ?DrawDetailedPic@OpenGLDrv@@YAXHHHHPBD@Z 00444680 f   gl_main.obj
 0001:00043727       ?DrawPic@OpenGLDrv@@YAXHHPBDHH@Z 00444727 f   gl_main.obj
 0001:000437ac       ?BeginRegistration@OpenGLDrv@@YAXPBD@Z 004447ac f   gl_main.obj
 0001:000437d0       ?RegisterPic@OpenGLDrv@@YAPAVCBasicImage@@PBD@Z 004447d0 f   gl_main.obj
 0001:000437de       ?RegisterSkin@OpenGLDrv@@YAPAVCBasicImage@@PBD_N@Z 004447de f   gl_main.obj
 0001:000437fc       ?RegisterModel@OpenGLDrv@@YAPAVCRenderModel@@PBD@Z 004447fc f   gl_main.obj
 0001:00043807       ?SetSky@OpenGLDrv@@YAXPBDMABUCVec3@@@Z 00444807 f   gl_main.obj
 0001:000438ad       ?Screenshot@OpenGLDrv@@YAXHPBD@Z 004448ad f   gl_main.obj
 0001:000438d0       ?GetClientLight@OpenGLDrv@@YAMXZ 004448d0 f   gl_main.obj
 0001:000438d7       ?GetCaps@OpenGLDrv@@YAIXZ  004448d7 f   gl_main.obj
 0001:000438dd       ?InitFuncTables@OpenGLDrv@@YAXXZ 004448dd f   gl_math.obj
 0001:00043a83       ?BuildRotationAxis@OpenGLDrv@@YAXAAUCAxis@@ABUCVec3@@M@Z 00444a83 f   gl_math.obj
 0001:00043b7a       ?GetBoxRect@OpenGLDrv@@YA_NPBUrefEntity_t@1@ABUCVec3@@QAM2_N@Z 00444b7a f   gl_math.obj
 0001:00043e84       ?ProjectToScreen@OpenGLDrv@@YA_NABUCVec3@@QAH@Z 00444e84 f   gl_math.obj
 0001:00043fc7       ?SaturateColor3f@OpenGLDrv@@YAXAAUCVec3@@@Z 00444fc7 f   gl_math.obj
 0001:000440b7       ?SaturateColor4b@OpenGLDrv@@YAXPATcolor_t@@@Z 004450b7 f   gl_math.obj
 0001:000441c5       ?SubdividePlane@OpenGLDrv@@YAHPAPAUCVec3@@HM@Z 004451c5 f   gl_poly.obj
 0001:00044614       ?FreeSubdividedPlane@OpenGLDrv@@YAXXZ 00445614 f   gl_poly.obj
 0001:0004462c       ?GetSubdivideIndexes@OpenGLDrv@@YAXPAH@Z 0044562c f   gl_poly.obj
 0001:0004467f       ?RemoveCollinearPoints@OpenGLDrv@@YAHPAPAUCVec3@@H@Z 0044567f f   gl_poly.obj
 0001:00044775       ?GetPolyArea@OpenGLDrv@@YAMPAPAUCVec3@@H@Z 00445775 f   gl_poly.obj
 0001:00044809       ?InitShaders@OpenGLDrv@@YAXXZ 00445809 f   gl_shader.obj
 0001:00044974       ?ShutdownShaders@OpenGLDrv@@YAXXZ 00445974 f   gl_shader.obj
 0001:000449b2       ?GetLightmapImage@OpenGLDrv@@YAPAVimage_t@1@H@Z 004459b2 f   gl_shader.obj
 0001:000449da       ?SetShaderLightmap@OpenGLDrv@@YAPAVshader_t@1@PAV21@H@Z 004459da f   gl_shader.obj
 0001:00044cf9       ??4shader_t@OpenGLDrv@@QAEAAV01@ABV01@@Z 00445cf9 f i gl_shader.obj
 0001:00044e44       ??4CBasicImage@@QAEAAV0@ABV0@@Z 00445e44 f i gl_shader.obj
 0001:00044f4c       ?SetShaderLightstyles@OpenGLDrv@@YAPAVshader_t@1@PAV21@I@Z 00445f4c f   gl_shader.obj
 0001:00044fea       ?GetAlphaShader@OpenGLDrv@@YAPAVshader_t@1@PAV21@@Z 00445fea f   gl_shader.obj
 0001:000453c5       ?FindShader@OpenGLDrv@@YAPAVshader_t@1@PBDI@Z 004463c5 f   gl_shader.obj
 0001:00046cb2       ?GetShaderByNum@OpenGLDrv@@YAPAVshader_t@1@H@Z 00447cb2 f   gl_shader.obj
 0001:00046cd0       ?ResetShaders@OpenGLDrv@@YAXXZ 00447cd0 f   gl_shader.obj
 0001:00046eb8       ?Reload@shader_t@OpenGLDrv@@UAEXXZ 00447eb8 f   gl_shader.obj
 0001:00046ee7       ?ClearSky@OpenGLDrv@@YAXXZ 00447ee7 f   gl_sky.obj
 0001:00046f44       ?AddSkySurface@OpenGLDrv@@YAXPAVsurfacePlanar_t@1@E@Z 00447f44 f   gl_sky.obj
 0001:000474e8       ?DrawSky@OpenGLDrv@@YAXXZ  004484e8 f   gl_sky.obj
 0001:00047b8c       ?DrawChar@OpenGLDrv@@YAXHHHH@Z 00448b8c f   gl_text.obj
 0001:00047bb9       ?DrawConChar@OpenGLDrv@@YAXHHHH@Z 00448bb9 f   gl_text.obj
 0001:00047bee       ?ClearTexts@OpenGLDrv@@YAXXZ 00448bee f   gl_text.obj
 0001:00047c03       ?FlushTexts@OpenGLDrv@@YAXXZ 00448c03 f   gl_text.obj
 0001:00047c95       ?DrawTextPos@OpenGLDrv@@YAXHHPBDI@Z 00448c95 f   gl_text.obj
 0001:00047d7c       ?DrawTextLeft@OpenGLDrv@@YAXPBDI@Z 00448d7c f   gl_text.obj
 0001:00047e03       ?DrawTextRight@OpenGLDrv@@YAXPBDI@Z 00448e03 f   gl_text.obj
 0001:00047e4d       ?DrawText3D@OpenGLDrv@@YAXABUCVec3@@PBDI@Z 00448e4d f   gl_text.obj
 0001:00047e7a       ?InitTexts@OpenGLDrv@@YAXXZ 00448e7a f   gl_text.obj
 0001:00047e94       ?FindModel@OpenGLDrv@@YAPAVmodel_t@1@PBD@Z 00448e94 f   gl_model.obj
 0001:0004806e       ?FreeModels@OpenGLDrv@@YAXXZ 0044906e f   gl_model.obj
 0001:000480e0       ?InitModels@OpenGLDrv@@YAXXZ 004490e0 f   gl_model.obj
 0001:000481d6       ?ShutdownModels@OpenGLDrv@@YAXXZ 004491d6 f   gl_model.obj
 0001:000481e7       ?LoadWorldMap@OpenGLDrv@@YAXPBD@Z 004491e7 f   gl_bspmodel.obj
 0001:00049cf2       ?PointInLeaf@OpenGLDrv@@YAPAUnode_t@1@ABUCVec3@@@Z 0044acf2 f   gl_bspmodel.obj
 0001:00049d3d       ?CALL_CONSTRUCTOR@@YAXPAVinlineModel_t@OpenGLDrv@@@Z 0044ad3d f i gl_bspmodel.obj
 0001:00049d53       ?LerpTag@model_t@OpenGLDrv@@UBE_NHHMPBDAAUCCoords@@@Z 0044ad53 f   gl_trimodel.obj
 0001:00049d61       ?LerpTag@md3Model_t@OpenGLDrv@@UBE_NHHMPBDAAUCCoords@@@Z 0044ad61 f   gl_trimodel.obj
 0001:00049e71       ?LoadMd2@OpenGLDrv@@YAPAVmd3Model_t@1@PBDPAEI@Z 0044ae71 f   gl_trimodel.obj
 0001:0004a9a9       ?ATAN2_FUNC@OpenGLDrv@@YAMMM@Z 0044b9a9 f i gl_trimodel.obj
 0001:0004ab4d       ?LoadMd3@OpenGLDrv@@YAPAVmd3Model_t@1@PBDPAEI@Z 0044bb4d f   gl_trimodel.obj
 0001:0004b011       ?LoadSp2@OpenGLDrv@@YAPAVsprModel_t@1@PBDPAEI@Z 0044c011 f   gl_trimodel.obj
 0001:0004b226       ?LoadSpr@OpenGLDrv@@YAPAVsprModel_t@1@PBDPAEI@Z 0044c226 f   gl_trimodel.obj
 0001:0004b32c       ?CALL_CONSTRUCTOR@@YAXPAVmd3Model_t@OpenGLDrv@@@Z 0044c32c f i gl_trimodel.obj
 0001:0004b342       ?CALL_CONSTRUCTOR@@YAXPAVsprModel_t@OpenGLDrv@@@Z 0044c342 f i gl_trimodel.obj
 0001:0004c943       ?QGL_Init@OpenGLDrv@@YA_NPBD@Z 0044d943 f   qgl_win.obj
 0001:0004ca25       ?QGL_Shutdown@OpenGLDrv@@YAXXZ 0044da25 f   qgl_win.obj
 0001:0004ca63       ?QGL_InitExtensions@OpenGLDrv@@YAXXZ 0044da63 f   qgl_win.obj
 0001:0004cf4f       ?QGL_PrintExtensionsString@OpenGLDrv@@YAXPBD00@Z 0044df4f f   qgl_win.obj
 0001:0004d09c       ?QGL_EnableLogging@OpenGLDrv@@YAX_N@Z 0044e09c f   qgl_win.obj
 0001:0004d156       ?QGL_LogMessage@OpenGLDrv@@YAXPBD@Z 0044e156 f   qgl_win.obj
 0001:0004d16d       ?QGL_SwapBuffers@OpenGLDrv@@YAXXZ 0044e16d f   qgl_win.obj
 0001:0004d1ef       ?GLimp_HasGamma@OpenGLDrv@@YA_NXZ 0044e1ef f   gl_win.obj
 0001:0004d203       ?GLimp_SetGamma@OpenGLDrv@@YAXM@Z 0044e203 f   gl_win.obj
 0001:0004d3ab       ?GLimp_SetMode@OpenGLDrv@@YA_NPAI0H_N@Z 0044e3ab f   gl_win.obj
 0001:0004d7a1       ?GLimp_Shutdown@OpenGLDrv@@YAX_N@Z 0044e7a1 f   gl_win.obj
 0001:0004d84e       ?AppActivate@OpenGLDrv@@YAX_N@Z 0044e84e f   gl_win.obj
 0001:0004d8be       _jpeg_CreateDecompress     0044e8be f   lib:jdapimin.obj
 0001:0004d97e       _jpeg_destroy_decompress   0044e97e f   lib:jdapimin.obj
 0001:0004d97e       _jpeg_destroy_compress     0044e97e f   lib:jdapimin.obj
 0001:0004d989       _jpeg_read_header          0044e989 f   lib:jdapimin.obj
 0001:0004d9eb       _jpeg_consume_input        0044e9eb f   lib:jdapimin.obj
 0001:0004dc3a       _jpeg_finish_decompress    0044ec3a f   lib:jdapimin.obj
 0001:0004dcd1       _jpeg_start_decompress     0044ecd1 f   lib:jdapistd.obj
 0001:0004de3e       _jpeg_read_scanlines       0044ee3e f   lib:jdapistd.obj
 0001:0004dec2       _jpeg_resync_to_restart    0044eec2 f   lib:jdmarker.obj
 0001:0004e087       _jinit_marker_reader       0044f087 f   lib:jdmarker.obj
 0001:0004f552       _jpeg_CreateCompress       00450552 f   lib:jcapimin.obj
 0001:0004f606       _jpeg_suppress_tables      00450606 f   lib:jcapimin.obj
 0001:0004f650       _jpeg_finish_compress      00450650 f   lib:jcapimin.obj
 0001:0004f73a       _jpeg_start_compress       0045073a f   lib:jcapistd.obj
 0001:0004f7a6       _jpeg_write_scanlines      004507a6 f   lib:jcapistd.obj
 0001:0004f851       _jpeg_add_quant_table      00450851 f   lib:jcparam.obj
 0001:0004f903       _jpeg_quality_scaling      00450903 f   lib:jcparam.obj
 0001:0004f92a       _jpeg_set_quality          0045092a f   lib:jcparam.obj
 0001:0004f964       _jpeg_set_defaults         00450964 f   lib:jcparam.obj
 0001:0004fb2a       _jpeg_default_colorspace   00450b2a f   lib:jcparam.obj
 0001:0004fb7a       _jpeg_set_colorspace       00450b7a f   lib:jcparam.obj
 0001:0004fe95       _jpeg_stdio_dest           00450e95 f   lib:jdatadst.obj
 0001:000500b5       _crc32                     004510b5 f   lib:crc32.obj
 0001:0005034f       _inflateReset              0045134f f   lib:inflate.obj
 0001:0005039d       _inflateInit2_             0045139d f   lib:inflate.obj
 0001:00050456       _inflate                   00451456 f   lib:inflate.obj
 0001:0005172b       _inflateEnd                0045272b f   lib:inflate.obj
 0001:00051769       _jinit_input_controller    00452769 f   lib:jdinput.obj
 0001:00051c4c       _jinit_memory_mgr          00452c4c f   lib:jmemmgr.obj
 0001:00052788       _jpeg_abort                00453788 f   lib:jcomapi.obj
 0001:000527bb       _jpeg_destroy              004537bb f   lib:jcomapi.obj
 0001:000527d6       _jpeg_alloc_quant_table    004537d6 f   lib:jcomapi.obj
 0001:000527f2       _jpeg_alloc_huff_table     004537f2 f   lib:jcomapi.obj
 0001:0005280e       _jpeg_calc_output_dimensions 0045380e f   lib:jdmaster.obj
 0001:0005290e       _jinit_master_decompress   0045390e f   lib:jdmaster.obj
 0001:00052c64       _jdiv_round_up             00453c64 f   lib:jutils.obj
 0001:00052c74       _jround_up                 00453c74 f   lib:jutils.obj
 0001:00052c8c       _jcopy_sample_rows         00453c8c f   lib:jutils.obj
 0001:00052cca       _jcopy_block_row           00453cca f   lib:jutils.obj
 0001:00052ce3       _jzero_far                 00453ce3 f   lib:jutils.obj
 0001:00052cf6       _jinit_marker_writer       00453cf6 f   lib:jcmarker.obj
 0001:000535d2       _jinit_compress_master     004545d2 f   lib:jcinit.obj
 0001:0005362b       _inflate_fast              0045462b f   lib:inffast.obj
 0001:000539e0       _inflate_table             004549e0 f   lib:inftrees.obj
 0001:00053d94       _adler32                   00454d94 f   lib:adler32.obj
 0001:00053ead       _jinit_c_codec             00454ead f   lib:jcodec.obj
 0001:00053ec9       _jinit_d_codec             00454ec9 f   lib:jcodec.obj
 0001:00053ee5       _jpeg_get_small            00454ee5 f   lib:jmemnobs.obj
 0001:00053ee5       _jpeg_get_large            00454ee5 f   lib:jmemnobs.obj
 0001:00053ef1       _jpeg_free_large           00454ef1 f   lib:jmemnobs.obj
 0001:00053ef1       _jpeg_free_small           00454ef1 f   lib:jmemnobs.obj
 0001:00053efd       _jpeg_mem_available        00454efd f   lib:jmemnobs.obj
 0001:00053f02       _jpeg_open_backing_store   00454f02 f   lib:jmemnobs.obj
 0001:00053f16       ?EndRegistration@OpenGLDrv@@YAXXZ 00454f16 f   lib:jmemnobs.obj
 0001:00053f16       __setargv                  00454f16 f   lib:jmemnobs.obj
 0001:00053f16       _jpeg_mem_term             00454f16 f   lib:jmemnobs.obj
 0001:00053f17       _jinit_d_main_controller   00454f17 f   lib:jdmainct.obj
 0001:00054562       _jinit_d_post_controller   00455562 f   lib:jdpostct.obj
 0001:0005480d       _jinit_upsampler           0045580d f   lib:jdsample.obj
 0001:00054e4b       _jinit_color_deconverter   00455e4b f   lib:jdcolor.obj
 0001:00055361       _jinit_merged_upsampler    00456361 f   lib:jdmerge.obj
 0001:000558b1       _jinit_2pass_quantizer     004568b1 f   lib:jquant2.obj
 0001:00056974       _jinit_1pass_quantizer     00457974 f   lib:jquant1.obj
 0001:0005739a       _jinit_c_main_controller   0045839a f   lib:jcmainct.obj
 0001:00057507       _jinit_c_prep_controller   00458507 f   lib:jcprepct.obj
 0001:00057a52       _jinit_downsampler         00458a52 f   lib:jcsample.obj
 0001:000582d2       _jinit_color_converter     004592d2 f   lib:jccolor.obj
 0001:000588bc       _jinit_c_master_control    004598bc f   lib:jcmaster.obj
 0001:000593ab       _jinit_lossy_c_codec       0045a3ab f   lib:jclossy.obj
 0001:00059446       _jinit_lossless_c_codec    0045a446 f   lib:jclossls.obj
 0001:000594de       _jinit_lossy_d_codec       0045a4de f   lib:jdlossy.obj
 0001:000597b1       _jinit_lossless_d_codec    0045a7b1 f   lib:jdlossls.obj
 0001:00059861       _jinit_c_coef_controller   0045a861 f   lib:jccoefct.obj
 0001:00059f42       _jinit_shuff_encoder       0045af42 f   lib:jcshuff.obj
 0001:0005a7aa       _jinit_phuff_encoder       0045b7aa f   lib:jcphuff.obj
 0001:0005b24f       _jinit_forward_dct         0045c24f f   lib:jcdctmgr.obj
 0001:0005b51e       _jinit_c_diff_controller   0045c51e f   lib:jcdiffct.obj
 0001:0005ba42       _jinit_lhuff_encoder       0045ca42 f   lib:jclhuff.obj
 0001:0005c16f       _jinit_differencer         0045d16f f   lib:jcpred.obj
 0001:0005c689       _jinit_c_scaler            0045d689 f   lib:jcscale.obj
 0001:0005c6ff       _jinit_d_coef_controller   0045d6ff f   lib:jdcoefct.obj
 0001:0005d3db       _jinit_shuff_decoder       0045e3db f   lib:jdshuff.obj
 0001:0005d970       _jinit_phuff_decoder       0045e970 f   lib:jdphuff.obj
 0001:0005e50d       _jinit_inverse_dct         0045f50d f   lib:jddctmgr.obj
 0001:0005e6f1       _jinit_d_diff_controller   0045f6f1 f   lib:jddiffct.obj
 0001:0005ec1f       _jinit_d_scaler            0045fc1f f   lib:jdscale.obj
 0001:0005ed1e       _jinit_undifferencer       0045fd1e f   lib:jdpred.obj
 0001:0005f0d8       _jinit_lhuff_decoder       004600d8 f   lib:jdlhuff.obj
 0001:0005f4cd       _jpeg_make_c_derived_tbl   004604cd f   lib:jchuff.obj
 0001:0005f6cf       _jpeg_gen_optimal_table    004606cf f   lib:jchuff.obj
 0001:0005f88e       _jpeg_fdct_float           0046088e f   lib:jfdctflt.obj
 0001:0005fa93       _jpeg_make_d_derived_tbl   00460a93 f   lib:jdhuff.obj
 0001:0005fd30       _jpeg_fill_bit_buffer      00460d30 f   lib:jdhuff.obj
 0001:0005fe3f       _jpeg_huff_decode          00460e3f f   lib:jdhuff.obj
 0001:0005ff1f       _jpeg_idct_4x4             00460f1f f   lib:jidctred.obj
 0001:0006020d       _jpeg_idct_2x2             0046120d f   lib:jidctred.obj
 0001:000603cf       _jpeg_idct_1x1             004613cf f   lib:jidctred.obj
 0001:0006040b       _jpeg_idct_float           0046140b f   lib:jidctflt.obj
 0001:000607e0       __except_handler3          004617e0 f   MSVCRT:MSVCRT.dll
 0001:000607f0       __chkstk                   004617f0 f   MSVCRT:chkstk.obj
 0001:000607f0       __alloca_probe             004617f0 f   MSVCRT:chkstk.obj
 0001:0006081f       ??_Etype_info@@UAEPAXI@Z   0046181f f i MSVCRT:ti_inst.obj
 0001:0006081f       ??_Gtype_info@@UAEPAXI@Z   0046181f f i MSVCRT:ti_inst.obj
 0001:0006083c       __CxxThrowException@8      0046183c f   MSVCRT:MSVCRT.dll
 0001:00060842       _strcpy                    00461842 f   MSVCRT:MSVCRT.dll
 0001:00060848       _strlen                    00461848 f   MSVCRT:MSVCRT.dll
 0001:0006084e       _strcmp                    0046184e f   MSVCRT:MSVCRT.dll
 0001:00060854       _sin                       00461854 f   MSVCRT:MSVCRT.dll
 0001:0006085a       _tan                       0046185a f   MSVCRT:MSVCRT.dll
 0001:00060860       _cos                       00461860 f   MSVCRT:MSVCRT.dll
 0001:00060866       _fmod                      00461866 f   MSVCRT:MSVCRT.dll
 0001:0006086c       _strcat                    0046186c f   MSVCRT:MSVCRT.dll
 0001:00060872       _acos                      00461872 f   MSVCRT:MSVCRT.dll
 0001:00060878       _atan                      00461878 f   MSVCRT:MSVCRT.dll
 0001:0006087e       _memcpy                    0046187e f   MSVCRT:MSVCRT.dll
 0001:00060884       _memset                    00461884 f   MSVCRT:MSVCRT.dll
 0001:0006088a       _sqrt                      0046188a f   MSVCRT:MSVCRT.dll
 0001:00060890       _atan2                     00461890 f   MSVCRT:MSVCRT.dll
 0001:00060896       __purecall                 00461896 f   MSVCRT:MSVCRT.dll
 0001:0006089c       _pow                       0046189c f   MSVCRT:MSVCRT.dll
 0001:000608a2       _asin                      004618a2 f   MSVCRT:MSVCRT.dll
 0001:000608a8       _WinMainCRTStartup         004618a8 f   MSVCRT:crtexew.obj
[...]
 0001:0005e88f       _start_iMCU_row            0045f88f f   lib:jddiffct.obj
 0001:0005e8d4       _start_output_pass         0045f8d4 f   lib:jddiffct.obj
 0001:0005e8e0       _decompress_data           0045f8e0 f   lib:jddiffct.obj
 0001:0005ea50       _process_restart           0045fa50 f   lib:jddiffct.obj
 0001:0005ca70       _dummy_consume_data        0045da70 f   lib:jdcoefct.obj
 0001:0005ea85       _consume_data              0045fa85 f   lib:jddiffct.obj
 0001:0005eafc       _output_data               0045fafc f   lib:jddiffct.obj
 0001:0005e583       _start_pass                0045f583 f   lib:jddctmgr.obj
 0001:0005d9d5       _start_pass_phuff_decoder  0045e9d5 f   lib:jdphuff.obj
 0001:0005dc1e       _decode_mcu_DC_first       0045ec1e f   lib:jdphuff.obj
 0001:0005de16       _process_restart           0045ee16 f   lib:jdphuff.obj
 0001:0005de85       _decode_mcu_AC_first       0045ee85 f   lib:jdphuff.obj
 0001:0005e0a5       _decode_mcu_DC_refine      0045f0a5 f   lib:jdphuff.obj
 0001:0005e17a       _decode_mcu_AC_refine      0045f17a f   lib:jdphuff.obj
 0001:0005d41c       _start_pass_huff_decoder   0045e41c f   lib:jdshuff.obj
 0001:0005d554       _decode_mcu                0045e554 f   lib:jdshuff.obj
 0001:0005d904       _process_restart           0045e904 f   lib:jdshuff.obj
 0001:0005c802       _start_input_pass          0045d802 f   lib:jdcoefct.obj
 0001:0005c815       _start_iMCU_row            0045d815 f   lib:jdcoefct.obj
 0001:0005c85a       _start_output_pass         0045d85a f   lib:jdcoefct.obj
 0001:0005c897       _decompress_onepass        0045d897 f   lib:jdcoefct.obj
 0001:0005ca70       _dummy_consume_data        0045da70 f   lib:jdcoefct.obj
 0001:0005ca73       _consume_data              0045da73 f   lib:jdcoefct.obj
 0001:0005cc2c       _decompress_data           0045dc2c f   lib:jdcoefct.obj
 0001:0005cd98       _smoothing_ok              0045dd98 f   lib:jdcoefct.obj
 0001:0005ce83       _decompress_smooth_data    0045de83 f   lib:jdcoefct.obj
 0001:0005c69b       _scaler_start_pass         0045d69b f   lib:jcscale.obj
 0001:0005c6be       _simple_downscale          0045d6be f   lib:jcscale.obj
 0001:0005c6ea       _noscale                   0045d6ea f   lib:jcscale.obj
 0001:0005c193       _start_pass                0045d193 f   lib:jcpred.obj
 0001:0005c1eb       _reset_predictor           0045d1eb f   lib:jcpred.obj
 0001:0005c218       _jpeg_difference_first_row 0045d218 f   lib:jcpred.obj
 0001:0005c302       _jpeg_difference1          0045d302 f   lib:jcpred.obj
 0001:0005c370       _jpeg_difference2          0045d370 f   lib:jcpred.obj
 0001:0005c3e1       _jpeg_difference3          0045d3e1 f   lib:jcpred.obj
 0001:0005c459       _jpeg_difference4          0045d459 f   lib:jcpred.obj
 0001:0005c4e4       _jpeg_difference5          0045d4e4 f   lib:jcpred.obj
 0001:0005c577       _jpeg_difference6          0045d577 f   lib:jcpred.obj
 0001:0005c606       _jpeg_difference7          0045d606 f   lib:jcpred.obj
 0001:0005ba82       _start_pass_huff           0045ca82 f   lib:jclhuff.obj
 0001:0005bc1f       _encode_mcus_huff          0045cc1f f   lib:jclhuff.obj
 0001:0005be0a       _emit_bits                 0045ce0a f   lib:jclhuff.obj
 0001:0005bead       _dump_buffer               0045cead f   lib:jclhuff.obj
 0001:0005bed1       _emit_restart              0045ced1 f   lib:jclhuff.obj
 0001:0005bf1c       _flush_bits                0045cf1c f   lib:jclhuff.obj
 0001:0005bf40       _finish_pass_huff          0045cf40 f   lib:jclhuff.obj
 0001:0005bfad       _encode_mcus_gather        0045cfad f   lib:jclhuff.obj
 0001:0005c0d6       _finish_pass_gather        0045d0d6 f   lib:jclhuff.obj
 0001:0005c16c       _need_optimization_pass    0045d16c f   lib:jclhuff.obj
 0001:0005b6a2       _start_pass_diff           0045c6a2 f   lib:jcdiffct.obj
 0001:000599ab       _start_iMCU_row            0045a9ab f   lib:jccoefct.obj
 0001:0005b740       _compress_data             0045c740 f   lib:jcdiffct.obj
 0001:0005b8d6       _compress_first_pass       0045c8d6 f   lib:jcdiffct.obj
 0001:0005b9cb       _compress_output           0045c9cb f   lib:jcdiffct.obj
 0001:0005b2b5       _start_pass_fdctmgr        0045c2b5 f   lib:jcdctmgr.obj
 0001:0005b3b7       _forward_DCT_float         0045c3b7 f   lib:jcdctmgr.obj
 0001:0005a7ea       _start_pass_phuff          0045b7ea f   lib:jcphuff.obj
 0001:0005a957       _encode_mcu_DC_first       0045b957 f   lib:jcphuff.obj
 0001:0005aa89       _emit_bits                 0045ba89 f   lib:jcphuff.obj
 0001:0005ab34       _dump_buffer               0045bb34 f   lib:jcphuff.obj
 0001:0005ab6c       _emit_symbol               0045bb6c f   lib:jcphuff.obj
 0001:0005abac       _emit_restart              0045bbac f   lib:jcphuff.obj
 0001:0005ac35       _emit_eobrun               0045bc35 f   lib:jcphuff.obj
 0001:0005acbb       _encode_mcu_AC_first       0045bcbb f   lib:jcphuff.obj
 0001:0005ae4f       _encode_mcu_DC_refine      0045be4f f   lib:jcphuff.obj
 0001:0005af09       _encode_mcu_AC_refine      0045bf09 f   lib:jcphuff.obj
 0001:0005b120       _finish_pass_phuff         0045c120 f   lib:jcphuff.obj
 0001:0005b16f       _finish_pass_gather_phuff  0045c16f f   lib:jcphuff.obj
 0001:0005b232       _need_optimization_pass    0045c232 f   lib:jcphuff.obj
 0001:00059f85       _start_pass_huff           0045af85 f   lib:jcshuff.obj
 0001:0005a0fa       _encode_mcu_huff           0045b0fa f   lib:jcshuff.obj
 0001:0005a205       _encode_one_block          0045b205 f   lib:jcshuff.obj
 0001:0005a37c       _emit_bits                 0045b37c f   lib:jcshuff.obj
 0001:0005a41f       _dump_buffer               0045b41f f   lib:jcshuff.obj
 0001:0005a443       _emit_restart              0045b443 f   lib:jcshuff.obj
 0001:0005a4b0       _flush_bits                0045b4b0 f   lib:jcshuff.obj
 0001:0005a4d4       _finish_pass_huff          0045b4d4 f   lib:jcshuff.obj
 0001:0005a543       _encode_mcu_gather         0045b543 f   lib:jcshuff.obj
 0001:0005a5f9       _htest_one_block           0045b5f9 f   lib:jcshuff.obj
 0001:0005a6c0       _finish_pass_gather        0045b6c0 f   lib:jcshuff.obj
 0001:0005c16c       _need_optimization_pass    0045d16c f   lib:jclhuff.obj
 0001:00059916       _start_pass_coef           0045a916 f   lib:jccoefct.obj
 0001:000599ab       _start_iMCU_row            0045a9ab f   lib:jccoefct.obj
 0001:000599ed       _compress_data             0045a9ed f   lib:jccoefct.obj
 0001:00059bd4       _compress_first_pass       0045abd4 f   lib:jccoefct.obj
 0001:00059dba       _compress_output           0045adba f   lib:jccoefct.obj
 0001:0005982e       _calc_output_dimensions    0045a82e f   lib:jdlossls.obj
 0001:0005983f       _start_input_pass          0045a83f f   lib:jdlossls.obj
 0001:0005956d       _calc_output_dimensions    0045a56d f   lib:jdlossy.obj
 0001:000596e0       _start_input_pass          0045a6e0 f   lib:jdlossy.obj
 0001:00059700       _latch_quant_tables        0045a700 f   lib:jdlossy.obj
 0001:00059798       _start_output_pass         0045a798 f   lib:jdlossy.obj
 0001:000594bc       _start_pass                0045a4bc f   lib:jclossls.obj
 0001:00059428       _start_pass                0045a428 f   lib:jclossy.obj
 0001:0005897d       _initial_setup             0045997d f   lib:jcmaster.obj
 0001:00058b30       _validate_script           00459b30 f   lib:jcmaster.obj
 0001:00058f08       _prepare_for_pass          00459f08 f   lib:jcmaster.obj
 0001:00059080       _select_scan_parameters    0045a080 f   lib:jcmaster.obj
 0001:00059181       _per_scan_setup            0045a181 f   lib:jcmaster.obj
 0001:0005932c       _pass_startup              0045a32c f   lib:jcmaster.obj
 0001:00059353       _finish_pass_master        0045a353 f   lib:jcmaster.obj
 0001:00058469       _rgb_ycc_start             00459469 f   lib:jccolor.obj
 0001:0005852d       _rgb_ycc_convert           0045952d f   lib:jccolor.obj
 0001:0005862c       _rgb_gray_convert          0045962c f   lib:jccolor.obj
 0001:000586b1       _cmyk_ycck_convert         004596b1 f   lib:jccolor.obj
 0001:000587e9       _grayscale_convert         004597e9 f   lib:jccolor.obj
 0001:00058843       _null_convert              00459843 f   lib:jccolor.obj
 0001:0002c3c9       _null_method               0042d3c9 f   images.obj
 0001:0002c3c9       _start_pass_downsample     0042d3c9 f   images.obj
 0001:00057bb5       _sep_downsample            00458bb5 f   lib:jcsample.obj
 0001:00057c2a       _int_downsample            00458c2a f   lib:jcsample.obj
 0001:00057d22       _expand_right_edge         00458d22 f   lib:jcsample.obj
 0001:00057d77       _fullsize_downsample       00458d77 f   lib:jcsample.obj
 0001:00057dbb       _h2v1_downsample           00458dbb f   lib:jcsample.obj
 0001:00057e4f       _h2v2_downsample           00458e4f f   lib:jcsample.obj
 0001:00057efc       _h2v2_smooth_downsample    00458efc f   lib:jcsample.obj
 0001:00058174       _fullsize_smooth_downsample 00459174 f   lib:jcsample.obj
 0001:000575b1       _start_pass_prep           004585b1 f   lib:jcprepct.obj
 0001:000575ef       _pre_process_data          004585ef f   lib:jcprepct.obj
 0001:0005779d       _pre_process_context       0045879d f   lib:jcprepct.obj
 0001:00057956       _create_context_buffer     00458956 f   lib:jcprepct.obj
 0001:00057429       _start_pass_main           00458429 f   lib:jcmainct.obj
 0001:0005746b       _process_data_simple_main  0045846b f   lib:jcmainct.obj
 0001:000569ff       _create_colormap           004579ff f   lib:jquant1.obj
 0001:00056b31       _select_ncolors            00457b31 f   lib:jquant1.obj
 0001:00056c08       _create_colorindex         00457c08 f   lib:jquant1.obj
 0001:00056d34       _alloc_fs_workspace        00457d34 f   lib:jquant1.obj
 0001:00056d70       _start_pass_1_quant        00457d70 f   lib:jquant1.obj
 0001:00056e3c       _create_odither_tables     00457e3c f   lib:jquant1.obj
 0001:00056e9b       _make_odither_array        00457e9b f   lib:jquant1.obj
 0001:00056efe       _color_quantize            00457efe f   lib:jquant1.obj
 0001:00056f89       _color_quantize3           00457f89 f   lib:jquant1.obj
 0001:00057017       _quantize_ord_dither       00458017 f   lib:jquant1.obj
 0001:00057102       _quantize3_ord_dither      00458102 f   lib:jquant1.obj
 0001:00057202       _quantize_fs_dither        00458202 f   lib:jquant1.obj
 0001:0002c3c9       _finish_pass_1_quant       0042d3c9 f   images.obj
 0001:00057386       _new_color_map_1_quant     00458386 f   lib:jquant1.obj
 0001:000559c0       _init_error_limit          004569c0 f   lib:jquant2.obj
 0001:00055a5f       _start_pass_2_quant        00456a5f f   lib:jquant2.obj
 0001:00055b61       _prescan_quantize          00456b61 f   lib:jquant2.obj
 0001:00055bd0       _pass2_no_dither           00456bd0 f   lib:jquant2.obj
 0001:00055c7d       _fill_inverse_cmap         00456c7d f   lib:jquant2.obj
 0001:00055d48       _find_nearby_colors        00456d48 f   lib:jquant2.obj
 0001:00055eec       _find_best_colors          00456eec f   lib:jquant2.obj
 0001:00056006       _pass2_fs_dither           00457006 f   lib:jquant2.obj
 0001:00056275       _finish_pass1              00457275 f   lib:jquant2.obj
 0001:00056297       _select_colors             00457297 f   lib:jquant2.obj
 0001:00056323       _update_box                00457323 f   lib:jquant2.obj
 0001:000566bd       _median_cut                004576bd f   lib:jquant2.obj
 0001:000567d1       _find_biggest_color_pop    004577d1 f   lib:jquant2.obj
 0001:00056800       _find_biggest_volume       00457800 f   lib:jquant2.obj
 0001:00056829       _compute_color             00457829 f   lib:jquant2.obj
 0001:0002c3c9       _finish_pass2              0042d3c9 f   images.obj
 0001:00056965       _new_color_map_2_quant     00457965 f   lib:jquant2.obj
 0001:000553d7       _build_ycc_rgb_table       004563d7 f   lib:jdmerge.obj
 0001:00055487       _start_pass_merged_upsample 00456487 f   lib:jdmerge.obj
 0001:0005549c       _merged_2v_upsample        0045649c f   lib:jdmerge.obj
 0001:00055543       _merged_1v_upsample        00456543 f   lib:jdmerge.obj
 0001:00055574       _h2v1_merged_upsample      00456574 f   lib:jdmerge.obj
 0001:000556ca       _h2v2_merged_upsample      004566ca f   lib:jdmerge.obj
 0001:00054f7b       _build_ycc_rgb_table       00455f7b f   lib:jdcolor.obj
 0001:0005502b       _ycc_rgb_convert           0045602b f   lib:jdcolor.obj
 0001:00055139       _null_convert              00456139 f   lib:jdcolor.obj
 0001:000551b1       _grayscale_convert         004561b1 f   lib:jdcolor.obj
 0001:000551d4       _gray_rgb_convert          004561d4 f   lib:jdcolor.obj
 0001:0005522d       _ycck_cmyk_convert         0045622d f   lib:jdcolor.obj
 0001:0002c3c9       _start_pass_dcolor         0042d3c9 f   images.obj
 0001:000549dc       _start_pass_upsample       004559dc f   lib:jdsample.obj
 0001:000549f6       _sep_upsample              004559f6 f   lib:jdsample.obj
 0001:00054ac3       _fullsize_upsample         00455ac3 f   lib:jdsample.obj
 0001:00054ace       _noop_upsample             00455ace f   lib:jdsample.obj
 0001:00054ad6       _int_upsample              00455ad6 f   lib:jdsample.obj
 0001:00054bc0       _h2v1_upsample             00455bc0 f   lib:jdsample.obj
 0001:00054c17       _h2v2_upsample             00455c17 f   lib:jdsample.obj
 0001:00054c89       _h2v1_fancy_upsample       00455c89 f   lib:jdsample.obj
 0001:00054d2c       _h2v2_fancy_upsample       00455d2c f   lib:jdsample.obj
 0001:000545e5       _start_pass_dpost          004555e5 f   lib:jdpostct.obj
 0001:0005468b       _post_process_1pass        0045568b f   lib:jdpostct.obj
 0001:000546f0       _post_process_prepass      004556f0 f   lib:jdpostct.obj
 0001:00054781       _post_process_2pass        00455781 f   lib:jdpostct.obj
 0001:00053fec       _alloc_funny_pointers      00454fec f   lib:jdmainct.obj
 0001:00054099       _start_pass_main           00455099 f   lib:jdmainct.obj
 0001:00054101       _make_funny_pointers       00455101 f   lib:jdmainct.obj
 0001:00054241       _process_data_simple_main  00455241 f   lib:jdmainct.obj
 0001:000542a9       _process_data_context_main 004552a9 f   lib:jdmainct.obj
 0001:000543bb       _set_wraparound_pointers   004553bb f   lib:jdmainct.obj
 0001:000544a5       _set_bottom_pointers       004554a5 f   lib:jdmainct.obj
 0001:0005453f       _process_data_crank_post   0045553f f   lib:jdmainct.obj
 0001:00052d44       _write_marker_header       00453d44 f   lib:jcmarker.obj
 0001:00052d9a       _emit_byte                 00453d9a f   lib:jcmarker.obj
 0001:00052dcb       _write_marker_byte         00453dcb f   lib:jcmarker.obj
 0001:00052ddb       _write_file_header         00453ddb f   lib:jcmarker.obj
 0001:00052e27       _emit_jfif_app0            00453e27 f   lib:jcmarker.obj
 0001:00052efa       _emit_adobe_app14          00453efa f   lib:jcmarker.obj
 0001:00052fa0       _write_frame_header        00453fa0 f   lib:jcmarker.obj
 0001:0005307f       _emit_dqt                  0045407f f   lib:jcmarker.obj
 0001:0005316e       _emit_sof                  0045416e f   lib:jcmarker.obj
 0001:0005324a       _write_scan_header         0045424a f   lib:jcmarker.obj
 0001:0005330a       _emit_dht                  0045430a f   lib:jcmarker.obj
 0001:000533e3       _emit_dri                  004543e3 f   lib:jcmarker.obj
 0001:00053432       _emit_sos                  00454432 f   lib:jcmarker.obj
 0001:00053520       _write_file_trailer        00454520 f   lib:jcmarker.obj
 0001:00053540       _write_tables_only         00454540 f   lib:jcmarker.obj
 0001:00052899       _use_merged_upsample       00453899 f   lib:jdmaster.obj
 0001:0005293f       _master_selection          0045393f f   lib:jdmaster.obj
 0001:00052a9c       _prepare_range_limit_table 00453a9c f   lib:jdmaster.obj
 0001:00052b22       _prepare_for_output_pass   00453b22 f   lib:jdmaster.obj
 0001:00052c43       _finish_output_pass        00453c43 f   lib:jdmaster.obj
 0001:00051d10       _alloc_small               00452d10 f   lib:jmemmgr.obj
 0001:00051e2e       _alloc_large               00452e2e f   lib:jmemmgr.obj
 0001:00051edf       _alloc_sarray              00452edf f   lib:jmemmgr.obj
 0001:00051f77       _alloc_barray              00452f77 f   lib:jmemmgr.obj
 0001:0005201b       _alloc_darray              0045301b f   lib:jmemmgr.obj
 0001:000520c6       _request_virt_sarray       004530c6 f   lib:jmemmgr.obj
 0001:00052127       _request_virt_barray       00453127 f   lib:jmemmgr.obj
 0001:00052188       _realize_virt_arrays       00453188 f   lib:jmemmgr.obj
 0001:0005230b       _access_virt_sarray        0045330b f   lib:jmemmgr.obj
 0001:0005242b       _do_sarray_io              0045342b f   lib:jmemmgr.obj
 0001:000524bb       _access_virt_barray        004534bb f   lib:jmemmgr.obj
 0001:000525e0       _do_barray_io              004535e0 f   lib:jmemmgr.obj
 0001:00052671       _free_pool                 00453671 f   lib:jmemmgr.obj
 0001:00052758       _self_destruct             00453758 f   lib:jmemmgr.obj
 0001:000517aa       _start_input_pass          004527aa f   lib:jdinput.obj
 0001:000517d8       _per_scan_setup            004527d8 f   lib:jdinput.obj
 0001:0005195e       _finish_input_pass         0045295e f   lib:jdinput.obj
 0001:0005196f       _consume_markers           0045296f f   lib:jdinput.obj
 0001:00051a0b       _initial_setup             00452a0b f   lib:jdinput.obj
 0001:00051c15       _reset_input_controller    00452c15 f   lib:jdinput.obj
 0001:00051563       _fixedtables               00452563 f   lib:inflate.obj
 0001:0005164d       _updatewindow              0045264d f   lib:inflate.obj
 0001:0004ff95       _make_crc_table            00450f95 f   lib:crc32.obj
 0001:000500e2       _crc32_little              004510e2 f   lib:crc32.obj
 0001:0004fed1       _init_destination          00450ed1 f   lib:jdatadst.obj
 0001:0004fef7       _empty_output_buffer       00450ef7 f   lib:jdatadst.obj
 0001:0004ff39       _term_destination          00450f39 f   lib:jdatadst.obj
 0001:0004fa58       _std_huff_tables           00450a58 f   lib:jcparam.obj
 0001:0004fab2       _add_huff_table            00450ab2 f   lib:jcparam.obj
 0001:0004dfb0       _next_marker               0044efb0 f   lib:jdmarker.obj
 0001:0004e0ea       _get_interesting_appn      0044f0ea f   lib:jdmarker.obj
 0001:0004e215       _examine_app0              0044f215 f   lib:jdmarker.obj
 0001:0004e423       _examine_app14             0044f423 f   lib:jdmarker.obj
 0001:0004e4e4       _skip_variable             0044f4e4 f   lib:jdmarker.obj
 0001:0004e587       _read_markers              0044f587 f   lib:jdmarker.obj
 0001:0004e78f       _get_soi                   0044f78f f   lib:jdmarker.obj
 0001:0004e83a       _get_sof                   0044f83a f   lib:jdmarker.obj
 0001:0004eb43       _get_sos                   0044fb43 f   lib:jdmarker.obj
 0001:0004ee31       _get_dht                   0044fe31 f   lib:jdmarker.obj
 0001:0004f0d2       _get_dqt                   004500d2 f   lib:jdmarker.obj
 0001:0004f32e       _get_dri                   0045032e f   lib:jdmarker.obj
 0001:0004f40d       _first_marker              0045040d f   lib:jdmarker.obj
 0001:0004f4a9       _read_restart_marker       004504a9 f   lib:jdmarker.obj
 0001:0004f527       _reset_marker_reader       00450527 f   lib:jdmarker.obj
 0001:0004dd94       _output_pass_setup         0044ed94 f   lib:jdapistd.obj
 0001:0004da87       _default_decompress_parms  0044ea87 f   lib:jdapimin.obj

 182 bytes saved through ICF

