 quake2

 Timestamp is 41e7bed9 (Fri Jan 14 15:45:13 2005)

 Preferred load address is 00400000

 Start         Length     Name                   Class
 0001:00000000 00070020H .text                   CODE
 0002:00000000 000002f8H .idata$5                DATA
 0002:000002f8 00003604H .rdata                  DATA
 0002:00003900 00000044H .rdata$r                DATA
 0002:00003948 00000038H .xdata$x                DATA
 0002:00003980 00000078H .idata$2                DATA
 0002:000039f8 00000014H .idata$3                DATA
 0002:00003a0c 000002f8H .idata$4                DATA
 0002:00003d04 000009caH .idata$6                DATA
 0002:000046ce 00000000H .edata                  DATA
 0003:00000000 00000004H .CRT$XCA                DATA
 0003:00000004 00000004H .CRT$XCZ                DATA
 0003:00000008 00000004H .CRT$XIA                DATA
 0003:0000000c 00000004H .CRT$XIZ                DATA
 0003:00000010 000134ccH .data                   DATA
 0003:000134e0 00b0f168H .bss                    DATA
 0004:00000000 00000130H .rsrc$01                DATA
 0004:00000130 00003f20H .rsrc$02                DATA

  Address         Publics by Value              Rva+Base     Lib:Object

 0001:00000000       ??3@YAXPAX@Z               00401000 f i cd_win.obj
 0001:0000000b       ?CDAudio_Play2@@YAXH_N@Z   0040100b f   cd_win.obj
 0001:000001ea       ?CDAudio_Play@@YAXH_N@Z    004011ea f   cd_win.obj
 0001:00000201       ?CDAudio_Stop@@YAXXZ       00401201 f   cd_win.obj
 0001:00000246       ?CDAudio_Pause@@YAXXZ      00401246 f   cd_win.obj
 0001:0000029f       ?CDAudio_Resume@@YAXXZ     0040129f f   cd_win.obj
 0001:0000030e       ?CDAudio_MessageHandler@@YAJPAUHWND__@@IIJ@Z 0040130e f   cd_win.obj
 0001:000003a5       ?CDAudio_Update@@YAXXZ     004013a5 f   cd_win.obj
 0001:000003d9       ?CDAudio_Init@@YAHXZ       004013d9 f   cd_win.obj
 0001:000007bb       ?CDAudio_Shutdown@@YAXXZ   004017bb f   cd_win.obj
 0001:000007ee       ?CDAudio_Activate@@YAX_N@Z 004017ee f   cd_win.obj
 0001:000007ff       ?SCR_StopCinematic@@YAXXZ  004017ff f   cl_cin.obj
 0001:0000089b       ?SCR_FinishCinematic@@YAXXZ 0040189b f   cl_cin.obj
 0001:000008da       ?SCR_RunCinematic@@YAXXZ   004018da f   cl_cin.obj
 0001:00000cf4       ?SCR_DrawCinematic@@YA_NXZ 00401cf4 f   cl_cin.obj
 0001:00000d76       ?SCR_PlayCinematic@@YAXPAD@Z 00401d76 f   cl_cin.obj
 0001:000010cd       ?CL_ParseEntityBits@@YAHPAI@Z 004020cd f   cl_ents.obj
 0001:0000112f       ?CL_ParseDelta@@YAXPAUentityState_t@@0HH_N@Z 0040212f f   cl_ents.obj
 0001:000014cb       ?CL_DeltaEntity@@YAXPAUframe_t@@HPAUentityState_t@@H@Z 004024cb f   cl_ents.obj
 0001:00001648       ?CL_ParsePacketEntities@@YAXPAUframe_t@@0@Z 00402648 f   cl_ents.obj
 0001:00001847       ?CL_ParsePlayerstate@@YAXPAUframe_t@@0@Z 00402847 f   cl_ents.obj
 0001:00001b56       ?CL_FireEntityEvents@@YAXPAUframe_t@@@Z 00402b56 f   cl_ents.obj
 0001:00001ba8       ?CL_ParseFrame@@YAXXZ      00402ba8 f   cl_ents.obj
 0001:00001e7e       ?CL_AddEntityBox@@YAXPAUentityState_t@@I@Z 00402e7e f   cl_ents.obj
 0001:00001f6e       ?CL_OffsetThirdPersonView@@YAXXZ 00402f6e f   cl_ents.obj
 0001:00002028       ?CL_CalcViewValues@@YAXXZ  00403028 f   cl_ents.obj
 0001:00002335       ?CL_AddEntities@@YAXXZ     00403335 f   cl_ents.obj
 0001:000030f6       ?CL_GetEntitySoundOrigin@@YAXHQAM@Z 004040f6 f   cl_ents.obj
 0001:00003129       ?CL_ClearLightStyles@@YAXXZ 00404129 f   cl_fx.obj
 0001:000031ad       ?CL_RunLightStyles@@YAXXZ  004041ad f   cl_fx.obj
 0001:0000324a       ?CL_SetLightstyle@@YAXHPAD@Z 0040424a f   cl_fx.obj
 0001:000032b1       ?CL_AllocDlight@@YAPAUcdlight_t@@HQAM@Z 004042b1 f   cl_fx.obj
 0001:0000331e       ?CL_AddDLights@@YAXXZ      0040431e f   cl_fx.obj
 0001:0000337e       ?CL_ClearParticles@@YAXXZ  0040437e f   cl_fx.obj
 0001:000033e8       ?CL_AllocParticleTrace@@YAPAUparticleTrace_t@@QAM0MM@Z 004043e8 f   cl_fx.obj
 0001:00003488       ?CL_AllocParticleBeam@@YAPAUbeam_s@@QAM0MM@Z 00404488 f   cl_fx.obj
 0001:000034fb       ?CL_AllocParticle@@YAPAUparticle_s@@XZ 004044fb f   cl_fx.obj
 0001:00003549       ?CL_UpdateParticles@@YAXXZ 00404549 f   cl_fx.obj
 0001:00003b37       ?CL_MetalSparks@@YAXQAM0H@Z 00404b37 f   cl_fx.obj
 0001:00003c24       ?CL_ParseMuzzleFlash@@YAXXZ 00404c24 f   cl_fx.obj
 0001:0000445b       ?CL_ParseMuzzleFlash2@@YAXXZ 0040545b f   cl_fx.obj
 0001:00004b3f       ?CL_ParticleEffect@@YAXQAM0HH@Z 00405b3f f   cl_fx.obj
 0001:00004c0e       ?CL_ParticleEffect2@@YAXQAM0HH@Z 00405c0e f   cl_fx.obj
 0001:00004cd9       ?CL_ParticleEffect3@@YAXQAM0HH@Z 00405cd9 f   cl_fx.obj
 0001:00004da9       ?CL_TeleporterParticles@@YAXPAUentityState_t@@@Z 00405da9 f   cl_fx.obj
 0001:00004e60       ?CL_LogoutEffect@@YAXQAMH@Z 00405e60 f   cl_fx.obj
 0001:00004f4b       ?CL_ItemRespawnParticles@@YAXQAM@Z 00405f4b f   cl_fx.obj
 0001:00004ffa       ?CL_ExplosionParticles@@YAXQAM@Z 00405ffa f   cl_fx.obj
 0001:000050a4       ?CL_BigTeleportParticles@@YAXQAM@Z 004060a4 f   cl_fx.obj
 0001:000051fb       ?CL_BlasterParticles@@YAXQAM0@Z 004061fb f   cl_fx.obj
 0001:000052c7       ?CL_BlasterTrail@@YAXQAM0@Z 004062c7 f   cl_fx.obj
 0001:000053ba       ?CL_FlagTrail@@YAXQAM0M@Z  004063ba f   cl_fx.obj
 0001:000054ba       ?CL_DiminishingTrail@@YAXQAM0PAUcentity_t@@H@Z 004064ba f   cl_fx.obj
 0001:0000571e       ?CL_RocketTrail@@YAXQAM0PAUcentity_t@@@Z 0040671e f   cl_fx.obj
 0001:0000584b       ?CL_RailTrail@@YAXQAM0@Z   0040684b f   cl_fx.obj
 0001:00005a71       ?CL_RailTrailExt@@YAXQAM0EE@Z 00406a71 f   cl_fx.obj
 0001:00005b73       ?CL_IonripperTrail@@YAXQAM0@Z 00406b73 f   cl_fx.obj
 0001:00005c86       ?CL_BubbleTrail@@YAXQAM0@Z 00406c86 f   cl_fx.obj
 0001:00005da4       ?CL_FlyParticles@@YAXQAMH@Z 00406da4 f   cl_fx.obj
 0001:00005f43       ?CL_FlyEffect@@YAXPAUcentity_t@@QAM@Z 00406f43 f   cl_fx.obj
 0001:00005fc6       ?CL_BfgParticles@@YAXPAUentity_s@@@Z 00406fc6 f   cl_fx.obj
 0001:000061a0       ?CL_TrapParticles@@YAXPAUentity_s@@@Z 004071a0 f   cl_fx.obj
 0001:00006423       ?CL_BFGExplosionParticles@@YAXQAM@Z 00407423 f   cl_fx.obj
 0001:000064cd       ?CL_TeleportParticles@@YAXQAM@Z 004074cd f   cl_fx.obj
 0001:00006606       ?CL_EntityEvent@@YAXPAUentityState_t@@@Z 00407606 f   cl_fx.obj
 0001:000067e1       ?CL_ClearEffects@@YAXXZ    004077e1 f   cl_fx.obj
 0001:000067ff       ?IN_CenterView@@YAXXZ      004077ff f   cl_input.obj
 0001:00006820       ?CL_InitInput@@YAXXZ       00407820 f   cl_input.obj
 0001:00006d00       ?CL_SendCmd@@YAXXZ         00407d00 f   cl_input.obj
 0001:00007400       ?CL_ParseInventory@@YAXXZ  00408400 f   cl_inv.obj
 0001:00007420       ?CL_DrawInventory@@YAXXZ   00408420 f   cl_inv.obj
 0001:00007649       ?CL_WriteDemoMessage@@YAXXZ 00408649 f   cl_main.obj
 0001:0000768b       ?CL_Stop_f@@YAXXZ          0040868b f   cl_main.obj
 0001:000076e6       ?CL_Record_f@@YAXXZ        004086e6 f   cl_main.obj
 0001:0000798a       ?Cmd_ForwardToServer@@YAXXZ 0040898a f   cl_main.obj
 0001:000079f6       ?CL_ForwardToServer_f@@YAXXZ 004089f6 f   cl_main.obj
 0001:00007a44       ?CL_Pause@@YAX_N@Z         00408a44 f   cl_main.obj
 0001:00007a86       ?CL_Quit_f@@YAXXZ          00408a86 f   cl_main.obj
 0001:00007a90       ?CL_Drop@@YAXXZ            00408a90 f   cl_main.obj
 0001:00007aac       ?CL_SendConnectPacket@@YAXXZ 00408aac f   cl_main.obj
 0001:00007b83       ?CL_CheckForResend@@YAXXZ  00408b83 f   cl_main.obj
 0001:00007c88       ?CL_Connect_f@@YAXXZ       00408c88 f   cl_main.obj
 0001:00007d09       ?CL_Rcon_f@@YAXXZ          00408d09 f   cl_main.obj
 0001:00007e14       ?CL_ClearState@@YAXXZ      00408e14 f   cl_main.obj
 0001:00007e53       ?CL_Disconnect@@YAXXZ      00408e53 f   cl_main.obj
 0001:00007fb5       ?CL_Disconnect_f@@YAXXZ    00408fb5 f   cl_main.obj
 0001:00007fc1       ?CL_Changing_f@@YAXXZ      00408fc1 f   cl_main.obj
 0001:00007fe5       ?CL_Reconnect_f@@YAXXZ     00408fe5 f   cl_main.obj
 0001:00008081       ?CL_PingServers_f@@YAXXZ   00409081 f   cl_main.obj
 0001:000081e9       ?CL_Skins_f@@YAXXZ         004091e9 f   cl_main.obj
 0001:00008225       ?CL_ConnectionlessPacket@@YAXXZ 00409225 f   cl_main.obj
 0001:00008585       ?CL_ReadPackets@@YAXXZ     00409585 f   cl_main.obj
 0001:000086ca       ?CL_FixUpGender@@YAXXZ     004096ca f   cl_main.obj
 0001:0000877c       ?CL_Userinfo_f@@YAXXZ      0040977c f   cl_main.obj
 0001:00008794       ?CL_Snd_Restart_f@@YAXXZ   00409794 f   cl_main.obj
 0001:000087a3       ?CL_RequestNextDownload@@YAXXZ 004097a3 f   cl_main.obj
 0001:00008de8       ?CL_Precache_f@@YAXXZ      00409de8 f   cl_main.obj
 0001:00008e4c       ?CL_WriteConfiguration@@YAXPAD@Z 00409e4c f   cl_main.obj
 0001:00008f07       ?CL_WriteConfig_f@@YAXXZ   00409f07 f   cl_main.obj
 0001:00008f66       ?CL_InitLocal@@YAXXZ       00409f66 f   cl_main.obj
 0001:000090b1       ?CL_FixCvarCheats@@YAXXZ   0040a0b1 f   cl_main.obj
 0001:0000910b       ?CL_Frame@@YAXMH@Z         0040a10b f   cl_main.obj
 0001:00009314       ?CL_Init@@YAXXZ            0040a314 f   cl_main.obj
 0001:000093a4       ?CL_Shutdown@@YAX_N@Z      0040a3a4 f   cl_main.obj
 0001:000093ed       ?CL_Flashlight@@YAXHQAM@Z  0040a3ed f   cl_newfx.obj
 0001:00009427       ?CL_ColorFlash@@YAXQAMHHMMM@Z 0040a427 f   cl_newfx.obj
 0001:00009463       ?CL_DebugTrail@@YAXQAM0@Z  0040a463 f   cl_newfx.obj
 0001:00009543       ?CL_ForceWall@@YAXQAM0H@Z  0040a543 f   cl_newfx.obj
 0001:0000966a       ?CL_BubbleTrail2@@YAXQAM0H@Z 0040a66a f   cl_newfx.obj
 0001:00009794       ?CL_Heatbeam@@YAXQAM0@Z    0040a794 f   cl_newfx.obj
 0001:00009a45       ?CL_ParticleSteamEffect@@YAXQAM0HHH@Z 0040aa45 f   cl_newfx.obj
 0001:00009b6f       ?CL_ParticleSteamEffect2@@YAXPAUcl_sustain_s@@@Z 0040ab6f f   cl_newfx.obj
 0001:00009ca6       ?CL_TrackerTrail@@YAXQAM0H@Z 0040aca6 f   cl_newfx.obj
 0001:00009f09       ?CL_Tracker_Shell@@YAXQAM@Z 0040af09 f   cl_newfx.obj
 0001:00009f92       ?CL_MonsterPlasma_Shell@@YAXQAM@Z 0040af92 f   cl_newfx.obj
 0001:0000a018       ?CL_Widowbeamout@@YAXPAUcl_sustain_s@@@Z 0040b018 f   cl_newfx.obj
 0001:0000a0d4       ?CL_Nukeblast@@YAXPAUcl_sustain_s@@@Z 0040b0d4 f   cl_newfx.obj
 0001:0000a190       ?CL_WidowSplash@@YAXQAM@Z  0040b190 f   cl_newfx.obj
 0001:0000a258       ?CL_TagTrail@@YAXQAM0M@Z   0040b258 f   cl_newfx.obj
 0001:0000a358       ?CL_ColorExplosionParticles@@YAXQAMHH@Z 0040b358 f   cl_newfx.obj
 0001:0000a405       ?CL_ParticleSmokeEffect@@YAXQAM0HHH@Z 0040b405 f   cl_newfx.obj
 0001:0000a52d       ?CL_BlasterParticles2@@YAXQAM0I@Z 0040b52d f   cl_newfx.obj
 0001:0000a5fa       ?CL_BlasterTrail2@@YAXQAM0@Z 0040b5fa f   cl_newfx.obj
 0001:0000a6ed       ?CL_CheckOrDownloadFile@@YA_NPAD@Z 0040b6ed f   cl_parse.obj
 0001:0000a965       ?CL_Download_f@@YAXXZ      0040b965 f   cl_parse.obj
 0001:0000aa30       ?CL_RegisterSounds@@YAXXZ  0040ba30 f   cl_parse.obj
 0001:0000aa6f       ?CL_ParseDownload@@YAXXZ   0040ba6f f   cl_parse.obj
 0001:0000abdc       ?CL_ParseServerData@@YAXXZ 0040bbdc f   cl_parse.obj
 0001:0000ace2       ?CL_ParseBaseline@@YAXXZ   0040bce2 f   cl_parse.obj
 0001:0000ad2a       ?CL_LoadClientinfo@@YAXPAUclientinfo_t@@PAD@Z 0040bd2a f   cl_parse.obj
 0001:0000b014       ?CL_ParseClientinfo@@YAXH@Z 0040c014 f   cl_parse.obj
 0001:0000b038       ?CL_ParseConfigString@@YAXXZ 0040c038 f   cl_parse.obj
 0001:0000b1d2       ?CL_ParseStartSoundPacket@@YAXXZ 0040c1d2 f   cl_parse.obj
 0001:0000b2d1       ?CL_ParseServerMessage@@YAXXZ 0040c2d1 f   cl_parse.obj
 0001:0000b627       ?CL_CheckPredictionError@@YAXXZ 0040c627 f   cl_pred.obj
 0001:0000b7cd       ?CL_EntityTrace@@YAXPAUtrace_t@@QAM111H@Z 0040c7cd f   cl_pred.obj
 0001:0000bb87       ?CL_Trace@@YAXPAUtrace_t@@QAM111H@Z 0040cb87 f   cl_pred.obj
 0001:0000bc09       ?CL_PMpointcontents@@YAHQAM@Z 0040cc09 f   cl_pred.obj
 0001:0000bd93       ?CL_PredictMovement@@YAXXZ 0040cd93 f   cl_pred.obj
 0001:0000c13c       ?DrawString@@YAXHHPBD@Z    0040d13c f   cl_scrn.obj
 0001:0000c181       ?CL_AddNetgraph@@YAXXZ     0040d181 f   cl_scrn.obj
 0001:0000c25b       ?SCR_DebugGraph@@YAXMH@Z   0040d25b f   cl_scrn.obj
 0001:0000c283       ?SCR_CenterPrint@@YAXPAD@Z 0040d283 f   cl_scrn.obj
 0001:0000c387       ?SCR_DrawCenterString@@YAXXZ 0040d387 f   cl_scrn.obj
 0001:0000c459       ?SCR_Sky_f@@YAXXZ          0040d459 f   cl_scrn.obj
 0001:0000c504       ?SCR_Init@@YAXXZ           0040d504 f   cl_scrn.obj
 0001:0000c548       ?SCR_SetLevelshot@@YAXPAD@Z 0040d548 f   cl_scrn.obj
 0001:0000c5d1       ?SCR_SetLevelshot2@@YAXXZ  0040d5d1 f   cl_scrn.obj
 0001:0000c62b       ?SCR_ShowConsole@@YAX_N0@Z 0040d62b f   cl_scrn.obj
 0001:0000c710       ?SCR_BeginLoadingPlaque@@YAXXZ 0040d710 f   cl_scrn.obj
 0001:0000c79f       ?SCR_EndLoadingPlaque@@YAX_N@Z 0040d79f f   cl_scrn.obj
 0001:0000c82a       ?SCR_Loading_f@@YAXXZ      0040d82a f   cl_scrn.obj
 0001:0000c82f       ?SCR_TimeRefresh_f@@YAXXZ  0040d82f f   cl_scrn.obj
 0001:0000c906       ?SCR_TileClear@@YAXXZ      0040d906 f   cl_scrn.obj
 0001:0000c9ab       ?SCR_TouchPics@@YAXXZ      0040d9ab f   cl_scrn.obj
 0001:0000ca3e       ?SCR_ExecuteLayoutString@@YAXPAD@Z 0040da3e f   cl_scrn.obj
 0001:0000d365       ?SCR_UpdateScreen@@YAXXZ   0040e365 f   cl_scrn.obj
 0001:0000dba8       ?CL_RegisterTEntSounds@@YAXXZ 0040eba8 f   cl_tent.obj
 0001:0000dded       ?CL_RegisterTEntModels@@YAXXZ 0040eded f   cl_tent.obj
 0001:0000df73       ?CL_ClearTEnts@@YAXXZ      0040ef73 f   cl_tent.obj
 0001:0000dfba       ?CL_AllocExplosion@@YAPAUexplosion_t@@QAMW4exptype_t@@@Z 0040efba f   cl_tent.obj
 0001:0000e058       ?CL_AddExplosions@@YAXXZ   0040f058 f   cl_tent.obj
 0001:0000e22d       ?CL_SmokeAndFlash@@YAXQAM@Z 0040f22d f   cl_tent.obj
 0001:0000e275       ?CL_ParseBeam@@YAHPAUmodel_s@@@Z 0040f275 f   cl_tent.obj
 0001:0000e354       ?CL_ParseBeam2@@YAHPAUmodel_s@@@Z 0040f354 f   cl_tent.obj
 0001:0000e42b       ?CL_ParsePlayerBeam@@YAHPAUmodel_s@@@Z 0040f42b f   cl_tent.obj
 0001:0000e539       ?CL_ParseLightning@@YAHPAUmodel_s@@@Z 0040f539 f   cl_tent.obj
 0001:0000e605       ?CL_ParseLaser@@YAXI@Z     0040f605 f   cl_tent.obj
 0001:0000e681       ?CL_ParseSteam@@YAXXZ      0040f681 f   cl_tent.obj
 0001:0000e792       ?CL_ParseWidow@@YAXXZ      0040f792 f   cl_tent.obj
 0001:0000e7fe       ?CL_ParseNuke@@YAXXZ       0040f7fe f   cl_tent.obj
 0001:0000e868       ?CL_ParseTEnt@@YAXXZ       0040f868 f   cl_tent.obj
 0001:0000f68a       ?CL_AddBeams@@YAXXZ        0041068a f   cl_tent.obj
 0001:0000f9cb       ?CL_AddPlayerBeams@@YAXXZ  004109cb f   cl_tent.obj
 0001:000100c0       ?CL_ProcessSustain@@YAXXZ  004110c0 f   cl_tent.obj
 0001:00010101       ?CL_AddTEnts@@YAXXZ        00411101 f   cl_tent.obj
 0001:00010115       ?V_AddEntity@@YAXPAUentity_s@@@Z 00411115 f   cl_view.obj
 0001:00010144       ?V_AddLight@@YAXQAMMMMM@Z  00411144 f   cl_view.obj
 0001:00010189       ?V_TestParticles@@YAXXZ    00411189 f   cl_view.obj
 0001:00010247       ?V_TestEntities@@YAXXZ     00411247 f   cl_view.obj
 0001:000102e9       ?V_TestLights@@YAXXZ       004112e9 f   cl_view.obj
 0001:000103bc       ?CL_PrepRefresh@@YAXXZ     004113bc f   cl_view.obj
 0001:0001067e       ?CalcFov@@YAMMMM@Z         0041167e f   cl_view.obj
 0001:000106f5       ?SCR_DrawCrosshair@@YAXXZ  004116f5 f   cl_view.obj
 0001:0001076a       ?V_RenderView@@YAXM@Z      0041176a f   cl_view.obj
 0001:0001131c       ?V_Init@@YAXXZ             0041231c f   cl_view.obj
 0001:00011504       ?Cbuf_Init@@YAXXZ          00412504 f   cmd.obj
 0001:0001151c       ?Cbuf_AddText@@YAXPAD@Z    0041251c f   cmd.obj
 0001:00011581       ?Cbuf_InsertText@@YAXPAD@Z 00412581 f   cmd.obj
 0001:000115e8       ?Cbuf_CopyToDefer@@YAXXZ   004125e8 f   cmd.obj
 0001:0001162a       ?Cbuf_InsertFromDefer@@YAXXZ 0041262a f   cmd.obj
 0001:00011653       ?Cbuf_Execute@@YAXXZ       00412653 f   cmd.obj
 0001:00011746       ?Cmd_Exec_f@@YAXXZ         00412746 f   cmd.obj
 0001:000117c2       ?Cmd_Echo_f@@YAXXZ         004127c2 f   cmd.obj
 0001:00011804       ?Cmd_Alias_f@@YAXXZ        00412804 f   cmd.obj
 0001:0001192b       ?Cmd_Unalias_f@@YAXXZ      0041292b f   cmd.obj
 0001:000119b7       ?Cmd_WriteAliases@@YAXPAU_iobuf@@@Z 004129b7 f   cmd.obj
 0001:000119e8       ?Cmd_Argc@@YAHXZ           004129e8 f   cmd.obj
 0001:000119ee       ?Cmd_Argv@@YAPADH@Z        004129ee f   cmd.obj
 0001:00011a08       ?Cmd_Args@@YAPADXZ         00412a08 f   cmd.obj
 0001:00011a0e       ?Cmd_TokenizeString@@YAXPAD_N@Z 00412a0e f   cmd.obj
 0001:00011ceb       ?Cmd_AddCommand@@YAXPBDP6AXXZ@Z 00412ceb f   cmd.obj
 0001:00011d41       ?Cmd_RemoveCommand@@YAXPBD@Z 00412d41 f   cmd.obj
 0001:00011d83       ?Cmd_ExecuteString@@YA_NPAD@Z 00412d83 f   cmd.obj
 0001:00011eee       ?Cmd_Init@@YAXXZ           00412eee f   cmd.obj
 0001:0001200e       ?CMod_GetSurfMaterial@@YA?AW4material_t@@PAD@Z 0041300e f   cmodel.obj
 0001:0001206b       ?CM_LoadMap@@YAPAUcmodel_t@@PAD_NPAI@Z 0041306b f   cmodel.obj
 0001:000126bb       ?PlaneTypeForNormal@@YAHQBM@Z 004136bb f i cmodel.obj
 0001:0001282c       ?CM_InlineModel@@YAPAUcmodel_t@@PAD@Z 0041382c f   cmodel.obj
 0001:00012875       ?CM_NumClusters@@YAHXZ     00413875 f   cmodel.obj
 0001:0001287b       ?CM_NumInlineModels@@YAHXZ 0041387b f   cmodel.obj
 0001:00012881       ?CM_EntityString@@YAPADXZ  00413881 f   cmodel.obj
 0001:00012887       ?CM_LeafContents@@YAHH@Z   00413887 f   cmodel.obj
 0001:000128ae       ?CM_LeafCluster@@YAHH@Z    004138ae f   cmodel.obj
 0001:00012921       ?CM_LeafArea@@YAHH@Z       00413921 f   cmodel.obj
 0001:00012949       ?CM_InitBoxHull@@YAXXZ     00413949 f   cmodel.obj
 0001:00012ad9       ?CM_HeadnodeForBox@@YAHQAM0@Z 00413ad9 f   cmodel.obj
 0001:00012b8e       ?CM_PointLeafnum@@YAHQAM@Z 00413b8e f   cmodel.obj
 0001:00012c39       ?DISTANCE_TO_PLANE@@YAMQBMPBUcplane_t@@@Z 00413c39 f i cmodel.obj
 0001:00012c81       ?CM_PointContents@@YAHQAMH@Z 00413c81 f   cmodel.obj
 0001:00012cf7       ?CM_TransformedPointContents@@YAHQAMH00@Z 00413cf7 f   cmodel.obj
 0001:00012e30       ?CM_TransformedPointContents2@@YAHQAMH0PAY02M@Z 00413e30 f   cmodel.obj
 0001:00012f21       ?CM_BoxLeafnums@@YAHQAM0PAHH1@Z 00413f21 f   cmodel.obj
 0001:00013040       ?BOX_ON_PLANE_SIDE@@YAHQBM0PBUcplane_t@@@Z 00414040 f i cmodel.obj
 0001:000130c5       ?CM_BoxTrace@@YAXPAUtrace_t@@QBM111HH@Z 004140c5 f   cmodel.obj
 0001:00013b0e       ?CM_TransformedBoxTrace@@YAXPAUtrace_t@@QBM111HH11@Z 00414b0e f   cmodel.obj
 0001:00013dde       ?CM_TransformedBoxTrace2@@YAXPAUtrace_t@@QBM111HH1PAY02$$CBM@Z 00414dde f   cmodel.obj
 0001:00013ff3       ?CM_BrushTrace@@YAHQBM0PAHH@Z 00414ff3 f   cmodel.obj
 0001:00014411       ?CM_RefineBrushTrace@@YAHQBM0PAHH@Z 00415411 f   cmodel.obj
 0001:000144b6       ?CM_ClusterPVS@@YAPAEH@Z   004154b6 f   cmodel.obj
 0001:000145db       ?CM_ClusterPHS@@YAPAEH@Z   004155db f   cmodel.obj
 0001:00014677       ?FloodAreaConnections@@YAXXZ 00415677 f   cmodel.obj
 0001:0001472e       ?CM_SetAreaPortalState@@YAXH_N@Z 0041572e f   cmodel.obj
 0001:00014757       ?CM_AreasConnected@@YA_NHH@Z 00415757 f   cmodel.obj
 0001:0001479f       ?CM_WriteAreaBits@@YAHPAEH@Z 0041579f f   cmodel.obj
 0001:0001482f       ?CM_WritePortalState@@YAXPAU_iobuf@@@Z 0041582f f   cmodel.obj
 0001:00014849       ?CM_ReadPortalState@@YAXPAU_iobuf@@@Z 00415849 f   cmodel.obj
 0001:00014867       ?CM_HeadnodeVisible@@YA_NHPAE@Z 00415867 f   cmodel.obj
 0001:0001493c       ?Com_BeginRedirect@@YAXPADHP6AX0@Z@Z 0041593c f   common.obj
 0001:00014969       ?Com_EndRedirect@@YAXXZ    00415969 f   common.obj
 0001:00014988       ?Com_Printf@@YAXPBDZZ      00415988 f   common.obj
 0001:00014b2d       ?Com_DPrintf@@YAXPBDZZ     00415b2d f   common.obj
 0001:00014baa       ?DebugPrintf@@YAXPBDZZ     00415baa f   common.obj
 0001:00014c54       ?Com_WPrintf@@YAXPBDZZ     00415c54 f   common.obj
 0001:00014cb2       ?Com_FatalError@@YAXPBDZZ  00415cb2 f   common.obj
 0001:00014d57       ?Com_DropError@@YAXPBDZZ   00415d57 f   common.obj
 0001:00014dea       ?appUnwindPrefix@@YAXPBD@Z 00415dea f   common.obj
 0001:00014e42       ?appUnwindThrow@@YAXPBDZZ  00415e42 f   common.obj
 0001:00014eca       ?Com_ResetErrorState@@YAXXZ 00415eca f   common.obj
 0001:00014edf       ?Com_Quit@@YAXXZ           00415edf f   common.obj
 0001:00014f12       ?MatchWildcard@@YA_NPBD0_N@Z 00415f12 f   common.obj
 0001:000150ae       ?IPWildcard@@YA_NPAUnetadr_t@@PAD@Z 004160ae f   common.obj
 0001:00015188       ?Com_ServerState@@YA?AW4server_state_t@@XZ 00416188 f   common.obj
 0001:0001518e       ?Com_SetServerState@@YAXW4server_state_t@@@Z 0041618e f   common.obj
 0001:00015198       ?MSG_WriteByte@@YAXPAUsizebuf_s@@H@Z 00416198 f   common.obj
 0001:00015198       ?MSG_WriteChar@@YAXPAUsizebuf_s@@H@Z 00416198 f   common.obj
 0001:000151ac       ?MSG_WriteShort@@YAXPAUsizebuf_s@@H@Z 004161ac f   common.obj
 0001:000151c6       ?MSG_WriteLong@@YAXPAUsizebuf_s@@H@Z 004161c6 f   common.obj
 0001:000151f0       ?MSG_WriteFloat@@YAXPAUsizebuf_s@@M@Z 004161f0 f   common.obj
 0001:00015216       ?MSG_WriteString@@YAXPAUsizebuf_s@@PAD@Z 00416216 f   common.obj
 0001:0001524e       ?MSG_WriteCoord@@YAXPAUsizebuf_s@@M@Z 0041624e f   common.obj
 0001:0001527d       ?MSG_WritePos@@YAXPAUsizebuf_s@@QAM@Z 0041627d f   common.obj
 0001:000152ff       ?MSG_WriteAngle@@YAXPAUsizebuf_s@@M@Z 004162ff f   common.obj
 0001:00015328       ?MSG_WriteAngle16@@YAXPAUsizebuf_s@@M@Z 00416328 f   common.obj
 0001:0001535f       ?MSG_WriteDeltaUsercmd@@YAXPAUsizebuf_s@@PAUusercmd_t@@1@Z 0041635f f   common.obj
 0001:000154e7       ?MSG_WriteDir@@YAXPAUsizebuf_s@@QAM@Z 004164e7 f   common.obj
 0001:00015554       ?MSG_ReadDir@@YAXPAUsizebuf_s@@QAM@Z 00416554 f   common.obj
 0001:00015589       ?MSG_WriteDeltaEntity@@YAXPAUentity_state_t@@0PAUsizebuf_s@@_N2@Z 00416589 f   common.obj
 0001:00015a91       ?MSG_BeginReading@@YAXPAUsizebuf_s@@@Z 00416a91 f   common.obj
 0001:00015a9a       ?MSG_ReadChar@@YAHPAUsizebuf_s@@@Z 00416a9a f   common.obj
 0001:00015abb       ?MSG_ReadByte@@YAHPAUsizebuf_s@@@Z 00416abb f   common.obj
 0001:00015adc       ?MSG_ReadShort@@YAHPAUsizebuf_s@@@Z 00416adc f   common.obj
 0001:00015b0c       ?MSG_ReadLong@@YAHPAUsizebuf_s@@@Z 00416b0c f   common.obj
 0001:00015b4b       ?MSG_ReadString@@YAPADPAUsizebuf_s@@@Z 00416b4b f   common.obj
 0001:00015b7e       ?MSG_ReadCoord@@YAMPAUsizebuf_s@@@Z 00416b7e f   common.obj
 0001:00015b98       ?MSG_ReadPos@@YAXPAUsizebuf_s@@QAM@Z 00416b98 f   common.obj
 0001:00015bea       ?MSG_ReadAngle@@YAMPAUsizebuf_s@@@Z 00416bea f   common.obj
 0001:00015c04       ?MSG_ReadAngle16@@YAMPAUsizebuf_s@@@Z 00416c04 f   common.obj
 0001:00015c1e       ?MSG_ReadDeltaUsercmd@@YAXPAUsizebuf_s@@PAUusercmd_t@@1@Z 00416c1e f   common.obj
 0001:00015cd5       ?MSG_ReadData@@YAXPAUsizebuf_s@@PAXH@Z 00416cd5 f   common.obj
 0001:00015cf8       ?SZ_Init@@YAXPAUsizebuf_s@@PAXH@Z 00416cf8 f   common.obj
 0001:00015d1a       ?SZ_Clear@@YAXPAUsizebuf_s@@@Z 00416d1a f   common.obj
 0001:00015d27       ?SZ_GetSpace@@YAPAXPAUsizebuf_s@@H@Z 00416d27 f   common.obj
 0001:00015d88       ?SZ_Write@@YAXPAUsizebuf_s@@PAXH@Z 00416d88 f   common.obj
 0001:00015da9       ?SZ_Insert@@YAXPAUsizebuf_s@@PAXHH@Z 00416da9 f   common.obj
 0001:00015dfc       ?SZ_Print@@YAXPAUsizebuf_s@@PAD@Z 00416dfc f   common.obj
 0001:00015e45       ?Info_Print@@YAXPAD@Z      00416e45 f   common.obj
 0001:00015f02       ?COM_BlockSequenceCRCByte@@YAEPAEHH@Z 00416f02 f   common.obj
 0001:00015f8e       ?frand@@YAMXZ              00416f8e f   common.obj
 0001:00015fab       ?crand@@YAMXZ              00416fab f   common.obj
 0001:00015fce       ?COM_CheckCmdlineVar@@YA_NPBD@Z 00416fce f   common.obj
 0001:00016024       ?QCommon_Init@@YAXPAD@Z    00417024 f   common.obj
 0001:000163fb       ?QCommon_Frame@@YAXH@Z     004173fb f   common.obj
 0001:000166d2       __setargv                  004176d2 f   common.obj
 0001:000166d2       ?QCommon_Shutdown@@YAXXZ   004176d2 f   common.obj
 0001:000166d2       _jpeg_mem_term             004176d2 f   common.obj
 0001:000166d2       ?R_SurfacePatch@@YAXXZ     004176d2 f   common.obj
 0001:000166d3       ?Con_ToggleConsole_f@@YAXXZ 004176d3 f   console.obj
 0001:00016705       ?Con_ClearNotify@@YAXXZ    00417705 f   console.obj
 0001:00016717       ?Con_CheckResize@@YAXXZ    00417717 f   console.obj
 0001:0001683e       ?Con_Print@@YAXPAD@Z       0041783e f   console.obj
 0001:00016b42       ?Con_DrawNotify@@YAX_N@Z   00417b42 f   console.obj
 0001:00016d2e       ?Con_DrawConsole@@YAXM@Z   00417d2e f   console.obj
 0001:00017104       ?Key_Console@@YAXHH@Z      00418104 f   console.obj
 0001:00017691       ?Key_Message@@YAXH@Z       00418691 f   console.obj
 0001:0001772d       ?Con_Init@@YAXXZ           0041872d f   console.obj
 0001:000178f6       ?CRC_Block@@YAGPAEH@Z      004188f6 f   crc.obj
 0001:00017932       ?Cvar_VariableValue@@YAMPBD@Z 00418932 f   cvar.obj
 0001:000179a0       ?Cvar_VariableInt@@YAHPBD@Z 004189a0 f   cvar.obj
 0001:000179b3       ?Cvar_VariableString@@YAPADPBD@Z 004189b3 f   cvar.obj
 0001:000179cb       ?Cvar_Get@@YAPAUcvar_s@@PBD0H@Z 004189cb f   cvar.obj
 0001:00017c59       ?Cvar_GetVars@@YAXPBUcvarInfo_t@@H@Z 00418c59 f   cvar.obj
 0001:00017caa       ?Cvar_FullSet@@YAPAUcvar_s@@PBD0H@Z 00418caa f   cvar.obj
 0001:00017d04       ?Cvar_SetValue@@YAPAUcvar_s@@PBDM@Z 00418d04 f   cvar.obj
 0001:00017f4d       ?Cvar_SetInteger@@YAPAUcvar_s@@PBDH@Z 00418f4d f   cvar.obj
 0001:00017f6f       ?Cvar_Set@@YAPAUcvar_s@@PBD0@Z 00418f6f f   cvar.obj
 0001:00017f84       ?Cvar_ForceSet@@YAPAUcvar_s@@PBD0@Z 00418f84 f   cvar.obj
 0001:00017f99       ?Cvar_Clamp@@YAMPAUcvar_s@@MM@Z 00418f99 f   cvar.obj
 0001:00018023       ?Cvar_ClampName@@YAMPBDMM@Z 00419023 f   cvar.obj
 0001:00018074       ?Cvar_GetLatchedVars@@YAXXZ 00419074 f   cvar.obj
 0001:000180a3       ?Cvar_Command@@YA_NXZ      004190a3 f   cvar.obj
 0001:0001814f       ?Cvar_WriteVariables@@YAXPAU_iobuf@@HHPBD@Z 0041914f f   cvar.obj
 0001:000181e2       ?Cvar_BitInfo@@YAPADH@Z    004191e2 f   cvar.obj
 0001:0001821b       ?Cvar_Userinfo@@YAPADXZ    0041921b f   cvar.obj
 0001:00018224       ?Cvar_Serverinfo@@YAPADXZ  00419224 f   cvar.obj
 0001:0001822d       ?Cvar_Cheats@@YAX_N@Z      0041922d f   cvar.obj
 0001:00018283       ?Cvar_Init@@YAXXZ          00419283 f   cvar.obj
 0001:0001892a       ?FS_CreatePath@@YAXPAD@Z   0041992a f   files.obj
 0001:00018974       ?FS_CopyFile@@YAXPAD0@Z    00419974 f   files.obj
 0001:00018a77       ?FS_CopyFiles@@YAXPAD0@Z   00419a77 f   files.obj
 0001:00018b50       ?FS_RemoveFiles@@YAXPAD@Z  00419b50 f   files.obj
 0001:00018bc4       ?FS_FCloseFile@@YAXPAU_iobuf@@@Z 00419bc4 f   files.obj
 0001:00018c56       ?FS_FOpenFile@@YAHPBDPAPAU_iobuf@@@Z 00419c56 f   files.obj
 0001:0001917b       ?FS_FileExists@@YA_NPAD@Z  0041a17b f   files.obj
 0001:000193b7       ?FS_Read@@YAXPAXHPAU_iobuf@@@Z 0041a3b7 f   files.obj
 0001:000195f4       ?FS_LoadFile@@YAPAXPBDPAI@Z 0041a5f4 f   files.obj
 0001:00019649       ?FS_FreeFile@@YAXPAX@Z     0041a649 f   files.obj
 0001:00019654       ?FS_Gamedir@@YAPADXZ       0041a654 f   files.obj
 0001:00019668       ?FS_LoadGameConfig@@YAXXZ  0041a668 f   files.obj
 0001:0001972d       ?FS_SetGamedir@@YA_NPBD@Z  0041a72d f   files.obj
 0001:00019dd6       ?FS_ListFiles@@YAPAUbasenamed_s@@PADPAHH@Z 0041add6 f   files.obj
 0001:0001a106       ?FS_NextPath@@YAPADPAD@Z   0041b106 f   files.obj
 0001:0001a12a       ?FS_InitFilesystem@@YAXXZ  0041b12a f   files.obj
 0001:0001aafb       ?LoadPCX@@YAXPADPAPAE1PAH2@Z 0041bafb f   images.obj
 0001:0001ac3d       ?LoadTGA@@YAXPADPAPAEPAH2@Z 0041bc3d f   images.obj
 0001:0001ae2c       ?LoadJPG@@YAXPADPAPAEPAH2@Z 0041be2c f   images.obj
 0001:0001b0c4       ?ImageExists@@YAHPADH@Z    0041c0c4 f   images.obj
 0001:0001b1be       ?WriteTGA@@YA_NPADPAEHH@Z  0041c1be f   images.obj
 0001:0001b3a8       ?WriteJPG@@YA_NPADPAEHH_N@Z 0041c3a8 f   images.obj
 0001:0001b4cf       ?IN_MLookDown@@YAXXZ       0041c4cf f   in_win.obj
 0001:0001b4d7       ?IN_MLookUp@@YAXXZ         0041c4d7 f   in_win.obj
 0001:0001b4fa       ?IN_MouseEvent@@YAXH@Z     0041c4fa f   in_win.obj
 0001:0001b564       ?IN_Commands@@YAXXZ        0041c564 f   in_win.obj
 0001:0001b695       ?IN_Init@@YAXXZ            0041c695 f   in_win.obj
 0001:0001b992       ?IN_Shutdown@@YAXXZ        0041c992 f   in_win.obj
 0001:0001ba76       ?IN_Move@@YAXPAUusercmd_t@@@Z 0041ca76 f   in_win.obj
 0001:0001bfd1       ?IN_Activate@@YAX_N@Z      0041cfd1 f   in_win.obj
 0001:0001bfe8       ?IN_Frame@@YAXXZ           0041cfe8 f   in_win.obj
 0001:0001c3ae       ?Key_KeynumToString@@YAPBDH@Z 0041d3ae f   keys.obj
 0001:0001c448       ?CompleteCommand@@YAXXZ    0041d448 f   keys.obj
 0001:0001cda6       ?Key_SetBinding@@YAXHPBD@Z 0041dda6 f   keys.obj
 0001:0001cde4       ?Key_FindBinding@@YAHPBDPAHH@Z 0041dde4 f   keys.obj
 0001:0001ce32       ?Key_WriteBindings@@YAXPAU_iobuf@@@Z 0041de32 f   keys.obj
 0001:0001ce7a       ?Key_Init@@YAXXZ           0041de7a f   keys.obj
 0001:0001d162       ?Key_Event@@YAXH_NI@Z      0041e162 f   keys.obj
 0001:0001d4b0       ?Key_ClearStates@@YAXXZ    0041e4b0 f   keys.obj
 0001:0001d4e7       ?Key_ClearTyping@@YAXXZ    0041e4e7 f   keys.obj
 0001:0001d500       ?MD4Init@@YAXPAUMD4_CTX@@@Z 0041e500 f   md4.obj
 0001:0001d528       ?MD4Update@@YAXPAUMD4_CTX@@PAEI@Z 0041e528 f   md4.obj
 0001:0001d5c6       ?MD4Final@@YAXQAEPAUMD4_CTX@@@Z 0041e5c6 f   md4.obj
 0001:0001dcb7       ?Com_BlockChecksum@@YAIPAXH@Z 0041ecb7 f   md4.obj
 0001:0001dcf3       ?appFree@@YAXPAX@Z         0041ecf3 f   memory.obj
 0001:0001dd4b       ?appMalloc@@YAPAXH@Z       0041ed4b f   memory.obj
 0001:0001ddb1       ?CreateMemoryChain@@YAPAXXZ 0041edb1 f   memory.obj
 0001:0001de17       ?FreeMemoryChain@@YAXPAX@Z 0041ee17 f   memory.obj
 0001:0001de41       ?AllocChainBlock@@YAPAXPAXH@Z 0041ee41 f   memory.obj
 0001:0001de8c       ?CopyString@@YAPADPBD@Z    0041ee8c f   memory.obj
 0001:0001deb5       ?ChainCopyString@@YAPADPBDPAX@Z 0041eeb5 f   memory.obj
 0001:0001dee2       ?AllocNamedStruc@@YAPAUbasenamed_s@@HPAD@Z 0041eee2 f   memory.obj
 0001:0001df1d       ?ChainAllocNamedStruc@@YAPAUbasenamed_s@@HPADPAX@Z 0041ef1d f   memory.obj
 0001:0001df5c       ?FindNamedStruc@@YAPAUbasenamed_s@@PADPAU1@PAPAU1@@Z 0041ef5c f   memory.obj
 0001:0001dfa0       ?FindNamedStrucByIndex@@YAPAUbasenamed_s@@PAU1@H@Z 0041efa0 f   memory.obj
 0001:0001dfb7       ?IndexOfNamedStruc@@YAHPADPAUbasenamed_s@@@Z 0041efb7 f   memory.obj
 0001:0001dfe5       ?AddToNamedList@@YAPAUbasenamed_s@@PADPAU1@@Z 0041efe5 f   memory.obj
 0001:0001e02f       ?ChainAddToNamedList@@YAPAUbasenamed_s@@PADPAU1@PAX@Z 0041f02f f   memory.obj
 0001:0001e079       ?FreeNamedList@@YAXPAUbasenamed_s@@@Z 0041f079 f   memory.obj
 0001:0001e094       ?Z_Init@@YAXXZ             0041f094 f   memory.obj
 0001:0001e0c0       ?M_PushMenu@@YAXP6AXXZP6APBDH@Z@Z 0041f0c0 f   menu.obj
 0001:0001e155       ?M_ForceMenuOff@@YAXXZ     0041f155 f   menu.obj
 0001:0001e188       ?M_ForceMenuOn@@YAXXZ      0041f188 f   menu.obj
 0001:0001e1a1       ?M_PopMenu@@YAXXZ          0041f1a1 f   menu.obj
 0001:0001e1f2       ?Default_MenuKey@@YAPBDPAUmenuFramework_s@@H@Z 0041f1f2 f   menu.obj
 0001:0001e312       ?M_Print@@YAXHHPAD@Z       0041f312 f   menu.obj
 0001:0001e358       ?M_DrawTextBox@@YAXHHHH@Z  0041f358 f   menu.obj
 0001:0001e544       ?M_Main_Draw@@YAXXZ        0041f544 f   menu.obj
 0001:0001e6c8       ?M_Main_Key@@YAPBDH@Z      0041f6c8 f   menu.obj
 0001:0001e7c2       ?M_Menu_Main_f@@YAXXZ      0041f7c2 f   menu.obj
 0001:0001e7e3       ?M_Menu_Multiplayer_f@@YAXXZ 0041f7e3 f   menu.obj
 0001:0001e9bb       ?M_Menu_Keys_f@@YAXXZ      0041f9bb f   menu.obj
 0001:0001ee20       ?M_Menu_Options_f@@YAXXZ   0041fe20 f   menu.obj
 0001:0001f72b       ?M_Menu_Video_f@@YAXXZ     0042072b f   menu.obj
 0001:0001f74c       ?M_Menu_Credits_f@@YAXXZ   0042074c f   menu.obj
 0001:0001f935       ?M_Menu_Game_f@@YAXXZ      00420935 f   menu.obj
 0001:0001fba8       ?M_Menu_LoadGame_f@@YAXXZ  00420ba8 f   menu.obj
 0001:0001fe7b       ?M_Menu_SaveGame_f@@YAXXZ  00420e7b f   menu.obj
 0001:0001ffdb       ?M_AddToServerList@@YAXUnetadr_t@@PAD@Z 00420fdb f   menu.obj
 0001:0002004e       ?M_Menu_JoinServer_f@@YAXXZ 0042104e f   menu.obj
 0001:000202b2       ?M_Menu_StartServer_f@@YAXXZ 004212b2 f   menu.obj
 0001:00020ada       ?M_Menu_DMOptions_f@@YAXXZ 00421ada f   menu.obj
 0001:0002127b       ?M_Menu_DownloadOptions_f@@YAXXZ 0042227b f   menu.obj
 0001:000214fd       ?M_Menu_AddressBook_f@@YAXXZ 004224fd f   menu.obj
 0001:000228be       ?M_Init@@YAXXZ             004238be f   menu.obj
 0001:000229e2       ?M_Draw@@YAXXZ             004239e2 f   menu.obj
 0001:00022a33       ?M_Keydown@@YAXH@Z         00423a33 f   menu.obj
 0001:00022a4f       ?LoadQ2BspFile@@YAXXZ      00423a4f f   model.obj
 0001:00023015       ?LoadBspFile@@YAPAUbspfile_t@@PAD_NPAI@Z 00424015 f   model.obj
 0001:000231cd       ?ProcessEntstring@@YAPADPAD@Z 004241cd f   model.obj
 0001:00024041       ?Netchan_Init@@YAXXZ       00425041 f   net_chan.obj
 0001:000240a1       ?Netchan_OutOfBand@@YAXW4netsrc_t@@Unetadr_t@@HPAX@Z 004250a1 f   net_chan.obj
 0001:00024101       ?Netchan_OutOfBandPrint@@YAXW4netsrc_t@@Unetadr_t@@PADZZ 00425101 f   net_chan.obj
 0001:00024146       ?Netchan_Setup@@YAXW4netsrc_t@@PAUnetchan_t@@Unetadr_t@@H@Z 00425146 f   net_chan.obj
 0001:000241a3       ?Netchan_NeedReliable@@YA_NPAUnetchan_t@@@Z 004251a3 f   net_chan.obj
 0001:000241cd       ?Netchan_Transmit@@YAXPAUnetchan_t@@HPAX@Z 004251cd f   net_chan.obj
 0001:00024370       ?Netchan_Process@@YA_NPAUnetchan_t@@PAUsizebuf_s@@@Z 00425370 f   net_chan.obj
 0001:00024496       ?NetadrToSockadr@@YAXPAUnetadr_t@@PAUsockaddr@@@Z 00425496 f   net_wins.obj
 0001:00024538       ?SockadrToNetadr@@YAXPAUsockaddr@@PAUnetadr_t@@@Z 00425538 f   net_wins.obj
 0001:0002459b       ?NET_CompareAdr@@YA_NPAUnetadr_t@@0@Z 0042559b f   net_wins.obj
 0001:00024600       ?NET_CompareBaseAdr@@YA_NPAUnetadr_t@@0@Z 00425600 f   net_wins.obj
 0001:00024658       ?NET_AdrToString@@YAPADPAUnetadr_t@@@Z 00425658 f   net_wins.obj
 0001:00024711       ?NET_StringToSockaddr@@YA_NPADPAUsockaddr@@@Z 00425711 f   net_wins.obj
 0001:00024949       ?NET_StringToAdr@@YA_NPADPAUnetadr_t@@@Z 00425949 f   net_wins.obj
 0001:000249a0       ?NET_IsLocalAddress@@YA_NPAUnetadr_t@@@Z 004259a0 f   net_wins.obj
 0001:000249ac       ?NET_GetLoopPacket@@YA_NW4netsrc_t@@PAUnetadr_t@@PAUsizebuf_s@@@Z 004259ac f   net_wins.obj
 0001:00024a32       ?NET_SendLoopPacket@@YAXW4netsrc_t@@HPAXUnetadr_t@@@Z 00425a32 f   net_wins.obj
 0001:00024a7e       ?NET_GetPacket@@YA_NW4netsrc_t@@PAUnetadr_t@@PAUsizebuf_s@@@Z 00425a7e f   net_wins.obj
 0001:00024b9c       ?NET_SendPacket@@YAXW4netsrc_t@@HPAXUnetadr_t@@@Z 00425b9c f   net_wins.obj
 0001:00024c74       ?NET_IPSocket@@YAHPADH@Z   00425c74 f   net_wins.obj
 0001:00024d89       ?NET_OpenIP@@YAXXZ         00425d89 f   net_wins.obj
 0001:00024e05       ?NET_OpenIPX@@YAXXZ        00425e05 f   net_wins.obj
 0001:00024f53       ?NET_Config@@YAX_N@Z       00425f53 f   net_wins.obj
 0001:00024ff7       ?NET_Init@@YAXXZ           00425ff7 f   net_wins.obj
 0001:00025062       ?Pmove@@YAXPAUpmove_t@@@Z  00426062 f   pmove.obj
 0001:00026e00       ?NormalizeColor@@YAMQBMQAM@Z 00427e00 f   q_shared2.obj
 0001:00026e61       ?NormalizeColor255@@YAMQBMQAM@Z 00427e61 f   q_shared2.obj
 0001:00026ec6       ?Q_rsqrt@@YAMM@Z           00427ec6 f   q_shared2.obj
 0001:00026ef6       ?RotatePointAroundVector@@YAXQAMQBM1M@Z 00427ef6 f   q_shared2.obj
 0001:00027066       ?AngleVectors@@YAXQBMQAM11@Z 00428066 f   q_shared2.obj
 0001:000271c7       ?ProjectPointOnPlane@@YAXQAMQBM1@Z 004281c7 f   q_shared2.obj
 0001:00027246       ?PerpendicularVector@@YAXQAMQBM@Z 00428246 f   q_shared2.obj
 0001:000272c5       ?MakeNormalVectors@@YAXQAM00@Z 004282c5 f   q_shared2.obj
 0001:0002732c       ?MatrixMultiply@@YAXQAY02M00@Z 0042832c f   q_shared2.obj
 0001:00027413       ?SetPlaneSignbits@@YAXPAUcplane_t@@@Z 00428413 f   q_shared2.obj
 0001:00027436       ?LerpAngle@@YAMMMM@Z       00428436 f   q_shared2.obj
 0001:00027479       ?anglemod@@YAMM@Z          00428479 f   q_shared2.obj
 0001:000274a5       ?BoxOnPlaneSide@@YAHQBM0PBUcplane_t@@@Z 004284a5 f   q_shared2.obj
 0001:000275c8       ?ClearBounds@@YAXQAM0@Z    004285c8 f   q_shared2.obj
 0001:000275f1       ?AddPointToBounds@@YAXQBMQAM1@Z 004285f1 f   q_shared2.obj
 0001:0002762a       ?VectorCompare@@YA_NQBM0@Z 0042862a f   q_shared2.obj
 0001:00027657       ?VectorNormalize@@YAMQAM@Z 00428657 f   q_shared2.obj
 0001:000276ab       ?VectorNormalize2@@YAMQBMQAM@Z 004286ab f   q_shared2.obj
 0001:00027703       ?VectorNormalizeFast@@YAMQAM@Z 00428703 f   q_shared2.obj
 0001:00027754       ?CrossProduct@@YAXQBM0QAM@Z 00428754 f   q_shared2.obj
 0001:0002778f       ?VectorLength@@YAMQBM@Z    0042878f f   q_shared2.obj
 0001:000277be       ?VectorDistance@@YAMQBM0@Z 004287be f   q_shared2.obj
 0001:000277ef       ?VectorInverse@@YAXQAM@Z   004287ef f   q_shared2.obj
 0001:0002780a       ?VectorScale@@YAXQBMMQAM@Z 0042880a f   q_shared2.obj
 0001:0002782e       ?AnglesToAxis@@YAXQBMQAY02M@Z 0042882e f   q_shared2.obj
 0001:0002786c       ?COM_FilePath@@YAXPAD0@Z   0042886c f   q_shared2.obj
 0001:000278a2       ?ShortSwap@@YAFF@Z         004288a2 f   q_shared2.obj
 0001:000278b7       ?va@@YAPADPADZZ            004288b7 f   q_shared2.obj
 0001:00027904       ?COM_ParseExt@@YAPADPAPAD_N@Z 00428904 f   q_shared2.obj
 0001:00027a0c       ?COM_QuoteString@@YAPBDPBD_N@Z 00428a0c f   q_shared2.obj
 0001:00027a67       ?Com_PageInMemory@@YAXPAXH@Z 00428a67 f   q_shared2.obj
 0001:00027a86       ?Q_strncpyz@@YAXPADPBDH@Z  00428a86 f   q_shared2.obj
 0001:00027aaa       ?Q_strncpylower@@YAXPADPBDH@Z 00428aaa f   q_shared2.obj
 0001:00027ae4       ?Q_CopyFilename@@YAXPADPBDH@Z 00428ae4 f   q_shared2.obj
 0001:00027b80       ?Com_sprintf@@YAHPADHPBDZZ 00428b80 f   q_shared2.obj
 0001:00027bc6       ?Info_ValueForKey@@YAPADPAD0@Z 00428bc6 f   q_shared2.obj
 0001:00027c51       ?Info_RemoveKey@@YAXPAD0@Z 00428c51 f   q_shared2.obj
 0001:00027cd7       ?Info_SetValueForKey@@YAXPAD00@Z 00428cd7 f   q_shared2.obj
 0001:00027e0f       ?Menu_ItemAtCursor@@YAPAUmenuCommon_s@@PAUmenuFramework_s@@@Z 00428e0f f   qmenu.obj
 0001:00027e66       ?Field_Key@@YA_NPAUmenuField_t@@H@Z 00428e66 f   qmenu.obj
 0001:000280b2       ?Menu_AddItem@@YAXPAUmenuFramework_s@@PAX@Z 004290b2 f   qmenu.obj
 0001:0002812d       ?Menu_AdjustCursor@@YAXPAUmenuFramework_s@@H@Z 0042912d f   qmenu.obj
 0001:00028278       ?Menu_Center@@YAXPAUmenuFramework_s@@@Z 00429278 f   qmenu.obj
 0001:000282b8       ?Menu_Draw@@YAXPAUmenuFramework_s@@@Z 004292b8 f   qmenu.obj
 0001:00028806       ?Menu_SelectItem@@YA_NPAUmenuFramework_s@@@Z 00429806 f   qmenu.obj
 0001:00028839       ?Menu_SetStatusBar@@YAXPAUmenuFramework_s@@PBD@Z 00429839 f   qmenu.obj
 0001:00028845       ?Menu_SlideItem@@YAXPAUmenuFramework_s@@H@Z 00429845 f   qmenu.obj
 0001:00028d5c       ?InitRendererVars@@YAXXZ   00429d5c f   ref_vars.obj
 0001:00028d7b       ?S_SoundInfo_f@@YAXXZ      00429d7b f   snd_dma.obj
 0001:00028e05       ?S_ReadModelsSex@@YAXXZ    00429e05 f   snd_dma.obj
 0001:00028eea       ?S_IsFemale@@YA_NPAD@Z     00429eea f   snd_dma.obj
 0001:00028f76       ?S_Init@@YAXXZ             00429f76 f   snd_dma.obj
 0001:00029046       ?S_Shutdown@@YAXXZ         0042a046 f   snd_dma.obj
 0001:000290dc       ?S_FindName@@YAPAUsfx_s@@PAD_N@Z 0042a0dc f   snd_dma.obj
 0001:00029216       ?S_AliasName@@YAPAUsfx_s@@PAD0@Z 0042a216 f   snd_dma.obj
 0001:000292dd       ?S_BeginRegistration@@YAXXZ 0042a2dd f   snd_dma.obj
 0001:000292eb       ?S_RegisterSound@@YAPAUsfx_s@@PAD@Z 0042a2eb f   snd_dma.obj
 0001:00029354       ?S_EndRegistration@@YAXXZ  0042a354 f   snd_dma.obj
 0001:000293f1       ?S_PickChannel@@YAPAUchannel_t@@HH@Z 0042a3f1 f   snd_dma.obj
 0001:00029485       ?S_SpatializeOrigin@@YAXQAMMMPAH1@Z 0042a485 f   snd_dma.obj
 0001:000295ac       ?S_Spatialize@@YAXPAUchannel_t@@@Z 0042a5ac f   snd_dma.obj
 0001:0002961d       ?S_AllocPlaysound@@YAPAUplaysound_s@@XZ 0042a61d f   snd_dma.obj
 0001:0002963f       ?S_FreePlaysound@@YAXPAUplaysound_s@@@Z 0042a63f f   snd_dma.obj
 0001:0002966f       ?S_IssuePlaysound@@YAXPAUplaysound_s@@@Z 0042a66f f   snd_dma.obj
 0001:0002973c       ?S_StartSound@@YAXQAMHHPAUsfx_s@@MMM@Z 0042a73c f   snd_dma.obj
 0001:000299e5       ?S_StartLocalSound@@YAXPAD@Z 0042a9e5 f   snd_dma.obj
 0001:00029a34       ?S_ClearBuffer@@YAXXZ      0042aa34 f   snd_dma.obj
 0001:00029a8c       ?S_StopAllSounds@@YAXXZ    0042aa8c f   snd_dma.obj
 0001:00029b07       ?S_AddLoopSounds@@YAXXZ    0042ab07 f   snd_dma.obj
 0001:00029cdd       ?S_RawSamples@@YAXHHHHPAE@Z 0042acdd f   snd_dma.obj
 0001:00029ee1       ?S_Update@@YAXQAM000@Z     0042aee1 f   snd_dma.obj
 0001:00029fdc       ?GetSoundtime@@YAXXZ       0042afdc f   snd_dma.obj
 0001:0002a043       ?S_Update_@@YAXXZ          0042b043 f   snd_dma.obj
 0001:0002a0e9       ?S_Play@@YAXXZ             0042b0e9 f   snd_dma.obj
 0001:0002a2bb       ?ResampleSfx@@YAXPAUsfx_s@@HHPAE@Z 0042b2bb f   snd_mem.obj
 0001:0002a3d6       ?S_LoadSound@@YAPAUsfxcache_t@@PAUsfx_s@@@Z 0042b3d6 f   snd_mem.obj
 0001:0002a50b       ?GetWavinfo@@YA?AUwavinfo_t@@PADPAEH@Z 0042b50b f   snd_mem.obj
 0001:0002a77f       ?S_WriteLinearBlastStereo16@@YAXXZ 0042b77f f   snd_mix.obj
 0001:0002a7f3       ?S_TransferStereo16@@YAXPAKH@Z 0042b7f3 f   snd_mix.obj
 0001:0002a85c       ?S_TransferPaintBuffer@@YAXH@Z 0042b85c f   snd_mix.obj
 0001:0002a9b8       ?S_PaintChannels@@YAXH@Z   0042b9b8 f   snd_mix.obj
 0001:0002abe5       ?S_InitScaletable@@YAXXZ   0042bbe5 f   snd_mix.obj
 0001:0002ac39       ?S_PaintChannelFrom8@@YAXPAUchannel_t@@PAUsfxcache_t@@HH@Z 0042bc39 f   snd_mix.obj
 0001:0002ad3b       ?S_PaintChannelFrom16@@YAXPAUchannel_t@@PAUsfxcache_t@@HH@Z 0042bd3b f   snd_mix.obj
 0001:0002ada6       ?FreeSound@@YAXXZ          0042bda6 f   snd_win.obj
 0001:0002aeb6       ?SNDDMA_InitDirect@@YA?AW4sndinitstat_t@@XZ 0042beb6 f   snd_win.obj
 0001:0002b391       ?SNDDMA_Init@@YA_NXZ       0042c391 f   snd_win.obj
 0001:0002b40b       ?SNDDMA_GetDMAPos@@YAHXZ   0042c40b f   snd_win.obj
 0001:0002b455       ?SNDDMA_BeginPainting@@YAXXZ 0042c455 f   snd_win.obj
 0001:0002b557       ?SNDDMA_Submit@@YAXXZ      0042c557 f   snd_win.obj
 0001:0002b57c       ?SNDDMA_Shutdown@@YAXXZ    0042c57c f   snd_win.obj
 0001:0002b581       ?S_Activate@@YAX_N@Z       0042c581 f   snd_win.obj
 0001:0002b5ac       ?SV_SetMaster_f@@YAXXZ     0042c5ac f   sv_ccmds.obj
 0001:0002b6be       ?SV_WipeSavegame@@YAXPAD@Z 0042c6be f   sv_ccmds.obj
 0001:0002b6ec       ?SV_CopySaveGame@@YAXPAD0@Z 0042c6ec f   sv_ccmds.obj
 0001:0002b741       ?SV_WriteLevelFile@@YAXXZ  0042c741 f   sv_ccmds.obj
 0001:0002b7ef       ?SV_ReadLevelFile@@YAXXZ   0042c7ef f   sv_ccmds.obj
 0001:0002b89d       ?SV_WriteServerFile@@YAX_NPAD@Z 0042c89d f   sv_ccmds.obj
 0001:0002badc       ?SV_ReadServerFile@@YAXXZ  0042cadc f   sv_ccmds.obj
 0001:0002bc01       ?SV_DemoMap_f@@YAXXZ       0042cc01 f   sv_ccmds.obj
 0001:0002bc8b       ?SV_GameMap_f@@YAXXZ       0042cc8b f   sv_ccmds.obj
 0001:0002bde1       ?SV_Map_f@@YAXXZ           0042cde1 f   sv_ccmds.obj
 0001:0002be4e       ?SV_Loadgame_f@@YAXXZ      0042ce4e f   sv_ccmds.obj
 0001:0002bf53       ?SV_Savegame_f@@YAXXZ      0042cf53 f   sv_ccmds.obj
 0001:0002c05b       ?SV_AddressBanned@@YA_NPAUnetadr_t@@@Z 0042d05b f   sv_ccmds.obj
 0001:0002c09c       ?SV_InitOperatorCommands@@YAXXZ 0042d09c f   sv_ccmds.obj
 0001:0002ca52       ?SV_WritePlayerstateToClient@@YAXPAUclient_frame_t@@0PAUsizebuf_s@@@Z 0042da52 f   sv_ents.obj
 0001:0002cf76       ?SV_WriteFrameToClient@@YAXPAUclient_s@@PAUsizebuf_s@@@Z 0042df76 f   sv_ents.obj
 0001:0002d19e       ?SV_FatPVS@@YAXQAM@Z       0042e19e f   sv_ents.obj
 0001:0002d2c8       ?SV_BuildClientFrame@@YAXPAUclient_s@@@Z 0042e2c8 f   sv_ents.obj
 0001:0002d5dc       ?SV_RecordDemoMessage@@YAXXZ 0042e5dc f   sv_ents.obj
 0001:0002e156       ?SV_InitGameLibrary@@YAX_N@Z 0042f156 f   sv_game.obj
 0001:0002e297       ?SV_ShutdownGameLibrary@@YAXXZ 0042f297 f   sv_game.obj
 0001:0002e3ea       ?SV_FindIndex@@YAHPADHH_N@Z 0042f3ea f   sv_init.obj
 0001:0002e4f0       ?SV_ModelIndex@@YAHPAD@Z   0042f4f0 f   sv_init.obj
 0001:0002e506       ?SV_SoundIndex@@YAHPAD@Z   0042f506 f   sv_init.obj
 0001:0002e51f       ?SV_ImageIndex@@YAHPAD@Z   0042f51f f   sv_init.obj
 0001:0002e538       ?SV_CreateBaseline@@YAXXZ  0042f538 f   sv_init.obj
 0001:0002e596       ?SV_CheckForSavegame@@YAXXZ 0042f596 f   sv_init.obj
 0001:0002e61e       ?SV_SpawnServer@@YAXPAD0W4server_state_t@@_N2@Z 0042f61e f   sv_init.obj
 0001:0002e8f0       ?SV_InitGame@@YAXXZ        0042f8f0 f   sv_init.obj
 0001:0002eb2e       ?SV_Map@@YAX_NPAD0@Z       0042fb2e f   sv_init.obj
 0001:0002ecf7       ?SV_DropClient@@YAXPAUclient_s@@PAD@Z 0042fcf7 f   sv_main.obj
 0001:0002ed6c       ?SV_StatusString@@YAPADXZ  0042fd6c f   sv_main.obj
 0001:0002ee5c       ?SVC_Info@@YAXXZ           0042fe5c f   sv_main.obj
 0001:0002ef3f       ?SVC_GetChallenge@@YAXXZ   0042ff3f f   sv_main.obj
 0001:0002efe7       ?SVC_DirectConnect@@YAXXZ  0042ffe7 f   sv_main.obj
 0001:0002f454       ?SVC_RemoteCommand@@YAXXZ  00430454 f   sv_main.obj
 0001:0002f5a4       ?SV_ConnectionlessPacket@@YAXXZ 004305a4 f   sv_main.obj
 0001:0002f706       ?SV_CalcPings@@YAXXZ       00430706 f   sv_main.obj
 0001:0002f78d       ?SV_GiveMsec@@YAXXZ        0043078d f   sv_main.obj
 0001:0002f7cc       ?SV_ReadPackets@@YAXXZ     004307cc f   sv_main.obj
 0001:0002f916       ?SV_CheckTimeouts@@YAXXZ   00430916 f   sv_main.obj
 0001:0002fa27       ?SV_PostprocessFrame@@YAXXZ 00430a27 f   sv_main.obj
 0001:0002fefb       ?SV_MulticastHook@@YAPAUsizebuf_s@@PAU1@0@Z 00430efb f   sv_main.obj
 0001:00030314       ?SV_TraceHook@@YA?AUtrace_t@@QAM000PAUedict_s@@H@Z 00431314 f   sv_main.obj
 0001:0003048f       ?SV_Frame@@YAXM@Z          0043148f f   sv_main.obj
 0001:00030749       ?SV_UserinfoChanged@@YAXPAUclient_s@@@Z 00431749 f   sv_main.obj
 0001:0003080d       ?SV_Init@@YAXXZ            0043180d f   sv_main.obj
 0001:00030884       ?SV_Shutdown@@YAXPAD_N@Z   00431884 f   sv_main.obj
 0001:00030a88       ?SV_BeginRedirect@@YAXXZ   00431a88 f   sv_send.obj
 0001:00030b32       ?SV_ClientPrintf@@YAXPAUclient_s@@HPADZZ 00431b32 f   sv_send.obj
 0001:00030b8d       ?SV_BroadcastPrintf@@YAXHPADZZ 00431b8d f   sv_send.obj
 0001:00030c63       ?SV_BroadcastCommand@@YAXPADZZ 00431c63 f   sv_send.obj
 0001:00030cba       ?SV_Multicast@@YAXQAMW4multicast_t@@_N@Z 00431cba f   sv_send.obj
 0001:00030efc       ?SV_MulticastOld@@YAXQAMW4multicast_t@@@Z 00431efc f   sv_send.obj
 0001:00030f0f       ?SV_StartSound@@YAXQAMPAUedict_s@@HHMMM_N@Z 00431f0f f   sv_send.obj
 0001:000311d4       ?SV_StartSoundOld@@YAXQAMPAUedict_s@@HHMMM@Z 004321d4 f   sv_send.obj
 0001:00031204       ?SV_StartSoundNew@@YAXQAMPAUedict_s@@HHMMM@Z 00432204 f   sv_send.obj
 0001:00031234       ?SV_SendClientDatagram@@YA_NPAUclient_s@@@Z 00432234 f   sv_send.obj
 0001:00031307       ?SV_DemoCompleted@@YAXXZ   00432307 f   sv_send.obj
 0001:00031323       ?SV_RateDrop@@YA_NPAUclient_s@@@Z 00432323 f   sv_send.obj
 0001:0003136d       ?SV_SendClientMessages@@YAXXZ 0043236d f   sv_send.obj
 0001:000314bc       ?SV_BeginDemoserver@@YAXXZ 004324bc f   sv_user.obj
 0001:00031509       ?SV_New_f@@YAXXZ           00432509 f   sv_user.obj
 0001:00031680       ?SV_Configstrings_f@@YAXXZ 00432680 f   sv_user.obj
 0001:000317da       ?SV_Baselines_f@@YAXXZ     004327da f   sv_user.obj
 0001:0003194e       ?SV_Begin_f@@YAXXZ         0043294e f   sv_user.obj
 0001:000319ab       ?SV_NextDownload_f@@YAXXZ  004329ab f   sv_user.obj
 0001:00031a91       ?SV_BeginDownload_f@@YAXXZ 00432a91 f   sv_user.obj
 0001:00031c82       ?SV_Disconnect_f@@YAXXZ    00432c82 f   sv_user.obj
 0001:00031c92       ?SV_ShowServerinfo_f@@YAXXZ 00432c92 f   sv_user.obj
 0001:00031c9f       ?SV_Nextserver@@YAXXZ      00432c9f f   sv_user.obj
 0001:00031ce9       ?SV_Nextserver_f@@YAXXZ    00432ce9 f   sv_user.obj
 0001:00031d30       ?SV_ExecuteUserCommand@@YAXPAD@Z 00432d30 f   sv_user.obj
 0001:00031e1e       ?SV_ClientThink@@YAXPAUclient_s@@PAUusercmd_t@@@Z 00432e1e f   sv_user.obj
 0001:00031e61       ?SV_ExecuteClientMessage@@YAXPAUclient_s@@@Z 00432e61 f   sv_user.obj
 0001:0003207f       ?SV_ClearWorld@@YAXXZ      0043307f f   sv_world.obj
 0001:000321d3       ?SV_UnlinkEdict@@YAXPAUedict_s@@@Z 004331d3 f   sv_world.obj
 0001:0003228d       ?SV_LinkEdict@@YAXPAUedict_s@@@Z 0043328d f   sv_world.obj
 0001:000328ee       ?SV_AreaEdicts@@YAHQAM0PAPAUedict_s@@HH@Z 004338ee f   sv_world.obj
 0001:00032a9f       ?SV_PointContents@@YAHQAM@Z 00433a9f f   sv_world.obj
 0001:00032bc5       ?SV_ClipMoveToEntities@@YAXPAUtrace_t@@QAM111PAUedict_s@@H@Z 00433bc5 f   sv_world.obj
 0001:00032fa4       ?SV_Trace@@YAXPAUtrace_t@@QAM111PAUedict_s@@H@Z 00433fa4 f   sv_world.obj
 0001:0003305e       ?Sys_Quit@@YAXXZ           0043405e f   sys_win.obj
 0001:0003312a       ?Sys_Error@@YAXPBDZZ       0043412a f   sys_win.obj
 0001:0003318a       ?osAddressInfo@@YA_NIPADHPAH@Z 0043418a f   sys_win.obj
 0001:0003321e       ?osModuleInfo@@YA_NIPADHPAH@Z 0043421e f   sys_win.obj
 0001:000333b9       ?appSymbolName2@@YA_NIPADH@Z 004343b9 f   sys_win.obj
 0001:00033439       ?appSymbolName@@YAPADI@Z   00434439 f   sys_win.obj
 0001:0003346b       ?win32ExceptFilter@@YAHPAU_EXCEPTION_POINTERS@@@Z 0043446b f   sys_win.obj
 0001:00033a39       ?win32ExceptFilter2@@YAHXZ 00434a39 f   sys_win.obj
 0001:00033a45       ?Sys_Init@@YAXXZ           00434a45 f   sys_win.obj
 0001:00033dcd       ?Sys_ConsoleInput@@YAPADXZ 00434dcd f   sys_win.obj
 0001:0003407e       ?Sys_ConsoleOutput@@YAXPAD@Z 0043507e f   sys_win.obj
 0001:0003410c       ?Sys_SendKeyEvents@@YAXXZ  0043510c f   sys_win.obj
 0001:000341f8       ?Sys_GetClipboardData@@YAPADXZ 004351f8 f   sys_win.obj
 0001:00034251       ?Sys_UnloadGame@@YAXXZ     00435251 f   sys_win.obj
 0001:000342cd       ?Sys_GetGameAPI@@YAPAXPAX@Z 004352cd f   sys_win.obj
 0001:000343dd       _WinMain@16                004353dd f   sys_win.obj
 0001:00034668       ?Vid_CreateWindow@@YAPAXHH_N@Z 00435668 f   vid_dll.obj
 0001:00034e52       ?Vid_DestroyWindow@@YAX_N@Z 00435e52 f   vid_dll.obj
 0001:00034e8d       ?Vid_GetModeInfo@@YA_NPAH0H@Z 00435e8d f   vid_dll.obj
 0001:00034ebb       ?Vid_UpdateWindowPosAndSize@@YAXHH@Z 00435ebb f   vid_dll.obj
 0001:00034f22       ?Vid_FreeReflib@@YAXXZ     00435f22 f   vid_dll.obj
 0001:00034f61       ?Vid_CheckChanges@@YAXXZ   00435f61 f   vid_dll.obj
 0001:00035373       ?Vid_Init@@YAXXZ           00436373 f   vid_dll.obj
 0001:00035434       ?Vid_Shutdown@@YAXXZ       00436434 f   vid_dll.obj
 0001:00035462       ?Vid_MenuInit@@YAXXZ       00436462 f   vid_menu.obj
 0001:00035cba       ?Vid_MenuDraw@@YAXXZ       00436cba f   vid_menu.obj
 0001:00035d4e       ?Vid_MenuKey@@YAPBDH@Z     00436d4e f   vid_menu.obj
 0001:000360b9       ?Zip_OpenArchive@@YAPAU_iobuf@@PAD@Z 004370b9 f   zip.obj
 0001:00036124       ?Zip_CloseArchive@@YAXPAU_iobuf@@@Z 00437124 f   zip.obj
 0001:00036130       ?Zip_EnumArchive@@YAHPAU_iobuf@@P6A_NPAUzip_file@@@Z@Z 00437130 f   zip.obj
 0001:00036311       ?Zip_OpenFile@@YAPAUZFILE@@PAU_iobuf@@PAUzip_file@@@Z 00437311 f   zip.obj
 0001:00036420       ?Zip_ReadFile@@YAHPAUZFILE@@PAXH@Z 00437420 f   zip.obj
 0001:00036517       ?Zip_CloseFile@@YAHPAUZFILE@@@Z 00437517 f   zip.obj
 0001:0003655f       ?Zip_OpenBuf@@YAPAUZBUF@@PAXH@Z 0043755f f   zip.obj
 0001:000365b2       ?Zip_ReadBuf@@YAHPAUZBUF@@PAXH@Z 004375b2 f   zip.obj
 0001:000365fa       ?Zip_CloseBuf@@YAXPAUZBUF@@@Z 004375fa f   zip.obj
 0001:00036610       ?GL_BackEnd@@YAXXZ         00437610 f   gl_backend.obj
 0001:00039b8f       ?GL_InitBackend@@YAXXZ     0043ab8f f   gl_backend.obj
 0001:00039bd2       ?GL_ShutdownBackend@@YAXXZ 0043abd2 f   gl_backend.obj
 0001:00039be6       ?GL_AllocDynamicMemory@@YAPAXH@Z 0043abe6 f   gl_buffers.obj
 0001:00039c46       ?GL_ResizeDynamicMemory@@YAXPAXH@Z 0043ac46 f   gl_buffers.obj
 0001:00039c91       ?GL_AddSurfaceToPortal@@YAXPAUsurfaceCommon_s@@PAUshader_s@@HH@Z 0043ac91 f   gl_buffers.obj
 0001:00039cf4       ?GL_AddDynamicSurface@@YAPAUsurfaceCommon_s@@PAUshader_s@@H@Z 0043acf4 f   gl_buffers.obj
 0001:00039d1c       ?GL_InsertShaderIndex@@YAXH@Z 0043ad1c f   gl_buffers.obj
 0001:00039d4f       ?GL_ClearPortal@@YAXXZ     0043ad4f f   gl_buffers.obj
 0001:00039d6b       ?GL_FinishPortal@@YAXXZ    0043ad6b f   gl_buffers.obj
 0001:00039dbc       ?GL_SortSurfaces@@YAXPAUviewPortal_s@@PAPAUsurfaceInfo_s@@@Z 0043adbc f   gl_buffers.obj
 0001:00039f57       ?GL_ClearBuffers@@YAXXZ    0043af57 f   gl_buffers.obj
 0001:00039f6e       ?GL_AddEntity@@YAXPAUentity_s@@@Z 0043af6e f   gl_frontend.obj
 0001:0003a3e2       ?GL_AddDlight@@YAXPAUdlight_t@@@Z 0043b3e2 f   gl_frontend.obj
 0001:0003a59a       ?GL_DrawPortal@@YAXXZ      0043b59a f   gl_frontend.obj
 0001:0003d0bd       ?GL_TextureMode@@YAXPAD@Z  0043e0bd f   gl_image.obj
 0001:0003d165       ?GL_CreateImage@@YAPAUimage_s@@PADPAXHHH@Z 0043e165 f   gl_image.obj
 0001:0003df37       ?GL_SetRawPalette@@YAXPBE@Z 0043ef37 f   gl_image.obj
 0001:0003df68       ?GL_DrawStretchRaw8@@YAXHHHHHHPAE@Z 0043ef68 f   gl_image.obj
 0001:0003e594       ?GL_SetupGamma@@YAXXZ      0043f594 f   gl_image.obj
 0001:0003e6d9       ?GL_PerformScreenshot@@YAXXZ 0043f6d9 f   gl_image.obj
 0001:0003e961       ?GL_InitImages@@YAXXZ      0043f961 f   gl_image.obj
 0001:0003ef51       ?GL_ShutdownImages@@YAXXZ  0043ff51 f   gl_image.obj
 0001:0003efb8       ?GL_LoadDelayedImages@@YAXXZ 0043ffb8 f   gl_image.obj
 0001:0003f035       ?GL_ShowImages@@YAXXZ      00440035 f   gl_image.obj
 0001:0003f2bd       ?GL_FindImage@@YAPAUimage_s@@PADH@Z 004402bd f   gl_image.obj
 0001:0003f675       ?GL_Lock@@YAXXZ            00440675 f   gl_interface.obj
 0001:0003f705       ?GL_Unlock@@YAXXZ          00440705 f   gl_interface.obj
 0001:0003f8c7       ?GL_Bind@@YAXPAUimage_s@@@Z 004408c7 f   gl_interface.obj
 0001:0003f9f1       ?GL_BindForce@@YAXPAUimage_s@@@Z 004409f1 f   gl_interface.obj
 0001:0003fa6f       ?GL_TexEnv@@YAXI@Z         00440a6f f   gl_interface.obj
 0001:0003fbee       ?GL_TexMipBias@@YAXM@Z     00440bee f   gl_interface.obj
 0001:0003fc49       ?GL_TexEnvColor@@YAXPATcolor_t@@@Z 00440c49 f   gl_interface.obj
 0001:0003fcf9       ?GL_SelectTexture@@YAXH@Z  00440cf9 f   gl_interface.obj
 0001:0003fd5a       ?GL_TexCoordPointer@@YAXPAX@Z 00440d5a f   gl_interface.obj
 0001:0003fd8a       ?GL_SetMultitexture@@YAXH@Z 00440d8a f   gl_interface.obj
 0001:0003fe7c       ?GL_DisableTexCoordArrays@@YAXXZ 00440e7c f   gl_interface.obj
 0001:0003fed5       ?GL_CullFace@@YAXW4gl_cullMode_t@@@Z 00440ed5 f   gl_interface.obj
 0001:0003ff26       ?GL_DepthRange@@YAXW4gl_depthMode_t@@@Z 00440f26 f   gl_interface.obj
 0001:0003ff59       ?GL_State@@YAXI@Z          00440f59 f   gl_interface.obj
 0001:000400b2       ?GL_EnableFog@@YAX_N@Z     004410b2 f   gl_interface.obj
 0001:000401aa       ?GL_SetDefaultState@@YAXXZ 004411aa f   gl_interface.obj
 0001:000402f8       ?GL_Set2DMode@@YAXXZ       004412f8 f   gl_interface.obj
 0001:000403f3       ?GL_Setup@@YAXPAUviewPortal_s@@@Z 004413f3 f   gl_interface.obj
 0001:000404ff       ?GL_ShowLights@@YAXXZ      004414ff f   gl_light.obj
 0001:00040924       ?GL_LightForEntity@@YAXPAUrefEntity_s@@@Z 00441924 f   gl_light.obj
 0001:00041b9e       ?GL_DiffuseLight@@YAXPATcolor_t@@M@Z 00442b9e f   gl_light.obj
 0001:00041d16       ?GL_InitLightGrid@@YAXXZ   00442d16 f   gl_light.obj
 0001:00041db2       ?GL_PostLoadLights@@YAXXZ  00442db2 f   gl_light.obj
 0001:00042050       ?LM_Init@@YAXXZ            00443050 f   gl_lightmap.obj
 0001:00042066       ?LM_Flush@@YAXPAUlightmapBlock_t@@@Z 00443066 f   gl_lightmap.obj
 0001:000420c3       ?LM_Done@@YAXXZ            004430c3 f   gl_lightmap.obj
 0001:000420ea       ?LM_Save@@YAXPAUlightmapBlock_t@@@Z 004430ea f   gl_lightmap.obj
 0001:00042104       ?LM_Restore@@YAXPAUlightmapBlock_t@@@Z 00443104 f   gl_lightmap.obj
 0001:0004211e       ?LM_NewBlock@@YAPAUlightmapBlock_t@@XZ 0044311e f   gl_lightmap.obj
 0001:00042198       ?LM_Rewind@@YAXXZ          00443198 f   gl_lightmap.obj
 0001:000421a0       ?LM_NextBlock@@YAPAUlightmapBlock_t@@XZ 004431a0 f   gl_lightmap.obj
 0001:000421cd       ?LM_CheckMinlight@@YAXPAUdynamicLightmap_s@@@Z 004431cd f   gl_lightmap.obj
 0001:00042263       ?LM_AllocBlock@@YA_NPAUlightmapBlock_t@@PAUdynamicLightmap_s@@@Z 00443263 f   gl_lightmap.obj
 0001:0004231a       ?LM_PutBlock@@YAXPAUdynamicLightmap_s@@@Z 0044331a f   gl_lightmap.obj
 0001:00042754       ?LM_SortLightStyles@@YAXPAUdynamicLightmap_s@@@Z 00443754 f   gl_lightmap.obj
 0001:000427e5       ?GL_UpdateDynamicLightmap@@YAXPAUshader_s@@PAUsurfacePlanar_s@@_NI@Z 004437e5 f   gl_lightmap.obj
 0001:00042cdd       ?LM_IsMonotone@@YA_NPAUdynamicLightmap_s@@PATcolor_t@@@Z 00443cdd f   gl_lightmap.obj
 0001:00042de4       ?GL_EnableRendering@@YAX_N@Z 00443de4 f   gl_main.obj
 0001:00042dff       ?DrawTextLeft@@YAXPADI@Z   00443dff f   gl_main.obj
 0001:00042ec9       ?DrawTextRight@@YAXPADI@Z  00443ec9 f   gl_main.obj
 0001:00042f07       ?DrawText3D@@YAXQAMPADI@Z  00443f07 f   gl_main.obj
 0001:00042f7f       _GL_GetRefAPI              00443f7f f   gl_main.obj
 0001:000448cb       ?GL_InitFuncTables@@YAXXZ  004458cb f   gl_math.obj
 0001:00044a7c       ?ModelToWorldCoord@@YAXQAMPAUrefEntity_s@@0@Z 00445a7c f   gl_math.obj
 0001:00044aed       ?WorldToModelCoord@@YAXQAMPAUrefEntity_s@@0@Z 00445aed f   gl_math.obj
 0001:00044b34       ?BuildRotationMatrix@@YAXQAY02MQAMM@Z 00445b34 f   gl_math.obj
 0001:00044c2e       ?GetBoxRect@@YA_NPAUrefEntity_s@@QAM11_N@Z 00445c2e f   gl_math.obj
 0001:00044f9f       ?ProjectToScreen@@YA_NQAMPAH@Z 00445f9f f   gl_math.obj
 0001:000450e2       ?SaturateColor3f@@YAXQAM@Z 004460e2 f   gl_math.obj
 0001:000451d2       ?SaturateColor4b@@YAXPATcolor_t@@@Z 004461d2 f   gl_math.obj
 0001:000452e0       ?GL_FindModel@@YAPAUmodel_s@@PAD@Z 004462e0 f   gl_model.obj
 0001:0004545b       ?GL_LoadWorldMap@@YAXPAD@Z 0044645b f   gl_model.obj
 0001:00047002       ?GL_PointInLeaf@@YAPAUnode_s@@QAM@Z 00448002 f   gl_model.obj
 0001:00047a0f       ?ATAN2_FUNC@@YAMMM@Z       00448a0f f i gl_model.obj
 0001:00047bba       ?GL_FindSkin@@YAPAUshader_s@@PAD@Z 00448bba f   gl_model.obj
 0001:00047d19       ?GL_ResetModels@@YAXXZ     00448d19 f   gl_model.obj
 0001:00047ded       ?GL_InitModels@@YAXXZ      00448ded f   gl_model.obj
 0001:00047e81       ?GL_ShutdownModels@@YAXXZ  00448e81 f   gl_model.obj
 0001:00047e97       ?SubdividePlane@@YAHPAPAY02MHM@Z 00448e97 f   gl_poly.obj
 0001:000482ea       ?FreeSubdividedPlane@@YAXXZ 004492ea f   gl_poly.obj
 0001:00048302       ?GetSubdivideIndexes@@YAXPAH@Z 00449302 f   gl_poly.obj
 0001:00048355       ?RemoveCollinearPoints@@YAHPAPAY02MH@Z 00449355 f   gl_poly.obj
 0001:00048469       ?GetPolyArea@@YAMPAPAY02MH@Z 00449469 f   gl_poly.obj
 0001:000484fd       ?GL_InitShaders@@YAXXZ     004494fd f   gl_shader.obj
 0001:00048649       ?GL_ShutdownShaders@@YAXXZ 00449649 f   gl_shader.obj
 0001:00048673       ?GL_SetShaderLightmap@@YAPAUshader_s@@PAU1@H@Z 00449673 f   gl_shader.obj
 0001:00048a75       ?GL_SetShaderLightstyles@@YAPAUshader_s@@PAU1@H@Z 00449a75 f   gl_shader.obj
 0001:00048b11       ?GL_GetAlphaShader@@YAPAUshader_s@@PAU1@@Z 00449b11 f   gl_shader.obj
 0001:00048dcb       ?GL_FindShader@@YAPAUshader_s@@PADH@Z 00449dcb f   gl_shader.obj
 0001:00049404       ?GL_GetShaderByNum@@YAPAUshader_s@@H@Z 0044a404 f   gl_shader.obj
 0001:00049422       ?GL_ResetShaders@@YAXXZ    0044a422 f   gl_shader.obj
 0001:000498b0       ?GL_ClearSkyBox@@YAXXZ     0044a8b0 f   gl_sky.obj
 0001:000498d3       ?GL_SetSkyRotate@@YAXMQAM@Z 0044a8d3 f   gl_sky.obj
 0001:0004990b       ?GL_SkyVisible@@YA_NXZ     0044a90b f   gl_sky.obj
 0001:00049924       ?GL_AddSkySurface@@YAXPAUsurfacePlanar_s@@QAME@Z 0044a924 f   gl_sky.obj
 0001:00049f51       ?GL_TesselateSkySide@@YAHHPAUbufVertex_t@@PAUbufTexCoord_t@@M@Z 0044af51 f   gl_sky.obj
 0001:0004a223       ?GLimp_SetMode@@YA?AW4rserr_t@@PAI0H_N@Z 0044b223 f   glw_imp.obj
 0001:0004a4c9       ?GLimp_HasGamma@@YA_NXZ    0044b4c9 f   glw_imp.obj
 0001:0004a4dd       ?GLimp_SetGamma@@YAXM@Z    0044b4dd f   glw_imp.obj
 0001:0004a676       ?GLimp_Init@@YAHXZ         0044b676 f   glw_imp.obj
 0001:0004a9c1       ?GLimp_Shutdown@@YAXXZ     0044b9c1 f   glw_imp.obj
 0001:0004aa69       ?GLimp_EndFrame@@YAXXZ     0044ba69 f   glw_imp.obj
 0001:0004ab06       ?GLimp_AppActivate@@YAX_N@Z 0044bb06 f   glw_imp.obj
 0001:0004c210       ?QGL_Shutdown@@YAXXZ       0044d210 f   qgl_win.obj
 0001:0004c254       ?QGL_Init@@YA_NPBD@Z       0044d254 f   qgl_win.obj
 0001:0004c2d7       ?QGL_InitExtensions@@YAXXZ 0044d2d7 f   qgl_win.obj
 0001:0004c6eb       ?QGL_PrintExtensionsString@@YAXPBD0@Z 0044d6eb f   qgl_win.obj
 0001:0004c815       ?QGL_EnableLogging@@YAX_N@Z 0044d815 f   qgl_win.obj
 0001:0004c8cc       ?QGL_LogMessage@@YAXPBD@Z  0044d8cc f   qgl_win.obj
 0001:0004c8e3       ?Hunk_Begin@@YAPAXH@Z      0044d8e3 f   q_shwin.obj
 0001:0004c91d       ?Hunk_Alloc@@YAPAXH@Z      0044d91d f   q_shwin.obj
 0001:0004c9a4       ?Hunk_End@@YAHXZ           0044d9a4 f   q_shwin.obj
 0001:0004c9aa       ?Hunk_Free@@YAXPAX@Z       0044d9aa f   q_shwin.obj
 0001:0004c9c3       ?Sys_Milliseconds@@YAHXZ   0044d9c3 f   q_shwin.obj
 0001:0004c9f4       ?Sys_Mkdir@@YAXPAD@Z       0044d9f4 f   q_shwin.obj
 0001:0004ca00       ?Sys_FindFirst@@YAPADPADH@Z 0044da00 f   q_shwin.obj
 0001:0004ca7e       ?Sys_FindNext@@YAPADXZ     0044da7e f   q_shwin.obj
 0001:0004caf3       ?Sys_FindClose@@YAXXZ      0044daf3 f   q_shwin.obj
 0001:0004cb0d       ?R_Alias_clip_z@@YAXPAUfinalvert_s@@00@Z 0044db0d f   r_aclip.obj
 0001:0004cbcf       ?R_Alias_clip_left@@YAXPAUfinalvert_s@@00@Z 0044dbcf f   r_aclip.obj
 0001:0004cddb       ?R_Alias_clip_right@@YAXPAUfinalvert_s@@00@Z 0044dddb f   r_aclip.obj
 0001:0004cfe7       ?R_Alias_clip_top@@YAXPAUfinalvert_s@@00@Z 0044dfe7 f   r_aclip.obj
 0001:0004d1fb       ?R_Alias_clip_bottom@@YAXPAUfinalvert_s@@00@Z 0044e1fb f   r_aclip.obj
 0001:0004d40f       ?R_AliasClip@@YAHPAUfinalvert_s@@0HHP6AX000@Z@Z 0044e40f f   r_aclip.obj
 0001:0004d4df       ?R_AliasClipTriangle@@YAXPAUfinalvert_s@@00@Z 0044e4df f   r_aclip.obj
 0001:0004d6d1       ?R_AliasCheckFrameBBox@@YAKPAUdAliasFrame_t@@QAY03M@Z 0044e6d1 f   r_alias.obj
 0001:0004d800       ?R_AliasCheckBBox@@YAHXZ   0044e800 f   r_alias.obj
 0001:0004d864       ?R_AliasTransformVector@@YAXQAM0QAY03M@Z 0044e864 f   r_alias.obj
 0001:0004d8c0       ?R_AliasPreparePoints@@YAXXZ 0044e8c0 f   r_alias.obj
 0001:0004db58       ?R_AliasSetUpTransform@@YAXXZ 0044eb58 f   r_alias.obj
 0001:0004de1b       ?R_AliasTransformFinalVerts@@YAXHPAUfinalvert_s@@PAUdTriVertx_t@@1@Z 0044ee1b f   r_alias.obj
 0001:0004dfea       ?R_AliasProjectAndClipTestFinalVert@@YAXPAUfinalvert_s@@@Z 0044efea f   r_alias.obj
 0001:0004e099       ?R_AliasSetupLighting@@YAXXZ 0044f099 f   r_alias.obj
 0001:0004e203       ?R_AliasSetupFrames@@YAXPAUdmdl_t@@@Z 0044f203 f   r_alias.obj
 0001:0004e277       ?R_AliasSetUpLerpData@@YAXPAUdmdl_t@@M@Z 0044f277 f   r_alias.obj
 0001:0004e39f       ?R_AliasDrawModel@@YAXXZ   0044f39f f   r_alias.obj
 0001:0004e634       ?R_EntityRotate@@YAXQAM@Z  0044f634 f   r_bsp.obj
 0001:0004e6b0       ?R_RotateBmodel@@YAXXZ     0044f6b0 f   r_bsp.obj
 0001:0004e80b       ?R_RecursiveClipBPoly@@YAXPAUbedge_s@@PAUmnode_s@@PAUmsurface_s@@@Z 0044f80b f   r_bsp.obj
 0001:0004eb3b       ?R_DrawSolidClippedSubmodelPolygons@@YAXPAUmodel_s@@PAUmnode_s@@@Z 0044fb3b f   r_bsp.obj
 0001:0004ecc2       ?R_DrawSubmodelPolygons@@YAXPAUmodel_s@@HPAUmnode_s@@@Z 0044fcc2 f   r_bsp.obj
 0001:0004ed52       ?R_RecursiveWorldNode@@YAXPAUmnode_s@@H@Z 0044fd52 f   r_bsp.obj
 0001:0004ef84       ?R_RenderWorld@@YAXXZ      0044ff84 f   r_bsp.obj
 0001:0004eff4       ?Draw_FindPic@@YAPAUimage_s@@PAD@Z 0044fff4 f   r_draw.obj
 0001:0004f090       ?Draw_InitLocal@@YAXXZ     00450090 f   r_draw.obj
 0001:0004f0a1       ?Draw_Char@@YAXHHH@Z       004500a1 f   r_draw.obj
 0001:0004f1ec       ?Draw_CharColor@@YAXHHHH@Z 004501ec f   r_draw.obj
 0001:0004f363       ?R_DrawTexts@@YAXXZ        00450363 f   r_draw.obj
 0001:0004f427       ?DrawText_Pos@@YAXHHPADI@Z 00450427 f   r_draw.obj
 0001:0004f4ff       ?DrawText_Left@@YAXPADI@Z  004504ff f   r_draw.obj
 0001:0004f527       ?DrawText_Right@@YAXPADI@Z 00450527 f   r_draw.obj
 0001:0004f563       ?Draw_GetPicSize@@YAXPAH0PAD@Z 00450563 f   r_draw.obj
 0001:0004f5a3       ?Draw_StretchPicImplementation@@YAXHHHHPAUimage_s@@@Z 004505a3 f   r_draw.obj
 0001:0004f6ca       ?Draw_StretchPic@@YAXHHHHPAD@Z 004506ca f   r_draw.obj
 0001:0004f75e       ?Draw_StretchRaw8@@YAXHHHHHHPAE@Z 0045075e f   r_draw.obj
 0001:0004f7d8       ?Draw_Pic@@YAXHHPAD@Z      004507d8 f   r_draw.obj
 0001:0004f9ec       ?Draw_PicColor@@YAXHHPADH@Z 004509ec f   r_draw.obj
 0001:0004fba5       ?Draw_TileClear@@YAXHHHHPAD@Z 00450ba5 f   r_draw.obj
 0001:0004fcc4       ?Draw_Fill@@YAXHHHHH@Z     00450cc4 f   r_draw.obj
 0001:0004fdaa       ?Draw_Fade@@YAXHHHHH@Z     00450daa f   r_draw.obj
 0001:0004fe58       ?R_BeginEdgeFrame@@YAXXZ   00450e58 f   r_edge.obj
 0001:0004ff14       ?R_InsertNewEdges@@YAXPAUedge_s@@0@Z 00450f14 f   r_edge.obj
 0001:0004ff5a       ?R_RemoveEdges@@YAXPAUedge_s@@@Z 00450f5a f   r_edge.obj
 0001:0004ff78       ?R_StepActiveU@@YAXPAUedge_s@@@Z 00450f78 f   r_edge.obj
 0001:0005000c       ?R_CleanupSpan@@YAXXZ      0045100c f   r_edge.obj
 0001:0005005c       ?R_LeadingEdgeBackwards@@YAXPAUedge_s@@@Z 0045105c f   r_edge.obj
 0001:000500f1       ?R_TrailingEdge@@YAXPAUsurf_s@@PAUedge_s@@@Z 004510f1 f   r_edge.obj
 0001:00050155       ?R_LeadingEdge@@YAXPAUedge_s@@@Z 00451155 f   r_edge.obj
 0001:000502f8       ?R_GenerateSpans@@YAXXZ    004512f8 f   r_edge.obj
 0001:00050366       ?R_GenerateSpansBackward@@YAXXZ 00451366 f   r_edge.obj
 0001:000503d4       ?R_ScanEdges@@YAXXZ        004513d4 f   r_edge.obj
 0001:000505ab       ?D_FlatFillSurface@@YAXPAUsurf_s@@H@Z 004515ab f   r_edge.obj
 0001:00050605       ?D_CalcGradients@@YAXPAUmsurface_s@@@Z 00451605 f   r_edge.obj
 0001:00050865       ?D_BackgroundSurf@@YAXPAUsurf_s@@@Z 00451865 f   r_edge.obj
 0001:000508a5       ?D_TurbulentSurf@@YAXPAUsurf_s@@@Z 004518a5 f   r_edge.obj
 0001:000509b4       ?D_SkySurf@@YAXPAUsurf_s@@@Z 004519b4 f   r_edge.obj
 0001:00050a35       ?D_SolidSurf@@YAXPAUsurf_s@@@Z 00451a35 f   r_edge.obj
 0001:00050b8d       ?D_DrawflatSurfaces@@YAXXZ 00451b8d f   r_edge.obj
 0001:00050bdd       ?D_DrawSurfaces@@YAXXZ     00451bdd f   r_edge.obj
 0001:00050cd6       ?R_ImageList_f@@YAXXZ      00451cd6 f   r_image.obj
 0001:00050d97       ?R_FindFreeImage@@YAPAUimage_s@@XZ 00451d97 f   r_image.obj
 0001:00050de2       ?R_LoadPic@@YAPAUimage_s@@PADPAEHHW4imagetype_t@@@Z 00451de2 f   r_image.obj
 0001:00050e6c       ?R_LoadTex@@YAPAUimage_s@@PADPAEHH@Z 00451e6c f   r_image.obj
 0001:00050ef8       ?R_LoadWal@@YAPAUimage_s@@PAD@Z 00451ef8 f   r_image.obj
 0001:00050f44       ?R_MipMap@@YAXPAE0HH@Z     00451f44 f   r_image.obj
 0001:00051072       ?R_DownsampleImage@@YAXPAPAEHH_N@Z 00452072 f   r_image.obj
 0001:00051177       ?R_FindImage@@YAPAUimage_s@@PADW4imagetype_t@@@Z 00452177 f   r_image.obj
 0001:00051517       ?R_RegisterSkin@@YAPAUimage_s@@PAD@Z 00452517 f   r_image.obj
 0001:00051525       ?R_FreeUnusedImages@@YAXXZ 00452525 f   r_image.obj
 0001:00051585       ?R_InitImages@@YAXXZ       00452585 f   r_image.obj
 0001:000515e9       ?R_ShutdownImages@@YAXXZ   004525e9 f   r_image.obj
 0001:00051626       ?R_MarkLights@@YAXPAUdlight_t@@HPAUmnode_s@@@Z 00452626 f   r_light.obj
 0001:000516ec       ?R_PushDlights@@YAXPAUmodel_s@@@Z 004526ec f   r_light.obj
 0001:0005174a       ?R_LightPoint@@YAXQAM0@Z   0045274a f   r_light.obj
 0001:00051b15       ?R_AddDynamicLights@@YAXXZ 00452b15 f   r_light.obj
 0001:00051db2       ?R_BuildLightMap@@YAXXZ    00452db2 f   r_light.obj
 0001:00051ea8       ?R_InitTextures@@YAXXZ     00452ea8 f   r_main.obj
 0001:00051f69       ?R_InitTurb@@YAXXZ         00452f69 f   r_main.obj
 0001:00051fe6       ?R_Register@@YAXXZ         00452fe6 f   r_main.obj
 0001:0005204b       ?R_Init@@YAHXZ             0045304b f   r_main.obj
 0001:00052132       ?R_Shutdown@@YAXXZ         00453132 f   r_main.obj
 0001:000521f3       ?R_NewMap@@YAXXZ           004531f3 f   r_main.obj
 0001:0005229a       ?R_MarkLeaves@@YAXXZ       0045329a f   r_main.obj
 0001:000523c1       ?R_DrawEntitiesOnList@@YAXXZ 004533c1 f   r_main.obj
 0001:00052568       ?R_BmodelCheckBBox@@YAHPAM@Z 00453568 f   r_main.obj
 0001:0005261a       ?R_FindTopnode@@YAPAUmnode_s@@QAM0@Z 0045361a f   r_main.obj
 0001:0005266f       ?RotatedBBox@@YAXQAM0000@Z 0045366f f   r_main.obj
 0001:000527d1       ?R_DrawBEntitiesOnList@@YAXXZ 004537d1 f   r_main.obj
 0001:000529cf       ?R_EdgeDrawing@@YAXXZ      004539cf f   r_main.obj
 0001:00052aae       ?R_CalcPalette@@YAXXZ      00453aae f   r_main.obj
 0001:00052bb0       ?R_SetLightLevel@@YAXXZ    00453bb0 f   r_main.obj
 0001:00052c00       ?R_RenderFrame@@YAXPAUrefdef_t@@@Z 00453c00 f   r_main.obj
 0001:00052e2b       ?R_InitGraphics@@YAXHH@Z   00453e2b f   r_main.obj
 0001:00052ea1       ?R_BeginFrame@@YAXM@Z      00453ea1 f   r_main.obj
 0001:0005303e       ?R_GammaCorrectAndSetPalette@@YAXPBE@Z 0045403e f   r_main.obj
 0001:0005309d       ?R_CinematicSetPalette@@YAXPBE@Z 0045409d f   r_main.obj
 0001:00053134       ?Draw_BuildGammaTable@@YAXXZ 00454134 f   r_main.obj
 0001:00053245       ?R_DrawBeam@@YAXPAUbeam_s@@@Z 00454245 f   r_main.obj
 0001:0005339a       ?R_SetSky@@YAXPADMQAM@Z    0045439a f   r_main.obj
 0001:00053411       ?Draw_GetPalette@@YAXXZ    00454411 f   r_main.obj
 0001:00053557       ?Draw_ConCharColor@@YAXHHHH@Z 00454557 f   r_main.obj
 0001:00053578       _GetRefAPI                 00454578 f   r_main.obj
 0001:000537c4       ?D_ViewChanged@@YAXXZ      004547c4 f   r_misc.obj
 0001:00053937       ?R_PrintTimes@@YAXXZ       00454937 f   r_misc.obj
 0001:0005399f       ?R_PrintDSpeeds@@YAXXZ     0045499f f   r_misc.obj
 0001:00053a54       ?R_PrintAliasStats@@YAXXZ  00454a54 f   r_misc.obj
 0001:00053a67       ?R_TransformFrustum@@YAXXZ 00454a67 f   r_misc.obj
 0001:00053b25       ?TransformVector@@YAXQAM0@Z 00454b25 f   r_misc.obj
 0001:00053b90       ?R_SetUpFrustumIndexes@@YAXXZ 00454b90 f   r_misc.obj
 0001:00053bf5       ?R_ViewChanged@@YAXPAUvrect_s@@@Z 00454bf5 f   r_misc.obj
 0001:00053f3e       ?R_SetupFrame@@YAXXZ       00454f3e f   r_misc.obj
 0001:00054119       ?WritePCXfile@@YAXPADPAEHHH1@Z 00455119 f   r_misc.obj
 0001:0005423b       ?R_ScreenShot@@YAXXZ       0045523b f   r_misc.obj
 0001:0005434a       ?Mod_Modellist_f@@YAXXZ    0045534a f   r_model.obj
 0001:000543a8       ?Mod_Init@@YAXXZ           004553a8 f   r_model.obj
 0001:000543c0       ?Mod_ForName@@YAPAUmodel_s@@PAD_N@Z 004553c0 f   r_model.obj
 0001:000545df       ?Mod_PointInLeaf@@YAPAUmleaf_s@@PAMPAUmodel_s@@@Z 004555df f   r_model.obj
 0001:0005463e       ?Mod_DecompressVis@@YAPAEPAEPAUmodel_s@@@Z 0045563e f   r_model.obj
 0001:000546be       ?Mod_ClusterPVS@@YAPAEHPAUmodel_s@@@Z 004556be f   r_model.obj
 0001:000546eb       ?Mod_LoadLighting@@YAXPAEH@Z 004556eb f   r_model.obj
 0001:0005476a       ?R_NumberLeafs@@YAXPAUmnode_s@@@Z 0045576a f   r_model.obj
 0001:000547b8       ?Mod_LoadVertexes@@YAXPAUdvertex_t@@H@Z 004557b8 f   r_model.obj
 0001:000547fa       ?Mod_LoadEdges@@YAXPAUdedge_t@@H@Z 004557fa f   r_model.obj
 0001:00054848       ?Mod_LoadTexinfo@@YAXPAUtexinfo_s@@H@Z 00455848 f   r_model.obj
 0001:000549b0       ?CalcSurfaceExtents@@YAXPAUmsurface_s@@@Z 004559b0 f   r_model.obj
 0001:00054b2e       ?Mod_LoadFaces@@YAXPAUdface_t@@H@Z 00455b2e f   r_model.obj
 0001:00054c8f       ?Mod_SetParent@@YAXPAUmnode_s@@0@Z 00455c8f f   r_model.obj
 0001:00054cb4       ?Mod_LoadNodes@@YAXPAUdnode_t@@H@Z 00455cb4 f   r_model.obj
 0001:00054daa       ?Mod_LoadLeafs@@YAXPAUdleaf_t@@H@Z 00455daa f   r_model.obj
 0001:00054e53       ?Mod_LoadMarksurfaces@@YAXPAGH@Z 00455e53 f   r_model.obj
 0001:00054ecc       ?Mod_LoadSurfedges@@YAXPAHH@Z 00455ecc f   r_model.obj
 0001:00054f0b       ?Mod_LoadPlanes@@YAXPAUdplane_t@@H@Z 00455f0b f   r_model.obj
 0001:00054f7a       ?Mod_LoadBrushModel@@YAXPAUmodel_s@@PAUbspfile_t@@@Z 00455f7a f   r_model.obj
 0001:00055159       ?Mod_LoadAliasModel@@YAXPAUmodel_s@@PAX@Z 00456159 f   r_model.obj
 0001:000553c1       ?Mod_LoadSpriteModel@@YAXPAUmodel_s@@PAX@Z 004563c1 f   r_model.obj
 0001:000554a4       ?R_BeginRegistration@@YAXPAD@Z 004564a4 f   r_model.obj
 0001:00055534       ?R_RegisterModel@@YAPAUmodel_s@@PAD@Z 00456534 f   r_model.obj
 0001:0005562c       ?R_EndRegistration@@YAXXZ  0045662c f   r_model.obj
 0001:00055697       ?Mod_FreeAll@@YAXXZ        00456697 f   r_model.obj
 0001:000556dc       ?R_DrawParticle@@YAXXZ     004566dc f   r_part.obj
 0001:00055976       ?R_DrawParticles@@YAXXZ    00456976 f   r_part.obj
 0001:00055a1e       ?R_DrawSpanletOpaque@@YAXXZ 00456a1e f   r_poly.obj
 0001:00055aae       ?R_DrawSpanletTurbulentStipple33@@YAXXZ 00456aae f   r_poly.obj
 0001:00055bd9       ?R_DrawSpanletTurbulentStipple66@@YAXXZ 00456bd9 f   r_poly.obj
 0001:00055dba       ?R_DrawSpanletTurbulentBlended66@@YAXXZ 00456dba f   r_poly.obj
 0001:00055e6f       ?R_DrawSpanletTurbulentBlended33@@YAXXZ 00456e6f f   r_poly.obj
 0001:00055f24       ?R_DrawSpanlet33@@YAXXZ    00456f24 f   r_poly.obj
 0001:00055fbe       ?R_DrawSpanletConstant33@@YAXXZ 00456fbe f   r_poly.obj
 0001:00056017       ?R_DrawSpanlet66@@YAXXZ    00457017 f   r_poly.obj
 0001:000560b5       ?R_DrawSpanlet33Stipple@@YAXXZ 004570b5 f   r_poly.obj
 0001:000561d0       ?R_DrawSpanlet66Stipple@@YAXXZ 004571d0 f   r_poly.obj
 0001:00056361       ?R_ClipPolyFace@@YAHHPAUclipplane_s@@@Z 00457361 f   r_poly.obj
 0001:000564d2       ?R_PolygonDrawSpans@@YAXPAUespan_s@@H@Z 004574d2 f   r_poly.obj
 0001:000568d1       ?R_PolygonScanLeftEdge@@YAXXZ 004578d1 f   r_poly.obj
 0001:00056a35       ?R_PolygonScanRightEdge@@YAXXZ 00457a35 f   r_poly.obj
 0001:00056c3f       ?R_ClipAndDrawPoly@@YAXMH_N@Z 00457c3f f   r_poly.obj
 0001:00056e41       ?R_BuildPolygonFromSurface@@YAXPAUmsurface_s@@@Z 00457e41 f   r_poly.obj
 0001:00057037       ?R_PolygonCalculateGradients@@YAXXZ 00458037 f   r_poly.obj
 0001:0005730a       ?R_DrawAlphaSurfaces@@YAXXZ 0045830a f   r_poly.obj
 0001:000573a0       ?R_IMFlatShadedQuad@@YAXQAM000HM@Z 004583a0 f   r_poly.obj
 0001:000574ce       ?R_InitAdivtab@@YAXXZ      004584ce f   r_polyse.obj
 0001:0005753a       ?R_PolysetUpdateTables@@YAXXZ 0045853a f   r_polyse.obj
 0001:00057575       ?R_DrawTriangle@@YAXXZ     00458575 f   r_polyse.obj
 0001:00057686       ?R_PolysetScanLeftEdge_C@@YAXH@Z 00458686 f   r_polyse.obj
 0001:00057850       ?FloorDivMod@@YAXMMPAH0@Z  00458850 f   r_polyse.obj
 0001:000578ea       ?R_PolysetSetUpForLineScan@@YAXHHHH@Z 004588ea f   r_polyse.obj
 0001:00057978       ?R_PolysetCalcGradients@@YAXH@Z 00458978 f   r_polyse.obj
 0001:00057beb       ?R_PolysetDrawSpans8_33@@YAXPAUspanpackage_s@@@Z 00458beb f   r_polyse.obj
 0001:00057d1b       ?R_PolysetDrawSpansConstant8_33@@YAXPAUspanpackage_s@@@Z 00458d1b f   r_polyse.obj
 0001:00057db5       ?R_PolysetDrawSpans8_66@@YAXPAUspanpackage_s@@@Z 00458db5 f   r_polyse.obj
 0001:00057ef1       ?R_PolysetDrawSpansConstant8_66@@YAXPAUspanpackage_s@@@Z 00458ef1 f   r_polyse.obj
 0001:00057f99       ?R_PolysetDrawSpans8_Opaque@@YAXPAUspanpackage_s@@@Z 00458f99 f   r_polyse.obj
 0001:000580e4       ?R_RasterizeAliasPolySmooth@@YAXXZ 004590e4 f   r_polyse.obj
 0001:000586c4       ?R_PolysetSetEdgeTable@@YAXXZ 004596c4 f   r_polyse.obj
 0001:0005875f       ?R_InitSkyBox@@YAXXZ       0045975f f   r_rast.obj
 0001:000589c8       ?R_EmitSkyBox@@YAXXZ       004599c8 f   r_rast.obj
 0001:00058add       ?R_EmitEdge@@YAXPAUmvertex_t@@0@Z 00459add f   r_rast.obj
 0001:00058eb1       ?R_ClipEdge@@YAXPAUmvertex_t@@0PAUclipplane_s@@@Z 00459eb1 f   r_rast.obj
 0001:00059053       ?R_EmitCachedEdge@@YAXXZ   0045a053 f   r_rast.obj
 0001:000590aa       ?R_RenderFace@@YAXPAUmsurface_s@@H@Z 0045a0aa f   r_rast.obj
 0001:00059471       ?R_RenderBmodelFace@@YAXPAUbedge_s@@PAUmsurface_s@@@Z 0045a471 f   r_rast.obj
 0001:000596ce       ?D_WarpScreen@@YAXXZ       0045a6ce f   r_scan.obj
 0001:00059890       ?D_DrawTurbulent8Span@@YAXXZ 0045a890 f   r_scan.obj
 0001:00059914       ?Turbulent8@@YAXPAUespan_s@@@Z 0045a914 f   r_scan.obj
 0001:00059c70       ?NonTurbulent8@@YAXPAUespan_s@@@Z 0045ac70 f   r_scan.obj
 0001:00059faa       ?D_DrawSpans16@@YAXPAUespan_s@@@Z 0045afaa f   r_scan.obj
 0001:0005a2c7       ?D_DrawZSpans@@YAXPAUespan_s@@@Z 0045b2c7 f   r_scan.obj
 0001:0005a397       ?R_DrawSprite@@YAXXZ       0045b397 f   r_sprite.obj
 0001:0005a621       ?R_TextureAnimation@@YAPAUimage_s@@PAUmtexinfo_s@@@Z 0045b621 f   r_surf.obj
 0001:0005a645       ?R_DrawSurface@@YAXXZ      0045b645 f   r_surf.obj
 0001:0005a7aa       ?R_DrawSurfaceBlock8_mip0@@YAXXZ 0045b7aa f   r_surf.obj
 0001:0005a8a9       ?R_DrawSurfaceBlock8_mip1@@YAXXZ 0045b8a9 f   r_surf.obj
 0001:0005a9a8       ?R_DrawSurfaceBlock8_mip2@@YAXXZ 0045b9a8 f   r_surf.obj
 0001:0005aaa7       ?R_DrawSurfaceBlock8_mip3@@YAXXZ 0045baa7 f   r_surf.obj
 0001:0005aba3       ?R_InitCaches@@YAXXZ       0045bba3 f   r_surf.obj
 0001:0005ac24       ?D_FlushCaches@@YAXXZ      0045bc24 f   r_surf.obj
 0001:0005ac69       ?D_SCAlloc@@YAPAUsurfcache_s@@HH@Z 0045bc69 f   r_surf.obj
 0001:0005adef       ?D_CacheSurface@@YAPAUsurfcache_s@@PAUmsurface_s@@H@Z 0045bdef f   r_surf.obj
 0001:0005af64       ?DDRAW_Init@@YA_NPAPAEPAH@Z 0045bf64 f   rw_ddraw.obj
 0001:0005b379       ?DDRAW_SetPalette@@YAXPBE@Z 0045c379 f   rw_ddraw.obj
 0001:0005b3e2       ?DDRAW_Shutdown@@YAXXZ     0045c3e2 f   rw_ddraw.obj
 0001:0005b54d       ?DIB_Init@@YA_NPAPAEPAH@Z  0045c54d f   rw_dib.obj
 0001:0005b731       ?DIB_SetPalette@@YAXPBE@Z  0045c731 f   rw_dib.obj
 0001:0005b8ed       ?DIB_Shutdown@@YAXXZ       0045c8ed f   rw_dib.obj
 0001:0005b9e6       ?SWimp_Init@@YAHXZ         0045c9e6 f   rw_imp.obj
 0001:0005b9ea       ?SWimp_EndFrame@@YAXXZ     0045c9ea f   rw_imp.obj
 0001:0005bb4c       ?SWimp_SetMode@@YA?AW4rserr_t@@PAH0H_N@Z 0045cb4c f   rw_imp.obj
 0001:0005bc73       ?SWimp_SetPalette@@YAXPBE@Z 0045cc73 f   rw_imp.obj
 0001:0005bc98       ?SWimp_Shutdown@@YAXXZ     0045cc98 f   rw_imp.obj
 0001:0005bcdf       ?SWimp_AppActivate@@YAX_N@Z 0045ccdf f   rw_imp.obj
 0001:0005bd90       _jpeg_CreateDecompress     0045cd90 f   lib:jdapimin.obj
 0001:0005be50       _jpeg_read_header          0045ce50 f   lib:jdapimin.obj
 0001:0005beb2       _jpeg_consume_input        0045ceb2 f   lib:jdapimin.obj
 0001:0005c100       _jpeg_finish_decompress    0045d100 f   lib:jdapimin.obj
[...]
 0001:0006d2a5       _process_restart           0046e2a5 f   lib:jddiffct.obj
 0001:00035346       _dummy_consume_data        00436346 f   vid_dll.obj
 0001:0006d2da       _consume_data              0046e2da f   lib:jddiffct.obj
 0001:0006d351       _output_data               0046e351 f   lib:jddiffct.obj
 0001:0006cd7d       _start_pass                0046dd7d f   lib:jddctmgr.obj
 0001:0006c1cf       _start_pass_phuff_decoder  0046d1cf f   lib:jdphuff.obj
 0001:0006c418       _decode_mcu_DC_first       0046d418 f   lib:jdphuff.obj
 0001:0006c610       _process_restart           0046d610 f   lib:jdphuff.obj
 0001:0006c67f       _decode_mcu_AC_first       0046d67f f   lib:jdphuff.obj
 0001:0006c89f       _decode_mcu_DC_refine      0046d89f f   lib:jdphuff.obj
 0001:0006c974       _decode_mcu_AC_refine      0046d974 f   lib:jdphuff.obj
 0001:0006bc16       _start_pass_huff_decoder   0046cc16 f   lib:jdshuff.obj
 0001:0006bd4e       _decode_mcu                0046cd4e f   lib:jdshuff.obj
 0001:0006c0fe       _process_restart           0046d0fe f   lib:jdshuff.obj
 0001:0006afff       _start_input_pass          0046bfff f   lib:jdcoefct.obj
 0001:0006b012       _start_iMCU_row            0046c012 f   lib:jdcoefct.obj
 0001:0006b057       _start_output_pass         0046c057 f   lib:jdcoefct.obj
 0001:0006b094       _decompress_onepass        0046c094 f   lib:jdcoefct.obj
 0001:00035346       _dummy_consume_data        00436346 f   vid_dll.obj
 0001:0006b26d       _consume_data              0046c26d f   lib:jdcoefct.obj
 0001:0006b426       _decompress_data           0046c426 f   lib:jdcoefct.obj
 0001:0006b592       _smoothing_ok              0046c592 f   lib:jdcoefct.obj
 0001:0006b67d       _decompress_smooth_data    0046c67d f   lib:jdcoefct.obj
 0001:0006ae98       _scaler_start_pass         0046be98 f   lib:jcscale.obj
 0001:0006aebb       _simple_downscale          0046bebb f   lib:jcscale.obj
 0001:0006aee7       _noscale                   0046bee7 f   lib:jcscale.obj
 0001:0006a990       _start_pass                0046b990 f   lib:jcpred.obj
 0001:0006a9e8       _reset_predictor           0046b9e8 f   lib:jcpred.obj
 0001:0006aa15       _jpeg_difference_first_row 0046ba15 f   lib:jcpred.obj
 0001:0006aaff       _jpeg_difference1          0046baff f   lib:jcpred.obj
 0001:0006ab6d       _jpeg_difference2          0046bb6d f   lib:jcpred.obj
 0001:0006abde       _jpeg_difference3          0046bbde f   lib:jcpred.obj
 0001:0006ac56       _jpeg_difference4          0046bc56 f   lib:jcpred.obj
 0001:0006ace1       _jpeg_difference5          0046bce1 f   lib:jcpred.obj
 0001:0006ad74       _jpeg_difference6          0046bd74 f   lib:jcpred.obj
 0001:0006ae03       _jpeg_difference7          0046be03 f   lib:jcpred.obj
 0001:0006a27f       _start_pass_huff           0046b27f f   lib:jclhuff.obj
 0001:0006a41c       _encode_mcus_huff          0046b41c f   lib:jclhuff.obj
 0001:0006a607       _emit_bits                 0046b607 f   lib:jclhuff.obj
 0001:0006a6aa       _dump_buffer               0046b6aa f   lib:jclhuff.obj
 0001:0006a6ce       _emit_restart              0046b6ce f   lib:jclhuff.obj
 0001:0006a719       _flush_bits                0046b719 f   lib:jclhuff.obj
 0001:0006a73d       _finish_pass_huff          0046b73d f   lib:jclhuff.obj
 0001:0006a7aa       _encode_mcus_gather        0046b7aa f   lib:jclhuff.obj
 0001:0006a8d3       _finish_pass_gather        0046b8d3 f   lib:jclhuff.obj
 0001:0006a969       _need_optimization_pass    0046b969 f   lib:jclhuff.obj
 0001:00069e5d       _start_pass_diff           0046ae5d f   lib:jcdiffct.obj
 0001:00069efb       _start_iMCU_row            0046aefb f   lib:jcdiffct.obj
 0001:00069f3d       _compress_data             0046af3d f   lib:jcdiffct.obj
 0001:0006a0d3       _compress_first_pass       0046b0d3 f   lib:jcdiffct.obj
 0001:0006a1c8       _compress_output           0046b1c8 f   lib:jcdiffct.obj
 0001:00069888       _start_pass_fdctmgr        0046a888 f   lib:jcdctmgr.obj
 0001:00069a26       _forward_DCT               0046aa26 f   lib:jcdctmgr.obj
 0001:00069b72       _forward_DCT_float         0046ab72 f   lib:jcdctmgr.obj
 0001:00068d98       _start_pass_phuff          00469d98 f   lib:jcphuff.obj
 0001:00068f05       _encode_mcu_DC_first       00469f05 f   lib:jcphuff.obj
 0001:00069037       _emit_bits                 0046a037 f   lib:jcphuff.obj
 0001:000690e2       _dump_buffer               0046a0e2 f   lib:jcphuff.obj
 0001:0006911a       _emit_symbol               0046a11a f   lib:jcphuff.obj
 0001:0006915a       _emit_restart              0046a15a f   lib:jcphuff.obj
 0001:000691e3       _emit_eobrun               0046a1e3 f   lib:jcphuff.obj
 0001:00069269       _encode_mcu_AC_first       0046a269 f   lib:jcphuff.obj
 0001:000693fd       _encode_mcu_DC_refine      0046a3fd f   lib:jcphuff.obj
 0001:000694b7       _encode_mcu_AC_refine      0046a4b7 f   lib:jcphuff.obj
 0001:000696ce       _finish_pass_phuff         0046a6ce f   lib:jcphuff.obj
 0001:0006971d       _finish_pass_gather_phuff  0046a71d f   lib:jcphuff.obj
 0001:000697e0       _need_optimization_pass    0046a7e0 f   lib:jcphuff.obj
 0001:00068533       _start_pass_huff           00469533 f   lib:jcshuff.obj
 0001:000686a8       _encode_mcu_huff           004696a8 f   lib:jcshuff.obj
 0001:000687b3       _encode_one_block          004697b3 f   lib:jcshuff.obj
 0001:0006892a       _emit_bits                 0046992a f   lib:jcshuff.obj
 0001:000689cd       _dump_buffer               004699cd f   lib:jcshuff.obj
 0001:000689f1       _emit_restart              004699f1 f   lib:jcshuff.obj
 0001:00068a5e       _flush_bits                00469a5e f   lib:jcshuff.obj
 0001:00068a82       _finish_pass_huff          00469a82 f   lib:jcshuff.obj
 0001:00068af1       _encode_mcu_gather         00469af1 f   lib:jcshuff.obj
 0001:00068ba7       _htest_one_block           00469ba7 f   lib:jcshuff.obj
 0001:00068c6e       _finish_pass_gather        00469c6e f   lib:jcshuff.obj
 0001:0006a969       _need_optimization_pass    0046b969 f   lib:jclhuff.obj
 0001:00067f06       _start_pass_coef           00468f06 f   lib:jccoefct.obj
 0001:00069efb       _start_iMCU_row            0046aefb f   lib:jcdiffct.obj
 0001:00067f9b       _compress_data             00468f9b f   lib:jccoefct.obj
 0001:00068182       _compress_first_pass       00469182 f   lib:jccoefct.obj
 0001:00068368       _compress_output           00469368 f   lib:jccoefct.obj
 0001:00067e1e       _calc_output_dimensions    00468e1e f   lib:jdlossls.obj
 0001:00067e2f       _start_input_pass          00468e2f f   lib:jdlossls.obj
 0001:00067b5d       _calc_output_dimensions    00468b5d f   lib:jdlossy.obj
 0001:00067cd0       _start_input_pass          00468cd0 f   lib:jdlossy.obj
 0001:00067cf0       _latch_quant_tables        00468cf0 f   lib:jdlossy.obj
 0001:00067d88       _start_output_pass         00468d88 f   lib:jdlossy.obj
 0001:00067aac       _start_pass                00468aac f   lib:jclossls.obj
 0001:00067a18       _start_pass                00468a18 f   lib:jclossy.obj
 0001:00066f6d       _initial_setup             00467f6d f   lib:jcmaster.obj
 0001:00067120       _validate_script           00468120 f   lib:jcmaster.obj
 0001:000674f8       _prepare_for_pass          004684f8 f   lib:jcmaster.obj
 0001:00067670       _select_scan_parameters    00468670 f   lib:jcmaster.obj
 0001:00067771       _per_scan_setup            00468771 f   lib:jcmaster.obj
 0001:0006791c       _pass_startup              0046891c f   lib:jcmaster.obj
 0001:00067943       _finish_pass_master        00468943 f   lib:jcmaster.obj
 0001:00066a59       _rgb_ycc_start             00467a59 f   lib:jccolor.obj
 0001:00066b1d       _rgb_ycc_convert           00467b1d f   lib:jccolor.obj
 0001:00066c1c       _rgb_gray_convert          00467c1c f   lib:jccolor.obj
 0001:00066ca1       _cmyk_ycck_convert         00467ca1 f   lib:jccolor.obj
 0001:00066dd9       _grayscale_convert         00467dd9 f   lib:jccolor.obj
 0001:00066e33       _null_convert              00467e33 f   lib:jccolor.obj
 0001:0002e155       _null_method               0042f155 f   sv_game.obj
 0001:0002e155       _start_pass_downsample     0042f155 f   sv_game.obj
 0001:000661a5       _sep_downsample            004671a5 f   lib:jcsample.obj
 0001:0006621a       _int_downsample            0046721a f   lib:jcsample.obj
 0001:00066312       _expand_right_edge         00467312 f   lib:jcsample.obj
 0001:00066367       _fullsize_downsample       00467367 f   lib:jcsample.obj
 0001:000663ab       _h2v1_downsample           004673ab f   lib:jcsample.obj
 0001:0006643f       _h2v2_downsample           0046743f f   lib:jcsample.obj
 0001:000664ec       _h2v2_smooth_downsample    004674ec f   lib:jcsample.obj
 0001:00066764       _fullsize_smooth_downsample 00467764 f   lib:jcsample.obj
 0001:00065ba1       _start_pass_prep           00466ba1 f   lib:jcprepct.obj
 0001:00065bdf       _pre_process_data          00466bdf f   lib:jcprepct.obj
 0001:00065d8d       _pre_process_context       00466d8d f   lib:jcprepct.obj
 0001:00065f46       _create_context_buffer     00466f46 f   lib:jcprepct.obj
 0001:00065a19       _start_pass_main           00466a19 f   lib:jcmainct.obj
 0001:00065a5b       _process_data_simple_main  00466a5b f   lib:jcmainct.obj
 0001:00064fef       _create_colormap           00465fef f   lib:jquant1.obj
 0001:00065121       _select_ncolors            00466121 f   lib:jquant1.obj
 0001:000651f8       _create_colorindex         004661f8 f   lib:jquant1.obj
 0001:00065324       _alloc_fs_workspace        00466324 f   lib:jquant1.obj
 0001:00065360       _start_pass_1_quant        00466360 f   lib:jquant1.obj
 0001:0006542c       _create_odither_tables     0046642c f   lib:jquant1.obj
 0001:0006548b       _make_odither_array        0046648b f   lib:jquant1.obj
 0001:000654ee       _color_quantize            004664ee f   lib:jquant1.obj
 0001:00065579       _color_quantize3           00466579 f   lib:jquant1.obj
 0001:00065607       _quantize_ord_dither       00466607 f   lib:jquant1.obj
 0001:000656f2       _quantize3_ord_dither      004666f2 f   lib:jquant1.obj
 0001:000657f2       _quantize_fs_dither        004667f2 f   lib:jquant1.obj
 0001:0002e155       _finish_pass_1_quant       0042f155 f   sv_game.obj
 0001:00065976       _new_color_map_1_quant     00466976 f   lib:jquant1.obj
 0001:00063fb0       _init_error_limit          00464fb0 f   lib:jquant2.obj
 0001:0006404f       _start_pass_2_quant        0046504f f   lib:jquant2.obj
 0001:00064151       _prescan_quantize          00465151 f   lib:jquant2.obj
 0001:000641c0       _pass2_no_dither           004651c0 f   lib:jquant2.obj
 0001:0006426d       _fill_inverse_cmap         0046526d f   lib:jquant2.obj
 0001:00064338       _find_nearby_colors        00465338 f   lib:jquant2.obj
 0001:000644dc       _find_best_colors          004654dc f   lib:jquant2.obj
 0001:000645f6       _pass2_fs_dither           004655f6 f   lib:jquant2.obj
 0001:00064865       _finish_pass1              00465865 f   lib:jquant2.obj
 0001:00064887       _select_colors             00465887 f   lib:jquant2.obj
 0001:00064913       _update_box                00465913 f   lib:jquant2.obj
 0001:00064cad       _median_cut                00465cad f   lib:jquant2.obj
 0001:00064dc1       _find_biggest_color_pop    00465dc1 f   lib:jquant2.obj
 0001:00064df0       _find_biggest_volume       00465df0 f   lib:jquant2.obj
 0001:00064e19       _compute_color             00465e19 f   lib:jquant2.obj
 0001:0002e155       _finish_pass2              0042f155 f   sv_game.obj
 0001:00064f55       _new_color_map_2_quant     00465f55 f   lib:jquant2.obj
 0001:000639c7       _build_ycc_rgb_table       004649c7 f   lib:jdmerge.obj
 0001:00063a77       _start_pass_merged_upsample 00464a77 f   lib:jdmerge.obj
 0001:00063a8c       _merged_2v_upsample        00464a8c f   lib:jdmerge.obj
 0001:00063b33       _merged_1v_upsample        00464b33 f   lib:jdmerge.obj
 0001:00063b64       _h2v1_merged_upsample      00464b64 f   lib:jdmerge.obj
 0001:00063cba       _h2v2_merged_upsample      00464cba f   lib:jdmerge.obj
 0001:0006356b       _build_ycc_rgb_table       0046456b f   lib:jdcolor.obj
 0001:0006361b       _ycc_rgb_convert           0046461b f   lib:jdcolor.obj
 0001:00063729       _null_convert              00464729 f   lib:jdcolor.obj
 0001:000637a1       _grayscale_convert         004647a1 f   lib:jdcolor.obj
 0001:000637c4       _gray_rgb_convert          004647c4 f   lib:jdcolor.obj
 0001:0006381d       _ycck_cmyk_convert         0046481d f   lib:jdcolor.obj
 0001:0002e155       _start_pass_dcolor         0042f155 f   sv_game.obj
 0001:00062fcc       _start_pass_upsample       00463fcc f   lib:jdsample.obj
 0001:00062fe6       _sep_upsample              00463fe6 f   lib:jdsample.obj
 0001:000630b3       _fullsize_upsample         004640b3 f   lib:jdsample.obj
 0001:000630be       _noop_upsample             004640be f   lib:jdsample.obj
 0001:000630c6       _int_upsample              004640c6 f   lib:jdsample.obj
 0001:000631b0       _h2v1_upsample             004641b0 f   lib:jdsample.obj
 0001:00063207       _h2v2_upsample             00464207 f   lib:jdsample.obj
 0001:00063279       _h2v1_fancy_upsample       00464279 f   lib:jdsample.obj
 0001:0006331c       _h2v2_fancy_upsample       0046431c f   lib:jdsample.obj
 0001:00062bd5       _start_pass_dpost          00463bd5 f   lib:jdpostct.obj
 0001:00062c7b       _post_process_1pass        00463c7b f   lib:jdpostct.obj
 0001:00062ce0       _post_process_prepass      00463ce0 f   lib:jdpostct.obj
 0001:00062d71       _post_process_2pass        00463d71 f   lib:jdpostct.obj
 0001:000625dc       _alloc_funny_pointers      004635dc f   lib:jdmainct.obj
 0001:00062689       _start_pass_main           00463689 f   lib:jdmainct.obj
 0001:000626f1       _make_funny_pointers       004636f1 f   lib:jdmainct.obj
 0001:00062831       _process_data_simple_main  00463831 f   lib:jdmainct.obj
 0001:00062899       _process_data_context_main 00463899 f   lib:jdmainct.obj
 0001:000629ab       _set_wraparound_pointers   004639ab f   lib:jdmainct.obj
 0001:00062a95       _set_bottom_pointers       00463a95 f   lib:jdmainct.obj
 0001:00062b2f       _process_data_crank_post   00463b2f f   lib:jdmainct.obj
 0001:0006243c       _read_backing_store        0046343c f   lib:jmemansi.obj
 0001:00062497       _write_backing_store       00463497 f   lib:jmemansi.obj
 0001:000624f2       _close_backing_store       004634f2 f   lib:jmemansi.obj
 0001:0006123b       _write_marker_header       0046223b f   lib:jcmarker.obj
 0001:00061291       _emit_byte                 00462291 f   lib:jcmarker.obj
 0001:000612c2       _write_marker_byte         004622c2 f   lib:jcmarker.obj
 0001:000612d2       _write_file_header         004622d2 f   lib:jcmarker.obj
 0001:0006131e       _emit_jfif_app0            0046231e f   lib:jcmarker.obj
 0001:000613f1       _emit_adobe_app14          004623f1 f   lib:jcmarker.obj
 0001:00061497       _write_frame_header        00462497 f   lib:jcmarker.obj
 0001:00061576       _emit_dqt                  00462576 f   lib:jcmarker.obj
 0001:00061665       _emit_sof                  00462665 f   lib:jcmarker.obj
 0001:00061741       _write_scan_header         00462741 f   lib:jcmarker.obj
 0001:00061801       _emit_dht                  00462801 f   lib:jcmarker.obj
 0001:000618da       _emit_dri                  004628da f   lib:jcmarker.obj
 0001:00061929       _emit_sos                  00462929 f   lib:jcmarker.obj
 0001:00061a17       _write_file_trailer        00462a17 f   lib:jcmarker.obj
 0001:00061a37       _write_tables_only         00462a37 f   lib:jcmarker.obj
 0001:00060d90       _use_merged_upsample       00461d90 f   lib:jdmaster.obj
 0001:00060e36       _master_selection          00461e36 f   lib:jdmaster.obj
 0001:00060f93       _prepare_range_limit_table 00461f93 f   lib:jdmaster.obj
 0001:00061019       _prepare_for_output_pass   00462019 f   lib:jdmaster.obj
 0001:0006113a       _finish_output_pass        0046213a f   lib:jdmaster.obj
 0001:00060207       _alloc_small               00461207 f   lib:jmemmgr.obj
 0001:00060325       _alloc_large               00461325 f   lib:jmemmgr.obj
 0001:000603d6       _alloc_sarray              004613d6 f   lib:jmemmgr.obj
 0001:0006046e       _alloc_barray              0046146e f   lib:jmemmgr.obj
 0001:00060512       _alloc_darray              00461512 f   lib:jmemmgr.obj
 0001:000605bd       _request_virt_sarray       004615bd f   lib:jmemmgr.obj
 0001:0006061e       _request_virt_barray       0046161e f   lib:jmemmgr.obj
 0001:0006067f       _realize_virt_arrays       0046167f f   lib:jmemmgr.obj
 0001:00060802       _access_virt_sarray        00461802 f   lib:jmemmgr.obj
 0001:00060922       _do_sarray_io              00461922 f   lib:jmemmgr.obj
 0001:000609b2       _access_virt_barray        004619b2 f   lib:jmemmgr.obj
 0001:00060ad7       _do_barray_io              00461ad7 f   lib:jmemmgr.obj
 0001:00060b68       _free_pool                 00461b68 f   lib:jmemmgr.obj
 0001:00060c4f       _self_destruct             00461c4f f   lib:jmemmgr.obj
 0001:0005fc49       _start_input_pass          00460c49 f   lib:jdinput.obj
 0001:0005fc77       _per_scan_setup            00460c77 f   lib:jdinput.obj
 0001:0005fdfd       _finish_input_pass         00460dfd f   lib:jdinput.obj
 0001:0005fe0e       _consume_markers           00460e0e f   lib:jdinput.obj
 0001:0005feaa       _initial_setup             00460eaa f   lib:jdinput.obj
 0001:000600b4       _reset_input_controller    004610b4 f   lib:jdinput.obj
 0001:0005fa02       _fixedtables               00460a02 f   lib:inflate.obj
 0001:0005faec       _updatewindow              00460aec f   lib:inflate.obj
 0001:0005e462       _make_crc_table            0045f462 f   lib:crc32.obj
 0001:0005e58e       _crc32_little              0045f58e f   lib:crc32.obj
 0001:0005e39e       _init_destination          0045f39e f   lib:jdatadst.obj
 0001:0005e3c4       _empty_output_buffer       0045f3c4 f   lib:jdatadst.obj
 0001:0005e406       _term_destination          0045f406 f   lib:jdatadst.obj
 0001:0005df25       _std_huff_tables           0045ef25 f   lib:jcparam.obj
 0001:0005df7f       _add_huff_table            0045ef7f f   lib:jcparam.obj
 0001:0005c476       _next_marker               0045d476 f   lib:jdmarker.obj
 0001:0005c5b0       _get_interesting_appn      0045d5b0 f   lib:jdmarker.obj
 0001:0005c6db       _examine_app0              0045d6db f   lib:jdmarker.obj
 0001:0005c8e9       _examine_app14             0045d8e9 f   lib:jdmarker.obj
 0001:0005c9aa       _skip_variable             0045d9aa f   lib:jdmarker.obj
 0001:0005ca4d       _read_markers              0045da4d f   lib:jdmarker.obj
 0001:0005cc55       _get_soi                   0045dc55 f   lib:jdmarker.obj
 0001:0005cd00       _get_sof                   0045dd00 f   lib:jdmarker.obj
 0001:0005d009       _get_sos                   0045e009 f   lib:jdmarker.obj
 0001:0005d2f7       _get_dht                   0045e2f7 f   lib:jdmarker.obj
 0001:0005d598       _get_dqt                   0045e598 f   lib:jdmarker.obj
 0001:0005d7f4       _get_dri                   0045e7f4 f   lib:jdmarker.obj
 0001:0005d8d3       _first_marker              0045e8d3 f   lib:jdmarker.obj
 0001:0005d96f       _read_restart_marker       0045e96f f   lib:jdmarker.obj
 0001:0005d9ed       _reset_marker_reader       0045e9ed f   lib:jdmarker.obj
 0001:0005c25a       _output_pass_setup         0045d25a f   lib:jdapistd.obj
 0001:0005bf4e       _default_decompress_parms  0045cf4e f   lib:jdapimin.obj

 70 bytes saved through ICF

