 quake2

 Timestamp is 42b70366 (Mon Jun 20 21:56:54 2005)

 Preferred load address is 00400000

 Start         Length     Name                   Class
 0001:00000000 00062150H .text                   CODE
 0002:00000000 0000027cH .idata$5                DATA
 0002:00000280 000061e4H .rdata                  DATA
 0002:00006468 00000044H .rdata$r                DATA
 0002:000064b0 00000038H .xdata$x                DATA
 0002:000064e8 00000078H .idata$2                DATA
 0002:00006560 00000014H .idata$3                DATA
 0002:00006574 0000027cH .idata$4                DATA
 0002:000067f0 00000808H .idata$6                DATA
 0002:00006ff8 00000000H .edata                  DATA
 0003:00000000 00000004H .CRT$XCA                DATA
 0003:00000004 00000078H .CRT$XCU                DATA
 0003:0000007c 00000004H .CRT$XCZ                DATA
 0003:00000080 00000004H .CRT$XIA                DATA
 0003:00000084 00000004H .CRT$XIZ                DATA
 0003:00000090 0000d7bcH .data                   DATA
 0003:0000d850 00470c90H .bss                    DATA
 0004:00000000 00000130H .rsrc$01                DATA
 0004:00000130 00003f20H .rsrc$02                DATA

  Address         Publics by Value              Rva+Base     Lib:Object

 0001:00000000       ??3@YAXPAX@Z               00401000 f i CoreMain.obj
 0001:0000000b       ?appInit@@YAXXZ            0040100b f   CoreMain.obj
 0001:0000006e       ?appExit@@YAXXZ            0040106e f   CoreMain.obj
 0001:00000073       ?appLoadDebugSymbols@@YAXXZ 00401073 f   DbgSymbols.obj
 0001:00000276       ?appSymbolName@@YA_NIPADH@Z 00401276 f   DbgSymbols.obj
 0001:00000362       ?appSymbolName@@YAPBDI@Z   00401362 f   DbgSymbols.obj
 0001:00000394       ?appMalloc@@YAPAXIH@Z      00401394 f   Memory.obj
 0001:00000442       ?appFree@@YAXPAX@Z         00401442 f   Memory.obj
 0001:00000470       ?Unlink@FMemHeader@@QAEXXZ 00401470 f i Memory.obj
 0001:0000049b       ?Link@CMemoryChain@@AAEXXZ 0040149b f   Memory.obj
 0001:000004ba       ?Unlink@CMemoryChain@@AAEXXZ 004014ba f   Memory.obj
 0001:000004e5       ??2CMemoryChain@@SAPAXIH@Z 004014e5 f   Memory.obj
 0001:00000557       ??3CMemoryChain@@SAXPAX@Z  00401557 f   Memory.obj
 0001:0000058a       ?Alloc@CMemoryChain@@QAEPAXIH@Z 0040158a f   Memory.obj
 0001:000005f4       ?appInitMemory@@YAXXZ      004015f4 f   Memory.obj
 0001:00000b3f       ?Write@COutputDeviceNull@@UAEXPBD@Z 00401b3f f i OutputDevice.obj
 0001:00000b42       ?appWPrintf@@YAXPBDZZ      00401b42 f   OutputDevice.obj
 0001:00000b93       ?appFatalError@@YAXPBDZZ   00401b93 f   ErrorMgr.obj
 0001:00000bcd       ?appNonFatalError@@YAXPBDZZ 00401bcd f   ErrorMgr.obj
 0001:00000c2b       ?appUnwindPrefix@@YAXPBD@Z 00401c2b f   ErrorMgr.obj
 0001:00000c82       ?appUnwindThrow@@YAXPBDZZ  00401c82 f   ErrorMgr.obj
 0001:00000d09       ?Reset@CErrorHandler@@QAEXXZ 00401d09 f   ErrorMgr.obj
 0001:00000d33       ?appInitError@@YAXXZ       00401d33 f   ErrorMgr.obj
 0001:00000df1       ?appStricmp@@YAHPBD0@Z     00401df1 f   Strings.obj
 0001:00000e26       ?toLower@@YADD@Z           00401e26 f i Strings.obj
 0001:00000e3d       ?appStrcpy@@YAXPADPBD@Z    00401e3d f   Strings.obj
 0001:00000e50       ?appStrncpylwr@@YAXPADPBDH@Z 00401e50 f   Strings.obj
 0001:00000e88       ?appStrncpyz@@YAXPADPBDH@Z 00401e88 f   Strings.obj
 0001:00000eb5       ?appStrcatn@@YAXPADHPBD@Z  00401eb5 f   Strings.obj
 0001:00000ee0       ?appCopyFilename@@YAXPADPBDH@Z 00401ee0 f   Strings.obj
 0001:00000f7c       ?appCStrlen@@YAHPBD@Z      00401f7c f   Strings.obj
 0001:00000fa1       ?appUncolorizeString@@YAXPADPBD@Z 00401fa1 f   Strings.obj
 0001:00000fd1       ?va@@YAPBDPBDZZ            00401fd1 f   Strings.obj
 0001:0000106d       ?appSprintf@@YAHPADHPBDZZ  0040206d f   Strings.obj
 0001:000010b8       ?appMatchWildcard@@YA_NPBD0_N@Z 004020b8 f   Strings.obj
 0001:00001238       ?appIsWildcard@@YA_NPBD@Z  00402238 f   Strings.obj
 0001:00001262       ?CopyString@@YAPADPBD@Z    00402262 f   Strings.obj
 0001:000012a2       ?CopyString@@YAPADPBDPAVCMemoryChain@@@Z 004022a2 f   Strings.obj
 0001:000012d6       ??2CStringItem@@SAPAXIPBD@Z 004022d6 f   Strings.obj
 0001:0000131f       ??2CStringItem@@SAPAXIPBDPAVCMemoryChain@@@Z 0040231f f   Strings.obj
 0001:0000135c       ?Find@CStringList@@IAEPAVCStringItem@@PBDPAPAV2@@Z 0040235c f   Strings.obj
 0001:00001398       ?Find@CStringList@@IAEPAVCStringItem@@H@Z 00402398 f   Strings.obj
 0001:000013b1       ?IndexOf@CStringList@@QAEHPBD@Z 004023b1 f   Strings.obj
 0001:000013de       ?Remove@CStringList@@QAE_NPAVCStringItem@@@Z 004023de f   Strings.obj
 0001:0000140a       ?Free@CStringList@@QAEXXZ  0040240a f   Strings.obj
 0001:00001423       ?appMillisecondsf@@YANXZ   00402423 f   CoreWin32.obj
 0001:0000145c       ?appMilliseconds@@YAIXZ    0040245c f   CoreWin32.obj
 0001:00001491       ?cpuid@@YAXI@Z             00402491 f   CoreWin32.obj
 0001:000014b4       ?appInitPlatform@@YAXXZ    004024b4 f   CoreWin32.obj
 0001:00001747       ?appShutdownPlatform@@YAXXZ 00402747 f   CoreWin32.obj
 0001:00001750       ?osAddressInfo@@YA_NIPADHPAH@Z 00402750 f   DbgSymbolsWin32.obj
 0001:000017e4       ?osModuleInfo@@YA_NIPADHPAH@Z 004027e4 f   DbgSymbolsWin32.obj
 0001:0000198c       ?win32ExceptFilter@@YAHPAU_EXCEPTION_POINTERS@@@Z 0040298c f   ExceptFilterWin32.obj
 0001:00001ec2       ?win32ExceptFilter2@@YAHXZ 00402ec2 f   ExceptFilterWin32.obj
 0001:00001ece       ?SCR_StopCinematic@@YAXXZ  00402ece f   cl_cin.obj
 0001:00001f62       ?SCR_DrawCinematic@@YA_NXZ 00402f62 f   cl_cin.obj
 0001:000023c3       ?SCR_PlayCinematic@@YAXPAD@Z 004033c3 f   cl_cin.obj
 0001:00002733       ?CL_Download_f@@YAX_NHPAPAD@Z 00403733 f   cl_download.obj
 0001:00002ae4       ?CL_ParseDownload@@YAXXZ   00403ae4 f   cl_download.obj
 0001:000032f1       ?CL_Precache_f@@YAXHPAPAD@Z 004042f1 f   cl_download.obj
 0001:0000334f       ?CL_ParseDelta@@YAXPAUclEntityState_t@@0HI_N@Z 0040434f f   cl_ents.obj
 0001:000034cf       ?CL_ParsePacketEntities@@YAXPAUframe_t@@0@Z 004044cf f   cl_ents.obj
 0001:0000383e       ?CL_FireEntityEvents@@YAXPAUframe_t@@@Z 0040483e f   cl_ents.obj
 0001:00003890       ?CL_ParseFrame@@YAXXZ      00404890 f   cl_ents.obj
 0001:00003b82       ?CL_AddEntityBox@@YAXPAUclEntityState_t@@I@Z 00404b82 f   cl_ents.obj
 0001:00003c83       ?Lerp@@YAXABUCVec3@@0MAAU1@@Z 00404c83 f i cl_ents.obj
 0001:00003cba       ?CL_OffsetThirdPersonView@@YAXXZ 00404cba f   cl_ents.obj
 0001:00003da2       ?CL_CalcViewValues@@YAXXZ  00404da2 f   cl_ents.obj
 0001:000040a5       ?CL_AddEntities@@YAXXZ     004050a5 f   cl_ents.obj
 0001:00004d6b       ?CL_GetEntitySoundOrigin@@YAXHAAUCVec3@@@Z 00405d6b f   cl_ents.obj
 0001:00004da3       ?CL_ClearLightStyles@@YAXXZ 00405da3 f   cl_fx.obj
 0001:00004e25       ?CL_RunLightStyles@@YAXXZ  00405e25 f   cl_fx.obj
 0001:00004ec4       ?CL_SetLightstyle@@YAXHPBD@Z 00405ec4 f   cl_fx.obj
 0001:00004f25       ?CL_ClearDlights@@YAXXZ    00405f25 f   cl_fx.obj
 0001:00004f36       ?CL_AllocDlight@@YAPAUcdlight_t@@HABUCVec3@@@Z 00405f36 f   cl_fx.obj
 0001:00004f9f       ?CL_AddDLights@@YAXXZ      00405f9f f   cl_fx.obj
 0001:00004fff       ?CL_ClearParticles@@YAXXZ  00405fff f   cl_fx.obj
 0001:00005066       ?CL_AllocParticleTrace@@YAPAUparticleTrace_t@@ABUCVec3@@0MM@Z 00406066 f   cl_fx.obj
 0001:00005106       ?CL_AllocParticleBeam@@YAPAUbeam_t@@ABUCVec3@@0MM@Z 00406106 f   cl_fx.obj
 0001:0000517a       ?CL_AllocParticle@@YAPAUparticle_t@@XZ 0040617a f   cl_fx.obj
 0001:000051c8       ?CL_UpdateParticles@@YAXXZ 004061c8 f   cl_fx.obj
 0001:000057b7       ?CL_MetalSparks@@YAXABUCVec3@@0H@Z 004067b7 f   cl_fx.obj
 0001:000058a4       ?CL_ParseMuzzleFlash@@YAXXZ 004068a4 f   cl_fx.obj
 0001:00005c21       ?CL_ParseMuzzleFlash2@@YAXXZ 00406c21 f   cl_fx.obj
 0001:0000625e       ?CL_ParticleEffect@@YAXABUCVec3@@0HH@Z 0040725e f   cl_fx.obj
 0001:0000632d       ?CL_ParticleEffect2@@YAXABUCVec3@@0HH@Z 0040732d f   cl_fx.obj
 0001:000063f8       ?CL_ParticleEffect3@@YAXABUCVec3@@0HH@Z 004073f8 f   cl_fx.obj
 0001:000064c8       ?CL_TeleporterParticles@@YAXPAUclEntityState_t@@@Z 004074c8 f   cl_fx.obj
 0001:0000657f       ?CL_LogoutEffect@@YAXABUCVec3@@H@Z 0040757f f   cl_fx.obj
 0001:0000666a       ?CL_ItemRespawnParticles@@YAXABUCVec3@@@Z 0040766a f   cl_fx.obj
 0001:00006719       ?CL_ExplosionParticles@@YAXABUCVec3@@@Z 00407719 f   cl_fx.obj
 0001:000067c3       ?CL_BigTeleportParticles@@YAXABUCVec3@@@Z 004077c3 f   cl_fx.obj
 0001:0000691a       ?CL_BlasterParticles@@YAXABUCVec3@@0@Z 0040791a f   cl_fx.obj
 0001:000069e6       ?CL_BlasterTrail@@YAXABUCVec3@@0@Z 004079e6 f   cl_fx.obj
 0001:00006b10       ?CL_FlagTrail@@YAXABUCVec3@@0H@Z 00407b10 f   cl_fx.obj
 0001:00006c28       ?CL_DiminishingTrail@@YAXABUCVec3@@0PAUcentity_t@@H@Z 00407c28 f   cl_fx.obj
 0001:00006e98       ?CL_RocketTrail@@YAXABUCVec3@@0PAUcentity_t@@@Z 00407e98 f   cl_fx.obj
 0001:00006fc0       ?CL_RailTrail@@YAXABUCVec3@@0@Z 00407fc0 f   cl_fx.obj
 0001:00007202       ?CL_RailTrailExt@@YAXABUCVec3@@0EE@Z 00408202 f   cl_fx.obj
 0001:00007347       ?CL_IonripperTrail@@YAXABUCVec3@@0@Z 00408347 f   cl_fx.obj
 0001:00007473       ?CL_BubbleTrail@@YAXABUCVec3@@0@Z 00408473 f   cl_fx.obj
 0001:00007588       ?CL_FlyParticles@@YAXABUCVec3@@H@Z 00408588 f   cl_fx.obj
 0001:00007722       ?CL_FlyEffect@@YAXPAUcentity_t@@ABUCVec3@@@Z 00408722 f   cl_fx.obj
 0001:0000778a       ?CL_BfgParticles@@YAXPAUentity_t@@@Z 0040878a f   cl_fx.obj
 0001:00007969       ?CL_TrapParticles@@YAXPAUentity_t@@@Z 00408969 f   cl_fx.obj
 0001:00007c07       ?CL_BFGExplosionParticles@@YAXABUCVec3@@@Z 00408c07 f   cl_fx.obj
 0001:00007cb1       ?CL_TeleportParticles@@YAXABUCVec3@@@Z 00408cb1 f   cl_fx.obj
 0001:00007dec       ?CL_EntityEvent@@YAXPAUclEntityState_t@@@Z 00408dec f   cl_fx.obj
 0001:00007fc6       ?CL_ClearEffects@@YAXXZ    00408fc6 f   cl_fx.obj
 0001:00007fd5       ?IN_CenterView@@YAXXZ      00408fd5 f   cl_input.obj
 0001:00007ff6       ?CL_InitInput@@YAXXZ       00408ff6 f   cl_input.obj
 0001:00008592       ?CL_SendCmd@@YAXXZ         00409592 f   cl_input.obj
 0001:00008c74       ?CL_WriteDemoMessage@@YAXXZ 00409c74 f   cl_main.obj
 0001:00008cb6       ?Cmd_ForwardToServer@@YAXHPAPAD@Z 00409cb6 f   cl_main.obj
 0001:00008d79       ?CL_ForwardToServer_f@@YAXHPAPAD@Z 00409d79 f   cl_main.obj
 0001:00008dc1       ?CL_Pause@@YAX_N@Z         00409dc1 f   cl_main.obj
 0001:00008e03       ?CL_Quit_f@@YAXXZ          00409e03 f   cl_main.obj
 0001:00008e0d       ?CL_Drop@@YAX_N@Z          00409e0d f   cl_main.obj
 0001:00008e34       ?CL_SendConnectPacket@@YAXXZ 00409e34 f   cl_main.obj
 0001:00008ee9       ?CL_CheckForResend@@YAXXZ  00409ee9 f   cl_main.obj
 0001:00008fee       ?CL_Connect_f@@YAX_NHPAPAD@Z 00409fee f   cl_main.obj
 0001:00009071       ?CL_Rcon_f@@YAXHPAPAD@Z    0040a071 f   cl_main.obj
 0001:00009179       ?CL_Disconnect@@YAXXZ      0040a179 f   cl_main.obj
 0001:0000931b       ?CL_Disconnect_f@@YAXXZ    0040a31b f   cl_main.obj
 0001:00009325       ?CL_Changing_f@@YAXXZ      0040a325 f   cl_main.obj
 0001:00009349       ?CL_Reconnect_f@@YAXXZ     0040a349 f   cl_main.obj
 0001:000093e5       ?CL_PingServers_f@@YAXXZ   0040a3e5 f   cl_main.obj
 0001:00009550       ?CL_Skins_f@@YAXXZ         0040a550 f   cl_main.obj
 0001:00009863       ?CL_ConnectionlessPacket@@YAXXZ 0040a863 f   cl_main.obj
 0001:00009963       ?CL_ReadPackets@@YAXXZ     0040a963 f   cl_main.obj
 0001:00009aa6       ?CL_Userinfo_f@@YAXXZ      0040aaa6 f   cl_main.obj
 0001:00009abe       ?CL_RegisterSounds@@YAXXZ  0040aabe f   cl_main.obj
 0001:00009afd       ?CL_Snd_Restart_f@@YAXXZ   0040aafd f   cl_main.obj
 0001:00009b0c       ?CL_WriteConfiguration@@YAXPBD@Z 0040ab0c f   cl_main.obj
 0001:00009bc7       ?CL_WriteConfig_f@@YAX_NHPAPAD@Z 0040abc7 f   cl_main.obj
 0001:00009c26       ?CL_FixCvarCheats@@YAXXZ   0040ac26 f   cl_main.obj
 0001:00009c80       ?CL_Frame@@YAXMM@Z         0040ac80 f   cl_main.obj
 0001:00009e80       ?CL_ClearState@@YAXXZ      0040ae80 f   cl_main.obj
 0001:00009eb9       ?CL_Init@@YAXXZ            0040aeb9 f   cl_main.obj
 0001:0000a390       ?CL_Shutdown@@YAX_N@Z      0040b390 f   cl_main.obj
 0001:0000a3e5       ?CL_Flashlight@@YAXHABUCVec3@@@Z 0040b3e5 f   cl_newfx.obj
 0001:0000a41f       ?CL_ColorFlash@@YAXABUCVec3@@HHMMM@Z 0040b41f f   cl_newfx.obj
 0001:0000a45b       ?CL_DebugTrail@@YAXABUCVec3@@0@Z 0040b45b f   cl_newfx.obj
 0001:0000a551       ?CL_ForceWall@@YAXABUCVec3@@0H@Z 0040b551 f   cl_newfx.obj
 0001:0000a691       ?CL_BubbleTrail2@@YAXABUCVec3@@0H@Z 0040b691 f   cl_newfx.obj
 0001:0000a7bd       ?CL_Heatbeam@@YAXABUCVec3@@0@Z 0040b7bd f   cl_newfx.obj
 0001:0000aa65       ?CL_ParticleSteamEffect@@YAXABUCVec3@@0HHH@Z 0040ba65 f   cl_newfx.obj
 0001:0000ab99       ?CL_ParticleSteamEffect2@@YAXPAUcl_sustain_t@@@Z 0040bb99 f   cl_newfx.obj
 0001:0000acda       ?CL_TrackerTrail@@YAXABUCVec3@@0H@Z 0040bcda f   cl_newfx.obj
 0001:0000ae27       ?CL_Tracker_Shell@@YAXABUCVec3@@@Z 0040be27 f   cl_newfx.obj
 0001:0000aeac       ?CL_MonsterPlasma_Shell@@YAXABUCVec3@@@Z 0040beac f   cl_newfx.obj
 0001:0000af2e       ?CL_Widowbeamout@@YAXPAUcl_sustain_t@@@Z 0040bf2e f   cl_newfx.obj
 0001:0000afe2       ?CL_Nukeblast@@YAXPAUcl_sustain_t@@@Z 0040bfe2 f   cl_newfx.obj
 0001:0000b096       ?CL_WidowSplash@@YAXABUCVec3@@@Z 0040c096 f   cl_newfx.obj
 0001:0000b160       ?CL_TagTrail@@YAXABUCVec3@@0H@Z 0040c160 f   cl_newfx.obj
 0001:0000b278       ?CL_ColorExplosionParticles@@YAXABUCVec3@@HH@Z 0040c278 f   cl_newfx.obj
 0001:0000b325       ?CL_ParticleSmokeEffect@@YAXABUCVec3@@0HHH@Z 0040c325 f   cl_newfx.obj
 0001:0000b457       ?CL_BlasterParticles2@@YAXABUCVec3@@0I@Z 0040c457 f   cl_newfx.obj
 0001:0000b524       ?CL_BlasterTrail2@@YAXABUCVec3@@0@Z 0040c524 f   cl_newfx.obj
 0001:0000b630       ?CL_ParseClientinfo@@YAXH@Z 0040c630 f   cl_parse.obj
 0001:0000b6a7       ?CL_ParseServerMessage@@YAXXZ 0040c6a7 f   cl_parse.obj
 0001:0000be73       ?FreePlayerModelsInfo@@YAXXZ 0040ce73 f   cl_playermodel.obj
 0001:0000be99       ?ScanQuake3Models@@YAXPBD@Z 0040ce99 f   cl_playermodel.obj
 0001:0000c018       ?ScanPlayerModels@@YA_NXZ  0040d018 f   cl_playermodel.obj
 0001:0000c295       ?CL_IsFemaleModel@@YA_NPBD@Z 0040d295 f   cl_playermodel.obj
 0001:0000c41a       ?RunAnimation@@YAXAAUclientInfo_t@@AAUanimState_t@@H@Z 0040d41a f   cl_playermodel.obj
 0001:0000c5e1       ?CL_LoadClientinfo@@YAXAAUclientInfo_t@@PBD_N@Z 0040d5e1 f   cl_playermodel.obj
 0001:0000cfed       ?ParsePlayerEntity@@YAHPAUcentity_t@@PAUclientInfo_t@@PAUclEntityState_t@@ABUentity_t@@PAU4@HH@Z 0040dfed f   cl_playermodel.obj
 0001:0000db30       ?CL_CheckPredictionError@@YAXXZ 0040eb30 f   cl_pred.obj
 0001:0000dcc6       ?CL_EntityTrace@@YAXAAUtrace_t@@ABUCVec3@@1ABUCBox@@H@Z 0040ecc6 f   cl_pred.obj
 0001:0000e05f       ?CL_Trace@@YAXAAUtrace_t@@ABUCVec3@@1ABUCBox@@H@Z 0040f05f f   cl_pred.obj
 0001:0000e0db       ?CL_PMpointcontents@@YAHABUCVec3@@@Z 0040f0db f   cl_pred.obj
 0001:0000e267       ?CL_PredictMovement@@YAXXZ 0040f267 f   cl_pred.obj
 0001:0000e617       ?DrawString@@YAXHHPBD@Z    0040f617 f   cl_scrn.obj
 0001:0000e65b       ?SCR_DebugGraph@@YAXMH@Z   0040f65b f   cl_scrn.obj
 0001:0000e683       ?SCR_CenterPrint@@YAXPAD@Z 0040f683 f   cl_scrn.obj
 0001:0000e787       ?Key_Message@@YAXH@Z       0040f787 f   cl_scrn.obj
 0001:0000e823       ?SCR_SetLevelshot@@YAXPBD@Z 0040f823 f   cl_scrn.obj
 0001:0000e916       ?SCR_BeginLoadingPlaque@@YAXXZ 0040f916 f   cl_scrn.obj
 0001:0000e99b       ?SCR_EndLoadingPlaque@@YAX_N@Z 0040f99b f   cl_scrn.obj
 0001:0000ea20       ?SCR_ShowConsole@@YAX_N0@Z 0040fa20 f   cl_scrn.obj
 0001:0000eaf6       ?SCR_ToggleConsole@@YAXXZ  0040faf6 f   cl_scrn.obj
 0001:0000eb1e       ?SCR_TouchPics@@YAXXZ      0040fb1e f   cl_scrn.obj
 0001:0000eb7d       ?SCR_UpdateScreen@@YAXXZ   0040fb7d f   cl_scrn.obj
 0001:0000fe04       ?SCR_Init@@YAXXZ           00410e04 f   cl_scrn.obj
 0001:00010160       ?CL_RegisterTEntSounds@@YAXXZ 00411160 f   cl_tent.obj
 0001:000103a5       ?CL_RegisterTEntModels@@YAXXZ 004113a5 f   cl_tent.obj
 0001:000104e3       ?CL_ClearTEnts@@YAXXZ      004114e3 f   cl_tent.obj
 0001:00010517       ?CL_AllocExplosion@@YAPAUexplosion_t@@ABUCVec3@@W4exptype_t@@@Z 00411517 f   cl_tent.obj
 0001:000105cb       ?CL_AddExplosions@@YAXXZ   004115cb f   cl_tent.obj
 0001:00010764       ?CL_SmokeAndFlash@@YAXABUCVec3@@@Z 00411764 f   cl_tent.obj
 0001:000107ac       ?CL_ParseBeam@@YAHPAVCRenderModel@@@Z 004117ac f   cl_tent.obj
 0001:00010878       ?CL_ParseBeam2@@YAHPAVCRenderModel@@@Z 00411878 f   cl_tent.obj
 0001:0001094f       ?CL_ParsePlayerBeam@@YAHPAVCRenderModel@@@Z 0041194f f   cl_tent.obj
 0001:00010a5a       ?CL_ParseLightning@@YAHPAVCRenderModel@@@Z 00411a5a f   cl_tent.obj
 0001:00010b1c       ?CL_ParseWidow@@YAXXZ      00411b1c f   cl_tent.obj
 0001:00010b88       ?CL_ParseNuke@@YAXXZ       00411b88 f   cl_tent.obj
 0001:00010bf2       ?CL_ParseTEnt@@YAXXZ       00411bf2 f   cl_tent.obj
 0001:00011be3       ?CL_AddBeams@@YAXXZ        00412be3 f   cl_tent.obj
 0001:00011f0c       ?CL_AddPlayerBeams@@YAXXZ  00412f0c f   cl_tent.obj
 0001:0001260b       ?CL_ProcessSustain@@YAXXZ  0041360b f   cl_tent.obj
 0001:0001264c       ?CL_AddTEnts@@YAXXZ        0041364c f   cl_tent.obj
 0001:00012660       ?V_AddEntity@@YAXPAUentity_t@@@Z 00413660 f   cl_view.obj
 0001:0001269b       ?V_AddEntity2@@YAXPAUentity_t@@@Z 0041369b f   cl_view.obj
 0001:000126ca       ?AddEntityWithEffects2@@YAXPAUentity_t@@I@Z 004136ca f   cl_view.obj
 0001:00012786       ?AddEntityWithEffects@@YAXPAUentity_t@@I@Z 00413786 f   cl_view.obj
 0001:000127a5       ?V_AddLight@@YAXABUCVec3@@MMMM@Z 004137a5 f   cl_view.obj
 0001:000127ea       ?V_TestParticles@@YAXXZ    004137ea f   cl_view.obj
 0001:000128b3       ?V_TestEntities@@YAXXZ     004138b3 f   cl_view.obj
 0001:000129dd       ?V_TestLights@@YAXXZ       004139dd f   cl_view.obj
 0001:00012ab3       ?V_InitRenderer@@YAXXZ     00413ab3 f   cl_view.obj
 0001:00012e78       ?CalcFov@@YAMMMM@Z         00413e78 f   cl_view.obj
 0001:00012ee6       ?V_RenderView@@YA_NXZ      00413ee6 f   cl_view.obj
 0001:00013b45       ?V_Init@@YAXXZ             00414b45 f   cl_view.obj
 0001:00013bf4       ?Con_ClearNotify@@YAXXZ    00414bf4 f   console.obj
 0001:00013c03       ?Con_CheckResize@@YAXXZ    00414c03 f   console.obj
 0001:00013d2a       ?Con_Print@@YAXPBD@Z       00414d2a f   console.obj
 0001:00014022       ?Con_DrawNotify@@YAX_N@Z   00415022 f   console.obj
 0001:0001413a       ?Con_DrawConsole@@YAXM@Z   0041513a f   console.obj
 0001:0001450d       ?Con_ClearTyping@@YAXXZ    0041550d f   console.obj
 0001:00014526       ?Key_Console@@YAXHH@Z      00415526 f   console.obj
 0001:0001496e       ?Con_Init@@YAXXZ           0041596e f   console.obj
 0001:00014aea       ?Key_KeynumToString@@YAPBDH@Z 00415aea f   keys.obj
 0001:00014baa       ?Draw@completeMenu_t@@UAEXXZ 00415baa f i keys.obj
 0001:00014bdb       ?KeyDown@completeMenu_t@@UAEPBDH@Z 00415bdb f i keys.obj
 0001:00014c04       ?Init@completeMenu_t@@UAE_NXZ 00415c04 f i keys.obj
 0001:00014d2b       ?CompleteMenuCallback@completeMenu_t@@SAXPAX@Z 00415d2b f i keys.obj
 0001:00014db9       ?CompleteCommand@@YAXXZ    00415db9 f   keys.obj
 0001:000154ee       ?Key_SetBinding@@YAXHPBD@Z 004164ee f   keys.obj
 0001:0001552c       ?Key_FindBinding@@YAHPBDPAHH@Z 0041652c f   keys.obj
 0001:0001557a       ?Key_WriteBindings@@YAXPAU_iobuf@@@Z 0041657a f   keys.obj
 0001:000155c2       ?Key_Init@@YAXXZ           004165c2 f   keys.obj
 0001:000158a6       ?Key_Event@@YAXH_N@Z       004168a6 f   keys.obj
 0001:00015bff       ?Key_ClearStates@@YAXXZ    00416bff f   keys.obj
 0001:00015c34       ?M_ForceMenuOn@@YAXXZ      00416c34 f   menu.obj
 0001:00015c53       ?Draw@menuMain_t@@UAEXXZ   00416c53 f i menu.obj
 0001:00015d81       ?KeyDown@menuMain_t@@UAEPBDH@Z 00416d81 f i menu.obj
 0001:00015e3d       ?Init@menuMain_t@@UAE_NXZ  00416e3d f i menu.obj
 0001:00015e45       ?M_Menu_Main_f@@YAXXZ      00416e45 f   menu.obj
 0001:00015e5f       ?Init@multiplayerMenu_t@@UAE_NXZ 00416e5f f i menu.obj
 0001:00015f83       ?Init@keysMenu_t@@UAE_NXZ  00416f83 f i menu.obj
 0001:00016168       ?KeyCursorDrawFunc@keysMenu_t@@SAXPAUmenuFramework_t@@@Z 00417168 f i menu.obj
 0001:000161a8       ?DrawKeyBindingFunc@keysMenu_t@@SAXPAX@Z 004171a8 f i menu.obj
 0001:0001626f       ?KeyDown@keysMenu_t@@UAEPBDH@Z 0041726f f i menu.obj
 0001:0001631c       ?UnbindCommand@keysMenu_t@@QAEXPAD@Z 0041731c f i menu.obj
 0001:00016361       ?KeyBindingFunc@keysMenu_t@@QAEXPAX@Z 00417361 f i menu.obj
 0001:000163c0       ?Init@optionsMenu_t@@UAE_NXZ 004173c0 f i menu.obj
 0001:0001681e       ?CrosshairFunc@optionsMenu_t@@SAXPAX@Z 0041781e f i menu.obj
 0001:00016846       ?JoystickFunc@optionsMenu_t@@SAXPAX@Z 00417846 f i menu.obj
 0001:0001685b       ?AlwaysRunFunc@optionsMenu_t@@SAXPAX@Z 0041785b f i menu.obj
 0001:00016870       ?FreeLookFunc@optionsMenu_t@@SAXPAX@Z 00417870 f i menu.obj
 0001:00016885       ?MouseSpeedFunc@optionsMenu_t@@SAXPAX@Z 00417885 f i menu.obj
 0001:000168a2       ?InvertMouseFunc@optionsMenu_t@@SAXPAX@Z 004178a2 f i menu.obj
 0001:000168bd       ?LookspringFunc@optionsMenu_t@@SAXPAX@Z 004178bd f i menu.obj
 0001:000168d9       ?LookstrafeFunc@optionsMenu_t@@SAXPAX@Z 004178d9 f i menu.obj
 0001:000168f5       ?UpdateVolumeFunc@optionsMenu_t@@SAXPAX@Z 004178f5 f i menu.obj
 0001:00016912       ?UpdateCDVolumeFunc@optionsMenu_t@@SAXPAX@Z 00417912 f i menu.obj
 0001:0001692c       ?SetMenuItemValues@optionsMenu_t@@SAXXZ 0041792c f i menu.obj
 0001:00016b0a       ?ResetDefaultsFunc@optionsMenu_t@@SAXPAX@Z 00417b0a f i menu.obj
 0001:00016b1f       ?UpdateSoundFunc@optionsMenu_t@@SAXPAX@Z 00417b1f f i menu.obj
 0001:00016d22       ?ScanCrosshairs@optionsMenu_t@@SAXXZ 00417d22 f i menu.obj
 0001:00016d7f       ?Draw@optionsMenu_t@@UAEXXZ 00417d7f f i menu.obj
 0001:00016de4       ?Draw@creditsMenu_t@@UAEXXZ 00417de4 f i menu.obj
 0001:00016e8b       ?KeyDown@creditsMenu_t@@UAEPBDH@Z 00417e8b f i menu.obj
 0001:00016ec6       ?Init@creditsMenu_t@@UAE_NXZ 00417ec6 f i menu.obj
 0001:00016f8e       ?Init@gameMenu_t@@UAE_NXZ  00417f8e f i menu.obj
 0001:00017119       ?EasyGameFunc@gameMenu_t@@SAXPAX@Z 00418119 f i menu.obj
 0001:00017125       ?StartGame@gameMenu_t@@SAXPBD@Z 00418125 f i menu.obj
 0001:00017178       ?MediumGameFunc@gameMenu_t@@SAXPAX@Z 00418178 f i menu.obj
 0001:00017184       ?HardGameFunc@gameMenu_t@@SAXPAX@Z 00418184 f i menu.obj
 0001:000171a0       ?Init@savegameMenu_t@@UAE_NXZ 004181a0 f i menu.obj
 0001:000172b0       ?Create_Savestrings@savegameMenu_t@@QAEXXZ 004182b0 f i menu.obj
 0001:0001736b       ?LoadGameCallback@savegameMenu_t@@SAXPAX@Z 0041836b f i menu.obj
 0001:00017394       ?SaveGameCallback@savegameMenu_t@@SAXPAX@Z 00418394 f i menu.obj
 0001:000173b3       ?Draw@savegameMenu_t@@UAEXXZ 004183b3 f i menu.obj
 0001:000173ce       ?DrawSavegameShot@savegameMenu_t@@QAEXHH@Z 004183ce f i menu.obj
 0001:000174b3       ?Init@joinserverMenu_t@@UAE_NXZ 004184b3 f i menu.obj
 0001:000175dc       ?JoinServerFunc@joinserverMenu_t@@SAXPAX@Z 004185dc f i menu.obj
 0001:0001763e       ?SearchLocalGames@joinserverMenu_t@@SAXXZ 0041863e f i menu.obj
 0001:000176a9       ?M_AddToServerList@@YAXUnetadr_t@@PAD@Z 004186a9 f   menu.obj
 0001:0001772c       ?Init@startserverMenu_t@@UAE_NXZ 0041872c f i menu.obj
 0001:00017bce       ?DMOptionsFunc@startserverMenu_t@@SAXPAX@Z 00418bce f i menu.obj
 0001:00017bde       ?RulesChangeFunc@startserverMenu_t@@SAXPAX@Z 00418bde f i menu.obj
 0001:00017c58       ?StartServerActionFunc@startserverMenu_t@@SAXPAX@Z 00418c58 f i menu.obj
 0001:00017c83       ?StartServerFunc@startserverMenu_t@@SAXPAD@Z 00418c83 f i menu.obj
 0001:00017eba       ?KeyDown@startserverMenu_t@@UAEPBDH@Z 00418eba f i menu.obj
 0001:00017f17       ?Init@dmoptionsMenu_t@@UAE_NXZ 00418f17 f i menu.obj
 0001:000184f6       ?DMFlagCallback@dmoptionsMenu_t@@SAXPAX@Z 004194f6 f i menu.obj
 0001:000186d1       ?Init@downloadOptionsMenu_t@@UAE_NXZ 004196d1 f i menu.obj
 0001:0001889c       ?DownloadCallback@downloadOptionsMenu_t@@SAXPAX@Z 0041989c f i menu.obj
 0001:00018907       ?Init@addressBookMenu_t@@UAE_NXZ 00419907 f i menu.obj
 0001:000189af       ?KeyDown@addressBookMenu_t@@UAEPBDH@Z 004199af f i menu.obj
 0001:00018a0c       ?Init@playerConfigMenu_t@@UAE_NXZ 00419a0c f i menu.obj
 0001:00018f53       ?HandednessCallback@playerConfigMenu_t@@SAXPAX@Z 00419f53 f i menu.obj
 0001:00018f68       ?RTypeCallback@playerConfigMenu_t@@SAXPAX@Z 00419f68 f i menu.obj
 0001:00018f7d       ?RColorCallback@playerConfigMenu_t@@SAXPAX@Z 00419f7d f i menu.obj
 0001:00018f92       ?RateCallback@playerConfigMenu_t@@SAXPAX@Z 00419f92 f i menu.obj
 0001:00018fb5       ?ModelCallback@playerConfigMenu_t@@SAXPAX@Z 00419fb5 f i menu.obj
 0001:00018fe9       ?SkinCallback@playerConfigMenu_t@@SAXPAX@Z 00419fe9 f i menu.obj
 0001:00018ff1       ?Draw@playerConfigMenu_t@@UAEXXZ 00419ff1 f i menu.obj
 0001:000192c9       ?KeyDown@playerConfigMenu_t@@UAEPBDH@Z 0041a2c9 f i menu.obj
 0001:000193a8       ?Init@dmbrowseMenu_t@@UAE_NXZ 0041a3a8 f i menu.obj
 0001:000195ae       ?KeyDown@dmbrowseMenu_t@@UAEPBDH@Z 0041a5ae f i menu.obj
 0001:00019772       ?Draw@dmbrowseMenu_t@@UAEXXZ 0041a772 f i menu.obj
 0001:000198b7       ?DrawThumbnail@dmbrowseMenu_t@@SAXHHHHPAD_N@Z 0041a8b7 f i menu.obj
 0001:0001999e       ?Init@videoMenu_t@@UAE_NXZ 0041a99e f i menu.obj
 0001:00019f57       ?ScreenSizeCallback@videoMenu_t@@SAXPAX@Z 0041af57 f i menu.obj
 0001:00019f75       ?BrightnessCallback@videoMenu_t@@SAXPAX@Z 0041af75 f i menu.obj
 0001:00019f93       ?ContrastCallback@videoMenu_t@@SAXPAX@Z 0041af93 f i menu.obj
 0001:00019fcc       ?CancelChanges@videoMenu_t@@SAXPAX@Z 0041afcc f i menu.obj
 0001:00019fed       ?KeyDown@videoMenu_t@@UAEPBDH@Z 0041afed f i menu.obj
 0001:0001a034       ?ApplyChanges@videoMenu_t@@SAXPAX@Z 0041b034 f i menu.obj
 0001:0001a1eb       ?KeyDown@quitMenu_t@@UAEPBDH@Z 0041b1eb f i menu.obj
 0001:0001a223       ?Draw@quitMenu_t@@UAEXXZ   0041b223 f i menu.obj
 0001:0001a293       ?M_Init@@YAXXZ             0041b293 f   menu.obj
 0001:0001a475       ?ItemAtCursor@menuFramework_t@@QAEPAUmenuCommon_t@@XZ 0041b475 f   qmenu.obj
 0001:0001a4c9       ?AddItem@menuFramework_t@@QAEXPAUmenuCommon_t@@@Z 0041b4c9 f   qmenu.obj
 0001:0001a585       ?AdjustCursor@menuFramework_t@@QAEXH@Z 0041b585 f   qmenu.obj
 0001:0001a6f4       ?Center@menuFramework_t@@QAEXXZ 0041b6f4 f   qmenu.obj
 0001:0001a735       ?Draw@menuFramework_t@@UAEXXZ 0041b735 f   qmenu.obj
 0001:0001aced       ?SelectItem@menuFramework_t@@QAE_NXZ 0041bced f   qmenu.obj
 0001:0001ad4b       ?SetStatusBar@menuFramework_t@@QAEXPBD@Z 0041bd4b f   qmenu.obj
 0001:0001ad55       ?SlideItem@menuFramework_t@@QAEXH@Z 0041bd55 f   qmenu.obj
 0001:0001b2d2       ?Push@menuFramework_t@@QAEXXZ 0041c2d2 f   qmenu.obj
 0001:0001b35a       ?M_ForceMenuOff@@YAXXZ     0041c35a f   qmenu.obj
 0001:0001b387       ?Pop@menuFramework_t@@QAEXXZ 0041c387 f   qmenu.obj
 0001:0001b3c1       ?KeyDown@menuFramework_t@@UAEPBDH@Z 0041c3c1 f   qmenu.obj
 0001:0001b635       ?Init@menuFramework_t@@UAE_NXZ 0041c635 f   qmenu.obj
 0001:0001b638       ?M_Draw@@YAXXZ             0041c638 f   qmenu.obj
 0001:0001b673       ?M_Keydown@@YAXH@Z         0041c673 f   qmenu.obj
 0001:0001b692       ?InitRendererVars@@YAXXZ   0041c692 f   ref_vars.obj
 0001:0001b6b1       ?S_SoundInfo_f@@YAXXZ      0041c6b1 f   snd_dma.obj
 0001:0001b73b       ?S_Init@@YAXXZ             0041c73b f   snd_dma.obj
 0001:0001b809       ?S_Shutdown@@YAXXZ         0041c809 f   snd_dma.obj
 0001:0001b89c       ?S_BeginRegistration@@YAXXZ 0041c89c f   snd_dma.obj
 0001:0001b8aa       ?S_RegisterSound@@YAPAUsfx_t@@PBD@Z 0041c8aa f   snd_dma.obj
 0001:0001ba40       ?S_EndRegistration@@YAXXZ  0041ca40 f   snd_dma.obj
 0001:0001bad8       ?S_PickChannel@@YAPAUchannel_t@@HH@Z 0041cad8 f   snd_dma.obj
 0001:0001bb65       ?S_Spatialize@@YAXPAUchannel_t@@@Z 0041cb65 f   snd_dma.obj
 0001:0001bcfc       ?S_AllocPlaysound@@YAPAUplaysound_t@@XZ 0041ccfc f   snd_dma.obj
 0001:0001bd1e       ?S_FreePlaysound@@YAXPAUplaysound_t@@@Z 0041cd1e f   snd_dma.obj
 0001:0001bd4e       ?S_IssuePlaysound@@YAXPAUplaysound_t@@@Z 0041cd4e f   snd_dma.obj
 0001:0001be1b       ?S_StartSound@@YAXPBUCVec3@@HHPAUsfx_t@@MMM@Z 0041ce1b f   snd_dma.obj
 0001:0001c241       ?S_StartLocalSound@@YAXPBD@Z 0041d241 f   snd_dma.obj
 0001:0001c290       ?S_ClearBuffer@@YAXXZ      0041d290 f   snd_dma.obj
 0001:0001c2f9       ?S_StopAllSounds_f@@YAXXZ  0041d2f9 f   snd_dma.obj
 0001:0001c369       ?S_AddLoopSounds@@YAXXZ    0041d369 f   snd_dma.obj
 0001:0001c53f       ?S_RawSamples@@YAXHHHHPAE@Z 0041d53f f   snd_dma.obj
 0001:0001c743       ?S_Update@@YAXABUCVec3@@0@Z 0041d743 f   snd_dma.obj
 0001:0001c826       ?GetSoundtime@@YAXXZ       0041d826 f   snd_dma.obj
 0001:0001c88d       ?S_Update_@@YAXXZ          0041d88d f   snd_dma.obj
 0001:0001cb40       ?ResampleSfx@@YAXPAUsfx_t@@HHPAE@Z 0041db40 f   snd_mem.obj
 0001:0001cc5b       ?S_LoadSound@@YAPAUsfxcache_t@@PAUsfx_t@@@Z 0041dc5b f   snd_mem.obj
 0001:0001cd93       ?GetWavinfo@@YA?AUwavinfo_t@@PADPAEH@Z 0041dd93 f   snd_mem.obj
 0001:0001cfd5       ?S_WriteLinearBlastStereo16@@YAXXZ 0041dfd5 f   snd_mix.obj
 0001:0001d049       ?S_TransferStereo16@@YAXPAKH@Z 0041e049 f   snd_mix.obj
 0001:0001d0b2       ?S_TransferPaintBuffer@@YAXH@Z 0041e0b2 f   snd_mix.obj
 0001:0001d216       ?S_PaintChannels@@YAXH@Z   0041e216 f   snd_mix.obj
 0001:0001d492       ?S_InitScaletable@@YAXXZ   0041e492 f   snd_mix.obj
 0001:0001d653       ?SV_ComputeAnimation@@YAXPAUplayer_state_t@@AAUentityStateEx_t@@PAU2@PAUedict_s@@@Z 0041e653 f   sv_anim.obj
 0001:0001da50       ?SV_WipeSavegame@@YAXPAD@Z 0041ea50 f   sv_ccmds.obj
 0001:0001da7e       ?SV_CopySaveGame@@YAXPAD0@Z 0041ea7e f   sv_ccmds.obj
 0001:0001dad3       ?SV_WriteLevelFile@@YAXXZ  0041ead3 f   sv_ccmds.obj
 0001:0001db81       ?SV_ReadLevelFile@@YAXXZ   0041eb81 f   sv_ccmds.obj
 0001:0001dc2f       ?SV_WriteServerFile@@YAX_NPAD@Z 0041ec2f f   sv_ccmds.obj
 0001:0001de6b       ?SV_ReadServerFile@@YAXXZ  0041ee6b f   sv_ccmds.obj
 0001:0001df90       ?SV_AddressBanned@@YA_NPAUnetadr_t@@@Z 0041ef90 f   sv_ccmds.obj
 0001:0001dfd1       ?SV_InitOperatorCommands@@YAXXZ 0041efd1 f   sv_ccmds.obj
 0001:0001efd6       ?SV_WriteFrameToClient@@YAXPAUclient_t@@PAVsizebuf_t@@@Z 0041ffd6 f   sv_ents.obj
 0001:0001f721       ?SV_RecordDemoMessage@@YAXXZ 00420721 f   sv_ents.obj
 0001:00020309       ?SV_InitGameLibrary@@YAX_N@Z 00421309 f   sv_game.obj
 0001:0002044f       ?SV_ShutdownGameLibrary@@YAXXZ 0042144f f   sv_game.obj
 0001:000205ac       ?SV_FindIndex@@YAHPADHH_N@Z 004215ac f   sv_init.obj
 0001:000206b9       ?SV_ModelIndex@@YAHPAD@Z   004216b9 f   sv_init.obj
 0001:000206cf       ?SV_SoundIndex@@YAHPAD@Z   004216cf f   sv_init.obj
 0001:000206e8       ?SV_ImageIndex@@YAHPAD@Z   004216e8 f   sv_init.obj
 0001:00020701       ?SV_CreateBaseline@@YAXXZ  00421701 f   sv_init.obj
 0001:0002077e       ?SV_CheckForSavegame@@YAXXZ 0042177e f   sv_init.obj
 0001:00020806       ?SV_SpawnServer@@YAXPAD0W4server_state_t@@_N2@Z 00421806 f   sv_init.obj
 0001:00020ad4       ?SV_InitGame@@YAXXZ        00421ad4 f   sv_init.obj
 0001:00020d1e       ?SV_Map@@YAX_NPBD0@Z       00421d1e f   sv_init.obj
 0001:00020ee7       ?SV_DropClient@@YAXPAUclient_t@@PAD@Z 00421ee7 f   sv_main.obj
 0001:000217f6       ?SV_ConnectionlessPacket@@YAXXZ 004227f6 f   sv_main.obj
 0001:000218c1       ?SV_CalcPings@@YAXXZ       004228c1 f   sv_main.obj
 0001:00021948       ?SV_GiveMsec@@YAXXZ        00422948 f   sv_main.obj
 0001:00021987       ?SV_ReadPackets@@YAXXZ     00422987 f   sv_main.obj
 0001:00021acf       ?SV_CheckTimeouts@@YAXXZ   00422acf f   sv_main.obj
 0001:00021be0       ?SV_PostprocessFrame@@YAXXZ 00422be0 f   sv_main.obj
 0001:0002209e       ?SV_MulticastHook@@YAPAVsizebuf_t@@PAV1@0@Z 0042309e f   sv_main.obj
 0001:0002248e       ?SV_TraceHook@@YA?AUtrace_t@@ABUCVec3@@PBU2@10PAUedict_s@@H@Z 0042348e f   sv_main.obj
 0001:0002262c       ?SV_Frame@@YAXM@Z          0042362c f   sv_main.obj
 0001:000228df       ?SV_UserinfoChanged@@YAXPAUclient_t@@@Z 004238df f   sv_main.obj
 0001:000229a3       ?SV_Init@@YAXXZ            004239a3 f   sv_main.obj
 0001:00022a05       ?SV_Shutdown@@YAXPBD_N@Z   00423a05 f   sv_main.obj
 0001:00022c0c       ?SV_BeginRedirect@@YAXXZ   00423c0c f   sv_send.obj
 0001:00022cb6       ?SV_ClientPrintf@@YAXPAUclient_t@@HPBDZZ 00423cb6 f   sv_send.obj
 0001:00022d11       ?SV_BroadcastPrintf@@YAXHPBDZZ 00423d11 f   sv_send.obj
 0001:00022de7       ?SV_BroadcastCommand@@YAXPBDZZ 00423de7 f   sv_send.obj
 0001:00022e3f       ?SV_Multicast@@YAXABUCVec3@@W4multicast_t@@_N@Z 00423e3f f   sv_send.obj
 0001:00023065       ?SV_MulticastOld@@YAXABUCVec3@@W4multicast_t@@@Z 00424065 f   sv_send.obj
 0001:00023078       ?SV_MulticastNew@@YAXABUCVec3@@W4multicast_t@@@Z 00424078 f   sv_send.obj
 0001:0002308b       ?SV_StartSound@@YAXPBUCVec3@@PAUedict_s@@HHMMM_N@Z 0042408b f   sv_send.obj
 0001:00023358       ?SV_StartSoundOld@@YAXPBUCVec3@@PAUedict_s@@HHMMM@Z 00424358 f   sv_send.obj
 0001:00023388       ?SV_StartSoundNew@@YAXPBUCVec3@@PAUedict_s@@HHMMM@Z 00424388 f   sv_send.obj
 0001:000233b8       ?SV_SendClientDatagram@@YA_NPAUclient_t@@@Z 004243b8 f   sv_send.obj
 0001:0002347a       ?SV_DemoCompleted@@YAXXZ   0042447a f   sv_send.obj
 0001:00023496       ?SV_RateDrop@@YA_NPAUclient_t@@@Z 00424496 f   sv_send.obj
 0001:000234e0       ?SV_SendClientMessages@@YAXXZ 004244e0 f   sv_send.obj
 0001:00023623       ?SV_ClearTexts@@YAXXZ      00424623 f   sv_text.obj
 0001:0002362b       ?SV_DrawTexts@@YAXXZ       0042462b f   sv_text.obj
 0001:000237e0       ?SV_DrawText3D@@YAXABUCVec3@@PBDI@Z 004247e0 f   sv_text.obj
 0001:000237f7       ?SV_TokenizeString@@YAXPBD@Z 004247f7 f   sv_tokenize.obj
 0001:000238ce       ?SV_Argc@@YAHXZ            004248ce f   sv_tokenize.obj
 0001:000238d4       ?SV_Argv@@YAPADH@Z         004248d4 f   sv_tokenize.obj
 0001:000238ee       ?SV_Args@@YAPADXZ          004248ee f   sv_tokenize.obj
 0001:00024183       ?SV_Nextserver@@YAXXZ      00425183 f   sv_user.obj
 0001:00024212       ?SV_ExecuteUserCommand@@YAXPAD@Z 00425212 f   sv_user.obj
 0001:000242d4       ?SV_ClientThink@@YAXPAUclient_t@@PAUusercmd_t@@@Z 004252d4 f   sv_user.obj
 0001:00024317       ?SV_ExecuteClientMessage@@YAXPAUclient_t@@@Z 00425317 f   sv_user.obj
 0001:00024535       ?SV_ClearWorld@@YAXXZ      00425535 f   sv_world.obj
 0001:00024670       ?SV_UnlinkEdict@@YAXPAUedict_s@@@Z 00425670 f   sv_world.obj
 0001:00024733       ?SV_LinkEdict@@YAXPAUedict_s@@@Z 00425733 f   sv_world.obj
 0001:00024d1e       ?SV_AreaEdicts@@YAHABUCVec3@@0PAPAUedict_s@@HH@Z 00425d1e f   sv_world.obj
 0001:00024ecf       ?SV_PointContents@@YAHABUCVec3@@@Z 00425ecf f   sv_world.obj
 0001:00024ff6       ?SV_Trace@@YAXAAUtrace_t@@ABUCVec3@@1ABUCBox@@PAUedict_s@@H@Z 00425ff6 f   sv_world.obj
 0001:00025475       ?InitByteDirs@@YAXXZ       00426475 f   anorms.obj
 0001:000254b4       ?Cbuf_AddText@@YAXPBD@Z    004264b4 f   cmd.obj
 0001:00025516       ?Cbuf_CopyToDefer@@YAXXZ   00426516 f   cmd.obj
 0001:0002555e       ?Cbuf_InsertFromDefer@@YAXXZ 0042655e f   cmd.obj
 0001:00025617       ?Cbuf_Execute@@YAXXZ       00426617 f   cmd.obj
 0001:0002571d       ?Cmd_Unalias_f@@YAX_NHPAPAD@Z 0042671d f   cmd.obj
 0001:00025793       ?Cmd_WriteAliases@@YAXPAU_iobuf@@@Z 00426793 f   cmd.obj
 0001:000257c4       ?RegisterCommand@@YA_NPBDP6AXXZH@Z 004267c4 f   cmd.obj
 0001:0002587d       ?UnregisterCommand@@YA_NPBD@Z 0042687d f   cmd.obj
 0001:0002590e       ?Cmd_ExecuteString@@YA_NPBD@Z 0042690e f   cmd.obj
 0001:00025d61       ?ExecuteCommand@@YA_NPBDPBUCSimpleCommand@@H@Z 00426d61 f   cmd.obj
 0001:00025e39       ?Cmd_Init@@YAXXZ           00426e39 f   cmd.obj
 0001:0002618b       ?CM_LoadMap@@YAPAUcmodel_t@@PBD_NPAI@Z 0042718b f   cmodel.obj
 0001:000268bc       ?SetSignbits@cplane_t@@QAEXXZ 004278bc f i cmodel.obj
 0001:000268f0       ?SetType@cplane_t@@QAEXXZ  004278f0 f i cmodel.obj
 0001:00026aac       ?CM_InlineModel@@YAPAUcmodel_t@@PBD@Z 00427aac f   cmodel.obj
 0001:00026aed       ?CM_NumClusters@@YAHXZ     00427aed f   cmodel.obj
 0001:00026af3       ?CM_NumInlineModels@@YAHXZ 00427af3 f   cmodel.obj
 0001:00026af9       ?CM_EntityString@@YAPBDXZ  00427af9 f   cmodel.obj
 0001:00026aff       ?CM_LeafContents@@YAHH@Z   00427aff f   cmodel.obj
 0001:00026b26       ?CM_LeafCluster@@YAHH@Z    00427b26 f   cmodel.obj
 0001:00026b9c       ?CM_LeafArea@@YAHH@Z       00427b9c f   cmodel.obj
 0001:00026d5f       ?CM_HeadnodeForBox@@YAHABUCBox@@@Z 00427d5f f   cmodel.obj
 0001:00026e14       ?CM_PointLeafnum@@YAHABUCVec3@@H@Z 00427e14 f   cmodel.obj
 0001:00026eb7       ?DistanceTo@cplane_t@@QAEMABUCVec3@@@Z 00427eb7 f i cmodel.obj
 0001:00026efb       ?CM_PointContents@@YAHABUCVec3@@H@Z 00427efb f   cmodel.obj
 0001:00026f70       ?CM_TransformedPointContents@@YAHABUCVec3@@H00@Z 00427f70 f   cmodel.obj
 0001:00027051       ?CM_TransformedPointContents@@YAHABUCVec3@@H0ABUCAxis@@@Z 00428051 f   cmodel.obj
 0001:000270fc       ?CM_BoxLeafnums@@YAHABUCBox@@PAHH1H@Z 004280fc f   cmodel.obj
 0001:00027205       ?BOX_ON_PLANE_SIDE@@YAHABUCBox@@ABUcplane_t@@@Z 00428205 f i cmodel.obj
 0001:0002726f       ?CM_BoxTrace@@YAXAAUtrace_t@@ABUCVec3@@1ABUCBox@@HH@Z 0042826f f   cmodel.obj
 0001:00027c11       ?CM_TransformedBoxTrace@@YAXAAUtrace_t@@ABUCVec3@@1ABUCBox@@HH11@Z 00428c11 f   cmodel.obj
 0001:00027d8e       ?CM_TransformedBoxTrace@@YAXAAUtrace_t@@ABUCVec3@@1ABUCBox@@HH1ABUCAxis@@@Z 00428d8e f   cmodel.obj
 0001:00027e4b       ?CM_BrushTrace@@YAHABUCVec3@@0PAHH@Z 00428e4b f   cmodel.obj
 0001:0002825d       ?CM_RefineBrushTrace@@YAHABUCVec3@@0PAHH@Z 0042925d f   cmodel.obj
 0001:00028303       ?CM_ClusterPVS@@YAPAEH@Z   00429303 f   cmodel.obj
 0001:00028447       ?CM_ClusterPHS@@YAPAEH@Z   00429447 f   cmodel.obj
 0001:000285aa       ?CM_SetAreaPortalState@@YAXH_N@Z 004295aa f   cmodel.obj
 0001:000285cf       ?CM_AreasConnected@@YA_NHH@Z 004295cf f   cmodel.obj
 0001:00028613       ?CM_WriteAreaBits@@YAHPAEH@Z 00429613 f   cmodel.obj
 0001:000286b5       ?CM_WritePortalState@@YAXPAU_iobuf@@@Z 004296b5 f   cmodel.obj
 0001:000286cf       ?CM_ReadPortalState@@YAXPAU_iobuf@@@Z 004296cf f   cmodel.obj
 0001:000286ed       ?CM_HeadnodeVisible@@YA_NHPBE@Z 004296ed f   cmodel.obj
 0001:000287c8       ?Com_BeginRedirect@@YAXPADHP6AX0@Z@Z 004297c8 f   common.obj
 0001:000287f5       ?Com_EndRedirect@@YAXXZ    004297f5 f   common.obj
 0001:00028814       ?Com_Printf@@YAXPBDZZ      00429814 f   common.obj
 0001:00028a0c       ?Com_DPrintf@@YAXPBDZZ     00429a0c f   common.obj
 0001:00028a85       ?DebugPrintf@@YAXPBDZZ     00429a85 f   common.obj
 0001:00028b2f       ?Com_WPrintf@@YAXPBDZZ     00429b2f f   common.obj
 0001:00028b89       ?Com_Quit@@YAXXZ           00429b89 f   common.obj
 0001:00028ba9       ?IPWildcard@@YA_NPAUnetadr_t@@PAD@Z 00429ba9 f   common.obj
 0001:00028c83       ?Com_ServerState@@YA?AW4server_state_t@@XZ 00429c83 f   common.obj
 0001:00028c89       ?Com_SetServerState@@YAXW4server_state_t@@@Z 00429c89 f   common.obj
 0001:00028c93       ?frand@@YAMXZ              00429c93 f   common.obj
 0001:00028cab       ?crand@@YAMXZ              00429cab f   common.obj
 0001:00028cc9       ?Info_ValueForKey@@YAPBDPBD0@Z 00429cc9 f   common.obj
 0001:00028d48       ?Info_SetValueForKey@@YAXPADPBD1@Z 00429d48 f   common.obj
 0001:00028eab       ?Info_Print@@YAXPBD@Z      00429eab f   common.obj
 0001:00028f31       ?Com_CheckCmdlineVar@@YA_NPBD@Z 00429f31 f   common.obj
 0001:00028f87       ?Com_Init@@YAXPBD@Z        00429f87 f   common.obj
 0001:00029355       ?Com_Frame@@YAXM@Z         0042a355 f   common.obj
 0001:00029693       ?Com_Shutdown@@YAXXZ       0042a693 f   common.obj
 0001:000296ac       ?Com_BlockSequenceCRCByte@@YAEPAEHH@Z 0042a6ac f   crc.obj
 0001:00029762       ?Cvar_VariableValue@@YAMPBD@Z 0042a762 f   cvar.obj
 0001:000297d0       ?Cvar_VariableInt@@YAHPBD@Z 0042a7d0 f   cvar.obj
 0001:000297e3       ?Cvar_VariableString@@YAPBDPBD@Z 0042a7e3 f   cvar.obj
 0001:000297fb       ?Cvar_Get@@YAPAUcvar_t@@PBD0H@Z 0042a7fb f   cvar.obj
 0001:00029ab2       ?Cvar_GetVars@@YAXPBUcvarInfo_t@@H@Z 0042aab2 f   cvar.obj
 0001:00029b5c       ?Cvar_FullSet@@YAPAUcvar_t@@PBD0I@Z 0042ab5c f   cvar.obj
 0001:00029bb6       ?Cvar_SetValue@@YAPAUcvar_t@@PBDM@Z 0042abb6 f   cvar.obj
 0001:00029ddc       ?Cvar_SetInteger@@YAPAUcvar_t@@PBDH@Z 0042addc f   cvar.obj
 0001:00029dfe       ?Cvar_Set@@YAPAUcvar_t@@PBD0@Z 0042adfe f   cvar.obj
 0001:00029e13       ?Cvar_ForceSet@@YAPAUcvar_t@@PBD0@Z 0042ae13 f   cvar.obj
 0001:00029e28       ?Cvar_Clamp@@YAMPAUcvar_t@@MM@Z 0042ae28 f   cvar.obj
 0001:00029e86       ?Cvar_GetLatchedVars@@YAXXZ 0042ae86 f   cvar.obj
 0001:00029eb5       ?Cvar_Command@@YA_NHPAPAD@Z 0042aeb5 f   cvar.obj
 0001:00029f4e       ?IsDefault@cvar_t@@QAE_NXZ 0042af4e f i cvar.obj
 0001:00029f6b       ?Cvar_WriteVariables@@YAXPAU_iobuf@@HHPBD@Z 0042af6b f   cvar.obj
 0001:00029ff3       ?Cvar_Userinfo@@YAPBDXZ    0042aff3 f   cvar.obj
 0001:0002a04e       ?Cvar_Serverinfo@@YAPBDXZ  0042b04e f   cvar.obj
 0001:0002a057       ?Cvar_Cheats@@YAX_N@Z      0042b057 f   cvar.obj
 0001:0002a0a8       ?Cvar_Init@@YAXXZ          0042b0a8 f   cvar.obj
 0001:0002a8cb       ?MSG_WriteDeltaEntity@@YAXPAVsizebuf_t@@PBUentityStateEx_t@@PAU2@_N33@Z 0042b8cb f   entdelta.obj
 0001:0002ae87       ?MSG_WriteRemoveEntity@@YAXPAVsizebuf_t@@H@Z 0042be87 f   entdelta.obj
 0001:0002aec7       ?MSG_ReadEntityBits@@YAHPAVsizebuf_t@@PAIPA_N@Z 0042bec7 f   entdelta.obj
 0001:0002af38       ?MSG_ReadDeltaEntity@@YAXPAVsizebuf_t@@PBUentityStateEx_t@@PAU2@I@Z 0042bf38 f   entdelta.obj
 0001:0002afbb       ?MSG_WriteDeltaUsercmd@@YAXPAVsizebuf_t@@PBUusercmd_t@@PAU2@@Z 0042bfbb f   entdelta.obj
 0001:0002b04a       ?MSG_ReadDeltaUsercmd@@YAXPAVsizebuf_t@@PBUusercmd_t@@PAU2@@Z 0042c04a f   entdelta.obj
 0001:0002b34d       ?MSG_WriteDeltaPlayerstate@@YAXPAVsizebuf_t@@PBUplayer_state_t@@PAU2@@Z 0042c34d f   entdelta.obj
 0001:0002b456       ?MSG_ReadDeltaPlayerstate@@YAXPAVsizebuf_t@@PBUplayer_state_t@@PAU2@@Z 0042c456 f   entdelta.obj
 0001:0002b52a       ?FS_CreatePath@@YAXPBD@Z   0042c52a f   files.obj
 0001:0002b590       ?FS_CopyFile@@YAXPBD0@Z    0042c590 f   files.obj
 0001:0002b693       ?FS_CopyFiles@@YAXPBD0@Z   0042c693 f   files.obj
 0001:0002b76c       ?FS_RemoveFiles@@YAXPBD@Z  0042c76c f   files.obj
 0001:0002b7e0       ?FS_FCloseFile@@YAXPAVQFILE@@@Z 0042c7e0 f   files.obj
 0001:0002b87e       ?FS_FOpenFile@@YAPAVQFILE@@PBDPAH@Z 0042c87e f   files.obj
 0001:0002bda1       ?FS_FileExists@@YA_NPBD@Z  0042cda1 f   files.obj
 0001:0002bfba       ?FS_Read@@YAXPAXHPAVQFILE@@@Z 0042cfba f   files.obj
 0001:0002c21e       ?FS_LoadFile@@YAPAXPBDPAI@Z 0042d21e f   files.obj
 0001:0002c274       ?FS_FreeFile@@YAXPAX@Z     0042d274 f   files.obj
 0001:0002c27f       ?FS_Gamedir@@YAPBDXZ       0042d27f f   files.obj
 0001:0002c293       ?FS_LoadGameConfig@@YAXXZ  0042d293 f   files.obj
 0001:0002c358       ?FS_SetGamedir@@YA_NPBD@Z  0042d358 f   files.obj
 0001:0002ca43       ?FS_ListFiles@@YA?AV?$TList@VCStringItem@@@@PBDH@Z 0042da43 f   files.obj
 0001:0002cdc5       ?FS_NextPath@@YAPADPBD@Z   0042ddc5 f   files.obj
 0001:0002cde9       ?FS_InitFilesystem@@YAXXZ  0042dde9 f   files.obj
 0001:0002d795       ?LoadPCX@@YAXPBDAAPAE1AAH2@Z 0042e795 f   images.obj
 0001:0002d8c4       ?LoadTGA@@YAXPBDAAPAEAAH2@Z 0042e8c4 f   images.obj
 0001:0002dab3       ?LoadJPG@@YAXPBDAAPAEAAH2@Z 0042eab3 f   images.obj
 0001:0002dd3f       ?ImageExists@@YAHPBDH@Z    0042ed3f f   images.obj
 0001:0002de46       ?WriteTGA@@YA_NPBDPAEHH@Z  0042ee46 f   images.obj
 0001:0002e030       ?WriteJPG@@YA_NPBDPAEHH_N@Z 0042f030 f   images.obj
 0001:0002e157       ?MD4Init@@YAXPAUMD4_CTX@@@Z 0042f157 f   md4.obj
 0001:0002e17f       ?MD4Update@@YAXPAUMD4_CTX@@PAEI@Z 0042f17f f   md4.obj
 0001:0002e21d       ?MD4Final@@YAXQAEPAUMD4_CTX@@@Z 0042f21d f   md4.obj
 0001:0002e90e       ?Com_BlockChecksum@@YAIPAXH@Z 0042f90e f   md4.obj
 0001:0002e94a       ?LoadQ2BspFile@@YAXXZ      0042f94a f   model.obj
 0001:0002ed00       ?LoadBspFile@@YAPAUbspfile_t@@PBD_NPAI@Z 0042fd00 f   model.obj
 0001:0002eeae       ?ProcessEntstring@@YAPADPAD@Z 0042feae f   model.obj
 0001:0002fd55       ?Init@sizebuf_t@@QAEXPAXH@Z 00430d55 f   msg.obj
 0001:0002fd70       ?Write@sizebuf_t@@QAEXPBXH@Z 00430d70 f   msg.obj
 0001:0002fde0       ?MSG_WriteByte@@YAXPAVsizebuf_t@@H@Z 00430de0 f   msg.obj
 0001:0002fde0       ?MSG_WriteChar@@YAXPAVsizebuf_t@@H@Z 00430de0 f   msg.obj
 0001:0002fdf1       ?MSG_WriteShort@@YAXPAVsizebuf_t@@H@Z 00430df1 f   msg.obj
 0001:0002fe02       ?MSG_WriteLong@@YAXPAVsizebuf_t@@H@Z 00430e02 f   msg.obj
 0001:0002fe02       ?MSG_WriteFloat@@YAXPAVsizebuf_t@@M@Z 00430e02 f   msg.obj
 0001:0002fe13       ?MSG_WriteString@@YAXPAVsizebuf_t@@PBD@Z 00430e13 f   msg.obj
 0001:0002fe3d       ?MSG_WritePos@@YAXPAVsizebuf_t@@ABUCVec3@@@Z 00430e3d f   msg.obj
 0001:0002fea1       ?MSG_WriteAngle@@YAXPAVsizebuf_t@@M@Z 00430ea1 f   msg.obj
 0001:0002fecc       ?MSG_WriteAngle16@@YAXPAVsizebuf_t@@M@Z 00430ecc f   msg.obj
 0001:0002fef7       ?MSG_WriteDir@@YAXPAVsizebuf_t@@ABUCVec3@@@Z 00430ef7 f   msg.obj
 0001:0002ff5f       ?MSG_ReadDir@@YAXPAVsizebuf_t@@AAUCVec3@@@Z 00430f5f f   msg.obj
 0001:0002ff90       ?MSG_ReadChar@@YAHPAVsizebuf_t@@@Z 00430f90 f   msg.obj
 0001:0002ffb0       ?MSG_ReadByte@@YAHPAVsizebuf_t@@@Z 00430fb0 f   msg.obj
 0001:0002ffd0       ?MSG_ReadShort@@YAHPAVsizebuf_t@@@Z 00430fd0 f   msg.obj
 0001:0002fff0       ?MSG_ReadLong@@YAHPAVsizebuf_t@@@Z 00430ff0 f   msg.obj
 0001:0003000f       ?MSG_ReadString@@YAPADPAVsizebuf_t@@@Z 0043100f f   msg.obj
 0001:00030042       ?MSG_ReadPos@@YAXPAVsizebuf_t@@AAUCVec3@@@Z 00431042 f   msg.obj
 0001:00030094       ?MSG_ReadAngle@@YAMPAVsizebuf_t@@@Z 00431094 f   msg.obj
 0001:000300ae       ?MSG_ReadAngle16@@YAMPAVsizebuf_t@@@Z 004310ae f   msg.obj
 0001:000300c8       ?MSG_ReadData@@YAXPAVsizebuf_t@@PAXH@Z 004310c8 f   msg.obj
 0001:000300eb       ?Netchan_Init@@YAXXZ       004310eb f   net_chan.obj
 0001:0003015f       ?Netchan_OutOfBandPrint@@YAXW4netsrc_t@@Unetadr_t@@PBDZZ 0043115f f   net_chan.obj
 0001:000301e6       ?Setup@netchan_t@@QAEXW4netsrc_t@@Unetadr_t@@H@Z 004311e6 f   net_chan.obj
 0001:0003023e       ?NeedReliable@netchan_t@@QAE_NXZ 0043123e f   net_chan.obj
 0001:00030263       ?Transmit@netchan_t@@QAEXPAXH@Z 00431263 f   net_chan.obj
 0001:00030400       ?Process@netchan_t@@QAE_NPAVsizebuf_t@@@Z 00431400 f   net_chan.obj
 0001:0003052e       ?SetupTextParser@@YAXPBD@Z 0043152e f   parser.obj
 0001:00030538       ?GetParserPos@@YAPBDXZ     00431538 f   parser.obj
 0001:0003053e       ?GetLine@@YAPBDXZ          0043153e f   parser.obj
 0001:000305d1       ?GetScriptLine@@YAPBDXZ    004315d1 f   parser.obj
 0001:00030616       ?Pmove@@YAXPAUpmove_t@@@Z  00431616 f   pmove.obj
 0001:000323b3       ?NormalizeColor@@YAMABUCVec3@@AAU1@@Z 004333b3 f   q_shared2.obj
 0001:0003240f       ?NormalizeColor255@@YAMABUCVec3@@AAU1@@Z 0043340f f   q_shared2.obj
 0001:0003246f       ?Q_rsqrt@@YAMM@Z           0043346f f   q_shared2.obj
 0001:0003249f       ?AngleVectors@@YAXABUCVec3@@PAU1@11@Z 0043349f f   q_shared2.obj
 0001:00032600       ?MakeNormalVectors@@YAXABUCVec3@@AAU1@1@Z 00433600 f   q_shared2.obj
 0001:0003266f       ?VectorLength@@YAMABUCVec3@@@Z 0043366f f   q_shared2.obj
 0001:0003269e       ?VectorDistance@@YAMABUCVec3@@0@Z 0043369e f   q_shared2.obj
 0001:000326cf       ?LerpAngle@@YAMMMM@Z       004336cf f   q_shared2.obj
 0001:00032712       ?AngleMod@@YAMM@Z          00433712 f   q_shared2.obj
 0001:0003273e       ?AngleSubtract@@YAMMM@Z    0043373e f   q_shared2.obj
 0001:00032775       ?AnglesSubtract@@YAXABUCVec3@@0AAU1@@Z 00433775 f   q_shared2.obj
 0001:000327cd       ?Normalize@CVec3@@QAEMXZ   004337cd f   q_shared2.obj
 0001:0003281f       ?VectorNormalize@@YAMABUCVec3@@AAU1@@Z 0043381f f   q_shared2.obj
 0001:00032877       ?NormalizeFast@CVec3@@QAEMXZ 00433877 f   q_shared2.obj
 0001:000328c8       ?cross@@YAXABUCVec3@@0AAU1@@Z 004338c8 f   q_shared2.obj
 0001:00032903       ?Clear@CBox@@QAEXXZ        00433903 f   q_shared2.obj
 0001:00032921       ?Expand@CBox@@QAEXABUCVec3@@@Z 00433921 f   q_shared2.obj
 0001:00032950       ?Expand@CBox@@QAEXABU1@@Z  00433950 f   q_shared2.obj
 0001:0003298c       ?GetCenter@CBox@@QAEXAAUCVec3@@@Z 0043398c f   q_shared2.obj
 0001:000329ac       ?OnPlaneSide@CBox@@QBEHABUcplane_t@@@Z 004339ac f   q_shared2.obj
 0001:00032adb       ?FromAngles@CAxis@@QAEXABUCVec3@@@Z 00433adb f   q_shared2.obj
 0001:00032b1a       ?TransformVector@CAxis@@QBEXABUCVec3@@AAU2@@Z 00433b1a f   q_shared2.obj
 0001:00032b6b       ?UnTransformVector@CAxis@@QBEXABUCVec3@@AAU2@@Z 00433b6b f   q_shared2.obj
 0001:00032bcf       ?TransformAxis@CAxis@@QBEXABU1@AAU1@@Z 00433bcf f   q_shared2.obj
 0001:00032c15       ?UnTransformAxis@CAxis@@QBEXABU1@AAU1@@Z 00433c15 f   q_shared2.obj
 0001:00032c5b       ?TransformPoint@CCoords@@QBEXABUCVec3@@AAU2@@Z 00433c5b f   q_shared2.obj
 0001:00032cb9       ?UnTransformPoint@CCoords@@QBEXABUCVec3@@AAU2@@Z 00433cb9 f   q_shared2.obj
 0001:00032d26       ?UnTransformCoords@CCoords@@QBEXABU1@AAU1@@Z 00433d26 f   q_shared2.obj
 0001:00032d50       ?TransformPlane@CCoords@@QBEXABUcplane_t@@AAU2@@Z 00433d50 f   q_shared2.obj
 0001:00032d88       ?TransformPoint@@YAXABUCVec3@@ABUCAxis@@0AAU1@@Z 00433d88 f   q_shared2.obj
 0001:00032deb       ?UnTransformPoint@@YAXABUCVec3@@ABUCAxis@@0AAU1@@Z 00433deb f   q_shared2.obj
 0001:00032e5b       ?ShortSwap@@YAFF@Z         00433e5b f   q_shared2.obj
 0001:00032e70       ?COM_Parse@@YAPADAAPBD_N@Z 00433e70 f   q_shared2.obj
 0001:00032f94       ?COM_QuoteString@@YAPBDPBD_N@Z 00433f94 f   q_shared2.obj
 0001:00032fef       ?Com_PageInMemory@@YAXPAXH@Z 00433fef f   q_shared2.obj
 0001:0003300e       ?Zip_OpenArchive@@YAPAU_iobuf@@PBD@Z 0043400e f   zip.obj
 0001:00033079       ?Zip_CloseArchive@@YAXPAU_iobuf@@@Z 00434079 f   zip.obj
 0001:00033085       ?Zip_EnumArchive@@YA_NPAU_iobuf@@P6A_NPAUzipFile_t@@@Z@Z 00434085 f   zip.obj
 0001:00033262       ?Zip_OpenFile@@YAPAUZFILE@@PAU_iobuf@@PAUzipFile_t@@@Z 00434262 f   zip.obj
 0001:00033346       ?Zip_ReadFile@@YAHPAUZFILE@@PAXH@Z 00434346 f   zip.obj
 0001:0003343c       ?Zip_CloseFile@@YA_NPAUZFILE@@@Z 0043443c f   zip.obj
 0001:00033480       ?Zip_OpenBuf@@YAPAUZBUF@@PAXH@Z 00434480 f   zip.obj
 0001:000334be       ?Zip_ReadBuf@@YAHPAUZBUF@@PAXH@Z 004344be f   zip.obj
 0001:00033506       ?Zip_CloseBuf@@YAXPAUZBUF@@@Z 00434506 f   zip.obj
 0001:0003351b       _zcalloc                   0043451b f   zip.obj
 0001:0003352f       _zcfree                    0043452f f   zip.obj
 0001:0003353a       ?CDAudio_Play2@@YAXH_N@Z   0043453a f   cd_win.obj
 0001:00033719       ?CDAudio_Play@@YAXH_N@Z    00434719 f   cd_win.obj
 0001:00033730       ?CDAudio_Stop@@YAXXZ       00434730 f   cd_win.obj
 0001:00033775       ?CDAudio_Pause@@YAXXZ      00434775 f   cd_win.obj
 0001:000337ce       ?CDAudio_Resume@@YAXXZ     004347ce f   cd_win.obj
 0001:0003383d       ?CDAudio_Update@@YAXXZ     0043483d f   cd_win.obj
 0001:00033871       ?CDAudio_Init@@YAHXZ       00434871 f   cd_win.obj
 0001:00033cd3       ?CDAudio_Shutdown@@YAXXZ   00434cd3 f   cd_win.obj
 0001:00033d06       ?CDAudio_Activate@@YAX_N@Z 00434d06 f   cd_win.obj
 0001:00033d17       ?IN_Commands@@YAXXZ        00434d17 f   in_win.obj
 0001:00033e3f       ?IN_Init@@YAXXZ            00434e3f f   in_win.obj
 0001:00034136       ?IN_Shutdown@@YAXXZ        00435136 f   in_win.obj
 0001:00034310       ?IN_Move@@YAXPAUusercmd_t@@@Z 00435310 f   in_win.obj
 0001:000348ed       ?IN_Activate@@YAX_N@Z      004358ed f   in_win.obj
 0001:000348f7       ?IN_Frame@@YAXXZ           004358f7 f   in_win.obj
 0001:00034c5f       ?NetadrToSockadr@@YAXPAUnetadr_t@@PAUsockaddr@@@Z 00435c5f f   net_wins.obj
 0001:00034ce4       ?SockadrToNetadr@@YAXPAUsockaddr@@PAUnetadr_t@@@Z 00435ce4 f   net_wins.obj
 0001:00034d34       ?NET_CompareAdr@@YA_NPAUnetadr_t@@0@Z 00435d34 f   net_wins.obj
 0001:00034d8a       ?NET_CompareBaseAdr@@YA_NPAUnetadr_t@@0@Z 00435d8a f   net_wins.obj
 0001:00034dd5       ?NET_AdrToString@@YAPADPAUnetadr_t@@@Z 00435dd5 f   net_wins.obj
 0001:00034e8e       ?NET_StringToAdr@@YA_NPBDPAUnetadr_t@@@Z 00435e8e f   net_wins.obj
 0001:00035118       ?NET_IsLocalAddress@@YA_NPAUnetadr_t@@@Z 00436118 f   net_wins.obj
 0001:00035124       ?NET_GetLoopPacket@@YA_NW4netsrc_t@@PAUnetadr_t@@PAVsizebuf_t@@@Z 00436124 f   net_wins.obj
 0001:000351af       ?NET_SendLoopPacket@@YAXW4netsrc_t@@HPAXUnetadr_t@@@Z 004361af f   net_wins.obj
 0001:00035204       ?NET_GetPacket@@YA_NW4netsrc_t@@PAUnetadr_t@@PAVsizebuf_t@@@Z 00436204 f   net_wins.obj
 0001:00035321       ?NET_SendPacket@@YAXW4netsrc_t@@HPAXUnetadr_t@@@Z 00436321 f   net_wins.obj
 0001:000353f2       ?NET_Config@@YAX_N@Z       004363f2 f   net_wins.obj
 0001:00035767       ?NET_Init@@YAXXZ           00436767 f   net_wins.obj
 0001:00035821       ?Sys_Mkdir@@YAXPAD@Z       00436821 f   fs_win.obj
 0001:0003582d       ?Sys_FindFirst@@YAPBDPBDH@Z 0043682d f   fs_win.obj
 0001:000358e7       ?Sys_FindNext@@YAPBDXZ     004368e7 f   fs_win.obj
 0001:00035951       ?Sys_FindClose@@YAXXZ      00436951 f   fs_win.obj
 0001:0003596b       ?Sys_FileExists@@YA_NPBDH@Z 0043696b f   fs_win.obj
 0001:00035989       ?SNDDMA_Init@@YA_NXZ       00436989 f   snd_win.obj
 0001:00035fc8       ?SNDDMA_GetDMAPos@@YAHXZ   00436fc8 f   snd_win.obj
 0001:00036012       ?SNDDMA_BeginPainting@@YAXXZ 00437012 f   snd_win.obj
 0001:0003612a       ?SNDDMA_Submit@@YAXXZ      0043712a f   snd_win.obj
 0001:0003614f       ?SNDDMA_Shutdown@@YAXXZ    0043714f f   snd_win.obj
 0001:00036154       ?S_Activate@@YAX_N@Z       00437154 f   snd_win.obj
 0001:0003617f       ?Sys_Quit@@YAXXZ           0043717f f   sys_win.obj
 0001:00036237       ?Sys_Init@@YAXXZ           00437237 f   sys_win.obj
 0001:000362af       ?Sys_ConsoleInput@@YAPADXZ 004372af f   sys_win.obj
 0001:0003656a       ?Sys_ConsoleOutput@@YAXPBD@Z 0043756a f   sys_win.obj
 0001:000365f7       ?Sys_SendKeyEvents@@YAXXZ  004375f7 f   sys_win.obj
 0001:000366af       ?Sys_UnloadGame@@YAXXZ     004376af f   sys_win.obj
 0001:0003672a       ?Sys_GetGameAPI@@YAPAXPAX@Z 0043772a f   sys_win.obj
 0001:00036881       _WinMain@16                00437881 f   sys_win.obj
 0001:00036b07       ?AddMsgHook@@YAXP6A_NIIJ@Z@Z 00437b07 f   vid_dll.obj
 0001:00036b4b       ?RemoveMsgHook@@YAXP6A_NIIJ@Z@Z 00437b4b f   vid_dll.obj
 0001:00036b7a       ?Vid_CreateWindow@@YAPAXHH_N@Z 00437b7a f   vid_dll.obj
 0001:0003727e       ?Vid_DestroyWindow@@YAX_N@Z 0043827e f   vid_dll.obj
 0001:000372b9       ?Vid_Restart@@YAXXZ        004382b9 f   vid_dll.obj
 0001:000372c5       ?Vid_GetModeInfo@@YA_NPAH0H@Z 004382c5 f   vid_dll.obj
 0001:000372f5       ?Vid_Tick@@YAXXZ           004382f5 f   vid_dll.obj
 0001:000374a5       ?Vid_Init@@YAXXZ           004384a5 f   vid_dll.obj
 0001:00037576       ?Vid_Shutdown@@YAXXZ       00438576 f   vid_dll.obj
 0001:00037595       ?Tesselate@surfacePlanar_t@OpenGLDrv@@UAEXAAUrefEntity_t@2@@Z 00438595 f   gl_backend.obj
 0001:00037f73       ?Negate@CVec3@@QAEXXZ      00438f73 f i gl_backend.obj
 0001:0003988e       ?Tesselate@surfacePoly_t@OpenGLDrv@@UAEXAAUrefEntity_t@2@@Z 0043a88e f   gl_backend.obj
 0001:0003998b       ?Tesselate@surfaceMd3_t@OpenGLDrv@@UAEXAAUrefEntity_t@2@@Z 0043a98b f   gl_backend.obj
 0001:00039d75       ?DrawTriangles@OpenGLDrv@@YA_NXZ 0043ad75 f   gl_backend.obj
 0001:00039e8a       ?DrawNormals@OpenGLDrv@@YA_NXZ 0043ae8a f   gl_backend.obj
 0001:00039f94       ?Tesselate@surfaceEntity_t@OpenGLDrv@@UAEXAAUrefEntity_t@2@@Z 0043af94 f   gl_backend.obj
 0001:0003a078       ?Tesselate@surfaceParticle_t@OpenGLDrv@@UAEXAAUrefEntity_t@2@@Z 0043b078 f   gl_backend.obj
 0001:0003a2c8       ?BK_DrawScene@OpenGLDrv@@YAXXZ 0043b2c8 f   gl_backend.obj
 0001:0003a8ed       ?BK_DrawPic@OpenGLDrv@@YAXPAVshader_t@1@HHHHMMMMIE@Z 0043b8ed f   gl_backend.obj
 0001:0003aace       ?BK_DrawText@OpenGLDrv@@YAXPBDHHHHHI@Z 0043bace f   gl_backend.obj
 0001:0003acb9       ?BK_BeginFrame@OpenGLDrv@@YAXXZ 0043bcb9 f   gl_backend.obj
 0001:0003ad52       ?BK_EndFrame@OpenGLDrv@@YAXXZ 0043bd52 f   gl_backend.obj
 0001:0003ad91       ?BK_Init@OpenGLDrv@@YAXXZ  0043bd91 f   gl_backend.obj
 0001:0003adc0       ?BK_Shutdown@OpenGLDrv@@YAXXZ 0043bdc0 f   gl_backend.obj
 0001:0003add8       ?AllocDynamicMemory@OpenGLDrv@@YAPAXH@Z 0043bdd8 f   gl_buffers.obj
 0001:0003ae43       ?ResizeDynamicMemory@OpenGLDrv@@YAXPAXH@Z 0043be43 f   gl_buffers.obj
 0001:0003ae85       ?AddSurfaceToPortal@OpenGLDrv@@YAXPAVsurfaceBase_t@1@PAVshader_t@1@HH@Z 0043be85 f   gl_buffers.obj
 0001:0003aef6       ?InsertShaderIndex@OpenGLDrv@@YAXH@Z 0043bef6 f   gl_buffers.obj
 0001:0003af2f       ?ClearPortal@OpenGLDrv@@YAXXZ 0043bf2f f   gl_buffers.obj
 0001:0003af4d       ?SortSurfaces@OpenGLDrv@@YAXPAUviewPortal_t@1@PAPAUsurfaceInfo_t@1@@Z 0043bf4d f   gl_buffers.obj
 0001:0003b0df       ?ClearBuffers@OpenGLDrv@@YAXXZ 0043c0df f   gl_buffers.obj
 0001:0003b0f6       ?CreateBuffers@OpenGLDrv@@YAXXZ 0043c0f6 f   gl_buffers.obj
 0001:0003b11c       ?FreeBuffers@OpenGLDrv@@YAXXZ 0043c11c f   gl_buffers.obj
 0001:0003b140       ?InitEntity@model_t@OpenGLDrv@@UAEXPAUentity_t@@PAUrefEntity_t@2@@Z 0043c140 f   gl_frontend.obj
 0001:0003b143       ?AddSurfaces@model_t@OpenGLDrv@@UAEXPAUrefEntity_t@2@@Z 0043c143 f   gl_frontend.obj
 0001:0003b171       ?GetLeaf@model_t@OpenGLDrv@@UAEPAUnode_t@2@PAUrefEntity_t@2@@Z 0043c171 f   gl_frontend.obj
 0001:0003b182       ?DrawLabel@model_t@OpenGLDrv@@UAEXPAUrefEntity_t@2@@Z 0043c182 f   gl_frontend.obj
 0001:0003b185       ?InitEntity@inlineModel_t@OpenGLDrv@@UAEXPAUentity_t@@PAUrefEntity_t@2@@Z 0043c185 f   gl_frontend.obj
 0001:0003b1d5       ?AddSurfaces@inlineModel_t@OpenGLDrv@@UAEXPAUrefEntity_t@2@@Z 0043c1d5 f   gl_frontend.obj
 0001:0003b6b3       ?GetLeaf@inlineModel_t@OpenGLDrv@@UAEPAUnode_t@2@PAUrefEntity_t@2@@Z 0043c6b3 f   gl_frontend.obj
 0001:0003b858       ?DrawLabel@inlineModel_t@OpenGLDrv@@UAEXPAUrefEntity_t@2@@Z 0043c858 f   gl_frontend.obj
 0001:0003b89e       ?InitEntity@md3Model_t@OpenGLDrv@@UAEXPAUentity_t@@PAUrefEntity_t@2@@Z 0043c89e f   gl_frontend.obj
 0001:0003ba6d       ?AddSurfaces@md3Model_t@OpenGLDrv@@UAEXPAUrefEntity_t@2@@Z 0043ca6d f   gl_frontend.obj
 0001:0003bba7       ?GetLeaf@md3Model_t@OpenGLDrv@@UAEPAUnode_t@2@PAUrefEntity_t@2@@Z 0043cba7 f   gl_frontend.obj
 0001:0003bbdf       ?DrawLabel@md3Model_t@OpenGLDrv@@UAEXPAUrefEntity_t@2@@Z 0043cbdf f   gl_frontend.obj
 0001:0003bc45       ?InitEntity@sprModel_t@OpenGLDrv@@UAEXPAUentity_t@@PAUrefEntity_t@2@@Z 0043cc45 f   gl_frontend.obj
 0001:0003bc63       ?AddSurfaces@sprModel_t@OpenGLDrv@@UAEXPAUrefEntity_t@2@@Z 0043cc63 f   gl_frontend.obj
 0001:0003bde6       ?GetLeaf@sprModel_t@OpenGLDrv@@UAEPAUnode_t@2@PAUrefEntity_t@2@@Z 0043cde6 f   gl_frontend.obj
 0001:0003bec7       ?AddEntity@OpenGLDrv@@YAXPAUentity_t@@@Z 0043cec7 f   gl_frontend.obj
 0001:0003c053       ?AddDlight@OpenGLDrv@@YAXPAUdlight_t@@@Z 0043d053 f   gl_frontend.obj
 0001:0003c20b       ?DrawPortal@OpenGLDrv@@YAXXZ 0043d20b f   gl_frontend.obj
 0001:0003e1ae       ?GL_TextureMode@OpenGLDrv@@YAXPBD@Z 0043f1ae f   gl_image.obj
 0001:0003e256       ?CreateImage@OpenGLDrv@@YAPAVimage_t@1@PBDPAXHHI@Z 0043f256 f   gl_image.obj
 0001:0003ef47       ?LoadDelayedImages@OpenGLDrv@@YAXXZ 0043ff47 f   gl_image.obj
 0001:0003efda       ?DrawStretchRaw8@OpenGLDrv@@YAXHHHHHHPAEPAI@Z 0043ffda f   gl_image.obj
 0001:0003f3a9       ?SetupGamma@OpenGLDrv@@YAXXZ 004403a9 f   gl_image.obj
 0001:0003f4ef       ?PerformScreenshot@OpenGLDrv@@YAXXZ 004404ef f   gl_image.obj
 0001:0003f77c       ?InitImages@OpenGLDrv@@YAXXZ 0044077c f   gl_image.obj
 0001:0003ff4d       ?ShutdownImages@OpenGLDrv@@YAXXZ 00440f4d f   gl_image.obj
 0001:0003ffb4       ?ShowImages@OpenGLDrv@@YAXXZ 00440fb4 f   gl_image.obj
 0001:0004023c       ?FindImage@OpenGLDrv@@YAPAVimage_t@1@PBDI@Z 0044123c f   gl_image.obj
 0001:0004052e       ?GL_Lock@OpenGLDrv@@YAXXZ  0044152e f   gl_interface.obj
 0001:000405a6       ?GL_Unlock@OpenGLDrv@@YAXXZ 004415a6 f   gl_interface.obj
 0001:00040768       ?GL_Bind@OpenGLDrv@@YAXPBVimage_t@1@@Z 00441768 f   gl_interface.obj
 0001:00040892       ?GL_BindForce@OpenGLDrv@@YAXPBVimage_t@1@@Z 00441892 f   gl_interface.obj
 0001:00040910       ?GL_TexEnv@OpenGLDrv@@YAXI@Z 00441910 f   gl_interface.obj
 0001:00040a8f       ?GL_TexMipBias@OpenGLDrv@@YAXM@Z 00441a8f f   gl_interface.obj
 0001:00040aea       ?GL_TexEnvColor@OpenGLDrv@@YAXPBTcolor_t@@@Z 00441aea f   gl_interface.obj
 0001:00040b9a       ?GL_SelectTexture@OpenGLDrv@@YAXH@Z 00441b9a f   gl_interface.obj
 0001:00040bfb       ?GL_TexCoordPointer@OpenGLDrv@@YAXPAX@Z 00441bfb f   gl_interface.obj
 0001:00040c2b       ?GL_SetMultitexture@OpenGLDrv@@YAXH@Z 00441c2b f   gl_interface.obj
 0001:00040d11       ?GL_DisableTexCoordArrays@OpenGLDrv@@YAXXZ 00441d11 f   gl_interface.obj
 0001:00040d65       ?GL_CullFace@OpenGLDrv@@YAXW4gl_cullMode_t@1@@Z 00441d65 f   gl_interface.obj
 0001:00040db6       ?GL_DepthRange@OpenGLDrv@@YAXW4gl_depthMode_t@1@@Z 00441db6 f   gl_interface.obj
 0001:00040de9       ?GL_State@OpenGLDrv@@YAXI@Z 00441de9 f   gl_interface.obj
 0001:00040f39       ?GL_EnableFog@OpenGLDrv@@YAX_N@Z 00441f39 f   gl_interface.obj
 0001:00041031       ?GL_SetDefaultState@OpenGLDrv@@YAXXZ 00442031 f   gl_interface.obj
 0001:0004118d       ?GL_Set2DMode@OpenGLDrv@@YAXXZ 0044218d f   gl_interface.obj
 0001:00041288       ?GL_Set3DMode@OpenGLDrv@@YAXPAUviewPortal_t@1@@Z 00442288 f   gl_interface.obj
 0001:00041370       ?ShowLights@OpenGLDrv@@YAXXZ 00442370 f   gl_light.obj
 0001:00041759       ?LightForEntity@OpenGLDrv@@YAXPAUrefEntity_t@1@@Z 00442759 f   gl_light.obj
 0001:000429cd       ?DiffuseLight@OpenGLDrv@@YAXPATcolor_t@@M@Z 004439cd f   gl_light.obj
 0001:00042b46       ?InitLightGrid@OpenGLDrv@@YAXXZ 00443b46 f   gl_light.obj
 0001:00042bec       ?PostLoadLights@OpenGLDrv@@YAXXZ 00443bec f   gl_light.obj
 0001:00042e7c       ?LM_Init@OpenGLDrv@@YAXXZ  00443e7c f   gl_lightmap.obj
 0001:00042e92       ?LM_Flush@OpenGLDrv@@YAXPAUlightmapBlock_t@1@@Z 00443e92 f   gl_lightmap.obj
 0001:00042eef       ?LM_Done@OpenGLDrv@@YAXXZ  00443eef f   gl_lightmap.obj
 0001:00042f16       ?LM_Save@OpenGLDrv@@YAXPAUlightmapBlock_t@1@@Z 00443f16 f   gl_lightmap.obj
 0001:00042f2e       ?LM_Restore@OpenGLDrv@@YAXPAUlightmapBlock_t@1@@Z 00443f2e f   gl_lightmap.obj
 0001:00042f46       ?LM_NewBlock@OpenGLDrv@@YAPAUlightmapBlock_t@1@XZ 00443f46 f   gl_lightmap.obj
 0001:00042fa5       ?LM_Rewind@OpenGLDrv@@YAXXZ 00443fa5 f   gl_lightmap.obj
 0001:00042fad       ?LM_NextBlock@OpenGLDrv@@YAPAUlightmapBlock_t@1@XZ 00443fad f   gl_lightmap.obj
 0001:00042fda       ?LM_CheckMinlight@OpenGLDrv@@YAXPAUdynamicLightmap_t@1@@Z 00443fda f   gl_lightmap.obj
 0001:00043070       ?LM_AllocBlock@OpenGLDrv@@YA_NPAUlightmapBlock_t@1@PAUdynamicLightmap_t@1@@Z 00444070 f   gl_lightmap.obj
 0001:00043127       ?LM_PutBlock@OpenGLDrv@@YAXPAUdynamicLightmap_t@1@@Z 00444127 f   gl_lightmap.obj
 0001:00043554       ?LM_SortLightStyles@OpenGLDrv@@YAXPAUdynamicLightmap_t@1@@Z 00444554 f   gl_lightmap.obj
 0001:000435e5       ?UpdateDynamicLightmap@OpenGLDrv@@YAXPAVsurfacePlanar_t@1@_NI@Z 004445e5 f   gl_lightmap.obj
 0001:00043ae7       ?LM_IsMonotone@OpenGLDrv@@YA_NPAUdynamicLightmap_t@1@PATcolor_t@@@Z 00444ae7 f   gl_lightmap.obj
 0001:00043bee       ?Init@OpenGLDrv@@YA_NXZ    00444bee f   gl_main.obj
 0001:00044248       ?Shutdown@OpenGLDrv@@YAX_N@Z 00445248 f   gl_main.obj
 0001:000442d1       ?GL_EnableRendering@OpenGLDrv@@YAX_N@Z 004452d1 f   gl_main.obj
 0001:000442ec       ?BeginFrame@OpenGLDrv@@YAXM@Z 004452ec f   gl_main.obj
 0001:00044416       ?EndFrame@OpenGLDrv@@YAXXZ 00445416 f   gl_main.obj
 0001:0004442e       ?RenderFrame@OpenGLDrv@@YAXPAUrefdef_t@@@Z 0044542e f   gl_main.obj
 0001:00044c61       ?Fill8@OpenGLDrv@@YAXHHHHH@Z 00445c61 f   gl_main.obj
 0001:00044ca4       ?Fill@OpenGLDrv@@YAXHHHHI@Z 00445ca4 f   gl_main.obj
 0001:00044ce0       ?TileClear@OpenGLDrv@@YAXHHHHPBD@Z 00445ce0 f   gl_main.obj
 0001:00044d97       ?DrawStretchPic@OpenGLDrv@@YAXHHHHPBD@Z 00445d97 f   gl_main.obj
 0001:00044e14       ?DrawDetailedPic@OpenGLDrv@@YAXHHHHPBD@Z 00445e14 f   gl_main.obj
 0001:00044ebb       ?DrawPic@OpenGLDrv@@YAXHHPBDHH@Z 00445ebb f   gl_main.obj
 0001:00044f40       ?BeginRegistration@OpenGLDrv@@YAXPBD@Z 00445f40 f   gl_main.obj
 0001:00044f64       ?RegisterPic@OpenGLDrv@@YAPAVCBasicImage@@PBD@Z 00445f64 f   gl_main.obj
 0001:00044f72       ?RegisterSkin@OpenGLDrv@@YAPAVCBasicImage@@PBD_N@Z 00445f72 f   gl_main.obj
 0001:00044f90       ?RegisterModel@OpenGLDrv@@YAPAVCRenderModel@@PBD@Z 00445f90 f   gl_main.obj
 0001:00044f9b       ?SetSky@OpenGLDrv@@YAXPBDMABUCVec3@@@Z 00445f9b f   gl_main.obj
 0001:00045041       ?Screenshot@OpenGLDrv@@YAXHPBD@Z 00446041 f   gl_main.obj
 0001:00045064       ?GetClientLight@OpenGLDrv@@YAMXZ 00446064 f   gl_main.obj
 0001:0004506b       ?GetCaps@OpenGLDrv@@YAIXZ  0044606b f   gl_main.obj
 0001:00045071       ?InitFuncTables@OpenGLDrv@@YAXXZ 00446071 f   gl_math.obj
 0001:00045222       ?BuildRotationAxis@OpenGLDrv@@YAXAAUCAxis@@ABUCVec3@@M@Z 00446222 f   gl_math.obj
 0001:00045319       ?GetBoxRect@OpenGLDrv@@YA_NPBUrefEntity_t@1@ABUCVec3@@QAM2_N@Z 00446319 f   gl_math.obj
 0001:00045623       ?ProjectToScreen@OpenGLDrv@@YA_NABUCVec3@@QAH@Z 00446623 f   gl_math.obj
 0001:00045766       ?SaturateColor3f@OpenGLDrv@@YAXAAUCVec3@@@Z 00446766 f   gl_math.obj
 0001:00045856       ?SaturateColor4b@OpenGLDrv@@YAXPATcolor_t@@@Z 00446856 f   gl_math.obj
 0001:00045964       ?SubdividePlane@OpenGLDrv@@YAHPAPAUCVec3@@HM@Z 00446964 f   gl_poly.obj
 0001:00045db3       ?FreeSubdividedPlane@OpenGLDrv@@YAXXZ 00446db3 f   gl_poly.obj
 0001:00045dcb       ?GetSubdivideIndexes@OpenGLDrv@@YAXPAH@Z 00446dcb f   gl_poly.obj
 0001:00045e1e       ?RemoveCollinearPoints@OpenGLDrv@@YAHPAPAUCVec3@@H@Z 00446e1e f   gl_poly.obj
 0001:00045f14       ?GetPolyArea@OpenGLDrv@@YAMPAPAUCVec3@@H@Z 00446f14 f   gl_poly.obj
 0001:00045fa8       ?InitShaders@OpenGLDrv@@YAXXZ 00446fa8 f   gl_shader.obj
 0001:00046113       ?ShutdownShaders@OpenGLDrv@@YAXXZ 00447113 f   gl_shader.obj
 0001:00046151       ?GetLightmapImage@OpenGLDrv@@YAPAVimage_t@1@H@Z 00447151 f   gl_shader.obj
 0001:00046179       ?SetShaderLightmap@OpenGLDrv@@YAPAVshader_t@1@PAV21@H@Z 00447179 f   gl_shader.obj
 0001:00046498       ??4shader_t@OpenGLDrv@@QAEAAV01@ABV01@@Z 00447498 f i gl_shader.obj
 0001:000465e3       ??4CBasicImage@@QAEAAV0@ABV0@@Z 004475e3 f i gl_shader.obj
 0001:000466eb       ?SetShaderLightstyles@OpenGLDrv@@YAPAVshader_t@1@PAV21@I@Z 004476eb f   gl_shader.obj
 0001:00046789       ?GetAlphaShader@OpenGLDrv@@YAPAVshader_t@1@PAV21@@Z 00447789 f   gl_shader.obj
 0001:00046b64       ?FindShader@OpenGLDrv@@YAPAVshader_t@1@PBDI@Z 00447b64 f   gl_shader.obj
 0001:0004836e       ?GetShaderByNum@OpenGLDrv@@YAPAVshader_t@1@H@Z 0044936e f   gl_shader.obj
 0001:0004838c       ?ResetShaders@OpenGLDrv@@YAXXZ 0044938c f   gl_shader.obj
 0001:00048574       ?Reload@shader_t@OpenGLDrv@@UAEXXZ 00449574 f   gl_shader.obj
 0001:000485a3       ?Insert@?$TList@VplayerModelInfo_t@@@@QAE_NPAVplayerModelInfo_t@@@Z 004495a3 f i gl_shader.obj
 0001:000485a3       ?Insert@?$TList@VCStringItem@@@@QAE_NPAVCStringItem@@@Z 004495a3 f i gl_shader.obj
 0001:000485a3       ?Insert@?$TList@VshaderScript_t@OpenGLDrv@@@@QAE_NPAVshaderScript_t@OpenGLDrv@@@Z 004495a3 f i gl_shader.obj
 0001:000485d9       ?ClearSky@OpenGLDrv@@YAXXZ 004495d9 f   gl_sky.obj
 0001:00048636       ?AddSkySurface@OpenGLDrv@@YAXPAVsurfacePlanar_t@1@E@Z 00449636 f   gl_sky.obj
 0001:00048bda       ?DrawSky@OpenGLDrv@@YAXXZ  00449bda f   gl_sky.obj
 0001:0004927e       ?DrawChar@OpenGLDrv@@YAXHHHH@Z 0044a27e f   gl_text.obj
 0001:000492ab       ?DrawConChar@OpenGLDrv@@YAXHHHH@Z 0044a2ab f   gl_text.obj
 0001:000492e0       ?ClearTexts@OpenGLDrv@@YAXXZ 0044a2e0 f   gl_text.obj
 0001:000492f5       ?FlushTexts@OpenGLDrv@@YAXXZ 0044a2f5 f   gl_text.obj
 0001:00049387       ?DrawTextPos@OpenGLDrv@@YAXHHPBDI@Z 0044a387 f   gl_text.obj
 0001:0004946e       ?DrawTextLeft@OpenGLDrv@@YAXPBDI@Z 0044a46e f   gl_text.obj
 0001:000494f5       ?DrawTextRight@OpenGLDrv@@YAXPBDI@Z 0044a4f5 f   gl_text.obj
 0001:0004953f       ?DrawText3D@OpenGLDrv@@YAXABUCVec3@@PBDI@Z 0044a53f f   gl_text.obj
 0001:0004956c       ?InitTexts@OpenGLDrv@@YAXXZ 0044a56c f   gl_text.obj
 0001:00049586       ?FindModel@OpenGLDrv@@YAPAVmodel_t@1@PBD@Z 0044a586 f   gl_model.obj
 0001:00049760       ?FreeModels@OpenGLDrv@@YAXXZ 0044a760 f   gl_model.obj
 0001:000497d2       ?InitModels@OpenGLDrv@@YAXXZ 0044a7d2 f   gl_model.obj
 0001:000498c8       ?ShutdownModels@OpenGLDrv@@YAXXZ 0044a8c8 f   gl_model.obj
 0001:000498d9       ?LoadWorldMap@OpenGLDrv@@YAXPBD@Z 0044a8d9 f   gl_bspmodel.obj
 0001:0004b3e5       ?PointInLeaf@OpenGLDrv@@YAPAUnode_t@1@ABUCVec3@@@Z 0044c3e5 f   gl_bspmodel.obj
 0001:0004b430       ?CALL_CONSTRUCTOR@@YAXPAVinlineModel_t@OpenGLDrv@@@Z 0044c430 f i gl_bspmodel.obj
 0001:0004b446       ?LerpTag@model_t@OpenGLDrv@@UBE_NHHMPBDAAUCCoords@@@Z 0044c446 f   gl_trimodel.obj
 0001:0004b454       ?LerpTag@md3Model_t@OpenGLDrv@@UBE_NHHMPBDAAUCCoords@@@Z 0044c454 f   gl_trimodel.obj
 0001:0004b564       ?LoadMd2@OpenGLDrv@@YAPAVmd3Model_t@1@PBDPAEI@Z 0044c564 f   gl_trimodel.obj
 0001:0004c09c       ?ATAN2_FUNC@OpenGLDrv@@YAMMM@Z 0044d09c f i gl_trimodel.obj
 0001:0004c240       ?LoadMd3@OpenGLDrv@@YAPAVmd3Model_t@1@PBDPAEI@Z 0044d240 f   gl_trimodel.obj
 0001:0004c704       ?LoadSp2@OpenGLDrv@@YAPAVsprModel_t@1@PBDPAEI@Z 0044d704 f   gl_trimodel.obj
 0001:0004c8b2       ?LoadSpr@OpenGLDrv@@YAPAVsprModel_t@1@PBDPAEI@Z 0044d8b2 f   gl_trimodel.obj
 0001:0004c9ab       ?CALL_CONSTRUCTOR@@YAXPAVmd3Model_t@OpenGLDrv@@@Z 0044d9ab f i gl_trimodel.obj
 0001:0004c9c1       ?CALL_CONSTRUCTOR@@YAXPAVsprModel_t@OpenGLDrv@@@Z 0044d9c1 f i gl_trimodel.obj
 0001:0004dfc2       ?QGL_Init@OpenGLDrv@@YA_NPBD@Z 0044efc2 f   qgl_win.obj
 0001:0004e0a4       ?QGL_Shutdown@OpenGLDrv@@YAXXZ 0044f0a4 f   qgl_win.obj
 0001:0004e0e2       ?QGL_InitExtensions@OpenGLDrv@@YAXXZ 0044f0e2 f   qgl_win.obj
 0001:0004e5ce       ?QGL_PrintExtensionsString@OpenGLDrv@@YAXPBD00@Z 0044f5ce f   qgl_win.obj
 0001:0004e71b       ?QGL_EnableLogging@OpenGLDrv@@YAX_N@Z 0044f71b f   qgl_win.obj
 0001:0004e7d5       ?QGL_LogMessage@OpenGLDrv@@YAXPBD@Z 0044f7d5 f   qgl_win.obj
 0001:0004e7ec       ?QGL_SwapBuffers@OpenGLDrv@@YAXXZ 0044f7ec f   qgl_win.obj
 0001:0004e843       ?GLimp_HasGamma@OpenGLDrv@@YA_NXZ 0044f843 f   gl_win.obj
 0001:0004e857       ?GLimp_SetGamma@OpenGLDrv@@YAXM@Z 0044f857 f   gl_win.obj
 0001:0004e9ff       ?GLimp_SetMode@OpenGLDrv@@YA_NPAI0H_N@Z 0044f9ff f   gl_win.obj
 0001:0004edf5       ?GLimp_Shutdown@OpenGLDrv@@YAX_N@Z 0044fdf5 f   gl_win.obj
 0001:0004eea2       ?AppActivate@OpenGLDrv@@YAX_N@Z 0044fea2 f   gl_win.obj
 0001:0004ef12       _jpeg_CreateDecompress     0044ff12 f   lib:jdapimin.obj
 0001:0004efd2       _jpeg_destroy_decompress   0044ffd2 f   lib:jdapimin.obj
 0001:0004efd2       _jpeg_destroy_compress     0044ffd2 f   lib:jdapimin.obj
 0001:0004efdd       _jpeg_read_header          0044ffdd f   lib:jdapimin.obj
 0001:0004f03f       _jpeg_consume_input        0045003f f   lib:jdapimin.obj
 0001:0004f28e       _jpeg_finish_decompress    0045028e f   lib:jdapimin.obj
 0001:0004f325       _jpeg_start_decompress     00450325 f   lib:jdapistd.obj
 0001:0004f492       _jpeg_read_scanlines       00450492 f   lib:jdapistd.obj
 0001:0004f516       _jpeg_resync_to_restart    00450516 f   lib:jdmarker.obj
 0001:0004f6db       _jinit_marker_reader       004506db f   lib:jdmarker.obj
 0001:00050ba6       _jpeg_CreateCompress       00451ba6 f   lib:jcapimin.obj
 0001:00050c5a       _jpeg_suppress_tables      00451c5a f   lib:jcapimin.obj
 0001:00050ca4       _jpeg_finish_compress      00451ca4 f   lib:jcapimin.obj
 0001:00050d8e       _jpeg_start_compress       00451d8e f   lib:jcapistd.obj
 0001:00050dfa       _jpeg_write_scanlines      00451dfa f   lib:jcapistd.obj
 0001:00050ea5       _jpeg_add_quant_table      00451ea5 f   lib:jcparam.obj
 0001:00050f57       _jpeg_quality_scaling      00451f57 f   lib:jcparam.obj
 0001:00050f7e       _jpeg_set_quality          00451f7e f   lib:jcparam.obj
 0001:00050fb8       _jpeg_set_defaults         00451fb8 f   lib:jcparam.obj
 0001:0005117e       _jpeg_default_colorspace   0045217e f   lib:jcparam.obj
 0001:000511ce       _jpeg_set_colorspace       004521ce f   lib:jcparam.obj
 0001:000514e9       _jpeg_stdio_dest           004524e9 f   lib:jdatadst.obj
 0001:00051709       _crc32                     00452709 f   lib:crc32.obj
 0001:000519a3       _inflateReset              004529a3 f   lib:inflate.obj
 0001:000519f1       _inflateInit2_             004529f1 f   lib:inflate.obj
 0001:00051aaa       _inflate                   00452aaa f   lib:inflate.obj
 0001:00052d7f       _inflateEnd                00453d7f f   lib:inflate.obj
 0001:00052dbd       _jinit_input_controller    00453dbd f   lib:jdinput.obj
 0001:000532a0       _jinit_memory_mgr          004542a0 f   lib:jmemmgr.obj
 0001:00053ddc       _jpeg_abort                00454ddc f   lib:jcomapi.obj
 0001:00053e0f       _jpeg_destroy              00454e0f f   lib:jcomapi.obj
 0001:00053e2a       _jpeg_alloc_quant_table    00454e2a f   lib:jcomapi.obj
 0001:00053e46       _jpeg_alloc_huff_table     00454e46 f   lib:jcomapi.obj
 0001:00053e62       _jpeg_calc_output_dimensions 00454e62 f   lib:jdmaster.obj
 0001:00053f62       _jinit_master_decompress   00454f62 f   lib:jdmaster.obj
 0001:000542b8       _jdiv_round_up             004552b8 f   lib:jutils.obj
 0001:000542c8       _jround_up                 004552c8 f   lib:jutils.obj
 0001:000542e0       _jcopy_sample_rows         004552e0 f   lib:jutils.obj
 0001:0005431e       _jcopy_block_row           0045531e f   lib:jutils.obj
 0001:00054337       _jzero_far                 00455337 f   lib:jutils.obj
 0001:0005434a       _jinit_marker_writer       0045534a f   lib:jcmarker.obj
 0001:00054c26       _jinit_compress_master     00455c26 f   lib:jcinit.obj
 0001:00054c7f       _inflate_fast              00455c7f f   lib:inffast.obj
 0001:00055034       _inflate_table             00456034 f   lib:inftrees.obj
 0001:000553e8       _adler32                   004563e8 f   lib:adler32.obj
 0001:00055501       _jinit_c_codec             00456501 f   lib:jcodec.obj
 0001:0005551d       _jinit_d_codec             0045651d f   lib:jcodec.obj
 0001:00055539       _jpeg_free_large           00456539 f   lib:jmemnobs.obj
 0001:00055539       _jpeg_free_small           00456539 f   lib:jmemnobs.obj
 0001:00055545       _jpeg_get_small            00456545 f   lib:jmemnobs.obj
 0001:00055545       _jpeg_get_large            00456545 f   lib:jmemnobs.obj
 0001:00055551       _jpeg_mem_available        00456551 f   lib:jmemnobs.obj
 0001:00055556       _jpeg_open_backing_store   00456556 f   lib:jmemnobs.obj
 0001:0005556a       _jinit_d_main_controller   0045656a f   lib:jdmainct.obj
 0001:00055bb5       _jinit_d_post_controller   00456bb5 f   lib:jdpostct.obj
 0001:00055e60       _jinit_upsampler           00456e60 f   lib:jdsample.obj
 0001:0005649e       _jinit_color_deconverter   0045749e f   lib:jdcolor.obj
 0001:000569b4       _jinit_merged_upsampler    004579b4 f   lib:jdmerge.obj
 0001:00056f04       _jinit_2pass_quantizer     00457f04 f   lib:jquant2.obj
 0001:00057fc8       _jinit_1pass_quantizer     00458fc8 f   lib:jquant1.obj
 0001:000589ee       _jinit_c_main_controller   004599ee f   lib:jcmainct.obj
 0001:00058b5b       _jinit_c_prep_controller   00459b5b f   lib:jcprepct.obj
 0001:000590a6       _jinit_downsampler         0045a0a6 f   lib:jcsample.obj
 0001:00059926       _jinit_color_converter     0045a926 f   lib:jccolor.obj
 0001:00059f10       _jinit_c_master_control    0045af10 f   lib:jcmaster.obj
 0001:0005a9ff       _jinit_lossy_c_codec       0045b9ff f   lib:jclossy.obj
 0001:0005aa9a       _jinit_lossless_c_codec    0045ba9a f   lib:jclossls.obj
 0001:0005ab32       _jinit_lossy_d_codec       0045bb32 f   lib:jdlossy.obj
 0001:0005ae05       _jinit_lossless_d_codec    0045be05 f   lib:jdlossls.obj
 0001:0005aeb5       _jinit_c_coef_controller   0045beb5 f   lib:jccoefct.obj
 0001:0005b554       _jinit_shuff_encoder       0045c554 f   lib:jcshuff.obj
 0001:0005bdbf       _jinit_phuff_encoder       0045cdbf f   lib:jcphuff.obj
 0001:0005c864       _jinit_forward_dct         0045d864 f   lib:jcdctmgr.obj
 0001:0005cb33       _jinit_c_diff_controller   0045db33 f   lib:jcdiffct.obj
 0001:0005d099       _jinit_lhuff_encoder       0045e099 f   lib:jclhuff.obj
 0001:0005d7c3       _jinit_differencer         0045e7c3 f   lib:jcpred.obj
 0001:0005dcdd       _jinit_c_scaler            0045ecdd f   lib:jcscale.obj
 0001:0005dd53       _jinit_d_coef_controller   0045ed53 f   lib:jdcoefct.obj
 0001:0005ea2f       _jinit_shuff_decoder       0045fa2f f   lib:jdshuff.obj
 0001:0005efc4       _jinit_phuff_decoder       0045ffc4 f   lib:jdphuff.obj
 0001:0005fb61       _jinit_inverse_dct         00460b61 f   lib:jddctmgr.obj
 0001:0005fd45       _jinit_d_diff_controller   00460d45 f   lib:jddiffct.obj
 0001:00060273       _jinit_d_scaler            00461273 f   lib:jdscale.obj
 0001:00060372       _jinit_undifferencer       00461372 f   lib:jdpred.obj
 0001:0006072c       _jinit_lhuff_decoder       0046172c f   lib:jdlhuff.obj
 0001:00060b21       _jpeg_make_c_derived_tbl   00461b21 f   lib:jchuff.obj
 0001:00060d23       _jpeg_gen_optimal_table    00461d23 f   lib:jchuff.obj
 0001:00060ee2       _jpeg_fdct_float           00461ee2 f   lib:jfdctflt.obj
 0001:000610e7       _jpeg_make_d_derived_tbl   004620e7 f   lib:jdhuff.obj
 0001:00061384       _jpeg_fill_bit_buffer      00462384 f   lib:jdhuff.obj
 0001:00061493       _jpeg_huff_decode          00462493 f   lib:jdhuff.obj
 0001:00061573       _jpeg_idct_4x4             00462573 f   lib:jidctred.obj
 0001:00061861       _jpeg_idct_2x2             00462861 f   lib:jidctred.obj
 0001:00061a23       _jpeg_idct_1x1             00462a23 f   lib:jidctred.obj
 0001:00061a5f       _jpeg_idct_float           00462a5f f   lib:jidctflt.obj
 0001:00061e40       __except_handler3          00462e40 f   MSVCRT:MSVCRT.dll
 0001:00061e50       __chkstk                   00462e50 f   MSVCRT:chkstk.obj
 0001:00061e50       __alloca_probe             00462e50 f   MSVCRT:chkstk.obj
 0001:00061e7f       ??_Gtype_info@@UAEPAXI@Z   00462e7f f i MSVCRT:ti_inst.obj
 0001:00061e7f       ??_Etype_info@@UAEPAXI@Z   00462e7f f i MSVCRT:ti_inst.obj
 0001:00061e9c       __CxxThrowException@8      00462e9c f   MSVCRT:MSVCRT.dll
[...]
 0001:0005fee3       _start_iMCU_row            00460ee3 f   lib:jddiffct.obj
 0001:0005ff28       _start_output_pass         00460f28 f   lib:jddiffct.obj
 0001:0005ff34       _decompress_data           00460f34 f   lib:jddiffct.obj
 0001:000600a4       _process_restart           004610a4 f   lib:jddiffct.obj
 0001:0005e0c4       _dummy_consume_data        0045f0c4 f   lib:jdcoefct.obj
 0001:000600d9       _consume_data              004610d9 f   lib:jddiffct.obj
 0001:00060150       _output_data               00461150 f   lib:jddiffct.obj
 0001:0005fbd7       _start_pass                00460bd7 f   lib:jddctmgr.obj
 0001:0005f029       _start_pass_phuff_decoder  00460029 f   lib:jdphuff.obj
 0001:0005f272       _decode_mcu_DC_first       00460272 f   lib:jdphuff.obj
 0001:0005f46a       _process_restart           0046046a f   lib:jdphuff.obj
 0001:0005f4d9       _decode_mcu_AC_first       004604d9 f   lib:jdphuff.obj
 0001:0005f6f9       _decode_mcu_DC_refine      004606f9 f   lib:jdphuff.obj
 0001:0005f7ce       _decode_mcu_AC_refine      004607ce f   lib:jdphuff.obj
 0001:0005ea70       _start_pass_huff_decoder   0045fa70 f   lib:jdshuff.obj
 0001:0005eba8       _decode_mcu                0045fba8 f   lib:jdshuff.obj
 0001:0005ef58       _process_restart           0045ff58 f   lib:jdshuff.obj
 0001:0005de56       _start_input_pass          0045ee56 f   lib:jdcoefct.obj
 0001:0005de69       _start_iMCU_row            0045ee69 f   lib:jdcoefct.obj
 0001:0005deae       _start_output_pass         0045eeae f   lib:jdcoefct.obj
 0001:0005deeb       _decompress_onepass        0045eeeb f   lib:jdcoefct.obj
 0001:0005e0c4       _dummy_consume_data        0045f0c4 f   lib:jdcoefct.obj
 0001:0005e0c7       _consume_data              0045f0c7 f   lib:jdcoefct.obj
 0001:0005e280       _decompress_data           0045f280 f   lib:jdcoefct.obj
 0001:0005e3ec       _smoothing_ok              0045f3ec f   lib:jdcoefct.obj
 0001:0005e4d7       _decompress_smooth_data    0045f4d7 f   lib:jdcoefct.obj
 0001:0005dcef       _scaler_start_pass         0045ecef f   lib:jcscale.obj
 0001:0005dd12       _simple_downscale          0045ed12 f   lib:jcscale.obj
 0001:0005dd3e       _noscale                   0045ed3e f   lib:jcscale.obj
 0001:0005d7e7       _start_pass                0045e7e7 f   lib:jcpred.obj
 0001:0005d83f       _reset_predictor           0045e83f f   lib:jcpred.obj
 0001:0005d86c       _jpeg_difference_first_row 0045e86c f   lib:jcpred.obj
 0001:0005d956       _jpeg_difference1          0045e956 f   lib:jcpred.obj
 0001:0005d9c4       _jpeg_difference2          0045e9c4 f   lib:jcpred.obj
 0001:0005da35       _jpeg_difference3          0045ea35 f   lib:jcpred.obj
 0001:0005daad       _jpeg_difference4          0045eaad f   lib:jcpred.obj
 0001:0005db38       _jpeg_difference5          0045eb38 f   lib:jcpred.obj
 0001:0005dbcb       _jpeg_difference6          0045ebcb f   lib:jcpred.obj
 0001:0005dc5a       _jpeg_difference7          0045ec5a f   lib:jcpred.obj
 0001:0005d0d9       _start_pass_huff           0045e0d9 f   lib:jclhuff.obj
 0001:0005d276       _encode_mcus_huff          0045e276 f   lib:jclhuff.obj
 0001:0005d461       _emit_bits                 0045e461 f   lib:jclhuff.obj
 0001:0005d504       _dump_buffer               0045e504 f   lib:jclhuff.obj
 0001:0005d528       _emit_restart              0045e528 f   lib:jclhuff.obj
 0001:0005d573       _flush_bits                0045e573 f   lib:jclhuff.obj
 0001:0005d597       _finish_pass_huff          0045e597 f   lib:jclhuff.obj
 0001:0005d604       _encode_mcus_gather        0045e604 f   lib:jclhuff.obj
 0001:0005d72d       _finish_pass_gather        0045e72d f   lib:jclhuff.obj
 0001:0005bdbc       _need_optimization_pass    0045cdbc f   lib:jcshuff.obj
 0001:0005ccb7       _start_pass_diff           0045dcb7 f   lib:jcdiffct.obj
 0001:0005cd55       _start_iMCU_row            0045dd55 f   lib:jcdiffct.obj
 0001:0005cd97       _compress_data             0045dd97 f   lib:jcdiffct.obj
 0001:0005cf2d       _compress_first_pass       0045df2d f   lib:jcdiffct.obj
 0001:0005d022       _compress_output           0045e022 f   lib:jcdiffct.obj
 0001:0005c8ca       _start_pass_fdctmgr        0045d8ca f   lib:jcdctmgr.obj
 0001:0005c9cc       _forward_DCT_float         0045d9cc f   lib:jcdctmgr.obj
 0001:0005bdff       _start_pass_phuff          0045cdff f   lib:jcphuff.obj
 0001:0005bf6c       _encode_mcu_DC_first       0045cf6c f   lib:jcphuff.obj
 0001:0005c09e       _emit_bits                 0045d09e f   lib:jcphuff.obj
 0001:0005c149       _dump_buffer               0045d149 f   lib:jcphuff.obj
 0001:0005c181       _emit_symbol               0045d181 f   lib:jcphuff.obj
 0001:0005c1c1       _emit_restart              0045d1c1 f   lib:jcphuff.obj
 0001:0005c24a       _emit_eobrun               0045d24a f   lib:jcphuff.obj
 0001:0005c2d0       _encode_mcu_AC_first       0045d2d0 f   lib:jcphuff.obj
 0001:0005c464       _encode_mcu_DC_refine      0045d464 f   lib:jcphuff.obj
 0001:0005c51e       _encode_mcu_AC_refine      0045d51e f   lib:jcphuff.obj
 0001:0005c735       _finish_pass_phuff         0045d735 f   lib:jcphuff.obj
 0001:0005c784       _finish_pass_gather_phuff  0045d784 f   lib:jcphuff.obj
 0001:0005c847       _need_optimization_pass    0045d847 f   lib:jcphuff.obj
 0001:0005b597       _start_pass_huff           0045c597 f   lib:jcshuff.obj
 0001:0005b70c       _encode_mcu_huff           0045c70c f   lib:jcshuff.obj
 0001:0005b817       _encode_one_block          0045c817 f   lib:jcshuff.obj
 0001:0005b98e       _emit_bits                 0045c98e f   lib:jcshuff.obj
 0001:0005ba31       _dump_buffer               0045ca31 f   lib:jcshuff.obj
 0001:0005ba55       _emit_restart              0045ca55 f   lib:jcshuff.obj
 0001:0005bac2       _flush_bits                0045cac2 f   lib:jcshuff.obj
 0001:0005bae6       _finish_pass_huff          0045cae6 f   lib:jcshuff.obj
 0001:0005bb55       _encode_mcu_gather         0045cb55 f   lib:jcshuff.obj
 0001:0005bc0b       _htest_one_block           0045cc0b f   lib:jcshuff.obj
 0001:0005bcd2       _finish_pass_gather        0045ccd2 f   lib:jcshuff.obj
 0001:0005bdbc       _need_optimization_pass    0045cdbc f   lib:jcshuff.obj
 0001:0005af6a       _start_pass_coef           0045bf6a f   lib:jccoefct.obj
 0001:0005cd55       _start_iMCU_row            0045dd55 f   lib:jcdiffct.obj
 0001:0005afff       _compress_data             0045bfff f   lib:jccoefct.obj
 0001:0005b1e6       _compress_first_pass       0045c1e6 f   lib:jccoefct.obj
 0001:0005b3cc       _compress_output           0045c3cc f   lib:jccoefct.obj
 0001:0005ae82       _calc_output_dimensions    0045be82 f   lib:jdlossls.obj
 0001:0005ae93       _start_input_pass          0045be93 f   lib:jdlossls.obj
 0001:0005abc1       _calc_output_dimensions    0045bbc1 f   lib:jdlossy.obj
 0001:0005ad34       _start_input_pass          0045bd34 f   lib:jdlossy.obj
 0001:0005ad54       _latch_quant_tables        0045bd54 f   lib:jdlossy.obj
 0001:0005adec       _start_output_pass         0045bdec f   lib:jdlossy.obj
 0001:0005ab10       _start_pass                0045bb10 f   lib:jclossls.obj
 0001:0005aa7c       _start_pass                0045ba7c f   lib:jclossy.obj
 0001:00059fd1       _initial_setup             0045afd1 f   lib:jcmaster.obj
 0001:0005a184       _validate_script           0045b184 f   lib:jcmaster.obj
 0001:0005a55c       _prepare_for_pass          0045b55c f   lib:jcmaster.obj
 0001:0005a6d4       _select_scan_parameters    0045b6d4 f   lib:jcmaster.obj
 0001:0005a7d5       _per_scan_setup            0045b7d5 f   lib:jcmaster.obj
 0001:0005a980       _pass_startup              0045b980 f   lib:jcmaster.obj
 0001:0005a9a7       _finish_pass_master        0045b9a7 f   lib:jcmaster.obj
 0001:00059abd       _rgb_ycc_start             0045aabd f   lib:jccolor.obj
 0001:00059b81       _rgb_ycc_convert           0045ab81 f   lib:jccolor.obj
 0001:00059c80       _rgb_gray_convert          0045ac80 f   lib:jccolor.obj
 0001:00059d05       _cmyk_ycck_convert         0045ad05 f   lib:jccolor.obj
 0001:00059e3d       _grayscale_convert         0045ae3d f   lib:jccolor.obj
 0001:00059e97       _null_convert              0045ae97 f   lib:jccolor.obj
 0001:00057fb8       _null_method               00458fb8 f   lib:jquant2.obj
 0001:00057fb8       _start_pass_downsample     00458fb8 f   lib:jquant2.obj
 0001:00059209       _sep_downsample            0045a209 f   lib:jcsample.obj
 0001:0005927e       _int_downsample            0045a27e f   lib:jcsample.obj
 0001:00059376       _expand_right_edge         0045a376 f   lib:jcsample.obj
 0001:000593cb       _fullsize_downsample       0045a3cb f   lib:jcsample.obj
 0001:0005940f       _h2v1_downsample           0045a40f f   lib:jcsample.obj
 0001:000594a3       _h2v2_downsample           0045a4a3 f   lib:jcsample.obj
 0001:00059550       _h2v2_smooth_downsample    0045a550 f   lib:jcsample.obj
 0001:000597c8       _fullsize_smooth_downsample 0045a7c8 f   lib:jcsample.obj
 0001:00058c05       _start_pass_prep           00459c05 f   lib:jcprepct.obj
 0001:00058c43       _pre_process_data          00459c43 f   lib:jcprepct.obj
 0001:00058df1       _pre_process_context       00459df1 f   lib:jcprepct.obj
 0001:00058faa       _create_context_buffer     00459faa f   lib:jcprepct.obj
 0001:00058a7d       _start_pass_main           00459a7d f   lib:jcmainct.obj
 0001:00058abf       _process_data_simple_main  00459abf f   lib:jcmainct.obj
 0001:00058053       _create_colormap           00459053 f   lib:jquant1.obj
 0001:00058185       _select_ncolors            00459185 f   lib:jquant1.obj
 0001:0005825c       _create_colorindex         0045925c f   lib:jquant1.obj
 0001:00058388       _alloc_fs_workspace        00459388 f   lib:jquant1.obj
 0001:000583c4       _start_pass_1_quant        004593c4 f   lib:jquant1.obj
 0001:00058490       _create_odither_tables     00459490 f   lib:jquant1.obj
 0001:000584ef       _make_odither_array        004594ef f   lib:jquant1.obj
 0001:00058552       _color_quantize            00459552 f   lib:jquant1.obj
 0001:000585dd       _color_quantize3           004595dd f   lib:jquant1.obj
 0001:0005866b       _quantize_ord_dither       0045966b f   lib:jquant1.obj
 0001:00058756       _quantize3_ord_dither      00459756 f   lib:jquant1.obj
 0001:00058856       _quantize_fs_dither        00459856 f   lib:jquant1.obj
 0001:00057fb8       _finish_pass_1_quant       00458fb8 f   lib:jquant2.obj
 0001:000589da       _new_color_map_1_quant     004599da f   lib:jquant1.obj
 0001:00057013       _init_error_limit          00458013 f   lib:jquant2.obj
 0001:000570b2       _start_pass_2_quant        004580b2 f   lib:jquant2.obj
 0001:000571b4       _prescan_quantize          004581b4 f   lib:jquant2.obj
 0001:00057223       _pass2_no_dither           00458223 f   lib:jquant2.obj
 0001:000572d0       _fill_inverse_cmap         004582d0 f   lib:jquant2.obj
 0001:0005739b       _find_nearby_colors        0045839b f   lib:jquant2.obj
 0001:0005753f       _find_best_colors          0045853f f   lib:jquant2.obj
 0001:00057659       _pass2_fs_dither           00458659 f   lib:jquant2.obj
 0001:000578c8       _finish_pass1              004588c8 f   lib:jquant2.obj
 0001:000578ea       _select_colors             004588ea f   lib:jquant2.obj
 0001:00057976       _update_box                00458976 f   lib:jquant2.obj
 0001:00057d10       _median_cut                00458d10 f   lib:jquant2.obj
 0001:00057e24       _find_biggest_color_pop    00458e24 f   lib:jquant2.obj
 0001:00057e53       _find_biggest_volume       00458e53 f   lib:jquant2.obj
 0001:00057e7c       _compute_color             00458e7c f   lib:jquant2.obj
 0001:00057fb8       _finish_pass2              00458fb8 f   lib:jquant2.obj
 0001:00057fb9       _new_color_map_2_quant     00458fb9 f   lib:jquant2.obj
 0001:00056a2a       _build_ycc_rgb_table       00457a2a f   lib:jdmerge.obj
 0001:00056ada       _start_pass_merged_upsample 00457ada f   lib:jdmerge.obj
 0001:00056aef       _merged_2v_upsample        00457aef f   lib:jdmerge.obj
 0001:00056b96       _merged_1v_upsample        00457b96 f   lib:jdmerge.obj
 0001:00056bc7       _h2v1_merged_upsample      00457bc7 f   lib:jdmerge.obj
 0001:00056d1d       _h2v2_merged_upsample      00457d1d f   lib:jdmerge.obj
 0001:000565ce       _build_ycc_rgb_table       004575ce f   lib:jdcolor.obj
 0001:0005667e       _ycc_rgb_convert           0045767e f   lib:jdcolor.obj
 0001:0005678c       _null_convert              0045778c f   lib:jdcolor.obj
 0001:00056804       _grayscale_convert         00457804 f   lib:jdcolor.obj
 0001:00056827       _gray_rgb_convert          00457827 f   lib:jdcolor.obj
 0001:00056880       _ycck_cmyk_convert         00457880 f   lib:jdcolor.obj
 0001:00057fb8       _start_pass_dcolor         00458fb8 f   lib:jquant2.obj
 0001:0005602f       _start_pass_upsample       0045702f f   lib:jdsample.obj
 0001:00056049       _sep_upsample              00457049 f   lib:jdsample.obj
 0001:00056116       _fullsize_upsample         00457116 f   lib:jdsample.obj
 0001:00056121       _noop_upsample             00457121 f   lib:jdsample.obj
 0001:00056129       _int_upsample              00457129 f   lib:jdsample.obj
 0001:00056213       _h2v1_upsample             00457213 f   lib:jdsample.obj
 0001:0005626a       _h2v2_upsample             0045726a f   lib:jdsample.obj
 0001:000562dc       _h2v1_fancy_upsample       004572dc f   lib:jdsample.obj
 0001:0005637f       _h2v2_fancy_upsample       0045737f f   lib:jdsample.obj
 0001:00055c38       _start_pass_dpost          00456c38 f   lib:jdpostct.obj
 0001:00055cde       _post_process_1pass        00456cde f   lib:jdpostct.obj
 0001:00055d43       _post_process_prepass      00456d43 f   lib:jdpostct.obj
 0001:00055dd4       _post_process_2pass        00456dd4 f   lib:jdpostct.obj
 0001:0005563f       _alloc_funny_pointers      0045663f f   lib:jdmainct.obj
 0001:000556ec       _start_pass_main           004566ec f   lib:jdmainct.obj
 0001:00055754       _make_funny_pointers       00456754 f   lib:jdmainct.obj
 0001:00055894       _process_data_simple_main  00456894 f   lib:jdmainct.obj
 0001:000558fc       _process_data_context_main 004568fc f   lib:jdmainct.obj
 0001:00055a0e       _set_wraparound_pointers   00456a0e f   lib:jdmainct.obj
 0001:00055af8       _set_bottom_pointers       00456af8 f   lib:jdmainct.obj
 0001:00055b92       _process_data_crank_post   00456b92 f   lib:jdmainct.obj
 0001:00054398       _write_marker_header       00455398 f   lib:jcmarker.obj
 0001:000543ee       _emit_byte                 004553ee f   lib:jcmarker.obj
 0001:0005441f       _write_marker_byte         0045541f f   lib:jcmarker.obj
 0001:0005442f       _write_file_header         0045542f f   lib:jcmarker.obj
 0001:0005447b       _emit_jfif_app0            0045547b f   lib:jcmarker.obj
 0001:0005454e       _emit_adobe_app14          0045554e f   lib:jcmarker.obj
 0001:000545f4       _write_frame_header        004555f4 f   lib:jcmarker.obj
 0001:000546d3       _emit_dqt                  004556d3 f   lib:jcmarker.obj
 0001:000547c2       _emit_sof                  004557c2 f   lib:jcmarker.obj
 0001:0005489e       _write_scan_header         0045589e f   lib:jcmarker.obj
 0001:0005495e       _emit_dht                  0045595e f   lib:jcmarker.obj
 0001:00054a37       _emit_dri                  00455a37 f   lib:jcmarker.obj
 0001:00054a86       _emit_sos                  00455a86 f   lib:jcmarker.obj
 0001:00054b74       _write_file_trailer        00455b74 f   lib:jcmarker.obj
 0001:00054b94       _write_tables_only         00455b94 f   lib:jcmarker.obj
 0001:00053eed       _use_merged_upsample       00454eed f   lib:jdmaster.obj
 0001:00053f93       _master_selection          00454f93 f   lib:jdmaster.obj
 0001:000540f0       _prepare_range_limit_table 004550f0 f   lib:jdmaster.obj
 0001:00054176       _prepare_for_output_pass   00455176 f   lib:jdmaster.obj
 0001:00054297       _finish_output_pass        00455297 f   lib:jdmaster.obj
 0001:00053364       _alloc_small               00454364 f   lib:jmemmgr.obj
 0001:00053482       _alloc_large               00454482 f   lib:jmemmgr.obj
 0001:00053533       _alloc_sarray              00454533 f   lib:jmemmgr.obj
 0001:000535cb       _alloc_barray              004545cb f   lib:jmemmgr.obj
 0001:0005366f       _alloc_darray              0045466f f   lib:jmemmgr.obj
 0001:0005371a       _request_virt_sarray       0045471a f   lib:jmemmgr.obj
 0001:0005377b       _request_virt_barray       0045477b f   lib:jmemmgr.obj
 0001:000537dc       _realize_virt_arrays       004547dc f   lib:jmemmgr.obj
 0001:0005395f       _access_virt_sarray        0045495f f   lib:jmemmgr.obj
 0001:00053a7f       _do_sarray_io              00454a7f f   lib:jmemmgr.obj
 0001:00053b0f       _access_virt_barray        00454b0f f   lib:jmemmgr.obj
 0001:00053c34       _do_barray_io              00454c34 f   lib:jmemmgr.obj
 0001:00053cc5       _free_pool                 00454cc5 f   lib:jmemmgr.obj
 0001:00053dac       _self_destruct             00454dac f   lib:jmemmgr.obj
 0001:00052dfe       _start_input_pass          00453dfe f   lib:jdinput.obj
 0001:00052e2c       _per_scan_setup            00453e2c f   lib:jdinput.obj
 0001:00052fb2       _finish_input_pass         00453fb2 f   lib:jdinput.obj
 0001:00052fc3       _consume_markers           00453fc3 f   lib:jdinput.obj
 0001:0005305f       _initial_setup             0045405f f   lib:jdinput.obj
 0001:00053269       _reset_input_controller    00454269 f   lib:jdinput.obj
 0001:00052bb7       _fixedtables               00453bb7 f   lib:inflate.obj
 0001:00052ca1       _updatewindow              00453ca1 f   lib:inflate.obj
 0001:000515e9       _make_crc_table            004525e9 f   lib:crc32.obj
 0001:00051736       _crc32_little              00452736 f   lib:crc32.obj
 0001:00051525       _init_destination          00452525 f   lib:jdatadst.obj
 0001:0005154b       _empty_output_buffer       0045254b f   lib:jdatadst.obj
 0001:0005158d       _term_destination          0045258d f   lib:jdatadst.obj
 0001:000510ac       _std_huff_tables           004520ac f   lib:jcparam.obj
 0001:00051106       _add_huff_table            00452106 f   lib:jcparam.obj
 0001:0004f604       _next_marker               00450604 f   lib:jdmarker.obj
 0001:0004f73e       _get_interesting_appn      0045073e f   lib:jdmarker.obj
 0001:0004f869       _examine_app0              00450869 f   lib:jdmarker.obj
 0001:0004fa77       _examine_app14             00450a77 f   lib:jdmarker.obj
 0001:0004fb38       _skip_variable             00450b38 f   lib:jdmarker.obj
 0001:0004fbdb       _read_markers              00450bdb f   lib:jdmarker.obj
 0001:0004fde3       _get_soi                   00450de3 f   lib:jdmarker.obj
 0001:0004fe8e       _get_sof                   00450e8e f   lib:jdmarker.obj
 0001:00050197       _get_sos                   00451197 f   lib:jdmarker.obj
 0001:00050485       _get_dht                   00451485 f   lib:jdmarker.obj
 0001:00050726       _get_dqt                   00451726 f   lib:jdmarker.obj
 0001:00050982       _get_dri                   00451982 f   lib:jdmarker.obj
 0001:00050a61       _first_marker              00451a61 f   lib:jdmarker.obj
 0001:00050afd       _read_restart_marker       00451afd f   lib:jdmarker.obj
 0001:00050b7b       _reset_marker_reader       00451b7b f   lib:jdmarker.obj
 0001:0004f3e8       _output_pass_setup         004503e8 f   lib:jdapistd.obj
 0001:0004f0db       _default_decompress_parms  004500db f   lib:jdapimin.obj

 182 bytes saved through ICF

