 Quake2

 Timestamp is 448c60c4 (Sun Jun 11 22:28:20 2006)

 Preferred load address is 00400000

 Start         Length     Name                   Class
 0001:00000000 00067770H .text                   CODE
 0002:00000000 00000294H .idata$5                DATA
 0002:00000298 00007584H .rdata                  DATA
 0002:00007820 00000044H .rdata$r                DATA
 0002:00007868 00000038H .xdata$x                DATA
 0002:000078a0 00000078H .idata$2                DATA
 0002:00007918 00000014H .idata$3                DATA
 0002:0000792c 00000294H .idata$4                DATA
 0002:00007bc0 0000086aH .idata$6                DATA
 0002:0000842a 00000000H .edata                  DATA
 0003:00000000 00000004H .CRT$XCA                DATA
 0003:00000004 00000088H .CRT$XCU                DATA
 0003:0000008c 00000004H .CRT$XCZ                DATA
 0003:00000090 00000004H .CRT$XIA                DATA
 0003:00000094 00000004H .CRT$XIZ                DATA
 0003:000000a0 0000e61cH .data                   DATA
 0003:0000e6c0 00457890H .bss                    DATA
 0004:00000000 00000130H .rsrc$01                DATA
 0004:00000130 00003f20H .rsrc$02                DATA

  Address         Publics by Value              Rva+Base     Lib:Object

 0001:00000000       ??3@YAXPAX@Z               00401000 f i CoreMain.obj
 0001:0000000e       ?appTimestamp@@YAPBDXZ     0040100e f   CoreMain.obj
 0001:00000043       ?appInit@@YAXXZ            00401043 f   CoreMain.obj
 0001:000000c2       ?appExit@@YAXXZ            004010c2 f   CoreMain.obj
 0001:000000cc       ?appMilliseconds@@YAIXZ    004010cc f   CoreWin32.obj
 0001:000000d2       ?appPackage@@YAPBDXZ       004010d2 f   CoreWin32.obj
 0001:0000012a       ?appGetSystemErrorMessage@@YAPBDI@Z 0040112a f   CoreWin32.obj
 0001:0000018e       ?appDisplayError@@YAXXZ    0040118e f   CoreWin32.obj
 0001:000001df       ?appInitPlatform@@YAXXZ    004011df f   CoreWin32.obj
 0001:00000372       ?appShutdownPlatform@@YAXXZ 00401372 f   CoreWin32.obj
 0001:0000037b       ?sprintf@?$TString@$0BAA@@@QAAHPBDZZ 0040137b f i CoreWin32.obj
 0001:00000398       ?appDetectCPU@@YAXXZ       00401398 f   CoreCpuid.obj
 0001:0000064c       ?appLoadDebugSymbols@@YAXXZ 0040164c f   DbgSymbols.obj
 0001:0000080a       ?appSymbolName@@YA_NIPADH@Z 0040180a f   DbgSymbols.obj
 0001:00000900       ?appSymbolName@@YAPBDI@Z   00401900 f   DbgSymbols.obj
 0001:00000938       ?osGetAddressPackage@@YA_NIPADHAAH@Z 00401938 f   DbgSymbolsWin32.obj
 0001:000009cc       ?osGetAddressSymbol@@YA_NIPADHAAH@Z 004019cc f   DbgSymbolsWin32.obj
 0001:00000b73       ?appMalloc@@YAPAXIH@Z      00401b73 f   Memory.obj
 0001:00000c78       ?appFree@@YAXPAX@Z         00401c78 f   Memory.obj
 0001:00000cf7       ?Unlink@FMemHeader@@QAEXXZ 00401cf7 f i Memory.obj
 0001:00000d22       ?Link@CMemoryChain@@AAEXXZ 00401d22 f   Memory.obj
 0001:00000d41       ?Unlink@CMemoryChain@@AAEXXZ 00401d41 f   Memory.obj
 0001:00000d6c       ??2CMemoryChain@@SAPAXIH@Z 00401d6c f   Memory.obj
 0001:00000e35       ??3CMemoryChain@@SAXPAX@Z  00401e35 f   Memory.obj
 0001:00000eb6       ?Alloc@CMemoryChain@@QAEPAXIH@Z 00401eb6 f   Memory.obj
 0001:00000f82       ?GetSize@CMemoryChain@@QAEHXZ 00401f82 f   Memory.obj
 0001:00000f90       ?BuildAllocatorsTable@@YAHPAXH@Z 00401f90 f   Memory.obj
 0001:00001101       ?appInitMemory@@YAXXZ      00402101 f   Memory.obj
 0001:000014e9       ?Show@CSunLight@OpenGLDrv@@UBEXXZ 004024e9 f i OutputDevice.obj
 0001:000014e9       ?Close@COutputDevice@@UAEXXZ 004024e9 f i OutputDevice.obj
 0001:000014e9       ?Flush@COutputDevice@@UAEXXZ 004024e9 f i OutputDevice.obj
 0001:000014ea       ?Write@COutputDeviceNull@@UAEXPBD@Z 004024ea f i OutputDevice.obj
 0001:00001504       ??_GCOutputDeviceNull@@UAEPAXI@Z 00402504 f i OutputDevice.obj
 0001:00001504       ??_ECOutputDevice@@UAEPAXI@Z 00402504 f i OutputDevice.obj
 0001:00001504       ??_ECOutputDeviceNull@@UAEPAXI@Z 00402504 f i OutputDevice.obj
 0001:00001504       ??_GCOutputDevice@@UAEPAXI@Z 00402504 f i OutputDevice.obj
 0001:00001547       ?Write@COutputDeviceLog@@UAEXPBD@Z 00402547 f i OutputDevice.obj
 0001:00001592       ??_GCOutputDeviceLog@@UAEPAXI@Z 00402592 f i OutputDevice.obj
 0001:00001592       ??_ECOutputDeviceLog@@UAEPAXI@Z 00402592 f i OutputDevice.obj
 0001:000015b2       ?Printf@COutputDevice@@QAAXPBDZZ 004025b2 f   OutputDevice.obj
 0001:00001623       ?Register@COutputDevice@@QAEXXZ 00402623 f   OutputDevice.obj
 0001:0000167f       ?Unregister@COutputDevice@@QAEXXZ 0040267f f   OutputDevice.obj
 0001:000016d2       ?appPrintf@@YAXPBDZZ       004026d2 f   OutputDevice.obj
 0001:00001809       ?appWPrintf@@YAXPBDZZ      00402809 f   OutputDevice.obj
 0001:0000186c       ??0COutputDeviceMemTail@@QAE@H@Z 0040286c f i ErrorMgr.obj
 0001:0000189d       ?Write@COutputDeviceMemTail@@UAEXPBD@Z 0040289d f i ErrorMgr.obj
 0001:000019b9       ??_GCOutputDeviceMemTail@@UAEPAXI@Z 004029b9 f i ErrorMgr.obj
 0001:000019b9       ??_ECOutputDeviceMemTail@@UAEPAXI@Z 004029b9 f i ErrorMgr.obj
 0001:000019d8       ??1COutputDeviceMemTail@@UAE@XZ 004029d8 f i ErrorMgr.obj
 0001:00001a21       ??0COutputDeviceFile@@QAE@XZ 00402a21 f i ErrorMgr.obj
 0001:00001a36       ?Write@COutputDeviceFile@@UAEXPBD@Z 00402a36 f i ErrorMgr.obj
 0001:00001a8d       ?Flush@COutputDeviceFile@@UAEXXZ 00402a8d f i ErrorMgr.obj
 0001:00001a9d       ?Close@COutputDeviceFile@@UAEXXZ 00402a9d f i ErrorMgr.obj
 0001:00001ab5       ??_ECOutputDeviceFile@@UAEPAXI@Z 00402ab5 f i ErrorMgr.obj
 0001:00001ab5       ??_GCOutputDeviceFile@@UAEPAXI@Z 00402ab5 f i ErrorMgr.obj
 0001:00001ad4       ??1COutputDeviceFile@@UAE@XZ 00402ad4 f i ErrorMgr.obj
 0001:00001b13       ?appBeginError@@YAPAVCOutputDevice@@PBD@Z 00402b13 f   ErrorMgr.obj
 0001:00001bde       ?appGetErrorLog@@YAPAVCOutputDevice@@XZ 00402bde f   ErrorMgr.obj
 0001:00001c49       ?Open@COutputDeviceFile@@QAEXPBD_N@Z 00402c49 f i ErrorMgr.obj
 0001:00001c8f       ?appFatalError@@YAXPBDZZ   00402c8f f   ErrorMgr.obj
 0001:00001ce5       ?appNonFatalError@@YAXPBDZZ 00402ce5 f   ErrorMgr.obj
 0001:00001d47       ?appUnwindPrefix@@YAXPBD@Z 00402d47 f   ErrorMgr.obj
 0001:00001df9       ?appUnwindThrow@@YAXPBDZZ  00402df9 f   ErrorMgr.obj
 0001:00001e6f       ?Reset@CErrorHandler@@QAEXXZ 00402e6f f   ErrorMgr.obj
 0001:00001ea0       ?appInitError@@YAXXZ       00402ea0 f   ErrorMgr.obj
 0001:00001f95       ?appShutdownError@@YAXXZ   00402f95 f   ErrorMgr.obj
 0001:0000201f       ?GetTail@COutputDeviceMemTail@@QAEPBDH@Z 0040301f f i ErrorMgr.obj
 0001:00002045       ?sprintf@?$TString@$0CAA@@@QAAHPBDZZ 00403045 f i ErrorMgr.obj
 0001:00002062       ?win32ExceptFilter@@YGJPAU_EXCEPTION_POINTERS@@@Z 00403062 f   ExceptHandlerWin32.obj
 0001:00002205       ?win32ExceptFilter2@@YAIXZ 00403205 f   ExceptHandlerWin32.obj
 0001:0000220e       ?sprintf@?$TString@$0EAA@@@QAAHPBDZZ 0040320e f i ExceptHandlerWin32.obj
 0001:0000222b       ?DumpRegs@@YAXPAVCOutputDevice@@PAU_CONTEXT@@@Z 0040322b f   ExceptDumpers.obj
 0001:0000233c       ?DumpMem@@YAXPAVCOutputDevice@@PBIPAU_CONTEXT@@@Z 0040333c f   ExceptDumpers.obj
 0001:0000257b       ?UnwindEbpFrame@@YAXPAVCOutputDevice@@PBI@Z 0040357b f   ExceptDumpers.obj
 0001:0000260c       ?GetLine@CSimpleParser@@QAEPBDXZ 0040360c f   ScriptParser.obj
 0001:00002723       ?SkipBraces@CSimpleParser@@QAEPBDXZ 00403723 f   ScriptParser.obj
 0001:00002759       ?appStricmp@@YAHPBD0@Z     00403759 f   Strings.obj
 0001:00002790       ?toLower@@YADD@Z           00403790 f i Strings.obj
 0001:000027ab       ?appStrncpylwr@@YAXPADPBDH@Z 004037ab f   Strings.obj
 0001:000027e3       ?appStrncpyz@@YAXPADPBDH@Z 004037e3 f   Strings.obj
 0001:00002810       ?appStrcatn@@YAXPADHPBD@Z  00403810 f   Strings.obj
 0001:0000283c       ?appCopyFilename@@YAXPADPBDH@Z 0040383c f   Strings.obj
 0001:00002964       ?appCStrlen@@YAHPBD@Z      00403964 f   Strings.obj
 0001:0000298c       ?appUncolorizeString@@YAXPADPBD@Z 0040398c f   Strings.obj
 0001:000029be       ?va@@YAPBDPBDZZ            004039be f   Strings.obj
 0001:00002ab2       ?appSprintf@@YAHPADHPBDZZ  00403ab2 f   Strings.obj
 0001:00002b51       ?appMatchWildcard@@YA_NPBD0_N@Z 00403b51 f   Strings.obj
 0001:00002d96       ?appIsWildcard@@YA_NPBD@Z  00403d96 f   Strings.obj
 0001:00002dc2       ?appStrdup@@YAPADPBD@Z     00403dc2 f   Strings.obj
 0001:00002e03       ?appStrdup@@YAPADPBDPAVCMemoryChain@@@Z 00403e03 f   Strings.obj
 0001:00002e38       ??0CStringItem@@QAE@XZ     00403e38 f   Strings.obj
 0001:00002e43       ??2CStringItem@@SAPAXIPBD@Z 00403e43 f   Strings.obj
 0001:00002edd       ??2CStringItem@@SAPAXIPBDPAVCMemoryChain@@@Z 00403edd f   Strings.obj
 0001:00002f52       ?Find@CStringList@@IAEPAVCStringItem@@PBDPAPAV2@@Z 00403f52 f   Strings.obj
 0001:00002fdd       ?Find@CStringList@@IAEPAVCStringItem@@H@Z 00403fdd f   Strings.obj
 0001:00003049       ?IndexOf@CStringList@@QAEHPBD@Z 00404049 f   Strings.obj
 0001:000030cb       ?Remove@CStringList@@QAE_NPAVCStringItem@@@Z 004040cb f   Strings.obj
 0001:0000314f       ?Add@CTextContainer@@QAEPAUCTextRec@@PBD@Z 0040414f f   TextContainer.obj
 0001:000031fb       ?Enumerate@CTextContainer@@QAEXP6AXPBUCTextRec@@@Z@Z 004041fb f   TextContainer.obj
 0001:00003267       ?SubtractPath@@YAPBDPBD0@Z 00404267 f   FileSystem.obj
 0001:000032ff       ?appMakeDirectoryForFile@@YAXPBD@Z 004042ff f   FileSystem.obj
 0001:00003335       ?appOpenFile@@YAPAVCFile@@PBD@Z 00404335 f   FileSystem.obj
 0001:00003372       ?Read@CFileOS@@UAEHPAXH@Z  00404372 f i FileSystem.obj
 0001:00003399       ?GetSize@CFileOS@@UAEHXZ   00404399 f i FileSystem.obj
 0001:000033e4       ?Eof@CFileOS@@UAE_NXZ      004043e4 f i FileSystem.obj
 0001:000033f8       ??_GCFileOS@@UAEPAXI@Z     004043f8 f i FileSystem.obj
 0001:000033f8       ??_ECFileOS@@UAEPAXI@Z     004043f8 f i FileSystem.obj
 0001:0000342d       ??_GCFile@@UAEPAXI@Z       0040442d f i FileSystem.obj
 0001:0000342d       ??_ECFile@@UAEPAXI@Z       0040442d f i FileSystem.obj
 0001:0000344d       ?ReadByte@CFile@@QAEEXZ    0040444d f   FileSystem.obj
 0001:00003465       ?ReadInt@CFile@@QAEHXZ     00404465 f   FileSystem.obj
 0001:0000347d       ?ReadString@CFile@@QAEXPADH@Z 0040447d f   FileSystem.obj
 0001:000034ba       ?GetType@CFileContainer@@MAEPBDXZ 004044ba f   FileSystem.obj
 0001:000034c0       ?Mount@CFileSystem@@QAEXAAVCFileContainer@@PBD@Z 004044c0 f   FileSystem.obj
 0001:00003516       ?Umount@CFileSystem@@QAEXAAVCFileContainer@@@Z 00404516 f   FileSystem.obj
 0001:00003550       ?MountDirectory@CFileSystem@@QAEPAVCFileContainer@@PBD0@Z 00404550 f   FileSystem.obj
 0001:00003595       ?GetType@CFileContainerOS@@MAEPBDXZ 00404595 f i FileSystem.obj
 0001:0000359b       ?FileExists@CFileContainerOS@@UAE_NPBD@Z 0040459b f i FileSystem.obj
 0001:000035c5       ?OpenFile@CFileContainerOS@@UAEPAVCFile@@PBD@Z 004045c5 f i FileSystem.obj
 0001:000035e5       ?List@CFileContainerOS@@UAEXAAVCFileList@@PBDI@Z 004045e5 f i FileSystem.obj
 0001:0000360e       ??_GCFileContainerOS@@UAEPAXI@Z 0040460e f i FileSystem.obj
 0001:0000360e       ??_ECFileContainerOS@@UAEPAXI@Z 0040460e f i FileSystem.obj
 0001:0000362e       ??_GCFileContainer@@UAEPAXI@Z 0040462e f i FileSystem.obj
 0001:0000362e       ??_ECFileContainer@@UAEPAXI@Z 0040462e f i FileSystem.obj
 0001:0000364e       ?MountArchive@CFileSystem@@QAEPAVCFileContainer@@PBD0@Z 0040464e f   FileSystem.obj
 0001:00003765       ?Mount@CFileSystem@@QAEXPBD0@Z 00404765 f   FileSystem.obj
 0001:00003997       ?Umount@CFileSystem@@QAEXPBD@Z 00404997 f   FileSystem.obj
 0001:00003a33       ?List@CFileSystem@@UAEPAVCFileList@@PBDIPAV2@@Z 00404a33 f   FileSystem.obj
 0001:00003bee       ?RegisterFormat@CFileSystem@@SAXP6APAVCFileContainer@@PBDPAU_iobuf@@@Z@Z 00404bee f   FileSystem.obj
 0001:00003c32       ?FileExists@CFileSystem@@UAE_NPBDI@Z 00404c32 f   FileSystem.obj
 0001:00003cb1       ?OpenFile@CFileSystem@@UAEPAVCFile@@PBDI@Z 00404cb1 f   FileSystem.obj
 0001:00003d56       ?LoadFile@CFileSystem@@QAEPAXPBDPAI@Z 00404d56 f   FileSystem.obj
 0001:00003e26       ?cMount@@YAX_NHPAPAD@Z     00404e26 f   FileSystem.obj
 0001:00003f64       ?cUmount@@YAX_NHPAPAD@Z    00404f64 f   FileSystem.obj
 0001:00003f93       ?appInitFileSystem@@YAXAAVCFileSystem@@@Z 00404f93 f   FileSystem.obj
 0001:0000438a       ?appListDirectory@@YAXPBDAAVCFileList@@I@Z 0040538a f   FileSystemWin32.obj
 0001:000045d1       ?appMakeDirectory@@YAXPBD@Z 004055d1 f   FileSystemWin32.obj
 0001:0000463e       ?appFileType@@YAIPBD@Z     0040563e f   FileSystemWin32.obj
 0001:0000467e       ?FindDir@CFileContainerArc@@IAEPAVFDirInfo@1@PBD_N@Z 0040567e f   FileContainerArc.obj
 0001:00004737       ?FindFile@CFileContainerArc@@IAEPAVCStringItem@@PBD@Z 00405737 f   FileContainerArc.obj
 0001:000047a2       ?FileExists@CFileContainerArc@@UAE_NPBD@Z 004057a2 f   FileContainerArc.obj
 0001:000047b7       ?OpenFile@CFileContainerArc@@UAEPAVCFile@@PBD@Z 004057b7 f   FileContainerArc.obj
 0001:000047d6       ?List@CFileContainerArc@@UAEXAAVCFileList@@PBDI@Z 004057d6 f   FileContainerArc.obj
 0001:00004943       ??E?$TStringSplitter@$0BAA@$0CP@@@QAEXXZ 00405943 f i FileContainerArc.obj
 0001:000049c5       ?SCR_StopCinematic@@YAXXZ  004059c5 f   cl_cin.obj
 0001:00004a59       ?SCR_DrawCinematic@@YA_NXZ 00405a59 f   cl_cin.obj
 0001:00004e50       ?SCR_PlayCinematic@@YAXPBD@Z 00405e50 f   cl_cin.obj
 0001:000051a7       ?sprintf@?$TString@$0EA@@@QAAHPBDZZ 004061a7 f i cl_cin.obj
 0001:000051c1       ?CL_Download_f@@YAX_NHPAPAD@Z 004061c1 f   cl_download.obj
 0001:0000556e       ?CL_ParseDownload@@YAXXZ   0040656e f   cl_download.obj
 0001:00005d90       ?CL_Precache_f@@YAXHPAPAD@Z 00406d90 f   cl_download.obj
 0001:00005dee       ?sprintf@?$TString@$0IA@@@QAAHPBDZZ 00406dee f i cl_download.obj
 0001:00005e0b       ?CL_ParseDelta@@YAXPAUclEntityState_t@@0HI_N@Z 00406e0b f   cl_ents.obj
 0001:00005f8b       ?CL_ParseFrame@@YAXXZ      00406f8b f   cl_ents.obj
 0001:00006640       ?CL_AddEntityBox@@YAXPAUclEntityState_t@@I@Z 00407640 f   cl_ents.obj
 0001:00006744       ?Lerp@@YAXABUCVec3@@0MAAU1@@Z 00407744 f i cl_ents.obj
 0001:0000677b       ?CL_OffsetThirdPersonView@@YAXXZ 0040777b f   cl_ents.obj
 0001:00006863       ?CL_AddEntities@@YAXXZ     00407863 f   cl_ents.obj
 0001:000077a4       ?CL_ClearLightStyles@@YAXXZ 004087a4 f   cl_fx.obj
 0001:00007826       ?CL_SetLightstyle@@YAXHPBD@Z 00408826 f   cl_fx.obj
 0001:00007887       ?CL_AllocDlight@@YAPAUcdlight_t@@HABUCVec3@@@Z 00408887 f   cl_fx.obj
 0001:000078f2       ?CL_AllocParticleTrace@@YAPAUparticleTrace_t@@ABUCVec3@@0MM@Z 004088f2 f   cl_fx.obj
 0001:00007981       ?CL_AllocParticleBeam@@YAPAUbeam_t@@ABUCVec3@@0MM@Z 00408981 f   cl_fx.obj
 0001:000079f6       ?CL_AllocParticle@@YAPAUparticle_t@@XZ 004089f6 f   cl_fx.obj
 0001:00007a49       ?CL_MetalSparks@@YAXABUCVec3@@0H@Z 00408a49 f   cl_fx.obj
 0001:00007b47       ?CL_AddEffects@@YAXXZ      00408b47 f   cl_fx.obj
 0001:0000824e       ?CL_ClearEffects@@YAXXZ    0040924e f   cl_fx.obj
 0001:000082d0       ?CL_EntityEvent@@YAXPAUclEntityState_t@@@Z 004092d0 f   cl_fx.obj
 0001:00008487       ?CL_ParseMuzzleFlash@@YAXXZ 00409487 f   cl_fx.obj
 0001:000087f7       ?CL_ParseMuzzleFlash2@@YAXXZ 004097f7 f   cl_fx.obj
 0001:00008c6d       ?CL_ParticleEffect@@YAXABUCVec3@@0HH@Z 00409c6d f   cl_fx.obj
 0001:00008e56       ?CL_ParticleEffect2@@YAXABUCVec3@@0HH@Z 00409e56 f   cl_fx.obj
 0001:00008e7e       ?CL_ParticleEffect3@@YAXABUCVec3@@0HH@Z 00409e7e f   cl_fx.obj
 0001:00008ea6       ?CL_TeleporterParticles@@YAXPAUclEntityState_t@@@Z 00409ea6 f   cl_fx.obj
 0001:00008ec8       ?CL_LogoutEffect@@YAXABUCVec3@@H@Z 00409ec8 f   cl_fx.obj
 0001:00008f00       ?CL_ItemRespawnParticles@@YAXABUCVec3@@@Z 00409f00 f   cl_fx.obj
 0001:00008f1e       ?CL_ExplosionParticles@@YAXABUCVec3@@@Z 00409f1e f   cl_fx.obj
 0001:00008f3f       ?CL_BFGExplosionParticles@@YAXABUCVec3@@@Z 00409f3f f   cl_fx.obj
 0001:00008f60       ?CL_TrackerExplosionParticles@@YAXABUCVec3@@@Z 00409f60 f   cl_fx.obj
 0001:00008f81       ?CL_BlasterParticles@@YAXABUCVec3@@0I@Z 00409f81 f   cl_fx.obj
 0001:00008fa8       ?CL_BlasterTrail@@YAXAAUcentity_t@@@Z 00409fa8 f   cl_fx.obj
 0001:000090af       ?CL_BlasterTrail2@@YAXAAUcentity_t@@@Z 0040a0af f   cl_fx.obj
 0001:000090c6       ?CL_FlagTrail@@YAXAAUcentity_t@@H@Z 0040a0c6 f   cl_fx.obj
 0001:000090e5       ?CL_RocketTrail@@YAXAAUcentity_t@@@Z 0040a0e5 f   cl_fx.obj
 0001:00009124       ?CL_BubbleTrail@@YAXABUCVec3@@0@Z 0040a124 f   cl_fx.obj
 0001:000091c0       ?CL_BubbleTrail2@@YAXABUCVec3@@0@Z 0040a1c0 f   cl_fx.obj
 0001:000091da       ?CL_TagTrail@@YAXAAUcentity_t@@@Z 0040a1da f   cl_fx.obj
 0001:000091f1       ?CL_DebugTrail@@YAXABUCVec3@@0@Z 0040a1f1 f   cl_fx.obj
 0001:0000920b       ?CL_ForceWall@@YAXABUCVec3@@0H@Z 0040a20b f   cl_fx.obj
 0001:0000922d       ?CL_BigTeleportParticles@@YAXABUCVec3@@@Z 0040a22d f   cl_fx.obj
 0001:00009368       ?CL_BfgParticles@@YAXABUCVec3@@@Z 0040a368 f   cl_fx.obj
 0001:000094e2       ?CL_FlyEffect@@YAXAAUcentity_t@@@Z 0040a4e2 f   cl_fx.obj
 0001:0000966e       ?CL_DiminishingTrail@@YAXAAUcentity_t@@H@Z 0040a66e f   cl_fx.obj
 0001:000097c8       ?CL_RailTrail@@YAXABUCVec3@@0@Z 0040a7c8 f   cl_fx.obj
 0001:0000993e       ?CL_RailTrailExt@@YAXABUCVec3@@0EE@Z 0040a93e f   cl_fx.obj
 0001:00009a83       ?CL_IonripperTrail@@YAXAAUcentity_t@@@Z 0040aa83 f   cl_fx.obj
 0001:00009bdd       ?CL_TrapParticles@@YAXABUCVec3@@@Z 0040abdd f   cl_fx.obj
 0001:00009d50       ?CL_TeleportParticles@@YAXABUCVec3@@@Z 0040ad50 f   cl_fx.obj
 0001:00009e86       ?CL_Heatbeam@@YAXABUCVec3@@0@Z 0040ae86 f   cl_fx.obj
 0001:0000a12c       ?CL_ParticleSteamEffect@@YAXABUCVec3@@0HHH@Z 0040b12c f   cl_fx.obj
 0001:0000a265       ?CL_ParticleSmokeEffect@@YAXABUCVec3@@0@Z 0040b265 f   cl_fx.obj
 0001:0000a381       ?CL_TrackerTrail@@YAXAAUcentity_t@@@Z 0040b381 f   cl_fx.obj
 0001:0000a4ff       ?CL_TrackerShell@@YAXABUCVec3@@@Z 0040b4ff f   cl_fx.obj
 0001:0000a58b       ?CL_MonsterPlasmaShell@@YAXABUCVec3@@@Z 0040b58b f   cl_fx.obj
 0001:0000a614       ?CL_WidowSplash@@YAXABUCVec3@@@Z 0040b614 f   cl_fx.obj
 0001:0000a6f5       ?CL_InitInput@@YAXXZ       0040b6f5 f   cl_input.obj
 0001:0000aca3       ?CL_SendCmd@@YAXXZ         0040bca3 f   cl_input.obj
 0001:0000b286       ?CL_WriteDemoMessage@@YAXXZ 0040c286 f   cl_main.obj
 0001:0000b2c8       ?Cmd_ForwardToServer@@YAXHPAPAD@Z 0040c2c8 f   cl_main.obj
 0001:0000b38d       ?CL_ForwardToServer_f@@YAXHPAPAD@Z 0040c38d f   cl_main.obj
 0001:0000b3d6       ?CL_Pause@@YAX_N@Z         0040c3d6 f   cl_main.obj
 0001:0000b41b       ?CL_Drop@@YAX_N@Z          0040c41b f   cl_main.obj
 0001:0000b446       ?CL_SendConnectPacket@@YAXXZ 0040c446 f   cl_main.obj
 0001:0000b4ac       ?CL_Connect_f@@YAX_NHPAPAD@Z 0040c4ac f   cl_main.obj
 0001:0000b519       ?CL_Rcon_f@@YAXHPAPAD@Z    0040c519 f   cl_main.obj
 0001:0000b605       ?CL_Disconnect@@YAXXZ      0040c605 f   cl_main.obj
 0001:0000b7b0       ?CL_Disconnect_f@@YAXXZ    0040c7b0 f   cl_main.obj
 0001:0000b7ba       ?CL_Changing_f@@YAXXZ      0040c7ba f   cl_main.obj
 0001:0000b7e2       ?CL_Reconnect_f@@YAXXZ     0040c7e2 f   cl_main.obj
 0001:0000b87e       ?CL_PingServers_f@@YAXXZ   0040c87e f   cl_main.obj
 0001:0000bc3a       ?CL_ConnectionlessPacket@@YAXXZ 0040cc3a f   cl_main.obj
 0001:0000bd37       ?CL_Userinfo_f@@YAXXZ      0040cd37 f   cl_main.obj
 0001:0000bd52       ?CL_RegisterSounds@@YAXXZ  0040cd52 f   cl_main.obj
 0001:0000bd91       ?CL_Snd_Restart_f@@YAXXZ   0040cd91 f   cl_main.obj
 0001:0000bda0       ?CL_WriteConfiguration@@YAXPBD@Z 0040cda0 f   cl_main.obj
 0001:0000be87       ?CL_WriteConfig_f@@YAX_NHPAPAD@Z 0040ce87 f   cl_main.obj
 0001:0000bef2       ?CL_FixCvarCheats@@YAXXZ   0040cef2 f   cl_main.obj
 0001:0000bf43       ?CL_Frame@@YAXMM@Z         0040cf43 f   cl_main.obj
 0001:0000c3c0       ?CL_ClearState@@YAXXZ      0040d3c0 f   cl_main.obj
 0001:0000c3fe       ?CL_Init@@YAXXZ            0040d3fe f   cl_main.obj
 0001:0000c8ad       ?CL_Shutdown@@YAXXZ        0040d8ad f   cl_main.obj
 0001:0000c909       ?CL_ParseClientinfo@@YAXH@Z 0040d909 f   cl_parse.obj
 0001:0000c9c1       ?CL_UpdatePlayerClientInfo@@YAXXZ 0040d9c1 f   cl_parse.obj
 0001:0000ca02       ?CL_ParseServerMessage@@YAXXZ 0040da02 f   cl_parse.obj
 0001:0000d1e8       ?FreePlayerModelsInfo@@YAXXZ 0040e1e8 f   cl_playermodel.obj
 0001:0000d20e       ?ScanPlayerModels@@YA_NXZ  0040e20e f   cl_playermodel.obj
 0001:0000d608       ?RunAnimation@@YAXAAUclientInfo_t@@AAUanimState_t@@H@Z 0040e608 f   cl_playermodel.obj
 0001:0000d7f6       ?CL_LoadClientinfo@@YAXAAUclientInfo_t@@PBD_N@Z 0040e7f6 f   cl_playermodel.obj
 0001:0000e487       ?ParsePlayerEntity@@YAHAAUcentity_t@@AAUclientInfo_t@@PAUclEntityState_t@@ABUentity_t@@PAU4@HH@Z 0040f487 f   cl_playermodel.obj
 0001:0000efe0       ?CreateAndInsert@?$TList@VCStringItem@@@@QAEPAVCStringItem@@PBDPAVCMemoryChain@@@Z 0040ffe0 f i cl_playermodel.obj
 0001:0000f018       ?Insert@?$TList@VplayerModelInfo_t@@@@QAE_NPAVplayerModelInfo_t@@@Z 00410018 f i cl_playermodel.obj
 0001:0000f018       ?Insert@?$TList@VshaderScript_t@OpenGLDrv@@@@QAE_NPAVshaderScript_t@OpenGLDrv@@@Z 00410018 f i cl_playermodel.obj
 0001:0000f018       ?Insert@?$TList@VCStringItem@@@@QAE_NPAVCStringItem@@@Z 00410018 f i cl_playermodel.obj
 0001:0000f04e       ?CL_CheckPredictionError@@YAXXZ 0041004e f   cl_pred.obj
 0001:0000f1e1       ?CL_EntityTrace@@YAXAAUtrace_t@@ABUCVec3@@1ABUCBox@@H@Z 004101e1 f   cl_pred.obj
 0001:0000f53b       ?CL_Trace@@YAXAAUtrace_t@@ABUCVec3@@1ABUCBox@@H@Z 0041053b f   cl_pred.obj
 0001:0000f5ec       ?CL_PMpointcontents@@YAHABUCVec3@@@Z 004105ec f   cl_pred.obj
 0001:0000f782       ?CL_PredictMovement@@YAXXZ 00410782 f   cl_pred.obj
 0001:0000fb49       ?DrawString@@YAXHHPBD@Z    00410b49 f   cl_scrn.obj
 0001:0000fb8e       ?SCR_DebugGraph@@YAXMH@Z   00410b8e f   cl_scrn.obj
 0001:0000fbb8       ?SCR_CenterPrint@@YAXPBD@Z 00410bb8 f   cl_scrn.obj
 0001:0000fcbe       ?Key_Message@@YAXH@Z       00410cbe f   cl_scrn.obj
 0001:0000fd5e       ?SCR_SetLevelshot@@YAXPBD@Z 00410d5e f   cl_scrn.obj
 0001:0000fe5e       ?SCR_BeginLoadingPlaque@@YAX_N@Z 00410e5e f   cl_scrn.obj
 0001:0000fef4       ?SCR_EndLoadingPlaque@@YAX_N@Z 00410ef4 f   cl_scrn.obj
 0001:0000ff79       ?SCR_LoadingNotify@@YAXPBDM@Z 00410f79 f   cl_scrn.obj
 0001:0000ffa3       ?SCR_ShowConsole@@YAX_N0@Z 00410fa3 f   cl_scrn.obj
 0001:00010068       ?SCR_ToggleConsole@@YAXXZ  00411068 f   cl_scrn.obj
 0001:00010090       ?SCR_TouchPics@@YAXXZ      00411090 f   cl_scrn.obj
 0001:000100e6       ?SCR_UpdateScreen@@YAXXZ   004110e6 f   cl_scrn.obj
 0001:00011475       ?SCR_Init@@YAXXZ           00412475 f   cl_scrn.obj
 0001:000117a6       ?sprintf@?$TString@$0BA@@@QAAHPBDZZ 004127a6 f i cl_scrn.obj
 0001:000117c0       ?CL_RegisterTEntSounds@@YAXXZ 004127c0 f   cl_tent.obj
 0001:00011a15       ?CL_RegisterTEntModels@@YAXXZ 00412a15 f   cl_tent.obj
 0001:00011b66       ?CL_ClearTEnts@@YAXXZ      00412b66 f   cl_tent.obj
 0001:00011b97       ?CL_SmokeAndFlash@@YAXABUCVec3@@@Z 00412b97 f   cl_tent.obj
 0001:00011d2f       ?CL_ParseTEnt@@YAXXZ       00412d2f f   cl_tent.obj
 0001:00012f19       ?CL_AddTEnts@@YAXXZ        00413f19 f   cl_tent.obj
 0001:00013920       ?V_AddEntity@@YAXPAUentity_t@@@Z 00414920 f   cl_view.obj
 0001:0001395e       ?V_AddEntity2@@YAXPAUentity_t@@@Z 0041495e f   cl_view.obj
 0001:00013990       ?AddEntityWithEffects2@@YAXPAUentity_t@@I@Z 00414990 f   cl_view.obj
 0001:00013a31       ?AddEntityWithEffects@@YAXPAUentity_t@@I@Z 00414a31 f   cl_view.obj
 0001:00013a52       ?V_AddLight@@YAXABUCVec3@@MMMM@Z 00414a52 f   cl_view.obj
 0001:00013a97       ?V_TestEntities@@YAXXZ     00414a97 f   cl_view.obj
 0001:00013bc4       ?V_TestLights@@YAXXZ       00414bc4 f   cl_view.obj
 0001:00013c9a       ?V_InitRenderer@@YAXXZ     00414c9a f   cl_view.obj
 0001:000140d1       ?CalcFov@@YAMMMM@Z         004150d1 f   cl_view.obj
 0001:0001413f       ?V_RenderView@@YA_NXZ      0041513f f   cl_view.obj
 0001:00014ed9       ?V_Init@@YAXXZ             00415ed9 f   cl_view.obj
 0001:00014f88       ?Con_ClearNotify@@YAXXZ    00415f88 f   console.obj
 0001:00014f97       ?Con_CheckResize@@YAXXZ    00415f97 f   console.obj
 0001:000150be       ?Write@COutputDeviceCon@@UAEXPBD@Z 004160be f   console.obj
 0001:000152c4       ?Con_DrawNotify@@YAX_N@Z   004162c4 f   console.obj
 0001:0001549a       ?Con_DrawConsole@@YAXM@Z   0041649a f   console.obj
 0001:0001574e       ?Con_ClearTyping@@YAXXZ    0041674e f   console.obj
 0001:00015767       ?Key_Console@@YAXHH@Z      00416767 f   console.obj
 0001:00015bb4       ?Con_Init@@YAXXZ           00416bb4 f   console.obj
 0001:00015d22       ?Key_KeynumToString@@YAPBDH@Z 00416d22 f   keys.obj
 0001:00015de8       ?Draw@completeMenu_t@@UAEXXZ 00416de8 f i keys.obj
 0001:00015e19       ?KeyDown@completeMenu_t@@UAEPBDH@Z 00416e19 f i keys.obj
 0001:00015e45       ?Init@completeMenu_t@@UAE_NXZ 00416e45 f i keys.obj
 0001:00015f6c       ?CompleteMenuCallback@completeMenu_t@@SAXPAX@Z 00416f6c f i keys.obj
 0001:00015ffd       ?CompleteCommand@@YAXXZ    00416ffd f   keys.obj
 0001:0001670e       ?Key_SetBinding@@YAXHPBD@Z 0041770e f   keys.obj
 0001:0001674e       ?Key_FindBinding@@YAHPBDPAHH@Z 0041774e f   keys.obj
 0001:0001679c       ?Key_WriteBindings@@YAXPAVCOutputDevice@@@Z 0041779c f   keys.obj
 0001:000167e6       ?Key_Init@@YAXXZ           004177e6 f   keys.obj
 0001:00016aca       ?Key_Event@@YAXH_N@Z       00417aca f   keys.obj
 0001:00016e29       ?Key_ClearStates@@YAXXZ    00417e29 f   keys.obj
 0001:00016e5e       ?M_ForceMenuOn@@YAXXZ      00417e5e f   menu.obj
 0001:00016e7d       ?Draw@menuMain_t@@UAEXXZ   00417e7d f i menu.obj
 0001:00016fb9       ?KeyDown@menuMain_t@@UAEPBDH@Z 00417fb9 f i menu.obj
 0001:0001707a       ?Init@menuMain_t@@UAE_NXZ  0041807a f i menu.obj
 0001:00017082       ?M_Menu_Main_f@@YAXXZ      00418082 f   menu.obj
 0001:0001709c       ?Init@multiplayerMenu_t@@UAE_NXZ 0041809c f i menu.obj
 0001:000171c0       ?Init@keysMenu_t@@UAE_NXZ  004181c0 f i menu.obj
 0001:000173ae       ?KeyCursorDrawFunc@keysMenu_t@@SAXPAUmenuFramework_t@@@Z 004183ae f i menu.obj
 0001:000173f1       ?DrawKeyBindingFunc@keysMenu_t@@SAXPAX@Z 004183f1 f i menu.obj
 0001:000174b8       ?KeyDown@keysMenu_t@@UAEPBDH@Z 004184b8 f i menu.obj
 0001:00017565       ?UnbindCommand@keysMenu_t@@QAEXPAD@Z 00418565 f i menu.obj
 0001:000175aa       ?KeyBindingFunc@keysMenu_t@@QAEXPAX@Z 004185aa f i menu.obj
 0001:0001760c       ?Init@optionsMenu_t@@UAE_NXZ 0041860c f i menu.obj
 0001:000179bf       ?CrosshairFunc@optionsMenu_t@@SAXPAX@Z 004189bf f i menu.obj
 0001:000179e7       ?JoystickFunc@optionsMenu_t@@SAXPAX@Z 004189e7 f i menu.obj
 0001:000179fc       ?AlwaysRunFunc@optionsMenu_t@@SAXPAX@Z 004189fc f i menu.obj
 0001:00017a11       ?MouseSpeedFunc@optionsMenu_t@@SAXPAX@Z 00418a11 f i menu.obj
 0001:00017a2e       ?InvertMouseFunc@optionsMenu_t@@SAXPAX@Z 00418a2e f i menu.obj
 0001:00017a67       ?UpdateVolumeFunc@optionsMenu_t@@SAXPAX@Z 00418a67 f i menu.obj
 0001:00017a84       ?UpdateCDVolumeFunc@optionsMenu_t@@SAXPAX@Z 00418a84 f i menu.obj
 0001:00017a9e       ?SetMenuItemValues@optionsMenu_t@@SAXXZ 00418a9e f i menu.obj
 0001:00017be6       ?ResetDefaultsFunc@optionsMenu_t@@SAXPAX@Z 00418be6 f i menu.obj
 0001:00017bfb       ?UpdateSoundFunc@optionsMenu_t@@SAXPAX@Z 00418bfb f i menu.obj
 0001:00017dff       ?ScanCrosshairs@optionsMenu_t@@SAXXZ 00418dff f i menu.obj
 0001:00017e5c       ?Draw@optionsMenu_t@@UAEXXZ 00418e5c f i menu.obj
 0001:00017ec1       ?Draw@creditsMenu_t@@UAEXXZ 00418ec1 f i menu.obj
 0001:00017f68       ?KeyDown@creditsMenu_t@@UAEPBDH@Z 00418f68 f i menu.obj
 0001:00017fa8       ?Init@creditsMenu_t@@UAE_NXZ 00418fa8 f i menu.obj
 0001:00018029       ?Init@gameMenu_t@@UAE_NXZ  00419029 f i menu.obj
 0001:000181b4       ?EasyGameFunc@gameMenu_t@@SAXPAX@Z 004191b4 f i menu.obj
 0001:000181c0       ?StartGame@gameMenu_t@@SAXPBD@Z 004191c0 f i menu.obj
 0001:0001821b       ?MediumGameFunc@gameMenu_t@@SAXPAX@Z 0041921b f i menu.obj
 0001:00018227       ?HardGameFunc@gameMenu_t@@SAXPAX@Z 00419227 f i menu.obj
 0001:00018243       ?Init@savegameMenu_t@@UAE_NXZ 00419243 f i menu.obj
 0001:00018353       ?Create_Savestrings@savegameMenu_t@@QAEXXZ 00419353 f i menu.obj
 0001:00018413       ?LoadGameCallback@savegameMenu_t@@SAXPAX@Z 00419413 f i menu.obj
 0001:00018440       ?SaveGameCallback@savegameMenu_t@@SAXPAX@Z 00419440 f i menu.obj
 0001:00018463       ?Draw@savegameMenu_t@@UAEXXZ 00419463 f i menu.obj
 0001:0001847e       ?DrawSavegameShot@savegameMenu_t@@QAEXHH@Z 0041947e f i menu.obj
 0001:00018559       ?Init@joinserverMenu_t@@UAE_NXZ 00419559 f i menu.obj
 0001:00018690       ?JoinServerFunc@joinserverMenu_t@@SAXPAX@Z 00419690 f i menu.obj
 0001:000186f5       ?SearchLocalGames@joinserverMenu_t@@SAXXZ 004196f5 f i menu.obj
 0001:00018760       ?M_AddToServerList@@YAXUnetadr_t@@PAD@Z 00419760 f   menu.obj
 0001:000187eb       ?Init@startserverMenu_t@@UAE_NXZ 004197eb f i menu.obj
 0001:00018c79       ?DMOptionsFunc@startserverMenu_t@@SAXPAX@Z 00419c79 f i menu.obj
 0001:00018c89       ?RulesChangeFunc@startserverMenu_t@@SAXPAX@Z 00419c89 f i menu.obj
 0001:00018d01       ?StartServerActionFunc@startserverMenu_t@@SAXPAX@Z 00419d01 f i menu.obj
 0001:00018d2c       ?StartServerFunc@startserverMenu_t@@SAXPAD@Z 00419d2c f i menu.obj
 0001:00018f62       ?KeyDown@startserverMenu_t@@UAEPBDH@Z 00419f62 f i menu.obj
 0001:00018fc1       ?Init@dmoptionsMenu_t@@UAE_NXZ 00419fc1 f i menu.obj
 0001:0001959e       ?DMFlagCallback@dmoptionsMenu_t@@SAXPAX@Z 0041a59e f i menu.obj
 0001:0001977c       ?Init@downloadOptionsMenu_t@@UAE_NXZ 0041a77c f i menu.obj
 0001:00019956       ?DownloadCallback@downloadOptionsMenu_t@@SAXPAX@Z 0041a956 f i menu.obj
 0001:000199c4       ?Init@addressBookMenu_t@@UAE_NXZ 0041a9c4 f i menu.obj
 0001:00019a6a       ?KeyDown@addressBookMenu_t@@UAEPBDH@Z 0041aa6a f i menu.obj
 0001:00019ac9       ?Init@playerConfigMenu_t@@UAE_NXZ 0041aac9 f i menu.obj
 0001:0001a010       ?HandednessCallback@playerConfigMenu_t@@SAXPAX@Z 0041b010 f i menu.obj
 0001:0001a025       ?RTypeCallback@playerConfigMenu_t@@SAXPAX@Z 0041b025 f i menu.obj
 0001:0001a03a       ?RColorCallback@playerConfigMenu_t@@SAXPAX@Z 0041b03a f i menu.obj
 0001:0001a04f       ?RateCallback@playerConfigMenu_t@@SAXPAX@Z 0041b04f f i menu.obj
 0001:0001a072       ?ModelCallback@playerConfigMenu_t@@SAXPAX@Z 0041b072 f i menu.obj
 0001:0001a0a6       ?SkinCallback@playerConfigMenu_t@@SAXPAX@Z 0041b0a6 f i menu.obj
 0001:0001a0ae       ?Draw@playerConfigMenu_t@@UAEXXZ 0041b0ae f i menu.obj
 0001:0001a390       ?KeyDown@playerConfigMenu_t@@UAEPBDH@Z 0041b390 f i menu.obj
 0001:0001a470       ?Init@dmbrowseMenu_t@@UAE_NXZ 0041b470 f i menu.obj
 0001:0001a679       ?KeyDown@dmbrowseMenu_t@@UAEPBDH@Z 0041b679 f i menu.obj
 0001:0001a851       ?Draw@dmbrowseMenu_t@@UAEXXZ 0041b851 f i menu.obj
 0001:0001a99e       ?DrawThumbnail@dmbrowseMenu_t@@SAXHHHHPAD_N@Z 0041b99e f i menu.obj
 0001:0001aa78       ?Init@videoMenu_t@@UAE_NXZ 0041ba78 f i menu.obj
 0001:0001b051       ?ScreenSizeCallback@videoMenu_t@@SAXPAX@Z 0041c051 f i menu.obj
 0001:0001b072       ?BrightnessCallback@videoMenu_t@@SAXPAX@Z 0041c072 f i menu.obj
 0001:0001b093       ?ContrastCallback@videoMenu_t@@SAXPAX@Z 0041c093 f i menu.obj
 0001:0001b0cf       ?CancelChanges@videoMenu_t@@SAXPAX@Z 0041c0cf f i menu.obj
 0001:0001b11c       ?KeyDown@videoMenu_t@@UAEPBDH@Z 0041c11c f i menu.obj
 0001:0001b165       ?ApplyChanges@videoMenu_t@@SAXPAX@Z 0041c165 f i menu.obj
 0001:0001b31c       ?KeyDown@quitMenu_t@@UAEPBDH@Z 0041c31c f i menu.obj
 0001:0001b359       ?Draw@quitMenu_t@@UAEXXZ   0041c359 f i menu.obj
 0001:0001b3c9       ?M_Init@@YAXXZ             0041c3c9 f   menu.obj
 0001:0001b5ab       ?ItemAtCursor@menuFramework_t@@QAEPAUmenuCommon_t@@XZ 0041c5ab f   qmenu.obj
 0001:0001b5ff       ?AddItem@menuFramework_t@@QAEXPAUmenuCommon_t@@@Z 0041c5ff f   qmenu.obj
 0001:0001b6bb       ?AdjustCursor@menuFramework_t@@QAEXH@Z 0041c6bb f   qmenu.obj
 0001:0001b833       ?Center@menuFramework_t@@QAEXXZ 0041c833 f   qmenu.obj
 0001:0001b874       ?Draw@menuFramework_t@@UAEXXZ 0041c874 f   qmenu.obj
 0001:0001be3d       ?SelectItem@menuFramework_t@@QAE_NXZ 0041ce3d f   qmenu.obj
 0001:0001bea2       ?SetStatusBar@menuFramework_t@@QAEXPBD@Z 0041cea2 f   qmenu.obj
 0001:0001beaf       ?SlideItem@menuFramework_t@@QAEXH@Z 0041ceaf f   qmenu.obj
 0001:0001c44d       ?Push@menuFramework_t@@QAEXXZ 0041d44d f   qmenu.obj
 0001:0001c4cc       ?M_ForceMenuOff@@YAXXZ     0041d4cc f   qmenu.obj
 0001:0001c4f9       ?Pop@menuFramework_t@@QAEXXZ 0041d4f9 f   qmenu.obj
 0001:0001c533       ?KeyDown@menuFramework_t@@UAEPBDH@Z 0041d533 f   qmenu.obj
 0001:0001c7ab       ?Init@menuFramework_t@@UAE_NXZ 0041d7ab f   qmenu.obj
 0001:0001c7ae       ?M_Draw@@YAXXZ             0041d7ae f   qmenu.obj
 0001:0001c7e9       ?M_Keydown@@YAXH@Z         0041d7e9 f   qmenu.obj
 0001:0001c80b       ?InitRendererVars@@YAXXZ   0041d80b f   ref_vars.obj
 0001:0001c82a       ?S_SoundInfo_f@@YAXXZ      0041d82a f   snd_dma.obj
 0001:0001c8a4       ?S_Init@@YAXXZ             0041d8a4 f   snd_dma.obj
 0001:0001c976       ?S_Shutdown@@YAXXZ         0041d976 f   snd_dma.obj
 0001:0001ca09       ?S_BeginRegistration@@YAXXZ 0041da09 f   snd_dma.obj
 0001:0001ca17       ?S_RegisterSound@@YAPAUsfx_t@@PBD@Z 0041da17 f   snd_dma.obj
 0001:0001cbc2       ?S_EndRegistration@@YAXXZ  0041dbc2 f   snd_dma.obj
 0001:0001cc4b       ?S_PickChannel@@YAPAUchannel_t@@HH@Z 0041dc4b f   snd_dma.obj
 0001:0001ccd9       ?S_Spatialize@@YAXPAUchannel_t@@@Z 0041dcd9 f   snd_dma.obj
 0001:0001cebb       ?S_AllocPlaysound@@YAPAUplaysound_t@@XZ 0041debb f   snd_dma.obj
 0001:0001cedd       ?S_FreePlaysound@@YAXPAUplaysound_t@@@Z 0041dedd f   snd_dma.obj
 0001:0001cf10       ?S_IssuePlaysound@@YAXPAUplaysound_t@@@Z 0041df10 f   snd_dma.obj
 0001:0001cfe1       ?S_StartSound@@YAXPBUCVec3@@HHPAUsfx_t@@MMM@Z 0041dfe1 f   snd_dma.obj
 0001:0001d3a2       ?S_StartLocalSound@@YAXPBD@Z 0041e3a2 f   snd_dma.obj
 0001:0001d3f4       ?S_ClearBuffer@@YAXXZ      0041e3f4 f   snd_dma.obj
 0001:0001d45d       ?S_StopAllSounds_f@@YAXXZ  0041e45d f   snd_dma.obj
 0001:0001d4cd       ?S_AddLoopSounds@@YAXXZ    0041e4cd f   snd_dma.obj
 0001:0001d6a3       ?S_RawSamples@@YAXHHHHPAE@Z 0041e6a3 f   snd_dma.obj
 0001:0001d8a7       ?S_Update@@YAXABUCVec3@@0@Z 0041e8a7 f   snd_dma.obj
 0001:0001d97d       ?GetSoundtime@@YAXXZ       0041e97d f   snd_dma.obj
 0001:0001d9e4       ?S_Update_@@YAXXZ          0041e9e4 f   snd_dma.obj
 0001:0001dc97       ?S_LoadSound@@YAPAUsfxcache_t@@PAUsfx_t@@@Z 0041ec97 f   snd_mem.obj
 0001:0001e228       ?S_WriteLinearBlastStereo16@@YAXXZ 0041f228 f   snd_mix.obj
 0001:0001e292       ?S_TransferStereo16@@YAXPAKH@Z 0041f292 f   snd_mix.obj
 0001:0001e2fd       ?S_TransferPaintBuffer@@YAXH@Z 0041f2fd f   snd_mix.obj
 0001:0001e461       ?S_PaintChannels@@YAXH@Z   0041f461 f   snd_mix.obj
 0001:0001e6dd       ?S_InitScaletable@@YAXXZ   0041f6dd f   snd_mix.obj
 0001:0001e822       ?SV_ComputeAnimation@@YAXPAUplayer_state_t@@AAUentityStateEx_t@@PAU2@PAUedict_s@@@Z 0041f822 f   sv_anim.obj
 0001:0001ecdf       ?SV_ReadLevelFile@@YAXXZ   0041fcdf f   sv_ccmds.obj
 0001:0001ed8d       ?SV_AddressBanned@@YA_NPAUnetadr_t@@@Z 0041fd8d f   sv_ccmds.obj
 0001:0001edd1       ?SV_InitCommands@@YAXXZ    0041fdd1 f   sv_ccmds.obj
 0001:00020257       ?sprintf@?$TString@$0CI@@@QAAHPBDZZ 00421257 f i sv_ccmds.obj
 0001:00020271       ?SV_WriteFrameToClient@@YAXPAUclient_t@@PAVsizebuf_t@@@Z 00421271 f   sv_ents.obj
 0001:000209ab       ?SV_RecordDemoMessage@@YAXXZ 004219ab f   sv_ents.obj
 0001:00020b79       ?SV_MulticastOld@@YAXABUCVec3@@W4multicast_t@@@Z 00421b79 f i sv_game.obj
 0001:00020b8e       ?SV_StartSoundOld@@YAXPBUCVec3@@PAUedict_s@@HHMMM@Z 00421b8e f i sv_game.obj
 0001:00021604       ?SV_InitGameLibrary@@YAX_N@Z 00422604 f   sv_game.obj
 0001:000218f9       ?SV_ShutdownGameLibrary@@YAXXZ 004228f9 f   sv_game.obj
 0001:00021a56       ?SV_FindIndex@@YAHPBDHH_N@Z 00422a56 f   sv_init.obj
 0001:00021b6d       ?SV_ModelIndex@@YAHPBD@Z   00422b6d f   sv_init.obj
 0001:00021b86       ?SV_SoundIndex@@YAHPBD@Z   00422b86 f   sv_init.obj
 0001:00021ba2       ?SV_ImageIndex@@YAHPBD@Z   00422ba2 f   sv_init.obj
 0001:00021bbe       ?SV_CreateBaseline@@YAXXZ  00422bbe f   sv_init.obj
 0001:00021c3b       ?SV_SpawnServer@@YAXPAD0W4server_state_t@@_N2@Z 00422c3b f   sv_init.obj
 0001:00021fab       ?SV_InitGame@@YAXXZ        00422fab f   sv_init.obj
 0001:000221d4       ?SV_Map@@YAX_NPBD0@Z       004231d4 f   sv_init.obj
 0001:00022399       ?SV_DropClient@@YAXPAUclient_t@@PAD@Z 00423399 f   sv_main.obj
 0001:00022dce       ??0COutputDeviceMem@@QAE@H@Z 00423dce f i sv_main.obj
 0001:00022dff       ?Write@COutputDeviceMem@@UAEXPBD@Z 00423dff f i sv_main.obj
 0001:00022e86       ??_GCOutputDeviceMem@@UAEPAXI@Z 00423e86 f i sv_main.obj
 0001:00022e86       ??_ECOutputDeviceMem@@UAEPAXI@Z 00423e86 f i sv_main.obj
 0001:00022ea5       ??1COutputDeviceMem@@UAE@XZ 00423ea5 f i sv_main.obj
 0001:00022ec4       ?SV_CalcPings@@YAXXZ       00423ec4 f   sv_main.obj
 0001:00022f4b       ?SV_GiveMsec@@YAXXZ        00423f4b f   sv_main.obj
 0001:00022f8a       ?SV_ReadPackets@@YAXXZ     00423f8a f   sv_main.obj
 0001:0002319d       ?SV_CheckTimeouts@@YAXXZ   0042419d f   sv_main.obj
 0001:000232ae       ?SV_PostprocessFrame@@YAXXZ 004242ae f   sv_main.obj
 0001:0002378a       ?SV_MulticastHook@@YAPAVsizebuf_t@@PAV1@0@Z 0042478a f   sv_main.obj
 0001:00023b66       ?SV_TraceHook@@YAXAAUtrace0_t@@ABUCVec3@@PBU2@21PAUedict_s@@H@Z 00424b66 f   sv_main.obj
 0001:00023cf4       ?SV_Frame@@YAXM@Z          00424cf4 f   sv_main.obj
 0001:00023fb1       ?SV_UserinfoChanged@@YAXPAUclient_t@@@Z 00424fb1 f   sv_main.obj
 0001:00024073       ?SV_InitVars@@YAXXZ        00425073 f   sv_main.obj
 0001:00024082       ?SV_Init@@YAXXZ            00425082 f   sv_main.obj
 0001:000240db       ?SV_Shutdown@@YAXPBD_N@Z   004250db f   sv_main.obj
 0001:000242e8       ?SV_ClientPrintf@@YAXPAUclient_t@@HPBDZZ 004252e8 f   sv_send.obj
 0001:00024343       ?SV_BroadcastPrintf@@YAXHPBDZZ 00425343 f   sv_send.obj
 0001:00024419       ?SV_BroadcastCommand@@YAXPBDZZ 00425419 f   sv_send.obj
 0001:00024473       ?SV_Multicast@@YAXABUCVec3@@W4multicast_t@@_N@Z 00425473 f   sv_send.obj
 0001:00024686       ?SV_StartSound@@YAXPBUCVec3@@PAUedict_s@@HHMMM_N@Z 00425686 f   sv_send.obj
 0001:0002491f       ?SV_SendClientDatagram@@YA_NPAUclient_t@@@Z 0042591f f   sv_send.obj
 0001:000249e1       ?SV_DemoCompleted@@YAXXZ   004259e1 f   sv_send.obj
 0001:000249fd       ?SV_SendClientMessages@@YAXXZ 004259fd f   sv_send.obj
 0001:00024bb0       ?SV_DrawText3D@@YAXABUCVec3@@PBDI@Z 00425bb0 f   sv_text.obj
 0001:00024be8       ?SV_ClearTexts@@YAXXZ      00425be8 f   sv_text.obj
 0001:00024bf0       ?SV_DrawTexts@@YAXXZ       00425bf0 f   sv_text.obj
 0001:00024c45       ??0?$TTextContainer@UCSVText@@$0BAAAA@@@QAE@XZ 00425c45 f i sv_text.obj
 0001:00024c6a       ?SV_TokenizeString@@YAXPBD@Z 00425c6a f   sv_tokenize.obj
 0001:00024d41       ?SV_Argc@@YAHXZ            00425d41 f   sv_tokenize.obj
 0001:00024d47       ?SV_Argv@@YAPADH@Z         00425d47 f   sv_tokenize.obj
 0001:00024d65       ?SV_Args@@YAPADXZ          00425d65 f   sv_tokenize.obj
 0001:00025635       ?SV_Nextserver@@YAXXZ      00426635 f   sv_user.obj
 0001:000256c9       ?SV_ClientThink@@YAXPAUclient_t@@PAUusercmd_t@@@Z 004266c9 f   sv_user.obj
 0001:0002575a       ?SV_ExecuteClientMessage@@YAXPAUclient_t@@@Z 0042675a f   sv_user.obj
 0001:00025aaa       ?SV_ClearWorld@@YAXXZ      00426aaa f   sv_world.obj
 0001:00025be8       ?SV_UnlinkEdict@@YAXPAUedict_s@@@Z 00426be8 f   sv_world.obj
 0001:00025cae       ?SV_LinkEdict@@YAXPAUedict_s@@@Z 00426cae f   sv_world.obj
 0001:000262d2       ?SV_AreaEdicts@@YAHABUCVec3@@0PAPAUedict_s@@HH@Z 004272d2 f   sv_world.obj
 0001:00026470       ?SV_PointContents@@YAHABUCVec3@@@Z 00427470 f   sv_world.obj
 0001:00026596       ?SV_Trace@@YAXAAUtrace_t@@ABUCVec3@@1ABUCBox@@PAUedict_s@@H@Z 00427596 f   sv_world.obj
 0001:00026a13       ?InitByteDirs@@YAXXZ       00427a13 f   anorms.obj
 0001:00026a52       ?Cbuf_AddText@@YAXPBD@Z    00427a52 f   cmd.obj
 0001:00026ab8       ?Cbuf_CopyToDefer@@YAXXZ   00427ab8 f   cmd.obj
 0001:00026b00       ?Cbuf_InsertFromDefer@@YAXXZ 00427b00 f   cmd.obj
 0001:00026bbc       ?Cbuf_Execute@@YAXXZ       00427bbc f   cmd.obj
 0001:00026ccc       ?Cmd_Unalias_f@@YAX_NHPAPAD@Z 00427ccc f   cmd.obj
 0001:00026d44       ?Cmd_WriteAliases@@YAXPAVCOutputDevice@@@Z 00427d44 f   cmd.obj
 0001:00026d77       ?RegisterCommand@@YA_NPBDP6AXXZI@Z 00427d77 f   cmd.obj
 0001:00026e58       ?UnregisterCommand@@YA_NPBD@Z 00427e58 f   cmd.obj
 0001:00026ee9       ?ExecuteCommand@@YA_NPBD@Z 00427ee9 f   cmd.obj
 0001:0002732c       ?ExecuteCommand@@YA_NPBDPBUCSimpleCommand@@H@Z 0042832c f   cmd.obj
 0001:0002776e       ?CM_LoadMap@@YAPAUcmodel_t@@PBD_NPAI@Z 0042876e f   cmodel.obj
 0001:00027e58       ?SetSignbits@cplane_t@@QAEXXZ 00428e58 f i cmodel.obj
 0001:00027e8c       ?SetType@cplane_t@@QAEXXZ  00428e8c f i cmodel.obj
 0001:00027f01       ?LoadLeafBrushes@@YAXPAGH@Z 00428f01 f i cmodel.obj
 0001:00028c72       ?CM_BuildBrush@@YAPAUCBrush@@HPAVCMemoryChain@@@Z 00429c72 f   cmodel.obj
 0001:00028d44       ?CM_InlineModel@@YAPAUcmodel_t@@PBD@Z 00429d44 f   cmodel.obj
 0001:00028d6f       ?CM_InlineModel@@YAPAUcmodel_t@@H@Z 00429d6f f   cmodel.obj
 0001:00028d97       ?CM_NumClusters@@YAHXZ     00429d97 f   cmodel.obj
 0001:00028da7       ?CM_NumInlineModels@@YAHXZ 00429da7 f   cmodel.obj
 0001:00028dad       ?CM_EntityString@@YAPBDXZ  00429dad f   cmodel.obj
 0001:00028db3       ?CM_LeafContents@@YAHH@Z   00429db3 f   cmodel.obj
 0001:00028ddd       ?CM_LeafCluster@@YAHH@Z    00429ddd f   cmodel.obj
 0001:00028e53       ?CM_LeafArea@@YAHH@Z       00429e53 f   cmodel.obj
 0001:00028ff4       ?CM_HeadnodeForBox@@YAHABUCBox@@@Z 00429ff4 f   cmodel.obj
 0001:00029077       ?CM_PointLeafnum@@YAHABUCVec3@@H@Z 0042a077 f   cmodel.obj
 0001:0002911a       ?DistanceTo@cplane_t@@QBEMABUCVec3@@@Z 0042a11a f i cmodel.obj
 0001:0002915f       ?CM_PointContents@@YAHABUCVec3@@H@Z 0042a15f f   cmodel.obj
 0001:000291d2       ?CM_TransformedPointContents@@YAHABUCVec3@@H00@Z 0042a1d2 f   cmodel.obj
 0001:000292b3       ?CM_TransformedPointContents@@YAHABUCVec3@@H0ABUCAxis@@@Z 0042a2b3 f   cmodel.obj
 0001:0002935e       ?CM_BoxLeafnums@@YAHABUCBox@@PAHH1H@Z 0042a35e f   cmodel.obj
 0001:00029471       ?BOX_ON_PLANE_SIDE@@YAHABUCBox@@ABUcplane_t@@@Z 0042a471 f i cmodel.obj
 0001:000294dc       ?CM_BoxTrace@@YAXAAUtrace_t@@ABUCVec3@@1ABUCBox@@HI@Z 0042a4dc f   cmodel.obj
 0001:0002a229       ?CM_TransformedBoxTrace@@YAXAAUtrace_t@@ABUCVec3@@1ABUCBox@@HI11@Z 0042b229 f   cmodel.obj
 0001:0002a39c       ?CM_TransformedBoxTrace@@YAXAAUtrace_t@@ABUCVec3@@1ABUCBox@@HI1ABUCAxis@@@Z 0042b39c f   cmodel.obj
 0001:0002a459       ?CM_CombineTrace@@YA_NAAUtrace_t@@ABU1@@Z 0042b459 f   cmodel.obj
 0001:0002a4a6       ?CM_ClipTraceToModels@@YAXAAUtrace_t@@ABUCVec3@@1ABUCBox@@I@Z 0042b4a6 f   cmodel.obj
 0001:0002a5a8       ?CM_PointModelContents@@YAHABUCVec3@@@Z 0042b5a8 f   cmodel.obj
 0001:0002a602       ?CM_BrushTrace@@YAHABUCVec3@@0PAHH@Z 0042b602 f   cmodel.obj
 0001:0002a9f2       ?CM_RefineBrushTrace@@YAHABUCVec3@@0PAHH@Z 0042b9f2 f   cmodel.obj
 0001:0002aa98       ?CM_ClusterPVS@@YAPBEH@Z   0042ba98 f   cmodel.obj
 0001:0002abd0       ?CM_SetAreaPortalState@@YAXH_N@Z 0042bbd0 f   cmodel.obj
 0001:0002abf8       ?CM_AreasConnected@@YA_NHH@Z 0042bbf8 f   cmodel.obj
 0001:0002ac3f       ?CM_WriteAreaBits@@YAHPAEH@Z 0042bc3f f   cmodel.obj
 0001:0002ace1       ?CM_WritePortalState@@YAXPAU_iobuf@@@Z 0042bce1 f   cmodel.obj
 0001:0002acfe       ?CM_ReadPortalState@@YAXPAU_iobuf@@@Z 0042bcfe f   cmodel.obj
 0001:0002ad20       ?CM_HeadnodeVisible@@YA_NHPBE@Z 0042bd20 f   cmodel.obj
 0001:0002adfb       ??E?$TStringSplitter@$0EA@$0DL@@@QAEXXZ 0042bdfb f i cmodel.obj
 0001:0002ae5d       ?Com_DPrintf@@YAXPBDZZ     0042be5d f   common.obj
 0001:0002aed6       ?DebugPrintf@@YAXPBDZZ     0042bed6 f   common.obj
 0001:0002af85       ?IPWildcard@@YA_NPAUnetadr_t@@PBD@Z 0042bf85 f   common.obj
 0001:0002b05f       ?Com_ServerState@@YA?AW4server_state_t@@XZ 0042c05f f   common.obj
 0001:0002b065       ?Com_SetServerState@@YAXW4server_state_t@@@Z 0042c065 f   common.obj
 0001:0002b072       ?crand@@YAMXZ              0042c072 f   common.obj
 0001:0002b090       ?Info_ValueForKey@@YAPBDPBD0@Z 0042c090 f   common.obj
 0001:0002b10f       ?Info_SetValueForKey@@YAXPADPBD1@Z 0042c10f f   common.obj
 0001:0002b246       ?Info_Print@@YAXPBD@Z      0042c246 f   common.obj
 0001:0002b2cc       ?Com_CheckCmdlineVar@@YA_NPBD@Z 0042c2cc f   common.obj
 0001:0002b325       ?Com_Init@@YAXPBD@Z        0042c325 f   common.obj
 0001:0002b6cc       ?Com_Frame@@YAXM@Z         0042c6cc f   common.obj
 0001:0002bae0       ?Com_BlockSequenceCRCByte@@YAEPAEHH@Z 0042cae0 f   crc.obj
 0001:0002bb98       ?Cvar_VariableValue@@YAMPBD@Z 0042cb98 f   cvar.obj
 0001:0002bc0f       ?Cvar_VariableInt@@YAHPBD@Z 0042cc0f f   cvar.obj
 0001:0002bc26       ?Cvar_VariableString@@YAPBDPBD@Z 0042cc26 f   cvar.obj
 0001:0002bc42       ?Cvar_Get@@YAPAUcvar_t@@PBD0H@Z 0042cc42 f   cvar.obj
 0001:0002bf0f       ?Cvar_GetVars@@YAXPBUcvarInfo_t@@H@Z 0042cf0f f   cvar.obj
 0001:0002bfb9       ?Cvar_FullSet@@YAXPAUcvar_t@@PBDI@Z 0042cfb9 f   cvar.obj
 0001:0002bfd9       ?Cvar_FullSet@@YAPAUcvar_t@@PBD0I@Z 0042cfd9 f   cvar.obj
 0001:0002c019       ?Cvar_SetValue@@YAPAUcvar_t@@PBDM@Z 0042d019 f   cvar.obj
 0001:0002c1b2       ?Cvar_SetInteger@@YAPAUcvar_t@@PBDH@Z 0042d1b2 f   cvar.obj
 0001:0002c1d6       ?Cvar_Set@@YAPAUcvar_t@@PBD0@Z 0042d1d6 f   cvar.obj
 0001:0002c1ed       ?Cvar_ForceSet@@YAPAUcvar_t@@PBD0@Z 0042d1ed f   cvar.obj
 0001:0002c204       ?Cvar_Clamp@@YAMPAUcvar_t@@MM@Z 0042d204 f   cvar.obj
 0001:0002c262       ?Cvar_Command@@YA_NHPAPAD@Z 0042d262 f   cvar.obj
 0001:0002c2fd       ?IsDefault@cvar_t@@QAE_NXZ 0042d2fd f i cvar.obj
 0001:0002c31a       ?Cvar_WriteVariables@@YAXPAVCOutputDevice@@HHPBD@Z 0042d31a f   cvar.obj
 0001:0002c3a0       ?Cvar_BitInfo@@YAPBDI@Z    0042d3a0 f   cvar.obj
 0001:0002c3f2       ?Cvar_Cheats@@YAX_N@Z      0042d3f2 f   cvar.obj
 0001:0002cc69       ?MSG_WriteDeltaEntity@@YAXPAVsizebuf_t@@PBUentityStateEx_t@@PAU2@_N33@Z 0042dc69 f   entdelta.obj
 0001:0002d225       ?MSG_WriteRemoveEntity@@YAXPAVsizebuf_t@@H@Z 0042e225 f   entdelta.obj
 0001:0002d265       ?MSG_ReadEntityBits@@YAHPAVsizebuf_t@@PAIPA_N@Z 0042e265 f   entdelta.obj
 0001:0002d2d7       ?MSG_ReadDeltaEntity@@YAXPAVsizebuf_t@@PBUentityStateEx_t@@PAU2@I@Z 0042e2d7 f   entdelta.obj
 0001:0002d35a       ?MSG_WriteDeltaUsercmd@@YAXPAVsizebuf_t@@PBUusercmd_t@@PAU2@@Z 0042e35a f   entdelta.obj
 0001:0002d3e9       ?MSG_ReadDeltaUsercmd@@YAXPAVsizebuf_t@@PBUusercmd_t@@PAU2@@Z 0042e3e9 f   entdelta.obj
 0001:0002d6ec       ?MSG_WriteDeltaPlayerstate@@YAXPAVsizebuf_t@@PBUplayer_state_t@@PAU2@@Z 0042e6ec f   entdelta.obj
 0001:0002d7f5       ?MSG_ReadDeltaPlayerstate@@YAXPAVsizebuf_t@@PBUplayer_state_t@@PAU2@@Z 0042e7f5 f   entdelta.obj
 0001:0002d8af       ?ProcessEntstring@@YAPBDPBD@Z 0042e8af f   EntityParser.obj
 0001:0002f780       ?LoadPCX@@YAPAEPBDAAH1AAPAE@Z 00430780 f   images.obj
 0001:0002f8bb       ?LoadTGA@@YAPAEPBDAAH1@Z   004308bb f   images.obj
 0001:0002fb4f       ?LoadJPG@@YAPAEPBDAAH1@Z   00430b4f f   images.obj
 0001:0002fe03       ?ImageExists@@YAHPBDH@Z    00430e03 f   images.obj
 0001:0002ff27       ?WriteTGA@@YA_NPBDPAEHH@Z  00430f27 f   images.obj
 0001:0003011b       ?WriteJPG@@YA_NPBDPAEHH_N@Z 0043111b f   images.obj
 0001:0003024c       ??0CBrush@@QAE@ABUCBox@@@Z 0043124c f   MapBrush.obj
 0001:000303a5       ?Split@CBrush@@QAEPAU1@PAUcplane_t@@@Z 004313a5 f   MapBrush.obj
 0001:00030df7       ?GetVec@CAllocVertexPool@@QAEPAUCVec3@@ABU2@@Z 00431df7 f i MapBrush.obj
 0001:00030e8b       ?GetBounds@CBrush@@QAEXAAUCBox@@@Z 00431e8b f   MapBrush.obj
 0001:00030f0d       ?AddBevels@CBrush@@QAEXP6APAUcplane_t@@ABUCVec3@@M@Z@Z 00431f0d f   MapBrush.obj
 0001:00031201       ?Negate@CVec3@@QAEXXZ      00432201 f i MapBrush.obj
 0001:0003120f       ?MD4Init@@YAXPAUMD4_CTX@@@Z 0043220f f   md4.obj
 0001:00031237       ?MD4Update@@YAXPAUMD4_CTX@@PAEI@Z 00432237 f   md4.obj
 0001:000312d5       ?MD4Final@@YAXQAEPAUMD4_CTX@@@Z 004322d5 f   md4.obj
 0001:000319c6       ?Com_BlockChecksum@@YAIPAXH@Z 004329c6 f   md4.obj
 0001:00031a02       ?LoadQ2BspFile@@YAXXZ      00432a02 f   model.obj
 0001:00031f8f       ?LoadQ1BspFile@@YAXXZ      00432f8f f   model.obj
 0001:0003230d       ?LoadBspFile@@YAPAUbspfile_t@@PBD_NPAI@Z 0043330d f   model.obj
 0001:000324dc       ?Init@sizebuf_t@@QAEXPAXH@Z 004334dc f   msg.obj
 0001:000324f9       ?Write@sizebuf_t@@QAEXPBXH@Z 004334f9 f   msg.obj
 0001:0003256b       ?MSG_WriteByte@@YAXPAVsizebuf_t@@H@Z 0043356b f   msg.obj
 0001:0003256b       ?MSG_WriteChar@@YAXPAVsizebuf_t@@H@Z 0043356b f   msg.obj
 0001:0003257e       ?MSG_WriteShort@@YAXPAVsizebuf_t@@H@Z 0043357e f   msg.obj
 0001:00032591       ?MSG_WriteLong@@YAXPAVsizebuf_t@@H@Z 00433591 f   msg.obj
 0001:000325a4       ?MSG_WriteFloat@@YAXPAVsizebuf_t@@M@Z 004335a4 f   msg.obj
 0001:000325b7       ?MSG_WriteString@@YAXPAVsizebuf_t@@PBD@Z 004335b7 f   msg.obj
 0001:000325e1       ?MSG_WritePos@@YAXPAVsizebuf_t@@ABUCVec3@@@Z 004335e1 f   msg.obj
 0001:00032645       ?MSG_WriteAngle@@YAXPAVsizebuf_t@@M@Z 00433645 f   msg.obj
 0001:00032670       ?MSG_WriteAngle16@@YAXPAVsizebuf_t@@M@Z 00433670 f   msg.obj
 0001:0003269b       ?MSG_WriteDir@@YAXPAVsizebuf_t@@ABUCVec3@@@Z 0043369b f   msg.obj
 0001:00032703       ?MSG_ReadDir@@YAXPAVsizebuf_t@@AAUCVec3@@@Z 00433703 f   msg.obj
 0001:00032736       ?MSG_ReadChar@@YAHPAVsizebuf_t@@@Z 00433736 f   msg.obj
 0001:00032759       ?MSG_ReadByte@@YAHPAVsizebuf_t@@@Z 00433759 f   msg.obj
 0001:00032781       ?MSG_ReadShort@@YAHPAVsizebuf_t@@@Z 00433781 f   msg.obj
 0001:000327aa       ?MSG_ReadLong@@YAHPAVsizebuf_t@@@Z 004337aa f   msg.obj
 0001:000327cc       ?MSG_ReadString@@YAPADPAVsizebuf_t@@@Z 004337cc f   msg.obj
 0001:00032802       ?MSG_ReadPos@@YAXPAVsizebuf_t@@AAUCVec3@@@Z 00433802 f   msg.obj
 0001:00032854       ?MSG_ReadAngle@@YAMPAVsizebuf_t@@@Z 00433854 f   msg.obj
 0001:0003286e       ?MSG_ReadAngle16@@YAMPAVsizebuf_t@@@Z 0043386e f   msg.obj
 0001:00032888       ?MSG_ReadData@@YAXPAVsizebuf_t@@PAXH@Z 00433888 f   msg.obj
 0001:000328ab       ?Netchan_Init@@YAXXZ       004338ab f   net_chan.obj
 0001:0003291a       ?Netchan_OutOfBandPrint@@YAXW4netsrc_t@@Unetadr_t@@PBDZZ 0043391a f   net_chan.obj
 0001:0003299f       ?Setup@netchan_t@@QAEXW4netsrc_t@@Unetadr_t@@H@Z 0043399f f   net_chan.obj
 0001:000329f5       ?NeedReliable@netchan_t@@QAE_NXZ 004339f5 f   net_chan.obj
 0001:00032a1a       ?Transmit@netchan_t@@QAEXPAXH@Z 00433a1a f   net_chan.obj
 0001:00032bb0       ?Process@netchan_t@@QAE_NPAVsizebuf_t@@@Z 00433bb0 f   net_chan.obj
 0001:00032cdd       ?Pmove@@YAXPAUpmove_t@@@Z  00433cdd f   pmove.obj
 0001:0003493e       ?NormalizeColor@@YAMABUCVec3@@AAU1@@Z 0043593e f   q_shared2.obj
 0001:0003499c       ?NormalizeColor255@@YAMABUCVec3@@AAU1@@Z 0043599c f   q_shared2.obj
 0001:000349fe       ?appRsqrt@@YAMM@Z          004359fe f   q_shared2.obj
 0001:00034a2a       ?AngleVectors@@YAXABUCVec3@@PAU1@11@Z 00435a2a f   q_shared2.obj
 0001:00034b8b       ?MakeNormalVectors@@YAXABUCVec3@@AAU1@1@Z 00435b8b f   q_shared2.obj
 0001:00034bfa       ?Vec2Angles@@YAXABUCVec3@@AAU1@@Z 00435bfa f   q_shared2.obj
 0001:00034cfd       ?Vec2Yaw@@YAMABUCVec3@@@Z  00435cfd f   q_shared2.obj
 0001:00034d70       ?VectorLength@@YAMABUCVec3@@@Z 00435d70 f   q_shared2.obj
 0001:00034da2       ?VectorDistance@@YAMABUCVec3@@0@Z 00435da2 f   q_shared2.obj
 0001:00034dd3       ?LerpAngle@@YAMMMM@Z       00435dd3 f   q_shared2.obj
 0001:00034e17       ?AngleMod@@YAMM@Z          00435e17 f   q_shared2.obj
 0001:00034e43       ?AngleSubtract@@YAMMM@Z    00435e43 f   q_shared2.obj
 0001:00034e7c       ?AnglesSubtract@@YAXABUCVec3@@0AAU1@@Z 00435e7c f   q_shared2.obj
 0001:00034ed5       ?Normalize@CVec3@@QAEMXZ   00435ed5 f   q_shared2.obj
 0001:00034f27       ?VectorNormalize@@YAMABUCVec3@@AAU1@@Z 00435f27 f   q_shared2.obj
 0001:00034f91       ?NormalizeFast@CVec3@@QAEMXZ 00435f91 f   q_shared2.obj
 0001:00034fe2       ?cross@@YAXABUCVec3@@0AAU1@@Z 00435fe2 f   q_shared2.obj
 0001:0003501e       ?Clear@CBox@@QAEXXZ        0043601e f   q_shared2.obj
 0001:0003503c       ?Expand@CBox@@QAEXABUCVec3@@@Z 0043603c f   q_shared2.obj
 0001:0003506e       ?Expand@CBox@@QAEXABU1@@Z  0043606e f   q_shared2.obj
 0001:000350ad       ?GetCenter@CBox@@QBEXAAUCVec3@@@Z 004360ad f   q_shared2.obj
 0001:000350d0       ?Contains@CBox@@QBE_NABUCVec3@@@Z 004360d0 f   q_shared2.obj
 0001:00035104       ?Intersects@CBox@@QBE_NABU1@@Z 00436104 f   q_shared2.obj
 0001:00035143       ?OnPlaneSide@CBox@@QBEHABUcplane_t@@@Z 00436143 f   q_shared2.obj
 0001:00035272       ?FromAngles@CAxis@@QAEXABUCVec3@@@Z 00436272 f   q_shared2.obj
 0001:000352b1       ?TransformVector@CAxis@@QBEXABUCVec3@@AAU2@@Z 004362b1 f   q_shared2.obj
 0001:00035304       ?UnTransformVector@CAxis@@QBEXABUCVec3@@AAU2@@Z 00436304 f   q_shared2.obj
 0001:00035368       ?TransformAxis@CAxis@@QBEXABU1@AAU1@@Z 00436368 f   q_shared2.obj
 0001:000353ae       ?UnTransformAxis@CAxis@@QBEXABU1@AAU1@@Z 004363ae f   q_shared2.obj
 0001:000353f4       ?TransformPoint@CCoords@@QBEXABUCVec3@@AAU2@@Z 004363f4 f   q_shared2.obj
 0001:00035454       ?UnTransformPoint@CCoords@@QBEXABUCVec3@@AAU2@@Z 00436454 f   q_shared2.obj
 0001:000354c1       ?UnTransformCoords@CCoords@@QBEXABU1@AAU1@@Z 004364c1 f   q_shared2.obj
 0001:000354ed       ?TransformPlane@CCoords@@QBEXABUcplane_t@@AAU2@@Z 004364ed f   q_shared2.obj
 0001:00035527       ?TransformPoint@@YAXABUCVec3@@ABUCAxis@@0AAU1@@Z 00436527 f   q_shared2.obj
 0001:0003558a       ?UnTransformPoint@@YAXABUCVec3@@ABUCAxis@@0AAU1@@Z 0043658a f   q_shared2.obj
 0001:000355fa       ?COM_Parse@@YAPADAAPBD_N@Z 004365fa f   q_shared2.obj
 0001:0003571c       ?COM_QuoteString@@YAPBDPBD_N@Z 0043671c f   q_shared2.obj
 0001:00035795       ?FileExists@CQuakeFileSystem@@UAE_NPBDI@Z 00436795 f i QuakeFileSystem.obj
 0001:000357fc       ?CheckFilename@CQuakeFileSystem@@AAEXPBD@Z 004367fc f i QuakeFileSystem.obj
 0001:0003589b       ?OpenFile@CQuakeFileSystem@@UAEPAVCFile@@PBDI@Z 0043689b f i QuakeFileSystem.obj
 0001:0003592b       ?List@CQuakeFileSystem@@UAEPAVCFileList@@PBDIPAV2@@Z 0043692b f i QuakeFileSystem.obj
 0001:000359bd       ??_GCFileSystem@@UAEPAXI@Z 004369bd f i QuakeFileSystem.obj
 0001:000359bd       ??_ECQuakeFileSystem@@UAEPAXI@Z 004369bd f i QuakeFileSystem.obj
 0001:000359bd       ??_GCQuakeFileSystem@@UAEPAXI@Z 004369bd f i QuakeFileSystem.obj
 0001:000359bd       ??_ECFileSystem@@UAEPAXI@Z 004369bd f i QuakeFileSystem.obj
 0001:000359dd       ?FS_Gamedir@@YAPBDXZ       004369dd f   QuakeFileSystem.obj
 0001:000359e3       ?FS_NextPath@@YAPBDPBD@Z   004369e3 f   QuakeFileSystem.obj
 0001:00035a27       ?FS_CopyFile@@YAXPBD0@Z    00436a27 f   QuakeFileSystem.obj
 0001:00035afd       ?FS_CopyFiles@@YAXPBD0@Z   00436afd f   QuakeFileSystem.obj
 0001:00035c17       ?FS_RemoveFiles@@YAXPBD@Z  00436c17 f   QuakeFileSystem.obj
 0001:00035cd2       ?InitFileSystem@@YAXXZ     00436cd2 f   QuakeFileSystem.obj
 0001:00035e06       ?Create@CFileContainerPak@@SAPAVCFileContainer@@PBDPAU_iobuf@@@Z 00436e06 f i QuakeFileSystem.obj
 0001:00035f6f       ??0CFileContainerArc@@QAE@XZ 00436f6f f i QuakeFileSystem.obj
 0001:00035fb6       ??_GCFileContainerArc@@UAEPAXI@Z 00436fb6 f i QuakeFileSystem.obj
 0001:00035fb6       ??_ECFileContainerArc@@UAEPAXI@Z 00436fb6 f i QuakeFileSystem.obj
 0001:00035fe5       ?GetType@CFileContainerPak@@MAEPBDXZ 00436fe5 f i QuakeFileSystem.obj
 0001:00035feb       ?OpenLocalFile@CFileContainerPak@@MAEPAVCFile@@ABVCStringItem@@@Z 00436feb f i QuakeFileSystem.obj
 0001:0003603b       ?Read@CFilePak@CFileContainerPak@@UAEHPAXH@Z 0043703b f i QuakeFileSystem.obj
 0001:00036075       ?GetSize@CFilePak@CFileContainerPak@@UAEHXZ 00437075 f i QuakeFileSystem.obj
 0001:0003607c       ?Eof@CFilePak@CFileContainerPak@@UAE_NXZ 0043707c f i QuakeFileSystem.obj
 0001:00036089       ??_ECFilePak@CFileContainerPak@@UAEPAXI@Z 00437089 f i QuakeFileSystem.obj
 0001:00036089       ??_GCFilePak@CFileContainerPak@@UAEPAXI@Z 00437089 f i QuakeFileSystem.obj
 0001:000360be       ??_ECFileContainerPak@@UAEPAXI@Z 004370be f i QuakeFileSystem.obj
 0001:000360be       ??_GCFileContainerPak@@UAEPAXI@Z 004370be f i QuakeFileSystem.obj
 0001:000360ed       ?Create@CFileContainerZip@@SAPAVCFileContainer@@PBDPAU_iobuf@@@Z 004370ed f i QuakeFileSystem.obj
 0001:000363ec       ?GetType@CFileContainerZip@@MAEPBDXZ 004373ec f i QuakeFileSystem.obj
 0001:000363f2       ?OpenLocalFile@CFileContainerZip@@MAEPAVCFile@@ABVCStringItem@@@Z 004373f2 f i QuakeFileSystem.obj
 0001:0003648e       ??0CFilePak@CFileContainerZip@@QAE@ABVCFileInfo@1@PAU_iobuf@@@Z 0043748e f i QuakeFileSystem.obj
 0001:000364e0       ?Read@CFilePak@CFileContainerZip@@UAEHPAXH@Z 004374e0 f i QuakeFileSystem.obj
 0001:00036629       ?GetSize@CFilePak@CFileContainerZip@@UAEHXZ 00437629 f i QuakeFileSystem.obj
 0001:00036633       ?Eof@CFilePak@CFileContainerZip@@UAE_NXZ 00437633 f i QuakeFileSystem.obj
 0001:00036646       ??_GCFilePak@CFileContainerZip@@UAEPAXI@Z 00437646 f i QuakeFileSystem.obj
 0001:00036646       ??_ECFilePak@CFileContainerZip@@UAEPAXI@Z 00437646 f i QuakeFileSystem.obj
 0001:00036665       ??1CFilePak@CFileContainerZip@@UAE@XZ 00437665 f i QuakeFileSystem.obj
 0001:000366d4       ??_ECFileContainerZip@@UAEPAXI@Z 004376d4 f i QuakeFileSystem.obj
 0001:000366d4       ??_GCFileContainerZip@@UAEPAXI@Z 004376d4 f i QuakeFileSystem.obj
 0001:00036703       ?Mount@CZResource@@SAPAVCFileContainer@@PBDPBE0PAVCFileSystem@@@Z 00437703 f i QuakeFileSystem.obj
 0001:000368af       ?GetType@CZResource@@MAEPBDXZ 004378af f i QuakeFileSystem.obj
 0001:000368b5       ?OpenLocalFile@CZResource@@MAEPAVCFile@@ABVCStringItem@@@Z 004378b5 f i QuakeFileSystem.obj
 0001:000368e6       ??0CFileRes@CZResource@@QAE@ABVCFileInfo@1@PBXH@Z 004378e6 f i QuakeFileSystem.obj
 0001:00036999       ?Read@CFileRes@CZResource@@UAEHPAXH@Z 00437999 f i QuakeFileSystem.obj
 0001:000369ec       ?GetSize@CFileRes@CZResource@@UAEHXZ 004379ec f i QuakeFileSystem.obj
 0001:000369f3       ?Eof@CFileRes@CZResource@@UAE_NXZ 004379f3 f i QuakeFileSystem.obj
 0001:00036a00       ??_ECFileRes@CZResource@@UAEPAXI@Z 00437a00 f i QuakeFileSystem.obj
 0001:00036a00       ??_GCFileRes@CZResource@@UAEPAXI@Z 00437a00 f i QuakeFileSystem.obj
 0001:00036a32       ??_ECZResource@@UAEPAXI@Z  00437a32 f i QuakeFileSystem.obj
 0001:00036a32       ??_GCZResource@@UAEPAXI@Z  00437a32 f i QuakeFileSystem.obj
 0001:00036a61       ?MountGame@CQuakeFileSystem@@QAEXPBD@Z 00437a61 f i QuakeFileSystem.obj
 0001:00036aac       ?SetGameDir@CQuakeFileSystem@@QAE_NPBD@Z 00437aac f i QuakeFileSystem.obj
 0001:00036cae       ?FS_Tick@@YAXXZ            00437cae f   QuakeFileSystem.obj
 0001:00036dfb       ?CDAudio_Play@@YAXH_N@Z    00437dfb f   cd_win.obj
 0001:00036fee       ?CDAudio_Stop@@YAXXZ       00437fee f   cd_win.obj
 0001:000370af       ?CDAudio_Update@@YAXXZ     004380af f   cd_win.obj
 0001:00037152       ?CDAudio_Init@@YA_NXZ      00438152 f   cd_win.obj
 0001:00037573       ?CDAudio_Shutdown@@YAXXZ   00438573 f   cd_win.obj
 0001:00037596       ?CDAudio_Activate@@YAX_N@Z 00438596 f   cd_win.obj
 0001:000375ad       ?IN_Init@@YAXXZ            004385ad f   in_win.obj
 0001:0003783a       ?IN_Shutdown@@YAXXZ        0043883a f   in_win.obj
 0001:00037a9b       ?IN_Activate@@YAX_N@Z      00438a9b f   in_win.obj
 0001:00037aa8       ?IN_Frame@@YAXXZ           00438aa8 f   in_win.obj
 0001:00037e0a       ?IN_Move@@YAXPAUusercmd_t@@@Z 00438e0a f   in_win.obj
 0001:000382b5       ?NET_CompareAdr@@YA_NPAUnetadr_t@@0@Z 004392b5 f   net_wins.obj
 0001:000382f0       ?NET_CompareBaseAdr@@YA_NPAUnetadr_t@@0@Z 004392f0 f   net_wins.obj
 0001:0003831d       ?NET_AdrToString@@YAPBDPAUnetadr_t@@@Z 0043931d f   net_wins.obj
 0001:00038363       ?NET_StringToAdr@@YA_NPBDPAUnetadr_t@@F@Z 00439363 f   net_wins.obj
 0001:00038479       ?NET_IsLocalAddress@@YA_NPAUnetadr_t@@@Z 00439479 f   net_wins.obj
 0001:00038488       ?NET_GetPacket@@YA_NW4netsrc_t@@PAUnetadr_t@@PAVsizebuf_t@@@Z 00439488 f   net_wins.obj
 0001:00038607       ?NET_SendPacket@@YAXW4netsrc_t@@HPAXUnetadr_t@@@Z 00439607 f   net_wins.obj
 0001:00038725       ?NET_Config@@YAX_N@Z       00439725 f   net_wins.obj
 0001:00038900       ?NET_Init@@YAXXZ           00439900 f   net_wins.obj
 0001:000389b3       ?SNDDMA_Init@@YA_NXZ       004399b3 f   snd_win.obj
 0001:00038ffe       ?SNDDMA_GetDMAPos@@YAHXZ   00439ffe f   snd_win.obj
 0001:00039048       ?SNDDMA_BeginPainting@@YAXXZ 0043a048 f   snd_win.obj
 0001:00039167       ?SNDDMA_Submit@@YAXXZ      0043a167 f   snd_win.obj
 0001:0003918c       ?SNDDMA_Shutdown@@YAXXZ    0043a18c f   snd_win.obj
 0001:00039191       ?S_Activate@@YAX_N@Z       0043a191 f   snd_win.obj
 0001:000391e4       ?Write@COutputDeviceWin32Console@@UAEXPBD@Z 0043a1e4 f i sys_win.obj
 0001:0003925c       ?EraseInput@COutputDeviceWin32Console@@QAEXXZ 0043a25c f i sys_win.obj
 0001:000392e2       ??_GCOutputDeviceWin32Console@@UAEPAXI@Z 0043a2e2 f i sys_win.obj
 0001:000392e2       ??_ECOutputDeviceWin32Console@@UAEPAXI@Z 0043a2e2 f i sys_win.obj
 0001:00039302       ?Sys_ConsoleInput@@YAPADXZ 0043a302 f   sys_win.obj
 0001:0003958b       ?Sys_ProcessMessages@@YAXXZ 0043a58b f   sys_win.obj
 0001:00039644       _WinMain@16                0043a644 f   sys_win.obj
 0001:00039941       ??_ECOutputDeviceCon@@UAEPAXI@Z 0043a941 f i sys_win.obj
 0001:00039941       ??_GCOutputDeviceCon@@UAEPAXI@Z 0043a941 f i sys_win.obj
 0001:000399e9       ?Init@COutputDeviceWin32Console@@QAEXXZ 0043a9e9 f i sys_win.obj
 0001:00039a13       ?AddMsgHook@@YAXP6A_NIIJ@Z@Z 0043aa13 f   vid_dll.obj
 0001:00039a5a       ?RemoveMsgHook@@YAXP6A_NIIJ@Z@Z 0043aa5a f   vid_dll.obj
 0001:00039a8d       ?Vid_CreateWindow@@YAPAXHH_N@Z 0043aa8d f   vid_dll.obj
 0001:0003a1af       ?Vid_DestroyWindow@@YAX_N@Z 0043b1af f   vid_dll.obj
 0001:0003a1ee       ?Vid_Restart@@YAXXZ        0043b1ee f   vid_dll.obj
 0001:0003a1fa       ?Vid_GetModeInfo@@YA_NPAH0H@Z 0043b1fa f   vid_dll.obj
 0001:0003a22c       ?Vid_Tick@@YAXXZ           0043b22c f   vid_dll.obj
 0001:0003a3dd       ?Vid_Init@@YAXXZ           0043b3dd f   vid_dll.obj
 0001:0003a480       ?Vid_Shutdown@@YAXXZ       0043b480 f   vid_dll.obj
 0001:0003a49f       ?BK_FlushShader@OpenGLDrv@@YAXXZ 0043b49f f   gl_backend.obj
 0001:0003cc7b       ?Tesselate@surfacePlanar_t@OpenGLDrv@@UAEXAAUrefEntity_t@2@@Z 0043dc7b f   gl_backend.obj
 0001:0003cde1       ?Tesselate@surfacePoly_t@OpenGLDrv@@UAEXAAUrefEntity_t@2@@Z 0043dde1 f   gl_backend.obj
 0001:0003cee8       ?Tesselate@surfaceMd3_t@OpenGLDrv@@UAEXAAUrefEntity_t@2@@Z 0043dee8 f   gl_backend.obj
 0001:0003d496       ?DrawBrush@OpenGLDrv@@YAXPBUCBrush@@PBDH@Z 0043e496 f   gl_backend.obj
 0001:0003d4f9       ?Tesselate@surfaceEntity_t@OpenGLDrv@@UAEXAAUrefEntity_t@2@@Z 0043e4f9 f   gl_backend.obj
 0001:0003d5dd       ?Tesselate@surfaceParticle_t@OpenGLDrv@@UAEXAAUrefEntity_t@2@@Z 0043e5dd f   gl_backend.obj
 0001:0003d82d       ?BK_DrawScene@OpenGLDrv@@YAXXZ 0043e82d f   gl_backend.obj
 0001:0003e03a       ?BK_DrawPic@OpenGLDrv@@YAXPAVshader_t@1@HHHHMMMMIE@Z 0043f03a f   gl_backend.obj
 0001:0003e21b       ?BK_DrawText@OpenGLDrv@@YAXPBDHHHHHI@Z 0043f21b f   gl_backend.obj
 0001:0003e410       ?BK_BeginFrame@OpenGLDrv@@YAXXZ 0043f410 f   gl_backend.obj
 0001:0003e474       ?BK_EndFrame@OpenGLDrv@@YAXXZ 0043f474 f   gl_backend.obj
 0001:0003e4b3       ?BK_Init@OpenGLDrv@@YAXXZ  0043f4b3 f   gl_backend.obj
 0001:0003e4e2       ?BK_Shutdown@OpenGLDrv@@YAXXZ 0043f4e2 f   gl_backend.obj
 0001:0003e4fa       ?AllocDynamicMemory@OpenGLDrv@@YAPAXH@Z 0043f4fa f   gl_buffers.obj
 0001:0003e568       ?ResizeDynamicMemory@OpenGLDrv@@YAXPAXH@Z 0043f568 f   gl_buffers.obj
 0001:0003e5ac       ?AddSurfaceToPortal@OpenGLDrv@@YAXPAVsurfaceBase_t@1@PAVshader_t@1@HH@Z 0043f5ac f   gl_buffers.obj
 0001:0003e61d       ?InsertShaderIndex@OpenGLDrv@@YAXH@Z 0043f61d f   gl_buffers.obj
 0001:0003e659       ?ClearPortal@OpenGLDrv@@YAXXZ 0043f659 f   gl_buffers.obj
 0001:0003e677       ?SortSurfaces@OpenGLDrv@@YAXPAUviewPortal_t@1@PAPAUsurfaceInfo_t@1@@Z 0043f677 f   gl_buffers.obj
 0001:0003e809       ?ClearBuffers@OpenGLDrv@@YAXXZ 0043f809 f   gl_buffers.obj
 0001:0003e820       ?CreateBuffers@OpenGLDrv@@YAXXZ 0043f820 f   gl_buffers.obj
 0001:0003e846       ?FreeBuffers@OpenGLDrv@@YAXXZ 0043f846 f   gl_buffers.obj
 0001:0003e86a       ?InitEntity@model_t@OpenGLDrv@@UAE_NPAUentity_t@@PAUrefEntity_t@2@@Z 0043f86a f   gl_frontend.obj
 0001:0003e86f       ?AddSurfaces@model_t@OpenGLDrv@@UAEXPAUrefEntity_t@2@@Z 0043f86f f   gl_frontend.obj
 0001:0003e8a0       ?GetLeaf@model_t@OpenGLDrv@@UAEPAUnode_t@2@PAUrefEntity_t@2@@Z 0043f8a0 f   gl_frontend.obj
 0001:0003e8b4       ?DrawLabel@model_t@OpenGLDrv@@UAEXPAUrefEntity_t@2@@Z 0043f8b4 f   gl_frontend.obj
 0001:0003e8b7       ?InitEntity@inlineModel_t@OpenGLDrv@@UAE_NPAUentity_t@@PAUrefEntity_t@2@@Z 0043f8b7 f   gl_frontend.obj
 0001:0003e924       ?AddSurfaces@inlineModel_t@OpenGLDrv@@UAEXPAUrefEntity_t@2@@Z 0043f924 f   gl_frontend.obj
 0001:0003ee2d       ?GetLeaf@inlineModel_t@OpenGLDrv@@UAEPAUnode_t@2@PAUrefEntity_t@2@@Z 0043fe2d f   gl_frontend.obj
 0001:0003efd5       ?DrawLabel@inlineModel_t@OpenGLDrv@@UAEXPAUrefEntity_t@2@@Z 0043ffd5 f   gl_frontend.obj
 0001:0003f01e       ?InitEntity@md3Model_t@OpenGLDrv@@UAE_NPAUentity_t@@PAUrefEntity_t@2@@Z 0044001e f   gl_frontend.obj
 0001:0003f1fc       ?AddSurfaces@md3Model_t@OpenGLDrv@@UAEXPAUrefEntity_t@2@@Z 004401fc f   gl_frontend.obj
 0001:0003f336       ?GetLeaf@md3Model_t@OpenGLDrv@@UAEPAUnode_t@2@PAUrefEntity_t@2@@Z 00440336 f   gl_frontend.obj
 0001:0003f371       ?DrawLabel@md3Model_t@OpenGLDrv@@UAEXPAUrefEntity_t@2@@Z 00440371 f   gl_frontend.obj
 0001:0003f3da       ?InitEntity@sprModel_t@OpenGLDrv@@UAE_NPAUentity_t@@PAUrefEntity_t@2@@Z 004403da f   gl_frontend.obj
 0001:0003f3fd       ?AddSurfaces@sprModel_t@OpenGLDrv@@UAEXPAUrefEntity_t@2@@Z 004403fd f   gl_frontend.obj
 0001:0003f580       ?GetLeaf@sprModel_t@OpenGLDrv@@UAEPAUnode_t@2@PAUrefEntity_t@2@@Z 00440580 f   gl_frontend.obj
 0001:0003f664       ?AddEntity@OpenGLDrv@@YAXPAUentity_t@@@Z 00440664 f   gl_frontend.obj
 0001:0003f81d       ?AddDlight@OpenGLDrv@@YAXPAUdlight_t@@@Z 0044081d f   gl_frontend.obj
 0001:0003f9d5       ?DrawPortal@OpenGLDrv@@YAXXZ 004409d5 f   gl_frontend.obj
 0001:00041aa8       ?GL_TextureMode@OpenGLDrv@@YAXPBD@Z 00442aa8 f   gl_image.obj
 0001:00041b53       ?CreateImage@OpenGLDrv@@YAPAVimage_t@1@PBDPAXHHI@Z 00442b53 f   gl_image.obj
 0001:000428fb       ?CreateImage8@OpenGLDrv@@YAPAVimage_t@1@PBDPAXHHIPAI@Z 004438fb f   gl_image.obj
 0001:000429da       ?LoadDelayedImages@OpenGLDrv@@YAXXZ 004439da f   gl_image.obj
 0001:00042a6d       ?DrawStretchRaw8@OpenGLDrv@@YAXHHHHHHPAEPAI@Z 00443a6d f   gl_image.obj
 0001:00042da0       ?SetupGamma@OpenGLDrv@@YAXXZ 00443da0 f   gl_image.obj
 0001:00042ee6       ?PerformScreenshot@OpenGLDrv@@YAXXZ 00443ee6 f   gl_image.obj
 0001:00043157       ?InitImages@OpenGLDrv@@YAXXZ 00444157 f   gl_image.obj
 0001:00043930       ?ShutdownImages@OpenGLDrv@@YAXXZ 00444930 f   gl_image.obj
 0001:00043997       ?ShowImages@OpenGLDrv@@YAXXZ 00444997 f   gl_image.obj
 0001:00043c23       ?FindImage@OpenGLDrv@@YAPAVimage_t@1@PBDI@Z 00444c23 f   gl_image.obj
 0001:00043f90       ?GL_Lock@OpenGLDrv@@YAXXZ  00444f90 f   gl_interface.obj
 0001:00044008       ?GL_Unlock@OpenGLDrv@@YAXXZ 00445008 f   gl_interface.obj
 0001:000441ca       ?GL_Bind@OpenGLDrv@@YAXPBVimage_t@1@@Z 004451ca f   gl_interface.obj
 0001:0004435f       ?GL_BindForce@OpenGLDrv@@YAXPBVimage_t@1@@Z 0044535f f   gl_interface.obj
 0001:000443f7       ?GL_TexEnv@OpenGLDrv@@YAXI@Z 004453f7 f   gl_interface.obj
 0001:00044576       ?GL_TexMipBias@OpenGLDrv@@YAXM@Z 00445576 f   gl_interface.obj
 0001:000445d2       ?GL_TexEnvColor@OpenGLDrv@@YAXPBTcolor_t@@@Z 004455d2 f   gl_interface.obj
 0001:00044682       ?GL_SelectTexture@OpenGLDrv@@YAXH@Z 00445682 f   gl_interface.obj
 0001:000446e5       ?GL_TexCoordPointer@OpenGLDrv@@YAXPAX@Z 004456e5 f   gl_interface.obj
 0001:00044718       ?GL_SetMultitexture@OpenGLDrv@@YAXH@Z 00445718 f   gl_interface.obj
 0001:00044809       ?GL_DisableTexCoordArrays@OpenGLDrv@@YAXXZ 00445809 f   gl_interface.obj
 0001:0004485d       ?GL_CullFace@OpenGLDrv@@YAXW4gl_cullMode_t@1@@Z 0044585d f   gl_interface.obj
 0001:000448b1       ?GL_DepthRange@OpenGLDrv@@YAXW4gl_depthMode_t@1@@Z 004458b1 f   gl_interface.obj
 0001:000448e7       ?GL_State@OpenGLDrv@@YAXI@Z 004458e7 f   gl_interface.obj
 0001:00044a37       ?GL_EnableFog@OpenGLDrv@@YAX_N@Z 00445a37 f   gl_interface.obj
 0001:00044b11       ?GL_SetDefaultState@OpenGLDrv@@YAXXZ 00445b11 f   gl_interface.obj
 0001:00044c68       ?GL_Set2DMode@OpenGLDrv@@YAXXZ 00445c68 f   gl_interface.obj
 0001:00044d63       ?GL_Set3DMode@OpenGLDrv@@YAXPAUviewPortal_t@1@@Z 00445d63 f   gl_interface.obj
 0001:00044e4e       ?Show@CPointLight@OpenGLDrv@@UBEXXZ 00445e4e f   gl_light.obj
 0001:00045058       ?Show@CSurfLight@OpenGLDrv@@UBEXXZ 00446058 f   gl_light.obj
 0001:000451b2       ?ShowLights@OpenGLDrv@@YAXXZ 004461b2 f   gl_light.obj
 0001:00045221       ?Init@CPointLight@OpenGLDrv@@UAEXXZ 00446221 f   gl_light.obj
 0001:00045236       ?Init@CLightLinear@OpenGLDrv@@EAEXXZ 00446236 f   gl_light.obj
 0001:0004526a       ?GetScale@CLightLinear@OpenGLDrv@@EBEMM@Z 0044626a f   gl_light.obj
 0001:0004527a       ?Init@CLightInv@OpenGLDrv@@EAEXXZ 0044627a f   gl_light.obj
 0001:00045296       ?GetScale@CLightInv@OpenGLDrv@@EBEMM@Z 00446296 f   gl_light.obj
 0001:000452b2       ?Init@CLightInv2@OpenGLDrv@@EAEXXZ 004462b2 f   gl_light.obj
 0001:00045319       ?GetScale@CLightInv2@OpenGLDrv@@EBEMM@Z 00446319 f   gl_light.obj
 0001:0004533b       ?Init@CLightNofade@OpenGLDrv@@EAEXXZ 0044633b f   gl_light.obj
 0001:0004534c       ?GetScale@CLightNofade@OpenGLDrv@@EBEMM@Z 0044634c f   gl_light.obj
 0001:00045352       ?Add@CPointLight@OpenGLDrv@@UBEXABUCVec3@@ABUCAxis@@@Z 00446352 f   gl_light.obj
 0001:0004579e       ?Init@CSurfLight@OpenGLDrv@@UAEXXZ 0044679e f   gl_light.obj
 0001:00045877       ?Add@CSurfLight@OpenGLDrv@@UBEXABUCVec3@@ABUCAxis@@@Z 00446877 f   gl_light.obj
 0001:00045c98       ?Init@CSunLight@OpenGLDrv@@UAEXXZ 00446c98 f   gl_light.obj
 0001:00045d42       ?Add@CSunLight@OpenGLDrv@@UBEXABUCVec3@@ABUCAxis@@@Z 00446d42 f   gl_light.obj
 0001:00045e08       ?LightForEntity@OpenGLDrv@@YAXPAUrefEntity_t@1@@Z 00446e08 f   gl_light.obj
 0001:000466db       ?DiffuseLight@OpenGLDrv@@YAXPATcolor_t@@M@Z 004476db f   gl_light.obj
 0001:00046927       ?InitLightGrid@OpenGLDrv@@YAXXZ 00447927 f   gl_light.obj
 0001:000469cd       ?PostLoadLights@OpenGLDrv@@YAXXZ 004479cd f   gl_light.obj
 0001:00046ac8       ?LM_Init@OpenGLDrv@@YAXXZ  00447ac8 f   gl_lightmap.obj
 0001:00046ade       ?LM_Flush@OpenGLDrv@@YAXPAUlightmapBlock_t@1@@Z 00447ade f   gl_lightmap.obj
 0001:00046b3e       ?LM_Done@OpenGLDrv@@YAXXZ  00447b3e f   gl_lightmap.obj
 0001:00046b65       ?LM_Save@OpenGLDrv@@YAXPAUlightmapBlock_t@1@@Z 00447b65 f   gl_lightmap.obj
 0001:00046b80       ?LM_Restore@OpenGLDrv@@YAXPAUlightmapBlock_t@1@@Z 00447b80 f   gl_lightmap.obj
 0001:00046b9b       ?LM_NewBlock@OpenGLDrv@@YAPAUlightmapBlock_t@1@XZ 00447b9b f   gl_lightmap.obj
 0001:00046bfa       ?LM_Rewind@OpenGLDrv@@YAXXZ 00447bfa f   gl_lightmap.obj
 0001:00046c02       ?LM_NextBlock@OpenGLDrv@@YAPAUlightmapBlock_t@1@XZ 00447c02 f   gl_lightmap.obj
 0001:00046c2f       ?LM_CheckMinlight@OpenGLDrv@@YAXPAUdynamicLightmap_t@1@@Z 00447c2f f   gl_lightmap.obj
 0001:00046cc5       ?LM_AllocBlock@OpenGLDrv@@YA_NPAUlightmapBlock_t@1@PAUdynamicLightmap_t@1@@Z 00447cc5 f   gl_lightmap.obj
 0001:00046deb       ?LM_PutBlock@OpenGLDrv@@YAXPAUdynamicLightmap_t@1@@Z 00447deb f   gl_lightmap.obj
 0001:0004725f       ?LM_PutBlock1@OpenGLDrv@@YAXPAUdynamicLightmap_t@1@@Z 0044825f f   gl_lightmap.obj
 0001:000473b0       ?LM_SortLightStyles@OpenGLDrv@@YAXPAUdynamicLightmap_t@1@@Z 004483b0 f   gl_lightmap.obj
 0001:00047442       ?UpdateDynamicLightmap@OpenGLDrv@@YAXPAVsurfacePlanar_t@1@_NI@Z 00448442 f   gl_lightmap.obj
 0001:00047c88       ?LM_IsMonotone@OpenGLDrv@@YA_NPAUdynamicLightmap_t@1@PATcolor_t@@@Z 00448c88 f   gl_lightmap.obj
 0001:00047d8f       ?Init@OpenGLDrv@@YA_NXZ    00448d8f f   gl_main.obj
 0001:00048482       ?Shutdown@OpenGLDrv@@YAX_N@Z 00449482 f   gl_main.obj
 0001:0004850b       ?GL_EnableRendering@OpenGLDrv@@YAX_N@Z 0044950b f   gl_main.obj
 0001:00048529       ?BeginFrame@OpenGLDrv@@YAXN@Z 00449529 f   gl_main.obj
 0001:00048656       ?EndFrame@OpenGLDrv@@YAXXZ 00449656 f   gl_main.obj
 0001:0004866e       ?RenderFrame@OpenGLDrv@@YAXPAUrefdef_t@@@Z 0044966e f   gl_main.obj
 0001:00048fc6       ?Fill8@OpenGLDrv@@YAXHHHHH@Z 00449fc6 f   gl_main.obj
 0001:00049009       ?Fill@OpenGLDrv@@YAXHHHHI@Z 0044a009 f   gl_main.obj
 0001:00049045       ?TileClear@OpenGLDrv@@YAXHHHHPBD@Z 0044a045 f   gl_main.obj
 0001:000490e6       ?DrawStretchPic@OpenGLDrv@@YAXHHHHPBD@Z 0044a0e6 f   gl_main.obj
 0001:0004912b       ?DrawDetailedPic@OpenGLDrv@@YAXHHHHPBD@Z 0044a12b f   gl_main.obj
 0001:000491d5       ?DrawPic@OpenGLDrv@@YAXHHPBDHH@Z 0044a1d5 f   gl_main.obj
 0001:0004925d       ?LoadNewWorld@OpenGLDrv@@YAXPBD@Z 0044a25d f   gl_main.obj
 0001:00049292       ?DumpLoadStats@OpenGLDrv@@YAXXZ 0044a292 f   gl_main.obj
 0001:00049318       ?FinishLoadingWorld@OpenGLDrv@@YAXXZ 0044a318 f   gl_main.obj
 0001:0004931d       ?RegisterPic@OpenGLDrv@@YAPAVCBasicImage@@PBD@Z 0044a31d f   gl_main.obj
 0001:00049331       ?RegisterSkin@OpenGLDrv@@YAPAVCBasicImage@@PBD_N@Z 0044a331 f   gl_main.obj
 0001:00049351       ?RegisterModel@OpenGLDrv@@YAPAVCRenderModel@@PBD@Z 0044a351 f   gl_main.obj
 0001:0004935f       ?SetSky@OpenGLDrv@@YAXPBDMABUCVec3@@@Z 0044a35f f   gl_main.obj
 0001:00049433       ?Screenshot@OpenGLDrv@@YAXHPBD@Z 0044a433 f   gl_main.obj
 0001:0004945c       ?GetClientLight@OpenGLDrv@@YAMXZ 0044a45c f   gl_main.obj
 0001:00049463       ?InitFuncTables@OpenGLDrv@@YAXXZ 0044a463 f   gl_math.obj
 0001:00049609       ?BuildRotationAxis@OpenGLDrv@@YAXAAUCAxis@@ABUCVec3@@M@Z 0044a609 f   gl_math.obj
 0001:00049700       ?GetBoxRect@OpenGLDrv@@YA_NPBUrefEntity_t@1@ABUCVec3@@QAM2_N@Z 0044a700 f   gl_math.obj
 0001:00049a0a       ?ProjectToScreen@OpenGLDrv@@YA_NABUCVec3@@QAH@Z 0044aa0a f   gl_math.obj
 0001:00049b4d       ?SaturateColor3f@OpenGLDrv@@YAXAAUCVec3@@@Z 0044ab4d f   gl_math.obj
 0001:00049c3d       ?SaturateColor4b@OpenGLDrv@@YAXPATcolor_t@@@Z 0044ac3d f   gl_math.obj
 0001:00049d4b       ?SubdividePlane@OpenGLDrv@@YAHPAPAUCVec3@@HM@Z 0044ad4b f   gl_poly.obj
 0001:0004a22a       ?FreeSubdividedPlane@OpenGLDrv@@YAXXZ 0044b22a f   gl_poly.obj
 0001:0004a242       ?GetSubdivideIndexes@OpenGLDrv@@YAXPAH@Z 0044b242 f   gl_poly.obj
 0001:0004a298       ?RemoveCollinearPoints@OpenGLDrv@@YAHPAPAUCVec3@@H@Z 0044b298 f   gl_poly.obj
 0001:0004a38e       ?GetPolyArea@OpenGLDrv@@YAMPAPAUCVec3@@H@Z 0044b38e f   gl_poly.obj
 0001:0004a422       ?InitShaders@OpenGLDrv@@YAXXZ 0044b422 f   gl_shader.obj
 0001:0004a5c0       ?ShutdownShaders@OpenGLDrv@@YAXXZ 0044b5c0 f   gl_shader.obj
 0001:0004a5fe       ?GetLightmapImage@OpenGLDrv@@YAPAVimage_t@1@H@Z 0044b5fe f   gl_shader.obj
 0001:0004a629       ?SetShaderLightmap@OpenGLDrv@@YAPAVshader_t@1@PAV21@H@Z 0044b629 f   gl_shader.obj
 0001:0004a943       ??4shader_t@OpenGLDrv@@QAEAAV01@ABV01@@Z 0044b943 f i gl_shader.obj
 0001:0004ab97       ?SetShaderLightstyles@OpenGLDrv@@YAPAVshader_t@1@PAV21@I_N@Z 0044bb97 f   gl_shader.obj
 0001:0004ac49       ?GetAlphaShader@OpenGLDrv@@YAPAVshader_t@1@PAV21@@Z 0044bc49 f   gl_shader.obj
 0001:0004b0aa       ?SetShaderAnimFreq@OpenGLDrv@@YAXPAVshader_t@1@H@Z 0044c0aa f   gl_shader.obj
 0001:0004b100       ?FindShader@OpenGLDrv@@YAPAVshader_t@1@PBDI@Z 0044c100 f   gl_shader.obj
 0001:0004cc12       ?GetShaderByNum@OpenGLDrv@@YAPAVshader_t@1@H@Z 0044dc12 f   gl_shader.obj
 0001:0004cc34       ?ResetShaders@OpenGLDrv@@YAXXZ 0044dc34 f   gl_shader.obj
 0001:0004ce6c       ?Reload@shader_t@OpenGLDrv@@UAEXXZ 0044de6c f   gl_shader.obj
 0001:0004ce9b       ?ClearSky@OpenGLDrv@@YAXXZ 0044de9b f   gl_sky.obj
 0001:0004cef8       ?AddSkySurface@OpenGLDrv@@YAXPAVsurfacePlanar_t@1@E@Z 0044def8 f   gl_sky.obj
 0001:0004d4c0       ?DrawSky@OpenGLDrv@@YAXXZ  0044e4c0 f   gl_sky.obj
 0001:0004dcbe       ?DrawChar@OpenGLDrv@@YAXHHHH@Z 0044ecbe f   gl_text.obj
 0001:0004dd18       ?ClearTexts@OpenGLDrv@@YAXXZ 0044ed18 f   gl_text.obj
 0001:0004dd2d       ?FlushTexts@OpenGLDrv@@YAXXZ 0044ed2d f   gl_text.obj
 0001:0004ddd9       ?DrawTextPos@OpenGLDrv@@YAXHHPBDI@Z 0044edd9 f   gl_text.obj
 0001:0004de05       ?DrawTextLeft@OpenGLDrv@@YAXPBDI@Z 0044ee05 f   gl_text.obj
 0001:0004de8d       ?DrawTextRight@OpenGLDrv@@YAXPBDI@Z 0044ee8d f   gl_text.obj
 0001:0004ded7       ?DrawText3D@OpenGLDrv@@YAXABUCVec3@@PBDI@Z 0044eed7 f   gl_text.obj
 0001:0004df04       ?InitTexts@OpenGLDrv@@YAXXZ 0044ef04 f   gl_text.obj
 0001:0004df1e       ??0?$TTextContainer@UCRText@OpenGLDrv@@$0BAAAA@@@QAE@XZ 0044ef1e f i gl_text.obj
 0001:0004df43       ?FindModel@OpenGLDrv@@YAPAVmodel_t@1@PBD@Z 0044ef43 f   gl_model.obj
 0001:0004e11f       ?FreeModels@OpenGLDrv@@YAXXZ 0044f11f f   gl_model.obj
 0001:0004e191       ?InitModels@OpenGLDrv@@YAXXZ 0044f191 f   gl_model.obj
 0001:0004e287       ?ShutdownModels@OpenGLDrv@@YAXXZ 0044f287 f   gl_model.obj
 0001:0004e298       ?LoadWorldMap@OpenGLDrv@@YAXPBD@Z 0044f298 f   gl_bspmodel.obj
 0001:0004e71e       ?GetName@CLightLinear@OpenGLDrv@@EBEPBDXZ 0044f71e f i gl_bspmodel.obj
 0001:0004e724       ?GetName@CLightInv@OpenGLDrv@@EBEPBDXZ 0044f724 f i gl_bspmodel.obj
 0001:0004e72a       ?GetName@CLightInv2@OpenGLDrv@@EBEPBDXZ 0044f72a f i gl_bspmodel.obj
 0001:0004e730       ?GetName@CLightNofade@OpenGLDrv@@EBEPBDXZ 0044f730 f i gl_bspmodel.obj
 0001:0005083e       ?PointInLeaf@OpenGLDrv@@YAPAUnode_t@1@ABUCVec3@@@Z 0045183e f   gl_bspmodel.obj
 0001:00050889       ?LerpTag@model_t@OpenGLDrv@@UBE_NHHMPBDAAUCCoords@@@Z 00451889 f   gl_trimodel.obj
 0001:00050897       ?LerpTag@md3Model_t@OpenGLDrv@@UBE_NHHMPBDAAUCCoords@@@Z 00451897 f   gl_trimodel.obj
 0001:000509a7       ?LoadMd2@OpenGLDrv@@YAPAVmd3Model_t@1@PBDPAEI@Z 004519a7 f   gl_trimodel.obj
 0001:0005153c       ?ATAN2_FUNC@OpenGLDrv@@YAMMM@Z 0045253c f i gl_trimodel.obj
 0001:000516f2       ?LoadMd3@OpenGLDrv@@YAPAVmd3Model_t@1@PBDPAEI@Z 004526f2 f   gl_trimodel.obj
[...]
 0001:0006568d       _process_restart           0046668d f   libs:jddiffct.obj
 0001:000636ad       _dummy_consume_data        004646ad f   libs:jdcoefct.obj
 0001:000656c2       _consume_data              004666c2 f   libs:jddiffct.obj
 0001:00065739       _output_data               00466739 f   libs:jddiffct.obj
 0001:000651c0       _start_pass                004661c0 f   libs:jddctmgr.obj
 0001:00064612       _start_pass_phuff_decoder  00465612 f   libs:jdphuff.obj
 0001:0006485b       _decode_mcu_DC_first       0046585b f   libs:jdphuff.obj
 0001:00064a53       _process_restart           00465a53 f   libs:jdphuff.obj
 0001:00064ac2       _decode_mcu_AC_first       00465ac2 f   libs:jdphuff.obj
 0001:00064ce2       _decode_mcu_DC_refine      00465ce2 f   libs:jdphuff.obj
 0001:00064db7       _decode_mcu_AC_refine      00465db7 f   libs:jdphuff.obj
 0001:00064059       _start_pass_huff_decoder   00465059 f   libs:jdshuff.obj
 0001:00064191       _decode_mcu                00465191 f   libs:jdshuff.obj
 0001:00064541       _process_restart           00465541 f   libs:jdshuff.obj
 0001:0006343f       _start_input_pass          0046443f f   libs:jdcoefct.obj
 0001:00063452       _start_iMCU_row            00464452 f   libs:jdcoefct.obj
 0001:00063497       _start_output_pass         00464497 f   libs:jdcoefct.obj
 0001:000634d4       _decompress_onepass        004644d4 f   libs:jdcoefct.obj
 0001:000636ad       _dummy_consume_data        004646ad f   libs:jdcoefct.obj
 0001:000636b0       _consume_data              004646b0 f   libs:jdcoefct.obj
 0001:00063869       _decompress_data           00464869 f   libs:jdcoefct.obj
 0001:000639d5       _smoothing_ok              004649d5 f   libs:jdcoefct.obj
 0001:00063ac0       _decompress_smooth_data    00464ac0 f   libs:jdcoefct.obj
 0001:000632d8       _scaler_start_pass         004642d8 f   libs:jcscale.obj
 0001:000632fb       _simple_downscale          004642fb f   libs:jcscale.obj
 0001:00063327       _noscale                   00464327 f   libs:jcscale.obj
 0001:00062dd0       _start_pass                00463dd0 f   libs:jcpred.obj
 0001:00062e28       _reset_predictor           00463e28 f   libs:jcpred.obj
 0001:00062e55       _jpeg_difference_first_row 00463e55 f   libs:jcpred.obj
 0001:00062f3f       _jpeg_difference1          00463f3f f   libs:jcpred.obj
 0001:00062fad       _jpeg_difference2          00463fad f   libs:jcpred.obj
 0001:0006301e       _jpeg_difference3          0046401e f   libs:jcpred.obj
 0001:00063096       _jpeg_difference4          00464096 f   libs:jcpred.obj
 0001:00063121       _jpeg_difference5          00464121 f   libs:jcpred.obj
 0001:000631b4       _jpeg_difference6          004641b4 f   libs:jcpred.obj
 0001:00063243       _jpeg_difference7          00464243 f   libs:jcpred.obj
 0001:000626bf       _start_pass_huff           004636bf f   libs:jclhuff.obj
 0001:0006285c       _encode_mcus_huff          0046385c f   libs:jclhuff.obj
 0001:00062a47       _emit_bits                 00463a47 f   libs:jclhuff.obj
 0001:00062aea       _dump_buffer               00463aea f   libs:jclhuff.obj
 0001:00062b0e       _emit_restart              00463b0e f   libs:jclhuff.obj
 0001:00062b59       _flush_bits                00463b59 f   libs:jclhuff.obj
 0001:00062b7d       _finish_pass_huff          00463b7d f   libs:jclhuff.obj
 0001:00062bea       _encode_mcus_gather        00463bea f   libs:jclhuff.obj
 0001:00062d13       _finish_pass_gather        00463d13 f   libs:jclhuff.obj
 0001:00062da9       _need_optimization_pass    00463da9 f   libs:jclhuff.obj
 0001:0006229d       _start_pass_diff           0046329d f   libs:jcdiffct.obj
 0001:0006233b       _start_iMCU_row            0046333b f   libs:jcdiffct.obj
 0001:0006237d       _compress_data             0046337d f   libs:jcdiffct.obj
 0001:00062513       _compress_first_pass       00463513 f   libs:jcdiffct.obj
 0001:00062608       _compress_output           00463608 f   libs:jcdiffct.obj
 0001:00061eb0       _start_pass_fdctmgr        00462eb0 f   libs:jcdctmgr.obj
 0001:00061fb2       _forward_DCT_float         00462fb2 f   libs:jcdctmgr.obj
 0001:000613e5       _start_pass_phuff          004623e5 f   libs:jcphuff.obj
 0001:00061552       _encode_mcu_DC_first       00462552 f   libs:jcphuff.obj
 0001:00061684       _emit_bits                 00462684 f   libs:jcphuff.obj
 0001:0006172f       _dump_buffer               0046272f f   libs:jcphuff.obj
 0001:00061767       _emit_symbol               00462767 f   libs:jcphuff.obj
 0001:000617a7       _emit_restart              004627a7 f   libs:jcphuff.obj
 0001:00061830       _emit_eobrun               00462830 f   libs:jcphuff.obj
 0001:000618b6       _encode_mcu_AC_first       004628b6 f   libs:jcphuff.obj
 0001:00061a4a       _encode_mcu_DC_refine      00462a4a f   libs:jcphuff.obj
 0001:00061b04       _encode_mcu_AC_refine      00462b04 f   libs:jcphuff.obj
 0001:00061d1b       _finish_pass_phuff         00462d1b f   libs:jcphuff.obj
 0001:00061d6a       _finish_pass_gather_phuff  00462d6a f   libs:jcphuff.obj
 0001:00061e2d       _need_optimization_pass    00462e2d f   libs:jcphuff.obj
 0001:00060b80       _start_pass_huff           00461b80 f   libs:jcshuff.obj
 0001:00060cf5       _encode_mcu_huff           00461cf5 f   libs:jcshuff.obj
 0001:00060e00       _encode_one_block          00461e00 f   libs:jcshuff.obj
 0001:00060f77       _emit_bits                 00461f77 f   libs:jcshuff.obj
 0001:0006101a       _dump_buffer               0046201a f   libs:jcshuff.obj
 0001:0006103e       _emit_restart              0046203e f   libs:jcshuff.obj
 0001:000610ab       _flush_bits                004620ab f   libs:jcshuff.obj
 0001:000610cf       _finish_pass_huff          004620cf f   libs:jcshuff.obj
 0001:0006113e       _encode_mcu_gather         0046213e f   libs:jcshuff.obj
 0001:000611f4       _htest_one_block           004621f4 f   libs:jcshuff.obj
 0001:000612bb       _finish_pass_gather        004622bb f   libs:jcshuff.obj
 0001:00062da9       _need_optimization_pass    00463da9 f   libs:jclhuff.obj
 0001:00060553       _start_pass_coef           00461553 f   libs:jccoefct.obj
 0001:0006233b       _start_iMCU_row            0046333b f   libs:jcdiffct.obj
 0001:000605e8       _compress_data             004615e8 f   libs:jccoefct.obj
 0001:000607cf       _compress_first_pass       004617cf f   libs:jccoefct.obj
 0001:000609b5       _compress_output           004619b5 f   libs:jccoefct.obj
 0001:0006046b       _calc_output_dimensions    0046146b f   libs:jdlossls.obj
 0001:0006047c       _start_input_pass          0046147c f   libs:jdlossls.obj
 0001:000601aa       _calc_output_dimensions    004611aa f   libs:jdlossy.obj
 0001:0006031d       _start_input_pass          0046131d f   libs:jdlossy.obj
 0001:0006033d       _latch_quant_tables        0046133d f   libs:jdlossy.obj
 0001:000603d5       _start_output_pass         004613d5 f   libs:jdlossy.obj
 0001:000600f9       _start_pass                004610f9 f   libs:jclossls.obj
 0001:00060065       _start_pass                00461065 f   libs:jclossy.obj
 0001:0005f5ba       _initial_setup             004605ba f   libs:jcmaster.obj
 0001:0005f76d       _validate_script           0046076d f   libs:jcmaster.obj
 0001:0005fb45       _prepare_for_pass          00460b45 f   libs:jcmaster.obj
 0001:0005fcbd       _select_scan_parameters    00460cbd f   libs:jcmaster.obj
 0001:0005fdbe       _per_scan_setup            00460dbe f   libs:jcmaster.obj
 0001:0005ff69       _pass_startup              00460f69 f   libs:jcmaster.obj
 0001:0005ff90       _finish_pass_master        00460f90 f   libs:jcmaster.obj
 0001:0005f0a6       _rgb_ycc_start             004600a6 f   libs:jccolor.obj
 0001:0005f16a       _rgb_ycc_convert           0046016a f   libs:jccolor.obj
 0001:0005f269       _rgb_gray_convert          00460269 f   libs:jccolor.obj
 0001:0005f2ee       _cmyk_ycck_convert         004602ee f   libs:jccolor.obj
 0001:0005f426       _grayscale_convert         00460426 f   libs:jccolor.obj
 0001:0005f480       _null_convert              00460480 f   libs:jccolor.obj
 0001:0002fd4e       _null_method               00430d4e f   images.obj
 0001:0002fd4e       _start_pass_downsample     00430d4e f   images.obj
 0001:0005e7f2       _sep_downsample            0045f7f2 f   libs:jcsample.obj
 0001:0005e867       _int_downsample            0045f867 f   libs:jcsample.obj
 0001:0005e95f       _expand_right_edge         0045f95f f   libs:jcsample.obj
 0001:0005e9b4       _fullsize_downsample       0045f9b4 f   libs:jcsample.obj
 0001:0005e9f8       _h2v1_downsample           0045f9f8 f   libs:jcsample.obj
 0001:0005ea8c       _h2v2_downsample           0045fa8c f   libs:jcsample.obj
 0001:0005eb39       _h2v2_smooth_downsample    0045fb39 f   libs:jcsample.obj
 0001:0005edb1       _fullsize_smooth_downsample 0045fdb1 f   libs:jcsample.obj
 0001:0005e1ee       _start_pass_prep           0045f1ee f   libs:jcprepct.obj
 0001:0005e22c       _pre_process_data          0045f22c f   libs:jcprepct.obj
 0001:0005e3da       _pre_process_context       0045f3da f   libs:jcprepct.obj
 0001:0005e593       _create_context_buffer     0045f593 f   libs:jcprepct.obj
 0001:0005e066       _start_pass_main           0045f066 f   libs:jcmainct.obj
 0001:0005e0a8       _process_data_simple_main  0045f0a8 f   libs:jcmainct.obj
 0001:0005d63c       _create_colormap           0045e63c f   libs:jquant1.obj
 0001:0005d76e       _select_ncolors            0045e76e f   libs:jquant1.obj
 0001:0005d845       _create_colorindex         0045e845 f   libs:jquant1.obj
 0001:0005d971       _alloc_fs_workspace        0045e971 f   libs:jquant1.obj
 0001:0005d9ad       _start_pass_1_quant        0045e9ad f   libs:jquant1.obj
 0001:0005da79       _create_odither_tables     0045ea79 f   libs:jquant1.obj
 0001:0005dad8       _make_odither_array        0045ead8 f   libs:jquant1.obj
 0001:0005db3b       _color_quantize            0045eb3b f   libs:jquant1.obj
 0001:0005dbc6       _color_quantize3           0045ebc6 f   libs:jquant1.obj
 0001:0005dc54       _quantize_ord_dither       0045ec54 f   libs:jquant1.obj
 0001:0005dd3f       _quantize3_ord_dither      0045ed3f f   libs:jquant1.obj
 0001:0005de3f       _quantize_fs_dither        0045ee3f f   libs:jquant1.obj
 0001:0002fd4e       _finish_pass_1_quant       00430d4e f   images.obj
 0001:0005dfc3       _new_color_map_1_quant     0045efc3 f   libs:jquant1.obj
 0001:0005c5fd       _init_error_limit          0045d5fd f   libs:jquant2.obj
 0001:0005c69c       _start_pass_2_quant        0045d69c f   libs:jquant2.obj
 0001:0005c79e       _prescan_quantize          0045d79e f   libs:jquant2.obj
 0001:0005c80d       _pass2_no_dither           0045d80d f   libs:jquant2.obj
 0001:0005c8ba       _fill_inverse_cmap         0045d8ba f   libs:jquant2.obj
 0001:0005c985       _find_nearby_colors        0045d985 f   libs:jquant2.obj
 0001:0005cb29       _find_best_colors          0045db29 f   libs:jquant2.obj
 0001:0005cc43       _pass2_fs_dither           0045dc43 f   libs:jquant2.obj
 0001:0005ceb2       _finish_pass1              0045deb2 f   libs:jquant2.obj
 0001:0005ced4       _select_colors             0045ded4 f   libs:jquant2.obj
 0001:0005cf60       _update_box                0045df60 f   libs:jquant2.obj
 0001:0005d2fa       _median_cut                0045e2fa f   libs:jquant2.obj
 0001:0005d40e       _find_biggest_color_pop    0045e40e f   libs:jquant2.obj
 0001:0005d43d       _find_biggest_volume       0045e43d f   libs:jquant2.obj
 0001:0005d466       _compute_color             0045e466 f   libs:jquant2.obj
 0001:0002fd4e       _finish_pass2              00430d4e f   images.obj
 0001:0005d5a2       _new_color_map_2_quant     0045e5a2 f   libs:jquant2.obj
 0001:0005c014       _build_ycc_rgb_table       0045d014 f   libs:jdmerge.obj
 0001:0005c0c4       _start_pass_merged_upsample 0045d0c4 f   libs:jdmerge.obj
 0001:0005c0d9       _merged_2v_upsample        0045d0d9 f   libs:jdmerge.obj
 0001:0005c180       _merged_1v_upsample        0045d180 f   libs:jdmerge.obj
 0001:0005c1b1       _h2v1_merged_upsample      0045d1b1 f   libs:jdmerge.obj
 0001:0005c307       _h2v2_merged_upsample      0045d307 f   libs:jdmerge.obj
 0001:0005bbb8       _build_ycc_rgb_table       0045cbb8 f   libs:jdcolor.obj
 0001:0005bc68       _ycc_rgb_convert           0045cc68 f   libs:jdcolor.obj
 0001:0005bd76       _null_convert              0045cd76 f   libs:jdcolor.obj
 0001:0005bdee       _grayscale_convert         0045cdee f   libs:jdcolor.obj
 0001:0005be11       _gray_rgb_convert          0045ce11 f   libs:jdcolor.obj
 0001:0005be6a       _ycck_cmyk_convert         0045ce6a f   libs:jdcolor.obj
 0001:0002fd4e       _start_pass_dcolor         00430d4e f   images.obj
 0001:0005b619       _start_pass_upsample       0045c619 f   libs:jdsample.obj
 0001:0005b633       _sep_upsample              0045c633 f   libs:jdsample.obj
 0001:0005b700       _fullsize_upsample         0045c700 f   libs:jdsample.obj
 0001:0005b70b       _noop_upsample             0045c70b f   libs:jdsample.obj
 0001:0005b713       _int_upsample              0045c713 f   libs:jdsample.obj
 0001:0005b7fd       _h2v1_upsample             0045c7fd f   libs:jdsample.obj
 0001:0005b854       _h2v2_upsample             0045c854 f   libs:jdsample.obj
 0001:0005b8c6       _h2v1_fancy_upsample       0045c8c6 f   libs:jdsample.obj
 0001:0005b969       _h2v2_fancy_upsample       0045c969 f   libs:jdsample.obj
 0001:0005b222       _start_pass_dpost          0045c222 f   libs:jdpostct.obj
 0001:0005b2c8       _post_process_1pass        0045c2c8 f   libs:jdpostct.obj
 0001:0005b32d       _post_process_prepass      0045c32d f   libs:jdpostct.obj
 0001:0005b3be       _post_process_2pass        0045c3be f   libs:jdpostct.obj
 0001:0005ac29       _alloc_funny_pointers      0045bc29 f   libs:jdmainct.obj
 0001:0005acd6       _start_pass_main           0045bcd6 f   libs:jdmainct.obj
 0001:0005ad3e       _make_funny_pointers       0045bd3e f   libs:jdmainct.obj
 0001:0005ae7e       _process_data_simple_main  0045be7e f   libs:jdmainct.obj
 0001:0005aee6       _process_data_context_main 0045bee6 f   libs:jdmainct.obj
 0001:0005aff8       _set_wraparound_pointers   0045bff8 f   libs:jdmainct.obj
 0001:0005b0e2       _set_bottom_pointers       0045c0e2 f   libs:jdmainct.obj
 0001:0005b17c       _process_data_crank_post   0045c17c f   libs:jdmainct.obj
 0001:00059955       _write_marker_header       0045a955 f   libs:jcmarker.obj
 0001:000599ab       _emit_byte                 0045a9ab f   libs:jcmarker.obj
 0001:000599dc       _write_marker_byte         0045a9dc f   libs:jcmarker.obj
 0001:000599ec       _write_file_header         0045a9ec f   libs:jcmarker.obj
 0001:00059a38       _emit_jfif_app0            0045aa38 f   libs:jcmarker.obj
 0001:00059b0b       _emit_adobe_app14          0045ab0b f   libs:jcmarker.obj
 0001:00059bb1       _write_frame_header        0045abb1 f   libs:jcmarker.obj
 0001:00059c90       _emit_dqt                  0045ac90 f   libs:jcmarker.obj
 0001:00059d7f       _emit_sof                  0045ad7f f   libs:jcmarker.obj
 0001:00059e5b       _write_scan_header         0045ae5b f   libs:jcmarker.obj
 0001:00059f1b       _emit_dht                  0045af1b f   libs:jcmarker.obj
 0001:00059ff4       _emit_dri                  0045aff4 f   libs:jcmarker.obj
 0001:0005a043       _emit_sos                  0045b043 f   libs:jcmarker.obj
 0001:0005a131       _write_file_trailer        0045b131 f   libs:jcmarker.obj
 0001:0005a151       _write_tables_only         0045b151 f   libs:jcmarker.obj
 0001:000594aa       _use_merged_upsample       0045a4aa f   libs:jdmaster.obj
 0001:00059550       _master_selection          0045a550 f   libs:jdmaster.obj
 0001:000596ad       _prepare_range_limit_table 0045a6ad f   libs:jdmaster.obj
 0001:00059733       _prepare_for_output_pass   0045a733 f   libs:jdmaster.obj
 0001:00059854       _finish_output_pass        0045a854 f   libs:jdmaster.obj
 0001:00058921       _alloc_small               00459921 f   libs:jmemmgr.obj
 0001:00058a3f       _alloc_large               00459a3f f   libs:jmemmgr.obj
 0001:00058af0       _alloc_sarray              00459af0 f   libs:jmemmgr.obj
 0001:00058b88       _alloc_barray              00459b88 f   libs:jmemmgr.obj
 0001:00058c2c       _alloc_darray              00459c2c f   libs:jmemmgr.obj
 0001:00058cd7       _request_virt_sarray       00459cd7 f   libs:jmemmgr.obj
 0001:00058d38       _request_virt_barray       00459d38 f   libs:jmemmgr.obj
 0001:00058d99       _realize_virt_arrays       00459d99 f   libs:jmemmgr.obj
 0001:00058f1c       _access_virt_sarray        00459f1c f   libs:jmemmgr.obj
 0001:0005903c       _do_sarray_io              0045a03c f   libs:jmemmgr.obj
 0001:000590cc       _access_virt_barray        0045a0cc f   libs:jmemmgr.obj
 0001:000591f1       _do_barray_io              0045a1f1 f   libs:jmemmgr.obj
 0001:00059282       _free_pool                 0045a282 f   libs:jmemmgr.obj
 0001:00059369       _self_destruct             0045a369 f   libs:jmemmgr.obj
 0001:000583bb       _start_input_pass          004593bb f   libs:jdinput.obj
 0001:000583e9       _per_scan_setup            004593e9 f   libs:jdinput.obj
 0001:0005856f       _finish_input_pass         0045956f f   libs:jdinput.obj
 0001:00058580       _consume_markers           00459580 f   libs:jdinput.obj
 0001:0005861c       _initial_setup             0045961c f   libs:jdinput.obj
 0001:00058826       _reset_input_controller    00459826 f   libs:jdinput.obj
 0001:00057fc0       _make_crc_table            00458fc0 f   libs:crc32.obj
 0001:0005810d       _crc32_little              0045910d f   libs:crc32.obj
 0001:00057dba       _fixedtables               00458dba f   libs:inflate.obj
 0001:00057ea4       _updatewindow              00458ea4 f   libs:inflate.obj
 0001:00056ae2       _init_destination          00457ae2 f   libs:jdatadst.obj
 0001:00056b08       _empty_output_buffer       00457b08 f   libs:jdatadst.obj
 0001:00056b4a       _term_destination          00457b4a f   libs:jdatadst.obj
 0001:00056669       _std_huff_tables           00457669 f   libs:jcparam.obj
 0001:000566c3       _add_huff_table            004576c3 f   libs:jcparam.obj
 0001:00054bc1       _next_marker               00455bc1 f   libs:jdmarker.obj
 0001:00054cfb       _get_interesting_appn      00455cfb f   libs:jdmarker.obj
 0001:00054e26       _examine_app0              00455e26 f   libs:jdmarker.obj
 0001:00055034       _examine_app14             00456034 f   libs:jdmarker.obj
 0001:000550f5       _skip_variable             004560f5 f   libs:jdmarker.obj
 0001:00055198       _read_markers              00456198 f   libs:jdmarker.obj
 0001:000553a0       _get_soi                   004563a0 f   libs:jdmarker.obj
 0001:0005544b       _get_sof                   0045644b f   libs:jdmarker.obj
 0001:00055754       _get_sos                   00456754 f   libs:jdmarker.obj
 0001:00055a42       _get_dht                   00456a42 f   libs:jdmarker.obj
 0001:00055ce3       _get_dqt                   00456ce3 f   libs:jdmarker.obj
 0001:00055f3f       _get_dri                   00456f3f f   libs:jdmarker.obj
 0001:0005601e       _first_marker              0045701e f   libs:jdmarker.obj
 0001:000560ba       _read_restart_marker       004570ba f   libs:jdmarker.obj
 0001:00056138       _reset_marker_reader       00457138 f   libs:jdmarker.obj
 0001:000549a5       _output_pass_setup         004559a5 f   libs:jdapistd.obj
 0001:00054698       _default_decompress_parms  00455698 f   libs:jdapimin.obj

 296 bytes saved through ICF

