 quake2

 Timestamp is 425588a7 (Thu Apr 07 23:23:19 2005)

 Preferred load address is 00400000

 Start         Length     Name                   Class
 0001:00000000 0005e5e0H .text                   CODE
 0002:00000000 00000278H .idata$5                DATA
 0002:00000278 000055ccH .rdata                  DATA
 0002:00005848 00000044H .rdata$r                DATA
 0002:00005890 00000038H .xdata$x                DATA
 0002:000058c8 00000078H .idata$2                DATA
 0002:00005940 00000014H .idata$3                DATA
 0002:00005954 00000278H .idata$4                DATA
 0002:00005bcc 000007fcH .idata$6                DATA
 0002:000063c8 00000000H .edata                  DATA
 0003:00000000 00000004H .CRT$XCA                DATA
 0003:00000004 00000068H .CRT$XCU                DATA
 0003:0000006c 00000004H .CRT$XCZ                DATA
 0003:00000070 00000004H .CRT$XIA                DATA
 0003:00000074 00000004H .CRT$XIZ                DATA
 0003:00000080 0000cc0cH .data                   DATA
 0003:0000cc90 0031b434H .bss                    DATA
 0004:00000000 00000130H .rsrc$01                DATA
 0004:00000130 00003f20H .rsrc$02                DATA

  Address         Publics by Value              Rva+Base     Lib:Object

 0001:00000000       ??3@YAXPAX@Z               00401000 f i CoreMain.obj
 0001:0000000b       ?appInit@@YAXXZ            0040100b f   CoreMain.obj
 0001:0000006e       ?appExit@@YAXXZ            0040106e f   CoreMain.obj
 0001:00000073       ?appLoadDebugSymbols@@YAXXZ 00401073 f   DbgSymbols.obj
 0001:00000276       ?appSymbolName@@YA_NIPADH@Z 00401276 f   DbgSymbols.obj
 0001:00000362       ?appSymbolName@@YAPBDI@Z   00401362 f   DbgSymbols.obj
 0001:00000394       ?appMalloc@@YAPAXIH@Z      00401394 f   Memory.obj
 0001:00000442       ?appFree@@YAXPAX@Z         00401442 f   Memory.obj
 0001:00000470       ?Unlink@FMemHeader@@QAEXXZ 00401470 f i Memory.obj
 0001:0000049b       ?Link@CMemoryChain@@AAEXXZ 0040149b f   Memory.obj
 0001:000004ba       ?Unlink@CMemoryChain@@AAEXXZ 004014ba f   Memory.obj
 0001:000004e5       ??2CMemoryChain@@SAPAXIH@Z 004014e5 f   Memory.obj
 0001:00000557       ??3CMemoryChain@@SAXPAX@Z  00401557 f   Memory.obj
 0001:0000058a       ?Alloc@CMemoryChain@@QAEPAXIH@Z 0040158a f   Memory.obj
 0001:000005f4       ?appInitMemory@@YAXXZ      004015f4 f   Memory.obj
 0001:00000b2d       ?Write@COutputDeviceNull@@UAEXPBD@Z 00401b2d f i OutputDevice.obj
 0001:00000b30       ?appWPrintf@@YAXPBDZZ      00401b30 f   OutputDevice.obj
 0001:00000b81       ?appFatalError@@YAXPBDZZ   00401b81 f   ErrorMgr.obj
 0001:00000bbb       ?appNonFatalError@@YAXPBDZZ 00401bbb f   ErrorMgr.obj
 0001:00000c19       ?appUnwindPrefix@@YAXPBD@Z 00401c19 f   ErrorMgr.obj
 0001:00000c70       ?appUnwindThrow@@YAXPBDZZ  00401c70 f   ErrorMgr.obj
 0001:00000cf7       ?Reset@CErrorHandler@@QAEXXZ 00401cf7 f   ErrorMgr.obj
 0001:00000d21       ?appInitError@@YAXXZ       00401d21 f   ErrorMgr.obj
 0001:00000ddf       ?appStricmp@@YAHPBD0@Z     00401ddf f   Strings.obj
 0001:00000e14       ?toLower@@YADD@Z           00401e14 f i Strings.obj
 0001:00000e2b       ?appStrcpy@@YAXPADPBD@Z    00401e2b f   Strings.obj
 0001:00000e3e       ?appStrncpylwr@@YAXPADPBDH@Z 00401e3e f   Strings.obj
 0001:00000e76       ?appStrncpyz@@YAXPADPBDH@Z 00401e76 f   Strings.obj
 0001:00000ea3       ?appStrcatn@@YAXPADHPBD@Z  00401ea3 f   Strings.obj
 0001:00000ece       ?appCopyFilename@@YAXPADPBDH@Z 00401ece f   Strings.obj
 0001:00000f6a       ?appCStrlen@@YAHPBD@Z      00401f6a f   Strings.obj
 0001:00000f8f       ?appUncolorizeString@@YAXPADPBD@Z 00401f8f f   Strings.obj
 0001:00000fbf       ?va@@YAPBDPBDZZ            00401fbf f   Strings.obj
 0001:0000105b       ?appSprintf@@YAHPADHPBDZZ  0040205b f   Strings.obj
 0001:000010a6       ?appMatchWildcard@@YA_NPBD0_N@Z 004020a6 f   Strings.obj
 0001:00001226       ?CopyString@@YAPADPBD@Z    00402226 f   Strings.obj
 0001:00001266       ?CopyString@@YAPADPBDPAVCMemoryChain@@@Z 00402266 f   Strings.obj
 0001:0000129a       ??2CStringItem@@SAPAXIPBD@Z 0040229a f   Strings.obj
 0001:000012e3       ??2CStringItem@@SAPAXIPBDPAVCMemoryChain@@@Z 004022e3 f   Strings.obj
 0001:00001320       ?Find@CStringList@@IAEPAVCStringItem@@PBDPAPAV2@@Z 00402320 f   Strings.obj
 0001:00001363       ?Find@CStringList@@IAEPAVCStringItem@@H@Z 00402363 f   Strings.obj
 0001:0000137c       ?IndexOf@CStringList@@QAEHPBD@Z 0040237c f   Strings.obj
 0001:000013a9       ?Remove@CStringList@@QAE_NPAVCStringItem@@@Z 004023a9 f   Strings.obj
 0001:000013d5       ?Free@CStringList@@QAEXXZ  004023d5 f   Strings.obj
 0001:000013ee       ?appMillisecondsf@@YANXZ   004023ee f   CoreWin32.obj
 0001:00001427       ?appMilliseconds@@YAIXZ    00402427 f   CoreWin32.obj
 0001:0000145c       ?cpuid@@YAXI@Z             0040245c f   CoreWin32.obj
 0001:0000147f       ?appInitPlatform@@YAXXZ    0040247f f   CoreWin32.obj
 0001:00001712       ?appShutdownPlatform@@YAXXZ 00402712 f   CoreWin32.obj
 0001:0000171b       ?osAddressInfo@@YA_NIPADHPAH@Z 0040271b f   DbgSymbolsWin32.obj
 0001:000017af       ?osModuleInfo@@YA_NIPADHPAH@Z 004027af f   DbgSymbolsWin32.obj
 0001:00001957       ?win32ExceptFilter@@YAHPAU_EXCEPTION_POINTERS@@@Z 00402957 f   ExceptFilterWin32.obj
 0001:00001e90       ?win32ExceptFilter2@@YAHXZ 00402e90 f   ExceptFilterWin32.obj
 0001:00001e9c       ?SCR_StopCinematic@@YAXXZ  00402e9c f   cl_cin.obj
 0001:00001f30       ?SCR_DrawCinematic@@YA_NXZ 00402f30 f   cl_cin.obj
 0001:00002393       ?SCR_PlayCinematic@@YAXPAD@Z 00403393 f   cl_cin.obj
 0001:000026f4       ?CL_Download_f@@YAX_NHPAPAD@Z 004036f4 f   cl_download.obj
 0001:00002aa5       ?CL_ParseDownload@@YAXXZ   00403aa5 f   cl_download.obj
 0001:000032b2       ?CL_Precache_f@@YAXHPAPAD@Z 004042b2 f   cl_download.obj
 0001:00003310       ?CL_ParseDelta@@YAXPAUentityState_t@@0HI_N@Z 00404310 f   cl_ents.obj
 0001:00003529       ?CL_ParsePacketEntities@@YAXPAUframe_t@@0@Z 00404529 f   cl_ents.obj
 0001:00003894       ?CL_FireEntityEvents@@YAXPAUframe_t@@@Z 00404894 f   cl_ents.obj
 0001:000038e6       ?CL_ParseFrame@@YAXXZ      004048e6 f   cl_ents.obj
 0001:00003bd8       ?CL_AddEntityBox@@YAXPAUentityState_t@@I@Z 00404bd8 f   cl_ents.obj
 0001:00003cbd       ?CL_OffsetThirdPersonView@@YAXXZ 00404cbd f   cl_ents.obj
 0001:00003d77       ?CL_CalcViewValues@@YAXXZ  00404d77 f   cl_ents.obj
 0001:00004080       ?CL_AddEntities@@YAXXZ     00405080 f   cl_ents.obj
 0001:00004e09       ?CL_GetEntitySoundOrigin@@YAXHQAM@Z 00405e09 f   cl_ents.obj
 0001:00004e41       ?CL_ClearLightStyles@@YAXXZ 00405e41 f   cl_fx.obj
 0001:00004ec3       ?CL_RunLightStyles@@YAXXZ  00405ec3 f   cl_fx.obj
 0001:00004f62       ?CL_SetLightstyle@@YAXHPBD@Z 00405f62 f   cl_fx.obj
 0001:00004fc3       ?CL_ClearDlights@@YAXXZ    00405fc3 f   cl_fx.obj
 0001:00004fd4       ?CL_AllocDlight@@YAPAUcdlight_t@@HQAM@Z 00405fd4 f   cl_fx.obj
 0001:0000503d       ?CL_AddDLights@@YAXXZ      0040603d f   cl_fx.obj
 0001:0000509d       ?CL_ClearParticles@@YAXXZ  0040609d f   cl_fx.obj
 0001:00005104       ?CL_AllocParticleTrace@@YAPAUparticleTrace_t@@QAM0MM@Z 00406104 f   cl_fx.obj
 0001:000051a4       ?CL_AllocParticleBeam@@YAPAUbeam_t@@QAM0MM@Z 004061a4 f   cl_fx.obj
 0001:00005217       ?CL_AllocParticle@@YAPAUparticle_t@@XZ 00406217 f   cl_fx.obj
 0001:00005265       ?CL_UpdateParticles@@YAXXZ 00406265 f   cl_fx.obj
 0001:00005857       ?CL_MetalSparks@@YAXQAM0H@Z 00406857 f   cl_fx.obj
 0001:00005944       ?CL_ParseMuzzleFlash@@YAXXZ 00406944 f   cl_fx.obj
 0001:00005cda       ?CL_ParseMuzzleFlash2@@YAXXZ 00406cda f   cl_fx.obj
 0001:0000631d       ?CL_ParticleEffect@@YAXQAM0HH@Z 0040731d f   cl_fx.obj
 0001:000063ec       ?CL_ParticleEffect2@@YAXQAM0HH@Z 004073ec f   cl_fx.obj
 0001:000064b7       ?CL_ParticleEffect3@@YAXQAM0HH@Z 004074b7 f   cl_fx.obj
 0001:00006587       ?CL_TeleporterParticles@@YAXPAUentityState_t@@@Z 00407587 f   cl_fx.obj
 0001:0000663e       ?CL_LogoutEffect@@YAXQAMH@Z 0040763e f   cl_fx.obj
 0001:00006729       ?CL_ItemRespawnParticles@@YAXQAM@Z 00407729 f   cl_fx.obj
 0001:000067d8       ?CL_ExplosionParticles@@YAXQAM@Z 004077d8 f   cl_fx.obj
 0001:00006882       ?CL_BigTeleportParticles@@YAXQAM@Z 00407882 f   cl_fx.obj
 0001:000069d9       ?CL_BlasterParticles@@YAXQAM0@Z 004079d9 f   cl_fx.obj
 0001:00006aa5       ?CL_BlasterTrail@@YAXQAM0@Z 00407aa5 f   cl_fx.obj
 0001:00006b98       ?CL_FlagTrail@@YAXQAM0H@Z  00407b98 f   cl_fx.obj
 0001:00006c93       ?CL_DiminishingTrail@@YAXQAM0PAUcentity_t@@H@Z 00407c93 f   cl_fx.obj
 0001:00006ef7       ?CL_RocketTrail@@YAXQAM0PAUcentity_t@@@Z 00407ef7 f   cl_fx.obj
 0001:00007024       ?CL_RailTrail@@YAXQAM0@Z   00408024 f   cl_fx.obj
 0001:0000724a       ?CL_RailTrailExt@@YAXQAM0EE@Z 0040824a f   cl_fx.obj
 0001:0000734e       ?CL_IonripperTrail@@YAXQAM0@Z 0040834e f   cl_fx.obj
 0001:00007461       ?CL_BubbleTrail@@YAXQAM0@Z 00408461 f   cl_fx.obj
 0001:00007572       ?CL_FlyParticles@@YAXQAMH@Z 00408572 f   cl_fx.obj
 0001:00007712       ?CL_FlyEffect@@YAXPAUcentity_t@@QAM@Z 00408712 f   cl_fx.obj
 0001:0000777a       ?CL_BfgParticles@@YAXPAUentity_t@@@Z 0040877a f   cl_fx.obj
 0001:00007955       ?CL_TrapParticles@@YAXPAUentity_t@@@Z 00408955 f   cl_fx.obj
 0001:00007bd8       ?CL_BFGExplosionParticles@@YAXQAM@Z 00408bd8 f   cl_fx.obj
 0001:00007c82       ?CL_TeleportParticles@@YAXQAM@Z 00408c82 f   cl_fx.obj
 0001:00007dbb       ?CL_EntityEvent@@YAXPAUentityState_t@@@Z 00408dbb f   cl_fx.obj
 0001:00007f96       ?CL_ClearEffects@@YAXXZ    00408f96 f   cl_fx.obj
 0001:00007fa5       ?IN_CenterView@@YAXXZ      00408fa5 f   cl_input.obj
 0001:00007fc6       ?CL_InitInput@@YAXXZ       00408fc6 f   cl_input.obj
 0001:00008562       ?CL_SendCmd@@YAXXZ         00409562 f   cl_input.obj
 0001:00008c59       ?CL_WriteDemoMessage@@YAXXZ 00409c59 f   cl_main.obj
 0001:00008c9b       ?Cmd_ForwardToServer@@YAXHPAPAD@Z 00409c9b f   cl_main.obj
 0001:00008d5e       ?CL_ForwardToServer_f@@YAXHPAPAD@Z 00409d5e f   cl_main.obj
 0001:00008da6       ?CL_Pause@@YAX_N@Z         00409da6 f   cl_main.obj
 0001:00008de8       ?CL_Quit_f@@YAXXZ          00409de8 f   cl_main.obj
 0001:00008df2       ?CL_Drop@@YAX_N@Z          00409df2 f   cl_main.obj
 0001:00008e15       ?CL_SendConnectPacket@@YAXXZ 00409e15 f   cl_main.obj
 0001:00008eec       ?CL_CheckForResend@@YAXXZ  00409eec f   cl_main.obj
 0001:00008ff1       ?CL_Connect_f@@YAX_NHPAPAD@Z 00409ff1 f   cl_main.obj
 0001:00009074       ?CL_Rcon_f@@YAXHPAPAD@Z    0040a074 f   cl_main.obj
 0001:0000917c       ?CL_Disconnect@@YAXXZ      0040a17c f   cl_main.obj
 0001:0000932c       ?CL_Disconnect_f@@YAXXZ    0040a32c f   cl_main.obj
 0001:00009336       ?CL_Changing_f@@YAXXZ      0040a336 f   cl_main.obj
 0001:0000935a       ?CL_Reconnect_f@@YAXXZ     0040a35a f   cl_main.obj
 0001:000093f6       ?CL_PingServers_f@@YAXXZ   0040a3f6 f   cl_main.obj
 0001:00009561       ?CL_Skins_f@@YAXXZ         0040a561 f   cl_main.obj
 0001:00009834       ?CL_ConnectionlessPacket@@YAXXZ 0040a834 f   cl_main.obj
 0001:00009934       ?CL_ReadPackets@@YAXXZ     0040a934 f   cl_main.obj
 0001:00009a79       ?CL_FixUpGender@@YAXXZ     0040aa79 f   cl_main.obj
 0001:00009b2b       ?CL_Userinfo_f@@YAXXZ      0040ab2b f   cl_main.obj
 0001:00009b43       ?CL_RegisterSounds@@YAXXZ  0040ab43 f   cl_main.obj
 0001:00009b82       ?CL_Snd_Restart_f@@YAXXZ   0040ab82 f   cl_main.obj
 0001:00009b91       ?CL_WriteConfiguration@@YAXPAD@Z 0040ab91 f   cl_main.obj
 0001:00009c4c       ?CL_WriteConfig_f@@YAX_NHPAPAD@Z 0040ac4c f   cl_main.obj
 0001:00009cab       ?CL_FixCvarCheats@@YAXXZ   0040acab f   cl_main.obj
 0001:00009d05       ?CL_Frame@@YAXMM@Z         0040ad05 f   cl_main.obj
 0001:00009eff       ?CL_ClearState@@YAXXZ      0040aeff f   cl_main.obj
 0001:00009f38       ?CL_Init@@YAXXZ            0040af38 f   cl_main.obj
 0001:0000a423       ?CL_Shutdown@@YAX_N@Z      0040b423 f   cl_main.obj
 0001:0000a478       ?CL_Flashlight@@YAXHQAM@Z  0040b478 f   cl_newfx.obj
 0001:0000a4b2       ?CL_ColorFlash@@YAXQAMHHMMM@Z 0040b4b2 f   cl_newfx.obj
 0001:0000a4ee       ?CL_DebugTrail@@YAXQAM0@Z  0040b4ee f   cl_newfx.obj
 0001:0000a5ce       ?CL_ForceWall@@YAXQAM0H@Z  0040b5ce f   cl_newfx.obj
 0001:0000a6f5       ?CL_BubbleTrail2@@YAXQAM0H@Z 0040b6f5 f   cl_newfx.obj
 0001:0000a81d       ?CL_Heatbeam@@YAXQAM0@Z    0040b81d f   cl_newfx.obj
 0001:0000aab0       ?CL_ParticleSteamEffect@@YAXQAM0HHH@Z 0040bab0 f   cl_newfx.obj
 0001:0000abda       ?CL_ParticleSteamEffect2@@YAXPAUcl_sustain_s@@@Z 0040bbda f   cl_newfx.obj
 0001:0000ad11       ?CL_TrackerTrail@@YAXQAM0H@Z 0040bd11 f   cl_newfx.obj
 0001:0000ae61       ?CL_Tracker_Shell@@YAXQAM@Z 0040be61 f   cl_newfx.obj
 0001:0000aeea       ?CL_MonsterPlasma_Shell@@YAXQAM@Z 0040beea f   cl_newfx.obj
 0001:0000af70       ?CL_Widowbeamout@@YAXPAUcl_sustain_s@@@Z 0040bf70 f   cl_newfx.obj
 0001:0000b02c       ?CL_Nukeblast@@YAXPAUcl_sustain_s@@@Z 0040c02c f   cl_newfx.obj
 0001:0000b0e8       ?CL_WidowSplash@@YAXQAM@Z  0040c0e8 f   cl_newfx.obj
 0001:0000b1b0       ?CL_TagTrail@@YAXQAM0H@Z   0040c1b0 f   cl_newfx.obj
 0001:0000b2ab       ?CL_ColorExplosionParticles@@YAXQAMHH@Z 0040c2ab f   cl_newfx.obj
 0001:0000b358       ?CL_ParticleSmokeEffect@@YAXQAM0HHH@Z 0040c358 f   cl_newfx.obj
 0001:0000b480       ?CL_BlasterParticles2@@YAXQAM0I@Z 0040c480 f   cl_newfx.obj
 0001:0000b54d       ?CL_BlasterTrail2@@YAXQAM0@Z 0040c54d f   cl_newfx.obj
 0001:0000b640       ?CL_LoadClientinfo@@YAXPAUclientinfo_t@@PAD@Z 0040c640 f   cl_parse.obj
 0001:0000b927       ?CL_ParseClientinfo@@YAXH@Z 0040c927 f   cl_parse.obj
 0001:0000b94b       ?CL_ParseServerMessage@@YAXXZ 0040c94b f   cl_parse.obj
 0001:0000c112       ?CL_CheckPredictionError@@YAXXZ 0040d112 f   cl_pred.obj
 0001:0000c2b2       ?CL_EntityTrace@@YAXPAUtrace_t@@QBM111H@Z 0040d2b2 f   cl_pred.obj
 0001:0000c66d       ?CL_Trace@@YAXPAUtrace_t@@QBM111H@Z 0040d66d f   cl_pred.obj
 0001:0000c6ef       ?CL_PMpointcontents@@YAHQAM@Z 0040d6ef f   cl_pred.obj
 0001:0000c87a       ?CL_PredictMovement@@YAXXZ 0040d87a f   cl_pred.obj
 0001:0000cc1c       ?DrawString@@YAXHHPBD@Z    0040dc1c f   cl_scrn.obj
 0001:0000cc61       ?SCR_DebugGraph@@YAXMH@Z   0040dc61 f   cl_scrn.obj
 0001:0000cc89       ?SCR_CenterPrint@@YAXPAD@Z 0040dc89 f   cl_scrn.obj
 0001:0000cd8d       ?Key_Message@@YAXH@Z       0040dd8d f   cl_scrn.obj
 0001:0000ce29       ?SCR_SetLevelshot@@YAXPBD@Z 0040de29 f   cl_scrn.obj
 0001:0000cf0d       ?SCR_BeginLoadingPlaque@@YAXXZ 0040df0d f   cl_scrn.obj
 0001:0000cf92       ?SCR_EndLoadingPlaque@@YAX_N@Z 0040df92 f   cl_scrn.obj
 0001:0000d017       ?SCR_ShowConsole@@YAX_N0@Z 0040e017 f   cl_scrn.obj
 0001:0000d0ee       ?SCR_ToggleConsole@@YAXXZ  0040e0ee f   cl_scrn.obj
 0001:0000d116       ?SCR_TouchPics@@YAXXZ      0040e116 f   cl_scrn.obj
 0001:0000d186       ?SCR_UpdateScreen@@YAXXZ   0040e186 f   cl_scrn.obj
 0001:0000e50f       ?SCR_Init@@YAXXZ           0040f50f f   cl_scrn.obj
 0001:0000e865       ?CL_RegisterTEntSounds@@YAXXZ 0040f865 f   cl_tent.obj
 0001:0000eaaa       ?CL_RegisterTEntModels@@YAXXZ 0040faaa f   cl_tent.obj
 0001:0000ebee       ?CL_ClearTEnts@@YAXXZ      0040fbee f   cl_tent.obj
 0001:0000ec22       ?CL_AllocExplosion@@YAPAUexplosion_t@@QAMW4exptype_t@@@Z 0040fc22 f   cl_tent.obj
 0001:0000ecbe       ?CL_AddExplosions@@YAXXZ   0040fcbe f   cl_tent.obj
 0001:0000ee58       ?CL_SmokeAndFlash@@YAXQAM@Z 0040fe58 f   cl_tent.obj
 0001:0000eea0       ?CL_ParseBeam@@YAHPAUmodel_t@@@Z 0040fea0 f   cl_tent.obj
 0001:0000ef7f       ?CL_ParseBeam2@@YAHPAUmodel_t@@@Z 0040ff7f f   cl_tent.obj
 0001:0000f056       ?CL_ParsePlayerBeam@@YAHPAUmodel_t@@@Z 00410056 f   cl_tent.obj
 0001:0000f164       ?CL_ParseLightning@@YAHPAUmodel_t@@@Z 00410164 f   cl_tent.obj
 0001:0000f230       ?CL_ParseLaser@@YAXI@Z     00410230 f   cl_tent.obj
 0001:0000f2ac       ?CL_ParseSteam@@YAXXZ      004102ac f   cl_tent.obj
 0001:0000f3bd       ?CL_ParseWidow@@YAXXZ      004103bd f   cl_tent.obj
 0001:0000f429       ?CL_ParseNuke@@YAXXZ       00410429 f   cl_tent.obj
 0001:0000f493       ?CL_ParseTEnt@@YAXXZ       00410493 f   cl_tent.obj
 0001:000102bf       ?CL_AddBeams@@YAXXZ        004112bf f   cl_tent.obj
 0001:000105fb       ?CL_AddPlayerBeams@@YAXXZ  004115fb f   cl_tent.obj
 0001:00010ceb       ?CL_ProcessSustain@@YAXXZ  00411ceb f   cl_tent.obj
 0001:00010d2c       ?CL_AddTEnts@@YAXXZ        00411d2c f   cl_tent.obj
 0001:00010d40       ?V_AddEntity@@YAXPAUentity_t@@@Z 00411d40 f   cl_view.obj
 0001:00010d6f       ?V_AddLight@@YAXQAMMMMM@Z  00411d6f f   cl_view.obj
 0001:00010db4       ?V_TestParticles@@YAXXZ    00411db4 f   cl_view.obj
 0001:00010e72       ?V_TestEntities@@YAXXZ     00411e72 f   cl_view.obj
 0001:00010f08       ?V_TestLights@@YAXXZ       00411f08 f   cl_view.obj
 0001:00010fd6       ?CL_PrepRefresh@@YAXXZ     00411fd6 f   cl_view.obj
 0001:0001129b       ?CalcFov@@YAMMMM@Z         0041229b f   cl_view.obj
 0001:0001130f       ?V_RenderView@@YA_NM@Z     0041230f f   cl_view.obj
 0001:00011fa8       ?V_Init@@YAXXZ             00412fa8 f   cl_view.obj
 0001:00012058       ?Con_ClearNotify@@YAXXZ    00413058 f   console.obj
 0001:00012067       ?Con_CheckResize@@YAXXZ    00413067 f   console.obj
 0001:0001218e       ?Con_Print@@YAXPBD@Z       0041318e f   console.obj
 0001:00012486       ?Con_DrawNotify@@YAX_N@Z   00413486 f   console.obj
 0001:000125a0       ?Con_DrawConsole@@YAXM@Z   004135a0 f   console.obj
 0001:0001297a       ?Con_ClearTyping@@YAXXZ    0041397a f   console.obj
 0001:00012993       ?Key_Console@@YAXHH@Z      00413993 f   console.obj
 0001:00012ddb       ?Con_Init@@YAXXZ           00413ddb f   console.obj
 0001:00012f57       ?Key_KeynumToString@@YAPBDH@Z 00413f57 f   keys.obj
 0001:00013017       ?Draw@completeMenu_t@@UAEXXZ 00414017 f i keys.obj
 0001:00013049       ?KeyDown@completeMenu_t@@UAEPBDH@Z 00414049 f i keys.obj
 0001:00013072       ?Init@completeMenu_t@@UAE_NXZ 00414072 f i keys.obj
 0001:00013199       ?CompleteMenuCallback@completeMenu_t@@SAXPAX@Z 00414199 f i keys.obj
 0001:00013227       ?CompleteCommand@@YAXXZ    00414227 f   keys.obj
 0001:0001395e       ?Key_SetBinding@@YAXHPBD@Z 0041495e f   keys.obj
 0001:0001399c       ?Key_FindBinding@@YAHPBDPAHH@Z 0041499c f   keys.obj
 0001:000139ea       ?Key_WriteBindings@@YAXPAU_iobuf@@@Z 004149ea f   keys.obj
 0001:00013a32       ?Key_Init@@YAXXZ           00414a32 f   keys.obj
 0001:00013d16       ?Key_Event@@YAXH_NI@Z      00414d16 f   keys.obj
 0001:00014064       ?Key_ClearStates@@YAXXZ    00415064 f   keys.obj
 0001:0001409b       ?M_ForceMenuOn@@YAXXZ      0041509b f   menu.obj
 0001:000140ba       ?Draw@menuMain_t@@UAEXXZ   004150ba f i menu.obj
 0001:0001420e       ?KeyDown@menuMain_t@@UAEPBDH@Z 0041520e f i menu.obj
 0001:000142ca       ?Init@menuMain_t@@UAE_NXZ  004152ca f i menu.obj
 0001:000142d2       ?M_Menu_Main_f@@YAXXZ      004152d2 f   menu.obj
 0001:000142ec       ?Init@multiplayerMenu_t@@UAE_NXZ 004152ec f i menu.obj
 0001:00014410       ?Init@keysMenu_t@@UAE_NXZ  00415410 f i menu.obj
 0001:000145f5       ?KeyCursorDrawFunc@keysMenu_t@@SAXPAUmenuFramework_t@@@Z 004155f5 f i menu.obj
 0001:00014636       ?DrawKeyBindingFunc@keysMenu_t@@SAXPAX@Z 00415636 f i menu.obj
 0001:000146fd       ?KeyDown@keysMenu_t@@UAEPBDH@Z 004156fd f i menu.obj
 0001:000147aa       ?UnbindCommand@keysMenu_t@@QAEXPAD@Z 004157aa f i menu.obj
 0001:000147ef       ?KeyBindingFunc@keysMenu_t@@QAEXPAX@Z 004157ef f i menu.obj
 0001:0001484e       ?Init@optionsMenu_t@@UAE_NXZ 0041584e f i menu.obj
 0001:00014cac       ?CrosshairFunc@optionsMenu_t@@SAXPAX@Z 00415cac f i menu.obj
 0001:00014cd4       ?JoystickFunc@optionsMenu_t@@SAXPAX@Z 00415cd4 f i menu.obj
 0001:00014ce9       ?AlwaysRunFunc@optionsMenu_t@@SAXPAX@Z 00415ce9 f i menu.obj
 0001:00014cfe       ?FreeLookFunc@optionsMenu_t@@SAXPAX@Z 00415cfe f i menu.obj
 0001:00014d13       ?MouseSpeedFunc@optionsMenu_t@@SAXPAX@Z 00415d13 f i menu.obj
 0001:00014d30       ?InvertMouseFunc@optionsMenu_t@@SAXPAX@Z 00415d30 f i menu.obj
 0001:00014d4b       ?LookspringFunc@optionsMenu_t@@SAXPAX@Z 00415d4b f i menu.obj
 0001:00014d67       ?LookstrafeFunc@optionsMenu_t@@SAXPAX@Z 00415d67 f i menu.obj
 0001:00014d83       ?UpdateVolumeFunc@optionsMenu_t@@SAXPAX@Z 00415d83 f i menu.obj
 0001:00014da0       ?UpdateCDVolumeFunc@optionsMenu_t@@SAXPAX@Z 00415da0 f i menu.obj
 0001:00014dba       ?SetMenuItemValues@optionsMenu_t@@SAXXZ 00415dba f i menu.obj
 0001:00014f98       ?ResetDefaultsFunc@optionsMenu_t@@SAXPAX@Z 00415f98 f i menu.obj
 0001:00014fad       ?UpdateSoundFunc@optionsMenu_t@@SAXPAX@Z 00415fad f i menu.obj
 0001:000151b3       ?ScanCrosshairs@optionsMenu_t@@SAXXZ 004161b3 f i menu.obj
 0001:00015210       ?Draw@optionsMenu_t@@UAEXXZ 00416210 f i menu.obj
 0001:000152a0       ?Draw@creditsMenu_t@@UAEXXZ 004162a0 f i menu.obj
 0001:00015348       ?KeyDown@creditsMenu_t@@UAEPBDH@Z 00416348 f i menu.obj
 0001:00015383       ?Init@creditsMenu_t@@UAE_NXZ 00416383 f i menu.obj
 0001:0001544b       ?Init@gameMenu_t@@UAE_NXZ  0041644b f i menu.obj
 0001:000155d6       ?EasyGameFunc@gameMenu_t@@SAXPAX@Z 004165d6 f i menu.obj
 0001:000155e2       ?StartGame@gameMenu_t@@SAXPBD@Z 004165e2 f i menu.obj
 0001:00015635       ?MediumGameFunc@gameMenu_t@@SAXPAX@Z 00416635 f i menu.obj
 0001:00015641       ?HardGameFunc@gameMenu_t@@SAXPAX@Z 00416641 f i menu.obj
 0001:0001565d       ?Init@savegameMenu_t@@UAE_NXZ 0041665d f i menu.obj
 0001:00015755       ?Create_Savestrings@savegameMenu_t@@QAEXXZ 00416755 f i menu.obj
 0001:00015813       ?LoadGameCallback@savegameMenu_t@@SAXPAX@Z 00416813 f i menu.obj
 0001:0001583c       ?SaveGameCallback@savegameMenu_t@@SAXPAX@Z 0041683c f i menu.obj
 0001:0001585b       ?Draw@savegameMenu_t@@UAEXXZ 0041685b f i menu.obj
 0001:00015876       ?DrawSavegameShot@savegameMenu_t@@QAEXHH@Z 00416876 f i menu.obj
 0001:00015951       ?Init@joinserverMenu_t@@UAE_NXZ 00416951 f i menu.obj
 0001:00015a7a       ?JoinServerFunc@joinserverMenu_t@@SAXPAX@Z 00416a7a f i menu.obj
 0001:00015adc       ?SearchLocalGames@joinserverMenu_t@@SAXXZ 00416adc f i menu.obj
 0001:00015b48       ?M_AddToServerList@@YAXUnetadr_t@@PAD@Z 00416b48 f   menu.obj
 0001:00015bcb       ?Init@startserverMenu_t@@UAE_NXZ 00416bcb f i menu.obj
 0001:0001606d       ?DMOptionsFunc@startserverMenu_t@@SAXPAX@Z 0041706d f i menu.obj
 0001:0001607d       ?RulesChangeFunc@startserverMenu_t@@SAXPAX@Z 0041707d f i menu.obj
 0001:000160f7       ?StartServerActionFunc@startserverMenu_t@@SAXPAX@Z 004170f7 f i menu.obj
 0001:00016122       ?StartServerFunc@startserverMenu_t@@SAXPAD@Z 00417122 f i menu.obj
 0001:00016386       ?KeyDown@startserverMenu_t@@UAEPBDH@Z 00417386 f i menu.obj
 0001:000163e3       ?Init@dmoptionsMenu_t@@UAE_NXZ 004173e3 f i menu.obj
 0001:000169c2       ?DMFlagCallback@dmoptionsMenu_t@@SAXPAX@Z 004179c2 f i menu.obj
 0001:00016b9d       ?Init@downloadOptionsMenu_t@@UAE_NXZ 00417b9d f i menu.obj
 0001:00016d68       ?DownloadCallback@downloadOptionsMenu_t@@SAXPAX@Z 00417d68 f i menu.obj
 0001:00016dd3       ?Init@addressBookMenu_t@@UAE_NXZ 00417dd3 f i menu.obj
 0001:00016e7b       ?KeyDown@addressBookMenu_t@@UAEPBDH@Z 00417e7b f i menu.obj
 0001:00016ed8       ?Init@playerConfigMenu_t@@UAE_NXZ 00417ed8 f i menu.obj
 0001:0001742f       ?HandednessCallback@playerConfigMenu_t@@SAXPAX@Z 0041842f f i menu.obj
 0001:00017444       ?RTypeCallback@playerConfigMenu_t@@SAXPAX@Z 00418444 f i menu.obj
 0001:00017459       ?RColorCallback@playerConfigMenu_t@@SAXPAX@Z 00418459 f i menu.obj
 0001:0001746e       ?RateCallback@playerConfigMenu_t@@SAXPAX@Z 0041846e f i menu.obj
 0001:00017491       ?ModelCallback@playerConfigMenu_t@@SAXPAX@Z 00418491 f i menu.obj
 0001:000174be       ?PlayerConfig_ScanDirectories@playerConfigMenu_t@@SA_NXZ 004184be f i menu.obj
 0001:0001763d       ?IsValidSkin@playerConfigMenu_t@@SA_NPADPAVCStringItem@@@Z 0041863d f i menu.obj
 0001:000176fb       ?Draw@playerConfigMenu_t@@UAEXXZ 004186fb f i menu.obj
 0001:000179ad       ?KeyDown@playerConfigMenu_t@@UAEPBDH@Z 004189ad f i menu.obj
 0001:00017a9f       ?Init@dmbrowseMenu_t@@UAE_NXZ 00418a9f f i menu.obj
 0001:00017ca7       ?KeyDown@dmbrowseMenu_t@@UAEPBDH@Z 00418ca7 f i menu.obj
 0001:00017e66       ?Draw@dmbrowseMenu_t@@UAEXXZ 00418e66 f i menu.obj
 0001:00017fad       ?DrawThumbnail@dmbrowseMenu_t@@SAXHHHHPAD_N@Z 00418fad f i menu.obj
 0001:00018096       ?Init@videoMenu_t@@UAE_NXZ 00419096 f i menu.obj
 0001:0001864f       ?ScreenSizeCallback@videoMenu_t@@SAXPAX@Z 0041964f f i menu.obj
 0001:0001866d       ?BrightnessCallback@videoMenu_t@@SAXPAX@Z 0041966d f i menu.obj
 0001:0001868b       ?ContrastCallback@videoMenu_t@@SAXPAX@Z 0041968b f i menu.obj
 0001:000186c4       ?CancelChanges@videoMenu_t@@SAXPAX@Z 004196c4 f i menu.obj
 0001:000186e5       ?KeyDown@videoMenu_t@@UAEPBDH@Z 004196e5 f i menu.obj
 0001:0001872c       ?ApplyChanges@videoMenu_t@@SAXPAX@Z 0041972c f i menu.obj
 0001:000188e3       ?KeyDown@quitMenu_t@@UAEPBDH@Z 004198e3 f i menu.obj
 0001:0001891b       ?Draw@quitMenu_t@@UAEXXZ   0041991b f i menu.obj
 0001:00018999       ?M_Init@@YAXXZ             00419999 f   menu.obj
 0001:00018b5b       ?Insert@?$TList@VplayerModelInfo_t@@@@QAE_NPAVplayerModelInfo_t@@@Z 00419b5b f i menu.obj
 0001:00018b5b       ?Insert@?$TList@VCStringItem@@@@QAE_NPAVCStringItem@@@Z 00419b5b f i menu.obj
 0001:00018b91       ?ItemAtCursor@menuFramework_t@@QAEPAUmenuCommon_t@@XZ 00419b91 f   qmenu.obj
 0001:00018be5       ?AddItem@menuFramework_t@@QAEXPAUmenuCommon_t@@@Z 00419be5 f   qmenu.obj
 0001:00018ca1       ?AdjustCursor@menuFramework_t@@QAEXH@Z 00419ca1 f   qmenu.obj
 0001:00018e10       ?Center@menuFramework_t@@QAEXXZ 00419e10 f   qmenu.obj
 0001:00018e51       ?Draw@menuFramework_t@@UAEXXZ 00419e51 f   qmenu.obj
 0001:0001942f       ?SelectItem@menuFramework_t@@QAE_NXZ 0041a42f f   qmenu.obj
 0001:0001948d       ?SetStatusBar@menuFramework_t@@QAEXPBD@Z 0041a48d f   qmenu.obj
 0001:00019497       ?SlideItem@menuFramework_t@@QAEXH@Z 0041a497 f   qmenu.obj
 0001:00019a19       ?Push@menuFramework_t@@QAEXXZ 0041aa19 f   qmenu.obj
 0001:00019aa7       ?M_ForceMenuOff@@YAXXZ     0041aaa7 f   qmenu.obj
 0001:00019aca       ?Pop@menuFramework_t@@QAEXXZ 0041aaca f   qmenu.obj
 0001:00019b04       ?KeyDown@menuFramework_t@@UAEPBDH@Z 0041ab04 f   qmenu.obj
 0001:00019d73       ?Init@menuFramework_t@@UAE_NXZ 0041ad73 f   qmenu.obj
 0001:00019d76       ?M_Draw@@YAXXZ             0041ad76 f   qmenu.obj
 0001:00019db2       ?M_Keydown@@YAXH@Z         0041adb2 f   qmenu.obj
 0001:00019dd1       ?InitRendererVars@@YAXXZ   0041add1 f   ref_vars.obj
 0001:00019df0       ?S_SoundInfo_f@@YAXXZ      0041adf0 f   snd_dma.obj
 0001:00019e7a       ?S_ReadModelsSex@@YAXXZ    0041ae7a f   snd_dma.obj
 0001:00019f5f       ?S_IsFemale@@YA_NPBD@Z     0041af5f f   snd_dma.obj
 0001:00019fb3       ?S_Init@@YAXXZ             0041afb3 f   snd_dma.obj
 0001:0001a089       ?S_Shutdown@@YAXXZ         0041b089 f   snd_dma.obj
 0001:0001a11c       ?S_BeginRegistration@@YAXXZ 0041b11c f   snd_dma.obj
 0001:0001a12a       ?S_RegisterSound@@YAPAUsfx_t@@PBD@Z 0041b12a f   snd_dma.obj
 0001:0001a2c3       ?S_EndRegistration@@YAXXZ  0041b2c3 f   snd_dma.obj
 0001:0001a35b       ?S_PickChannel@@YAPAUchannel_t@@HH@Z 0041b35b f   snd_dma.obj
 0001:0001a3e8       ?S_Spatialize@@YAXPAUchannel_t@@@Z 0041b3e8 f   snd_dma.obj
 0001:0001a580       ?S_AllocPlaysound@@YAPAUplaysound_s@@XZ 0041b580 f   snd_dma.obj
 0001:0001a5a2       ?S_FreePlaysound@@YAXPAUplaysound_s@@@Z 0041b5a2 f   snd_dma.obj
 0001:0001a5d2       ?S_IssuePlaysound@@YAXPAUplaysound_s@@@Z 0041b5d2 f   snd_dma.obj
 0001:0001a69f       ?S_StartSound@@YAXQBMHHPAUsfx_t@@MMM@Z 0041b69f f   snd_dma.obj
 0001:0001aa16       ?S_StartLocalSound@@YAXPBD@Z 0041ba16 f   snd_dma.obj
 0001:0001aa65       ?S_ClearBuffer@@YAXXZ      0041ba65 f   snd_dma.obj
 0001:0001aace       ?S_StopAllSounds_f@@YAXXZ  0041bace f   snd_dma.obj
 0001:0001ab3e       ?S_AddLoopSounds@@YAXXZ    0041bb3e f   snd_dma.obj
 0001:0001ad14       ?S_RawSamples@@YAXHHHHPAE@Z 0041bd14 f   snd_dma.obj
 0001:0001af18       ?S_Update@@YAXQBM000@Z     0041bf18 f   snd_dma.obj
 0001:0001b012       ?GetSoundtime@@YAXXZ       0041c012 f   snd_dma.obj
 0001:0001b079       ?S_Update_@@YAXXZ          0041c079 f   snd_dma.obj
 0001:0001b32c       ?ResampleSfx@@YAXPAUsfx_t@@HHPAE@Z 0041c32c f   snd_mem.obj
 0001:0001b447       ?S_LoadSound@@YAPAUsfxcache_t@@PAUsfx_t@@@Z 0041c447 f   snd_mem.obj
 0001:0001b57f       ?GetWavinfo@@YA?AUwavinfo_t@@PADPAEH@Z 0041c57f f   snd_mem.obj
 0001:0001b7c1       ?S_WriteLinearBlastStereo16@@YAXXZ 0041c7c1 f   snd_mix.obj
 0001:0001b835       ?S_TransferStereo16@@YAXPAKH@Z 0041c835 f   snd_mix.obj
 0001:0001b89e       ?S_TransferPaintBuffer@@YAXH@Z 0041c89e f   snd_mix.obj
 0001:0001ba02       ?S_PaintChannels@@YAXH@Z   0041ca02 f   snd_mix.obj
 0001:0001bc9e       ?S_InitScaletable@@YAXXZ   0041cc9e f   snd_mix.obj
 0001:0001be5f       ?SV_WipeSavegame@@YAXPAD@Z 0041ce5f f   sv_ccmds.obj
 0001:0001be8d       ?SV_CopySaveGame@@YAXPAD0@Z 0041ce8d f   sv_ccmds.obj
 0001:0001bee2       ?SV_WriteLevelFile@@YAXXZ  0041cee2 f   sv_ccmds.obj
 0001:0001bf90       ?SV_ReadLevelFile@@YAXXZ   0041cf90 f   sv_ccmds.obj
 0001:0001c03e       ?SV_WriteServerFile@@YAX_NPAD@Z 0041d03e f   sv_ccmds.obj
 0001:0001c27b       ?SV_ReadServerFile@@YAXXZ  0041d27b f   sv_ccmds.obj
 0001:0001c3a0       ?SV_AddressBanned@@YA_NPAUnetadr_t@@@Z 0041d3a0 f   sv_ccmds.obj
 0001:0001c3e1       ?SV_InitOperatorCommands@@YAXXZ 0041d3e1 f   sv_ccmds.obj
 0001:0001d3df       ?SV_WriteFrameToClient@@YAXPAUclient_s@@PAVsizebuf_t@@@Z 0041e3df f   sv_ents.obj
 0001:0001d5cb       ?SV_FatPVS@@YAXQAM@Z       0041e5cb f   sv_ents.obj
 0001:0001d6e9       ?SV_BuildClientFrame@@YAXPAUclient_s@@@Z 0041e6e9 f   sv_ents.obj
 0001:0001d9fe       ?SV_RecordDemoMessage@@YAXXZ 0041e9fe f   sv_ents.obj
 0001:0001e52d       ?SV_InitGameLibrary@@YAX_N@Z 0041f52d f   sv_game.obj
 0001:0001e673       ?SV_ShutdownGameLibrary@@YAXXZ 0041f673 f   sv_game.obj
 0001:0001e7d0       ?SV_FindIndex@@YAHPADHH_N@Z 0041f7d0 f   sv_init.obj
 0001:0001e8dd       ?SV_ModelIndex@@YAHPAD@Z   0041f8dd f   sv_init.obj
 0001:0001e8f3       ?SV_SoundIndex@@YAHPAD@Z   0041f8f3 f   sv_init.obj
 0001:0001e90c       ?SV_ImageIndex@@YAHPAD@Z   0041f90c f   sv_init.obj
 0001:0001e925       ?SV_CreateBaseline@@YAXXZ  0041f925 f   sv_init.obj
 0001:0001e983       ?SV_CheckForSavegame@@YAXXZ 0041f983 f   sv_init.obj
 0001:0001ea0b       ?SV_SpawnServer@@YAXPAD0W4server_state_t@@_N2@Z 0041fa0b f   sv_init.obj
 0001:0001ecd9       ?SV_InitGame@@YAXXZ        0041fcd9 f   sv_init.obj
 0001:0001ef23       ?SV_Map@@YAX_NPBD0@Z       0041ff23 f   sv_init.obj
 0001:0001f0ec       ?SV_DropClient@@YAXPAUclient_s@@PAD@Z 004200ec f   sv_main.obj
 0001:0001f19d       ?SV_StatusString@@YAPADXZ  0042019d f   sv_main.obj
 0001:0001f9d4       ?SV_ConnectionlessPacket@@YAXXZ 004209d4 f   sv_main.obj
 0001:0001fa9f       ?SV_CalcPings@@YAXXZ       00420a9f f   sv_main.obj
 0001:0001fb26       ?SV_GiveMsec@@YAXXZ        00420b26 f   sv_main.obj
 0001:0001fb65       ?SV_ReadPackets@@YAXXZ     00420b65 f   sv_main.obj
 0001:0001fcb0       ?SV_CheckTimeouts@@YAXXZ   00420cb0 f   sv_main.obj
 0001:0001fdc1       ?SV_PostprocessFrame@@YAXXZ 00420dc1 f   sv_main.obj
 0001:00020298       ?SV_MulticastHook@@YAPAVsizebuf_t@@PAV1@0@Z 00421298 f   sv_main.obj
 0001:00020689       ?SV_TraceHook@@YA?AUtrace_t@@QAM000PAUedict_s@@H@Z 00421689 f   sv_main.obj
 0001:00020804       ?SV_Frame@@YAXM@Z          00421804 f   sv_main.obj
 0001:00020ab8       ?SV_UserinfoChanged@@YAXPAUclient_s@@@Z 00421ab8 f   sv_main.obj
 0001:00020b7c       ?SV_Init@@YAXXZ            00421b7c f   sv_main.obj
 0001:00020bf2       ?SV_Shutdown@@YAXPBD_N@Z   00421bf2 f   sv_main.obj
 0001:00020dfb       ?SV_BeginRedirect@@YAXXZ   00421dfb f   sv_send.obj
 0001:00020ea5       ?SV_ClientPrintf@@YAXPAUclient_s@@HPBDZZ 00421ea5 f   sv_send.obj
 0001:00020f00       ?SV_BroadcastPrintf@@YAXHPBDZZ 00421f00 f   sv_send.obj
 0001:00020fd6       ?SV_BroadcastCommand@@YAXPBDZZ 00421fd6 f   sv_send.obj
 0001:0002102b       ?SV_Multicast@@YAXQAMW4multicast_t@@_N@Z 0042202b f   sv_send.obj
 0001:00021269       ?SV_MulticastOld@@YAXQAMW4multicast_t@@@Z 00422269 f   sv_send.obj
 0001:0002127c       ?SV_MulticastNew@@YAXQAMW4multicast_t@@@Z 0042227c f   sv_send.obj
 0001:0002128f       ?SV_StartSound@@YAXQAMPAUedict_s@@HHMMM_N@Z 0042228f f   sv_send.obj
 0001:00021557       ?SV_StartSoundOld@@YAXQAMPAUedict_s@@HHMMM@Z 00422557 f   sv_send.obj
 0001:00021587       ?SV_StartSoundNew@@YAXQAMPAUedict_s@@HHMMM@Z 00422587 f   sv_send.obj
 0001:000215b7       ?SV_SendClientDatagram@@YA_NPAUclient_s@@@Z 004225b7 f   sv_send.obj
 0001:00021684       ?SV_DemoCompleted@@YAXXZ   00422684 f   sv_send.obj
 0001:000216a0       ?SV_RateDrop@@YA_NPAUclient_s@@@Z 004226a0 f   sv_send.obj
 0001:000216ea       ?SV_SendClientMessages@@YAXXZ 004226ea f   sv_send.obj
 0001:00021831       ?SV_TokenizeString@@YAXPBD@Z 00422831 f   sv_tokenize.obj
 0001:00021908       ?SV_Argc@@YAHXZ            00422908 f   sv_tokenize.obj
 0001:0002190e       ?SV_Argv@@YAPADH@Z         0042290e f   sv_tokenize.obj
 0001:00021928       ?SV_Args@@YAPADXZ          00422928 f   sv_tokenize.obj
 0001:00022178       ?SV_Nextserver@@YAXXZ      00423178 f   sv_user.obj
 0001:00022207       ?SV_ExecuteUserCommand@@YAXPAD@Z 00423207 f   sv_user.obj
 0001:000222c9       ?SV_ClientThink@@YAXPAUclient_s@@PAUusercmd_t@@@Z 004232c9 f   sv_user.obj
 0001:0002230c       ?SV_ExecuteClientMessage@@YAXPAUclient_s@@@Z 0042330c f   sv_user.obj
 0001:0002252a       ?SV_ClearWorld@@YAXXZ      0042352a f   sv_world.obj
 0001:00022682       ?SV_UnlinkEdict@@YAXPAUedict_s@@@Z 00423682 f   sv_world.obj
 0001:00022745       ?SV_LinkEdict@@YAXPAUedict_s@@@Z 00423745 f   sv_world.obj
 0001:00022d9d       ?SV_AreaEdicts@@YAHQBM0PAPAUedict_s@@HH@Z 00423d9d f   sv_world.obj
 0001:00022f4e       ?SV_PointContents@@YAHQBM@Z 00423f4e f   sv_world.obj
 0001:00023074       ?SV_ClipMoveToEntities@@YAXPAUtrace_t@@QBM111PAUedict_s@@H@Z 00424074 f   sv_world.obj
 0001:00023453       ?SV_Trace@@YAXPAUtrace_t@@QBM111PAUedict_s@@H@Z 00424453 f   sv_world.obj
 0001:0002350d       ?InitByteDirs@@YAXXZ       0042450d f   anorms.obj
 0001:0002354c       ?Cbuf_AddText@@YAXPBD@Z    0042454c f   cmd.obj
 0001:000235ae       ?Cbuf_CopyToDefer@@YAXXZ   004245ae f   cmd.obj
 0001:000235f6       ?Cbuf_InsertFromDefer@@YAXXZ 004245f6 f   cmd.obj
 0001:000236af       ?Cbuf_Execute@@YAXXZ       004246af f   cmd.obj
 0001:000237b5       ?Cmd_Unalias_f@@YAX_NHPAPAD@Z 004247b5 f   cmd.obj
 0001:0002382b       ?Cmd_WriteAliases@@YAXPAU_iobuf@@@Z 0042482b f   cmd.obj
 0001:0002385c       ?RegisterCommand@@YA_NPBDP6AXXZH@Z 0042485c f   cmd.obj
 0001:00023915       ?UnregisterCommand@@YA_NPBD@Z 00424915 f   cmd.obj
 0001:000239a6       ?Cmd_ExecuteString@@YA_NPBD@Z 004249a6 f   cmd.obj
 0001:00023ddf       ?ExecuteCommand@@YA_NPBDPBUCSimpleCommand@@H@Z 00424ddf f   cmd.obj
 0001:00023ea6       ?Cmd_Init@@YAXXZ           00424ea6 f   cmd.obj
 0001:000241f8       ?CM_LoadMap@@YAPAUcmodel_t@@PBD_NPAI@Z 004251f8 f   cmodel.obj
 0001:0002492c       ?PlaneTypeForNormal@@YAHQBM@Z 0042592c f i cmodel.obj
 0001:00024ae4       ?CM_InlineModel@@YAPAUcmodel_t@@PBD@Z 00425ae4 f   cmodel.obj
 0001:00024b25       ?CM_NumClusters@@YAHXZ     00425b25 f   cmodel.obj
 0001:00024b2b       ?CM_NumInlineModels@@YAHXZ 00425b2b f   cmodel.obj
 0001:00024b31       ?CM_EntityString@@YAPBDXZ  00425b31 f   cmodel.obj
 0001:00024b37       ?CM_LeafContents@@YAHH@Z   00425b37 f   cmodel.obj
 0001:00024b5e       ?CM_LeafCluster@@YAHH@Z    00425b5e f   cmodel.obj
 0001:00024bd4       ?CM_LeafArea@@YAHH@Z       00425bd4 f   cmodel.obj
 0001:00024d9b       ?CM_HeadnodeForBox@@YAHQAM0@Z 00425d9b f   cmodel.obj
 0001:00024e50       ?CM_PointLeafnum@@YAHQBMH@Z 00425e50 f   cmodel.obj
 0001:00024ef2       ?DISTANCE_TO_PLANE@@YAMQBMPBUcplane_t@@@Z 00425ef2 f i cmodel.obj
 0001:00024f3a       ?CM_PointContents@@YAHQBMH@Z 00425f3a f   cmodel.obj
 0001:00024faf       ?CM_TransformedPointContents@@YAHQBMHQAM1@Z 00425faf f   cmodel.obj
 0001:000250e8       ?CM_TransformedPointContents2@@YAHQBMHQAMPAY02M@Z 004260e8 f   cmodel.obj
 0001:000251d9       ?CM_BoxLeafnums@@YAHQBM0PAHH1H@Z 004261d9 f   cmodel.obj
 0001:000252ed       ?BOX_ON_PLANE_SIDE@@YAHQBM0PBUcplane_t@@@Z 004262ed f i cmodel.obj
 0001:00025372       ?CM_BoxTrace@@YAXPAUtrace_t@@QBM111HH@Z 00426372 f   cmodel.obj
 0001:00025d97       ?CM_TransformedBoxTrace@@YAXPAUtrace_t@@QBM111HH11@Z 00426d97 f   cmodel.obj
 0001:00026067       ?CM_TransformedBoxTrace2@@YAXPAUtrace_t@@QBM111HH1PAY02$$CBM@Z 00427067 f   cmodel.obj
 0001:0002627c       ?CM_BrushTrace@@YAHQBM0PAHH@Z 0042727c f   cmodel.obj
 0001:000266a2       ?CM_RefineBrushTrace@@YAHQBM0PAHH@Z 004276a2 f   cmodel.obj
 0001:00026748       ?CM_ClusterPVS@@YAPAEH@Z   00427748 f   cmodel.obj
 0001:0002688c       ?CM_ClusterPHS@@YAPAEH@Z   0042788c f   cmodel.obj
 0001:000269ef       ?CM_SetAreaPortalState@@YAXH_N@Z 004279ef f   cmodel.obj
 0001:00026a14       ?CM_AreasConnected@@YA_NHH@Z 00427a14 f   cmodel.obj
 0001:00026a58       ?CM_WriteAreaBits@@YAHPAEH@Z 00427a58 f   cmodel.obj
 0001:00026afa       ?CM_WritePortalState@@YAXPAU_iobuf@@@Z 00427afa f   cmodel.obj
 0001:00026b14       ?CM_ReadPortalState@@YAXPAU_iobuf@@@Z 00427b14 f   cmodel.obj
 0001:00026b32       ?CM_HeadnodeVisible@@YA_NHPAE@Z 00427b32 f   cmodel.obj
 0001:00026c0d       ?Com_BeginRedirect@@YAXPADHP6AX0@Z@Z 00427c0d f   common.obj
 0001:00026c3a       ?Com_EndRedirect@@YAXXZ    00427c3a f   common.obj
 0001:00026c59       ?Com_Printf@@YAXPBDZZ      00427c59 f   common.obj
 0001:00026e51       ?Com_DPrintf@@YAXPBDZZ     00427e51 f   common.obj
 0001:00026eca       ?DebugPrintf@@YAXPBDZZ     00427eca f   common.obj
 0001:00026f74       ?Com_WPrintf@@YAXPBDZZ     00427f74 f   common.obj
 0001:00026fce       ?Com_Quit@@YAXXZ           00427fce f   common.obj
 0001:00026fee       ?IPWildcard@@YA_NPAUnetadr_t@@PAD@Z 00427fee f   common.obj
 0001:000270c8       ?Com_ServerState@@YA?AW4server_state_t@@XZ 004280c8 f   common.obj
 0001:000270ce       ?Com_SetServerState@@YAXW4server_state_t@@@Z 004280ce f   common.obj
 0001:000270d8       ?frand@@YAMXZ              004280d8 f   common.obj
 0001:000270f0       ?crand@@YAMXZ              004280f0 f   common.obj
 0001:0002710e       ?Info_ValueForKey@@YAPBDPBD0@Z 0042810e f   common.obj
 0001:0002718d       ?Info_SetValueForKey@@YAXPADPBD1@Z 0042818d f   common.obj
 0001:000272f0       ?Info_Print@@YAXPBD@Z      004282f0 f   common.obj
 0001:00027376       ?Com_CheckCmdlineVar@@YA_NPBD@Z 00428376 f   common.obj
 0001:000273cc       ?Com_Init@@YAXPBD@Z        004283cc f   common.obj
 0001:0002779a       ?Com_Frame@@YAXM@Z         0042879a f   common.obj
 0001:00027ae5       ?Com_Shutdown@@YAXXZ       00428ae5 f   common.obj
 0001:00027afe       ?Com_BlockSequenceCRCByte@@YAEPAEHH@Z 00428afe f   crc.obj
 0001:00027bb4       ?Cvar_VariableValue@@YAMPBD@Z 00428bb4 f   cvar.obj
 0001:00027c22       ?Cvar_VariableInt@@YAHPBD@Z 00428c22 f   cvar.obj
 0001:00027c35       ?Cvar_VariableString@@YAPADPBD@Z 00428c35 f   cvar.obj
 0001:00027c4d       ?Cvar_Get@@YAPAUcvar_t@@PBD0H@Z 00428c4d f   cvar.obj
 0001:00027f04       ?Cvar_GetVars@@YAXPBUcvarInfo_t@@H@Z 00428f04 f   cvar.obj
 0001:00027fae       ?Cvar_FullSet@@YAPAUcvar_t@@PBD0I@Z 00428fae f   cvar.obj
 0001:00028008       ?Cvar_SetValue@@YAPAUcvar_t@@PBDM@Z 00429008 f   cvar.obj
 0001:0002822e       ?Cvar_SetInteger@@YAPAUcvar_t@@PBDH@Z 0042922e f   cvar.obj
 0001:00028250       ?Cvar_Set@@YAPAUcvar_t@@PBD0@Z 00429250 f   cvar.obj
 0001:00028265       ?Cvar_ForceSet@@YAPAUcvar_t@@PBD0@Z 00429265 f   cvar.obj
 0001:0002827a       ?Cvar_Clamp@@YAMPAUcvar_t@@MM@Z 0042927a f   cvar.obj
 0001:000282d8       ?Cvar_ClampName@@YAMPBDMM@Z 004292d8 f   cvar.obj
 0001:00028317       ?Cvar_GetLatchedVars@@YAXXZ 00429317 f   cvar.obj
 0001:00028346       ?Cvar_Command@@YA_NHPAPAD@Z 00429346 f   cvar.obj
 0001:000283df       ?IsDefault@cvar_t@@QAE_NXZ 004293df f i cvar.obj
 0001:000283fc       ?Cvar_WriteVariables@@YAXPAU_iobuf@@HHPBD@Z 004293fc f   cvar.obj
 0001:00028484       ?Cvar_Userinfo@@YAPBDXZ    00429484 f   cvar.obj
 0001:000284df       ?Cvar_Serverinfo@@YAPBDXZ  004294df f   cvar.obj
 0001:000284e8       ?Cvar_Cheats@@YAX_N@Z      004294e8 f   cvar.obj
 0001:00028539       ?Cvar_Init@@YAXXZ          00429539 f   cvar.obj
 0001:00028bf8       ?MSG_WriteDeltaEntity@@YAXPAVsizebuf_t@@PBUentity_state_t@@PAU2@_N3@Z 00429bf8 f   entdelta.obj
 0001:0002919b       ?MSG_WriteRemoveEntity@@YAXPAVsizebuf_t@@H@Z 0042a19b f   entdelta.obj
 0001:000291db       ?MSG_ReadEntityBits@@YAHPAVsizebuf_t@@PAIPA_N@Z 0042a1db f   entdelta.obj
 0001:0002924c       ?MSG_ReadDeltaEntity@@YAXPAVsizebuf_t@@PBUentity_state_t@@PAU2@I@Z 0042a24c f   entdelta.obj
 0001:000292cf       ?MSG_WriteDeltaUsercmd@@YAXPAVsizebuf_t@@PBUusercmd_t@@PAU2@@Z 0042a2cf f   entdelta.obj
 0001:0002935e       ?MSG_ReadDeltaUsercmd@@YAXPAVsizebuf_t@@PBUusercmd_t@@PAU2@@Z 0042a35e f   entdelta.obj
 0001:000293e1       ?MSG_WriteDeltaPlayerstate@@YAXPAVsizebuf_t@@PBUplayer_state_t@@PAU2@@Z 0042a3e1 f   entdelta.obj
 0001:000294ea       ?MSG_ReadDeltaPlayerstate@@YAXPAVsizebuf_t@@PBUplayer_state_t@@PAU2@@Z 0042a4ea f   entdelta.obj
 0001:000295be       ?FS_CreatePath@@YAXPBD@Z   0042a5be f   files.obj
 0001:00029624       ?FS_CopyFile@@YAXPBD0@Z    0042a624 f   files.obj
 0001:00029727       ?FS_CopyFiles@@YAXPBD0@Z   0042a727 f   files.obj
 0001:00029800       ?FS_RemoveFiles@@YAXPBD@Z  0042a800 f   files.obj
 0001:00029874       ?FS_FCloseFile@@YAXPAU_iobuf@@@Z 0042a874 f   files.obj
 0001:0002990f       ?FS_FOpenFile@@YAHPBDPAPAU_iobuf@@@Z 0042a90f f   files.obj
 0001:00029e34       ?FS_FileExists@@YA_NPBD@Z  0042ae34 f   files.obj
 0001:0002a051       ?FS_Read@@YAXPAXHPAU_iobuf@@@Z 0042b051 f   files.obj
 0001:0002a2f1       ?FS_LoadFile@@YAPAXPBDPAI@Z 0042b2f1 f   files.obj
 0001:0002a348       ?FS_FreeFile@@YAXPAX@Z     0042b348 f   files.obj
 0001:0002a353       ?FS_Gamedir@@YAPADXZ       0042b353 f   files.obj
 0001:0002a367       ?FS_LoadGameConfig@@YAXXZ  0042b367 f   files.obj
 0001:0002a42c       ?FS_SetGamedir@@YA_NPBD@Z  0042b42c f   files.obj
 0001:0002ab50       ?FS_ListFiles@@YA?AV?$TList@VCStringItem@@@@PBDPAHH@Z 0042bb50 f   files.obj
 0001:0002ae75       ?FS_NextPath@@YAPADPBD@Z   0042be75 f   files.obj
 0001:0002ae99       ?FS_InitFilesystem@@YAXXZ  0042be99 f   files.obj
 0001:0002b849       ?LoadPCX@@YAXPBDPAPAE1PAH2@Z 0042c849 f   images.obj
 0001:0002b993       ?LoadTGA@@YAXPBDPAPAEPAH2@Z 0042c993 f   images.obj
 0001:0002bb8e       ?LoadJPG@@YAXPBDPAPAEPAH2@Z 0042cb8e f   images.obj
 0001:0002be21       ?ImageExists@@YAHPBDH@Z    0042ce21 f   images.obj
 0001:0002bf22       ?WriteTGA@@YA_NPBDPAEHH@Z  0042cf22 f   images.obj
 0001:0002c10c       ?WriteJPG@@YA_NPBDPAEHH_N@Z 0042d10c f   images.obj
 0001:0002c233       ?MD4Init@@YAXPAUMD4_CTX@@@Z 0042d233 f   md4.obj
 0001:0002c25b       ?MD4Update@@YAXPAUMD4_CTX@@PAEI@Z 0042d25b f   md4.obj
 0001:0002c2f9       ?MD4Final@@YAXQAEPAUMD4_CTX@@@Z 0042d2f9 f   md4.obj
 0001:0002c9ea       ?Com_BlockChecksum@@YAIPAXH@Z 0042d9ea f   md4.obj
 0001:0002ca26       ?LoadQ2BspFile@@YAXXZ      0042da26 f   model.obj
 0001:0002cdfe       ?LoadBspFile@@YAPAUbspfile_t@@PBD_NPAI@Z 0042ddfe f   model.obj
 0001:0002cfac       ?ProcessEntstring@@YAPADPAD@Z 0042dfac f   model.obj
 0001:0002de5c       ?Init@sizebuf_t@@QAEXPAXH@Z 0042ee5c f   msg.obj
 0001:0002de77       ?Write@sizebuf_t@@QAEXPBXH@Z 0042ee77 f   msg.obj
 0001:0002dee7       ?MSG_WriteByte@@YAXPAVsizebuf_t@@H@Z 0042eee7 f   msg.obj
 0001:0002dee7       ?MSG_WriteChar@@YAXPAVsizebuf_t@@H@Z 0042eee7 f   msg.obj
 0001:0002def8       ?MSG_WriteShort@@YAXPAVsizebuf_t@@H@Z 0042eef8 f   msg.obj
 0001:0002df09       ?MSG_WriteLong@@YAXPAVsizebuf_t@@H@Z 0042ef09 f   msg.obj
 0001:0002df09       ?MSG_WriteFloat@@YAXPAVsizebuf_t@@M@Z 0042ef09 f   msg.obj
 0001:0002df1a       ?MSG_WriteString@@YAXPAVsizebuf_t@@PBD@Z 0042ef1a f   msg.obj
 0001:0002df44       ?MSG_WritePos@@YAXPAVsizebuf_t@@QAM@Z 0042ef44 f   msg.obj
 0001:0002dfa8       ?MSG_WriteAngle@@YAXPAVsizebuf_t@@M@Z 0042efa8 f   msg.obj
 0001:0002dfd3       ?MSG_WriteAngle16@@YAXPAVsizebuf_t@@M@Z 0042efd3 f   msg.obj
 0001:0002dffe       ?MSG_WriteDir@@YAXPAVsizebuf_t@@QAM@Z 0042effe f   msg.obj
 0001:0002e065       ?MSG_ReadDir@@YAXPAVsizebuf_t@@QAM@Z 0042f065 f   msg.obj
 0001:0002e096       ?MSG_ReadChar@@YAHPAVsizebuf_t@@@Z 0042f096 f   msg.obj
 0001:0002e0b6       ?MSG_ReadByte@@YAHPAVsizebuf_t@@@Z 0042f0b6 f   msg.obj
 0001:0002e0d6       ?MSG_ReadShort@@YAHPAVsizebuf_t@@@Z 0042f0d6 f   msg.obj
 0001:0002e0f6       ?MSG_ReadLong@@YAHPAVsizebuf_t@@@Z 0042f0f6 f   msg.obj
 0001:0002e115       ?MSG_ReadString@@YAPADPAVsizebuf_t@@@Z 0042f115 f   msg.obj
 0001:0002e148       ?MSG_ReadPos@@YAXPAVsizebuf_t@@QAM@Z 0042f148 f   msg.obj
 0001:0002e19a       ?MSG_ReadAngle@@YAMPAVsizebuf_t@@@Z 0042f19a f   msg.obj
 0001:0002e1b4       ?MSG_ReadAngle16@@YAMPAVsizebuf_t@@@Z 0042f1b4 f   msg.obj
 0001:0002e1ce       ?MSG_ReadData@@YAXPAVsizebuf_t@@PAXH@Z 0042f1ce f   msg.obj
 0001:0002e1f1       ?Netchan_Init@@YAXXZ       0042f1f1 f   net_chan.obj
 0001:0002e251       ?Netchan_OutOfBand@@YAXW4netsrc_t@@Unetadr_t@@HPAX@Z 0042f251 f   net_chan.obj
 0001:0002e2b1       ?Netchan_OutOfBandPrint@@YAXW4netsrc_t@@Unetadr_t@@PBDZZ 0042f2b1 f   net_chan.obj
 0001:0002e2f6       ?Netchan_Setup@@YAXW4netsrc_t@@PAUnetchan_t@@Unetadr_t@@H@Z 0042f2f6 f   net_chan.obj
 0001:0002e34e       ?Netchan_NeedReliable@@YA_NPAUnetchan_t@@@Z 0042f34e f   net_chan.obj
 0001:0002e378       ?Netchan_Transmit@@YAXPAUnetchan_t@@HPAX@Z 0042f378 f   net_chan.obj
 0001:0002e514       ?Netchan_Process@@YA_NPAUnetchan_t@@PAVsizebuf_t@@@Z 0042f514 f   net_chan.obj
 0001:0002e63d       ?Pmove@@YAXPAUpmove_t@@@Z  0042f63d f   pmove.obj
 0001:000303d7       ?NormalizeColor@@YAMQBMQAM@Z 004313d7 f   q_shared2.obj
 0001:00030438       ?NormalizeColor255@@YAMQBMQAM@Z 00431438 f   q_shared2.obj
 0001:0003049d       ?Q_rsqrt@@YAMM@Z           0043149d f   q_shared2.obj
 0001:000304cd       ?AngleVectors@@YAXQBMQAM11@Z 004314cd f   q_shared2.obj
 0001:0003062e       ?MakeNormalVectors@@YAXQAM00@Z 0043162e f   q_shared2.obj
 0001:00030695       ?SetPlaneSignbits@@YAXPAUcplane_t@@@Z 00431695 f   q_shared2.obj
 0001:000306b8       ?LerpAngle@@YAMMMM@Z       004316b8 f   q_shared2.obj
 0001:000306fb       ?anglemod@@YAMM@Z          004316fb f   q_shared2.obj
 0001:00030727       ?BoxOnPlaneSide@@YAHQBM0PBUcplane_t@@@Z 00431727 f   q_shared2.obj
 0001:0003084a       ?ClearBounds@@YAXQAM0@Z    0043184a f   q_shared2.obj
 0001:00030873       ?AddPointToBounds@@YAXQBMQAM1@Z 00431873 f   q_shared2.obj
 0001:000308ac       ?VectorCompare@@YA_NQBM0@Z 004318ac f   q_shared2.obj
 0001:000308d9       ?VectorNormalize@@YAMQAM@Z 004318d9 f   q_shared2.obj
 0001:00030932       ?VectorNormalize2@@YAMQBMQAM@Z 00431932 f   q_shared2.obj
 0001:0003098d       ?VectorNormalizeFast@@YAMQAM@Z 0043198d f   q_shared2.obj
 0001:000309e0       ?CrossProduct@@YAXQBM0QAM@Z 004319e0 f   q_shared2.obj
 0001:00030a1b       ?VectorLength@@YAMQBM@Z    00431a1b f   q_shared2.obj
 0001:00030a4a       ?VectorDistance@@YAMQBM0@Z 00431a4a f   q_shared2.obj
 0001:00030a7b       ?VectorScale@@YAXQBMMQAM@Z 00431a7b f   q_shared2.obj
 0001:00030a9f       ?AnglesToAxis@@YAXQBMQAY02M@Z 00431a9f f   q_shared2.obj
 0001:00030add       ?ShortSwap@@YAFF@Z         00431add f   q_shared2.obj
 0001:00030af2       ?COM_Parse@@YAPADAAPBD_N@Z 00431af2 f   q_shared2.obj
 0001:00030c16       ?COM_QuoteString@@YAPBDPBD_N@Z 00431c16 f   q_shared2.obj
 0001:00030c71       ?Com_PageInMemory@@YAXPAXH@Z 00431c71 f   q_shared2.obj
 0001:00030c90       ?Zip_OpenArchive@@YAPAU_iobuf@@PAD@Z 00431c90 f   zip.obj
 0001:00030cfb       ?Zip_CloseArchive@@YAXPAU_iobuf@@@Z 00431cfb f   zip.obj
 0001:00030d07       ?Zip_EnumArchive@@YA_NPAU_iobuf@@P6A_NPAUzipFile_t@@@Z@Z 00431d07 f   zip.obj
 0001:00030ee4       ?Zip_OpenFile@@YAPAUZFILE@@PAU_iobuf@@PAUzipFile_t@@@Z 00431ee4 f   zip.obj
 0001:00030fc8       ?Zip_ReadFile@@YAHPAUZFILE@@PAXH@Z 00431fc8 f   zip.obj
 0001:000310be       ?Zip_CloseFile@@YA_NPAUZFILE@@@Z 004320be f   zip.obj
 0001:00031102       ?Zip_OpenBuf@@YAPAUZBUF@@PAXH@Z 00432102 f   zip.obj
 0001:00031140       ?Zip_ReadBuf@@YAHPAUZBUF@@PAXH@Z 00432140 f   zip.obj
 0001:00031188       ?Zip_CloseBuf@@YAXPAUZBUF@@@Z 00432188 f   zip.obj
 0001:0003119d       _zcalloc                   0043219d f   zip.obj
 0001:000311b1       _zcfree                    004321b1 f   zip.obj
 0001:000311bc       ?CDAudio_Play2@@YAXH_N@Z   004321bc f   cd_win.obj
 0001:0003139b       ?CDAudio_Play@@YAXH_N@Z    0043239b f   cd_win.obj
 0001:000313b2       ?CDAudio_Stop@@YAXXZ       004323b2 f   cd_win.obj
 0001:000313f7       ?CDAudio_Pause@@YAXXZ      004323f7 f   cd_win.obj
 0001:00031450       ?CDAudio_Resume@@YAXXZ     00432450 f   cd_win.obj
 0001:000314bf       ?CDAudio_MessageHandler@@YAJPAUHWND__@@IIJ@Z 004324bf f   cd_win.obj
 0001:00031556       ?CDAudio_Update@@YAXXZ     00432556 f   cd_win.obj
 0001:0003158a       ?CDAudio_Init@@YAHXZ       0043258a f   cd_win.obj
 0001:0003193c       ?CDAudio_Shutdown@@YAXXZ   0043293c f   cd_win.obj
 0001:0003196f       ?CDAudio_Activate@@YAX_N@Z 0043296f f   cd_win.obj
 0001:00031980       ?IN_MouseEvent@@YAXH@Z     00432980 f   in_win.obj
 0001:000319ea       ?IN_Commands@@YAXXZ        004329ea f   in_win.obj
 0001:00031b1b       ?IN_Init@@YAXXZ            00432b1b f   in_win.obj
 0001:00031e61       ?IN_Shutdown@@YAXXZ        00432e61 f   in_win.obj
 0001:00031f45       ?IN_Move@@YAXPAUusercmd_t@@@Z 00432f45 f   in_win.obj
 0001:00032435       ?IN_Activate@@YAX_N@Z      00433435 f   in_win.obj
 0001:0003243f       ?IN_Frame@@YAXXZ           0043343f f   in_win.obj
 0001:0003283a       ?NetadrToSockadr@@YAXPAUnetadr_t@@PAUsockaddr@@@Z 0043383a f   net_wins.obj
 0001:000328bf       ?SockadrToNetadr@@YAXPAUsockaddr@@PAUnetadr_t@@@Z 004338bf f   net_wins.obj
 0001:0003290f       ?NET_CompareAdr@@YA_NPAUnetadr_t@@0@Z 0043390f f   net_wins.obj
 0001:00032965       ?NET_CompareBaseAdr@@YA_NPAUnetadr_t@@0@Z 00433965 f   net_wins.obj
 0001:000329b0       ?NET_AdrToString@@YAPADPAUnetadr_t@@@Z 004339b0 f   net_wins.obj
 0001:00032a69       ?NET_StringToAdr@@YA_NPBDPAUnetadr_t@@@Z 00433a69 f   net_wins.obj
 0001:00032cf3       ?NET_IsLocalAddress@@YA_NPAUnetadr_t@@@Z 00433cf3 f   net_wins.obj
 0001:00032cff       ?NET_GetLoopPacket@@YA_NW4netsrc_t@@PAUnetadr_t@@PAVsizebuf_t@@@Z 00433cff f   net_wins.obj
 0001:00032d8a       ?NET_SendLoopPacket@@YAXW4netsrc_t@@HPAXUnetadr_t@@@Z 00433d8a f   net_wins.obj
 0001:00032ddf       ?NET_GetPacket@@YA_NW4netsrc_t@@PAUnetadr_t@@PAVsizebuf_t@@@Z 00433ddf f   net_wins.obj
 0001:00032efc       ?NET_SendPacket@@YAXW4netsrc_t@@HPAXUnetadr_t@@@Z 00433efc f   net_wins.obj
 0001:00032fcd       ?NET_Config@@YAX_N@Z       00433fcd f   net_wins.obj
 0001:00033342       ?NET_Init@@YAXXZ           00434342 f   net_wins.obj
 0001:000333fc       ?Sys_Mkdir@@YAXPAD@Z       004343fc f   fs_win.obj
 0001:00033408       ?Sys_FindFirst@@YAPBDPBDH@Z 00434408 f   fs_win.obj
 0001:000334c2       ?Sys_FindNext@@YAPBDXZ     004344c2 f   fs_win.obj
 0001:0003352c       ?Sys_FindClose@@YAXXZ      0043452c f   fs_win.obj
 0001:00033546       ?SNDDMA_Init@@YA_NXZ       00434546 f   snd_win.obj
 0001:00033b85       ?SNDDMA_GetDMAPos@@YAHXZ   00434b85 f   snd_win.obj
 0001:00033bcf       ?SNDDMA_BeginPainting@@YAXXZ 00434bcf f   snd_win.obj
 0001:00033ce7       ?SNDDMA_Submit@@YAXXZ      00434ce7 f   snd_win.obj
 0001:00033d0c       ?SNDDMA_Shutdown@@YAXXZ    00434d0c f   snd_win.obj
 0001:00033d11       ?S_Activate@@YAX_N@Z       00434d11 f   snd_win.obj
 0001:00033d3c       ?Sys_Quit@@YAXXZ           00434d3c f   sys_win.obj
 0001:00033df4       ?Sys_Init@@YAXXZ           00434df4 f   sys_win.obj
 0001:00033e6c       ?Sys_ConsoleInput@@YAPADXZ 00434e6c f   sys_win.obj
 0001:00034127       ?Sys_ConsoleOutput@@YAXPBD@Z 00435127 f   sys_win.obj
 0001:000341b4       ?Sys_SendKeyEvents@@YAXXZ  004351b4 f   sys_win.obj
 0001:00034276       ?Sys_UnloadGame@@YAXXZ     00435276 f   sys_win.obj
 0001:000342f1       ?Sys_GetGameAPI@@YAPAXPAX@Z 004352f1 f   sys_win.obj
 0001:00034448       _WinMain@16                00435448 f   sys_win.obj
 0001:000346ce       ?Vid_CreateWindow@@YAPAXHH_N@Z 004356ce f   vid_dll.obj
 0001:00034e5f       ?Vid_DestroyWindow@@YAX_N@Z 00435e5f f   vid_dll.obj
 0001:00034e9a       ?Vid_Restart@@YAXXZ        00435e9a f   vid_dll.obj
 0001:00034ea2       ?Vid_GetModeInfo@@YA_NPAH0H@Z 00435ea2 f   vid_dll.obj
 0001:00034ed2       ?Vid_CheckChanges@@YAXXZ   00435ed2 f   vid_dll.obj
 0001:000351ab       ?Vid_Init@@YAXXZ           004361ab f   vid_dll.obj
 0001:0003527c       ?Vid_Shutdown@@YAXXZ       0043627c f   vid_dll.obj
 0001:0003529c       ?GL_BackEnd@@YAXXZ         0043629c f   gl_backend.obj
 0001:0003889c       ?GL_InitBackend@@YAXXZ     0043989c f   gl_backend.obj
 0001:000388d0       ?GL_ShutdownBackend@@YAXXZ 004398d0 f   gl_backend.obj
 0001:000388e4       ?GL_AllocDynamicMemory@@YAPAXH@Z 004398e4 f   gl_buffers.obj
 0001:0003894f       ?GL_ResizeDynamicMemory@@YAXPAXH@Z 0043994f f   gl_buffers.obj
 0001:00038991       ?GL_AddSurfaceToPortal@@YAXPAUsurfaceCommon_t@@PAUshader_t@@HH@Z 00439991 f   gl_buffers.obj
 0001:000389fa       ?GL_AddDynamicSurface@@YAPAUsurfaceCommon_t@@PAUshader_t@@H@Z 004399fa f   gl_buffers.obj
 0001:00038a22       ?GL_InsertShaderIndex@@YAXH@Z 00439a22 f   gl_buffers.obj
 0001:00038a5b       ?GL_ClearPortal@@YAXXZ     00439a5b f   gl_buffers.obj
 0001:00038a79       ?GL_FinishPortal@@YAXXZ    00439a79 f   gl_buffers.obj
 0001:00038aca       ?GL_SortSurfaces@@YAXPAUviewPortal_t@@PAPAUsurfaceInfo_t@@@Z 00439aca f   gl_buffers.obj
 0001:00038c5c       ?GL_ClearBuffers@@YAXXZ    00439c5c f   gl_buffers.obj
 0001:00038c73       ?GL_CreateBuffers@@YAXXZ   00439c73 f   gl_buffers.obj
 0001:00038c99       ?GL_FreeBuffers@@YAXXZ     00439c99 f   gl_buffers.obj
 0001:00038cbd       ?GL_AddEntity@@YAXPAUentity_t@@@Z 00439cbd f   gl_frontend.obj
 0001:00039131       ?GL_AddDlight@@YAXPAUdlight_t@@@Z 0043a131 f   gl_frontend.obj
 0001:000392e9       ?GL_DrawPortal@@YAXXZ      0043a2e9 f   gl_frontend.obj
 0001:0003bdd2       ?GL_TextureMode@@YAXPBD@Z  0043cdd2 f   gl_image.obj
 0001:0003be7a       ?GL_CreateImage@@YAPAUimage_t@@PBDPAXHHI@Z 0043ce7a f   gl_image.obj
 0001:0003cbeb       ?GL_LoadDelayedImages@@YAXXZ 0043dbeb f   gl_image.obj
 0001:0003cc7e       ?GL_DrawStretchRaw8@@YAXHHHHHHPAEPAI@Z 0043dc7e f   gl_image.obj
 0001:0003d03f       ?GL_SetupGamma@@YAXXZ      0043e03f f   gl_image.obj
 0001:0003d184       ?GL_PerformScreenshot@@YAXXZ 0043e184 f   gl_image.obj
 0001:0003d411       ?GL_InitImages@@YAXXZ      0043e411 f   gl_image.obj
 0001:0003dbe5       ?GL_ShutdownImages@@YAXXZ  0043ebe5 f   gl_image.obj
 0001:0003dc4c       ?GL_ShowImages@@YAXXZ      0043ec4c f   gl_image.obj
 0001:0003ded4       ?GL_FindImage@@YAPAUimage_t@@PBDI@Z 0043eed4 f   gl_image.obj
 0001:0003e176       ?GL_Lock@@YAXXZ            0043f176 f   gl_interface.obj
 0001:0003e1ee       ?GL_Unlock@@YAXXZ          0043f1ee f   gl_interface.obj
 0001:0003e3b0       ?GL_Bind@@YAXPAUimage_t@@@Z 0043f3b0 f   gl_interface.obj
 0001:0003e4da       ?GL_BindForce@@YAXPAUimage_t@@@Z 0043f4da f   gl_interface.obj
 0001:0003e558       ?GL_TexEnv@@YAXI@Z         0043f558 f   gl_interface.obj
 0001:0003e6d7       ?GL_TexMipBias@@YAXM@Z     0043f6d7 f   gl_interface.obj
 0001:0003e732       ?GL_TexEnvColor@@YAXPATcolor_t@@@Z 0043f732 f   gl_interface.obj
 0001:0003e7e2       ?GL_SelectTexture@@YAXH@Z  0043f7e2 f   gl_interface.obj
 0001:0003e843       ?GL_TexCoordPointer@@YAXPAX@Z 0043f843 f   gl_interface.obj
 0001:0003e873       ?GL_SetMultitexture@@YAXH@Z 0043f873 f   gl_interface.obj
 0001:0003e959       ?GL_DisableTexCoordArrays@@YAXXZ 0043f959 f   gl_interface.obj
 0001:0003e9ad       ?GL_CullFace@@YAXW4gl_cullMode_t@@@Z 0043f9ad f   gl_interface.obj
 0001:0003e9fe       ?GL_DepthRange@@YAXW4gl_depthMode_t@@@Z 0043f9fe f   gl_interface.obj
 0001:0003ea31       ?GL_State@@YAXI@Z          0043fa31 f   gl_interface.obj
 0001:0003eb8a       ?GL_EnableFog@@YAX_N@Z     0043fb8a f   gl_interface.obj
 0001:0003ec82       ?GL_SetDefaultState@@YAXXZ 0043fc82 f   gl_interface.obj
 0001:0003edd0       ?GL_Set2DMode@@YAXXZ       0043fdd0 f   gl_interface.obj
 0001:0003eecb       ?GL_Setup@@YAXPAUviewPortal_t@@@Z 0043fecb f   gl_interface.obj
 0001:0003efb3       ?GL_ShowLights@@YAXXZ      0043ffb3 f   gl_light.obj
 0001:0003f3d8       ?GL_LightForEntity@@YAXPAUrefEntity_t@@@Z 004403d8 f   gl_light.obj
 0001:0004063e       ?GL_DiffuseLight@@YAXPATcolor_t@@M@Z 0044163e f   gl_light.obj
 0001:000407b6       ?GL_InitLightGrid@@YAXXZ   004417b6 f   gl_light.obj
 0001:0004085c       ?GL_PostLoadLights@@YAXXZ  0044185c f   gl_light.obj
 0001:00040afa       ?LM_Init@@YAXXZ            00441afa f   gl_lightmap.obj
 0001:00040b10       ?LM_Flush@@YAXPAUlightmapBlock_t@@@Z 00441b10 f   gl_lightmap.obj
 0001:00040b6d       ?LM_Done@@YAXXZ            00441b6d f   gl_lightmap.obj
 0001:00040b94       ?LM_Save@@YAXPAUlightmapBlock_t@@@Z 00441b94 f   gl_lightmap.obj
 0001:00040bac       ?LM_Restore@@YAXPAUlightmapBlock_t@@@Z 00441bac f   gl_lightmap.obj
 0001:00040bc4       ?LM_NewBlock@@YAPAUlightmapBlock_t@@XZ 00441bc4 f   gl_lightmap.obj
 0001:00040c34       ?LM_Rewind@@YAXXZ          00441c34 f   gl_lightmap.obj
 0001:00040c3c       ?LM_NextBlock@@YAPAUlightmapBlock_t@@XZ 00441c3c f   gl_lightmap.obj
 0001:00040c69       ?LM_CheckMinlight@@YAXPAUdynamicLightmap_t@@@Z 00441c69 f   gl_lightmap.obj
 0001:00040cff       ?LM_AllocBlock@@YA_NPAUlightmapBlock_t@@PAUdynamicLightmap_t@@@Z 00441cff f   gl_lightmap.obj
 0001:00040db6       ?LM_PutBlock@@YAXPAUdynamicLightmap_t@@@Z 00441db6 f   gl_lightmap.obj
 0001:000411e3       ?LM_SortLightStyles@@YAXPAUdynamicLightmap_t@@@Z 004421e3 f   gl_lightmap.obj
 0001:00041274       ?GL_UpdateDynamicLightmap@@YAXPAUshader_t@@PAUsurfacePlanar_t@@_NI@Z 00442274 f   gl_lightmap.obj
 0001:00041770       ?LM_IsMonotone@@YA_NPAUdynamicLightmap_t@@PATcolor_t@@@Z 00442770 f   gl_lightmap.obj
 0001:00041877       ?GL_EnableRendering@@YAX_N@Z 00442877 f   gl_main.obj
 0001:00041892       ?GL_DrawStretchPic@@YAXPAUshader_t@@HHHHMMMMIE@Z 00442892 f   gl_main.obj
 0001:0004195e       ?DrawTextLeft@@YAXPBDI@Z   0044295e f   gl_main.obj
 0001:00041acc       ?DrawTextRight@@YAXPBDI@Z  00442acc f   gl_main.obj
 0001:00041b16       ?DrawText3D@@YAXQAMPBDI@Z  00442b16 f   gl_main.obj
 0001:00041b43       ?GL_CreateRenderer@@YA_NPAUrefExport_t@@@Z 00442b43 f   gl_main.obj
 0001:00043475       ?GL_InitFuncTables@@YAXXZ  00444475 f   gl_math.obj
 0001:00043626       ?ModelToWorldCoord@@YAXQAMPAUrefEntity_t@@0@Z 00444626 f   gl_math.obj
 0001:00043697       ?WorldToModelCoord@@YAXQAMPAUrefEntity_t@@0@Z 00444697 f   gl_math.obj
 0001:000436de       ?BuildRotationMatrix@@YAXQAY02MQAMM@Z 004446de f   gl_math.obj
 0001:000437d8       ?GetBoxRect@@YA_NPAUrefEntity_t@@QAM11_N@Z 004447d8 f   gl_math.obj
 0001:00043b49       ?ProjectToScreen@@YA_NQAMPAH@Z 00444b49 f   gl_math.obj
 0001:00043c8c       ?SaturateColor3f@@YAXQAM@Z 00444c8c f   gl_math.obj
 0001:00043d7c       ?SaturateColor4b@@YAXPATcolor_t@@@Z 00444d7c f   gl_math.obj
 0001:00043e8a       ?GL_FindModel@@YAPAUmodel_t@@PBD@Z 00444e8a f   gl_model.obj
 0001:00043f8e       ?GL_LoadWorldMap@@YAXPBD@Z 00444f8e f   gl_model.obj
 0001:00045a8c       ?GL_PointInLeaf@@YAPAUnode_t@@QAM@Z 00446a8c f   gl_model.obj
 0001:000465ca       ?ATAN2_FUNC@@YAMMM@Z       004475ca f i gl_model.obj
 0001:00046775       ?GL_FindSkin@@YAPAUshader_t@@PBD@Z 00447775 f   gl_model.obj
 0001:000468d7       ?GL_ResetModels@@YAXXZ     004478d7 f   gl_model.obj
 0001:000469a0       ?GL_InitModels@@YAXXZ      004479a0 f   gl_model.obj
 0001:00046a88       ?GL_ShutdownModels@@YAXXZ  00447a88 f   gl_model.obj
 0001:00046a9e       ?SubdividePlane@@YAHPAPAY02MHM@Z 00447a9e f   gl_poly.obj
 0001:00046ef1       ?FreeSubdividedPlane@@YAXXZ 00447ef1 f   gl_poly.obj
 0001:00046f09       ?GetSubdivideIndexes@@YAXPAH@Z 00447f09 f   gl_poly.obj
 0001:00046f5c       ?RemoveCollinearPoints@@YAHPAPAY02MH@Z 00447f5c f   gl_poly.obj
 0001:00047057       ?GetPolyArea@@YAMPAPAY02MH@Z 00448057 f   gl_poly.obj
 0001:000470eb       ?GL_InitShaders@@YAXXZ     004480eb f   gl_shader.obj
 0001:0004723c       ?GL_ShutdownShaders@@YAXXZ 0044823c f   gl_shader.obj
 0001:00047266       ?GetLightmapImage@@YAPAUimage_t@@H@Z 00448266 f   gl_shader.obj
 0001:0004728e       ?GL_SetShaderLightmap@@YAPAUshader_t@@PAU1@H@Z 0044828e f   gl_shader.obj
 0001:00047663       ?GL_SetShaderLightstyles@@YAPAUshader_t@@PAU1@I@Z 00448663 f   gl_shader.obj
 0001:000476ff       ?GL_GetAlphaShader@@YAPAUshader_t@@PAU1@@Z 004486ff f   gl_shader.obj
 0001:000479c5       ?GL_FindShader@@YAPAUshader_t@@PBDI@Z 004489c5 f   gl_shader.obj
 0001:00047fe6       ?GL_GetShaderByNum@@YAPAUshader_t@@H@Z 00448fe6 f   gl_shader.obj
 0001:00048004       ?GL_ResetShaders@@YAXXZ    00449004 f   gl_shader.obj
 0001:000484d6       ?GL_ClearSkyBox@@YAXXZ     004494d6 f   gl_sky.obj
 0001:000484ed       ?GL_SetSkyRotate@@YAXMQAM@Z 004494ed f   gl_sky.obj
 0001:00048525       ?GL_SkyVisible@@YA_NXZ     00449525 f   gl_sky.obj
 0001:0004853e       ?GL_AddSkySurface@@YAXPAUsurfacePlanar_t@@QAME@Z 0044953e f   gl_sky.obj
 0001:00048b4d       ?GL_TesselateSkySide@@YAHHPAUbufVertex_t@@PAUbufTexCoord_t@@M@Z 00449b4d f   gl_sky.obj
 0001:0004a4a5       ?QGL_Shutdown@@YAXXZ       0044b4a5 f   qgl_win.obj
 0001:0004a4e3       ?QGL_Init@@YA_NPBD@Z       0044b4e3 f   qgl_win.obj
 0001:0004a566       ?QGL_InitExtensions@@YAXXZ 0044b566 f   qgl_win.obj
 0001:0004aa52       ?QGL_PrintExtensionsString@@YAXPBD00@Z 0044ba52 f   qgl_win.obj
 0001:0004ab9f       ?QGL_EnableLogging@@YAX_N@Z 0044bb9f f   qgl_win.obj
 0001:0004ac59       ?QGL_LogMessage@@YAXPBD@Z  0044bc59 f   qgl_win.obj
 0001:0004ac70       ?GLimp_HasGamma@@YA_NXZ    0044bc70 f   glw_imp.obj
 0001:0004ac84       ?GLimp_SetGamma@@YAXM@Z    0044bc84 f   glw_imp.obj
 0001:0004ae2c       ?GLimp_SetMode@@YA_NPAI0H_N@Z 0044be2c f   glw_imp.obj
 0001:0004b299       ?GLimp_Shutdown@@YAX_N@Z   0044c299 f   glw_imp.obj
 0001:0004b346       ?GLimp_SwapBuffers@@YAXXZ  0044c346 f   glw_imp.obj
 0001:0004b3c9       ?GLimp_AppActivate@@YAX_N@Z 0044c3c9 f   glw_imp.obj
 0001:0004b4b0       _jpeg_CreateDecompress     0044c4b0 f   lib:jdapimin.obj
 0001:0004b570       _jpeg_read_header          0044c570 f   lib:jdapimin.obj
 0001:0004b5d2       _jpeg_consume_input        0044c5d2 f   lib:jdapimin.obj
 0001:0004b821       _jpeg_finish_decompress    0044c821 f   lib:jdapimin.obj
 0001:0004b8b8       _jpeg_start_decompress     0044c8b8 f   lib:jdapistd.obj
 0001:0004ba25       _jpeg_read_scanlines       0044ca25 f   lib:jdapistd.obj
 0001:0004baa9       _jpeg_resync_to_restart    0044caa9 f   lib:jdmarker.obj
 0001:0004bc6e       _jinit_marker_reader       0044cc6e f   lib:jdmarker.obj
 0001:0004d139       _jpeg_CreateCompress       0044e139 f   lib:jcapimin.obj
 0001:0004d1ed       _jpeg_destroy_decompress   0044e1ed f   lib:jcapimin.obj
 0001:0004d1ed       _jpeg_destroy_compress     0044e1ed f   lib:jcapimin.obj
 0001:0004d1f8       _jpeg_suppress_tables      0044e1f8 f   lib:jcapimin.obj
 0001:0004d242       _jpeg_finish_compress      0044e242 f   lib:jcapimin.obj
 0001:0004d32c       _jpeg_start_compress       0044e32c f   lib:jcapistd.obj
 0001:0004d398       _jpeg_write_scanlines      0044e398 f   lib:jcapistd.obj
 0001:0004d443       _jpeg_add_quant_table      0044e443 f   lib:jcparam.obj
 0001:0004d4f5       _jpeg_quality_scaling      0044e4f5 f   lib:jcparam.obj
 0001:0004d51c       _jpeg_set_quality          0044e51c f   lib:jcparam.obj
 0001:0004d556       _jpeg_set_defaults         0044e556 f   lib:jcparam.obj
 0001:0004d71c       _jpeg_default_colorspace   0044e71c f   lib:jcparam.obj
 0001:0004d76c       _jpeg_set_colorspace       0044e76c f   lib:jcparam.obj
 0001:0004da87       _jpeg_stdio_dest           0044ea87 f   lib:jdatadst.obj
 0001:0004dc86       _crc32                     0044ec86 f   lib:crc32.obj
 0001:0004df20       _inflateReset              0044ef20 f   lib:inflate.obj
 0001:0004df67       _inflateInit2_             0044ef67 f   lib:inflate.obj
 0001:0004e020       _inflate                   0044f020 f   lib:inflate.obj
 0001:0004f2ef       _inflateEnd                004502ef f   lib:inflate.obj
 0001:0004f32d       _jinit_input_controller    0045032d f   lib:jdinput.obj
 0001:0004f810       _jinit_memory_mgr          00450810 f   lib:jmemmgr.obj
 0001:0005034c       _jpeg_abort                0045134c f   lib:jcomapi.obj
 0001:0005037f       _jpeg_destroy              0045137f f   lib:jcomapi.obj
 0001:0005039a       _jpeg_alloc_quant_table    0045139a f   lib:jcomapi.obj
 0001:000503b6       _jpeg_alloc_huff_table     004513b6 f   lib:jcomapi.obj
 0001:000503d2       _jpeg_calc_output_dimensions 004513d2 f   lib:jdmaster.obj
 0001:000504d2       _jinit_master_decompress   004514d2 f   lib:jdmaster.obj
 0001:00050828       _jdiv_round_up             00451828 f   lib:jutils.obj
 0001:00050838       _jround_up                 00451838 f   lib:jutils.obj
 0001:00050850       _jcopy_sample_rows         00451850 f   lib:jutils.obj
 0001:0005088e       _jcopy_block_row           0045188e f   lib:jutils.obj
 0001:000508a7       _jzero_far                 004518a7 f   lib:jutils.obj
 0001:000508ba       _jinit_marker_writer       004518ba f   lib:jcmarker.obj
 0001:00051196       _jinit_compress_master     00452196 f   lib:jcinit.obj
 0001:000511ef       _inflate_fast              004521ef f   lib:inffast.obj
 0001:000515a4       _inflate_table             004525a4 f   lib:inftrees.obj
 0001:0005192d       _adler32                   0045292d f   lib:adler32.obj
 0001:00051a46       _jinit_c_codec             00452a46 f   lib:jcodec.obj
 0001:00051a62       _jinit_d_codec             00452a62 f   lib:jcodec.obj
 0001:00051a7e       _jpeg_get_small            00452a7e f   lib:jmemnobs.obj
 0001:00051a7e       _jpeg_get_large            00452a7e f   lib:jmemnobs.obj
 0001:00051a8a       _jpeg_free_large           00452a8a f   lib:jmemnobs.obj
 0001:00051a8a       _jpeg_free_small           00452a8a f   lib:jmemnobs.obj
 0001:00051a96       _jpeg_mem_available        00452a96 f   lib:jmemnobs.obj
 0001:00051a9b       _jpeg_open_backing_store   00452a9b f   lib:jmemnobs.obj
 0001:00051aaf       _jinit_d_main_controller   00452aaf f   lib:jdmainct.obj
 0001:000520fa       _jinit_d_post_controller   004530fa f   lib:jdpostct.obj
 0001:000523a5       _jinit_upsampler           004533a5 f   lib:jdsample.obj
 0001:000529e3       _jinit_color_deconverter   004539e3 f   lib:jdcolor.obj
 0001:00052ef9       _jinit_merged_upsampler    00453ef9 f   lib:jdmerge.obj
 0001:00053449       _jinit_2pass_quantizer     00454449 f   lib:jquant2.obj
 0001:0005450c       _jinit_1pass_quantizer     0045550c f   lib:jquant1.obj
 0001:00054f32       _jinit_c_main_controller   00455f32 f   lib:jcmainct.obj
 0001:0005509f       _jinit_c_prep_controller   0045609f f   lib:jcprepct.obj
 0001:000555ea       _jinit_downsampler         004565ea f   lib:jcsample.obj
 0001:00055e6a       _jinit_color_converter     00456e6a f   lib:jccolor.obj
 0001:00056454       _jinit_c_master_control    00457454 f   lib:jcmaster.obj
 0001:00056f43       _jinit_lossy_c_codec       00457f43 f   lib:jclossy.obj
 0001:00056fde       _jinit_lossless_c_codec    00457fde f   lib:jclossls.obj
 0001:00057076       _jinit_lossy_d_codec       00458076 f   lib:jdlossy.obj
 0001:00057349       _jinit_lossless_d_codec    00458349 f   lib:jdlossls.obj
 0001:000573f9       _jinit_c_coef_controller   004583f9 f   lib:jccoefct.obj
 0001:00057ada       _jinit_shuff_encoder       00458ada f   lib:jcshuff.obj
 0001:00058342       _jinit_phuff_encoder       00459342 f   lib:jcphuff.obj
 0001:00058de7       _jinit_forward_dct         00459de7 f   lib:jcdctmgr.obj
 0001:000590b6       _jinit_c_diff_controller   0045a0b6 f   lib:jcdiffct.obj
 0001:000595da       _jinit_lhuff_encoder       0045a5da f   lib:jclhuff.obj
 0001:00059d07       _jinit_differencer         0045ad07 f   lib:jcpred.obj
 0001:0005a221       _jinit_c_scaler            0045b221 f   lib:jcscale.obj
 0001:0005a297       _jinit_d_coef_controller   0045b297 f   lib:jdcoefct.obj
 0001:0005af70       _jinit_shuff_decoder       0045bf70 f   lib:jdshuff.obj
 0001:0005b505       _jinit_phuff_decoder       0045c505 f   lib:jdphuff.obj
 0001:0005c0a2       _jinit_inverse_dct         0045d0a2 f   lib:jddctmgr.obj
 0001:0005c286       _jinit_d_diff_controller   0045d286 f   lib:jddiffct.obj
 0001:0005c7b4       _jinit_d_scaler            0045d7b4 f   lib:jdscale.obj
 0001:0005c8b3       _jinit_undifferencer       0045d8b3 f   lib:jdpred.obj
 0001:0005cc6d       _jinit_lhuff_decoder       0045dc6d f   lib:jdlhuff.obj
 0001:0005d062       _jpeg_make_c_derived_tbl   0045e062 f   lib:jchuff.obj
 0001:0005d264       _jpeg_gen_optimal_table    0045e264 f   lib:jchuff.obj
 0001:0005d423       _jpeg_fdct_float           0045e423 f   lib:jfdctflt.obj
 0001:0005d628       _jpeg_make_d_derived_tbl   0045e628 f   lib:jdhuff.obj
 0001:0005d8c5       _jpeg_fill_bit_buffer      0045e8c5 f   lib:jdhuff.obj
 0001:0005d9d4       _jpeg_huff_decode          0045e9d4 f   lib:jdhuff.obj
 0001:0005dab4       _jpeg_idct_4x4             0045eab4 f   lib:jidctred.obj
 0001:0005dda2       _jpeg_idct_2x2             0045eda2 f   lib:jidctred.obj
 0001:0005df64       _jpeg_idct_1x1             0045ef64 f   lib:jidctred.obj
 0001:0005dfa0       _jpeg_idct_float           0045efa0 f   lib:jidctflt.obj
 0001:0005e380       __except_handler3          0045f380 f   MSVCRT:MSVCRT.dll
 0001:0005e390       __chkstk                   0045f390 f   MSVCRT:chkstk.obj
 0001:0005e390       __alloca_probe             0045f390 f   MSVCRT:chkstk.obj
 0001:0005e3bf       ??_Etype_info@@UAEPAXI@Z   0045f3bf f i MSVCRT:ti_inst.obj
 0001:0005e3bf       ??_Gtype_info@@UAEPAXI@Z   0045f3bf f i MSVCRT:ti_inst.obj
 0001:0005e3dc       __CxxThrowException@8      0045f3dc f   MSVCRT:MSVCRT.dll
 0001:0005e3e2       _strcpy                    0045f3e2 f   MSVCRT:MSVCRT.dll
 0001:0005e3e8       _strlen                    0045f3e8 f   MSVCRT:MSVCRT.dll
 0001:0005e3ee       _strcmp                    0045f3ee f   MSVCRT:MSVCRT.dll
 0001:0005e3f4       _sin                       0045f3f4 f   MSVCRT:MSVCRT.dll
 0001:0005e3fa       _tan                       0045f3fa f   MSVCRT:MSVCRT.dll
 0001:0005e400       _cos                       0045f400 f   MSVCRT:MSVCRT.dll
 0001:0005e406       _strcat                    0045f406 f   MSVCRT:MSVCRT.dll
 0001:0005e40c       _fmod                      0045f40c f   MSVCRT:MSVCRT.dll
 0001:0005e412       _atan2                     0045f412 f   MSVCRT:MSVCRT.dll
 0001:0005e418       _acos                      0045f418 f   MSVCRT:MSVCRT.dll
 0001:0005e41e       _sqrt                      0045f41e f   MSVCRT:MSVCRT.dll
 0001:0005e424       _atan                      0045f424 f   MSVCRT:MSVCRT.dll
 0001:0005e42a       _memcpy                    0045f42a f   MSVCRT:MSVCRT.dll
 0001:0005e430       _memset                    0045f430 f   MSVCRT:MSVCRT.dll
 0001:0005e436       _pow                       0045f436 f   MSVCRT:MSVCRT.dll
 0001:0005e43c       _asin                      0045f43c f   MSVCRT:MSVCRT.dll
 0001:0005e442       _WinMainCRTStartup         0045f442 f   MSVCRT:crtexew.obj
 0001:0005e5a0       __ftol                     0045f5a0 f   MSVCRT:MSVCRT.dll
 0001:0005e5a6       ??1type_info@@UAE@XZ       0045f5a6 f   MSVCRT:MSVCRT.dll
 0001:0005e5ac       __XcptFilter               0045f5ac f   MSVCRT:MSVCRT.dll
 0001:0005e5b2       __initterm                 0045f5b2 f   MSVCRT:MSVCRT.dll
 0001:0005e5b8       __setdefaultprecision      0045f5b8 f   MSVCRT:fp8.obj
 0001:0005e5ca       _jpeg_mem_init             0045f5ca f   MSVCRT:merr.obj
 0001:0005e5ca       __matherr                  0045f5ca f   MSVCRT:merr.obj
 0001:0005e5cd       __setargv                  0045f5cd f   MSVCRT:dllargv.obj
 0001:0005e5cd       _jpeg_mem_term             0045f5cd f   MSVCRT:dllargv.obj
 0001:0005e5ce       __controlfp                0045f5ce f   MSVCRT:MSVCRT.dll
 0002:00000000       __imp__SetDeviceGammaRamp@8 00460000     gdi32:GDI32.dll
 0002:00000004       __imp__GetDeviceGammaRamp@8 00460004     gdi32:GDI32.dll
 0002:00000008       __imp__DescribePixelFormat@16 00460008     gdi32:GDI32.dll
 0002:0000000c       __imp__SetPixelFormat@12   0046000c     gdi32:GDI32.dll
 0002:00000010       __imp__ChoosePixelFormat@8 00460010     gdi32:GDI32.dll
 0002:00000014       __imp__SwapBuffers@4       00460014     gdi32:GDI32.dll
 0002:00000018       __imp__GetDeviceCaps@8     00460018     gdi32:GDI32.dll
 0002:0000001c       \177GDI32_NULL_THUNK_DATA  0046001c     gdi32:GDI32.dll
 0002:00000020       __imp__GetDriveTypeA@4     00460020     kernel32:KERNEL32.dll
 0002:00000024       __imp__SetErrorMode@4      00460024     kernel32:KERNEL32.dll
 0002:00000028       __imp__GetStdHandle@4      00460028     kernel32:KERNEL32.dll
 0002:0000002c       __imp__AllocConsole@0      0046002c     kernel32:KERNEL32.dll
 0002:00000030       __imp__ReadConsoleInputA@16 00460030     kernel32:KERNEL32.dll
 0002:00000034       __imp__GetNumberOfConsoleInputEvents@8 00460034     kernel32:KERNEL32.dll
 0002:00000038       __imp__FreeConsole@0       00460038     kernel32:KERNEL32.dll
 0002:0000003c       __imp__SetConsoleTextAttribute@8 0046003c     kernel32:KERNEL32.dll
 0002:00000040       __imp__SetPriorityClass@8  00460040     kernel32:KERNEL32.dll
 0002:00000044       __imp__GetCurrentProcess@0 00460044     kernel32:KERNEL32.dll
 0002:00000048       __imp__GetVersionExA@4     00460048     kernel32:KERNEL32.dll
 0002:0000004c       __imp__Sleep@4             0046004c     kernel32:KERNEL32.dll
 0002:00000050       __imp__LoadLibraryA@4      00460050     kernel32:KERNEL32.dll
 0002:00000054       __imp__GetStartupInfoA@4   00460054     kernel32:KERNEL32.dll
 0002:00000058       __imp__GetModuleHandleA@4  00460058     kernel32:KERNEL32.dll
 0002:0000005c       __imp__GetProcAddress@8    0046005c     kernel32:KERNEL32.dll
 0002:00000060       __imp__FreeLibrary@4       00460060     kernel32:KERNEL32.dll
 0002:00000064       __imp__IsBadReadPtr@8      00460064     kernel32:KERNEL32.dll
 0002:00000068       __imp__VirtualQuery@12     00460068     kernel32:KERNEL32.dll
 0002:0000006c       __imp__WriteFile@20        0046006c     kernel32:KERNEL32.dll
 0002:00000070       __imp__GetModuleFileNameA@12 00460070     kernel32:KERNEL32.dll
 0002:00000074       \177KERNEL32_NULL_THUNK_DATA 00460074     kernel32:KERNEL32.dll
 0002:00000078       __imp____p__commode        00460078     MSVCRT:MSVCRT.dll
 0002:0000007c       __imp___adjust_fdiv        0046007c     MSVCRT:MSVCRT.dll
 0002:00000080       __imp____setusermatherr    00460080     MSVCRT:MSVCRT.dll
 0002:00000084       __imp____p__fmode          00460084     MSVCRT:MSVCRT.dll
 0002:00000088       __imp____getmainargs       00460088     MSVCRT:MSVCRT.dll
 0002:0000008c       __imp___acmdln             0046008c     MSVCRT:MSVCRT.dll
 0002:00000090       __imp___XcptFilter         00460090     MSVCRT:MSVCRT.dll
 0002:00000094       __imp___exit               00460094     MSVCRT:MSVCRT.dll
 0002:00000098       __imp_??1type_info@@UAE@XZ 00460098     MSVCRT:MSVCRT.dll
 0002:0000009c       __imp___ftol               0046009c     MSVCRT:MSVCRT.dll
 0002:000000a0       __imp__fflush              004600a0     MSVCRT:MSVCRT.dll
 0002:000000a4       __imp___winmajor           004600a4     MSVCRT:MSVCRT.dll
 0002:000000a8       __imp__asin                004600a8     MSVCRT:MSVCRT.dll
 0002:000000ac       __imp__pow                 004600ac     MSVCRT:MSVCRT.dll
 0002:000000b0       __imp__exit                004600b0     MSVCRT:MSVCRT.dll
 0002:000000b4       __imp___findclose          004600b4     MSVCRT:MSVCRT.dll
 0002:000000b8       __imp___findnext           004600b8     MSVCRT:MSVCRT.dll
 0002:000000bc       __imp___findfirst          004600bc     MSVCRT:MSVCRT.dll
 0002:000000c0       __imp___mkdir              004600c0     MSVCRT:MSVCRT.dll
 0002:000000c4       __imp__memset              004600c4     MSVCRT:MSVCRT.dll
 0002:000000c8       __imp__memcpy              004600c8     MSVCRT:MSVCRT.dll
 0002:000000cc       __imp__remove              004600cc     MSVCRT:MSVCRT.dll
 0002:000000d0       __imp__srand               004600d0     MSVCRT:MSVCRT.dll
 0002:000000d4       __imp__memmove             004600d4     MSVCRT:MSVCRT.dll
 0002:000000d8       __imp__strstr              004600d8     MSVCRT:MSVCRT.dll
 0002:000000dc       __imp__atan                004600dc     MSVCRT:MSVCRT.dll
 0002:000000e0       __imp__strncpy             004600e0     MSVCRT:MSVCRT.dll
 0002:000000e4       __imp__sscanf              004600e4     MSVCRT:MSVCRT.dll
 0002:000000e8       __imp____set_app_type      004600e8     MSVCRT:MSVCRT.dll
 0002:000000ec       __imp___controlfp          004600ec     MSVCRT:MSVCRT.dll
 0002:000000f0       __imp__stricmp             004600f0     MSVCRT:MSVCRT.dll
 0002:000000f0       __imp___stricmp            004600f0     MSVCRT:MSVCRT.dll
 0002:000000f4       __imp__strnicmp            004600f4     MSVCRT:MSVCRT.dll
 0002:000000f4       __imp___strnicmp           004600f4     MSVCRT:MSVCRT.dll
 0002:000000f8       __imp___initterm           004600f8     MSVCRT:MSVCRT.dll
 0002:000000fc       __imp__sqrt                004600fc     MSVCRT:MSVCRT.dll
 0002:00000100       __imp__acos                00460100     MSVCRT:MSVCRT.dll
 0002:00000104       __imp__atan2               00460104     MSVCRT:MSVCRT.dll
 0002:00000108       __imp__fmod                00460108     MSVCRT:MSVCRT.dll
 0002:0000010c       __imp__strcat              0046010c     MSVCRT:MSVCRT.dll
 0002:00000110       __imp__atof                00460110     MSVCRT:MSVCRT.dll
 0002:00000114       __imp__cos                 00460114     MSVCRT:MSVCRT.dll
 0002:00000118       __imp__tan                 00460118     MSVCRT:MSVCRT.dll
 0002:0000011c       __imp__rand                0046011c     MSVCRT:MSVCRT.dll
 0002:00000120       __imp__sin                 00460120     MSVCRT:MSVCRT.dll
 0002:00000124       __imp__atoi                00460124     MSVCRT:MSVCRT.dll
 0002:00000128       __imp__fwrite              00460128     MSVCRT:MSVCRT.dll
 0002:0000012c       __imp__rename              0046012c     MSVCRT:MSVCRT.dll
 0002:00000130       __imp__fseek               00460130     MSVCRT:MSVCRT.dll
[...]
 0001:0005c3bc       _start_input_pass          0045d3bc f   lib:jddiffct.obj
 0001:0005c424       _start_iMCU_row            0045d424 f   lib:jddiffct.obj
 0001:0005c469       _start_output_pass         0045d469 f   lib:jddiffct.obj
 0001:0005c475       _decompress_data           0045d475 f   lib:jddiffct.obj
 0001:0005c5e5       _process_restart           0045d5e5 f   lib:jddiffct.obj
 0001:00035168       _dummy_consume_data        00436168 f   vid_dll.obj
 0001:0005c61a       _consume_data              0045d61a f   lib:jddiffct.obj
 0001:0005c691       _output_data               0045d691 f   lib:jddiffct.obj
 0001:0005c118       _start_pass                0045d118 f   lib:jddctmgr.obj
 0001:0005b56a       _start_pass_phuff_decoder  0045c56a f   lib:jdphuff.obj
 0001:0005b7b3       _decode_mcu_DC_first       0045c7b3 f   lib:jdphuff.obj
 0001:0005b9ab       _process_restart           0045c9ab f   lib:jdphuff.obj
 0001:0005ba1a       _decode_mcu_AC_first       0045ca1a f   lib:jdphuff.obj
 0001:0005bc3a       _decode_mcu_DC_refine      0045cc3a f   lib:jdphuff.obj
 0001:0005bd0f       _decode_mcu_AC_refine      0045cd0f f   lib:jdphuff.obj
 0001:0005afb1       _start_pass_huff_decoder   0045bfb1 f   lib:jdshuff.obj
 0001:0005b0e9       _decode_mcu                0045c0e9 f   lib:jdshuff.obj
 0001:0005b499       _process_restart           0045c499 f   lib:jdshuff.obj
 0001:0005a39a       _start_input_pass          0045b39a f   lib:jdcoefct.obj
 0001:0005a3ad       _start_iMCU_row            0045b3ad f   lib:jdcoefct.obj
 0001:0005a3f2       _start_output_pass         0045b3f2 f   lib:jdcoefct.obj
 0001:0005a42f       _decompress_onepass        0045b42f f   lib:jdcoefct.obj
 0001:00035168       _dummy_consume_data        00436168 f   vid_dll.obj
 0001:0005a608       _consume_data              0045b608 f   lib:jdcoefct.obj
 0001:0005a7c1       _decompress_data           0045b7c1 f   lib:jdcoefct.obj
 0001:0005a92d       _smoothing_ok              0045b92d f   lib:jdcoefct.obj
 0001:0005aa18       _decompress_smooth_data    0045ba18 f   lib:jdcoefct.obj
 0001:0005a233       _scaler_start_pass         0045b233 f   lib:jcscale.obj
 0001:0005a256       _simple_downscale          0045b256 f   lib:jcscale.obj
 0001:0005a282       _noscale                   0045b282 f   lib:jcscale.obj
 0001:00059d2b       _start_pass                0045ad2b f   lib:jcpred.obj
 0001:00059d83       _reset_predictor           0045ad83 f   lib:jcpred.obj
 0001:00059db0       _jpeg_difference_first_row 0045adb0 f   lib:jcpred.obj
 0001:00059e9a       _jpeg_difference1          0045ae9a f   lib:jcpred.obj
 0001:00059f08       _jpeg_difference2          0045af08 f   lib:jcpred.obj
 0001:00059f79       _jpeg_difference3          0045af79 f   lib:jcpred.obj
 0001:00059ff1       _jpeg_difference4          0045aff1 f   lib:jcpred.obj
 0001:0005a07c       _jpeg_difference5          0045b07c f   lib:jcpred.obj
 0001:0005a10f       _jpeg_difference6          0045b10f f   lib:jcpred.obj
 0001:0005a19e       _jpeg_difference7          0045b19e f   lib:jcpred.obj
 0001:0005961a       _start_pass_huff           0045a61a f   lib:jclhuff.obj
 0001:000597b7       _encode_mcus_huff          0045a7b7 f   lib:jclhuff.obj
 0001:000599a2       _emit_bits                 0045a9a2 f   lib:jclhuff.obj
 0001:00059a45       _dump_buffer               0045aa45 f   lib:jclhuff.obj
 0001:00059a69       _emit_restart              0045aa69 f   lib:jclhuff.obj
 0001:00059ab4       _flush_bits                0045aab4 f   lib:jclhuff.obj
 0001:00059ad8       _finish_pass_huff          0045aad8 f   lib:jclhuff.obj
 0001:00059b45       _encode_mcus_gather        0045ab45 f   lib:jclhuff.obj
 0001:00059c6e       _finish_pass_gather        0045ac6e f   lib:jclhuff.obj
 0001:00059d04       _need_optimization_pass    0045ad04 f   lib:jclhuff.obj
 0001:0005923a       _start_pass_diff           0045a23a f   lib:jcdiffct.obj
 0001:00057543       _start_iMCU_row            00458543 f   lib:jccoefct.obj
 0001:000592d8       _compress_data             0045a2d8 f   lib:jcdiffct.obj
 0001:0005946e       _compress_first_pass       0045a46e f   lib:jcdiffct.obj
 0001:00059563       _compress_output           0045a563 f   lib:jcdiffct.obj
 0001:00058e4d       _start_pass_fdctmgr        00459e4d f   lib:jcdctmgr.obj
 0001:00058f4f       _forward_DCT_float         00459f4f f   lib:jcdctmgr.obj
 0001:00058382       _start_pass_phuff          00459382 f   lib:jcphuff.obj
 0001:000584ef       _encode_mcu_DC_first       004594ef f   lib:jcphuff.obj
 0001:00058621       _emit_bits                 00459621 f   lib:jcphuff.obj
 0001:000586cc       _dump_buffer               004596cc f   lib:jcphuff.obj
 0001:00058704       _emit_symbol               00459704 f   lib:jcphuff.obj
 0001:00058744       _emit_restart              00459744 f   lib:jcphuff.obj
 0001:000587cd       _emit_eobrun               004597cd f   lib:jcphuff.obj
 0001:00058853       _encode_mcu_AC_first       00459853 f   lib:jcphuff.obj
 0001:000589e7       _encode_mcu_DC_refine      004599e7 f   lib:jcphuff.obj
 0001:00058aa1       _encode_mcu_AC_refine      00459aa1 f   lib:jcphuff.obj
 0001:00058cb8       _finish_pass_phuff         00459cb8 f   lib:jcphuff.obj
 0001:00058d07       _finish_pass_gather_phuff  00459d07 f   lib:jcphuff.obj
 0001:00058dca       _need_optimization_pass    00459dca f   lib:jcphuff.obj
 0001:00057b1d       _start_pass_huff           00458b1d f   lib:jcshuff.obj
 0001:00057c92       _encode_mcu_huff           00458c92 f   lib:jcshuff.obj
 0001:00057d9d       _encode_one_block          00458d9d f   lib:jcshuff.obj
 0001:00057f14       _emit_bits                 00458f14 f   lib:jcshuff.obj
 0001:00057fb7       _dump_buffer               00458fb7 f   lib:jcshuff.obj
 0001:00057fdb       _emit_restart              00458fdb f   lib:jcshuff.obj
 0001:00058048       _flush_bits                00459048 f   lib:jcshuff.obj
 0001:0005806c       _finish_pass_huff          0045906c f   lib:jcshuff.obj
 0001:000580db       _encode_mcu_gather         004590db f   lib:jcshuff.obj
 0001:00058191       _htest_one_block           00459191 f   lib:jcshuff.obj
 0001:00058258       _finish_pass_gather        00459258 f   lib:jcshuff.obj
 0001:00059d04       _need_optimization_pass    0045ad04 f   lib:jclhuff.obj
 0001:000574ae       _start_pass_coef           004584ae f   lib:jccoefct.obj
 0001:00057543       _start_iMCU_row            00458543 f   lib:jccoefct.obj
 0001:00057585       _compress_data             00458585 f   lib:jccoefct.obj
 0001:0005776c       _compress_first_pass       0045876c f   lib:jccoefct.obj
 0001:00057952       _compress_output           00458952 f   lib:jccoefct.obj
 0001:000573c6       _calc_output_dimensions    004583c6 f   lib:jdlossls.obj
 0001:000573d7       _start_input_pass          004583d7 f   lib:jdlossls.obj
 0001:00057105       _calc_output_dimensions    00458105 f   lib:jdlossy.obj
 0001:00057278       _start_input_pass          00458278 f   lib:jdlossy.obj
 0001:00057298       _latch_quant_tables        00458298 f   lib:jdlossy.obj
 0001:00057330       _start_output_pass         00458330 f   lib:jdlossy.obj
 0001:00057054       _start_pass                00458054 f   lib:jclossls.obj
 0001:00056fc0       _start_pass                00457fc0 f   lib:jclossy.obj
 0001:00056515       _initial_setup             00457515 f   lib:jcmaster.obj
 0001:000566c8       _validate_script           004576c8 f   lib:jcmaster.obj
 0001:00056aa0       _prepare_for_pass          00457aa0 f   lib:jcmaster.obj
 0001:00056c18       _select_scan_parameters    00457c18 f   lib:jcmaster.obj
 0001:00056d19       _per_scan_setup            00457d19 f   lib:jcmaster.obj
 0001:00056ec4       _pass_startup              00457ec4 f   lib:jcmaster.obj
 0001:00056eeb       _finish_pass_master        00457eeb f   lib:jcmaster.obj
 0001:00056001       _rgb_ycc_start             00457001 f   lib:jccolor.obj
 0001:000560c5       _rgb_ycc_convert           004570c5 f   lib:jccolor.obj
 0001:000561c4       _rgb_gray_convert          004571c4 f   lib:jccolor.obj
 0001:00056249       _cmyk_ycck_convert         00457249 f   lib:jccolor.obj
 0001:00056381       _grayscale_convert         00457381 f   lib:jccolor.obj
 0001:000563db       _null_convert              004573db f   lib:jccolor.obj
 0001:0002bd7b       _null_method               0042cd7b f   images.obj
 0001:0002bd7b       _start_pass_downsample     0042cd7b f   images.obj
 0001:0005574d       _sep_downsample            0045674d f   lib:jcsample.obj
 0001:000557c2       _int_downsample            004567c2 f   lib:jcsample.obj
 0001:000558ba       _expand_right_edge         004568ba f   lib:jcsample.obj
 0001:0005590f       _fullsize_downsample       0045690f f   lib:jcsample.obj
 0001:00055953       _h2v1_downsample           00456953 f   lib:jcsample.obj
 0001:000559e7       _h2v2_downsample           004569e7 f   lib:jcsample.obj
 0001:00055a94       _h2v2_smooth_downsample    00456a94 f   lib:jcsample.obj
 0001:00055d0c       _fullsize_smooth_downsample 00456d0c f   lib:jcsample.obj
 0001:00055149       _start_pass_prep           00456149 f   lib:jcprepct.obj
 0001:00055187       _pre_process_data          00456187 f   lib:jcprepct.obj
 0001:00055335       _pre_process_context       00456335 f   lib:jcprepct.obj
 0001:000554ee       _create_context_buffer     004564ee f   lib:jcprepct.obj
 0001:00054fc1       _start_pass_main           00455fc1 f   lib:jcmainct.obj
 0001:00055003       _process_data_simple_main  00456003 f   lib:jcmainct.obj
 0001:00054597       _create_colormap           00455597 f   lib:jquant1.obj
 0001:000546c9       _select_ncolors            004556c9 f   lib:jquant1.obj
 0001:000547a0       _create_colorindex         004557a0 f   lib:jquant1.obj
 0001:000548cc       _alloc_fs_workspace        004558cc f   lib:jquant1.obj
 0001:00054908       _start_pass_1_quant        00455908 f   lib:jquant1.obj
 0001:000549d4       _create_odither_tables     004559d4 f   lib:jquant1.obj
 0001:00054a33       _make_odither_array        00455a33 f   lib:jquant1.obj
 0001:00054a96       _color_quantize            00455a96 f   lib:jquant1.obj
 0001:00054b21       _color_quantize3           00455b21 f   lib:jquant1.obj
 0001:00054baf       _quantize_ord_dither       00455baf f   lib:jquant1.obj
 0001:00054c9a       _quantize3_ord_dither      00455c9a f   lib:jquant1.obj
 0001:00054d9a       _quantize_fs_dither        00455d9a f   lib:jquant1.obj
 0001:0002bd7b       _finish_pass_1_quant       0042cd7b f   images.obj
 0001:00054f1e       _new_color_map_1_quant     00455f1e f   lib:jquant1.obj
 0001:00053558       _init_error_limit          00454558 f   lib:jquant2.obj
 0001:000535f7       _start_pass_2_quant        004545f7 f   lib:jquant2.obj
 0001:000536f9       _prescan_quantize          004546f9 f   lib:jquant2.obj
 0001:00053768       _pass2_no_dither           00454768 f   lib:jquant2.obj
 0001:00053815       _fill_inverse_cmap         00454815 f   lib:jquant2.obj
 0001:000538e0       _find_nearby_colors        004548e0 f   lib:jquant2.obj
 0001:00053a84       _find_best_colors          00454a84 f   lib:jquant2.obj
 0001:00053b9e       _pass2_fs_dither           00454b9e f   lib:jquant2.obj
 0001:00053e0d       _finish_pass1              00454e0d f   lib:jquant2.obj
 0001:00053e2f       _select_colors             00454e2f f   lib:jquant2.obj
 0001:00053ebb       _update_box                00454ebb f   lib:jquant2.obj
 0001:00054255       _median_cut                00455255 f   lib:jquant2.obj
 0001:00054369       _find_biggest_color_pop    00455369 f   lib:jquant2.obj
 0001:00054398       _find_biggest_volume       00455398 f   lib:jquant2.obj
 0001:000543c1       _compute_color             004553c1 f   lib:jquant2.obj
 0001:0002bd7b       _finish_pass2              0042cd7b f   images.obj
 0001:000544fd       _new_color_map_2_quant     004554fd f   lib:jquant2.obj
 0001:00052f6f       _build_ycc_rgb_table       00453f6f f   lib:jdmerge.obj
 0001:0005301f       _start_pass_merged_upsample 0045401f f   lib:jdmerge.obj
 0001:00053034       _merged_2v_upsample        00454034 f   lib:jdmerge.obj
 0001:000530db       _merged_1v_upsample        004540db f   lib:jdmerge.obj
 0001:0005310c       _h2v1_merged_upsample      0045410c f   lib:jdmerge.obj
 0001:00053262       _h2v2_merged_upsample      00454262 f   lib:jdmerge.obj
 0001:00052b13       _build_ycc_rgb_table       00453b13 f   lib:jdcolor.obj
 0001:00052bc3       _ycc_rgb_convert           00453bc3 f   lib:jdcolor.obj
 0001:00052cd1       _null_convert              00453cd1 f   lib:jdcolor.obj
 0001:00052d49       _grayscale_convert         00453d49 f   lib:jdcolor.obj
 0001:00052d6c       _gray_rgb_convert          00453d6c f   lib:jdcolor.obj
 0001:00052dc5       _ycck_cmyk_convert         00453dc5 f   lib:jdcolor.obj
 0001:0002bd7b       _start_pass_dcolor         0042cd7b f   images.obj
 0001:00052574       _start_pass_upsample       00453574 f   lib:jdsample.obj
 0001:0005258e       _sep_upsample              0045358e f   lib:jdsample.obj
 0001:0005265b       _fullsize_upsample         0045365b f   lib:jdsample.obj
 0001:00052666       _noop_upsample             00453666 f   lib:jdsample.obj
 0001:0005266e       _int_upsample              0045366e f   lib:jdsample.obj
 0001:00052758       _h2v1_upsample             00453758 f   lib:jdsample.obj
 0001:000527af       _h2v2_upsample             004537af f   lib:jdsample.obj
 0001:00052821       _h2v1_fancy_upsample       00453821 f   lib:jdsample.obj
 0001:000528c4       _h2v2_fancy_upsample       004538c4 f   lib:jdsample.obj
 0001:0005217d       _start_pass_dpost          0045317d f   lib:jdpostct.obj
 0001:00052223       _post_process_1pass        00453223 f   lib:jdpostct.obj
 0001:00052288       _post_process_prepass      00453288 f   lib:jdpostct.obj
 0001:00052319       _post_process_2pass        00453319 f   lib:jdpostct.obj
 0001:00051b84       _alloc_funny_pointers      00452b84 f   lib:jdmainct.obj
 0001:00051c31       _start_pass_main           00452c31 f   lib:jdmainct.obj
 0001:00051c99       _make_funny_pointers       00452c99 f   lib:jdmainct.obj
 0001:00051dd9       _process_data_simple_main  00452dd9 f   lib:jdmainct.obj
 0001:00051e41       _process_data_context_main 00452e41 f   lib:jdmainct.obj
 0001:00051f53       _set_wraparound_pointers   00452f53 f   lib:jdmainct.obj
 0001:0005203d       _set_bottom_pointers       0045303d f   lib:jdmainct.obj
 0001:000520d7       _process_data_crank_post   004530d7 f   lib:jdmainct.obj
 0001:00050908       _write_marker_header       00451908 f   lib:jcmarker.obj
 0001:0005095e       _emit_byte                 0045195e f   lib:jcmarker.obj
 0001:0005098f       _write_marker_byte         0045198f f   lib:jcmarker.obj
 0001:0005099f       _write_file_header         0045199f f   lib:jcmarker.obj
 0001:000509eb       _emit_jfif_app0            004519eb f   lib:jcmarker.obj
 0001:00050abe       _emit_adobe_app14          00451abe f   lib:jcmarker.obj
 0001:00050b64       _write_frame_header        00451b64 f   lib:jcmarker.obj
 0001:00050c43       _emit_dqt                  00451c43 f   lib:jcmarker.obj
 0001:00050d32       _emit_sof                  00451d32 f   lib:jcmarker.obj
 0001:00050e0e       _write_scan_header         00451e0e f   lib:jcmarker.obj
 0001:00050ece       _emit_dht                  00451ece f   lib:jcmarker.obj
 0001:00050fa7       _emit_dri                  00451fa7 f   lib:jcmarker.obj
 0001:00050ff6       _emit_sos                  00451ff6 f   lib:jcmarker.obj
 0001:000510e4       _write_file_trailer        004520e4 f   lib:jcmarker.obj
 0001:00051104       _write_tables_only         00452104 f   lib:jcmarker.obj
 0001:0005045d       _use_merged_upsample       0045145d f   lib:jdmaster.obj
 0001:00050503       _master_selection          00451503 f   lib:jdmaster.obj
 0001:00050660       _prepare_range_limit_table 00451660 f   lib:jdmaster.obj
 0001:000506e6       _prepare_for_output_pass   004516e6 f   lib:jdmaster.obj
 0001:00050807       _finish_output_pass        00451807 f   lib:jdmaster.obj
 0001:0004f8d4       _alloc_small               004508d4 f   lib:jmemmgr.obj
 0001:0004f9f2       _alloc_large               004509f2 f   lib:jmemmgr.obj
 0001:0004faa3       _alloc_sarray              00450aa3 f   lib:jmemmgr.obj
 0001:0004fb3b       _alloc_barray              00450b3b f   lib:jmemmgr.obj
 0001:0004fbdf       _alloc_darray              00450bdf f   lib:jmemmgr.obj
 0001:0004fc8a       _request_virt_sarray       00450c8a f   lib:jmemmgr.obj
 0001:0004fceb       _request_virt_barray       00450ceb f   lib:jmemmgr.obj
 0001:0004fd4c       _realize_virt_arrays       00450d4c f   lib:jmemmgr.obj
 0001:0004fecf       _access_virt_sarray        00450ecf f   lib:jmemmgr.obj
 0001:0004ffef       _do_sarray_io              00450fef f   lib:jmemmgr.obj
 0001:0005007f       _access_virt_barray        0045107f f   lib:jmemmgr.obj
 0001:000501a4       _do_barray_io              004511a4 f   lib:jmemmgr.obj
 0001:00050235       _free_pool                 00451235 f   lib:jmemmgr.obj
 0001:0005031c       _self_destruct             0045131c f   lib:jmemmgr.obj
 0001:0004f36e       _start_input_pass          0045036e f   lib:jdinput.obj
 0001:0004f39c       _per_scan_setup            0045039c f   lib:jdinput.obj
 0001:0004f522       _finish_input_pass         00450522 f   lib:jdinput.obj
 0001:0004f533       _consume_markers           00450533 f   lib:jdinput.obj
 0001:0004f5cf       _initial_setup             004505cf f   lib:jdinput.obj
 0001:0004f7d9       _reset_input_controller    004507d9 f   lib:jdinput.obj
 0001:0004f127       _fixedtables               00450127 f   lib:inflate.obj
 0001:0004f211       _updatewindow              00450211 f   lib:inflate.obj
 0001:0004db87       _make_crc_table            0044eb87 f   lib:crc32.obj
 0001:0004dcb3       _crc32_little              0044ecb3 f   lib:crc32.obj
 0001:0004dac3       _init_destination          0044eac3 f   lib:jdatadst.obj
 0001:0004dae9       _empty_output_buffer       0044eae9 f   lib:jdatadst.obj
 0001:0004db2b       _term_destination          0044eb2b f   lib:jdatadst.obj
 0001:0004d64a       _std_huff_tables           0044e64a f   lib:jcparam.obj
 0001:0004d6a4       _add_huff_table            0044e6a4 f   lib:jcparam.obj
 0001:0004bb97       _next_marker               0044cb97 f   lib:jdmarker.obj
 0001:0004bcd1       _get_interesting_appn      0044ccd1 f   lib:jdmarker.obj
 0001:0004bdfc       _examine_app0              0044cdfc f   lib:jdmarker.obj
 0001:0004c00a       _examine_app14             0044d00a f   lib:jdmarker.obj
 0001:0004c0cb       _skip_variable             0044d0cb f   lib:jdmarker.obj
 0001:0004c16e       _read_markers              0044d16e f   lib:jdmarker.obj
 0001:0004c376       _get_soi                   0044d376 f   lib:jdmarker.obj
 0001:0004c421       _get_sof                   0044d421 f   lib:jdmarker.obj
 0001:0004c72a       _get_sos                   0044d72a f   lib:jdmarker.obj
 0001:0004ca18       _get_dht                   0044da18 f   lib:jdmarker.obj
 0001:0004ccb9       _get_dqt                   0044dcb9 f   lib:jdmarker.obj
 0001:0004cf15       _get_dri                   0044df15 f   lib:jdmarker.obj
 0001:0004cff4       _first_marker              0044dff4 f   lib:jdmarker.obj
 0001:0004d090       _read_restart_marker       0044e090 f   lib:jdmarker.obj
 0001:0004d10e       _reset_marker_reader       0044e10e f   lib:jdmarker.obj
 0001:0004b97b       _output_pass_setup         0044c97b f   lib:jdapistd.obj
 0001:0004b66e       _default_decompress_parms  0044c66e f   lib:jdapimin.obj

 127 bytes saved through ICF

