 quake2

 Timestamp is 41566eb4 (Sun Sep 26 11:24:36 2004)

 Preferred load address is 00400000

 Start         Length     Name                   Class
 0001:00000000 0006f6e0H .text                   CODE
 0002:00000000 00000300H .idata$5                DATA
 0002:00000300 000057acH .rdata                  DATA
 0002:00005aac 00000078H .idata$2                DATA
 0002:00005b24 00000014H .idata$3                DATA
 0002:00005b38 00000300H .idata$4                DATA
 0002:00005e38 000009beH .idata$6                DATA
 0002:000067f6 00000000H .edata                  DATA
 0003:00000000 00000004H .CRT$XCA                DATA
 0003:00000004 00000004H .CRT$XCZ                DATA
 0003:00000008 00000004H .CRT$XIA                DATA
 0003:0000000c 00000004H .CRT$XIZ                DATA
 0003:00000010 00013584H .data                   DATA
 0003:00013598 00b02c00H .bss                    DATA
 0004:00000000 00000130H .rsrc$01                DATA
 0004:00000130 00003f20H .rsrc$02                DATA

  Address         Publics by Value              Rva+Base     Lib:Object

 0001:00000000       _CDAudio_Play2             00401000 f   cd_win.obj
 0001:000001e5       _CDAudio_Play              004011e5 f   cd_win.obj
 0001:000001fc       _CDAudio_Stop              004011fc f   cd_win.obj
 0001:00000241       _CDAudio_Pause             00401241 f   cd_win.obj
 0001:0000029a       _CDAudio_Resume            0040129a f   cd_win.obj
 0001:0000030c       _CDAudio_MessageHandler    0040130c f   cd_win.obj
 0001:000003a3       _CDAudio_Update            004013a3 f   cd_win.obj
 0001:000003da       _CDAudio_Init              004013da f   cd_win.obj
 0001:000007d1       _CDAudio_Shutdown          004017d1 f   cd_win.obj
 0001:00000804       _CDAudio_Activate          00401804 f   cd_win.obj
 0001:00000815       _SCR_StopCinematic         00401815 f   cl_cin.obj
 0001:000008b1       _SCR_FinishCinematic       004018b1 f   cl_cin.obj
 0001:000008f3       _SCR_RunCinematic          004018f3 f   cl_cin.obj
 0001:00000d0d       _SCR_DrawCinematic         00401d0d f   cl_cin.obj
 0001:00000d93       _SCR_PlayCinematic         00401d93 f   cl_cin.obj
 0001:000010e3       _CL_ParseEntityBits        004020e3 f   cl_ents.obj
 0001:00001145       _CL_ParseDelta             00402145 f   cl_ents.obj
 0001:000014e4       _CL_DeltaEntity            004024e4 f   cl_ents.obj
 0001:00001661       _CL_ParsePacketEntities    00402661 f   cl_ents.obj
 0001:00001860       _CL_ParsePlayerstate       00402860 f   cl_ents.obj
 0001:00001b6e       _CL_FireEntityEvents       00402b6e f   cl_ents.obj
 0001:00001bc0       _CL_ParseFrame             00402bc0 f   cl_ents.obj
 0001:00001e9f       _CL_AddEntityBox           00402e9f f   cl_ents.obj
 0001:00001f8f       _CL_OffsetThirdPersonView  00402f8f f   cl_ents.obj
 0001:00002049       _CL_CalcViewValues         00403049 f   cl_ents.obj
 0001:00002356       _CL_AddEntities            00403356 f   cl_ents.obj
 0001:0000313e       _CL_GetEntitySoundOrigin   0040413e f   cl_ents.obj
 0001:00003171       _CL_ClearLightStyles       00404171 f   cl_fx.obj
 0001:000031f5       _CL_RunLightStyles         004041f5 f   cl_fx.obj
 0001:00003292       _CL_SetLightstyle          00404292 f   cl_fx.obj
 0001:000032f9       _CL_AllocDlight            004042f9 f   cl_fx.obj
 0001:00003366       _CL_AddDLights             00404366 f   cl_fx.obj
 0001:000033c6       _CL_ClearParticles         004043c6 f   cl_fx.obj
 0001:00003430       _CL_AllocParticleTrace     00404430 f   cl_fx.obj
 0001:000034d3       _CL_AllocParticleBeam      004044d3 f   cl_fx.obj
 0001:00003546       _CL_AllocParticle          00404546 f   cl_fx.obj
 0001:00003594       _CL_UpdateParticles        00404594 f   cl_fx.obj
 0001:00003b87       _CL_MetalSparks            00404b87 f   cl_fx.obj
 0001:00003c74       _CL_ParseMuzzleFlash       00404c74 f   cl_fx.obj
 0001:000044ab       _CL_ParseMuzzleFlash2      004054ab f   cl_fx.obj
 0001:00004b8f       _CL_ParticleEffect         00405b8f f   cl_fx.obj
 0001:00004c5e       _CL_ParticleEffect2        00405c5e f   cl_fx.obj
 0001:00004d29       _CL_ParticleEffect3        00405d29 f   cl_fx.obj
 0001:00004df9       _CL_TeleporterParticles    00405df9 f   cl_fx.obj
 0001:00004eb0       _CL_LogoutEffect           00405eb0 f   cl_fx.obj
 0001:00004f9b       _CL_ItemRespawnParticles   00405f9b f   cl_fx.obj
 0001:0000504a       _CL_ExplosionParticles     0040604a f   cl_fx.obj
 0001:000050f4       _CL_BigTeleportParticles   004060f4 f   cl_fx.obj
 0001:0000524b       _CL_BlasterParticles       0040624b f   cl_fx.obj
 0001:00005317       _CL_BlasterTrail           00406317 f   cl_fx.obj
 0001:0000540a       _CL_FlagTrail              0040640a f   cl_fx.obj
 0001:0000550a       _CL_DiminishingTrail       0040650a f   cl_fx.obj
 0001:0000576e       _CL_RocketTrail            0040676e f   cl_fx.obj
 0001:0000589b       _CL_RailTrail              0040689b f   cl_fx.obj
 0001:00005ac1       _CL_RailTrailExt           00406ac1 f   cl_fx.obj
 0001:00005bc3       _CL_IonripperTrail         00406bc3 f   cl_fx.obj
 0001:00005cd6       _CL_BubbleTrail            00406cd6 f   cl_fx.obj
 0001:00005df4       _CL_FlyParticles           00406df4 f   cl_fx.obj
 0001:00005f93       _CL_FlyEffect              00406f93 f   cl_fx.obj
 0001:00006016       _CL_BfgParticles           00407016 f   cl_fx.obj
 0001:000061f0       _CL_TrapParticles          004071f0 f   cl_fx.obj
 0001:00006473       _CL_BFGExplosionParticles  00407473 f   cl_fx.obj
 0001:0000651d       _CL_TeleportParticles      0040751d f   cl_fx.obj
 0001:00006656       _CL_EntityEvent            00407656 f   cl_fx.obj
 0001:00006834       _CL_ClearEffects           00407834 f   cl_fx.obj
 0001:00006852       _IN_CenterView             00407852 f   cl_input.obj
 0001:00006873       _CL_InitInput              00407873 f   cl_input.obj
 0001:00006d53       _CL_SendCmd                00407d53 f   cl_input.obj
 0001:0000744e       _CL_ParseInventory         0040844e f   cl_inv.obj
 0001:0000746e       _CL_DrawInventory          0040846e f   cl_inv.obj
 0001:000076c4       _CL_WriteDemoMessage       004086c4 f   cl_main.obj
 0001:00007706       _CL_Stop_f                 00408706 f   cl_main.obj
 0001:00007761       _CL_Record_f               00408761 f   cl_main.obj
 0001:00007a04       _Cmd_ForwardToServer       00408a04 f   cl_main.obj
 0001:00007a70       _CL_Setenv_f               00408a70 f   cl_main.obj
 0001:00007b34       _CL_ForwardToServer_f      00408b34 f   cl_main.obj
 0001:00007b82       _CL_Pause                  00408b82 f   cl_main.obj
 0001:00007bc2       _CL_Quit_f                 00408bc2 f   cl_main.obj
 0001:00007bcc       _CL_Drop                   00408bcc f   cl_main.obj
 0001:00007be8       _CL_SendConnectPacket      00408be8 f   cl_main.obj
 0001:00007cbf       _CL_CheckForResend         00408cbf f   cl_main.obj
 0001:00007dc4       _CL_Connect_f              00408dc4 f   cl_main.obj
 0001:00007e45       _CL_Rcon_f                 00408e45 f   cl_main.obj
 0001:00007f50       _CL_ClearState             00408f50 f   cl_main.obj
 0001:00007f8f       _CL_Disconnect             00408f8f f   cl_main.obj
 0001:00008115       _CL_Disconnect_f           00409115 f   cl_main.obj
 0001:00008121       _CL_Changing_f             00409121 f   cl_main.obj
 0001:00008145       _CL_Reconnect_f            00409145 f   cl_main.obj
 0001:000081e1       _CL_PingServers_f          004091e1 f   cl_main.obj
 0001:00008349       _CL_Skins_f                00409349 f   cl_main.obj
 0001:00008385       _CL_ConnectionlessPacket   00409385 f   cl_main.obj
 0001:000086e4       _CL_ReadPackets            004096e4 f   cl_main.obj
 0001:00008829       _CL_FixUpGender            00409829 f   cl_main.obj
 0001:000088d9       _CL_Userinfo_f             004098d9 f   cl_main.obj
 0001:000088f1       _CL_Snd_Restart_f          004098f1 f   cl_main.obj
 0001:00008900       _CL_RequestNextDownload    00409900 f   cl_main.obj
 0001:00008f41       _CL_Precache_f             00409f41 f   cl_main.obj
 0001:00008fa5       _CL_WriteConfiguration     00409fa5 f   cl_main.obj
 0001:00009060       _CL_WriteConfig_f          0040a060 f   cl_main.obj
 0001:000090bf       _CL_InitLocal              0040a0bf f   cl_main.obj
 0001:000092f5       _CL_FixCvarCheats          0040a2f5 f   cl_main.obj
 0001:00009346       _CL_Frame                  0040a346 f   cl_main.obj
 0001:000095d4       _CL_Init                   0040a5d4 f   cl_main.obj
 0001:00009671       _CL_Shutdown               0040a671 f   cl_main.obj
 0001:000096af       _CL_Flashlight             0040a6af f   cl_newfx.obj
 0001:000096e9       _CL_ColorFlash             0040a6e9 f   cl_newfx.obj
 0001:00009725       _CL_DebugTrail             0040a725 f   cl_newfx.obj
 0001:00009805       _CL_ForceWall              0040a805 f   cl_newfx.obj
 0001:0000992c       _CL_BubbleTrail2           0040a92c f   cl_newfx.obj
 0001:00009a56       _CL_Heatbeam               0040aa56 f   cl_newfx.obj
 0001:00009d07       _CL_ParticleSteamEffect    0040ad07 f   cl_newfx.obj
 0001:00009e31       _CL_ParticleSteamEffect2   0040ae31 f   cl_newfx.obj
 0001:00009f68       _CL_TrackerTrail           0040af68 f   cl_newfx.obj
 0001:0000a1cb       _CL_Tracker_Shell          0040b1cb f   cl_newfx.obj
 0001:0000a254       _CL_MonsterPlasma_Shell    0040b254 f   cl_newfx.obj
 0001:0000a2da       _CL_Widowbeamout           0040b2da f   cl_newfx.obj
 0001:0000a396       _CL_Nukeblast              0040b396 f   cl_newfx.obj
 0001:0000a452       _CL_WidowSplash            0040b452 f   cl_newfx.obj
 0001:0000a51a       _CL_TagTrail               0040b51a f   cl_newfx.obj
 0001:0000a61a       _CL_ColorExplosionParticles 0040b61a f   cl_newfx.obj
 0001:0000a6c7       _CL_ParticleSmokeEffect    0040b6c7 f   cl_newfx.obj
 0001:0000a7ef       _CL_BlasterParticles2      0040b7ef f   cl_newfx.obj
 0001:0000a8bc       _CL_BlasterTrail2          0040b8bc f   cl_newfx.obj
 0001:0000a9af       _CL_DownloadFileName       0040b9af f   cl_parse.obj
 0001:0000a9ee       _CL_CheckOrDownloadFile    0040b9ee f   cl_parse.obj
 0001:0000ac29       _CL_Download_f             0040bc29 f   cl_parse.obj
 0001:0000acf4       _CL_RegisterSounds         0040bcf4 f   cl_parse.obj
 0001:0000ad33       _CL_ParseDownload          0040bd33 f   cl_parse.obj
 0001:0000aea0       _CL_ParseServerData        0040bea0 f   cl_parse.obj
 0001:0000afa1       _CL_ParseBaseline          0040bfa1 f   cl_parse.obj
 0001:0000afe9       _CL_LoadClientinfo         0040bfe9 f   cl_parse.obj
 0001:0000b2d3       _CL_ParseClientinfo        0040c2d3 f   cl_parse.obj
 0001:0000b2f7       _CL_ParseConfigString      0040c2f7 f   cl_parse.obj
 0001:0000b491       _CL_ParseStartSoundPacket  0040c491 f   cl_parse.obj
 0001:0000b590       _CL_ParseServerMessage     0040c590 f   cl_parse.obj
 0001:0000b8e6       _CL_CheckPredictionError   0040c8e6 f   cl_pred.obj
 0001:0000ba8c       _CL_EntityTrace            0040ca8c f   cl_pred.obj
 0001:0000be48       _CL_Trace                  0040ce48 f   cl_pred.obj
 0001:0000beca       _CL_PMpointcontents        0040ceca f   cl_pred.obj
 0001:0000c054       _CL_PredictMovement        0040d054 f   cl_pred.obj
 0001:0000c3f8       _CL_AddNetgraph            0040d3f8 f   cl_scrn.obj
 0001:0000c4d2       _SCR_DebugGraph            0040d4d2 f   cl_scrn.obj
 0001:0000c4fa       _SCR_CenterPrint           0040d4fa f   cl_scrn.obj
 0001:0000c5fe       _SCR_DrawCenterString      0040d5fe f   cl_scrn.obj
 0001:0000c6cc       _SCR_Sky_f                 0040d6cc f   cl_scrn.obj
 0001:0000c777       _SCR_Init                  0040d777 f   cl_scrn.obj
 0001:0000c7be       _SCR_SetLevelshot          0040d7be f   cl_scrn.obj
 0001:0000c847       _SCR_SetLevelshot2         0040d847 f   cl_scrn.obj
 0001:0000c8a1       _SCR_ShowConsole           0040d8a1 f   cl_scrn.obj
 0001:0000c932       _SCR_BeginLoadingPlaque    0040d932 f   cl_scrn.obj
 0001:0000c973       _SCR_EndLoadingPlaque      0040d973 f   cl_scrn.obj
 0001:0000c9b4       _SCR_Loading_f             0040d9b4 f   cl_scrn.obj
 0001:0000c9b9       _SCR_TimeRefresh_f         0040d9b9 f   cl_scrn.obj
 0001:0000ca90       _SCR_TileClear             0040da90 f   cl_scrn.obj
 0001:0000cb35       _DrawHUDString             0040db35 f   cl_scrn.obj
 0001:0000cbe7       _SCR_DrawField             0040dbe7 f   cl_scrn.obj
 0001:0000cc8e       _SCR_TouchPics             0040dc8e f   cl_scrn.obj
 0001:0000cd21       _SCR_ExecuteLayoutString   0040dd21 f   cl_scrn.obj
 0001:0000d4e3       _SCR_UpdateScreen          0040e4e3 f   cl_scrn.obj
 0001:0000dc97       _CL_RegisterTEntSounds     0040ec97 f   cl_tent.obj
 0001:0000decf       _CL_RegisterTEntModels     0040eecf f   cl_tent.obj
 0001:0000e055       _CL_ClearTEnts             0040f055 f   cl_tent.obj
 0001:0000e09c       _CL_AllocExplosion         0040f09c f   cl_tent.obj
 0001:0000e13a       _CL_AddExplosions          0040f13a f   cl_tent.obj
 0001:0000e30f       _CL_SmokeAndFlash          0040f30f f   cl_tent.obj
 0001:0000e357       _CL_ParseBeam              0040f357 f   cl_tent.obj
 0001:0000e436       _CL_ParseBeam2             0040f436 f   cl_tent.obj
 0001:0000e50d       _CL_ParsePlayerBeam        0040f50d f   cl_tent.obj
 0001:0000e61b       _CL_ParseLightning         0040f61b f   cl_tent.obj
 0001:0000e6e7       _CL_ParseLaser             0040f6e7 f   cl_tent.obj
 0001:0000e763       _CL_ParseSteam             0040f763 f   cl_tent.obj
 0001:0000e874       _CL_ParseWidow             0040f874 f   cl_tent.obj
 0001:0000e8e0       _CL_ParseNuke              0040f8e0 f   cl_tent.obj
 0001:0000e94a       _CL_ParseTEnt              0040f94a f   cl_tent.obj
 0001:0000f76c       _CL_AddBeams               0041076c f   cl_tent.obj
 0001:0000faad       _CL_AddPlayerBeams         00410aad f   cl_tent.obj
 0001:000101a2       _CL_ProcessSustain         004111a2 f   cl_tent.obj
 0001:000101e3       _CL_AddTEnts               004111e3 f   cl_tent.obj
 0001:000101f7       _V_AddEntity               004111f7 f   cl_view.obj
 0001:00010226       _V_AddLight                00411226 f   cl_view.obj
 0001:0001026b       _V_TestParticles           0041126b f   cl_view.obj
 0001:00010329       _V_TestEntities            00411329 f   cl_view.obj
 0001:000103cb       _V_TestLights              004113cb f   cl_view.obj
 0001:0001049e       _CL_PrepRefresh            0041149e f   cl_view.obj
 0001:0001075f       _CalcFov                   0041175f f   cl_view.obj
 0001:000107d6       _V_Gun_Next_f              004117d6 f   cl_view.obj
 0001:000107ef       _V_Gun_Prev_f              004117ef f   cl_view.obj
 0001:00010811       _V_Gun_Model_f             00411811 f   cl_view.obj
 0001:00010845       _SCR_DrawCrosshair         00411845 f   cl_view.obj
 0001:000108ba       _V_RenderView              004118ba f   cl_view.obj
 0001:00011497       _V_Init                    00412497 f   cl_view.obj
 0001:000116ac       _Cbuf_Init                 004126ac f   cmd.obj
 0001:000116c4       _Cbuf_AddText              004126c4 f   cmd.obj
 0001:00011729       _Cbuf_InsertText           00412729 f   cmd.obj
 0001:00011790       _Cbuf_CopyToDefer          00412790 f   cmd.obj
 0001:000117bc       _Cbuf_InsertFromDefer      004127bc f   cmd.obj
 0001:000117cf       _Cbuf_Execute              004127cf f   cmd.obj
 0001:000118b5       _Cmd_Exec_f                004128b5 f   cmd.obj
 0001:0001193a       _Cmd_Echo_f                0041293a f   cmd.obj
 0001:0001197c       _Cmd_Alias_f               0041297c f   cmd.obj
 0001:00011aa3       _Cmd_Unalias_f             00412aa3 f   cmd.obj
 0001:00011b2f       _Cmd_WriteAliases          00412b2f f   cmd.obj
 0001:00011b60       _Cmd_Argc                  00412b60 f   cmd.obj
 0001:00011b66       _Cmd_Argv                  00412b66 f   cmd.obj
 0001:00011b80       _Cmd_Args                  00412b80 f   cmd.obj
 0001:00011b86       _Cmd_TokenizeString        00412b86 f   cmd.obj
 0001:00011e63       _Cmd_AddCommand            00412e63 f   cmd.obj
 0001:00011ecb       _Cmd_RemoveCommand         00412ecb f   cmd.obj
 0001:00011f0d       _Cmd_ExecuteString         00412f0d f   cmd.obj
 0001:00012075       _Cmd_Init                  00413075 f   cmd.obj
 0001:00012195       _CMod_GetSurfMaterial      00413195 f   cmodel.obj
 0001:000121f2       _CM_LoadMap                004131f2 f   cmodel.obj
 0001:00012844       _PlaneTypeForNormal        00413844 f i cmodel.obj
 0001:000129b5       _CM_InlineModel            004139b5 f   cmodel.obj
 0001:000129fe       _CM_NumClusters            004139fe f   cmodel.obj
 0001:00012a04       _CM_NumInlineModels        00413a04 f   cmodel.obj
 0001:00012a0a       _CM_EntityString           00413a0a f   cmodel.obj
 0001:00012a10       _CM_LeafContents           00413a10 f   cmodel.obj
 0001:00012a37       _CM_LeafCluster            00413a37 f   cmodel.obj
 0001:00012aaa       _CM_LeafArea               00413aaa f   cmodel.obj
 0001:00012ad2       _CM_InitBoxHull            00413ad2 f   cmodel.obj
 0001:00012c62       _CM_HeadnodeForBox         00413c62 f   cmodel.obj
 0001:00012d17       _CM_PointLeafnum           00413d17 f   cmodel.obj
 0001:00012dc2       _DISTANCE_TO_PLANE         00413dc2 f i cmodel.obj
 0001:00012e0a       _CM_PointContents          00413e0a f   cmodel.obj
 0001:00012e80       _CM_TransformedPointContents 00413e80 f   cmodel.obj
 0001:00012fb9       _CM_TransformedPointContents2 00413fb9 f   cmodel.obj
 0001:000130aa       _CM_BoxLeafnums            004140aa f   cmodel.obj
 0001:000131c9       _BOX_ON_PLANE_SIDE         004141c9 f i cmodel.obj
 0001:0001324e       _CM_BoxTrace               0041424e f   cmodel.obj
 0001:00013c9e       _CM_TransformedBoxTrace    00414c9e f   cmodel.obj
 0001:00013f71       _CM_TransformedBoxTrace2   00414f71 f   cmodel.obj
 0001:00014186       _CM_BrushTrace             00415186 f   cmodel.obj
 0001:000145a5       _CM_RefineBrushTrace       004155a5 f   cmodel.obj
 0001:0001464a       _CM_DecompressVis          0041564a f   cmodel.obj
 0001:000146d3       _CM_ClusterPVS             004156d3 f   cmodel.obj
 0001:0001476f       _CM_ClusterPHS             0041576f f   cmodel.obj
 0001:0001480b       _FloodAreaConnections      0041580b f   cmodel.obj
 0001:000148c2       _CM_SetAreaPortalState     004158c2 f   cmodel.obj
 0001:000148eb       _CM_AreasConnected         004158eb f   cmodel.obj
 0001:00014936       _CM_WriteAreaBits          00415936 f   cmodel.obj
 0001:000149c6       _CM_WritePortalState       004159c6 f   cmodel.obj
 0001:000149e0       _CM_ReadPortalState        004159e0 f   cmodel.obj
 0001:000149fe       _CM_HeadnodeVisible        004159fe f   cmodel.obj
 0001:00014ad3       _Com_BeginRedirect         00415ad3 f   common.obj
 0001:00014b10       _Com_EndRedirect           00415b10 f   common.obj
 0001:00014b3b       _Com_Printf                00415b3b f   common.obj
 0001:00014c9f       _Com_DPrintf               00415c9f f   common.obj
 0001:00014d08       _DebugPrintf               00415d08 f   common.obj
 0001:00014db5       _Com_WPrintf               00415db5 f   common.obj
 0001:00014e13       _Com_FatalError            00415e13 f   common.obj
 0001:00014eb8       _Com_DropError             00415eb8 f   common.obj
 0001:00014f32       _appUnwindPrefix           00415f32 f   common.obj
 0001:00014f8a       _appUnwindThrow            00415f8a f   common.obj
 0001:00015012       _Com_ResetErrorState       00416012 f   common.obj
 0001:00015027       _Com_Quit                  00416027 f   common.obj
 0001:0001505a       _MatchWildcard             0041605a f   common.obj
 0001:000151b0       _MatchWildcard2            004161b0 f   common.obj
 0001:00015205       _IPWildcard                00416205 f   common.obj
 0001:000152e0       _Com_ServerState           004162e0 f   common.obj
 0001:000152e6       _Com_SetServerState        004162e6 f   common.obj
 0001:000152f0       _MSG_WriteByte             004162f0 f   common.obj
 0001:000152f0       _MSG_WriteChar             004162f0 f   common.obj
 0001:00015304       _MSG_WriteShort            00416304 f   common.obj
 0001:0001531e       _MSG_WriteLong             0041631e f   common.obj
 0001:00015348       _MSG_WriteFloat            00416348 f   common.obj
 0001:0001536e       _MSG_WriteString           0041636e f   common.obj
 0001:000153a6       _MSG_WriteCoord            004163a6 f   common.obj
 0001:000153d5       _MSG_WritePos              004163d5 f   common.obj
 0001:00015457       _MSG_WriteAngle            00416457 f   common.obj
 0001:00015480       _MSG_WriteAngle16          00416480 f   common.obj
 0001:000154b7       _MSG_WriteDeltaUsercmd     004164b7 f   common.obj
 0001:0001563f       _MSG_WriteDir              0041663f f   common.obj
 0001:000156ac       _MSG_ReadDir               004166ac f   common.obj
 0001:000156e1       _MSG_WriteDeltaEntity      004166e1 f   common.obj
 0001:00015be7       _MSG_BeginReading          00416be7 f   common.obj
 0001:00015bf0       _MSG_ReadChar              00416bf0 f   common.obj
 0001:00015c11       _MSG_ReadByte              00416c11 f   common.obj
 0001:00015c32       _MSG_ReadShort             00416c32 f   common.obj
 0001:00015c62       _MSG_ReadLong              00416c62 f   common.obj
 0001:00015ca1       _MSG_ReadString            00416ca1 f   common.obj
 0001:00015cd4       _MSG_ReadCoord             00416cd4 f   common.obj
 0001:00015cee       _MSG_ReadPos               00416cee f   common.obj
 0001:00015d40       _MSG_ReadAngle             00416d40 f   common.obj
 0001:00015d5a       _MSG_ReadAngle16           00416d5a f   common.obj
 0001:00015d74       _MSG_ReadDeltaUsercmd      00416d74 f   common.obj
 0001:00015e2b       _MSG_ReadData              00416e2b f   common.obj
 0001:00015e4e       _SZ_Init                   00416e4e f   common.obj
 0001:00015e70       _SZ_Clear                  00416e70 f   common.obj
 0001:00015e7d       _SZ_GetSpace               00416e7d f   common.obj
 0001:00015eda       _SZ_Write                  00416eda f   common.obj
 0001:00015efb       _SZ_Insert                 00416efb f   common.obj
 0001:00015f4e       _SZ_Print                  00416f4e f   common.obj
 0001:00015f97       _Info_Print                00416f97 f   common.obj
 0001:00016054       _COM_BlockSequenceCRCByte  00417054 f   common.obj
 0001:000160e0       _frand                     004170e0 f   common.obj
 0001:000160fd       _crand                     004170fd f   common.obj
 0001:00016120       _COM_CheckCmdlineVar       00417120 f   common.obj
 0001:00016176       _QCommon_Init              00417176 f   common.obj
 0001:00016543       _QCommon_Frame             00417543 f   common.obj
 0001:00016867       _DrawStringCommon          00417867 f   console.obj
 0001:000168c1       _DrawString                004178c1 f   console.obj
 0001:000168e1       _Con_ToggleConsole_f       004178e1 f   console.obj
 0001:00016913       _Con_ClearNotify           00417913 f   console.obj
 0001:00016925       _Con_CheckResize           00417925 f   console.obj
 0001:00016a4b       _Con_Print                 00417a4b f   console.obj
 0001:00016d4f       _Con_DrawNotify            00417d4f f   console.obj
 0001:00016f88       _Con_DrawConsole           00417f88 f   console.obj
 0001:0001754b       _Key_Console               0041854b f   console.obj
 0001:00017ad5       _Key_Message               00418ad5 f   console.obj
 0001:00017b71       _Con_Init                  00418b71 f   console.obj
 0001:00017d4b       _CRC_Block                 00418d4b f   crc.obj
 0001:00017d87       _Cvar_VariableValue        00418d87 f   cvar.obj
 0001:00017df5       _Cvar_VariableInt          00418df5 f   cvar.obj
 0001:00017e08       _Cvar_VariableString       00418e08 f   cvar.obj
 0001:00017e20       _Cvar_Get                  00418e20 f   cvar.obj
 0001:000180bc       _Cvar_GetVars              004190bc f   cvar.obj
 0001:00018110       _Cvar_FullSet              00419110 f   cvar.obj
 0001:0001816d       _Cvar_SetValue             0041916d f   cvar.obj
 0001:000183ce       _Cvar_SetInteger           004193ce f   cvar.obj
 0001:000183f0       _Cvar_Set                  004193f0 f   cvar.obj
 0001:00018405       _Cvar_ForceSet             00419405 f   cvar.obj
 0001:0001841a       _Cvar_Clamp                0041941a f   cvar.obj
 0001:000184a4       _Cvar_ClampName            004194a4 f   cvar.obj
 0001:000184f5       _Cvar_GetLatchedVars       004194f5 f   cvar.obj
 0001:00018524       _Cvar_Command              00419524 f   cvar.obj
 0001:000185d0       _Cvar_WriteVariables       004195d0 f   cvar.obj
 0001:00018663       _Cvar_BitInfo              00419663 f   cvar.obj
 0001:0001869c       _Cvar_Userinfo             0041969c f   cvar.obj
 0001:000186a5       _Cvar_Serverinfo           004196a5 f   cvar.obj
 0001:000186ae       _Cvar_Cheats               004196ae f   cvar.obj
 0001:00018707       _Cvar_Init                 00419707 f   cvar.obj
 0001:00018dae       _FS_CreatePath             00419dae f   files.obj
 0001:00018df8       _FS_CopyFile               00419df8 f   files.obj
 0001:00018efb       _FS_CopyFiles              00419efb f   files.obj
 0001:00018fd4       _FS_RemoveFiles            00419fd4 f   files.obj
 0001:00019048       _Developer_searchpath      0041a048 f   files.obj
 0001:0001908d       _FS_FCloseFile             0041a08d f   files.obj
 0001:0001911f       _FS_FOpenFile              0041a11f f   files.obj
 0001:00019647       _FS_FileExists             0041a647 f   files.obj
 0001:00019883       _FS_Read                   0041a883 f   files.obj
 0001:00019ac0       _FS_LoadFile               0041aac0 f   files.obj
 0001:00019b22       _FS_FreeFile               0041ab22 f   files.obj
 0001:00019b2d       _FS_Gamedir                0041ab2d f   files.obj
 0001:00019b41       _FS_LoadGameConfig         0041ab41 f   files.obj
 0001:00019c06       _FS_SetGamedir             0041ac06 f   files.obj
 0001:0001a2af       _FS_ListFiles              0041b2af f   files.obj
 0001:0001a5bd       _FS_NextPath               0041b5bd f   files.obj
 0001:0001a5e1       _FS_InitFilesystem         0041b5e1 f   files.obj
 0001:0001afaa       _LoadPCX                   0041bfaa f   images.obj
 0001:0001b0df       _LoadTGA                   0041c0df f   images.obj
 0001:0001b2ce       _LoadJPG                   0041c2ce f   images.obj
 0001:0001b55c       _ImageExists               0041c55c f   images.obj
 0001:0001b656       _WriteTGA                  0041c656 f   images.obj
 0001:0001b847       _WriteJPG                  0041c847 f   images.obj
 0001:0001b96f       _IN_MLookDown              0041c96f f   in_win.obj
 0001:0001b97a       _IN_MLookUp                0041c97a f   in_win.obj
 0001:0001b99d       _IN_MouseEvent             0041c99d f   in_win.obj
 0001:0001ba07       _IN_Commands               0041ca07 f   in_win.obj
 0001:0001bb36       _IN_Init                   0041cb36 f   in_win.obj
 0001:0001be60       _IN_Shutdown               0041ce60 f   in_win.obj
 0001:0001bf44       _IN_Move                   0041cf44 f   in_win.obj
 0001:0001c49e       _IN_Activate               0041d49e f   in_win.obj
 0001:0001c4b5       _IN_Frame                  0041d4b5 f   in_win.obj
 0001:0001c8a2       _Key_KeynumToString        0041d8a2 f   keys.obj
 0001:0001c93c       _CompleteCommand           0041d93c f   keys.obj
 0001:0001d260       _Key_SetBinding            0041e260 f   keys.obj
 0001:0001d29e       _Key_FindBinding           0041e29e f   keys.obj
 0001:0001d2ec       _Key_WriteBindings         0041e2ec f   keys.obj
 0001:0001d334       _Key_Init                  0041e334 f   keys.obj
 0001:0001d660       _Key_Event                 0041e660 f   keys.obj
 0001:0001d9b1       _Key_ClearStates           0041e9b1 f   keys.obj
 0001:0001d9e8       _Key_ClearTyping           0041e9e8 f   keys.obj
 0001:0001da01       _MD4Init                   0041ea01 f   md4.obj
 0001:0001da29       _MD4Update                 0041ea29 f   md4.obj
 0001:0001dac7       _MD4Final                  0041eac7 f   md4.obj
 0001:0001e1b8       _Com_BlockChecksum         0041f1b8 f   md4.obj
 0001:0001e1f4       _Z_Free                    0041f1f4 f   memory.obj
 0001:0001e24c       _Z_FreeTags                0041f24c f   memory.obj
 0001:0001e27c       _Z_TagMalloc               0041f27c f   memory.obj
 0001:0001e2eb       _Z_Malloc                  0041f2eb f   memory.obj
 0001:0001e30d       _Z_BlockMalloc             0041f30d f   memory.obj
 0001:0001e328       _CreateMemoryChain         0041f328 f   memory.obj
 0001:0001e38e       _FreeMemoryChain           0041f38e f   memory.obj
 0001:0001e3b8       _AllocChainBlock           0041f3b8 f   memory.obj
 0001:0001e403       _CopyString                0041f403 f   memory.obj
 0001:0001e42a       _ChainCopyString           0041f42a f   memory.obj
 0001:0001e452       _AllocNamedStruc           0041f452 f   memory.obj
 0001:0001e490       _ChainAllocNamedStruc      0041f490 f   memory.obj
 0001:0001e4cf       _FindNamedStruc            0041f4cf f   memory.obj
 0001:0001e513       _FindNamedStrucByIndex     0041f513 f   memory.obj
 0001:0001e52a       _IndexOfNamedStruc         0041f52a f   memory.obj
 0001:0001e558       _AddToNamedList            0041f558 f   memory.obj
 0001:0001e5a2       _ChainAddToNamedList       0041f5a2 f   memory.obj
 0001:0001e5ec       _FreeNamedList             0041f5ec f   memory.obj
 0001:0001e607       _Z_Init                    0041f607 f   memory.obj
 0001:0001e642       _M_PushMenu                0041f642 f   menu.obj
 0001:0001e6da       _M_ForceMenuOff            0041f6da f   menu.obj
 0001:0001e703       _M_ForceMenuOn             0041f703 f   menu.obj
 0001:0001e71c       _M_PopMenu                 0041f71c f   menu.obj
 0001:0001e76d       _Default_MenuKey           0041f76d f   menu.obj
 0001:0001e88d       _M_Print                   0041f88d f   menu.obj
 0001:0001e8d8       _M_DrawTextBox             0041f8d8 f   menu.obj
 0001:0001eac4       _M_Main_Draw               0041fac4 f   menu.obj
 0001:0001ec48       _M_Main_Key                0041fc48 f   menu.obj
 0001:0001ed43       _M_Menu_Main_f             0041fd43 f   menu.obj
 0001:0001ed64       _M_Menu_Multiplayer_f      0041fd64 f   menu.obj
 0001:0001ef3c       _M_Menu_Keys_f             0041ff3c f   menu.obj
 0001:0001f3bb       _M_Menu_Options_f          004203bb f   menu.obj
 0001:0001fcc6       _M_Menu_Video_f            00420cc6 f   menu.obj
 0001:0001fce7       _M_Menu_Credits_f          00420ce7 f   menu.obj
 0001:0001feac       _M_Menu_Game_f             00420eac f   menu.obj
 0001:0002011f       _M_Menu_LoadGame_f         0042111f f   menu.obj
 0001:000203ef       _M_Menu_SaveGame_f         004213ef f   menu.obj
 0001:0002054f       _M_AddToServerList         0042154f f   menu.obj
 0001:000205c2       _M_Menu_JoinServer_f       004215c2 f   menu.obj
 0001:0002082a       _M_Menu_StartServer_f      0042182a f   menu.obj
 0001:00021055       _M_Menu_DMOptions_f        00422055 f   menu.obj
 0001:000217d5       _M_Menu_DownloadOptions_f  004227d5 f   menu.obj
 0001:00021a57       _M_Menu_AddressBook_f      00422a57 f   menu.obj
 0001:00022e48       _M_Init                    00423e48 f   menu.obj
 0001:00022f6c       _M_Draw                    00423f6c f   menu.obj
 0001:00022ff6       _M_Keydown                 00423ff6 f   menu.obj
 0001:00023012       _LoadQ2BspFile             00424012 f   model.obj
 0001:000235da       _LoadBspFile               004245da f   model.obj
 0001:00023792       _ProcessEntstring          00424792 f   model.obj
 0001:00024602       _Netchan_Init              00425602 f   net_chan.obj
 0001:00024662       _Netchan_OutOfBand         00425662 f   net_chan.obj
 0001:000246c2       _Netchan_OutOfBandPrint    004256c2 f   net_chan.obj
 0001:00024707       _Netchan_Setup             00425707 f   net_chan.obj
 0001:00024764       _Netchan_NeedReliable      00425764 f   net_chan.obj
 0001:00024790       _Netchan_Transmit          00425790 f   net_chan.obj
 0001:00024935       _Netchan_Process           00425935 f   net_chan.obj
 0001:00024a5c       _NetadrToSockadr           00425a5c f   net_wins.obj
 0001:00024afe       _SockadrToNetadr           00425afe f   net_wins.obj
 0001:00024b61       _NET_CompareAdr            00425b61 f   net_wins.obj
 0001:00024bc7       _NET_CompareBaseAdr        00425bc7 f   net_wins.obj
 0001:00024c20       _NET_AdrToString           00425c20 f   net_wins.obj
 0001:00024cd9       _NET_StringToSockaddr      00425cd9 f   net_wins.obj
 0001:00024f12       _NET_StringToAdr           00425f12 f   net_wins.obj
 0001:00024f6b       _NET_IsLocalAddress        00425f6b f   net_wins.obj
 0001:00024f77       _NET_GetLoopPacket         00425f77 f   net_wins.obj
 0001:00024ffe       _NET_SendLoopPacket        00425ffe f   net_wins.obj
 0001:0002504a       _NET_GetPacket             0042604a f   net_wins.obj
 0001:00025168       _NET_SendPacket            00426168 f   net_wins.obj
 0001:00025240       _NET_IPSocket              00426240 f   net_wins.obj
 0001:00025356       _NET_OpenIP                00426356 f   net_wins.obj
 0001:000253d2       _NET_OpenIPX               004263d2 f   net_wins.obj
 0001:0002552a       _NET_Config                0042652a f   net_wins.obj
 0001:000255bd       _NET_Init                  004265bd f   net_wins.obj
 0001:00025624       _Pmove                     00426624 f   pmove.obj
 0001:000273ba       _NormalizeColor            004283ba f   q_shared2.obj
 0001:0002741b       _NormalizeColor255         0042841b f   q_shared2.obj
 0001:00027480       _Q_rsqrt                   00428480 f   q_shared2.obj
 0001:000274b0       _RotatePointAroundVector   004284b0 f   q_shared2.obj
 0001:00027620       _AngleVectors              00428620 f   q_shared2.obj
 0001:00027781       _ProjectPointOnPlane       00428781 f   q_shared2.obj
 0001:00027800       _PerpendicularVector       00428800 f   q_shared2.obj
 0001:0002787f       _MakeNormalVectors         0042887f f   q_shared2.obj
 0001:000278e6       _MatrixMultiply            004288e6 f   q_shared2.obj
 0001:000279cd       _SetPlaneSignbits          004289cd f   q_shared2.obj
 0001:000279f0       _LerpAngle                 004289f0 f   q_shared2.obj
 0001:00027a33       _anglemod                  00428a33 f   q_shared2.obj
 0001:00027a5f       _BoxOnPlaneSide            00428a5f f   q_shared2.obj
 0001:00027b82       _ClearBounds               00428b82 f   q_shared2.obj
 0001:00027bab       _AddPointToBounds          00428bab f   q_shared2.obj
 0001:00027be4       _VectorCompare             00428be4 f   q_shared2.obj
 0001:00027c12       _VectorNormalize           00428c12 f   q_shared2.obj
 0001:00027c66       _VectorNormalize2          00428c66 f   q_shared2.obj
 0001:00027cbe       _VectorNormalizeFast       00428cbe f   q_shared2.obj
 0001:00027d0f       _CrossProduct              00428d0f f   q_shared2.obj
 0001:00027d4a       _VectorLength              00428d4a f   q_shared2.obj
 0001:00027d79       _VectorDistance            00428d79 f   q_shared2.obj
 0001:00027daa       _VectorInverse             00428daa f   q_shared2.obj
 0001:00027dc5       _VectorScale               00428dc5 f   q_shared2.obj
 0001:00027de9       _AnglesToAxis              00428de9 f   q_shared2.obj
 0001:00027e27       _COM_FilePath              00428e27 f   q_shared2.obj
 0001:00027e5d       _ShortSwap                 00428e5d f   q_shared2.obj
 0001:00027e72       _va                        00428e72 f   q_shared2.obj
 0001:00027ebf       _COM_ParseExt              00428ebf f   q_shared2.obj
 0001:00027fc8       _COM_QuoteString           00428fc8 f   q_shared2.obj
 0001:00028023       _Com_PageInMemory          00429023 f   q_shared2.obj
 0001:00028042       _Q_stricmp                 00429042 f   q_shared2.obj
 0001:00028053       _Q_strncasecmp             00429053 f   q_shared2.obj
 0001:000280ab       _Q_strcasecmp              004290ab f   q_shared2.obj
 0001:000280c1       _Q_strncpyz                004290c1 f   q_shared2.obj
 0001:000280e5       _Q_strncpylower            004290e5 f   q_shared2.obj
 0001:0002811f       _Q_CopyFilename            0042911f f   q_shared2.obj
 0001:000281bb       _Com_sprintf               004291bb f   q_shared2.obj
 0001:00028201       _Info_ValueForKey          00429201 f   q_shared2.obj
 0001:0002828c       _Info_RemoveKey            0042928c f   q_shared2.obj
 0001:00028312       _Info_SetValueForKey       00429312 f   q_shared2.obj
 0001:00028450       _Menu_ItemAtCursor         00429450 f   qmenu.obj
 0001:000284a7       _Field_Key                 004294a7 f   qmenu.obj
 0001:00028717       _Menu_AddItem              00429717 f   qmenu.obj
 0001:00028792       _Menu_AdjustCursor         00429792 f   qmenu.obj
 0001:000288dd       _Menu_Center               004298dd f   qmenu.obj
 0001:0002891d       _Menu_DrawDotsItem         0042991d f   qmenu.obj
 0001:0002895c       _Menu_Draw                 0042995c f   qmenu.obj
 0001:00028e77       _Menu_SelectItem           00429e77 f   qmenu.obj
 0001:00028eab       _Menu_SetStatusBar         00429eab f   qmenu.obj
 0001:00028eb7       _Menu_SlideItem            00429eb7 f   qmenu.obj
 0001:000293ce       _S_SoundInfo_f             0042a3ce f   snd_dma.obj
 0001:00029458       _S_ReadModelsSex           0042a458 f   snd_dma.obj
 0001:00029540       _S_IsFemale                0042a540 f   snd_dma.obj
 0001:000295ce       _S_Init                    0042a5ce f   snd_dma.obj
 0001:000296a1       _S_Shutdown                0042a6a1 f   snd_dma.obj
 0001:0002972b       _S_FindName                0042a72b f   snd_dma.obj
 0001:0002980d       _S_AliasName               0042a80d f   snd_dma.obj
 0001:00029896       _S_BeginRegistration       0042a896 f   snd_dma.obj
 0001:000298a7       _S_RegisterSound           0042a8a7 f   snd_dma.obj
 0001:0002990d       _S_EndRegistration         0042a90d f   snd_dma.obj
 0001:000299a0       _S_PickChannel             0042a9a0 f   snd_dma.obj
 0001:00029a34       _S_SpatializeOrigin        0042aa34 f   snd_dma.obj
 0001:00029b5b       _S_Spatialize              0042ab5b f   snd_dma.obj
 0001:00029bcc       _S_AllocPlaysound          0042abcc f   snd_dma.obj
 0001:00029beb       _S_FreePlaysound           0042abeb f   snd_dma.obj
 0001:00029c1b       _S_IssuePlaysound          0042ac1b f   snd_dma.obj
 0001:00029ce8       _S_RegisterSexedSound      0042ace8 f   snd_dma.obj
 0001:00029dcc       _S_StartSound              0042adcc f   snd_dma.obj
 0001:00029f9b       _S_StartLocalSound         0042af9b f   snd_dma.obj
 0001:00029fea       _S_ClearBuffer             0042afea f   snd_dma.obj
 0001:0002a042       _S_StopAllSounds           0042b042 f   snd_dma.obj
 0001:0002a0bd       _S_AddLoopSounds           0042b0bd f   snd_dma.obj
 0001:0002a28f       _S_RawSamples              0042b28f f   snd_dma.obj
 0001:0002a493       _S_Update                  0042b493 f   snd_dma.obj
 0001:0002a58e       _GetSoundtime              0042b58e f   snd_dma.obj
 0001:0002a5f5       _S_Update_                 0042b5f5 f   snd_dma.obj
 0001:0002a69b       _S_Play                    0042b69b f   snd_dma.obj
 0001:0002a80c       _ResampleSfx               0042b80c f   snd_mem.obj
 0001:0002a924       _S_LoadSound               0042b924 f   snd_mem.obj
 0001:0002aa4d       _FindNextChunk             0042ba4d f   snd_mem.obj
 0001:0002aad7       _GetWavinfo                0042bad7 f   snd_mem.obj
 0001:0002acc4       _S_WriteLinearBlastStereo16 0042bcc4 f   snd_mix.obj
 0001:0002ad38       _S_TransferStereo16        0042bd38 f   snd_mix.obj
 0001:0002ada1       _S_TransferPaintBuffer     0042bda1 f   snd_mix.obj
 0001:0002aefd       _S_PaintChannels           0042befd f   snd_mix.obj
 0001:0002b12a       _S_InitScaletable          0042c12a f   snd_mix.obj
 0001:0002b17e       _S_PaintChannelFrom8       0042c17e f   snd_mix.obj
 0001:0002b280       _S_PaintChannelFrom16      0042c280 f   snd_mix.obj
 0001:0002b2eb       _FreeSound                 0042c2eb f   snd_win.obj
 0001:0002b3fb       _SNDDMA_InitDirect         0042c3fb f   snd_win.obj
 0001:0002b8ce       _SNDDMA_Init               0042c8ce f   snd_win.obj
 0001:0002b94a       _SNDDMA_GetDMAPos          0042c94a f   snd_win.obj
 0001:0002b994       _SNDDMA_BeginPainting      0042c994 f   snd_win.obj
 0001:0002ba96       _SNDDMA_Submit             0042ca96 f   snd_win.obj
 0001:0002babb       _SNDDMA_Shutdown           0042cabb f   snd_win.obj
 0001:0002bac0       _S_Activate                0042cac0 f   snd_win.obj
 0001:0002baeb       _SV_SetMaster_f            0042caeb f   sv_ccmds.obj
 0001:0002bbfd       _SV_WipeSavegame           0042cbfd f   sv_ccmds.obj
 0001:0002bc2b       _SV_CopySaveGame           0042cc2b f   sv_ccmds.obj
 0001:0002bc80       _SV_WriteLevelFile         0042cc80 f   sv_ccmds.obj
 0001:0002bd2e       _SV_ReadLevelFile          0042cd2e f   sv_ccmds.obj
 0001:0002bddc       _SV_WriteServerFile        0042cddc f   sv_ccmds.obj
 0001:0002c018       _SV_ReadServerFile         0042d018 f   sv_ccmds.obj
 0001:0002c132       _SV_DemoMap_f              0042d132 f   sv_ccmds.obj
 0001:0002c1bc       _SV_GameMap_f              0042d1bc f   sv_ccmds.obj
 0001:0002c32e       _SV_Map_f                  0042d32e f   sv_ccmds.obj
 0001:0002c39b       _SV_Loadgame_f             0042d39b f   sv_ccmds.obj
 0001:0002c4a0       _SV_Savegame_f             0042d4a0 f   sv_ccmds.obj
 0001:0002c5a5       _SV_AddressBanned          0042d5a5 f   sv_ccmds.obj
 0001:0002c5e7       _SV_InitOperatorCommands   0042d5e7 f   sv_ccmds.obj
 0001:0002cf86       _SV_WritePlayerstateToClient 0042df86 f   sv_ents.obj
 0001:0002d4aa       _SV_WriteFrameToClient     0042e4aa f   sv_ents.obj
 0001:0002d6d4       _SV_FatPVS                 0042e6d4 f   sv_ents.obj
 0001:0002d7fe       _SV_BuildClientFrame       0042e7fe f   sv_ents.obj
 0001:0002db0e       _SV_RecordDemoMessage      0042eb0e f   sv_ents.obj
 0001:0002dc2d       _SV_InitGameProgs          0042ec2d f   sv_game.obj
 0001:0002e6b4       _SV_ShutdownGameProgs      0042f6b4 f   sv_game.obj
 0001:0002e71d       _SV_FindIndex              0042f71d f   sv_init.obj
 0001:0002e820       _SV_ModelIndex             0042f820 f   sv_init.obj
 0001:0002e836       _SV_SoundIndex             0042f836 f   sv_init.obj
 0001:0002e84f       _SV_ImageIndex             0042f84f f   sv_init.obj
 0001:0002e868       _SV_CreateBaseline         0042f868 f   sv_init.obj
 0001:0002e8c6       _SV_CheckForSavegame       0042f8c6 f   sv_init.obj
 0001:0002e94e       _SV_SpawnServer            0042f94e f   sv_init.obj
 0001:0002ec20       _SV_InitGame               0042fc20 f   sv_init.obj
 0001:0002ee53       _SV_Map                    0042fe53 f   sv_init.obj
 0001:0002f011       _SV_DropClient             00430011 f   sv_main.obj
 0001:0002f086       _SV_StatusString           00430086 f   sv_main.obj
 0001:0002f165       _SVC_Info                  00430165 f   sv_main.obj
 0001:0002f23b       _SVC_GetChallenge          0043023b f   sv_main.obj
 0001:0002f2e3       _SVC_DirectConnect         004302e3 f   sv_main.obj
 0001:0002f74f       _Rcon_Validate             0043074f f   sv_main.obj
 0001:0002f780       _SVC_RemoteCommand         00430780 f   sv_main.obj
 0001:0002f852       _SV_ConnectionlessPacket   00430852 f   sv_main.obj
 0001:0002f9b4       _SV_CalcPings              004309b4 f   sv_main.obj
 0001:0002fa3b       _SV_GiveMsec               00430a3b f   sv_main.obj
 0001:0002fa7a       _SV_ReadPackets            00430a7a f   sv_main.obj
 0001:0002fbc4       _SV_CheckTimeouts          00430bc4 f   sv_main.obj
 0001:0002fc84       _SV_PostprocessFrame       00430c84 f   sv_main.obj
 0001:0003015a       _SV_MulticastHook          0043115a f   sv_main.obj
 0001:00030573       _SV_TraceHook              00431573 f   sv_main.obj
 0001:000306ee       _SV_Frame                  004316ee f   sv_main.obj
 0001:00030993       _SV_UserinfoChanged        00431993 f   sv_main.obj
 0001:00030a57       _SV_Init                   00431a57 f   sv_main.obj
 0001:00030ace       _SV_Shutdown               00431ace f   sv_main.obj
 0001:00030cda       _SV_FlushRedirect          00431cda f   sv_send.obj
 0001:00030d4c       _SV_ClientPrintf           00431d4c f   sv_send.obj
 0001:00030da7       _SV_BroadcastPrintf        00431da7 f   sv_send.obj
 0001:00030e7d       _SV_BroadcastCommand       00431e7d f   sv_send.obj
 0001:00030ed4       _SV_Multicast              00431ed4 f   sv_send.obj
 0001:00031119       _SV_MulticastOld           00432119 f   sv_send.obj
 0001:0003112c       _SV_StartSound             0043212c f   sv_send.obj
 0001:000313f1       _SV_StartSoundOld          004323f1 f   sv_send.obj
 0001:00031421       _SV_StartSoundNew          00432421 f   sv_send.obj
 0001:00031451       _SV_SendClientDatagram     00432451 f   sv_send.obj
 0001:00031525       _SV_DemoCompleted          00432525 f   sv_send.obj
 0001:00031541       _SV_RateDrop               00432541 f   sv_send.obj
 0001:0003158c       _SV_SendClientMessages     0043258c f   sv_send.obj
 0001:000316db       _SV_BeginDemoserver        004326db f   sv_user.obj
 0001:00031728       _SV_New_f                  00432728 f   sv_user.obj
 0001:0003189d       _SV_Configstrings_f        0043289d f   sv_user.obj
 0001:000319f7       _SV_Baselines_f            004329f7 f   sv_user.obj
 0001:00031b6b       _SV_Begin_f                00432b6b f   sv_user.obj
 0001:00031bc8       _SV_NextDownload_f         00432bc8 f   sv_user.obj
 0001:00031c9c       _SV_BeginDownload_f        00432c9c f   sv_user.obj
 0001:00031eb4       _SV_Disconnect_f           00432eb4 f   sv_user.obj
 0001:00031ec4       _SV_ShowServerinfo_f       00432ec4 f   sv_user.obj
 0001:00031ed1       _SV_Nextserver             00432ed1 f   sv_user.obj
 0001:00031f1b       _SV_Nextserver_f           00432f1b f   sv_user.obj
 0001:00031f62       _SV_ExecuteUserCommand     00432f62 f   sv_user.obj
 0001:00032050       _SV_ClientThink            00433050 f   sv_user.obj
 0001:00032093       _SV_ExecuteClientMessage   00433093 f   sv_user.obj
 0001:000322b4       _SV_ClearWorld             004332b4 f   sv_world.obj
 0001:00032408       _SV_UnlinkEdict            00433408 f   sv_world.obj
 0001:000324c4       _SV_LinkEdict              004334c4 f   sv_world.obj
 0001:00032b22       _SV_AreaEdicts             00433b22 f   sv_world.obj
 0001:00032cd3       _SV_PointContents          00433cd3 f   sv_world.obj
 0001:00032df9       _SV_ClipMoveToEntities     00433df9 f   sv_world.obj
 0001:000331d9       _SV_Trace                  004341d9 f   sv_world.obj
 0001:00033295       _Sys_Quit                  00434295 f   sys_win.obj
 0001:00033369       _Sys_Error                 00434369 f   sys_win.obj
 0001:000333bd       _osAddressInfo             004343bd f   sys_win.obj
 0001:00033451       _osModuleInfo              00434451 f   sys_win.obj
 0001:000335ec       _appSymbolName2            004345ec f   sys_win.obj
 0001:0003366c       _appSymbolName             0043466c f   sys_win.obj
 0001:0003369e       _win32ExceptFilter         0043469e f   sys_win.obj
 0001:00033c80       _win32ExceptFilter2        00434c80 f   sys_win.obj
 0001:00033c8c       _Sys_Init                  00434c8c f   sys_win.obj
 0001:00033f84       _Sys_ConsoleInput          00434f84 f   sys_win.obj
 0001:000340e4       _Sys_ConsoleOutput         004350e4 f   sys_win.obj
 0001:00034195       _Sys_SendKeyEvents         00435195 f   sys_win.obj
 0001:000341fe       _Sys_GetClipboardData      004351fe f   sys_win.obj
 0001:00034257       _Sys_AppActivate           00435257 f   sys_win.obj
 0001:00034272       _Sys_UnloadGame            00435272 f   sys_win.obj
 0001:00034295       _Sys_GetGameAPI            00435295 f   sys_win.obj
 0001:0003437f       _WinMain@16                0043537f f   sys_win.obj
 0001:0003453f       _Vid_CreateWindow          0043553f f   vid_dll.obj
 0001:00034cd8       _Vid_DestroyWindow         00435cd8 f   vid_dll.obj
 0001:00034d13       _Vid_GetModeInfo           00435d13 f   vid_dll.obj
 0001:00034d42       _Vid_UpdateWindowPosAndSize 00435d42 f   vid_dll.obj
 0001:00034da9       _Vid_FreeReflib            00435da9 f   vid_dll.obj
 0001:00034de8       _Vid_CheckChanges          00435de8 f   vid_dll.obj
 0001:00035199       _Vid_Init                  00436199 f   vid_dll.obj
 0001:0003520a       _Vid_Shutdown              0043620a f   vid_dll.obj
 0001:00035238       _Vid_MenuInit              00436238 f   vid_menu.obj
 0001:00035a98       _Vid_MenuDraw              00436a98 f   vid_menu.obj
 0001:00035b2c       _Vid_MenuKey               00436b2c f   vid_menu.obj
 0001:00035e86       _Zip_OpenArchive           00436e86 f   zip.obj
 0001:00035ef1       _Zip_CloseArchive          00436ef1 f   zip.obj
 0001:00035efd       _Zip_EnumArchive           00436efd f   zip.obj
 0001:000360de       _Zip_OpenFile              004370de f   zip.obj
 0001:000361ed       _Zip_ReadFile              004371ed f   zip.obj
 0001:000362e4       _Zip_CloseFile             004372e4 f   zip.obj
 0001:0003632c       _Zip_OpenBuf               0043732c f   zip.obj
 0001:0003637f       _Zip_ReadBuf               0043737f f   zip.obj
 0001:000363c7       _Zip_CloseBuf              004373c7 f   zip.obj
 0001:000363dd       _GL_BackEnd                004373dd f   gl_backend.obj
 0001:00039abb       _GL_InitBackend            0043aabb f   gl_backend.obj
 0001:00039afe       _GL_ShutdownBackend        0043aafe f   gl_backend.obj
 0001:00039b12       _GL_AllocDynamicMemory     0043ab12 f   gl_buffers.obj
 0001:00039b72       _GL_ResizeDynamicMemory    0043ab72 f   gl_buffers.obj
 0001:00039bbd       _GL_AddSurfaceToPortal     0043abbd f   gl_buffers.obj
 0001:00039c20       _GL_AddDynamicSurface      0043ac20 f   gl_buffers.obj
 0001:00039c48       _GL_InsertShaderIndex      0043ac48 f   gl_buffers.obj
 0001:00039c7b       _GL_ClearPortal            0043ac7b f   gl_buffers.obj
 0001:00039c97       _GL_FinishPortal           0043ac97 f   gl_buffers.obj
 0001:00039ce8       _GL_SortSurfaces           0043ace8 f   gl_buffers.obj
 0001:00039e83       _GL_ClearBuffers           0043ae83 f   gl_buffers.obj
 0001:00039e9a       _GL_AddEntity              0043ae9a f   gl_frontend.obj
 0001:0003a30e       _GL_AddDlight              0043b30e f   gl_frontend.obj
 0001:0003a4c6       _GL_DrawPortal             0043b4c6 f   gl_frontend.obj
 0001:0003cfeb       _GL_TextureMode            0043dfeb f   gl_image.obj
 0001:0003d092       _GL_CreateImage            0043e092 f   gl_image.obj
 0001:0003de62       _GL_SetRawPalette          0043ee62 f   gl_image.obj
 0001:0003de93       _GL_DrawStretchRaw8        0043ee93 f   gl_image.obj
 0001:0003e4b0       _GL_SetupGamma             0043f4b0 f   gl_image.obj
 0001:0003e5f3       _GL_PerformScreenshot      0043f5f3 f   gl_image.obj
 0001:0003e87c       _GL_InitImages             0043f87c f   gl_image.obj
 0001:0003ee57       _GL_ShutdownImages         0043fe57 f   gl_image.obj
 0001:0003eebe       _GL_LoadDelayedImages      0043febe f   gl_image.obj
 0001:0003ef3b       _GL_ShowImages             0043ff3b f   gl_image.obj
 0001:0003f1c3       _GL_FindImage              004401c3 f   gl_image.obj
 0001:0003f57e       _GL_Lock                   0044057e f   gl_interface.obj
 0001:0003f60e       _GL_Unlock                 0044060e f   gl_interface.obj
 0001:0003f7d0       _GL_Bind                   004407d0 f   gl_interface.obj
 0001:0003f8fa       _GL_BindForce              004408fa f   gl_interface.obj
 0001:0003f978       _GL_TexEnv                 00440978 f   gl_interface.obj
 0001:0003faf7       _GL_TexMipBias             00440af7 f   gl_interface.obj
 0001:0003fb52       _GL_TexEnvColor            00440b52 f   gl_interface.obj
 0001:0003fc02       _GL_SelectTexture          00440c02 f   gl_interface.obj
 0001:0003fc63       _GL_TexCoordPointer        00440c63 f   gl_interface.obj
 0001:0003fc93       _GL_SetMultitexture        00440c93 f   gl_interface.obj
 0001:0003fd85       _GL_DisableTexCoordArrays  00440d85 f   gl_interface.obj
 0001:0003fdde       _GL_CullFace               00440dde f   gl_interface.obj
 0001:0003fe2f       _GL_DepthRange             00440e2f f   gl_interface.obj
 0001:0003fe62       _GL_State                  00440e62 f   gl_interface.obj
 0001:0003ffbb       _GL_EnableFog              00440fbb f   gl_interface.obj
 0001:000400bc       _GL_SetDefaultState        004410bc f   gl_interface.obj
 0001:0004020a       _GL_Set2DMode              0044120a f   gl_interface.obj
 0001:00040305       _GL_Setup                  00441305 f   gl_interface.obj
 0001:00040411       _GL_ShowLights             00441411 f   gl_light.obj
 0001:00040836       _GL_LightForEntity         00441836 f   gl_light.obj
 0001:00041aaf       _GL_DiffuseLight           00442aaf f   gl_light.obj
 0001:00041c27       _GL_InitLightGrid          00442c27 f   gl_light.obj
 0001:00041cc3       _GL_PostLoadLights         00442cc3 f   gl_light.obj
 0001:00041f61       _LM_Init                   00442f61 f   gl_lightmap.obj
 0001:00041f77       _LM_Flush                  00442f77 f   gl_lightmap.obj
 0001:00041fd4       _LM_Done                   00442fd4 f   gl_lightmap.obj
 0001:00041ffb       _LM_Save                   00442ffb f   gl_lightmap.obj
 0001:00042015       _LM_Restore                00443015 f   gl_lightmap.obj
 0001:0004202f       _LM_NewBlock               0044302f f   gl_lightmap.obj
 0001:000420a9       _LM_Rewind                 004430a9 f   gl_lightmap.obj
 0001:000420b1       _LM_NextBlock              004430b1 f   gl_lightmap.obj
 0001:000420de       _LM_CheckMinlight          004430de f   gl_lightmap.obj
 0001:00042174       _LM_AllocBlock             00443174 f   gl_lightmap.obj
 0001:0004222b       _LM_PutBlock               0044322b f   gl_lightmap.obj
 0001:00042665       _LM_SortLightStyles        00443665 f   gl_lightmap.obj
 0001:000426f6       _GL_UpdateDynamicLightmap  004436f6 f   gl_lightmap.obj
 0001:00042bed       _LM_IsMonotone             00443bed f   gl_lightmap.obj
 0001:00042cf4       _GL_EnableRendering        00443cf4 f   gl_main.obj
 0001:00042d0f       _DrawTextLeft              00443d0f f   gl_main.obj
 0001:00042dd9       _DrawTextRight             00443dd9 f   gl_main.obj
 0001:00042e17       _DrawText3D                00443e17 f   gl_main.obj
 0001:00042e8f       _GL_GetRefAPI              00443e8f f   gl_main.obj
 0001:000447ba       _GL_InitFuncTables         004457ba f   gl_math.obj
 0001:0004496b       _ModelToWorldCoord         0044596b f   gl_math.obj
 0001:000449dc       _WorldToModelCoord         004459dc f   gl_math.obj
 0001:00044a23       _BuildRotationMatrix       00445a23 f   gl_math.obj
 0001:00044b1d       _GetBoxRect                00445b1d f   gl_math.obj
 0001:00044e8e       _ProjectToScreen           00445e8e f   gl_math.obj
 0001:00044fd1       _SaturateColor3f           00445fd1 f   gl_math.obj
 0001:000450c1       _SaturateColor4b           004460c1 f   gl_math.obj
 0001:000451cf       _GL_FindModel              004461cf f   gl_model.obj
 0001:0004534d       _GL_LoadWorldMap           0044634d f   gl_model.obj
 0001:00046ef0       _GL_PointInLeaf            00447ef0 f   gl_model.obj
 0001:000478fd       _ATAN2_FUNC                004488fd f i gl_model.obj
 0001:00047aa8       _GL_FindSkin               00448aa8 f   gl_model.obj
 0001:00047c07       _GL_ResetModels            00448c07 f   gl_model.obj
 0001:00047cdb       _GL_InitModels             00448cdb f   gl_model.obj
 0001:00047d6f       _GL_ShutdownModels         00448d6f f   gl_model.obj
 0001:00047d85       _SubdividePlane            00448d85 f   gl_poly.obj
 0001:000481d8       _FreeSubdividedPlane       004491d8 f   gl_poly.obj
 0001:000481f0       _GetSubdivideIndexes       004491f0 f   gl_poly.obj
 0001:00048243       _RemoveCollinearPoints     00449243 f   gl_poly.obj
 0001:00048357       _GetPolyArea               00449357 f   gl_poly.obj
 0001:000483eb       _GL_InitShaders            004493eb f   gl_shader.obj
 0001:0004854d       _GL_ShutdownShaders        0044954d f   gl_shader.obj
 0001:00048577       _GL_SetShaderLightmap      00449577 f   gl_shader.obj
 0001:00048979       _GL_SetShaderLightstyles   00449979 f   gl_shader.obj
 0001:00048a15       _GL_GetAlphaShader         00449a15 f   gl_shader.obj
 0001:00048d25       _GL_FindShader             00449d25 f   gl_shader.obj
 0001:0004935e       _GL_GetShaderByNum         0044a35e f   gl_shader.obj
 0001:0004937c       _GL_ResetShaders           0044a37c f   gl_shader.obj
 0001:0004980a       _GL_ClearSkyBox            0044a80a f   gl_sky.obj
 0001:0004982d       _GL_SetSkyRotate           0044a82d f   gl_sky.obj
 0001:00049865       _GL_SkyVisible             0044a865 f   gl_sky.obj
 0001:0004987e       _GL_AddSkySurface          0044a87e f   gl_sky.obj
 0001:00049eab       _GL_TesselateSkySide       0044aeab f   gl_sky.obj
 0001:0004a17d       _GLimp_SetMode             0044b17d f   glw_imp.obj
 0001:0004a41f       _GLimp_HasGamma            0044b41f f   glw_imp.obj
 0001:0004a433       _GLimp_SetGamma            0044b433 f   glw_imp.obj
 0001:0004a5cc       _GLimp_Init                0044b5cc f   glw_imp.obj
 0001:0004a92a       _GLimp_Shutdown            0044b92a f   glw_imp.obj
 0001:0004a9d8       _GLimp_EndFrame            0044b9d8 f   glw_imp.obj
 0001:0004aa72       _GLimp_AppActivate         0044ba72 f   glw_imp.obj
 0001:0004c16f       _QGL_Shutdown              0044d16f f   qgl_win.obj
 0001:0004c1b3       _QGL_Init                  0044d1b3 f   qgl_win.obj
 0001:0004c236       _QGL_InitExtensions        0044d236 f   qgl_win.obj
 0001:0004c5a0       _QGL_EnableLogging         0044d5a0 f   qgl_win.obj
 0001:0004c63b       _QGL_LogMessage            0044d63b f   qgl_win.obj
 0001:0004c652       _Hunk_Begin                0044d652 f   q_shwin.obj
 0001:0004c68c       _Hunk_Alloc                0044d68c f   q_shwin.obj
 0001:0004c713       _Hunk_End                  0044d713 f   q_shwin.obj
 0001:0004c719       _Hunk_Free                 0044d719 f   q_shwin.obj
 0001:0004c732       _Sys_Milliseconds          0044d732 f   q_shwin.obj
 0001:0004c766       _Sys_Mkdir                 0044d766 f   q_shwin.obj
 0001:0004c772       _Sys_FindFirst             0044d772 f   q_shwin.obj
 0001:0004c7f0       _Sys_FindNext              0044d7f0 f   q_shwin.obj
 0001:0004c865       _Sys_FindClose             0044d865 f   q_shwin.obj
 0001:0004c87f       _R_Alias_clip_z            0044d87f f   r_aclip.obj
 0001:0004c941       _R_Alias_clip_left         0044d941 f   r_aclip.obj
 0001:0004cb4d       _R_Alias_clip_right        0044db4d f   r_aclip.obj
 0001:0004cd59       _R_Alias_clip_top          0044dd59 f   r_aclip.obj
 0001:0004cf6d       _R_Alias_clip_bottom       0044df6d f   r_aclip.obj
 0001:0004d181       _R_AliasClip               0044e181 f   r_aclip.obj
 0001:0004d251       _R_AliasClipTriangle       0044e251 f   r_aclip.obj
 0001:0004d443       _R_AliasCheckFrameBBox     0044e443 f   r_alias.obj
 0001:0004d576       _R_AliasCheckBBox          0044e576 f   r_alias.obj
 0001:0004d5da       _R_AliasTransformVector    0044e5da f   r_alias.obj
 0001:0004d636       _R_AliasPreparePoints      0044e636 f   r_alias.obj
 0001:0004d8ce       _R_AliasSetUpTransform     0044e8ce f   r_alias.obj
 0001:0004db91       _R_AliasTransformFinalVerts 0044eb91 f   r_alias.obj
 0001:0004dd60       _R_AliasProjectAndClipTestFinalVert 0044ed60 f   r_alias.obj
 0001:0004de0f       _R_AliasSetupLighting      0044ee0f f   r_alias.obj
 0001:0004df79       _R_AliasSetupFrames        0044ef79 f   r_alias.obj
 0001:0004dfed       _R_AliasSetUpLerpData      0044efed f   r_alias.obj
 0001:0004e115       _R_AliasDrawModel          0044f115 f   r_alias.obj
 0001:0004e3a9       _R_EntityRotate            0044f3a9 f   r_bsp.obj
 0001:0004e425       _R_RotateBmodel            0044f425 f   r_bsp.obj
 0001:0004e580       _R_RecursiveClipBPoly      0044f580 f   r_bsp.obj
 0001:0004e8b0       _R_DrawSolidClippedSubmodelPolygons 0044f8b0 f   r_bsp.obj
 0001:0004ea37       _R_DrawSubmodelPolygons    0044fa37 f   r_bsp.obj
 0001:0004eac7       _R_RecursiveWorldNode      0044fac7 f   r_bsp.obj
 0001:0004ecf9       _R_RenderWorld             0044fcf9 f   r_bsp.obj
 0001:0004ed74       _Draw_FindPic              0044fd74 f   r_draw.obj
 0001:0004edb7       _Draw_InitLocal            0044fdb7 f   r_draw.obj
 0001:0004edc8       _Draw_Char                 0044fdc8 f   r_draw.obj
 0001:0004eea9       _Draw_CharColor            0044fea9 f   r_draw.obj
 0001:0004efb8       _R_DrawTexts               0044ffb8 f   r_draw.obj
 0001:0004f02e       _DrawText_Pos              0045002e f   r_draw.obj
 0001:0004f106       _DrawText_Left             00450106 f   r_draw.obj
 0001:0004f12e       _DrawText_Right            0045012e f   r_draw.obj
 0001:0004f16a       _Draw_GetPicSize           0045016a f   r_draw.obj
 0001:0004f1aa       _Draw_StretchPicImplementation 004501aa f   r_draw.obj
 0001:0004f2d1       _Draw_StretchPic           004502d1 f   r_draw.obj
 0001:0004f309       _Draw_StretchRaw8          00450309 f   r_draw.obj
 0001:0004f33b       _Draw_Pic                  0045033b f   r_draw.obj
 0001:0004f4f4       _Draw_PicColor             004504f4 f   r_draw.obj
 0001:0004f6ad       _Draw_TileClear            004506ad f   r_draw.obj
 0001:0004f77d       _Draw_Fill                 0045077d f   r_draw.obj
 0001:0004f819       _Draw_Fade                 00450819 f   r_draw.obj
 0001:0004f87b       _R_BeginEdgeFrame          0045087b f   r_edge.obj
 0001:0004f937       _R_InsertNewEdges          00450937 f   r_edge.obj
 0001:0004f97d       _R_RemoveEdges             0045097d f   r_edge.obj
 0001:0004f99b       _R_StepActiveU             0045099b f   r_edge.obj
 0001:0004fa2f       _R_CleanupSpan             00450a2f f   r_edge.obj
 0001:0004fa7f       _R_LeadingEdgeBackwards    00450a7f f   r_edge.obj
 0001:0004fb14       _R_TrailingEdge            00450b14 f   r_edge.obj
 0001:0004fb78       _R_LeadingEdge             00450b78 f   r_edge.obj
 0001:0004fd1b       _R_GenerateSpans           00450d1b f   r_edge.obj
 0001:0004fd89       _R_GenerateSpansBackward   00450d89 f   r_edge.obj
 0001:0004fdf7       _R_ScanEdges               00450df7 f   r_edge.obj
 0001:0004ffce       _D_FlatFillSurface         00450fce f   r_edge.obj
 0001:00050028       _D_CalcGradients           00451028 f   r_edge.obj
 0001:00050288       _D_BackgroundSurf          00451288 f   r_edge.obj
 0001:000502c8       _D_TurbulentSurf           004512c8 f   r_edge.obj
 0001:000503d7       _D_SkySurf                 004513d7 f   r_edge.obj
 0001:00050458       _D_SolidSurf               00451458 f   r_edge.obj
 0001:000505b0       _D_DrawflatSurfaces        004515b0 f   r_edge.obj
 0001:00050600       _D_DrawSurfaces            00451600 f   r_edge.obj
 0001:000506f9       _R_ImageList_f             004516f9 f   r_image.obj
 0001:000507ba       _R_FindFreeImage           004517ba f   r_image.obj
 0001:00050805       _R_LoadPic                 00451805 f   r_image.obj
 0001:00050892       _R_LoadTex                 00451892 f   r_image.obj
 0001:0005091e       _R_LoadWal                 0045191e f   r_image.obj
 0001:00050974       _R_MipMap                  00451974 f   r_image.obj
 0001:00050aa2       _R_DownsampleImage         00451aa2 f   r_image.obj
 0001:00050ba7       _R_FindImage               00451ba7 f   r_image.obj
 0001:00050f4c       _R_RegisterSkin            00451f4c f   r_image.obj
 0001:00050f5a       _R_FreeUnusedImages        00451f5a f   r_image.obj
 0001:00050fba       _R_InitImages              00451fba f   r_image.obj
 0001:0005101d       _R_ShutdownImages          0045201d f   r_image.obj
 0001:0005105a       _R_MarkLights              0045205a f   r_light.obj
 0001:00051120       _R_PushDlights             00452120 f   r_light.obj
 0001:0005117e       _R_LightPoint              0045217e f   r_light.obj
 0001:00051549       _R_AddDynamicLights        00452549 f   r_light.obj
 0001:000517e7       _R_BuildLightMap           004527e7 f   r_light.obj
 0001:000518dd       _R_InitTextures            004528dd f   r_main.obj
 0001:0005199e       _R_InitTurb                0045299e f   r_main.obj
 0001:00051a1b       _R_Register                00452a1b f   r_main.obj
 0001:00051a83       _R_Init                    00452a83 f   r_main.obj
 0001:00051b14       _R_Shutdown                00452b14 f   r_main.obj
 0001:00051b89       _R_NewMap                  00452b89 f   r_main.obj
 0001:00051c33       _R_MarkLeaves              00452c33 f   r_main.obj
 0001:00051d5a       _R_DrawEntitiesOnList      00452d5a f   r_main.obj
 0001:00051f02       _R_BmodelCheckBBox         00452f02 f   r_main.obj
 0001:00051fb4       _R_FindTopnode             00452fb4 f   r_main.obj
 0001:00052009       _RotatedBBox               00453009 f   r_main.obj
 0001:0005216b       _R_DrawBEntitiesOnList     0045316b f   r_main.obj
 0001:0005236c       _R_EdgeDrawing             0045336c f   r_main.obj
 0001:00052441       _R_CalcPalette             00453441 f   r_main.obj
 0001:00052546       _R_SetLightLevel           00453546 f   r_main.obj
 0001:00052596       _R_RenderFrame             00453596 f   r_main.obj
 0001:0005277b       _R_InitGraphics            0045377b f   r_main.obj
 0001:000527f1       _R_BeginFrame              004537f1 f   r_main.obj
 0001:00052936       _R_GammaCorrectAndSetPalette 00453936 f   r_main.obj
 0001:00052995       _R_CinematicSetPalette     00453995 f   r_main.obj
 0001:00052a2c       _Draw_BuildGammaTable      00453a2c f   r_main.obj
 0001:00052b3d       _R_DrawBeam                00453b3d f   r_main.obj
 0001:00052c92       _R_SetSky                  00453c92 f   r_main.obj
 0001:00052d09       _Draw_GetPalette           00453d09 f   r_main.obj
 0001:00052e4f       _Draw_ConCharColor         00453e4f f   r_main.obj
 0001:00052e70       _GetRefAPI                 00453e70 f   r_main.obj
 0001:000530c7       _D_ViewChanged             004540c7 f   r_misc.obj
 0001:0005323a       _R_PrintTimes              0045423a f   r_misc.obj
 0001:000532a2       _R_PrintDSpeeds            004542a2 f   r_misc.obj
 0001:00053357       _R_PrintAliasStats         00454357 f   r_misc.obj
 0001:0005336a       _R_TransformFrustum        0045436a f   r_misc.obj
 0001:00053428       _TransformVector           00454428 f   r_misc.obj
 0001:00053493       _R_SetUpFrustumIndexes     00454493 f   r_misc.obj
 0001:000534f8       _R_ViewChanged             004544f8 f   r_misc.obj
 0001:00053841       _R_SetupFrame              00454841 f   r_misc.obj
 0001:00053a1c       _WritePCXfile              00454a1c f   r_misc.obj
 0001:00053b3e       _R_ScreenShot              00454b3e f   r_misc.obj
 0001:00053c4d       _Mod_Modellist_f           00454c4d f   r_model.obj
 0001:00053cab       _Mod_Init                  00454cab f   r_model.obj
 0001:00053cc3       _Mod_ForName               00454cc3 f   r_model.obj
 0001:00053ef1       _Mod_PointInLeaf           00454ef1 f   r_model.obj
 0001:00053f50       _Mod_DecompressVis         00454f50 f   r_model.obj
 0001:00053fd0       _Mod_ClusterPVS            00454fd0 f   r_model.obj
 0001:00053ffd       _Mod_LoadLighting          00454ffd f   r_model.obj
 0001:0005407c       _R_NumberLeafs             0045507c f   r_model.obj
 0001:000540ca       _Mod_LoadVertexes          004550ca f   r_model.obj
 0001:0005410c       _Mod_LoadEdges             0045510c f   r_model.obj
 0001:0005415a       _Mod_LoadTexinfo           0045515a f   r_model.obj
 0001:000542c2       _CalcSurfaceExtents        004552c2 f   r_model.obj
 0001:00054440       _Mod_LoadFaces             00455440 f   r_model.obj
 0001:000545a1       _Mod_SetParent             004555a1 f   r_model.obj
 0001:000545c6       _Mod_LoadNodes             004555c6 f   r_model.obj
 0001:000546bc       _Mod_LoadLeafs             004556bc f   r_model.obj
 0001:00054765       _Mod_LoadMarksurfaces      00455765 f   r_model.obj
 0001:000547de       _Mod_LoadSurfedges         004557de f   r_model.obj
 0001:0005481d       _Mod_LoadPlanes            0045581d f   r_model.obj
 0001:0005488c       _Mod_LoadBrushModel        0045588c f   r_model.obj
 0001:00054a6b       _Mod_LoadAliasModel        00455a6b f   r_model.obj
 0001:00054cd8       _Mod_LoadSpriteModel       00455cd8 f   r_model.obj
 0001:00054dbb       _R_BeginRegistration       00455dbb f   r_model.obj
 0001:00054e4b       _R_RegisterModel           00455e4b f   r_model.obj
 0001:00054f43       _R_EndRegistration         00455f43 f   r_model.obj
 0001:00054fae       _Mod_FreeAll               00455fae f   r_model.obj
 0001:00054ff3       _R_DrawParticle            00455ff3 f   r_part.obj
 0001:0005528d       _R_DrawParticles           0045628d f   r_part.obj
 0001:00055335       _R_DrawSpanletOpaque       00456335 f   r_poly.obj
 0001:000553c5       _R_DrawSpanletTurbulentStipple33 004563c5 f   r_poly.obj
 0001:000554f0       _R_DrawSpanletTurbulentStipple66 004564f0 f   r_poly.obj
 0001:000556d1       _R_DrawSpanletTurbulentBlended66 004566d1 f   r_poly.obj
 0001:00055786       _R_DrawSpanletTurbulentBlended33 00456786 f   r_poly.obj
 0001:0005583b       _R_DrawSpanlet33           0045683b f   r_poly.obj
 0001:000558d5       _R_DrawSpanletConstant33   004568d5 f   r_poly.obj
 0001:0005592e       _R_DrawSpanlet66           0045692e f   r_poly.obj
 0001:000559cc       _R_DrawSpanlet33Stipple    004569cc f   r_poly.obj
 0001:00055ae7       _R_DrawSpanlet66Stipple    00456ae7 f   r_poly.obj
 0001:00055c78       _R_ClipPolyFace            00456c78 f   r_poly.obj
 0001:00055de9       _R_PolygonDrawSpans        00456de9 f   r_poly.obj
 0001:000561e8       _R_PolygonScanLeftEdge     004571e8 f   r_poly.obj
 0001:0005634c       _R_PolygonScanRightEdge    0045734c f   r_poly.obj
 0001:00056556       _R_ClipAndDrawPoly         00457556 f   r_poly.obj
 0001:00056755       _R_BuildPolygonFromSurface 00457755 f   r_poly.obj
 0001:0005694b       _R_PolygonCalculateGradients 0045794b f   r_poly.obj
 0001:00056c1e       _R_DrawAlphaSurfaces       00457c1e f   r_poly.obj
 0001:00056cb4       _R_IMFlatShadedQuad        00457cb4 f   r_poly.obj
 0001:00056de2       _R_InitAdivtab             00457de2 f   r_polyse.obj
 0001:00056e4e       _R_PolysetUpdateTables     00457e4e f   r_polyse.obj
 0001:00056e89       _R_DrawTriangle            00457e89 f   r_polyse.obj
 0001:00056f9a       _R_PolysetScanLeftEdge_C   00457f9a f   r_polyse.obj
 0001:00057164       _FloorDivMod               00458164 f   r_polyse.obj
 0001:000571fe       _R_PolysetSetUpForLineScan 004581fe f   r_polyse.obj
 0001:0005728c       _R_PolysetCalcGradients    0045828c f   r_polyse.obj
 0001:000574ff       _R_PolysetDrawSpans8_33    004584ff f   r_polyse.obj
 0001:0005762f       _R_PolysetDrawSpansConstant8_33 0045862f f   r_polyse.obj
 0001:000576c9       _R_PolysetDrawSpans8_66    004586c9 f   r_polyse.obj
 0001:00057805       _R_PolysetDrawSpansConstant8_66 00458805 f   r_polyse.obj
 0001:000578ad       _R_PolysetDrawSpans8_Opaque 004588ad f   r_polyse.obj
 0001:000579f8       _R_RasterizeAliasPolySmooth 004589f8 f   r_polyse.obj
 0001:00057fd8       _R_PolysetSetEdgeTable     00458fd8 f   r_polyse.obj
 0001:00058073       _R_InitSkyBox              00459073 f   r_rast.obj
 0001:000582dc       _R_EmitSkyBox              004592dc f   r_rast.obj
 0001:000583ef       _R_EmitEdge                004593ef f   r_rast.obj
 0001:000587c1       _R_ClipEdge                004597c1 f   r_rast.obj
 0001:0005896f       _R_EmitCachedEdge          0045996f f   r_rast.obj
 0001:000589c6       _R_RenderFace              004599c6 f   r_rast.obj
 0001:00058d8d       _R_RenderBmodelFace        00459d8d f   r_rast.obj
 0001:00058ff6       _D_WarpScreen              00459ff6 f   r_scan.obj
 0001:000591b8       _D_DrawTurbulent8Span      0045a1b8 f   r_scan.obj
 0001:0005923c       _Turbulent8                0045a23c f   r_scan.obj
 0001:00059598       _NonTurbulent8             0045a598 f   r_scan.obj
 0001:000598d2       _D_DrawSpans16             0045a8d2 f   r_scan.obj
 0001:00059bef       _D_DrawZSpans              0045abef f   r_scan.obj
 0001:00059cbf       _R_DrawSprite              0045acbf f   r_sprite.obj
 0001:00059f49       _R_TextureAnimation        0045af49 f   r_surf.obj
 0001:00059f6d       _R_DrawSurface             0045af6d f   r_surf.obj
 0001:0005a0d2       _R_DrawSurfaceBlock8_mip0  0045b0d2 f   r_surf.obj
 0001:0005a1d1       _R_DrawSurfaceBlock8_mip1  0045b1d1 f   r_surf.obj
 0001:0005a2d0       _R_DrawSurfaceBlock8_mip2  0045b2d0 f   r_surf.obj
 0001:0005a3cf       _R_DrawSurfaceBlock8_mip3  0045b3cf f   r_surf.obj
 0001:0005a4cb       _R_InitCaches              0045b4cb f   r_surf.obj
 0001:0005a54c       _D_FlushCaches             0045b54c f   r_surf.obj
 0001:0005a591       _D_SCAlloc                 0045b591 f   r_surf.obj
 0001:0005a71e       _D_CacheSurface            0045b71e f   r_surf.obj
 0001:0005a893       _DDRAW_Init                0045b893 f   rw_ddraw.obj
 0001:0005aca3       _DDRAW_SetPalette          0045bca3 f   rw_ddraw.obj
 0001:0005ad0c       _DDRAW_Shutdown            0045bd0c f   rw_ddraw.obj
 0001:0005ae77       _DIB_Init                  0045be77 f   rw_dib.obj
 0001:0005b05c       _DIB_SetPalette            0045c05c f   rw_dib.obj
 0001:0005b218       _DIB_Shutdown              0045c218 f   rw_dib.obj
 0001:0005b311       _SWimp_Init                0045c311 f   rw_imp.obj
 0001:0005b315       _SWimp_EndFrame            0045c315 f   rw_imp.obj
 0001:0005b481       _SWimp_SetMode             0045c481 f   rw_imp.obj
 0001:0005b5a3       _SWimp_SetPalette          0045c5a3 f   rw_imp.obj
 0001:0005b5c8       _SWimp_Shutdown            0045c5c8 f   rw_imp.obj
 0001:0005b60f       _SWimp_AppActivate         0045c60f f   rw_imp.obj
 0001:0005b6c0       _jpeg_CreateDecompress     0045c6c0 f   lib:jdapimin.obj
 0001:0005b780       _jpeg_destroy_decompress   0045c780 f   lib:jdapimin.obj
 0001:0005b780       _jpeg_destroy_compress     0045c780 f   lib:jdapimin.obj
 0001:0005b78b       _jpeg_read_header          0045c78b f   lib:jdapimin.obj
 0001:0005b7ed       _jpeg_consume_input        0045c7ed f   lib:jdapimin.obj
 0001:0005ba3b       _jpeg_finish_decompress    0045ca3b f   lib:jdapimin.obj
 0001:0005bad2       _jpeg_start_decompress     0045cad2 f   lib:jdapistd.obj
 0001:0005bc3f       _jpeg_read_scanlines       0045cc3f f   lib:jdapistd.obj
 0001:0005bcc3       _jpeg_resync_to_restart    0045ccc3 f   lib:jdmarker.obj
 0001:0005be88       _jinit_marker_reader       0045ce88 f   lib:jdmarker.obj
 0001:0005d353       _jpeg_CreateCompress       0045e353 f   lib:jcapimin.obj
 0001:0005d407       _jpeg_suppress_tables      0045e407 f   lib:jcapimin.obj
 0001:0005d451       _jpeg_finish_compress      0045e451 f   lib:jcapimin.obj
 0001:0005d53b       _jpeg_start_compress       0045e53b f   lib:jcapistd.obj
 0001:0005d5a7       _jpeg_write_scanlines      0045e5a7 f   lib:jcapistd.obj
 0001:0005d652       _jpeg_add_quant_table      0045e652 f   lib:jcparam.obj
 0001:0005d704       _jpeg_quality_scaling      0045e704 f   lib:jcparam.obj
 0001:0005d72b       _jpeg_set_quality          0045e72b f   lib:jcparam.obj
 0001:0005d765       _jpeg_set_defaults         0045e765 f   lib:jcparam.obj
 0001:0005d927       _jpeg_default_colorspace   0045e927 f   lib:jcparam.obj
 0001:0005d977       _jpeg_set_colorspace       0045e977 f   lib:jcparam.obj
 0001:0005dc92       _jpeg_stdio_dest           0045ec92 f   lib:jdatadst.obj
 0001:0005dd92       _crc32                     0045ed92 f   lib:crc32.obj
 0001:0005e01e       _inflateReset              0045f01e f   lib:inflate.obj
 0001:0005e065       _inflateInit2_             0045f065 f   lib:inflate.obj
 0001:0005e11e       _inflate                   0045f11e f   lib:inflate.obj
 0001:0005f2ac       _inflateEnd                004602ac f   lib:inflate.obj
 0001:0005f2ea       _jinit_input_controller    004602ea f   lib:jdinput.obj
 0001:0005f7cd       _jinit_memory_mgr          004607cd f   lib:jmemmgr.obj
 0001:00060361       _jpeg_abort                00461361 f   lib:jcomapi.obj
 0001:00060394       _jpeg_destroy              00461394 f   lib:jcomapi.obj
 0001:000603af       _jpeg_alloc_quant_table    004613af f   lib:jcomapi.obj
 0001:000603cb       _jpeg_alloc_huff_table     004613cb f   lib:jcomapi.obj
 0001:000603e7       _jpeg_calc_output_dimensions 004613e7 f   lib:jdmaster.obj
 0001:000604e7       _jinit_master_decompress   004614e7 f   lib:jdmaster.obj
 0001:0006083d       _jdiv_round_up             0046183d f   lib:jutils.obj
 0001:0006084d       _jround_up                 0046184d f   lib:jutils.obj
 0001:00060865       _jcopy_sample_rows         00461865 f   lib:jutils.obj
 0001:000608a3       _jcopy_block_row           004618a3 f   lib:jutils.obj
 0001:000608bc       _jzero_far                 004618bc f   lib:jutils.obj
 0001:000608cf       _jinit_marker_writer       004618cf f   lib:jcmarker.obj
 0001:000611ab       _jinit_compress_master     004621ab f   lib:jcinit.obj
 0001:00061204       _zcalloc                   00462204 f   lib:zutil.obj
 0001:00061216       _jpeg_free_large           00462216 f   lib:zutil.obj
 0001:00061216       _zcfree                    00462216 f   lib:zutil.obj
 0001:00061216       _jpeg_free_small           00462216 f   lib:zutil.obj
 0001:00061222       _inflate_fast              00462222 f   lib:inffast.obj
 0001:000615d7       _inflate_table             004625d7 f   lib:inftrees.obj
 0001:00061960       _adler32                   00462960 f   lib:adler32.obj
 0001:00061a79       _jinit_c_codec             00462a79 f   lib:jcodec.obj
 0001:00061a95       _jinit_d_codec             00462a95 f   lib:jcodec.obj
 0001:00061ab1       _jpeg_get_small            00462ab1 f   lib:jmemansi.obj
 0001:00061ab1       _jpeg_get_large            00462ab1 f   lib:jmemansi.obj
 0001:00061abd       _jpeg_mem_available        00462abd f   lib:jmemansi.obj
 0001:00061acc       _jpeg_open_backing_store   00462acc f   lib:jmemansi.obj
 0001:00061be3       _jpeg_mem_init             00462be3 f   lib:jmemansi.obj
 0001:00061be9       _R_SurfacePatch            00462be9 f   lib:jmemansi.obj
 0001:00061be9       _jpeg_mem_term             00462be9 f   lib:jmemansi.obj
 0001:00061be9       _QCommon_Shutdown          00462be9 f   lib:jmemansi.obj
 0001:00061be9       __setargv                  00462be9 f   lib:jmemansi.obj
 0001:00061bea       _jinit_d_main_controller   00462bea f   lib:jdmainct.obj
 0001:00062235       _jinit_d_post_controller   00463235 f   lib:jdpostct.obj
[...]
 0001:0006c819       _decompress_data           0046d819 f   lib:jddiffct.obj
 0001:0006c989       _process_restart           0046d989 f   lib:jddiffct.obj
 0001:0003516c       _dummy_consume_data        0043616c f   vid_dll.obj
 0001:0006c9be       _consume_data              0046d9be f   lib:jddiffct.obj
 0001:0006ca35       _output_data               0046da35 f   lib:jddiffct.obj
 0001:0006c461       _start_pass                0046d461 f   lib:jddctmgr.obj
 0001:0006b8b3       _start_pass_phuff_decoder  0046c8b3 f   lib:jdphuff.obj
 0001:0006bafc       _decode_mcu_DC_first       0046cafc f   lib:jdphuff.obj
 0001:0006bcf4       _process_restart           0046ccf4 f   lib:jdphuff.obj
 0001:0006bd63       _decode_mcu_AC_first       0046cd63 f   lib:jdphuff.obj
 0001:0006bf83       _decode_mcu_DC_refine      0046cf83 f   lib:jdphuff.obj
 0001:0006c058       _decode_mcu_AC_refine      0046d058 f   lib:jdphuff.obj
 0001:0006b2fa       _start_pass_huff_decoder   0046c2fa f   lib:jdshuff.obj
 0001:0006b432       _decode_mcu                0046c432 f   lib:jdshuff.obj
 0001:0006b7e2       _process_restart           0046c7e2 f   lib:jdshuff.obj
 0001:0006a6e3       _start_input_pass          0046b6e3 f   lib:jdcoefct.obj
 0001:0006a6f6       _start_iMCU_row            0046b6f6 f   lib:jdcoefct.obj
 0001:0006a73b       _start_output_pass         0046b73b f   lib:jdcoefct.obj
 0001:0006a778       _decompress_onepass        0046b778 f   lib:jdcoefct.obj
 0001:0003516c       _dummy_consume_data        0043616c f   vid_dll.obj
 0001:0006a951       _consume_data              0046b951 f   lib:jdcoefct.obj
 0001:0006ab0a       _decompress_data           0046bb0a f   lib:jdcoefct.obj
 0001:0006ac76       _smoothing_ok              0046bc76 f   lib:jdcoefct.obj
 0001:0006ad61       _decompress_smooth_data    0046bd61 f   lib:jdcoefct.obj
 0001:0006a57c       _scaler_start_pass         0046b57c f   lib:jcscale.obj
 0001:0006a59f       _simple_downscale          0046b59f f   lib:jcscale.obj
 0001:0006a5cb       _noscale                   0046b5cb f   lib:jcscale.obj
 0001:0006a074       _start_pass                0046b074 f   lib:jcpred.obj
 0001:0006a0cc       _reset_predictor           0046b0cc f   lib:jcpred.obj
 0001:0006a0f9       _jpeg_difference_first_row 0046b0f9 f   lib:jcpred.obj
 0001:0006a1e3       _jpeg_difference1          0046b1e3 f   lib:jcpred.obj
 0001:0006a251       _jpeg_difference2          0046b251 f   lib:jcpred.obj
 0001:0006a2c2       _jpeg_difference3          0046b2c2 f   lib:jcpred.obj
 0001:0006a33a       _jpeg_difference4          0046b33a f   lib:jcpred.obj
 0001:0006a3c5       _jpeg_difference5          0046b3c5 f   lib:jcpred.obj
 0001:0006a458       _jpeg_difference6          0046b458 f   lib:jcpred.obj
 0001:0006a4e7       _jpeg_difference7          0046b4e7 f   lib:jcpred.obj
 0001:00069966       _start_pass_huff           0046a966 f   lib:jclhuff.obj
 0001:00069b03       _encode_mcus_huff          0046ab03 f   lib:jclhuff.obj
 0001:00069cee       _emit_bits                 0046acee f   lib:jclhuff.obj
 0001:00069d91       _dump_buffer               0046ad91 f   lib:jclhuff.obj
 0001:00069db5       _emit_restart              0046adb5 f   lib:jclhuff.obj
 0001:00069e00       _flush_bits                0046ae00 f   lib:jclhuff.obj
 0001:00069e24       _finish_pass_huff          0046ae24 f   lib:jclhuff.obj
 0001:00069e91       _encode_mcus_gather        0046ae91 f   lib:jclhuff.obj
 0001:00069fba       _finish_pass_gather        0046afba f   lib:jclhuff.obj
 0001:0006843c       _need_optimization_pass    0046943c f   lib:jcshuff.obj
 0001:00069544       _start_pass_diff           0046a544 f   lib:jcdiffct.obj
 0001:000695e2       _start_iMCU_row            0046a5e2 f   lib:jcdiffct.obj
 0001:00069624       _compress_data             0046a624 f   lib:jcdiffct.obj
 0001:000697ba       _compress_first_pass       0046a7ba f   lib:jcdiffct.obj
 0001:000698af       _compress_output           0046a8af f   lib:jcdiffct.obj
 0001:00068f6f       _start_pass_fdctmgr        00469f6f f   lib:jcdctmgr.obj
 0001:0006910d       _forward_DCT               0046a10d f   lib:jcdctmgr.obj
 0001:00069259       _forward_DCT_float         0046a259 f   lib:jcdctmgr.obj
 0001:0006847f       _start_pass_phuff          0046947f f   lib:jcphuff.obj
 0001:000685ec       _encode_mcu_DC_first       004695ec f   lib:jcphuff.obj
 0001:0006871e       _emit_bits                 0046971e f   lib:jcphuff.obj
 0001:000687c9       _dump_buffer               004697c9 f   lib:jcphuff.obj
 0001:00068801       _emit_symbol               00469801 f   lib:jcphuff.obj
 0001:00068841       _emit_restart              00469841 f   lib:jcphuff.obj
 0001:000688ca       _emit_eobrun               004698ca f   lib:jcphuff.obj
 0001:00068950       _encode_mcu_AC_first       00469950 f   lib:jcphuff.obj
 0001:00068ae4       _encode_mcu_DC_refine      00469ae4 f   lib:jcphuff.obj
 0001:00068b9e       _encode_mcu_AC_refine      00469b9e f   lib:jcphuff.obj
 0001:00068db5       _finish_pass_phuff         00469db5 f   lib:jcphuff.obj
 0001:00068e04       _finish_pass_gather_phuff  00469e04 f   lib:jcphuff.obj
 0001:00068ec7       _need_optimization_pass    00469ec7 f   lib:jcphuff.obj
 0001:00067c17       _start_pass_huff           00468c17 f   lib:jcshuff.obj
 0001:00067d8c       _encode_mcu_huff           00468d8c f   lib:jcshuff.obj
 0001:00067e97       _encode_one_block          00468e97 f   lib:jcshuff.obj
 0001:0006800e       _emit_bits                 0046900e f   lib:jcshuff.obj
 0001:000680b1       _dump_buffer               004690b1 f   lib:jcshuff.obj
 0001:000680d5       _emit_restart              004690d5 f   lib:jcshuff.obj
 0001:00068142       _flush_bits                00469142 f   lib:jcshuff.obj
 0001:00068166       _finish_pass_huff          00469166 f   lib:jcshuff.obj
 0001:000681d5       _encode_mcu_gather         004691d5 f   lib:jcshuff.obj
 0001:0006828b       _htest_one_block           0046928b f   lib:jcshuff.obj
 0001:00068352       _finish_pass_gather        00469352 f   lib:jcshuff.obj
 0001:0006843c       _need_optimization_pass    0046943c f   lib:jcshuff.obj
 0001:000675ea       _start_pass_coef           004685ea f   lib:jccoefct.obj
 0001:000695e2       _start_iMCU_row            0046a5e2 f   lib:jcdiffct.obj
 0001:0006767f       _compress_data             0046867f f   lib:jccoefct.obj
 0001:00067866       _compress_first_pass       00468866 f   lib:jccoefct.obj
 0001:00067a4c       _compress_output           00468a4c f   lib:jccoefct.obj
 0001:00067502       _calc_output_dimensions    00468502 f   lib:jdlossls.obj
 0001:00067513       _start_input_pass          00468513 f   lib:jdlossls.obj
 0001:00067241       _calc_output_dimensions    00468241 f   lib:jdlossy.obj
 0001:000673b4       _start_input_pass          004683b4 f   lib:jdlossy.obj
 0001:000673d4       _latch_quant_tables        004683d4 f   lib:jdlossy.obj
 0001:0006746c       _start_output_pass         0046846c f   lib:jdlossy.obj
 0001:00067190       _start_pass                00468190 f   lib:jclossls.obj
 0001:000670fc       _start_pass                004680fc f   lib:jclossy.obj
 0001:00066651       _initial_setup             00467651 f   lib:jcmaster.obj
 0001:00066804       _validate_script           00467804 f   lib:jcmaster.obj
 0001:00066bdc       _prepare_for_pass          00467bdc f   lib:jcmaster.obj
 0001:00066d54       _select_scan_parameters    00467d54 f   lib:jcmaster.obj
 0001:00066e55       _per_scan_setup            00467e55 f   lib:jcmaster.obj
 0001:00067000       _pass_startup              00468000 f   lib:jcmaster.obj
 0001:00067027       _finish_pass_master        00468027 f   lib:jcmaster.obj
 0001:0006613d       _rgb_ycc_start             0046713d f   lib:jccolor.obj
 0001:00066201       _rgb_ycc_convert           00467201 f   lib:jccolor.obj
 0001:00066300       _rgb_gray_convert          00467300 f   lib:jccolor.obj
 0001:00066385       _cmyk_ycck_convert         00467385 f   lib:jccolor.obj
 0001:000664bd       _grayscale_convert         004674bd f   lib:jccolor.obj
 0001:00066517       _null_convert              00467517 f   lib:jccolor.obj
 0001:00065888       _null_method               00466888 f   lib:jcsample.obj
 0001:00065888       _start_pass_downsample     00466888 f   lib:jcsample.obj
 0001:00065889       _sep_downsample            00466889 f   lib:jcsample.obj
 0001:000658fe       _int_downsample            004668fe f   lib:jcsample.obj
 0001:000659f6       _expand_right_edge         004669f6 f   lib:jcsample.obj
 0001:00065a4b       _fullsize_downsample       00466a4b f   lib:jcsample.obj
 0001:00065a8f       _h2v1_downsample           00466a8f f   lib:jcsample.obj
 0001:00065b23       _h2v2_downsample           00466b23 f   lib:jcsample.obj
 0001:00065bd0       _h2v2_smooth_downsample    00466bd0 f   lib:jcsample.obj
 0001:00065e48       _fullsize_smooth_downsample 00466e48 f   lib:jcsample.obj
 0001:00065284       _start_pass_prep           00466284 f   lib:jcprepct.obj
 0001:000652c2       _pre_process_data          004662c2 f   lib:jcprepct.obj
 0001:00065470       _pre_process_context       00466470 f   lib:jcprepct.obj
 0001:00065629       _create_context_buffer     00466629 f   lib:jcprepct.obj
 0001:000650fc       _start_pass_main           004660fc f   lib:jcmainct.obj
 0001:0006513e       _process_data_simple_main  0046613e f   lib:jcmainct.obj
 0001:000646d2       _create_colormap           004656d2 f   lib:jquant1.obj
 0001:00064804       _select_ncolors            00465804 f   lib:jquant1.obj
 0001:000648db       _create_colorindex         004658db f   lib:jquant1.obj
 0001:00064a07       _alloc_fs_workspace        00465a07 f   lib:jquant1.obj
 0001:00064a43       _start_pass_1_quant        00465a43 f   lib:jquant1.obj
 0001:00064b0f       _create_odither_tables     00465b0f f   lib:jquant1.obj
 0001:00064b6e       _make_odither_array        00465b6e f   lib:jquant1.obj
 0001:00064bd1       _color_quantize            00465bd1 f   lib:jquant1.obj
 0001:00064c5c       _color_quantize3           00465c5c f   lib:jquant1.obj
 0001:00064cea       _quantize_ord_dither       00465cea f   lib:jquant1.obj
 0001:00064dd5       _quantize3_ord_dither      00465dd5 f   lib:jquant1.obj
 0001:00064ed5       _quantize_fs_dither        00465ed5 f   lib:jquant1.obj
 0001:00065888       _finish_pass_1_quant       00466888 f   lib:jcsample.obj
 0001:00065059       _new_color_map_1_quant     00466059 f   lib:jquant1.obj
 0001:00063693       _init_error_limit          00464693 f   lib:jquant2.obj
 0001:00063732       _start_pass_2_quant        00464732 f   lib:jquant2.obj
 0001:00063834       _prescan_quantize          00464834 f   lib:jquant2.obj
 0001:000638a3       _pass2_no_dither           004648a3 f   lib:jquant2.obj
 0001:00063950       _fill_inverse_cmap         00464950 f   lib:jquant2.obj
 0001:00063a1b       _find_nearby_colors        00464a1b f   lib:jquant2.obj
 0001:00063bbf       _find_best_colors          00464bbf f   lib:jquant2.obj
 0001:00063cd9       _pass2_fs_dither           00464cd9 f   lib:jquant2.obj
 0001:00063f48       _finish_pass1              00464f48 f   lib:jquant2.obj
 0001:00063f6a       _select_colors             00464f6a f   lib:jquant2.obj
 0001:00063ff6       _update_box                00464ff6 f   lib:jquant2.obj
 0001:00064390       _median_cut                00465390 f   lib:jquant2.obj
 0001:000644a4       _find_biggest_color_pop    004654a4 f   lib:jquant2.obj
 0001:000644d3       _find_biggest_volume       004654d3 f   lib:jquant2.obj
 0001:000644fc       _compute_color             004654fc f   lib:jquant2.obj
 0001:00065888       _finish_pass2              00466888 f   lib:jcsample.obj
 0001:00064638       _new_color_map_2_quant     00465638 f   lib:jquant2.obj
 0001:000630aa       _build_ycc_rgb_table       004640aa f   lib:jdmerge.obj
 0001:0006315a       _start_pass_merged_upsample 0046415a f   lib:jdmerge.obj
 0001:0006316f       _merged_2v_upsample        0046416f f   lib:jdmerge.obj
 0001:00063216       _merged_1v_upsample        00464216 f   lib:jdmerge.obj
 0001:00063247       _h2v1_merged_upsample      00464247 f   lib:jdmerge.obj
 0001:0006339d       _h2v2_merged_upsample      0046439d f   lib:jdmerge.obj
 0001:00062c4e       _build_ycc_rgb_table       00463c4e f   lib:jdcolor.obj
 0001:00062cfe       _ycc_rgb_convert           00463cfe f   lib:jdcolor.obj
 0001:00062e0c       _null_convert              00463e0c f   lib:jdcolor.obj
 0001:00062e84       _grayscale_convert         00463e84 f   lib:jdcolor.obj
 0001:00062ea7       _gray_rgb_convert          00463ea7 f   lib:jdcolor.obj
 0001:00062f00       _ycck_cmyk_convert         00463f00 f   lib:jdcolor.obj
 0001:00065888       _start_pass_dcolor         00466888 f   lib:jcsample.obj
 0001:000626af       _start_pass_upsample       004636af f   lib:jdsample.obj
 0001:000626c9       _sep_upsample              004636c9 f   lib:jdsample.obj
 0001:00062796       _fullsize_upsample         00463796 f   lib:jdsample.obj
 0001:000627a1       _noop_upsample             004637a1 f   lib:jdsample.obj
 0001:000627a9       _int_upsample              004637a9 f   lib:jdsample.obj
 0001:00062893       _h2v1_upsample             00463893 f   lib:jdsample.obj
 0001:000628ea       _h2v2_upsample             004638ea f   lib:jdsample.obj
 0001:0006295c       _h2v1_fancy_upsample       0046395c f   lib:jdsample.obj
 0001:000629ff       _h2v2_fancy_upsample       004639ff f   lib:jdsample.obj
 0001:000622b8       _start_pass_dpost          004632b8 f   lib:jdpostct.obj
 0001:0006235e       _post_process_1pass        0046335e f   lib:jdpostct.obj
 0001:000623c3       _post_process_prepass      004633c3 f   lib:jdpostct.obj
 0001:00062454       _post_process_2pass        00463454 f   lib:jdpostct.obj
 0001:00061cbf       _alloc_funny_pointers      00462cbf f   lib:jdmainct.obj
 0001:00061d6c       _start_pass_main           00462d6c f   lib:jdmainct.obj
 0001:00061dd4       _make_funny_pointers       00462dd4 f   lib:jdmainct.obj
 0001:00061f14       _process_data_simple_main  00462f14 f   lib:jdmainct.obj
 0001:00061f7c       _process_data_context_main 00462f7c f   lib:jdmainct.obj
 0001:0006208e       _set_wraparound_pointers   0046308e f   lib:jdmainct.obj
 0001:00062178       _set_bottom_pointers       00463178 f   lib:jdmainct.obj
 0001:00062212       _process_data_crank_post   00463212 f   lib:jdmainct.obj
 0001:00061b1e       _read_backing_store        00462b1e f   lib:jmemansi.obj
 0001:00061b79       _write_backing_store       00462b79 f   lib:jmemansi.obj
 0001:00061bd4       _close_backing_store       00462bd4 f   lib:jmemansi.obj
 0001:0006091d       _write_marker_header       0046191d f   lib:jcmarker.obj
 0001:00060973       _emit_byte                 00461973 f   lib:jcmarker.obj
 0001:000609a4       _write_marker_byte         004619a4 f   lib:jcmarker.obj
 0001:000609b4       _write_file_header         004619b4 f   lib:jcmarker.obj
 0001:00060a00       _emit_jfif_app0            00461a00 f   lib:jcmarker.obj
 0001:00060ad3       _emit_adobe_app14          00461ad3 f   lib:jcmarker.obj
 0001:00060b79       _write_frame_header        00461b79 f   lib:jcmarker.obj
 0001:00060c58       _emit_dqt                  00461c58 f   lib:jcmarker.obj
 0001:00060d47       _emit_sof                  00461d47 f   lib:jcmarker.obj
 0001:00060e23       _write_scan_header         00461e23 f   lib:jcmarker.obj
 0001:00060ee3       _emit_dht                  00461ee3 f   lib:jcmarker.obj
 0001:00060fbc       _emit_dri                  00461fbc f   lib:jcmarker.obj
 0001:0006100b       _emit_sos                  0046200b f   lib:jcmarker.obj
 0001:000610f9       _write_file_trailer        004620f9 f   lib:jcmarker.obj
 0001:00061119       _write_tables_only         00462119 f   lib:jcmarker.obj
 0001:00060472       _use_merged_upsample       00461472 f   lib:jdmaster.obj
 0001:00060518       _master_selection          00461518 f   lib:jdmaster.obj
 0001:00060675       _prepare_range_limit_table 00461675 f   lib:jdmaster.obj
 0001:000606fb       _prepare_for_output_pass   004616fb f   lib:jdmaster.obj
 0001:0006081c       _finish_output_pass        0046181c f   lib:jdmaster.obj
 0001:0005f8e9       _alloc_small               004608e9 f   lib:jmemmgr.obj
 0001:0005fa07       _alloc_large               00460a07 f   lib:jmemmgr.obj
 0001:0005fab8       _alloc_sarray              00460ab8 f   lib:jmemmgr.obj
 0001:0005fb50       _alloc_barray              00460b50 f   lib:jmemmgr.obj
 0001:0005fbf4       _alloc_darray              00460bf4 f   lib:jmemmgr.obj
 0001:0005fc9f       _request_virt_sarray       00460c9f f   lib:jmemmgr.obj
 0001:0005fd00       _request_virt_barray       00460d00 f   lib:jmemmgr.obj
 0001:0005fd61       _realize_virt_arrays       00460d61 f   lib:jmemmgr.obj
 0001:0005fee4       _access_virt_sarray        00460ee4 f   lib:jmemmgr.obj
 0001:00060004       _do_sarray_io              00461004 f   lib:jmemmgr.obj
 0001:00060094       _access_virt_barray        00461094 f   lib:jmemmgr.obj
 0001:000601b9       _do_barray_io              004611b9 f   lib:jmemmgr.obj
 0001:0006024a       _free_pool                 0046124a f   lib:jmemmgr.obj
 0001:00060331       _self_destruct             00461331 f   lib:jmemmgr.obj
 0001:0005f32b       _start_input_pass          0046032b f   lib:jdinput.obj
 0001:0005f359       _per_scan_setup            00460359 f   lib:jdinput.obj
 0001:0005f4df       _finish_input_pass         004604df f   lib:jdinput.obj
 0001:0005f4f0       _consume_markers           004604f0 f   lib:jdinput.obj
 0001:0005f58c       _initial_setup             0046058c f   lib:jdinput.obj
 0001:0005f796       _reset_input_controller    00460796 f   lib:jdinput.obj
 0001:0005f1ce       _updatewindow              004601ce f   lib:inflate.obj
 0001:0005ddb1       _crc32_little              0045edb1 f   lib:crc32.obj
 0001:0005dcce       _init_destination          0045ecce f   lib:jdatadst.obj
 0001:0005dcf4       _empty_output_buffer       0045ecf4 f   lib:jdatadst.obj
 0001:0005dd36       _term_destination          0045ed36 f   lib:jdatadst.obj
 0001:0005d855       _std_huff_tables           0045e855 f   lib:jcparam.obj
 0001:0005d8af       _add_huff_table            0045e8af f   lib:jcparam.obj
 0001:0005bdb1       _next_marker               0045cdb1 f   lib:jdmarker.obj
 0001:0005beeb       _get_interesting_appn      0045ceeb f   lib:jdmarker.obj
 0001:0005c016       _examine_app0              0045d016 f   lib:jdmarker.obj
 0001:0005c224       _examine_app14             0045d224 f   lib:jdmarker.obj
 0001:0005c2e5       _skip_variable             0045d2e5 f   lib:jdmarker.obj
 0001:0005c388       _read_markers              0045d388 f   lib:jdmarker.obj
 0001:0005c590       _get_soi                   0045d590 f   lib:jdmarker.obj
 0001:0005c63b       _get_sof                   0045d63b f   lib:jdmarker.obj
 0001:0005c944       _get_sos                   0045d944 f   lib:jdmarker.obj
 0001:0005cc32       _get_dht                   0045dc32 f   lib:jdmarker.obj
 0001:0005ced3       _get_dqt                   0045ded3 f   lib:jdmarker.obj
 0001:0005d12f       _get_dri                   0045e12f f   lib:jdmarker.obj
 0001:0005d20e       _first_marker              0045e20e f   lib:jdmarker.obj
 0001:0005d2aa       _read_restart_marker       0045e2aa f   lib:jdmarker.obj
 0001:0005d328       _reset_marker_reader       0045e328 f   lib:jdmarker.obj
 0001:0005bb95       _output_pass_setup         0045cb95 f   lib:jdapistd.obj
 0001:0005b889       _default_decompress_parms  0045c889 f   lib:jdapimin.obj

 70 bytes saved through ICF

