 Quake2

 Timestamp is 469f7dd7 (Thu Jul 19 19:05:59 2007)

 Preferred load address is 00400000

 Start         Length     Name                   Class
 0001:00000000 0006a960H .text                   CODE
 0002:00000000 00000290H .idata$5                DATA
 0002:00000290 000077dcH .rdata                  DATA
 0002:00007a70 00000044H .rdata$r                DATA
 0002:00007ab8 00000038H .xdata$x                DATA
 0002:00007af0 00000078H .idata$2                DATA
 0002:00007b68 00000014H .idata$3                DATA
 0002:00007b7c 00000290H .idata$4                DATA
 0002:00007e0c 00000858H .idata$6                DATA
 0002:00008664 00000000H .edata                  DATA
 0003:00000000 00000004H .CRT$XCA                DATA
 0003:00000004 0000008cH .CRT$XCU                DATA
 0003:00000090 00000004H .CRT$XCZ                DATA
 0003:00000094 00000004H .CRT$XIA                DATA
 0003:00000098 00000004H .CRT$XIZ                DATA
 0003:000000a0 0000ecdcH .data                   DATA
 0003:0000ed80 00460b6cH .bss                    DATA
 0004:00000000 00000130H .rsrc$01                DATA
 0004:00000130 00003f20H .rsrc$02                DATA

  Address         Publics by Value              Rva+Base     Lib:Object

 0001:00000000       ??3@YAXPAX@Z               00401000 f i CoreMain.obj
 0001:0000000e       ?appTimestamp@@YAPBDXZ     0040100e f   CoreMain.obj
 0001:00000043       ?appInit@@YAXXZ            00401043 f   CoreMain.obj
 0001:000000c3       ?appExit@@YAXXZ            004010c3 f   CoreMain.obj
 0001:000000cd       ?appMilliseconds@@YAIXZ    004010cd f   CoreWin32.obj
 0001:000000d3       ?appPackage@@YAPBDXZ       004010d3 f   CoreWin32.obj
 0001:0000012a       ?appGetSystemErrorMessage@@YAPBDI@Z 0040112a f   CoreWin32.obj
 0001:0000018e       ?appDisplayError@@YAXXZ    0040118e f   CoreWin32.obj
 0001:000001df       ?appInitPlatform@@YAXXZ    004011df f   CoreWin32.obj
 0001:00000372       ?appShutdownPlatform@@YAXXZ 00401372 f   CoreWin32.obj
 0001:0000037b       ?sprintf@?$TString@$0BAA@@@QAAHPBDZZ 0040137b f i CoreWin32.obj
 0001:000003a2       ?appDetectCPU@@YAXXZ       004013a2 f   CoreCpuid.obj
 0001:00000656       ?appLoadDebugSymbols@@YAXXZ 00401656 f   DbgSymbols.obj
 0001:00000813       ?appSymbolName@@YA_NIPADH@Z 00401813 f   DbgSymbols.obj
 0001:00000909       ?appSymbolName@@YAPBDI@Z   00401909 f   DbgSymbols.obj
 0001:00000941       ?osGetAddressPackage@@YA_NIPADHAAH@Z 00401941 f   DbgSymbolsWin32.obj
 0001:000009d5       ?osGetAddressSymbol@@YA_NIPADHAAH@Z 004019d5 f   DbgSymbolsWin32.obj
 0001:00000b7b       ?appMalloc@@YAPAXIH@Z      00401b7b f   Memory.obj
 0001:00000c80       ?appFree@@YAXPAX@Z         00401c80 f   Memory.obj
 0001:00000cff       ?Unlink@FMemHeader@@QAEXXZ 00401cff f i Memory.obj
 0001:00000d2a       ?Link@CMemoryChain@@AAEXXZ 00401d2a f   Memory.obj
 0001:00000d49       ?Unlink@CMemoryChain@@AAEXXZ 00401d49 f   Memory.obj
 0001:00000d74       ??2CMemoryChain@@SAPAXIH@Z 00401d74 f   Memory.obj
 0001:00000e3d       ??3CMemoryChain@@SAXPAX@Z  00401e3d f   Memory.obj
 0001:00000ebe       ?Alloc@CMemoryChain@@QAEPAXIH@Z 00401ebe f   Memory.obj
 0001:00000f8a       ?GetSize@CMemoryChain@@QAEHXZ 00401f8a f   Memory.obj
 0001:00000f98       ?BuildAllocatorsTable@@YAHPAXH@Z 00401f98 f   Memory.obj
 0001:00001105       ?appInitMemory@@YAXXZ      00402105 f   Memory.obj
 0001:000014ed       ?Tesselate@surfaceNull_t@OpenGLDrv@@UAEXAAUrefEntity_t@2@@Z 004024ed f i OutputDevice.obj
 0001:000014ed       ?Write@COutputDeviceNull@@UAEXPBD@Z 004024ed f i OutputDevice.obj
 0001:00001507       ??_ECOutputDevice@@UAEPAXI@Z 00402507 f i OutputDevice.obj
 0001:00001507       ??_GCOutputDeviceNull@@UAEPAXI@Z 00402507 f i OutputDevice.obj
 0001:00001507       ??_ECOutputDeviceNull@@UAEPAXI@Z 00402507 f i OutputDevice.obj
 0001:00001507       ??_GCOutputDevice@@UAEPAXI@Z 00402507 f i OutputDevice.obj
 0001:0000154a       ?Write@COutputDeviceLog@@UAEXPBD@Z 0040254a f i OutputDevice.obj
 0001:00001595       ??_GCOutputDeviceLog@@UAEPAXI@Z 00402595 f i OutputDevice.obj
 0001:00001595       ??_ECOutputDeviceLog@@UAEPAXI@Z 00402595 f i OutputDevice.obj
 0001:000015b5       ?Printf@COutputDevice@@QAAXPBDZZ 004025b5 f   OutputDevice.obj
 0001:00001626       ?Register@COutputDevice@@QAEXXZ 00402626 f   OutputDevice.obj
 0001:00001682       ?Unregister@COutputDevice@@QAEXXZ 00402682 f   OutputDevice.obj
 0001:000016d5       ?appPrintf@@YAXPBDZZ       004026d5 f   OutputDevice.obj
 0001:0000180c       ?appWPrintf@@YAXPBDZZ      0040280c f   OutputDevice.obj
 0001:0000186f       ??0COutputDeviceMemTail@@QAE@H@Z 0040286f f i ErrorMgr.obj
 0001:000018a0       ?Write@COutputDeviceMemTail@@UAEXPBD@Z 004028a0 f i ErrorMgr.obj
 0001:000019bc       ??_ECOutputDeviceMemTail@@UAEPAXI@Z 004029bc f i ErrorMgr.obj
 0001:000019bc       ??_GCOutputDeviceMemTail@@UAEPAXI@Z 004029bc f i ErrorMgr.obj
 0001:000019db       ??1COutputDeviceMemTail@@UAE@XZ 004029db f i ErrorMgr.obj
 0001:00001a24       ??0COutputDeviceFile@@QAE@XZ 00402a24 f i ErrorMgr.obj
 0001:00001a39       ?Write@COutputDeviceFile@@UAEXPBD@Z 00402a39 f i ErrorMgr.obj
 0001:00001a90       ?Flush@COutputDeviceFile@@UAEXXZ 00402a90 f i ErrorMgr.obj
 0001:00001aa0       ?Close@COutputDeviceFile@@UAEXXZ 00402aa0 f i ErrorMgr.obj
 0001:00001ab8       ??_GCOutputDeviceFile@@UAEPAXI@Z 00402ab8 f i ErrorMgr.obj
 0001:00001ab8       ??_ECOutputDeviceFile@@UAEPAXI@Z 00402ab8 f i ErrorMgr.obj
 0001:00001ad7       ??1COutputDeviceFile@@UAE@XZ 00402ad7 f i ErrorMgr.obj
 0001:00001b16       ?appBeginError@@YAPAVCOutputDevice@@PBD@Z 00402b16 f   ErrorMgr.obj
 0001:00001be0       ?appGetErrorLog@@YAPAVCOutputDevice@@XZ 00402be0 f   ErrorMgr.obj
 0001:00001c4b       ?Open@COutputDeviceFile@@QAEXPBD_N@Z 00402c4b f i ErrorMgr.obj
 0001:00001c91       ?appFatalError@@YAXPBDZZ   00402c91 f   ErrorMgr.obj
 0001:00001ce7       ?appNonFatalError@@YAXPBDZZ 00402ce7 f   ErrorMgr.obj
 0001:00001d49       ?appUnwindPrefix@@YAXPBD@Z 00402d49 f   ErrorMgr.obj
 0001:00001dfb       ?appUnwindThrow@@YAXPBDZZ  00402dfb f   ErrorMgr.obj
 0001:00001e71       ?Reset@CErrorHandler@@QAEXXZ 00402e71 f   ErrorMgr.obj
 0001:00001ea1       ?appInitError@@YAXXZ       00402ea1 f   ErrorMgr.obj
 0001:00001f96       ?appShutdownError@@YAXXZ   00402f96 f   ErrorMgr.obj
 0001:00002020       ?GetTail@COutputDeviceMemTail@@QAEPBDH@Z 00403020 f i ErrorMgr.obj
 0001:00002046       ?sprintf@?$TString@$0CAA@@@QAAHPBDZZ 00403046 f i ErrorMgr.obj
 0001:0000206d       ?win32ExceptFilter@@YGJPAU_EXCEPTION_POINTERS@@@Z 0040306d f   ExceptHandlerWin32.obj
 0001:00002236       ?win32ExceptFilter2@@YAIXZ 00403236 f   ExceptHandlerWin32.obj
 0001:0000223f       ?sprintf@?$TString@$0EAA@@@QAAHPBDZZ 0040323f f i ExceptHandlerWin32.obj
 0001:00002266       ?DumpRegs@@YAXPAVCOutputDevice@@PAU_CONTEXT@@@Z 00403266 f   ExceptDumpers.obj
 0001:00002377       ?DumpMem@@YAXPAVCOutputDevice@@PBIPAU_CONTEXT@@@Z 00403377 f   ExceptDumpers.obj
 0001:000025b6       ?UnwindEbpFrame@@YAXPAVCOutputDevice@@PBI@Z 004035b6 f   ExceptDumpers.obj
 0001:00002647       ?GetLine@CSimpleParser@@QAEPBDXZ 00403647 f   ScriptParser.obj
 0001:0000275e       ?SkipBraces@CSimpleParser@@QAEPBDXZ 0040375e f   ScriptParser.obj
 0001:00002794       ?appStricmp@@YAHPBD0@Z     00403794 f   Strings.obj
 0001:000027cb       ?toLower@@YADD@Z           004037cb f i Strings.obj
 0001:000027e6       ?appStrncpylwr@@YAXPADPBDH@Z 004037e6 f   Strings.obj
 0001:0000281e       ?appStrncpyz@@YAXPADPBDH@Z 0040381e f   Strings.obj
 0001:0000284b       ?appStrcatn@@YAXPADHPBD@Z  0040384b f   Strings.obj
 0001:00002877       ?appCopyFilename@@YAXPADPBDH@Z 00403877 f   Strings.obj
 0001:0000299f       ?appCStrlen@@YAHPBD@Z      0040399f f   Strings.obj
 0001:000029c7       ?appUncolorizeString@@YAXPADPBD@Z 004039c7 f   Strings.obj
 0001:000029f9       ?va@@YAPBDPBDZZ            004039f9 f   Strings.obj
 0001:00002aed       ?appSprintf@@YAHPADHPBDZZ  00403aed f   Strings.obj
 0001:00002b8c       ?appMatchWildcard@@YA_NPBD0_N@Z 00403b8c f   Strings.obj
 0001:00002dd0       ?appIsWildcard@@YA_NPBD@Z  00403dd0 f   Strings.obj
 0001:00002dfc       ?appStrdup@@YAPADPBD@Z     00403dfc f   Strings.obj
 0001:00002e3d       ?appStrdup@@YAPADPBDPAVCMemoryChain@@@Z 00403e3d f   Strings.obj
 0001:00002e72       ??0CStringItem@@QAE@XZ     00403e72 f   Strings.obj
 0001:00002e7d       ??2CStringItem@@SAPAXIPBD@Z 00403e7d f   Strings.obj
 0001:00002f17       ??2CStringItem@@SAPAXIPBDPAVCMemoryChain@@@Z 00403f17 f   Strings.obj
 0001:00002f8c       ?Find@CStringList@@IAEPAVCStringItem@@PBDPAPAV2@@Z 00403f8c f   Strings.obj
 0001:00003017       ?Find@CStringList@@IAEPAVCStringItem@@H@Z 00404017 f   Strings.obj
 0001:00003083       ?IndexOf@CStringList@@QAEHPBD@Z 00404083 f   Strings.obj
 0001:00003105       ?Remove@CStringList@@QAE_NPAVCStringItem@@@Z 00404105 f   Strings.obj
 0001:00003189       ?Add@CTextContainer@@QAEPAUCTextRec@@PBD@Z 00404189 f   TextContainer.obj
 0001:00003235       ?Enumerate@CTextContainer@@QAEXP6AXPBUCTextRec@@@Z@Z 00404235 f   TextContainer.obj
 0001:000032a1       ?SubtractPath@@YAPBDPBD0@Z 004042a1 f   FileSystem.obj
 0001:00003339       ?appMakeDirectoryForFile@@YAXPBD@Z 00404339 f   FileSystem.obj
 0001:0000336f       ?appOpenFile@@YAPAVCFile@@PBD@Z 0040436f f   FileSystem.obj
 0001:000033ac       ?Read@CFileOS@@UAEHPAXH@Z  004043ac f i FileSystem.obj
 0001:000033d3       ?GetSize@CFileOS@@UAEHXZ   004043d3 f i FileSystem.obj
 0001:0000341e       ?Eof@CFileOS@@UAE_NXZ      0040441e f i FileSystem.obj
 0001:00003432       ??_GCFileOS@@UAEPAXI@Z     00404432 f i FileSystem.obj
 0001:00003432       ??_ECFileOS@@UAEPAXI@Z     00404432 f i FileSystem.obj
 0001:00003467       ??_GCFile@@UAEPAXI@Z       00404467 f i FileSystem.obj
 0001:00003467       ??_ECFile@@UAEPAXI@Z       00404467 f i FileSystem.obj
 0001:00003487       ?ReadByte@CFile@@QAEEXZ    00404487 f   FileSystem.obj
 0001:0000349f       ?ReadInt@CFile@@QAEHXZ     0040449f f   FileSystem.obj
 0001:000034b7       ?ReadString@CFile@@QAEXPADH@Z 004044b7 f   FileSystem.obj
 0001:000034f4       ?GetType@CFileContainer@@MAEPBDXZ 004044f4 f   FileSystem.obj
 0001:000034fa       ?Mount@CFileSystem@@QAEXAAVCFileContainer@@PBD@Z 004044fa f   FileSystem.obj
 0001:00003550       ?Umount@CFileSystem@@QAEXAAVCFileContainer@@@Z 00404550 f   FileSystem.obj
 0001:0000358a       ?MountDirectory@CFileSystem@@QAEPAVCFileContainer@@PBD0@Z 0040458a f   FileSystem.obj
 0001:000035cf       ?GetType@CFileContainerOS@@MAEPBDXZ 004045cf f i FileSystem.obj
 0001:000035d5       ?FileExists@CFileContainerOS@@UAE_NPBD@Z 004045d5 f i FileSystem.obj
 0001:000035ff       ?OpenFile@CFileContainerOS@@UAEPAVCFile@@PBD@Z 004045ff f i FileSystem.obj
 0001:0000361f       ?List@CFileContainerOS@@UAEXAAVCFileList@@PBDI@Z 0040461f f i FileSystem.obj
 0001:00003648       ??_ECFileContainerOS@@UAEPAXI@Z 00404648 f i FileSystem.obj
 0001:00003648       ??_GCFileContainerOS@@UAEPAXI@Z 00404648 f i FileSystem.obj
 0001:00003668       ??_ECFileContainer@@UAEPAXI@Z 00404668 f i FileSystem.obj
 0001:00003668       ??_GCFileContainer@@UAEPAXI@Z 00404668 f i FileSystem.obj
 0001:00003688       ?MountArchive@CFileSystem@@QAEPAVCFileContainer@@PBD0@Z 00404688 f   FileSystem.obj
 0001:0000379f       ?Mount@CFileSystem@@QAEXPBD0@Z 0040479f f   FileSystem.obj
 0001:000039d0       ?Umount@CFileSystem@@QAEXPBD@Z 004049d0 f   FileSystem.obj
 0001:00003a6c       ?List@CFileSystem@@UAEPAVCFileList@@PBDIPAV2@@Z 00404a6c f   FileSystem.obj
 0001:00003c26       ?RegisterFormat@CFileSystem@@SAXP6APAVCFileContainer@@PBDPAU_iobuf@@@Z@Z 00404c26 f   FileSystem.obj
 0001:00003c6a       ?FileExists@CFileSystem@@UAE_NPBDI@Z 00404c6a f   FileSystem.obj
 0001:00003ce9       ?OpenFile@CFileSystem@@UAEPAVCFile@@PBDI@Z 00404ce9 f   FileSystem.obj
 0001:00003d8d       ?LoadFile@CFileSystem@@QAEPAXPBDPAI@Z 00404d8d f   FileSystem.obj
 0001:00003e5d       ?cMount@@YAX_NHPAPAD@Z     00404e5d f   FileSystem.obj
 0001:00003f9b       ?cUmount@@YAX_NHPAPAD@Z    00404f9b f   FileSystem.obj
 0001:00003fca       ?appInitFileSystem@@YAXAAVCFileSystem@@@Z 00404fca f   FileSystem.obj
 0001:000043be       ?appListDirectory@@YAXPBDAAVCFileList@@I@Z 004053be f   FileSystemWin32.obj
 0001:00004604       ?appMakeDirectory@@YAXPBD@Z 00405604 f   FileSystemWin32.obj
 0001:0000466e       ?appFileType@@YAIPBD@Z     0040566e f   FileSystemWin32.obj
 0001:000046ae       ?FindDir@CFileContainerArc@@IAEPAVFDirInfo@1@PBD_N@Z 004056ae f   FileContainerArc.obj
 0001:00004767       ?FindFile@CFileContainerArc@@IAEPAVCStringItem@@PBD@Z 00405767 f   FileContainerArc.obj
 0001:000047d1       ?FileExists@CFileContainerArc@@UAE_NPBD@Z 004057d1 f   FileContainerArc.obj
 0001:000047e6       ?OpenFile@CFileContainerArc@@UAEPAVCFile@@PBD@Z 004057e6 f   FileContainerArc.obj
 0001:00004805       ?List@CFileContainerArc@@UAEXAAVCFileList@@PBDI@Z 00405805 f   FileContainerArc.obj
 0001:00004970       ??E?$TStringSplitter@$0BAA@$0CP@@@QAEXXZ 00405970 f i FileContainerArc.obj
 0001:000049f2       ?GetLength@CVec3@@QAEMXZ   004059f2 f   Math3D.obj
 0001:00004a1d       ?Normalize@CVec3@@QAEMXZ   00405a1d f   Math3D.obj
 0001:00004a6f       ?VectorNormalize@@YAMABUCVec3@@AAU1@@Z 00405a6f f   Math3D.obj
 0001:00004ad9       ?NormalizeFast@CVec3@@QAEMXZ 00405ad9 f   Math3D.obj
 0001:00004b2a       ?FindAxisVectors@CVec3@@QBEXAAU1@0@Z 00405b2a f   Math3D.obj
 0001:00004b9a       ?cross@@YAXABUCVec3@@0AAU1@@Z 00405b9a f   Math3D.obj
 0001:00004bd6       ?VectorDistance@@YAMABUCVec3@@0@Z 00405bd6 f   Math3D.obj
 0001:00004c05       ?Setup@CPlane@@QAEXXZ      00405c05 f   Math3D.obj
 0001:00004cb3       ?Clear@CBox@@QAEXXZ        00405cb3 f   Math3D.obj
 0001:00004cd1       ?Expand@CBox@@QAEXABUCVec3@@@Z 00405cd1 f   Math3D.obj
 0001:00004d03       ?Expand@CBox@@QAEXABU1@@Z  00405d03 f   Math3D.obj
 0001:00004d42       ?GetCenter@CBox@@QBEXAAUCVec3@@@Z 00405d42 f   Math3D.obj
 0001:00004d65       ?Contains@CBox@@QBE_NABUCVec3@@@Z 00405d65 f   Math3D.obj
 0001:00004d99       ?Intersects@CBox@@QBE_NABU1@@Z 00405d99 f   Math3D.obj
 0001:00004dd8       ?OnPlaneSide@CBox@@QBEHABUCPlane@@@Z 00405dd8 f   Math3D.obj
 0001:00004f07       ?FromEuler@CAxis@@QAEXABUCVec3@@@Z 00405f07 f   Math3D.obj
 0001:00004f46       ?TransformVector@CAxis@@QBEXABUCVec3@@AAU2@@Z 00405f46 f   Math3D.obj
 0001:00004f99       ?UnTransformVector@CAxis@@QBEXABUCVec3@@AAU2@@Z 00405f99 f   Math3D.obj
 0001:00004ffd       ?TransformAxis@CAxis@@QBEXABU1@AAU1@@Z 00405ffd f   Math3D.obj
 0001:00005043       ?UnTransformAxis@CAxis@@QBEXABU1@AAU1@@Z 00406043 f   Math3D.obj
 0001:00005089       ?TransformPoint@CCoords@@QBEXABUCVec3@@AAU2@@Z 00406089 f   Math3D.obj
 0001:000050e9       ?UnTransformPoint@CCoords@@QBEXABUCVec3@@AAU2@@Z 004060e9 f   Math3D.obj
 0001:00005156       ?UnTransformCoords@CCoords@@QBEXABU1@AAU1@@Z 00406156 f   Math3D.obj
 0001:00005182       ?TransformPlane@CCoords@@QBEXABUCPlane@@AAU2@@Z 00406182 f   Math3D.obj
 0001:000051bc       ?TransformPoint@@YAXABUCVec3@@ABUCAxis@@0AAU1@@Z 004061bc f   Math3D.obj
 0001:0000521f       ?UnTransformPoint@@YAXABUCVec3@@ABUCAxis@@0AAU1@@Z 0040621f f   Math3D.obj
 0001:0000528f       ?Euler2Vecs@@YAXABUCVec3@@PAU1@11@Z 0040628f f   Math3D.obj
 0001:000053ef       ?Vec2Euler@@YAXABUCVec3@@AAU1@@Z 004063ef f   Math3D.obj
 0001:000054f1       ?Vec2Yaw@@YAMABUCVec3@@@Z  004064f1 f   Math3D.obj
 0001:00005564       ?appRsqrt@@YAMM@Z          00406564 f   MathMisc.obj
 0001:00005590       ?NormalizeColor@@YAMABUCVec3@@AAU1@@Z 00406590 f   MathMisc.obj
 0001:000055ee       ?NormalizeColor255@@YAMABUCVec3@@AAU1@@Z 004065ee f   MathMisc.obj
 0001:00005650       ?SCR_StopCinematic@@YAXXZ  00406650 f   cl_cin.obj
 0001:000056e4       ?SCR_DrawCinematic@@YA_NXZ 004066e4 f   cl_cin.obj
 0001:00005adb       ?SCR_PlayCinematic@@YAXPBD@Z 00406adb f   cl_cin.obj
 0001:00005e32       ?sprintf@?$TString@$0EA@@@QAAHPBDZZ 00406e32 f i cl_cin.obj
 0001:00005e53       ?CL_Download_f@@YAX_NHPAPAD@Z 00406e53 f   cl_download.obj
 0001:00006200       ?CL_ParseDownload@@YAXXZ   00407200 f   cl_download.obj
 0001:00006a2f       ?CL_Precache_f@@YAXHPAPAD@Z 00407a2f f   cl_download.obj
 0001:00006a8a       ?sprintf@?$TString@$0IA@@@QAAHPBDZZ 00407a8a f i cl_download.obj
 0001:00006aae       ?CL_ParseDelta@@YAXPAUclEntityState_t@@0HI_N@Z 00407aae f   cl_ents.obj
 0001:00006c2e       ?CL_ParseFrame@@YAXXZ      00407c2e f   cl_ents.obj
 0001:000072e3       ?CL_AddEntityBox@@YAXPAUclEntityState_t@@I@Z 004082e3 f   cl_ents.obj
 0001:000073e7       ?Lerp@@YAXABUCVec3@@0MAAU1@@Z 004083e7 f i cl_ents.obj
 0001:0000741e       ?OffsetThirdPersonView@@YAXXZ 0040841e f   cl_ents.obj
 0001:00007506       ?CL_AddEntities@@YAXXZ     00408506 f   cl_ents.obj
 0001:00008447       ?CL_ClearLightStyles@@YAXXZ 00409447 f   cl_fx.obj
 0001:000084c9       ?CL_SetLightstyle@@YAXHPBD@Z 004094c9 f   cl_fx.obj
 0001:0000852a       ?CL_AllocDlight@@YAPAUcdlight_t@@HABUCVec3@@@Z 0040952a f   cl_fx.obj
 0001:00008595       ?CL_AllocParticleTrace@@YAPAUparticleTrace_t@@ABUCVec3@@0MM@Z 00409595 f   cl_fx.obj
 0001:00008624       ?CL_AllocParticleBeam@@YAPAUbeam_t@@ABUCVec3@@0MM@Z 00409624 f   cl_fx.obj
 0001:00008699       ?CL_AllocParticle@@YAPAUparticle_t@@XZ 00409699 f   cl_fx.obj
 0001:000086ec       ?CL_MetalSparks@@YAXABUCVec3@@0H@Z 004096ec f   cl_fx.obj
 0001:000087ea       ?CL_AddEffects@@YAXXZ      004097ea f   cl_fx.obj
 0001:00008ecf       ?CL_ClearEffects@@YAXXZ    00409ecf f   cl_fx.obj
 0001:00008f51       ?CL_EntityEvent@@YAXPAUclEntityState_t@@@Z 00409f51 f   cl_fx.obj
 0001:00009108       ?CL_ParseMuzzleFlash@@YAXXZ 0040a108 f   cl_fx.obj
 0001:00009478       ?CL_ParseMuzzleFlash2@@YAXXZ 0040a478 f   cl_fx.obj
 0001:000098ee       ?CL_ParticleEffect@@YAXABUCVec3@@0HH@Z 0040a8ee f   cl_fx.obj
 0001:00009ad7       ?CL_ParticleEffect2@@YAXABUCVec3@@0HH@Z 0040aad7 f   cl_fx.obj
 0001:00009aff       ?CL_ParticleEffect3@@YAXABUCVec3@@0HH@Z 0040aaff f   cl_fx.obj
 0001:00009b27       ?CL_TeleporterParticles@@YAXPAUclEntityState_t@@@Z 0040ab27 f   cl_fx.obj
 0001:00009b49       ?CL_LogoutEffect@@YAXABUCVec3@@H@Z 0040ab49 f   cl_fx.obj
 0001:00009b81       ?CL_ItemRespawnParticles@@YAXABUCVec3@@@Z 0040ab81 f   cl_fx.obj
 0001:00009b9f       ?CL_ExplosionParticles@@YAXABUCVec3@@@Z 0040ab9f f   cl_fx.obj
 0001:00009bc0       ?CL_BFGExplosionParticles@@YAXABUCVec3@@@Z 0040abc0 f   cl_fx.obj
 0001:00009be1       ?CL_TrackerExplosionParticles@@YAXABUCVec3@@@Z 0040abe1 f   cl_fx.obj
 0001:00009c02       ?CL_BlasterParticles@@YAXABUCVec3@@0I@Z 0040ac02 f   cl_fx.obj
 0001:00009c29       ?CL_BlasterTrail@@YAXAAUcentity_t@@@Z 0040ac29 f   cl_fx.obj
 0001:00009d30       ?CL_BlasterTrail2@@YAXAAUcentity_t@@@Z 0040ad30 f   cl_fx.obj
 0001:00009d47       ?CL_FlagTrail@@YAXAAUcentity_t@@H@Z 0040ad47 f   cl_fx.obj
 0001:00009d66       ?CL_RocketTrail@@YAXAAUcentity_t@@@Z 0040ad66 f   cl_fx.obj
 0001:00009da5       ?CL_BubbleTrail@@YAXABUCVec3@@0@Z 0040ada5 f   cl_fx.obj
 0001:00009e41       ?CL_BubbleTrail2@@YAXABUCVec3@@0@Z 0040ae41 f   cl_fx.obj
 0001:00009e5b       ?CL_TagTrail@@YAXAAUcentity_t@@@Z 0040ae5b f   cl_fx.obj
 0001:00009e72       ?CL_DebugTrail@@YAXABUCVec3@@0@Z 0040ae72 f   cl_fx.obj
 0001:00009e8c       ?CL_ForceWall@@YAXABUCVec3@@0H@Z 0040ae8c f   cl_fx.obj
 0001:00009eae       ?CL_BigTeleportParticles@@YAXABUCVec3@@@Z 0040aeae f   cl_fx.obj
 0001:00009fe9       ?CL_BfgParticles@@YAXABUCVec3@@@Z 0040afe9 f   cl_fx.obj
 0001:0000a163       ?CL_FlyEffect@@YAXAAUcentity_t@@@Z 0040b163 f   cl_fx.obj
 0001:0000a2ef       ?CL_DiminishingTrail@@YAXAAUcentity_t@@H@Z 0040b2ef f   cl_fx.obj
 0001:0000a449       ?CL_RailTrail@@YAXABUCVec3@@0@Z 0040b449 f   cl_fx.obj
 0001:0000a5bb       ?CL_RailTrailExt@@YAXABUCVec3@@0EE@Z 0040b5bb f   cl_fx.obj
 0001:0000a700       ?CL_IonripperTrail@@YAXAAUcentity_t@@@Z 0040b700 f   cl_fx.obj
 0001:0000a85a       ?CL_TrapParticles@@YAXABUCVec3@@@Z 0040b85a f   cl_fx.obj
 0001:0000a9cd       ?CL_TeleportParticles@@YAXABUCVec3@@@Z 0040b9cd f   cl_fx.obj
 0001:0000ab03       ?CL_Heatbeam@@YAXABUCVec3@@0@Z 0040bb03 f   cl_fx.obj
 0001:0000ada9       ?CL_ParticleSteamEffect@@YAXABUCVec3@@0HHH@Z 0040bda9 f   cl_fx.obj
 0001:0000aedf       ?CL_ParticleSmokeEffect@@YAXABUCVec3@@0@Z 0040bedf f   cl_fx.obj
 0001:0000aff8       ?CL_TrackerTrail@@YAXAAUcentity_t@@@Z 0040bff8 f   cl_fx.obj
 0001:0000b172       ?CL_TrackerShell@@YAXABUCVec3@@@Z 0040c172 f   cl_fx.obj
 0001:0000b1fe       ?CL_MonsterPlasmaShell@@YAXABUCVec3@@@Z 0040c1fe f   cl_fx.obj
 0001:0000b287       ?CL_WidowSplash@@YAXABUCVec3@@@Z 0040c287 f   cl_fx.obj
 0001:0000b368       ?CL_InitInput@@YAXXZ       0040c368 f   cl_input.obj
 0001:0000b916       ?CL_SendCmd@@YAXXZ         0040c916 f   cl_input.obj
 0001:0000bf35       ?CL_WriteDemoMessage@@YAXXZ 0040cf35 f   cl_main.obj
 0001:0000bf77       ?Cmd_ForwardToServer@@YAXHPAPAD@Z 0040cf77 f   cl_main.obj
 0001:0000c03c       ?CL_ForwardToServer_f@@YAXHPAPAD@Z 0040d03c f   cl_main.obj
 0001:0000c085       ?CL_Pause@@YAX_N@Z         0040d085 f   cl_main.obj
 0001:0000c0ca       ?CL_Drop@@YAX_N@Z          0040d0ca f   cl_main.obj
 0001:0000c0f5       ?CL_SendConnectPacket@@YAXXZ 0040d0f5 f   cl_main.obj
 0001:0000c15b       ?CL_Connect_f@@YAX_NHPAPAD@Z 0040d15b f   cl_main.obj
 0001:0000c1c8       ?CL_Rcon_f@@YAXHPAPAD@Z    0040d1c8 f   cl_main.obj
 0001:0000c2b4       ?CL_Disconnect@@YAXXZ      0040d2b4 f   cl_main.obj
 0001:0000c45f       ?CL_Disconnect_f@@YAXXZ    0040d45f f   cl_main.obj
 0001:0000c469       ?CL_Changing_f@@YAXXZ      0040d469 f   cl_main.obj
 0001:0000c491       ?CL_Reconnect_f@@YAXXZ     0040d491 f   cl_main.obj
 0001:0000c52d       ?CL_PingServers_f@@YAXXZ   0040d52d f   cl_main.obj
 0001:0000c8e8       ?CL_ConnectionlessPacket@@YAXXZ 0040d8e8 f   cl_main.obj
 0001:0000c9e5       ?CL_Userinfo_f@@YAXXZ      0040d9e5 f   cl_main.obj
 0001:0000ca00       ?CL_RegisterSounds@@YAXXZ  0040da00 f   cl_main.obj
 0001:0000ca3f       ?CL_Snd_Restart_f@@YAXXZ   0040da3f f   cl_main.obj
 0001:0000ca4e       ?CL_WriteConfiguration@@YAXPBD@Z 0040da4e f   cl_main.obj
 0001:0000cb35       ?CL_WriteConfig_f@@YAX_NHPAPAD@Z 0040db35 f   cl_main.obj
 0001:0000cb9f       ?CL_FixCvarCheats@@YAXXZ   0040db9f f   cl_main.obj
 0001:0000cbf0       ?CL_Frame@@YAXMM@Z         0040dbf0 f   cl_main.obj
 0001:0000d058       ?CL_ClearState@@YAXXZ      0040e058 f   cl_main.obj
 0001:0000d096       ?CL_Init@@YAXXZ            0040e096 f   cl_main.obj
 0001:0000d545       ?CL_Shutdown@@YAXXZ        0040e545 f   cl_main.obj
 0001:0000d5a1       ?CL_ParseClientinfo@@YAXH@Z 0040e5a1 f   cl_parse.obj
 0001:0000d659       ?CL_UpdatePlayerClientInfo@@YAXXZ 0040e659 f   cl_parse.obj
 0001:0000d69a       ?CL_ParseServerMessage@@YAXXZ 0040e69a f   cl_parse.obj
 0001:0000de80       ?FreePlayerModelsInfo@@YAXXZ 0040ee80 f   cl_playermodel.obj
 0001:0000dea6       ?ScanPlayerModels@@YA_NXZ  0040eea6 f   cl_playermodel.obj
 0001:0000e2a0       ?RunAnimation@@YAXAAUclientInfo_t@@AAUanimState_t@@H@Z 0040f2a0 f   cl_playermodel.obj
 0001:0000e48e       ?CL_LoadClientinfo@@YAXAAUclientInfo_t@@PBD_N@Z 0040f48e f   cl_playermodel.obj
 0001:0000f11a       ?ParsePlayerEntity@@YAHAAUcentity_t@@AAUclientInfo_t@@PAUclEntityState_t@@ABUentity_t@@PAU4@HH@Z 0041011a f   cl_playermodel.obj
 0001:0000fc89       ?CreateAndInsert@?$TList@VCStringItem@@@@QAEPAVCStringItem@@PBDPAVCMemoryChain@@@Z 00410c89 f i cl_playermodel.obj
 0001:0000fcc1       ?Insert@?$TList@VplayerModelInfo_t@@@@QAE_NPAVplayerModelInfo_t@@@Z 00410cc1 f i cl_playermodel.obj
 0001:0000fcc1       ?Insert@?$TList@VCStringItem@@@@QAE_NPAVCStringItem@@@Z 00410cc1 f i cl_playermodel.obj
 0001:0000fcc1       ?Insert@?$TList@VshaderScript_t@OpenGLDrv@@@@QAE_NPAVshaderScript_t@OpenGLDrv@@@Z 00410cc1 f i cl_playermodel.obj
 0001:0000fcf7       ?CL_CheckPredictionError@@YAXXZ 00410cf7 f   cl_pred.obj
 0001:0000fe8a       ?CL_EntityTrace@@YAXAAUtrace_t@@ABUCVec3@@1ABUCBox@@H@Z 00410e8a f   cl_pred.obj
 0001:000101e4       ?CL_Trace@@YAXAAUtrace_t@@ABUCVec3@@1ABUCBox@@H@Z 004111e4 f   cl_pred.obj
 0001:00010295       ?CL_PMpointcontents@@YAHABUCVec3@@@Z 00411295 f   cl_pred.obj
 0001:0001042b       ?CL_PredictMovement@@YAXXZ 0041142b f   cl_pred.obj
 0001:000107f2       ?DrawString@@YAXHHPBD@Z    004117f2 f   cl_scrn.obj
 0001:00010837       ?SCR_DebugGraph@@YAXMH@Z   00411837 f   cl_scrn.obj
 0001:00010861       ?SCR_CenterPrint@@YAXPBD@Z 00411861 f   cl_scrn.obj
 0001:00010967       ?Key_Message@@YAXH@Z       00411967 f   cl_scrn.obj
 0001:00010a07       ?SCR_SetLevelshot@@YAXPBD@Z 00411a07 f   cl_scrn.obj
 0001:00010b02       ?SCR_BeginLoadingPlaque@@YAX_N@Z 00411b02 f   cl_scrn.obj
 0001:00010b98       ?SCR_EndLoadingPlaque@@YAX_N@Z 00411b98 f   cl_scrn.obj
 0001:00010c1d       ?SCR_LoadingNotify@@YAXPBDM@Z 00411c1d f   cl_scrn.obj
 0001:00010c46       ?SCR_ShowConsole@@YAX_N0@Z 00411c46 f   cl_scrn.obj
 0001:00010d0b       ?SCR_ToggleConsole@@YAXXZ  00411d0b f   cl_scrn.obj
 0001:00010d33       ?SCR_TouchPics@@YAXXZ      00411d33 f   cl_scrn.obj
 0001:00010d87       ?SCR_UpdateScreen@@YAXXZ   00411d87 f   cl_scrn.obj
 0001:0001210f       ?SCR_Init@@YAXXZ           0041310f f   cl_scrn.obj
 0001:00012440       ?sprintf@?$TString@$0BA@@@QAAHPBDZZ 00413440 f i cl_scrn.obj
 0001:00012461       ?CL_RegisterTEntSounds@@YAXXZ 00413461 f   cl_tent.obj
 0001:000126b6       ?CL_RegisterTEntModels@@YAXXZ 004136b6 f   cl_tent.obj
 0001:00012807       ?CL_ClearTEnts@@YAXXZ      00413807 f   cl_tent.obj
 0001:00012838       ?CL_SmokeAndFlash@@YAXABUCVec3@@@Z 00413838 f   cl_tent.obj
 0001:000129d0       ?CL_ParseTEnt@@YAXXZ       004139d0 f   cl_tent.obj
 0001:00013cf6       ?CL_AddTEnts@@YAXXZ        00414cf6 f   cl_tent.obj
 0001:000146fb       ?V_AddEntity@@YAXPAUentity_t@@@Z 004156fb f   cl_view.obj
 0001:00014739       ?V_AddEntity2@@YAXPAUentity_t@@@Z 00415739 f   cl_view.obj
 0001:0001476b       ?AddEntityWithEffects2@@YAXPAUentity_t@@I@Z 0041576b f   cl_view.obj
 0001:0001480c       ?AddEntityWithEffects@@YAXPAUentity_t@@I@Z 0041580c f   cl_view.obj
 0001:0001482d       ?V_AddLight@@YAXABUCVec3@@MMMM@Z 0041582d f   cl_view.obj
 0001:00014872       ?V_InitRenderer@@YAXXZ     00415872 f   cl_view.obj
 0001:00014c93       ?CalcFov@@YAMMMM@Z         00415c93 f   cl_view.obj
 0001:00014d01       ?V_RenderView@@YA_NXZ      00415d01 f   cl_view.obj
 0001:00015cab       ?V_Init@@YAXXZ             00416cab f   cl_view.obj
 0001:00015df0       ?Con_ClearNotify@@YAXXZ    00416df0 f   console.obj
 0001:00015dff       ?Con_CheckResize@@YAXXZ    00416dff f   console.obj
 0001:00015f26       ?Write@COutputDeviceCon@@UAEXPBD@Z 00416f26 f   console.obj
 0001:0001612c       ?Con_DrawNotify@@YAX_N@Z   0041712c f   console.obj
 0001:00016302       ?Con_DrawConsole@@YAXM@Z   00417302 f   console.obj
 0001:000165b6       ?Con_ClearTyping@@YAXXZ    004175b6 f   console.obj
 0001:000165cf       ?Key_Console@@YAXHH@Z      004175cf f   console.obj
 0001:00016a1c       ?Con_Init@@YAXXZ           00417a1c f   console.obj
 0001:00016b8a       ?Key_KeynumToString@@YAPBDH@Z 00417b8a f   keys.obj
 0001:00016c50       ?Draw@completeMenu_t@@UAEXXZ 00417c50 f i keys.obj
 0001:00016c81       ?KeyDown@completeMenu_t@@UAEPBDH@Z 00417c81 f i keys.obj
 0001:00016cad       ?Init@completeMenu_t@@UAE_NXZ 00417cad f i keys.obj
 0001:00016dd4       ?CompleteMenuCallback@completeMenu_t@@SAXPAX@Z 00417dd4 f i keys.obj
 0001:00016e65       ?CompleteCommand@@YAXXZ    00417e65 f   keys.obj
 0001:00017576       ?Key_SetBinding@@YAXHPBD@Z 00418576 f   keys.obj
 0001:000175b6       ?Key_FindBinding@@YAHPBDPAHH@Z 004185b6 f   keys.obj
 0001:00017604       ?Key_WriteBindings@@YAXPAVCOutputDevice@@@Z 00418604 f   keys.obj
 0001:0001764e       ?Key_Init@@YAXXZ           0041864e f   keys.obj
 0001:00017932       ?Key_Event@@YAXH_N@Z       00418932 f   keys.obj
 0001:00017c91       ?Key_ClearStates@@YAXXZ    00418c91 f   keys.obj
 0001:00017cc6       ?M_ForceMenuOn@@YAXXZ      00418cc6 f   menu.obj
 0001:00017ce5       ?Draw@menuMain_t@@UAEXXZ   00418ce5 f i menu.obj
 0001:00017e21       ?KeyDown@menuMain_t@@UAEPBDH@Z 00418e21 f i menu.obj
 0001:00017ee2       ?Init@menuMain_t@@UAE_NXZ  00418ee2 f i menu.obj
 0001:00017eea       ?M_Menu_Main_f@@YAXXZ      00418eea f   menu.obj
 0001:00017f04       ?Init@multiplayerMenu_t@@UAE_NXZ 00418f04 f i menu.obj
 0001:00018028       ?Init@keysMenu_t@@UAE_NXZ  00419028 f i menu.obj
 0001:00018216       ?KeyCursorDrawFunc@keysMenu_t@@SAXPAUmenuFramework_t@@@Z 00419216 f i menu.obj
 0001:00018259       ?DrawKeyBindingFunc@keysMenu_t@@SAXPAX@Z 00419259 f i menu.obj
 0001:00018319       ?KeyDown@keysMenu_t@@UAEPBDH@Z 00419319 f i menu.obj
 0001:000183c6       ?UnbindCommand@keysMenu_t@@QAEXPAD@Z 004193c6 f i menu.obj
 0001:0001840b       ?KeyBindingFunc@keysMenu_t@@QAEXPAX@Z 0041940b f i menu.obj
 0001:0001846d       ?Init@optionsMenu_t@@UAE_NXZ 0041946d f i menu.obj
 0001:00018820       ?CrosshairFunc@optionsMenu_t@@SAXPAX@Z 00419820 f i menu.obj
 0001:00018848       ?JoystickFunc@optionsMenu_t@@SAXPAX@Z 00419848 f i menu.obj
 0001:0001885d       ?AlwaysRunFunc@optionsMenu_t@@SAXPAX@Z 0041985d f i menu.obj
 0001:00018872       ?MouseSpeedFunc@optionsMenu_t@@SAXPAX@Z 00419872 f i menu.obj
 0001:0001888f       ?InvertMouseFunc@optionsMenu_t@@SAXPAX@Z 0041988f f i menu.obj
 0001:000188c8       ?UpdateVolumeFunc@optionsMenu_t@@SAXPAX@Z 004198c8 f i menu.obj
 0001:000188e5       ?UpdateCDVolumeFunc@optionsMenu_t@@SAXPAX@Z 004198e5 f i menu.obj
 0001:000188ff       ?SetMenuItemValues@optionsMenu_t@@SAXXZ 004198ff f i menu.obj
 0001:00018a47       ?ResetDefaultsFunc@optionsMenu_t@@SAXPAX@Z 00419a47 f i menu.obj
 0001:00018a5c       ?UpdateSoundFunc@optionsMenu_t@@SAXPAX@Z 00419a5c f i menu.obj
 0001:00018c60       ?ScanCrosshairs@optionsMenu_t@@SAXXZ 00419c60 f i menu.obj
 0001:00018cbd       ?Draw@optionsMenu_t@@UAEXXZ 00419cbd f i menu.obj
 0001:00018d22       ?Draw@creditsMenu_t@@UAEXXZ 00419d22 f i menu.obj
 0001:00018dc9       ?KeyDown@creditsMenu_t@@UAEPBDH@Z 00419dc9 f i menu.obj
 0001:00018e09       ?Init@creditsMenu_t@@UAE_NXZ 00419e09 f i menu.obj
 0001:00018e8a       ?Init@gameMenu_t@@UAE_NXZ  00419e8a f i menu.obj
 0001:00019015       ?EasyGameFunc@gameMenu_t@@SAXPAX@Z 0041a015 f i menu.obj
 0001:00019021       ?StartGame@gameMenu_t@@SAXPBD@Z 0041a021 f i menu.obj
 0001:0001907c       ?MediumGameFunc@gameMenu_t@@SAXPAX@Z 0041a07c f i menu.obj
 0001:00019088       ?HardGameFunc@gameMenu_t@@SAXPAX@Z 0041a088 f i menu.obj
 0001:000190a4       ?Init@savegameMenu_t@@UAE_NXZ 0041a0a4 f i menu.obj
 0001:000191b4       ?Create_Savestrings@savegameMenu_t@@QAEXXZ 0041a1b4 f i menu.obj
 0001:00019274       ?LoadGameCallback@savegameMenu_t@@SAXPAX@Z 0041a274 f i menu.obj
 0001:000192a1       ?SaveGameCallback@savegameMenu_t@@SAXPAX@Z 0041a2a1 f i menu.obj
 0001:000192c4       ?Draw@savegameMenu_t@@UAEXXZ 0041a2c4 f i menu.obj
 0001:000192df       ?DrawSavegameShot@savegameMenu_t@@QAEXHH@Z 0041a2df f i menu.obj
 0001:000193ba       ?Init@joinserverMenu_t@@UAE_NXZ 0041a3ba f i menu.obj
 0001:000194f1       ?JoinServerFunc@joinserverMenu_t@@SAXPAX@Z 0041a4f1 f i menu.obj
 0001:00019556       ?SearchLocalGames@joinserverMenu_t@@SAXXZ 0041a556 f i menu.obj
 0001:000195c1       ?M_AddToServerList@@YAXUnetadr_t@@PBD@Z 0041a5c1 f   menu.obj
 0001:0001964c       ?Init@startserverMenu_t@@UAE_NXZ 0041a64c f i menu.obj
 0001:00019ada       ?DMOptionsFunc@startserverMenu_t@@SAXPAX@Z 0041aada f i menu.obj
 0001:00019aea       ?RulesChangeFunc@startserverMenu_t@@SAXPAX@Z 0041aaea f i menu.obj
 0001:00019b62       ?StartServerActionFunc@startserverMenu_t@@SAXPAX@Z 0041ab62 f i menu.obj
 0001:00019b8d       ?StartServerFunc@startserverMenu_t@@SAXPBD@Z 0041ab8d f i menu.obj
 0001:00019d69       ?KeyDown@startserverMenu_t@@UAEPBDH@Z 0041ad69 f i menu.obj
 0001:00019dc8       ?Init@dmoptionsMenu_t@@UAE_NXZ 0041adc8 f i menu.obj
 0001:0001a3a5       ?DMFlagCallback@dmoptionsMenu_t@@SAXPAX@Z 0041b3a5 f i menu.obj
 0001:0001a57e       ?Init@downloadOptionsMenu_t@@UAE_NXZ 0041b57e f i menu.obj
 0001:0001a758       ?DownloadCallback@downloadOptionsMenu_t@@SAXPAX@Z 0041b758 f i menu.obj
 0001:0001a7c6       ?Init@addressBookMenu_t@@UAE_NXZ 0041b7c6 f i menu.obj
 0001:0001a86c       ?KeyDown@addressBookMenu_t@@UAEPBDH@Z 0041b86c f i menu.obj
 0001:0001a8cb       ?Init@playerConfigMenu_t@@UAE_NXZ 0041b8cb f i menu.obj
 0001:0001ae12       ?HandednessCallback@playerConfigMenu_t@@SAXPAX@Z 0041be12 f i menu.obj
 0001:0001ae27       ?RTypeCallback@playerConfigMenu_t@@SAXPAX@Z 0041be27 f i menu.obj
 0001:0001ae3c       ?RColorCallback@playerConfigMenu_t@@SAXPAX@Z 0041be3c f i menu.obj
 0001:0001ae51       ?RateCallback@playerConfigMenu_t@@SAXPAX@Z 0041be51 f i menu.obj
 0001:0001ae74       ?ModelCallback@playerConfigMenu_t@@SAXPAX@Z 0041be74 f i menu.obj
 0001:0001aea8       ?SkinCallback@playerConfigMenu_t@@SAXPAX@Z 0041bea8 f i menu.obj
 0001:0001aeb0       ?Draw@playerConfigMenu_t@@UAEXXZ 0041beb0 f i menu.obj
 0001:0001b192       ?KeyDown@playerConfigMenu_t@@UAEPBDH@Z 0041c192 f i menu.obj
 0001:0001b272       ?Init@dmbrowseMenu_t@@UAE_NXZ 0041c272 f i menu.obj
 0001:0001b47b       ?KeyDown@dmbrowseMenu_t@@UAEPBDH@Z 0041c47b f i menu.obj
 0001:0001b653       ?Draw@dmbrowseMenu_t@@UAEXXZ 0041c653 f i menu.obj
 0001:0001b7a0       ?DrawThumbnail@dmbrowseMenu_t@@SAXHHHHPBD_N@Z 0041c7a0 f i menu.obj
 0001:0001b87a       ?Init@videoMenu_t@@UAE_NXZ 0041c87a f i menu.obj
 0001:0001be76       ?ScreenSizeCallback@videoMenu_t@@SAXPAX@Z 0041ce76 f i menu.obj
 0001:0001be97       ?BrightnessCallback@videoMenu_t@@SAXPAX@Z 0041ce97 f i menu.obj
 0001:0001beb8       ?ContrastCallback@videoMenu_t@@SAXPAX@Z 0041ceb8 f i menu.obj
 0001:0001bef4       ?CancelChanges@videoMenu_t@@SAXPAX@Z 0041cef4 f i menu.obj
 0001:0001bf41       ?KeyDown@videoMenu_t@@UAEPBDH@Z 0041cf41 f i menu.obj
 0001:0001bf8a       ?ApplyChanges@videoMenu_t@@SAXPAX@Z 0041cf8a f i menu.obj
 0001:0001c165       ?KeyDown@quitMenu_t@@UAEPBDH@Z 0041d165 f i menu.obj
 0001:0001c1a2       ?Draw@quitMenu_t@@UAEXXZ   0041d1a2 f i menu.obj
 0001:0001c212       ?M_Init@@YAXXZ             0041d212 f   menu.obj
 0001:0001c3f4       ?ItemAtCursor@menuFramework_t@@QAEPAUmenuCommon_t@@XZ 0041d3f4 f   qmenu.obj
 0001:0001c448       ?AddItem@menuFramework_t@@QAEXPAUmenuCommon_t@@@Z 0041d448 f   qmenu.obj
 0001:0001c504       ?AdjustCursor@menuFramework_t@@QAEXH@Z 0041d504 f   qmenu.obj
 0001:0001c67c       ?Center@menuFramework_t@@QAEXXZ 0041d67c f   qmenu.obj
 0001:0001c6bd       ?Draw@menuFramework_t@@UAEXXZ 0041d6bd f   qmenu.obj
 0001:0001cc76       ?SelectItem@menuFramework_t@@QAE_NXZ 0041dc76 f   qmenu.obj
 0001:0001ccdb       ?SetStatusBar@menuFramework_t@@QAEXPBD@Z 0041dcdb f   qmenu.obj
 0001:0001cce8       ?SlideItem@menuFramework_t@@QAEXH@Z 0041dce8 f   qmenu.obj
 0001:0001d286       ?Push@menuFramework_t@@QAEXXZ 0041e286 f   qmenu.obj
 0001:0001d305       ?M_ForceMenuOff@@YAXXZ     0041e305 f   qmenu.obj
 0001:0001d332       ?Pop@menuFramework_t@@QAEXXZ 0041e332 f   qmenu.obj
 0001:0001d36c       ?KeyDown@menuFramework_t@@UAEPBDH@Z 0041e36c f   qmenu.obj
 0001:0001d5e4       ?Init@menuFramework_t@@UAE_NXZ 0041e5e4 f   qmenu.obj
 0001:0001d5e7       ?M_Draw@@YAXXZ             0041e5e7 f   qmenu.obj
 0001:0001d622       ?M_Keydown@@YAXH@Z         0041e622 f   qmenu.obj
 0001:0001d644       ?InitRendererVars@@YAXXZ   0041e644 f   ref_vars.obj
 0001:0001d663       ?S_SoundInfo_f@@YAXXZ      0041e663 f   snd_dma.obj
 0001:0001d6dd       ?S_Init@@YAXXZ             0041e6dd f   snd_dma.obj
 0001:0001d7af       ?S_Shutdown@@YAXXZ         0041e7af f   snd_dma.obj
 0001:0001d842       ?S_BeginRegistration@@YAXXZ 0041e842 f   snd_dma.obj
 0001:0001d850       ?S_RegisterSound@@YAPAUsfx_t@@PBD@Z 0041e850 f   snd_dma.obj
 0001:0001d9fb       ?S_EndRegistration@@YAXXZ  0041e9fb f   snd_dma.obj
 0001:0001da84       ?S_PickChannel@@YAPAUchannel_t@@HH@Z 0041ea84 f   snd_dma.obj
 0001:0001db12       ?S_Spatialize@@YAXPAUchannel_t@@@Z 0041eb12 f   snd_dma.obj
 0001:0001dcf4       ?S_AllocPlaysound@@YAPAUplaysound_t@@XZ 0041ecf4 f   snd_dma.obj
 0001:0001dd16       ?S_FreePlaysound@@YAXPAUplaysound_t@@@Z 0041ed16 f   snd_dma.obj
 0001:0001dd49       ?S_IssuePlaysound@@YAXPAUplaysound_t@@@Z 0041ed49 f   snd_dma.obj
 0001:0001de1a       ?S_StartSound@@YAXPBUCVec3@@HHPAUsfx_t@@MMM@Z 0041ee1a f   snd_dma.obj
 0001:0001e1da       ?S_StartLocalSound@@YAXPBD@Z 0041f1da f   snd_dma.obj
 0001:0001e22c       ?S_ClearBuffer@@YAXXZ      0041f22c f   snd_dma.obj
 0001:0001e295       ?S_StopAllSounds_f@@YAXXZ  0041f295 f   snd_dma.obj
 0001:0001e305       ?S_AddLoopSounds@@YAXXZ    0041f305 f   snd_dma.obj
 0001:0001e4db       ?S_RawSamples@@YAXHHHHPAE@Z 0041f4db f   snd_dma.obj
 0001:0001e6df       ?S_Update@@YAXABUCVec3@@0@Z 0041f6df f   snd_dma.obj
 0001:0001e7b5       ?GetSoundtime@@YAXXZ       0041f7b5 f   snd_dma.obj
 0001:0001e81c       ?S_Update_@@YAXXZ          0041f81c f   snd_dma.obj
 0001:0001eacf       ?S_LoadSound@@YAPAUsfxcache_t@@PAUsfx_t@@@Z 0041facf f   snd_mem.obj
 0001:0001f05e       ?S_WriteLinearBlastStereo16@@YAXXZ 0042005e f   snd_mix.obj
 0001:0001f0c8       ?S_TransferStereo16@@YAXPAKH@Z 004200c8 f   snd_mix.obj
 0001:0001f133       ?S_TransferPaintBuffer@@YAXH@Z 00420133 f   snd_mix.obj
 0001:0001f297       ?S_PaintChannels@@YAXH@Z   00420297 f   snd_mix.obj
 0001:0001f513       ?S_InitScaletable@@YAXXZ   00420513 f   snd_mix.obj
 0001:0001f658       ?SV_ComputeAnimation@@YAXPAUplayer_state_t@@AAUentityStateEx_t@@PAU2@PAUedict_s@@@Z 00420658 f   sv_anim.obj
 0001:0001fb11       ?SV_ReadLevelFile@@YAXXZ   00420b11 f   sv_ccmds.obj
 0001:0001fbb6       ?SV_AddressBanned@@YA_NPAUnetadr_t@@@Z 00420bb6 f   sv_ccmds.obj
 0001:0001fbfa       ?SV_InitCommands@@YAXXZ    00420bfa f   sv_ccmds.obj
 0001:000210a4       ?sprintf@?$TString@$0CI@@@QAAHPBDZZ 004220a4 f i sv_ccmds.obj
 0001:000210c5       ?SV_WriteFrameToClient@@YAXPAUclient_t@@PAVsizebuf_t@@@Z 004220c5 f   sv_ents.obj
 0001:000217f4       ?SV_RecordDemoMessage@@YAXXZ 004227f4 f   sv_ents.obj
 0001:000219c2       ?SV_MulticastOld@@YAXABUCVec3@@W4multicast_t@@@Z 004229c2 f i sv_game.obj
 0001:000219d7       ?SV_StartSoundOld@@YAXPBUCVec3@@PAUedict_s@@HHMMM@Z 004229d7 f i sv_game.obj
 0001:0002242f       ?SV_InitGameLibrary@@YAX_N@Z 0042342f f   sv_game.obj
 0001:00022724       ?SV_ShutdownGameLibrary@@YAXXZ 00423724 f   sv_game.obj
 0001:00022881       ?SV_FindIndex@@YAHPBDHH_N@Z 00423881 f   sv_init.obj
 0001:00022998       ?SV_ModelIndex@@YAHPBD@Z   00423998 f   sv_init.obj
 0001:000229b1       ?SV_SoundIndex@@YAHPBD@Z   004239b1 f   sv_init.obj
 0001:000229cd       ?SV_ImageIndex@@YAHPBD@Z   004239cd f   sv_init.obj
 0001:000229e9       ?SV_CreateBaseline@@YAXXZ  004239e9 f   sv_init.obj
 0001:00022a66       ?SV_SpawnServer@@YAXPAD0W4server_state_t@@_N2@Z 00423a66 f   sv_init.obj
 0001:00022dd3       ?SV_InitGame@@YAXXZ        00423dd3 f   sv_init.obj
 0001:00022ffc       ?SV_Map@@YAX_NPBD0@Z       00423ffc f   sv_init.obj
 0001:000231c1       ?SV_DropClient@@YAXPAUclient_t@@PAD@Z 004241c1 f   sv_main.obj
 0001:00023bf1       ??0COutputDeviceMem@@QAE@H@Z 00424bf1 f i sv_main.obj
 0001:00023c22       ?Write@COutputDeviceMem@@UAEXPBD@Z 00424c22 f i sv_main.obj
 0001:00023ca9       ??_ECOutputDeviceMem@@UAEPAXI@Z 00424ca9 f i sv_main.obj
 0001:00023ca9       ??_GCOutputDeviceMem@@UAEPAXI@Z 00424ca9 f i sv_main.obj
 0001:00023cc8       ??1COutputDeviceMem@@UAE@XZ 00424cc8 f i sv_main.obj
 0001:00023ce7       ?SV_CalcPings@@YAXXZ       00424ce7 f   sv_main.obj
 0001:00023d6e       ?SV_GiveMsec@@YAXXZ        00424d6e f   sv_main.obj
 0001:00023dad       ?SV_ReadPackets@@YAXXZ     00424dad f   sv_main.obj
 0001:00023fd2       ?SV_CheckTimeouts@@YAXXZ   00424fd2 f   sv_main.obj
 0001:000240e3       ?SV_PostprocessFrame@@YAXXZ 004250e3 f   sv_main.obj
 0001:000245a8       ?SV_MulticastHook@@YAPAVsizebuf_t@@PAV1@0@Z 004255a8 f   sv_main.obj
 0001:00024984       ?SV_TraceHook@@YAXAAUtrace0_t@@ABUCVec3@@PBU2@21PAUedict_s@@H@Z 00425984 f   sv_main.obj
 0001:00024c03       ?SV_Frame@@YAXM@Z          00425c03 f   sv_main.obj
 0001:00024eac       ?SV_UserinfoChanged@@YAXPAUclient_t@@@Z 00425eac f   sv_main.obj
 0001:00024f6d       ?SV_InitVars@@YAXXZ        00425f6d f   sv_main.obj
 0001:00024f7c       ?SV_Init@@YAXXZ            00425f7c f   sv_main.obj
 0001:00024fd5       ?SV_Shutdown@@YAXPBD_N@Z   00425fd5 f   sv_main.obj
 0001:000251e2       ?SV_ClientPrintf@@YAXPAUclient_t@@HPBDZZ 004261e2 f   sv_send.obj
 0001:0002523d       ?SV_BroadcastPrintf@@YAXHPBDZZ 0042623d f   sv_send.obj
 0001:00025313       ?SV_BroadcastCommand@@YAXPBDZZ 00426313 f   sv_send.obj
 0001:0002536d       ?SV_Multicast@@YAXABUCVec3@@W4multicast_t@@_N@Z 0042636d f   sv_send.obj
 0001:0002556e       ?SV_StartSound@@YAXPBUCVec3@@PAUedict_s@@HHMMM_N@Z 0042656e f   sv_send.obj
 0001:00025807       ?SV_SendClientDatagram@@YA_NPAUclient_t@@@Z 00426807 f   sv_send.obj
 0001:000258c9       ?SV_DemoCompleted@@YAXXZ   004268c9 f   sv_send.obj
 0001:000258e5       ?SV_SendClientMessages@@YAXXZ 004268e5 f   sv_send.obj
 0001:00025acd       ?SV_DrawText3D@@YAXABUCVec3@@PBDI@Z 00426acd f   sv_text.obj
 0001:00025b05       ?SV_ClearTexts@@YAXXZ      00426b05 f   sv_text.obj
 0001:00025b0d       ?SV_DrawTexts@@YAXXZ       00426b0d f   sv_text.obj
 0001:00025b62       ??0?$TTextContainer@UCSVText@@$0BAAAA@@@QAE@XZ 00426b62 f i sv_text.obj
 0001:00025b87       ?SV_TokenizeString@@YAXPBD@Z 00426b87 f   sv_tokenize.obj
 0001:00025c5e       ?SV_Argc@@YAHXZ            00426c5e f   sv_tokenize.obj
 0001:00025c64       ?SV_Argv@@YAPADH@Z         00426c64 f   sv_tokenize.obj
 0001:00025c82       ?SV_Args@@YAPADXZ          00426c82 f   sv_tokenize.obj
 0001:0002653b       ?SV_Nextserver@@YAXXZ      0042753b f   sv_user.obj
 0001:000265cf       ?SV_ClientThink@@YAXPAUclient_t@@PAUusercmd_t@@@Z 004275cf f   sv_user.obj
 0001:00026660       ?SV_ExecuteClientMessage@@YAXPAUclient_t@@@Z 00427660 f   sv_user.obj
 0001:00026a36       ?SV_ClearWorld@@YAXXZ      00427a36 f   sv_world.obj
 0001:00026b74       ?SV_UnlinkEdict@@YAXPAUedict_s@@@Z 00427b74 f   sv_world.obj
 0001:00026c3a       ?SV_LinkEdict@@YAXPAUedict_s@@@Z 00427c3a f   sv_world.obj
 0001:0002734f       ?SV_AreaEdicts@@YAHABUCVec3@@0PAPAUedict_s@@HH@Z 0042834f f   sv_world.obj
 0001:000274ed       ?SV_PointContents@@YAHABUCVec3@@@Z 004284ed f   sv_world.obj
 0001:00027613       ?SV_Trace@@YAXAAUtrace_t@@ABUCVec3@@1ABUCBox@@PAUedict_s@@H@Z 00428613 f   sv_world.obj
 0001:00027a90       ?InitByteDirs@@YAXXZ       00428a90 f   anorms.obj
 0001:00027acf       ?Cbuf_AddText@@YAXPBD@Z    00428acf f   cmd.obj
 0001:00027b35       ?Cbuf_CopyToDefer@@YAXXZ   00428b35 f   cmd.obj
 0001:00027b7d       ?Cbuf_InsertFromDefer@@YAXXZ 00428b7d f   cmd.obj
 0001:00027c39       ?Cbuf_Execute@@YAXXZ       00428c39 f   cmd.obj
 0001:00027d49       ?Cmd_Unalias_f@@YAX_NHPAPAD@Z 00428d49 f   cmd.obj
 0001:00027dc1       ?Cmd_WriteAliases@@YAXPAVCOutputDevice@@@Z 00428dc1 f   cmd.obj
 0001:00027df4       ?RegisterCommand@@YA_NPBDP6AXXZI@Z 00428df4 f   cmd.obj
 0001:00027ed5       ?UnregisterCommand@@YA_NPBD@Z 00428ed5 f   cmd.obj
 0001:00027f66       ?ExecuteCommand@@YA_NPBD@Z 00428f66 f   cmd.obj
 0001:000283a9       ?ExecuteCommand@@YA_NPBDPBUCSimpleCommand@@H@Z 004293a9 f   cmd.obj
 0001:000287eb       ?CM_LoadMap@@YAPAUCBspModel@@PBD_NPAI@Z 004297eb f   cmodel.obj
 0001:0002a17a       ?CM_BuildBrush@@YAPAUCBrush@@HPAVCMemoryChain@@@Z 0042b17a f   cmodel.obj
 0001:0002a243       ?CM_InlineModel@@YAPAUCBspModel@@PBD@Z 0042b243 f   cmodel.obj
 0001:0002a26e       ?CM_InlineModel@@YAPAUCBspModel@@H@Z 0042b26e f   cmodel.obj
 0001:0002a349       ?CM_HeadnodeForBox@@YAHABUCBox@@@Z 0042b349 f   cmodel.obj
 0001:0002a391       ?CM_FindLeaf@@YAPBUCBspLeaf@@ABUCVec3@@H@Z 0042b391 f   cmodel.obj
 0001:0002a440       ?DistanceTo@CPlane@@QBEMABUCVec3@@@Z 0042b440 f i cmodel.obj
 0001:0002a485       ?GetContents@CBspLeaf@@QBEIABUCVec3@@@Z 0042b485 f   cmodel.obj
 0001:0002a506       ?CM_PointContents@@YAHABUCVec3@@H@Z 0042b506 f   cmodel.obj
 0001:0002a570       ?CM_TransformedPointContents@@YAHABUCVec3@@H00@Z 0042b570 f   cmodel.obj
 0001:0002a645       ?CM_TransformedPointContents@@YAHABUCVec3@@H0ABUCAxis@@@Z 0042b645 f   cmodel.obj
 0001:0002a6e4       ?CM_BoxLeafs@@YAHABUCBox@@PAPAUCBspLeaf@@HPAHH@Z 0042b6e4 f   cmodel.obj
 0001:0002a7f6       ?BOX_ON_PLANE_SIDE@@YAHABUCBox@@ABUCPlane@@@Z 0042b7f6 f i cmodel.obj
 0001:0002a861       ?CM_BoxTrace@@YAXAAUtrace_t@@ABUCVec3@@1ABUCBox@@HI@Z 0042b861 f   cmodel.obj
 0001:0002ab3d       ?GetVertex@CBox@@QBEXHAAUCVec3@@@Z 0042bb3d f i cmodel.obj
 0001:0002afb7       ?SplitTrace@@YAMABUCVec3@@0ABUCPlane@@AAM2_N@Z 0042bfb7 f i cmodel.obj
 0001:0002b464       ?CM_TransformedBoxTrace@@YAXAAUtrace_t@@ABUCVec3@@1ABUCBox@@HI11@Z 0042c464 f   cmodel.obj
 0001:0002b5d7       ?CM_TransformedBoxTrace@@YAXAAUtrace_t@@ABUCVec3@@1ABUCBox@@HI1ABUCAxis@@@Z 0042c5d7 f   cmodel.obj
 0001:0002b694       ?CM_CombineTrace@@YA_NAAUtrace_t@@ABU1@@Z 0042c694 f   cmodel.obj
 0001:0002b6e1       ?CM_ClipTraceToModels@@YAXAAUtrace_t@@ABUCVec3@@1ABUCBox@@I@Z 0042c6e1 f   cmodel.obj
 0001:0002b7e3       ?CM_PointModelContents@@YAHABUCVec3@@@Z 0042c7e3 f   cmodel.obj
 0001:0002b83b       ?CM_BrushTrace@@YAHABUCVec3@@0PAHH@Z 0042c83b f   cmodel.obj
 0001:0002bb41       ?CM_RefineBrushTrace@@YAHABUCVec3@@0PAHH@Z 0042cb41 f   cmodel.obj
 0001:0002bbe7       ?CM_ClusterPVS@@YAPBEH@Z   0042cbe7 f   cmodel.obj
 0001:0002bd1f       ?CM_SetAreaPortalState@@YAXH_N@Z 0042cd1f f   cmodel.obj
 0001:0002bd47       ?CM_AreasConnected@@YA_NHH@Z 0042cd47 f   cmodel.obj
 0001:0002bd8e       ?CM_WriteAreaBits@@YAHPAEH@Z 0042cd8e f   cmodel.obj
 0001:0002be30       ?CM_WritePortalState@@YAXPAU_iobuf@@@Z 0042ce30 f   cmodel.obj
 0001:0002be4d       ?CM_ReadPortalState@@YAXPAU_iobuf@@@Z 0042ce4d f   cmodel.obj
 0001:0002be6f       ?CM_HeadnodeVisible@@YA_NHPBE@Z 0042ce6f f   cmodel.obj
 0001:0002bf4c       ??E?$TStringSplitter@$0EA@$0DL@@@QAEXXZ 0042cf4c f i cmodel.obj
 0001:0002bfae       ?LoadNodes@@YAXPAUdBsp2Node_t@@H@Z 0042cfae f i cmodel.obj
 0001:0002c0c5       ?LoadLeafBrushes@@YAXPAGHPAUdBsp2Leaf_t@@@Z 0042d0c5 f i cmodel.obj
 0001:0002c159       ?LoadSubmodels@@YAXPAUdBsp2Model_t@@H@Z 0042d159 f i cmodel.obj
 0001:0002c1e1       ?LoadNodes@@YAXPAUdBsp1Node_t@@H@Z 0042d1e1 f i cmodel.obj
 0001:0002c2a4       ?LoadSubmodels@@YAXPAUdBsp1Model_t@@H@Z 0042d2a4 f i cmodel.obj
 0001:0002c32c       ?LoadNodes@@YAXPAUdBsp3Node_t@@H@Z 0042d32c f i cmodel.obj
 0001:0002c3e1       ?LoadLeafBrushes@@YAXPAIHPAUdBsp3Leaf_t@@@Z 0042d3e1 f i cmodel.obj
 0001:0002c472       ?Com_DPrintf@@YAXPBDZZ     0042d472 f   common.obj
 0001:0002c4eb       ?DebugPrintf@@YAXPBDZZ     0042d4eb f   common.obj
 0001:0002c59a       ?IPWildcard@@YA_NPAUnetadr_t@@PBD@Z 0042d59a f   common.obj
 0001:0002c674       ?Com_ServerState@@YA?AW4server_state_t@@XZ 0042d674 f   common.obj
 0001:0002c67a       ?Com_SetServerState@@YAXW4server_state_t@@@Z 0042d67a f   common.obj
 0001:0002c687       ?crand@@YAMXZ              0042d687 f   common.obj
 0001:0002c6a5       ?Info_ValueForKey@@YAPBDPBD0@Z 0042d6a5 f   common.obj
 0001:0002c724       ?Info_SetValueForKey@@YAXPADPBD1@Z 0042d724 f   common.obj
 0001:0002c85b       ?Info_Print@@YAXPBD@Z      0042d85b f   common.obj
 0001:0002c8e1       ?LerpAngle@@YAMMMM@Z       0042d8e1 f   common.obj
 0001:0002c925       ?ReduceAngle@@YAMM@Z       0042d925 f   common.obj
 0001:0002c951       ?AngleSubtract@@YAMMM@Z    0042d951 f   common.obj
 0001:0002c98a       ?AnglesSubtract@@YAXABUCVec3@@0AAU1@@Z 0042d98a f   common.obj
 0001:0002c9e3       ?COM_Parse@@YAPADAAPBD_N@Z 0042d9e3 f   common.obj
 0001:0002cb05       ?COM_QuoteString@@YAPBDPBD_N@Z 0042db05 f   common.obj
 0001:0002cb62       ?Com_CheckCmdlineVar@@YA_NPBD@Z 0042db62 f   common.obj
 0001:0002cbbb       ?Com_Init@@YAXPBD@Z        0042dbbb f   common.obj
 0001:0002cf62       ?Com_Frame@@YAXM@Z         0042df62 f   common.obj
 0001:0002d362       ?Com_BlockSequenceCRCByte@@YAEPAEHH@Z 0042e362 f   crc.obj
 0001:0002d41a       ?Cvar_VariableValue@@YAMPBD@Z 0042e41a f   cvar.obj
 0001:0002d491       ?Cvar_VariableInt@@YAHPBD@Z 0042e491 f   cvar.obj
 0001:0002d4a8       ?Cvar_VariableString@@YAPBDPBD@Z 0042e4a8 f   cvar.obj
 0001:0002d4c4       ?Cvar_Get@@YAPAUcvar_t@@PBD0H@Z 0042e4c4 f   cvar.obj
 0001:0002d791       ?Cvar_GetVars@@YAXPBUcvarInfo_t@@H@Z 0042e791 f   cvar.obj
 0001:0002d83b       ?Cvar_FullSet@@YAXPAUcvar_t@@PBDI@Z 0042e83b f   cvar.obj
 0001:0002d85b       ?Cvar_FullSet@@YAPAUcvar_t@@PBD0I@Z 0042e85b f   cvar.obj
 0001:0002d89b       ?Cvar_SetValue@@YAPAUcvar_t@@PBDM@Z 0042e89b f   cvar.obj
 0001:0002da34       ?Cvar_SetInteger@@YAPAUcvar_t@@PBDH@Z 0042ea34 f   cvar.obj
 0001:0002da58       ?Cvar_Set@@YAPAUcvar_t@@PBD0@Z 0042ea58 f   cvar.obj
 0001:0002da6f       ?Cvar_ForceSet@@YAPAUcvar_t@@PBD0@Z 0042ea6f f   cvar.obj
 0001:0002da86       ?Cvar_Clamp@@YAMPAUcvar_t@@MM@Z 0042ea86 f   cvar.obj
 0001:0002dae4       ?Cvar_Command@@YA_NHPAPAD@Z 0042eae4 f   cvar.obj
 0001:0002db7f       ?IsDefault@cvar_t@@QAE_NXZ 0042eb7f f i cvar.obj
 0001:0002db9c       ?Cvar_WriteVariables@@YAXPAVCOutputDevice@@HHPBD@Z 0042eb9c f   cvar.obj
 0001:0002dc22       ?Cvar_BitInfo@@YAPBDI@Z    0042ec22 f   cvar.obj
 0001:0002dc74       ?Cvar_Cheats@@YAX_N@Z      0042ec74 f   cvar.obj
 0001:0002e4eb       ?MSG_WriteDeltaEntity@@YAXPAVsizebuf_t@@PBUentityStateEx_t@@PAU2@_N33@Z 0042f4eb f   entdelta.obj
 0001:0002eaa7       ?MSG_WriteRemoveEntity@@YAXPAVsizebuf_t@@H@Z 0042faa7 f   entdelta.obj
 0001:0002eae7       ?MSG_ReadEntityBits@@YAHPAVsizebuf_t@@PAIPA_N@Z 0042fae7 f   entdelta.obj
 0001:0002eb59       ?MSG_ReadDeltaEntity@@YAXPAVsizebuf_t@@PBUentityStateEx_t@@PAU2@I@Z 0042fb59 f   entdelta.obj
 0001:0002ebdc       ?MSG_WriteDeltaUsercmd@@YAXPAVsizebuf_t@@PBUusercmd_t@@PAU2@@Z 0042fbdc f   entdelta.obj
 0001:0002ec6b       ?MSG_ReadDeltaUsercmd@@YAXPAVsizebuf_t@@PBUusercmd_t@@PAU2@@Z 0042fc6b f   entdelta.obj
 0001:0002ef6e       ?MSG_WriteDeltaPlayerstate@@YAXPAVsizebuf_t@@PBUplayer_state_t@@PAU2@@Z 0042ff6e f   entdelta.obj
 0001:0002f077       ?MSG_ReadDeltaPlayerstate@@YAXPAVsizebuf_t@@PBUplayer_state_t@@PAU2@@Z 00430077 f   entdelta.obj
 0001:0002f131       ?ProcessEntstring@@YAPBDPBD@Z 00430131 f   EntityParser.obj
 0001:0003085a       ?Inflate@CBox@@QAEXM@Z     0043185a f i EntityParser.obj
 0001:00031c9e       ?LoadPCX@@YAPAEPBDAAH1AAPAE@Z 00432c9e f   images.obj
 0001:00031dd9       ?LoadTGA@@YAPAEPBDAAH1@Z   00432dd9 f   images.obj
 0001:0003206d       ?LoadJPG@@YAPAEPBDAAH1@Z   0043306d f   images.obj
 0001:00032321       ?ImageExists@@YAHPBDH@Z    00433321 f   images.obj
 0001:00032445       ?WriteTGA@@YA_NPBDPAEHH@Z  00433445 f   images.obj
 0001:00032639       ?WriteJPG@@YA_NPBDPAEHH_N@Z 00433639 f   images.obj
 0001:0003276a       ??0CBrush@@QAE@ABUCBox@@@Z 0043376a f   MapBrush.obj
 0001:000328bb       ?Split@CBrush@@QAEPAU1@PAUCPlane@@@Z 004338bb f   MapBrush.obj
 0001:0003330d       ?GetVec@CAllocVertexPool@@QAEPAUCVec3@@ABU2@@Z 0043430d f i MapBrush.obj
 0001:000333a1       ?GetBounds@CBrush@@QAEXAAUCBox@@@Z 004343a1 f   MapBrush.obj
 0001:00033423       ?AddBevels@CBrush@@QAEXP6APAUCPlane@@ABUCVec3@@M@Z@Z 00434423 f   MapBrush.obj
 0001:00033717       ?Negate@CVec3@@QAEXXZ      00434717 f i MapBrush.obj
 0001:00033725       ?MD4Init@@YAXPAUMD4_CTX@@@Z 00434725 f   md4.obj
 0001:0003374d       ?MD4Update@@YAXPAUMD4_CTX@@PAEI@Z 0043474d f   md4.obj
 0001:000337eb       ?MD4Final@@YAXQAEPAUMD4_CTX@@@Z 004347eb f   md4.obj
 0001:00033edc       ?Com_BlockChecksum@@YAIPAXH@Z 00434edc f   md4.obj
 0001:00033f18       ?LoadQ2BspFile@@YAXXZ      00434f18 f   model.obj
 0001:000343f1       ?LoadQ1BspFile@@YAXXZ      004353f1 f   model.obj
 0001:00034711       ?LoadQ3BspFile@@YAXXZ      00435711 f   model.obj
 0001:0003497e       ?LoadBspFile@@YAPAUbspfile_t@@PBD_NPAI@Z 0043597e f   model.obj
 0001:00034b85       ?Init@sizebuf_t@@QAEXPAXH@Z 00435b85 f   msg.obj
 0001:00034ba2       ?Write@sizebuf_t@@QAEXPBXH@Z 00435ba2 f   msg.obj
 0001:00034c14       ?MSG_WriteChar@@YAXPAVsizebuf_t@@H@Z 00435c14 f   msg.obj
 0001:00034c14       ?MSG_WriteByte@@YAXPAVsizebuf_t@@H@Z 00435c14 f   msg.obj
 0001:00034c27       ?MSG_WriteShort@@YAXPAVsizebuf_t@@H@Z 00435c27 f   msg.obj
 0001:00034c3a       ?MSG_WriteLong@@YAXPAVsizebuf_t@@H@Z 00435c3a f   msg.obj
 0001:00034c4d       ?MSG_WriteFloat@@YAXPAVsizebuf_t@@M@Z 00435c4d f   msg.obj
 0001:00034c60       ?MSG_WriteString@@YAXPAVsizebuf_t@@PBD@Z 00435c60 f   msg.obj
 0001:00034c8a       ?MSG_WritePos@@YAXPAVsizebuf_t@@ABUCVec3@@@Z 00435c8a f   msg.obj
 0001:00034cee       ?MSG_WriteAngle@@YAXPAVsizebuf_t@@M@Z 00435cee f   msg.obj
 0001:00034d19       ?MSG_WriteAngle16@@YAXPAVsizebuf_t@@M@Z 00435d19 f   msg.obj
 0001:00034d44       ?MSG_WriteDir@@YAXPAVsizebuf_t@@ABUCVec3@@@Z 00435d44 f   msg.obj
 0001:00034dac       ?MSG_ReadDir@@YAXPAVsizebuf_t@@AAUCVec3@@@Z 00435dac f   msg.obj
 0001:00034ddf       ?MSG_ReadChar@@YAHPAVsizebuf_t@@@Z 00435ddf f   msg.obj
 0001:00034e02       ?MSG_ReadByte@@YAHPAVsizebuf_t@@@Z 00435e02 f   msg.obj
 0001:00034e2a       ?MSG_ReadShort@@YAHPAVsizebuf_t@@@Z 00435e2a f   msg.obj
 0001:00034e53       ?MSG_ReadLong@@YAHPAVsizebuf_t@@@Z 00435e53 f   msg.obj
 0001:00034e75       ?MSG_ReadString@@YAPADPAVsizebuf_t@@@Z 00435e75 f   msg.obj
 0001:00034eab       ?MSG_ReadPos@@YAXPAVsizebuf_t@@AAUCVec3@@@Z 00435eab f   msg.obj
 0001:00034efd       ?MSG_ReadAngle@@YAMPAVsizebuf_t@@@Z 00435efd f   msg.obj
 0001:00034f17       ?MSG_ReadAngle16@@YAMPAVsizebuf_t@@@Z 00435f17 f   msg.obj
 0001:00034f31       ?MSG_ReadData@@YAXPAVsizebuf_t@@PAXH@Z 00435f31 f   msg.obj
 0001:00034f54       ?Netchan_Init@@YAXXZ       00435f54 f   net_chan.obj
 0001:00034fc3       ?Netchan_OutOfBandPrint@@YAXW4netsrc_t@@Unetadr_t@@PBDZZ 00435fc3 f   net_chan.obj
 0001:00035048       ?Setup@netchan_t@@QAEXW4netsrc_t@@Unetadr_t@@H@Z 00436048 f   net_chan.obj
 0001:0003509e       ?NeedReliable@netchan_t@@QAE_NXZ 0043609e f   net_chan.obj
 0001:000350c3       ?Transmit@netchan_t@@QAEXPAXH@Z 004360c3 f   net_chan.obj
 0001:00035259       ?Process@netchan_t@@QAE_NPAVsizebuf_t@@@Z 00436259 f   net_chan.obj
 0001:00035386       ?Pmove@@YAXPAUpmove_t@@@Z  00436386 f   pmove.obj
 0001:00036ffc       ?FileExists@CQuakeFileSystem@@UAE_NPBDI@Z 00437ffc f i QuakeFileSystem.obj
 0001:00037063       ?CheckFilename@CQuakeFileSystem@@AAEXPBD@Z 00438063 f i QuakeFileSystem.obj
 0001:00037102       ?OpenFile@CQuakeFileSystem@@UAEPAVCFile@@PBDI@Z 00438102 f i QuakeFileSystem.obj
 0001:00037192       ?List@CQuakeFileSystem@@UAEPAVCFileList@@PBDIPAV2@@Z 00438192 f i QuakeFileSystem.obj
 0001:00037224       ??_GCQuakeFileSystem@@UAEPAXI@Z 00438224 f i QuakeFileSystem.obj
 0001:00037224       ??_ECQuakeFileSystem@@UAEPAXI@Z 00438224 f i QuakeFileSystem.obj
 0001:00037224       ??_ECFileSystem@@UAEPAXI@Z 00438224 f i QuakeFileSystem.obj
 0001:00037224       ??_GCFileSystem@@UAEPAXI@Z 00438224 f i QuakeFileSystem.obj
 0001:00037244       ?FS_Gamedir@@YAPBDXZ       00438244 f   QuakeFileSystem.obj
 0001:0003724a       ?FS_NextPath@@YAPBDPBD@Z   0043824a f   QuakeFileSystem.obj
 0001:0003728e       ?FS_CopyFile@@YAXPBD0@Z    0043828e f   QuakeFileSystem.obj
 0001:00037364       ?FS_CopyFiles@@YAXPBD0@Z   00438364 f   QuakeFileSystem.obj
 0001:0003747e       ?FS_RemoveFiles@@YAXPBD@Z  0043847e f   QuakeFileSystem.obj
 0001:00037539       ?InitFileSystem@@YAXXZ     00438539 f   QuakeFileSystem.obj
 0001:0003766d       ?Create@CFileContainerPak@@SAPAVCFileContainer@@PBDPAU_iobuf@@@Z 0043866d f i QuakeFileSystem.obj
 0001:000377d6       ??0CFileContainerArc@@QAE@XZ 004387d6 f i QuakeFileSystem.obj
 0001:0003781d       ??_ECFileContainerArc@@UAEPAXI@Z 0043881d f i QuakeFileSystem.obj
 0001:0003781d       ??_GCFileContainerArc@@UAEPAXI@Z 0043881d f i QuakeFileSystem.obj
 0001:0003784c       ?GetType@CFileContainerPak@@MAEPBDXZ 0043884c f i QuakeFileSystem.obj
 0001:00037852       ?OpenLocalFile@CFileContainerPak@@MAEPAVCFile@@ABVCStringItem@@@Z 00438852 f i QuakeFileSystem.obj
 0001:000378a2       ?Read@CFilePak@CFileContainerPak@@UAEHPAXH@Z 004388a2 f i QuakeFileSystem.obj
 0001:000378dc       ?GetSize@CFilePak@CFileContainerPak@@UAEHXZ 004388dc f i QuakeFileSystem.obj
 0001:000378e3       ?Eof@CFilePak@CFileContainerPak@@UAE_NXZ 004388e3 f i QuakeFileSystem.obj
 0001:000378f0       ??_GCFilePak@CFileContainerPak@@UAEPAXI@Z 004388f0 f i QuakeFileSystem.obj
 0001:000378f0       ??_ECFilePak@CFileContainerPak@@UAEPAXI@Z 004388f0 f i QuakeFileSystem.obj
 0001:00037925       ??_ECFileContainerPak@@UAEPAXI@Z 00438925 f i QuakeFileSystem.obj
 0001:00037925       ??_GCFileContainerPak@@UAEPAXI@Z 00438925 f i QuakeFileSystem.obj
 0001:00037954       ?Create@CFileContainerZip@@SAPAVCFileContainer@@PBDPAU_iobuf@@@Z 00438954 f i QuakeFileSystem.obj
 0001:00037c53       ?GetType@CFileContainerZip@@MAEPBDXZ 00438c53 f i QuakeFileSystem.obj
 0001:00037c59       ?OpenLocalFile@CFileContainerZip@@MAEPAVCFile@@ABVCStringItem@@@Z 00438c59 f i QuakeFileSystem.obj
 0001:00037cf5       ??0CFilePak@CFileContainerZip@@QAE@ABVCFileInfo@1@PAU_iobuf@@@Z 00438cf5 f i QuakeFileSystem.obj
 0001:00037d47       ?Read@CFilePak@CFileContainerZip@@UAEHPAXH@Z 00438d47 f i QuakeFileSystem.obj
 0001:00037e90       ?GetSize@CFilePak@CFileContainerZip@@UAEHXZ 00438e90 f i QuakeFileSystem.obj
 0001:00037e9a       ?Eof@CFilePak@CFileContainerZip@@UAE_NXZ 00438e9a f i QuakeFileSystem.obj
 0001:00037ead       ??_ECFilePak@CFileContainerZip@@UAEPAXI@Z 00438ead f i QuakeFileSystem.obj
 0001:00037ead       ??_GCFilePak@CFileContainerZip@@UAEPAXI@Z 00438ead f i QuakeFileSystem.obj
 0001:00037ecc       ??1CFilePak@CFileContainerZip@@UAE@XZ 00438ecc f i QuakeFileSystem.obj
 0001:00037f3b       ??_GCFileContainerZip@@UAEPAXI@Z 00438f3b f i QuakeFileSystem.obj
 0001:00037f3b       ??_ECFileContainerZip@@UAEPAXI@Z 00438f3b f i QuakeFileSystem.obj
 0001:00037f6a       ?Mount@CZResource@@SAPAVCFileContainer@@PBDPBE0PAVCFileSystem@@@Z 00438f6a f i QuakeFileSystem.obj
 0001:00038116       ?GetType@CZResource@@MAEPBDXZ 00439116 f i QuakeFileSystem.obj
 0001:0003811c       ?OpenLocalFile@CZResource@@MAEPAVCFile@@ABVCStringItem@@@Z 0043911c f i QuakeFileSystem.obj
 0001:0003814d       ??0CFileRes@CZResource@@QAE@ABVCFileInfo@1@PBXH@Z 0043914d f i QuakeFileSystem.obj
 0001:00038200       ?Read@CFileRes@CZResource@@UAEHPAXH@Z 00439200 f i QuakeFileSystem.obj
 0001:00038253       ?GetSize@CFileRes@CZResource@@UAEHXZ 00439253 f i QuakeFileSystem.obj
 0001:0003825a       ?Eof@CFileRes@CZResource@@UAE_NXZ 0043925a f i QuakeFileSystem.obj
 0001:00038267       ??_ECFileRes@CZResource@@UAEPAXI@Z 00439267 f i QuakeFileSystem.obj
 0001:00038267       ??_GCFileRes@CZResource@@UAEPAXI@Z 00439267 f i QuakeFileSystem.obj
 0001:00038299       ??_GCZResource@@UAEPAXI@Z  00439299 f i QuakeFileSystem.obj
 0001:00038299       ??_ECZResource@@UAEPAXI@Z  00439299 f i QuakeFileSystem.obj
 0001:000382c8       ?MountGame@CQuakeFileSystem@@QAEXPBD@Z 004392c8 f i QuakeFileSystem.obj
 0001:00038313       ?SetGameDir@CQuakeFileSystem@@QAE_NPBD@Z 00439313 f i QuakeFileSystem.obj
 0001:00038515       ?FS_Tick@@YAXXZ            00439515 f   QuakeFileSystem.obj
 0001:00038662       ?CDAudio_Play@@YAXH_N@Z    00439662 f   cd_win.obj
 0001:00038855       ?CDAudio_Stop@@YAXXZ       00439855 f   cd_win.obj
 0001:00038916       ?CDAudio_Update@@YAXXZ     00439916 f   cd_win.obj
 0001:000389b9       ?CDAudio_Init@@YA_NXZ      004399b9 f   cd_win.obj
 0001:00038dda       ?CDAudio_Shutdown@@YAXXZ   00439dda f   cd_win.obj
 0001:00038dfd       ?CDAudio_Activate@@YAX_N@Z 00439dfd f   cd_win.obj
 0001:00038e14       ?IN_Init@@YAXXZ            00439e14 f   in_win.obj
 0001:000390a1       ?IN_Shutdown@@YAXXZ        0043a0a1 f   in_win.obj
 0001:00039302       ?IN_Activate@@YAX_N@Z      0043a302 f   in_win.obj
 0001:0003930f       ?IN_Frame@@YAXXZ           0043a30f f   in_win.obj
 0001:00039671       ?IN_Move@@YAXPAUusercmd_t@@@Z 0043a671 f   in_win.obj
 0001:00039b1c       ?NET_CompareAdr@@YA_NPAUnetadr_t@@0@Z 0043ab1c f   net_wins.obj
 0001:00039b57       ?NET_CompareBaseAdr@@YA_NPAUnetadr_t@@0@Z 0043ab57 f   net_wins.obj
 0001:00039b84       ?NET_AdrToString@@YAPBDPAUnetadr_t@@@Z 0043ab84 f   net_wins.obj
 0001:00039bca       ?NET_StringToAdr@@YA_NPBDPAUnetadr_t@@F@Z 0043abca f   net_wins.obj
 0001:00039cdf       ?NET_IsLocalAddress@@YA_NPAUnetadr_t@@@Z 0043acdf f   net_wins.obj
 0001:00039cee       ?NET_GetPacket@@YA_NW4netsrc_t@@PAUnetadr_t@@PAVsizebuf_t@@@Z 0043acee f   net_wins.obj
 0001:00039e6d       ?NET_SendPacket@@YAXW4netsrc_t@@HPAXUnetadr_t@@@Z 0043ae6d f   net_wins.obj
 0001:00039f8b       ?NET_Config@@YAX_N@Z       0043af8b f   net_wins.obj
 0001:0003a166       ?NET_Init@@YAXXZ           0043b166 f   net_wins.obj
 0001:0003a219       ?SNDDMA_Init@@YA_NXZ       0043b219 f   snd_win.obj
 0001:0003a864       ?SNDDMA_GetDMAPos@@YAHXZ   0043b864 f   snd_win.obj
 0001:0003a8ae       ?SNDDMA_BeginPainting@@YAXXZ 0043b8ae f   snd_win.obj
 0001:0003a9cd       ?SNDDMA_Submit@@YAXXZ      0043b9cd f   snd_win.obj
 0001:0003a9f2       ?SNDDMA_Shutdown@@YAXXZ    0043b9f2 f   snd_win.obj
 0001:0003a9f7       ?S_Activate@@YAX_N@Z       0043b9f7 f   snd_win.obj
 0001:0003aa4a       ?Write@COutputDeviceWin32Console@@UAEXPBD@Z 0043ba4a f i sys_win.obj
 0001:0003aac2       ?EraseInput@COutputDeviceWin32Console@@QAEXXZ 0043bac2 f i sys_win.obj
 0001:0003ab48       ??_ECOutputDeviceWin32Console@@UAEPAXI@Z 0043bb48 f i sys_win.obj
 0001:0003ab48       ??_GCOutputDeviceWin32Console@@UAEPAXI@Z 0043bb48 f i sys_win.obj
 0001:0003ab68       ?Sys_ConsoleInput@@YAPADXZ 0043bb68 f   sys_win.obj
 0001:0003adf1       ?Sys_ProcessMessages@@YAXXZ 0043bdf1 f   sys_win.obj
 0001:0003aeaa       _WinMain@16                0043beaa f   sys_win.obj
 0001:0003b1da       ??_ECOutputDeviceCon@@UAEPAXI@Z 0043c1da f i sys_win.obj
 0001:0003b1da       ??_GCOutputDeviceCon@@UAEPAXI@Z 0043c1da f i sys_win.obj
 0001:0003b282       ?Init@COutputDeviceWin32Console@@QAEXXZ 0043c282 f i sys_win.obj
 0001:0003b2ac       ?AddMsgHook@@YAXP6A_NIIJ@Z@Z 0043c2ac f   vid_dll.obj
 0001:0003b2f3       ?RemoveMsgHook@@YAXP6A_NIIJ@Z@Z 0043c2f3 f   vid_dll.obj
 0001:0003b326       ?Vid_CreateWindow@@YAPAXHH_N@Z 0043c326 f   vid_dll.obj
 0001:0003ba1f       ?Vid_DestroyWindow@@YAX_N@Z 0043ca1f f   vid_dll.obj
 0001:0003ba5e       ?Vid_Restart@@YAXXZ        0043ca5e f   vid_dll.obj
 0001:0003ba6a       ?Vid_GetModeInfo@@YA_NPAH0H@Z 0043ca6a f   vid_dll.obj
 0001:0003ba9c       ?Vid_Tick@@YAXXZ           0043ca9c f   vid_dll.obj
 0001:0003bc65       ?Vid_Init@@YAXXZ           0043cc65 f   vid_dll.obj
 0001:0003bd08       ?Vid_Shutdown@@YAXXZ       0043cd08 f   vid_dll.obj
 0001:0003bd27       ?PreLight@Comb@OpenGLDrv@@YA_NPBVshader_t@2@AAH@Z 0043cd27 f   gl_backend.obj
 0001:0003becc       ?PostLight@Comb@OpenGLDrv@@YAXPBVshader_t@2@@Z 0043cecc f   gl_backend.obj
 0001:0003c0b8       ?AddStaticStages@Comb@OpenGLDrv@@YAXPBVshader_t@2@H@Z 0043d0b8 f   gl_backend.obj
 0001:0003c18d       ?ComputeConstColor@Comb@OpenGLDrv@@YAXXZ 0043d18d f   gl_backend.obj
 0001:0003c4b2       ?NoMultitexture@Comb@OpenGLDrv@@YAXXZ 0043d4b2 f   gl_backend.obj
 0001:0003c509       ?UseMultitexture@Comb@OpenGLDrv@@YAXXZ 0043d509 f   gl_backend.obj
 0001:0003cafb       ?ShowFillrate@Comb@OpenGLDrv@@YAXPBVshader_t@2@@Z 0043dafb f   gl_backend.obj
 0001:0003cb9a       ?DebugLight@Comb@OpenGLDrv@@YAXPBVshader_t@2@@Z 0043db9a f   gl_backend.obj
 0001:0003cd33       ?ComputeCombiners@Comb@OpenGLDrv@@YAXPBVshader_t@2@@Z 0043dd33 f   gl_backend.obj
 0001:0003ce93       ?BK_FlushShader@OpenGLDrv@@YAXXZ 0043de93 f   gl_backend.obj
 0001:0003ec76       ?Tesselate@surfacePlanar_t@OpenGLDrv@@UAEXAAUrefEntity_t@2@@Z 0043fc76 f   gl_backend.obj
 0001:0003eddc       ?Tesselate@surfaceTrisurf_t@OpenGLDrv@@UAEXAAUrefEntity_t@2@@Z 0043fddc f   gl_backend.obj
 0001:0003eee4       ?Tesselate@surfacePoly_t@OpenGLDrv@@UAEXAAUrefEntity_t@2@@Z 0043fee4 f   gl_backend.obj
 0001:0003efeb       ?Tesselate@surfaceMd3_t@OpenGLDrv@@UAEXAAUrefEntity_t@2@@Z 0043ffeb f   gl_backend.obj
 0001:0003f5b5       ?DrawBrush@OpenGLDrv@@YAXPBUCBrush@@PBDH@Z 004405b5 f   gl_backend.obj
 0001:0003f618       ?Tesselate@surfaceEntity_t@OpenGLDrv@@UAEXAAUrefEntity_t@2@@Z 00440618 f   gl_backend.obj
 0001:0003f713       ?Tesselate@surfaceParticle_t@OpenGLDrv@@UAEXAAUrefEntity_t@2@@Z 00440713 f   gl_backend.obj
 0001:0003f963       ?BK_DrawScene@OpenGLDrv@@YAXXZ 00440963 f   gl_backend.obj
 0001:000401d3       ?BK_DrawPic@OpenGLDrv@@YAXPAVshader_t@1@HHHHMMMMIE@Z 004411d3 f   gl_backend.obj
 0001:000403b4       ?BK_DrawText@OpenGLDrv@@YAXPBDHHHHHI@Z 004413b4 f   gl_backend.obj
 0001:000405a9       ?BK_BeginFrame@OpenGLDrv@@YAXXZ 004415a9 f   gl_backend.obj
 0001:0004060d       ?BK_EndFrame@OpenGLDrv@@YAXXZ 0044160d f   gl_backend.obj
 0001:00040662       ?BK_Init@OpenGLDrv@@YAXXZ  00441662 f   gl_backend.obj
 0001:00040691       ?BK_Shutdown@OpenGLDrv@@YAXXZ 00441691 f   gl_backend.obj
 0001:000406a9       ?AllocDynamicMemory@OpenGLDrv@@YAPAXH@Z 004416a9 f   gl_buffers.obj
 0001:00040717       ?ResizeDynamicMemory@OpenGLDrv@@YAXPAXH@Z 00441717 f   gl_buffers.obj
 0001:0004075b       ?AddSurfaceToPortal@OpenGLDrv@@YAXPAVsurfaceBase_t@1@PAVshader_t@1@HH@Z 0044175b f   gl_buffers.obj
 0001:000407cc       ?InsertShaderIndex@OpenGLDrv@@YAXH@Z 004417cc f   gl_buffers.obj
 0001:00040808       ?ClearPortal@OpenGLDrv@@YAXXZ 00441808 f   gl_buffers.obj
 0001:00040826       ?SortSurfaces@OpenGLDrv@@YAXPAUviewPortal_t@1@PAPAUsurfaceInfo_t@1@@Z 00441826 f   gl_buffers.obj
 0001:000409b8       ?ClearBuffers@OpenGLDrv@@YAXXZ 004419b8 f   gl_buffers.obj
 0001:000409cf       ?CreateBuffers@OpenGLDrv@@YAXXZ 004419cf f   gl_buffers.obj
 0001:000409f5       ?FreeBuffers@OpenGLDrv@@YAXXZ 004419f5 f   gl_buffers.obj
 0001:00040a19       ?InitEntity@model_t@OpenGLDrv@@UAE_NPAUentity_t@@PAUrefEntity_t@2@@Z 00441a19 f   gl_frontend.obj
 0001:00040a1e       ?AddSurfaces@model_t@OpenGLDrv@@UAEXPAUrefEntity_t@2@@Z 00441a1e f   gl_frontend.obj
 0001:00040a4f       ?GetLeaf@model_t@OpenGLDrv@@UAEPBUCBspLeaf@@PAUrefEntity_t@2@@Z 00441a4f f   gl_frontend.obj
 0001:00040a66       ?DrawLabel@model_t@OpenGLDrv@@UAEXPAUrefEntity_t@2@@Z 00441a66 f   gl_frontend.obj
 0001:00040a69       ?InitEntity@inlineModel_t@OpenGLDrv@@UAE_NPAUentity_t@@PAUrefEntity_t@2@@Z 00441a69 f   gl_frontend.obj
 0001:00040ad6       ?AddSurfaces@inlineModel_t@OpenGLDrv@@UAEXPAUrefEntity_t@2@@Z 00441ad6 f   gl_frontend.obj
 0001:00041022       ?GetLeaf@inlineModel_t@OpenGLDrv@@UAEPBUCBspLeaf@@PAUrefEntity_t@2@@Z 00442022 f   gl_frontend.obj
 0001:000411cd       ?DrawLabel@inlineModel_t@OpenGLDrv@@UAEXPAUrefEntity_t@2@@Z 004421cd f   gl_frontend.obj
 0001:00041216       ?InitEntity@md3Model_t@OpenGLDrv@@UAE_NPAUentity_t@@PAUrefEntity_t@2@@Z 00442216 f   gl_frontend.obj
 0001:000413f4       ?AddSurfaces@md3Model_t@OpenGLDrv@@UAEXPAUrefEntity_t@2@@Z 004423f4 f   gl_frontend.obj
 0001:0004152e       ?GetLeaf@md3Model_t@OpenGLDrv@@UAEPBUCBspLeaf@@PAUrefEntity_t@2@@Z 0044252e f   gl_frontend.obj
 0001:00041569       ?DrawLabel@md3Model_t@OpenGLDrv@@UAEXPAUrefEntity_t@2@@Z 00442569 f   gl_frontend.obj
 0001:000415d2       ?InitEntity@sprModel_t@OpenGLDrv@@UAE_NPAUentity_t@@PAUrefEntity_t@2@@Z 004425d2 f   gl_frontend.obj
 0001:000415f5       ?AddSurfaces@sprModel_t@OpenGLDrv@@UAEXPAUrefEntity_t@2@@Z 004425f5 f   gl_frontend.obj
 0001:00041773       ?GetLeaf@sprModel_t@OpenGLDrv@@UAEPBUCBspLeaf@@PAUrefEntity_t@2@@Z 00442773 f   gl_frontend.obj
 0001:0004185b       ?AddEntity@OpenGLDrv@@YAXPAUentity_t@@@Z 0044285b f   gl_frontend.obj
 0001:00041a14       ?AddDlight@OpenGLDrv@@YAXPAUdlight_t@@@Z 00442a14 f   gl_frontend.obj
 0001:00041bcc       ?DrawPortal@OpenGLDrv@@YAXXZ 00442bcc f   gl_frontend.obj
 0001:00043de4       ?GL_TextureMode@OpenGLDrv@@YAXPBD@Z 00444de4 f   gl_image.obj
 0001:00043e8f       ?CreateImage@OpenGLDrv@@YAPAVimage_t@1@PBDPAXHHI@Z 00444e8f f   gl_image.obj
 0001:00044c41       ?CreateImage8@OpenGLDrv@@YAPAVimage_t@1@PBDPAXHHIPAI@Z 00445c41 f   gl_image.obj
 0001:00044d20       ?LoadDelayedImages@OpenGLDrv@@YAXXZ 00445d20 f   gl_image.obj
 0001:00044db3       ?DrawStretchRaw8@OpenGLDrv@@YAXHHHHHHPAEPAI@Z 00445db3 f   gl_image.obj
 0001:000450e6       ?SetupGamma@OpenGLDrv@@YAXXZ 004460e6 f   gl_image.obj
 0001:0004522c       ?PerformScreenshot@OpenGLDrv@@YAXXZ 0044622c f   gl_image.obj
 0001:0004549d       ?InitImages@OpenGLDrv@@YAXXZ 0044649d f   gl_image.obj
 0001:00045c76       ?ShutdownImages@OpenGLDrv@@YAXXZ 00446c76 f   gl_image.obj
 0001:00045cdd       ?ShowImages@OpenGLDrv@@YAXXZ 00446cdd f   gl_image.obj
 0001:00045f69       ?FindImage@OpenGLDrv@@YAPAVimage_t@1@PBDI@Z 00446f69 f   gl_image.obj
 0001:0004634d       ?GetImageColor@OpenGLDrv@@YA_NPBDIPATcolor_t@@@Z 0044734d f   gl_image.obj
 0001:000463be       ?GL_Lock@OpenGLDrv@@YAXXZ  004473be f   gl_interface.obj
 0001:00046436       ?GL_Unlock@OpenGLDrv@@YAXXZ 00447436 f   gl_interface.obj
 0001:000465f8       ?GL_Bind@OpenGLDrv@@YAXPBVimage_t@1@@Z 004475f8 f   gl_interface.obj
 0001:0004678d       ?GL_BindForce@OpenGLDrv@@YAXPBVimage_t@1@@Z 0044778d f   gl_interface.obj
 0001:00046825       ?GL_TexEnv@OpenGLDrv@@YAXI@Z 00447825 f   gl_interface.obj
 0001:000469a4       ?GL_TexMipBias@OpenGLDrv@@YAXM@Z 004479a4 f   gl_interface.obj
 0001:00046a00       ?GL_TexEnvColor@OpenGLDrv@@YAXPBTcolor_t@@@Z 00447a00 f   gl_interface.obj
 0001:00046ab0       ?GL_SelectTexture@OpenGLDrv@@YAXH@Z 00447ab0 f   gl_interface.obj
 0001:00046b13       ?GL_TexCoordPointer@OpenGLDrv@@YAXPAX@Z 00447b13 f   gl_interface.obj
 0001:00046b46       ?GL_SetMultitexture@OpenGLDrv@@YAXH@Z 00447b46 f   gl_interface.obj
 0001:00046c37       ?GL_DisableTexCoordArrays@OpenGLDrv@@YAXXZ 00447c37 f   gl_interface.obj
 0001:00046c8b       ?GL_CullFace@OpenGLDrv@@YAXW4gl_cullMode_t@1@@Z 00447c8b f   gl_interface.obj
 0001:00046cdf       ?GL_DepthRange@OpenGLDrv@@YAXW4gl_depthMode_t@1@@Z 00447cdf f   gl_interface.obj
 0001:00046d15       ?GL_State@OpenGLDrv@@YAXI@Z 00447d15 f   gl_interface.obj
 0001:00046e65       ?GL_EnableFog@OpenGLDrv@@YAX_N@Z 00447e65 f   gl_interface.obj
 0001:00046f3f       ?GL_SetDefaultState@OpenGLDrv@@YAXXZ 00447f3f f   gl_interface.obj
 0001:00047096       ?GL_Set2DMode@OpenGLDrv@@YAXXZ 00448096 f   gl_interface.obj
 0001:0004718a       ?GL_Set3DMode@OpenGLDrv@@YAXPAUviewPortal_t@1@@Z 0044818a f   gl_interface.obj
 0001:00047275       ?Show@CPointLight@OpenGLDrv@@UBEXXZ 00448275 f   gl_light.obj
 0001:00047492       ?Show@CSurfLight@OpenGLDrv@@UBEXXZ 00448492 f   gl_light.obj
 0001:00047609       ?ShowLights@OpenGLDrv@@YAXXZ 00448609 f   gl_light.obj
 0001:0004768e       ?Init@CPointLight@OpenGLDrv@@UAEXXZ 0044868e f   gl_light.obj
 0001:000476a6       ?Init@CLightLinear@OpenGLDrv@@EAEXXZ 004486a6 f   gl_light.obj
 0001:000476da       ?GetScale@CLightLinear@OpenGLDrv@@EBEMM@Z 004486da f   gl_light.obj
 0001:000476ea       ?Init@CLightInv@OpenGLDrv@@EAEXXZ 004486ea f   gl_light.obj
 0001:00047706       ?GetScale@CLightInv@OpenGLDrv@@EBEMM@Z 00448706 f   gl_light.obj
 0001:00047722       ?Init@CLightInv2@OpenGLDrv@@EAEXXZ 00448722 f   gl_light.obj
 0001:0004778b       ?GetScale@CLightInv2@OpenGLDrv@@EBEMM@Z 0044878b f   gl_light.obj
 0001:000477ad       ?Init@CLightNofade@OpenGLDrv@@EAEXXZ 004487ad f   gl_light.obj
 0001:000477be       ?GetScale@CLightNofade@OpenGLDrv@@EBEMM@Z 004487be f   gl_light.obj
 0001:000477c4       ?Add@CPointLight@OpenGLDrv@@UBEXABUCVec3@@ABUCAxis@@@Z 004487c4 f   gl_light.obj
 0001:00047c10       ?Init@CSurfLight@OpenGLDrv@@UAEXXZ 00448c10 f   gl_light.obj
 0001:00047ceb       ?Add@CSurfLight@OpenGLDrv@@UBEXABUCVec3@@ABUCAxis@@@Z 00448ceb f   gl_light.obj
 0001:0004810c       ?Init@CSunLight@OpenGLDrv@@UAEXXZ 0044910c f   gl_light.obj
 0001:000481b9       ?Add@CSunLight@OpenGLDrv@@UBEXABUCVec3@@ABUCAxis@@@Z 004491b9 f   gl_light.obj
 0001:0004827f       ?LightForEntity@OpenGLDrv@@YAXPAUrefEntity_t@1@@Z 0044927f f   gl_light.obj
 0001:00048b5a       ?DiffuseLight@OpenGLDrv@@YAXPATcolor_t@@M@Z 00449b5a f   gl_light.obj
 0001:00048da6       ?InitLightGrid@OpenGLDrv@@YAXXZ 00449da6 f   gl_light.obj
 0001:00048e4c       ?PostLoadLights@OpenGLDrv@@YAXXZ 00449e4c f   gl_light.obj
 0001:00048f35       ?LM_Init@OpenGLDrv@@YAXXZ  00449f35 f   gl_lightmap.obj
 0001:00048f4b       ?LM_Flush@OpenGLDrv@@YAXPAUlightmapBlock_t@1@@Z 00449f4b f   gl_lightmap.obj
 0001:00048fab       ?LM_Done@OpenGLDrv@@YAXXZ  00449fab f   gl_lightmap.obj
 0001:00048fd2       ?LM_Save@OpenGLDrv@@YAXPAUlightmapBlock_t@1@@Z 00449fd2 f   gl_lightmap.obj
 0001:00048fed       ?LM_Restore@OpenGLDrv@@YAXPAUlightmapBlock_t@1@@Z 00449fed f   gl_lightmap.obj
 0001:00049008       ?LM_NewBlock@OpenGLDrv@@YAPAUlightmapBlock_t@1@XZ 0044a008 f   gl_lightmap.obj
 0001:00049067       ?LM_Rewind@OpenGLDrv@@YAXXZ 0044a067 f   gl_lightmap.obj
 0001:0004906f       ?LM_NextBlock@OpenGLDrv@@YAPAUlightmapBlock_t@1@XZ 0044a06f f   gl_lightmap.obj
 0001:0004909c       ?LM_CheckMinlight@OpenGLDrv@@YAXPAUdynamicLightmap_t@1@@Z 0044a09c f   gl_lightmap.obj
 0001:00049132       ?LM_AllocBlock@OpenGLDrv@@YA_NPAUlightmapBlock_t@1@PAUdynamicLightmap_t@1@@Z 0044a132 f   gl_lightmap.obj
 0001:00049258       ?LM_Copy@OpenGLDrv@@YAXPAE0HH@Z 0044a258 f   gl_lightmap.obj
 0001:000495d2       ?LM_PutBlock@OpenGLDrv@@YAXPAUdynamicLightmap_t@1@@Z 0044a5d2 f   gl_lightmap.obj
 0001:000496e9       ?LM_PutBlock1@OpenGLDrv@@YAXPAUdynamicLightmap_t@1@@Z 0044a6e9 f   gl_lightmap.obj
 0001:0004983a       ?LM_SortLightStyles@OpenGLDrv@@YAXPAUdynamicLightmap_t@1@@Z 0044a83a f   gl_lightmap.obj
 0001:000498cc       ?UpdateDynamicLightmap@OpenGLDrv@@YAXPAVsurfacePlanar_t@1@_NI@Z 0044a8cc f   gl_lightmap.obj
 0001:0004a127       ?LM_IsMonotone@OpenGLDrv@@YA_NPAUdynamicLightmap_t@1@PATcolor_t@@@Z 0044b127 f   gl_lightmap.obj
 0001:0004a22e       ?Init@OpenGLDrv@@YA_NXZ    0044b22e f   gl_main.obj
 0001:0004a926       ?Shutdown@OpenGLDrv@@YAX_N@Z 0044b926 f   gl_main.obj
 0001:0004a9af       ?GL_EnableRendering@OpenGLDrv@@YAX_N@Z 0044b9af f   gl_main.obj
 0001:0004a9cd       ?BeginFrame@OpenGLDrv@@YAXN@Z 0044b9cd f   gl_main.obj
 0001:0004aaff       ?EndFrame@OpenGLDrv@@YAXXZ 0044baff f   gl_main.obj
 0001:0004ab17       ?RenderFrame@OpenGLDrv@@YAXPAUrefdef_t@@@Z 0044bb17 f   gl_main.obj
 0001:0004b05d       ?Zero@FDrawStats@OpenGLDrv@@QAEXXZ 0044c05d f i gl_main.obj
 0001:0004b46e       ?Fill8@OpenGLDrv@@YAXHHHHH@Z 0044c46e f   gl_main.obj
 0001:0004b4b1       ?Fill@OpenGLDrv@@YAXHHHHI@Z 0044c4b1 f   gl_main.obj
 0001:0004b4ed       ?TileClear@OpenGLDrv@@YAXHHHHPBD@Z 0044c4ed f   gl_main.obj
 0001:0004b58e       ?DrawStretchPic@OpenGLDrv@@YAXHHHHPBD@Z 0044c58e f   gl_main.obj
 0001:0004b5d3       ?DrawDetailedPic@OpenGLDrv@@YAXHHHHPBD@Z 0044c5d3 f   gl_main.obj
 0001:0004b67d       ?DrawPic@OpenGLDrv@@YAXHHPBDHH@Z 0044c67d f   gl_main.obj
 0001:0004b705       ?LoadNewWorld@OpenGLDrv@@YAXXZ 0044c705 f   gl_main.obj
 0001:0004b725       ?DumpLoadStats@OpenGLDrv@@YAXXZ 0044c725 f   gl_main.obj
 0001:0004b7ab       ?FinishLoadingWorld@OpenGLDrv@@YAXXZ 0044c7ab f   gl_main.obj
 0001:0004b7b0       ?RegisterPic@OpenGLDrv@@YAPAVCBasicImage@@PBD@Z 0044c7b0 f   gl_main.obj
 0001:0004b7c4       ?RegisterSkin@OpenGLDrv@@YAPAVCBasicImage@@PBD_N@Z 0044c7c4 f   gl_main.obj
 0001:0004b7e4       ?RegisterModel@OpenGLDrv@@YAPAVCRenderModel@@PBD@Z 0044c7e4 f   gl_main.obj
 0001:0004b7f2       ?SetSky@OpenGLDrv@@YAXPBDMABUCVec3@@@Z 0044c7f2 f   gl_main.obj
 0001:0004b8fa       ?Screenshot@OpenGLDrv@@YAXHPBD@Z 0044c8fa f   gl_main.obj
 0001:0004b922       ?GetClientLight@OpenGLDrv@@YAMXZ 0044c922 f   gl_main.obj
 0001:0004b929       ?InitFuncTables@OpenGLDrv@@YAXXZ 0044c929 f   gl_math.obj
 0001:0004ba2d       ?BuildRotationAxis@OpenGLDrv@@YAXAAUCAxis@@ABUCVec3@@M@Z 0044ca2d f   gl_math.obj
 0001:0004bb24       ?GetBoxRect@OpenGLDrv@@YA_NPBUrefEntity_t@1@ABUCVec3@@QAM2_N@Z 0044cb24 f   gl_math.obj
 0001:0004be2e       ?ProjectToScreen@OpenGLDrv@@YA_NABUCVec3@@QAH@Z 0044ce2e f   gl_math.obj
 0001:0004bf71       ?SaturateColor3f@OpenGLDrv@@YAXAAUCVec3@@@Z 0044cf71 f   gl_math.obj
 0001:0004c061       ?SaturateColor4b@OpenGLDrv@@YAXPATcolor_t@@@Z 0044d061 f   gl_math.obj
 0001:0004c16f       ?SubdividePlane@OpenGLDrv@@YAHPAPAUCVec3@@HM@Z 0044d16f f   gl_poly.obj
 0001:0004c64e       ?FreeSubdividedPlane@OpenGLDrv@@YAXXZ 0044d64e f   gl_poly.obj
 0001:0004c666       ?GetSubdivideIndexes@OpenGLDrv@@YAXPAH@Z 0044d666 f   gl_poly.obj
 0001:0004c6bc       ?RemoveCollinearPoints@OpenGLDrv@@YAHPAPAUCVec3@@H@Z 0044d6bc f   gl_poly.obj
 0001:0004c7b2       ?InitShaders@OpenGLDrv@@YAXXZ 0044d7b2 f   gl_shader.obj
 0001:0004c950       ?ShutdownShaders@OpenGLDrv@@YAXXZ 0044d950 f   gl_shader.obj
 0001:0004c98e       ?GetLightmapImage@OpenGLDrv@@YAPAVimage_t@1@H@Z 0044d98e f   gl_shader.obj
 0001:0004c9b9       ?SetShaderLightmap@OpenGLDrv@@YAPAVshader_t@1@PAV21@H@Z 0044d9b9 f   gl_shader.obj
 0001:0004cd7b       ??4shader_t@OpenGLDrv@@QAEAAV01@ABV01@@Z 0044dd7b f i gl_shader.obj
 0001:0004d051       ?SetShaderLightstyles@OpenGLDrv@@YAPAVshader_t@1@PAV21@I_N@Z 0044e051 f   gl_shader.obj
 0001:0004d103       ?GetAlphaShader@OpenGLDrv@@YAPAVshader_t@1@PAV21@@Z 0044e103 f   gl_shader.obj
 0001:0004d64b       ?SetShaderAnimFreq@OpenGLDrv@@YAXPAVshader_t@1@H@Z 0044e64b f   gl_shader.obj
 0001:0004d6a1       ?FindShader@OpenGLDrv@@YAPAVshader_t@1@PBDI@Z 0044e6a1 f   gl_shader.obj
 0001:0004f34e       ?GetShaderByNum@OpenGLDrv@@YAPAVshader_t@1@H@Z 0045034e f   gl_shader.obj
 0001:0004f370       ?ResetShaders@OpenGLDrv@@YAXXZ 00450370 f   gl_shader.obj
 0001:0004f5a5       ?Reload@shader_t@OpenGLDrv@@UAEXXZ 004505a5 f   gl_shader.obj
 0001:0004f5d4       ?ClearSky@OpenGLDrv@@YAXXZ 004505d4 f   gl_sky.obj
 0001:0004f631       ?AddToSky@surfaceBase_t@OpenGLDrv@@UAEX_N@Z 00450631 f   gl_sky.obj
 0001:0004f645       ?AddToSky@surfacePlanar_t@OpenGLDrv@@UAEX_N@Z 00450645 f   gl_sky.obj
 0001:0004fe78       ?AddToSky@surfaceTrisurf_t@OpenGLDrv@@UAEX_N@Z 00450e78 f   gl_sky.obj
 0001:0004febd       ?DrawSky@OpenGLDrv@@YAXXZ  00450ebd f   gl_sky.obj
 0001:000506ae       ?DrawChar@OpenGLDrv@@YAXHHHH@Z 004516ae f   gl_text.obj
 0001:00050708       ?ClearTexts@OpenGLDrv@@YAXXZ 00451708 f   gl_text.obj
 0001:0005071d       ?FlushTexts@OpenGLDrv@@YAXXZ 0045171d f   gl_text.obj
 0001:000507c9       ?DrawTextPos@OpenGLDrv@@YAXHHPBDI@Z 004517c9 f   gl_text.obj
 0001:000507f5       ?DrawTextLeft@OpenGLDrv@@YAXPBDI@Z 004517f5 f   gl_text.obj
 0001:0005087d       ?DrawTextRight@OpenGLDrv@@YAXPBDI@Z 0045187d f   gl_text.obj
 0001:000508c7       ?DrawText3D@OpenGLDrv@@YAXABUCVec3@@PBDI@Z 004518c7 f   gl_text.obj
 0001:000508f4       ?InitTexts@OpenGLDrv@@YAXXZ 004518f4 f   gl_text.obj
 0001:0005090e       ??0?$TTextContainer@UCRText@OpenGLDrv@@$0BAAAA@@@QAE@XZ 0045190e f i gl_text.obj
 0001:00050933       ?FindModel@OpenGLDrv@@YAPAVmodel_t@1@PBD@Z 00451933 f   gl_model.obj
[...]
 0001:00066514       _noscale                   00467514 f   libs-vc-win32:jcscale.obj
 0001:00065fbd       _start_pass                00466fbd f   libs-vc-win32:jcpred.obj
 0001:00066015       _reset_predictor           00467015 f   libs-vc-win32:jcpred.obj
 0001:00066042       _jpeg_difference_first_row 00467042 f   libs-vc-win32:jcpred.obj
 0001:0006612c       _jpeg_difference1          0046712c f   libs-vc-win32:jcpred.obj
 0001:0006619a       _jpeg_difference2          0046719a f   libs-vc-win32:jcpred.obj
 0001:0006620b       _jpeg_difference3          0046720b f   libs-vc-win32:jcpred.obj
 0001:00066283       _jpeg_difference4          00467283 f   libs-vc-win32:jcpred.obj
 0001:0006630e       _jpeg_difference5          0046730e f   libs-vc-win32:jcpred.obj
 0001:000663a1       _jpeg_difference6          004673a1 f   libs-vc-win32:jcpred.obj
 0001:00066430       _jpeg_difference7          00467430 f   libs-vc-win32:jcpred.obj
 0001:000658ac       _start_pass_huff           004668ac f   libs-vc-win32:jclhuff.obj
 0001:00065a49       _encode_mcus_huff          00466a49 f   libs-vc-win32:jclhuff.obj
 0001:00065c34       _emit_bits                 00466c34 f   libs-vc-win32:jclhuff.obj
 0001:00065cd7       _dump_buffer               00466cd7 f   libs-vc-win32:jclhuff.obj
 0001:00065cfb       _emit_restart              00466cfb f   libs-vc-win32:jclhuff.obj
 0001:00065d46       _flush_bits                00466d46 f   libs-vc-win32:jclhuff.obj
 0001:00065d6a       _finish_pass_huff          00466d6a f   libs-vc-win32:jclhuff.obj
 0001:00065dd7       _encode_mcus_gather        00466dd7 f   libs-vc-win32:jclhuff.obj
 0001:00065f00       _finish_pass_gather        00466f00 f   libs-vc-win32:jclhuff.obj
 0001:00065f96       _need_optimization_pass    00466f96 f   libs-vc-win32:jclhuff.obj
 0001:0006548a       _start_pass_diff           0046648a f   libs-vc-win32:jcdiffct.obj
 0001:00065528       _start_iMCU_row            00466528 f   libs-vc-win32:jcdiffct.obj
 0001:0006556a       _compress_data             0046656a f   libs-vc-win32:jcdiffct.obj
 0001:00065700       _compress_first_pass       00466700 f   libs-vc-win32:jcdiffct.obj
 0001:000657f5       _compress_output           004667f5 f   libs-vc-win32:jcdiffct.obj
 0001:0006509d       _start_pass_fdctmgr        0046609d f   libs-vc-win32:jcdctmgr.obj
 0001:0006519f       _forward_DCT_float         0046619f f   libs-vc-win32:jcdctmgr.obj
 0001:000645d2       _start_pass_phuff          004655d2 f   libs-vc-win32:jcphuff.obj
 0001:0006473f       _encode_mcu_DC_first       0046573f f   libs-vc-win32:jcphuff.obj
 0001:00064871       _emit_bits                 00465871 f   libs-vc-win32:jcphuff.obj
 0001:0006491c       _dump_buffer               0046591c f   libs-vc-win32:jcphuff.obj
 0001:00064954       _emit_symbol               00465954 f   libs-vc-win32:jcphuff.obj
 0001:00064994       _emit_restart              00465994 f   libs-vc-win32:jcphuff.obj
 0001:00064a1d       _emit_eobrun               00465a1d f   libs-vc-win32:jcphuff.obj
 0001:00064aa3       _encode_mcu_AC_first       00465aa3 f   libs-vc-win32:jcphuff.obj
 0001:00064c37       _encode_mcu_DC_refine      00465c37 f   libs-vc-win32:jcphuff.obj
 0001:00064cf1       _encode_mcu_AC_refine      00465cf1 f   libs-vc-win32:jcphuff.obj
 0001:00064f08       _finish_pass_phuff         00465f08 f   libs-vc-win32:jcphuff.obj
 0001:00064f57       _finish_pass_gather_phuff  00465f57 f   libs-vc-win32:jcphuff.obj
 0001:0006501a       _need_optimization_pass    0046601a f   libs-vc-win32:jcphuff.obj
 0001:00063d6d       _start_pass_huff           00464d6d f   libs-vc-win32:jcshuff.obj
 0001:00063ee2       _encode_mcu_huff           00464ee2 f   libs-vc-win32:jcshuff.obj
 0001:00063fed       _encode_one_block          00464fed f   libs-vc-win32:jcshuff.obj
 0001:00064164       _emit_bits                 00465164 f   libs-vc-win32:jcshuff.obj
 0001:00064207       _dump_buffer               00465207 f   libs-vc-win32:jcshuff.obj
 0001:0006422b       _emit_restart              0046522b f   libs-vc-win32:jcshuff.obj
 0001:00064298       _flush_bits                00465298 f   libs-vc-win32:jcshuff.obj
 0001:000642bc       _finish_pass_huff          004652bc f   libs-vc-win32:jcshuff.obj
 0001:0006432b       _encode_mcu_gather         0046532b f   libs-vc-win32:jcshuff.obj
 0001:000643e1       _htest_one_block           004653e1 f   libs-vc-win32:jcshuff.obj
 0001:000644a8       _finish_pass_gather        004654a8 f   libs-vc-win32:jcshuff.obj
 0001:00065f96       _need_optimization_pass    00466f96 f   libs-vc-win32:jclhuff.obj
 0001:00063740       _start_pass_coef           00464740 f   libs-vc-win32:jccoefct.obj
 0001:00065528       _start_iMCU_row            00466528 f   libs-vc-win32:jcdiffct.obj
 0001:000637d5       _compress_data             004647d5 f   libs-vc-win32:jccoefct.obj
 0001:000639bc       _compress_first_pass       004649bc f   libs-vc-win32:jccoefct.obj
 0001:00063ba2       _compress_output           00464ba2 f   libs-vc-win32:jccoefct.obj
 0001:00063658       _calc_output_dimensions    00464658 f   libs-vc-win32:jdlossls.obj
 0001:00063669       _start_input_pass          00464669 f   libs-vc-win32:jdlossls.obj
 0001:00063397       _calc_output_dimensions    00464397 f   libs-vc-win32:jdlossy.obj
 0001:0006350a       _start_input_pass          0046450a f   libs-vc-win32:jdlossy.obj
 0001:0006352a       _latch_quant_tables        0046452a f   libs-vc-win32:jdlossy.obj
 0001:000635c2       _start_output_pass         004645c2 f   libs-vc-win32:jdlossy.obj
 0001:000632e6       _start_pass                004642e6 f   libs-vc-win32:jclossls.obj
 0001:00063252       _start_pass                00464252 f   libs-vc-win32:jclossy.obj
 0001:000627a7       _initial_setup             004637a7 f   libs-vc-win32:jcmaster.obj
 0001:0006295a       _validate_script           0046395a f   libs-vc-win32:jcmaster.obj
 0001:00062d32       _prepare_for_pass          00463d32 f   libs-vc-win32:jcmaster.obj
 0001:00062eaa       _select_scan_parameters    00463eaa f   libs-vc-win32:jcmaster.obj
 0001:00062fab       _per_scan_setup            00463fab f   libs-vc-win32:jcmaster.obj
 0001:00063156       _pass_startup              00464156 f   libs-vc-win32:jcmaster.obj
 0001:0006317d       _finish_pass_master        0046417d f   libs-vc-win32:jcmaster.obj
 0001:00062293       _rgb_ycc_start             00463293 f   libs-vc-win32:jccolor.obj
 0001:00062357       _rgb_ycc_convert           00463357 f   libs-vc-win32:jccolor.obj
 0001:00062456       _rgb_gray_convert          00463456 f   libs-vc-win32:jccolor.obj
 0001:000624db       _cmyk_ycck_convert         004634db f   libs-vc-win32:jccolor.obj
 0001:00062613       _grayscale_convert         00463613 f   libs-vc-win32:jccolor.obj
 0001:0006266d       _null_convert              0046366d f   libs-vc-win32:jccolor.obj
 0001:000322ab       _null_method               004332ab f   images.obj
 0001:000322ab       _start_pass_downsample     004332ab f   images.obj
 0001:000619df       _sep_downsample            004629df f   libs-vc-win32:jcsample.obj
 0001:00061a54       _int_downsample            00462a54 f   libs-vc-win32:jcsample.obj
 0001:00061b4c       _expand_right_edge         00462b4c f   libs-vc-win32:jcsample.obj
 0001:00061ba1       _fullsize_downsample       00462ba1 f   libs-vc-win32:jcsample.obj
 0001:00061be5       _h2v1_downsample           00462be5 f   libs-vc-win32:jcsample.obj
 0001:00061c79       _h2v2_downsample           00462c79 f   libs-vc-win32:jcsample.obj
 0001:00061d26       _h2v2_smooth_downsample    00462d26 f   libs-vc-win32:jcsample.obj
 0001:00061f9e       _fullsize_smooth_downsample 00462f9e f   libs-vc-win32:jcsample.obj
 0001:000613db       _start_pass_prep           004623db f   libs-vc-win32:jcprepct.obj
 0001:00061419       _pre_process_data          00462419 f   libs-vc-win32:jcprepct.obj
 0001:000615c7       _pre_process_context       004625c7 f   libs-vc-win32:jcprepct.obj
 0001:00061780       _create_context_buffer     00462780 f   libs-vc-win32:jcprepct.obj
 0001:00061253       _start_pass_main           00462253 f   libs-vc-win32:jcmainct.obj
 0001:00061295       _process_data_simple_main  00462295 f   libs-vc-win32:jcmainct.obj
 0001:00060829       _create_colormap           00461829 f   libs-vc-win32:jquant1.obj
 0001:0006095b       _select_ncolors            0046195b f   libs-vc-win32:jquant1.obj
 0001:00060a32       _create_colorindex         00461a32 f   libs-vc-win32:jquant1.obj
 0001:00060b5e       _alloc_fs_workspace        00461b5e f   libs-vc-win32:jquant1.obj
 0001:00060b9a       _start_pass_1_quant        00461b9a f   libs-vc-win32:jquant1.obj
 0001:00060c66       _create_odither_tables     00461c66 f   libs-vc-win32:jquant1.obj
 0001:00060cc5       _make_odither_array        00461cc5 f   libs-vc-win32:jquant1.obj
 0001:00060d28       _color_quantize            00461d28 f   libs-vc-win32:jquant1.obj
 0001:00060db3       _color_quantize3           00461db3 f   libs-vc-win32:jquant1.obj
 0001:00060e41       _quantize_ord_dither       00461e41 f   libs-vc-win32:jquant1.obj
 0001:00060f2c       _quantize3_ord_dither      00461f2c f   libs-vc-win32:jquant1.obj
 0001:0006102c       _quantize_fs_dither        0046202c f   libs-vc-win32:jquant1.obj
 0001:000322ab       _finish_pass_1_quant       004332ab f   images.obj
 0001:000611b0       _new_color_map_1_quant     004621b0 f   libs-vc-win32:jquant1.obj
 0001:0005f7ea       _init_error_limit          004607ea f   libs-vc-win32:jquant2.obj
 0001:0005f889       _start_pass_2_quant        00460889 f   libs-vc-win32:jquant2.obj
 0001:0005f98b       _prescan_quantize          0046098b f   libs-vc-win32:jquant2.obj
 0001:0005f9fa       _pass2_no_dither           004609fa f   libs-vc-win32:jquant2.obj
 0001:0005faa7       _fill_inverse_cmap         00460aa7 f   libs-vc-win32:jquant2.obj
 0001:0005fb72       _find_nearby_colors        00460b72 f   libs-vc-win32:jquant2.obj
 0001:0005fd16       _find_best_colors          00460d16 f   libs-vc-win32:jquant2.obj
 0001:0005fe30       _pass2_fs_dither           00460e30 f   libs-vc-win32:jquant2.obj
 0001:0006009f       _finish_pass1              0046109f f   libs-vc-win32:jquant2.obj
 0001:000600c1       _select_colors             004610c1 f   libs-vc-win32:jquant2.obj
 0001:0006014d       _update_box                0046114d f   libs-vc-win32:jquant2.obj
 0001:000604e7       _median_cut                004614e7 f   libs-vc-win32:jquant2.obj
 0001:000605fb       _find_biggest_color_pop    004615fb f   libs-vc-win32:jquant2.obj
 0001:0006062a       _find_biggest_volume       0046162a f   libs-vc-win32:jquant2.obj
 0001:00060653       _compute_color             00461653 f   libs-vc-win32:jquant2.obj
 0001:000322ab       _finish_pass2              004332ab f   images.obj
 0001:0006078f       _new_color_map_2_quant     0046178f f   libs-vc-win32:jquant2.obj
 0001:0005f201       _build_ycc_rgb_table       00460201 f   libs-vc-win32:jdmerge.obj
 0001:0005f2b1       _start_pass_merged_upsample 004602b1 f   libs-vc-win32:jdmerge.obj
 0001:0005f2c6       _merged_2v_upsample        004602c6 f   libs-vc-win32:jdmerge.obj
 0001:0005f36d       _merged_1v_upsample        0046036d f   libs-vc-win32:jdmerge.obj
 0001:0005f39e       _h2v1_merged_upsample      0046039e f   libs-vc-win32:jdmerge.obj
 0001:0005f4f4       _h2v2_merged_upsample      004604f4 f   libs-vc-win32:jdmerge.obj
 0001:0005eda5       _build_ycc_rgb_table       0045fda5 f   libs-vc-win32:jdcolor.obj
 0001:0005ee55       _ycc_rgb_convert           0045fe55 f   libs-vc-win32:jdcolor.obj
 0001:0005ef63       _null_convert              0045ff63 f   libs-vc-win32:jdcolor.obj
 0001:0005efdb       _grayscale_convert         0045ffdb f   libs-vc-win32:jdcolor.obj
 0001:0005effe       _gray_rgb_convert          0045fffe f   libs-vc-win32:jdcolor.obj
 0001:0005f057       _ycck_cmyk_convert         00460057 f   libs-vc-win32:jdcolor.obj
 0001:000322ab       _start_pass_dcolor         004332ab f   images.obj
 0001:0005e806       _start_pass_upsample       0045f806 f   libs-vc-win32:jdsample.obj
 0001:0005e820       _sep_upsample              0045f820 f   libs-vc-win32:jdsample.obj
 0001:0005e8ed       _fullsize_upsample         0045f8ed f   libs-vc-win32:jdsample.obj
 0001:0005e8f8       _noop_upsample             0045f8f8 f   libs-vc-win32:jdsample.obj
 0001:0005e900       _int_upsample              0045f900 f   libs-vc-win32:jdsample.obj
 0001:0005e9ea       _h2v1_upsample             0045f9ea f   libs-vc-win32:jdsample.obj
 0001:0005ea41       _h2v2_upsample             0045fa41 f   libs-vc-win32:jdsample.obj
 0001:0005eab3       _h2v1_fancy_upsample       0045fab3 f   libs-vc-win32:jdsample.obj
 0001:0005eb56       _h2v2_fancy_upsample       0045fb56 f   libs-vc-win32:jdsample.obj
 0001:0005e40f       _start_pass_dpost          0045f40f f   libs-vc-win32:jdpostct.obj
 0001:0005e4b5       _post_process_1pass        0045f4b5 f   libs-vc-win32:jdpostct.obj
 0001:0005e51a       _post_process_prepass      0045f51a f   libs-vc-win32:jdpostct.obj
 0001:0005e5ab       _post_process_2pass        0045f5ab f   libs-vc-win32:jdpostct.obj
 0001:0005de16       _alloc_funny_pointers      0045ee16 f   libs-vc-win32:jdmainct.obj
 0001:0005dec3       _start_pass_main           0045eec3 f   libs-vc-win32:jdmainct.obj
 0001:0005df2b       _make_funny_pointers       0045ef2b f   libs-vc-win32:jdmainct.obj
 0001:0005e06b       _process_data_simple_main  0045f06b f   libs-vc-win32:jdmainct.obj
 0001:0005e0d3       _process_data_context_main 0045f0d3 f   libs-vc-win32:jdmainct.obj
 0001:0005e1e5       _set_wraparound_pointers   0045f1e5 f   libs-vc-win32:jdmainct.obj
 0001:0005e2cf       _set_bottom_pointers       0045f2cf f   libs-vc-win32:jdmainct.obj
 0001:0005e369       _process_data_crank_post   0045f369 f   libs-vc-win32:jdmainct.obj
 0001:0005cb3f       _write_marker_header       0045db3f f   libs-vc-win32:jcmarker.obj
 0001:0005cb95       _emit_byte                 0045db95 f   libs-vc-win32:jcmarker.obj
 0001:0005cbc6       _write_marker_byte         0045dbc6 f   libs-vc-win32:jcmarker.obj
 0001:0005cbd6       _write_file_header         0045dbd6 f   libs-vc-win32:jcmarker.obj
 0001:0005cc22       _emit_jfif_app0            0045dc22 f   libs-vc-win32:jcmarker.obj
 0001:0005ccf5       _emit_adobe_app14          0045dcf5 f   libs-vc-win32:jcmarker.obj
 0001:0005cd9b       _write_frame_header        0045dd9b f   libs-vc-win32:jcmarker.obj
 0001:0005ce7a       _emit_dqt                  0045de7a f   libs-vc-win32:jcmarker.obj
 0001:0005cf69       _emit_sof                  0045df69 f   libs-vc-win32:jcmarker.obj
 0001:0005d045       _write_scan_header         0045e045 f   libs-vc-win32:jcmarker.obj
 0001:0005d105       _emit_dht                  0045e105 f   libs-vc-win32:jcmarker.obj
 0001:0005d1de       _emit_dri                  0045e1de f   libs-vc-win32:jcmarker.obj
 0001:0005d22d       _emit_sos                  0045e22d f   libs-vc-win32:jcmarker.obj
 0001:0005d31b       _write_file_trailer        0045e31b f   libs-vc-win32:jcmarker.obj
 0001:0005d33b       _write_tables_only         0045e33b f   libs-vc-win32:jcmarker.obj
 0001:0005c694       _use_merged_upsample       0045d694 f   libs-vc-win32:jdmaster.obj
 0001:0005c73a       _master_selection          0045d73a f   libs-vc-win32:jdmaster.obj
 0001:0005c897       _prepare_range_limit_table 0045d897 f   libs-vc-win32:jdmaster.obj
 0001:0005c91d       _prepare_for_output_pass   0045d91d f   libs-vc-win32:jdmaster.obj
 0001:0005ca3e       _finish_output_pass        0045da3e f   libs-vc-win32:jdmaster.obj
 0001:0005bb0b       _alloc_small               0045cb0b f   libs-vc-win32:jmemmgr.obj
 0001:0005bc29       _alloc_large               0045cc29 f   libs-vc-win32:jmemmgr.obj
 0001:0005bcda       _alloc_sarray              0045ccda f   libs-vc-win32:jmemmgr.obj
 0001:0005bd72       _alloc_barray              0045cd72 f   libs-vc-win32:jmemmgr.obj
 0001:0005be16       _alloc_darray              0045ce16 f   libs-vc-win32:jmemmgr.obj
 0001:0005bec1       _request_virt_sarray       0045cec1 f   libs-vc-win32:jmemmgr.obj
 0001:0005bf22       _request_virt_barray       0045cf22 f   libs-vc-win32:jmemmgr.obj
 0001:0005bf83       _realize_virt_arrays       0045cf83 f   libs-vc-win32:jmemmgr.obj
 0001:0005c106       _access_virt_sarray        0045d106 f   libs-vc-win32:jmemmgr.obj
 0001:0005c226       _do_sarray_io              0045d226 f   libs-vc-win32:jmemmgr.obj
 0001:0005c2b6       _access_virt_barray        0045d2b6 f   libs-vc-win32:jmemmgr.obj
 0001:0005c3db       _do_barray_io              0045d3db f   libs-vc-win32:jmemmgr.obj
 0001:0005c46c       _free_pool                 0045d46c f   libs-vc-win32:jmemmgr.obj
 0001:0005c553       _self_destruct             0045d553 f   libs-vc-win32:jmemmgr.obj
 0001:0005b5a5       _start_input_pass          0045c5a5 f   libs-vc-win32:jdinput.obj
 0001:0005b5d3       _per_scan_setup            0045c5d3 f   libs-vc-win32:jdinput.obj
 0001:0005b759       _finish_input_pass         0045c759 f   libs-vc-win32:jdinput.obj
 0001:0005b76a       _consume_markers           0045c76a f   libs-vc-win32:jdinput.obj
 0001:0005b806       _initial_setup             0045c806 f   libs-vc-win32:jdinput.obj
 0001:0005ba10       _reset_input_controller    0045ca10 f   libs-vc-win32:jdinput.obj
 0001:0005b1aa       _make_crc_table            0045c1aa f   libs-vc-win32:crc32.obj
 0001:0005b2f7       _crc32_little              0045c2f7 f   libs-vc-win32:crc32.obj
 0001:0005afa4       _fixedtables               0045bfa4 f   libs-vc-win32:inflate.obj
 0001:0005b08e       _updatewindow              0045c08e f   libs-vc-win32:inflate.obj
 0001:00059ccc       _init_destination          0045accc f   libs-vc-win32:jdatadst.obj
 0001:00059cf2       _empty_output_buffer       0045acf2 f   libs-vc-win32:jdatadst.obj
 0001:00059d34       _term_destination          0045ad34 f   libs-vc-win32:jdatadst.obj
 0001:00059853       _std_huff_tables           0045a853 f   libs-vc-win32:jcparam.obj
 0001:000598ad       _add_huff_table            0045a8ad f   libs-vc-win32:jcparam.obj
 0001:00057dab       _next_marker               00458dab f   libs-vc-win32:jdmarker.obj
 0001:00057ee5       _get_interesting_appn      00458ee5 f   libs-vc-win32:jdmarker.obj
 0001:00058010       _examine_app0              00459010 f   libs-vc-win32:jdmarker.obj
 0001:0005821e       _examine_app14             0045921e f   libs-vc-win32:jdmarker.obj
 0001:000582df       _skip_variable             004592df f   libs-vc-win32:jdmarker.obj
 0001:00058382       _read_markers              00459382 f   libs-vc-win32:jdmarker.obj
 0001:0005858a       _get_soi                   0045958a f   libs-vc-win32:jdmarker.obj
 0001:00058635       _get_sof                   00459635 f   libs-vc-win32:jdmarker.obj
 0001:0005893e       _get_sos                   0045993e f   libs-vc-win32:jdmarker.obj
 0001:00058c2c       _get_dht                   00459c2c f   libs-vc-win32:jdmarker.obj
 0001:00058ecd       _get_dqt                   00459ecd f   libs-vc-win32:jdmarker.obj
 0001:00059129       _get_dri                   0045a129 f   libs-vc-win32:jdmarker.obj
 0001:00059208       _first_marker              0045a208 f   libs-vc-win32:jdmarker.obj
 0001:000592a4       _read_restart_marker       0045a2a4 f   libs-vc-win32:jdmarker.obj
 0001:00059322       _reset_marker_reader       0045a322 f   libs-vc-win32:jdmarker.obj
 0001:00057b8f       _output_pass_setup         00458b8f f   libs-vc-win32:jdapistd.obj
 0001:00057882       _default_decompress_parms  00458882 f   libs-vc-win32:jdapimin.obj

 299 bytes saved through ICF

