 quake2

 Timestamp is 42ef76ef (Tue Aug 02 17:36:47 2005)

 Preferred load address is 00400000

 Start         Length     Name                   Class
 0001:00000000 00060a10H .text                   CODE
 0002:00000000 00000278H .idata$5                DATA
 0002:00000278 00006674H .rdata                  DATA
 0002:000068f0 00000044H .rdata$r                DATA
 0002:00006938 00000038H .xdata$x                DATA
 0002:00006970 00000078H .idata$2                DATA
 0002:000069e8 00000014H .idata$3                DATA
 0002:000069fc 00000278H .idata$4                DATA
 0002:00006c74 000007feH .idata$6                DATA
 0002:00007472 00000000H .edata                  DATA
 0003:00000000 00000004H .CRT$XCA                DATA
 0003:00000004 00000078H .CRT$XCU                DATA
 0003:0000007c 00000004H .CRT$XCZ                DATA
 0003:00000080 00000004H .CRT$XIA                DATA
 0003:00000084 00000004H .CRT$XIZ                DATA
 0003:00000090 0000d8ecH .data                   DATA
 0003:0000d980 0047f61cH .bss                    DATA
 0004:00000000 00000130H .rsrc$01                DATA
 0004:00000130 00003f20H .rsrc$02                DATA

  Address         Publics by Value              Rva+Base     Lib:Object

 0001:00000000       ??3@YAXPAX@Z               00401000 f i CoreMain.obj
 0001:0000000b       ?appInit@@YAXXZ            0040100b f   CoreMain.obj
 0001:0000006e       ?appExit@@YAXXZ            0040106e f   CoreMain.obj
 0001:00000073       ?appLoadDebugSymbols@@YAXXZ 00401073 f   DbgSymbols.obj
 0001:00000276       ?appSymbolName@@YA_NIPADH@Z 00401276 f   DbgSymbols.obj
 0001:00000362       ?appSymbolName@@YAPBDI@Z   00401362 f   DbgSymbols.obj
 0001:00000394       ?appMalloc@@YAPAXIH@Z      00401394 f   Memory.obj
 0001:00000442       ?appFree@@YAXPAX@Z         00401442 f   Memory.obj
 0001:00000470       ?Unlink@FMemHeader@@QAEXXZ 00401470 f i Memory.obj
 0001:0000049b       ?Link@CMemoryChain@@AAEXXZ 0040149b f   Memory.obj
 0001:000004ba       ?Unlink@CMemoryChain@@AAEXXZ 004014ba f   Memory.obj
 0001:000004e5       ??2CMemoryChain@@SAPAXIH@Z 004014e5 f   Memory.obj
 0001:00000557       ??3CMemoryChain@@SAXPAX@Z  00401557 f   Memory.obj
 0001:0000058a       ?Alloc@CMemoryChain@@QAEPAXIH@Z 0040158a f   Memory.obj
 0001:000005f4       ?appInitMemory@@YAXXZ      004015f4 f   Memory.obj
 0001:00000b3f       ?Write@COutputDeviceNull@@UAEXPBD@Z 00401b3f f i OutputDevice.obj
 0001:00000b42       ?appWPrintf@@YAXPBDZZ      00401b42 f   OutputDevice.obj
 0001:00000b93       ?appFatalError@@YAXPBDZZ   00401b93 f   ErrorMgr.obj
 0001:00000bcd       ?appNonFatalError@@YAXPBDZZ 00401bcd f   ErrorMgr.obj
 0001:00000c2b       ?appUnwindPrefix@@YAXPBD@Z 00401c2b f   ErrorMgr.obj
 0001:00000c82       ?appUnwindThrow@@YAXPBDZZ  00401c82 f   ErrorMgr.obj
 0001:00000d09       ?Reset@CErrorHandler@@QAEXXZ 00401d09 f   ErrorMgr.obj
 0001:00000d33       ?appInitError@@YAXXZ       00401d33 f   ErrorMgr.obj
 0001:00000df1       ?GetLine@CSimpleParser@@QAEPBDXZ 00401df1 f   ScriptParser.obj
 0001:00000f06       ?SkipBraces@CSimpleParser@@QAEPBDXZ 00401f06 f   ScriptParser.obj
 0001:00000f3c       ?appStricmp@@YAHPBD0@Z     00401f3c f   Strings.obj
 0001:00000f71       ?toLower@@YADD@Z           00401f71 f i Strings.obj
 0001:00000f88       ?appStrcpy@@YAXPADPBD@Z    00401f88 f   Strings.obj
 0001:00000f9b       ?appStrncpylwr@@YAXPADPBDH@Z 00401f9b f   Strings.obj
 0001:00000fd3       ?appStrncpyz@@YAXPADPBDH@Z 00401fd3 f   Strings.obj
 0001:00001000       ?appStrcatn@@YAXPADHPBD@Z  00402000 f   Strings.obj
 0001:0000102b       ?appCopyFilename@@YAXPADPBDH@Z 0040202b f   Strings.obj
 0001:000010c7       ?appCStrlen@@YAHPBD@Z      004020c7 f   Strings.obj
 0001:000010ec       ?appUncolorizeString@@YAXPADPBD@Z 004020ec f   Strings.obj
 0001:0000111c       ?va@@YAPBDPBDZZ            0040211c f   Strings.obj
 0001:000011b8       ?appSprintf@@YAHPADHPBDZZ  004021b8 f   Strings.obj
 0001:00001203       ?appMatchWildcard@@YA_NPBD0_N@Z 00402203 f   Strings.obj
 0001:00001383       ?appIsWildcard@@YA_NPBD@Z  00402383 f   Strings.obj
 0001:000013ad       ?CopyString@@YAPADPBD@Z    004023ad f   Strings.obj
 0001:000013ed       ?CopyString@@YAPADPBDPAVCMemoryChain@@@Z 004023ed f   Strings.obj
 0001:00001421       ??2CStringItem@@SAPAXIPBD@Z 00402421 f   Strings.obj
 0001:0000146a       ??2CStringItem@@SAPAXIPBDPAVCMemoryChain@@@Z 0040246a f   Strings.obj
 0001:000014a7       ?Find@CStringList@@IAEPAVCStringItem@@PBDPAPAV2@@Z 004024a7 f   Strings.obj
 0001:000014e3       ?Find@CStringList@@IAEPAVCStringItem@@H@Z 004024e3 f   Strings.obj
 0001:000014fc       ?IndexOf@CStringList@@QAEHPBD@Z 004024fc f   Strings.obj
 0001:00001529       ?Remove@CStringList@@QAE_NPAVCStringItem@@@Z 00402529 f   Strings.obj
 0001:00001555       ?Free@CStringList@@QAEXXZ  00402555 f   Strings.obj
 0001:0000156e       ?appMillisecondsf@@YANXZ   0040256e f   CoreWin32.obj
 0001:000015a7       ?appMilliseconds@@YAIXZ    004025a7 f   CoreWin32.obj
 0001:000015dc       ?cpuid@@YAXI@Z             004025dc f   CoreWin32.obj
 0001:000015ff       ?appInitPlatform@@YAXXZ    004025ff f   CoreWin32.obj
 0001:00001892       ?appShutdownPlatform@@YAXXZ 00402892 f   CoreWin32.obj
 0001:0000189b       ?osAddressInfo@@YA_NIPADHPAH@Z 0040289b f   DbgSymbolsWin32.obj
 0001:0000192f       ?osModuleInfo@@YA_NIPADHPAH@Z 0040292f f   DbgSymbolsWin32.obj
 0001:00001ad7       ?win32ExceptFilter@@YAHPAU_EXCEPTION_POINTERS@@@Z 00402ad7 f   ExceptFilterWin32.obj
 0001:0000200b       ?win32ExceptFilter2@@YAHXZ 0040300b f   ExceptFilterWin32.obj
 0001:00002017       ?SCR_StopCinematic@@YAXXZ  00403017 f   cl_cin.obj
 0001:000020ab       ?SCR_DrawCinematic@@YA_NXZ 004030ab f   cl_cin.obj
 0001:0000250c       ?SCR_PlayCinematic@@YAXPBD@Z 0040350c f   cl_cin.obj
 0001:00002864       ?CL_Download_f@@YAX_NHPAPAD@Z 00403864 f   cl_download.obj
 0001:00002c15       ?CL_ParseDownload@@YAXXZ   00403c15 f   cl_download.obj
 0001:00003416       ?CL_Precache_f@@YAXHPAPAD@Z 00404416 f   cl_download.obj
 0001:00003474       ?CL_ParseDelta@@YAXPAUclEntityState_t@@0HI_N@Z 00404474 f   cl_ents.obj
 0001:000035f4       ?CL_ParseFrame@@YAXXZ      004045f4 f   cl_ents.obj
 0001:00003ca3       ?CL_AddEntityBox@@YAXPAUclEntityState_t@@I@Z 00404ca3 f   cl_ents.obj
 0001:00003da7       ?Lerp@@YAXABUCVec3@@0MAAU1@@Z 00404da7 f i cl_ents.obj
 0001:00003dde       ?CL_OffsetThirdPersonView@@YAXXZ 00404dde f   cl_ents.obj
 0001:00003ec6       ?CL_AddEntities@@YAXXZ     00404ec6 f   cl_ents.obj
 0001:00004dfb       ?CL_ClearLightStyles@@YAXXZ 00405dfb f   cl_fx.obj
 0001:00004e7d       ?CL_SetLightstyle@@YAXHPBD@Z 00405e7d f   cl_fx.obj
 0001:00004ede       ?CL_AllocDlight@@YAPAUcdlight_t@@HABUCVec3@@@Z 00405ede f   cl_fx.obj
 0001:00004f47       ?CL_AllocParticleTrace@@YAPAUparticleTrace_t@@ABUCVec3@@0MM@Z 00405f47 f   cl_fx.obj
 0001:00004fd6       ?CL_AllocParticleBeam@@YAPAUbeam_t@@ABUCVec3@@0MM@Z 00405fd6 f   cl_fx.obj
 0001:0000504a       ?CL_AllocParticle@@YAPAUparticle_t@@XZ 0040604a f   cl_fx.obj
 0001:0000509d       ?CL_MetalSparks@@YAXABUCVec3@@0H@Z 0040609d f   cl_fx.obj
 0001:0000518a       ?CL_AddEffects@@YAXXZ      0040618a f   cl_fx.obj
 0001:0000586e       ?CL_ClearEffects@@YAXXZ    0040686e f   cl_fx.obj
 0001:000058f0       ?CL_EntityEvent@@YAXPAUclEntityState_t@@@Z 004068f0 f   cl_fx.obj
 0001:00005aa4       ?CL_ParseMuzzleFlash@@YAXXZ 00406aa4 f   cl_fx.obj
 0001:00005e14       ?CL_ParseMuzzleFlash2@@YAXXZ 00406e14 f   cl_fx.obj
 0001:0000628a       ?CL_ParticleEffect@@YAXABUCVec3@@0HH@Z 0040728a f   cl_fx.obj
 0001:00006434       ?CL_ParticleEffect2@@YAXABUCVec3@@0HH@Z 00407434 f   cl_fx.obj
 0001:0000645c       ?CL_ParticleEffect3@@YAXABUCVec3@@0HH@Z 0040745c f   cl_fx.obj
 0001:00006484       ?CL_TeleporterParticles@@YAXPAUclEntityState_t@@@Z 00407484 f   cl_fx.obj
 0001:000064a3       ?CL_LogoutEffect@@YAXABUCVec3@@H@Z 004074a3 f   cl_fx.obj
 0001:000064d9       ?CL_ItemRespawnParticles@@YAXABUCVec3@@@Z 004074d9 f   cl_fx.obj
 0001:000064f4       ?CL_ExplosionParticles@@YAXABUCVec3@@@Z 004074f4 f   cl_fx.obj
 0001:00006512       ?CL_BFGExplosionParticles@@YAXABUCVec3@@@Z 00407512 f   cl_fx.obj
 0001:00006530       ?CL_TrackerExplosionParticles@@YAXABUCVec3@@@Z 00407530 f   cl_fx.obj
 0001:0000654e       ?CL_BlasterParticles@@YAXABUCVec3@@0I@Z 0040754e f   cl_fx.obj
 0001:00006574       ?CL_BlasterTrail@@YAXAAUcentity_t@@@Z 00407574 f   cl_fx.obj
 0001:00006677       ?CL_BlasterTrail2@@YAXAAUcentity_t@@@Z 00407677 f   cl_fx.obj
 0001:0000668a       ?CL_FlagTrail@@YAXAAUcentity_t@@H@Z 0040768a f   cl_fx.obj
 0001:000066a6       ?CL_RocketTrail@@YAXAAUcentity_t@@@Z 004076a6 f   cl_fx.obj
 0001:000066e5       ?CL_BubbleTrail@@YAXABUCVec3@@0@Z 004076e5 f   cl_fx.obj
 0001:0000677f       ?CL_BubbleTrail2@@YAXABUCVec3@@0@Z 0040777f f   cl_fx.obj
 0001:00006797       ?CL_TagTrail@@YAXAAUcentity_t@@@Z 00407797 f   cl_fx.obj
 0001:000067aa       ?CL_DebugTrail@@YAXABUCVec3@@0@Z 004077aa f   cl_fx.obj
 0001:000067c2       ?CL_ForceWall@@YAXABUCVec3@@0H@Z 004077c2 f   cl_fx.obj
 0001:000067e3       ?CL_BigTeleportParticles@@YAXABUCVec3@@@Z 004077e3 f   cl_fx.obj
 0001:00006915       ?CL_BfgParticles@@YAXABUCVec3@@@Z 00407915 f   cl_fx.obj
 0001:00006a7d       ?CL_FlyEffect@@YAXAAUcentity_t@@@Z 00407a7d f   cl_fx.obj
 0001:00006c09       ?CL_DiminishingTrail@@YAXAAUcentity_t@@H@Z 00407c09 f   cl_fx.obj
 0001:00006d63       ?CL_RailTrail@@YAXABUCVec3@@0@Z 00407d63 f   cl_fx.obj
 0001:00006eca       ?CL_RailTrailExt@@YAXABUCVec3@@0EE@Z 00407eca f   cl_fx.obj
 0001:0000700f       ?CL_IonripperTrail@@YAXAAUcentity_t@@@Z 0040800f f   cl_fx.obj
 0001:0000715e       ?CL_TrapParticles@@YAXABUCVec3@@@Z 0040815e f   cl_fx.obj
 0001:000072f2       ?CL_TeleportParticles@@YAXABUCVec3@@@Z 004082f2 f   cl_fx.obj
 0001:00007428       ?CL_Heatbeam@@YAXABUCVec3@@0@Z 00408428 f   cl_fx.obj
 0001:000076d0       ?CL_ParticleSteamEffect@@YAXABUCVec3@@0HHH@Z 004086d0 f   cl_fx.obj
 0001:000077fc       ?CL_ParticleSmokeEffect@@YAXABUCVec3@@0@Z 004087fc f   cl_fx.obj
 0001:00007907       ?CL_TrackerTrail@@YAXAAUcentity_t@@@Z 00408907 f   cl_fx.obj
 0001:00007a85       ?CL_TrackerShell@@YAXABUCVec3@@@Z 00408a85 f   cl_fx.obj
 0001:00007b11       ?CL_MonsterPlasmaShell@@YAXABUCVec3@@@Z 00408b11 f   cl_fx.obj
 0001:00007b9a       ?CL_WidowSplash@@YAXABUCVec3@@@Z 00408b9a f   cl_fx.obj
 0001:00007c6b       ?IN_CenterView@@YAXXZ      00408c6b f   cl_input.obj
 0001:00007c8c       ?CL_InitInput@@YAXXZ       00408c8c f   cl_input.obj
 0001:00008228       ?CL_SendCmd@@YAXXZ         00409228 f   cl_input.obj
 0001:000088a6       ?CL_WriteDemoMessage@@YAXXZ 004098a6 f   cl_main.obj
 0001:000088e8       ?Cmd_ForwardToServer@@YAXHPAPAD@Z 004098e8 f   cl_main.obj
 0001:000089ab       ?CL_ForwardToServer_f@@YAXHPAPAD@Z 004099ab f   cl_main.obj
 0001:000089f3       ?CL_Pause@@YAX_N@Z         004099f3 f   cl_main.obj
 0001:00008a35       ?CL_Quit_f@@YAXXZ          00409a35 f   cl_main.obj
 0001:00008a3f       ?CL_Drop@@YAX_N@Z          00409a3f f   cl_main.obj
 0001:00008a66       ?CL_SendConnectPacket@@YAXXZ 00409a66 f   cl_main.obj
 0001:00008ad4       ?CL_Connect_f@@YAX_NHPAPAD@Z 00409ad4 f   cl_main.obj
 0001:00008b54       ?CL_Rcon_f@@YAXHPAPAD@Z    00409b54 f   cl_main.obj
 0001:00008c5c       ?CL_Disconnect@@YAXXZ      00409c5c f   cl_main.obj
 0001:00008dfe       ?CL_Disconnect_f@@YAXXZ    00409dfe f   cl_main.obj
 0001:00008e08       ?CL_Changing_f@@YAXXZ      00409e08 f   cl_main.obj
 0001:00008e2c       ?CL_Reconnect_f@@YAXXZ     00409e2c f   cl_main.obj
 0001:00008ec8       ?CL_PingServers_f@@YAXXZ   00409ec8 f   cl_main.obj
 0001:00009033       ?CL_Skins_f@@YAXXZ         0040a033 f   cl_main.obj
 0001:00009323       ?CL_ConnectionlessPacket@@YAXXZ 0040a323 f   cl_main.obj
 0001:00009420       ?CL_ReadPackets@@YAXXZ     0040a420 f   cl_main.obj
 0001:00009563       ?CL_Userinfo_f@@YAXXZ      0040a563 f   cl_main.obj
 0001:0000957b       ?CL_RegisterSounds@@YAXXZ  0040a57b f   cl_main.obj
 0001:000095ba       ?CL_Snd_Restart_f@@YAXXZ   0040a5ba f   cl_main.obj
 0001:000095c9       ?CL_WriteConfiguration@@YAXPBD@Z 0040a5c9 f   cl_main.obj
 0001:00009684       ?CL_WriteConfig_f@@YAX_NHPAPAD@Z 0040a684 f   cl_main.obj
 0001:000096e3       ?CL_FixCvarCheats@@YAXXZ   0040a6e3 f   cl_main.obj
 0001:00009734       ?CL_Frame@@YAXMM@Z         0040a734 f   cl_main.obj
 0001:00009a71       ?CL_ClearState@@YAXXZ      0040aa71 f   cl_main.obj
 0001:00009aaf       ?CL_Init@@YAXXZ            0040aaaf f   cl_main.obj
 0001:00009f82       ?CL_Shutdown@@YAX_N@Z      0040af82 f   cl_main.obj
 0001:00009fd7       ?CL_ParseClientinfo@@YAXH@Z 0040afd7 f   cl_parse.obj
 0001:0000a08c       ?CL_UpdatePlayerClientInfo@@YAXXZ 0040b08c f   cl_parse.obj
 0001:0000a0cd       ?CL_ParseServerMessage@@YAXXZ 0040b0cd f   cl_parse.obj
 0001:0000a8a7       ?FreePlayerModelsInfo@@YAXXZ 0040b8a7 f   cl_playermodel.obj
 0001:0000a8cd       ?ScanQuake3Models@@YAXPBD@Z 0040b8cd f   cl_playermodel.obj
 0001:0000aa4c       ?ScanPlayerModels@@YA_NXZ  0040ba4c f   cl_playermodel.obj
 0001:0000ad07       ?RunAnimation@@YAXAAUclientInfo_t@@AAUanimState_t@@H@Z 0040bd07 f   cl_playermodel.obj
 0001:0000aee8       ?CL_LoadClientinfo@@YAXAAUclientInfo_t@@PBD_N@Z 0040bee8 f   cl_playermodel.obj
 0001:0000ba9c       ?ParsePlayerEntity@@YAHAAUcentity_t@@AAUclientInfo_t@@PAUclEntityState_t@@ABUentity_t@@PAU4@HH@Z 0040ca9c f   cl_playermodel.obj
 0001:0000c5f2       ?Insert@?$TList@VshaderScript_t@OpenGLDrv@@@@QAE_NPAVshaderScript_t@OpenGLDrv@@@Z 0040d5f2 f i cl_playermodel.obj
 0001:0000c5f2       ?Insert@?$TList@VplayerModelInfo_t@@@@QAE_NPAVplayerModelInfo_t@@@Z 0040d5f2 f i cl_playermodel.obj
 0001:0000c5f2       ?Insert@?$TList@VCStringItem@@@@QAE_NPAVCStringItem@@@Z 0040d5f2 f i cl_playermodel.obj
 0001:0000c628       ?CL_CheckPredictionError@@YAXXZ 0040d628 f   cl_pred.obj
 0001:0000c7be       ?CL_EntityTrace@@YAXAAUtrace_t@@ABUCVec3@@1ABUCBox@@H@Z 0040d7be f   cl_pred.obj
 0001:0000cb57       ?CL_Trace@@YAXAAUtrace_t@@ABUCVec3@@1ABUCBox@@H@Z 0040db57 f   cl_pred.obj
 0001:0000cbd3       ?CL_PMpointcontents@@YAHABUCVec3@@@Z 0040dbd3 f   cl_pred.obj
 0001:0000cd5f       ?CL_PredictMovement@@YAXXZ 0040dd5f f   cl_pred.obj
 0001:0000d112       ?DrawString@@YAXHHPBD@Z    0040e112 f   cl_scrn.obj
 0001:0000d157       ?SCR_DebugGraph@@YAXMH@Z   0040e157 f   cl_scrn.obj
 0001:0000d17f       ?SCR_CenterPrint@@YAXPBD@Z 0040e17f f   cl_scrn.obj
 0001:0000d285       ?Key_Message@@YAXH@Z       0040e285 f   cl_scrn.obj
 0001:0000d321       ?SCR_SetLevelshot@@YAXPBD@Z 0040e321 f   cl_scrn.obj
 0001:0000d414       ?SCR_BeginLoadingPlaque@@YAXXZ 0040e414 f   cl_scrn.obj
 0001:0000d499       ?SCR_EndLoadingPlaque@@YAX_N@Z 0040e499 f   cl_scrn.obj
 0001:0000d51e       ?SCR_ShowConsole@@YAX_N0@Z 0040e51e f   cl_scrn.obj
 0001:0000d5e3       ?SCR_ToggleConsole@@YAXXZ  0040e5e3 f   cl_scrn.obj
 0001:0000d60b       ?SCR_TouchPics@@YAXXZ      0040e60b f   cl_scrn.obj
 0001:0000d661       ?SCR_UpdateScreen@@YAXXZ   0040e661 f   cl_scrn.obj
 0001:0000e8a7       ?SCR_Init@@YAXXZ           0040f8a7 f   cl_scrn.obj
 0001:0000ec21       ?CL_RegisterTEntSounds@@YAXXZ 0040fc21 f   cl_tent.obj
 0001:0000ee66       ?CL_RegisterTEntModels@@YAXXZ 0040fe66 f   cl_tent.obj
 0001:0000efb3       ?CL_ClearTEnts@@YAXXZ      0040ffb3 f   cl_tent.obj
 0001:0000efe4       ?CL_SmokeAndFlash@@YAXABUCVec3@@@Z 0040ffe4 f   cl_tent.obj
 0001:0000f17a       ?CL_ParsePlayerBeam@@YAHPAVCRenderModel@@@Z 0041017a f   cl_tent.obj
 0001:0000f285       ?CL_ParseLightning@@YAHPAVCRenderModel@@@Z 00410285 f   cl_tent.obj
 0001:0000f347       ?CL_ParseWidow@@YAXXZ      00410347 f   cl_tent.obj
 0001:0000f47d       ?CL_ParseNuke@@YAXXZ       0041047d f   cl_tent.obj
 0001:0000f590       ?CL_ParseTEnt@@YAXXZ       00410590 f   cl_tent.obj
 0001:00010377       ?CL_AddBeams@@YAXXZ        00411377 f   cl_tent.obj
 0001:00010579       ?CL_AddPlayerBeams@@YAXXZ  00411579 f   cl_tent.obj
 0001:00010b80       ?CL_AddTEnts@@YAXXZ        00411b80 f   cl_tent.obj
 0001:00010d80       ?V_AddEntity@@YAXPAUentity_t@@@Z 00411d80 f   cl_view.obj
 0001:00010dbb       ?V_AddEntity2@@YAXPAUentity_t@@@Z 00411dbb f   cl_view.obj
 0001:00010dea       ?AddEntityWithEffects2@@YAXPAUentity_t@@I@Z 00411dea f   cl_view.obj
 0001:00010ea6       ?AddEntityWithEffects@@YAXPAUentity_t@@I@Z 00411ea6 f   cl_view.obj
 0001:00010ec5       ?V_AddLight@@YAXABUCVec3@@MMMM@Z 00411ec5 f   cl_view.obj
 0001:00010f0a       ?V_TestEntities@@YAXXZ     00411f0a f   cl_view.obj
 0001:00011037       ?V_TestLights@@YAXXZ       00412037 f   cl_view.obj
 0001:0001110d       ?V_InitRenderer@@YAXXZ     0041210d f   cl_view.obj
 0001:000114f5       ?CalcFov@@YAMMMM@Z         004124f5 f   cl_view.obj
 0001:00011563       ?V_RenderView@@YA_NXZ      00412563 f   cl_view.obj
 0001:000121af       ?V_Init@@YAXXZ             004131af f   cl_view.obj
 0001:0001225e       ?Con_ClearNotify@@YAXXZ    0041325e f   console.obj
 0001:0001226d       ?Con_CheckResize@@YAXXZ    0041326d f   console.obj
 0001:00012394       ?Con_Print@@YAXPBD@Z       00413394 f   console.obj
 0001:0001268c       ?Con_DrawNotify@@YAX_N@Z   0041368c f   console.obj
 0001:000127a4       ?Con_DrawConsole@@YAXM@Z   004137a4 f   console.obj
 0001:00012a2c       ?Con_ClearTyping@@YAXXZ    00413a2c f   console.obj
 0001:00012a45       ?Key_Console@@YAXHH@Z      00413a45 f   console.obj
 0001:00012e8d       ?Con_Init@@YAXXZ           00413e8d f   console.obj
 0001:00013004       ?Key_KeynumToString@@YAPBDH@Z 00414004 f   keys.obj
 0001:000130c4       ?Draw@completeMenu_t@@UAEXXZ 004140c4 f i keys.obj
 0001:000130f5       ?KeyDown@completeMenu_t@@UAEPBDH@Z 004140f5 f i keys.obj
 0001:0001311e       ?Init@completeMenu_t@@UAE_NXZ 0041411e f i keys.obj
 0001:00013245       ?CompleteMenuCallback@completeMenu_t@@SAXPAX@Z 00414245 f i keys.obj
 0001:000132d3       ?CompleteCommand@@YAXXZ    004142d3 f   keys.obj
 0001:00013a08       ?Key_SetBinding@@YAXHPBD@Z 00414a08 f   keys.obj
 0001:00013a46       ?Key_FindBinding@@YAHPBDPAHH@Z 00414a46 f   keys.obj
 0001:00013a94       ?Key_WriteBindings@@YAXPAU_iobuf@@@Z 00414a94 f   keys.obj
 0001:00013adc       ?Key_Init@@YAXXZ           00414adc f   keys.obj
 0001:00013dc0       ?Key_Event@@YAXH_N@Z       00414dc0 f   keys.obj
 0001:00014119       ?Key_ClearStates@@YAXXZ    00415119 f   keys.obj
 0001:0001414e       ?M_ForceMenuOn@@YAXXZ      0041514e f   menu.obj
 0001:0001416d       ?Draw@menuMain_t@@UAEXXZ   0041516d f i menu.obj
 0001:000142a9       ?KeyDown@menuMain_t@@UAEPBDH@Z 004152a9 f i menu.obj
 0001:00014365       ?Init@menuMain_t@@UAE_NXZ  00415365 f i menu.obj
 0001:0001436d       ?M_Menu_Main_f@@YAXXZ      0041536d f   menu.obj
 0001:00014387       ?Init@multiplayerMenu_t@@UAE_NXZ 00415387 f i menu.obj
 0001:000144ab       ?Init@keysMenu_t@@UAE_NXZ  004154ab f i menu.obj
 0001:00014690       ?KeyCursorDrawFunc@keysMenu_t@@SAXPAUmenuFramework_t@@@Z 00415690 f i menu.obj
 0001:000146d0       ?DrawKeyBindingFunc@keysMenu_t@@SAXPAX@Z 004156d0 f i menu.obj
 0001:00014797       ?KeyDown@keysMenu_t@@UAEPBDH@Z 00415797 f i menu.obj
 0001:00014844       ?UnbindCommand@keysMenu_t@@QAEXPAD@Z 00415844 f i menu.obj
 0001:00014889       ?KeyBindingFunc@keysMenu_t@@QAEXPAX@Z 00415889 f i menu.obj
 0001:000148e8       ?Init@optionsMenu_t@@UAE_NXZ 004158e8 f i menu.obj
 0001:00014d46       ?CrosshairFunc@optionsMenu_t@@SAXPAX@Z 00415d46 f i menu.obj
 0001:00014d6e       ?JoystickFunc@optionsMenu_t@@SAXPAX@Z 00415d6e f i menu.obj
 0001:00014d83       ?AlwaysRunFunc@optionsMenu_t@@SAXPAX@Z 00415d83 f i menu.obj
 0001:00014d98       ?FreeLookFunc@optionsMenu_t@@SAXPAX@Z 00415d98 f i menu.obj
 0001:00014dad       ?MouseSpeedFunc@optionsMenu_t@@SAXPAX@Z 00415dad f i menu.obj
 0001:00014dca       ?InvertMouseFunc@optionsMenu_t@@SAXPAX@Z 00415dca f i menu.obj
 0001:00014de5       ?LookspringFunc@optionsMenu_t@@SAXPAX@Z 00415de5 f i menu.obj
 0001:00014e01       ?LookstrafeFunc@optionsMenu_t@@SAXPAX@Z 00415e01 f i menu.obj
 0001:00014e1d       ?UpdateVolumeFunc@optionsMenu_t@@SAXPAX@Z 00415e1d f i menu.obj
 0001:00014e3a       ?UpdateCDVolumeFunc@optionsMenu_t@@SAXPAX@Z 00415e3a f i menu.obj
 0001:00014e54       ?SetMenuItemValues@optionsMenu_t@@SAXXZ 00415e54 f i menu.obj
 0001:00015032       ?ResetDefaultsFunc@optionsMenu_t@@SAXPAX@Z 00416032 f i menu.obj
 0001:00015047       ?UpdateSoundFunc@optionsMenu_t@@SAXPAX@Z 00416047 f i menu.obj
 0001:0001524a       ?ScanCrosshairs@optionsMenu_t@@SAXXZ 0041624a f i menu.obj
 0001:000152a7       ?Draw@optionsMenu_t@@UAEXXZ 004162a7 f i menu.obj
 0001:0001530c       ?Draw@creditsMenu_t@@UAEXXZ 0041630c f i menu.obj
 0001:000153b3       ?KeyDown@creditsMenu_t@@UAEPBDH@Z 004163b3 f i menu.obj
 0001:000153ee       ?Init@creditsMenu_t@@UAE_NXZ 004163ee f i menu.obj
 0001:000154b6       ?Init@gameMenu_t@@UAE_NXZ  004164b6 f i menu.obj
 0001:00015641       ?EasyGameFunc@gameMenu_t@@SAXPAX@Z 00416641 f i menu.obj
 0001:0001564d       ?StartGame@gameMenu_t@@SAXPBD@Z 0041664d f i menu.obj
 0001:000156a5       ?MediumGameFunc@gameMenu_t@@SAXPAX@Z 004166a5 f i menu.obj
 0001:000156b1       ?HardGameFunc@gameMenu_t@@SAXPAX@Z 004166b1 f i menu.obj
 0001:000156cd       ?Init@savegameMenu_t@@UAE_NXZ 004166cd f i menu.obj
 0001:000157dd       ?Create_Savestrings@savegameMenu_t@@QAEXXZ 004167dd f i menu.obj
 0001:00015887       ?LoadGameCallback@savegameMenu_t@@SAXPAX@Z 00416887 f i menu.obj
 0001:000158b0       ?SaveGameCallback@savegameMenu_t@@SAXPAX@Z 004168b0 f i menu.obj
 0001:000158cf       ?Draw@savegameMenu_t@@UAEXXZ 004168cf f i menu.obj
 0001:000158ea       ?DrawSavegameShot@savegameMenu_t@@QAEXHH@Z 004168ea f i menu.obj
 0001:000159c5       ?Init@joinserverMenu_t@@UAE_NXZ 004169c5 f i menu.obj
 0001:00015aee       ?JoinServerFunc@joinserverMenu_t@@SAXPAX@Z 00416aee f i menu.obj
 0001:00015b50       ?SearchLocalGames@joinserverMenu_t@@SAXXZ 00416b50 f i menu.obj
 0001:00015bbb       ?M_AddToServerList@@YAXUnetadr_t@@PAD@Z 00416bbb f   menu.obj
 0001:00015c3e       ?Init@startserverMenu_t@@UAE_NXZ 00416c3e f i menu.obj
 0001:000160e0       ?DMOptionsFunc@startserverMenu_t@@SAXPAX@Z 004170e0 f i menu.obj
 0001:000160f0       ?RulesChangeFunc@startserverMenu_t@@SAXPAX@Z 004170f0 f i menu.obj
 0001:0001616a       ?StartServerActionFunc@startserverMenu_t@@SAXPAX@Z 0041716a f i menu.obj
 0001:00016195       ?StartServerFunc@startserverMenu_t@@SAXPAD@Z 00417195 f i menu.obj
 0001:000163cc       ?KeyDown@startserverMenu_t@@UAEPBDH@Z 004173cc f i menu.obj
 0001:00016429       ?Init@dmoptionsMenu_t@@UAE_NXZ 00417429 f i menu.obj
 0001:00016a08       ?DMFlagCallback@dmoptionsMenu_t@@SAXPAX@Z 00417a08 f i menu.obj
 0001:00016be3       ?Init@downloadOptionsMenu_t@@UAE_NXZ 00417be3 f i menu.obj
 0001:00016dae       ?DownloadCallback@downloadOptionsMenu_t@@SAXPAX@Z 00417dae f i menu.obj
 0001:00016e19       ?Init@addressBookMenu_t@@UAE_NXZ 00417e19 f i menu.obj
 0001:00016ec1       ?KeyDown@addressBookMenu_t@@UAEPBDH@Z 00417ec1 f i menu.obj
 0001:00016f1e       ?Init@playerConfigMenu_t@@UAE_NXZ 00417f1e f i menu.obj
 0001:00017465       ?HandednessCallback@playerConfigMenu_t@@SAXPAX@Z 00418465 f i menu.obj
 0001:0001747a       ?RTypeCallback@playerConfigMenu_t@@SAXPAX@Z 0041847a f i menu.obj
 0001:0001748f       ?RColorCallback@playerConfigMenu_t@@SAXPAX@Z 0041848f f i menu.obj
 0001:000174a4       ?RateCallback@playerConfigMenu_t@@SAXPAX@Z 004184a4 f i menu.obj
 0001:000174c7       ?ModelCallback@playerConfigMenu_t@@SAXPAX@Z 004184c7 f i menu.obj
 0001:000174fb       ?SkinCallback@playerConfigMenu_t@@SAXPAX@Z 004184fb f i menu.obj
 0001:00017503       ?Draw@playerConfigMenu_t@@UAEXXZ 00418503 f i menu.obj
 0001:000177db       ?KeyDown@playerConfigMenu_t@@UAEPBDH@Z 004187db f i menu.obj
 0001:000178ba       ?Init@dmbrowseMenu_t@@UAE_NXZ 004188ba f i menu.obj
 0001:00017ac0       ?KeyDown@dmbrowseMenu_t@@UAEPBDH@Z 00418ac0 f i menu.obj
 0001:00017c84       ?Draw@dmbrowseMenu_t@@UAEXXZ 00418c84 f i menu.obj
 0001:00017dc9       ?DrawThumbnail@dmbrowseMenu_t@@SAXHHHHPAD_N@Z 00418dc9 f i menu.obj
 0001:00017eb0       ?Init@videoMenu_t@@UAE_NXZ 00418eb0 f i menu.obj
 0001:00018469       ?ScreenSizeCallback@videoMenu_t@@SAXPAX@Z 00419469 f i menu.obj
 0001:00018487       ?BrightnessCallback@videoMenu_t@@SAXPAX@Z 00419487 f i menu.obj
 0001:000184a5       ?ContrastCallback@videoMenu_t@@SAXPAX@Z 004194a5 f i menu.obj
 0001:000184de       ?CancelChanges@videoMenu_t@@SAXPAX@Z 004194de f i menu.obj
 0001:000184ff       ?KeyDown@videoMenu_t@@UAEPBDH@Z 004194ff f i menu.obj
 0001:00018546       ?ApplyChanges@videoMenu_t@@SAXPAX@Z 00419546 f i menu.obj
 0001:000186fd       ?KeyDown@quitMenu_t@@UAEPBDH@Z 004196fd f i menu.obj
 0001:00018735       ?Draw@quitMenu_t@@UAEXXZ   00419735 f i menu.obj
 0001:000187a5       ?M_Init@@YAXXZ             004197a5 f   menu.obj
 0001:00018987       ?ItemAtCursor@menuFramework_t@@QAEPAUmenuCommon_t@@XZ 00419987 f   qmenu.obj
 0001:000189db       ?AddItem@menuFramework_t@@QAEXPAUmenuCommon_t@@@Z 004199db f   qmenu.obj
 0001:00018a97       ?AdjustCursor@menuFramework_t@@QAEXH@Z 00419a97 f   qmenu.obj
 0001:00018c06       ?Center@menuFramework_t@@QAEXXZ 00419c06 f   qmenu.obj
 0001:00018c47       ?Draw@menuFramework_t@@UAEXXZ 00419c47 f   qmenu.obj
 0001:0001920c       ?SelectItem@menuFramework_t@@QAE_NXZ 0041a20c f   qmenu.obj
 0001:0001926a       ?SetStatusBar@menuFramework_t@@QAEXPBD@Z 0041a26a f   qmenu.obj
 0001:00019274       ?SlideItem@menuFramework_t@@QAEXH@Z 0041a274 f   qmenu.obj
 0001:000197f1       ?Push@menuFramework_t@@QAEXXZ 0041a7f1 f   qmenu.obj
 0001:00019870       ?M_ForceMenuOff@@YAXXZ     0041a870 f   qmenu.obj
 0001:0001989d       ?Pop@menuFramework_t@@QAEXXZ 0041a89d f   qmenu.obj
 0001:000198d7       ?KeyDown@menuFramework_t@@UAEPBDH@Z 0041a8d7 f   qmenu.obj
 0001:00019b4b       ?Init@menuFramework_t@@UAE_NXZ 0041ab4b f   qmenu.obj
 0001:00019b4e       ?M_Draw@@YAXXZ             0041ab4e f   qmenu.obj
 0001:00019b89       ?M_Keydown@@YAXH@Z         0041ab89 f   qmenu.obj
 0001:00019ba8       ?InitRendererVars@@YAXXZ   0041aba8 f   ref_vars.obj
 0001:00019bc7       ?S_SoundInfo_f@@YAXXZ      0041abc7 f   snd_dma.obj
 0001:00019c51       ?S_Init@@YAXXZ             0041ac51 f   snd_dma.obj
 0001:00019d23       ?S_Shutdown@@YAXXZ         0041ad23 f   snd_dma.obj
 0001:00019db6       ?S_BeginRegistration@@YAXXZ 0041adb6 f   snd_dma.obj
 0001:00019dc4       ?S_RegisterSound@@YAPAUsfx_t@@PBD@Z 0041adc4 f   snd_dma.obj
 0001:00019f5a       ?S_EndRegistration@@YAXXZ  0041af5a f   snd_dma.obj
 0001:00019ff2       ?S_PickChannel@@YAPAUchannel_t@@HH@Z 0041aff2 f   snd_dma.obj
 0001:0001a07f       ?S_Spatialize@@YAXPAUchannel_t@@@Z 0041b07f f   snd_dma.obj
 0001:0001a25f       ?S_AllocPlaysound@@YAPAUplaysound_t@@XZ 0041b25f f   snd_dma.obj
 0001:0001a281       ?S_FreePlaysound@@YAXPAUplaysound_t@@@Z 0041b281 f   snd_dma.obj
 0001:0001a2b1       ?S_IssuePlaysound@@YAXPAUplaysound_t@@@Z 0041b2b1 f   snd_dma.obj
 0001:0001a37e       ?S_StartSound@@YAXPBUCVec3@@HHPAUsfx_t@@MMM@Z 0041b37e f   snd_dma.obj
 0001:0001a72d       ?S_StartLocalSound@@YAXPBD@Z 0041b72d f   snd_dma.obj
 0001:0001a77c       ?S_ClearBuffer@@YAXXZ      0041b77c f   snd_dma.obj
 0001:0001a7e5       ?S_StopAllSounds_f@@YAXXZ  0041b7e5 f   snd_dma.obj
 0001:0001a855       ?S_AddLoopSounds@@YAXXZ    0041b855 f   snd_dma.obj
 0001:0001aa2b       ?S_RawSamples@@YAXHHHHPAE@Z 0041ba2b f   snd_dma.obj
 0001:0001ac2f       ?S_Update@@YAXABUCVec3@@0@Z 0041bc2f f   snd_dma.obj
 0001:0001ad05       ?GetSoundtime@@YAXXZ       0041bd05 f   snd_dma.obj
 0001:0001ad6c       ?S_Update_@@YAXXZ          0041bd6c f   snd_dma.obj
 0001:0001b01f       ?ResampleSfx@@YAXPAUsfx_t@@HHPAE@Z 0041c01f f   snd_mem.obj
 0001:0001b13a       ?S_LoadSound@@YAPAUsfxcache_t@@PAUsfx_t@@@Z 0041c13a f   snd_mem.obj
 0001:0001b272       ?GetWavinfo@@YA?AUwavinfo_t@@PADPAEH@Z 0041c272 f   snd_mem.obj
 0001:0001b4b4       ?S_WriteLinearBlastStereo16@@YAXXZ 0041c4b4 f   snd_mix.obj
 0001:0001b528       ?S_TransferStereo16@@YAXPAKH@Z 0041c528 f   snd_mix.obj
 0001:0001b591       ?S_TransferPaintBuffer@@YAXH@Z 0041c591 f   snd_mix.obj
 0001:0001b6f5       ?S_PaintChannels@@YAXH@Z   0041c6f5 f   snd_mix.obj
 0001:0001b971       ?S_InitScaletable@@YAXXZ   0041c971 f   snd_mix.obj
 0001:0001bb32       ?SV_ComputeAnimation@@YAXPAUplayer_state_t@@AAUentityStateEx_t@@PAU2@PAUedict_s@@@Z 0041cb32 f   sv_anim.obj
 0001:0001bf2f       ?SV_WipeSavegame@@YAXPAD@Z 0041cf2f f   sv_ccmds.obj
 0001:0001bf5d       ?SV_CopySaveGame@@YAXPAD0@Z 0041cf5d f   sv_ccmds.obj
 0001:0001bfb2       ?SV_WriteLevelFile@@YAXXZ  0041cfb2 f   sv_ccmds.obj
 0001:0001c060       ?SV_ReadLevelFile@@YAXXZ   0041d060 f   sv_ccmds.obj
 0001:0001c10e       ?SV_WriteServerFile@@YAX_NPAD@Z 0041d10e f   sv_ccmds.obj
 0001:0001c34a       ?SV_ReadServerFile@@YAXXZ  0041d34a f   sv_ccmds.obj
 0001:0001c46f       ?SV_AddressBanned@@YA_NPAUnetadr_t@@@Z 0041d46f f   sv_ccmds.obj
 0001:0001c4b0       ?SV_InitCommands@@YAXXZ    0041d4b0 f   sv_ccmds.obj
 0001:0001d49e       ?SV_WriteFrameToClient@@YAXPAUclient_t@@PAVsizebuf_t@@@Z 0041e49e f   sv_ents.obj
 0001:0001dbe4       ?SV_RecordDemoMessage@@YAXXZ 0041ebe4 f   sv_ents.obj
 0001:0001e7cc       ?SV_InitGameLibrary@@YAX_N@Z 0041f7cc f   sv_game.obj
 0001:0001e912       ?SV_ShutdownGameLibrary@@YAXXZ 0041f912 f   sv_game.obj
 0001:0001ea6f       ?SV_FindIndex@@YAHPBDHH_N@Z 0041fa6f f   sv_init.obj
 0001:0001eb7c       ?SV_ModelIndex@@YAHPBD@Z   0041fb7c f   sv_init.obj
 0001:0001eb92       ?SV_SoundIndex@@YAHPBD@Z   0041fb92 f   sv_init.obj
 0001:0001ebab       ?SV_ImageIndex@@YAHPBD@Z   0041fbab f   sv_init.obj
 0001:0001ebc4       ?SV_CreateBaseline@@YAXXZ  0041fbc4 f   sv_init.obj
 0001:0001ec41       ?SV_SpawnServer@@YAXPAD0W4server_state_t@@_N2@Z 0041fc41 f   sv_init.obj
 0001:0001ef8e       ?SV_InitGame@@YAXXZ        0041ff8e f   sv_init.obj
 0001:0001f1c4       ?SV_Map@@YAX_NPBD0@Z       004201c4 f   sv_init.obj
 0001:0001f386       ?SV_DropClient@@YAXPAUclient_t@@PAD@Z 00420386 f   sv_main.obj
 0001:0001fc95       ?SV_ConnectionlessPacket@@YAXXZ 00420c95 f   sv_main.obj
 0001:0001fd60       ?SV_CalcPings@@YAXXZ       00420d60 f   sv_main.obj
 0001:0001fde7       ?SV_GiveMsec@@YAXXZ        00420de7 f   sv_main.obj
 0001:0001fe26       ?SV_ReadPackets@@YAXXZ     00420e26 f   sv_main.obj
 0001:0001ff6e       ?SV_CheckTimeouts@@YAXXZ   00420f6e f   sv_main.obj
 0001:0002007f       ?SV_PostprocessFrame@@YAXXZ 0042107f f   sv_main.obj
 0001:0002053c       ?SV_MulticastHook@@YAPAVsizebuf_t@@PAV1@0@Z 0042153c f   sv_main.obj
 0001:0002092c       ?SV_TraceHook@@YA?AUtrace_t@@ABUCVec3@@PBU2@10PAUedict_s@@H@Z 0042192c f   sv_main.obj
 0001:00020aca       ?SV_Frame@@YAXM@Z          00421aca f   sv_main.obj
 0001:00020d7d       ?SV_UserinfoChanged@@YAXPAUclient_t@@@Z 00421d7d f   sv_main.obj
 0001:00020e41       ?SV_InitVars@@YAXXZ        00421e41 f   sv_main.obj
 0001:00020e50       ?SV_Init@@YAXXZ            00421e50 f   sv_main.obj
 0001:00020ea9       ?SV_Shutdown@@YAXPBD_N@Z   00421ea9 f   sv_main.obj
 0001:000210b0       ?SV_BeginRedirect@@YAXXZ   004220b0 f   sv_send.obj
 0001:0002115a       ?SV_ClientPrintf@@YAXPAUclient_t@@HPBDZZ 0042215a f   sv_send.obj
 0001:000211b5       ?SV_BroadcastPrintf@@YAXHPBDZZ 004221b5 f   sv_send.obj
 0001:0002128b       ?SV_BroadcastCommand@@YAXPBDZZ 0042228b f   sv_send.obj
 0001:000212e3       ?SV_Multicast@@YAXABUCVec3@@W4multicast_t@@_N@Z 004222e3 f   sv_send.obj
 0001:00021509       ?SV_MulticastOld@@YAXABUCVec3@@W4multicast_t@@@Z 00422509 f   sv_send.obj
 0001:0002151c       ?SV_MulticastNew@@YAXABUCVec3@@W4multicast_t@@@Z 0042251c f   sv_send.obj
 0001:0002152f       ?SV_StartSound@@YAXPBUCVec3@@PAUedict_s@@HHMMM_N@Z 0042252f f   sv_send.obj
 0001:000217fc       ?SV_StartSoundOld@@YAXPBUCVec3@@PAUedict_s@@HHMMM@Z 004227fc f   sv_send.obj
 0001:0002182c       ?SV_StartSoundNew@@YAXPBUCVec3@@PAUedict_s@@HHMMM@Z 0042282c f   sv_send.obj
 0001:0002185c       ?SV_SendClientDatagram@@YA_NPAUclient_t@@@Z 0042285c f   sv_send.obj
 0001:0002191e       ?SV_DemoCompleted@@YAXXZ   0042291e f   sv_send.obj
 0001:0002193a       ?SV_RateDrop@@YA_NPAUclient_t@@@Z 0042293a f   sv_send.obj
 0001:00021984       ?SV_SendClientMessages@@YAXXZ 00422984 f   sv_send.obj
 0001:00021ac7       ?SV_ClearTexts@@YAXXZ      00422ac7 f   sv_text.obj
 0001:00021acf       ?SV_DrawTexts@@YAXXZ       00422acf f   sv_text.obj
 0001:00021c84       ?SV_DrawText3D@@YAXABUCVec3@@PBDI@Z 00422c84 f   sv_text.obj
 0001:00021c9b       ?SV_TokenizeString@@YAXPBD@Z 00422c9b f   sv_tokenize.obj
 0001:00021d72       ?SV_Argc@@YAHXZ            00422d72 f   sv_tokenize.obj
 0001:00021d78       ?SV_Argv@@YAPADH@Z         00422d78 f   sv_tokenize.obj
 0001:00021d92       ?SV_Args@@YAPADXZ          00422d92 f   sv_tokenize.obj
 0001:00022627       ?SV_Nextserver@@YAXXZ      00423627 f   sv_user.obj
 0001:000226b6       ?SV_ExecuteUserCommand@@YAXPAD@Z 004236b6 f   sv_user.obj
 0001:00022778       ?SV_ClientThink@@YAXPAUclient_t@@PAUusercmd_t@@@Z 00423778 f   sv_user.obj
 0001:000227bb       ?SV_ExecuteClientMessage@@YAXPAUclient_t@@@Z 004237bb f   sv_user.obj
 0001:000229d9       ?SV_ClearWorld@@YAXXZ      004239d9 f   sv_world.obj
 0001:00022b14       ?SV_UnlinkEdict@@YAXPAUedict_s@@@Z 00423b14 f   sv_world.obj
 0001:00022bd7       ?SV_LinkEdict@@YAXPAUedict_s@@@Z 00423bd7 f   sv_world.obj
 0001:000231c2       ?SV_AreaEdicts@@YAHABUCVec3@@0PAPAUedict_s@@HH@Z 004241c2 f   sv_world.obj
 0001:00023373       ?SV_PointContents@@YAHABUCVec3@@@Z 00424373 f   sv_world.obj
 0001:0002349a       ?SV_Trace@@YAXAAUtrace_t@@ABUCVec3@@1ABUCBox@@PAUedict_s@@H@Z 0042449a f   sv_world.obj
 0001:00023919       ?InitByteDirs@@YAXXZ       00424919 f   anorms.obj
 0001:00023958       ?Cbuf_AddText@@YAXPBD@Z    00424958 f   cmd.obj
 0001:000239ba       ?Cbuf_CopyToDefer@@YAXXZ   004249ba f   cmd.obj
 0001:00023a02       ?Cbuf_InsertFromDefer@@YAXXZ 00424a02 f   cmd.obj
 0001:00023abb       ?Cbuf_Execute@@YAXXZ       00424abb f   cmd.obj
 0001:00023bc1       ?Cmd_Unalias_f@@YAX_NHPAPAD@Z 00424bc1 f   cmd.obj
 0001:00023c37       ?Cmd_WriteAliases@@YAXPAU_iobuf@@@Z 00424c37 f   cmd.obj
 0001:00023c68       ?RegisterCommand@@YA_NPBDP6AXXZH@Z 00424c68 f   cmd.obj
 0001:00023d36       ?UnregisterCommand@@YA_NPBD@Z 00424d36 f   cmd.obj
 0001:00023dc7       ?Cmd_ExecuteString@@YA_NPBD@Z 00424dc7 f   cmd.obj
 0001:0002421a       ?ExecuteCommand@@YA_NPBDPBUCSimpleCommand@@H@Z 0042521a f   cmd.obj
 0001:00024644       ?CM_LoadMap@@YAPAUcmodel_t@@PBD_NPAI@Z 00425644 f   cmodel.obj
 0001:00024d75       ?SetSignbits@cplane_t@@QAEXXZ 00425d75 f i cmodel.obj
 0001:00024da9       ?SetType@cplane_t@@QAEXXZ  00425da9 f i cmodel.obj
 0001:00024f65       ?CM_InlineModel@@YAPAUcmodel_t@@PBD@Z 00425f65 f   cmodel.obj
 0001:00024fa6       ?CM_NumClusters@@YAHXZ     00425fa6 f   cmodel.obj
 0001:00024fac       ?CM_NumInlineModels@@YAHXZ 00425fac f   cmodel.obj
 0001:00024fb2       ?CM_EntityString@@YAPBDXZ  00425fb2 f   cmodel.obj
 0001:00024fb8       ?CM_LeafContents@@YAHH@Z   00425fb8 f   cmodel.obj
 0001:00024fdf       ?CM_LeafCluster@@YAHH@Z    00425fdf f   cmodel.obj
 0001:00025055       ?CM_LeafArea@@YAHH@Z       00426055 f   cmodel.obj
 0001:00025218       ?CM_HeadnodeForBox@@YAHABUCBox@@@Z 00426218 f   cmodel.obj
 0001:000252cd       ?CM_PointLeafnum@@YAHABUCVec3@@H@Z 004262cd f   cmodel.obj
 0001:00025370       ?DistanceTo@cplane_t@@QAEMABUCVec3@@@Z 00426370 f i cmodel.obj
 0001:000253b4       ?CM_PointContents@@YAHABUCVec3@@H@Z 004263b4 f   cmodel.obj
 0001:00025429       ?CM_TransformedPointContents@@YAHABUCVec3@@H00@Z 00426429 f   cmodel.obj
 0001:0002550a       ?CM_TransformedPointContents@@YAHABUCVec3@@H0ABUCAxis@@@Z 0042650a f   cmodel.obj
 0001:000255b5       ?CM_BoxLeafnums@@YAHABUCBox@@PAHH1H@Z 004265b5 f   cmodel.obj
 0001:000256be       ?BOX_ON_PLANE_SIDE@@YAHABUCBox@@ABUcplane_t@@@Z 004266be f i cmodel.obj
 0001:00025728       ?CM_BoxTrace@@YAXAAUtrace_t@@ABUCVec3@@1ABUCBox@@HH@Z 00426728 f   cmodel.obj
 0001:000260ca       ?CM_TransformedBoxTrace@@YAXAAUtrace_t@@ABUCVec3@@1ABUCBox@@HH11@Z 004270ca f   cmodel.obj
 0001:00026247       ?CM_TransformedBoxTrace@@YAXAAUtrace_t@@ABUCVec3@@1ABUCBox@@HH1ABUCAxis@@@Z 00427247 f   cmodel.obj
 0001:00026304       ?CM_BrushTrace@@YAHABUCVec3@@0PAHH@Z 00427304 f   cmodel.obj
 0001:00026716       ?CM_RefineBrushTrace@@YAHABUCVec3@@0PAHH@Z 00427716 f   cmodel.obj
 0001:000267bc       ?CM_ClusterPVS@@YAPAEH@Z   004277bc f   cmodel.obj
 0001:00026900       ?CM_ClusterPHS@@YAPAEH@Z   00427900 f   cmodel.obj
 0001:00026a63       ?CM_SetAreaPortalState@@YAXH_N@Z 00427a63 f   cmodel.obj
 0001:00026a88       ?CM_AreasConnected@@YA_NHH@Z 00427a88 f   cmodel.obj
 0001:00026acc       ?CM_WriteAreaBits@@YAHPAEH@Z 00427acc f   cmodel.obj
 0001:00026b6e       ?CM_WritePortalState@@YAXPAU_iobuf@@@Z 00427b6e f   cmodel.obj
 0001:00026b88       ?CM_ReadPortalState@@YAXPAU_iobuf@@@Z 00427b88 f   cmodel.obj
 0001:00026ba6       ?CM_HeadnodeVisible@@YA_NHPBE@Z 00427ba6 f   cmodel.obj
 0001:00026c81       ?Com_BeginRedirect@@YAXPADHP6AX0@Z@Z 00427c81 f   common.obj
 0001:00026cae       ?Com_EndRedirect@@YAXXZ    00427cae f   common.obj
 0001:00026ccd       ?Com_Printf@@YAXPBDZZ      00427ccd f   common.obj
 0001:00026ec5       ?Com_DPrintf@@YAXPBDZZ     00427ec5 f   common.obj
 0001:00026f3e       ?DebugPrintf@@YAXPBDZZ     00427f3e f   common.obj
 0001:00026fe8       ?Com_WPrintf@@YAXPBDZZ     00427fe8 f   common.obj
 0001:00027042       ?Com_Quit@@YAXXZ           00428042 f   common.obj
 0001:00027062       ?IPWildcard@@YA_NPAUnetadr_t@@PBD@Z 00428062 f   common.obj
 0001:0002713c       ?Com_ServerState@@YA?AW4server_state_t@@XZ 0042813c f   common.obj
 0001:00027142       ?Com_SetServerState@@YAXW4server_state_t@@@Z 00428142 f   common.obj
 0001:0002714c       ?frand@@YAMXZ              0042814c f   common.obj
 0001:00027164       ?crand@@YAMXZ              00428164 f   common.obj
 0001:00027182       ?Info_ValueForKey@@YAPBDPBD0@Z 00428182 f   common.obj
 0001:00027201       ?Info_SetValueForKey@@YAXPADPBD1@Z 00428201 f   common.obj
 0001:00027364       ?Info_Print@@YAXPBD@Z      00428364 f   common.obj
 0001:000273ea       ?Com_CheckCmdlineVar@@YA_NPBD@Z 004283ea f   common.obj
 0001:00027440       ?Com_Init@@YAXPBD@Z        00428440 f   common.obj
 0001:000277ff       ?Com_Frame@@YAXM@Z         004287ff f   common.obj
 0001:00027b2c       ?Com_Shutdown@@YAXXZ       00428b2c f   common.obj
 0001:00027b45       ?Com_BlockSequenceCRCByte@@YAEPAEHH@Z 00428b45 f   crc.obj
 0001:00027bfb       ?Cvar_VariableValue@@YAMPBD@Z 00428bfb f   cvar.obj
 0001:00027c69       ?Cvar_VariableInt@@YAHPBD@Z 00428c69 f   cvar.obj
 0001:00027c7c       ?Cvar_VariableString@@YAPBDPBD@Z 00428c7c f   cvar.obj
 0001:00027c94       ?Cvar_Get@@YAPAUcvar_t@@PBD0H@Z 00428c94 f   cvar.obj
 0001:00027fdd       ?Cvar_GetVars@@YAXPBUcvarInfo_t@@H@Z 00428fdd f   cvar.obj
 0001:00028087       ?Cvar_FullSet@@YAXPAUcvar_t@@PBDI@Z 00429087 f   cvar.obj
 0001:000280b9       ?Cvar_FullSet@@YAPAUcvar_t@@PBD0I@Z 004290b9 f   cvar.obj
 0001:000280f9       ?Cvar_SetValue@@YAPAUcvar_t@@PBDM@Z 004290f9 f   cvar.obj
 0001:000282c6       ?Cvar_SetInteger@@YAPAUcvar_t@@PBDH@Z 004292c6 f   cvar.obj
 0001:000282e8       ?Cvar_Set@@YAPAUcvar_t@@PBD0@Z 004292e8 f   cvar.obj
 0001:000282fd       ?Cvar_ForceSet@@YAPAUcvar_t@@PBD0@Z 004292fd f   cvar.obj
 0001:00028312       ?Cvar_Clamp@@YAMPAUcvar_t@@MM@Z 00429312 f   cvar.obj
 0001:00028370       ?Cvar_Command@@YA_NHPAPAD@Z 00429370 f   cvar.obj
 0001:00028409       ?IsDefault@cvar_t@@QAE_NXZ 00429409 f i cvar.obj
 0001:00028426       ?Cvar_WriteVariables@@YAXPAU_iobuf@@HHPBD@Z 00429426 f   cvar.obj
 0001:000284ae       ?Cvar_Userinfo@@YAPBDXZ    004294ae f   cvar.obj
 0001:00028509       ?Cvar_Serverinfo@@YAPBDXZ  00429509 f   cvar.obj
 0001:00028512       ?Cvar_Cheats@@YAX_N@Z      00429512 f   cvar.obj
 0001:00028d86       ?MSG_WriteDeltaEntity@@YAXPAVsizebuf_t@@PBUentityStateEx_t@@PAU2@_N33@Z 00429d86 f   entdelta.obj
 0001:00029342       ?MSG_WriteRemoveEntity@@YAXPAVsizebuf_t@@H@Z 0042a342 f   entdelta.obj
 0001:00029382       ?MSG_ReadEntityBits@@YAHPAVsizebuf_t@@PAIPA_N@Z 0042a382 f   entdelta.obj
 0001:000293f3       ?MSG_ReadDeltaEntity@@YAXPAVsizebuf_t@@PBUentityStateEx_t@@PAU2@I@Z 0042a3f3 f   entdelta.obj
 0001:00029476       ?MSG_WriteDeltaUsercmd@@YAXPAVsizebuf_t@@PBUusercmd_t@@PAU2@@Z 0042a476 f   entdelta.obj
 0001:00029505       ?MSG_ReadDeltaUsercmd@@YAXPAVsizebuf_t@@PBUusercmd_t@@PAU2@@Z 0042a505 f   entdelta.obj
 0001:00029808       ?MSG_WriteDeltaPlayerstate@@YAXPAVsizebuf_t@@PBUplayer_state_t@@PAU2@@Z 0042a808 f   entdelta.obj
 0001:00029911       ?MSG_ReadDeltaPlayerstate@@YAXPAVsizebuf_t@@PBUplayer_state_t@@PAU2@@Z 0042a911 f   entdelta.obj
 0001:000299e5       ?FS_CreatePath@@YAXPBD@Z   0042a9e5 f   files.obj
 0001:00029a4b       ?FS_CopyFile@@YAXPBD0@Z    0042aa4b f   files.obj
 0001:00029b4e       ?FS_CopyFiles@@YAXPBD0@Z   0042ab4e f   files.obj
 0001:00029c27       ?FS_RemoveFiles@@YAXPBD@Z  0042ac27 f   files.obj
 0001:00029c9b       ?FS_FCloseFile@@YAXPAVQFILE@@@Z 0042ac9b f   files.obj
 0001:00029d39       ?FS_FOpenFile@@YAPAVQFILE@@PBDPAH@Z 0042ad39 f   files.obj
 0001:0002a25c       ?FS_FileExists@@YA_NPBD@Z  0042b25c f   files.obj
 0001:0002a475       ?FS_Read@@YAXPAXHPAVQFILE@@@Z 0042b475 f   files.obj
 0001:0002a6d9       ?FS_LoadFile@@YAPAXPBDPAI@Z 0042b6d9 f   files.obj
 0001:0002a72f       ?FS_FreeFile@@YAXPAX@Z     0042b72f f   files.obj
 0001:0002a73a       ?FS_Gamedir@@YAPBDXZ       0042b73a f   files.obj
 0001:0002a74e       ?FS_LoadGameConfig@@YAXXZ  0042b74e f   files.obj
 0001:0002a80e       ?FS_SetGamedir@@YA_NPBD@Z  0042b80e f   files.obj
 0001:0002aee4       ?FS_ListFiles@@YA?AV?$TList@VCStringItem@@@@PBDH@Z 0042bee4 f   files.obj
 0001:0002b290       ?FS_NextPath@@YAPADPBD@Z   0042c290 f   files.obj
 0001:0002b2b4       ?FS_InitFilesystem@@YAXXZ  0042c2b4 f   files.obj
 0001:0002bc53       ?LoadPCX@@YAXPBDAAPAE1AAH2@Z 0042cc53 f   images.obj
 0001:0002bd8a       ?LoadTGA@@YAXPBDAAPAEAAH2@Z 0042cd8a f   images.obj
 0001:0002bf60       ?LoadJPG@@YAXPBDAAPAEAAH2@Z 0042cf60 f   images.obj
 0001:0002c1ed       ?ImageExists@@YAHPBDH@Z    0042d1ed f   images.obj
 0001:0002c30f       ?WriteTGA@@YA_NPBDPAEHH@Z  0042d30f f   images.obj
 0001:0002c503       ?WriteJPG@@YA_NPBDPAEHH_N@Z 0042d503 f   images.obj
 0001:0002c634       ?MD4Init@@YAXPAUMD4_CTX@@@Z 0042d634 f   md4.obj
 0001:0002c65c       ?MD4Update@@YAXPAUMD4_CTX@@PAEI@Z 0042d65c f   md4.obj
 0001:0002c6fa       ?MD4Final@@YAXQAEPAUMD4_CTX@@@Z 0042d6fa f   md4.obj
 0001:0002cdeb       ?Com_BlockChecksum@@YAIPAXH@Z 0042ddeb f   md4.obj
 0001:0002ce27       ?LoadQ2BspFile@@YAXXZ      0042de27 f   model.obj
 0001:0002d1dd       ?LoadBspFile@@YAPAUbspfile_t@@PBD_NPAI@Z 0042e1dd f   model.obj
 0001:0002d38b       ?ProcessEntstring@@YAPADPAD@Z 0042e38b f   model.obj
 0001:0002e232       ?Init@sizebuf_t@@QAEXPAXH@Z 0042f232 f   msg.obj
 0001:0002e24d       ?Write@sizebuf_t@@QAEXPBXH@Z 0042f24d f   msg.obj
 0001:0002e2bd       ?MSG_WriteByte@@YAXPAVsizebuf_t@@H@Z 0042f2bd f   msg.obj
 0001:0002e2bd       ?MSG_WriteChar@@YAXPAVsizebuf_t@@H@Z 0042f2bd f   msg.obj
 0001:0002e2ce       ?MSG_WriteShort@@YAXPAVsizebuf_t@@H@Z 0042f2ce f   msg.obj
 0001:0002e2df       ?MSG_WriteFloat@@YAXPAVsizebuf_t@@M@Z 0042f2df f   msg.obj
 0001:0002e2df       ?MSG_WriteLong@@YAXPAVsizebuf_t@@H@Z 0042f2df f   msg.obj
 0001:0002e2f0       ?MSG_WriteString@@YAXPAVsizebuf_t@@PBD@Z 0042f2f0 f   msg.obj
 0001:0002e31a       ?MSG_WritePos@@YAXPAVsizebuf_t@@ABUCVec3@@@Z 0042f31a f   msg.obj
 0001:0002e37e       ?MSG_WriteAngle@@YAXPAVsizebuf_t@@M@Z 0042f37e f   msg.obj
 0001:0002e3a9       ?MSG_WriteAngle16@@YAXPAVsizebuf_t@@M@Z 0042f3a9 f   msg.obj
 0001:0002e3d4       ?MSG_WriteDir@@YAXPAVsizebuf_t@@ABUCVec3@@@Z 0042f3d4 f   msg.obj
 0001:0002e43c       ?MSG_ReadDir@@YAXPAVsizebuf_t@@AAUCVec3@@@Z 0042f43c f   msg.obj
 0001:0002e46d       ?MSG_ReadChar@@YAHPAVsizebuf_t@@@Z 0042f46d f   msg.obj
 0001:0002e48d       ?MSG_ReadByte@@YAHPAVsizebuf_t@@@Z 0042f48d f   msg.obj
 0001:0002e4ad       ?MSG_ReadShort@@YAHPAVsizebuf_t@@@Z 0042f4ad f   msg.obj
 0001:0002e4cd       ?MSG_ReadLong@@YAHPAVsizebuf_t@@@Z 0042f4cd f   msg.obj
 0001:0002e4ec       ?MSG_ReadString@@YAPADPAVsizebuf_t@@@Z 0042f4ec f   msg.obj
 0001:0002e51f       ?MSG_ReadPos@@YAXPAVsizebuf_t@@AAUCVec3@@@Z 0042f51f f   msg.obj
 0001:0002e571       ?MSG_ReadAngle@@YAMPAVsizebuf_t@@@Z 0042f571 f   msg.obj
 0001:0002e58b       ?MSG_ReadAngle16@@YAMPAVsizebuf_t@@@Z 0042f58b f   msg.obj
 0001:0002e5a5       ?MSG_ReadData@@YAXPAVsizebuf_t@@PAXH@Z 0042f5a5 f   msg.obj
 0001:0002e5c8       ?Netchan_Init@@YAXXZ       0042f5c8 f   net_chan.obj
 0001:0002e63c       ?Netchan_OutOfBandPrint@@YAXW4netsrc_t@@Unetadr_t@@PBDZZ 0042f63c f   net_chan.obj
 0001:0002e6c3       ?Setup@netchan_t@@QAEXW4netsrc_t@@Unetadr_t@@H@Z 0042f6c3 f   net_chan.obj
 0001:0002e71b       ?NeedReliable@netchan_t@@QAE_NXZ 0042f71b f   net_chan.obj
 0001:0002e740       ?Transmit@netchan_t@@QAEXPAXH@Z 0042f740 f   net_chan.obj
 0001:0002e8dd       ?Process@netchan_t@@QAE_NPAVsizebuf_t@@@Z 0042f8dd f   net_chan.obj
 0001:0002ea0b       ?Pmove@@YAXPAUpmove_t@@@Z  0042fa0b f   pmove.obj
 0001:000307a8       ?NormalizeColor@@YAMABUCVec3@@AAU1@@Z 004317a8 f   q_shared2.obj
 0001:00030804       ?NormalizeColor255@@YAMABUCVec3@@AAU1@@Z 00431804 f   q_shared2.obj
 0001:00030864       ?appRsqrt@@YAMM@Z          00431864 f   q_shared2.obj
 0001:00030890       ?AngleVectors@@YAXABUCVec3@@PAU1@11@Z 00431890 f   q_shared2.obj
 0001:000309f1       ?MakeNormalVectors@@YAXABUCVec3@@AAU1@1@Z 004319f1 f   q_shared2.obj
 0001:00030a60       ?Vec2Angles@@YAXABUCVec3@@AAU1@@Z 00431a60 f   q_shared2.obj
 0001:00030b63       ?Vec2Yaw@@YAMABUCVec3@@@Z  00431b63 f   q_shared2.obj
 0001:00030bd6       ?VectorLength@@YAMABUCVec3@@@Z 00431bd6 f   q_shared2.obj
 0001:00030c05       ?VectorDistance@@YAMABUCVec3@@0@Z 00431c05 f   q_shared2.obj
 0001:00030c36       ?LerpAngle@@YAMMMM@Z       00431c36 f   q_shared2.obj
 0001:00030c79       ?AngleMod@@YAMM@Z          00431c79 f   q_shared2.obj
 0001:00030ca5       ?AngleSubtract@@YAMMM@Z    00431ca5 f   q_shared2.obj
 0001:00030cdc       ?AnglesSubtract@@YAXABUCVec3@@0AAU1@@Z 00431cdc f   q_shared2.obj
 0001:00030d34       ?Normalize@CVec3@@QAEMXZ   00431d34 f   q_shared2.obj
 0001:00030d86       ?VectorNormalize@@YAMABUCVec3@@AAU1@@Z 00431d86 f   q_shared2.obj
 0001:00030dde       ?NormalizeFast@CVec3@@QAEMXZ 00431dde f   q_shared2.obj
 0001:00030e2f       ?cross@@YAXABUCVec3@@0AAU1@@Z 00431e2f f   q_shared2.obj
 0001:00030e6a       ?Clear@CBox@@QAEXXZ        00431e6a f   q_shared2.obj
 0001:00030e88       ?Expand@CBox@@QAEXABUCVec3@@@Z 00431e88 f   q_shared2.obj
 0001:00030eb7       ?Expand@CBox@@QAEXABU1@@Z  00431eb7 f   q_shared2.obj
 0001:00030ef3       ?GetCenter@CBox@@QAEXAAUCVec3@@@Z 00431ef3 f   q_shared2.obj
 0001:00030f13       ?OnPlaneSide@CBox@@QBEHABUcplane_t@@@Z 00431f13 f   q_shared2.obj
 0001:00031042       ?FromAngles@CAxis@@QAEXABUCVec3@@@Z 00432042 f   q_shared2.obj
 0001:00031081       ?TransformVector@CAxis@@QBEXABUCVec3@@AAU2@@Z 00432081 f   q_shared2.obj
 0001:000310d2       ?UnTransformVector@CAxis@@QBEXABUCVec3@@AAU2@@Z 004320d2 f   q_shared2.obj
 0001:00031136       ?TransformAxis@CAxis@@QBEXABU1@AAU1@@Z 00432136 f   q_shared2.obj
 0001:0003117c       ?UnTransformAxis@CAxis@@QBEXABU1@AAU1@@Z 0043217c f   q_shared2.obj
 0001:000311c2       ?TransformPoint@CCoords@@QBEXABUCVec3@@AAU2@@Z 004321c2 f   q_shared2.obj
 0001:00031220       ?UnTransformPoint@CCoords@@QBEXABUCVec3@@AAU2@@Z 00432220 f   q_shared2.obj
 0001:0003128d       ?UnTransformCoords@CCoords@@QBEXABU1@AAU1@@Z 0043228d f   q_shared2.obj
 0001:000312b7       ?TransformPlane@CCoords@@QBEXABUcplane_t@@AAU2@@Z 004322b7 f   q_shared2.obj
 0001:000312ef       ?TransformPoint@@YAXABUCVec3@@ABUCAxis@@0AAU1@@Z 004322ef f   q_shared2.obj
 0001:00031352       ?UnTransformPoint@@YAXABUCVec3@@ABUCAxis@@0AAU1@@Z 00432352 f   q_shared2.obj
 0001:000313c2       ?ShortSwap@@YAFF@Z         004323c2 f   q_shared2.obj
 0001:000313d7       ?COM_Parse@@YAPADAAPBD_N@Z 004323d7 f   q_shared2.obj
 0001:000314fb       ?COM_QuoteString@@YAPBDPBD_N@Z 004324fb f   q_shared2.obj
 0001:00031556       ?Com_PageInMemory@@YAXPAXH@Z 00432556 f   q_shared2.obj
 0001:00031575       ?Zip_OpenArchive@@YAPAU_iobuf@@PBD@Z 00432575 f   zip.obj
 0001:000315e0       ?Zip_CloseArchive@@YAXPAU_iobuf@@@Z 004325e0 f   zip.obj
 0001:000315ec       ?Zip_EnumArchive@@YA_NPAU_iobuf@@P6A_NPAUzipFile_t@@@Z@Z 004325ec f   zip.obj
 0001:000317c9       ?Zip_OpenFile@@YAPAUZFILE@@PAU_iobuf@@PAUzipFile_t@@@Z 004327c9 f   zip.obj
 0001:000318ad       ?Zip_ReadFile@@YAHPAUZFILE@@PAXH@Z 004328ad f   zip.obj
 0001:000319a3       ?Zip_CloseFile@@YA_NPAUZFILE@@@Z 004329a3 f   zip.obj
 0001:000319e7       ?Zip_OpenBuf@@YAPAUZBUF@@PAXH@Z 004329e7 f   zip.obj
 0001:00031a25       ?Zip_ReadBuf@@YAHPAUZBUF@@PAXH@Z 00432a25 f   zip.obj
 0001:00031a6d       ?Zip_CloseBuf@@YAXPAUZBUF@@@Z 00432a6d f   zip.obj
 0001:00031a82       _zcalloc                   00432a82 f   zip.obj
 0001:00031a96       _zcfree                    00432a96 f   zip.obj
 0001:00031aa1       ?CDAudio_Play2@@YAXH_N@Z   00432aa1 f   cd_win.obj
 0001:00031c80       ?CDAudio_Play@@YAXH_N@Z    00432c80 f   cd_win.obj
 0001:00031c97       ?CDAudio_Stop@@YAXXZ       00432c97 f   cd_win.obj
 0001:00031cdc       ?CDAudio_Pause@@YAXXZ      00432cdc f   cd_win.obj
 0001:00031d35       ?CDAudio_Resume@@YAXXZ     00432d35 f   cd_win.obj
 0001:00031da4       ?CDAudio_Update@@YAXXZ     00432da4 f   cd_win.obj
 0001:00031dd8       ?CDAudio_Init@@YAHXZ       00432dd8 f   cd_win.obj
 0001:0003223a       ?CDAudio_Shutdown@@YAXXZ   0043323a f   cd_win.obj
 0001:0003226d       ?CDAudio_Activate@@YAX_N@Z 0043326d f   cd_win.obj
 0001:0003227e       ?IN_Commands@@YAXXZ        0043327e f   in_win.obj
 0001:000323a6       ?IN_Init@@YAXXZ            004333a6 f   in_win.obj
 0001:000327e5       ?IN_Shutdown@@YAXXZ        004337e5 f   in_win.obj
 0001:00032a34       ?IN_Move@@YAXPAUusercmd_t@@@Z 00433a34 f   in_win.obj
 0001:00033011       ?IN_Activate@@YAX_N@Z      00434011 f   in_win.obj
 0001:0003301b       ?IN_Frame@@YAXXZ           0043401b f   in_win.obj
 0001:00033383       ?NetadrToSockadr@@YAXPAUnetadr_t@@PAUsockaddr@@@Z 00434383 f   net_wins.obj
 0001:00033408       ?SockadrToNetadr@@YAXPAUsockaddr@@PAUnetadr_t@@@Z 00434408 f   net_wins.obj
 0001:00033458       ?NET_CompareAdr@@YA_NPAUnetadr_t@@0@Z 00434458 f   net_wins.obj
 0001:000334ae       ?NET_CompareBaseAdr@@YA_NPAUnetadr_t@@0@Z 004344ae f   net_wins.obj
 0001:000334f9       ?NET_AdrToString@@YAPADPAUnetadr_t@@@Z 004344f9 f   net_wins.obj
 0001:000335b2       ?NET_StringToAdr@@YA_NPBDPAUnetadr_t@@@Z 004345b2 f   net_wins.obj
 0001:0003383c       ?NET_IsLocalAddress@@YA_NPAUnetadr_t@@@Z 0043483c f   net_wins.obj
 0001:00033848       ?NET_GetLoopPacket@@YA_NW4netsrc_t@@PAUnetadr_t@@PAVsizebuf_t@@@Z 00434848 f   net_wins.obj
 0001:000338d3       ?NET_SendLoopPacket@@YAXW4netsrc_t@@HPAXUnetadr_t@@@Z 004348d3 f   net_wins.obj
 0001:00033928       ?NET_GetPacket@@YA_NW4netsrc_t@@PAUnetadr_t@@PAVsizebuf_t@@@Z 00434928 f   net_wins.obj
 0001:00033a45       ?NET_SendPacket@@YAXW4netsrc_t@@HPAXUnetadr_t@@@Z 00434a45 f   net_wins.obj
 0001:00033b16       ?NET_Config@@YAX_N@Z       00434b16 f   net_wins.obj
 0001:00033e8b       ?NET_Init@@YAXXZ           00434e8b f   net_wins.obj
 0001:00033f45       ?Sys_Mkdir@@YAXPAD@Z       00434f45 f   fs_win.obj
 0001:00033f51       ?Sys_FindFirst@@YAPBDPBDH@Z 00434f51 f   fs_win.obj
 0001:0003400b       ?Sys_FindNext@@YAPBDXZ     0043500b f   fs_win.obj
 0001:00034075       ?Sys_FindClose@@YAXXZ      00435075 f   fs_win.obj
 0001:0003408f       ?Sys_FileExists@@YA_NPBDH@Z 0043508f f   fs_win.obj
 0001:000340ad       ?SNDDMA_Init@@YA_NXZ       004350ad f   snd_win.obj
 0001:000346ec       ?SNDDMA_GetDMAPos@@YAHXZ   004356ec f   snd_win.obj
 0001:00034736       ?SNDDMA_BeginPainting@@YAXXZ 00435736 f   snd_win.obj
 0001:0003484e       ?SNDDMA_Submit@@YAXXZ      0043584e f   snd_win.obj
 0001:00034873       ?SNDDMA_Shutdown@@YAXXZ    00435873 f   snd_win.obj
 0001:00034878       ?S_Activate@@YAX_N@Z       00435878 f   snd_win.obj
 0001:000348a3       ?Sys_Quit@@YAXXZ           004358a3 f   sys_win.obj
 0001:0003495b       ?Sys_ConsoleInput@@YAPADXZ 0043595b f   sys_win.obj
 0001:00034c16       ?Sys_ConsoleOutput@@YAXPBD@Z 00435c16 f   sys_win.obj
 0001:00034cdd       ?Sys_SendKeyEvents@@YAXXZ  00435cdd f   sys_win.obj
 0001:00034d95       ?Sys_UnloadGame@@YAXXZ     00435d95 f   sys_win.obj
 0001:00034e10       ?Sys_GetGameAPI@@YAPAXPAX@Z 00435e10 f   sys_win.obj
 0001:00034f67       _WinMain@16                00435f67 f   sys_win.obj
 0001:000351ed       ?AddMsgHook@@YAXP6A_NIIJ@Z@Z 004361ed f   vid_dll.obj
 0001:00035231       ?RemoveMsgHook@@YAXP6A_NIIJ@Z@Z 00436231 f   vid_dll.obj
 0001:00035260       ?Vid_CreateWindow@@YAPAXHH_N@Z 00436260 f   vid_dll.obj
 0001:00035962       ?Vid_DestroyWindow@@YAX_N@Z 00436962 f   vid_dll.obj
 0001:0003599d       ?Vid_Restart@@YAXXZ        0043699d f   vid_dll.obj
 0001:000359a9       ?Vid_GetModeInfo@@YA_NPAH0H@Z 004369a9 f   vid_dll.obj
 0001:000359d9       ?Vid_Tick@@YAXXZ           004369d9 f   vid_dll.obj
 0001:00035b89       ?Vid_Init@@YAXXZ           00436b89 f   vid_dll.obj
 0001:00035c4f       ?Vid_Shutdown@@YAXXZ       00436c4f f   vid_dll.obj
 0001:00035c6e       ?Tesselate@surfacePlanar_t@OpenGLDrv@@UAEXAAUrefEntity_t@2@@Z 00436c6e f   gl_backend.obj
 0001:0003664a       ?Negate@CVec3@@QAEXXZ      0043764a f i gl_backend.obj
 0001:00037f79       ?Tesselate@surfacePoly_t@OpenGLDrv@@UAEXAAUrefEntity_t@2@@Z 00438f79 f   gl_backend.obj
 0001:00038080       ?Tesselate@surfaceMd3_t@OpenGLDrv@@UAEXAAUrefEntity_t@2@@Z 00439080 f   gl_backend.obj
 0001:0003846a       ?DrawTriangles@OpenGLDrv@@YA_NXZ 0043946a f   gl_backend.obj
 0001:0003857f       ?DrawNormals@OpenGLDrv@@YA_NXZ 0043957f f   gl_backend.obj
 0001:00038689       ?Tesselate@surfaceEntity_t@OpenGLDrv@@UAEXAAUrefEntity_t@2@@Z 00439689 f   gl_backend.obj
 0001:0003876d       ?Tesselate@surfaceParticle_t@OpenGLDrv@@UAEXAAUrefEntity_t@2@@Z 0043976d f   gl_backend.obj
 0001:000389bd       ?BK_DrawScene@OpenGLDrv@@YAXXZ 004399bd f   gl_backend.obj
 0001:00038fe4       ?BK_DrawPic@OpenGLDrv@@YAXPAVshader_t@1@HHHHMMMMIE@Z 00439fe4 f   gl_backend.obj
 0001:000391c5       ?BK_DrawText@OpenGLDrv@@YAXPBDHHHHHI@Z 0043a1c5 f   gl_backend.obj
 0001:000393b0       ?BK_BeginFrame@OpenGLDrv@@YAXXZ 0043a3b0 f   gl_backend.obj
 0001:00039414       ?BK_EndFrame@OpenGLDrv@@YAXXZ 0043a414 f   gl_backend.obj
 0001:00039453       ?BK_Init@OpenGLDrv@@YAXXZ  0043a453 f   gl_backend.obj
 0001:00039482       ?BK_Shutdown@OpenGLDrv@@YAXXZ 0043a482 f   gl_backend.obj
 0001:0003949a       ?AllocDynamicMemory@OpenGLDrv@@YAPAXH@Z 0043a49a f   gl_buffers.obj
 0001:00039505       ?ResizeDynamicMemory@OpenGLDrv@@YAXPAXH@Z 0043a505 f   gl_buffers.obj
 0001:00039547       ?AddSurfaceToPortal@OpenGLDrv@@YAXPAVsurfaceBase_t@1@PAVshader_t@1@HH@Z 0043a547 f   gl_buffers.obj
 0001:000395b8       ?InsertShaderIndex@OpenGLDrv@@YAXH@Z 0043a5b8 f   gl_buffers.obj
 0001:000395f1       ?ClearPortal@OpenGLDrv@@YAXXZ 0043a5f1 f   gl_buffers.obj
 0001:0003960f       ?SortSurfaces@OpenGLDrv@@YAXPAUviewPortal_t@1@PAPAUsurfaceInfo_t@1@@Z 0043a60f f   gl_buffers.obj
 0001:000397a1       ?ClearBuffers@OpenGLDrv@@YAXXZ 0043a7a1 f   gl_buffers.obj
 0001:000397b8       ?CreateBuffers@OpenGLDrv@@YAXXZ 0043a7b8 f   gl_buffers.obj
 0001:000397de       ?FreeBuffers@OpenGLDrv@@YAXXZ 0043a7de f   gl_buffers.obj
 0001:00039802       ?InitEntity@model_t@OpenGLDrv@@UAEXPAUentity_t@@PAUrefEntity_t@2@@Z 0043a802 f   gl_frontend.obj
 0001:00039805       ?AddSurfaces@model_t@OpenGLDrv@@UAEXPAUrefEntity_t@2@@Z 0043a805 f   gl_frontend.obj
 0001:00039833       ?GetLeaf@model_t@OpenGLDrv@@UAEPAUnode_t@2@PAUrefEntity_t@2@@Z 0043a833 f   gl_frontend.obj
 0001:00039844       ?DrawLabel@model_t@OpenGLDrv@@UAEXPAUrefEntity_t@2@@Z 0043a844 f   gl_frontend.obj
 0001:00039847       ?InitEntity@inlineModel_t@OpenGLDrv@@UAEXPAUentity_t@@PAUrefEntity_t@2@@Z 0043a847 f   gl_frontend.obj
 0001:00039897       ?AddSurfaces@inlineModel_t@OpenGLDrv@@UAEXPAUrefEntity_t@2@@Z 0043a897 f   gl_frontend.obj
 0001:00039d75       ?GetLeaf@inlineModel_t@OpenGLDrv@@UAEPAUnode_t@2@PAUrefEntity_t@2@@Z 0043ad75 f   gl_frontend.obj
 0001:00039f1a       ?DrawLabel@inlineModel_t@OpenGLDrv@@UAEXPAUrefEntity_t@2@@Z 0043af1a f   gl_frontend.obj
 0001:00039f60       ?InitEntity@md3Model_t@OpenGLDrv@@UAEXPAUentity_t@@PAUrefEntity_t@2@@Z 0043af60 f   gl_frontend.obj
 0001:0003a12f       ?AddSurfaces@md3Model_t@OpenGLDrv@@UAEXPAUrefEntity_t@2@@Z 0043b12f f   gl_frontend.obj
 0001:0003a269       ?GetLeaf@md3Model_t@OpenGLDrv@@UAEPAUnode_t@2@PAUrefEntity_t@2@@Z 0043b269 f   gl_frontend.obj
 0001:0003a2a1       ?DrawLabel@md3Model_t@OpenGLDrv@@UAEXPAUrefEntity_t@2@@Z 0043b2a1 f   gl_frontend.obj
 0001:0003a307       ?InitEntity@sprModel_t@OpenGLDrv@@UAEXPAUentity_t@@PAUrefEntity_t@2@@Z 0043b307 f   gl_frontend.obj
 0001:0003a325       ?AddSurfaces@sprModel_t@OpenGLDrv@@UAEXPAUrefEntity_t@2@@Z 0043b325 f   gl_frontend.obj
 0001:0003a4a8       ?GetLeaf@sprModel_t@OpenGLDrv@@UAEPAUnode_t@2@PAUrefEntity_t@2@@Z 0043b4a8 f   gl_frontend.obj
 0001:0003a589       ?AddEntity@OpenGLDrv@@YAXPAUentity_t@@@Z 0043b589 f   gl_frontend.obj
 0001:0003a715       ?AddDlight@OpenGLDrv@@YAXPAUdlight_t@@@Z 0043b715 f   gl_frontend.obj
 0001:0003a8cd       ?DrawPortal@OpenGLDrv@@YAXXZ 0043b8cd f   gl_frontend.obj
 0001:0003c871       ?GL_TextureMode@OpenGLDrv@@YAXPBD@Z 0043d871 f   gl_image.obj
 0001:0003c919       ?CreateImage@OpenGLDrv@@YAPAVimage_t@1@PBDPAXHHI@Z 0043d919 f   gl_image.obj
 0001:0003d60a       ?LoadDelayedImages@OpenGLDrv@@YAXXZ 0043e60a f   gl_image.obj
 0001:0003d69d       ?DrawStretchRaw8@OpenGLDrv@@YAXHHHHHHPAEPAI@Z 0043e69d f   gl_image.obj
 0001:0003da6c       ?SetupGamma@OpenGLDrv@@YAXXZ 0043ea6c f   gl_image.obj
 0001:0003dbb2       ?PerformScreenshot@OpenGLDrv@@YAXXZ 0043ebb2 f   gl_image.obj
 0001:0003de3f       ?InitImages@OpenGLDrv@@YAXXZ 0043ee3f f   gl_image.obj
 0001:0003e610       ?ShutdownImages@OpenGLDrv@@YAXXZ 0043f610 f   gl_image.obj
 0001:0003e677       ?ShowImages@OpenGLDrv@@YAXXZ 0043f677 f   gl_image.obj
 0001:0003e8ff       ?FindImage@OpenGLDrv@@YAPAVimage_t@1@PBDI@Z 0043f8ff f   gl_image.obj
 0001:0003ec70       ?GL_Lock@OpenGLDrv@@YAXXZ  0043fc70 f   gl_interface.obj
 0001:0003ece8       ?GL_Unlock@OpenGLDrv@@YAXXZ 0043fce8 f   gl_interface.obj
 0001:0003eeaa       ?GL_Bind@OpenGLDrv@@YAXPBVimage_t@1@@Z 0043feaa f   gl_interface.obj
 0001:0003efd4       ?GL_BindForce@OpenGLDrv@@YAXPBVimage_t@1@@Z 0043ffd4 f   gl_interface.obj
 0001:0003f052       ?GL_TexEnv@OpenGLDrv@@YAXI@Z 00440052 f   gl_interface.obj
 0001:0003f1d1       ?GL_TexMipBias@OpenGLDrv@@YAXM@Z 004401d1 f   gl_interface.obj
 0001:0003f22c       ?GL_TexEnvColor@OpenGLDrv@@YAXPBTcolor_t@@@Z 0044022c f   gl_interface.obj
 0001:0003f2dc       ?GL_SelectTexture@OpenGLDrv@@YAXH@Z 004402dc f   gl_interface.obj
 0001:0003f33d       ?GL_TexCoordPointer@OpenGLDrv@@YAXPAX@Z 0044033d f   gl_interface.obj
 0001:0003f36d       ?GL_SetMultitexture@OpenGLDrv@@YAXH@Z 0044036d f   gl_interface.obj
 0001:0003f453       ?GL_DisableTexCoordArrays@OpenGLDrv@@YAXXZ 00440453 f   gl_interface.obj
 0001:0003f4a7       ?GL_CullFace@OpenGLDrv@@YAXW4gl_cullMode_t@1@@Z 004404a7 f   gl_interface.obj
 0001:0003f4f8       ?GL_DepthRange@OpenGLDrv@@YAXW4gl_depthMode_t@1@@Z 004404f8 f   gl_interface.obj
 0001:0003f52b       ?GL_State@OpenGLDrv@@YAXI@Z 0044052b f   gl_interface.obj
 0001:0003f67b       ?GL_EnableFog@OpenGLDrv@@YAX_N@Z 0044067b f   gl_interface.obj
 0001:0003f773       ?GL_SetDefaultState@OpenGLDrv@@YAXXZ 00440773 f   gl_interface.obj
 0001:0003f8cf       ?GL_Set2DMode@OpenGLDrv@@YAXXZ 004408cf f   gl_interface.obj
 0001:0003f9ca       ?GL_Set3DMode@OpenGLDrv@@YAXPAUviewPortal_t@1@@Z 004409ca f   gl_interface.obj
 0001:0003fab2       ?ShowLights@OpenGLDrv@@YAXXZ 00440ab2 f   gl_light.obj
 0001:0003fe9b       ?LightForEntity@OpenGLDrv@@YAXPAUrefEntity_t@1@@Z 00440e9b f   gl_light.obj
 0001:0004110f       ?DiffuseLight@OpenGLDrv@@YAXPATcolor_t@@M@Z 0044210f f   gl_light.obj
 0001:0004134b       ?InitLightGrid@OpenGLDrv@@YAXXZ 0044234b f   gl_light.obj
 0001:000413f1       ?PostLoadLights@OpenGLDrv@@YAXXZ 004423f1 f   gl_light.obj
 0001:00041681       ?LM_Init@OpenGLDrv@@YAXXZ  00442681 f   gl_lightmap.obj
 0001:00041697       ?LM_Flush@OpenGLDrv@@YAXPAUlightmapBlock_t@1@@Z 00442697 f   gl_lightmap.obj
 0001:000416f4       ?LM_Done@OpenGLDrv@@YAXXZ  004426f4 f   gl_lightmap.obj
 0001:0004171b       ?LM_Save@OpenGLDrv@@YAXPAUlightmapBlock_t@1@@Z 0044271b f   gl_lightmap.obj
 0001:00041733       ?LM_Restore@OpenGLDrv@@YAXPAUlightmapBlock_t@1@@Z 00442733 f   gl_lightmap.obj
 0001:0004174b       ?LM_NewBlock@OpenGLDrv@@YAPAUlightmapBlock_t@1@XZ 0044274b f   gl_lightmap.obj
 0001:000417aa       ?LM_Rewind@OpenGLDrv@@YAXXZ 004427aa f   gl_lightmap.obj
 0001:000417b2       ?LM_NextBlock@OpenGLDrv@@YAPAUlightmapBlock_t@1@XZ 004427b2 f   gl_lightmap.obj
 0001:000417df       ?LM_CheckMinlight@OpenGLDrv@@YAXPAUdynamicLightmap_t@1@@Z 004427df f   gl_lightmap.obj
 0001:00041875       ?LM_AllocBlock@OpenGLDrv@@YA_NPAUlightmapBlock_t@1@PAUdynamicLightmap_t@1@@Z 00442875 f   gl_lightmap.obj
 0001:0004192c       ?LM_PutBlock@OpenGLDrv@@YAXPAUdynamicLightmap_t@1@@Z 0044292c f   gl_lightmap.obj
 0001:00041d59       ?LM_SortLightStyles@OpenGLDrv@@YAXPAUdynamicLightmap_t@1@@Z 00442d59 f   gl_lightmap.obj
 0001:00041dea       ?UpdateDynamicLightmap@OpenGLDrv@@YAXPAVsurfacePlanar_t@1@_NI@Z 00442dea f   gl_lightmap.obj
 0001:000422ec       ?LM_IsMonotone@OpenGLDrv@@YA_NPAUdynamicLightmap_t@1@PATcolor_t@@@Z 004432ec f   gl_lightmap.obj
 0001:000423f3       ?Init@OpenGLDrv@@YA_NXZ    004433f3 f   gl_main.obj
 0001:00042a1c       ?Shutdown@OpenGLDrv@@YAX_N@Z 00443a1c f   gl_main.obj
 0001:00042aa5       ?GL_EnableRendering@OpenGLDrv@@YAX_N@Z 00443aa5 f   gl_main.obj
 0001:00042ac0       ?BeginFrame@OpenGLDrv@@YAXN@Z 00443ac0 f   gl_main.obj
 0001:00042bea       ?EndFrame@OpenGLDrv@@YAXXZ 00443bea f   gl_main.obj
 0001:00042c02       ?RenderFrame@OpenGLDrv@@YAXPAUrefdef_t@@@Z 00443c02 f   gl_main.obj
 0001:00043433       ?Fill8@OpenGLDrv@@YAXHHHHH@Z 00444433 f   gl_main.obj
 0001:00043476       ?Fill@OpenGLDrv@@YAXHHHHI@Z 00444476 f   gl_main.obj
 0001:000434b2       ?TileClear@OpenGLDrv@@YAXHHHHPBD@Z 004444b2 f   gl_main.obj
 0001:00043553       ?DrawStretchPic@OpenGLDrv@@YAXHHHHPBD@Z 00444553 f   gl_main.obj
 0001:000435b3       ?DrawDetailedPic@OpenGLDrv@@YAXHHHHPBD@Z 004445b3 f   gl_main.obj
 0001:0004365a       ?DrawPic@OpenGLDrv@@YAXHHPBDHH@Z 0044465a f   gl_main.obj
 0001:000436df       ?BeginRegistration@OpenGLDrv@@YAXPBD@Z 004446df f   gl_main.obj
 0001:00043703       ?RegisterPic@OpenGLDrv@@YAPAVCBasicImage@@PBD@Z 00444703 f   gl_main.obj
 0001:00043711       ?RegisterSkin@OpenGLDrv@@YAPAVCBasicImage@@PBD_N@Z 00444711 f   gl_main.obj
 0001:0004372f       ?RegisterModel@OpenGLDrv@@YAPAVCRenderModel@@PBD@Z 0044472f f   gl_main.obj
 0001:0004373a       ?SetSky@OpenGLDrv@@YAXPBDMABUCVec3@@@Z 0044473a f   gl_main.obj
 0001:000437e0       ?Screenshot@OpenGLDrv@@YAXHPBD@Z 004447e0 f   gl_main.obj
 0001:00043803       ?GetClientLight@OpenGLDrv@@YAMXZ 00444803 f   gl_main.obj
 0001:0004380a       ?InitFuncTables@OpenGLDrv@@YAXXZ 0044480a f   gl_math.obj
 0001:000439b0       ?BuildRotationAxis@OpenGLDrv@@YAXAAUCAxis@@ABUCVec3@@M@Z 004449b0 f   gl_math.obj
 0001:00043aa7       ?GetBoxRect@OpenGLDrv@@YA_NPBUrefEntity_t@1@ABUCVec3@@QAM2_N@Z 00444aa7 f   gl_math.obj
 0001:00043db1       ?ProjectToScreen@OpenGLDrv@@YA_NABUCVec3@@QAH@Z 00444db1 f   gl_math.obj
 0001:00043ef4       ?SaturateColor3f@OpenGLDrv@@YAXAAUCVec3@@@Z 00444ef4 f   gl_math.obj
 0001:00043fe4       ?SaturateColor4b@OpenGLDrv@@YAXPATcolor_t@@@Z 00444fe4 f   gl_math.obj
 0001:000440f2       ?SubdividePlane@OpenGLDrv@@YAHPAPAUCVec3@@HM@Z 004450f2 f   gl_poly.obj
 0001:00044573       ?FreeSubdividedPlane@OpenGLDrv@@YAXXZ 00445573 f   gl_poly.obj
 0001:0004458b       ?GetSubdivideIndexes@OpenGLDrv@@YAXPAH@Z 0044558b f   gl_poly.obj
 0001:000445de       ?RemoveCollinearPoints@OpenGLDrv@@YAHPAPAUCVec3@@H@Z 004455de f   gl_poly.obj
 0001:000446d4       ?GetPolyArea@OpenGLDrv@@YAMPAPAUCVec3@@H@Z 004456d4 f   gl_poly.obj
 0001:00044768       ?InitShaders@OpenGLDrv@@YAXXZ 00445768 f   gl_shader.obj
 0001:000448d3       ?ShutdownShaders@OpenGLDrv@@YAXXZ 004458d3 f   gl_shader.obj
 0001:00044911       ?GetLightmapImage@OpenGLDrv@@YAPAVimage_t@1@H@Z 00445911 f   gl_shader.obj
 0001:00044939       ?SetShaderLightmap@OpenGLDrv@@YAPAVshader_t@1@PAV21@H@Z 00445939 f   gl_shader.obj
 0001:00044c58       ??4shader_t@OpenGLDrv@@QAEAAV01@ABV01@@Z 00445c58 f i gl_shader.obj
 0001:00044da3       ??4CBasicImage@@QAEAAV0@ABV0@@Z 00445da3 f i gl_shader.obj
 0001:00044eab       ?SetShaderLightstyles@OpenGLDrv@@YAPAVshader_t@1@PAV21@I@Z 00445eab f   gl_shader.obj
 0001:00044f49       ?GetAlphaShader@OpenGLDrv@@YAPAVshader_t@1@PAV21@@Z 00445f49 f   gl_shader.obj
 0001:00045324       ?FindShader@OpenGLDrv@@YAPAVshader_t@1@PBDI@Z 00446324 f   gl_shader.obj
 0001:00046c11       ?GetShaderByNum@OpenGLDrv@@YAPAVshader_t@1@H@Z 00447c11 f   gl_shader.obj
 0001:00046c2f       ?ResetShaders@OpenGLDrv@@YAXXZ 00447c2f f   gl_shader.obj
 0001:00046e17       ?Reload@shader_t@OpenGLDrv@@UAEXXZ 00447e17 f   gl_shader.obj
 0001:00046e46       ?ClearSky@OpenGLDrv@@YAXXZ 00447e46 f   gl_sky.obj
 0001:00046ea3       ?AddSkySurface@OpenGLDrv@@YAXPAVsurfacePlanar_t@1@E@Z 00447ea3 f   gl_sky.obj
 0001:0004746b       ?DrawSky@OpenGLDrv@@YAXXZ  0044846b f   gl_sky.obj
 0001:00047b0f       ?DrawChar@OpenGLDrv@@YAXHHHH@Z 00448b0f f   gl_text.obj
 0001:00047b3c       ?ClearTexts@OpenGLDrv@@YAXXZ 00448b3c f   gl_text.obj
 0001:00047b51       ?FlushTexts@OpenGLDrv@@YAXXZ 00448b51 f   gl_text.obj
 0001:00047be3       ?DrawTextPos@OpenGLDrv@@YAXHHPBDI@Z 00448be3 f   gl_text.obj
 0001:00047cca       ?DrawTextLeft@OpenGLDrv@@YAXPBDI@Z 00448cca f   gl_text.obj
 0001:00047d51       ?DrawTextRight@OpenGLDrv@@YAXPBDI@Z 00448d51 f   gl_text.obj
 0001:00047d9b       ?DrawText3D@OpenGLDrv@@YAXABUCVec3@@PBDI@Z 00448d9b f   gl_text.obj
 0001:00047dc8       ?InitTexts@OpenGLDrv@@YAXXZ 00448dc8 f   gl_text.obj
 0001:00047de2       ?FindModel@OpenGLDrv@@YAPAVmodel_t@1@PBD@Z 00448de2 f   gl_model.obj
 0001:00047fbc       ?FreeModels@OpenGLDrv@@YAXXZ 00448fbc f   gl_model.obj
 0001:0004802e       ?InitModels@OpenGLDrv@@YAXXZ 0044902e f   gl_model.obj
 0001:00048124       ?ShutdownModels@OpenGLDrv@@YAXXZ 00449124 f   gl_model.obj
 0001:00048135       ?LoadWorldMap@OpenGLDrv@@YAXPBD@Z 00449135 f   gl_bspmodel.obj
 0001:00049c40       ?PointInLeaf@OpenGLDrv@@YAPAUnode_t@1@ABUCVec3@@@Z 0044ac40 f   gl_bspmodel.obj
 0001:00049c8b       ?CALL_CONSTRUCTOR@@YAXPAVinlineModel_t@OpenGLDrv@@@Z 0044ac8b f i gl_bspmodel.obj
 0001:00049ca1       ?LerpTag@model_t@OpenGLDrv@@UBE_NHHMPBDAAUCCoords@@@Z 0044aca1 f   gl_trimodel.obj
 0001:00049caf       ?LerpTag@md3Model_t@OpenGLDrv@@UBE_NHHMPBDAAUCCoords@@@Z 0044acaf f   gl_trimodel.obj
 0001:00049dbf       ?LoadMd2@OpenGLDrv@@YAPAVmd3Model_t@1@PBDPAEI@Z 0044adbf f   gl_trimodel.obj
 0001:0004a8da       ?ATAN2_FUNC@OpenGLDrv@@YAMMM@Z 0044b8da f i gl_trimodel.obj
 0001:0004aa7e       ?LoadMd3@OpenGLDrv@@YAPAVmd3Model_t@1@PBDPAEI@Z 0044ba7e f   gl_trimodel.obj
 0001:0004af2a       ?LoadSp2@OpenGLDrv@@YAPAVsprModel_t@1@PBDPAEI@Z 0044bf2a f   gl_trimodel.obj
 0001:0004b13f       ?LoadSpr@OpenGLDrv@@YAPAVsprModel_t@1@PBDPAEI@Z 0044c13f f   gl_trimodel.obj
 0001:0004b245       ?CALL_CONSTRUCTOR@@YAXPAVmd3Model_t@OpenGLDrv@@@Z 0044c245 f i gl_trimodel.obj
 0001:0004b25b       ?CALL_CONSTRUCTOR@@YAXPAVsprModel_t@OpenGLDrv@@@Z 0044c25b f i gl_trimodel.obj
 0001:0004c85c       ?QGL_Init@OpenGLDrv@@YA_NPBD@Z 0044d85c f   qgl_win.obj
 0001:0004c93e       ?QGL_Shutdown@OpenGLDrv@@YAXXZ 0044d93e f   qgl_win.obj
 0001:0004c97c       ?QGL_InitExtensions@OpenGLDrv@@YAXXZ 0044d97c f   qgl_win.obj
 0001:0004ce68       ?QGL_PrintExtensionsString@OpenGLDrv@@YAXPBD00@Z 0044de68 f   qgl_win.obj
 0001:0004cfb5       ?QGL_EnableLogging@OpenGLDrv@@YAX_N@Z 0044dfb5 f   qgl_win.obj
 0001:0004d06f       ?QGL_LogMessage@OpenGLDrv@@YAXPBD@Z 0044e06f f   qgl_win.obj
 0001:0004d086       ?QGL_SwapBuffers@OpenGLDrv@@YAXXZ 0044e086 f   qgl_win.obj
 0001:0004d108       ?GLimp_HasGamma@OpenGLDrv@@YA_NXZ 0044e108 f   gl_win.obj
 0001:0004d11c       ?GLimp_SetGamma@OpenGLDrv@@YAXM@Z 0044e11c f   gl_win.obj
 0001:0004d2c4       ?GLimp_SetMode@OpenGLDrv@@YA_NPAI0H_N@Z 0044e2c4 f   gl_win.obj
 0001:0004d6ba       ?GLimp_Shutdown@OpenGLDrv@@YAX_N@Z 0044e6ba f   gl_win.obj
 0001:0004d767       ?AppActivate@OpenGLDrv@@YAX_N@Z 0044e767 f   gl_win.obj
 0001:0004d7d7       _jpeg_CreateDecompress     0044e7d7 f   lib:jdapimin.obj
 0001:0004d897       _jpeg_destroy_decompress   0044e897 f   lib:jdapimin.obj
 0001:0004d897       _jpeg_destroy_compress     0044e897 f   lib:jdapimin.obj
 0001:0004d8a2       _jpeg_read_header          0044e8a2 f   lib:jdapimin.obj
 0001:0004d904       _jpeg_consume_input        0044e904 f   lib:jdapimin.obj
 0001:0004db53       _jpeg_finish_decompress    0044eb53 f   lib:jdapimin.obj
 0001:0004dbea       _jpeg_start_decompress     0044ebea f   lib:jdapistd.obj
 0001:0004dd57       _jpeg_read_scanlines       0044ed57 f   lib:jdapistd.obj
 0001:0004dddb       _jpeg_resync_to_restart    0044eddb f   lib:jdmarker.obj
 0001:0004dfa0       _jinit_marker_reader       0044efa0 f   lib:jdmarker.obj
 0001:0004f46b       _jpeg_CreateCompress       0045046b f   lib:jcapimin.obj
 0001:0004f51f       _jpeg_suppress_tables      0045051f f   lib:jcapimin.obj
 0001:0004f569       _jpeg_finish_compress      00450569 f   lib:jcapimin.obj
 0001:0004f653       _jpeg_start_compress       00450653 f   lib:jcapistd.obj
 0001:0004f6bf       _jpeg_write_scanlines      004506bf f   lib:jcapistd.obj
 0001:0004f76a       _jpeg_add_quant_table      0045076a f   lib:jcparam.obj
 0001:0004f81c       _jpeg_quality_scaling      0045081c f   lib:jcparam.obj
 0001:0004f843       _jpeg_set_quality          00450843 f   lib:jcparam.obj
 0001:0004f87d       _jpeg_set_defaults         0045087d f   lib:jcparam.obj
 0001:0004fa43       _jpeg_default_colorspace   00450a43 f   lib:jcparam.obj
 0001:0004fa93       _jpeg_set_colorspace       00450a93 f   lib:jcparam.obj
 0001:0004fdae       _jpeg_stdio_dest           00450dae f   lib:jdatadst.obj
 0001:0004ffce       _crc32                     00450fce f   lib:crc32.obj
 0001:00050268       _inflateReset              00451268 f   lib:inflate.obj
 0001:000502b6       _inflateInit2_             004512b6 f   lib:inflate.obj
 0001:0005036f       _inflate                   0045136f f   lib:inflate.obj
 0001:00051644       _inflateEnd                00452644 f   lib:inflate.obj
 0001:00051682       _jinit_input_controller    00452682 f   lib:jdinput.obj
 0001:00051b65       _jinit_memory_mgr          00452b65 f   lib:jmemmgr.obj
 0001:000526a1       _jpeg_abort                004536a1 f   lib:jcomapi.obj
 0001:000526d4       _jpeg_destroy              004536d4 f   lib:jcomapi.obj
 0001:000526ef       _jpeg_alloc_quant_table    004536ef f   lib:jcomapi.obj
 0001:0005270b       _jpeg_alloc_huff_table     0045370b f   lib:jcomapi.obj
 0001:00052727       _jpeg_calc_output_dimensions 00453727 f   lib:jdmaster.obj
 0001:00052827       _jinit_master_decompress   00453827 f   lib:jdmaster.obj
 0001:00052b7d       _jdiv_round_up             00453b7d f   lib:jutils.obj
 0001:00052b8d       _jround_up                 00453b8d f   lib:jutils.obj
 0001:00052ba5       _jcopy_sample_rows         00453ba5 f   lib:jutils.obj
 0001:00052be3       _jcopy_block_row           00453be3 f   lib:jutils.obj
 0001:00052bfc       _jzero_far                 00453bfc f   lib:jutils.obj
 0001:00052c0f       _jinit_marker_writer       00453c0f f   lib:jcmarker.obj
 0001:000534eb       _jinit_compress_master     004544eb f   lib:jcinit.obj
 0001:00053544       _inflate_fast              00454544 f   lib:inffast.obj
 0001:000538f9       _inflate_table             004548f9 f   lib:inftrees.obj
 0001:00053cad       _adler32                   00454cad f   lib:adler32.obj
 0001:00053dc6       _jinit_c_codec             00454dc6 f   lib:jcodec.obj
 0001:00053de2       _jinit_d_codec             00454de2 f   lib:jcodec.obj
 0001:00053dfe       _jpeg_get_large            00454dfe f   lib:jmemnobs.obj
 0001:00053dfe       _jpeg_get_small            00454dfe f   lib:jmemnobs.obj
 0001:00053e0a       _jpeg_free_small           00454e0a f   lib:jmemnobs.obj
 0001:00053e0a       _jpeg_free_large           00454e0a f   lib:jmemnobs.obj
 0001:00053e16       _jpeg_mem_available        00454e16 f   lib:jmemnobs.obj
 0001:00053e1b       _jpeg_open_backing_store   00454e1b f   lib:jmemnobs.obj
 0001:00053e2f       ?EndRegistration@OpenGLDrv@@YAXXZ 00454e2f f   lib:jmemnobs.obj
 0001:00053e2f       _jpeg_mem_term             00454e2f f   lib:jmemnobs.obj
 0001:00053e2f       __setargv                  00454e2f f   lib:jmemnobs.obj
 0001:00053e30       _jinit_d_main_controller   00454e30 f   lib:jdmainct.obj
 0001:0005447b       _jinit_d_post_controller   0045547b f   lib:jdpostct.obj
 0001:00054726       _jinit_upsampler           00455726 f   lib:jdsample.obj
 0001:00054d64       _jinit_color_deconverter   00455d64 f   lib:jdcolor.obj
 0001:0005527a       _jinit_merged_upsampler    0045627a f   lib:jdmerge.obj
 0001:000557ca       _jinit_2pass_quantizer     004567ca f   lib:jquant2.obj
 0001:0005688d       _jinit_1pass_quantizer     0045788d f   lib:jquant1.obj
 0001:000572b3       _jinit_c_main_controller   004582b3 f   lib:jcmainct.obj
 0001:00057420       _jinit_c_prep_controller   00458420 f   lib:jcprepct.obj
 0001:0005796b       _jinit_downsampler         0045896b f   lib:jcsample.obj
 0001:000581eb       _jinit_color_converter     004591eb f   lib:jccolor.obj
 0001:000587d5       _jinit_c_master_control    004597d5 f   lib:jcmaster.obj
 0001:000592c4       _jinit_lossy_c_codec       0045a2c4 f   lib:jclossy.obj
 0001:0005935f       _jinit_lossless_c_codec    0045a35f f   lib:jclossls.obj
 0001:000593f7       _jinit_lossy_d_codec       0045a3f7 f   lib:jdlossy.obj
 0001:000596ca       _jinit_lossless_d_codec    0045a6ca f   lib:jdlossls.obj
 0001:0005977a       _jinit_c_coef_controller   0045a77a f   lib:jccoefct.obj
 0001:00059e5b       _jinit_shuff_encoder       0045ae5b f   lib:jcshuff.obj
 0001:0005a6c3       _jinit_phuff_encoder       0045b6c3 f   lib:jcphuff.obj
 0001:0005b168       _jinit_forward_dct         0045c168 f   lib:jcdctmgr.obj
 0001:0005b437       _jinit_c_diff_controller   0045c437 f   lib:jcdiffct.obj
 0001:0005b95b       _jinit_lhuff_encoder       0045c95b f   lib:jclhuff.obj
 0001:0005c088       _jinit_differencer         0045d088 f   lib:jcpred.obj
 0001:0005c5a2       _jinit_c_scaler            0045d5a2 f   lib:jcscale.obj
 0001:0005c618       _jinit_d_coef_controller   0045d618 f   lib:jdcoefct.obj
 0001:0005d2f4       _jinit_shuff_decoder       0045e2f4 f   lib:jdshuff.obj
 0001:0005d889       _jinit_phuff_decoder       0045e889 f   lib:jdphuff.obj
 0001:0005e426       _jinit_inverse_dct         0045f426 f   lib:jddctmgr.obj
 0001:0005e60a       _jinit_d_diff_controller   0045f60a f   lib:jddiffct.obj
 0001:0005eb38       _jinit_d_scaler            0045fb38 f   lib:jdscale.obj
 0001:0005ec37       _jinit_undifferencer       0045fc37 f   lib:jdpred.obj
 0001:0005eff1       _jinit_lhuff_decoder       0045fff1 f   lib:jdlhuff.obj
 0001:0005f3e6       _jpeg_make_c_derived_tbl   004603e6 f   lib:jchuff.obj
 0001:0005f5e8       _jpeg_gen_optimal_table    004605e8 f   lib:jchuff.obj
 0001:0005f7a7       _jpeg_fdct_float           004607a7 f   lib:jfdctflt.obj
 0001:0005f9ac       _jpeg_make_d_derived_tbl   004609ac f   lib:jdhuff.obj
 0001:0005fc49       _jpeg_fill_bit_buffer      00460c49 f   lib:jdhuff.obj
 0001:0005fd58       _jpeg_huff_decode          00460d58 f   lib:jdhuff.obj
 0001:0005fe38       _jpeg_idct_4x4             00460e38 f   lib:jidctred.obj
 0001:00060126       _jpeg_idct_2x2             00461126 f   lib:jidctred.obj
 0001:000602e8       _jpeg_idct_1x1             004612e8 f   lib:jidctred.obj
 0001:00060324       _jpeg_idct_float           00461324 f   lib:jidctflt.obj
 0001:00060700       __except_handler3          00461700 f   MSVCRT:MSVCRT.dll
 0001:00060710       __chkstk                   00461710 f   MSVCRT:chkstk.obj
 0001:00060710       __alloca_probe             00461710 f   MSVCRT:chkstk.obj
 0001:0006073f       ??_Gtype_info@@UAEPAXI@Z   0046173f f i MSVCRT:ti_inst.obj
 0001:0006073f       ??_Etype_info@@UAEPAXI@Z   0046173f f i MSVCRT:ti_inst.obj
 0001:0006075c       __CxxThrowException@8      0046175c f   MSVCRT:MSVCRT.dll
 0001:00060762       _strcpy                    00461762 f   MSVCRT:MSVCRT.dll
 0001:00060768       _strlen                    00461768 f   MSVCRT:MSVCRT.dll
 0001:0006076e       _strcmp                    0046176e f   MSVCRT:MSVCRT.dll
 0001:00060774       _sin                       00461774 f   MSVCRT:MSVCRT.dll
 0001:0006077a       _tan                       0046177a f   MSVCRT:MSVCRT.dll
 0001:00060780       _cos                       00461780 f   MSVCRT:MSVCRT.dll
 0001:00060786       _fmod                      00461786 f   MSVCRT:MSVCRT.dll
 0001:0006078c       _strcat                    0046178c f   MSVCRT:MSVCRT.dll
 0001:00060792       _acos                      00461792 f   MSVCRT:MSVCRT.dll
 0001:00060798       _atan                      00461798 f   MSVCRT:MSVCRT.dll
 0001:0006079e       _memcpy                    0046179e f   MSVCRT:MSVCRT.dll
 0001:000607a4       _memset                    004617a4 f   MSVCRT:MSVCRT.dll
 0001:000607aa       _sqrt                      004617aa f   MSVCRT:MSVCRT.dll
 0001:000607b0       _atan2                     004617b0 f   MSVCRT:MSVCRT.dll
 0001:000607b6       __purecall                 004617b6 f   MSVCRT:MSVCRT.dll
 0001:000607bc       _pow                       004617bc f   MSVCRT:MSVCRT.dll
 0001:000607c2       _asin                      004617c2 f   MSVCRT:MSVCRT.dll
 0001:000607c8       _WinMainCRTStartup         004617c8 f   MSVCRT:crtexew.obj
 0001:00060926       __ftol                     00461926 f   MSVCRT:MSVCRT.dll
 0001:0006092c       ??1type_info@@UAE@XZ       0046192c f   MSVCRT:MSVCRT.dll
 0001:00060932       __XcptFilter               00461932 f   MSVCRT:MSVCRT.dll
 0001:00060938       __initterm                 00461938 f   MSVCRT:MSVCRT.dll
 0001:0006093e       __setdefaultprecision      0046193e f   MSVCRT:fp8.obj
 0001:00060950       _jpeg_mem_init             00461950 f   MSVCRT:merr.obj
[...]
 0001:0005e7a8       _start_iMCU_row            0045f7a8 f   lib:jddiffct.obj
 0001:0005e7ed       _start_output_pass         0045f7ed f   lib:jddiffct.obj
 0001:0005e7f9       _decompress_data           0045f7f9 f   lib:jddiffct.obj
 0001:0005e969       _process_restart           0045f969 f   lib:jddiffct.obj
 0001:0005c989       _dummy_consume_data        0045d989 f   lib:jdcoefct.obj
 0001:0005e99e       _consume_data              0045f99e f   lib:jddiffct.obj
 0001:0005ea15       _output_data               0045fa15 f   lib:jddiffct.obj
 0001:0005e49c       _start_pass                0045f49c f   lib:jddctmgr.obj
 0001:0005d8ee       _start_pass_phuff_decoder  0045e8ee f   lib:jdphuff.obj
 0001:0005db37       _decode_mcu_DC_first       0045eb37 f   lib:jdphuff.obj
 0001:0005dd2f       _process_restart           0045ed2f f   lib:jdphuff.obj
 0001:0005dd9e       _decode_mcu_AC_first       0045ed9e f   lib:jdphuff.obj
 0001:0005dfbe       _decode_mcu_DC_refine      0045efbe f   lib:jdphuff.obj
 0001:0005e093       _decode_mcu_AC_refine      0045f093 f   lib:jdphuff.obj
 0001:0005d335       _start_pass_huff_decoder   0045e335 f   lib:jdshuff.obj
 0001:0005d46d       _decode_mcu                0045e46d f   lib:jdshuff.obj
 0001:0005d81d       _process_restart           0045e81d f   lib:jdshuff.obj
 0001:0005c71b       _start_input_pass          0045d71b f   lib:jdcoefct.obj
 0001:0005c72e       _start_iMCU_row            0045d72e f   lib:jdcoefct.obj
 0001:0005c773       _start_output_pass         0045d773 f   lib:jdcoefct.obj
 0001:0005c7b0       _decompress_onepass        0045d7b0 f   lib:jdcoefct.obj
 0001:0005c989       _dummy_consume_data        0045d989 f   lib:jdcoefct.obj
 0001:0005c98c       _consume_data              0045d98c f   lib:jdcoefct.obj
 0001:0005cb45       _decompress_data           0045db45 f   lib:jdcoefct.obj
 0001:0005ccb1       _smoothing_ok              0045dcb1 f   lib:jdcoefct.obj
 0001:0005cd9c       _decompress_smooth_data    0045dd9c f   lib:jdcoefct.obj
 0001:0005c5b4       _scaler_start_pass         0045d5b4 f   lib:jcscale.obj
 0001:0005c5d7       _simple_downscale          0045d5d7 f   lib:jcscale.obj
 0001:0005c603       _noscale                   0045d603 f   lib:jcscale.obj
 0001:0005c0ac       _start_pass                0045d0ac f   lib:jcpred.obj
 0001:0005c104       _reset_predictor           0045d104 f   lib:jcpred.obj
 0001:0005c131       _jpeg_difference_first_row 0045d131 f   lib:jcpred.obj
 0001:0005c21b       _jpeg_difference1          0045d21b f   lib:jcpred.obj
 0001:0005c289       _jpeg_difference2          0045d289 f   lib:jcpred.obj
 0001:0005c2fa       _jpeg_difference3          0045d2fa f   lib:jcpred.obj
 0001:0005c372       _jpeg_difference4          0045d372 f   lib:jcpred.obj
 0001:0005c3fd       _jpeg_difference5          0045d3fd f   lib:jcpred.obj
 0001:0005c490       _jpeg_difference6          0045d490 f   lib:jcpred.obj
 0001:0005c51f       _jpeg_difference7          0045d51f f   lib:jcpred.obj
 0001:0005b99b       _start_pass_huff           0045c99b f   lib:jclhuff.obj
 0001:0005bb38       _encode_mcus_huff          0045cb38 f   lib:jclhuff.obj
 0001:0005bd23       _emit_bits                 0045cd23 f   lib:jclhuff.obj
 0001:0005bdc6       _dump_buffer               0045cdc6 f   lib:jclhuff.obj
 0001:0005bdea       _emit_restart              0045cdea f   lib:jclhuff.obj
 0001:0005be35       _flush_bits                0045ce35 f   lib:jclhuff.obj
 0001:0005be59       _finish_pass_huff          0045ce59 f   lib:jclhuff.obj
 0001:0005bec6       _encode_mcus_gather        0045cec6 f   lib:jclhuff.obj
 0001:0005bfef       _finish_pass_gather        0045cfef f   lib:jclhuff.obj
 0001:0005c085       _need_optimization_pass    0045d085 f   lib:jclhuff.obj
 0001:0005b5bb       _start_pass_diff           0045c5bb f   lib:jcdiffct.obj
 0001:000598c4       _start_iMCU_row            0045a8c4 f   lib:jccoefct.obj
 0001:0005b659       _compress_data             0045c659 f   lib:jcdiffct.obj
 0001:0005b7ef       _compress_first_pass       0045c7ef f   lib:jcdiffct.obj
 0001:0005b8e4       _compress_output           0045c8e4 f   lib:jcdiffct.obj
 0001:0005b1ce       _start_pass_fdctmgr        0045c1ce f   lib:jcdctmgr.obj
 0001:0005b2d0       _forward_DCT_float         0045c2d0 f   lib:jcdctmgr.obj
 0001:0005a703       _start_pass_phuff          0045b703 f   lib:jcphuff.obj
 0001:0005a870       _encode_mcu_DC_first       0045b870 f   lib:jcphuff.obj
 0001:0005a9a2       _emit_bits                 0045b9a2 f   lib:jcphuff.obj
 0001:0005aa4d       _dump_buffer               0045ba4d f   lib:jcphuff.obj
 0001:0005aa85       _emit_symbol               0045ba85 f   lib:jcphuff.obj
 0001:0005aac5       _emit_restart              0045bac5 f   lib:jcphuff.obj
 0001:0005ab4e       _emit_eobrun               0045bb4e f   lib:jcphuff.obj
 0001:0005abd4       _encode_mcu_AC_first       0045bbd4 f   lib:jcphuff.obj
 0001:0005ad68       _encode_mcu_DC_refine      0045bd68 f   lib:jcphuff.obj
 0001:0005ae22       _encode_mcu_AC_refine      0045be22 f   lib:jcphuff.obj
 0001:0005b039       _finish_pass_phuff         0045c039 f   lib:jcphuff.obj
 0001:0005b088       _finish_pass_gather_phuff  0045c088 f   lib:jcphuff.obj
 0001:0005b14b       _need_optimization_pass    0045c14b f   lib:jcphuff.obj
 0001:00059e9e       _start_pass_huff           0045ae9e f   lib:jcshuff.obj
 0001:0005a013       _encode_mcu_huff           0045b013 f   lib:jcshuff.obj
 0001:0005a11e       _encode_one_block          0045b11e f   lib:jcshuff.obj
 0001:0005a295       _emit_bits                 0045b295 f   lib:jcshuff.obj
 0001:0005a338       _dump_buffer               0045b338 f   lib:jcshuff.obj
 0001:0005a35c       _emit_restart              0045b35c f   lib:jcshuff.obj
 0001:0005a3c9       _flush_bits                0045b3c9 f   lib:jcshuff.obj
 0001:0005a3ed       _finish_pass_huff          0045b3ed f   lib:jcshuff.obj
 0001:0005a45c       _encode_mcu_gather         0045b45c f   lib:jcshuff.obj
 0001:0005a512       _htest_one_block           0045b512 f   lib:jcshuff.obj
 0001:0005a5d9       _finish_pass_gather        0045b5d9 f   lib:jcshuff.obj
 0001:0005c085       _need_optimization_pass    0045d085 f   lib:jclhuff.obj
 0001:0005982f       _start_pass_coef           0045a82f f   lib:jccoefct.obj
 0001:000598c4       _start_iMCU_row            0045a8c4 f   lib:jccoefct.obj
 0001:00059906       _compress_data             0045a906 f   lib:jccoefct.obj
 0001:00059aed       _compress_first_pass       0045aaed f   lib:jccoefct.obj
 0001:00059cd3       _compress_output           0045acd3 f   lib:jccoefct.obj
 0001:00059747       _calc_output_dimensions    0045a747 f   lib:jdlossls.obj
 0001:00059758       _start_input_pass          0045a758 f   lib:jdlossls.obj
 0001:00059486       _calc_output_dimensions    0045a486 f   lib:jdlossy.obj
 0001:000595f9       _start_input_pass          0045a5f9 f   lib:jdlossy.obj
 0001:00059619       _latch_quant_tables        0045a619 f   lib:jdlossy.obj
 0001:000596b1       _start_output_pass         0045a6b1 f   lib:jdlossy.obj
 0001:000593d5       _start_pass                0045a3d5 f   lib:jclossls.obj
 0001:00059341       _start_pass                0045a341 f   lib:jclossy.obj
 0001:00058896       _initial_setup             00459896 f   lib:jcmaster.obj
 0001:00058a49       _validate_script           00459a49 f   lib:jcmaster.obj
 0001:00058e21       _prepare_for_pass          00459e21 f   lib:jcmaster.obj
 0001:00058f99       _select_scan_parameters    00459f99 f   lib:jcmaster.obj
 0001:0005909a       _per_scan_setup            0045a09a f   lib:jcmaster.obj
 0001:00059245       _pass_startup              0045a245 f   lib:jcmaster.obj
 0001:0005926c       _finish_pass_master        0045a26c f   lib:jcmaster.obj
 0001:00058382       _rgb_ycc_start             00459382 f   lib:jccolor.obj
 0001:00058446       _rgb_ycc_convert           00459446 f   lib:jccolor.obj
 0001:00058545       _rgb_gray_convert          00459545 f   lib:jccolor.obj
 0001:000585ca       _cmyk_ycck_convert         004595ca f   lib:jccolor.obj
 0001:00058702       _grayscale_convert         00459702 f   lib:jccolor.obj
 0001:0005875c       _null_convert              0045975c f   lib:jccolor.obj
 0001:0002c18a       _null_method               0042d18a f   images.obj
 0001:0002c18a       _start_pass_downsample     0042d18a f   images.obj
 0001:00057ace       _sep_downsample            00458ace f   lib:jcsample.obj
 0001:00057b43       _int_downsample            00458b43 f   lib:jcsample.obj
 0001:00057c3b       _expand_right_edge         00458c3b f   lib:jcsample.obj
 0001:00057c90       _fullsize_downsample       00458c90 f   lib:jcsample.obj
 0001:00057cd4       _h2v1_downsample           00458cd4 f   lib:jcsample.obj
 0001:00057d68       _h2v2_downsample           00458d68 f   lib:jcsample.obj
 0001:00057e15       _h2v2_smooth_downsample    00458e15 f   lib:jcsample.obj
 0001:0005808d       _fullsize_smooth_downsample 0045908d f   lib:jcsample.obj
 0001:000574ca       _start_pass_prep           004584ca f   lib:jcprepct.obj
 0001:00057508       _pre_process_data          00458508 f   lib:jcprepct.obj
 0001:000576b6       _pre_process_context       004586b6 f   lib:jcprepct.obj
 0001:0005786f       _create_context_buffer     0045886f f   lib:jcprepct.obj
 0001:00057342       _start_pass_main           00458342 f   lib:jcmainct.obj
 0001:00057384       _process_data_simple_main  00458384 f   lib:jcmainct.obj
 0001:00056918       _create_colormap           00457918 f   lib:jquant1.obj
 0001:00056a4a       _select_ncolors            00457a4a f   lib:jquant1.obj
 0001:00056b21       _create_colorindex         00457b21 f   lib:jquant1.obj
 0001:00056c4d       _alloc_fs_workspace        00457c4d f   lib:jquant1.obj
 0001:00056c89       _start_pass_1_quant        00457c89 f   lib:jquant1.obj
 0001:00056d55       _create_odither_tables     00457d55 f   lib:jquant1.obj
 0001:00056db4       _make_odither_array        00457db4 f   lib:jquant1.obj
 0001:00056e17       _color_quantize            00457e17 f   lib:jquant1.obj
 0001:00056ea2       _color_quantize3           00457ea2 f   lib:jquant1.obj
 0001:00056f30       _quantize_ord_dither       00457f30 f   lib:jquant1.obj
 0001:0005701b       _quantize3_ord_dither      0045801b f   lib:jquant1.obj
 0001:0005711b       _quantize_fs_dither        0045811b f   lib:jquant1.obj
 0001:0002c18a       _finish_pass_1_quant       0042d18a f   images.obj
 0001:0005729f       _new_color_map_1_quant     0045829f f   lib:jquant1.obj
 0001:000558d9       _init_error_limit          004568d9 f   lib:jquant2.obj
 0001:00055978       _start_pass_2_quant        00456978 f   lib:jquant2.obj
 0001:00055a7a       _prescan_quantize          00456a7a f   lib:jquant2.obj
 0001:00055ae9       _pass2_no_dither           00456ae9 f   lib:jquant2.obj
 0001:00055b96       _fill_inverse_cmap         00456b96 f   lib:jquant2.obj
 0001:00055c61       _find_nearby_colors        00456c61 f   lib:jquant2.obj
 0001:00055e05       _find_best_colors          00456e05 f   lib:jquant2.obj
 0001:00055f1f       _pass2_fs_dither           00456f1f f   lib:jquant2.obj
 0001:0005618e       _finish_pass1              0045718e f   lib:jquant2.obj
 0001:000561b0       _select_colors             004571b0 f   lib:jquant2.obj
 0001:0005623c       _update_box                0045723c f   lib:jquant2.obj
 0001:000565d6       _median_cut                004575d6 f   lib:jquant2.obj
 0001:000566ea       _find_biggest_color_pop    004576ea f   lib:jquant2.obj
 0001:00056719       _find_biggest_volume       00457719 f   lib:jquant2.obj
 0001:00056742       _compute_color             00457742 f   lib:jquant2.obj
 0001:0002c18a       _finish_pass2              0042d18a f   images.obj
 0001:0005687e       _new_color_map_2_quant     0045787e f   lib:jquant2.obj
 0001:000552f0       _build_ycc_rgb_table       004562f0 f   lib:jdmerge.obj
 0001:000553a0       _start_pass_merged_upsample 004563a0 f   lib:jdmerge.obj
 0001:000553b5       _merged_2v_upsample        004563b5 f   lib:jdmerge.obj
 0001:0005545c       _merged_1v_upsample        0045645c f   lib:jdmerge.obj
 0001:0005548d       _h2v1_merged_upsample      0045648d f   lib:jdmerge.obj
 0001:000555e3       _h2v2_merged_upsample      004565e3 f   lib:jdmerge.obj
 0001:00054e94       _build_ycc_rgb_table       00455e94 f   lib:jdcolor.obj
 0001:00054f44       _ycc_rgb_convert           00455f44 f   lib:jdcolor.obj
 0001:00055052       _null_convert              00456052 f   lib:jdcolor.obj
 0001:000550ca       _grayscale_convert         004560ca f   lib:jdcolor.obj
 0001:000550ed       _gray_rgb_convert          004560ed f   lib:jdcolor.obj
 0001:00055146       _ycck_cmyk_convert         00456146 f   lib:jdcolor.obj
 0001:0002c18a       _start_pass_dcolor         0042d18a f   images.obj
 0001:000548f5       _start_pass_upsample       004558f5 f   lib:jdsample.obj
 0001:0005490f       _sep_upsample              0045590f f   lib:jdsample.obj
 0001:000549dc       _fullsize_upsample         004559dc f   lib:jdsample.obj
 0001:000549e7       _noop_upsample             004559e7 f   lib:jdsample.obj
 0001:000549ef       _int_upsample              004559ef f   lib:jdsample.obj
 0001:00054ad9       _h2v1_upsample             00455ad9 f   lib:jdsample.obj
 0001:00054b30       _h2v2_upsample             00455b30 f   lib:jdsample.obj
 0001:00054ba2       _h2v1_fancy_upsample       00455ba2 f   lib:jdsample.obj
 0001:00054c45       _h2v2_fancy_upsample       00455c45 f   lib:jdsample.obj
 0001:000544fe       _start_pass_dpost          004554fe f   lib:jdpostct.obj
 0001:000545a4       _post_process_1pass        004555a4 f   lib:jdpostct.obj
 0001:00054609       _post_process_prepass      00455609 f   lib:jdpostct.obj
 0001:0005469a       _post_process_2pass        0045569a f   lib:jdpostct.obj
 0001:00053f05       _alloc_funny_pointers      00454f05 f   lib:jdmainct.obj
 0001:00053fb2       _start_pass_main           00454fb2 f   lib:jdmainct.obj
 0001:0005401a       _make_funny_pointers       0045501a f   lib:jdmainct.obj
 0001:0005415a       _process_data_simple_main  0045515a f   lib:jdmainct.obj
 0001:000541c2       _process_data_context_main 004551c2 f   lib:jdmainct.obj
 0001:000542d4       _set_wraparound_pointers   004552d4 f   lib:jdmainct.obj
 0001:000543be       _set_bottom_pointers       004553be f   lib:jdmainct.obj
 0001:00054458       _process_data_crank_post   00455458 f   lib:jdmainct.obj
 0001:00052c5d       _write_marker_header       00453c5d f   lib:jcmarker.obj
 0001:00052cb3       _emit_byte                 00453cb3 f   lib:jcmarker.obj
 0001:00052ce4       _write_marker_byte         00453ce4 f   lib:jcmarker.obj
 0001:00052cf4       _write_file_header         00453cf4 f   lib:jcmarker.obj
 0001:00052d40       _emit_jfif_app0            00453d40 f   lib:jcmarker.obj
 0001:00052e13       _emit_adobe_app14          00453e13 f   lib:jcmarker.obj
 0001:00052eb9       _write_frame_header        00453eb9 f   lib:jcmarker.obj
 0001:00052f98       _emit_dqt                  00453f98 f   lib:jcmarker.obj
 0001:00053087       _emit_sof                  00454087 f   lib:jcmarker.obj
 0001:00053163       _write_scan_header         00454163 f   lib:jcmarker.obj
 0001:00053223       _emit_dht                  00454223 f   lib:jcmarker.obj
 0001:000532fc       _emit_dri                  004542fc f   lib:jcmarker.obj
 0001:0005334b       _emit_sos                  0045434b f   lib:jcmarker.obj
 0001:00053439       _write_file_trailer        00454439 f   lib:jcmarker.obj
 0001:00053459       _write_tables_only         00454459 f   lib:jcmarker.obj
 0001:000527b2       _use_merged_upsample       004537b2 f   lib:jdmaster.obj
 0001:00052858       _master_selection          00453858 f   lib:jdmaster.obj
 0001:000529b5       _prepare_range_limit_table 004539b5 f   lib:jdmaster.obj
 0001:00052a3b       _prepare_for_output_pass   00453a3b f   lib:jdmaster.obj
 0001:00052b5c       _finish_output_pass        00453b5c f   lib:jdmaster.obj
 0001:00051c29       _alloc_small               00452c29 f   lib:jmemmgr.obj
 0001:00051d47       _alloc_large               00452d47 f   lib:jmemmgr.obj
 0001:00051df8       _alloc_sarray              00452df8 f   lib:jmemmgr.obj
 0001:00051e90       _alloc_barray              00452e90 f   lib:jmemmgr.obj
 0001:00051f34       _alloc_darray              00452f34 f   lib:jmemmgr.obj
 0001:00051fdf       _request_virt_sarray       00452fdf f   lib:jmemmgr.obj
 0001:00052040       _request_virt_barray       00453040 f   lib:jmemmgr.obj
 0001:000520a1       _realize_virt_arrays       004530a1 f   lib:jmemmgr.obj
 0001:00052224       _access_virt_sarray        00453224 f   lib:jmemmgr.obj
 0001:00052344       _do_sarray_io              00453344 f   lib:jmemmgr.obj
 0001:000523d4       _access_virt_barray        004533d4 f   lib:jmemmgr.obj
 0001:000524f9       _do_barray_io              004534f9 f   lib:jmemmgr.obj
 0001:0005258a       _free_pool                 0045358a f   lib:jmemmgr.obj
 0001:00052671       _self_destruct             00453671 f   lib:jmemmgr.obj
 0001:000516c3       _start_input_pass          004526c3 f   lib:jdinput.obj
 0001:000516f1       _per_scan_setup            004526f1 f   lib:jdinput.obj
 0001:00051877       _finish_input_pass         00452877 f   lib:jdinput.obj
 0001:00051888       _consume_markers           00452888 f   lib:jdinput.obj
 0001:00051924       _initial_setup             00452924 f   lib:jdinput.obj
 0001:00051b2e       _reset_input_controller    00452b2e f   lib:jdinput.obj
 0001:0005147c       _fixedtables               0045247c f   lib:inflate.obj
 0001:00051566       _updatewindow              00452566 f   lib:inflate.obj
 0001:0004feae       _make_crc_table            00450eae f   lib:crc32.obj
 0001:0004fffb       _crc32_little              00450ffb f   lib:crc32.obj
 0001:0004fdea       _init_destination          00450dea f   lib:jdatadst.obj
 0001:0004fe10       _empty_output_buffer       00450e10 f   lib:jdatadst.obj
 0001:0004fe52       _term_destination          00450e52 f   lib:jdatadst.obj
 0001:0004f971       _std_huff_tables           00450971 f   lib:jcparam.obj
 0001:0004f9cb       _add_huff_table            004509cb f   lib:jcparam.obj
 0001:0004dec9       _next_marker               0044eec9 f   lib:jdmarker.obj
 0001:0004e003       _get_interesting_appn      0044f003 f   lib:jdmarker.obj
 0001:0004e12e       _examine_app0              0044f12e f   lib:jdmarker.obj
 0001:0004e33c       _examine_app14             0044f33c f   lib:jdmarker.obj
 0001:0004e3fd       _skip_variable             0044f3fd f   lib:jdmarker.obj
 0001:0004e4a0       _read_markers              0044f4a0 f   lib:jdmarker.obj
 0001:0004e6a8       _get_soi                   0044f6a8 f   lib:jdmarker.obj
 0001:0004e753       _get_sof                   0044f753 f   lib:jdmarker.obj
 0001:0004ea5c       _get_sos                   0044fa5c f   lib:jdmarker.obj
 0001:0004ed4a       _get_dht                   0044fd4a f   lib:jdmarker.obj
 0001:0004efeb       _get_dqt                   0044ffeb f   lib:jdmarker.obj
 0001:0004f247       _get_dri                   00450247 f   lib:jdmarker.obj
 0001:0004f326       _first_marker              00450326 f   lib:jdmarker.obj
 0001:0004f3c2       _read_restart_marker       004503c2 f   lib:jdmarker.obj
 0001:0004f440       _reset_marker_reader       00450440 f   lib:jdmarker.obj
 0001:0004dcad       _output_pass_setup         0044ecad f   lib:jdapistd.obj
 0001:0004d9a0       _default_decompress_parms  0044e9a0 f   lib:jdapimin.obj

 182 bytes saved through ICF

