 Quake2

 Timestamp is 4cda9257 (Wed Nov 10 15:38:47 2010)

 Preferred load address is 00400000

 Start         Length     Name                   Class
 0001:00000000 0006c320H .text                   CODE
 0002:00000000 00000290H .idata$5                DATA
 0002:00000290 00008a44H .rdata                  DATA
 0002:00008cd8 00000044H .rdata$r                DATA
 0002:00008d20 00000038H .xdata$x                DATA
 0002:00008d58 00000078H .idata$2                DATA
 0002:00008dd0 00000014H .idata$3                DATA
 0002:00008de4 00000290H .idata$4                DATA
 0002:00009074 00000858H .idata$6                DATA
 0002:000098cc 00000000H .edata                  DATA
 0003:00000000 00000004H .CRT$XCA                DATA
 0003:00000004 0000008cH .CRT$XCU                DATA
 0003:00000090 00000004H .CRT$XCZ                DATA
 0003:00000094 00000004H .CRT$XIA                DATA
 0003:00000098 00000004H .CRT$XIZ                DATA
 0003:000000a0 0000f06cH .data                   DATA
 0003:0000f110 00466fc4H .bss                    DATA
 0004:00000000 00000130H .rsrc$01                DATA
 0004:00000130 00003f20H .rsrc$02                DATA

  Address         Publics by Value              Rva+Base     Lib:Object

 0001:00000000       ??3@YAXPAX@Z               00401000 f i CoreMain.obj
 0001:0000000e       ?appTimestamp@@YAPBDXZ     0040100e f   CoreMain.obj
 0001:00000043       ?appInit@@YAXXZ            00401043 f   CoreMain.obj
 0001:000000c3       ?appExit@@YAXXZ            004010c3 f   CoreMain.obj
 0001:000000cd       ?appMilliseconds@@YAIXZ    004010cd f   CoreWin32.obj
 0001:000000d3       ?appPackage@@YAPBDXZ       004010d3 f   CoreWin32.obj
 0001:0000012a       ?appGetSystemErrorMessage@@YAPBDI@Z 0040112a f   CoreWin32.obj
 0001:0000018e       ?appDisplayError@@YAXXZ    0040118e f   CoreWin32.obj
 0001:000001df       ?appAllowFpuXcpt@@YAX_N@Z  004011df f   CoreWin32.obj
 0001:00000210       ?appInitPlatform@@YAXXZ    00401210 f   CoreWin32.obj
 0001:000003a3       ?appShutdownPlatform@@YAXXZ 004013a3 f   CoreWin32.obj
 0001:000003ac       ?sprintf@?$TString@$0BAA@@@QAAHPBDZZ 004013ac f i CoreWin32.obj
 0001:000003d3       ?appDetectCPU@@YAXXZ       004013d3 f   CoreCpuid.obj
 0001:000006cf       ?appLoadDebugSymbols@@YAXXZ 004016cf f   DbgSymbols.obj
 0001:0000088c       ?appSymbolName@@YA_NIPADH@Z 0040188c f   DbgSymbols.obj
 0001:00000982       ?appSymbolName@@YAPBDI@Z   00401982 f   DbgSymbols.obj
 0001:000009ba       ?osGetAddressPackage@@YA_NIPADHAAH@Z 004019ba f   DbgSymbolsWin32.obj
 0001:00000a4e       ?osGetAddressSymbol@@YA_NIPADHAAH@Z 00401a4e f   DbgSymbolsWin32.obj
 0001:00000bf4       ?appMalloc@@YAPAXIH@Z      00401bf4 f   Memory.obj
 0001:00000cf9       ?appFree@@YAXPAX@Z         00401cf9 f   Memory.obj
 0001:00000d78       ?Unlink@FMemHeader@@QAEXXZ 00401d78 f i Memory.obj
 0001:00000da3       ?Link@CMemoryChain@@AAEXXZ 00401da3 f   Memory.obj
 0001:00000dc2       ?Unlink@CMemoryChain@@AAEXXZ 00401dc2 f   Memory.obj
 0001:00000ded       ??2CMemoryChain@@SAPAXIH@Z 00401ded f   Memory.obj
 0001:00000eb6       ??3CMemoryChain@@SAXPAX@Z  00401eb6 f   Memory.obj
 0001:00000f37       ?Alloc@CMemoryChain@@QAEPAXIH@Z 00401f37 f   Memory.obj
 0001:00001003       ?GetSize@CMemoryChain@@QBEHXZ 00402003 f   Memory.obj
 0001:00001011       ?BuildAllocatorsTable@@YAHPAXH@Z 00402011 f   Memory.obj
 0001:0000117e       ?appInitMemory@@YAXXZ      0040217e f   Memory.obj
 0001:0000157d       ??_GCOutputDeviceNull@@UAEPAXI@Z 0040257d f i OutputDevice.obj
 0001:0000157d       ??_GCOutputDevice@@UAEPAXI@Z 0040257d f i OutputDevice.obj
 0001:0000157d       ??_ECOutputDeviceNull@@UAEPAXI@Z 0040257d f i OutputDevice.obj
 0001:0000157d       ??_ECOutputDevice@@UAEPAXI@Z 0040257d f i OutputDevice.obj
 0001:000015c0       ?Write@COutputDeviceLog@@UAEXPBD@Z 004025c0 f i OutputDevice.obj
 0001:0000160b       ??_GCOutputDeviceLog@@UAEPAXI@Z 0040260b f i OutputDevice.obj
 0001:0000160b       ??_ECOutputDeviceLog@@UAEPAXI@Z 0040260b f i OutputDevice.obj
 0001:0000162b       ?Printf@COutputDevice@@QAAXPBDZZ 0040262b f   OutputDevice.obj
 0001:0000169c       ?Register@COutputDevice@@QAEXXZ 0040269c f   OutputDevice.obj
 0001:000016f8       ?Unregister@COutputDevice@@QAEXXZ 004026f8 f   OutputDevice.obj
 0001:0000174b       ?appPrintf@@YAXPBDZZ       0040274b f   OutputDevice.obj
 0001:00001882       ?appWPrintf@@YAXPBDZZ      00402882 f   OutputDevice.obj
 0001:000018e5       ??0COutputDeviceMemTail@@QAE@H@Z 004028e5 f i ErrorMgr.obj
 0001:00001916       ?Write@COutputDeviceMemTail@@UAEXPBD@Z 00402916 f i ErrorMgr.obj
 0001:00001a32       ??_GCOutputDeviceMemTail@@UAEPAXI@Z 00402a32 f i ErrorMgr.obj
 0001:00001a32       ??_ECOutputDeviceMemTail@@UAEPAXI@Z 00402a32 f i ErrorMgr.obj
 0001:00001a51       ??1COutputDeviceMemTail@@UAE@XZ 00402a51 f i ErrorMgr.obj
 0001:00001a9a       ??0COutputDeviceFile@@QAE@XZ 00402a9a f i ErrorMgr.obj
 0001:00001aaf       ?Write@COutputDeviceFile@@UAEXPBD@Z 00402aaf f i ErrorMgr.obj
 0001:00001b06       ?Flush@COutputDeviceFile@@UAEXXZ 00402b06 f i ErrorMgr.obj
 0001:00001b16       ?Close@COutputDeviceFile@@UAEXXZ 00402b16 f i ErrorMgr.obj
 0001:00001b2e       ??_ECOutputDeviceFile@@UAEPAXI@Z 00402b2e f i ErrorMgr.obj
 0001:00001b2e       ??_GCOutputDeviceFile@@UAEPAXI@Z 00402b2e f i ErrorMgr.obj
 0001:00001b4d       ??1COutputDeviceFile@@UAE@XZ 00402b4d f i ErrorMgr.obj
 0001:00001b8c       ?appBeginError@@YAPAVCOutputDevice@@PBD@Z 00402b8c f   ErrorMgr.obj
 0001:00001c56       ?appGetErrorLog@@YAPAVCOutputDevice@@XZ 00402c56 f   ErrorMgr.obj
 0001:00001cc1       ?Open@COutputDeviceFile@@QAEXPBD_N@Z 00402cc1 f i ErrorMgr.obj
 0001:00001d07       ?appFatalError@@YAXPBDZZ   00402d07 f   ErrorMgr.obj
 0001:00001d5d       ?appNonFatalError@@YAXPBDZZ 00402d5d f   ErrorMgr.obj
 0001:00001dbf       ?appUnwindPrefix@@YAXPBD@Z 00402dbf f   ErrorMgr.obj
 0001:00001e71       ?appUnwindThrow@@YAXPBDZZ  00402e71 f   ErrorMgr.obj
 0001:00001ee7       ?Reset@CErrorHandler@@QAEXXZ 00402ee7 f   ErrorMgr.obj
 0001:00001f17       ?appInitError@@YAXXZ       00402f17 f   ErrorMgr.obj
 0001:0000200c       ?appShutdownError@@YAXXZ   0040300c f   ErrorMgr.obj
 0001:00002096       ?GetTail@COutputDeviceMemTail@@QAEPBDH@Z 00403096 f i ErrorMgr.obj
 0001:000020bc       ?sprintf@?$TString@$0CAA@@@QAAHPBDZZ 004030bc f i ErrorMgr.obj
 0001:000020e3       ?win32ExceptFilter@@YGJPAU_EXCEPTION_POINTERS@@@Z 004030e3 f   ExceptHandlerWin32.obj
 0001:000022ac       ?win32ExceptFilter2@@YAIXZ 004032ac f   ExceptHandlerWin32.obj
 0001:000022b5       ?sprintf@?$TString@$0EAA@@@QAAHPBDZZ 004032b5 f i ExceptHandlerWin32.obj
 0001:000022dc       ?DumpRegs@@YAXPAVCOutputDevice@@PAU_CONTEXT@@@Z 004032dc f   ExceptDumpers.obj
 0001:000023ed       ?DumpMem@@YAXPAVCOutputDevice@@PBIPAU_CONTEXT@@@Z 004033ed f   ExceptDumpers.obj
 0001:0000262c       ?UnwindEbpFrame@@YAXPAVCOutputDevice@@PBI@Z 0040362c f   ExceptDumpers.obj
 0001:000026bd       ?GetLine@CSimpleParser@@QAEPBDXZ 004036bd f   ScriptParser.obj
 0001:000027d4       ?SkipBraces@CSimpleParser@@QAEPBDXZ 004037d4 f   ScriptParser.obj
 0001:0000280a       ?appStricmp@@YAHPBD0@Z     0040380a f   Strings.obj
 0001:00002841       ?toLower@@YADD@Z           00403841 f i Strings.obj
 0001:0000285c       ?appStrncpylwr@@YAXPADPBDH@Z 0040385c f   Strings.obj
 0001:00002894       ?appStrncpyz@@YAXPADPBDH@Z 00403894 f   Strings.obj
 0001:000028c1       ?appStrcatn@@YAXPADHPBD@Z  004038c1 f   Strings.obj
 0001:000028ed       ?appCopyFilename@@YAXPADPBDH@Z 004038ed f   Strings.obj
 0001:00002a15       ?appCStrlen@@YAHPBD@Z      00403a15 f   Strings.obj
 0001:00002a3d       ?appUncolorizeString@@YAXPADPBD@Z 00403a3d f   Strings.obj
 0001:00002a6f       ?va@@YAPBDPBDZZ            00403a6f f   Strings.obj
 0001:00002b63       ?appSprintf@@YAHPADHPBDZZ  00403b63 f   Strings.obj
 0001:00002c02       ?appMatchWildcard@@YA_NPBD0_N@Z 00403c02 f   Strings.obj
 0001:00002e46       ?appIsWildcard@@YA_NPBD@Z  00403e46 f   Strings.obj
 0001:00002e72       ?appStrdup@@YAPADPBD@Z     00403e72 f   Strings.obj
 0001:00002eb3       ?appStrdup@@YAPADPBDPAVCMemoryChain@@@Z 00403eb3 f   Strings.obj
 0001:00002ee8       ??0CStringItem@@QAE@XZ     00403ee8 f   Strings.obj
 0001:00002ef3       ??2CStringItem@@SAPAXIPBD@Z 00403ef3 f   Strings.obj
 0001:00002f8d       ??2CStringItem@@SAPAXIPBDPAVCMemoryChain@@@Z 00403f8d f   Strings.obj
 0001:00003002       ?Find@CStringList@@IAEPAVCStringItem@@PBDPAPAV2@@Z 00404002 f   Strings.obj
 0001:0000308d       ?Find@CStringList@@IAEPAVCStringItem@@H@Z 0040408d f   Strings.obj
 0001:000030f9       ?IndexOf@CStringList@@QAEHPBD@Z 004040f9 f   Strings.obj
 0001:0000317b       ?Remove@CStringList@@QAE_NPAVCStringItem@@@Z 0040417b f   Strings.obj
 0001:000031ff       ?Add@CTextContainer@@QAEPAUCTextRec@@PBD@Z 004041ff f   TextContainer.obj
 0001:000032ab       ?Enumerate@CTextContainer@@QAEXP6AXPBUCTextRec@@@Z@Z 004042ab f   TextContainer.obj
 0001:00003317       ?SubtractPath@@YAPBDPBD0@Z 00404317 f   FileSystem.obj
 0001:000033af       ?appMakeDirectoryForFile@@YAXPBD@Z 004043af f   FileSystem.obj
 0001:000033e5       ?appOpenFile@@YAPAVCFile@@PBD@Z 004043e5 f   FileSystem.obj
 0001:00003422       ?Read@CFileOS@@UAEHPAXH@Z  00404422 f i FileSystem.obj
 0001:00003449       ?GetSize@CFileOS@@UAEHXZ   00404449 f i FileSystem.obj
 0001:00003494       ?Eof@CFileOS@@UAE_NXZ      00404494 f i FileSystem.obj
 0001:000034a8       ??_GCFileOS@@UAEPAXI@Z     004044a8 f i FileSystem.obj
 0001:000034a8       ??_ECFileOS@@UAEPAXI@Z     004044a8 f i FileSystem.obj
 0001:000034dd       ??_GCFile@@UAEPAXI@Z       004044dd f i FileSystem.obj
 0001:000034dd       ??_ECFile@@UAEPAXI@Z       004044dd f i FileSystem.obj
 0001:000034fd       ?ReadByte@CFile@@QAEEXZ    004044fd f   FileSystem.obj
 0001:00003515       ?ReadInt@CFile@@QAEHXZ     00404515 f   FileSystem.obj
 0001:0000352d       ?ReadString@CFile@@QAEXPADH@Z 0040452d f   FileSystem.obj
 0001:0000356a       ?GetType@CFileContainer@@MAEPBDXZ 0040456a f   FileSystem.obj
 0001:00003570       ?Mount@CFileSystem@@QAEXAAVCFileContainer@@PBD@Z 00404570 f   FileSystem.obj
 0001:000035c6       ?Umount@CFileSystem@@QAEXAAVCFileContainer@@@Z 004045c6 f   FileSystem.obj
 0001:00003600       ?MountDirectory@CFileSystem@@QAEPAVCFileContainer@@PBD0@Z 00404600 f   FileSystem.obj
 0001:00003645       ?GetType@CFileContainerOS@@MAEPBDXZ 00404645 f i FileSystem.obj
 0001:0000364b       ?FileExists@CFileContainerOS@@UAE_NPBD@Z 0040464b f i FileSystem.obj
 0001:00003675       ?OpenFile@CFileContainerOS@@UAEPAVCFile@@PBD@Z 00404675 f i FileSystem.obj
 0001:00003695       ?List@CFileContainerOS@@UAEXAAVCFileList@@PBDI@Z 00404695 f i FileSystem.obj
 0001:000036be       ??_GCFileContainerOS@@UAEPAXI@Z 004046be f i FileSystem.obj
 0001:000036be       ??_ECFileContainerOS@@UAEPAXI@Z 004046be f i FileSystem.obj
 0001:000036de       ??_GCFileContainer@@UAEPAXI@Z 004046de f i FileSystem.obj
 0001:000036de       ??_ECFileContainer@@UAEPAXI@Z 004046de f i FileSystem.obj
 0001:000036fe       ?MountArchive@CFileSystem@@QAEPAVCFileContainer@@PBD0@Z 004046fe f   FileSystem.obj
 0001:00003815       ?Mount@CFileSystem@@QAEXPBD0@Z 00404815 f   FileSystem.obj
 0001:00003a46       ?Umount@CFileSystem@@QAEXPBD@Z 00404a46 f   FileSystem.obj
 0001:00003ae2       ?List@CFileSystem@@UAEPAVCFileList@@PBDIPAV2@@Z 00404ae2 f   FileSystem.obj
 0001:00003c9c       ?RegisterFormat@CFileSystem@@SAXP6APAVCFileContainer@@PBDPAU_iobuf@@@Z@Z 00404c9c f   FileSystem.obj
 0001:00003ce0       ?FileExists@CFileSystem@@UAE_NPBDI@Z 00404ce0 f   FileSystem.obj
 0001:00003d5f       ?OpenFile@CFileSystem@@UAEPAVCFile@@PBDI@Z 00404d5f f   FileSystem.obj
 0001:00003e03       ?LoadFile@CFileSystem@@QAEPAXPBDPAI@Z 00404e03 f   FileSystem.obj
 0001:00003ed3       ?cMount@@YAX_NHPAPAD@Z     00404ed3 f   FileSystem.obj
 0001:00004011       ?cUmount@@YAX_NHPAPAD@Z    00405011 f   FileSystem.obj
 0001:00004040       ?appInitFileSystem@@YAXAAVCFileSystem@@@Z 00405040 f   FileSystem.obj
 0001:00004434       ?appListDirectory@@YAXPBDAAVCFileList@@I@Z 00405434 f   FileSystemWin32.obj
 0001:0000467a       ?appMakeDirectory@@YAXPBD@Z 0040567a f   FileSystemWin32.obj
 0001:000046e4       ?appFileType@@YAIPBD@Z     004056e4 f   FileSystemWin32.obj
 0001:00004724       ?FindDir@CFileContainerArc@@IAEPAVFDirInfo@1@PBD_N@Z 00405724 f   FileContainerArc.obj
 0001:000047dd       ?FindFile@CFileContainerArc@@IAEPAVCStringItem@@PBD@Z 004057dd f   FileContainerArc.obj
 0001:00004847       ?FileExists@CFileContainerArc@@UAE_NPBD@Z 00405847 f   FileContainerArc.obj
 0001:0000485c       ?OpenFile@CFileContainerArc@@UAEPAVCFile@@PBD@Z 0040585c f   FileContainerArc.obj
 0001:0000487b       ?List@CFileContainerArc@@UAEXAAVCFileList@@PBDI@Z 0040587b f   FileContainerArc.obj
 0001:000049e6       ??E?$TStringSplitter@$0BAA@$0CP@@@QAEXXZ 004059e6 f i FileContainerArc.obj
 0001:00004a68       ?GetLength@CVec3@@QBEMXZ   00405a68 f   Math3D.obj
 0001:00004a93       ?Normalize@CVec3@@QAEMXZ   00405a93 f   Math3D.obj
 0001:00004ae5       ?VectorNormalize@@YAMABUCVec3@@AAU1@@Z 00405ae5 f   Math3D.obj
 0001:00004b4f       ?NormalizeFast@CVec3@@QAEMXZ 00405b4f f   Math3D.obj
 0001:00004ba0       ?FindAxisVectors@CVec3@@QBEXAAU1@0@Z 00405ba0 f   Math3D.obj
 0001:00004c10       ?cross@@YAXABUCVec3@@0AAU1@@Z 00405c10 f   Math3D.obj
 0001:00004c4c       ?VectorDistance@@YAMABUCVec3@@0@Z 00405c4c f   Math3D.obj
 0001:00004c7b       ?Setup@CPlane@@QAEXXZ      00405c7b f   Math3D.obj
 0001:00004d29       ?Clear@CBox@@QAEXXZ        00405d29 f   Math3D.obj
 0001:00004d47       ?Expand@CBox@@QAEXABUCVec3@@@Z 00405d47 f   Math3D.obj
 0001:00004d79       ?Expand@CBox@@QAEXABU1@@Z  00405d79 f   Math3D.obj
 0001:00004db8       ?GetCenter@CBox@@QBEXAAUCVec3@@@Z 00405db8 f   Math3D.obj
 0001:00004ddb       ?Contains@CBox@@QBE_NABUCVec3@@@Z 00405ddb f   Math3D.obj
 0001:00004e0f       ?Intersects@CBox@@QBE_NABU1@@Z 00405e0f f   Math3D.obj
 0001:00004e4e       ?OnPlaneSide@CBox@@QBEHABUCPlane@@@Z 00405e4e f   Math3D.obj
 0001:00004f7d       ?FromEuler@CAxis@@QAEXABUCVec3@@@Z 00405f7d f   Math3D.obj
 0001:00004fbc       ?TransformVector@CAxis@@QBEXABUCVec3@@AAU2@@Z 00405fbc f   Math3D.obj
 0001:0000500f       ?UnTransformVector@CAxis@@QBEXABUCVec3@@AAU2@@Z 0040600f f   Math3D.obj
 0001:00005073       ?UnTransformAxis@CAxis@@QBEXABU1@AAU1@@Z 00406073 f   Math3D.obj
 0001:000050b9       ?TransformPoint@CCoords@@QBEXABUCVec3@@AAU2@@Z 004060b9 f   Math3D.obj
 0001:00005119       ?UnTransformPoint@CCoords@@QBEXABUCVec3@@AAU2@@Z 00406119 f   Math3D.obj
 0001:00005186       ?UnTransformCoords@CCoords@@QBEXABU1@AAU1@@Z 00406186 f   Math3D.obj
 0001:000051b2       ?TransformPlane@CCoords@@QBEXABUCPlane@@AAU2@@Z 004061b2 f   Math3D.obj
 0001:000051ec       ?TransformPoint@@YAXABUCVec3@@ABUCAxis@@0AAU1@@Z 004061ec f   Math3D.obj
 0001:0000524f       ?UnTransformPoint@@YAXABUCVec3@@ABUCAxis@@0AAU1@@Z 0040624f f   Math3D.obj
 0001:000052bf       ?Euler2Vecs@@YAXABUCVec3@@PAU1@11@Z 004062bf f   Math3D.obj
 0001:0000541f       ?Vec2Euler@@YAXABUCVec3@@AAU1@@Z 0040641f f   Math3D.obj
 0001:00005521       ?Vec2Yaw@@YAMABUCVec3@@@Z  00406521 f   Math3D.obj
 0001:00005594       ?appRsqrt@@YAMM@Z          00406594 f   MathMisc.obj
 0001:000055c0       ?NormalizeColor@@YAMABUCVec3@@AAU1@@Z 004065c0 f   MathMisc.obj
 0001:0000561e       ?NormalizeColor255@@YAMABUCVec3@@AAU1@@Z 0040661e f   MathMisc.obj
 0001:00005680       ?SCR_StopCinematic@@YAXXZ  00406680 f   cl_cin.obj
 0001:00005714       ?SCR_DrawCinematic@@YA_NXZ 00406714 f   cl_cin.obj
 0001:00005b0b       ?SCR_PlayCinematic@@YAXPBD@Z 00406b0b f   cl_cin.obj
 0001:00005e62       ?sprintf@?$TString@$0EA@@@QAAHPBDZZ 00406e62 f i cl_cin.obj
 0001:00005e83       ?CL_Download_f@@YAX_NHPAPAD@Z 00406e83 f   cl_download.obj
 0001:00006230       ?CL_ParseDownload@@YAXXZ   00407230 f   cl_download.obj
 0001:00006a5f       ?CL_Precache_f@@YAXHPAPAD@Z 00407a5f f   cl_download.obj
 0001:00006aba       ?sprintf@?$TString@$0IA@@@QAAHPBDZZ 00407aba f i cl_download.obj
 0001:00006ade       ?CL_ParseDelta@@YAXPAUclEntityState_t@@0HI_N@Z 00407ade f   cl_ents.obj
 0001:00006c5e       ?CL_ParseFrame@@YAXXZ      00407c5e f   cl_ents.obj
 0001:00007313       ?CL_AddEntityBox@@YAXPAUclEntityState_t@@I@Z 00408313 f   cl_ents.obj
 0001:00007417       ?Lerp@@YAXABUCVec3@@0MAAU1@@Z 00408417 f i cl_ents.obj
 0001:0000744e       ?OffsetThirdPersonView@@YAXXZ 0040844e f   cl_ents.obj
 0001:00007536       ?CL_AddEntities@@YAXXZ     00408536 f   cl_ents.obj
 0001:00008477       ?CL_ClearLightStyles@@YAXXZ 00409477 f   cl_fx.obj
 0001:000084f9       ?CL_SetLightstyle@@YAXHPBD@Z 004094f9 f   cl_fx.obj
 0001:0000855a       ?CL_AllocDlight@@YAPAUcdlight_t@@HABUCVec3@@@Z 0040955a f   cl_fx.obj
 0001:000085c5       ?CL_AllocParticleTrace@@YAPAUparticleTrace_t@@ABUCVec3@@0MM@Z 004095c5 f   cl_fx.obj
 0001:00008654       ?CL_AllocParticleBeam@@YAPAUbeam_t@@ABUCVec3@@0MM@Z 00409654 f   cl_fx.obj
 0001:000086c9       ?CL_AllocParticle@@YAPAUparticle_t@@XZ 004096c9 f   cl_fx.obj
 0001:0000871c       ?CL_MetalSparks@@YAXABUCVec3@@0H@Z 0040971c f   cl_fx.obj
 0001:0000881a       ?CL_AddEffects@@YAXXZ      0040981a f   cl_fx.obj
 0001:00008f0e       ?CL_ClearEffects@@YAXXZ    00409f0e f   cl_fx.obj
 0001:00008f90       ?CL_EntityEvent@@YAXPAUclEntityState_t@@@Z 00409f90 f   cl_fx.obj
 0001:00009147       ?CL_ParseMuzzleFlash@@YAXXZ 0040a147 f   cl_fx.obj
 0001:000094b7       ?CL_ParseMuzzleFlash2@@YAXXZ 0040a4b7 f   cl_fx.obj
 0001:0000992d       ?CL_ParticleEffect@@YAXABUCVec3@@0HH@Z 0040a92d f   cl_fx.obj
 0001:00009b16       ?CL_ParticleEffect2@@YAXABUCVec3@@0HH@Z 0040ab16 f   cl_fx.obj
 0001:00009b3e       ?CL_ParticleEffect3@@YAXABUCVec3@@0HH@Z 0040ab3e f   cl_fx.obj
 0001:00009b66       ?CL_TeleporterParticles@@YAXPAUclEntityState_t@@@Z 0040ab66 f   cl_fx.obj
 0001:00009b88       ?CL_LogoutEffect@@YAXABUCVec3@@H@Z 0040ab88 f   cl_fx.obj
 0001:00009bc0       ?CL_ItemRespawnParticles@@YAXABUCVec3@@@Z 0040abc0 f   cl_fx.obj
 0001:00009bde       ?CL_ExplosionParticles@@YAXABUCVec3@@@Z 0040abde f   cl_fx.obj
 0001:00009bff       ?CL_BFGExplosionParticles@@YAXABUCVec3@@@Z 0040abff f   cl_fx.obj
 0001:00009c20       ?CL_TrackerExplosionParticles@@YAXABUCVec3@@@Z 0040ac20 f   cl_fx.obj
 0001:00009c41       ?CL_BlasterParticles@@YAXABUCVec3@@0I@Z 0040ac41 f   cl_fx.obj
 0001:00009c68       ?CL_BlasterTrail@@YAXAAUcentity_t@@@Z 0040ac68 f   cl_fx.obj
 0001:00009d6f       ?CL_BlasterTrail2@@YAXAAUcentity_t@@@Z 0040ad6f f   cl_fx.obj
 0001:00009d86       ?CL_FlagTrail@@YAXAAUcentity_t@@H@Z 0040ad86 f   cl_fx.obj
 0001:00009da5       ?CL_RocketTrail@@YAXAAUcentity_t@@@Z 0040ada5 f   cl_fx.obj
 0001:00009de4       ?CL_BubbleTrail@@YAXABUCVec3@@0@Z 0040ade4 f   cl_fx.obj
 0001:00009e80       ?CL_BubbleTrail2@@YAXABUCVec3@@0@Z 0040ae80 f   cl_fx.obj
 0001:00009e9a       ?CL_TagTrail@@YAXAAUcentity_t@@@Z 0040ae9a f   cl_fx.obj
 0001:00009eb1       ?CL_DebugTrail@@YAXABUCVec3@@0@Z 0040aeb1 f   cl_fx.obj
 0001:00009ecb       ?CL_ForceWall@@YAXABUCVec3@@0H@Z 0040aecb f   cl_fx.obj
 0001:00009eed       ?CL_BigTeleportParticles@@YAXABUCVec3@@@Z 0040aeed f   cl_fx.obj
 0001:0000a028       ?CL_BfgParticles@@YAXABUCVec3@@@Z 0040b028 f   cl_fx.obj
 0001:0000a1a2       ?CL_FlyEffect@@YAXAAUcentity_t@@@Z 0040b1a2 f   cl_fx.obj
 0001:0000a32e       ?CL_DiminishingTrail@@YAXAAUcentity_t@@H@Z 0040b32e f   cl_fx.obj
 0001:0000a488       ?CL_RailTrail@@YAXABUCVec3@@0@Z 0040b488 f   cl_fx.obj
 0001:0000a5fa       ?CL_RailTrailExt@@YAXABUCVec3@@0EE@Z 0040b5fa f   cl_fx.obj
 0001:0000a73f       ?CL_IonripperTrail@@YAXAAUcentity_t@@@Z 0040b73f f   cl_fx.obj
 0001:0000a899       ?CL_TrapParticles@@YAXABUCVec3@@@Z 0040b899 f   cl_fx.obj
 0001:0000aa0c       ?CL_TeleportParticles@@YAXABUCVec3@@@Z 0040ba0c f   cl_fx.obj
 0001:0000ab42       ?CL_Heatbeam@@YAXABUCVec3@@0@Z 0040bb42 f   cl_fx.obj
 0001:0000ade8       ?CL_ParticleSteamEffect@@YAXABUCVec3@@0HHH@Z 0040bde8 f   cl_fx.obj
 0001:0000af1e       ?CL_ParticleSmokeEffect@@YAXABUCVec3@@0@Z 0040bf1e f   cl_fx.obj
 0001:0000b037       ?CL_TrackerTrail@@YAXAAUcentity_t@@@Z 0040c037 f   cl_fx.obj
 0001:0000b1b1       ?CL_TrackerShell@@YAXABUCVec3@@@Z 0040c1b1 f   cl_fx.obj
 0001:0000b23d       ?CL_MonsterPlasmaShell@@YAXABUCVec3@@@Z 0040c23d f   cl_fx.obj
 0001:0000b2c6       ?CL_WidowSplash@@YAXABUCVec3@@@Z 0040c2c6 f   cl_fx.obj
 0001:0000b3a7       ?CL_InitInput@@YAXXZ       0040c3a7 f   cl_input.obj
 0001:0000b955       ?CL_SendCmd@@YAXXZ         0040c955 f   cl_input.obj
 0001:0000bf66       ?CL_WriteDemoMessage@@YAXXZ 0040cf66 f   cl_main.obj
 0001:0000bfa8       ?Cmd_ForwardToServer@@YAXHPAPAD@Z 0040cfa8 f   cl_main.obj
 0001:0000c06d       ?CL_ForwardToServer_f@@YAXHPAPAD@Z 0040d06d f   cl_main.obj
 0001:0000c0b6       ?CL_Pause@@YAX_N@Z         0040d0b6 f   cl_main.obj
 0001:0000c0fb       ?CL_Drop@@YAX_N@Z          0040d0fb f   cl_main.obj
 0001:0000c126       ?CL_SendConnectPacket@@YAXXZ 0040d126 f   cl_main.obj
 0001:0000c18c       ?CL_Connect_f@@YAX_NHPAPAD@Z 0040d18c f   cl_main.obj
 0001:0000c1f9       ?CL_Rcon_f@@YAXHPAPAD@Z    0040d1f9 f   cl_main.obj
 0001:0000c2e5       ?CL_Disconnect@@YAXXZ      0040d2e5 f   cl_main.obj
 0001:0000c490       ?CL_Disconnect_f@@YAXXZ    0040d490 f   cl_main.obj
 0001:0000c49a       ?CL_Changing_f@@YAXXZ      0040d49a f   cl_main.obj
 0001:0000c4c2       ?CL_Reconnect_f@@YAXXZ     0040d4c2 f   cl_main.obj
 0001:0000c55e       ?CL_PingServers_f@@YAXXZ   0040d55e f   cl_main.obj
 0001:0000c919       ?CL_ConnectionlessPacket@@YAXXZ 0040d919 f   cl_main.obj
 0001:0000ca16       ?CL_Userinfo_f@@YAXXZ      0040da16 f   cl_main.obj
 0001:0000ca31       ?CL_RegisterSounds@@YAXXZ  0040da31 f   cl_main.obj
 0001:0000ca70       ?CL_Snd_Restart_f@@YAXXZ   0040da70 f   cl_main.obj
 0001:0000ca7f       ?CL_WriteConfiguration@@YAXPBD@Z 0040da7f f   cl_main.obj
 0001:0000cb66       ?CL_WriteConfig_f@@YAX_NHPAPAD@Z 0040db66 f   cl_main.obj
 0001:0000cbd0       ?CL_FixCvarCheats@@YAXXZ   0040dbd0 f   cl_main.obj
 0001:0000cc21       ?CL_Frame@@YAXMM@Z         0040dc21 f   cl_main.obj
 0001:0000d089       ?CL_ClearState@@YAXXZ      0040e089 f   cl_main.obj
 0001:0000d0c7       ?CL_Init@@YAXXZ            0040e0c7 f   cl_main.obj
 0001:0000d576       ?CL_Shutdown@@YAXXZ        0040e576 f   cl_main.obj
 0001:0000d5d2       ?CL_ParseClientinfo@@YAXH@Z 0040e5d2 f   cl_parse.obj
 0001:0000d68a       ?CL_UpdatePlayerClientInfo@@YAXXZ 0040e68a f   cl_parse.obj
 0001:0000d6cb       ?CL_ParseServerMessage@@YAXXZ 0040e6cb f   cl_parse.obj
 0001:0000deb1       ?FreePlayerModelsInfo@@YAXXZ 0040eeb1 f   cl_playermodel.obj
 0001:0000ded7       ?ScanPlayerModels@@YA_NXZ  0040eed7 f   cl_playermodel.obj
 0001:0000e2d1       ?RunAnimation@@YAXAAUclientInfo_t@@AAUanimState_t@@H@Z 0040f2d1 f   cl_playermodel.obj
 0001:0000e4bf       ?CL_LoadClientinfo@@YAXAAUclientInfo_t@@PBD_N@Z 0040f4bf f   cl_playermodel.obj
 0001:0000f14b       ?ParsePlayerEntity@@YAHAAUcentity_t@@AAUclientInfo_t@@PAUclEntityState_t@@ABUentity_t@@PAU4@HH@Z 0041014b f   cl_playermodel.obj
 0001:0000fcba       ?CreateAndInsert@?$TList@VCStringItem@@@@QAEPAVCStringItem@@PBDPAVCMemoryChain@@@Z 00410cba f i cl_playermodel.obj
 0001:0000fcf2       ?CL_CheckPredictionError@@YAXXZ 00410cf2 f   cl_pred.obj
 0001:0000fe94       ?CL_EntityTrace@@YAXAAUtrace_t@@ABUCVec3@@1ABUCBox@@H@Z 00410e94 f   cl_pred.obj
 0001:000101ee       ?CL_Trace@@YAXAAUtrace_t@@ABUCVec3@@1ABUCBox@@H@Z 004111ee f   cl_pred.obj
 0001:0001029f       ?CL_PMpointcontents@@YAHABUCVec3@@@Z 0041129f f   cl_pred.obj
 0001:00010435       ?CL_PredictMovement@@YAXXZ 00411435 f   cl_pred.obj
 0001:000107fc       ?DrawString@@YAXHHPBD@Z    004117fc f   cl_scrn.obj
 0001:00010841       ?SCR_DebugGraph@@YAXMH@Z   00411841 f   cl_scrn.obj
 0001:0001086b       ?SCR_CenterPrint@@YAXPBD@Z 0041186b f   cl_scrn.obj
 0001:00010971       ?Key_Message@@YAXH@Z       00411971 f   cl_scrn.obj
 0001:00010a11       ?SCR_SetLevelshot@@YAXPBD@Z 00411a11 f   cl_scrn.obj
 0001:00010b0c       ?SCR_BeginLoadingPlaque@@YAX_N@Z 00411b0c f   cl_scrn.obj
 0001:00010ba2       ?SCR_EndLoadingPlaque@@YAX_N@Z 00411ba2 f   cl_scrn.obj
 0001:00010c27       ?SCR_LoadingNotify@@YAXPBDM@Z 00411c27 f   cl_scrn.obj
 0001:00010c50       ?SCR_ShowConsole@@YAX_N0@Z 00411c50 f   cl_scrn.obj
 0001:00010d15       ?SCR_ToggleConsole@@YAXXZ  00411d15 f   cl_scrn.obj
 0001:00010d3d       ?SCR_TouchPics@@YAXXZ      00411d3d f   cl_scrn.obj
 0001:00010d91       ?SCR_UpdateScreen@@YAXXZ   00411d91 f   cl_scrn.obj
 0001:00012119       ?SCR_Init@@YAXXZ           00413119 f   cl_scrn.obj
 0001:0001244a       ?sprintf@?$TString@$0BA@@@QAAHPBDZZ 0041344a f i cl_scrn.obj
 0001:0001246b       ?CL_RegisterTEntSounds@@YAXXZ 0041346b f   cl_tent.obj
 0001:000126c0       ?CL_RegisterTEntModels@@YAXXZ 004136c0 f   cl_tent.obj
 0001:00012811       ?CL_ClearTEnts@@YAXXZ      00413811 f   cl_tent.obj
 0001:00012842       ?CL_SmokeAndFlash@@YAXABUCVec3@@@Z 00413842 f   cl_tent.obj
 0001:000129da       ?CL_ParseTEnt@@YAXXZ       004139da f   cl_tent.obj
 0001:00013d00       ?CL_AddTEnts@@YAXXZ        00414d00 f   cl_tent.obj
 0001:00014705       ?V_AddEntity@@YAXPAUentity_t@@@Z 00415705 f   cl_view.obj
 0001:00014743       ?V_AddEntity2@@YAXPAUentity_t@@@Z 00415743 f   cl_view.obj
 0001:00014775       ?AddEntityWithEffects2@@YAXPAUentity_t@@I@Z 00415775 f   cl_view.obj
 0001:00014816       ?AddEntityWithEffects@@YAXPAUentity_t@@I@Z 00415816 f   cl_view.obj
 0001:00014837       ?V_AddLight@@YAXABUCVec3@@MMMM@Z 00415837 f   cl_view.obj
 0001:0001487c       ?V_InitRenderer@@YAXXZ     0041587c f   cl_view.obj
 0001:00014c9d       ?CalcFov@@YAMMMM@Z         00415c9d f   cl_view.obj
 0001:00014d0b       ?V_RenderView@@YA_NXZ      00415d0b f   cl_view.obj
 0001:00015cb5       ?V_Init@@YAXXZ             00416cb5 f   cl_view.obj
 0001:00015dfa       ?Con_ClearNotify@@YAXXZ    00416dfa f   console.obj
 0001:00015e09       ?Con_CheckResize@@YAXXZ    00416e09 f   console.obj
 0001:00015f3b       ?Write@COutputDeviceCon@@UAEXPBD@Z 00416f3b f   console.obj
 0001:00016141       ?Con_DrawNotify@@YAX_N@Z   00417141 f   console.obj
 0001:0001633a       ?Con_DrawConsole@@YAXM@Z   0041733a f   console.obj
 0001:00016695       ?Con_ClearTyping@@YAXXZ    00417695 f   console.obj
 0001:000166ae       ?Key_Console@@YAXHH@Z      004176ae f   console.obj
 0001:00016afb       ?Con_Init@@YAXXZ           00417afb f   console.obj
 0001:00016c69       ?Key_KeynumToString@@YAPBDH@Z 00417c69 f   keys.obj
 0001:00016d2f       ?Draw@completeMenu_t@@UAEXXZ 00417d2f f i keys.obj
 0001:00016d60       ?KeyDown@completeMenu_t@@UAEPBDH@Z 00417d60 f i keys.obj
 0001:00016d8c       ?Init@completeMenu_t@@UAE_NXZ 00417d8c f i keys.obj
 0001:00016eb3       ?CompleteMenuCallback@completeMenu_t@@SAXPAX@Z 00417eb3 f i keys.obj
 0001:00016f44       ?CompleteCommand@@YAXXZ    00417f44 f   keys.obj
 0001:00017655       ?Key_SetBinding@@YAXHPBD@Z 00418655 f   keys.obj
 0001:00017695       ?Key_FindBinding@@YAHPBDPAHH@Z 00418695 f   keys.obj
 0001:000176e3       ?Key_WriteBindings@@YAXPAVCOutputDevice@@@Z 004186e3 f   keys.obj
 0001:0001772d       ?Key_Init@@YAXXZ           0041872d f   keys.obj
 0001:00017a11       ?Key_Event@@YAXH_N@Z       00418a11 f   keys.obj
 0001:00017d70       ?Key_ClearStates@@YAXXZ    00418d70 f   keys.obj
 0001:00017da5       ?M_ForceMenuOn@@YAXXZ      00418da5 f   menu.obj
 0001:00017dc4       ?Draw@menuMain_t@@UAEXXZ   00418dc4 f i menu.obj
 0001:00017f00       ?KeyDown@menuMain_t@@UAEPBDH@Z 00418f00 f i menu.obj
 0001:00017fc1       ?Init@menuMain_t@@UAE_NXZ  00418fc1 f i menu.obj
 0001:00017fc9       ?M_Menu_Main_f@@YAXXZ      00418fc9 f   menu.obj
 0001:00017fe3       ?Init@multiplayerMenu_t@@UAE_NXZ 00418fe3 f i menu.obj
 0001:00018107       ?Init@keysMenu_t@@UAE_NXZ  00419107 f i menu.obj
 0001:000182f5       ?KeyCursorDrawFunc@keysMenu_t@@SAXPAUmenuFramework_t@@@Z 004192f5 f i menu.obj
 0001:00018338       ?DrawKeyBindingFunc@keysMenu_t@@SAXPAX@Z 00419338 f i menu.obj
 0001:000183f8       ?KeyDown@keysMenu_t@@UAEPBDH@Z 004193f8 f i menu.obj
 0001:000184a5       ?UnbindCommand@keysMenu_t@@QAEXPAD@Z 004194a5 f i menu.obj
 0001:000184ea       ?KeyBindingFunc@keysMenu_t@@QAEXPAX@Z 004194ea f i menu.obj
 0001:0001854c       ?Init@optionsMenu_t@@UAE_NXZ 0041954c f i menu.obj
 0001:000188ff       ?CrosshairFunc@optionsMenu_t@@SAXPAX@Z 004198ff f i menu.obj
 0001:00018927       ?JoystickFunc@optionsMenu_t@@SAXPAX@Z 00419927 f i menu.obj
 0001:0001893c       ?AlwaysRunFunc@optionsMenu_t@@SAXPAX@Z 0041993c f i menu.obj
 0001:00018951       ?MouseSpeedFunc@optionsMenu_t@@SAXPAX@Z 00419951 f i menu.obj
 0001:0001896e       ?InvertMouseFunc@optionsMenu_t@@SAXPAX@Z 0041996e f i menu.obj
 0001:000189a7       ?UpdateVolumeFunc@optionsMenu_t@@SAXPAX@Z 004199a7 f i menu.obj
 0001:000189c4       ?UpdateCDVolumeFunc@optionsMenu_t@@SAXPAX@Z 004199c4 f i menu.obj
 0001:000189de       ?SetMenuItemValues@optionsMenu_t@@SAXXZ 004199de f i menu.obj
 0001:00018b26       ?ResetDefaultsFunc@optionsMenu_t@@SAXPAX@Z 00419b26 f i menu.obj
 0001:00018b3b       ?UpdateSoundFunc@optionsMenu_t@@SAXPAX@Z 00419b3b f i menu.obj
 0001:00018d3f       ?ScanCrosshairs@optionsMenu_t@@SAXXZ 00419d3f f i menu.obj
 0001:00018d9c       ?Draw@optionsMenu_t@@UAEXXZ 00419d9c f i menu.obj
 0001:00018e01       ?Draw@creditsMenu_t@@UAEXXZ 00419e01 f i menu.obj
 0001:00018ea8       ?KeyDown@creditsMenu_t@@UAEPBDH@Z 00419ea8 f i menu.obj
 0001:00018ee8       ?Init@creditsMenu_t@@UAE_NXZ 00419ee8 f i menu.obj
 0001:00018f69       ?Init@gameMenu_t@@UAE_NXZ  00419f69 f i menu.obj
 0001:000190f4       ?EasyGameFunc@gameMenu_t@@SAXPAX@Z 0041a0f4 f i menu.obj
 0001:00019100       ?StartGame@gameMenu_t@@SAXPBD@Z 0041a100 f i menu.obj
 0001:0001915b       ?MediumGameFunc@gameMenu_t@@SAXPAX@Z 0041a15b f i menu.obj
 0001:00019167       ?HardGameFunc@gameMenu_t@@SAXPAX@Z 0041a167 f i menu.obj
 0001:00019183       ?Init@savegameMenu_t@@UAE_NXZ 0041a183 f i menu.obj
 0001:00019293       ?Create_Savestrings@savegameMenu_t@@QAEXXZ 0041a293 f i menu.obj
 0001:00019353       ?LoadGameCallback@savegameMenu_t@@SAXPAX@Z 0041a353 f i menu.obj
 0001:00019380       ?SaveGameCallback@savegameMenu_t@@SAXPAX@Z 0041a380 f i menu.obj
 0001:000193a3       ?Draw@savegameMenu_t@@UAEXXZ 0041a3a3 f i menu.obj
 0001:000193be       ?DrawSavegameShot@savegameMenu_t@@QAEXHH@Z 0041a3be f i menu.obj
 0001:00019499       ?Init@joinserverMenu_t@@UAE_NXZ 0041a499 f i menu.obj
 0001:000195d0       ?JoinServerFunc@joinserverMenu_t@@SAXPAX@Z 0041a5d0 f i menu.obj
 0001:00019635       ?SearchLocalGames@joinserverMenu_t@@SAXXZ 0041a635 f i menu.obj
 0001:000196a0       ?M_AddToServerList@@YAXUnetadr_t@@PBD@Z 0041a6a0 f   menu.obj
 0001:0001972b       ?Init@startserverMenu_t@@UAE_NXZ 0041a72b f i menu.obj
 0001:00019bb9       ?DMOptionsFunc@startserverMenu_t@@SAXPAX@Z 0041abb9 f i menu.obj
 0001:00019bc9       ?RulesChangeFunc@startserverMenu_t@@SAXPAX@Z 0041abc9 f i menu.obj
 0001:00019c41       ?StartServerActionFunc@startserverMenu_t@@SAXPAX@Z 0041ac41 f i menu.obj
 0001:00019c6c       ?StartServerFunc@startserverMenu_t@@SAXPBD@Z 0041ac6c f i menu.obj
 0001:00019e48       ?KeyDown@startserverMenu_t@@UAEPBDH@Z 0041ae48 f i menu.obj
 0001:00019ea7       ?Init@dmoptionsMenu_t@@UAE_NXZ 0041aea7 f i menu.obj
 0001:0001a484       ?DMFlagCallback@dmoptionsMenu_t@@SAXPAX@Z 0041b484 f i menu.obj
 0001:0001a65d       ?Init@downloadOptionsMenu_t@@UAE_NXZ 0041b65d f i menu.obj
 0001:0001a837       ?DownloadCallback@downloadOptionsMenu_t@@SAXPAX@Z 0041b837 f i menu.obj
 0001:0001a8a5       ?Init@addressBookMenu_t@@UAE_NXZ 0041b8a5 f i menu.obj
 0001:0001a94b       ?KeyDown@addressBookMenu_t@@UAEPBDH@Z 0041b94b f i menu.obj
 0001:0001a9aa       ?Init@playerConfigMenu_t@@UAE_NXZ 0041b9aa f i menu.obj
 0001:0001aef1       ?HandednessCallback@playerConfigMenu_t@@SAXPAX@Z 0041bef1 f i menu.obj
 0001:0001af06       ?RTypeCallback@playerConfigMenu_t@@SAXPAX@Z 0041bf06 f i menu.obj
 0001:0001af1b       ?RColorCallback@playerConfigMenu_t@@SAXPAX@Z 0041bf1b f i menu.obj
 0001:0001af30       ?RateCallback@playerConfigMenu_t@@SAXPAX@Z 0041bf30 f i menu.obj
 0001:0001af53       ?ModelCallback@playerConfigMenu_t@@SAXPAX@Z 0041bf53 f i menu.obj
 0001:0001af87       ?SkinCallback@playerConfigMenu_t@@SAXPAX@Z 0041bf87 f i menu.obj
 0001:0001af8f       ?Draw@playerConfigMenu_t@@UAEXXZ 0041bf8f f i menu.obj
 0001:0001b267       ?KeyDown@playerConfigMenu_t@@UAEPBDH@Z 0041c267 f i menu.obj
 0001:0001b347       ?Init@dmbrowseMenu_t@@UAE_NXZ 0041c347 f i menu.obj
 0001:0001b56a       ?KeyDown@dmbrowseMenu_t@@UAEPBDH@Z 0041c56a f i menu.obj
 0001:0001b742       ?Draw@dmbrowseMenu_t@@UAEXXZ 0041c742 f i menu.obj
 0001:0001b88f       ?DrawThumbnail@dmbrowseMenu_t@@SAXHHHHPBD_N@Z 0041c88f f i menu.obj
 0001:0001b969       ?Init@videoMenu_t@@UAE_NXZ 0041c969 f i menu.obj
 0001:0001bf65       ?ScreenSizeCallback@videoMenu_t@@SAXPAX@Z 0041cf65 f i menu.obj
 0001:0001bf86       ?BrightnessCallback@videoMenu_t@@SAXPAX@Z 0041cf86 f i menu.obj
 0001:0001bfa7       ?ContrastCallback@videoMenu_t@@SAXPAX@Z 0041cfa7 f i menu.obj
 0001:0001bfe3       ?CancelChanges@videoMenu_t@@SAXPAX@Z 0041cfe3 f i menu.obj
 0001:0001c030       ?KeyDown@videoMenu_t@@UAEPBDH@Z 0041d030 f i menu.obj
 0001:0001c079       ?ApplyChanges@videoMenu_t@@SAXPAX@Z 0041d079 f i menu.obj
 0001:0001c254       ?KeyDown@quitMenu_t@@UAEPBDH@Z 0041d254 f i menu.obj
 0001:0001c291       ?Draw@quitMenu_t@@UAEXXZ   0041d291 f i menu.obj
 0001:0001c301       ?M_Init@@YAXXZ             0041d301 f   menu.obj
 0001:0001c4e3       ?ItemAtCursor@menuFramework_t@@QAEPAUmenuCommon_t@@XZ 0041d4e3 f   qmenu.obj
 0001:0001c537       ?AddItem@menuFramework_t@@QAEXPAUmenuCommon_t@@@Z 0041d537 f   qmenu.obj
 0001:0001c5f3       ?AdjustCursor@menuFramework_t@@QAEXH@Z 0041d5f3 f   qmenu.obj
 0001:0001c76b       ?Center@menuFramework_t@@QAEXXZ 0041d76b f   qmenu.obj
 0001:0001c7ac       ?Draw@menuFramework_t@@UAEXXZ 0041d7ac f   qmenu.obj
 0001:0001cd65       ?SelectItem@menuFramework_t@@QAE_NXZ 0041dd65 f   qmenu.obj
 0001:0001cdca       ?SetStatusBar@menuFramework_t@@QAEXPBD@Z 0041ddca f   qmenu.obj
 0001:0001cdd7       ?SlideItem@menuFramework_t@@QAEXH@Z 0041ddd7 f   qmenu.obj
 0001:0001d375       ?Push@menuFramework_t@@QAEXXZ 0041e375 f   qmenu.obj
 0001:0001d3f4       ?M_ForceMenuOff@@YAXXZ     0041e3f4 f   qmenu.obj
 0001:0001d421       ?Pop@menuFramework_t@@QAEXXZ 0041e421 f   qmenu.obj
 0001:0001d45b       ?KeyDown@menuFramework_t@@UAEPBDH@Z 0041e45b f   qmenu.obj
 0001:0001d6d3       ?Init@menuFramework_t@@UAE_NXZ 0041e6d3 f   qmenu.obj
 0001:0001d6d6       ?M_Draw@@YAXXZ             0041e6d6 f   qmenu.obj
 0001:0001d711       ?M_Keydown@@YAXH@Z         0041e711 f   qmenu.obj
 0001:0001d733       ?InitRendererVars@@YAXXZ   0041e733 f   ref_vars.obj
 0001:0001d752       ?S_SoundInfo_f@@YAXXZ      0041e752 f   snd_dma.obj
 0001:0001d7cc       ?S_Init@@YAXXZ             0041e7cc f   snd_dma.obj
 0001:0001d89e       ?S_Shutdown@@YAXXZ         0041e89e f   snd_dma.obj
 0001:0001d931       ?S_BeginRegistration@@YAXXZ 0041e931 f   snd_dma.obj
 0001:0001d93f       ?S_RegisterSound@@YAPAUsfx_t@@PBD@Z 0041e93f f   snd_dma.obj
 0001:0001daea       ?S_EndRegistration@@YAXXZ  0041eaea f   snd_dma.obj
 0001:0001db73       ?S_PickChannel@@YAPAUchannel_t@@HH@Z 0041eb73 f   snd_dma.obj
 0001:0001dc01       ?S_Spatialize@@YAXPAUchannel_t@@@Z 0041ec01 f   snd_dma.obj
 0001:0001dde3       ?S_AllocPlaysound@@YAPAUplaysound_t@@XZ 0041ede3 f   snd_dma.obj
 0001:0001de05       ?S_FreePlaysound@@YAXPAUplaysound_t@@@Z 0041ee05 f   snd_dma.obj
 0001:0001de38       ?S_IssuePlaysound@@YAXPAUplaysound_t@@@Z 0041ee38 f   snd_dma.obj
 0001:0001df09       ?S_StartSound@@YAXPBUCVec3@@HHPAUsfx_t@@MMM@Z 0041ef09 f   snd_dma.obj
 0001:0001e2c9       ?S_StartLocalSound@@YAXPBD@Z 0041f2c9 f   snd_dma.obj
 0001:0001e31b       ?S_ClearBuffer@@YAXXZ      0041f31b f   snd_dma.obj
 0001:0001e384       ?S_StopAllSounds_f@@YAXXZ  0041f384 f   snd_dma.obj
 0001:0001e3f4       ?S_RawSamples@@YAXHHHHPAE@Z 0041f3f4 f   snd_dma.obj
 0001:0001e5f8       ?S_Update@@YAXABUCVec3@@0@Z 0041f5f8 f   snd_dma.obj
 0001:0001e8b5       ?GetSoundtime@@YAXXZ       0041f8b5 f   snd_dma.obj
 0001:0001e91c       ?S_Update_@@YAXXZ          0041f91c f   snd_dma.obj
 0001:0001ebcf       ?S_LoadSound@@YAPAUsfxcache_t@@PAUsfx_t@@@Z 0041fbcf f   snd_mem.obj
 0001:0001f15e       ?S_WriteLinearBlastStereo16@@YAXXZ 0042015e f   snd_mix.obj
 0001:0001f1c8       ?S_TransferStereo16@@YAXPAKH@Z 004201c8 f   snd_mix.obj
 0001:0001f233       ?S_TransferPaintBuffer@@YAXH@Z 00420233 f   snd_mix.obj
 0001:0001f397       ?S_PaintChannels@@YAXH@Z   00420397 f   snd_mix.obj
 0001:0001f613       ?S_InitScaletable@@YAXXZ   00420613 f   snd_mix.obj
 0001:0001f758       ?SV_ComputeAnimation@@YAXPAUplayer_state_t@@AAUentityStateEx_t@@PAU2@PAUedict_s@@@Z 00420758 f   sv_anim.obj
 0001:0001fc11       ?SV_ReadLevelFile@@YAXXZ   00420c11 f   sv_ccmds.obj
 0001:0001fd23       ?SV_AddressBanned@@YA_NPAUnetadr_t@@@Z 00420d23 f   sv_ccmds.obj
 0001:0001fd67       ?SV_InitCommands@@YAXXZ    00420d67 f   sv_ccmds.obj
 0001:00021365       ?sprintf@?$TString@$0CI@@@QAAHPBDZZ 00422365 f i sv_ccmds.obj
 0001:00021386       ?SV_WriteFrameToClient@@YAXPAUclient_t@@PAVsizebuf_t@@@Z 00422386 f   sv_ents.obj
 0001:00021ab5       ?SV_RecordDemoMessage@@YAXXZ 00422ab5 f   sv_ents.obj
 0001:00021c83       ?SV_MulticastOld@@YAXABUCVec3@@W4multicast_t@@@Z 00422c83 f i sv_game.obj
 0001:00021c98       ?SV_StartSoundOld@@YAXPBUCVec3@@PAUedict_s@@HHMMM@Z 00422c98 f i sv_game.obj
 0001:000226f0       ?SV_InitGameLibrary@@YAX_N@Z 004236f0 f   sv_game.obj
 0001:00022a01       ?SV_ShutdownGameLibrary@@YAXXZ 00423a01 f   sv_game.obj
 0001:00022b7b       ?SV_ModelIndex@@YAHPBD@Z   00423b7b f   sv_init.obj
 0001:00022cab       ?SV_SoundIndex@@YAHPBD@Z   00423cab f   sv_init.obj
 0001:00022cc7       ?SV_ImageIndex@@YAHPBD@Z   00423cc7 f   sv_init.obj
 0001:00022ce3       ?SV_CreateBaseline@@YAXXZ  00423ce3 f   sv_init.obj
 0001:00022d60       ?SV_SpawnServer@@YAXPAD0W4server_state_t@@_N2@Z 00423d60 f   sv_init.obj
 0001:00023187       ?SV_InitGame@@YAXXZ        00424187 f   sv_init.obj
 0001:000233b0       ?SV_Map@@YAX_NPBD0@Z       004243b0 f   sv_init.obj
 0001:00023575       ?SV_DropClient@@YAXPAUclient_t@@PAD@Z 00424575 f   sv_main.obj
 0001:000240d0       ??0COutputDeviceMem@@QAE@H@Z 004250d0 f i sv_main.obj
 0001:00024101       ?Write@COutputDeviceMem@@UAEXPBD@Z 00425101 f i sv_main.obj
 0001:00024188       ??_GCOutputDeviceMem@@UAEPAXI@Z 00425188 f i sv_main.obj
 0001:00024188       ??_ECOutputDeviceMem@@UAEPAXI@Z 00425188 f i sv_main.obj
 0001:000241a7       ??1COutputDeviceMem@@UAE@XZ 004251a7 f i sv_main.obj
 0001:000241c6       ?SV_CalcPings@@YAXXZ       004251c6 f   sv_main.obj
 0001:0002424d       ?SV_GiveMsec@@YAXXZ        0042524d f   sv_main.obj
 0001:0002428c       ?SV_ReadPackets@@YAXXZ     0042528c f   sv_main.obj
 0001:000244b1       ?SV_CheckTimeouts@@YAXXZ   004254b1 f   sv_main.obj
 0001:000245c2       ?SV_PostprocessFrame@@YAXXZ 004255c2 f   sv_main.obj
 0001:00024a87       ?SV_MulticastHook@@YAPAVsizebuf_t@@PAV1@0@Z 00425a87 f   sv_main.obj
 0001:00024e63       ?SV_TraceHook@@YAXAAUtrace0_t@@ABUCVec3@@PBU2@21PAUedict_s@@H@Z 00425e63 f   sv_main.obj
 0001:000250e2       ?SV_Frame@@YAXM@Z          004260e2 f   sv_main.obj
 0001:000253a3       ?SV_UserinfoChanged@@YAXPAUclient_t@@@Z 004263a3 f   sv_main.obj
 0001:000254c0       ?SV_InitVars@@YAXXZ        004264c0 f   sv_main.obj
 0001:000254cf       ?SV_Init@@YAXXZ            004264cf f   sv_main.obj
 0001:00025528       ?SV_Shutdown@@YAXPBD_N@Z   00426528 f   sv_main.obj
 0001:00025735       ?SV_ClientPrintf@@YAXPAUclient_t@@HPBDZZ 00426735 f   sv_send.obj
 0001:00025790       ?SV_BroadcastPrintf@@YAXHPBDZZ 00426790 f   sv_send.obj
 0001:00025866       ?SV_BroadcastCommand@@YAXPBDZZ 00426866 f   sv_send.obj
 0001:000258c0       ?SV_Multicast@@YAXABUCVec3@@W4multicast_t@@_N@Z 004268c0 f   sv_send.obj
 0001:00025ac1       ?SV_StartSound@@YAXPBUCVec3@@PAUedict_s@@HHMMM_N@Z 00426ac1 f   sv_send.obj
 0001:00025d5a       ?SV_SendClientDatagram@@YA_NPAUclient_t@@@Z 00426d5a f   sv_send.obj
 0001:00025e1c       ?SV_DemoCompleted@@YAXXZ   00426e1c f   sv_send.obj
 0001:00025e38       ?SV_SendClientMessages@@YAXXZ 00426e38 f   sv_send.obj
 0001:00026020       ?SV_DrawText3D@@YAXABUCVec3@@PBDI@Z 00427020 f   sv_text.obj
 0001:00026058       ?SV_ClearTexts@@YAXXZ      00427058 f   sv_text.obj
 0001:00026060       ?SV_DrawTexts@@YAXXZ       00427060 f   sv_text.obj
 0001:000260b5       ??0?$TTextContainer@UCSVText@@$0BAAAA@@@QAE@XZ 004270b5 f i sv_text.obj
 0001:000260da       ?SV_TokenizeString@@YAXPBD@Z 004270da f   sv_tokenize.obj
 0001:000261b1       ?SV_Argc@@YAHXZ            004271b1 f   sv_tokenize.obj
 0001:000261b7       ?SV_Argv@@YAPADH@Z         004271b7 f   sv_tokenize.obj
 0001:000261d5       ?SV_Args@@YAPADXZ          004271d5 f   sv_tokenize.obj
 0001:00026aa9       ?SV_Nextserver@@YAXXZ      00427aa9 f   sv_user.obj
 0001:00026b3d       ?SV_ClientThink@@YAXPAUclient_t@@PAUusercmd_t@@@Z 00427b3d f   sv_user.obj
 0001:00026be8       ?SV_ExecuteClientMessage@@YAXPAUclient_t@@@Z 00427be8 f   sv_user.obj
 0001:00026fd6       ?SV_ClearWorld@@YAXXZ      00427fd6 f   sv_world.obj
 0001:00027114       ?SV_UnlinkEdict@@YAXPAUedict_s@@@Z 00428114 f   sv_world.obj
 0001:000271da       ?SV_LinkEdict@@YAXPAUedict_s@@@Z 004281da f   sv_world.obj
 0001:000278ef       ?SV_AreaEdicts@@YAHABUCVec3@@0PAPAUedict_s@@HH@Z 004288ef f   sv_world.obj
 0001:00027a8d       ?SV_PointContents@@YAHABUCVec3@@@Z 00428a8d f   sv_world.obj
 0001:00027bb3       ?SV_Trace@@YAXAAUtrace_t@@ABUCVec3@@1ABUCBox@@PAUedict_s@@H@Z 00428bb3 f   sv_world.obj
 0001:00028030       ?InitByteDirs@@YAXXZ       00429030 f   anorms.obj
 0001:0002806f       ?Cbuf_AddText@@YAXPBD@Z    0042906f f   cmd.obj
 0001:000280d5       ?Cbuf_CopyToDefer@@YAXXZ   004290d5 f   cmd.obj
 0001:0002811d       ?Cbuf_InsertFromDefer@@YAXXZ 0042911d f   cmd.obj
 0001:000281d9       ?Cbuf_Execute@@YAXXZ       004291d9 f   cmd.obj
 0001:000282e9       ?Cmd_Unalias_f@@YAX_NHPAPAD@Z 004292e9 f   cmd.obj
 0001:00028361       ?Cmd_WriteAliases@@YAXPAVCOutputDevice@@@Z 00429361 f   cmd.obj
 0001:00028394       ?RegisterCommand@@YA_NPBDP6AXXZI@Z 00429394 f   cmd.obj
 0001:00028475       ?UnregisterCommand@@YA_NPBD@Z 00429475 f   cmd.obj
 0001:00028506       ?ExecuteCommand@@YA_NPBD@Z 00429506 f   cmd.obj
 0001:00028949       ?ExecuteCommand@@YA_NPBDPBUCSimpleCommand@@H@Z 00429949 f   cmd.obj
 0001:00028d8b       ?CM_LoadMap@@YAPAUCBspModel@@PBD_NPAI@Z 00429d8b f   cmodel.obj
 0001:0002a71a       ?CM_BuildBrush@@YAPAUCBrush@@HPAVCMemoryChain@@@Z 0042b71a f   cmodel.obj
 0001:0002a7e3       ?CM_InlineModel@@YAPAUCBspModel@@PBD@Z 0042b7e3 f   cmodel.obj
 0001:0002a80e       ?CM_InlineModel@@YAPAUCBspModel@@H@Z 0042b80e f   cmodel.obj
 0001:0002a8e9       ?CM_HeadnodeForBox@@YAHABUCBox@@@Z 0042b8e9 f   cmodel.obj
 0001:0002a931       ?CM_FindLeaf@@YAPBUCBspLeaf@@ABUCVec3@@H@Z 0042b931 f   cmodel.obj
 0001:0002a9e0       ?DistanceTo@CPlane@@QBEMABUCVec3@@@Z 0042b9e0 f i cmodel.obj
 0001:0002aa25       ?GetContents@CBspLeaf@@QBEIABUCVec3@@@Z 0042ba25 f   cmodel.obj
 0001:0002aaa6       ?CM_PointContents@@YAHABUCVec3@@H@Z 0042baa6 f   cmodel.obj
 0001:0002ab10       ?CM_TransformedPointContents@@YAHABUCVec3@@H00@Z 0042bb10 f   cmodel.obj
 0001:0002abe5       ?CM_TransformedPointContents@@YAHABUCVec3@@H0ABUCAxis@@@Z 0042bbe5 f   cmodel.obj
 0001:0002ac84       ?CM_BoxLeafs@@YAHABUCBox@@PAPAUCBspLeaf@@HPAHH@Z 0042bc84 f   cmodel.obj
 0001:0002ad96       ?BOX_ON_PLANE_SIDE@@YAHABUCBox@@ABUCPlane@@@Z 0042bd96 f i cmodel.obj
 0001:0002ae01       ?CM_BoxTrace@@YAXAAUtrace_t@@ABUCVec3@@1ABUCBox@@HI@Z 0042be01 f   cmodel.obj
 0001:0002b0dd       ?GetVertex@CBox@@QBEXHAAUCVec3@@@Z 0042c0dd f i cmodel.obj
 0001:0002b557       ?SplitTrace@@YAMABUCVec3@@0ABUCPlane@@AAM2_N@Z 0042c557 f i cmodel.obj
 0001:0002ba13       ?CM_TransformedBoxTrace@@YAXAAUtrace_t@@ABUCVec3@@1ABUCBox@@HI11@Z 0042ca13 f   cmodel.obj
 0001:0002bb86       ?CM_TransformedBoxTrace@@YAXAAUtrace_t@@ABUCVec3@@1ABUCBox@@HI1ABUCAxis@@@Z 0042cb86 f   cmodel.obj
 0001:0002bc43       ?CM_CombineTrace@@YA_NAAUtrace_t@@ABU1@@Z 0042cc43 f   cmodel.obj
 0001:0002bc90       ?CM_ClipTraceToModels@@YAXAAUtrace_t@@ABUCVec3@@1ABUCBox@@I@Z 0042cc90 f   cmodel.obj
 0001:0002bd92       ?CM_PointModelContents@@YAHABUCVec3@@@Z 0042cd92 f   cmodel.obj
 0001:0002bdea       ?CM_BrushTrace@@YAHABUCVec3@@0PAHH@Z 0042cdea f   cmodel.obj
 0001:0002c102       ?CM_RefineBrushTrace@@YAHABUCVec3@@0PAHH@Z 0042d102 f   cmodel.obj
 0001:0002c1a8       ?CM_ClusterPVS@@YAPBEH@Z   0042d1a8 f   cmodel.obj
 0001:0002c2e0       ?CM_SetZonePortalState@@YAXH_N@Z 0042d2e0 f   cmodel.obj
 0001:0002c308       ?CM_ZonesConnected@@YA_NHH@Z 0042d308 f   cmodel.obj
 0001:0002c34f       ?CM_WriteZoneBits@@YAHPAEH@Z 0042d34f f   cmodel.obj
 0001:0002c3f1       ?CM_WritePortalState@@YAXPAU_iobuf@@@Z 0042d3f1 f   cmodel.obj
 0001:0002c40e       ?CM_ReadPortalState@@YAXPAU_iobuf@@@Z 0042d40e f   cmodel.obj
 0001:0002c430       ?CM_HeadnodeVisible@@YA_NHPBE@Z 0042d430 f   cmodel.obj
 0001:0002c50d       ??E?$TStringSplitter@$0EA@$0DL@@@QAEXXZ 0042d50d f i cmodel.obj
 0001:0002c56f       ?LoadNodes@@YAXPAUdBsp2Node_t@@H@Z 0042d56f f i cmodel.obj
 0001:0002c686       ?LoadLeafBrushes@@YAXPAGHPAUdBsp2Leaf_t@@@Z 0042d686 f i cmodel.obj
 0001:0002c71a       ?LoadSubmodels@@YAXPAUdBsp2Model_t@@H@Z 0042d71a f i cmodel.obj
 0001:0002c7a2       ?LoadNodes@@YAXPAUdBsp1Node_t@@H@Z 0042d7a2 f i cmodel.obj
 0001:0002c865       ?LoadSubmodels@@YAXPAUdBsp1Model_t@@H@Z 0042d865 f i cmodel.obj
 0001:0002c8ed       ?LoadNodes@@YAXPAUdBsp3Node_t@@H@Z 0042d8ed f i cmodel.obj
 0001:0002c9a2       ?LoadLeafBrushes@@YAXPAIHPAUdBsp3Leaf_t@@@Z 0042d9a2 f i cmodel.obj
 0001:0002ca33       ?Com_DPrintf@@YAXPBDZZ     0042da33 f   common.obj
 0001:0002caac       ?DebugPrintf@@YAXPBDZZ     0042daac f   common.obj
 0001:0002cb5b       ?IPWildcard@@YA_NPAUnetadr_t@@PBD@Z 0042db5b f   common.obj
 0001:0002cc35       ?Com_ServerState@@YA?AW4server_state_t@@XZ 0042dc35 f   common.obj
 0001:0002cc3b       ?Com_SetServerState@@YAXW4server_state_t@@@Z 0042dc3b f   common.obj
 0001:0002cc48       ?crand@@YAMXZ              0042dc48 f   common.obj
 0001:0002cc66       ?Info_ValueForKey@@YAPBDPBD0@Z 0042dc66 f   common.obj
 0001:0002cce5       ?Info_SetValueForKey@@YAXPADPBD1@Z 0042dce5 f   common.obj
 0001:0002ce1c       ?Info_Print@@YAXPBD@Z      0042de1c f   common.obj
 0001:0002cea2       ?LerpAngle@@YAMMMM@Z       0042dea2 f   common.obj
 0001:0002cee6       ?ReduceAngle@@YAMM@Z       0042dee6 f   common.obj
 0001:0002cf12       ?AngleSubtract@@YAMMM@Z    0042df12 f   common.obj
 0001:0002cf4b       ?AnglesSubtract@@YAXABUCVec3@@0AAU1@@Z 0042df4b f   common.obj
 0001:0002cfa4       ?COM_Parse@@YAPADAAPBD_N@Z 0042dfa4 f   common.obj
 0001:0002d0c6       ?COM_QuoteString@@YAPBDPBD_N@Z 0042e0c6 f   common.obj
 0001:0002d123       ?Com_CheckCmdlineVar@@YA_NPBD@Z 0042e123 f   common.obj
 0001:0002d17c       ?Com_Init@@YAXPBD@Z        0042e17c f   common.obj
 0001:0002d554       ?Com_Frame@@YAXM@Z         0042e554 f   common.obj
 0001:0002d954       ?Com_BlockSequenceCRCByte@@YAEPAEHH@Z 0042e954 f   crc.obj
 0001:0002da0c       ?Cvar_VariableValue@@YAMPBD@Z 0042ea0c f   cvar.obj
 0001:0002da83       ?Cvar_VariableInt@@YAHPBD@Z 0042ea83 f   cvar.obj
 0001:0002da9a       ?Cvar_VariableString@@YAPBDPBD@Z 0042ea9a f   cvar.obj
 0001:0002dab6       ?Cvar_Get@@YAPAUcvar_t@@PBD0H@Z 0042eab6 f   cvar.obj
 0001:0002dd83       ?Cvar_GetVars@@YAXPBUcvarInfo_t@@H@Z 0042ed83 f   cvar.obj
 0001:0002de2d       ?Cvar_FullSet@@YAXPAUcvar_t@@PBDI@Z 0042ee2d f   cvar.obj
 0001:0002de4d       ?Cvar_FullSet@@YAPAUcvar_t@@PBD0I@Z 0042ee4d f   cvar.obj
 0001:0002de8d       ?Cvar_SetValue@@YAPAUcvar_t@@PBDM@Z 0042ee8d f   cvar.obj
 0001:0002e026       ?Cvar_SetInteger@@YAPAUcvar_t@@PBDH@Z 0042f026 f   cvar.obj
 0001:0002e04a       ?Cvar_Set@@YAPAUcvar_t@@PBD0@Z 0042f04a f   cvar.obj
 0001:0002e061       ?Cvar_ForceSet@@YAPAUcvar_t@@PBD0@Z 0042f061 f   cvar.obj
 0001:0002e078       ?Cvar_Clamp@@YAMPAUcvar_t@@MM@Z 0042f078 f   cvar.obj
 0001:0002e0d6       ?Cvar_Command@@YA_NHPAPAD@Z 0042f0d6 f   cvar.obj
 0001:0002e171       ?IsDefault@cvar_t@@QAE_NXZ 0042f171 f i cvar.obj
 0001:0002e18e       ?Cvar_WriteVariables@@YAXPAVCOutputDevice@@HHPBD@Z 0042f18e f   cvar.obj
 0001:0002e214       ?Cvar_BitInfo@@YAPBDI@Z    0042f214 f   cvar.obj
 0001:0002e266       ?Cvar_Cheats@@YAX_N@Z      0042f266 f   cvar.obj
 0001:0002eadd       ?MSG_WriteDeltaEntity@@YAXPAVsizebuf_t@@PBUentityStateEx_t@@PAU2@_N33@Z 0042fadd f   entdelta.obj
 0001:0002f099       ?MSG_WriteRemoveEntity@@YAXPAVsizebuf_t@@H@Z 00430099 f   entdelta.obj
 0001:0002f0d9       ?MSG_ReadEntityBits@@YAHPAVsizebuf_t@@PAIPA_N@Z 004300d9 f   entdelta.obj
 0001:0002f14b       ?MSG_ReadDeltaEntity@@YAXPAVsizebuf_t@@PBUentityStateEx_t@@PAU2@I@Z 0043014b f   entdelta.obj
 0001:0002f1ce       ?MSG_WriteDeltaUsercmd@@YAXPAVsizebuf_t@@PBUusercmd_t@@PAU2@@Z 004301ce f   entdelta.obj
 0001:0002f25d       ?MSG_ReadDeltaUsercmd@@YAXPAVsizebuf_t@@PBUusercmd_t@@PAU2@@Z 0043025d f   entdelta.obj
 0001:0002f560       ?MSG_WriteDeltaPlayerstate@@YAXPAVsizebuf_t@@PBUplayer_state_t@@PAU2@@Z 00430560 f   entdelta.obj
 0001:0002f669       ?MSG_ReadDeltaPlayerstate@@YAXPAVsizebuf_t@@PBUplayer_state_t@@PAU2@@Z 00430669 f   entdelta.obj
 0001:0002f723       ?ProcessEntstring@@YAPBDPBD@Z 00430723 f   EntityParser.obj
 0001:00030e48       ?Inflate@CBox@@QAEXM@Z     00431e48 f i EntityParser.obj
 0001:000322dc       ?LoadPCX@@YAPAEPBDAAH1AAPAE@Z 004332dc f   images.obj
 0001:00032417       ?LoadTGA@@YAPAEPBDAAH1@Z   00433417 f   images.obj
 0001:000326ab       ?LoadJPG@@YAPAEPBDAAH1@Z   004336ab f   images.obj
 0001:0003295f       ?ImageExists@@YAHPBDH@Z    0043395f f   images.obj
 0001:00032a83       ?WriteTGA@@YA_NPBDPAEHH@Z  00433a83 f   images.obj
 0001:00032c77       ?WriteJPG@@YA_NPBDPAEHH_N@Z 00433c77 f   images.obj
 0001:00032da8       ??0CBrush@@QAE@ABUCBox@@@Z 00433da8 f   MapBrush.obj
 0001:00032ef9       ?Split@CBrush@@QAEPAU1@PAUCPlane@@@Z 00433ef9 f   MapBrush.obj
 0001:0003394b       ?GetVec@CAllocVertexPool@@QAEPAUCVec3@@ABU2@@Z 0043494b f i MapBrush.obj
 0001:000339df       ?GetBounds@CBrush@@QAEXAAUCBox@@@Z 004349df f   MapBrush.obj
 0001:00033a61       ?AddBevels@CBrush@@QAEXP6APAUCPlane@@ABUCVec3@@M@Z@Z 00434a61 f   MapBrush.obj
 0001:00033d55       ?Negate@CVec3@@QAEXXZ      00434d55 f i MapBrush.obj
 0001:00033d63       ?MD4Init@@YAXPAUMD4_CTX@@@Z 00434d63 f   md4.obj
 0001:00033d8b       ?MD4Update@@YAXPAUMD4_CTX@@PAEI@Z 00434d8b f   md4.obj
 0001:00033e29       ?MD4Final@@YAXQAEPAUMD4_CTX@@@Z 00434e29 f   md4.obj
 0001:0003451a       ?Com_BlockChecksum@@YAIPAXH@Z 0043551a f   md4.obj
 0001:00034556       ?LoadQ2BspFile@@YAXXZ      00435556 f   model.obj
 0001:00034a2f       ?LoadQ1BspFile@@YAXXZ      00435a2f f   model.obj
 0001:00034d4f       ?LoadQ3BspFile@@YAXXZ      00435d4f f   model.obj
 0001:00034fcf       ?LoadBspFile@@YAPAUbspfile_t@@PBD_NPAI@Z 00435fcf f   model.obj
 0001:000351d6       ?Init@sizebuf_t@@QAEXPAXH@Z 004361d6 f   msg.obj
 0001:000351f3       ?Write@sizebuf_t@@QAEXPBXH@Z 004361f3 f   msg.obj
 0001:00035265       ?MSG_WriteChar@@YAXPAVsizebuf_t@@H@Z 00436265 f   msg.obj
 0001:00035265       ?MSG_WriteByte@@YAXPAVsizebuf_t@@H@Z 00436265 f   msg.obj
 0001:00035278       ?MSG_WriteShort@@YAXPAVsizebuf_t@@H@Z 00436278 f   msg.obj
 0001:0003528b       ?MSG_WriteLong@@YAXPAVsizebuf_t@@H@Z 0043628b f   msg.obj
 0001:0003529e       ?MSG_WriteFloat@@YAXPAVsizebuf_t@@M@Z 0043629e f   msg.obj
 0001:000352b1       ?MSG_WriteString@@YAXPAVsizebuf_t@@PBD@Z 004362b1 f   msg.obj
 0001:000352db       ?MSG_WritePos@@YAXPAVsizebuf_t@@ABUCVec3@@@Z 004362db f   msg.obj
 0001:0003533f       ?MSG_WriteAngle@@YAXPAVsizebuf_t@@M@Z 0043633f f   msg.obj
 0001:0003536a       ?MSG_WriteAngle16@@YAXPAVsizebuf_t@@M@Z 0043636a f   msg.obj
 0001:00035395       ?MSG_WriteDir@@YAXPAVsizebuf_t@@ABUCVec3@@@Z 00436395 f   msg.obj
 0001:000353fd       ?MSG_ReadDir@@YAXPAVsizebuf_t@@AAUCVec3@@@Z 004363fd f   msg.obj
 0001:00035430       ?MSG_ReadChar@@YAHPAVsizebuf_t@@@Z 00436430 f   msg.obj
 0001:00035453       ?MSG_ReadByte@@YAHPAVsizebuf_t@@@Z 00436453 f   msg.obj
 0001:0003547b       ?MSG_ReadShort@@YAHPAVsizebuf_t@@@Z 0043647b f   msg.obj
 0001:000354a4       ?MSG_ReadLong@@YAHPAVsizebuf_t@@@Z 004364a4 f   msg.obj
 0001:000354c6       ?MSG_ReadString@@YAPADPAVsizebuf_t@@@Z 004364c6 f   msg.obj
 0001:000354fc       ?MSG_ReadPos@@YAXPAVsizebuf_t@@AAUCVec3@@@Z 004364fc f   msg.obj
 0001:0003554e       ?MSG_ReadAngle@@YAMPAVsizebuf_t@@@Z 0043654e f   msg.obj
 0001:00035568       ?MSG_ReadAngle16@@YAMPAVsizebuf_t@@@Z 00436568 f   msg.obj
 0001:00035582       ?MSG_ReadData@@YAXPAVsizebuf_t@@PAXH@Z 00436582 f   msg.obj
 0001:000355a5       ?Netchan_Init@@YAXXZ       004365a5 f   net_chan.obj
 0001:00035614       ?Netchan_OutOfBandPrint@@YAXW4netsrc_t@@Unetadr_t@@PBDZZ 00436614 f   net_chan.obj
 0001:00035699       ?Setup@netchan_t@@QAEXW4netsrc_t@@Unetadr_t@@H@Z 00436699 f   net_chan.obj
 0001:000356ef       ?NeedReliable@netchan_t@@QAE_NXZ 004366ef f   net_chan.obj
 0001:00035714       ?Transmit@netchan_t@@QAEXPAXH@Z 00436714 f   net_chan.obj
 0001:000358aa       ?Process@netchan_t@@QAE_NPAVsizebuf_t@@@Z 004368aa f   net_chan.obj
 0001:000359d7       ?Pmove@@YAXPAUpmove_t@@@Z  004369d7 f   pmove.obj
 0001:0003764d       ?FileExists@CQuakeFileSystem@@UAE_NPBDI@Z 0043864d f i QuakeFileSystem.obj
 0001:000376b4       ?CheckFilename@CQuakeFileSystem@@AAEXPBD@Z 004386b4 f i QuakeFileSystem.obj
 0001:00037753       ?OpenFile@CQuakeFileSystem@@UAEPAVCFile@@PBDI@Z 00438753 f i QuakeFileSystem.obj
 0001:000377e3       ?List@CQuakeFileSystem@@UAEPAVCFileList@@PBDIPAV2@@Z 004387e3 f i QuakeFileSystem.obj
 0001:00037875       ??_ECFileSystem@@UAEPAXI@Z 00438875 f i QuakeFileSystem.obj
 0001:00037875       ??_GCQuakeFileSystem@@UAEPAXI@Z 00438875 f i QuakeFileSystem.obj
 0001:00037875       ??_ECQuakeFileSystem@@UAEPAXI@Z 00438875 f i QuakeFileSystem.obj
 0001:00037875       ??_GCFileSystem@@UAEPAXI@Z 00438875 f i QuakeFileSystem.obj
 0001:00037895       ?FS_Gamedir@@YAPBDXZ       00438895 f   QuakeFileSystem.obj
 0001:0003789b       ?FS_NextPath@@YAPBDPBD@Z   0043889b f   QuakeFileSystem.obj
 0001:000378df       ?FS_CopyFile@@YAXPBD0@Z    004388df f   QuakeFileSystem.obj
 0001:000379b5       ?FS_CopyFiles@@YAXPBD0@Z   004389b5 f   QuakeFileSystem.obj
 0001:00037acf       ?FS_RemoveFiles@@YAXPBD@Z  00438acf f   QuakeFileSystem.obj
 0001:00037b8a       ?InitFileSystem@@YAXXZ     00438b8a f   QuakeFileSystem.obj
 0001:00037cbe       ?Create@CFileContainerPak@@SAPAVCFileContainer@@PBDPAU_iobuf@@@Z 00438cbe f i QuakeFileSystem.obj
 0001:00037e27       ??0CFileContainerArc@@QAE@XZ 00438e27 f i QuakeFileSystem.obj
 0001:00037e6e       ??_GCFileContainerArc@@UAEPAXI@Z 00438e6e f i QuakeFileSystem.obj
 0001:00037e6e       ??_ECFileContainerArc@@UAEPAXI@Z 00438e6e f i QuakeFileSystem.obj
 0001:00037e9d       ?GetType@CFileContainerPak@@MAEPBDXZ 00438e9d f i QuakeFileSystem.obj
 0001:00037ea3       ?OpenLocalFile@CFileContainerPak@@MAEPAVCFile@@ABVCStringItem@@@Z 00438ea3 f i QuakeFileSystem.obj
 0001:00037ef3       ?Read@CFilePak@CFileContainerPak@@UAEHPAXH@Z 00438ef3 f i QuakeFileSystem.obj
 0001:00037f2d       ?GetSize@CFilePak@CFileContainerPak@@UAEHXZ 00438f2d f i QuakeFileSystem.obj
 0001:00037f34       ?Eof@CFilePak@CFileContainerPak@@UAE_NXZ 00438f34 f i QuakeFileSystem.obj
 0001:00037f41       ??_GCFilePak@CFileContainerPak@@UAEPAXI@Z 00438f41 f i QuakeFileSystem.obj
 0001:00037f41       ??_ECFilePak@CFileContainerPak@@UAEPAXI@Z 00438f41 f i QuakeFileSystem.obj
 0001:00037f76       ??_ECFileContainerPak@@UAEPAXI@Z 00438f76 f i QuakeFileSystem.obj
 0001:00037f76       ??_GCFileContainerPak@@UAEPAXI@Z 00438f76 f i QuakeFileSystem.obj
 0001:00037fa5       ?Create@CFileContainerZip@@SAPAVCFileContainer@@PBDPAU_iobuf@@@Z 00438fa5 f i QuakeFileSystem.obj
 0001:000382a4       ?GetType@CFileContainerZip@@MAEPBDXZ 004392a4 f i QuakeFileSystem.obj
 0001:000382aa       ?OpenLocalFile@CFileContainerZip@@MAEPAVCFile@@ABVCStringItem@@@Z 004392aa f i QuakeFileSystem.obj
 0001:00038346       ??0CFilePak@CFileContainerZip@@QAE@ABVCFileInfo@1@PAU_iobuf@@@Z 00439346 f i QuakeFileSystem.obj
 0001:00038398       ?Read@CFilePak@CFileContainerZip@@UAEHPAXH@Z 00439398 f i QuakeFileSystem.obj
 0001:000384e1       ?GetSize@CFilePak@CFileContainerZip@@UAEHXZ 004394e1 f i QuakeFileSystem.obj
 0001:000384eb       ?Eof@CFilePak@CFileContainerZip@@UAE_NXZ 004394eb f i QuakeFileSystem.obj
 0001:000384fe       ??_ECFilePak@CFileContainerZip@@UAEPAXI@Z 004394fe f i QuakeFileSystem.obj
 0001:000384fe       ??_GCFilePak@CFileContainerZip@@UAEPAXI@Z 004394fe f i QuakeFileSystem.obj
 0001:0003851d       ??1CFilePak@CFileContainerZip@@UAE@XZ 0043951d f i QuakeFileSystem.obj
 0001:0003858c       ??_ECFileContainerZip@@UAEPAXI@Z 0043958c f i QuakeFileSystem.obj
 0001:0003858c       ??_GCFileContainerZip@@UAEPAXI@Z 0043958c f i QuakeFileSystem.obj
 0001:000385bb       ?Mount@CZResource@@SAPAVCFileContainer@@PBDPBE0PAVCFileSystem@@@Z 004395bb f i QuakeFileSystem.obj
 0001:00038767       ?GetType@CZResource@@MAEPBDXZ 00439767 f i QuakeFileSystem.obj
 0001:0003876d       ?OpenLocalFile@CZResource@@MAEPAVCFile@@ABVCStringItem@@@Z 0043976d f i QuakeFileSystem.obj
 0001:0003879e       ??0CFileRes@CZResource@@QAE@ABVCFileInfo@1@PBXH@Z 0043979e f i QuakeFileSystem.obj
 0001:00038851       ?Read@CFileRes@CZResource@@UAEHPAXH@Z 00439851 f i QuakeFileSystem.obj
 0001:000388a4       ?GetSize@CFileRes@CZResource@@UAEHXZ 004398a4 f i QuakeFileSystem.obj
 0001:000388ab       ?Eof@CFileRes@CZResource@@UAE_NXZ 004398ab f i QuakeFileSystem.obj
 0001:000388b8       ??_GCFileRes@CZResource@@UAEPAXI@Z 004398b8 f i QuakeFileSystem.obj
 0001:000388b8       ??_ECFileRes@CZResource@@UAEPAXI@Z 004398b8 f i QuakeFileSystem.obj
 0001:000388ea       ??_ECZResource@@UAEPAXI@Z  004398ea f i QuakeFileSystem.obj
 0001:000388ea       ??_GCZResource@@UAEPAXI@Z  004398ea f i QuakeFileSystem.obj
 0001:00038919       ?MountGame@CQuakeFileSystem@@QAEXPBD@Z 00439919 f i QuakeFileSystem.obj
 0001:00038964       ?SetGameDir@CQuakeFileSystem@@QAE_NPBD@Z 00439964 f i QuakeFileSystem.obj
 0001:00038b66       ?FS_Tick@@YAXXZ            00439b66 f   QuakeFileSystem.obj
 0001:00038cb3       ?CDAudio_Play@@YAXH_N@Z    00439cb3 f   cd_win.obj
 0001:00038ea6       ?CDAudio_Stop@@YAXXZ       00439ea6 f   cd_win.obj
 0001:00038f67       ?CDAudio_Update@@YAXXZ     00439f67 f   cd_win.obj
 0001:0003900a       ?CDAudio_Init@@YA_NXZ      0043a00a f   cd_win.obj
 0001:0003942b       ?CDAudio_Shutdown@@YAXXZ   0043a42b f   cd_win.obj
 0001:0003944e       ?CDAudio_Activate@@YAX_N@Z 0043a44e f   cd_win.obj
 0001:00039465       ?IN_Init@@YAXXZ            0043a465 f   in_win.obj
 0001:000396f2       ?IN_Shutdown@@YAXXZ        0043a6f2 f   in_win.obj
 0001:00039953       ?IN_Activate@@YAX_N@Z      0043a953 f   in_win.obj
 0001:00039960       ?IN_Frame@@YAXXZ           0043a960 f   in_win.obj
 0001:00039cc2       ?IN_Move@@YAXPAUusercmd_t@@@Z 0043acc2 f   in_win.obj
 0001:0003a178       ?NET_CompareAdr@@YA_NPAUnetadr_t@@0@Z 0043b178 f   net_wins.obj
 0001:0003a1b3       ?NET_CompareBaseAdr@@YA_NPAUnetadr_t@@0@Z 0043b1b3 f   net_wins.obj
 0001:0003a1e0       ?NET_AdrToString@@YAPBDPAUnetadr_t@@@Z 0043b1e0 f   net_wins.obj
 0001:0003a226       ?NET_StringToAdr@@YA_NPBDPAUnetadr_t@@F@Z 0043b226 f   net_wins.obj
 0001:0003a33b       ?NET_IsLocalAddress@@YA_NPAUnetadr_t@@@Z 0043b33b f   net_wins.obj
 0001:0003a34a       ?NET_GetPacket@@YA_NW4netsrc_t@@PAUnetadr_t@@PAVsizebuf_t@@@Z 0043b34a f   net_wins.obj
 0001:0003a4c9       ?NET_SendPacket@@YAXW4netsrc_t@@HPAXUnetadr_t@@@Z 0043b4c9 f   net_wins.obj
 0001:0003a5e7       ?NET_Config@@YAX_N@Z       0043b5e7 f   net_wins.obj
 0001:0003a7c2       ?NET_Init@@YAXXZ           0043b7c2 f   net_wins.obj
 0001:0003a875       ?SNDDMA_Init@@YA_NXZ       0043b875 f   snd_win.obj
 0001:0003aec0       ?SNDDMA_GetDMAPos@@YAHXZ   0043bec0 f   snd_win.obj
 0001:0003af0a       ?SNDDMA_BeginPainting@@YAXXZ 0043bf0a f   snd_win.obj
 0001:0003b029       ?SNDDMA_Submit@@YAXXZ      0043c029 f   snd_win.obj
 0001:0003b04e       ?SNDDMA_Shutdown@@YAXXZ    0043c04e f   snd_win.obj
 0001:0003b053       ?S_Activate@@YAX_N@Z       0043c053 f   snd_win.obj
 0001:0003b0a6       ?Write@COutputDeviceWin32Console@@UAEXPBD@Z 0043c0a6 f i sys_win.obj
 0001:0003b11e       ?EraseInput@COutputDeviceWin32Console@@QAEXXZ 0043c11e f i sys_win.obj
 0001:0003b1a4       ??_GCOutputDeviceWin32Console@@UAEPAXI@Z 0043c1a4 f i sys_win.obj
 0001:0003b1a4       ??_ECOutputDeviceWin32Console@@UAEPAXI@Z 0043c1a4 f i sys_win.obj
 0001:0003b1c4       ?Sys_ConsoleInput@@YAPADXZ 0043c1c4 f   sys_win.obj
 0001:0003b44d       ?Sys_ProcessMessages@@YAXXZ 0043c44d f   sys_win.obj
 0001:0003b506       _WinMain@16                0043c506 f   sys_win.obj
 0001:0003b81a       ??_GCOutputDeviceCon@@UAEPAXI@Z 0043c81a f i sys_win.obj
 0001:0003b81a       ??_ECOutputDeviceCon@@UAEPAXI@Z 0043c81a f i sys_win.obj
 0001:0003b8c2       ?Init@COutputDeviceWin32Console@@QAEXXZ 0043c8c2 f i sys_win.obj
 0001:0003b8ec       ?AddMsgHook@@YAXP6A_NIIJ@Z@Z 0043c8ec f   vid_dll.obj
 0001:0003b933       ?RemoveMsgHook@@YAXP6A_NIIJ@Z@Z 0043c933 f   vid_dll.obj
 0001:0003b966       ?Vid_CreateWindow@@YAPAXHH_N@Z 0043c966 f   vid_dll.obj
 0001:0003c05f       ?Vid_DestroyWindow@@YAX_N@Z 0043d05f f   vid_dll.obj
 0001:0003c09e       ?Vid_Restart@@YAXXZ        0043d09e f   vid_dll.obj
 0001:0003c0aa       ?Vid_GetModeInfo@@YA_NPAH0H@Z 0043d0aa f   vid_dll.obj
 0001:0003c0dc       ?Vid_Tick@@YAXXZ           0043d0dc f   vid_dll.obj
 0001:0003c294       ?Vid_Init@@YAXXZ           0043d294 f   vid_dll.obj
 0001:0003c337       ?Vid_Shutdown@@YAXXZ       0043d337 f   vid_dll.obj
 0001:0003c356       ?PreLight@Comb@OpenGLDrv@@YA_NPBVshader_t@2@AAH@Z 0043d356 f   gl_backend.obj
 0001:0003c5b0       ?PostLight@Comb@OpenGLDrv@@YAXPBVshader_t@2@@Z 0043d5b0 f   gl_backend.obj
 0001:0003c836       ?AddFogPass@Comb@OpenGLDrv@@YAXPBVshader_t@2@@Z 0043d836 f   gl_backend.obj
 0001:0003c974       ?AddStaticStages@Comb@OpenGLDrv@@YAXPBVshader_t@2@H@Z 0043d974 f   gl_backend.obj
 0001:0003cab0       ?ComputeConstColor@Comb@OpenGLDrv@@YAXXZ 0043dab0 f   gl_backend.obj
 0001:0003cdd5       ?NoMultitexture@Comb@OpenGLDrv@@YAXXZ 0043ddd5 f   gl_backend.obj
 0001:0003ce2c       ?UseMultitexture@Comb@OpenGLDrv@@YAXXZ 0043de2c f   gl_backend.obj
 0001:0003d443       ?ShowFillrate@Comb@OpenGLDrv@@YAXPBVshader_t@2@@Z 0043e443 f   gl_backend.obj
 0001:0003d4e2       ?DebugLight@Comb@OpenGLDrv@@YAXPBVshader_t@2@@Z 0043e4e2 f   gl_backend.obj
 0001:0003d677       ?ComputeCombiners@Comb@OpenGLDrv@@YAXPBVshader_t@2@@Z 0043e677 f   gl_backend.obj
 0001:0003d7d6       ?BK_FlushShader@OpenGLDrv@@YAXXZ 0043e7d6 f   gl_backend.obj
 0001:0003f984       ?Tesselate@surfacePlanar_t@OpenGLDrv@@UAEXAAUrefEntity_t@2@@Z 00440984 f   gl_backend.obj
 0001:0003faf1       ?Tesselate@surfaceTrisurf_t@OpenGLDrv@@UAEXAAUrefEntity_t@2@@Z 00440af1 f   gl_backend.obj
 0001:0003fbff       ?Tesselate@surfacePoly_t@OpenGLDrv@@UAEXAAUrefEntity_t@2@@Z 00440bff f   gl_backend.obj
 0001:0003fd09       ?Tesselate@surfaceMd3_t@OpenGLDrv@@UAEXAAUrefEntity_t@2@@Z 00440d09 f   gl_backend.obj
 0001:000402d9       ?DrawBrush@OpenGLDrv@@YAXPBUCBrush@@PBDH@Z 004412d9 f   gl_backend.obj
 0001:0004033c       ?Tesselate@surfaceEntity_t@OpenGLDrv@@UAEXAAUrefEntity_t@2@@Z 0044133c f   gl_backend.obj
 0001:00040437       ?Tesselate@surfaceParticle_t@OpenGLDrv@@UAEXAAUrefEntity_t@2@@Z 00441437 f   gl_backend.obj
 0001:00040687       ?BK_DrawScene@OpenGLDrv@@YAXXZ 00441687 f   gl_backend.obj
 0001:00040f44       ?BK_DrawPic@OpenGLDrv@@YAXPAVshader_t@1@HHHHMMMMIE@Z 00441f44 f   gl_backend.obj
 0001:00041120       ?BK_DrawText@OpenGLDrv@@YAXPBVCFont@1@PBDHHHI@Z 00442120 f   gl_backend.obj
 0001:00041370       ?BK_BeginFrame@OpenGLDrv@@YAXXZ 00442370 f   gl_backend.obj
 0001:000413d4       ?BK_EndFrame@OpenGLDrv@@YAXXZ 004423d4 f   gl_backend.obj
 0001:00041429       ?BK_Init@OpenGLDrv@@YAXXZ  00442429 f   gl_backend.obj
 0001:00041458       ?BK_Shutdown@OpenGLDrv@@YAXXZ 00442458 f   gl_backend.obj
 0001:00041470       ?AllocDynamicMemory@OpenGLDrv@@YAPAXH@Z 00442470 f   gl_buffers.obj
 0001:000414e9       ?ResizeDynamicMemory@OpenGLDrv@@YAXPAXH@Z 004424e9 f   gl_buffers.obj
 0001:0004152e       ?AddSurfaceToPortal@OpenGLDrv@@YAXPAVsurfaceBase_t@1@PAVshader_t@1@HH@Z 0044252e f   gl_buffers.obj
 0001:000415ac       ?InsertShaderIndex@OpenGLDrv@@YAXH@Z 004425ac f   gl_buffers.obj
 0001:000415e2       ?ClearPortal@OpenGLDrv@@YAXXZ 004425e2 f   gl_buffers.obj
 0001:00041600       ?SortSurfaces@OpenGLDrv@@YAXPAUviewPortal_t@1@PAPAUsurfaceInfo_t@1@@Z 00442600 f   gl_buffers.obj
 0001:00041792       ?ClearBuffers@OpenGLDrv@@YAXXZ 00442792 f   gl_buffers.obj
 0001:000417a9       ?CreateBuffers@OpenGLDrv@@YAXXZ 004427a9 f   gl_buffers.obj
 0001:000417cf       ?FreeBuffers@OpenGLDrv@@YAXXZ 004427cf f   gl_buffers.obj
 0001:000417f3       ?FindFont@OpenGLDrv@@YAPAVCFont@1@PBD@Z 004427f3 f   gl_font.obj
 0001:00041873       ?InitFonts@OpenGLDrv@@YAXXZ 00442873 f   gl_font.obj
 0001:000418cd       ?ShutdownFonts@OpenGLDrv@@YAXXZ 004428cd f   gl_font.obj
 0001:000418d9       ?ResetFonts@OpenGLDrv@@YAXXZ 004428d9 f   gl_font.obj
 0001:000419e2       ?Load@CFont@OpenGLDrv@@QAE_NPBD@Z 004429e2 f   gl_font.obj
 0001:00041a99       ?GetTextExtents@CFont@OpenGLDrv@@QAEXPBDAAH1@Z 00442a99 f   gl_font.obj
 0001:00041ae9       ?InitEntity@model_t@OpenGLDrv@@UAE_NPAUentity_t@@PAUrefEntity_t@2@@Z 00442ae9 f   gl_frontend.obj
 0001:00041aee       ?AddSurfaces@model_t@OpenGLDrv@@UAEXPAUrefEntity_t@2@@Z 00442aee f   gl_frontend.obj
 0001:00041b2a       ?GetLeaf@model_t@OpenGLDrv@@UAEPBUCBspLeaf@@PAUrefEntity_t@2@@Z 00442b2a f   gl_frontend.obj
 0001:00041b41       ?DrawLabel@model_t@OpenGLDrv@@UAEXPAUrefEntity_t@2@@Z 00442b41 f   gl_frontend.obj
 0001:00041b44       ?InitEntity@inlineModel_t@OpenGLDrv@@UAE_NPAUentity_t@@PAUrefEntity_t@2@@Z 00442b44 f   gl_frontend.obj
 0001:00041bb1       ?AddSurfaces@inlineModel_t@OpenGLDrv@@UAEXPAUrefEntity_t@2@@Z 00442bb1 f   gl_frontend.obj
 0001:00042247       ?GetLeaf@inlineModel_t@OpenGLDrv@@UAEPBUCBspLeaf@@PAUrefEntity_t@2@@Z 00443247 f   gl_frontend.obj
 0001:000423f2       ?DrawLabel@inlineModel_t@OpenGLDrv@@UAEXPAUrefEntity_t@2@@Z 004433f2 f   gl_frontend.obj
 0001:0004243b       ?InitEntity@md3Model_t@OpenGLDrv@@UAE_NPAUentity_t@@PAUrefEntity_t@2@@Z 0044343b f   gl_frontend.obj
 0001:00042630       ?AddSurfaces@md3Model_t@OpenGLDrv@@UAEXPAUrefEntity_t@2@@Z 00443630 f   gl_frontend.obj
 0001:0004276a       ?GetLeaf@md3Model_t@OpenGLDrv@@UAEPBUCBspLeaf@@PAUrefEntity_t@2@@Z 0044376a f   gl_frontend.obj
 0001:000427a5       ?DrawLabel@md3Model_t@OpenGLDrv@@UAEXPAUrefEntity_t@2@@Z 004437a5 f   gl_frontend.obj
 0001:0004280e       ?InitEntity@sprModel_t@OpenGLDrv@@UAE_NPAUentity_t@@PAUrefEntity_t@2@@Z 0044380e f   gl_frontend.obj
 0001:00042831       ?AddSurfaces@sprModel_t@OpenGLDrv@@UAEXPAUrefEntity_t@2@@Z 00443831 f   gl_frontend.obj
 0001:000429b2       ?GetLeaf@sprModel_t@OpenGLDrv@@UAEPBUCBspLeaf@@PAUrefEntity_t@2@@Z 004439b2 f   gl_frontend.obj
 0001:00042a9a       ?AddEntity@OpenGLDrv@@YAXPAUentity_t@@@Z 00443a9a f   gl_frontend.obj
 0001:00042c53       ?AddDlight@OpenGLDrv@@YAXPAUdlight_t@@@Z 00443c53 f   gl_frontend.obj
 0001:00042e1d       ?DrawPortal@OpenGLDrv@@YAXXZ 00443e1d f   gl_frontend.obj
 0001:0004505e       ?GL_TextureMode@OpenGLDrv@@YAXPBD@Z 0044605e f   gl_image.obj
 0001:00045109       ?CreateImage@OpenGLDrv@@YAPAVimage_t@1@PBDPAXHHI@Z 00446109 f   gl_image.obj
 0001:00045f25       ?CreateImage8@OpenGLDrv@@YAPAVimage_t@1@PBDPAXHHIPAI@Z 00446f25 f   gl_image.obj
 0001:00046004       ?LoadDelayedImages@OpenGLDrv@@YAXXZ 00447004 f   gl_image.obj
 0001:00046097       ?DrawStretchRaw8@OpenGLDrv@@YAXHHHHHHPAEPAI@Z 00447097 f   gl_image.obj
 0001:000463ca       ?SetupGamma@OpenGLDrv@@YAXXZ 004473ca f   gl_image.obj
 0001:00046510       ?PerformScreenshot@OpenGLDrv@@YAXXZ 00447510 f   gl_image.obj
 0001:00046781       ?InitImages@OpenGLDrv@@YAXXZ 00447781 f   gl_image.obj
 0001:000470bd       ?ShutdownImages@OpenGLDrv@@YAXXZ 004480bd f   gl_image.obj
 0001:00047124       ?ShowImages@OpenGLDrv@@YAXXZ 00448124 f   gl_image.obj
 0001:000473b0       ?FindImage@OpenGLDrv@@YAPAVimage_t@1@PBDI@Z 004483b0 f   gl_image.obj
 0001:000477c2       ?GetImageColor@OpenGLDrv@@YA_NPBDPATcolor_t@@@Z 004487c2 f   gl_image.obj
 0001:0004782f       ?GL_Lock@OpenGLDrv@@YAXXZ  0044882f f   gl_interface.obj
 0001:000478a7       ?GL_Unlock@OpenGLDrv@@YAXXZ 004488a7 f   gl_interface.obj
 0001:00047a69       ?GL_Bind@OpenGLDrv@@YAXPBVimage_t@1@@Z 00448a69 f   gl_interface.obj
 0001:00047bfe       ?GL_BindForce@OpenGLDrv@@YAXPBVimage_t@1@@Z 00448bfe f   gl_interface.obj
 0001:00047c96       ?GL_TexEnv@OpenGLDrv@@YAXI@Z 00448c96 f   gl_interface.obj
 0001:00047e15       ?GL_TexMipBias@OpenGLDrv@@YAXM@Z 00448e15 f   gl_interface.obj
 0001:00047e71       ?GL_TexEnvColor@OpenGLDrv@@YAXPBTcolor_t@@@Z 00448e71 f   gl_interface.obj
 0001:00047f21       ?GL_SelectTexture@OpenGLDrv@@YAXH@Z 00448f21 f   gl_interface.obj
 0001:00047f84       ?GL_TexCoordPointer@OpenGLDrv@@YAXPAX@Z 00448f84 f   gl_interface.obj
 0001:00047fb7       ?GL_SetMultitexture@OpenGLDrv@@YAXH@Z 00448fb7 f   gl_interface.obj
 0001:000480a8       ?GL_DisableTexCoordArrays@OpenGLDrv@@YAXXZ 004490a8 f   gl_interface.obj
 0001:000480fc       ?GL_CullFace@OpenGLDrv@@YAXW4gl_cullMode_t@1@@Z 004490fc f   gl_interface.obj
 0001:00048150       ?GL_DepthRange@OpenGLDrv@@YAXW4gl_depthMode_t@1@@Z 00449150 f   gl_interface.obj
 0001:00048186       ?GL_State@OpenGLDrv@@YAXI@Z 00449186 f   gl_interface.obj
 0001:000482d6       ?GL_EnableFog@OpenGLDrv@@YAX_N@Z 004492d6 f   gl_interface.obj
 0001:000483b0       ?GL_SetDefaultState@OpenGLDrv@@YAXXZ 004493b0 f   gl_interface.obj
 0001:00048507       ?GL_Set2DMode@OpenGLDrv@@YAXXZ 00449507 f   gl_interface.obj
 0001:000485fb       ?GL_Set3DMode@OpenGLDrv@@YAXPAUviewPortal_t@1@@Z 004495fb f   gl_interface.obj
 0001:000486e6       ?Show@CPointLight@OpenGLDrv@@UBEXXZ 004496e6 f   gl_light.obj
 0001:00048903       ?Show@CSurfLight@OpenGLDrv@@UBEXXZ 00449903 f   gl_light.obj
 0001:00048a7a       ?ShowLights@OpenGLDrv@@YAXXZ 00449a7a f   gl_light.obj
 0001:00048aff       ?Init@CPointLight@OpenGLDrv@@UAEXXZ 00449aff f   gl_light.obj
 0001:00048b17       ?Init@CLightLinear@OpenGLDrv@@EAEXXZ 00449b17 f   gl_light.obj
 0001:00048b4b       ?GetScale@CLightLinear@OpenGLDrv@@EBEMM@Z 00449b4b f   gl_light.obj
 0001:00048b5b       ?Init@CLightInv@OpenGLDrv@@EAEXXZ 00449b5b f   gl_light.obj
 0001:00048b77       ?GetScale@CLightInv@OpenGLDrv@@EBEMM@Z 00449b77 f   gl_light.obj
 0001:00048b93       ?Init@CLightInv2@OpenGLDrv@@EAEXXZ 00449b93 f   gl_light.obj
 0001:00048bfc       ?GetScale@CLightInv2@OpenGLDrv@@EBEMM@Z 00449bfc f   gl_light.obj
 0001:00048c1e       ?Init@CLightNofade@OpenGLDrv@@EAEXXZ 00449c1e f   gl_light.obj
 0001:00048c2f       ?GetScale@CLightNofade@OpenGLDrv@@EBEMM@Z 00449c2f f   gl_light.obj
 0001:00048c35       ?Add@CPointLight@OpenGLDrv@@UBEXABUCVec3@@ABUCAxis@@@Z 00449c35 f   gl_light.obj
 0001:00049081       ?Init@CSurfLight@OpenGLDrv@@UAEXXZ 0044a081 f   gl_light.obj
 0001:0004915c       ?Add@CSurfLight@OpenGLDrv@@UBEXABUCVec3@@ABUCAxis@@@Z 0044a15c f   gl_light.obj
 0001:0004957d       ?Init@CSunLight@OpenGLDrv@@UAEXXZ 0044a57d f   gl_light.obj
 0001:0004962a       ?Add@CSunLight@OpenGLDrv@@UBEXABUCVec3@@ABUCAxis@@@Z 0044a62a f   gl_light.obj
 0001:000496f0       ?LightForEntity@OpenGLDrv@@YAXPAUrefEntity_t@1@@Z 0044a6f0 f   gl_light.obj
 0001:00049fcb       ?DiffuseLight@OpenGLDrv@@YAXPATcolor_t@@M@Z 0044afcb f   gl_light.obj
 0001:0004a217       ?InitLightGrid@OpenGLDrv@@YAXXZ 0044b217 f   gl_light.obj
 0001:0004a2bd       ?PostLoadLights@OpenGLDrv@@YAXXZ 0044b2bd f   gl_light.obj
 0001:0004a3a6       ?LM_Init@OpenGLDrv@@YAXXZ  0044b3a6 f   gl_lightmap.obj
 0001:0004a3bc       ?LM_Flush@OpenGLDrv@@YAXPAUlightmapBlock_t@1@@Z 0044b3bc f   gl_lightmap.obj
 0001:0004a41c       ?LM_Done@OpenGLDrv@@YAXXZ  0044b41c f   gl_lightmap.obj
 0001:0004a443       ?LM_Save@OpenGLDrv@@YAXPAUlightmapBlock_t@1@@Z 0044b443 f   gl_lightmap.obj
 0001:0004a45e       ?LM_Restore@OpenGLDrv@@YAXPAUlightmapBlock_t@1@@Z 0044b45e f   gl_lightmap.obj
 0001:0004a479       ?LM_NewBlock@OpenGLDrv@@YAPAUlightmapBlock_t@1@XZ 0044b479 f   gl_lightmap.obj
 0001:0004a4d8       ?LM_Rewind@OpenGLDrv@@YAXXZ 0044b4d8 f   gl_lightmap.obj
 0001:0004a4e0       ?LM_NextBlock@OpenGLDrv@@YAPAUlightmapBlock_t@1@XZ 0044b4e0 f   gl_lightmap.obj
 0001:0004a50d       ?LM_CheckMinlight@OpenGLDrv@@YAXPAUdynamicLightmap_t@1@@Z 0044b50d f   gl_lightmap.obj
 0001:0004a5a3       ?LM_AllocBlock@OpenGLDrv@@YA_NPAUlightmapBlock_t@1@PAUdynamicLightmap_t@1@@Z 0044b5a3 f   gl_lightmap.obj
 0001:0004a6c9       ?LM_Copy@OpenGLDrv@@YAXPAE0HH@Z 0044b6c9 f   gl_lightmap.obj
 0001:0004aa43       ?LM_PutBlock@OpenGLDrv@@YAXPAUdynamicLightmap_t@1@@Z 0044ba43 f   gl_lightmap.obj
 0001:0004ab5a       ?LM_PutBlock1@OpenGLDrv@@YAXPAUdynamicLightmap_t@1@@Z 0044bb5a f   gl_lightmap.obj
 0001:0004acab       ?LM_SortLightStyles@OpenGLDrv@@YAXPAUdynamicLightmap_t@1@@Z 0044bcab f   gl_lightmap.obj
 0001:0004ad3d       ?UpdateDynamicLightmap@OpenGLDrv@@YAXPAVsurfacePlanar_t@1@_NI@Z 0044bd3d f   gl_lightmap.obj
 0001:0004b5b1       ?LM_IsMonotone@OpenGLDrv@@YA_NPAUdynamicLightmap_t@1@PATcolor_t@@@Z 0044c5b1 f   gl_lightmap.obj
 0001:0004b6b8       ?Init@OpenGLDrv@@YA_NXZ    0044c6b8 f   gl_main.obj
 0001:0004bdd1       ?Shutdown@OpenGLDrv@@YAX_N@Z 0044cdd1 f   gl_main.obj
 0001:0004be5f       ?GL_EnableRendering@OpenGLDrv@@YAX_N@Z 0044ce5f f   gl_main.obj
 0001:0004be7d       ?BeginFrame@OpenGLDrv@@YAXN@Z 0044ce7d f   gl_main.obj
 0001:0004bfaf       ?EndFrame@OpenGLDrv@@YAXXZ 0044cfaf f   gl_main.obj
 0001:0004bfc7       ?RenderFrame@OpenGLDrv@@YAXPAUrefdef_t@@@Z 0044cfc7 f   gl_main.obj
 0001:0004c54d       ?Zero@FDrawStats@OpenGLDrv@@QAEXXZ 0044d54d f i gl_main.obj
 0001:0004c971       ?Fill8@OpenGLDrv@@YAXHHHHH@Z 0044d971 f   gl_main.obj
 0001:0004c9b4       ?Fill@OpenGLDrv@@YAXHHHHI@Z 0044d9b4 f   gl_main.obj
 0001:0004c9f0       ?TileClear@OpenGLDrv@@YAXHHHHPBD@Z 0044d9f0 f   gl_main.obj
 0001:0004ca91       ?DrawStretchPic@OpenGLDrv@@YAXHHHHPBD@Z 0044da91 f   gl_main.obj
 0001:0004cad6       ?DrawDetailedPic@OpenGLDrv@@YAXHHHHPBD@Z 0044dad6 f   gl_main.obj
 0001:0004cb80       ?DrawPic@OpenGLDrv@@YAXHHPBDHH@Z 0044db80 f   gl_main.obj
 0001:0004cc08       ?LoadNewWorld@OpenGLDrv@@YAXXZ 0044dc08 f   gl_main.obj
 0001:0004cc2d       ?DumpLoadStats@OpenGLDrv@@YAXXZ 0044dc2d f   gl_main.obj
 0001:0004ccb3       ?FinishLoadingWorld@OpenGLDrv@@YAXXZ 0044dcb3 f   gl_main.obj
 0001:0004ccb8       ?RegisterPic@OpenGLDrv@@YAPAVCBasicImage@@PBD@Z 0044dcb8 f   gl_main.obj
 0001:0004cccc       ?RegisterSkin@OpenGLDrv@@YAPAVCBasicImage@@PBD_N@Z 0044dccc f   gl_main.obj
 0001:0004ccec       ?RegisterFont@OpenGLDrv@@YAPAVCBasicFont@@PBD@Z 0044dcec f   gl_main.obj
 0001:0004ccfa       ?RegisterModel@OpenGLDrv@@YAPAVCRenderModel@@PBD@Z 0044dcfa f   gl_main.obj
 0001:0004cd08       ?SetSky@OpenGLDrv@@YAXPBDMABUCVec3@@@Z 0044dd08 f   gl_main.obj
 0001:0004ce10       ?Screenshot@OpenGLDrv@@YAXHPBD@Z 0044de10 f   gl_main.obj
 0001:0004ce38       ?GetClientLight@OpenGLDrv@@YAMXZ 0044de38 f   gl_main.obj
 0001:0004ce3f       ?InitFuncTables@OpenGLDrv@@YAXXZ 0044de3f f   gl_math.obj
 0001:0004cf43       ?BuildRotationAxis@OpenGLDrv@@YAXAAUCAxis@@ABUCVec3@@M@Z 0044df43 f   gl_math.obj
 0001:0004d03a       ?GetBoxRect@OpenGLDrv@@YA_NPBUrefEntity_t@1@ABUCVec3@@QAM2_N@Z 0044e03a f   gl_math.obj
 0001:0004d344       ?ProjectToScreen@OpenGLDrv@@YA_NABUCVec3@@QAH@Z 0044e344 f   gl_math.obj
 0001:0004d487       ?SaturateColor3f@OpenGLDrv@@YAXAAUCVec3@@@Z 0044e487 f   gl_math.obj
 0001:0004d577       ?SaturateColor4b@OpenGLDrv@@YAXPATcolor_t@@@Z 0044e577 f   gl_math.obj
 0001:0004d685       ?SubdividePlane@OpenGLDrv@@YAHPAPAUCVec3@@HM@Z 0044e685 f   gl_poly.obj
 0001:0004db64       ?FreeSubdividedPlane@OpenGLDrv@@YAXXZ 0044eb64 f   gl_poly.obj
 0001:0004db7c       ?GetSubdivideIndexes@OpenGLDrv@@YAXPAH@Z 0044eb7c f   gl_poly.obj
 0001:0004dbd2       ?RemoveCollinearPoints@OpenGLDrv@@YAHPAPAUCVec3@@H@Z 0044ebd2 f   gl_poly.obj
 0001:0004dcc8       ?InitShaders@OpenGLDrv@@YAXXZ 0044ecc8 f   gl_shader.obj
 0001:0004de66       ?ShutdownShaders@OpenGLDrv@@YAXXZ 0044ee66 f   gl_shader.obj
 0001:0004dea4       ?GetLightmapImage@OpenGLDrv@@YAPAVimage_t@1@H@Z 0044eea4 f   gl_shader.obj
 0001:0004decf       ?SetShaderLightmap@OpenGLDrv@@YAPAVshader_t@1@PAV21@H@Z 0044eecf f   gl_shader.obj
 0001:0004e291       ??4shader_t@OpenGLDrv@@QAEAAV01@ABV01@@Z 0044f291 f i gl_shader.obj
 0001:0004e577       ?SetShaderLightstyles@OpenGLDrv@@YAPAVshader_t@1@PAV21@I_N@Z 0044f577 f   gl_shader.obj
 0001:0004e629       ?GetAlphaShader@OpenGLDrv@@YAPAVshader_t@1@PAV21@@Z 0044f629 f   gl_shader.obj
 0001:0004ec09       ?SetShaderAnimFreq@OpenGLDrv@@YAXPAVshader_t@1@H@Z 0044fc09 f   gl_shader.obj
 0001:0004ec5f       ?FindShader@OpenGLDrv@@YAPAVshader_t@1@PBDI@Z 0044fc5f f   gl_shader.obj
 0001:000509bd       ?GetShaderByNum@OpenGLDrv@@YAPAVshader_t@1@H@Z 004519bd f   gl_shader.obj
 0001:000509df       ?ResetShaders@OpenGLDrv@@YAXXZ 004519df f   gl_shader.obj
 0001:00050c03       ?Reload@shader_t@OpenGLDrv@@UAEXXZ 00451c03 f   gl_shader.obj
 0001:00050c32       ?Insert@?$TList@VCStringItem@@@@QAE_NPAVCStringItem@@@Z 00451c32 f i gl_shader.obj
 0001:00050c32       ?Insert@?$TList@VplayerModelInfo_t@@@@QAE_NPAVplayerModelInfo_t@@@Z 00451c32 f i gl_shader.obj
 0001:00050c32       ?Insert@?$TList@VshaderScript_t@OpenGLDrv@@@@QAE_NPAVshaderScript_t@OpenGLDrv@@@Z 00451c32 f i gl_shader.obj
 0001:00050c68       ?ClearSky@OpenGLDrv@@YAXXZ 00451c68 f   gl_sky.obj
 0001:00050cc5       ?AddToSky@surfaceBase_t@OpenGLDrv@@UAEX_N@Z 00451cc5 f   gl_sky.obj
 0001:00050cd9       ?AddToSky@surfacePlanar_t@OpenGLDrv@@UAEX_N@Z 00451cd9 f   gl_sky.obj
 0001:00051512       ?AddToSky@surfaceTrisurf_t@OpenGLDrv@@UAEX_N@Z 00452512 f   gl_sky.obj
 0001:00051557       ?DrawSky@OpenGLDrv@@YAXXZ  00452557 f   gl_sky.obj
 0001:00051d59       ?DrawChar@OpenGLDrv@@YAXHHHH@Z 00452d59 f   gl_text.obj
 0001:00051d88       ?DrawChar@OpenGLDrv@@YAXPAVCBasicFont@@HHHH@Z 00452d88 f   gl_text.obj
 0001:00051ddb       ?ClearTexts@OpenGLDrv@@YAXXZ 00452ddb f   gl_text.obj
 0001:00051df0       ?FlushTexts@OpenGLDrv@@YAXXZ 00452df0 f   gl_text.obj
 0001:00051ea5       ?DrawTextPos@OpenGLDrv@@YAXHHPBDI@Z 00452ea5 f   gl_text.obj
 0001:00051ed1       ?DrawTextLeft@OpenGLDrv@@YAXPBDI@Z 00452ed1 f   gl_text.obj
[...]
 0001:00067ed4       _noscale                   00468ed4 f   libs-vc-win32:jcscale.obj
 0001:0006797d       _start_pass                0046897d f   libs-vc-win32:jcpred.obj
 0001:000679d5       _reset_predictor           004689d5 f   libs-vc-win32:jcpred.obj
 0001:00067a02       _jpeg_difference_first_row 00468a02 f   libs-vc-win32:jcpred.obj
 0001:00067aec       _jpeg_difference1          00468aec f   libs-vc-win32:jcpred.obj
 0001:00067b5a       _jpeg_difference2          00468b5a f   libs-vc-win32:jcpred.obj
 0001:00067bcb       _jpeg_difference3          00468bcb f   libs-vc-win32:jcpred.obj
 0001:00067c43       _jpeg_difference4          00468c43 f   libs-vc-win32:jcpred.obj
 0001:00067cce       _jpeg_difference5          00468cce f   libs-vc-win32:jcpred.obj
 0001:00067d61       _jpeg_difference6          00468d61 f   libs-vc-win32:jcpred.obj
 0001:00067df0       _jpeg_difference7          00468df0 f   libs-vc-win32:jcpred.obj
 0001:0006726f       _start_pass_huff           0046826f f   libs-vc-win32:jclhuff.obj
 0001:0006740c       _encode_mcus_huff          0046840c f   libs-vc-win32:jclhuff.obj
 0001:000675f7       _emit_bits                 004685f7 f   libs-vc-win32:jclhuff.obj
 0001:0006769a       _dump_buffer               0046869a f   libs-vc-win32:jclhuff.obj
 0001:000676be       _emit_restart              004686be f   libs-vc-win32:jclhuff.obj
 0001:00067709       _flush_bits                00468709 f   libs-vc-win32:jclhuff.obj
 0001:0006772d       _finish_pass_huff          0046872d f   libs-vc-win32:jclhuff.obj
 0001:0006779a       _encode_mcus_gather        0046879a f   libs-vc-win32:jclhuff.obj
 0001:000678c3       _finish_pass_gather        004688c3 f   libs-vc-win32:jclhuff.obj
 0001:00065f94       _need_optimization_pass    00466f94 f   libs-vc-win32:jcshuff.obj
 0001:00066e8f       _start_pass_diff           00467e8f f   libs-vc-win32:jcdiffct.obj
 0001:00065195       _start_iMCU_row            00466195 f   libs-vc-win32:jccoefct.obj
 0001:00066f2d       _compress_data             00467f2d f   libs-vc-win32:jcdiffct.obj
 0001:000670c3       _compress_first_pass       004680c3 f   libs-vc-win32:jcdiffct.obj
 0001:000671b8       _compress_output           004681b8 f   libs-vc-win32:jcdiffct.obj
 0001:00066aa2       _start_pass_fdctmgr        00467aa2 f   libs-vc-win32:jcdctmgr.obj
 0001:00066ba4       _forward_DCT_float         00467ba4 f   libs-vc-win32:jcdctmgr.obj
 0001:00065fd7       _start_pass_phuff          00466fd7 f   libs-vc-win32:jcphuff.obj
 0001:00066144       _encode_mcu_DC_first       00467144 f   libs-vc-win32:jcphuff.obj
 0001:00066276       _emit_bits                 00467276 f   libs-vc-win32:jcphuff.obj
 0001:00066321       _dump_buffer               00467321 f   libs-vc-win32:jcphuff.obj
 0001:00066359       _emit_symbol               00467359 f   libs-vc-win32:jcphuff.obj
 0001:00066399       _emit_restart              00467399 f   libs-vc-win32:jcphuff.obj
 0001:00066422       _emit_eobrun               00467422 f   libs-vc-win32:jcphuff.obj
 0001:000664a8       _encode_mcu_AC_first       004674a8 f   libs-vc-win32:jcphuff.obj
 0001:0006663c       _encode_mcu_DC_refine      0046763c f   libs-vc-win32:jcphuff.obj
 0001:000666f6       _encode_mcu_AC_refine      004676f6 f   libs-vc-win32:jcphuff.obj
 0001:0006690d       _finish_pass_phuff         0046790d f   libs-vc-win32:jcphuff.obj
 0001:0006695c       _finish_pass_gather_phuff  0046795c f   libs-vc-win32:jcphuff.obj
 0001:00066a1f       _need_optimization_pass    00467a1f f   libs-vc-win32:jcphuff.obj
 0001:0006576f       _start_pass_huff           0046676f f   libs-vc-win32:jcshuff.obj
 0001:000658e4       _encode_mcu_huff           004668e4 f   libs-vc-win32:jcshuff.obj
 0001:000659ef       _encode_one_block          004669ef f   libs-vc-win32:jcshuff.obj
 0001:00065b66       _emit_bits                 00466b66 f   libs-vc-win32:jcshuff.obj
 0001:00065c09       _dump_buffer               00466c09 f   libs-vc-win32:jcshuff.obj
 0001:00065c2d       _emit_restart              00466c2d f   libs-vc-win32:jcshuff.obj
 0001:00065c9a       _flush_bits                00466c9a f   libs-vc-win32:jcshuff.obj
 0001:00065cbe       _finish_pass_huff          00466cbe f   libs-vc-win32:jcshuff.obj
 0001:00065d2d       _encode_mcu_gather         00466d2d f   libs-vc-win32:jcshuff.obj
 0001:00065de3       _htest_one_block           00466de3 f   libs-vc-win32:jcshuff.obj
 0001:00065eaa       _finish_pass_gather        00466eaa f   libs-vc-win32:jcshuff.obj
 0001:00065f94       _need_optimization_pass    00466f94 f   libs-vc-win32:jcshuff.obj
 0001:00065100       _start_pass_coef           00466100 f   libs-vc-win32:jccoefct.obj
 0001:00065195       _start_iMCU_row            00466195 f   libs-vc-win32:jccoefct.obj
 0001:000651d7       _compress_data             004661d7 f   libs-vc-win32:jccoefct.obj
 0001:000653be       _compress_first_pass       004663be f   libs-vc-win32:jccoefct.obj
 0001:000655a4       _compress_output           004665a4 f   libs-vc-win32:jccoefct.obj
 0001:00065018       _calc_output_dimensions    00466018 f   libs-vc-win32:jdlossls.obj
 0001:00065029       _start_input_pass          00466029 f   libs-vc-win32:jdlossls.obj
 0001:00064d57       _calc_output_dimensions    00465d57 f   libs-vc-win32:jdlossy.obj
 0001:00064eca       _start_input_pass          00465eca f   libs-vc-win32:jdlossy.obj
 0001:00064eea       _latch_quant_tables        00465eea f   libs-vc-win32:jdlossy.obj
 0001:00064f82       _start_output_pass         00465f82 f   libs-vc-win32:jdlossy.obj
 0001:00064ca6       _start_pass                00465ca6 f   libs-vc-win32:jclossls.obj
 0001:00064c12       _start_pass                00465c12 f   libs-vc-win32:jclossy.obj
 0001:00064167       _initial_setup             00465167 f   libs-vc-win32:jcmaster.obj
 0001:0006431a       _validate_script           0046531a f   libs-vc-win32:jcmaster.obj
 0001:000646f2       _prepare_for_pass          004656f2 f   libs-vc-win32:jcmaster.obj
 0001:0006486a       _select_scan_parameters    0046586a f   libs-vc-win32:jcmaster.obj
 0001:0006496b       _per_scan_setup            0046596b f   libs-vc-win32:jcmaster.obj
 0001:00064b16       _pass_startup              00465b16 f   libs-vc-win32:jcmaster.obj
 0001:00064b3d       _finish_pass_master        00465b3d f   libs-vc-win32:jcmaster.obj
 0001:00063c53       _rgb_ycc_start             00464c53 f   libs-vc-win32:jccolor.obj
 0001:00063d17       _rgb_ycc_convert           00464d17 f   libs-vc-win32:jccolor.obj
 0001:00063e16       _rgb_gray_convert          00464e16 f   libs-vc-win32:jccolor.obj
 0001:00063e9b       _cmyk_ycck_convert         00464e9b f   libs-vc-win32:jccolor.obj
 0001:00063fd3       _grayscale_convert         00464fd3 f   libs-vc-win32:jccolor.obj
 0001:0006402d       _null_convert              0046502d f   libs-vc-win32:jccolor.obj
 0001:000328e9       _null_method               004338e9 f   images.obj
 0001:000328e9       _start_pass_downsample     004338e9 f   images.obj
 0001:0006339f       _sep_downsample            0046439f f   libs-vc-win32:jcsample.obj
 0001:00063414       _int_downsample            00464414 f   libs-vc-win32:jcsample.obj
 0001:0006350c       _expand_right_edge         0046450c f   libs-vc-win32:jcsample.obj
 0001:00063561       _fullsize_downsample       00464561 f   libs-vc-win32:jcsample.obj
 0001:000635a5       _h2v1_downsample           004645a5 f   libs-vc-win32:jcsample.obj
 0001:00063639       _h2v2_downsample           00464639 f   libs-vc-win32:jcsample.obj
 0001:000636e6       _h2v2_smooth_downsample    004646e6 f   libs-vc-win32:jcsample.obj
 0001:0006395e       _fullsize_smooth_downsample 0046495e f   libs-vc-win32:jcsample.obj
 0001:00062d9b       _start_pass_prep           00463d9b f   libs-vc-win32:jcprepct.obj
 0001:00062dd9       _pre_process_data          00463dd9 f   libs-vc-win32:jcprepct.obj
 0001:00062f87       _pre_process_context       00463f87 f   libs-vc-win32:jcprepct.obj
 0001:00063140       _create_context_buffer     00464140 f   libs-vc-win32:jcprepct.obj
 0001:00062c13       _start_pass_main           00463c13 f   libs-vc-win32:jcmainct.obj
 0001:00062c55       _process_data_simple_main  00463c55 f   libs-vc-win32:jcmainct.obj
 0001:000621e9       _create_colormap           004631e9 f   libs-vc-win32:jquant1.obj
 0001:0006231b       _select_ncolors            0046331b f   libs-vc-win32:jquant1.obj
 0001:000623f2       _create_colorindex         004633f2 f   libs-vc-win32:jquant1.obj
 0001:0006251e       _alloc_fs_workspace        0046351e f   libs-vc-win32:jquant1.obj
 0001:0006255a       _start_pass_1_quant        0046355a f   libs-vc-win32:jquant1.obj
 0001:00062626       _create_odither_tables     00463626 f   libs-vc-win32:jquant1.obj
 0001:00062685       _make_odither_array        00463685 f   libs-vc-win32:jquant1.obj
 0001:000626e8       _color_quantize            004636e8 f   libs-vc-win32:jquant1.obj
 0001:00062773       _color_quantize3           00463773 f   libs-vc-win32:jquant1.obj
 0001:00062801       _quantize_ord_dither       00463801 f   libs-vc-win32:jquant1.obj
 0001:000628ec       _quantize3_ord_dither      004638ec f   libs-vc-win32:jquant1.obj
 0001:000629ec       _quantize_fs_dither        004639ec f   libs-vc-win32:jquant1.obj
 0001:000328e9       _finish_pass_1_quant       004338e9 f   images.obj
 0001:00062b70       _new_color_map_1_quant     00463b70 f   libs-vc-win32:jquant1.obj
 0001:000611aa       _init_error_limit          004621aa f   libs-vc-win32:jquant2.obj
 0001:00061249       _start_pass_2_quant        00462249 f   libs-vc-win32:jquant2.obj
 0001:0006134b       _prescan_quantize          0046234b f   libs-vc-win32:jquant2.obj
 0001:000613ba       _pass2_no_dither           004623ba f   libs-vc-win32:jquant2.obj
 0001:00061467       _fill_inverse_cmap         00462467 f   libs-vc-win32:jquant2.obj
 0001:00061532       _find_nearby_colors        00462532 f   libs-vc-win32:jquant2.obj
 0001:000616d6       _find_best_colors          004626d6 f   libs-vc-win32:jquant2.obj
 0001:000617f0       _pass2_fs_dither           004627f0 f   libs-vc-win32:jquant2.obj
 0001:00061a5f       _finish_pass1              00462a5f f   libs-vc-win32:jquant2.obj
 0001:00061a81       _select_colors             00462a81 f   libs-vc-win32:jquant2.obj
 0001:00061b0d       _update_box                00462b0d f   libs-vc-win32:jquant2.obj
 0001:00061ea7       _median_cut                00462ea7 f   libs-vc-win32:jquant2.obj
 0001:00061fbb       _find_biggest_color_pop    00462fbb f   libs-vc-win32:jquant2.obj
 0001:00061fea       _find_biggest_volume       00462fea f   libs-vc-win32:jquant2.obj
 0001:00062013       _compute_color             00463013 f   libs-vc-win32:jquant2.obj
 0001:000328e9       _finish_pass2              004338e9 f   images.obj
 0001:0006214f       _new_color_map_2_quant     0046314f f   libs-vc-win32:jquant2.obj
 0001:00060bc1       _build_ycc_rgb_table       00461bc1 f   libs-vc-win32:jdmerge.obj
 0001:00060c71       _start_pass_merged_upsample 00461c71 f   libs-vc-win32:jdmerge.obj
 0001:00060c86       _merged_2v_upsample        00461c86 f   libs-vc-win32:jdmerge.obj
 0001:00060d2d       _merged_1v_upsample        00461d2d f   libs-vc-win32:jdmerge.obj
 0001:00060d5e       _h2v1_merged_upsample      00461d5e f   libs-vc-win32:jdmerge.obj
 0001:00060eb4       _h2v2_merged_upsample      00461eb4 f   libs-vc-win32:jdmerge.obj
 0001:00060765       _build_ycc_rgb_table       00461765 f   libs-vc-win32:jdcolor.obj
 0001:00060815       _ycc_rgb_convert           00461815 f   libs-vc-win32:jdcolor.obj
 0001:00060923       _null_convert              00461923 f   libs-vc-win32:jdcolor.obj
 0001:0006099b       _grayscale_convert         0046199b f   libs-vc-win32:jdcolor.obj
 0001:000609be       _gray_rgb_convert          004619be f   libs-vc-win32:jdcolor.obj
 0001:00060a17       _ycck_cmyk_convert         00461a17 f   libs-vc-win32:jdcolor.obj
 0001:000328e9       _start_pass_dcolor         004338e9 f   images.obj
 0001:000601c6       _start_pass_upsample       004611c6 f   libs-vc-win32:jdsample.obj
 0001:000601e0       _sep_upsample              004611e0 f   libs-vc-win32:jdsample.obj
 0001:000602ad       _fullsize_upsample         004612ad f   libs-vc-win32:jdsample.obj
 0001:000602b8       _noop_upsample             004612b8 f   libs-vc-win32:jdsample.obj
 0001:000602c0       _int_upsample              004612c0 f   libs-vc-win32:jdsample.obj
 0001:000603aa       _h2v1_upsample             004613aa f   libs-vc-win32:jdsample.obj
 0001:00060401       _h2v2_upsample             00461401 f   libs-vc-win32:jdsample.obj
 0001:00060473       _h2v1_fancy_upsample       00461473 f   libs-vc-win32:jdsample.obj
 0001:00060516       _h2v2_fancy_upsample       00461516 f   libs-vc-win32:jdsample.obj
 0001:0005fdcf       _start_pass_dpost          00460dcf f   libs-vc-win32:jdpostct.obj
 0001:0005fe75       _post_process_1pass        00460e75 f   libs-vc-win32:jdpostct.obj
 0001:0005feda       _post_process_prepass      00460eda f   libs-vc-win32:jdpostct.obj
 0001:0005ff6b       _post_process_2pass        00460f6b f   libs-vc-win32:jdpostct.obj
 0001:0005f7d6       _alloc_funny_pointers      004607d6 f   libs-vc-win32:jdmainct.obj
 0001:0005f883       _start_pass_main           00460883 f   libs-vc-win32:jdmainct.obj
 0001:0005f8eb       _make_funny_pointers       004608eb f   libs-vc-win32:jdmainct.obj
 0001:0005fa2b       _process_data_simple_main  00460a2b f   libs-vc-win32:jdmainct.obj
 0001:0005fa93       _process_data_context_main 00460a93 f   libs-vc-win32:jdmainct.obj
 0001:0005fba5       _set_wraparound_pointers   00460ba5 f   libs-vc-win32:jdmainct.obj
 0001:0005fc8f       _set_bottom_pointers       00460c8f f   libs-vc-win32:jdmainct.obj
 0001:0005fd29       _process_data_crank_post   00460d29 f   libs-vc-win32:jdmainct.obj
 0001:0005e4ff       _write_marker_header       0045f4ff f   libs-vc-win32:jcmarker.obj
 0001:0005e555       _emit_byte                 0045f555 f   libs-vc-win32:jcmarker.obj
 0001:0005e586       _write_marker_byte         0045f586 f   libs-vc-win32:jcmarker.obj
 0001:0005e596       _write_file_header         0045f596 f   libs-vc-win32:jcmarker.obj
 0001:0005e5e2       _emit_jfif_app0            0045f5e2 f   libs-vc-win32:jcmarker.obj
 0001:0005e6b5       _emit_adobe_app14          0045f6b5 f   libs-vc-win32:jcmarker.obj
 0001:0005e75b       _write_frame_header        0045f75b f   libs-vc-win32:jcmarker.obj
 0001:0005e83a       _emit_dqt                  0045f83a f   libs-vc-win32:jcmarker.obj
 0001:0005e929       _emit_sof                  0045f929 f   libs-vc-win32:jcmarker.obj
 0001:0005ea05       _write_scan_header         0045fa05 f   libs-vc-win32:jcmarker.obj
 0001:0005eac5       _emit_dht                  0045fac5 f   libs-vc-win32:jcmarker.obj
 0001:0005eb9e       _emit_dri                  0045fb9e f   libs-vc-win32:jcmarker.obj
 0001:0005ebed       _emit_sos                  0045fbed f   libs-vc-win32:jcmarker.obj
 0001:0005ecdb       _write_file_trailer        0045fcdb f   libs-vc-win32:jcmarker.obj
 0001:0005ecfb       _write_tables_only         0045fcfb f   libs-vc-win32:jcmarker.obj
 0001:0005e054       _use_merged_upsample       0045f054 f   libs-vc-win32:jdmaster.obj
 0001:0005e0fa       _master_selection          0045f0fa f   libs-vc-win32:jdmaster.obj
 0001:0005e257       _prepare_range_limit_table 0045f257 f   libs-vc-win32:jdmaster.obj
 0001:0005e2dd       _prepare_for_output_pass   0045f2dd f   libs-vc-win32:jdmaster.obj
 0001:0005e3fe       _finish_output_pass        0045f3fe f   libs-vc-win32:jdmaster.obj
 0001:0005d4cb       _alloc_small               0045e4cb f   libs-vc-win32:jmemmgr.obj
 0001:0005d5e9       _alloc_large               0045e5e9 f   libs-vc-win32:jmemmgr.obj
 0001:0005d69a       _alloc_sarray              0045e69a f   libs-vc-win32:jmemmgr.obj
 0001:0005d732       _alloc_barray              0045e732 f   libs-vc-win32:jmemmgr.obj
 0001:0005d7d6       _alloc_darray              0045e7d6 f   libs-vc-win32:jmemmgr.obj
 0001:0005d881       _request_virt_sarray       0045e881 f   libs-vc-win32:jmemmgr.obj
 0001:0005d8e2       _request_virt_barray       0045e8e2 f   libs-vc-win32:jmemmgr.obj
 0001:0005d943       _realize_virt_arrays       0045e943 f   libs-vc-win32:jmemmgr.obj
 0001:0005dac6       _access_virt_sarray        0045eac6 f   libs-vc-win32:jmemmgr.obj
 0001:0005dbe6       _do_sarray_io              0045ebe6 f   libs-vc-win32:jmemmgr.obj
 0001:0005dc76       _access_virt_barray        0045ec76 f   libs-vc-win32:jmemmgr.obj
 0001:0005dd9b       _do_barray_io              0045ed9b f   libs-vc-win32:jmemmgr.obj
 0001:0005de2c       _free_pool                 0045ee2c f   libs-vc-win32:jmemmgr.obj
 0001:0005df13       _self_destruct             0045ef13 f   libs-vc-win32:jmemmgr.obj
 0001:0005cf65       _start_input_pass          0045df65 f   libs-vc-win32:jdinput.obj
 0001:0005cf93       _per_scan_setup            0045df93 f   libs-vc-win32:jdinput.obj
 0001:0005d119       _finish_input_pass         0045e119 f   libs-vc-win32:jdinput.obj
 0001:0005d12a       _consume_markers           0045e12a f   libs-vc-win32:jdinput.obj
 0001:0005d1c6       _initial_setup             0045e1c6 f   libs-vc-win32:jdinput.obj
 0001:0005d3d0       _reset_input_controller    0045e3d0 f   libs-vc-win32:jdinput.obj
 0001:0005cb6a       _make_crc_table            0045db6a f   libs-vc-win32:crc32.obj
 0001:0005ccb7       _crc32_little              0045dcb7 f   libs-vc-win32:crc32.obj
 0001:0005c964       _fixedtables               0045d964 f   libs-vc-win32:inflate.obj
 0001:0005ca4e       _updatewindow              0045da4e f   libs-vc-win32:inflate.obj
 0001:0005b68c       _init_destination          0045c68c f   libs-vc-win32:jdatadst.obj
 0001:0005b6b2       _empty_output_buffer       0045c6b2 f   libs-vc-win32:jdatadst.obj
 0001:0005b6f4       _term_destination          0045c6f4 f   libs-vc-win32:jdatadst.obj
 0001:0005b213       _std_huff_tables           0045c213 f   libs-vc-win32:jcparam.obj
 0001:0005b26d       _add_huff_table            0045c26d f   libs-vc-win32:jcparam.obj
 0001:0005976b       _next_marker               0045a76b f   libs-vc-win32:jdmarker.obj
 0001:000598a5       _get_interesting_appn      0045a8a5 f   libs-vc-win32:jdmarker.obj
 0001:000599d0       _examine_app0              0045a9d0 f   libs-vc-win32:jdmarker.obj
 0001:00059bde       _examine_app14             0045abde f   libs-vc-win32:jdmarker.obj
 0001:00059c9f       _skip_variable             0045ac9f f   libs-vc-win32:jdmarker.obj
 0001:00059d42       _read_markers              0045ad42 f   libs-vc-win32:jdmarker.obj
 0001:00059f4a       _get_soi                   0045af4a f   libs-vc-win32:jdmarker.obj
 0001:00059ff5       _get_sof                   0045aff5 f   libs-vc-win32:jdmarker.obj
 0001:0005a2fe       _get_sos                   0045b2fe f   libs-vc-win32:jdmarker.obj
 0001:0005a5ec       _get_dht                   0045b5ec f   libs-vc-win32:jdmarker.obj
 0001:0005a88d       _get_dqt                   0045b88d f   libs-vc-win32:jdmarker.obj
 0001:0005aae9       _get_dri                   0045bae9 f   libs-vc-win32:jdmarker.obj
 0001:0005abc8       _first_marker              0045bbc8 f   libs-vc-win32:jdmarker.obj
 0001:0005ac64       _read_restart_marker       0045bc64 f   libs-vc-win32:jdmarker.obj
 0001:0005ace2       _reset_marker_reader       0045bce2 f   libs-vc-win32:jdmarker.obj
 0001:0005954f       _output_pass_setup         0045a54f f   libs-vc-win32:jdapistd.obj
 0001:00059242       _default_decompress_parms  0045a242 f   libs-vc-win32:jdapimin.obj

 299 bytes saved through ICF

