 Quake2

 Timestamp is 444e7395 (Tue Apr 25 23:08:05 2006)

 Preferred load address is 00400000

 Start         Length     Name                   Class
 0001:00000000 00065ea0H .text                   CODE
 0002:00000000 00000294H .idata$5                DATA
 0002:00000298 0000719cH .rdata                  DATA
 0002:00007438 00000044H .rdata$r                DATA
 0002:00007480 00000038H .xdata$x                DATA
 0002:000074b8 00000078H .idata$2                DATA
 0002:00007530 00000014H .idata$3                DATA
 0002:00007544 00000294H .idata$4                DATA
 0002:000077d8 0000086aH .idata$6                DATA
 0002:00008042 00000000H .edata                  DATA
 0003:00000000 00000004H .CRT$XCA                DATA
 0003:00000004 00000088H .CRT$XCU                DATA
 0003:0000008c 00000004H .CRT$XCZ                DATA
 0003:00000090 00000004H .CRT$XIA                DATA
 0003:00000094 00000004H .CRT$XIZ                DATA
 0003:000000a0 0000e31cH .data                   DATA
 0003:0000e3c0 00456b38H .bss                    DATA
 0004:00000000 00000130H .rsrc$01                DATA
 0004:00000130 00003f20H .rsrc$02                DATA

  Address         Publics by Value              Rva+Base     Lib:Object

 0001:00000000       ??3@YAXPAX@Z               00401000 f i CoreMain.obj
 0001:0000000e       ?appTimestamp@@YAPBDXZ     0040100e f   CoreMain.obj
 0001:00000043       ?appInit@@YAXXZ            00401043 f   CoreMain.obj
 0001:000000c2       ?appExit@@YAXXZ            004010c2 f   CoreMain.obj
 0001:000000cc       ?appMilliseconds@@YAIXZ    004010cc f   CoreWin32.obj
 0001:000000d2       ?appPackage@@YAPBDXZ       004010d2 f   CoreWin32.obj
 0001:0000012a       ?appGetSystemErrorMessage@@YAPBDI@Z 0040112a f   CoreWin32.obj
 0001:0000018e       ?appDisplayError@@YAXXZ    0040118e f   CoreWin32.obj
 0001:000001df       ?appInitPlatform@@YAXXZ    004011df f   CoreWin32.obj
 0001:00000372       ?appShutdownPlatform@@YAXXZ 00401372 f   CoreWin32.obj
 0001:0000037b       ?sprintf@?$TString@$0BAA@@@QAAHPBDZZ 0040137b f i CoreWin32.obj
 0001:00000398       ?appDetectCPU@@YAXXZ       00401398 f   CoreCpuid.obj
 0001:0000064c       ?appLoadDebugSymbols@@YAXXZ 0040164c f   DbgSymbols.obj
 0001:0000080a       ?appSymbolName@@YA_NIPADH@Z 0040180a f   DbgSymbols.obj
 0001:00000900       ?appSymbolName@@YAPBDI@Z   00401900 f   DbgSymbols.obj
 0001:00000938       ?osGetAddressPackage@@YA_NIPADHAAH@Z 00401938 f   DbgSymbolsWin32.obj
 0001:000009cc       ?osGetAddressSymbol@@YA_NIPADHAAH@Z 004019cc f   DbgSymbolsWin32.obj
 0001:00000b73       ?appMalloc@@YAPAXIH@Z      00401b73 f   Memory.obj
 0001:00000c78       ?appFree@@YAXPAX@Z         00401c78 f   Memory.obj
 0001:00000cf7       ?Unlink@FMemHeader@@QAEXXZ 00401cf7 f i Memory.obj
 0001:00000d22       ?Link@CMemoryChain@@AAEXXZ 00401d22 f   Memory.obj
 0001:00000d41       ?Unlink@CMemoryChain@@AAEXXZ 00401d41 f   Memory.obj
 0001:00000d6c       ??2CMemoryChain@@SAPAXIH@Z 00401d6c f   Memory.obj
 0001:00000e35       ??3CMemoryChain@@SAXPAX@Z  00401e35 f   Memory.obj
 0001:00000eb6       ?Alloc@CMemoryChain@@QAEPAXIH@Z 00401eb6 f   Memory.obj
 0001:00000f82       ?GetSize@CMemoryChain@@QAEHXZ 00401f82 f   Memory.obj
 0001:00000f90       ?BuildAllocatorsTable@@YAHPAXH@Z 00401f90 f   Memory.obj
 0001:00001101       ?appInitMemory@@YAXXZ      00402101 f   Memory.obj
 0001:000014e9       ?Close@COutputDevice@@UAEXXZ 004024e9 f i OutputDevice.obj
 0001:000014e9       ?Flush@COutputDevice@@UAEXXZ 004024e9 f i OutputDevice.obj
 0001:000014ea       ?Write@COutputDeviceNull@@UAEXPBD@Z 004024ea f i OutputDevice.obj
 0001:00001504       ??_GCOutputDevice@@UAEPAXI@Z 00402504 f i OutputDevice.obj
 0001:00001504       ??_ECOutputDeviceNull@@UAEPAXI@Z 00402504 f i OutputDevice.obj
 0001:00001504       ??_ECOutputDevice@@UAEPAXI@Z 00402504 f i OutputDevice.obj
 0001:00001504       ??_GCOutputDeviceNull@@UAEPAXI@Z 00402504 f i OutputDevice.obj
 0001:00001547       ?Write@COutputDeviceLog@@UAEXPBD@Z 00402547 f i OutputDevice.obj
 0001:00001592       ??_ECOutputDeviceLog@@UAEPAXI@Z 00402592 f i OutputDevice.obj
 0001:00001592       ??_GCOutputDeviceLog@@UAEPAXI@Z 00402592 f i OutputDevice.obj
 0001:000015b2       ?Printf@COutputDevice@@QAAXPBDZZ 004025b2 f   OutputDevice.obj
 0001:00001623       ?Register@COutputDevice@@QAEXXZ 00402623 f   OutputDevice.obj
 0001:0000167f       ?Unregister@COutputDevice@@QAEXXZ 0040267f f   OutputDevice.obj
 0001:000016d2       ?appPrintf@@YAXPBDZZ       004026d2 f   OutputDevice.obj
 0001:00001809       ?appWPrintf@@YAXPBDZZ      00402809 f   OutputDevice.obj
 0001:0000186c       ??0COutputDeviceMemTail@@QAE@H@Z 0040286c f i ErrorMgr.obj
 0001:0000189d       ?Write@COutputDeviceMemTail@@UAEXPBD@Z 0040289d f i ErrorMgr.obj
 0001:000019b9       ??_GCOutputDeviceMemTail@@UAEPAXI@Z 004029b9 f i ErrorMgr.obj
 0001:000019b9       ??_ECOutputDeviceMemTail@@UAEPAXI@Z 004029b9 f i ErrorMgr.obj
 0001:000019d8       ??1COutputDeviceMemTail@@UAE@XZ 004029d8 f i ErrorMgr.obj
 0001:00001a21       ??0COutputDeviceFile@@QAE@XZ 00402a21 f i ErrorMgr.obj
 0001:00001a36       ?Write@COutputDeviceFile@@UAEXPBD@Z 00402a36 f i ErrorMgr.obj
 0001:00001a8d       ?Flush@COutputDeviceFile@@UAEXXZ 00402a8d f i ErrorMgr.obj
 0001:00001a9d       ?Close@COutputDeviceFile@@UAEXXZ 00402a9d f i ErrorMgr.obj
 0001:00001ab5       ??_GCOutputDeviceFile@@UAEPAXI@Z 00402ab5 f i ErrorMgr.obj
 0001:00001ab5       ??_ECOutputDeviceFile@@UAEPAXI@Z 00402ab5 f i ErrorMgr.obj
 0001:00001ad4       ??1COutputDeviceFile@@UAE@XZ 00402ad4 f i ErrorMgr.obj
 0001:00001b13       ?appBeginError@@YAPAVCOutputDevice@@PBD@Z 00402b13 f   ErrorMgr.obj
 0001:00001bde       ?appGetErrorLog@@YAPAVCOutputDevice@@XZ 00402bde f   ErrorMgr.obj
 0001:00001c49       ?Open@COutputDeviceFile@@QAEXPBD_N@Z 00402c49 f i ErrorMgr.obj
 0001:00001c8f       ?appFatalError@@YAXPBDZZ   00402c8f f   ErrorMgr.obj
 0001:00001ce5       ?appNonFatalError@@YAXPBDZZ 00402ce5 f   ErrorMgr.obj
 0001:00001d47       ?appUnwindPrefix@@YAXPBD@Z 00402d47 f   ErrorMgr.obj
 0001:00001df9       ?appUnwindThrow@@YAXPBDZZ  00402df9 f   ErrorMgr.obj
 0001:00001e6f       ?Reset@CErrorHandler@@QAEXXZ 00402e6f f   ErrorMgr.obj
 0001:00001ea0       ?appInitError@@YAXXZ       00402ea0 f   ErrorMgr.obj
 0001:00001f95       ?appShutdownError@@YAXXZ   00402f95 f   ErrorMgr.obj
 0001:0000201f       ?GetTail@COutputDeviceMemTail@@QAEPBDH@Z 0040301f f i ErrorMgr.obj
 0001:00002045       ?sprintf@?$TString@$0CAA@@@QAAHPBDZZ 00403045 f i ErrorMgr.obj
 0001:00002062       ?win32ExceptFilter@@YGJPAU_EXCEPTION_POINTERS@@@Z 00403062 f   ExceptHandlerWin32.obj
 0001:00002205       ?win32ExceptFilter2@@YAIXZ 00403205 f   ExceptHandlerWin32.obj
 0001:0000220e       ?sprintf@?$TString@$0EAA@@@QAAHPBDZZ 0040320e f i ExceptHandlerWin32.obj
 0001:0000222b       ?DumpRegs@@YAXPAVCOutputDevice@@PAU_CONTEXT@@@Z 0040322b f   ExceptDumpers.obj
 0001:0000233c       ?DumpMem@@YAXPAVCOutputDevice@@PBIPAU_CONTEXT@@@Z 0040333c f   ExceptDumpers.obj
 0001:0000257b       ?UnwindEbpFrame@@YAXPAVCOutputDevice@@PBI@Z 0040357b f   ExceptDumpers.obj
 0001:0000260c       ?GetLine@CSimpleParser@@QAEPBDXZ 0040360c f   ScriptParser.obj
 0001:00002723       ?SkipBraces@CSimpleParser@@QAEPBDXZ 00403723 f   ScriptParser.obj
 0001:00002759       ?appStricmp@@YAHPBD0@Z     00403759 f   Strings.obj
 0001:00002790       ?toLower@@YADD@Z           00403790 f i Strings.obj
 0001:000027ab       ?appStrncpylwr@@YAXPADPBDH@Z 004037ab f   Strings.obj
 0001:000027e3       ?appStrncpyz@@YAXPADPBDH@Z 004037e3 f   Strings.obj
 0001:00002810       ?appStrcatn@@YAXPADHPBD@Z  00403810 f   Strings.obj
 0001:0000283c       ?appCopyFilename@@YAXPADPBDH@Z 0040383c f   Strings.obj
 0001:00002964       ?appCStrlen@@YAHPBD@Z      00403964 f   Strings.obj
 0001:0000298c       ?appUncolorizeString@@YAXPADPBD@Z 0040398c f   Strings.obj
 0001:000029be       ?va@@YAPBDPBDZZ            004039be f   Strings.obj
 0001:00002ab2       ?appSprintf@@YAHPADHPBDZZ  00403ab2 f   Strings.obj
 0001:00002b51       ?appMatchWildcard@@YA_NPBD0_N@Z 00403b51 f   Strings.obj
 0001:00002d96       ?appIsWildcard@@YA_NPBD@Z  00403d96 f   Strings.obj
 0001:00002dc2       ?appStrdup@@YAPADPBD@Z     00403dc2 f   Strings.obj
 0001:00002e03       ?appStrdup@@YAPADPBDPAVCMemoryChain@@@Z 00403e03 f   Strings.obj
 0001:00002e38       ??0CStringItem@@QAE@XZ     00403e38 f   Strings.obj
 0001:00002e43       ??2CStringItem@@SAPAXIPBD@Z 00403e43 f   Strings.obj
 0001:00002edd       ??2CStringItem@@SAPAXIPBDPAVCMemoryChain@@@Z 00403edd f   Strings.obj
 0001:00002f52       ?Find@CStringList@@IAEPAVCStringItem@@PBDPAPAV2@@Z 00403f52 f   Strings.obj
 0001:00002fdd       ?Find@CStringList@@IAEPAVCStringItem@@H@Z 00403fdd f   Strings.obj
 0001:00003049       ?IndexOf@CStringList@@QAEHPBD@Z 00404049 f   Strings.obj
 0001:000030cb       ?Remove@CStringList@@QAE_NPAVCStringItem@@@Z 004040cb f   Strings.obj
 0001:0000314f       ?Add@CTextContainer@@QAEPAUCTextRec@@PBD@Z 0040414f f   TextContainer.obj
 0001:000031fb       ?Enumerate@CTextContainer@@QAEXP6AXPBUCTextRec@@@Z@Z 004041fb f   TextContainer.obj
 0001:00003267       ?SubtractPath@@YAPBDPBD0@Z 00404267 f   FileSystem.obj
 0001:000032ff       ?appMakeDirectoryForFile@@YAXPBD@Z 004042ff f   FileSystem.obj
 0001:00003335       ?appOpenFile@@YAPAVCFile@@PBD@Z 00404335 f   FileSystem.obj
 0001:00003372       ?Read@CFileOS@@UAEHPAXH@Z  00404372 f i FileSystem.obj
 0001:00003399       ?GetSize@CFileOS@@UAEHXZ   00404399 f i FileSystem.obj
 0001:000033e4       ?Eof@CFileOS@@UAE_NXZ      004043e4 f i FileSystem.obj
 0001:000033f8       ??_GCFileOS@@UAEPAXI@Z     004043f8 f i FileSystem.obj
 0001:000033f8       ??_ECFileOS@@UAEPAXI@Z     004043f8 f i FileSystem.obj
 0001:0000342d       ??_GCFile@@UAEPAXI@Z       0040442d f i FileSystem.obj
 0001:0000342d       ??_ECFile@@UAEPAXI@Z       0040442d f i FileSystem.obj
 0001:0000344d       ?ReadByte@CFile@@QAEEXZ    0040444d f   FileSystem.obj
 0001:00003465       ?ReadInt@CFile@@QAEHXZ     00404465 f   FileSystem.obj
 0001:0000347d       ?ReadString@CFile@@QAEXPADH@Z 0040447d f   FileSystem.obj
 0001:000034bd       ?GetType@CFileContainer@@MAEPBDXZ 004044bd f   FileSystem.obj
 0001:000034c3       ?Mount@CFileSystem@@QAEXAAVCFileContainer@@PBD@Z 004044c3 f   FileSystem.obj
 0001:00003519       ?Umount@CFileSystem@@QAEXAAVCFileContainer@@@Z 00404519 f   FileSystem.obj
 0001:00003553       ?MountDirectory@CFileSystem@@QAEPAVCFileContainer@@PBD0@Z 00404553 f   FileSystem.obj
 0001:00003598       ?GetType@CFileContainerOS@@MAEPBDXZ 00404598 f i FileSystem.obj
 0001:0000359e       ?FileExists@CFileContainerOS@@UAE_NPBD@Z 0040459e f i FileSystem.obj
 0001:000035c8       ?OpenFile@CFileContainerOS@@UAEPAVCFile@@PBD@Z 004045c8 f i FileSystem.obj
 0001:000035e8       ?List@CFileContainerOS@@UAEXAAVCFileList@@PBDI@Z 004045e8 f i FileSystem.obj
 0001:00003611       ??_ECFileContainerOS@@UAEPAXI@Z 00404611 f i FileSystem.obj
 0001:00003611       ??_GCFileContainerOS@@UAEPAXI@Z 00404611 f i FileSystem.obj
 0001:00003631       ??_GCFileContainer@@UAEPAXI@Z 00404631 f i FileSystem.obj
 0001:00003631       ??_ECFileContainer@@UAEPAXI@Z 00404631 f i FileSystem.obj
 0001:00003651       ?MountArchive@CFileSystem@@QAEPAVCFileContainer@@PBD0@Z 00404651 f   FileSystem.obj
 0001:00003768       ?Mount@CFileSystem@@QAEXPBD0@Z 00404768 f   FileSystem.obj
 0001:0000399a       ?Umount@CFileSystem@@QAEXPBD@Z 0040499a f   FileSystem.obj
 0001:00003a36       ?List@CFileSystem@@UAEPAVCFileList@@PBDIPAV2@@Z 00404a36 f   FileSystem.obj
 0001:00003bf1       ?RegisterFormat@CFileSystem@@SAXP6APAVCFileContainer@@PBDPAU_iobuf@@@Z@Z 00404bf1 f   FileSystem.obj
 0001:00003c35       ?FileExists@CFileSystem@@UAE_NPBDI@Z 00404c35 f   FileSystem.obj
 0001:00003cb4       ?OpenFile@CFileSystem@@UAEPAVCFile@@PBDI@Z 00404cb4 f   FileSystem.obj
 0001:00003d59       ?LoadFile@CFileSystem@@QAEPAXPBDPAI@Z 00404d59 f   FileSystem.obj
 0001:00003e29       ?cMount@@YAX_NHPAPAD@Z     00404e29 f   FileSystem.obj
 0001:00003f67       ?cUmount@@YAX_NHPAPAD@Z    00404f67 f   FileSystem.obj
 0001:00003f96       ?appInitFileSystem@@YAXAAVCFileSystem@@@Z 00404f96 f   FileSystem.obj
 0001:0000438d       ?appListDirectory@@YAXPBDAAVCFileList@@I@Z 0040538d f   FileSystemWin32.obj
 0001:000045d4       ?appMakeDirectory@@YAXPBD@Z 004055d4 f   FileSystemWin32.obj
 0001:00004641       ?appFileType@@YAIPBD@Z     00405641 f   FileSystemWin32.obj
 0001:00004681       ?FindDir@CFileContainerArc@@IAEPAVCArcDir@1@PBD_N@Z 00405681 f   FileContainerArc.obj
 0001:0000476a       ?FindFile@CFileContainerArc@@IAEPAVCStringItem@@PBD@Z 0040576a f   FileContainerArc.obj
 0001:000047d5       ?FileExists@CFileContainerArc@@UAE_NPBD@Z 004057d5 f   FileContainerArc.obj
 0001:000047ea       ?OpenFile@CFileContainerArc@@UAEPAVCFile@@PBD@Z 004057ea f   FileContainerArc.obj
 0001:00004809       ?List@CFileContainerArc@@UAEXAAVCFileList@@PBDI@Z 00405809 f   FileContainerArc.obj
 0001:00004976       ?SCR_StopCinematic@@YAXXZ  00405976 f   cl_cin.obj
 0001:00004a0a       ?SCR_DrawCinematic@@YA_NXZ 00405a0a f   cl_cin.obj
 0001:00004e01       ?SCR_PlayCinematic@@YAXPBD@Z 00405e01 f   cl_cin.obj
 0001:00005158       ?sprintf@?$TString@$0EA@@@QAAHPBDZZ 00406158 f i cl_cin.obj
 0001:00005172       ?CL_Download_f@@YAX_NHPAPAD@Z 00406172 f   cl_download.obj
 0001:0000551f       ?CL_ParseDownload@@YAXXZ   0040651f f   cl_download.obj
 0001:00005d44       ?CL_Precache_f@@YAXHPAPAD@Z 00406d44 f   cl_download.obj
 0001:00005da2       ?sprintf@?$TString@$0IA@@@QAAHPBDZZ 00406da2 f i cl_download.obj
 0001:00005dbf       ?CL_ParseDelta@@YAXPAUclEntityState_t@@0HI_N@Z 00406dbf f   cl_ents.obj
 0001:00005f3f       ?CL_ParseFrame@@YAXXZ      00406f3f f   cl_ents.obj
 0001:000065f4       ?CL_AddEntityBox@@YAXPAUclEntityState_t@@I@Z 004075f4 f   cl_ents.obj
 0001:000066f8       ?Lerp@@YAXABUCVec3@@0MAAU1@@Z 004076f8 f i cl_ents.obj
 0001:0000672f       ?CL_OffsetThirdPersonView@@YAXXZ 0040772f f   cl_ents.obj
 0001:00006817       ?CL_AddEntities@@YAXXZ     00407817 f   cl_ents.obj
 0001:00007758       ?CL_ClearLightStyles@@YAXXZ 00408758 f   cl_fx.obj
 0001:000077da       ?CL_SetLightstyle@@YAXHPBD@Z 004087da f   cl_fx.obj
 0001:0000783b       ?CL_AllocDlight@@YAPAUcdlight_t@@HABUCVec3@@@Z 0040883b f   cl_fx.obj
 0001:000078a6       ?CL_AllocParticleTrace@@YAPAUparticleTrace_t@@ABUCVec3@@0MM@Z 004088a6 f   cl_fx.obj
 0001:00007935       ?CL_AllocParticleBeam@@YAPAUbeam_t@@ABUCVec3@@0MM@Z 00408935 f   cl_fx.obj
 0001:000079aa       ?CL_AllocParticle@@YAPAUparticle_t@@XZ 004089aa f   cl_fx.obj
 0001:000079fd       ?CL_MetalSparks@@YAXABUCVec3@@0H@Z 004089fd f   cl_fx.obj
 0001:00007afb       ?CL_AddEffects@@YAXXZ      00408afb f   cl_fx.obj
 0001:00008202       ?CL_ClearEffects@@YAXXZ    00409202 f   cl_fx.obj
 0001:00008284       ?CL_EntityEvent@@YAXPAUclEntityState_t@@@Z 00409284 f   cl_fx.obj
 0001:0000843b       ?CL_ParseMuzzleFlash@@YAXXZ 0040943b f   cl_fx.obj
 0001:000087ab       ?CL_ParseMuzzleFlash2@@YAXXZ 004097ab f   cl_fx.obj
 0001:00008c21       ?CL_ParticleEffect@@YAXABUCVec3@@0HH@Z 00409c21 f   cl_fx.obj
 0001:00008e0a       ?CL_ParticleEffect2@@YAXABUCVec3@@0HH@Z 00409e0a f   cl_fx.obj
 0001:00008e32       ?CL_ParticleEffect3@@YAXABUCVec3@@0HH@Z 00409e32 f   cl_fx.obj
 0001:00008e5a       ?CL_TeleporterParticles@@YAXPAUclEntityState_t@@@Z 00409e5a f   cl_fx.obj
 0001:00008e7c       ?CL_LogoutEffect@@YAXABUCVec3@@H@Z 00409e7c f   cl_fx.obj
 0001:00008eb4       ?CL_ItemRespawnParticles@@YAXABUCVec3@@@Z 00409eb4 f   cl_fx.obj
 0001:00008ed2       ?CL_ExplosionParticles@@YAXABUCVec3@@@Z 00409ed2 f   cl_fx.obj
 0001:00008ef3       ?CL_BFGExplosionParticles@@YAXABUCVec3@@@Z 00409ef3 f   cl_fx.obj
 0001:00008f14       ?CL_TrackerExplosionParticles@@YAXABUCVec3@@@Z 00409f14 f   cl_fx.obj
 0001:00008f35       ?CL_BlasterParticles@@YAXABUCVec3@@0I@Z 00409f35 f   cl_fx.obj
 0001:00008f5c       ?CL_BlasterTrail@@YAXAAUcentity_t@@@Z 00409f5c f   cl_fx.obj
 0001:00009063       ?CL_BlasterTrail2@@YAXAAUcentity_t@@@Z 0040a063 f   cl_fx.obj
 0001:0000907a       ?CL_FlagTrail@@YAXAAUcentity_t@@H@Z 0040a07a f   cl_fx.obj
 0001:00009099       ?CL_RocketTrail@@YAXAAUcentity_t@@@Z 0040a099 f   cl_fx.obj
 0001:000090d8       ?CL_BubbleTrail@@YAXABUCVec3@@0@Z 0040a0d8 f   cl_fx.obj
 0001:00009174       ?CL_BubbleTrail2@@YAXABUCVec3@@0@Z 0040a174 f   cl_fx.obj
 0001:0000918e       ?CL_TagTrail@@YAXAAUcentity_t@@@Z 0040a18e f   cl_fx.obj
 0001:000091a5       ?CL_DebugTrail@@YAXABUCVec3@@0@Z 0040a1a5 f   cl_fx.obj
 0001:000091bf       ?CL_ForceWall@@YAXABUCVec3@@0H@Z 0040a1bf f   cl_fx.obj
 0001:000091e1       ?CL_BigTeleportParticles@@YAXABUCVec3@@@Z 0040a1e1 f   cl_fx.obj
 0001:0000931c       ?CL_BfgParticles@@YAXABUCVec3@@@Z 0040a31c f   cl_fx.obj
 0001:00009496       ?CL_FlyEffect@@YAXAAUcentity_t@@@Z 0040a496 f   cl_fx.obj
 0001:00009622       ?CL_DiminishingTrail@@YAXAAUcentity_t@@H@Z 0040a622 f   cl_fx.obj
 0001:0000977c       ?CL_RailTrail@@YAXABUCVec3@@0@Z 0040a77c f   cl_fx.obj
 0001:000098f2       ?CL_RailTrailExt@@YAXABUCVec3@@0EE@Z 0040a8f2 f   cl_fx.obj
 0001:00009a37       ?CL_IonripperTrail@@YAXAAUcentity_t@@@Z 0040aa37 f   cl_fx.obj
 0001:00009b91       ?CL_TrapParticles@@YAXABUCVec3@@@Z 0040ab91 f   cl_fx.obj
 0001:00009d04       ?CL_TeleportParticles@@YAXABUCVec3@@@Z 0040ad04 f   cl_fx.obj
 0001:00009e3a       ?CL_Heatbeam@@YAXABUCVec3@@0@Z 0040ae3a f   cl_fx.obj
 0001:0000a0e0       ?CL_ParticleSteamEffect@@YAXABUCVec3@@0HHH@Z 0040b0e0 f   cl_fx.obj
 0001:0000a219       ?CL_ParticleSmokeEffect@@YAXABUCVec3@@0@Z 0040b219 f   cl_fx.obj
 0001:0000a335       ?CL_TrackerTrail@@YAXAAUcentity_t@@@Z 0040b335 f   cl_fx.obj
 0001:0000a4b3       ?CL_TrackerShell@@YAXABUCVec3@@@Z 0040b4b3 f   cl_fx.obj
 0001:0000a53f       ?CL_MonsterPlasmaShell@@YAXABUCVec3@@@Z 0040b53f f   cl_fx.obj
 0001:0000a5c8       ?CL_WidowSplash@@YAXABUCVec3@@@Z 0040b5c8 f   cl_fx.obj
 0001:0000a6a9       ?CL_InitInput@@YAXXZ       0040b6a9 f   cl_input.obj
 0001:0000ac57       ?CL_SendCmd@@YAXXZ         0040bc57 f   cl_input.obj
 0001:0000b23a       ?CL_WriteDemoMessage@@YAXXZ 0040c23a f   cl_main.obj
 0001:0000b27c       ?Cmd_ForwardToServer@@YAXHPAPAD@Z 0040c27c f   cl_main.obj
 0001:0000b341       ?CL_ForwardToServer_f@@YAXHPAPAD@Z 0040c341 f   cl_main.obj
 0001:0000b38a       ?CL_Pause@@YAX_N@Z         0040c38a f   cl_main.obj
 0001:0000b3cf       ?CL_Drop@@YAX_N@Z          0040c3cf f   cl_main.obj
 0001:0000b3fa       ?CL_SendConnectPacket@@YAXXZ 0040c3fa f   cl_main.obj
 0001:0000b460       ?CL_Connect_f@@YAX_NHPAPAD@Z 0040c460 f   cl_main.obj
 0001:0000b4cd       ?CL_Rcon_f@@YAXHPAPAD@Z    0040c4cd f   cl_main.obj
 0001:0000b5b9       ?CL_Disconnect@@YAXXZ      0040c5b9 f   cl_main.obj
 0001:0000b764       ?CL_Disconnect_f@@YAXXZ    0040c764 f   cl_main.obj
 0001:0000b76e       ?CL_Changing_f@@YAXXZ      0040c76e f   cl_main.obj
 0001:0000b792       ?CL_Reconnect_f@@YAXXZ     0040c792 f   cl_main.obj
 0001:0000b82e       ?CL_PingServers_f@@YAXXZ   0040c82e f   cl_main.obj
 0001:0000bbea       ?CL_ConnectionlessPacket@@YAXXZ 0040cbea f   cl_main.obj
 0001:0000bce7       ?CL_Userinfo_f@@YAXXZ      0040cce7 f   cl_main.obj
 0001:0000bd02       ?CL_RegisterSounds@@YAXXZ  0040cd02 f   cl_main.obj
 0001:0000bd41       ?CL_Snd_Restart_f@@YAXXZ   0040cd41 f   cl_main.obj
 0001:0000bd50       ?CL_WriteConfiguration@@YAXPBD@Z 0040cd50 f   cl_main.obj
 0001:0000be37       ?CL_WriteConfig_f@@YAX_NHPAPAD@Z 0040ce37 f   cl_main.obj
 0001:0000bea2       ?CL_FixCvarCheats@@YAXXZ   0040cea2 f   cl_main.obj
 0001:0000bef3       ?CL_Frame@@YAXMM@Z         0040cef3 f   cl_main.obj
 0001:0000c370       ?CL_ClearState@@YAXXZ      0040d370 f   cl_main.obj
 0001:0000c3ae       ?CL_Init@@YAXXZ            0040d3ae f   cl_main.obj
 0001:0000c85d       ?CL_Shutdown@@YAXXZ        0040d85d f   cl_main.obj
 0001:0000c8b9       ?CL_ParseClientinfo@@YAXH@Z 0040d8b9 f   cl_parse.obj
 0001:0000c971       ?CL_UpdatePlayerClientInfo@@YAXXZ 0040d971 f   cl_parse.obj
 0001:0000c9b2       ?CL_ParseServerMessage@@YAXXZ 0040d9b2 f   cl_parse.obj
 0001:0000d198       ?FreePlayerModelsInfo@@YAXXZ 0040e198 f   cl_playermodel.obj
 0001:0000d1be       ?ScanPlayerModels@@YA_NXZ  0040e1be f   cl_playermodel.obj
 0001:0000d5b8       ?RunAnimation@@YAXAAUclientInfo_t@@AAUanimState_t@@H@Z 0040e5b8 f   cl_playermodel.obj
 0001:0000d7a6       ?CL_LoadClientinfo@@YAXAAUclientInfo_t@@PBD_N@Z 0040e7a6 f   cl_playermodel.obj
 0001:0000e437       ?ParsePlayerEntity@@YAHAAUcentity_t@@AAUclientInfo_t@@PAUclEntityState_t@@ABUentity_t@@PAU4@HH@Z 0040f437 f   cl_playermodel.obj
 0001:0000ef90       ?CreateAndInsert@?$TList@VCStringItem@@@@QAEPAVCStringItem@@PBDPAVCMemoryChain@@@Z 0040ff90 f i cl_playermodel.obj
 0001:0000efc8       ?CL_CheckPredictionError@@YAXXZ 0040ffc8 f   cl_pred.obj
 0001:0000f15b       ?CL_EntityTrace@@YAXAAUtrace_t@@ABUCVec3@@1ABUCBox@@H@Z 0041015b f   cl_pred.obj
 0001:0000f4b5       ?CL_Trace@@YAXAAUtrace_t@@ABUCVec3@@1ABUCBox@@H@Z 004104b5 f   cl_pred.obj
 0001:0000f566       ?CL_PMpointcontents@@YAHABUCVec3@@@Z 00410566 f   cl_pred.obj
 0001:0000f6fc       ?CL_PredictMovement@@YAXXZ 004106fc f   cl_pred.obj
 0001:0000fac3       ?DrawString@@YAXHHPBD@Z    00410ac3 f   cl_scrn.obj
 0001:0000fb08       ?SCR_DebugGraph@@YAXMH@Z   00410b08 f   cl_scrn.obj
 0001:0000fb32       ?SCR_CenterPrint@@YAXPBD@Z 00410b32 f   cl_scrn.obj
 0001:0000fc38       ?Key_Message@@YAXH@Z       00410c38 f   cl_scrn.obj
 0001:0000fcd8       ?SCR_SetLevelshot@@YAXPBD@Z 00410cd8 f   cl_scrn.obj
 0001:0000fdd1       ?SCR_BeginLoadingPlaque@@YAXXZ 00410dd1 f   cl_scrn.obj
 0001:0000fe5c       ?SCR_EndLoadingPlaque@@YAX_N@Z 00410e5c f   cl_scrn.obj
 0001:0000fee1       ?SCR_LoadingNotify@@YAXPBDM@Z 00410ee1 f   cl_scrn.obj
 0001:0000ff0b       ?SCR_ShowConsole@@YAX_N0@Z 00410f0b f   cl_scrn.obj
 0001:0000ffd0       ?SCR_ToggleConsole@@YAXXZ  00410fd0 f   cl_scrn.obj
 0001:0000fff8       ?SCR_TouchPics@@YAXXZ      00410ff8 f   cl_scrn.obj
 0001:0001004e       ?SCR_UpdateScreen@@YAXXZ   0041104e f   cl_scrn.obj
 0001:000113dd       ?SCR_Init@@YAXXZ           004123dd f   cl_scrn.obj
 0001:0001170e       ?sprintf@?$TString@$0BA@@@QAAHPBDZZ 0041270e f i cl_scrn.obj
 0001:00011728       ?CL_RegisterTEntSounds@@YAXXZ 00412728 f   cl_tent.obj
 0001:0001197d       ?CL_RegisterTEntModels@@YAXXZ 0041297d f   cl_tent.obj
 0001:00011ace       ?CL_ClearTEnts@@YAXXZ      00412ace f   cl_tent.obj
 0001:00011aff       ?CL_SmokeAndFlash@@YAXABUCVec3@@@Z 00412aff f   cl_tent.obj
 0001:00011c97       ?CL_ParseTEnt@@YAXXZ       00412c97 f   cl_tent.obj
 0001:00012e81       ?CL_AddTEnts@@YAXXZ        00413e81 f   cl_tent.obj
 0001:00013888       ?V_AddEntity@@YAXPAUentity_t@@@Z 00414888 f   cl_view.obj
 0001:000138c6       ?V_AddEntity2@@YAXPAUentity_t@@@Z 004148c6 f   cl_view.obj
 0001:000138f8       ?AddEntityWithEffects2@@YAXPAUentity_t@@I@Z 004148f8 f   cl_view.obj
 0001:00013999       ?AddEntityWithEffects@@YAXPAUentity_t@@I@Z 00414999 f   cl_view.obj
 0001:000139ba       ?V_AddLight@@YAXABUCVec3@@MMMM@Z 004149ba f   cl_view.obj
 0001:000139ff       ?V_TestEntities@@YAXXZ     004149ff f   cl_view.obj
 0001:00013b2c       ?V_TestLights@@YAXXZ       00414b2c f   cl_view.obj
 0001:00013c02       ?V_InitRenderer@@YAXXZ     00414c02 f   cl_view.obj
 0001:00014039       ?CalcFov@@YAMMMM@Z         00415039 f   cl_view.obj
 0001:000140a7       ?V_RenderView@@YA_NXZ      004150a7 f   cl_view.obj
 0001:00014e38       ?V_Init@@YAXXZ             00415e38 f   cl_view.obj
 0001:00014ee7       ?Con_ClearNotify@@YAXXZ    00415ee7 f   console.obj
 0001:00014ef6       ?Con_CheckResize@@YAXXZ    00415ef6 f   console.obj
 0001:0001501d       ?Write@COutputDeviceCon@@UAEXPBD@Z 0041601d f   console.obj
 0001:00015223       ?Con_DrawNotify@@YAX_N@Z   00416223 f   console.obj
 0001:000153f9       ?Con_DrawConsole@@YAXM@Z   004163f9 f   console.obj
 0001:000156ad       ?Con_ClearTyping@@YAXXZ    004166ad f   console.obj
 0001:000156c6       ?Key_Console@@YAXHH@Z      004166c6 f   console.obj
 0001:00015b13       ?Con_Init@@YAXXZ           00416b13 f   console.obj
 0001:00015c81       ?Key_KeynumToString@@YAPBDH@Z 00416c81 f   keys.obj
 0001:00015d47       ?Draw@completeMenu_t@@UAEXXZ 00416d47 f i keys.obj
 0001:00015d78       ?KeyDown@completeMenu_t@@UAEPBDH@Z 00416d78 f i keys.obj
 0001:00015da4       ?Init@completeMenu_t@@UAE_NXZ 00416da4 f i keys.obj
 0001:00015ecb       ?CompleteMenuCallback@completeMenu_t@@SAXPAX@Z 00416ecb f i keys.obj
 0001:00015f5c       ?CompleteCommand@@YAXXZ    00416f5c f   keys.obj
 0001:0001666d       ?Key_SetBinding@@YAXHPBD@Z 0041766d f   keys.obj
 0001:000166ad       ?Key_FindBinding@@YAHPBDPAHH@Z 004176ad f   keys.obj
 0001:000166fb       ?Key_WriteBindings@@YAXPAVCOutputDevice@@@Z 004176fb f   keys.obj
 0001:00016745       ?Key_Init@@YAXXZ           00417745 f   keys.obj
 0001:00016a29       ?Key_Event@@YAXH_N@Z       00417a29 f   keys.obj
 0001:00016d88       ?Key_ClearStates@@YAXXZ    00417d88 f   keys.obj
 0001:00016dbd       ?M_ForceMenuOn@@YAXXZ      00417dbd f   menu.obj
 0001:00016ddc       ?Draw@menuMain_t@@UAEXXZ   00417ddc f i menu.obj
 0001:00016f18       ?KeyDown@menuMain_t@@UAEPBDH@Z 00417f18 f i menu.obj
 0001:00016fd9       ?Init@menuMain_t@@UAE_NXZ  00417fd9 f i menu.obj
 0001:00016fe1       ?M_Menu_Main_f@@YAXXZ      00417fe1 f   menu.obj
 0001:00016ffb       ?Init@multiplayerMenu_t@@UAE_NXZ 00417ffb f i menu.obj
 0001:0001711f       ?Init@keysMenu_t@@UAE_NXZ  0041811f f i menu.obj
 0001:0001730d       ?KeyCursorDrawFunc@keysMenu_t@@SAXPAUmenuFramework_t@@@Z 0041830d f i menu.obj
 0001:00017350       ?DrawKeyBindingFunc@keysMenu_t@@SAXPAX@Z 00418350 f i menu.obj
 0001:00017417       ?KeyDown@keysMenu_t@@UAEPBDH@Z 00418417 f i menu.obj
 0001:000174c4       ?UnbindCommand@keysMenu_t@@QAEXPAD@Z 004184c4 f i menu.obj
 0001:00017509       ?KeyBindingFunc@keysMenu_t@@QAEXPAX@Z 00418509 f i menu.obj
 0001:0001756b       ?Init@optionsMenu_t@@UAE_NXZ 0041856b f i menu.obj
 0001:0001791e       ?CrosshairFunc@optionsMenu_t@@SAXPAX@Z 0041891e f i menu.obj
 0001:00017946       ?JoystickFunc@optionsMenu_t@@SAXPAX@Z 00418946 f i menu.obj
 0001:0001795b       ?AlwaysRunFunc@optionsMenu_t@@SAXPAX@Z 0041895b f i menu.obj
 0001:00017970       ?MouseSpeedFunc@optionsMenu_t@@SAXPAX@Z 00418970 f i menu.obj
 0001:0001798d       ?InvertMouseFunc@optionsMenu_t@@SAXPAX@Z 0041898d f i menu.obj
 0001:000179c6       ?UpdateVolumeFunc@optionsMenu_t@@SAXPAX@Z 004189c6 f i menu.obj
 0001:000179e3       ?UpdateCDVolumeFunc@optionsMenu_t@@SAXPAX@Z 004189e3 f i menu.obj
 0001:000179fd       ?SetMenuItemValues@optionsMenu_t@@SAXXZ 004189fd f i menu.obj
 0001:00017b45       ?ResetDefaultsFunc@optionsMenu_t@@SAXPAX@Z 00418b45 f i menu.obj
 0001:00017b5a       ?UpdateSoundFunc@optionsMenu_t@@SAXPAX@Z 00418b5a f i menu.obj
 0001:00017d5e       ?ScanCrosshairs@optionsMenu_t@@SAXXZ 00418d5e f i menu.obj
 0001:00017dbb       ?Draw@optionsMenu_t@@UAEXXZ 00418dbb f i menu.obj
 0001:00017e20       ?Draw@creditsMenu_t@@UAEXXZ 00418e20 f i menu.obj
 0001:00017ec7       ?KeyDown@creditsMenu_t@@UAEPBDH@Z 00418ec7 f i menu.obj
 0001:00017f07       ?Init@creditsMenu_t@@UAE_NXZ 00418f07 f i menu.obj
 0001:00017f88       ?Init@gameMenu_t@@UAE_NXZ  00418f88 f i menu.obj
 0001:00018113       ?EasyGameFunc@gameMenu_t@@SAXPAX@Z 00419113 f i menu.obj
 0001:0001811f       ?StartGame@gameMenu_t@@SAXPBD@Z 0041911f f i menu.obj
 0001:0001817a       ?MediumGameFunc@gameMenu_t@@SAXPAX@Z 0041917a f i menu.obj
 0001:00018186       ?HardGameFunc@gameMenu_t@@SAXPAX@Z 00419186 f i menu.obj
 0001:000181a2       ?Init@savegameMenu_t@@UAE_NXZ 004191a2 f i menu.obj
 0001:000182b2       ?Create_Savestrings@savegameMenu_t@@QAEXXZ 004192b2 f i menu.obj
 0001:00018372       ?LoadGameCallback@savegameMenu_t@@SAXPAX@Z 00419372 f i menu.obj
 0001:0001839f       ?SaveGameCallback@savegameMenu_t@@SAXPAX@Z 0041939f f i menu.obj
 0001:000183c2       ?Draw@savegameMenu_t@@UAEXXZ 004193c2 f i menu.obj
 0001:000183dd       ?DrawSavegameShot@savegameMenu_t@@QAEXHH@Z 004193dd f i menu.obj
 0001:000184b8       ?Init@joinserverMenu_t@@UAE_NXZ 004194b8 f i menu.obj
 0001:000185ef       ?JoinServerFunc@joinserverMenu_t@@SAXPAX@Z 004195ef f i menu.obj
 0001:00018654       ?SearchLocalGames@joinserverMenu_t@@SAXXZ 00419654 f i menu.obj
 0001:000186bf       ?M_AddToServerList@@YAXUnetadr_t@@PAD@Z 004196bf f   menu.obj
 0001:0001874a       ?Init@startserverMenu_t@@UAE_NXZ 0041974a f i menu.obj
 0001:00018bd8       ?DMOptionsFunc@startserverMenu_t@@SAXPAX@Z 00419bd8 f i menu.obj
 0001:00018be8       ?RulesChangeFunc@startserverMenu_t@@SAXPAX@Z 00419be8 f i menu.obj
 0001:00018c60       ?StartServerActionFunc@startserverMenu_t@@SAXPAX@Z 00419c60 f i menu.obj
 0001:00018c8b       ?StartServerFunc@startserverMenu_t@@SAXPAD@Z 00419c8b f i menu.obj
 0001:00018ec1       ?KeyDown@startserverMenu_t@@UAEPBDH@Z 00419ec1 f i menu.obj
 0001:00018f20       ?Init@dmoptionsMenu_t@@UAE_NXZ 00419f20 f i menu.obj
 0001:000194fd       ?DMFlagCallback@dmoptionsMenu_t@@SAXPAX@Z 0041a4fd f i menu.obj
 0001:000196db       ?Init@downloadOptionsMenu_t@@UAE_NXZ 0041a6db f i menu.obj
 0001:000198b5       ?DownloadCallback@downloadOptionsMenu_t@@SAXPAX@Z 0041a8b5 f i menu.obj
 0001:00019923       ?Init@addressBookMenu_t@@UAE_NXZ 0041a923 f i menu.obj
 0001:000199c9       ?KeyDown@addressBookMenu_t@@UAEPBDH@Z 0041a9c9 f i menu.obj
 0001:00019a28       ?Init@playerConfigMenu_t@@UAE_NXZ 0041aa28 f i menu.obj
 0001:00019f6f       ?HandednessCallback@playerConfigMenu_t@@SAXPAX@Z 0041af6f f i menu.obj
 0001:00019f84       ?RTypeCallback@playerConfigMenu_t@@SAXPAX@Z 0041af84 f i menu.obj
 0001:00019f99       ?RColorCallback@playerConfigMenu_t@@SAXPAX@Z 0041af99 f i menu.obj
 0001:00019fae       ?RateCallback@playerConfigMenu_t@@SAXPAX@Z 0041afae f i menu.obj
 0001:00019fd1       ?ModelCallback@playerConfigMenu_t@@SAXPAX@Z 0041afd1 f i menu.obj
 0001:0001a005       ?SkinCallback@playerConfigMenu_t@@SAXPAX@Z 0041b005 f i menu.obj
 0001:0001a00d       ?Draw@playerConfigMenu_t@@UAEXXZ 0041b00d f i menu.obj
 0001:0001a2ef       ?KeyDown@playerConfigMenu_t@@UAEPBDH@Z 0041b2ef f i menu.obj
 0001:0001a3cf       ?Init@dmbrowseMenu_t@@UAE_NXZ 0041b3cf f i menu.obj
 0001:0001a5d8       ?KeyDown@dmbrowseMenu_t@@UAEPBDH@Z 0041b5d8 f i menu.obj
 0001:0001a7b0       ?Draw@dmbrowseMenu_t@@UAEXXZ 0041b7b0 f i menu.obj
 0001:0001a8fd       ?DrawThumbnail@dmbrowseMenu_t@@SAXHHHHPAD_N@Z 0041b8fd f i menu.obj
 0001:0001a9d7       ?Init@videoMenu_t@@UAE_NXZ 0041b9d7 f i menu.obj
 0001:0001afb0       ?ScreenSizeCallback@videoMenu_t@@SAXPAX@Z 0041bfb0 f i menu.obj
 0001:0001afd1       ?BrightnessCallback@videoMenu_t@@SAXPAX@Z 0041bfd1 f i menu.obj
 0001:0001aff2       ?ContrastCallback@videoMenu_t@@SAXPAX@Z 0041bff2 f i menu.obj
 0001:0001b02e       ?CancelChanges@videoMenu_t@@SAXPAX@Z 0041c02e f i menu.obj
 0001:0001b07b       ?KeyDown@videoMenu_t@@UAEPBDH@Z 0041c07b f i menu.obj
 0001:0001b0c4       ?ApplyChanges@videoMenu_t@@SAXPAX@Z 0041c0c4 f i menu.obj
 0001:0001b27b       ?KeyDown@quitMenu_t@@UAEPBDH@Z 0041c27b f i menu.obj
 0001:0001b2b8       ?Draw@quitMenu_t@@UAEXXZ   0041c2b8 f i menu.obj
 0001:0001b328       ?M_Init@@YAXXZ             0041c328 f   menu.obj
 0001:0001b50a       ?ItemAtCursor@menuFramework_t@@QAEPAUmenuCommon_t@@XZ 0041c50a f   qmenu.obj
 0001:0001b55e       ?AddItem@menuFramework_t@@QAEXPAUmenuCommon_t@@@Z 0041c55e f   qmenu.obj
 0001:0001b61a       ?AdjustCursor@menuFramework_t@@QAEXH@Z 0041c61a f   qmenu.obj
 0001:0001b792       ?Center@menuFramework_t@@QAEXXZ 0041c792 f   qmenu.obj
 0001:0001b7d3       ?Draw@menuFramework_t@@UAEXXZ 0041c7d3 f   qmenu.obj
 0001:0001bdab       ?SelectItem@menuFramework_t@@QAE_NXZ 0041cdab f   qmenu.obj
 0001:0001be10       ?SetStatusBar@menuFramework_t@@QAEXPBD@Z 0041ce10 f   qmenu.obj
 0001:0001be1d       ?SlideItem@menuFramework_t@@QAEXH@Z 0041ce1d f   qmenu.obj
 0001:0001c3bb       ?Push@menuFramework_t@@QAEXXZ 0041d3bb f   qmenu.obj
 0001:0001c43a       ?M_ForceMenuOff@@YAXXZ     0041d43a f   qmenu.obj
 0001:0001c467       ?Pop@menuFramework_t@@QAEXXZ 0041d467 f   qmenu.obj
 0001:0001c4a1       ?KeyDown@menuFramework_t@@UAEPBDH@Z 0041d4a1 f   qmenu.obj
 0001:0001c719       ?Init@menuFramework_t@@UAE_NXZ 0041d719 f   qmenu.obj
 0001:0001c71c       ?M_Draw@@YAXXZ             0041d71c f   qmenu.obj
 0001:0001c757       ?M_Keydown@@YAXH@Z         0041d757 f   qmenu.obj
 0001:0001c779       ?InitRendererVars@@YAXXZ   0041d779 f   ref_vars.obj
 0001:0001c798       ?S_SoundInfo_f@@YAXXZ      0041d798 f   snd_dma.obj
 0001:0001c812       ?S_Init@@YAXXZ             0041d812 f   snd_dma.obj
 0001:0001c8e4       ?S_Shutdown@@YAXXZ         0041d8e4 f   snd_dma.obj
 0001:0001c977       ?S_BeginRegistration@@YAXXZ 0041d977 f   snd_dma.obj
 0001:0001c985       ?S_RegisterSound@@YAPAUsfx_t@@PBD@Z 0041d985 f   snd_dma.obj
 0001:0001cb30       ?S_EndRegistration@@YAXXZ  0041db30 f   snd_dma.obj
 0001:0001cbb9       ?S_PickChannel@@YAPAUchannel_t@@HH@Z 0041dbb9 f   snd_dma.obj
 0001:0001cc47       ?S_Spatialize@@YAXPAUchannel_t@@@Z 0041dc47 f   snd_dma.obj
 0001:0001ce29       ?S_AllocPlaysound@@YAPAUplaysound_t@@XZ 0041de29 f   snd_dma.obj
 0001:0001ce4b       ?S_FreePlaysound@@YAXPAUplaysound_t@@@Z 0041de4b f   snd_dma.obj
 0001:0001ce7e       ?S_IssuePlaysound@@YAXPAUplaysound_t@@@Z 0041de7e f   snd_dma.obj
 0001:0001cf4f       ?S_StartSound@@YAXPBUCVec3@@HHPAUsfx_t@@MMM@Z 0041df4f f   snd_dma.obj
 0001:0001d310       ?S_StartLocalSound@@YAXPBD@Z 0041e310 f   snd_dma.obj
 0001:0001d362       ?S_ClearBuffer@@YAXXZ      0041e362 f   snd_dma.obj
 0001:0001d3cb       ?S_StopAllSounds_f@@YAXXZ  0041e3cb f   snd_dma.obj
 0001:0001d43b       ?S_AddLoopSounds@@YAXXZ    0041e43b f   snd_dma.obj
 0001:0001d611       ?S_RawSamples@@YAXHHHHPAE@Z 0041e611 f   snd_dma.obj
 0001:0001d815       ?S_Update@@YAXABUCVec3@@0@Z 0041e815 f   snd_dma.obj
 0001:0001d8eb       ?GetSoundtime@@YAXXZ       0041e8eb f   snd_dma.obj
 0001:0001d952       ?S_Update_@@YAXXZ          0041e952 f   snd_dma.obj
 0001:0001dc05       ?S_LoadSound@@YAPAUsfxcache_t@@PAUsfx_t@@@Z 0041ec05 f   snd_mem.obj
 0001:0001e196       ?S_WriteLinearBlastStereo16@@YAXXZ 0041f196 f   snd_mix.obj
 0001:0001e200       ?S_TransferStereo16@@YAXPAKH@Z 0041f200 f   snd_mix.obj
 0001:0001e26b       ?S_TransferPaintBuffer@@YAXH@Z 0041f26b f   snd_mix.obj
 0001:0001e3cf       ?S_PaintChannels@@YAXH@Z   0041f3cf f   snd_mix.obj
 0001:0001e64b       ?S_InitScaletable@@YAXXZ   0041f64b f   snd_mix.obj
 0001:0001e790       ?SV_ComputeAnimation@@YAXPAUplayer_state_t@@AAUentityStateEx_t@@PAU2@PAUedict_s@@@Z 0041f790 f   sv_anim.obj
 0001:0001ec4d       ?SV_ReadLevelFile@@YAXXZ   0041fc4d f   sv_ccmds.obj
 0001:0001ecfb       ?SV_AddressBanned@@YA_NPAUnetadr_t@@@Z 0041fcfb f   sv_ccmds.obj
 0001:0001ed3f       ?SV_InitCommands@@YAXXZ    0041fd3f f   sv_ccmds.obj
 0001:000201c5       ?sprintf@?$TString@$0CI@@@QAAHPBDZZ 004211c5 f i sv_ccmds.obj
 0001:000201df       ?SV_WriteFrameToClient@@YAXPAUclient_t@@PAVsizebuf_t@@@Z 004211df f   sv_ents.obj
 0001:00020932       ?SV_RecordDemoMessage@@YAXXZ 00421932 f   sv_ents.obj
 0001:00020b00       ?SV_MulticastOld@@YAXABUCVec3@@W4multicast_t@@@Z 00421b00 f i sv_game.obj
 0001:00020b15       ?SV_StartSoundOld@@YAXPBUCVec3@@PAUedict_s@@HHMMM@Z 00421b15 f i sv_game.obj
 0001:0002158b       ?SV_InitGameLibrary@@YAX_N@Z 0042258b f   sv_game.obj
 0001:00021880       ?SV_ShutdownGameLibrary@@YAXXZ 00422880 f   sv_game.obj
 0001:000219dd       ?SV_FindIndex@@YAHPBDHH_N@Z 004229dd f   sv_init.obj
 0001:00021af4       ?SV_ModelIndex@@YAHPBD@Z   00422af4 f   sv_init.obj
 0001:00021b0d       ?SV_SoundIndex@@YAHPBD@Z   00422b0d f   sv_init.obj
 0001:00021b29       ?SV_ImageIndex@@YAHPBD@Z   00422b29 f   sv_init.obj
 0001:00021b45       ?SV_CreateBaseline@@YAXXZ  00422b45 f   sv_init.obj
 0001:00021bc2       ?SV_SpawnServer@@YAXPAD0W4server_state_t@@_N2@Z 00422bc2 f   sv_init.obj
 0001:00021f32       ?SV_InitGame@@YAXXZ        00422f32 f   sv_init.obj
 0001:0002215a       ?SV_Map@@YAX_NPBD0@Z       0042315a f   sv_init.obj
 0001:0002231c       ?SV_DropClient@@YAXPAUclient_t@@PAD@Z 0042331c f   sv_main.obj
 0001:00022d51       ??0COutputDeviceMem@@QAE@H@Z 00423d51 f i sv_main.obj
 0001:00022d82       ?Write@COutputDeviceMem@@UAEXPBD@Z 00423d82 f i sv_main.obj
 0001:00022e09       ??_GCOutputDeviceMem@@UAEPAXI@Z 00423e09 f i sv_main.obj
 0001:00022e09       ??_ECOutputDeviceMem@@UAEPAXI@Z 00423e09 f i sv_main.obj
 0001:00022e28       ??1COutputDeviceMem@@UAE@XZ 00423e28 f i sv_main.obj
 0001:00022e47       ?SV_CalcPings@@YAXXZ       00423e47 f   sv_main.obj
 0001:00022ece       ?SV_GiveMsec@@YAXXZ        00423ece f   sv_main.obj
 0001:00022f0d       ?SV_ReadPackets@@YAXXZ     00423f0d f   sv_main.obj
 0001:00023120       ?SV_CheckTimeouts@@YAXXZ   00424120 f   sv_main.obj
 0001:00023231       ?SV_PostprocessFrame@@YAXXZ 00424231 f   sv_main.obj
 0001:0002370d       ?SV_MulticastHook@@YAPAVsizebuf_t@@PAV1@0@Z 0042470d f   sv_main.obj
 0001:00023afd       ?SV_TraceHook@@YAXAAUtrace0_t@@ABUCVec3@@PBU2@21PAUedict_s@@H@Z 00424afd f   sv_main.obj
 0001:00023c8b       ?SV_Frame@@YAXM@Z          00424c8b f   sv_main.obj
 0001:00023f48       ?SV_UserinfoChanged@@YAXPAUclient_t@@@Z 00424f48 f   sv_main.obj
 0001:0002400a       ?SV_InitVars@@YAXXZ        0042500a f   sv_main.obj
 0001:00024019       ?SV_Init@@YAXXZ            00425019 f   sv_main.obj
 0001:00024072       ?SV_Shutdown@@YAXPBD_N@Z   00425072 f   sv_main.obj
 0001:0002427f       ?SV_ClientPrintf@@YAXPAUclient_t@@HPBDZZ 0042527f f   sv_send.obj
 0001:000242da       ?SV_BroadcastPrintf@@YAXHPBDZZ 004252da f   sv_send.obj
 0001:000243b0       ?SV_BroadcastCommand@@YAXPBDZZ 004253b0 f   sv_send.obj
 0001:0002440a       ?SV_Multicast@@YAXABUCVec3@@W4multicast_t@@_N@Z 0042540a f   sv_send.obj
 0001:0002461d       ?SV_StartSound@@YAXPBUCVec3@@PAUedict_s@@HHMMM_N@Z 0042561d f   sv_send.obj
 0001:000248b6       ?SV_SendClientDatagram@@YA_NPAUclient_t@@@Z 004258b6 f   sv_send.obj
 0001:00024978       ?SV_DemoCompleted@@YAXXZ   00425978 f   sv_send.obj
 0001:00024994       ?SV_SendClientMessages@@YAXXZ 00425994 f   sv_send.obj
 0001:00024b47       ?SV_DrawText3D@@YAXABUCVec3@@PBDI@Z 00425b47 f   sv_text.obj
 0001:00024b7f       ?SV_ClearTexts@@YAXXZ      00425b7f f   sv_text.obj
 0001:00024b87       ?SV_DrawTexts@@YAXXZ       00425b87 f   sv_text.obj
 0001:00024bdc       ??0?$TTextContainer@UCSVText@@$0BAAAA@@@QAE@XZ 00425bdc f i sv_text.obj
 0001:00024c01       ?SV_TokenizeString@@YAXPBD@Z 00425c01 f   sv_tokenize.obj
 0001:00024cd8       ?SV_Argc@@YAHXZ            00425cd8 f   sv_tokenize.obj
 0001:00024cde       ?SV_Argv@@YAPADH@Z         00425cde f   sv_tokenize.obj
 0001:00024cfc       ?SV_Args@@YAPADXZ          00425cfc f   sv_tokenize.obj
 0001:000255cc       ?SV_Nextserver@@YAXXZ      004265cc f   sv_user.obj
 0001:00025660       ?SV_ClientThink@@YAXPAUclient_t@@PAUusercmd_t@@@Z 00426660 f   sv_user.obj
 0001:000256f1       ?SV_ExecuteClientMessage@@YAXPAUclient_t@@@Z 004266f1 f   sv_user.obj
 0001:00025a41       ?SV_ClearWorld@@YAXXZ      00426a41 f   sv_world.obj
 0001:00025b7f       ?SV_UnlinkEdict@@YAXPAUedict_s@@@Z 00426b7f f   sv_world.obj
 0001:00025c45       ?SV_LinkEdict@@YAXPAUedict_s@@@Z 00426c45 f   sv_world.obj
 0001:00026265       ?SV_AreaEdicts@@YAHABUCVec3@@0PAPAUedict_s@@HH@Z 00427265 f   sv_world.obj
 0001:00026403       ?SV_PointContents@@YAHABUCVec3@@@Z 00427403 f   sv_world.obj
 0001:00026529       ?SV_Trace@@YAXAAUtrace_t@@ABUCVec3@@1ABUCBox@@PAUedict_s@@H@Z 00427529 f   sv_world.obj
 0001:000269a6       ?InitByteDirs@@YAXXZ       004279a6 f   anorms.obj
 0001:000269e5       ?Cbuf_AddText@@YAXPBD@Z    004279e5 f   cmd.obj
 0001:00026a4b       ?Cbuf_CopyToDefer@@YAXXZ   00427a4b f   cmd.obj
 0001:00026a93       ?Cbuf_InsertFromDefer@@YAXXZ 00427a93 f   cmd.obj
 0001:00026b4f       ?Cbuf_Execute@@YAXXZ       00427b4f f   cmd.obj
 0001:00026c5f       ?Cmd_Unalias_f@@YAX_NHPAPAD@Z 00427c5f f   cmd.obj
 0001:00026cd7       ?Cmd_WriteAliases@@YAXPAVCOutputDevice@@@Z 00427cd7 f   cmd.obj
 0001:00026d0a       ?RegisterCommand@@YA_NPBDP6AXXZI@Z 00427d0a f   cmd.obj
 0001:00026deb       ?UnregisterCommand@@YA_NPBD@Z 00427deb f   cmd.obj
 0001:00026e7c       ?ExecuteCommand@@YA_NPBD@Z 00427e7c f   cmd.obj
 0001:000272bf       ?ExecuteCommand@@YA_NPBDPBUCSimpleCommand@@H@Z 004282bf f   cmd.obj
 0001:00027701       ?CM_LoadMap@@YAPAUcmodel_t@@PBD_NPAI@Z 00428701 f   cmodel.obj
 0001:00027e34       ?SetSignbits@cplane_t@@QAEXXZ 00428e34 f i cmodel.obj
 0001:00027e68       ?SetType@cplane_t@@QAEXXZ  00428e68 f i cmodel.obj
 0001:00027edd       ?LoadLeafBrushes@@YAXPAGH@Z 00428edd f i cmodel.obj
 0001:000289bd       ?CM_BuildBrush@@YAPAUCBrush@@HPAVCMemoryChain@@@Z 004299bd f   cmodel.obj
 0001:00028a8f       ?CM_InlineModel@@YAPAUcmodel_t@@PBD@Z 00429a8f f   cmodel.obj
 0001:00028aba       ?CM_InlineModel@@YAPAUcmodel_t@@H@Z 00429aba f   cmodel.obj
 0001:00028ae2       ?CM_NumClusters@@YAHXZ     00429ae2 f   cmodel.obj
 0001:00028ae8       ?CM_NumInlineModels@@YAHXZ 00429ae8 f   cmodel.obj
 0001:00028aee       ?CM_EntityString@@YAPBDXZ  00429aee f   cmodel.obj
 0001:00028af4       ?CM_LeafContents@@YAHH@Z   00429af4 f   cmodel.obj
 0001:00028b1e       ?CM_LeafCluster@@YAHH@Z    00429b1e f   cmodel.obj
 0001:00028b94       ?CM_LeafArea@@YAHH@Z       00429b94 f   cmodel.obj
 0001:00028d02       ?CM_HeadnodeForBox@@YAHABUCBox@@@Z 00429d02 f   cmodel.obj
 0001:00028d85       ?CM_PointLeafnum@@YAHABUCVec3@@H@Z 00429d85 f   cmodel.obj
 0001:00028e28       ?DistanceTo@cplane_t@@QAEMABUCVec3@@@Z 00429e28 f i cmodel.obj
 0001:00028e6d       ?CM_PointContents@@YAHABUCVec3@@H@Z 00429e6d f   cmodel.obj
 0001:00028ee2       ?CM_TransformedPointContents@@YAHABUCVec3@@H00@Z 00429ee2 f   cmodel.obj
 0001:00028fc3       ?CM_TransformedPointContents@@YAHABUCVec3@@H0ABUCAxis@@@Z 00429fc3 f   cmodel.obj
 0001:0002906e       ?CM_BoxLeafnums@@YAHABUCBox@@PAHH1H@Z 0042a06e f   cmodel.obj
 0001:00029181       ?BOX_ON_PLANE_SIDE@@YAHABUCBox@@ABUcplane_t@@@Z 0042a181 f i cmodel.obj
 0001:000291ec       ?CM_BoxTrace@@YAXAAUtrace_t@@ABUCVec3@@1ABUCBox@@HH@Z 0042a1ec f   cmodel.obj
 0001:00029d5a       ?CM_TransformedBoxTrace@@YAXAAUtrace_t@@ABUCVec3@@1ABUCBox@@HH11@Z 0042ad5a f   cmodel.obj
 0001:00029ed2       ?CM_TransformedBoxTrace@@YAXAAUtrace_t@@ABUCVec3@@1ABUCBox@@HH1ABUCAxis@@@Z 0042aed2 f   cmodel.obj
 0001:00029f8f       ?CM_CombineTrace@@YA_NAAUtrace_t@@ABU1@@Z 0042af8f f   cmodel.obj
 0001:00029fdc       ?CM_ClipTraceToModels@@YAXAAUtrace_t@@ABUCVec3@@1ABUCBox@@H@Z 0042afdc f   cmodel.obj
 0001:0002a0de       ?CM_PointModelContents@@YAHABUCVec3@@@Z 0042b0de f   cmodel.obj
 0001:0002a138       ?CM_BrushTrace@@YAHABUCVec3@@0PAHH@Z 0042b138 f   cmodel.obj
 0001:0002a528       ?CM_RefineBrushTrace@@YAHABUCVec3@@0PAHH@Z 0042b528 f   cmodel.obj
 0001:0002a5ce       ?CM_ClusterPVS@@YAPBEH@Z   0042b5ce f   cmodel.obj
 0001:0002a735       ?CM_SetAreaPortalState@@YAXH_N@Z 0042b735 f   cmodel.obj
 0001:0002a75d       ?CM_AreasConnected@@YA_NHH@Z 0042b75d f   cmodel.obj
 0001:0002a7a4       ?CM_WriteAreaBits@@YAHPAEH@Z 0042b7a4 f   cmodel.obj
 0001:0002a846       ?CM_WritePortalState@@YAXPAU_iobuf@@@Z 0042b846 f   cmodel.obj
 0001:0002a863       ?CM_ReadPortalState@@YAXPAU_iobuf@@@Z 0042b863 f   cmodel.obj
 0001:0002a885       ?CM_HeadnodeVisible@@YA_NHPBE@Z 0042b885 f   cmodel.obj
 0001:0002a960       ?Com_DPrintf@@YAXPBDZZ     0042b960 f   common.obj
 0001:0002a9d9       ?DebugPrintf@@YAXPBDZZ     0042b9d9 f   common.obj
 0001:0002aa88       ?IPWildcard@@YA_NPAUnetadr_t@@PBD@Z 0042ba88 f   common.obj
 0001:0002ab62       ?Com_ServerState@@YA?AW4server_state_t@@XZ 0042bb62 f   common.obj
 0001:0002ab68       ?Com_SetServerState@@YAXW4server_state_t@@@Z 0042bb68 f   common.obj
 0001:0002ab75       ?crand@@YAMXZ              0042bb75 f   common.obj
 0001:0002ab93       ?Info_ValueForKey@@YAPBDPBD0@Z 0042bb93 f   common.obj
 0001:0002ac12       ?Info_SetValueForKey@@YAXPADPBD1@Z 0042bc12 f   common.obj
 0001:0002ad49       ?Info_Print@@YAXPBD@Z      0042bd49 f   common.obj
 0001:0002adcf       ?Com_CheckCmdlineVar@@YA_NPBD@Z 0042bdcf f   common.obj
 0001:0002ae28       ?Com_Init@@YAXPBD@Z        0042be28 f   common.obj
 0001:0002b1cf       ?Com_Frame@@YAXM@Z         0042c1cf f   common.obj
 0001:0002b5c9       ?Com_BlockSequenceCRCByte@@YAEPAEHH@Z 0042c5c9 f   crc.obj
 0001:0002b681       ?Cvar_VariableValue@@YAMPBD@Z 0042c681 f   cvar.obj
 0001:0002b6f8       ?Cvar_VariableInt@@YAHPBD@Z 0042c6f8 f   cvar.obj
 0001:0002b70f       ?Cvar_VariableString@@YAPBDPBD@Z 0042c70f f   cvar.obj
 0001:0002b72b       ?Cvar_Get@@YAPAUcvar_t@@PBD0H@Z 0042c72b f   cvar.obj
 0001:0002b9f8       ?Cvar_GetVars@@YAXPBUcvarInfo_t@@H@Z 0042c9f8 f   cvar.obj
 0001:0002baa2       ?Cvar_FullSet@@YAXPAUcvar_t@@PBDI@Z 0042caa2 f   cvar.obj
 0001:0002bac2       ?Cvar_FullSet@@YAPAUcvar_t@@PBD0I@Z 0042cac2 f   cvar.obj
 0001:0002bb02       ?Cvar_SetValue@@YAPAUcvar_t@@PBDM@Z 0042cb02 f   cvar.obj
 0001:0002bc9b       ?Cvar_SetInteger@@YAPAUcvar_t@@PBDH@Z 0042cc9b f   cvar.obj
 0001:0002bcbf       ?Cvar_Set@@YAPAUcvar_t@@PBD0@Z 0042ccbf f   cvar.obj
 0001:0002bcd6       ?Cvar_ForceSet@@YAPAUcvar_t@@PBD0@Z 0042ccd6 f   cvar.obj
 0001:0002bced       ?Cvar_Clamp@@YAMPAUcvar_t@@MM@Z 0042cced f   cvar.obj
 0001:0002bd4b       ?Cvar_Command@@YA_NHPAPAD@Z 0042cd4b f   cvar.obj
 0001:0002bde6       ?IsDefault@cvar_t@@QAE_NXZ 0042cde6 f i cvar.obj
 0001:0002be03       ?Cvar_WriteVariables@@YAXPAVCOutputDevice@@HHPBD@Z 0042ce03 f   cvar.obj
 0001:0002be89       ?Cvar_BitInfo@@YAPBDI@Z    0042ce89 f   cvar.obj
 0001:0002bedb       ?Cvar_Cheats@@YAX_N@Z      0042cedb f   cvar.obj
 0001:0002c752       ?MSG_WriteDeltaEntity@@YAXPAVsizebuf_t@@PBUentityStateEx_t@@PAU2@_N33@Z 0042d752 f   entdelta.obj
 0001:0002cd0e       ?MSG_WriteRemoveEntity@@YAXPAVsizebuf_t@@H@Z 0042dd0e f   entdelta.obj
 0001:0002cd4e       ?MSG_ReadEntityBits@@YAHPAVsizebuf_t@@PAIPA_N@Z 0042dd4e f   entdelta.obj
 0001:0002cdc0       ?MSG_ReadDeltaEntity@@YAXPAVsizebuf_t@@PBUentityStateEx_t@@PAU2@I@Z 0042ddc0 f   entdelta.obj
 0001:0002ce43       ?MSG_WriteDeltaUsercmd@@YAXPAVsizebuf_t@@PBUusercmd_t@@PAU2@@Z 0042de43 f   entdelta.obj
 0001:0002ced2       ?MSG_ReadDeltaUsercmd@@YAXPAVsizebuf_t@@PBUusercmd_t@@PAU2@@Z 0042ded2 f   entdelta.obj
 0001:0002d1d5       ?MSG_WriteDeltaPlayerstate@@YAXPAVsizebuf_t@@PBUplayer_state_t@@PAU2@@Z 0042e1d5 f   entdelta.obj
 0001:0002d2de       ?MSG_ReadDeltaPlayerstate@@YAXPAVsizebuf_t@@PBUplayer_state_t@@PAU2@@Z 0042e2de f   entdelta.obj
 0001:0002d398       ?LoadPCX@@YAPAEPBDAAH1AAPAE@Z 0042e398 f   images.obj
 0001:0002d4d3       ?LoadTGA@@YAPAEPBDAAH1@Z   0042e4d3 f   images.obj
 0001:0002d6bd       ?LoadJPG@@YAPAEPBDAAH1@Z   0042e6bd f   images.obj
 0001:0002d971       ?ImageExists@@YAHPBDH@Z    0042e971 f   images.obj
 0001:0002da95       ?WriteTGA@@YA_NPBDPAEHH@Z  0042ea95 f   images.obj
 0001:0002dc89       ?WriteJPG@@YA_NPBDPAEHH_N@Z 0042ec89 f   images.obj
 0001:0002ddba       ?MD4Init@@YAXPAUMD4_CTX@@@Z 0042edba f   md4.obj
 0001:0002dde2       ?MD4Update@@YAXPAUMD4_CTX@@PAEI@Z 0042ede2 f   md4.obj
 0001:0002de80       ?MD4Final@@YAXQAEPAUMD4_CTX@@@Z 0042ee80 f   md4.obj
 0001:0002e571       ?Com_BlockChecksum@@YAIPAXH@Z 0042f571 f   md4.obj
 0001:0002e5ad       ?LoadQ2BspFile@@YAXXZ      0042f5ad f   model.obj
 0001:0002eaee       ?LoadQ1BspFile@@YAXXZ      0042faee f   model.obj
 0001:0002ee68       ?LoadBspFile@@YAPAUbspfile_t@@PBD_NPAI@Z 0042fe68 f   model.obj
 0001:000304a7       ?Init@sizebuf_t@@QAEXPAXH@Z 004314a7 f   msg.obj
 0001:000304c4       ?Write@sizebuf_t@@QAEXPBXH@Z 004314c4 f   msg.obj
 0001:00030536       ?MSG_WriteChar@@YAXPAVsizebuf_t@@H@Z 00431536 f   msg.obj
 0001:00030536       ?MSG_WriteByte@@YAXPAVsizebuf_t@@H@Z 00431536 f   msg.obj
 0001:00030549       ?MSG_WriteShort@@YAXPAVsizebuf_t@@H@Z 00431549 f   msg.obj
 0001:0003055c       ?MSG_WriteLong@@YAXPAVsizebuf_t@@H@Z 0043155c f   msg.obj
 0001:0003056f       ?MSG_WriteFloat@@YAXPAVsizebuf_t@@M@Z 0043156f f   msg.obj
 0001:00030582       ?MSG_WriteString@@YAXPAVsizebuf_t@@PBD@Z 00431582 f   msg.obj
 0001:000305ac       ?MSG_WritePos@@YAXPAVsizebuf_t@@ABUCVec3@@@Z 004315ac f   msg.obj
 0001:00030610       ?MSG_WriteAngle@@YAXPAVsizebuf_t@@M@Z 00431610 f   msg.obj
 0001:0003063b       ?MSG_WriteAngle16@@YAXPAVsizebuf_t@@M@Z 0043163b f   msg.obj
 0001:00030666       ?MSG_WriteDir@@YAXPAVsizebuf_t@@ABUCVec3@@@Z 00431666 f   msg.obj
 0001:000306ce       ?MSG_ReadDir@@YAXPAVsizebuf_t@@AAUCVec3@@@Z 004316ce f   msg.obj
 0001:00030701       ?MSG_ReadChar@@YAHPAVsizebuf_t@@@Z 00431701 f   msg.obj
 0001:00030724       ?MSG_ReadByte@@YAHPAVsizebuf_t@@@Z 00431724 f   msg.obj
 0001:00030747       ?MSG_ReadShort@@YAHPAVsizebuf_t@@@Z 00431747 f   msg.obj
 0001:0003076a       ?MSG_ReadLong@@YAHPAVsizebuf_t@@@Z 0043176a f   msg.obj
 0001:0003078c       ?MSG_ReadString@@YAPADPAVsizebuf_t@@@Z 0043178c f   msg.obj
 0001:000307c2       ?MSG_ReadPos@@YAXPAVsizebuf_t@@AAUCVec3@@@Z 004317c2 f   msg.obj
 0001:00030814       ?MSG_ReadAngle@@YAMPAVsizebuf_t@@@Z 00431814 f   msg.obj
 0001:0003082e       ?MSG_ReadAngle16@@YAMPAVsizebuf_t@@@Z 0043182e f   msg.obj
 0001:00030848       ?MSG_ReadData@@YAXPAVsizebuf_t@@PAXH@Z 00431848 f   msg.obj
 0001:0003086b       ?Netchan_Init@@YAXXZ       0043186b f   net_chan.obj
 0001:000308da       ?Netchan_OutOfBandPrint@@YAXW4netsrc_t@@Unetadr_t@@PBDZZ 004318da f   net_chan.obj
 0001:0003095f       ?Setup@netchan_t@@QAEXW4netsrc_t@@Unetadr_t@@H@Z 0043195f f   net_chan.obj
 0001:000309b5       ?NeedReliable@netchan_t@@QAE_NXZ 004319b5 f   net_chan.obj
 0001:000309da       ?Transmit@netchan_t@@QAEXPAXH@Z 004319da f   net_chan.obj
 0001:00030b70       ?Process@netchan_t@@QAE_NPAVsizebuf_t@@@Z 00431b70 f   net_chan.obj
 0001:00030c9d       ?Pmove@@YAXPAUpmove_t@@@Z  00431c9d f   pmove.obj
 0001:000328fe       ?NormalizeColor@@YAMABUCVec3@@AAU1@@Z 004338fe f   q_shared2.obj
 0001:0003295c       ?NormalizeColor255@@YAMABUCVec3@@AAU1@@Z 0043395c f   q_shared2.obj
 0001:000329be       ?appRsqrt@@YAMM@Z          004339be f   q_shared2.obj
 0001:000329ea       ?AngleVectors@@YAXABUCVec3@@PAU1@11@Z 004339ea f   q_shared2.obj
 0001:00032b4b       ?MakeNormalVectors@@YAXABUCVec3@@AAU1@1@Z 00433b4b f   q_shared2.obj
 0001:00032bba       ?Vec2Angles@@YAXABUCVec3@@AAU1@@Z 00433bba f   q_shared2.obj
 0001:00032cbd       ?Vec2Yaw@@YAMABUCVec3@@@Z  00433cbd f   q_shared2.obj
 0001:00032d30       ?VectorLength@@YAMABUCVec3@@@Z 00433d30 f   q_shared2.obj
 0001:00032d62       ?VectorDistance@@YAMABUCVec3@@0@Z 00433d62 f   q_shared2.obj
 0001:00032d93       ?LerpAngle@@YAMMMM@Z       00433d93 f   q_shared2.obj
 0001:00032dd7       ?AngleMod@@YAMM@Z          00433dd7 f   q_shared2.obj
 0001:00032e03       ?AngleSubtract@@YAMMM@Z    00433e03 f   q_shared2.obj
 0001:00032e3c       ?AnglesSubtract@@YAXABUCVec3@@0AAU1@@Z 00433e3c f   q_shared2.obj
 0001:00032e95       ?Normalize@CVec3@@QAEMXZ   00433e95 f   q_shared2.obj
 0001:00032ee7       ?VectorNormalize@@YAMABUCVec3@@AAU1@@Z 00433ee7 f   q_shared2.obj
 0001:00032f51       ?NormalizeFast@CVec3@@QAEMXZ 00433f51 f   q_shared2.obj
 0001:00032fa2       ?cross@@YAXABUCVec3@@0AAU1@@Z 00433fa2 f   q_shared2.obj
 0001:00032fde       ?Clear@CBox@@QAEXXZ        00433fde f   q_shared2.obj
 0001:00032ffc       ?Expand@CBox@@QAEXABUCVec3@@@Z 00433ffc f   q_shared2.obj
 0001:0003302e       ?Expand@CBox@@QAEXABU1@@Z  0043402e f   q_shared2.obj
 0001:0003306d       ?GetCenter@CBox@@QBEXAAUCVec3@@@Z 0043406d f   q_shared2.obj
 0001:00033090       ?Contains@CBox@@QBE_NABUCVec3@@@Z 00434090 f   q_shared2.obj
 0001:000330c4       ?Intersects@CBox@@QBE_NABU1@@Z 004340c4 f   q_shared2.obj
 0001:00033103       ?OnPlaneSide@CBox@@QBEHABUcplane_t@@@Z 00434103 f   q_shared2.obj
 0001:00033232       ?FromAngles@CAxis@@QAEXABUCVec3@@@Z 00434232 f   q_shared2.obj
 0001:00033271       ?TransformVector@CAxis@@QBEXABUCVec3@@AAU2@@Z 00434271 f   q_shared2.obj
 0001:000332c4       ?UnTransformVector@CAxis@@QBEXABUCVec3@@AAU2@@Z 004342c4 f   q_shared2.obj
 0001:00033328       ?TransformAxis@CAxis@@QBEXABU1@AAU1@@Z 00434328 f   q_shared2.obj
 0001:0003336e       ?UnTransformAxis@CAxis@@QBEXABU1@AAU1@@Z 0043436e f   q_shared2.obj
 0001:000333b4       ?TransformPoint@CCoords@@QBEXABUCVec3@@AAU2@@Z 004343b4 f   q_shared2.obj
 0001:00033414       ?UnTransformPoint@CCoords@@QBEXABUCVec3@@AAU2@@Z 00434414 f   q_shared2.obj
 0001:00033481       ?UnTransformCoords@CCoords@@QBEXABU1@AAU1@@Z 00434481 f   q_shared2.obj
 0001:000334ad       ?TransformPlane@CCoords@@QBEXABUcplane_t@@AAU2@@Z 004344ad f   q_shared2.obj
 0001:000334e7       ?TransformPoint@@YAXABUCVec3@@ABUCAxis@@0AAU1@@Z 004344e7 f   q_shared2.obj
 0001:0003354a       ?UnTransformPoint@@YAXABUCVec3@@ABUCAxis@@0AAU1@@Z 0043454a f   q_shared2.obj
 0001:000335ba       ?COM_Parse@@YAPADAAPBD_N@Z 004345ba f   q_shared2.obj
 0001:000336dc       ?COM_QuoteString@@YAPBDPBD_N@Z 004346dc f   q_shared2.obj
 0001:00033755       ?FileExists@CQuakeFileSystem@@UAE_NPBDI@Z 00434755 f i QuakeFileSystem.obj
 0001:000337bc       ?CheckFilename@CQuakeFileSystem@@AAEXPBD@Z 004347bc f i QuakeFileSystem.obj
 0001:0003385b       ?OpenFile@CQuakeFileSystem@@UAEPAVCFile@@PBDI@Z 0043485b f i QuakeFileSystem.obj
 0001:000338eb       ?List@CQuakeFileSystem@@UAEPAVCFileList@@PBDIPAV2@@Z 004348eb f i QuakeFileSystem.obj
 0001:0003397d       ??_ECFileSystem@@UAEPAXI@Z 0043497d f i QuakeFileSystem.obj
 0001:0003397d       ??_GCFileSystem@@UAEPAXI@Z 0043497d f i QuakeFileSystem.obj
 0001:0003397d       ??_ECQuakeFileSystem@@UAEPAXI@Z 0043497d f i QuakeFileSystem.obj
 0001:0003397d       ??_GCQuakeFileSystem@@UAEPAXI@Z 0043497d f i QuakeFileSystem.obj
 0001:0003399d       ?FS_Gamedir@@YAPBDXZ       0043499d f   QuakeFileSystem.obj
 0001:000339a3       ?FS_NextPath@@YAPBDPBD@Z   004349a3 f   QuakeFileSystem.obj
 0001:000339e7       ?FS_CopyFile@@YAXPBD0@Z    004349e7 f   QuakeFileSystem.obj
 0001:00033abd       ?FS_CopyFiles@@YAXPBD0@Z   00434abd f   QuakeFileSystem.obj
 0001:00033bd7       ?FS_RemoveFiles@@YAXPBD@Z  00434bd7 f   QuakeFileSystem.obj
 0001:00033c92       ?InitFileSystem@@YAXXZ     00434c92 f   QuakeFileSystem.obj
 0001:00033dc6       ?Create@CFileContainerPak@@SAPAVCFileContainer@@PBDPAU_iobuf@@@Z 00434dc6 f i QuakeFileSystem.obj
 0001:00033f2f       ??0CFileContainerArc@@QAE@XZ 00434f2f f i QuakeFileSystem.obj
 0001:00033f76       ??_ECFileContainerArc@@UAEPAXI@Z 00434f76 f i QuakeFileSystem.obj
 0001:00033f76       ??_GCFileContainerArc@@UAEPAXI@Z 00434f76 f i QuakeFileSystem.obj
 0001:00033fa5       ?GetType@CFileContainerPak@@MAEPBDXZ 00434fa5 f i QuakeFileSystem.obj
 0001:00033fab       ?OpenLocalFile@CFileContainerPak@@MAEPAVCFile@@ABVCStringItem@@@Z 00434fab f i QuakeFileSystem.obj
 0001:00033ffb       ?Read@CFilePak@CFileContainerPak@@UAEHPAXH@Z 00434ffb f i QuakeFileSystem.obj
 0001:00034035       ?GetSize@CFilePak@CFileContainerPak@@UAEHXZ 00435035 f i QuakeFileSystem.obj
 0001:0003403c       ?Eof@CFilePak@CFileContainerPak@@UAE_NXZ 0043503c f i QuakeFileSystem.obj
 0001:00034049       ??_ECFilePak@CFileContainerPak@@UAEPAXI@Z 00435049 f i QuakeFileSystem.obj
 0001:00034049       ??_GCFilePak@CFileContainerPak@@UAEPAXI@Z 00435049 f i QuakeFileSystem.obj
 0001:0003407e       ??_GCFileContainerPak@@UAEPAXI@Z 0043507e f i QuakeFileSystem.obj
 0001:0003407e       ??_ECFileContainerPak@@UAEPAXI@Z 0043507e f i QuakeFileSystem.obj
 0001:000340ad       ?Create@CFileContainerZip@@SAPAVCFileContainer@@PBDPAU_iobuf@@@Z 004350ad f i QuakeFileSystem.obj
 0001:000343ac       ?GetType@CFileContainerZip@@MAEPBDXZ 004353ac f i QuakeFileSystem.obj
 0001:000343b2       ?OpenLocalFile@CFileContainerZip@@MAEPAVCFile@@ABVCStringItem@@@Z 004353b2 f i QuakeFileSystem.obj
 0001:0003444e       ??0CFilePak@CFileContainerZip@@QAE@ABVCFileInfo@1@PAU_iobuf@@@Z 0043544e f i QuakeFileSystem.obj
 0001:000344a0       ?Read@CFilePak@CFileContainerZip@@UAEHPAXH@Z 004354a0 f i QuakeFileSystem.obj
 0001:000345e9       ?GetSize@CFilePak@CFileContainerZip@@UAEHXZ 004355e9 f i QuakeFileSystem.obj
 0001:000345f3       ?Eof@CFilePak@CFileContainerZip@@UAE_NXZ 004355f3 f i QuakeFileSystem.obj
 0001:00034606       ??_GCFilePak@CFileContainerZip@@UAEPAXI@Z 00435606 f i QuakeFileSystem.obj
 0001:00034606       ??_ECFilePak@CFileContainerZip@@UAEPAXI@Z 00435606 f i QuakeFileSystem.obj
 0001:00034625       ??1CFilePak@CFileContainerZip@@UAE@XZ 00435625 f i QuakeFileSystem.obj
 0001:00034694       ??_ECFileContainerZip@@UAEPAXI@Z 00435694 f i QuakeFileSystem.obj
 0001:00034694       ??_GCFileContainerZip@@UAEPAXI@Z 00435694 f i QuakeFileSystem.obj
 0001:000346c3       ?Mount@CZResource@@SAPAVCFileContainer@@PBDPBE0PAVCFileSystem@@@Z 004356c3 f i QuakeFileSystem.obj
 0001:0003486f       ?GetType@CZResource@@MAEPBDXZ 0043586f f i QuakeFileSystem.obj
 0001:00034875       ?OpenLocalFile@CZResource@@MAEPAVCFile@@ABVCStringItem@@@Z 00435875 f i QuakeFileSystem.obj
 0001:000348a6       ??0CFileRes@CZResource@@QAE@ABVCFileInfo@1@PBXH@Z 004358a6 f i QuakeFileSystem.obj
 0001:00034959       ?Read@CFileRes@CZResource@@UAEHPAXH@Z 00435959 f i QuakeFileSystem.obj
 0001:000349ac       ?GetSize@CFileRes@CZResource@@UAEHXZ 004359ac f i QuakeFileSystem.obj
 0001:000349b3       ?Eof@CFileRes@CZResource@@UAE_NXZ 004359b3 f i QuakeFileSystem.obj
 0001:000349c0       ??_ECFileRes@CZResource@@UAEPAXI@Z 004359c0 f i QuakeFileSystem.obj
 0001:000349c0       ??_GCFileRes@CZResource@@UAEPAXI@Z 004359c0 f i QuakeFileSystem.obj
 0001:000349f2       ??_GCZResource@@UAEPAXI@Z  004359f2 f i QuakeFileSystem.obj
 0001:000349f2       ??_ECZResource@@UAEPAXI@Z  004359f2 f i QuakeFileSystem.obj
 0001:00034a21       ?MountGame@CQuakeFileSystem@@QAEXPBD@Z 00435a21 f i QuakeFileSystem.obj
 0001:00034a6c       ?SetGameDir@CQuakeFileSystem@@QAE_NPBD@Z 00435a6c f i QuakeFileSystem.obj
 0001:00034c6e       ?FS_Tick@@YAXXZ            00435c6e f   QuakeFileSystem.obj
 0001:00034dbb       ??0CBrush@@QAE@ABUCBox@@@Z 00435dbb f   MapBrush.obj
 0001:00034f14       ?Split@CBrush@@QAEPAU1@PAUcplane_t@@@Z 00435f14 f   MapBrush.obj
 0001:00035884       ?GetVec@CAllocVertexPool@@QAEPAUCVec3@@ABU2@@Z 00436884 f i MapBrush.obj
 0001:00035918       ?GetBounds@CBrush@@QAEXAAUCBox@@@Z 00436918 f   MapBrush.obj
 0001:0003599a       ?AddBevels@CBrush@@QAEXP6APAUcplane_t@@ABUCVec3@@M@Z@Z 0043699a f   MapBrush.obj
 0001:00035c8e       ?Negate@CVec3@@QAEXXZ      00436c8e f i MapBrush.obj
 0001:00035c9c       ?CDAudio_Play@@YAXH_N@Z    00436c9c f   cd_win.obj
 0001:00035e8f       ?CDAudio_Stop@@YAXXZ       00436e8f f   cd_win.obj
 0001:00035f50       ?CDAudio_Update@@YAXXZ     00436f50 f   cd_win.obj
 0001:00035ff3       ?CDAudio_Init@@YA_NXZ      00436ff3 f   cd_win.obj
 0001:00036414       ?CDAudio_Shutdown@@YAXXZ   00437414 f   cd_win.obj
 0001:00036437       ?CDAudio_Activate@@YAX_N@Z 00437437 f   cd_win.obj
 0001:0003644e       ?IN_Init@@YAXXZ            0043744e f   in_win.obj
 0001:000366db       ?IN_Shutdown@@YAXXZ        004376db f   in_win.obj
 0001:0003693c       ?IN_Activate@@YAX_N@Z      0043793c f   in_win.obj
 0001:00036949       ?IN_Frame@@YAXXZ           00437949 f   in_win.obj
 0001:00036cab       ?IN_Move@@YAXPAUusercmd_t@@@Z 00437cab f   in_win.obj
 0001:00037156       ?NET_CompareAdr@@YA_NPAUnetadr_t@@0@Z 00438156 f   net_wins.obj
 0001:00037191       ?NET_CompareBaseAdr@@YA_NPAUnetadr_t@@0@Z 00438191 f   net_wins.obj
 0001:000371be       ?NET_AdrToString@@YAPBDPAUnetadr_t@@@Z 004381be f   net_wins.obj
 0001:00037204       ?NET_StringToAdr@@YA_NPBDPAUnetadr_t@@F@Z 00438204 f   net_wins.obj
 0001:0003731a       ?NET_IsLocalAddress@@YA_NPAUnetadr_t@@@Z 0043831a f   net_wins.obj
 0001:00037329       ?NET_GetPacket@@YA_NW4netsrc_t@@PAUnetadr_t@@PAVsizebuf_t@@@Z 00438329 f   net_wins.obj
 0001:000374a8       ?NET_SendPacket@@YAXW4netsrc_t@@HPAXUnetadr_t@@@Z 004384a8 f   net_wins.obj
 0001:000375c6       ?NET_Config@@YAX_N@Z       004385c6 f   net_wins.obj
 0001:000377a1       ?NET_Init@@YAXXZ           004387a1 f   net_wins.obj
 0001:00037854       ?SNDDMA_Init@@YA_NXZ       00438854 f   snd_win.obj
 0001:00037e9f       ?SNDDMA_GetDMAPos@@YAHXZ   00438e9f f   snd_win.obj
 0001:00037ee9       ?SNDDMA_BeginPainting@@YAXXZ 00438ee9 f   snd_win.obj
 0001:00038008       ?SNDDMA_Submit@@YAXXZ      00439008 f   snd_win.obj
 0001:0003802d       ?SNDDMA_Shutdown@@YAXXZ    0043902d f   snd_win.obj
 0001:00038032       ?S_Activate@@YAX_N@Z       00439032 f   snd_win.obj
 0001:00038085       ?Write@COutputDeviceWin32Console@@UAEXPBD@Z 00439085 f i sys_win.obj
 0001:000380fd       ?EraseInput@COutputDeviceWin32Console@@QAEXXZ 004390fd f i sys_win.obj
 0001:00038183       ??_GCOutputDeviceWin32Console@@UAEPAXI@Z 00439183 f i sys_win.obj
 0001:00038183       ??_ECOutputDeviceWin32Console@@UAEPAXI@Z 00439183 f i sys_win.obj
 0001:000381a3       ?Sys_ConsoleInput@@YAPADXZ 004391a3 f   sys_win.obj
 0001:0003842c       ?Sys_ProcessMessages@@YAXXZ 0043942c f   sys_win.obj
 0001:000384e5       _WinMain@16                004394e5 f   sys_win.obj
 0001:000387e2       ??_GCOutputDeviceCon@@UAEPAXI@Z 004397e2 f i sys_win.obj
 0001:000387e2       ??_ECOutputDeviceCon@@UAEPAXI@Z 004397e2 f i sys_win.obj
 0001:0003888a       ?Init@COutputDeviceWin32Console@@QAEXXZ 0043988a f i sys_win.obj
 0001:000388b4       ?AddMsgHook@@YAXP6A_NIIJ@Z@Z 004398b4 f   vid_dll.obj
 0001:000388fb       ?RemoveMsgHook@@YAXP6A_NIIJ@Z@Z 004398fb f   vid_dll.obj
 0001:0003892e       ?Vid_CreateWindow@@YAPAXHH_N@Z 0043992e f   vid_dll.obj
 0001:00039050       ?Vid_DestroyWindow@@YAX_N@Z 0043a050 f   vid_dll.obj
 0001:0003908f       ?Vid_Restart@@YAXXZ        0043a08f f   vid_dll.obj
 0001:0003909b       ?Vid_GetModeInfo@@YA_NPAH0H@Z 0043a09b f   vid_dll.obj
 0001:000390cd       ?Vid_Tick@@YAXXZ           0043a0cd f   vid_dll.obj
 0001:0003927e       ?Vid_Init@@YAXXZ           0043a27e f   vid_dll.obj
 0001:00039321       ?Vid_Shutdown@@YAXXZ       0043a321 f   vid_dll.obj
 0001:00039340       ?Tesselate@surfacePlanar_t@OpenGLDrv@@UAEXAAUrefEntity_t@2@@Z 0043a340 f   gl_backend.obj
 0001:0003bbc6       ?Tesselate@surfacePoly_t@OpenGLDrv@@UAEXAAUrefEntity_t@2@@Z 0043cbc6 f   gl_backend.obj
 0001:0003bccd       ?Tesselate@surfaceMd3_t@OpenGLDrv@@UAEXAAUrefEntity_t@2@@Z 0043cccd f   gl_backend.obj
 0001:0003c05c       ?DrawTriangles@OpenGLDrv@@YA_NXZ 0043d05c f   gl_backend.obj
 0001:0003c171       ?DrawNormals@OpenGLDrv@@YA_NXZ 0043d171 f   gl_backend.obj
 0001:0003c27b       ?DrawBrush@OpenGLDrv@@YAXPBUCBrush@@PBDH@Z 0043d27b f   gl_backend.obj
 0001:0003c2de       ?Tesselate@surfaceEntity_t@OpenGLDrv@@UAEXAAUrefEntity_t@2@@Z 0043d2de f   gl_backend.obj
 0001:0003c3c2       ?Tesselate@surfaceParticle_t@OpenGLDrv@@UAEXAAUrefEntity_t@2@@Z 0043d3c2 f   gl_backend.obj
 0001:0003c612       ?BK_DrawScene@OpenGLDrv@@YAXXZ 0043d612 f   gl_backend.obj
 0001:0003ce0b       ?BK_DrawPic@OpenGLDrv@@YAXPAVshader_t@1@HHHHMMMMIE@Z 0043de0b f   gl_backend.obj
 0001:0003cfec       ?BK_DrawText@OpenGLDrv@@YAXPBDHHHHHI@Z 0043dfec f   gl_backend.obj
 0001:0003d1e1       ?BK_BeginFrame@OpenGLDrv@@YAXXZ 0043e1e1 f   gl_backend.obj
 0001:0003d245       ?BK_EndFrame@OpenGLDrv@@YAXXZ 0043e245 f   gl_backend.obj
 0001:0003d284       ?BK_Init@OpenGLDrv@@YAXXZ  0043e284 f   gl_backend.obj
 0001:0003d2b3       ?BK_Shutdown@OpenGLDrv@@YAXXZ 0043e2b3 f   gl_backend.obj
 0001:0003d2cb       ?AllocDynamicMemory@OpenGLDrv@@YAPAXH@Z 0043e2cb f   gl_buffers.obj
 0001:0003d339       ?ResizeDynamicMemory@OpenGLDrv@@YAXPAXH@Z 0043e339 f   gl_buffers.obj
 0001:0003d37d       ?AddSurfaceToPortal@OpenGLDrv@@YAXPAVsurfaceBase_t@1@PAVshader_t@1@HH@Z 0043e37d f   gl_buffers.obj
 0001:0003d3ee       ?InsertShaderIndex@OpenGLDrv@@YAXH@Z 0043e3ee f   gl_buffers.obj
 0001:0003d42a       ?ClearPortal@OpenGLDrv@@YAXXZ 0043e42a f   gl_buffers.obj
 0001:0003d448       ?SortSurfaces@OpenGLDrv@@YAXPAUviewPortal_t@1@PAPAUsurfaceInfo_t@1@@Z 0043e448 f   gl_buffers.obj
 0001:0003d5da       ?ClearBuffers@OpenGLDrv@@YAXXZ 0043e5da f   gl_buffers.obj
 0001:0003d5f1       ?CreateBuffers@OpenGLDrv@@YAXXZ 0043e5f1 f   gl_buffers.obj
 0001:0003d617       ?FreeBuffers@OpenGLDrv@@YAXXZ 0043e617 f   gl_buffers.obj
 0001:0003d63b       ?InitEntity@model_t@OpenGLDrv@@UAE_NPAUentity_t@@PAUrefEntity_t@2@@Z 0043e63b f   gl_frontend.obj
 0001:0003d640       ?AddSurfaces@model_t@OpenGLDrv@@UAEXPAUrefEntity_t@2@@Z 0043e640 f   gl_frontend.obj
 0001:0003d671       ?GetLeaf@model_t@OpenGLDrv@@UAEPAUnode_t@2@PAUrefEntity_t@2@@Z 0043e671 f   gl_frontend.obj
 0001:0003d685       ?DrawLabel@model_t@OpenGLDrv@@UAEXPAUrefEntity_t@2@@Z 0043e685 f   gl_frontend.obj
 0001:0003d688       ?InitEntity@inlineModel_t@OpenGLDrv@@UAE_NPAUentity_t@@PAUrefEntity_t@2@@Z 0043e688 f   gl_frontend.obj
 0001:0003d6e4       ?AddSurfaces@inlineModel_t@OpenGLDrv@@UAEXPAUrefEntity_t@2@@Z 0043e6e4 f   gl_frontend.obj
 0001:0003dbd3       ?GetLeaf@inlineModel_t@OpenGLDrv@@UAEPAUnode_t@2@PAUrefEntity_t@2@@Z 0043ebd3 f   gl_frontend.obj
 0001:0003dd7b       ?DrawLabel@inlineModel_t@OpenGLDrv@@UAEXPAUrefEntity_t@2@@Z 0043ed7b f   gl_frontend.obj
 0001:0003ddc4       ?InitEntity@md3Model_t@OpenGLDrv@@UAE_NPAUentity_t@@PAUrefEntity_t@2@@Z 0043edc4 f   gl_frontend.obj
 0001:0003dfa2       ?AddSurfaces@md3Model_t@OpenGLDrv@@UAEXPAUrefEntity_t@2@@Z 0043efa2 f   gl_frontend.obj
 0001:0003e0dc       ?GetLeaf@md3Model_t@OpenGLDrv@@UAEPAUnode_t@2@PAUrefEntity_t@2@@Z 0043f0dc f   gl_frontend.obj
 0001:0003e117       ?DrawLabel@md3Model_t@OpenGLDrv@@UAEXPAUrefEntity_t@2@@Z 0043f117 f   gl_frontend.obj
 0001:0003e180       ?InitEntity@sprModel_t@OpenGLDrv@@UAE_NPAUentity_t@@PAUrefEntity_t@2@@Z 0043f180 f   gl_frontend.obj
 0001:0003e1a3       ?AddSurfaces@sprModel_t@OpenGLDrv@@UAEXPAUrefEntity_t@2@@Z 0043f1a3 f   gl_frontend.obj
 0001:0003e326       ?GetLeaf@sprModel_t@OpenGLDrv@@UAEPAUnode_t@2@PAUrefEntity_t@2@@Z 0043f326 f   gl_frontend.obj
 0001:0003e40a       ?AddEntity@OpenGLDrv@@YAXPAUentity_t@@@Z 0043f40a f   gl_frontend.obj
 0001:0003e599       ?AddDlight@OpenGLDrv@@YAXPAUdlight_t@@@Z 0043f599 f   gl_frontend.obj
 0001:0003e751       ?DrawPortal@OpenGLDrv@@YAXXZ 0043f751 f   gl_frontend.obj
 0001:000407d0       ?GL_TextureMode@OpenGLDrv@@YAXPBD@Z 004417d0 f   gl_image.obj
 0001:0004087b       ?CreateImage@OpenGLDrv@@YAPAVimage_t@1@PBDPAXHHI@Z 0044187b f   gl_image.obj
 0001:0004161f       ?CreateImage8@OpenGLDrv@@YAPAVimage_t@1@PBDPAXHHIPAI@Z 0044261f f   gl_image.obj
 0001:000416fe       ?LoadDelayedImages@OpenGLDrv@@YAXXZ 004426fe f   gl_image.obj
 0001:00041791       ?DrawStretchRaw8@OpenGLDrv@@YAXHHHHHHPAEPAI@Z 00442791 f   gl_image.obj
 0001:00041ac4       ?SetupGamma@OpenGLDrv@@YAXXZ 00442ac4 f   gl_image.obj
 0001:00041c0a       ?PerformScreenshot@OpenGLDrv@@YAXXZ 00442c0a f   gl_image.obj
 0001:00041e7b       ?InitImages@OpenGLDrv@@YAXXZ 00442e7b f   gl_image.obj
 0001:00042654       ?ShutdownImages@OpenGLDrv@@YAXXZ 00443654 f   gl_image.obj
 0001:000426bb       ?ShowImages@OpenGLDrv@@YAXXZ 004436bb f   gl_image.obj
 0001:00042947       ?FindImage@OpenGLDrv@@YAPAVimage_t@1@PBDI@Z 00443947 f   gl_image.obj
 0001:00042cb4       ?GL_Lock@OpenGLDrv@@YAXXZ  00443cb4 f   gl_interface.obj
 0001:00042d2c       ?GL_Unlock@OpenGLDrv@@YAXXZ 00443d2c f   gl_interface.obj
 0001:00042eee       ?GL_Bind@OpenGLDrv@@YAXPBVimage_t@1@@Z 00443eee f   gl_interface.obj
 0001:0004307b       ?GL_BindForce@OpenGLDrv@@YAXPBVimage_t@1@@Z 0044407b f   gl_interface.obj
 0001:00043113       ?GL_TexEnv@OpenGLDrv@@YAXI@Z 00444113 f   gl_interface.obj
 0001:00043292       ?GL_TexMipBias@OpenGLDrv@@YAXM@Z 00444292 f   gl_interface.obj
 0001:000432ee       ?GL_TexEnvColor@OpenGLDrv@@YAXPBTcolor_t@@@Z 004442ee f   gl_interface.obj
 0001:0004339e       ?GL_SelectTexture@OpenGLDrv@@YAXH@Z 0044439e f   gl_interface.obj
 0001:00043401       ?GL_TexCoordPointer@OpenGLDrv@@YAXPAX@Z 00444401 f   gl_interface.obj
 0001:00043434       ?GL_SetMultitexture@OpenGLDrv@@YAXH@Z 00444434 f   gl_interface.obj
 0001:00043525       ?GL_DisableTexCoordArrays@OpenGLDrv@@YAXXZ 00444525 f   gl_interface.obj
 0001:00043579       ?GL_CullFace@OpenGLDrv@@YAXW4gl_cullMode_t@1@@Z 00444579 f   gl_interface.obj
 0001:000435cd       ?GL_DepthRange@OpenGLDrv@@YAXW4gl_depthMode_t@1@@Z 004445cd f   gl_interface.obj
 0001:00043603       ?GL_State@OpenGLDrv@@YAXI@Z 00444603 f   gl_interface.obj
 0001:00043753       ?GL_EnableFog@OpenGLDrv@@YAX_N@Z 00444753 f   gl_interface.obj
 0001:0004382d       ?GL_SetDefaultState@OpenGLDrv@@YAXXZ 0044482d f   gl_interface.obj
 0001:00043984       ?GL_Set2DMode@OpenGLDrv@@YAXXZ 00444984 f   gl_interface.obj
 0001:00043a7f       ?GL_Set3DMode@OpenGLDrv@@YAXPAUviewPortal_t@1@@Z 00444a7f f   gl_interface.obj
 0001:00043b6a       ?ShowLights@OpenGLDrv@@YAXXZ 00444b6a f   gl_light.obj
 0001:00043f62       ?LightForEntity@OpenGLDrv@@YAXPAUrefEntity_t@1@@Z 00444f62 f   gl_light.obj
 0001:00045205       ?DiffuseLight@OpenGLDrv@@YAXPATcolor_t@@M@Z 00446205 f   gl_light.obj
 0001:00045451       ?InitLightGrid@OpenGLDrv@@YAXXZ 00446451 f   gl_light.obj
 0001:000454f7       ?PostLoadLights@OpenGLDrv@@YAXXZ 004464f7 f   gl_light.obj
 0001:000457b8       ?LM_Init@OpenGLDrv@@YAXXZ  004467b8 f   gl_lightmap.obj
 0001:000457ce       ?LM_Flush@OpenGLDrv@@YAXPAUlightmapBlock_t@1@@Z 004467ce f   gl_lightmap.obj
 0001:0004582e       ?LM_Done@OpenGLDrv@@YAXXZ  0044682e f   gl_lightmap.obj
 0001:00045855       ?LM_Save@OpenGLDrv@@YAXPAUlightmapBlock_t@1@@Z 00446855 f   gl_lightmap.obj
 0001:00045870       ?LM_Restore@OpenGLDrv@@YAXPAUlightmapBlock_t@1@@Z 00446870 f   gl_lightmap.obj
 0001:0004588b       ?LM_NewBlock@OpenGLDrv@@YAPAUlightmapBlock_t@1@XZ 0044688b f   gl_lightmap.obj
 0001:000458ea       ?LM_Rewind@OpenGLDrv@@YAXXZ 004468ea f   gl_lightmap.obj
 0001:000458f2       ?LM_NextBlock@OpenGLDrv@@YAPAUlightmapBlock_t@1@XZ 004468f2 f   gl_lightmap.obj
 0001:0004591f       ?LM_CheckMinlight@OpenGLDrv@@YAXPAUdynamicLightmap_t@1@@Z 0044691f f   gl_lightmap.obj
 0001:000459b5       ?LM_AllocBlock@OpenGLDrv@@YA_NPAUlightmapBlock_t@1@PAUdynamicLightmap_t@1@@Z 004469b5 f   gl_lightmap.obj
 0001:00045adb       ?LM_PutBlock@OpenGLDrv@@YAXPAUdynamicLightmap_t@1@@Z 00446adb f   gl_lightmap.obj
 0001:00045f4f       ?LM_PutBlock1@OpenGLDrv@@YAXPAUdynamicLightmap_t@1@@Z 00446f4f f   gl_lightmap.obj
 0001:000460a0       ?LM_SortLightStyles@OpenGLDrv@@YAXPAUdynamicLightmap_t@1@@Z 004470a0 f   gl_lightmap.obj
 0001:00046132       ?UpdateDynamicLightmap@OpenGLDrv@@YAXPAVsurfacePlanar_t@1@_NI@Z 00447132 f   gl_lightmap.obj
 0001:00046978       ?LM_IsMonotone@OpenGLDrv@@YA_NPAUdynamicLightmap_t@1@PATcolor_t@@@Z 00447978 f   gl_lightmap.obj
 0001:00046a7f       ?Init@OpenGLDrv@@YA_NXZ    00447a7f f   gl_main.obj
 0001:00047172       ?Shutdown@OpenGLDrv@@YAX_N@Z 00448172 f   gl_main.obj
 0001:000471fb       ?GL_EnableRendering@OpenGLDrv@@YAX_N@Z 004481fb f   gl_main.obj
 0001:00047219       ?BeginFrame@OpenGLDrv@@YAXN@Z 00448219 f   gl_main.obj
 0001:00047346       ?EndFrame@OpenGLDrv@@YAXXZ 00448346 f   gl_main.obj
 0001:0004735e       ?RenderFrame@OpenGLDrv@@YAXPAUrefdef_t@@@Z 0044835e f   gl_main.obj
 0001:00047c91       ?Fill8@OpenGLDrv@@YAXHHHHH@Z 00448c91 f   gl_main.obj
 0001:00047cd4       ?Fill@OpenGLDrv@@YAXHHHHI@Z 00448cd4 f   gl_main.obj
 0001:00047d10       ?TileClear@OpenGLDrv@@YAXHHHHPBD@Z 00448d10 f   gl_main.obj
 0001:00047db1       ?DrawStretchPic@OpenGLDrv@@YAXHHHHPBD@Z 00448db1 f   gl_main.obj
 0001:00047df6       ?DrawDetailedPic@OpenGLDrv@@YAXHHHHPBD@Z 00448df6 f   gl_main.obj
 0001:00047ea0       ?DrawPic@OpenGLDrv@@YAXHHPBDHH@Z 00448ea0 f   gl_main.obj
 0001:00047f28       ?LoadNewWorld@OpenGLDrv@@YAXPBD@Z 00448f28 f   gl_main.obj
 0001:00047f5d       ?DumpLoadStats@OpenGLDrv@@YAXXZ 00448f5d f   gl_main.obj
 0001:00047fe3       ?FinishLoadingWorld@OpenGLDrv@@YAXXZ 00448fe3 f   gl_main.obj
 0001:00047fe8       ?RegisterPic@OpenGLDrv@@YAPAVCBasicImage@@PBD@Z 00448fe8 f   gl_main.obj
 0001:00047ffc       ?RegisterSkin@OpenGLDrv@@YAPAVCBasicImage@@PBD_N@Z 00448ffc f   gl_main.obj
 0001:0004801c       ?RegisterModel@OpenGLDrv@@YAPAVCRenderModel@@PBD@Z 0044901c f   gl_main.obj
 0001:0004802a       ?SetSky@OpenGLDrv@@YAXPBDMABUCVec3@@@Z 0044902a f   gl_main.obj
 0001:000480c8       ?Screenshot@OpenGLDrv@@YAXHPBD@Z 004490c8 f   gl_main.obj
 0001:000480f1       ?GetClientLight@OpenGLDrv@@YAMXZ 004490f1 f   gl_main.obj
 0001:000480f8       ?InitFuncTables@OpenGLDrv@@YAXXZ 004490f8 f   gl_math.obj
 0001:0004829e       ?BuildRotationAxis@OpenGLDrv@@YAXAAUCAxis@@ABUCVec3@@M@Z 0044929e f   gl_math.obj
 0001:00048395       ?GetBoxRect@OpenGLDrv@@YA_NPBUrefEntity_t@1@ABUCVec3@@QAM2_N@Z 00449395 f   gl_math.obj
 0001:0004869f       ?ProjectToScreen@OpenGLDrv@@YA_NABUCVec3@@QAH@Z 0044969f f   gl_math.obj
 0001:000487e2       ?SaturateColor3f@OpenGLDrv@@YAXAAUCVec3@@@Z 004497e2 f   gl_math.obj
 0001:000488d2       ?SaturateColor4b@OpenGLDrv@@YAXPATcolor_t@@@Z 004498d2 f   gl_math.obj
 0001:000489e0       ?SubdividePlane@OpenGLDrv@@YAHPAPAUCVec3@@HM@Z 004499e0 f   gl_poly.obj
 0001:00048ebf       ?FreeSubdividedPlane@OpenGLDrv@@YAXXZ 00449ebf f   gl_poly.obj
 0001:00048ed7       ?GetSubdivideIndexes@OpenGLDrv@@YAXPAH@Z 00449ed7 f   gl_poly.obj
 0001:00048f2d       ?RemoveCollinearPoints@OpenGLDrv@@YAHPAPAUCVec3@@H@Z 00449f2d f   gl_poly.obj
 0001:00049023       ?GetPolyArea@OpenGLDrv@@YAMPAPAUCVec3@@H@Z 0044a023 f   gl_poly.obj
 0001:000490b7       ?InitShaders@OpenGLDrv@@YAXXZ 0044a0b7 f   gl_shader.obj
 0001:00049252       ?ShutdownShaders@OpenGLDrv@@YAXXZ 0044a252 f   gl_shader.obj
 0001:00049290       ?GetLightmapImage@OpenGLDrv@@YAPAVimage_t@1@H@Z 0044a290 f   gl_shader.obj
 0001:000492bb       ?SetShaderLightmap@OpenGLDrv@@YAPAVshader_t@1@PAV21@H@Z 0044a2bb f   gl_shader.obj
 0001:000495d5       ??4shader_t@OpenGLDrv@@QAEAAV01@ABV01@@Z 0044a5d5 f i gl_shader.obj
 0001:00049811       ?SetShaderLightstyles@OpenGLDrv@@YAPAVshader_t@1@PAV21@I_N@Z 0044a811 f   gl_shader.obj
 0001:000498c3       ?GetAlphaShader@OpenGLDrv@@YAPAVshader_t@1@PAV21@@Z 0044a8c3 f   gl_shader.obj
 0001:00049cb0       ?SetShaderAnimFreq@OpenGLDrv@@YAXPAVshader_t@1@H@Z 0044acb0 f   gl_shader.obj
 0001:00049d06       ?FindShader@OpenGLDrv@@YAPAVshader_t@1@PBDI@Z 0044ad06 f   gl_shader.obj
 0001:0004b73b       ?GetShaderByNum@OpenGLDrv@@YAPAVshader_t@1@H@Z 0044c73b f   gl_shader.obj
 0001:0004b75d       ?ResetShaders@OpenGLDrv@@YAXXZ 0044c75d f   gl_shader.obj
 0001:0004b948       ?Reload@shader_t@OpenGLDrv@@UAEXXZ 0044c948 f   gl_shader.obj
 0001:0004b977       ?Insert@?$TList@VplayerModelInfo_t@@@@QAE_NPAVplayerModelInfo_t@@@Z 0044c977 f i gl_shader.obj
 0001:0004b977       ?Insert@?$TList@VCStringItem@@@@QAE_NPAVCStringItem@@@Z 0044c977 f i gl_shader.obj
 0001:0004b977       ?Insert@?$TList@VshaderScript_t@OpenGLDrv@@@@QAE_NPAVshaderScript_t@OpenGLDrv@@@Z 0044c977 f i gl_shader.obj
 0001:0004b9ad       ?ClearSky@OpenGLDrv@@YAXXZ 0044c9ad f   gl_sky.obj
 0001:0004ba0a       ?AddSkySurface@OpenGLDrv@@YAXPAVsurfacePlanar_t@1@E@Z 0044ca0a f   gl_sky.obj
 0001:0004bfd2       ?DrawSky@OpenGLDrv@@YAXXZ  0044cfd2 f   gl_sky.obj
 0001:0004c676       ?DrawChar@OpenGLDrv@@YAXHHHH@Z 0044d676 f   gl_text.obj
 0001:0004c6d0       ?ClearTexts@OpenGLDrv@@YAXXZ 0044d6d0 f   gl_text.obj
 0001:0004c6e5       ?FlushTexts@OpenGLDrv@@YAXXZ 0044d6e5 f   gl_text.obj
 0001:0004c791       ?DrawTextPos@OpenGLDrv@@YAXHHPBDI@Z 0044d791 f   gl_text.obj
 0001:0004c7bd       ?DrawTextLeft@OpenGLDrv@@YAXPBDI@Z 0044d7bd f   gl_text.obj
 0001:0004c845       ?DrawTextRight@OpenGLDrv@@YAXPBDI@Z 0044d845 f   gl_text.obj
 0001:0004c88f       ?DrawText3D@OpenGLDrv@@YAXABUCVec3@@PBDI@Z 0044d88f f   gl_text.obj
 0001:0004c8bc       ?InitTexts@OpenGLDrv@@YAXXZ 0044d8bc f   gl_text.obj
 0001:0004c8d6       ??0?$TTextContainer@UCRText@OpenGLDrv@@$0BAAAA@@@QAE@XZ 0044d8d6 f i gl_text.obj
 0001:0004c8fb       ?FindModel@OpenGLDrv@@YAPAVmodel_t@1@PBD@Z 0044d8fb f   gl_model.obj
 0001:0004cad7       ?FreeModels@OpenGLDrv@@YAXXZ 0044dad7 f   gl_model.obj
 0001:0004cb49       ?InitModels@OpenGLDrv@@YAXXZ 0044db49 f   gl_model.obj
 0001:0004cc3f       ?ShutdownModels@OpenGLDrv@@YAXXZ 0044dc3f f   gl_model.obj
 0001:0004cc50       ?LoadWorldMap@OpenGLDrv@@YAXPBD@Z 0044dc50 f   gl_bspmodel.obj
 0001:0004ef67       ?PointInLeaf@OpenGLDrv@@YAPAUnode_t@1@ABUCVec3@@@Z 0044ff67 f   gl_bspmodel.obj
 0001:0004efb2       ?LerpTag@model_t@OpenGLDrv@@UBE_NHHMPBDAAUCCoords@@@Z 0044ffb2 f   gl_trimodel.obj
 0001:0004efc0       ?LerpTag@md3Model_t@OpenGLDrv@@UBE_NHHMPBDAAUCCoords@@@Z 0044ffc0 f   gl_trimodel.obj
 0001:0004f0d0       ?LoadMd2@OpenGLDrv@@YAPAVmd3Model_t@1@PBDPAEI@Z 004500d0 f   gl_trimodel.obj
 0001:0004fc65       ?ATAN2_FUNC@OpenGLDrv@@YAMMM@Z 00450c65 f i gl_trimodel.obj
 0001:0004fe1b       ?LoadMd3@OpenGLDrv@@YAPAVmd3Model_t@1@PBDPAEI@Z 00450e1b f   gl_trimodel.obj
 0001:000502fc       ?LoadSp2@OpenGLDrv@@YAPAVsprModel_t@1@PBDPAEI@Z 004512fc f   gl_trimodel.obj
 0001:00050527       ?LoadSpr@OpenGLDrv@@YAPAVsprModel_t@1@PBDPAEI@Z 00451527 f   gl_trimodel.obj
 0001:00051ca0       ?QGL_Init@OpenGLDrv@@YA_NPBD@Z 00452ca0 f   GLBind.obj
 0001:00051d8c       ?QGL_Shutdown@OpenGLDrv@@YAXXZ 00452d8c f   GLBind.obj
 0001:00051dc9       ?QGL_InitExtensions@OpenGLDrv@@YAXXZ 00452dc9 f   GLBind.obj
 0001:000522b3       ?QGL_PrintExtensionsString@OpenGLDrv@@YAXPBD00@Z 004532b3 f   GLBind.obj
 0001:00052400       ?QGL_EnableLogging@OpenGLDrv@@YAX_N@Z 00453400 f   GLBind.obj
 0001:000524a9       ?QGL_LogMessage@OpenGLDrv@@YAXPBD@Z 004534a9 f   GLBind.obj
 0001:000524c2       ?QGL_SwapBuffers@OpenGLDrv@@YAXXZ 004534c2 f   GLBind.obj
 0001:00052544       ?GLimp_HasGamma@OpenGLDrv@@YA_NXZ 00453544 f   gl_win.obj
 0001:00052558       ?GLimp_SetGamma@OpenGLDrv@@YAXM@Z 00453558 f   gl_win.obj
 0001:000526fe       ?GLimp_SetMode@OpenGLDrv@@YA_NPAI0H_N@Z 004536fe f   gl_win.obj
 0001:00052ad5       ?GLimp_Shutdown@OpenGLDrv@@YAX_N@Z 00453ad5 f   gl_win.obj
 0001:00052b85       ?AppActivate@OpenGLDrv@@YAX_N@Z 00453b85 f   gl_win.obj
 0001:00052bf8       _jpeg_CreateDecompress     00453bf8 f   libs:jdapimin.obj
 0001:00052cb8       _jpeg_read_header          00453cb8 f   libs:jdapimin.obj
 0001:00052d1a       _jpeg_consume_input        00453d1a f   libs:jdapimin.obj
 0001:00052f69       _jpeg_finish_decompress    00453f69 f   libs:jdapimin.obj
 0001:00053000       _jpeg_start_decompress     00454000 f   libs:jdapistd.obj
 0001:0005316d       _jpeg_read_scanlines       0045416d f   libs:jdapistd.obj
 0001:000531f1       _jpeg_resync_to_restart    004541f1 f   libs:jdmarker.obj
 0001:000533b6       _jinit_marker_reader       004543b6 f   libs:jdmarker.obj
 0001:00054881       _jpeg_CreateCompress       00455881 f   libs:jcapimin.obj
 0001:00054935       _jpeg_destroy_compress     00455935 f   libs:jcapimin.obj
 0001:00054935       _jpeg_destroy_decompress   00455935 f   libs:jcapimin.obj
 0001:00054940       _jpeg_suppress_tables      00455940 f   libs:jcapimin.obj
[...]
 0001:00063db6       _process_restart           00464db6 f   libs:jddiffct.obj
 0001:00061dd6       _dummy_consume_data        00462dd6 f   libs:jdcoefct.obj
 0001:00063deb       _consume_data              00464deb f   libs:jddiffct.obj
 0001:00063e62       _output_data               00464e62 f   libs:jddiffct.obj
 0001:000638e9       _start_pass                004648e9 f   libs:jddctmgr.obj
 0001:00062d3b       _start_pass_phuff_decoder  00463d3b f   libs:jdphuff.obj
 0001:00062f84       _decode_mcu_DC_first       00463f84 f   libs:jdphuff.obj
 0001:0006317c       _process_restart           0046417c f   libs:jdphuff.obj
 0001:000631eb       _decode_mcu_AC_first       004641eb f   libs:jdphuff.obj
 0001:0006340b       _decode_mcu_DC_refine      0046440b f   libs:jdphuff.obj
 0001:000634e0       _decode_mcu_AC_refine      004644e0 f   libs:jdphuff.obj
 0001:00062782       _start_pass_huff_decoder   00463782 f   libs:jdshuff.obj
 0001:000628ba       _decode_mcu                004638ba f   libs:jdshuff.obj
 0001:00062c6a       _process_restart           00463c6a f   libs:jdshuff.obj
 0001:00061b68       _start_input_pass          00462b68 f   libs:jdcoefct.obj
 0001:00061b7b       _start_iMCU_row            00462b7b f   libs:jdcoefct.obj
 0001:00061bc0       _start_output_pass         00462bc0 f   libs:jdcoefct.obj
 0001:00061bfd       _decompress_onepass        00462bfd f   libs:jdcoefct.obj
 0001:00061dd6       _dummy_consume_data        00462dd6 f   libs:jdcoefct.obj
 0001:00061dd9       _consume_data              00462dd9 f   libs:jdcoefct.obj
 0001:00061f92       _decompress_data           00462f92 f   libs:jdcoefct.obj
 0001:000620fe       _smoothing_ok              004630fe f   libs:jdcoefct.obj
 0001:000621e9       _decompress_smooth_data    004631e9 f   libs:jdcoefct.obj
 0001:00061a01       _scaler_start_pass         00462a01 f   libs:jcscale.obj
 0001:00061a24       _simple_downscale          00462a24 f   libs:jcscale.obj
 0001:00061a50       _noscale                   00462a50 f   libs:jcscale.obj
 0001:000614f9       _start_pass                004624f9 f   libs:jcpred.obj
 0001:00061551       _reset_predictor           00462551 f   libs:jcpred.obj
 0001:0006157e       _jpeg_difference_first_row 0046257e f   libs:jcpred.obj
 0001:00061668       _jpeg_difference1          00462668 f   libs:jcpred.obj
 0001:000616d6       _jpeg_difference2          004626d6 f   libs:jcpred.obj
 0001:00061747       _jpeg_difference3          00462747 f   libs:jcpred.obj
 0001:000617bf       _jpeg_difference4          004627bf f   libs:jcpred.obj
 0001:0006184a       _jpeg_difference5          0046284a f   libs:jcpred.obj
 0001:000618dd       _jpeg_difference6          004628dd f   libs:jcpred.obj
 0001:0006196c       _jpeg_difference7          0046296c f   libs:jcpred.obj
 0001:00060deb       _start_pass_huff           00461deb f   libs:jclhuff.obj
 0001:00060f88       _encode_mcus_huff          00461f88 f   libs:jclhuff.obj
 0001:00061173       _emit_bits                 00462173 f   libs:jclhuff.obj
 0001:00061216       _dump_buffer               00462216 f   libs:jclhuff.obj
 0001:0006123a       _emit_restart              0046223a f   libs:jclhuff.obj
 0001:00061285       _flush_bits                00462285 f   libs:jclhuff.obj
 0001:000612a9       _finish_pass_huff          004622a9 f   libs:jclhuff.obj
 0001:00061316       _encode_mcus_gather        00462316 f   libs:jclhuff.obj
 0001:0006143f       _finish_pass_gather        0046243f f   libs:jclhuff.obj
 0001:0005face       _need_optimization_pass    00460ace f   libs:jcshuff.obj
 0001:000609c9       _start_pass_diff           004619c9 f   libs:jcdiffct.obj
 0001:00060a67       _start_iMCU_row            00461a67 f   libs:jcdiffct.obj
 0001:00060aa9       _compress_data             00461aa9 f   libs:jcdiffct.obj
 0001:00060c3f       _compress_first_pass       00461c3f f   libs:jcdiffct.obj
 0001:00060d34       _compress_output           00461d34 f   libs:jcdiffct.obj
 0001:000605dc       _start_pass_fdctmgr        004615dc f   libs:jcdctmgr.obj
 0001:000606de       _forward_DCT_float         004616de f   libs:jcdctmgr.obj
 0001:0005fb11       _start_pass_phuff          00460b11 f   libs:jcphuff.obj
 0001:0005fc7e       _encode_mcu_DC_first       00460c7e f   libs:jcphuff.obj
 0001:0005fdb0       _emit_bits                 00460db0 f   libs:jcphuff.obj
 0001:0005fe5b       _dump_buffer               00460e5b f   libs:jcphuff.obj
 0001:0005fe93       _emit_symbol               00460e93 f   libs:jcphuff.obj
 0001:0005fed3       _emit_restart              00460ed3 f   libs:jcphuff.obj
 0001:0005ff5c       _emit_eobrun               00460f5c f   libs:jcphuff.obj
 0001:0005ffe2       _encode_mcu_AC_first       00460fe2 f   libs:jcphuff.obj
 0001:00060176       _encode_mcu_DC_refine      00461176 f   libs:jcphuff.obj
 0001:00060230       _encode_mcu_AC_refine      00461230 f   libs:jcphuff.obj
 0001:00060447       _finish_pass_phuff         00461447 f   libs:jcphuff.obj
 0001:00060496       _finish_pass_gather_phuff  00461496 f   libs:jcphuff.obj
 0001:00060559       _need_optimization_pass    00461559 f   libs:jcphuff.obj
 0001:0005f2a9       _start_pass_huff           004602a9 f   libs:jcshuff.obj
 0001:0005f41e       _encode_mcu_huff           0046041e f   libs:jcshuff.obj
 0001:0005f529       _encode_one_block          00460529 f   libs:jcshuff.obj
 0001:0005f6a0       _emit_bits                 004606a0 f   libs:jcshuff.obj
 0001:0005f743       _dump_buffer               00460743 f   libs:jcshuff.obj
 0001:0005f767       _emit_restart              00460767 f   libs:jcshuff.obj
 0001:0005f7d4       _flush_bits                004607d4 f   libs:jcshuff.obj
 0001:0005f7f8       _finish_pass_huff          004607f8 f   libs:jcshuff.obj
 0001:0005f867       _encode_mcu_gather         00460867 f   libs:jcshuff.obj
 0001:0005f91d       _htest_one_block           0046091d f   libs:jcshuff.obj
 0001:0005f9e4       _finish_pass_gather        004609e4 f   libs:jcshuff.obj
 0001:0005face       _need_optimization_pass    00460ace f   libs:jcshuff.obj
 0001:0005ec7c       _start_pass_coef           0045fc7c f   libs:jccoefct.obj
 0001:00060a67       _start_iMCU_row            00461a67 f   libs:jcdiffct.obj
 0001:0005ed11       _compress_data             0045fd11 f   libs:jccoefct.obj
 0001:0005eef8       _compress_first_pass       0045fef8 f   libs:jccoefct.obj
 0001:0005f0de       _compress_output           004600de f   libs:jccoefct.obj
 0001:0005eb94       _calc_output_dimensions    0045fb94 f   libs:jdlossls.obj
 0001:0005eba5       _start_input_pass          0045fba5 f   libs:jdlossls.obj
 0001:0005e8d3       _calc_output_dimensions    0045f8d3 f   libs:jdlossy.obj
 0001:0005ea46       _start_input_pass          0045fa46 f   libs:jdlossy.obj
 0001:0005ea66       _latch_quant_tables        0045fa66 f   libs:jdlossy.obj
 0001:0005eafe       _start_output_pass         0045fafe f   libs:jdlossy.obj
 0001:0005e822       _start_pass                0045f822 f   libs:jclossls.obj
 0001:0005e78e       _start_pass                0045f78e f   libs:jclossy.obj
 0001:0005dce3       _initial_setup             0045ece3 f   libs:jcmaster.obj
 0001:0005de96       _validate_script           0045ee96 f   libs:jcmaster.obj
 0001:0005e26e       _prepare_for_pass          0045f26e f   libs:jcmaster.obj
 0001:0005e3e6       _select_scan_parameters    0045f3e6 f   libs:jcmaster.obj
 0001:0005e4e7       _per_scan_setup            0045f4e7 f   libs:jcmaster.obj
 0001:0005e692       _pass_startup              0045f692 f   libs:jcmaster.obj
 0001:0005e6b9       _finish_pass_master        0045f6b9 f   libs:jcmaster.obj
 0001:0005d7cf       _rgb_ycc_start             0045e7cf f   libs:jccolor.obj
 0001:0005d893       _rgb_ycc_convert           0045e893 f   libs:jccolor.obj
 0001:0005d992       _rgb_gray_convert          0045e992 f   libs:jccolor.obj
 0001:0005da17       _cmyk_ycck_convert         0045ea17 f   libs:jccolor.obj
 0001:0005db4f       _grayscale_convert         0045eb4f f   libs:jccolor.obj
 0001:0005dba9       _null_convert              0045eba9 f   libs:jccolor.obj
 0001:0002d8bc       _null_method               0042e8bc f   images.obj
 0001:0002d8bc       _start_pass_downsample     0042e8bc f   images.obj
 0001:0005cf1b       _sep_downsample            0045df1b f   libs:jcsample.obj
 0001:0005cf90       _int_downsample            0045df90 f   libs:jcsample.obj
 0001:0005d088       _expand_right_edge         0045e088 f   libs:jcsample.obj
 0001:0005d0dd       _fullsize_downsample       0045e0dd f   libs:jcsample.obj
 0001:0005d121       _h2v1_downsample           0045e121 f   libs:jcsample.obj
 0001:0005d1b5       _h2v2_downsample           0045e1b5 f   libs:jcsample.obj
 0001:0005d262       _h2v2_smooth_downsample    0045e262 f   libs:jcsample.obj
 0001:0005d4da       _fullsize_smooth_downsample 0045e4da f   libs:jcsample.obj
 0001:0005c917       _start_pass_prep           0045d917 f   libs:jcprepct.obj
 0001:0005c955       _pre_process_data          0045d955 f   libs:jcprepct.obj
 0001:0005cb03       _pre_process_context       0045db03 f   libs:jcprepct.obj
 0001:0005ccbc       _create_context_buffer     0045dcbc f   libs:jcprepct.obj
 0001:0005c78f       _start_pass_main           0045d78f f   libs:jcmainct.obj
 0001:0005c7d1       _process_data_simple_main  0045d7d1 f   libs:jcmainct.obj
 0001:0005bd65       _create_colormap           0045cd65 f   libs:jquant1.obj
 0001:0005be97       _select_ncolors            0045ce97 f   libs:jquant1.obj
 0001:0005bf6e       _create_colorindex         0045cf6e f   libs:jquant1.obj
 0001:0005c09a       _alloc_fs_workspace        0045d09a f   libs:jquant1.obj
 0001:0005c0d6       _start_pass_1_quant        0045d0d6 f   libs:jquant1.obj
 0001:0005c1a2       _create_odither_tables     0045d1a2 f   libs:jquant1.obj
 0001:0005c201       _make_odither_array        0045d201 f   libs:jquant1.obj
 0001:0005c264       _color_quantize            0045d264 f   libs:jquant1.obj
 0001:0005c2ef       _color_quantize3           0045d2ef f   libs:jquant1.obj
 0001:0005c37d       _quantize_ord_dither       0045d37d f   libs:jquant1.obj
 0001:0005c468       _quantize3_ord_dither      0045d468 f   libs:jquant1.obj
 0001:0005c568       _quantize_fs_dither        0045d568 f   libs:jquant1.obj
 0001:0002d8bc       _finish_pass_1_quant       0042e8bc f   images.obj
 0001:0005c6ec       _new_color_map_1_quant     0045d6ec f   libs:jquant1.obj
 0001:0005ad26       _init_error_limit          0045bd26 f   libs:jquant2.obj
 0001:0005adc5       _start_pass_2_quant        0045bdc5 f   libs:jquant2.obj
 0001:0005aec7       _prescan_quantize          0045bec7 f   libs:jquant2.obj
 0001:0005af36       _pass2_no_dither           0045bf36 f   libs:jquant2.obj
 0001:0005afe3       _fill_inverse_cmap         0045bfe3 f   libs:jquant2.obj
 0001:0005b0ae       _find_nearby_colors        0045c0ae f   libs:jquant2.obj
 0001:0005b252       _find_best_colors          0045c252 f   libs:jquant2.obj
 0001:0005b36c       _pass2_fs_dither           0045c36c f   libs:jquant2.obj
 0001:0005b5db       _finish_pass1              0045c5db f   libs:jquant2.obj
 0001:0005b5fd       _select_colors             0045c5fd f   libs:jquant2.obj
 0001:0005b689       _update_box                0045c689 f   libs:jquant2.obj
 0001:0005ba23       _median_cut                0045ca23 f   libs:jquant2.obj
 0001:0005bb37       _find_biggest_color_pop    0045cb37 f   libs:jquant2.obj
 0001:0005bb66       _find_biggest_volume       0045cb66 f   libs:jquant2.obj
 0001:0005bb8f       _compute_color             0045cb8f f   libs:jquant2.obj
 0001:0002d8bc       _finish_pass2              0042e8bc f   images.obj
 0001:0005bccb       _new_color_map_2_quant     0045cccb f   libs:jquant2.obj
 0001:0005a73d       _build_ycc_rgb_table       0045b73d f   libs:jdmerge.obj
 0001:0005a7ed       _start_pass_merged_upsample 0045b7ed f   libs:jdmerge.obj
 0001:0005a802       _merged_2v_upsample        0045b802 f   libs:jdmerge.obj
 0001:0005a8a9       _merged_1v_upsample        0045b8a9 f   libs:jdmerge.obj
 0001:0005a8da       _h2v1_merged_upsample      0045b8da f   libs:jdmerge.obj
 0001:0005aa30       _h2v2_merged_upsample      0045ba30 f   libs:jdmerge.obj
 0001:0005a2e1       _build_ycc_rgb_table       0045b2e1 f   libs:jdcolor.obj
 0001:0005a391       _ycc_rgb_convert           0045b391 f   libs:jdcolor.obj
 0001:0005a49f       _null_convert              0045b49f f   libs:jdcolor.obj
 0001:0005a517       _grayscale_convert         0045b517 f   libs:jdcolor.obj
 0001:0005a53a       _gray_rgb_convert          0045b53a f   libs:jdcolor.obj
 0001:0005a593       _ycck_cmyk_convert         0045b593 f   libs:jdcolor.obj
 0001:0002d8bc       _start_pass_dcolor         0042e8bc f   images.obj
 0001:00059d42       _start_pass_upsample       0045ad42 f   libs:jdsample.obj
 0001:00059d5c       _sep_upsample              0045ad5c f   libs:jdsample.obj
 0001:00059e29       _fullsize_upsample         0045ae29 f   libs:jdsample.obj
 0001:00059e34       _noop_upsample             0045ae34 f   libs:jdsample.obj
 0001:00059e3c       _int_upsample              0045ae3c f   libs:jdsample.obj
 0001:00059f26       _h2v1_upsample             0045af26 f   libs:jdsample.obj
 0001:00059f7d       _h2v2_upsample             0045af7d f   libs:jdsample.obj
 0001:00059fef       _h2v1_fancy_upsample       0045afef f   libs:jdsample.obj
 0001:0005a092       _h2v2_fancy_upsample       0045b092 f   libs:jdsample.obj
 0001:0005994b       _start_pass_dpost          0045a94b f   libs:jdpostct.obj
 0001:000599f1       _post_process_1pass        0045a9f1 f   libs:jdpostct.obj
 0001:00059a56       _post_process_prepass      0045aa56 f   libs:jdpostct.obj
 0001:00059ae7       _post_process_2pass        0045aae7 f   libs:jdpostct.obj
 0001:00059352       _alloc_funny_pointers      0045a352 f   libs:jdmainct.obj
 0001:000593ff       _start_pass_main           0045a3ff f   libs:jdmainct.obj
 0001:00059467       _make_funny_pointers       0045a467 f   libs:jdmainct.obj
 0001:000595a7       _process_data_simple_main  0045a5a7 f   libs:jdmainct.obj
 0001:0005960f       _process_data_context_main 0045a60f f   libs:jdmainct.obj
 0001:00059721       _set_wraparound_pointers   0045a721 f   libs:jdmainct.obj
 0001:0005980b       _set_bottom_pointers       0045a80b f   libs:jdmainct.obj
 0001:000598a5       _process_data_crank_post   0045a8a5 f   libs:jdmainct.obj
 0001:0005807e       _write_marker_header       0045907e f   libs:jcmarker.obj
 0001:000580d4       _emit_byte                 004590d4 f   libs:jcmarker.obj
 0001:00058105       _write_marker_byte         00459105 f   libs:jcmarker.obj
 0001:00058115       _write_file_header         00459115 f   libs:jcmarker.obj
 0001:00058161       _emit_jfif_app0            00459161 f   libs:jcmarker.obj
 0001:00058234       _emit_adobe_app14          00459234 f   libs:jcmarker.obj
 0001:000582da       _write_frame_header        004592da f   libs:jcmarker.obj
 0001:000583b9       _emit_dqt                  004593b9 f   libs:jcmarker.obj
 0001:000584a8       _emit_sof                  004594a8 f   libs:jcmarker.obj
 0001:00058584       _write_scan_header         00459584 f   libs:jcmarker.obj
 0001:00058644       _emit_dht                  00459644 f   libs:jcmarker.obj
 0001:0005871d       _emit_dri                  0045971d f   libs:jcmarker.obj
 0001:0005876c       _emit_sos                  0045976c f   libs:jcmarker.obj
 0001:0005885a       _write_file_trailer        0045985a f   libs:jcmarker.obj
 0001:0005887a       _write_tables_only         0045987a f   libs:jcmarker.obj
 0001:00057bd3       _use_merged_upsample       00458bd3 f   libs:jdmaster.obj
 0001:00057c79       _master_selection          00458c79 f   libs:jdmaster.obj
 0001:00057dd6       _prepare_range_limit_table 00458dd6 f   libs:jdmaster.obj
 0001:00057e5c       _prepare_for_output_pass   00458e5c f   libs:jdmaster.obj
 0001:00057f7d       _finish_output_pass        00458f7d f   libs:jdmaster.obj
 0001:0005704a       _alloc_small               0045804a f   libs:jmemmgr.obj
 0001:00057168       _alloc_large               00458168 f   libs:jmemmgr.obj
 0001:00057219       _alloc_sarray              00458219 f   libs:jmemmgr.obj
 0001:000572b1       _alloc_barray              004582b1 f   libs:jmemmgr.obj
 0001:00057355       _alloc_darray              00458355 f   libs:jmemmgr.obj
 0001:00057400       _request_virt_sarray       00458400 f   libs:jmemmgr.obj
 0001:00057461       _request_virt_barray       00458461 f   libs:jmemmgr.obj
 0001:000574c2       _realize_virt_arrays       004584c2 f   libs:jmemmgr.obj
 0001:00057645       _access_virt_sarray        00458645 f   libs:jmemmgr.obj
 0001:00057765       _do_sarray_io              00458765 f   libs:jmemmgr.obj
 0001:000577f5       _access_virt_barray        004587f5 f   libs:jmemmgr.obj
 0001:0005791a       _do_barray_io              0045891a f   libs:jmemmgr.obj
 0001:000579ab       _free_pool                 004589ab f   libs:jmemmgr.obj
 0001:00057a92       _self_destruct             00458a92 f   libs:jmemmgr.obj
 0001:00056ae4       _start_input_pass          00457ae4 f   libs:jdinput.obj
 0001:00056b12       _per_scan_setup            00457b12 f   libs:jdinput.obj
 0001:00056c98       _finish_input_pass         00457c98 f   libs:jdinput.obj
 0001:00056ca9       _consume_markers           00457ca9 f   libs:jdinput.obj
 0001:00056d45       _initial_setup             00457d45 f   libs:jdinput.obj
 0001:00056f4f       _reset_input_controller    00457f4f f   libs:jdinput.obj
 0001:000566e9       _make_crc_table            004576e9 f   libs:crc32.obj
 0001:00056836       _crc32_little              00457836 f   libs:crc32.obj
 0001:000564e3       _fixedtables               004574e3 f   libs:inflate.obj
 0001:000565cd       _updatewindow              004575cd f   libs:inflate.obj
 0001:0005520b       _init_destination          0045620b f   libs:jdatadst.obj
 0001:00055231       _empty_output_buffer       00456231 f   libs:jdatadst.obj
 0001:00055273       _term_destination          00456273 f   libs:jdatadst.obj
 0001:00054d92       _std_huff_tables           00455d92 f   libs:jcparam.obj
 0001:00054dec       _add_huff_table            00455dec f   libs:jcparam.obj
 0001:000532df       _next_marker               004542df f   libs:jdmarker.obj
 0001:00053419       _get_interesting_appn      00454419 f   libs:jdmarker.obj
 0001:00053544       _examine_app0              00454544 f   libs:jdmarker.obj
 0001:00053752       _examine_app14             00454752 f   libs:jdmarker.obj
 0001:00053813       _skip_variable             00454813 f   libs:jdmarker.obj
 0001:000538b6       _read_markers              004548b6 f   libs:jdmarker.obj
 0001:00053abe       _get_soi                   00454abe f   libs:jdmarker.obj
 0001:00053b69       _get_sof                   00454b69 f   libs:jdmarker.obj
 0001:00053e72       _get_sos                   00454e72 f   libs:jdmarker.obj
 0001:00054160       _get_dht                   00455160 f   libs:jdmarker.obj
 0001:00054401       _get_dqt                   00455401 f   libs:jdmarker.obj
 0001:0005465d       _get_dri                   0045565d f   libs:jdmarker.obj
 0001:0005473c       _first_marker              0045573c f   libs:jdmarker.obj
 0001:000547d8       _read_restart_marker       004557d8 f   libs:jdmarker.obj
 0001:00054856       _reset_marker_reader       00455856 f   libs:jdmarker.obj
 0001:000530c3       _output_pass_setup         004540c3 f   libs:jdapistd.obj
 0001:00052db6       _default_decompress_parms  00453db6 f   libs:jdapimin.obj

 295 bytes saved through ICF

