 Quake2

 Timestamp is 44d48020 (Sat Aug 05 15:25:20 2006)

 Preferred load address is 00400000

 Start         Length     Name                   Class
 0001:00000000 00067620H .text                   CODE
 0002:00000000 00000294H .idata$5                DATA
 0002:00000298 0000757cH .rdata                  DATA
 0002:00007818 00000044H .rdata$r                DATA
 0002:00007860 00000038H .xdata$x                DATA
 0002:00007898 00000078H .idata$2                DATA
 0002:00007910 00000014H .idata$3                DATA
 0002:00007924 00000294H .idata$4                DATA
 0002:00007bb8 0000086aH .idata$6                DATA
 0002:00008422 00000000H .edata                  DATA
 0003:00000000 00000004H .CRT$XCA                DATA
 0003:00000004 00000088H .CRT$XCU                DATA
 0003:0000008c 00000004H .CRT$XCZ                DATA
 0003:00000090 00000004H .CRT$XIA                DATA
 0003:00000094 00000004H .CRT$XIZ                DATA
 0003:000000a0 0000e67cH .data                   DATA
 0003:0000e720 004578a0H .bss                    DATA
 0004:00000000 00000130H .rsrc$01                DATA
 0004:00000130 00003f20H .rsrc$02                DATA

  Address         Publics by Value              Rva+Base     Lib:Object

 0001:00000000       ??3@YAXPAX@Z               00401000 f i CoreMain.obj
 0001:0000000e       ?appTimestamp@@YAPBDXZ     0040100e f   CoreMain.obj
 0001:00000043       ?appInit@@YAXXZ            00401043 f   CoreMain.obj
 0001:000000c3       ?appExit@@YAXXZ            004010c3 f   CoreMain.obj
 0001:000000cd       ?appMilliseconds@@YAIXZ    004010cd f   CoreWin32.obj
 0001:000000d3       ?appPackage@@YAPBDXZ       004010d3 f   CoreWin32.obj
 0001:0000012b       ?appGetSystemErrorMessage@@YAPBDI@Z 0040112b f   CoreWin32.obj
 0001:0000018f       ?appDisplayError@@YAXXZ    0040118f f   CoreWin32.obj
 0001:000001e0       ?appInitPlatform@@YAXXZ    004011e0 f   CoreWin32.obj
 0001:00000373       ?appShutdownPlatform@@YAXXZ 00401373 f   CoreWin32.obj
 0001:0000037c       ?sprintf@?$TString@$0BAA@@@QAAHPBDZZ 0040137c f i CoreWin32.obj
 0001:00000399       ?appDetectCPU@@YAXXZ       00401399 f   CoreCpuid.obj
 0001:0000064d       ?appLoadDebugSymbols@@YAXXZ 0040164d f   DbgSymbols.obj
 0001:0000080b       ?appSymbolName@@YA_NIPADH@Z 0040180b f   DbgSymbols.obj
 0001:00000901       ?appSymbolName@@YAPBDI@Z   00401901 f   DbgSymbols.obj
 0001:00000939       ?osGetAddressPackage@@YA_NIPADHAAH@Z 00401939 f   DbgSymbolsWin32.obj
 0001:000009cd       ?osGetAddressSymbol@@YA_NIPADHAAH@Z 004019cd f   DbgSymbolsWin32.obj
 0001:00000b74       ?appMalloc@@YAPAXIH@Z      00401b74 f   Memory.obj
 0001:00000c79       ?appFree@@YAXPAX@Z         00401c79 f   Memory.obj
 0001:00000cf8       ?Unlink@FMemHeader@@QAEXXZ 00401cf8 f i Memory.obj
 0001:00000d23       ?Link@CMemoryChain@@AAEXXZ 00401d23 f   Memory.obj
 0001:00000d42       ?Unlink@CMemoryChain@@AAEXXZ 00401d42 f   Memory.obj
 0001:00000d6d       ??2CMemoryChain@@SAPAXIH@Z 00401d6d f   Memory.obj
 0001:00000e36       ??3CMemoryChain@@SAXPAX@Z  00401e36 f   Memory.obj
 0001:00000eb7       ?Alloc@CMemoryChain@@QAEPAXIH@Z 00401eb7 f   Memory.obj
 0001:00000f83       ?GetSize@CMemoryChain@@QAEHXZ 00401f83 f   Memory.obj
 0001:00000f91       ?BuildAllocatorsTable@@YAHPAXH@Z 00401f91 f   Memory.obj
 0001:00001102       ?appInitMemory@@YAXXZ      00402102 f   Memory.obj
 0001:000014ea       ?Show@CSunLight@OpenGLDrv@@UBEXXZ 004024ea f i OutputDevice.obj
 0001:000014ea       ?Close@COutputDevice@@UAEXXZ 004024ea f i OutputDevice.obj
 0001:000014ea       ?Flush@COutputDevice@@UAEXXZ 004024ea f i OutputDevice.obj
 0001:000014eb       ?Write@COutputDeviceNull@@UAEXPBD@Z 004024eb f i OutputDevice.obj
 0001:00001505       ??_ECOutputDeviceNull@@UAEPAXI@Z 00402505 f i OutputDevice.obj
 0001:00001505       ??_GCOutputDeviceNull@@UAEPAXI@Z 00402505 f i OutputDevice.obj
 0001:00001505       ??_ECOutputDevice@@UAEPAXI@Z 00402505 f i OutputDevice.obj
 0001:00001505       ??_GCOutputDevice@@UAEPAXI@Z 00402505 f i OutputDevice.obj
 0001:00001548       ?Write@COutputDeviceLog@@UAEXPBD@Z 00402548 f i OutputDevice.obj
 0001:00001593       ??_GCOutputDeviceLog@@UAEPAXI@Z 00402593 f i OutputDevice.obj
 0001:00001593       ??_ECOutputDeviceLog@@UAEPAXI@Z 00402593 f i OutputDevice.obj
 0001:000015b3       ?Printf@COutputDevice@@QAAXPBDZZ 004025b3 f   OutputDevice.obj
 0001:00001624       ?Register@COutputDevice@@QAEXXZ 00402624 f   OutputDevice.obj
 0001:00001680       ?Unregister@COutputDevice@@QAEXXZ 00402680 f   OutputDevice.obj
 0001:000016d3       ?appPrintf@@YAXPBDZZ       004026d3 f   OutputDevice.obj
 0001:0000180a       ?appWPrintf@@YAXPBDZZ      0040280a f   OutputDevice.obj
 0001:0000186d       ??0COutputDeviceMemTail@@QAE@H@Z 0040286d f i ErrorMgr.obj
 0001:0000189e       ?Write@COutputDeviceMemTail@@UAEXPBD@Z 0040289e f i ErrorMgr.obj
 0001:000019ba       ??_ECOutputDeviceMemTail@@UAEPAXI@Z 004029ba f i ErrorMgr.obj
 0001:000019ba       ??_GCOutputDeviceMemTail@@UAEPAXI@Z 004029ba f i ErrorMgr.obj
 0001:000019d9       ??1COutputDeviceMemTail@@UAE@XZ 004029d9 f i ErrorMgr.obj
 0001:00001a22       ??0COutputDeviceFile@@QAE@XZ 00402a22 f i ErrorMgr.obj
 0001:00001a37       ?Write@COutputDeviceFile@@UAEXPBD@Z 00402a37 f i ErrorMgr.obj
 0001:00001a8e       ?Flush@COutputDeviceFile@@UAEXXZ 00402a8e f i ErrorMgr.obj
 0001:00001a9e       ?Close@COutputDeviceFile@@UAEXXZ 00402a9e f i ErrorMgr.obj
 0001:00001ab6       ??_GCOutputDeviceFile@@UAEPAXI@Z 00402ab6 f i ErrorMgr.obj
 0001:00001ab6       ??_ECOutputDeviceFile@@UAEPAXI@Z 00402ab6 f i ErrorMgr.obj
 0001:00001ad5       ??1COutputDeviceFile@@UAE@XZ 00402ad5 f i ErrorMgr.obj
 0001:00001b14       ?appBeginError@@YAPAVCOutputDevice@@PBD@Z 00402b14 f   ErrorMgr.obj
 0001:00001bdf       ?appGetErrorLog@@YAPAVCOutputDevice@@XZ 00402bdf f   ErrorMgr.obj
 0001:00001c4a       ?Open@COutputDeviceFile@@QAEXPBD_N@Z 00402c4a f i ErrorMgr.obj
 0001:00001c90       ?appFatalError@@YAXPBDZZ   00402c90 f   ErrorMgr.obj
 0001:00001ce6       ?appNonFatalError@@YAXPBDZZ 00402ce6 f   ErrorMgr.obj
 0001:00001d48       ?appUnwindPrefix@@YAXPBD@Z 00402d48 f   ErrorMgr.obj
 0001:00001dfa       ?appUnwindThrow@@YAXPBDZZ  00402dfa f   ErrorMgr.obj
 0001:00001e70       ?Reset@CErrorHandler@@QAEXXZ 00402e70 f   ErrorMgr.obj
 0001:00001ea1       ?appInitError@@YAXXZ       00402ea1 f   ErrorMgr.obj
 0001:00001f96       ?appShutdownError@@YAXXZ   00402f96 f   ErrorMgr.obj
 0001:00002020       ?GetTail@COutputDeviceMemTail@@QAEPBDH@Z 00403020 f i ErrorMgr.obj
 0001:00002046       ?sprintf@?$TString@$0CAA@@@QAAHPBDZZ 00403046 f i ErrorMgr.obj
 0001:00002063       ?win32ExceptFilter@@YGJPAU_EXCEPTION_POINTERS@@@Z 00403063 f   ExceptHandlerWin32.obj
 0001:00002206       ?win32ExceptFilter2@@YAIXZ 00403206 f   ExceptHandlerWin32.obj
 0001:0000220f       ?sprintf@?$TString@$0EAA@@@QAAHPBDZZ 0040320f f i ExceptHandlerWin32.obj
 0001:0000222c       ?DumpRegs@@YAXPAVCOutputDevice@@PAU_CONTEXT@@@Z 0040322c f   ExceptDumpers.obj
 0001:0000233d       ?DumpMem@@YAXPAVCOutputDevice@@PBIPAU_CONTEXT@@@Z 0040333d f   ExceptDumpers.obj
 0001:0000257c       ?UnwindEbpFrame@@YAXPAVCOutputDevice@@PBI@Z 0040357c f   ExceptDumpers.obj
 0001:0000260d       ?GetLine@CSimpleParser@@QAEPBDXZ 0040360d f   ScriptParser.obj
 0001:00002724       ?SkipBraces@CSimpleParser@@QAEPBDXZ 00403724 f   ScriptParser.obj
 0001:0000275a       ?appStricmp@@YAHPBD0@Z     0040375a f   Strings.obj
 0001:00002791       ?toLower@@YADD@Z           00403791 f i Strings.obj
 0001:000027ac       ?appStrncpylwr@@YAXPADPBDH@Z 004037ac f   Strings.obj
 0001:000027e4       ?appStrncpyz@@YAXPADPBDH@Z 004037e4 f   Strings.obj
 0001:00002811       ?appStrcatn@@YAXPADHPBD@Z  00403811 f   Strings.obj
 0001:0000283d       ?appCopyFilename@@YAXPADPBDH@Z 0040383d f   Strings.obj
 0001:00002965       ?appCStrlen@@YAHPBD@Z      00403965 f   Strings.obj
 0001:0000298d       ?appUncolorizeString@@YAXPADPBD@Z 0040398d f   Strings.obj
 0001:000029bf       ?va@@YAPBDPBDZZ            004039bf f   Strings.obj
 0001:00002ab3       ?appSprintf@@YAHPADHPBDZZ  00403ab3 f   Strings.obj
 0001:00002b52       ?appMatchWildcard@@YA_NPBD0_N@Z 00403b52 f   Strings.obj
 0001:00002d97       ?appIsWildcard@@YA_NPBD@Z  00403d97 f   Strings.obj
 0001:00002dc3       ?appStrdup@@YAPADPBD@Z     00403dc3 f   Strings.obj
 0001:00002e04       ?appStrdup@@YAPADPBDPAVCMemoryChain@@@Z 00403e04 f   Strings.obj
 0001:00002e39       ??0CStringItem@@QAE@XZ     00403e39 f   Strings.obj
 0001:00002e44       ??2CStringItem@@SAPAXIPBD@Z 00403e44 f   Strings.obj
 0001:00002ede       ??2CStringItem@@SAPAXIPBDPAVCMemoryChain@@@Z 00403ede f   Strings.obj
 0001:00002f53       ?Find@CStringList@@IAEPAVCStringItem@@PBDPAPAV2@@Z 00403f53 f   Strings.obj
 0001:00002fde       ?Find@CStringList@@IAEPAVCStringItem@@H@Z 00403fde f   Strings.obj
 0001:0000304a       ?IndexOf@CStringList@@QAEHPBD@Z 0040404a f   Strings.obj
 0001:000030cc       ?Remove@CStringList@@QAE_NPAVCStringItem@@@Z 004040cc f   Strings.obj
 0001:00003150       ?Add@CTextContainer@@QAEPAUCTextRec@@PBD@Z 00404150 f   TextContainer.obj
 0001:000031fc       ?Enumerate@CTextContainer@@QAEXP6AXPBUCTextRec@@@Z@Z 004041fc f   TextContainer.obj
 0001:00003268       ?SubtractPath@@YAPBDPBD0@Z 00404268 f   FileSystem.obj
 0001:00003300       ?appMakeDirectoryForFile@@YAXPBD@Z 00404300 f   FileSystem.obj
 0001:00003336       ?appOpenFile@@YAPAVCFile@@PBD@Z 00404336 f   FileSystem.obj
 0001:00003373       ?Read@CFileOS@@UAEHPAXH@Z  00404373 f i FileSystem.obj
 0001:0000339a       ?GetSize@CFileOS@@UAEHXZ   0040439a f i FileSystem.obj
 0001:000033e5       ?Eof@CFileOS@@UAE_NXZ      004043e5 f i FileSystem.obj
 0001:000033f9       ??_GCFileOS@@UAEPAXI@Z     004043f9 f i FileSystem.obj
 0001:000033f9       ??_ECFileOS@@UAEPAXI@Z     004043f9 f i FileSystem.obj
 0001:0000342e       ??_GCFile@@UAEPAXI@Z       0040442e f i FileSystem.obj
 0001:0000342e       ??_ECFile@@UAEPAXI@Z       0040442e f i FileSystem.obj
 0001:0000344e       ?ReadByte@CFile@@QAEEXZ    0040444e f   FileSystem.obj
 0001:00003466       ?ReadInt@CFile@@QAEHXZ     00404466 f   FileSystem.obj
 0001:0000347e       ?ReadString@CFile@@QAEXPADH@Z 0040447e f   FileSystem.obj
 0001:000034bb       ?GetType@CFileContainer@@MAEPBDXZ 004044bb f   FileSystem.obj
 0001:000034c1       ?Mount@CFileSystem@@QAEXAAVCFileContainer@@PBD@Z 004044c1 f   FileSystem.obj
 0001:00003517       ?Umount@CFileSystem@@QAEXAAVCFileContainer@@@Z 00404517 f   FileSystem.obj
 0001:00003551       ?MountDirectory@CFileSystem@@QAEPAVCFileContainer@@PBD0@Z 00404551 f   FileSystem.obj
 0001:00003596       ?GetType@CFileContainerOS@@MAEPBDXZ 00404596 f i FileSystem.obj
 0001:0000359c       ?FileExists@CFileContainerOS@@UAE_NPBD@Z 0040459c f i FileSystem.obj
 0001:000035c6       ?OpenFile@CFileContainerOS@@UAEPAVCFile@@PBD@Z 004045c6 f i FileSystem.obj
 0001:000035e6       ?List@CFileContainerOS@@UAEXAAVCFileList@@PBDI@Z 004045e6 f i FileSystem.obj
 0001:0000360f       ??_ECFileContainerOS@@UAEPAXI@Z 0040460f f i FileSystem.obj
 0001:0000360f       ??_GCFileContainerOS@@UAEPAXI@Z 0040460f f i FileSystem.obj
 0001:0000362f       ??_GCFileContainer@@UAEPAXI@Z 0040462f f i FileSystem.obj
 0001:0000362f       ??_ECFileContainer@@UAEPAXI@Z 0040462f f i FileSystem.obj
 0001:0000364f       ?MountArchive@CFileSystem@@QAEPAVCFileContainer@@PBD0@Z 0040464f f   FileSystem.obj
 0001:00003766       ?Mount@CFileSystem@@QAEXPBD0@Z 00404766 f   FileSystem.obj
 0001:00003998       ?Umount@CFileSystem@@QAEXPBD@Z 00404998 f   FileSystem.obj
 0001:00003a34       ?List@CFileSystem@@UAEPAVCFileList@@PBDIPAV2@@Z 00404a34 f   FileSystem.obj
 0001:00003bef       ?RegisterFormat@CFileSystem@@SAXP6APAVCFileContainer@@PBDPAU_iobuf@@@Z@Z 00404bef f   FileSystem.obj
 0001:00003c33       ?FileExists@CFileSystem@@UAE_NPBDI@Z 00404c33 f   FileSystem.obj
 0001:00003cb2       ?OpenFile@CFileSystem@@UAEPAVCFile@@PBDI@Z 00404cb2 f   FileSystem.obj
 0001:00003d57       ?LoadFile@CFileSystem@@QAEPAXPBDPAI@Z 00404d57 f   FileSystem.obj
 0001:00003e27       ?cMount@@YAX_NHPAPAD@Z     00404e27 f   FileSystem.obj
 0001:00003f65       ?cUmount@@YAX_NHPAPAD@Z    00404f65 f   FileSystem.obj
 0001:00003f94       ?appInitFileSystem@@YAXAAVCFileSystem@@@Z 00404f94 f   FileSystem.obj
 0001:0000438b       ?appListDirectory@@YAXPBDAAVCFileList@@I@Z 0040538b f   FileSystemWin32.obj
 0001:000045d2       ?appMakeDirectory@@YAXPBD@Z 004055d2 f   FileSystemWin32.obj
 0001:0000463c       ?appFileType@@YAIPBD@Z     0040563c f   FileSystemWin32.obj
 0001:0000467c       ?FindDir@CFileContainerArc@@IAEPAVFDirInfo@1@PBD_N@Z 0040567c f   FileContainerArc.obj
 0001:00004735       ?FindFile@CFileContainerArc@@IAEPAVCStringItem@@PBD@Z 00405735 f   FileContainerArc.obj
 0001:000047a0       ?FileExists@CFileContainerArc@@UAE_NPBD@Z 004057a0 f   FileContainerArc.obj
 0001:000047b5       ?OpenFile@CFileContainerArc@@UAEPAVCFile@@PBD@Z 004057b5 f   FileContainerArc.obj
 0001:000047d4       ?List@CFileContainerArc@@UAEXAAVCFileList@@PBDI@Z 004057d4 f   FileContainerArc.obj
 0001:00004941       ??E?$TStringSplitter@$0BAA@$0CP@@@QAEXXZ 00405941 f i FileContainerArc.obj
 0001:000049c3       ?GetLength@CVec3@@QAEMXZ   004059c3 f   Math3D.obj
 0001:000049ee       ?Normalize@CVec3@@QAEMXZ   004059ee f   Math3D.obj
 0001:00004a40       ?VectorNormalize@@YAMABUCVec3@@AAU1@@Z 00405a40 f   Math3D.obj
 0001:00004aaa       ?NormalizeFast@CVec3@@QAEMXZ 00405aaa f   Math3D.obj
 0001:00004afb       ?FindAxisVectors@CVec3@@QBEXAAU1@0@Z 00405afb f   Math3D.obj
 0001:00004b6b       ?cross@@YAXABUCVec3@@0AAU1@@Z 00405b6b f   Math3D.obj
 0001:00004ba7       ?VectorDistance@@YAMABUCVec3@@0@Z 00405ba7 f   Math3D.obj
 0001:00004bd6       ?Setup@CPlane@@QAEXXZ      00405bd6 f   Math3D.obj
 0001:00004c84       ?Clear@CBox@@QAEXXZ        00405c84 f   Math3D.obj
 0001:00004ca2       ?Expand@CBox@@QAEXABUCVec3@@@Z 00405ca2 f   Math3D.obj
 0001:00004cd4       ?Expand@CBox@@QAEXABU1@@Z  00405cd4 f   Math3D.obj
 0001:00004d13       ?GetCenter@CBox@@QBEXAAUCVec3@@@Z 00405d13 f   Math3D.obj
 0001:00004d36       ?Contains@CBox@@QBE_NABUCVec3@@@Z 00405d36 f   Math3D.obj
 0001:00004d6a       ?Intersects@CBox@@QBE_NABU1@@Z 00405d6a f   Math3D.obj
 0001:00004da9       ?OnPlaneSide@CBox@@QBEHABUCPlane@@@Z 00405da9 f   Math3D.obj
 0001:00004ed8       ?FromEuler@CAxis@@QAEXABUCVec3@@@Z 00405ed8 f   Math3D.obj
 0001:00004f17       ?TransformVector@CAxis@@QBEXABUCVec3@@AAU2@@Z 00405f17 f   Math3D.obj
 0001:00004f6a       ?UnTransformVector@CAxis@@QBEXABUCVec3@@AAU2@@Z 00405f6a f   Math3D.obj
 0001:00004fce       ?TransformAxis@CAxis@@QBEXABU1@AAU1@@Z 00405fce f   Math3D.obj
 0001:00005014       ?UnTransformAxis@CAxis@@QBEXABU1@AAU1@@Z 00406014 f   Math3D.obj
 0001:0000505a       ?TransformPoint@CCoords@@QBEXABUCVec3@@AAU2@@Z 0040605a f   Math3D.obj
 0001:000050ba       ?UnTransformPoint@CCoords@@QBEXABUCVec3@@AAU2@@Z 004060ba f   Math3D.obj
 0001:00005127       ?UnTransformCoords@CCoords@@QBEXABU1@AAU1@@Z 00406127 f   Math3D.obj
 0001:00005153       ?TransformPlane@CCoords@@QBEXABUCPlane@@AAU2@@Z 00406153 f   Math3D.obj
 0001:0000518d       ?TransformPoint@@YAXABUCVec3@@ABUCAxis@@0AAU1@@Z 0040618d f   Math3D.obj
 0001:000051f0       ?UnTransformPoint@@YAXABUCVec3@@ABUCAxis@@0AAU1@@Z 004061f0 f   Math3D.obj
 0001:00005260       ?Euler2Vecs@@YAXABUCVec3@@PAU1@11@Z 00406260 f   Math3D.obj
 0001:000053c0       ?Vec2Euler@@YAXABUCVec3@@AAU1@@Z 004063c0 f   Math3D.obj
 0001:000054c3       ?Vec2Yaw@@YAMABUCVec3@@@Z  004064c3 f   Math3D.obj
 0001:00005536       ?appRsqrt@@YAMM@Z          00406536 f   MathMisc.obj
 0001:00005562       ?NormalizeColor@@YAMABUCVec3@@AAU1@@Z 00406562 f   MathMisc.obj
 0001:000055c0       ?NormalizeColor255@@YAMABUCVec3@@AAU1@@Z 004065c0 f   MathMisc.obj
 0001:00005622       ?SCR_StopCinematic@@YAXXZ  00406622 f   cl_cin.obj
 0001:000056b6       ?SCR_DrawCinematic@@YA_NXZ 004066b6 f   cl_cin.obj
 0001:00005aad       ?SCR_PlayCinematic@@YAXPBD@Z 00406aad f   cl_cin.obj
 0001:00005e04       ?sprintf@?$TString@$0EA@@@QAAHPBDZZ 00406e04 f i cl_cin.obj
 0001:00005e1e       ?CL_Download_f@@YAX_NHPAPAD@Z 00406e1e f   cl_download.obj
 0001:000061cb       ?CL_ParseDownload@@YAXXZ   004071cb f   cl_download.obj
 0001:000069ed       ?CL_Precache_f@@YAXHPAPAD@Z 004079ed f   cl_download.obj
 0001:00006a4b       ?sprintf@?$TString@$0IA@@@QAAHPBDZZ 00407a4b f i cl_download.obj
 0001:00006a68       ?CL_ParseDelta@@YAXPAUclEntityState_t@@0HI_N@Z 00407a68 f   cl_ents.obj
 0001:00006be8       ?CL_ParseFrame@@YAXXZ      00407be8 f   cl_ents.obj
 0001:0000729d       ?CL_AddEntityBox@@YAXPAUclEntityState_t@@I@Z 0040829d f   cl_ents.obj
 0001:000073a1       ?Lerp@@YAXABUCVec3@@0MAAU1@@Z 004083a1 f i cl_ents.obj
 0001:000073d8       ?CL_OffsetThirdPersonView@@YAXXZ 004083d8 f   cl_ents.obj
 0001:000074c0       ?CL_AddEntities@@YAXXZ     004084c0 f   cl_ents.obj
 0001:00008401       ?CL_ClearLightStyles@@YAXXZ 00409401 f   cl_fx.obj
 0001:00008483       ?CL_SetLightstyle@@YAXHPBD@Z 00409483 f   cl_fx.obj
 0001:000084e4       ?CL_AllocDlight@@YAPAUcdlight_t@@HABUCVec3@@@Z 004094e4 f   cl_fx.obj
 0001:0000854f       ?CL_AllocParticleTrace@@YAPAUparticleTrace_t@@ABUCVec3@@0MM@Z 0040954f f   cl_fx.obj
 0001:000085de       ?CL_AllocParticleBeam@@YAPAUbeam_t@@ABUCVec3@@0MM@Z 004095de f   cl_fx.obj
 0001:00008653       ?CL_AllocParticle@@YAPAUparticle_t@@XZ 00409653 f   cl_fx.obj
 0001:000086a6       ?CL_MetalSparks@@YAXABUCVec3@@0H@Z 004096a6 f   cl_fx.obj
 0001:000087a4       ?CL_AddEffects@@YAXXZ      004097a4 f   cl_fx.obj
 0001:00008eab       ?CL_ClearEffects@@YAXXZ    00409eab f   cl_fx.obj
 0001:00008f2d       ?CL_EntityEvent@@YAXPAUclEntityState_t@@@Z 00409f2d f   cl_fx.obj
 0001:000090e4       ?CL_ParseMuzzleFlash@@YAXXZ 0040a0e4 f   cl_fx.obj
 0001:00009454       ?CL_ParseMuzzleFlash2@@YAXXZ 0040a454 f   cl_fx.obj
 0001:000098ca       ?CL_ParticleEffect@@YAXABUCVec3@@0HH@Z 0040a8ca f   cl_fx.obj
 0001:00009ab3       ?CL_ParticleEffect2@@YAXABUCVec3@@0HH@Z 0040aab3 f   cl_fx.obj
 0001:00009adb       ?CL_ParticleEffect3@@YAXABUCVec3@@0HH@Z 0040aadb f   cl_fx.obj
 0001:00009b03       ?CL_TeleporterParticles@@YAXPAUclEntityState_t@@@Z 0040ab03 f   cl_fx.obj
 0001:00009b25       ?CL_LogoutEffect@@YAXABUCVec3@@H@Z 0040ab25 f   cl_fx.obj
 0001:00009b5d       ?CL_ItemRespawnParticles@@YAXABUCVec3@@@Z 0040ab5d f   cl_fx.obj
 0001:00009b7b       ?CL_ExplosionParticles@@YAXABUCVec3@@@Z 0040ab7b f   cl_fx.obj
 0001:00009b9c       ?CL_BFGExplosionParticles@@YAXABUCVec3@@@Z 0040ab9c f   cl_fx.obj
 0001:00009bbd       ?CL_TrackerExplosionParticles@@YAXABUCVec3@@@Z 0040abbd f   cl_fx.obj
 0001:00009bde       ?CL_BlasterParticles@@YAXABUCVec3@@0I@Z 0040abde f   cl_fx.obj
 0001:00009c05       ?CL_BlasterTrail@@YAXAAUcentity_t@@@Z 0040ac05 f   cl_fx.obj
 0001:00009d0c       ?CL_BlasterTrail2@@YAXAAUcentity_t@@@Z 0040ad0c f   cl_fx.obj
 0001:00009d23       ?CL_FlagTrail@@YAXAAUcentity_t@@H@Z 0040ad23 f   cl_fx.obj
 0001:00009d42       ?CL_RocketTrail@@YAXAAUcentity_t@@@Z 0040ad42 f   cl_fx.obj
 0001:00009d81       ?CL_BubbleTrail@@YAXABUCVec3@@0@Z 0040ad81 f   cl_fx.obj
 0001:00009e1d       ?CL_BubbleTrail2@@YAXABUCVec3@@0@Z 0040ae1d f   cl_fx.obj
 0001:00009e37       ?CL_TagTrail@@YAXAAUcentity_t@@@Z 0040ae37 f   cl_fx.obj
 0001:00009e4e       ?CL_DebugTrail@@YAXABUCVec3@@0@Z 0040ae4e f   cl_fx.obj
 0001:00009e68       ?CL_ForceWall@@YAXABUCVec3@@0H@Z 0040ae68 f   cl_fx.obj
 0001:00009e8a       ?CL_BigTeleportParticles@@YAXABUCVec3@@@Z 0040ae8a f   cl_fx.obj
 0001:00009fc5       ?CL_BfgParticles@@YAXABUCVec3@@@Z 0040afc5 f   cl_fx.obj
 0001:0000a13f       ?CL_FlyEffect@@YAXAAUcentity_t@@@Z 0040b13f f   cl_fx.obj
 0001:0000a2cb       ?CL_DiminishingTrail@@YAXAAUcentity_t@@H@Z 0040b2cb f   cl_fx.obj
 0001:0000a425       ?CL_RailTrail@@YAXABUCVec3@@0@Z 0040b425 f   cl_fx.obj
 0001:0000a597       ?CL_RailTrailExt@@YAXABUCVec3@@0EE@Z 0040b597 f   cl_fx.obj
 0001:0000a6dc       ?CL_IonripperTrail@@YAXAAUcentity_t@@@Z 0040b6dc f   cl_fx.obj
 0001:0000a836       ?CL_TrapParticles@@YAXABUCVec3@@@Z 0040b836 f   cl_fx.obj
 0001:0000a9a9       ?CL_TeleportParticles@@YAXABUCVec3@@@Z 0040b9a9 f   cl_fx.obj
 0001:0000aadf       ?CL_Heatbeam@@YAXABUCVec3@@0@Z 0040badf f   cl_fx.obj
 0001:0000ad85       ?CL_ParticleSteamEffect@@YAXABUCVec3@@0HHH@Z 0040bd85 f   cl_fx.obj
 0001:0000aebb       ?CL_ParticleSmokeEffect@@YAXABUCVec3@@0@Z 0040bebb f   cl_fx.obj
 0001:0000afd4       ?CL_TrackerTrail@@YAXAAUcentity_t@@@Z 0040bfd4 f   cl_fx.obj
 0001:0000b14e       ?CL_TrackerShell@@YAXABUCVec3@@@Z 0040c14e f   cl_fx.obj
 0001:0000b1da       ?CL_MonsterPlasmaShell@@YAXABUCVec3@@@Z 0040c1da f   cl_fx.obj
 0001:0000b263       ?CL_WidowSplash@@YAXABUCVec3@@@Z 0040c263 f   cl_fx.obj
 0001:0000b344       ?CL_InitInput@@YAXXZ       0040c344 f   cl_input.obj
 0001:0000b8f2       ?CL_SendCmd@@YAXXZ         0040c8f2 f   cl_input.obj
 0001:0000bed5       ?CL_WriteDemoMessage@@YAXXZ 0040ced5 f   cl_main.obj
 0001:0000bf17       ?Cmd_ForwardToServer@@YAXHPAPAD@Z 0040cf17 f   cl_main.obj
 0001:0000bfdc       ?CL_ForwardToServer_f@@YAXHPAPAD@Z 0040cfdc f   cl_main.obj
 0001:0000c025       ?CL_Pause@@YAX_N@Z         0040d025 f   cl_main.obj
 0001:0000c06a       ?CL_Drop@@YAX_N@Z          0040d06a f   cl_main.obj
 0001:0000c095       ?CL_SendConnectPacket@@YAXXZ 0040d095 f   cl_main.obj
 0001:0000c0fb       ?CL_Connect_f@@YAX_NHPAPAD@Z 0040d0fb f   cl_main.obj
 0001:0000c168       ?CL_Rcon_f@@YAXHPAPAD@Z    0040d168 f   cl_main.obj
 0001:0000c254       ?CL_Disconnect@@YAXXZ      0040d254 f   cl_main.obj
 0001:0000c3ff       ?CL_Disconnect_f@@YAXXZ    0040d3ff f   cl_main.obj
 0001:0000c409       ?CL_Changing_f@@YAXXZ      0040d409 f   cl_main.obj
 0001:0000c431       ?CL_Reconnect_f@@YAXXZ     0040d431 f   cl_main.obj
 0001:0000c4cd       ?CL_PingServers_f@@YAXXZ   0040d4cd f   cl_main.obj
 0001:0000c889       ?CL_ConnectionlessPacket@@YAXXZ 0040d889 f   cl_main.obj
 0001:0000c986       ?CL_Userinfo_f@@YAXXZ      0040d986 f   cl_main.obj
 0001:0000c9a1       ?CL_RegisterSounds@@YAXXZ  0040d9a1 f   cl_main.obj
 0001:0000c9e0       ?CL_Snd_Restart_f@@YAXXZ   0040d9e0 f   cl_main.obj
 0001:0000c9ef       ?CL_WriteConfiguration@@YAXPBD@Z 0040d9ef f   cl_main.obj
 0001:0000cad6       ?CL_WriteConfig_f@@YAX_NHPAPAD@Z 0040dad6 f   cl_main.obj
 0001:0000cb41       ?CL_FixCvarCheats@@YAXXZ   0040db41 f   cl_main.obj
 0001:0000cb92       ?CL_Frame@@YAXMM@Z         0040db92 f   cl_main.obj
 0001:0000d00f       ?CL_ClearState@@YAXXZ      0040e00f f   cl_main.obj
 0001:0000d04d       ?CL_Init@@YAXXZ            0040e04d f   cl_main.obj
 0001:0000d4fc       ?CL_Shutdown@@YAXXZ        0040e4fc f   cl_main.obj
 0001:0000d558       ?CL_ParseClientinfo@@YAXH@Z 0040e558 f   cl_parse.obj
 0001:0000d610       ?CL_UpdatePlayerClientInfo@@YAXXZ 0040e610 f   cl_parse.obj
 0001:0000d651       ?CL_ParseServerMessage@@YAXXZ 0040e651 f   cl_parse.obj
 0001:0000de37       ?FreePlayerModelsInfo@@YAXXZ 0040ee37 f   cl_playermodel.obj
 0001:0000de5d       ?ScanPlayerModels@@YA_NXZ  0040ee5d f   cl_playermodel.obj
 0001:0000e257       ?RunAnimation@@YAXAAUclientInfo_t@@AAUanimState_t@@H@Z 0040f257 f   cl_playermodel.obj
 0001:0000e445       ?CL_LoadClientinfo@@YAXAAUclientInfo_t@@PBD_N@Z 0040f445 f   cl_playermodel.obj
 0001:0000f0d6       ?ParsePlayerEntity@@YAHAAUcentity_t@@AAUclientInfo_t@@PAUclEntityState_t@@ABUentity_t@@PAU4@HH@Z 004100d6 f   cl_playermodel.obj
 0001:0000fc2f       ?CreateAndInsert@?$TList@VCStringItem@@@@QAEPAVCStringItem@@PBDPAVCMemoryChain@@@Z 00410c2f f i cl_playermodel.obj
 0001:0000fc67       ?CL_CheckPredictionError@@YAXXZ 00410c67 f   cl_pred.obj
 0001:0000fdfa       ?CL_EntityTrace@@YAXAAUtrace_t@@ABUCVec3@@1ABUCBox@@H@Z 00410dfa f   cl_pred.obj
 0001:00010154       ?CL_Trace@@YAXAAUtrace_t@@ABUCVec3@@1ABUCBox@@H@Z 00411154 f   cl_pred.obj
 0001:00010205       ?CL_PMpointcontents@@YAHABUCVec3@@@Z 00411205 f   cl_pred.obj
 0001:0001039b       ?CL_PredictMovement@@YAXXZ 0041139b f   cl_pred.obj
 0001:00010762       ?DrawString@@YAXHHPBD@Z    00411762 f   cl_scrn.obj
 0001:000107a7       ?SCR_DebugGraph@@YAXMH@Z   004117a7 f   cl_scrn.obj
 0001:000107d1       ?SCR_CenterPrint@@YAXPBD@Z 004117d1 f   cl_scrn.obj
 0001:000108d7       ?Key_Message@@YAXH@Z       004118d7 f   cl_scrn.obj
 0001:00010977       ?SCR_SetLevelshot@@YAXPBD@Z 00411977 f   cl_scrn.obj
 0001:00010a77       ?SCR_BeginLoadingPlaque@@YAX_N@Z 00411a77 f   cl_scrn.obj
 0001:00010b0d       ?SCR_EndLoadingPlaque@@YAX_N@Z 00411b0d f   cl_scrn.obj
 0001:00010b92       ?SCR_LoadingNotify@@YAXPBDM@Z 00411b92 f   cl_scrn.obj
 0001:00010bbc       ?SCR_ShowConsole@@YAX_N0@Z 00411bbc f   cl_scrn.obj
 0001:00010c81       ?SCR_ToggleConsole@@YAXXZ  00411c81 f   cl_scrn.obj
 0001:00010ca9       ?SCR_TouchPics@@YAXXZ      00411ca9 f   cl_scrn.obj
 0001:00010cff       ?SCR_UpdateScreen@@YAXXZ   00411cff f   cl_scrn.obj
 0001:0001208e       ?SCR_Init@@YAXXZ           0041308e f   cl_scrn.obj
 0001:000123bf       ?sprintf@?$TString@$0BA@@@QAAHPBDZZ 004133bf f i cl_scrn.obj
 0001:000123d9       ?CL_RegisterTEntSounds@@YAXXZ 004133d9 f   cl_tent.obj
 0001:0001262e       ?CL_RegisterTEntModels@@YAXXZ 0041362e f   cl_tent.obj
 0001:0001277f       ?CL_ClearTEnts@@YAXXZ      0041377f f   cl_tent.obj
 0001:000127b0       ?CL_SmokeAndFlash@@YAXABUCVec3@@@Z 004137b0 f   cl_tent.obj
 0001:00012948       ?CL_ParseTEnt@@YAXXZ       00413948 f   cl_tent.obj
 0001:00013b32       ?CL_AddTEnts@@YAXXZ        00414b32 f   cl_tent.obj
 0001:00014537       ?V_AddEntity@@YAXPAUentity_t@@@Z 00415537 f   cl_view.obj
 0001:00014575       ?V_AddEntity2@@YAXPAUentity_t@@@Z 00415575 f   cl_view.obj
 0001:000145a7       ?AddEntityWithEffects2@@YAXPAUentity_t@@I@Z 004155a7 f   cl_view.obj
 0001:00014648       ?AddEntityWithEffects@@YAXPAUentity_t@@I@Z 00415648 f   cl_view.obj
 0001:00014669       ?V_AddLight@@YAXABUCVec3@@MMMM@Z 00415669 f   cl_view.obj
 0001:000146ae       ?V_TestEntities@@YAXXZ     004156ae f   cl_view.obj
 0001:000147db       ?V_TestLights@@YAXXZ       004157db f   cl_view.obj
 0001:000148b1       ?V_InitRenderer@@YAXXZ     004158b1 f   cl_view.obj
 0001:00014ce8       ?CalcFov@@YAMMMM@Z         00415ce8 f   cl_view.obj
 0001:00014d56       ?V_RenderView@@YA_NXZ      00415d56 f   cl_view.obj
 0001:00015af0       ?V_Init@@YAXXZ             00416af0 f   cl_view.obj
 0001:00015b9f       ?Con_ClearNotify@@YAXXZ    00416b9f f   console.obj
 0001:00015bae       ?Con_CheckResize@@YAXXZ    00416bae f   console.obj
 0001:00015cd5       ?Write@COutputDeviceCon@@UAEXPBD@Z 00416cd5 f   console.obj
 0001:00015edb       ?Con_DrawNotify@@YAX_N@Z   00416edb f   console.obj
 0001:000160b1       ?Con_DrawConsole@@YAXM@Z   004170b1 f   console.obj
 0001:00016365       ?Con_ClearTyping@@YAXXZ    00417365 f   console.obj
 0001:0001637e       ?Key_Console@@YAXHH@Z      0041737e f   console.obj
 0001:000167cb       ?Con_Init@@YAXXZ           004177cb f   console.obj
 0001:00016939       ?Key_KeynumToString@@YAPBDH@Z 00417939 f   keys.obj
 0001:000169ff       ?Draw@completeMenu_t@@UAEXXZ 004179ff f i keys.obj
 0001:00016a30       ?KeyDown@completeMenu_t@@UAEPBDH@Z 00417a30 f i keys.obj
 0001:00016a5c       ?Init@completeMenu_t@@UAE_NXZ 00417a5c f i keys.obj
 0001:00016b83       ?CompleteMenuCallback@completeMenu_t@@SAXPAX@Z 00417b83 f i keys.obj
 0001:00016c14       ?CompleteCommand@@YAXXZ    00417c14 f   keys.obj
 0001:00017325       ?Key_SetBinding@@YAXHPBD@Z 00418325 f   keys.obj
 0001:00017365       ?Key_FindBinding@@YAHPBDPAHH@Z 00418365 f   keys.obj
 0001:000173b3       ?Key_WriteBindings@@YAXPAVCOutputDevice@@@Z 004183b3 f   keys.obj
 0001:000173fd       ?Key_Init@@YAXXZ           004183fd f   keys.obj
 0001:000176e1       ?Key_Event@@YAXH_N@Z       004186e1 f   keys.obj
 0001:00017a40       ?Key_ClearStates@@YAXXZ    00418a40 f   keys.obj
 0001:00017a75       ?M_ForceMenuOn@@YAXXZ      00418a75 f   menu.obj
 0001:00017a94       ?Draw@menuMain_t@@UAEXXZ   00418a94 f i menu.obj
 0001:00017bd0       ?KeyDown@menuMain_t@@UAEPBDH@Z 00418bd0 f i menu.obj
 0001:00017c91       ?Init@menuMain_t@@UAE_NXZ  00418c91 f i menu.obj
 0001:00017c99       ?M_Menu_Main_f@@YAXXZ      00418c99 f   menu.obj
 0001:00017cb3       ?Init@multiplayerMenu_t@@UAE_NXZ 00418cb3 f i menu.obj
 0001:00017dd7       ?Init@keysMenu_t@@UAE_NXZ  00418dd7 f i menu.obj
 0001:00017fc5       ?KeyCursorDrawFunc@keysMenu_t@@SAXPAUmenuFramework_t@@@Z 00418fc5 f i menu.obj
 0001:00018008       ?DrawKeyBindingFunc@keysMenu_t@@SAXPAX@Z 00419008 f i menu.obj
 0001:000180cf       ?KeyDown@keysMenu_t@@UAEPBDH@Z 004190cf f i menu.obj
 0001:0001817c       ?UnbindCommand@keysMenu_t@@QAEXPAD@Z 0041917c f i menu.obj
 0001:000181c1       ?KeyBindingFunc@keysMenu_t@@QAEXPAX@Z 004191c1 f i menu.obj
 0001:00018223       ?Init@optionsMenu_t@@UAE_NXZ 00419223 f i menu.obj
 0001:000185d6       ?CrosshairFunc@optionsMenu_t@@SAXPAX@Z 004195d6 f i menu.obj
 0001:000185fe       ?JoystickFunc@optionsMenu_t@@SAXPAX@Z 004195fe f i menu.obj
 0001:00018613       ?AlwaysRunFunc@optionsMenu_t@@SAXPAX@Z 00419613 f i menu.obj
 0001:00018628       ?MouseSpeedFunc@optionsMenu_t@@SAXPAX@Z 00419628 f i menu.obj
 0001:00018645       ?InvertMouseFunc@optionsMenu_t@@SAXPAX@Z 00419645 f i menu.obj
 0001:0001867e       ?UpdateVolumeFunc@optionsMenu_t@@SAXPAX@Z 0041967e f i menu.obj
 0001:0001869b       ?UpdateCDVolumeFunc@optionsMenu_t@@SAXPAX@Z 0041969b f i menu.obj
 0001:000186b5       ?SetMenuItemValues@optionsMenu_t@@SAXXZ 004196b5 f i menu.obj
 0001:000187fd       ?ResetDefaultsFunc@optionsMenu_t@@SAXPAX@Z 004197fd f i menu.obj
 0001:00018812       ?UpdateSoundFunc@optionsMenu_t@@SAXPAX@Z 00419812 f i menu.obj
 0001:00018a16       ?ScanCrosshairs@optionsMenu_t@@SAXXZ 00419a16 f i menu.obj
 0001:00018a73       ?Draw@optionsMenu_t@@UAEXXZ 00419a73 f i menu.obj
 0001:00018ad8       ?Draw@creditsMenu_t@@UAEXXZ 00419ad8 f i menu.obj
 0001:00018b7f       ?KeyDown@creditsMenu_t@@UAEPBDH@Z 00419b7f f i menu.obj
 0001:00018bbf       ?Init@creditsMenu_t@@UAE_NXZ 00419bbf f i menu.obj
 0001:00018c40       ?Init@gameMenu_t@@UAE_NXZ  00419c40 f i menu.obj
 0001:00018dcb       ?EasyGameFunc@gameMenu_t@@SAXPAX@Z 00419dcb f i menu.obj
 0001:00018dd7       ?StartGame@gameMenu_t@@SAXPBD@Z 00419dd7 f i menu.obj
 0001:00018e32       ?MediumGameFunc@gameMenu_t@@SAXPAX@Z 00419e32 f i menu.obj
 0001:00018e3e       ?HardGameFunc@gameMenu_t@@SAXPAX@Z 00419e3e f i menu.obj
 0001:00018e5a       ?Init@savegameMenu_t@@UAE_NXZ 00419e5a f i menu.obj
 0001:00018f6a       ?Create_Savestrings@savegameMenu_t@@QAEXXZ 00419f6a f i menu.obj
 0001:0001902a       ?LoadGameCallback@savegameMenu_t@@SAXPAX@Z 0041a02a f i menu.obj
 0001:00019057       ?SaveGameCallback@savegameMenu_t@@SAXPAX@Z 0041a057 f i menu.obj
 0001:0001907a       ?Draw@savegameMenu_t@@UAEXXZ 0041a07a f i menu.obj
 0001:00019095       ?DrawSavegameShot@savegameMenu_t@@QAEXHH@Z 0041a095 f i menu.obj
 0001:00019170       ?Init@joinserverMenu_t@@UAE_NXZ 0041a170 f i menu.obj
 0001:000192a7       ?JoinServerFunc@joinserverMenu_t@@SAXPAX@Z 0041a2a7 f i menu.obj
 0001:0001930c       ?SearchLocalGames@joinserverMenu_t@@SAXXZ 0041a30c f i menu.obj
 0001:00019377       ?M_AddToServerList@@YAXUnetadr_t@@PAD@Z 0041a377 f   menu.obj
 0001:00019402       ?Init@startserverMenu_t@@UAE_NXZ 0041a402 f i menu.obj
 0001:00019890       ?DMOptionsFunc@startserverMenu_t@@SAXPAX@Z 0041a890 f i menu.obj
 0001:000198a0       ?RulesChangeFunc@startserverMenu_t@@SAXPAX@Z 0041a8a0 f i menu.obj
 0001:00019918       ?StartServerActionFunc@startserverMenu_t@@SAXPAX@Z 0041a918 f i menu.obj
 0001:00019943       ?StartServerFunc@startserverMenu_t@@SAXPBD@Z 0041a943 f i menu.obj
 0001:00019b1f       ?KeyDown@startserverMenu_t@@UAEPBDH@Z 0041ab1f f i menu.obj
 0001:00019b7e       ?Init@dmoptionsMenu_t@@UAE_NXZ 0041ab7e f i menu.obj
 0001:0001a15b       ?DMFlagCallback@dmoptionsMenu_t@@SAXPAX@Z 0041b15b f i menu.obj
 0001:0001a339       ?Init@downloadOptionsMenu_t@@UAE_NXZ 0041b339 f i menu.obj
 0001:0001a513       ?DownloadCallback@downloadOptionsMenu_t@@SAXPAX@Z 0041b513 f i menu.obj
 0001:0001a581       ?Init@addressBookMenu_t@@UAE_NXZ 0041b581 f i menu.obj
 0001:0001a627       ?KeyDown@addressBookMenu_t@@UAEPBDH@Z 0041b627 f i menu.obj
 0001:0001a686       ?Init@playerConfigMenu_t@@UAE_NXZ 0041b686 f i menu.obj
 0001:0001abcd       ?HandednessCallback@playerConfigMenu_t@@SAXPAX@Z 0041bbcd f i menu.obj
 0001:0001abe2       ?RTypeCallback@playerConfigMenu_t@@SAXPAX@Z 0041bbe2 f i menu.obj
 0001:0001abf7       ?RColorCallback@playerConfigMenu_t@@SAXPAX@Z 0041bbf7 f i menu.obj
 0001:0001ac0c       ?RateCallback@playerConfigMenu_t@@SAXPAX@Z 0041bc0c f i menu.obj
 0001:0001ac2f       ?ModelCallback@playerConfigMenu_t@@SAXPAX@Z 0041bc2f f i menu.obj
 0001:0001ac63       ?SkinCallback@playerConfigMenu_t@@SAXPAX@Z 0041bc63 f i menu.obj
 0001:0001ac6b       ?Draw@playerConfigMenu_t@@UAEXXZ 0041bc6b f i menu.obj
 0001:0001af4d       ?KeyDown@playerConfigMenu_t@@UAEPBDH@Z 0041bf4d f i menu.obj
 0001:0001b02d       ?Init@dmbrowseMenu_t@@UAE_NXZ 0041c02d f i menu.obj
 0001:0001b236       ?KeyDown@dmbrowseMenu_t@@UAEPBDH@Z 0041c236 f i menu.obj
 0001:0001b40e       ?Draw@dmbrowseMenu_t@@UAEXXZ 0041c40e f i menu.obj
 0001:0001b55b       ?DrawThumbnail@dmbrowseMenu_t@@SAXHHHHPAD_N@Z 0041c55b f i menu.obj
 0001:0001b635       ?Init@videoMenu_t@@UAE_NXZ 0041c635 f i menu.obj
 0001:0001bc0e       ?ScreenSizeCallback@videoMenu_t@@SAXPAX@Z 0041cc0e f i menu.obj
 0001:0001bc2f       ?BrightnessCallback@videoMenu_t@@SAXPAX@Z 0041cc2f f i menu.obj
 0001:0001bc50       ?ContrastCallback@videoMenu_t@@SAXPAX@Z 0041cc50 f i menu.obj
 0001:0001bc8c       ?CancelChanges@videoMenu_t@@SAXPAX@Z 0041cc8c f i menu.obj
 0001:0001bcd9       ?KeyDown@videoMenu_t@@UAEPBDH@Z 0041ccd9 f i menu.obj
 0001:0001bd22       ?ApplyChanges@videoMenu_t@@SAXPAX@Z 0041cd22 f i menu.obj
 0001:0001bed9       ?KeyDown@quitMenu_t@@UAEPBDH@Z 0041ced9 f i menu.obj
 0001:0001bf16       ?Draw@quitMenu_t@@UAEXXZ   0041cf16 f i menu.obj
 0001:0001bf86       ?M_Init@@YAXXZ             0041cf86 f   menu.obj
 0001:0001c168       ?ItemAtCursor@menuFramework_t@@QAEPAUmenuCommon_t@@XZ 0041d168 f   qmenu.obj
 0001:0001c1bc       ?AddItem@menuFramework_t@@QAEXPAUmenuCommon_t@@@Z 0041d1bc f   qmenu.obj
 0001:0001c278       ?AdjustCursor@menuFramework_t@@QAEXH@Z 0041d278 f   qmenu.obj
 0001:0001c3f0       ?Center@menuFramework_t@@QAEXXZ 0041d3f0 f   qmenu.obj
 0001:0001c431       ?Draw@menuFramework_t@@UAEXXZ 0041d431 f   qmenu.obj
 0001:0001c9ea       ?SelectItem@menuFramework_t@@QAE_NXZ 0041d9ea f   qmenu.obj
 0001:0001ca4f       ?SetStatusBar@menuFramework_t@@QAEXPBD@Z 0041da4f f   qmenu.obj
 0001:0001ca5c       ?SlideItem@menuFramework_t@@QAEXH@Z 0041da5c f   qmenu.obj
 0001:0001cffa       ?Push@menuFramework_t@@QAEXXZ 0041dffa f   qmenu.obj
 0001:0001d079       ?M_ForceMenuOff@@YAXXZ     0041e079 f   qmenu.obj
 0001:0001d0a6       ?Pop@menuFramework_t@@QAEXXZ 0041e0a6 f   qmenu.obj
 0001:0001d0e0       ?KeyDown@menuFramework_t@@UAEPBDH@Z 0041e0e0 f   qmenu.obj
 0001:0001d358       ?Init@menuFramework_t@@UAE_NXZ 0041e358 f   qmenu.obj
 0001:0001d35b       ?M_Draw@@YAXXZ             0041e35b f   qmenu.obj
 0001:0001d396       ?M_Keydown@@YAXH@Z         0041e396 f   qmenu.obj
 0001:0001d3b8       ?InitRendererVars@@YAXXZ   0041e3b8 f   ref_vars.obj
 0001:0001d3d7       ?S_SoundInfo_f@@YAXXZ      0041e3d7 f   snd_dma.obj
 0001:0001d451       ?S_Init@@YAXXZ             0041e451 f   snd_dma.obj
 0001:0001d523       ?S_Shutdown@@YAXXZ         0041e523 f   snd_dma.obj
 0001:0001d5b6       ?S_BeginRegistration@@YAXXZ 0041e5b6 f   snd_dma.obj
 0001:0001d5c4       ?S_RegisterSound@@YAPAUsfx_t@@PBD@Z 0041e5c4 f   snd_dma.obj
 0001:0001d76f       ?S_EndRegistration@@YAXXZ  0041e76f f   snd_dma.obj
 0001:0001d7f8       ?S_PickChannel@@YAPAUchannel_t@@HH@Z 0041e7f8 f   snd_dma.obj
 0001:0001d886       ?S_Spatialize@@YAXPAUchannel_t@@@Z 0041e886 f   snd_dma.obj
 0001:0001da68       ?S_AllocPlaysound@@YAPAUplaysound_t@@XZ 0041ea68 f   snd_dma.obj
 0001:0001da8a       ?S_FreePlaysound@@YAXPAUplaysound_t@@@Z 0041ea8a f   snd_dma.obj
 0001:0001dabd       ?S_IssuePlaysound@@YAXPAUplaysound_t@@@Z 0041eabd f   snd_dma.obj
 0001:0001db8e       ?S_StartSound@@YAXPBUCVec3@@HHPAUsfx_t@@MMM@Z 0041eb8e f   snd_dma.obj
 0001:0001df4f       ?S_StartLocalSound@@YAXPBD@Z 0041ef4f f   snd_dma.obj
 0001:0001dfa1       ?S_ClearBuffer@@YAXXZ      0041efa1 f   snd_dma.obj
 0001:0001e00a       ?S_StopAllSounds_f@@YAXXZ  0041f00a f   snd_dma.obj
 0001:0001e07a       ?S_AddLoopSounds@@YAXXZ    0041f07a f   snd_dma.obj
 0001:0001e250       ?S_RawSamples@@YAXHHHHPAE@Z 0041f250 f   snd_dma.obj
 0001:0001e454       ?S_Update@@YAXABUCVec3@@0@Z 0041f454 f   snd_dma.obj
 0001:0001e52a       ?GetSoundtime@@YAXXZ       0041f52a f   snd_dma.obj
 0001:0001e591       ?S_Update_@@YAXXZ          0041f591 f   snd_dma.obj
 0001:0001e844       ?S_LoadSound@@YAPAUsfxcache_t@@PAUsfx_t@@@Z 0041f844 f   snd_mem.obj
 0001:0001edd5       ?S_WriteLinearBlastStereo16@@YAXXZ 0041fdd5 f   snd_mix.obj
 0001:0001ee3f       ?S_TransferStereo16@@YAXPAKH@Z 0041fe3f f   snd_mix.obj
 0001:0001eeaa       ?S_TransferPaintBuffer@@YAXH@Z 0041feaa f   snd_mix.obj
 0001:0001f00e       ?S_PaintChannels@@YAXH@Z   0042000e f   snd_mix.obj
 0001:0001f28a       ?S_InitScaletable@@YAXXZ   0042028a f   snd_mix.obj
 0001:0001f3cf       ?SV_ComputeAnimation@@YAXPAUplayer_state_t@@AAUentityStateEx_t@@PAU2@PAUedict_s@@@Z 004203cf f   sv_anim.obj
 0001:0001f88c       ?SV_ReadLevelFile@@YAXXZ   0042088c f   sv_ccmds.obj
 0001:0001f931       ?SV_AddressBanned@@YA_NPAUnetadr_t@@@Z 00420931 f   sv_ccmds.obj
 0001:0001f975       ?SV_InitCommands@@YAXXZ    00420975 f   sv_ccmds.obj
 0001:00020e01       ?sprintf@?$TString@$0CI@@@QAAHPBDZZ 00421e01 f i sv_ccmds.obj
 0001:00020e1b       ?SV_WriteFrameToClient@@YAXPAUclient_t@@PAVsizebuf_t@@@Z 00421e1b f   sv_ents.obj
 0001:00021555       ?SV_RecordDemoMessage@@YAXXZ 00422555 f   sv_ents.obj
 0001:00021723       ?SV_MulticastOld@@YAXABUCVec3@@W4multicast_t@@@Z 00422723 f i sv_game.obj
 0001:00021738       ?SV_StartSoundOld@@YAXPBUCVec3@@PAUedict_s@@HHMMM@Z 00422738 f i sv_game.obj
 0001:000221ae       ?SV_InitGameLibrary@@YAX_N@Z 004231ae f   sv_game.obj
 0001:000224a3       ?SV_ShutdownGameLibrary@@YAXXZ 004234a3 f   sv_game.obj
 0001:00022600       ?SV_FindIndex@@YAHPBDHH_N@Z 00423600 f   sv_init.obj
 0001:00022717       ?SV_ModelIndex@@YAHPBD@Z   00423717 f   sv_init.obj
 0001:00022730       ?SV_SoundIndex@@YAHPBD@Z   00423730 f   sv_init.obj
 0001:0002274c       ?SV_ImageIndex@@YAHPBD@Z   0042374c f   sv_init.obj
 0001:00022768       ?SV_CreateBaseline@@YAXXZ  00423768 f   sv_init.obj
 0001:000227e5       ?SV_SpawnServer@@YAXPAD0W4server_state_t@@_N2@Z 004237e5 f   sv_init.obj
 0001:00022b55       ?SV_InitGame@@YAXXZ        00423b55 f   sv_init.obj
 0001:00022d7e       ?SV_Map@@YAX_NPBD0@Z       00423d7e f   sv_init.obj
 0001:00022f43       ?SV_DropClient@@YAXPAUclient_t@@PAD@Z 00423f43 f   sv_main.obj
 0001:00023978       ??0COutputDeviceMem@@QAE@H@Z 00424978 f i sv_main.obj
 0001:000239a9       ?Write@COutputDeviceMem@@UAEXPBD@Z 004249a9 f i sv_main.obj
 0001:00023a30       ??_GCOutputDeviceMem@@UAEPAXI@Z 00424a30 f i sv_main.obj
 0001:00023a30       ??_ECOutputDeviceMem@@UAEPAXI@Z 00424a30 f i sv_main.obj
 0001:00023a4f       ??1COutputDeviceMem@@UAE@XZ 00424a4f f i sv_main.obj
 0001:00023a6e       ?SV_CalcPings@@YAXXZ       00424a6e f   sv_main.obj
 0001:00023af5       ?SV_GiveMsec@@YAXXZ        00424af5 f   sv_main.obj
 0001:00023b34       ?SV_ReadPackets@@YAXXZ     00424b34 f   sv_main.obj
 0001:00023d47       ?SV_CheckTimeouts@@YAXXZ   00424d47 f   sv_main.obj
 0001:00023e58       ?SV_PostprocessFrame@@YAXXZ 00424e58 f   sv_main.obj
 0001:00024334       ?SV_MulticastHook@@YAPAVsizebuf_t@@PAV1@0@Z 00425334 f   sv_main.obj
 0001:00024710       ?SV_TraceHook@@YAXAAUtrace0_t@@ABUCVec3@@PBU2@21PAUedict_s@@H@Z 00425710 f   sv_main.obj
 0001:0002489e       ?SV_Frame@@YAXM@Z          0042589e f   sv_main.obj
 0001:00024b5b       ?SV_UserinfoChanged@@YAXPAUclient_t@@@Z 00425b5b f   sv_main.obj
 0001:00024c1d       ?SV_InitVars@@YAXXZ        00425c1d f   sv_main.obj
 0001:00024c2c       ?SV_Init@@YAXXZ            00425c2c f   sv_main.obj
 0001:00024c85       ?SV_Shutdown@@YAXPBD_N@Z   00425c85 f   sv_main.obj
 0001:00024e92       ?SV_ClientPrintf@@YAXPAUclient_t@@HPBDZZ 00425e92 f   sv_send.obj
 0001:00024eed       ?SV_BroadcastPrintf@@YAXHPBDZZ 00425eed f   sv_send.obj
 0001:00024fc3       ?SV_BroadcastCommand@@YAXPBDZZ 00425fc3 f   sv_send.obj
 0001:0002501d       ?SV_Multicast@@YAXABUCVec3@@W4multicast_t@@_N@Z 0042601d f   sv_send.obj
 0001:00025230       ?SV_StartSound@@YAXPBUCVec3@@PAUedict_s@@HHMMM_N@Z 00426230 f   sv_send.obj
 0001:000254c9       ?SV_SendClientDatagram@@YA_NPAUclient_t@@@Z 004264c9 f   sv_send.obj
 0001:0002558b       ?SV_DemoCompleted@@YAXXZ   0042658b f   sv_send.obj
 0001:000255a7       ?SV_SendClientMessages@@YAXXZ 004265a7 f   sv_send.obj
 0001:0002575a       ?SV_DrawText3D@@YAXABUCVec3@@PBDI@Z 0042675a f   sv_text.obj
 0001:00025792       ?SV_ClearTexts@@YAXXZ      00426792 f   sv_text.obj
 0001:0002579a       ?SV_DrawTexts@@YAXXZ       0042679a f   sv_text.obj
 0001:000257ef       ??0?$TTextContainer@UCSVText@@$0BAAAA@@@QAE@XZ 004267ef f i sv_text.obj
 0001:00025814       ?SV_TokenizeString@@YAXPBD@Z 00426814 f   sv_tokenize.obj
 0001:000258eb       ?SV_Argc@@YAHXZ            004268eb f   sv_tokenize.obj
 0001:000258f1       ?SV_Argv@@YAPADH@Z         004268f1 f   sv_tokenize.obj
 0001:0002590f       ?SV_Args@@YAPADXZ          0042690f f   sv_tokenize.obj
 0001:000261da       ?SV_Nextserver@@YAXXZ      004271da f   sv_user.obj
 0001:0002626e       ?SV_ClientThink@@YAXPAUclient_t@@PAUusercmd_t@@@Z 0042726e f   sv_user.obj
 0001:000262ff       ?SV_ExecuteClientMessage@@YAXPAUclient_t@@@Z 004272ff f   sv_user.obj
 0001:0002664f       ?SV_ClearWorld@@YAXXZ      0042764f f   sv_world.obj
 0001:0002678d       ?SV_UnlinkEdict@@YAXPAUedict_s@@@Z 0042778d f   sv_world.obj
 0001:00026853       ?SV_LinkEdict@@YAXPAUedict_s@@@Z 00427853 f   sv_world.obj
 0001:00026e77       ?SV_AreaEdicts@@YAHABUCVec3@@0PAPAUedict_s@@HH@Z 00427e77 f   sv_world.obj
 0001:00027015       ?SV_PointContents@@YAHABUCVec3@@@Z 00428015 f   sv_world.obj
 0001:0002713b       ?SV_Trace@@YAXAAUtrace_t@@ABUCVec3@@1ABUCBox@@PAUedict_s@@H@Z 0042813b f   sv_world.obj
 0001:000275b8       ?InitByteDirs@@YAXXZ       004285b8 f   anorms.obj
 0001:000275f7       ?Cbuf_AddText@@YAXPBD@Z    004285f7 f   cmd.obj
 0001:0002765d       ?Cbuf_CopyToDefer@@YAXXZ   0042865d f   cmd.obj
 0001:000276a5       ?Cbuf_InsertFromDefer@@YAXXZ 004286a5 f   cmd.obj
 0001:00027761       ?Cbuf_Execute@@YAXXZ       00428761 f   cmd.obj
 0001:00027871       ?Cmd_Unalias_f@@YAX_NHPAPAD@Z 00428871 f   cmd.obj
 0001:000278e9       ?Cmd_WriteAliases@@YAXPAVCOutputDevice@@@Z 004288e9 f   cmd.obj
 0001:0002791c       ?RegisterCommand@@YA_NPBDP6AXXZI@Z 0042891c f   cmd.obj
 0001:000279fd       ?UnregisterCommand@@YA_NPBD@Z 004289fd f   cmd.obj
 0001:00027a8e       ?ExecuteCommand@@YA_NPBD@Z 00428a8e f   cmd.obj
 0001:00027ed1       ?ExecuteCommand@@YA_NPBDPBUCSimpleCommand@@H@Z 00428ed1 f   cmd.obj
 0001:00028313       ?CM_LoadMap@@YAPAUcmodel_t@@PBD_NPAI@Z 00429313 f   cmodel.obj
 0001:000289f6       ?LoadLeafBrushes@@YAXPAGH@Z 004299f6 f i cmodel.obj
 0001:0002988f       ?CM_BuildBrush@@YAPAUCBrush@@HPAVCMemoryChain@@@Z 0042a88f f   cmodel.obj
 0001:00029961       ?CM_InlineModel@@YAPAUcmodel_t@@PBD@Z 0042a961 f   cmodel.obj
 0001:0002998c       ?CM_InlineModel@@YAPAUcmodel_t@@H@Z 0042a98c f   cmodel.obj
 0001:000299b4       ?CM_NumClusters@@YAHXZ     0042a9b4 f   cmodel.obj
 0001:000299c4       ?CM_NumInlineModels@@YAHXZ 0042a9c4 f   cmodel.obj
 0001:000299ca       ?CM_EntityString@@YAPBDXZ  0042a9ca f   cmodel.obj
 0001:000299d0       ?CM_LeafContents@@YAHH@Z   0042a9d0 f   cmodel.obj
 0001:000299fa       ?CM_LeafCluster@@YAHH@Z    0042a9fa f   cmodel.obj
 0001:00029a70       ?CM_LeafArea@@YAHH@Z       0042aa70 f   cmodel.obj
 0001:00029bff       ?CM_HeadnodeForBox@@YAHABUCBox@@@Z 0042abff f   cmodel.obj
 0001:00029c82       ?CM_PointLeafnum@@YAHABUCVec3@@H@Z 0042ac82 f   cmodel.obj
 0001:00029d25       ?DistanceTo@CPlane@@QBEMABUCVec3@@@Z 0042ad25 f i cmodel.obj
 0001:00029d6a       ?CM_PointContents@@YAHABUCVec3@@H@Z 0042ad6a f   cmodel.obj
 0001:00029ddd       ?CM_TransformedPointContents@@YAHABUCVec3@@H00@Z 0042addd f   cmodel.obj
 0001:00029ebe       ?CM_TransformedPointContents@@YAHABUCVec3@@H0ABUCAxis@@@Z 0042aebe f   cmodel.obj
 0001:00029f69       ?CM_BoxLeafnums@@YAHABUCBox@@PAHH1H@Z 0042af69 f   cmodel.obj
 0001:0002a07c       ?BOX_ON_PLANE_SIDE@@YAHABUCBox@@ABUCPlane@@@Z 0042b07c f i cmodel.obj
 0001:0002a0e7       ?CM_BoxTrace@@YAXAAUtrace_t@@ABUCVec3@@1ABUCBox@@HI@Z 0042b0e7 f   cmodel.obj
 0001:0002a85b       ?SplitTrace@@YAMABUCVec3@@0ABUCPlane@@AAM2_N@Z 0042b85b f i cmodel.obj
 0001:0002ad24       ?CM_TransformedBoxTrace@@YAXAAUtrace_t@@ABUCVec3@@1ABUCBox@@HI11@Z 0042bd24 f   cmodel.obj
 0001:0002ae97       ?CM_TransformedBoxTrace@@YAXAAUtrace_t@@ABUCVec3@@1ABUCBox@@HI1ABUCAxis@@@Z 0042be97 f   cmodel.obj
 0001:0002af54       ?CM_CombineTrace@@YA_NAAUtrace_t@@ABU1@@Z 0042bf54 f   cmodel.obj
 0001:0002afa1       ?CM_ClipTraceToModels@@YAXAAUtrace_t@@ABUCVec3@@1ABUCBox@@I@Z 0042bfa1 f   cmodel.obj
 0001:0002b0a3       ?CM_PointModelContents@@YAHABUCVec3@@@Z 0042c0a3 f   cmodel.obj
 0001:0002b0fd       ?CM_BrushTrace@@YAHABUCVec3@@0PAHH@Z 0042c0fd f   cmodel.obj
 0001:0002b431       ?CM_RefineBrushTrace@@YAHABUCVec3@@0PAHH@Z 0042c431 f   cmodel.obj
 0001:0002b4d7       ?CM_ClusterPVS@@YAPBEH@Z   0042c4d7 f   cmodel.obj
 0001:0002b60f       ?CM_SetAreaPortalState@@YAXH_N@Z 0042c60f f   cmodel.obj
 0001:0002b637       ?CM_AreasConnected@@YA_NHH@Z 0042c637 f   cmodel.obj
 0001:0002b67e       ?CM_WriteAreaBits@@YAHPAEH@Z 0042c67e f   cmodel.obj
 0001:0002b720       ?CM_WritePortalState@@YAXPAU_iobuf@@@Z 0042c720 f   cmodel.obj
 0001:0002b73d       ?CM_ReadPortalState@@YAXPAU_iobuf@@@Z 0042c73d f   cmodel.obj
 0001:0002b75f       ?CM_HeadnodeVisible@@YA_NHPBE@Z 0042c75f f   cmodel.obj
 0001:0002b83a       ??E?$TStringSplitter@$0EA@$0DL@@@QAEXXZ 0042c83a f i cmodel.obj
 0001:0002b89c       ?Com_DPrintf@@YAXPBDZZ     0042c89c f   common.obj
 0001:0002b915       ?DebugPrintf@@YAXPBDZZ     0042c915 f   common.obj
 0001:0002b9c4       ?IPWildcard@@YA_NPAUnetadr_t@@PBD@Z 0042c9c4 f   common.obj
 0001:0002ba9e       ?Com_ServerState@@YA?AW4server_state_t@@XZ 0042ca9e f   common.obj
 0001:0002baa4       ?Com_SetServerState@@YAXW4server_state_t@@@Z 0042caa4 f   common.obj
 0001:0002bab1       ?crand@@YAMXZ              0042cab1 f   common.obj
 0001:0002bacf       ?Info_ValueForKey@@YAPBDPBD0@Z 0042cacf f   common.obj
 0001:0002bb4e       ?Info_SetValueForKey@@YAXPADPBD1@Z 0042cb4e f   common.obj
 0001:0002bc85       ?Info_Print@@YAXPBD@Z      0042cc85 f   common.obj
 0001:0002bd0b       ?LerpAngle@@YAMMMM@Z       0042cd0b f   common.obj
 0001:0002bd4f       ?ReduceAngle@@YAMM@Z       0042cd4f f   common.obj
 0001:0002bd7b       ?AngleSubtract@@YAMMM@Z    0042cd7b f   common.obj
 0001:0002bdb4       ?AnglesSubtract@@YAXABUCVec3@@0AAU1@@Z 0042cdb4 f   common.obj
 0001:0002be0d       ?COM_Parse@@YAPADAAPBD_N@Z 0042ce0d f   common.obj
 0001:0002bf2f       ?COM_QuoteString@@YAPBDPBD_N@Z 0042cf2f f   common.obj
 0001:0002bf8c       ?Com_CheckCmdlineVar@@YA_NPBD@Z 0042cf8c f   common.obj
 0001:0002bfe5       ?Com_Init@@YAXPBD@Z        0042cfe5 f   common.obj
 0001:0002c38c       ?Com_Frame@@YAXM@Z         0042d38c f   common.obj
 0001:0002c7a0       ?Com_BlockSequenceCRCByte@@YAEPAEHH@Z 0042d7a0 f   crc.obj
 0001:0002c858       ?Cvar_VariableValue@@YAMPBD@Z 0042d858 f   cvar.obj
 0001:0002c8cf       ?Cvar_VariableInt@@YAHPBD@Z 0042d8cf f   cvar.obj
 0001:0002c8e6       ?Cvar_VariableString@@YAPBDPBD@Z 0042d8e6 f   cvar.obj
 0001:0002c902       ?Cvar_Get@@YAPAUcvar_t@@PBD0H@Z 0042d902 f   cvar.obj
 0001:0002cbcf       ?Cvar_GetVars@@YAXPBUcvarInfo_t@@H@Z 0042dbcf f   cvar.obj
 0001:0002cc79       ?Cvar_FullSet@@YAXPAUcvar_t@@PBDI@Z 0042dc79 f   cvar.obj
 0001:0002cc99       ?Cvar_FullSet@@YAPAUcvar_t@@PBD0I@Z 0042dc99 f   cvar.obj
 0001:0002ccd9       ?Cvar_SetValue@@YAPAUcvar_t@@PBDM@Z 0042dcd9 f   cvar.obj
 0001:0002ce72       ?Cvar_SetInteger@@YAPAUcvar_t@@PBDH@Z 0042de72 f   cvar.obj
 0001:0002ce96       ?Cvar_Set@@YAPAUcvar_t@@PBD0@Z 0042de96 f   cvar.obj
 0001:0002cead       ?Cvar_ForceSet@@YAPAUcvar_t@@PBD0@Z 0042dead f   cvar.obj
 0001:0002cec4       ?Cvar_Clamp@@YAMPAUcvar_t@@MM@Z 0042dec4 f   cvar.obj
 0001:0002cf22       ?Cvar_Command@@YA_NHPAPAD@Z 0042df22 f   cvar.obj
 0001:0002cfbd       ?IsDefault@cvar_t@@QAE_NXZ 0042dfbd f i cvar.obj
 0001:0002cfda       ?Cvar_WriteVariables@@YAXPAVCOutputDevice@@HHPBD@Z 0042dfda f   cvar.obj
 0001:0002d060       ?Cvar_BitInfo@@YAPBDI@Z    0042e060 f   cvar.obj
 0001:0002d0b2       ?Cvar_Cheats@@YAX_N@Z      0042e0b2 f   cvar.obj
 0001:0002d929       ?MSG_WriteDeltaEntity@@YAXPAVsizebuf_t@@PBUentityStateEx_t@@PAU2@_N33@Z 0042e929 f   entdelta.obj
 0001:0002dee5       ?MSG_WriteRemoveEntity@@YAXPAVsizebuf_t@@H@Z 0042eee5 f   entdelta.obj
 0001:0002df25       ?MSG_ReadEntityBits@@YAHPAVsizebuf_t@@PAIPA_N@Z 0042ef25 f   entdelta.obj
 0001:0002df97       ?MSG_ReadDeltaEntity@@YAXPAVsizebuf_t@@PBUentityStateEx_t@@PAU2@I@Z 0042ef97 f   entdelta.obj
 0001:0002e01a       ?MSG_WriteDeltaUsercmd@@YAXPAVsizebuf_t@@PBUusercmd_t@@PAU2@@Z 0042f01a f   entdelta.obj
 0001:0002e0a9       ?MSG_ReadDeltaUsercmd@@YAXPAVsizebuf_t@@PBUusercmd_t@@PAU2@@Z 0042f0a9 f   entdelta.obj
 0001:0002e3ac       ?MSG_WriteDeltaPlayerstate@@YAXPAVsizebuf_t@@PBUplayer_state_t@@PAU2@@Z 0042f3ac f   entdelta.obj
 0001:0002e4b5       ?MSG_ReadDeltaPlayerstate@@YAXPAVsizebuf_t@@PBUplayer_state_t@@PAU2@@Z 0042f4b5 f   entdelta.obj
 0001:0002e56f       ?ProcessEntstring@@YAPBDPBD@Z 0042f56f f   EntityParser.obj
 0001:0003042f       ?LoadPCX@@YAPAEPBDAAH1AAPAE@Z 0043142f f   images.obj
 0001:0003056a       ?LoadTGA@@YAPAEPBDAAH1@Z   0043156a f   images.obj
 0001:000307fe       ?LoadJPG@@YAPAEPBDAAH1@Z   004317fe f   images.obj
 0001:00030ab2       ?ImageExists@@YAHPBDH@Z    00431ab2 f   images.obj
 0001:00030bd6       ?WriteTGA@@YA_NPBDPAEHH@Z  00431bd6 f   images.obj
 0001:00030dca       ?WriteJPG@@YA_NPBDPAEHH_N@Z 00431dca f   images.obj
 0001:00030efb       ??0CBrush@@QAE@ABUCBox@@@Z 00431efb f   MapBrush.obj
 0001:0003104c       ?Split@CBrush@@QAEPAU1@PAUCPlane@@@Z 0043204c f   MapBrush.obj
 0001:00031a9e       ?GetVec@CAllocVertexPool@@QAEPAUCVec3@@ABU2@@Z 00432a9e f i MapBrush.obj
 0001:00031b32       ?GetBounds@CBrush@@QAEXAAUCBox@@@Z 00432b32 f   MapBrush.obj
 0001:00031bb4       ?AddBevels@CBrush@@QAEXP6APAUCPlane@@ABUCVec3@@M@Z@Z 00432bb4 f   MapBrush.obj
 0001:00031ea8       ?Negate@CVec3@@QAEXXZ      00432ea8 f i MapBrush.obj
 0001:00031eb6       ?MD4Init@@YAXPAUMD4_CTX@@@Z 00432eb6 f   md4.obj
 0001:00031ede       ?MD4Update@@YAXPAUMD4_CTX@@PAEI@Z 00432ede f   md4.obj
 0001:00031f7c       ?MD4Final@@YAXQAEPAUMD4_CTX@@@Z 00432f7c f   md4.obj
 0001:0003266d       ?Com_BlockChecksum@@YAIPAXH@Z 0043366d f   md4.obj
 0001:000326a9       ?LoadQ2BspFile@@YAXXZ      004336a9 f   model.obj
 0001:00032c36       ?LoadQ1BspFile@@YAXXZ      00433c36 f   model.obj
 0001:00032fb4       ?LoadBspFile@@YAPAUbspfile_t@@PBD_NPAI@Z 00433fb4 f   model.obj
 0001:00033183       ?Init@sizebuf_t@@QAEXPAXH@Z 00434183 f   msg.obj
 0001:000331a0       ?Write@sizebuf_t@@QAEXPBXH@Z 004341a0 f   msg.obj
 0001:00033212       ?MSG_WriteChar@@YAXPAVsizebuf_t@@H@Z 00434212 f   msg.obj
 0001:00033212       ?MSG_WriteByte@@YAXPAVsizebuf_t@@H@Z 00434212 f   msg.obj
 0001:00033225       ?MSG_WriteShort@@YAXPAVsizebuf_t@@H@Z 00434225 f   msg.obj
 0001:00033238       ?MSG_WriteLong@@YAXPAVsizebuf_t@@H@Z 00434238 f   msg.obj
 0001:0003324b       ?MSG_WriteFloat@@YAXPAVsizebuf_t@@M@Z 0043424b f   msg.obj
 0001:0003325e       ?MSG_WriteString@@YAXPAVsizebuf_t@@PBD@Z 0043425e f   msg.obj
 0001:00033288       ?MSG_WritePos@@YAXPAVsizebuf_t@@ABUCVec3@@@Z 00434288 f   msg.obj
 0001:000332ec       ?MSG_WriteAngle@@YAXPAVsizebuf_t@@M@Z 004342ec f   msg.obj
 0001:00033317       ?MSG_WriteAngle16@@YAXPAVsizebuf_t@@M@Z 00434317 f   msg.obj
 0001:00033342       ?MSG_WriteDir@@YAXPAVsizebuf_t@@ABUCVec3@@@Z 00434342 f   msg.obj
 0001:000333aa       ?MSG_ReadDir@@YAXPAVsizebuf_t@@AAUCVec3@@@Z 004343aa f   msg.obj
 0001:000333dd       ?MSG_ReadChar@@YAHPAVsizebuf_t@@@Z 004343dd f   msg.obj
 0001:00033400       ?MSG_ReadByte@@YAHPAVsizebuf_t@@@Z 00434400 f   msg.obj
 0001:00033428       ?MSG_ReadShort@@YAHPAVsizebuf_t@@@Z 00434428 f   msg.obj
 0001:00033451       ?MSG_ReadLong@@YAHPAVsizebuf_t@@@Z 00434451 f   msg.obj
 0001:00033473       ?MSG_ReadString@@YAPADPAVsizebuf_t@@@Z 00434473 f   msg.obj
 0001:000334a9       ?MSG_ReadPos@@YAXPAVsizebuf_t@@AAUCVec3@@@Z 004344a9 f   msg.obj
 0001:000334fb       ?MSG_ReadAngle@@YAMPAVsizebuf_t@@@Z 004344fb f   msg.obj
 0001:00033515       ?MSG_ReadAngle16@@YAMPAVsizebuf_t@@@Z 00434515 f   msg.obj
 0001:0003352f       ?MSG_ReadData@@YAXPAVsizebuf_t@@PAXH@Z 0043452f f   msg.obj
 0001:00033552       ?Netchan_Init@@YAXXZ       00434552 f   net_chan.obj
 0001:000335c1       ?Netchan_OutOfBandPrint@@YAXW4netsrc_t@@Unetadr_t@@PBDZZ 004345c1 f   net_chan.obj
 0001:00033646       ?Setup@netchan_t@@QAEXW4netsrc_t@@Unetadr_t@@H@Z 00434646 f   net_chan.obj
 0001:0003369c       ?NeedReliable@netchan_t@@QAE_NXZ 0043469c f   net_chan.obj
 0001:000336c1       ?Transmit@netchan_t@@QAEXPAXH@Z 004346c1 f   net_chan.obj
 0001:00033857       ?Process@netchan_t@@QAE_NPAVsizebuf_t@@@Z 00434857 f   net_chan.obj
 0001:00033984       ?Pmove@@YAXPAUpmove_t@@@Z  00434984 f   pmove.obj
 0001:000355fa       ?FileExists@CQuakeFileSystem@@UAE_NPBDI@Z 004365fa f i QuakeFileSystem.obj
 0001:00035661       ?CheckFilename@CQuakeFileSystem@@AAEXPBD@Z 00436661 f i QuakeFileSystem.obj
 0001:00035700       ?OpenFile@CQuakeFileSystem@@UAEPAVCFile@@PBDI@Z 00436700 f i QuakeFileSystem.obj
 0001:00035790       ?List@CQuakeFileSystem@@UAEPAVCFileList@@PBDIPAV2@@Z 00436790 f i QuakeFileSystem.obj
 0001:00035822       ??_ECFileSystem@@UAEPAXI@Z 00436822 f i QuakeFileSystem.obj
 0001:00035822       ??_GCFileSystem@@UAEPAXI@Z 00436822 f i QuakeFileSystem.obj
 0001:00035822       ??_ECQuakeFileSystem@@UAEPAXI@Z 00436822 f i QuakeFileSystem.obj
 0001:00035822       ??_GCQuakeFileSystem@@UAEPAXI@Z 00436822 f i QuakeFileSystem.obj
 0001:00035842       ?FS_Gamedir@@YAPBDXZ       00436842 f   QuakeFileSystem.obj
 0001:00035848       ?FS_NextPath@@YAPBDPBD@Z   00436848 f   QuakeFileSystem.obj
 0001:0003588c       ?FS_CopyFile@@YAXPBD0@Z    0043688c f   QuakeFileSystem.obj
 0001:00035962       ?FS_CopyFiles@@YAXPBD0@Z   00436962 f   QuakeFileSystem.obj
 0001:00035a7c       ?FS_RemoveFiles@@YAXPBD@Z  00436a7c f   QuakeFileSystem.obj
 0001:00035b37       ?InitFileSystem@@YAXXZ     00436b37 f   QuakeFileSystem.obj
 0001:00035c6b       ?Create@CFileContainerPak@@SAPAVCFileContainer@@PBDPAU_iobuf@@@Z 00436c6b f i QuakeFileSystem.obj
 0001:00035dd4       ??0CFileContainerArc@@QAE@XZ 00436dd4 f i QuakeFileSystem.obj
 0001:00035e1b       ??_GCFileContainerArc@@UAEPAXI@Z 00436e1b f i QuakeFileSystem.obj
 0001:00035e1b       ??_ECFileContainerArc@@UAEPAXI@Z 00436e1b f i QuakeFileSystem.obj
 0001:00035e4a       ?GetType@CFileContainerPak@@MAEPBDXZ 00436e4a f i QuakeFileSystem.obj
 0001:00035e50       ?OpenLocalFile@CFileContainerPak@@MAEPAVCFile@@ABVCStringItem@@@Z 00436e50 f i QuakeFileSystem.obj
 0001:00035ea0       ?Read@CFilePak@CFileContainerPak@@UAEHPAXH@Z 00436ea0 f i QuakeFileSystem.obj
 0001:00035eda       ?GetSize@CFilePak@CFileContainerPak@@UAEHXZ 00436eda f i QuakeFileSystem.obj
 0001:00035ee1       ?Eof@CFilePak@CFileContainerPak@@UAE_NXZ 00436ee1 f i QuakeFileSystem.obj
 0001:00035eee       ??_ECFilePak@CFileContainerPak@@UAEPAXI@Z 00436eee f i QuakeFileSystem.obj
 0001:00035eee       ??_GCFilePak@CFileContainerPak@@UAEPAXI@Z 00436eee f i QuakeFileSystem.obj
 0001:00035f23       ??_ECFileContainerPak@@UAEPAXI@Z 00436f23 f i QuakeFileSystem.obj
 0001:00035f23       ??_GCFileContainerPak@@UAEPAXI@Z 00436f23 f i QuakeFileSystem.obj
 0001:00035f52       ?Create@CFileContainerZip@@SAPAVCFileContainer@@PBDPAU_iobuf@@@Z 00436f52 f i QuakeFileSystem.obj
 0001:00036251       ?GetType@CFileContainerZip@@MAEPBDXZ 00437251 f i QuakeFileSystem.obj
 0001:00036257       ?OpenLocalFile@CFileContainerZip@@MAEPAVCFile@@ABVCStringItem@@@Z 00437257 f i QuakeFileSystem.obj
 0001:000362f3       ??0CFilePak@CFileContainerZip@@QAE@ABVCFileInfo@1@PAU_iobuf@@@Z 004372f3 f i QuakeFileSystem.obj
 0001:00036345       ?Read@CFilePak@CFileContainerZip@@UAEHPAXH@Z 00437345 f i QuakeFileSystem.obj
 0001:0003648e       ?GetSize@CFilePak@CFileContainerZip@@UAEHXZ 0043748e f i QuakeFileSystem.obj
 0001:00036498       ?Eof@CFilePak@CFileContainerZip@@UAE_NXZ 00437498 f i QuakeFileSystem.obj
 0001:000364ab       ??_ECFilePak@CFileContainerZip@@UAEPAXI@Z 004374ab f i QuakeFileSystem.obj
 0001:000364ab       ??_GCFilePak@CFileContainerZip@@UAEPAXI@Z 004374ab f i QuakeFileSystem.obj
 0001:000364ca       ??1CFilePak@CFileContainerZip@@UAE@XZ 004374ca f i QuakeFileSystem.obj
 0001:00036539       ??_GCFileContainerZip@@UAEPAXI@Z 00437539 f i QuakeFileSystem.obj
 0001:00036539       ??_ECFileContainerZip@@UAEPAXI@Z 00437539 f i QuakeFileSystem.obj
 0001:00036568       ?Mount@CZResource@@SAPAVCFileContainer@@PBDPBE0PAVCFileSystem@@@Z 00437568 f i QuakeFileSystem.obj
 0001:00036714       ?GetType@CZResource@@MAEPBDXZ 00437714 f i QuakeFileSystem.obj
 0001:0003671a       ?OpenLocalFile@CZResource@@MAEPAVCFile@@ABVCStringItem@@@Z 0043771a f i QuakeFileSystem.obj
 0001:0003674b       ??0CFileRes@CZResource@@QAE@ABVCFileInfo@1@PBXH@Z 0043774b f i QuakeFileSystem.obj
 0001:000367fe       ?Read@CFileRes@CZResource@@UAEHPAXH@Z 004377fe f i QuakeFileSystem.obj
 0001:00036851       ?GetSize@CFileRes@CZResource@@UAEHXZ 00437851 f i QuakeFileSystem.obj
 0001:00036858       ?Eof@CFileRes@CZResource@@UAE_NXZ 00437858 f i QuakeFileSystem.obj
 0001:00036865       ??_GCFileRes@CZResource@@UAEPAXI@Z 00437865 f i QuakeFileSystem.obj
 0001:00036865       ??_ECFileRes@CZResource@@UAEPAXI@Z 00437865 f i QuakeFileSystem.obj
 0001:00036897       ??_ECZResource@@UAEPAXI@Z  00437897 f i QuakeFileSystem.obj
 0001:00036897       ??_GCZResource@@UAEPAXI@Z  00437897 f i QuakeFileSystem.obj
 0001:000368c6       ?MountGame@CQuakeFileSystem@@QAEXPBD@Z 004378c6 f i QuakeFileSystem.obj
 0001:00036911       ?SetGameDir@CQuakeFileSystem@@QAE_NPBD@Z 00437911 f i QuakeFileSystem.obj
 0001:00036b13       ?FS_Tick@@YAXXZ            00437b13 f   QuakeFileSystem.obj
 0001:00036c60       ?CDAudio_Play@@YAXH_N@Z    00437c60 f   cd_win.obj
 0001:00036e53       ?CDAudio_Stop@@YAXXZ       00437e53 f   cd_win.obj
 0001:00036f14       ?CDAudio_Update@@YAXXZ     00437f14 f   cd_win.obj
 0001:00036fb7       ?CDAudio_Init@@YA_NXZ      00437fb7 f   cd_win.obj
 0001:000373d8       ?CDAudio_Shutdown@@YAXXZ   004383d8 f   cd_win.obj
 0001:000373fb       ?CDAudio_Activate@@YAX_N@Z 004383fb f   cd_win.obj
 0001:00037412       ?IN_Init@@YAXXZ            00438412 f   in_win.obj
 0001:0003769f       ?IN_Shutdown@@YAXXZ        0043869f f   in_win.obj
 0001:00037900       ?IN_Activate@@YAX_N@Z      00438900 f   in_win.obj
 0001:0003790d       ?IN_Frame@@YAXXZ           0043890d f   in_win.obj
 0001:00037c6f       ?IN_Move@@YAXPAUusercmd_t@@@Z 00438c6f f   in_win.obj
 0001:0003811a       ?NET_CompareAdr@@YA_NPAUnetadr_t@@0@Z 0043911a f   net_wins.obj
 0001:00038155       ?NET_CompareBaseAdr@@YA_NPAUnetadr_t@@0@Z 00439155 f   net_wins.obj
 0001:00038182       ?NET_AdrToString@@YAPBDPAUnetadr_t@@@Z 00439182 f   net_wins.obj
 0001:000381c8       ?NET_StringToAdr@@YA_NPBDPAUnetadr_t@@F@Z 004391c8 f   net_wins.obj
 0001:000382de       ?NET_IsLocalAddress@@YA_NPAUnetadr_t@@@Z 004392de f   net_wins.obj
 0001:000382ed       ?NET_GetPacket@@YA_NW4netsrc_t@@PAUnetadr_t@@PAVsizebuf_t@@@Z 004392ed f   net_wins.obj
 0001:0003846c       ?NET_SendPacket@@YAXW4netsrc_t@@HPAXUnetadr_t@@@Z 0043946c f   net_wins.obj
 0001:0003858a       ?NET_Config@@YAX_N@Z       0043958a f   net_wins.obj
 0001:00038765       ?NET_Init@@YAXXZ           00439765 f   net_wins.obj
 0001:00038818       ?SNDDMA_Init@@YA_NXZ       00439818 f   snd_win.obj
 0001:00038e63       ?SNDDMA_GetDMAPos@@YAHXZ   00439e63 f   snd_win.obj
 0001:00038ead       ?SNDDMA_BeginPainting@@YAXXZ 00439ead f   snd_win.obj
 0001:00038fcc       ?SNDDMA_Submit@@YAXXZ      00439fcc f   snd_win.obj
 0001:00038ff1       ?SNDDMA_Shutdown@@YAXXZ    00439ff1 f   snd_win.obj
 0001:00038ff6       ?S_Activate@@YAX_N@Z       00439ff6 f   snd_win.obj
 0001:00039049       ?Write@COutputDeviceWin32Console@@UAEXPBD@Z 0043a049 f i sys_win.obj
 0001:000390c1       ?EraseInput@COutputDeviceWin32Console@@QAEXXZ 0043a0c1 f i sys_win.obj
 0001:00039147       ??_ECOutputDeviceWin32Console@@UAEPAXI@Z 0043a147 f i sys_win.obj
 0001:00039147       ??_GCOutputDeviceWin32Console@@UAEPAXI@Z 0043a147 f i sys_win.obj
 0001:00039167       ?Sys_ConsoleInput@@YAPADXZ 0043a167 f   sys_win.obj
 0001:000393f0       ?Sys_ProcessMessages@@YAXXZ 0043a3f0 f   sys_win.obj
 0001:000394a9       _WinMain@16                0043a4a9 f   sys_win.obj
 0001:000397a6       ??_ECOutputDeviceCon@@UAEPAXI@Z 0043a7a6 f i sys_win.obj
 0001:000397a6       ??_GCOutputDeviceCon@@UAEPAXI@Z 0043a7a6 f i sys_win.obj
 0001:0003984e       ?Init@COutputDeviceWin32Console@@QAEXXZ 0043a84e f i sys_win.obj
 0001:00039878       ?AddMsgHook@@YAXP6A_NIIJ@Z@Z 0043a878 f   vid_dll.obj
 0001:000398bf       ?RemoveMsgHook@@YAXP6A_NIIJ@Z@Z 0043a8bf f   vid_dll.obj
 0001:000398f2       ?Vid_CreateWindow@@YAPAXHH_N@Z 0043a8f2 f   vid_dll.obj
 0001:0003a014       ?Vid_DestroyWindow@@YAX_N@Z 0043b014 f   vid_dll.obj
 0001:0003a053       ?Vid_Restart@@YAXXZ        0043b053 f   vid_dll.obj
 0001:0003a05f       ?Vid_GetModeInfo@@YA_NPAH0H@Z 0043b05f f   vid_dll.obj
 0001:0003a091       ?Vid_Tick@@YAXXZ           0043b091 f   vid_dll.obj
 0001:0003a242       ?Vid_Init@@YAXXZ           0043b242 f   vid_dll.obj
 0001:0003a2e5       ?Vid_Shutdown@@YAXXZ       0043b2e5 f   vid_dll.obj
 0001:0003a304       ?BK_FlushShader@OpenGLDrv@@YAXXZ 0043b304 f   gl_backend.obj
 0001:0003cae0       ?Tesselate@surfacePlanar_t@OpenGLDrv@@UAEXAAUrefEntity_t@2@@Z 0043dae0 f   gl_backend.obj
 0001:0003cc46       ?Tesselate@surfacePoly_t@OpenGLDrv@@UAEXAAUrefEntity_t@2@@Z 0043dc46 f   gl_backend.obj
 0001:0003cd4d       ?Tesselate@surfaceMd3_t@OpenGLDrv@@UAEXAAUrefEntity_t@2@@Z 0043dd4d f   gl_backend.obj
 0001:0003d2fb       ?DrawBrush@OpenGLDrv@@YAXPBUCBrush@@PBDH@Z 0043e2fb f   gl_backend.obj
 0001:0003d35e       ?Tesselate@surfaceEntity_t@OpenGLDrv@@UAEXAAUrefEntity_t@2@@Z 0043e35e f   gl_backend.obj
 0001:0003d442       ?Tesselate@surfaceParticle_t@OpenGLDrv@@UAEXAAUrefEntity_t@2@@Z 0043e442 f   gl_backend.obj
 0001:0003d692       ?BK_DrawScene@OpenGLDrv@@YAXXZ 0043e692 f   gl_backend.obj
 0001:0003de9f       ?BK_DrawPic@OpenGLDrv@@YAXPAVshader_t@1@HHHHMMMMIE@Z 0043ee9f f   gl_backend.obj
 0001:0003e080       ?BK_DrawText@OpenGLDrv@@YAXPBDHHHHHI@Z 0043f080 f   gl_backend.obj
 0001:0003e275       ?BK_BeginFrame@OpenGLDrv@@YAXXZ 0043f275 f   gl_backend.obj
 0001:0003e2d9       ?BK_EndFrame@OpenGLDrv@@YAXXZ 0043f2d9 f   gl_backend.obj
 0001:0003e318       ?BK_Init@OpenGLDrv@@YAXXZ  0043f318 f   gl_backend.obj
 0001:0003e347       ?BK_Shutdown@OpenGLDrv@@YAXXZ 0043f347 f   gl_backend.obj
 0001:0003e35f       ?AllocDynamicMemory@OpenGLDrv@@YAPAXH@Z 0043f35f f   gl_buffers.obj
 0001:0003e3cd       ?ResizeDynamicMemory@OpenGLDrv@@YAXPAXH@Z 0043f3cd f   gl_buffers.obj
 0001:0003e411       ?AddSurfaceToPortal@OpenGLDrv@@YAXPAVsurfaceBase_t@1@PAVshader_t@1@HH@Z 0043f411 f   gl_buffers.obj
 0001:0003e482       ?InsertShaderIndex@OpenGLDrv@@YAXH@Z 0043f482 f   gl_buffers.obj
 0001:0003e4be       ?ClearPortal@OpenGLDrv@@YAXXZ 0043f4be f   gl_buffers.obj
 0001:0003e4dc       ?SortSurfaces@OpenGLDrv@@YAXPAUviewPortal_t@1@PAPAUsurfaceInfo_t@1@@Z 0043f4dc f   gl_buffers.obj
 0001:0003e66e       ?ClearBuffers@OpenGLDrv@@YAXXZ 0043f66e f   gl_buffers.obj
 0001:0003e685       ?CreateBuffers@OpenGLDrv@@YAXXZ 0043f685 f   gl_buffers.obj
 0001:0003e6ab       ?FreeBuffers@OpenGLDrv@@YAXXZ 0043f6ab f   gl_buffers.obj
 0001:0003e6cf       ?InitEntity@model_t@OpenGLDrv@@UAE_NPAUentity_t@@PAUrefEntity_t@2@@Z 0043f6cf f   gl_frontend.obj
 0001:0003e6d4       ?AddSurfaces@model_t@OpenGLDrv@@UAEXPAUrefEntity_t@2@@Z 0043f6d4 f   gl_frontend.obj
 0001:0003e705       ?GetLeaf@model_t@OpenGLDrv@@UAEPAUnode_t@2@PAUrefEntity_t@2@@Z 0043f705 f   gl_frontend.obj
 0001:0003e719       ?DrawLabel@model_t@OpenGLDrv@@UAEXPAUrefEntity_t@2@@Z 0043f719 f   gl_frontend.obj
 0001:0003e71c       ?InitEntity@inlineModel_t@OpenGLDrv@@UAE_NPAUentity_t@@PAUrefEntity_t@2@@Z 0043f71c f   gl_frontend.obj
 0001:0003e789       ?AddSurfaces@inlineModel_t@OpenGLDrv@@UAEXPAUrefEntity_t@2@@Z 0043f789 f   gl_frontend.obj
 0001:0003ec92       ?GetLeaf@inlineModel_t@OpenGLDrv@@UAEPAUnode_t@2@PAUrefEntity_t@2@@Z 0043fc92 f   gl_frontend.obj
 0001:0003ee3a       ?DrawLabel@inlineModel_t@OpenGLDrv@@UAEXPAUrefEntity_t@2@@Z 0043fe3a f   gl_frontend.obj
 0001:0003ee83       ?InitEntity@md3Model_t@OpenGLDrv@@UAE_NPAUentity_t@@PAUrefEntity_t@2@@Z 0043fe83 f   gl_frontend.obj
 0001:0003f061       ?AddSurfaces@md3Model_t@OpenGLDrv@@UAEXPAUrefEntity_t@2@@Z 00440061 f   gl_frontend.obj
 0001:0003f19b       ?GetLeaf@md3Model_t@OpenGLDrv@@UAEPAUnode_t@2@PAUrefEntity_t@2@@Z 0044019b f   gl_frontend.obj
 0001:0003f1d6       ?DrawLabel@md3Model_t@OpenGLDrv@@UAEXPAUrefEntity_t@2@@Z 004401d6 f   gl_frontend.obj
 0001:0003f23f       ?InitEntity@sprModel_t@OpenGLDrv@@UAE_NPAUentity_t@@PAUrefEntity_t@2@@Z 0044023f f   gl_frontend.obj
 0001:0003f262       ?AddSurfaces@sprModel_t@OpenGLDrv@@UAEXPAUrefEntity_t@2@@Z 00440262 f   gl_frontend.obj
 0001:0003f3e5       ?GetLeaf@sprModel_t@OpenGLDrv@@UAEPAUnode_t@2@PAUrefEntity_t@2@@Z 004403e5 f   gl_frontend.obj
 0001:0003f4c9       ?AddEntity@OpenGLDrv@@YAXPAUentity_t@@@Z 004404c9 f   gl_frontend.obj
 0001:0003f682       ?AddDlight@OpenGLDrv@@YAXPAUdlight_t@@@Z 00440682 f   gl_frontend.obj
 0001:0003f83a       ?DrawPortal@OpenGLDrv@@YAXXZ 0044083a f   gl_frontend.obj
 0001:0004190d       ?GL_TextureMode@OpenGLDrv@@YAXPBD@Z 0044290d f   gl_image.obj
 0001:000419b8       ?CreateImage@OpenGLDrv@@YAPAVimage_t@1@PBDPAXHHI@Z 004429b8 f   gl_image.obj
 0001:00042760       ?CreateImage8@OpenGLDrv@@YAPAVimage_t@1@PBDPAXHHIPAI@Z 00443760 f   gl_image.obj
 0001:0004283f       ?LoadDelayedImages@OpenGLDrv@@YAXXZ 0044383f f   gl_image.obj
 0001:000428d2       ?DrawStretchRaw8@OpenGLDrv@@YAXHHHHHHPAEPAI@Z 004438d2 f   gl_image.obj
 0001:00042c05       ?SetupGamma@OpenGLDrv@@YAXXZ 00443c05 f   gl_image.obj
 0001:00042d4b       ?PerformScreenshot@OpenGLDrv@@YAXXZ 00443d4b f   gl_image.obj
 0001:00042fbc       ?InitImages@OpenGLDrv@@YAXXZ 00443fbc f   gl_image.obj
 0001:00043795       ?ShutdownImages@OpenGLDrv@@YAXXZ 00444795 f   gl_image.obj
 0001:000437fc       ?ShowImages@OpenGLDrv@@YAXXZ 004447fc f   gl_image.obj
 0001:00043a88       ?FindImage@OpenGLDrv@@YAPAVimage_t@1@PBDI@Z 00444a88 f   gl_image.obj
 0001:00043df5       ?GL_Lock@OpenGLDrv@@YAXXZ  00444df5 f   gl_interface.obj
 0001:00043e6d       ?GL_Unlock@OpenGLDrv@@YAXXZ 00444e6d f   gl_interface.obj
 0001:0004402f       ?GL_Bind@OpenGLDrv@@YAXPBVimage_t@1@@Z 0044502f f   gl_interface.obj
 0001:000441c4       ?GL_BindForce@OpenGLDrv@@YAXPBVimage_t@1@@Z 004451c4 f   gl_interface.obj
 0001:0004425c       ?GL_TexEnv@OpenGLDrv@@YAXI@Z 0044525c f   gl_interface.obj
 0001:000443db       ?GL_TexMipBias@OpenGLDrv@@YAXM@Z 004453db f   gl_interface.obj
 0001:00044437       ?GL_TexEnvColor@OpenGLDrv@@YAXPBTcolor_t@@@Z 00445437 f   gl_interface.obj
 0001:000444e7       ?GL_SelectTexture@OpenGLDrv@@YAXH@Z 004454e7 f   gl_interface.obj
 0001:0004454a       ?GL_TexCoordPointer@OpenGLDrv@@YAXPAX@Z 0044554a f   gl_interface.obj
 0001:0004457d       ?GL_SetMultitexture@OpenGLDrv@@YAXH@Z 0044557d f   gl_interface.obj
 0001:0004466e       ?GL_DisableTexCoordArrays@OpenGLDrv@@YAXXZ 0044566e f   gl_interface.obj
 0001:000446c2       ?GL_CullFace@OpenGLDrv@@YAXW4gl_cullMode_t@1@@Z 004456c2 f   gl_interface.obj
 0001:00044716       ?GL_DepthRange@OpenGLDrv@@YAXW4gl_depthMode_t@1@@Z 00445716 f   gl_interface.obj
 0001:0004474c       ?GL_State@OpenGLDrv@@YAXI@Z 0044574c f   gl_interface.obj
 0001:0004489c       ?GL_EnableFog@OpenGLDrv@@YAX_N@Z 0044589c f   gl_interface.obj
 0001:00044976       ?GL_SetDefaultState@OpenGLDrv@@YAXXZ 00445976 f   gl_interface.obj
 0001:00044acd       ?GL_Set2DMode@OpenGLDrv@@YAXXZ 00445acd f   gl_interface.obj
 0001:00044bc8       ?GL_Set3DMode@OpenGLDrv@@YAXPAUviewPortal_t@1@@Z 00445bc8 f   gl_interface.obj
 0001:00044cb3       ?Show@CPointLight@OpenGLDrv@@UBEXXZ 00445cb3 f   gl_light.obj
 0001:00044ebc       ?Show@CSurfLight@OpenGLDrv@@UBEXXZ 00445ebc f   gl_light.obj
 0001:00045016       ?ShowLights@OpenGLDrv@@YAXXZ 00446016 f   gl_light.obj
 0001:00045085       ?Init@CPointLight@OpenGLDrv@@UAEXXZ 00446085 f   gl_light.obj
 0001:0004509a       ?Init@CLightLinear@OpenGLDrv@@EAEXXZ 0044609a f   gl_light.obj
 0001:000450ce       ?GetScale@CLightLinear@OpenGLDrv@@EBEMM@Z 004460ce f   gl_light.obj
 0001:000450de       ?Init@CLightInv@OpenGLDrv@@EAEXXZ 004460de f   gl_light.obj
 0001:000450fa       ?GetScale@CLightInv@OpenGLDrv@@EBEMM@Z 004460fa f   gl_light.obj
 0001:00045116       ?Init@CLightInv2@OpenGLDrv@@EAEXXZ 00446116 f   gl_light.obj
 0001:0004517d       ?GetScale@CLightInv2@OpenGLDrv@@EBEMM@Z 0044617d f   gl_light.obj
 0001:0004519f       ?Init@CLightNofade@OpenGLDrv@@EAEXXZ 0044619f f   gl_light.obj
 0001:000451b0       ?GetScale@CLightNofade@OpenGLDrv@@EBEMM@Z 004461b0 f   gl_light.obj
 0001:000451b6       ?Add@CPointLight@OpenGLDrv@@UBEXABUCVec3@@ABUCAxis@@@Z 004461b6 f   gl_light.obj
 0001:00045602       ?Init@CSurfLight@OpenGLDrv@@UAEXXZ 00446602 f   gl_light.obj
 0001:000456db       ?Add@CSurfLight@OpenGLDrv@@UBEXABUCVec3@@ABUCAxis@@@Z 004466db f   gl_light.obj
 0001:00045afc       ?Init@CSunLight@OpenGLDrv@@UAEXXZ 00446afc f   gl_light.obj
 0001:00045ba6       ?Add@CSunLight@OpenGLDrv@@UBEXABUCVec3@@ABUCAxis@@@Z 00446ba6 f   gl_light.obj
 0001:00045c6c       ?LightForEntity@OpenGLDrv@@YAXPAUrefEntity_t@1@@Z 00446c6c f   gl_light.obj
 0001:00046545       ?DiffuseLight@OpenGLDrv@@YAXPATcolor_t@@M@Z 00447545 f   gl_light.obj
 0001:00046791       ?InitLightGrid@OpenGLDrv@@YAXXZ 00447791 f   gl_light.obj
 0001:00046837       ?PostLoadLights@OpenGLDrv@@YAXXZ 00447837 f   gl_light.obj
 0001:00046932       ?LM_Init@OpenGLDrv@@YAXXZ  00447932 f   gl_lightmap.obj
 0001:00046948       ?LM_Flush@OpenGLDrv@@YAXPAUlightmapBlock_t@1@@Z 00447948 f   gl_lightmap.obj
 0001:000469a8       ?LM_Done@OpenGLDrv@@YAXXZ  004479a8 f   gl_lightmap.obj
 0001:000469cf       ?LM_Save@OpenGLDrv@@YAXPAUlightmapBlock_t@1@@Z 004479cf f   gl_lightmap.obj
 0001:000469ea       ?LM_Restore@OpenGLDrv@@YAXPAUlightmapBlock_t@1@@Z 004479ea f   gl_lightmap.obj
 0001:00046a05       ?LM_NewBlock@OpenGLDrv@@YAPAUlightmapBlock_t@1@XZ 00447a05 f   gl_lightmap.obj
 0001:00046a64       ?LM_Rewind@OpenGLDrv@@YAXXZ 00447a64 f   gl_lightmap.obj
 0001:00046a6c       ?LM_NextBlock@OpenGLDrv@@YAPAUlightmapBlock_t@1@XZ 00447a6c f   gl_lightmap.obj
 0001:00046a99       ?LM_CheckMinlight@OpenGLDrv@@YAXPAUdynamicLightmap_t@1@@Z 00447a99 f   gl_lightmap.obj
 0001:00046b2f       ?LM_AllocBlock@OpenGLDrv@@YA_NPAUlightmapBlock_t@1@PAUdynamicLightmap_t@1@@Z 00447b2f f   gl_lightmap.obj
 0001:00046c55       ?LM_PutBlock@OpenGLDrv@@YAXPAUdynamicLightmap_t@1@@Z 00447c55 f   gl_lightmap.obj
 0001:000470c9       ?LM_PutBlock1@OpenGLDrv@@YAXPAUdynamicLightmap_t@1@@Z 004480c9 f   gl_lightmap.obj
 0001:0004721a       ?LM_SortLightStyles@OpenGLDrv@@YAXPAUdynamicLightmap_t@1@@Z 0044821a f   gl_lightmap.obj
 0001:000472ac       ?UpdateDynamicLightmap@OpenGLDrv@@YAXPAVsurfacePlanar_t@1@_NI@Z 004482ac f   gl_lightmap.obj
 0001:00047af2       ?LM_IsMonotone@OpenGLDrv@@YA_NPAUdynamicLightmap_t@1@PATcolor_t@@@Z 00448af2 f   gl_lightmap.obj
 0001:00047bf9       ?Init@OpenGLDrv@@YA_NXZ    00448bf9 f   gl_main.obj
 0001:000482ec       ?Shutdown@OpenGLDrv@@YAX_N@Z 004492ec f   gl_main.obj
 0001:00048375       ?GL_EnableRendering@OpenGLDrv@@YAX_N@Z 00449375 f   gl_main.obj
 0001:00048393       ?BeginFrame@OpenGLDrv@@YAXN@Z 00449393 f   gl_main.obj
 0001:000484c0       ?EndFrame@OpenGLDrv@@YAXXZ 004494c0 f   gl_main.obj
 0001:000484d8       ?RenderFrame@OpenGLDrv@@YAXPAUrefdef_t@@@Z 004494d8 f   gl_main.obj
 0001:00048e2c       ?Fill8@OpenGLDrv@@YAXHHHHH@Z 00449e2c f   gl_main.obj
 0001:00048e6f       ?Fill@OpenGLDrv@@YAXHHHHI@Z 00449e6f f   gl_main.obj
 0001:00048eab       ?TileClear@OpenGLDrv@@YAXHHHHPBD@Z 00449eab f   gl_main.obj
 0001:00048f4c       ?DrawStretchPic@OpenGLDrv@@YAXHHHHPBD@Z 00449f4c f   gl_main.obj
 0001:00048f91       ?DrawDetailedPic@OpenGLDrv@@YAXHHHHPBD@Z 00449f91 f   gl_main.obj
 0001:0004903b       ?DrawPic@OpenGLDrv@@YAXHHPBDHH@Z 0044a03b f   gl_main.obj
 0001:000490c3       ?LoadNewWorld@OpenGLDrv@@YAXPBD@Z 0044a0c3 f   gl_main.obj
 0001:000490f8       ?DumpLoadStats@OpenGLDrv@@YAXXZ 0044a0f8 f   gl_main.obj
 0001:0004917e       ?FinishLoadingWorld@OpenGLDrv@@YAXXZ 0044a17e f   gl_main.obj
 0001:00049183       ?RegisterPic@OpenGLDrv@@YAPAVCBasicImage@@PBD@Z 0044a183 f   gl_main.obj
 0001:00049197       ?RegisterSkin@OpenGLDrv@@YAPAVCBasicImage@@PBD_N@Z 0044a197 f   gl_main.obj
 0001:000491b7       ?RegisterModel@OpenGLDrv@@YAPAVCRenderModel@@PBD@Z 0044a1b7 f   gl_main.obj
 0001:000491c5       ?SetSky@OpenGLDrv@@YAXPBDMABUCVec3@@@Z 0044a1c5 f   gl_main.obj
 0001:000492a4       ?Screenshot@OpenGLDrv@@YAXHPBD@Z 0044a2a4 f   gl_main.obj
 0001:000492cd       ?GetClientLight@OpenGLDrv@@YAMXZ 0044a2cd f   gl_main.obj
 0001:000492d4       ?InitFuncTables@OpenGLDrv@@YAXXZ 0044a2d4 f   gl_math.obj
 0001:0004947a       ?BuildRotationAxis@OpenGLDrv@@YAXAAUCAxis@@ABUCVec3@@M@Z 0044a47a f   gl_math.obj
 0001:00049571       ?GetBoxRect@OpenGLDrv@@YA_NPBUrefEntity_t@1@ABUCVec3@@QAM2_N@Z 0044a571 f   gl_math.obj
 0001:0004987b       ?ProjectToScreen@OpenGLDrv@@YA_NABUCVec3@@QAH@Z 0044a87b f   gl_math.obj
 0001:000499be       ?SaturateColor3f@OpenGLDrv@@YAXAAUCVec3@@@Z 0044a9be f   gl_math.obj
 0001:00049aae       ?SaturateColor4b@OpenGLDrv@@YAXPATcolor_t@@@Z 0044aaae f   gl_math.obj
 0001:00049bbc       ?SubdividePlane@OpenGLDrv@@YAHPAPAUCVec3@@HM@Z 0044abbc f   gl_poly.obj
 0001:0004a09b       ?FreeSubdividedPlane@OpenGLDrv@@YAXXZ 0044b09b f   gl_poly.obj
 0001:0004a0b3       ?GetSubdivideIndexes@OpenGLDrv@@YAXPAH@Z 0044b0b3 f   gl_poly.obj
 0001:0004a109       ?RemoveCollinearPoints@OpenGLDrv@@YAHPAPAUCVec3@@H@Z 0044b109 f   gl_poly.obj
 0001:0004a1ff       ?GetPolyArea@OpenGLDrv@@YAMPAPAUCVec3@@H@Z 0044b1ff f   gl_poly.obj
 0001:0004a292       ?InitShaders@OpenGLDrv@@YAXXZ 0044b292 f   gl_shader.obj
 0001:0004a430       ?ShutdownShaders@OpenGLDrv@@YAXXZ 0044b430 f   gl_shader.obj
 0001:0004a46e       ?GetLightmapImage@OpenGLDrv@@YAPAVimage_t@1@H@Z 0044b46e f   gl_shader.obj
 0001:0004a499       ?SetShaderLightmap@OpenGLDrv@@YAPAVshader_t@1@PAV21@H@Z 0044b499 f   gl_shader.obj
 0001:0004a7b3       ??4shader_t@OpenGLDrv@@QAEAAV01@ABV01@@Z 0044b7b3 f i gl_shader.obj
 0001:0004aa07       ?SetShaderLightstyles@OpenGLDrv@@YAPAVshader_t@1@PAV21@I_N@Z 0044ba07 f   gl_shader.obj
 0001:0004aab9       ?GetAlphaShader@OpenGLDrv@@YAPAVshader_t@1@PAV21@@Z 0044bab9 f   gl_shader.obj
 0001:0004af1a       ?SetShaderAnimFreq@OpenGLDrv@@YAXPAVshader_t@1@H@Z 0044bf1a f   gl_shader.obj
 0001:0004af70       ?FindShader@OpenGLDrv@@YAPAVshader_t@1@PBDI@Z 0044bf70 f   gl_shader.obj
 0001:0004ca82       ?GetShaderByNum@OpenGLDrv@@YAPAVshader_t@1@H@Z 0044da82 f   gl_shader.obj
 0001:0004caa4       ?ResetShaders@OpenGLDrv@@YAXXZ 0044daa4 f   gl_shader.obj
 0001:0004ccdc       ?Reload@shader_t@OpenGLDrv@@UAEXXZ 0044dcdc f   gl_shader.obj
 0001:0004cd0b       ?Insert@?$TList@VplayerModelInfo_t@@@@QAE_NPAVplayerModelInfo_t@@@Z 0044dd0b f i gl_shader.obj
 0001:0004cd0b       ?Insert@?$TList@VCStringItem@@@@QAE_NPAVCStringItem@@@Z 0044dd0b f i gl_shader.obj
 0001:0004cd0b       ?Insert@?$TList@VshaderScript_t@OpenGLDrv@@@@QAE_NPAVshaderScript_t@OpenGLDrv@@@Z 0044dd0b f i gl_shader.obj
 0001:0004cd41       ?ClearSky@OpenGLDrv@@YAXXZ 0044dd41 f   gl_sky.obj
 0001:0004cd9e       ?AddSkySurface@OpenGLDrv@@YAXPAVsurfacePlanar_t@1@E@Z 0044dd9e f   gl_sky.obj
 0001:0004d366       ?DrawSky@OpenGLDrv@@YAXXZ  0044e366 f   gl_sky.obj
 0001:0004db64       ?DrawChar@OpenGLDrv@@YAXHHHH@Z 0044eb64 f   gl_text.obj
 0001:0004dbbe       ?ClearTexts@OpenGLDrv@@YAXXZ 0044ebbe f   gl_text.obj
 0001:0004dbd3       ?FlushTexts@OpenGLDrv@@YAXXZ 0044ebd3 f   gl_text.obj
 0001:0004dc7f       ?DrawTextPos@OpenGLDrv@@YAXHHPBDI@Z 0044ec7f f   gl_text.obj
 0001:0004dcab       ?DrawTextLeft@OpenGLDrv@@YAXPBDI@Z 0044ecab f   gl_text.obj
 0001:0004dd33       ?DrawTextRight@OpenGLDrv@@YAXPBDI@Z 0044ed33 f   gl_text.obj
 0001:0004dd7d       ?DrawText3D@OpenGLDrv@@YAXABUCVec3@@PBDI@Z 0044ed7d f   gl_text.obj
 0001:0004ddaa       ?InitTexts@OpenGLDrv@@YAXXZ 0044edaa f   gl_text.obj
 0001:0004ddc4       ??0?$TTextContainer@UCRText@OpenGLDrv@@$0BAAAA@@@QAE@XZ 0044edc4 f i gl_text.obj
 0001:0004dde9       ?FindModel@OpenGLDrv@@YAPAVmodel_t@1@PBD@Z 0044ede9 f   gl_model.obj
 0001:0004dfc5       ?FreeModels@OpenGLDrv@@YAXXZ 0044efc5 f   gl_model.obj
 0001:0004e037       ?InitModels@OpenGLDrv@@YAXXZ 0044f037 f   gl_model.obj
 0001:0004e12d       ?ShutdownModels@OpenGLDrv@@YAXXZ 0044f12d f   gl_model.obj
 0001:0004e13e       ?LoadWorldMap@OpenGLDrv@@YAXPBD@Z 0044f13e f   gl_bspmodel.obj
 0001:0004e5c4       ?GetName@CLightLinear@OpenGLDrv@@EBEPBDXZ 0044f5c4 f i gl_bspmodel.obj
 0001:0004e5ca       ?GetName@CLightInv@OpenGLDrv@@EBEPBDXZ 0044f5ca f i gl_bspmodel.obj
 0001:0004e5d0       ?GetName@CLightInv2@OpenGLDrv@@EBEPBDXZ 0044f5d0 f i gl_bspmodel.obj
 0001:0004e5d6       ?GetName@CLightNofade@OpenGLDrv@@EBEPBDXZ 0044f5d6 f i gl_bspmodel.obj
 0001:000506eb       ?PointInLeaf@OpenGLDrv@@YAPAUnode_t@1@ABUCVec3@@@Z 004516eb f   gl_bspmodel.obj
 0001:00050736       ?LerpTag@model_t@OpenGLDrv@@UBE_NHHMPBDAAUCCoords@@@Z 00451736 f   gl_trimodel.obj
 0001:00050744       ?LerpTag@md3Model_t@OpenGLDrv@@UBE_NHHMPBDAAUCCoords@@@Z 00451744 f   gl_trimodel.obj
 0001:00050854       ?LoadMd2@OpenGLDrv@@YAPAVmd3Model_t@1@PBDPAEI@Z 00451854 f   gl_trimodel.obj
 0001:000513e9       ?ATAN2_FUNC@OpenGLDrv@@YAMMM@Z 004523e9 f i gl_trimodel.obj
 0001:0005159f       ?LoadMd3@OpenGLDrv@@YAPAVmd3Model_t@1@PBDPAEI@Z 0045259f f   gl_trimodel.obj
 0001:00051a80       ?LoadSp2@OpenGLDrv@@YAPAVsprModel_t@1@PBDPAEI@Z 00452a80 f   gl_trimodel.obj
 0001:00051cab       ?LoadSpr@OpenGLDrv@@YAPAVsprModel_t@1@PBDPAEI@Z 00452cab f   gl_trimodel.obj
[...]
 0001:000631d4       _noscale                   004641d4 f   libs-vc-win32:jcscale.obj
 0001:00062c7d       _start_pass                00463c7d f   libs-vc-win32:jcpred.obj
 0001:00062cd5       _reset_predictor           00463cd5 f   libs-vc-win32:jcpred.obj
 0001:00062d02       _jpeg_difference_first_row 00463d02 f   libs-vc-win32:jcpred.obj
 0001:00062dec       _jpeg_difference1          00463dec f   libs-vc-win32:jcpred.obj
 0001:00062e5a       _jpeg_difference2          00463e5a f   libs-vc-win32:jcpred.obj
 0001:00062ecb       _jpeg_difference3          00463ecb f   libs-vc-win32:jcpred.obj
 0001:00062f43       _jpeg_difference4          00463f43 f   libs-vc-win32:jcpred.obj
 0001:00062fce       _jpeg_difference5          00463fce f   libs-vc-win32:jcpred.obj
 0001:00063061       _jpeg_difference6          00464061 f   libs-vc-win32:jcpred.obj
 0001:000630f0       _jpeg_difference7          004640f0 f   libs-vc-win32:jcpred.obj
 0001:0006256c       _start_pass_huff           0046356c f   libs-vc-win32:jclhuff.obj
 0001:00062709       _encode_mcus_huff          00463709 f   libs-vc-win32:jclhuff.obj
 0001:000628f4       _emit_bits                 004638f4 f   libs-vc-win32:jclhuff.obj
 0001:00062997       _dump_buffer               00463997 f   libs-vc-win32:jclhuff.obj
 0001:000629bb       _emit_restart              004639bb f   libs-vc-win32:jclhuff.obj
 0001:00062a06       _flush_bits                00463a06 f   libs-vc-win32:jclhuff.obj
 0001:00062a2a       _finish_pass_huff          00463a2a f   libs-vc-win32:jclhuff.obj
 0001:00062a97       _encode_mcus_gather        00463a97 f   libs-vc-win32:jclhuff.obj
 0001:00062bc0       _finish_pass_gather        00463bc0 f   libs-vc-win32:jclhuff.obj
 0001:00062c56       _need_optimization_pass    00463c56 f   libs-vc-win32:jclhuff.obj
 0001:0006218c       _start_pass_diff           0046318c f   libs-vc-win32:jcdiffct.obj
 0001:00060495       _start_iMCU_row            00461495 f   libs-vc-win32:jccoefct.obj
 0001:0006222a       _compress_data             0046322a f   libs-vc-win32:jcdiffct.obj
 0001:000623c0       _compress_first_pass       004633c0 f   libs-vc-win32:jcdiffct.obj
 0001:000624b5       _compress_output           004634b5 f   libs-vc-win32:jcdiffct.obj
 0001:00061d9f       _start_pass_fdctmgr        00462d9f f   libs-vc-win32:jcdctmgr.obj
 0001:00061ea1       _forward_DCT_float         00462ea1 f   libs-vc-win32:jcdctmgr.obj
 0001:000612d4       _start_pass_phuff          004622d4 f   libs-vc-win32:jcphuff.obj
 0001:00061441       _encode_mcu_DC_first       00462441 f   libs-vc-win32:jcphuff.obj
 0001:00061573       _emit_bits                 00462573 f   libs-vc-win32:jcphuff.obj
 0001:0006161e       _dump_buffer               0046261e f   libs-vc-win32:jcphuff.obj
 0001:00061656       _emit_symbol               00462656 f   libs-vc-win32:jcphuff.obj
 0001:00061696       _emit_restart              00462696 f   libs-vc-win32:jcphuff.obj
 0001:0006171f       _emit_eobrun               0046271f f   libs-vc-win32:jcphuff.obj
 0001:000617a5       _encode_mcu_AC_first       004627a5 f   libs-vc-win32:jcphuff.obj
 0001:00061939       _encode_mcu_DC_refine      00462939 f   libs-vc-win32:jcphuff.obj
 0001:000619f3       _encode_mcu_AC_refine      004629f3 f   libs-vc-win32:jcphuff.obj
 0001:00061c0a       _finish_pass_phuff         00462c0a f   libs-vc-win32:jcphuff.obj
 0001:00061c59       _finish_pass_gather_phuff  00462c59 f   libs-vc-win32:jcphuff.obj
 0001:00061d1c       _need_optimization_pass    00462d1c f   libs-vc-win32:jcphuff.obj
 0001:00060a6f       _start_pass_huff           00461a6f f   libs-vc-win32:jcshuff.obj
 0001:00060be4       _encode_mcu_huff           00461be4 f   libs-vc-win32:jcshuff.obj
 0001:00060cef       _encode_one_block          00461cef f   libs-vc-win32:jcshuff.obj
 0001:00060e66       _emit_bits                 00461e66 f   libs-vc-win32:jcshuff.obj
 0001:00060f09       _dump_buffer               00461f09 f   libs-vc-win32:jcshuff.obj
 0001:00060f2d       _emit_restart              00461f2d f   libs-vc-win32:jcshuff.obj
 0001:00060f9a       _flush_bits                00461f9a f   libs-vc-win32:jcshuff.obj
 0001:00060fbe       _finish_pass_huff          00461fbe f   libs-vc-win32:jcshuff.obj
 0001:0006102d       _encode_mcu_gather         0046202d f   libs-vc-win32:jcshuff.obj
 0001:000610e3       _htest_one_block           004620e3 f   libs-vc-win32:jcshuff.obj
 0001:000611aa       _finish_pass_gather        004621aa f   libs-vc-win32:jcshuff.obj
 0001:00062c56       _need_optimization_pass    00463c56 f   libs-vc-win32:jclhuff.obj
 0001:00060400       _start_pass_coef           00461400 f   libs-vc-win32:jccoefct.obj
 0001:00060495       _start_iMCU_row            00461495 f   libs-vc-win32:jccoefct.obj
 0001:000604d7       _compress_data             004614d7 f   libs-vc-win32:jccoefct.obj
 0001:000606be       _compress_first_pass       004616be f   libs-vc-win32:jccoefct.obj
 0001:000608a4       _compress_output           004618a4 f   libs-vc-win32:jccoefct.obj
 0001:00060318       _calc_output_dimensions    00461318 f   libs-vc-win32:jdlossls.obj
 0001:00060329       _start_input_pass          00461329 f   libs-vc-win32:jdlossls.obj
 0001:00060057       _calc_output_dimensions    00461057 f   libs-vc-win32:jdlossy.obj
 0001:000601ca       _start_input_pass          004611ca f   libs-vc-win32:jdlossy.obj
 0001:000601ea       _latch_quant_tables        004611ea f   libs-vc-win32:jdlossy.obj
 0001:00060282       _start_output_pass         00461282 f   libs-vc-win32:jdlossy.obj
 0001:0005ffa6       _start_pass                00460fa6 f   libs-vc-win32:jclossls.obj
 0001:0005ff12       _start_pass                00460f12 f   libs-vc-win32:jclossy.obj
 0001:0005f467       _initial_setup             00460467 f   libs-vc-win32:jcmaster.obj
 0001:0005f61a       _validate_script           0046061a f   libs-vc-win32:jcmaster.obj
 0001:0005f9f2       _prepare_for_pass          004609f2 f   libs-vc-win32:jcmaster.obj
 0001:0005fb6a       _select_scan_parameters    00460b6a f   libs-vc-win32:jcmaster.obj
 0001:0005fc6b       _per_scan_setup            00460c6b f   libs-vc-win32:jcmaster.obj
 0001:0005fe16       _pass_startup              00460e16 f   libs-vc-win32:jcmaster.obj
 0001:0005fe3d       _finish_pass_master        00460e3d f   libs-vc-win32:jcmaster.obj
 0001:0005ef53       _rgb_ycc_start             0045ff53 f   libs-vc-win32:jccolor.obj
 0001:0005f017       _rgb_ycc_convert           00460017 f   libs-vc-win32:jccolor.obj
 0001:0005f116       _rgb_gray_convert          00460116 f   libs-vc-win32:jccolor.obj
 0001:0005f19b       _cmyk_ycck_convert         0046019b f   libs-vc-win32:jccolor.obj
 0001:0005f2d3       _grayscale_convert         004602d3 f   libs-vc-win32:jccolor.obj
 0001:0005f32d       _null_convert              0046032d f   libs-vc-win32:jccolor.obj
 0001:000309fd       _null_method               004319fd f   images.obj
 0001:000309fd       _start_pass_downsample     004319fd f   images.obj
 0001:0005e69f       _sep_downsample            0045f69f f   libs-vc-win32:jcsample.obj
 0001:0005e714       _int_downsample            0045f714 f   libs-vc-win32:jcsample.obj
 0001:0005e80c       _expand_right_edge         0045f80c f   libs-vc-win32:jcsample.obj
 0001:0005e861       _fullsize_downsample       0045f861 f   libs-vc-win32:jcsample.obj
 0001:0005e8a5       _h2v1_downsample           0045f8a5 f   libs-vc-win32:jcsample.obj
 0001:0005e939       _h2v2_downsample           0045f939 f   libs-vc-win32:jcsample.obj
 0001:0005e9e6       _h2v2_smooth_downsample    0045f9e6 f   libs-vc-win32:jcsample.obj
 0001:0005ec5e       _fullsize_smooth_downsample 0045fc5e f   libs-vc-win32:jcsample.obj
 0001:0005e09b       _start_pass_prep           0045f09b f   libs-vc-win32:jcprepct.obj
 0001:0005e0d9       _pre_process_data          0045f0d9 f   libs-vc-win32:jcprepct.obj
 0001:0005e287       _pre_process_context       0045f287 f   libs-vc-win32:jcprepct.obj
 0001:0005e440       _create_context_buffer     0045f440 f   libs-vc-win32:jcprepct.obj
 0001:0005df13       _start_pass_main           0045ef13 f   libs-vc-win32:jcmainct.obj
 0001:0005df55       _process_data_simple_main  0045ef55 f   libs-vc-win32:jcmainct.obj
 0001:0005d4e9       _create_colormap           0045e4e9 f   libs-vc-win32:jquant1.obj
 0001:0005d61b       _select_ncolors            0045e61b f   libs-vc-win32:jquant1.obj
 0001:0005d6f2       _create_colorindex         0045e6f2 f   libs-vc-win32:jquant1.obj
 0001:0005d81e       _alloc_fs_workspace        0045e81e f   libs-vc-win32:jquant1.obj
 0001:0005d85a       _start_pass_1_quant        0045e85a f   libs-vc-win32:jquant1.obj
 0001:0005d926       _create_odither_tables     0045e926 f   libs-vc-win32:jquant1.obj
 0001:0005d985       _make_odither_array        0045e985 f   libs-vc-win32:jquant1.obj
 0001:0005d9e8       _color_quantize            0045e9e8 f   libs-vc-win32:jquant1.obj
 0001:0005da73       _color_quantize3           0045ea73 f   libs-vc-win32:jquant1.obj
 0001:0005db01       _quantize_ord_dither       0045eb01 f   libs-vc-win32:jquant1.obj
 0001:0005dbec       _quantize3_ord_dither      0045ebec f   libs-vc-win32:jquant1.obj
 0001:0005dcec       _quantize_fs_dither        0045ecec f   libs-vc-win32:jquant1.obj
 0001:000309fd       _finish_pass_1_quant       004319fd f   images.obj
 0001:0005de70       _new_color_map_1_quant     0045ee70 f   libs-vc-win32:jquant1.obj
 0001:0005c4aa       _init_error_limit          0045d4aa f   libs-vc-win32:jquant2.obj
 0001:0005c549       _start_pass_2_quant        0045d549 f   libs-vc-win32:jquant2.obj
 0001:0005c64b       _prescan_quantize          0045d64b f   libs-vc-win32:jquant2.obj
 0001:0005c6ba       _pass2_no_dither           0045d6ba f   libs-vc-win32:jquant2.obj
 0001:0005c767       _fill_inverse_cmap         0045d767 f   libs-vc-win32:jquant2.obj
 0001:0005c832       _find_nearby_colors        0045d832 f   libs-vc-win32:jquant2.obj
 0001:0005c9d6       _find_best_colors          0045d9d6 f   libs-vc-win32:jquant2.obj
 0001:0005caf0       _pass2_fs_dither           0045daf0 f   libs-vc-win32:jquant2.obj
 0001:0005cd5f       _finish_pass1              0045dd5f f   libs-vc-win32:jquant2.obj
 0001:0005cd81       _select_colors             0045dd81 f   libs-vc-win32:jquant2.obj
 0001:0005ce0d       _update_box                0045de0d f   libs-vc-win32:jquant2.obj
 0001:0005d1a7       _median_cut                0045e1a7 f   libs-vc-win32:jquant2.obj
 0001:0005d2bb       _find_biggest_color_pop    0045e2bb f   libs-vc-win32:jquant2.obj
 0001:0005d2ea       _find_biggest_volume       0045e2ea f   libs-vc-win32:jquant2.obj
 0001:0005d313       _compute_color             0045e313 f   libs-vc-win32:jquant2.obj
 0001:000309fd       _finish_pass2              004319fd f   images.obj
 0001:0005d44f       _new_color_map_2_quant     0045e44f f   libs-vc-win32:jquant2.obj
 0001:0005bec1       _build_ycc_rgb_table       0045cec1 f   libs-vc-win32:jdmerge.obj
 0001:0005bf71       _start_pass_merged_upsample 0045cf71 f   libs-vc-win32:jdmerge.obj
 0001:0005bf86       _merged_2v_upsample        0045cf86 f   libs-vc-win32:jdmerge.obj
 0001:0005c02d       _merged_1v_upsample        0045d02d f   libs-vc-win32:jdmerge.obj
 0001:0005c05e       _h2v1_merged_upsample      0045d05e f   libs-vc-win32:jdmerge.obj
 0001:0005c1b4       _h2v2_merged_upsample      0045d1b4 f   libs-vc-win32:jdmerge.obj
 0001:0005ba65       _build_ycc_rgb_table       0045ca65 f   libs-vc-win32:jdcolor.obj
 0001:0005bb15       _ycc_rgb_convert           0045cb15 f   libs-vc-win32:jdcolor.obj
 0001:0005bc23       _null_convert              0045cc23 f   libs-vc-win32:jdcolor.obj
 0001:0005bc9b       _grayscale_convert         0045cc9b f   libs-vc-win32:jdcolor.obj
 0001:0005bcbe       _gray_rgb_convert          0045ccbe f   libs-vc-win32:jdcolor.obj
 0001:0005bd17       _ycck_cmyk_convert         0045cd17 f   libs-vc-win32:jdcolor.obj
 0001:000309fd       _start_pass_dcolor         004319fd f   images.obj
 0001:0005b4c6       _start_pass_upsample       0045c4c6 f   libs-vc-win32:jdsample.obj
 0001:0005b4e0       _sep_upsample              0045c4e0 f   libs-vc-win32:jdsample.obj
 0001:0005b5ad       _fullsize_upsample         0045c5ad f   libs-vc-win32:jdsample.obj
 0001:0005b5b8       _noop_upsample             0045c5b8 f   libs-vc-win32:jdsample.obj
 0001:0005b5c0       _int_upsample              0045c5c0 f   libs-vc-win32:jdsample.obj
 0001:0005b6aa       _h2v1_upsample             0045c6aa f   libs-vc-win32:jdsample.obj
 0001:0005b701       _h2v2_upsample             0045c701 f   libs-vc-win32:jdsample.obj
 0001:0005b773       _h2v1_fancy_upsample       0045c773 f   libs-vc-win32:jdsample.obj
 0001:0005b816       _h2v2_fancy_upsample       0045c816 f   libs-vc-win32:jdsample.obj
 0001:0005b0cf       _start_pass_dpost          0045c0cf f   libs-vc-win32:jdpostct.obj
 0001:0005b175       _post_process_1pass        0045c175 f   libs-vc-win32:jdpostct.obj
 0001:0005b1da       _post_process_prepass      0045c1da f   libs-vc-win32:jdpostct.obj
 0001:0005b26b       _post_process_2pass        0045c26b f   libs-vc-win32:jdpostct.obj
 0001:0005aad6       _alloc_funny_pointers      0045bad6 f   libs-vc-win32:jdmainct.obj
 0001:0005ab83       _start_pass_main           0045bb83 f   libs-vc-win32:jdmainct.obj
 0001:0005abeb       _make_funny_pointers       0045bbeb f   libs-vc-win32:jdmainct.obj
 0001:0005ad2b       _process_data_simple_main  0045bd2b f   libs-vc-win32:jdmainct.obj
 0001:0005ad93       _process_data_context_main 0045bd93 f   libs-vc-win32:jdmainct.obj
 0001:0005aea5       _set_wraparound_pointers   0045bea5 f   libs-vc-win32:jdmainct.obj
 0001:0005af8f       _set_bottom_pointers       0045bf8f f   libs-vc-win32:jdmainct.obj
 0001:0005b029       _process_data_crank_post   0045c029 f   libs-vc-win32:jdmainct.obj
 0001:00059802       _write_marker_header       0045a802 f   libs-vc-win32:jcmarker.obj
 0001:00059858       _emit_byte                 0045a858 f   libs-vc-win32:jcmarker.obj
 0001:00059889       _write_marker_byte         0045a889 f   libs-vc-win32:jcmarker.obj
 0001:00059899       _write_file_header         0045a899 f   libs-vc-win32:jcmarker.obj
 0001:000598e5       _emit_jfif_app0            0045a8e5 f   libs-vc-win32:jcmarker.obj
 0001:000599b8       _emit_adobe_app14          0045a9b8 f   libs-vc-win32:jcmarker.obj
 0001:00059a5e       _write_frame_header        0045aa5e f   libs-vc-win32:jcmarker.obj
 0001:00059b3d       _emit_dqt                  0045ab3d f   libs-vc-win32:jcmarker.obj
 0001:00059c2c       _emit_sof                  0045ac2c f   libs-vc-win32:jcmarker.obj
 0001:00059d08       _write_scan_header         0045ad08 f   libs-vc-win32:jcmarker.obj
 0001:00059dc8       _emit_dht                  0045adc8 f   libs-vc-win32:jcmarker.obj
 0001:00059ea1       _emit_dri                  0045aea1 f   libs-vc-win32:jcmarker.obj
 0001:00059ef0       _emit_sos                  0045aef0 f   libs-vc-win32:jcmarker.obj
 0001:00059fde       _write_file_trailer        0045afde f   libs-vc-win32:jcmarker.obj
 0001:00059ffe       _write_tables_only         0045affe f   libs-vc-win32:jcmarker.obj
 0001:00059357       _use_merged_upsample       0045a357 f   libs-vc-win32:jdmaster.obj
 0001:000593fd       _master_selection          0045a3fd f   libs-vc-win32:jdmaster.obj
 0001:0005955a       _prepare_range_limit_table 0045a55a f   libs-vc-win32:jdmaster.obj
 0001:000595e0       _prepare_for_output_pass   0045a5e0 f   libs-vc-win32:jdmaster.obj
 0001:00059701       _finish_output_pass        0045a701 f   libs-vc-win32:jdmaster.obj
 0001:000587ce       _alloc_small               004597ce f   libs-vc-win32:jmemmgr.obj
 0001:000588ec       _alloc_large               004598ec f   libs-vc-win32:jmemmgr.obj
 0001:0005899d       _alloc_sarray              0045999d f   libs-vc-win32:jmemmgr.obj
 0001:00058a35       _alloc_barray              00459a35 f   libs-vc-win32:jmemmgr.obj
 0001:00058ad9       _alloc_darray              00459ad9 f   libs-vc-win32:jmemmgr.obj
 0001:00058b84       _request_virt_sarray       00459b84 f   libs-vc-win32:jmemmgr.obj
 0001:00058be5       _request_virt_barray       00459be5 f   libs-vc-win32:jmemmgr.obj
 0001:00058c46       _realize_virt_arrays       00459c46 f   libs-vc-win32:jmemmgr.obj
 0001:00058dc9       _access_virt_sarray        00459dc9 f   libs-vc-win32:jmemmgr.obj
 0001:00058ee9       _do_sarray_io              00459ee9 f   libs-vc-win32:jmemmgr.obj
 0001:00058f79       _access_virt_barray        00459f79 f   libs-vc-win32:jmemmgr.obj
 0001:0005909e       _do_barray_io              0045a09e f   libs-vc-win32:jmemmgr.obj
 0001:0005912f       _free_pool                 0045a12f f   libs-vc-win32:jmemmgr.obj
 0001:00059216       _self_destruct             0045a216 f   libs-vc-win32:jmemmgr.obj
 0001:00058268       _start_input_pass          00459268 f   libs-vc-win32:jdinput.obj
 0001:00058296       _per_scan_setup            00459296 f   libs-vc-win32:jdinput.obj
 0001:0005841c       _finish_input_pass         0045941c f   libs-vc-win32:jdinput.obj
 0001:0005842d       _consume_markers           0045942d f   libs-vc-win32:jdinput.obj
 0001:000584c9       _initial_setup             004594c9 f   libs-vc-win32:jdinput.obj
 0001:000586d3       _reset_input_controller    004596d3 f   libs-vc-win32:jdinput.obj
 0001:00057e6d       _make_crc_table            00458e6d f   libs-vc-win32:crc32.obj
 0001:00057fba       _crc32_little              00458fba f   libs-vc-win32:crc32.obj
 0001:00057c67       _fixedtables               00458c67 f   libs-vc-win32:inflate.obj
 0001:00057d51       _updatewindow              00458d51 f   libs-vc-win32:inflate.obj
 0001:0005698f       _init_destination          0045798f f   libs-vc-win32:jdatadst.obj
 0001:000569b5       _empty_output_buffer       004579b5 f   libs-vc-win32:jdatadst.obj
 0001:000569f7       _term_destination          004579f7 f   libs-vc-win32:jdatadst.obj
 0001:00056516       _std_huff_tables           00457516 f   libs-vc-win32:jcparam.obj
 0001:00056570       _add_huff_table            00457570 f   libs-vc-win32:jcparam.obj
 0001:00054a6e       _next_marker               00455a6e f   libs-vc-win32:jdmarker.obj
 0001:00054ba8       _get_interesting_appn      00455ba8 f   libs-vc-win32:jdmarker.obj
 0001:00054cd3       _examine_app0              00455cd3 f   libs-vc-win32:jdmarker.obj
 0001:00054ee1       _examine_app14             00455ee1 f   libs-vc-win32:jdmarker.obj
 0001:00054fa2       _skip_variable             00455fa2 f   libs-vc-win32:jdmarker.obj
 0001:00055045       _read_markers              00456045 f   libs-vc-win32:jdmarker.obj
 0001:0005524d       _get_soi                   0045624d f   libs-vc-win32:jdmarker.obj
 0001:000552f8       _get_sof                   004562f8 f   libs-vc-win32:jdmarker.obj
 0001:00055601       _get_sos                   00456601 f   libs-vc-win32:jdmarker.obj
 0001:000558ef       _get_dht                   004568ef f   libs-vc-win32:jdmarker.obj
 0001:00055b90       _get_dqt                   00456b90 f   libs-vc-win32:jdmarker.obj
 0001:00055dec       _get_dri                   00456dec f   libs-vc-win32:jdmarker.obj
 0001:00055ecb       _first_marker              00456ecb f   libs-vc-win32:jdmarker.obj
 0001:00055f67       _read_restart_marker       00456f67 f   libs-vc-win32:jdmarker.obj
 0001:00055fe5       _reset_marker_reader       00456fe5 f   libs-vc-win32:jdmarker.obj
 0001:00054852       _output_pass_setup         00455852 f   libs-vc-win32:jdapistd.obj
 0001:00054545       _default_decompress_parms  00455545 f   libs-vc-win32:jdapimin.obj

 296 bytes saved through ICF

