 quake2

 Timestamp is 3dce43ce (Sun Nov 10 14:32:30 2002)

 Preferred load address is 00400000

 Start         Length     Name                   Class
 0001:00000000 00062d10H .text                   CODE
 0002:00000000 00000354H .idata$5                DATA
 0002:00000358 000019acH .rdata                  DATA
 0002:00001d04 00000078H .idata$2                DATA
 0002:00001d7c 00000014H .idata$3                DATA
 0002:00001d90 00000354H .idata$4                DATA
 0002:000020e4 00000b38H .idata$6                DATA
 0002:00002c1c 00000000H .edata                  DATA
 0003:00000000 00000004H .CRT$XCA                DATA
 0003:00000004 00000004H .CRT$XCZ                DATA
 0003:00000008 00000004H .CRT$XIA                DATA
 0003:0000000c 00000004H .CRT$XIZ                DATA
 0003:00000010 00013ab4H .data                   DATA
 0003:00013ac8 0097d19cH .bss                    DATA
 0004:00000000 000000a0H .rsrc$01                DATA
 0004:000000a0 00000300H .rsrc$02                DATA

  Address         Publics by Value              Rva+Base     Lib:Object

 0001:00000000       _CDAudio_Play2             00401000 f   cd_win.obj
 0001:000001e5       _CDAudio_Play              004011e5 f   cd_win.obj
 0001:000001fc       _CDAudio_Stop              004011fc f   cd_win.obj
 0001:00000241       _CDAudio_Pause             00401241 f   cd_win.obj
 0001:0000029a       _CDAudio_Resume            0040129a f   cd_win.obj
 0001:0000030c       _CDAudio_MessageHandler    0040130c f   cd_win.obj
 0001:000003a3       _CDAudio_Update            004013a3 f   cd_win.obj
 0001:000003da       _CDAudio_Init              004013da f   cd_win.obj
 0001:000007d1       _CDAudio_Shutdown          004017d1 f   cd_win.obj
 0001:00000804       _CDAudio_Activate          00401804 f   cd_win.obj
 0001:00000815       _SCR_StopCinematic         00401815 f   cl_cin.obj
 0001:000008a1       _SCR_FinishCinematic       004018a1 f   cl_cin.obj
 0001:000008cb       _SCR_ReadNextFrame         004018cb f   cl_cin.obj
 0001:00000bec       _SCR_RunCinematic          00401bec f   cl_cin.obj
 0001:00000ce5       _SCR_DrawCinematic         00401ce5 f   cl_cin.obj
 0001:00000d84       _SCR_PlayCinematic         00401d84 f   cl_cin.obj
 0001:000010ae       _CL_ParseEntityBits        004020ae f   cl_ents.obj
 0001:0000112d       _CL_ParseDelta             0040212d f   cl_ents.obj
 0001:0000130b       _CL_DeltaEntity            0040230b f   cl_ents.obj
 0001:000014a4       _CL_ParsePacketEntities    004024a4 f   cl_ents.obj
 0001:000016c7       _CL_ParsePlayerstate       004026c7 f   cl_ents.obj
 0001:000019d5       _CL_FireEntityEvents       004029d5 f   cl_ents.obj
 0001:00001a24       _CL_ParseFrame             00402a24 f   cl_ents.obj
 0001:00001c91       _CL_AddPacketEntities      00402c91 f   cl_ents.obj
 0001:0000273b       _CL_AddViewWeapon          0040373b f   cl_ents.obj
 0001:00002875       _CL_CalcViewValues         00403875 f   cl_ents.obj
 0001:00002b13       _CL_AddEntities            00403b13 f   cl_ents.obj
 0001:00002be5       _CL_GetEntitySoundOrigin   00403be5 f   cl_ents.obj
 0001:00002c32       _CL_RunLightStyles         00403c32 f   cl_fx.obj
 0001:00002ca2       _CL_SetLightstyle          00403ca2 f   cl_fx.obj
 0001:00002d0d       _CL_AddLightStyles         00403d0d f   cl_fx.obj
 0001:00002d45       _CL_AllocDlight            00403d45 f   cl_fx.obj
 0001:00002db0       _CL_RunDLights             00403db0 f   cl_fx.obj
 0001:00002e02       _CL_ParseMuzzleFlash       00403e02 f   cl_fx.obj
 0001:00003647       _CL_ParseMuzzleFlash2      00404647 f   cl_fx.obj
 0001:00003d52       _CL_AddDLights             00404d52 f   cl_fx.obj
 0001:00003e20       _CL_ClearParticles         00404e20 f   cl_fx.obj
 0001:00003e68       _CL_ParticleEffect         00404e68 f   cl_fx.obj
 0001:00003f62       _CL_ParticleEffect2        00404f62 f   cl_fx.obj
 0001:00004058       _CL_ParticleEffect3        00405058 f   cl_fx.obj
 0001:0000414e       _CL_TeleporterParticles    0040514e f   cl_fx.obj
 0001:00004237       _CL_LogoutEffect           00405237 f   cl_fx.obj
 0001:0000434e       _CL_ItemRespawnParticles   0040534e f   cl_fx.obj
 0001:0000442b       _CL_ExplosionParticles     0040542b f   cl_fx.obj
 0001:00004508       _CL_BigTeleportParticles   00405508 f   cl_fx.obj
 0001:00004680       _CL_BlasterParticles       00405680 f   cl_fx.obj
 0001:0000477a       _CL_BlasterTrail           0040577a f   cl_fx.obj
 0001:000048b2       _CL_FlagTrail              004058b2 f   cl_fx.obj
 0001:000049f7       _CL_DiminishingTrail       004059f7 f   cl_fx.obj
 0001:00004ca6       _MakeNormalVectors         00405ca6 f   cl_fx.obj
 0001:00004cfd       _CL_RocketTrail            00405cfd f   cl_fx.obj
 0001:00004e61       _CL_RailTrail              00405e61 f   cl_fx.obj
 0001:000050f6       _CL_IonripperTrail         004060f6 f   cl_fx.obj
 0001:00005244       _CL_BubbleTrail            00406244 f   cl_fx.obj
 0001:00005396       _CL_FlyParticles           00406396 f   cl_fx.obj
 0001:00005567       _CL_FlyEffect              00406567 f   cl_fx.obj
 0001:000055ea       _CL_BfgParticles           004065ea f   cl_fx.obj
 0001:000057f5       _CL_TrapParticles          004067f5 f   cl_fx.obj
 0001:00005af2       _CL_BFGExplosionParticles  00406af2 f   cl_fx.obj
 0001:00005bcf       _CL_TeleportParticles      00406bcf f   cl_fx.obj
 0001:00005d3a       _CL_AllocParticleTrace     00406d3a f   cl_fx.obj
 0001:00005de4       _CL_MetalSparks            00406de4 f   cl_fx.obj
 0001:00005eda       _CL_AddParticles           00406eda f   cl_fx.obj
 0001:00006286       _CL_EntityEvent            00407286 f   cl_fx.obj
 0001:00006463       _CL_ClearEffects           00407463 f   cl_fx.obj
 0001:00006495       _KeyDown                   00407495 f   cl_input.obj
 0001:0000650b       _KeyUp                     0040750b f   cl_input.obj
 0001:00006585       _IN_KLookDown              00407585 f   cl_input.obj
 0001:00006591       _IN_KLookUp                00407591 f   cl_input.obj
 0001:0000659d       _IN_UpDown                 0040759d f   cl_input.obj
 0001:000065a9       _IN_UpUp                   004075a9 f   cl_input.obj
 0001:000065b5       _IN_DownDown               004075b5 f   cl_input.obj
 0001:000065c1       _IN_DownUp                 004075c1 f   cl_input.obj
 0001:000065cd       _IN_LeftDown               004075cd f   cl_input.obj
 0001:000065d9       _IN_LeftUp                 004075d9 f   cl_input.obj
 0001:000065e5       _IN_RightDown              004075e5 f   cl_input.obj
 0001:000065f1       _IN_RightUp                004075f1 f   cl_input.obj
 0001:000065fd       _IN_ForwardDown            004075fd f   cl_input.obj
 0001:00006609       _IN_ForwardUp              00407609 f   cl_input.obj
 0001:00006615       _IN_BackDown               00407615 f   cl_input.obj
 0001:00006621       _IN_BackUp                 00407621 f   cl_input.obj
 0001:0000662d       _IN_LookupDown             0040762d f   cl_input.obj
 0001:00006639       _IN_LookupUp               00407639 f   cl_input.obj
 0001:00006645       _IN_LookdownDown           00407645 f   cl_input.obj
 0001:00006651       _IN_LookdownUp             00407651 f   cl_input.obj
 0001:0000665d       _IN_MoveleftDown           0040765d f   cl_input.obj
 0001:00006669       _IN_MoveleftUp             00407669 f   cl_input.obj
 0001:00006675       _IN_MoverightDown          00407675 f   cl_input.obj
 0001:00006681       _IN_MoverightUp            00407681 f   cl_input.obj
 0001:0000668d       _IN_SpeedDown              0040768d f   cl_input.obj
 0001:00006699       _IN_SpeedUp                00407699 f   cl_input.obj
 0001:000066a5       _IN_StrafeDown             004076a5 f   cl_input.obj
 0001:000066b1       _IN_StrafeUp               004076b1 f   cl_input.obj
 0001:000066bd       _IN_AttackDown             004076bd f   cl_input.obj
 0001:000066c9       _IN_AttackUp               004076c9 f   cl_input.obj
 0001:000066d5       _IN_UseDown                004076d5 f   cl_input.obj
 0001:000066e1       _IN_UseUp                  004076e1 f   cl_input.obj
 0001:000066ed       _IN_Impulse                004076ed f   cl_input.obj
 0001:00006703       _CL_KeyState               00407703 f   cl_input.obj
 0001:00006761       _CL_AdjustAngles           00407761 f   cl_input.obj
 0001:00006870       _CL_BaseMove               00407870 f   cl_input.obj
 0001:00006a4a       _CL_ClampPitch             00407a4a f   cl_input.obj
 0001:00006af8       _CL_FinishMove             00407af8 f   cl_input.obj
 0001:00006ba7       _CL_CreateCmd              00407ba7 f   cl_input.obj
 0001:00006c13       _IN_CenterView             00407c13 f   cl_input.obj
 0001:00006c34       _CL_InitInput              00407c34 f   cl_input.obj
 0001:00006e3a       _CL_SendCmd                00407e3a f   cl_input.obj
 0001:00007034       _CL_ParseInventory         00408034 f   cl_inv.obj
 0001:00007054       _CL_DrawInventory          00408054 f   cl_inv.obj
 0001:000072b5       _CL_WriteDemoMessage       004082b5 f   cl_main.obj
 0001:000072f7       _CL_Stop_f                 004082f7 f   cl_main.obj
 0001:00007352       _CL_Record_f               00408352 f   cl_main.obj
 0001:000075cb       _Cmd_ForwardToServer       004085cb f   cl_main.obj
 0001:00007637       _CL_Setenv_f               00408637 f   cl_main.obj
 0001:000076fb       _CL_ForwardToServer_f      004086fb f   cl_main.obj
 0001:00007749       _CL_Pause_f                00408749 f   cl_main.obj
 0001:00007782       _CL_Quit_f                 00408782 f   cl_main.obj
 0001:0000778c       _CL_Drop                   0040878c f   cl_main.obj
 0001:000077ae       _CL_SendConnectPacket      004087ae f   cl_main.obj
 0001:00007882       _CL_CheckForResend         00408882 f   cl_main.obj
 0001:00007962       _CL_Connect_f              00408962 f   cl_main.obj
 0001:000079e1       _CL_Rcon_f                 004089e1 f   cl_main.obj
 0001:00007b2e       _CL_ClearState             00408b2e f   cl_main.obj
 0001:00007b6d       _CL_Disconnect             00408b6d f   cl_main.obj
 0001:00007ca2       _CL_Disconnect_f           00408ca2 f   cl_main.obj
 0001:00007cb1       _CL_Changing_f             00408cb1 f   cl_main.obj
 0001:00007cd5       _CL_Reconnect_f            00408cd5 f   cl_main.obj
 0001:00007d71       _CL_ParseStatusMessage     00408d71 f   cl_main.obj
 0001:00007da8       _CL_PingServers_f          00408da8 f   cl_main.obj
 0001:00007f02       _CL_Skins_f                00408f02 f   cl_main.obj
 0001:00007f3e       _CL_ConnectionlessPacket   00408f3e f   cl_main.obj
 0001:00008180       _CL_ReadPackets            00409180 f   cl_main.obj
 0001:000082be       _CL_FixUpGender            004092be f   cl_main.obj
 0001:00008391       _CL_Userinfo_f             00409391 f   cl_main.obj
 0001:000083a9       _CL_Snd_Restart_f          004093a9 f   cl_main.obj
 0001:000083b8       _CL_RequestNextDownload    004093b8 f   cl_main.obj
 0001:000089fc       _CL_Precache_f             004099fc f   cl_main.obj
 0001:00008a65       _CL_WriteConfiguration     00409a65 f   cl_main.obj
 0001:00008b02       _CL_WriteConfig_f          00409b02 f   cl_main.obj
 0001:00008b61       _CL_InitLocal              00409b61 f   cl_main.obj
 0001:00008d81       _CL_FixCvarCheats          00409d81 f   cl_main.obj
 0001:00008e3e       _CL_SendCommand            00409e3e f   cl_main.obj
 0001:00008e5c       _CL_Frame                  00409e5c f   cl_main.obj
 0001:00009011       _CL_Init                   0040a011 f   cl_main.obj
 0001:00009066       _CL_Shutdown               0040a066 f   cl_main.obj
 0001:000090ac       _vectoangles2              0040a0ac f   cl_newfx.obj
 0001:000091ae       _CL_Flashlight             0040a1ae f   cl_newfx.obj
 0001:000091ff       _CL_ColorFlash             0040a1ff f   cl_newfx.obj
 0001:000092a5       _CL_DebugTrail             0040a2a5 f   cl_newfx.obj
 0001:000093cf       _CL_ForceWall              0040a3cf f   cl_newfx.obj
 0001:00009537       _CL_BubbleTrail2           0040a537 f   cl_newfx.obj
 0001:00009695       _CL_Heatbeam               0040a695 f   cl_newfx.obj
 0001:0000995a       _CL_ParticleSteamEffect    0040a95a f   cl_newfx.obj
 0001:00009a91       _CL_ParticleSteamEffect2   0040aa91 f   cl_newfx.obj
 0001:00009be0       _CL_TrackerTrail           0040abe0 f   cl_newfx.obj
 0001:00009d66       _CL_Tracker_Shell          0040ad66 f   cl_newfx.obj
 0001:00009e12       _CL_MonsterPlasma_Shell    0040ae12 f   cl_newfx.obj
 0001:00009ebb       _CL_Widowbeamout           0040aebb f   cl_newfx.obj
 0001:00009f97       _CL_Nukeblast              0040af97 f   cl_newfx.obj
 0001:0000a073       _CL_WidowSplash            0040b073 f   cl_newfx.obj
 0001:0000a15b       _CL_TagTrail               0040b15b f   cl_newfx.obj
 0001:0000a2a0       _CL_ColorExplosionParticles 0040b2a0 f   cl_newfx.obj
 0001:0000a380       _CL_ParticleSmokeEffect    0040b380 f   cl_newfx.obj
 0001:0000a4b5       _CL_BlasterParticles2      0040b4b5 f   cl_newfx.obj
 0001:0000a5b0       _CL_BlasterTrail2          0040b5b0 f   cl_newfx.obj
 0001:0000a6e8       _CL_DownloadFileName       0040b6e8 f   cl_parse.obj
 0001:0000a727       _CL_CheckOrDownloadFile    0040b727 f   cl_parse.obj
 0001:0000a88b       _CL_Download_f             0040b88b f   cl_parse.obj
 0001:0000a957       _CL_RegisterSounds         0040b957 f   cl_parse.obj
 0001:0000a996       _CL_ParseDownload          0040b996 f   cl_parse.obj
 0001:0000ab03       _CL_ParseServerData        0040bb03 f   cl_parse.obj
 0001:0000ac12       _CL_ParseBaseline          0040bc12 f   cl_parse.obj
 0001:0000ac4c       _CL_LoadClientinfo         0040bc4c f   cl_parse.obj
 0001:0000afe4       _CL_ParseClientinfo        0040bfe4 f   cl_parse.obj
 0001:0000b008       _CL_ParseConfigString      0040c008 f   cl_parse.obj
 0001:0000b18d       _CL_ParseStartSoundPacket  0040c18d f   cl_parse.obj
 0001:0000b28f       _SHOWNET                   0040c28f f   cl_parse.obj
 0001:0000b2b3       _CL_ParseServerMessage     0040c2b3 f   cl_parse.obj
 0001:0000b553       _CL_CheckPredictionError   0040c553 f   cl_pred.obj
 0001:0000b679       _CL_ClipMoveToEntities     0040c679 f   cl_pred.obj
 0001:0000b7d0       _CL_PMTrace                0040c7d0 f   cl_pred.obj
 0001:0000b83f       _CL_PMpointcontents        0040c83f f   cl_pred.obj
 0001:0000b8a9       _CL_PredictMovement        0040c8a9 f   cl_pred.obj
 0001:0000bab7       _CL_AddNetgraph            0040cab7 f   cl_scrn.obj
 0001:0000bb91       _SCR_DebugGraph            0040cb91 f   cl_scrn.obj
 0001:0000bbb9       _SCR_DrawDebugGraph        0040cbb9 f   cl_scrn.obj
 0001:0000bc98       _SCR_CenterPrint           0040cc98 f   cl_scrn.obj
 0001:0000bda9       _SCR_DrawCenterString      0040cda9 f   cl_scrn.obj
 0001:0000befe       _SCR_SizeUp_f              0040cefe f   cl_scrn.obj
 0001:0000bf17       _SCR_SizeDown_f            0040cf17 f   cl_scrn.obj
 0001:0000bf38       _SCR_Sky_f                 0040cf38 f   cl_scrn.obj
 0001:0000bfe3       _SCR_Init                  0040cfe3 f   cl_scrn.obj
 0001:0000c048       _SCR_DrawNet               0040d048 f   cl_scrn.obj
 0001:0000c083       _SCR_DrawPause             0040d083 f   cl_scrn.obj
 0001:0000c0ec       _SCR_RunConsole            0040d0ec f   cl_scrn.obj
 0001:0000c189       _SCR_DrawConsole           0040d189 f   cl_scrn.obj
 0001:0000c21c       _SCR_SetLevelshot          0040d21c f   cl_scrn.obj
 0001:0000c2ae       _SCR_DrawLoading           0040d2ae f   cl_scrn.obj
 0001:0000c352       _SCR_BeginLoadingPlaque    0040d352 f   cl_scrn.obj
 0001:0000c3a8       _SCR_EndLoadingPlaque      0040d3a8 f   cl_scrn.obj
 0001:0000c3c3       _SCR_Loading_f             0040d3c3 f   cl_scrn.obj
 0001:0000c3c8       _SCR_TimeRefresh_f         0040d3c8 f   cl_scrn.obj
 0001:0000c49f       _SCR_AddDirtyPoint         0040d49f f   cl_scrn.obj
 0001:0000c4dc       _SCR_DirtyScreen           0040d4dc f   cl_scrn.obj
 0001:0000c557       _SCR_TileClear             0040d557 f   cl_scrn.obj
 0001:0000c732       _DrawHUDString             0040d732 f   cl_scrn.obj
 0001:0000c7e4       _SCR_DrawField             0040d7e4 f   cl_scrn.obj
 0001:0000c908       _SCR_TouchPics             0040d908 f   cl_scrn.obj
 0001:0000c99a       _SCR_ExecuteLayoutString   0040d99a f   cl_scrn.obj
 0001:0000d34c       _SCR_UpdateScreen          0040e34c f   cl_scrn.obj
 0001:0000d637       _CL_RegisterTEntSounds     0040e637 f   cl_tent.obj
 0001:0000d86f       _CL_RegisterTEntModels     0040e86f f   cl_tent.obj
 0001:0000d9f5       _CL_ClearTEnts             0040e9f5 f   cl_tent.obj
 0001:0000da4c       _CL_AllocExplosion         0040ea4c f   cl_tent.obj
 0001:0000dac6       _CL_SmokeAndFlash          0040eac6 f   cl_tent.obj
 0001:0000db57       _CL_ParseBeam              0040eb57 f   cl_tent.obj
 0001:0000dc5b       _CL_ParseBeam2             0040ec5b f   cl_tent.obj
 0001:0000dd6f       _CL_ParsePlayerBeam        0040ed6f f   cl_tent.obj
 0001:0000deba       _CL_ParseLightning         0040eeba f   cl_tent.obj
 0001:0000df98       _CL_ParseLaser             0040ef98 f   cl_tent.obj
 0001:0000e040       _CL_ParseSteam             0040f040 f   cl_tent.obj
 0001:0000e151       _CL_ParseWidow             0040f151 f   cl_tent.obj
 0001:0000e1bd       _CL_ParseNuke              0040f1bd f   cl_tent.obj
 0001:0000e227       _CL_ParseTEnt              0040f227 f   cl_tent.obj
 0001:0000f091       _CL_AddBeams               00410091 f   cl_tent.obj
 0001:0000f3b8       _CL_AddPlayerBeams         004103b8 f   cl_tent.obj
 0001:0000fadc       _CL_AddExplosions          00410adc f   cl_tent.obj
 0001:0000fcc7       _CL_AddLasers              00410cc7 f   cl_tent.obj
 0001:0000fcec       _CL_ProcessSustain         00410cec f   cl_tent.obj
 0001:0000fd2d       _CL_AddTEnts               00410d2d f   cl_tent.obj
 0001:0000fd46       _V_AddEntity               00410d46 f   cl_view.obj
 0001:0000fd70       _V_AddParticle             00410d70 f   cl_view.obj
 0001:0000fdc3       _V_AddLight                00410dc3 f   cl_view.obj
 0001:0000fe0f       _V_AddLightStyle           00410e0f f   cl_view.obj
 0001:0000fe5a       _V_TestParticles           00410e5a f   cl_view.obj
 0001:0000ff17       _V_TestEntities            00410f17 f   cl_view.obj
 0001:0000ffb9       _V_TestLights              00410fb9 f   cl_view.obj
 0001:00010097       _CL_PrepRefresh            00411097 f   cl_view.obj
 0001:00010365       _CalcFov                   00411365 f   cl_view.obj
 0001:000103de       _V_Gun_Next_f              004113de f   cl_view.obj
 0001:000103f7       _V_Gun_Prev_f              004113f7 f   cl_view.obj
 0001:00010419       _V_Gun_Model_f             00411419 f   cl_view.obj
 0001:0001045e       _SCR_DrawCrosshair         0041145e f   cl_view.obj
 0001:000104ca       _V_RenderView              004114ca f   cl_view.obj
 0001:00011093       _V_Viewpos_f               00412093 f   cl_view.obj
 0001:000110d1       _V_Init                    004120d1 f   cl_view.obj
 0001:0001111d       _Cbuf_Init                 0041211d f   cmd.obj
 0001:00011135       _Cbuf_AddText              00412135 f   cmd.obj
 0001:00011191       _Cbuf_InsertText           00412191 f   cmd.obj
 0001:000111e9       _Cbuf_CopyToDefer          004121e9 f   cmd.obj
 0001:00011215       _Cbuf_InsertFromDefer      00412215 f   cmd.obj
 0001:00011228       _Cbuf_ExecuteText          00412228 f   cmd.obj
 0001:00011267       _Cbuf_Execute              00412267 f   cmd.obj
 0001:0001131b       _Cbuf_AddEarlyCommands     0041231b f   cmd.obj
 0001:0001139d       _Cbuf_AddLateCommands      0041239d f   cmd.obj
 0001:000114b2       _Cmd_Exec_f                004124b2 f   cmd.obj
 0001:00011537       _Cmd_Echo_f                00412537 f   cmd.obj
 0001:00011579       _Cmd_Alias_f               00412579 f   cmd.obj
 0001:000116a0       _Cmd_Unalias_f             004126a0 f   cmd.obj
 0001:00011729       _Cmd_WriteAliases          00412729 f   cmd.obj
 0001:00011752       _Cmd_Argc                  00412752 f   cmd.obj
 0001:00011758       _Cmd_Argv                  00412758 f   cmd.obj
 0001:00011772       _Cmd_Args                  00412772 f   cmd.obj
 0001:00011778       _Cmd_TokenizeString        00412778 f   cmd.obj
 0001:000119aa       _Cmd_AddCommand            004129aa f   cmd.obj
 0001:00011a15       _Cmd_RemoveCommand         00412a15 f   cmd.obj
 0001:00011a57       _Cmd_CompleteCommand       00412a57 f   cmd.obj
 0001:00011f56       _Cmd_ExecuteString         00412f56 f   cmd.obj
 0001:0001202c       _Cmd_Init                  0041302c f   cmd.obj
 0001:00012105       _CMod_GetSurfMaterial      00413105 f   cmodel.obj
 0001:0001215f       _CM_LoadMap                0041315f f   cmodel.obj
 0001:00012985       _CM_InlineModel            00413985 f   cmodel.obj
 0001:000129d3       _CM_NumClusters            004139d3 f   cmodel.obj
 0001:000129d9       _CM_NumInlineModels        004139d9 f   cmodel.obj
 0001:000129df       _CM_EntityString           004139df f   cmodel.obj
 0001:000129e5       _CM_LeafContents           004139e5 f   cmodel.obj
 0001:00012a0f       _CM_LeafCluster            00413a0f f   cmodel.obj
 0001:00012a3a       _CM_LeafArea               00413a3a f   cmodel.obj
 0001:00012a65       _CM_InitBoxHull            00413a65 f   cmodel.obj
 0001:00012c40       _CM_HeadnodeForBox         00413c40 f   cmodel.obj
 0001:00012cf5       _CM_PointLeafnum_r         00413cf5 f   cmodel.obj
 0001:00012d5e       _CM_PointLeafnum           00413d5e f   cmodel.obj
 0001:00012d78       _CM_BoxLeafnums_r          00413d78 f   cmodel.obj
 0001:00012e2e       _CM_BoxLeafnums            00413e2e f   cmodel.obj
 0001:00012e81       _CM_PointContents          00413e81 f   cmodel.obj
 0001:00012ea6       _CM_TransformedPointContents 00413ea6 f   cmodel.obj
 0001:00012f88       _TraceBuf_Dump             00413f88 f   cmodel.obj
 0001:00013056       _TraceBuf_Init             00414056 f   cmodel.obj
 0001:000130fe       _TraceBuf_LimitFrac        004140fe f   cmodel.obj
 0001:00013155       _TraceBuf_AddLeaf          00414155 f   cmodel.obj
 0001:000132dd       _TraceBuf_FindPart         004142dd f   cmodel.obj
 0001:00013318       _CM_ClipBoxToHLLeaf        00414318 f   cmodel.obj
 0001:000135b9       _CM_TraceToHLLeaf          004145b9 f   cmodel.obj
 0001:0001368c       _CM_FinishHLTrace          0041468c f   cmodel.obj
 0001:00013718       _CM_RecursiveHLHullCheck   00414718 f   cmodel.obj
 0001:00013a00       _CM_ClipBoxToBrush         00414a00 f   cmodel.obj
 0001:00013bfc       _CM_TestBoxInBrush         00414bfc f   cmodel.obj
 0001:00013cdd       _CM_TraceToLeaf            00414cdd f   cmodel.obj
 0001:00013dba       _CM_TestInLeaf             00414dba f   cmodel.obj
 0001:00013e42       _CM_RecursiveHullCheck     00414e42 f   cmodel.obj
 0001:0001411a       _CM_BoxTrace               0041511a f   cmodel.obj
 0001:00014694       _CM_TransformedBoxTrace    00415694 f   cmodel.obj
 0001:000148f0       _CM_DecompressVis          004158f0 f   cmodel.obj
 0001:00014999       _CM_ClusterPVS             00415999 f   cmodel.obj
 0001:000149e6       _CM_ClusterPHS             004159e6 f   cmodel.obj
 0001:00014a33       _FloodArea_r               00415a33 f   cmodel.obj
 0001:00014aaf       _FloodAreaConnections      00415aaf f   cmodel.obj
 0001:00014aee       _CM_SetAreaPortalState     00415aee f   cmodel.obj
 0001:00014b1b       _CM_AreasConnected         00415b1b f   cmodel.obj
 0001:00014b69       _CM_WriteAreaBits          00415b69 f   cmodel.obj
 0001:00014bf9       _CM_WritePortalState       00415bf9 f   cmodel.obj
 0001:00014c13       _CM_ReadPortalState        00415c13 f   cmodel.obj
 0001:00014c31       _CM_HeadnodeVisible        00415c31 f   cmodel.obj
 0001:00014c99       _Com_BeginRedirect         00415c99 f   common.obj
 0001:00014cd6       _Com_EndRedirect           00415cd6 f   common.obj
 0001:00014d01       _Com_Printf                00415d01 f   common.obj
 0001:00014e60       _Com_DPrintf               00415e60 f   common.obj
 0001:00014eda       _DebugPrintf               00415eda f   common.obj
 0001:00014f82       _Com_WPrintf               00415f82 f   common.obj
 0001:00014fdb       _Com_Error                 00415fdb f   common.obj
 0001:000150b9       _Com_Quit                  004160b9 f   common.obj
 0001:000150e9       _MatchWildcard             004160e9 f   common.obj
 0001:00015226       _Com_ServerState           00416226 f   common.obj
 0001:0001522c       _Com_SetServerState        0041622c f   common.obj
 0001:00015236       _MSG_WriteByte             00416236 f   common.obj
 0001:00015236       _MSG_WriteChar             00416236 f   common.obj
 0001:0001524a       _MSG_WriteShort            0041624a f   common.obj
 0001:00015264       _MSG_WriteLong             00416264 f   common.obj
 0001:0001528e       _MSG_WriteFloat            0041628e f   common.obj
 0001:000152b4       _MSG_WriteString           004162b4 f   common.obj
 0001:000152ec       _MSG_WriteCoord            004162ec f   common.obj
 0001:00015315       _MSG_WritePos              00416315 f   common.obj
 0001:00015389       _MSG_WriteAngle            00416389 f   common.obj
 0001:000153ac       _MSG_WriteAngle16          004163ac f   common.obj
 0001:000153db       _MSG_WriteDeltaUsercmd     004163db f   common.obj
 0001:00015563       _MSG_WriteDir              00416563 f   common.obj
 0001:000155d0       _MSG_ReadDir               004165d0 f   common.obj
 0001:00015619       _MSG_WriteDeltaEntity      00416619 f   common.obj
 0001:00015b12       _MSG_BeginReading          00416b12 f   common.obj
 0001:00015b1b       _MSG_ReadChar              00416b1b f   common.obj
 0001:00015b3c       _MSG_ReadByte              00416b3c f   common.obj
 0001:00015b5d       _MSG_ReadShort             00416b5d f   common.obj
 0001:00015b8d       _MSG_ReadLong              00416b8d f   common.obj
 0001:00015bcc       _MSG_ReadString            00416bcc f   common.obj
 0001:00015bff       _MSG_ReadStringLine        00416bff f   common.obj
 0001:00015c37       _MSG_ReadCoord             00416c37 f   common.obj
 0001:00015c51       _MSG_ReadPos               00416c51 f   common.obj
 0001:00015ca3       _MSG_ReadAngle             00416ca3 f   common.obj
 0001:00015cbd       _MSG_ReadAngle16           00416cbd f   common.obj
 0001:00015cd7       _MSG_ReadDeltaUsercmd      00416cd7 f   common.obj
 0001:00015d8e       _MSG_ReadData              00416d8e f   common.obj
 0001:00015db1       _SZ_Init                   00416db1 f   common.obj
 0001:00015dd3       _SZ_Clear                  00416dd3 f   common.obj
 0001:00015de0       _SZ_GetSpace               00416de0 f   common.obj
 0001:00015e42       _SZ_Write                  00416e42 f   common.obj
 0001:00015e63       _SZ_Print                  00416e63 f   common.obj
 0001:00015eac       _COM_Argc                  00416eac f   common.obj
 0001:00015eb2       _COM_Argv                  00416eb2 f   common.obj
 0001:00015ed3       _COM_ClearArgv             00416ed3 f   common.obj
 0001:00015efb       _COM_InitArgv              00416efb f   common.obj
 0001:00015f56       _Info_Print                00416f56 f   common.obj
 0001:00016013       _COM_BlockSequenceCRCByte  00417013 f   common.obj
 0001:0001609f       _frand                     0041709f f   common.obj
 0001:000160bc       _crand                     004170bc f   common.obj
 0001:000160df       _Com_Error_f               004170df f   common.obj
 0001:000160f7       _Qcommon_Init              004170f7 f   common.obj
 0001:00016226       _Qcommon_Frame             00417226 f   common.obj
 0001:00016409       __setargv                  00417409 f   common.obj
 0001:00016409       _Qcommon_Shutdown          00417409 f   common.obj
 0001:00016409       _R_SurfacePatch            00417409 f   common.obj
 0001:00016409       _jpeg_mem_term             00417409 f   common.obj
 0001:0001640a       _CCheckParm                0041740a f   conproc.obj
 0001:00016443       _InitConProc               00417443 f   conproc.obj
 0001:00016595       _DeinitConProc             00417595 f   conproc.obj
 0001:000165a6       _RequestProc@4             004175a6 f   conproc.obj
 0001:000166b7       _WriteText                 004176b7 f   conproc.obj
 0001:0001677e       _CharToCode                0041777e f   conproc.obj
 0001:00016806       _SetConsoleCXCY            00417806 f   conproc.obj
 0001:0001693d       _DrawStringCommon          0041793d f   console.obj
 0001:0001699a       _DrawString                0041799a f   console.obj
 0001:000169bc       _DrawAltString             004179bc f   console.obj
 0001:000169e1       _Key_ClearTyping           004179e1 f   console.obj
 0001:000169fb       _Con_ToggleConsole_f       004179fb f   console.obj
 0001:00016a8c       _Con_ClearNotify           00417a8c f   console.obj
 0001:00016a9a       _Con_CheckResize           00417a9a f   console.obj
 0001:00016bba       _Con_Init                  00417bba f   console.obj
 0001:00016e66       _Con_Print                 00417e66 f   console.obj
 0001:00017149       _Con_DrawNotify            00418149 f   console.obj
 0001:00017355       _Con_DrawConsole           00418355 f   console.obj
 0001:0001786f       _CRC_Block                 0041886f f   crc.obj
 0001:000178ab       _Cvar_VariableValue        004188ab f   cvar.obj
 0001:00017919       _Cvar_VariableInt          00418919 f   cvar.obj
 0001:0001792c       _Cvar_VariableString       0041892c f   cvar.obj
 0001:00017944       _Cvar_Get                  00418944 f   cvar.obj
 0001:00017ba0       _Cvar_GetVars              00418ba0 f   cvar.obj
 0001:00017be1       _Cvar_FullSet              00418be1 f   cvar.obj
 0001:00017c3e       _Cvar_SetValue             00418c3e f   cvar.obj
 0001:00017e34       _Cvar_SetInteger           00418e34 f   cvar.obj
 0001:00017e62       _Cvar_Set                  00418e62 f   cvar.obj
 0001:00017e77       _Cvar_ForceSet             00418e77 f   cvar.obj
 0001:00017e8c       _Cvar_Clamp                00418e8c f   cvar.obj
 0001:00017eea       _Cvar_ClampName            00418eea f   cvar.obj
 0001:00017f63       _Cvar_GetLatchedVars       00418f63 f   cvar.obj
 0001:00017f92       _Cvar_Command              00418f92 f   cvar.obj
 0001:00018029       _Cvar_WriteVariables       00419029 f   cvar.obj
 0001:000180b4       _Cvar_BitInfo              004190b4 f   cvar.obj
 0001:000180ed       _Cvar_Userinfo             004190ed f   cvar.obj
 0001:000180f6       _Cvar_Serverinfo           004190f6 f   cvar.obj
 0001:000180ff       _Cvar_Init                 004190ff f   cvar.obj
 0001:00018714       _FS_CreatePath             00419714 f   files.obj
 0001:0001873a       _Developer_searchpath      0041973a f   files.obj
 0001:0001877f       _FS_FCloseFile             0041977f f   files.obj
 0001:00018815       _FS_FOpenFile              00419815 f   files.obj
 0001:00018c4d       _FS_FileExists             00419c4d f   files.obj
 0001:00018e2b       _FS_Read                   00419e2b f   files.obj
 0001:000190d8       _FS_LoadFile               0041a0d8 f   files.obj
 0001:0001913a       _FS_FreeFile               0041a13a f   files.obj
 0001:00019145       _FS_LoadPackFile           0041a145 f   files.obj
 0001:0001947d       _FS_UnloadPackFile         0041a47d f   files.obj
 0001:000194ca       _FS_AddGameDirectory       0041a4ca f   files.obj
 0001:00019674       _FS_Gamedir                0041a674 f   files.obj
 0001:00019688       _FS_LoadGameConfig         0041a688 f   files.obj
 0001:00019755       _FS_SetGamedir             0041a755 f   files.obj
 0001:000198e7       _FS_ListFiles              0041a8e7 f   files.obj
 0001:00019b9a       _FS_NextPath               0041ab9a f   files.obj
 0001:00019bbe       _FS_InitFilesystem         0041abbe f   files.obj
 0001:0001a573       _LoadPCX                   0041b573 f   images.obj
 0001:0001a757       _LoadTGA                   0041b757 f   images.obj
 0001:0001aaed       _LoadJPG                   0041baed f   images.obj
 0001:0001ad80       _ImageExists               0041bd80 f   images.obj
 0001:0001ae99       _WriteTGA                  0041be99 f   images.obj
 0001:0001af45       _WriteJPG                  0041bf45 f   images.obj
 0001:0001b06d       _IN_MLookDown              0041c06d f   in_win.obj
 0001:0001b078       _IN_MLookUp                0041c078 f   in_win.obj
 0001:0001b09b       _IN_StartupMouse           0041c09b f   in_win.obj
 0001:0001b0f5       _IN_MouseEvent             0041c0f5 f   in_win.obj
 0001:0001b172       _IN_Init                   0041c172 f   in_win.obj
 0001:0001b1b8       _IN_Shutdown               0041c1b8 f   in_win.obj
 0001:0001b29d       _IN_Activate               0041c29d f   in_win.obj
 0001:0001b2b4       _IN_Frame                  0041c2b4 f   in_win.obj
 0001:0001b681       _IN_Move                   0041c681 f   in_win.obj
 0001:0001b84c       _IN_StartupJoystick        0041c84c f   in_win.obj
 0001:0001b96d       _Joy_AdvancedUpdate_f      0041c96d f   in_win.obj
 0001:0001bb04       _IN_Commands               0041cb04 f   in_win.obj
 0001:0001bc33       _IN_ReadJoystick           0041cc33 f   in_win.obj
 0001:0001bc6e       _IN_JoyMove                0041cc6e f   in_win.obj
 0001:0001bfbe       _CompleteCommand           0041cfbe f   keys.obj
 0001:0001c025       _Key_Console               0041d025 f   keys.obj
 0001:0001c61b       _Key_Message               0041d61b f   keys.obj
 0001:0001c6ac       _Key_StringToKeynum        0041d6ac f   keys.obj
 0001:0001c6f6       _Key_KeynumToString        0041d6f6 f   keys.obj
 0001:0001c749       _Key_SetBinding            0041d749 f   keys.obj
 0001:0001c7a3       _Key_Bindlist_f            0041d7a3 f   keys.obj
 0001:0001c834       _Key_WriteBindings         0041d834 f   keys.obj
 0001:0001c872       _Key_Init                  0041d872 f   keys.obj
 0001:0001cb48       _Key_Event                 0041db48 f   keys.obj
 0001:0001ce70       _Key_ClearStates           0041de70 f   keys.obj
 0001:0001ceb7       _MD4Init                   0041deb7 f   md4.obj
 0001:0001cedf       _MD4Update                 0041dedf f   md4.obj
 0001:0001cf7d       _MD4Final                  0041df7d f   md4.obj
 0001:0001d66e       _Com_BlockChecksum         0041e66e f   md4.obj
 0001:0001d6aa       _Z_Free                    0041e6aa f   memory.obj
 0001:0001d700       _Z_FreeTags                0041e700 f   memory.obj
 0001:0001d730       _Z_TagMalloc               0041e730 f   memory.obj
 0001:0001d7a1       _Z_Malloc                  0041e7a1 f   memory.obj
 0001:0001d7c3       _Z_BlockMalloc             0041e7c3 f   memory.obj
 0001:0001d7de       _CreateMemoryChain         0041e7de f   memory.obj
 0001:0001d83f       _FreeMemoryChain           0041e83f f   memory.obj
 0001:0001d869       _AllocChainBlock           0041e869 f   memory.obj
 0001:0001d8b4       _CopyString                0041e8b4 f   memory.obj
 0001:0001d8d8       _ChainCopyString           0041e8d8 f   memory.obj
 0001:0001d900       _AllocNamedStruc           0041e900 f   memory.obj
 0001:0001d93b       _ChainAllocNamedStruc      0041e93b f   memory.obj
 0001:0001d97a       _FindNamedStruc            0041e97a f   memory.obj
 0001:0001d9be       _FindNamedStrucByIndex     0041e9be f   memory.obj
 0001:0001d9d5       _IndexOfNamedStruc         0041e9d5 f   memory.obj
 0001:0001da03       _AddToNamedList            0041ea03 f   memory.obj
 0001:0001da4d       _ChainAddToNamedList       0041ea4d f   memory.obj
 0001:0001da97       _FreeNamedList             0041ea97 f   memory.obj
 0001:0001dab2       _Z_Init                    0041eab2 f   memory.obj
 0001:0001daed       _M_PushMenu                0041eaed f   menu.obj
 0001:0001dbaa       _M_ForceMenuOff            0041ebaa f   menu.obj
 0001:0001dbd7       _M_PopMenu                 0041ebd7 f   menu.obj
 0001:0001dc2b       _Default_MenuKey           0041ec2b f   menu.obj
 0001:0001dd55       _M_Print                   0041ed55 f   menu.obj
 0001:0001dda0       _M_DrawTextBox             0041eda0 f   menu.obj
 0001:0001df8c       _M_Main_Draw               0041ef8c f   menu.obj
 0001:0001e0fd       _M_Main_Key                0041f0fd f   menu.obj
 0001:0001e1e0       _M_Menu_Main_f             0041f1e0 f   menu.obj
 0001:0001e1fb       _M_Menu_Multiplayer_f      0041f1fb f   menu.obj
 0001:0001e37f       _M_Menu_Keys_f             0041f37f f   menu.obj
 0001:0001e85f       _M_Menu_Options_f          0041f85f f   menu.obj
 0001:0001f15e       _M_Menu_Video_f            0042015e f   menu.obj
 0001:0001f17e       _M_Menu_Credits_f          0042017e f   menu.obj
 0001:0001f34b       _M_Menu_Game_f             0042034b f   menu.obj
 0001:0001f5dd       _M_Menu_LoadGame_f         004205dd f   menu.obj
 0001:0001f789       _M_Menu_SaveGame_f         00420789 f   menu.obj
 0001:0001f8c3       _M_AddToServerList         004208c3 f   menu.obj
 0001:0001f941       _M_Menu_JoinServer_f       00420941 f   menu.obj
 0001:0001fbc4       _M_Menu_StartServer_f      00420bc4 f   menu.obj
 0001:000203ee       _M_Menu_DMOptions_f        004213ee f   menu.obj
 0001:00020baa       _M_Menu_DownloadOptions_f  00421baa f   menu.obj
 0001:00020e31       _M_Menu_AddressBook_f      00421e31 f   menu.obj
 0001:00022054       _M_Init                    00423054 f   menu.obj
 0001:00022177       _M_Draw                    00423177 f   menu.obj
 0001:000221d2       _M_Keydown                 004231d2 f   menu.obj
 0001:000221ee       _SwapQ2BspFile             004231ee f   model.obj
 0001:00022437       _ProcessQ2BspFile          00423437 f   model.obj
 0001:00022510       _CheckLump                 00423510 f   model.obj
 0001:00022555       _LoadQ2BspFile             00423555 f   model.obj
 0001:000226fc       _LoadBspFile               004236fc f   model.obj
 0001:000227f6       _Netchan_Init              004237f6 f   net_chan.obj
 0001:00022856       _Netchan_OutOfBand         00423856 f   net_chan.obj
 0001:000228b2       _Netchan_OutOfBandPrint    004238b2 f   net_chan.obj
 0001:000228f2       _Netchan_Setup             004238f2 f   net_chan.obj
 0001:0002294d       _Netchan_NeedReliable      0042394d f   net_chan.obj
 0001:00022979       _Netchan_Transmit          00423979 f   net_chan.obj
 0001:00022b22       _Netchan_Process           00423b22 f   net_chan.obj
 0001:00022c6d       _NetadrToSockadr           00423c6d f   net_wins.obj
 0001:00022d14       _SockadrToNetadr           00423d14 f   net_wins.obj
 0001:00022d77       _NET_CompareAdr            00423d77 f   net_wins.obj
 0001:00022dd9       _NET_CompareBaseAdr        00423dd9 f   net_wins.obj
 0001:00022e31       _NET_AdrToString           00423e31 f   net_wins.obj
 0001:00022ee5       _NET_StringToSockaddr      00423ee5 f   net_wins.obj
 0001:0002311a       _NET_StringToAdr           0042411a f   net_wins.obj
 0001:00023173       _NET_IsLocalAddress        00424173 f   net_wins.obj
 0001:0002317d       _NET_GetLoopPacket         0042417d f   net_wins.obj
 0001:00023204       _NET_SendLoopPacket        00424204 f   net_wins.obj
 0001:00023250       _NET_GetPacket             00424250 f   net_wins.obj
 0001:00023385       _NET_SendPacket            00424385 f   net_wins.obj
 0001:000234e6       _NET_IPSocket              004244e6 f   net_wins.obj
 0001:000235f5       _NET_OpenIP                004245f5 f   net_wins.obj
 0001:00023716       _NET_IPXSocket             00424716 f   net_wins.obj
 0001:00023811       _NET_OpenIPX               00424811 f   net_wins.obj
 0001:000238f9       _NET_Config                004248f9 f   net_wins.obj
 0001:0002396f       _NET_Sleep                 0042496f f   net_wins.obj
 0001:00023a19       _NET_Init                  00424a19 f   net_wins.obj
 0001:00023c90       _Pmove                     00424c90 f   pmove.obj
 0001:0002587c       _RotatePointAroundVector   0042687c f   q_shared2.obj
 0001:000259ec       _AngleVectors              004269ec f   q_shared2.obj
 0001:00025af0       _ProjectPointOnPlane       00426af0 f   q_shared2.obj
 0001:00025b6f       _PerpendicularVector       00426b6f f   q_shared2.obj
 0001:00025bee       _MatrixMultiply            00426bee f   q_shared2.obj
 0001:00025cd5       _R_ConcatTransforms        00426cd5 f   q_shared2.obj
 0001:00025e0f       _SetPlaneSignbits          00426e0f f   q_shared2.obj
 0001:00025e41       _LerpAngle                 00426e41 f   q_shared2.obj
 0001:00025e84       _anglemod                  00426e84 f   q_shared2.obj
 0001:00025ea8       _BoxOnPlaneSide            00426ea8 f   q_shared2.obj
 0001:000260df       _ClearBounds               004270df f   q_shared2.obj
 0001:00026108       _AddPointToBounds          00427108 f   q_shared2.obj
 0001:00026141       _VectorCompare             00427141 f   q_shared2.obj
 0001:0002616f       _VectorNormalize           0042716f f   q_shared2.obj
 0001:000261c3       _VectorNormalize2          004271c3 f   q_shared2.obj
 0001:0002621b       _VectorMA                  0042721b f   q_shared2.obj
 0001:0002624a       _CrossProduct              0042724a f   q_shared2.obj
 0001:00026285       _VectorLength              00427285 f   q_shared2.obj
 0001:000262ad       _VectorDistance            004272ad f   q_shared2.obj
 0001:000262de       _VectorInverse             004272de f   q_shared2.obj
 0001:000262f9       _VectorScale               004272f9 f   q_shared2.obj
 0001:0002631d       _AnglesToAxis              0042731d f   q_shared2.obj
 0001:00026362       _AxisCopy                  00427362 f   q_shared2.obj
 0001:0002639f       _COM_StripExtension        0042739f f   q_shared2.obj
 0001:000263c0       _COM_FilePath              004273c0 f   q_shared2.obj
 0001:000263f6       _ShortSwap                 004273f6 f   q_shared2.obj
 0001:0002640b       _va                        0042740b f   q_shared2.obj
 0001:00026428       _COM_ParseExt              00427428 f   q_shared2.obj
 0001:00026523       _Com_PageInMemory          00427523 f   q_shared2.obj
 0001:00026542       _Q_stricmp                 00427542 f   q_shared2.obj
 0001:00026553       _Q_strncasecmp             00427553 f   q_shared2.obj
 0001:000265ab       _Q_strcasecmp              004275ab f   q_shared2.obj
 0001:000265c1       _Q_strncpyz                004275c1 f   q_shared2.obj
 0001:0002661e       _Q_strncpylower            0042761e f   q_shared2.obj
 0001:00026658       _Q_CopyFilename            00427658 f   q_shared2.obj
 0001:0002669a       _Com_sprintf               0042769a f   q_shared2.obj
 0001:000266f3       _Info_ValueForKey          004276f3 f   q_shared2.obj
 0001:0002677e       _Info_RemoveKey            0042777e f   q_shared2.obj
 0001:00026804       _Info_SetValueForKey       00427804 f   q_shared2.obj
 0001:00026942       _Field_Draw                00427942 f   qmenu.obj
 0001:00026b56       _Field_Key                 00427b56 f   qmenu.obj
 0001:00026dbf       _Menu_AddItem              00427dbf f   qmenu.obj
 0001:00026df4       _Menu_AdjustCursor         00427df4 f   qmenu.obj
 0001:00026f33       _Menu_Center               00427f33 f   qmenu.obj
 0001:00026f6b       _Menu_DrawDotsItem         00427f6b f   qmenu.obj
 0001:00026fd0       _Menu_Draw                 00427fd0 f   qmenu.obj
 0001:000272a1       _Menu_ItemAtCursor         004282a1 f   qmenu.obj
 0001:000272b9       _Menu_SelectItem           004282b9 f   qmenu.obj
 0001:000272fb       _Menu_SetStatusBar         004282fb f   qmenu.obj
 0001:0002730a       _Menu_SlideItem            0042830a f   qmenu.obj
 0001:0002735a       _Menu_TallySlots           0042835a f   qmenu.obj
 0001:0002780a       _S_SoundInfo_f             0042880a f   snd_dma.obj
 0001:00027894       _S_ReadModelsSex           00428894 f   snd_dma.obj
 0001:0002797d       _S_IsFemale                0042897d f   snd_dma.obj
 0001:000279d8       _S_Init                    004289d8 f   snd_dma.obj
 0001:00027aab       _S_Shutdown                00428aab f   snd_dma.obj
 0001:00027b35       _S_FindName                00428b35 f   snd_dma.obj
 0001:00027c21       _S_AliasName               00428c21 f   snd_dma.obj
 0001:00027cad       _S_BeginRegistration       00428cad f   snd_dma.obj
 0001:00027cbe       _S_RegisterSound           00428cbe f   snd_dma.obj
 0001:00027d3a       _S_EndRegistration         00428d3a f   snd_dma.obj
 0001:00027dcd       _S_PickChannel             00428dcd f   snd_dma.obj
 0001:00027e64       _S_SpatializeOrigin        00428e64 f   snd_dma.obj
 0001:00027f6c       _S_Spatialize              00428f6c f   snd_dma.obj
 0001:00027fda       _S_AllocPlaysound          00428fda f   snd_dma.obj
 0001:00027ff9       _S_FreePlaysound           00428ff9 f   snd_dma.obj
 0001:00028029       _S_IssuePlaysound          00429029 f   snd_dma.obj
 0001:000280ea       _S_RegisterSexedSound      004290ea f   snd_dma.obj
 0001:000281dd       _S_StartSound              004291dd f   snd_dma.obj
 0001:00028373       _S_StartLocalSound         00429373 f   snd_dma.obj
 0001:000283c2       _S_ClearBuffer             004293c2 f   snd_dma.obj
 0001:0002841a       _S_StopAllSounds           0042941a f   snd_dma.obj
 0001:00028495       _S_AddLoopSounds           00429495 f   snd_dma.obj
 0001:00028661       _S_RawSamples              00429661 f   snd_dma.obj
 0001:00028865       _S_Update                  00429865 f   snd_dma.obj
 0001:000289bd       _GetSoundtime              004299bd f   snd_dma.obj
 0001:00028a24       _S_Update_                 00429a24 f   snd_dma.obj
 0001:00028aba       _S_Play                    00429aba f   snd_dma.obj
 0001:00028b6a       _S_SoundList               00429b6a f   snd_dma.obj
 0001:00028c2b       _ResampleSfx               00429c2b f   snd_mem.obj
 0001:00028d2f       _S_LoadSound               00429d2f f   snd_mem.obj
 0001:00028e55       _GetLittleShort            00429e55 f   snd_mem.obj
 0001:00028e72       _GetLittleLong             00429e72 f   snd_mem.obj
 0001:00028ea0       _FindNextChunk             00429ea0 f   snd_mem.obj
 0001:00028efc       _GetWavinfo                00429efc f   snd_mem.obj
 0001:000290cf       _S_WriteLinearBlastStereo16 0042a0cf f   snd_mix.obj
 0001:00029143       _S_TransferStereo16        0042a143 f   snd_mix.obj
 0001:000291ac       _S_TransferPaintBuffer     0042a1ac f   snd_mix.obj
 0001:00029308       _S_PaintChannels           0042a308 f   snd_mix.obj
 0001:0002952d       _S_InitScaletable          0042a52d f   snd_mix.obj
 0001:00029580       _S_PaintChannelFrom8       0042a580 f   snd_mix.obj
 0001:00029682       _S_PaintChannelFrom16      0042a682 f   snd_mix.obj
 0001:000296ed       _FreeSound                 0042a6ed f   snd_win.obj
 0001:000297fd       _SNDDMA_InitDirect         0042a7fd f   snd_win.obj
 0001:00029ccc       _SNDDMA_Init               0042accc f   snd_win.obj
 0001:00029d48       _SNDDMA_GetDMAPos          0042ad48 f   snd_win.obj
 0001:00029d92       _SNDDMA_BeginPainting      0042ad92 f   snd_win.obj
 0001:00029e94       _SNDDMA_Submit             0042ae94 f   snd_win.obj
 0001:00029eb9       _SNDDMA_Shutdown           0042aeb9 f   snd_win.obj
 0001:00029ebe       _S_Activate                0042aebe f   snd_win.obj
 0001:00029ee9       _SV_SetMaster_f            0042aee9 f   sv_ccmds.obj
 0001:0002a006       _SV_SetPlayer              0042b006 f   sv_ccmds.obj
 0001:0002a0f2       _SV_WipeSavegame           0042b0f2 f   sv_ccmds.obj
 0001:0002a1d8       _CopyFile                  0042b1d8 f   sv_ccmds.obj
 0001:0002a271       _SV_CopySaveGame           0042b271 f   sv_ccmds.obj
 0001:0002a456       _SV_WriteLevelFile         0042b456 f   sv_ccmds.obj
 0001:0002a504       _SV_ReadLevelFile          0042b504 f   sv_ccmds.obj
 0001:0002a5b2       _SV_WriteServerFile        0042b5b2 f   sv_ccmds.obj
 0001:0002a7c6       _SV_ReadServerFile         0042b7c6 f   sv_ccmds.obj
 0001:0002a8d4       _SV_DemoMap_f              0042b8d4 f   sv_ccmds.obj
 0001:0002a91b       _SV_GameMap_f              0042b91b f   sv_ccmds.obj
 0001:0002aa94       _SV_Map_f                  0042ba94 f   sv_ccmds.obj
 0001:0002ab01       _SV_Loadgame_f             0042bb01 f   sv_ccmds.obj
 0001:0002abf9       _SV_Savegame_f             0042bbf9 f   sv_ccmds.obj
 0001:0002acf8       _SV_Kick_f                 0042bcf8 f   sv_ccmds.obj
 0001:0002ad75       _SV_Status_f               0042bd75 f   sv_ccmds.obj
 0001:0002af17       _SV_ConSay_f               0042bf17 f   sv_ccmds.obj
 0001:0002afaa       _SV_Heartbeat_f            0042bfaa f   sv_ccmds.obj
 0001:0002afb5       _SV_Serverinfo_f           0042bfb5 f   sv_ccmds.obj
 0001:0002afcd       _SV_DumpUser_f             0042bfcd f   sv_ccmds.obj
 0001:0002b013       _SV_ServerRecord_f         0042c013 f   sv_ccmds.obj
 0001:0002b1ca       _SV_ServerStop_f           0042c1ca f   sv_ccmds.obj
 0001:0002b1f6       _SV_KillServer_f           0042c1f6 f   sv_ccmds.obj
 0001:0002b216       _SV_ServerCommand_f        0042c216 f   sv_ccmds.obj
 0001:0002b22e       _SV_InitOperatorCommands   0042c22e f   sv_ccmds.obj
 0001:0002b334       _SV_EmitPacketEntities     0042c334 f   sv_ents.obj
 0001:0002b4a2       _SV_WritePlayerstateToClient 0042c4a2 f   sv_ents.obj
 0001:0002b960       _SV_WriteFrameToClient     0042c960 f   sv_ents.obj
 0001:0002ba1c       _SV_FatPVS                 0042ca1c f   sv_ents.obj
 0001:0002bb49       _SV_BuildClientFrame       0042cb49 f   sv_ents.obj
 0001:0002be14       _SV_RecordDemoMessage      0042ce14 f   sv_ents.obj
 0001:0002bf39       _SV_ShutdownGameProgs      0042cf39 f   sv_game.obj
 0001:0002bf52       _SV_InitGameProgs          0042cf52 f   sv_game.obj
 0001:0002c5b1       _SV_FindIndex              0042d5b1 f   sv_init.obj
 0001:0002c678       _SV_ModelIndex             0042d678 f   sv_init.obj
 0001:0002c68e       _SV_SoundIndex             0042d68e f   sv_init.obj
 0001:0002c6a7       _SV_ImageIndex             0042d6a7 f   sv_init.obj
 0001:0002c6c0       _SV_CreateBaseline         0042d6c0 f   sv_init.obj
 0001:0002c723       _SV_CheckForSavegame       0042d723 f   sv_init.obj
 0001:0002c7c3       _SV_SpawnServer            0042d7c3 f   sv_init.obj
 0001:0002ca40       _SV_InitGame               0042da40 f   sv_init.obj
 0001:0002cc38       _SV_Map                    0042dc38 f   sv_init.obj
 0001:0002ce2f       _SV_DropClient             0042de2f f   sv_main.obj
 0001:0002ce83       _SV_StatusString           0042de83 f   sv_main.obj
 0001:0002cf6a       _SVC_Status                0042df6a f   sv_main.obj
 0001:0002cf93       _SVC_Info                  0042df93 f   sv_main.obj
 0001:0002d049       _SVC_GetChallenge          0042e049 f   sv_main.obj
 0001:0002d114       _SVC_DirectConnect         0042e114 f   sv_main.obj
 0001:0002d5f1       _Rcon_Validate             0042e5f1 f   sv_main.obj
 0001:0002d622       _SVC_RemoteCommand         0042e622 f   sv_main.obj
 0001:0002d70e       _SV_ConnectionlessPacket   0042e70e f   sv_main.obj
 0001:0002d86a       _SV_CalcPings              0042e86a f   sv_main.obj
 0001:0002d8f1       _SV_GiveMsec               0042e8f1 f   sv_main.obj
 0001:0002d930       _SV_ReadPackets            0042e930 f   sv_main.obj
 0001:0002da61       _SV_CheckTimeouts          0042ea61 f   sv_main.obj
 0001:0002db1d       _SV_PrepWorldFrame         0042eb1d f   sv_main.obj
 0001:0002db43       _SV_RunGameFrame           0042eb43 f   sv_main.obj
 0001:0002dbcc       _SV_PostprocessFrame       0042ebcc f   sv_main.obj
 0001:0002dfec       _SV_Frame                  0042efec f   sv_main.obj
 0001:0002e0a6       _Master_Heartbeat          0042f0a6 f   sv_main.obj
 0001:0002e15d       _Master_Shutdown           0042f15d f   sv_main.obj
 0001:0002e1db       _SV_UserinfoChanged        0042f1db f   sv_main.obj
 0001:0002e2a3       _SV_Init                   0042f2a3 f   sv_main.obj
 0001:0002e306       _SV_FinalMessage           0042f306 f   sv_main.obj
 0001:0002e3cd       _SV_Shutdown               0042f3cd f   sv_main.obj
 0001:0002e464       _SV_FlushRedirect          0042f464 f   sv_send.obj
 0001:0002e4d6       _SV_ClientPrintf           0042f4d6 f   sv_send.obj
 0001:0002e52c       _SV_BroadcastPrintf        0042f52c f   sv_send.obj
 0001:0002e5fd       _SV_BroadcastCommand       0042f5fd f   sv_send.obj
 0001:0002e64f       _SV_Multicast              0042f64f f   sv_send.obj
 0001:0002e7fa       _SV_MulticastOld           0042f7fa f   sv_send.obj
 0001:0002e80d       _SV_StartSound             0042f80d f   sv_send.obj
 0001:0002ea67       _SV_StartSoundOld          0042fa67 f   sv_send.obj
 0001:0002ea97       _SV_StartSoundNew          0042fa97 f   sv_send.obj
 0001:0002eac7       _SV_SendClientDatagram     0042fac7 f   sv_send.obj
 0001:0002eb9b       _SV_DemoCompleted          0042fb9b f   sv_send.obj
 0001:0002ebb7       _SV_RateDrop               0042fbb7 f   sv_send.obj
 0001:0002ec02       _SV_SendClientMessages     0042fc02 f   sv_send.obj
 0001:0002ed5f       _SV_BeginDemoserver        0042fd5f f   sv_user.obj
 0001:0002edaf       _SV_New_f                  0042fdaf f   sv_user.obj
 0001:0002ef24       _SV_Configstrings_f        0042ff24 f   sv_user.obj
 0001:0002f071       _SV_Baselines_f            00430071 f   sv_user.obj
 0001:0002f1d9       _SV_Begin_f                004301d9 f   sv_user.obj
 0001:0002f236       _SV_NextDownload_f         00430236 f   sv_user.obj
 0001:0002f30a       _SV_BeginDownload_f        0043030a f   sv_user.obj
 0001:0002f541       _SV_Disconnect_f           00430541 f   sv_user.obj
 0001:0002f54e       _SV_ShowServerinfo_f       0043054e f   sv_user.obj
 0001:0002f55b       _SV_Nextserver             0043055b f   sv_user.obj
 0001:0002f5ba       _SV_Nextserver_f           004305ba f   sv_user.obj
 0001:0002f601       _SV_ExecuteUserCommand     00430601 f   sv_user.obj
 0001:0002f66e       _SV_ClientThink            0043066e f   sv_user.obj
 0001:0002f6b1       _SV_ExecuteClientMessage   004306b1 f   sv_user.obj
 0001:0002f8df       _SV_CreateAreaNode         004308df f   sv_world.obj
 0001:0002f9e6       _SV_ClearWorld             004309e6 f   sv_world.obj
 0001:0002fa13       _SV_UnlinkEdict            00430a13 f   sv_world.obj
 0001:0002fa38       _SV_LinkEdict              00430a38 f   sv_world.obj
 0001:0002fe74       _SV_AreaEdicts_r           00430e74 f   sv_world.obj
 0001:0002ff81       _SV_AreaEdicts             00430f81 f   sv_world.obj
 0001:0002ffc5       _SV_PointContents          00430fc5 f   sv_world.obj
 0001:00030067       _SV_HullForEntity          00431067 f   sv_world.obj
 0001:000300aa       _SV_ClipMoveToEntities     004310aa f   sv_world.obj
 0001:00030229       _SV_TraceBounds            00431229 f   sv_world.obj
 0001:000302a1       _SV_Trace                  004312a1 f   sv_world.obj
 0001:0003038c       _Sys_Error                 0043138c f   sys_win.obj
 0001:000303e9       _Sys_Quit                  004313e9 f   sys_win.obj
 0001:00030429       _Sys_ScanForCD             00431429 f   sys_win.obj
 0001:000304df       _Sys_Init                  004314df f   sys_win.obj
 0001:000308fe       _Sys_ConsoleInput          004318fe f   sys_win.obj
 0001:00030a5e       _Sys_ConsoleOutput         00431a5e f   sys_win.obj
 0001:00030b0f       _Sys_SendKeyEvents         00431b0f f   sys_win.obj
 0001:00030b78       _Sys_GetClipboardData      00431b78 f   sys_win.obj
 0001:00030bd1       _Sys_AppActivate           00431bd1 f   sys_win.obj
 0001:00030bec       _Sys_UnloadGame            00431bec f   sys_win.obj
 0001:00030c11       _Sys_GetGameAPI            00431c11 f   sys_win.obj
 0001:00030cfe       _ParseCommandLine          00431cfe f   sys_win.obj
 0001:00030d73       _WinMain@16                00431d73 f   sys_win.obj
 0001:00030ea3       _AppActivate               00431ea3 f   vid_dll.obj
 0001:00030fd8       _MainWndProc@16            00431fd8 f   vid_dll.obj
 0001:000313c2       _Vid_GetModeInfo           004323c2 f   vid_dll.obj
 0001:000313f1       _Vid_UpdateWindowPosAndSize 004323f1 f   vid_dll.obj
 0001:00031458       _Vid_NewWindow             00432458 f   vid_dll.obj
 0001:00031475       _Vid_FreeReflib            00432475 f   vid_dll.obj
 0001:000314b6       _Vid_LoadRefresh           004324b6 f   vid_dll.obj
 0001:0003172b       _Vid_CheckChanges          0043272b f   vid_dll.obj
 0001:00031888       _Vid_Init                  00432888 f   vid_dll.obj
 0001:000318ef       _Vid_Shutdown              004328ef f   vid_dll.obj
 0001:00031915       _Vid_MenuInit              00432915 f   vid_menu.obj
 0001:00032050       _Vid_MenuDraw              00433050 f   vid_menu.obj
 0001:000320e4       _Vid_MenuKey               004330e4 f   vid_menu.obj
 0001:00032491       _GL_ClearBuffers           00433491 f   gl_backend.obj
 0001:000324a0       _GL_ClearPortal            004334a0 f   gl_backend.obj
 0001:000324bc       _GL_AddSurfaceToPortal     004334bc f   gl_backend.obj
 0001:0003250d       _GL_InsertShaderIndex      0043350d f   gl_backend.obj
 0001:0003255d       _GL_FinishPortal           0043355d f   gl_backend.obj
 0001:000325b2       _GL_BackEnd                004335b2 f   gl_backend.obj
 0001:00034e6a       _GL_InitBackend            00435e6a f   gl_backend.obj
 0001:00035076       _GL_ShutdownBackend        00436076 f   gl_backend.obj
 0001:000350c3       _GL_Bind                   004360c3 f   gl_image.obj
 0001:0003515a       _GL_SelectTexture          0043615a f   gl_image.obj
 0001:000351ab       _GL_CullFace               004361ab f   gl_image.obj
 0001:000351ee       _GL_TexEnv                 004361ee f   gl_image.obj
 0001:00035251       _GL_State                  00436251 f   gl_image.obj
 0001:000353be       _GL_TextureMode            004363be f   gl_image.obj
 0001:00035472       _GL_CreateImage            00436472 f   gl_image.obj
 0001:00035f51       _GL_SetRawPalette          00436f51 f   gl_image.obj
 0001:00035f82       _GL_DrawStretchRaw         00436f82 f   gl_image.obj
 0001:00036235       _GL_SetupGamma             00437235 f   gl_image.obj
 0001:000363d3       _GL_InitImages             004373d3 f   gl_image.obj
 0001:00036c32       _GL_ShutdownImages         00437c32 f   gl_image.obj
 0001:00036cb9       _GL_ShowImages             00437cb9 f   gl_image.obj
 0001:00036e77       _GL_FindImage              00437e77 f   gl_image.obj
 0001:0003713e       _GL_SetMode                0043813e f   gl_main.obj
 0001:0003721b       _GL_SetDefaultState        0043821b f   gl_main.obj
 0001:00037325       _GL_Set2DMode              00438325 f   gl_main.obj
 0001:000373f5       _GL_SetColorB              004383f5 f   gl_main.obj
 0001:00037441       _GL_DrawStretchPic         00438441 f   gl_main.obj
 0001:00037508       _FindPic                   00438508 f   gl_main.obj
 0001:00037550       _DrawTextPos               00438550 f   gl_main.obj
 0001:0003761f       _DrawTextLeft              0043861f f   gl_main.obj
 0001:0003765b       _DrawTextRight             0043865b f   gl_main.obj
 0001:000376ac       _GL_GetRefAPI              004386ac f   gl_main.obj
 0001:000389c0       _GL_FindModel              004399c0 f   gl_model.obj
 0001:00038ac2       _GL_UpdateDynamicLightmap  00439ac2 f   gl_model.obj
 0001:00038efa       _GL_LoadWorldMap           00439efa f   gl_model.obj
 0001:0003ab4b       _GL_PointInLeaf            0043bb4b f   gl_model.obj
 0001:0003b192       _GL_FindSkin               0043c192 f   gl_model.obj
 0001:0003b1a3       _GL_ResetModels            0043c1a3 f   gl_model.obj
 0001:0003b25f       _GL_InitModels             0043c25f f   gl_model.obj
 0001:0003b2cc       _GL_ShutdownModels         0043c2cc f   gl_model.obj
 0001:0003b2e8       _GL_InitShaders            0043c2e8 f   gl_shader.obj
 0001:0003b419       _GL_ShutdownShaders        0043c419 f   gl_shader.obj
 0001:0003b443       _GL_ResetShaders           0043c443 f   gl_shader.obj
 0001:0003b50c       _GL_SetShaderLightmap      0043c50c f   gl_shader.obj
 0001:0003b7d8       _GL_GetAlphaShader         0043c7d8 f   gl_shader.obj
 0001:0003ba4f       _GL_FindShader             0043ca4f f   gl_shader.obj
 0001:0003bef9       _GL_GetShaderByNum         0043cef9 f   gl_shader.obj
 0001:0003bf17       _GL_DrawWorld              0043cf17 f   gl_world.obj
 0001:0003c564       _GL_DrawEntities           0043d564 f   gl_world.obj
 0001:0003cb4b       _GL_AddEntity              0043db4b f   gl_world.obj
 0001:0003cd4f       _GL_CreateWindow           0043dd4f f   glw_imp.obj
 0001:0003ce94       _GLimp_SetMode             0043de94 f   glw_imp.obj
 0001:0003d10b       _GLimp_HasGamma            0043e10b f   glw_imp.obj
 0001:0003d120       _GLimp_SetGamma            0043e120 f   glw_imp.obj
 0001:0003d20f       _GLimp_Shutdown            0043e20f f   glw_imp.obj
 0001:0003d331       _GLimp_Init                0043e331 f   glw_imp.obj
 0001:0003d3f8       _GLimp_InitGL              0043e3f8 f   glw_imp.obj
 0001:0003d67e       _GLimp_EndFrame            0043e67e f   glw_imp.obj
 0001:0003d71a       _GLimp_AppActivate         0043e71a f   glw_imp.obj
 0001:0003ee0c       _QGL_Shutdown              0043fe0c f   qgl_win.obj
 0001:0003ee32       _QGL_Init                  0043fe32 f   qgl_win.obj
 0001:0003eeb6       _QGL_InitExtensions        0043feb6 f   qgl_win.obj
 0001:0003f0b1       _GLimp_EnableLogging       004400b1 f   qgl_win.obj
 0001:0003f17c       _GLimp_LogMessage          0044017c f   qgl_win.obj
 0001:0003f193       _Hunk_Begin                00440193 f   q_shwin.obj
 0001:0003f1cd       _Hunk_Alloc                004401cd f   q_shwin.obj
 0001:0003f254       _Hunk_End                  00440254 f   q_shwin.obj
 0001:0003f25a       _Hunk_Free                 0044025a f   q_shwin.obj
 0001:0003f273       _Sys_Milliseconds          00440273 f   q_shwin.obj
 0001:0003f2a7       _Sys_Mkdir                 004402a7 f   q_shwin.obj
 0001:0003f2b3       _Sys_FindFirst             004402b3 f   q_shwin.obj
 0001:0003f3d4       _Sys_FindNext              004403d4 f   q_shwin.obj
 0001:0003f446       _Sys_FindClose             00440446 f   q_shwin.obj
 0001:0003f460       _R_Alias_clip_z            00440460 f   r_aclip.obj
 0001:0003f50d       _R_Alias_clip_left         0044050d f   r_aclip.obj
 0001:0003f6db       _R_Alias_clip_right        004406db f   r_aclip.obj
 0001:0003f8a9       _R_Alias_clip_top          004408a9 f   r_aclip.obj
 0001:0003fa79       _R_Alias_clip_bottom       00440a79 f   r_aclip.obj
 0001:0003fc49       _R_AliasClip               00440c49 f   r_aclip.obj
 0001:0003fd19       _R_AliasClipTriangle       00440d19 f   r_aclip.obj
 0001:0003ff0b       _R_AliasCheckFrameBBox     00440f0b f   r_alias.obj
 0001:0004003e       _R_AliasCheckBBox          0044103e f   r_alias.obj
 0001:000400a2       _R_AliasTransformVector    004410a2 f   r_alias.obj
 0001:000400fe       _R_AliasPreparePoints      004410fe f   r_alias.obj
 0001:00040396       _R_AliasSetUpTransform     00441396 f   r_alias.obj
 0001:00040552       _R_AliasTransformFinalVerts 00441552 f   r_alias.obj
 0001:00040723       _R_AliasProjectAndClipTestFinalVert 00441723 f   r_alias.obj
 0001:000407ab       _R_AliasSetupLighting      004417ab f   r_alias.obj
 0001:0004091d       _R_AliasSetupFrames        0044191d f   r_alias.obj
 0001:00040991       _R_AliasSetUpLerpData      00441991 f   r_alias.obj
 0001:00040ab9       _R_AliasDrawModel          00441ab9 f   r_alias.obj
 0001:00040d40       _R_EntityRotate            00441d40 f   r_bsp.obj
 0001:00040daf       _R_RotateBmodel            00441daf f   r_bsp.obj
 0001:00040f0a       _R_RecursiveClipBPoly      00441f0a f   r_bsp.obj
 0001:0004123a       _R_DrawSolidClippedSubmodelPolygons 0044223a f   r_bsp.obj
 0001:000413c1       _R_DrawSubmodelPolygons    004423c1 f   r_bsp.obj
 0001:00041451       _R_RecursiveWorldNode      00442451 f   r_bsp.obj
 0001:000416ac       _R_RenderWorld             004426ac f   r_bsp.obj
 0001:00041727       _Draw_FindPic              00442727 f   r_draw.obj
 0001:0004176a       _Draw_InitLocal            0044276a f   r_draw.obj
 0001:0004177b       _Draw_Char                 0044277b f   r_draw.obj
 0001:0004185c       _Draw_CharColor            0044285c f   r_draw.obj
 0001:0004196b       _R_DrawTexts               0044296b f   r_draw.obj
 0001:000419e1       _DrawText_Pos              004429e1 f   r_draw.obj
 0001:00041aed       _DrawText_Left             00442aed f   r_draw.obj
 0001:00041b29       _DrawText_Right            00442b29 f   r_draw.obj
 0001:00041b78       _Draw_GetPicSize           00442b78 f   r_draw.obj
 0001:00041bb8       _Draw_StretchPicImplementation 00442bb8 f   r_draw.obj
 0001:00041ce2       _Draw_StretchPic           00442ce2 f   r_draw.obj
 0001:00041d1a       _Draw_StretchRaw           00442d1a f   r_draw.obj
 0001:00041d4c       _Draw_Pic                  00442d4c f   r_draw.obj
 0001:00041f05       _Draw_PicColor             00442f05 f   r_draw.obj
 0001:000420be       _Draw_TileClear            004430be f   r_draw.obj
 0001:0004218e       _Draw_Fill                 0044318e f   r_draw.obj
 0001:0004222a       _Draw_FadeScreen           0044322a f   r_draw.obj
 0001:00042277       _R_BeginEdgeFrame          00443277 f   r_edge.obj
 0001:00042333       _R_InsertNewEdges          00443333 f   r_edge.obj
 0001:00042379       _R_RemoveEdges             00443379 f   r_edge.obj
 0001:00042397       _R_StepActiveU             00443397 f   r_edge.obj
 0001:0004242b       _R_CleanupSpan             0044342b f   r_edge.obj
 0001:0004247b       _R_LeadingEdgeBackwards    0044347b f   r_edge.obj
 0001:00042510       _R_TrailingEdge            00443510 f   r_edge.obj
 0001:00042574       _R_LeadingEdge             00443574 f   r_edge.obj
 0001:00042717       _R_GenerateSpans           00443717 f   r_edge.obj
 0001:00042785       _R_GenerateSpansBackward   00443785 f   r_edge.obj
 0001:000427f3       _R_ScanEdges               004437f3 f   r_edge.obj
 0001:000429ca       _D_FlatFillSurface         004439ca f   r_edge.obj
 0001:00042a24       _D_CalcGradients           00443a24 f   r_edge.obj
 0001:00042c3b       _D_BackgroundSurf          00443c3b f   r_edge.obj
 0001:00042c7b       _D_TurbulentSurf           00443c7b f   r_edge.obj
 0001:00042dd4       _D_SkySurf                 00443dd4 f   r_edge.obj
 0001:00042e55       _D_SolidSurf               00443e55 f   r_edge.obj
 0001:00042ff7       _D_DrawflatSurfaces        00443ff7 f   r_edge.obj
 0001:00043047       _D_DrawSurfaces            00444047 f   r_edge.obj
 0001:00043154       _R_ImageList_f             00444154 f   r_image.obj
 0001:00043215       _R_FindFreeImage           00444215 f   r_image.obj
 0001:00043263       _R_LoadPic                 00444263 f   r_image.obj
 0001:000432f3       _R_LoadTex                 004442f3 f   r_image.obj
 0001:0004337f       _R_LoadWal                 0044437f f   r_image.obj
 0001:000433d5       _R_MipMap                  004443d5 f   r_image.obj
 0001:00043503       _R_DownsampleImage         00444503 f   r_image.obj
 0001:00043608       _R_FindImage               00444608 f   r_image.obj
 0001:000439ad       _R_RegisterSkin            004449ad f   r_image.obj
 0001:000439bb       _R_FreeUnusedImages        004449bb f   r_image.obj
 0001:00043a1b       _R_InitImages              00444a1b f   r_image.obj
 0001:00043a81       _R_ShutdownImages          00444a81 f   r_image.obj
 0001:00043abe       _R_MarkLights              00444abe f   r_light.obj
 0001:00043b8d       _R_PushDlights             00444b8d f   r_light.obj
 0001:00043be2       _RecursiveLightPoint       00444be2 f   r_light.obj
 0001:00043e8b       _R_LightPoint              00444e8b f   r_light.obj
 0001:00043fc0       _R_AddDynamicLights        00444fc0 f   r_light.obj
 0001:00044246       _R_BuildLightMap           00445246 f   r_light.obj
 0001:0004433c       _R_InitTextures            0044533c f   r_main.obj
 0001:000443fd       _R_InitTurb                004453fd f   r_main.obj
 0001:0004447a       _R_Register                0044547a f   r_main.obj
 0001:000444f1       _R_UnRegister              004454f1 f   r_main.obj
 0001:00044515       _R_Init                    00445515 f   r_main.obj
 0001:000445b0       _R_Shutdown                004455b0 f   r_main.obj
 0001:00044613       _R_NewMap                  00445613 f   r_main.obj
 0001:000446bd       _R_MarkLeaves              004456bd f   r_main.obj
 0001:000447e4       _R_DrawEntitiesOnList      004457e4 f   r_main.obj
 0001:00044a0c       _R_BmodelCheckBBox         00445a0c f   r_main.obj
 0001:00044abe       _R_FindTopnode             00445abe f   r_main.obj
 0001:00044b46       _RotatedBBox               00445b46 f   r_main.obj
 0001:00044cb4       _R_DrawBEntitiesOnList     00445cb4 f   r_main.obj
 0001:00044f01       _R_EdgeDrawing             00445f01 f   r_main.obj
 0001:00044fd6       _R_CalcPalette             00445fd6 f   r_main.obj
 0001:000450db       _R_SetLightLevel           004460db f   r_main.obj
 0001:00045129       _R_RenderFrame             00446129 f   r_main.obj
 0001:00045311       _R_InitGraphics            00446311 f   r_main.obj
 0001:00045387       _R_BeginFrame              00446387 f   r_main.obj
 0001:000454aa       _R_GammaCorrectAndSetPalette 004464aa f   r_main.obj
 0001:00045509       _R_CinematicSetPalette     00446509 f   r_main.obj
 0001:000455a0       _Draw_BuildGammaTable      004465a0 f   r_main.obj
 0001:0004564b       _R_DrawBeam                0044664b f   r_main.obj
 0001:000457b1       _R_SetSky                  004467b1 f   r_main.obj
 0001:00045839       _Draw_GetPalette           00446839 f   r_main.obj
 0001:00045981       _Draw_ConCharColor         00446981 f   r_main.obj
 0001:000459a2       _GetRefAPI                 004469a2 f   r_main.obj
 0001:00045ae9       _D_ViewChanged             00446ae9 f   r_misc.obj
 0001:00045c45       _R_PrintTimes              00446c45 f   r_misc.obj
 0001:00045cbf       _R_PrintDSpeeds            00446cbf f   r_misc.obj
 0001:00045d86       _R_PrintAliasStats         00446d86 f   r_misc.obj
 0001:00045d99       _R_TransformFrustum        00446d99 f   r_misc.obj
 0001:00045e58       _TransformVector           00446e58 f   r_misc.obj
 0001:00045ec3       _R_SetUpFrustumIndexes     00446ec3 f   r_misc.obj
 0001:00045f28       _R_ViewChanged             00446f28 f   r_misc.obj
 0001:00046237       _R_SetupFrame              00447237 f   r_misc.obj
 0001:00046466       _WritePCXfile              00447466 f   r_misc.obj
 0001:00046588       _R_ScreenShot_f            00447588 f   r_misc.obj
 0001:000466a8       _Mod_Modellist_f           004476a8 f   r_model.obj
 0001:00046706       _Mod_Init                  00447706 f   r_model.obj
 0001:0004671e       _Mod_ForName               0044771e f   r_model.obj
 0001:00046956       _Mod_PointInLeaf           00447956 f   r_model.obj
 0001:000469b8       _Mod_DecompressVis         004479b8 f   r_model.obj
 0001:00046a38       _Mod_ClusterPVS            00447a38 f   r_model.obj
 0001:00046a65       _Mod_LoadLighting          00447a65 f   r_model.obj
 0001:00046ae4       _R_NumberLeafs             00447ae4 f   r_model.obj
 0001:00046b32       _Mod_LoadVertexes          00447b32 f   r_model.obj
 0001:00046b74       _Mod_LoadEdges             00447b74 f   r_model.obj
 0001:00046bc2       _Mod_LoadTexinfo           00447bc2 f   r_model.obj
 0001:00046d2a       _CalcSurfaceExtents        00447d2a f   r_model.obj
 0001:00046e95       _Mod_LoadFaces             00447e95 f   r_model.obj
 0001:00046ffc       _Mod_SetParent             00447ffc f   r_model.obj
 0001:00047021       _Mod_LoadNodes             00448021 f   r_model.obj
 0001:00047117       _Mod_LoadLeafs             00448117 f   r_model.obj
 0001:000471c0       _Mod_LoadMarksurfaces      004481c0 f   r_model.obj
 0001:0004723c       _Mod_LoadSurfedges         0044823c f   r_model.obj
 0001:0004727b       _Mod_LoadPlanes            0044827b f   r_model.obj
 0001:000472e3       _Mod_LoadBrushModel        004482e3 f   r_model.obj
 0001:000474f6       _Mod_LoadAliasModel        004484f6 f   r_model.obj
 0001:00047771       _Mod_LoadSpriteModel       00448771 f   r_model.obj
 0001:00047858       _R_BeginRegistration       00448858 f   r_model.obj
 0001:000478e8       _R_RegisterModel           004488e8 f   r_model.obj
 0001:000479e0       _R_EndRegistration         004489e0 f   r_model.obj
 0001:00047a4b       _Mod_FreeAll               00448a4b f   r_model.obj
 0001:00047a90       _R_DrawParticle            00448a90 f   r_part.obj
 0001:00047d19       _R_DrawParticles           00448d19 f   r_part.obj
 0001:00047dc4       _R_DrawSpanletOpaque       00448dc4 f   r_poly.obj
 0001:00047e54       _R_DrawSpanletTurbulentStipple33 00448e54 f   r_poly.obj
 0001:00047f7f       _R_DrawSpanletTurbulentStipple66 00448f7f f   r_poly.obj
 0001:00048160       _R_DrawSpanletTurbulentBlended66 00449160 f   r_poly.obj
 0001:00048215       _R_DrawSpanletTurbulentBlended33 00449215 f   r_poly.obj
 0001:000482ca       _R_DrawSpanlet33           004492ca f   r_poly.obj
 0001:00048364       _R_DrawSpanletConstant33   00449364 f   r_poly.obj
 0001:000483bd       _R_DrawSpanlet66           004493bd f   r_poly.obj
 0001:0004845b       _R_DrawSpanlet33Stipple    0044945b f   r_poly.obj
 0001:00048576       _R_DrawSpanlet66Stipple    00449576 f   r_poly.obj
 0001:00048707       _R_ClipPolyFace            00449707 f   r_poly.obj
 0001:00048878       _R_PolygonDrawSpans        00449878 f   r_poly.obj
 0001:00048c00       _R_PolygonScanLeftEdge     00449c00 f   r_poly.obj
 0001:00048d34       _R_PolygonScanRightEdge    00449d34 f   r_poly.obj
 0001:00048f24       _R_ClipAndDrawPoly         00449f24 f   r_poly.obj
 0001:00049126       _R_BuildPolygonFromSurface 0044a126 f   r_poly.obj
 0001:00049368       _R_PolygonCalculateGradients 0044a368 f   r_poly.obj
 0001:00049621       _R_DrawAlphaSurfaces       0044a621 f   r_poly.obj
 0001:000496b7       _R_IMFlatShadedQuad        0044a6b7 f   r_poly.obj
 0001:00049832       _R_InitAdivtab             0044a832 f   r_polyse.obj
 0001:0004989d       _R_PolysetUpdateTables     0044a89d f   r_polyse.obj
 0001:000498d8       _R_DrawTriangle            0044a8d8 f   r_polyse.obj
 0001:000499e9       _R_PolysetScanLeftEdge_C   0044a9e9 f   r_polyse.obj
 0001:00049bb3       _FloorDivMod               0044abb3 f   r_polyse.obj
 0001:00049c4f       _R_PolysetSetUpForLineScan 0044ac4f f   r_polyse.obj
 0001:00049cdd       _R_PolysetCalcGradients    0044acdd f   r_polyse.obj
 0001:00049ee8       _R_PolysetDrawSpans8_33    0044aee8 f   r_polyse.obj
 0001:0004a018       _R_PolysetDrawSpansConstant8_33 0044b018 f   r_polyse.obj
 0001:0004a0b2       _R_PolysetDrawSpans8_66    0044b0b2 f   r_polyse.obj
 0001:0004a1ee       _R_PolysetDrawSpansConstant8_66 0044b1ee f   r_polyse.obj
 0001:0004a296       _R_PolysetDrawSpans8_Opaque 0044b296 f   r_polyse.obj
 0001:0004a3e1       _R_RasterizeAliasPolySmooth 0044b3e1 f   r_polyse.obj
 0001:0004a9c1       _R_PolysetSetEdgeTable     0044b9c1 f   r_polyse.obj
 0001:0004aa5c       _R_InitSkyBox              0044ba5c f   r_rast.obj
 0001:0004ace3       _R_EmitSkyBox              0044bce3 f   r_rast.obj
 0001:0004adf6       _R_EmitEdge                0044bdf6 f   r_rast.obj
 0001:0004b1ca       _R_ClipEdge                0044c1ca f   r_rast.obj
 0001:0004b378       _R_EmitCachedEdge          0044c378 f   r_rast.obj
 0001:0004b3cf       _R_RenderFace              0044c3cf f   r_rast.obj
 0001:0004b796       _R_RenderBmodelFace        0044c796 f   r_rast.obj
 0001:0004b9ff       _D_WarpScreen              0044c9ff f   r_scan.obj
 0001:0004bba7       _D_DrawTurbulent8Span      0044cba7 f   r_scan.obj
 0001:0004bc2b       _Turbulent8                0044cc2b f   r_scan.obj
 0001:0004beff       _NonTurbulent8             0044ceff f   r_scan.obj
 0001:0004c1bd       _D_DrawSpans16             0044d1bd f   r_scan.obj
 0001:0004c457       _D_DrawZSpans              0044d457 f   r_scan.obj
 0001:0004c514       _R_DrawSprite              0044d514 f   r_sprite.obj
 0001:0004c7e2       _R_TextureAnimation        0044d7e2 f   r_surf.obj
 0001:0004c806       _R_DrawSurface             0044d806 f   r_surf.obj
 0001:0004c96b       _R_DrawSurfaceBlock8_mip0  0044d96b f   r_surf.obj
 0001:0004ca6a       _R_DrawSurfaceBlock8_mip1  0044da6a f   r_surf.obj
 0001:0004cb69       _R_DrawSurfaceBlock8_mip2  0044db69 f   r_surf.obj
 0001:0004cc68       _R_DrawSurfaceBlock8_mip3  0044dc68 f   r_surf.obj
 0001:0004cd64       _R_InitCaches              0044dd64 f   r_surf.obj
 0001:0004cde5       _D_FlushCaches             0044dde5 f   r_surf.obj
 0001:0004ce2a       _D_SCAlloc                 0044de2a f   r_surf.obj
 0001:0004cfbe       _D_CacheSurface            0044dfbe f   r_surf.obj
 0001:0004d155       _DDRAW_Init                0044e155 f   rw_ddraw.obj
 0001:0004d565       _DDRAW_SetPalette          0044e565 f   rw_ddraw.obj
 0001:0004d5ce       _DDRAW_Shutdown            0044e5ce f   rw_ddraw.obj
 0001:0004dc19       _DIB_Init                  0044ec19 f   rw_dib.obj
 0001:0004ddfe       _DIB_SetPalette            0044edfe f   rw_dib.obj
 0001:0004dfc2       _DIB_Shutdown              0044efc2 f   rw_dib.obj
 0001:0004e0bb       _Vid_CreateWindow          0044f0bb f   rw_imp.obj
 0001:0004e1f0       _SWimp_Init                0044f1f0 f   rw_imp.obj
 0001:0004e206       _SWimp_EndFrame            0044f206 f   rw_imp.obj
 0001:0004e372       _SWimp_SetMode             0044f372 f   rw_imp.obj
 0001:0004e490       _SWimp_SetPalette          0044f490 f   rw_imp.obj
 0001:0004e4b5       _SWimp_Shutdown            0044f4b5 f   rw_imp.obj
 0001:0004e511       _SWimp_AppActivate         0044f511 f   rw_imp.obj
 0001:0004e554       _adler32                   0044f554 f   adler32.obj
 0001:0004e66d       _crc32                     0044f66d f   crc32.obj
 0001:0004e783       _inflate_blocks_reset      0044f783 f   infblock.obj
 0001:0004e7ee       _inflate_blocks_new        0044f7ee f   infblock.obj
 0001:0004e879       _inflate_blocks            0044f879 f   infblock.obj
 0001:0004f090       _inflate_blocks_free       00450090 f   infblock.obj
 0001:0004f0c4       _inflate_codes_new         004500c4 f   infcodes.obj
 0001:0004f0f8       _inflate_codes             004500f8 f   infcodes.obj
 0001:0004f6b6       _inflate_codes_free        004506b6 f   infcodes.obj
 0001:0004f6c7       _inflate_fast              004506c7 f   inffast.obj
 0001:0004f992       _inflateReset              00450992 f   inflate.obj
 0001:0004f9d1       _inflateEnd                004509d1 f   inflate.obj
 0001:0004fa0f       _inflateInit2_             00450a0f f   inflate.obj
 0001:0004faf9       _inflate                   00450af9 f   inflate.obj
 0001:0004fe5c       _inflate_trees_bits        00450e5c f   inftrees.obj
[...]
 0001:00032035       _CancelChanges             00433035 f   vid_menu.obj
 0001:000321c4       _ApplyChanges              004331c4 f   vid_menu.obj
 0001:00030f4d       _WIN_DisableAltTab         00431f4d f   vid_dll.obj
 0001:00030f99       _WIN_EnableAltTab          00431f99 f   vid_dll.obj
 0001:000312e7       _MapKey                    004322e7 f   vid_dll.obj
 0001:000388f1       _D_RenderFrame             004398f1 f   gl_main.obj
 0001:000388f1       _D_BeginRegistration       004398f1 f   gl_main.obj
 0001:00057d46       _D_RegisterModel           00458d46 f   jdcoefct.obj
 0001:00057d46       _D_RegisterSkin            00458d46 f   jdcoefct.obj
 0001:00057d46       _D_FindPic                 00458d46 f   jdcoefct.obj
 0001:000388f1       _D_SetSky                  004398f1 f   gl_main.obj
 0001:000388f1       _D_EndRegistration         004398f1 f   gl_main.obj
 0001:00031714       _D_Draw_GetPicSize         00432714 f   vid_dll.obj
 0001:000388f1       _D_Draw_PicColor           004398f1 f   gl_main.obj
 0001:000388f1       _D_Draw_StretchPic         004398f1 f   gl_main.obj
 0001:000388f1       _D_Draw_CharColor          004398f1 f   gl_main.obj
 0001:000388f1       _D_Draw_TileClear          004398f1 f   gl_main.obj
 0001:000388f1       _D_Draw_Fill               004398f1 f   gl_main.obj
 0001:000388f1       _D_Draw_FadeScreen         004398f1 f   gl_main.obj
 0001:000388f1       _D_DrawTextPos             004398f1 f   gl_main.obj
 0001:000388f1       _D_DrawTextSide            004398f1 f   gl_main.obj
 0001:000388f1       _D_Draw_StretchRaw         004398f1 f   gl_main.obj
 0001:000388f1       _D_SetPalette              004398f1 f   gl_main.obj
 0001:000318c5       _Vid_Restart_f             004328c5 f   vid_dll.obj
 0001:000318d2       _Vid_Front_f               004328d2 f   vid_dll.obj
 0001:000305a9       _ExceptionFilter@4         004315a9 f   sys_win.obj
 0001:0003081b       _DumpReg4                  0043181b f   sys_win.obj
 0001:000308b3       _DumpMem                   004318b3 f   sys_win.obj
 0001:0002c10d       _PF_Unicast                0042d10d f   sv_game.obj
 0001:0002c179       _PF_dprintf                0042d179 f   sv_game.obj
 0001:0002c1ac       _PF_cprintf                0042d1ac f   sv_game.obj
 0001:0002c243       _PF_centerprintf           0042d243 f   sv_game.obj
 0001:0002c2ab       _PF_error                  0042d2ab f   sv_game.obj
 0001:0002c2e0       _PF_setmodel               0042d2e0 f   sv_game.obj
 0001:0002c351       _PF_Configstring           0042d351 f   sv_game.obj
 0001:0002c3d1       _PF_WriteChar              0042d3d1 f   sv_game.obj
 0001:0002c3d1       _PF_WriteByte              0042d3d1 f   sv_game.obj
 0001:0002c3e2       _PF_WriteShort             0042d3e2 f   sv_game.obj
 0001:0002c3f3       _PF_WriteLong              0042d3f3 f   sv_game.obj
 0001:0002c404       _PF_WriteFloat             0042d404 f   sv_game.obj
 0001:0002c419       _PF_WriteString            0042d419 f   sv_game.obj
 0001:0002c42a       _PF_WritePos               0042d42a f   sv_game.obj
 0001:0002c43b       _PF_WriteDir               0042d43b f   sv_game.obj
 0001:0002c44c       _PF_WriteAngle             0042d44c f   sv_game.obj
 0001:0002c461       _PF_inPVS                  0042d461 f   sv_game.obj
 0001:0002c4d9       _PF_inPHS                  0042d4d9 f   sv_game.obj
 0001:0002c551       _PF_StartSound             0042d551 f   sv_game.obj
 0001:0002c584       _PF_TagMalloc              0042d584 f   sv_game.obj
 0001:0002c596       _PF_Cvar_Get               0042d596 f   sv_game.obj
 0001:00029765       _DS_DestroyBuffers         0042a765 f   snd_win.obj
 0001:0002994e       _DS_CreateBuffers          0042a94e f   snd_win.obj
 0001:00026e78       _Menu_MakeVisible          00427e78 f   qmenu.obj
 0001:00026f02       _Menu_CompletelyVisible    00427f02 f   qmenu.obj
 0001:00026faa       _strlen_color              00427faa f   qmenu.obj
 0001:00027158       _Action_Draw               00428158 f   qmenu.obj
 0001:000271d3       _Menu_ItemVisible          004281d3 f   qmenu.obj
 0001:0002721c       _Menu_DrawStatusBar        0042821c f   qmenu.obj
 0001:00027391       _MenuList_Draw             00428391 f   qmenu.obj
 0001:00027419       _DrawCaption               00428419 f   qmenu.obj
 0001:00027458       _Separator_Draw            00428458 f   qmenu.obj
 0001:000274a9       _Slider_DoSlide            004284a9 f   qmenu.obj
 0001:000274e0       _Slider_Draw               004284e0 f   qmenu.obj
 0001:000275d3       _SpinControl_DoSlide       004285d3 f   qmenu.obj
 0001:00027602       _SpinControl_Draw          00428602 f   qmenu.obj
 0001:000276dd       _SpinControl2_DoSlide      004286dd f   qmenu.obj
 0001:0002771e       _SpinControl2_Draw         0042871e f   qmenu.obj
 0001:00023f4b       _StepSlideMove             00424f4b f   pmove.obj
 0001:0002413a       _StepSlideMove_            0042513a f   pmove.obj
 0001:000243bc       _ClipVelocity              004253bc f   pmove.obj
 0001:00024425       _Friction                  00425425 f   pmove.obj
 0001:00024530       _WaterMove                 00425530 f   pmove.obj
 0001:00024618       _Accelerate                00425618 f   pmove.obj
 0001:00024684       _AddCurrents               00425684 f   pmove.obj
 0001:00024913       _AirMove                   00425913 f   pmove.obj
 0001:00024b6e       _AirAccelerate             00425b6e f   pmove.obj
 0001:00024bf4       _CatagorizePosition        00425bf4 f   pmove.obj
 0001:00024e4a       _CheckJump                 00425e4a f   pmove.obj
 0001:00024f11       _CheckSpecialMovement      00425f11 f   pmove.obj
 0001:00025074       _FlyMove                   00426074 f   pmove.obj
 0001:000252da       _CheckDuck                 004262da f   pmove.obj
 0001:0002540f       _DeadMove                  0042640f f   pmove.obj
 0001:0002547b       _SnapPosition              0042647b f   pmove.obj
 0001:000255f1       _GoodPosition              004265f1 f   pmove.obj
 0001:00025667       _InitialSnapPosition       00426667 f   pmove.obj
 0001:00025780       _ClampAngles               00426780 f   pmove.obj
 0001:00023a54       _NET_ErrorString           00424a54 f   net_wins.obj
 0001:0001e21b       _Multiplayer_MenuDraw      0041f21b f   menu.obj
 0001:0001e23e       _M_Banner                  0041f23e f   menu.obj
 0001:0001e280       _Multiplayer_MenuInit      0041f280 f   menu.obj
 0001:0001e36e       _Multiplayer_MenuKey       0041f36e f   menu.obj
 0001:0001e39f       _Keys_MenuInit             0041f39f f   menu.obj
 0001:0001e539       _KeyCursorDrawFunc         0041f539 f   menu.obj
 0001:0001e57a       _DrawKeyBindingFunc        0041f57a f   menu.obj
 0001:0001e652       _M_FindKeysForCommand      0041f652 f   menu.obj
 0001:0001e6a2       _SeekLine                  0041f6a2 f   menu.obj
 0001:0001e6c9       _AppendToken               0041f6c9 f   menu.obj
 0001:0001e6f3       _Keys_MenuDraw             0041f6f3 f   menu.obj
 0001:0001e70c       _Keys_MenuKey              0041f70c f   menu.obj
 0001:0001e7c1       _M_UnbindCommand           0041f7c1 f   menu.obj
 0001:0001e80d       _KeyBindingFunc            0041f80d f   menu.obj
 0001:0001e87f       _Options_MenuInit          0041f87f f   menu.obj
 0001:0001ecdd       _CrosshairFunc             0041fcdd f   menu.obj
 0001:0001ed01       _JoystickFunc              0041fd01 f   menu.obj
 0001:0001ed14       _CustomizeControlsFunc     0041fd14 f   menu.obj
 0001:0001ed19       _AlwaysRunFunc             0041fd19 f   menu.obj
 0001:0001ed2c       _FreeLookFunc              0041fd2c f   menu.obj
 0001:0001ed3f       _MouseSpeedFunc            0041fd3f f   menu.obj
 0001:0001ed5c       _ControlsSetMenuItemValues 0041fd5c f   menu.obj
 0001:0001eef6       _ControlsResetDefaultsFunc 0041fef6 f   menu.obj
 0001:0001ef0b       _InvertMouseFunc           0041ff0b f   menu.obj
 0001:0001ef26       _LookspringFunc            0041ff26 f   menu.obj
 0001:0001ef42       _LookstrafeFunc            0041ff42 f   menu.obj
 0001:0001ef5e       _UpdateVolumeFunc          0041ff5e f   menu.obj
 0001:0001ef7b       _UpdateCDVolumeFunc        0041ff7b f   menu.obj
 0001:0001ef94       _ConsoleFunc               0041ff94 f   menu.obj
 0001:0001efc3       _UpdateSoundQualityFunc    0041ffc3 f   menu.obj
 0001:0001f04c       _Options_ScanCrosshairs    0042004c f   menu.obj
 0001:0001f09f       _Options_MenuDraw          0042009f f   menu.obj
 0001:0001f0c7       _Options_CrosshairDraw     004200c7 f   menu.obj
 0001:0001f14d       _Options_MenuKey           0042014d f   menu.obj
 0001:0001f231       _M_Credits_MenuDraw        00420231 f   menu.obj
 0001:0001f319       _M_Credits_Key             00420319 f   menu.obj
 0001:0001f375       _Game_MenuInit             00420375 f   menu.obj
 0001:0001f522       _EasyGameFunc              00420522 f   menu.obj
 0001:0001f538       _StartGame                 00420538 f   menu.obj
 0001:0001f57d       _MediumGameFunc            0042057d f   menu.obj
 0001:0001f593       _HardGameFunc              00420593 f   menu.obj
 0001:0001f5a9       _Game_MenuDraw             004205a9 f   menu.obj
 0001:0001f5cc       _Game_MenuKey              004205cc f   menu.obj
 0001:0001f5fd       _LoadGame_MenuInit         004205fd f   menu.obj
 0001:0001f693       _Create_Savestrings        00420693 f   menu.obj
 0001:0001f715       _LoadGameCallback          00420715 f   menu.obj
 0001:0001f73f       _LoadGame_MenuDraw         0042073f f   menu.obj
 0001:0001f757       _LoadGame_MenuKey          00420757 f   menu.obj
 0001:0001f7b7       _SaveGame_MenuDraw         004207b7 f   menu.obj
 0001:0001f7da       _SaveGame_MenuInit         004207da f   menu.obj
 0001:0001f862       _SaveGameCallback          00420862 f   menu.obj
 0001:0001f881       _SaveGame_MenuKey          00420881 f   menu.obj
 0001:0001f961       _JoinServer_MenuInit       00420961 f   menu.obj
 0001:0001fab2       _JoinServerFunc            00420ab2 f   menu.obj
 0001:0001fb2f       _SearchLocalGames          00420b2f f   menu.obj
 0001:0001fb9b       _JoinServer_MenuDraw       00420b9b f   menu.obj
 0001:0001fbb3       _JoinServer_MenuKey        00420bb3 f   menu.obj
 0001:0001fbe4       _StartServer_MenuInit      00420be4 f   menu.obj
 0001:00020094       _DMOptionsFunc             00421094 f   menu.obj
 0001:000200a3       _RulesChangeFunc           004210a3 f   menu.obj
 0001:0002010c       _StartServerActionFunc     0042110c f   menu.obj
 0001:00020138       _StartServerFunc           00421138 f   menu.obj
 0001:000203a3       _StartServer_MenuDraw      004213a3 f   menu.obj
 0001:000203af       _StartServer_MenuKey       004213af f   menu.obj
 0001:0002040e       _DMOptions_MenuInit        0042140e f   menu.obj
 0001:000209a2       _DMFlagCallback            004219a2 f   menu.obj
 0001:00020b8d       _DMOptions_MenuDraw        00421b8d f   menu.obj
 0001:00020b99       _DMOptions_MenuKey         00421b99 f   menu.obj
 0001:00020bca       _DownloadOptions_MenuInit  00421bca f   menu.obj
 0001:00020db5       _DownloadCallback          00421db5 f   menu.obj
 0001:00020e14       _DownloadOptions_MenuDraw  00421e14 f   menu.obj
 0001:00020e20       _DownloadOptions_MenuKey   00421e20 f   menu.obj
 0001:00020e51       _AddressBook_MenuInit      00421e51 f   menu.obj
 0001:00020f10       _AddressBook_MenuKey       00421f10 f   menu.obj
 0001:00020f6e       _AddressBook_MenuDraw      00421f6e f   menu.obj
 0001:00020f86       _M_Menu_PlayerConfig_f     00421f86 f   menu.obj
 0001:00020fe0       _PlayerConfig_MenuInit     00421fe0 f   menu.obj
 0001:00021409       _HandednessCallback        00422409 f   menu.obj
 0001:0002141c       _RateCallback              0042241c f   menu.obj
 0001:0002143a       _ModelCallback             0042243a f   menu.obj
 0001:00021471       _PlayerConfig_ScanDirectories 00422471 f   menu.obj
 0001:00021639       _IconOfSkinExists          00422639 f   menu.obj
 0001:000216db       _PlayerConfig_MenuDraw     004226db f   menu.obj
 0001:00021950       _PlayerConfig_MenuKey      00422950 f   menu.obj
 0001:00021a24       _M_Menu_DMBrowse_f         00422a24 f   menu.obj
 0001:00021a67       _DMBrowse_MenuInit         00422a67 f   menu.obj
 0001:00021c2d       _DMBrowse_MenuKey          00422c2d f   menu.obj
 0001:00021dd0       _DMBrowse_MenuDraw         00422dd0 f   menu.obj
 0001:00021ef5       _DrawThumbnail             00422ef5 f   menu.obj
 0001:00021fcf       _M_Quit_Key                00422fcf f   menu.obj
 0001:0002200f       _M_Quit_Draw               0042300f f   menu.obj
 0001:0002215c       _M_Menu_Quit_f             0042315c f   menu.obj
 0001:0001d7ea       _AllocChain                0041e7ea f   memory.obj
 0001:0001dad3       _Z_Stats_f                 0041ead3 f   memory.obj
 0001:0001cfe1       _MD4Transform              0041dfe1 f   md4.obj
 0001:0001d5e3       _Encode                    0041e5e3 f   md4.obj
 0001:0001d628       _Decode                    0041e628 f   md4.obj
 0001:0001c5f4       _iswordsym                 0041d5f4 f   keys.obj
 0001:0001c95b       _Key_Unbind_f              0041d95b f   keys.obj
 0001:0001ca3e       _Key_Unbindall_f           0041da3e f   keys.obj
 0001:0001ca68       _Key_Bind_f                0041da68 f   keys.obj
 0001:0001b1bd       _IN_DeactivateMouse        0041c1bd f   in_win.obj
 0001:0001b1e9       _IN_FreeDirect             0041c1e9 f   in_win.obj
 0001:0001b24a       _IN_FreeWin32              0041c24a f   in_win.obj
 0001:0001b3cb       _IN_ActivateMouse          0041c3cb f   in_win.obj
 0001:0001b443       _IN_InitDirect             0041c443 f   in_win.obj
 0001:0001b57f       _IN_InitWin32              0041c57f f   in_win.obj
 0001:0001b69f       _IN_MouseMove              0041c69f f   in_win.obj
 0001:000388f1       _J_InitSource              004398f1 f   gl_main.obj
 0001:0001acc6       _J_FillInputBuffer         0041bcc6 f   images.obj
 0001:0001acee       _J_SkipInputData           0041bcee f   images.obj
 0001:000388f1       _J_TermSource              004398f1 f   gl_main.obj
 0001:0001ad06       _InitJpegError             0041bd06 f   images.obj
 0001:0001ad43       _J_ErrorExit               0041bd43 f   images.obj
 0001:0001ad52       _J_EmitMessage             0041bd52 f   images.obj
 0001:0001ad6f       _J_ResetErrorMgr           0041bd6f f   images.obj
 0001:00018b19       _FindPakFile               00419b19 f   files.obj
 0001:00018b88       _FindPakDirectory          00419b88 f   files.obj
 0001:00018c18       _FileLength                00419c18 f   files.obj
 0001:00019073       _FOpenCached               0041a073 f   files.obj
 0001:000192b3       _AddPakFile                0041a2b3 f   files.obj
 0001:00019352       _AddPakDirectory           0041a352 f   files.obj
 0001:00019430       _EnumZippedPak             0041a430 f   files.obj
 0001:000194a3       _ClearFileCache            0041a4a3 f   files.obj
 0001:000195ab       _AddDirFilesToList         0041a5ab f   files.obj
 0001:00019ae0       _ListPakDirectory          0041aae0 f   files.obj
 0001:00019c95       _InitResFiles              0041ac95 f   files.obj
 0001:00019d78       _FS_LoadPak_f              0041ad78 f   files.obj
 0001:00019e47       _TryLoadPak                0041ae47 f   files.obj
 0001:00019eb5       _FindPakStruc              0041aeb5 f   files.obj
 0001:00019f0a       _FS_UnloadPak_f            0041af0a f   files.obj
 0001:0001a0ae       _FS_Link_f                 0041b0ae f   files.obj
 0001:0001a17a       _FS_Dir_f                  0041b17a f   files.obj
 0001:0001a38b       _FS_Path_f                 0041b38b f   files.obj
 0001:0001a423       _FS_Cat_f                  0041b423 f   files.obj
 0001:0001a4e9       _FS_Type_f                 0041b4e9 f   files.obj
 0001:000178c4       _Cvar_FindVar              004188c4 f   cvar.obj
 0001:000178f9       _ComputeHash               004188f9 f   cvar.obj
 0001:00017ad3       _Cvar_SetString            00418ad3 f   cvar.obj
 0001:00017b69       _Cvar_InfoValidate         00418b69 f   cvar.obj
 0001:00017c71       _Cvar_Set2                 00418c71 f   cvar.obj
 0001:00017dcd       _Cvar_SetHardcoded         00418dcd f   cvar.obj
 0001:000181a6       _Cvar_Set_f                004191a6 f   cvar.obj
 0001:00018223       _Cvar_SetWithFlags         00419223 f   cvar.obj
 0001:00018268       _Cvar_Seta_f               00419268 f   cvar.obj
 0001:0001828a       _Cvar_Setu_f               0041928a f   cvar.obj
 0001:000182ac       _Cvar_Sets_f               004192ac f   cvar.obj
 0001:000182ce       _Cvar_Reset_f              004192ce f   cvar.obj
 0001:00018330       _Cvar_List_f               00419330 f   cvar.obj
 0001:0001841b       _Cvar_Add_f                0041941b f   cvar.obj
 0001:00018592       _Cvar_Scale_f              00419592 f   cvar.obj
 0001:00018605       _Cvar_Toggle_f             00419605 f   cvar.obj
 0001:00018668       _Cvar_Cycle_f              00419668 f   cvar.obj
 0001:00016c96       _Con_ToggleChat_f          00417c96 f   console.obj
 0001:00016cd6       _Con_Clear_f               00417cd6 f   console.obj
 0001:00016d2c       _Con_Dump_f                00417d2c f   console.obj
 0001:00016e3f       _Con_MessageMode_f         00417e3f f   console.obj
 0001:00016e51       _Con_MessageMode2_f        00417e51 f   console.obj
 0001:00016eea       _PlaceChar                 00417eea f   console.obj
 0001:0001708e       _FindLine                  0041808e f   console.obj
 0001:00017797       _Con_DrawInput             00418797 f   console.obj
 0001:0001237d       _CMod_LoadSubmodels        0041337d f   cmodel.obj
 0001:00012405       _CMod_LoadSurfaces         00413405 f   cmodel.obj
 0001:0001251f       _CMod_ReadSurfMaterials    0041351f f   cmodel.obj
 0001:0001265a       _CMod_LoadNodes            0041365a f   cmodel.obj
 0001:000126bc       _CMod_LoadBrushes          004136bc f   cmodel.obj
 0001:00012708       _CMod_LoadLeafs            00413708 f   cmodel.obj
 0001:000127d7       _CMod_LoadPlanes           004137d7 f   cmodel.obj
 0001:00012876       _CMod_LoadLeafBrushes      00413876 f   cmodel.obj
 0001:000128c1       _CMod_LoadBrushSides       004138c1 f   cmodel.obj
 0001:0001293a       _CMod_LoadAreas            0041393a f   cmodel.obj
 0001:0001186f       _Cmd_MacroExpandString     0041286f f   cmd.obj
 0001:00011edc       _TryComplete               00412edc f   cmd.obj
 0001:0001208a       _Cmd_Wait_f                0041308a f   cmd.obj
 0001:00012095       _Cmd_List_f                00413095 f   cmd.obj
 0001:0001088d       _DrawSurfInfo              0041188d f   cl_view.obj
 0001:00010bec       _DecodeContents            00411bec f   cl_view.obj
 0001:00010cbc       _DrawOriginInfo            00411cbc f   cl_view.obj
 0001:00010e4d       _DrawFpsInfo               00411e4d f   cl_view.obj
 0001:00010f76       _FixWaterVis               00411f76 f   cl_view.obj
 0001:00011076       _entitycmpfnc              00412076 f   cl_view.obj
 0001:0000d5b3       _SCR_CalcVrect             0040e5b3 f   cl_scrn.obj
 0001:00005ff2       _CL_AddParticleTraces      00406ff2 f   cl_fx.obj
 0001:000009ea       _Huff1Decompress           004019ea f   cl_cin.obj
 0001:00000f64       _Huff1TableInit            00401f64 f   cl_cin.obj
 0001:0000105e       _SmallestNode1             0040205e f   cl_cin.obj
 0001:0000014c       _CDAudio_GetAudioDiskInfo  0040114c f   cd_win.obj
 0001:000004c4       _CD_f                      004014c4 f   cd_win.obj
 0001:0000077d       _CDAudio_Eject             0040177d f   cd_win.obj
 0001:000007a7       _CDAudio_CloseDoor         004017a7 f   cd_win.obj

 70 bytes saved through ICF

