 quake2

 Timestamp is 3f200139 (Thu Jul 24 19:54:33 2003)

 Preferred load address is 00400000

 Start         Length     Name                   Class
 0001:00000000 0006ba00H .text                   CODE
 0002:00000000 00000364H .idata$5                DATA
 0002:00000368 00001974H .rdata                  DATA
 0002:00001cdc 00000078H .idata$2                DATA
 0002:00001d54 00000014H .idata$3                DATA
 0002:00001d68 00000364H .idata$4                DATA
 0002:000020cc 00000b66H .idata$6                DATA
 0002:00002c32 00000000H .edata                  DATA
 0003:00000000 00000004H .CRT$XCA                DATA
 0003:00000004 00000004H .CRT$XCZ                DATA
 0003:00000008 00000004H .CRT$XIA                DATA
 0003:0000000c 00000004H .CRT$XIZ                DATA
 0003:00000010 00014f84H .data                   DATA
 0003:00014f98 00a58f04H .bss                    DATA
 0004:00000000 00000130H .rsrc$01                DATA
 0004:00000130 00003f20H .rsrc$02                DATA

  Address         Publics by Value              Rva+Base     Lib:Object

 0001:00000000       _CDAudio_Play2             00401000 f   cd_win.obj
 0001:000001e5       _CDAudio_Play              004011e5 f   cd_win.obj
 0001:000001fc       _CDAudio_Stop              004011fc f   cd_win.obj
 0001:00000241       _CDAudio_Pause             00401241 f   cd_win.obj
 0001:0000029a       _CDAudio_Resume            0040129a f   cd_win.obj
 0001:0000030c       _CDAudio_MessageHandler    0040130c f   cd_win.obj
 0001:000003a3       _CDAudio_Update            004013a3 f   cd_win.obj
 0001:000003da       _CDAudio_Init              004013da f   cd_win.obj
 0001:000007d1       _CDAudio_Shutdown          004017d1 f   cd_win.obj
 0001:00000804       _CDAudio_Activate          00401804 f   cd_win.obj
 0001:00000815       _SCR_StopCinematic         00401815 f   cl_cin.obj
 0001:000008b1       _SCR_FinishCinematic       004018b1 f   cl_cin.obj
 0001:000008f3       _SCR_RunCinematic          004018f3 f   cl_cin.obj
 0001:00000d0f       _SCR_DrawCinematic         00401d0f f   cl_cin.obj
 0001:00000db3       _SCR_PlayCinematic         00401db3 f   cl_cin.obj
 0001:000010fd       _CL_ParseEntityBits        004020fd f   cl_ents.obj
 0001:0000115f       _CL_ParseDelta             0040215f f   cl_ents.obj
 0001:000014d9       _CL_DeltaEntity            004024d9 f   cl_ents.obj
 0001:00001646       _CL_ParsePacketEntities    00402646 f   cl_ents.obj
 0001:00001872       _CL_ParsePlayerstate       00402872 f   cl_ents.obj
 0001:00001b80       _CL_FireEntityEvents       00402b80 f   cl_ents.obj
 0001:00001bd2       _CL_ParseFrame             00402bd2 f   cl_ents.obj
 0001:00001e90       _CL_AddEntityBox           00402e90 f   cl_ents.obj
 0001:00001f8d       _CL_OffsetThirdPersonView  00402f8d f   cl_ents.obj
 0001:0000205a       _CL_CalcViewValues         0040305a f   cl_ents.obj
 0001:0000231c       _CL_AddEntities            0040331c f   cl_ents.obj
 0001:000030d3       _CL_GetEntitySoundOrigin   004040d3 f   cl_ents.obj
 0001:0000310f       _CL_ClearLightStyles       0040410f f   cl_fx.obj
 0001:00003193       _CL_RunLightStyles         00404193 f   cl_fx.obj
 0001:0000322d       _CL_SetLightstyle          0040422d f   cl_fx.obj
 0001:00003297       _CL_AllocDlight            00404297 f   cl_fx.obj
 0001:00003302       _CL_RunDLights             00404302 f   cl_fx.obj
 0001:00003354       _CL_AddDLights             00404354 f   cl_fx.obj
 0001:0000339d       _CL_ClearParticles         0040439d f   cl_fx.obj
 0001:000033ef       _CL_AllocParticleTrace     004043ef f   cl_fx.obj
 0001:00003494       _CL_AllocParticleBeam      00404494 f   cl_fx.obj
 0001:000034fe       _CL_AllocParticle          004044fe f   cl_fx.obj
 0001:0000354d       _CL_UpdateParticles        0040454d f   cl_fx.obj
 0001:00003b1e       _CL_MetalSparks            00404b1e f   cl_fx.obj
 0001:00003bfd       _CL_ParseMuzzleFlash       00404bfd f   cl_fx.obj
 0001:00004418       _CL_ParseMuzzleFlash2      00405418 f   cl_fx.obj
 0001:00004af7       _CL_ParticleEffect         00405af7 f   cl_fx.obj
 0001:00004bc6       _CL_ParticleEffect2        00405bc6 f   cl_fx.obj
 0001:00004c91       _CL_ParticleEffect3        00405c91 f   cl_fx.obj
 0001:00004d61       _CL_TeleporterParticles    00405d61 f   cl_fx.obj
 0001:00004e18       _CL_LogoutEffect           00405e18 f   cl_fx.obj
 0001:00004f03       _CL_ItemRespawnParticles   00405f03 f   cl_fx.obj
 0001:00004fb2       _CL_ExplosionParticles     00405fb2 f   cl_fx.obj
 0001:0000505c       _CL_BigTeleportParticles   0040605c f   cl_fx.obj
 0001:000051b3       _CL_BlasterParticles       004061b3 f   cl_fx.obj
 0001:0000527f       _CL_BlasterTrail           0040627f f   cl_fx.obj
 0001:00005378       _CL_FlagTrail              00406378 f   cl_fx.obj
 0001:0000547e       _CL_DiminishingTrail       0040647e f   cl_fx.obj
 0001:000056e8       _CL_RocketTrail            004066e8 f   cl_fx.obj
 0001:00005817       _CL_RailTrail              00406817 f   cl_fx.obj
 0001:00005a47       _CL_RailTrailExt           00406a47 f   cl_fx.obj
 0001:00005b42       _CL_IonripperTrail         00406b42 f   cl_fx.obj
 0001:00005c56       _CL_BubbleTrail            00406c56 f   cl_fx.obj
 0001:00005d7a       _CL_FlyParticles           00406d7a f   cl_fx.obj
 0001:00005f18       _CL_FlyEffect              00406f18 f   cl_fx.obj
 0001:00005f9b       _CL_BfgParticles           00406f9b f   cl_fx.obj
 0001:00006171       _CL_TrapParticles          00407171 f   cl_fx.obj
 0001:00006413       _CL_BFGExplosionParticles  00407413 f   cl_fx.obj
 0001:000064bd       _CL_TeleportParticles      004074bd f   cl_fx.obj
 0001:000065f6       _CL_EntityEvent            004075f6 f   cl_fx.obj
 0001:000067d4       _CL_ClearEffects           004077d4 f   cl_fx.obj
 0001:000067f2       _IN_KLookDown              004077f2 f   cl_input.obj
 0001:00006874       _IN_KLookUp                00407874 f   cl_input.obj
 0001:000068fa       _IN_UpDown                 004078fa f   cl_input.obj
 0001:00006906       _IN_UpUp                   00407906 f   cl_input.obj
 0001:00006912       _IN_DownDown               00407912 f   cl_input.obj
 0001:0000691e       _IN_DownUp                 0040791e f   cl_input.obj
 0001:0000692a       _IN_LeftDown               0040792a f   cl_input.obj
 0001:00006936       _IN_LeftUp                 00407936 f   cl_input.obj
 0001:00006942       _IN_RightDown              00407942 f   cl_input.obj
 0001:0000694e       _IN_RightUp                0040794e f   cl_input.obj
 0001:0000695a       _IN_ForwardDown            0040795a f   cl_input.obj
 0001:00006966       _IN_ForwardUp              00407966 f   cl_input.obj
 0001:00006972       _IN_BackDown               00407972 f   cl_input.obj
 0001:0000697e       _IN_BackUp                 0040797e f   cl_input.obj
 0001:0000698a       _IN_LookupDown             0040798a f   cl_input.obj
 0001:00006996       _IN_LookupUp               00407996 f   cl_input.obj
 0001:000069a2       _IN_LookdownDown           004079a2 f   cl_input.obj
 0001:000069ae       _IN_LookdownUp             004079ae f   cl_input.obj
 0001:000069ba       _IN_MoveleftDown           004079ba f   cl_input.obj
 0001:000069c6       _IN_MoveleftUp             004079c6 f   cl_input.obj
 0001:000069d2       _IN_MoverightDown          004079d2 f   cl_input.obj
 0001:000069de       _IN_MoverightUp            004079de f   cl_input.obj
 0001:000069ea       _IN_SpeedDown              004079ea f   cl_input.obj
 0001:000069f6       _IN_SpeedUp                004079f6 f   cl_input.obj
 0001:00006a02       _IN_StrafeDown             00407a02 f   cl_input.obj
 0001:00006a0e       _IN_StrafeUp               00407a0e f   cl_input.obj
 0001:00006a1a       _IN_AttackDown             00407a1a f   cl_input.obj
 0001:00006a26       _IN_AttackUp               00407a26 f   cl_input.obj
 0001:00006a32       _IN_UseDown                00407a32 f   cl_input.obj
 0001:00006a3e       _IN_UseUp                  00407a3e f   cl_input.obj
 0001:00006a4a       _CL_KeyState               00407a4a f   cl_input.obj
 0001:00006aaa       _CL_AdjustAngles           00407aaa f   cl_input.obj
 0001:00006bb9       _CL_BaseMove               00407bb9 f   cl_input.obj
 0001:00006d93       _CL_ClampPitch             00407d93 f   cl_input.obj
 0001:00006e41       _CL_FinishMove             00407e41 f   cl_input.obj
 0001:00006f02       _CL_CreateCmd              00407f02 f   cl_input.obj
 0001:00006f68       _IN_CenterView             00407f68 f   cl_input.obj
 0001:00006f89       _CL_InitInput              00407f89 f   cl_input.obj
 0001:0000717d       _CL_SendCmd                0040817d f   cl_input.obj
 0001:000073a1       _CL_ParseInventory         004083a1 f   cl_inv.obj
 0001:000073c1       _CL_DrawInventory          004083c1 f   cl_inv.obj
 0001:00007638       _CL_WriteDemoMessage       00408638 f   cl_main.obj
 0001:0000767a       _CL_Stop_f                 0040867a f   cl_main.obj
 0001:000076d5       _CL_Record_f               004086d5 f   cl_main.obj
 0001:00007978       _Cmd_ForwardToServer       00408978 f   cl_main.obj
 0001:000079e4       _CL_Setenv_f               004089e4 f   cl_main.obj
 0001:00007aa8       _CL_ForwardToServer_f      00408aa8 f   cl_main.obj
 0001:00007af6       _CL_Pause_f                00408af6 f   cl_main.obj
 0001:00007b38       _CL_Quit_f                 00408b38 f   cl_main.obj
 0001:00007b42       _CL_Drop                   00408b42 f   cl_main.obj
 0001:00007b64       _CL_SendConnectPacket      00408b64 f   cl_main.obj
 0001:00007c3b       _CL_CheckForResend         00408c3b f   cl_main.obj
 0001:00007d3f       _CL_Connect_f              00408d3f f   cl_main.obj
 0001:00007dbe       _CL_Rcon_f                 00408dbe f   cl_main.obj
 0001:00007ec9       _CL_ClearState             00408ec9 f   cl_main.obj
 0001:00007f08       _CL_Disconnect             00408f08 f   cl_main.obj
 0001:00008045       _CL_Disconnect_f           00409045 f   cl_main.obj
 0001:00008054       _CL_Changing_f             00409054 f   cl_main.obj
 0001:00008078       _CL_Reconnect_f            00409078 f   cl_main.obj
 0001:00008114       _CL_PingServers_f          00409114 f   cl_main.obj
 0001:0000827c       _CL_Skins_f                0040927c f   cl_main.obj
 0001:000082b8       _CL_ConnectionlessPacket   004092b8 f   cl_main.obj
 0001:00008608       _CL_ReadPackets            00409608 f   cl_main.obj
 0001:00008702       _CL_FixUpGender            00409702 f   cl_main.obj
 0001:000087b3       _CL_Userinfo_f             004097b3 f   cl_main.obj
 0001:000087cb       _CL_Snd_Restart_f          004097cb f   cl_main.obj
 0001:000087da       _CL_RequestNextDownload    004097da f   cl_main.obj
 0001:00008e1d       _CL_Precache_f             00409e1d f   cl_main.obj
 0001:00008ee3       _CL_WriteConfiguration     00409ee3 f   cl_main.obj
 0001:00008f74       _CL_WriteConfig_f          00409f74 f   cl_main.obj
 0001:00008fd3       _CL_InitLocal              00409fd3 f   cl_main.obj
 0001:000091f3       _CL_FixCvarCheats          0040a1f3 f   cl_main.obj
 0001:00009244       _CL_Frame                  0040a244 f   cl_main.obj
 0001:0000947d       _CL_Init                   0040a47d f   cl_main.obj
 0001:000094ca       _CL_Shutdown               0040a4ca f   cl_main.obj
 0001:00009510       _vectoangles2              0040a510 f   cl_newfx.obj
 0001:00009612       _CL_Flashlight             0040a612 f   cl_newfx.obj
 0001:00009662       _CL_ColorFlash             0040a662 f   cl_newfx.obj
 0001:000096b4       _CL_DebugTrail             0040a6b4 f   cl_newfx.obj
 0001:000097ab       _CL_ForceWall              0040a7ab f   cl_newfx.obj
 0001:000098e5       _CL_BubbleTrail2           0040a8e5 f   cl_newfx.obj
 0001:00009a15       _CL_Heatbeam               0040aa15 f   cl_newfx.obj
 0001:00009c87       _CL_ParticleSteamEffect    0040ac87 f   cl_newfx.obj
 0001:00009d93       _CL_ParticleSteamEffect2   0040ad93 f   cl_newfx.obj
 0001:00009eb2       _CL_TrackerTrail           0040aeb2 f   cl_newfx.obj
 0001:00009ff7       _CL_Tracker_Shell          0040aff7 f   cl_newfx.obj
 0001:0000a06e       _CL_MonsterPlasma_Shell    0040b06e f   cl_newfx.obj
 0001:0000a0e2       _CL_Widowbeamout           0040b0e2 f   cl_newfx.obj
 0001:0000a189       _CL_Nukeblast              0040b189 f   cl_newfx.obj
 0001:0000a230       _CL_WidowSplash            0040b230 f   cl_newfx.obj
 0001:0000a2eb       _CL_TagTrail               0040b2eb f   cl_newfx.obj
 0001:0000a3f1       _CL_ColorExplosionParticles 0040b3f1 f   cl_newfx.obj
 0001:0000a49e       _CL_ParticleSmokeEffect    0040b49e f   cl_newfx.obj
 0001:0000a5a8       _CL_BlasterParticles2      0040b5a8 f   cl_newfx.obj
 0001:0000a675       _CL_BlasterTrail2          0040b675 f   cl_newfx.obj
 0001:0000a76e       _CL_DownloadFileName       0040b76e f   cl_parse.obj
 0001:0000a7ad       _CL_CheckOrDownloadFile    0040b7ad f   cl_parse.obj
 0001:0000a9e8       _CL_Download_f             0040b9e8 f   cl_parse.obj
 0001:0000aab3       _CL_RegisterSounds         0040bab3 f   cl_parse.obj
 0001:0000aaf2       _CL_ParseDownload          0040baf2 f   cl_parse.obj
 0001:0000ac5f       _CL_ParseServerData        0040bc5f f   cl_parse.obj
 0001:0000ad65       _CL_ParseBaseline          0040bd65 f   cl_parse.obj
 0001:0000adad       _CL_LoadClientinfo         0040bdad f   cl_parse.obj
 0001:0000b09c       _CL_ParseClientinfo        0040c09c f   cl_parse.obj
 0001:0000b0c0       _CL_ParseConfigString      0040c0c0 f   cl_parse.obj
 0001:0000b262       _CL_ParseStartSoundPacket  0040c262 f   cl_parse.obj
 0001:0000b364       _CL_ParseServerMessage     0040c364 f   cl_parse.obj
 0001:0000b636       _CL_CheckPredictionError   0040c636 f   cl_pred.obj
 0001:0000b774       _CL_ClipMoveToEntities     0040c774 f   cl_pred.obj
 0001:0000ba5a       _CL_PMTrace                0040ca5a f   cl_pred.obj
 0001:0000babf       _CL_PMpointcontents        0040cabf f   cl_pred.obj
 0001:0000bbf2       _CL_PredictMovement        0040cbf2 f   cl_pred.obj
 0001:0000be19       _CL_AddNetgraph            0040ce19 f   cl_scrn.obj
 0001:0000bef3       _SCR_DebugGraph            0040cef3 f   cl_scrn.obj
 0001:0000bf1b       _SCR_DrawDebugGraph        0040cf1b f   cl_scrn.obj
 0001:0000bffa       _SCR_CenterPrint           0040cffa f   cl_scrn.obj
 0001:0000c10b       _SCR_DrawCenterString      0040d10b f   cl_scrn.obj
 0001:0000c260       _SCR_SizeUp_f              0040d260 f   cl_scrn.obj
 0001:0000c279       _SCR_SizeDown_f            0040d279 f   cl_scrn.obj
 0001:0000c29a       _SCR_Sky_f                 0040d29a f   cl_scrn.obj
 0001:0000c345       _SCR_Init                  0040d345 f   cl_scrn.obj
 0001:0000c3aa       _SCR_DrawNet               0040d3aa f   cl_scrn.obj
 0001:0000c3e5       _SCR_DrawPause             0040d3e5 f   cl_scrn.obj
 0001:0000c44e       _SCR_RunConsole            0040d44e f   cl_scrn.obj
 0001:0000c530       _SCR_DrawConsole           0040d530 f   cl_scrn.obj
 0001:0000c5c8       _SCR_SetLevelshot          0040d5c8 f   cl_scrn.obj
 0001:0000c633       _SCR_DrawLoading           0040d633 f   cl_scrn.obj
 0001:0000c6ec       _SCR_BeginLoadingPlaque    0040d6ec f   cl_scrn.obj
 0001:0000c74c       _SCR_EndLoadingPlaque      0040d74c f   cl_scrn.obj
 0001:0000c76a       _SCR_Loading_f             0040d76a f   cl_scrn.obj
 0001:0000c76f       _SCR_TimeRefresh_f         0040d76f f   cl_scrn.obj
 0001:0000c846       _SCR_AddDirtyPoint         0040d846 f   cl_scrn.obj
 0001:0000c883       _SCR_DirtyScreen           0040d883 f   cl_scrn.obj
 0001:0000c8fe       _SCR_TileClear             0040d8fe f   cl_scrn.obj
 0001:0000cad9       _DrawHUDString             0040dad9 f   cl_scrn.obj
 0001:0000cb8b       _SCR_DrawField             0040db8b f   cl_scrn.obj
 0001:0000ccaf       _SCR_TouchPics             0040dcaf f   cl_scrn.obj
 0001:0000cd42       _SCR_ExecuteLayoutString   0040dd42 f   cl_scrn.obj
 0001:0000d6f3       _SCR_UpdateScreen          0040e6f3 f   cl_scrn.obj
 0001:0000d9e3       _CL_RegisterTEntSounds     0040e9e3 f   cl_tent.obj
 0001:0000dc1b       _CL_RegisterTEntModels     0040ec1b f   cl_tent.obj
 0001:0000dda1       _CL_ClearTEnts             0040eda1 f   cl_tent.obj
 0001:0000ddf8       _CL_AllocExplosion         0040edf8 f   cl_tent.obj
 0001:0000de4a       _CL_AddExplosions          0040ee4a f   cl_tent.obj
 0001:0000e023       _CL_SmokeAndFlash          0040f023 f   cl_tent.obj
 0001:0000e08a       _CL_ParseBeam              0040f08a f   cl_tent.obj
 0001:0000e179       _CL_ParseBeam2             0040f179 f   cl_tent.obj
 0001:0000e279       _CL_ParsePlayerBeam        0040f279 f   cl_tent.obj
 0001:0000e3b5       _CL_ParseLightning         0040f3b5 f   cl_tent.obj
 0001:0000e48b       _CL_ParseLaser             0040f48b f   cl_tent.obj
 0001:0000e530       _CL_ParseSteam             0040f530 f   cl_tent.obj
 0001:0000e641       _CL_ParseWidow             0040f641 f   cl_tent.obj
 0001:0000e6ad       _CL_ParseNuke              0040f6ad f   cl_tent.obj
 0001:0000e717       _CL_ParseTEnt              0040f717 f   cl_tent.obj
 0001:0000f5d0       _CL_AddBeams               004105d0 f   cl_tent.obj
 0001:0000f91d       _CL_AddPlayerBeams         0041091d f   cl_tent.obj
 0001:00010015       _CL_AddLasers              00411015 f   cl_tent.obj
 0001:0001003a       _CL_ProcessSustain         0041103a f   cl_tent.obj
 0001:0001007b       _CL_AddTEnts               0041107b f   cl_tent.obj
 0001:00010094       _V_AddEntity               00411094 f   cl_view.obj
 0001:000100c3       _V_AddLight                004110c3 f   cl_view.obj
 0001:0001010e       _V_TestParticles           0041110e f   cl_view.obj
 0001:000101cc       _V_TestEntities            004111cc f   cl_view.obj
 0001:0001026e       _V_TestLights              0041126e f   cl_view.obj
 0001:00010341       _CL_PrepRefresh            00411341 f   cl_view.obj
 0001:00010614       _CalcFov                   00411614 f   cl_view.obj
 0001:0001068d       _V_Gun_Next_f              0041168d f   cl_view.obj
 0001:000106a6       _V_Gun_Prev_f              004116a6 f   cl_view.obj
 0001:000106c8       _V_Gun_Model_f             004116c8 f   cl_view.obj
 0001:000106fc       _SCR_DrawCrosshair         004116fc f   cl_view.obj
 0001:00010771       _V_RenderView              00411771 f   cl_view.obj
 0001:0001155c       _V_Init                    0041255c f   cl_view.obj
 0001:00011756       _Cbuf_Init                 00412756 f   cmd.obj
 0001:0001176e       _Cbuf_AddText              0041276e f   cmd.obj
 0001:000117ca       _Cbuf_InsertText           004127ca f   cmd.obj
 0001:00011822       _Cbuf_CopyToDefer          00412822 f   cmd.obj
 0001:0001184e       _Cbuf_InsertFromDefer      0041284e f   cmd.obj
 0001:00011861       _Cbuf_Execute              00412861 f   cmd.obj
 0001:00011947       _Cbuf_AddEarlyCommands     00412947 f   cmd.obj
 0001:000119c9       _Cbuf_AddLateCommands      004129c9 f   cmd.obj
 0001:00011ae4       _Cmd_Exec_f                00412ae4 f   cmd.obj
 0001:00011b69       _Cmd_Echo_f                00412b69 f   cmd.obj
 0001:00011bab       _Cmd_Alias_f               00412bab f   cmd.obj
 0001:00011cd2       _Cmd_Unalias_f             00412cd2 f   cmd.obj
 0001:00011d5e       _Cmd_WriteAliases          00412d5e f   cmd.obj
 0001:00011d87       _Cmd_Argc                  00412d87 f   cmd.obj
 0001:00011d8d       _Cmd_Argv                  00412d8d f   cmd.obj
 0001:00011da7       _Cmd_Args                  00412da7 f   cmd.obj
 0001:00011dad       _Cmd_TokenizeString        00412dad f   cmd.obj
 0001:00011fdf       _Cmd_AddCommand            00412fdf f   cmd.obj
 0001:00012047       _Cmd_RemoveCommand         00413047 f   cmd.obj
 0001:00012089       _Cmd_ExecuteString         00413089 f   cmd.obj
 0001:00012161       _Cmd_Init                  00413161 f   cmd.obj
 0001:00012264       _CMod_GetSurfMaterial      00413264 f   cmodel.obj
 0001:000122c1       _CM_LoadMap                004132c1 f   cmodel.obj
 0001:00012a2b       _CM_InlineModel            00413a2b f   cmodel.obj
 0001:00012a7a       _CM_NumClusters            00413a7a f   cmodel.obj
 0001:00012a80       _CM_NumInlineModels        00413a80 f   cmodel.obj
 0001:00012a86       _CM_EntityString           00413a86 f   cmodel.obj
 0001:00012a8c       _CM_LeafContents           00413a8c f   cmodel.obj
 0001:00012ab6       _CM_LeafCluster            00413ab6 f   cmodel.obj
 0001:00012ae1       _CM_LeafArea               00413ae1 f   cmodel.obj
 0001:00012b0c       _CM_InitBoxHull            00413b0c f   cmodel.obj
 0001:00012ceb       _CM_HeadnodeForBox         00413ceb f   cmodel.obj
 0001:00012da0       _CM_PointLeafnum           00413da0 f   cmodel.obj
 0001:00012e23       _CM_BoxLeafnums            00413e23 f   cmodel.obj
 0001:00012f33       _CM_PointContents          00413f33 f   cmodel.obj
 0001:00012f58       _CM_TransformedPointContents 00413f58 f   cmodel.obj
 0001:0001303d       _CM_TransformedPointContents2 0041403d f   cmodel.obj
 0001:000130d8       _CM_BoxTrace               004140d8 f   cmodel.obj
 0001:00013afa       _CM_TransformedBoxTrace    00414afa f   cmodel.obj
 0001:00013d50       _CM_TransformedBoxTrace2   00414d50 f   cmodel.obj
 0001:00013ee8       _CM_DecompressVis          00414ee8 f   cmodel.obj
 0001:00013f91       _CM_ClusterPVS             00414f91 f   cmodel.obj
 0001:00013fde       _CM_ClusterPHS             00414fde f   cmodel.obj
 0001:0001402b       _FloodAreaConnections      0041502b f   cmodel.obj
 0001:000140e6       _CM_SetAreaPortalState     004150e6 f   cmodel.obj
 0001:00014113       _CM_AreasConnected         00415113 f   cmodel.obj
 0001:00014161       _CM_WriteAreaBits          00415161 f   cmodel.obj
 0001:000141f1       _CM_WritePortalState       004151f1 f   cmodel.obj
 0001:0001420b       _CM_ReadPortalState        0041520b f   cmodel.obj
 0001:00014229       _CM_HeadnodeVisible        00415229 f   cmodel.obj
 0001:00014291       _Com_BeginRedirect         00415291 f   common.obj
 0001:000142ce       _Com_EndRedirect           004152ce f   common.obj
 0001:000142f9       _Com_Printf                004152f9 f   common.obj
 0001:00014458       _Com_DPrintf               00415458 f   common.obj
 0001:000144bc       _DebugPrintf               004154bc f   common.obj
 0001:00014564       _Com_WPrintf               00415564 f   common.obj
 0001:000145bd       _Com_Error                 004155bd f   common.obj
 0001:0001469b       _Com_Quit                  0041569b f   common.obj
 0001:000146cb       _MatchWildcard             004156cb f   common.obj
 0001:0001480b       _MatchWildcard2            0041580b f   common.obj
 0001:00014857       _IPWildcard                00415857 f   common.obj
 0001:00014932       _Com_ServerState           00415932 f   common.obj
 0001:00014938       _Com_SetServerState        00415938 f   common.obj
 0001:00014942       _MSG_WriteByte             00415942 f   common.obj
 0001:00014942       _MSG_WriteChar             00415942 f   common.obj
 0001:00014956       _MSG_WriteShort            00415956 f   common.obj
 0001:00014970       _MSG_WriteLong             00415970 f   common.obj
 0001:0001499a       _MSG_WriteFloat            0041599a f   common.obj
 0001:000149c0       _MSG_WriteString           004159c0 f   common.obj
 0001:000149f8       _MSG_WriteCoord            004159f8 f   common.obj
 0001:00014a2d       _MSG_WritePos              00415a2d f   common.obj
 0001:00014abb       _MSG_WriteAngle            00415abb f   common.obj
 0001:00014aea       _MSG_WriteAngle16          00415aea f   common.obj
 0001:00014b25       _MSG_WriteDeltaUsercmd     00415b25 f   common.obj
 0001:00014cad       _MSG_WriteDir              00415cad f   common.obj
 0001:00014d1a       _MSG_ReadDir               00415d1a f   common.obj
 0001:00014d58       _MSG_WriteDeltaEntity      00415d58 f   common.obj
 0001:0001522c       _MSG_BeginReading          0041622c f   common.obj
 0001:00015235       _MSG_ReadChar              00416235 f   common.obj
 0001:00015256       _MSG_ReadByte              00416256 f   common.obj
 0001:00015277       _MSG_ReadShort             00416277 f   common.obj
 0001:000152a7       _MSG_ReadLong              004162a7 f   common.obj
 0001:000152e6       _MSG_ReadString            004162e6 f   common.obj
 0001:00015319       _MSG_ReadCoord             00416319 f   common.obj
 0001:00015333       _MSG_ReadPos               00416333 f   common.obj
 0001:00015385       _MSG_ReadAngle             00416385 f   common.obj
 0001:0001539f       _MSG_ReadAngle16           0041639f f   common.obj
 0001:000153b9       _MSG_ReadDeltaUsercmd      004163b9 f   common.obj
 0001:00015470       _MSG_ReadData              00416470 f   common.obj
 0001:00015493       _SZ_Init                   00416493 f   common.obj
 0001:000154b5       _SZ_Clear                  004164b5 f   common.obj
 0001:000154c2       _SZ_GetSpace               004164c2 f   common.obj
 0001:00015528       _SZ_Write                  00416528 f   common.obj
 0001:00015549       _SZ_Print                  00416549 f   common.obj
 0001:00015592       _COM_Argc                  00416592 f   common.obj
 0001:00015598       _COM_Argv                  00416598 f   common.obj
 0001:000155b9       _COM_ClearArgv             004165b9 f   common.obj
 0001:000155e1       _COM_InitArgv              004165e1 f   common.obj
 0001:0001563c       _Info_Print                0041663c f   common.obj
 0001:000156f9       _COM_BlockSequenceCRCByte  004166f9 f   common.obj
 0001:00015785       _frand                     00416785 f   common.obj
 0001:000157a2       _crand                     004167a2 f   common.obj
 0001:000157c5       _Qcommon_Init              004167c5 f   common.obj
 0001:00015919       _Qcommon_Frame             00416919 f   common.obj
 0001:00015c3b       _CCheckParm                00416c3b f   conproc.obj
 0001:00015c74       _InitConProc               00416c74 f   conproc.obj
 0001:00015dc6       _DeinitConProc             00416dc6 f   conproc.obj
 0001:00015dd7       _RequestProc@4             00416dd7 f   conproc.obj
 0001:00015ee8       _WriteText                 00416ee8 f   conproc.obj
 0001:00015faf       _CharToCode                00416faf f   conproc.obj
 0001:00016037       _SetConsoleCXCY            00417037 f   conproc.obj
 0001:0001616e       _DrawStringCommon          0041716e f   console.obj
 0001:000161cb       _DrawString                004171cb f   console.obj
 0001:000161ed       _DrawAltString             004171ed f   console.obj
 0001:00016212       _Con_ToggleConsole_f       00417212 f   console.obj
 0001:00016279       _Con_ClearNotify           00417279 f   console.obj
 0001:00016287       _Con_CheckResize           00417287 f   console.obj
 0001:000163a7       _Con_Init                  004173a7 f   console.obj
 0001:00016649       _Con_Print                 00417649 f   console.obj
 0001:00016919       _Con_DrawNotify            00417919 f   console.obj
 0001:00016b73       _Con_DrawConsole           00417b73 f   console.obj
 0001:000170af       _CRC_Block                 004180af f   crc.obj
 0001:000170eb       _Cvar_VariableValue        004180eb f   cvar.obj
 0001:00017159       _Cvar_VariableInt          00418159 f   cvar.obj
 0001:0001716c       _Cvar_VariableString       0041816c f   cvar.obj
 0001:00017184       _Cvar_Get                  00418184 f   cvar.obj
 0001:000173fd       _Cvar_GetVars              004183fd f   cvar.obj
 0001:00017451       _Cvar_FullSet              00418451 f   cvar.obj
 0001:000174ae       _Cvar_SetValue             004184ae f   cvar.obj
 0001:000176e5       _Cvar_SetInteger           004186e5 f   cvar.obj
 0001:00017707       _Cvar_Set                  00418707 f   cvar.obj
 0001:0001771c       _Cvar_ForceSet             0041871c f   cvar.obj
 0001:00017731       _Cvar_Clamp                00418731 f   cvar.obj
 0001:000177bb       _Cvar_ClampName            004187bb f   cvar.obj
 0001:0001780c       _Cvar_GetLatchedVars       0041880c f   cvar.obj
 0001:0001783b       _Cvar_Command              0041883b f   cvar.obj
 0001:000178cf       _Cvar_WriteVariables       004188cf f   cvar.obj
 0001:00017934       _Cvar_BitInfo              00418934 f   cvar.obj
 0001:0001796d       _Cvar_Userinfo             0041896d f   cvar.obj
 0001:00017976       _Cvar_Serverinfo           00418976 f   cvar.obj
 0001:0001797f       _Cvar_Cheats               0041897f f   cvar.obj
 0001:000179d5       _Cvar_Init                 004189d5 f   cvar.obj
 0001:00018012       _FS_CreatePath             00419012 f   files.obj
 0001:0001805c       _FS_CopyFile               0041905c f   files.obj
 0001:0001815f       _FS_CopyFiles              0041915f f   files.obj
 0001:0001823b       _FS_RemoveFiles            0041923b f   files.obj
 0001:000182b5       _Developer_searchpath      004192b5 f   files.obj
 0001:000182fa       _FS_FCloseFile             004192fa f   files.obj
 0001:00018390       _FS_FOpenFile              00419390 f   files.obj
 0001:000188b8       _FS_FileExists             004198b8 f   files.obj
 0001:00018af2       _FS_Read                   00419af2 f   files.obj
 0001:00018d3a       _FS_LoadFile               00419d3a f   files.obj
 0001:00018d9c       _FS_FreeFile               00419d9c f   files.obj
 0001:00018da7       _FS_LoadPackFile           00419da7 f   files.obj
 0001:000190df       _FS_UnloadPackFile         0041a0df f   files.obj
 0001:0001912c       _FS_AddGameDirectory       0041a12c f   files.obj
 0001:000192c3       _FS_Gamedir                0041a2c3 f   files.obj
 0001:000192d7       _FS_LoadGameConfig         0041a2d7 f   files.obj
 0001:0001939c       _FS_SetGamedir             0041a39c f   files.obj
 0001:00019535       _FS_ListFiles              0041a535 f   files.obj
 0001:00019866       _FS_NextPath               0041a866 f   files.obj
 0001:0001988a       _FS_InitFilesystem         0041a88a f   files.obj
 0001:0001a250       _LoadPCX                   0041b250 f   images.obj
 0001:0001a434       _LoadTGA                   0041b434 f   images.obj
 0001:0001a7e2       _LoadJPG                   0041b7e2 f   images.obj
 0001:0001aa73       _ImageExists               0041ba73 f   images.obj
 0001:0001ab79       _WriteTGA                  0041bb79 f   images.obj
 0001:0001ac25       _WriteJPG                  0041bc25 f   images.obj
 0001:0001ad4d       _IN_MLookDown              0041bd4d f   in_win.obj
 0001:0001ad58       _IN_MLookUp                0041bd58 f   in_win.obj
 0001:0001ad7b       _IN_StartupMouse           0041bd7b f   in_win.obj
 0001:0001add5       _IN_MouseEvent             0041bdd5 f   in_win.obj
 0001:0001ae52       _IN_Init                   0041be52 f   in_win.obj
 0001:0001ae98       _IN_Shutdown               0041be98 f   in_win.obj
 0001:0001af85       _IN_Activate               0041bf85 f   in_win.obj
 0001:0001af9c       _IN_Frame                  0041bf9c f   in_win.obj
 0001:0001b39d       _IN_Move                   0041c39d f   in_win.obj
 0001:0001b568       _IN_StartupJoystick        0041c568 f   in_win.obj
 0001:0001b689       _Joy_AdvancedUpdate_f      0041c689 f   in_win.obj
 0001:0001b820       _IN_Commands               0041c820 f   in_win.obj
 0001:0001b94f       _IN_ReadJoystick           0041c94f f   in_win.obj
 0001:0001b98a       _IN_JoyMove                0041c98a f   in_win.obj
 0001:0001bcda       _Key_StringToKeynum        0041ccda f   keys.obj
 0001:0001bd24       _Key_KeynumToString        0041cd24 f   keys.obj
 0001:0001bd77       _Key_Console               0041cd77 f   keys.obj
 0001:0001cabe       _Key_Message               0041dabe f   keys.obj
 0001:0001cb4f       _Key_SetBinding            0041db4f f   keys.obj
 0001:0001cba9       _Key_Bindlist_f            0041dba9 f   keys.obj
 0001:0001cc45       _Key_WriteBindings         0041dc45 f   keys.obj
 0001:0001cc83       _Key_Init                  0041dc83 f   keys.obj
 0001:0001cf59       _Key_Event                 0041df59 f   keys.obj
 0001:0001d250       _Key_ClearStates           0041e250 f   keys.obj
 0001:0001d295       _Key_ClearTyping           0041e295 f   keys.obj
 0001:0001d2ae       _MD4Init                   0041e2ae f   md4.obj
 0001:0001d2d6       _MD4Update                 0041e2d6 f   md4.obj
 0001:0001d374       _MD4Final                  0041e374 f   md4.obj
 0001:0001da65       _Com_BlockChecksum         0041ea65 f   md4.obj
 0001:0001daa1       _Z_Free                    0041eaa1 f   memory.obj
 0001:0001daf7       _Z_FreeTags                0041eaf7 f   memory.obj
 0001:0001db27       _Z_TagMalloc               0041eb27 f   memory.obj
 0001:0001db98       _Z_Malloc                  0041eb98 f   memory.obj
 0001:0001dbba       _Z_BlockMalloc             0041ebba f   memory.obj
 0001:0001dbd5       _CreateMemoryChain         0041ebd5 f   memory.obj
 0001:0001dc3d       _FreeMemoryChain           0041ec3d f   memory.obj
 0001:0001dc67       _AllocChainBlock           0041ec67 f   memory.obj
 0001:0001dcb2       _CopyString                0041ecb2 f   memory.obj
 0001:0001dcd6       _ChainCopyString           0041ecd6 f   memory.obj
 0001:0001dcfe       _AllocNamedStruc           0041ecfe f   memory.obj
 0001:0001dd39       _ChainAllocNamedStruc      0041ed39 f   memory.obj
 0001:0001dd78       _FindNamedStruc            0041ed78 f   memory.obj
 0001:0001ddbc       _FindNamedStrucByIndex     0041edbc f   memory.obj
 0001:0001ddd3       _IndexOfNamedStruc         0041edd3 f   memory.obj
 0001:0001de01       _AddToNamedList            0041ee01 f   memory.obj
 0001:0001de4b       _ChainAddToNamedList       0041ee4b f   memory.obj
 0001:0001de95       _FreeNamedList             0041ee95 f   memory.obj
 0001:0001deb0       _Z_Init                    0041eeb0 f   memory.obj
 0001:0001deeb       _M_PushMenu                0041eeeb f   menu.obj
 0001:0001dfa8       _M_ForceMenuOff            0041efa8 f   menu.obj
 0001:0001dfd5       _M_PopMenu                 0041efd5 f   menu.obj
 0001:0001e029       _Default_MenuKey           0041f029 f   menu.obj
 0001:0001e153       _M_Print                   0041f153 f   menu.obj
 0001:0001e19e       _M_DrawTextBox             0041f19e f   menu.obj
 0001:0001e38a       _M_Main_Draw               0041f38a f   menu.obj
 0001:0001e511       _M_Main_Key                0041f511 f   menu.obj
 0001:0001e5f5       _M_Menu_Main_f             0041f5f5 f   menu.obj
 0001:0001e611       _M_Menu_Multiplayer_f      0041f611 f   menu.obj
 0001:0001e796       _M_Menu_Keys_f             0041f796 f   menu.obj
 0001:0001ec73       _M_Menu_Options_f          0041fc73 f   menu.obj
 0001:0001f5e2       _M_Menu_Video_f            004205e2 f   menu.obj
 0001:0001f603       _M_Menu_Credits_f          00420603 f   menu.obj
 0001:0001f7d1       _M_Menu_Game_f             004207d1 f   menu.obj
 0001:0001fa64       _M_Menu_LoadGame_f         00420a64 f   menu.obj
 0001:0001fd37       _M_Menu_SaveGame_f         00420d37 f   menu.obj
 0001:0001fe97       _M_AddToServerList         00420e97 f   menu.obj
 0001:0001ff15       _M_Menu_JoinServer_f       00420f15 f   menu.obj
 0001:00020179       _M_Menu_StartServer_f      00421179 f   menu.obj
 0001:000209a4       _M_Menu_DMOptions_f        004219a4 f   menu.obj
 0001:0002115d       _M_Menu_DownloadOptions_f  0042215d f   menu.obj
 0001:000213df       _M_Menu_AddressBook_f      004223df f   menu.obj
 0001:0002279e       _M_Init                    0042379e f   menu.obj
 0001:000228c2       _M_Draw                    004238c2 f   menu.obj
 0001:0002295c       _M_Keydown                 0042395c f   menu.obj
 0001:00022978       _LoadQ2BspFile             00423978 f   model.obj
 0001:00022f41       _LoadBspFile               00423f41 f   model.obj
 0001:00023061       _ProcessEntstring          00424061 f   model.obj
 0001:00023e84       _Netchan_Init              00424e84 f   net_chan.obj
 0001:00023ee4       _Netchan_OutOfBand         00424ee4 f   net_chan.obj
 0001:00023f44       _Netchan_OutOfBandPrint    00424f44 f   net_chan.obj
 0001:00023f84       _Netchan_Setup             00424f84 f   net_chan.obj
 0001:00023fdf       _Netchan_NeedReliable      00424fdf f   net_chan.obj
 0001:0002400b       _Netchan_Transmit          0042500b f   net_chan.obj
 0001:000241af       _Netchan_Process           004251af f   net_chan.obj
 0001:000242d6       _NetadrToSockadr           004252d6 f   net_wins.obj
 0001:00024378       _SockadrToNetadr           00425378 f   net_wins.obj
 0001:000243db       _NET_CompareAdr            004253db f   net_wins.obj
 0001:00024441       _NET_CompareBaseAdr        00425441 f   net_wins.obj
 0001:0002449a       _NET_AdrToString           0042549a f   net_wins.obj
 0001:00024553       _NET_StringToSockaddr      00425553 f   net_wins.obj
 0001:0002478c       _NET_StringToAdr           0042578c f   net_wins.obj
 0001:000247e5       _NET_IsLocalAddress        004257e5 f   net_wins.obj
 0001:000247f1       _NET_GetLoopPacket         004257f1 f   net_wins.obj
 0001:00024878       _NET_SendLoopPacket        00425878 f   net_wins.obj
 0001:000248c4       _NET_GetPacket             004258c4 f   net_wins.obj
 0001:000249e4       _NET_SendPacket            004259e4 f   net_wins.obj
 0001:00024ac6       _NET_IPSocket              00425ac6 f   net_wins.obj
 0001:00024bdc       _NET_OpenIP                00425bdc f   net_wins.obj
 0001:00024cfd       _NET_IPXSocket             00425cfd f   net_wins.obj
 0001:00024dff       _NET_OpenIPX               00425dff f   net_wins.obj
 0001:00024ee7       _NET_Config                00425ee7 f   net_wins.obj
 0001:00024f5f       _NET_Sleep                 00425f5f f   net_wins.obj
 0001:0002502c       _NET_Init                  0042602c f   net_wins.obj
 0001:00025068       _Pmove                     00426068 f   pmove.obj
 0001:00026b7d       _NormalizeColor            00427b7d f   q_shared2.obj
 0001:00026be9       _NormalizeColor255         00427be9 f   q_shared2.obj
 0001:00026c59       _Q_rsqrt                   00427c59 f   q_shared2.obj
 0001:00026c89       _RotatePointAroundVector   00427c89 f   q_shared2.obj
 0001:00026df9       _AngleVectors              00427df9 f   q_shared2.obj
 0001:00026f5a       _ProjectPointOnPlane       00427f5a f   q_shared2.obj
 0001:00026fd9       _PerpendicularVector       00427fd9 f   q_shared2.obj
 0001:00027058       _MakeNormalVectors         00428058 f   q_shared2.obj
 0001:000270bf       _MatrixMultiply            004280bf f   q_shared2.obj
 0001:000271a6       _R_ConcatTransforms        004281a6 f   q_shared2.obj
 0001:000272e0       _SetPlaneSignbits          004282e0 f   q_shared2.obj
 0001:00027310       _LerpAngle                 00428310 f   q_shared2.obj
 0001:00027353       _anglemod                  00428353 f   q_shared2.obj
 0001:00027383       _BoxOnPlaneSide            00428383 f   q_shared2.obj
 0001:0002749f       _ClearBounds               0042849f f   q_shared2.obj
 0001:000274c8       _AddPointToBounds          004284c8 f   q_shared2.obj
 0001:00027501       _VectorCompare             00428501 f   q_shared2.obj
 0001:0002752f       _VectorNormalize           0042852f f   q_shared2.obj
 0001:00027583       _VectorNormalize2          00428583 f   q_shared2.obj
 0001:000275db       _VectorNormalizeFast       004285db f   q_shared2.obj
 0001:0002761e       _VectorMA                  0042861e f   q_shared2.obj
 0001:0002764d       _CrossProduct              0042864d f   q_shared2.obj
 0001:00027688       _VectorLength              00428688 f   q_shared2.obj
 0001:000276b7       _VectorDistance            004286b7 f   q_shared2.obj
 0001:000276e8       _VectorInverse             004286e8 f   q_shared2.obj
 0001:00027703       _VectorScale               00428703 f   q_shared2.obj
 0001:00027727       _AnglesToAxis              00428727 f   q_shared2.obj
 0001:0002776c       _COM_FilePath              0042876c f   q_shared2.obj
 0001:000277a2       _ShortSwap                 004287a2 f   q_shared2.obj
 0001:000277b7       _va                        004287b7 f   q_shared2.obj
 0001:00027804       _COM_ParseExt              00428804 f   q_shared2.obj
 0001:000278ff       _Com_PageInMemory          004288ff f   q_shared2.obj
 0001:0002791e       _Q_stricmp                 0042891e f   q_shared2.obj
 0001:0002792f       _Q_strncasecmp             0042892f f   q_shared2.obj
 0001:00027987       _Q_strcasecmp              00428987 f   q_shared2.obj
 0001:0002799d       _Q_strncpyz                0042899d f   q_shared2.obj
 0001:000279c1       _Q_strncpylower            004289c1 f   q_shared2.obj
 0001:000279fb       _Q_CopyFilename            004289fb f   q_shared2.obj
 0001:00027a95       _Com_sprintf               00428a95 f   q_shared2.obj
 0001:00027ada       _Info_ValueForKey          00428ada f   q_shared2.obj
 0001:00027b65       _Info_RemoveKey            00428b65 f   q_shared2.obj
 0001:00027beb       _Info_SetValueForKey       00428beb f   q_shared2.obj
 0001:00027d29       _Field_Draw                00428d29 f   qmenu.obj
 0001:00027f3d       _Field_Key                 00428f3d f   qmenu.obj
 0001:000281a6       _Menu_AddItem              004291a6 f   qmenu.obj
 0001:000281db       _Menu_AdjustCursor         004291db f   qmenu.obj
 0001:0002831a       _Menu_Center               0042931a f   qmenu.obj
 0001:00028352       _Menu_DrawDotsItem         00429352 f   qmenu.obj
 0001:000283b7       _Menu_Draw                 004293b7 f   qmenu.obj
 0001:00028668       _Menu_ItemAtCursor         00429668 f   qmenu.obj
 0001:00028680       _Menu_SelectItem           00429680 f   qmenu.obj
 0001:000286c2       _Menu_SetStatusBar         004296c2 f   qmenu.obj
 0001:000286d1       _Menu_SlideItem            004296d1 f   qmenu.obj
 0001:00028721       _Menu_TallySlots           00429721 f   qmenu.obj
 0001:00028bd1       _S_SoundInfo_f             00429bd1 f   snd_dma.obj
 0001:00028c5b       _S_ReadModelsSex           00429c5b f   snd_dma.obj
 0001:00028d44       _S_IsFemale                00429d44 f   snd_dma.obj
 0001:00028dd2       _S_Init                    00429dd2 f   snd_dma.obj
 0001:00028ea5       _S_Shutdown                00429ea5 f   snd_dma.obj
 0001:00028f2f       _S_FindName                00429f2f f   snd_dma.obj
 0001:0002901b       _S_AliasName               0042a01b f   snd_dma.obj
 0001:000290a7       _S_BeginRegistration       0042a0a7 f   snd_dma.obj
 0001:000290b8       _S_RegisterSound           0042a0b8 f   snd_dma.obj
 0001:0002911e       _S_EndRegistration         0042a11e f   snd_dma.obj
 0001:000291b1       _S_PickChannel             0042a1b1 f   snd_dma.obj
 0001:00029248       _S_SpatializeOrigin        0042a248 f   snd_dma.obj
 0001:0002936a       _S_Spatialize              0042a36a f   snd_dma.obj
 0001:000293d8       _S_AllocPlaysound          0042a3d8 f   snd_dma.obj
 0001:000293f7       _S_FreePlaysound           0042a3f7 f   snd_dma.obj
 0001:00029427       _S_IssuePlaysound          0042a427 f   snd_dma.obj
 0001:000294e5       _S_RegisterSexedSound      0042a4e5 f   snd_dma.obj
 0001:000295c9       _S_StartSound              0042a5c9 f   snd_dma.obj
 0001:0002975f       _S_StartLocalSound         0042a75f f   snd_dma.obj
 0001:000297ae       _S_ClearBuffer             0042a7ae f   snd_dma.obj
 0001:00029806       _S_StopAllSounds           0042a806 f   snd_dma.obj
 0001:00029881       _S_AddLoopSounds           0042a881 f   snd_dma.obj
 0001:00029a56       _S_RawSamples              0042aa56 f   snd_dma.obj
 0001:00029c5a       _S_Update                  0042ac5a f   snd_dma.obj
 0001:00029d81       _GetSoundtime              0042ad81 f   snd_dma.obj
 0001:00029de8       _S_Update_                 0042ade8 f   snd_dma.obj
 0001:00029e7e       _S_Play                    0042ae7e f   snd_dma.obj
 0001:00029f2e       _S_SoundList               0042af2e f   snd_dma.obj
 0001:00029fef       _ResampleSfx               0042afef f   snd_mem.obj
 0001:0002a0f3       _S_LoadSound               0042b0f3 f   snd_mem.obj
 0001:0002a219       _FindNextChunk             0042b219 f   snd_mem.obj
 0001:0002a2a3       _GetWavinfo                0042b2a3 f   snd_mem.obj
 0001:0002a493       _S_WriteLinearBlastStereo16 0042b493 f   snd_mix.obj
 0001:0002a507       _S_TransferStereo16        0042b507 f   snd_mix.obj
 0001:0002a570       _S_TransferPaintBuffer     0042b570 f   snd_mix.obj
 0001:0002a6cc       _S_PaintChannels           0042b6cc f   snd_mix.obj
 0001:0002a8f1       _S_InitScaletable          0042b8f1 f   snd_mix.obj
 0001:0002a944       _S_PaintChannelFrom8       0042b944 f   snd_mix.obj
 0001:0002aa46       _S_PaintChannelFrom16      0042ba46 f   snd_mix.obj
 0001:0002aab1       _FreeSound                 0042bab1 f   snd_win.obj
 0001:0002abc1       _SNDDMA_InitDirect         0042bbc1 f   snd_win.obj
 0001:0002b090       _SNDDMA_Init               0042c090 f   snd_win.obj
 0001:0002b10c       _SNDDMA_GetDMAPos          0042c10c f   snd_win.obj
 0001:0002b156       _SNDDMA_BeginPainting      0042c156 f   snd_win.obj
 0001:0002b258       _SNDDMA_Submit             0042c258 f   snd_win.obj
 0001:0002b27d       _SNDDMA_Shutdown           0042c27d f   snd_win.obj
 0001:0002b282       _S_Activate                0042c282 f   snd_win.obj
 0001:0002b2ad       _SV_SetMaster_f            0042c2ad f   sv_ccmds.obj
 0001:0002b3bf       _SV_WipeSavegame           0042c3bf f   sv_ccmds.obj
 0001:0002b3ed       _SV_CopySaveGame           0042c3ed f   sv_ccmds.obj
 0001:0002b442       _SV_WriteLevelFile         0042c442 f   sv_ccmds.obj
 0001:0002b4f0       _SV_ReadLevelFile          0042c4f0 f   sv_ccmds.obj
 0001:0002b59e       _SV_WriteServerFile        0042c59e f   sv_ccmds.obj
 0001:0002b7fe       _SV_ReadServerFile         0042c7fe f   sv_ccmds.obj
 0001:0002b918       _SV_DemoMap_f              0042c918 f   sv_ccmds.obj
 0001:0002b950       _SV_GameMap_f              0042c950 f   sv_ccmds.obj
 0001:0002bac0       _SV_Map_f                  0042cac0 f   sv_ccmds.obj
 0001:0002bb2d       _SV_Loadgame_f             0042cb2d f   sv_ccmds.obj
 0001:0002bc32       _SV_Savegame_f             0042cc32 f   sv_ccmds.obj
 0001:0002bd37       _SV_AddressBanned          0042cd37 f   sv_ccmds.obj
 0001:0002bd79       _SV_InitOperatorCommands   0042cd79 f   sv_ccmds.obj
 0001:0002c718       _SV_EmitPacketEntities     0042d718 f   sv_ents.obj
 0001:0002c886       _SV_WritePlayerstateToClient 0042d886 f   sv_ents.obj
 0001:0002cd44       _SV_WriteFrameToClient     0042dd44 f   sv_ents.obj
 0001:0002ce00       _SV_FatPVS                 0042de00 f   sv_ents.obj
 0001:0002cf2d       _SV_BuildClientFrame       0042df2d f   sv_ents.obj
 0001:0002d1f8       _SV_RecordDemoMessage      0042e1f8 f   sv_ents.obj
 0001:0002d317       _SV_ShutdownGameProgs      0042e317 f   sv_game.obj
 0001:0002d330       _SV_InitGameProgs          0042e330 f   sv_game.obj
 0001:0002dbdb       _SV_FindIndex              0042ebdb f   sv_init.obj
 0001:0002dca2       _SV_ModelIndex             0042eca2 f   sv_init.obj
 0001:0002dcb8       _SV_SoundIndex             0042ecb8 f   sv_init.obj
 0001:0002dcd1       _SV_ImageIndex             0042ecd1 f   sv_init.obj
 0001:0002dcea       _SV_CreateBaseline         0042ecea f   sv_init.obj
 0001:0002dd4d       _SV_CheckForSavegame       0042ed4d f   sv_init.obj
 0001:0002ddd5       _SV_SpawnServer            0042edd5 f   sv_init.obj
 0001:0002e06b       _SV_InitGame               0042f06b f   sv_init.obj
 0001:0002e256       _SV_Map                    0042f256 f   sv_init.obj
 0001:0002e414       _SV_DropClient             0042f414 f   sv_main.obj
 0001:0002e489       _SV_StatusString           0042f489 f   sv_main.obj
 0001:0002e568       _SVC_Info                  0042f568 f   sv_main.obj
 0001:0002e629       _SVC_GetChallenge          0042f629 f   sv_main.obj
 0001:0002e6d1       _SVC_DirectConnect         0042f6d1 f   sv_main.obj
 0001:0002eb3f       _Rcon_Validate             0042fb3f f   sv_main.obj
 0001:0002eb70       _SVC_RemoteCommand         0042fb70 f   sv_main.obj
 0001:0002ec42       _SV_ConnectionlessPacket   0042fc42 f   sv_main.obj
 0001:0002eda4       _SV_CalcPings              0042fda4 f   sv_main.obj
 0001:0002ee2b       _SV_GiveMsec               0042fe2b f   sv_main.obj
 0001:0002ee6a       _SV_ReadPackets            0042fe6a f   sv_main.obj
 0001:0002ef80       _SV_CheckTimeouts          0042ff80 f   sv_main.obj
 0001:0002f026       _SV_PostprocessFrame       00430026 f   sv_main.obj
 0001:0002f412       _SV_MulticastHook          00430412 f   sv_main.obj
 0001:0002f6b9       _SV_TraceHook              004306b9 f   sv_main.obj
 0001:0002f7d2       _SV_Frame                  004307d2 f   sv_main.obj
 0001:0002f96e       _Master_Heartbeat          0043096e f   sv_main.obj
 0001:0002fa12       _Master_Shutdown           00430a12 f   sv_main.obj
 0001:0002fa85       _SV_UserinfoChanged        00430a85 f   sv_main.obj
 0001:0002fb48       _SV_Init                   00430b48 f   sv_main.obj
 0001:0002fbab       _SV_Shutdown               00430bab f   sv_main.obj
 0001:0002fd06       _SV_FlushRedirect          00430d06 f   sv_send.obj
 0001:0002fd78       _SV_ClientPrintf           00430d78 f   sv_send.obj
 0001:0002fdce       _SV_BroadcastPrintf        00430dce f   sv_send.obj
 0001:0002fe9f       _SV_BroadcastCommand       00430e9f f   sv_send.obj
 0001:0002fef1       _SV_Multicast              00430ef1 f   sv_send.obj
 0001:000300e1       _SV_MulticastOld           004310e1 f   sv_send.obj
 0001:000300f4       _SV_StartSound             004310f4 f   sv_send.obj
 0001:0003034e       _SV_StartSoundOld          0043134e f   sv_send.obj
 0001:0003037e       _SV_StartSoundNew          0043137e f   sv_send.obj
 0001:000303ae       _SV_SendClientDatagram     004313ae f   sv_send.obj
 0001:00030485       _SV_DemoCompleted          00431485 f   sv_send.obj
 0001:000304a1       _SV_RateDrop               004314a1 f   sv_send.obj
 0001:000304ec       _SV_SendClientMessages     004314ec f   sv_send.obj
 0001:0003063f       _SV_BeginDemoserver        0043163f f   sv_user.obj
 0001:0003068f       _SV_New_f                  0043168f f   sv_user.obj
 0001:00030804       _SV_Configstrings_f        00431804 f   sv_user.obj
 0001:0003095e       _SV_Baselines_f            0043195e f   sv_user.obj
 0001:00030ad2       _SV_Begin_f                00431ad2 f   sv_user.obj
 0001:00030b2f       _SV_NextDownload_f         00431b2f f   sv_user.obj
 0001:00030c03       _SV_BeginDownload_f        00431c03 f   sv_user.obj
 0001:00030e1b       _SV_Disconnect_f           00431e1b f   sv_user.obj
 0001:00030e2b       _SV_ShowServerinfo_f       00431e2b f   sv_user.obj
 0001:00030e38       _SV_Nextserver             00431e38 f   sv_user.obj
 0001:00030e97       _SV_Nextserver_f           00431e97 f   sv_user.obj
 0001:00030ede       _SV_ExecuteUserCommand     00431ede f   sv_user.obj
 0001:00030f4b       _SV_ClientThink            00431f4b f   sv_user.obj
 0001:00030f8e       _SV_ExecuteClientMessage   00431f8e f   sv_user.obj
 0001:000311bf       _SV_ClearWorld             004321bf f   sv_world.obj
 0001:00031323       _SV_UnlinkEdict            00432323 f   sv_world.obj
 0001:00031386       _SV_LinkEdict              00432386 f   sv_world.obj
 0001:00031943       _SV_AreaEdicts             00432943 f   sv_world.obj
 0001:00031ab4       _SV_PointContents          00432ab4 f   sv_world.obj
 0001:00031b9f       _SV_ClipMoveToEntities     00432b9f f   sv_world.obj
 0001:00031ef1       _SV_Trace                  00432ef1 f   sv_world.obj
 0001:00031f5c       _Sys_Error                 00432f5c f   sys_win.obj
 0001:00031fbc       _Sys_Quit                  00432fbc f   sys_win.obj
 0001:00031ffc       _Sys_ScanForCD             00432ffc f   sys_win.obj
 0001:00032098       _Sys_Init                  00433098 f   sys_win.obj
 0001:000324b7       _Sys_ConsoleInput          004334b7 f   sys_win.obj
 0001:00032617       _Sys_ConsoleOutput         00433617 f   sys_win.obj
 0001:000326c8       _Sys_SendKeyEvents         004336c8 f   sys_win.obj
 0001:00032731       _Sys_GetClipboardData      00433731 f   sys_win.obj
 0001:0003278a       _Sys_AppActivate           0043378a f   sys_win.obj
 0001:000327a5       _Sys_UnloadGame            004337a5 f   sys_win.obj
 0001:000327ca       _Sys_GetGameAPI            004337ca f   sys_win.obj
 0001:000328b7       _ParseCommandLine          004338b7 f   sys_win.obj
 0001:0003292c       _WinMain@16                0043392c f   sys_win.obj
 0001:00032a69       _AppActivate               00433a69 f   vid_dll.obj
 0001:00032b9e       _Vid_CreateWindow          00433b9e f   vid_dll.obj
 0001:00033186       _Vid_DestroyWindow         00434186 f   vid_dll.obj
 0001:000331cf       _Vid_GetModeInfo           004341cf f   vid_dll.obj
 0001:000331fe       _Vid_UpdateWindowPosAndSize 004341fe f   vid_dll.obj
 0001:00033265       _Vid_FreeReflib            00434265 f   vid_dll.obj
 0001:000332a6       _Vid_CheckChanges          004342a6 f   vid_dll.obj
 0001:0003366a       _Vid_Init                  0043466a f   vid_dll.obj
 0001:000336db       _Vid_Shutdown              004346db f   vid_dll.obj
 0001:00033709       _Vid_MenuInit              00434709 f   vid_menu.obj
 0001:00033e44       _Vid_MenuDraw              00434e44 f   vid_menu.obj
 0001:00033ed8       _Vid_MenuKey               00434ed8 f   vid_menu.obj
 0001:00034210       _TesselateText             00435210 f   gl_backend.obj
 0001:00035ce5       _GL_BackEnd                00436ce5 f   gl_backend.obj
 0001:00037550       _GL_InitBackend            00438550 f   gl_backend.obj
 0001:00037587       _GL_ShutdownBackend        00438587 f   gl_backend.obj
 0001:0003759b       _GL_AllocDynamicMemory     0043859b f   gl_buffers.obj
 0001:00037609       _GL_ResizeDynamicMemory    00438609 f   gl_buffers.obj
 0001:0003765b       _GL_AddSurfaceToPortal     0043865b f   gl_buffers.obj
 0001:000376be       _GL_AddDynamicSurface      004386be f   gl_buffers.obj
 0001:000376e6       _GL_InsertShaderIndex      004386e6 f   gl_buffers.obj
 0001:00037732       _GL_ClearPortal            00438732 f   gl_buffers.obj
 0001:0003774e       _GL_FinishPortal           0043874e f   gl_buffers.obj
 0001:000377a4       _GL_SortSurfaces           004387a4 f   gl_buffers.obj
 0001:0003793f       _GL_ClearBuffers           0043893f f   gl_buffers.obj
 0001:00037956       _GL_TextureMode            00438956 f   gl_image.obj
 0001:00037a05       _GL_CreateImage            00438a05 f   gl_image.obj
 0001:00038720       _GL_SetRawPalette          00439720 f   gl_image.obj
 0001:00038751       _GL_DrawStretchRaw         00439751 f   gl_image.obj
 0001:00038a16       _GL_SetupGamma             00439a16 f   gl_image.obj
 0001:00038bb6       _GL_PerformScreenshot      00439bb6 f   gl_image.obj
 0001:00038dd5       _GL_InitImages             00439dd5 f   gl_image.obj
 0001:0003934a       _GL_ShutdownImages         0043a34a f   gl_image.obj
 0001:000393c5       _GL_ShowImages             0043a3c5 f   gl_image.obj
 0001:000395fb       _GL_FindImage              0043a5fb f   gl_image.obj
 0001:000399f8       _GL_Lock                   0043a9f8 f   gl_interface.obj
 0001:00039a75       _GL_Unlock                 0043aa75 f   gl_interface.obj
 0001:00039bfe       _GL_Bind                   0043abfe f   gl_interface.obj
 0001:00039cf1       _GL_BindForce              0043acf1 f   gl_interface.obj
 0001:00039d3d       _GL_TexEnv                 0043ad3d f   gl_interface.obj
 0001:00039eba       _GL_TexEnvColor            0043aeba f   gl_interface.obj
 0001:00039f66       _GL_SelectTexture          0043af66 f   gl_interface.obj
 0001:00039fc4       _GL_TexCoordPointer        0043afc4 f   gl_interface.obj
 0001:00039ff3       _GL_SetMultitexture        0043aff3 f   gl_interface.obj
 0001:0003a0cb       _GL_DisableTexCoordArrays  0043b0cb f   gl_interface.obj
 0001:0003a124       _GL_CullFace               0043b124 f   gl_interface.obj
 0001:0003a175       _GL_DepthRange             0043b175 f   gl_interface.obj
 0001:0003a1a8       _GL_State                  0043b1a8 f   gl_interface.obj
 0001:0003a301       _GL_EnableFog              0043b301 f   gl_interface.obj
 0001:0003a405       _GL_SetDefaultState        0043b405 f   gl_interface.obj
 0001:0003a524       _GL_Set2DMode              0043b524 f   gl_interface.obj
 0001:0003a622       _GL_Setup                  0043b622 f   gl_interface.obj
 0001:0003a75b       _GL_ShowLights             0043b75b f   gl_light.obj
 0001:0003aa18       _GL_LightForEntity         0043ba18 f   gl_light.obj
 0001:0003bb8e       _GL_ApplyEntitySpherelights 0043cb8e f   gl_light.obj
 0001:0003bd26       _LM_Init                   0043cd26 f   gl_lightmap.obj
 0001:0003bd3c       _LM_Flush                  0043cd3c f   gl_lightmap.obj
 0001:0003bd9a       _LM_Done                   0043cd9a f   gl_lightmap.obj
 0001:0003bdc1       _LM_Save                   0043cdc1 f   gl_lightmap.obj
 0001:0003bddb       _LM_Restore                0043cddb f   gl_lightmap.obj
 0001:0003bdf5       _LM_NewBlock               0043cdf5 f   gl_lightmap.obj
 0001:0003be6e       _LM_Rewind                 0043ce6e f   gl_lightmap.obj
 0001:0003be76       _LM_NextBlock              0043ce76 f   gl_lightmap.obj
 0001:0003bea7       _LM_AllocBlock             0043cea7 f   gl_lightmap.obj
 0001:0003bf5a       _LM_PutBlock               0043cf5a f   gl_lightmap.obj
 0001:0003c0ef       _LM_SortLightStyles        0043d0ef f   gl_lightmap.obj
 0001:0003c17d       _GL_UpdateDynamicLightmap  0043d17d f   gl_lightmap.obj
 0001:0003c66c       _GL_DrawStretchPic         0043d66c f   gl_main.obj
 0001:0003c728       _DrawTextLeft              0043d728 f   gl_main.obj
 0001:0003c833       _DrawTextRight             0043d833 f   gl_main.obj
 0001:0003c884       _GL_GetRefAPI              0043d884 f   gl_main.obj
 0001:0003e0cb       _GL_InitFuncTables         0043f0cb f   gl_math.obj
 0001:0003e275       _ModelToWorldCoord         0043f275 f   gl_math.obj
 0001:0003e2c9       _WorldToModelCoord         0043f2c9 f   gl_math.obj
 0001:0003e310       _GL_FindModel              0043f310 f   gl_model.obj
 0001:0003e48b       _GL_LoadWorldMap           0043f48b f   gl_model.obj
 0001:0004052b       _GL_PointInLeaf            0044152b f   gl_model.obj
 0001:00040e50       _ATAN2_FUNC                00441e50 f i gl_model.obj
 0001:00040fe9       _GL_FindSkin               00441fe9 f   gl_model.obj
 0001:0004113f       _GL_ResetModels            0044213f f   gl_model.obj
 0001:00041209       _GL_InitModels             00442209 f   gl_model.obj
 0001:00041276       _GL_ShutdownModels         00442276 f   gl_model.obj
 0001:0004128c       _SubdividePlane            0044228c f   gl_poly.obj
 0001:000416dc       _FreeSubdividedPlane       004426dc f   gl_poly.obj
 0001:000416f4       _GetSubdivideIndexes       004426f4 f   gl_poly.obj
 0001:00041747       _RemoveCollinearPoints     00442747 f   gl_poly.obj
 0001:0004185b       _GetPolyArea               0044285b f   gl_poly.obj
 0001:000418ef       _GL_InitShaders            004428ef f   gl_shader.obj
 0001:00041a18       _GL_ShutdownShaders        00442a18 f   gl_shader.obj
 0001:00041a42       _GL_SetShaderLightmap      00442a42 f   gl_shader.obj
 0001:00041e09       _GL_SetShaderLightstyles   00442e09 f   gl_shader.obj
 0001:00041ea5       _GL_GetAlphaShader         00442ea5 f   gl_shader.obj
 0001:000421d5       _GL_FindShader             004431d5 f   gl_shader.obj
 0001:00042726       _GL_GetShaderByNum         00443726 f   gl_shader.obj
 0001:00042744       _GL_ResetShaders           00443744 f   gl_shader.obj
 0001:00042b3a       _GL_ClearSkyBox            00443b3a f   gl_sky.obj
 0001:00042b5d       _GL_ShowWholeSky           00443b5d f   gl_sky.obj
 0001:00042b85       _GL_AddSkySurface          00443b85 f   gl_sky.obj
 0001:00043177       _GL_TesselateSkySide       00444177 f   gl_sky.obj
 0001:0004343a       _GL_AddEntity              0044443a f   gl_world.obj
 0001:0004393d       _GL_AddDlight              0044493d f   gl_world.obj
 0001:00043b14       _GL_DrawPortal             00444b14 f   gl_world.obj
 0001:0004615e       _GLimp_SetMode             0044715e f   glw_imp.obj
 0001:00046400       _GLimp_HasGamma            00447400 f   glw_imp.obj
 0001:00046415       _GLimp_SetGamma            00447415 f   glw_imp.obj
 0001:000465bb       _GLimp_Shutdown            004475bb f   glw_imp.obj
 0001:000466c8       _GLimp_Init                004476c8 f   glw_imp.obj
 0001:00046a0c       _GLimp_EndFrame            00447a0c f   glw_imp.obj
 0001:00046aa8       _GLimp_AppActivate         00447aa8 f   glw_imp.obj
 0001:00048189       _QGL_Shutdown              00449189 f   qgl_win.obj
 0001:000481bb       _QGL_Init                  004491bb f   qgl_win.obj
 0001:0004823f       _QGL_InitExtensions        0044923f f   qgl_win.obj
 0001:0004856d       _QGL_EnableLogging         0044956d f   qgl_win.obj
 0001:00048638       _QGL_LogMessage            00449638 f   qgl_win.obj
 0001:0004864f       _Hunk_Begin                0044964f f   q_shwin.obj
 0001:00048689       _Hunk_Alloc                00449689 f   q_shwin.obj
 0001:00048710       _Hunk_End                  00449710 f   q_shwin.obj
 0001:00048716       _Hunk_Free                 00449716 f   q_shwin.obj
 0001:0004872f       _Sys_Milliseconds          0044972f f   q_shwin.obj
 0001:00048763       _Sys_Mkdir                 00449763 f   q_shwin.obj
 0001:0004876f       _Sys_FindFirst             0044976f f   q_shwin.obj
 0001:00048889       _Sys_FindNext              00449889 f   q_shwin.obj
 0001:000488fb       _Sys_FindClose             004498fb f   q_shwin.obj
 0001:00048915       _R_Alias_clip_z            00449915 f   r_aclip.obj
 0001:000489c2       _R_Alias_clip_left         004499c2 f   r_aclip.obj
 0001:00048b90       _R_Alias_clip_right        00449b90 f   r_aclip.obj
 0001:00048d5e       _R_Alias_clip_top          00449d5e f   r_aclip.obj
 0001:00048f2e       _R_Alias_clip_bottom       00449f2e f   r_aclip.obj
 0001:000490fe       _R_AliasClip               0044a0fe f   r_aclip.obj
 0001:000491ce       _R_AliasClipTriangle       0044a1ce f   r_aclip.obj
 0001:000493c0       _R_AliasCheckFrameBBox     0044a3c0 f   r_alias.obj
 0001:000494f3       _R_AliasCheckBBox          0044a4f3 f   r_alias.obj
 0001:00049557       _R_AliasTransformVector    0044a557 f   r_alias.obj
 0001:000495b3       _R_AliasPreparePoints      0044a5b3 f   r_alias.obj
 0001:0004984b       _R_AliasSetUpTransform     0044a84b f   r_alias.obj
 0001:000499da       _R_AliasTransformFinalVerts 0044a9da f   r_alias.obj
 0001:00049bab       _R_AliasProjectAndClipTestFinalVert 0044abab f   r_alias.obj
 0001:00049c33       _R_AliasSetupLighting      0044ac33 f   r_alias.obj
 0001:00049d9d       _R_AliasSetupFrames        0044ad9d f   r_alias.obj
 0001:00049e11       _R_AliasSetUpLerpData      0044ae11 f   r_alias.obj
 0001:00049f39       _R_AliasDrawModel          0044af39 f   r_alias.obj
 0001:0004a1c0       _R_EntityRotate            0044b1c0 f   r_bsp.obj
 0001:0004a241       _R_RotateBmodel            0044b241 f   r_bsp.obj
 0001:0004a39c       _R_RecursiveClipBPoly      0044b39c f   r_bsp.obj
 0001:0004a6cc       _R_DrawSolidClippedSubmodelPolygons 0044b6cc f   r_bsp.obj
 0001:0004a853       _R_DrawSubmodelPolygons    0044b853 f   r_bsp.obj
 0001:0004a8e3       _R_RecursiveWorldNode      0044b8e3 f   r_bsp.obj
 0001:0004ab3e       _R_RenderWorld             0044bb3e f   r_bsp.obj
 0001:0004abad       _Draw_FindPic              0044bbad f   r_draw.obj
 0001:0004abf0       _Draw_InitLocal            0044bbf0 f   r_draw.obj
 0001:0004ac01       _Draw_Char                 0044bc01 f   r_draw.obj
 0001:0004ace2       _Draw_CharColor            0044bce2 f   r_draw.obj
 0001:0004adf1       _R_DrawTexts               0044bdf1 f   r_draw.obj
 0001:0004ae67       _DrawText_Pos              0044be67 f   r_draw.obj
 0001:0004af73       _DrawText_Left             0044bf73 f   r_draw.obj
 0001:0004afaf       _DrawText_Right            0044bfaf f   r_draw.obj
 0001:0004affe       _Draw_GetPicSize           0044bffe f   r_draw.obj
 0001:0004b03e       _Draw_StretchPicImplementation 0044c03e f   r_draw.obj
 0001:0004b168       _Draw_StretchPic           0044c168 f   r_draw.obj
 0001:0004b1a0       _Draw_StretchRaw           0044c1a0 f   r_draw.obj
 0001:0004b1d2       _Draw_Pic                  0044c1d2 f   r_draw.obj
 0001:0004b38b       _Draw_PicColor             0044c38b f   r_draw.obj
 0001:0004b544       _Draw_TileClear            0044c544 f   r_draw.obj
 0001:0004b614       _Draw_Fill                 0044c614 f   r_draw.obj
 0001:0004b6b0       _Draw_Fade                 0044c6b0 f   r_draw.obj
 0001:0004b712       _R_BeginEdgeFrame          0044c712 f   r_edge.obj
 0001:0004b7ce       _R_InsertNewEdges          0044c7ce f   r_edge.obj
 0001:0004b814       _R_RemoveEdges             0044c814 f   r_edge.obj
 0001:0004b832       _R_StepActiveU             0044c832 f   r_edge.obj
 0001:0004b8c6       _R_CleanupSpan             0044c8c6 f   r_edge.obj
 0001:0004b916       _R_LeadingEdgeBackwards    0044c916 f   r_edge.obj
 0001:0004b9ab       _R_TrailingEdge            0044c9ab f   r_edge.obj
 0001:0004ba0f       _R_LeadingEdge             0044ca0f f   r_edge.obj
 0001:0004bbb2       _R_GenerateSpans           0044cbb2 f   r_edge.obj
 0001:0004bc20       _R_GenerateSpansBackward   0044cc20 f   r_edge.obj
 0001:0004bc8e       _R_ScanEdges               0044cc8e f   r_edge.obj
 0001:0004be65       _D_FlatFillSurface         0044ce65 f   r_edge.obj
 0001:0004bebf       _D_CalcGradients           0044cebf f   r_edge.obj
 0001:0004c0d6       _D_BackgroundSurf          0044d0d6 f   r_edge.obj
 0001:0004c116       _D_TurbulentSurf           0044d116 f   r_edge.obj
 0001:0004c238       _D_SkySurf                 0044d238 f   r_edge.obj
 0001:0004c2b9       _D_SolidSurf               0044d2b9 f   r_edge.obj
 0001:0004c424       _D_DrawflatSurfaces        0044d424 f   r_edge.obj
 0001:0004c474       _D_DrawSurfaces            0044d474 f   r_edge.obj
 0001:0004c572       _R_ImageList_f             0044d572 f   r_image.obj
 0001:0004c633       _R_FindFreeImage           0044d633 f   r_image.obj
 0001:0004c681       _R_LoadPic                 0044d681 f   r_image.obj
 0001:0004c711       _R_LoadTex                 0044d711 f   r_image.obj
 0001:0004c79d       _R_LoadWal                 0044d79d f   r_image.obj
 0001:0004c7f3       _R_MipMap                  0044d7f3 f   r_image.obj
 0001:0004c921       _R_DownsampleImage         0044d921 f   r_image.obj
 0001:0004ca26       _R_FindImage               0044da26 f   r_image.obj
 0001:0004cdcb       _R_RegisterSkin            0044ddcb f   r_image.obj
 0001:0004cdd9       _R_FreeUnusedImages        0044ddd9 f   r_image.obj
 0001:0004ce39       _R_InitImages              0044de39 f   r_image.obj
 0001:0004ce9f       _R_ShutdownImages          0044de9f f   r_image.obj
 0001:0004cedc       _R_MarkLights              0044dedc f   r_light.obj
 0001:0004cfab       _R_PushDlights             0044dfab f   r_light.obj
 0001:0004d009       _RecursiveLightPoint       0044e009 f   r_light.obj
 0001:0004d2b8       _R_LightPoint              0044e2b8 f   r_light.obj
 0001:0004d3cf       _R_AddDynamicLights        0044e3cf f   r_light.obj
 0001:0004d669       _R_BuildLightMap           0044e669 f   r_light.obj
 0001:0004d75f       _R_InitTextures            0044e75f f   r_main.obj
 0001:0004d820       _R_InitTurb                0044e820 f   r_main.obj
 0001:0004d89d       _R_Register                0044e89d f   r_main.obj
 0001:0004d905       _R_Init                    0044e905 f   r_main.obj
 0001:0004d996       _R_Shutdown                0044e996 f   r_main.obj
 0001:0004da0b       _R_NewMap                  0044ea0b f   r_main.obj
 0001:0004dab5       _R_MarkLeaves              0044eab5 f   r_main.obj
 0001:0004dbdc       _R_DrawEntitiesOnList      0044ebdc f   r_main.obj
 0001:0004ddeb       _R_BmodelCheckBBox         0044edeb f   r_main.obj
 0001:0004de9d       _R_FindTopnode             0044ee9d f   r_main.obj
 0001:0004df25       _RotatedBBox               0044ef25 f   r_main.obj
 0001:0004e084       _R_DrawBEntitiesOnList     0044f084 f   r_main.obj
 0001:0004e29c       _R_EdgeDrawing             0044f29c f   r_main.obj
 0001:0004e371       _R_CalcPalette             0044f371 f   r_main.obj
 0001:0004e476       _R_SetLightLevel           0044f476 f   r_main.obj
 0001:0004e4c6       _R_RenderFrame             0044f4c6 f   r_main.obj
 0001:0004e6b7       _R_InitGraphics            0044f6b7 f   r_main.obj
 0001:0004e72d       _R_BeginFrame              0044f72d f   r_main.obj
 0001:0004e850       _R_GammaCorrectAndSetPalette 0044f850 f   r_main.obj
 0001:0004e8af       _R_CinematicSetPalette     0044f8af f   r_main.obj
 0001:0004e946       _Draw_BuildGammaTable      0044f946 f   r_main.obj
 0001:0004e9f1       _R_DrawBeam                0044f9f1 f   r_main.obj
 0001:0004eb57       _R_SetSky                  0044fb57 f   r_main.obj
 0001:0004ebd2       _Draw_GetPalette           0044fbd2 f   r_main.obj
 0001:0004ed1a       _Draw_ConCharColor         0044fd1a f   r_main.obj
 0001:0004ed3b       _GetRefAPI                 0044fd3b f   r_main.obj
 0001:0004ef87       _D_ViewChanged             0044ff87 f   r_misc.obj
 0001:0004f0e3       _R_PrintTimes              004500e3 f   r_misc.obj
 0001:0004f15d       _R_PrintDSpeeds            0045015d f   r_misc.obj
 0001:0004f224       _R_PrintAliasStats         00450224 f   r_misc.obj
 0001:0004f237       _R_TransformFrustum        00450237 f   r_misc.obj
 0001:0004f2ff       _TransformVector           004502ff f   r_misc.obj
 0001:0004f36a       _R_SetUpFrustumIndexes     0045036a f   r_misc.obj
 0001:0004f3cf       _R_ViewChanged             004503cf f   r_misc.obj
 0001:0004f6de       _R_SetupFrame              004506de f   r_misc.obj
 0001:0004f8ca       _jpeg_mem_term             004508ca f   r_misc.obj
 0001:0004f8ca       __setargv                  004508ca f   r_misc.obj
 0001:0004f8ca       _R_SurfacePatch            004508ca f   r_misc.obj
 0001:0004f8ca       _Qcommon_Shutdown          004508ca f   r_misc.obj
 0001:0004f8cb       _WritePCXfile              004508cb f   r_misc.obj
 0001:0004f9ed       _R_ScreenShot              004509ed f   r_misc.obj
 0001:0004fafc       _Mod_Modellist_f           00450afc f   r_model.obj
 0001:0004fb5a       _Mod_Init                  00450b5a f   r_model.obj
 0001:0004fb72       _Mod_ForName               00450b72 f   r_model.obj
 0001:0004fdae       _Mod_PointInLeaf           00450dae f   r_model.obj
 0001:0004fe10       _Mod_DecompressVis         00450e10 f   r_model.obj
 0001:0004fe90       _Mod_ClusterPVS            00450e90 f   r_model.obj
 0001:0004febd       _Mod_LoadLighting          00450ebd f   r_model.obj
 0001:0004ff3c       _R_NumberLeafs             00450f3c f   r_model.obj
 0001:0004ff8a       _Mod_LoadVertexes          00450f8a f   r_model.obj
 0001:0004ffcc       _Mod_LoadEdges             00450fcc f   r_model.obj
 0001:0005001a       _Mod_LoadTexinfo           0045101a f   r_model.obj
 0001:00050182       _CalcSurfaceExtents        00451182 f   r_model.obj
 0001:00050317       _Mod_LoadFaces             00451317 f   r_model.obj
 0001:0005047e       _Mod_SetParent             0045147e f   r_model.obj
 0001:000504a3       _Mod_LoadNodes             004514a3 f   r_model.obj
 0001:00050599       _Mod_LoadLeafs             00451599 f   r_model.obj
 0001:00050642       _Mod_LoadMarksurfaces      00451642 f   r_model.obj
 0001:000506be       _Mod_LoadSurfedges         004516be f   r_model.obj
 0001:000506fd       _Mod_LoadPlanes            004516fd f   r_model.obj
 0001:00050762       _Mod_LoadBrushModel        00451762 f   r_model.obj
 0001:00050954       _Mod_LoadAliasModel        00451954 f   r_model.obj
 0001:00050bd4       _Mod_LoadSpriteModel       00451bd4 f   r_model.obj
 0001:00050cbb       _R_BeginRegistration       00451cbb f   r_model.obj
 0001:00050d4b       _R_RegisterModel           00451d4b f   r_model.obj
 0001:00050e43       _R_EndRegistration         00451e43 f   r_model.obj
 0001:00050eae       _Mod_FreeAll               00451eae f   r_model.obj
 0001:00050ef3       _R_DrawParticle            00451ef3 f   r_part.obj
 0001:0005117c       _R_DrawParticles           0045217c f   r_part.obj
 0001:00051226       _R_DrawSpanletOpaque       00452226 f   r_poly.obj
 0001:000512b6       _R_DrawSpanletTurbulentStipple33 004522b6 f   r_poly.obj
 0001:000513e1       _R_DrawSpanletTurbulentStipple66 004523e1 f   r_poly.obj
 0001:000515c2       _R_DrawSpanletTurbulentBlended66 004525c2 f   r_poly.obj
 0001:00051677       _R_DrawSpanletTurbulentBlended33 00452677 f   r_poly.obj
 0001:0005172c       _R_DrawSpanlet33           0045272c f   r_poly.obj
 0001:000517c6       _R_DrawSpanletConstant33   004527c6 f   r_poly.obj
 0001:0005181f       _R_DrawSpanlet66           0045281f f   r_poly.obj
 0001:000518bd       _R_DrawSpanlet33Stipple    004528bd f   r_poly.obj
 0001:000519d8       _R_DrawSpanlet66Stipple    004529d8 f   r_poly.obj
 0001:00051b69       _R_ClipPolyFace            00452b69 f   r_poly.obj
 0001:00051cda       _R_PolygonDrawSpans        00452cda f   r_poly.obj
 0001:00052062       _R_PolygonScanLeftEdge     00453062 f   r_poly.obj
 0001:00052196       _R_PolygonScanRightEdge    00453196 f   r_poly.obj
 0001:00052386       _R_ClipAndDrawPoly         00453386 f   r_poly.obj
 0001:00052588       _R_BuildPolygonFromSurface 00453588 f   r_poly.obj
 0001:00052794       _R_PolygonCalculateGradients 00453794 f   r_poly.obj
 0001:00052a4d       _R_DrawAlphaSurfaces       00453a4d f   r_poly.obj
 0001:00052ae3       _R_IMFlatShadedQuad        00453ae3 f   r_poly.obj
 0001:00052c25       _R_InitAdivtab             00453c25 f   r_polyse.obj
 0001:00052c90       _R_PolysetUpdateTables     00453c90 f   r_polyse.obj
 0001:00052ccb       _R_DrawTriangle            00453ccb f   r_polyse.obj
 0001:00052ddc       _R_PolysetScanLeftEdge_C   00453ddc f   r_polyse.obj
 0001:00052fa6       _FloorDivMod               00453fa6 f   r_polyse.obj
 0001:00053042       _R_PolysetSetUpForLineScan 00454042 f   r_polyse.obj
 0001:000530d0       _R_PolysetCalcGradients    004540d0 f   r_polyse.obj
 0001:000532db       _R_PolysetDrawSpans8_33    004542db f   r_polyse.obj
 0001:0005340b       _R_PolysetDrawSpansConstant8_33 0045440b f   r_polyse.obj
 0001:000534a5       _R_PolysetDrawSpans8_66    004544a5 f   r_polyse.obj
 0001:000535e1       _R_PolysetDrawSpansConstant8_66 004545e1 f   r_polyse.obj
 0001:00053689       _R_PolysetDrawSpans8_Opaque 00454689 f   r_polyse.obj
 0001:000537d4       _R_RasterizeAliasPolySmooth 004547d4 f   r_polyse.obj
 0001:00053db4       _R_PolysetSetEdgeTable     00454db4 f   r_polyse.obj
 0001:00053e4f       _R_InitSkyBox              00454e4f f   r_rast.obj
 0001:000540c9       _R_EmitSkyBox              004550c9 f   r_rast.obj
 0001:000541dc       _R_EmitEdge                004551dc f   r_rast.obj
 0001:000545b0       _R_ClipEdge                004555b0 f   r_rast.obj
 0001:0005475e       _R_EmitCachedEdge          0045575e f   r_rast.obj
 0001:000547b5       _R_RenderFace              004557b5 f   r_rast.obj
 0001:00054b7c       _R_RenderBmodelFace        00455b7c f   r_rast.obj
 0001:00054de5       _D_WarpScreen              00455de5 f   r_scan.obj
 0001:00054f8d       _D_DrawTurbulent8Span      00455f8d f   r_scan.obj
 0001:00055011       _Turbulent8                00456011 f   r_scan.obj
 0001:000552e5       _NonTurbulent8             004562e5 f   r_scan.obj
 0001:000555a3       _D_DrawSpans16             004565a3 f   r_scan.obj
 0001:0005583d       _D_DrawZSpans              0045683d f   r_scan.obj
 0001:000558fa       _R_DrawSprite              004568fa f   r_sprite.obj
 0001:00055b8f       _R_TextureAnimation        00456b8f f   r_surf.obj
 0001:00055bb3       _R_DrawSurface             00456bb3 f   r_surf.obj
 0001:00055d18       _R_DrawSurfaceBlock8_mip0  00456d18 f   r_surf.obj
 0001:00055e17       _R_DrawSurfaceBlock8_mip1  00456e17 f   r_surf.obj
 0001:00055f16       _R_DrawSurfaceBlock8_mip2  00456f16 f   r_surf.obj
 0001:00056015       _R_DrawSurfaceBlock8_mip3  00457015 f   r_surf.obj
 0001:00056111       _R_InitCaches              00457111 f   r_surf.obj
 0001:00056192       _D_FlushCaches             00457192 f   r_surf.obj
 0001:000561d7       _D_SCAlloc                 004571d7 f   r_surf.obj
 0001:0005636b       _D_CacheSurface            0045736b f   r_surf.obj
 0001:000564e0       _DDRAW_Init                004574e0 f   rw_ddraw.obj
 0001:000568f0       _DDRAW_SetPalette          004578f0 f   rw_ddraw.obj
 0001:00056959       _DDRAW_Shutdown            00457959 f   rw_ddraw.obj
 0001:00056ac4       _DIB_Init                  00457ac4 f   rw_dib.obj
 0001:00056ca9       _DIB_SetPalette            00457ca9 f   rw_dib.obj
 0001:00056e6d       _DIB_Shutdown              00457e6d f   rw_dib.obj
 0001:00056f66       _SWimp_Init                00457f66 f   rw_imp.obj
 0001:00056f6a       _SWimp_EndFrame            00457f6a f   rw_imp.obj
 0001:000570d6       _SWimp_SetMode             004580d6 f   rw_imp.obj
 0001:000571f8       _SWimp_SetPalette          004581f8 f   rw_imp.obj
 0001:0005721d       _SWimp_Shutdown            0045821d f   rw_imp.obj
 0001:00057264       _SWimp_AppActivate         00458264 f   rw_imp.obj
 0001:0005729e       _adler32                   0045829e f   adler32.obj
 0001:000573b7       _crc32                     004583b7 f   crc32.obj
 0001:000574cd       _inflate_blocks_reset      004584cd f   infblock.obj
 0001:00057538       _inflate_blocks_new        00458538 f   infblock.obj
 0001:000575c3       _inflate_blocks            004585c3 f   infblock.obj
 0001:00057dda       _inflate_blocks_free       00458dda f   infblock.obj
 0001:00057e0e       _inflate_codes_new         00458e0e f   infcodes.obj
 0001:00057e42       _inflate_codes             00458e42 f   infcodes.obj
 0001:00058400       _inflate_codes_free        00459400 f   infcodes.obj
 0001:00058411       _inflate_fast              00459411 f   inffast.obj
 0001:000586dc       _inflateReset              004596dc f   inflate.obj
 0001:0005871b       _inflateEnd                0045971b f   inflate.obj
 0001:00058759       _inflateInit2_             00459759 f   inflate.obj
 0001:00058843       _inflate                   00459843 f   inflate.obj
 0001:00058ba6       _inflate_trees_bits        00459ba6 f   inftrees.obj
 0001:00058fb4       _inflate_trees_dynamic     00459fb4 f   inftrees.obj
 0001:000590b7       _inflate_trees_fixed       0045a0b7 f   inftrees.obj
 0001:000590e6       _inflate_flush             0045a0e6 f   infutil.obj
[...]
 0001:0002c4e5       _SV_Serverinfo_f           0042d4e5 f   sv_ccmds.obj
 0001:0002c4fd       _SV_ServerRecord_f         0042d4fd f   sv_ccmds.obj
 0001:0002c6b4       _SV_ServerStop_f           0042d6b4 f   sv_ccmds.obj
 0001:0002c6e0       _SV_KillServer_f           0042d6e0 f   sv_ccmds.obj
 0001:0002c700       _SV_ServerCommand_f        0042d700 f   sv_ccmds.obj
 0001:0002ab29       _DS_DestroyBuffers         0042bb29 f   snd_win.obj
 0001:0002ad12       _DS_CreateBuffers          0042bd12 f   snd_win.obj
 0001:0002a275       _GetLittleLong             0042b275 f   snd_mem.obj
 0001:0002a476       _GetLittleShort            0042b476 f   snd_mem.obj
 0001:0002825f       _Menu_MakeVisible          0042925f f   qmenu.obj
 0001:000282e9       _Menu_CompletelyVisible    004292e9 f   qmenu.obj
 0001:00028391       _strlen_color              00429391 f   qmenu.obj
 0001:0002853f       _Action_Draw               0042953f f   qmenu.obj
 0001:000285ba       _Menu_ItemVisible          004295ba f   qmenu.obj
 0001:00028603       _Menu_DrawStatusBar        00429603 f   qmenu.obj
 0001:00028758       _MenuList_Draw             00429758 f   qmenu.obj
 0001:000287e0       _DrawCaption               004297e0 f   qmenu.obj
 0001:0002881f       _Separator_Draw            0042981f f   qmenu.obj
 0001:00028870       _Slider_DoSlide            00429870 f   qmenu.obj
 0001:000288a7       _Slider_Draw               004298a7 f   qmenu.obj
 0001:0002899a       _SpinControl_DoSlide       0042999a f   qmenu.obj
 0001:000289c9       _SpinControl_Draw          004299c9 f   qmenu.obj
 0001:00028aa4       _SpinControl2_DoSlide      00429aa4 f   qmenu.obj
 0001:00028ae5       _SpinControl2_Draw         00429ae5 f   qmenu.obj
 0001:0002530b       _StepSlideMove             0042630b f   pmove.obj
 0001:000254b4       _StepSlideMove_            004264b4 f   pmove.obj
 0001:00025707       _ClipVelocity              00426707 f   pmove.obj
 0001:00025770       _Friction                  00426770 f   pmove.obj
 0001:0002587f       _WaterMove                 0042687f f   pmove.obj
 0001:00025965       _Accelerate                00426965 f   pmove.obj
 0001:000259d1       _AddCurrents               004269d1 f   pmove.obj
 0001:00025c70       _AirMove                   00426c70 f   pmove.obj
 0001:00025ec9       _AirAccelerate             00426ec9 f   pmove.obj
 0001:00025f4f       _CatagorizePosition        00426f4f f   pmove.obj
 0001:00026179       _CheckJump                 00427179 f   pmove.obj
 0001:00026240       _CheckSpecialMovement      00427240 f   pmove.obj
 0001:000263a3       _FlyMove                   004273a3 f   pmove.obj
 0001:000265f6       _CheckDuck                 004275f6 f   pmove.obj
 0001:0002672b       _DeadMove                  0042772b f   pmove.obj
 0001:00026789       _SnapPosition              00427789 f   pmove.obj
 0001:000268f2       _GoodPosition              004278f2 f   pmove.obj
 0001:00026968       _InitialSnapPosition       00427968 f   pmove.obj
 0001:00026a81       _ClampAngles               00427a81 f   pmove.obj
 0001:000249a6       _NET_ErrorString           004259a6 f   net_wins.obj
 0001:00022b41       _SwapQ2BspFile             00423b41 f   model.obj
 0001:00022d57       _ProcessQ2BspFile          00423d57 f   model.obj
 0001:00022e2a       _LoadQ2Submodels           00423e2a f   model.obj
 0001:00022efc       _CheckLump                 00423efc f   model.obj
 0001:000231d4       _ReadEntity                004241d4 f   model.obj
 0001:00023298       _WriteEntity               00424298 f   model.obj
 0001:00023303       _ProcessEntityTarget       00424303 f   model.obj
 0001:0002337c       _FindField                 0042437c f   model.obj
 0001:000233b5       _GetVector                 004243b5 f   model.obj
 0001:000233e6       _ProcessEntity             004243e6 f   model.obj
 0001:00023df6       _AddField                  00424df6 f   model.obj
 0001:00023e33       _FindEntityTarget          00424e33 f   model.obj
 0001:0001e632       _Multiplayer_MenuDraw      0041f632 f   menu.obj
 0001:0001e655       _M_Banner                  0041f655 f   menu.obj
 0001:0001e697       _Multiplayer_MenuInit      0041f697 f   menu.obj
 0001:0001e785       _Multiplayer_MenuKey       0041f785 f   menu.obj
 0001:0001e7b7       _Keys_MenuInit             0041f7b7 f   menu.obj
 0001:0001e94a       _KeyCursorDrawFunc         0041f94a f   menu.obj
 0001:0001e98b       _DrawKeyBindingFunc        0041f98b f   menu.obj
 0001:0001ea63       _M_FindKeysForCommand      0041fa63 f   menu.obj
 0001:0001eab3       _SeekLine                  0041fab3 f   menu.obj
 0001:0001eada       _AppendToken               0041fada f   menu.obj
 0001:0001eb04       _Keys_MenuDraw             0041fb04 f   menu.obj
 0001:0001eb1d       _Keys_MenuKey              0041fb1d f   menu.obj
 0001:0001ebd5       _M_UnbindCommand           0041fbd5 f   menu.obj
 0001:0001ec21       _KeyBindingFunc            0041fc21 f   menu.obj
 0001:0001ec94       _Options_MenuInit          0041fc94 f   menu.obj
 0001:0001f11f       _CrosshairFunc             0042011f f   menu.obj
 0001:0001f143       _JoystickFunc              00420143 f   menu.obj
 0001:0001f156       _CustomizeControlsFunc     00420156 f   menu.obj
 0001:0001f15b       _AlwaysRunFunc             0042015b f   menu.obj
 0001:0001f16e       _FreeLookFunc              0042016e f   menu.obj
 0001:0001f181       _MouseSpeedFunc            00420181 f   menu.obj
 0001:0001f19e       _ControlsSetMenuItemValues 0042019e f   menu.obj
 0001:0001f36a       _ControlsResetDefaultsFunc 0042036a f   menu.obj
 0001:0001f37f       _InvertMouseFunc           0042037f f   menu.obj
 0001:0001f39a       _LookspringFunc            0042039a f   menu.obj
 0001:0001f3b6       _LookstrafeFunc            004203b6 f   menu.obj
 0001:0001f3d2       _UpdateVolumeFunc          004203d2 f   menu.obj
 0001:0001f3ef       _UpdateCDVolumeFunc        004203ef f   menu.obj
 0001:0001f408       _ConsoleFunc               00420408 f   menu.obj
 0001:0001f437       _UpdateSoundFunc           00420437 f   menu.obj
 0001:0001f4df       _Options_ScanCrosshairs    004204df f   menu.obj
 0001:0001f532       _Options_MenuDraw          00420532 f   menu.obj
 0001:0001f55a       _Options_CrosshairDraw     0042055a f   menu.obj
 0001:0001f5d1       _Options_MenuKey           004205d1 f   menu.obj
 0001:0001f6b7       _M_Credits_MenuDraw        004206b7 f   menu.obj
 0001:0001f79f       _M_Credits_Key             0042079f f   menu.obj
 0001:0001f7fc       _Game_MenuInit             004207fc f   menu.obj
 0001:0001f9a9       _EasyGameFunc              004209a9 f   menu.obj
 0001:0001f9bf       _StartGame                 004209bf f   menu.obj
 0001:0001fa04       _MediumGameFunc            00420a04 f   menu.obj
 0001:0001fa1a       _HardGameFunc              00420a1a f   menu.obj
 0001:0001fa30       _Game_MenuDraw             00420a30 f   menu.obj
 0001:0001fa53       _Game_MenuKey              00420a53 f   menu.obj
 0001:0001fa85       _LoadGame_MenuInit         00420a85 f   menu.obj
 0001:0001fb2e       _Create_Savestrings        00420b2e f   menu.obj
 0001:0001fbf3       _LoadGameCallback          00420bf3 f   menu.obj
 0001:0001fc1d       _LoadGame_MenuDraw         00420c1d f   menu.obj
 0001:0001fc46       _DrawSavegameShot          00420c46 f   menu.obj
 0001:0001fd05       _LoadGame_MenuKey          00420d05 f   menu.obj
 0001:0001fd66       _SaveGame_MenuDraw         00420d66 f   menu.obj
 0001:0001fd9b       _SaveGame_MenuInit         00420d9b f   menu.obj
 0001:0001fe36       _SaveGameCallback          00420e36 f   menu.obj
 0001:0001fe55       _SaveGame_MenuKey          00420e55 f   menu.obj
 0001:0001ff36       _JoinServer_MenuInit       00420f36 f   menu.obj
 0001:00020087       _JoinServerFunc            00421087 f   menu.obj
 0001:000200e4       _SearchLocalGames          004210e4 f   menu.obj
 0001:00020150       _JoinServer_MenuDraw       00421150 f   menu.obj
 0001:00020168       _JoinServer_MenuKey        00421168 f   menu.obj
 0001:0002019a       _StartServer_MenuInit      0042119a f   menu.obj
 0001:0002064a       _DMOptionsFunc             0042164a f   menu.obj
 0001:00020659       _RulesChangeFunc           00421659 f   menu.obj
 0001:000206c2       _StartServerActionFunc     004216c2 f   menu.obj
 0001:000206ee       _StartServerFunc           004216ee f   menu.obj
 0001:00020959       _StartServer_MenuDraw      00421959 f   menu.obj
 0001:00020965       _StartServer_MenuKey       00421965 f   menu.obj
 0001:000209c5       _DMOptions_MenuInit        004219c5 f   menu.obj
 0001:00020f55       _DMFlagCallback            00421f55 f   menu.obj
 0001:00021140       _DMOptions_MenuDraw        00422140 f   menu.obj
 0001:0002114c       _DMOptions_MenuKey         0042214c f   menu.obj
 0001:0002117e       _DownloadOptions_MenuInit  0042217e f   menu.obj
 0001:00021369       _DownloadCallback          00422369 f   menu.obj
 0001:000213c2       _DownloadOptions_MenuDraw  004223c2 f   menu.obj
 0001:000213ce       _DownloadOptions_MenuKey   004223ce f   menu.obj
 0001:00021400       _AddressBook_MenuInit      00422400 f   menu.obj
 0001:000214b6       _AddressBook_MenuKey       004224b6 f   menu.obj
 0001:00021507       _AddressBook_MenuDraw      00422507 f   menu.obj
 0001:0002151f       _M_Menu_PlayerConfig_f     0042251f f   menu.obj
 0001:0002157a       _PlayerConfig_MenuInit     0042257a f   menu.obj
 0001:00021aac       _HandednessCallback        00422aac f   menu.obj
 0001:00021abf       _RTypeCallback             00422abf f   menu.obj
 0001:00021ad2       _RColorCallback            00422ad2 f   menu.obj
 0001:00021ae5       _RateCallback              00422ae5 f   menu.obj
 0001:00021b03       _ModelCallback             00422b03 f   menu.obj
 0001:00021b44       _PlayerConfig_ScanDirectories 00422b44 f   menu.obj
 0001:00021d0c       _IsValidSkin               00422d0c f   menu.obj
 0001:00021dd5       _PlayerConfig_MenuDraw     00422dd5 f   menu.obj
 0001:00022089       _PlayerConfig_MenuKey      00423089 f   menu.obj
 0001:0002215d       _M_Menu_DMBrowse_f         0042315d f   menu.obj
 0001:000221a1       _DMBrowse_MenuInit         004231a1 f   menu.obj
 0001:0002238a       _DMBrowse_MenuKey          0042338a f   menu.obj
 0001:0002252d       _DMBrowse_MenuDraw         0042352d f   menu.obj
 0001:00022652       _DrawThumbnail             00423652 f   menu.obj
 0001:00022719       _M_Quit_Key                00423719 f   menu.obj
 0001:00022759       _M_Quit_Draw               00423759 f   menu.obj
 0001:000228a6       _M_Menu_Quit_f             004238a6 f   menu.obj
 0001:0001dbe1       _AllocChain                0041ebe1 f   memory.obj
 0001:0001ded1       _Z_Stats_f                 0041eed1 f   memory.obj
 0001:0001d3d8       _MD4Transform              0041e3d8 f   md4.obj
 0001:0001d9da       _Encode                    0041e9da f   md4.obj
 0001:0001da1f       _Decode                    0041ea1f f   md4.obj
 0001:0001c2b7       _CompleteCommand           0041d2b7 f   keys.obj
 0001:0001c32e       _Do_CompleteCommand        0041d32e f   keys.obj
 0001:0001c7a7       _TryComplete               0041d7a7 f   keys.obj
 0001:0001c83c       _CompleteMenu              0041d83c f   keys.obj
 0001:0001c97e       _CompleteMenuDraw          0041d97e f   keys.obj
 0001:0001c9dd       _CompleteMenuKey           0041d9dd f   keys.obj
 0001:0001ca0f       _CompleteMenuCallback      0041da0f f   keys.obj
 0001:0001ca97       _iswordsym                 0041da97 f   keys.obj
 0001:0001cd69       _Key_Unbind_f              0041dd69 f   keys.obj
 0001:0001ce4f       _Key_Unbindall_f           0041de4f f   keys.obj
 0001:0001ce79       _Key_Bind_f                0041de79 f   keys.obj
 0001:0001ae9d       _IN_DeactivateMouse        0041be9d f   in_win.obj
 0001:0001aec9       _IN_FreeDirect             0041bec9 f   in_win.obj
 0001:0001af32       _IN_FreeWin32              0041bf32 f   in_win.obj
 0001:0001b0cb       _IN_ActivateMouse          0041c0cb f   in_win.obj
 0001:0001b143       _IN_InitDirect             0041c143 f   in_win.obj
 0001:0001b28d       _IN_InitWin32              0041c28d f   in_win.obj
 0001:0001b3bb       _IN_MouseMove              0041c3bb f   in_win.obj
 0001:00033662       _J_InitSource              00434662 f   vid_dll.obj
 0001:0001a9c5       _J_FillInputBuffer         0041b9c5 f   images.obj
 0001:0001a9ed       _J_SkipInputData           0041b9ed f   images.obj
 0001:00033662       _J_TermSource              00434662 f   vid_dll.obj
 0001:0001aa05       _InitJpegError             0041ba05 f   images.obj
 0001:0001aa36       _J_ErrorExit               0041ba36 f   images.obj
 0001:0001aa45       _J_EmitMessage             0041ba45 f   images.obj
 0001:0001aa62       _J_ResetErrorMgr           0041ba62 f   images.obj
 0001:00018782       _FindPakFile               00419782 f   files.obj
 0001:000187f2       _FindPakDirectory          004197f2 f   files.obj
 0001:00018883       _FileLength                00419883 f   files.obj
 0001:00018cd5       _FOpenCached               00419cd5 f   files.obj
 0001:00018f15       _AddPakFile                00419f15 f   files.obj
 0001:00018fb4       _AddPakDirectory           00419fb4 f   files.obj
 0001:00019092       _EnumZippedPak             0041a092 f   files.obj
 0001:00019105       _ClearFileCache            0041a105 f   files.obj
 0001:000191f6       _AddDirFilesToList         0041a1f6 f   files.obj
 0001:000197a6       _ListPakDirectory          0041a7a6 f   files.obj
 0001:00019961       _InitResFiles              0041a961 f   files.obj
 0001:00019a44       _FS_LoadPak_f              0041aa44 f   files.obj
 0001:00019b13       _TryLoadPak                0041ab13 f   files.obj
 0001:00019b81       _FindPakStruc              0041ab81 f   files.obj
 0001:00019bd6       _FS_UnloadPak_f            0041abd6 f   files.obj
 0001:00019d7d       _FS_Link_f                 0041ad7d f   files.obj
 0001:00019e49       _FS_Dir_f                  0041ae49 f   files.obj
 0001:0001a05a       _FS_Path_f                 0041b05a f   files.obj
 0001:0001a0f2       _FS_Cat_f                  0041b0f2 f   files.obj
 0001:0001a1cb       _FS_Type_f                 0041b1cb f   files.obj
 0001:00017104       _Cvar_FindVar              00418104 f   cvar.obj
 0001:00017139       _ComputeHash               00418139 f   cvar.obj
 0001:00017330       _Cvar_SetString            00418330 f   cvar.obj
 0001:000173c6       _Cvar_InfoValidate         004183c6 f   cvar.obj
 0001:000174d6       _Cvar_Set2                 004184d6 f   cvar.obj
 0001:0001767e       _Cvar_SetHardcoded         0041867e f   cvar.obj
 0001:00017a7c       _Cvar_Set_f                00418a7c f   cvar.obj
 0001:00017af9       _Cvar_SetWithFlags         00418af9 f   cvar.obj
 0001:00017b3e       _Cvar_Seta_f               00418b3e f   cvar.obj
 0001:00017b60       _Cvar_Setu_f               00418b60 f   cvar.obj
 0001:00017b82       _Cvar_Sets_f               00418b82 f   cvar.obj
 0001:00017ba4       _Cvar_Reset_f              00418ba4 f   cvar.obj
 0001:00017c09       _Cvar_List_f               00418c09 f   cvar.obj
 0001:00017d19       _Cvar_Add_f                00418d19 f   cvar.obj
 0001:00017e90       _Cvar_Scale_f              00418e90 f   cvar.obj
 0001:00017f03       _Cvar_Toggle_f             00418f03 f   cvar.obj
 0001:00017f66       _Cvar_Cycle_f              00418f66 f   cvar.obj
 0001:00016483       _Con_ToggleChat_f          00417483 f   console.obj
 0001:000164b4       _Con_Clear_f               004174b4 f   console.obj
 0001:0001650f       _Con_Dump_f                0041750f f   console.obj
 0001:00016622       _Con_MessageMode_f         00417622 f   console.obj
 0001:00016634       _Con_MessageMode2_f        00417634 f   console.obj
 0001:000166d4       _PlaceChar                 004176d4 f   console.obj
 0001:0001685e       _FindLine                  0041785e f   console.obj
 0001:00016fda       _Con_DrawInput             00417fda f   console.obj
 0001:0001490c       _GetInt                    0041590c f   common.obj
 0001:00015901       _Com_Error_f               00416901 f   common.obj
 0001:000124c7       _CMod_LoadSurfaces         004134c7 f   cmodel.obj
 0001:000125e1       _CMod_ReadSurfMaterials    004135e1 f   cmodel.obj
 0001:0001271c       _CMod_LoadNodes            0041371c f   cmodel.obj
 0001:0001277e       _CMod_LoadBrushes          0041377e f   cmodel.obj
 0001:000127ca       _CMod_LoadLeafs            004137ca f   cmodel.obj
 0001:00012899       _CMod_LoadPlanes           00413899 f   cmodel.obj
 0001:0001291c       _CMod_LoadLeafBrushes      0041391c f   cmodel.obj
 0001:00012967       _CMod_LoadBrushSides       00413967 f   cmodel.obj
 0001:000129e0       _CMod_LoadAreas            004139e0 f   cmodel.obj
 0001:00012dba       _CM_PointLeafnum_r         00413dba f   cmodel.obj
 0001:00012e7d       _CM_BoxLeafnums_r          00413e7d f   cmodel.obj
 0001:000133e6       _CM_TestInLeaf             004143e6 f   cmodel.obj
 0001:0001346e       _CM_TestBoxInBrush         0041446e f   cmodel.obj
 0001:0001354f       _CM_RecursiveHullCheck     0041454f f   cmodel.obj
 0001:00013821       _CM_TraceToLeaf            00414821 f   cmodel.obj
 0001:000138fe       _CM_ClipBoxToBrush         004148fe f   cmodel.obj
 0001:0001406a       _FloodArea_r               0041506a f   cmodel.obj
 0001:00011ea4       _Cmd_MacroExpandString     00412ea4 f   cmd.obj
 0001:000121bf       _Cmd_Wait_f                004131bf f   cmd.obj
 0001:000121f4       _Cmd_List_f                004131f4 f   cmd.obj
 0001:00010b46       _DrawSurfInfo              00411b46 f   cl_view.obj
 0001:0001108a       _DrawFlag                  0041208a f   cl_view.obj
 0001:000110e5       _DecodeContents            004120e5 f   cl_view.obj
 0001:00011187       _DrawOriginInfo            00412187 f   cl_view.obj
 0001:00011318       _DrawFpsInfo               00412318 f   cl_view.obj
 0001:00011441       _FixWaterVis               00412441 f   cl_view.obj
 0001:0001153f       _entitycmpfnc              0041253f f   cl_view.obj
 0001:000115a8       _Screenshot_f              004125a8 f   cl_view.obj
 0001:0000d95f       _SCR_CalcVrect             0040e95f f   cl_scrn.obj
 0001:00008547       _TryParseStatus            00409547 f   cl_main.obj
 0001:000067fe       _KeyDown                   004077fe f   cl_input.obj
 0001:00006880       _KeyUp                     00407880 f   cl_input.obj
 0001:000036c7       _CL_AddParticleTraces      004046c7 f   cl_fx.obj
 0001:00003a39       _CL_AddParticleBeams       00404a39 f   cl_fx.obj
 0001:0000240c       _CL_AddDebugLines          0040340c f   cl_ents.obj
 0001:00002460       _CL_AddPacketEntities      00403460 f   cl_ents.obj
 0001:00002e42       _GetEntityInfo             00403e42 f   cl_ents.obj
 0001:00002f51       _AddEntityWithEffects      00403f51 f   cl_ents.obj
 0001:00002f7d       _AddViewWeapon             00403f7d f   cl_ents.obj
 0001:0000083e       _FreeCinematic             0040183e f   cl_cin.obj
 0001:000009f0       _ReadNextFrame             004019f0 f   cl_cin.obj
 0001:00000b0d       _Huff1Decompress           00401b0d f   cl_cin.obj
 0001:00000fb3       _Huff1TableInit            00401fb3 f   cl_cin.obj
 0001:000010ad       _SmallestNode1             004020ad f   cl_cin.obj
 0001:0000014c       _CDAudio_GetAudioDiskInfo  0040114c f   cd_win.obj
 0001:000004c4       _CD_f                      004014c4 f   cd_win.obj
 0001:0000077d       _CDAudio_Eject             0040177d f   cd_win.obj
 0001:000007a7       _CDAudio_CloseDoor         004017a7 f   cd_win.obj

 70 bytes saved through ICF

