 Quake2

 Timestamp is 464f556b (Sat May 19 23:52:11 2007)

 Preferred load address is 00400000

 Start         Length     Name                   Class
 0001:00000000 0006a490H .text                   CODE
 0002:00000000 00000290H .idata$5                DATA
 0002:00000290 000077b4H .rdata                  DATA
 0002:00007a48 00000044H .rdata$r                DATA
 0002:00007a90 00000038H .xdata$x                DATA
 0002:00007ac8 00000078H .idata$2                DATA
 0002:00007b40 00000014H .idata$3                DATA
 0002:00007b54 00000290H .idata$4                DATA
 0002:00007de4 00000858H .idata$6                DATA
 0002:0000863c 00000000H .edata                  DATA
 0003:00000000 00000004H .CRT$XCA                DATA
 0003:00000004 0000008cH .CRT$XCU                DATA
 0003:00000090 00000004H .CRT$XCZ                DATA
 0003:00000094 00000004H .CRT$XIA                DATA
 0003:00000098 00000004H .CRT$XIZ                DATA
 0003:000000a0 0000ebacH .data                   DATA
 0003:0000ec50 00460b60H .bss                    DATA
 0004:00000000 00000130H .rsrc$01                DATA
 0004:00000130 00003f20H .rsrc$02                DATA

  Address         Publics by Value              Rva+Base     Lib:Object

 0001:00000000       ??3@YAXPAX@Z               00401000 f i CoreMain.obj
 0001:0000000e       ?appTimestamp@@YAPBDXZ     0040100e f   CoreMain.obj
 0001:00000043       ?appInit@@YAXXZ            00401043 f   CoreMain.obj
 0001:000000c3       ?appExit@@YAXXZ            004010c3 f   CoreMain.obj
 0001:000000cd       ?appMilliseconds@@YAIXZ    004010cd f   CoreWin32.obj
 0001:000000d3       ?appPackage@@YAPBDXZ       004010d3 f   CoreWin32.obj
 0001:0000012a       ?appGetSystemErrorMessage@@YAPBDI@Z 0040112a f   CoreWin32.obj
 0001:0000018e       ?appDisplayError@@YAXXZ    0040118e f   CoreWin32.obj
 0001:000001df       ?appInitPlatform@@YAXXZ    004011df f   CoreWin32.obj
 0001:00000372       ?appShutdownPlatform@@YAXXZ 00401372 f   CoreWin32.obj
 0001:0000037b       ?sprintf@?$TString@$0BAA@@@QAAHPBDZZ 0040137b f i CoreWin32.obj
 0001:000003a2       ?appDetectCPU@@YAXXZ       004013a2 f   CoreCpuid.obj
 0001:00000656       ?appLoadDebugSymbols@@YAXXZ 00401656 f   DbgSymbols.obj
 0001:00000813       ?appSymbolName@@YA_NIPADH@Z 00401813 f   DbgSymbols.obj
 0001:00000909       ?appSymbolName@@YAPBDI@Z   00401909 f   DbgSymbols.obj
 0001:00000941       ?osGetAddressPackage@@YA_NIPADHAAH@Z 00401941 f   DbgSymbolsWin32.obj
 0001:000009d5       ?osGetAddressSymbol@@YA_NIPADHAAH@Z 004019d5 f   DbgSymbolsWin32.obj
 0001:00000b7b       ?appMalloc@@YAPAXIH@Z      00401b7b f   Memory.obj
 0001:00000c80       ?appFree@@YAXPAX@Z         00401c80 f   Memory.obj
 0001:00000cff       ?Unlink@FMemHeader@@QAEXXZ 00401cff f i Memory.obj
 0001:00000d2a       ?Link@CMemoryChain@@AAEXXZ 00401d2a f   Memory.obj
 0001:00000d49       ?Unlink@CMemoryChain@@AAEXXZ 00401d49 f   Memory.obj
 0001:00000d74       ??2CMemoryChain@@SAPAXIH@Z 00401d74 f   Memory.obj
 0001:00000e3d       ??3CMemoryChain@@SAXPAX@Z  00401e3d f   Memory.obj
 0001:00000ebe       ?Alloc@CMemoryChain@@QAEPAXIH@Z 00401ebe f   Memory.obj
 0001:00000f8a       ?GetSize@CMemoryChain@@QAEHXZ 00401f8a f   Memory.obj
 0001:00000f98       ?BuildAllocatorsTable@@YAHPAXH@Z 00401f98 f   Memory.obj
 0001:00001105       ?appInitMemory@@YAXXZ      00402105 f   Memory.obj
 0001:000014ed       ?Tesselate@surfaceNull_t@OpenGLDrv@@UAEXAAUrefEntity_t@2@@Z 004024ed f i OutputDevice.obj
 0001:000014ed       ?Write@COutputDeviceNull@@UAEXPBD@Z 004024ed f i OutputDevice.obj
 0001:00001507       ??_ECOutputDeviceNull@@UAEPAXI@Z 00402507 f i OutputDevice.obj
 0001:00001507       ??_GCOutputDevice@@UAEPAXI@Z 00402507 f i OutputDevice.obj
 0001:00001507       ??_ECOutputDevice@@UAEPAXI@Z 00402507 f i OutputDevice.obj
 0001:00001507       ??_GCOutputDeviceNull@@UAEPAXI@Z 00402507 f i OutputDevice.obj
 0001:0000154a       ?Write@COutputDeviceLog@@UAEXPBD@Z 0040254a f i OutputDevice.obj
 0001:00001595       ??_GCOutputDeviceLog@@UAEPAXI@Z 00402595 f i OutputDevice.obj
 0001:00001595       ??_ECOutputDeviceLog@@UAEPAXI@Z 00402595 f i OutputDevice.obj
 0001:000015b5       ?Printf@COutputDevice@@QAAXPBDZZ 004025b5 f   OutputDevice.obj
 0001:00001626       ?Register@COutputDevice@@QAEXXZ 00402626 f   OutputDevice.obj
 0001:00001682       ?Unregister@COutputDevice@@QAEXXZ 00402682 f   OutputDevice.obj
 0001:000016d5       ?appPrintf@@YAXPBDZZ       004026d5 f   OutputDevice.obj
 0001:0000180c       ?appWPrintf@@YAXPBDZZ      0040280c f   OutputDevice.obj
 0001:0000186f       ??0COutputDeviceMemTail@@QAE@H@Z 0040286f f i ErrorMgr.obj
 0001:000018a0       ?Write@COutputDeviceMemTail@@UAEXPBD@Z 004028a0 f i ErrorMgr.obj
 0001:000019bc       ??_ECOutputDeviceMemTail@@UAEPAXI@Z 004029bc f i ErrorMgr.obj
 0001:000019bc       ??_GCOutputDeviceMemTail@@UAEPAXI@Z 004029bc f i ErrorMgr.obj
 0001:000019db       ??1COutputDeviceMemTail@@UAE@XZ 004029db f i ErrorMgr.obj
 0001:00001a24       ??0COutputDeviceFile@@QAE@XZ 00402a24 f i ErrorMgr.obj
 0001:00001a39       ?Write@COutputDeviceFile@@UAEXPBD@Z 00402a39 f i ErrorMgr.obj
 0001:00001a90       ?Flush@COutputDeviceFile@@UAEXXZ 00402a90 f i ErrorMgr.obj
 0001:00001aa0       ?Close@COutputDeviceFile@@UAEXXZ 00402aa0 f i ErrorMgr.obj
 0001:00001ab8       ??_GCOutputDeviceFile@@UAEPAXI@Z 00402ab8 f i ErrorMgr.obj
 0001:00001ab8       ??_ECOutputDeviceFile@@UAEPAXI@Z 00402ab8 f i ErrorMgr.obj
 0001:00001ad7       ??1COutputDeviceFile@@UAE@XZ 00402ad7 f i ErrorMgr.obj
 0001:00001b16       ?appBeginError@@YAPAVCOutputDevice@@PBD@Z 00402b16 f   ErrorMgr.obj
 0001:00001be0       ?appGetErrorLog@@YAPAVCOutputDevice@@XZ 00402be0 f   ErrorMgr.obj
 0001:00001c4b       ?Open@COutputDeviceFile@@QAEXPBD_N@Z 00402c4b f i ErrorMgr.obj
 0001:00001c91       ?appFatalError@@YAXPBDZZ   00402c91 f   ErrorMgr.obj
 0001:00001ce7       ?appNonFatalError@@YAXPBDZZ 00402ce7 f   ErrorMgr.obj
 0001:00001d49       ?appUnwindPrefix@@YAXPBD@Z 00402d49 f   ErrorMgr.obj
 0001:00001dfb       ?appUnwindThrow@@YAXPBDZZ  00402dfb f   ErrorMgr.obj
 0001:00001e71       ?Reset@CErrorHandler@@QAEXXZ 00402e71 f   ErrorMgr.obj
 0001:00001ea1       ?appInitError@@YAXXZ       00402ea1 f   ErrorMgr.obj
 0001:00001f96       ?appShutdownError@@YAXXZ   00402f96 f   ErrorMgr.obj
 0001:00002020       ?GetTail@COutputDeviceMemTail@@QAEPBDH@Z 00403020 f i ErrorMgr.obj
 0001:00002046       ?sprintf@?$TString@$0CAA@@@QAAHPBDZZ 00403046 f i ErrorMgr.obj
 0001:0000206d       ?win32ExceptFilter@@YGJPAU_EXCEPTION_POINTERS@@@Z 0040306d f   ExceptHandlerWin32.obj
 0001:00002210       ?win32ExceptFilter2@@YAIXZ 00403210 f   ExceptHandlerWin32.obj
 0001:00002219       ?sprintf@?$TString@$0EAA@@@QAAHPBDZZ 00403219 f i ExceptHandlerWin32.obj
 0001:00002240       ?DumpRegs@@YAXPAVCOutputDevice@@PAU_CONTEXT@@@Z 00403240 f   ExceptDumpers.obj
 0001:00002351       ?DumpMem@@YAXPAVCOutputDevice@@PBIPAU_CONTEXT@@@Z 00403351 f   ExceptDumpers.obj
 0001:00002590       ?UnwindEbpFrame@@YAXPAVCOutputDevice@@PBI@Z 00403590 f   ExceptDumpers.obj
 0001:00002621       ?GetLine@CSimpleParser@@QAEPBDXZ 00403621 f   ScriptParser.obj
 0001:00002738       ?SkipBraces@CSimpleParser@@QAEPBDXZ 00403738 f   ScriptParser.obj
 0001:0000276e       ?appStricmp@@YAHPBD0@Z     0040376e f   Strings.obj
 0001:000027a5       ?toLower@@YADD@Z           004037a5 f i Strings.obj
 0001:000027c0       ?appStrncpylwr@@YAXPADPBDH@Z 004037c0 f   Strings.obj
 0001:000027f8       ?appStrncpyz@@YAXPADPBDH@Z 004037f8 f   Strings.obj
 0001:00002825       ?appStrcatn@@YAXPADHPBD@Z  00403825 f   Strings.obj
 0001:00002851       ?appCopyFilename@@YAXPADPBDH@Z 00403851 f   Strings.obj
 0001:00002979       ?appCStrlen@@YAHPBD@Z      00403979 f   Strings.obj
 0001:000029a1       ?appUncolorizeString@@YAXPADPBD@Z 004039a1 f   Strings.obj
 0001:000029d3       ?va@@YAPBDPBDZZ            004039d3 f   Strings.obj
 0001:00002ac7       ?appSprintf@@YAHPADHPBDZZ  00403ac7 f   Strings.obj
 0001:00002b66       ?appMatchWildcard@@YA_NPBD0_N@Z 00403b66 f   Strings.obj
 0001:00002daa       ?appIsWildcard@@YA_NPBD@Z  00403daa f   Strings.obj
 0001:00002dd6       ?appStrdup@@YAPADPBD@Z     00403dd6 f   Strings.obj
 0001:00002e17       ?appStrdup@@YAPADPBDPAVCMemoryChain@@@Z 00403e17 f   Strings.obj
 0001:00002e4c       ??0CStringItem@@QAE@XZ     00403e4c f   Strings.obj
 0001:00002e57       ??2CStringItem@@SAPAXIPBD@Z 00403e57 f   Strings.obj
 0001:00002ef1       ??2CStringItem@@SAPAXIPBDPAVCMemoryChain@@@Z 00403ef1 f   Strings.obj
 0001:00002f66       ?Find@CStringList@@IAEPAVCStringItem@@PBDPAPAV2@@Z 00403f66 f   Strings.obj
 0001:00002ff1       ?Find@CStringList@@IAEPAVCStringItem@@H@Z 00403ff1 f   Strings.obj
 0001:0000305d       ?IndexOf@CStringList@@QAEHPBD@Z 0040405d f   Strings.obj
 0001:000030df       ?Remove@CStringList@@QAE_NPAVCStringItem@@@Z 004040df f   Strings.obj
 0001:00003163       ?Add@CTextContainer@@QAEPAUCTextRec@@PBD@Z 00404163 f   TextContainer.obj
 0001:0000320f       ?Enumerate@CTextContainer@@QAEXP6AXPBUCTextRec@@@Z@Z 0040420f f   TextContainer.obj
 0001:0000327b       ?SubtractPath@@YAPBDPBD0@Z 0040427b f   FileSystem.obj
 0001:00003313       ?appMakeDirectoryForFile@@YAXPBD@Z 00404313 f   FileSystem.obj
 0001:00003349       ?appOpenFile@@YAPAVCFile@@PBD@Z 00404349 f   FileSystem.obj
 0001:00003386       ?Read@CFileOS@@UAEHPAXH@Z  00404386 f i FileSystem.obj
 0001:000033ad       ?GetSize@CFileOS@@UAEHXZ   004043ad f i FileSystem.obj
 0001:000033f8       ?Eof@CFileOS@@UAE_NXZ      004043f8 f i FileSystem.obj
 0001:0000340c       ??_GCFileOS@@UAEPAXI@Z     0040440c f i FileSystem.obj
 0001:0000340c       ??_ECFileOS@@UAEPAXI@Z     0040440c f i FileSystem.obj
 0001:00003441       ??_ECFile@@UAEPAXI@Z       00404441 f i FileSystem.obj
 0001:00003441       ??_GCFile@@UAEPAXI@Z       00404441 f i FileSystem.obj
 0001:00003461       ?ReadByte@CFile@@QAEEXZ    00404461 f   FileSystem.obj
 0001:00003479       ?ReadInt@CFile@@QAEHXZ     00404479 f   FileSystem.obj
 0001:00003491       ?ReadString@CFile@@QAEXPADH@Z 00404491 f   FileSystem.obj
 0001:000034ce       ?GetType@CFileContainer@@MAEPBDXZ 004044ce f   FileSystem.obj
 0001:000034d4       ?Mount@CFileSystem@@QAEXAAVCFileContainer@@PBD@Z 004044d4 f   FileSystem.obj
 0001:0000352a       ?Umount@CFileSystem@@QAEXAAVCFileContainer@@@Z 0040452a f   FileSystem.obj
 0001:00003564       ?MountDirectory@CFileSystem@@QAEPAVCFileContainer@@PBD0@Z 00404564 f   FileSystem.obj
 0001:000035a9       ?GetType@CFileContainerOS@@MAEPBDXZ 004045a9 f i FileSystem.obj
 0001:000035af       ?FileExists@CFileContainerOS@@UAE_NPBD@Z 004045af f i FileSystem.obj
 0001:000035d9       ?OpenFile@CFileContainerOS@@UAEPAVCFile@@PBD@Z 004045d9 f i FileSystem.obj
 0001:000035f9       ?List@CFileContainerOS@@UAEXAAVCFileList@@PBDI@Z 004045f9 f i FileSystem.obj
 0001:00003622       ??_GCFileContainerOS@@UAEPAXI@Z 00404622 f i FileSystem.obj
 0001:00003622       ??_ECFileContainerOS@@UAEPAXI@Z 00404622 f i FileSystem.obj
 0001:00003642       ??_GCFileContainer@@UAEPAXI@Z 00404642 f i FileSystem.obj
 0001:00003642       ??_ECFileContainer@@UAEPAXI@Z 00404642 f i FileSystem.obj
 0001:00003662       ?MountArchive@CFileSystem@@QAEPAVCFileContainer@@PBD0@Z 00404662 f   FileSystem.obj
 0001:00003779       ?Mount@CFileSystem@@QAEXPBD0@Z 00404779 f   FileSystem.obj
 0001:000039aa       ?Umount@CFileSystem@@QAEXPBD@Z 004049aa f   FileSystem.obj
 0001:00003a46       ?List@CFileSystem@@UAEPAVCFileList@@PBDIPAV2@@Z 00404a46 f   FileSystem.obj
 0001:00003c00       ?RegisterFormat@CFileSystem@@SAXP6APAVCFileContainer@@PBDPAU_iobuf@@@Z@Z 00404c00 f   FileSystem.obj
 0001:00003c44       ?FileExists@CFileSystem@@UAE_NPBDI@Z 00404c44 f   FileSystem.obj
 0001:00003cc3       ?OpenFile@CFileSystem@@UAEPAVCFile@@PBDI@Z 00404cc3 f   FileSystem.obj
 0001:00003d67       ?LoadFile@CFileSystem@@QAEPAXPBDPAI@Z 00404d67 f   FileSystem.obj
 0001:00003e37       ?cMount@@YAX_NHPAPAD@Z     00404e37 f   FileSystem.obj
 0001:00003f75       ?cUmount@@YAX_NHPAPAD@Z    00404f75 f   FileSystem.obj
 0001:00003fa4       ?appInitFileSystem@@YAXAAVCFileSystem@@@Z 00404fa4 f   FileSystem.obj
 0001:00004398       ?appListDirectory@@YAXPBDAAVCFileList@@I@Z 00405398 f   FileSystemWin32.obj
 0001:000045de       ?appMakeDirectory@@YAXPBD@Z 004055de f   FileSystemWin32.obj
 0001:00004648       ?appFileType@@YAIPBD@Z     00405648 f   FileSystemWin32.obj
 0001:00004688       ?FindDir@CFileContainerArc@@IAEPAVFDirInfo@1@PBD_N@Z 00405688 f   FileContainerArc.obj
 0001:00004741       ?FindFile@CFileContainerArc@@IAEPAVCStringItem@@PBD@Z 00405741 f   FileContainerArc.obj
 0001:000047ab       ?FileExists@CFileContainerArc@@UAE_NPBD@Z 004057ab f   FileContainerArc.obj
 0001:000047c0       ?OpenFile@CFileContainerArc@@UAEPAVCFile@@PBD@Z 004057c0 f   FileContainerArc.obj
 0001:000047df       ?List@CFileContainerArc@@UAEXAAVCFileList@@PBDI@Z 004057df f   FileContainerArc.obj
 0001:0000494a       ??E?$TStringSplitter@$0BAA@$0CP@@@QAEXXZ 0040594a f i FileContainerArc.obj
 0001:000049cc       ?GetLength@CVec3@@QAEMXZ   004059cc f   Math3D.obj
 0001:000049f7       ?Normalize@CVec3@@QAEMXZ   004059f7 f   Math3D.obj
 0001:00004a49       ?VectorNormalize@@YAMABUCVec3@@AAU1@@Z 00405a49 f   Math3D.obj
 0001:00004ab3       ?NormalizeFast@CVec3@@QAEMXZ 00405ab3 f   Math3D.obj
 0001:00004b04       ?FindAxisVectors@CVec3@@QBEXAAU1@0@Z 00405b04 f   Math3D.obj
 0001:00004b74       ?cross@@YAXABUCVec3@@0AAU1@@Z 00405b74 f   Math3D.obj
 0001:00004bb0       ?VectorDistance@@YAMABUCVec3@@0@Z 00405bb0 f   Math3D.obj
 0001:00004bdf       ?Setup@CPlane@@QAEXXZ      00405bdf f   Math3D.obj
 0001:00004c8d       ?Clear@CBox@@QAEXXZ        00405c8d f   Math3D.obj
 0001:00004cab       ?Expand@CBox@@QAEXABUCVec3@@@Z 00405cab f   Math3D.obj
 0001:00004cdd       ?Expand@CBox@@QAEXABU1@@Z  00405cdd f   Math3D.obj
 0001:00004d1c       ?GetCenter@CBox@@QBEXAAUCVec3@@@Z 00405d1c f   Math3D.obj
 0001:00004d3f       ?Contains@CBox@@QBE_NABUCVec3@@@Z 00405d3f f   Math3D.obj
 0001:00004d73       ?Intersects@CBox@@QBE_NABU1@@Z 00405d73 f   Math3D.obj
 0001:00004db2       ?OnPlaneSide@CBox@@QBEHABUCPlane@@@Z 00405db2 f   Math3D.obj
 0001:00004ee1       ?FromEuler@CAxis@@QAEXABUCVec3@@@Z 00405ee1 f   Math3D.obj
 0001:00004f20       ?TransformVector@CAxis@@QBEXABUCVec3@@AAU2@@Z 00405f20 f   Math3D.obj
 0001:00004f73       ?UnTransformVector@CAxis@@QBEXABUCVec3@@AAU2@@Z 00405f73 f   Math3D.obj
 0001:00004fd7       ?TransformAxis@CAxis@@QBEXABU1@AAU1@@Z 00405fd7 f   Math3D.obj
 0001:0000501d       ?UnTransformAxis@CAxis@@QBEXABU1@AAU1@@Z 0040601d f   Math3D.obj
 0001:00005063       ?TransformPoint@CCoords@@QBEXABUCVec3@@AAU2@@Z 00406063 f   Math3D.obj
 0001:000050c3       ?UnTransformPoint@CCoords@@QBEXABUCVec3@@AAU2@@Z 004060c3 f   Math3D.obj
 0001:00005130       ?UnTransformCoords@CCoords@@QBEXABU1@AAU1@@Z 00406130 f   Math3D.obj
 0001:0000515c       ?TransformPlane@CCoords@@QBEXABUCPlane@@AAU2@@Z 0040615c f   Math3D.obj
 0001:00005196       ?TransformPoint@@YAXABUCVec3@@ABUCAxis@@0AAU1@@Z 00406196 f   Math3D.obj
 0001:000051f9       ?UnTransformPoint@@YAXABUCVec3@@ABUCAxis@@0AAU1@@Z 004061f9 f   Math3D.obj
 0001:00005269       ?Euler2Vecs@@YAXABUCVec3@@PAU1@11@Z 00406269 f   Math3D.obj
 0001:000053c9       ?Vec2Euler@@YAXABUCVec3@@AAU1@@Z 004063c9 f   Math3D.obj
 0001:000054cb       ?Vec2Yaw@@YAMABUCVec3@@@Z  004064cb f   Math3D.obj
 0001:0000553e       ?appRsqrt@@YAMM@Z          0040653e f   MathMisc.obj
 0001:0000556a       ?NormalizeColor@@YAMABUCVec3@@AAU1@@Z 0040656a f   MathMisc.obj
 0001:000055c8       ?NormalizeColor255@@YAMABUCVec3@@AAU1@@Z 004065c8 f   MathMisc.obj
 0001:0000562a       ?SCR_StopCinematic@@YAXXZ  0040662a f   cl_cin.obj
 0001:000056be       ?SCR_DrawCinematic@@YA_NXZ 004066be f   cl_cin.obj
 0001:00005ab5       ?SCR_PlayCinematic@@YAXPBD@Z 00406ab5 f   cl_cin.obj
 0001:00005e0c       ?sprintf@?$TString@$0EA@@@QAAHPBDZZ 00406e0c f i cl_cin.obj
 0001:00005e2d       ?CL_Download_f@@YAX_NHPAPAD@Z 00406e2d f   cl_download.obj
 0001:000061da       ?CL_ParseDownload@@YAXXZ   004071da f   cl_download.obj
 0001:00006a09       ?CL_Precache_f@@YAXHPAPAD@Z 00407a09 f   cl_download.obj
 0001:00006a64       ?sprintf@?$TString@$0IA@@@QAAHPBDZZ 00407a64 f i cl_download.obj
 0001:00006a88       ?CL_ParseDelta@@YAXPAUclEntityState_t@@0HI_N@Z 00407a88 f   cl_ents.obj
 0001:00006c08       ?CL_ParseFrame@@YAXXZ      00407c08 f   cl_ents.obj
 0001:000072bd       ?CL_AddEntityBox@@YAXPAUclEntityState_t@@I@Z 004082bd f   cl_ents.obj
 0001:000073c1       ?Lerp@@YAXABUCVec3@@0MAAU1@@Z 004083c1 f i cl_ents.obj
 0001:000073f8       ?OffsetThirdPersonView@@YAXXZ 004083f8 f   cl_ents.obj
 0001:000074e0       ?CL_AddEntities@@YAXXZ     004084e0 f   cl_ents.obj
 0001:00008421       ?CL_ClearLightStyles@@YAXXZ 00409421 f   cl_fx.obj
 0001:000084a3       ?CL_SetLightstyle@@YAXHPBD@Z 004094a3 f   cl_fx.obj
 0001:00008504       ?CL_AllocDlight@@YAPAUcdlight_t@@HABUCVec3@@@Z 00409504 f   cl_fx.obj
 0001:0000856f       ?CL_AllocParticleTrace@@YAPAUparticleTrace_t@@ABUCVec3@@0MM@Z 0040956f f   cl_fx.obj
 0001:000085fe       ?CL_AllocParticleBeam@@YAPAUbeam_t@@ABUCVec3@@0MM@Z 004095fe f   cl_fx.obj
 0001:00008673       ?CL_AllocParticle@@YAPAUparticle_t@@XZ 00409673 f   cl_fx.obj
 0001:000086c6       ?CL_MetalSparks@@YAXABUCVec3@@0H@Z 004096c6 f   cl_fx.obj
 0001:000087c4       ?CL_AddEffects@@YAXXZ      004097c4 f   cl_fx.obj
 0001:00008ea9       ?CL_ClearEffects@@YAXXZ    00409ea9 f   cl_fx.obj
 0001:00008f2b       ?CL_EntityEvent@@YAXPAUclEntityState_t@@@Z 00409f2b f   cl_fx.obj
 0001:000090e2       ?CL_ParseMuzzleFlash@@YAXXZ 0040a0e2 f   cl_fx.obj
 0001:00009452       ?CL_ParseMuzzleFlash2@@YAXXZ 0040a452 f   cl_fx.obj
 0001:000098c8       ?CL_ParticleEffect@@YAXABUCVec3@@0HH@Z 0040a8c8 f   cl_fx.obj
 0001:00009ab1       ?CL_ParticleEffect2@@YAXABUCVec3@@0HH@Z 0040aab1 f   cl_fx.obj
 0001:00009ad9       ?CL_ParticleEffect3@@YAXABUCVec3@@0HH@Z 0040aad9 f   cl_fx.obj
 0001:00009b01       ?CL_TeleporterParticles@@YAXPAUclEntityState_t@@@Z 0040ab01 f   cl_fx.obj
 0001:00009b23       ?CL_LogoutEffect@@YAXABUCVec3@@H@Z 0040ab23 f   cl_fx.obj
 0001:00009b5b       ?CL_ItemRespawnParticles@@YAXABUCVec3@@@Z 0040ab5b f   cl_fx.obj
 0001:00009b79       ?CL_ExplosionParticles@@YAXABUCVec3@@@Z 0040ab79 f   cl_fx.obj
 0001:00009b9a       ?CL_BFGExplosionParticles@@YAXABUCVec3@@@Z 0040ab9a f   cl_fx.obj
 0001:00009bbb       ?CL_TrackerExplosionParticles@@YAXABUCVec3@@@Z 0040abbb f   cl_fx.obj
 0001:00009bdc       ?CL_BlasterParticles@@YAXABUCVec3@@0I@Z 0040abdc f   cl_fx.obj
 0001:00009c03       ?CL_BlasterTrail@@YAXAAUcentity_t@@@Z 0040ac03 f   cl_fx.obj
 0001:00009d0a       ?CL_BlasterTrail2@@YAXAAUcentity_t@@@Z 0040ad0a f   cl_fx.obj
 0001:00009d21       ?CL_FlagTrail@@YAXAAUcentity_t@@H@Z 0040ad21 f   cl_fx.obj
 0001:00009d40       ?CL_RocketTrail@@YAXAAUcentity_t@@@Z 0040ad40 f   cl_fx.obj
 0001:00009d7f       ?CL_BubbleTrail@@YAXABUCVec3@@0@Z 0040ad7f f   cl_fx.obj
 0001:00009e1b       ?CL_BubbleTrail2@@YAXABUCVec3@@0@Z 0040ae1b f   cl_fx.obj
 0001:00009e35       ?CL_TagTrail@@YAXAAUcentity_t@@@Z 0040ae35 f   cl_fx.obj
 0001:00009e4c       ?CL_DebugTrail@@YAXABUCVec3@@0@Z 0040ae4c f   cl_fx.obj
 0001:00009e66       ?CL_ForceWall@@YAXABUCVec3@@0H@Z 0040ae66 f   cl_fx.obj
 0001:00009e88       ?CL_BigTeleportParticles@@YAXABUCVec3@@@Z 0040ae88 f   cl_fx.obj
 0001:00009fc3       ?CL_BfgParticles@@YAXABUCVec3@@@Z 0040afc3 f   cl_fx.obj
 0001:0000a13d       ?CL_FlyEffect@@YAXAAUcentity_t@@@Z 0040b13d f   cl_fx.obj
 0001:0000a2c9       ?CL_DiminishingTrail@@YAXAAUcentity_t@@H@Z 0040b2c9 f   cl_fx.obj
 0001:0000a423       ?CL_RailTrail@@YAXABUCVec3@@0@Z 0040b423 f   cl_fx.obj
 0001:0000a595       ?CL_RailTrailExt@@YAXABUCVec3@@0EE@Z 0040b595 f   cl_fx.obj
 0001:0000a6da       ?CL_IonripperTrail@@YAXAAUcentity_t@@@Z 0040b6da f   cl_fx.obj
 0001:0000a834       ?CL_TrapParticles@@YAXABUCVec3@@@Z 0040b834 f   cl_fx.obj
 0001:0000a9a7       ?CL_TeleportParticles@@YAXABUCVec3@@@Z 0040b9a7 f   cl_fx.obj
 0001:0000aadd       ?CL_Heatbeam@@YAXABUCVec3@@0@Z 0040badd f   cl_fx.obj
 0001:0000ad83       ?CL_ParticleSteamEffect@@YAXABUCVec3@@0HHH@Z 0040bd83 f   cl_fx.obj
 0001:0000aeb9       ?CL_ParticleSmokeEffect@@YAXABUCVec3@@0@Z 0040beb9 f   cl_fx.obj
 0001:0000afd2       ?CL_TrackerTrail@@YAXAAUcentity_t@@@Z 0040bfd2 f   cl_fx.obj
 0001:0000b14c       ?CL_TrackerShell@@YAXABUCVec3@@@Z 0040c14c f   cl_fx.obj
 0001:0000b1d8       ?CL_MonsterPlasmaShell@@YAXABUCVec3@@@Z 0040c1d8 f   cl_fx.obj
 0001:0000b261       ?CL_WidowSplash@@YAXABUCVec3@@@Z 0040c261 f   cl_fx.obj
 0001:0000b342       ?CL_InitInput@@YAXXZ       0040c342 f   cl_input.obj
 0001:0000b8f0       ?CL_SendCmd@@YAXXZ         0040c8f0 f   cl_input.obj
 0001:0000bf0f       ?CL_WriteDemoMessage@@YAXXZ 0040cf0f f   cl_main.obj
 0001:0000bf51       ?Cmd_ForwardToServer@@YAXHPAPAD@Z 0040cf51 f   cl_main.obj
 0001:0000c016       ?CL_ForwardToServer_f@@YAXHPAPAD@Z 0040d016 f   cl_main.obj
 0001:0000c05f       ?CL_Pause@@YAX_N@Z         0040d05f f   cl_main.obj
 0001:0000c0a4       ?CL_Drop@@YAX_N@Z          0040d0a4 f   cl_main.obj
 0001:0000c0cf       ?CL_SendConnectPacket@@YAXXZ 0040d0cf f   cl_main.obj
 0001:0000c135       ?CL_Connect_f@@YAX_NHPAPAD@Z 0040d135 f   cl_main.obj
 0001:0000c1a2       ?CL_Rcon_f@@YAXHPAPAD@Z    0040d1a2 f   cl_main.obj
 0001:0000c28e       ?CL_Disconnect@@YAXXZ      0040d28e f   cl_main.obj
 0001:0000c439       ?CL_Disconnect_f@@YAXXZ    0040d439 f   cl_main.obj
 0001:0000c443       ?CL_Changing_f@@YAXXZ      0040d443 f   cl_main.obj
 0001:0000c46b       ?CL_Reconnect_f@@YAXXZ     0040d46b f   cl_main.obj
 0001:0000c507       ?CL_PingServers_f@@YAXXZ   0040d507 f   cl_main.obj
 0001:0000c8c2       ?CL_ConnectionlessPacket@@YAXXZ 0040d8c2 f   cl_main.obj
 0001:0000c9bf       ?CL_Userinfo_f@@YAXXZ      0040d9bf f   cl_main.obj
 0001:0000c9da       ?CL_RegisterSounds@@YAXXZ  0040d9da f   cl_main.obj
 0001:0000ca19       ?CL_Snd_Restart_f@@YAXXZ   0040da19 f   cl_main.obj
 0001:0000ca28       ?CL_WriteConfiguration@@YAXPBD@Z 0040da28 f   cl_main.obj
 0001:0000cb0f       ?CL_WriteConfig_f@@YAX_NHPAPAD@Z 0040db0f f   cl_main.obj
 0001:0000cb79       ?CL_FixCvarCheats@@YAXXZ   0040db79 f   cl_main.obj
 0001:0000cbca       ?CL_Frame@@YAXMM@Z         0040dbca f   cl_main.obj
 0001:0000d032       ?CL_ClearState@@YAXXZ      0040e032 f   cl_main.obj
 0001:0000d070       ?CL_Init@@YAXXZ            0040e070 f   cl_main.obj
 0001:0000d51f       ?CL_Shutdown@@YAXXZ        0040e51f f   cl_main.obj
 0001:0000d57b       ?CL_ParseClientinfo@@YAXH@Z 0040e57b f   cl_parse.obj
 0001:0000d633       ?CL_UpdatePlayerClientInfo@@YAXXZ 0040e633 f   cl_parse.obj
 0001:0000d674       ?CL_ParseServerMessage@@YAXXZ 0040e674 f   cl_parse.obj
 0001:0000de5a       ?FreePlayerModelsInfo@@YAXXZ 0040ee5a f   cl_playermodel.obj
 0001:0000de80       ?ScanPlayerModels@@YA_NXZ  0040ee80 f   cl_playermodel.obj
 0001:0000e27a       ?RunAnimation@@YAXAAUclientInfo_t@@AAUanimState_t@@H@Z 0040f27a f   cl_playermodel.obj
 0001:0000e468       ?CL_LoadClientinfo@@YAXAAUclientInfo_t@@PBD_N@Z 0040f468 f   cl_playermodel.obj
 0001:0000f0f4       ?ParsePlayerEntity@@YAHAAUcentity_t@@AAUclientInfo_t@@PAUclEntityState_t@@ABUentity_t@@PAU4@HH@Z 004100f4 f   cl_playermodel.obj
 0001:0000fc63       ?CreateAndInsert@?$TList@VCStringItem@@@@QAEPAVCStringItem@@PBDPAVCMemoryChain@@@Z 00410c63 f i cl_playermodel.obj
 0001:0000fc9b       ?Insert@?$TList@VshaderScript_t@OpenGLDrv@@@@QAE_NPAVshaderScript_t@OpenGLDrv@@@Z 00410c9b f i cl_playermodel.obj
 0001:0000fc9b       ?Insert@?$TList@VplayerModelInfo_t@@@@QAE_NPAVplayerModelInfo_t@@@Z 00410c9b f i cl_playermodel.obj
 0001:0000fc9b       ?Insert@?$TList@VCStringItem@@@@QAE_NPAVCStringItem@@@Z 00410c9b f i cl_playermodel.obj
 0001:0000fcd1       ?CL_CheckPredictionError@@YAXXZ 00410cd1 f   cl_pred.obj
 0001:0000fe64       ?CL_EntityTrace@@YAXAAUtrace_t@@ABUCVec3@@1ABUCBox@@H@Z 00410e64 f   cl_pred.obj
 0001:000101be       ?CL_Trace@@YAXAAUtrace_t@@ABUCVec3@@1ABUCBox@@H@Z 004111be f   cl_pred.obj
 0001:0001026f       ?CL_PMpointcontents@@YAHABUCVec3@@@Z 0041126f f   cl_pred.obj
 0001:00010405       ?CL_PredictMovement@@YAXXZ 00411405 f   cl_pred.obj
 0001:000107cc       ?DrawString@@YAXHHPBD@Z    004117cc f   cl_scrn.obj
 0001:00010811       ?SCR_DebugGraph@@YAXMH@Z   00411811 f   cl_scrn.obj
 0001:0001083b       ?SCR_CenterPrint@@YAXPBD@Z 0041183b f   cl_scrn.obj
 0001:00010941       ?Key_Message@@YAXH@Z       00411941 f   cl_scrn.obj
 0001:000109e1       ?SCR_SetLevelshot@@YAXPBD@Z 004119e1 f   cl_scrn.obj
 0001:00010adc       ?SCR_BeginLoadingPlaque@@YAX_N@Z 00411adc f   cl_scrn.obj
 0001:00010b72       ?SCR_EndLoadingPlaque@@YAX_N@Z 00411b72 f   cl_scrn.obj
 0001:00010bf7       ?SCR_LoadingNotify@@YAXPBDM@Z 00411bf7 f   cl_scrn.obj
 0001:00010c20       ?SCR_ShowConsole@@YAX_N0@Z 00411c20 f   cl_scrn.obj
 0001:00010ce5       ?SCR_ToggleConsole@@YAXXZ  00411ce5 f   cl_scrn.obj
 0001:00010d0d       ?SCR_TouchPics@@YAXXZ      00411d0d f   cl_scrn.obj
 0001:00010d61       ?SCR_UpdateScreen@@YAXXZ   00411d61 f   cl_scrn.obj
 0001:000120e9       ?SCR_Init@@YAXXZ           004130e9 f   cl_scrn.obj
 0001:0001241a       ?sprintf@?$TString@$0BA@@@QAAHPBDZZ 0041341a f i cl_scrn.obj
 0001:0001243b       ?CL_RegisterTEntSounds@@YAXXZ 0041343b f   cl_tent.obj
 0001:00012690       ?CL_RegisterTEntModels@@YAXXZ 00413690 f   cl_tent.obj
 0001:000127e1       ?CL_ClearTEnts@@YAXXZ      004137e1 f   cl_tent.obj
 0001:00012812       ?CL_SmokeAndFlash@@YAXABUCVec3@@@Z 00413812 f   cl_tent.obj
 0001:000129aa       ?CL_ParseTEnt@@YAXXZ       004139aa f   cl_tent.obj
 0001:00013cd0       ?CL_AddTEnts@@YAXXZ        00414cd0 f   cl_tent.obj
 0001:000146d5       ?V_AddEntity@@YAXPAUentity_t@@@Z 004156d5 f   cl_view.obj
 0001:00014713       ?V_AddEntity2@@YAXPAUentity_t@@@Z 00415713 f   cl_view.obj
 0001:00014745       ?AddEntityWithEffects2@@YAXPAUentity_t@@I@Z 00415745 f   cl_view.obj
 0001:000147e6       ?AddEntityWithEffects@@YAXPAUentity_t@@I@Z 004157e6 f   cl_view.obj
 0001:00014807       ?V_AddLight@@YAXABUCVec3@@MMMM@Z 00415807 f   cl_view.obj
 0001:0001484c       ?V_InitRenderer@@YAXXZ     0041584c f   cl_view.obj
 0001:00014c6d       ?CalcFov@@YAMMMM@Z         00415c6d f   cl_view.obj
 0001:00014cdb       ?V_RenderView@@YA_NXZ      00415cdb f   cl_view.obj
 0001:00015c85       ?V_Init@@YAXXZ             00416c85 f   cl_view.obj
 0001:00015dca       ?Con_ClearNotify@@YAXXZ    00416dca f   console.obj
 0001:00015dd9       ?Con_CheckResize@@YAXXZ    00416dd9 f   console.obj
 0001:00015f00       ?Write@COutputDeviceCon@@UAEXPBD@Z 00416f00 f   console.obj
 0001:00016106       ?Con_DrawNotify@@YAX_N@Z   00417106 f   console.obj
 0001:000162dc       ?Con_DrawConsole@@YAXM@Z   004172dc f   console.obj
 0001:00016590       ?Con_ClearTyping@@YAXXZ    00417590 f   console.obj
 0001:000165a9       ?Key_Console@@YAXHH@Z      004175a9 f   console.obj
 0001:000169f6       ?Con_Init@@YAXXZ           004179f6 f   console.obj
 0001:00016b64       ?Key_KeynumToString@@YAPBDH@Z 00417b64 f   keys.obj
 0001:00016c2a       ?Draw@completeMenu_t@@UAEXXZ 00417c2a f i keys.obj
 0001:00016c5b       ?KeyDown@completeMenu_t@@UAEPBDH@Z 00417c5b f i keys.obj
 0001:00016c87       ?Init@completeMenu_t@@UAE_NXZ 00417c87 f i keys.obj
 0001:00016dae       ?CompleteMenuCallback@completeMenu_t@@SAXPAX@Z 00417dae f i keys.obj
 0001:00016e3f       ?CompleteCommand@@YAXXZ    00417e3f f   keys.obj
 0001:00017550       ?Key_SetBinding@@YAXHPBD@Z 00418550 f   keys.obj
 0001:00017590       ?Key_FindBinding@@YAHPBDPAHH@Z 00418590 f   keys.obj
 0001:000175de       ?Key_WriteBindings@@YAXPAVCOutputDevice@@@Z 004185de f   keys.obj
 0001:00017628       ?Key_Init@@YAXXZ           00418628 f   keys.obj
 0001:0001790c       ?Key_Event@@YAXH_N@Z       0041890c f   keys.obj
 0001:00017c6b       ?Key_ClearStates@@YAXXZ    00418c6b f   keys.obj
 0001:00017ca0       ?M_ForceMenuOn@@YAXXZ      00418ca0 f   menu.obj
 0001:00017cbf       ?Draw@menuMain_t@@UAEXXZ   00418cbf f i menu.obj
 0001:00017dfb       ?KeyDown@menuMain_t@@UAEPBDH@Z 00418dfb f i menu.obj
 0001:00017ebc       ?Init@menuMain_t@@UAE_NXZ  00418ebc f i menu.obj
 0001:00017ec4       ?M_Menu_Main_f@@YAXXZ      00418ec4 f   menu.obj
 0001:00017ede       ?Init@multiplayerMenu_t@@UAE_NXZ 00418ede f i menu.obj
 0001:00018002       ?Init@keysMenu_t@@UAE_NXZ  00419002 f i menu.obj
 0001:000181f0       ?KeyCursorDrawFunc@keysMenu_t@@SAXPAUmenuFramework_t@@@Z 004191f0 f i menu.obj
 0001:00018233       ?DrawKeyBindingFunc@keysMenu_t@@SAXPAX@Z 00419233 f i menu.obj
 0001:000182f3       ?KeyDown@keysMenu_t@@UAEPBDH@Z 004192f3 f i menu.obj
 0001:000183a0       ?UnbindCommand@keysMenu_t@@QAEXPAD@Z 004193a0 f i menu.obj
 0001:000183e5       ?KeyBindingFunc@keysMenu_t@@QAEXPAX@Z 004193e5 f i menu.obj
 0001:00018447       ?Init@optionsMenu_t@@UAE_NXZ 00419447 f i menu.obj
 0001:000187fa       ?CrosshairFunc@optionsMenu_t@@SAXPAX@Z 004197fa f i menu.obj
 0001:00018822       ?JoystickFunc@optionsMenu_t@@SAXPAX@Z 00419822 f i menu.obj
 0001:00018837       ?AlwaysRunFunc@optionsMenu_t@@SAXPAX@Z 00419837 f i menu.obj
 0001:0001884c       ?MouseSpeedFunc@optionsMenu_t@@SAXPAX@Z 0041984c f i menu.obj
 0001:00018869       ?InvertMouseFunc@optionsMenu_t@@SAXPAX@Z 00419869 f i menu.obj
 0001:000188a2       ?UpdateVolumeFunc@optionsMenu_t@@SAXPAX@Z 004198a2 f i menu.obj
 0001:000188bf       ?UpdateCDVolumeFunc@optionsMenu_t@@SAXPAX@Z 004198bf f i menu.obj
 0001:000188d9       ?SetMenuItemValues@optionsMenu_t@@SAXXZ 004198d9 f i menu.obj
 0001:00018a21       ?ResetDefaultsFunc@optionsMenu_t@@SAXPAX@Z 00419a21 f i menu.obj
 0001:00018a36       ?UpdateSoundFunc@optionsMenu_t@@SAXPAX@Z 00419a36 f i menu.obj
 0001:00018c3a       ?ScanCrosshairs@optionsMenu_t@@SAXXZ 00419c3a f i menu.obj
 0001:00018c97       ?Draw@optionsMenu_t@@UAEXXZ 00419c97 f i menu.obj
 0001:00018cfc       ?Draw@creditsMenu_t@@UAEXXZ 00419cfc f i menu.obj
 0001:00018da3       ?KeyDown@creditsMenu_t@@UAEPBDH@Z 00419da3 f i menu.obj
 0001:00018de3       ?Init@creditsMenu_t@@UAE_NXZ 00419de3 f i menu.obj
 0001:00018e64       ?Init@gameMenu_t@@UAE_NXZ  00419e64 f i menu.obj
 0001:00018fef       ?EasyGameFunc@gameMenu_t@@SAXPAX@Z 00419fef f i menu.obj
 0001:00018ffb       ?StartGame@gameMenu_t@@SAXPBD@Z 00419ffb f i menu.obj
 0001:00019056       ?MediumGameFunc@gameMenu_t@@SAXPAX@Z 0041a056 f i menu.obj
 0001:00019062       ?HardGameFunc@gameMenu_t@@SAXPAX@Z 0041a062 f i menu.obj
 0001:0001907e       ?Init@savegameMenu_t@@UAE_NXZ 0041a07e f i menu.obj
 0001:0001918e       ?Create_Savestrings@savegameMenu_t@@QAEXXZ 0041a18e f i menu.obj
 0001:0001924e       ?LoadGameCallback@savegameMenu_t@@SAXPAX@Z 0041a24e f i menu.obj
 0001:0001927b       ?SaveGameCallback@savegameMenu_t@@SAXPAX@Z 0041a27b f i menu.obj
 0001:0001929e       ?Draw@savegameMenu_t@@UAEXXZ 0041a29e f i menu.obj
 0001:000192b9       ?DrawSavegameShot@savegameMenu_t@@QAEXHH@Z 0041a2b9 f i menu.obj
 0001:00019394       ?Init@joinserverMenu_t@@UAE_NXZ 0041a394 f i menu.obj
 0001:000194cb       ?JoinServerFunc@joinserverMenu_t@@SAXPAX@Z 0041a4cb f i menu.obj
 0001:00019530       ?SearchLocalGames@joinserverMenu_t@@SAXXZ 0041a530 f i menu.obj
 0001:0001959b       ?M_AddToServerList@@YAXUnetadr_t@@PBD@Z 0041a59b f   menu.obj
 0001:00019626       ?Init@startserverMenu_t@@UAE_NXZ 0041a626 f i menu.obj
 0001:00019ab4       ?DMOptionsFunc@startserverMenu_t@@SAXPAX@Z 0041aab4 f i menu.obj
 0001:00019ac4       ?RulesChangeFunc@startserverMenu_t@@SAXPAX@Z 0041aac4 f i menu.obj
 0001:00019b3c       ?StartServerActionFunc@startserverMenu_t@@SAXPAX@Z 0041ab3c f i menu.obj
 0001:00019b67       ?StartServerFunc@startserverMenu_t@@SAXPBD@Z 0041ab67 f i menu.obj
 0001:00019d43       ?KeyDown@startserverMenu_t@@UAEPBDH@Z 0041ad43 f i menu.obj
 0001:00019da2       ?Init@dmoptionsMenu_t@@UAE_NXZ 0041ada2 f i menu.obj
 0001:0001a37f       ?DMFlagCallback@dmoptionsMenu_t@@SAXPAX@Z 0041b37f f i menu.obj
 0001:0001a558       ?Init@downloadOptionsMenu_t@@UAE_NXZ 0041b558 f i menu.obj
 0001:0001a732       ?DownloadCallback@downloadOptionsMenu_t@@SAXPAX@Z 0041b732 f i menu.obj
 0001:0001a7a0       ?Init@addressBookMenu_t@@UAE_NXZ 0041b7a0 f i menu.obj
 0001:0001a846       ?KeyDown@addressBookMenu_t@@UAEPBDH@Z 0041b846 f i menu.obj
 0001:0001a8a5       ?Init@playerConfigMenu_t@@UAE_NXZ 0041b8a5 f i menu.obj
 0001:0001adec       ?HandednessCallback@playerConfigMenu_t@@SAXPAX@Z 0041bdec f i menu.obj
 0001:0001ae01       ?RTypeCallback@playerConfigMenu_t@@SAXPAX@Z 0041be01 f i menu.obj
 0001:0001ae16       ?RColorCallback@playerConfigMenu_t@@SAXPAX@Z 0041be16 f i menu.obj
 0001:0001ae2b       ?RateCallback@playerConfigMenu_t@@SAXPAX@Z 0041be2b f i menu.obj
 0001:0001ae4e       ?ModelCallback@playerConfigMenu_t@@SAXPAX@Z 0041be4e f i menu.obj
 0001:0001ae82       ?SkinCallback@playerConfigMenu_t@@SAXPAX@Z 0041be82 f i menu.obj
 0001:0001ae8a       ?Draw@playerConfigMenu_t@@UAEXXZ 0041be8a f i menu.obj
 0001:0001b16c       ?KeyDown@playerConfigMenu_t@@UAEPBDH@Z 0041c16c f i menu.obj
 0001:0001b24c       ?Init@dmbrowseMenu_t@@UAE_NXZ 0041c24c f i menu.obj
 0001:0001b455       ?KeyDown@dmbrowseMenu_t@@UAEPBDH@Z 0041c455 f i menu.obj
 0001:0001b62d       ?Draw@dmbrowseMenu_t@@UAEXXZ 0041c62d f i menu.obj
 0001:0001b77a       ?DrawThumbnail@dmbrowseMenu_t@@SAXHHHHPBD_N@Z 0041c77a f i menu.obj
 0001:0001b854       ?Init@videoMenu_t@@UAE_NXZ 0041c854 f i menu.obj
 0001:0001be50       ?ScreenSizeCallback@videoMenu_t@@SAXPAX@Z 0041ce50 f i menu.obj
 0001:0001be71       ?BrightnessCallback@videoMenu_t@@SAXPAX@Z 0041ce71 f i menu.obj
 0001:0001be92       ?ContrastCallback@videoMenu_t@@SAXPAX@Z 0041ce92 f i menu.obj
 0001:0001bece       ?CancelChanges@videoMenu_t@@SAXPAX@Z 0041cece f i menu.obj
 0001:0001bf1b       ?KeyDown@videoMenu_t@@UAEPBDH@Z 0041cf1b f i menu.obj
 0001:0001bf64       ?ApplyChanges@videoMenu_t@@SAXPAX@Z 0041cf64 f i menu.obj
 0001:0001c13f       ?KeyDown@quitMenu_t@@UAEPBDH@Z 0041d13f f i menu.obj
 0001:0001c17c       ?Draw@quitMenu_t@@UAEXXZ   0041d17c f i menu.obj
 0001:0001c1ec       ?M_Init@@YAXXZ             0041d1ec f   menu.obj
 0001:0001c3ce       ?ItemAtCursor@menuFramework_t@@QAEPAUmenuCommon_t@@XZ 0041d3ce f   qmenu.obj
 0001:0001c422       ?AddItem@menuFramework_t@@QAEXPAUmenuCommon_t@@@Z 0041d422 f   qmenu.obj
 0001:0001c4de       ?AdjustCursor@menuFramework_t@@QAEXH@Z 0041d4de f   qmenu.obj
 0001:0001c656       ?Center@menuFramework_t@@QAEXXZ 0041d656 f   qmenu.obj
 0001:0001c697       ?Draw@menuFramework_t@@UAEXXZ 0041d697 f   qmenu.obj
 0001:0001cc50       ?SelectItem@menuFramework_t@@QAE_NXZ 0041dc50 f   qmenu.obj
 0001:0001ccb5       ?SetStatusBar@menuFramework_t@@QAEXPBD@Z 0041dcb5 f   qmenu.obj
 0001:0001ccc2       ?SlideItem@menuFramework_t@@QAEXH@Z 0041dcc2 f   qmenu.obj
 0001:0001d260       ?Push@menuFramework_t@@QAEXXZ 0041e260 f   qmenu.obj
 0001:0001d2df       ?M_ForceMenuOff@@YAXXZ     0041e2df f   qmenu.obj
 0001:0001d30c       ?Pop@menuFramework_t@@QAEXXZ 0041e30c f   qmenu.obj
 0001:0001d346       ?KeyDown@menuFramework_t@@UAEPBDH@Z 0041e346 f   qmenu.obj
 0001:0001d5be       ?Init@menuFramework_t@@UAE_NXZ 0041e5be f   qmenu.obj
 0001:0001d5c1       ?M_Draw@@YAXXZ             0041e5c1 f   qmenu.obj
 0001:0001d5fc       ?M_Keydown@@YAXH@Z         0041e5fc f   qmenu.obj
 0001:0001d61e       ?InitRendererVars@@YAXXZ   0041e61e f   ref_vars.obj
 0001:0001d63d       ?S_SoundInfo_f@@YAXXZ      0041e63d f   snd_dma.obj
 0001:0001d6b7       ?S_Init@@YAXXZ             0041e6b7 f   snd_dma.obj
 0001:0001d789       ?S_Shutdown@@YAXXZ         0041e789 f   snd_dma.obj
 0001:0001d81c       ?S_BeginRegistration@@YAXXZ 0041e81c f   snd_dma.obj
 0001:0001d82a       ?S_RegisterSound@@YAPAUsfx_t@@PBD@Z 0041e82a f   snd_dma.obj
 0001:0001d9d5       ?S_EndRegistration@@YAXXZ  0041e9d5 f   snd_dma.obj
 0001:0001da5e       ?S_PickChannel@@YAPAUchannel_t@@HH@Z 0041ea5e f   snd_dma.obj
 0001:0001daec       ?S_Spatialize@@YAXPAUchannel_t@@@Z 0041eaec f   snd_dma.obj
 0001:0001dcce       ?S_AllocPlaysound@@YAPAUplaysound_t@@XZ 0041ecce f   snd_dma.obj
 0001:0001dcf0       ?S_FreePlaysound@@YAXPAUplaysound_t@@@Z 0041ecf0 f   snd_dma.obj
 0001:0001dd23       ?S_IssuePlaysound@@YAXPAUplaysound_t@@@Z 0041ed23 f   snd_dma.obj
 0001:0001ddf4       ?S_StartSound@@YAXPBUCVec3@@HHPAUsfx_t@@MMM@Z 0041edf4 f   snd_dma.obj
 0001:0001e1b4       ?S_StartLocalSound@@YAXPBD@Z 0041f1b4 f   snd_dma.obj
 0001:0001e206       ?S_ClearBuffer@@YAXXZ      0041f206 f   snd_dma.obj
 0001:0001e26f       ?S_StopAllSounds_f@@YAXXZ  0041f26f f   snd_dma.obj
 0001:0001e2df       ?S_AddLoopSounds@@YAXXZ    0041f2df f   snd_dma.obj
 0001:0001e4b5       ?S_RawSamples@@YAXHHHHPAE@Z 0041f4b5 f   snd_dma.obj
 0001:0001e6b9       ?S_Update@@YAXABUCVec3@@0@Z 0041f6b9 f   snd_dma.obj
 0001:0001e78f       ?GetSoundtime@@YAXXZ       0041f78f f   snd_dma.obj
 0001:0001e7f6       ?S_Update_@@YAXXZ          0041f7f6 f   snd_dma.obj
 0001:0001eaa9       ?S_LoadSound@@YAPAUsfxcache_t@@PAUsfx_t@@@Z 0041faa9 f   snd_mem.obj
 0001:0001f038       ?S_WriteLinearBlastStereo16@@YAXXZ 00420038 f   snd_mix.obj
 0001:0001f0a2       ?S_TransferStereo16@@YAXPAKH@Z 004200a2 f   snd_mix.obj
 0001:0001f10d       ?S_TransferPaintBuffer@@YAXH@Z 0042010d f   snd_mix.obj
 0001:0001f271       ?S_PaintChannels@@YAXH@Z   00420271 f   snd_mix.obj
 0001:0001f4ed       ?S_InitScaletable@@YAXXZ   004204ed f   snd_mix.obj
 0001:0001f632       ?SV_ComputeAnimation@@YAXPAUplayer_state_t@@AAUentityStateEx_t@@PAU2@PAUedict_s@@@Z 00420632 f   sv_anim.obj
 0001:0001faeb       ?SV_ReadLevelFile@@YAXXZ   00420aeb f   sv_ccmds.obj
 0001:0001fb90       ?SV_AddressBanned@@YA_NPAUnetadr_t@@@Z 00420b90 f   sv_ccmds.obj
 0001:0001fbd4       ?SV_InitCommands@@YAXXZ    00420bd4 f   sv_ccmds.obj
 0001:0002107e       ?sprintf@?$TString@$0CI@@@QAAHPBDZZ 0042207e f i sv_ccmds.obj
 0001:0002109f       ?SV_WriteFrameToClient@@YAXPAUclient_t@@PAVsizebuf_t@@@Z 0042209f f   sv_ents.obj
 0001:000217ce       ?SV_RecordDemoMessage@@YAXXZ 004227ce f   sv_ents.obj
 0001:0002199c       ?SV_MulticastOld@@YAXABUCVec3@@W4multicast_t@@@Z 0042299c f i sv_game.obj
 0001:000219b1       ?SV_StartSoundOld@@YAXPBUCVec3@@PAUedict_s@@HHMMM@Z 004229b1 f i sv_game.obj
 0001:00022409       ?SV_InitGameLibrary@@YAX_N@Z 00423409 f   sv_game.obj
 0001:000226fe       ?SV_ShutdownGameLibrary@@YAXXZ 004236fe f   sv_game.obj
 0001:0002285b       ?SV_FindIndex@@YAHPBDHH_N@Z 0042385b f   sv_init.obj
 0001:00022972       ?SV_ModelIndex@@YAHPBD@Z   00423972 f   sv_init.obj
 0001:0002298b       ?SV_SoundIndex@@YAHPBD@Z   0042398b f   sv_init.obj
 0001:000229a7       ?SV_ImageIndex@@YAHPBD@Z   004239a7 f   sv_init.obj
 0001:000229c3       ?SV_CreateBaseline@@YAXXZ  004239c3 f   sv_init.obj
 0001:00022a40       ?SV_SpawnServer@@YAXPAD0W4server_state_t@@_N2@Z 00423a40 f   sv_init.obj
 0001:00022dad       ?SV_InitGame@@YAXXZ        00423dad f   sv_init.obj
 0001:00022fd6       ?SV_Map@@YAX_NPBD0@Z       00423fd6 f   sv_init.obj
 0001:0002319b       ?SV_DropClient@@YAXPAUclient_t@@PAD@Z 0042419b f   sv_main.obj
 0001:00023bcb       ??0COutputDeviceMem@@QAE@H@Z 00424bcb f i sv_main.obj
 0001:00023bfc       ?Write@COutputDeviceMem@@UAEXPBD@Z 00424bfc f i sv_main.obj
 0001:00023c83       ??_ECOutputDeviceMem@@UAEPAXI@Z 00424c83 f i sv_main.obj
 0001:00023c83       ??_GCOutputDeviceMem@@UAEPAXI@Z 00424c83 f i sv_main.obj
 0001:00023ca2       ??1COutputDeviceMem@@UAE@XZ 00424ca2 f i sv_main.obj
 0001:00023cc1       ?SV_CalcPings@@YAXXZ       00424cc1 f   sv_main.obj
 0001:00023d48       ?SV_GiveMsec@@YAXXZ        00424d48 f   sv_main.obj
 0001:00023d87       ?SV_ReadPackets@@YAXXZ     00424d87 f   sv_main.obj
 0001:00023fac       ?SV_CheckTimeouts@@YAXXZ   00424fac f   sv_main.obj
 0001:000240bd       ?SV_PostprocessFrame@@YAXXZ 004250bd f   sv_main.obj
 0001:00024582       ?SV_MulticastHook@@YAPAVsizebuf_t@@PAV1@0@Z 00425582 f   sv_main.obj
 0001:0002495e       ?SV_TraceHook@@YAXAAUtrace0_t@@ABUCVec3@@PBU2@21PAUedict_s@@H@Z 0042595e f   sv_main.obj
 0001:00024bdd       ?SV_Frame@@YAXM@Z          00425bdd f   sv_main.obj
 0001:00024e86       ?SV_UserinfoChanged@@YAXPAUclient_t@@@Z 00425e86 f   sv_main.obj
 0001:00024f47       ?SV_InitVars@@YAXXZ        00425f47 f   sv_main.obj
 0001:00024f56       ?SV_Init@@YAXXZ            00425f56 f   sv_main.obj
 0001:00024faf       ?SV_Shutdown@@YAXPBD_N@Z   00425faf f   sv_main.obj
 0001:000251bc       ?SV_ClientPrintf@@YAXPAUclient_t@@HPBDZZ 004261bc f   sv_send.obj
 0001:00025217       ?SV_BroadcastPrintf@@YAXHPBDZZ 00426217 f   sv_send.obj
 0001:000252ed       ?SV_BroadcastCommand@@YAXPBDZZ 004262ed f   sv_send.obj
 0001:00025347       ?SV_Multicast@@YAXABUCVec3@@W4multicast_t@@_N@Z 00426347 f   sv_send.obj
 0001:00025548       ?SV_StartSound@@YAXPBUCVec3@@PAUedict_s@@HHMMM_N@Z 00426548 f   sv_send.obj
 0001:000257e1       ?SV_SendClientDatagram@@YA_NPAUclient_t@@@Z 004267e1 f   sv_send.obj
 0001:000258a3       ?SV_DemoCompleted@@YAXXZ   004268a3 f   sv_send.obj
 0001:000258bf       ?SV_SendClientMessages@@YAXXZ 004268bf f   sv_send.obj
 0001:00025aa7       ?SV_DrawText3D@@YAXABUCVec3@@PBDI@Z 00426aa7 f   sv_text.obj
 0001:00025adf       ?SV_ClearTexts@@YAXXZ      00426adf f   sv_text.obj
 0001:00025ae7       ?SV_DrawTexts@@YAXXZ       00426ae7 f   sv_text.obj
 0001:00025b3c       ??0?$TTextContainer@UCSVText@@$0BAAAA@@@QAE@XZ 00426b3c f i sv_text.obj
 0001:00025b61       ?SV_TokenizeString@@YAXPBD@Z 00426b61 f   sv_tokenize.obj
 0001:00025c38       ?SV_Argc@@YAHXZ            00426c38 f   sv_tokenize.obj
 0001:00025c3e       ?SV_Argv@@YAPADH@Z         00426c3e f   sv_tokenize.obj
 0001:00025c5c       ?SV_Args@@YAPADXZ          00426c5c f   sv_tokenize.obj
 0001:00026515       ?SV_Nextserver@@YAXXZ      00427515 f   sv_user.obj
 0001:000265a9       ?SV_ClientThink@@YAXPAUclient_t@@PAUusercmd_t@@@Z 004275a9 f   sv_user.obj
 0001:0002663a       ?SV_ExecuteClientMessage@@YAXPAUclient_t@@@Z 0042763a f   sv_user.obj
 0001:00026a10       ?SV_ClearWorld@@YAXXZ      00427a10 f   sv_world.obj
 0001:00026b4e       ?SV_UnlinkEdict@@YAXPAUedict_s@@@Z 00427b4e f   sv_world.obj
 0001:00026c14       ?SV_LinkEdict@@YAXPAUedict_s@@@Z 00427c14 f   sv_world.obj
 0001:00027329       ?SV_AreaEdicts@@YAHABUCVec3@@0PAPAUedict_s@@HH@Z 00428329 f   sv_world.obj
 0001:000274c7       ?SV_PointContents@@YAHABUCVec3@@@Z 004284c7 f   sv_world.obj
 0001:000275ed       ?SV_Trace@@YAXAAUtrace_t@@ABUCVec3@@1ABUCBox@@PAUedict_s@@H@Z 004285ed f   sv_world.obj
 0001:00027a6a       ?InitByteDirs@@YAXXZ       00428a6a f   anorms.obj
 0001:00027aa9       ?Cbuf_AddText@@YAXPBD@Z    00428aa9 f   cmd.obj
 0001:00027b0f       ?Cbuf_CopyToDefer@@YAXXZ   00428b0f f   cmd.obj
 0001:00027b57       ?Cbuf_InsertFromDefer@@YAXXZ 00428b57 f   cmd.obj
 0001:00027c13       ?Cbuf_Execute@@YAXXZ       00428c13 f   cmd.obj
 0001:00027d23       ?Cmd_Unalias_f@@YAX_NHPAPAD@Z 00428d23 f   cmd.obj
 0001:00027d9b       ?Cmd_WriteAliases@@YAXPAVCOutputDevice@@@Z 00428d9b f   cmd.obj
 0001:00027dce       ?RegisterCommand@@YA_NPBDP6AXXZI@Z 00428dce f   cmd.obj
 0001:00027eaf       ?UnregisterCommand@@YA_NPBD@Z 00428eaf f   cmd.obj
 0001:00027f40       ?ExecuteCommand@@YA_NPBD@Z 00428f40 f   cmd.obj
 0001:00028383       ?ExecuteCommand@@YA_NPBDPBUCSimpleCommand@@H@Z 00429383 f   cmd.obj
 0001:000287c5       ?CM_LoadMap@@YAPAUCBspModel@@PBD_NPAI@Z 004297c5 f   cmodel.obj
 0001:0002a154       ?CM_BuildBrush@@YAPAUCBrush@@HPAVCMemoryChain@@@Z 0042b154 f   cmodel.obj
 0001:0002a21d       ?CM_InlineModel@@YAPAUCBspModel@@PBD@Z 0042b21d f   cmodel.obj
 0001:0002a248       ?CM_InlineModel@@YAPAUCBspModel@@H@Z 0042b248 f   cmodel.obj
 0001:0002a323       ?CM_HeadnodeForBox@@YAHABUCBox@@@Z 0042b323 f   cmodel.obj
 0001:0002a36b       ?CM_FindLeaf@@YAPBUCBspLeaf@@ABUCVec3@@H@Z 0042b36b f   cmodel.obj
 0001:0002a41a       ?DistanceTo@CPlane@@QBEMABUCVec3@@@Z 0042b41a f i cmodel.obj
 0001:0002a45f       ?GetContents@CBspLeaf@@QBEIABUCVec3@@@Z 0042b45f f   cmodel.obj
 0001:0002a4e0       ?CM_PointContents@@YAHABUCVec3@@H@Z 0042b4e0 f   cmodel.obj
 0001:0002a54a       ?CM_TransformedPointContents@@YAHABUCVec3@@H00@Z 0042b54a f   cmodel.obj
 0001:0002a61f       ?CM_TransformedPointContents@@YAHABUCVec3@@H0ABUCAxis@@@Z 0042b61f f   cmodel.obj
 0001:0002a6be       ?CM_BoxLeafs@@YAHABUCBox@@PAPAUCBspLeaf@@HPAHH@Z 0042b6be f   cmodel.obj
 0001:0002a7d0       ?BOX_ON_PLANE_SIDE@@YAHABUCBox@@ABUCPlane@@@Z 0042b7d0 f i cmodel.obj
 0001:0002a83b       ?CM_BoxTrace@@YAXAAUtrace_t@@ABUCVec3@@1ABUCBox@@HI@Z 0042b83b f   cmodel.obj
 0001:0002ab17       ?GetVertex@CBox@@QBEXHAAUCVec3@@@Z 0042bb17 f i cmodel.obj
 0001:0002af91       ?SplitTrace@@YAMABUCVec3@@0ABUCPlane@@AAM2_N@Z 0042bf91 f i cmodel.obj
 0001:0002b43e       ?CM_TransformedBoxTrace@@YAXAAUtrace_t@@ABUCVec3@@1ABUCBox@@HI11@Z 0042c43e f   cmodel.obj
 0001:0002b5b1       ?CM_TransformedBoxTrace@@YAXAAUtrace_t@@ABUCVec3@@1ABUCBox@@HI1ABUCAxis@@@Z 0042c5b1 f   cmodel.obj
 0001:0002b66e       ?CM_CombineTrace@@YA_NAAUtrace_t@@ABU1@@Z 0042c66e f   cmodel.obj
 0001:0002b6bb       ?CM_ClipTraceToModels@@YAXAAUtrace_t@@ABUCVec3@@1ABUCBox@@I@Z 0042c6bb f   cmodel.obj
 0001:0002b7bd       ?CM_PointModelContents@@YAHABUCVec3@@@Z 0042c7bd f   cmodel.obj
 0001:0002b80c       ?CM_BrushTrace@@YAHABUCVec3@@0PAHH@Z 0042c80c f   cmodel.obj
 0001:0002bb12       ?CM_RefineBrushTrace@@YAHABUCVec3@@0PAHH@Z 0042cb12 f   cmodel.obj
 0001:0002bbb8       ?CM_ClusterPVS@@YAPBEH@Z   0042cbb8 f   cmodel.obj
 0001:0002bcf0       ?CM_SetAreaPortalState@@YAXH_N@Z 0042ccf0 f   cmodel.obj
 0001:0002bd18       ?CM_AreasConnected@@YA_NHH@Z 0042cd18 f   cmodel.obj
 0001:0002bd5f       ?CM_WriteAreaBits@@YAHPAEH@Z 0042cd5f f   cmodel.obj
 0001:0002be01       ?CM_WritePortalState@@YAXPAU_iobuf@@@Z 0042ce01 f   cmodel.obj
 0001:0002be1e       ?CM_ReadPortalState@@YAXPAU_iobuf@@@Z 0042ce1e f   cmodel.obj
 0001:0002be40       ?CM_HeadnodeVisible@@YA_NHPBE@Z 0042ce40 f   cmodel.obj
 0001:0002bf1d       ??E?$TStringSplitter@$0EA@$0DL@@@QAEXXZ 0042cf1d f i cmodel.obj
 0001:0002bf7f       ?LoadNodes@@YAXPAUdBsp2Node_t@@H@Z 0042cf7f f i cmodel.obj
 0001:0002c096       ?LoadLeafBrushes@@YAXPAGHPAUdBsp2Leaf_t@@@Z 0042d096 f i cmodel.obj
 0001:0002c12a       ?LoadSubmodels@@YAXPAUdBsp2Model_t@@H@Z 0042d12a f i cmodel.obj
 0001:0002c1b2       ?LoadNodes@@YAXPAUdBsp1Node_t@@H@Z 0042d1b2 f i cmodel.obj
 0001:0002c275       ?LoadSubmodels@@YAXPAUdBsp1Model_t@@H@Z 0042d275 f i cmodel.obj
 0001:0002c2fd       ?LoadNodes@@YAXPAUdBsp3Node_t@@H@Z 0042d2fd f i cmodel.obj
 0001:0002c3b2       ?LoadLeafBrushes@@YAXPAIHPAUdBsp3Leaf_t@@@Z 0042d3b2 f i cmodel.obj
 0001:0002c443       ?Com_DPrintf@@YAXPBDZZ     0042d443 f   common.obj
 0001:0002c4bc       ?DebugPrintf@@YAXPBDZZ     0042d4bc f   common.obj
 0001:0002c56b       ?IPWildcard@@YA_NPAUnetadr_t@@PBD@Z 0042d56b f   common.obj
 0001:0002c645       ?Com_ServerState@@YA?AW4server_state_t@@XZ 0042d645 f   common.obj
 0001:0002c64b       ?Com_SetServerState@@YAXW4server_state_t@@@Z 0042d64b f   common.obj
 0001:0002c658       ?crand@@YAMXZ              0042d658 f   common.obj
 0001:0002c676       ?Info_ValueForKey@@YAPBDPBD0@Z 0042d676 f   common.obj
 0001:0002c6f5       ?Info_SetValueForKey@@YAXPADPBD1@Z 0042d6f5 f   common.obj
 0001:0002c82c       ?Info_Print@@YAXPBD@Z      0042d82c f   common.obj
 0001:0002c8b2       ?LerpAngle@@YAMMMM@Z       0042d8b2 f   common.obj
 0001:0002c8f6       ?ReduceAngle@@YAMM@Z       0042d8f6 f   common.obj
 0001:0002c922       ?AngleSubtract@@YAMMM@Z    0042d922 f   common.obj
 0001:0002c95b       ?AnglesSubtract@@YAXABUCVec3@@0AAU1@@Z 0042d95b f   common.obj
 0001:0002c9b4       ?COM_Parse@@YAPADAAPBD_N@Z 0042d9b4 f   common.obj
 0001:0002cad6       ?COM_QuoteString@@YAPBDPBD_N@Z 0042dad6 f   common.obj
 0001:0002cb33       ?Com_CheckCmdlineVar@@YA_NPBD@Z 0042db33 f   common.obj
 0001:0002cb8c       ?Com_Init@@YAXPBD@Z        0042db8c f   common.obj
 0001:0002cf33       ?Com_Frame@@YAXM@Z         0042df33 f   common.obj
 0001:0002d333       ?Com_BlockSequenceCRCByte@@YAEPAEHH@Z 0042e333 f   crc.obj
 0001:0002d3eb       ?Cvar_VariableValue@@YAMPBD@Z 0042e3eb f   cvar.obj
 0001:0002d462       ?Cvar_VariableInt@@YAHPBD@Z 0042e462 f   cvar.obj
 0001:0002d479       ?Cvar_VariableString@@YAPBDPBD@Z 0042e479 f   cvar.obj
 0001:0002d495       ?Cvar_Get@@YAPAUcvar_t@@PBD0H@Z 0042e495 f   cvar.obj
 0001:0002d762       ?Cvar_GetVars@@YAXPBUcvarInfo_t@@H@Z 0042e762 f   cvar.obj
 0001:0002d80c       ?Cvar_FullSet@@YAXPAUcvar_t@@PBDI@Z 0042e80c f   cvar.obj
 0001:0002d82c       ?Cvar_FullSet@@YAPAUcvar_t@@PBD0I@Z 0042e82c f   cvar.obj
 0001:0002d86c       ?Cvar_SetValue@@YAPAUcvar_t@@PBDM@Z 0042e86c f   cvar.obj
 0001:0002da05       ?Cvar_SetInteger@@YAPAUcvar_t@@PBDH@Z 0042ea05 f   cvar.obj
 0001:0002da29       ?Cvar_Set@@YAPAUcvar_t@@PBD0@Z 0042ea29 f   cvar.obj
 0001:0002da40       ?Cvar_ForceSet@@YAPAUcvar_t@@PBD0@Z 0042ea40 f   cvar.obj
 0001:0002da57       ?Cvar_Clamp@@YAMPAUcvar_t@@MM@Z 0042ea57 f   cvar.obj
 0001:0002dab5       ?Cvar_Command@@YA_NHPAPAD@Z 0042eab5 f   cvar.obj
 0001:0002db50       ?IsDefault@cvar_t@@QAE_NXZ 0042eb50 f i cvar.obj
 0001:0002db6d       ?Cvar_WriteVariables@@YAXPAVCOutputDevice@@HHPBD@Z 0042eb6d f   cvar.obj
 0001:0002dbf3       ?Cvar_BitInfo@@YAPBDI@Z    0042ebf3 f   cvar.obj
 0001:0002dc45       ?Cvar_Cheats@@YAX_N@Z      0042ec45 f   cvar.obj
 0001:0002e4bc       ?MSG_WriteDeltaEntity@@YAXPAVsizebuf_t@@PBUentityStateEx_t@@PAU2@_N33@Z 0042f4bc f   entdelta.obj
 0001:0002ea78       ?MSG_WriteRemoveEntity@@YAXPAVsizebuf_t@@H@Z 0042fa78 f   entdelta.obj
 0001:0002eab8       ?MSG_ReadEntityBits@@YAHPAVsizebuf_t@@PAIPA_N@Z 0042fab8 f   entdelta.obj
 0001:0002eb2a       ?MSG_ReadDeltaEntity@@YAXPAVsizebuf_t@@PBUentityStateEx_t@@PAU2@I@Z 0042fb2a f   entdelta.obj
 0001:0002ebad       ?MSG_WriteDeltaUsercmd@@YAXPAVsizebuf_t@@PBUusercmd_t@@PAU2@@Z 0042fbad f   entdelta.obj
 0001:0002ec3c       ?MSG_ReadDeltaUsercmd@@YAXPAVsizebuf_t@@PBUusercmd_t@@PAU2@@Z 0042fc3c f   entdelta.obj
 0001:0002ef3f       ?MSG_WriteDeltaPlayerstate@@YAXPAVsizebuf_t@@PBUplayer_state_t@@PAU2@@Z 0042ff3f f   entdelta.obj
 0001:0002f048       ?MSG_ReadDeltaPlayerstate@@YAXPAVsizebuf_t@@PBUplayer_state_t@@PAU2@@Z 00430048 f   entdelta.obj
 0001:0002f102       ?ProcessEntstring@@YAPBDPBD@Z 00430102 f   EntityParser.obj
 0001:0003082b       ?Inflate@CBox@@QAEXM@Z     0043182b f i EntityParser.obj
 0001:00031c2d       ?LoadPCX@@YAPAEPBDAAH1AAPAE@Z 00432c2d f   images.obj
 0001:00031d68       ?LoadTGA@@YAPAEPBDAAH1@Z   00432d68 f   images.obj
 0001:00031ffc       ?LoadJPG@@YAPAEPBDAAH1@Z   00432ffc f   images.obj
 0001:000322b0       ?ImageExists@@YAHPBDH@Z    004332b0 f   images.obj
 0001:000323d4       ?WriteTGA@@YA_NPBDPAEHH@Z  004333d4 f   images.obj
 0001:000325c8       ?WriteJPG@@YA_NPBDPAEHH_N@Z 004335c8 f   images.obj
 0001:000326f9       ??0CBrush@@QAE@ABUCBox@@@Z 004336f9 f   MapBrush.obj
 0001:0003284a       ?Split@CBrush@@QAEPAU1@PAUCPlane@@@Z 0043384a f   MapBrush.obj
 0001:0003329c       ?GetVec@CAllocVertexPool@@QAEPAUCVec3@@ABU2@@Z 0043429c f i MapBrush.obj
 0001:00033330       ?GetBounds@CBrush@@QAEXAAUCBox@@@Z 00434330 f   MapBrush.obj
 0001:000333b2       ?AddBevels@CBrush@@QAEXP6APAUCPlane@@ABUCVec3@@M@Z@Z 004343b2 f   MapBrush.obj
 0001:000336a6       ?Negate@CVec3@@QAEXXZ      004346a6 f i MapBrush.obj
 0001:000336b4       ?MD4Init@@YAXPAUMD4_CTX@@@Z 004346b4 f   md4.obj
 0001:000336dc       ?MD4Update@@YAXPAUMD4_CTX@@PAEI@Z 004346dc f   md4.obj
 0001:0003377a       ?MD4Final@@YAXQAEPAUMD4_CTX@@@Z 0043477a f   md4.obj
 0001:00033e6b       ?Com_BlockChecksum@@YAIPAXH@Z 00434e6b f   md4.obj
 0001:00033ea7       ?LoadQ2BspFile@@YAXXZ      00434ea7 f   model.obj
 0001:00034380       ?LoadQ1BspFile@@YAXXZ      00435380 f   model.obj
 0001:000346a0       ?LoadQ3BspFile@@YAXXZ      004356a0 f   model.obj
 0001:0003490d       ?LoadBspFile@@YAPAUbspfile_t@@PBD_NPAI@Z 0043590d f   model.obj
 0001:00034b14       ?Init@sizebuf_t@@QAEXPAXH@Z 00435b14 f   msg.obj
 0001:00034b31       ?Write@sizebuf_t@@QAEXPBXH@Z 00435b31 f   msg.obj
 0001:00034ba3       ?MSG_WriteByte@@YAXPAVsizebuf_t@@H@Z 00435ba3 f   msg.obj
 0001:00034ba3       ?MSG_WriteChar@@YAXPAVsizebuf_t@@H@Z 00435ba3 f   msg.obj
 0001:00034bb6       ?MSG_WriteShort@@YAXPAVsizebuf_t@@H@Z 00435bb6 f   msg.obj
 0001:00034bc9       ?MSG_WriteLong@@YAXPAVsizebuf_t@@H@Z 00435bc9 f   msg.obj
 0001:00034bdc       ?MSG_WriteFloat@@YAXPAVsizebuf_t@@M@Z 00435bdc f   msg.obj
 0001:00034bef       ?MSG_WriteString@@YAXPAVsizebuf_t@@PBD@Z 00435bef f   msg.obj
 0001:00034c19       ?MSG_WritePos@@YAXPAVsizebuf_t@@ABUCVec3@@@Z 00435c19 f   msg.obj
 0001:00034c7d       ?MSG_WriteAngle@@YAXPAVsizebuf_t@@M@Z 00435c7d f   msg.obj
 0001:00034ca8       ?MSG_WriteAngle16@@YAXPAVsizebuf_t@@M@Z 00435ca8 f   msg.obj
 0001:00034cd3       ?MSG_WriteDir@@YAXPAVsizebuf_t@@ABUCVec3@@@Z 00435cd3 f   msg.obj
 0001:00034d3b       ?MSG_ReadDir@@YAXPAVsizebuf_t@@AAUCVec3@@@Z 00435d3b f   msg.obj
 0001:00034d6e       ?MSG_ReadChar@@YAHPAVsizebuf_t@@@Z 00435d6e f   msg.obj
 0001:00034d91       ?MSG_ReadByte@@YAHPAVsizebuf_t@@@Z 00435d91 f   msg.obj
 0001:00034db9       ?MSG_ReadShort@@YAHPAVsizebuf_t@@@Z 00435db9 f   msg.obj
 0001:00034de2       ?MSG_ReadLong@@YAHPAVsizebuf_t@@@Z 00435de2 f   msg.obj
 0001:00034e04       ?MSG_ReadString@@YAPADPAVsizebuf_t@@@Z 00435e04 f   msg.obj
 0001:00034e3a       ?MSG_ReadPos@@YAXPAVsizebuf_t@@AAUCVec3@@@Z 00435e3a f   msg.obj
 0001:00034e8c       ?MSG_ReadAngle@@YAMPAVsizebuf_t@@@Z 00435e8c f   msg.obj
 0001:00034ea6       ?MSG_ReadAngle16@@YAMPAVsizebuf_t@@@Z 00435ea6 f   msg.obj
 0001:00034ec0       ?MSG_ReadData@@YAXPAVsizebuf_t@@PAXH@Z 00435ec0 f   msg.obj
 0001:00034ee3       ?Netchan_Init@@YAXXZ       00435ee3 f   net_chan.obj
 0001:00034f52       ?Netchan_OutOfBandPrint@@YAXW4netsrc_t@@Unetadr_t@@PBDZZ 00435f52 f   net_chan.obj
 0001:00034fd7       ?Setup@netchan_t@@QAEXW4netsrc_t@@Unetadr_t@@H@Z 00435fd7 f   net_chan.obj
 0001:0003502d       ?NeedReliable@netchan_t@@QAE_NXZ 0043602d f   net_chan.obj
 0001:00035052       ?Transmit@netchan_t@@QAEXPAXH@Z 00436052 f   net_chan.obj
 0001:000351e8       ?Process@netchan_t@@QAE_NPAVsizebuf_t@@@Z 004361e8 f   net_chan.obj
 0001:00035315       ?Pmove@@YAXPAUpmove_t@@@Z  00436315 f   pmove.obj
 0001:00036f8b       ?FileExists@CQuakeFileSystem@@UAE_NPBDI@Z 00437f8b f i QuakeFileSystem.obj
 0001:00036ff2       ?CheckFilename@CQuakeFileSystem@@AAEXPBD@Z 00437ff2 f i QuakeFileSystem.obj
 0001:00037091       ?OpenFile@CQuakeFileSystem@@UAEPAVCFile@@PBDI@Z 00438091 f i QuakeFileSystem.obj
 0001:00037121       ?List@CQuakeFileSystem@@UAEPAVCFileList@@PBDIPAV2@@Z 00438121 f i QuakeFileSystem.obj
 0001:000371b3       ??_ECQuakeFileSystem@@UAEPAXI@Z 004381b3 f i QuakeFileSystem.obj
 0001:000371b3       ??_GCFileSystem@@UAEPAXI@Z 004381b3 f i QuakeFileSystem.obj
 0001:000371b3       ??_GCQuakeFileSystem@@UAEPAXI@Z 004381b3 f i QuakeFileSystem.obj
 0001:000371b3       ??_ECFileSystem@@UAEPAXI@Z 004381b3 f i QuakeFileSystem.obj
 0001:000371d3       ?FS_Gamedir@@YAPBDXZ       004381d3 f   QuakeFileSystem.obj
 0001:000371d9       ?FS_NextPath@@YAPBDPBD@Z   004381d9 f   QuakeFileSystem.obj
 0001:0003721d       ?FS_CopyFile@@YAXPBD0@Z    0043821d f   QuakeFileSystem.obj
 0001:000372f3       ?FS_CopyFiles@@YAXPBD0@Z   004382f3 f   QuakeFileSystem.obj
 0001:0003740d       ?FS_RemoveFiles@@YAXPBD@Z  0043840d f   QuakeFileSystem.obj
 0001:000374c8       ?InitFileSystem@@YAXXZ     004384c8 f   QuakeFileSystem.obj
 0001:000375fc       ?Create@CFileContainerPak@@SAPAVCFileContainer@@PBDPAU_iobuf@@@Z 004385fc f i QuakeFileSystem.obj
 0001:00037765       ??0CFileContainerArc@@QAE@XZ 00438765 f i QuakeFileSystem.obj
 0001:000377ac       ??_GCFileContainerArc@@UAEPAXI@Z 004387ac f i QuakeFileSystem.obj
 0001:000377ac       ??_ECFileContainerArc@@UAEPAXI@Z 004387ac f i QuakeFileSystem.obj
 0001:000377db       ?GetType@CFileContainerPak@@MAEPBDXZ 004387db f i QuakeFileSystem.obj
 0001:000377e1       ?OpenLocalFile@CFileContainerPak@@MAEPAVCFile@@ABVCStringItem@@@Z 004387e1 f i QuakeFileSystem.obj
 0001:00037831       ?Read@CFilePak@CFileContainerPak@@UAEHPAXH@Z 00438831 f i QuakeFileSystem.obj
 0001:0003786b       ?GetSize@CFilePak@CFileContainerPak@@UAEHXZ 0043886b f i QuakeFileSystem.obj
 0001:00037872       ?Eof@CFilePak@CFileContainerPak@@UAE_NXZ 00438872 f i QuakeFileSystem.obj
 0001:0003787f       ??_GCFilePak@CFileContainerPak@@UAEPAXI@Z 0043887f f i QuakeFileSystem.obj
 0001:0003787f       ??_ECFilePak@CFileContainerPak@@UAEPAXI@Z 0043887f f i QuakeFileSystem.obj
 0001:000378b4       ??_ECFileContainerPak@@UAEPAXI@Z 004388b4 f i QuakeFileSystem.obj
 0001:000378b4       ??_GCFileContainerPak@@UAEPAXI@Z 004388b4 f i QuakeFileSystem.obj
 0001:000378e3       ?Create@CFileContainerZip@@SAPAVCFileContainer@@PBDPAU_iobuf@@@Z 004388e3 f i QuakeFileSystem.obj
 0001:00037be2       ?GetType@CFileContainerZip@@MAEPBDXZ 00438be2 f i QuakeFileSystem.obj
 0001:00037be8       ?OpenLocalFile@CFileContainerZip@@MAEPAVCFile@@ABVCStringItem@@@Z 00438be8 f i QuakeFileSystem.obj
 0001:00037c84       ??0CFilePak@CFileContainerZip@@QAE@ABVCFileInfo@1@PAU_iobuf@@@Z 00438c84 f i QuakeFileSystem.obj
 0001:00037cd6       ?Read@CFilePak@CFileContainerZip@@UAEHPAXH@Z 00438cd6 f i QuakeFileSystem.obj
 0001:00037e1f       ?GetSize@CFilePak@CFileContainerZip@@UAEHXZ 00438e1f f i QuakeFileSystem.obj
 0001:00037e29       ?Eof@CFilePak@CFileContainerZip@@UAE_NXZ 00438e29 f i QuakeFileSystem.obj
 0001:00037e3c       ??_ECFilePak@CFileContainerZip@@UAEPAXI@Z 00438e3c f i QuakeFileSystem.obj
 0001:00037e3c       ??_GCFilePak@CFileContainerZip@@UAEPAXI@Z 00438e3c f i QuakeFileSystem.obj
 0001:00037e5b       ??1CFilePak@CFileContainerZip@@UAE@XZ 00438e5b f i QuakeFileSystem.obj
 0001:00037eca       ??_ECFileContainerZip@@UAEPAXI@Z 00438eca f i QuakeFileSystem.obj
 0001:00037eca       ??_GCFileContainerZip@@UAEPAXI@Z 00438eca f i QuakeFileSystem.obj
 0001:00037ef9       ?Mount@CZResource@@SAPAVCFileContainer@@PBDPBE0PAVCFileSystem@@@Z 00438ef9 f i QuakeFileSystem.obj
 0001:000380a5       ?GetType@CZResource@@MAEPBDXZ 004390a5 f i QuakeFileSystem.obj
 0001:000380ab       ?OpenLocalFile@CZResource@@MAEPAVCFile@@ABVCStringItem@@@Z 004390ab f i QuakeFileSystem.obj
 0001:000380dc       ??0CFileRes@CZResource@@QAE@ABVCFileInfo@1@PBXH@Z 004390dc f i QuakeFileSystem.obj
 0001:0003818f       ?Read@CFileRes@CZResource@@UAEHPAXH@Z 0043918f f i QuakeFileSystem.obj
 0001:000381e2       ?GetSize@CFileRes@CZResource@@UAEHXZ 004391e2 f i QuakeFileSystem.obj
 0001:000381e9       ?Eof@CFileRes@CZResource@@UAE_NXZ 004391e9 f i QuakeFileSystem.obj
 0001:000381f6       ??_GCFileRes@CZResource@@UAEPAXI@Z 004391f6 f i QuakeFileSystem.obj
 0001:000381f6       ??_ECFileRes@CZResource@@UAEPAXI@Z 004391f6 f i QuakeFileSystem.obj
 0001:00038228       ??_ECZResource@@UAEPAXI@Z  00439228 f i QuakeFileSystem.obj
 0001:00038228       ??_GCZResource@@UAEPAXI@Z  00439228 f i QuakeFileSystem.obj
 0001:00038257       ?MountGame@CQuakeFileSystem@@QAEXPBD@Z 00439257 f i QuakeFileSystem.obj
 0001:000382a2       ?SetGameDir@CQuakeFileSystem@@QAE_NPBD@Z 004392a2 f i QuakeFileSystem.obj
 0001:000384a4       ?FS_Tick@@YAXXZ            004394a4 f   QuakeFileSystem.obj
 0001:000385f1       ?CDAudio_Play@@YAXH_N@Z    004395f1 f   cd_win.obj
 0001:000387e4       ?CDAudio_Stop@@YAXXZ       004397e4 f   cd_win.obj
 0001:000388a5       ?CDAudio_Update@@YAXXZ     004398a5 f   cd_win.obj
 0001:00038948       ?CDAudio_Init@@YA_NXZ      00439948 f   cd_win.obj
 0001:00038d69       ?CDAudio_Shutdown@@YAXXZ   00439d69 f   cd_win.obj
 0001:00038d8c       ?CDAudio_Activate@@YAX_N@Z 00439d8c f   cd_win.obj
 0001:00038da3       ?IN_Init@@YAXXZ            00439da3 f   in_win.obj
 0001:00039030       ?IN_Shutdown@@YAXXZ        0043a030 f   in_win.obj
 0001:00039291       ?IN_Activate@@YAX_N@Z      0043a291 f   in_win.obj
 0001:0003929e       ?IN_Frame@@YAXXZ           0043a29e f   in_win.obj
 0001:00039600       ?IN_Move@@YAXPAUusercmd_t@@@Z 0043a600 f   in_win.obj
 0001:00039aab       ?NET_CompareAdr@@YA_NPAUnetadr_t@@0@Z 0043aaab f   net_wins.obj
 0001:00039ae6       ?NET_CompareBaseAdr@@YA_NPAUnetadr_t@@0@Z 0043aae6 f   net_wins.obj
 0001:00039b13       ?NET_AdrToString@@YAPBDPAUnetadr_t@@@Z 0043ab13 f   net_wins.obj
 0001:00039b59       ?NET_StringToAdr@@YA_NPBDPAUnetadr_t@@F@Z 0043ab59 f   net_wins.obj
 0001:00039c6e       ?NET_IsLocalAddress@@YA_NPAUnetadr_t@@@Z 0043ac6e f   net_wins.obj
 0001:00039c7d       ?NET_GetPacket@@YA_NW4netsrc_t@@PAUnetadr_t@@PAVsizebuf_t@@@Z 0043ac7d f   net_wins.obj
 0001:00039dfc       ?NET_SendPacket@@YAXW4netsrc_t@@HPAXUnetadr_t@@@Z 0043adfc f   net_wins.obj
 0001:00039f1a       ?NET_Config@@YAX_N@Z       0043af1a f   net_wins.obj
 0001:0003a0f5       ?NET_Init@@YAXXZ           0043b0f5 f   net_wins.obj
 0001:0003a1a8       ?SNDDMA_Init@@YA_NXZ       0043b1a8 f   snd_win.obj
 0001:0003a7f3       ?SNDDMA_GetDMAPos@@YAHXZ   0043b7f3 f   snd_win.obj
 0001:0003a83d       ?SNDDMA_BeginPainting@@YAXXZ 0043b83d f   snd_win.obj
 0001:0003a95c       ?SNDDMA_Submit@@YAXXZ      0043b95c f   snd_win.obj
 0001:0003a981       ?SNDDMA_Shutdown@@YAXXZ    0043b981 f   snd_win.obj
 0001:0003a986       ?S_Activate@@YAX_N@Z       0043b986 f   snd_win.obj
 0001:0003a9d9       ?Write@COutputDeviceWin32Console@@UAEXPBD@Z 0043b9d9 f i sys_win.obj
 0001:0003aa51       ?EraseInput@COutputDeviceWin32Console@@QAEXXZ 0043ba51 f i sys_win.obj
 0001:0003aad7       ??_ECOutputDeviceWin32Console@@UAEPAXI@Z 0043bad7 f i sys_win.obj
 0001:0003aad7       ??_GCOutputDeviceWin32Console@@UAEPAXI@Z 0043bad7 f i sys_win.obj
 0001:0003aaf7       ?Sys_ConsoleInput@@YAPADXZ 0043baf7 f   sys_win.obj
 0001:0003ad80       ?Sys_ProcessMessages@@YAXXZ 0043bd80 f   sys_win.obj
 0001:0003ae39       _WinMain@16                0043be39 f   sys_win.obj
 0001:0003b141       ??_GCOutputDeviceCon@@UAEPAXI@Z 0043c141 f i sys_win.obj
 0001:0003b141       ??_ECOutputDeviceCon@@UAEPAXI@Z 0043c141 f i sys_win.obj
 0001:0003b1e9       ?Init@COutputDeviceWin32Console@@QAEXXZ 0043c1e9 f i sys_win.obj
 0001:0003b213       ?AddMsgHook@@YAXP6A_NIIJ@Z@Z 0043c213 f   vid_dll.obj
 0001:0003b25a       ?RemoveMsgHook@@YAXP6A_NIIJ@Z@Z 0043c25a f   vid_dll.obj
 0001:0003b28d       ?Vid_CreateWindow@@YAPAXHH_N@Z 0043c28d f   vid_dll.obj
 0001:0003b986       ?Vid_DestroyWindow@@YAX_N@Z 0043c986 f   vid_dll.obj
 0001:0003b9c5       ?Vid_Restart@@YAXXZ        0043c9c5 f   vid_dll.obj
 0001:0003b9d1       ?Vid_GetModeInfo@@YA_NPAH0H@Z 0043c9d1 f   vid_dll.obj
 0001:0003ba03       ?Vid_Tick@@YAXXZ           0043ca03 f   vid_dll.obj
 0001:0003bbb4       ?Vid_Init@@YAXXZ           0043cbb4 f   vid_dll.obj
 0001:0003bc57       ?Vid_Shutdown@@YAXXZ       0043cc57 f   vid_dll.obj
 0001:0003bc76       ?PreLight@Comb@OpenGLDrv@@YAHPBVshader_t@2@@Z 0043cc76 f   gl_backend.obj
 0001:0003be12       ?PostLight@Comb@OpenGLDrv@@YAXPBVshader_t@2@@Z 0043ce12 f   gl_backend.obj
 0001:0003c01d       ?AddStaticStages@Comb@OpenGLDrv@@YAXPBVshader_t@2@H@Z 0043d01d f   gl_backend.obj
 0001:0003c0f2       ?ComputeConstColor@Comb@OpenGLDrv@@YAXXZ 0043d0f2 f   gl_backend.obj
 0001:0003c417       ?NoMultitexture@Comb@OpenGLDrv@@YAXXZ 0043d417 f   gl_backend.obj
 0001:0003c46e       ?UseMultitexture@Comb@OpenGLDrv@@YAXXZ 0043d46e f   gl_backend.obj
 0001:0003ca60       ?ShowFillrate@Comb@OpenGLDrv@@YAXPBVshader_t@2@@Z 0043da60 f   gl_backend.obj
 0001:0003caff       ?DebugLight@Comb@OpenGLDrv@@YAXPBVshader_t@2@@Z 0043daff f   gl_backend.obj
 0001:0003cc98       ?ComputeCombiners@Comb@OpenGLDrv@@YAXPBVshader_t@2@@Z 0043dc98 f   gl_backend.obj
 0001:0003cdeb       ?BK_FlushShader@OpenGLDrv@@YAXXZ 0043ddeb f   gl_backend.obj
 0001:0003e8b9       ?Tesselate@surfacePlanar_t@OpenGLDrv@@UAEXAAUrefEntity_t@2@@Z 0043f8b9 f   gl_backend.obj
 0001:0003ea1f       ?Tesselate@surfaceTrisurf_t@OpenGLDrv@@UAEXAAUrefEntity_t@2@@Z 0043fa1f f   gl_backend.obj
 0001:0003eb27       ?Tesselate@surfacePoly_t@OpenGLDrv@@UAEXAAUrefEntity_t@2@@Z 0043fb27 f   gl_backend.obj
 0001:0003ec2e       ?Tesselate@surfaceMd3_t@OpenGLDrv@@UAEXAAUrefEntity_t@2@@Z 0043fc2e f   gl_backend.obj
 0001:0003f1dc       ?DrawBrush@OpenGLDrv@@YAXPBUCBrush@@PBDH@Z 004401dc f   gl_backend.obj
 0001:0003f23f       ?Tesselate@surfaceEntity_t@OpenGLDrv@@UAEXAAUrefEntity_t@2@@Z 0044023f f   gl_backend.obj
 0001:0003f323       ?Tesselate@surfaceParticle_t@OpenGLDrv@@UAEXAAUrefEntity_t@2@@Z 00440323 f   gl_backend.obj
 0001:0003f573       ?BK_DrawScene@OpenGLDrv@@YAXXZ 00440573 f   gl_backend.obj
 0001:0003fdc0       ?BK_DrawPic@OpenGLDrv@@YAXPAVshader_t@1@HHHHMMMMIE@Z 00440dc0 f   gl_backend.obj
 0001:0003ffa1       ?BK_DrawText@OpenGLDrv@@YAXPBDHHHHHI@Z 00440fa1 f   gl_backend.obj
 0001:00040196       ?BK_BeginFrame@OpenGLDrv@@YAXXZ 00441196 f   gl_backend.obj
 0001:000401fa       ?BK_EndFrame@OpenGLDrv@@YAXXZ 004411fa f   gl_backend.obj
 0001:0004024f       ?BK_Init@OpenGLDrv@@YAXXZ  0044124f f   gl_backend.obj
 0001:0004027e       ?BK_Shutdown@OpenGLDrv@@YAXXZ 0044127e f   gl_backend.obj
 0001:00040296       ?AllocDynamicMemory@OpenGLDrv@@YAPAXH@Z 00441296 f   gl_buffers.obj
 0001:00040304       ?ResizeDynamicMemory@OpenGLDrv@@YAXPAXH@Z 00441304 f   gl_buffers.obj
 0001:00040348       ?AddSurfaceToPortal@OpenGLDrv@@YAXPAVsurfaceBase_t@1@PAVshader_t@1@HH@Z 00441348 f   gl_buffers.obj
 0001:000403b9       ?InsertShaderIndex@OpenGLDrv@@YAXH@Z 004413b9 f   gl_buffers.obj
 0001:000403f5       ?ClearPortal@OpenGLDrv@@YAXXZ 004413f5 f   gl_buffers.obj
 0001:00040413       ?SortSurfaces@OpenGLDrv@@YAXPAUviewPortal_t@1@PAPAUsurfaceInfo_t@1@@Z 00441413 f   gl_buffers.obj
 0001:000405a5       ?ClearBuffers@OpenGLDrv@@YAXXZ 004415a5 f   gl_buffers.obj
 0001:000405bc       ?CreateBuffers@OpenGLDrv@@YAXXZ 004415bc f   gl_buffers.obj
 0001:000405e2       ?FreeBuffers@OpenGLDrv@@YAXXZ 004415e2 f   gl_buffers.obj
 0001:00040606       ?InitEntity@model_t@OpenGLDrv@@UAE_NPAUentity_t@@PAUrefEntity_t@2@@Z 00441606 f   gl_frontend.obj
 0001:0004060b       ?AddSurfaces@model_t@OpenGLDrv@@UAEXPAUrefEntity_t@2@@Z 0044160b f   gl_frontend.obj
 0001:0004063c       ?GetLeaf@model_t@OpenGLDrv@@UAEPBUCBspLeaf@@PAUrefEntity_t@2@@Z 0044163c f   gl_frontend.obj
 0001:00040653       ?DrawLabel@model_t@OpenGLDrv@@UAEXPAUrefEntity_t@2@@Z 00441653 f   gl_frontend.obj
 0001:00040656       ?InitEntity@inlineModel_t@OpenGLDrv@@UAE_NPAUentity_t@@PAUrefEntity_t@2@@Z 00441656 f   gl_frontend.obj
 0001:000406c3       ?AddSurfaces@inlineModel_t@OpenGLDrv@@UAEXPAUrefEntity_t@2@@Z 004416c3 f   gl_frontend.obj
 0001:00040c00       ?GetLeaf@inlineModel_t@OpenGLDrv@@UAEPBUCBspLeaf@@PAUrefEntity_t@2@@Z 00441c00 f   gl_frontend.obj
 0001:00040dab       ?DrawLabel@inlineModel_t@OpenGLDrv@@UAEXPAUrefEntity_t@2@@Z 00441dab f   gl_frontend.obj
 0001:00040df4       ?InitEntity@md3Model_t@OpenGLDrv@@UAE_NPAUentity_t@@PAUrefEntity_t@2@@Z 00441df4 f   gl_frontend.obj
 0001:00040fd2       ?AddSurfaces@md3Model_t@OpenGLDrv@@UAEXPAUrefEntity_t@2@@Z 00441fd2 f   gl_frontend.obj
 0001:0004110c       ?GetLeaf@md3Model_t@OpenGLDrv@@UAEPBUCBspLeaf@@PAUrefEntity_t@2@@Z 0044210c f   gl_frontend.obj
 0001:00041147       ?DrawLabel@md3Model_t@OpenGLDrv@@UAEXPAUrefEntity_t@2@@Z 00442147 f   gl_frontend.obj
 0001:000411b0       ?InitEntity@sprModel_t@OpenGLDrv@@UAE_NPAUentity_t@@PAUrefEntity_t@2@@Z 004421b0 f   gl_frontend.obj
 0001:000411d3       ?AddSurfaces@sprModel_t@OpenGLDrv@@UAEXPAUrefEntity_t@2@@Z 004421d3 f   gl_frontend.obj
 0001:00041351       ?GetLeaf@sprModel_t@OpenGLDrv@@UAEPBUCBspLeaf@@PAUrefEntity_t@2@@Z 00442351 f   gl_frontend.obj
 0001:00041439       ?AddEntity@OpenGLDrv@@YAXPAUentity_t@@@Z 00442439 f   gl_frontend.obj
 0001:000415f2       ?AddDlight@OpenGLDrv@@YAXPAUdlight_t@@@Z 004425f2 f   gl_frontend.obj
 0001:000417aa       ?DrawPortal@OpenGLDrv@@YAXXZ 004427aa f   gl_frontend.obj
 0001:000439c2       ?GL_TextureMode@OpenGLDrv@@YAXPBD@Z 004449c2 f   gl_image.obj
 0001:00043a6d       ?CreateImage@OpenGLDrv@@YAPAVimage_t@1@PBDPAXHHI@Z 00444a6d f   gl_image.obj
 0001:0004481f       ?CreateImage8@OpenGLDrv@@YAPAVimage_t@1@PBDPAXHHIPAI@Z 0044581f f   gl_image.obj
 0001:000448fe       ?LoadDelayedImages@OpenGLDrv@@YAXXZ 004458fe f   gl_image.obj
 0001:00044991       ?DrawStretchRaw8@OpenGLDrv@@YAXHHHHHHPAEPAI@Z 00445991 f   gl_image.obj
 0001:00044cc4       ?SetupGamma@OpenGLDrv@@YAXXZ 00445cc4 f   gl_image.obj
 0001:00044e0a       ?PerformScreenshot@OpenGLDrv@@YAXXZ 00445e0a f   gl_image.obj
 0001:0004507b       ?InitImages@OpenGLDrv@@YAXXZ 0044607b f   gl_image.obj
 0001:00045854       ?ShutdownImages@OpenGLDrv@@YAXXZ 00446854 f   gl_image.obj
 0001:000458bb       ?ShowImages@OpenGLDrv@@YAXXZ 004468bb f   gl_image.obj
 0001:00045b47       ?FindImage@OpenGLDrv@@YAPAVimage_t@1@PBDI@Z 00446b47 f   gl_image.obj
 0001:00045f2b       ?GetImageColor@OpenGLDrv@@YA_NPBDIPATcolor_t@@@Z 00446f2b f   gl_image.obj
 0001:00045f9c       ?GL_Lock@OpenGLDrv@@YAXXZ  00446f9c f   gl_interface.obj
 0001:00046014       ?GL_Unlock@OpenGLDrv@@YAXXZ 00447014 f   gl_interface.obj
 0001:000461d6       ?GL_Bind@OpenGLDrv@@YAXPBVimage_t@1@@Z 004471d6 f   gl_interface.obj
 0001:0004636b       ?GL_BindForce@OpenGLDrv@@YAXPBVimage_t@1@@Z 0044736b f   gl_interface.obj
 0001:00046403       ?GL_TexEnv@OpenGLDrv@@YAXI@Z 00447403 f   gl_interface.obj
 0001:00046582       ?GL_TexMipBias@OpenGLDrv@@YAXM@Z 00447582 f   gl_interface.obj
 0001:000465de       ?GL_TexEnvColor@OpenGLDrv@@YAXPBTcolor_t@@@Z 004475de f   gl_interface.obj
 0001:0004668e       ?GL_SelectTexture@OpenGLDrv@@YAXH@Z 0044768e f   gl_interface.obj
 0001:000466f1       ?GL_TexCoordPointer@OpenGLDrv@@YAXPAX@Z 004476f1 f   gl_interface.obj
 0001:00046724       ?GL_SetMultitexture@OpenGLDrv@@YAXH@Z 00447724 f   gl_interface.obj
 0001:00046815       ?GL_DisableTexCoordArrays@OpenGLDrv@@YAXXZ 00447815 f   gl_interface.obj
 0001:00046869       ?GL_CullFace@OpenGLDrv@@YAXW4gl_cullMode_t@1@@Z 00447869 f   gl_interface.obj
 0001:000468bd       ?GL_DepthRange@OpenGLDrv@@YAXW4gl_depthMode_t@1@@Z 004478bd f   gl_interface.obj
 0001:000468f3       ?GL_State@OpenGLDrv@@YAXI@Z 004478f3 f   gl_interface.obj
 0001:00046a43       ?GL_EnableFog@OpenGLDrv@@YAX_N@Z 00447a43 f   gl_interface.obj
 0001:00046b1d       ?GL_SetDefaultState@OpenGLDrv@@YAXXZ 00447b1d f   gl_interface.obj
 0001:00046c74       ?GL_Set2DMode@OpenGLDrv@@YAXXZ 00447c74 f   gl_interface.obj
 0001:00046d68       ?GL_Set3DMode@OpenGLDrv@@YAXPAUviewPortal_t@1@@Z 00447d68 f   gl_interface.obj
 0001:00046e53       ?Show@CPointLight@OpenGLDrv@@UBEXXZ 00447e53 f   gl_light.obj
 0001:00047059       ?Show@CSurfLight@OpenGLDrv@@UBEXXZ 00448059 f   gl_light.obj
 0001:000471b9       ?ShowLights@OpenGLDrv@@YAXXZ 004481b9 f   gl_light.obj
 0001:0004723e       ?Init@CPointLight@OpenGLDrv@@UAEXXZ 0044823e f   gl_light.obj
 0001:00047256       ?Init@CLightLinear@OpenGLDrv@@EAEXXZ 00448256 f   gl_light.obj
 0001:0004728a       ?GetScale@CLightLinear@OpenGLDrv@@EBEMM@Z 0044828a f   gl_light.obj
 0001:0004729a       ?Init@CLightInv@OpenGLDrv@@EAEXXZ 0044829a f   gl_light.obj
 0001:000472b6       ?GetScale@CLightInv@OpenGLDrv@@EBEMM@Z 004482b6 f   gl_light.obj
 0001:000472d2       ?Init@CLightInv2@OpenGLDrv@@EAEXXZ 004482d2 f   gl_light.obj
 0001:0004733b       ?GetScale@CLightInv2@OpenGLDrv@@EBEMM@Z 0044833b f   gl_light.obj
 0001:0004735d       ?Init@CLightNofade@OpenGLDrv@@EAEXXZ 0044835d f   gl_light.obj
 0001:0004736e       ?GetScale@CLightNofade@OpenGLDrv@@EBEMM@Z 0044836e f   gl_light.obj
 0001:00047374       ?Add@CPointLight@OpenGLDrv@@UBEXABUCVec3@@ABUCAxis@@@Z 00448374 f   gl_light.obj
 0001:000477c0       ?Init@CSurfLight@OpenGLDrv@@UAEXXZ 004487c0 f   gl_light.obj
 0001:0004789b       ?Add@CSurfLight@OpenGLDrv@@UBEXABUCVec3@@ABUCAxis@@@Z 0044889b f   gl_light.obj
 0001:00047cbc       ?Init@CSunLight@OpenGLDrv@@UAEXXZ 00448cbc f   gl_light.obj
 0001:00047d69       ?Add@CSunLight@OpenGLDrv@@UBEXABUCVec3@@ABUCAxis@@@Z 00448d69 f   gl_light.obj
 0001:00047e2f       ?LightForEntity@OpenGLDrv@@YAXPAUrefEntity_t@1@@Z 00448e2f f   gl_light.obj
 0001:0004870a       ?DiffuseLight@OpenGLDrv@@YAXPATcolor_t@@M@Z 0044970a f   gl_light.obj
 0001:00048956       ?InitLightGrid@OpenGLDrv@@YAXXZ 00449956 f   gl_light.obj
 0001:000489fc       ?PostLoadLights@OpenGLDrv@@YAXXZ 004499fc f   gl_light.obj
 0001:00048ae5       ?LM_Init@OpenGLDrv@@YAXXZ  00449ae5 f   gl_lightmap.obj
 0001:00048afb       ?LM_Flush@OpenGLDrv@@YAXPAUlightmapBlock_t@1@@Z 00449afb f   gl_lightmap.obj
 0001:00048b5b       ?LM_Done@OpenGLDrv@@YAXXZ  00449b5b f   gl_lightmap.obj
 0001:00048b82       ?LM_Save@OpenGLDrv@@YAXPAUlightmapBlock_t@1@@Z 00449b82 f   gl_lightmap.obj
 0001:00048b9d       ?LM_Restore@OpenGLDrv@@YAXPAUlightmapBlock_t@1@@Z 00449b9d f   gl_lightmap.obj
 0001:00048bb8       ?LM_NewBlock@OpenGLDrv@@YAPAUlightmapBlock_t@1@XZ 00449bb8 f   gl_lightmap.obj
 0001:00048c17       ?LM_Rewind@OpenGLDrv@@YAXXZ 00449c17 f   gl_lightmap.obj
 0001:00048c1f       ?LM_NextBlock@OpenGLDrv@@YAPAUlightmapBlock_t@1@XZ 00449c1f f   gl_lightmap.obj
 0001:00048c4c       ?LM_CheckMinlight@OpenGLDrv@@YAXPAUdynamicLightmap_t@1@@Z 00449c4c f   gl_lightmap.obj
 0001:00048ce2       ?LM_AllocBlock@OpenGLDrv@@YA_NPAUlightmapBlock_t@1@PAUdynamicLightmap_t@1@@Z 00449ce2 f   gl_lightmap.obj
 0001:00048e08       ?LM_Copy@OpenGLDrv@@YAXPAE0HH@Z 00449e08 f   gl_lightmap.obj
 0001:00049182       ?LM_PutBlock@OpenGLDrv@@YAXPAUdynamicLightmap_t@1@@Z 0044a182 f   gl_lightmap.obj
 0001:00049299       ?LM_PutBlock1@OpenGLDrv@@YAXPAUdynamicLightmap_t@1@@Z 0044a299 f   gl_lightmap.obj
 0001:000493ea       ?LM_SortLightStyles@OpenGLDrv@@YAXPAUdynamicLightmap_t@1@@Z 0044a3ea f   gl_lightmap.obj
 0001:0004947c       ?UpdateDynamicLightmap@OpenGLDrv@@YAXPAVsurfacePlanar_t@1@_NI@Z 0044a47c f   gl_lightmap.obj
 0001:00049cbc       ?LM_IsMonotone@OpenGLDrv@@YA_NPAUdynamicLightmap_t@1@PATcolor_t@@@Z 0044acbc f   gl_lightmap.obj
 0001:00049dc3       ?Init@OpenGLDrv@@YA_NXZ    0044adc3 f   gl_main.obj
 0001:0004a4bb       ?Shutdown@OpenGLDrv@@YAX_N@Z 0044b4bb f   gl_main.obj
 0001:0004a544       ?GL_EnableRendering@OpenGLDrv@@YAX_N@Z 0044b544 f   gl_main.obj
 0001:0004a562       ?BeginFrame@OpenGLDrv@@YAXN@Z 0044b562 f   gl_main.obj
 0001:0004a694       ?EndFrame@OpenGLDrv@@YAXXZ 0044b694 f   gl_main.obj
 0001:0004a6ac       ?RenderFrame@OpenGLDrv@@YAXPAUrefdef_t@@@Z 0044b6ac f   gl_main.obj
 0001:0004abf2       ?Zero@FDrawStats@OpenGLDrv@@QAEXXZ 0044bbf2 f i gl_main.obj
 0001:0004b003       ?Fill8@OpenGLDrv@@YAXHHHHH@Z 0044c003 f   gl_main.obj
 0001:0004b046       ?Fill@OpenGLDrv@@YAXHHHHI@Z 0044c046 f   gl_main.obj
 0001:0004b082       ?TileClear@OpenGLDrv@@YAXHHHHPBD@Z 0044c082 f   gl_main.obj
 0001:0004b123       ?DrawStretchPic@OpenGLDrv@@YAXHHHHPBD@Z 0044c123 f   gl_main.obj
 0001:0004b168       ?DrawDetailedPic@OpenGLDrv@@YAXHHHHPBD@Z 0044c168 f   gl_main.obj
 0001:0004b212       ?DrawPic@OpenGLDrv@@YAXHHPBDHH@Z 0044c212 f   gl_main.obj
 0001:0004b29a       ?LoadNewWorld@OpenGLDrv@@YAXXZ 0044c29a f   gl_main.obj
 0001:0004b2ba       ?DumpLoadStats@OpenGLDrv@@YAXXZ 0044c2ba f   gl_main.obj
 0001:0004b340       ?FinishLoadingWorld@OpenGLDrv@@YAXXZ 0044c340 f   gl_main.obj
 0001:0004b345       ?RegisterPic@OpenGLDrv@@YAPAVCBasicImage@@PBD@Z 0044c345 f   gl_main.obj
 0001:0004b359       ?RegisterSkin@OpenGLDrv@@YAPAVCBasicImage@@PBD_N@Z 0044c359 f   gl_main.obj
 0001:0004b379       ?RegisterModel@OpenGLDrv@@YAPAVCRenderModel@@PBD@Z 0044c379 f   gl_main.obj
 0001:0004b387       ?SetSky@OpenGLDrv@@YAXPBDMABUCVec3@@@Z 0044c387 f   gl_main.obj
 0001:0004b48f       ?Screenshot@OpenGLDrv@@YAXHPBD@Z 0044c48f f   gl_main.obj
 0001:0004b4b7       ?GetClientLight@OpenGLDrv@@YAMXZ 0044c4b7 f   gl_main.obj
 0001:0004b4be       ?InitFuncTables@OpenGLDrv@@YAXXZ 0044c4be f   gl_math.obj
 0001:0004b5c2       ?BuildRotationAxis@OpenGLDrv@@YAXAAUCAxis@@ABUCVec3@@M@Z 0044c5c2 f   gl_math.obj
 0001:0004b6b9       ?GetBoxRect@OpenGLDrv@@YA_NPBUrefEntity_t@1@ABUCVec3@@QAM2_N@Z 0044c6b9 f   gl_math.obj
 0001:0004b9c3       ?ProjectToScreen@OpenGLDrv@@YA_NABUCVec3@@QAH@Z 0044c9c3 f   gl_math.obj
 0001:0004bb06       ?SaturateColor3f@OpenGLDrv@@YAXAAUCVec3@@@Z 0044cb06 f   gl_math.obj
 0001:0004bbf6       ?SaturateColor4b@OpenGLDrv@@YAXPATcolor_t@@@Z 0044cbf6 f   gl_math.obj
 0001:0004bd04       ?SubdividePlane@OpenGLDrv@@YAHPAPAUCVec3@@HM@Z 0044cd04 f   gl_poly.obj
 0001:0004c1e3       ?FreeSubdividedPlane@OpenGLDrv@@YAXXZ 0044d1e3 f   gl_poly.obj
 0001:0004c1fb       ?GetSubdivideIndexes@OpenGLDrv@@YAXPAH@Z 0044d1fb f   gl_poly.obj
 0001:0004c251       ?RemoveCollinearPoints@OpenGLDrv@@YAHPAPAUCVec3@@H@Z 0044d251 f   gl_poly.obj
 0001:0004c347       ?InitShaders@OpenGLDrv@@YAXXZ 0044d347 f   gl_shader.obj
 0001:0004c4e5       ?ShutdownShaders@OpenGLDrv@@YAXXZ 0044d4e5 f   gl_shader.obj
 0001:0004c523       ?GetLightmapImage@OpenGLDrv@@YAPAVimage_t@1@H@Z 0044d523 f   gl_shader.obj
 0001:0004c54e       ?SetShaderLightmap@OpenGLDrv@@YAPAVshader_t@1@PAV21@H@Z 0044d54e f   gl_shader.obj
 0001:0004c910       ??4shader_t@OpenGLDrv@@QAEAAV01@ABV01@@Z 0044d910 f i gl_shader.obj
 0001:0004cbe6       ?SetShaderLightstyles@OpenGLDrv@@YAPAVshader_t@1@PAV21@I_N@Z 0044dbe6 f   gl_shader.obj
 0001:0004cc98       ?GetAlphaShader@OpenGLDrv@@YAPAVshader_t@1@PAV21@@Z 0044dc98 f   gl_shader.obj
 0001:0004d1d6       ?SetShaderAnimFreq@OpenGLDrv@@YAXPAVshader_t@1@H@Z 0044e1d6 f   gl_shader.obj
 0001:0004d22c       ?FindShader@OpenGLDrv@@YAPAVshader_t@1@PBDI@Z 0044e22c f   gl_shader.obj
 0001:0004eed9       ?GetShaderByNum@OpenGLDrv@@YAPAVshader_t@1@H@Z 0044fed9 f   gl_shader.obj
 0001:0004eefb       ?ResetShaders@OpenGLDrv@@YAXXZ 0044fefb f   gl_shader.obj
 0001:0004f130       ?Reload@shader_t@OpenGLDrv@@UAEXXZ 00450130 f   gl_shader.obj
 0001:0004f15f       ?ClearSky@OpenGLDrv@@YAXXZ 0045015f f   gl_sky.obj
 0001:0004f1bc       ?AddToSky@surfaceBase_t@OpenGLDrv@@UAEX_N@Z 004501bc f   gl_sky.obj
 0001:0004f1d0       ?AddToSky@surfacePlanar_t@OpenGLDrv@@UAEX_N@Z 004501d0 f   gl_sky.obj
 0001:0004fa03       ?AddToSky@surfaceTrisurf_t@OpenGLDrv@@UAEX_N@Z 00450a03 f   gl_sky.obj
 0001:0004fa48       ?DrawSky@OpenGLDrv@@YAXXZ  00450a48 f   gl_sky.obj
 0001:00050239       ?DrawChar@OpenGLDrv@@YAXHHHH@Z 00451239 f   gl_text.obj
 0001:00050293       ?ClearTexts@OpenGLDrv@@YAXXZ 00451293 f   gl_text.obj
 0001:000502a8       ?FlushTexts@OpenGLDrv@@YAXXZ 004512a8 f   gl_text.obj
 0001:00050354       ?DrawTextPos@OpenGLDrv@@YAXHHPBDI@Z 00451354 f   gl_text.obj
 0001:00050380       ?DrawTextLeft@OpenGLDrv@@YAXPBDI@Z 00451380 f   gl_text.obj
 0001:00050408       ?DrawTextRight@OpenGLDrv@@YAXPBDI@Z 00451408 f   gl_text.obj
 0001:00050452       ?DrawText3D@OpenGLDrv@@YAXABUCVec3@@PBDI@Z 00451452 f   gl_text.obj
 0001:0005047f       ?InitTexts@OpenGLDrv@@YAXXZ 0045147f f   gl_text.obj
 0001:00050499       ??0?$TTextContainer@UCRText@OpenGLDrv@@$0BAAAA@@@QAE@XZ 00451499 f i gl_text.obj
 0001:000504be       ?FindModel@OpenGLDrv@@YAPAVmodel_t@1@PBD@Z 004514be f   gl_model.obj
[...]
 0001:0006604b       _noscale                   0046704b f   libs-vc-win32:jcscale.obj
 0001:00065af4       _start_pass                00466af4 f   libs-vc-win32:jcpred.obj
 0001:00065b4c       _reset_predictor           00466b4c f   libs-vc-win32:jcpred.obj
 0001:00065b79       _jpeg_difference_first_row 00466b79 f   libs-vc-win32:jcpred.obj
 0001:00065c63       _jpeg_difference1          00466c63 f   libs-vc-win32:jcpred.obj
 0001:00065cd1       _jpeg_difference2          00466cd1 f   libs-vc-win32:jcpred.obj
 0001:00065d42       _jpeg_difference3          00466d42 f   libs-vc-win32:jcpred.obj
 0001:00065dba       _jpeg_difference4          00466dba f   libs-vc-win32:jcpred.obj
 0001:00065e45       _jpeg_difference5          00466e45 f   libs-vc-win32:jcpred.obj
 0001:00065ed8       _jpeg_difference6          00466ed8 f   libs-vc-win32:jcpred.obj
 0001:00065f67       _jpeg_difference7          00466f67 f   libs-vc-win32:jcpred.obj
 0001:000653e3       _start_pass_huff           004663e3 f   libs-vc-win32:jclhuff.obj
 0001:00065580       _encode_mcus_huff          00466580 f   libs-vc-win32:jclhuff.obj
 0001:0006576b       _emit_bits                 0046676b f   libs-vc-win32:jclhuff.obj
 0001:0006580e       _dump_buffer               0046680e f   libs-vc-win32:jclhuff.obj
 0001:00065832       _emit_restart              00466832 f   libs-vc-win32:jclhuff.obj
 0001:0006587d       _flush_bits                0046687d f   libs-vc-win32:jclhuff.obj
 0001:000658a1       _finish_pass_huff          004668a1 f   libs-vc-win32:jclhuff.obj
 0001:0006590e       _encode_mcus_gather        0046690e f   libs-vc-win32:jclhuff.obj
 0001:00065a37       _finish_pass_gather        00466a37 f   libs-vc-win32:jclhuff.obj
 0001:00065acd       _need_optimization_pass    00466acd f   libs-vc-win32:jclhuff.obj
 0001:00064fc1       _start_pass_diff           00465fc1 f   libs-vc-win32:jcdiffct.obj
 0001:0006505f       _start_iMCU_row            0046605f f   libs-vc-win32:jcdiffct.obj
 0001:000650a1       _compress_data             004660a1 f   libs-vc-win32:jcdiffct.obj
 0001:00065237       _compress_first_pass       00466237 f   libs-vc-win32:jcdiffct.obj
 0001:0006532c       _compress_output           0046632c f   libs-vc-win32:jcdiffct.obj
 0001:00064bd4       _start_pass_fdctmgr        00465bd4 f   libs-vc-win32:jcdctmgr.obj
 0001:00064cd6       _forward_DCT_float         00465cd6 f   libs-vc-win32:jcdctmgr.obj
 0001:00064109       _start_pass_phuff          00465109 f   libs-vc-win32:jcphuff.obj
 0001:00064276       _encode_mcu_DC_first       00465276 f   libs-vc-win32:jcphuff.obj
 0001:000643a8       _emit_bits                 004653a8 f   libs-vc-win32:jcphuff.obj
 0001:00064453       _dump_buffer               00465453 f   libs-vc-win32:jcphuff.obj
 0001:0006448b       _emit_symbol               0046548b f   libs-vc-win32:jcphuff.obj
 0001:000644cb       _emit_restart              004654cb f   libs-vc-win32:jcphuff.obj
 0001:00064554       _emit_eobrun               00465554 f   libs-vc-win32:jcphuff.obj
 0001:000645da       _encode_mcu_AC_first       004655da f   libs-vc-win32:jcphuff.obj
 0001:0006476e       _encode_mcu_DC_refine      0046576e f   libs-vc-win32:jcphuff.obj
 0001:00064828       _encode_mcu_AC_refine      00465828 f   libs-vc-win32:jcphuff.obj
 0001:00064a3f       _finish_pass_phuff         00465a3f f   libs-vc-win32:jcphuff.obj
 0001:00064a8e       _finish_pass_gather_phuff  00465a8e f   libs-vc-win32:jcphuff.obj
 0001:00064b51       _need_optimization_pass    00465b51 f   libs-vc-win32:jcphuff.obj
 0001:000638a4       _start_pass_huff           004648a4 f   libs-vc-win32:jcshuff.obj
 0001:00063a19       _encode_mcu_huff           00464a19 f   libs-vc-win32:jcshuff.obj
 0001:00063b24       _encode_one_block          00464b24 f   libs-vc-win32:jcshuff.obj
 0001:00063c9b       _emit_bits                 00464c9b f   libs-vc-win32:jcshuff.obj
 0001:00063d3e       _dump_buffer               00464d3e f   libs-vc-win32:jcshuff.obj
 0001:00063d62       _emit_restart              00464d62 f   libs-vc-win32:jcshuff.obj
 0001:00063dcf       _flush_bits                00464dcf f   libs-vc-win32:jcshuff.obj
 0001:00063df3       _finish_pass_huff          00464df3 f   libs-vc-win32:jcshuff.obj
 0001:00063e62       _encode_mcu_gather         00464e62 f   libs-vc-win32:jcshuff.obj
 0001:00063f18       _htest_one_block           00464f18 f   libs-vc-win32:jcshuff.obj
 0001:00063fdf       _finish_pass_gather        00464fdf f   libs-vc-win32:jcshuff.obj
 0001:00065acd       _need_optimization_pass    00466acd f   libs-vc-win32:jclhuff.obj
 0001:00063277       _start_pass_coef           00464277 f   libs-vc-win32:jccoefct.obj
 0001:0006505f       _start_iMCU_row            0046605f f   libs-vc-win32:jcdiffct.obj
 0001:0006330c       _compress_data             0046430c f   libs-vc-win32:jccoefct.obj
 0001:000634f3       _compress_first_pass       004644f3 f   libs-vc-win32:jccoefct.obj
 0001:000636d9       _compress_output           004646d9 f   libs-vc-win32:jccoefct.obj
 0001:0006318f       _calc_output_dimensions    0046418f f   libs-vc-win32:jdlossls.obj
 0001:000631a0       _start_input_pass          004641a0 f   libs-vc-win32:jdlossls.obj
 0001:00062ece       _calc_output_dimensions    00463ece f   libs-vc-win32:jdlossy.obj
 0001:00063041       _start_input_pass          00464041 f   libs-vc-win32:jdlossy.obj
 0001:00063061       _latch_quant_tables        00464061 f   libs-vc-win32:jdlossy.obj
 0001:000630f9       _start_output_pass         004640f9 f   libs-vc-win32:jdlossy.obj
 0001:00062e1d       _start_pass                00463e1d f   libs-vc-win32:jclossls.obj
 0001:00062d89       _start_pass                00463d89 f   libs-vc-win32:jclossy.obj
 0001:000622de       _initial_setup             004632de f   libs-vc-win32:jcmaster.obj
 0001:00062491       _validate_script           00463491 f   libs-vc-win32:jcmaster.obj
 0001:00062869       _prepare_for_pass          00463869 f   libs-vc-win32:jcmaster.obj
 0001:000629e1       _select_scan_parameters    004639e1 f   libs-vc-win32:jcmaster.obj
 0001:00062ae2       _per_scan_setup            00463ae2 f   libs-vc-win32:jcmaster.obj
 0001:00062c8d       _pass_startup              00463c8d f   libs-vc-win32:jcmaster.obj
 0001:00062cb4       _finish_pass_master        00463cb4 f   libs-vc-win32:jcmaster.obj
 0001:00061dca       _rgb_ycc_start             00462dca f   libs-vc-win32:jccolor.obj
 0001:00061e8e       _rgb_ycc_convert           00462e8e f   libs-vc-win32:jccolor.obj
 0001:00061f8d       _rgb_gray_convert          00462f8d f   libs-vc-win32:jccolor.obj
 0001:00062012       _cmyk_ycck_convert         00463012 f   libs-vc-win32:jccolor.obj
 0001:0006214a       _grayscale_convert         0046314a f   libs-vc-win32:jccolor.obj
 0001:000621a4       _null_convert              004631a4 f   libs-vc-win32:jccolor.obj
 0001:0003223a       _null_method               0043323a f   images.obj
 0001:0003223a       _start_pass_downsample     0043323a f   images.obj
 0001:00061516       _sep_downsample            00462516 f   libs-vc-win32:jcsample.obj
 0001:0006158b       _int_downsample            0046258b f   libs-vc-win32:jcsample.obj
 0001:00061683       _expand_right_edge         00462683 f   libs-vc-win32:jcsample.obj
 0001:000616d8       _fullsize_downsample       004626d8 f   libs-vc-win32:jcsample.obj
 0001:0006171c       _h2v1_downsample           0046271c f   libs-vc-win32:jcsample.obj
 0001:000617b0       _h2v2_downsample           004627b0 f   libs-vc-win32:jcsample.obj
 0001:0006185d       _h2v2_smooth_downsample    0046285d f   libs-vc-win32:jcsample.obj
 0001:00061ad5       _fullsize_smooth_downsample 00462ad5 f   libs-vc-win32:jcsample.obj
 0001:00060f12       _start_pass_prep           00461f12 f   libs-vc-win32:jcprepct.obj
 0001:00060f50       _pre_process_data          00461f50 f   libs-vc-win32:jcprepct.obj
 0001:000610fe       _pre_process_context       004620fe f   libs-vc-win32:jcprepct.obj
 0001:000612b7       _create_context_buffer     004622b7 f   libs-vc-win32:jcprepct.obj
 0001:00060d8a       _start_pass_main           00461d8a f   libs-vc-win32:jcmainct.obj
 0001:00060dcc       _process_data_simple_main  00461dcc f   libs-vc-win32:jcmainct.obj
 0001:00060360       _create_colormap           00461360 f   libs-vc-win32:jquant1.obj
 0001:00060492       _select_ncolors            00461492 f   libs-vc-win32:jquant1.obj
 0001:00060569       _create_colorindex         00461569 f   libs-vc-win32:jquant1.obj
 0001:00060695       _alloc_fs_workspace        00461695 f   libs-vc-win32:jquant1.obj
 0001:000606d1       _start_pass_1_quant        004616d1 f   libs-vc-win32:jquant1.obj
 0001:0006079d       _create_odither_tables     0046179d f   libs-vc-win32:jquant1.obj
 0001:000607fc       _make_odither_array        004617fc f   libs-vc-win32:jquant1.obj
 0001:0006085f       _color_quantize            0046185f f   libs-vc-win32:jquant1.obj
 0001:000608ea       _color_quantize3           004618ea f   libs-vc-win32:jquant1.obj
 0001:00060978       _quantize_ord_dither       00461978 f   libs-vc-win32:jquant1.obj
 0001:00060a63       _quantize3_ord_dither      00461a63 f   libs-vc-win32:jquant1.obj
 0001:00060b63       _quantize_fs_dither        00461b63 f   libs-vc-win32:jquant1.obj
 0001:0003223a       _finish_pass_1_quant       0043323a f   images.obj
 0001:00060ce7       _new_color_map_1_quant     00461ce7 f   libs-vc-win32:jquant1.obj
 0001:0005f321       _init_error_limit          00460321 f   libs-vc-win32:jquant2.obj
 0001:0005f3c0       _start_pass_2_quant        004603c0 f   libs-vc-win32:jquant2.obj
 0001:0005f4c2       _prescan_quantize          004604c2 f   libs-vc-win32:jquant2.obj
 0001:0005f531       _pass2_no_dither           00460531 f   libs-vc-win32:jquant2.obj
 0001:0005f5de       _fill_inverse_cmap         004605de f   libs-vc-win32:jquant2.obj
 0001:0005f6a9       _find_nearby_colors        004606a9 f   libs-vc-win32:jquant2.obj
 0001:0005f84d       _find_best_colors          0046084d f   libs-vc-win32:jquant2.obj
 0001:0005f967       _pass2_fs_dither           00460967 f   libs-vc-win32:jquant2.obj
 0001:0005fbd6       _finish_pass1              00460bd6 f   libs-vc-win32:jquant2.obj
 0001:0005fbf8       _select_colors             00460bf8 f   libs-vc-win32:jquant2.obj
 0001:0005fc84       _update_box                00460c84 f   libs-vc-win32:jquant2.obj
 0001:0006001e       _median_cut                0046101e f   libs-vc-win32:jquant2.obj
 0001:00060132       _find_biggest_color_pop    00461132 f   libs-vc-win32:jquant2.obj
 0001:00060161       _find_biggest_volume       00461161 f   libs-vc-win32:jquant2.obj
 0001:0006018a       _compute_color             0046118a f   libs-vc-win32:jquant2.obj
 0001:0003223a       _finish_pass2              0043323a f   images.obj
 0001:000602c6       _new_color_map_2_quant     004612c6 f   libs-vc-win32:jquant2.obj
 0001:0005ed38       _build_ycc_rgb_table       0045fd38 f   libs-vc-win32:jdmerge.obj
 0001:0005ede8       _start_pass_merged_upsample 0045fde8 f   libs-vc-win32:jdmerge.obj
 0001:0005edfd       _merged_2v_upsample        0045fdfd f   libs-vc-win32:jdmerge.obj
 0001:0005eea4       _merged_1v_upsample        0045fea4 f   libs-vc-win32:jdmerge.obj
 0001:0005eed5       _h2v1_merged_upsample      0045fed5 f   libs-vc-win32:jdmerge.obj
 0001:0005f02b       _h2v2_merged_upsample      0046002b f   libs-vc-win32:jdmerge.obj
 0001:0005e8dc       _build_ycc_rgb_table       0045f8dc f   libs-vc-win32:jdcolor.obj
 0001:0005e98c       _ycc_rgb_convert           0045f98c f   libs-vc-win32:jdcolor.obj
 0001:0005ea9a       _null_convert              0045fa9a f   libs-vc-win32:jdcolor.obj
 0001:0005eb12       _grayscale_convert         0045fb12 f   libs-vc-win32:jdcolor.obj
 0001:0005eb35       _gray_rgb_convert          0045fb35 f   libs-vc-win32:jdcolor.obj
 0001:0005eb8e       _ycck_cmyk_convert         0045fb8e f   libs-vc-win32:jdcolor.obj
 0001:0003223a       _start_pass_dcolor         0043323a f   images.obj
 0001:0005e33d       _start_pass_upsample       0045f33d f   libs-vc-win32:jdsample.obj
 0001:0005e357       _sep_upsample              0045f357 f   libs-vc-win32:jdsample.obj
 0001:0005e424       _fullsize_upsample         0045f424 f   libs-vc-win32:jdsample.obj
 0001:0005e42f       _noop_upsample             0045f42f f   libs-vc-win32:jdsample.obj
 0001:0005e437       _int_upsample              0045f437 f   libs-vc-win32:jdsample.obj
 0001:0005e521       _h2v1_upsample             0045f521 f   libs-vc-win32:jdsample.obj
 0001:0005e578       _h2v2_upsample             0045f578 f   libs-vc-win32:jdsample.obj
 0001:0005e5ea       _h2v1_fancy_upsample       0045f5ea f   libs-vc-win32:jdsample.obj
 0001:0005e68d       _h2v2_fancy_upsample       0045f68d f   libs-vc-win32:jdsample.obj
 0001:0005df46       _start_pass_dpost          0045ef46 f   libs-vc-win32:jdpostct.obj
 0001:0005dfec       _post_process_1pass        0045efec f   libs-vc-win32:jdpostct.obj
 0001:0005e051       _post_process_prepass      0045f051 f   libs-vc-win32:jdpostct.obj
 0001:0005e0e2       _post_process_2pass        0045f0e2 f   libs-vc-win32:jdpostct.obj
 0001:0005d94d       _alloc_funny_pointers      0045e94d f   libs-vc-win32:jdmainct.obj
 0001:0005d9fa       _start_pass_main           0045e9fa f   libs-vc-win32:jdmainct.obj
 0001:0005da62       _make_funny_pointers       0045ea62 f   libs-vc-win32:jdmainct.obj
 0001:0005dba2       _process_data_simple_main  0045eba2 f   libs-vc-win32:jdmainct.obj
 0001:0005dc0a       _process_data_context_main 0045ec0a f   libs-vc-win32:jdmainct.obj
 0001:0005dd1c       _set_wraparound_pointers   0045ed1c f   libs-vc-win32:jdmainct.obj
 0001:0005de06       _set_bottom_pointers       0045ee06 f   libs-vc-win32:jdmainct.obj
 0001:0005dea0       _process_data_crank_post   0045eea0 f   libs-vc-win32:jdmainct.obj
 0001:0005c676       _write_marker_header       0045d676 f   libs-vc-win32:jcmarker.obj
 0001:0005c6cc       _emit_byte                 0045d6cc f   libs-vc-win32:jcmarker.obj
 0001:0005c6fd       _write_marker_byte         0045d6fd f   libs-vc-win32:jcmarker.obj
 0001:0005c70d       _write_file_header         0045d70d f   libs-vc-win32:jcmarker.obj
 0001:0005c759       _emit_jfif_app0            0045d759 f   libs-vc-win32:jcmarker.obj
 0001:0005c82c       _emit_adobe_app14          0045d82c f   libs-vc-win32:jcmarker.obj
 0001:0005c8d2       _write_frame_header        0045d8d2 f   libs-vc-win32:jcmarker.obj
 0001:0005c9b1       _emit_dqt                  0045d9b1 f   libs-vc-win32:jcmarker.obj
 0001:0005caa0       _emit_sof                  0045daa0 f   libs-vc-win32:jcmarker.obj
 0001:0005cb7c       _write_scan_header         0045db7c f   libs-vc-win32:jcmarker.obj
 0001:0005cc3c       _emit_dht                  0045dc3c f   libs-vc-win32:jcmarker.obj
 0001:0005cd15       _emit_dri                  0045dd15 f   libs-vc-win32:jcmarker.obj
 0001:0005cd64       _emit_sos                  0045dd64 f   libs-vc-win32:jcmarker.obj
 0001:0005ce52       _write_file_trailer        0045de52 f   libs-vc-win32:jcmarker.obj
 0001:0005ce72       _write_tables_only         0045de72 f   libs-vc-win32:jcmarker.obj
 0001:0005c1cb       _use_merged_upsample       0045d1cb f   libs-vc-win32:jdmaster.obj
 0001:0005c271       _master_selection          0045d271 f   libs-vc-win32:jdmaster.obj
 0001:0005c3ce       _prepare_range_limit_table 0045d3ce f   libs-vc-win32:jdmaster.obj
 0001:0005c454       _prepare_for_output_pass   0045d454 f   libs-vc-win32:jdmaster.obj
 0001:0005c575       _finish_output_pass        0045d575 f   libs-vc-win32:jdmaster.obj
 0001:0005b642       _alloc_small               0045c642 f   libs-vc-win32:jmemmgr.obj
 0001:0005b760       _alloc_large               0045c760 f   libs-vc-win32:jmemmgr.obj
 0001:0005b811       _alloc_sarray              0045c811 f   libs-vc-win32:jmemmgr.obj
 0001:0005b8a9       _alloc_barray              0045c8a9 f   libs-vc-win32:jmemmgr.obj
 0001:0005b94d       _alloc_darray              0045c94d f   libs-vc-win32:jmemmgr.obj
 0001:0005b9f8       _request_virt_sarray       0045c9f8 f   libs-vc-win32:jmemmgr.obj
 0001:0005ba59       _request_virt_barray       0045ca59 f   libs-vc-win32:jmemmgr.obj
 0001:0005baba       _realize_virt_arrays       0045caba f   libs-vc-win32:jmemmgr.obj
 0001:0005bc3d       _access_virt_sarray        0045cc3d f   libs-vc-win32:jmemmgr.obj
 0001:0005bd5d       _do_sarray_io              0045cd5d f   libs-vc-win32:jmemmgr.obj
 0001:0005bded       _access_virt_barray        0045cded f   libs-vc-win32:jmemmgr.obj
 0001:0005bf12       _do_barray_io              0045cf12 f   libs-vc-win32:jmemmgr.obj
 0001:0005bfa3       _free_pool                 0045cfa3 f   libs-vc-win32:jmemmgr.obj
 0001:0005c08a       _self_destruct             0045d08a f   libs-vc-win32:jmemmgr.obj
 0001:0005b0dc       _start_input_pass          0045c0dc f   libs-vc-win32:jdinput.obj
 0001:0005b10a       _per_scan_setup            0045c10a f   libs-vc-win32:jdinput.obj
 0001:0005b290       _finish_input_pass         0045c290 f   libs-vc-win32:jdinput.obj
 0001:0005b2a1       _consume_markers           0045c2a1 f   libs-vc-win32:jdinput.obj
 0001:0005b33d       _initial_setup             0045c33d f   libs-vc-win32:jdinput.obj
 0001:0005b547       _reset_input_controller    0045c547 f   libs-vc-win32:jdinput.obj
 0001:0005ace1       _make_crc_table            0045bce1 f   libs-vc-win32:crc32.obj
 0001:0005ae2e       _crc32_little              0045be2e f   libs-vc-win32:crc32.obj
 0001:0005aadb       _fixedtables               0045badb f   libs-vc-win32:inflate.obj
 0001:0005abc5       _updatewindow              0045bbc5 f   libs-vc-win32:inflate.obj
 0001:00059803       _init_destination          0045a803 f   libs-vc-win32:jdatadst.obj
 0001:00059829       _empty_output_buffer       0045a829 f   libs-vc-win32:jdatadst.obj
 0001:0005986b       _term_destination          0045a86b f   libs-vc-win32:jdatadst.obj
 0001:0005938a       _std_huff_tables           0045a38a f   libs-vc-win32:jcparam.obj
 0001:000593e4       _add_huff_table            0045a3e4 f   libs-vc-win32:jcparam.obj
 0001:000578e2       _next_marker               004588e2 f   libs-vc-win32:jdmarker.obj
 0001:00057a1c       _get_interesting_appn      00458a1c f   libs-vc-win32:jdmarker.obj
 0001:00057b47       _examine_app0              00458b47 f   libs-vc-win32:jdmarker.obj
 0001:00057d55       _examine_app14             00458d55 f   libs-vc-win32:jdmarker.obj
 0001:00057e16       _skip_variable             00458e16 f   libs-vc-win32:jdmarker.obj
 0001:00057eb9       _read_markers              00458eb9 f   libs-vc-win32:jdmarker.obj
 0001:000580c1       _get_soi                   004590c1 f   libs-vc-win32:jdmarker.obj
 0001:0005816c       _get_sof                   0045916c f   libs-vc-win32:jdmarker.obj
 0001:00058475       _get_sos                   00459475 f   libs-vc-win32:jdmarker.obj
 0001:00058763       _get_dht                   00459763 f   libs-vc-win32:jdmarker.obj
 0001:00058a04       _get_dqt                   00459a04 f   libs-vc-win32:jdmarker.obj
 0001:00058c60       _get_dri                   00459c60 f   libs-vc-win32:jdmarker.obj
 0001:00058d3f       _first_marker              00459d3f f   libs-vc-win32:jdmarker.obj
 0001:00058ddb       _read_restart_marker       00459ddb f   libs-vc-win32:jdmarker.obj
 0001:00058e59       _reset_marker_reader       00459e59 f   libs-vc-win32:jdmarker.obj
 0001:000576c6       _output_pass_setup         004586c6 f   libs-vc-win32:jdapistd.obj
 0001:000573b9       _default_decompress_parms  004583b9 f   libs-vc-win32:jdapimin.obj

 299 bytes saved through ICF

